No EFI environment detected.
early console in extract_kernel
input_data: 0x0000000004b142b9
input_len: 0x00000000017c5b27
output: 0x0000000001000000
output_len: 0x0000000005266578
kernel_total_size: 0x0000000004e30000
needed_size: 0x0000000005400000
trampoline_32bit: 0x0000000000000000
Physical KASLR using RDRAND RDTSC...
Virtual KASLR using RDRAND RDTSC...

Decompressing Linux... Parsing ELF... Performing relocations... done.
Booting the kernel (entry_offset: 0x0000000000000000).
[    0.000000] Linux version 6.8.0-rc6-virtme (root@eebb18b19250) (gcc (Alpine 13.2.1_git20231014) 13.2.1 20231014, GNU ld (GNU Binutils) 2.42) #1 SMP PREEMPT_DYNAMIC Thu Mar  7 15:26:52 UTC 2024
[    0.000000] Command line: virtme_hostname=virtme-ng nr_open=1048576 virtme_link_mods=/nipa-data/kernel/.virtme_mods/lib/modules/0.0.0 virtme_initmount0=nipa-data/kernel virtme_rw_overlay0=/etc virtme_rw_overlay1=/lib virtme_rw_overlay2=/home virtme_rw_overlay3=/opt virtme_rw_overlay4=/srv virtme_rw_overlay5=/usr virtme_rw_overlay6=/var console=hvc0 earlyprintk=serial,ttyS0,115200 virtme_console=ttyS0 psmouse.proto=exps TERM=xterm virtme_chdir=nipa-data/kernel virtme_root_user=1 rootfstype=9p rootflags=version=9p2000.L,trans=virtio,access=any raid=noautodetect ro init=/usr/lib/python3.11/site-packages/virtme/guest/virtme-init
[    0.000000] BIOS-provided physical RAM map:
[    0.000000] BIOS-e820: [mem 0x0000000000000000-0x000000000009fbff] usable
[    0.000000] BIOS-e820: [mem 0x000000000009fc00-0x000000000009ffff] reserved
[    0.000000] BIOS-e820: [mem 0x00000000000f0000-0x00000000000fffff] reserved
[    0.000000] BIOS-e820: [mem 0x0000000000100000-0x000000003ffdffff] usable
[    0.000000] BIOS-e820: [mem 0x000000003ffe0000-0x000000003fffffff] reserved
[    0.000000] BIOS-e820: [mem 0x00000000feffc000-0x00000000feffffff] reserved
[    0.000000] BIOS-e820: [mem 0x00000000fffc0000-0x00000000ffffffff] reserved
[    0.000000] BIOS-e820: [mem 0x000000fd00000000-0x000000ffffffffff] reserved
[    0.000000] printk: legacy bootconsole [earlyser0] enabled
[    0.000000] NX (Execute Disable) protection: active
[    0.000000] APIC: Static calls initialized
[    0.000000] SMBIOS 3.0.0 present.
[    0.000000] DMI: QEMU Standard PC (i440FX + PIIX, 1996), BIOS rel-1.16.3-0-ga6ed6b701f0a-prebuilt.qemu.org 04/01/2014
[    0.000000] Hypervisor detected: KVM
[    0.000000] kvm-clock: Using msrs 4b564d01 and 4b564d00
[    0.000001] kvm-clock: using sched offset of 341163543 cycles
[    0.000463] clocksource: kvm-clock: mask: 0xffffffffffffffff max_cycles: 0x1cd42e4dffb, max_idle_ns: 881590591483 ns
[    0.001867] tsc: Detected 4491.556 MHz processor
[    0.002583] last_pfn = 0x3ffe0 max_arch_pfn = 0x400000000
[    0.003011] MTRR map: 4 entries (3 fixed + 1 variable; max 19), built from 8 variable MTRRs
[    0.003618] x86/PAT: Configuration [0-7]: WB  WC  UC- UC  WB  WP  UC- WT  
[    0.005669] found SMP MP-table at [mem 0x000f5470-0x000f547f]
[    0.006101] Using GB pages for direct mapping
[    0.006635] ACPI: Early table checksum verification disabled
[    0.007063] ACPI: RSDP 0x00000000000F5290 000014 (v00 BOCHS )
[    0.007482] ACPI: RSDT 0x000000003FFE27BC 000034 (v01 BOCHS  BXPC     00000001 BXPC 00000001)
[    0.008152] ACPI: FACP 0x000000003FFE2578 000074 (v01 BOCHS  BXPC     00000001 BXPC 00000001)
[    0.008775] ACPI: DSDT 0x000000003FFE0040 002538 (v01 BOCHS  BXPC     00000001 BXPC 00000001)
[    0.009401] ACPI: FACS 0x000000003FFE0000 000040
[    0.009737] ACPI: APIC 0x000000003FFE25EC 000170 (v03 BOCHS  BXPC     00000001 BXPC 00000001)
[    0.010362] ACPI: HPET 0x000000003FFE275C 000038 (v01 BOCHS  BXPC     00000001 BXPC 00000001)
[    0.010980] ACPI: WAET 0x000000003FFE2794 000028 (v01 BOCHS  BXPC     00000001 BXPC 00000001)
[    0.011599] ACPI: Reserving FACP table memory at [mem 0x3ffe2578-0x3ffe25eb]
[    0.012110] ACPI: Reserving DSDT table memory at [mem 0x3ffe0040-0x3ffe2577]
[    0.012621] ACPI: Reserving FACS table memory at [mem 0x3ffe0000-0x3ffe003f]
[    0.013132] ACPI: Reserving APIC table memory at [mem 0x3ffe25ec-0x3ffe275b]
[    0.013642] ACPI: Reserving HPET table memory at [mem 0x3ffe275c-0x3ffe2793]
[    0.014153] ACPI: Reserving WAET table memory at [mem 0x3ffe2794-0x3ffe27bb]
[    0.014866] No NUMA configuration found
[    0.015144] Faking a node at [mem 0x0000000000000000-0x000000003ffdffff]
[    0.015630] NODE_DATA(0) allocated [mem 0x3ffdb000-0x3ffdffff]
[    0.016090] Zone ranges:
[    0.016274]   DMA      [mem 0x0000000000001000-0x0000000000ffffff]
[    0.016722]   DMA32    [mem 0x0000000001000000-0x000000003ffdffff]
[    0.017170]   Normal   empty
[    0.017378]   Device   empty
[    0.017587] Movable zone start for each node
[    0.017896] Early memory node ranges
[    0.018154]   node   0: [mem 0x0000000000001000-0x000000000009efff]
[    0.018614]   node   0: [mem 0x0000000000100000-0x000000003ffdffff]
[    0.019066] Initmem setup node 0 [mem 0x0000000000001000-0x000000003ffdffff]
[    0.019580] On node 0, zone DMA: 1 pages in unavailable ranges
[    0.020057] On node 0, zone DMA: 97 pages in unavailable ranges
[    0.024629] On node 0, zone DMA32: 32 pages in unavailable ranges
[    0.033933] kasan: KernelAddressSanitizer initialized
[    0.034532] ACPI: PM-Timer IO Port: 0x608
[    0.034830] ACPI: LAPIC_NMI (acpi_id[0xff] dfl dfl lint[0x1])
[    0.035270] IOAPIC[0]: apic_id 0, version 17, address 0xfec00000, GSI 0-23
[    0.035770] ACPI: INT_SRC_OVR (bus 0 bus_irq 0 global_irq 2 dfl dfl)
[    0.036233] ACPI: INT_SRC_OVR (bus 0 bus_irq 5 global_irq 5 high level)
[    0.036714] ACPI: INT_SRC_OVR (bus 0 bus_irq 9 global_irq 9 high level)
[    0.037194] ACPI: INT_SRC_OVR (bus 0 bus_irq 10 global_irq 10 high level)
[    0.037687] ACPI: INT_SRC_OVR (bus 0 bus_irq 11 global_irq 11 high level)
[    0.038186] ACPI: Using ACPI (MADT) for SMP configuration information
[    0.038654] ACPI: HPET id: 0x8086a201 base: 0xfed00000
[    0.039028] TSC deadline timer available
[    0.039312] smpboot: Allowing 32 CPUs, 0 hotplug CPUs
[    0.039691] kvm-guest: APIC: eoi() replaced with kvm_guest_apic_eoi_write()
[    0.040208] kvm-guest: KVM setup pv remote TLB flush
[    0.040569] kvm-guest: setup PV sched yield
[    0.040877] PM: hibernation: Registered nosave memory: [mem 0x00000000-0x00000fff]
[    0.041425] PM: hibernation: Registered nosave memory: [mem 0x0009f000-0x0009ffff]
[    0.041973] PM: hibernation: Registered nosave memory: [mem 0x000a0000-0x000effff]
[    0.042527] PM: hibernation: Registered nosave memory: [mem 0x000f0000-0x000fffff]
[    0.043075] [mem 0x40000000-0xfeffbfff] available for PCI devices
[    0.043516] Booting paravirtualized kernel on KVM
[    0.043857] clocksource: refined-jiffies: mask: 0xffffffff max_cycles: 0xffffffff, max_idle_ns: 1910969940391419 ns
[    0.052481] setup_percpu: NR_CPUS:64 nr_cpumask_bits:32 nr_cpu_ids:32 nr_node_ids:1
[    0.054268] percpu: Embedded 68 pages/cpu s241448 r8192 d28888 u524288
[    0.054803] Kernel command line: virtme_hostname=virtme-ng nr_open=1048576 virtme_link_mods=/nipa-data/kernel/.virtme_mods/lib/modules/0.0.0 virtme_initmount0=nipa-data/kernel virtme_rw_overlay0=/etc virtme_rw_overlay1=/lib virtme_rw_overlay2=/home virtme_rw_overlay3=/opt virtme_rw_overlay4=/srv virtme_rw_overlay5=/usr virtme_rw_overlay6=/var console=hvc0 earlyprintk=serial,ttyS0,115200 virtme_console=ttyS0 psmouse.proto=exps TERM=xterm virtme_chdir=nipa-data/kernel virtme_root_user=1 rootfstype=9p rootflags=version=9p2000.L,trans=virtio,access=any raid=noautodetect ro init=/usr/lib/python3.11/site-packages/virtme/guest/virtme-init
[    0.059108] Unknown kernel command line parameters "virtme_hostname=virtme-ng nr_open=1048576 virtme_link_mods=/nipa-data/kernel/.virtme_mods/lib/modules/0.0.0 virtme_initmount0=nipa-data/kernel virtme_rw_overlay0=/etc virtme_rw_overlay1=/lib virtme_rw_overlay2=/home virtme_rw_overlay3=/opt virtme_rw_overlay4=/srv virtme_rw_overlay5=/usr virtme_rw_overlay6=/var virtme_console=ttyS0 virtme_chdir=nipa-data/kernel virtme_root_user=1", will be passed to user space.
[    0.062360] random: crng init done
[    0.062724] Dentry cache hash table entries: 131072 (order: 8, 1048576 bytes, linear)
[    0.063320] Inode-cache hash table entries: 65536 (order: 7, 524288 bytes, linear)
[    0.064305] Fallback order for Node 0: 0 
[    0.064310] Built 1 zonelists, mobility grouping on.  Total pages: 257760
[    0.065119] Policy zone: DMA32
[    0.065347] mem auto-init: stack:all(zero), heap alloc:off, heap free:off
[    0.065853] stackdepot: allocating hash table via alloc_large_system_hash
[    0.066366] stackdepot hash table entries: 1048576 (order: 12, 16777216 bytes, linear)
[    0.074250] Memory: 781280K/1048056K available (43008K kernel code, 11338K rwdata, 9576K rodata, 5740K init, 2416K bss, 266520K reserved, 0K cma-reserved)
[    0.075457] SLUB: HWalign=64, Order=0-3, MinObjects=0, CPUs=32, Nodes=1
Poking KASLR using RDRAND RDTSC...
[    0.076214] ftrace: allocating 46511 entries in 182 pages
[    0.084594] ftrace: allocated 182 pages with 5 groups
[    0.085805] Dynamic Preempt: voluntary
[    0.086425] rcu: Preemptible hierarchical RCU implementation.
[    0.086855] rcu: RCU event tracing is enabled.
[    0.087194] rcu: RCU restricting CPUs from NR_CPUS=64 to nr_cpu_ids=32.
[    0.087696] Trampoline variant of Tasks RCU enabled.
[    0.088074] Rude variant of Tasks RCU enabled.
[    0.088411] Tracing variant of Tasks RCU enabled.
[    0.088768] rcu: RCU calculated value of scheduler-enlistment delay is 100 jiffies.
[    0.089339] rcu: Adjusting geometry for rcu_fanout_leaf=16, nr_cpu_ids=32
[    0.097826] NR_IRQS: 4352, nr_irqs: 680, preallocated irqs: 16
[    0.098504] rcu: srcu_init: Setting srcu_struct sizes based on contention.
[    0.099216] Console: colour *CGA 80x25
[    0.099519] ACPI: Core revision 20230628
[    0.099962] clocksource: hpet: mask: 0xffffffff max_cycles: 0xffffffff, max_idle_ns: 19112604467 ns
[    0.100700] APIC: Switch to symmetric I/O mode setup
[    0.101082] APIC: Switched APIC routing to: physical flat
[    0.101483] kvm-guest: APIC: send_IPI_mask() replaced with kvm_send_ipi_mask()
[    0.102010] kvm-guest: APIC: send_IPI_mask_allbutself() replaced with kvm_send_ipi_mask_allbutself()
[    0.102719] kvm-guest: setup PV IPIs
[    0.103852] ..TIMER: vector=0x30 apic1=0 pin1=2 apic2=-1 pin2=-1
[    0.104644] tsc: Marking TSC unstable due to TSCs unsynchronized
[    0.105445] Calibrating delay loop (skipped) preset value.. 8983.11 BogoMIPS (lpj=4491556)
[    0.106501] x86/cpu: User Mode Instruction Prevention (UMIP) activated
[    0.107499] Last level iTLB entries: 4KB 512, 2MB 255, 4MB 127
[    0.108441] Last level dTLB entries: 4KB 512, 2MB 255, 4MB 127, 1GB 0
[    0.109444] Spectre V1 : Mitigation: usercopy/swapgs barriers and __user pointer sanitization
[    0.110446] Spectre V2 : Mitigation: Enhanced / Automatic IBRS
[    0.111441] Spectre V2 : Spectre v2 / SpectreRSB mitigation: Filling RSB on context switch
[    0.112443] Spectre V2 : mitigation: Enabling conditional Indirect Branch Prediction Barrier
[    0.113443] Speculative Store Bypass: Mitigation: Speculative Store Bypass disabled via prctl
[    0.114441] Speculative Return Stack Overflow: IBPB-extending microcode not applied!
[    0.115441] Speculative Return Stack Overflow: WARNING: See https://kernel.org/doc/html/latest/admin-guide/hw-vuln/srso.html for mitigation options.
[    0.115442] Speculative Return Stack Overflow: Vulnerable: Safe RET, no microcode
[    0.117456] x86/fpu: Supporting XSAVE feature 0x001: 'x87 floating point registers'
[    0.118441] x86/fpu: Supporting XSAVE feature 0x002: 'SSE registers'
[    0.119441] x86/fpu: Supporting XSAVE feature 0x004: 'AVX registers'
[    0.120441] x86/fpu: Supporting XSAVE feature 0x020: 'AVX-512 opmask'
[    0.121255] x86/fpu: Supporting XSAVE feature 0x040: 'AVX-512 Hi256'
[    0.121441] x86/fpu: Supporting XSAVE feature 0x080: 'AVX-512 ZMM_Hi256'
[    0.122441] x86/fpu: Supporting XSAVE feature 0x200: 'Protection Keys User registers'
[    0.123441] x86/fpu: xstate_offset[2]:  576, xstate_sizes[2]:  256
[    0.124441] x86/fpu: xstate_offset[5]:  832, xstate_sizes[5]:   64
[    0.125441] x86/fpu: xstate_offset[6]:  896, xstate_sizes[6]:  512
[    0.126226] x86/fpu: xstate_offset[7]: 1408, xstate_sizes[7]: 1024
[    0.126441] x86/fpu: xstate_offset[9]: 2432, xstate_sizes[9]:    8
[    0.127441] x86/fpu: Enabled xstate features 0x2e7, context size is 2440 bytes, using 'compacted' format.
[    0.149612] Freeing SMP alternatives memory: 36K
[    0.150211] pid_max: default: 32768 minimum: 301
[    0.150584] Mount-cache hash table entries: 2048 (order: 2, 16384 bytes, linear)
[    0.151442] Mountpoint-cache hash table entries: 2048 (order: 2, 16384 bytes, linear)
[    0.153565] smpboot: CPU0: AMD Ryzen 9 7950X 16-Core Processor (family: 0x19, model: 0x61, stepping: 0x2)
[    0.154759] RCU Tasks: Setting shift to 5 and lim to 1 rcu_task_cb_adjust=1.
[    0.155465] RCU Tasks Rude: Setting shift to 5 and lim to 1 rcu_task_cb_adjust=1.
[    0.156453] RCU Tasks Trace: Setting shift to 5 and lim to 1 rcu_task_cb_adjust=1.
[    0.157456] Performance Events: Fam17h+ core perfctr, AMD PMU driver.
[    0.158321] ... version:                0
[    0.158443] ... bit width:              48
[    0.158968] ... generic registers:      6
[    0.159443] ... value mask:             0000ffffffffffff
[    0.160122] ... max period:             00007fffffffffff
[    0.160442] ... fixed-purpose events:   0
[    0.160956] ... event mask:             000000000000003f
[    0.161541] signal: max sigframe size: 3376
[    0.162122] rcu: Hierarchical SRCU implementation.
[    0.162443] rcu: Max phase no-delay instances is 400.
[    0.167209] smp: Bringing up secondary CPUs ...
[    0.167623] smpboot: x86: Booting SMP configuration:
[    0.168266] .... node  #0, CPUs:        #1  #2  #3  #4  #5  #6  #7  #8  #9 #10 #11 #12 #13 #14 #15 #16 #17 #18 #19 #20 #21 #22 #23 #24 #25 #26 #27 #28 #29 #30 #31
[    0.189582] smp: Brought up 1 node, 32 CPUs
[    0.190979] smpboot: Max logical packages: 1
[    0.191443] smpboot: Total of 32 processors activated (287459.58 BogoMIPS)
[    0.196622] devtmpfs: initialized
[    0.197570] x86/mm: Memory block size: 128MB
[    0.204636] clocksource: jiffies: mask: 0xffffffff max_cycles: 0xffffffff, max_idle_ns: 1911260446275000 ns
[    0.205447] futex hash table entries: 8192 (order: 7, 524288 bytes, linear)
[    0.206662] PM: RTC time: 15:27:27, date: 2024-03-07
[    0.208103] NET: Registered PF_NETLINK/PF_ROUTE protocol family
[    0.209230] thermal_sys: Registered thermal governor 'step_wise'
[    0.209232] thermal_sys: Registered thermal governor 'user_space'
[    0.209501] cpuidle: using governor menu
[    0.211953] PCI: Using configuration type 1 for base access
[    0.212443] PCI: Using configuration type 1 for extended access
[    0.213335] kprobes: kprobe jump-optimization is enabled. All kprobes are optimized if possible.
[    0.226142] HugeTLB: registered 1.00 GiB page size, pre-allocated 0 pages
[    0.227443] HugeTLB: 16380 KiB vmemmap can be freed for a 1.00 GiB page
[    0.228300] HugeTLB: registered 2.00 MiB page size, pre-allocated 0 pages
[    0.228442] HugeTLB: 28 KiB vmemmap can be freed for a 2.00 MiB page
[    0.230766] ACPI: Added _OSI(Module Device)
[    0.230766] ACPI: Added _OSI(Processor Device)
[    0.231002] ACPI: Added _OSI(3.0 _SCP Extensions)
[    0.232443] ACPI: Added _OSI(Processor Aggregator Device)
[    0.256671] ACPI: 1 ACPI AML tables successfully acquired and loaded
[    0.259619] ACPI: _OSC evaluation for CPUs failed, trying _PDC
[    0.262715] ACPI: Interpreter enabled
[    0.263252] ACPI: PM: (supports S0 S3 S4 S5)
[    0.263445] ACPI: Using IOAPIC for interrupt routing
[    0.264142] PCI: Using host bridge windows from ACPI; if necessary, use "pci=nocrs" and report a bug
[    0.265443] PCI: Using E820 reservations for host bridge windows
[    0.267310] ACPI: Enabled 2 GPEs in block 00 to 0F
[    0.314820] ACPI: PCI Root Bridge [PCI0] (domain 0000 [bus 00-ff])
[    0.316457] acpi PNP0A03:00: _OSC: OS supports [ExtendedConfig ASPM ClockPM Segments MSI HPX-Type3]
[    0.317954] PCI host bridge to bus 0000:00
[    0.318446] pci_bus 0000:00: root bus resource [io  0x0000-0x0cf7 window]
[    0.319315] pci_bus 0000:00: root bus resource [io  0x0d00-0xffff window]
[    0.320445] pci_bus 0000:00: root bus resource [mem 0x000a0000-0x000bffff window]
[    0.321398] pci_bus 0000:00: root bus resource [mem 0x40000000-0xfebfffff window]
[    0.321445] pci_bus 0000:00: root bus resource [mem 0x100000000-0x17fffffff window]
[    0.322410] pci_bus 0000:00: root bus resource [bus 00-ff]
[    0.323588] pci 0000:00:00.0: [8086:1237] type 00 class 0x060000 conventional PCI endpoint
[    0.325309] pci 0000:00:01.0: [8086:7000] type 00 class 0x060100 conventional PCI endpoint
[    0.327352] pci 0000:00:01.1: [8086:7010] type 00 class 0x010180 conventional PCI endpoint
[    0.331443] pci 0000:00:01.1: BAR 4 [io  0xc0c0-0xc0cf]
[    0.332923] pci 0000:00:01.1: BAR 0 [io  0x01f0-0x01f7]: legacy IDE quirk
[    0.333443] pci 0000:00:01.1: BAR 1 [io  0x03f6]: legacy IDE quirk
[    0.334228] pci 0000:00:01.1: BAR 2 [io  0x0170-0x0177]: legacy IDE quirk
[    0.335443] pci 0000:00:01.1: BAR 3 [io  0x0376]: legacy IDE quirk
[    0.336925] pci 0000:00:01.3: [8086:7113] type 00 class 0x068000 conventional PCI endpoint
[    0.337705] pci 0000:00:01.3: quirk: [io  0x0600-0x063f] claimed by PIIX4 ACPI
[    0.339182] pci 0000:00:01.3: quirk: [io  0x0700-0x070f] claimed by PIIX4 SMB
[    0.341178] pci 0000:00:02.0: [1af4:1009] type 00 class 0x000200 conventional PCI endpoint
[    0.343444] pci 0000:00:02.0: BAR 0 [io  0xc000-0xc03f]
[    0.346089] pci 0000:00:02.0: BAR 1 [mem 0xfebfc000-0xfebfcfff]
[    0.350443] pci 0000:00:02.0: BAR 4 [mem 0xfebf0000-0xfebf3fff 64bit pref]
[    0.364955] pci 0000:00:03.0: [1af4:1009] type 00 class 0x000200 conventional PCI endpoint
[    0.367443] pci 0000:00:03.0: BAR 0 [io  0xc040-0xc07f]
[    0.369097] pci 0000:00:03.0: BAR 1 [mem 0xfebfd000-0xfebfdfff]
[    0.375101] pci 0000:00:03.0: BAR 4 [mem 0xfebf4000-0xfebf7fff 64bit pref]
[    0.387912] pci 0000:00:04.0: [8086:25ab] type 00 class 0x088000 conventional PCI endpoint
[    0.389787] pci 0000:00:04.0: BAR 0 [mem 0xfebfe000-0xfebfe00f]
[    0.404282] pci 0000:00:05.0: [1af4:1003] type 00 class 0x078000 conventional PCI endpoint
[    0.406443] pci 0000:00:05.0: BAR 0 [io  0xc080-0xc0bf]
[    0.409103] pci 0000:00:05.0: BAR 1 [mem 0xfebff000-0xfebfffff]
[    0.413443] pci 0000:00:05.0: BAR 4 [mem 0xfebf8000-0xfebfbfff 64bit pref]
[    0.431181] ACPI: PCI: Interrupt link LNKA configured for IRQ 10
[    0.432394] ACPI: PCI: Interrupt link LNKB configured for IRQ 10
[    0.434376] ACPI: PCI: Interrupt link LNKC configured for IRQ 11
[    0.436377] ACPI: PCI: Interrupt link LNKD configured for IRQ 11
[    0.436835] ACPI: PCI: Interrupt link LNKS configured for IRQ 9
[    0.457013] iommu: Default domain type: Translated
[    0.457443] iommu: DMA domain TLB invalidation policy: lazy mode
[    0.458681] SCSI subsystem initialized
[    0.459531] pps_core: LinuxPPS API ver. 1 registered
[    0.460171] pps_core: Software ver. 5.3.6 - Copyright 2005-2007 Rodolfo Giometti <giometti@linux.it>
[    0.461458] PTP clock support registered
[    0.462050] Advanced Linux Sound Architecture Driver Initialized.
[    0.463671] NET: Registered PF_ATMPVC protocol family
[    0.464326] NET: Registered PF_ATMSVC protocol family
[    0.465467] PCI: Using ACPI for IRQ routing
[    0.466494] vgaarb: loaded
[    0.466570] hpet0: at MMIO 0xfed00000, IRQs 2, 8, 0
[    0.467203] hpet0: 3 comparators, 64-bit 100.000000 MHz counter
[    0.473387] clocksource: Switched to clocksource kvm-clock
[    0.474686] VFS: Disk quotas dquot_6.6.0
[    0.475206] VFS: Dquot-cache hash table entries: 512 (order 0, 4096 bytes)
[    0.476289] pnp: PnP ACPI init
[    0.482795] pnp: PnP ACPI: found 5 devices
[    0.495376] clocksource: acpi_pm: mask: 0xffffff max_cycles: 0xffffff, max_idle_ns: 2085701024 ns
[    0.496599] NET: Registered PF_INET protocol family
[    0.497267] IP idents hash table entries: 16384 (order: 5, 131072 bytes, linear)
[    0.498607] tcp_listen_portaddr_hash hash table entries: 512 (order: 1, 8192 bytes, linear)
[    0.499683] Table-perturb hash table entries: 65536 (order: 6, 262144 bytes, linear)
[    0.500684] TCP established hash table entries: 8192 (order: 4, 65536 bytes, linear)
[    0.501672] TCP bind hash table entries: 8192 (order: 6, 262144 bytes, linear)
[    0.502677] TCP: Hash tables configured (established 8192 bind 8192)
[    0.503651] UDP hash table entries: 512 (order: 2, 16384 bytes, linear)
[    0.504544] UDP-Lite hash table entries: 512 (order: 2, 16384 bytes, linear)
[    0.505662] NET: Registered PF_UNIX/PF_LOCAL protocol family
[    0.506396] pci_bus 0000:00: resource 4 [io  0x0000-0x0cf7 window]
[    0.507180] pci_bus 0000:00: resource 5 [io  0x0d00-0xffff window]
[    0.507966] pci_bus 0000:00: resource 6 [mem 0x000a0000-0x000bffff window]
[    0.508836] pci_bus 0000:00: resource 7 [mem 0x40000000-0xfebfffff window]
[    0.509705] pci_bus 0000:00: resource 8 [mem 0x100000000-0x17fffffff window]
[    0.510805] pci 0000:00:01.0: PIIX3: Enabling Passive Release
[    0.511542] pci 0000:00:00.0: Limiting direct PCI/PCI transfers
[    0.512332] PCI: CLS 0 bytes, default 64
[    0.512888] kvm_intel: VMX not supported by CPU 24
[    0.513536] kvm_amd: TSC scaling supported
[    0.514055] kvm_amd: Nested Virtualization enabled
[    0.514664] kvm_amd: Nested Paging enabled
[    0.515200] kvm_amd: Virtual VMLOAD VMSAVE supported
[    0.515836] kvm_amd: Virtual GIF supported
[    0.516351] kvm_amd: Virtual NMI enabled
[    0.516850] kvm_amd: LBR virtualization supported
[    0.619568] workingset: timestamp_bits=56 max_order=18 bucket_order=0
[    0.620547] squashfs: version 4.0 (2009/01/31) Phillip Lougher
[    0.621309] fuse: init (API version 7.39)
[    0.621966] 9p: Installing v9fs 9p2000 file system support
[    0.622786] Key type asymmetric registered
[    0.623356] Block layer SCSI generic (bsg) driver version 0.4 loaded (major 249)
[    0.624335] io scheduler mq-deadline registered
[    0.624917] io scheduler kyber registered
[    0.626798] input: Power Button as /devices/LNXSYSTM:00/LNXPWRBN:00/input/input0
[    0.628012] ACPI: button: Power Button [PWRF]
[    0.628706] Warning: Processor Platform Limit event detected, but not handled.
[    0.629627] Consider compiling CPUfreq support into your kernel.
[    1.471294] ACPI: \_SB_.LNKB: Enabled at IRQ 10
[    2.329164] ACPI: \_SB_.LNKC: Enabled at IRQ 11
[    3.176101] ACPI: \_SB_.LNKA: Enabled at IRQ 10
[    3.177654] Serial: 8250/16550 driver, 4 ports, IRQ sharing enabled
[    3.178810] 00:03: ttyS0 at I/O 0x3f8 (irq = 4, base_baud = 115200) is a 16550A
[    3.217597] Non-volatile memory driver v1.3
[    3.218159] Linux agpgart interface v0.103
[    3.218782] printk: legacy console [hvc0] enabled
[    3.218907] ACPI: bus type drm_connector registered
[    3.219460] printk: legacy bootconsole [earlyser0] disabled
          _      _                                    
   __   _(_)_ __| |_ _ __ ___   ___       _ __   __ _ 
   \ \ / / |  __| __|  _   _ \ / _ \_____|  _ \ / _  |
    \ V /| | |  | |_| | | | | |  __/_____| | | | (_| |
     \_/ |_|_|   \__|_| |_| |_|\___|     |_| |_|\__  |
                                                |___/ 
   kernel version: 6.8.0-rc6-virtme x86_64
   (CTRL+d to exit)

virtme-ng:/nipa-data/kernel# PS1='xx__-> '
xx__-> env
PWD=/nipa-data/kernel
nr_open=1048576
HOME=/
TERM=xterm
SHLVL=2
XDG_RUNTIME_DIR=/run/user/0
PATH=/bin:/sbin:/usr/bin:/usr/sbin:/usr/local/bin
OLDPWD=/
_=/usr/bin/env
xx__-> 