No EFI environment detected.
early console in extract_kernel
input_data: 0x000000000513e2b9
input_len: 0x00000000018a4f2d
output: 0x0000000001000000
output_len: 0x00000000053fa290
kernel_total_size: 0x0000000005a30000
needed_size: 0x0000000005c00000
trampoline_32bit: 0x0000000000000000
Physical KASLR using RDRAND RDTSC...
Virtual KASLR using RDRAND RDTSC...

Decompressing Linux... Parsing ELF... Performing relocations... done.
Booting the kernel (entry_offset: 0x0000000000000000).
[    0.000000] Linux version 6.8.0-rc3-virtme (root@c101573484f5) (gcc (Alpine 13.2.1_git20231014) 13.2.1 20231014, GNU ld (GNU Binutils) 2.41) #1 SMP PREEMPT_DYNAMIC Thu Feb 15 18:26:39 UTC 2024
[    0.000000] Command line: virtme_hostname=virtme-ng virtme_link_mods=/nipa-data/kernel/.virtme_mods/lib/modules/0.0.0 virtme_initmount0=nipa-data/kernel virtme_rw_overlay0=/etc virtme_rw_overlay1=/lib virtme_rw_overlay2=/home virtme_rw_overlay3=/opt virtme_rw_overlay4=/srv virtme_rw_overlay5=/usr virtme_rw_overlay6=/var earlyprintk=serial,ttyS0,115200 console=ttyS0 psmouse.proto=exps TERM=xterm virtme_chdir=nipa-data/kernel virtme_root_user=1 rootfstype=9p rootflags=version=9p2000.L,trans=virtio,access=any raid=noautodetect ro init=/usr/lib/python3.11/site-packages/virtme/guest/virtme-init
[    0.000000] BIOS-provided physical RAM map:
[    0.000000] BIOS-e820: [mem 0x0000000000000000-0x000000000009fbff] usable
[    0.000000] BIOS-e820: [mem 0x000000000009fc00-0x000000000009ffff] reserved
[    0.000000] BIOS-e820: [mem 0x00000000000f0000-0x00000000000fffff] reserved
[    0.000000] BIOS-e820: [mem 0x0000000000100000-0x000000003ffdffff] usable
[    0.000000] BIOS-e820: [mem 0x000000003ffe0000-0x000000003fffffff] reserved
[    0.000000] BIOS-e820: [mem 0x00000000feffc000-0x00000000feffffff] reserved
[    0.000000] BIOS-e820: [mem 0x00000000fffc0000-0x00000000ffffffff] reserved
[    0.000000] BIOS-e820: [mem 0x000000fd00000000-0x000000ffffffffff] reserved
[    0.000000] printk: legacy bootconsole [earlyser0] enabled
[    0.000000] NX (Execute Disable) protection: active
[    0.000000] APIC: Static calls initialized
[    0.000000] SMBIOS 3.0.0 present.
[    0.000000] DMI: QEMU Standard PC (i440FX + PIIX, 1996), BIOS rel-1.16.3-0-ga6ed6b701f0a-prebuilt.qemu.org 04/01/2014
[    0.000000] Hypervisor detected: KVM
[    0.000000] kvm-clock: Using msrs 4b564d01 and 4b564d00
[    0.000001] kvm-clock: using sched offset of 355101355 cycles
[    0.000393] clocksource: kvm-clock: mask: 0xffffffffffffffff max_cycles: 0x1cd42e4dffb, max_idle_ns: 881590591483 ns
[    0.001607] tsc: Detected 4491.536 MHz processor
[    0.002335] last_pfn = 0x3ffe0 max_arch_pfn = 0x400000000
[    0.002766] MTRR map: 4 entries (3 fixed + 1 variable; max 19), built from 8 variable MTRRs
[    0.003399] x86/PAT: Configuration [0-7]: WB  WC  UC- UC  WB  WP  UC- WT  
[    0.005461] found SMP MP-table at [mem 0x000f5470-0x000f547f]
[    0.005899] Using GB pages for direct mapping
[    0.006506] ACPI: Early table checksum verification disabled
[    0.006931] ACPI: RSDP 0x00000000000F5290 000014 (v00 BOCHS )
[    0.007364] ACPI: RSDT 0x000000003FFE27B6 000034 (v01 BOCHS  BXPC     00000001 BXPC 00000001)
[    0.008010] ACPI: FACP 0x000000003FFE2572 000074 (v01 BOCHS  BXPC     00000001 BXPC 00000001)
[    0.008654] ACPI: DSDT 0x000000003FFE0040 002532 (v01 BOCHS  BXPC     00000001 BXPC 00000001)
[    0.009297] ACPI: FACS 0x000000003FFE0000 000040
[    0.009645] ACPI: APIC 0x000000003FFE25E6 000170 (v03 BOCHS  BXPC     00000001 BXPC 00000001)
[    0.010286] ACPI: HPET 0x000000003FFE2756 000038 (v01 BOCHS  BXPC     00000001 BXPC 00000001)
[    0.010926] ACPI: WAET 0x000000003FFE278E 000028 (v01 BOCHS  BXPC     00000001 BXPC 00000001)
[    0.011567] ACPI: Reserving FACP table memory at [mem 0x3ffe2572-0x3ffe25e5]
[    0.012099] ACPI: Reserving DSDT table memory at [mem 0x3ffe0040-0x3ffe2571]
[    0.012630] ACPI: Reserving FACS table memory at [mem 0x3ffe0000-0x3ffe003f]
[    0.013161] ACPI: Reserving APIC table memory at [mem 0x3ffe25e6-0x3ffe2755]
[    0.013690] ACPI: Reserving HPET table memory at [mem 0x3ffe2756-0x3ffe278d]
[    0.014225] ACPI: Reserving WAET table memory at [mem 0x3ffe278e-0x3ffe27b5]
[    0.014959] No NUMA configuration found
[    0.015246] Faking a node at [mem 0x0000000000000000-0x000000003ffdffff]
[    0.015748] NODE_DATA(0) allocated [mem 0x3ffdb000-0x3ffdffff]
[    0.016207] Zone ranges:
[    0.016398]   DMA      [mem 0x0000000000001000-0x0000000000ffffff]
[    0.016862]   DMA32    [mem 0x0000000001000000-0x000000003ffdffff]
[    0.017325]   Normal   empty
[    0.017543]   Device   empty
[    0.017760] Movable zone start for each node
[    0.018079] Early memory node ranges
[    0.018346]   node   0: [mem 0x0000000000001000-0x000000000009efff]
[    0.018817]   node   0: [mem 0x0000000000100000-0x000000003ffdffff]
[    0.019287] Initmem setup node 0 [mem 0x0000000000001000-0x000000003ffdffff]
[    0.019819] On node 0, zone DMA: 1 pages in unavailable ranges
[    0.020333] On node 0, zone DMA: 97 pages in unavailable ranges
[    0.025100] On node 0, zone DMA32: 32 pages in unavailable ranges
[    0.034774] kasan: KernelAddressSanitizer initialized
[    0.035383] ACPI: PM-Timer IO Port: 0x608
[    0.035693] ACPI: LAPIC_NMI (acpi_id[0xff] dfl dfl lint[0x1])
[    0.036161] IOAPIC[0]: apic_id 0, version 17, address 0xfec00000, GSI 0-23
[    0.036680] ACPI: INT_SRC_OVR (bus 0 bus_irq 0 global_irq 2 dfl dfl)
[    0.037162] ACPI: INT_SRC_OVR (bus 0 bus_irq 5 global_irq 5 high level)
[    0.037659] ACPI: INT_SRC_OVR (bus 0 bus_irq 9 global_irq 9 high level)
[    0.038163] ACPI: INT_SRC_OVR (bus 0 bus_irq 10 global_irq 10 high level)
[    0.038682] ACPI: INT_SRC_OVR (bus 0 bus_irq 11 global_irq 11 high level)
[    0.039199] ACPI: Using ACPI (MADT) for SMP configuration information
[    0.039683] ACPI: HPET id: 0x8086a201 base: 0xfed00000
[    0.040074] TSC deadline timer available
[    0.040368] smpboot: Allowing 32 CPUs, 0 hotplug CPUs
[    0.040772] kvm-guest: APIC: eoi() replaced with kvm_guest_apic_eoi_write()
[    0.041307] kvm-guest: KVM setup pv remote TLB flush
[    0.041681] kvm-guest: setup PV sched yield
[    0.042005] PM: hibernation: Registered nosave memory: [mem 0x00000000-0x00000fff]
[    0.042578] PM: hibernation: Registered nosave memory: [mem 0x0009f000-0x0009ffff]
[    0.043148] PM: hibernation: Registered nosave memory: [mem 0x000a0000-0x000effff]
[    0.043713] PM: hibernation: Registered nosave memory: [mem 0x000f0000-0x000fffff]
[    0.044284] [mem 0x40000000-0xfeffbfff] available for PCI devices
[    0.044743] Booting paravirtualized kernel on KVM
[    0.045098] clocksource: refined-jiffies: mask: 0xffffffff max_cycles: 0xffffffff, max_idle_ns: 1910969940391419 ns
[    0.054052] setup_percpu: NR_CPUS:64 nr_cpumask_bits:32 nr_cpu_ids:32 nr_node_ids:1
[    0.055922] percpu: Embedded 70 pages/cpu s249696 r8192 d28832 u524288
[    0.056496] Kernel command line: virtme_hostname=virtme-ng virtme_link_mods=/nipa-data/kernel/.virtme_mods/lib/modules/0.0.0 virtme_initmount0=nipa-data/kernel virtme_rw_overlay0=/etc virtme_rw_overlay1=/lib virtme_rw_overlay2=/home virtme_rw_overlay3=/opt virtme_rw_overlay4=/srv virtme_rw_overlay5=/usr virtme_rw_overlay6=/var earlyprintk=serial,ttyS0,115200 console=ttyS0 psmouse.proto=exps TERM=xterm virtme_chdir=nipa-data/kernel virtme_root_user=1 rootfstype=9p rootflags=version=9p2000.L,trans=virtio,access=any raid=noautodetect ro init=/usr/lib/python3.11/site-packages/virtme/guest/virtme-init
[    0.060693] Unknown kernel command line parameters "virtme_hostname=virtme-ng virtme_link_mods=/nipa-data/kernel/.virtme_mods/lib/modules/0.0.0 virtme_initmount0=nipa-data/kernel virtme_rw_overlay0=/etc virtme_rw_overlay1=/lib virtme_rw_overlay2=/home virtme_rw_overlay3=/opt virtme_rw_overlay4=/srv virtme_rw_overlay5=/usr virtme_rw_overlay6=/var virtme_chdir=nipa-data/kernel virtme_root_user=1", will be passed to user space.
[    0.063811] random: crng init done
[    0.064186] Dentry cache hash table entries: 131072 (order: 8, 1048576 bytes, linear)
[    0.064814] Inode-cache hash table entries: 65536 (order: 7, 524288 bytes, linear)
[    0.065804] Fallback order for Node 0: 0 
[    0.065811] Built 1 zonelists, mobility grouping on.  Total pages: 257760
[    0.066646] Policy zone: DMA32
[    0.066884] mem auto-init: stack:all(zero), heap alloc:off, heap free:off
[    0.067409] stackdepot: allocating hash table via alloc_large_system_hash
[    0.067937] stackdepot hash table entries: 1048576 (order: 12, 16777216 bytes, linear)
[    0.082653] Memory: 767236K/1048056K available (43008K kernel code, 12322K rwdata, 10088K rodata, 5936K init, 13344K bss, 280564K reserved, 0K cma-reserved)
[    0.083981] SLUB: HWalign=64, Order=0-3, MinObjects=0, CPUs=32, Nodes=1
Poking KASLR using RDRAND RDTSC...
[    0.084819] ftrace: allocating 46737 entries in 183 pages
[    0.093565] ftrace: allocated 183 pages with 6 groups
[    0.095224] Dynamic Preempt: voluntary
[    0.096032] Running RCU self tests
[    0.096296] Running RCU synchronous self tests
[    0.096654] rcu: Preemptible hierarchical RCU implementation.
[    0.097097] rcu: RCU event tracing is enabled.
[    0.097451] rcu: RCU lockdep checking is enabled.
[    0.097820] rcu: RCU restricting CPUs from NR_CPUS=64 to nr_cpu_ids=32.
[    0.098341] Trampoline variant of Tasks RCU enabled.
[    0.098730] Rude variant of Tasks RCU enabled.
[    0.099079] Tracing variant of Tasks RCU enabled.
[    0.099454] rcu: RCU calculated value of scheduler-enlistment delay is 100 jiffies.
[    0.100047] rcu: Adjusting geometry for rcu_fanout_leaf=16, nr_cpu_ids=32
[    0.100679] Running RCU synchronous self tests
[    0.110061] NR_IRQS: 4352, nr_irqs: 680, preallocated irqs: 16
[    0.110830] rcu: srcu_init: Setting srcu_struct sizes based on contention.
[    0.111707] Console: colour *CGA 80x25
[    0.112048] printk: legacy console [ttyS0] enabled
[    0.112048] printk: legacy console [ttyS0] enabled
[    0.112792] printk: legacy bootconsole [earlyser0] disabled
[    0.112792] printk: legacy bootconsole [earlyser0] disabled
[    0.113665] Lock dependency validator: Copyright (c) 2006 Red Hat, Inc., Ingo Molnar
[    0.114264] ... MAX_LOCKDEP_SUBCLASSES:  8
[    0.114585] ... MAX_LOCK_DEPTH:          48
[    0.114912] ... MAX_LOCKDEP_KEYS:        8192
[    0.115253] ... CLASSHASH_SIZE:          4096
[    0.115594] ... MAX_LOCKDEP_ENTRIES:     32768
[    0.115944] ... MAX_LOCKDEP_CHAINS:      65536
[    0.116292] ... CHAINHASH_SIZE:          32768
[    0.116639]  memory used by lock dependency info: 6429 kB
[    0.117060]  memory used for stack traces: 4224 kB
[    0.117435]  per task-struct memory footprint: 1920 bytes
[    0.117904] ACPI: Core revision 20230628
[    0.118465] clocksource: hpet: mask: 0xffffffff max_cycles: 0xffffffff, max_idle_ns: 19112604467 ns
[    0.119316] APIC: Switch to symmetric I/O mode setup
[    0.119730] APIC: Switched APIC routing to: physical flat
[    0.120165] kvm-guest: APIC: send_IPI_mask() replaced with kvm_send_ipi_mask()
[    0.120729] kvm-guest: APIC: send_IPI_mask_allbutself() replaced with kvm_send_ipi_mask_allbutself()
[    0.121442] kvm-guest: setup PV IPIs
[    0.122725] ..TIMER: vector=0x30 apic1=0 pin1=2 apic2=-1 pin2=-1
[    0.123572] tsc: Marking TSC unstable due to TSCs unsynchronized
[    0.124421] Calibrating delay loop (skipped) preset value.. 8983.07 BogoMIPS (lpj=4491536)
[    0.125477] x86/cpu: User Mode Instruction Prevention (UMIP) activated
[    0.126484] Last level iTLB entries: 4KB 512, 2MB 255, 4MB 127
[    0.127413] Last level dTLB entries: 4KB 512, 2MB 255, 4MB 127, 1GB 0
[    0.128419] Spectre V1 : Mitigation: usercopy/swapgs barriers and __user pointer sanitization
[    0.129418] Spectre V2 : Mitigation: Enhanced / Automatic IBRS
[    0.130200] Spectre V2 : Spectre v2 / SpectreRSB mitigation: Filling RSB on context switch
[    0.130416] Spectre V2 : mitigation: Enabling conditional Indirect Branch Prediction Barrier
[    0.131415] Speculative Store Bypass: Mitigation: Speculative Store Bypass disabled via prctl
[    0.132414] Speculative Return Stack Overflow: IBPB-extending microcode not applied!
[    0.133413] Speculative Return Stack Overflow: WARNING: See https://kernel.org/doc/html/latest/admin-guide/hw-vuln/srso.html for mitigation options.
[    0.133415] Speculative Return Stack Overflow: Vulnerable: Safe RET, no microcode
[    0.135436] x86/fpu: Supporting XSAVE feature 0x001: 'x87 floating point registers'
[    0.136413] x86/fpu: Supporting XSAVE feature 0x002: 'SSE registers'
[    0.137413] x86/fpu: Supporting XSAVE feature 0x004: 'AVX registers'
[    0.138413] x86/fpu: Supporting XSAVE feature 0x020: 'AVX-512 opmask'
[    0.139413] x86/fpu: Supporting XSAVE feature 0x040: 'AVX-512 Hi256'
[    0.140251] x86/fpu: Supporting XSAVE feature 0x080: 'AVX-512 ZMM_Hi256'
[    0.140413] x86/fpu: Supporting XSAVE feature 0x200: 'Protection Keys User registers'
[    0.141413] x86/fpu: xstate_offset[2]:  576, xstate_sizes[2]:  256
[    0.142413] x86/fpu: xstate_offset[5]:  832, xstate_sizes[5]:   64
[    0.143413] x86/fpu: xstate_offset[6]:  896, xstate_sizes[6]:  512
[    0.144413] x86/fpu: xstate_offset[7]: 1408, xstate_sizes[7]: 1024
[    0.145413] x86/fpu: xstate_offset[9]: 2432, xstate_sizes[9]:    8
[    0.146234] x86/fpu: Enabled xstate features 0x2e7, context size is 2440 bytes, using 'compacted' format.
[    0.172539] Freeing SMP alternatives memory: 36K
[    0.173170] pid_max: default: 32768 minimum: 301
[    0.173711] Mount-cache hash table entries: 2048 (order: 2, 16384 bytes, linear)
[    0.174417] Mountpoint-cache hash table entries: 2048 (order: 2, 16384 bytes, linear)
[    0.177518] Running RCU synchronous self tests
[    0.178114] Running RCU synchronous self tests
[    0.178738] smpboot: CPU0: AMD Ryzen 9 7950X 16-Core Processor (family: 0x19, model: 0x61, stepping: 0x2)
[    0.180247] RCU Tasks: Setting shift to 5 and lim to 1 rcu_task_cb_adjust=1.
[    0.180476] RCU Tasks Rude: Setting shift to 5 and lim to 1 rcu_task_cb_adjust=1.
[    0.181494] RCU Tasks Trace: Setting shift to 5 and lim to 1 rcu_task_cb_adjust=1.
[    0.182481] Running RCU Tasks wait API self tests
[    0.288521] Running RCU Tasks Rude wait API self tests
[    0.289360] Running RCU Tasks Trace wait API self tests
[    0.289493] Performance Events: Fam17h+ core perfctr, AMD PMU driver.
[    0.290424] ... version:                0
[    0.290958] ... bit width:              48
[    0.291417] ... generic registers:      6
[    0.291948] ... value mask:             0000ffffffffffff
[    0.292417] ... max period:             00007fffffffffff
[    0.293117] ... fixed-purpose events:   0
[    0.293417] ... event mask:             000000000000003f
[    0.294477] signal: max sigframe size: 3376
[    0.295204] rcu: Hierarchical SRCU implementation.
[    0.295422] rcu: Max phase no-delay instances is 400.
[    0.296136] Callback from call_rcu_tasks_trace() invoked.
[    0.302720] smp: Bringing up secondary CPUs ...
[    0.303946] smpboot: x86: Booting SMP configuration:
[    0.304423] .... node  #0, CPUs:        #1  #2  #3  #4  #5  #6  #7  #8  #9 #10 #11 #12 #13 #14 #15 #16 #17 #18 #19 #20 #21 #22 #23 #24 #25 #26 #27 #28 #29 #30 #31
[    0.349503] smp: Brought up 1 node, 32 CPUs
[    0.351181] smpboot: Max logical packages: 1
[    0.351418] smpboot: Total of 32 processors activated (287458.30 BogoMIPS)
[    0.362811] devtmpfs: initialized
[    0.363622] x86/mm: Memory block size: 128MB
[    0.376796] Running RCU synchronous self tests
[    0.377447] Running RCU synchronous self tests
[    0.378530] clocksource: jiffies: mask: 0xffffffff max_cycles: 0xffffffff, max_idle_ns: 1911260446275000 ns
[    0.379431] futex hash table entries: 8192 (order: 8, 1048576 bytes, linear)
[    0.381626] PM: RTC time: 18:27:21, date: 2024-02-15
[    0.384440] NET: Registered PF_NETLINK/PF_ROUTE protocol family
[    0.387958] thermal_sys: Registered thermal governor 'step_wise'
[    0.387963] thermal_sys: Registered thermal governor 'user_space'
[    0.388534] cpuidle: using governor menu
[    0.394590] PCI: Using configuration type 1 for base access
[    0.395349] Callback from call_rcu_tasks_rude() invoked.
[    0.395417] PCI: Using configuration type 1 for extended access
[    0.396836] kprobes: kprobe jump-optimization is enabled. All kprobes are optimized if possible.
[    0.416676] HugeTLB: registered 1.00 GiB page size, pre-allocated 0 pages
[    0.417419] HugeTLB: 16380 KiB vmemmap can be freed for a 1.00 GiB page
[    0.418418] HugeTLB: registered 2.00 MiB page size, pre-allocated 0 pages
[    0.419417] HugeTLB: 28 KiB vmemmap can be freed for a 2.00 MiB page
[    0.422712] ACPI: Added _OSI(Module Device)
[    0.423419] ACPI: Added _OSI(Processor Device)
[    0.424185] ACPI: Added _OSI(3.0 _SCP Extensions)
[    0.424419] ACPI: Added _OSI(Processor Aggregator Device)
[    0.463207] ACPI: 1 ACPI AML tables successfully acquired and loaded
[    0.467472] ACPI: _OSC evaluation for CPUs failed, trying _PDC
[    0.472950] ACPI: Interpreter enabled
[    0.473587] ACPI: PM: (supports S0 S3 S4 S5)
[    0.474330] ACPI: Using IOAPIC for interrupt routing
[    0.474538] PCI: Using host bridge windows from ACPI; if necessary, use "pci=nocrs" and report a bug
[    0.475418] PCI: Using E820 reservations for host bridge windows
[    0.478641] ACPI: Enabled 2 GPEs in block 00 to 0F
[    0.504869] Callback from call_rcu_tasks() invoked.
[    0.563452] ACPI: PCI Root Bridge [PCI0] (domain 0000 [bus 00-ff])
[    0.564439] acpi PNP0A03:00: _OSC: OS supports [ExtendedConfig ASPM ClockPM Segments MSI HPX-Type3]
[    0.566884] PCI host bridge to bus 0000:00
[    0.567423] pci_bus 0000:00: root bus resource [io  0x0000-0x0cf7 window]
[    0.568341] pci_bus 0000:00: root bus resource [io  0x0d00-0xffff window]
[    0.568420] pci_bus 0000:00: root bus resource [mem 0x000a0000-0x000bffff window]
[    0.569422] pci_bus 0000:00: root bus resource [mem 0x40000000-0xfebfffff window]
[    0.570421] pci_bus 0000:00: root bus resource [mem 0x100000000-0x17fffffff window]
[    0.571422] pci_bus 0000:00: root bus resource [bus 00-ff]
[    0.572440] pci 0000:00:00.0: [8086:1237] type 00 class 0x060000 conventional PCI endpoint
[    0.574899] pci 0000:00:01.0: [8086:7000] type 00 class 0x060100 conventional PCI endpoint
[    0.576678] pci 0000:00:01.1: [8086:7010] type 00 class 0x010180 conventional PCI endpoint
[    0.579417] pci 0000:00:01.1: BAR 4 [io  0xc080-0xc08f]
[    0.580899] pci 0000:00:01.1: BAR 0 [io  0x01f0-0x01f7]: legacy IDE quirk
[    0.581418] pci 0000:00:01.1: BAR 1 [io  0x03f6]: legacy IDE quirk
[    0.582252] pci 0000:00:01.1: BAR 2 [io  0x0170-0x0177]: legacy IDE quirk
[    0.582418] pci 0000:00:01.1: BAR 3 [io  0x0376]: legacy IDE quirk
[    0.584243] pci 0000:00:01.3: [8086:7113] type 00 class 0x068000 conventional PCI endpoint
[    0.584724] pci 0000:00:01.3: quirk: [io  0x0600-0x063f] claimed by PIIX4 ACPI
[    0.585424] pci 0000:00:01.3: quirk: [io  0x0700-0x070f] claimed by PIIX4 SMB
[    0.587401] pci 0000:00:02.0: [1af4:1009] type 00 class 0x000200 conventional PCI endpoint
[    0.588417] pci 0000:00:02.0: BAR 0 [io  0xc000-0xc03f]
[    0.590070] pci 0000:00:02.0: BAR 1 [mem 0xfebfd000-0xfebfdfff]
[    0.594417] pci 0000:00:02.0: BAR 4 [mem 0xfebf4000-0xfebf7fff 64bit pref]
[    0.610769] pci 0000:00:03.0: [1af4:1009] type 00 class 0x000200 conventional PCI endpoint
[    0.612417] pci 0000:00:03.0: BAR 0 [io  0xc040-0xc07f]
[    0.614096] pci 0000:00:03.0: BAR 1 [mem 0xfebfe000-0xfebfefff]
[    0.617417] pci 0000:00:03.0: BAR 4 [mem 0xfebf8000-0xfebfbfff 64bit pref]
[    0.633237] pci 0000:00:04.0: [8086:25ab] type 00 class 0x088000 conventional PCI endpoint
[    0.633813] pci 0000:00:04.0: BAR 0 [mem 0xfebff000-0xfebff00f]
[    0.655125] ACPI: PCI: Interrupt link LNKA configured for IRQ 10
[    0.656650] ACPI: PCI: Interrupt link LNKB configured for IRQ 10
[    0.658622] ACPI: PCI: Interrupt link LNKC configured for IRQ 11
[    0.660588] ACPI: PCI: Interrupt link LNKD configured for IRQ 11
[    0.661904] ACPI: PCI: Interrupt link LNKS configured for IRQ 9
[    0.687391] iommu: Default domain type: Translated
[    0.687417] iommu: DMA domain TLB invalidation policy: lazy mode
[    0.689264] SCSI subsystem initialized
[    0.689857] pps_core: LinuxPPS API ver. 1 registered
[    0.690419] pps_core: Software ver. 5.3.6 - Copyright 2005-2007 Rodolfo Giometti <giometti@linux.it>
[    0.691444] PTP clock support registered
[    0.692707] Advanced Linux Sound Architecture Driver Initialized.
[    0.695531] NET: Registered PF_ATMPVC protocol family
[    0.696225] NET: Registered PF_ATMSVC protocol family
[    0.696461] PCI: Using ACPI for IRQ routing
[    0.697462] vgaarb: loaded
[    0.697853] hpet0: at MMIO 0xfed00000, IRQs 2, 8, 0
[    0.698417] hpet0: 3 comparators, 64-bit 100.000000 MHz counter
[    0.702180] clocksource: Switched to clocksource kvm-clock
[    0.704127] VFS: Disk quotas dquot_6.6.0
[    0.704695] VFS: Dquot-cache hash table entries: 512 (order 0, 4096 bytes)
[    0.706054] pnp: PnP ACPI init
[    0.709991] pnp: PnP ACPI: found 5 devices
[    0.728593] clocksource: acpi_pm: mask: 0xffffff max_cycles: 0xffffff, max_idle_ns: 2085701024 ns
[    0.729958] NET: Registered PF_INET protocol family
[    0.730753] IP idents hash table entries: 16384 (order: 5, 131072 bytes, linear)
[    0.732751] tcp_listen_portaddr_hash hash table entries: 512 (order: 3, 36864 bytes, linear)
[    0.733912] Table-perturb hash table entries: 65536 (order: 6, 262144 bytes, linear)
[    0.735035] TCP established hash table entries: 8192 (order: 4, 65536 bytes, linear)
[    0.736174] TCP bind hash table entries: 8192 (order: 8, 1179648 bytes, linear)
[    0.737730] TCP: Hash tables configured (established 8192 bind 8192)
[    0.738949] UDP hash table entries: 512 (order: 4, 81920 bytes, linear)
[    0.739897] UDP-Lite hash table entries: 512 (order: 4, 81920 bytes, linear)
[    0.741354] NET: Registered PF_UNIX/PF_LOCAL protocol family
[    0.742168] pci_bus 0000:00: resource 4 [io  0x0000-0x0cf7 window]
[    0.742989] pci_bus 0000:00: resource 5 [io  0x0d00-0xffff window]
[    0.743822] pci_bus 0000:00: resource 6 [mem 0x000a0000-0x000bffff window]
[    0.744742] pci_bus 0000:00: resource 7 [mem 0x40000000-0xfebfffff window]
[    0.745665] pci_bus 0000:00: resource 8 [mem 0x100000000-0x17fffffff window]
[    0.746938] pci 0000:00:01.0: PIIX3: Enabling Passive Release
[    0.747724] pci 0000:00:00.0: Limiting direct PCI/PCI transfers
[    0.748567] PCI: CLS 0 bytes, default 64
[    0.749220] kvm_intel: VMX not supported by CPU 0
[    0.749947] kvm_amd: TSC scaling supported
[    0.750534] kvm_amd: Nested Virtualization enabled
[    0.751189] kvm_amd: Nested Paging enabled
[    0.751772] kvm_amd: Virtual VMLOAD VMSAVE supported
[    0.752445] kvm_amd: Virtual GIF supported
[    0.752993] kvm_amd: Virtual NMI enabled
[    0.753531] kvm_amd: LBR virtualization supported
[    0.892541] workingset: timestamp_bits=56 max_order=18 bucket_order=0
[    0.894100] squashfs: version 4.0 (2009/01/31) Phillip Lougher
[    0.895193] fuse: init (API version 7.39)
[    0.896278] 9p: Installing v9fs 9p2000 file system support
[    0.897617] Key type asymmetric registered
[    0.898478] Block layer SCSI generic (bsg) driver version 0.4 loaded (major 249)
[    0.899931] io scheduler mq-deadline registered
[    0.900739] io scheduler kyber registered
[    0.903713] input: Power Button as /devices/LNXSYSTM:00/LNXPWRBN:00/input/input0
[    0.905280] ACPI: button: Power Button [PWRF]
[    0.906222] Warning: Processor Platform Limit event detected, but not handled.
[    0.907215] Consider compiling CPUfreq support into your kernel.
[    1.991916] ACPI: \_SB_.LNKB: Enabled at IRQ 10
[    3.059140] ACPI: \_SB_.LNKC: Enabled at IRQ 11
[    3.061180] Serial: 8250/16550 driver, 4 ports, IRQ sharing enabled
[    3.062882] 00:03: ttyS0 at I/O 0x3f8 (irq = 4, base_baud = 115200) is a 16550A
[    3.068198] Non-volatile memory driver v1.3
[    3.068761] Linux agpgart interface v0.103
[    3.069725] ACPI: bus type drm_connector registered
[    3.113395] loop: module loaded
[    3.117963] scsi host0: ata_piix
[    3.119514] scsi host1: ata_piix
[    3.120310] ata1: PATA max MWDMA2 cmd 0x1f0 ctl 0x3f6 bmdma 0xc080 irq 14 lpm-pol 0
[    3.121332] ata2: PATA max MWDMA2 cmd 0x170 ctl 0x376 bmdma 0xc088 irq 15 lpm-pol 0
[    3.125191] i8042: PNP: PS/2 Controller [PNP0303:KBD,PNP0f13:MOU] at 0x60,0x64 irq 1,12
[    3.127181] serio: i8042 KBD port at 0x60,0x64 irq 1
[    3.127884] serio: i8042 AUX port at 0x60,0x64 irq 12
[    3.130221] rtc_cmos 00:04: RTC can wake from S4
[    3.131176] input: AT Translated Set 2 keyboard as /devices/platform/i8042/serio0/input/input1
[    3.134627] rtc_cmos 00:04: registered as rtc0
[    3.135316] rtc_cmos 00:04: setting system clock to 2024-02-15T18:27:24 UTC (1708021644)
[    3.136604] rtc_cmos 00:04: alarms up to one day, y3k, 242 bytes nvram, hpet irqs
[    3.140563] i6300ESB timer 0000:00:04.0: initialized. heartbeat=30 sec (nowayout=0)
[    3.142183] device-mapper: ioctl: 4.48.0-ioctl (2023-03-01) initialised: dm-devel@redhat.com
[    3.143814] input: ImExPS/2 Generic Explorer Mouse as /devices/platform/i8042/serio1/input/input3
[    3.147847] NET: Registered PF_PACKET protocol family
[    3.148761] 9pnet: Installing 9P2000 support
[    3.152144] Key type dns_resolver registered
[    3.163015] IPI shorthand broadcast: enabled
[    3.208941] sched_clock: Marking stable (3199003611, 9043000)->(3262665265, -54618654)
[    3.210714] registered taskstats version 1
[    3.239477] PM:   Magic number: 12:936:493
[    3.240144] printk: legacy console [netcon0] enabled
[    3.240791] netconsole: network logging started
[    3.241820] ALSA device list:
[    3.242268]   No soundcards found.
[    3.280311] ata2: found unknown device (class 0)
[    3.281689] ata2.00: ATAPI: QEMU DVD-ROM, 2.5+, max UDMA/100
[    3.284296] scsi 1:0:0:0: CD-ROM            QEMU     QEMU DVD-ROM     2.5+ PQ: 0 ANSI: 5
[    3.293588] scsi 1:0:0:0: Attached scsi generic sg0 type 5
[    3.294877] md: Skipping autodetection of RAID arrays. (raid=autodetect will force)
[    3.296120] 9pnet_virtio: no channels available for device 
[    3.298249] VFS: Mounted root (9p filesystem) readonly on device 0:19.
[    3.299457] devtmpfs: mounted
[    3.308704] Freeing unused kernel image (initmem) memory: 5936K
[    3.309469] Write protecting the kernel read-only data: 53248k
[    3.310855] Freeing unused kernel image (rodata/data gap) memory: 152K
[    3.348080] x86/mm: Checked W+X mappings: passed, no W+X pages found.
[    3.348851] Run /usr/lib/python3.11/site-packages/virtme/guest/virtme-init as init process
[    3.414753] mount (266) used greatest stack depth: 26144 bytes left
[    3.436163] mount (268) used greatest stack depth: 26112 bytes left
[    3.577507] mount (281) used greatest stack depth: 25600 bytes left
[    3.617851] mount (285) used greatest stack depth: 25072 bytes left
[    3.861012] virtme-init: basic initialization done
[    3.876391] virtme-init: udevd not found
[    4.034334] virtme-init: Setting hostname to virtme-ng...
[    4.068067] ip (353) used greatest stack depth: 24512 bytes left
          _      _                                    
   __   _(_)_ __| |_ _ __ ___   ___       _ __   __ _ 
   \ \ / / |  __| __|  _   _ \ / _ \_____|  _ \ / _  |
    \ V /| | |  | |_| | | | | |  __/_____| | | | (_| |
     \_/ |_|_|   \__|_| |_| |_|\___|     |_| |_|\__  |
                                                |___/ 
   kernel version: 6.8.0-rc3-virtme x86_64

virtme-ng:/nipa-data/kernel# PS1='xx__-> '
xx__-> env
PWD=/nipa-data/kernel
HOME=/
TERM=xterm
SHLVL=2
XDG_RUNTIME_DIR=/run/user/0
PATH=/bin:/sbin:/usr/bin:/usr/sbin:/usr/local/bin
OLDPWD=/
_=/usr/bin/env
xx__-> 