No EFI environment detected.
early console in extract_kernel
input_data: 0x0000000004cbb2c4
input_len: 0x000000000189b9dd
output: 0x0000000001000000
output_len: 0x00000000054e14d4
kernel_total_size: 0x0000000005030000
needed_size: 0x0000000005600000
trampoline_32bit: 0x000000000009d000
Physical KASLR using RDRAND RDTSC...
Virtual KASLR using RDRAND RDTSC...

Decompressing Linux... Parsing ELF... Performing relocations... done.
Booting the kernel (entry_offset: 0x0000000000000000).
[    0.000000] Linux version 6.11.0-virtme (root@985fa8b69837) (gcc (Ubuntu 13.2.0-23ubuntu4) 13.2.0, GNU ld (GNU Binutils for Ubuntu) 2.42) #1 SMP PREEMPT_DYNAMIC Tue Sep 17 09:27:42 UTC 2024
[    0.000000] Command line: virtme_hostname=virtme-ng nr_open=1048576 virtme_link_mods=/nipa-data/kernel/.virtme_mods/lib/modules/0.0.0 virtme_initmount0=nipa-data/kernel virtme_rw_overlay0=/etc virtme_rw_overlay1=/lib virtme_rw_overlay2=/home virtme_rw_overlay3=/opt virtme_rw_overlay4=/srv virtme_rw_overlay5=/usr virtme_rw_overlay6=/var console=hvc0 earlyprintk=serial,ttyS0,115200 virtme_console=ttyS0 psmouse.proto=exps TERM=xterm virtme_chdir=nipa-data/kernel virtme_root_user=1 rootfstype=9p rootflags=version=9p2000.L,trans=virtio,access=any raid=noautodetect ro init=/usr/lib/python3/dist-packages/virtme/guest/virtme-init
[    0.000000] x86/split lock detection: #DB: warning on user-space bus_locks
[    0.000000] BIOS-provided physical RAM map:
[    0.000000] BIOS-e820: [mem 0x0000000000000000-0x000000000009fbff] usable
[    0.000000] BIOS-e820: [mem 0x000000000009fc00-0x000000000009ffff] reserved
[    0.000000] BIOS-e820: [mem 0x00000000000f0000-0x00000000000fffff] reserved
[    0.000000] BIOS-e820: [mem 0x0000000000100000-0x000000003ffdffff] usable
[    0.000000] BIOS-e820: [mem 0x000000003ffe0000-0x000000003fffffff] reserved
[    0.000000] BIOS-e820: [mem 0x00000000feffc000-0x00000000feffffff] reserved
[    0.000000] BIOS-e820: [mem 0x00000000fffc0000-0x00000000ffffffff] reserved
[    0.000000] printk: legacy bootconsole [earlyser0] enabled
[    0.000000] NX (Execute Disable) protection: active
[    0.000000] APIC: Static calls initialized
[    0.000000] SMBIOS 3.0.0 present.
[    0.000000] DMI: QEMU Ubuntu 24.04 PC (i440FX + PIIX, 1996), BIOS 1.16.3-debian-1.16.3-2 04/01/2014
[    0.000000] DMI: Memory slots populated: 1/1
[    0.000000] Hypervisor detected: KVM
[    0.000000] kvm-clock: Using msrs 4b564d01 and 4b564d00
[    0.000001] kvm-clock: using sched offset of 1310396074 cycles
[    0.000770] clocksource: kvm-clock: mask: 0xffffffffffffffff max_cycles: 0x1cd42e4dffb, max_idle_ns: 881590591483 ns
[    0.003170] tsc: Detected 2000.000 MHz processor
[    0.004526] last_pfn = 0x3ffe0 max_arch_pfn = 0x10000000000
[    0.005407] MTRR map: 4 entries (3 fixed + 1 variable; max 19), built from 8 variable MTRRs
[    0.006647] x86/PAT: Configuration [0-7]: WB  WC  UC- UC  WB  WP  UC- WT  
[    0.015603] found SMP MP-table at [mem 0x000f5470-0x000f547f]
[    0.016466] Using GB pages for direct mapping
[    0.017387] ACPI: Early table checksum verification disabled
[    0.018220] ACPI: RSDP 0x00000000000F5290 000014 (v00 BOCHS )
[    0.019069] ACPI: RSDT 0x000000003FFE308E 000034 (v01 BOCHS  BXPC     00000001 BXPC 00000001)
[    0.020331] ACPI: FACP 0x000000003FFE2D8A 000074 (v01 BOCHS  BXPC     00000001 BXPC 00000001)
[    0.021590] ACPI: DSDT 0x000000003FFE0040 002D4A (v01 BOCHS  BXPC     00000001 BXPC 00000001)
[    0.022842] ACPI: FACS 0x000000003FFE0000 000040
[    0.023523] ACPI: APIC 0x000000003FFE2DFE 000230 (v03 BOCHS  BXPC     00000001 BXPC 00000001)
[    0.024778] ACPI: HPET 0x000000003FFE302E 000038 (v01 BOCHS  BXPC     00000001 BXPC 00000001)
[    0.026031] ACPI: WAET 0x000000003FFE3066 000028 (v01 BOCHS  BXPC     00000001 BXPC 00000001)
[    0.027284] ACPI: Reserving FACP table memory at [mem 0x3ffe2d8a-0x3ffe2dfd]
[    0.028319] ACPI: Reserving DSDT table memory at [mem 0x3ffe0040-0x3ffe2d89]
[    0.029353] ACPI: Reserving FACS table memory at [mem 0x3ffe0000-0x3ffe003f]
[    0.030385] ACPI: Reserving APIC table memory at [mem 0x3ffe2dfe-0x3ffe302d]
[    0.031417] ACPI: Reserving HPET table memory at [mem 0x3ffe302e-0x3ffe3065]
[    0.032453] ACPI: Reserving WAET table memory at [mem 0x3ffe3066-0x3ffe308d]
[    0.033993] No NUMA configuration found
[    0.034556] Faking a node at [mem 0x0000000000000000-0x000000003ffdffff]
[    0.035541] NODE_DATA(0) allocated [mem 0x3ffdb000-0x3ffdffff]
[    0.036564] Zone ranges:
[    0.036937]   DMA      [mem 0x0000000000001000-0x0000000000ffffff]
[    0.037845]   DMA32    [mem 0x0000000001000000-0x000000003ffdffff]
[    0.038753]   Normal   empty
[    0.039177]   Device   empty
[    0.039600] Movable zone start for each node
[    0.040234] Early memory node ranges
[    0.040760]   node   0: [mem 0x0000000000001000-0x000000000009efff]
[    0.041684]   node   0: [mem 0x0000000000100000-0x000000003ffdffff]
[    0.042603] Initmem setup node 0 [mem 0x0000000000001000-0x000000003ffdffff]
[    0.043646] On node 0, zone DMA: 1 pages in unavailable ranges
[    0.044607] On node 0, zone DMA: 97 pages in unavailable ranges
[    0.054134] On node 0, zone DMA32: 32 pages in unavailable ranges
[    0.088210] kasan: KernelAddressSanitizer initialized
[    0.089511] ACPI: PM-Timer IO Port: 0x608
[    0.090129] ACPI: LAPIC_NMI (acpi_id[0xff] dfl dfl lint[0x1])
[    0.091028] IOAPIC[0]: apic_id 0, version 17, address 0xfec00000, GSI 0-23
[    0.092048] ACPI: INT_SRC_OVR (bus 0 bus_irq 0 global_irq 2 dfl dfl)
[    0.092980] ACPI: INT_SRC_OVR (bus 0 bus_irq 5 global_irq 5 high level)
[    0.093949] ACPI: INT_SRC_OVR (bus 0 bus_irq 9 global_irq 9 high level)
[    0.094918] ACPI: INT_SRC_OVR (bus 0 bus_irq 10 global_irq 10 high level)
[    0.095916] ACPI: INT_SRC_OVR (bus 0 bus_irq 11 global_irq 11 high level)
[    0.096918] ACPI: Using ACPI (MADT) for SMP configuration information
[    0.097872] ACPI: HPET id: 0x8086a201 base: 0xfed00000
[    0.098627] TSC deadline timer available
[    0.099206] CPU topo: Max. logical packages:   1
[    0.099886] CPU topo: Max. logical dies:       1
[    0.100562] CPU topo: Max. dies per package:   1
[    0.101241] CPU topo: Max. threads per core:   1
[    0.101918] CPU topo: Num. cores per package:    56
[    0.102633] CPU topo: Num. threads per package:  56
[    0.103348] CPU topo: Allowing 56 present CPUs plus 0 hotplug CPUs
[    0.104371] kvm-guest: APIC: eoi() replaced with kvm_guest_apic_eoi_write()
[    0.105413] kvm-guest: KVM setup pv remote TLB flush
[    0.106146] kvm-guest: setup PV sched yield
[    0.106769] PM: hibernation: Registered nosave memory: [mem 0x00000000-0x00000fff]
[    0.107884] PM: hibernation: Registered nosave memory: [mem 0x0009f000-0x0009ffff]
[    0.108993] PM: hibernation: Registered nosave memory: [mem 0x000a0000-0x000effff]
[    0.110100] PM: hibernation: Registered nosave memory: [mem 0x000f0000-0x000fffff]
[    0.111208] [mem 0x40000000-0xfeffbfff] available for PCI devices
[    0.112103] Booting paravirtualized kernel on KVM
[    0.112793] clocksource: refined-jiffies: mask: 0xffffffff max_cycles: 0xffffffff, max_idle_ns: 1910969940391419 ns
[    0.135490] setup_percpu: NR_CPUS:64 nr_cpumask_bits:56 nr_cpu_ids:56 nr_node_ids:1
[    0.145934] percpu: Embedded 70 pages/cpu s248024 r8192 d30504 u524288
[    0.147112] Kernel command line: virtme_hostname=virtme-ng nr_open=1048576 virtme_link_mods=/nipa-data/kernel/.virtme_mods/lib/modules/0.0.0 virtme_initmount0=nipa-data/kernel virtme_rw_overlay0=/etc virtme_rw_overlay1=/lib virtme_rw_overlay2=/home virtme_rw_overlay3=/opt virtme_rw_overlay4=/srv virtme_rw_overlay5=/usr virtme_rw_overlay6=/var console=hvc0 earlyprintk=serial,ttyS0,115200 virtme_console=ttyS0 psmouse.proto=exps TERM=xterm virtme_chdir=nipa-data/kernel virtme_root_user=1 rootfstype=9p rootflags=version=9p2000.L,trans=virtio,access=any raid=noautodetect ro init=/usr/lib/python3/dist-packages/virtme/guest/virtme-init
[    0.155685] Unknown kernel command line parameters "virtme_hostname=virtme-ng nr_open=1048576 virtme_link_mods=/nipa-data/kernel/.virtme_mods/lib/modules/0.0.0 virtme_initmount0=nipa-data/kernel virtme_rw_overlay0=/etc virtme_rw_overlay1=/lib virtme_rw_overlay2=/home virtme_rw_overlay3=/opt virtme_rw_overlay4=/srv virtme_rw_overlay5=/usr virtme_rw_overlay6=/var virtme_console=ttyS0 virtme_chdir=nipa-data/kernel virtme_root_user=1", will be passed to user space.
[    0.161773] random: crng init done
[    0.162282] printk: log_buf_len individual max cpu contribution: 4096 bytes
[    0.163315] printk: log_buf_len total cpu_extra contributions: 225280 bytes
[    0.164353] printk: log_buf_len min size: 262144 bytes
[    0.165946] printk: log_buf_len: 524288 bytes
[    0.166620] printk: early log buf free: 253864(96%)
[    0.167819] Dentry cache hash table entries: 131072 (order: 8, 1048576 bytes, linear)
[    0.169059] Inode-cache hash table entries: 65536 (order: 7, 524288 bytes, linear)
[    0.172786] Fallback order for Node 0: 0 
[    0.172802] Built 1 zonelists, mobility grouping on.  Total pages: 262014
[    0.174349] Policy zone: DMA32
[    0.174781] mem auto-init: stack:all(zero), heap alloc:off, heap free:off
[    0.175742] stackdepot: allocating hash table via alloc_large_system_hash
[    0.176708] stackdepot hash table entries: 1048576 (order: 12, 16777216 bytes, linear)
[    0.201264] SLUB: HWalign=64, Order=0-3, MinObjects=0, CPUs=56, Nodes=1
Poking KASLR using RDRAND RDTSC...
[    0.202820] ftrace: allocating 48402 entries in 190 pages
[    0.222857] ftrace: allocated 190 pages with 6 groups
[    0.225522] Dynamic Preempt: voluntary
[    0.228091] rcu: Preemptible hierarchical RCU implementation.
[    0.228909] rcu: RCU event tracing is enabled.
[    0.229546] rcu: RCU restricting CPUs from NR_CPUS=64 to nr_cpu_ids=56.
[    0.230492] Trampoline variant of Tasks RCU enabled.
[    0.231202] Rude variant of Tasks RCU enabled.
[    0.231842] Tracing variant of Tasks RCU enabled.
[    0.232517] rcu: RCU calculated value of scheduler-enlistment delay is 100 jiffies.
[    0.233594] rcu: Adjusting geometry for rcu_fanout_leaf=16, nr_cpu_ids=56
[    0.234849] RCU Tasks: Setting shift to 6 and lim to 1 rcu_task_cb_adjust=1.
[    0.235854] RCU Tasks Rude: Setting shift to 6 and lim to 1 rcu_task_cb_adjust=1.
[    0.236911] RCU Tasks Trace: Setting shift to 6 and lim to 1 rcu_task_cb_adjust=1.
[    0.258009] NR_IRQS: 4352, nr_irqs: 872, preallocated irqs: 16
[    0.259384] rcu: srcu_init: Setting srcu_struct sizes based on contention.
[    0.260829] Console: colour *CGA 80x25
[    0.261477] ACPI: Core revision 20240322
[    0.262398] clocksource: hpet: mask: 0xffffffff max_cycles: 0xffffffff, max_idle_ns: 19112604467 ns
[    0.263824] APIC: Switch to symmetric I/O mode setup
[    0.264719] APIC: Switched APIC routing to: physical flat
[    0.265833] kvm-guest: APIC: send_IPI_mask() replaced with kvm_send_ipi_mask()
[    0.266912] kvm-guest: APIC: send_IPI_mask_allbutself() replaced with kvm_send_ipi_mask_allbutself()
[    0.268522] kvm-guest: setup PV IPIs
[    0.270805] ..TIMER: vector=0x30 apic1=0 pin1=2 apic2=-1 pin2=-1
[    0.272394] clocksource: tsc-early: mask: 0xffffffffffffffff max_cycles: 0x39a85c9bff6, max_idle_ns: 881590591483 ns
[    0.275363] Calibrating delay loop (skipped) preset value.. 4000.00 BogoMIPS (lpj=2000000)
[    0.277530] x86/cpu: User Mode Instruction Prevention (UMIP) activated
[    0.278516] Last level iTLB entries: 4KB 0, 2MB 0, 4MB 0
[    0.279357] Last level dTLB entries: 4KB 0, 2MB 0, 4MB 0, 1GB 0
[    0.280382] Spectre V1 : Mitigation: usercopy/swapgs barriers and __user pointer sanitization
[    0.281365] Spectre V2 : Spectre BHI mitigation: SW BHB clearing on syscall and VM exit
[    0.282356] Spectre V2 : Mitigation: Enhanced / Automatic IBRS
[    0.283356] Spectre V2 : Spectre v2 / SpectreRSB mitigation: Filling RSB on context switch
[    0.284356] Spectre V2 : Spectre v2 / PBRSB-eIBRS: Retire a single CALL on VMEXIT
[    0.285359] Spectre V2 : mitigation: Enabling conditional Indirect Branch Prediction Barrier
[    0.286360] Speculative Store Bypass: Mitigation: Speculative Store Bypass disabled via prctl
[    0.287357] TAA: Mitigation: TSX disabled
[    0.288442] x86/fpu: Supporting XSAVE feature 0x001: 'x87 floating point registers'
[    0.289356] x86/fpu: Supporting XSAVE feature 0x002: 'SSE registers'
[    0.290356] x86/fpu: Supporting XSAVE feature 0x004: 'AVX registers'
[    0.291356] x86/fpu: Supporting XSAVE feature 0x020: 'AVX-512 opmask'
[    0.292356] x86/fpu: Supporting XSAVE feature 0x040: 'AVX-512 Hi256'
[    0.293356] x86/fpu: Supporting XSAVE feature 0x080: 'AVX-512 ZMM_Hi256'
[    0.294356] x86/fpu: Supporting XSAVE feature 0x200: 'Protection Keys User registers'
[    0.295356] x86/fpu: Supporting XSAVE feature 0x20000: 'AMX Tile config'
[    0.296356] x86/fpu: Supporting XSAVE feature 0x40000: 'AMX Tile data'
[    0.297356] x86/fpu: xstate_offset[2]:  576, xstate_sizes[2]:  256
[    0.298356] x86/fpu: xstate_offset[5]:  832, xstate_sizes[5]:   64
[    0.299365] x86/fpu: xstate_offset[6]:  896, xstate_sizes[6]:  512
[    0.300365] x86/fpu: xstate_offset[7]: 1408, xstate_sizes[7]: 1024
[    0.301365] x86/fpu: xstate_offset[9]: 2432, xstate_sizes[9]:    8
[    0.302365] x86/fpu: xstate_offset[17]: 2496, xstate_sizes[17]:   64
[    0.303365] x86/fpu: xstate_offset[18]: 2560, xstate_sizes[18]: 8192
[    0.304356] x86/fpu: Enabled xstate features 0x602e7, context size is 10752 bytes, using 'compacted' format.
[    0.349370] Freeing SMP alternatives memory: 40K
[    0.350357] pid_max: default: 57344 minimum: 448
[    0.351638] Mount-cache hash table entries: 2048 (order: 2, 16384 bytes, linear)
[    0.352359] Mountpoint-cache hash table entries: 2048 (order: 2, 16384 bytes, linear)
[    0.355101] smpboot: CPU0: Intel(R) Xeon(R) Platinum 8480+ (family: 0x6, model: 0x8f, stepping: 0x6)
[    0.356160] Performance Events: PEBS fmt0-, Sapphire Rapids events, full-width counters, Intel PMU driver.
[    0.356363] ... version:                2
[    0.357181] ... bit width:              48
[    0.357359] ... generic registers:      8
[    0.358169] ... value mask:             0000ffffffffffff
[    0.358358] ... max period:             00007fffffffffff
[    0.359358] ... fixed-purpose events:   3
[    0.360177] ... event mask:             00000007000000ff
[    0.360708] signal: max sigframe size: 11952
[    0.361430] rcu: Hierarchical SRCU implementation.
[    0.362359] rcu: Max phase no-delay instances is 400.
[    0.363472] Timer migration: 2 hierarchy levels; 8 children per group; 2 crossnode level
[    0.367032] smp: Bringing up secondary CPUs ...
[    0.367672] smpboot: x86: Booting SMP configuration:
[    0.368363] .... node  #0, CPUs:        #1  #2  #3  #4  #5  #6  #7  #8  #9 #10 #11 #12 #13 #14 #15 #16 #17 #18 #19 #20 #21 #22 #23 #24 #25 #26 #27 #28 #29 #30 #31 #32 #33 #34 #35 #36 #37 #38 #39 #40 #41 #42 #43 #44 #45 #46 #47 #48 #49 #50 #51 #52 #53 #54 #55
[    0.432601] smp: Brought up 1 node, 56 CPUs
[    0.434212] smpboot: Total of 56 processors activated (224000.00 BogoMIPS)
[    0.449661] Memory: 742868K/1048056K available (45056K kernel code, 11300K rwdata, 9932K rodata, 5956K init, 1960K bss, 280320K reserved, 0K cma-reserved)
[    0.451358] devtmpfs: initialized
[    0.452459] x86/mm: Memory block size: 128MB
[    0.462766] clocksource: jiffies: mask: 0xffffffff max_cycles: 0xffffffff, max_idle_ns: 1911260446275000 ns
[    0.463384] futex hash table entries: 16384 (order: 8, 1048576 bytes, linear)
[    0.465360] PM: RTC time: 09:28:27, date: 2024-09-17
[    0.469642] NET: Registered PF_NETLINK/PF_ROUTE protocol family
[    0.471549] thermal_sys: Registered thermal governor 'step_wise'
[    0.471553] thermal_sys: Registered thermal governor 'user_space'
[    0.472433] cpuidle: using governor menu
[    0.477333] PCI: Using configuration type 1 for base access
[    0.477537] kprobes: kprobe jump-optimization is enabled. All kprobes are optimized if possible.
[    0.525657] HugeTLB: registered 1.00 GiB page size, pre-allocated 0 pages
[    0.527364] HugeTLB: 16380 KiB vmemmap can be freed for a 1.00 GiB page
[    0.529361] HugeTLB: registered 2.00 MiB page size, pre-allocated 0 pages
[    0.531359] HugeTLB: 28 KiB vmemmap can be freed for a 2.00 MiB page
[    0.535025] ACPI: Added _OSI(Module Device)
[    0.536361] ACPI: Added _OSI(Processor Device)
[    0.537360] ACPI: Added _OSI(3.0 _SCP Extensions)
[    0.538360] ACPI: Added _OSI(Processor Aggregator Device)
[    0.573674] ACPI: 1 ACPI AML tables successfully acquired and loaded
[    0.584952] ACPI: Interpreter enabled
[    0.585437] ACPI: PM: (supports S0 S3 S4 S5)
[    0.586328] ACPI: Using IOAPIC for interrupt routing
[    0.587433] PCI: Using host bridge windows from ACPI; if necessary, use "pci=nocrs" and report a bug
[    0.589360] PCI: Using E820 reservations for host bridge windows
[    0.591804] ACPI: Enabled 2 GPEs in block 00 to 0F
[    0.652355] ACPI: PCI Root Bridge [PCI0] (domain 0000 [bus 00-ff])
[    0.654377] acpi PNP0A03:00: _OSC: OS supports [ASPM ClockPM Segments MSI HPX-Type3]
[    0.655360] acpi PNP0A03:00: _OSC: not requesting OS control; OS requires [ExtendedConfig ASPM ClockPM MSI]
[    0.657490] acpi PNP0A03:00: fail to add MMCONFIG information, can't access extended configuration space under this bridge
[    0.659799] PCI host bridge to bus 0000:00
[    0.661424] pci_bus 0000:00: root bus resource [io  0x0000-0x0cf7 window]
[    0.662362] pci_bus 0000:00: root bus resource [io  0x0d00-0xffff window]
[    0.663361] pci_bus 0000:00: root bus resource [mem 0x000a0000-0x000bffff window]
[    0.664361] pci_bus 0000:00: root bus resource [mem 0x40000000-0xfebfffff window]
[    0.666361] pci_bus 0000:00: root bus resource [mem 0x100000000-0x17fffffff window]
[    0.667362] pci_bus 0000:00: root bus resource [bus 00-ff]
[    0.668429] pci 0000:00:00.0: [8086:1237] type 00 class 0x060000 conventional PCI endpoint
[    0.671598] pci 0000:00:01.0: [8086:7000] type 00 class 0x060100 conventional PCI endpoint
[    0.673735] pci 0000:00:01.1: [8086:7010] type 00 class 0x010180 conventional PCI endpoint
[    0.678682] pci 0000:00:01.1: BAR 4 [io  0xc0c0-0xc0cf]
[    0.680724] pci 0000:00:01.1: BAR 0 [io  0x01f0-0x01f7]: legacy IDE quirk
[    0.682359] pci 0000:00:01.1: BAR 1 [io  0x03f6]: legacy IDE quirk
[    0.683358] pci 0000:00:01.1: BAR 2 [io  0x0170-0x0177]: legacy IDE quirk
[    0.684358] pci 0000:00:01.1: BAR 3 [io  0x0376]: legacy IDE quirk
[    0.687337] pci 0000:00:01.3: [8086:7113] type 00 class 0x068000 conventional PCI endpoint
[    0.689971] pci 0000:00:01.3: quirk: [io  0x0600-0x063f] claimed by PIIX4 ACPI
[    0.690369] pci 0000:00:01.3: quirk: [io  0x0700-0x070f] claimed by PIIX4 SMB
[    0.692378] pci 0000:00:02.0: [1af4:1009] type 00 class 0x000200 conventional PCI endpoint
[    0.696370] pci 0000:00:02.0: BAR 0 [io  0xc000-0xc03f]
[    0.698362] pci 0000:00:02.0: BAR 1 [mem 0xfebfc000-0xfebfcfff]
[    0.704362] pci 0000:00:02.0: BAR 4 [mem 0xfebf0000-0xfebf3fff 64bit pref]
[    0.719426] pci 0000:00:03.0: [1af4:1009] type 00 class 0x000200 conventional PCI endpoint
[    0.722273] pci 0000:00:03.0: BAR 0 [io  0xc040-0xc07f]
[    0.724231] pci 0000:00:03.0: BAR 1 [mem 0xfebfd000-0xfebfdfff]
[    0.728364] pci 0000:00:03.0: BAR 4 [mem 0xfebf4000-0xfebf7fff 64bit pref]
[    0.741128] pci 0000:00:04.0: [8086:25ab] type 00 class 0x088000 conventional PCI endpoint
[    0.743767] pci 0000:00:04.0: BAR 0 [mem 0xfebfe000-0xfebfe00f]
[    0.757959] pci 0000:00:05.0: [1af4:1003] type 00 class 0x078000 conventional PCI endpoint
[    0.760244] pci 0000:00:05.0: BAR 0 [io  0xc080-0xc0bf]
[    0.762228] pci 0000:00:05.0: BAR 1 [mem 0xfebff000-0xfebfffff]
[    0.765365] pci 0000:00:05.0: BAR 4 [mem 0xfebf8000-0xfebfbfff 64bit pref]
[    0.782637] ACPI: PCI: Interrupt link LNKA configured for IRQ 10
[    0.785441] ACPI: PCI: Interrupt link LNKB configured for IRQ 10
[    0.787412] ACPI: PCI: Interrupt link LNKC configured for IRQ 11
[    0.789401] ACPI: PCI: Interrupt link LNKD configured for IRQ 11
[    0.790794] ACPI: PCI: Interrupt link LNKS configured for IRQ 9
[    0.824268] iommu: Default domain type: Translated
[    0.825359] iommu: DMA domain TLB invalidation policy: lazy mode
[    0.826937] SCSI subsystem initialized
[    0.828639] pps_core: LinuxPPS API ver. 1 registered
[    0.829362] pps_core: Software ver. 5.3.6 - Copyright 2005-2007 Rodolfo Giometti <giometti@linux.it>
[    0.831375] PTP clock support registered
[    0.833520] Advanced Linux Sound Architecture Driver Initialized.
[    0.837058] NET: Registered PF_ATMPVC protocol family
[    0.838360] NET: Registered PF_ATMSVC protocol family
[    0.839390] PCI: Using ACPI for IRQ routing
[    0.840482] vgaarb: loaded
[    0.841498] hpet0: at MMIO 0xfed00000, IRQs 2, 8, 0
[    0.842360] hpet0: 3 comparators, 64-bit 100.000000 MHz counter
[    0.849748] clocksource: Switched to clocksource kvm-clock
[    0.851592] VFS: Disk quotas dquot_6.6.0
[    0.852482] VFS: Dquot-cache hash table entries: 512 (order 0, 4096 bytes)
[    0.858281] pnp: PnP ACPI init
[    0.863887] pnp: PnP ACPI: found 5 devices
[    0.891673] clocksource: acpi_pm: mask: 0xffffff max_cycles: 0xffffff, max_idle_ns: 2085701024 ns
[    0.893643] NET: Registered PF_INET protocol family
[    0.894732] IP idents hash table entries: 16384 (order: 5, 131072 bytes, linear)
[    0.897003] tcp_listen_portaddr_hash hash table entries: 512 (order: 1, 8192 bytes, linear)
[    0.898706] Table-perturb hash table entries: 65536 (order: 6, 262144 bytes, linear)
[    0.900300] TCP established hash table entries: 8192 (order: 4, 65536 bytes, linear)
[    0.901883] TCP bind hash table entries: 8192 (order: 6, 262144 bytes, linear)
[    0.903369] TCP: Hash tables configured (established 8192 bind 8192)
[    0.905340] UDP hash table entries: 512 (order: 2, 16384 bytes, linear)
[    0.906701] UDP-Lite hash table entries: 512 (order: 2, 16384 bytes, linear)
[    0.908542] NET: Registered PF_UNIX/PF_LOCAL protocol family
[    0.909708] pci_bus 0000:00: resource 4 [io  0x0000-0x0cf7 window]
[    0.910958] pci_bus 0000:00: resource 5 [io  0x0d00-0xffff window]
[    0.912189] pci_bus 0000:00: resource 6 [mem 0x000a0000-0x000bffff window]
[    0.913602] pci_bus 0000:00: resource 7 [mem 0x40000000-0xfebfffff window]
[    0.914968] pci_bus 0000:00: resource 8 [mem 0x100000000-0x17fffffff window]
[    0.916638] pci 0000:00:01.0: PIIX3: Enabling Passive Release
[    0.917830] pci 0000:00:00.0: Limiting direct PCI/PCI transfers
[    0.919117] PCI: CLS 0 bytes, default 64
[    0.937485] RAPL PMU: API unit is 2^-32 Joules, 1 fixed counters, 10737418240 ms ovfl timer
[    0.939359] RAPL PMU: hw unit of domain psys 2^-0 Joules
[    1.276688] kwatchdog (374) used greatest stack depth: 30696 bytes left
[    1.518466] kvm_amd: CPU 26 isn't AMD or Hygon
[    1.519387] clocksource: tsc: mask: 0xffffffffffffffff max_cycles: 0x39a85c9bff6, max_idle_ns: 881590591483 ns
[    1.672667] Initialise system trusted keyrings
[    1.674576] workingset: timestamp_bits=56 max_order=18 bucket_order=0
[    1.676384] squashfs: version 4.0 (2009/01/31) Phillip Lougher
[    1.677610] fuse: init (API version 7.40)
[    1.679131] 9p: Installing v9fs 9p2000 file system support
[    1.699219] Key type asymmetric registered
[    1.700088] Asymmetric key parser 'x509' registered
[    1.701163] Block layer SCSI generic (bsg) driver version 0.4 loaded (major 249)
[    1.702695] io scheduler mq-deadline registered
[    1.703621] io scheduler kyber registered
[    1.725957] input: Power Button as /devices/LNXSYSTM:00/LNXPWRBN:00/input/input0
[    1.728375] ACPI: button: Power Button [PWRF]
[    1.732603] Warning: Processor Platform Limit event detected, but not handled.
[    1.734936] Consider compiling CPUfreq support into your kernel.
[    2.648217] ACPI: \_SB_.LNKB: Enabled at IRQ 10
[    3.522449] ACPI: \_SB_.LNKC: Enabled at IRQ 11
[    4.337033] ACPI: \_SB_.LNKA: Enabled at IRQ 10
[    4.338832] Serial: 8250/16550 driver, 4 ports, IRQ sharing enabled
[    4.339803] 00:03: ttyS0 at I/O 0x3f8 (irq = 4, base_baud = 115200) is a 16550A
[    4.368319] Non-volatile memory driver v1.3
[    4.368810] Linux agpgart interface v0.103
[    4.369973] ACPI: bus type drm_connector registered
[    4.371771] printk: legacy console [hvc0] enabled
[    4.372819] printk: legacy bootconsole [earlyser0] disabled
          _      _                                    
   __   _(_)_ __| |_ _ __ ___   ___       _ __   __ _ 
   \ \ / / |  __| __|  _   _ \ / _ \_____|  _ \ / _  |
    \ V /| | |  | |_| | | | | |  __/_____| | | | (_| |
     \_/ |_|_|   \__|_| |_| |_|\___|     |_| |_|\__  |
                                                |___/ 
   kernel version: 6.11.0-virtme x86_64
   (CTRL+d to exit)

root@virtme-ng:/nipa-data/kernel# PS1='xx__-> '
xx__-> env
PWD=/nipa-data/kernel
nr_open=1048576
HOME=/
TERM=xterm
SHLVL=2
XDG_RUNTIME_DIR=/run/user/0
PATH=/bin:/sbin:/usr/bin:/usr/sbin:/usr/local/bin
OLDPWD=/
_=/bin/env
xx__-> 