No EFI environment detected.
early console in extract_kernel
input_data: 0x0000000004b152b9
input_len: 0x00000000017c489a
output: 0x0000000001000000
output_len: 0x0000000005266568
kernel_total_size: 0x0000000004e30000
needed_size: 0x0000000005400000
trampoline_32bit: 0x0000000000000000
Physical KASLR using RDRAND RDTSC...
Virtual KASLR using RDRAND RDTSC...

Decompressing Linux... Parsing ELF... Performing relocations... done.
Booting the kernel (entry_offset: 0x0000000000000000).
[    0.000000] Linux version 6.8.0-rc7-virtme (root@e9541047a760) (gcc (Alpine 13.2.1_git20231014) 13.2.1 20231014, GNU ld (GNU Binutils) 2.42) #1 SMP PREEMPT_DYNAMIC Sat Mar  9 00:26:55 UTC 2024
[    0.000000] Command line: virtme_hostname=virtme-ng nr_open=1048576 virtme_link_mods=/nipa-data/kernel/.virtme_mods/lib/modules/0.0.0 virtme_initmount0=nipa-data/kernel virtme_rw_overlay0=/etc virtme_rw_overlay1=/lib virtme_rw_overlay2=/home virtme_rw_overlay3=/opt virtme_rw_overlay4=/srv virtme_rw_overlay5=/usr virtme_rw_overlay6=/var console=hvc0 earlyprintk=serial,ttyS0,115200 virtme_console=ttyS0 psmouse.proto=exps TERM=xterm virtme_chdir=nipa-data/kernel virtme_root_user=1 rootfstype=9p rootflags=version=9p2000.L,trans=virtio,access=any raid=noautodetect ro init=/usr/lib/python3.11/site-packages/virtme/guest/virtme-init
[    0.000000] BIOS-provided physical RAM map:
[    0.000000] BIOS-e820: [mem 0x0000000000000000-0x000000000009fbff] usable
[    0.000000] BIOS-e820: [mem 0x000000000009fc00-0x000000000009ffff] reserved
[    0.000000] BIOS-e820: [mem 0x00000000000f0000-0x00000000000fffff] reserved
[    0.000000] BIOS-e820: [mem 0x0000000000100000-0x000000003ffdffff] usable
[    0.000000] BIOS-e820: [mem 0x000000003ffe0000-0x000000003fffffff] reserved
[    0.000000] BIOS-e820: [mem 0x00000000feffc000-0x00000000feffffff] reserved
[    0.000000] BIOS-e820: [mem 0x00000000fffc0000-0x00000000ffffffff] reserved
[    0.000000] BIOS-e820: [mem 0x000000fd00000000-0x000000ffffffffff] reserved
[    0.000000] printk: legacy bootconsole [earlyser0] enabled
[    0.000000] NX (Execute Disable) protection: active
[    0.000000] APIC: Static calls initialized
[    0.000000] SMBIOS 3.0.0 present.
[    0.000000] DMI: QEMU Standard PC (i440FX + PIIX, 1996), BIOS rel-1.16.3-0-ga6ed6b701f0a-prebuilt.qemu.org 04/01/2014
[    0.000000] Hypervisor detected: KVM
[    0.000000] kvm-clock: Using msrs 4b564d01 and 4b564d00
[    0.000000] kvm-clock: using sched offset of 307290975 cycles
[    0.000387] clocksource: kvm-clock: mask: 0xffffffffffffffff max_cycles: 0x1cd42e4dffb, max_idle_ns: 881590591483 ns
[    0.001596] tsc: Detected 4491.556 MHz processor
[    0.002319] last_pfn = 0x3ffe0 max_arch_pfn = 0x400000000
[    0.002746] MTRR map: 4 entries (3 fixed + 1 variable; max 19), built from 8 variable MTRRs
[    0.003365] x86/PAT: Configuration [0-7]: WB  WC  UC- UC  WB  WP  UC- WT  
[    0.005387] found SMP MP-table at [mem 0x000f5470-0x000f547f]
[    0.005826] Using GB pages for direct mapping
[    0.006361] ACPI: Early table checksum verification disabled
[    0.006785] ACPI: RSDP 0x00000000000F5290 000014 (v00 BOCHS )
[    0.007216] ACPI: RSDT 0x000000003FFE27BC 000034 (v01 BOCHS  BXPC     00000001 BXPC 00000001)
[    0.007851] ACPI: FACP 0x000000003FFE2578 000074 (v01 BOCHS  BXPC     00000001 BXPC 00000001)
[    0.008491] ACPI: DSDT 0x000000003FFE0040 002538 (v01 BOCHS  BXPC     00000001 BXPC 00000001)
[    0.009118] ACPI: FACS 0x000000003FFE0000 000040
[    0.009466] ACPI: APIC 0x000000003FFE25EC 000170 (v03 BOCHS  BXPC     00000001 BXPC 00000001)
[    0.010095] ACPI: HPET 0x000000003FFE275C 000038 (v01 BOCHS  BXPC     00000001 BXPC 00000001)
[    0.010731] ACPI: WAET 0x000000003FFE2794 000028 (v01 BOCHS  BXPC     00000001 BXPC 00000001)
[    0.011361] ACPI: Reserving FACP table memory at [mem 0x3ffe2578-0x3ffe25eb]
[    0.011900] ACPI: Reserving DSDT table memory at [mem 0x3ffe0040-0x3ffe2577]
[    0.012427] ACPI: Reserving FACS table memory at [mem 0x3ffe0000-0x3ffe003f]
[    0.012943] ACPI: Reserving APIC table memory at [mem 0x3ffe25ec-0x3ffe275b]
[    0.013465] ACPI: Reserving HPET table memory at [mem 0x3ffe275c-0x3ffe2793]
[    0.013982] ACPI: Reserving WAET table memory at [mem 0x3ffe2794-0x3ffe27bb]
[    0.014706] No NUMA configuration found
[    0.014989] Faking a node at [mem 0x0000000000000000-0x000000003ffdffff]
[    0.015501] NODE_DATA(0) allocated [mem 0x3ffdb000-0x3ffdffff]
[    0.015958] Zone ranges:
[    0.016144]   DMA      [mem 0x0000000000001000-0x0000000000ffffff]
[    0.016604]   DMA32    [mem 0x0000000001000000-0x000000003ffdffff]
[    0.017061]   Normal   empty
[    0.017273]   Device   empty
[    0.017499] Movable zone start for each node
[    0.017841] Early memory node ranges
[    0.018159]   node   0: [mem 0x0000000000001000-0x000000000009efff]
[    0.018719]   node   0: [mem 0x0000000000100000-0x000000003ffdffff]
[    0.019280] Initmem setup node 0 [mem 0x0000000000001000-0x000000003ffdffff]
[    0.019914] On node 0, zone DMA: 1 pages in unavailable ranges
[    0.020452] On node 0, zone DMA: 97 pages in unavailable ranges
[    0.025108] On node 0, zone DMA32: 32 pages in unavailable ranges
[    0.034772] kasan: KernelAddressSanitizer initialized
[    0.035403] ACPI: PM-Timer IO Port: 0x608
[    0.035709] ACPI: LAPIC_NMI (acpi_id[0xff] dfl dfl lint[0x1])
[    0.036147] IOAPIC[0]: apic_id 0, version 17, address 0xfec00000, GSI 0-23
[    0.036669] ACPI: INT_SRC_OVR (bus 0 bus_irq 0 global_irq 2 dfl dfl)
[    0.037132] ACPI: INT_SRC_OVR (bus 0 bus_irq 5 global_irq 5 high level)
[    0.037627] ACPI: INT_SRC_OVR (bus 0 bus_irq 9 global_irq 9 high level)
[    0.038107] ACPI: INT_SRC_OVR (bus 0 bus_irq 10 global_irq 10 high level)
[    0.038636] ACPI: INT_SRC_OVR (bus 0 bus_irq 11 global_irq 11 high level)
[    0.039139] ACPI: Using ACPI (MADT) for SMP configuration information
[    0.039616] ACPI: HPET id: 0x8086a201 base: 0xfed00000
[    0.039992] TSC deadline timer available
[    0.040278] smpboot: Allowing 32 CPUs, 0 hotplug CPUs
[    0.040672] kvm-guest: APIC: eoi() replaced with kvm_guest_apic_eoi_write()
[    0.041193] kvm-guest: KVM setup pv remote TLB flush
[    0.041564] kvm-guest: setup PV sched yield
[    0.041875] PM: hibernation: Registered nosave memory: [mem 0x00000000-0x00000fff]
[    0.042438] PM: hibernation: Registered nosave memory: [mem 0x0009f000-0x0009ffff]
[    0.042990] PM: hibernation: Registered nosave memory: [mem 0x000a0000-0x000effff]
[    0.043579] PM: hibernation: Registered nosave memory: [mem 0x000f0000-0x000fffff]
[    0.044144] [mem 0x40000000-0xfeffbfff] available for PCI devices
[    0.044601] Booting paravirtualized kernel on KVM
[    0.044952] clocksource: refined-jiffies: mask: 0xffffffff max_cycles: 0xffffffff, max_idle_ns: 1910969940391419 ns
[    0.053695] setup_percpu: NR_CPUS:64 nr_cpumask_bits:32 nr_cpu_ids:32 nr_node_ids:1
[    0.055776] percpu: Embedded 68 pages/cpu s241448 r8192 d28888 u524288
[    0.056473] Kernel command line: virtme_hostname=virtme-ng nr_open=1048576 virtme_link_mods=/nipa-data/kernel/.virtme_mods/lib/modules/0.0.0 virtme_initmount0=nipa-data/kernel virtme_rw_overlay0=/etc virtme_rw_overlay1=/lib virtme_rw_overlay2=/home virtme_rw_overlay3=/opt virtme_rw_overlay4=/srv virtme_rw_overlay5=/usr virtme_rw_overlay6=/var console=hvc0 earlyprintk=serial,ttyS0,115200 virtme_console=ttyS0 psmouse.proto=exps TERM=xterm virtme_chdir=nipa-data/kernel virtme_root_user=1 rootfstype=9p rootflags=version=9p2000.L,trans=virtio,access=any raid=noautodetect ro init=/usr/lib/python3.11/site-packages/virtme/guest/virtme-init
[    0.060935] Unknown kernel command line parameters "virtme_hostname=virtme-ng nr_open=1048576 virtme_link_mods=/nipa-data/kernel/.virtme_mods/lib/modules/0.0.0 virtme_initmount0=nipa-data/kernel virtme_rw_overlay0=/etc virtme_rw_overlay1=/lib virtme_rw_overlay2=/home virtme_rw_overlay3=/opt virtme_rw_overlay4=/srv virtme_rw_overlay5=/usr virtme_rw_overlay6=/var virtme_console=ttyS0 virtme_chdir=nipa-data/kernel virtme_root_user=1", will be passed to user space.
[    0.064228] random: crng init done
[    0.064616] Dentry cache hash table entries: 131072 (order: 8, 1048576 bytes, linear)
[    0.065217] Inode-cache hash table entries: 65536 (order: 7, 524288 bytes, linear)
[    0.066226] Fallback order for Node 0: 0 
[    0.066231] Built 1 zonelists, mobility grouping on.  Total pages: 257760
[    0.067052] Policy zone: DMA32
[    0.067289] mem auto-init: stack:all(zero), heap alloc:off, heap free:off
[    0.067814] stackdepot: allocating hash table via alloc_large_system_hash
[    0.068341] stackdepot hash table entries: 1048576 (order: 12, 16777216 bytes, linear)
[    0.076262] Memory: 781300K/1048056K available (43008K kernel code, 11336K rwdata, 9572K rodata, 5744K init, 2416K bss, 266500K reserved, 0K cma-reserved)
[    0.077508] SLUB: HWalign=64, Order=0-3, MinObjects=0, CPUs=32, Nodes=1
Poking KASLR using RDRAND RDTSC...
[    0.078265] ftrace: allocating 46494 entries in 182 pages
[    0.086947] ftrace: allocated 182 pages with 5 groups
[    0.088192] Dynamic Preempt: voluntary
[    0.088826] rcu: Preemptible hierarchical RCU implementation.
[    0.089256] rcu: RCU event tracing is enabled.
[    0.089604] rcu: RCU restricting CPUs from NR_CPUS=64 to nr_cpu_ids=32.
[    0.090105] Trampoline variant of Tasks RCU enabled.
[    0.090489] Rude variant of Tasks RCU enabled.
[    0.090827] Tracing variant of Tasks RCU enabled.
[    0.091189] rcu: RCU calculated value of scheduler-enlistment delay is 100 jiffies.
[    0.091770] rcu: Adjusting geometry for rcu_fanout_leaf=16, nr_cpu_ids=32
[    0.100475] NR_IRQS: 4352, nr_irqs: 680, preallocated irqs: 16
[    0.101155] rcu: srcu_init: Setting srcu_struct sizes based on contention.
[    0.101883] Console: colour *CGA 80x25
[    0.102189] ACPI: Core revision 20230628
[    0.102635] clocksource: hpet: mask: 0xffffffff max_cycles: 0xffffffff, max_idle_ns: 19112604467 ns
[    0.103428] APIC: Switch to symmetric I/O mode setup
[    0.103802] APIC: Switched APIC routing to: physical flat
[    0.104205] kvm-guest: APIC: send_IPI_mask() replaced with kvm_send_ipi_mask()
[    0.104734] kvm-guest: APIC: send_IPI_mask_allbutself() replaced with kvm_send_ipi_mask_allbutself()
[    0.105427] kvm-guest: setup PV IPIs
[    0.106578] ..TIMER: vector=0x30 apic1=0 pin1=2 apic2=-1 pin2=-1
[    0.107387] tsc: Marking TSC unstable due to TSCs unsynchronized
[    0.108193] Calibrating delay loop (skipped) preset value.. 8983.11 BogoMIPS (lpj=4491556)
[    0.109251] x86/cpu: User Mode Instruction Prevention (UMIP) activated
[    0.110249] Last level iTLB entries: 4KB 512, 2MB 255, 4MB 127
[    0.111190] Last level dTLB entries: 4KB 512, 2MB 255, 4MB 127, 1GB 0
[    0.112193] Spectre V1 : Mitigation: usercopy/swapgs barriers and __user pointer sanitization
[    0.113194] Spectre V2 : Mitigation: Enhanced / Automatic IBRS
[    0.114189] Spectre V2 : Spectre v2 / SpectreRSB mitigation: Filling RSB on context switch
[    0.115192] Spectre V2 : mitigation: Enabling conditional Indirect Branch Prediction Barrier
[    0.116192] Speculative Store Bypass: Mitigation: Speculative Store Bypass disabled via prctl
[    0.117190] Speculative Return Stack Overflow: IBPB-extending microcode not applied!
[    0.118189] Speculative Return Stack Overflow: WARNING: See https://kernel.org/doc/html/latest/admin-guide/hw-vuln/srso.html for mitigation options.
[    0.118191] Speculative Return Stack Overflow: Vulnerable: Safe RET, no microcode
[    0.120205] x86/fpu: Supporting XSAVE feature 0x001: 'x87 floating point registers'
[    0.121189] x86/fpu: Supporting XSAVE feature 0x002: 'SSE registers'
[    0.122189] x86/fpu: Supporting XSAVE feature 0x004: 'AVX registers'
[    0.123189] x86/fpu: Supporting XSAVE feature 0x020: 'AVX-512 opmask'
[    0.124014] x86/fpu: Supporting XSAVE feature 0x040: 'AVX-512 Hi256'
[    0.124189] x86/fpu: Supporting XSAVE feature 0x080: 'AVX-512 ZMM_Hi256'
[    0.125189] x86/fpu: Supporting XSAVE feature 0x200: 'Protection Keys User registers'
[    0.126190] x86/fpu: xstate_offset[2]:  576, xstate_sizes[2]:  256
[    0.127189] x86/fpu: xstate_offset[5]:  832, xstate_sizes[5]:   64
[    0.128189] x86/fpu: xstate_offset[6]:  896, xstate_sizes[6]:  512
[    0.129189] x86/fpu: xstate_offset[7]: 1408, xstate_sizes[7]: 1024
[    0.129992] x86/fpu: xstate_offset[9]: 2432, xstate_sizes[9]:    8
[    0.130189] x86/fpu: Enabled xstate features 0x2e7, context size is 2440 bytes, using 'compacted' format.
[    0.151980] Freeing SMP alternatives memory: 36K
[    0.152191] pid_max: default: 32768 minimum: 301
[    0.153336] Mount-cache hash table entries: 2048 (order: 2, 16384 bytes, linear)
[    0.154191] Mountpoint-cache hash table entries: 2048 (order: 2, 16384 bytes, linear)
[    0.155825] smpboot: CPU0: AMD Ryzen 9 7950X 16-Core Processor (family: 0x19, model: 0x61, stepping: 0x2)
[    0.156515] RCU Tasks: Setting shift to 5 and lim to 1 rcu_task_cb_adjust=1.
[    0.157215] RCU Tasks Rude: Setting shift to 5 and lim to 1 rcu_task_cb_adjust=1.
[    0.158203] RCU Tasks Trace: Setting shift to 5 and lim to 1 rcu_task_cb_adjust=1.
[    0.159202] Performance Events: Fam17h+ core perfctr, AMD PMU driver.
[    0.160065] ... version:                0
[    0.160191] ... bit width:              48
[    0.160716] ... generic registers:      6
[    0.161191] ... value mask:             0000ffffffffffff
[    0.161872] ... max period:             00007fffffffffff
[    0.162191] ... fixed-purpose events:   0
[    0.162703] ... event mask:             000000000000003f
[    0.163290] signal: max sigframe size: 3376
[    0.163876] rcu: Hierarchical SRCU implementation.
[    0.164192] rcu: Max phase no-delay instances is 400.
[    0.169085] smp: Bringing up secondary CPUs ...
[    0.169375] smpboot: x86: Booting SMP configuration:
[    0.170014] .... node  #0, CPUs:        #1  #2  #3  #4  #5  #6  #7  #8  #9 #10 #11 #12 #13 #14 #15 #16 #17 #18 #19 #20 #21 #22 #23 #24 #25 #26 #27 #28 #29 #30 #31
[    0.193351] smp: Brought up 1 node, 32 CPUs
[    0.194881] smpboot: Max logical packages: 1
[    0.195192] smpboot: Total of 32 processors activated (287459.58 BogoMIPS)
[    0.201429] devtmpfs: initialized
[    0.202364] x86/mm: Memory block size: 128MB
[    0.211551] clocksource: jiffies: mask: 0xffffffff max_cycles: 0xffffffff, max_idle_ns: 1911260446275000 ns
[    0.212198] futex hash table entries: 8192 (order: 7, 524288 bytes, linear)
[    0.213609] PM: RTC time: 00:27:32, date: 2024-03-09
[    0.215112] NET: Registered PF_NETLINK/PF_ROUTE protocol family
[    0.216247] thermal_sys: Registered thermal governor 'step_wise'
[    0.216250] thermal_sys: Registered thermal governor 'user_space'
[    0.217268] cpuidle: using governor menu
[    0.220564] PCI: Using configuration type 1 for base access
[    0.221192] PCI: Using configuration type 1 for extended access
[    0.222322] kprobes: kprobe jump-optimization is enabled. All kprobes are optimized if possible.
[    0.230682] HugeTLB: registered 1.00 GiB page size, pre-allocated 0 pages
[    0.231192] HugeTLB: 16380 KiB vmemmap can be freed for a 1.00 GiB page
[    0.232068] HugeTLB: registered 2.00 MiB page size, pre-allocated 0 pages
[    0.233191] HugeTLB: 28 KiB vmemmap can be freed for a 2.00 MiB page
[    0.234544] ACPI: Added _OSI(Module Device)
[    0.235192] ACPI: Added _OSI(Processor Device)
[    0.235780] ACPI: Added _OSI(3.0 _SCP Extensions)
[    0.237192] ACPI: Added _OSI(Processor Aggregator Device)
[    0.261496] ACPI: 1 ACPI AML tables successfully acquired and loaded
[    0.265371] ACPI: _OSC evaluation for CPUs failed, trying _PDC
[    0.268511] ACPI: Interpreter enabled
[    0.269060] ACPI: PM: (supports S0 S3 S4 S5)
[    0.269192] ACPI: Using IOAPIC for interrupt routing
[    0.269893] PCI: Using host bridge windows from ACPI; if necessary, use "pci=nocrs" and report a bug
[    0.271191] PCI: Using E820 reservations for host bridge windows
[    0.273093] ACPI: Enabled 2 GPEs in block 00 to 0F
[    0.322164] ACPI: PCI Root Bridge [PCI0] (domain 0000 [bus 00-ff])
[    0.323206] acpi PNP0A03:00: _OSC: OS supports [ExtendedConfig ASPM ClockPM Segments MSI HPX-Type3]
[    0.324730] PCI host bridge to bus 0000:00
[    0.325195] pci_bus 0000:00: root bus resource [io  0x0000-0x0cf7 window]
[    0.326070] pci_bus 0000:00: root bus resource [io  0x0d00-0xffff window]
[    0.327194] pci_bus 0000:00: root bus resource [mem 0x000a0000-0x000bffff window]
[    0.328167] pci_bus 0000:00: root bus resource [mem 0x40000000-0xfebfffff window]
[    0.329194] pci_bus 0000:00: root bus resource [mem 0x100000000-0x17fffffff window]
[    0.330187] pci_bus 0000:00: root bus resource [bus 00-ff]
[    0.331051] pci 0000:00:00.0: [8086:1237] type 00 class 0x060000 conventional PCI endpoint
[    0.333089] pci 0000:00:01.0: [8086:7000] type 00 class 0x060100 conventional PCI endpoint
[    0.335118] pci 0000:00:01.1: [8086:7010] type 00 class 0x010180 conventional PCI endpoint
[    0.338695] pci 0000:00:01.1: BAR 4 [io  0xc0c0-0xc0cf]
[    0.340196] pci 0000:00:01.1: BAR 0 [io  0x01f0-0x01f7]: legacy IDE quirk
[    0.341082] pci 0000:00:01.1: BAR 1 [io  0x03f6]: legacy IDE quirk
[    0.342192] pci 0000:00:01.1: BAR 2 [io  0x0170-0x0177]: legacy IDE quirk
[    0.343070] pci 0000:00:01.1: BAR 3 [io  0x0376]: legacy IDE quirk
[    0.344895] pci 0000:00:01.3: [8086:7113] type 00 class 0x068000 conventional PCI endpoint
[    0.345445] pci 0000:00:01.3: quirk: [io  0x0600-0x063f] claimed by PIIX4 ACPI
[    0.348196] pci 0000:00:01.3: quirk: [io  0x0700-0x070f] claimed by PIIX4 SMB
[    0.349880] pci 0000:00:02.0: [1af4:1009] type 00 class 0x000200 conventional PCI endpoint
[    0.352192] pci 0000:00:02.0: BAR 0 [io  0xc000-0xc03f]
[    0.353907] pci 0000:00:02.0: BAR 1 [mem 0xfebfc000-0xfebfcfff]
[    0.360192] pci 0000:00:02.0: BAR 4 [mem 0xfebf0000-0xfebf3fff 64bit pref]
[    0.374833] pci 0000:00:03.0: [1af4:1009] type 00 class 0x000200 conventional PCI endpoint
[    0.377192] pci 0000:00:03.0: BAR 0 [io  0xc040-0xc07f]
[    0.378913] pci 0000:00:03.0: BAR 1 [mem 0xfebfd000-0xfebfdfff]
[    0.384934] pci 0000:00:03.0: BAR 4 [mem 0xfebf4000-0xfebf7fff 64bit pref]
[    0.399091] pci 0000:00:04.0: [8086:25ab] type 00 class 0x088000 conventional PCI endpoint
[    0.400614] pci 0000:00:04.0: BAR 0 [mem 0xfebfe000-0xfebfe00f]
[    0.416703] pci 0000:00:05.0: [1af4:1003] type 00 class 0x078000 conventional PCI endpoint
[    0.419192] pci 0000:00:05.0: BAR 0 [io  0xc080-0xc0bf]
[    0.421907] pci 0000:00:05.0: BAR 1 [mem 0xfebff000-0xfebfffff]
[    0.427192] pci 0000:00:05.0: BAR 4 [mem 0xfebf8000-0xfebfbfff 64bit pref]
[    0.444849] ACPI: PCI: Interrupt link LNKA configured for IRQ 10
[    0.446168] ACPI: PCI: Interrupt link LNKB configured for IRQ 10
[    0.448150] ACPI: PCI: Interrupt link LNKC configured for IRQ 11
[    0.450147] ACPI: PCI: Interrupt link LNKD configured for IRQ 11
[    0.451588] ACPI: PCI: Interrupt link LNKS configured for IRQ 9
[    0.471233] iommu: Default domain type: Translated
[    0.471854] iommu: DMA domain TLB invalidation policy: lazy mode
[    0.472681] SCSI subsystem initialized
[    0.473427] pps_core: LinuxPPS API ver. 1 registered
[    0.474074] pps_core: Software ver. 5.3.6 - Copyright 2005-2007 Rodolfo Giometti <giometti@linux.it>
[    0.475210] PTP clock support registered
[    0.476348] Advanced Linux Sound Architecture Driver Initialized.
[    0.478364] NET: Registered PF_ATMPVC protocol family
[    0.479023] NET: Registered PF_ATMSVC protocol family
[    0.480217] PCI: Using ACPI for IRQ routing
[    0.480898] vgaarb: loaded
[    0.481323] hpet0: at MMIO 0xfed00000, IRQs 2, 8, 0
[    0.481957] hpet0: 3 comparators, 64-bit 100.000000 MHz counter
[    0.489479] clocksource: Switched to clocksource kvm-clock
[    0.490783] VFS: Disk quotas dquot_6.6.0
[    0.491321] VFS: Dquot-cache hash table entries: 512 (order 0, 4096 bytes)
[    0.492432] pnp: PnP ACPI init
[    0.498974] pnp: PnP ACPI: found 5 devices
[    0.512037] clocksource: acpi_pm: mask: 0xffffff max_cycles: 0xffffff, max_idle_ns: 2085701024 ns
[    0.513280] NET: Registered PF_INET protocol family
[    0.513966] IP idents hash table entries: 16384 (order: 5, 131072 bytes, linear)
[    0.515330] tcp_listen_portaddr_hash hash table entries: 512 (order: 1, 8192 bytes, linear)
[    0.516415] Table-perturb hash table entries: 65536 (order: 6, 262144 bytes, linear)
[    0.517435] TCP established hash table entries: 8192 (order: 4, 65536 bytes, linear)
[    0.518440] TCP bind hash table entries: 8192 (order: 6, 262144 bytes, linear)
[    0.519401] TCP: Hash tables configured (established 8192 bind 8192)
[    0.520402] UDP hash table entries: 512 (order: 2, 16384 bytes, linear)
[    0.521309] UDP-Lite hash table entries: 512 (order: 2, 16384 bytes, linear)
[    0.522461] NET: Registered PF_UNIX/PF_LOCAL protocol family
[    0.523214] pci_bus 0000:00: resource 4 [io  0x0000-0x0cf7 window]
[    0.524009] pci_bus 0000:00: resource 5 [io  0x0d00-0xffff window]
[    0.524808] pci_bus 0000:00: resource 6 [mem 0x000a0000-0x000bffff window]
[    0.525690] pci_bus 0000:00: resource 7 [mem 0x40000000-0xfebfffff window]
[    0.526571] pci_bus 0000:00: resource 8 [mem 0x100000000-0x17fffffff window]
[    0.527681] pci 0000:00:01.0: PIIX3: Enabling Passive Release
[    0.528423] pci 0000:00:00.0: Limiting direct PCI/PCI transfers
[    0.529222] PCI: CLS 0 bytes, default 64
[    0.529929] kvm_intel: VMX not supported by CPU 15
[    0.530590] kvm_amd: TSC scaling supported
[    0.531116] kvm_amd: Nested Virtualization enabled
[    0.531734] kvm_amd: Nested Paging enabled
[    0.532282] kvm_amd: Virtual VMLOAD VMSAVE supported
[    0.532924] kvm_amd: Virtual GIF supported
[    0.533448] kvm_amd: Virtual NMI enabled
[    0.533955] kvm_amd: LBR virtualization supported
[    0.638438] workingset: timestamp_bits=56 max_order=18 bucket_order=0
[    0.639433] squashfs: version 4.0 (2009/01/31) Phillip Lougher
[    0.640221] fuse: init (API version 7.39)
[    0.640886] 9p: Installing v9fs 9p2000 file system support
[    0.641716] Key type asymmetric registered
[    0.642294] Block layer SCSI generic (bsg) driver version 0.4 loaded (major 249)
[    0.643284] io scheduler mq-deadline registered
[    0.643878] io scheduler kyber registered
[    0.645764] input: Power Button as /devices/LNXSYSTM:00/LNXPWRBN:00/input/input0
[    0.646981] ACPI: button: Power Button [PWRF]
[    0.647681] Warning: Processor Platform Limit event detected, but not handled.
[    0.648623] Consider compiling CPUfreq support into your kernel.
[    1.571108] ACPI: \_SB_.LNKB: Enabled at IRQ 10
[    2.457750] ACPI: \_SB_.LNKC: Enabled at IRQ 11
[    3.357755] ACPI: \_SB_.LNKA: Enabled at IRQ 10
[    3.359405] Serial: 8250/16550 driver, 4 ports, IRQ sharing enabled
[    3.360631] 00:03: ttyS0 at I/O 0x3f8 (irq = 4, base_baud = 115200) is a 16550A
[    3.406749] Non-volatile memory driver v1.3
[    3.407340] Linux agpgart interface v0.103
[    3.408103] ACPI: bus type drm_connector registered
[    3.408793] printk: legacy console [hvc0] enabled
[    3.409683] printk: legacy bootconsole [earlyser0] disabled
          _      _                                    
   __   _(_)_ __| |_ _ __ ___   ___       _ __   __ _ 
   \ \ / / |  __| __|  _   _ \ / _ \_____|  _ \ / _  |
    \ V /| | |  | |_| | | | | |  __/_____| | | | (_| |
     \_/ |_|_|   \__|_| |_| |_|\___|     |_| |_|\__  |
                                                |___/ 
   kernel version: 6.8.0-rc7-virtme x86_64
   (CTRL+d to exit)

virtme-ng:/nipa-data/kernel# PS1='xx__-> '
xx__-> env
PWD=/nipa-data/kernel
nr_open=1048576
HOME=/
TERM=xterm
SHLVL=2
XDG_RUNTIME_DIR=/run/user/0
PATH=/bin:/sbin:/usr/bin:/usr/sbin:/usr/local/bin
OLDPWD=/
_=/usr/bin/env
xx__-> 