No EFI environment detected.
early console in extract_kernel
input_data: 0x0000000004cbd2c4
input_len: 0x00000000018959a8
output: 0x0000000001000000
output_len: 0x00000000054dcd7c
kernel_total_size: 0x0000000005030000
needed_size: 0x0000000005600000
trampoline_32bit: 0x000000000009d000
Physical KASLR using RDRAND RDTSC...
Virtual KASLR using RDRAND RDTSC...

Decompressing Linux... Parsing ELF... Performing relocations... done.
Booting the kernel (entry_offset: 0x0000000000000000).
[    0.000000] Linux version 6.11.0-rc4-virtme (root@bc920bc0dc96) (gcc (Ubuntu 13.2.0-23ubuntu4) 13.2.0, GNU ld (GNU Binutils for Ubuntu) 2.42) #1 SMP PREEMPT_DYNAMIC Thu Aug 29 09:27:36 UTC 2024
[    0.000000] Command line: virtme_hostname=virtme-ng nr_open=1048576 virtme_link_mods=/nipa-data/kernel/.virtme_mods/lib/modules/0.0.0 virtme_initmount0=nipa-data/kernel virtme_rw_overlay0=/etc virtme_rw_overlay1=/lib virtme_rw_overlay2=/home virtme_rw_overlay3=/opt virtme_rw_overlay4=/srv virtme_rw_overlay5=/usr virtme_rw_overlay6=/var console=hvc0 earlyprintk=serial,ttyS0,115200 virtme_console=ttyS0 psmouse.proto=exps TERM=xterm virtme_chdir=nipa-data/kernel virtme_root_user=1 rootfstype=9p rootflags=version=9p2000.L,trans=virtio,access=any raid=noautodetect ro init=/usr/lib/python3/dist-packages/virtme/guest/virtme-init
[    0.000000] x86/split lock detection: #DB: warning on user-space bus_locks
[    0.000000] BIOS-provided physical RAM map:
[    0.000000] BIOS-e820: [mem 0x0000000000000000-0x000000000009fbff] usable
[    0.000000] BIOS-e820: [mem 0x000000000009fc00-0x000000000009ffff] reserved
[    0.000000] BIOS-e820: [mem 0x00000000000f0000-0x00000000000fffff] reserved
[    0.000000] BIOS-e820: [mem 0x0000000000100000-0x000000003ffdffff] usable
[    0.000000] BIOS-e820: [mem 0x000000003ffe0000-0x000000003fffffff] reserved
[    0.000000] BIOS-e820: [mem 0x00000000feffc000-0x00000000feffffff] reserved
[    0.000000] BIOS-e820: [mem 0x00000000fffc0000-0x00000000ffffffff] reserved
[    0.000000] printk: legacy bootconsole [earlyser0] enabled
[    0.000000] NX (Execute Disable) protection: active
[    0.000000] APIC: Static calls initialized
[    0.000000] SMBIOS 3.0.0 present.
[    0.000000] DMI: QEMU Ubuntu 24.04 PC (i440FX + PIIX, 1996), BIOS 1.16.3-debian-1.16.3-2 04/01/2014
[    0.000000] DMI: Memory slots populated: 1/1
[    0.000000] Hypervisor detected: KVM
[    0.000000] kvm-clock: Using msrs 4b564d01 and 4b564d00
[    0.000001] kvm-clock: using sched offset of 1350502613 cycles
[    0.000775] clocksource: kvm-clock: mask: 0xffffffffffffffff max_cycles: 0x1cd42e4dffb, max_idle_ns: 881590591483 ns
[    0.003186] tsc: Detected 2000.000 MHz processor
[    0.005109] last_pfn = 0x3ffe0 max_arch_pfn = 0x10000000000
[    0.005995] MTRR map: 4 entries (3 fixed + 1 variable; max 19), built from 8 variable MTRRs
[    0.007230] x86/PAT: Configuration [0-7]: WB  WC  UC- UC  WB  WP  UC- WT  
[    0.016827] found SMP MP-table at [mem 0x000f5470-0x000f547f]
[    0.017698] Using GB pages for direct mapping
[    0.018636] ACPI: Early table checksum verification disabled
[    0.019473] ACPI: RSDP 0x00000000000F5290 000014 (v00 BOCHS )
[    0.020328] ACPI: RSDT 0x000000003FFE308E 000034 (v01 BOCHS  BXPC     00000001 BXPC 00000001)
[    0.021603] ACPI: FACP 0x000000003FFE2D8A 000074 (v01 BOCHS  BXPC     00000001 BXPC 00000001)
[    0.022866] ACPI: DSDT 0x000000003FFE0040 002D4A (v01 BOCHS  BXPC     00000001 BXPC 00000001)
[    0.024125] ACPI: FACS 0x000000003FFE0000 000040
[    0.024810] ACPI: APIC 0x000000003FFE2DFE 000230 (v03 BOCHS  BXPC     00000001 BXPC 00000001)
[    0.026075] ACPI: HPET 0x000000003FFE302E 000038 (v01 BOCHS  BXPC     00000001 BXPC 00000001)
[    0.027334] ACPI: WAET 0x000000003FFE3066 000028 (v01 BOCHS  BXPC     00000001 BXPC 00000001)
[    0.028592] ACPI: Reserving FACP table memory at [mem 0x3ffe2d8a-0x3ffe2dfd]
[    0.029633] ACPI: Reserving DSDT table memory at [mem 0x3ffe0040-0x3ffe2d89]
[    0.030669] ACPI: Reserving FACS table memory at [mem 0x3ffe0000-0x3ffe003f]
[    0.031706] ACPI: Reserving APIC table memory at [mem 0x3ffe2dfe-0x3ffe302d]
[    0.032742] ACPI: Reserving HPET table memory at [mem 0x3ffe302e-0x3ffe3065]
[    0.033781] ACPI: Reserving WAET table memory at [mem 0x3ffe3066-0x3ffe308d]
[    0.035324] No NUMA configuration found
[    0.035902] Faking a node at [mem 0x0000000000000000-0x000000003ffdffff]
[    0.036891] NODE_DATA(0) allocated [mem 0x3ffdb000-0x3ffdffff]
[    0.037914] Zone ranges:
[    0.038289]   DMA      [mem 0x0000000000001000-0x0000000000ffffff]
[    0.039200]   DMA32    [mem 0x0000000001000000-0x000000003ffdffff]
[    0.040111]   Normal   empty
[    0.040539]   Device   empty
[    0.040964] Movable zone start for each node
[    0.041596] Early memory node ranges
[    0.042122]   node   0: [mem 0x0000000000001000-0x000000000009efff]
[    0.043045]   node   0: [mem 0x0000000000100000-0x000000003ffdffff]
[    0.043967] Initmem setup node 0 [mem 0x0000000000001000-0x000000003ffdffff]
[    0.045011] On node 0, zone DMA: 1 pages in unavailable ranges
[    0.045975] On node 0, zone DMA: 97 pages in unavailable ranges
[    0.055511] On node 0, zone DMA32: 32 pages in unavailable ranges
[    0.089717] kasan: KernelAddressSanitizer initialized
[    0.091019] ACPI: PM-Timer IO Port: 0x608
[    0.091641] ACPI: LAPIC_NMI (acpi_id[0xff] dfl dfl lint[0x1])
[    0.092548] IOAPIC[0]: apic_id 0, version 17, address 0xfec00000, GSI 0-23
[    0.093576] ACPI: INT_SRC_OVR (bus 0 bus_irq 0 global_irq 2 dfl dfl)
[    0.094513] ACPI: INT_SRC_OVR (bus 0 bus_irq 5 global_irq 5 high level)
[    0.095487] ACPI: INT_SRC_OVR (bus 0 bus_irq 9 global_irq 9 high level)
[    0.096460] ACPI: INT_SRC_OVR (bus 0 bus_irq 10 global_irq 10 high level)
[    0.097472] ACPI: INT_SRC_OVR (bus 0 bus_irq 11 global_irq 11 high level)
[    0.098478] ACPI: Using ACPI (MADT) for SMP configuration information
[    0.099425] ACPI: HPET id: 0x8086a201 base: 0xfed00000
[    0.100184] TSC deadline timer available
[    0.100766] CPU topo: Max. logical packages:   1
[    0.101536] CPU topo: Max. logical dies:       1
[    0.102215] CPU topo: Max. dies per package:   1
[    0.102897] CPU topo: Max. threads per core:   1
[    0.103577] CPU topo: Num. cores per package:    56
[    0.104294] CPU topo: Num. threads per package:  56
[    0.105010] CPU topo: Allowing 56 present CPUs plus 0 hotplug CPUs
[    0.105958] kvm-guest: APIC: eoi() replaced with kvm_guest_apic_eoi_write()
[    0.107005] kvm-guest: KVM setup pv remote TLB flush
[    0.107741] kvm-guest: setup PV sched yield
[    0.108366] PM: hibernation: Registered nosave memory: [mem 0x00000000-0x00000fff]
[    0.109487] PM: hibernation: Registered nosave memory: [mem 0x0009f000-0x0009ffff]
[    0.110600] PM: hibernation: Registered nosave memory: [mem 0x000a0000-0x000effff]
[    0.111712] PM: hibernation: Registered nosave memory: [mem 0x000f0000-0x000fffff]
[    0.112826] [mem 0x40000000-0xfeffbfff] available for PCI devices
[    0.113727] Booting paravirtualized kernel on KVM
[    0.114419] clocksource: refined-jiffies: mask: 0xffffffff max_cycles: 0xffffffff, max_idle_ns: 1910969940391419 ns
[    0.137159] setup_percpu: NR_CPUS:64 nr_cpumask_bits:56 nr_cpu_ids:56 nr_node_ids:1
[    0.147773] percpu: Embedded 70 pages/cpu s248408 r8192 d30120 u524288
[    0.148963] Kernel command line: virtme_hostname=virtme-ng nr_open=1048576 virtme_link_mods=/nipa-data/kernel/.virtme_mods/lib/modules/0.0.0 virtme_initmount0=nipa-data/kernel virtme_rw_overlay0=/etc virtme_rw_overlay1=/lib virtme_rw_overlay2=/home virtme_rw_overlay3=/opt virtme_rw_overlay4=/srv virtme_rw_overlay5=/usr virtme_rw_overlay6=/var console=hvc0 earlyprintk=serial,ttyS0,115200 virtme_console=ttyS0 psmouse.proto=exps TERM=xterm virtme_chdir=nipa-data/kernel virtme_root_user=1 rootfstype=9p rootflags=version=9p2000.L,trans=virtio,access=any raid=noautodetect ro init=/usr/lib/python3/dist-packages/virtme/guest/virtme-init
[    0.157582] Unknown kernel command line parameters "virtme_hostname=virtme-ng nr_open=1048576 virtme_link_mods=/nipa-data/kernel/.virtme_mods/lib/modules/0.0.0 virtme_initmount0=nipa-data/kernel virtme_rw_overlay0=/etc virtme_rw_overlay1=/lib virtme_rw_overlay2=/home virtme_rw_overlay3=/opt virtme_rw_overlay4=/srv virtme_rw_overlay5=/usr virtme_rw_overlay6=/var virtme_console=ttyS0 virtme_chdir=nipa-data/kernel virtme_root_user=1", will be passed to user space.
[    0.163697] random: crng init done
[    0.164206] printk: log_buf_len individual max cpu contribution: 4096 bytes
[    0.165245] printk: log_buf_len total cpu_extra contributions: 225280 bytes
[    0.166286] printk: log_buf_len min size: 262144 bytes
[    0.167939] printk: log_buf_len: 524288 bytes
[    0.168620] printk: early log buf free: 253864(96%)
[    0.169855] Dentry cache hash table entries: 131072 (order: 8, 1048576 bytes, linear)
[    0.171107] Inode-cache hash table entries: 65536 (order: 7, 524288 bytes, linear)
[    0.174912] Fallback order for Node 0: 0 
[    0.174928] Built 1 zonelists, mobility grouping on.  Total pages: 262014
[    0.176481] Policy zone: DMA32
[    0.176917] mem auto-init: stack:all(zero), heap alloc:off, heap free:off
[    0.177888] stackdepot: allocating hash table via alloc_large_system_hash
[    0.178854] stackdepot hash table entries: 1048576 (order: 12, 16777216 bytes, linear)
[    0.203753] SLUB: HWalign=64, Order=0-3, MinObjects=0, CPUs=56, Nodes=1
Poking KASLR using RDRAND RDTSC...
[    0.205321] ftrace: allocating 48392 entries in 190 pages
[    0.225168] ftrace: allocated 190 pages with 6 groups
[    0.227899] Dynamic Preempt: voluntary
[    0.230484] rcu: Preemptible hierarchical RCU implementation.
[    0.231306] rcu: RCU event tracing is enabled.
[    0.231948] rcu: RCU restricting CPUs from NR_CPUS=64 to nr_cpu_ids=56.
[    0.232904] Trampoline variant of Tasks RCU enabled.
[    0.233625] Rude variant of Tasks RCU enabled.
[    0.234268] Tracing variant of Tasks RCU enabled.
[    0.234948] rcu: RCU calculated value of scheduler-enlistment delay is 100 jiffies.
[    0.236034] rcu: Adjusting geometry for rcu_fanout_leaf=16, nr_cpu_ids=56
[    0.237302] RCU Tasks: Setting shift to 6 and lim to 1 rcu_task_cb_adjust=1.
[    0.238313] RCU Tasks Rude: Setting shift to 6 and lim to 1 rcu_task_cb_adjust=1.
[    0.239378] RCU Tasks Trace: Setting shift to 6 and lim to 1 rcu_task_cb_adjust=1.
[    0.260534] NR_IRQS: 4352, nr_irqs: 872, preallocated irqs: 16
[    0.261919] rcu: srcu_init: Setting srcu_struct sizes based on contention.
[    0.263381] Console: colour *CGA 80x25
[    0.264025] ACPI: Core revision 20240322
[    0.264950] clocksource: hpet: mask: 0xffffffff max_cycles: 0xffffffff, max_idle_ns: 19112604467 ns
[    0.266404] APIC: Switch to symmetric I/O mode setup
[    0.267312] APIC: Switched APIC routing to: physical flat
[    0.268425] kvm-guest: APIC: send_IPI_mask() replaced with kvm_send_ipi_mask()
[    0.269529] kvm-guest: APIC: send_IPI_mask_allbutself() replaced with kvm_send_ipi_mask_allbutself()
[    0.271138] kvm-guest: setup PV IPIs
[    0.273465] ..TIMER: vector=0x30 apic1=0 pin1=2 apic2=-1 pin2=-1
[    0.275180] clocksource: tsc-early: mask: 0xffffffffffffffff max_cycles: 0x39a85c9bff6, max_idle_ns: 881590591483 ns
[    0.278228] Calibrating delay loop (skipped) preset value.. 4000.00 BogoMIPS (lpj=2000000)
[    0.280222] x86/cpu: User Mode Instruction Prevention (UMIP) activated
[    0.281378] Last level iTLB entries: 4KB 0, 2MB 0, 4MB 0
[    0.282220] Last level dTLB entries: 4KB 0, 2MB 0, 4MB 0, 1GB 0
[    0.283244] Spectre V1 : Mitigation: usercopy/swapgs barriers and __user pointer sanitization
[    0.284230] Spectre V2 : Spectre BHI mitigation: SW BHB clearing on syscall and VM exit
[    0.285220] Spectre V2 : Mitigation: Enhanced / Automatic IBRS
[    0.286220] Spectre V2 : Spectre v2 / SpectreRSB mitigation: Filling RSB on context switch
[    0.287220] Spectre V2 : Spectre v2 / PBRSB-eIBRS: Retire a single CALL on VMEXIT
[    0.288224] Spectre V2 : mitigation: Enabling conditional Indirect Branch Prediction Barrier
[    0.289235] Speculative Store Bypass: Mitigation: Speculative Store Bypass disabled via prctl
[    0.290222] TAA: Mitigation: TSX disabled
[    0.291312] x86/fpu: Supporting XSAVE feature 0x001: 'x87 floating point registers'
[    0.292220] x86/fpu: Supporting XSAVE feature 0x002: 'SSE registers'
[    0.293220] x86/fpu: Supporting XSAVE feature 0x004: 'AVX registers'
[    0.294220] x86/fpu: Supporting XSAVE feature 0x020: 'AVX-512 opmask'
[    0.295220] x86/fpu: Supporting XSAVE feature 0x040: 'AVX-512 Hi256'
[    0.296220] x86/fpu: Supporting XSAVE feature 0x080: 'AVX-512 ZMM_Hi256'
[    0.297220] x86/fpu: Supporting XSAVE feature 0x200: 'Protection Keys User registers'
[    0.298220] x86/fpu: Supporting XSAVE feature 0x20000: 'AMX Tile config'
[    0.299220] x86/fpu: Supporting XSAVE feature 0x40000: 'AMX Tile data'
[    0.300221] x86/fpu: xstate_offset[2]:  576, xstate_sizes[2]:  256
[    0.301220] x86/fpu: xstate_offset[5]:  832, xstate_sizes[5]:   64
[    0.302220] x86/fpu: xstate_offset[6]:  896, xstate_sizes[6]:  512
[    0.303220] x86/fpu: xstate_offset[7]: 1408, xstate_sizes[7]: 1024
[    0.304220] x86/fpu: xstate_offset[9]: 2432, xstate_sizes[9]:    8
[    0.305220] x86/fpu: xstate_offset[17]: 2496, xstate_sizes[17]:   64
[    0.306220] x86/fpu: xstate_offset[18]: 2560, xstate_sizes[18]: 8192
[    0.307220] x86/fpu: Enabled xstate features 0x602e7, context size is 10752 bytes, using 'compacted' format.
[    0.353713] Freeing SMP alternatives memory: 40K
[    0.354225] pid_max: default: 57344 minimum: 448
[    0.355545] Mount-cache hash table entries: 2048 (order: 2, 16384 bytes, linear)
[    0.356236] Mountpoint-cache hash table entries: 2048 (order: 2, 16384 bytes, linear)
[    0.358805] smpboot: CPU0: Intel(R) Xeon(R) Platinum 8480+ (family: 0x6, model: 0x8f, stepping: 0x6)
[    0.360015] Performance Events: PEBS fmt0-, Sapphire Rapids events, full-width counters, Intel PMU driver.
[    0.360227] ... version:                2
[    0.361042] ... bit width:              48
[    0.361223] ... generic registers:      8
[    0.362039] ... value mask:             0000ffffffffffff
[    0.362222] ... max period:             00007fffffffffff
[    0.363222] ... fixed-purpose events:   3
[    0.364040] ... event mask:             00000007000000ff
[    0.364565] signal: max sigframe size: 11952
[    0.365290] rcu: Hierarchical SRCU implementation.
[    0.366223] rcu: Max phase no-delay instances is 400.
[    0.367336] Timer migration: 2 hierarchy levels; 8 children per group; 2 crossnode level
[    0.370901] smp: Bringing up secondary CPUs ...
[    0.371525] smpboot: x86: Booting SMP configuration:
[    0.372227] .... node  #0, CPUs:        #1  #2  #3  #4  #5  #6  #7  #8  #9 #10 #11 #12 #13 #14 #15 #16 #17 #18 #19 #20 #21 #22 #23 #24 #25 #26 #27 #28 #29 #30 #31 #32 #33 #34 #35 #36 #37 #38 #39 #40 #41 #42 #43 #44 #45 #46 #47 #48 #49 #50 #51 #52 #53 #54 #55
[    0.437043] smp: Brought up 1 node, 56 CPUs
[    0.438109] smpboot: Total of 56 processors activated (224000.00 BogoMIPS)
[    0.454456] Memory: 742836K/1048056K available (45056K kernel code, 11292K rwdata, 9928K rodata, 5952K init, 1976K bss, 280352K reserved, 0K cma-reserved)
[    0.456222] devtmpfs: initialized
[    0.457332] x86/mm: Memory block size: 128MB
[    0.467628] clocksource: jiffies: mask: 0xffffffff max_cycles: 0xffffffff, max_idle_ns: 1911260446275000 ns
[    0.468250] futex hash table entries: 16384 (order: 8, 1048576 bytes, linear)
[    0.470225] PM: RTC time: 09:28:21, date: 2024-08-29
[    0.474268] NET: Registered PF_NETLINK/PF_ROUTE protocol family
[    0.476411] thermal_sys: Registered thermal governor 'step_wise'
[    0.476416] thermal_sys: Registered thermal governor 'user_space'
[    0.477303] cpuidle: using governor menu
[    0.480892] PCI: Using configuration type 1 for base access
[    0.481404] kprobes: kprobe jump-optimization is enabled. All kprobes are optimized if possible.
[    0.528598] HugeTLB: registered 1.00 GiB page size, pre-allocated 0 pages
[    0.531232] HugeTLB: 16380 KiB vmemmap can be freed for a 1.00 GiB page
[    0.534228] HugeTLB: registered 2.00 MiB page size, pre-allocated 0 pages
[    0.537226] HugeTLB: 28 KiB vmemmap can be freed for a 2.00 MiB page
[    0.541598] ACPI: Added _OSI(Module Device)
[    0.543226] ACPI: Added _OSI(Processor Device)
[    0.544160] ACPI: Added _OSI(3.0 _SCP Extensions)
[    0.545223] ACPI: Added _OSI(Processor Aggregator Device)
[    0.574813] ACPI: 1 ACPI AML tables successfully acquired and loaded
[    0.586435] ACPI: Interpreter enabled
[    0.587302] ACPI: PM: (supports S0 S3 S4 S5)
[    0.588202] ACPI: Using IOAPIC for interrupt routing
[    0.588298] PCI: Using host bridge windows from ACPI; if necessary, use "pci=nocrs" and report a bug
[    0.590224] PCI: Using E820 reservations for host bridge windows
[    0.592676] ACPI: Enabled 2 GPEs in block 00 to 0F
[    0.660640] ACPI: PCI Root Bridge [PCI0] (domain 0000 [bus 00-ff])
[    0.661241] acpi PNP0A03:00: _OSC: OS supports [ASPM ClockPM Segments MSI HPX-Type3]
[    0.662224] acpi PNP0A03:00: _OSC: not requesting OS control; OS requires [ExtendedConfig ASPM ClockPM MSI]
[    0.664356] acpi PNP0A03:00: fail to add MMCONFIG information, can't access extended configuration space under this bridge
[    0.666660] PCI host bridge to bus 0000:00
[    0.667288] pci_bus 0000:00: root bus resource [io  0x0000-0x0cf7 window]
[    0.669226] pci_bus 0000:00: root bus resource [io  0x0d00-0xffff window]
[    0.670225] pci_bus 0000:00: root bus resource [mem 0x000a0000-0x000bffff window]
[    0.671225] pci_bus 0000:00: root bus resource [mem 0x40000000-0xfebfffff window]
[    0.673225] pci_bus 0000:00: root bus resource [mem 0x100000000-0x17fffffff window]
[    0.674226] pci_bus 0000:00: root bus resource [bus 00-ff]
[    0.675293] pci 0000:00:00.0: [8086:1237] type 00 class 0x060000 conventional PCI endpoint
[    0.678467] pci 0000:00:01.0: [8086:7000] type 00 class 0x060100 conventional PCI endpoint
[    0.680595] pci 0000:00:01.1: [8086:7010] type 00 class 0x010180 conventional PCI endpoint
[    0.686224] pci 0000:00:01.1: BAR 4 [io  0xc0c0-0xc0cf]
[    0.688591] pci 0000:00:01.1: BAR 0 [io  0x01f0-0x01f7]: legacy IDE quirk
[    0.690226] pci 0000:00:01.1: BAR 1 [io  0x03f6]: legacy IDE quirk
[    0.691222] pci 0000:00:01.1: BAR 2 [io  0x0170-0x0177]: legacy IDE quirk
[    0.692222] pci 0000:00:01.1: BAR 3 [io  0x0376]: legacy IDE quirk
[    0.695204] pci 0000:00:01.3: [8086:7113] type 00 class 0x068000 conventional PCI endpoint
[    0.697861] pci 0000:00:01.3: quirk: [io  0x0600-0x063f] claimed by PIIX4 ACPI
[    0.698233] pci 0000:00:01.3: quirk: [io  0x0700-0x070f] claimed by PIIX4 SMB
[    0.701261] pci 0000:00:02.0: [1af4:1009] type 00 class 0x000200 conventional PCI endpoint
[    0.704963] pci 0000:00:02.0: BAR 0 [io  0xc000-0xc03f]
[    0.707226] pci 0000:00:02.0: BAR 1 [mem 0xfebfc000-0xfebfcfff]
[    0.713226] pci 0000:00:02.0: BAR 4 [mem 0xfebf0000-0xfebf3fff 64bit pref]
[    0.728531] pci 0000:00:03.0: [1af4:1009] type 00 class 0x000200 conventional PCI endpoint
[    0.731225] pci 0000:00:03.0: BAR 0 [io  0xc040-0xc07f]
[    0.733737] pci 0000:00:03.0: BAR 1 [mem 0xfebfd000-0xfebfdfff]
[    0.737227] pci 0000:00:03.0: BAR 4 [mem 0xfebf4000-0xfebf7fff 64bit pref]
[    0.752814] pci 0000:00:04.0: [8086:25ab] type 00 class 0x088000 conventional PCI endpoint
[    0.755504] pci 0000:00:04.0: BAR 0 [mem 0xfebfe000-0xfebfe00f]
[    0.770764] pci 0000:00:05.0: [1af4:1003] type 00 class 0x078000 conventional PCI endpoint
[    0.773226] pci 0000:00:05.0: BAR 0 [io  0xc080-0xc0bf]
[    0.774224] pci 0000:00:05.0: BAR 1 [mem 0xfebff000-0xfebfffff]
[    0.779226] pci 0000:00:05.0: BAR 4 [mem 0xfebf8000-0xfebfbfff 64bit pref]
[    0.799063] ACPI: PCI: Interrupt link LNKA configured for IRQ 10
[    0.801313] ACPI: PCI: Interrupt link LNKB configured for IRQ 10
[    0.803285] ACPI: PCI: Interrupt link LNKC configured for IRQ 11
[    0.805264] ACPI: PCI: Interrupt link LNKD configured for IRQ 11
[    0.807658] ACPI: PCI: Interrupt link LNKS configured for IRQ 9
[    0.843082] iommu: Default domain type: Translated
[    0.844224] iommu: DMA domain TLB invalidation policy: lazy mode
[    0.845815] SCSI subsystem initialized
[    0.847501] pps_core: LinuxPPS API ver. 1 registered
[    0.848226] pps_core: Software ver. 5.3.6 - Copyright 2005-2007 Rodolfo Giometti <giometti@linux.it>
[    0.850239] PTP clock support registered
[    0.853455] Advanced Linux Sound Architecture Driver Initialized.
[    0.857074] NET: Registered PF_ATMPVC protocol family
[    0.858224] NET: Registered PF_ATMSVC protocol family
[    0.859254] PCI: Using ACPI for IRQ routing
[    0.860393] vgaarb: loaded
[    0.862441] hpet0: at MMIO 0xfed00000, IRQs 2, 8, 0
[    0.863222] hpet0: 3 comparators, 64-bit 100.000000 MHz counter
[    0.873099] clocksource: Switched to clocksource kvm-clock
[    0.874998] VFS: Disk quotas dquot_6.6.0
[    0.875862] VFS: Dquot-cache hash table entries: 512 (order 0, 4096 bytes)
[    0.881761] pnp: PnP ACPI init
[    0.887217] pnp: PnP ACPI: found 5 devices
[    0.923590] clocksource: acpi_pm: mask: 0xffffff max_cycles: 0xffffff, max_idle_ns: 2085701024 ns
[    0.925575] NET: Registered PF_INET protocol family
[    0.926681] IP idents hash table entries: 16384 (order: 5, 131072 bytes, linear)
[    0.928954] tcp_listen_portaddr_hash hash table entries: 512 (order: 1, 8192 bytes, linear)
[    0.930683] Table-perturb hash table entries: 65536 (order: 6, 262144 bytes, linear)
[    0.932318] TCP established hash table entries: 8192 (order: 4, 65536 bytes, linear)
[    0.933920] TCP bind hash table entries: 8192 (order: 6, 262144 bytes, linear)
[    0.935442] TCP: Hash tables configured (established 8192 bind 8192)
[    0.937437] UDP hash table entries: 512 (order: 2, 16384 bytes, linear)
[    0.938854] UDP-Lite hash table entries: 512 (order: 2, 16384 bytes, linear)
[    0.940734] NET: Registered PF_UNIX/PF_LOCAL protocol family
[    0.941927] pci_bus 0000:00: resource 4 [io  0x0000-0x0cf7 window]
[    0.943201] pci_bus 0000:00: resource 5 [io  0x0d00-0xffff window]
[    0.944466] pci_bus 0000:00: resource 6 [mem 0x000a0000-0x000bffff window]
[    0.945872] pci_bus 0000:00: resource 7 [mem 0x40000000-0xfebfffff window]
[    0.947275] pci_bus 0000:00: resource 8 [mem 0x100000000-0x17fffffff window]
[    0.948951] pci 0000:00:01.0: PIIX3: Enabling Passive Release
[    0.950138] pci 0000:00:00.0: Limiting direct PCI/PCI transfers
[    0.951450] PCI: CLS 0 bytes, default 64
[    0.968163] RAPL PMU: API unit is 2^-32 Joules, 1 fixed counters, 10737418240 ms ovfl timer
[    0.969892] RAPL PMU: hw unit of domain psys 2^-0 Joules
[    1.280372] kwatchdog (374) used greatest stack depth: 30696 bytes left
[    1.530514] kvm_amd: CPU 5 isn't AMD or Hygon
[    1.531428] clocksource: tsc: mask: 0xffffffffffffffff max_cycles: 0x39a85c9bff6, max_idle_ns: 881590591483 ns
[    1.696435] Initialise system trusted keyrings
[    1.698282] workingset: timestamp_bits=56 max_order=18 bucket_order=0
[    1.700064] squashfs: version 4.0 (2009/01/31) Phillip Lougher
[    1.701302] fuse: init (API version 7.40)
[    1.702822] 9p: Installing v9fs 9p2000 file system support
[    1.722878] Key type asymmetric registered
[    1.723731] Asymmetric key parser 'x509' registered
[    1.724808] Block layer SCSI generic (bsg) driver version 0.4 loaded (major 249)
[    1.726370] io scheduler mq-deadline registered
[    1.727296] io scheduler kyber registered
[    1.746883] input: Power Button as /devices/LNXSYSTM:00/LNXPWRBN:00/input/input0
[    1.748846] ACPI: button: Power Button [PWRF]
[    1.752862] Warning: Processor Platform Limit event detected, but not handled.
[    1.755187] Consider compiling CPUfreq support into your kernel.
[    2.671418] ACPI: \_SB_.LNKB: Enabled at IRQ 10
[    3.551188] ACPI: \_SB_.LNKC: Enabled at IRQ 11
[    4.430598] ACPI: \_SB_.LNKA: Enabled at IRQ 10
[    4.433528] Serial: 8250/16550 driver, 4 ports, IRQ sharing enabled
[    4.435335] 00:03: ttyS0 at I/O 0x3f8 (irq = 4, base_baud = 115200) is a 16550A
[    4.471239] Non-volatile memory driver v1.3
[    4.472143] Linux agpgart interface v0.103
[    4.473848] ACPI: bus type drm_connector registered
[    4.476185] printk: legacy console [hvc0] enabled
[    4.477256] printk: legacy bootconsole [earlyser0] disabled
          _      _                                    
   __   _(_)_ __| |_ _ __ ___   ___       _ __   __ _ 
   \ \ / / |  __| __|  _   _ \ / _ \_____|  _ \ / _  |
    \ V /| | |  | |_| | | | | |  __/_____| | | | (_| |
     \_/ |_|_|   \__|_| |_| |_|\___|     |_| |_|\__  |
                                                |___/ 
   kernel version: 6.11.0-rc4-virtme x86_64
   (CTRL+d to exit)

root@virtme-ng:/nipa-data/kernel# PS1='xx__-> '
xx__-> env
PWD=/nipa-data/kernel
nr_open=1048576
HOME=/
TERM=xterm
SHLVL=2
XDG_RUNTIME_DIR=/run/user/0
PATH=/bin:/sbin:/usr/bin:/usr/sbin:/usr/local/bin
OLDPWD=/
_=/bin/env
xx__-> 