No EFI environment detected.
early console in extract_kernel
input_data: 0x0000000004b122b9
input_len: 0x00000000017bcf99
output: 0x0000000001000000
output_len: 0x000000000525c284
kernel_total_size: 0x0000000004e30000
needed_size: 0x0000000005400000
trampoline_32bit: 0x0000000000000000
Physical KASLR using RDRAND RDTSC...
Virtual KASLR using RDRAND RDTSC...

Decompressing Linux... Parsing ELF... Performing relocations... done.
Booting the kernel (entry_offset: 0x0000000000000000).
[    0.000000] Linux version 6.8.0-rc5-virtme (root@b846418f5f13) (gcc (Alpine 13.2.1_git20231014) 13.2.1 20231014, GNU ld (GNU Binutils) 2.42) #1 SMP PREEMPT_DYNAMIC Mon Feb 26 03:26:41 UTC 2024
[    0.000000] Command line: virtme_hostname=virtme-ng virtme_link_mods=/nipa-data/kernel/.virtme_mods/lib/modules/0.0.0 virtme_initmount0=nipa-data/kernel virtme_rw_overlay0=/etc virtme_rw_overlay1=/lib virtme_rw_overlay2=/home virtme_rw_overlay3=/opt virtme_rw_overlay4=/srv virtme_rw_overlay5=/usr virtme_rw_overlay6=/var earlyprintk=serial,ttyS0,115200 console=ttyS0 psmouse.proto=exps TERM=xterm virtme_chdir=nipa-data/kernel virtme_root_user=1 rootfstype=9p rootflags=version=9p2000.L,trans=virtio,access=any raid=noautodetect ro init=/usr/lib/python3.11/site-packages/virtme/guest/virtme-init
[    0.000000] BIOS-provided physical RAM map:
[    0.000000] BIOS-e820: [mem 0x0000000000000000-0x000000000009fbff] usable
[    0.000000] BIOS-e820: [mem 0x000000000009fc00-0x000000000009ffff] reserved
[    0.000000] BIOS-e820: [mem 0x00000000000f0000-0x00000000000fffff] reserved
[    0.000000] BIOS-e820: [mem 0x0000000000100000-0x000000003ffdffff] usable
[    0.000000] BIOS-e820: [mem 0x000000003ffe0000-0x000000003fffffff] reserved
[    0.000000] BIOS-e820: [mem 0x00000000feffc000-0x00000000feffffff] reserved
[    0.000000] BIOS-e820: [mem 0x00000000fffc0000-0x00000000ffffffff] reserved
[    0.000000] BIOS-e820: [mem 0x000000fd00000000-0x000000ffffffffff] reserved
[    0.000000] printk: legacy bootconsole [earlyser0] enabled
[    0.000000] NX (Execute Disable) protection: active
[    0.000000] APIC: Static calls initialized
[    0.000000] SMBIOS 3.0.0 present.
[    0.000000] DMI: QEMU Standard PC (i440FX + PIIX, 1996), BIOS rel-1.16.3-0-ga6ed6b701f0a-prebuilt.qemu.org 04/01/2014
[    0.000000] Hypervisor detected: KVM
[    0.000000] kvm-clock: Using msrs 4b564d01 and 4b564d00
[    0.000000] kvm-clock: using sched offset of 328488946 cycles
[    0.000397] clocksource: kvm-clock: mask: 0xffffffffffffffff max_cycles: 0x1cd42e4dffb, max_idle_ns: 881590591483 ns
[    0.001629] tsc: Detected 4491.536 MHz processor
[    0.002364] last_pfn = 0x3ffe0 max_arch_pfn = 0x400000000
[    0.002798] MTRR map: 4 entries (3 fixed + 1 variable; max 19), built from 8 variable MTRRs
[    0.003432] x86/PAT: Configuration [0-7]: WB  WC  UC- UC  WB  WP  UC- WT  
[    0.005558] found SMP MP-table at [mem 0x000f5470-0x000f547f]
[    0.006000] Using GB pages for direct mapping
[    0.006545] ACPI: Early table checksum verification disabled
[    0.006975] ACPI: RSDP 0x00000000000F5290 000014 (v00 BOCHS )
[    0.007412] ACPI: RSDT 0x000000003FFE27B6 000034 (v01 BOCHS  BXPC     00000001 BXPC 00000001)
[    0.008061] ACPI: FACP 0x000000003FFE2572 000074 (v01 BOCHS  BXPC     00000001 BXPC 00000001)
[    0.008710] ACPI: DSDT 0x000000003FFE0040 002532 (v01 BOCHS  BXPC     00000001 BXPC 00000001)
[    0.009357] ACPI: FACS 0x000000003FFE0000 000040
[    0.009708] ACPI: APIC 0x000000003FFE25E6 000170 (v03 BOCHS  BXPC     00000001 BXPC 00000001)
[    0.010354] ACPI: HPET 0x000000003FFE2756 000038 (v01 BOCHS  BXPC     00000001 BXPC 00000001)
[    0.011003] ACPI: WAET 0x000000003FFE278E 000028 (v01 BOCHS  BXPC     00000001 BXPC 00000001)
[    0.011645] ACPI: Reserving FACP table memory at [mem 0x3ffe2572-0x3ffe25e5]
[    0.012175] ACPI: Reserving DSDT table memory at [mem 0x3ffe0040-0x3ffe2571]
[    0.012710] ACPI: Reserving FACS table memory at [mem 0x3ffe0000-0x3ffe003f]
[    0.013241] ACPI: Reserving APIC table memory at [mem 0x3ffe25e6-0x3ffe2755]
[    0.013771] ACPI: Reserving HPET table memory at [mem 0x3ffe2756-0x3ffe278d]
[    0.014307] ACPI: Reserving WAET table memory at [mem 0x3ffe278e-0x3ffe27b5]
[    0.015045] No NUMA configuration found
[    0.015335] Faking a node at [mem 0x0000000000000000-0x000000003ffdffff]
[    0.015841] NODE_DATA(0) allocated [mem 0x3ffdb000-0x3ffdffff]
[    0.016299] Zone ranges:
[    0.016493]   DMA      [mem 0x0000000000001000-0x0000000000ffffff]
[    0.016960]   DMA32    [mem 0x0000000001000000-0x000000003ffdffff]
[    0.017426]   Normal   empty
[    0.017644]   Device   empty
[    0.017862] Movable zone start for each node
[    0.018184] Early memory node ranges
[    0.018453]   node   0: [mem 0x0000000000001000-0x000000000009efff]
[    0.018927]   node   0: [mem 0x0000000000100000-0x000000003ffdffff]
[    0.019400] Initmem setup node 0 [mem 0x0000000000001000-0x000000003ffdffff]
[    0.019937] On node 0, zone DMA: 1 pages in unavailable ranges
[    0.020435] On node 0, zone DMA: 97 pages in unavailable ranges
[    0.025153] On node 0, zone DMA32: 32 pages in unavailable ranges
[    0.034700] kasan: KernelAddressSanitizer initialized
[    0.035308] ACPI: PM-Timer IO Port: 0x608
[    0.035621] ACPI: LAPIC_NMI (acpi_id[0xff] dfl dfl lint[0x1])
[    0.036079] IOAPIC[0]: apic_id 0, version 17, address 0xfec00000, GSI 0-23
[    0.036606] ACPI: INT_SRC_OVR (bus 0 bus_irq 0 global_irq 2 dfl dfl)
[    0.037087] ACPI: INT_SRC_OVR (bus 0 bus_irq 5 global_irq 5 high level)
[    0.037587] ACPI: INT_SRC_OVR (bus 0 bus_irq 9 global_irq 9 high level)
[    0.038086] ACPI: INT_SRC_OVR (bus 0 bus_irq 10 global_irq 10 high level)
[    0.038599] ACPI: INT_SRC_OVR (bus 0 bus_irq 11 global_irq 11 high level)
[    0.039113] ACPI: Using ACPI (MADT) for SMP configuration information
[    0.039601] ACPI: HPET id: 0x8086a201 base: 0xfed00000
[    0.039991] TSC deadline timer available
[    0.040286] smpboot: Allowing 32 CPUs, 0 hotplug CPUs
[    0.040690] kvm-guest: APIC: eoi() replaced with kvm_guest_apic_eoi_write()
[    0.041229] kvm-guest: KVM setup pv remote TLB flush
[    0.041607] kvm-guest: setup PV sched yield
[    0.041929] PM: hibernation: Registered nosave memory: [mem 0x00000000-0x00000fff]
[    0.042502] PM: hibernation: Registered nosave memory: [mem 0x0009f000-0x0009ffff]
[    0.043073] PM: hibernation: Registered nosave memory: [mem 0x000a0000-0x000effff]
[    0.043644] PM: hibernation: Registered nosave memory: [mem 0x000f0000-0x000fffff]
[    0.044220] [mem 0x40000000-0xfeffbfff] available for PCI devices
[    0.044683] Booting paravirtualized kernel on KVM
[    0.045039] clocksource: refined-jiffies: mask: 0xffffffff max_cycles: 0xffffffff, max_idle_ns: 1910969940391419 ns
[    0.053918] setup_percpu: NR_CPUS:64 nr_cpumask_bits:32 nr_cpu_ids:32 nr_node_ids:1
[    0.055746] percpu: Embedded 68 pages/cpu s241448 r8192 d28888 u524288
[    0.056298] Kernel command line: virtme_hostname=virtme-ng virtme_link_mods=/nipa-data/kernel/.virtme_mods/lib/modules/0.0.0 virtme_initmount0=nipa-data/kernel virtme_rw_overlay0=/etc virtme_rw_overlay1=/lib virtme_rw_overlay2=/home virtme_rw_overlay3=/opt virtme_rw_overlay4=/srv virtme_rw_overlay5=/usr virtme_rw_overlay6=/var earlyprintk=serial,ttyS0,115200 console=ttyS0 psmouse.proto=exps TERM=xterm virtme_chdir=nipa-data/kernel virtme_root_user=1 rootfstype=9p rootflags=version=9p2000.L,trans=virtio,access=any raid=noautodetect ro init=/usr/lib/python3.11/site-packages/virtme/guest/virtme-init
[    0.060516] Unknown kernel command line parameters "virtme_hostname=virtme-ng virtme_link_mods=/nipa-data/kernel/.virtme_mods/lib/modules/0.0.0 virtme_initmount0=nipa-data/kernel virtme_rw_overlay0=/etc virtme_rw_overlay1=/lib virtme_rw_overlay2=/home virtme_rw_overlay3=/opt virtme_rw_overlay4=/srv virtme_rw_overlay5=/usr virtme_rw_overlay6=/var virtme_chdir=nipa-data/kernel virtme_root_user=1", will be passed to user space.
[    0.063650] random: crng init done
[    0.064025] Dentry cache hash table entries: 131072 (order: 8, 1048576 bytes, linear)
[    0.064650] Inode-cache hash table entries: 65536 (order: 7, 524288 bytes, linear)
[    0.065668] Fallback order for Node 0: 0 
[    0.065672] Built 1 zonelists, mobility grouping on.  Total pages: 257760
[    0.066514] Policy zone: DMA32
[    0.066752] mem auto-init: stack:all(zero), heap alloc:off, heap free:off
[    0.067281] stackdepot: allocating hash table via alloc_large_system_hash
[    0.067810] stackdepot hash table entries: 1048576 (order: 12, 16777216 bytes, linear)
[    0.075850] Memory: 781272K/1048056K available (43008K kernel code, 11318K rwdata, 9560K rodata, 5736K init, 2452K bss, 266528K reserved, 0K cma-reserved)
[    0.077108] SLUB: HWalign=64, Order=0-3, MinObjects=0, CPUs=32, Nodes=1
Poking KASLR using RDRAND RDTSC...
[    0.077894] ftrace: allocating 46455 entries in 182 pages
[    0.086554] ftrace: allocated 182 pages with 5 groups
[    0.087819] Dynamic Preempt: voluntary
[    0.088458] rcu: Preemptible hierarchical RCU implementation.
[    0.088908] rcu: RCU event tracing is enabled.
[    0.089258] rcu: RCU restricting CPUs from NR_CPUS=64 to nr_cpu_ids=32.
[    0.089778] Trampoline variant of Tasks RCU enabled.
[    0.090169] Rude variant of Tasks RCU enabled.
[    0.090519] Tracing variant of Tasks RCU enabled.
[    0.090890] rcu: RCU calculated value of scheduler-enlistment delay is 100 jiffies.
[    0.091483] rcu: Adjusting geometry for rcu_fanout_leaf=16, nr_cpu_ids=32
[    0.100246] NR_IRQS: 4352, nr_irqs: 680, preallocated irqs: 16
[    0.100946] rcu: srcu_init: Setting srcu_struct sizes based on contention.
[    0.101686] Console: colour *CGA 80x25
[    0.101996] printk: legacy console [ttyS0] enabled
[    0.101996] printk: legacy console [ttyS0] enabled
[    0.102737] printk: legacy bootconsole [earlyser0] disabled
[    0.102737] printk: legacy bootconsole [earlyser0] disabled
[    0.103622] ACPI: Core revision 20230628
[    0.104091] clocksource: hpet: mask: 0xffffffff max_cycles: 0xffffffff, max_idle_ns: 19112604467 ns
[    0.104927] APIC: Switch to symmetric I/O mode setup
[    0.105320] APIC: Switched APIC routing to: physical flat
[    0.105742] kvm-guest: APIC: send_IPI_mask() replaced with kvm_send_ipi_mask()
[    0.106290] kvm-guest: APIC: send_IPI_mask_allbutself() replaced with kvm_send_ipi_mask_allbutself()
[    0.107001] kvm-guest: setup PV IPIs
[    0.108171] ..TIMER: vector=0x30 apic1=0 pin1=2 apic2=-1 pin2=-1
[    0.109011] tsc: Marking TSC unstable due to TSCs unsynchronized
[    0.109818] Calibrating delay loop (skipped) preset value.. 8983.07 BogoMIPS (lpj=4491536)
[    0.110878] x86/cpu: User Mode Instruction Prevention (UMIP) activated
[    0.111852] Last level iTLB entries: 4KB 512, 2MB 255, 4MB 127
[    0.112636] Last level dTLB entries: 4KB 512, 2MB 255, 4MB 127, 1GB 0
[    0.112817] Spectre V1 : Mitigation: usercopy/swapgs barriers and __user pointer sanitization
[    0.113818] Spectre V2 : Mitigation: Enhanced / Automatic IBRS
[    0.114814] Spectre V2 : Spectre v2 / SpectreRSB mitigation: Filling RSB on context switch
[    0.115816] Spectre V2 : mitigation: Enabling conditional Indirect Branch Prediction Barrier
[    0.116816] Speculative Store Bypass: Mitigation: Speculative Store Bypass disabled via prctl
[    0.117814] Speculative Return Stack Overflow: IBPB-extending microcode not applied!
[    0.118814] Speculative Return Stack Overflow: WARNING: See https://kernel.org/doc/html/latest/admin-guide/hw-vuln/srso.html for mitigation options.
[    0.118815] Speculative Return Stack Overflow: Vulnerable: Safe RET, no microcode
[    0.120830] x86/fpu: Supporting XSAVE feature 0x001: 'x87 floating point registers'
[    0.121814] x86/fpu: Supporting XSAVE feature 0x002: 'SSE registers'
[    0.122657] x86/fpu: Supporting XSAVE feature 0x004: 'AVX registers'
[    0.122814] x86/fpu: Supporting XSAVE feature 0x020: 'AVX-512 opmask'
[    0.123814] x86/fpu: Supporting XSAVE feature 0x040: 'AVX-512 Hi256'
[    0.124814] x86/fpu: Supporting XSAVE feature 0x080: 'AVX-512 ZMM_Hi256'
[    0.125814] x86/fpu: Supporting XSAVE feature 0x200: 'Protection Keys User registers'
[    0.126814] x86/fpu: xstate_offset[2]:  576, xstate_sizes[2]:  256
[    0.127814] x86/fpu: xstate_offset[5]:  832, xstate_sizes[5]:   64
[    0.128814] x86/fpu: xstate_offset[6]:  896, xstate_sizes[6]:  512
[    0.129635] x86/fpu: xstate_offset[7]: 1408, xstate_sizes[7]: 1024
[    0.129814] x86/fpu: xstate_offset[9]: 2432, xstate_sizes[9]:    8
[    0.130814] x86/fpu: Enabled xstate features 0x2e7, context size is 2440 bytes, using 'compacted' format.
[    0.153751] Freeing SMP alternatives memory: 36K
[    0.153815] pid_max: default: 32768 minimum: 301
[    0.154961] Mount-cache hash table entries: 2048 (order: 2, 16384 bytes, linear)
[    0.155815] Mountpoint-cache hash table entries: 2048 (order: 2, 16384 bytes, linear)
[    0.157897] smpboot: CPU0: AMD Ryzen 9 7950X 16-Core Processor (family: 0x19, model: 0x61, stepping: 0x2)
[    0.159148] RCU Tasks: Setting shift to 5 and lim to 1 rcu_task_cb_adjust=1.
[    0.159841] RCU Tasks Rude: Setting shift to 5 and lim to 1 rcu_task_cb_adjust=1.
[    0.160841] RCU Tasks Trace: Setting shift to 5 and lim to 1 rcu_task_cb_adjust=1.
[    0.161843] Performance Events: Fam17h+ core perfctr, AMD PMU driver.
[    0.162732] ... version:                0
[    0.162816] ... bit width:              48
[    0.163361] ... generic registers:      6
[    0.163816] ... value mask:             0000ffffffffffff
[    0.164520] ... max period:             00007fffffffffff
[    0.164816] ... fixed-purpose events:   0
[    0.165349] ... event mask:             000000000000003f
[    0.165915] signal: max sigframe size: 3376
[    0.166521] rcu: Hierarchical SRCU implementation.
[    0.166816] rcu: Max phase no-delay instances is 400.
[    0.171774] smp: Bringing up secondary CPUs ...
[    0.172008] smpboot: x86: Booting SMP configuration:
[    0.172668] .... node  #0, CPUs:        #1  #2  #3  #4  #5  #6  #7  #8  #9 #10 #11 #12 #13 #14 #15 #16 #17 #18 #19 #20 #21 #22 #23 #24 #25 #26 #27 #28 #29 #30 #31
[    0.196985] smp: Brought up 1 node, 32 CPUs
[    0.198573] smpboot: Max logical packages: 1
[    0.198817] smpboot: Total of 32 processors activated (287458.30 BogoMIPS)
[    0.214081] devtmpfs: initialized
[    0.215009] x86/mm: Memory block size: 128MB
[    0.225084] clocksource: jiffies: mask: 0xffffffff max_cycles: 0xffffffff, max_idle_ns: 1911260446275000 ns
[    0.225823] futex hash table entries: 8192 (order: 7, 524288 bytes, linear)
[    0.227298] PM: RTC time: 03:27:18, date: 2024-02-26
[    0.228876] NET: Registered PF_NETLINK/PF_ROUTE protocol family
[    0.231008] thermal_sys: Registered thermal governor 'step_wise'
[    0.231011] thermal_sys: Registered thermal governor 'user_space'
[    0.232000] cpuidle: using governor menu
[    0.235272] PCI: Using configuration type 1 for base access
[    0.235817] PCI: Using configuration type 1 for extended access
[    0.237005] kprobes: kprobe jump-optimization is enabled. All kprobes are optimized if possible.
[    0.242109] HugeTLB: registered 1.00 GiB page size, pre-allocated 0 pages
[    0.242817] HugeTLB: 16380 KiB vmemmap can be freed for a 1.00 GiB page
[    0.243740] HugeTLB: registered 2.00 MiB page size, pre-allocated 0 pages
[    0.244816] HugeTLB: 28 KiB vmemmap can be freed for a 2.00 MiB page
[    0.247176] ACPI: Added _OSI(Module Device)
[    0.247176] ACPI: Added _OSI(Processor Device)
[    0.247444] ACPI: Added _OSI(3.0 _SCP Extensions)
[    0.248816] ACPI: Added _OSI(Processor Aggregator Device)
[    0.274427] ACPI: 1 ACPI AML tables successfully acquired and loaded
[    0.276999] ACPI: _OSC evaluation for CPUs failed, trying _PDC
[    0.280157] ACPI: Interpreter enabled
[    0.280717] ACPI: PM: (supports S0 S3 S4 S5)
[    0.281816] ACPI: Using IOAPIC for interrupt routing
[    0.282529] PCI: Using host bridge windows from ACPI; if necessary, use "pci=nocrs" and report a bug
[    0.283816] PCI: Using E820 reservations for host bridge windows
[    0.285750] ACPI: Enabled 2 GPEs in block 00 to 0F
[    0.335464] ACPI: PCI Root Bridge [PCI0] (domain 0000 [bus 00-ff])
[    0.335831] acpi PNP0A03:00: _OSC: OS supports [ExtendedConfig ASPM ClockPM Segments MSI HPX-Type3]
[    0.338342] PCI host bridge to bus 0000:00
[    0.338819] pci_bus 0000:00: root bus resource [io  0x0000-0x0cf7 window]
[    0.339732] pci_bus 0000:00: root bus resource [io  0x0d00-0xffff window]
[    0.340819] pci_bus 0000:00: root bus resource [mem 0x000a0000-0x000bffff window]
[    0.341818] pci_bus 0000:00: root bus resource [mem 0x40000000-0xfebfffff window]
[    0.342818] pci_bus 0000:00: root bus resource [mem 0x100000000-0x17fffffff window]
[    0.343819] pci_bus 0000:00: root bus resource [bus 00-ff]
[    0.344704] pci 0000:00:00.0: [8086:1237] type 00 class 0x060000 conventional PCI endpoint
[    0.346719] pci 0000:00:01.0: [8086:7000] type 00 class 0x060100 conventional PCI endpoint
[    0.348774] pci 0000:00:01.1: [8086:7010] type 00 class 0x010180 conventional PCI endpoint
[    0.351817] pci 0000:00:01.1: BAR 4 [io  0xc080-0xc08f]
[    0.353303] pci 0000:00:01.1: BAR 0 [io  0x01f0-0x01f7]: legacy IDE quirk
[    0.354817] pci 0000:00:01.1: BAR 1 [io  0x03f6]: legacy IDE quirk
[    0.355642] pci 0000:00:01.1: BAR 2 [io  0x0170-0x0177]: legacy IDE quirk
[    0.355816] pci 0000:00:01.1: BAR 3 [io  0x0376]: legacy IDE quirk
[    0.357396] pci 0000:00:01.3: [8086:7113] type 00 class 0x068000 conventional PCI endpoint
[    0.359091] pci 0000:00:01.3: quirk: [io  0x0600-0x063f] claimed by PIIX4 ACPI
[    0.360821] pci 0000:00:01.3: quirk: [io  0x0700-0x070f] claimed by PIIX4 SMB
[    0.362568] pci 0000:00:02.0: [1af4:1009] type 00 class 0x000200 conventional PCI endpoint
[    0.364817] pci 0000:00:02.0: BAR 0 [io  0xc000-0xc03f]
[    0.367467] pci 0000:00:02.0: BAR 1 [mem 0xfebfd000-0xfebfdfff]
[    0.373321] pci 0000:00:02.0: BAR 4 [mem 0xfebf4000-0xfebf7fff 64bit pref]
[    0.386843] pci 0000:00:03.0: [1af4:1009] type 00 class 0x000200 conventional PCI endpoint
[    0.389817] pci 0000:00:03.0: BAR 0 [io  0xc040-0xc07f]
[    0.391495] pci 0000:00:03.0: BAR 1 [mem 0xfebfe000-0xfebfefff]
[    0.397476] pci 0000:00:03.0: BAR 4 [mem 0xfebf8000-0xfebfbfff 64bit pref]
[    0.411893] pci 0000:00:04.0: [8086:25ab] type 00 class 0x088000 conventional PCI endpoint
[    0.413246] pci 0000:00:04.0: BAR 0 [mem 0xfebff000-0xfebff00f]
[    0.430485] ACPI: PCI: Interrupt link LNKA configured for IRQ 10
[    0.433411] ACPI: PCI: Interrupt link LNKB configured for IRQ 10
[    0.434822] ACPI: PCI: Interrupt link LNKC configured for IRQ 11
[    0.436616] ACPI: PCI: Interrupt link LNKD configured for IRQ 11
[    0.438223] ACPI: PCI: Interrupt link LNKS configured for IRQ 9
[    0.458193] iommu: Default domain type: Translated
[    0.458816] iommu: DMA domain TLB invalidation policy: lazy mode
[    0.460127] SCSI subsystem initialized
[    0.461064] pps_core: LinuxPPS API ver. 1 registered
[    0.461817] pps_core: Software ver. 5.3.6 - Copyright 2005-2007 Rodolfo Giometti <giometti@linux.it>
[    0.462834] PTP clock support registered
[    0.463973] Advanced Linux Sound Architecture Driver Initialized.
[    0.465764] NET: Registered PF_ATMPVC protocol family
[    0.466817] NET: Registered PF_ATMSVC protocol family
[    0.467524] PCI: Using ACPI for IRQ routing
[    0.468886] vgaarb: loaded
[    0.469245] hpet0: at MMIO 0xfed00000, IRQs 2, 8, 0
[    0.469657] hpet0: 3 comparators, 64-bit 100.000000 MHz counter
[    0.475526] clocksource: Switched to clocksource kvm-clock
[    0.476773] VFS: Disk quotas dquot_6.6.0
[    0.477353] VFS: Dquot-cache hash table entries: 512 (order 0, 4096 bytes)
[    0.478485] pnp: PnP ACPI init
[    0.485472] pnp: PnP ACPI: found 5 devices
[    0.498850] clocksource: acpi_pm: mask: 0xffffff max_cycles: 0xffffff, max_idle_ns: 2085701024 ns
[    0.500149] NET: Registered PF_INET protocol family
[    0.500863] IP idents hash table entries: 16384 (order: 5, 131072 bytes, linear)
[    0.502337] tcp_listen_portaddr_hash hash table entries: 512 (order: 1, 8192 bytes, linear)
[    0.503470] Table-perturb hash table entries: 65536 (order: 6, 262144 bytes, linear)
[    0.504522] TCP established hash table entries: 8192 (order: 4, 65536 bytes, linear)
[    0.505675] TCP bind hash table entries: 8192 (order: 6, 262144 bytes, linear)
[    0.506658] TCP: Hash tables configured (established 8192 bind 8192)
[    0.507691] UDP hash table entries: 512 (order: 2, 16384 bytes, linear)
[    0.508586] UDP-Lite hash table entries: 512 (order: 2, 16384 bytes, linear)
[    0.509775] NET: Registered PF_UNIX/PF_LOCAL protocol family
[    0.510561] pci_bus 0000:00: resource 4 [io  0x0000-0x0cf7 window]
[    0.511402] pci_bus 0000:00: resource 5 [io  0x0d00-0xffff window]
[    0.512225] pci_bus 0000:00: resource 6 [mem 0x000a0000-0x000bffff window]
[    0.513141] pci_bus 0000:00: resource 7 [mem 0x40000000-0xfebfffff window]
[    0.514058] pci_bus 0000:00: resource 8 [mem 0x100000000-0x17fffffff window]
[    0.515214] pci 0000:00:01.0: PIIX3: Enabling Passive Release
[    0.515987] pci 0000:00:00.0: Limiting direct PCI/PCI transfers
[    0.516812] PCI: CLS 0 bytes, default 64
[    0.517542] kvm_intel: VMX not supported by CPU 12
[    0.518214] kvm_amd: TSC scaling supported
[    0.518779] kvm_amd: Nested Virtualization enabled
[    0.519437] kvm_amd: Nested Paging enabled
[    0.520003] kvm_amd: Virtual VMLOAD VMSAVE supported
[    0.520676] kvm_amd: Virtual GIF supported
[    0.521223] kvm_amd: Virtual NMI enabled
[    0.521752] kvm_amd: LBR virtualization supported
[    0.626945] workingset: timestamp_bits=56 max_order=18 bucket_order=0
[    0.627996] squashfs: version 4.0 (2009/01/31) Phillip Lougher
[    0.628844] fuse: init (API version 7.39)
[    0.629541] 9p: Installing v9fs 9p2000 file system support
[    0.630405] Key type asymmetric registered
[    0.631014] Block layer SCSI generic (bsg) driver version 0.4 loaded (major 249)
[    0.632037] io scheduler mq-deadline registered
[    0.632675] io scheduler kyber registered
[    0.634855] input: Power Button as /devices/LNXSYSTM:00/LNXPWRBN:00/input/input0
[    0.636336] ACPI: button: Power Button [PWRF]
[    0.637042] Warning: Processor Platform Limit event detected, but not handled.
[    0.638021] Consider compiling CPUfreq support into your kernel.
[    1.565876] ACPI: \_SB_.LNKB: Enabled at IRQ 10
[    2.455227] ACPI: \_SB_.LNKC: Enabled at IRQ 11
[    2.456973] Serial: 8250/16550 driver, 4 ports, IRQ sharing enabled
[    2.458183] 00:03: ttyS0 at I/O 0x3f8 (irq = 4, base_baud = 115200) is a 16550A
[    2.460977] Non-volatile memory driver v1.3
[    2.461564] Linux agpgart interface v0.103
[    2.462295] ACPI: bus type drm_connector registered
[    2.485663] loop: module loaded
[    2.488628] scsi host0: ata_piix
[    2.489649] scsi host1: ata_piix
[    2.490308] ata1: PATA max MWDMA2 cmd 0x1f0 ctl 0x3f6 bmdma 0xc080 irq 14 lpm-pol 0
[    2.491355] ata2: PATA max MWDMA2 cmd 0x170 ctl 0x376 bmdma 0xc088 irq 15 lpm-pol 0
[    2.494337] i8042: PNP: PS/2 Controller [PNP0303:KBD,PNP0f13:MOU] at 0x60,0x64 irq 1,12
[    2.496146] serio: i8042 KBD port at 0x60,0x64 irq 1
[    2.496836] serio: i8042 AUX port at 0x60,0x64 irq 12
[    2.498079] rtc_cmos 00:04: RTC can wake from S4
[    2.499005] input: AT Translated Set 2 keyboard as /devices/platform/i8042/serio0/input/input1
[    2.501221] rtc_cmos 00:04: registered as rtc0
[    2.501864] rtc_cmos 00:04: setting system clock to 2024-02-26T03:27:20 UTC (1708918040)
[    2.503068] rtc_cmos 00:04: alarms up to one day, y3k, 242 bytes nvram, hpet irqs
[    2.505017] i6300ESB timer 0000:00:04.0: initialized. heartbeat=30 sec (nowayout=0)
[    2.506320] device-mapper: ioctl: 4.48.0-ioctl (2023-03-01) initialised: dm-devel@redhat.com
[    2.508935] NET: Registered PF_PACKET protocol family
[    2.509651] 9pnet: Installing 9P2000 support
[    2.511664] Key type dns_resolver registered
[    2.513003] input: ImExPS/2 Generic Explorer Mouse as /devices/platform/i8042/serio1/input/input3
[    2.519560] IPI shorthand broadcast: enabled
[    2.541784] sched_clock: Marking stable (2536001347, 5323954)->(2558806551, -17481250)
[    2.543209] registered taskstats version 1
[    2.559397] PM:   Magic number: 12:171:463
[    2.560020] printk: legacy console [netcon0] enabled
[    2.560712] netconsole: network logging started
[    2.561506] ALSA device list:
[    2.561909]   No soundcards found.
[    2.650619] ata2: found unknown device (class 0)
[    2.651783] ata2.00: ATAPI: QEMU DVD-ROM, 2.5+, max UDMA/100
[    2.653748] scsi 1:0:0:0: CD-ROM            QEMU     QEMU DVD-ROM     2.5+ PQ: 0 ANSI: 5
[    2.662079] scsi 1:0:0:0: Attached scsi generic sg0 type 5
[    2.662911] md: Skipping autodetection of RAID arrays. (raid=autodetect will force)
[    2.664038] 9pnet_virtio: no channels available for device 
[    2.665520] VFS: Mounted root (9p filesystem) readonly on device 0:19.
[    2.666571] devtmpfs: mounted
[    2.671819] Freeing unused kernel image (initmem) memory: 5736K
[    2.678338] Write protecting the kernel read-only data: 53248k
[    2.679487] Freeing unused kernel image (rodata/data gap) memory: 680K
[    2.717218] x86/mm: Checked W+X mappings: passed, no W+X pages found.
[    2.717979] Run /usr/lib/python3.11/site-packages/virtme/guest/virtme-init as init process
[    2.759300] mount (269) used greatest stack depth: 26744 bytes left
[    2.840978] mount (279) used greatest stack depth: 26672 bytes left
[    2.893937] mount (287) used greatest stack depth: 26400 bytes left
[    3.045008] virtme-init: basic initialization done
[    3.053919] virtme-init: udevd not found
[    3.148753] virtme-init: Setting hostname to virtme-ng...
[    3.172517] ip (360) used greatest stack depth: 25192 bytes left
          _      _                                    
   __   _(_)_ __| |_ _ __ ___   ___       _ __   __ _ 
   \ \ / / |  __| __|  _   _ \ / _ \_____|  _ \ / _  |
    \ V /| | |  | |_| | | | | |  __/_____| | | | (_| |
     \_/ |_|_|   \__|_| |_| |_|\___|     |_| |_|\__  |
                                                |___/ 
   kernel version: 6.8.0-rc5-virtme x86_64

virtme-ng:/nipa-data/kernel# PS1='xx__-> '
xx__-> env
PWD=/nipa-data/kernel
HOME=/
TERM=xterm
SHLVL=2
XDG_RUNTIME_DIR=/run/user/0
PATH=/bin:/sbin:/usr/bin:/usr/sbin:/usr/local/bin
OLDPWD=/
_=/usr/bin/env
xx__-> 