No EFI environment detected.
early console in extract_kernel
input_data: 0x0000000004ab32c4
input_len: 0x0000000001900d53
output: 0x0000000001000000
output_len: 0x000000000533fb5c
kernel_total_size: 0x0000000005030000
needed_size: 0x0000000005400000
trampoline_32bit: 0x0000000000000000
Physical KASLR using RDRAND RDTSC...
Virtual KASLR using RDRAND RDTSC...

Decompressing Linux... Parsing ELF... Performing relocations... done.
Booting the kernel (entry_offset: 0x0000000000000000).
[    0.000000] Linux version 6.13.0-rc7-virtme (root@68dbf7a1322c) (gcc (Ubuntu 13.3.0-6ubuntu2~24.04) 13.3.0, GNU ld (GNU Binutils for Ubuntu) 2.42) #1 SMP PREEMPT_DYNAMIC Sun Jan 19 00:27:04 UTC 2025
[    0.000000] Command line: virtme_hostname=virtme-ng nr_open=1048576 virtme_link_mods=/nipa-data/kernel/.virtme_mods/lib/modules/0.0.0 virtme_initmount0=nipa-data/kernel virtme_rw_overlay0=/etc virtme_rw_overlay1=/lib virtme_rw_overlay2=/home virtme_rw_overlay3=/opt virtme_rw_overlay4=/srv virtme_rw_overlay5=/usr virtme_rw_overlay6=/var console=hvc0 earlyprintk=serial,ttyS0,115200 virtme_console=ttyS0 psmouse.proto=exps TERM=xterm virtme_chdir=nipa-data/kernel virtme_root_user=1 rootfstype=9p rootflags=version=9p2000.L,trans=virtio,access=any raid=noautodetect ro init=/usr/lib/python3/dist-packages/virtme/guest/virtme-init
[    0.000000] BIOS-provided physical RAM map:
[    0.000000] BIOS-e820: [mem 0x0000000000000000-0x000000000009fbff] usable
[    0.000000] BIOS-e820: [mem 0x000000000009fc00-0x000000000009ffff] reserved
[    0.000000] BIOS-e820: [mem 0x00000000000f0000-0x00000000000fffff] reserved
[    0.000000] BIOS-e820: [mem 0x0000000000100000-0x000000003ffdffff] usable
[    0.000000] BIOS-e820: [mem 0x000000003ffe0000-0x000000003fffffff] reserved
[    0.000000] BIOS-e820: [mem 0x00000000feffc000-0x00000000feffffff] reserved
[    0.000000] BIOS-e820: [mem 0x00000000fffc0000-0x00000000ffffffff] reserved
[    0.000000] BIOS-e820: [mem 0x000000fd00000000-0x000000ffffffffff] reserved
[    0.000000] printk: legacy bootconsole [earlyser0] enabled
[    0.000000] NX (Execute Disable) protection: active
[    0.000000] APIC: Static calls initialized
[    0.000000] SMBIOS 3.0.0 present.
[    0.000000] DMI: QEMU Ubuntu 24.04 PC (i440FX + PIIX, 1996), BIOS 1.16.3-debian-1.16.3-2 04/01/2014
[    0.000000] DMI: Memory slots populated: 1/1
[    0.000000] Hypervisor detected: KVM
[    0.000000] kvm-clock: Using msrs 4b564d01 and 4b564d00
[    0.000000] kvm-clock: using sched offset of 281378977 cycles
[    0.000369] clocksource: kvm-clock: mask: 0xffffffffffffffff max_cycles: 0x1cd42e4dffb, max_idle_ns: 881590591483 ns
[    0.001513] tsc: Detected 4491.556 MHz processor
[    0.002177] last_pfn = 0x3ffe0 max_arch_pfn = 0x400000000
[    0.002582] MTRR map: 4 entries (3 fixed + 1 variable; max 19), built from 8 variable MTRRs
[    0.003174] x86/PAT: Configuration [0-7]: WB  WC  UC- UC  WB  WP  UC- WT  
[    0.005108] found SMP MP-table at [mem 0x000f5470-0x000f547f]
[    0.005519] Using GB pages for direct mapping
[    0.006020] ACPI: Early table checksum verification disabled
[    0.006420] ACPI: RSDP 0x00000000000F5290 000014 (v00 BOCHS )
[    0.006832] ACPI: RSDT 0x000000003FFE27BC 000034 (v01 BOCHS  BXPC     00000001 BXPC 00000001)
[    0.007437] ACPI: FACP 0x000000003FFE2578 000074 (v01 BOCHS  BXPC     00000001 BXPC 00000001)
[    0.008043] ACPI: DSDT 0x000000003FFE0040 002538 (v01 BOCHS  BXPC     00000001 BXPC 00000001)
[    0.008645] ACPI: FACS 0x000000003FFE0000 000040
[    0.008972] ACPI: APIC 0x000000003FFE25EC 000170 (v03 BOCHS  BXPC     00000001 BXPC 00000001)
[    0.009574] ACPI: HPET 0x000000003FFE275C 000038 (v01 BOCHS  BXPC     00000001 BXPC 00000001)
[    0.010178] ACPI: WAET 0x000000003FFE2794 000028 (v01 BOCHS  BXPC     00000001 BXPC 00000001)
[    0.010779] ACPI: Reserving FACP table memory at [mem 0x3ffe2578-0x3ffe25eb]
[    0.011282] ACPI: Reserving DSDT table memory at [mem 0x3ffe0040-0x3ffe2577]
[    0.011779] ACPI: Reserving FACS table memory at [mem 0x3ffe0000-0x3ffe003f]
[    0.012275] ACPI: Reserving APIC table memory at [mem 0x3ffe25ec-0x3ffe275b]
[    0.012772] ACPI: Reserving HPET table memory at [mem 0x3ffe275c-0x3ffe2793]
[    0.013268] ACPI: Reserving WAET table memory at [mem 0x3ffe2794-0x3ffe27bb]
[    0.013956] No NUMA configuration found
[    0.014227] Faking a node at [mem 0x0000000000000000-0x000000003ffdffff]
[    0.014701] NODE_DATA(0) allocated [mem 0x3ffdb780-0x3ffdffff]
[    0.015132] Zone ranges:
[    0.015311]   DMA      [mem 0x0000000000001000-0x0000000000ffffff]
[    0.015748]   DMA32    [mem 0x0000000001000000-0x000000003ffdffff]
[    0.016184]   Normal   empty
[    0.016388]   Device   empty
[    0.016592] Movable zone start for each node
[    0.016892] Early memory node ranges
[    0.017144]   node   0: [mem 0x0000000000001000-0x000000000009efff]
[    0.017585]   node   0: [mem 0x0000000000100000-0x000000003ffdffff]
[    0.018026] Initmem setup node 0 [mem 0x0000000000001000-0x000000003ffdffff]
[    0.018525] On node 0, zone DMA: 1 pages in unavailable ranges
[    0.018992] On node 0, zone DMA: 97 pages in unavailable ranges
[    0.023502] On node 0, zone DMA32: 32 pages in unavailable ranges
[    0.032677] kasan: KernelAddressSanitizer initialized
[    0.033259] ACPI: PM-Timer IO Port: 0x608
[    0.033553] ACPI: LAPIC_NMI (acpi_id[0xff] dfl dfl lint[0x1])
[    0.033980] IOAPIC[0]: apic_id 0, version 17, address 0xfec00000, GSI 0-23
[    0.034465] ACPI: INT_SRC_OVR (bus 0 bus_irq 0 global_irq 2 dfl dfl)
[    0.034920] ACPI: INT_SRC_OVR (bus 0 bus_irq 5 global_irq 5 high level)
[    0.035386] ACPI: INT_SRC_OVR (bus 0 bus_irq 9 global_irq 9 high level)
[    0.035852] ACPI: INT_SRC_OVR (bus 0 bus_irq 10 global_irq 10 high level)
[    0.036329] ACPI: INT_SRC_OVR (bus 0 bus_irq 11 global_irq 11 high level)
[    0.036808] ACPI: Using ACPI (MADT) for SMP configuration information
[    0.037261] ACPI: HPET id: 0x8086a201 base: 0xfed00000
[    0.037625] TSC deadline timer available
[    0.037904] CPU topo: Max. logical packages:   1
[    0.038229] CPU topo: Max. logical dies:       1
[    0.038554] CPU topo: Max. dies per package:   1
[    0.038885] CPU topo: Max. threads per core:   1
[    0.039210] CPU topo: Num. cores per package:    32
[    0.039554] CPU topo: Num. threads per package:  32
[    0.039898] CPU topo: Allowing 32 present CPUs plus 0 hotplug CPUs
[    0.040349] kvm-guest: APIC: eoi() replaced with kvm_guest_apic_eoi_write()
[    0.040851] kvm-guest: KVM setup pv remote TLB flush
[    0.041203] kvm-guest: setup PV sched yield
[    0.041504] PM: hibernation: Registered nosave memory: [mem 0x00000000-0x00000fff]
[    0.042037] PM: hibernation: Registered nosave memory: [mem 0x0009f000-0x0009ffff]
[    0.042570] PM: hibernation: Registered nosave memory: [mem 0x000a0000-0x000effff]
[    0.043112] PM: hibernation: Registered nosave memory: [mem 0x000f0000-0x000fffff]
[    0.043646] [mem 0x40000000-0xfeffbfff] available for PCI devices
[    0.044075] Booting paravirtualized kernel on KVM
[    0.044408] clocksource: refined-jiffies: mask: 0xffffffff max_cycles: 0xffffffff, max_idle_ns: 1910969940391419 ns
[    0.053132] setup_percpu: NR_CPUS:64 nr_cpumask_bits:32 nr_cpu_ids:32 nr_node_ids:1
[    0.054914] percpu: Embedded 70 pages/cpu s247832 r8192 d30696 u524288
[    0.055439] Kernel command line: virtme_hostname=virtme-ng nr_open=1048576 virtme_link_mods=/nipa-data/kernel/.virtme_mods/lib/modules/0.0.0 virtme_initmount0=nipa-data/kernel virtme_rw_overlay0=/etc virtme_rw_overlay1=/lib virtme_rw_overlay2=/home virtme_rw_overlay3=/opt virtme_rw_overlay4=/srv virtme_rw_overlay5=/usr virtme_rw_overlay6=/var console=hvc0 earlyprintk=serial,ttyS0,115200 virtme_console=ttyS0 psmouse.proto=exps TERM=xterm virtme_chdir=nipa-data/kernel virtme_root_user=1 rootfstype=9p rootflags=version=9p2000.L,trans=virtio,access=any raid=noautodetect ro init=/usr/lib/python3/dist-packages/virtme/guest/virtme-init
[    0.059603] Unknown kernel command line parameters "virtme_hostname=virtme-ng nr_open=1048576 virtme_link_mods=/nipa-data/kernel/.virtme_mods/lib/modules/0.0.0 virtme_initmount0=nipa-data/kernel virtme_rw_overlay0=/etc virtme_rw_overlay1=/lib virtme_rw_overlay2=/home virtme_rw_overlay3=/opt virtme_rw_overlay4=/srv virtme_rw_overlay5=/usr virtme_rw_overlay6=/var virtme_console=ttyS0 virtme_chdir=nipa-data/kernel virtme_root_user=1", will be passed to user space.
[    0.062750] random: crng init done
[    0.063000] printk: log buffer data + meta data: 262144 + 917504 = 1179648 bytes
[    0.063555] Dentry cache hash table entries: 131072 (order: 8, 1048576 bytes, linear)
[    0.064134] Inode-cache hash table entries: 65536 (order: 7, 524288 bytes, linear)
[    0.065088] Fallback order for Node 0: 0 
[    0.065092] Built 1 zonelists, mobility grouping on.  Total pages: 262014
[    0.065876] Policy zone: DMA32
[    0.066098] mem auto-init: stack:all(zero), heap alloc:off, heap free:off
[    0.066592] stackdepot: allocating hash table via alloc_large_system_hash
[    0.067088] stackdepot hash table entries: 1048576 (order: 12, 16777216 bytes, linear)
[    0.075135] SLUB: HWalign=64, Order=0-3, MinObjects=0, CPUs=32, Nodes=1
Poking KASLR using RDRAND RDTSC...
[    0.075921] ftrace: allocating 48857 entries in 191 pages
[    0.093321] ftrace: allocated 191 pages with 7 groups
[    0.094535] Dynamic Preempt: voluntary
[    0.095252] rcu: Preemptible hierarchical RCU implementation.
[    0.095669] rcu: RCU event tracing is enabled.
[    0.096000] rcu: RCU restricting CPUs from NR_CPUS=64 to nr_cpu_ids=32.
[    0.096486] Trampoline variant of Tasks RCU enabled.
[    0.096852] Rude variant of Tasks RCU enabled.
[    0.097184] Tracing variant of Tasks RCU enabled.
[    0.097530] rcu: RCU calculated value of scheduler-enlistment delay is 100 jiffies.
[    0.098082] rcu: Adjusting geometry for rcu_fanout_leaf=16, nr_cpu_ids=32
[    0.098636] RCU Tasks: Setting shift to 5 and lim to 1 rcu_task_cb_adjust=1 rcu_task_cpu_ids=32.
[    0.099275] RCU Tasks Rude: Setting shift to 5 and lim to 1 rcu_task_cb_adjust=1 rcu_task_cpu_ids=32.
[    0.099942] RCU Tasks Trace: Setting shift to 5 and lim to 1 rcu_task_cb_adjust=1 rcu_task_cpu_ids=32.
[    0.109329] NR_IRQS: 4352, nr_irqs: 680, preallocated irqs: 16
[    0.110002] rcu: srcu_init: Setting srcu_struct sizes based on contention.
[    0.110704] Console: colour *CGA 80x25
[    0.111008] ACPI: Core revision 20240827
[    0.111437] clocksource: hpet: mask: 0xffffffff max_cycles: 0xffffffff, max_idle_ns: 19112604467 ns
[    0.112159] APIC: Switch to symmetric I/O mode setup
[    0.112540] kvm-guest: APIC: send_IPI_mask() replaced with kvm_send_ipi_mask()
[    0.113061] kvm-guest: APIC: send_IPI_mask_allbutself() replaced with kvm_send_ipi_mask_allbutself()
[    0.113695] kvm-guest: setup PV IPIs
[    0.114790] ..TIMER: vector=0x30 apic1=0 pin1=2 apic2=-1 pin2=-1
[    0.115576] clocksource: tsc-early: mask: 0xffffffffffffffff max_cycles: 0x40be400eb43, max_idle_ns: 440795366972 ns
[    0.116920] Calibrating delay loop (skipped) preset value.. 8983.11 BogoMIPS (lpj=4491556)
[    0.117985] x86/cpu: User Mode Instruction Prevention (UMIP) activated
[    0.118975] Last level iTLB entries: 4KB 512, 2MB 255, 4MB 127
[    0.119918] Last level dTLB entries: 4KB 512, 2MB 255, 4MB 127, 1GB 0
[    0.120923] Spectre V1 : Mitigation: usercopy/swapgs barriers and __user pointer sanitization
[    0.121923] Spectre V2 : Mitigation: Enhanced / Automatic IBRS
[    0.122918] Spectre V2 : Spectre v2 / SpectreRSB mitigation: Filling RSB on context switch
[    0.123920] Spectre V2 : mitigation: Enabling conditional Indirect Branch Prediction Barrier
[    0.124921] Speculative Store Bypass: Mitigation: Speculative Store Bypass disabled via prctl
[    0.125919] Speculative Return Stack Overflow: IBPB-extending microcode not applied!
[    0.126918] Speculative Return Stack Overflow: WARNING: See https://kernel.org/doc/html/latest/admin-guide/hw-vuln/srso.html for mitigation options.
[    0.126920] Speculative Return Stack Overflow: Vulnerable: Safe RET, no microcode
[    0.128933] x86/fpu: Supporting XSAVE feature 0x001: 'x87 floating point registers'
[    0.129870] x86/fpu: Supporting XSAVE feature 0x002: 'SSE registers'
[    0.129918] x86/fpu: Supporting XSAVE feature 0x004: 'AVX registers'
[    0.130919] x86/fpu: Supporting XSAVE feature 0x020: 'AVX-512 opmask'
[    0.131918] x86/fpu: Supporting XSAVE feature 0x040: 'AVX-512 Hi256'
[    0.132918] x86/fpu: Supporting XSAVE feature 0x080: 'AVX-512 ZMM_Hi256'
[    0.133736] x86/fpu: Supporting XSAVE feature 0x200: 'Protection Keys User registers'
[    0.133919] x86/fpu: xstate_offset[2]:  576, xstate_sizes[2]:  256
[    0.134918] x86/fpu: xstate_offset[5]:  832, xstate_sizes[5]:   64
[    0.135918] x86/fpu: xstate_offset[6]:  896, xstate_sizes[6]:  512
[    0.136918] x86/fpu: xstate_offset[7]: 1408, xstate_sizes[7]: 1024
[    0.137918] x86/fpu: xstate_offset[9]: 2432, xstate_sizes[9]:    8
[    0.138681] x86/fpu: Enabled xstate features 0x2e7, context size is 2440 bytes, using 'compacted' format.
[    0.159794] Freeing SMP alternatives memory: 40K
[    0.159920] pid_max: default: 32768 minimum: 301
[    0.161036] Mount-cache hash table entries: 2048 (order: 2, 16384 bytes, linear)
[    0.161920] Mountpoint-cache hash table entries: 2048 (order: 2, 16384 bytes, linear)
[    0.163531] smpboot: CPU0: AMD Ryzen 9 7950X 16-Core Processor (family: 0x19, model: 0x61, stepping: 0x2)
[    0.164380] Performance Events: Fam17h+ core perfctr, AMD PMU driver.
[    0.164923] ... version:                0
[    0.165412] ... bit width:              48
[    0.165920] ... generic registers:      6
[    0.166409] ... value mask:             0000ffffffffffff
[    0.166920] ... max period:             00007fffffffffff
[    0.167568] ... fixed-purpose events:   0
[    0.167920] ... event mask:             000000000000003f
[    0.168677] signal: max sigframe size: 3376
[    0.168965] rcu: Hierarchical SRCU implementation.
[    0.169550] rcu: Max phase no-delay instances is 400.
[    0.169994] Timer migration: 2 hierarchy levels; 8 children per group; 2 crossnode level
[    0.174622] smp: Bringing up secondary CPUs ...
[    0.175100] smpboot: x86: Booting SMP configuration:
[    0.175707] .... node  #0, CPUs:        #1  #2  #3  #4  #5  #6  #7  #8  #9 #10 #11 #12 #13 #14 #15 #16 #17 #18 #19 #20 #21 #22 #23 #24 #25 #26 #27 #28 #29 #30 #31
[    0.199025] smp: Brought up 1 node, 32 CPUs
[    0.200438] smpboot: Total of 32 processors activated (287459.58 BogoMIPS)
[    0.204955] Memory: 763432K/1048056K available (45056K kernel code, 11472K rwdata, 10096K rodata, 6052K init, 1624K bss, 268980K reserved, 0K cma-reserved)
[    0.206043] devtmpfs: initialized
[    0.206504] x86/mm: Memory block size: 128MB
[    0.213019] clocksource: jiffies: mask: 0xffffffff max_cycles: 0xffffffff, max_idle_ns: 1911260446275000 ns
[    0.213925] futex hash table entries: 8192 (order: 7, 524288 bytes, linear)
[    0.215136] PM: RTC time: 00:27:29, date: 2025-01-19
[    0.216447] NET: Registered PF_NETLINK/PF_ROUTE protocol family
[    0.217755] thermal_sys: Registered thermal governor 'step_wise'
[    0.217758] thermal_sys: Registered thermal governor 'user_space'
[    0.217948] cpuidle: using governor menu
[    0.220200] PCI: Using configuration type 1 for base access
[    0.220902] PCI: Using configuration type 1 for extended access
[    0.221052] kprobes: kprobe jump-optimization is enabled. All kprobes are optimized if possible.
[    0.234108] HugeTLB: registered 1.00 GiB page size, pre-allocated 0 pages
[    0.234921] HugeTLB: 16380 KiB vmemmap can be freed for a 1.00 GiB page
[    0.235750] HugeTLB: registered 2.00 MiB page size, pre-allocated 0 pages
[    0.236920] HugeTLB: 28 KiB vmemmap can be freed for a 2.00 MiB page
[    0.238254] ACPI: Added _OSI(Module Device)
[    0.238921] ACPI: Added _OSI(Processor Device)
[    0.239478] ACPI: Added _OSI(3.0 _SCP Extensions)
[    0.239921] ACPI: Added _OSI(Processor Aggregator Device)
[    0.262819] ACPI: 1 ACPI AML tables successfully acquired and loaded
[    0.267714] ACPI: Interpreter enabled
[    0.267982] ACPI: PM: (supports S0 S3 S4 S5)
[    0.268511] ACPI: Using IOAPIC for interrupt routing
[    0.268966] PCI: Using host bridge windows from ACPI; if necessary, use "pci=nocrs" and report a bug
[    0.269920] PCI: Using E820 reservations for host bridge windows
[    0.271672] ACPI: Enabled 2 GPEs in block 00 to 0F
[    0.317476] ACPI: PCI Root Bridge [PCI0] (domain 0000 [bus 00-ff])
[    0.317934] acpi PNP0A03:00: _OSC: OS supports [ExtendedConfig ASPM ClockPM Segments MSI HPX-Type3]
[    0.319395] PCI host bridge to bus 0000:00
[    0.319962] pci_bus 0000:00: root bus resource [io  0x0000-0x0cf7 window]
[    0.320807] pci_bus 0000:00: root bus resource [io  0x0d00-0xffff window]
[    0.321923] pci_bus 0000:00: root bus resource [mem 0x000a0000-0x000bffff window]
[    0.322856] pci_bus 0000:00: root bus resource [mem 0x40000000-0xfebfffff window]
[    0.323923] pci_bus 0000:00: root bus resource [mem 0x100000000-0x17fffffff window]
[    0.324888] pci_bus 0000:00: root bus resource [bus 00-ff]
[    0.326016] pci 0000:00:00.0: [8086:1237] type 00 class 0x060000 conventional PCI endpoint
[    0.327742] pci 0000:00:01.0: [8086:7000] type 00 class 0x060100 conventional PCI endpoint
[    0.328792] pci 0000:00:01.1: [8086:7010] type 00 class 0x010180 conventional PCI endpoint
[    0.331578] pci 0000:00:01.1: BAR 4 [io  0xc0c0-0xc0cf]
[    0.333604] pci 0000:00:01.1: BAR 0 [io  0x01f0-0x01f7]: legacy IDE quirk
[    0.333921] pci 0000:00:01.1: BAR 1 [io  0x03f6]: legacy IDE quirk
[    0.334689] pci 0000:00:01.1: BAR 2 [io  0x0170-0x0177]: legacy IDE quirk
[    0.335921] pci 0000:00:01.1: BAR 3 [io  0x0376]: legacy IDE quirk
[    0.337342] pci 0000:00:01.3: [8086:7113] type 00 class 0x068000 conventional PCI endpoint
[    0.338175] pci 0000:00:01.3: quirk: [io  0x0600-0x063f] claimed by PIIX4 ACPI
[    0.339925] pci 0000:00:01.3: quirk: [io  0x0700-0x070f] claimed by PIIX4 SMB
[    0.341510] pci 0000:00:02.0: [1af4:1009] type 00 class 0x000200 conventional PCI endpoint
[    0.342342] pci 0000:00:02.0: BAR 0 [io  0xc000-0xc03f]
[    0.343293] pci 0000:00:02.0: BAR 1 [mem 0xfebfc000-0xfebfcfff]
[    0.346921] pci 0000:00:02.0: BAR 4 [mem 0xfebf0000-0xfebf3fff 64bit pref]
[    0.359387] pci 0000:00:03.0: [1af4:1009] type 00 class 0x000200 conventional PCI endpoint
[    0.361312] pci 0000:00:03.0: BAR 0 [io  0xc040-0xc07f]
[    0.362270] pci 0000:00:03.0: BAR 1 [mem 0xfebfd000-0xfebfdfff]
[    0.363921] pci 0000:00:03.0: BAR 4 [mem 0xfebf4000-0xfebf7fff 64bit pref]
[    0.375938] pci 0000:00:04.0: [8086:25ab] type 00 class 0x088000 conventional PCI endpoint
[    0.377101] pci 0000:00:04.0: BAR 0 [mem 0xfebfe000-0xfebfe00f]
[    0.389205] pci 0000:00:05.0: [1af4:1003] type 00 class 0x078000 conventional PCI endpoint
[    0.390278] pci 0000:00:05.0: BAR 0 [io  0xc080-0xc0bf]
[    0.391207] pci 0000:00:05.0: BAR 1 [mem 0xfebff000-0xfebfffff]
[    0.393094] pci 0000:00:05.0: BAR 4 [mem 0xfebf8000-0xfebfbfff 64bit pref]
[    0.407297] ACPI: PCI: Interrupt link LNKA configured for IRQ 10
[    0.409820] ACPI: PCI: Interrupt link LNKB configured for IRQ 10
[    0.410798] ACPI: PCI: Interrupt link LNKC configured for IRQ 11
[    0.412794] ACPI: PCI: Interrupt link LNKD configured for IRQ 11
[    0.414306] ACPI: PCI: Interrupt link LNKS configured for IRQ 9
[    0.432286] iommu: Default domain type: Translated
[    0.432891] iommu: DMA domain TLB invalidation policy: lazy mode
[    0.433356] SCSI subsystem initialized
[    0.434229] pps_core: LinuxPPS API ver. 1 registered
[    0.434851] pps_core: Software ver. 5.3.6 - Copyright 2005-2007 Rodolfo Giometti <giometti@linux.it>
[    0.435935] PTP clock support registered
[    0.437045] Advanced Linux Sound Architecture Driver Initialized.
[    0.439002] NET: Registered PF_ATMPVC protocol family
[    0.439632] NET: Registered PF_ATMSVC protocol family
[    0.439956] PCI: Using ACPI for IRQ routing
[    0.440960] vgaarb: loaded
[    0.442039] hpet0: at MMIO 0xfed00000, IRQs 2, 8, 0
[    0.442653] hpet0: 3 comparators, 64-bit 100.000000 MHz counter
[    0.447139] clocksource: Switched to clocksource kvm-clock
[    0.448115] VFS: Disk quotas dquot_6.6.0
[    0.448618] VFS: Dquot-cache hash table entries: 512 (order 0, 4096 bytes)
[    0.450168] pnp: PnP ACPI init
[    0.452807] pnp: PnP ACPI: found 5 devices
[    0.464692] clocksource: acpi_pm: mask: 0xffffff max_cycles: 0xffffff, max_idle_ns: 2085701024 ns
[    0.465854] NET: Registered PF_INET protocol family
[    0.466501] IP idents hash table entries: 16384 (order: 5, 131072 bytes, linear)
[    0.467782] tcp_listen_portaddr_hash hash table entries: 512 (order: 1, 8192 bytes, linear)
[    0.468827] Table-perturb hash table entries: 65536 (order: 6, 262144 bytes, linear)
[    0.469810] TCP established hash table entries: 8192 (order: 4, 65536 bytes, linear)
[    0.470793] TCP bind hash table entries: 8192 (order: 6, 262144 bytes, linear)
[    0.471788] TCP: Hash tables configured (established 8192 bind 8192)
[    0.472730] UDP hash table entries: 512 (order: 3, 32768 bytes, linear)
[    0.473594] UDP-Lite hash table entries: 512 (order: 3, 32768 bytes, linear)
[    0.474678] NET: Registered PF_UNIX/PF_LOCAL protocol family
[    0.475397] pci_bus 0000:00: resource 4 [io  0x0000-0x0cf7 window]
[    0.476165] pci_bus 0000:00: resource 5 [io  0x0d00-0xffff window]
[    0.476934] pci_bus 0000:00: resource 6 [mem 0x000a0000-0x000bffff window]
[    0.477786] pci_bus 0000:00: resource 7 [mem 0x40000000-0xfebfffff window]
[    0.478639] pci_bus 0000:00: resource 8 [mem 0x100000000-0x17fffffff window]
[    0.479700] pci 0000:00:01.0: PIIX3: Enabling Passive Release
[    0.480412] pci 0000:00:00.0: Limiting direct PCI/PCI transfers
[    0.481199] PCI: CLS 0 bytes, default 64
[    0.481768] kvm_intel: VMX not supported by CPU 25
[    0.482381] kvm_amd: TSC scaling supported
[    0.482899] kvm_amd: Nested Virtualization enabled
[    0.483491] kvm_amd: Nested Paging enabled
[    0.483996] kvm_amd: LBR virtualization supported
[    0.484724] kvm_amd: Virtual GIF supported
[    0.485233] kvm_amd: Virtual NMI enabled
[    0.516942] clocksource: tsc: mask: 0xffffffffffffffff max_cycles: 0x40be400eb43, max_idle_ns: 440795366972 ns
[    0.535767] Initialise system trusted keyrings
[    0.536453] workingset: timestamp_bits=56 max_order=18 bucket_order=0
[    0.537363] squashfs: version 4.0 (2009/01/31) Phillip Lougher
[    0.538114] fuse: init (API version 7.41)
[    0.538751] 9p: Installing v9fs 9p2000 file system support
[    0.548490] Key type asymmetric registered
[    0.549007] Asymmetric key parser 'x509' registered
[    0.549676] Block layer SCSI generic (bsg) driver version 0.4 loaded (major 249)
[    0.550631] io scheduler mq-deadline registered
[    0.551201] io scheduler kyber registered
[    0.553826] input: Power Button as /devices/LNXSYSTM:00/LNXPWRBN:00/input/input0
[    0.554965] ACPI: button: Power Button [PWRF]
[    0.556855] Warning: Processor Platform Limit event detected, but not handled.
[    0.557768] Consider compiling CPUfreq support into your kernel.
[    1.360863] ACPI: \_SB_.LNKB: Enabled at IRQ 10
[    2.155914] ACPI: \_SB_.LNKC: Enabled at IRQ 11
[    2.950820] ACPI: \_SB_.LNKA: Enabled at IRQ 10
[    2.952155] Serial: 8250/16550 driver, 4 ports, IRQ sharing enabled
[    2.953258] 00:03: ttyS0 at I/O 0x3f8 (irq = 4, base_baud = 115200) is a 16550A
[    2.975354] Non-volatile memory driver v1.3
[    2.975911] Linux agpgart interface v0.103
[    2.976583] ACPI: bus type drm_connector registered
[    2.977216] printk: legacy console [hvc0] enabled
[    2.977814] printk: legacy bootconsole [earlyser0] disabled
          _      _                                    
   __   _(_)_ __| |_ _ __ ___   ___       _ __   __ _ 
   \ \ / / |  __| __|  _   _ \ / _ \_____|  _ \ / _  |
    \ V /| | |  | |_| | | | | |  __/_____| | | | (_| |
     \_/ |_|_|   \__|_| |_| |_|\___|     |_| |_|\__  |
                                                |___/ 
   kernel version: 6.13.0-rc7-virtme x86_64
   (CTRL+d to exit)

root@virtme-ng:/nipa-data/kernel# PS1='xx__-> '
xx__-> env
PWD=/nipa-data/kernel
nr_open=1048576
HOME=/
TERM=xterm
SHLVL=2
XDG_RUNTIME_DIR=/run/user/0
PATH=/bin:/sbin:/usr/bin:/usr/sbin:/usr/local/bin
OLDPWD=/
_=/bin/env
xx__-> 