No EFI environment detected.
early console in extract_kernel
input_data: 0x00000000030612b9
input_len: 0x0000000000b82d92
output: 0x0000000001000000
output_len: 0x000000000252f2b4
kernel_total_size: 0x0000000002c30000
needed_size: 0x0000000002e00000
trampoline_32bit: 0x0000000000000000
Physical KASLR using RDRAND RDTSC...
Virtual KASLR using RDRAND RDTSC...

Decompressing Linux... Parsing ELF... Performing relocations... done.
Booting the kernel (entry_offset: 0x0000000000000000).
[    0.000000] Linux version 6.8.0-rc1-virtme (root@1130e923d5f7) (gcc (Alpine 13.2.1_git20231014) 13.2.1 20231014, GNU ld (GNU Binutils) 2.41) #1 SMP PREEMPT_DYNAMIC Mon Jan 29 18:06:10 UTC 2024
[    0.000000] Command line: virtme_hostname=virtme-ng virtme_link_mods=/nipa-data/kernel/.virtme_mods/lib/modules/0.0.0 virtme_initmount0=nipa-data/kernel virtme_rw_overlay0=/etc virtme_rw_overlay1=/lib virtme_rw_overlay2=/home virtme_rw_overlay3=/opt virtme_rw_overlay4=/srv virtme_rw_overlay5=/usr virtme_rw_overlay6=/var earlyprintk=serial,ttyS0,115200 console=ttyS0 psmouse.proto=exps virtme_chdir=nipa-data/kernel virtme_root_user=1 rootfstype=9p rootflags=version=9p2000.L,trans=virtio,access=any raid=noautodetect ro init=/usr/lib/python3.11/site-packages/virtme/guest/virtme-init
[    0.000000] BIOS-provided physical RAM map:
[    0.000000] BIOS-e820: [mem 0x0000000000000000-0x000000000009fbff] usable
[    0.000000] BIOS-e820: [mem 0x000000000009fc00-0x000000000009ffff] reserved
[    0.000000] BIOS-e820: [mem 0x00000000000f0000-0x00000000000fffff] reserved
[    0.000000] BIOS-e820: [mem 0x0000000000100000-0x000000003ffdffff] usable
[    0.000000] BIOS-e820: [mem 0x000000003ffe0000-0x000000003fffffff] reserved
[    0.000000] BIOS-e820: [mem 0x00000000feffc000-0x00000000feffffff] reserved
[    0.000000] BIOS-e820: [mem 0x00000000fffc0000-0x00000000ffffffff] reserved
[    0.000000] BIOS-e820: [mem 0x000000fd00000000-0x000000ffffffffff] reserved
[    0.000000] printk: legacy bootconsole [earlyser0] enabled
[    0.000000] NX (Execute Disable) protection: active
[    0.000000] APIC: Static calls initialized
[    0.000000] SMBIOS 3.0.0 present.
[    0.000000] DMI: QEMU Standard PC (i440FX + PIIX, 1996), BIOS rel-1.16.3-0-ga6ed6b701f0a-prebuilt.qemu.org 04/01/2014
[    0.000000] Hypervisor detected: KVM
[    0.000000] kvm-clock: Using msrs 4b564d01 and 4b564d00
[    0.000000] kvm-clock: using sched offset of 270249356 cycles
[    0.000478] clocksource: kvm-clock: mask: 0xffffffffffffffff max_cycles: 0x1cd42e4dffb, max_idle_ns: 881590591483 ns
[    0.001971] tsc: Detected 4491.536 MHz processor
[    0.002750] last_pfn = 0x3ffe0 max_arch_pfn = 0x400000000
[    0.003276] MTRR map: 4 entries (3 fixed + 1 variable; max 19), built from 8 variable MTRRs
[    0.004050] x86/PAT: Configuration [0-7]: WB  WC  UC- UC  WB  WP  UC- WT  
Memory KASLR using RDRAND RDTSC...
[    0.006493] found SMP MP-table at [mem 0x000f5470-0x000f547f]
[    0.007028] Using GB pages for direct mapping
[    0.007542] ACPI: Early table checksum verification disabled
[    0.008072] ACPI: RSDP 0x00000000000F5290 000014 (v00 BOCHS )
[    0.008600] ACPI: RSDT 0x000000003FFE27B6 000034 (v01 BOCHS  BXPC     00000001 BXPC 00000001)
[    0.009382] ACPI: FACP 0x000000003FFE2572 000074 (v01 BOCHS  BXPC     00000001 BXPC 00000001)
[    0.010164] ACPI: DSDT 0x000000003FFE0040 002532 (v01 BOCHS  BXPC     00000001 BXPC 00000001)
[    0.010945] ACPI: FACS 0x000000003FFE0000 000040
[    0.011368] ACPI: APIC 0x000000003FFE25E6 000170 (v03 BOCHS  BXPC     00000001 BXPC 00000001)
[    0.012151] ACPI: HPET 0x000000003FFE2756 000038 (v01 BOCHS  BXPC     00000001 BXPC 00000001)
[    0.012936] ACPI: WAET 0x000000003FFE278E 000028 (v01 BOCHS  BXPC     00000001 BXPC 00000001)
[    0.013722] ACPI: Reserving FACP table memory at [mem 0x3ffe2572-0x3ffe25e5]
[    0.014367] ACPI: Reserving DSDT table memory at [mem 0x3ffe0040-0x3ffe2571]
[    0.015009] ACPI: Reserving FACS table memory at [mem 0x3ffe0000-0x3ffe003f]
[    0.015650] ACPI: Reserving APIC table memory at [mem 0x3ffe25e6-0x3ffe2755]
[    0.016297] ACPI: Reserving HPET table memory at [mem 0x3ffe2756-0x3ffe278d]
[    0.016938] ACPI: Reserving WAET table memory at [mem 0x3ffe278e-0x3ffe27b5]
[    0.017758] No NUMA configuration found
[    0.018106] Faking a node at [mem 0x0000000000000000-0x000000003ffdffff]
[    0.018721] NODE_DATA(0) allocated [mem 0x3ffdb000-0x3ffdffff]
[    0.019267] Zone ranges:
[    0.019499]   DMA      [mem 0x0000000000001000-0x0000000000ffffff]
[    0.020073]   DMA32    [mem 0x0000000001000000-0x000000003ffdffff]
[    0.020639]   Normal   empty
[    0.020903]   Device   empty
[    0.021167] Movable zone start for each node
[    0.021558] Early memory node ranges
[    0.021884]   node   0: [mem 0x0000000000001000-0x000000000009efff]
[    0.022457]   node   0: [mem 0x0000000000100000-0x000000003ffdffff]
[    0.023030] Initmem setup node 0 [mem 0x0000000000001000-0x000000003ffdffff]
[    0.023680] On node 0, zone DMA: 1 pages in unavailable ranges
[    0.024232] On node 0, zone DMA: 97 pages in unavailable ranges
[    0.025960] On node 0, zone DMA32: 32 pages in unavailable ranges
[    0.026759] ACPI: PM-Timer IO Port: 0x608
[    0.027129] ACPI: LAPIC_NMI (acpi_id[0xff] dfl dfl lint[0x1])
[    0.027677] IOAPIC[0]: apic_id 0, version 17, address 0xfec00000, GSI 0-23
[    0.028310] ACPI: INT_SRC_OVR (bus 0 bus_irq 0 global_irq 2 dfl dfl)
[    0.028894] ACPI: INT_SRC_OVR (bus 0 bus_irq 5 global_irq 5 high level)
[    0.029501] ACPI: INT_SRC_OVR (bus 0 bus_irq 9 global_irq 9 high level)
[    0.030108] ACPI: INT_SRC_OVR (bus 0 bus_irq 10 global_irq 10 high level)
[    0.030730] ACPI: INT_SRC_OVR (bus 0 bus_irq 11 global_irq 11 high level)
[    0.031352] ACPI: Using ACPI (MADT) for SMP configuration information
[    0.031944] ACPI: HPET id: 0x8086a201 base: 0xfed00000
[    0.032413] TSC deadline timer available
[    0.032773] smpboot: Allowing 32 CPUs, 0 hotplug CPUs
[    0.033258] kvm-guest: APIC: eoi() replaced with kvm_guest_apic_eoi_write()
[    0.033908] kvm-guest: KVM setup pv remote TLB flush
[    0.034364] kvm-guest: setup PV sched yield
[    0.034754] PM: hibernation: Registered nosave memory: [mem 0x00000000-0x00000fff]
[    0.035448] PM: hibernation: Registered nosave memory: [mem 0x0009f000-0x0009ffff]
[    0.036150] PM: hibernation: Registered nosave memory: [mem 0x000a0000-0x000effff]
[    0.036845] PM: hibernation: Registered nosave memory: [mem 0x000f0000-0x000fffff]
[    0.037537] [mem 0x40000000-0xfeffbfff] available for PCI devices
[    0.038091] Booting paravirtualized kernel on KVM
[    0.038521] clocksource: refined-jiffies: mask: 0xffffffff max_cycles: 0xffffffff, max_idle_ns: 1910969940391419 ns
[    0.042737] setup_percpu: NR_CPUS:64 nr_cpumask_bits:32 nr_cpu_ids:32 nr_node_ids:1
[    0.044229] percpu: Embedded 58 pages/cpu s199840 r8192 d29536 u262144
[    0.044877] Kernel command line: virtme_hostname=virtme-ng virtme_link_mods=/nipa-data/kernel/.virtme_mods/lib/modules/0.0.0 virtme_initmount0=nipa-data/kernel virtme_rw_overlay0=/etc virtme_rw_overlay1=/lib virtme_rw_overlay2=/home virtme_rw_overlay3=/opt virtme_rw_overlay4=/srv virtme_rw_overlay5=/usr virtme_rw_overlay6=/var earlyprintk=serial,ttyS0,115200 console=ttyS0 psmouse.proto=exps virtme_chdir=nipa-data/kernel virtme_root_user=1 rootfstype=9p rootflags=version=9p2000.L,trans=virtio,access=any raid=noautodetect ro init=/usr/lib/python3.11/site-packages/virtme/guest/virtme-init
[    0.049860] Unknown kernel command line parameters "virtme_hostname=virtme-ng virtme_link_mods=/nipa-data/kernel/.virtme_mods/lib/modules/0.0.0 virtme_initmount0=nipa-data/kernel virtme_rw_overlay0=/etc virtme_rw_overlay1=/lib virtme_rw_overlay2=/home virtme_rw_overlay3=/opt virtme_rw_overlay4=/srv virtme_rw_overlay5=/usr virtme_rw_overlay6=/var virtme_chdir=nipa-data/kernel virtme_root_user=1", will be passed to user space.
[    0.053613] random: crng init done
[    0.053966] Dentry cache hash table entries: 131072 (order: 8, 1048576 bytes, linear)
[    0.054722] Inode-cache hash table entries: 65536 (order: 7, 524288 bytes, linear)
[    0.055547] Fallback order for Node 0: 0 
[    0.055550] Built 1 zonelists, mobility grouping on.  Total pages: 257760
[    0.056568] Policy zone: DMA32
[    0.056856] mem auto-init: stack:all(zero), heap alloc:off, heap free:off
[    0.059403] Memory: 976380K/1048056K available (16384K kernel code, 2556K rwdata, 6072K rodata, 3160K init, 12004K bss, 71416K reserved, 0K cma-reserved)
[    0.060768] SLUB: HWalign=64, Order=0-3, MinObjects=0, CPUs=32, Nodes=1
Poking KASLR using RDRAND RDTSC...
[    0.061730] ftrace: allocating 46544 entries in 182 pages
[    0.069239] ftrace: allocated 182 pages with 5 groups
[    0.070671] Dynamic Preempt: voluntary
[    0.071256] Running RCU self tests
[    0.071578] Running RCU synchronous self tests
[    0.072009] rcu: Preemptible hierarchical RCU implementation.
[    0.072547] rcu: RCU event tracing is enabled.
[    0.072973] rcu: RCU lockdep checking is enabled.
[    0.073426] rcu: RCU restricting CPUs from NR_CPUS=64 to nr_cpu_ids=32.
[    0.074052] Trampoline variant of Tasks RCU enabled.
[    0.074529] Rude variant of Tasks RCU enabled.
[    0.074953] Tracing variant of Tasks RCU enabled.
[    0.075406] rcu: RCU calculated value of scheduler-enlistment delay is 100 jiffies.
[    0.076124] rcu: Adjusting geometry for rcu_fanout_leaf=16, nr_cpu_ids=32
[    0.076791] Running RCU synchronous self tests
[    0.079400] NR_IRQS: 4352, nr_irqs: 680, preallocated irqs: 16
[    0.080166] rcu: srcu_init: Setting srcu_struct sizes based on contention.
[    0.081047] Console: colour *CGA 80x25
[    0.081427] printk: legacy console [ttyS0] enabled
[    0.081427] printk: legacy console [ttyS0] enabled
[    0.082320] printk: legacy bootconsole [earlyser0] disabled
[    0.082320] printk: legacy bootconsole [earlyser0] disabled
[    0.083368] Lock dependency validator: Copyright (c) 2006 Red Hat, Inc., Ingo Molnar
[    0.084095] ... MAX_LOCKDEP_SUBCLASSES:  8
[    0.084481] ... MAX_LOCK_DEPTH:          48
[    0.084875] ... MAX_LOCKDEP_KEYS:        8192
[    0.085286] ... CLASSHASH_SIZE:          4096
[    0.085698] ... MAX_LOCKDEP_ENTRIES:     32768
[    0.086117] ... MAX_LOCKDEP_CHAINS:      65536
[    0.086541] ... CHAINHASH_SIZE:          32768
[    0.086973]  memory used by lock dependency info: 6429 kB
[    0.087482]  memory used for stack traces: 4224 kB
[    0.087937]  per task-struct memory footprint: 1920 bytes
[    0.088466] ACPI: Core revision 20230628
[    0.088958] clocksource: hpet: mask: 0xffffffff max_cycles: 0xffffffff, max_idle_ns: 19112604467 ns
[    0.089940] APIC: Switch to symmetric I/O mode setup
[    0.090430] APIC: Switched APIC routing to: physical flat
[    0.090978] kvm-guest: APIC: send_IPI_mask() replaced with kvm_send_ipi_mask()
[    0.091663] kvm-guest: APIC: send_IPI_mask_allbutself() replaced with kvm_send_ipi_mask_allbutself()
[    0.092492] kvm-guest: setup PV IPIs
[    0.093844] ..TIMER: vector=0x30 apic1=0 pin1=2 apic2=-1 pin2=-1
[    0.094923] tsc: Marking TSC unstable due to TSCs unsynchronized
[    0.095988] Calibrating delay loop (skipped) preset value.. 8983.07 BogoMIPS (lpj=4491536)
[    0.097053] x86/cpu: User Mode Instruction Prevention (UMIP) activated
[    0.098050] Last level iTLB entries: 4KB 512, 2MB 255, 4MB 127
[    0.098982] Last level dTLB entries: 4KB 512, 2MB 255, 4MB 127, 1GB 0
[    0.099986] Spectre V1 : Mitigation: usercopy/swapgs barriers and __user pointer sanitization
[    0.100986] Spectre V2 : Mitigation: Enhanced / Automatic IBRS
[    0.101982] Spectre V2 : Spectre v2 / SpectreRSB mitigation: Filling RSB on context switch
[    0.102985] Spectre V2 : mitigation: Enabling conditional Indirect Branch Prediction Barrier
[    0.103983] Speculative Store Bypass: Mitigation: Speculative Store Bypass disabled via prctl
[    0.104982] Speculative Return Stack Overflow: IBPB-extending microcode not applied!
[    0.105982] Speculative Return Stack Overflow: WARNING: See https://kernel.org/doc/html/latest/admin-guide/hw-vuln/srso.html for mitigation options.
[    0.105983] Speculative Return Stack Overflow: Vulnerable: Safe RET, no microcode
[    0.108003] x86/fpu: Supporting XSAVE feature 0x001: 'x87 floating point registers'
[    0.108981] x86/fpu: Supporting XSAVE feature 0x002: 'SSE registers'
[    0.109981] x86/fpu: Supporting XSAVE feature 0x004: 'AVX registers'
[    0.110814] x86/fpu: Supporting XSAVE feature 0x020: 'AVX-512 opmask'
[    0.110981] x86/fpu: Supporting XSAVE feature 0x040: 'AVX-512 Hi256'
[    0.111981] x86/fpu: Supporting XSAVE feature 0x080: 'AVX-512 ZMM_Hi256'
[    0.112981] x86/fpu: Supporting XSAVE feature 0x200: 'Protection Keys User registers'
[    0.113982] x86/fpu: xstate_offset[2]:  576, xstate_sizes[2]:  256
[    0.114981] x86/fpu: xstate_offset[5]:  832, xstate_sizes[5]:   64
[    0.115981] x86/fpu: xstate_offset[6]:  896, xstate_sizes[6]:  512
[    0.116981] x86/fpu: xstate_offset[7]: 1408, xstate_sizes[7]: 1024
[    0.117791] x86/fpu: xstate_offset[9]: 2432, xstate_sizes[9]:    8
[    0.117981] x86/fpu: Enabled xstate features 0x2e7, context size is 2440 bytes, using 'compacted' format.
[    0.136282] Freeing SMP alternatives memory: 36K
[    0.136894] pid_max: default: 32768 minimum: 301
[    0.137064] Mount-cache hash table entries: 2048 (order: 2, 16384 bytes, linear)
[    0.137983] Mountpoint-cache hash table entries: 2048 (order: 2, 16384 bytes, linear)
[    0.140202] Running RCU synchronous self tests
[    0.140789] Running RCU synchronous self tests
[    0.141145] smpboot: CPU0: AMD Ryzen 9 7950X 16-Core Processor (family: 0x19, model: 0x61, stepping: 0x2)
[    0.142348] RCU Tasks: Setting shift to 5 and lim to 1 rcu_task_cb_adjust=1.
[    0.143013] RCU Tasks Rude: Setting shift to 5 and lim to 1 rcu_task_cb_adjust=1.
[    0.144020] RCU Tasks Trace: Setting shift to 5 and lim to 1 rcu_task_cb_adjust=1.
[    0.145019] Running RCU Tasks wait API self tests
[    0.252059] Running RCU Tasks Rude wait API self tests
[    0.252851] Running RCU Tasks Trace wait API self tests
[    0.253031] Performance Events: Fam17h+ core perfctr, AMD PMU driver.
[    0.253931] ... version:                0
[    0.253985] ... bit width:              48
[    0.254522] ... generic registers:      6
[    0.254984] ... value mask:             0000ffffffffffff
[    0.255680] ... max period:             00007fffffffffff
[    0.255984] ... fixed-purpose events:   0
[    0.256511] ... event mask:             000000000000003f
[    0.257173] signal: max sigframe size: 3376
[    0.257807] rcu: Hierarchical SRCU implementation.
[    0.257985] rcu: Max phase no-delay instances is 400.
[    0.260389] Callback from call_rcu_tasks_trace() invoked.
[    0.262792] smp: Bringing up secondary CPUs ...
[    0.263279] smpboot: x86: Booting SMP configuration:
[    0.263942] .... node  #0, CPUs:        #1  #2  #3  #4  #5  #6  #7  #8  #9 #10 #11 #12 #13 #14 #15 #16 #17 #18 #19 #20 #21 #22 #23 #24 #25 #26 #27 #28 #29 #30 #31
[    0.287036] smp: Brought up 1 node, 32 CPUs
[    0.288544] smpboot: Max logical packages: 1
[    0.288988] smpboot: Total of 32 processors activated (287458.30 BogoMIPS)
[    0.301071] devtmpfs: initialized
[    0.301685] x86/mm: Memory block size: 128MB
[    0.305178] Running RCU synchronous self tests
[    0.306001] Running RCU synchronous self tests
[    0.307047] clocksource: jiffies: mask: 0xffffffff max_cycles: 0xffffffff, max_idle_ns: 1911260446275000 ns
[    0.307999] futex hash table entries: 8192 (order: 8, 1048576 bytes, linear)
[    0.309715] PM: RTC time: 18:06:43, date: 2024-01-29
[    0.312133] NET: Registered PF_NETLINK/PF_ROUTE protocol family
[    0.313743] thermal_sys: Registered thermal governor 'step_wise'
[    0.313746] thermal_sys: Registered thermal governor 'user_space'
[    0.315040] cpuidle: using governor menu
[    0.318247] PCI: Using configuration type 1 for base access
[    0.318986] PCI: Using configuration type 1 for extended access
[    0.320031] kprobes: kprobe jump-optimization is enabled. All kprobes are optimized if possible.
[    0.330202] HugeTLB: registered 1.00 GiB page size, pre-allocated 0 pages
[    0.330985] HugeTLB: 16380 KiB vmemmap can be freed for a 1.00 GiB page
[    0.331867] HugeTLB: registered 2.00 MiB page size, pre-allocated 0 pages
[    0.332984] HugeTLB: 28 KiB vmemmap can be freed for a 2.00 MiB page
[    0.334200] ACPI: Added _OSI(Module Device)
[    0.334985] ACPI: Added _OSI(Processor Device)
[    0.335575] ACPI: Added _OSI(3.0 _SCP Extensions)
[    0.335985] ACPI: Added _OSI(Processor Aggregator Device)
[    0.338810] ACPI: 1 ACPI AML tables successfully acquired and loaded
[    0.341552] ACPI: _OSC evaluation for CPUs failed, trying _PDC
[    0.342510] ACPI: Interpreter enabled
[    0.343026] ACPI: PM: (supports S0 S3 S4 S5)
[    0.343607] ACPI: Using IOAPIC for interrupt routing
[    0.345004] PCI: Using host bridge windows from ACPI; if necessary, use "pci=nocrs" and report a bug
[    0.345984] PCI: Using E820 reservations for host bridge windows
[    0.347088] ACPI: Enabled 2 GPEs in block 00 to 0F
[    0.357089] ACPI: PCI Root Bridge [PCI0] (domain 0000 [bus 00-ff])
[    0.357676] Callback from call_rcu_tasks_rude() invoked.
[    0.357952] acpi PNP0A03:00: _OSC: OS supports [ExtendedConfig ASPM ClockPM Segments MSI HPX-Type3]
[    0.359492] PCI host bridge to bus 0000:00
[    0.359985] pci_bus 0000:00: root bus resource [io  0x0000-0x0cf7 window]
[    0.360887] pci_bus 0000:00: root bus resource [io  0x0d00-0xffff window]
[    0.361986] pci_bus 0000:00: root bus resource [mem 0x000a0000-0x000bffff window]
[    0.362985] pci_bus 0000:00: root bus resource [mem 0x40000000-0xfebfffff window]
[    0.363977] pci_bus 0000:00: root bus resource [mem 0x100000000-0x17fffffff window]
[    0.364985] pci_bus 0000:00: root bus resource [bus 00-ff]
[    0.365859] pci 0000:00:00.0: [8086:1237] type 00 class 0x060000 conventional PCI endpoint
[    0.367485] pci 0000:00:01.0: [8086:7000] type 00 class 0x060100 conventional PCI endpoint
[    0.369429] pci 0000:00:01.1: [8086:7010] type 00 class 0x010180 conventional PCI endpoint
[    0.373233] pci 0000:00:01.1: BAR 4 [io  0xc080-0xc08f]
[    0.374736] pci 0000:00:01.1: BAR 0 [io  0x01f0-0x01f7]: legacy IDE quirk
[    0.374985] pci 0000:00:01.1: BAR 1 [io  0x03f6]: legacy IDE quirk
[    0.375803] pci 0000:00:01.1: BAR 2 [io  0x0170-0x0177]: legacy IDE quirk
[    0.376984] pci 0000:00:01.1: BAR 3 [io  0x0376]: legacy IDE quirk
[    0.378002] pci 0000:00:01.3: [8086:7113] type 00 class 0x068000 conventional PCI endpoint
[    0.379247] pci 0000:00:01.3: quirk: [io  0x0600-0x063f] claimed by PIIX4 ACPI
[    0.380989] pci 0000:00:01.3: quirk: [io  0x0700-0x070f] claimed by PIIX4 SMB
[    0.383261] pci 0000:00:02.0: [1af4:1009] type 00 class 0x000200 conventional PCI endpoint
[    0.384984] pci 0000:00:02.0: BAR 0 [io  0xc000-0xc03f]
[    0.387694] pci 0000:00:02.0: BAR 1 [mem 0xfebfd000-0xfebfdfff]
[    0.391984] pci 0000:00:02.0: BAR 4 [mem 0xfebf4000-0xfebf7fff 64bit pref]
[    0.397216] pci 0000:00:03.0: [1af4:1009] type 00 class 0x000200 conventional PCI endpoint
[    0.399985] pci 0000:00:03.0: BAR 0 [io  0xc040-0xc07f]
[    0.401648] pci 0000:00:03.0: BAR 1 [mem 0xfebfe000-0xfebfefff]
[    0.407675] pci 0000:00:03.0: BAR 4 [mem 0xfebf8000-0xfebfbfff 64bit pref]
[    0.411149] pci 0000:00:04.0: [8086:25ab] type 00 class 0x088000 conventional PCI endpoint
[    0.412516] pci 0000:00:04.0: BAR 0 [mem 0xfebff000-0xfebff00f]
[    0.418681] ACPI: PCI: Interrupt link LNKA configured for IRQ 10
[    0.420155] ACPI: PCI: Interrupt link LNKB configured for IRQ 10
[    0.421065] ACPI: PCI: Interrupt link LNKC configured for IRQ 11
[    0.422020] ACPI: PCI: Interrupt link LNKD configured for IRQ 11
[    0.422921] ACPI: PCI: Interrupt link LNKS configured for IRQ 9
[    0.426389] iommu: Default domain type: Translated
[    0.426985] iommu: DMA domain TLB invalidation policy: lazy mode
[    0.428079] SCSI subsystem initialized
[    0.428617] pps_core: LinuxPPS API ver. 1 registered
[    0.428986] pps_core: Software ver. 5.3.6 - Copyright 2005-2007 Rodolfo Giometti <giometti@linux.it>
[    0.429989] PTP clock support registered
[    0.431062] Advanced Linux Sound Architecture Driver Initialized.
[    0.432614] NET: Registered PF_ATMPVC protocol family
[    0.432985] NET: Registered PF_ATMSVC protocol family
[    0.433667] PCI: Using ACPI for IRQ routing
[    0.435144] vgaarb: loaded
[    0.435375] hpet0: at MMIO 0xfed00000, IRQs 2, 8, 0
[    0.435986] hpet0: 3 comparators, 64-bit 100.000000 MHz counter
[    0.442914] clocksource: Switched to clocksource kvm-clock
[    0.443836] VFS: Disk quotas dquot_6.6.0
[    0.444383] VFS: Dquot-cache hash table entries: 512 (order 0, 4096 bytes)
[    0.445424] pnp: PnP ACPI init
[    0.446398] pnp: PnP ACPI: found 5 devices
[    0.455741] clocksource: acpi_pm: mask: 0xffffff max_cycles: 0xffffff, max_idle_ns: 2085701024 ns
[    0.456952] NET: Registered PF_INET protocol family
[    0.457676] IP idents hash table entries: 16384 (order: 5, 131072 bytes, linear)
[    0.458973] tcp_listen_portaddr_hash hash table entries: 512 (order: 3, 36864 bytes, linear)
[    0.460111] Table-perturb hash table entries: 65536 (order: 6, 262144 bytes, linear)
[    0.461200] TCP established hash table entries: 8192 (order: 4, 65536 bytes, linear)
[    0.461204] Callback from call_rcu_tasks() invoked.
[    0.462276] TCP bind hash table entries: 8192 (order: 8, 1179648 bytes, linear)
[    0.464470] TCP: Hash tables configured (established 8192 bind 8192)
[    0.465433] UDP hash table entries: 512 (order: 4, 81920 bytes, linear)
[    0.466360] UDP-Lite hash table entries: 512 (order: 4, 81920 bytes, linear)
[    0.467442] NET: Registered PF_UNIX/PF_LOCAL protocol family
[    0.468326] pci_bus 0000:00: resource 4 [io  0x0000-0x0cf7 window]
[    0.469141] pci_bus 0000:00: resource 5 [io  0x0d00-0xffff window]
[    0.469967] pci_bus 0000:00: resource 6 [mem 0x000a0000-0x000bffff window]
[    0.470880] pci_bus 0000:00: resource 7 [mem 0x40000000-0xfebfffff window]
[    0.471794] pci_bus 0000:00: resource 8 [mem 0x100000000-0x17fffffff window]
[    0.472803] pci 0000:00:01.0: PIIX3: Enabling Passive Release
[    0.473574] pci 0000:00:00.0: Limiting direct PCI/PCI transfers
[    0.474403] PCI: CLS 0 bytes, default 64
[    0.474974] kvm_intel: VMX not supported by CPU 4
[    0.475854] kvm_amd: TSC scaling supported
[    0.476437] kvm_amd: Nested Virtualization enabled
[    0.477072] kvm_amd: Nested Paging enabled
[    0.477637] kvm_amd: Virtual VMLOAD VMSAVE supported
[    0.478300] kvm_amd: Virtual GIF supported
[    0.478845] kvm_amd: Virtual NMI enabled
[    0.479371] kvm_amd: LBR virtualization supported
[    0.579576] workingset: timestamp_bits=56 max_order=18 bucket_order=0
[    0.580598] squashfs: version 4.0 (2009/01/31) Phillip Lougher
[    0.581417] fuse: init (API version 7.39)
[    0.582047] 9p: Installing v9fs 9p2000 file system support
[    0.582912] Key type asymmetric registered
[    0.583500] Block layer SCSI generic (bsg) driver version 0.4 loaded (major 249)
[    0.584568] io scheduler mq-deadline registered
[    0.585190] io scheduler kyber registered
[    0.587133] input: Power Button as /devices/LNXSYSTM:00/LNXPWRBN:00/input/input0
[    0.588410] ACPI: button: Power Button [PWRF]
[    0.589118] Warning: Processor Platform Limit event detected, but not handled.
[    0.590118] Consider compiling CPUfreq support into your kernel.
[    0.665758] ACPI: \_SB_.LNKB: Enabled at IRQ 10
[    0.741070] ACPI: \_SB_.LNKC: Enabled at IRQ 11
[    0.742582] Serial: 8250/16550 driver, 4 ports, IRQ sharing enabled
[    0.743829] 00:03: ttyS0 at I/O 0x3f8 (irq = 4, base_baud = 115200) is a 16550A
[    0.745887] Non-volatile memory driver v1.3
[    0.746474] Linux agpgart interface v0.103
[    0.747191] ACPI: bus type drm_connector registered
[    0.760544] loop: module loaded
[    0.762334] scsi host0: ata_piix
[    0.763092] scsi host1: ata_piix
[    0.763612] ata1: PATA max MWDMA2 cmd 0x1f0 ctl 0x3f6 bmdma 0xc080 irq 14 lpm-pol 0
[    0.764645] ata2: PATA max MWDMA2 cmd 0x170 ctl 0x376 bmdma 0xc088 irq 15 lpm-pol 0
[    0.766469] i8042: PNP: PS/2 Controller [PNP0303:KBD,PNP0f13:MOU] at 0x60,0x64 irq 1,12
[    0.768356] serio: i8042 KBD port at 0x60,0x64 irq 1
[    0.769044] serio: i8042 AUX port at 0x60,0x64 irq 12
[    0.770418] rtc_cmos 00:04: RTC can wake from S4
[    0.771497] input: AT Translated Set 2 keyboard as /devices/platform/i8042/serio0/input/input1
[    0.773312] rtc_cmos 00:04: registered as rtc0
[    0.773964] rtc_cmos 00:04: setting system clock to 2024-01-29T18:06:43 UTC (1706551603)
[    0.775140] rtc_cmos 00:04: alarms up to one day, y3k, 242 bytes nvram, hpet irqs
[    0.776824] i6300ESB timer 0000:00:04.0: initialized. heartbeat=30 sec (nowayout=0)
[    0.778666] input: ImExPS/2 Generic Explorer Mouse as /devices/platform/i8042/serio1/input/input3
[    0.778873] device-mapper: ioctl: 4.48.0-ioctl (2023-03-01) initialised: dm-devel@redhat.com
[    0.782097] NET: Registered PF_PACKET protocol family
[    0.782976] 9pnet: Installing 9P2000 support
[    0.784980] Key type dns_resolver registered
[    0.789110] IPI shorthand broadcast: enabled
[    0.799811] sched_clock: Marking stable (788003167, 11166955)->(812862673, -13692551)
[    0.801538] registered taskstats version 1
[    0.808273] PM:   Magic number: 8:124:141
[    0.808998] acpi device:12: hash matches
[    0.809749] printk: legacy console [netcon0] enabled
[    0.810624] netconsole: network logging started
[    0.811636] ALSA device list:
[    0.812163]   No soundcards found.
[    0.923364] ata2: found unknown device (class 0)
[    0.924741] ata2.00: ATAPI: QEMU DVD-ROM, 2.5+, max UDMA/100
[    0.926931] scsi 1:0:0:0: CD-ROM            QEMU     QEMU DVD-ROM     2.5+ PQ: 0 ANSI: 5
[    0.935888] scsi 1:0:0:0: Attached scsi generic sg0 type 5
[    0.936701] md: Skipping autodetection of RAID arrays. (raid=autodetect will force)
[    0.937914] 9pnet_virtio: no channels available for device 
[    0.939448] VFS: Mounted root (9p filesystem) readonly on device 0:19.
[    0.940649] devtmpfs: mounted
[    0.943163] Freeing unused kernel image (initmem) memory: 3160K
[    0.950201] Write protecting the kernel read-only data: 22528k
[    0.951589] Freeing unused kernel image (rodata/data gap) memory: 72K
[    0.988721] x86/mm: Checked W+X mappings: passed, no W+X pages found.
[    0.989692] Run /usr/lib/python3.11/site-packages/virtme/guest/virtme-init as init process
[    1.016283] mount (268) used greatest stack depth: 12984 bytes left
[    1.088671] mount (285) used greatest stack depth: 12584 bytes left
[    1.141281] virtme-init (315) used greatest stack depth: 12568 bytes left
[    1.144076] virtme-init (311) used greatest stack depth: 12424 bytes left
[    1.179791] virtme-init: basic initialization done
[    1.185635] virtme-init: udevd not found
[    1.243998] virtme-init: Setting hostname to virtme-ng...
[    1.256898] ip (361) used greatest stack depth: 12056 bytes left
          _      _                                    
   __   _(_)_ __| |_ _ __ ___   ___       _ __   __ _ 
   \ \ / / |  __| __|  _   _ \ / _ \_____|  _ \ / _  |
    \ V /| | |  | |_| | | | | |  __/_____| | | | (_| |
     \_/ |_|_|   \__|_| |_| |_|\___|     |_| |_|\__  |
                                                |___/ 
   kernel version: 6.8.0-rc1-virtme x86_64

virtme-ng:/nipa-data/kernel# PS1='xx__-> '
xx__-> 