No EFI environment detected.
early console in extract_kernel
input_data: 0x0000000002be82c4
input_len: 0x0000000000b3a64d
output: 0x0000000001000000
output_len: 0x00000000026db468
kernel_total_size: 0x0000000002430000
needed_size: 0x0000000002800000
trampoline_32bit: 0x0000000000000000
Physical KASLR using RDRAND RDTSC...
Virtual KASLR using RDRAND RDTSC...

Decompressing Linux... Parsing ELF... Performing relocations... done.
Booting the kernel (entry_offset: 0x0000000000000000).
[    0.000000] Linux version 6.9.0-virtme (root@71509da633d8) (gcc (Alpine 13.2.1_git20240309) 13.2.1 20240309, GNU ld (GNU Binutils) 2.42) #1 SMP PREEMPT_DYNAMIC Mon May 20 12:06:22 UTC 2024
[    0.000000] Command line: virtme_hostname=virtme-ng nr_open=1048576 virtme_link_mods=/nipa-data/kernel/.virtme_mods/lib/modules/0.0.0 virtme_initmount0=nipa-data/kernel virtme_rw_overlay0=/etc virtme_rw_overlay1=/lib virtme_rw_overlay2=/home virtme_rw_overlay3=/opt virtme_rw_overlay4=/srv virtme_rw_overlay5=/usr virtme_rw_overlay6=/var console=hvc0 earlyprintk=serial,ttyS0,115200 virtme_console=ttyS0 psmouse.proto=exps TERM=xterm virtme_chdir=nipa-data/kernel virtme_root_user=1 rootfstype=9p rootflags=version=9p2000.L,trans=virtio,access=any raid=noautodetect ro init=/usr/lib/python3.12/site-packages/virtme/guest/virtme-init
[    0.000000] BIOS-provided physical RAM map:
[    0.000000] BIOS-e820: [mem 0x0000000000000000-0x000000000009fbff] usable
[    0.000000] BIOS-e820: [mem 0x000000000009fc00-0x000000000009ffff] reserved
[    0.000000] BIOS-e820: [mem 0x00000000000f0000-0x00000000000fffff] reserved
[    0.000000] BIOS-e820: [mem 0x0000000000100000-0x000000003ffdffff] usable
[    0.000000] BIOS-e820: [mem 0x000000003ffe0000-0x000000003fffffff] reserved
[    0.000000] BIOS-e820: [mem 0x00000000feffc000-0x00000000feffffff] reserved
[    0.000000] BIOS-e820: [mem 0x00000000fffc0000-0x00000000ffffffff] reserved
[    0.000000] BIOS-e820: [mem 0x000000fd00000000-0x000000ffffffffff] reserved
[    0.000000] printk: legacy bootconsole [earlyser0] enabled
[    0.000000] NX (Execute Disable) protection: active
[    0.000000] APIC: Static calls initialized
[    0.000000] SMBIOS 2.8 present.
[    0.000000] DMI: QEMU Standard PC (i440FX + PIIX, 1996), BIOS rel-1.16.3-0-ga6ed6b701f0a-prebuilt.qemu.org 04/01/2014
[    0.000000] Hypervisor detected: KVM
[    0.000000] kvm-clock: Using msrs 4b564d01 and 4b564d00
[    0.000000] kvm-clock: using sched offset of 259898564 cycles
[    0.000389] clocksource: kvm-clock: mask: 0xffffffffffffffff max_cycles: 0x1cd42e4dffb, max_idle_ns: 881590591483 ns
[    0.001597] tsc: Detected 4491.556 MHz processor
[    0.002197] last_pfn = 0x3ffe0 max_arch_pfn = 0x400000000
[    0.002618] MTRR map: 4 entries (3 fixed + 1 variable; max 19), built from 8 variable MTRRs
[    0.003235] x86/PAT: Configuration [0-7]: WB  WC  UC- UC  WB  WP  UC- WT  
Memory KASLR using RDRAND RDTSC...
[    0.005275] found SMP MP-table at [mem 0x000f5470-0x000f547f]
[    0.005706] Using GB pages for direct mapping
[    0.006052] ACPI: Early table checksum verification disabled
[    0.006474] ACPI: RSDP 0x00000000000F5290 000014 (v00 BOCHS )
[    0.006897] ACPI: RSDT 0x000000003FFE27BC 000034 (v01 BOCHS  BXPC     00000001 BXPC 00000001)
[    0.007527] ACPI: FACP 0x000000003FFE2578 000074 (v01 BOCHS  BXPC     00000001 BXPC 00000001)
[    0.008159] ACPI: DSDT 0x000000003FFE0040 002538 (v01 BOCHS  BXPC     00000001 BXPC 00000001)
[    0.008790] ACPI: FACS 0x000000003FFE0000 000040
[    0.009132] ACPI: APIC 0x000000003FFE25EC 000170 (v03 BOCHS  BXPC     00000001 BXPC 00000001)
[    0.009764] ACPI: HPET 0x000000003FFE275C 000038 (v01 BOCHS  BXPC     00000001 BXPC 00000001)
[    0.010394] ACPI: WAET 0x000000003FFE2794 000028 (v01 BOCHS  BXPC     00000001 BXPC 00000001)
[    0.011038] ACPI: Reserving FACP table memory at [mem 0x3ffe2578-0x3ffe25eb]
[    0.011558] ACPI: Reserving DSDT table memory at [mem 0x3ffe0040-0x3ffe2577]
[    0.012133] ACPI: Reserving FACS table memory at [mem 0x3ffe0000-0x3ffe003f]
[    0.012757] ACPI: Reserving APIC table memory at [mem 0x3ffe25ec-0x3ffe275b]
[    0.013392] ACPI: Reserving HPET table memory at [mem 0x3ffe275c-0x3ffe2793]
[    0.014018] ACPI: Reserving WAET table memory at [mem 0x3ffe2794-0x3ffe27bb]
[    0.014816] No NUMA configuration found
[    0.015159] Faking a node at [mem 0x0000000000000000-0x000000003ffdffff]
[    0.015754] NODE_DATA(0) allocated [mem 0x3ffdb000-0x3ffdffff]
[    0.016285] Zone ranges:
[    0.016509]   DMA      [mem 0x0000000000001000-0x0000000000ffffff]
[    0.017057]   DMA32    [mem 0x0000000001000000-0x000000003ffdffff]
[    0.017610]   Normal   empty
[    0.017866]   Device   empty
[    0.018121] Movable zone start for each node
[    0.018499] Early memory node ranges
[    0.018817]   node   0: [mem 0x0000000000001000-0x000000000009efff]
[    0.019374]   node   0: [mem 0x0000000000100000-0x000000003ffdffff]
[    0.019935] Initmem setup node 0 [mem 0x0000000000001000-0x000000003ffdffff]
[    0.020565] On node 0, zone DMA: 1 pages in unavailable ranges
[    0.021095] On node 0, zone DMA: 97 pages in unavailable ranges
[    0.022751] On node 0, zone DMA32: 32 pages in unavailable ranges
[    0.023548] ACPI: PM-Timer IO Port: 0x608
[    0.023912] ACPI: LAPIC_NMI (acpi_id[0xff] dfl dfl lint[0x1])
[    0.024446] IOAPIC[0]: apic_id 0, version 17, address 0xfec00000, GSI 0-23
[    0.025065] ACPI: INT_SRC_OVR (bus 0 bus_irq 0 global_irq 2 dfl dfl)
[    0.025639] ACPI: INT_SRC_OVR (bus 0 bus_irq 5 global_irq 5 high level)
[    0.026232] ACPI: INT_SRC_OVR (bus 0 bus_irq 9 global_irq 9 high level)
[    0.026827] ACPI: INT_SRC_OVR (bus 0 bus_irq 10 global_irq 10 high level)
[    0.027435] ACPI: INT_SRC_OVR (bus 0 bus_irq 11 global_irq 11 high level)
[    0.028048] ACPI: Using ACPI (MADT) for SMP configuration information
[    0.028628] ACPI: HPET id: 0x8086a201 base: 0xfed00000
[    0.029088] TSC deadline timer available
[    0.029450] CPU topo: Max. logical packages:   1
[    0.029863] CPU topo: Max. logical dies:       1
[    0.030275] CPU topo: Max. dies per package:   1
[    0.030689] CPU topo: Max. threads per core:   1
[    0.031102] CPU topo: Num. cores per package:    32
[    0.031537] CPU topo: Num. threads per package:  32
[    0.031974] CPU topo: Allowing 32 present CPUs plus 0 hotplug CPUs
[    0.032537] kvm-guest: APIC: eoi() replaced with kvm_guest_apic_eoi_write()
[    0.033170] kvm-guest: KVM setup pv remote TLB flush
[    0.033618] kvm-guest: setup PV sched yield
[    0.033997] PM: hibernation: Registered nosave memory: [mem 0x00000000-0x00000fff]
[    0.034675] PM: hibernation: Registered nosave memory: [mem 0x0009f000-0x0009ffff]
[    0.035352] PM: hibernation: Registered nosave memory: [mem 0x000a0000-0x000effff]
[    0.036032] PM: hibernation: Registered nosave memory: [mem 0x000f0000-0x000fffff]
[    0.036709] [mem 0x40000000-0xfeffbfff] available for PCI devices
[    0.037254] Booting paravirtualized kernel on KVM
[    0.037678] clocksource: refined-jiffies: mask: 0xffffffff max_cycles: 0xffffffff, max_idle_ns: 1910969940391419 ns
[    0.041657] setup_percpu: NR_CPUS:64 nr_cpumask_bits:32 nr_cpu_ids:32 nr_node_ids:1
[    0.043085] percpu: Embedded 58 pages/cpu s198952 r8192 d30424 u262144
[    0.043715] Kernel command line: virtme_hostname=virtme-ng nr_open=1048576 virtme_link_mods=/nipa-data/kernel/.virtme_mods/lib/modules/0.0.0 virtme_initmount0=nipa-data/kernel virtme_rw_overlay0=/etc virtme_rw_overlay1=/lib virtme_rw_overlay2=/home virtme_rw_overlay3=/opt virtme_rw_overlay4=/srv virtme_rw_overlay5=/usr virtme_rw_overlay6=/var console=hvc0 earlyprintk=serial,ttyS0,115200 virtme_console=ttyS0 psmouse.proto=exps TERM=xterm virtme_chdir=nipa-data/kernel virtme_root_user=1 rootfstype=9p rootflags=version=9p2000.L,trans=virtio,access=any raid=noautodetect ro init=/usr/lib/python3.12/site-packages/virtme/guest/virtme-init
[    0.049015] Unknown kernel command line parameters "virtme_hostname=virtme-ng nr_open=1048576 virtme_link_mods=/nipa-data/kernel/.virtme_mods/lib/modules/0.0.0 virtme_initmount0=nipa-data/kernel virtme_rw_overlay0=/etc virtme_rw_overlay1=/lib virtme_rw_overlay2=/home virtme_rw_overlay3=/opt virtme_rw_overlay4=/srv virtme_rw_overlay5=/usr virtme_rw_overlay6=/var virtme_console=ttyS0 virtme_chdir=nipa-data/kernel virtme_root_user=1", will be passed to user space.
[    0.052987] random: crng init done
[    0.053330] Dentry cache hash table entries: 131072 (order: 8, 1048576 bytes, linear)
[    0.054069] Inode-cache hash table entries: 65536 (order: 7, 524288 bytes, linear)
[    0.054869] Fallback order for Node 0: 0 
[    0.054872] Built 1 zonelists, mobility grouping on.  Total pages: 257760
[    0.055873] Policy zone: DMA32
[    0.056155] mem auto-init: stack:all(zero), heap alloc:off, heap free:off
[    0.057670] Memory: 984568K/1048056K available (16384K kernel code, 2411K rwdata, 6148K rodata, 3080K init, 2036K bss, 63228K reserved, 0K cma-reserved)
[    0.058966] SLUB: HWalign=64, Order=0-3, MinObjects=0, CPUs=32, Nodes=1
Poking KASLR using RDRAND RDTSC...
[    0.059895] ftrace: allocating 47706 entries in 187 pages
[    0.067305] ftrace: allocated 187 pages with 6 groups
[    0.068443] Dynamic Preempt: voluntary
[    0.068953] rcu: Preemptible hierarchical RCU implementation.
[    0.069494] rcu: RCU event tracing is enabled.
[    0.069916] rcu: RCU restricting CPUs from NR_CPUS=64 to nr_cpu_ids=32.
[    0.070539] Trampoline variant of Tasks RCU enabled.
[    0.071006] Rude variant of Tasks RCU enabled.
[    0.071424] Tracing variant of Tasks RCU enabled.
[    0.071874] rcu: RCU calculated value of scheduler-enlistment delay is 100 jiffies.
[    0.072590] rcu: Adjusting geometry for rcu_fanout_leaf=16, nr_cpu_ids=32
[    0.073233] RCU Tasks: Setting shift to 5 and lim to 1 rcu_task_cb_adjust=1.
[    0.073903] RCU Tasks Rude: Setting shift to 5 and lim to 1 rcu_task_cb_adjust=1.
[    0.074607] RCU Tasks Trace: Setting shift to 5 and lim to 1 rcu_task_cb_adjust=1.
[    0.077262] NR_IRQS: 4352, nr_irqs: 680, preallocated irqs: 16
[    0.077996] rcu: srcu_init: Setting srcu_struct sizes based on contention.
[    0.078796] Console: colour *CGA 80x25
[    0.079154] ACPI: Core revision 20240322
[    0.079598] clocksource: hpet: mask: 0xffffffff max_cycles: 0xffffffff, max_idle_ns: 19112604467 ns
[    0.080516] APIC: Switch to symmetric I/O mode setup
[    0.080983] APIC: Switched APIC routing to: physical flat
[    0.081489] kvm-guest: APIC: send_IPI_mask() replaced with kvm_send_ipi_mask()
[    0.082132] kvm-guest: APIC: send_IPI_mask_allbutself() replaced with kvm_send_ipi_mask_allbutself()
[    0.082958] kvm-guest: setup PV IPIs
[    0.084214] ..TIMER: vector=0x30 apic1=0 pin1=2 apic2=-1 pin2=-1
[    0.085270] tsc: Marking TSC unstable due to TSCs unsynchronized
[    0.086315] Calibrating delay loop (skipped) preset value.. 8983.11 BogoMIPS (lpj=4491556)
[    0.087387] x86/cpu: User Mode Instruction Prevention (UMIP) activated
[    0.088374] Last level iTLB entries: 4KB 512, 2MB 255, 4MB 127
[    0.089314] Last level dTLB entries: 4KB 512, 2MB 255, 4MB 127, 1GB 0
[    0.090319] Spectre V1 : Mitigation: usercopy/swapgs barriers and __user pointer sanitization
[    0.091318] Spectre V2 : Mitigation: Enhanced / Automatic IBRS
[    0.092314] Spectre V2 : Spectre v2 / SpectreRSB mitigation: Filling RSB on context switch
[    0.093316] Spectre V2 : mitigation: Enabling conditional Indirect Branch Prediction Barrier
[    0.094316] Speculative Store Bypass: Mitigation: Speculative Store Bypass disabled via prctl
[    0.095314] Speculative Return Stack Overflow: IBPB-extending microcode not applied!
[    0.096314] Speculative Return Stack Overflow: WARNING: See https://kernel.org/doc/html/latest/admin-guide/hw-vuln/srso.html for mitigation options.
[    0.096315] Speculative Return Stack Overflow: Vulnerable: Safe RET, no microcode
[    0.098332] x86/fpu: Supporting XSAVE feature 0x001: 'x87 floating point registers'
[    0.099314] x86/fpu: Supporting XSAVE feature 0x002: 'SSE registers'
[    0.100314] x86/fpu: Supporting XSAVE feature 0x004: 'AVX registers'
[    0.101319] x86/fpu: Supporting XSAVE feature 0x020: 'AVX-512 opmask'
[    0.102314] x86/fpu: Supporting XSAVE feature 0x040: 'AVX-512 Hi256'
[    0.104314] x86/fpu: Supporting XSAVE feature 0x080: 'AVX-512 ZMM_Hi256'
[    0.105314] x86/fpu: Supporting XSAVE feature 0x200: 'Protection Keys User registers'
[    0.106314] x86/fpu: xstate_offset[2]:  576, xstate_sizes[2]:  256
[    0.107314] x86/fpu: xstate_offset[5]:  832, xstate_sizes[5]:   64
[    0.108314] x86/fpu: xstate_offset[6]:  896, xstate_sizes[6]:  512
[    0.109314] x86/fpu: xstate_offset[7]: 1408, xstate_sizes[7]: 1024
[    0.110314] x86/fpu: xstate_offset[9]: 2432, xstate_sizes[9]:    8
[    0.111314] x86/fpu: Enabled xstate features 0x2e7, context size is 2440 bytes, using 'compacted' format.
[    0.130853] Freeing SMP alternatives memory: 40K
[    0.131315] pid_max: default: 32768 minimum: 301
[    0.132349] Mount-cache hash table entries: 2048 (order: 2, 16384 bytes, linear)
[    0.133315] Mountpoint-cache hash table entries: 2048 (order: 2, 16384 bytes, linear)
[    0.135392] smpboot: CPU0: AMD Ryzen 9 7950X 16-Core Processor (family: 0x19, model: 0x61, stepping: 0x2)
[    0.136478] Performance Events: Fam17h+ core perfctr, AMD PMU driver.
[    0.137319] ... version:                0
[    0.138010] ... bit width:              48
[    0.138316] ... generic registers:      6
[    0.139006] ... value mask:             0000ffffffffffff
[    0.139316] ... max period:             00007fffffffffff
[    0.140228] ... fixed-purpose events:   0
[    0.140316] ... event mask:             000000000000003f
[    0.141332] signal: max sigframe size: 3376
[    0.142083] rcu: Hierarchical SRCU implementation.
[    0.142316] rcu: Max phase no-delay instances is 400.
[    0.146129] smp: Bringing up secondary CPUs ...
[    0.146396] smpboot: x86: Booting SMP configuration:
[    0.147263] .... node  #0, CPUs:        #1  #2  #3  #4  #5  #6  #7  #8  #9 #10 #11 #12 #13 #14 #15 #16 #17 #18 #19 #20 #21 #22 #23 #24 #25 #26 #27 #28 #29 #30 #31
[    0.187531] smp: Brought up 1 node, 32 CPUs
[    0.189028] smpboot: Total of 32 processors activated (287459.58 BogoMIPS)
[    0.198395] devtmpfs: initialized
[    0.199348] x86/mm: Memory block size: 128MB
[    0.201022] clocksource: jiffies: mask: 0xffffffff max_cycles: 0xffffffff, max_idle_ns: 1911260446275000 ns
[    0.201323] futex hash table entries: 8192 (order: 7, 524288 bytes, linear)
[    0.202491] PM: RTC time: 12:06:52, date: 2024-05-20
[    0.203763] NET: Registered PF_NETLINK/PF_ROUTE protocol family
[    0.204478] thermal_sys: Registered thermal governor 'step_wise'
[    0.204479] thermal_sys: Registered thermal governor 'user_space'
[    0.205335] cpuidle: using governor menu
[    0.207485] PCI: Using configuration type 1 for base access
[    0.208229] PCI: Using configuration type 1 for extended access
[    0.208382] kprobes: kprobe jump-optimization is enabled. All kprobes are optimized if possible.
[    0.227679] HugeTLB: registered 1.00 GiB page size, pre-allocated 0 pages
[    0.228316] HugeTLB: 16380 KiB vmemmap can be freed for a 1.00 GiB page
[    0.229317] HugeTLB: registered 2.00 MiB page size, pre-allocated 0 pages
[    0.230316] HugeTLB: 28 KiB vmemmap can be freed for a 2.00 MiB page
[    0.231366] Demotion targets for Node 0: null
[    0.232159] ACPI: Added _OSI(Module Device)
[    0.232317] ACPI: Added _OSI(Processor Device)
[    0.233059] ACPI: Added _OSI(3.0 _SCP Extensions)
[    0.233316] ACPI: Added _OSI(Processor Aggregator Device)
[    0.235148] ACPI: 1 ACPI AML tables successfully acquired and loaded
[    0.236339] ACPI: _OSC evaluation for CPUs failed, trying _PDC
[    0.237494] ACPI: Interpreter enabled
[    0.238125] ACPI: PM: (supports S0 S3 S4 S5)
[    0.238316] ACPI: Using IOAPIC for interrupt routing
[    0.239156] PCI: Using host bridge windows from ACPI; if necessary, use "pci=nocrs" and report a bug
[    0.239316] PCI: Using E820 reservations for host bridge windows
[    0.240432] ACPI: Enabled 2 GPEs in block 00 to 0F
[    0.244554] ACPI: PCI Root Bridge [PCI0] (domain 0000 [bus 00-ff])
[    0.245319] acpi PNP0A03:00: _OSC: OS supports [ExtendedConfig ASPM ClockPM Segments MSI HPX-Type3]
[    0.246430] PCI host bridge to bus 0000:00
[    0.247123] pci_bus 0000:00: root bus resource [io  0x0000-0x0cf7 window]
[    0.247316] pci_bus 0000:00: root bus resource [io  0x0d00-0xffff window]
[    0.248316] pci_bus 0000:00: root bus resource [mem 0x000a0000-0x000bffff window]
[    0.249316] pci_bus 0000:00: root bus resource [mem 0x40000000-0xfebfffff window]
[    0.250316] pci_bus 0000:00: root bus resource [mem 0x100000000-0x17fffffff window]
[    0.251316] pci_bus 0000:00: root bus resource [bus 00-ff]
[    0.252353] pci 0000:00:00.0: [8086:1237] type 00 class 0x060000 conventional PCI endpoint
[    0.253634] pci 0000:00:01.0: [8086:7000] type 00 class 0x060100 conventional PCI endpoint
[    0.254714] pci 0000:00:01.1: [8086:7010] type 00 class 0x010180 conventional PCI endpoint
[    0.258680] pci 0000:00:01.1: BAR 4 [io  0xc0c0-0xc0cf]
[    0.260331] pci 0000:00:01.1: BAR 0 [io  0x01f0-0x01f7]: legacy IDE quirk
[    0.261316] pci 0000:00:01.1: BAR 1 [io  0x03f6]: legacy IDE quirk
[    0.262316] pci 0000:00:01.1: BAR 2 [io  0x0170-0x0177]: legacy IDE quirk
[    0.263315] pci 0000:00:01.1: BAR 3 [io  0x0376]: legacy IDE quirk
[    0.264427] pci 0000:00:01.3: [8086:7113] type 00 class 0x068000 conventional PCI endpoint
[    0.265613] pci 0000:00:01.3: quirk: [io  0x0600-0x063f] claimed by PIIX4 ACPI
[    0.266320] pci 0000:00:01.3: quirk: [io  0x0700-0x070f] claimed by PIIX4 SMB
[    0.267518] pci 0000:00:02.0: [1af4:1009] type 00 class 0x000200 conventional PCI endpoint
[    0.270316] pci 0000:00:02.0: BAR 0 [io  0xc000-0xc03f]
[    0.272316] pci 0000:00:02.0: BAR 1 [mem 0xfebfc000-0xfebfcfff]
[    0.278316] pci 0000:00:02.0: BAR 4 [mem 0xfebf0000-0xfebf3fff 64bit pref]
[    0.282078] pci 0000:00:03.0: [1af4:1009] type 00 class 0x000200 conventional PCI endpoint
[    0.284292] pci 0000:00:03.0: BAR 0 [io  0xc040-0xc07f]
[    0.285317] pci 0000:00:03.0: BAR 1 [mem 0xfebfd000-0xfebfdfff]
[    0.292290] pci 0000:00:03.0: BAR 4 [mem 0xfebf4000-0xfebf7fff 64bit pref]
[    0.293996] pci 0000:00:04.0: [8086:25ab] type 00 class 0x088000 conventional PCI endpoint
[    0.295108] pci 0000:00:04.0: BAR 0 [mem 0xfebfe000-0xfebfe00f]
[    0.300403] pci 0000:00:05.0: [1af4:1003] type 00 class 0x078000 conventional PCI endpoint
[    0.303316] pci 0000:00:05.0: BAR 0 [io  0xc080-0xc0bf]
[    0.305316] pci 0000:00:05.0: BAR 1 [mem 0xfebff000-0xfebfffff]
[    0.311090] pci 0000:00:05.0: BAR 4 [mem 0xfebf8000-0xfebfbfff 64bit pref]
[    0.313115] ACPI: PCI: Interrupt link LNKA configured for IRQ 10
[    0.313431] ACPI: PCI: Interrupt link LNKB configured for IRQ 10
[    0.314351] ACPI: PCI: Interrupt link LNKC configured for IRQ 11
[    0.315250] ACPI: PCI: Interrupt link LNKD configured for IRQ 11
[    0.315390] ACPI: PCI: Interrupt link LNKS configured for IRQ 9
[    0.317216] iommu: Default domain type: Translated
[    0.317315] iommu: DMA domain TLB invalidation policy: lazy mode
[    0.318152] SCSI subsystem initialized
[    0.318355] pps_core: LinuxPPS API ver. 1 registered
[    0.319004] pps_core: Software ver. 5.3.6 - Copyright 2005-2007 Rodolfo Giometti <giometti@linux.it>
[    0.319319] PTP clock support registered
[    0.319856] Advanced Linux Sound Architecture Driver Initialized.
[    0.320723] NET: Registered PF_ATMPVC protocol family
[    0.321316] NET: Registered PF_ATMSVC protocol family
[    0.321976] PCI: Using ACPI for IRQ routing
[    0.322398] vgaarb: loaded
[    0.322714] hpet0: at MMIO 0xfed00000, IRQs 2, 8, 0
[    0.323316] hpet0: 3 comparators, 64-bit 100.000000 MHz counter
[    0.326903] clocksource: Switched to clocksource kvm-clock
[    0.327762] VFS: Disk quotas dquot_6.6.0
[    0.328425] VFS: Dquot-cache hash table entries: 512 (order 0, 4096 bytes)
[    0.329600] pnp: PnP ACPI init
[    0.330325] pnp: PnP ACPI: found 5 devices
[    0.337923] clocksource: acpi_pm: mask: 0xffffff max_cycles: 0xffffff, max_idle_ns: 2085701024 ns
[    0.339112] NET: Registered PF_INET protocol family
[    0.339771] IP idents hash table entries: 16384 (order: 5, 131072 bytes, linear)
[    0.340899] tcp_listen_portaddr_hash hash table entries: 512 (order: 1, 8192 bytes, linear)
[    0.342004] Table-perturb hash table entries: 65536 (order: 6, 262144 bytes, linear)
[    0.343034] TCP established hash table entries: 8192 (order: 4, 65536 bytes, linear)
[    0.344053] TCP bind hash table entries: 8192 (order: 6, 262144 bytes, linear)
[    0.345009] TCP: Hash tables configured (established 8192 bind 8192)
[    0.345862] UDP hash table entries: 512 (order: 2, 16384 bytes, linear)
[    0.346753] UDP-Lite hash table entries: 512 (order: 2, 16384 bytes, linear)
[    0.347714] NET: Registered PF_UNIX/PF_LOCAL protocol family
[    0.348460] pci_bus 0000:00: resource 4 [io  0x0000-0x0cf7 window]
[    0.349301] pci_bus 0000:00: resource 5 [io  0x0d00-0xffff window]
[    0.350112] pci_bus 0000:00: resource 6 [mem 0x000a0000-0x000bffff window]
[    0.351025] pci_bus 0000:00: resource 7 [mem 0x40000000-0xfebfffff window]
[    0.351927] pci_bus 0000:00: resource 8 [mem 0x100000000-0x17fffffff window]
[    0.352902] pci 0000:00:01.0: PIIX3: Enabling Passive Release
[    0.353660] pci 0000:00:00.0: Limiting direct PCI/PCI transfers
[    0.354474] PCI: CLS 0 bytes, default 64
[    0.355046] kvm_intel: VMX not supported by CPU 0
[    0.355699] kvm_amd: TSC scaling supported
[    0.356234] kvm_amd: Nested Virtualization enabled
[    0.356882] kvm_amd: Nested Paging enabled
[    0.357425] kvm_amd: Virtual VMLOAD VMSAVE supported
[    0.358106] kvm_amd: Virtual GIF supported
[    0.358640] kvm_amd: Virtual NMI enabled
[    0.359164] kvm_amd: LBR virtualization supported
[    0.452551] Initialise system trusted keyrings
[    0.453400] workingset: timestamp_bits=56 max_order=18 bucket_order=0
[    0.454513] squashfs: version 4.0 (2009/01/31) Phillip Lougher
[    0.455503] fuse: init (API version 7.40)
[    0.456229] 9p: Installing v9fs 9p2000 file system support
[    0.465973] Key type asymmetric registered
[    0.466659] Asymmetric key parser 'x509' registered
[    0.467486] Block layer SCSI generic (bsg) driver version 0.4 loaded (major 249)
[    0.468723] io scheduler mq-deadline registered
[    0.469462] io scheduler kyber registered
[    0.471272] input: Power Button as /devices/LNXSYSTM:00/LNXPWRBN:00/input/input0
[    0.472553] ACPI: button: Power Button [PWRF]
[    0.473305] Warning: Processor Platform Limit event detected, but not handled.
[    0.474492] Consider compiling CPUfreq support into your kernel.
[    0.491701] ACPI: \_SB_.LNKB: Enabled at IRQ 10
[    0.508452] ACPI: \_SB_.LNKC: Enabled at IRQ 11
[    0.525090] ACPI: \_SB_.LNKA: Enabled at IRQ 10
[    0.526357] Serial: 8250/16550 driver, 4 ports, IRQ sharing enabled
[    0.527311] 00:03: ttyS0 at I/O 0x3f8 (irq = 4, base_baud = 115200) is a 16550A
[    0.572829] Non-volatile memory driver v1.3
[    0.573557] Linux agpgart interface v0.103
[    0.573640] ACPI: bus type drm_connector registered
[    0.575017] printk: legacy console [hvc0] enabled
[    0.575676] printk: legacy bootconsole [earlyser0] disabled
          _      _                                    
   __   _(_)_ __| |_ _ __ ___   ___       _ __   __ _ 
   \ \ / / |  __| __|  _   _ \ / _ \_____|  _ \ / _  |
    \ V /| | |  | |_| | | | | |  __/_____| | | | (_| |
     \_/ |_|_|   \__|_| |_| |_|\___|     |_| |_|\__  |
                                                |___/ 
   kernel version: 6.9.0-virtme x86_64
   (CTRL+d to exit)

virtme-ng:/nipa-data/kernel# PS1='xx__-> '
xx__-> env
PWD=/nipa-data/kernel
nr_open=1048576
HOME=/root
TERM=xterm
SHLVL=2
XDG_RUNTIME_DIR=/run/user/0
PATH=/bin:/sbin:/usr/bin:/usr/sbin:/usr/local/bin
OLDPWD=/
_=/usr/bin/env
xx__-> 