No EFI environment detected.
early console in extract_kernel
input_data: 0x00000000029b92c4
input_len: 0x0000000000bbf147
output: 0x0000000001000000
output_len: 0x00000000025322b8
kernel_total_size: 0x0000000002430000
needed_size: 0x0000000002600000
trampoline_32bit: 0x0000000000000000
Physical KASLR using RDRAND RDTSC...
Virtual KASLR using RDRAND RDTSC...

Decompressing Linux... Parsing ELF... Performing relocations... done.
Booting the kernel (entry_offset: 0x0000000000fb61c0).
[    0.000000] Linux version 6.15.0-rc2-virtme (root@85f4697bbdcc) (gcc (Ubuntu 13.3.0-6ubuntu2~24.04) 13.3.0, GNU ld (GNU Binutils for Ubuntu) 2.42) #1 SMP PREEMPT_DYNAMIC Mon Apr 21 18:05:49 UTC 2025
[    0.000000] Command line: virtme_hostname=virtme-ng nr_open=1048576 virtme_link_mods=/nipa-data/kernel/.virtme_mods/lib/modules/0.0.0 virtme_initmount0=nipa-data/kernel virtme_rw_overlay0=/etc virtme_rw_overlay1=/lib virtme_rw_overlay2=/home virtme_rw_overlay3=/opt virtme_rw_overlay4=/srv virtme_rw_overlay5=/usr virtme_rw_overlay6=/var console=hvc0 earlyprintk=serial,ttyS0,115200 virtme_console=ttyS0 psmouse.proto=exps TERM=xterm virtme_chdir=nipa-data/kernel virtme_root_user=1 rootfstype=9p rootflags=version=9p2000.L,trans=virtio,access=any raid=noautodetect ro init=/usr/lib/python3/dist-packages/virtme/guest/virtme-init
[    0.000000] BIOS-provided physical RAM map:
[    0.000000] BIOS-e820: [mem 0x0000000000000000-0x000000000009fbff] usable
[    0.000000] BIOS-e820: [mem 0x000000000009fc00-0x000000000009ffff] reserved
[    0.000000] BIOS-e820: [mem 0x00000000000f0000-0x00000000000fffff] reserved
[    0.000000] BIOS-e820: [mem 0x0000000000100000-0x000000003ffdffff] usable
[    0.000000] BIOS-e820: [mem 0x000000003ffe0000-0x000000003fffffff] reserved
[    0.000000] BIOS-e820: [mem 0x00000000feffc000-0x00000000feffffff] reserved
[    0.000000] BIOS-e820: [mem 0x00000000fffc0000-0x00000000ffffffff] reserved
[    0.000000] BIOS-e820: [mem 0x000000fd00000000-0x000000ffffffffff] reserved
[    0.000000] printk: legacy bootconsole [earlyser0] enabled
[    0.000000] NX (Execute Disable) protection: active
[    0.000000] APIC: Static calls initialized
[    0.000000] SMBIOS 3.0.0 present.
[    0.000000] DMI: QEMU Ubuntu 24.04 PC (i440FX + PIIX, 1996), BIOS 1.16.3-debian-1.16.3-2 04/01/2014
[    0.000000] DMI: Memory slots populated: 1/1
[    0.000000] Hypervisor detected: KVM
[    0.000000] kvm-clock: Using msrs 4b564d01 and 4b564d00
[    0.000000] kvm-clock: using sched offset of 244901589 cycles
[    0.000369] clocksource: kvm-clock: mask: 0xffffffffffffffff max_cycles: 0x1cd42e4dffb, max_idle_ns: 881590591483 ns
[    0.001510] tsc: Detected 4491.524 MHz processor
[    0.002086] last_pfn = 0x3ffe0 max_arch_pfn = 0x400000000
[    0.002488] MTRR map: 4 entries (3 fixed + 1 variable; max 19), built from 8 variable MTRRs
[    0.003076] x86/PAT: Configuration [0-7]: WB  WC  UC- UC  WB  WP  UC- WT  
Memory KASLR using RDRAND RDTSC...
[    0.005042] found SMP MP-table at [mem 0x000f5470-0x000f547f]
[    0.005449] Using GB pages for direct mapping
[    0.005790] ACPI: Early table checksum verification disabled
[    0.006187] ACPI: RSDP 0x00000000000F5290 000014 (v00 BOCHS )
[    0.006590] ACPI: RSDT 0x000000003FFE27BC 000034 (v01 BOCHS  BXPC     00000001 BXPC 00000001)
[    0.007190] ACPI: FACP 0x000000003FFE2578 000074 (v01 BOCHS  BXPC     00000001 BXPC 00000001)
[    0.007789] ACPI: DSDT 0x000000003FFE0040 002538 (v01 BOCHS  BXPC     00000001 BXPC 00000001)
[    0.008389] ACPI: FACS 0x000000003FFE0000 000040
[    0.008713] ACPI: APIC 0x000000003FFE25EC 000170 (v03 BOCHS  BXPC     00000001 BXPC 00000001)
[    0.009310] ACPI: HPET 0x000000003FFE275C 000038 (v01 BOCHS  BXPC     00000001 BXPC 00000001)
[    0.009906] ACPI: WAET 0x000000003FFE2794 000028 (v01 BOCHS  BXPC     00000001 BXPC 00000001)
[    0.010503] ACPI: Reserving FACP table memory at [mem 0x3ffe2578-0x3ffe25eb]
[    0.010997] ACPI: Reserving DSDT table memory at [mem 0x3ffe0040-0x3ffe2577]
[    0.011490] ACPI: Reserving FACS table memory at [mem 0x3ffe0000-0x3ffe003f]
[    0.011983] ACPI: Reserving APIC table memory at [mem 0x3ffe25ec-0x3ffe275b]
[    0.012478] ACPI: Reserving HPET table memory at [mem 0x3ffe275c-0x3ffe2793]
[    0.012971] ACPI: Reserving WAET table memory at [mem 0x3ffe2794-0x3ffe27bb]
[    0.013602] No NUMA configuration found
[    0.013870] Faking a node at [mem 0x0000000000000000-0x000000003ffdffff]
[    0.014340] NODE_DATA(0) allocated [mem 0x3ffdb600-0x3ffdffff]
[    0.014756] Zone ranges:
[    0.014933]   DMA      [mem 0x0000000000001000-0x0000000000ffffff]
[    0.015366]   DMA32    [mem 0x0000000001000000-0x000000003ffdffff]
[    0.015799]   Normal   empty
[    0.016000]   Device   empty
[    0.016202] Movable zone start for each node
[    0.016502] Early memory node ranges
[    0.016752]   node   0: [mem 0x0000000000001000-0x000000000009efff]
[    0.017191]   node   0: [mem 0x0000000000100000-0x000000003ffdffff]
[    0.017630] Initmem setup node 0 [mem 0x0000000000001000-0x000000003ffdffff]
[    0.018125] On node 0, zone DMA: 1 pages in unavailable ranges
[    0.018541] On node 0, zone DMA: 97 pages in unavailable ranges
[    0.019903] On node 0, zone DMA32: 32 pages in unavailable ranges
[    0.020525] ACPI: PM-Timer IO Port: 0x608
[    0.020811] ACPI: LAPIC_NMI (acpi_id[0xff] dfl dfl lint[0x1])
[    0.021227] IOAPIC[0]: apic_id 0, version 17, address 0xfec00000, GSI 0-23
[    0.021709] ACPI: INT_SRC_OVR (bus 0 bus_irq 0 global_irq 2 dfl dfl)
[    0.022153] ACPI: INT_SRC_OVR (bus 0 bus_irq 5 global_irq 5 high level)
[    0.022616] ACPI: INT_SRC_OVR (bus 0 bus_irq 9 global_irq 9 high level)
[    0.023078] ACPI: INT_SRC_OVR (bus 0 bus_irq 10 global_irq 10 high level)
[    0.023553] ACPI: INT_SRC_OVR (bus 0 bus_irq 11 global_irq 11 high level)
[    0.024031] ACPI: Using ACPI (MADT) for SMP configuration information
[    0.024484] ACPI: HPET id: 0x8086a201 base: 0xfed00000
[    0.024845] TSC deadline timer available
[    0.025122] CPU topo: Max. logical packages:   1
[    0.025445] CPU topo: Max. logical dies:       1
[    0.025767] CPU topo: Max. dies per package:   1
[    0.026092] CPU topo: Max. threads per core:   1
[    0.026416] CPU topo: Num. cores per package:    32
[    0.026757] CPU topo: Num. threads per package:  32
[    0.027099] CPU topo: Allowing 32 present CPUs plus 0 hotplug CPUs
[    0.027540] kvm-guest: APIC: eoi() replaced with kvm_guest_apic_eoi_write()
[    0.028034] kvm-guest: KVM setup pv remote TLB flush
[    0.028384] kvm-guest: setup PV sched yield
[    0.028679] PM: hibernation: Registered nosave memory: [mem 0x00000000-0x00000fff]
[    0.029209] PM: hibernation: Registered nosave memory: [mem 0x0009f000-0x000fffff]
[    0.029740] [mem 0x40000000-0xfeffbfff] available for PCI devices
[    0.030165] Booting paravirtualized kernel on KVM
[    0.030495] clocksource: refined-jiffies: mask: 0xffffffff max_cycles: 0xffffffff, max_idle_ns: 1910969940391419 ns
[    0.033957] setup_percpu: NR_CPUS:64 nr_cpumask_bits:32 nr_cpu_ids:32 nr_node_ids:1
[    0.035063] percpu: Embedded 53 pages/cpu s178392 r8192 d30504 u262144
[    0.035550] Kernel command line: virtme_hostname=virtme-ng nr_open=1048576 virtme_link_mods=/nipa-data/kernel/.virtme_mods/lib/modules/0.0.0 virtme_initmount0=nipa-data/kernel virtme_rw_overlay0=/etc virtme_rw_overlay1=/lib virtme_rw_overlay2=/home virtme_rw_overlay3=/opt virtme_rw_overlay4=/srv virtme_rw_overlay5=/usr virtme_rw_overlay6=/var console=hvc0 earlyprintk=serial,ttyS0,115200 virtme_console=ttyS0 psmouse.proto=exps TERM=xterm virtme_chdir=nipa-data/kernel virtme_root_user=1 rootfstype=9p rootflags=version=9p2000.L,trans=virtio,access=any raid=noautodetect ro init=/usr/lib/python3/dist-packages/virtme/guest/virtme-init
[    0.039630] Unknown kernel command line parameters "virtme_hostname=virtme-ng nr_open=1048576 virtme_link_mods=/nipa-data/kernel/.virtme_mods/lib/modules/0.0.0 virtme_initmount0=nipa-data/kernel virtme_rw_overlay0=/etc virtme_rw_overlay1=/lib virtme_rw_overlay2=/home virtme_rw_overlay3=/opt virtme_rw_overlay4=/srv virtme_rw_overlay5=/usr virtme_rw_overlay6=/var virtme_console=ttyS0 virtme_chdir=nipa-data/kernel virtme_root_user=1", will be passed to user space.
[    0.042765] random: crng init done
[    0.043009] printk: log buffer data + meta data: 262144 + 917504 = 1179648 bytes
[    0.043569] Dentry cache hash table entries: 131072 (order: 8, 1048576 bytes, linear)
[    0.044151] Inode-cache hash table entries: 65536 (order: 7, 524288 bytes, linear)
[    0.044784] Fallback order for Node 0: 0 
[    0.044786] Built 1 zonelists, mobility grouping on.  Total pages: 262014
[    0.045564] Policy zone: DMA32
[    0.045784] mem auto-init: stack:all(zero), heap alloc:off, heap free:off
[    0.046790] SLUB: HWalign=64, Order=0-3, MinObjects=0, CPUs=32, Nodes=1
Poking KASLR using RDRAND RDTSC...
[    0.054026] ftrace: allocating 48756 entries in 192 pages
[    0.054415] ftrace: allocated 192 pages with 2 groups
[    0.055346] Dynamic Preempt: voluntary
[    0.055748] rcu: Preemptible hierarchical RCU implementation.
[    0.056161] rcu: RCU event tracing is enabled.
[    0.056489] rcu: RCU restricting CPUs from NR_CPUS=64 to nr_cpu_ids=32.
[    0.056970] Trampoline variant of Tasks RCU enabled.
[    0.057333] Rude variant of Tasks RCU enabled.
[    0.057658] Tracing variant of Tasks RCU enabled.
[    0.058003] rcu: RCU calculated value of scheduler-enlistment delay is 100 jiffies.
[    0.058554] rcu: Adjusting geometry for rcu_fanout_leaf=16, nr_cpu_ids=32
[    0.059046] RCU Tasks: Setting shift to 5 and lim to 1 rcu_task_cb_adjust=1 rcu_task_cpu_ids=32.
[    0.059682] RCU Tasks Rude: Setting shift to 5 and lim to 1 rcu_task_cb_adjust=1 rcu_task_cpu_ids=32.
[    0.060349] RCU Tasks Trace: Setting shift to 5 and lim to 1 rcu_task_cb_adjust=1 rcu_task_cpu_ids=32.
[    0.062763] NR_IRQS: 4352, nr_irqs: 680, preallocated irqs: 16
[    0.063348] rcu: srcu_init: Setting srcu_struct sizes based on contention.
[    0.063974] Console: colour *CGA 80x25
[    0.064254] ACPI: Core revision 20240827
[    0.064599] clocksource: hpet: mask: 0xffffffff max_cycles: 0xffffffff, max_idle_ns: 19112604467 ns
[    0.065299] APIC: Switch to symmetric I/O mode setup
[    0.065793] x2apic enabled
[    0.066153] APIC: Switched APIC routing to: physical x2apic
[    0.066551] kvm-guest: APIC: send_IPI_mask() replaced with kvm_send_ipi_mask()
[    0.067065] kvm-guest: APIC: send_IPI_mask_allbutself() replaced with kvm_send_ipi_mask_allbutself()
[    0.067701] kvm-guest: setup PV IPIs
[    0.068686] ..TIMER: vector=0x30 apic1=0 pin1=2 apic2=-1 pin2=-1
[    0.069464] clocksource: tsc-early: mask: 0xffffffffffffffff max_cycles: 0x40be215b5d9, max_idle_ns: 440795359804 ns
[    0.070797] Calibrating delay loop (skipped) preset value.. 8983.04 BogoMIPS (lpj=4491524)
[    0.071858] x86/cpu: User Mode Instruction Prevention (UMIP) activated
[    0.072844] Last level iTLB entries: 4KB 512, 2MB 255, 4MB 127
[    0.073797] Last level dTLB entries: 4KB 512, 2MB 255, 4MB 127, 1GB 0
[    0.074800] Spectre V1 : Mitigation: usercopy/swapgs barriers and __user pointer sanitization
[    0.075800] Spectre V2 : Mitigation: Enhanced / Automatic IBRS
[    0.076525] Spectre V2 : mitigation: Enabling conditional Indirect Branch Prediction Barrier
[    0.076798] Speculative Store Bypass: Mitigation: Speculative Store Bypass disabled via prctl
[    0.077797] Speculative Return Stack Overflow: IBPB-extending microcode not applied!
[    0.078796] Speculative Return Stack Overflow: WARNING: See https://kernel.org/doc/html/latest/admin-guide/hw-vuln/srso.html for mitigation options.
[    0.078798] Speculative Return Stack Overflow: Vulnerable: Safe RET, no microcode
[    0.080811] x86/fpu: Supporting XSAVE feature 0x001: 'x87 floating point registers'
[    0.081797] x86/fpu: Supporting XSAVE feature 0x002: 'SSE registers'
[    0.082797] x86/fpu: Supporting XSAVE feature 0x004: 'AVX registers'
[    0.083797] x86/fpu: Supporting XSAVE feature 0x020: 'AVX-512 opmask'
[    0.084582] x86/fpu: Supporting XSAVE feature 0x040: 'AVX-512 Hi256'
[    0.084797] x86/fpu: Supporting XSAVE feature 0x080: 'AVX-512 ZMM_Hi256'
[    0.085797] x86/fpu: Supporting XSAVE feature 0x200: 'Protection Keys User registers'
[    0.086797] x86/fpu: xstate_offset[2]:  576, xstate_sizes[2]:  256
[    0.087797] x86/fpu: xstate_offset[5]:  832, xstate_sizes[5]:   64
[    0.088797] x86/fpu: xstate_offset[6]:  896, xstate_sizes[6]:  512
[    0.089548] x86/fpu: xstate_offset[7]: 1408, xstate_sizes[7]: 1024
[    0.089797] x86/fpu: xstate_offset[9]: 2432, xstate_sizes[9]:    8
[    0.090797] x86/fpu: Enabled xstate features 0x2e7, context size is 2440 bytes, using 'compacted' format.
[    0.106259] Freeing SMP alternatives memory: 44K
[    0.106798] pid_max: default: 32768 minimum: 301
[    0.107380] Mount-cache hash table entries: 2048 (order: 2, 16384 bytes, linear)
[    0.107797] Mountpoint-cache hash table entries: 2048 (order: 2, 16384 bytes, linear)
[    0.108929] smpboot: CPU0: AMD Ryzen 9 7950X 16-Core Processor (family: 0x19, model: 0x61, stepping: 0x2)
[    0.109896] Performance Events: Fam17h+ core perfctr, AMD PMU driver.
[    0.110704] ... version:                0
[    0.110798] ... bit width:              48
[    0.111297] ... generic registers:      6
[    0.111785] ... value mask:             0000ffffffffffff
[    0.111798] ... max period:             00007fffffffffff
[    0.112444] ... fixed-purpose events:   0
[    0.112798] ... event mask:             000000000000003f
[    0.113522] signal: max sigframe size: 3376
[    0.113812] rcu: Hierarchical SRCU implementation.
[    0.114395] rcu: Max phase no-delay instances is 400.
[    0.114821] Timer migration: 2 hierarchy levels; 8 children per group; 2 crossnode level
[    0.117853] smp: Bringing up secondary CPUs ...
[    0.118458] smpboot: x86: Booting SMP configuration:
[    0.118800] .... node  #0, CPUs:        #1  #2  #3  #4  #5  #6  #7  #8  #9 #10 #11 #12 #13 #14 #15 #16 #17 #18 #19 #20 #21 #22 #23 #24 #25 #26 #27 #28 #29 #30 #31
[    0.139886] smp: Brought up 1 node, 32 CPUs
[    0.141315] smpboot: Total of 32 processors activated (287457.53 BogoMIPS)
[    0.142940] Memory: 971000K/1048056K available (16089K kernel code, 2477K rwdata, 6428K rodata, 3200K init, 1680K bss, 62536K reserved, 0K cma-reserved)
[    0.143906] devtmpfs: initialized
[    0.144249] x86/mm: Memory block size: 128MB
[    0.145512] clocksource: jiffies: mask: 0xffffffff max_cycles: 0xffffffff, max_idle_ns: 1911260446275000 ns
[    0.145799] posixtimers hash table entries: 16384 (order: 6, 262144 bytes, linear)
[    0.146770] futex hash table entries: 8192 (order: 7, 524288 bytes, linear)
[    0.146924] PM: RTC time: 18:06:06, date: 2025-04-21
[    0.147872] NET: Registered PF_NETLINK/PF_ROUTE protocol family
[    0.148746] thermal_sys: Registered thermal governor 'step_wise'
[    0.148756] cpuidle: using governor menu
[    0.150158] PCI: Using configuration type 1 for base access
[    0.150802] PCI: Using configuration type 1 for extended access
[    0.151598] kprobes: kprobe jump-optimization is enabled. All kprobes are optimized if possible.
[    0.158884] HugeTLB: allocation took 0ms with hugepage_allocation_threads=8
[    0.159829] HugeTLB: registered 1.00 GiB page size, pre-allocated 0 pages
[    0.160798] HugeTLB: 16380 KiB vmemmap can be freed for a 1.00 GiB page
[    0.161799] HugeTLB: registered 2.00 MiB page size, pre-allocated 0 pages
[    0.162798] HugeTLB: 28 KiB vmemmap can be freed for a 2.00 MiB page
[    0.167803] ACPI: Added _OSI(Module Device)
[    0.167803] ACPI: Added _OSI(Processor Device)
[    0.168355] ACPI: Added _OSI(3.0 _SCP Extensions)
[    0.169799] ACPI: Added _OSI(Processor Aggregator Device)
[    0.173253] ACPI: 1 ACPI AML tables successfully acquired and loaded
[    0.176207] ACPI: Interpreter enabled
[    0.176806] ACPI: PM: (supports S0 S3 S4 S5)
[    0.177347] ACPI: Using IOAPIC for interrupt routing
[    0.177806] PCI: Using host bridge windows from ACPI; if necessary, use "pci=nocrs" and report a bug
[    0.178798] PCI: Using E820 reservations for host bridge windows
[    0.179635] ACPI: Enabled 2 GPEs in block 00 to 0F
[    0.182432] ACPI: PCI Root Bridge [PCI0] (domain 0000 [bus 00-ff])
[    0.182800] acpi PNP0A03:00: _OSC: OS supports [ExtendedConfig ASPM ClockPM Segments MSI HPX-Type3]
[    0.183884] PCI host bridge to bus 0000:00
[    0.184395] pci_bus 0000:00: root bus resource [io  0x0000-0x0cf7 window]
[    0.184798] pci_bus 0000:00: root bus resource [io  0x0d00-0xffff window]
[    0.185639] pci_bus 0000:00: root bus resource [mem 0x000a0000-0x000bffff window]
[    0.185798] pci_bus 0000:00: root bus resource [mem 0x40000000-0xfebfffff window]
[    0.186720] pci_bus 0000:00: root bus resource [mem 0x100000000-0x17fffffff window]
[    0.186798] pci_bus 0000:00: root bus resource [bus 00-ff]
[    0.187552] pci 0000:00:00.0: [8086:1237] type 00 class 0x060000 conventional PCI endpoint
[    0.188063] pci 0000:00:01.0: [8086:7000] type 00 class 0x060100 conventional PCI endpoint
[    0.189072] pci 0000:00:01.1: [8086:7010] type 00 class 0x010180 conventional PCI endpoint
[    0.190180] pci 0000:00:01.1: BAR 4 [io  0xc0c0-0xc0cf]
[    0.190817] pci 0000:00:01.1: BAR 0 [io  0x01f0-0x01f7]: legacy IDE quirk
[    0.191666] pci 0000:00:01.1: BAR 1 [io  0x03f6]: legacy IDE quirk
[    0.191798] pci 0000:00:01.1: BAR 2 [io  0x0170-0x0177]: legacy IDE quirk
[    0.192640] pci 0000:00:01.1: BAR 3 [io  0x0376]: legacy IDE quirk
[    0.192892] pci 0000:00:01.3: [8086:7113] type 00 class 0x068000 conventional PCI endpoint
[    0.193990] pci 0000:00:01.3: quirk: [io  0x0600-0x063f] claimed by PIIX4 ACPI
[    0.194802] pci 0000:00:01.3: quirk: [io  0x0700-0x070f] claimed by PIIX4 SMB
[    0.195854] pci 0000:00:02.0: [1af4:1009] type 00 class 0x000200 conventional PCI endpoint
[    0.197544] pci 0000:00:02.0: BAR 0 [io  0xc000-0xc03f]
[    0.197802] pci 0000:00:02.0: BAR 1 [mem 0xfebfc000-0xfebfcfff]
[    0.198740] pci 0000:00:02.0: BAR 4 [mem 0xfebf0000-0xfebf3fff 64bit pref]
[    0.199377] pci 0000:00:03.0: [1af4:1009] type 00 class 0x000200 conventional PCI endpoint
[    0.200327] pci 0000:00:03.0: BAR 0 [io  0xc040-0xc07f]
[    0.200802] pci 0000:00:03.0: BAR 1 [mem 0xfebfd000-0xfebfdfff]
[    0.201550] pci 0000:00:03.0: BAR 4 [mem 0xfebf4000-0xfebf7fff 64bit pref]
[    0.202320] pci 0000:00:04.0: [8086:25ab] type 00 class 0x088000 conventional PCI endpoint
[    0.203155] pci 0000:00:04.0: BAR 0 [mem 0xfebfe000-0xfebfe00f]
[    0.204198] pci 0000:00:05.0: [1af4:1003] type 00 class 0x078000 conventional PCI endpoint
[    0.205567] pci 0000:00:05.0: BAR 0 [io  0xc080-0xc0bf]
[    0.205802] pci 0000:00:05.0: BAR 1 [mem 0xfebff000-0xfebfffff]
[    0.206543] pci 0000:00:05.0: BAR 4 [mem 0xfebf8000-0xfebfbfff 64bit pref]
[    0.207512] ACPI: PCI: Interrupt link LNKA configured for IRQ 10
[    0.207903] ACPI: PCI: Interrupt link LNKB configured for IRQ 10
[    0.208734] ACPI: PCI: Interrupt link LNKC configured for IRQ 11
[    0.208891] ACPI: PCI: Interrupt link LNKD configured for IRQ 11
[    0.209711] ACPI: PCI: Interrupt link LNKS configured for IRQ 9
[    0.210610] iommu: Default domain type: Translated
[    0.210798] iommu: DMA domain TLB invalidation policy: lazy mode
[    0.211579] SCSI subsystem initialized
[    0.211829] pps_core: LinuxPPS API ver. 1 registered
[    0.212443] pps_core: Software ver. 5.3.6 - Copyright 2005-2007 Rodolfo Giometti <giometti@linux.it>
[    0.212800] PTP clock support registered
[    0.213293] Advanced Linux Sound Architecture Driver Initialized.
[    0.214076] NET: Registered PF_ATMPVC protocol family
[    0.214705] NET: Registered PF_ATMSVC protocol family
[    0.214804] PCI: Using ACPI for IRQ routing
[    0.215392] vgaarb: loaded
[    0.215825] hpet0: at MMIO 0xfed00000, IRQs 2, 8, 0
[    0.216431] hpet0: 3 comparators, 64-bit 100.000000 MHz counter
[    0.223002] clocksource: Switched to clocksource kvm-clock
[    0.223767] VFS: Disk quotas dquot_6.6.0
[    0.224286] VFS: Dquot-cache hash table entries: 512 (order 0, 4096 bytes)
[    0.225178] pnp: PnP ACPI init
[    0.225736] pnp: PnP ACPI: found 5 devices
[    0.232457] clocksource: acpi_pm: mask: 0xffffff max_cycles: 0xffffff, max_idle_ns: 2085701024 ns
[    0.233567] NET: Registered PF_INET protocol family
[    0.234187] IP idents hash table entries: 16384 (order: 5, 131072 bytes, linear)
[    0.235232] tcp_listen_portaddr_hash hash table entries: 512 (order: 1, 8192 bytes, linear)
[    0.236270] Table-perturb hash table entries: 65536 (order: 6, 262144 bytes, linear)
[    0.237227] TCP established hash table entries: 8192 (order: 4, 65536 bytes, linear)
[    0.238188] TCP bind hash table entries: 8192 (order: 6, 262144 bytes, linear)
[    0.239084] TCP: Hash tables configured (established 8192 bind 8192)
[    0.239878] UDP hash table entries: 512 (order: 3, 32768 bytes, linear)
[    0.240696] UDP-Lite hash table entries: 512 (order: 3, 32768 bytes, linear)
[    0.241595] NET: Registered PF_UNIX/PF_LOCAL protocol family
[    0.242299] pci_bus 0000:00: resource 4 [io  0x0000-0x0cf7 window]
[    0.243063] pci_bus 0000:00: resource 5 [io  0x0d00-0xffff window]
[    0.243821] pci_bus 0000:00: resource 6 [mem 0x000a0000-0x000bffff window]
[    0.244668] pci_bus 0000:00: resource 7 [mem 0x40000000-0xfebfffff window]
[    0.245517] pci_bus 0000:00: resource 8 [mem 0x100000000-0x17fffffff window]
[    0.246406] pci 0000:00:01.0: PIIX3: Enabling Passive Release
[    0.247120] pci 0000:00:00.0: Limiting direct PCI/PCI transfers
[    0.247877] PCI: CLS 0 bytes, default 64
[    0.248414] kvm_intel: VMX not supported by CPU 0
[    0.249028] kvm_amd: TSC scaling supported
[    0.249534] kvm_amd: Nested Virtualization enabled
[    0.250128] kvm_amd: Nested Paging enabled
[    0.250630] kvm_amd: LBR virtualization supported
[    0.251216] kvm_amd: Virtual GIF supported
[    0.251717] kvm_amd: Virtual NMI enabled
[    0.282080] clocksource: tsc: mask: 0xffffffffffffffff max_cycles: 0x40be215b5d9, max_idle_ns: 440795359804 ns
[    0.288218] Initialise system trusted keyrings
[    0.288824] workingset: timestamp_bits=56 max_order=18 bucket_order=0
[    0.289663] squashfs: version 4.0 (2009/01/31) Phillip Lougher
[    0.290409] fuse: init (API version 7.43)
[    0.290943] 9p: Installing v9fs 9p2000 file system support
[    0.298200] Key type asymmetric registered
[    0.298713] Asymmetric key parser 'x509' registered
[    0.299336] Block layer SCSI generic (bsg) driver version 0.4 loaded (major 249)
[    0.300273] io scheduler mq-deadline registered
[    0.300838] io scheduler kyber registered
[    0.302750] input: Power Button as /devices/LNXSYSTM:00/LNXPWRBN:00/input/input0
[    0.303727] ACPI: button: Power Button [PWRF]
[    0.304636] Warning: Processor Platform Limit event detected, but not handled.
[    0.305550] Consider compiling CPUfreq support into your kernel.
[    0.323118] ACPI: \_SB_.LNKB: Enabled at IRQ 10
[    0.338941] ACPI: \_SB_.LNKC: Enabled at IRQ 11
[    0.354687] ACPI: \_SB_.LNKA: Enabled at IRQ 10
[    0.355785] Serial: 8250/16550 driver, 4 ports, IRQ sharing enabled
[    0.356668] 00:03: ttyS0 at I/O 0x3f8 (irq = 4, base_baud = 115200) is a 16550A
[    0.375862] Non-volatile memory driver v1.3
[    0.376428] Linux agpgart interface v0.103
[    0.376469] ACPI: bus type drm_connector registered
[    0.377634] printk: legacy console [hvc0] enabled
[    0.378223] printk: legacy bootconsole [earlyser0] disabled
          _      _                                    
   __   _(_)_ __| |_ _ __ ___   ___       _ __   __ _ 
   \ \ / / |  __| __|  _   _ \ / _ \_____|  _ \ / _  |
    \ V /| | |  | |_| | | | | |  __/_____| | | | (_| |
     \_/ |_|_|   \__|_| |_| |_|\___|     |_| |_|\__  |
                                                |___/ 
   kernel version: 6.15.0-rc2-virtme x86_64
   (CTRL+d to exit)

root@virtme-ng:/nipa-data/kernel# PS1='xx__-> '
xx__-> env
PWD=/nipa-data/kernel
nr_open=1048576
HOME=/
TERM=xterm
SHLVL=2
XDG_RUNTIME_DIR=/run/user/0
PATH=/bin:/sbin:/usr/bin:/usr/sbin:/usr/local/bin
OLDPWD=/
_=/bin/env
xx__-> 