No EFI environment detected.
early console in extract_kernel
input_data: 0x0000000002be92c4
input_len: 0x0000000000b45fa2
output: 0x0000000001000000
output_len: 0x00000000026e7690
kernel_total_size: 0x0000000002430000
needed_size: 0x0000000002800000
trampoline_32bit: 0x0000000000000000
Physical KASLR using RDRAND RDTSC...
Virtual KASLR using RDRAND RDTSC...

Decompressing Linux... Parsing ELF... Performing relocations... done.
Booting the kernel (entry_offset: 0x0000000000000000).
[    0.000000] Linux version 6.10.0-rc5-virtme (root@f845c3bbaf73) (gcc (Alpine 13.2.1_git20240309) 13.2.1 20240309, GNU ld (GNU Binutils) 2.42) #1 SMP PREEMPT_DYNAMIC Wed Jul  3 00:09:56 UTC 2024
[    0.000000] Command line: virtme_hostname=virtme-ng nr_open=1048576 virtme_link_mods=/nipa-data/kernel/.virtme_mods/lib/modules/0.0.0 virtme_initmount0=nipa-data/kernel virtme_rw_overlay0=/etc virtme_rw_overlay1=/lib virtme_rw_overlay2=/home virtme_rw_overlay3=/opt virtme_rw_overlay4=/srv virtme_rw_overlay5=/usr virtme_rw_overlay6=/var console=hvc0 earlyprintk=serial,ttyS0,115200 virtme_console=ttyS0 psmouse.proto=exps TERM=xterm virtme_chdir=nipa-data/kernel virtme_root_user=1 rootfstype=9p rootflags=version=9p2000.L,trans=virtio,access=any raid=noautodetect ro init=/usr/lib/python3.12/site-packages/virtme/guest/virtme-init
[    0.000000] BIOS-provided physical RAM map:
[    0.000000] BIOS-e820: [mem 0x0000000000000000-0x000000000009fbff] usable
[    0.000000] BIOS-e820: [mem 0x000000000009fc00-0x000000000009ffff] reserved
[    0.000000] BIOS-e820: [mem 0x00000000000f0000-0x00000000000fffff] reserved
[    0.000000] BIOS-e820: [mem 0x0000000000100000-0x000000003ffdffff] usable
[    0.000000] BIOS-e820: [mem 0x000000003ffe0000-0x000000003fffffff] reserved
[    0.000000] BIOS-e820: [mem 0x00000000feffc000-0x00000000feffffff] reserved
[    0.000000] BIOS-e820: [mem 0x00000000fffc0000-0x00000000ffffffff] reserved
[    0.000000] BIOS-e820: [mem 0x000000fd00000000-0x000000ffffffffff] reserved
[    0.000000] printk: legacy bootconsole [earlyser0] enabled
[    0.000000] NX (Execute Disable) protection: active
[    0.000000] APIC: Static calls initialized
[    0.000000] SMBIOS 2.8 present.
[    0.000000] DMI: QEMU Standard PC (i440FX + PIIX, 1996), BIOS rel-1.16.3-0-ga6ed6b701f0a-prebuilt.qemu.org 04/01/2014
[    0.000000] DMI: Memory slots populated: 1/1
[    0.000000] Hypervisor detected: KVM
[    0.000000] kvm-clock: Using msrs 4b564d01 and 4b564d00
[    0.000000] kvm-clock: using sched offset of 236179621 cycles
[    0.000380] clocksource: kvm-clock: mask: 0xffffffffffffffff max_cycles: 0x1cd42e4dffb, max_idle_ns: 881590591483 ns
[    0.001560] tsc: Detected 4491.560 MHz processor
[    0.002154] last_pfn = 0x3ffe0 max_arch_pfn = 0x400000000
[    0.002573] MTRR map: 4 entries (3 fixed + 1 variable; max 19), built from 8 variable MTRRs
[    0.003182] x86/PAT: Configuration [0-7]: WB  WC  UC- UC  WB  WP  UC- WT  
Memory KASLR using RDRAND RDTSC...
[    0.005221] found SMP MP-table at [mem 0x000f5470-0x000f547f]
[    0.005646] Using GB pages for direct mapping
[    0.006003] ACPI: Early table checksum verification disabled
[    0.006418] ACPI: RSDP 0x00000000000F5290 000014 (v00 BOCHS )
[    0.006839] ACPI: RSDT 0x000000003FFE27BC 000034 (v01 BOCHS  BXPC     00000001 BXPC 00000001)
[    0.007461] ACPI: FACP 0x000000003FFE2578 000074 (v01 BOCHS  BXPC     00000001 BXPC 00000001)
[    0.008082] ACPI: DSDT 0x000000003FFE0040 002538 (v01 BOCHS  BXPC     00000001 BXPC 00000001)
[    0.008700] ACPI: FACS 0x000000003FFE0000 000040
[    0.009036] ACPI: APIC 0x000000003FFE25EC 000170 (v03 BOCHS  BXPC     00000001 BXPC 00000001)
[    0.009654] ACPI: HPET 0x000000003FFE275C 000038 (v01 BOCHS  BXPC     00000001 BXPC 00000001)
[    0.010275] ACPI: WAET 0x000000003FFE2794 000028 (v01 BOCHS  BXPC     00000001 BXPC 00000001)
[    0.010893] ACPI: Reserving FACP table memory at [mem 0x3ffe2578-0x3ffe25eb]
[    0.011408] ACPI: Reserving DSDT table memory at [mem 0x3ffe0040-0x3ffe2577]
[    0.011923] ACPI: Reserving FACS table memory at [mem 0x3ffe0000-0x3ffe003f]
[    0.012433] ACPI: Reserving APIC table memory at [mem 0x3ffe25ec-0x3ffe275b]
[    0.012945] ACPI: Reserving HPET table memory at [mem 0x3ffe275c-0x3ffe2793]
[    0.013457] ACPI: Reserving WAET table memory at [mem 0x3ffe2794-0x3ffe27bb]
[    0.014113] No NUMA configuration found
[    0.014396] Faking a node at [mem 0x0000000000000000-0x000000003ffdffff]
[    0.014885] NODE_DATA(0) allocated [mem 0x3ffdb000-0x3ffdffff]
[    0.015319] Zone ranges:
[    0.015503]   DMA      [mem 0x0000000000001000-0x0000000000ffffff]
[    0.015954]   DMA32    [mem 0x0000000001000000-0x000000003ffdffff]
[    0.016404]   Normal   empty
[    0.016614]   Device   empty
[    0.016823] Movable zone start for each node
[    0.017134] Early memory node ranges
[    0.017393]   node   0: [mem 0x0000000000001000-0x000000000009efff]
[    0.017850]   node   0: [mem 0x0000000000100000-0x000000003ffdffff]
[    0.018307] Initmem setup node 0 [mem 0x0000000000001000-0x000000003ffdffff]
[    0.018820] On node 0, zone DMA: 1 pages in unavailable ranges
[    0.019253] On node 0, zone DMA: 97 pages in unavailable ranges
[    0.020683] On node 0, zone DMA32: 32 pages in unavailable ranges
[    0.021332] ACPI: PM-Timer IO Port: 0x608
[    0.021626] ACPI: LAPIC_NMI (acpi_id[0xff] dfl dfl lint[0x1])
[    0.022059] IOAPIC[0]: apic_id 0, version 17, address 0xfec00000, GSI 0-23
[    0.022562] ACPI: INT_SRC_OVR (bus 0 bus_irq 0 global_irq 2 dfl dfl)
[    0.023022] ACPI: INT_SRC_OVR (bus 0 bus_irq 5 global_irq 5 high level)
[    0.023501] ACPI: INT_SRC_OVR (bus 0 bus_irq 9 global_irq 9 high level)
[    0.023981] ACPI: INT_SRC_OVR (bus 0 bus_irq 10 global_irq 10 high level)
[    0.024473] ACPI: INT_SRC_OVR (bus 0 bus_irq 11 global_irq 11 high level)
[    0.024967] ACPI: Using ACPI (MADT) for SMP configuration information
[    0.025434] ACPI: HPET id: 0x8086a201 base: 0xfed00000
[    0.025808] TSC deadline timer available
[    0.026095] CPU topo: Max. logical packages:   1
[    0.026433] CPU topo: Max. logical dies:       1
[    0.026768] CPU topo: Max. dies per package:   1
[    0.027105] CPU topo: Max. threads per core:   1
[    0.027440] CPU topo: Num. cores per package:    32
[    0.027794] CPU topo: Num. threads per package:  32
[    0.028148] CPU topo: Allowing 32 present CPUs plus 0 hotplug CPUs
[    0.028607] kvm-guest: APIC: eoi() replaced with kvm_guest_apic_eoi_write()
[    0.029122] kvm-guest: KVM setup pv remote TLB flush
[    0.029484] kvm-guest: setup PV sched yield
[    0.029790] PM: hibernation: Registered nosave memory: [mem 0x00000000-0x00000fff]
[    0.030342] PM: hibernation: Registered nosave memory: [mem 0x0009f000-0x0009ffff]
[    0.030890] PM: hibernation: Registered nosave memory: [mem 0x000a0000-0x000effff]
[    0.031437] PM: hibernation: Registered nosave memory: [mem 0x000f0000-0x000fffff]
[    0.031985] [mem 0x40000000-0xfeffbfff] available for PCI devices
[    0.032427] Booting paravirtualized kernel on KVM
[    0.032770] clocksource: refined-jiffies: mask: 0xffffffff max_cycles: 0xffffffff, max_idle_ns: 1910969940391419 ns
[    0.036361] setup_percpu: NR_CPUS:64 nr_cpumask_bits:32 nr_cpu_ids:32 nr_node_ids:1
[    0.037524] percpu: Embedded 58 pages/cpu s198872 r8192 d30504 u262144
[    0.038030] Kernel command line: virtme_hostname=virtme-ng nr_open=1048576 virtme_link_mods=/nipa-data/kernel/.virtme_mods/lib/modules/0.0.0 virtme_initmount0=nipa-data/kernel virtme_rw_overlay0=/etc virtme_rw_overlay1=/lib virtme_rw_overlay2=/home virtme_rw_overlay3=/opt virtme_rw_overlay4=/srv virtme_rw_overlay5=/usr virtme_rw_overlay6=/var console=hvc0 earlyprintk=serial,ttyS0,115200 virtme_console=ttyS0 psmouse.proto=exps TERM=xterm virtme_chdir=nipa-data/kernel virtme_root_user=1 rootfstype=9p rootflags=version=9p2000.L,trans=virtio,access=any raid=noautodetect ro init=/usr/lib/python3.12/site-packages/virtme/guest/virtme-init
[    0.042300] Unknown kernel command line parameters "virtme_hostname=virtme-ng nr_open=1048576 virtme_link_mods=/nipa-data/kernel/.virtme_mods/lib/modules/0.0.0 virtme_initmount0=nipa-data/kernel virtme_rw_overlay0=/etc virtme_rw_overlay1=/lib virtme_rw_overlay2=/home virtme_rw_overlay3=/opt virtme_rw_overlay4=/srv virtme_rw_overlay5=/usr virtme_rw_overlay6=/var virtme_console=ttyS0 virtme_chdir=nipa-data/kernel virtme_root_user=1", will be passed to user space.
[    0.045551] random: crng init done
[    0.045833] Dentry cache hash table entries: 131072 (order: 8, 1048576 bytes, linear)
[    0.046446] Inode-cache hash table entries: 65536 (order: 7, 524288 bytes, linear)
[    0.047096] Fallback order for Node 0: 0 
[    0.047098] Built 1 zonelists, mobility grouping on.  Total pages: 262014
[    0.047906] Policy zone: DMA32
[    0.048134] mem auto-init: stack:all(zero), heap alloc:off, heap free:off
[    0.049437] Memory: 984560K/1048056K available (16384K kernel code, 2423K rwdata, 6180K rodata, 3092K init, 1992K bss, 63236K reserved, 0K cma-reserved)
[    0.050491] SLUB: HWalign=64, Order=0-3, MinObjects=0, CPUs=32, Nodes=1
Poking KASLR using RDRAND RDTSC...
[    0.051244] ftrace: allocating 47895 entries in 188 pages
[    0.058194] ftrace: allocated 188 pages with 5 groups
[    0.059191] Dynamic Preempt: voluntary
[    0.059611] rcu: Preemptible hierarchical RCU implementation.
[    0.060049] rcu: RCU event tracing is enabled.
[    0.060393] rcu: RCU restricting CPUs from NR_CPUS=64 to nr_cpu_ids=32.
[    0.060902] Trampoline variant of Tasks RCU enabled.
[    0.061284] Rude variant of Tasks RCU enabled.
[    0.061627] Tracing variant of Tasks RCU enabled.
[    0.061989] rcu: RCU calculated value of scheduler-enlistment delay is 100 jiffies.
[    0.062573] rcu: Adjusting geometry for rcu_fanout_leaf=16, nr_cpu_ids=32
[    0.063091] RCU Tasks: Setting shift to 5 and lim to 1 rcu_task_cb_adjust=1.
[    0.063624] RCU Tasks Rude: Setting shift to 5 and lim to 1 rcu_task_cb_adjust=1.
[    0.064189] RCU Tasks Trace: Setting shift to 5 and lim to 1 rcu_task_cb_adjust=1.
[    0.066159] NR_IRQS: 4352, nr_irqs: 680, preallocated irqs: 16
[    0.066771] rcu: srcu_init: Setting srcu_struct sizes based on contention.
[    0.067431] Console: colour *CGA 80x25
[    0.067722] ACPI: Core revision 20240322
[    0.068084] clocksource: hpet: mask: 0xffffffff max_cycles: 0xffffffff, max_idle_ns: 19112604467 ns
[    0.068821] APIC: Switch to symmetric I/O mode setup
[    0.069221] APIC: Switched APIC routing to: physical flat
[    0.069621] kvm-guest: APIC: send_IPI_mask() replaced with kvm_send_ipi_mask()
[    0.070157] kvm-guest: APIC: send_IPI_mask_allbutself() replaced with kvm_send_ipi_mask_allbutself()
[    0.070854] kvm-guest: setup PV IPIs
[    0.071891] ..TIMER: vector=0x30 apic1=0 pin1=2 apic2=-1 pin2=-1
[    0.072686] tsc: Marking TSC unstable due to TSCs unsynchronized
[    0.073491] Calibrating delay loop (skipped) preset value.. 8983.12 BogoMIPS (lpj=4491560)
[    0.074550] x86/cpu: User Mode Instruction Prevention (UMIP) activated
[    0.075539] Last level iTLB entries: 4KB 512, 2MB 255, 4MB 127
[    0.076490] Last level dTLB entries: 4KB 512, 2MB 255, 4MB 127, 1GB 0
[    0.077494] Spectre V1 : Mitigation: usercopy/swapgs barriers and __user pointer sanitization
[    0.078493] Spectre V2 : Mitigation: Enhanced / Automatic IBRS
[    0.079490] Spectre V2 : Spectre v2 / SpectreRSB mitigation: Filling RSB on context switch
[    0.080491] Spectre V2 : mitigation: Enabling conditional Indirect Branch Prediction Barrier
[    0.081491] Speculative Store Bypass: Mitigation: Speculative Store Bypass disabled via prctl
[    0.082490] Speculative Return Stack Overflow: IBPB-extending microcode not applied!
[    0.083490] Speculative Return Stack Overflow: WARNING: See https://kernel.org/doc/html/latest/admin-guide/hw-vuln/srso.html for mitigation options.
[    0.083490] Speculative Return Stack Overflow: Vulnerable: Safe RET, no microcode
[    0.085504] x86/fpu: Supporting XSAVE feature 0x001: 'x87 floating point registers'
[    0.086490] x86/fpu: Supporting XSAVE feature 0x002: 'SSE registers'
[    0.087490] x86/fpu: Supporting XSAVE feature 0x004: 'AVX registers'
[    0.088490] x86/fpu: Supporting XSAVE feature 0x020: 'AVX-512 opmask'
[    0.089306] x86/fpu: Supporting XSAVE feature 0x040: 'AVX-512 Hi256'
[    0.089490] x86/fpu: Supporting XSAVE feature 0x080: 'AVX-512 ZMM_Hi256'
[    0.090490] x86/fpu: Supporting XSAVE feature 0x200: 'Protection Keys User registers'
[    0.091490] x86/fpu: xstate_offset[2]:  576, xstate_sizes[2]:  256
[    0.092490] x86/fpu: xstate_offset[5]:  832, xstate_sizes[5]:   64
[    0.093490] x86/fpu: xstate_offset[6]:  896, xstate_sizes[6]:  512
[    0.094490] x86/fpu: xstate_offset[7]: 1408, xstate_sizes[7]: 1024
[    0.095277] x86/fpu: xstate_offset[9]: 2432, xstate_sizes[9]:    8
[    0.095490] x86/fpu: Enabled xstate features 0x2e7, context size is 2440 bytes, using 'compacted' format.
[    0.111910] Freeing SMP alternatives memory: 40K
[    0.112491] pid_max: default: 32768 minimum: 301
[    0.113104] Mount-cache hash table entries: 2048 (order: 2, 16384 bytes, linear)
[    0.113491] Mountpoint-cache hash table entries: 2048 (order: 2, 16384 bytes, linear)
[    0.114653] smpboot: CPU0: AMD Ryzen 9 7950X 16-Core Processor (family: 0x19, model: 0x61, stepping: 0x2)
[    0.115609] Performance Events: Fam17h+ core perfctr, AMD PMU driver.
[    0.116457] ... version:                0
[    0.116492] ... bit width:              48
[    0.117013] ... generic registers:      6
[    0.117491] ... value mask:             0000ffffffffffff
[    0.118169] ... max period:             00007fffffffffff
[    0.118491] ... fixed-purpose events:   0
[    0.119005] ... event mask:             000000000000003f
[    0.119573] signal: max sigframe size: 3376
[    0.120130] rcu: Hierarchical SRCU implementation.
[    0.120492] rcu: Max phase no-delay instances is 400.
[    0.123328] smp: Bringing up secondary CPUs ...
[    0.123542] smpboot: x86: Booting SMP configuration:
[    0.124175] .... node  #0, CPUs:        #1  #2  #3  #4  #5  #6  #7  #8  #9 #10 #11 #12 #13 #14 #15 #16 #17 #18 #19 #20 #21 #22 #23 #24 #25 #26 #27 #28 #29 #30 #31
[    0.140668] smp: Brought up 1 node, 32 CPUs
[    0.142022] smpboot: Total of 32 processors activated (287459.84 BogoMIPS)
[    0.145555] devtmpfs: initialized
[    0.145939] x86/mm: Memory block size: 128MB
[    0.147190] clocksource: jiffies: mask: 0xffffffff max_cycles: 0xffffffff, max_idle_ns: 1911260446275000 ns
[    0.147494] futex hash table entries: 8192 (order: 7, 524288 bytes, linear)
[    0.148528] PM: RTC time: 00:10:26, date: 2024-07-03
[    0.149514] NET: Registered PF_NETLINK/PF_ROUTE protocol family
[    0.150390] thermal_sys: Registered thermal governor 'step_wise'
[    0.150391] thermal_sys: Registered thermal governor 'user_space'
[    0.150506] cpuidle: using governor menu
[    0.152564] PCI: Using configuration type 1 for base access
[    0.153259] PCI: Using configuration type 1 for extended access
[    0.153562] kprobes: kprobe jump-optimization is enabled. All kprobes are optimized if possible.
[    0.161806] HugeTLB: registered 1.00 GiB page size, pre-allocated 0 pages
[    0.162493] HugeTLB: 16380 KiB vmemmap can be freed for a 1.00 GiB page
[    0.163492] HugeTLB: registered 2.00 MiB page size, pre-allocated 0 pages
[    0.165492] HugeTLB: 28 KiB vmemmap can be freed for a 2.00 MiB page
[    0.168877] Demotion targets for Node 0: null
[    0.169551] ACPI: Added _OSI(Module Device)
[    0.170265] ACPI: Added _OSI(Processor Device)
[    0.170493] ACPI: Added _OSI(3.0 _SCP Extensions)
[    0.171295] ACPI: Added _OSI(Processor Aggregator Device)
[    0.173442] ACPI: 1 ACPI AML tables successfully acquired and loaded
[    0.175516] ACPI: _OSC evaluation for CPUs failed, trying _PDC
[    0.176677] ACPI: Interpreter enabled
[    0.177321] ACPI: PM: (supports S0 S3 S4 S5)
[    0.178492] ACPI: Using IOAPIC for interrupt routing
[    0.179355] PCI: Using host bridge windows from ACPI; if necessary, use "pci=nocrs" and report a bug
[    0.180492] PCI: Using E820 reservations for host bridge windows
[    0.181605] ACPI: Enabled 2 GPEs in block 00 to 0F
[    0.185853] ACPI: PCI Root Bridge [PCI0] (domain 0000 [bus 00-ff])
[    0.187496] acpi PNP0A03:00: _OSC: OS supports [ExtendedConfig ASPM ClockPM Segments MSI HPX-Type3]
[    0.188605] PCI host bridge to bus 0000:00
[    0.189312] pci_bus 0000:00: root bus resource [io  0x0000-0x0cf7 window]
[    0.190493] pci_bus 0000:00: root bus resource [io  0x0d00-0xffff window]
[    0.192492] pci_bus 0000:00: root bus resource [mem 0x000a0000-0x000bffff window]
[    0.193492] pci_bus 0000:00: root bus resource [mem 0x40000000-0xfebfffff window]
[    0.194492] pci_bus 0000:00: root bus resource [mem 0x100000000-0x17fffffff window]
[    0.195492] pci_bus 0000:00: root bus resource [bus 00-ff]
[    0.196550] pci 0000:00:00.0: [8086:1237] type 00 class 0x060000 conventional PCI endpoint
[    0.198820] pci 0000:00:01.0: [8086:7000] type 00 class 0x060100 conventional PCI endpoint
[    0.200907] pci 0000:00:01.1: [8086:7010] type 00 class 0x010180 conventional PCI endpoint
[    0.206493] pci 0000:00:01.1: BAR 4 [io  0xc0c0-0xc0cf]
[    0.208508] pci 0000:00:01.1: BAR 0 [io  0x01f0-0x01f7]: legacy IDE quirk
[    0.209492] pci 0000:00:01.1: BAR 1 [io  0x03f6]: legacy IDE quirk
[    0.211492] pci 0000:00:01.1: BAR 2 [io  0x0170-0x0177]: legacy IDE quirk
[    0.212492] pci 0000:00:01.1: BAR 3 [io  0x0376]: legacy IDE quirk
[    0.213612] pci 0000:00:01.3: [8086:7113] type 00 class 0x068000 conventional PCI endpoint
[    0.214810] pci 0000:00:01.3: quirk: [io  0x0600-0x063f] claimed by PIIX4 ACPI
[    0.216497] pci 0000:00:01.3: quirk: [io  0x0700-0x070f] claimed by PIIX4 SMB
[    0.217709] pci 0000:00:02.0: [1af4:1009] type 00 class 0x000200 conventional PCI endpoint
[    0.221493] pci 0000:00:02.0: BAR 0 [io  0xc000-0xc03f]
[    0.224493] pci 0000:00:02.0: BAR 1 [mem 0xfebfc000-0xfebfcfff]
[    0.232493] pci 0000:00:02.0: BAR 4 [mem 0xfebf0000-0xfebf3fff 64bit pref]
[    0.236286] pci 0000:00:03.0: [1af4:1009] type 00 class 0x000200 conventional PCI endpoint
[    0.241493] pci 0000:00:03.0: BAR 0 [io  0xc040-0xc07f]
[    0.244493] pci 0000:00:03.0: BAR 1 [mem 0xfebfd000-0xfebfdfff]
[    0.252493] pci 0000:00:03.0: BAR 4 [mem 0xfebf4000-0xfebf7fff 64bit pref]
[    0.255096] pci 0000:00:04.0: [8086:25ab] type 00 class 0x088000 conventional PCI endpoint
[    0.257070] pci 0000:00:04.0: BAR 0 [mem 0xfebfe000-0xfebfe00f]
[    0.262282] pci 0000:00:05.0: [1af4:1003] type 00 class 0x078000 conventional PCI endpoint
[    0.264492] pci 0000:00:05.0: BAR 0 [io  0xc080-0xc0bf]
[    0.267259] pci 0000:00:05.0: BAR 1 [mem 0xfebff000-0xfebfffff]
[    0.272495] pci 0000:00:05.0: BAR 4 [mem 0xfebf8000-0xfebfbfff 64bit pref]
[    0.276291] ACPI: PCI: Interrupt link LNKA configured for IRQ 10
[    0.276601] ACPI: PCI: Interrupt link LNKB configured for IRQ 10
[    0.277462] ACPI: PCI: Interrupt link LNKC configured for IRQ 11
[    0.278587] ACPI: PCI: Interrupt link LNKD configured for IRQ 11
[    0.279421] ACPI: PCI: Interrupt link LNKS configured for IRQ 9
[    0.281364] iommu: Default domain type: Translated
[    0.281492] iommu: DMA domain TLB invalidation policy: lazy mode
[    0.282307] SCSI subsystem initialized
[    0.282522] pps_core: LinuxPPS API ver. 1 registered
[    0.283154] pps_core: Software ver. 5.3.6 - Copyright 2005-2007 Rodolfo Giometti <giometti@linux.it>
[    0.284494] PTP clock support registered
[    0.285514] Advanced Linux Sound Architecture Driver Initialized.
[    0.286796] NET: Registered PF_ATMPVC protocol family
[    0.287441] NET: Registered PF_ATMSVC protocol family
[    0.287495] PCI: Using ACPI for IRQ routing
[    0.288122] vgaarb: loaded
[    0.288528] hpet0: at MMIO 0xfed00000, IRQs 2, 8, 0
[    0.289152] hpet0: 3 comparators, 64-bit 100.000000 MHz counter
[    0.296205] clocksource: Switched to clocksource kvm-clock
[    0.297035] VFS: Disk quotas dquot_6.6.0
[    0.297589] VFS: Dquot-cache hash table entries: 512 (order 0, 4096 bytes)
[    0.298535] pnp: PnP ACPI init
[    0.299123] pnp: PnP ACPI: found 5 devices
[    0.304929] clocksource: acpi_pm: mask: 0xffffff max_cycles: 0xffffff, max_idle_ns: 2085701024 ns
[    0.306086] NET: Registered PF_INET protocol family
[    0.306817] IP idents hash table entries: 16384 (order: 5, 131072 bytes, linear)
[    0.307926] tcp_listen_portaddr_hash hash table entries: 512 (order: 1, 8192 bytes, linear)
[    0.309009] Table-perturb hash table entries: 65536 (order: 6, 262144 bytes, linear)
[    0.310006] TCP established hash table entries: 8192 (order: 4, 65536 bytes, linear)
[    0.311001] TCP bind hash table entries: 8192 (order: 6, 262144 bytes, linear)
[    0.311932] TCP: Hash tables configured (established 8192 bind 8192)
[    0.312781] UDP hash table entries: 512 (order: 2, 16384 bytes, linear)
[    0.313632] UDP-Lite hash table entries: 512 (order: 2, 16384 bytes, linear)
[    0.314560] NET: Registered PF_UNIX/PF_LOCAL protocol family
[    0.315292] pci_bus 0000:00: resource 4 [io  0x0000-0x0cf7 window]
[    0.316084] pci_bus 0000:00: resource 5 [io  0x0d00-0xffff window]
[    0.316876] pci_bus 0000:00: resource 6 [mem 0x000a0000-0x000bffff window]
[    0.317757] pci_bus 0000:00: resource 7 [mem 0x40000000-0xfebfffff window]
[    0.318639] pci_bus 0000:00: resource 8 [mem 0x100000000-0x17fffffff window]
[    0.319563] pci 0000:00:01.0: PIIX3: Enabling Passive Release
[    0.320306] pci 0000:00:00.0: Limiting direct PCI/PCI transfers
[    0.321094] PCI: CLS 0 bytes, default 64
[    0.321648] kvm_intel: VMX not supported by CPU 19
[    0.322274] kvm_amd: TSC scaling supported
[    0.322796] kvm_amd: Nested Virtualization enabled
[    0.323802] kvm_amd: Nested Paging enabled
[    0.324340] kvm_amd: LBR virtualization supported
[    0.324944] kvm_amd: Virtual VMLOAD VMSAVE supported
[    0.325579] kvm_amd: Virtual GIF supported
[    0.326099] kvm_amd: Virtual NMI enabled
[    0.420786] Initialise system trusted keyrings
[    0.421639] workingset: timestamp_bits=56 max_order=18 bucket_order=0
[    0.422739] squashfs: version 4.0 (2009/01/31) Phillip Lougher
[    0.423714] fuse: init (API version 7.40)
[    0.424414] 9p: Installing v9fs 9p2000 file system support
[    0.432819] Key type asymmetric registered
[    0.433365] Asymmetric key parser 'x509' registered
[    0.434023] Block layer SCSI generic (bsg) driver version 0.4 loaded (major 249)
[    0.434996] io scheduler mq-deadline registered
[    0.435593] io scheduler kyber registered
[    0.437191] input: Power Button as /devices/LNXSYSTM:00/LNXPWRBN:00/input/input0
[    0.438270] ACPI: button: Power Button [PWRF]
[    0.438871] Warning: Processor Platform Limit event detected, but not handled.
[    0.439824] Consider compiling CPUfreq support into your kernel.
[    0.458263] ACPI: \_SB_.LNKB: Enabled at IRQ 10
[    0.475264] ACPI: \_SB_.LNKC: Enabled at IRQ 11
[    0.491976] ACPI: \_SB_.LNKA: Enabled at IRQ 10
[    0.493179] Serial: 8250/16550 driver, 4 ports, IRQ sharing enabled
[    0.494118] 00:03: ttyS0 at I/O 0x3f8 (irq = 4, base_baud = 115200) is a 16550A
[    0.565358] Non-volatile memory driver v1.3
[    0.565931] Linux agpgart interface v0.103
[    0.566546] ACPI: bus type drm_connector registered
[    0.567299] printk: legacy console [hvc0] enabled
[    0.568109] printk: legacy bootconsole [earlyser0] disabled
          _      _                                    
   __   _(_)_ __| |_ _ __ ___   ___       _ __   __ _ 
   \ \ / / |  __| __|  _   _ \ / _ \_____|  _ \ / _  |
    \ V /| | |  | |_| | | | | |  __/_____| | | | (_| |
     \_/ |_|_|   \__|_| |_| |_|\___|     |_| |_|\__  |
                                                |___/ 
   kernel version: 6.10.0-rc5-virtme x86_64
   (CTRL+d to exit)

virtme-ng:/nipa-data/kernel# PS1='xx__-> '
xx__-> env
PWD=/nipa-data/kernel
nr_open=1048576
HOME=/root
TERM=xterm
SHLVL=2
XDG_RUNTIME_DIR=/run/user/0
PATH=/bin:/sbin:/usr/bin:/usr/sbin:/usr/local/bin
OLDPWD=/
_=/usr/bin/env
xx__-> 