No EFI environment detected.
early console in extract_kernel
input_data: 0x00000000029f62b9
input_len: 0x0000000000ae9695
output: 0x0000000001000000
output_len: 0x000000000249a638
kernel_total_size: 0x0000000002230000
needed_size: 0x0000000002600000
trampoline_32bit: 0x0000000000000000
Physical KASLR using RDRAND RDTSC...
Virtual KASLR using RDRAND RDTSC...

Decompressing Linux... Parsing ELF... Performing relocations... done.
Booting the kernel (entry_offset: 0x0000000000000000).
[    0.000000] Linux version 6.8.0-virtme (root@099fa63f633e) (gcc (Alpine 13.2.1_git20240309) 13.2.1 20240309, GNU ld (GNU Binutils) 2.42) #1 SMP PREEMPT_DYNAMIC Mon Mar 18 09:08:18 UTC 2024
[    0.000000] Command line: virtme_hostname=virtme-ng nr_open=1048576 virtme_link_mods=/nipa-data/kernel/.virtme_mods/lib/modules/0.0.0 virtme_initmount0=nipa-data/kernel virtme_rw_overlay0=/etc virtme_rw_overlay1=/lib virtme_rw_overlay2=/home virtme_rw_overlay3=/opt virtme_rw_overlay4=/srv virtme_rw_overlay5=/usr virtme_rw_overlay6=/var console=hvc0 earlyprintk=serial,ttyS0,115200 virtme_console=ttyS0 psmouse.proto=exps TERM=xterm virtme_chdir=nipa-data/kernel virtme_root_user=1 rootfstype=9p rootflags=version=9p2000.L,trans=virtio,access=any raid=noautodetect ro init=/usr/lib/python3.11/site-packages/virtme/guest/virtme-init
[    0.000000] BIOS-provided physical RAM map:
[    0.000000] BIOS-e820: [mem 0x0000000000000000-0x000000000009fbff] usable
[    0.000000] BIOS-e820: [mem 0x000000000009fc00-0x000000000009ffff] reserved
[    0.000000] BIOS-e820: [mem 0x00000000000f0000-0x00000000000fffff] reserved
[    0.000000] BIOS-e820: [mem 0x0000000000100000-0x000000003ffdffff] usable
[    0.000000] BIOS-e820: [mem 0x000000003ffe0000-0x000000003fffffff] reserved
[    0.000000] BIOS-e820: [mem 0x00000000feffc000-0x00000000feffffff] reserved
[    0.000000] BIOS-e820: [mem 0x00000000fffc0000-0x00000000ffffffff] reserved
[    0.000000] BIOS-e820: [mem 0x000000fd00000000-0x000000ffffffffff] reserved
[    0.000000] printk: legacy bootconsole [earlyser0] enabled
[    0.000000] NX (Execute Disable) protection: active
[    0.000000] APIC: Static calls initialized
[    0.000000] SMBIOS 3.0.0 present.
[    0.000000] DMI: QEMU Standard PC (i440FX + PIIX, 1996), BIOS rel-1.16.3-0-ga6ed6b701f0a-prebuilt.qemu.org 04/01/2014
[    0.000000] Hypervisor detected: KVM
[    0.000000] kvm-clock: Using msrs 4b564d01 and 4b564d00
[    0.000000] kvm-clock: using sched offset of 241834726 cycles
[    0.000379] clocksource: kvm-clock: mask: 0xffffffffffffffff max_cycles: 0x1cd42e4dffb, max_idle_ns: 881590591483 ns
[    0.001561] tsc: Detected 4491.556 MHz processor
[    0.002156] last_pfn = 0x3ffe0 max_arch_pfn = 0x400000000
[    0.002571] MTRR map: 4 entries (3 fixed + 1 variable; max 19), built from 8 variable MTRRs
[    0.003180] x86/PAT: Configuration [0-7]: WB  WC  UC- UC  WB  WP  UC- WT  
Memory KASLR using RDRAND RDTSC...
[    0.005229] found SMP MP-table at [mem 0x000f5470-0x000f547f]
[    0.005655] Using GB pages for direct mapping
[    0.006029] ACPI: Early table checksum verification disabled
[    0.006442] ACPI: RSDP 0x00000000000F5290 000014 (v00 BOCHS )
[    0.006866] ACPI: RSDT 0x000000003FFE27BC 000034 (v01 BOCHS  BXPC     00000001 BXPC 00000001)
[    0.007487] ACPI: FACP 0x000000003FFE2578 000074 (v01 BOCHS  BXPC     00000001 BXPC 00000001)
[    0.008109] ACPI: DSDT 0x000000003FFE0040 002538 (v01 BOCHS  BXPC     00000001 BXPC 00000001)
[    0.008730] ACPI: FACS 0x000000003FFE0000 000040
[    0.009067] ACPI: APIC 0x000000003FFE25EC 000170 (v03 BOCHS  BXPC     00000001 BXPC 00000001)
[    0.009693] ACPI: HPET 0x000000003FFE275C 000038 (v01 BOCHS  BXPC     00000001 BXPC 00000001)
[    0.010315] ACPI: WAET 0x000000003FFE2794 000028 (v01 BOCHS  BXPC     00000001 BXPC 00000001)
[    0.010936] ACPI: Reserving FACP table memory at [mem 0x3ffe2578-0x3ffe25eb]
[    0.011448] ACPI: Reserving DSDT table memory at [mem 0x3ffe0040-0x3ffe2577]
[    0.011961] ACPI: Reserving FACS table memory at [mem 0x3ffe0000-0x3ffe003f]
[    0.012474] ACPI: Reserving APIC table memory at [mem 0x3ffe25ec-0x3ffe275b]
[    0.012986] ACPI: Reserving HPET table memory at [mem 0x3ffe275c-0x3ffe2793]
[    0.013502] ACPI: Reserving WAET table memory at [mem 0x3ffe2794-0x3ffe27bb]
[    0.014157] No NUMA configuration found
[    0.014435] Faking a node at [mem 0x0000000000000000-0x000000003ffdffff]
[    0.014922] NODE_DATA(0) allocated [mem 0x3ffdb000-0x3ffdffff]
[    0.015355] Zone ranges:
[    0.015538]   DMA      [mem 0x0000000000001000-0x0000000000ffffff]
[    0.015986]   DMA32    [mem 0x0000000001000000-0x000000003ffdffff]
[    0.016434]   Normal   empty
[    0.016642]   Device   empty
[    0.016851] Movable zone start for each node
[    0.017160] Early memory node ranges
[    0.017421]   node   0: [mem 0x0000000000001000-0x000000000009efff]
[    0.017875]   node   0: [mem 0x0000000000100000-0x000000003ffdffff]
[    0.018329] Initmem setup node 0 [mem 0x0000000000001000-0x000000003ffdffff]
[    0.018840] On node 0, zone DMA: 1 pages in unavailable ranges
[    0.019272] On node 0, zone DMA: 97 pages in unavailable ranges
[    0.020682] On node 0, zone DMA32: 32 pages in unavailable ranges
[    0.021330] ACPI: PM-Timer IO Port: 0x608
[    0.021625] ACPI: LAPIC_NMI (acpi_id[0xff] dfl dfl lint[0x1])
[    0.022057] IOAPIC[0]: apic_id 0, version 17, address 0xfec00000, GSI 0-23
[    0.022555] ACPI: INT_SRC_OVR (bus 0 bus_irq 0 global_irq 2 dfl dfl)
[    0.023016] ACPI: INT_SRC_OVR (bus 0 bus_irq 5 global_irq 5 high level)
[    0.023494] ACPI: INT_SRC_OVR (bus 0 bus_irq 9 global_irq 9 high level)
[    0.023972] ACPI: INT_SRC_OVR (bus 0 bus_irq 10 global_irq 10 high level)
[    0.024463] ACPI: INT_SRC_OVR (bus 0 bus_irq 11 global_irq 11 high level)
[    0.024955] ACPI: Using ACPI (MADT) for SMP configuration information
[    0.025424] ACPI: HPET id: 0x8086a201 base: 0xfed00000
[    0.025797] TSC deadline timer available
[    0.026084] CPU topo: Max. logical packages:   1
[    0.026420] CPU topo: Max. logical dies:       1
[    0.026755] CPU topo: Max. dies per package:   1
[    0.027097] CPU topo: Max. threads per core:  32
[    0.027432] CPU topo: Num. cores per package:     1
[    0.027786] CPU topo: Num. threads per package:  32
[    0.028141] CPU topo: Allowing 32 present CPUs plus 0 hotplug CPUs
[    0.028599] kvm-guest: APIC: eoi() replaced with kvm_guest_apic_eoi_write()
[    0.029116] kvm-guest: KVM setup pv remote TLB flush
[    0.029481] kvm-guest: setup PV sched yield
[    0.029788] PM: hibernation: Registered nosave memory: [mem 0x00000000-0x00000fff]
[    0.030339] PM: hibernation: Registered nosave memory: [mem 0x0009f000-0x0009ffff]
[    0.030889] PM: hibernation: Registered nosave memory: [mem 0x000a0000-0x000effff]
[    0.031436] PM: hibernation: Registered nosave memory: [mem 0x000f0000-0x000fffff]
[    0.031985] [mem 0x40000000-0xfeffbfff] available for PCI devices
[    0.032427] Booting paravirtualized kernel on KVM
[    0.032770] clocksource: refined-jiffies: mask: 0xffffffff max_cycles: 0xffffffff, max_idle_ns: 1910969940391419 ns
[    0.036311] setup_percpu: NR_CPUS:64 nr_cpumask_bits:32 nr_cpu_ids:32 nr_node_ids:1
[    0.037467] percpu: Embedded 58 pages/cpu s197992 r8192 d31384 u262144
[    0.037973] Kernel command line: virtme_hostname=virtme-ng nr_open=1048576 virtme_link_mods=/nipa-data/kernel/.virtme_mods/lib/modules/0.0.0 virtme_initmount0=nipa-data/kernel virtme_rw_overlay0=/etc virtme_rw_overlay1=/lib virtme_rw_overlay2=/home virtme_rw_overlay3=/opt virtme_rw_overlay4=/srv virtme_rw_overlay5=/usr virtme_rw_overlay6=/var console=hvc0 earlyprintk=serial,ttyS0,115200 virtme_console=ttyS0 psmouse.proto=exps TERM=xterm virtme_chdir=nipa-data/kernel virtme_root_user=1 rootfstype=9p rootflags=version=9p2000.L,trans=virtio,access=any raid=noautodetect ro init=/usr/lib/python3.11/site-packages/virtme/guest/virtme-init
[    0.042222] Unknown kernel command line parameters "virtme_hostname=virtme-ng nr_open=1048576 virtme_link_mods=/nipa-data/kernel/.virtme_mods/lib/modules/0.0.0 virtme_initmount0=nipa-data/kernel virtme_rw_overlay0=/etc virtme_rw_overlay1=/lib virtme_rw_overlay2=/home virtme_rw_overlay3=/opt virtme_rw_overlay4=/srv virtme_rw_overlay5=/usr virtme_rw_overlay6=/var virtme_console=ttyS0 virtme_chdir=nipa-data/kernel virtme_root_user=1", will be passed to user space.
[    0.045468] random: crng init done
[    0.045755] Dentry cache hash table entries: 131072 (order: 8, 1048576 bytes, linear)
[    0.046357] Inode-cache hash table entries: 65536 (order: 7, 524288 bytes, linear)
[    0.047015] Fallback order for Node 0: 0 
[    0.047018] Built 1 zonelists, mobility grouping on.  Total pages: 257760
[    0.047824] Policy zone: DMA32
[    0.048051] mem auto-init: stack:all(zero), heap alloc:off, heap free:off
[    0.049347] Memory: 986616K/1048056K available (16384K kernel code, 2362K rwdata, 5988K rodata, 3008K init, 2280K bss, 61180K reserved, 0K cma-reserved)
[    0.050391] SLUB: HWalign=64, Order=0-3, MinObjects=0, CPUs=32, Nodes=1
Poking KASLR using RDRAND RDTSC...
[    0.051126] ftrace: allocating 46514 entries in 182 pages
[    0.058035] ftrace: allocated 182 pages with 5 groups
[    0.059070] Dynamic Preempt: voluntary
[    0.059505] rcu: Preemptible hierarchical RCU implementation.
[    0.059935] rcu: RCU event tracing is enabled.
[    0.060271] rcu: RCU restricting CPUs from NR_CPUS=64 to nr_cpu_ids=32.
[    0.060770] Trampoline variant of Tasks RCU enabled.
[    0.061145] Rude variant of Tasks RCU enabled.
[    0.061484] Tracing variant of Tasks RCU enabled.
[    0.061840] rcu: RCU calculated value of scheduler-enlistment delay is 100 jiffies.
[    0.062408] rcu: Adjusting geometry for rcu_fanout_leaf=16, nr_cpu_ids=32
[    0.062918] RCU Tasks: Setting shift to 5 and lim to 1 rcu_task_cb_adjust=1.
[    0.063443] RCU Tasks Rude: Setting shift to 5 and lim to 1 rcu_task_cb_adjust=1.
[    0.064001] RCU Tasks Trace: Setting shift to 5 and lim to 1 rcu_task_cb_adjust=1.
[    0.065952] NR_IRQS: 4352, nr_irqs: 680, preallocated irqs: 16
[    0.066548] rcu: srcu_init: Setting srcu_struct sizes based on contention.
[    0.067192] Console: colour *CGA 80x25
[    0.067476] ACPI: Core revision 20230628
[    0.067835] clocksource: hpet: mask: 0xffffffff max_cycles: 0xffffffff, max_idle_ns: 19112604467 ns
[    0.068566] APIC: Switch to symmetric I/O mode setup
[    0.068947] APIC: Switched APIC routing to: physical flat
[    0.069351] kvm-guest: APIC: send_IPI_mask() replaced with kvm_send_ipi_mask()
[    0.069883] kvm-guest: APIC: send_IPI_mask_allbutself() replaced with kvm_send_ipi_mask_allbutself()
[    0.070565] kvm-guest: setup PV IPIs
[    0.071606] ..TIMER: vector=0x30 apic1=0 pin1=2 apic2=-1 pin2=-1
[    0.072393] tsc: Marking TSC unstable due to TSCs unsynchronized
[    0.073186] Calibrating delay loop (skipped) preset value.. 8983.11 BogoMIPS (lpj=4491556)
[    0.074241] x86/cpu: User Mode Instruction Prevention (UMIP) activated
[    0.075232] Last level iTLB entries: 4KB 512, 2MB 255, 4MB 127
[    0.076183] Last level dTLB entries: 4KB 512, 2MB 255, 4MB 127, 1GB 0
[    0.077186] Spectre V1 : Mitigation: usercopy/swapgs barriers and __user pointer sanitization
[    0.078187] Spectre V2 : Mitigation: Enhanced / Automatic IBRS
[    0.079183] Spectre V2 : Spectre v2 / SpectreRSB mitigation: Filling RSB on context switch
[    0.080184] Spectre V2 : mitigation: Enabling conditional Indirect Branch Prediction Barrier
[    0.081183] Spectre V2 : User space: Mitigation: STIBP always-on protection
[    0.082185] Speculative Store Bypass: Mitigation: Speculative Store Bypass disabled via prctl
[    0.083183] Speculative Return Stack Overflow: IBPB-extending microcode not applied!
[    0.084183] Speculative Return Stack Overflow: WARNING: See https://kernel.org/doc/html/latest/admin-guide/hw-vuln/srso.html for mitigation options.
[    0.084184] Speculative Return Stack Overflow: Vulnerable: Safe RET, no microcode
[    0.086198] x86/fpu: Supporting XSAVE feature 0x001: 'x87 floating point registers'
[    0.087183] x86/fpu: Supporting XSAVE feature 0x002: 'SSE registers'
[    0.087986] x86/fpu: Supporting XSAVE feature 0x004: 'AVX registers'
[    0.088183] x86/fpu: Supporting XSAVE feature 0x020: 'AVX-512 opmask'
[    0.089183] x86/fpu: Supporting XSAVE feature 0x040: 'AVX-512 Hi256'
[    0.090183] x86/fpu: Supporting XSAVE feature 0x080: 'AVX-512 ZMM_Hi256'
[    0.091183] x86/fpu: Supporting XSAVE feature 0x200: 'Protection Keys User registers'
[    0.092184] x86/fpu: xstate_offset[2]:  576, xstate_sizes[2]:  256
[    0.093183] x86/fpu: xstate_offset[5]:  832, xstate_sizes[5]:   64
[    0.093967] x86/fpu: xstate_offset[6]:  896, xstate_sizes[6]:  512
[    0.094183] x86/fpu: xstate_offset[7]: 1408, xstate_sizes[7]: 1024
[    0.095183] x86/fpu: xstate_offset[9]: 2432, xstate_sizes[9]:    8
[    0.096183] x86/fpu: Enabled xstate features 0x2e7, context size is 2440 bytes, using 'compacted' format.
[    0.111528] Freeing SMP alternatives memory: 40K
[    0.112122] pid_max: default: 32768 minimum: 301
[    0.112210] Mount-cache hash table entries: 2048 (order: 2, 16384 bytes, linear)
[    0.113184] Mountpoint-cache hash table entries: 2048 (order: 2, 16384 bytes, linear)
[    0.114336] smpboot: CPU0: AMD Ryzen 9 7950X 16-Core Processor (family: 0x19, model: 0x61, stepping: 0x2)
[    0.115294] Performance Events: Fam17h+ core perfctr, AMD PMU driver.
[    0.116138] ... version:                0
[    0.116186] ... bit width:              48
[    0.116702] ... generic registers:      6
[    0.117185] ... value mask:             0000ffffffffffff
[    0.117858] ... max period:             00007fffffffffff
[    0.118185] ... fixed-purpose events:   0
[    0.118689] ... event mask:             000000000000003f
[    0.119254] signal: max sigframe size: 3376
[    0.119798] rcu: Hierarchical SRCU implementation.
[    0.120185] rcu: Max phase no-delay instances is 400.
[    0.123153] smp: Bringing up secondary CPUs ...
[    0.123240] smpboot: x86: Booting SMP configuration:
[    0.123868] .... node  #0, CPUs:        #1  #2  #3  #4  #5  #6  #7  #8  #9 #10 #11 #12 #13 #14 #15 #16 #17 #18 #19 #20 #21 #22 #23 #24 #25 #26 #27 #28 #29 #30 #31
[    0.133405] Spectre V2 : Update user space SMT mitigation: STIBP always-on
[    0.147333] smp: Brought up 1 node, 32 CPUs
[    0.147890] smpboot: Total of 32 processors activated (287459.58 BogoMIPS)
[    0.152328] devtmpfs: initialized
[    0.152637] x86/mm: Memory block size: 128MB
[    0.153897] clocksource: jiffies: mask: 0xffffffff max_cycles: 0xffffffff, max_idle_ns: 1911260446275000 ns
[    0.154187] futex hash table entries: 8192 (order: 7, 524288 bytes, linear)
[    0.155249] PM: RTC time: 09:08:48, date: 2024-03-18
[    0.156273] NET: Registered PF_NETLINK/PF_ROUTE protocol family
[    0.157168] thermal_sys: Registered thermal governor 'step_wise'
[    0.157169] thermal_sys: Registered thermal governor 'user_space'
[    0.157200] cpuidle: using governor menu
[    0.159316] PCI: Using configuration type 1 for base access
[    0.160044] PCI: Using configuration type 1 for extended access
[    0.160227] kprobes: kprobe jump-optimization is enabled. All kprobes are optimized if possible.
[    0.161401] HugeTLB: registered 1.00 GiB page size, pre-allocated 0 pages
[    0.162185] HugeTLB: 16380 KiB vmemmap can be freed for a 1.00 GiB page
[    0.163042] HugeTLB: registered 2.00 MiB page size, pre-allocated 0 pages
[    0.163185] HugeTLB: 28 KiB vmemmap can be freed for a 2.00 MiB page
[    0.164030] ACPI: Added _OSI(Module Device)
[    0.164185] ACPI: Added _OSI(Processor Device)
[    0.164766] ACPI: Added _OSI(3.0 _SCP Extensions)
[    0.165185] ACPI: Added _OSI(Processor Aggregator Device)
[    0.166567] ACPI: 1 ACPI AML tables successfully acquired and loaded
[    0.175206] ACPI: _OSC evaluation for CPUs failed, trying _PDC
[    0.176186] ACPI: Interpreter enabled
[    0.176658] ACPI: PM: (supports S0 S3 S4 S5)
[    0.177185] ACPI: Using IOAPIC for interrupt routing
[    0.177820] PCI: Using host bridge windows from ACPI; if necessary, use "pci=nocrs" and report a bug
[    0.178185] PCI: Using E820 reservations for host bridge windows
[    0.179035] ACPI: Enabled 2 GPEs in block 00 to 0F
[    0.181753] ACPI: PCI Root Bridge [PCI0] (domain 0000 [bus 00-ff])
[    0.182187] acpi PNP0A03:00: _OSC: OS supports [ExtendedConfig ASPM ClockPM Segments MSI HPX-Type3]
[    0.183273] PCI host bridge to bus 0000:00
[    0.183793] pci_bus 0000:00: root bus resource [io  0x0000-0x0cf7 window]
[    0.184186] pci_bus 0000:00: root bus resource [io  0x0d00-0xffff window]
[    0.185059] pci_bus 0000:00: root bus resource [mem 0x000a0000-0x000bffff window]
[    0.185185] pci_bus 0000:00: root bus resource [mem 0x40000000-0xfebfffff window]
[    0.186148] pci_bus 0000:00: root bus resource [mem 0x100000000-0x17fffffff window]
[    0.186185] pci_bus 0000:00: root bus resource [bus 00-ff]
[    0.186969] pci 0000:00:00.0: [8086:1237] type 00 class 0x060000 conventional PCI endpoint
[    0.187434] pci 0000:00:01.0: [8086:7000] type 00 class 0x060100 conventional PCI endpoint
[    0.188496] pci 0000:00:01.1: [8086:7010] type 00 class 0x010180 conventional PCI endpoint
[    0.191685] pci 0000:00:01.1: BAR 4 [io  0xc0c0-0xc0cf]
[    0.193084] pci 0000:00:01.1: BAR 0 [io  0x01f0-0x01f7]: legacy IDE quirk
[    0.193185] pci 0000:00:01.1: BAR 1 [io  0x03f6]: legacy IDE quirk
[    0.193972] pci 0000:00:01.1: BAR 2 [io  0x0170-0x0177]: legacy IDE quirk
[    0.194185] pci 0000:00:01.1: BAR 3 [io  0x0376]: legacy IDE quirk
[    0.195062] pci 0000:00:01.3: [8086:7113] type 00 class 0x068000 conventional PCI endpoint
[    0.195424] pci 0000:00:01.3: quirk: [io  0x0600-0x063f] claimed by PIIX4 ACPI
[    0.196189] pci 0000:00:01.3: quirk: [io  0x0700-0x070f] claimed by PIIX4 SMB
[    0.197258] pci 0000:00:02.0: [1af4:1009] type 00 class 0x000200 conventional PCI endpoint
[    0.199186] pci 0000:00:02.0: BAR 0 [io  0xc000-0xc03f]
[    0.200897] pci 0000:00:02.0: BAR 1 [mem 0xfebfc000-0xfebfcfff]
[    0.204185] pci 0000:00:02.0: BAR 4 [mem 0xfebf0000-0xfebf3fff 64bit pref]
[    0.207349] pci 0000:00:03.0: [1af4:1009] type 00 class 0x000200 conventional PCI endpoint
[    0.209185] pci 0000:00:03.0: BAR 0 [io  0xc040-0xc07f]
[    0.210919] pci 0000:00:03.0: BAR 1 [mem 0xfebfd000-0xfebfdfff]
[    0.214185] pci 0000:00:03.0: BAR 4 [mem 0xfebf4000-0xfebf7fff 64bit pref]
[    0.216728] pci 0000:00:04.0: [8086:25ab] type 00 class 0x088000 conventional PCI endpoint
[    0.217735] pci 0000:00:04.0: BAR 0 [mem 0xfebfe000-0xfebfe00f]
[    0.221324] pci 0000:00:05.0: [1af4:1003] type 00 class 0x078000 conventional PCI endpoint
[    0.223185] pci 0000:00:05.0: BAR 0 [io  0xc080-0xc0bf]
[    0.225186] pci 0000:00:05.0: BAR 1 [mem 0xfebff000-0xfebfffff]
[    0.228908] pci 0000:00:05.0: BAR 4 [mem 0xfebf8000-0xfebfbfff 64bit pref]
[    0.230947] ACPI: PCI: Interrupt link LNKA configured for IRQ 10
[    0.231351] ACPI: PCI: Interrupt link LNKB configured for IRQ 10
[    0.232287] ACPI: PCI: Interrupt link LNKC configured for IRQ 11
[    0.233149] ACPI: PCI: Interrupt link LNKD configured for IRQ 11
[    0.233256] ACPI: PCI: Interrupt link LNKS configured for IRQ 9
[    0.234910] iommu: Default domain type: Translated
[    0.235185] iommu: DMA domain TLB invalidation policy: lazy mode
[    0.236012] SCSI subsystem initialized
[    0.236217] pps_core: LinuxPPS API ver. 1 registered
[    0.236858] pps_core: Software ver. 5.3.6 - Copyright 2005-2007 Rodolfo Giometti <giometti@linux.it>
[    0.237188] PTP clock support registered
[    0.237701] Advanced Linux Sound Architecture Driver Initialized.
[    0.238492] NET: Registered PF_ATMPVC protocol family
[    0.239141] NET: Registered PF_ATMSVC protocol family
[    0.239189] PCI: Using ACPI for IRQ routing
[    0.239816] vgaarb: loaded
[    0.240222] hpet0: at MMIO 0xfed00000, IRQs 2, 8, 0
[    0.240859] hpet0: 3 comparators, 64-bit 100.000000 MHz counter
[    0.246121] clocksource: Switched to clocksource kvm-clock
[    0.246376] VFS: Disk quotas dquot_6.6.0
[    0.246915] VFS: Dquot-cache hash table entries: 512 (order 0, 4096 bytes)
[    0.247882] pnp: PnP ACPI init
[    0.248497] pnp: PnP ACPI: found 5 devices
[    0.256142] clocksource: acpi_pm: mask: 0xffffff max_cycles: 0xffffff, max_idle_ns: 2085701024 ns
[    0.257318] NET: Registered PF_INET protocol family
[    0.257960] IP idents hash table entries: 16384 (order: 5, 131072 bytes, linear)
[    0.259058] tcp_listen_portaddr_hash hash table entries: 512 (order: 1, 8192 bytes, linear)
[    0.260141] Table-perturb hash table entries: 65536 (order: 6, 262144 bytes, linear)
[    0.261140] TCP established hash table entries: 8192 (order: 4, 65536 bytes, linear)
[    0.262131] TCP bind hash table entries: 8192 (order: 6, 262144 bytes, linear)
[    0.263126] TCP: Hash tables configured (established 8192 bind 8192)
[    0.263955] UDP hash table entries: 512 (order: 2, 16384 bytes, linear)
[    0.264806] UDP-Lite hash table entries: 512 (order: 2, 16384 bytes, linear)
[    0.265737] NET: Registered PF_UNIX/PF_LOCAL protocol family
[    0.266472] pci_bus 0000:00: resource 4 [io  0x0000-0x0cf7 window]
[    0.267274] pci_bus 0000:00: resource 5 [io  0x0d00-0xffff window]
[    0.268069] pci_bus 0000:00: resource 6 [mem 0x000a0000-0x000bffff window]
[    0.268955] pci_bus 0000:00: resource 7 [mem 0x40000000-0xfebfffff window]
[    0.269839] pci_bus 0000:00: resource 8 [mem 0x100000000-0x17fffffff window]
[    0.270784] pci 0000:00:01.0: PIIX3: Enabling Passive Release
[    0.271527] pci 0000:00:00.0: Limiting direct PCI/PCI transfers
[    0.272323] PCI: CLS 0 bytes, default 64
[    0.272858] kvm_intel: VMX not supported by CPU 0
[    0.273477] kvm_amd: TSC scaling supported
[    0.274002] kvm_amd: Nested Virtualization enabled
[    0.274619] kvm_amd: Nested Paging enabled
[    0.275156] kvm_amd: Virtual VMLOAD VMSAVE supported
[    0.275789] kvm_amd: Virtual GIF supported
[    0.276318] kvm_amd: Virtual NMI enabled
[    0.276818] kvm_amd: LBR virtualization supported
[    0.371186] workingset: timestamp_bits=56 max_order=18 bucket_order=0
[    0.372090] squashfs: version 4.0 (2009/01/31) Phillip Lougher
[    0.372885] fuse: init (API version 7.39)
[    0.373468] 9p: Installing v9fs 9p2000 file system support
[    0.374235] Key type asymmetric registered
[    0.374798] Block layer SCSI generic (bsg) driver version 0.4 loaded (major 249)
[    0.375798] io scheduler mq-deadline registered
[    0.376412] io scheduler kyber registered
[    0.377968] input: Power Button as /devices/LNXSYSTM:00/LNXPWRBN:00/input/input0
[    0.379035] ACPI: button: Power Button [PWRF]
[    0.379652] Warning: Processor Platform Limit event detected, but not handled.
[    0.380625] Consider compiling CPUfreq support into your kernel.
[    0.398304] ACPI: \_SB_.LNKB: Enabled at IRQ 10
[    0.415356] ACPI: \_SB_.LNKC: Enabled at IRQ 11
[    0.431953] ACPI: \_SB_.LNKA: Enabled at IRQ 10
[    0.433184] Serial: 8250/16550 driver, 4 ports, IRQ sharing enabled
[    0.434088] 00:03: ttyS0 at I/O 0x3f8 (irq = 4, base_baud = 115200) is a 16550A
[    0.468802] Non-volatile memory driver v1.3
[    0.469371] Linux agpgart interface v0.103
[    0.469428] ACPI: bus type drm_connector registered
[    0.470560] printk: legacy console [hvc0] enabled
[    0.471182] printk: legacy bootconsole [earlyser0] disabled
          _      _                                    
   __   _(_)_ __| |_ _ __ ___   ___       _ __   __ _ 
   \ \ / / |  __| __|  _   _ \ / _ \_____|  _ \ / _  |
    \ V /| | |  | |_| | | | | |  __/_____| | | | (_| |
     \_/ |_|_|   \__|_| |_| |_|\___|     |_| |_|\__  |
                                                |___/ 
   kernel version: 6.8.0-virtme x86_64
   (CTRL+d to exit)

virtme-ng:/nipa-data/kernel# PS1='xx__-> '
xx__-> env
PWD=/nipa-data/kernel
nr_open=1048576
HOME=/
TERM=xterm
SHLVL=2
XDG_RUNTIME_DIR=/run/user/0
PATH=/bin:/sbin:/usr/bin:/usr/sbin:/usr/local/bin
OLDPWD=/
_=/usr/bin/env
xx__-> 