No EFI environment detected.
early console in extract_kernel
input_data: 0x00000000029ec2b9
input_len: 0x0000000000b21e25
output: 0x0000000001000000
output_len: 0x00000000024c82c0
kernel_total_size: 0x0000000002230000
needed_size: 0x0000000002600000
trampoline_32bit: 0x0000000000000000
Physical KASLR using RDRAND RDTSC...
Virtual KASLR using RDRAND RDTSC...

Decompressing Linux... Parsing ELF... Performing relocations... done.
Booting the kernel (entry_offset: 0x0000000000000000).
[    0.000000] Linux version 6.9.0-rc4-virtme (root@ddcb9cefac5e) (gcc (Alpine 13.2.1_git20240309) 13.2.1 20240309, GNU ld (GNU Binutils) 2.42) #1 SMP PREEMPT_DYNAMIC Fri Apr 19 09:06:19 UTC 2024
[    0.000000] Command line: virtme_hostname=virtme-ng nr_open=1048576 virtme_link_mods=/nipa-data/kernel/.virtme_mods/lib/modules/0.0.0 virtme_initmount0=nipa-data/kernel virtme_rw_overlay0=/etc virtme_rw_overlay1=/lib virtme_rw_overlay2=/home virtme_rw_overlay3=/opt virtme_rw_overlay4=/srv virtme_rw_overlay5=/usr virtme_rw_overlay6=/var console=hvc0 earlyprintk=serial,ttyS0,115200 virtme_console=ttyS0 psmouse.proto=exps TERM=xterm virtme_chdir=nipa-data/kernel virtme_root_user=1 rootfstype=9p rootflags=version=9p2000.L,trans=virtio,access=any raid=noautodetect ro init=/usr/lib/python3.12/site-packages/virtme/guest/virtme-init
[    0.000000] BIOS-provided physical RAM map:
[    0.000000] BIOS-e820: [mem 0x0000000000000000-0x000000000009fbff] usable
[    0.000000] BIOS-e820: [mem 0x000000000009fc00-0x000000000009ffff] reserved
[    0.000000] BIOS-e820: [mem 0x00000000000f0000-0x00000000000fffff] reserved
[    0.000000] BIOS-e820: [mem 0x0000000000100000-0x000000003ffdffff] usable
[    0.000000] BIOS-e820: [mem 0x000000003ffe0000-0x000000003fffffff] reserved
[    0.000000] BIOS-e820: [mem 0x00000000feffc000-0x00000000feffffff] reserved
[    0.000000] BIOS-e820: [mem 0x00000000fffc0000-0x00000000ffffffff] reserved
[    0.000000] BIOS-e820: [mem 0x000000fd00000000-0x000000ffffffffff] reserved
[    0.000000] printk: legacy bootconsole [earlyser0] enabled
[    0.000000] NX (Execute Disable) protection: active
[    0.000000] APIC: Static calls initialized
[    0.000000] SMBIOS 3.0.0 present.
[    0.000000] DMI: QEMU Standard PC (i440FX + PIIX, 1996), BIOS rel-1.16.3-0-ga6ed6b701f0a-prebuilt.qemu.org 04/01/2014
[    0.000000] Hypervisor detected: KVM
[    0.000000] kvm-clock: Using msrs 4b564d01 and 4b564d00
[    0.000000] kvm-clock: using sched offset of 221386672 cycles
[    0.000394] clocksource: kvm-clock: mask: 0xffffffffffffffff max_cycles: 0x1cd42e4dffb, max_idle_ns: 881590591483 ns
[    0.001623] tsc: Detected 4491.556 MHz processor
[    0.002261] last_pfn = 0x3ffe0 max_arch_pfn = 0x400000000
[    0.002691] MTRR map: 4 entries (3 fixed + 1 variable; max 19), built from 8 variable MTRRs
[    0.003336] x86/PAT: Configuration [0-7]: WB  WC  UC- UC  WB  WP  UC- WT  
Memory KASLR using RDRAND RDTSC...
[    0.005478] found SMP MP-table at [mem 0x000f5470-0x000f547f]
[    0.005939] Using GB pages for direct mapping
[    0.006333] ACPI: Early table checksum verification disabled
[    0.006776] ACPI: RSDP 0x00000000000F5290 000014 (v00 BOCHS )
[    0.007210] ACPI: RSDT 0x000000003FFE27BC 000034 (v01 BOCHS  BXPC     00000001 BXPC 00000001)
[    0.007875] ACPI: FACP 0x000000003FFE2578 000074 (v01 BOCHS  BXPC     00000001 BXPC 00000001)
[    0.008520] ACPI: DSDT 0x000000003FFE0040 002538 (v01 BOCHS  BXPC     00000001 BXPC 00000001)
[    0.009173] ACPI: FACS 0x000000003FFE0000 000040
[    0.009525] ACPI: APIC 0x000000003FFE25EC 000170 (v03 BOCHS  BXPC     00000001 BXPC 00000001)
[    0.010186] ACPI: HPET 0x000000003FFE275C 000038 (v01 BOCHS  BXPC     00000001 BXPC 00000001)
[    0.010838] ACPI: WAET 0x000000003FFE2794 000028 (v01 BOCHS  BXPC     00000001 BXPC 00000001)
[    0.011477] ACPI: Reserving FACP table memory at [mem 0x3ffe2578-0x3ffe25eb]
[    0.012032] ACPI: Reserving DSDT table memory at [mem 0x3ffe0040-0x3ffe2577]
[    0.012561] ACPI: Reserving FACS table memory at [mem 0x3ffe0000-0x3ffe003f]
[    0.013167] ACPI: Reserving APIC table memory at [mem 0x3ffe25ec-0x3ffe275b]
[    0.013697] ACPI: Reserving HPET table memory at [mem 0x3ffe275c-0x3ffe2793]
[    0.014241] ACPI: Reserving WAET table memory at [mem 0x3ffe2794-0x3ffe27bb]
[    0.014929] No NUMA configuration found
[    0.015217] Faking a node at [mem 0x0000000000000000-0x000000003ffdffff]
[    0.015728] NODE_DATA(0) allocated [mem 0x3ffdb000-0x3ffdffff]
[    0.016192] Zone ranges:
[    0.016382]   DMA      [mem 0x0000000000001000-0x0000000000ffffff]
[    0.016859]   DMA32    [mem 0x0000000001000000-0x000000003ffdffff]
[    0.017323]   Normal   empty
[    0.017539]   Device   empty
[    0.017767] Movable zone start for each node
[    0.018087] Early memory node ranges
[    0.018354]   node   0: [mem 0x0000000000001000-0x000000000009efff]
[    0.018839]   node   0: [mem 0x0000000000100000-0x000000003ffdffff]
[    0.019309] Initmem setup node 0 [mem 0x0000000000001000-0x000000003ffdffff]
[    0.019865] On node 0, zone DMA: 1 pages in unavailable ranges
[    0.020314] On node 0, zone DMA: 97 pages in unavailable ranges
[    0.021815] On node 0, zone DMA32: 32 pages in unavailable ranges
[    0.022483] ACPI: PM-Timer IO Port: 0x608
[    0.022799] ACPI: LAPIC_NMI (acpi_id[0xff] dfl dfl lint[0x1])
[    0.023246] IOAPIC[0]: apic_id 0, version 17, address 0xfec00000, GSI 0-23
[    0.023782] ACPI: INT_SRC_OVR (bus 0 bus_irq 0 global_irq 2 dfl dfl)
[    0.024268] ACPI: INT_SRC_OVR (bus 0 bus_irq 5 global_irq 5 high level)
[    0.024779] ACPI: INT_SRC_OVR (bus 0 bus_irq 9 global_irq 9 high level)
[    0.025277] ACPI: INT_SRC_OVR (bus 0 bus_irq 10 global_irq 10 high level)
[    0.025797] ACPI: INT_SRC_OVR (bus 0 bus_irq 11 global_irq 11 high level)
[    0.026308] ACPI: Using ACPI (MADT) for SMP configuration information
[    0.026803] ACPI: HPET id: 0x8086a201 base: 0xfed00000
[    0.027190] TSC deadline timer available
[    0.027488] CPU topo: Max. logical packages:   1
[    0.027859] CPU topo: Max. logical dies:       1
[    0.028205] CPU topo: Max. dies per package:   1
[    0.028553] CPU topo: Max. threads per core:   1
[    0.028914] CPU topo: Num. cores per package:    32
[    0.029279] CPU topo: Num. threads per package:  32
[    0.029645] CPU topo: Allowing 32 present CPUs plus 0 hotplug CPUs
[    0.030129] kvm-guest: APIC: eoi() replaced with kvm_guest_apic_eoi_write()
[    0.030660] kvm-guest: KVM setup pv remote TLB flush
[    0.031049] kvm-guest: setup PV sched yield
[    0.031366] PM: hibernation: Registered nosave memory: [mem 0x00000000-0x00000fff]
[    0.031959] PM: hibernation: Registered nosave memory: [mem 0x0009f000-0x0009ffff]
[    0.032527] PM: hibernation: Registered nosave memory: [mem 0x000a0000-0x000effff]
[    0.033105] PM: hibernation: Registered nosave memory: [mem 0x000f0000-0x000fffff]
[    0.033676] [mem 0x40000000-0xfeffbfff] available for PCI devices
[    0.034148] Booting paravirtualized kernel on KVM
[    0.034501] clocksource: refined-jiffies: mask: 0xffffffff max_cycles: 0xffffffff, max_idle_ns: 1910969940391419 ns
[    0.038380] setup_percpu: NR_CPUS:64 nr_cpumask_bits:32 nr_cpu_ids:32 nr_node_ids:1
[    0.039617] percpu: Embedded 58 pages/cpu s198952 r8192 d30424 u262144
[    0.040162] Kernel command line: virtme_hostname=virtme-ng nr_open=1048576 virtme_link_mods=/nipa-data/kernel/.virtme_mods/lib/modules/0.0.0 virtme_initmount0=nipa-data/kernel virtme_rw_overlay0=/etc virtme_rw_overlay1=/lib virtme_rw_overlay2=/home virtme_rw_overlay3=/opt virtme_rw_overlay4=/srv virtme_rw_overlay5=/usr virtme_rw_overlay6=/var console=hvc0 earlyprintk=serial,ttyS0,115200 virtme_console=ttyS0 psmouse.proto=exps TERM=xterm virtme_chdir=nipa-data/kernel virtme_root_user=1 rootfstype=9p rootflags=version=9p2000.L,trans=virtio,access=any raid=noautodetect ro init=/usr/lib/python3.12/site-packages/virtme/guest/virtme-init
[    0.044628] Unknown kernel command line parameters "virtme_hostname=virtme-ng nr_open=1048576 virtme_link_mods=/nipa-data/kernel/.virtme_mods/lib/modules/0.0.0 virtme_initmount0=nipa-data/kernel virtme_rw_overlay0=/etc virtme_rw_overlay1=/lib virtme_rw_overlay2=/home virtme_rw_overlay3=/opt virtme_rw_overlay4=/srv virtme_rw_overlay5=/usr virtme_rw_overlay6=/var virtme_console=ttyS0 virtme_chdir=nipa-data/kernel virtme_root_user=1", will be passed to user space.
[    0.048470] random: crng init done
[    0.048827] Dentry cache hash table entries: 131072 (order: 8, 1048576 bytes, linear)
[    0.049594] Inode-cache hash table entries: 65536 (order: 7, 524288 bytes, linear)
[    0.050420] Fallback order for Node 0: 0 
[    0.050424] Built 1 zonelists, mobility grouping on.  Total pages: 257760
[    0.051449] Policy zone: DMA32
[    0.051744] mem auto-init: stack:all(zero), heap alloc:off, heap free:off
[    0.053301] Memory: 986612K/1048056K available (16384K kernel code, 2402K rwdata, 6100K rodata, 3052K init, 2108K bss, 61184K reserved, 0K cma-reserved)
[    0.054611] SLUB: HWalign=64, Order=0-3, MinObjects=0, CPUs=32, Nodes=1
Poking KASLR using RDRAND RDTSC...
[    0.055551] ftrace: allocating 47560 entries in 186 pages
[    0.063138] ftrace: allocated 186 pages with 5 groups
[    0.064337] Dynamic Preempt: voluntary
[    0.064899] rcu: Preemptible hierarchical RCU implementation.
[    0.065461] rcu: RCU event tracing is enabled.
[    0.065897] rcu: RCU restricting CPUs from NR_CPUS=64 to nr_cpu_ids=32.
[    0.066519] Trampoline variant of Tasks RCU enabled.
[    0.066990] Rude variant of Tasks RCU enabled.
[    0.067410] Tracing variant of Tasks RCU enabled.
[    0.067863] rcu: RCU calculated value of scheduler-enlistment delay is 100 jiffies.
[    0.068573] rcu: Adjusting geometry for rcu_fanout_leaf=16, nr_cpu_ids=32
[    0.069211] RCU Tasks: Setting shift to 5 and lim to 1 rcu_task_cb_adjust=1.
[    0.069871] RCU Tasks Rude: Setting shift to 5 and lim to 1 rcu_task_cb_adjust=1.
[    0.070566] RCU Tasks Trace: Setting shift to 5 and lim to 1 rcu_task_cb_adjust=1.
[    0.073263] NR_IRQS: 4352, nr_irqs: 680, preallocated irqs: 16
[    0.073991] rcu: srcu_init: Setting srcu_struct sizes based on contention.
[    0.074795] Console: colour *CGA 80x25
[    0.075150] ACPI: Core revision 20230628
[    0.075601] clocksource: hpet: mask: 0xffffffff max_cycles: 0xffffffff, max_idle_ns: 19112604467 ns
[    0.076510] APIC: Switch to symmetric I/O mode setup
[    0.076984] APIC: Switched APIC routing to: physical flat
[    0.077480] kvm-guest: APIC: send_IPI_mask() replaced with kvm_send_ipi_mask()
[    0.078117] kvm-guest: APIC: send_IPI_mask_allbutself() replaced with kvm_send_ipi_mask_allbutself()
[    0.078930] kvm-guest: setup PV IPIs
[    0.080183] ..TIMER: vector=0x30 apic1=0 pin1=2 apic2=-1 pin2=-1
[    0.081225] tsc: Marking TSC unstable due to TSCs unsynchronized
[    0.082259] Calibrating delay loop (skipped) preset value.. 8983.11 BogoMIPS (lpj=4491556)
[    0.083331] x86/cpu: User Mode Instruction Prevention (UMIP) activated
[    0.084317] Last level iTLB entries: 4KB 512, 2MB 255, 4MB 127
[    0.085258] Last level dTLB entries: 4KB 512, 2MB 255, 4MB 127, 1GB 0
[    0.086263] Spectre V1 : Mitigation: usercopy/swapgs barriers and __user pointer sanitization
[    0.087263] Spectre V2 : Mitigation: Enhanced / Automatic IBRS
[    0.088258] Spectre V2 : Spectre v2 / SpectreRSB mitigation: Filling RSB on context switch
[    0.089260] Spectre V2 : mitigation: Enabling conditional Indirect Branch Prediction Barrier
[    0.090260] Speculative Store Bypass: Mitigation: Speculative Store Bypass disabled via prctl
[    0.091258] Speculative Return Stack Overflow: IBPB-extending microcode not applied!
[    0.092258] Speculative Return Stack Overflow: WARNING: See https://kernel.org/doc/html/latest/admin-guide/hw-vuln/srso.html for mitigation options.
[    0.092259] Speculative Return Stack Overflow: Vulnerable: Safe RET, no microcode
[    0.094278] x86/fpu: Supporting XSAVE feature 0x001: 'x87 floating point registers'
[    0.095258] x86/fpu: Supporting XSAVE feature 0x002: 'SSE registers'
[    0.096258] x86/fpu: Supporting XSAVE feature 0x004: 'AVX registers'
[    0.097258] x86/fpu: Supporting XSAVE feature 0x020: 'AVX-512 opmask'
[    0.098258] x86/fpu: Supporting XSAVE feature 0x040: 'AVX-512 Hi256'
[    0.099259] x86/fpu: Supporting XSAVE feature 0x080: 'AVX-512 ZMM_Hi256'
[    0.100258] x86/fpu: Supporting XSAVE feature 0x200: 'Protection Keys User registers'
[    0.101258] x86/fpu: xstate_offset[2]:  576, xstate_sizes[2]:  256
[    0.102258] x86/fpu: xstate_offset[5]:  832, xstate_sizes[5]:   64
[    0.103258] x86/fpu: xstate_offset[6]:  896, xstate_sizes[6]:  512
[    0.104258] x86/fpu: xstate_offset[7]: 1408, xstate_sizes[7]: 1024
[    0.105258] x86/fpu: xstate_offset[9]: 2432, xstate_sizes[9]:    8
[    0.106079] x86/fpu: Enabled xstate features 0x2e7, context size is 2440 bytes, using 'compacted' format.
[    0.121586] Freeing SMP alternatives memory: 40K
[    0.122194] pid_max: default: 32768 minimum: 301
[    0.122294] Mount-cache hash table entries: 2048 (order: 2, 16384 bytes, linear)
[    0.123259] Mountpoint-cache hash table entries: 2048 (order: 2, 16384 bytes, linear)
[    0.124432] smpboot: CPU0: AMD Ryzen 9 7950X 16-Core Processor (family: 0x19, model: 0x61, stepping: 0x2)
[    0.125384] Performance Events: Fam17h+ core perfctr, AMD PMU driver.
[    0.126263] ... version:                0
[    0.126795] ... bit width:              48
[    0.127260] ... generic registers:      6
[    0.127789] ... value mask:             0000ffffffffffff
[    0.128260] ... max period:             00007fffffffffff
[    0.128968] ... fixed-purpose events:   0
[    0.129260] ... event mask:             000000000000003f
[    0.130073] signal: max sigframe size: 3376
[    0.130280] rcu: Hierarchical SRCU implementation.
[    0.130920] rcu: Max phase no-delay instances is 400.
[    0.133687] smp: Bringing up secondary CPUs ...
[    0.134332] smpboot: x86: Booting SMP configuration:
[    0.135174] .... node  #0, CPUs:        #1  #2  #3  #4  #5  #6  #7  #8  #9 #10 #11 #12 #13 #14 #15 #16 #17 #18 #19 #20 #21 #22 #23 #24 #25 #26 #27 #28 #29 #30 #31
[    0.161421] smp: Brought up 1 node, 32 CPUs
[    0.162816] smpboot: Total of 32 processors activated (287459.58 BogoMIPS)
[    0.165323] devtmpfs: initialized
[    0.165729] x86/mm: Memory block size: 128MB
[    0.167083] clocksource: jiffies: mask: 0xffffffff max_cycles: 0xffffffff, max_idle_ns: 1911260446275000 ns
[    0.167261] futex hash table entries: 8192 (order: 7, 524288 bytes, linear)
[    0.168253] PM: RTC time: 09:06:49, date: 2024-04-19
[    0.168619] NET: Registered PF_NETLINK/PF_ROUTE protocol family
[    0.169385] thermal_sys: Registered thermal governor 'step_wise'
[    0.169386] thermal_sys: Registered thermal governor 'user_space'
[    0.170199] cpuidle: using governor menu
[    0.171480] PCI: Using configuration type 1 for base access
[    0.172260] PCI: Using configuration type 1 for extended access
[    0.173106] kprobes: kprobe jump-optimization is enabled. All kprobes are optimized if possible.
[    0.187974] HugeTLB: registered 1.00 GiB page size, pre-allocated 0 pages
[    0.188260] HugeTLB: 16380 KiB vmemmap can be freed for a 1.00 GiB page
[    0.189136] HugeTLB: registered 2.00 MiB page size, pre-allocated 0 pages
[    0.189259] HugeTLB: 28 KiB vmemmap can be freed for a 2.00 MiB page
[    0.190143] Demotion targets for Node 0: null
[    0.190297] ACPI: Added _OSI(Module Device)
[    0.190850] ACPI: Added _OSI(Processor Device)
[    0.191260] ACPI: Added _OSI(3.0 _SCP Extensions)
[    0.191897] ACPI: Added _OSI(Processor Aggregator Device)
[    0.192973] ACPI: 1 ACPI AML tables successfully acquired and loaded
[    0.193885] ACPI: _OSC evaluation for CPUs failed, trying _PDC
[    0.194397] ACPI: Interpreter enabled
[    0.194888] ACPI: PM: (supports S0 S3 S4 S5)
[    0.195260] ACPI: Using IOAPIC for interrupt routing
[    0.195934] PCI: Using host bridge windows from ACPI; if necessary, use "pci=nocrs" and report a bug
[    0.196260] PCI: Using E820 reservations for host bridge windows
[    0.197147] ACPI: Enabled 2 GPEs in block 00 to 0F
[    0.199935] ACPI: PCI Root Bridge [PCI0] (domain 0000 [bus 00-ff])
[    0.200262] acpi PNP0A03:00: _OSC: OS supports [ExtendedConfig ASPM ClockPM Segments MSI HPX-Type3]
[    0.201351] PCI host bridge to bus 0000:00
[    0.201905] pci_bus 0000:00: root bus resource [io  0x0000-0x0cf7 window]
[    0.202260] pci_bus 0000:00: root bus resource [io  0x0d00-0xffff window]
[    0.203166] pci_bus 0000:00: root bus resource [mem 0x000a0000-0x000bffff window]
[    0.203260] pci_bus 0000:00: root bus resource [mem 0x40000000-0xfebfffff window]
[    0.204253] pci_bus 0000:00: root bus resource [mem 0x100000000-0x17fffffff window]
[    0.204260] pci_bus 0000:00: root bus resource [bus 00-ff]
[    0.205091] pci 0000:00:00.0: [8086:1237] type 00 class 0x060000 conventional PCI endpoint
[    0.205522] pci 0000:00:01.0: [8086:7000] type 00 class 0x060100 conventional PCI endpoint
[    0.206595] pci 0000:00:01.1: [8086:7010] type 00 class 0x010180 conventional PCI endpoint
[    0.209774] pci 0000:00:01.1: BAR 4 [io  0xc0c0-0xc0cf]
[    0.211272] pci 0000:00:01.1: BAR 0 [io  0x01f0-0x01f7]: legacy IDE quirk
[    0.212199] pci 0000:00:01.1: BAR 1 [io  0x03f6]: legacy IDE quirk
[    0.212260] pci 0000:00:01.1: BAR 2 [io  0x0170-0x0177]: legacy IDE quirk
[    0.213175] pci 0000:00:01.1: BAR 3 [io  0x0376]: legacy IDE quirk
[    0.213360] pci 0000:00:01.3: [8086:7113] type 00 class 0x068000 conventional PCI endpoint
[    0.215375] pci 0000:00:01.3: quirk: [io  0x0600-0x063f] claimed by PIIX4 ACPI
[    0.216264] pci 0000:00:01.3: quirk: [io  0x0700-0x070f] claimed by PIIX4 SMB
[    0.217414] pci 0000:00:02.0: [1af4:1009] type 00 class 0x000200 conventional PCI endpoint
[    0.219260] pci 0000:00:02.0: BAR 0 [io  0xc000-0xc03f]
[    0.221048] pci 0000:00:02.0: BAR 1 [mem 0xfebfc000-0xfebfcfff]
[    0.225014] pci 0000:00:02.0: BAR 4 [mem 0xfebf0000-0xfebf3fff 64bit pref]
[    0.226886] pci 0000:00:03.0: [1af4:1009] type 00 class 0x000200 conventional PCI endpoint
[    0.228260] pci 0000:00:03.0: BAR 0 [io  0xc040-0xc07f]
[    0.229930] pci 0000:00:03.0: BAR 1 [mem 0xfebfd000-0xfebfdfff]
[    0.233260] pci 0000:00:03.0: BAR 4 [mem 0xfebf4000-0xfebf7fff 64bit pref]
[    0.235491] pci 0000:00:04.0: [8086:25ab] type 00 class 0x088000 conventional PCI endpoint
[    0.236831] pci 0000:00:04.0: BAR 0 [mem 0xfebfe000-0xfebfe00f]
[    0.240930] pci 0000:00:05.0: [1af4:1003] type 00 class 0x078000 conventional PCI endpoint
[    0.242260] pci 0000:00:05.0: BAR 0 [io  0xc080-0xc0bf]
[    0.243964] pci 0000:00:05.0: BAR 1 [mem 0xfebff000-0xfebfffff]
[    0.247998] pci 0000:00:05.0: BAR 4 [mem 0xfebf8000-0xfebfbfff 64bit pref]
[    0.250028] ACPI: PCI: Interrupt link LNKA configured for IRQ 10
[    0.250371] ACPI: PCI: Interrupt link LNKB configured for IRQ 10
[    0.251265] ACPI: PCI: Interrupt link LNKC configured for IRQ 11
[    0.252157] ACPI: PCI: Interrupt link LNKD configured for IRQ 11
[    0.252333] ACPI: PCI: Interrupt link LNKS configured for IRQ 9
[    0.254637] iommu: Default domain type: Translated
[    0.255260] iommu: DMA domain TLB invalidation policy: lazy mode
[    0.256123] SCSI subsystem initialized
[    0.256293] pps_core: LinuxPPS API ver. 1 registered
[    0.256947] pps_core: Software ver. 5.3.6 - Copyright 2005-2007 Rodolfo Giometti <giometti@linux.it>
[    0.257262] PTP clock support registered
[    0.257793] Advanced Linux Sound Architecture Driver Initialized.
[    0.258666] NET: Registered PF_ATMPVC protocol family
[    0.259260] NET: Registered PF_ATMSVC protocol family
[    0.259945] PCI: Using ACPI for IRQ routing
[    0.260345] vgaarb: loaded
[    0.260631] hpet0: at MMIO 0xfed00000, IRQs 2, 8, 0
[    0.261260] hpet0: 3 comparators, 64-bit 100.000000 MHz counter
[    0.264595] clocksource: Switched to clocksource kvm-clock
[    0.265424] VFS: Disk quotas dquot_6.6.0
[    0.265593] VFS: Dquot-cache hash table entries: 512 (order 0, 4096 bytes)
[    0.266999] pnp: PnP ACPI init
[    0.267601] pnp: PnP ACPI: found 5 devices
[    0.275256] clocksource: acpi_pm: mask: 0xffffff max_cycles: 0xffffff, max_idle_ns: 2085701024 ns
[    0.276471] NET: Registered PF_INET protocol family
[    0.277138] IP idents hash table entries: 16384 (order: 5, 131072 bytes, linear)
[    0.278274] tcp_listen_portaddr_hash hash table entries: 512 (order: 1, 8192 bytes, linear)
[    0.279387] Table-perturb hash table entries: 65536 (order: 6, 262144 bytes, linear)
[    0.280416] TCP established hash table entries: 8192 (order: 4, 65536 bytes, linear)
[    0.281445] TCP bind hash table entries: 8192 (order: 6, 262144 bytes, linear)
[    0.282410] TCP: Hash tables configured (established 8192 bind 8192)
[    0.283364] UDP hash table entries: 512 (order: 2, 16384 bytes, linear)
[    0.284245] UDP-Lite hash table entries: 512 (order: 2, 16384 bytes, linear)
[    0.285205] NET: Registered PF_UNIX/PF_LOCAL protocol family
[    0.285960] pci_bus 0000:00: resource 4 [io  0x0000-0x0cf7 window]
[    0.286784] pci_bus 0000:00: resource 5 [io  0x0d00-0xffff window]
[    0.287599] pci_bus 0000:00: resource 6 [mem 0x000a0000-0x000bffff window]
[    0.288510] pci_bus 0000:00: resource 7 [mem 0x40000000-0xfebfffff window]
[    0.289421] pci_bus 0000:00: resource 8 [mem 0x100000000-0x17fffffff window]
[    0.290377] pci 0000:00:01.0: PIIX3: Enabling Passive Release
[    0.291146] pci 0000:00:00.0: Limiting direct PCI/PCI transfers
[    0.291967] PCI: CLS 0 bytes, default 64
[    0.292535] kvm_intel: VMX not supported by CPU 0
[    0.293178] kvm_amd: TSC scaling supported
[    0.293723] kvm_amd: Nested Virtualization enabled
[    0.294353] kvm_amd: Nested Paging enabled
[    0.294906] kvm_amd: Virtual VMLOAD VMSAVE supported
[    0.295558] kvm_amd: Virtual GIF supported
[    0.296100] kvm_amd: Virtual NMI enabled
[    0.296623] kvm_amd: LBR virtualization supported
[    0.386002] Initialise system trusted keyrings
[    0.386715] workingset: timestamp_bits=56 max_order=18 bucket_order=0
[    0.387589] squashfs: version 4.0 (2009/01/31) Phillip Lougher
[    0.388370] fuse: init (API version 7.40)
[    0.388950] 9p: Installing v9fs 9p2000 file system support
[    0.396267] Key type asymmetric registered
[    0.396822] Asymmetric key parser 'x509' registered
[    0.397475] Block layer SCSI generic (bsg) driver version 0.4 loaded (major 249)
[    0.398472] io scheduler mq-deadline registered
[    0.399082] io scheduler kyber registered
[    0.400595] input: Power Button as /devices/LNXSYSTM:00/LNXPWRBN:00/input/input0
[    0.401651] ACPI: button: Power Button [PWRF]
[    0.402249] Warning: Processor Platform Limit event detected, but not handled.
[    0.403217] Consider compiling CPUfreq support into your kernel.
[    0.420825] ACPI: \_SB_.LNKB: Enabled at IRQ 10
[    0.438125] ACPI: \_SB_.LNKC: Enabled at IRQ 11
[    0.455775] ACPI: \_SB_.LNKA: Enabled at IRQ 10
[    0.457069] Serial: 8250/16550 driver, 4 ports, IRQ sharing enabled
[    0.458042] 00:03: ttyS0 at I/O 0x3f8 (irq = 4, base_baud = 115200) is a 16550A
[    0.505487] Non-volatile memory driver v1.3
[    0.506166] Linux agpgart interface v0.103
[    0.506218] ACPI: bus type drm_connector registered
[    0.507550] printk: legacy console [hvc0] enabled
[    0.508347] printk: legacy bootconsole [earlyser0] disabled
          _      _                                    
   __   _(_)_ __| |_ _ __ ___   ___       _ __   __ _ 
   \ \ / / |  __| __|  _   _ \ / _ \_____|  _ \ / _  |
    \ V /| | |  | |_| | | | | |  __/_____| | | | (_| |
     \_/ |_|_|   \__|_| |_| |_|\___|     |_| |_|\__  |
                                                |___/ 
   kernel version: 6.9.0-rc4-virtme x86_64
   (CTRL+d to exit)

virtme-ng:/nipa-data/kernel# PS1='xx__-> '
xx__-> env
PWD=/nipa-data/kernel
nr_open=1048576
HOME=/root
TERM=xterm
SHLVL=2
XDG_RUNTIME_DIR=/run/user/0
PATH=/bin:/sbin:/usr/bin:/usr/sbin:/usr/local/bin
OLDPWD=/
_=/usr/bin/env
xx__-> 