No EFI environment detected.
early console in extract_kernel
input_data: 0x0000000002be92c4
input_len: 0x0000000000b4276e
output: 0x0000000001000000
output_len: 0x00000000026e440c
kernel_total_size: 0x0000000002430000
needed_size: 0x0000000002800000
trampoline_32bit: 0x0000000000000000
Physical KASLR using RDRAND RDTSC...
Virtual KASLR using RDRAND RDTSC...

Decompressing Linux... Parsing ELF... Performing relocations... done.
Booting the kernel (entry_offset: 0x0000000000000000).
[    0.000000] Linux version 6.10.0-rc2-virtme (root@92c1ea79241c) (gcc (Alpine 13.2.1_git20240309) 13.2.1 20240309, GNU ld (GNU Binutils) 2.42) #1 SMP PREEMPT_DYNAMIC Thu Jun 13 12:06:25 UTC 2024
[    0.000000] Command line: virtme_hostname=virtme-ng nr_open=1048576 virtme_link_mods=/nipa-data/kernel/.virtme_mods/lib/modules/0.0.0 virtme_initmount0=nipa-data/kernel virtme_rw_overlay0=/etc virtme_rw_overlay1=/lib virtme_rw_overlay2=/home virtme_rw_overlay3=/opt virtme_rw_overlay4=/srv virtme_rw_overlay5=/usr virtme_rw_overlay6=/var console=hvc0 earlyprintk=serial,ttyS0,115200 virtme_console=ttyS0 psmouse.proto=exps TERM=xterm virtme_chdir=nipa-data/kernel virtme_root_user=1 rootfstype=9p rootflags=version=9p2000.L,trans=virtio,access=any raid=noautodetect ro init=/usr/lib/python3.12/site-packages/virtme/guest/virtme-init
[    0.000000] BIOS-provided physical RAM map:
[    0.000000] BIOS-e820: [mem 0x0000000000000000-0x000000000009fbff] usable
[    0.000000] BIOS-e820: [mem 0x000000000009fc00-0x000000000009ffff] reserved
[    0.000000] BIOS-e820: [mem 0x00000000000f0000-0x00000000000fffff] reserved
[    0.000000] BIOS-e820: [mem 0x0000000000100000-0x000000003ffdffff] usable
[    0.000000] BIOS-e820: [mem 0x000000003ffe0000-0x000000003fffffff] reserved
[    0.000000] BIOS-e820: [mem 0x00000000feffc000-0x00000000feffffff] reserved
[    0.000000] BIOS-e820: [mem 0x00000000fffc0000-0x00000000ffffffff] reserved
[    0.000000] BIOS-e820: [mem 0x000000fd00000000-0x000000ffffffffff] reserved
[    0.000000] printk: legacy bootconsole [earlyser0] enabled
[    0.000000] NX (Execute Disable) protection: active
[    0.000000] APIC: Static calls initialized
[    0.000000] SMBIOS 2.8 present.
[    0.000000] DMI: QEMU Standard PC (i440FX + PIIX, 1996), BIOS rel-1.16.3-0-ga6ed6b701f0a-prebuilt.qemu.org 04/01/2014
[    0.000000] DMI: Memory slots populated: 1/1
[    0.000000] Hypervisor detected: KVM
[    0.000000] kvm-clock: Using msrs 4b564d01 and 4b564d00
[    0.000000] kvm-clock: using sched offset of 234490096 cycles
[    0.000385] clocksource: kvm-clock: mask: 0xffffffffffffffff max_cycles: 0x1cd42e4dffb, max_idle_ns: 881590591483 ns
[    0.001575] tsc: Detected 4491.556 MHz processor
[    0.002175] last_pfn = 0x3ffe0 max_arch_pfn = 0x400000000
[    0.002609] MTRR map: 4 entries (3 fixed + 1 variable; max 19), built from 8 variable MTRRs
[    0.003218] x86/PAT: Configuration [0-7]: WB  WC  UC- UC  WB  WP  UC- WT  
Memory KASLR using RDRAND RDTSC...
[    0.005241] found SMP MP-table at [mem 0x000f5470-0x000f547f]
[    0.005663] Using GB pages for direct mapping
[    0.006024] ACPI: Early table checksum verification disabled
[    0.006442] ACPI: RSDP 0x00000000000F5290 000014 (v00 BOCHS )
[    0.006864] ACPI: RSDT 0x000000003FFE27BC 000034 (v01 BOCHS  BXPC     00000001 BXPC 00000001)
[    0.007492] ACPI: FACP 0x000000003FFE2578 000074 (v01 BOCHS  BXPC     00000001 BXPC 00000001)
[    0.008117] ACPI: DSDT 0x000000003FFE0040 002538 (v01 BOCHS  BXPC     00000001 BXPC 00000001)
[    0.008743] ACPI: FACS 0x000000003FFE0000 000040
[    0.009080] ACPI: APIC 0x000000003FFE25EC 000170 (v03 BOCHS  BXPC     00000001 BXPC 00000001)
[    0.009704] ACPI: HPET 0x000000003FFE275C 000038 (v01 BOCHS  BXPC     00000001 BXPC 00000001)
[    0.010331] ACPI: WAET 0x000000003FFE2794 000028 (v01 BOCHS  BXPC     00000001 BXPC 00000001)
[    0.010954] ACPI: Reserving FACP table memory at [mem 0x3ffe2578-0x3ffe25eb]
[    0.011473] ACPI: Reserving DSDT table memory at [mem 0x3ffe0040-0x3ffe2577]
[    0.011987] ACPI: Reserving FACS table memory at [mem 0x3ffe0000-0x3ffe003f]
[    0.012500] ACPI: Reserving APIC table memory at [mem 0x3ffe25ec-0x3ffe275b]
[    0.013014] ACPI: Reserving HPET table memory at [mem 0x3ffe275c-0x3ffe2793]
[    0.013527] ACPI: Reserving WAET table memory at [mem 0x3ffe2794-0x3ffe27bb]
[    0.014182] No NUMA configuration found
[    0.014465] Faking a node at [mem 0x0000000000000000-0x000000003ffdffff]
[    0.014955] NODE_DATA(0) allocated [mem 0x3ffdb000-0x3ffdffff]
[    0.015391] Zone ranges:
[    0.015576]   DMA      [mem 0x0000000000001000-0x0000000000ffffff]
[    0.016028]   DMA32    [mem 0x0000000001000000-0x000000003ffdffff]
[    0.016480]   Normal   empty
[    0.016690]   Device   empty
[    0.016900] Movable zone start for each node
[    0.017212] Early memory node ranges
[    0.017473]   node   0: [mem 0x0000000000001000-0x000000000009efff]
[    0.017931]   node   0: [mem 0x0000000000100000-0x000000003ffdffff]
[    0.018392] Initmem setup node 0 [mem 0x0000000000001000-0x000000003ffdffff]
[    0.018910] On node 0, zone DMA: 1 pages in unavailable ranges
[    0.019345] On node 0, zone DMA: 97 pages in unavailable ranges
[    0.020796] On node 0, zone DMA32: 32 pages in unavailable ranges
[    0.021446] ACPI: PM-Timer IO Port: 0x608
[    0.021744] ACPI: LAPIC_NMI (acpi_id[0xff] dfl dfl lint[0x1])
[    0.022182] IOAPIC[0]: apic_id 0, version 17, address 0xfec00000, GSI 0-23
[    0.022725] ACPI: INT_SRC_OVR (bus 0 bus_irq 0 global_irq 2 dfl dfl)
[    0.023192] ACPI: INT_SRC_OVR (bus 0 bus_irq 5 global_irq 5 high level)
[    0.023677] ACPI: INT_SRC_OVR (bus 0 bus_irq 9 global_irq 9 high level)
[    0.024161] ACPI: INT_SRC_OVR (bus 0 bus_irq 10 global_irq 10 high level)
[    0.024660] ACPI: INT_SRC_OVR (bus 0 bus_irq 11 global_irq 11 high level)
[    0.025158] ACPI: Using ACPI (MADT) for SMP configuration information
[    0.025630] ACPI: HPET id: 0x8086a201 base: 0xfed00000
[    0.026007] TSC deadline timer available
[    0.026296] CPU topo: Max. logical packages:   1
[    0.026637] CPU topo: Max. logical dies:       1
[    0.026974] CPU topo: Max. dies per package:   1
[    0.027314] CPU topo: Max. threads per core:   1
[    0.027651] CPU topo: Num. cores per package:    32
[    0.028008] CPU topo: Num. threads per package:  32
[    0.028364] CPU topo: Allowing 32 present CPUs plus 0 hotplug CPUs
[    0.028825] kvm-guest: APIC: eoi() replaced with kvm_guest_apic_eoi_write()
[    0.029342] kvm-guest: KVM setup pv remote TLB flush
[    0.029707] kvm-guest: setup PV sched yield
[    0.030016] PM: hibernation: Registered nosave memory: [mem 0x00000000-0x00000fff]
[    0.030579] PM: hibernation: Registered nosave memory: [mem 0x0009f000-0x0009ffff]
[    0.031140] PM: hibernation: Registered nosave memory: [mem 0x000a0000-0x000effff]
[    0.031697] PM: hibernation: Registered nosave memory: [mem 0x000f0000-0x000fffff]
[    0.032256] [mem 0x40000000-0xfeffbfff] available for PCI devices
[    0.032705] Booting paravirtualized kernel on KVM
[    0.033053] clocksource: refined-jiffies: mask: 0xffffffff max_cycles: 0xffffffff, max_idle_ns: 1910969940391419 ns
[    0.036685] setup_percpu: NR_CPUS:64 nr_cpumask_bits:32 nr_cpu_ids:32 nr_node_ids:1
[    0.037898] percpu: Embedded 58 pages/cpu s198872 r8192 d30504 u262144
[    0.038413] Kernel command line: virtme_hostname=virtme-ng nr_open=1048576 virtme_link_mods=/nipa-data/kernel/.virtme_mods/lib/modules/0.0.0 virtme_initmount0=nipa-data/kernel virtme_rw_overlay0=/etc virtme_rw_overlay1=/lib virtme_rw_overlay2=/home virtme_rw_overlay3=/opt virtme_rw_overlay4=/srv virtme_rw_overlay5=/usr virtme_rw_overlay6=/var console=hvc0 earlyprintk=serial,ttyS0,115200 virtme_console=ttyS0 psmouse.proto=exps TERM=xterm virtme_chdir=nipa-data/kernel virtme_root_user=1 rootfstype=9p rootflags=version=9p2000.L,trans=virtio,access=any raid=noautodetect ro init=/usr/lib/python3.12/site-packages/virtme/guest/virtme-init
[    0.042733] Unknown kernel command line parameters "virtme_hostname=virtme-ng nr_open=1048576 virtme_link_mods=/nipa-data/kernel/.virtme_mods/lib/modules/0.0.0 virtme_initmount0=nipa-data/kernel virtme_rw_overlay0=/etc virtme_rw_overlay1=/lib virtme_rw_overlay2=/home virtme_rw_overlay3=/opt virtme_rw_overlay4=/srv virtme_rw_overlay5=/usr virtme_rw_overlay6=/var virtme_console=ttyS0 virtme_chdir=nipa-data/kernel virtme_root_user=1", will be passed to user space.
[    0.046016] random: crng init done
[    0.046310] Dentry cache hash table entries: 131072 (order: 8, 1048576 bytes, linear)
[    0.046921] Inode-cache hash table entries: 65536 (order: 7, 524288 bytes, linear)
[    0.047576] Fallback order for Node 0: 0 
[    0.047578] Built 1 zonelists, mobility grouping on.  Total pages: 262014
[    0.048399] Policy zone: DMA32
[    0.048629] mem auto-init: stack:all(zero), heap alloc:off, heap free:off, mlocked free:off
[    0.050096] Memory: 984572K/1048056K available (16384K kernel code, 2423K rwdata, 6172K rodata, 3088K init, 2004K bss, 63224K reserved, 0K cma-reserved)
[    0.051163] SLUB: HWalign=64, Order=0-3, MinObjects=0, CPUs=32, Nodes=1
Poking KASLR using RDRAND RDTSC...
[    0.051924] ftrace: allocating 47836 entries in 187 pages
[    0.058999] ftrace: allocated 187 pages with 6 groups
[    0.059996] Dynamic Preempt: voluntary
[    0.060422] rcu: Preemptible hierarchical RCU implementation.
[    0.060857] rcu: RCU event tracing is enabled.
[    0.061198] rcu: RCU restricting CPUs from NR_CPUS=64 to nr_cpu_ids=32.
[    0.061704] Trampoline variant of Tasks RCU enabled.
[    0.062084] Rude variant of Tasks RCU enabled.
[    0.062430] Tracing variant of Tasks RCU enabled.
[    0.062794] rcu: RCU calculated value of scheduler-enlistment delay is 100 jiffies.
[    0.063377] rcu: Adjusting geometry for rcu_fanout_leaf=16, nr_cpu_ids=32
[    0.063894] RCU Tasks: Setting shift to 5 and lim to 1 rcu_task_cb_adjust=1.
[    0.064426] RCU Tasks Rude: Setting shift to 5 and lim to 1 rcu_task_cb_adjust=1.
[    0.064988] RCU Tasks Trace: Setting shift to 5 and lim to 1 rcu_task_cb_adjust=1.
[    0.066948] NR_IRQS: 4352, nr_irqs: 680, preallocated irqs: 16
[    0.067552] rcu: srcu_init: Setting srcu_struct sizes based on contention.
[    0.068210] Console: colour *CGA 80x25
[    0.068510] ACPI: Core revision 20240322
[    0.068872] clocksource: hpet: mask: 0xffffffff max_cycles: 0xffffffff, max_idle_ns: 19112604467 ns
[    0.069608] APIC: Switch to symmetric I/O mode setup
[    0.070000] APIC: Switched APIC routing to: physical flat
[    0.070417] kvm-guest: APIC: send_IPI_mask() replaced with kvm_send_ipi_mask()
[    0.070954] kvm-guest: APIC: send_IPI_mask_allbutself() replaced with kvm_send_ipi_mask_allbutself()
[    0.071637] kvm-guest: setup PV IPIs
[    0.072670] ..TIMER: vector=0x30 apic1=0 pin1=2 apic2=-1 pin2=-1
[    0.073466] tsc: Marking TSC unstable due to TSCs unsynchronized
[    0.074265] Calibrating delay loop (skipped) preset value.. 8983.11 BogoMIPS (lpj=4491556)
[    0.075325] x86/cpu: User Mode Instruction Prevention (UMIP) activated
[    0.076314] Last level iTLB entries: 4KB 512, 2MB 255, 4MB 127
[    0.077264] Last level dTLB entries: 4KB 512, 2MB 255, 4MB 127, 1GB 0
[    0.078268] Spectre V1 : Mitigation: usercopy/swapgs barriers and __user pointer sanitization
[    0.079268] Spectre V2 : Mitigation: Enhanced / Automatic IBRS
[    0.080264] Spectre V2 : Spectre v2 / SpectreRSB mitigation: Filling RSB on context switch
[    0.081265] Spectre V2 : mitigation: Enabling conditional Indirect Branch Prediction Barrier
[    0.082265] Speculative Store Bypass: Mitigation: Speculative Store Bypass disabled via prctl
[    0.083264] Speculative Return Stack Overflow: IBPB-extending microcode not applied!
[    0.084264] Speculative Return Stack Overflow: WARNING: See https://kernel.org/doc/html/latest/admin-guide/hw-vuln/srso.html for mitigation options.
[    0.084264] Speculative Return Stack Overflow: Vulnerable: Safe RET, no microcode
[    0.086278] x86/fpu: Supporting XSAVE feature 0x001: 'x87 floating point registers'
[    0.087264] x86/fpu: Supporting XSAVE feature 0x002: 'SSE registers'
[    0.088264] x86/fpu: Supporting XSAVE feature 0x004: 'AVX registers'
[    0.089073] x86/fpu: Supporting XSAVE feature 0x020: 'AVX-512 opmask'
[    0.089264] x86/fpu: Supporting XSAVE feature 0x040: 'AVX-512 Hi256'
[    0.090264] x86/fpu: Supporting XSAVE feature 0x080: 'AVX-512 ZMM_Hi256'
[    0.091264] x86/fpu: Supporting XSAVE feature 0x200: 'Protection Keys User registers'
[    0.092264] x86/fpu: xstate_offset[2]:  576, xstate_sizes[2]:  256
[    0.093264] x86/fpu: xstate_offset[5]:  832, xstate_sizes[5]:   64
[    0.094264] x86/fpu: xstate_offset[6]:  896, xstate_sizes[6]:  512
[    0.095049] x86/fpu: xstate_offset[7]: 1408, xstate_sizes[7]: 1024
[    0.095264] x86/fpu: xstate_offset[9]: 2432, xstate_sizes[9]:    8
[    0.096264] x86/fpu: Enabled xstate features 0x2e7, context size is 2440 bytes, using 'compacted' format.
[    0.112548] Freeing SMP alternatives memory: 40K
[    0.113144] pid_max: default: 32768 minimum: 301
[    0.113290] Mount-cache hash table entries: 2048 (order: 2, 16384 bytes, linear)
[    0.114265] Mountpoint-cache hash table entries: 2048 (order: 2, 16384 bytes, linear)
[    0.115425] smpboot: CPU0: AMD Ryzen 9 7950X 16-Core Processor (family: 0x19, model: 0x61, stepping: 0x2)
[    0.116382] Performance Events: Fam17h+ core perfctr, AMD PMU driver.
[    0.117229] ... version:                0
[    0.117266] ... bit width:              48
[    0.117785] ... generic registers:      6
[    0.118266] ... value mask:             0000ffffffffffff
[    0.118939] ... max period:             00007fffffffffff
[    0.119265] ... fixed-purpose events:   0
[    0.119773] ... event mask:             000000000000003f
[    0.120348] signal: max sigframe size: 3376
[    0.120894] rcu: Hierarchical SRCU implementation.
[    0.121266] rcu: Max phase no-delay instances is 400.
[    0.124126] smp: Bringing up secondary CPUs ...
[    0.124317] smpboot: x86: Booting SMP configuration:
[    0.124946] .... node  #0, CPUs:        #1  #2  #3  #4  #5  #6  #7  #8  #9 #10 #11 #12 #13 #14 #15 #16 #17 #18 #19 #20 #21 #22 #23 #24 #25 #26 #27 #28 #29 #30 #31
[    0.140439] smp: Brought up 1 node, 32 CPUs
[    0.141824] smpboot: Total of 32 processors activated (287459.58 BogoMIPS)
[    0.151330] devtmpfs: initialized
[    0.151736] x86/mm: Memory block size: 128MB
[    0.153002] clocksource: jiffies: mask: 0xffffffff max_cycles: 0xffffffff, max_idle_ns: 1911260446275000 ns
[    0.153268] futex hash table entries: 8192 (order: 7, 524288 bytes, linear)
[    0.154346] PM: RTC time: 12:06:54, date: 2024-06-13
[    0.155369] NET: Registered PF_NETLINK/PF_ROUTE protocol family
[    0.156295] thermal_sys: Registered thermal governor 'step_wise'
[    0.156296] thermal_sys: Registered thermal governor 'user_space'
[    0.157110] cpuidle: using governor menu
[    0.158501] PCI: Using configuration type 1 for base access
[    0.159268] PCI: Using configuration type 1 for extended access
[    0.160122] kprobes: kprobe jump-optimization is enabled. All kprobes are optimized if possible.
[    0.178526] HugeTLB: registered 1.00 GiB page size, pre-allocated 0 pages
[    0.179266] HugeTLB: 16380 KiB vmemmap can be freed for a 1.00 GiB page
[    0.180143] HugeTLB: registered 2.00 MiB page size, pre-allocated 0 pages
[    0.180266] HugeTLB: 28 KiB vmemmap can be freed for a 2.00 MiB page
[    0.182158] Demotion targets for Node 0: null
[    0.182309] ACPI: Added _OSI(Module Device)
[    0.182861] ACPI: Added _OSI(Processor Device)
[    0.183266] ACPI: Added _OSI(3.0 _SCP Extensions)
[    0.183883] ACPI: Added _OSI(Processor Aggregator Device)
[    0.184980] ACPI: 1 ACPI AML tables successfully acquired and loaded
[    0.185870] ACPI: _OSC evaluation for CPUs failed, trying _PDC
[    0.186403] ACPI: Interpreter enabled
[    0.186898] ACPI: PM: (supports S0 S3 S4 S5)
[    0.187266] ACPI: Using IOAPIC for interrupt routing
[    0.187936] PCI: Using host bridge windows from ACPI; if necessary, use "pci=nocrs" and report a bug
[    0.188266] PCI: Using E820 reservations for host bridge windows
[    0.189143] ACPI: Enabled 2 GPEs in block 00 to 0F
[    0.191893] ACPI: PCI Root Bridge [PCI0] (domain 0000 [bus 00-ff])
[    0.192268] acpi PNP0A03:00: _OSC: OS supports [ExtendedConfig ASPM ClockPM Segments MSI HPX-Type3]
[    0.193361] PCI host bridge to bus 0000:00
[    0.193910] pci_bus 0000:00: root bus resource [io  0x0000-0x0cf7 window]
[    0.194266] pci_bus 0000:00: root bus resource [io  0x0d00-0xffff window]
[    0.195168] pci_bus 0000:00: root bus resource [mem 0x000a0000-0x000bffff window]
[    0.195266] pci_bus 0000:00: root bus resource [mem 0x40000000-0xfebfffff window]
[    0.196266] pci_bus 0000:00: root bus resource [mem 0x100000000-0x17fffffff window]
[    0.197266] pci_bus 0000:00: root bus resource [bus 00-ff]
[    0.198094] pci 0000:00:00.0: [8086:1237] type 00 class 0x060000 conventional PCI endpoint
[    0.198529] pci 0000:00:01.0: [8086:7000] type 00 class 0x060100 conventional PCI endpoint
[    0.199602] pci 0000:00:01.1: [8086:7010] type 00 class 0x010180 conventional PCI endpoint
[    0.202765] pci 0000:00:01.1: BAR 4 [io  0xc0c0-0xc0cf]
[    0.204278] pci 0000:00:01.1: BAR 0 [io  0x01f0-0x01f7]: legacy IDE quirk
[    0.205203] pci 0000:00:01.1: BAR 1 [io  0x03f6]: legacy IDE quirk
[    0.205266] pci 0000:00:01.1: BAR 2 [io  0x0170-0x0177]: legacy IDE quirk
[    0.206179] pci 0000:00:01.1: BAR 3 [io  0x0376]: legacy IDE quirk
[    0.206362] pci 0000:00:01.3: [8086:7113] type 00 class 0x068000 conventional PCI endpoint
[    0.207520] pci 0000:00:01.3: quirk: [io  0x0600-0x063f] claimed by PIIX4 ACPI
[    0.208271] pci 0000:00:01.3: quirk: [io  0x0700-0x070f] claimed by PIIX4 SMB
[    0.209410] pci 0000:00:02.0: [1af4:1009] type 00 class 0x000200 conventional PCI endpoint
[    0.211266] pci 0000:00:02.0: BAR 0 [io  0xc000-0xc03f]
[    0.213016] pci 0000:00:02.0: BAR 1 [mem 0xfebfc000-0xfebfcfff]
[    0.217266] pci 0000:00:02.0: BAR 4 [mem 0xfebf0000-0xfebf3fff 64bit pref]
[    0.219674] pci 0000:00:03.0: [1af4:1009] type 00 class 0x000200 conventional PCI endpoint
[    0.221266] pci 0000:00:03.0: BAR 0 [io  0xc040-0xc07f]
[    0.222965] pci 0000:00:03.0: BAR 1 [mem 0xfebfd000-0xfebfdfff]
[    0.226981] pci 0000:00:03.0: BAR 4 [mem 0xfebf4000-0xfebf7fff 64bit pref]
[    0.228826] pci 0000:00:04.0: [8086:25ab] type 00 class 0x088000 conventional PCI endpoint
[    0.229818] pci 0000:00:04.0: BAR 0 [mem 0xfebfe000-0xfebfe00f]
[    0.233681] pci 0000:00:05.0: [1af4:1003] type 00 class 0x078000 conventional PCI endpoint
[    0.235266] pci 0000:00:05.0: BAR 0 [io  0xc080-0xc0bf]
[    0.236953] pci 0000:00:05.0: BAR 1 [mem 0xfebff000-0xfebfffff]
[    0.240839] pci 0000:00:05.0: BAR 4 [mem 0xfebf8000-0xfebfbfff 64bit pref]
[    0.243039] ACPI: PCI: Interrupt link LNKA configured for IRQ 10
[    0.243378] ACPI: PCI: Interrupt link LNKB configured for IRQ 10
[    0.244286] ACPI: PCI: Interrupt link LNKC configured for IRQ 11
[    0.245181] ACPI: PCI: Interrupt link LNKD configured for IRQ 11
[    0.245340] ACPI: PCI: Interrupt link LNKS configured for IRQ 9
[    0.247050] iommu: Default domain type: Translated
[    0.247266] iommu: DMA domain TLB invalidation policy: lazy mode
[    0.248322] SCSI subsystem initialized
[    0.248861] pps_core: LinuxPPS API ver. 1 registered
[    0.249266] pps_core: Software ver. 5.3.6 - Copyright 2005-2007 Rodolfo Giometti <giometti@linux.it>
[    0.250267] PTP clock support registered
[    0.250819] Advanced Linux Sound Architecture Driver Initialized.
[    0.251666] NET: Registered PF_ATMPVC protocol family
[    0.252266] NET: Registered PF_ATMSVC protocol family
[    0.252968] PCI: Using ACPI for IRQ routing
[    0.253357] vgaarb: loaded
[    0.253658] hpet0: at MMIO 0xfed00000, IRQs 2, 8, 0
[    0.254266] hpet0: 3 comparators, 64-bit 100.000000 MHz counter
[    0.258837] clocksource: Switched to clocksource kvm-clock
[    0.259689] VFS: Disk quotas dquot_6.6.0
[    0.259834] VFS: Dquot-cache hash table entries: 512 (order 0, 4096 bytes)
[    0.261239] pnp: PnP ACPI init
[    0.261854] pnp: PnP ACPI: found 5 devices
[    0.270005] clocksource: acpi_pm: mask: 0xffffff max_cycles: 0xffffff, max_idle_ns: 2085701024 ns
[    0.271229] NET: Registered PF_INET protocol family
[    0.271910] IP idents hash table entries: 16384 (order: 5, 131072 bytes, linear)
[    0.273079] tcp_listen_portaddr_hash hash table entries: 512 (order: 1, 8192 bytes, linear)
[    0.274211] Table-perturb hash table entries: 65536 (order: 6, 262144 bytes, linear)
[    0.275260] TCP established hash table entries: 8192 (order: 4, 65536 bytes, linear)
[    0.276304] TCP bind hash table entries: 8192 (order: 6, 262144 bytes, linear)
[    0.277276] TCP: Hash tables configured (established 8192 bind 8192)
[    0.278265] UDP hash table entries: 512 (order: 2, 16384 bytes, linear)
[    0.279138] UDP-Lite hash table entries: 512 (order: 2, 16384 bytes, linear)
[    0.280093] NET: Registered PF_UNIX/PF_LOCAL protocol family
[    0.280845] pci_bus 0000:00: resource 4 [io  0x0000-0x0cf7 window]
[    0.281662] pci_bus 0000:00: resource 5 [io  0x0d00-0xffff window]
[    0.282475] pci_bus 0000:00: resource 6 [mem 0x000a0000-0x000bffff window]
[    0.283382] pci_bus 0000:00: resource 7 [mem 0x40000000-0xfebfffff window]
[    0.284286] pci_bus 0000:00: resource 8 [mem 0x100000000-0x17fffffff window]
[    0.285234] pci 0000:00:01.0: PIIX3: Enabling Passive Release
[    0.285988] pci 0000:00:00.0: Limiting direct PCI/PCI transfers
[    0.286804] PCI: CLS 0 bytes, default 64
[    0.287368] kvm_intel: VMX not supported by CPU 18
[    0.288004] kvm_amd: TSC scaling supported
[    0.288550] kvm_amd: Nested Virtualization enabled
[    0.289174] kvm_amd: Nested Paging enabled
[    0.289714] kvm_amd: LBR virtualization supported
[    0.290339] kvm_amd: Virtual VMLOAD VMSAVE supported
[    0.290990] kvm_amd: Virtual GIF supported
[    0.291528] kvm_amd: Virtual NMI enabled
[    0.379766] Initialise system trusted keyrings
[    0.380450] workingset: timestamp_bits=56 max_order=18 bucket_order=0
[    0.381346] squashfs: version 4.0 (2009/01/31) Phillip Lougher
[    0.382126] fuse: init (API version 7.40)
[    0.382715] 9p: Installing v9fs 9p2000 file system support
[    0.390291] Key type asymmetric registered
[    0.390843] Asymmetric key parser 'x509' registered
[    0.391506] Block layer SCSI generic (bsg) driver version 0.4 loaded (major 249)
[    0.392499] io scheduler mq-deadline registered
[    0.393108] io scheduler kyber registered
[    0.394599] input: Power Button as /devices/LNXSYSTM:00/LNXPWRBN:00/input/input0
[    0.395676] ACPI: button: Power Button [PWRF]
[    0.396291] Warning: Processor Platform Limit event detected, but not handled.
[    0.397254] Consider compiling CPUfreq support into your kernel.
[    0.415351] ACPI: \_SB_.LNKB: Enabled at IRQ 10
[    0.433274] ACPI: \_SB_.LNKC: Enabled at IRQ 11
[    0.450620] ACPI: \_SB_.LNKA: Enabled at IRQ 10
[    0.451935] Serial: 8250/16550 driver, 4 ports, IRQ sharing enabled
[    0.452887] 00:03: ttyS0 at I/O 0x3f8 (irq = 4, base_baud = 115200) is a 16550A
[    0.481344] Non-volatile memory driver v1.3
[    0.481921] Linux agpgart interface v0.103
[    0.482489] printk: legacy console [hvc0] enabled
[    0.482513] ACPI: bus type drm_connector registered
[    0.483323] printk: legacy bootconsole [earlyser0] disabled
          _      _                                    
   __   _(_)_ __| |_ _ __ ___   ___       _ __   __ _ 
   \ \ / / |  __| __|  _   _ \ / _ \_____|  _ \ / _  |
    \ V /| | |  | |_| | | | | |  __/_____| | | | (_| |
     \_/ |_|_|   \__|_| |_| |_|\___|     |_| |_|\__  |
                                                |___/ 
   kernel version: 6.10.0-rc2-virtme x86_64
   (CTRL+d to exit)

virtme-ng:/nipa-data/kernel# PS1='xx__-> '
xx__-> env
PWD=/nipa-data/kernel
nr_open=1048576
HOME=/root
TERM=xterm
SHLVL=2
XDG_RUNTIME_DIR=/run/user/0
PATH=/bin:/sbin:/usr/bin:/usr/sbin:/usr/local/bin
OLDPWD=/
_=/usr/bin/env
xx__-> 