No EFI environment detected.
early console in extract_kernel
input_data: 0x0000000004ab42c4
input_len: 0x000000000191b62e
output: 0x0000000001000000
output_len: 0x000000000535b8c4
kernel_total_size: 0x0000000005030000
needed_size: 0x0000000005400000
trampoline_32bit: 0x0000000000000000
Physical KASLR using RDRAND RDTSC...
Virtual KASLR using RDRAND RDTSC...

Decompressing Linux... Parsing ELF... Performing relocations... done.
Booting the kernel (entry_offset: 0x0000000002b3a780).
[    0.000000] Linux version 6.14.0-rc2-virtme (root@5744b24fde84) (gcc (Ubuntu 13.3.0-6ubuntu2~24.04) 13.3.0, GNU ld (GNU Binutils for Ubuntu) 2.42) #1 SMP PREEMPT_DYNAMIC Mon Feb 17 15:26:43 UTC 2025
[    0.000000] Command line: virtme_hostname=virtme-ng nr_open=1048576 virtme_link_mods=/nipa-data/kernel/.virtme_mods/lib/modules/0.0.0 virtme_initmount0=nipa-data/kernel virtme_rw_overlay0=/etc virtme_rw_overlay1=/lib virtme_rw_overlay2=/home virtme_rw_overlay3=/opt virtme_rw_overlay4=/srv virtme_rw_overlay5=/usr virtme_rw_overlay6=/var console=hvc0 earlyprintk=serial,ttyS0,115200 virtme_console=ttyS0 psmouse.proto=exps TERM=xterm virtme_chdir=nipa-data/kernel virtme_root_user=1 rootfstype=9p rootflags=version=9p2000.L,trans=virtio,access=any raid=noautodetect ro init=/usr/lib/python3/dist-packages/virtme/guest/virtme-init
[    0.000000] BIOS-provided physical RAM map:
[    0.000000] BIOS-e820: [mem 0x0000000000000000-0x000000000009fbff] usable
[    0.000000] BIOS-e820: [mem 0x000000000009fc00-0x000000000009ffff] reserved
[    0.000000] BIOS-e820: [mem 0x00000000000f0000-0x00000000000fffff] reserved
[    0.000000] BIOS-e820: [mem 0x0000000000100000-0x000000003ffdffff] usable
[    0.000000] BIOS-e820: [mem 0x000000003ffe0000-0x000000003fffffff] reserved
[    0.000000] BIOS-e820: [mem 0x00000000feffc000-0x00000000feffffff] reserved
[    0.000000] BIOS-e820: [mem 0x00000000fffc0000-0x00000000ffffffff] reserved
[    0.000000] BIOS-e820: [mem 0x000000fd00000000-0x000000ffffffffff] reserved
[    0.000000] printk: legacy bootconsole [earlyser0] enabled
[    0.000000] NX (Execute Disable) protection: active
[    0.000000] APIC: Static calls initialized
[    0.000000] SMBIOS 3.0.0 present.
[    0.000000] DMI: QEMU Ubuntu 24.04 PC (i440FX + PIIX, 1996), BIOS 1.16.3-debian-1.16.3-2 04/01/2014
[    0.000000] DMI: Memory slots populated: 1/1
[    0.000000] Hypervisor detected: KVM
[    0.000000] kvm-clock: Using msrs 4b564d01 and 4b564d00
[    0.000000] kvm-clock: using sched offset of 331660259 cycles
[    0.000371] clocksource: kvm-clock: mask: 0xffffffffffffffff max_cycles: 0x1cd42e4dffb, max_idle_ns: 881590591483 ns
[    0.001523] tsc: Detected 4491.560 MHz processor
[    0.002194] last_pfn = 0x3ffe0 max_arch_pfn = 0x400000000
[    0.002601] MTRR map: 4 entries (3 fixed + 1 variable; max 19), built from 8 variable MTRRs
[    0.003193] x86/PAT: Configuration [0-7]: WB  WC  UC- UC  WB  WP  UC- WT  
[    0.005140] found SMP MP-table at [mem 0x000f5470-0x000f547f]
[    0.005553] Using GB pages for direct mapping
[    0.006059] ACPI: Early table checksum verification disabled
[    0.006461] ACPI: RSDP 0x00000000000F5290 000014 (v00 BOCHS )
[    0.006870] ACPI: RSDT 0x000000003FFE27BC 000034 (v01 BOCHS  BXPC     00000001 BXPC 00000001)
[    0.007478] ACPI: FACP 0x000000003FFE2578 000074 (v01 BOCHS  BXPC     00000001 BXPC 00000001)
[    0.008086] ACPI: DSDT 0x000000003FFE0040 002538 (v01 BOCHS  BXPC     00000001 BXPC 00000001)
[    0.008692] ACPI: FACS 0x000000003FFE0000 000040
[    0.009021] ACPI: APIC 0x000000003FFE25EC 000170 (v03 BOCHS  BXPC     00000001 BXPC 00000001)
[    0.009627] ACPI: HPET 0x000000003FFE275C 000038 (v01 BOCHS  BXPC     00000001 BXPC 00000001)
[    0.010238] ACPI: WAET 0x000000003FFE2794 000028 (v01 BOCHS  BXPC     00000001 BXPC 00000001)
[    0.010843] ACPI: Reserving FACP table memory at [mem 0x3ffe2578-0x3ffe25eb]
[    0.011343] ACPI: Reserving DSDT table memory at [mem 0x3ffe0040-0x3ffe2577]
[    0.011842] ACPI: Reserving FACS table memory at [mem 0x3ffe0000-0x3ffe003f]
[    0.012341] ACPI: Reserving APIC table memory at [mem 0x3ffe25ec-0x3ffe275b]
[    0.012840] ACPI: Reserving HPET table memory at [mem 0x3ffe275c-0x3ffe2793]
[    0.013340] ACPI: Reserving WAET table memory at [mem 0x3ffe2794-0x3ffe27bb]
[    0.014032] No NUMA configuration found
[    0.014304] Faking a node at [mem 0x0000000000000000-0x000000003ffdffff]
[    0.014782] NODE_DATA(0) allocated [mem 0x3ffdb780-0x3ffdffff]
[    0.015211] Zone ranges:
[    0.015390]   DMA      [mem 0x0000000000001000-0x0000000000ffffff]
[    0.015830]   DMA32    [mem 0x0000000001000000-0x000000003ffdffff]
[    0.016269]   Normal   empty
[    0.016475]   Device   empty
[    0.016679] Movable zone start for each node
[    0.016983] Early memory node ranges
[    0.017236]   node   0: [mem 0x0000000000001000-0x000000000009efff]
[    0.017680]   node   0: [mem 0x0000000000100000-0x000000003ffdffff]
[    0.018128] Initmem setup node 0 [mem 0x0000000000001000-0x000000003ffdffff]
[    0.018632] On node 0, zone DMA: 1 pages in unavailable ranges
[    0.019101] On node 0, zone DMA: 97 pages in unavailable ranges
[    0.023655] On node 0, zone DMA32: 32 pages in unavailable ranges
[    0.032837] kasan: KernelAddressSanitizer initialized
[    0.033423] ACPI: PM-Timer IO Port: 0x608
[    0.033720] ACPI: LAPIC_NMI (acpi_id[0xff] dfl dfl lint[0x1])
[    0.034156] IOAPIC[0]: apic_id 0, version 17, address 0xfec00000, GSI 0-23
[    0.034645] ACPI: INT_SRC_OVR (bus 0 bus_irq 0 global_irq 2 dfl dfl)
[    0.035096] ACPI: INT_SRC_OVR (bus 0 bus_irq 5 global_irq 5 high level)
[    0.035565] ACPI: INT_SRC_OVR (bus 0 bus_irq 9 global_irq 9 high level)
[    0.036034] ACPI: INT_SRC_OVR (bus 0 bus_irq 10 global_irq 10 high level)
[    0.036515] ACPI: INT_SRC_OVR (bus 0 bus_irq 11 global_irq 11 high level)
[    0.036997] ACPI: Using ACPI (MADT) for SMP configuration information
[    0.037453] ACPI: HPET id: 0x8086a201 base: 0xfed00000
[    0.037821] TSC deadline timer available
[    0.038101] CPU topo: Max. logical packages:   1
[    0.038428] CPU topo: Max. logical dies:       1
[    0.038755] CPU topo: Max. dies per package:   1
[    0.039084] CPU topo: Max. threads per core:   1
[    0.039412] CPU topo: Num. cores per package:    32
[    0.039757] CPU topo: Num. threads per package:  32
[    0.040103] CPU topo: Allowing 32 present CPUs plus 0 hotplug CPUs
[    0.040554] kvm-guest: APIC: eoi() replaced with kvm_guest_apic_eoi_write()
[    0.041060] kvm-guest: KVM setup pv remote TLB flush
[    0.041413] kvm-guest: setup PV sched yield
[    0.041715] PM: hibernation: Registered nosave memory: [mem 0x00000000-0x00000fff]
[    0.042255] PM: hibernation: Registered nosave memory: [mem 0x0009f000-0x0009ffff]
[    0.042790] PM: hibernation: Registered nosave memory: [mem 0x000a0000-0x000effff]
[    0.043326] PM: hibernation: Registered nosave memory: [mem 0x000f0000-0x000fffff]
[    0.043863] [mem 0x40000000-0xfeffbfff] available for PCI devices
[    0.044296] Booting paravirtualized kernel on KVM
[    0.044630] clocksource: refined-jiffies: mask: 0xffffffff max_cycles: 0xffffffff, max_idle_ns: 1910969940391419 ns
[    0.053280] setup_percpu: NR_CPUS:64 nr_cpumask_bits:32 nr_cpu_ids:32 nr_node_ids:1
[    0.055073] percpu: Embedded 70 pages/cpu s247896 r8192 d30632 u524288
[    0.055605] Kernel command line: virtme_hostname=virtme-ng nr_open=1048576 virtme_link_mods=/nipa-data/kernel/.virtme_mods/lib/modules/0.0.0 virtme_initmount0=nipa-data/kernel virtme_rw_overlay0=/etc virtme_rw_overlay1=/lib virtme_rw_overlay2=/home virtme_rw_overlay3=/opt virtme_rw_overlay4=/srv virtme_rw_overlay5=/usr virtme_rw_overlay6=/var console=hvc0 earlyprintk=serial,ttyS0,115200 virtme_console=ttyS0 psmouse.proto=exps TERM=xterm virtme_chdir=nipa-data/kernel virtme_root_user=1 rootfstype=9p rootflags=version=9p2000.L,trans=virtio,access=any raid=noautodetect ro init=/usr/lib/python3/dist-packages/virtme/guest/virtme-init
[    0.059790] Unknown kernel command line parameters "virtme_hostname=virtme-ng nr_open=1048576 virtme_link_mods=/nipa-data/kernel/.virtme_mods/lib/modules/0.0.0 virtme_initmount0=nipa-data/kernel virtme_rw_overlay0=/etc virtme_rw_overlay1=/lib virtme_rw_overlay2=/home virtme_rw_overlay3=/opt virtme_rw_overlay4=/srv virtme_rw_overlay5=/usr virtme_rw_overlay6=/var virtme_console=ttyS0 virtme_chdir=nipa-data/kernel virtme_root_user=1", will be passed to user space.
[    0.062957] random: crng init done
[    0.063205] printk: log buffer data + meta data: 262144 + 917504 = 1179648 bytes
[    0.063765] Dentry cache hash table entries: 131072 (order: 8, 1048576 bytes, linear)
[    0.064349] Inode-cache hash table entries: 65536 (order: 7, 524288 bytes, linear)
[    0.065306] Fallback order for Node 0: 0 
[    0.065310] Built 1 zonelists, mobility grouping on.  Total pages: 262014
[    0.066101] Policy zone: DMA32
[    0.066324] mem auto-init: stack:all(zero), heap alloc:off, heap free:off
[    0.066819] stackdepot: allocating hash table via alloc_large_system_hash
[    0.067314] stackdepot hash table entries: 1048576 (order: 12, 16777216 bytes, linear)
[    0.075400] SLUB: HWalign=64, Order=0-3, MinObjects=0, CPUs=32, Nodes=1
Poking KASLR using RDRAND RDTSC...
[    0.076193] ftrace: allocating 49076 entries in 192 pages
[    0.093825] ftrace: allocated 192 pages with 2 groups
[    0.095047] Dynamic Preempt: voluntary
[    0.095765] rcu: Preemptible hierarchical RCU implementation.
[    0.096184] rcu: RCU event tracing is enabled.
[    0.096514] rcu: RCU restricting CPUs from NR_CPUS=64 to nr_cpu_ids=32.
[    0.097001] Trampoline variant of Tasks RCU enabled.
[    0.097369] Rude variant of Tasks RCU enabled.
[    0.097703] Tracing variant of Tasks RCU enabled.
[    0.098056] rcu: RCU calculated value of scheduler-enlistment delay is 100 jiffies.
[    0.098618] rcu: Adjusting geometry for rcu_fanout_leaf=16, nr_cpu_ids=32
[    0.099176] RCU Tasks: Setting shift to 5 and lim to 1 rcu_task_cb_adjust=1 rcu_task_cpu_ids=32.
[    0.099816] RCU Tasks Rude: Setting shift to 5 and lim to 1 rcu_task_cb_adjust=1 rcu_task_cpu_ids=32.
[    0.100487] RCU Tasks Trace: Setting shift to 5 and lim to 1 rcu_task_cb_adjust=1 rcu_task_cpu_ids=32.
[    0.110034] NR_IRQS: 4352, nr_irqs: 680, preallocated irqs: 16
[    0.110710] rcu: srcu_init: Setting srcu_struct sizes based on contention.
[    0.111424] Console: colour *CGA 80x25
[    0.111730] ACPI: Core revision 20240827
[    0.112167] clocksource: hpet: mask: 0xffffffff max_cycles: 0xffffffff, max_idle_ns: 19112604467 ns
[    0.112896] APIC: Switch to symmetric I/O mode setup
[    0.113275] kvm-guest: APIC: send_IPI_mask() replaced with kvm_send_ipi_mask()
[    0.113803] kvm-guest: APIC: send_IPI_mask_allbutself() replaced with kvm_send_ipi_mask_allbutself()
[    0.114441] kvm-guest: setup PV IPIs
[    0.115549] ..TIMER: vector=0x30 apic1=0 pin1=2 apic2=-1 pin2=-1
[    0.116338] clocksource: tsc-early: mask: 0xffffffffffffffff max_cycles: 0x40be4320a4d, max_idle_ns: 440795288133 ns
[    0.117690] Calibrating delay loop (skipped) preset value.. 8983.12 BogoMIPS (lpj=4491560)
[    0.118755] x86/cpu: User Mode Instruction Prevention (UMIP) activated
[    0.119746] Last level iTLB entries: 4KB 512, 2MB 255, 4MB 127
[    0.120689] Last level dTLB entries: 4KB 512, 2MB 255, 4MB 127, 1GB 0
[    0.121693] Spectre V1 : Mitigation: usercopy/swapgs barriers and __user pointer sanitization
[    0.122693] Spectre V2 : Mitigation: Enhanced / Automatic IBRS
[    0.123689] Spectre V2 : Spectre v2 / SpectreRSB mitigation: Filling RSB on context switch
[    0.124690] Spectre V2 : mitigation: Enabling conditional Indirect Branch Prediction Barrier
[    0.125691] Speculative Store Bypass: Mitigation: Speculative Store Bypass disabled via prctl
[    0.126689] Speculative Return Stack Overflow: IBPB-extending microcode not applied!
[    0.127689] Speculative Return Stack Overflow: WARNING: See https://kernel.org/doc/html/latest/admin-guide/hw-vuln/srso.html for mitigation options.
[    0.127690] Speculative Return Stack Overflow: Vulnerable: Safe RET, no microcode
[    0.129704] x86/fpu: Supporting XSAVE feature 0x001: 'x87 floating point registers'
[    0.130689] x86/fpu: Supporting XSAVE feature 0x002: 'SSE registers'
[    0.131470] x86/fpu: Supporting XSAVE feature 0x004: 'AVX registers'
[    0.131689] x86/fpu: Supporting XSAVE feature 0x020: 'AVX-512 opmask'
[    0.132689] x86/fpu: Supporting XSAVE feature 0x040: 'AVX-512 Hi256'
[    0.133689] x86/fpu: Supporting XSAVE feature 0x080: 'AVX-512 ZMM_Hi256'
[    0.134689] x86/fpu: Supporting XSAVE feature 0x200: 'Protection Keys User registers'
[    0.135689] x86/fpu: xstate_offset[2]:  576, xstate_sizes[2]:  256
[    0.136448] x86/fpu: xstate_offset[5]:  832, xstate_sizes[5]:   64
[    0.136689] x86/fpu: xstate_offset[6]:  896, xstate_sizes[6]:  512
[    0.137689] x86/fpu: xstate_offset[7]: 1408, xstate_sizes[7]: 1024
[    0.138689] x86/fpu: xstate_offset[9]: 2432, xstate_sizes[9]:    8
[    0.139447] x86/fpu: Enabled xstate features 0x2e7, context size is 2440 bytes, using 'compacted' format.
[    0.160376] Freeing SMP alternatives memory: 40K
[    0.160691] pid_max: default: 32768 minimum: 301
[    0.161380] Mount-cache hash table entries: 2048 (order: 2, 16384 bytes, linear)
[    0.161690] Mountpoint-cache hash table entries: 2048 (order: 2, 16384 bytes, linear)
[    0.164187] smpboot: CPU0: AMD Ryzen 9 7950X 16-Core Processor (family: 0x19, model: 0x61, stepping: 0x2)
[    0.165152] Performance Events: Fam17h+ core perfctr, AMD PMU driver.
[    0.165693] ... version:                0
[    0.166187] ... bit width:              48
[    0.166690] ... generic registers:      6
[    0.167184] ... value mask:             0000ffffffffffff
[    0.167690] ... max period:             00007fffffffffff
[    0.168343] ... fixed-purpose events:   0
[    0.168690] ... event mask:             000000000000003f
[    0.169459] signal: max sigframe size: 3376
[    0.169735] rcu: Hierarchical SRCU implementation.
[    0.170326] rcu: Max phase no-delay instances is 400.
[    0.170771] Timer migration: 2 hierarchy levels; 8 children per group; 2 crossnode level
[    0.175382] smp: Bringing up secondary CPUs ...
[    0.175872] smpboot: x86: Booting SMP configuration:
[    0.176483] .... node  #0, CPUs:        #1  #2  #3  #4  #5  #6  #7  #8  #9 #10 #11 #12 #13 #14 #15 #16 #17 #18 #19 #20 #21 #22 #23 #24 #25 #26 #27 #28 #29 #30 #31
[    0.200791] smp: Brought up 1 node, 32 CPUs
[    0.202213] smpboot: Total of 32 processors activated (287459.84 BogoMIPS)
[    0.205818] Memory: 763168K/1048056K available (44267K kernel code, 11493K rwdata, 10152K rodata, 6120K init, 1524K bss, 268992K reserved, 0K cma-reserved)
[    0.207809] devtmpfs: initialized
[    0.208270] x86/mm: Memory block size: 128MB
[    0.214733] clocksource: jiffies: mask: 0xffffffff max_cycles: 0xffffffff, max_idle_ns: 1911260446275000 ns
[    0.215695] futex hash table entries: 8192 (order: 7, 524288 bytes, linear)
[    0.216931] PM: RTC time: 15:27:07, date: 2025-02-17
[    0.218277] NET: Registered PF_NETLINK/PF_ROUTE protocol family
[    0.219575] thermal_sys: Registered thermal governor 'step_wise'
[    0.219603] cpuidle: using governor menu
[    0.221313] PCI: Using configuration type 1 for base access
[    0.221691] PCI: Using configuration type 1 for extended access
[    0.222562] kprobes: kprobe jump-optimization is enabled. All kprobes are optimized if possible.
[    0.239780] HugeTLB: registered 1.00 GiB page size, pre-allocated 0 pages
[    0.240691] HugeTLB: 16380 KiB vmemmap can be freed for a 1.00 GiB page
[    0.241522] HugeTLB: registered 2.00 MiB page size, pre-allocated 0 pages
[    0.241690] HugeTLB: 28 KiB vmemmap can be freed for a 2.00 MiB page
[    0.243006] ACPI: Added _OSI(Module Device)
[    0.243692] ACPI: Added _OSI(Processor Device)
[    0.244253] ACPI: Added _OSI(3.0 _SCP Extensions)
[    0.244691] ACPI: Added _OSI(Processor Aggregator Device)
[    0.267729] ACPI: 1 ACPI AML tables successfully acquired and loaded
[    0.272280] ACPI: Interpreter enabled
[    0.272750] ACPI: PM: (supports S0 S3 S4 S5)
[    0.273282] ACPI: Using IOAPIC for interrupt routing
[    0.273737] PCI: Using host bridge windows from ACPI; if necessary, use "pci=nocrs" and report a bug
[    0.274690] PCI: Using E820 reservations for host bridge windows
[    0.276455] ACPI: Enabled 2 GPEs in block 00 to 0F
[    0.321509] ACPI: PCI Root Bridge [PCI0] (domain 0000 [bus 00-ff])
[    0.321704] acpi PNP0A03:00: _OSC: OS supports [ExtendedConfig ASPM ClockPM Segments MSI HPX-Type3]
[    0.323164] PCI host bridge to bus 0000:00
[    0.323737] pci_bus 0000:00: root bus resource [io  0x0000-0x0cf7 window]
[    0.324586] pci_bus 0000:00: root bus resource [io  0x0d00-0xffff window]
[    0.324693] pci_bus 0000:00: root bus resource [mem 0x000a0000-0x000bffff window]
[    0.325619] pci_bus 0000:00: root bus resource [mem 0x40000000-0xfebfffff window]
[    0.325693] pci_bus 0000:00: root bus resource [mem 0x100000000-0x17fffffff window]
[    0.326652] pci_bus 0000:00: root bus resource [bus 00-ff]
[    0.326786] pci 0000:00:00.0: [8086:1237] type 00 class 0x060000 conventional PCI endpoint
[    0.328541] pci 0000:00:01.0: [8086:7000] type 00 class 0x060100 conventional PCI endpoint
[    0.329523] pci 0000:00:01.1: [8086:7010] type 00 class 0x010180 conventional PCI endpoint
[    0.330094] pci 0000:00:01.1: BAR 4 [io  0xc0c0-0xc0cf]
[    0.330709] pci 0000:00:01.1: BAR 0 [io  0x01f0-0x01f7]: legacy IDE quirk
[    0.331558] pci 0000:00:01.1: BAR 1 [io  0x03f6]: legacy IDE quirk
[    0.331691] pci 0000:00:01.1: BAR 2 [io  0x0170-0x0177]: legacy IDE quirk
[    0.332534] pci 0000:00:01.1: BAR 3 [io  0x0376]: legacy IDE quirk
[    0.333351] pci 0000:00:01.3: [8086:7113] type 00 class 0x068000 conventional PCI endpoint
[    0.333909] pci 0000:00:01.3: quirk: [io  0x0600-0x063f] claimed by PIIX4 ACPI
[    0.334695] pci 0000:00:01.3: quirk: [io  0x0700-0x070f] claimed by PIIX4 SMB
[    0.336298] pci 0000:00:02.0: [1af4:1009] type 00 class 0x000200 conventional PCI endpoint
[    0.337456] pci 0000:00:02.0: BAR 0 [io  0xc000-0xc03f]
[    0.337695] pci 0000:00:02.0: BAR 1 [mem 0xfebfc000-0xfebfcfff]
[    0.338450] pci 0000:00:02.0: BAR 4 [mem 0xfebf0000-0xfebf3fff 64bit pref]
[    0.349621] pci 0000:00:03.0: [1af4:1009] type 00 class 0x000200 conventional PCI endpoint
[    0.350508] pci 0000:00:03.0: BAR 0 [io  0xc040-0xc07f]
[    0.350695] pci 0000:00:03.0: BAR 1 [mem 0xfebfd000-0xfebfdfff]
[    0.351447] pci 0000:00:03.0: BAR 4 [mem 0xfebf4000-0xfebf7fff 64bit pref]
[    0.362556] pci 0000:00:04.0: [8086:25ab] type 00 class 0x088000 conventional PCI endpoint
[    0.362977] pci 0000:00:04.0: BAR 0 [mem 0xfebfe000-0xfebfe00f]
[    0.374471] pci 0000:00:05.0: [1af4:1003] type 00 class 0x078000 conventional PCI endpoint
[    0.375215] pci 0000:00:05.0: BAR 0 [io  0xc080-0xc0bf]
[    0.375695] pci 0000:00:05.0: BAR 1 [mem 0xfebff000-0xfebfffff]
[    0.376445] pci 0000:00:05.0: BAR 4 [mem 0xfebf8000-0xfebfbfff 64bit pref]
[    0.389911] ACPI: PCI: Interrupt link LNKA configured for IRQ 10
[    0.391571] ACPI: PCI: Interrupt link LNKB configured for IRQ 10
[    0.392579] ACPI: PCI: Interrupt link LNKC configured for IRQ 11
[    0.393564] ACPI: PCI: Interrupt link LNKD configured for IRQ 11
[    0.394060] ACPI: PCI: Interrupt link LNKS configured for IRQ 9
[    0.412284] iommu: Default domain type: Translated
[    0.412691] iommu: DMA domain TLB invalidation policy: lazy mode
[    0.413875] SCSI subsystem initialized
[    0.414412] pps_core: LinuxPPS API ver. 1 registered
[    0.414691] pps_core: Software ver. 5.3.6 - Copyright 2005-2007 Rodolfo Giometti <giometti@linux.it>
[    0.415704] PTP clock support registered
[    0.416278] Advanced Linux Sound Architecture Driver Initialized.
[    0.417759] NET: Registered PF_ATMPVC protocol family
[    0.418396] NET: Registered PF_ATMSVC protocol family
[    0.418725] PCI: Using ACPI for IRQ routing
[    0.419379] vgaarb: loaded
[    0.419808] hpet0: at MMIO 0xfed00000, IRQs 2, 8, 0
[    0.420424] hpet0: 3 comparators, 64-bit 100.000000 MHz counter
[    0.423880] clocksource: Switched to clocksource kvm-clock
[    0.424969] VFS: Disk quotas dquot_6.6.0
[    0.425482] VFS: Dquot-cache hash table entries: 512 (order 0, 4096 bytes)
[    0.427030] pnp: PnP ACPI init
[    0.429692] pnp: PnP ACPI: found 5 devices
[    0.441569] clocksource: acpi_pm: mask: 0xffffff max_cycles: 0xffffff, max_idle_ns: 2085701024 ns
[    0.442734] NET: Registered PF_INET protocol family
[    0.443380] IP idents hash table entries: 16384 (order: 5, 131072 bytes, linear)
[    0.444677] tcp_listen_portaddr_hash hash table entries: 512 (order: 1, 8192 bytes, linear)
[    0.445726] Table-perturb hash table entries: 65536 (order: 6, 262144 bytes, linear)
[    0.446705] TCP established hash table entries: 8192 (order: 4, 65536 bytes, linear)
[    0.447677] TCP bind hash table entries: 8192 (order: 6, 262144 bytes, linear)
[    0.448613] TCP: Hash tables configured (established 8192 bind 8192)
[    0.449576] UDP hash table entries: 512 (order: 3, 32768 bytes, linear)
[    0.450431] UDP-Lite hash table entries: 512 (order: 3, 32768 bytes, linear)
[    0.451519] NET: Registered PF_UNIX/PF_LOCAL protocol family
[    0.452240] pci_bus 0000:00: resource 4 [io  0x0000-0x0cf7 window]
[    0.453010] pci_bus 0000:00: resource 5 [io  0x0d00-0xffff window]
[    0.453779] pci_bus 0000:00: resource 6 [mem 0x000a0000-0x000bffff window]
[    0.454681] pci_bus 0000:00: resource 7 [mem 0x40000000-0xfebfffff window]
[    0.455540] pci_bus 0000:00: resource 8 [mem 0x100000000-0x17fffffff window]
[    0.456616] pci 0000:00:01.0: PIIX3: Enabling Passive Release
[    0.457329] pci 0000:00:00.0: Limiting direct PCI/PCI transfers
[    0.458103] PCI: CLS 0 bytes, default 64
[    0.458668] kvm_intel: VMX not supported by CPU 0
[    0.459271] kvm_amd: TSC scaling supported
[    0.459793] kvm_amd: Nested Virtualization enabled
[    0.460386] kvm_amd: Nested Paging enabled
[    0.460900] kvm_amd: LBR virtualization supported
[    0.461498] kvm_amd: Virtual GIF supported
[    0.462003] kvm_amd: Virtual NMI enabled
[    0.503559] clocksource: tsc: mask: 0xffffffffffffffff max_cycles: 0x40be4320a4d, max_idle_ns: 440795288133 ns
[    0.522058] Initialise system trusted keyrings
[    0.522788] workingset: timestamp_bits=56 max_order=18 bucket_order=0
[    0.523718] squashfs: version 4.0 (2009/01/31) Phillip Lougher
[    0.524469] fuse: init (API version 7.42)
[    0.525103] 9p: Installing v9fs 9p2000 file system support
[    0.534912] Key type asymmetric registered
[    0.535430] Asymmetric key parser 'x509' registered
[    0.536104] Block layer SCSI generic (bsg) driver version 0.4 loaded (major 249)
[    0.537066] io scheduler mq-deadline registered
[    0.537639] io scheduler kyber registered
[    0.540239] input: Power Button as /devices/LNXSYSTM:00/LNXPWRBN:00/input/input0
[    0.541360] ACPI: button: Power Button [PWRF]
[    0.543234] Warning: Processor Platform Limit event detected, but not handled.
[    0.544152] Consider compiling CPUfreq support into your kernel.
[    1.332480] ACPI: \_SB_.LNKB: Enabled at IRQ 10
[    2.114761] ACPI: \_SB_.LNKC: Enabled at IRQ 11
[    2.896371] ACPI: \_SB_.LNKA: Enabled at IRQ 10
[    2.897720] Serial: 8250/16550 driver, 4 ports, IRQ sharing enabled
[    2.898821] 00:03: ttyS0 at I/O 0x3f8 (irq = 4, base_baud = 115200) is a 16550A
[    2.922591] Non-volatile memory driver v1.3
[    2.923106] Linux agpgart interface v0.103
[    2.923772] ACPI: bus type drm_connector registered
[    2.926101] printk: legacy console [hvc0] enabled
[    2.926679] printk: legacy bootconsole [earlyser0] disabled
          _      _                                    
   __   _(_)_ __| |_ _ __ ___   ___       _ __   __ _ 
   \ \ / / |  __| __|  _   _ \ / _ \_____|  _ \ / _  |
    \ V /| | |  | |_| | | | | |  __/_____| | | | (_| |
     \_/ |_|_|   \__|_| |_| |_|\___|     |_| |_|\__  |
                                                |___/ 
   kernel version: 6.14.0-rc2-virtme x86_64
   (CTRL+d to exit)

root@virtme-ng:/nipa-data/kernel# PS1='xx__-> '
xx__-> env
PWD=/nipa-data/kernel
nr_open=1048576
HOME=/
TERM=xterm
SHLVL=2
XDG_RUNTIME_DIR=/run/user/0
PATH=/bin:/sbin:/usr/bin:/usr/sbin:/usr/local/bin
OLDPWD=/
_=/bin/env
xx__-> 