No EFI environment detected.
early console in extract_kernel
input_data: 0x0000000004ab12c4
input_len: 0x000000000186aaa2
output: 0x0000000001000000
output_len: 0x00000000052a88a4
kernel_total_size: 0x0000000004e30000
needed_size: 0x0000000005400000
trampoline_32bit: 0x0000000000000000
Physical KASLR using RDRAND RDTSC...
Virtual KASLR using RDRAND RDTSC...

Decompressing Linux... Parsing ELF... Performing relocations... done.
Booting the kernel (entry_offset: 0x0000000000000000).
[    0.000000] Linux version 6.10.0-rc5-virtme (root@027eefb2305b) (gcc (Alpine 13.2.1_git20240309) 13.2.1 20240309, GNU ld (GNU Binutils) 2.42) #1 SMP PREEMPT_DYNAMIC Sat Jun 29 06:26:58 UTC 2024
[    0.000000] Command line: virtme_hostname=virtme-ng nr_open=1048576 virtme_link_mods=/nipa-data/kernel/.virtme_mods/lib/modules/0.0.0 virtme_initmount0=nipa-data/kernel virtme_rw_overlay0=/etc virtme_rw_overlay1=/lib virtme_rw_overlay2=/home virtme_rw_overlay3=/opt virtme_rw_overlay4=/srv virtme_rw_overlay5=/usr virtme_rw_overlay6=/var console=hvc0 earlyprintk=serial,ttyS0,115200 virtme_console=ttyS0 psmouse.proto=exps TERM=xterm virtme_chdir=nipa-data/kernel virtme_root_user=1 rootfstype=9p rootflags=version=9p2000.L,trans=virtio,access=any raid=noautodetect ro init=/usr/lib/python3.12/site-packages/virtme/guest/virtme-init
[    0.000000] BIOS-provided physical RAM map:
[    0.000000] BIOS-e820: [mem 0x0000000000000000-0x000000000009fbff] usable
[    0.000000] BIOS-e820: [mem 0x000000000009fc00-0x000000000009ffff] reserved
[    0.000000] BIOS-e820: [mem 0x00000000000f0000-0x00000000000fffff] reserved
[    0.000000] BIOS-e820: [mem 0x0000000000100000-0x000000003ffdffff] usable
[    0.000000] BIOS-e820: [mem 0x000000003ffe0000-0x000000003fffffff] reserved
[    0.000000] BIOS-e820: [mem 0x00000000feffc000-0x00000000feffffff] reserved
[    0.000000] BIOS-e820: [mem 0x00000000fffc0000-0x00000000ffffffff] reserved
[    0.000000] BIOS-e820: [mem 0x000000fd00000000-0x000000ffffffffff] reserved
[    0.000000] printk: legacy bootconsole [earlyser0] enabled
[    0.000000] NX (Execute Disable) protection: active
[    0.000000] APIC: Static calls initialized
[    0.000000] SMBIOS 2.8 present.
[    0.000000] DMI: QEMU Standard PC (i440FX + PIIX, 1996), BIOS rel-1.16.3-0-ga6ed6b701f0a-prebuilt.qemu.org 04/01/2014
[    0.000000] DMI: Memory slots populated: 1/1
[    0.000000] Hypervisor detected: KVM
[    0.000000] kvm-clock: Using msrs 4b564d01 and 4b564d00
[    0.000000] kvm-clock: using sched offset of 349214679 cycles
[    0.000474] clocksource: kvm-clock: mask: 0xffffffffffffffff max_cycles: 0x1cd42e4dffb, max_idle_ns: 881590591483 ns
[    0.001943] tsc: Detected 4491.560 MHz processor
[    0.002839] last_pfn = 0x3ffe0 max_arch_pfn = 0x400000000
[    0.003358] MTRR map: 4 entries (3 fixed + 1 variable; max 19), built from 8 variable MTRRs
[    0.004113] x86/PAT: Configuration [0-7]: WB  WC  UC- UC  WB  WP  UC- WT  
[    0.006467] found SMP MP-table at [mem 0x000f5470-0x000f547f]
[    0.006996] Using GB pages for direct mapping
[    0.007585] ACPI: Early table checksum verification disabled
[    0.008100] ACPI: RSDP 0x00000000000F5290 000014 (v00 BOCHS )
[    0.008630] ACPI: RSDT 0x000000003FFE27BC 000034 (v01 BOCHS  BXPC     00000001 BXPC 00000001)
[    0.009413] ACPI: FACP 0x000000003FFE2578 000074 (v01 BOCHS  BXPC     00000001 BXPC 00000001)
[    0.010202] ACPI: DSDT 0x000000003FFE0040 002538 (v01 BOCHS  BXPC     00000001 BXPC 00000001)
[    0.010952] ACPI: FACS 0x000000003FFE0000 000040
[    0.011323] ACPI: APIC 0x000000003FFE25EC 000170 (v03 BOCHS  BXPC     00000001 BXPC 00000001)
[    0.011961] ACPI: HPET 0x000000003FFE275C 000038 (v01 BOCHS  BXPC     00000001 BXPC 00000001)
[    0.012643] ACPI: WAET 0x000000003FFE2794 000028 (v01 BOCHS  BXPC     00000001 BXPC 00000001)
[    0.013288] ACPI: Reserving FACP table memory at [mem 0x3ffe2578-0x3ffe25eb]
[    0.013817] ACPI: Reserving DSDT table memory at [mem 0x3ffe0040-0x3ffe2577]
[    0.014353] ACPI: Reserving FACS table memory at [mem 0x3ffe0000-0x3ffe003f]
[    0.014877] ACPI: Reserving APIC table memory at [mem 0x3ffe25ec-0x3ffe275b]
[    0.015423] ACPI: Reserving HPET table memory at [mem 0x3ffe275c-0x3ffe2793]
[    0.015948] ACPI: Reserving WAET table memory at [mem 0x3ffe2794-0x3ffe27bb]
[    0.016686] No NUMA configuration found
[    0.016971] Faking a node at [mem 0x0000000000000000-0x000000003ffdffff]
[    0.017480] NODE_DATA(0) allocated [mem 0x3ffdb000-0x3ffdffff]
[    0.017936] Zone ranges:
[    0.018133]   DMA      [mem 0x0000000000001000-0x0000000000ffffff]
[    0.018594]   DMA32    [mem 0x0000000001000000-0x000000003ffdffff]
[    0.019058]   Normal   empty
[    0.019277]   Device   empty
[    0.019491] Movable zone start for each node
[    0.019808] Early memory node ranges
[    0.020084]   node   0: [mem 0x0000000000001000-0x000000000009efff]
[    0.020563]   node   0: [mem 0x0000000000100000-0x000000003ffdffff]
[    0.021031] Initmem setup node 0 [mem 0x0000000000001000-0x000000003ffdffff]
[    0.021573] On node 0, zone DMA: 1 pages in unavailable ranges
[    0.022073] On node 0, zone DMA: 97 pages in unavailable ranges
[    0.027243] On node 0, zone DMA32: 32 pages in unavailable ranges
[    0.036691] kasan: KernelAddressSanitizer initialized
[    0.037321] ACPI: PM-Timer IO Port: 0x608
[    0.037635] ACPI: LAPIC_NMI (acpi_id[0xff] dfl dfl lint[0x1])
[    0.038088] IOAPIC[0]: apic_id 0, version 17, address 0xfec00000, GSI 0-23
[    0.038594] ACPI: INT_SRC_OVR (bus 0 bus_irq 0 global_irq 2 dfl dfl)
[    0.039069] ACPI: INT_SRC_OVR (bus 0 bus_irq 5 global_irq 5 high level)
[    0.039570] ACPI: INT_SRC_OVR (bus 0 bus_irq 9 global_irq 9 high level)
[    0.040062] ACPI: INT_SRC_OVR (bus 0 bus_irq 10 global_irq 10 high level)
[    0.040566] ACPI: INT_SRC_OVR (bus 0 bus_irq 11 global_irq 11 high level)
[    0.041075] ACPI: Using ACPI (MADT) for SMP configuration information
[    0.041557] ACPI: HPET id: 0x8086a201 base: 0xfed00000
[    0.041937] TSC deadline timer available
[    0.042237] CPU topo: Max. logical packages:   1
[    0.042576] CPU topo: Max. logical dies:       1
[    0.042915] CPU topo: Max. dies per package:   1
[    0.043265] CPU topo: Max. threads per core:   1
[    0.043605] CPU topo: Num. cores per package:    32
[    0.043962] CPU topo: Num. threads per package:  32
[    0.044340] CPU topo: Allowing 32 present CPUs plus 0 hotplug CPUs
[    0.044813] kvm-guest: APIC: eoi() replaced with kvm_guest_apic_eoi_write()
[    0.045344] kvm-guest: KVM setup pv remote TLB flush
[    0.045713] kvm-guest: setup PV sched yield
[    0.046027] PM: hibernation: Registered nosave memory: [mem 0x00000000-0x00000fff]
[    0.046592] PM: hibernation: Registered nosave memory: [mem 0x0009f000-0x0009ffff]
[    0.047159] PM: hibernation: Registered nosave memory: [mem 0x000a0000-0x000effff]
[    0.047711] PM: hibernation: Registered nosave memory: [mem 0x000f0000-0x000fffff]
[    0.048274] [mem 0x40000000-0xfeffbfff] available for PCI devices
[    0.048718] Booting paravirtualized kernel on KVM
[    0.049069] clocksource: refined-jiffies: mask: 0xffffffff max_cycles: 0xffffffff, max_idle_ns: 1910969940391419 ns
[    0.057897] setup_percpu: NR_CPUS:64 nr_cpumask_bits:32 nr_cpu_ids:32 nr_node_ids:1
[    0.059720] percpu: Embedded 70 pages/cpu s248536 r8192 d29992 u524288
[    0.060277] Kernel command line: virtme_hostname=virtme-ng nr_open=1048576 virtme_link_mods=/nipa-data/kernel/.virtme_mods/lib/modules/0.0.0 virtme_initmount0=nipa-data/kernel virtme_rw_overlay0=/etc virtme_rw_overlay1=/lib virtme_rw_overlay2=/home virtme_rw_overlay3=/opt virtme_rw_overlay4=/srv virtme_rw_overlay5=/usr virtme_rw_overlay6=/var console=hvc0 earlyprintk=serial,ttyS0,115200 virtme_console=ttyS0 psmouse.proto=exps TERM=xterm virtme_chdir=nipa-data/kernel virtme_root_user=1 rootfstype=9p rootflags=version=9p2000.L,trans=virtio,access=any raid=noautodetect ro init=/usr/lib/python3.12/site-packages/virtme/guest/virtme-init
[    0.064704] Unknown kernel command line parameters "virtme_hostname=virtme-ng nr_open=1048576 virtme_link_mods=/nipa-data/kernel/.virtme_mods/lib/modules/0.0.0 virtme_initmount0=nipa-data/kernel virtme_rw_overlay0=/etc virtme_rw_overlay1=/lib virtme_rw_overlay2=/home virtme_rw_overlay3=/opt virtme_rw_overlay4=/srv virtme_rw_overlay5=/usr virtme_rw_overlay6=/var virtme_console=ttyS0 virtme_chdir=nipa-data/kernel virtme_root_user=1", will be passed to user space.
[    0.068110] random: crng init done
[    0.068406] Dentry cache hash table entries: 131072 (order: 8, 1048576 bytes, linear)
[    0.069025] Inode-cache hash table entries: 65536 (order: 7, 524288 bytes, linear)
[    0.070089] Fallback order for Node 0: 0 
[    0.070095] Built 1 zonelists, mobility grouping on.  Total pages: 262014
[    0.070914] Policy zone: DMA32
[    0.071177] mem auto-init: stack:all(zero), heap alloc:off, heap free:off
[    0.071798] stackdepot: allocating hash table via alloc_large_system_hash
[    0.072423] stackdepot hash table entries: 1048576 (order: 12, 16777216 bytes, linear)
[    0.081380] Memory: 781044K/1048056K available (43008K kernel code, 11217K rwdata, 9848K rodata, 5920K init, 2164K bss, 266756K reserved, 0K cma-reserved)
[    0.082915] SLUB: HWalign=64, Order=0-3, MinObjects=0, CPUs=32, Nodes=1
Poking KASLR using RDRAND RDTSC...
[    0.083776] ftrace: allocating 48021 entries in 188 pages
[    0.092690] ftrace: allocated 188 pages with 5 groups
[    0.094004] Dynamic Preempt: voluntary
[    0.094957] rcu: Preemptible hierarchical RCU implementation.
[    0.095504] rcu: RCU event tracing is enabled.
[    0.095935] rcu: RCU restricting CPUs from NR_CPUS=64 to nr_cpu_ids=32.
[    0.096575] Trampoline variant of Tasks RCU enabled.
[    0.097048] Rude variant of Tasks RCU enabled.
[    0.097477] Tracing variant of Tasks RCU enabled.
[    0.097937] rcu: RCU calculated value of scheduler-enlistment delay is 100 jiffies.
[    0.098664] rcu: Adjusting geometry for rcu_fanout_leaf=16, nr_cpu_ids=32
[    0.099395] RCU Tasks: Setting shift to 5 and lim to 1 rcu_task_cb_adjust=1.
[    0.100066] RCU Tasks Rude: Setting shift to 5 and lim to 1 rcu_task_cb_adjust=1.
[    0.100778] RCU Tasks Trace: Setting shift to 5 and lim to 1 rcu_task_cb_adjust=1.
[    0.111963] NR_IRQS: 4352, nr_irqs: 680, preallocated irqs: 16
[    0.112826] rcu: srcu_init: Setting srcu_struct sizes based on contention.
[    0.113759] Console: colour *CGA 80x25
[    0.114185] ACPI: Core revision 20240322
[    0.114754] clocksource: hpet: mask: 0xffffffff max_cycles: 0xffffffff, max_idle_ns: 19112604467 ns
[    0.115706] APIC: Switch to symmetric I/O mode setup
[    0.116184] APIC: Switched APIC routing to: physical flat
[    0.116693] kvm-guest: APIC: send_IPI_mask() replaced with kvm_send_ipi_mask()
[    0.117379] kvm-guest: APIC: send_IPI_mask_allbutself() replaced with kvm_send_ipi_mask_allbutself()
[    0.118209] kvm-guest: setup PV IPIs
[    0.119412] ..TIMER: vector=0x30 apic1=0 pin1=2 apic2=-1 pin2=-1
[    0.120256] tsc: Marking TSC unstable due to TSCs unsynchronized
[    0.121086] Calibrating delay loop (skipped) preset value.. 8983.12 BogoMIPS (lpj=4491560)
[    0.122150] x86/cpu: User Mode Instruction Prevention (UMIP) activated
[    0.123146] Last level iTLB entries: 4KB 512, 2MB 255, 4MB 127
[    0.124084] Last level dTLB entries: 4KB 512, 2MB 255, 4MB 127, 1GB 0
[    0.125093] Spectre V1 : Mitigation: usercopy/swapgs barriers and __user pointer sanitization
[    0.126089] Spectre V2 : Mitigation: Enhanced / Automatic IBRS
[    0.127084] Spectre V2 : Spectre v2 / SpectreRSB mitigation: Filling RSB on context switch
[    0.128086] Spectre V2 : mitigation: Enabling conditional Indirect Branch Prediction Barrier
[    0.129086] Speculative Store Bypass: Mitigation: Speculative Store Bypass disabled via prctl
[    0.130085] Speculative Return Stack Overflow: IBPB-extending microcode not applied!
[    0.131084] Speculative Return Stack Overflow: WARNING: See https://kernel.org/doc/html/latest/admin-guide/hw-vuln/srso.html for mitigation options.
[    0.131085] Speculative Return Stack Overflow: Vulnerable: Safe RET, no microcode
[    0.133100] x86/fpu: Supporting XSAVE feature 0x001: 'x87 floating point registers'
[    0.134084] x86/fpu: Supporting XSAVE feature 0x002: 'SSE registers'
[    0.135084] x86/fpu: Supporting XSAVE feature 0x004: 'AVX registers'
[    0.136084] x86/fpu: Supporting XSAVE feature 0x020: 'AVX-512 opmask'
[    0.137084] x86/fpu: Supporting XSAVE feature 0x040: 'AVX-512 Hi256'
[    0.137890] x86/fpu: Supporting XSAVE feature 0x080: 'AVX-512 ZMM_Hi256'
[    0.138084] x86/fpu: Supporting XSAVE feature 0x200: 'Protection Keys User registers'
[    0.139084] x86/fpu: xstate_offset[2]:  576, xstate_sizes[2]:  256
[    0.140084] x86/fpu: xstate_offset[5]:  832, xstate_sizes[5]:   64
[    0.141084] x86/fpu: xstate_offset[6]:  896, xstate_sizes[6]:  512
[    0.142084] x86/fpu: xstate_offset[7]: 1408, xstate_sizes[7]: 1024
[    0.143084] x86/fpu: xstate_offset[9]: 2432, xstate_sizes[9]:    8
[    0.143867] x86/fpu: Enabled xstate features 0x2e7, context size is 2440 bytes, using 'compacted' format.
[    0.165822] Freeing SMP alternatives memory: 40K
[    0.166085] pid_max: default: 32768 minimum: 301
[    0.167194] Mount-cache hash table entries: 2048 (order: 2, 16384 bytes, linear)
[    0.168086] Mountpoint-cache hash table entries: 2048 (order: 2, 16384 bytes, linear)
[    0.170238] smpboot: CPU0: AMD Ryzen 9 7950X 16-Core Processor (family: 0x19, model: 0x61, stepping: 0x2)
[    0.171563] Performance Events: Fam17h+ core perfctr, AMD PMU driver.
[    0.172089] ... version:                0
[    0.172621] ... bit width:              48
[    0.173086] ... generic registers:      6
[    0.173607] ... value mask:             0000ffffffffffff
[    0.174086] ... max period:             00007fffffffffff
[    0.174757] ... fixed-purpose events:   0
[    0.175085] ... event mask:             000000000000003f
[    0.175898] signal: max sigframe size: 3376
[    0.176133] rcu: Hierarchical SRCU implementation.
[    0.176753] rcu: Max phase no-delay instances is 400.
[    0.181291] smp: Bringing up secondary CPUs ...
[    0.182155] smpboot: x86: Booting SMP configuration:
[    0.182791] .... node  #0, CPUs:        #1  #2  #3  #4  #5  #6  #7  #8  #9 #10 #11 #12 #13 #14 #15 #16 #17 #18 #19 #20 #21 #22 #23 #24 #25 #26 #27 #28 #29 #30 #31
[    0.206247] smp: Brought up 1 node, 32 CPUs
[    0.207657] smpboot: Total of 32 processors activated (287459.84 BogoMIPS)
[    0.215343] devtmpfs: initialized
[    0.216266] x86/mm: Memory block size: 128MB
[    0.223346] clocksource: jiffies: mask: 0xffffffff max_cycles: 0xffffffff, max_idle_ns: 1911260446275000 ns
[    0.224160] futex hash table entries: 8192 (order: 7, 524288 bytes, linear)
[    0.225421] PM: RTC time: 06:27:33, date: 2024-06-29
[    0.226836] NET: Registered PF_NETLINK/PF_ROUTE protocol family
[    0.228021] thermal_sys: Registered thermal governor 'step_wise'
[    0.228023] thermal_sys: Registered thermal governor 'user_space'
[    0.228115] cpuidle: using governor menu
[    0.230618] PCI: Using configuration type 1 for base access
[    0.231086] PCI: Using configuration type 1 for extended access
[    0.232037] kprobes: kprobe jump-optimization is enabled. All kprobes are optimized if possible.
[    0.248644] HugeTLB: registered 1.00 GiB page size, pre-allocated 0 pages
[    0.249087] HugeTLB: 16380 KiB vmemmap can be freed for a 1.00 GiB page
[    0.250087] HugeTLB: registered 2.00 MiB page size, pre-allocated 0 pages
[    0.251086] HugeTLB: 28 KiB vmemmap can be freed for a 2.00 MiB page
[    0.252243] Demotion targets for Node 0: null
[    0.253434] ACPI: Added _OSI(Module Device)
[    0.254016] ACPI: Added _OSI(Processor Device)
[    0.254086] ACPI: Added _OSI(3.0 _SCP Extensions)
[    0.254757] ACPI: Added _OSI(Processor Aggregator Device)
[    0.281410] ACPI: 1 ACPI AML tables successfully acquired and loaded
[    0.284281] ACPI: _OSC evaluation for CPUs failed, trying _PDC
[    0.287974] ACPI: Interpreter enabled
[    0.289151] ACPI: PM: (supports S0 S3 S4 S5)
[    0.289739] ACPI: Using IOAPIC for interrupt routing
[    0.290139] PCI: Using host bridge windows from ACPI; if necessary, use "pci=nocrs" and report a bug
[    0.291086] PCI: Using E820 reservations for host bridge windows
[    0.293045] ACPI: Enabled 2 GPEs in block 00 to 0F
[    0.345675] ACPI: PCI Root Bridge [PCI0] (domain 0000 [bus 00-ff])
[    0.346102] acpi PNP0A03:00: _OSC: OS supports [ExtendedConfig ASPM ClockPM Segments MSI HPX-Type3]
[    0.347644] PCI host bridge to bus 0000:00
[    0.349090] pci_bus 0000:00: root bus resource [io  0x0000-0x0cf7 window]
[    0.350004] pci_bus 0000:00: root bus resource [io  0x0d00-0xffff window]
[    0.350089] pci_bus 0000:00: root bus resource [mem 0x000a0000-0x000bffff window]
[    0.351088] pci_bus 0000:00: root bus resource [mem 0x40000000-0xfebfffff window]
[    0.352089] pci_bus 0000:00: root bus resource [mem 0x100000000-0x17fffffff window]
[    0.354091] pci_bus 0000:00: root bus resource [bus 00-ff]
[    0.355222] pci 0000:00:00.0: [8086:1237] type 00 class 0x060000 conventional PCI endpoint
[    0.357283] pci 0000:00:01.0: [8086:7000] type 00 class 0x060100 conventional PCI endpoint
[    0.360334] pci 0000:00:01.1: [8086:7010] type 00 class 0x010180 conventional PCI endpoint
[    0.365469] pci 0000:00:01.1: BAR 4 [io  0xc0c0-0xc0cf]
[    0.367474] pci 0000:00:01.1: BAR 0 [io  0x01f0-0x01f7]: legacy IDE quirk
[    0.369087] pci 0000:00:01.1: BAR 1 [io  0x03f6]: legacy IDE quirk
[    0.370086] pci 0000:00:01.1: BAR 2 [io  0x0170-0x0177]: legacy IDE quirk
[    0.371086] pci 0000:00:01.1: BAR 3 [io  0x0376]: legacy IDE quirk
[    0.373832] pci 0000:00:01.3: [8086:7113] type 00 class 0x068000 conventional PCI endpoint
[    0.375431] pci 0000:00:01.3: quirk: [io  0x0600-0x063f] claimed by PIIX4 ACPI
[    0.376092] pci 0000:00:01.3: quirk: [io  0x0700-0x070f] claimed by PIIX4 SMB
[    0.379114] pci 0000:00:02.0: [1af4:1009] type 00 class 0x000200 conventional PCI endpoint
[    0.382087] pci 0000:00:02.0: BAR 0 [io  0xc000-0xc03f]
[    0.385087] pci 0000:00:02.0: BAR 1 [mem 0xfebfc000-0xfebfcfff]
[    0.392087] pci 0000:00:02.0: BAR 4 [mem 0xfebf0000-0xfebf3fff 64bit pref]
[    0.408198] pci 0000:00:03.0: [1af4:1009] type 00 class 0x000200 conventional PCI endpoint
[    0.411087] pci 0000:00:03.0: BAR 0 [io  0xc040-0xc07f]
[    0.413804] pci 0000:00:03.0: BAR 1 [mem 0xfebfd000-0xfebfdfff]
[    0.419087] pci 0000:00:03.0: BAR 4 [mem 0xfebf4000-0xfebf7fff 64bit pref]
[    0.433103] pci 0000:00:04.0: [8086:25ab] type 00 class 0x088000 conventional PCI endpoint
[    0.434481] pci 0000:00:04.0: BAR 0 [mem 0xfebfe000-0xfebfe00f]
[    0.451311] pci 0000:00:05.0: [1af4:1003] type 00 class 0x078000 conventional PCI endpoint
[    0.454087] pci 0000:00:05.0: BAR 0 [io  0xc080-0xc0bf]
[    0.455788] pci 0000:00:05.0: BAR 1 [mem 0xfebff000-0xfebfffff]
[    0.461087] pci 0000:00:05.0: BAR 4 [mem 0xfebf8000-0xfebfbfff 64bit pref]
[    0.478650] ACPI: PCI: Interrupt link LNKA configured for IRQ 10
[    0.480095] ACPI: PCI: Interrupt link LNKB configured for IRQ 10
[    0.481920] ACPI: PCI: Interrupt link LNKC configured for IRQ 11
[    0.484074] ACPI: PCI: Interrupt link LNKD configured for IRQ 11
[    0.485494] ACPI: PCI: Interrupt link LNKS configured for IRQ 9
[    0.505770] iommu: Default domain type: Translated
[    0.506087] iommu: DMA domain TLB invalidation policy: lazy mode
[    0.507710] SCSI subsystem initialized
[    0.509401] pps_core: LinuxPPS API ver. 1 registered
[    0.510088] pps_core: Software ver. 5.3.6 - Copyright 2005-2007 Rodolfo Giometti <giometti@linux.it>
[    0.512110] PTP clock support registered
[    0.513265] Advanced Linux Sound Architecture Driver Initialized.
[    0.515663] NET: Registered PF_ATMPVC protocol family
[    0.516087] NET: Registered PF_ATMSVC protocol family
[    0.516785] PCI: Using ACPI for IRQ routing
[    0.518238] vgaarb: loaded
[    0.518480] hpet0: at MMIO 0xfed00000, IRQs 2, 8, 0
[    0.519086] hpet0: 3 comparators, 64-bit 100.000000 MHz counter
[    0.526014] clocksource: Switched to clocksource kvm-clock
[    0.526731] VFS: Disk quotas dquot_6.6.0
[    0.527511] VFS: Dquot-cache hash table entries: 512 (order 0, 4096 bytes)
[    0.529183] pnp: PnP ACPI init
[    0.535119] pnp: PnP ACPI: found 5 devices
[    0.547990] clocksource: acpi_pm: mask: 0xffffff max_cycles: 0xffffff, max_idle_ns: 2085701024 ns
[    0.549267] NET: Registered PF_INET protocol family
[    0.550094] IP idents hash table entries: 16384 (order: 5, 131072 bytes, linear)
[    0.551542] tcp_listen_portaddr_hash hash table entries: 512 (order: 1, 8192 bytes, linear)
[    0.552680] Table-perturb hash table entries: 65536 (order: 6, 262144 bytes, linear)
[    0.553769] TCP established hash table entries: 8192 (order: 4, 65536 bytes, linear)
[    0.554817] TCP bind hash table entries: 8192 (order: 6, 262144 bytes, linear)
[    0.555797] TCP: Hash tables configured (established 8192 bind 8192)
[    0.556832] UDP hash table entries: 512 (order: 2, 16384 bytes, linear)
[    0.557724] UDP-Lite hash table entries: 512 (order: 2, 16384 bytes, linear)
[    0.558915] NET: Registered PF_UNIX/PF_LOCAL protocol family
[    0.559692] pci_bus 0000:00: resource 4 [io  0x0000-0x0cf7 window]
[    0.560523] pci_bus 0000:00: resource 5 [io  0x0d00-0xffff window]
[    0.561520] pci_bus 0000:00: resource 6 [mem 0x000a0000-0x000bffff window]
[    0.562685] pci_bus 0000:00: resource 7 [mem 0x40000000-0xfebfffff window]
[    0.563843] pci_bus 0000:00: resource 8 [mem 0x100000000-0x17fffffff window]
[    0.565314] pci 0000:00:01.0: PIIX3: Enabling Passive Release
[    0.566296] pci 0000:00:00.0: Limiting direct PCI/PCI transfers
[    0.567359] PCI: CLS 0 bytes, default 64
[    0.568155] kvm_intel: VMX not supported by CPU 3
[    0.569008] kvm_amd: TSC scaling supported
[    0.569717] kvm_amd: Nested Virtualization enabled
[    0.570527] kvm_amd: Nested Paging enabled
[    0.571229] kvm_amd: LBR virtualization supported
[    0.572046] kvm_amd: Virtual VMLOAD VMSAVE supported
[    0.572895] kvm_amd: Virtual GIF supported
[    0.573590] kvm_amd: Virtual NMI enabled
[    0.680700] Initialise system trusted keyrings
[    0.681493] workingset: timestamp_bits=56 max_order=18 bucket_order=0
[    0.682512] squashfs: version 4.0 (2009/01/31) Phillip Lougher
[    0.683357] fuse: init (API version 7.40)
[    0.684066] 9p: Installing v9fs 9p2000 file system support
[    0.694660] Key type asymmetric registered
[    0.695213] Asymmetric key parser 'x509' registered
[    0.695928] Block layer SCSI generic (bsg) driver version 0.4 loaded (major 249)
[    0.696949] io scheduler mq-deadline registered
[    0.697557] io scheduler kyber registered
[    0.699627] input: Power Button as /devices/LNXSYSTM:00/LNXPWRBN:00/input/input0
[    0.700878] ACPI: button: Power Button [PWRF]
[    0.701607] Warning: Processor Platform Limit event detected, but not handled.
[    0.702590] Consider compiling CPUfreq support into your kernel.
[    1.586915] ACPI: \_SB_.LNKB: Enabled at IRQ 10
[    2.464135] ACPI: \_SB_.LNKC: Enabled at IRQ 11
[    3.339392] ACPI: \_SB_.LNKA: Enabled at IRQ 10
[    3.341007] Serial: 8250/16550 driver, 4 ports, IRQ sharing enabled
[    3.342224] 00:03: ttyS0 at I/O 0x3f8 (irq = 4, base_baud = 115200) is a 16550A
[    3.380766] Non-volatile memory driver v1.3
[    3.381338] Linux agpgart interface v0.103
[    3.382551] ACPI: bus type drm_connector registered
[    3.383231] printk: legacy console [hvc0] enabled
[    3.383863] printk: legacy bootconsole [earlyser0] disabled
          _      _                                    
   __   _(_)_ __| |_ _ __ ___   ___       _ __   __ _ 
   \ \ / / |  __| __|  _   _ \ / _ \_____|  _ \ / _  |
    \ V /| | |  | |_| | | | | |  __/_____| | | | (_| |
     \_/ |_|_|   \__|_| |_| |_|\___|     |_| |_|\__  |
                                                |___/ 
   kernel version: 6.10.0-rc5-virtme x86_64
   (CTRL+d to exit)

virtme-ng:/nipa-data/kernel# PS1='xx__-> '
xx__-> env
PWD=/nipa-data/kernel
nr_open=1048576
HOME=/root
TERM=xterm
SHLVL=2
XDG_RUNTIME_DIR=/run/user/0
PATH=/bin:/sbin:/usr/bin:/usr/sbin:/usr/local/bin
OLDPWD=/
_=/usr/bin/env
xx__-> 