No EFI environment detected.
early console in extract_kernel
input_data: 0x0000000004c872c4
input_len: 0x0000000001976567
output: 0x0000000001000000
output_len: 0x0000000005587730
kernel_total_size: 0x0000000005230000
needed_size: 0x0000000005600000
trampoline_32bit: 0x0000000000000000
Physical KASLR using RDRAND RDTSC...
Virtual KASLR using RDRAND RDTSC...

Decompressing Linux... Parsing ELF... Performing relocations... done.
Booting the kernel (entry_offset: 0x0000000002bc3f80).
[    0.000000] Linux version 6.15.0-rc3-virtme (root@470e6c6e11e7) (gcc (Ubuntu 13.3.0-6ubuntu2~24.04) 13.3.0, GNU ld (GNU Binutils for Ubuntu) 2.42) #1 SMP PREEMPT_DYNAMIC Tue Apr 29 09:27:08 UTC 2025
[    0.000000] Command line: virtme_hostname=virtme-ng nr_open=1048576 virtme_link_mods=/nipa-data/kernel/.virtme_mods/lib/modules/0.0.0 virtme_initmount0=nipa-data/kernel virtme_rw_overlay0=/etc virtme_rw_overlay1=/lib virtme_rw_overlay2=/home virtme_rw_overlay3=/opt virtme_rw_overlay4=/srv virtme_rw_overlay5=/usr virtme_rw_overlay6=/var console=hvc0 earlyprintk=serial,ttyS0,115200 virtme_console=ttyS0 psmouse.proto=exps TERM=xterm virtme_chdir=nipa-data/kernel virtme_root_user=1 rootfstype=9p rootflags=version=9p2000.L,trans=virtio,access=any raid=noautodetect ro init=/usr/lib/python3/dist-packages/virtme/guest/virtme-init
[    0.000000] BIOS-provided physical RAM map:
[    0.000000] BIOS-e820: [mem 0x0000000000000000-0x000000000009fbff] usable
[    0.000000] BIOS-e820: [mem 0x000000000009fc00-0x000000000009ffff] reserved
[    0.000000] BIOS-e820: [mem 0x00000000000f0000-0x00000000000fffff] reserved
[    0.000000] BIOS-e820: [mem 0x0000000000100000-0x000000003ffdffff] usable
[    0.000000] BIOS-e820: [mem 0x000000003ffe0000-0x000000003fffffff] reserved
[    0.000000] BIOS-e820: [mem 0x00000000feffc000-0x00000000feffffff] reserved
[    0.000000] BIOS-e820: [mem 0x00000000fffc0000-0x00000000ffffffff] reserved
[    0.000000] BIOS-e820: [mem 0x000000fd00000000-0x000000ffffffffff] reserved
[    0.000000] printk: legacy bootconsole [earlyser0] enabled
[    0.000000] NX (Execute Disable) protection: active
[    0.000000] APIC: Static calls initialized
[    0.000000] SMBIOS 3.0.0 present.
[    0.000000] DMI: QEMU Ubuntu 24.04 PC (i440FX + PIIX, 1996), BIOS 1.16.3-debian-1.16.3-2 04/01/2014
[    0.000000] DMI: Memory slots populated: 1/1
[    0.000000] Hypervisor detected: KVM
[    0.000000] kvm-clock: Using msrs 4b564d01 and 4b564d00
[    0.000000] kvm-clock: using sched offset of 298270961 cycles
[    0.000344] clocksource: kvm-clock: mask: 0xffffffffffffffff max_cycles: 0x1cd42e4dffb, max_idle_ns: 881590591483 ns
[    0.001410] tsc: Detected 4491.524 MHz processor
[    0.002050] last_pfn = 0x3ffe0 max_arch_pfn = 0x400000000
[    0.002428] MTRR map: 4 entries (3 fixed + 1 variable; max 19), built from 8 variable MTRRs
[    0.002977] x86/PAT: Configuration [0-7]: WB  WC  UC- UC  WB  WP  UC- WT  
[    0.004840] found SMP MP-table at [mem 0x000f5470-0x000f547f]
[    0.005227] Using GB pages for direct mapping
[    0.005657] ACPI: Early table checksum verification disabled
[    0.006031] ACPI: RSDP 0x00000000000F5290 000014 (v00 BOCHS )
[    0.006409] ACPI: RSDT 0x000000003FFE27BC 000034 (v01 BOCHS  BXPC     00000001 BXPC 00000001)
[    0.006969] ACPI: FACP 0x000000003FFE2578 000074 (v01 BOCHS  BXPC     00000001 BXPC 00000001)
[    0.007529] ACPI: DSDT 0x000000003FFE0040 002538 (v01 BOCHS  BXPC     00000001 BXPC 00000001)
[    0.008088] ACPI: FACS 0x000000003FFE0000 000040
[    0.008391] ACPI: APIC 0x000000003FFE25EC 000170 (v03 BOCHS  BXPC     00000001 BXPC 00000001)
[    0.008950] ACPI: HPET 0x000000003FFE275C 000038 (v01 BOCHS  BXPC     00000001 BXPC 00000001)
[    0.009508] ACPI: WAET 0x000000003FFE2794 000028 (v01 BOCHS  BXPC     00000001 BXPC 00000001)
[    0.010071] ACPI: Reserving FACP table memory at [mem 0x3ffe2578-0x3ffe25eb]
[    0.010532] ACPI: Reserving DSDT table memory at [mem 0x3ffe0040-0x3ffe2577]
[    0.010992] ACPI: Reserving FACS table memory at [mem 0x3ffe0000-0x3ffe003f]
[    0.011452] ACPI: Reserving APIC table memory at [mem 0x3ffe25ec-0x3ffe275b]
[    0.011911] ACPI: Reserving HPET table memory at [mem 0x3ffe275c-0x3ffe2793]
[    0.012371] ACPI: Reserving WAET table memory at [mem 0x3ffe2794-0x3ffe27bb]
[    0.013012] No NUMA configuration found
[    0.013264] Faking a node at [mem 0x0000000000000000-0x000000003ffdffff]
[    0.013703] NODE_DATA(0) allocated [mem 0x3ffdb600-0x3ffdffff]
[    0.014119] Zone ranges:
[    0.014285]   DMA      [mem 0x0000000000001000-0x0000000000ffffff]
[    0.014689]   DMA32    [mem 0x0000000001000000-0x000000003ffdffff]
[    0.015093]   Normal   empty
[    0.015281]   Device   empty
[    0.015470] Movable zone start for each node
[    0.015748] Early memory node ranges
[    0.015981]   node   0: [mem 0x0000000000001000-0x000000000009efff]
[    0.016390]   node   0: [mem 0x0000000000100000-0x000000003ffdffff]
[    0.016799] Initmem setup node 0 [mem 0x0000000000001000-0x000000003ffdffff]
[    0.017263] On node 0, zone DMA: 1 pages in unavailable ranges
[    0.017695] On node 0, zone DMA: 97 pages in unavailable ranges
[    0.021991] On node 0, zone DMA32: 32 pages in unavailable ranges
[    0.030895] kasan: KernelAddressSanitizer initialized
[    0.031434] ACPI: PM-Timer IO Port: 0x608
[    0.031709] ACPI: LAPIC_NMI (acpi_id[0xff] dfl dfl lint[0x1])
[    0.032105] IOAPIC[0]: apic_id 0, version 17, address 0xfec00000, GSI 0-23
[    0.032556] ACPI: INT_SRC_OVR (bus 0 bus_irq 0 global_irq 2 dfl dfl)
[    0.032971] ACPI: INT_SRC_OVR (bus 0 bus_irq 5 global_irq 5 high level)
[    0.033404] ACPI: INT_SRC_OVR (bus 0 bus_irq 9 global_irq 9 high level)
[    0.033835] ACPI: INT_SRC_OVR (bus 0 bus_irq 10 global_irq 10 high level)
[    0.034300] ACPI: INT_SRC_OVR (bus 0 bus_irq 11 global_irq 11 high level)
[    0.034744] ACPI: Using ACPI (MADT) for SMP configuration information
[    0.035164] ACPI: HPET id: 0x8086a201 base: 0xfed00000
[    0.035502] TSC deadline timer available
[    0.035760] CPU topo: Max. logical packages:   1
[    0.036061] CPU topo: Max. logical dies:       1
[    0.036362] CPU topo: Max. dies per package:   1
[    0.036665] CPU topo: Max. threads per core:   1
[    0.036966] CPU topo: Num. cores per package:    32
[    0.037284] CPU topo: Num. threads per package:  32
[    0.037602] CPU topo: Allowing 32 present CPUs plus 0 hotplug CPUs
[    0.038022] kvm-guest: APIC: eoi() replaced with kvm_guest_apic_eoi_write()
[    0.038487] kvm-guest: KVM setup pv remote TLB flush
[    0.038812] kvm-guest: setup PV sched yield
[    0.039091] PM: hibernation: Registered nosave memory: [mem 0x00000000-0x00000fff]
[    0.039585] PM: hibernation: Registered nosave memory: [mem 0x0009f000-0x000fffff]
[    0.040079] [mem 0x40000000-0xfeffbfff] available for PCI devices
[    0.040478] Booting paravirtualized kernel on KVM
[    0.040786] clocksource: refined-jiffies: mask: 0xffffffff max_cycles: 0xffffffff, max_idle_ns: 1910969940391419 ns
[    0.049271] setup_percpu: NR_CPUS:64 nr_cpumask_bits:32 nr_cpu_ids:32 nr_node_ids:1
[    0.050988] percpu: Embedded 65 pages/cpu s228056 r8192 d29992 u524288
[    0.051487] Kernel command line: virtme_hostname=virtme-ng nr_open=1048576 virtme_link_mods=/nipa-data/kernel/.virtme_mods/lib/modules/0.0.0 virtme_initmount0=nipa-data/kernel virtme_rw_overlay0=/etc virtme_rw_overlay1=/lib virtme_rw_overlay2=/home virtme_rw_overlay3=/opt virtme_rw_overlay4=/srv virtme_rw_overlay5=/usr virtme_rw_overlay6=/var console=hvc0 earlyprintk=serial,ttyS0,115200 virtme_console=ttyS0 psmouse.proto=exps TERM=xterm virtme_chdir=nipa-data/kernel virtme_root_user=1 rootfstype=9p rootflags=version=9p2000.L,trans=virtio,access=any raid=noautodetect ro init=/usr/lib/python3/dist-packages/virtme/guest/virtme-init
[    0.055348] Unknown kernel command line parameters "virtme_hostname=virtme-ng nr_open=1048576 virtme_link_mods=/nipa-data/kernel/.virtme_mods/lib/modules/0.0.0 virtme_initmount0=nipa-data/kernel virtme_rw_overlay0=/etc virtme_rw_overlay1=/lib virtme_rw_overlay2=/home virtme_rw_overlay3=/opt virtme_rw_overlay4=/srv virtme_rw_overlay5=/usr virtme_rw_overlay6=/var virtme_console=ttyS0 virtme_chdir=nipa-data/kernel virtme_root_user=1", will be passed to user space.
[    0.058286] random: crng init done
[    0.058514] printk: log buffer data + meta data: 262144 + 917504 = 1179648 bytes
[    0.059028] Dentry cache hash table entries: 131072 (order: 8, 1048576 bytes, linear)
[    0.059565] Inode-cache hash table entries: 65536 (order: 7, 524288 bytes, linear)
[    0.060464] Fallback order for Node 0: 0 
[    0.060469] Built 1 zonelists, mobility grouping on.  Total pages: 262014
[    0.061195] Policy zone: DMA32
[    0.061405] mem auto-init: stack:all(zero), heap alloc:off, heap free:off
[    0.061863] stackdepot: allocating hash table via alloc_large_system_hash
[    0.062330] stackdepot hash table entries: 1048576 (order: 12, 16777216 bytes, linear)
[    0.070215] SLUB: HWalign=64, Order=0-3, MinObjects=0, CPUs=32, Nodes=1
Poking KASLR using RDRAND RDTSC...
[    0.079246] ftrace: allocating 48935 entries in 192 pages
[    0.079607] ftrace: allocated 192 pages with 2 groups
[    0.080788] Dynamic Preempt: voluntary
[    0.081492] rcu: Preemptible hierarchical RCU implementation.
[    0.081874] rcu: RCU event tracing is enabled.
[    0.082177] rcu: RCU restricting CPUs from NR_CPUS=64 to nr_cpu_ids=32.
[    0.082628] Trampoline variant of Tasks RCU enabled.
[    0.082965] Rude variant of Tasks RCU enabled.
[    0.083266] Tracing variant of Tasks RCU enabled.
[    0.083586] rcu: RCU calculated value of scheduler-enlistment delay is 100 jiffies.
[    0.084096] rcu: Adjusting geometry for rcu_fanout_leaf=16, nr_cpu_ids=32
[    0.084616] RCU Tasks: Setting shift to 5 and lim to 1 rcu_task_cb_adjust=1 rcu_task_cpu_ids=32.
[    0.085204] RCU Tasks Rude: Setting shift to 5 and lim to 1 rcu_task_cb_adjust=1 rcu_task_cpu_ids=32.
[    0.085820] RCU Tasks Trace: Setting shift to 5 and lim to 1 rcu_task_cb_adjust=1 rcu_task_cpu_ids=32.
[    0.095627] NR_IRQS: 4352, nr_irqs: 680, preallocated irqs: 16
[    0.096264] rcu: srcu_init: Setting srcu_struct sizes based on contention.
[    0.097107] Console: colour *CGA 80x25
[    0.097393] ACPI: Core revision 20240827
[    0.097802] clocksource: hpet: mask: 0xffffffff max_cycles: 0xffffffff, max_idle_ns: 19112604467 ns
[    0.098482] APIC: Switch to symmetric I/O mode setup
[    0.098952] x2apic enabled
[    0.099308] APIC: Switched APIC routing to: physical x2apic
[    0.099688] kvm-guest: APIC: send_IPI_mask() replaced with kvm_send_ipi_mask()
[    0.100174] kvm-guest: APIC: send_IPI_mask_allbutself() replaced with kvm_send_ipi_mask_allbutself()
[    0.100782] kvm-guest: setup PV IPIs
[    0.101801] ..TIMER: vector=0x30 apic1=0 pin1=2 apic2=-1 pin2=-1
[    0.102597] clocksource: tsc-early: mask: 0xffffffffffffffff max_cycles: 0x40be215b5d9, max_idle_ns: 440795359804 ns
[    0.103860] Calibrating delay loop (skipped) preset value.. 8983.04 BogoMIPS (lpj=4491524)
[    0.104924] x86/cpu: User Mode Instruction Prevention (UMIP) activated
[    0.105916] Last level iTLB entries: 4KB 512, 2MB 255, 4MB 127
[    0.106600] Last level dTLB entries: 4KB 512, 2MB 255, 4MB 127, 1GB 0
[    0.106863] Spectre V1 : Mitigation: usercopy/swapgs barriers and __user pointer sanitization
[    0.107862] Spectre V2 : Mitigation: Enhanced / Automatic IBRS
[    0.108861] Spectre V2 : mitigation: Enabling conditional Indirect Branch Prediction Barrier
[    0.109861] Speculative Store Bypass: Mitigation: Speculative Store Bypass disabled via prctl
[    0.110859] Speculative Return Stack Overflow: IBPB-extending microcode not applied!
[    0.111858] Speculative Return Stack Overflow: WARNING: See https://kernel.org/doc/html/latest/admin-guide/hw-vuln/srso.html for mitigation options.
[    0.111861] Speculative Return Stack Overflow: Vulnerable: Safe RET, no microcode
[    0.113873] x86/fpu: Supporting XSAVE feature 0x001: 'x87 floating point registers'
[    0.114858] x86/fpu: Supporting XSAVE feature 0x002: 'SSE registers'
[    0.115858] x86/fpu: Supporting XSAVE feature 0x004: 'AVX registers'
[    0.116858] x86/fpu: Supporting XSAVE feature 0x020: 'AVX-512 opmask'
[    0.117597] x86/fpu: Supporting XSAVE feature 0x040: 'AVX-512 Hi256'
[    0.117858] x86/fpu: Supporting XSAVE feature 0x080: 'AVX-512 ZMM_Hi256'
[    0.118858] x86/fpu: Supporting XSAVE feature 0x200: 'Protection Keys User registers'
[    0.119859] x86/fpu: xstate_offset[2]:  576, xstate_sizes[2]:  256
[    0.120858] x86/fpu: xstate_offset[5]:  832, xstate_sizes[5]:   64
[    0.121564] x86/fpu: xstate_offset[6]:  896, xstate_sizes[6]:  512
[    0.121859] x86/fpu: xstate_offset[7]: 1408, xstate_sizes[7]: 1024
[    0.122858] x86/fpu: xstate_offset[9]: 2432, xstate_sizes[9]:    8
[    0.123565] x86/fpu: Enabled xstate features 0x2e7, context size is 2440 bytes, using 'compacted' format.
[    0.144924] Freeing SMP alternatives memory: 40K
[    0.145460] pid_max: default: 32768 minimum: 301
[    0.145980] Mount-cache hash table entries: 2048 (order: 2, 16384 bytes, linear)
[    0.146860] Mountpoint-cache hash table entries: 2048 (order: 2, 16384 bytes, linear)
[    0.148502] smpboot: CPU0: AMD Ryzen 9 7950X 16-Core Processor (family: 0x19, model: 0x61, stepping: 0x2)
[    0.149295] Performance Events: Fam17h+ core perfctr, AMD PMU driver.
[    0.149862] ... version:                0
[    0.150321] ... bit width:              48
[    0.150788] ... generic registers:      6
[    0.150860] ... value mask:             0000ffffffffffff
[    0.151467] ... max period:             00007fffffffffff
[    0.151860] ... fixed-purpose events:   0
[    0.152319] ... event mask:             000000000000003f
[    0.153007] signal: max sigframe size: 3376
[    0.153530] rcu: Hierarchical SRCU implementation.
[    0.153861] rcu: Max phase no-delay instances is 400.
[    0.154530] Timer migration: 2 hierarchy levels; 8 children per group; 2 crossnode level
[    0.158639] smp: Bringing up secondary CPUs ...
[    0.159042] smpboot: x86: Booting SMP configuration:
[    0.159610] .... node  #0, CPUs:        #1  #2  #3  #4  #5  #6  #7  #8  #9 #10 #11 #12 #13 #14 #15 #16 #17 #18 #19 #20 #21 #22 #23 #24 #25 #26 #27 #28 #29 #30 #31
[    0.185968] smp: Brought up 1 node, 32 CPUs
[    0.187364] smpboot: Total of 32 processors activated (287457.53 BogoMIPS)
[    0.191065] Memory: 761584K/1048056K available (44816K kernel code, 11587K rwdata, 10272K rodata, 6156K init, 1324K bss, 270688K reserved, 0K cma-reserved)
[    0.191993] devtmpfs: initialized
[    0.192888] x86/mm: Memory block size: 128MB
[    0.199475] clocksource: jiffies: mask: 0xffffffff max_cycles: 0xffffffff, max_idle_ns: 1911260446275000 ns
[    0.199864] posixtimers hash table entries: 16384 (order: 6, 262144 bytes, linear)
[    0.200776] futex hash table entries: 8192 (order: 7, 524288 bytes, linear)
[    0.201235] PM: RTC time: 09:27:29, date: 2025-04-29
[    0.202621] NET: Registered PF_NETLINK/PF_ROUTE protocol family
[    0.203729] thermal_sys: Registered thermal governor 'step_wise'
[    0.203758] cpuidle: using governor menu
[    0.205628] PCI: Using configuration type 1 for base access
[    0.205861] PCI: Using configuration type 1 for extended access
[    0.206698] kprobes: kprobe jump-optimization is enabled. All kprobes are optimized if possible.
[    0.221083] HugeTLB: allocation took 0ms with hugepage_allocation_threads=8
[    0.221894] HugeTLB: registered 1.00 GiB page size, pre-allocated 0 pages
[    0.222746] HugeTLB: 16380 KiB vmemmap can be freed for a 1.00 GiB page
[    0.223861] HugeTLB: registered 2.00 MiB page size, pre-allocated 0 pages
[    0.224705] HugeTLB: 28 KiB vmemmap can be freed for a 2.00 MiB page
[    0.226233] ACPI: Added _OSI(Module Device)
[    0.226861] ACPI: Added _OSI(Processor Device)
[    0.227415] ACPI: Added _OSI(3.0 _SCP Extensions)
[    0.227861] ACPI: Added _OSI(Processor Aggregator Device)
[    0.253624] ACPI: 1 ACPI AML tables successfully acquired and loaded
[    0.257930] ACPI: Interpreter enabled
[    0.258461] ACPI: PM: (supports S0 S3 S4 S5)
[    0.259861] ACPI: Using IOAPIC for interrupt routing
[    0.260537] PCI: Using host bridge windows from ACPI; if necessary, use "pci=nocrs" and report a bug
[    0.260860] PCI: Using E820 reservations for host bridge windows
[    0.262761] ACPI: Enabled 2 GPEs in block 00 to 0F
[    0.314473] ACPI: PCI Root Bridge [PCI0] (domain 0000 [bus 00-ff])
[    0.314875] acpi PNP0A03:00: _OSC: OS supports [ExtendedConfig ASPM ClockPM Segments MSI HPX-Type3]
[    0.317384] PCI host bridge to bus 0000:00
[    0.317919] pci_bus 0000:00: root bus resource [io  0x0000-0x0cf7 window]
[    0.318771] pci_bus 0000:00: root bus resource [io  0x0d00-0xffff window]
[    0.318863] pci_bus 0000:00: root bus resource [mem 0x000a0000-0x000bffff window]
[    0.319798] pci_bus 0000:00: root bus resource [mem 0x40000000-0xfebfffff window]
[    0.320863] pci_bus 0000:00: root bus resource [mem 0x100000000-0x17fffffff window]
[    0.321825] pci_bus 0000:00: root bus resource [bus 00-ff]
[    0.322957] pci 0000:00:00.0: [8086:1237] type 00 class 0x060000 conventional PCI endpoint
[    0.324795] pci 0000:00:01.0: [8086:7000] type 00 class 0x060100 conventional PCI endpoint
[    0.326776] pci 0000:00:01.1: [8086:7010] type 00 class 0x010180 conventional PCI endpoint
[    0.328299] pci 0000:00:01.1: BAR 4 [io  0xc0c0-0xc0cf]
[    0.328879] pci 0000:00:01.1: BAR 0 [io  0x01f0-0x01f7]: legacy IDE quirk
[    0.329729] pci 0000:00:01.1: BAR 1 [io  0x03f6]: legacy IDE quirk
[    0.330861] pci 0000:00:01.1: BAR 2 [io  0x0170-0x0177]: legacy IDE quirk
[    0.331707] pci 0000:00:01.1: BAR 3 [io  0x0376]: legacy IDE quirk
[    0.332590] pci 0000:00:01.3: [8086:7113] type 00 class 0x068000 conventional PCI endpoint
[    0.334083] pci 0000:00:01.3: quirk: [io  0x0600-0x063f] claimed by PIIX4 ACPI
[    0.334865] pci 0000:00:01.3: quirk: [io  0x0700-0x070f] claimed by PIIX4 SMB
[    0.336536] pci 0000:00:02.0: [1af4:1009] type 00 class 0x000200 conventional PCI endpoint
[    0.338865] pci 0000:00:02.0: BAR 0 [io  0xc000-0xc03f]
[    0.339526] pci 0000:00:02.0: BAR 1 [mem 0xfebfc000-0xfebfcfff]
[    0.339875] pci 0000:00:02.0: BAR 4 [mem 0xfebf0000-0xfebf3fff 64bit pref]
[    0.352973] pci 0000:00:03.0: [1af4:1009] type 00 class 0x000200 conventional PCI endpoint
[    0.354865] pci 0000:00:03.0: BAR 0 [io  0xc040-0xc07f]
[    0.355521] pci 0000:00:03.0: BAR 1 [mem 0xfebfd000-0xfebfdfff]
[    0.356875] pci 0000:00:03.0: BAR 4 [mem 0xfebf4000-0xfebf7fff 64bit pref]
[    0.369889] pci 0000:00:04.0: [8086:25ab] type 00 class 0x088000 conventional PCI endpoint
[    0.371206] pci 0000:00:04.0: BAR 0 [mem 0xfebfe000-0xfebfe00f]
[    0.383894] pci 0000:00:05.0: [1af4:1003] type 00 class 0x078000 conventional PCI endpoint
[    0.385565] pci 0000:00:05.0: BAR 0 [io  0xc080-0xc0bf]
[    0.385865] pci 0000:00:05.0: BAR 1 [mem 0xfebff000-0xfebfffff]
[    0.386614] pci 0000:00:05.0: BAR 4 [mem 0xfebf8000-0xfebfbfff 64bit pref]
[    0.402509] ACPI: PCI: Interrupt link LNKA configured for IRQ 10
[    0.404863] ACPI: PCI: Interrupt link LNKB configured for IRQ 10
[    0.406606] ACPI: PCI: Interrupt link LNKC configured for IRQ 11
[    0.407840] ACPI: PCI: Interrupt link LNKD configured for IRQ 11
[    0.409266] ACPI: PCI: Interrupt link LNKS configured for IRQ 9
[    0.429568] iommu: Default domain type: Translated
[    0.429861] iommu: DMA domain TLB invalidation policy: lazy mode
[    0.431106] SCSI subsystem initialized
[    0.431929] pps_core: LinuxPPS API ver. 1 registered
[    0.432556] pps_core: Software ver. 5.3.6 - Copyright 2005-2007 Rodolfo Giometti <giometti@linux.it>
[    0.433877] PTP clock support registered
[    0.434991] Advanced Linux Sound Architecture Driver Initialized.
[    0.437051] NET: Registered PF_ATMPVC protocol family
[    0.437691] NET: Registered PF_ATMSVC protocol family
[    0.437899] PCI: Using ACPI for IRQ routing
[    0.438896] vgaarb: loaded
[    0.438989] hpet0: at MMIO 0xfed00000, IRQs 2, 8, 0
[    0.439602] hpet0: 3 comparators, 64-bit 100.000000 MHz counter
[    0.444247] clocksource: Switched to clocksource kvm-clock
[    0.445273] VFS: Disk quotas dquot_6.6.0
[    0.445776] VFS: Dquot-cache hash table entries: 512 (order 0, 4096 bytes)
[    0.450804] pnp: PnP ACPI init
[    0.453739] pnp: PnP ACPI: found 5 devices
[    0.465660] clocksource: acpi_pm: mask: 0xffffff max_cycles: 0xffffff, max_idle_ns: 2085701024 ns
[    0.466829] NET: Registered PF_INET protocol family
[    0.467577] IP idents hash table entries: 16384 (order: 5, 131072 bytes, linear)
[    0.468897] tcp_listen_portaddr_hash hash table entries: 512 (order: 1, 8192 bytes, linear)
[    0.469953] Table-perturb hash table entries: 65536 (order: 6, 262144 bytes, linear)
[    0.470935] TCP established hash table entries: 8192 (order: 4, 65536 bytes, linear)
[    0.471908] TCP bind hash table entries: 8192 (order: 6, 262144 bytes, linear)
[    0.472817] TCP: Hash tables configured (established 8192 bind 8192)
[    0.473782] UDP hash table entries: 512 (order: 3, 32768 bytes, linear)
[    0.474637] UDP-Lite hash table entries: 512 (order: 3, 32768 bytes, linear)
[    0.475747] NET: Registered PF_UNIX/PF_LOCAL protocol family
[    0.476473] pci_bus 0000:00: resource 4 [io  0x0000-0x0cf7 window]
[    0.477247] pci_bus 0000:00: resource 5 [io  0x0d00-0xffff window]
[    0.478013] pci_bus 0000:00: resource 6 [mem 0x000a0000-0x000bffff window]
[    0.478868] pci_bus 0000:00: resource 7 [mem 0x40000000-0xfebfffff window]
[    0.479723] pci_bus 0000:00: resource 8 [mem 0x100000000-0x17fffffff window]
[    0.480806] pci 0000:00:01.0: PIIX3: Enabling Passive Release
[    0.481528] pci 0000:00:00.0: Limiting direct PCI/PCI transfers
[    0.482302] PCI: CLS 0 bytes, default 64
[    0.482907] kvm_intel: VMX not supported by CPU 12
[    0.483667] kvm_amd: TSC scaling supported
[    0.484186] kvm_amd: Nested Virtualization enabled
[    0.484778] kvm_amd: Nested Paging enabled
[    0.485294] kvm_amd: LBR virtualization supported
[    0.485891] kvm_amd: Virtual GIF supported
[    0.486405] kvm_amd: Virtual NMI enabled
[    0.526215] clocksource: tsc: mask: 0xffffffffffffffff max_cycles: 0x40be215b5d9, max_idle_ns: 440795359804 ns
[    0.544824] Initialise system trusted keyrings
[    0.545546] workingset: timestamp_bits=56 max_order=18 bucket_order=0
[    0.546475] squashfs: version 4.0 (2009/01/31) Phillip Lougher
[    0.547227] fuse: init (API version 7.43)
[    0.547869] 9p: Installing v9fs 9p2000 file system support
[    0.557658] Key type asymmetric registered
[    0.558182] Asymmetric key parser 'x509' registered
[    0.558861] Block layer SCSI generic (bsg) driver version 0.4 loaded (major 249)
[    0.559826] io scheduler mq-deadline registered
[    0.560406] io scheduler kyber registered
[    0.562964] input: Power Button as /devices/LNXSYSTM:00/LNXPWRBN:00/input/input0
[    0.564152] ACPI: button: Power Button [PWRF]
[    0.566109] Warning: Processor Platform Limit event detected, but not handled.
[    0.566985] Consider compiling CPUfreq support into your kernel.
[    1.472290] ACPI: \_SB_.LNKB: Enabled at IRQ 10
[    2.369698] ACPI: \_SB_.LNKC: Enabled at IRQ 11
[    3.267316] ACPI: \_SB_.LNKA: Enabled at IRQ 10
[    3.268673] Serial: 8250/16550 driver, 4 ports, IRQ sharing enabled
[    3.269792] 00:03: ttyS0 at I/O 0x3f8 (irq = 4, base_baud = 115200) is a 16550A
[    3.291320] Non-volatile memory driver v1.3
[    3.291851] Linux agpgart interface v0.103
[    3.292531] ACPI: bus type drm_connector registered
[    3.293151] printk: legacy console [hvc0] enabled
[    3.293742] printk: legacy bootconsole [earlyser0] disabled
          _      _                                    
   __   _(_)_ __| |_ _ __ ___   ___       _ __   __ _ 
   \ \ / / |  __| __|  _   _ \ / _ \_____|  _ \ / _  |
    \ V /| | |  | |_| | | | | |  __/_____| | | | (_| |
     \_/ |_|_|   \__|_| |_| |_|\___|     |_| |_|\__  |
                                                |___/ 
   kernel version: 6.15.0-rc3-virtme x86_64
   (CTRL+d to exit)

root@virtme-ng:/nipa-data/kernel# PS1='xx__-> '
xx__-> env
PWD=/nipa-data/kernel
nr_open=1048576
HOME=/
TERM=xterm
SHLVL=2
XDG_RUNTIME_DIR=/run/user/0
PATH=/bin:/sbin:/usr/bin:/usr/sbin:/usr/local/bin
OLDPWD=/
_=/bin/env
xx__-> 