No EFI environment detected.
early console in extract_kernel
input_data: 0x0000000004ab62b9
input_len: 0x0000000001825228
output: 0x0000000001000000
output_len: 0x0000000005267fec
kernel_total_size: 0x0000000004e30000
needed_size: 0x0000000005400000
trampoline_32bit: 0x0000000000000000
Physical KASLR using RDRAND RDTSC...
Virtual KASLR using RDRAND RDTSC...

Decompressing Linux... Parsing ELF... Performing relocations... done.
Booting the kernel (entry_offset: 0x0000000000000000).
[    0.000000] Linux version 6.9.0-rc5-virtme (root@5cf5aebe7f39) (gcc (Alpine 13.2.1_git20240309) 13.2.1 20240309, GNU ld (GNU Binutils) 2.42) #1 SMP PREEMPT_DYNAMIC Mon Apr 29 09:26:35 UTC 2024
[    0.000000] Command line: virtme_hostname=virtme-ng nr_open=1048576 virtme_link_mods=/nipa-data/kernel/.virtme_mods/lib/modules/0.0.0 virtme_initmount0=nipa-data/kernel virtme_rw_overlay0=/etc virtme_rw_overlay1=/lib virtme_rw_overlay2=/home virtme_rw_overlay3=/opt virtme_rw_overlay4=/srv virtme_rw_overlay5=/usr virtme_rw_overlay6=/var console=hvc0 earlyprintk=serial,ttyS0,115200 virtme_console=ttyS0 psmouse.proto=exps TERM=xterm virtme_chdir=nipa-data/kernel virtme_root_user=1 rootfstype=9p rootflags=version=9p2000.L,trans=virtio,access=any raid=noautodetect ro init=/usr/lib/python3.12/site-packages/virtme/guest/virtme-init
[    0.000000] BIOS-provided physical RAM map:
[    0.000000] BIOS-e820: [mem 0x0000000000000000-0x000000000009fbff] usable
[    0.000000] BIOS-e820: [mem 0x000000000009fc00-0x000000000009ffff] reserved
[    0.000000] BIOS-e820: [mem 0x00000000000f0000-0x00000000000fffff] reserved
[    0.000000] BIOS-e820: [mem 0x0000000000100000-0x000000003ffdffff] usable
[    0.000000] BIOS-e820: [mem 0x000000003ffe0000-0x000000003fffffff] reserved
[    0.000000] BIOS-e820: [mem 0x00000000feffc000-0x00000000feffffff] reserved
[    0.000000] BIOS-e820: [mem 0x00000000fffc0000-0x00000000ffffffff] reserved
[    0.000000] BIOS-e820: [mem 0x000000fd00000000-0x000000ffffffffff] reserved
[    0.000000] printk: legacy bootconsole [earlyser0] enabled
[    0.000000] NX (Execute Disable) protection: active
[    0.000000] APIC: Static calls initialized
[    0.000000] SMBIOS 3.0.0 present.
[    0.000000] DMI: QEMU Standard PC (i440FX + PIIX, 1996), BIOS rel-1.16.3-0-ga6ed6b701f0a-prebuilt.qemu.org 04/01/2014
[    0.000000] Hypervisor detected: KVM
[    0.000000] kvm-clock: Using msrs 4b564d01 and 4b564d00
[    0.000001] kvm-clock: using sched offset of 376734567 cycles
[    0.000472] clocksource: kvm-clock: mask: 0xffffffffffffffff max_cycles: 0x1cd42e4dffb, max_idle_ns: 881590591483 ns
[    0.001937] tsc: Detected 4491.556 MHz processor
[    0.002813] last_pfn = 0x3ffe0 max_arch_pfn = 0x400000000
[    0.003327] MTRR map: 4 entries (3 fixed + 1 variable; max 19), built from 8 variable MTRRs
[    0.004087] x86/PAT: Configuration [0-7]: WB  WC  UC- UC  WB  WP  UC- WT  
[    0.006414] found SMP MP-table at [mem 0x000f5470-0x000f547f]
[    0.006943] Using GB pages for direct mapping
[    0.007524] ACPI: Early table checksum verification disabled
[    0.008035] ACPI: RSDP 0x00000000000F5290 000014 (v00 BOCHS )
[    0.008557] ACPI: RSDT 0x000000003FFE27BC 000034 (v01 BOCHS  BXPC     00000001 BXPC 00000001)
[    0.009327] ACPI: FACP 0x000000003FFE2578 000074 (v01 BOCHS  BXPC     00000001 BXPC 00000001)
[    0.010097] ACPI: DSDT 0x000000003FFE0040 002538 (v01 BOCHS  BXPC     00000001 BXPC 00000001)
[    0.010866] ACPI: FACS 0x000000003FFE0000 000040
[    0.011284] ACPI: APIC 0x000000003FFE25EC 000170 (v03 BOCHS  BXPC     00000001 BXPC 00000001)
[    0.012045] ACPI: HPET 0x000000003FFE275C 000038 (v01 BOCHS  BXPC     00000001 BXPC 00000001)
[    0.012816] ACPI: WAET 0x000000003FFE2794 000028 (v01 BOCHS  BXPC     00000001 BXPC 00000001)
[    0.013587] ACPI: Reserving FACP table memory at [mem 0x3ffe2578-0x3ffe25eb]
[    0.014214] ACPI: Reserving DSDT table memory at [mem 0x3ffe0040-0x3ffe2577]
[    0.014846] ACPI: Reserving FACS table memory at [mem 0x3ffe0000-0x3ffe003f]
[    0.015477] ACPI: Reserving APIC table memory at [mem 0x3ffe25ec-0x3ffe275b]
[    0.016110] ACPI: Reserving HPET table memory at [mem 0x3ffe275c-0x3ffe2793]
[    0.016739] ACPI: Reserving WAET table memory at [mem 0x3ffe2794-0x3ffe27bb]
[    0.017649] No NUMA configuration found
[    0.017996] Faking a node at [mem 0x0000000000000000-0x000000003ffdffff]
[    0.018600] NODE_DATA(0) allocated [mem 0x3ffdb000-0x3ffdffff]
[    0.019140] Zone ranges:
[    0.019366]   DMA      [mem 0x0000000000001000-0x0000000000ffffff]
[    0.019921]   DMA32    [mem 0x0000000001000000-0x000000003ffdffff]
[    0.020475]   Normal   empty
[    0.020739]   Device   empty
[    0.020999] Movable zone start for each node
[    0.021391] Early memory node ranges
[    0.021713]   node   0: [mem 0x0000000000001000-0x000000000009efff]
[    0.022275]   node   0: [mem 0x0000000000100000-0x000000003ffdffff]
[    0.022839] Initmem setup node 0 [mem 0x0000000000001000-0x000000003ffdffff]
[    0.023474] On node 0, zone DMA: 1 pages in unavailable ranges
[    0.024067] On node 0, zone DMA: 97 pages in unavailable ranges
[    0.029951] On node 0, zone DMA32: 32 pages in unavailable ranges
[    0.040738] kasan: KernelAddressSanitizer initialized
[    0.041495] ACPI: PM-Timer IO Port: 0x608
[    0.041873] ACPI: LAPIC_NMI (acpi_id[0xff] dfl dfl lint[0x1])
[    0.042420] IOAPIC[0]: apic_id 0, version 17, address 0xfec00000, GSI 0-23
[    0.043045] ACPI: INT_SRC_OVR (bus 0 bus_irq 0 global_irq 2 dfl dfl)
[    0.043624] ACPI: INT_SRC_OVR (bus 0 bus_irq 5 global_irq 5 high level)
[    0.044219] ACPI: INT_SRC_OVR (bus 0 bus_irq 9 global_irq 9 high level)
[    0.044816] ACPI: INT_SRC_OVR (bus 0 bus_irq 10 global_irq 10 high level)
[    0.045438] ACPI: INT_SRC_OVR (bus 0 bus_irq 11 global_irq 11 high level)
[    0.046053] ACPI: Using ACPI (MADT) for SMP configuration information
[    0.046639] ACPI: HPET id: 0x8086a201 base: 0xfed00000
[    0.047109] TSC deadline timer available
[    0.047470] CPU topo: Max. logical packages:   1
[    0.047893] CPU topo: Max. logical dies:       1
[    0.048311] CPU topo: Max. dies per package:   1
[    0.048734] CPU topo: Max. threads per core:   1
[    0.049143] CPU topo: Num. cores per package:    32
[    0.049583] CPU topo: Num. threads per package:  32
[    0.050017] CPU topo: Allowing 32 present CPUs plus 0 hotplug CPUs
[    0.050595] kvm-guest: APIC: eoi() replaced with kvm_guest_apic_eoi_write()
[    0.051229] kvm-guest: KVM setup pv remote TLB flush
[    0.051678] kvm-guest: setup PV sched yield
[    0.052060] PM: hibernation: Registered nosave memory: [mem 0x00000000-0x00000fff]
[    0.052743] PM: hibernation: Registered nosave memory: [mem 0x0009f000-0x0009ffff]
[    0.053432] PM: hibernation: Registered nosave memory: [mem 0x000a0000-0x000effff]
[    0.054110] PM: hibernation: Registered nosave memory: [mem 0x000f0000-0x000fffff]
[    0.054789] [mem 0x40000000-0xfeffbfff] available for PCI devices
[    0.055341] Booting paravirtualized kernel on KVM
[    0.055770] clocksource: refined-jiffies: mask: 0xffffffff max_cycles: 0xffffffff, max_idle_ns: 1910969940391419 ns
[    0.065281] setup_percpu: NR_CPUS:64 nr_cpumask_bits:32 nr_cpu_ids:32 nr_node_ids:1
[    0.067565] percpu: Embedded 70 pages/cpu s248616 r8192 d29912 u524288
[    0.068243] Kernel command line: virtme_hostname=virtme-ng nr_open=1048576 virtme_link_mods=/nipa-data/kernel/.virtme_mods/lib/modules/0.0.0 virtme_initmount0=nipa-data/kernel virtme_rw_overlay0=/etc virtme_rw_overlay1=/lib virtme_rw_overlay2=/home virtme_rw_overlay3=/opt virtme_rw_overlay4=/srv virtme_rw_overlay5=/usr virtme_rw_overlay6=/var console=hvc0 earlyprintk=serial,ttyS0,115200 virtme_console=ttyS0 psmouse.proto=exps TERM=xterm virtme_chdir=nipa-data/kernel virtme_root_user=1 rootfstype=9p rootflags=version=9p2000.L,trans=virtio,access=any raid=noautodetect ro init=/usr/lib/python3.12/site-packages/virtme/guest/virtme-init
[    0.073649] Unknown kernel command line parameters "virtme_hostname=virtme-ng nr_open=1048576 virtme_link_mods=/nipa-data/kernel/.virtme_mods/lib/modules/0.0.0 virtme_initmount0=nipa-data/kernel virtme_rw_overlay0=/etc virtme_rw_overlay1=/lib virtme_rw_overlay2=/home virtme_rw_overlay3=/opt virtme_rw_overlay4=/srv virtme_rw_overlay5=/usr virtme_rw_overlay6=/var virtme_console=ttyS0 virtme_chdir=nipa-data/kernel virtme_root_user=1", will be passed to user space.
[    0.077696] random: crng init done
[    0.078154] Dentry cache hash table entries: 131072 (order: 8, 1048576 bytes, linear)
[    0.078910] Inode-cache hash table entries: 65536 (order: 7, 524288 bytes, linear)
[    0.080146] Fallback order for Node 0: 0 
[    0.080153] Built 1 zonelists, mobility grouping on.  Total pages: 257760
[    0.081181] Policy zone: DMA32
[    0.081472] mem auto-init: stack:all(zero), heap alloc:off, heap free:off
[    0.082113] stackdepot: allocating hash table via alloc_large_system_hash
[    0.082754] stackdepot hash table entries: 1048576 (order: 12, 16777216 bytes, linear)
[    0.091731] Memory: 781048K/1048056K available (43008K kernel code, 11125K rwdata, 9740K rodata, 5840K init, 2396K bss, 266752K reserved, 0K cma-reserved)
[    0.093280] SLUB: HWalign=64, Order=0-3, MinObjects=0, CPUs=32, Nodes=1
Poking KASLR using RDRAND RDTSC...
[    0.094269] ftrace: allocating 47710 entries in 187 pages
[    0.104425] ftrace: allocated 187 pages with 6 groups
[    0.105685] Dynamic Preempt: voluntary
[    0.106440] rcu: Preemptible hierarchical RCU implementation.
[    0.106873] rcu: RCU event tracing is enabled.
[    0.107212] rcu: RCU restricting CPUs from NR_CPUS=64 to nr_cpu_ids=32.
[    0.107716] Trampoline variant of Tasks RCU enabled.
[    0.108095] Rude variant of Tasks RCU enabled.
[    0.108434] Tracing variant of Tasks RCU enabled.
[    0.108793] rcu: RCU calculated value of scheduler-enlistment delay is 100 jiffies.
[    0.109371] rcu: Adjusting geometry for rcu_fanout_leaf=16, nr_cpu_ids=32
[    0.109919] RCU Tasks: Setting shift to 5 and lim to 1 rcu_task_cb_adjust=1.
[    0.110448] RCU Tasks Rude: Setting shift to 5 and lim to 1 rcu_task_cb_adjust=1.
[    0.111008] RCU Tasks Trace: Setting shift to 5 and lim to 1 rcu_task_cb_adjust=1.
[    0.121507] NR_IRQS: 4352, nr_irqs: 680, preallocated irqs: 16
[    0.122337] rcu: srcu_init: Setting srcu_struct sizes based on contention.
[    0.123227] Console: colour *CGA 80x25
[    0.123544] ACPI: Core revision 20230628
[    0.123989] clocksource: hpet: mask: 0xffffffff max_cycles: 0xffffffff, max_idle_ns: 19112604467 ns
[    0.124749] APIC: Switch to symmetric I/O mode setup
[    0.125130] APIC: Switched APIC routing to: physical flat
[    0.125563] kvm-guest: APIC: send_IPI_mask() replaced with kvm_send_ipi_mask()
[    0.126111] kvm-guest: APIC: send_IPI_mask_allbutself() replaced with kvm_send_ipi_mask_allbutself()
[    0.126840] kvm-guest: setup PV IPIs
[    0.128136] ..TIMER: vector=0x30 apic1=0 pin1=2 apic2=-1 pin2=-1
[    0.129186] tsc: Marking TSC unstable due to TSCs unsynchronized
[    0.130226] Calibrating delay loop (skipped) preset value.. 8983.11 BogoMIPS (lpj=4491556)
[    0.131299] x86/cpu: User Mode Instruction Prevention (UMIP) activated
[    0.132297] Last level iTLB entries: 4KB 512, 2MB 255, 4MB 127
[    0.133223] Last level dTLB entries: 4KB 512, 2MB 255, 4MB 127, 1GB 0
[    0.134229] Spectre V1 : Mitigation: usercopy/swapgs barriers and __user pointer sanitization
[    0.135228] Spectre V2 : Mitigation: Enhanced / Automatic IBRS
[    0.136223] Spectre V2 : Spectre v2 / SpectreRSB mitigation: Filling RSB on context switch
[    0.137225] Spectre V2 : mitigation: Enabling conditional Indirect Branch Prediction Barrier
[    0.138225] Speculative Store Bypass: Mitigation: Speculative Store Bypass disabled via prctl
[    0.139224] Speculative Return Stack Overflow: IBPB-extending microcode not applied!
[    0.140223] Speculative Return Stack Overflow: WARNING: See https://kernel.org/doc/html/latest/admin-guide/hw-vuln/srso.html for mitigation options.
[    0.140225] Speculative Return Stack Overflow: Vulnerable: Safe RET, no microcode
[    0.142243] x86/fpu: Supporting XSAVE feature 0x001: 'x87 floating point registers'
[    0.143223] x86/fpu: Supporting XSAVE feature 0x002: 'SSE registers'
[    0.144222] x86/fpu: Supporting XSAVE feature 0x004: 'AVX registers'
[    0.145223] x86/fpu: Supporting XSAVE feature 0x020: 'AVX-512 opmask'
[    0.146222] x86/fpu: Supporting XSAVE feature 0x040: 'AVX-512 Hi256'
[    0.147223] x86/fpu: Supporting XSAVE feature 0x080: 'AVX-512 ZMM_Hi256'
[    0.148223] x86/fpu: Supporting XSAVE feature 0x200: 'Protection Keys User registers'
[    0.149223] x86/fpu: xstate_offset[2]:  576, xstate_sizes[2]:  256
[    0.150222] x86/fpu: xstate_offset[5]:  832, xstate_sizes[5]:   64
[    0.151222] x86/fpu: xstate_offset[6]:  896, xstate_sizes[6]:  512
[    0.152006] x86/fpu: xstate_offset[7]: 1408, xstate_sizes[7]: 1024
[    0.152222] x86/fpu: xstate_offset[9]: 2432, xstate_sizes[9]:    8
[    0.153222] x86/fpu: Enabled xstate features 0x2e7, context size is 2440 bytes, using 'compacted' format.
[    0.175485] Freeing SMP alternatives memory: 40K
[    0.176082] pid_max: default: 32768 minimum: 301
[    0.176361] Mount-cache hash table entries: 2048 (order: 2, 16384 bytes, linear)
[    0.177224] Mountpoint-cache hash table entries: 2048 (order: 2, 16384 bytes, linear)
[    0.179453] smpboot: CPU0: AMD Ryzen 9 7950X 16-Core Processor (family: 0x19, model: 0x61, stepping: 0x2)
[    0.180667] Performance Events: Fam17h+ core perfctr, AMD PMU driver.
[    0.181227] ... version:                0
[    0.181734] ... bit width:              48
[    0.182224] ... generic registers:      6
[    0.182730] ... value mask:             0000ffffffffffff
[    0.183224] ... max period:             00007fffffffffff
[    0.183895] ... fixed-purpose events:   0
[    0.184224] ... event mask:             000000000000003f
[    0.185017] signal: max sigframe size: 3376
[    0.185280] rcu: Hierarchical SRCU implementation.
[    0.185912] rcu: Max phase no-delay instances is 400.
[    0.190300] smp: Bringing up secondary CPUs ...
[    0.191059] smpboot: x86: Booting SMP configuration:
[    0.191226] .... node  #0, CPUs:        #1  #2  #3  #4  #5  #6  #7  #8  #9 #10 #11 #12 #13 #14 #15 #16 #17 #18 #19 #20 #21 #22 #23 #24 #25 #26 #27 #28 #29 #30 #31
[    0.214377] smp: Brought up 1 node, 32 CPUs
[    0.215761] smpboot: Total of 32 processors activated (287459.58 BogoMIPS)
[    0.224470] devtmpfs: initialized
[    0.225403] x86/mm: Memory block size: 128MB
[    0.232370] clocksource: jiffies: mask: 0xffffffff max_cycles: 0xffffffff, max_idle_ns: 1911260446275000 ns
[    0.233229] futex hash table entries: 8192 (order: 7, 524288 bytes, linear)
[    0.234462] PM: RTC time: 09:27:10, date: 2024-04-29
[    0.235907] NET: Registered PF_NETLINK/PF_ROUTE protocol family
[    0.237135] thermal_sys: Registered thermal governor 'step_wise'
[    0.237138] thermal_sys: Registered thermal governor 'user_space'
[    0.237255] cpuidle: using governor menu
[    0.239755] PCI: Using configuration type 1 for base access
[    0.240225] PCI: Using configuration type 1 for extended access
[    0.241117] kprobes: kprobe jump-optimization is enabled. All kprobes are optimized if possible.
[    0.257535] HugeTLB: registered 1.00 GiB page size, pre-allocated 0 pages
[    0.258225] HugeTLB: 16380 KiB vmemmap can be freed for a 1.00 GiB page
[    0.259061] HugeTLB: registered 2.00 MiB page size, pre-allocated 0 pages
[    0.260224] HugeTLB: 28 KiB vmemmap can be freed for a 2.00 MiB page
[    0.262231] Demotion targets for Node 0: null
[    0.263544] ACPI: Added _OSI(Module Device)
[    0.264225] ACPI: Added _OSI(Processor Device)
[    0.264787] ACPI: Added _OSI(3.0 _SCP Extensions)
[    0.265224] ACPI: Added _OSI(Processor Aggregator Device)
[    0.289481] ACPI: 1 ACPI AML tables successfully acquired and loaded
[    0.292397] ACPI: _OSC evaluation for CPUs failed, trying _PDC
[    0.295503] ACPI: Interpreter enabled
[    0.296062] ACPI: PM: (supports S0 S3 S4 S5)
[    0.296225] ACPI: Using IOAPIC for interrupt routing
[    0.296930] PCI: Using host bridge windows from ACPI; if necessary, use "pci=nocrs" and report a bug
[    0.298224] PCI: Using E820 reservations for host bridge windows
[    0.300111] ACPI: Enabled 2 GPEs in block 00 to 0F
[    0.354534] ACPI: PCI Root Bridge [PCI0] (domain 0000 [bus 00-ff])
[    0.356239] acpi PNP0A03:00: _OSC: OS supports [ExtendedConfig ASPM ClockPM Segments MSI HPX-Type3]
[    0.357750] PCI host bridge to bus 0000:00
[    0.358228] pci_bus 0000:00: root bus resource [io  0x0000-0x0cf7 window]
[    0.359117] pci_bus 0000:00: root bus resource [io  0x0d00-0xffff window]
[    0.360227] pci_bus 0000:00: root bus resource [mem 0x000a0000-0x000bffff window]
[    0.361191] pci_bus 0000:00: root bus resource [mem 0x40000000-0xfebfffff window]
[    0.361228] pci_bus 0000:00: root bus resource [mem 0x100000000-0x17fffffff window]
[    0.362228] pci_bus 0000:00: root bus resource [bus 00-ff]
[    0.363090] pci 0000:00:00.0: [8086:1237] type 00 class 0x060000 conventional PCI endpoint
[    0.365122] pci 0000:00:01.0: [8086:7000] type 00 class 0x060100 conventional PCI endpoint
[    0.367151] pci 0000:00:01.1: [8086:7010] type 00 class 0x010180 conventional PCI endpoint
[    0.370711] pci 0000:00:01.1: BAR 4 [io  0xc0c0-0xc0cf]
[    0.373229] pci 0000:00:01.1: BAR 0 [io  0x01f0-0x01f7]: legacy IDE quirk
[    0.374132] pci 0000:00:01.1: BAR 1 [io  0x03f6]: legacy IDE quirk
[    0.374225] pci 0000:00:01.1: BAR 2 [io  0x0170-0x0177]: legacy IDE quirk
[    0.375092] pci 0000:00:01.1: BAR 3 [io  0x0376]: legacy IDE quirk
[    0.377001] pci 0000:00:01.3: [8086:7113] type 00 class 0x068000 conventional PCI endpoint
[    0.378496] pci 0000:00:01.3: quirk: [io  0x0600-0x063f] claimed by PIIX4 ACPI
[    0.380229] pci 0000:00:01.3: quirk: [io  0x0700-0x070f] claimed by PIIX4 SMB
[    0.381929] pci 0000:00:02.0: [1af4:1009] type 00 class 0x000200 conventional PCI endpoint
[    0.384225] pci 0000:00:02.0: BAR 0 [io  0xc000-0xc03f]
[    0.386960] pci 0000:00:02.0: BAR 1 [mem 0xfebfc000-0xfebfcfff]
[    0.393225] pci 0000:00:02.0: BAR 4 [mem 0xfebf0000-0xfebf3fff 64bit pref]
[    0.406843] pci 0000:00:03.0: [1af4:1009] type 00 class 0x000200 conventional PCI endpoint
[    0.409225] pci 0000:00:03.0: BAR 0 [io  0xc040-0xc07f]
[    0.411968] pci 0000:00:03.0: BAR 1 [mem 0xfebfd000-0xfebfdfff]
[    0.419186] pci 0000:00:03.0: BAR 4 [mem 0xfebf4000-0xfebf7fff 64bit pref]
[    0.438084] pci 0000:00:04.0: [8086:25ab] type 00 class 0x088000 conventional PCI endpoint
[    0.439841] pci 0000:00:04.0: BAR 0 [mem 0xfebfe000-0xfebfe00f]
[    0.456440] pci 0000:00:05.0: [1af4:1003] type 00 class 0x078000 conventional PCI endpoint
[    0.459225] pci 0000:00:05.0: BAR 0 [io  0xc080-0xc0bf]
[    0.460968] pci 0000:00:05.0: BAR 1 [mem 0xfebff000-0xfebfffff]
[    0.466225] pci 0000:00:05.0: BAR 4 [mem 0xfebf8000-0xfebfbfff 64bit pref]
[    0.483469] ACPI: PCI: Interrupt link LNKA configured for IRQ 10
[    0.485170] ACPI: PCI: Interrupt link LNKB configured for IRQ 10
[    0.487148] ACPI: PCI: Interrupt link LNKC configured for IRQ 11
[    0.488145] ACPI: PCI: Interrupt link LNKD configured for IRQ 11
[    0.489614] ACPI: PCI: Interrupt link LNKS configured for IRQ 9
[    0.512002] iommu: Default domain type: Translated
[    0.513225] iommu: DMA domain TLB invalidation policy: lazy mode
[    0.514480] SCSI subsystem initialized
[    0.515332] pps_core: LinuxPPS API ver. 1 registered
[    0.515967] pps_core: Software ver. 5.3.6 - Copyright 2005-2007 Rodolfo Giometti <giometti@linux.it>
[    0.517238] PTP clock support registered
[    0.517821] Advanced Linux Sound Architecture Driver Initialized.
[    0.519366] NET: Registered PF_ATMPVC protocol family
[    0.520017] NET: Registered PF_ATMSVC protocol family
[    0.521249] PCI: Using ACPI for IRQ routing
[    0.522236] vgaarb: loaded
[    0.522344] hpet0: at MMIO 0xfed00000, IRQs 2, 8, 0
[    0.522973] hpet0: 3 comparators, 64-bit 100.000000 MHz counter
[    0.530775] clocksource: Switched to clocksource kvm-clock
[    0.531772] VFS: Disk quotas dquot_6.6.0
[    0.532571] VFS: Dquot-cache hash table entries: 512 (order 0, 4096 bytes)
[    0.533649] pnp: PnP ACPI init
[    0.540409] pnp: PnP ACPI: found 5 devices
[    0.552396] clocksource: acpi_pm: mask: 0xffffff max_cycles: 0xffffff, max_idle_ns: 2085701024 ns
[    0.553618] NET: Registered PF_INET protocol family
[    0.554292] IP idents hash table entries: 16384 (order: 5, 131072 bytes, linear)
[    0.555713] tcp_listen_portaddr_hash hash table entries: 512 (order: 1, 8192 bytes, linear)
[    0.556791] Table-perturb hash table entries: 65536 (order: 6, 262144 bytes, linear)
[    0.557796] TCP established hash table entries: 8192 (order: 4, 65536 bytes, linear)
[    0.558787] TCP bind hash table entries: 8192 (order: 6, 262144 bytes, linear)
[    0.559800] TCP: Hash tables configured (established 8192 bind 8192)
[    0.560779] UDP hash table entries: 512 (order: 2, 16384 bytes, linear)
[    0.561668] UDP-Lite hash table entries: 512 (order: 2, 16384 bytes, linear)
[    0.562786] NET: Registered PF_UNIX/PF_LOCAL protocol family
[    0.563529] pci_bus 0000:00: resource 4 [io  0x0000-0x0cf7 window]
[    0.564316] pci_bus 0000:00: resource 5 [io  0x0d00-0xffff window]
[    0.565098] pci_bus 0000:00: resource 6 [mem 0x000a0000-0x000bffff window]
[    0.565971] pci_bus 0000:00: resource 7 [mem 0x40000000-0xfebfffff window]
[    0.566845] pci_bus 0000:00: resource 8 [mem 0x100000000-0x17fffffff window]
[    0.567952] pci 0000:00:01.0: PIIX3: Enabling Passive Release
[    0.568700] pci 0000:00:00.0: Limiting direct PCI/PCI transfers
[    0.569504] PCI: CLS 0 bytes, default 64
[    0.570060] kvm_intel: VMX not supported by CPU 15
[    0.570708] kvm_amd: TSC scaling supported
[    0.571233] kvm_amd: Nested Virtualization enabled
[    0.571850] kvm_amd: Nested Paging enabled
[    0.572403] kvm_amd: Virtual VMLOAD VMSAVE supported
[    0.573042] kvm_amd: Virtual GIF supported
[    0.573571] kvm_amd: Virtual NMI enabled
[    0.574071] kvm_amd: LBR virtualization supported
[    0.689068] Initialise system trusted keyrings
[    0.689825] workingset: timestamp_bits=56 max_order=18 bucket_order=0
[    0.690799] squashfs: version 4.0 (2009/01/31) Phillip Lougher
[    0.691587] fuse: init (API version 7.40)
[    0.692262] 9p: Installing v9fs 9p2000 file system support
[    0.702346] Key type asymmetric registered
[    0.702883] Asymmetric key parser 'x509' registered
[    0.703582] Block layer SCSI generic (bsg) driver version 0.4 loaded (major 249)
[    0.704579] io scheduler mq-deadline registered
[    0.705173] io scheduler kyber registered
[    0.707376] input: Power Button as /devices/LNXSYSTM:00/LNXPWRBN:00/input/input0
[    0.708591] ACPI: button: Power Button [PWRF]
[    0.709296] Warning: Processor Platform Limit event detected, but not handled.
[    0.710240] Consider compiling CPUfreq support into your kernel.
[    1.574675] ACPI: \_SB_.LNKB: Enabled at IRQ 10
[    2.443148] ACPI: \_SB_.LNKC: Enabled at IRQ 11
[    3.299749] ACPI: \_SB_.LNKA: Enabled at IRQ 10
[    3.301377] Serial: 8250/16550 driver, 4 ports, IRQ sharing enabled
[    3.302534] 00:03: ttyS0 at I/O 0x3f8 (irq = 4, base_baud = 115200) is a 16550A
[    3.355252] Non-volatile memory driver v1.3
[    3.355814] Linux agpgart interface v0.103
[    3.356380] printk: legacy console [hvc0] enabled
[    3.356564] ACPI: bus type drm_connector registered
          _      _                                    
   __   _(_)_ __| |_ _ __ ___   ___       _ __   __ _ 
   \ \ / / |  __| __|  _   _ \ / _ \_____|  _ \ / _  |
    \ V /| | |  | |_| | | | | |  __/_____| | | | (_| |
     \_/ |_|_|   \__|_| |_| |_|\___|     |_| |_|\__  |
                                                |___/ 
   kernel version: 6.9.0-rc5-virtme x86_64
   (CTRL+d to exit)

virtme-ng:/nipa-data/kernel# PS1='xx__-> '
xx__-> env
PWD=/nipa-data/kernel
nr_open=1048576
HOME=/root
TERM=xterm
SHLVL=2
XDG_RUNTIME_DIR=/run/user/0
PATH=/bin:/sbin:/usr/bin:/usr/sbin:/usr/local/bin
OLDPWD=/
_=/usr/bin/env
xx__-> 