No EFI environment detected.
early console in extract_kernel
input_data: 0x00000000029b62c4
input_len: 0x0000000000bcd594
output: 0x0000000001000000
output_len: 0x000000000253dd10
kernel_total_size: 0x0000000002430000
needed_size: 0x0000000002600000
trampoline_32bit: 0x0000000000000000
Physical KASLR using RDRAND RDTSC...
Virtual KASLR using RDRAND RDTSC...

Decompressing Linux... Parsing ELF... Performing relocations... done.
Booting the kernel (entry_offset: 0x0000000000fc9588).
[    0.000000] Linux version 6.15.0-virtme (root@d0f467b0b8d2) (gcc (Ubuntu 13.3.0-6ubuntu2~24.04) 13.3.0, GNU ld (GNU Binutils for Ubuntu) 2.42) #1 SMP PREEMPT_DYNAMIC Thu Jun  5 09:05:41 UTC 2025
[    0.000000] Command line: virtme_hostname=virtme-ng nr_open=1048576 virtme_link_mods=/nipa-data/kernel/.virtme_mods/lib/modules/0.0.0 virtme_initmount0=nipa-data/kernel virtme_rw_overlay0=/etc virtme_rw_overlay1=/lib virtme_rw_overlay2=/home virtme_rw_overlay3=/opt virtme_rw_overlay4=/srv virtme_rw_overlay5=/usr virtme_rw_overlay6=/var console=hvc0 earlyprintk=serial,ttyS0,115200 virtme_console=ttyS0 psmouse.proto=exps TERM=xterm virtme_chdir=nipa-data/kernel virtme_root_user=1 rootfstype=9p rootflags=version=9p2000.L,trans=virtio,access=any raid=noautodetect ro init=/usr/lib/python3/dist-packages/virtme/guest/virtme-init
[    0.000000] BIOS-provided physical RAM map:
[    0.000000] BIOS-e820: [mem 0x0000000000000000-0x000000000009fbff] usable
[    0.000000] BIOS-e820: [mem 0x000000000009fc00-0x000000000009ffff] reserved
[    0.000000] BIOS-e820: [mem 0x00000000000f0000-0x00000000000fffff] reserved
[    0.000000] BIOS-e820: [mem 0x0000000000100000-0x000000003ffdffff] usable
[    0.000000] BIOS-e820: [mem 0x000000003ffe0000-0x000000003fffffff] reserved
[    0.000000] BIOS-e820: [mem 0x00000000feffc000-0x00000000feffffff] reserved
[    0.000000] BIOS-e820: [mem 0x00000000fffc0000-0x00000000ffffffff] reserved
[    0.000000] BIOS-e820: [mem 0x000000fd00000000-0x000000ffffffffff] reserved
[    0.000000] printk: legacy bootconsole [earlyser0] enabled
[    0.000000] NX (Execute Disable) protection: active
[    0.000000] APIC: Static calls initialized
[    0.000000] SMBIOS 3.0.0 present.
[    0.000000] DMI: QEMU Ubuntu 24.04 PC (i440FX + PIIX, 1996), BIOS 1.16.3-debian-1.16.3-2 04/01/2014
[    0.000000] DMI: Memory slots populated: 1/1
[    0.000000] Hypervisor detected: KVM
[    0.000000] kvm-clock: Using msrs 4b564d01 and 4b564d00
[    0.000000] kvm-clock: using sched offset of 199596554 cycles
[    0.000357] clocksource: kvm-clock: mask: 0xffffffffffffffff max_cycles: 0x1cd42e4dffb, max_idle_ns: 881590591483 ns
[    0.001458] tsc: Detected 4491.564 MHz processor
[    0.002017] last_pfn = 0x3ffe0 max_arch_pfn = 0x400000000
[    0.002405] MTRR map: 4 entries (3 fixed + 1 variable; max 19), built from 8 variable MTRRs
[    0.002973] x86/PAT: Configuration [0-7]: WB  WC  UC- UC  WB  WP  UC- WT  
Memory KASLR using RDRAND RDTSC...
[    0.004889] found SMP MP-table at [mem 0x000f5470-0x000f547f]
[    0.005281] Using GB pages for direct mapping
[    0.005612] ACPI: Early table checksum verification disabled
[    0.005996] ACPI: RSDP 0x00000000000F5290 000014 (v00 BOCHS )
[    0.006386] ACPI: RSDT 0x000000003FFE27BC 000034 (v01 BOCHS  BXPC     00000001 BXPC 00000001)
[    0.006966] ACPI: FACP 0x000000003FFE2578 000074 (v01 BOCHS  BXPC     00000001 BXPC 00000001)
[    0.007545] ACPI: DSDT 0x000000003FFE0040 002538 (v01 BOCHS  BXPC     00000001 BXPC 00000001)
[    0.008122] ACPI: FACS 0x000000003FFE0000 000040
[    0.008440] ACPI: APIC 0x000000003FFE25EC 000170 (v03 BOCHS  BXPC     00000001 BXPC 00000001)
[    0.009017] ACPI: HPET 0x000000003FFE275C 000038 (v01 BOCHS  BXPC     00000001 BXPC 00000001)
[    0.009596] ACPI: WAET 0x000000003FFE2794 000028 (v01 BOCHS  BXPC     00000001 BXPC 00000001)
[    0.010175] ACPI: Reserving FACP table memory at [mem 0x3ffe2578-0x3ffe25eb]
[    0.010652] ACPI: Reserving DSDT table memory at [mem 0x3ffe0040-0x3ffe2577]
[    0.011129] ACPI: Reserving FACS table memory at [mem 0x3ffe0000-0x3ffe003f]
[    0.011606] ACPI: Reserving APIC table memory at [mem 0x3ffe25ec-0x3ffe275b]
[    0.012085] ACPI: Reserving HPET table memory at [mem 0x3ffe275c-0x3ffe2793]
[    0.012564] ACPI: Reserving WAET table memory at [mem 0x3ffe2794-0x3ffe27bb]
[    0.013175] No NUMA configuration found
[    0.013436] Faking a node at [mem 0x0000000000000000-0x000000003ffdffff]
[    0.013891] NODE_DATA(0) allocated [mem 0x3ffdb740-0x3ffdffff]
[    0.014297] Zone ranges:
[    0.014468]   DMA      [mem 0x0000000000001000-0x0000000000ffffff]
[    0.014887]   DMA32    [mem 0x0000000001000000-0x000000003ffdffff]
[    0.015306]   Normal   empty
[    0.015501]   Device   empty
[    0.015696] Movable zone start for each node
[    0.015985] Early memory node ranges
[    0.016229]   node   0: [mem 0x0000000000001000-0x000000000009efff]
[    0.016654]   node   0: [mem 0x0000000000100000-0x000000003ffdffff]
[    0.017080] Initmem setup node 0 [mem 0x0000000000001000-0x000000003ffdffff]
[    0.017557] On node 0, zone DMA: 1 pages in unavailable ranges
[    0.017958] On node 0, zone DMA: 97 pages in unavailable ranges
[    0.019273] On node 0, zone DMA32: 32 pages in unavailable ranges
[    0.019878] ACPI: PM-Timer IO Port: 0x608
[    0.020155] ACPI: LAPIC_NMI (acpi_id[0xff] dfl dfl lint[0x1])
[    0.020570] IOAPIC[0]: apic_id 0, version 17, address 0xfec00000, GSI 0-23
[    0.021043] ACPI: INT_SRC_OVR (bus 0 bus_irq 0 global_irq 2 dfl dfl)
[    0.021479] ACPI: INT_SRC_OVR (bus 0 bus_irq 5 global_irq 5 high level)
[    0.021934] ACPI: INT_SRC_OVR (bus 0 bus_irq 9 global_irq 9 high level)
[    0.022380] ACPI: INT_SRC_OVR (bus 0 bus_irq 10 global_irq 10 high level)
[    0.022838] ACPI: INT_SRC_OVR (bus 0 bus_irq 11 global_irq 11 high level)
[    0.023296] ACPI: Using ACPI (MADT) for SMP configuration information
[    0.023730] ACPI: HPET id: 0x8086a201 base: 0xfed00000
[    0.024077] TSC deadline timer available
[    0.024347] CPU topo: Max. logical packages:   1
[    0.024658] CPU topo: Max. logical dies:       1
[    0.024969] CPU topo: Max. dies per package:   1
[    0.025282] CPU topo: Max. threads per core:   1
[    0.025593] CPU topo: Num. cores per package:    32
[    0.025922] CPU topo: Num. threads per package:  32
[    0.026251] CPU topo: Allowing 32 present CPUs plus 0 hotplug CPUs
[    0.026674] kvm-guest: APIC: eoi() replaced with kvm_guest_apic_eoi_write()
[    0.027150] kvm-guest: KVM setup pv remote TLB flush
[    0.027486] kvm-guest: setup PV sched yield
[    0.027770] PM: hibernation: Registered nosave memory: [mem 0x00000000-0x00000fff]
[    0.028286] PM: hibernation: Registered nosave memory: [mem 0x0009f000-0x000fffff]
[    0.028794] [mem 0x40000000-0xfeffbfff] available for PCI devices
[    0.029203] Booting paravirtualized kernel on KVM
[    0.029518] clocksource: refined-jiffies: mask: 0xffffffff max_cycles: 0xffffffff, max_idle_ns: 1910969940391419 ns
[    0.032904] setup_percpu: NR_CPUS:64 nr_cpumask_bits:32 nr_cpu_ids:32 nr_node_ids:1
[    0.033996] percpu: Embedded 53 pages/cpu s179544 r8192 d29352 u262144
[    0.034469] Kernel command line: virtme_hostname=virtme-ng nr_open=1048576 virtme_link_mods=/nipa-data/kernel/.virtme_mods/lib/modules/0.0.0 virtme_initmount0=nipa-data/kernel virtme_rw_overlay0=/etc virtme_rw_overlay1=/lib virtme_rw_overlay2=/home virtme_rw_overlay3=/opt virtme_rw_overlay4=/srv virtme_rw_overlay5=/usr virtme_rw_overlay6=/var console=hvc0 earlyprintk=serial,ttyS0,115200 virtme_console=ttyS0 psmouse.proto=exps TERM=xterm virtme_chdir=nipa-data/kernel virtme_root_user=1 rootfstype=9p rootflags=version=9p2000.L,trans=virtio,access=any raid=noautodetect ro init=/usr/lib/python3/dist-packages/virtme/guest/virtme-init
[    0.038409] Unknown kernel command line parameters "virtme_hostname=virtme-ng nr_open=1048576 virtme_link_mods=/nipa-data/kernel/.virtme_mods/lib/modules/0.0.0 virtme_initmount0=nipa-data/kernel virtme_rw_overlay0=/etc virtme_rw_overlay1=/lib virtme_rw_overlay2=/home virtme_rw_overlay3=/opt virtme_rw_overlay4=/srv virtme_rw_overlay5=/usr virtme_rw_overlay6=/var virtme_console=ttyS0 virtme_chdir=nipa-data/kernel virtme_root_user=1", will be passed to user space.
[    0.041426] random: crng init done
[    0.041662] printk: log buffer data + meta data: 262144 + 917504 = 1179648 bytes
[    0.042201] Dentry cache hash table entries: 131072 (order: 8, 1048576 bytes, linear)
[    0.042762] Inode-cache hash table entries: 65536 (order: 7, 524288 bytes, linear)
[    0.043374] Fallback order for Node 0: 0 
[    0.043376] Built 1 zonelists, mobility grouping on.  Total pages: 262014
[    0.044124] Policy zone: DMA32
[    0.044338] mem auto-init: stack:all(zero), heap alloc:off, heap free:off
[    0.045280] SLUB: HWalign=64, Order=0-3, MinObjects=0, CPUs=32, Nodes=1
Poking KASLR using RDRAND RDTSC...
[    0.052406] ftrace: allocating 49131 entries in 192 pages
[    0.052779] ftrace: allocated 192 pages with 2 groups
[    0.053702] Dynamic Preempt: voluntary
[    0.054091] rcu: Preemptible hierarchical RCU implementation.
[    0.054488] rcu: RCU event tracing is enabled.
[    0.054799] rcu: RCU restricting CPUs from NR_CPUS=64 to nr_cpu_ids=32.
[    0.055260] Trampoline variant of Tasks RCU enabled.
[    0.055606] Rude variant of Tasks RCU enabled.
[    0.055917] Tracing variant of Tasks RCU enabled.
[    0.056249] rcu: RCU calculated value of scheduler-enlistment delay is 100 jiffies.
[    0.056775] rcu: Adjusting geometry for rcu_fanout_leaf=16, nr_cpu_ids=32
[    0.057247] RCU Tasks: Setting shift to 5 and lim to 1 rcu_task_cb_adjust=1 rcu_task_cpu_ids=32.
[    0.057853] RCU Tasks Rude: Setting shift to 5 and lim to 1 rcu_task_cb_adjust=1 rcu_task_cpu_ids=32.
[    0.058489] RCU Tasks Trace: Setting shift to 5 and lim to 1 rcu_task_cb_adjust=1 rcu_task_cpu_ids=32.
[    0.060873] NR_IRQS: 4352, nr_irqs: 680, preallocated irqs: 16
[    0.061437] rcu: srcu_init: Setting srcu_struct sizes based on contention.
[    0.062045] Console: colour *CGA 80x25
[    0.062309] ACPI: Core revision 20250404
[    0.062642] clocksource: hpet: mask: 0xffffffff max_cycles: 0xffffffff, max_idle_ns: 19112604467 ns
[    0.063321] APIC: Switch to symmetric I/O mode setup
[    0.063804] x2apic enabled
[    0.064157] APIC: Switched APIC routing to: physical x2apic
[    0.064549] kvm-guest: APIC: send_IPI_mask() replaced with kvm_send_ipi_mask()
[    0.065049] kvm-guest: APIC: send_IPI_mask_allbutself() replaced with kvm_send_ipi_mask_allbutself()
[    0.065660] kvm-guest: setup PV IPIs
[    0.066606] ..TIMER: vector=0x30 apic1=0 pin1=2 apic2=-1 pin2=-1
[    0.067355] clocksource: tsc-early: mask: 0xffffffffffffffff max_cycles: 0x40be463295d, max_idle_ns: 440795209293 ns
[    0.068647] Calibrating delay loop (skipped) preset value.. 8983.12 BogoMIPS (lpj=4491564)
[    0.069707] x86/cpu: User Mode Instruction Prevention (UMIP) activated
[    0.070692] Last level iTLB entries: 4KB 512, 2MB 255, 4MB 127
[    0.071399] Last level dTLB entries: 4KB 512, 2MB 255, 4MB 127, 1GB 0
[    0.071652] Speculative Store Bypass: Mitigation: Speculative Store Bypass disabled via prctl
[    0.072646] Speculative Return Stack Overflow: IBPB-extending microcode not applied!
[    0.073646] Speculative Return Stack Overflow: WARNING: See https://kernel.org/doc/html/latest/admin-guide/hw-vuln/srso.html for mitigation options.
[    0.073646] Spectre V2 : Mitigation: Enhanced / Automatic IBRS
[    0.075646] Speculative Return Stack Overflow: Vulnerable: Safe RET, no microcode
[    0.076646] Spectre V1 : Mitigation: usercopy/swapgs barriers and __user pointer sanitization
[    0.077648] Spectre V2 : mitigation: Enabling conditional Indirect Branch Prediction Barrier
[    0.078660] x86/fpu: Supporting XSAVE feature 0x001: 'x87 floating point registers'
[    0.079646] x86/fpu: Supporting XSAVE feature 0x002: 'SSE registers'
[    0.080397] x86/fpu: Supporting XSAVE feature 0x004: 'AVX registers'
[    0.080646] x86/fpu: Supporting XSAVE feature 0x020: 'AVX-512 opmask'
[    0.081646] x86/fpu: Supporting XSAVE feature 0x040: 'AVX-512 Hi256'
[    0.082646] x86/fpu: Supporting XSAVE feature 0x080: 'AVX-512 ZMM_Hi256'
[    0.083443] x86/fpu: Supporting XSAVE feature 0x200: 'Protection Keys User registers'
[    0.083646] x86/fpu: xstate_offset[2]:  576, xstate_sizes[2]:  256
[    0.084646] x86/fpu: xstate_offset[5]:  832, xstate_sizes[5]:   64
[    0.085646] x86/fpu: xstate_offset[6]:  896, xstate_sizes[6]:  512
[    0.086646] x86/fpu: xstate_offset[7]: 1408, xstate_sizes[7]: 1024
[    0.087378] x86/fpu: xstate_offset[9]: 2432, xstate_sizes[9]:    8
[    0.087646] x86/fpu: Enabled xstate features 0x2e7, context size is 2440 bytes, using 'compacted' format.
[    0.103459] Freeing SMP alternatives memory: 44K
[    0.103647] pid_max: default: 32768 minimum: 301
[    0.104214] Mount-cache hash table entries: 2048 (order: 2, 16384 bytes, linear)
[    0.104646] Mountpoint-cache hash table entries: 2048 (order: 2, 16384 bytes, linear)
[    0.105780] smpboot: CPU0: AMD Ryzen 9 7950X 16-Core Processor (family: 0x19, model: 0x61, stepping: 0x2)
[    0.106742] Performance Events: Fam17h+ core perfctr, AMD PMU driver.
[    0.107529] ... version:                0
[    0.107648] ... bit width:              48
[    0.108133] ... generic registers:      6
[    0.108609] ... value mask:             0000ffffffffffff
[    0.108647] ... max period:             00007fffffffffff
[    0.109278] ... fixed-purpose events:   0
[    0.109647] ... event mask:             000000000000003f
[    0.110364] signal: max sigframe size: 3376
[    0.110660] rcu: Hierarchical SRCU implementation.
[    0.111228] rcu: Max phase no-delay instances is 400.
[    0.111670] Timer migration: 2 hierarchy levels; 8 children per group; 2 crossnode level
[    0.114700] smp: Bringing up secondary CPUs ...
[    0.115287] smpboot: x86: Booting SMP configuration:
[    0.115649] .... node  #0, CPUs:        #1  #2  #3  #4  #5  #6  #7  #8  #9 #10 #11 #12 #13 #14 #15 #16 #17 #18 #19 #20 #21 #22 #23 #24 #25 #26 #27 #28 #29 #30 #31
[    0.126733] smp: Brought up 1 node, 32 CPUs
[    0.128153] smpboot: Total of 32 processors activated (287460.09 BogoMIPS)
[    0.129747] Memory: 970996K/1048056K available (16166K kernel code, 2479K rwdata, 6468K rodata, 3212K init, 1636K bss, 62540K reserved, 0K cma-reserved)
[    0.130767] devtmpfs: initialized
[    0.131086] x86/mm: Memory block size: 128MB
[    0.132339] clocksource: jiffies: mask: 0xffffffff max_cycles: 0xffffffff, max_idle_ns: 1911260446275000 ns
[    0.132649] posixtimers hash table entries: 16384 (order: 6, 262144 bytes, linear)
[    0.133662] futex hash table entries: 8192 (524288 bytes on 1 NUMA nodes, total 512 KiB, linear).
[    0.134723] PM: RTC time: 09:08:34, date: 2025-06-05
[    0.135648] NET: Registered PF_NETLINK/PF_ROUTE protocol family
[    0.136502] thermal_sys: Registered thermal governor 'step_wise'
[    0.136512] cpuidle: using governor menu
[    0.137825] PCI: Using configuration type 1 for base access
[    0.138502] PCI: Using configuration type 1 for extended access
[    0.138714] kprobes: kprobe jump-optimization is enabled. All kprobes are optimized if possible.
[    0.146809] HugeTLB: allocation took 0ms with hugepage_allocation_threads=8
[    0.147675] HugeTLB: registered 1.00 GiB page size, pre-allocated 0 pages
[    0.148517] HugeTLB: 16380 KiB vmemmap can be freed for a 1.00 GiB page
[    0.149648] HugeTLB: registered 2.00 MiB page size, pre-allocated 0 pages
[    0.150497] HugeTLB: 28 KiB vmemmap can be freed for a 2.00 MiB page
[    0.152067] ACPI: Added _OSI(Module Device)
[    0.152648] ACPI: Added _OSI(Processor Device)
[    0.153197] ACPI: Added _OSI(Processor Aggregator Device)
[    0.154324] ACPI: 1 ACPI AML tables successfully acquired and loaded
[    0.156106] ACPI: Interpreter enabled
[    0.156656] ACPI: PM: (supports S0 S3 S4 S5)
[    0.157184] ACPI: Using IOAPIC for interrupt routing
[    0.157655] PCI: Using host bridge windows from ACPI; if necessary, use "pci=nocrs" and report a bug
[    0.158647] PCI: Using E820 reservations for host bridge windows
[    0.159482] ACPI: Enabled 2 GPEs in block 00 to 0F
[    0.163386] ACPI: PCI Root Bridge [PCI0] (domain 0000 [bus 00-ff])
[    0.163650] acpi PNP0A03:00: _OSC: OS supports [ExtendedConfig ASPM ClockPM Segments MSI HPX-Type3]
[    0.164738] PCI host bridge to bus 0000:00
[    0.165251] pci_bus 0000:00: root bus resource [io  0x0000-0x0cf7 window]
[    0.166648] pci_bus 0000:00: root bus resource [io  0x0d00-0xffff window]
[    0.167486] pci_bus 0000:00: root bus resource [mem 0x000a0000-0x000bffff window]
[    0.168648] pci_bus 0000:00: root bus resource [mem 0x40000000-0xfebfffff window]
[    0.169581] pci_bus 0000:00: root bus resource [mem 0x100000000-0x17fffffff window]
[    0.169650] pci_bus 0000:00: root bus resource [bus 00-ff]
[    0.170418] pci 0000:00:00.0: [8086:1237] type 00 class 0x060000 conventional PCI endpoint
[    0.171918] pci 0000:00:01.0: [8086:7000] type 00 class 0x060100 conventional PCI endpoint
[    0.173923] pci 0000:00:01.1: [8086:7010] type 00 class 0x010180 conventional PCI endpoint
[    0.175146] pci 0000:00:01.1: BAR 4 [io  0xc0c0-0xc0cf]
[    0.175665] pci 0000:00:01.1: BAR 0 [io  0x01f0-0x01f7]: legacy IDE quirk
[    0.176511] pci 0000:00:01.1: BAR 1 [io  0x03f6]: legacy IDE quirk
[    0.177648] pci 0000:00:01.1: BAR 2 [io  0x0170-0x0177]: legacy IDE quirk
[    0.178492] pci 0000:00:01.1: BAR 3 [io  0x0376]: legacy IDE quirk
[    0.178743] pci 0000:00:01.3: [8086:7113] type 00 class 0x068000 conventional PCI endpoint
[    0.179840] pci 0000:00:01.3: quirk: [io  0x0600-0x063f] claimed by PIIX4 ACPI
[    0.180652] pci 0000:00:01.3: quirk: [io  0x0700-0x070f] claimed by PIIX4 SMB
[    0.181707] pci 0000:00:02.0: [1af4:1009] type 00 class 0x000200 conventional PCI endpoint
[    0.184652] pci 0000:00:02.0: BAR 0 [io  0xc000-0xc03f]
[    0.185313] pci 0000:00:02.0: BAR 1 [mem 0xfebfc000-0xfebfcfff]
[    0.185662] pci 0000:00:02.0: BAR 4 [mem 0xfebf0000-0xfebf3fff 64bit pref]
[    0.187242] pci 0000:00:03.0: [1af4:1009] type 00 class 0x000200 conventional PCI endpoint
[    0.189165] pci 0000:00:03.0: BAR 0 [io  0xc040-0xc07f]
[    0.189651] pci 0000:00:03.0: BAR 1 [mem 0xfebfd000-0xfebfdfff]
[    0.190407] pci 0000:00:03.0: BAR 4 [mem 0xfebf4000-0xfebf7fff 64bit pref]
[    0.192174] pci 0000:00:04.0: [8086:25ab] type 00 class 0x088000 conventional PCI endpoint
[    0.192947] pci 0000:00:04.0: BAR 0 [mem 0xfebfe000-0xfebfe00f]
[    0.194057] pci 0000:00:05.0: [1af4:1003] type 00 class 0x078000 conventional PCI endpoint
[    0.196648] pci 0000:00:05.0: BAR 0 [io  0xc080-0xc0bf]
[    0.197299] pci 0000:00:05.0: BAR 1 [mem 0xfebff000-0xfebfffff]
[    0.197662] pci 0000:00:05.0: BAR 4 [mem 0xfebf8000-0xfebfbfff 64bit pref]
[    0.199249] ACPI: PCI: Interrupt link LNKA configured for IRQ 10
[    0.200751] ACPI: PCI: Interrupt link LNKB configured for IRQ 10
[    0.201599] ACPI: PCI: Interrupt link LNKC configured for IRQ 11
[    0.201741] ACPI: PCI: Interrupt link LNKD configured for IRQ 11
[    0.202557] ACPI: PCI: Interrupt link LNKS configured for IRQ 9
[    0.204483] iommu: Default domain type: Translated
[    0.204648] iommu: DMA domain TLB invalidation policy: lazy mode
[    0.206698] SCSI subsystem initialized
[    0.207170] pps_core: LinuxPPS API ver. 1 registered
[    0.207647] pps_core: Software ver. 5.3.6 - Copyright 2005-2007 Rodolfo Giometti <giometti@linux.it>
[    0.208649] PTP clock support registered
[    0.209665] Advanced Linux Sound Architecture Driver Initialized.
[    0.209929] NET: Registered PF_ATMPVC protocol family
[    0.210567] NET: Registered PF_ATMSVC protocol family
[    0.211653] PCI: Using ACPI for IRQ routing
[    0.212254] vgaarb: loaded
[    0.212651] hpet0: at MMIO 0xfed00000, IRQs 2, 8, 0
[    0.213249] hpet0: 3 comparators, 64-bit 100.000000 MHz counter
[    0.217932] clocksource: Switched to clocksource kvm-clock
[    0.218700] VFS: Disk quotas dquot_6.6.0
[    0.219314] VFS: Dquot-cache hash table entries: 512 (order 0, 4096 bytes)
[    0.220401] pnp: PnP ACPI init
[    0.220977] pnp: PnP ACPI: found 5 devices
[    0.226832] clocksource: acpi_pm: mask: 0xffffff max_cycles: 0xffffff, max_idle_ns: 2085701024 ns
[    0.227946] NET: Registered PF_INET protocol family
[    0.228559] IP idents hash table entries: 16384 (order: 5, 131072 bytes, linear)
[    0.229612] tcp_listen_portaddr_hash hash table entries: 512 (order: 1, 8192 bytes, linear)
[    0.230648] Table-perturb hash table entries: 65536 (order: 6, 262144 bytes, linear)
[    0.231606] TCP established hash table entries: 8192 (order: 4, 65536 bytes, linear)
[    0.232563] TCP bind hash table entries: 8192 (order: 6, 262144 bytes, linear)
[    0.233559] TCP: Hash tables configured (established 8192 bind 8192)
[    0.234361] UDP hash table entries: 512 (order: 3, 32768 bytes, linear)
[    0.235178] UDP-Lite hash table entries: 512 (order: 3, 32768 bytes, linear)
[    0.236069] NET: Registered PF_UNIX/PF_LOCAL protocol family
[    0.236770] pci_bus 0000:00: resource 4 [io  0x0000-0x0cf7 window]
[    0.237530] pci_bus 0000:00: resource 5 [io  0x0d00-0xffff window]
[    0.238290] pci_bus 0000:00: resource 6 [mem 0x000a0000-0x000bffff window]
[    0.239136] pci_bus 0000:00: resource 7 [mem 0x40000000-0xfebfffff window]
[    0.239983] pci_bus 0000:00: resource 8 [mem 0x100000000-0x17fffffff window]
[    0.240871] pci 0000:00:01.0: PIIX3: Enabling Passive Release
[    0.241581] pci 0000:00:00.0: Limiting direct PCI/PCI transfers
[    0.242344] PCI: CLS 0 bytes, default 64
[    0.242884] kvm_intel: VMX not supported by CPU 5
[    0.243469] kvm_amd: TSC scaling supported
[    0.243977] kvm_amd: Nested Virtualization enabled
[    0.244562] kvm_amd: Nested Paging enabled
[    0.245069] kvm_amd: LBR virtualization supported
[    0.245680] kvm_amd: Virtual GIF supported
[    0.246224] kvm_amd: Virtual NMI enabled
[    0.267907] ------------[ cut here ]------------
[    0.268508] WARNING: CPU: 5 PID: 1 at ./arch/x86/include/asm/kvm-x86-ops.h:130 kvm_x86_vendor_init+0x18af/0x1a90
[    0.269797] Modules linked in:
[    0.270179] CPU: 5 UID: 0 PID: 1 Comm: swapper/0 Not tainted 6.15.0-virtme #1 PREEMPT(voluntary) 
[    0.271292] Hardware name: QEMU Ubuntu 24.04 PC (i440FX + PIIX, 1996), BIOS 1.16.3-debian-1.16.3-2 04/01/2014
[    0.272533] RIP: 0010:kvm_x86_vendor_init+0x18af/0x1a90
[    0.273189] Code: e9 e7 f6 ff ff 90 0f 0b 90 e9 01 f7 ff ff 90 0f 0b 90 e9 1b f7 ff ff 90 0f 0b 90 e9 35 f7 ff ff 90 0f 0b 90 e9 4f f7 ff ff 90 <0f> 0b 90 e9 83 f7 ff ff 90 0f 0b 90 e9 39 f8 ff ff 90 0f 0b 90 e9
[    0.275542] RSP: 0018:ffffa7ba40013e10 EFLAGS: 00010246
[    0.276204] RAX: ffffffffa4646c40 RBX: ffffffffa293aae0 RCX: 0000000000000020
[    0.277100] RDX: 0000000000000000 RSI: ffffffffa33c7a78 RDI: ffffffffa3d80e40
[    0.277993] RBP: ffffa7ba40013e78 R08: ffff9b53be76b848 R09: ffffffffa3e66650
[    0.278882] R10: 0000000000000000 R11: ffffffffa465a800 R12: 0000000000000004
[    0.279772] R13: 0000000000000000 R14: ffffffffa43bda60 R15: 0000000000000000
[    0.280659] FS:  0000000000000000(0000) GS:ffff9b541a111000(0000) knlGS:0000000000000000
[    0.281672] CS:  0010 DS: 0000 ES: 0000 CR0: 0000000080050033
[    0.282391] CR2: 0000000000000000 CR3: 0000000016640000 CR4: 0000000000750ef0
[    0.283282] PKRU: 55555554
[    0.283619] Call Trace:
[    0.283927]  <TASK>
[    0.284188]  ? __pfx_svm_init+0x10/0x10
[    0.284666]  svm_init+0x53/0xc0
[    0.285064]  ? srso_alias_return_thunk+0x5/0xfbef5
[    0.285662]  do_one_initcall+0x57/0x230
[    0.286146]  kernel_init_freeable+0x19e/0x2d0
[    0.286689]  ? __pfx_kernel_init+0x10/0x10
[    0.287204]  kernel_init+0x1a/0x1c0
[    0.287637]  ret_from_fork+0x82/0xf0
[    0.288088]  ? __pfx_kernel_init+0x10/0x10
[    0.288596]  ret_from_fork_asm+0x1a/0x30
[    0.289090]  </TASK>
[    0.289361] ---[ end trace 0000000000000000 ]---
[    0.294487] clocksource: tsc: mask: 0xffffffffffffffff max_cycles: 0x40be463295d, max_idle_ns: 440795209293 ns
[    0.299980] Initialise system trusted keyrings
[    0.300580] workingset: timestamp_bits=56 max_order=18 bucket_order=0
[    0.301400] squashfs: version 4.0 (2009/01/31) Phillip Lougher
[    0.302148] fuse: init (API version 7.43)
[    0.302666] 9p: Installing v9fs 9p2000 file system support
[    0.309986] Key type asymmetric registered
[    0.310496] Asymmetric key parser 'x509' registered
[    0.311114] Block layer SCSI generic (bsg) driver version 0.4 loaded (major 249)
[    0.312046] io scheduler mq-deadline registered
[    0.312605] io scheduler kyber registered
[    0.314513] input: Power Button as /devices/LNXSYSTM:00/LNXPWRBN:00/input/input0
[    0.315498] ACPI: button: Power Button [PWRF]
[    0.316443] Warning: Processor Platform Limit event detected, but not handled.
[    0.317304] Consider compiling CPUfreq support into your kernel.
[    0.334653] ACPI: \_SB_.LNKB: Enabled at IRQ 10
[    0.350492] ACPI: \_SB_.LNKC: Enabled at IRQ 11
[    0.366294] ACPI: \_SB_.LNKA: Enabled at IRQ 10
[    0.367330] Serial: 8250/16550 driver, 4 ports, IRQ sharing enabled
[    0.368218] 00:03: ttyS0 at I/O 0x3f8 (irq = 4, base_baud = 115200) is a 16550A
[    0.387722] Non-volatile memory driver v1.3
[    0.388249] Linux agpgart interface v0.103
[    0.388803] ACPI: bus type drm_connector registered
[    0.389594] printk: legacy console [hvc0] enabled
[    0.390191] printk: legacy bootconsole [earlyser0] disabled
          _      _                                    
   __   _(_)_ __| |_ _ __ ___   ___       _ __   __ _ 
   \ \ / / |  __| __|  _   _ \ / _ \_____|  _ \ / _  |
    \ V /| | |  | |_| | | | | |  __/_____| | | | (_| |
     \_/ |_|_|   \__|_| |_| |_|\___|     |_| |_|\__  |
                                                |___/ 
   kernel version: 6.15.0-virtme x86_64
   (CTRL+d to exit)

root@virtme-ng:/nipa-data/kernel# PS1='xx__-> '
xx__-> env
PWD=/nipa-data/kernel
nr_open=1048576
HOME=/
TERM=xterm
SHLVL=2
XDG_RUNTIME_DIR=/run/user/0
PATH=/bin:/sbin:/usr/bin:/usr/sbin:/usr/local/bin
OLDPWD=/
_=/bin/env
xx__-> 