No EFI environment detected.
early console in extract_kernel
input_data: 0x0000000004cbe2c4
input_len: 0x0000000001896a8e
output: 0x0000000001000000
output_len: 0x00000000054df030
kernel_total_size: 0x0000000005030000
needed_size: 0x0000000005600000
trampoline_32bit: 0x000000000009d000
Physical KASLR using RDRAND RDTSC...
Virtual KASLR using RDRAND RDTSC...

Decompressing Linux... Parsing ELF... Performing relocations... done.
Booting the kernel (entry_offset: 0x0000000000000000).
[    0.000000] Linux version 6.11.0-rc6-virtme (root@d7bb32c19166) (gcc (Ubuntu 13.2.0-23ubuntu4) 13.2.0, GNU ld (GNU Binutils for Ubuntu) 2.42) #1 SMP PREEMPT_DYNAMIC Wed Sep 11 03:28:13 UTC 2024
[    0.000000] Command line: virtme_hostname=virtme-ng nr_open=1048576 virtme_link_mods=/nipa-data/kernel/.virtme_mods/lib/modules/0.0.0 virtme_initmount0=nipa-data/kernel virtme_rw_overlay0=/etc virtme_rw_overlay1=/lib virtme_rw_overlay2=/home virtme_rw_overlay3=/opt virtme_rw_overlay4=/srv virtme_rw_overlay5=/usr virtme_rw_overlay6=/var console=hvc0 earlyprintk=serial,ttyS0,115200 virtme_console=ttyS0 psmouse.proto=exps TERM=xterm virtme_chdir=nipa-data/kernel virtme_root_user=1 rootfstype=9p rootflags=version=9p2000.L,trans=virtio,access=any raid=noautodetect ro init=/usr/lib/python3/dist-packages/virtme/guest/virtme-init
[    0.000000] x86/split lock detection: #DB: warning on user-space bus_locks
[    0.000000] BIOS-provided physical RAM map:
[    0.000000] BIOS-e820: [mem 0x0000000000000000-0x000000000009fbff] usable
[    0.000000] BIOS-e820: [mem 0x000000000009fc00-0x000000000009ffff] reserved
[    0.000000] BIOS-e820: [mem 0x00000000000f0000-0x00000000000fffff] reserved
[    0.000000] BIOS-e820: [mem 0x0000000000100000-0x000000003ffdffff] usable
[    0.000000] BIOS-e820: [mem 0x000000003ffe0000-0x000000003fffffff] reserved
[    0.000000] BIOS-e820: [mem 0x00000000feffc000-0x00000000feffffff] reserved
[    0.000000] BIOS-e820: [mem 0x00000000fffc0000-0x00000000ffffffff] reserved
[    0.000000] printk: legacy bootconsole [earlyser0] enabled
[    0.000000] NX (Execute Disable) protection: active
[    0.000000] APIC: Static calls initialized
[    0.000000] SMBIOS 3.0.0 present.
[    0.000000] DMI: QEMU Ubuntu 24.04 PC (i440FX + PIIX, 1996), BIOS 1.16.3-debian-1.16.3-2 04/01/2014
[    0.000000] DMI: Memory slots populated: 1/1
[    0.000000] Hypervisor detected: KVM
[    0.000000] kvm-clock: Using msrs 4b564d01 and 4b564d00
[    0.000001] kvm-clock: using sched offset of 1354703442 cycles
[    0.000744] clocksource: kvm-clock: mask: 0xffffffffffffffff max_cycles: 0x1cd42e4dffb, max_idle_ns: 881590591483 ns
[    0.003075] tsc: Detected 2000.000 MHz processor
[    0.004327] last_pfn = 0x3ffe0 max_arch_pfn = 0x10000000000
[    0.005181] MTRR map: 4 entries (3 fixed + 1 variable; max 19), built from 8 variable MTRRs
[    0.006366] x86/PAT: Configuration [0-7]: WB  WC  UC- UC  WB  WP  UC- WT  
[    0.012654] found SMP MP-table at [mem 0x000f5470-0x000f547f]
[    0.013494] Using GB pages for direct mapping
[    0.014608] ACPI: Early table checksum verification disabled
[    0.015416] ACPI: RSDP 0x00000000000F5290 000014 (v00 BOCHS )
[    0.016238] ACPI: RSDT 0x000000003FFE308E 000034 (v01 BOCHS  BXPC     00000001 BXPC 00000001)
[    0.017463] ACPI: FACP 0x000000003FFE2D8A 000074 (v01 BOCHS  BXPC     00000001 BXPC 00000001)
[    0.018679] ACPI: DSDT 0x000000003FFE0040 002D4A (v01 BOCHS  BXPC     00000001 BXPC 00000001)
[    0.019892] ACPI: FACS 0x000000003FFE0000 000040
[    0.020551] ACPI: APIC 0x000000003FFE2DFE 000230 (v03 BOCHS  BXPC     00000001 BXPC 00000001)
[    0.021770] ACPI: HPET 0x000000003FFE302E 000038 (v01 BOCHS  BXPC     00000001 BXPC 00000001)
[    0.022982] ACPI: WAET 0x000000003FFE3066 000028 (v01 BOCHS  BXPC     00000001 BXPC 00000001)
[    0.024200] ACPI: Reserving FACP table memory at [mem 0x3ffe2d8a-0x3ffe2dfd]
[    0.025202] ACPI: Reserving DSDT table memory at [mem 0x3ffe0040-0x3ffe2d89]
[    0.026199] ACPI: Reserving FACS table memory at [mem 0x3ffe0000-0x3ffe003f]
[    0.027196] ACPI: Reserving APIC table memory at [mem 0x3ffe2dfe-0x3ffe302d]
[    0.028193] ACPI: Reserving HPET table memory at [mem 0x3ffe302e-0x3ffe3065]
[    0.029195] ACPI: Reserving WAET table memory at [mem 0x3ffe3066-0x3ffe308d]
[    0.030687] No NUMA configuration found
[    0.031232] Faking a node at [mem 0x0000000000000000-0x000000003ffdffff]
[    0.032185] NODE_DATA(0) allocated [mem 0x3ffdb000-0x3ffdffff]
[    0.033181] Zone ranges:
[    0.033543]   DMA      [mem 0x0000000000001000-0x0000000000ffffff]
[    0.034422]   DMA32    [mem 0x0000000001000000-0x000000003ffdffff]
[    0.035298]   Normal   empty
[    0.035708]   Device   empty
[    0.036116] Movable zone start for each node
[    0.036721] Early memory node ranges
[    0.037231]   node   0: [mem 0x0000000000001000-0x000000000009efff]
[    0.038121]   node   0: [mem 0x0000000000100000-0x000000003ffdffff]
[    0.039008] Initmem setup node 0 [mem 0x0000000000001000-0x000000003ffdffff]
[    0.040014] On node 0, zone DMA: 1 pages in unavailable ranges
[    0.040946] On node 0, zone DMA: 97 pages in unavailable ranges
[    0.050475] On node 0, zone DMA32: 32 pages in unavailable ranges
[    0.084095] kasan: KernelAddressSanitizer initialized
[    0.085356] ACPI: PM-Timer IO Port: 0x608
[    0.085954] ACPI: LAPIC_NMI (acpi_id[0xff] dfl dfl lint[0x1])
[    0.086824] IOAPIC[0]: apic_id 0, version 17, address 0xfec00000, GSI 0-23
[    0.087799] ACPI: INT_SRC_OVR (bus 0 bus_irq 0 global_irq 2 dfl dfl)
[    0.088701] ACPI: INT_SRC_OVR (bus 0 bus_irq 5 global_irq 5 high level)
[    0.089643] ACPI: INT_SRC_OVR (bus 0 bus_irq 9 global_irq 9 high level)
[    0.090580] ACPI: INT_SRC_OVR (bus 0 bus_irq 10 global_irq 10 high level)
[    0.091539] ACPI: INT_SRC_OVR (bus 0 bus_irq 11 global_irq 11 high level)
[    0.092502] ACPI: Using ACPI (MADT) for SMP configuration information
[    0.093424] ACPI: HPET id: 0x8086a201 base: 0xfed00000
[    0.094159] TSC deadline timer available
[    0.094720] CPU topo: Max. logical packages:   1
[    0.095374] CPU topo: Max. logical dies:       1
[    0.096026] CPU topo: Max. dies per package:   1
[    0.096683] CPU topo: Max. threads per core:   1
[    0.097342] CPU topo: Num. cores per package:    56
[    0.098034] CPU topo: Num. threads per package:  56
[    0.098724] CPU topo: Allowing 56 present CPUs plus 0 hotplug CPUs
[    0.099632] kvm-guest: APIC: eoi() replaced with kvm_guest_apic_eoi_write()
[    0.100640] kvm-guest: KVM setup pv remote TLB flush
[    0.101443] kvm-guest: setup PV sched yield
[    0.102045] PM: hibernation: Registered nosave memory: [mem 0x00000000-0x00000fff]
[    0.103116] PM: hibernation: Registered nosave memory: [mem 0x0009f000-0x0009ffff]
[    0.104186] PM: hibernation: Registered nosave memory: [mem 0x000a0000-0x000effff]
[    0.105261] PM: hibernation: Registered nosave memory: [mem 0x000f0000-0x000fffff]
[    0.106331] [mem 0x40000000-0xfeffbfff] available for PCI devices
[    0.107192] Booting paravirtualized kernel on KVM
[    0.107859] clocksource: refined-jiffies: mask: 0xffffffff max_cycles: 0xffffffff, max_idle_ns: 1910969940391419 ns
[    0.130445] setup_percpu: NR_CPUS:64 nr_cpumask_bits:56 nr_cpu_ids:56 nr_node_ids:1
[    0.141052] percpu: Embedded 70 pages/cpu s248024 r8192 d30504 u524288
[    0.142192] Kernel command line: virtme_hostname=virtme-ng nr_open=1048576 virtme_link_mods=/nipa-data/kernel/.virtme_mods/lib/modules/0.0.0 virtme_initmount0=nipa-data/kernel virtme_rw_overlay0=/etc virtme_rw_overlay1=/lib virtme_rw_overlay2=/home virtme_rw_overlay3=/opt virtme_rw_overlay4=/srv virtme_rw_overlay5=/usr virtme_rw_overlay6=/var console=hvc0 earlyprintk=serial,ttyS0,115200 virtme_console=ttyS0 psmouse.proto=exps TERM=xterm virtme_chdir=nipa-data/kernel virtme_root_user=1 rootfstype=9p rootflags=version=9p2000.L,trans=virtio,access=any raid=noautodetect ro init=/usr/lib/python3/dist-packages/virtme/guest/virtme-init
[    0.150504] Unknown kernel command line parameters "virtme_hostname=virtme-ng nr_open=1048576 virtme_link_mods=/nipa-data/kernel/.virtme_mods/lib/modules/0.0.0 virtme_initmount0=nipa-data/kernel virtme_rw_overlay0=/etc virtme_rw_overlay1=/lib virtme_rw_overlay2=/home virtme_rw_overlay3=/opt virtme_rw_overlay4=/srv virtme_rw_overlay5=/usr virtme_rw_overlay6=/var virtme_console=ttyS0 virtme_chdir=nipa-data/kernel virtme_root_user=1", will be passed to user space.
[    0.156384] random: crng init done
[    0.156880] printk: log_buf_len individual max cpu contribution: 4096 bytes
[    0.157881] printk: log_buf_len total cpu_extra contributions: 225280 bytes
[    0.158881] printk: log_buf_len min size: 262144 bytes
[    0.160513] printk: log_buf_len: 524288 bytes
[    0.161173] printk: early log buf free: 253864(96%)
[    0.162371] Dentry cache hash table entries: 131072 (order: 8, 1048576 bytes, linear)
[    0.163578] Inode-cache hash table entries: 65536 (order: 7, 524288 bytes, linear)
[    0.167329] Fallback order for Node 0: 0 
[    0.167345] Built 1 zonelists, mobility grouping on.  Total pages: 262014
[    0.168843] Policy zone: DMA32
[    0.169260] mem auto-init: stack:all(zero), heap alloc:off, heap free:off
[    0.170186] stackdepot: allocating hash table via alloc_large_system_hash
[    0.171112] stackdepot hash table entries: 1048576 (order: 12, 16777216 bytes, linear)
[    0.195943] SLUB: HWalign=64, Order=0-3, MinObjects=0, CPUs=56, Nodes=1
Poking KASLR using RDRAND RDTSC...
[    0.197452] ftrace: allocating 48384 entries in 189 pages
[    0.216928] ftrace: allocated 189 pages with 6 groups
[    0.219589] Dynamic Preempt: voluntary
[    0.222162] rcu: Preemptible hierarchical RCU implementation.
[    0.222952] rcu: RCU event tracing is enabled.
[    0.223569] rcu: RCU restricting CPUs from NR_CPUS=64 to nr_cpu_ids=56.
[    0.224482] Trampoline variant of Tasks RCU enabled.
[    0.225178] Rude variant of Tasks RCU enabled.
[    0.225793] Tracing variant of Tasks RCU enabled.
[    0.226446] rcu: RCU calculated value of scheduler-enlistment delay is 100 jiffies.
[    0.227488] rcu: Adjusting geometry for rcu_fanout_leaf=16, nr_cpu_ids=56
[    0.228717] RCU Tasks: Setting shift to 6 and lim to 1 rcu_task_cb_adjust=1.
[    0.229684] RCU Tasks Rude: Setting shift to 6 and lim to 1 rcu_task_cb_adjust=1.
[    0.230707] RCU Tasks Trace: Setting shift to 6 and lim to 1 rcu_task_cb_adjust=1.
[    0.251882] NR_IRQS: 4352, nr_irqs: 872, preallocated irqs: 16
[    0.253243] rcu: srcu_init: Setting srcu_struct sizes based on contention.
[    0.254653] Console: colour *CGA 80x25
[    0.255280] ACPI: Core revision 20240322
[    0.256180] clocksource: hpet: mask: 0xffffffff max_cycles: 0xffffffff, max_idle_ns: 19112604467 ns
[    0.257563] APIC: Switch to symmetric I/O mode setup
[    0.258439] APIC: Switched APIC routing to: physical flat
[    0.259514] kvm-guest: APIC: send_IPI_mask() replaced with kvm_send_ipi_mask()
[    0.260520] kvm-guest: APIC: send_IPI_mask_allbutself() replaced with kvm_send_ipi_mask_allbutself()
[    0.261829] kvm-guest: setup PV IPIs
[    0.264004] ..TIMER: vector=0x30 apic1=0 pin1=2 apic2=-1 pin2=-1
[    0.265363] clocksource: tsc-early: mask: 0xffffffffffffffff max_cycles: 0x39a85c9bff6, max_idle_ns: 881590591483 ns
[    0.267729] Calibrating delay loop (skipped) preset value.. 4000.00 BogoMIPS (lpj=2000000)
[    0.269895] x86/cpu: User Mode Instruction Prevention (UMIP) activated
[    0.270871] Last level iTLB entries: 4KB 0, 2MB 0, 4MB 0
[    0.271723] Last level dTLB entries: 4KB 0, 2MB 0, 4MB 0, 1GB 0
[    0.272745] Spectre V1 : Mitigation: usercopy/swapgs barriers and __user pointer sanitization
[    0.273732] Spectre V2 : Spectre BHI mitigation: SW BHB clearing on syscall and VM exit
[    0.274723] Spectre V2 : Mitigation: Enhanced / Automatic IBRS
[    0.275726] Spectre V2 : Spectre v2 / SpectreRSB mitigation: Filling RSB on context switch
[    0.276732] Spectre V2 : Spectre v2 / PBRSB-eIBRS: Retire a single CALL on VMEXIT
[    0.277740] Spectre V2 : mitigation: Enabling conditional Indirect Branch Prediction Barrier
[    0.278737] Speculative Store Bypass: Mitigation: Speculative Store Bypass disabled via prctl
[    0.279732] TAA: Mitigation: TSX disabled
[    0.280819] x86/fpu: Supporting XSAVE feature 0x001: 'x87 floating point registers'
[    0.281731] x86/fpu: Supporting XSAVE feature 0x002: 'SSE registers'
[    0.282732] x86/fpu: Supporting XSAVE feature 0x004: 'AVX registers'
[    0.283732] x86/fpu: Supporting XSAVE feature 0x020: 'AVX-512 opmask'
[    0.284732] x86/fpu: Supporting XSAVE feature 0x040: 'AVX-512 Hi256'
[    0.285732] x86/fpu: Supporting XSAVE feature 0x080: 'AVX-512 ZMM_Hi256'
[    0.286726] x86/fpu: Supporting XSAVE feature 0x200: 'Protection Keys User registers'
[    0.287732] x86/fpu: Supporting XSAVE feature 0x20000: 'AMX Tile config'
[    0.288732] x86/fpu: Supporting XSAVE feature 0x40000: 'AMX Tile data'
[    0.289733] x86/fpu: xstate_offset[2]:  576, xstate_sizes[2]:  256
[    0.290727] x86/fpu: xstate_offset[5]:  832, xstate_sizes[5]:   64
[    0.291733] x86/fpu: xstate_offset[6]:  896, xstate_sizes[6]:  512
[    0.292726] x86/fpu: xstate_offset[7]: 1408, xstate_sizes[7]: 1024
[    0.293732] x86/fpu: xstate_offset[9]: 2432, xstate_sizes[9]:    8
[    0.294733] x86/fpu: xstate_offset[17]: 2496, xstate_sizes[17]:   64
[    0.295732] x86/fpu: xstate_offset[18]: 2560, xstate_sizes[18]: 8192
[    0.296732] x86/fpu: Enabled xstate features 0x602e7, context size is 10752 bytes, using 'compacted' format.
[    0.341755] Freeing SMP alternatives memory: 40K
[    0.342728] pid_max: default: 57344 minimum: 448
[    0.344051] Mount-cache hash table entries: 2048 (order: 2, 16384 bytes, linear)
[    0.344727] Mountpoint-cache hash table entries: 2048 (order: 2, 16384 bytes, linear)
[    0.347356] smpboot: CPU0: Intel(R) Xeon(R) Platinum 8480+ (family: 0x6, model: 0x8f, stepping: 0x6)
[    0.348528] Performance Events: PEBS fmt0-, Sapphire Rapids events, full-width counters, Intel PMU driver.
[    0.348730] ... version:                2
[    0.349529] ... bit width:              48
[    0.349725] ... generic registers:      8
[    0.350520] ... value mask:             0000ffffffffffff
[    0.350725] ... max period:             00007fffffffffff
[    0.351725] ... fixed-purpose events:   3
[    0.352515] ... event mask:             00000007000000ff
[    0.353083] signal: max sigframe size: 11952
[    0.353795] rcu: Hierarchical SRCU implementation.
[    0.354725] rcu: Max phase no-delay instances is 400.
[    0.355840] Timer migration: 2 hierarchy levels; 8 children per group; 2 crossnode level
[    0.359421] smp: Bringing up secondary CPUs ...
[    0.360025] smpboot: x86: Booting SMP configuration:
[    0.360730] .... node  #0, CPUs:        #1  #2  #3  #4  #5  #6  #7  #8  #9 #10 #11 #12 #13 #14 #15 #16 #17 #18 #19 #20 #21 #22 #23 #24 #25 #26 #27 #28 #29 #30 #31 #32 #33 #34 #35 #36 #37 #38 #39 #40 #41 #42 #43 #44 #45 #46 #47 #48 #49 #50 #51 #52 #53 #54 #55
[    0.425878] smp: Brought up 1 node, 56 CPUs
[    0.427562] smpboot: Total of 56 processors activated (224000.00 BogoMIPS)
[    0.443108] Memory: 742808K/1048056K available (45056K kernel code, 11295K rwdata, 9928K rodata, 5956K init, 1968K bss, 280352K reserved, 0K cma-reserved)
[    0.444725] devtmpfs: initialized
[    0.445746] x86/mm: Memory block size: 128MB
[    0.456137] clocksource: jiffies: mask: 0xffffffff max_cycles: 0xffffffff, max_idle_ns: 1911260446275000 ns
[    0.456750] futex hash table entries: 16384 (order: 8, 1048576 bytes, linear)
[    0.458727] PM: RTC time: 03:28:58, date: 2024-09-11
[    0.462897] NET: Registered PF_NETLINK/PF_ROUTE protocol family
[    0.464913] thermal_sys: Registered thermal governor 'step_wise'
[    0.464917] thermal_sys: Registered thermal governor 'user_space'
[    0.465799] cpuidle: using governor menu
[    0.470185] PCI: Using configuration type 1 for base access
[    0.470912] kprobes: kprobe jump-optimization is enabled. All kprobes are optimized if possible.
[    0.520053] HugeTLB: registered 1.00 GiB page size, pre-allocated 0 pages
[    0.521731] HugeTLB: 16380 KiB vmemmap can be freed for a 1.00 GiB page
[    0.522728] HugeTLB: registered 2.00 MiB page size, pre-allocated 0 pages
[    0.524726] HugeTLB: 28 KiB vmemmap can be freed for a 2.00 MiB page
[    0.528224] ACPI: Added _OSI(Module Device)
[    0.528727] ACPI: Added _OSI(Processor Device)
[    0.529726] ACPI: Added _OSI(3.0 _SCP Extensions)
[    0.530726] ACPI: Added _OSI(Processor Aggregator Device)
[    0.561675] ACPI: 1 ACPI AML tables successfully acquired and loaded
[    0.572856] ACPI: Interpreter enabled
[    0.572856] ACPI: PM: (supports S0 S3 S4 S5)
[    0.573609] ACPI: Using IOAPIC for interrupt routing
[    0.573721] PCI: Using host bridge windows from ACPI; if necessary, use "pci=nocrs" and report a bug
[    0.576727] PCI: Using E820 reservations for host bridge windows
[    0.579187] ACPI: Enabled 2 GPEs in block 00 to 0F
[    0.641343] ACPI: PCI Root Bridge [PCI0] (domain 0000 [bus 00-ff])
[    0.642744] acpi PNP0A03:00: _OSC: OS supports [ASPM ClockPM Segments MSI HPX-Type3]
[    0.643727] acpi PNP0A03:00: _OSC: not requesting OS control; OS requires [ExtendedConfig ASPM ClockPM MSI]
[    0.645859] acpi PNP0A03:00: fail to add MMCONFIG information, can't access extended configuration space under this bridge
[    0.648164] PCI host bridge to bus 0000:00
[    0.648790] pci_bus 0000:00: root bus resource [io  0x0000-0x0cf7 window]
[    0.649728] pci_bus 0000:00: root bus resource [io  0x0d00-0xffff window]
[    0.650728] pci_bus 0000:00: root bus resource [mem 0x000a0000-0x000bffff window]
[    0.652728] pci_bus 0000:00: root bus resource [mem 0x40000000-0xfebfffff window]
[    0.653728] pci_bus 0000:00: root bus resource [mem 0x100000000-0x17fffffff window]
[    0.654729] pci_bus 0000:00: root bus resource [bus 00-ff]
[    0.655796] pci 0000:00:00.0: [8086:1237] type 00 class 0x060000 conventional PCI endpoint
[    0.658975] pci 0000:00:01.0: [8086:7000] type 00 class 0x060100 conventional PCI endpoint
[    0.662114] pci 0000:00:01.1: [8086:7010] type 00 class 0x010180 conventional PCI endpoint
[    0.666046] pci 0000:00:01.1: BAR 4 [io  0xc0c0-0xc0cf]
[    0.668094] pci 0000:00:01.1: BAR 0 [io  0x01f0-0x01f7]: legacy IDE quirk
[    0.668721] pci 0000:00:01.1: BAR 1 [io  0x03f6]: legacy IDE quirk
[    0.670725] pci 0000:00:01.1: BAR 2 [io  0x0170-0x0177]: legacy IDE quirk
[    0.671725] pci 0000:00:01.1: BAR 3 [io  0x0376]: legacy IDE quirk
[    0.674710] pci 0000:00:01.3: [8086:7113] type 00 class 0x068000 conventional PCI endpoint
[    0.677338] pci 0000:00:01.3: quirk: [io  0x0600-0x063f] claimed by PIIX4 ACPI
[    0.678736] pci 0000:00:01.3: quirk: [io  0x0700-0x070f] claimed by PIIX4 SMB
[    0.680754] pci 0000:00:02.0: [1af4:1009] type 00 class 0x000200 conventional PCI endpoint
[    0.683737] pci 0000:00:02.0: BAR 0 [io  0xc000-0xc03f]
[    0.685728] pci 0000:00:02.0: BAR 1 [mem 0xfebfc000-0xfebfcfff]
[    0.691729] pci 0000:00:02.0: BAR 4 [mem 0xfebf0000-0xfebf3fff 64bit pref]
[    0.706721] pci 0000:00:03.0: [1af4:1009] type 00 class 0x000200 conventional PCI endpoint
[    0.709673] pci 0000:00:03.0: BAR 0 [io  0xc040-0xc07f]
[    0.711601] pci 0000:00:03.0: BAR 1 [mem 0xfebfd000-0xfebfdfff]
[    0.715731] pci 0000:00:03.0: BAR 4 [mem 0xfebf4000-0xfebf7fff 64bit pref]
[    0.729577] pci 0000:00:04.0: [8086:25ab] type 00 class 0x088000 conventional PCI endpoint
[    0.731139] pci 0000:00:04.0: BAR 0 [mem 0xfebfe000-0xfebfe00f]
[    0.745431] pci 0000:00:05.0: [1af4:1003] type 00 class 0x078000 conventional PCI endpoint
[    0.747596] pci 0000:00:05.0: BAR 0 [io  0xc080-0xc0bf]
[    0.748584] pci 0000:00:05.0: BAR 1 [mem 0xfebff000-0xfebfffff]
[    0.752731] pci 0000:00:05.0: BAR 4 [mem 0xfebf8000-0xfebfbfff 64bit pref]
[    0.769347] ACPI: PCI: Interrupt link LNKA configured for IRQ 10
[    0.770807] ACPI: PCI: Interrupt link LNKB configured for IRQ 10
[    0.773098] ACPI: PCI: Interrupt link LNKC configured for IRQ 11
[    0.774763] ACPI: PCI: Interrupt link LNKD configured for IRQ 11
[    0.775721] ACPI: PCI: Interrupt link LNKS configured for IRQ 9
[    0.807721] iommu: Default domain type: Translated
[    0.809726] iommu: DMA domain TLB invalidation policy: lazy mode
[    0.811322] SCSI subsystem initialized
[    0.813008] pps_core: LinuxPPS API ver. 1 registered
[    0.813728] pps_core: Software ver. 5.3.6 - Copyright 2005-2007 Rodolfo Giometti <giometti@linux.it>
[    0.814742] PTP clock support registered
[    0.816969] Advanced Linux Sound Architecture Driver Initialized.
[    0.819721] NET: Registered PF_ATMPVC protocol family
[    0.821728] NET: Registered PF_ATMSVC protocol family
[    0.822757] PCI: Using ACPI for IRQ routing
[    0.824852] vgaarb: loaded
[    0.824948] hpet0: at MMIO 0xfed00000, IRQs 2, 8, 0
[    0.826725] hpet0: 3 comparators, 64-bit 100.000000 MHz counter
[    0.830348] clocksource: Switched to clocksource kvm-clock
[    0.831690] VFS: Disk quotas dquot_6.6.0
[    0.832535] VFS: Dquot-cache hash table entries: 512 (order 0, 4096 bytes)
[    0.838781] pnp: PnP ACPI init
[    0.843848] pnp: PnP ACPI: found 5 devices
[    0.879325] clocksource: acpi_pm: mask: 0xffffff max_cycles: 0xffffff, max_idle_ns: 2085701024 ns
[    0.881275] NET: Registered PF_INET protocol family
[    0.882360] IP idents hash table entries: 16384 (order: 5, 131072 bytes, linear)
[    0.884614] tcp_listen_portaddr_hash hash table entries: 512 (order: 1, 8192 bytes, linear)
[    0.886324] Table-perturb hash table entries: 65536 (order: 6, 262144 bytes, linear)
[    0.887919] TCP established hash table entries: 8192 (order: 4, 65536 bytes, linear)
[    0.889504] TCP bind hash table entries: 8192 (order: 6, 262144 bytes, linear)
[    0.890978] TCP: Hash tables configured (established 8192 bind 8192)
[    0.892945] UDP hash table entries: 512 (order: 2, 16384 bytes, linear)
[    0.894319] UDP-Lite hash table entries: 512 (order: 2, 16384 bytes, linear)
[    0.896166] NET: Registered PF_UNIX/PF_LOCAL protocol family
[    0.897353] pci_bus 0000:00: resource 4 [io  0x0000-0x0cf7 window]
[    0.898597] pci_bus 0000:00: resource 5 [io  0x0d00-0xffff window]
[    0.899841] pci_bus 0000:00: resource 6 [mem 0x000a0000-0x000bffff window]
[    0.901221] pci_bus 0000:00: resource 7 [mem 0x40000000-0xfebfffff window]
[    0.902612] pci_bus 0000:00: resource 8 [mem 0x100000000-0x17fffffff window]
[    0.904263] pci 0000:00:01.0: PIIX3: Enabling Passive Release
[    0.905443] pci 0000:00:00.0: Limiting direct PCI/PCI transfers
[    0.906732] PCI: CLS 0 bytes, default 64
[    0.924294] RAPL PMU: API unit is 2^-32 Joules, 1 fixed counters, 10737418240 ms ovfl timer
[    0.926102] RAPL PMU: hw unit of domain psys 2^-0 Joules
[    1.272156] kwatchdog (374) used greatest stack depth: 30696 bytes left
[    1.509462] kvm_amd: CPU 54 isn't AMD or Hygon
[    1.510392] clocksource: tsc: mask: 0xffffffffffffffff max_cycles: 0x39a85c9bff6, max_idle_ns: 881590591483 ns
[    1.658372] Initialise system trusted keyrings
[    1.660216] workingset: timestamp_bits=56 max_order=18 bucket_order=0
[    1.661971] squashfs: version 4.0 (2009/01/31) Phillip Lougher
[    1.663204] fuse: init (API version 7.40)
[    1.664557] 9p: Installing v9fs 9p2000 file system support
[    1.684444] Key type asymmetric registered
[    1.685287] Asymmetric key parser 'x509' registered
[    1.686351] Block layer SCSI generic (bsg) driver version 0.4 loaded (major 249)
[    1.687899] io scheduler mq-deadline registered
[    1.688824] io scheduler kyber registered
[    1.711182] input: Power Button as /devices/LNXSYSTM:00/LNXPWRBN:00/input/input0
[    1.713358] ACPI: button: Power Button [PWRF]
[    1.717425] Warning: Processor Platform Limit event detected, but not handled.
[    1.720070] Consider compiling CPUfreq support into your kernel.
[    2.642190] ACPI: \_SB_.LNKB: Enabled at IRQ 10
[    3.523920] ACPI: \_SB_.LNKC: Enabled at IRQ 11
[    4.316053] ACPI: \_SB_.LNKA: Enabled at IRQ 10
[    4.317941] Serial: 8250/16550 driver, 4 ports, IRQ sharing enabled
[    4.319080] 00:03: ttyS0 at I/O 0x3f8 (irq = 4, base_baud = 115200) is a 16550A
[    4.346886] Non-volatile memory driver v1.3
[    4.347362] Linux agpgart interface v0.103
[    4.348410] ACPI: bus type drm_connector registered
[    4.351431] printk: legacy console [hvc0] enabled
[    4.352463] printk: legacy bootconsole [earlyser0] disabled
          _      _                                    
   __   _(_)_ __| |_ _ __ ___   ___       _ __   __ _ 
   \ \ / / |  __| __|  _   _ \ / _ \_____|  _ \ / _  |
    \ V /| | |  | |_| | | | | |  __/_____| | | | (_| |
     \_/ |_|_|   \__|_| |_| |_|\___|     |_| |_|\__  |
                                                |___/ 
   kernel version: 6.11.0-rc6-virtme x86_64
   (CTRL+d to exit)

root@virtme-ng:/nipa-data/kernel# PS1='xx__-> '
xx__-> env
PWD=/nipa-data/kernel
nr_open=1048576
HOME=/
TERM=xterm
SHLVL=2
XDG_RUNTIME_DIR=/run/user/0
PATH=/bin:/sbin:/usr/bin:/usr/sbin:/usr/local/bin
OLDPWD=/
_=/bin/env
xx__-> 