No EFI environment detected.
early console in extract_kernel
input_data: 0x0000000002be82c4
input_len: 0x0000000000b55dfb
output: 0x0000000001000000
output_len: 0x00000000026f5ec8
kernel_total_size: 0x0000000002430000
needed_size: 0x0000000002800000
trampoline_32bit: 0x000000000009d000
Physical KASLR using RDRAND RDTSC...
Virtual KASLR using RDRAND RDTSC...

Decompressing Linux... Parsing ELF... Performing relocations... done.
Booting the kernel (entry_offset: 0x0000000000000000).
[    0.000000] Linux version 6.10.0-virtme (root@fe1d27f912f1) (gcc (Ubuntu 13.2.0-23ubuntu4) 13.2.0, GNU ld (GNU Binutils for Ubuntu) 2.42) #1 SMP PREEMPT_DYNAMIC Thu Aug  1 06:07:11 UTC 2024
[    0.000000] Command line: virtme_hostname=virtme-ng nr_open=1048576 virtme_link_mods=/nipa-data/kernel/.virtme_mods/lib/modules/0.0.0 virtme_initmount0=nipa-data/kernel virtme_rw_overlay0=/etc virtme_rw_overlay1=/lib virtme_rw_overlay2=/home virtme_rw_overlay3=/opt virtme_rw_overlay4=/srv virtme_rw_overlay5=/usr virtme_rw_overlay6=/var console=hvc0 earlyprintk=serial,ttyS0,115200 virtme_console=ttyS0 psmouse.proto=exps TERM=xterm virtme_chdir=nipa-data/kernel virtme_root_user=1 rootfstype=9p rootflags=version=9p2000.L,trans=virtio,access=any raid=noautodetect ro init=/usr/lib/python3/dist-packages/virtme/guest/virtme-init
[    0.000000] x86/split lock detection: #DB: warning on user-space bus_locks
[    0.000000] BIOS-provided physical RAM map:
[    0.000000] BIOS-e820: [mem 0x0000000000000000-0x000000000009fbff] usable
[    0.000000] BIOS-e820: [mem 0x000000000009fc00-0x000000000009ffff] reserved
[    0.000000] BIOS-e820: [mem 0x00000000000f0000-0x00000000000fffff] reserved
[    0.000000] BIOS-e820: [mem 0x0000000000100000-0x000000003ffdffff] usable
[    0.000000] BIOS-e820: [mem 0x000000003ffe0000-0x000000003fffffff] reserved
[    0.000000] BIOS-e820: [mem 0x00000000feffc000-0x00000000feffffff] reserved
[    0.000000] BIOS-e820: [mem 0x00000000fffc0000-0x00000000ffffffff] reserved
[    0.000000] printk: legacy bootconsole [earlyser0] enabled
[    0.000000] NX (Execute Disable) protection: active
[    0.000000] APIC: Static calls initialized
[    0.000000] SMBIOS 3.0.0 present.
[    0.000000] DMI: QEMU Ubuntu 24.04 PC (i440FX + PIIX, 1996), BIOS 1.16.3-debian-1.16.3-2 04/01/2014
[    0.000000] DMI: Memory slots populated: 1/1
[    0.000000] Hypervisor detected: KVM
[    0.000000] kvm-clock: Using msrs 4b564d01 and 4b564d00
[    0.000001] kvm-clock: using sched offset of 938309008 cycles
[    0.000750] clocksource: kvm-clock: mask: 0xffffffffffffffff max_cycles: 0x1cd42e4dffb, max_idle_ns: 881590591483 ns
[    0.003079] tsc: Detected 2000.000 MHz processor
[    0.004358] last_pfn = 0x3ffe0 max_arch_pfn = 0x10000000000
[    0.005214] MTRR map: 4 entries (3 fixed + 1 variable; max 19), built from 8 variable MTRRs
[    0.006413] x86/PAT: Configuration [0-7]: WB  WC  UC- UC  WB  WP  UC- WT  
Memory KASLR using RDRAND RDTSC...
[    0.013898] found SMP MP-table at [mem 0x000f5470-0x000f547f]
[    0.014735] Using GB pages for direct mapping
[    0.015507] ACPI: Early table checksum verification disabled
[    0.016318] ACPI: RSDP 0x00000000000F5290 000014 (v00 BOCHS )
[    0.017142] ACPI: RSDT 0x000000003FFE308E 000034 (v01 BOCHS  BXPC     00000001 BXPC 00000001)
[    0.018367] ACPI: FACP 0x000000003FFE2D8A 000074 (v01 BOCHS  BXPC     00000001 BXPC 00000001)
[    0.019594] ACPI: DSDT 0x000000003FFE0040 002D4A (v01 BOCHS  BXPC     00000001 BXPC 00000001)
[    0.020813] ACPI: FACS 0x000000003FFE0000 000040
[    0.021474] ACPI: APIC 0x000000003FFE2DFE 000230 (v03 BOCHS  BXPC     00000001 BXPC 00000001)
[    0.022693] ACPI: HPET 0x000000003FFE302E 000038 (v01 BOCHS  BXPC     00000001 BXPC 00000001)
[    0.023915] ACPI: WAET 0x000000003FFE3066 000028 (v01 BOCHS  BXPC     00000001 BXPC 00000001)
[    0.025131] ACPI: Reserving FACP table memory at [mem 0x3ffe2d8a-0x3ffe2dfd]
[    0.026138] ACPI: Reserving DSDT table memory at [mem 0x3ffe0040-0x3ffe2d89]
[    0.027147] ACPI: Reserving FACS table memory at [mem 0x3ffe0000-0x3ffe003f]
[    0.028153] ACPI: Reserving APIC table memory at [mem 0x3ffe2dfe-0x3ffe302d]
[    0.029158] ACPI: Reserving HPET table memory at [mem 0x3ffe302e-0x3ffe3065]
[    0.030164] ACPI: Reserving WAET table memory at [mem 0x3ffe3066-0x3ffe308d]
[    0.031520] No NUMA configuration found
[    0.032069] Faking a node at [mem 0x0000000000000000-0x000000003ffdffff]
[    0.033029] NODE_DATA(0) allocated [mem 0x3ffdb000-0x3ffdffff]
[    0.033988] Zone ranges:
[    0.034353]   DMA      [mem 0x0000000000001000-0x0000000000ffffff]
[    0.035257]   DMA32    [mem 0x0000000001000000-0x000000003ffdffff]
[    0.036141]   Normal   empty
[    0.036552]   Device   empty
[    0.036963] Movable zone start for each node
[    0.037573] Early memory node ranges
[    0.038083]   node   0: [mem 0x0000000000001000-0x000000000009efff]
[    0.038981]   node   0: [mem 0x0000000000100000-0x000000003ffdffff]
[    0.039890] Initmem setup node 0 [mem 0x0000000000001000-0x000000003ffdffff]
[    0.040902] On node 0, zone DMA: 1 pages in unavailable ranges
[    0.041772] On node 0, zone DMA: 97 pages in unavailable ranges
[    0.046269] On node 0, zone DMA32: 32 pages in unavailable ranges
[    0.047685] ACPI: PM-Timer IO Port: 0x608
[    0.048280] ACPI: LAPIC_NMI (acpi_id[0xff] dfl dfl lint[0x1])
[    0.049154] IOAPIC[0]: apic_id 0, version 17, address 0xfec00000, GSI 0-23
[    0.050140] ACPI: INT_SRC_OVR (bus 0 bus_irq 0 global_irq 2 dfl dfl)
[    0.051048] ACPI: INT_SRC_OVR (bus 0 bus_irq 5 global_irq 5 high level)
[    0.051996] ACPI: INT_SRC_OVR (bus 0 bus_irq 9 global_irq 9 high level)
[    0.052941] ACPI: INT_SRC_OVR (bus 0 bus_irq 10 global_irq 10 high level)
[    0.053911] ACPI: INT_SRC_OVR (bus 0 bus_irq 11 global_irq 11 high level)
[    0.054887] ACPI: Using ACPI (MADT) for SMP configuration information
[    0.055811] ACPI: HPET id: 0x8086a201 base: 0xfed00000
[    0.056548] TSC deadline timer available
[    0.057112] CPU topo: Max. logical packages:   1
[    0.057772] CPU topo: Max. logical dies:       1
[    0.058430] CPU topo: Max. dies per package:   1
[    0.059097] CPU topo: Max. threads per core:   1
[    0.059756] CPU topo: Num. cores per package:    56
[    0.060452] CPU topo: Num. threads per package:  56
[    0.061149] CPU topo: Allowing 56 present CPUs plus 0 hotplug CPUs
[    0.062054] kvm-guest: APIC: eoi() replaced with kvm_guest_apic_eoi_write()
[    0.063067] kvm-guest: KVM setup pv remote TLB flush
[    0.063784] kvm-guest: setup PV sched yield
[    0.064386] PM: hibernation: Registered nosave memory: [mem 0x00000000-0x00000fff]
[    0.065470] PM: hibernation: Registered nosave memory: [mem 0x0009f000-0x0009ffff]
[    0.066561] PM: hibernation: Registered nosave memory: [mem 0x000a0000-0x000effff]
[    0.067645] PM: hibernation: Registered nosave memory: [mem 0x000f0000-0x000fffff]
[    0.068725] [mem 0x40000000-0xfeffbfff] available for PCI devices
[    0.069598] Booting paravirtualized kernel on KVM
[    0.070270] clocksource: refined-jiffies: mask: 0xffffffff max_cycles: 0xffffffff, max_idle_ns: 1910969940391419 ns
[    0.079328] setup_percpu: NR_CPUS:64 nr_cpumask_bits:56 nr_cpu_ids:56 nr_node_ids:1
[    0.085107] percpu: Embedded 58 pages/cpu s198744 r8192 d30632 u262144
[    0.086361] Kernel command line: virtme_hostname=virtme-ng nr_open=1048576 virtme_link_mods=/nipa-data/kernel/.virtme_mods/lib/modules/0.0.0 virtme_initmount0=nipa-data/kernel virtme_rw_overlay0=/etc virtme_rw_overlay1=/lib virtme_rw_overlay2=/home virtme_rw_overlay3=/opt virtme_rw_overlay4=/srv virtme_rw_overlay5=/usr virtme_rw_overlay6=/var console=hvc0 earlyprintk=serial,ttyS0,115200 virtme_console=ttyS0 psmouse.proto=exps TERM=xterm virtme_chdir=nipa-data/kernel virtme_root_user=1 rootfstype=9p rootflags=version=9p2000.L,trans=virtio,access=any raid=noautodetect ro init=/usr/lib/python3/dist-packages/virtme/guest/virtme-init
[    0.094535] Unknown kernel command line parameters "virtme_hostname=virtme-ng nr_open=1048576 virtme_link_mods=/nipa-data/kernel/.virtme_mods/lib/modules/0.0.0 virtme_initmount0=nipa-data/kernel virtme_rw_overlay0=/etc virtme_rw_overlay1=/lib virtme_rw_overlay2=/home virtme_rw_overlay3=/opt virtme_rw_overlay4=/srv virtme_rw_overlay5=/usr virtme_rw_overlay6=/var virtme_console=ttyS0 virtme_chdir=nipa-data/kernel virtme_root_user=1", will be passed to user space.
[    0.100419] random: crng init done
[    0.100906] printk: log_buf_len individual max cpu contribution: 4096 bytes
[    0.101903] printk: log_buf_len total cpu_extra contributions: 225280 bytes
[    0.102900] printk: log_buf_len min size: 262144 bytes
[    0.104324] printk: log_buf_len: 524288 bytes
[    0.104971] printk: early log buf free: 254024(96%)
[    0.106091] Dentry cache hash table entries: 131072 (order: 8, 1048576 bytes, linear)
[    0.107277] Inode-cache hash table entries: 65536 (order: 7, 524288 bytes, linear)
[    0.109170] Fallback order for Node 0: 0 
[    0.109180] Built 1 zonelists, mobility grouping on.  Total pages: 262014
[    0.110667] Policy zone: DMA32
[    0.111085] mem auto-init: stack:all(zero), heap alloc:off, heap free:off
[    0.115601] SLUB: HWalign=64, Order=0-3, MinObjects=0, CPUs=56, Nodes=1
Poking KASLR using RDRAND RDTSC...
[    0.117026] ftrace: allocating 48208 entries in 189 pages
[    0.131853] ftrace: allocated 189 pages with 6 groups
[    0.133683] Dynamic Preempt: voluntary
[    0.135194] rcu: Preemptible hierarchical RCU implementation.
[    0.136003] rcu: RCU event tracing is enabled.
[    0.136622] rcu: RCU restricting CPUs from NR_CPUS=64 to nr_cpu_ids=56.
[    0.137539] Trampoline variant of Tasks RCU enabled.
[    0.138229] Rude variant of Tasks RCU enabled.
[    0.138846] Tracing variant of Tasks RCU enabled.
[    0.139511] rcu: RCU calculated value of scheduler-enlistment delay is 100 jiffies.
[    0.140554] rcu: Adjusting geometry for rcu_fanout_leaf=16, nr_cpu_ids=56
[    0.141532] RCU Tasks: Setting shift to 6 and lim to 1 rcu_task_cb_adjust=1.
[    0.142498] RCU Tasks Rude: Setting shift to 6 and lim to 1 rcu_task_cb_adjust=1.
[    0.143530] RCU Tasks Trace: Setting shift to 6 and lim to 1 rcu_task_cb_adjust=1.
[    0.147740] NR_IRQS: 4352, nr_irqs: 872, preallocated irqs: 16
[    0.148914] rcu: srcu_init: Setting srcu_struct sizes based on contention.
[    0.150152] Console: colour *CGA 80x25
[    0.150718] ACPI: Core revision 20240322
[    0.151429] clocksource: hpet: mask: 0xffffffff max_cycles: 0xffffffff, max_idle_ns: 19112604467 ns
[    0.152797] APIC: Switch to symmetric I/O mode setup
[    0.153664] APIC: Switched APIC routing to: physical flat
[    0.154709] kvm-guest: APIC: send_IPI_mask() replaced with kvm_send_ipi_mask()
[    0.155753] kvm-guest: APIC: send_IPI_mask_allbutself() replaced with kvm_send_ipi_mask_allbutself()
[    0.157104] kvm-guest: setup PV IPIs
[    0.159076] ..TIMER: vector=0x30 apic1=0 pin1=2 apic2=-1 pin2=-1
[    0.161000] clocksource: tsc-early: mask: 0xffffffffffffffff max_cycles: 0x39a85c9bff6, max_idle_ns: 881590591483 ns
[    0.163413] Calibrating delay loop (skipped) preset value.. 4000.00 BogoMIPS (lpj=2000000)
[    0.164623] x86/cpu: User Mode Instruction Prevention (UMIP) activated
[    0.166445] Last level iTLB entries: 4KB 0, 2MB 0, 4MB 0
[    0.167409] Last level dTLB entries: 4KB 0, 2MB 0, 4MB 0, 1GB 0
[    0.168426] Spectre V1 : Mitigation: usercopy/swapgs barriers and __user pointer sanitization
[    0.169415] Spectre V2 : Spectre BHI mitigation: SW BHB clearing on syscall and VM exit
[    0.170415] Spectre V2 : Mitigation: Enhanced / Automatic IBRS
[    0.171415] Spectre V2 : Spectre v2 / SpectreRSB mitigation: Filling RSB on context switch
[    0.172415] Spectre V2 : Spectre v2 / PBRSB-eIBRS: Retire a single CALL on VMEXIT
[    0.173421] Spectre V2 : mitigation: Enabling conditional Indirect Branch Prediction Barrier
[    0.175416] Speculative Store Bypass: Mitigation: Speculative Store Bypass disabled via prctl
[    0.176415] TAA: Mitigation: TSX disabled
[    0.177494] x86/fpu: Supporting XSAVE feature 0x001: 'x87 floating point registers'
[    0.178415] x86/fpu: Supporting XSAVE feature 0x002: 'SSE registers'
[    0.179415] x86/fpu: Supporting XSAVE feature 0x004: 'AVX registers'
[    0.180415] x86/fpu: Supporting XSAVE feature 0x020: 'AVX-512 opmask'
[    0.181415] x86/fpu: Supporting XSAVE feature 0x040: 'AVX-512 Hi256'
[    0.182415] x86/fpu: Supporting XSAVE feature 0x080: 'AVX-512 ZMM_Hi256'
[    0.183409] x86/fpu: Supporting XSAVE feature 0x200: 'Protection Keys User registers'
[    0.184415] x86/fpu: Supporting XSAVE feature 0x20000: 'AMX Tile config'
[    0.185415] x86/fpu: Supporting XSAVE feature 0x40000: 'AMX Tile data'
[    0.186415] x86/fpu: xstate_offset[2]:  576, xstate_sizes[2]:  256
[    0.187415] x86/fpu: xstate_offset[5]:  832, xstate_sizes[5]:   64
[    0.188415] x86/fpu: xstate_offset[6]:  896, xstate_sizes[6]:  512
[    0.189415] x86/fpu: xstate_offset[7]: 1408, xstate_sizes[7]: 1024
[    0.190415] x86/fpu: xstate_offset[9]: 2432, xstate_sizes[9]:    8
[    0.191415] x86/fpu: xstate_offset[17]: 2496, xstate_sizes[17]:   64
[    0.192411] x86/fpu: xstate_offset[18]: 2560, xstate_sizes[18]: 8192
[    0.193414] x86/fpu: Enabled xstate features 0x602e7, context size is 10752 bytes, using 'compacted' format.
[    0.223013] Freeing SMP alternatives memory: 40K
[    0.223412] pid_max: default: 57344 minimum: 448
[    0.224526] Mount-cache hash table entries: 2048 (order: 2, 16384 bytes, linear)
[    0.225420] Mountpoint-cache hash table entries: 2048 (order: 2, 16384 bytes, linear)
[    0.227556] smpboot: CPU0: Intel(R) Xeon(R) Platinum 8480+ (family: 0x6, model: 0x8f, stepping: 0x6)
[    0.228690] Performance Events: PEBS fmt0-, Sapphire Rapids events, full-width counters, Intel PMU driver.
[    0.229415] ... version:                2
[    0.230211] ... bit width:              48
[    0.230411] ... generic registers:      8
[    0.231214] ... value mask:             0000ffffffffffff
[    0.231411] ... max period:             00007fffffffffff
[    0.232411] ... fixed-purpose events:   3
[    0.233206] ... event mask:             00000007000000ff
[    0.233634] signal: max sigframe size: 11952
[    0.234439] rcu: Hierarchical SRCU implementation.
[    0.235392] rcu: Max phase no-delay instances is 400.
[    0.236494] smp: Bringing up secondary CPUs ...
[    0.237527] smpboot: x86: Booting SMP configuration:
[    0.238412] .... node  #0, CPUs:        #1  #2  #3  #4  #5  #6  #7  #8  #9 #10 #11 #12 #13 #14 #15 #16 #17 #18 #19 #20 #21 #22 #23 #24 #25 #26 #27 #28 #29 #30 #31 #32 #33 #34 #35 #36 #37 #38 #39 #40 #41 #42 #43 #44 #45 #46 #47 #48 #49 #50 #51 #52 #53 #54 #55
[    0.297357] smp: Brought up 1 node, 56 CPUs
[    0.298268] smpboot: Total of 56 processors activated (224000.00 BogoMIPS)
[    0.308458] Memory: 951180K/1048056K available (16384K kernel code, 2435K rwdata, 6228K rodata, 3100K init, 1940K bss, 72280K reserved, 0K cma-reserved)
[    0.309550] devtmpfs: initialized
[    0.310465] x86/mm: Memory block size: 128MB
[    0.312658] clocksource: jiffies: mask: 0xffffffff max_cycles: 0xffffffff, max_idle_ns: 1911260446275000 ns
[    0.313417] futex hash table entries: 16384 (order: 8, 1048576 bytes, linear)
[    0.314759] PM: RTC time: 06:07:49, date: 2024-08-01
[    0.317510] NET: Registered PF_NETLINK/PF_ROUTE protocol family
[    0.318606] thermal_sys: Registered thermal governor 'step_wise'
[    0.318607] thermal_sys: Registered thermal governor 'user_space'
[    0.319447] cpuidle: using governor menu
[    0.322804] PCI: Using configuration type 1 for base access
[    0.323506] kprobes: kprobe jump-optimization is enabled. All kprobes are optimized if possible.
[    0.356869] HugeTLB: registered 1.00 GiB page size, pre-allocated 0 pages
[    0.359421] HugeTLB: 16380 KiB vmemmap can be freed for a 1.00 GiB page
[    0.362416] HugeTLB: registered 2.00 MiB page size, pre-allocated 0 pages
[    0.365414] HugeTLB: 28 KiB vmemmap can be freed for a 2.00 MiB page
[    0.368558] ACPI: Added _OSI(Module Device)
[    0.370414] ACPI: Added _OSI(Processor Device)
[    0.371414] ACPI: Added _OSI(3.0 _SCP Extensions)
[    0.373414] ACPI: Added _OSI(Processor Aggregator Device)
[    0.376118] ACPI: 1 ACPI AML tables successfully acquired and loaded
[    0.379660] ACPI: Interpreter enabled
[    0.380423] ACPI: PM: (supports S0 S3 S4 S5)
[    0.381306] ACPI: Using IOAPIC for interrupt routing
[    0.382423] PCI: Using host bridge windows from ACPI; if necessary, use "pci=nocrs" and report a bug
[    0.383411] PCI: Using E820 reservations for host bridge windows
[    0.384524] ACPI: Enabled 2 GPEs in block 00 to 0F
[    0.389028] ACPI: PCI Root Bridge [PCI0] (domain 0000 [bus 00-ff])
[    0.390415] acpi PNP0A03:00: _OSC: OS supports [ASPM ClockPM Segments MSI HPX-Type3]
[    0.391412] acpi PNP0A03:00: _OSC: not requesting OS control; OS requires [ExtendedConfig ASPM ClockPM MSI]
[    0.393417] acpi PNP0A03:00: fail to add MMCONFIG information, can't access extended configuration space under this bridge
[    0.395516] PCI host bridge to bus 0000:00
[    0.396355] pci_bus 0000:00: root bus resource [io  0x0000-0x0cf7 window]
[    0.398411] pci_bus 0000:00: root bus resource [io  0x0d00-0xffff window]
[    0.399411] pci_bus 0000:00: root bus resource [mem 0x000a0000-0x000bffff window]
[    0.400411] pci_bus 0000:00: root bus resource [mem 0x40000000-0xfebfffff window]
[    0.402411] pci_bus 0000:00: root bus resource [mem 0x100000000-0x17fffffff window]
[    0.403411] pci_bus 0000:00: root bus resource [bus 00-ff]
[    0.404460] pci 0000:00:00.0: [8086:1237] type 00 class 0x060000 conventional PCI endpoint
[    0.406943] pci 0000:00:01.0: [8086:7000] type 00 class 0x060100 conventional PCI endpoint
[    0.409115] pci 0000:00:01.1: [8086:7010] type 00 class 0x010180 conventional PCI endpoint
[    0.413413] pci 0000:00:01.1: BAR 4 [io  0xc0c0-0xc0cf]
[    0.415669] pci 0000:00:01.1: BAR 0 [io  0x01f0-0x01f7]: legacy IDE quirk
[    0.417413] pci 0000:00:01.1: BAR 1 [io  0x03f6]: legacy IDE quirk
[    0.418411] pci 0000:00:01.1: BAR 2 [io  0x0170-0x0177]: legacy IDE quirk
[    0.419411] pci 0000:00:01.1: BAR 3 [io  0x0376]: legacy IDE quirk
[    0.421640] pci 0000:00:01.3: [8086:7113] type 00 class 0x068000 conventional PCI endpoint
[    0.422981] pci 0000:00:01.3: quirk: [io  0x0600-0x063f] claimed by PIIX4 ACPI
[    0.424420] pci 0000:00:01.3: quirk: [io  0x0700-0x070f] claimed by PIIX4 SMB
[    0.425781] pci 0000:00:02.0: [1af4:1009] type 00 class 0x000200 conventional PCI endpoint
[    0.428372] pci 0000:00:02.0: BAR 0 [io  0xc000-0xc03f]
[    0.430413] pci 0000:00:02.0: BAR 1 [mem 0xfebfc000-0xfebfcfff]
[    0.436417] pci 0000:00:02.0: BAR 4 [mem 0xfebf0000-0xfebf3fff 64bit pref]
[    0.439350] pci 0000:00:03.0: [1af4:1009] type 00 class 0x000200 conventional PCI endpoint
[    0.441413] pci 0000:00:03.0: BAR 0 [io  0xc040-0xc07f]
[    0.444413] pci 0000:00:03.0: BAR 1 [mem 0xfebfd000-0xfebfdfff]
[    0.448415] pci 0000:00:03.0: BAR 4 [mem 0xfebf4000-0xfebf7fff 64bit pref]
[    0.451152] pci 0000:00:04.0: [8086:25ab] type 00 class 0x088000 conventional PCI endpoint
[    0.452772] pci 0000:00:04.0: BAR 0 [mem 0xfebfe000-0xfebfe00f]
[    0.457772] pci 0000:00:05.0: [1af4:1003] type 00 class 0x078000 conventional PCI endpoint
[    0.460269] pci 0000:00:05.0: BAR 0 [io  0xc080-0xc0bf]
[    0.461413] pci 0000:00:05.0: BAR 1 [mem 0xfebff000-0xfebfffff]
[    0.466416] pci 0000:00:05.0: BAR 4 [mem 0xfebf8000-0xfebfbfff 64bit pref]
[    0.469581] ACPI: PCI: Interrupt link LNKA configured for IRQ 10
[    0.470408] ACPI: PCI: Interrupt link LNKB configured for IRQ 10
[    0.472536] ACPI: PCI: Interrupt link LNKC configured for IRQ 11
[    0.473529] ACPI: PCI: Interrupt link LNKD configured for IRQ 11
[    0.475573] ACPI: PCI: Interrupt link LNKS configured for IRQ 9
[    0.478240] iommu: Default domain type: Translated
[    0.479412] iommu: DMA domain TLB invalidation policy: lazy mode
[    0.480534] SCSI subsystem initialized
[    0.481462] pps_core: LinuxPPS API ver. 1 registered
[    0.482411] pps_core: Software ver. 5.3.6 - Copyright 2005-2007 Rodolfo Giometti <giometti@linux.it>
[    0.484412] PTP clock support registered
[    0.485465] Advanced Linux Sound Architecture Driver Initialized.
[    0.487976] NET: Registered PF_ATMPVC protocol family
[    0.489411] NET: Registered PF_ATMSVC protocol family
[    0.490414] PCI: Using ACPI for IRQ routing
[    0.491470] vgaarb: loaded
[    0.492558] hpet0: at MMIO 0xfed00000, IRQs 2, 8, 0
[    0.493408] hpet0: 3 comparators, 64-bit 100.000000 MHz counter
[    0.498815] clocksource: Switched to clocksource kvm-clock
[    0.500223] VFS: Disk quotas dquot_6.6.0
[    0.501069] VFS: Dquot-cache hash table entries: 512 (order 0, 4096 bytes)
[    0.502610] pnp: PnP ACPI init
[    0.504482] pnp: PnP ACPI: found 5 devices
[    0.514206] clocksource: acpi_pm: mask: 0xffffff max_cycles: 0xffffff, max_idle_ns: 2085701024 ns
[    0.516043] NET: Registered PF_INET protocol family
[    0.517101] IP idents hash table entries: 16384 (order: 5, 131072 bytes, linear)
[    0.519003] tcp_listen_portaddr_hash hash table entries: 512 (order: 1, 8192 bytes, linear)
[    0.520705] Table-perturb hash table entries: 65536 (order: 6, 262144 bytes, linear)
[    0.522284] TCP established hash table entries: 8192 (order: 4, 65536 bytes, linear)
[    0.523872] TCP bind hash table entries: 8192 (order: 6, 262144 bytes, linear)
[    0.525380] TCP: Hash tables configured (established 8192 bind 8192)
[    0.526736] UDP hash table entries: 512 (order: 2, 16384 bytes, linear)
[    0.528078] UDP-Lite hash table entries: 512 (order: 2, 16384 bytes, linear)
[    0.529567] NET: Registered PF_UNIX/PF_LOCAL protocol family
[    0.530733] pci_bus 0000:00: resource 4 [io  0x0000-0x0cf7 window]
[    0.531986] pci_bus 0000:00: resource 5 [io  0x0d00-0xffff window]
[    0.533242] pci_bus 0000:00: resource 6 [mem 0x000a0000-0x000bffff window]
[    0.534630] pci_bus 0000:00: resource 7 [mem 0x40000000-0xfebfffff window]
[    0.536021] pci_bus 0000:00: resource 8 [mem 0x100000000-0x17fffffff window]
[    0.537485] pci 0000:00:01.0: PIIX3: Enabling Passive Release
[    0.538672] pci 0000:00:00.0: Limiting direct PCI/PCI transfers
[    0.539961] PCI: CLS 0 bytes, default 64
[    0.558008] RAPL PMU: API unit is 2^-32 Joules, 1 fixed counters, 10737418240 ms ovfl timer
[    0.559941] RAPL PMU: hw unit of domain psys 2^-0 Joules
[    1.069389] kvm_amd: CPU 10 isn't AMD or Hygon
[    1.070534] clocksource: tsc: mask: 0xffffffffffffffff max_cycles: 0x39a85c9bff6, max_idle_ns: 881590591483 ns
[    1.171495] Initialise system trusted keyrings
[    1.173529] workingset: timestamp_bits=56 max_order=18 bucket_order=0
[    1.174907] squashfs: version 4.0 (2009/01/31) Phillip Lougher
[    1.176106] fuse: init (API version 7.40)
[    1.177252] 9p: Installing v9fs 9p2000 file system support
[    1.188827] Key type asymmetric registered
[    1.189655] Asymmetric key parser 'x509' registered
[    1.190658] Block layer SCSI generic (bsg) driver version 0.4 loaded (major 249)
[    1.192147] io scheduler mq-deadline registered
[    1.193069] io scheduler kyber registered
[    1.211742] input: Power Button as /devices/LNXSYSTM:00/LNXPWRBN:00/input/input0
[    1.213644] ACPI: button: Power Button [PWRF]
[    1.215611] Warning: Processor Platform Limit event detected, but not handled.
[    1.218558] Consider compiling CPUfreq support into your kernel.
[    1.255660] ACPI: \_SB_.LNKB: Enabled at IRQ 10
[    1.269992] ACPI: \_SB_.LNKC: Enabled at IRQ 11
[    1.284103] ACPI: \_SB_.LNKA: Enabled at IRQ 10
[    1.286527] Serial: 8250/16550 driver, 4 ports, IRQ sharing enabled
[    1.287980] 00:03: ttyS0 at I/O 0x3f8 (irq = 4, base_baud = 115200) is a 16550A
[    1.320360] Non-volatile memory driver v1.3
[    1.321260] Linux agpgart interface v0.103
[    1.322261] ACPI: bus type drm_connector registered
[    1.324283] printk: legacy console [hvc0] enabled
[    1.325723] printk: legacy bootconsole [earlyser0] disabled
          _      _                                    
   __   _(_)_ __| |_ _ __ ___   ___       _ __   __ _ 
   \ \ / / |  __| __|  _   _ \ / _ \_____|  _ \ / _  |
    \ V /| | |  | |_| | | | | |  __/_____| | | | (_| |
     \_/ |_|_|   \__|_| |_| |_|\___|     |_| |_|\__  |
                                                |___/ 
   kernel version: 6.10.0-virtme x86_64
   (CTRL+d to exit)

root@virtme-ng:/nipa-data/kernel# PS1='xx__-> '
xx__-> env
PWD=/nipa-data/kernel
nr_open=1048576
HOME=/
TERM=xterm
SHLVL=2
XDG_RUNTIME_DIR=/run/user/0
PATH=/bin:/sbin:/usr/bin:/usr/sbin:/usr/local/bin
OLDPWD=/
_=/bin/env
xx__-> 