No EFI environment detected.
early console in extract_kernel
input_data: 0x0000000004ab02c4
input_len: 0x000000000185b9bf
output: 0x0000000001000000
output_len: 0x0000000005298f48
kernel_total_size: 0x0000000004e30000
needed_size: 0x0000000005400000
trampoline_32bit: 0x0000000000000000
Physical KASLR using RDRAND RDTSC...
Virtual KASLR using RDRAND RDTSC...

Decompressing Linux... Parsing ELF... Performing relocations... done.
Booting the kernel (entry_offset: 0x0000000000000000).
[    0.000000] Linux version 6.9.0-virtme (root@d7a1f93481b9) (gcc (Alpine 13.2.1_git20240309) 13.2.1 20240309, GNU ld (GNU Binutils) 2.42) #1 SMP PREEMPT_DYNAMIC Tue May 28 03:27:00 UTC 2024
[    0.000000] Command line: virtme_hostname=virtme-ng nr_open=1048576 virtme_link_mods=/nipa-data/kernel/.virtme_mods/lib/modules/0.0.0 virtme_initmount0=nipa-data/kernel virtme_rw_overlay0=/etc virtme_rw_overlay1=/lib virtme_rw_overlay2=/home virtme_rw_overlay3=/opt virtme_rw_overlay4=/srv virtme_rw_overlay5=/usr virtme_rw_overlay6=/var console=hvc0 earlyprintk=serial,ttyS0,115200 virtme_console=ttyS0 psmouse.proto=exps TERM=xterm virtme_chdir=nipa-data/kernel virtme_root_user=1 rootfstype=9p rootflags=version=9p2000.L,trans=virtio,access=any raid=noautodetect ro init=/usr/lib/python3.12/site-packages/virtme/guest/virtme-init
[    0.000000] BIOS-provided physical RAM map:
[    0.000000] BIOS-e820: [mem 0x0000000000000000-0x000000000009fbff] usable
[    0.000000] BIOS-e820: [mem 0x000000000009fc00-0x000000000009ffff] reserved
[    0.000000] BIOS-e820: [mem 0x00000000000f0000-0x00000000000fffff] reserved
[    0.000000] BIOS-e820: [mem 0x0000000000100000-0x000000003ffdffff] usable
[    0.000000] BIOS-e820: [mem 0x000000003ffe0000-0x000000003fffffff] reserved
[    0.000000] BIOS-e820: [mem 0x00000000feffc000-0x00000000feffffff] reserved
[    0.000000] BIOS-e820: [mem 0x00000000fffc0000-0x00000000ffffffff] reserved
[    0.000000] BIOS-e820: [mem 0x000000fd00000000-0x000000ffffffffff] reserved
[    0.000000] printk: legacy bootconsole [earlyser0] enabled
[    0.000000] NX (Execute Disable) protection: active
[    0.000000] APIC: Static calls initialized
[    0.000000] SMBIOS 2.8 present.
[    0.000000] DMI: QEMU Standard PC (i440FX + PIIX, 1996), BIOS rel-1.16.3-0-ga6ed6b701f0a-prebuilt.qemu.org 04/01/2014
[    0.000000] DMI: Memory slots populated: 1/1
[    0.000000] Hypervisor detected: KVM
[    0.000000] kvm-clock: Using msrs 4b564d01 and 4b564d00
[    0.000000] kvm-clock: using sched offset of 371802965 cycles
[    0.000404] clocksource: kvm-clock: mask: 0xffffffffffffffff max_cycles: 0x1cd42e4dffb, max_idle_ns: 881590591483 ns
[    0.001659] tsc: Detected 4491.556 MHz processor
[    0.002382] last_pfn = 0x3ffe0 max_arch_pfn = 0x400000000
[    0.002822] MTRR map: 4 entries (3 fixed + 1 variable; max 19), built from 8 variable MTRRs
[    0.003466] x86/PAT: Configuration [0-7]: WB  WC  UC- UC  WB  WP  UC- WT  
[    0.005640] found SMP MP-table at [mem 0x000f5470-0x000f547f]
[    0.006088] Using GB pages for direct mapping
[    0.006586] ACPI: Early table checksum verification disabled
[    0.007019] ACPI: RSDP 0x00000000000F5290 000014 (v00 BOCHS )
[    0.007461] ACPI: RSDT 0x000000003FFE27BC 000034 (v01 BOCHS  BXPC     00000001 BXPC 00000001)
[    0.008116] ACPI: FACP 0x000000003FFE2578 000074 (v01 BOCHS  BXPC     00000001 BXPC 00000001)
[    0.008775] ACPI: DSDT 0x000000003FFE0040 002538 (v01 BOCHS  BXPC     00000001 BXPC 00000001)
[    0.009437] ACPI: FACS 0x000000003FFE0000 000040
[    0.009806] ACPI: APIC 0x000000003FFE25EC 000170 (v03 BOCHS  BXPC     00000001 BXPC 00000001)
[    0.010466] ACPI: HPET 0x000000003FFE275C 000038 (v01 BOCHS  BXPC     00000001 BXPC 00000001)
[    0.011126] ACPI: WAET 0x000000003FFE2794 000028 (v01 BOCHS  BXPC     00000001 BXPC 00000001)
[    0.011790] ACPI: Reserving FACP table memory at [mem 0x3ffe2578-0x3ffe25eb]
[    0.012336] ACPI: Reserving DSDT table memory at [mem 0x3ffe0040-0x3ffe2577]
[    0.012883] ACPI: Reserving FACS table memory at [mem 0x3ffe0000-0x3ffe003f]
[    0.013428] ACPI: Reserving APIC table memory at [mem 0x3ffe25ec-0x3ffe275b]
[    0.013972] ACPI: Reserving HPET table memory at [mem 0x3ffe275c-0x3ffe2793]
[    0.014519] ACPI: Reserving WAET table memory at [mem 0x3ffe2794-0x3ffe27bb]
[    0.015273] No NUMA configuration found
[    0.015570] Faking a node at [mem 0x0000000000000000-0x000000003ffdffff]
[    0.016091] NODE_DATA(0) allocated [mem 0x3ffdb000-0x3ffdffff]
[    0.016560] Zone ranges:
[    0.016755]   DMA      [mem 0x0000000000001000-0x0000000000ffffff]
[    0.017234]   DMA32    [mem 0x0000000001000000-0x000000003ffdffff]
[    0.017715]   Normal   empty
[    0.017939]   Device   empty
[    0.018162] Movable zone start for each node
[    0.018496] Early memory node ranges
[    0.018772]   node   0: [mem 0x0000000000001000-0x000000000009efff]
[    0.019256]   node   0: [mem 0x0000000000100000-0x000000003ffdffff]
[    0.019742] Initmem setup node 0 [mem 0x0000000000001000-0x000000003ffdffff]
[    0.020296] On node 0, zone DMA: 1 pages in unavailable ranges
[    0.020808] On node 0, zone DMA: 97 pages in unavailable ranges
[    0.025669] On node 0, zone DMA32: 32 pages in unavailable ranges
[    0.035858] kasan: KernelAddressSanitizer initialized
[    0.036508] ACPI: PM-Timer IO Port: 0x608
[    0.036830] ACPI: LAPIC_NMI (acpi_id[0xff] dfl dfl lint[0x1])
[    0.037298] IOAPIC[0]: apic_id 0, version 17, address 0xfec00000, GSI 0-23
[    0.037854] ACPI: INT_SRC_OVR (bus 0 bus_irq 0 global_irq 2 dfl dfl)
[    0.038348] ACPI: INT_SRC_OVR (bus 0 bus_irq 5 global_irq 5 high level)
[    0.038858] ACPI: INT_SRC_OVR (bus 0 bus_irq 9 global_irq 9 high level)
[    0.039407] ACPI: INT_SRC_OVR (bus 0 bus_irq 10 global_irq 10 high level)
[    0.039934] ACPI: INT_SRC_OVR (bus 0 bus_irq 11 global_irq 11 high level)
[    0.040462] ACPI: Using ACPI (MADT) for SMP configuration information
[    0.040958] ACPI: HPET id: 0x8086a201 base: 0xfed00000
[    0.041355] TSC deadline timer available
[    0.041665] CPU topo: Max. logical packages:   1
[    0.042021] CPU topo: Max. logical dies:       1
[    0.042376] CPU topo: Max. dies per package:   1
[    0.042734] CPU topo: Max. threads per core:   1
[    0.043112] CPU topo: Num. cores per package:    32
[    0.043487] CPU topo: Num. threads per package:  32
[    0.043905] CPU topo: Allowing 32 present CPUs plus 0 hotplug CPUs
[    0.044495] kvm-guest: APIC: eoi() replaced with kvm_guest_apic_eoi_write()
[    0.045157] kvm-guest: KVM setup pv remote TLB flush
[    0.045625] kvm-guest: setup PV sched yield
[    0.046023] PM: hibernation: Registered nosave memory: [mem 0x00000000-0x00000fff]
[    0.046739] PM: hibernation: Registered nosave memory: [mem 0x0009f000-0x0009ffff]
[    0.047459] PM: hibernation: Registered nosave memory: [mem 0x000a0000-0x000effff]
[    0.048181] PM: hibernation: Registered nosave memory: [mem 0x000f0000-0x000fffff]
[    0.048907] [mem 0x40000000-0xfeffbfff] available for PCI devices
[    0.049489] Booting paravirtualized kernel on KVM
[    0.049945] clocksource: refined-jiffies: mask: 0xffffffff max_cycles: 0xffffffff, max_idle_ns: 1910969940391419 ns
[    0.059625] setup_percpu: NR_CPUS:64 nr_cpumask_bits:32 nr_cpu_ids:32 nr_node_ids:1
[    0.061939] percpu: Embedded 70 pages/cpu s248616 r8192 d29912 u524288
[    0.062628] Kernel command line: virtme_hostname=virtme-ng nr_open=1048576 virtme_link_mods=/nipa-data/kernel/.virtme_mods/lib/modules/0.0.0 virtme_initmount0=nipa-data/kernel virtme_rw_overlay0=/etc virtme_rw_overlay1=/lib virtme_rw_overlay2=/home virtme_rw_overlay3=/opt virtme_rw_overlay4=/srv virtme_rw_overlay5=/usr virtme_rw_overlay6=/var console=hvc0 earlyprintk=serial,ttyS0,115200 virtme_console=ttyS0 psmouse.proto=exps TERM=xterm virtme_chdir=nipa-data/kernel virtme_root_user=1 rootfstype=9p rootflags=version=9p2000.L,trans=virtio,access=any raid=noautodetect ro init=/usr/lib/python3.12/site-packages/virtme/guest/virtme-init
[    0.068094] Unknown kernel command line parameters "virtme_hostname=virtme-ng nr_open=1048576 virtme_link_mods=/nipa-data/kernel/.virtme_mods/lib/modules/0.0.0 virtme_initmount0=nipa-data/kernel virtme_rw_overlay0=/etc virtme_rw_overlay1=/lib virtme_rw_overlay2=/home virtme_rw_overlay3=/opt virtme_rw_overlay4=/srv virtme_rw_overlay5=/usr virtme_rw_overlay6=/var virtme_console=ttyS0 virtme_chdir=nipa-data/kernel virtme_root_user=1", will be passed to user space.
[    0.072149] random: crng init done
[    0.072615] Dentry cache hash table entries: 131072 (order: 8, 1048576 bytes, linear)
[    0.073370] Inode-cache hash table entries: 65536 (order: 7, 524288 bytes, linear)
[    0.074637] Fallback order for Node 0: 0 
[    0.074645] Built 1 zonelists, mobility grouping on.  Total pages: 262014
[    0.075666] Policy zone: DMA32
[    0.075955] mem auto-init: stack:all(zero), heap alloc:off, heap free:off, mlocked free:off
[    0.076740] stackdepot: allocating hash table via alloc_large_system_hash
[    0.077383] stackdepot hash table entries: 1048576 (order: 12, 16777216 bytes, linear)
[    0.087562] Memory: 781052K/1048056K available (43008K kernel code, 11191K rwdata, 9824K rodata, 5908K init, 2220K bss, 266748K reserved, 0K cma-reserved)
[    0.088872] SLUB: HWalign=64, Order=0-3, MinObjects=0, CPUs=32, Nodes=1
Poking KASLR using RDRAND RDTSC...
[    0.089711] ftrace: allocating 47907 entries in 188 pages
[    0.098921] ftrace: allocated 188 pages with 5 groups
[    0.100213] Dynamic Preempt: voluntary
[    0.101046] rcu: Preemptible hierarchical RCU implementation.
[    0.101500] rcu: RCU event tracing is enabled.
[    0.101858] rcu: RCU restricting CPUs from NR_CPUS=64 to nr_cpu_ids=32.
[    0.102383] Trampoline variant of Tasks RCU enabled.
[    0.102778] Rude variant of Tasks RCU enabled.
[    0.103158] Tracing variant of Tasks RCU enabled.
[    0.103533] rcu: RCU calculated value of scheduler-enlistment delay is 100 jiffies.
[    0.104132] rcu: Adjusting geometry for rcu_fanout_leaf=16, nr_cpu_ids=32
[    0.104742] RCU Tasks: Setting shift to 5 and lim to 1 rcu_task_cb_adjust=1.
[    0.105298] RCU Tasks Rude: Setting shift to 5 and lim to 1 rcu_task_cb_adjust=1.
[    0.105944] RCU Tasks Trace: Setting shift to 5 and lim to 1 rcu_task_cb_adjust=1.
[    0.114987] NR_IRQS: 4352, nr_irqs: 680, preallocated irqs: 16
[    0.115697] rcu: srcu_init: Setting srcu_struct sizes based on contention.
[    0.116451] Console: colour *CGA 80x25
[    0.116789] ACPI: Core revision 20240322
[    0.117252] clocksource: hpet: mask: 0xffffffff max_cycles: 0xffffffff, max_idle_ns: 19112604467 ns
[    0.118037] APIC: Switch to symmetric I/O mode setup
[    0.118428] APIC: Switched APIC routing to: physical flat
[    0.118854] kvm-guest: APIC: send_IPI_mask() replaced with kvm_send_ipi_mask()
[    0.119416] kvm-guest: APIC: send_IPI_mask_allbutself() replaced with kvm_send_ipi_mask_allbutself()
[    0.120135] kvm-guest: setup PV IPIs
[    0.121307] ..TIMER: vector=0x30 apic1=0 pin1=2 apic2=-1 pin2=-1
[    0.122160] tsc: Marking TSC unstable due to TSCs unsynchronized
[    0.122978] Calibrating delay loop (skipped) preset value.. 8983.11 BogoMIPS (lpj=4491556)
[    0.124045] x86/cpu: User Mode Instruction Prevention (UMIP) activated
[    0.125042] Last level iTLB entries: 4KB 512, 2MB 255, 4MB 127
[    0.125838] Last level dTLB entries: 4KB 512, 2MB 255, 4MB 127, 1GB 0
[    0.125982] Spectre V1 : Mitigation: usercopy/swapgs barriers and __user pointer sanitization
[    0.126981] Spectre V2 : Mitigation: Enhanced / Automatic IBRS
[    0.127801] Spectre V2 : Spectre v2 / SpectreRSB mitigation: Filling RSB on context switch
[    0.127979] Spectre V2 : mitigation: Enabling conditional Indirect Branch Prediction Barrier
[    0.128979] Speculative Store Bypass: Mitigation: Speculative Store Bypass disabled via prctl
[    0.129977] Speculative Return Stack Overflow: IBPB-extending microcode not applied!
[    0.130977] Speculative Return Stack Overflow: WARNING: See https://kernel.org/doc/html/latest/admin-guide/hw-vuln/srso.html for mitigation options.
[    0.130979] Speculative Return Stack Overflow: Vulnerable: Safe RET, no microcode
[    0.132993] x86/fpu: Supporting XSAVE feature 0x001: 'x87 floating point registers'
[    0.133977] x86/fpu: Supporting XSAVE feature 0x002: 'SSE registers'
[    0.134976] x86/fpu: Supporting XSAVE feature 0x004: 'AVX registers'
[    0.135976] x86/fpu: Supporting XSAVE feature 0x020: 'AVX-512 opmask'
[    0.136976] x86/fpu: Supporting XSAVE feature 0x040: 'AVX-512 Hi256'
[    0.137854] x86/fpu: Supporting XSAVE feature 0x080: 'AVX-512 ZMM_Hi256'
[    0.137977] x86/fpu: Supporting XSAVE feature 0x200: 'Protection Keys User registers'
[    0.138977] x86/fpu: xstate_offset[2]:  576, xstate_sizes[2]:  256
[    0.140818] x86/fpu: xstate_offset[5]:  832, xstate_sizes[5]:   64
[    0.140976] x86/fpu: xstate_offset[6]:  896, xstate_sizes[6]:  512
[    0.141976] x86/fpu: xstate_offset[7]: 1408, xstate_sizes[7]: 1024
[    0.142977] x86/fpu: xstate_offset[9]: 2432, xstate_sizes[9]:    8
[    0.143976] x86/fpu: Enabled xstate features 0x2e7, context size is 2440 bytes, using 'compacted' format.
[    0.169085] Freeing SMP alternatives memory: 40K
[    0.169711] pid_max: default: 32768 minimum: 301
[    0.170126] Mount-cache hash table entries: 2048 (order: 2, 16384 bytes, linear)
[    0.170979] Mountpoint-cache hash table entries: 2048 (order: 2, 16384 bytes, linear)
[    0.173274] smpboot: CPU0: AMD Ryzen 9 7950X 16-Core Processor (family: 0x19, model: 0x61, stepping: 0x2)
[    0.174502] Performance Events: Fam17h+ core perfctr, AMD PMU driver.
[    0.174982] ... version:                0
[    0.175510] ... bit width:              48
[    0.175978] ... generic registers:      6
[    0.176507] ... value mask:             0000ffffffffffff
[    0.176978] ... max period:             00007fffffffffff
[    0.177719] ... fixed-purpose events:   0
[    0.177979] ... event mask:             000000000000003f
[    0.178812] signal: max sigframe size: 3376
[    0.179027] rcu: Hierarchical SRCU implementation.
[    0.179660] rcu: Max phase no-delay instances is 400.
[    0.184304] smp: Bringing up secondary CPUs ...
[    0.185245] smpboot: x86: Booting SMP configuration:
[    0.185930] .... node  #0, CPUs:        #1  #2  #3  #4  #5  #6  #7  #8  #9 #10 #11 #12 #13 #14 #15 #16 #17 #18 #19 #20 #21 #22 #23 #24 #25 #26 #27 #28 #29 #30 #31
[    0.216141] smp: Brought up 1 node, 32 CPUs
[    0.217738] smpboot: Total of 32 processors activated (287459.58 BogoMIPS)
[    0.226237] devtmpfs: initialized
[    0.227187] x86/mm: Memory block size: 128MB
[    0.234242] clocksource: jiffies: mask: 0xffffffff max_cycles: 0xffffffff, max_idle_ns: 1911260446275000 ns
[    0.235057] futex hash table entries: 8192 (order: 7, 524288 bytes, linear)
[    0.236312] PM: RTC time: 03:27:41, date: 2024-05-28
[    0.237893] NET: Registered PF_NETLINK/PF_ROUTE protocol family
[    0.238947] thermal_sys: Registered thermal governor 'step_wise'
[    0.238950] thermal_sys: Registered thermal governor 'user_space'
[    0.239013] cpuidle: using governor menu
[    0.241535] PCI: Using configuration type 1 for base access
[    0.241979] PCI: Using configuration type 1 for extended access
[    0.242911] kprobes: kprobe jump-optimization is enabled. All kprobes are optimized if possible.
[    0.259416] HugeTLB: registered 1.00 GiB page size, pre-allocated 0 pages
[    0.259979] HugeTLB: 16380 KiB vmemmap can be freed for a 1.00 GiB page
[    0.260982] HugeTLB: registered 2.00 MiB page size, pre-allocated 0 pages
[    0.262979] HugeTLB: 28 KiB vmemmap can be freed for a 2.00 MiB page
[    0.264532] Demotion targets for Node 0: null
[    0.265419] ACPI: Added _OSI(Module Device)
[    0.265980] ACPI: Added _OSI(Processor Device)
[    0.266728] ACPI: Added _OSI(3.0 _SCP Extensions)
[    0.267979] ACPI: Added _OSI(Processor Aggregator Device)
[    0.301461] ACPI: 1 ACPI AML tables successfully acquired and loaded
[    0.305214] ACPI: _OSC evaluation for CPUs failed, trying _PDC
[    0.309078] ACPI: Interpreter enabled
[    0.309784] ACPI: PM: (supports S0 S3 S4 S5)
[    0.310980] ACPI: Using IOAPIC for interrupt routing
[    0.311890] PCI: Using host bridge windows from ACPI; if necessary, use "pci=nocrs" and report a bug
[    0.312979] PCI: Using E820 reservations for host bridge windows
[    0.315498] ACPI: Enabled 2 GPEs in block 00 to 0F
[    0.375973] ACPI: PCI Root Bridge [PCI0] (domain 0000 [bus 00-ff])
[    0.376847] acpi PNP0A03:00: _OSC: OS supports [ExtendedConfig ASPM ClockPM Segments MSI HPX-Type3]
[    0.378523] PCI host bridge to bus 0000:00
[    0.379983] pci_bus 0000:00: root bus resource [io  0x0000-0x0cf7 window]
[    0.380889] pci_bus 0000:00: root bus resource [io  0x0d00-0xffff window]
[    0.380981] pci_bus 0000:00: root bus resource [mem 0x000a0000-0x000bffff window]
[    0.381980] pci_bus 0000:00: root bus resource [mem 0x40000000-0xfebfffff window]
[    0.382983] pci_bus 0000:00: root bus resource [mem 0x100000000-0x17fffffff window]
[    0.383984] pci_bus 0000:00: root bus resource [bus 00-ff]
[    0.384873] pci 0000:00:00.0: [8086:1237] type 00 class 0x060000 conventional PCI endpoint
[    0.386891] pci 0000:00:01.0: [8086:7000] type 00 class 0x060100 conventional PCI endpoint
[    0.388932] pci 0000:00:01.1: [8086:7010] type 00 class 0x010180 conventional PCI endpoint
[    0.393508] pci 0000:00:01.1: BAR 4 [io  0xc0c0-0xc0cf]
[    0.394991] pci 0000:00:01.1: BAR 0 [io  0x01f0-0x01f7]: legacy IDE quirk
[    0.395917] pci 0000:00:01.1: BAR 1 [io  0x03f6]: legacy IDE quirk
[    0.396979] pci 0000:00:01.1: BAR 2 [io  0x0170-0x0177]: legacy IDE quirk
[    0.397890] pci 0000:00:01.1: BAR 3 [io  0x0376]: legacy IDE quirk
[    0.398703] pci 0000:00:01.3: [8086:7113] type 00 class 0x068000 conventional PCI endpoint
[    0.400266] pci 0000:00:01.3: quirk: [io  0x0600-0x063f] claimed by PIIX4 ACPI
[    0.402985] pci 0000:00:01.3: quirk: [io  0x0700-0x070f] claimed by PIIX4 SMB
[    0.404744] pci 0000:00:02.0: [1af4:1009] type 00 class 0x000200 conventional PCI endpoint
[    0.406979] pci 0000:00:02.0: BAR 0 [io  0xc000-0xc03f]
[    0.408754] pci 0000:00:02.0: BAR 1 [mem 0xfebfc000-0xfebfcfff]
[    0.415759] pci 0000:00:02.0: BAR 4 [mem 0xfebf0000-0xfebf3fff 64bit pref]
[    0.431246] pci 0000:00:03.0: [1af4:1009] type 00 class 0x000200 conventional PCI endpoint
[    0.433980] pci 0000:00:03.0: BAR 0 [io  0xc040-0xc07f]
[    0.435756] pci 0000:00:03.0: BAR 1 [mem 0xfebfd000-0xfebfdfff]
[    0.440980] pci 0000:00:03.0: BAR 4 [mem 0xfebf4000-0xfebf7fff 64bit pref]
[    0.459552] pci 0000:00:04.0: [8086:25ab] type 00 class 0x088000 conventional PCI endpoint
[    0.461649] pci 0000:00:04.0: BAR 0 [mem 0xfebfe000-0xfebfe00f]
[    0.478359] pci 0000:00:05.0: [1af4:1003] type 00 class 0x078000 conventional PCI endpoint
[    0.481981] pci 0000:00:05.0: BAR 0 [io  0xc080-0xc0bf]
[    0.484980] pci 0000:00:05.0: BAR 1 [mem 0xfebff000-0xfebfffff]
[    0.491980] pci 0000:00:05.0: BAR 4 [mem 0xfebf8000-0xfebfbfff 64bit pref]
[    0.517229] ACPI: PCI: Interrupt link LNKA configured for IRQ 10
[    0.520334] ACPI: PCI: Interrupt link LNKB configured for IRQ 10
[    0.522313] ACPI: PCI: Interrupt link LNKC configured for IRQ 11
[    0.524070] ACPI: PCI: Interrupt link LNKD configured for IRQ 11
[    0.525243] ACPI: PCI: Interrupt link LNKS configured for IRQ 9
[    0.547251] iommu: Default domain type: Translated
[    0.547917] iommu: DMA domain TLB invalidation policy: lazy mode
[    0.549538] SCSI subsystem initialized
[    0.550247] pps_core: LinuxPPS API ver. 1 registered
[    0.550981] pps_core: Software ver. 5.3.6 - Copyright 2005-2007 Rodolfo Giometti <giometti@linux.it>
[    0.551995] PTP clock support registered
[    0.553136] Advanced Linux Sound Architecture Driver Initialized.
[    0.555740] NET: Registered PF_ATMPVC protocol family
[    0.555980] NET: Registered PF_ATMSVC protocol family
[    0.556680] PCI: Using ACPI for IRQ routing
[    0.558172] vgaarb: loaded
[    0.559160] hpet0: at MMIO 0xfed00000, IRQs 2, 8, 0
[    0.559166] hpet0: 3 comparators, 64-bit 100.000000 MHz counter
[    0.565507] clocksource: Switched to clocksource kvm-clock
[    0.566617] VFS: Disk quotas dquot_6.6.0
[    0.567442] VFS: Dquot-cache hash table entries: 512 (order 0, 4096 bytes)
[    0.573119] pnp: PnP ACPI init
[    0.576265] pnp: PnP ACPI: found 5 devices
[    0.589627] clocksource: acpi_pm: mask: 0xffffff max_cycles: 0xffffff, max_idle_ns: 2085701024 ns
[    0.590885] NET: Registered PF_INET protocol family
[    0.591695] IP idents hash table entries: 16384 (order: 5, 131072 bytes, linear)
[    0.593125] tcp_listen_portaddr_hash hash table entries: 512 (order: 1, 8192 bytes, linear)
[    0.594248] Table-perturb hash table entries: 65536 (order: 6, 262144 bytes, linear)
[    0.595293] TCP established hash table entries: 8192 (order: 4, 65536 bytes, linear)
[    0.596327] TCP bind hash table entries: 8192 (order: 6, 262144 bytes, linear)
[    0.597299] TCP: Hash tables configured (established 8192 bind 8192)
[    0.598304] UDP hash table entries: 512 (order: 2, 16384 bytes, linear)
[    0.599243] UDP-Lite hash table entries: 512 (order: 2, 16384 bytes, linear)
[    0.600396] NET: Registered PF_UNIX/PF_LOCAL protocol family
[    0.601183] pci_bus 0000:00: resource 4 [io  0x0000-0x0cf7 window]
[    0.601996] pci_bus 0000:00: resource 5 [io  0x0d00-0xffff window]
[    0.602804] pci_bus 0000:00: resource 6 [mem 0x000a0000-0x000bffff window]
[    0.603696] pci_bus 0000:00: resource 7 [mem 0x40000000-0xfebfffff window]
[    0.604596] pci_bus 0000:00: resource 8 [mem 0x100000000-0x17fffffff window]
[    0.605743] pci 0000:00:01.0: PIIX3: Enabling Passive Release
[    0.606495] pci 0000:00:00.0: Limiting direct PCI/PCI transfers
[    0.607310] PCI: CLS 0 bytes, default 64
[    0.607907] kvm_intel: VMX not supported by CPU 8
[    0.608549] kvm_amd: TSC scaling supported
[    0.609104] kvm_amd: Nested Virtualization enabled
[    0.609729] kvm_amd: Nested Paging enabled
[    0.610285] kvm_amd: Virtual VMLOAD VMSAVE supported
[    0.610946] kvm_amd: Virtual GIF supported
[    0.611483] kvm_amd: Virtual NMI enabled
[    0.612003] kvm_amd: LBR virtualization supported
[    0.728211] Initialise system trusted keyrings
[    0.728998] workingset: timestamp_bits=56 max_order=18 bucket_order=0
[    0.730002] squashfs: version 4.0 (2009/01/31) Phillip Lougher
[    0.730797] fuse: init (API version 7.40)
[    0.731477] 9p: Installing v9fs 9p2000 file system support
[    0.741654] Key type asymmetric registered
[    0.742210] Asymmetric key parser 'x509' registered
[    0.742921] Block layer SCSI generic (bsg) driver version 0.4 loaded (major 249)
[    0.743936] io scheduler mq-deadline registered
[    0.744535] io scheduler kyber registered
[    0.746621] input: Power Button as /devices/LNXSYSTM:00/LNXPWRBN:00/input/input0
[    0.747875] ACPI: button: Power Button [PWRF]
[    0.748581] Warning: Processor Platform Limit event detected, but not handled.
[    0.749559] Consider compiling CPUfreq support into your kernel.
[    1.616614] ACPI: \_SB_.LNKB: Enabled at IRQ 10
[    2.474578] ACPI: \_SB_.LNKC: Enabled at IRQ 11
[    3.329659] ACPI: \_SB_.LNKA: Enabled at IRQ 10
[    3.331260] Serial: 8250/16550 driver, 4 ports, IRQ sharing enabled
[    3.332446] 00:03: ttyS0 at I/O 0x3f8 (irq = 4, base_baud = 115200) is a 16550A
[    3.383581] Non-volatile memory driver v1.3
[    3.384185] Linux agpgart interface v0.103
[    3.384915] ACPI: bus type drm_connector registered
[    3.385584] printk: legacy console [hvc0] enabled
[    3.386390] printk: legacy bootconsole [earlyser0] disabled
          _      _                                    
   __   _(_)_ __| |_ _ __ ___   ___       _ __   __ _ 
   \ \ / / |  __| __|  _   _ \ / _ \_____|  _ \ / _  |
    \ V /| | |  | |_| | | | | |  __/_____| | | | (_| |
     \_/ |_|_|   \__|_| |_| |_|\___|     |_| |_|\__  |
                                                |___/ 
   kernel version: 6.9.0-virtme x86_64
   (CTRL+d to exit)

virtme-ng:/nipa-data/kernel# PS1='xx__-> '
xx__-> env
PWD=/nipa-data/kernel
nr_open=1048576
HOME=/root
TERM=xterm
SHLVL=2
XDG_RUNTIME_DIR=/run/user/0
PATH=/bin:/sbin:/usr/bin:/usr/sbin:/usr/local/bin
OLDPWD=/
_=/usr/bin/env
xx__-> 