No EFI environment detected.
early console in extract_kernel
input_data: 0x0000000002be02c4
input_len: 0x0000000000b8ff68
output: 0x0000000001000000
output_len: 0x0000000002727d64
kernel_total_size: 0x0000000002430000
needed_size: 0x0000000002800000
trampoline_32bit: 0x0000000000000000
Physical KASLR using RDRAND RDTSC...
Virtual KASLR using RDRAND RDTSC...

Decompressing Linux... Parsing ELF... Performing relocations... done.
Booting the kernel (entry_offset: 0x0000000000f8be80).
[    0.000000] Linux version 6.14.0-rc2-virtme (root@c674d6d1321a) (gcc (Ubuntu 13.3.0-6ubuntu2~24.04) 13.3.0, GNU ld (GNU Binutils for Ubuntu) 2.42) #1 SMP PREEMPT_DYNAMIC Wed Feb 19 03:06:54 UTC 2025
[    0.000000] Command line: virtme_hostname=virtme-ng nr_open=1048576 virtme_link_mods=/nipa-data/kernel/.virtme_mods/lib/modules/0.0.0 virtme_initmount0=nipa-data/kernel virtme_rw_overlay0=/etc virtme_rw_overlay1=/lib virtme_rw_overlay2=/home virtme_rw_overlay3=/opt virtme_rw_overlay4=/srv virtme_rw_overlay5=/usr virtme_rw_overlay6=/var console=hvc0 earlyprintk=serial,ttyS0,115200 virtme_console=ttyS0 psmouse.proto=exps TERM=xterm virtme_chdir=nipa-data/kernel virtme_root_user=1 rootfstype=9p rootflags=version=9p2000.L,trans=virtio,access=any raid=noautodetect ro init=/usr/lib/python3/dist-packages/virtme/guest/virtme-init
[    0.000000] BIOS-provided physical RAM map:
[    0.000000] BIOS-e820: [mem 0x0000000000000000-0x000000000009fbff] usable
[    0.000000] BIOS-e820: [mem 0x000000000009fc00-0x000000000009ffff] reserved
[    0.000000] BIOS-e820: [mem 0x00000000000f0000-0x00000000000fffff] reserved
[    0.000000] BIOS-e820: [mem 0x0000000000100000-0x000000003ffdffff] usable
[    0.000000] BIOS-e820: [mem 0x000000003ffe0000-0x000000003fffffff] reserved
[    0.000000] BIOS-e820: [mem 0x00000000feffc000-0x00000000feffffff] reserved
[    0.000000] BIOS-e820: [mem 0x00000000fffc0000-0x00000000ffffffff] reserved
[    0.000000] BIOS-e820: [mem 0x000000fd00000000-0x000000ffffffffff] reserved
[    0.000000] printk: legacy bootconsole [earlyser0] enabled
[    0.000000] NX (Execute Disable) protection: active
[    0.000000] APIC: Static calls initialized
[    0.000000] SMBIOS 3.0.0 present.
[    0.000000] DMI: QEMU Ubuntu 24.04 PC (i440FX + PIIX, 1996), BIOS 1.16.3-debian-1.16.3-2 04/01/2014
[    0.000000] DMI: Memory slots populated: 1/1
[    0.000000] Hypervisor detected: KVM
[    0.000000] kvm-clock: Using msrs 4b564d01 and 4b564d00
[    0.000000] kvm-clock: using sched offset of 215626268 cycles
[    0.000369] clocksource: kvm-clock: mask: 0xffffffffffffffff max_cycles: 0x1cd42e4dffb, max_idle_ns: 881590591483 ns
[    0.001516] tsc: Detected 4491.560 MHz processor
[    0.002096] last_pfn = 0x3ffe0 max_arch_pfn = 0x400000000
[    0.002500] MTRR map: 4 entries (3 fixed + 1 variable; max 19), built from 8 variable MTRRs
[    0.003094] x86/PAT: Configuration [0-7]: WB  WC  UC- UC  WB  WP  UC- WT  
Memory KASLR using RDRAND RDTSC...
[    0.005083] found SMP MP-table at [mem 0x000f5470-0x000f547f]
[    0.005492] Using GB pages for direct mapping
[    0.005864] ACPI: Early table checksum verification disabled
[    0.006265] ACPI: RSDP 0x00000000000F5290 000014 (v00 BOCHS )
[    0.006671] ACPI: RSDT 0x000000003FFE27BC 000034 (v01 BOCHS  BXPC     00000001 BXPC 00000001)
[    0.007274] ACPI: FACP 0x000000003FFE2578 000074 (v01 BOCHS  BXPC     00000001 BXPC 00000001)
[    0.007881] ACPI: DSDT 0x000000003FFE0040 002538 (v01 BOCHS  BXPC     00000001 BXPC 00000001)
[    0.008482] ACPI: FACS 0x000000003FFE0000 000040
[    0.008807] ACPI: APIC 0x000000003FFE25EC 000170 (v03 BOCHS  BXPC     00000001 BXPC 00000001)
[    0.009408] ACPI: HPET 0x000000003FFE275C 000038 (v01 BOCHS  BXPC     00000001 BXPC 00000001)
[    0.010009] ACPI: WAET 0x000000003FFE2794 000028 (v01 BOCHS  BXPC     00000001 BXPC 00000001)
[    0.010609] ACPI: Reserving FACP table memory at [mem 0x3ffe2578-0x3ffe25eb]
[    0.011105] ACPI: Reserving DSDT table memory at [mem 0x3ffe0040-0x3ffe2577]
[    0.011602] ACPI: Reserving FACS table memory at [mem 0x3ffe0000-0x3ffe003f]
[    0.012100] ACPI: Reserving APIC table memory at [mem 0x3ffe25ec-0x3ffe275b]
[    0.012597] ACPI: Reserving HPET table memory at [mem 0x3ffe275c-0x3ffe2793]
[    0.013095] ACPI: Reserving WAET table memory at [mem 0x3ffe2794-0x3ffe27bb]
[    0.013728] No NUMA configuration found
[    0.013999] Faking a node at [mem 0x0000000000000000-0x000000003ffdffff]
[    0.014472] NODE_DATA(0) allocated [mem 0x3ffdb780-0x3ffdffff]
[    0.014891] Zone ranges:
[    0.015070]   DMA      [mem 0x0000000000001000-0x0000000000ffffff]
[    0.015506]   DMA32    [mem 0x0000000001000000-0x000000003ffdffff]
[    0.015944]   Normal   empty
[    0.016146]   Device   empty
[    0.016349] Movable zone start for each node
[    0.016650] Early memory node ranges
[    0.016901]   node   0: [mem 0x0000000000001000-0x000000000009efff]
[    0.017342]   node   0: [mem 0x0000000000100000-0x000000003ffdffff]
[    0.017784] Initmem setup node 0 [mem 0x0000000000001000-0x000000003ffdffff]
[    0.018280] On node 0, zone DMA: 1 pages in unavailable ranges
[    0.018698] On node 0, zone DMA: 97 pages in unavailable ranges
[    0.020118] On node 0, zone DMA32: 32 pages in unavailable ranges
[    0.020742] ACPI: PM-Timer IO Port: 0x608
[    0.021029] ACPI: LAPIC_NMI (acpi_id[0xff] dfl dfl lint[0x1])
[    0.021449] IOAPIC[0]: apic_id 0, version 17, address 0xfec00000, GSI 0-23
[    0.021935] ACPI: INT_SRC_OVR (bus 0 bus_irq 0 global_irq 2 dfl dfl)
[    0.022382] ACPI: INT_SRC_OVR (bus 0 bus_irq 5 global_irq 5 high level)
[    0.022848] ACPI: INT_SRC_OVR (bus 0 bus_irq 9 global_irq 9 high level)
[    0.023316] ACPI: INT_SRC_OVR (bus 0 bus_irq 10 global_irq 10 high level)
[    0.023795] ACPI: INT_SRC_OVR (bus 0 bus_irq 11 global_irq 11 high level)
[    0.024271] ACPI: Using ACPI (MADT) for SMP configuration information
[    0.024722] ACPI: HPET id: 0x8086a201 base: 0xfed00000
[    0.025083] TSC deadline timer available
[    0.025359] CPU topo: Max. logical packages:   1
[    0.025682] CPU topo: Max. logical dies:       1
[    0.026005] CPU topo: Max. dies per package:   1
[    0.026329] CPU topo: Max. threads per core:   1
[    0.026652] CPU topo: Num. cores per package:    32
[    0.026994] CPU topo: Num. threads per package:  32
[    0.027336] CPU topo: Allowing 32 present CPUs plus 0 hotplug CPUs
[    0.027777] kvm-guest: APIC: eoi() replaced with kvm_guest_apic_eoi_write()
[    0.028272] kvm-guest: KVM setup pv remote TLB flush
[    0.028621] kvm-guest: setup PV sched yield
[    0.028917] PM: hibernation: Registered nosave memory: [mem 0x00000000-0x00000fff]
[    0.029448] PM: hibernation: Registered nosave memory: [mem 0x0009f000-0x0009ffff]
[    0.029979] PM: hibernation: Registered nosave memory: [mem 0x000a0000-0x000effff]
[    0.030510] PM: hibernation: Registered nosave memory: [mem 0x000f0000-0x000fffff]
[    0.031040] [mem 0x40000000-0xfeffbfff] available for PCI devices
[    0.031468] Booting paravirtualized kernel on KVM
[    0.031800] clocksource: refined-jiffies: mask: 0xffffffff max_cycles: 0xffffffff, max_idle_ns: 1910969940391419 ns
[    0.035261] setup_percpu: NR_CPUS:64 nr_cpumask_bits:32 nr_cpu_ids:32 nr_node_ids:1
[    0.036416] percpu: Embedded 58 pages/cpu s198296 r8192 d31080 u262144
[    0.036907] Kernel command line: virtme_hostname=virtme-ng nr_open=1048576 virtme_link_mods=/nipa-data/kernel/.virtme_mods/lib/modules/0.0.0 virtme_initmount0=nipa-data/kernel virtme_rw_overlay0=/etc virtme_rw_overlay1=/lib virtme_rw_overlay2=/home virtme_rw_overlay3=/opt virtme_rw_overlay4=/srv virtme_rw_overlay5=/usr virtme_rw_overlay6=/var console=hvc0 earlyprintk=serial,ttyS0,115200 virtme_console=ttyS0 psmouse.proto=exps TERM=xterm virtme_chdir=nipa-data/kernel virtme_root_user=1 rootfstype=9p rootflags=version=9p2000.L,trans=virtio,access=any raid=noautodetect ro init=/usr/lib/python3/dist-packages/virtme/guest/virtme-init
[    0.041039] Unknown kernel command line parameters "virtme_hostname=virtme-ng nr_open=1048576 virtme_link_mods=/nipa-data/kernel/.virtme_mods/lib/modules/0.0.0 virtme_initmount0=nipa-data/kernel virtme_rw_overlay0=/etc virtme_rw_overlay1=/lib virtme_rw_overlay2=/home virtme_rw_overlay3=/opt virtme_rw_overlay4=/srv virtme_rw_overlay5=/usr virtme_rw_overlay6=/var virtme_console=ttyS0 virtme_chdir=nipa-data/kernel virtme_root_user=1", will be passed to user space.
[    0.044187] random: crng init done
[    0.044433] printk: log buffer data + meta data: 262144 + 917504 = 1179648 bytes
[    0.044996] Dentry cache hash table entries: 131072 (order: 8, 1048576 bytes, linear)
[    0.045583] Inode-cache hash table entries: 65536 (order: 7, 524288 bytes, linear)
[    0.046215] Fallback order for Node 0: 0 
[    0.046217] Built 1 zonelists, mobility grouping on.  Total pages: 262014
[    0.046997] Policy zone: DMA32
[    0.047218] mem auto-init: stack:all(zero), heap alloc:off, heap free:off
[    0.048315] SLUB: HWalign=64, Order=0-3, MinObjects=0, CPUs=32, Nodes=1
Poking KASLR using RDRAND RDTSC...
[    0.049036] ftrace: allocating 48947 entries in 192 pages
[    0.061114] ftrace: allocated 192 pages with 2 groups
[    0.062061] Dynamic Preempt: voluntary
[    0.062456] rcu: Preemptible hierarchical RCU implementation.
[    0.062872] rcu: RCU event tracing is enabled.
[    0.063198] rcu: RCU restricting CPUs from NR_CPUS=64 to nr_cpu_ids=32.
[    0.063685] Trampoline variant of Tasks RCU enabled.
[    0.064048] Rude variant of Tasks RCU enabled.
[    0.064374] Tracing variant of Tasks RCU enabled.
[    0.064719] rcu: RCU calculated value of scheduler-enlistment delay is 100 jiffies.
[    0.065270] rcu: Adjusting geometry for rcu_fanout_leaf=16, nr_cpu_ids=32
[    0.065765] RCU Tasks: Setting shift to 5 and lim to 1 rcu_task_cb_adjust=1 rcu_task_cpu_ids=32.
[    0.066399] RCU Tasks Rude: Setting shift to 5 and lim to 1 rcu_task_cb_adjust=1 rcu_task_cpu_ids=32.
[    0.067064] RCU Tasks Trace: Setting shift to 5 and lim to 1 rcu_task_cb_adjust=1 rcu_task_cpu_ids=32.
[    0.069522] NR_IRQS: 4352, nr_irqs: 680, preallocated irqs: 16
[    0.070110] rcu: srcu_init: Setting srcu_struct sizes based on contention.
[    0.070743] Console: colour *CGA 80x25
[    0.071020] ACPI: Core revision 20240827
[    0.071371] clocksource: hpet: mask: 0xffffffff max_cycles: 0xffffffff, max_idle_ns: 19112604467 ns
[    0.072081] APIC: Switch to symmetric I/O mode setup
[    0.072451] kvm-guest: APIC: send_IPI_mask() replaced with kvm_send_ipi_mask()
[    0.072966] kvm-guest: APIC: send_IPI_mask_allbutself() replaced with kvm_send_ipi_mask_allbutself()
[    0.073599] kvm-guest: setup PV IPIs
[    0.074625] ..TIMER: vector=0x30 apic1=0 pin1=2 apic2=-1 pin2=-1
[    0.075405] clocksource: tsc-early: mask: 0xffffffffffffffff max_cycles: 0x40be4320a4d, max_idle_ns: 440795288133 ns
[    0.076748] Calibrating delay loop (skipped) preset value.. 8983.12 BogoMIPS (lpj=4491560)
[    0.077810] x86/cpu: User Mode Instruction Prevention (UMIP) activated
[    0.078794] Last level iTLB entries: 4KB 512, 2MB 255, 4MB 127
[    0.079747] Last level dTLB entries: 4KB 512, 2MB 255, 4MB 127, 1GB 0
[    0.080751] Spectre V1 : Mitigation: usercopy/swapgs barriers and __user pointer sanitization
[    0.081750] Spectre V2 : Mitigation: Enhanced / Automatic IBRS
[    0.082747] Spectre V2 : Spectre v2 / SpectreRSB mitigation: Filling RSB on context switch
[    0.083748] Spectre V2 : mitigation: Enabling conditional Indirect Branch Prediction Barrier
[    0.084748] Speculative Store Bypass: Mitigation: Speculative Store Bypass disabled via prctl
[    0.085747] Speculative Return Stack Overflow: IBPB-extending microcode not applied!
[    0.086747] Speculative Return Stack Overflow: WARNING: See https://kernel.org/doc/html/latest/admin-guide/hw-vuln/srso.html for mitigation options.
[    0.086747] Speculative Return Stack Overflow: Vulnerable: Safe RET, no microcode
[    0.088762] x86/fpu: Supporting XSAVE feature 0x001: 'x87 floating point registers'
[    0.089747] x86/fpu: Supporting XSAVE feature 0x002: 'SSE registers'
[    0.090747] x86/fpu: Supporting XSAVE feature 0x004: 'AVX registers'
[    0.091747] x86/fpu: Supporting XSAVE feature 0x020: 'AVX-512 opmask'
[    0.092747] x86/fpu: Supporting XSAVE feature 0x040: 'AVX-512 Hi256'
[    0.093747] x86/fpu: Supporting XSAVE feature 0x080: 'AVX-512 ZMM_Hi256'
[    0.094567] x86/fpu: Supporting XSAVE feature 0x200: 'Protection Keys User registers'
[    0.094747] x86/fpu: xstate_offset[2]:  576, xstate_sizes[2]:  256
[    0.095747] x86/fpu: xstate_offset[5]:  832, xstate_sizes[5]:   64
[    0.096747] x86/fpu: xstate_offset[6]:  896, xstate_sizes[6]:  512
[    0.097747] x86/fpu: xstate_offset[7]: 1408, xstate_sizes[7]: 1024
[    0.098506] x86/fpu: xstate_offset[9]: 2432, xstate_sizes[9]:    8
[    0.098747] x86/fpu: Enabled xstate features 0x2e7, context size is 2440 bytes, using 'compacted' format.
[    0.114902] Freeing SMP alternatives memory: 40K
[    0.115470] pid_max: default: 32768 minimum: 301
[    0.115767] Mount-cache hash table entries: 2048 (order: 2, 16384 bytes, linear)
[    0.116748] Mountpoint-cache hash table entries: 2048 (order: 2, 16384 bytes, linear)
[    0.117884] smpboot: CPU0: AMD Ryzen 9 7950X 16-Core Processor (family: 0x19, model: 0x61, stepping: 0x2)
[    0.118858] Performance Events: Fam17h+ core perfctr, AMD PMU driver.
[    0.119672] ... version:                0
[    0.119749] ... bit width:              48
[    0.120252] ... generic registers:      6
[    0.120744] ... value mask:             0000ffffffffffff
[    0.120748] ... max period:             00007fffffffffff
[    0.121399] ... fixed-purpose events:   0
[    0.121748] ... event mask:             000000000000003f
[    0.122480] signal: max sigframe size: 3376
[    0.122764] rcu: Hierarchical SRCU implementation.
[    0.123351] rcu: Max phase no-delay instances is 400.
[    0.123769] Timer migration: 2 hierarchy levels; 8 children per group; 2 crossnode level
[    0.126935] smp: Bringing up secondary CPUs ...
[    0.127544] smpboot: x86: Booting SMP configuration:
[    0.127750] .... node  #0, CPUs:        #1  #2  #3  #4  #5  #6  #7  #8  #9 #10 #11 #12 #13 #14 #15 #16 #17 #18 #19 #20 #21 #22 #23 #24 #25 #26 #27 #28 #29 #30 #31
[    0.150852] smp: Brought up 1 node, 32 CPUs
[    0.152283] smpboot: Total of 32 processors activated (287459.84 BogoMIPS)
[    0.154783] Memory: 970432K/1048056K available (15920K kernel code, 2461K rwdata, 6364K rodata, 3188K init, 1760K bss, 63184K reserved, 0K cma-reserved)
[    0.155868] devtmpfs: initialized
[    0.156193] x86/mm: Memory block size: 128MB
[    0.157400] clocksource: jiffies: mask: 0xffffffff max_cycles: 0xffffffff, max_idle_ns: 1911260446275000 ns
[    0.157750] futex hash table entries: 8192 (order: 7, 524288 bytes, linear)
[    0.158689] PM: RTC time: 03:07:12, date: 2025-02-19
[    0.159082] NET: Registered PF_NETLINK/PF_ROUTE protocol family
[    0.159870] thermal_sys: Registered thermal governor 'step_wise'
[    0.159880] cpuidle: using governor menu
[    0.161855] PCI: Using configuration type 1 for base access
[    0.162563] PCI: Using configuration type 1 for extended access
[    0.162797] kprobes: kprobe jump-optimization is enabled. All kprobes are optimized if possible.
[    0.179402] HugeTLB: registered 1.00 GiB page size, pre-allocated 0 pages
[    0.179749] HugeTLB: 16380 KiB vmemmap can be freed for a 1.00 GiB page
[    0.180571] HugeTLB: registered 2.00 MiB page size, pre-allocated 0 pages
[    0.180748] HugeTLB: 28 KiB vmemmap can be freed for a 2.00 MiB page
[    0.181807] ACPI: Added _OSI(Module Device)
[    0.182329] ACPI: Added _OSI(Processor Device)
[    0.182749] ACPI: Added _OSI(3.0 _SCP Extensions)
[    0.183332] ACPI: Added _OSI(Processor Aggregator Device)
[    0.184409] ACPI: 1 ACPI AML tables successfully acquired and loaded
[    0.186981] ACPI: Interpreter enabled
[    0.187361] ACPI: PM: (supports S0 S3 S4 S5)
[    0.187749] ACPI: Using IOAPIC for interrupt routing
[    0.188363] PCI: Using host bridge windows from ACPI; if necessary, use "pci=nocrs" and report a bug
[    0.189748] PCI: Using E820 reservations for host bridge windows
[    0.190558] ACPI: Enabled 2 GPEs in block 00 to 0F
[    0.193168] ACPI: PCI Root Bridge [PCI0] (domain 0000 [bus 00-ff])
[    0.193751] acpi PNP0A03:00: _OSC: OS supports [ExtendedConfig ASPM ClockPM Segments MSI HPX-Type3]
[    0.194832] PCI host bridge to bus 0000:00
[    0.195329] pci_bus 0000:00: root bus resource [io  0x0000-0x0cf7 window]
[    0.196749] pci_bus 0000:00: root bus resource [io  0x0d00-0xffff window]
[    0.197574] pci_bus 0000:00: root bus resource [mem 0x000a0000-0x000bffff window]
[    0.197749] pci_bus 0000:00: root bus resource [mem 0x40000000-0xfebfffff window]
[    0.198657] pci_bus 0000:00: root bus resource [mem 0x100000000-0x17fffffff window]
[    0.199749] pci_bus 0000:00: root bus resource [bus 00-ff]
[    0.200496] pci 0000:00:00.0: [8086:1237] type 00 class 0x060000 conventional PCI endpoint
[    0.202006] pci 0000:00:01.0: [8086:7000] type 00 class 0x060100 conventional PCI endpoint
[    0.203008] pci 0000:00:01.1: [8086:7010] type 00 class 0x010180 conventional PCI endpoint
[    0.205230] pci 0000:00:01.1: BAR 4 [io  0xc0c0-0xc0cf]
[    0.205766] pci 0000:00:01.1: BAR 0 [io  0x01f0-0x01f7]: legacy IDE quirk
[    0.206591] pci 0000:00:01.1: BAR 1 [io  0x03f6]: legacy IDE quirk
[    0.206748] pci 0000:00:01.1: BAR 2 [io  0x0170-0x0177]: legacy IDE quirk
[    0.207573] pci 0000:00:01.1: BAR 3 [io  0x0376]: legacy IDE quirk
[    0.208831] pci 0000:00:01.3: [8086:7113] type 00 class 0x068000 conventional PCI endpoint
[    0.209940] pci 0000:00:01.3: quirk: [io  0x0600-0x063f] claimed by PIIX4 ACPI
[    0.210752] pci 0000:00:01.3: quirk: [io  0x0700-0x070f] claimed by PIIX4 SMB
[    0.211762] pci 0000:00:02.0: [1af4:1009] type 00 class 0x000200 conventional PCI endpoint
[    0.213753] pci 0000:00:02.0: BAR 0 [io  0xc000-0xc03f]
[    0.214392] pci 0000:00:02.0: BAR 1 [mem 0xfebfc000-0xfebfcfff]
[    0.214762] pci 0000:00:02.0: BAR 4 [mem 0xfebf0000-0xfebf3fff 64bit pref]
[    0.216280] pci 0000:00:03.0: [1af4:1009] type 00 class 0x000200 conventional PCI endpoint
[    0.218195] pci 0000:00:03.0: BAR 0 [io  0xc040-0xc07f]
[    0.218752] pci 0000:00:03.0: BAR 1 [mem 0xfebfd000-0xfebfdfff]
[    0.219482] pci 0000:00:03.0: BAR 4 [mem 0xfebf4000-0xfebf7fff 64bit pref]
[    0.221252] pci 0000:00:04.0: [8086:25ab] type 00 class 0x088000 conventional PCI endpoint
[    0.222019] pci 0000:00:04.0: BAR 0 [mem 0xfebfe000-0xfebfe00f]
[    0.223115] pci 0000:00:05.0: [1af4:1003] type 00 class 0x078000 conventional PCI endpoint
[    0.225651] pci 0000:00:05.0: BAR 0 [io  0xc080-0xc0bf]
[    0.225752] pci 0000:00:05.0: BAR 1 [mem 0xfebff000-0xfebfffff]
[    0.226568] pci 0000:00:05.0: BAR 4 [mem 0xfebf8000-0xfebfbfff 64bit pref]
[    0.228436] ACPI: PCI: Interrupt link LNKA configured for IRQ 10
[    0.228851] ACPI: PCI: Interrupt link LNKB configured for IRQ 10
[    0.229680] ACPI: PCI: Interrupt link LNKC configured for IRQ 11
[    0.230839] ACPI: PCI: Interrupt link LNKD configured for IRQ 11
[    0.231637] ACPI: PCI: Interrupt link LNKS configured for IRQ 9
[    0.232553] iommu: Default domain type: Translated
[    0.233749] iommu: DMA domain TLB invalidation policy: lazy mode
[    0.234537] SCSI subsystem initialized
[    0.234776] pps_core: LinuxPPS API ver. 1 registered
[    0.235377] pps_core: Software ver. 5.3.6 - Copyright 2005-2007 Rodolfo Giometti <giometti@linux.it>
[    0.236750] PTP clock support registered
[    0.237246] Advanced Linux Sound Architecture Driver Initialized.
[    0.238006] NET: Registered PF_ATMPVC protocol family
[    0.238624] NET: Registered PF_ATMSVC protocol family
[    0.239754] PCI: Using ACPI for IRQ routing
[    0.240338] vgaarb: loaded
[    0.240759] hpet0: at MMIO 0xfed00000, IRQs 2, 8, 0
[    0.241356] hpet0: 3 comparators, 64-bit 100.000000 MHz counter
[    0.246034] clocksource: Switched to clocksource kvm-clock
[    0.246677] VFS: Disk quotas dquot_6.6.0
[    0.247172] VFS: Dquot-cache hash table entries: 512 (order 0, 4096 bytes)
[    0.248189] pnp: PnP ACPI init
[    0.248720] pnp: PnP ACPI: found 5 devices
[    0.255862] clocksource: acpi_pm: mask: 0xffffff max_cycles: 0xffffff, max_idle_ns: 2085701024 ns
[    0.256957] NET: Registered PF_INET protocol family
[    0.257614] IP idents hash table entries: 16384 (order: 5, 131072 bytes, linear)
[    0.258665] tcp_listen_portaddr_hash hash table entries: 512 (order: 1, 8192 bytes, linear)
[    0.259681] Table-perturb hash table entries: 65536 (order: 6, 262144 bytes, linear)
[    0.260622] TCP established hash table entries: 8192 (order: 4, 65536 bytes, linear)
[    0.261572] TCP bind hash table entries: 8192 (order: 6, 262144 bytes, linear)
[    0.262452] TCP: Hash tables configured (established 8192 bind 8192)
[    0.263239] UDP hash table entries: 512 (order: 3, 32768 bytes, linear)
[    0.264030] UDP-Lite hash table entries: 512 (order: 3, 32768 bytes, linear)
[    0.264901] NET: Registered PF_UNIX/PF_LOCAL protocol family
[    0.265590] pci_bus 0000:00: resource 4 [io  0x0000-0x0cf7 window]
[    0.266332] pci_bus 0000:00: resource 5 [io  0x0d00-0xffff window]
[    0.267070] pci_bus 0000:00: resource 6 [mem 0x000a0000-0x000bffff window]
[    0.267896] pci_bus 0000:00: resource 7 [mem 0x40000000-0xfebfffff window]
[    0.268720] pci_bus 0000:00: resource 8 [mem 0x100000000-0x17fffffff window]
[    0.269588] pci 0000:00:01.0: PIIX3: Enabling Passive Release
[    0.270283] pci 0000:00:00.0: Limiting direct PCI/PCI transfers
[    0.271021] PCI: CLS 0 bytes, default 64
[    0.271544] kvm_intel: VMX not supported by CPU 18
[    0.272124] kvm_amd: TSC scaling supported
[    0.272619] kvm_amd: Nested Virtualization enabled
[    0.273197] kvm_amd: Nested Paging enabled
[    0.273687] kvm_amd: LBR virtualization supported
[    0.274278] kvm_amd: Virtual GIF supported
[    0.274766] kvm_amd: Virtual NMI enabled
[    0.302367] clocksource: tsc: mask: 0xffffffffffffffff max_cycles: 0x40be4320a4d, max_idle_ns: 440795288133 ns
[    0.309915] Initialise system trusted keyrings
[    0.310543] workingset: timestamp_bits=56 max_order=18 bucket_order=0
[    0.311350] squashfs: version 4.0 (2009/01/31) Phillip Lougher
[    0.312064] fuse: init (API version 7.42)
[    0.312596] 9p: Installing v9fs 9p2000 file system support
[    0.319669] Key type asymmetric registered
[    0.320177] Asymmetric key parser 'x509' registered
[    0.320777] Block layer SCSI generic (bsg) driver version 0.4 loaded (major 249)
[    0.321695] io scheduler mq-deadline registered
[    0.322254] io scheduler kyber registered
[    0.324603] input: Power Button as /devices/LNXSYSTM:00/LNXPWRBN:00/input/input0
[    0.325588] ACPI: button: Power Button [PWRF]
[    0.326503] Warning: Processor Platform Limit event detected, but not handled.
[    0.327394] Consider compiling CPUfreq support into your kernel.
[    0.344624] ACPI: \_SB_.LNKB: Enabled at IRQ 10
[    0.359846] ACPI: \_SB_.LNKC: Enabled at IRQ 11
[    0.374964] ACPI: \_SB_.LNKA: Enabled at IRQ 10
[    0.376013] Serial: 8250/16550 driver, 4 ports, IRQ sharing enabled
[    0.376877] 00:03: ttyS0 at I/O 0x3f8 (irq = 4, base_baud = 115200) is a 16550A
[    0.398742] Non-volatile memory driver v1.3
[    0.399302] Linux agpgart interface v0.103
[    0.399812] printk: legacy console [hvc0] enabled
[    0.399841] ACPI: bus type drm_connector registered
[    0.400414] printk: legacy bootconsole [earlyser0] disabled
          _      _                                    
   __   _(_)_ __| |_ _ __ ___   ___       _ __   __ _ 
   \ \ / / |  __| __|  _   _ \ / _ \_____|  _ \ / _  |
    \ V /| | |  | |_| | | | | |  __/_____| | | | (_| |
     \_/ |_|_|   \__|_| |_| |_|\___|     |_| |_|\__  |
                                                |___/ 
   kernel version: 6.14.0-rc2-virtme x86_64
   (CTRL+d to exit)

root@virtme-ng:/nipa-data/kernel# PS1='xx__-> '
xx__-> env
PWD=/nipa-data/kernel
nr_open=1048576
HOME=/
TERM=xterm
SHLVL=2
XDG_RUNTIME_DIR=/run/user/0
PATH=/bin:/sbin:/usr/bin:/usr/sbin:/usr/local/bin
OLDPWD=/
_=/bin/env
xx__-> 