No EFI environment detected.
early console in extract_kernel
input_data: 0x00000000029b92c4
input_len: 0x0000000000bbe97d
output: 0x0000000001000000
output_len: 0x0000000002531f44
kernel_total_size: 0x0000000002430000
needed_size: 0x0000000002600000
trampoline_32bit: 0x0000000000000000
Physical KASLR using RDRAND RDTSC...
Virtual KASLR using RDRAND RDTSC...

Decompressing Linux... Parsing ELF... Performing relocations... done.
Booting the kernel (entry_offset: 0x0000000000fb5140).
[    0.000000] Linux version 6.15.0-rc5-virtme (root@db023043c614) (gcc (Ubuntu 13.3.0-6ubuntu2~24.04) 13.3.0, GNU ld (GNU Binutils for Ubuntu) 2.42) #1 SMP PREEMPT_DYNAMIC Wed May 14 18:06:23 UTC 2025
[    0.000000] Command line: virtme_hostname=virtme-ng nr_open=1048576 virtme_link_mods=/nipa-data/kernel/.virtme_mods/lib/modules/0.0.0 virtme_initmount0=nipa-data/kernel virtme_rw_overlay0=/etc virtme_rw_overlay1=/lib virtme_rw_overlay2=/home virtme_rw_overlay3=/opt virtme_rw_overlay4=/srv virtme_rw_overlay5=/usr virtme_rw_overlay6=/var console=hvc0 earlyprintk=serial,ttyS0,115200 virtme_console=ttyS0 psmouse.proto=exps TERM=xterm virtme_chdir=nipa-data/kernel virtme_root_user=1 rootfstype=9p rootflags=version=9p2000.L,trans=virtio,access=any raid=noautodetect ro init=/usr/lib/python3/dist-packages/virtme/guest/virtme-init
[    0.000000] BIOS-provided physical RAM map:
[    0.000000] BIOS-e820: [mem 0x0000000000000000-0x000000000009fbff] usable
[    0.000000] BIOS-e820: [mem 0x000000000009fc00-0x000000000009ffff] reserved
[    0.000000] BIOS-e820: [mem 0x00000000000f0000-0x00000000000fffff] reserved
[    0.000000] BIOS-e820: [mem 0x0000000000100000-0x000000003ffdffff] usable
[    0.000000] BIOS-e820: [mem 0x000000003ffe0000-0x000000003fffffff] reserved
[    0.000000] BIOS-e820: [mem 0x00000000feffc000-0x00000000feffffff] reserved
[    0.000000] BIOS-e820: [mem 0x00000000fffc0000-0x00000000ffffffff] reserved
[    0.000000] BIOS-e820: [mem 0x000000fd00000000-0x000000ffffffffff] reserved
[    0.000000] printk: legacy bootconsole [earlyser0] enabled
[    0.000000] NX (Execute Disable) protection: active
[    0.000000] APIC: Static calls initialized
[    0.000000] SMBIOS 3.0.0 present.
[    0.000000] DMI: QEMU Ubuntu 24.04 PC (i440FX + PIIX, 1996), BIOS 1.16.3-debian-1.16.3-2 04/01/2014
[    0.000000] DMI: Memory slots populated: 1/1
[    0.000000] Hypervisor detected: KVM
[    0.000000] kvm-clock: Using msrs 4b564d01 and 4b564d00
[    0.000000] kvm-clock: using sched offset of 246790160 cycles
[    0.000350] clocksource: kvm-clock: mask: 0xffffffffffffffff max_cycles: 0x1cd42e4dffb, max_idle_ns: 881590591483 ns
[    0.001438] tsc: Detected 4491.560 MHz processor
[    0.001986] last_pfn = 0x3ffe0 max_arch_pfn = 0x400000000
[    0.002368] MTRR map: 4 entries (3 fixed + 1 variable; max 19), built from 8 variable MTRRs
[    0.002929] x86/PAT: Configuration [0-7]: WB  WC  UC- UC  WB  WP  UC- WT  
Memory KASLR using RDRAND RDTSC...
[    0.004794] found SMP MP-table at [mem 0x000f5470-0x000f547f]
[    0.005181] Using GB pages for direct mapping
[    0.005521] ACPI: Early table checksum verification disabled
[    0.005903] ACPI: RSDP 0x00000000000F5290 000014 (v00 BOCHS )
[    0.006286] ACPI: RSDT 0x000000003FFE27BC 000034 (v01 BOCHS  BXPC     00000001 BXPC 00000001)
[    0.006854] ACPI: FACP 0x000000003FFE2578 000074 (v01 BOCHS  BXPC     00000001 BXPC 00000001)
[    0.007423] ACPI: DSDT 0x000000003FFE0040 002538 (v01 BOCHS  BXPC     00000001 BXPC 00000001)
[    0.007991] ACPI: FACS 0x000000003FFE0000 000040
[    0.008298] ACPI: APIC 0x000000003FFE25EC 000170 (v03 BOCHS  BXPC     00000001 BXPC 00000001)
[    0.008869] ACPI: HPET 0x000000003FFE275C 000038 (v01 BOCHS  BXPC     00000001 BXPC 00000001)
[    0.009437] ACPI: WAET 0x000000003FFE2794 000028 (v01 BOCHS  BXPC     00000001 BXPC 00000001)
[    0.010009] ACPI: Reserving FACP table memory at [mem 0x3ffe2578-0x3ffe25eb]
[    0.010477] ACPI: Reserving DSDT table memory at [mem 0x3ffe0040-0x3ffe2577]
[    0.010948] ACPI: Reserving FACS table memory at [mem 0x3ffe0000-0x3ffe003f]
[    0.011417] ACPI: Reserving APIC table memory at [mem 0x3ffe25ec-0x3ffe275b]
[    0.011884] ACPI: Reserving HPET table memory at [mem 0x3ffe275c-0x3ffe2793]
[    0.012352] ACPI: Reserving WAET table memory at [mem 0x3ffe2794-0x3ffe27bb]
[    0.012950] No NUMA configuration found
[    0.013205] Faking a node at [mem 0x0000000000000000-0x000000003ffdffff]
[    0.013651] NODE_DATA(0) allocated [mem 0x3ffdb600-0x3ffdffff]
[    0.014047] Zone ranges:
[    0.014216]   DMA      [mem 0x0000000000001000-0x0000000000ffffff]
[    0.014627]   DMA32    [mem 0x0000000001000000-0x000000003ffdffff]
[    0.015042]   Normal   empty
[    0.015233]   Device   empty
[    0.015424] Movable zone start for each node
[    0.015712] Early memory node ranges
[    0.015950]   node   0: [mem 0x0000000000001000-0x000000000009efff]
[    0.016369]   node   0: [mem 0x0000000000100000-0x000000003ffdffff]
[    0.016791] Initmem setup node 0 [mem 0x0000000000001000-0x000000003ffdffff]
[    0.017261] On node 0, zone DMA: 1 pages in unavailable ranges
[    0.017657] On node 0, zone DMA: 97 pages in unavailable ranges
[    0.018955] On node 0, zone DMA32: 32 pages in unavailable ranges
[    0.019544] ACPI: PM-Timer IO Port: 0x608
[    0.019815] ACPI: LAPIC_NMI (acpi_id[0xff] dfl dfl lint[0x1])
[    0.020211] IOAPIC[0]: apic_id 0, version 17, address 0xfec00000, GSI 0-23
[    0.020669] ACPI: INT_SRC_OVR (bus 0 bus_irq 0 global_irq 2 dfl dfl)
[    0.021091] ACPI: INT_SRC_OVR (bus 0 bus_irq 5 global_irq 5 high level)
[    0.021530] ACPI: INT_SRC_OVR (bus 0 bus_irq 9 global_irq 9 high level)
[    0.021970] ACPI: INT_SRC_OVR (bus 0 bus_irq 10 global_irq 10 high level)
[    0.022421] ACPI: INT_SRC_OVR (bus 0 bus_irq 11 global_irq 11 high level)
[    0.022874] ACPI: Using ACPI (MADT) for SMP configuration information
[    0.023304] ACPI: HPET id: 0x8086a201 base: 0xfed00000
[    0.023646] TSC deadline timer available
[    0.023908] CPU topo: Max. logical packages:   1
[    0.024215] CPU topo: Max. logical dies:       1
[    0.024521] CPU topo: Max. dies per package:   1
[    0.024830] CPU topo: Max. threads per core:   1
[    0.025137] CPU topo: Num. cores per package:    32
[    0.025462] CPU topo: Num. threads per package:  32
[    0.025786] CPU topo: Allowing 32 present CPUs plus 0 hotplug CPUs
[    0.026203] kvm-guest: APIC: eoi() replaced with kvm_guest_apic_eoi_write()
[    0.026672] kvm-guest: KVM setup pv remote TLB flush
[    0.027006] kvm-guest: setup PV sched yield
[    0.027287] PM: hibernation: Registered nosave memory: [mem 0x00000000-0x00000fff]
[    0.027791] PM: hibernation: Registered nosave memory: [mem 0x0009f000-0x000fffff]
[    0.028295] [mem 0x40000000-0xfeffbfff] available for PCI devices
[    0.028700] Booting paravirtualized kernel on KVM
[    0.029013] clocksource: refined-jiffies: mask: 0xffffffff max_cycles: 0xffffffff, max_idle_ns: 1910969940391419 ns
[    0.032297] setup_percpu: NR_CPUS:64 nr_cpumask_bits:32 nr_cpu_ids:32 nr_node_ids:1
[    0.033373] percpu: Embedded 53 pages/cpu s178392 r8192 d30504 u262144
[    0.033837] Kernel command line: virtme_hostname=virtme-ng nr_open=1048576 virtme_link_mods=/nipa-data/kernel/.virtme_mods/lib/modules/0.0.0 virtme_initmount0=nipa-data/kernel virtme_rw_overlay0=/etc virtme_rw_overlay1=/lib virtme_rw_overlay2=/home virtme_rw_overlay3=/opt virtme_rw_overlay4=/srv virtme_rw_overlay5=/usr virtme_rw_overlay6=/var console=hvc0 earlyprintk=serial,ttyS0,115200 virtme_console=ttyS0 psmouse.proto=exps TERM=xterm virtme_chdir=nipa-data/kernel virtme_root_user=1 rootfstype=9p rootflags=version=9p2000.L,trans=virtio,access=any raid=noautodetect ro init=/usr/lib/python3/dist-packages/virtme/guest/virtme-init
[    0.037707] Unknown kernel command line parameters "virtme_hostname=virtme-ng nr_open=1048576 virtme_link_mods=/nipa-data/kernel/.virtme_mods/lib/modules/0.0.0 virtme_initmount0=nipa-data/kernel virtme_rw_overlay0=/etc virtme_rw_overlay1=/lib virtme_rw_overlay2=/home virtme_rw_overlay3=/opt virtme_rw_overlay4=/srv virtme_rw_overlay5=/usr virtme_rw_overlay6=/var virtme_console=ttyS0 virtme_chdir=nipa-data/kernel virtme_root_user=1", will be passed to user space.
[    0.040682] random: crng init done
[    0.040915] printk: log buffer data + meta data: 262144 + 917504 = 1179648 bytes
[    0.041447] Dentry cache hash table entries: 131072 (order: 8, 1048576 bytes, linear)
[    0.042000] Inode-cache hash table entries: 65536 (order: 7, 524288 bytes, linear)
[    0.042598] Fallback order for Node 0: 0 
[    0.042600] Built 1 zonelists, mobility grouping on.  Total pages: 262014
[    0.043340] Policy zone: DMA32
[    0.043549] mem auto-init: stack:all(zero), heap alloc:off, heap free:off
[    0.044520] SLUB: HWalign=64, Order=0-3, MinObjects=0, CPUs=32, Nodes=1
Poking KASLR using RDRAND RDTSC...
[    0.051540] ftrace: allocating 48772 entries in 192 pages
[    0.051909] ftrace: allocated 192 pages with 2 groups
[    0.052803] Dynamic Preempt: voluntary
[    0.053177] rcu: Preemptible hierarchical RCU implementation.
[    0.053569] rcu: RCU event tracing is enabled.
[    0.053882] rcu: RCU restricting CPUs from NR_CPUS=64 to nr_cpu_ids=32.
[    0.054340] Trampoline variant of Tasks RCU enabled.
[    0.054684] Rude variant of Tasks RCU enabled.
[    0.054996] Tracing variant of Tasks RCU enabled.
[    0.055323] rcu: RCU calculated value of scheduler-enlistment delay is 100 jiffies.
[    0.055849] rcu: Adjusting geometry for rcu_fanout_leaf=16, nr_cpu_ids=32
[    0.056320] RCU Tasks: Setting shift to 5 and lim to 1 rcu_task_cb_adjust=1 rcu_task_cpu_ids=32.
[    0.056927] RCU Tasks Rude: Setting shift to 5 and lim to 1 rcu_task_cb_adjust=1 rcu_task_cpu_ids=32.
[    0.057559] RCU Tasks Trace: Setting shift to 5 and lim to 1 rcu_task_cb_adjust=1 rcu_task_cpu_ids=32.
[    0.059825] NR_IRQS: 4352, nr_irqs: 680, preallocated irqs: 16
[    0.060387] rcu: srcu_init: Setting srcu_struct sizes based on contention.
[    0.060989] Console: colour *CGA 80x25
[    0.061248] ACPI: Core revision 20240827
[    0.061576] clocksource: hpet: mask: 0xffffffff max_cycles: 0xffffffff, max_idle_ns: 19112604467 ns
[    0.062242] APIC: Switch to symmetric I/O mode setup
[    0.062709] x2apic enabled
[    0.063057] APIC: Switched APIC routing to: physical x2apic
[    0.063444] kvm-guest: APIC: send_IPI_mask() replaced with kvm_send_ipi_mask()
[    0.063932] kvm-guest: APIC: send_IPI_mask_allbutself() replaced with kvm_send_ipi_mask_allbutself()
[    0.064543] kvm-guest: setup PV IPIs
[    0.065471] ..TIMER: vector=0x30 apic1=0 pin1=2 apic2=-1 pin2=-1
[    0.066193] clocksource: tsc-early: mask: 0xffffffffffffffff max_cycles: 0x40be4320a4d, max_idle_ns: 440795288133 ns
[    0.067479] Calibrating delay loop (skipped) preset value.. 8983.12 BogoMIPS (lpj=4491560)
[    0.068536] x86/cpu: User Mode Instruction Prevention (UMIP) activated
[    0.069524] Last level iTLB entries: 4KB 512, 2MB 255, 4MB 127
[    0.070212] Last level dTLB entries: 4KB 512, 2MB 255, 4MB 127, 1GB 0
[    0.070481] Spectre V1 : Mitigation: usercopy/swapgs barriers and __user pointer sanitization
[    0.071481] Spectre V2 : Mitigation: Enhanced / Automatic IBRS
[    0.072479] Spectre V2 : mitigation: Enabling conditional Indirect Branch Prediction Barrier
[    0.073479] Speculative Store Bypass: Mitigation: Speculative Store Bypass disabled via prctl
[    0.074478] Speculative Return Stack Overflow: IBPB-extending microcode not applied!
[    0.075478] Speculative Return Stack Overflow: WARNING: See https://kernel.org/doc/html/latest/admin-guide/hw-vuln/srso.html for mitigation options.
[    0.075479] Speculative Return Stack Overflow: Vulnerable: Safe RET, no microcode
[    0.077492] x86/fpu: Supporting XSAVE feature 0x001: 'x87 floating point registers'
[    0.078478] x86/fpu: Supporting XSAVE feature 0x002: 'SSE registers'
[    0.079478] x86/fpu: Supporting XSAVE feature 0x004: 'AVX registers'
[    0.080478] x86/fpu: Supporting XSAVE feature 0x020: 'AVX-512 opmask'
[    0.081221] x86/fpu: Supporting XSAVE feature 0x040: 'AVX-512 Hi256'
[    0.081478] x86/fpu: Supporting XSAVE feature 0x080: 'AVX-512 ZMM_Hi256'
[    0.082478] x86/fpu: Supporting XSAVE feature 0x200: 'Protection Keys User registers'
[    0.083478] x86/fpu: xstate_offset[2]:  576, xstate_sizes[2]:  256
[    0.084478] x86/fpu: xstate_offset[5]:  832, xstate_sizes[5]:   64
[    0.085192] x86/fpu: xstate_offset[6]:  896, xstate_sizes[6]:  512
[    0.085478] x86/fpu: xstate_offset[7]: 1408, xstate_sizes[7]: 1024
[    0.086478] x86/fpu: xstate_offset[9]: 2432, xstate_sizes[9]:    8
[    0.087478] x86/fpu: Enabled xstate features 0x2e7, context size is 2440 bytes, using 'compacted' format.
[    0.102010] Freeing SMP alternatives memory: 44K
[    0.102479] pid_max: default: 32768 minimum: 301
[    0.103040] Mount-cache hash table entries: 2048 (order: 2, 16384 bytes, linear)
[    0.103479] Mountpoint-cache hash table entries: 2048 (order: 2, 16384 bytes, linear)
[    0.104614] smpboot: CPU0: AMD Ryzen 9 7950X 16-Core Processor (family: 0x19, model: 0x61, stepping: 0x2)
[    0.105574] Performance Events: Fam17h+ core perfctr, AMD PMU driver.
[    0.106340] ... version:                0
[    0.106480] ... bit width:              48
[    0.106974] ... generic registers:      6
[    0.107456] ... value mask:             0000ffffffffffff
[    0.107480] ... max period:             00007fffffffffff
[    0.108095] ... fixed-purpose events:   0
[    0.108480] ... event mask:             000000000000003f
[    0.109167] signal: max sigframe size: 3376
[    0.109493] rcu: Hierarchical SRCU implementation.
[    0.110048] rcu: Max phase no-delay instances is 400.
[    0.110501] Timer migration: 2 hierarchy levels; 8 children per group; 2 crossnode level
[    0.113476] smp: Bringing up secondary CPUs ...
[    0.114055] smpboot: x86: Booting SMP configuration:
[    0.114481] .... node  #0, CPUs:        #1  #2  #3  #4  #5  #6  #7  #8  #9 #10 #11 #12 #13 #14 #15 #16 #17 #18 #19 #20 #21 #22 #23 #24 #25 #26 #27 #28 #29 #30 #31
[    0.127570] smp: Brought up 1 node, 32 CPUs
[    0.128984] smpboot: Total of 32 processors activated (287459.84 BogoMIPS)
[    0.130611] Memory: 971008K/1048056K available (16085K kernel code, 2477K rwdata, 6436K rodata, 3196K init, 1680K bss, 62532K reserved, 0K cma-reserved)
[    0.131588] devtmpfs: initialized
[    0.131917] x86/mm: Memory block size: 128MB
[    0.133174] clocksource: jiffies: mask: 0xffffffff max_cycles: 0xffffffff, max_idle_ns: 1911260446275000 ns
[    0.133481] posixtimers hash table entries: 16384 (order: 6, 262144 bytes, linear)
[    0.134399] futex hash table entries: 8192 (order: 7, 524288 bytes, linear)
[    0.134553] PM: RTC time: 18:06:40, date: 2025-05-14
[    0.135461] NET: Registered PF_NETLINK/PF_ROUTE protocol family
[    0.135619] thermal_sys: Registered thermal governor 'step_wise'
[    0.135628] cpuidle: using governor menu
[    0.137602] PCI: Using configuration type 1 for base access
[    0.138282] PCI: Using configuration type 1 for extended access
[    0.138547] kprobes: kprobe jump-optimization is enabled. All kprobes are optimized if possible.
[    0.154050] HugeTLB: allocation took 0ms with hugepage_allocation_threads=8
[    0.154510] HugeTLB: registered 1.00 GiB page size, pre-allocated 0 pages
[    0.155335] HugeTLB: 16380 KiB vmemmap can be freed for a 1.00 GiB page
[    0.155480] HugeTLB: registered 2.00 MiB page size, pre-allocated 0 pages
[    0.156298] HugeTLB: 28 KiB vmemmap can be freed for a 2.00 MiB page
[    0.156699] ACPI: Added _OSI(Module Device)
[    0.157211] ACPI: Added _OSI(Processor Device)
[    0.157480] ACPI: Added _OSI(3.0 _SCP Extensions)
[    0.158048] ACPI: Added _OSI(Processor Aggregator Device)
[    0.159111] ACPI: 1 ACPI AML tables successfully acquired and loaded
[    0.161047] ACPI: Interpreter enabled
[    0.161487] ACPI: PM: (supports S0 S3 S4 S5)
[    0.162007] ACPI: Using IOAPIC for interrupt routing
[    0.162487] PCI: Using host bridge windows from ACPI; if necessary, use "pci=nocrs" and report a bug
[    0.163480] PCI: Using E820 reservations for host bridge windows
[    0.164292] ACPI: Enabled 2 GPEs in block 00 to 0F
[    0.167025] ACPI: PCI Root Bridge [PCI0] (domain 0000 [bus 00-ff])
[    0.167482] acpi PNP0A03:00: _OSC: OS supports [ExtendedConfig ASPM ClockPM Segments MSI HPX-Type3]
[    0.168566] PCI host bridge to bus 0000:00
[    0.169067] pci_bus 0000:00: root bus resource [io  0x0000-0x0cf7 window]
[    0.169480] pci_bus 0000:00: root bus resource [io  0x0d00-0xffff window]
[    0.170321] pci_bus 0000:00: root bus resource [mem 0x000a0000-0x000bffff window]
[    0.170480] pci_bus 0000:00: root bus resource [mem 0x40000000-0xfebfffff window]
[    0.171388] pci_bus 0000:00: root bus resource [mem 0x100000000-0x17fffffff window]
[    0.171480] pci_bus 0000:00: root bus resource [bus 00-ff]
[    0.172220] pci 0000:00:00.0: [8086:1237] type 00 class 0x060000 conventional PCI endpoint
[    0.172738] pci 0000:00:01.0: [8086:7000] type 00 class 0x060100 conventional PCI endpoint
[    0.173743] pci 0000:00:01.1: [8086:7010] type 00 class 0x010180 conventional PCI endpoint
[    0.174857] pci 0000:00:01.1: BAR 4 [io  0xc0c0-0xc0cf]
[    0.175498] pci 0000:00:01.1: BAR 0 [io  0x01f0-0x01f7]: legacy IDE quirk
[    0.176317] pci 0000:00:01.1: BAR 1 [io  0x03f6]: legacy IDE quirk
[    0.176480] pci 0000:00:01.1: BAR 2 [io  0x0170-0x0177]: legacy IDE quirk
[    0.177303] pci 0000:00:01.1: BAR 3 [io  0x0376]: legacy IDE quirk
[    0.177567] pci 0000:00:01.3: [8086:7113] type 00 class 0x068000 conventional PCI endpoint
[    0.178669] pci 0000:00:01.3: quirk: [io  0x0600-0x063f] claimed by PIIX4 ACPI
[    0.179484] pci 0000:00:01.3: quirk: [io  0x0700-0x070f] claimed by PIIX4 SMB
[    0.180507] pci 0000:00:02.0: [1af4:1009] type 00 class 0x000200 conventional PCI endpoint
[    0.182308] pci 0000:00:02.0: BAR 0 [io  0xc000-0xc03f]
[    0.182484] pci 0000:00:02.0: BAR 1 [mem 0xfebfc000-0xfebfcfff]
[    0.183217] pci 0000:00:02.0: BAR 4 [mem 0xfebf0000-0xfebf3fff 64bit pref]
[    0.184045] pci 0000:00:03.0: [1af4:1009] type 00 class 0x000200 conventional PCI endpoint
[    0.184952] pci 0000:00:03.0: BAR 0 [io  0xc040-0xc07f]
[    0.185484] pci 0000:00:03.0: BAR 1 [mem 0xfebfd000-0xfebfdfff]
[    0.186212] pci 0000:00:03.0: BAR 4 [mem 0xfebf4000-0xfebf7fff 64bit pref]
[    0.186988] pci 0000:00:04.0: [8086:25ab] type 00 class 0x088000 conventional PCI endpoint
[    0.187835] pci 0000:00:04.0: BAR 0 [mem 0xfebfe000-0xfebfe00f]
[    0.188871] pci 0000:00:05.0: [1af4:1003] type 00 class 0x078000 conventional PCI endpoint
[    0.190216] pci 0000:00:05.0: BAR 0 [io  0xc080-0xc0bf]
[    0.190484] pci 0000:00:05.0: BAR 1 [mem 0xfebff000-0xfebfffff]
[    0.191210] pci 0000:00:05.0: BAR 4 [mem 0xfebf8000-0xfebfbfff 64bit pref]
[    0.192180] ACPI: PCI: Interrupt link LNKA configured for IRQ 10
[    0.192582] ACPI: PCI: Interrupt link LNKB configured for IRQ 10
[    0.193414] ACPI: PCI: Interrupt link LNKC configured for IRQ 11
[    0.193575] ACPI: PCI: Interrupt link LNKD configured for IRQ 11
[    0.194365] ACPI: PCI: Interrupt link LNKS configured for IRQ 9
[    0.195265] iommu: Default domain type: Translated
[    0.195480] iommu: DMA domain TLB invalidation policy: lazy mode
[    0.196251] SCSI subsystem initialized
[    0.196508] pps_core: LinuxPPS API ver. 1 registered
[    0.197108] pps_core: Software ver. 5.3.6 - Copyright 2005-2007 Rodolfo Giometti <giometti@linux.it>
[    0.197482] PTP clock support registered
[    0.197977] Advanced Linux Sound Architecture Driver Initialized.
[    0.198814] NET: Registered PF_ATMPVC protocol family
[    0.199427] NET: Registered PF_ATMSVC protocol family
[    0.199486] PCI: Using ACPI for IRQ routing
[    0.200068] vgaarb: loaded
[    0.200068] hpet0: at MMIO 0xfed00000, IRQs 2, 8, 0
[    0.200480] hpet0: 3 comparators, 64-bit 100.000000 MHz counter
[    0.204809] clocksource: Switched to clocksource kvm-clock
[    0.205384] VFS: Disk quotas dquot_6.6.0
[    0.205892] VFS: Dquot-cache hash table entries: 512 (order 0, 4096 bytes)
[    0.206772] pnp: PnP ACPI init
[    0.207312] pnp: PnP ACPI: found 5 devices
[    0.214035] clocksource: acpi_pm: mask: 0xffffff max_cycles: 0xffffff, max_idle_ns: 2085701024 ns
[    0.215124] NET: Registered PF_INET protocol family
[    0.215740] IP idents hash table entries: 16384 (order: 5, 131072 bytes, linear)
[    0.216770] tcp_listen_portaddr_hash hash table entries: 512 (order: 1, 8192 bytes, linear)
[    0.217785] Table-perturb hash table entries: 65536 (order: 6, 262144 bytes, linear)
[    0.218728] TCP established hash table entries: 8192 (order: 4, 65536 bytes, linear)
[    0.219758] TCP bind hash table entries: 8192 (order: 6, 262144 bytes, linear)
[    0.220611] TCP: Hash tables configured (established 8192 bind 8192)
[    0.221372] UDP hash table entries: 512 (order: 3, 32768 bytes, linear)
[    0.222147] UDP-Lite hash table entries: 512 (order: 3, 32768 bytes, linear)
[    0.222996] NET: Registered PF_UNIX/PF_LOCAL protocol family
[    0.223667] pci_bus 0000:00: resource 4 [io  0x0000-0x0cf7 window]
[    0.224387] pci_bus 0000:00: resource 5 [io  0x0d00-0xffff window]
[    0.225110] pci_bus 0000:00: resource 6 [mem 0x000a0000-0x000bffff window]
[    0.225914] pci_bus 0000:00: resource 7 [mem 0x40000000-0xfebfffff window]
[    0.226720] pci_bus 0000:00: resource 8 [mem 0x100000000-0x17fffffff window]
[    0.227559] pci 0000:00:01.0: PIIX3: Enabling Passive Release
[    0.228239] pci 0000:00:00.0: Limiting direct PCI/PCI transfers
[    0.228964] PCI: CLS 0 bytes, default 64
[    0.229470] kvm_intel: VMX not supported by CPU 0
[    0.230052] kvm_amd: TSC scaling supported
[    0.230530] kvm_amd: Nested Virtualization enabled
[    0.231096] kvm_amd: Nested Paging enabled
[    0.231576] kvm_amd: LBR virtualization supported
[    0.232132] kvm_amd: Virtual GIF supported
[    0.232607] kvm_amd: Virtual NMI enabled
[    0.263365] clocksource: tsc: mask: 0xffffffffffffffff max_cycles: 0x40be4320a4d, max_idle_ns: 440795288133 ns
[    0.269887] Initialise system trusted keyrings
[    0.270475] workingset: timestamp_bits=56 max_order=18 bucket_order=0
[    0.271281] squashfs: version 4.0 (2009/01/31) Phillip Lougher
[    0.272009] fuse: init (API version 7.43)
[    0.272523] 9p: Installing v9fs 9p2000 file system support
[    0.279377] Key type asymmetric registered
[    0.279875] Asymmetric key parser 'x509' registered
[    0.280468] Block layer SCSI generic (bsg) driver version 0.4 loaded (major 249)
[    0.281367] io scheduler mq-deadline registered
[    0.281915] io scheduler kyber registered
[    0.283867] input: Power Button as /devices/LNXSYSTM:00/LNXPWRBN:00/input/input0
[    0.284806] ACPI: button: Power Button [PWRF]
[    0.285686] Warning: Processor Platform Limit event detected, but not handled.
[    0.286544] Consider compiling CPUfreq support into your kernel.
[    0.303139] ACPI: \_SB_.LNKB: Enabled at IRQ 10
[    0.317905] ACPI: \_SB_.LNKC: Enabled at IRQ 11
[    0.332641] ACPI: \_SB_.LNKA: Enabled at IRQ 10
[    0.333678] Serial: 8250/16550 driver, 4 ports, IRQ sharing enabled
[    0.334509] 00:03: ttyS0 at I/O 0x3f8 (irq = 4, base_baud = 115200) is a 16550A
[    0.353364] Non-volatile memory driver v1.3
[    0.353921] Linux agpgart interface v0.103
[    0.354430] printk: legacy console [hvc0] enabled
[    0.354512] ACPI: bus type drm_connector registered
[    0.355050] printk: legacy bootconsole [earlyser0] disabled
          _      _                                    
   __   _(_)_ __| |_ _ __ ___   ___       _ __   __ _ 
   \ \ / / |  __| __|  _   _ \ / _ \_____|  _ \ / _  |
    \ V /| | |  | |_| | | | | |  __/_____| | | | (_| |
     \_/ |_|_|   \__|_| |_| |_|\___|     |_| |_|\__  |
                                                |___/ 
   kernel version: 6.15.0-rc5-virtme x86_64
   (CTRL+d to exit)

root@virtme-ng:/nipa-data/kernel# PS1='xx__-> '
xx__-> env
PWD=/nipa-data/kernel
nr_open=1048576
HOME=/
TERM=xterm
SHLVL=2
XDG_RUNTIME_DIR=/run/user/0
PATH=/bin:/sbin:/usr/bin:/usr/sbin:/usr/local/bin
OLDPWD=/
_=/bin/env
xx__-> 