No EFI environment detected.
early console in extract_kernel
input_data: 0x0000000004ab72b9
input_len: 0x00000000018290d9
output: 0x0000000001000000
output_len: 0x000000000526d980
kernel_total_size: 0x0000000004e30000
needed_size: 0x0000000005400000
trampoline_32bit: 0x0000000000000000
Physical KASLR using RDRAND RDTSC...
Virtual KASLR using RDRAND RDTSC...

Decompressing Linux... Parsing ELF... Performing relocations... done.
Booting the kernel (entry_offset: 0x0000000000000000).
[    0.000000] Linux version 6.9.0-rc5-virtme (root@72023f3792f3) (gcc (Alpine 13.2.1_git20240309) 13.2.1 20240309, GNU ld (GNU Binutils) 2.42) #1 SMP PREEMPT_DYNAMIC Tue Apr 30 21:26:46 UTC 2024
[    0.000000] Command line: virtme_hostname=virtme-ng nr_open=1048576 virtme_link_mods=/nipa-data/kernel/.virtme_mods/lib/modules/0.0.0 virtme_initmount0=nipa-data/kernel virtme_rw_overlay0=/etc virtme_rw_overlay1=/lib virtme_rw_overlay2=/home virtme_rw_overlay3=/opt virtme_rw_overlay4=/srv virtme_rw_overlay5=/usr virtme_rw_overlay6=/var console=hvc0 earlyprintk=serial,ttyS0,115200 virtme_console=ttyS0 psmouse.proto=exps TERM=xterm virtme_chdir=nipa-data/kernel virtme_root_user=1 rootfstype=9p rootflags=version=9p2000.L,trans=virtio,access=any raid=noautodetect ro init=/usr/lib/python3.12/site-packages/virtme/guest/virtme-init
[    0.000000] BIOS-provided physical RAM map:
[    0.000000] BIOS-e820: [mem 0x0000000000000000-0x000000000009fbff] usable
[    0.000000] BIOS-e820: [mem 0x000000000009fc00-0x000000000009ffff] reserved
[    0.000000] BIOS-e820: [mem 0x00000000000f0000-0x00000000000fffff] reserved
[    0.000000] BIOS-e820: [mem 0x0000000000100000-0x000000003ffdffff] usable
[    0.000000] BIOS-e820: [mem 0x000000003ffe0000-0x000000003fffffff] reserved
[    0.000000] BIOS-e820: [mem 0x00000000feffc000-0x00000000feffffff] reserved
[    0.000000] BIOS-e820: [mem 0x00000000fffc0000-0x00000000ffffffff] reserved
[    0.000000] BIOS-e820: [mem 0x000000fd00000000-0x000000ffffffffff] reserved
[    0.000000] printk: legacy bootconsole [earlyser0] enabled
[    0.000000] NX (Execute Disable) protection: active
[    0.000000] APIC: Static calls initialized
[    0.000000] SMBIOS 2.8 present.
[    0.000000] DMI: QEMU Standard PC (i440FX + PIIX, 1996), BIOS rel-1.16.3-0-ga6ed6b701f0a-prebuilt.qemu.org 04/01/2014
[    0.000000] Hypervisor detected: KVM
[    0.000000] kvm-clock: Using msrs 4b564d01 and 4b564d00
[    0.000000] kvm-clock: using sched offset of 357899592 cycles
[    0.000401] clocksource: kvm-clock: mask: 0xffffffffffffffff max_cycles: 0x1cd42e4dffb, max_idle_ns: 881590591483 ns
[    0.001613] tsc: Detected 4491.556 MHz processor
[    0.002307] last_pfn = 0x3ffe0 max_arch_pfn = 0x400000000
[    0.002744] MTRR map: 4 entries (3 fixed + 1 variable; max 19), built from 8 variable MTRRs
[    0.003369] x86/PAT: Configuration [0-7]: WB  WC  UC- UC  WB  WP  UC- WT  
[    0.005382] found SMP MP-table at [mem 0x000f5470-0x000f547f]
[    0.005820] Using GB pages for direct mapping
[    0.006300] ACPI: Early table checksum verification disabled
[    0.006735] ACPI: RSDP 0x00000000000F5290 000014 (v00 BOCHS )
[    0.007161] ACPI: RSDT 0x000000003FFE27BC 000034 (v01 BOCHS  BXPC     00000001 BXPC 00000001)
[    0.007806] ACPI: FACP 0x000000003FFE2578 000074 (v01 BOCHS  BXPC     00000001 BXPC 00000001)
[    0.008458] ACPI: DSDT 0x000000003FFE0040 002538 (v01 BOCHS  BXPC     00000001 BXPC 00000001)
[    0.009088] ACPI: FACS 0x000000003FFE0000 000040
[    0.009442] ACPI: APIC 0x000000003FFE25EC 000170 (v03 BOCHS  BXPC     00000001 BXPC 00000001)
[    0.010078] ACPI: HPET 0x000000003FFE275C 000038 (v01 BOCHS  BXPC     00000001 BXPC 00000001)
[    0.010718] ACPI: WAET 0x000000003FFE2794 000028 (v01 BOCHS  BXPC     00000001 BXPC 00000001)
[    0.011353] ACPI: Reserving FACP table memory at [mem 0x3ffe2578-0x3ffe25eb]
[    0.011877] ACPI: Reserving DSDT table memory at [mem 0x3ffe0040-0x3ffe2577]
[    0.012415] ACPI: Reserving FACS table memory at [mem 0x3ffe0000-0x3ffe003f]
[    0.012937] ACPI: Reserving APIC table memory at [mem 0x3ffe25ec-0x3ffe275b]
[    0.013467] ACPI: Reserving HPET table memory at [mem 0x3ffe275c-0x3ffe2793]
[    0.013990] ACPI: Reserving WAET table memory at [mem 0x3ffe2794-0x3ffe27bb]
[    0.014725] No NUMA configuration found
[    0.015009] Faking a node at [mem 0x0000000000000000-0x000000003ffdffff]
[    0.015515] NODE_DATA(0) allocated [mem 0x3ffdb000-0x3ffdffff]
[    0.015962] Zone ranges:
[    0.016149]   DMA      [mem 0x0000000000001000-0x0000000000ffffff]
[    0.016626]   DMA32    [mem 0x0000000001000000-0x000000003ffdffff]
[    0.017081]   Normal   empty
[    0.017294]   Device   empty
[    0.017518] Movable zone start for each node
[    0.017836] Early memory node ranges
[    0.018100]   node   0: [mem 0x0000000000001000-0x000000000009efff]
[    0.018571]   node   0: [mem 0x0000000000100000-0x000000003ffdffff]
[    0.019032] Initmem setup node 0 [mem 0x0000000000001000-0x000000003ffdffff]
[    0.019570] On node 0, zone DMA: 1 pages in unavailable ranges
[    0.020059] On node 0, zone DMA: 97 pages in unavailable ranges
[    0.024818] On node 0, zone DMA32: 32 pages in unavailable ranges
[    0.034293] kasan: KernelAddressSanitizer initialized
[    0.035033] ACPI: PM-Timer IO Port: 0x608
[    0.035407] ACPI: LAPIC_NMI (acpi_id[0xff] dfl dfl lint[0x1])
[    0.035952] IOAPIC[0]: apic_id 0, version 17, address 0xfec00000, GSI 0-23
[    0.036572] ACPI: INT_SRC_OVR (bus 0 bus_irq 0 global_irq 2 dfl dfl)
[    0.037137] ACPI: INT_SRC_OVR (bus 0 bus_irq 5 global_irq 5 high level)
[    0.037639] ACPI: INT_SRC_OVR (bus 0 bus_irq 9 global_irq 9 high level)
[    0.038138] ACPI: INT_SRC_OVR (bus 0 bus_irq 10 global_irq 10 high level)
[    0.038658] ACPI: INT_SRC_OVR (bus 0 bus_irq 11 global_irq 11 high level)
[    0.039164] ACPI: Using ACPI (MADT) for SMP configuration information
[    0.039657] ACPI: HPET id: 0x8086a201 base: 0xfed00000
[    0.040039] TSC deadline timer available
[    0.040332] CPU topo: Max. logical packages:   1
[    0.040690] CPU topo: Max. logical dies:       1
[    0.041030] CPU topo: Max. dies per package:   1
[    0.041384] CPU topo: Max. threads per core:   1
[    0.041729] CPU topo: Num. cores per package:    32
[    0.042093] CPU topo: Num. threads per package:  32
[    0.042463] CPU topo: Allowing 32 present CPUs plus 0 hotplug CPUs
[    0.042934] kvm-guest: APIC: eoi() replaced with kvm_guest_apic_eoi_write()
[    0.043471] kvm-guest: KVM setup pv remote TLB flush
[    0.043839] kvm-guest: setup PV sched yield
[    0.044153] PM: hibernation: Registered nosave memory: [mem 0x00000000-0x00000fff]
[    0.044733] PM: hibernation: Registered nosave memory: [mem 0x0009f000-0x0009ffff]
[    0.045295] PM: hibernation: Registered nosave memory: [mem 0x000a0000-0x000effff]
[    0.045871] PM: hibernation: Registered nosave memory: [mem 0x000f0000-0x000fffff]
[    0.046445] [mem 0x40000000-0xfeffbfff] available for PCI devices
[    0.046897] Booting paravirtualized kernel on KVM
[    0.047248] clocksource: refined-jiffies: mask: 0xffffffff max_cycles: 0xffffffff, max_idle_ns: 1910969940391419 ns
[    0.055993] setup_percpu: NR_CPUS:64 nr_cpumask_bits:32 nr_cpu_ids:32 nr_node_ids:1
[    0.057834] percpu: Embedded 70 pages/cpu s248616 r8192 d29912 u524288
[    0.058392] Kernel command line: virtme_hostname=virtme-ng nr_open=1048576 virtme_link_mods=/nipa-data/kernel/.virtme_mods/lib/modules/0.0.0 virtme_initmount0=nipa-data/kernel virtme_rw_overlay0=/etc virtme_rw_overlay1=/lib virtme_rw_overlay2=/home virtme_rw_overlay3=/opt virtme_rw_overlay4=/srv virtme_rw_overlay5=/usr virtme_rw_overlay6=/var console=hvc0 earlyprintk=serial,ttyS0,115200 virtme_console=ttyS0 psmouse.proto=exps TERM=xterm virtme_chdir=nipa-data/kernel virtme_root_user=1 rootfstype=9p rootflags=version=9p2000.L,trans=virtio,access=any raid=noautodetect ro init=/usr/lib/python3.12/site-packages/virtme/guest/virtme-init
[    0.062829] Unknown kernel command line parameters "virtme_hostname=virtme-ng nr_open=1048576 virtme_link_mods=/nipa-data/kernel/.virtme_mods/lib/modules/0.0.0 virtme_initmount0=nipa-data/kernel virtme_rw_overlay0=/etc virtme_rw_overlay1=/lib virtme_rw_overlay2=/home virtme_rw_overlay3=/opt virtme_rw_overlay4=/srv virtme_rw_overlay5=/usr virtme_rw_overlay6=/var virtme_console=ttyS0 virtme_chdir=nipa-data/kernel virtme_root_user=1", will be passed to user space.
[    0.066380] random: crng init done
[    0.066836] Dentry cache hash table entries: 131072 (order: 8, 1048576 bytes, linear)
[    0.067582] Inode-cache hash table entries: 65536 (order: 7, 524288 bytes, linear)
[    0.068781] Fallback order for Node 0: 0 
[    0.068788] Built 1 zonelists, mobility grouping on.  Total pages: 257760
[    0.069794] Policy zone: DMA32
[    0.070079] mem auto-init: stack:all(zero), heap alloc:off, heap free:off
[    0.070709] stackdepot: allocating hash table via alloc_large_system_hash
[    0.071340] stackdepot hash table entries: 1048576 (order: 12, 16777216 bytes, linear)
[    0.080230] Memory: 781068K/1048056K available (43008K kernel code, 11133K rwdata, 9748K rodata, 5848K init, 2376K bss, 266732K reserved, 0K cma-reserved)
[    0.081521] SLUB: HWalign=64, Order=0-3, MinObjects=0, CPUs=32, Nodes=1
Poking KASLR using RDRAND RDTSC...
[    0.082326] ftrace: allocating 47756 entries in 187 pages
[    0.091040] ftrace: allocated 187 pages with 6 groups
[    0.092267] Dynamic Preempt: voluntary
[    0.093031] rcu: Preemptible hierarchical RCU implementation.
[    0.093488] rcu: RCU event tracing is enabled.
[    0.093834] rcu: RCU restricting CPUs from NR_CPUS=64 to nr_cpu_ids=32.
[    0.094345] Trampoline variant of Tasks RCU enabled.
[    0.094732] Rude variant of Tasks RCU enabled.
[    0.095073] Tracing variant of Tasks RCU enabled.
[    0.095448] rcu: RCU calculated value of scheduler-enlistment delay is 100 jiffies.
[    0.096025] rcu: Adjusting geometry for rcu_fanout_leaf=16, nr_cpu_ids=32
[    0.096590] RCU Tasks: Setting shift to 5 and lim to 1 rcu_task_cb_adjust=1.
[    0.097123] RCU Tasks Rude: Setting shift to 5 and lim to 1 rcu_task_cb_adjust=1.
[    0.097713] RCU Tasks Trace: Setting shift to 5 and lim to 1 rcu_task_cb_adjust=1.
[    0.106307] NR_IRQS: 4352, nr_irqs: 680, preallocated irqs: 16
[    0.107007] rcu: srcu_init: Setting srcu_struct sizes based on contention.
[    0.107733] Console: colour *CGA 80x25
[    0.108043] ACPI: Core revision 20230628
[    0.108488] clocksource: hpet: mask: 0xffffffff max_cycles: 0xffffffff, max_idle_ns: 19112604467 ns
[    0.109229] APIC: Switch to symmetric I/O mode setup
[    0.109601] APIC: Switched APIC routing to: physical flat
[    0.110011] kvm-guest: APIC: send_IPI_mask() replaced with kvm_send_ipi_mask()
[    0.110554] kvm-guest: APIC: send_IPI_mask_allbutself() replaced with kvm_send_ipi_mask_allbutself()
[    0.111244] kvm-guest: setup PV IPIs
[    0.112369] ..TIMER: vector=0x30 apic1=0 pin1=2 apic2=-1 pin2=-1
[    0.113158] tsc: Marking TSC unstable due to TSCs unsynchronized
[    0.113960] Calibrating delay loop (skipped) preset value.. 8983.11 BogoMIPS (lpj=4491556)
[    0.115022] x86/cpu: User Mode Instruction Prevention (UMIP) activated
[    0.116015] Last level iTLB entries: 4KB 512, 2MB 255, 4MB 127
[    0.116958] Last level dTLB entries: 4KB 512, 2MB 255, 4MB 127, 1GB 0
[    0.117962] Spectre V1 : Mitigation: usercopy/swapgs barriers and __user pointer sanitization
[    0.118962] Spectre V2 : Mitigation: Enhanced / Automatic IBRS
[    0.119958] Spectre V2 : Spectre v2 / SpectreRSB mitigation: Filling RSB on context switch
[    0.120960] Spectre V2 : mitigation: Enabling conditional Indirect Branch Prediction Barrier
[    0.121960] Speculative Store Bypass: Mitigation: Speculative Store Bypass disabled via prctl
[    0.122958] Speculative Return Stack Overflow: IBPB-extending microcode not applied!
[    0.123958] Speculative Return Stack Overflow: WARNING: See https://kernel.org/doc/html/latest/admin-guide/hw-vuln/srso.html for mitigation options.
[    0.123959] Speculative Return Stack Overflow: Vulnerable: Safe RET, no microcode
[    0.125973] x86/fpu: Supporting XSAVE feature 0x001: 'x87 floating point registers'
[    0.126958] x86/fpu: Supporting XSAVE feature 0x002: 'SSE registers'
[    0.127958] x86/fpu: Supporting XSAVE feature 0x004: 'AVX registers'
[    0.128958] x86/fpu: Supporting XSAVE feature 0x020: 'AVX-512 opmask'
[    0.129779] x86/fpu: Supporting XSAVE feature 0x040: 'AVX-512 Hi256'
[    0.129958] x86/fpu: Supporting XSAVE feature 0x080: 'AVX-512 ZMM_Hi256'
[    0.130958] x86/fpu: Supporting XSAVE feature 0x200: 'Protection Keys User registers'
[    0.131958] x86/fpu: xstate_offset[2]:  576, xstate_sizes[2]:  256
[    0.132958] x86/fpu: xstate_offset[5]:  832, xstate_sizes[5]:   64
[    0.133958] x86/fpu: xstate_offset[6]:  896, xstate_sizes[6]:  512
[    0.134958] x86/fpu: xstate_offset[7]: 1408, xstate_sizes[7]: 1024
[    0.135743] x86/fpu: xstate_offset[9]: 2432, xstate_sizes[9]:    8
[    0.135958] x86/fpu: Enabled xstate features 0x2e7, context size is 2440 bytes, using 'compacted' format.
[    0.158821] Freeing SMP alternatives memory: 40K
[    0.158959] pid_max: default: 32768 minimum: 301
[    0.160100] Mount-cache hash table entries: 2048 (order: 2, 16384 bytes, linear)
[    0.160959] Mountpoint-cache hash table entries: 2048 (order: 2, 16384 bytes, linear)
[    0.162628] smpboot: CPU0: AMD Ryzen 9 7950X 16-Core Processor (family: 0x19, model: 0x61, stepping: 0x2)
[    0.163403] Performance Events: Fam17h+ core perfctr, AMD PMU driver.
[    0.163963] ... version:                0
[    0.164492] ... bit width:              48
[    0.164960] ... generic registers:      6
[    0.165467] ... value mask:             0000ffffffffffff
[    0.165959] ... max period:             00007fffffffffff
[    0.166647] ... fixed-purpose events:   0
[    0.166960] ... event mask:             000000000000003f
[    0.167755] signal: max sigframe size: 3376
[    0.168008] rcu: Hierarchical SRCU implementation.
[    0.168615] rcu: Max phase no-delay instances is 400.
[    0.173021] smp: Bringing up secondary CPUs ...
[    0.173775] smpboot: x86: Booting SMP configuration:
[    0.173961] .... node  #0, CPUs:        #1  #2  #3  #4  #5  #6  #7  #8  #9 #10 #11 #12 #13 #14 #15 #16 #17 #18 #19 #20 #21 #22 #23 #24 #25 #26 #27 #28 #29 #30 #31
[    0.198111] smp: Brought up 1 node, 32 CPUs
[    0.199501] smpboot: Total of 32 processors activated (287459.58 BogoMIPS)
[    0.207213] devtmpfs: initialized
[    0.208133] x86/mm: Memory block size: 128MB
[    0.215004] clocksource: jiffies: mask: 0xffffffff max_cycles: 0xffffffff, max_idle_ns: 1911260446275000 ns
[    0.216032] futex hash table entries: 8192 (order: 7, 524288 bytes, linear)
[    0.217254] PM: RTC time: 21:27:24, date: 2024-04-30
[    0.218695] NET: Registered PF_NETLINK/PF_ROUTE protocol family
[    0.219892] thermal_sys: Registered thermal governor 'step_wise'
[    0.219894] thermal_sys: Registered thermal governor 'user_space'
[    0.219989] cpuidle: using governor menu
[    0.222439] PCI: Using configuration type 1 for base access
[    0.222960] PCI: Using configuration type 1 for extended access
[    0.223842] kprobes: kprobe jump-optimization is enabled. All kprobes are optimized if possible.
[    0.240090] HugeTLB: registered 1.00 GiB page size, pre-allocated 0 pages
[    0.240960] HugeTLB: 16380 KiB vmemmap can be freed for a 1.00 GiB page
[    0.241815] HugeTLB: registered 2.00 MiB page size, pre-allocated 0 pages
[    0.241960] HugeTLB: 28 KiB vmemmap can be freed for a 2.00 MiB page
[    0.243024] Demotion targets for Node 0: null
[    0.244209] ACPI: Added _OSI(Module Device)
[    0.244751] ACPI: Added _OSI(Processor Device)
[    0.245960] ACPI: Added _OSI(3.0 _SCP Extensions)
[    0.246555] ACPI: Added _OSI(Processor Aggregator Device)
[    0.278185] ACPI: 1 ACPI AML tables successfully acquired and loaded
[    0.282195] ACPI: _OSC evaluation for CPUs failed, trying _PDC
[    0.286099] ACPI: Interpreter enabled
[    0.286800] ACPI: PM: (supports S0 S3 S4 S5)
[    0.286961] ACPI: Using IOAPIC for interrupt routing
[    0.287855] PCI: Using host bridge windows from ACPI; if necessary, use "pci=nocrs" and report a bug
[    0.289961] PCI: Using E820 reservations for host bridge windows
[    0.292453] ACPI: Enabled 2 GPEs in block 00 to 0F
[    0.352618] ACPI: PCI Root Bridge [PCI0] (domain 0000 [bus 00-ff])
[    0.353975] acpi PNP0A03:00: _OSC: OS supports [ExtendedConfig ASPM ClockPM Segments MSI HPX-Type3]
[    0.355478] PCI host bridge to bus 0000:00
[    0.355965] pci_bus 0000:00: root bus resource [io  0x0000-0x0cf7 window]
[    0.356964] pci_bus 0000:00: root bus resource [io  0x0d00-0xffff window]
[    0.357964] pci_bus 0000:00: root bus resource [mem 0x000a0000-0x000bffff window]
[    0.359964] pci_bus 0000:00: root bus resource [mem 0x40000000-0xfebfffff window]
[    0.360964] pci_bus 0000:00: root bus resource [mem 0x100000000-0x17fffffff window]
[    0.361964] pci_bus 0000:00: root bus resource [bus 00-ff]
[    0.363070] pci 0000:00:00.0: [8086:1237] type 00 class 0x060000 conventional PCI endpoint
[    0.366127] pci 0000:00:01.0: [8086:7000] type 00 class 0x060100 conventional PCI endpoint
[    0.368178] pci 0000:00:01.1: [8086:7010] type 00 class 0x010180 conventional PCI endpoint
[    0.372961] pci 0000:00:01.1: BAR 4 [io  0xc0c0-0xc0cf]
[    0.374976] pci 0000:00:01.1: BAR 0 [io  0x01f0-0x01f7]: legacy IDE quirk
[    0.376961] pci 0000:00:01.1: BAR 1 [io  0x03f6]: legacy IDE quirk
[    0.377960] pci 0000:00:01.1: BAR 2 [io  0x0170-0x0177]: legacy IDE quirk
[    0.378960] pci 0000:00:01.1: BAR 3 [io  0x0376]: legacy IDE quirk
[    0.380971] pci 0000:00:01.3: [8086:7113] type 00 class 0x068000 conventional PCI endpoint
[    0.382299] pci 0000:00:01.3: quirk: [io  0x0600-0x063f] claimed by PIIX4 ACPI
[    0.383966] pci 0000:00:01.3: quirk: [io  0x0700-0x070f] claimed by PIIX4 SMB
[    0.385954] pci 0000:00:02.0: [1af4:1009] type 00 class 0x000200 conventional PCI endpoint
[    0.388961] pci 0000:00:02.0: BAR 0 [io  0xc000-0xc03f]
[    0.391953] pci 0000:00:02.0: BAR 1 [mem 0xfebfc000-0xfebfcfff]
[    0.398961] pci 0000:00:02.0: BAR 4 [mem 0xfebf0000-0xfebf3fff 64bit pref]
[    0.418768] pci 0000:00:03.0: [1af4:1009] type 00 class 0x000200 conventional PCI endpoint
[    0.421961] pci 0000:00:03.0: BAR 0 [io  0xc040-0xc07f]
[    0.424961] pci 0000:00:03.0: BAR 1 [mem 0xfebfd000-0xfebfdfff]
[    0.431939] pci 0000:00:03.0: BAR 4 [mem 0xfebf4000-0xfebf7fff 64bit pref]
[    0.447546] pci 0000:00:04.0: [8086:25ab] type 00 class 0x088000 conventional PCI endpoint
[    0.448500] pci 0000:00:04.0: BAR 0 [mem 0xfebfe000-0xfebfe00f]
[    0.463909] pci 0000:00:05.0: [1af4:1003] type 00 class 0x078000 conventional PCI endpoint
[    0.465961] pci 0000:00:05.0: BAR 0 [io  0xc080-0xc0bf]
[    0.467614] pci 0000:00:05.0: BAR 1 [mem 0xfebff000-0xfebfffff]
[    0.472961] pci 0000:00:05.0: BAR 4 [mem 0xfebf8000-0xfebfbfff 64bit pref]
[    0.489687] ACPI: PCI: Interrupt link LNKA configured for IRQ 10
[    0.491889] ACPI: PCI: Interrupt link LNKB configured for IRQ 10
[    0.493904] ACPI: PCI: Interrupt link LNKC configured for IRQ 11
[    0.494874] ACPI: PCI: Interrupt link LNKD configured for IRQ 11
[    0.496345] ACPI: PCI: Interrupt link LNKS configured for IRQ 9
[    0.517337] iommu: Default domain type: Translated
[    0.517961] iommu: DMA domain TLB invalidation policy: lazy mode
[    0.519577] SCSI subsystem initialized
[    0.521190] pps_core: LinuxPPS API ver. 1 registered
[    0.521961] pps_core: Software ver. 5.3.6 - Copyright 2005-2007 Rodolfo Giometti <giometti@linux.it>
[    0.522975] PTP clock support registered
[    0.524082] Advanced Linux Sound Architecture Driver Initialized.
[    0.525250] NET: Registered PF_ATMPVC protocol family
[    0.525957] NET: Registered PF_ATMSVC protocol family
[    0.526995] PCI: Using ACPI for IRQ routing
[    0.528008] vgaarb: loaded
[    0.529082] hpet0: at MMIO 0xfed00000, IRQs 2, 8, 0
[    0.529731] hpet0: 3 comparators, 64-bit 100.000000 MHz counter
[    0.537590] clocksource: Switched to clocksource kvm-clock
[    0.538868] VFS: Disk quotas dquot_6.6.0
[    0.539419] VFS: Dquot-cache hash table entries: 512 (order 0, 4096 bytes)
[    0.540518] pnp: PnP ACPI init
[    0.547325] pnp: PnP ACPI: found 5 devices
[    0.559974] clocksource: acpi_pm: mask: 0xffffff max_cycles: 0xffffff, max_idle_ns: 2085701024 ns
[    0.561237] NET: Registered PF_INET protocol family
[    0.561910] IP idents hash table entries: 16384 (order: 5, 131072 bytes, linear)
[    0.563284] tcp_listen_portaddr_hash hash table entries: 512 (order: 1, 8192 bytes, linear)
[    0.564384] Table-perturb hash table entries: 65536 (order: 6, 262144 bytes, linear)
[    0.565412] TCP established hash table entries: 8192 (order: 4, 65536 bytes, linear)
[    0.566431] TCP bind hash table entries: 8192 (order: 6, 262144 bytes, linear)
[    0.567463] TCP: Hash tables configured (established 8192 bind 8192)
[    0.568465] UDP hash table entries: 512 (order: 2, 16384 bytes, linear)
[    0.569368] UDP-Lite hash table entries: 512 (order: 2, 16384 bytes, linear)
[    0.570513] NET: Registered PF_UNIX/PF_LOCAL protocol family
[    0.571283] pci_bus 0000:00: resource 4 [io  0x0000-0x0cf7 window]
[    0.572075] pci_bus 0000:00: resource 5 [io  0x0d00-0xffff window]
[    0.573033] pci_bus 0000:00: resource 6 [mem 0x000a0000-0x000bffff window]
[    0.573927] pci_bus 0000:00: resource 7 [mem 0x40000000-0xfebfffff window]
[    0.574812] pci_bus 0000:00: resource 8 [mem 0x100000000-0x17fffffff window]
[    0.575921] pci 0000:00:01.0: PIIX3: Enabling Passive Release
[    0.576666] pci 0000:00:00.0: Limiting direct PCI/PCI transfers
[    0.577460] PCI: CLS 0 bytes, default 64
[    0.578154] kvm_intel: VMX not supported by CPU 22
[    0.578816] kvm_amd: TSC scaling supported
[    0.579354] kvm_amd: Nested Virtualization enabled
[    0.579970] kvm_amd: Nested Paging enabled
[    0.580515] kvm_amd: Virtual VMLOAD VMSAVE supported
[    0.581142] kvm_amd: Virtual GIF supported
[    0.581665] kvm_amd: Virtual NMI enabled
[    0.582161] kvm_amd: LBR virtualization supported
[    0.697886] Initialise system trusted keyrings
[    0.698639] workingset: timestamp_bits=56 max_order=18 bucket_order=0
[    0.699618] squashfs: version 4.0 (2009/01/31) Phillip Lougher
[    0.700399] fuse: init (API version 7.40)
[    0.701068] 9p: Installing v9fs 9p2000 file system support
[    0.711155] Key type asymmetric registered
[    0.711699] Asymmetric key parser 'x509' registered
[    0.712401] Block layer SCSI generic (bsg) driver version 0.4 loaded (major 249)
[    0.713407] io scheduler mq-deadline registered
[    0.714007] io scheduler kyber registered
[    0.716120] input: Power Button as /devices/LNXSYSTM:00/LNXPWRBN:00/input/input0
[    0.717358] ACPI: button: Power Button [PWRF]
[    0.718069] Warning: Processor Platform Limit event detected, but not handled.
[    0.719025] Consider compiling CPUfreq support into your kernel.
[    1.567104] ACPI: \_SB_.LNKB: Enabled at IRQ 10
[    2.403438] ACPI: \_SB_.LNKC: Enabled at IRQ 11
[    3.243282] ACPI: \_SB_.LNKA: Enabled at IRQ 10
[    3.244828] Serial: 8250/16550 driver, 4 ports, IRQ sharing enabled
[    3.245973] 00:03: ttyS0 at I/O 0x3f8 (irq = 4, base_baud = 115200) is a 16550A
[    3.277199] Non-volatile memory driver v1.3
[    3.277772] Linux agpgart interface v0.103
[    3.278340] printk: legacy console [hvc0] enabled
[    3.278502] ACPI: bus type drm_connector registered
[    3.279002] printk: legacy bootconsole [earlyser0] disabled
          _      _                                    
   __   _(_)_ __| |_ _ __ ___   ___       _ __   __ _ 
   \ \ / / |  __| __|  _   _ \ / _ \_____|  _ \ / _  |
    \ V /| | |  | |_| | | | | |  __/_____| | | | (_| |
     \_/ |_|_|   \__|_| |_| |_|\___|     |_| |_|\__  |
                                                |___/ 
   kernel version: 6.9.0-rc5-virtme x86_64
   (CTRL+d to exit)

virtme-ng:/nipa-data/kernel# PS1='xx__-> '
xx__-> env
PWD=/nipa-data/kernel
nr_open=1048576
HOME=/root
TERM=xterm
SHLVL=2
XDG_RUNTIME_DIR=/run/user/0
PATH=/bin:/sbin:/usr/bin:/usr/sbin:/usr/local/bin
OLDPWD=/
_=/usr/bin/env
xx__-> 