No EFI environment detected.
early console in extract_kernel
input_data: 0x0000000004b142b9
input_len: 0x00000000017bd2b9
output: 0x0000000001000000
output_len: 0x000000000525e3a4
kernel_total_size: 0x0000000004e30000
needed_size: 0x0000000005400000
trampoline_32bit: 0x0000000000000000
Physical KASLR using RDRAND RDTSC...
Virtual KASLR using RDRAND RDTSC...

Decompressing Linux... Parsing ELF... Performing relocations... done.
Booting the kernel (entry_offset: 0x0000000000000000).
[    0.000000] Linux version 6.8.0-rc4-virtme (root@731954c95f96) (gcc (Alpine 13.2.1_git20231014) 13.2.1 20231014, GNU ld (GNU Binutils) 2.41) #1 SMP PREEMPT_DYNAMIC Sun Feb 18 09:26:47 UTC 2024
[    0.000000] Command line: virtme_hostname=virtme-ng virtme_link_mods=/nipa-data/kernel/.virtme_mods/lib/modules/0.0.0 virtme_initmount0=nipa-data/kernel virtme_rw_overlay0=/etc virtme_rw_overlay1=/lib virtme_rw_overlay2=/home virtme_rw_overlay3=/opt virtme_rw_overlay4=/srv virtme_rw_overlay5=/usr virtme_rw_overlay6=/var earlyprintk=serial,ttyS0,115200 console=ttyS0 psmouse.proto=exps TERM=xterm virtme_chdir=nipa-data/kernel virtme_root_user=1 rootfstype=9p rootflags=version=9p2000.L,trans=virtio,access=any raid=noautodetect ro init=/usr/lib/python3.11/site-packages/virtme/guest/virtme-init
[    0.000000] BIOS-provided physical RAM map:
[    0.000000] BIOS-e820: [mem 0x0000000000000000-0x000000000009fbff] usable
[    0.000000] BIOS-e820: [mem 0x000000000009fc00-0x000000000009ffff] reserved
[    0.000000] BIOS-e820: [mem 0x00000000000f0000-0x00000000000fffff] reserved
[    0.000000] BIOS-e820: [mem 0x0000000000100000-0x000000003ffdffff] usable
[    0.000000] BIOS-e820: [mem 0x000000003ffe0000-0x000000003fffffff] reserved
[    0.000000] BIOS-e820: [mem 0x00000000feffc000-0x00000000feffffff] reserved
[    0.000000] BIOS-e820: [mem 0x00000000fffc0000-0x00000000ffffffff] reserved
[    0.000000] BIOS-e820: [mem 0x000000fd00000000-0x000000ffffffffff] reserved
[    0.000000] printk: legacy bootconsole [earlyser0] enabled
[    0.000000] NX (Execute Disable) protection: active
[    0.000000] APIC: Static calls initialized
[    0.000000] SMBIOS 3.0.0 present.
[    0.000000] DMI: QEMU Standard PC (i440FX + PIIX, 1996), BIOS rel-1.16.3-0-ga6ed6b701f0a-prebuilt.qemu.org 04/01/2014
[    0.000000] Hypervisor detected: KVM
[    0.000000] kvm-clock: Using msrs 4b564d01 and 4b564d00
[    0.000000] kvm-clock: using sched offset of 353047992 cycles
[    0.000392] clocksource: kvm-clock: mask: 0xffffffffffffffff max_cycles: 0x1cd42e4dffb, max_idle_ns: 881590591483 ns
[    0.001619] tsc: Detected 4491.536 MHz processor
[    0.002344] last_pfn = 0x3ffe0 max_arch_pfn = 0x400000000
[    0.002774] MTRR map: 4 entries (3 fixed + 1 variable; max 19), built from 8 variable MTRRs
[    0.003408] x86/PAT: Configuration [0-7]: WB  WC  UC- UC  WB  WP  UC- WT  
[    0.005543] found SMP MP-table at [mem 0x000f5470-0x000f547f]
[    0.005983] Using GB pages for direct mapping
[    0.006471] ACPI: Early table checksum verification disabled
[    0.006897] ACPI: RSDP 0x00000000000F5290 000014 (v00 BOCHS )
[    0.007332] ACPI: RSDT 0x000000003FFE27B6 000034 (v01 BOCHS  BXPC     00000001 BXPC 00000001)
[    0.007976] ACPI: FACP 0x000000003FFE2572 000074 (v01 BOCHS  BXPC     00000001 BXPC 00000001)
[    0.008628] ACPI: DSDT 0x000000003FFE0040 002532 (v01 BOCHS  BXPC     00000001 BXPC 00000001)
[    0.009272] ACPI: FACS 0x000000003FFE0000 000040
[    0.009619] ACPI: APIC 0x000000003FFE25E6 000170 (v03 BOCHS  BXPC     00000001 BXPC 00000001)
[    0.010258] ACPI: HPET 0x000000003FFE2756 000038 (v01 BOCHS  BXPC     00000001 BXPC 00000001)
[    0.010897] ACPI: WAET 0x000000003FFE278E 000028 (v01 BOCHS  BXPC     00000001 BXPC 00000001)
[    0.011536] ACPI: Reserving FACP table memory at [mem 0x3ffe2572-0x3ffe25e5]
[    0.012066] ACPI: Reserving DSDT table memory at [mem 0x3ffe0040-0x3ffe2571]
[    0.012596] ACPI: Reserving FACS table memory at [mem 0x3ffe0000-0x3ffe003f]
[    0.013128] ACPI: Reserving APIC table memory at [mem 0x3ffe25e6-0x3ffe2755]
[    0.013659] ACPI: Reserving HPET table memory at [mem 0x3ffe2756-0x3ffe278d]
[    0.014188] ACPI: Reserving WAET table memory at [mem 0x3ffe278e-0x3ffe27b5]
[    0.014922] No NUMA configuration found
[    0.015209] Faking a node at [mem 0x0000000000000000-0x000000003ffdffff]
[    0.015715] NODE_DATA(0) allocated [mem 0x3ffdb000-0x3ffdffff]
[    0.016173] Zone ranges:
[    0.016364]   DMA      [mem 0x0000000000001000-0x0000000000ffffff]
[    0.016834]   DMA32    [mem 0x0000000001000000-0x000000003ffdffff]
[    0.017301]   Normal   empty
[    0.017519]   Device   empty
[    0.017736] Movable zone start for each node
[    0.018060] Early memory node ranges
[    0.018331]   node   0: [mem 0x0000000000001000-0x000000000009efff]
[    0.018803]   node   0: [mem 0x0000000000100000-0x000000003ffdffff]
[    0.019277] Initmem setup node 0 [mem 0x0000000000001000-0x000000003ffdffff]
[    0.019814] On node 0, zone DMA: 1 pages in unavailable ranges
[    0.020313] On node 0, zone DMA: 97 pages in unavailable ranges
[    0.025047] On node 0, zone DMA32: 32 pages in unavailable ranges
[    0.034498] kasan: KernelAddressSanitizer initialized
[    0.035102] ACPI: PM-Timer IO Port: 0x608
[    0.035412] ACPI: LAPIC_NMI (acpi_id[0xff] dfl dfl lint[0x1])
[    0.035868] IOAPIC[0]: apic_id 0, version 17, address 0xfec00000, GSI 0-23
[    0.036386] ACPI: INT_SRC_OVR (bus 0 bus_irq 0 global_irq 2 dfl dfl)
[    0.036870] ACPI: INT_SRC_OVR (bus 0 bus_irq 5 global_irq 5 high level)
[    0.037367] ACPI: INT_SRC_OVR (bus 0 bus_irq 9 global_irq 9 high level)
[    0.037870] ACPI: INT_SRC_OVR (bus 0 bus_irq 10 global_irq 10 high level)
[    0.038386] ACPI: INT_SRC_OVR (bus 0 bus_irq 11 global_irq 11 high level)
[    0.038899] ACPI: Using ACPI (MADT) for SMP configuration information
[    0.039392] ACPI: HPET id: 0x8086a201 base: 0xfed00000
[    0.039781] TSC deadline timer available
[    0.040075] smpboot: Allowing 32 CPUs, 0 hotplug CPUs
[    0.040488] kvm-guest: APIC: eoi() replaced with kvm_guest_apic_eoi_write()
[    0.041025] kvm-guest: KVM setup pv remote TLB flush
[    0.041399] kvm-guest: setup PV sched yield
[    0.041719] PM: hibernation: Registered nosave memory: [mem 0x00000000-0x00000fff]
[    0.042291] PM: hibernation: Registered nosave memory: [mem 0x0009f000-0x0009ffff]
[    0.042859] PM: hibernation: Registered nosave memory: [mem 0x000a0000-0x000effff]
[    0.043426] PM: hibernation: Registered nosave memory: [mem 0x000f0000-0x000fffff]
[    0.043995] [mem 0x40000000-0xfeffbfff] available for PCI devices
[    0.044452] Booting paravirtualized kernel on KVM
[    0.044810] clocksource: refined-jiffies: mask: 0xffffffff max_cycles: 0xffffffff, max_idle_ns: 1910969940391419 ns
[    0.053695] setup_percpu: NR_CPUS:64 nr_cpumask_bits:32 nr_cpu_ids:32 nr_node_ids:1
[    0.055522] percpu: Embedded 68 pages/cpu s241448 r8192 d28888 u524288
[    0.056075] Kernel command line: virtme_hostname=virtme-ng virtme_link_mods=/nipa-data/kernel/.virtme_mods/lib/modules/0.0.0 virtme_initmount0=nipa-data/kernel virtme_rw_overlay0=/etc virtme_rw_overlay1=/lib virtme_rw_overlay2=/home virtme_rw_overlay3=/opt virtme_rw_overlay4=/srv virtme_rw_overlay5=/usr virtme_rw_overlay6=/var earlyprintk=serial,ttyS0,115200 console=ttyS0 psmouse.proto=exps TERM=xterm virtme_chdir=nipa-data/kernel virtme_root_user=1 rootfstype=9p rootflags=version=9p2000.L,trans=virtio,access=any raid=noautodetect ro init=/usr/lib/python3.11/site-packages/virtme/guest/virtme-init
[    0.060274] Unknown kernel command line parameters "virtme_hostname=virtme-ng virtme_link_mods=/nipa-data/kernel/.virtme_mods/lib/modules/0.0.0 virtme_initmount0=nipa-data/kernel virtme_rw_overlay0=/etc virtme_rw_overlay1=/lib virtme_rw_overlay2=/home virtme_rw_overlay3=/opt virtme_rw_overlay4=/srv virtme_rw_overlay5=/usr virtme_rw_overlay6=/var virtme_chdir=nipa-data/kernel virtme_root_user=1", will be passed to user space.
[    0.063396] random: crng init done
[    0.063788] Dentry cache hash table entries: 131072 (order: 8, 1048576 bytes, linear)
[    0.064406] Inode-cache hash table entries: 65536 (order: 7, 524288 bytes, linear)
[    0.065496] Fallback order for Node 0: 0 
[    0.065503] Built 1 zonelists, mobility grouping on.  Total pages: 257760
[    0.066344] Policy zone: DMA32
[    0.066582] mem auto-init: stack:all(zero), heap alloc:off, heap free:off
[    0.067109] stackdepot: allocating hash table via alloc_large_system_hash
[    0.067639] stackdepot hash table entries: 1048576 (order: 12, 16777216 bytes, linear)
[    0.075795] Memory: 781300K/1048056K available (43008K kernel code, 11320K rwdata, 9560K rodata, 5740K init, 2444K bss, 266500K reserved, 0K cma-reserved)
[    0.077074] SLUB: HWalign=64, Order=0-3, MinObjects=0, CPUs=32, Nodes=1
Poking KASLR using RDRAND RDTSC...
[    0.077867] ftrace: allocating 46462 entries in 182 pages
[    0.086703] ftrace: allocated 182 pages with 5 groups
[    0.087998] Dynamic Preempt: voluntary
[    0.088658] rcu: Preemptible hierarchical RCU implementation.
[    0.089105] rcu: RCU event tracing is enabled.
[    0.089460] rcu: RCU restricting CPUs from NR_CPUS=64 to nr_cpu_ids=32.
[    0.089981] Trampoline variant of Tasks RCU enabled.
[    0.090373] Rude variant of Tasks RCU enabled.
[    0.090724] Tracing variant of Tasks RCU enabled.
[    0.091098] rcu: RCU calculated value of scheduler-enlistment delay is 100 jiffies.
[    0.091695] rcu: Adjusting geometry for rcu_fanout_leaf=16, nr_cpu_ids=32
[    0.100522] NR_IRQS: 4352, nr_irqs: 680, preallocated irqs: 16
[    0.101223] rcu: srcu_init: Setting srcu_struct sizes based on contention.
[    0.101967] Console: colour *CGA 80x25
[    0.102275] printk: legacy console [ttyS0] enabled
[    0.102275] printk: legacy console [ttyS0] enabled
[    0.103017] printk: legacy bootconsole [earlyser0] disabled
[    0.103017] printk: legacy bootconsole [earlyser0] disabled
[    0.103899] ACPI: Core revision 20230628
[    0.104368] clocksource: hpet: mask: 0xffffffff max_cycles: 0xffffffff, max_idle_ns: 19112604467 ns
[    0.105221] APIC: Switch to symmetric I/O mode setup
[    0.105615] APIC: Switched APIC routing to: physical flat
[    0.106037] kvm-guest: APIC: send_IPI_mask() replaced with kvm_send_ipi_mask()
[    0.106588] kvm-guest: APIC: send_IPI_mask_allbutself() replaced with kvm_send_ipi_mask_allbutself()
[    0.107296] kvm-guest: setup PV IPIs
[    0.108469] ..TIMER: vector=0x30 apic1=0 pin1=2 apic2=-1 pin2=-1
[    0.109313] tsc: Marking TSC unstable due to TSCs unsynchronized
[    0.110127] Calibrating delay loop (skipped) preset value.. 8983.07 BogoMIPS (lpj=4491536)
[    0.111187] x86/cpu: User Mode Instruction Prevention (UMIP) activated
[    0.112186] Last level iTLB entries: 4KB 512, 2MB 255, 4MB 127
[    0.112982] Last level dTLB entries: 4KB 512, 2MB 255, 4MB 127, 1GB 0
[    0.113127] Spectre V1 : Mitigation: usercopy/swapgs barriers and __user pointer sanitization
[    0.114127] Spectre V2 : Mitigation: Enhanced / Automatic IBRS
[    0.115122] Spectre V2 : Spectre v2 / SpectreRSB mitigation: Filling RSB on context switch
[    0.116125] Spectre V2 : mitigation: Enabling conditional Indirect Branch Prediction Barrier
[    0.117125] Speculative Store Bypass: Mitigation: Speculative Store Bypass disabled via prctl
[    0.118123] Speculative Return Stack Overflow: IBPB-extending microcode not applied!
[    0.119122] Speculative Return Stack Overflow: WARNING: See https://kernel.org/doc/html/latest/admin-guide/hw-vuln/srso.html for mitigation options.
[    0.119124] Speculative Return Stack Overflow: Vulnerable: Safe RET, no microcode
[    0.121139] x86/fpu: Supporting XSAVE feature 0x001: 'x87 floating point registers'
[    0.122122] x86/fpu: Supporting XSAVE feature 0x002: 'SSE registers'
[    0.122976] x86/fpu: Supporting XSAVE feature 0x004: 'AVX registers'
[    0.123123] x86/fpu: Supporting XSAVE feature 0x020: 'AVX-512 opmask'
[    0.124123] x86/fpu: Supporting XSAVE feature 0x040: 'AVX-512 Hi256'
[    0.125123] x86/fpu: Supporting XSAVE feature 0x080: 'AVX-512 ZMM_Hi256'
[    0.126123] x86/fpu: Supporting XSAVE feature 0x200: 'Protection Keys User registers'
[    0.127123] x86/fpu: xstate_offset[2]:  576, xstate_sizes[2]:  256
[    0.128123] x86/fpu: xstate_offset[5]:  832, xstate_sizes[5]:   64
[    0.129123] x86/fpu: xstate_offset[6]:  896, xstate_sizes[6]:  512
[    0.130122] x86/fpu: xstate_offset[7]: 1408, xstate_sizes[7]: 1024
[    0.130943] x86/fpu: xstate_offset[9]: 2432, xstate_sizes[9]:    8
[    0.131123] x86/fpu: Enabled xstate features 0x2e7, context size is 2440 bytes, using 'compacted' format.
[    0.154252] Freeing SMP alternatives memory: 36K
[    0.154876] pid_max: default: 32768 minimum: 301
[    0.155279] Mount-cache hash table entries: 2048 (order: 2, 16384 bytes, linear)
[    0.156124] Mountpoint-cache hash table entries: 2048 (order: 2, 16384 bytes, linear)
[    0.158366] smpboot: CPU0: AMD Ryzen 9 7950X 16-Core Processor (family: 0x19, model: 0x61, stepping: 0x2)
[    0.159461] RCU Tasks: Setting shift to 5 and lim to 1 rcu_task_cb_adjust=1.
[    0.160148] RCU Tasks Rude: Setting shift to 5 and lim to 1 rcu_task_cb_adjust=1.
[    0.161150] RCU Tasks Trace: Setting shift to 5 and lim to 1 rcu_task_cb_adjust=1.
[    0.162150] Performance Events: Fam17h+ core perfctr, AMD PMU driver.
[    0.163035] ... version:                0
[    0.163125] ... bit width:              48
[    0.163667] ... generic registers:      6
[    0.164124] ... value mask:             0000ffffffffffff
[    0.164827] ... max period:             00007fffffffffff
[    0.165124] ... fixed-purpose events:   0
[    0.165658] ... event mask:             000000000000003f
[    0.166225] signal: max sigframe size: 3376
[    0.166830] rcu: Hierarchical SRCU implementation.
[    0.167125] rcu: Max phase no-delay instances is 400.
[    0.172088] smp: Bringing up secondary CPUs ...
[    0.172314] smpboot: x86: Booting SMP configuration:
[    0.172979] .... node  #0, CPUs:        #1  #2  #3  #4  #5  #6  #7  #8  #9 #10 #11 #12 #13 #14 #15 #16 #17 #18 #19 #20 #21 #22 #23 #24 #25 #26 #27 #28 #29 #30 #31
[    0.197128] smp: Brought up 1 node, 32 CPUs
[    0.198695] smpboot: Max logical packages: 1
[    0.199125] smpboot: Total of 32 processors activated (287458.30 BogoMIPS)
[    0.204322] devtmpfs: initialized
[    0.205269] x86/mm: Memory block size: 128MB
[    0.212413] clocksource: jiffies: mask: 0xffffffff max_cycles: 0xffffffff, max_idle_ns: 1911260446275000 ns
[    0.213141] futex hash table entries: 8192 (order: 7, 524288 bytes, linear)
[    0.214585] PM: RTC time: 09:27:27, date: 2024-02-18
[    0.216043] NET: Registered PF_NETLINK/PF_ROUTE protocol family
[    0.217020] thermal_sys: Registered thermal governor 'step_wise'
[    0.217023] thermal_sys: Registered thermal governor 'user_space'
[    0.217196] cpuidle: using governor menu
[    0.219823] PCI: Using configuration type 1 for base access
[    0.220125] PCI: Using configuration type 1 for extended access
[    0.221083] kprobes: kprobe jump-optimization is enabled. All kprobes are optimized if possible.
[    0.234385] HugeTLB: registered 1.00 GiB page size, pre-allocated 0 pages
[    0.235125] HugeTLB: 16380 KiB vmemmap can be freed for a 1.00 GiB page
[    0.236024] HugeTLB: registered 2.00 MiB page size, pre-allocated 0 pages
[    0.237125] HugeTLB: 28 KiB vmemmap can be freed for a 2.00 MiB page
[    0.238480] ACPI: Added _OSI(Module Device)
[    0.239125] ACPI: Added _OSI(Processor Device)
[    0.239739] ACPI: Added _OSI(3.0 _SCP Extensions)
[    0.240125] ACPI: Added _OSI(Processor Aggregator Device)
[    0.266348] ACPI: 1 ACPI AML tables successfully acquired and loaded
[    0.270313] ACPI: _OSC evaluation for CPUs failed, trying _PDC
[    0.273566] ACPI: Interpreter enabled
[    0.274157] ACPI: PM: (supports S0 S3 S4 S5)
[    0.274737] ACPI: Using IOAPIC for interrupt routing
[    0.275182] PCI: Using host bridge windows from ACPI; if necessary, use "pci=nocrs" and report a bug
[    0.276124] PCI: Using E820 reservations for host bridge windows
[    0.278075] ACPI: Enabled 2 GPEs in block 00 to 0F
[    0.329683] ACPI: PCI Root Bridge [PCI0] (domain 0000 [bus 00-ff])
[    0.330140] acpi PNP0A03:00: _OSC: OS supports [ExtendedConfig ASPM ClockPM Segments MSI HPX-Type3]
[    0.331665] PCI host bridge to bus 0000:00
[    0.332128] pci_bus 0000:00: root bus resource [io  0x0000-0x0cf7 window]
[    0.333043] pci_bus 0000:00: root bus resource [io  0x0d00-0xffff window]
[    0.334127] pci_bus 0000:00: root bus resource [mem 0x000a0000-0x000bffff window]
[    0.335127] pci_bus 0000:00: root bus resource [mem 0x40000000-0xfebfffff window]
[    0.336127] pci_bus 0000:00: root bus resource [mem 0x100000000-0x17fffffff window]
[    0.337128] pci_bus 0000:00: root bus resource [bus 00-ff]
[    0.338022] pci 0000:00:00.0: [8086:1237] type 00 class 0x060000 conventional PCI endpoint
[    0.340037] pci 0000:00:01.0: [8086:7000] type 00 class 0x060100 conventional PCI endpoint
[    0.342086] pci 0000:00:01.1: [8086:7010] type 00 class 0x010180 conventional PCI endpoint
[    0.346125] pci 0000:00:01.1: BAR 4 [io  0xc080-0xc08f]
[    0.347599] pci 0000:00:01.1: BAR 0 [io  0x01f0-0x01f7]: legacy IDE quirk
[    0.348125] pci 0000:00:01.1: BAR 1 [io  0x03f6]: legacy IDE quirk
[    0.348964] pci 0000:00:01.1: BAR 2 [io  0x0170-0x0177]: legacy IDE quirk
[    0.350125] pci 0000:00:01.1: BAR 3 [io  0x0376]: legacy IDE quirk
[    0.351704] pci 0000:00:01.3: [8086:7113] type 00 class 0x068000 conventional PCI endpoint
[    0.353400] pci 0000:00:01.3: quirk: [io  0x0600-0x063f] claimed by PIIX4 ACPI
[    0.355129] pci 0000:00:01.3: quirk: [io  0x0700-0x070f] claimed by PIIX4 SMB
[    0.356846] pci 0000:00:02.0: [1af4:1009] type 00 class 0x000200 conventional PCI endpoint
[    0.359125] pci 0000:00:02.0: BAR 0 [io  0xc000-0xc03f]
[    0.361778] pci 0000:00:02.0: BAR 1 [mem 0xfebfd000-0xfebfdfff]
[    0.367621] pci 0000:00:02.0: BAR 4 [mem 0xfebf4000-0xfebf7fff 64bit pref]
[    0.381300] pci 0000:00:03.0: [1af4:1009] type 00 class 0x000200 conventional PCI endpoint
[    0.384125] pci 0000:00:03.0: BAR 0 [io  0xc040-0xc07f]
[    0.385818] pci 0000:00:03.0: BAR 1 [mem 0xfebfe000-0xfebfefff]
[    0.391788] pci 0000:00:03.0: BAR 4 [mem 0xfebf8000-0xfebfbfff 64bit pref]
[    0.406356] pci 0000:00:04.0: [8086:25ab] type 00 class 0x088000 conventional PCI endpoint
[    0.407546] pci 0000:00:04.0: BAR 0 [mem 0xfebff000-0xfebff00f]
[    0.426012] ACPI: PCI: Interrupt link LNKA configured for IRQ 10
[    0.427716] ACPI: PCI: Interrupt link LNKB configured for IRQ 10
[    0.430146] ACPI: PCI: Interrupt link LNKC configured for IRQ 11
[    0.431963] ACPI: PCI: Interrupt link LNKD configured for IRQ 11
[    0.432544] ACPI: PCI: Interrupt link LNKS configured for IRQ 9
[    0.453919] iommu: Default domain type: Translated
[    0.454125] iommu: DMA domain TLB invalidation policy: lazy mode
[    0.455447] SCSI subsystem initialized
[    0.456369] pps_core: LinuxPPS API ver. 1 registered
[    0.457054] pps_core: Software ver. 5.3.6 - Copyright 2005-2007 Rodolfo Giometti <giometti@linux.it>
[    0.458142] PTP clock support registered
[    0.459265] Advanced Linux Sound Architecture Driver Initialized.
[    0.461234] NET: Registered PF_ATMPVC protocol family
[    0.461940] NET: Registered PF_ATMSVC protocol family
[    0.463150] PCI: Using ACPI for IRQ routing
[    0.464141] vgaarb: loaded
[    0.464546] hpet0: at MMIO 0xfed00000, IRQs 2, 8, 0
[    0.465125] hpet0: 3 comparators, 64-bit 100.000000 MHz counter
[    0.470156] clocksource: Switched to clocksource kvm-clock
[    0.471551] VFS: Disk quotas dquot_6.6.0
[    0.472106] VFS: Dquot-cache hash table entries: 512 (order 0, 4096 bytes)
[    0.473247] pnp: PnP ACPI init
[    0.479858] pnp: PnP ACPI: found 5 devices
[    0.493978] clocksource: acpi_pm: mask: 0xffffff max_cycles: 0xffffff, max_idle_ns: 2085701024 ns
[    0.495265] NET: Registered PF_INET protocol family
[    0.495972] IP idents hash table entries: 16384 (order: 5, 131072 bytes, linear)
[    0.497385] tcp_listen_portaddr_hash hash table entries: 512 (order: 1, 8192 bytes, linear)
[    0.498513] Table-perturb hash table entries: 65536 (order: 6, 262144 bytes, linear)
[    0.499567] TCP established hash table entries: 8192 (order: 4, 65536 bytes, linear)
[    0.500605] TCP bind hash table entries: 8192 (order: 6, 262144 bytes, linear)
[    0.501586] TCP: Hash tables configured (established 8192 bind 8192)
[    0.502606] UDP hash table entries: 512 (order: 2, 16384 bytes, linear)
[    0.503498] UDP-Lite hash table entries: 512 (order: 2, 16384 bytes, linear)
[    0.504682] NET: Registered PF_UNIX/PF_LOCAL protocol family
[    0.505463] pci_bus 0000:00: resource 4 [io  0x0000-0x0cf7 window]
[    0.506288] pci_bus 0000:00: resource 5 [io  0x0d00-0xffff window]
[    0.507115] pci_bus 0000:00: resource 6 [mem 0x000a0000-0x000bffff window]
[    0.508034] pci_bus 0000:00: resource 7 [mem 0x40000000-0xfebfffff window]
[    0.508951] pci_bus 0000:00: resource 8 [mem 0x100000000-0x17fffffff window]
[    0.510108] pci 0000:00:01.0: PIIX3: Enabling Passive Release
[    0.510883] pci 0000:00:00.0: Limiting direct PCI/PCI transfers
[    0.511711] PCI: CLS 0 bytes, default 64
[    0.512460] kvm_intel: VMX not supported by CPU 11
[    0.513136] kvm_amd: TSC scaling supported
[    0.513702] kvm_amd: Nested Virtualization enabled
[    0.514344] kvm_amd: Nested Paging enabled
[    0.514918] kvm_amd: Virtual VMLOAD VMSAVE supported
[    0.515592] kvm_amd: Virtual GIF supported
[    0.516139] kvm_amd: Virtual NMI enabled
[    0.516667] kvm_amd: LBR virtualization supported
[    0.631755] workingset: timestamp_bits=56 max_order=18 bucket_order=0
[    0.632822] squashfs: version 4.0 (2009/01/31) Phillip Lougher
[    0.633682] fuse: init (API version 7.39)
[    0.634414] 9p: Installing v9fs 9p2000 file system support
[    0.635295] Key type asymmetric registered
[    0.635930] Block layer SCSI generic (bsg) driver version 0.4 loaded (major 249)
[    0.636992] io scheduler mq-deadline registered
[    0.637642] io scheduler kyber registered
[    0.639641] input: Power Button as /devices/LNXSYSTM:00/LNXPWRBN:00/input/input0
[    0.641116] ACPI: button: Power Button [PWRF]
[    0.641866] Warning: Processor Platform Limit event detected, but not handled.
[    0.642851] Consider compiling CPUfreq support into your kernel.
[    1.565811] ACPI: \_SB_.LNKB: Enabled at IRQ 10
[    2.482149] ACPI: \_SB_.LNKC: Enabled at IRQ 11
[    2.483890] Serial: 8250/16550 driver, 4 ports, IRQ sharing enabled
[    2.485129] 00:03: ttyS0 at I/O 0x3f8 (irq = 4, base_baud = 115200) is a 16550A
[    2.488323] Non-volatile memory driver v1.3
[    2.488909] Linux agpgart interface v0.103
[    2.489675] ACPI: bus type drm_connector registered
[    2.512965] loop: module loaded
[    2.515996] scsi host0: ata_piix
[    2.517024] scsi host1: ata_piix
[    2.517710] ata1: PATA max MWDMA2 cmd 0x1f0 ctl 0x3f6 bmdma 0xc080 irq 14 lpm-pol 0
[    2.518749] ata2: PATA max MWDMA2 cmd 0x170 ctl 0x376 bmdma 0xc088 irq 15 lpm-pol 0
[    2.521540] i8042: PNP: PS/2 Controller [PNP0303:KBD,PNP0f13:MOU] at 0x60,0x64 irq 1,12
[    2.523334] serio: i8042 KBD port at 0x60,0x64 irq 1
[    2.524018] serio: i8042 AUX port at 0x60,0x64 irq 12
[    2.525332] rtc_cmos 00:04: RTC can wake from S4
[    2.526324] input: AT Translated Set 2 keyboard as /devices/platform/i8042/serio0/input/input1
[    2.528864] rtc_cmos 00:04: registered as rtc0
[    2.529510] rtc_cmos 00:04: setting system clock to 2024-02-18T09:27:29 UTC (1708248449)
[    2.530718] rtc_cmos 00:04: alarms up to one day, y3k, 242 bytes nvram, hpet irqs
[    2.532610] i6300ESB timer 0000:00:04.0: initialized. heartbeat=30 sec (nowayout=0)
[    2.533937] device-mapper: ioctl: 4.48.0-ioctl (2023-03-01) initialised: dm-devel@redhat.com
[    2.536268] NET: Registered PF_PACKET protocol family
[    2.536971] 9pnet: Installing 9P2000 support
[    2.539000] Key type dns_resolver registered
[    2.540293] input: ImExPS/2 Generic Explorer Mouse as /devices/platform/i8042/serio1/input/input3
[    2.546912] IPI shorthand broadcast: enabled
[    2.569502] sched_clock: Marking stable (2564001440, 5356135)->(2592288020, -22930445)
[    2.570959] registered taskstats version 1
[    2.587339] PM:   Magic number: 12:207:475
[    2.587971] printk: legacy console [netcon0] enabled
[    2.588659] netconsole: network logging started
[    2.589452] ALSA device list:
[    2.589860]   No soundcards found.
[    2.674640] ata2: found unknown device (class 0)
[    2.675608] ata2.00: ATAPI: QEMU DVD-ROM, 2.5+, max UDMA/100
[    2.677270] scsi 1:0:0:0: CD-ROM            QEMU     QEMU DVD-ROM     2.5+ PQ: 0 ANSI: 5
[    2.686109] scsi 1:0:0:0: Attached scsi generic sg0 type 5
[    2.686940] md: Skipping autodetection of RAID arrays. (raid=autodetect will force)
[    2.687919] 9pnet_virtio: no channels available for device 
[    2.689340] VFS: Mounted root (9p filesystem) readonly on device 0:19.
[    2.690507] devtmpfs: mounted
[    2.696147] Freeing unused kernel image (initmem) memory: 5740K
[    2.700368] Write protecting the kernel read-only data: 53248k
[    2.701509] Freeing unused kernel image (rodata/data gap) memory: 680K
[    2.738297] x86/mm: Checked W+X mappings: passed, no W+X pages found.
[    2.739099] Run /usr/lib/python3.11/site-packages/virtme/guest/virtme-init as init process
[    2.785743] mount (266) used greatest stack depth: 26744 bytes left
[    2.920287] mount (284) used greatest stack depth: 26312 bytes left
[    3.067942] virtme-init: basic initialization done
[    3.077660] virtme-init: udevd not found
[    3.171302] virtme-init: Setting hostname to virtme-ng...
[    3.191446] ip (357) used greatest stack depth: 25192 bytes left
          _      _                                    
   __   _(_)_ __| |_ _ __ ___   ___       _ __   __ _ 
   \ \ / / |  __| __|  _   _ \ / _ \_____|  _ \ / _  |
    \ V /| | |  | |_| | | | | |  __/_____| | | | (_| |
     \_/ |_|_|   \__|_| |_| |_|\___|     |_| |_|\__  |
                                                |___/ 
   kernel version: 6.8.0-rc4-virtme x86_64

virtme-ng:/nipa-data/kernel# PS1='xx__-> '
xx__-> env
PWD=/nipa-data/kernel
HOME=/
TERM=xterm
SHLVL=2
XDG_RUNTIME_DIR=/run/user/0
PATH=/bin:/sbin:/usr/bin:/usr/sbin:/usr/local/bin
OLDPWD=/
_=/usr/bin/env
xx__-> 