No EFI environment detected.
early console in extract_kernel
input_data: 0x00000000029f62b9
input_len: 0x0000000000ae90c1
output: 0x0000000001000000
output_len: 0x000000000249a62c
kernel_total_size: 0x0000000002230000
needed_size: 0x0000000002600000
trampoline_32bit: 0x0000000000000000
Physical KASLR using RDRAND RDTSC...
Virtual KASLR using RDRAND RDTSC...

Decompressing Linux... Parsing ELF... Performing relocations... done.
Booting the kernel (entry_offset: 0x0000000000000000).
[    0.000000] Linux version 6.8.0-virtme (root@eb7acda0649b) (gcc (Alpine 13.2.1_git20240309) 13.2.1 20240309, GNU ld (GNU Binutils) 2.42) #1 SMP PREEMPT_DYNAMIC Fri Mar 15 03:06:28 UTC 2024
[    0.000000] Command line: virtme_hostname=virtme-ng nr_open=1048576 virtme_link_mods=/nipa-data/kernel/.virtme_mods/lib/modules/0.0.0 virtme_initmount0=nipa-data/kernel virtme_rw_overlay0=/etc virtme_rw_overlay1=/lib virtme_rw_overlay2=/home virtme_rw_overlay3=/opt virtme_rw_overlay4=/srv virtme_rw_overlay5=/usr virtme_rw_overlay6=/var console=hvc0 earlyprintk=serial,ttyS0,115200 virtme_console=ttyS0 psmouse.proto=exps TERM=xterm virtme_chdir=nipa-data/kernel virtme_root_user=1 rootfstype=9p rootflags=version=9p2000.L,trans=virtio,access=any raid=noautodetect ro init=/usr/lib/python3.11/site-packages/virtme/guest/virtme-init
[    0.000000] BIOS-provided physical RAM map:
[    0.000000] BIOS-e820: [mem 0x0000000000000000-0x000000000009fbff] usable
[    0.000000] BIOS-e820: [mem 0x000000000009fc00-0x000000000009ffff] reserved
[    0.000000] BIOS-e820: [mem 0x00000000000f0000-0x00000000000fffff] reserved
[    0.000000] BIOS-e820: [mem 0x0000000000100000-0x000000003ffdffff] usable
[    0.000000] BIOS-e820: [mem 0x000000003ffe0000-0x000000003fffffff] reserved
[    0.000000] BIOS-e820: [mem 0x00000000feffc000-0x00000000feffffff] reserved
[    0.000000] BIOS-e820: [mem 0x00000000fffc0000-0x00000000ffffffff] reserved
[    0.000000] BIOS-e820: [mem 0x000000fd00000000-0x000000ffffffffff] reserved
[    0.000000] printk: legacy bootconsole [earlyser0] enabled
[    0.000000] NX (Execute Disable) protection: active
[    0.000000] APIC: Static calls initialized
[    0.000000] SMBIOS 3.0.0 present.
[    0.000000] DMI: QEMU Standard PC (i440FX + PIIX, 1996), BIOS rel-1.16.3-0-ga6ed6b701f0a-prebuilt.qemu.org 04/01/2014
[    0.000000] Hypervisor detected: KVM
[    0.000000] kvm-clock: Using msrs 4b564d01 and 4b564d00
[    0.000000] kvm-clock: using sched offset of 221470666 cycles
[    0.000384] clocksource: kvm-clock: mask: 0xffffffffffffffff max_cycles: 0x1cd42e4dffb, max_idle_ns: 881590591483 ns
[    0.001581] tsc: Detected 4491.556 MHz processor
[    0.002182] last_pfn = 0x3ffe0 max_arch_pfn = 0x400000000
[    0.002601] MTRR map: 4 entries (3 fixed + 1 variable; max 19), built from 8 variable MTRRs
[    0.003215] x86/PAT: Configuration [0-7]: WB  WC  UC- UC  WB  WP  UC- WT  
Memory KASLR using RDRAND RDTSC...
[    0.005271] found SMP MP-table at [mem 0x000f5470-0x000f547f]
[    0.005699] Using GB pages for direct mapping
[    0.006057] ACPI: Early table checksum verification disabled
[    0.006471] ACPI: RSDP 0x00000000000F5290 000014 (v00 BOCHS )
[    0.006895] ACPI: RSDT 0x000000003FFE27BC 000034 (v01 BOCHS  BXPC     00000001 BXPC 00000001)
[    0.007522] ACPI: FACP 0x000000003FFE2578 000074 (v01 BOCHS  BXPC     00000001 BXPC 00000001)
[    0.008148] ACPI: DSDT 0x000000003FFE0040 002538 (v01 BOCHS  BXPC     00000001 BXPC 00000001)
[    0.008773] ACPI: FACS 0x000000003FFE0000 000040
[    0.009112] ACPI: APIC 0x000000003FFE25EC 000170 (v03 BOCHS  BXPC     00000001 BXPC 00000001)
[    0.009738] ACPI: HPET 0x000000003FFE275C 000038 (v01 BOCHS  BXPC     00000001 BXPC 00000001)
[    0.010364] ACPI: WAET 0x000000003FFE2794 000028 (v01 BOCHS  BXPC     00000001 BXPC 00000001)
[    0.010994] ACPI: Reserving FACP table memory at [mem 0x3ffe2578-0x3ffe25eb]
[    0.011512] ACPI: Reserving DSDT table memory at [mem 0x3ffe0040-0x3ffe2577]
[    0.012028] ACPI: Reserving FACS table memory at [mem 0x3ffe0000-0x3ffe003f]
[    0.012546] ACPI: Reserving APIC table memory at [mem 0x3ffe25ec-0x3ffe275b]
[    0.013064] ACPI: Reserving HPET table memory at [mem 0x3ffe275c-0x3ffe2793]
[    0.013580] ACPI: Reserving WAET table memory at [mem 0x3ffe2794-0x3ffe27bb]
[    0.014236] No NUMA configuration found
[    0.014519] Faking a node at [mem 0x0000000000000000-0x000000003ffdffff]
[    0.015017] NODE_DATA(0) allocated [mem 0x3ffdb000-0x3ffdffff]
[    0.015464] Zone ranges:
[    0.015652]   DMA      [mem 0x0000000000001000-0x0000000000ffffff]
[    0.016110]   DMA32    [mem 0x0000000001000000-0x000000003ffdffff]
[    0.016568]   Normal   empty
[    0.016781]   Device   empty
[    0.016993] Movable zone start for each node
[    0.017309] Early memory node ranges
[    0.017572]   node   0: [mem 0x0000000000001000-0x000000000009efff]
[    0.018035]   node   0: [mem 0x0000000000100000-0x000000003ffdffff]
[    0.018500] Initmem setup node 0 [mem 0x0000000000001000-0x000000003ffdffff]
[    0.019109] On node 0, zone DMA: 1 pages in unavailable ranges
[    0.019546] On node 0, zone DMA: 97 pages in unavailable ranges
[    0.020918] On node 0, zone DMA32: 32 pages in unavailable ranges
[    0.021570] ACPI: PM-Timer IO Port: 0x608
[    0.021869] ACPI: LAPIC_NMI (acpi_id[0xff] dfl dfl lint[0x1])
[    0.022308] IOAPIC[0]: apic_id 0, version 17, address 0xfec00000, GSI 0-23
[    0.022818] ACPI: INT_SRC_OVR (bus 0 bus_irq 0 global_irq 2 dfl dfl)
[    0.023286] ACPI: INT_SRC_OVR (bus 0 bus_irq 5 global_irq 5 high level)
[    0.023771] ACPI: INT_SRC_OVR (bus 0 bus_irq 9 global_irq 9 high level)
[    0.024257] ACPI: INT_SRC_OVR (bus 0 bus_irq 10 global_irq 10 high level)
[    0.024755] ACPI: INT_SRC_OVR (bus 0 bus_irq 11 global_irq 11 high level)
[    0.025255] ACPI: Using ACPI (MADT) for SMP configuration information
[    0.025729] ACPI: HPET id: 0x8086a201 base: 0xfed00000
[    0.026108] TSC deadline timer available
[    0.026399] CPU topo: Max. logical packages:   1
[    0.026742] CPU topo: Max. logical dies:       1
[    0.027081] CPU topo: Max. dies per package:   1
[    0.027424] CPU topo: Max. threads per core:  32
[    0.027764] CPU topo: Num. cores per package:     1
[    0.028123] CPU topo: Num. threads per package:  32
[    0.028481] CPU topo: Allowing 32 present CPUs plus 0 hotplug CPUs
[    0.028944] kvm-guest: APIC: eoi() replaced with kvm_guest_apic_eoi_write()
[    0.029467] kvm-guest: KVM setup pv remote TLB flush
[    0.029832] kvm-guest: setup PV sched yield
[    0.030141] PM: hibernation: Registered nosave memory: [mem 0x00000000-0x00000fff]
[    0.030698] PM: hibernation: Registered nosave memory: [mem 0x0009f000-0x0009ffff]
[    0.031251] PM: hibernation: Registered nosave memory: [mem 0x000a0000-0x000effff]
[    0.031804] PM: hibernation: Registered nosave memory: [mem 0x000f0000-0x000fffff]
[    0.032357] [mem 0x40000000-0xfeffbfff] available for PCI devices
[    0.032804] Booting paravirtualized kernel on KVM
[    0.033147] clocksource: refined-jiffies: mask: 0xffffffff max_cycles: 0xffffffff, max_idle_ns: 1910969940391419 ns
[    0.036702] setup_percpu: NR_CPUS:64 nr_cpumask_bits:32 nr_cpu_ids:32 nr_node_ids:1
[    0.037846] percpu: Embedded 58 pages/cpu s197992 r8192 d31384 u262144
[    0.038354] Kernel command line: virtme_hostname=virtme-ng nr_open=1048576 virtme_link_mods=/nipa-data/kernel/.virtme_mods/lib/modules/0.0.0 virtme_initmount0=nipa-data/kernel virtme_rw_overlay0=/etc virtme_rw_overlay1=/lib virtme_rw_overlay2=/home virtme_rw_overlay3=/opt virtme_rw_overlay4=/srv virtme_rw_overlay5=/usr virtme_rw_overlay6=/var console=hvc0 earlyprintk=serial,ttyS0,115200 virtme_console=ttyS0 psmouse.proto=exps TERM=xterm virtme_chdir=nipa-data/kernel virtme_root_user=1 rootfstype=9p rootflags=version=9p2000.L,trans=virtio,access=any raid=noautodetect ro init=/usr/lib/python3.11/site-packages/virtme/guest/virtme-init
[    0.042634] Unknown kernel command line parameters "virtme_hostname=virtme-ng nr_open=1048576 virtme_link_mods=/nipa-data/kernel/.virtme_mods/lib/modules/0.0.0 virtme_initmount0=nipa-data/kernel virtme_rw_overlay0=/etc virtme_rw_overlay1=/lib virtme_rw_overlay2=/home virtme_rw_overlay3=/opt virtme_rw_overlay4=/srv virtme_rw_overlay5=/usr virtme_rw_overlay6=/var virtme_console=ttyS0 virtme_chdir=nipa-data/kernel virtme_root_user=1", will be passed to user space.
[    0.045904] random: crng init done
[    0.046191] Dentry cache hash table entries: 131072 (order: 8, 1048576 bytes, linear)
[    0.046804] Inode-cache hash table entries: 65536 (order: 7, 524288 bytes, linear)
[    0.047459] Fallback order for Node 0: 0 
[    0.047461] Built 1 zonelists, mobility grouping on.  Total pages: 257760
[    0.048280] Policy zone: DMA32
[    0.048509] mem auto-init: stack:all(zero), heap alloc:off, heap free:off
[    0.049774] Memory: 986620K/1048056K available (16384K kernel code, 2362K rwdata, 5988K rodata, 3008K init, 2280K bss, 61176K reserved, 0K cma-reserved)
[    0.050824] SLUB: HWalign=64, Order=0-3, MinObjects=0, CPUs=32, Nodes=1
Poking KASLR using RDRAND RDTSC...
[    0.051563] ftrace: allocating 46515 entries in 182 pages
[    0.058251] ftrace: allocated 182 pages with 5 groups
[    0.059264] Dynamic Preempt: voluntary
[    0.059686] rcu: Preemptible hierarchical RCU implementation.
[    0.060116] rcu: RCU event tracing is enabled.
[    0.060454] rcu: RCU restricting CPUs from NR_CPUS=64 to nr_cpu_ids=32.
[    0.060955] Trampoline variant of Tasks RCU enabled.
[    0.061332] Rude variant of Tasks RCU enabled.
[    0.061669] Tracing variant of Tasks RCU enabled.
[    0.062027] rcu: RCU calculated value of scheduler-enlistment delay is 100 jiffies.
[    0.062598] rcu: Adjusting geometry for rcu_fanout_leaf=16, nr_cpu_ids=32
[    0.063115] RCU Tasks: Setting shift to 5 and lim to 1 rcu_task_cb_adjust=1.
[    0.063643] RCU Tasks Rude: Setting shift to 5 and lim to 1 rcu_task_cb_adjust=1.
[    0.064205] RCU Tasks Trace: Setting shift to 5 and lim to 1 rcu_task_cb_adjust=1.
[    0.066149] NR_IRQS: 4352, nr_irqs: 680, preallocated irqs: 16
[    0.066744] rcu: srcu_init: Setting srcu_struct sizes based on contention.
[    0.067383] Console: colour *CGA 80x25
[    0.067666] ACPI: Core revision 20230628
[    0.068021] clocksource: hpet: mask: 0xffffffff max_cycles: 0xffffffff, max_idle_ns: 19112604467 ns
[    0.068747] APIC: Switch to symmetric I/O mode setup
[    0.069115] APIC: Switched APIC routing to: physical flat
[    0.069513] kvm-guest: APIC: send_IPI_mask() replaced with kvm_send_ipi_mask()
[    0.070038] kvm-guest: APIC: send_IPI_mask_allbutself() replaced with kvm_send_ipi_mask_allbutself()
[    0.070712] kvm-guest: setup PV IPIs
[    0.071737] ..TIMER: vector=0x30 apic1=0 pin1=2 apic2=-1 pin2=-1
[    0.072523] tsc: Marking TSC unstable due to TSCs unsynchronized
[    0.073311] Calibrating delay loop (skipped) preset value.. 8983.11 BogoMIPS (lpj=4491556)
[    0.074367] x86/cpu: User Mode Instruction Prevention (UMIP) activated
[    0.075358] Last level iTLB entries: 4KB 512, 2MB 255, 4MB 127
[    0.076309] Last level dTLB entries: 4KB 512, 2MB 255, 4MB 127, 1GB 0
[    0.077313] Spectre V1 : Mitigation: usercopy/swapgs barriers and __user pointer sanitization
[    0.078313] Spectre V2 : Mitigation: Enhanced / Automatic IBRS
[    0.079309] Spectre V2 : Spectre v2 / SpectreRSB mitigation: Filling RSB on context switch
[    0.080311] Spectre V2 : mitigation: Enabling conditional Indirect Branch Prediction Barrier
[    0.081309] Spectre V2 : User space: Mitigation: STIBP always-on protection
[    0.082311] Speculative Store Bypass: Mitigation: Speculative Store Bypass disabled via prctl
[    0.083310] Speculative Return Stack Overflow: IBPB-extending microcode not applied!
[    0.084309] Speculative Return Stack Overflow: WARNING: See https://kernel.org/doc/html/latest/admin-guide/hw-vuln/srso.html for mitigation options.
[    0.084310] Speculative Return Stack Overflow: Vulnerable: Safe RET, no microcode
[    0.086324] x86/fpu: Supporting XSAVE feature 0x001: 'x87 floating point registers'
[    0.087309] x86/fpu: Supporting XSAVE feature 0x002: 'SSE registers'
[    0.088309] x86/fpu: Supporting XSAVE feature 0x004: 'AVX registers'
[    0.089309] x86/fpu: Supporting XSAVE feature 0x020: 'AVX-512 opmask'
[    0.090309] x86/fpu: Supporting XSAVE feature 0x040: 'AVX-512 Hi256'
[    0.091309] x86/fpu: Supporting XSAVE feature 0x080: 'AVX-512 ZMM_Hi256'
[    0.092309] x86/fpu: Supporting XSAVE feature 0x200: 'Protection Keys User registers'
[    0.093310] x86/fpu: xstate_offset[2]:  576, xstate_sizes[2]:  256
[    0.094086] x86/fpu: xstate_offset[5]:  832, xstate_sizes[5]:   64
[    0.094309] x86/fpu: xstate_offset[6]:  896, xstate_sizes[6]:  512
[    0.095309] x86/fpu: xstate_offset[7]: 1408, xstate_sizes[7]: 1024
[    0.096309] x86/fpu: xstate_offset[9]: 2432, xstate_sizes[9]:    8
[    0.097086] x86/fpu: Enabled xstate features 0x2e7, context size is 2440 bytes, using 'compacted' format.
[    0.111453] Freeing SMP alternatives memory: 40K
[    0.112041] pid_max: default: 32768 minimum: 301
[    0.112331] Mount-cache hash table entries: 2048 (order: 2, 16384 bytes, linear)
[    0.113310] Mountpoint-cache hash table entries: 2048 (order: 2, 16384 bytes, linear)
[    0.114466] smpboot: CPU0: AMD Ryzen 9 7950X 16-Core Processor (family: 0x19, model: 0x61, stepping: 0x2)
[    0.115416] Performance Events: Fam17h+ core perfctr, AMD PMU driver.
[    0.116252] ... version:                0
[    0.116311] ... bit width:              48
[    0.116833] ... generic registers:      6
[    0.117311] ... value mask:             0000ffffffffffff
[    0.117992] ... max period:             00007fffffffffff
[    0.118311] ... fixed-purpose events:   0
[    0.118821] ... event mask:             000000000000003f
[    0.119380] signal: max sigframe size: 3376
[    0.119925] rcu: Hierarchical SRCU implementation.
[    0.120311] rcu: Max phase no-delay instances is 400.
[    0.123307] smp: Bringing up secondary CPUs ...
[    0.123943] smpboot: x86: Booting SMP configuration:
[    0.124312] .... node  #0, CPUs:        #1  #2  #3  #4  #5  #6  #7  #8  #9 #10 #11 #12 #13 #14 #15 #16 #17 #18 #19 #20 #21 #22 #23 #24 #25 #26 #27 #28 #29 #30 #31
[    0.129651] Spectre V2 : Update user space SMT mitigation: STIBP always-on
[    0.142439] smp: Brought up 1 node, 32 CPUs
[    0.143313] smpboot: Total of 32 processors activated (287459.58 BogoMIPS)
[    0.152446] devtmpfs: initialized
[    0.152763] x86/mm: Memory block size: 128MB
[    0.154024] clocksource: jiffies: mask: 0xffffffff max_cycles: 0xffffffff, max_idle_ns: 1911260446275000 ns
[    0.154313] futex hash table entries: 8192 (order: 7, 524288 bytes, linear)
[    0.155380] PM: RTC time: 03:06:58, date: 2024-03-15
[    0.156405] NET: Registered PF_NETLINK/PF_ROUTE protocol family
[    0.157317] thermal_sys: Registered thermal governor 'step_wise'
[    0.157318] thermal_sys: Registered thermal governor 'user_space'
[    0.158128] cpuidle: using governor menu
[    0.159536] PCI: Using configuration type 1 for base access
[    0.160312] PCI: Using configuration type 1 for extended access
[    0.161141] kprobes: kprobe jump-optimization is enabled. All kprobes are optimized if possible.
[    0.161524] HugeTLB: registered 1.00 GiB page size, pre-allocated 0 pages
[    0.162311] HugeTLB: 16380 KiB vmemmap can be freed for a 1.00 GiB page
[    0.163190] HugeTLB: registered 2.00 MiB page size, pre-allocated 0 pages
[    0.163311] HugeTLB: 28 KiB vmemmap can be freed for a 2.00 MiB page
[    0.164193] ACPI: Added _OSI(Module Device)
[    0.164312] ACPI: Added _OSI(Processor Device)
[    0.164893] ACPI: Added _OSI(3.0 _SCP Extensions)
[    0.165311] ACPI: Added _OSI(Processor Aggregator Device)
[    0.166759] ACPI: 1 ACPI AML tables successfully acquired and loaded
[    0.174923] ACPI: _OSC evaluation for CPUs failed, trying _PDC
[    0.175449] ACPI: Interpreter enabled
[    0.175942] ACPI: PM: (supports S0 S3 S4 S5)
[    0.176311] ACPI: Using IOAPIC for interrupt routing
[    0.176986] PCI: Using host bridge windows from ACPI; if necessary, use "pci=nocrs" and report a bug
[    0.177311] PCI: Using E820 reservations for host bridge windows
[    0.178185] ACPI: Enabled 2 GPEs in block 00 to 0F
[    0.180953] ACPI: PCI Root Bridge [PCI0] (domain 0000 [bus 00-ff])
[    0.181314] acpi PNP0A03:00: _OSC: OS supports [ExtendedConfig ASPM ClockPM Segments MSI HPX-Type3]
[    0.182407] PCI host bridge to bus 0000:00
[    0.182945] pci_bus 0000:00: root bus resource [io  0x0000-0x0cf7 window]
[    0.183312] pci_bus 0000:00: root bus resource [io  0x0d00-0xffff window]
[    0.184205] pci_bus 0000:00: root bus resource [mem 0x000a0000-0x000bffff window]
[    0.184312] pci_bus 0000:00: root bus resource [mem 0x40000000-0xfebfffff window]
[    0.185288] pci_bus 0000:00: root bus resource [mem 0x100000000-0x17fffffff window]
[    0.185312] pci_bus 0000:00: root bus resource [bus 00-ff]
[    0.186116] pci 0000:00:00.0: [8086:1237] type 00 class 0x060000 conventional PCI endpoint
[    0.186579] pci 0000:00:01.0: [8086:7000] type 00 class 0x060100 conventional PCI endpoint
[    0.187638] pci 0000:00:01.1: [8086:7010] type 00 class 0x010180 conventional PCI endpoint
[    0.190567] pci 0000:00:01.1: BAR 4 [io  0xc0c0-0xc0cf]
[    0.192166] pci 0000:00:01.1: BAR 0 [io  0x01f0-0x01f7]: legacy IDE quirk
[    0.192312] pci 0000:00:01.1: BAR 1 [io  0x03f6]: legacy IDE quirk
[    0.193120] pci 0000:00:01.1: BAR 2 [io  0x0170-0x0177]: legacy IDE quirk
[    0.193311] pci 0000:00:01.1: BAR 3 [io  0x0376]: legacy IDE quirk
[    0.194214] pci 0000:00:01.3: [8086:7113] type 00 class 0x068000 conventional PCI endpoint
[    0.194558] pci 0000:00:01.3: quirk: [io  0x0600-0x063f] claimed by PIIX4 ACPI
[    0.195316] pci 0000:00:01.3: quirk: [io  0x0700-0x070f] claimed by PIIX4 SMB
[    0.196434] pci 0000:00:02.0: [1af4:1009] type 00 class 0x000200 conventional PCI endpoint
[    0.198312] pci 0000:00:02.0: BAR 0 [io  0xc000-0xc03f]
[    0.200312] pci 0000:00:02.0: BAR 1 [mem 0xfebfc000-0xfebfcfff]
[    0.204035] pci 0000:00:02.0: BAR 4 [mem 0xfebf0000-0xfebf3fff 64bit pref]
[    0.206651] pci 0000:00:03.0: [1af4:1009] type 00 class 0x000200 conventional PCI endpoint
[    0.208312] pci 0000:00:03.0: BAR 0 [io  0xc040-0xc07f]
[    0.209984] pci 0000:00:03.0: BAR 1 [mem 0xfebfd000-0xfebfdfff]
[    0.213795] pci 0000:00:03.0: BAR 4 [mem 0xfebf4000-0xfebf7fff 64bit pref]
[    0.215861] pci 0000:00:04.0: [8086:25ab] type 00 class 0x088000 conventional PCI endpoint
[    0.216830] pci 0000:00:04.0: BAR 0 [mem 0xfebfe000-0xfebfe00f]
[    0.220165] pci 0000:00:05.0: [1af4:1003] type 00 class 0x078000 conventional PCI endpoint
[    0.221795] pci 0000:00:05.0: BAR 0 [io  0xc080-0xc0bf]
[    0.223312] pci 0000:00:05.0: BAR 1 [mem 0xfebff000-0xfebfffff]
[    0.227033] pci 0000:00:05.0: BAR 4 [mem 0xfebf8000-0xfebfbfff 64bit pref]
[    0.229342] ACPI: PCI: Interrupt link LNKA configured for IRQ 10
[    0.230224] ACPI: PCI: Interrupt link LNKB configured for IRQ 10
[    0.230412] ACPI: PCI: Interrupt link LNKC configured for IRQ 11
[    0.231279] ACPI: PCI: Interrupt link LNKD configured for IRQ 11
[    0.231384] ACPI: PCI: Interrupt link LNKS configured for IRQ 9
[    0.233036] iommu: Default domain type: Translated
[    0.233311] iommu: DMA domain TLB invalidation policy: lazy mode
[    0.234140] SCSI subsystem initialized
[    0.234341] pps_core: LinuxPPS API ver. 1 registered
[    0.234987] pps_core: Software ver. 5.3.6 - Copyright 2005-2007 Rodolfo Giometti <giometti@linux.it>
[    0.235314] PTP clock support registered
[    0.235823] Advanced Linux Sound Architecture Driver Initialized.
[    0.236608] NET: Registered PF_ATMPVC protocol family
[    0.237255] NET: Registered PF_ATMSVC protocol family
[    0.237316] PCI: Using ACPI for IRQ routing
[    0.237933] vgaarb: loaded
[    0.238349] hpet0: at MMIO 0xfed00000, IRQs 2, 8, 0
[    0.238974] hpet0: 3 comparators, 64-bit 100.000000 MHz counter
[    0.242674] clocksource: Switched to clocksource kvm-clock
[    0.243672] VFS: Disk quotas dquot_6.6.0
[    0.244496] VFS: Dquot-cache hash table entries: 512 (order 0, 4096 bytes)
[    0.245399] pnp: PnP ACPI init
[    0.245969] pnp: PnP ACPI: found 5 devices
[    0.253325] clocksource: acpi_pm: mask: 0xffffff max_cycles: 0xffffff, max_idle_ns: 2085701024 ns
[    0.254497] NET: Registered PF_INET protocol family
[    0.255150] IP idents hash table entries: 16384 (order: 5, 131072 bytes, linear)
[    0.256261] tcp_listen_portaddr_hash hash table entries: 512 (order: 1, 8192 bytes, linear)
[    0.257337] Table-perturb hash table entries: 65536 (order: 6, 262144 bytes, linear)
[    0.258332] TCP established hash table entries: 8192 (order: 4, 65536 bytes, linear)
[    0.259325] TCP bind hash table entries: 8192 (order: 6, 262144 bytes, linear)
[    0.260257] TCP: Hash tables configured (established 8192 bind 8192)
[    0.261096] UDP hash table entries: 512 (order: 2, 16384 bytes, linear)
[    0.261941] UDP-Lite hash table entries: 512 (order: 2, 16384 bytes, linear)
[    0.262872] NET: Registered PF_UNIX/PF_LOCAL protocol family
[    0.263613] pci_bus 0000:00: resource 4 [io  0x0000-0x0cf7 window]
[    0.264397] pci_bus 0000:00: resource 5 [io  0x0d00-0xffff window]
[    0.265186] pci_bus 0000:00: resource 6 [mem 0x000a0000-0x000bffff window]
[    0.266073] pci_bus 0000:00: resource 7 [mem 0x40000000-0xfebfffff window]
[    0.266943] pci_bus 0000:00: resource 8 [mem 0x100000000-0x17fffffff window]
[    0.267881] pci 0000:00:01.0: PIIX3: Enabling Passive Release
[    0.268620] pci 0000:00:00.0: Limiting direct PCI/PCI transfers
[    0.269407] PCI: CLS 0 bytes, default 64
[    0.269952] kvm_intel: VMX not supported by CPU 0
[    0.270575] kvm_amd: TSC scaling supported
[    0.271112] kvm_amd: Nested Virtualization enabled
[    0.271721] kvm_amd: Nested Paging enabled
[    0.272250] kvm_amd: Virtual VMLOAD VMSAVE supported
[    0.272883] kvm_amd: Virtual GIF supported
[    0.273404] kvm_amd: Virtual NMI enabled
[    0.273902] kvm_amd: LBR virtualization supported
[    0.362184] workingset: timestamp_bits=56 max_order=18 bucket_order=0
[    0.363077] squashfs: version 4.0 (2009/01/31) Phillip Lougher
[    0.363835] fuse: init (API version 7.39)
[    0.364396] 9p: Installing v9fs 9p2000 file system support
[    0.365131] Key type asymmetric registered
[    0.365664] Block layer SCSI generic (bsg) driver version 0.4 loaded (major 249)
[    0.366619] io scheduler mq-deadline registered
[    0.367203] io scheduler kyber registered
[    0.368676] input: Power Button as /devices/LNXSYSTM:00/LNXPWRBN:00/input/input0
[    0.369682] ACPI: button: Power Button [PWRF]
[    0.370269] Warning: Processor Platform Limit event detected, but not handled.
[    0.371209] Consider compiling CPUfreq support into your kernel.
[    0.388372] ACPI: \_SB_.LNKB: Enabled at IRQ 10
[    0.405369] ACPI: \_SB_.LNKC: Enabled at IRQ 11
[    0.422231] ACPI: \_SB_.LNKA: Enabled at IRQ 10
[    0.423545] Serial: 8250/16550 driver, 4 ports, IRQ sharing enabled
[    0.424475] 00:03: ttyS0 at I/O 0x3f8 (irq = 4, base_baud = 115200) is a 16550A
[    0.469425] Non-volatile memory driver v1.3
[    0.469990] Linux agpgart interface v0.103
[    0.470064] ACPI: bus type drm_connector registered
[    0.471325] printk: legacy console [hvc0] enabled
[    0.472115] printk: legacy bootconsole [earlyser0] disabled
          _      _                                    
   __   _(_)_ __| |_ _ __ ___   ___       _ __   __ _ 
   \ \ / / |  __| __|  _   _ \ / _ \_____|  _ \ / _  |
    \ V /| | |  | |_| | | | | |  __/_____| | | | (_| |
     \_/ |_|_|   \__|_| |_| |_|\___|     |_| |_|\__  |
                                                |___/ 
   kernel version: 6.8.0-virtme x86_64
   (CTRL+d to exit)

virtme-ng:/nipa-data/kernel# PS1='xx__-> '
xx__-> env
PWD=/nipa-data/kernel
nr_open=1048576
HOME=/
TERM=xterm
SHLVL=2
XDG_RUNTIME_DIR=/run/user/0
PATH=/bin:/sbin:/usr/bin:/usr/sbin:/usr/local/bin
OLDPWD=/
_=/usr/bin/env
xx__-> 