No EFI environment detected.
early console in extract_kernel
input_data: 0x0000000004ab62b9
input_len: 0x0000000001827218
output: 0x0000000001000000
output_len: 0x000000000526a454
kernel_total_size: 0x0000000004e30000
needed_size: 0x0000000005400000
trampoline_32bit: 0x0000000000000000
Physical KASLR using RDRAND RDTSC...
Virtual KASLR using RDRAND RDTSC...

Decompressing Linux... Parsing ELF... Performing relocations... done.
Booting the kernel (entry_offset: 0x0000000000000000).
[    0.000000] Linux version 6.9.0-rc5-virtme (root@76cea9576532) (gcc (Alpine 13.2.1_git20240309) 13.2.1 20240309, GNU ld (GNU Binutils) 2.42) #1 SMP PREEMPT_DYNAMIC Sun Apr 28 00:26:33 UTC 2024
[    0.000000] Command line: virtme_hostname=virtme-ng nr_open=1048576 virtme_link_mods=/nipa-data/kernel/.virtme_mods/lib/modules/0.0.0 virtme_initmount0=nipa-data/kernel virtme_rw_overlay0=/etc virtme_rw_overlay1=/lib virtme_rw_overlay2=/home virtme_rw_overlay3=/opt virtme_rw_overlay4=/srv virtme_rw_overlay5=/usr virtme_rw_overlay6=/var console=hvc0 earlyprintk=serial,ttyS0,115200 virtme_console=ttyS0 psmouse.proto=exps TERM=xterm virtme_chdir=nipa-data/kernel virtme_root_user=1 rootfstype=9p rootflags=version=9p2000.L,trans=virtio,access=any raid=noautodetect ro init=/usr/lib/python3.12/site-packages/virtme/guest/virtme-init
[    0.000000] BIOS-provided physical RAM map:
[    0.000000] BIOS-e820: [mem 0x0000000000000000-0x000000000009fbff] usable
[    0.000000] BIOS-e820: [mem 0x000000000009fc00-0x000000000009ffff] reserved
[    0.000000] BIOS-e820: [mem 0x00000000000f0000-0x00000000000fffff] reserved
[    0.000000] BIOS-e820: [mem 0x0000000000100000-0x000000003ffdffff] usable
[    0.000000] BIOS-e820: [mem 0x000000003ffe0000-0x000000003fffffff] reserved
[    0.000000] BIOS-e820: [mem 0x00000000feffc000-0x00000000feffffff] reserved
[    0.000000] BIOS-e820: [mem 0x00000000fffc0000-0x00000000ffffffff] reserved
[    0.000000] BIOS-e820: [mem 0x000000fd00000000-0x000000ffffffffff] reserved
[    0.000000] printk: legacy bootconsole [earlyser0] enabled
[    0.000000] NX (Execute Disable) protection: active
[    0.000000] APIC: Static calls initialized
[    0.000000] SMBIOS 3.0.0 present.
[    0.000000] DMI: QEMU Standard PC (i440FX + PIIX, 1996), BIOS rel-1.16.3-0-ga6ed6b701f0a-prebuilt.qemu.org 04/01/2014
[    0.000000] Hypervisor detected: KVM
[    0.000000] kvm-clock: Using msrs 4b564d01 and 4b564d00
[    0.000000] kvm-clock: using sched offset of 353023656 cycles
[    0.000393] clocksource: kvm-clock: mask: 0xffffffffffffffff max_cycles: 0x1cd42e4dffb, max_idle_ns: 881590591483 ns
[    0.001611] tsc: Detected 4491.556 MHz processor
[    0.002320] last_pfn = 0x3ffe0 max_arch_pfn = 0x400000000
[    0.002750] MTRR map: 4 entries (3 fixed + 1 variable; max 19), built from 8 variable MTRRs
[    0.003377] x86/PAT: Configuration [0-7]: WB  WC  UC- UC  WB  WP  UC- WT  
[    0.005455] found SMP MP-table at [mem 0x000f5470-0x000f547f]
[    0.005893] Using GB pages for direct mapping
[    0.006383] ACPI: Early table checksum verification disabled
[    0.006808] ACPI: RSDP 0x00000000000F5290 000014 (v00 BOCHS )
[    0.007239] ACPI: RSDT 0x000000003FFE27BC 000034 (v01 BOCHS  BXPC     00000001 BXPC 00000001)
[    0.007881] ACPI: FACP 0x000000003FFE2578 000074 (v01 BOCHS  BXPC     00000001 BXPC 00000001)
[    0.008523] ACPI: DSDT 0x000000003FFE0040 002538 (v01 BOCHS  BXPC     00000001 BXPC 00000001)
[    0.009165] ACPI: FACS 0x000000003FFE0000 000040
[    0.009512] ACPI: APIC 0x000000003FFE25EC 000170 (v03 BOCHS  BXPC     00000001 BXPC 00000001)
[    0.010150] ACPI: HPET 0x000000003FFE275C 000038 (v01 BOCHS  BXPC     00000001 BXPC 00000001)
[    0.010789] ACPI: WAET 0x000000003FFE2794 000028 (v01 BOCHS  BXPC     00000001 BXPC 00000001)
[    0.011431] ACPI: Reserving FACP table memory at [mem 0x3ffe2578-0x3ffe25eb]
[    0.011958] ACPI: Reserving DSDT table memory at [mem 0x3ffe0040-0x3ffe2577]
[    0.012486] ACPI: Reserving FACS table memory at [mem 0x3ffe0000-0x3ffe003f]
[    0.013016] ACPI: Reserving APIC table memory at [mem 0x3ffe25ec-0x3ffe275b]
[    0.013543] ACPI: Reserving HPET table memory at [mem 0x3ffe275c-0x3ffe2793]
[    0.014070] ACPI: Reserving WAET table memory at [mem 0x3ffe2794-0x3ffe27bb]
[    0.014802] No NUMA configuration found
[    0.015089] Faking a node at [mem 0x0000000000000000-0x000000003ffdffff]
[    0.015594] NODE_DATA(0) allocated [mem 0x3ffdb000-0x3ffdffff]
[    0.016050] Zone ranges:
[    0.016241]   DMA      [mem 0x0000000000001000-0x0000000000ffffff]
[    0.016709]   DMA32    [mem 0x0000000001000000-0x000000003ffdffff]
[    0.017171]   Normal   empty
[    0.017387]   Device   empty
[    0.017602] Movable zone start for each node
[    0.017921] Early memory node ranges
[    0.018187]   node   0: [mem 0x0000000000001000-0x000000000009efff]
[    0.018656]   node   0: [mem 0x0000000000100000-0x000000003ffdffff]
[    0.019124] Initmem setup node 0 [mem 0x0000000000001000-0x000000003ffdffff]
[    0.019656] On node 0, zone DMA: 1 pages in unavailable ranges
[    0.020157] On node 0, zone DMA: 97 pages in unavailable ranges
[    0.024829] On node 0, zone DMA32: 32 pages in unavailable ranges
[    0.034373] kasan: KernelAddressSanitizer initialized
[    0.034997] ACPI: PM-Timer IO Port: 0x608
[    0.035309] ACPI: LAPIC_NMI (acpi_id[0xff] dfl dfl lint[0x1])
[    0.035765] IOAPIC[0]: apic_id 0, version 17, address 0xfec00000, GSI 0-23
[    0.036284] ACPI: INT_SRC_OVR (bus 0 bus_irq 0 global_irq 2 dfl dfl)
[    0.036773] ACPI: INT_SRC_OVR (bus 0 bus_irq 5 global_irq 5 high level)
[    0.037274] ACPI: INT_SRC_OVR (bus 0 bus_irq 9 global_irq 9 high level)
[    0.037772] ACPI: INT_SRC_OVR (bus 0 bus_irq 10 global_irq 10 high level)
[    0.038283] ACPI: INT_SRC_OVR (bus 0 bus_irq 11 global_irq 11 high level)
[    0.038798] ACPI: Using ACPI (MADT) for SMP configuration information
[    0.039286] ACPI: HPET id: 0x8086a201 base: 0xfed00000
[    0.039678] TSC deadline timer available
[    0.039978] CPU topo: Max. logical packages:   1
[    0.040328] CPU topo: Max. logical dies:       1
[    0.040681] CPU topo: Max. dies per package:   1
[    0.041031] CPU topo: Max. threads per core:   1
[    0.041381] CPU topo: Num. cores per package:    32
[    0.041749] CPU topo: Num. threads per package:  32
[    0.042117] CPU topo: Allowing 32 present CPUs plus 0 hotplug CPUs
[    0.042599] kvm-guest: APIC: eoi() replaced with kvm_guest_apic_eoi_write()
[    0.043132] kvm-guest: KVM setup pv remote TLB flush
[    0.043507] kvm-guest: setup PV sched yield
[    0.043828] PM: hibernation: Registered nosave memory: [mem 0x00000000-0x00000fff]
[    0.044398] PM: hibernation: Registered nosave memory: [mem 0x0009f000-0x0009ffff]
[    0.044969] PM: hibernation: Registered nosave memory: [mem 0x000a0000-0x000effff]
[    0.045536] PM: hibernation: Registered nosave memory: [mem 0x000f0000-0x000fffff]
[    0.046105] [mem 0x40000000-0xfeffbfff] available for PCI devices
[    0.046601] Booting paravirtualized kernel on KVM
[    0.046956] clocksource: refined-jiffies: mask: 0xffffffff max_cycles: 0xffffffff, max_idle_ns: 1910969940391419 ns
[    0.055861] setup_percpu: NR_CPUS:64 nr_cpumask_bits:32 nr_cpu_ids:32 nr_node_ids:1
[    0.057696] percpu: Embedded 70 pages/cpu s248616 r8192 d29912 u524288
[    0.058248] Kernel command line: virtme_hostname=virtme-ng nr_open=1048576 virtme_link_mods=/nipa-data/kernel/.virtme_mods/lib/modules/0.0.0 virtme_initmount0=nipa-data/kernel virtme_rw_overlay0=/etc virtme_rw_overlay1=/lib virtme_rw_overlay2=/home virtme_rw_overlay3=/opt virtme_rw_overlay4=/srv virtme_rw_overlay5=/usr virtme_rw_overlay6=/var console=hvc0 earlyprintk=serial,ttyS0,115200 virtme_console=ttyS0 psmouse.proto=exps TERM=xterm virtme_chdir=nipa-data/kernel virtme_root_user=1 rootfstype=9p rootflags=version=9p2000.L,trans=virtio,access=any raid=noautodetect ro init=/usr/lib/python3.12/site-packages/virtme/guest/virtme-init
[    0.062679] Unknown kernel command line parameters "virtme_hostname=virtme-ng nr_open=1048576 virtme_link_mods=/nipa-data/kernel/.virtme_mods/lib/modules/0.0.0 virtme_initmount0=nipa-data/kernel virtme_rw_overlay0=/etc virtme_rw_overlay1=/lib virtme_rw_overlay2=/home virtme_rw_overlay3=/opt virtme_rw_overlay4=/srv virtme_rw_overlay5=/usr virtme_rw_overlay6=/var virtme_console=ttyS0 virtme_chdir=nipa-data/kernel virtme_root_user=1", will be passed to user space.
[    0.066035] random: crng init done
[    0.066331] Dentry cache hash table entries: 131072 (order: 8, 1048576 bytes, linear)
[    0.066958] Inode-cache hash table entries: 65536 (order: 7, 524288 bytes, linear)
[    0.067999] Fallback order for Node 0: 0 
[    0.068003] Built 1 zonelists, mobility grouping on.  Total pages: 257760
[    0.068839] Policy zone: DMA32
[    0.069075] mem auto-init: stack:all(zero), heap alloc:off, heap free:off
[    0.069600] stackdepot: allocating hash table via alloc_large_system_hash
[    0.070122] stackdepot hash table entries: 1048576 (order: 12, 16777216 bytes, linear)
[    0.078160] Memory: 781032K/1048056K available (43008K kernel code, 11129K rwdata, 9744K rodata, 5844K init, 2388K bss, 266768K reserved, 0K cma-reserved)
[    0.079419] SLUB: HWalign=64, Order=0-3, MinObjects=0, CPUs=32, Nodes=1
Poking KASLR using RDRAND RDTSC...
[    0.080239] ftrace: allocating 47719 entries in 187 pages
[    0.089058] ftrace: allocated 187 pages with 6 groups
[    0.090306] Dynamic Preempt: voluntary
[    0.091081] rcu: Preemptible hierarchical RCU implementation.
[    0.091527] rcu: RCU event tracing is enabled.
[    0.091877] rcu: RCU restricting CPUs from NR_CPUS=64 to nr_cpu_ids=32.
[    0.092397] Trampoline variant of Tasks RCU enabled.
[    0.092791] Rude variant of Tasks RCU enabled.
[    0.093141] Tracing variant of Tasks RCU enabled.
[    0.093511] rcu: RCU calculated value of scheduler-enlistment delay is 100 jiffies.
[    0.094103] rcu: Adjusting geometry for rcu_fanout_leaf=16, nr_cpu_ids=32
[    0.094667] RCU Tasks: Setting shift to 5 and lim to 1 rcu_task_cb_adjust=1.
[    0.095212] RCU Tasks Rude: Setting shift to 5 and lim to 1 rcu_task_cb_adjust=1.
[    0.095791] RCU Tasks Trace: Setting shift to 5 and lim to 1 rcu_task_cb_adjust=1.
[    0.104609] NR_IRQS: 4352, nr_irqs: 680, preallocated irqs: 16
[    0.105324] rcu: srcu_init: Setting srcu_struct sizes based on contention.
[    0.106071] Console: colour *CGA 80x25
[    0.106383] ACPI: Core revision 20230628
[    0.106838] clocksource: hpet: mask: 0xffffffff max_cycles: 0xffffffff, max_idle_ns: 19112604467 ns
[    0.107601] APIC: Switch to symmetric I/O mode setup
[    0.107984] APIC: Switched APIC routing to: physical flat
[    0.108398] kvm-guest: APIC: send_IPI_mask() replaced with kvm_send_ipi_mask()
[    0.108949] kvm-guest: APIC: send_IPI_mask_allbutself() replaced with kvm_send_ipi_mask_allbutself()
[    0.109656] kvm-guest: setup PV IPIs
[    0.110811] ..TIMER: vector=0x30 apic1=0 pin1=2 apic2=-1 pin2=-1
[    0.111645] tsc: Marking TSC unstable due to TSCs unsynchronized
[    0.112445] Calibrating delay loop (skipped) preset value.. 8983.11 BogoMIPS (lpj=4491556)
[    0.114498] x86/cpu: User Mode Instruction Prevention (UMIP) activated
[    0.115428] Last level iTLB entries: 4KB 512, 2MB 255, 4MB 127
[    0.115444] Last level dTLB entries: 4KB 512, 2MB 255, 4MB 127, 1GB 0
[    0.116449] Spectre V1 : Mitigation: usercopy/swapgs barriers and __user pointer sanitization
[    0.117448] Spectre V2 : Mitigation: Enhanced / Automatic IBRS
[    0.118444] Spectre V2 : Spectre v2 / SpectreRSB mitigation: Filling RSB on context switch
[    0.119445] Spectre V2 : mitigation: Enabling conditional Indirect Branch Prediction Barrier
[    0.120446] Speculative Store Bypass: Mitigation: Speculative Store Bypass disabled via prctl
[    0.121444] Speculative Return Stack Overflow: IBPB-extending microcode not applied!
[    0.122444] Speculative Return Stack Overflow: WARNING: See https://kernel.org/doc/html/latest/admin-guide/hw-vuln/srso.html for mitigation options.
[    0.122445] Speculative Return Stack Overflow: Vulnerable: Safe RET, no microcode
[    0.124461] x86/fpu: Supporting XSAVE feature 0x001: 'x87 floating point registers'
[    0.125444] x86/fpu: Supporting XSAVE feature 0x002: 'SSE registers'
[    0.126444] x86/fpu: Supporting XSAVE feature 0x004: 'AVX registers'
[    0.127444] x86/fpu: Supporting XSAVE feature 0x020: 'AVX-512 opmask'
[    0.128444] x86/fpu: Supporting XSAVE feature 0x040: 'AVX-512 Hi256'
[    0.129443] x86/fpu: Supporting XSAVE feature 0x080: 'AVX-512 ZMM_Hi256'
[    0.130444] x86/fpu: Supporting XSAVE feature 0x200: 'Protection Keys User registers'
[    0.131444] x86/fpu: xstate_offset[2]:  576, xstate_sizes[2]:  256
[    0.132444] x86/fpu: xstate_offset[5]:  832, xstate_sizes[5]:   64
[    0.133254] x86/fpu: xstate_offset[6]:  896, xstate_sizes[6]:  512
[    0.133444] x86/fpu: xstate_offset[7]: 1408, xstate_sizes[7]: 1024
[    0.134444] x86/fpu: xstate_offset[9]: 2432, xstate_sizes[9]:    8
[    0.135444] x86/fpu: Enabled xstate features 0x2e7, context size is 2440 bytes, using 'compacted' format.
[    0.158119] Freeing SMP alternatives memory: 40K
[    0.158445] pid_max: default: 32768 minimum: 301
[    0.159497] Mount-cache hash table entries: 2048 (order: 2, 16384 bytes, linear)
[    0.160445] Mountpoint-cache hash table entries: 2048 (order: 2, 16384 bytes, linear)
[    0.162098] smpboot: CPU0: AMD Ryzen 9 7950X 16-Core Processor (family: 0x19, model: 0x61, stepping: 0x2)
[    0.162904] Performance Events: Fam17h+ core perfctr, AMD PMU driver.
[    0.163448] ... version:                0
[    0.163973] ... bit width:              48
[    0.164446] ... generic registers:      6
[    0.164970] ... value mask:             0000ffffffffffff
[    0.165445] ... max period:             00007fffffffffff
[    0.166139] ... fixed-purpose events:   0
[    0.166445] ... event mask:             000000000000003f
[    0.167264] signal: max sigframe size: 3376
[    0.167492] rcu: Hierarchical SRCU implementation.
[    0.168120] rcu: Max phase no-delay instances is 400.
[    0.172624] smp: Bringing up secondary CPUs ...
[    0.173406] smpboot: x86: Booting SMP configuration:
[    0.173447] .... node  #0, CPUs:        #1  #2  #3  #4  #5  #6  #7  #8  #9 #10 #11 #12 #13 #14 #15 #16 #17 #18 #19 #20 #21 #22 #23 #24 #25 #26 #27 #28 #29 #30 #31
[    0.198528] smp: Brought up 1 node, 32 CPUs
[    0.200007] smpboot: Total of 32 processors activated (287459.58 BogoMIPS)
[    0.206703] devtmpfs: initialized
[    0.207627] x86/mm: Memory block size: 128MB
[    0.214706] clocksource: jiffies: mask: 0xffffffff max_cycles: 0xffffffff, max_idle_ns: 1911260446275000 ns
[    0.215522] futex hash table entries: 8192 (order: 7, 524288 bytes, linear)
[    0.216776] PM: RTC time: 00:27:11, date: 2024-04-28
[    0.218317] NET: Registered PF_NETLINK/PF_ROUTE protocol family
[    0.219357] thermal_sys: Registered thermal governor 'step_wise'
[    0.219359] thermal_sys: Registered thermal governor 'user_space'
[    0.219476] cpuidle: using governor menu
[    0.221913] PCI: Using configuration type 1 for base access
[    0.222446] PCI: Using configuration type 1 for extended access
[    0.223369] kprobes: kprobe jump-optimization is enabled. All kprobes are optimized if possible.
[    0.239811] HugeTLB: registered 1.00 GiB page size, pre-allocated 0 pages
[    0.240448] HugeTLB: 16380 KiB vmemmap can be freed for a 1.00 GiB page
[    0.241447] HugeTLB: registered 2.00 MiB page size, pre-allocated 0 pages
[    0.242446] HugeTLB: 28 KiB vmemmap can be freed for a 2.00 MiB page
[    0.244455] Demotion targets for Node 0: null
[    0.245827] ACPI: Added _OSI(Module Device)
[    0.246447] ACPI: Added _OSI(Processor Device)
[    0.247014] ACPI: Added _OSI(3.0 _SCP Extensions)
[    0.247446] ACPI: Added _OSI(Processor Aggregator Device)
[    0.271430] ACPI: 1 ACPI AML tables successfully acquired and loaded
[    0.274647] ACPI: _OSC evaluation for CPUs failed, trying _PDC
[    0.277907] ACPI: Interpreter enabled
[    0.278527] ACPI: PM: (supports S0 S3 S4 S5)
[    0.279224] ACPI: Using IOAPIC for interrupt routing
[    0.279512] PCI: Using host bridge windows from ACPI; if necessary, use "pci=nocrs" and report a bug
[    0.281446] PCI: Using E820 reservations for host bridge windows
[    0.283884] ACPI: Enabled 2 GPEs in block 00 to 0F
[    0.347811] ACPI: PCI Root Bridge [PCI0] (domain 0000 [bus 00-ff])
[    0.349465] acpi PNP0A03:00: _OSC: OS supports [ExtendedConfig ASPM ClockPM Segments MSI HPX-Type3]
[    0.351120] PCI host bridge to bus 0000:00
[    0.351451] pci_bus 0000:00: root bus resource [io  0x0000-0x0cf7 window]
[    0.352449] pci_bus 0000:00: root bus resource [io  0x0d00-0xffff window]
[    0.354450] pci_bus 0000:00: root bus resource [mem 0x000a0000-0x000bffff window]
[    0.355449] pci_bus 0000:00: root bus resource [mem 0x40000000-0xfebfffff window]
[    0.356449] pci_bus 0000:00: root bus resource [mem 0x100000000-0x17fffffff window]
[    0.357450] pci_bus 0000:00: root bus resource [bus 00-ff]
[    0.358532] pci 0000:00:00.0: [8086:1237] type 00 class 0x060000 conventional PCI endpoint
[    0.361596] pci 0000:00:01.0: [8086:7000] type 00 class 0x060100 conventional PCI endpoint
[    0.363635] pci 0000:00:01.1: [8086:7010] type 00 class 0x010180 conventional PCI endpoint
[    0.368813] pci 0000:00:01.1: BAR 4 [io  0xc0c0-0xc0cf]
[    0.370829] pci 0000:00:01.1: BAR 0 [io  0x01f0-0x01f7]: legacy IDE quirk
[    0.372447] pci 0000:00:01.1: BAR 1 [io  0x03f6]: legacy IDE quirk
[    0.373443] pci 0000:00:01.1: BAR 2 [io  0x0170-0x0177]: legacy IDE quirk
[    0.374446] pci 0000:00:01.1: BAR 3 [io  0x0376]: legacy IDE quirk
[    0.376487] pci 0000:00:01.3: [8086:7113] type 00 class 0x068000 conventional PCI endpoint
[    0.378773] pci 0000:00:01.3: quirk: [io  0x0600-0x063f] claimed by PIIX4 ACPI
[    0.379451] pci 0000:00:01.3: quirk: [io  0x0700-0x070f] claimed by PIIX4 SMB
[    0.381424] pci 0000:00:02.0: [1af4:1009] type 00 class 0x000200 conventional PCI endpoint
[    0.385447] pci 0000:00:02.0: BAR 0 [io  0xc000-0xc03f]
[    0.387447] pci 0000:00:02.0: BAR 1 [mem 0xfebfc000-0xfebfcfff]
[    0.394447] pci 0000:00:02.0: BAR 4 [mem 0xfebf0000-0xfebf3fff 64bit pref]
[    0.414910] pci 0000:00:03.0: [1af4:1009] type 00 class 0x000200 conventional PCI endpoint
[    0.418447] pci 0000:00:03.0: BAR 0 [io  0xc040-0xc07f]
[    0.422447] pci 0000:00:03.0: BAR 1 [mem 0xfebfd000-0xfebfdfff]
[    0.428447] pci 0000:00:03.0: BAR 4 [mem 0xfebf4000-0xfebf7fff 64bit pref]
[    0.448802] pci 0000:00:04.0: [8086:25ab] type 00 class 0x088000 conventional PCI endpoint
[    0.451228] pci 0000:00:04.0: BAR 0 [mem 0xfebfe000-0xfebfe00f]
[    0.470725] pci 0000:00:05.0: [1af4:1003] type 00 class 0x078000 conventional PCI endpoint
[    0.474447] pci 0000:00:05.0: BAR 0 [io  0xc080-0xc0bf]
[    0.477447] pci 0000:00:05.0: BAR 1 [mem 0xfebff000-0xfebfffff]
[    0.485351] pci 0000:00:05.0: BAR 4 [mem 0xfebf8000-0xfebfbfff 64bit pref]
[    0.502206] ACPI: PCI: Interrupt link LNKA configured for IRQ 10
[    0.504377] ACPI: PCI: Interrupt link LNKB configured for IRQ 10
[    0.505361] ACPI: PCI: Interrupt link LNKC configured for IRQ 11
[    0.507355] ACPI: PCI: Interrupt link LNKD configured for IRQ 11
[    0.508840] ACPI: PCI: Interrupt link LNKS configured for IRQ 9
[    0.527772] iommu: Default domain type: Translated
[    0.528384] iommu: DMA domain TLB invalidation policy: lazy mode
[    0.529903] SCSI subsystem initialized
[    0.530668] pps_core: LinuxPPS API ver. 1 registered
[    0.531296] pps_core: Software ver. 5.3.6 - Copyright 2005-2007 Rodolfo Giometti <giometti@linux.it>
[    0.532460] PTP clock support registered
[    0.533049] Advanced Linux Sound Architecture Driver Initialized.
[    0.534557] NET: Registered PF_ATMPVC protocol family
[    0.535203] NET: Registered PF_ATMSVC protocol family
[    0.536470] PCI: Using ACPI for IRQ routing
[    0.537151] vgaarb: loaded
[    0.537567] hpet0: at MMIO 0xfed00000, IRQs 2, 8, 0
[    0.538201] hpet0: 3 comparators, 64-bit 100.000000 MHz counter
[    0.544663] clocksource: Switched to clocksource kvm-clock
[    0.545627] VFS: Disk quotas dquot_6.6.0
[    0.545627] VFS: Dquot-cache hash table entries: 512 (order 0, 4096 bytes)
[    0.547441] pnp: PnP ACPI init
[    0.553919] pnp: PnP ACPI: found 5 devices
[    0.567032] clocksource: acpi_pm: mask: 0xffffff max_cycles: 0xffffff, max_idle_ns: 2085701024 ns
[    0.568268] NET: Registered PF_INET protocol family
[    0.568943] IP idents hash table entries: 16384 (order: 5, 131072 bytes, linear)
[    0.570274] tcp_listen_portaddr_hash hash table entries: 512 (order: 1, 8192 bytes, linear)
[    0.571346] Table-perturb hash table entries: 65536 (order: 6, 262144 bytes, linear)
[    0.572352] TCP established hash table entries: 8192 (order: 4, 65536 bytes, linear)
[    0.573348] TCP bind hash table entries: 8192 (order: 6, 262144 bytes, linear)
[    0.574276] TCP: Hash tables configured (established 8192 bind 8192)
[    0.575330] UDP hash table entries: 512 (order: 2, 16384 bytes, linear)
[    0.576223] UDP-Lite hash table entries: 512 (order: 2, 16384 bytes, linear)
[    0.577338] NET: Registered PF_UNIX/PF_LOCAL protocol family
[    0.578078] pci_bus 0000:00: resource 4 [io  0x0000-0x0cf7 window]
[    0.578864] pci_bus 0000:00: resource 5 [io  0x0d00-0xffff window]
[    0.579654] pci_bus 0000:00: resource 6 [mem 0x000a0000-0x000bffff window]
[    0.580521] pci_bus 0000:00: resource 7 [mem 0x40000000-0xfebfffff window]
[    0.581393] pci_bus 0000:00: resource 8 [mem 0x100000000-0x17fffffff window]
[    0.582488] pci 0000:00:01.0: PIIX3: Enabling Passive Release
[    0.583225] pci 0000:00:00.0: Limiting direct PCI/PCI transfers
[    0.584023] PCI: CLS 0 bytes, default 64
[    0.584721] kvm_intel: VMX not supported by CPU 29
[    0.585357] kvm_amd: TSC scaling supported
[    0.585883] kvm_amd: Nested Virtualization enabled
[    0.586488] kvm_amd: Nested Paging enabled
[    0.587027] kvm_amd: Virtual VMLOAD VMSAVE supported
[    0.587669] kvm_amd: Virtual GIF supported
[    0.588190] kvm_amd: Virtual NMI enabled
[    0.588692] kvm_amd: LBR virtualization supported
[    0.698386] Initialise system trusted keyrings
[    0.699126] workingset: timestamp_bits=56 max_order=18 bucket_order=0
[    0.700090] squashfs: version 4.0 (2009/01/31) Phillip Lougher
[    0.700870] fuse: init (API version 7.40)
[    0.701521] 9p: Installing v9fs 9p2000 file system support
[    0.711340] Key type asymmetric registered
[    0.711870] Asymmetric key parser 'x509' registered
[    0.712551] Block layer SCSI generic (bsg) driver version 0.4 loaded (major 249)
[    0.713525] io scheduler mq-deadline registered
[    0.714104] io scheduler kyber registered
[    0.716079] input: Power Button as /devices/LNXSYSTM:00/LNXPWRBN:00/input/input0
[    0.717254] ACPI: button: Power Button [PWRF]
[    0.717935] Warning: Processor Platform Limit event detected, but not handled.
[    0.718870] Consider compiling CPUfreq support into your kernel.
[    1.590775] ACPI: \_SB_.LNKB: Enabled at IRQ 10
[    2.456102] ACPI: \_SB_.LNKC: Enabled at IRQ 11
[    3.288515] ACPI: \_SB_.LNKA: Enabled at IRQ 10
[    3.290075] Serial: 8250/16550 driver, 4 ports, IRQ sharing enabled
[    3.291225] 00:03: ttyS0 at I/O 0x3f8 (irq = 4, base_baud = 115200) is a 16550A
[    3.325749] Non-volatile memory driver v1.3
[    3.326323] Linux agpgart interface v0.103
[    3.327002] printk: legacy console [hvc0] enabled
          _      _                                    
   __   _(_)_ __| |_ _ __ ___   ___       _ __   __ _ 
   \ \ / / |  __| __|  _   _ \ / _ \_____|  _ \ / _  |
    \ V /| | |  | |_| | | | | |  __/_____| | | | (_| |
     \_/ |_|_|   \__|_| |_| |_|\___|     |_| |_|\__  |
                                                |___/ 
   kernel version: 6.9.0-rc5-virtme x86_64
   (CTRL+d to exit)

virtme-ng:/nipa-data/kernel# PS1='xx__-> '
xx__-> env
PWD=/nipa-data/kernel
nr_open=1048576
HOME=/root
TERM=xterm
SHLVL=2
XDG_RUNTIME_DIR=/run/user/0
PATH=/bin:/sbin:/usr/bin:/usr/sbin:/usr/local/bin
OLDPWD=/
_=/usr/bin/env
xx__-> 