No EFI environment detected.
early console in extract_kernel
input_data: 0x00000000030612b9
input_len: 0x0000000000b82706
output: 0x0000000001000000
output_len: 0x000000000252f2b4
kernel_total_size: 0x0000000002c30000
needed_size: 0x0000000002e00000
trampoline_32bit: 0x0000000000000000
Physical KASLR using RDRAND RDTSC...
Virtual KASLR using RDRAND RDTSC...

Decompressing Linux... Parsing ELF... Performing relocations... done.
Booting the kernel (entry_offset: 0x0000000000000000).
[    0.000000] Linux version 6.8.0-rc1-virtme (root@032cada12726) (gcc (Alpine 13.2.1_git20231014) 13.2.1 20231014, GNU ld (GNU Binutils) 2.41) #1 SMP PREEMPT_DYNAMIC Mon Jan 29 12:06:41 UTC 2024
[    0.000000] Command line: virtme_hostname=virtme-ng virtme_link_mods=/nipa-data/kernel/.virtme_mods/lib/modules/0.0.0 virtme_initmount0=nipa-data/kernel virtme_rw_overlay0=/etc virtme_rw_overlay1=/lib virtme_rw_overlay2=/home virtme_rw_overlay3=/opt virtme_rw_overlay4=/srv virtme_rw_overlay5=/usr virtme_rw_overlay6=/var earlyprintk=serial,ttyS0,115200 console=ttyS0 psmouse.proto=exps virtme_chdir=nipa-data/kernel virtme_root_user=1 rootfstype=9p rootflags=version=9p2000.L,trans=virtio,access=any raid=noautodetect ro init=/usr/lib/python3.11/site-packages/virtme/guest/virtme-init
[    0.000000] BIOS-provided physical RAM map:
[    0.000000] BIOS-e820: [mem 0x0000000000000000-0x000000000009fbff] usable
[    0.000000] BIOS-e820: [mem 0x000000000009fc00-0x000000000009ffff] reserved
[    0.000000] BIOS-e820: [mem 0x00000000000f0000-0x00000000000fffff] reserved
[    0.000000] BIOS-e820: [mem 0x0000000000100000-0x000000003ffdffff] usable
[    0.000000] BIOS-e820: [mem 0x000000003ffe0000-0x000000003fffffff] reserved
[    0.000000] BIOS-e820: [mem 0x00000000feffc000-0x00000000feffffff] reserved
[    0.000000] BIOS-e820: [mem 0x00000000fffc0000-0x00000000ffffffff] reserved
[    0.000000] BIOS-e820: [mem 0x000000fd00000000-0x000000ffffffffff] reserved
[    0.000000] printk: legacy bootconsole [earlyser0] enabled
[    0.000000] NX (Execute Disable) protection: active
[    0.000000] APIC: Static calls initialized
[    0.000000] SMBIOS 3.0.0 present.
[    0.000000] DMI: QEMU Standard PC (i440FX + PIIX, 1996), BIOS rel-1.16.3-0-ga6ed6b701f0a-prebuilt.qemu.org 04/01/2014
[    0.000000] Hypervisor detected: KVM
[    0.000000] kvm-clock: Using msrs 4b564d01 and 4b564d00
[    0.000000] kvm-clock: using sched offset of 238498433 cycles
[    0.000381] clocksource: kvm-clock: mask: 0xffffffffffffffff max_cycles: 0x1cd42e4dffb, max_idle_ns: 881590591483 ns
[    0.001574] tsc: Detected 4491.536 MHz processor
[    0.002177] last_pfn = 0x3ffe0 max_arch_pfn = 0x400000000
[    0.002594] MTRR map: 4 entries (3 fixed + 1 variable; max 19), built from 8 variable MTRRs
[    0.003202] x86/PAT: Configuration [0-7]: WB  WC  UC- UC  WB  WP  UC- WT  
Memory KASLR using RDRAND RDTSC...
[    0.005231] found SMP MP-table at [mem 0x000f5470-0x000f547f]
[    0.005654] Using GB pages for direct mapping
[    0.006028] ACPI: Early table checksum verification disabled
[    0.006441] ACPI: RSDP 0x00000000000F5290 000014 (v00 BOCHS )
[    0.006861] ACPI: RSDT 0x000000003FFE27B6 000034 (v01 BOCHS  BXPC     00000001 BXPC 00000001)
[    0.007484] ACPI: FACP 0x000000003FFE2572 000074 (v01 BOCHS  BXPC     00000001 BXPC 00000001)
[    0.008106] ACPI: DSDT 0x000000003FFE0040 002532 (v01 BOCHS  BXPC     00000001 BXPC 00000001)
[    0.008727] ACPI: FACS 0x000000003FFE0000 000040
[    0.009064] ACPI: APIC 0x000000003FFE25E6 000170 (v03 BOCHS  BXPC     00000001 BXPC 00000001)
[    0.009685] ACPI: HPET 0x000000003FFE2756 000038 (v01 BOCHS  BXPC     00000001 BXPC 00000001)
[    0.010308] ACPI: WAET 0x000000003FFE278E 000028 (v01 BOCHS  BXPC     00000001 BXPC 00000001)
[    0.010930] ACPI: Reserving FACP table memory at [mem 0x3ffe2572-0x3ffe25e5]
[    0.011441] ACPI: Reserving DSDT table memory at [mem 0x3ffe0040-0x3ffe2571]
[    0.011952] ACPI: Reserving FACS table memory at [mem 0x3ffe0000-0x3ffe003f]
[    0.012463] ACPI: Reserving APIC table memory at [mem 0x3ffe25e6-0x3ffe2755]
[    0.012974] ACPI: Reserving HPET table memory at [mem 0x3ffe2756-0x3ffe278d]
[    0.013522] ACPI: Reserving WAET table memory at [mem 0x3ffe278e-0x3ffe27b5]
[    0.014245] No NUMA configuration found
[    0.014539] Faking a node at [mem 0x0000000000000000-0x000000003ffdffff]
[    0.015025] NODE_DATA(0) allocated [mem 0x3ffdb000-0x3ffdffff]
[    0.015459] Zone ranges:
[    0.015644]   DMA      [mem 0x0000000000001000-0x0000000000ffffff]
[    0.016092]   DMA32    [mem 0x0000000001000000-0x000000003ffdffff]
[    0.016541]   Normal   empty
[    0.016749]   Device   empty
[    0.016958] Movable zone start for each node
[    0.017267] Early memory node ranges
[    0.017526]   node   0: [mem 0x0000000000001000-0x000000000009efff]
[    0.017984]   node   0: [mem 0x0000000000100000-0x000000003ffdffff]
[    0.018438] Initmem setup node 0 [mem 0x0000000000001000-0x000000003ffdffff]
[    0.018952] On node 0, zone DMA: 1 pages in unavailable ranges
[    0.019388] On node 0, zone DMA: 97 pages in unavailable ranges
[    0.020797] On node 0, zone DMA32: 32 pages in unavailable ranges
[    0.021430] ACPI: PM-Timer IO Port: 0x608
[    0.021724] ACPI: LAPIC_NMI (acpi_id[0xff] dfl dfl lint[0x1])
[    0.022163] IOAPIC[0]: apic_id 0, version 17, address 0xfec00000, GSI 0-23
[    0.022664] ACPI: INT_SRC_OVR (bus 0 bus_irq 0 global_irq 2 dfl dfl)
[    0.023126] ACPI: INT_SRC_OVR (bus 0 bus_irq 5 global_irq 5 high level)
[    0.023605] ACPI: INT_SRC_OVR (bus 0 bus_irq 9 global_irq 9 high level)
[    0.024085] ACPI: INT_SRC_OVR (bus 0 bus_irq 10 global_irq 10 high level)
[    0.024576] ACPI: INT_SRC_OVR (bus 0 bus_irq 11 global_irq 11 high level)
[    0.025069] ACPI: Using ACPI (MADT) for SMP configuration information
[    0.025535] ACPI: HPET id: 0x8086a201 base: 0xfed00000
[    0.025911] TSC deadline timer available
[    0.026196] smpboot: Allowing 32 CPUs, 0 hotplug CPUs
[    0.026576] kvm-guest: APIC: eoi() replaced with kvm_guest_apic_eoi_write()
[    0.027095] kvm-guest: KVM setup pv remote TLB flush
[    0.027458] kvm-guest: setup PV sched yield
[    0.027768] PM: hibernation: Registered nosave memory: [mem 0x00000000-0x00000fff]
[    0.028320] PM: hibernation: Registered nosave memory: [mem 0x0009f000-0x0009ffff]
[    0.028873] PM: hibernation: Registered nosave memory: [mem 0x000a0000-0x000effff]
[    0.029443] PM: hibernation: Registered nosave memory: [mem 0x000f0000-0x000fffff]
[    0.030120] [mem 0x40000000-0xfeffbfff] available for PCI devices
[    0.030660] Booting paravirtualized kernel on KVM
[    0.031075] clocksource: refined-jiffies: mask: 0xffffffff max_cycles: 0xffffffff, max_idle_ns: 1910969940391419 ns
[    0.034766] setup_percpu: NR_CPUS:64 nr_cpumask_bits:32 nr_cpu_ids:32 nr_node_ids:1
[    0.035947] percpu: Embedded 58 pages/cpu s199840 r8192 d29536 u262144
[    0.036467] Kernel command line: virtme_hostname=virtme-ng virtme_link_mods=/nipa-data/kernel/.virtme_mods/lib/modules/0.0.0 virtme_initmount0=nipa-data/kernel virtme_rw_overlay0=/etc virtme_rw_overlay1=/lib virtme_rw_overlay2=/home virtme_rw_overlay3=/opt virtme_rw_overlay4=/srv virtme_rw_overlay5=/usr virtme_rw_overlay6=/var earlyprintk=serial,ttyS0,115200 console=ttyS0 psmouse.proto=exps virtme_chdir=nipa-data/kernel virtme_root_user=1 rootfstype=9p rootflags=version=9p2000.L,trans=virtio,access=any raid=noautodetect ro init=/usr/lib/python3.11/site-packages/virtme/guest/virtme-init
[    0.040480] Unknown kernel command line parameters "virtme_hostname=virtme-ng virtme_link_mods=/nipa-data/kernel/.virtme_mods/lib/modules/0.0.0 virtme_initmount0=nipa-data/kernel virtme_rw_overlay0=/etc virtme_rw_overlay1=/lib virtme_rw_overlay2=/home virtme_rw_overlay3=/opt virtme_rw_overlay4=/srv virtme_rw_overlay5=/usr virtme_rw_overlay6=/var virtme_chdir=nipa-data/kernel virtme_root_user=1", will be passed to user space.
[    0.043567] random: crng init done
[    0.043850] Dentry cache hash table entries: 131072 (order: 8, 1048576 bytes, linear)
[    0.044471] Inode-cache hash table entries: 65536 (order: 7, 524288 bytes, linear)
[    0.045135] Fallback order for Node 0: 0 
[    0.045138] Built 1 zonelists, mobility grouping on.  Total pages: 257760
[    0.045968] Policy zone: DMA32
[    0.046197] mem auto-init: stack:all(zero), heap alloc:off, heap free:off
[    0.048241] Memory: 976384K/1048056K available (16384K kernel code, 2556K rwdata, 6072K rodata, 3160K init, 12004K bss, 71412K reserved, 0K cma-reserved)
[    0.049365] SLUB: HWalign=64, Order=0-3, MinObjects=0, CPUs=32, Nodes=1
Poking KASLR using RDRAND RDTSC...
[    0.050150] ftrace: allocating 46544 entries in 182 pages
[    0.057162] ftrace: allocated 182 pages with 5 groups
[    0.058584] Dynamic Preempt: voluntary
[    0.059149] Running RCU self tests
[    0.059460] Running RCU synchronous self tests
[    0.059868] rcu: Preemptible hierarchical RCU implementation.
[    0.060389] rcu: RCU event tracing is enabled.
[    0.060800] rcu: RCU lockdep checking is enabled.
[    0.061233] rcu: RCU restricting CPUs from NR_CPUS=64 to nr_cpu_ids=32.
[    0.061844] Trampoline variant of Tasks RCU enabled.
[    0.062302] Rude variant of Tasks RCU enabled.
[    0.062711] Tracing variant of Tasks RCU enabled.
[    0.063143] rcu: RCU calculated value of scheduler-enlistment delay is 100 jiffies.
[    0.063832] rcu: Adjusting geometry for rcu_fanout_leaf=16, nr_cpu_ids=32
[    0.064478] Running RCU synchronous self tests
[    0.067039] NR_IRQS: 4352, nr_irqs: 680, preallocated irqs: 16
[    0.067777] rcu: srcu_init: Setting srcu_struct sizes based on contention.
[    0.068632] Console: colour *CGA 80x25
[    0.068999] printk: legacy console [ttyS0] enabled
[    0.068999] printk: legacy console [ttyS0] enabled
[    0.069866] printk: legacy bootconsole [earlyser0] disabled
[    0.069866] printk: legacy bootconsole [earlyser0] disabled
[    0.070897] Lock dependency validator: Copyright (c) 2006 Red Hat, Inc., Ingo Molnar
[    0.071599] ... MAX_LOCKDEP_SUBCLASSES:  8
[    0.071977] ... MAX_LOCK_DEPTH:          48
[    0.072357] ... MAX_LOCKDEP_KEYS:        8192
[    0.072754] ... CLASSHASH_SIZE:          4096
[    0.073151] ... MAX_LOCKDEP_ENTRIES:     32768
[    0.073557] ... MAX_LOCKDEP_CHAINS:      65536
[    0.073965] ... CHAINHASH_SIZE:          32768
[    0.074367]  memory used by lock dependency info: 6429 kB
[    0.074859]  memory used for stack traces: 4224 kB
[    0.075289]  per task-struct memory footprint: 1920 bytes
[    0.075794] ACPI: Core revision 20230628
[    0.076271] clocksource: hpet: mask: 0xffffffff max_cycles: 0xffffffff, max_idle_ns: 19112604467 ns
[    0.077211] APIC: Switch to symmetric I/O mode setup
[    0.077676] APIC: Switched APIC routing to: physical flat
[    0.078205] kvm-guest: APIC: send_IPI_mask() replaced with kvm_send_ipi_mask()
[    0.078857] kvm-guest: APIC: send_IPI_mask_allbutself() replaced with kvm_send_ipi_mask_allbutself()
[    0.079666] kvm-guest: setup PV IPIs
[    0.080959] ..TIMER: vector=0x30 apic1=0 pin1=2 apic2=-1 pin2=-1
[    0.081986] tsc: Marking TSC unstable due to TSCs unsynchronized
[    0.083004] Calibrating delay loop (skipped) preset value.. 8983.07 BogoMIPS (lpj=4491536)
[    0.084067] x86/cpu: User Mode Instruction Prevention (UMIP) activated
[    0.085064] Last level iTLB entries: 4KB 512, 2MB 255, 4MB 127
[    0.085999] Last level dTLB entries: 4KB 512, 2MB 255, 4MB 127, 1GB 0
[    0.087003] Spectre V1 : Mitigation: usercopy/swapgs barriers and __user pointer sanitization
[    0.088003] Spectre V2 : Mitigation: Enhanced / Automatic IBRS
[    0.088999] Spectre V2 : Spectre v2 / SpectreRSB mitigation: Filling RSB on context switch
[    0.090001] Spectre V2 : mitigation: Enabling conditional Indirect Branch Prediction Barrier
[    0.091001] Speculative Store Bypass: Mitigation: Speculative Store Bypass disabled via prctl
[    0.091999] Speculative Return Stack Overflow: IBPB-extending microcode not applied!
[    0.092999] Speculative Return Stack Overflow: WARNING: See https://kernel.org/doc/html/latest/admin-guide/hw-vuln/srso.html for mitigation options.
[    0.093000] Speculative Return Stack Overflow: Vulnerable: Safe RET, no microcode
[    0.095022] x86/fpu: Supporting XSAVE feature 0x001: 'x87 floating point registers'
[    0.095999] x86/fpu: Supporting XSAVE feature 0x002: 'SSE registers'
[    0.096999] x86/fpu: Supporting XSAVE feature 0x004: 'AVX registers'
[    0.098001] x86/fpu: Supporting XSAVE feature 0x020: 'AVX-512 opmask'
[    0.098999] x86/fpu: Supporting XSAVE feature 0x040: 'AVX-512 Hi256'
[    0.099999] x86/fpu: Supporting XSAVE feature 0x080: 'AVX-512 ZMM_Hi256'
[    0.100999] x86/fpu: Supporting XSAVE feature 0x200: 'Protection Keys User registers'
[    0.102001] x86/fpu: xstate_offset[2]:  576, xstate_sizes[2]:  256
[    0.102999] x86/fpu: xstate_offset[5]:  832, xstate_sizes[5]:   64
[    0.103999] x86/fpu: xstate_offset[6]:  896, xstate_sizes[6]:  512
[    0.104999] x86/fpu: xstate_offset[7]: 1408, xstate_sizes[7]: 1024
[    0.105772] x86/fpu: xstate_offset[9]: 2432, xstate_sizes[9]:    8
[    0.105999] x86/fpu: Enabled xstate features 0x2e7, context size is 2440 bytes, using 'compacted' format.
[    0.124948] Freeing SMP alternatives memory: 36K
[    0.125006] pid_max: default: 32768 minimum: 301
[    0.126097] Mount-cache hash table entries: 2048 (order: 2, 16384 bytes, linear)
[    0.127002] Mountpoint-cache hash table entries: 2048 (order: 2, 16384 bytes, linear)
[    0.128650] Running RCU synchronous self tests
[    0.129002] Running RCU synchronous self tests
[    0.130191] smpboot: CPU0: AMD Ryzen 9 7950X 16-Core Processor (family: 0x19, model: 0x61, stepping: 0x2)
[    0.131439] RCU Tasks: Setting shift to 5 and lim to 1 rcu_task_cb_adjust=1.
[    0.132038] RCU Tasks Rude: Setting shift to 5 and lim to 1 rcu_task_cb_adjust=1.
[    0.133047] RCU Tasks Trace: Setting shift to 5 and lim to 1 rcu_task_cb_adjust=1.
[    0.134046] Running RCU Tasks wait API self tests
[    0.239078] Running RCU Tasks Rude wait API self tests
[    0.239856] Running RCU Tasks Trace wait API self tests
[    0.240050] Performance Events: Fam17h+ core perfctr, AMD PMU driver.
[    0.240937] ... version:                0
[    0.241002] ... bit width:              48
[    0.241538] ... generic registers:      6
[    0.242002] ... value mask:             0000ffffffffffff
[    0.242689] ... max period:             00007fffffffffff
[    0.243002] ... fixed-purpose events:   0
[    0.243527] ... event mask:             000000000000003f
[    0.244188] signal: max sigframe size: 3376
[    0.244826] rcu: Hierarchical SRCU implementation.
[    0.245003] rcu: Max phase no-delay instances is 400.
[    0.247460] Callback from call_rcu_tasks_trace() invoked.
[    0.249798] smp: Bringing up secondary CPUs ...
[    0.250301] smpboot: x86: Booting SMP configuration:
[    0.250951] .... node  #0, CPUs:        #1  #2  #3  #4  #5  #6  #7  #8  #9 #10 #11 #12 #13 #14 #15 #16 #17 #18 #19 #20 #21 #22 #23 #24 #25 #26 #27 #28 #29 #30 #31
[    0.275176] smp: Brought up 1 node, 32 CPUs
[    0.276559] smpboot: Max logical packages: 1
[    0.277002] smpboot: Total of 32 processors activated (287458.30 BogoMIPS)
[    0.281277] devtmpfs: initialized
[    0.282126] x86/mm: Memory block size: 128MB
[    0.286199] Running RCU synchronous self tests
[    0.287018] Running RCU synchronous self tests
[    0.288048] clocksource: jiffies: mask: 0xffffffff max_cycles: 0xffffffff, max_idle_ns: 1911260446275000 ns
[    0.289018] futex hash table entries: 8192 (order: 8, 1048576 bytes, linear)
[    0.290585] PM: RTC time: 12:07:14, date: 2024-01-29
[    0.293027] NET: Registered PF_NETLINK/PF_ROUTE protocol family
[    0.294778] thermal_sys: Registered thermal governor 'step_wise'
[    0.294780] thermal_sys: Registered thermal governor 'user_space'
[    0.296058] cpuidle: using governor menu
[    0.299261] PCI: Using configuration type 1 for base access
[    0.300003] PCI: Using configuration type 1 for extended access
[    0.301148] kprobes: kprobe jump-optimization is enabled. All kprobes are optimized if possible.
[    0.311281] HugeTLB: registered 1.00 GiB page size, pre-allocated 0 pages
[    0.312002] HugeTLB: 16380 KiB vmemmap can be freed for a 1.00 GiB page
[    0.312864] HugeTLB: registered 2.00 MiB page size, pre-allocated 0 pages
[    0.314002] HugeTLB: 28 KiB vmemmap can be freed for a 2.00 MiB page
[    0.315214] ACPI: Added _OSI(Module Device)
[    0.316003] ACPI: Added _OSI(Processor Device)
[    0.316575] ACPI: Added _OSI(3.0 _SCP Extensions)
[    0.317002] ACPI: Added _OSI(Processor Aggregator Device)
[    0.319746] ACPI: 1 ACPI AML tables successfully acquired and loaded
[    0.322109] ACPI: _OSC evaluation for CPUs failed, trying _PDC
[    0.323520] ACPI: Interpreter enabled
[    0.324043] ACPI: PM: (supports S0 S3 S4 S5)
[    0.324611] ACPI: Using IOAPIC for interrupt routing
[    0.325020] PCI: Using host bridge windows from ACPI; if necessary, use "pci=nocrs" and report a bug
[    0.326002] PCI: Using E820 reservations for host bridge windows
[    0.327091] ACPI: Enabled 2 GPEs in block 00 to 0F
[    0.336506] ACPI: PCI Root Bridge [PCI0] (domain 0000 [bus 00-ff])
[    0.338005] acpi PNP0A03:00: _OSC: OS supports [ExtendedConfig ASPM ClockPM Segments MSI HPX-Type3]
[    0.339485] PCI host bridge to bus 0000:00
[    0.340002] pci_bus 0000:00: root bus resource [io  0x0000-0x0cf7 window]
[    0.340878] pci_bus 0000:00: root bus resource [io  0x0d00-0xffff window]
[    0.342002] pci_bus 0000:00: root bus resource [mem 0x000a0000-0x000bffff window]
[    0.343060] pci_bus 0000:00: root bus resource [mem 0x40000000-0xfebfffff window]
[    0.344004] pci_bus 0000:00: root bus resource [mem 0x100000000-0x17fffffff window]
[    0.344620] Callback from call_rcu_tasks_rude() invoked.
[    0.345003] pci_bus 0000:00: root bus resource [bus 00-ff]
[    0.346185] pci 0000:00:00.0: [8086:1237] type 00 class 0x060000 conventional PCI endpoint
[    0.347499] pci 0000:00:01.0: [8086:7000] type 00 class 0x060100 conventional PCI endpoint
[    0.349433] pci 0000:00:01.1: [8086:7010] type 00 class 0x010180 conventional PCI endpoint
[    0.353229] pci 0000:00:01.1: BAR 4 [io  0xc080-0xc08f]
[    0.354692] pci 0000:00:01.1: BAR 0 [io  0x01f0-0x01f7]: legacy IDE quirk
[    0.355002] pci 0000:00:01.1: BAR 1 [io  0x03f6]: legacy IDE quirk
[    0.355807] pci 0000:00:01.1: BAR 2 [io  0x0170-0x0177]: legacy IDE quirk
[    0.357002] pci 0000:00:01.1: BAR 3 [io  0x0376]: legacy IDE quirk
[    0.357995] pci 0000:00:01.3: [8086:7113] type 00 class 0x068000 conventional PCI endpoint
[    0.359256] pci 0000:00:01.3: quirk: [io  0x0600-0x063f] claimed by PIIX4 ACPI
[    0.360006] pci 0000:00:01.3: quirk: [io  0x0700-0x070f] claimed by PIIX4 SMB
[    0.362286] pci 0000:00:02.0: [1af4:1009] type 00 class 0x000200 conventional PCI endpoint
[    0.364002] pci 0000:00:02.0: BAR 0 [io  0xc000-0xc03f]
[    0.366624] pci 0000:00:02.0: BAR 1 [mem 0xfebfd000-0xfebfdfff]
[    0.371002] pci 0000:00:02.0: BAR 4 [mem 0xfebf4000-0xfebf7fff 64bit pref]
[    0.374209] pci 0000:00:03.0: [1af4:1009] type 00 class 0x000200 conventional PCI endpoint
[    0.377002] pci 0000:00:03.0: BAR 0 [io  0xc040-0xc07f]
[    0.378617] pci 0000:00:03.0: BAR 1 [mem 0xfebfe000-0xfebfefff]
[    0.383003] pci 0000:00:03.0: BAR 4 [mem 0xfebf8000-0xfebfbfff 64bit pref]
[    0.387132] pci 0000:00:04.0: [8086:25ab] type 00 class 0x088000 conventional PCI endpoint
[    0.388483] pci 0000:00:04.0: BAR 0 [mem 0xfebff000-0xfebff00f]
[    0.392893] ACPI: PCI: Interrupt link LNKA configured for IRQ 10
[    0.395172] ACPI: PCI: Interrupt link LNKB configured for IRQ 10
[    0.396080] ACPI: PCI: Interrupt link LNKC configured for IRQ 11
[    0.396996] ACPI: PCI: Interrupt link LNKD configured for IRQ 11
[    0.397867] ACPI: PCI: Interrupt link LNKS configured for IRQ 9
[    0.400359] iommu: Default domain type: Translated
[    0.400979] iommu: DMA domain TLB invalidation policy: lazy mode
[    0.402292] SCSI subsystem initialized
[    0.403092] pps_core: LinuxPPS API ver. 1 registered
[    0.404003] pps_core: Software ver. 5.3.6 - Copyright 2005-2007 Rodolfo Giometti <giometti@linux.it>
[    0.405006] PTP clock support registered
[    0.406077] Advanced Linux Sound Architecture Driver Initialized.
[    0.406610] NET: Registered PF_ATMPVC protocol family
[    0.408002] NET: Registered PF_ATMSVC protocol family
[    0.408659] PCI: Using ACPI for IRQ routing
[    0.409157] vgaarb: loaded
[    0.410178] hpet0: at MMIO 0xfed00000, IRQs 2, 8, 0
[    0.410184] hpet0: 3 comparators, 64-bit 100.000000 MHz counter
[    0.415110] clocksource: Switched to clocksource kvm-clock
[    0.416412] VFS: Disk quotas dquot_6.6.0
[    0.416946] VFS: Dquot-cache hash table entries: 512 (order 0, 4096 bytes)
[    0.417958] pnp: PnP ACPI init
[    0.418891] pnp: PnP ACPI: found 5 devices
[    0.428053] clocksource: acpi_pm: mask: 0xffffff max_cycles: 0xffffff, max_idle_ns: 2085701024 ns
[    0.429236] NET: Registered PF_INET protocol family
[    0.429935] IP idents hash table entries: 16384 (order: 5, 131072 bytes, linear)
[    0.431162] tcp_listen_portaddr_hash hash table entries: 512 (order: 3, 36864 bytes, linear)
[    0.432267] Table-perturb hash table entries: 65536 (order: 6, 262144 bytes, linear)
[    0.433292] TCP established hash table entries: 8192 (order: 4, 65536 bytes, linear)
[    0.434337] TCP bind hash table entries: 8192 (order: 8, 1179648 bytes, linear)
[    0.435680] TCP: Hash tables configured (established 8192 bind 8192)
[    0.436612] UDP hash table entries: 512 (order: 4, 81920 bytes, linear)
[    0.437504] UDP-Lite hash table entries: 512 (order: 4, 81920 bytes, linear)
[    0.438553] NET: Registered PF_UNIX/PF_LOCAL protocol family
[    0.439305] pci_bus 0000:00: resource 4 [io  0x0000-0x0cf7 window]
[    0.440103] pci_bus 0000:00: resource 5 [io  0x0d00-0xffff window]
[    0.440902] pci_bus 0000:00: resource 6 [mem 0x000a0000-0x000bffff window]
[    0.441795] pci_bus 0000:00: resource 7 [mem 0x40000000-0xfebfffff window]
[    0.442681] pci_bus 0000:00: resource 8 [mem 0x100000000-0x17fffffff window]
[    0.443668] pci 0000:00:01.0: PIIX3: Enabling Passive Release
[    0.444414] pci 0000:00:00.0: Limiting direct PCI/PCI transfers
[    0.445215] PCI: CLS 0 bytes, default 64
[    0.445785] kvm_intel: VMX not supported by CPU 5
[    0.446441] kvm_amd: TSC scaling supported
[    0.446994] kvm_amd: Nested Virtualization enabled
[    0.447618] kvm_amd: Nested Paging enabled
[    0.448180] Callback from call_rcu_tasks() invoked.
[    0.448285] kvm_amd: Virtual VMLOAD VMSAVE supported
[    0.449493] kvm_amd: Virtual GIF supported
[    0.450024] kvm_amd: Virtual NMI enabled
[    0.450528] kvm_amd: LBR virtualization supported
[    0.557281] workingset: timestamp_bits=56 max_order=18 bucket_order=0
[    0.558531] squashfs: version 4.0 (2009/01/31) Phillip Lougher
[    0.559515] fuse: init (API version 7.39)
[    0.560282] 9p: Installing v9fs 9p2000 file system support
[    0.561314] Key type asymmetric registered
[    0.562032] Block layer SCSI generic (bsg) driver version 0.4 loaded (major 249)
[    0.563312] io scheduler mq-deadline registered
[    0.564057] io scheduler kyber registered
[    0.566234] input: Power Button as /devices/LNXSYSTM:00/LNXPWRBN:00/input/input0
[    0.567718] ACPI: button: Power Button [PWRF]
[    0.568544] Warning: Processor Platform Limit event detected, but not handled.
[    0.569737] Consider compiling CPUfreq support into your kernel.
[    0.647719] ACPI: \_SB_.LNKB: Enabled at IRQ 10
[    0.718729] ACPI: \_SB_.LNKC: Enabled at IRQ 11
[    0.720134] Serial: 8250/16550 driver, 4 ports, IRQ sharing enabled
[    0.721330] 00:03: ttyS0 at I/O 0x3f8 (irq = 4, base_baud = 115200) is a 16550A
[    0.723280] Non-volatile memory driver v1.3
[    0.723832] Linux agpgart interface v0.103
[    0.724486] ACPI: bus type drm_connector registered
[    0.737177] loop: module loaded
[    0.738885] scsi host0: ata_piix
[    0.739627] scsi host1: ata_piix
[    0.740116] ata1: PATA max MWDMA2 cmd 0x1f0 ctl 0x3f6 bmdma 0xc080 irq 14 lpm-pol 0
[    0.741106] ata2: PATA max MWDMA2 cmd 0x170 ctl 0x376 bmdma 0xc088 irq 15 lpm-pol 0
[    0.742804] i8042: PNP: PS/2 Controller [PNP0303:KBD,PNP0f13:MOU] at 0x60,0x64 irq 1,12
[    0.744654] serio: i8042 KBD port at 0x60,0x64 irq 1
[    0.745309] serio: i8042 AUX port at 0x60,0x64 irq 12
[    0.746806] input: AT Translated Set 2 keyboard as /devices/platform/i8042/serio0/input/input1
[    0.748481] rtc_cmos 00:04: RTC can wake from S4
[    0.750032] rtc_cmos 00:04: registered as rtc0
[    0.750678] rtc_cmos 00:04: setting system clock to 2024-01-29T12:07:14 UTC (1706530034)
[    0.751813] rtc_cmos 00:04: alarms up to one day, y3k, 242 bytes nvram, hpet irqs
[    0.753437] i6300ESB timer 0000:00:04.0: initialized. heartbeat=30 sec (nowayout=0)
[    0.754768] device-mapper: ioctl: 4.48.0-ioctl (2023-03-01) initialised: dm-devel@redhat.com
[    0.756394] input: ImExPS/2 Generic Explorer Mouse as /devices/platform/i8042/serio1/input/input3
[    0.757910] NET: Registered PF_PACKET protocol family
[    0.758567] 9pnet: Installing 9P2000 support
[    0.760130] Key type dns_resolver registered
[    0.764114] IPI shorthand broadcast: enabled
[    0.772365] sched_clock: Marking stable (761002176, 10598194)->(796070262, -24469892)
[    0.773663] registered taskstats version 1
[    0.778845] PM:   Magic number: 8:485:128
[    0.779374] net dummy0: hash matches
[    0.779882] acpi device:03: hash matches
[    0.780416] printk: legacy console [netcon0] enabled
[    0.781090] netconsole: network logging started
[    0.781869] ALSA device list:
[    0.782267]   No soundcards found.
[    0.894895] ata2: found unknown device (class 0)
[    0.896021] ata2.00: ATAPI: QEMU DVD-ROM, 2.5+, max UDMA/100
[    0.898094] scsi 1:0:0:0: CD-ROM            QEMU     QEMU DVD-ROM     2.5+ PQ: 0 ANSI: 5
[    0.907364] scsi 1:0:0:0: Attached scsi generic sg0 type 5
[    0.908190] md: Skipping autodetection of RAID arrays. (raid=autodetect will force)
[    0.909414] 9pnet_virtio: no channels available for device 
[    0.910968] VFS: Mounted root (9p filesystem) readonly on device 0:19.
[    0.912141] devtmpfs: mounted
[    0.914518] Freeing unused kernel image (initmem) memory: 3160K
[    0.921644] Write protecting the kernel read-only data: 22528k
[    0.922958] Freeing unused kernel image (rodata/data gap) memory: 72K
[    0.958664] x86/mm: Checked W+X mappings: passed, no W+X pages found.
[    0.959586] Run /usr/lib/python3.11/site-packages/virtme/guest/virtme-init as init process
[    0.989119] mount (268) used greatest stack depth: 12984 bytes left
[    1.073481] mount (286) used greatest stack depth: 12584 bytes left
[    1.130858] virtme-init (314) used greatest stack depth: 12072 bytes left
[    1.167694] virtme-init: basic initialization done
[    1.173072] virtme-init: udevd not found
[    1.228474] virtme-init: Setting hostname to virtme-ng...
[    1.241626] ip (360) used greatest stack depth: 12024 bytes left
          _      _                                    
   __   _(_)_ __| |_ _ __ ___   ___       _ __   __ _ 
   \ \ / / |  __| __|  _   _ \ / _ \_____|  _ \ / _  |
    \ V /| | |  | |_| | | | | |  __/_____| | | | (_| |
     \_/ |_|_|   \__|_| |_| |_|\___|     |_| |_|\__  |
                                                |___/ 
   kernel version: 6.8.0-rc1-virtme x86_64

virtme-ng:/nipa-data/kernel# PS1='xx__-> '
xx__-> 