No EFI environment detected.
early console in extract_kernel
input_data: 0x0000000004c8b2c4
input_len: 0x0000000001995eaa
output: 0x0000000001000000
output_len: 0x00000000055aac88
kernel_total_size: 0x0000000005230000
needed_size: 0x0000000005600000
trampoline_32bit: 0x0000000000000000
Physical KASLR using RDRAND RDTSC...
Virtual KASLR using RDRAND RDTSC...

Decompressing Linux... Parsing ELF... Performing relocations... done.
Booting the kernel (entry_offset: 0x0000000002bfacf0).
[    0.000000] Linux version 6.15.0-virtme (root@b5999754602b) (gcc (Ubuntu 13.3.0-6ubuntu2~24.04) 13.3.0, GNU ld (GNU Binutils for Ubuntu) 2.42) #1 SMP PREEMPT_DYNAMIC Wed Jun  4 03:25:52 UTC 2025
[    0.000000] Command line: virtme_hostname=virtme-ng nr_open=1048576 virtme_link_mods=/nipa-data/kernel/.virtme_mods/lib/modules/0.0.0 virtme_initmount0=nipa-data/kernel virtme_rw_overlay0=/etc virtme_rw_overlay1=/lib virtme_rw_overlay2=/home virtme_rw_overlay3=/opt virtme_rw_overlay4=/srv virtme_rw_overlay5=/usr virtme_rw_overlay6=/var console=hvc0 earlyprintk=serial,ttyS0,115200 virtme_console=ttyS0 psmouse.proto=exps TERM=xterm virtme_chdir=nipa-data/kernel virtme_root_user=1 rootfstype=9p rootflags=version=9p2000.L,trans=virtio,access=any raid=noautodetect ro init=/usr/lib/python3/dist-packages/virtme/guest/virtme-init
[    0.000000] BIOS-provided physical RAM map:
[    0.000000] BIOS-e820: [mem 0x0000000000000000-0x000000000009fbff] usable
[    0.000000] BIOS-e820: [mem 0x000000000009fc00-0x000000000009ffff] reserved
[    0.000000] BIOS-e820: [mem 0x00000000000f0000-0x00000000000fffff] reserved
[    0.000000] BIOS-e820: [mem 0x0000000000100000-0x000000003ffdffff] usable
[    0.000000] BIOS-e820: [mem 0x000000003ffe0000-0x000000003fffffff] reserved
[    0.000000] BIOS-e820: [mem 0x00000000feffc000-0x00000000feffffff] reserved
[    0.000000] BIOS-e820: [mem 0x00000000fffc0000-0x00000000ffffffff] reserved
[    0.000000] BIOS-e820: [mem 0x000000fd00000000-0x000000ffffffffff] reserved
[    0.000000] printk: legacy bootconsole [earlyser0] enabled
[    0.000000] NX (Execute Disable) protection: active
[    0.000000] APIC: Static calls initialized
[    0.000000] SMBIOS 3.0.0 present.
[    0.000000] DMI: QEMU Ubuntu 24.04 PC (i440FX + PIIX, 1996), BIOS 1.16.3-debian-1.16.3-2 04/01/2014
[    0.000000] DMI: Memory slots populated: 1/1
[    0.000000] Hypervisor detected: KVM
[    0.000000] kvm-clock: Using msrs 4b564d01 and 4b564d00
[    0.000000] kvm-clock: using sched offset of 298558906 cycles
[    0.000363] clocksource: kvm-clock: mask: 0xffffffffffffffff max_cycles: 0x1cd42e4dffb, max_idle_ns: 881590591483 ns
[    0.001485] tsc: Detected 4491.564 MHz processor
[    0.002138] last_pfn = 0x3ffe0 max_arch_pfn = 0x400000000
[    0.002534] MTRR map: 4 entries (3 fixed + 1 variable; max 19), built from 8 variable MTRRs
[    0.003112] x86/PAT: Configuration [0-7]: WB  WC  UC- UC  WB  WP  UC- WT  
[    0.004996] found SMP MP-table at [mem 0x000f5470-0x000f547f]
[    0.005399] Using GB pages for direct mapping
[    0.005852] ACPI: Early table checksum verification disabled
[    0.006245] ACPI: RSDP 0x00000000000F5290 000014 (v00 BOCHS )
[    0.006644] ACPI: RSDT 0x000000003FFE27BC 000034 (v01 BOCHS  BXPC     00000001 BXPC 00000001)
[    0.007234] ACPI: FACP 0x000000003FFE2578 000074 (v01 BOCHS  BXPC     00000001 BXPC 00000001)
[    0.007827] ACPI: DSDT 0x000000003FFE0040 002538 (v01 BOCHS  BXPC     00000001 BXPC 00000001)
[    0.008416] ACPI: FACS 0x000000003FFE0000 000040
[    0.008736] ACPI: APIC 0x000000003FFE25EC 000170 (v03 BOCHS  BXPC     00000001 BXPC 00000001)
[    0.009325] ACPI: HPET 0x000000003FFE275C 000038 (v01 BOCHS  BXPC     00000001 BXPC 00000001)
[    0.009913] ACPI: WAET 0x000000003FFE2794 000028 (v01 BOCHS  BXPC     00000001 BXPC 00000001)
[    0.010501] ACPI: Reserving FACP table memory at [mem 0x3ffe2578-0x3ffe25eb]
[    0.010987] ACPI: Reserving DSDT table memory at [mem 0x3ffe0040-0x3ffe2577]
[    0.011472] ACPI: Reserving FACS table memory at [mem 0x3ffe0000-0x3ffe003f]
[    0.011960] ACPI: Reserving APIC table memory at [mem 0x3ffe25ec-0x3ffe275b]
[    0.012445] ACPI: Reserving HPET table memory at [mem 0x3ffe275c-0x3ffe2793]
[    0.012930] ACPI: Reserving WAET table memory at [mem 0x3ffe2794-0x3ffe27bb]
[    0.013607] No NUMA configuration found
[    0.013871] Faking a node at [mem 0x0000000000000000-0x000000003ffdffff]
[    0.014334] NODE_DATA(0) allocated [mem 0x3ffdb740-0x3ffdffff]
[    0.014751] Zone ranges:
[    0.014926]   DMA      [mem 0x0000000000001000-0x0000000000ffffff]
[    0.015351]   DMA32    [mem 0x0000000001000000-0x000000003ffdffff]
[    0.015785]   Normal   empty
[    0.015986]   Device   empty
[    0.016186] Movable zone start for each node
[    0.016483] Early memory node ranges
[    0.016730]   node   0: [mem 0x0000000000001000-0x000000000009efff]
[    0.017167]   node   0: [mem 0x0000000000100000-0x000000003ffdffff]
[    0.017598] Initmem setup node 0 [mem 0x0000000000001000-0x000000003ffdffff]
[    0.018087] On node 0, zone DMA: 1 pages in unavailable ranges
[    0.018543] On node 0, zone DMA: 97 pages in unavailable ranges
[    0.023082] On node 0, zone DMA32: 32 pages in unavailable ranges
[    0.032145] kasan: KernelAddressSanitizer initialized
[    0.032719] ACPI: PM-Timer IO Port: 0x608
[    0.033007] ACPI: LAPIC_NMI (acpi_id[0xff] dfl dfl lint[0x1])
[    0.033427] IOAPIC[0]: apic_id 0, version 17, address 0xfec00000, GSI 0-23
[    0.033904] ACPI: INT_SRC_OVR (bus 0 bus_irq 0 global_irq 2 dfl dfl)
[    0.034345] ACPI: INT_SRC_OVR (bus 0 bus_irq 5 global_irq 5 high level)
[    0.034803] ACPI: INT_SRC_OVR (bus 0 bus_irq 9 global_irq 9 high level)
[    0.035263] ACPI: INT_SRC_OVR (bus 0 bus_irq 10 global_irq 10 high level)
[    0.035756] ACPI: INT_SRC_OVR (bus 0 bus_irq 11 global_irq 11 high level)
[    0.036226] ACPI: Using ACPI (MADT) for SMP configuration information
[    0.036670] ACPI: HPET id: 0x8086a201 base: 0xfed00000
[    0.037025] TSC deadline timer available
[    0.037299] CPU topo: Max. logical packages:   1
[    0.037618] CPU topo: Max. logical dies:       1
[    0.037935] CPU topo: Max. dies per package:   1
[    0.038256] CPU topo: Max. threads per core:   1
[    0.038575] CPU topo: Num. cores per package:    32
[    0.038912] CPU topo: Num. threads per package:  32
[    0.039248] CPU topo: Allowing 32 present CPUs plus 0 hotplug CPUs
[    0.039693] kvm-guest: APIC: eoi() replaced with kvm_guest_apic_eoi_write()
[    0.040185] kvm-guest: KVM setup pv remote TLB flush
[    0.040529] kvm-guest: setup PV sched yield
[    0.040823] PM: hibernation: Registered nosave memory: [mem 0x00000000-0x00000fff]
[    0.041346] PM: hibernation: Registered nosave memory: [mem 0x0009f000-0x000fffff]
[    0.041869] [mem 0x40000000-0xfeffbfff] available for PCI devices
[    0.042288] Booting paravirtualized kernel on KVM
[    0.042613] clocksource: refined-jiffies: mask: 0xffffffff max_cycles: 0xffffffff, max_idle_ns: 1910969940391419 ns
[    0.051232] setup_percpu: NR_CPUS:64 nr_cpumask_bits:32 nr_cpu_ids:32 nr_node_ids:1
[    0.053022] percpu: Embedded 65 pages/cpu s229208 r8192 d28840 u524288
[    0.053543] Kernel command line: virtme_hostname=virtme-ng nr_open=1048576 virtme_link_mods=/nipa-data/kernel/.virtme_mods/lib/modules/0.0.0 virtme_initmount0=nipa-data/kernel virtme_rw_overlay0=/etc virtme_rw_overlay1=/lib virtme_rw_overlay2=/home virtme_rw_overlay3=/opt virtme_rw_overlay4=/srv virtme_rw_overlay5=/usr virtme_rw_overlay6=/var console=hvc0 earlyprintk=serial,ttyS0,115200 virtme_console=ttyS0 psmouse.proto=exps TERM=xterm virtme_chdir=nipa-data/kernel virtme_root_user=1 rootfstype=9p rootflags=version=9p2000.L,trans=virtio,access=any raid=noautodetect ro init=/usr/lib/python3/dist-packages/virtme/guest/virtme-init
[    0.057645] Unknown kernel command line parameters "virtme_hostname=virtme-ng nr_open=1048576 virtme_link_mods=/nipa-data/kernel/.virtme_mods/lib/modules/0.0.0 virtme_initmount0=nipa-data/kernel virtme_rw_overlay0=/etc virtme_rw_overlay1=/lib virtme_rw_overlay2=/home virtme_rw_overlay3=/opt virtme_rw_overlay4=/srv virtme_rw_overlay5=/usr virtme_rw_overlay6=/var virtme_console=ttyS0 virtme_chdir=nipa-data/kernel virtme_root_user=1", will be passed to user space.
[    0.060740] random: crng init done
[    0.060983] printk: log buffer data + meta data: 262144 + 917504 = 1179648 bytes
[    0.061540] Dentry cache hash table entries: 131072 (order: 8, 1048576 bytes, linear)
[    0.062200] Inode-cache hash table entries: 65536 (order: 7, 524288 bytes, linear)
[    0.063170] Fallback order for Node 0: 0 
[    0.063174] Built 1 zonelists, mobility grouping on.  Total pages: 262014
[    0.063949] Policy zone: DMA32
[    0.064167] mem auto-init: stack:all(zero), heap alloc:off, heap free:off
[    0.064652] stackdepot: allocating hash table via alloc_large_system_hash
[    0.065141] stackdepot hash table entries: 1048576 (order: 12, 16777216 bytes, linear)
[    0.073191] SLUB: HWalign=64, Order=0-3, MinObjects=0, CPUs=32, Nodes=1
Poking KASLR using RDRAND RDTSC...
[    0.082363] ftrace: allocating 49186 entries in 194 pages
[    0.082744] ftrace: allocated 194 pages with 3 groups
[    0.083969] Dynamic Preempt: voluntary
[    0.084688] rcu: Preemptible hierarchical RCU implementation.
[    0.085097] rcu: RCU event tracing is enabled.
[    0.085416] rcu: RCU restricting CPUs from NR_CPUS=64 to nr_cpu_ids=32.
[    0.085889] Trampoline variant of Tasks RCU enabled.
[    0.086250] Rude variant of Tasks RCU enabled.
[    0.086570] Tracing variant of Tasks RCU enabled.
[    0.086909] rcu: RCU calculated value of scheduler-enlistment delay is 100 jiffies.
[    0.087453] rcu: Adjusting geometry for rcu_fanout_leaf=16, nr_cpu_ids=32
[    0.088005] RCU Tasks: Setting shift to 5 and lim to 1 rcu_task_cb_adjust=1 rcu_task_cpu_ids=32.
[    0.088626] RCU Tasks Rude: Setting shift to 5 and lim to 1 rcu_task_cb_adjust=1 rcu_task_cpu_ids=32.
[    0.089278] RCU Tasks Trace: Setting shift to 5 and lim to 1 rcu_task_cb_adjust=1 rcu_task_cpu_ids=32.
[    0.099179] NR_IRQS: 4352, nr_irqs: 680, preallocated irqs: 16
[    0.099860] rcu: srcu_init: Setting srcu_struct sizes based on contention.
[    0.100737] Console: colour *CGA 80x25
[    0.101036] ACPI: Core revision 20250404
[    0.101465] clocksource: hpet: mask: 0xffffffff max_cycles: 0xffffffff, max_idle_ns: 19112604467 ns
[    0.102176] APIC: Switch to symmetric I/O mode setup
[    0.102665] x2apic enabled
[    0.103039] APIC: Switched APIC routing to: physical x2apic
[    0.103434] kvm-guest: APIC: send_IPI_mask() replaced with kvm_send_ipi_mask()
[    0.103987] kvm-guest: APIC: send_IPI_mask_allbutself() replaced with kvm_send_ipi_mask_allbutself()
[    0.104618] kvm-guest: setup PV IPIs
[    0.105686] ..TIMER: vector=0x30 apic1=0 pin1=2 apic2=-1 pin2=-1
[    0.106456] clocksource: tsc-early: mask: 0xffffffffffffffff max_cycles: 0x40be463295d, max_idle_ns: 440795209293 ns
[    0.107780] Calibrating delay loop (skipped) preset value.. 8983.12 BogoMIPS (lpj=4491564)
[    0.108843] x86/cpu: User Mode Instruction Prevention (UMIP) activated
[    0.109835] Last level iTLB entries: 4KB 512, 2MB 255, 4MB 127
[    0.110778] Last level dTLB entries: 4KB 512, 2MB 255, 4MB 127, 1GB 0
[    0.111788] Speculative Store Bypass: Mitigation: Speculative Store Bypass disabled via prctl
[    0.112779] Speculative Return Stack Overflow: IBPB-extending microcode not applied!
[    0.113778] Speculative Return Stack Overflow: WARNING: See https://kernel.org/doc/html/latest/admin-guide/hw-vuln/srso.html for mitigation options.
[    0.113779] Spectre V2 : Mitigation: Enhanced / Automatic IBRS
[    0.115778] Speculative Return Stack Overflow: Vulnerable: Safe RET, no microcode
[    0.116778] Spectre V1 : Mitigation: usercopy/swapgs barriers and __user pointer sanitization
[    0.117782] Spectre V2 : mitigation: Enabling conditional Indirect Branch Prediction Barrier
[    0.118795] x86/fpu: Supporting XSAVE feature 0x001: 'x87 floating point registers'
[    0.119778] x86/fpu: Supporting XSAVE feature 0x002: 'SSE registers'
[    0.120778] x86/fpu: Supporting XSAVE feature 0x004: 'AVX registers'
[    0.121778] x86/fpu: Supporting XSAVE feature 0x020: 'AVX-512 opmask'
[    0.122551] x86/fpu: Supporting XSAVE feature 0x040: 'AVX-512 Hi256'
[    0.122778] x86/fpu: Supporting XSAVE feature 0x080: 'AVX-512 ZMM_Hi256'
[    0.123778] x86/fpu: Supporting XSAVE feature 0x200: 'Protection Keys User registers'
[    0.124778] x86/fpu: xstate_offset[2]:  576, xstate_sizes[2]:  256
[    0.125778] x86/fpu: xstate_offset[5]:  832, xstate_sizes[5]:   64
[    0.126520] x86/fpu: xstate_offset[6]:  896, xstate_sizes[6]:  512
[    0.126778] x86/fpu: xstate_offset[7]: 1408, xstate_sizes[7]: 1024
[    0.127778] x86/fpu: xstate_offset[9]: 2432, xstate_sizes[9]:    8
[    0.128778] x86/fpu: Enabled xstate features 0x2e7, context size is 2440 bytes, using 'compacted' format.
[    0.151180] Freeing SMP alternatives memory: 40K
[    0.151741] pid_max: default: 32768 minimum: 301
[    0.151903] Mount-cache hash table entries: 2048 (order: 2, 16384 bytes, linear)
[    0.152779] Mountpoint-cache hash table entries: 2048 (order: 2, 16384 bytes, linear)
[    0.154967] smpboot: CPU0: AMD Ryzen 9 7950X 16-Core Processor (family: 0x19, model: 0x61, stepping: 0x2)
[    0.156223] Performance Events: Fam17h+ core perfctr, AMD PMU driver.
[    0.156782] ... version:                0
[    0.157264] ... bit width:              48
[    0.157756] ... generic registers:      6
[    0.157780] ... value mask:             0000ffffffffffff
[    0.158420] ... max period:             00007fffffffffff
[    0.158780] ... fixed-purpose events:   0
[    0.159270] ... event mask:             000000000000003f
[    0.159960] signal: max sigframe size: 3376
[    0.160516] rcu: Hierarchical SRCU implementation.
[    0.160781] rcu: Max phase no-delay instances is 400.
[    0.161483] Timer migration: 2 hierarchy levels; 8 children per group; 2 crossnode level
[    0.165686] smp: Bringing up secondary CPUs ...
[    0.165964] smpboot: x86: Booting SMP configuration:
[    0.166565] .... node  #0, CPUs:        #1  #2  #3  #4  #5  #6  #7  #8  #9 #10 #11 #12 #13 #14 #15 #16 #17 #18 #19 #20 #21 #22 #23 #24 #25 #26 #27 #28 #29 #30 #31
[    0.182875] smp: Brought up 1 node, 32 CPUs
[    0.184290] smpboot: Total of 32 processors activated (287460.09 BogoMIPS)
[    0.187988] Memory: 761592K/1048056K available (45036K kernel code, 11643K rwdata, 10312K rodata, 6184K init, 1196K bss, 270676K reserved, 0K cma-reserved)
[    0.188907] devtmpfs: initialized
[    0.189795] x86/mm: Memory block size: 128MB
[    0.196387] clocksource: jiffies: mask: 0xffffffff max_cycles: 0xffffffff, max_idle_ns: 1911260446275000 ns
[    0.197789] posixtimers hash table entries: 16384 (order: 6, 262144 bytes, linear)
[    0.198793] futex hash table entries: 8192 (524288 bytes on 1 NUMA nodes, total 512 KiB, linear).
[    0.200099] PM: RTC time: 03:26:13, date: 2025-06-04
[    0.201491] NET: Registered PF_NETLINK/PF_ROUTE protocol family
[    0.202649] thermal_sys: Registered thermal governor 'step_wise'
[    0.202678] cpuidle: using governor menu
[    0.204297] PCI: Using configuration type 1 for base access
[    0.204780] PCI: Using configuration type 1 for extended access
[    0.205640] kprobes: kprobe jump-optimization is enabled. All kprobes are optimized if possible.
[    0.221803] HugeTLB: allocation took 0ms with hugepage_allocation_threads=8
[    0.222735] HugeTLB: registered 1.00 GiB page size, pre-allocated 0 pages
[    0.223780] HugeTLB: 16380 KiB vmemmap can be freed for a 1.00 GiB page
[    0.224605] HugeTLB: registered 2.00 MiB page size, pre-allocated 0 pages
[    0.224780] HugeTLB: 28 KiB vmemmap can be freed for a 2.00 MiB page
[    0.226863] ACPI: Added _OSI(Module Device)
[    0.227392] ACPI: Added _OSI(Processor Device)
[    0.227780] ACPI: Added _OSI(Processor Aggregator Device)
[    0.253194] ACPI: 1 ACPI AML tables successfully acquired and loaded
[    0.258789] ACPI: Interpreter enabled
[    0.259315] ACPI: PM: (supports S0 S3 S4 S5)
[    0.259780] ACPI: Using IOAPIC for interrupt routing
[    0.260452] PCI: Using host bridge windows from ACPI; if necessary, use "pci=nocrs" and report a bug
[    0.261780] PCI: Using E820 reservations for host bridge windows
[    0.263650] ACPI: Enabled 2 GPEs in block 00 to 0F
[    0.313692] ACPI: PCI Root Bridge [PCI0] (domain 0000 [bus 00-ff])
[    0.314795] acpi PNP0A03:00: _OSC: OS supports [ExtendedConfig ASPM ClockPM Segments MSI HPX-Type3]
[    0.316305] PCI host bridge to bus 0000:00
[    0.316837] pci_bus 0000:00: root bus resource [io  0x0000-0x0cf7 window]
[    0.317681] pci_bus 0000:00: root bus resource [io  0x0d00-0xffff window]
[    0.318785] pci_bus 0000:00: root bus resource [mem 0x000a0000-0x000bffff window]
[    0.319715] pci_bus 0000:00: root bus resource [mem 0x40000000-0xfebfffff window]
[    0.320783] pci_bus 0000:00: root bus resource [mem 0x100000000-0x17fffffff window]
[    0.321739] pci_bus 0000:00: root bus resource [bus 00-ff]
[    0.321877] pci 0000:00:00.0: [8086:1237] type 00 class 0x060000 conventional PCI endpoint
[    0.323715] pci 0000:00:01.0: [8086:7000] type 00 class 0x060100 conventional PCI endpoint
[    0.325692] pci 0000:00:01.1: [8086:7010] type 00 class 0x010180 conventional PCI endpoint
[    0.327236] pci 0000:00:01.1: BAR 4 [io  0xc0c0-0xc0cf]
[    0.327799] pci 0000:00:01.1: BAR 0 [io  0x01f0-0x01f7]: legacy IDE quirk
[    0.328642] pci 0000:00:01.1: BAR 1 [io  0x03f6]: legacy IDE quirk
[    0.329780] pci 0000:00:01.1: BAR 2 [io  0x0170-0x0177]: legacy IDE quirk
[    0.330630] pci 0000:00:01.1: BAR 3 [io  0x0376]: legacy IDE quirk
[    0.332511] pci 0000:00:01.3: [8086:7113] type 00 class 0x068000 conventional PCI endpoint
[    0.333000] pci 0000:00:01.3: quirk: [io  0x0600-0x063f] claimed by PIIX4 ACPI
[    0.334784] pci 0000:00:01.3: quirk: [io  0x0700-0x070f] claimed by PIIX4 SMB
[    0.336461] pci 0000:00:02.0: [1af4:1009] type 00 class 0x000200 conventional PCI endpoint
[    0.337785] pci 0000:00:02.0: BAR 0 [io  0xc000-0xc03f]
[    0.338446] pci 0000:00:02.0: BAR 1 [mem 0xfebfc000-0xfebfcfff]
[    0.339795] pci 0000:00:02.0: BAR 4 [mem 0xfebf0000-0xfebf3fff 64bit pref]
[    0.352798] pci 0000:00:03.0: [1af4:1009] type 00 class 0x000200 conventional PCI endpoint
[    0.354787] pci 0000:00:03.0: BAR 0 [io  0xc040-0xc07f]
[    0.355442] pci 0000:00:03.0: BAR 1 [mem 0xfebfd000-0xfebfdfff]
[    0.355795] pci 0000:00:03.0: BAR 4 [mem 0xfebf4000-0xfebf7fff 64bit pref]
[    0.368719] pci 0000:00:04.0: [8086:25ab] type 00 class 0x088000 conventional PCI endpoint
[    0.370127] pci 0000:00:04.0: BAR 0 [mem 0xfebfe000-0xfebfe00f]
[    0.382713] pci 0000:00:05.0: [1af4:1003] type 00 class 0x078000 conventional PCI endpoint
[    0.384505] pci 0000:00:05.0: BAR 0 [io  0xc080-0xc0bf]
[    0.385785] pci 0000:00:05.0: BAR 1 [mem 0xfebff000-0xfebfffff]
[    0.386538] pci 0000:00:05.0: BAR 4 [mem 0xfebf8000-0xfebfbfff 64bit pref]
[    0.401320] ACPI: PCI: Interrupt link LNKA configured for IRQ 10
[    0.403775] ACPI: PCI: Interrupt link LNKB configured for IRQ 10
[    0.405508] ACPI: PCI: Interrupt link LNKC configured for IRQ 11
[    0.406750] ACPI: PCI: Interrupt link LNKD configured for IRQ 11
[    0.408184] ACPI: PCI: Interrupt link LNKS configured for IRQ 9
[    0.428229] iommu: Default domain type: Translated
[    0.428781] iommu: DMA domain TLB invalidation policy: lazy mode
[    0.431789] SCSI subsystem initialized
[    0.433019] pps_core: LinuxPPS API ver. 1 registered
[    0.433019] pps_core: Software ver. 5.3.6 - Copyright 2005-2007 Rodolfo Giometti <giometti@linux.it>
[    0.434796] PTP clock support registered
[    0.435371] Advanced Linux Sound Architecture Driver Initialized.
[    0.436957] NET: Registered PF_ATMPVC protocol family
[    0.437586] NET: Registered PF_ATMSVC protocol family
[    0.438819] PCI: Using ACPI for IRQ routing
[    0.439476] vgaarb: loaded
[    0.439903] hpet0: at MMIO 0xfed00000, IRQs 2, 8, 0
[    0.440516] hpet0: 3 comparators, 64-bit 100.000000 MHz counter
[    0.443918] clocksource: Switched to clocksource kvm-clock
[    0.445113] VFS: Disk quotas dquot_6.6.0
[    0.445627] VFS: Dquot-cache hash table entries: 512 (order 0, 4096 bytes)
[    0.447246] pnp: PnP ACPI init
[    0.450158] pnp: PnP ACPI: found 5 devices
[    0.461894] clocksource: acpi_pm: mask: 0xffffff max_cycles: 0xffffff, max_idle_ns: 2085701024 ns
[    0.463055] NET: Registered PF_INET protocol family
[    0.463790] IP idents hash table entries: 16384 (order: 5, 131072 bytes, linear)
[    0.465079] tcp_listen_portaddr_hash hash table entries: 512 (order: 1, 8192 bytes, linear)
[    0.466129] Table-perturb hash table entries: 65536 (order: 6, 262144 bytes, linear)
[    0.467110] TCP established hash table entries: 8192 (order: 4, 65536 bytes, linear)
[    0.468082] TCP bind hash table entries: 8192 (order: 6, 262144 bytes, linear)
[    0.468990] TCP: Hash tables configured (established 8192 bind 8192)
[    0.469950] UDP hash table entries: 512 (order: 3, 32768 bytes, linear)
[    0.470810] UDP-Lite hash table entries: 512 (order: 3, 32768 bytes, linear)
[    0.471909] NET: Registered PF_UNIX/PF_LOCAL protocol family
[    0.472631] pci_bus 0000:00: resource 4 [io  0x0000-0x0cf7 window]
[    0.473390] pci_bus 0000:00: resource 5 [io  0x0d00-0xffff window]
[    0.474157] pci_bus 0000:00: resource 6 [mem 0x000a0000-0x000bffff window]
[    0.475010] pci_bus 0000:00: resource 7 [mem 0x40000000-0xfebfffff window]
[    0.475859] pci_bus 0000:00: resource 8 [mem 0x100000000-0x17fffffff window]
[    0.476937] pci 0000:00:01.0: PIIX3: Enabling Passive Release
[    0.477656] pci 0000:00:00.0: Limiting direct PCI/PCI transfers
[    0.478427] PCI: CLS 0 bytes, default 64
[    0.479028] kvm_intel: VMX not supported by CPU 30
[    0.479782] kvm_amd: TSC scaling supported
[    0.480289] kvm_amd: Nested Virtualization enabled
[    0.480886] kvm_amd: Nested Paging enabled
[    0.481391] kvm_amd: LBR virtualization supported
[    0.481990] kvm_amd: Virtual GIF supported
[    0.482497] kvm_amd: Virtual NMI enabled
[    0.511112] clocksource: tsc: mask: 0xffffffffffffffff max_cycles: 0x40be463295d, max_idle_ns: 440795209293 ns
[    0.528481] Initialise system trusted keyrings
[    0.529187] workingset: timestamp_bits=56 max_order=18 bucket_order=0
[    0.530115] squashfs: version 4.0 (2009/01/31) Phillip Lougher
[    0.530862] fuse: init (API version 7.43)
[    0.531503] 9p: Installing v9fs 9p2000 file system support
[    0.541541] Key type asymmetric registered
[    0.542060] Asymmetric key parser 'x509' registered
[    0.542731] Block layer SCSI generic (bsg) driver version 0.4 loaded (major 249)
[    0.543686] io scheduler mq-deadline registered
[    0.544253] io scheduler kyber registered
[    0.546649] input: Power Button as /devices/LNXSYSTM:00/LNXPWRBN:00/input/input0
[    0.547816] ACPI: button: Power Button [PWRF]
[    0.549791] Warning: Processor Platform Limit event detected, but not handled.
[    0.550684] Consider compiling CPUfreq support into your kernel.
[    1.447037] ACPI: \_SB_.LNKB: Enabled at IRQ 10
[    2.335328] ACPI: \_SB_.LNKC: Enabled at IRQ 11
[    3.223383] ACPI: \_SB_.LNKA: Enabled at IRQ 10
[    3.224742] Serial: 8250/16550 driver, 4 ports, IRQ sharing enabled
[    3.225858] 00:03: ttyS0 at I/O 0x3f8 (irq = 4, base_baud = 115200) is a 16550A
[    3.247945] Non-volatile memory driver v1.3
[    3.248486] Linux agpgart interface v0.103
[    3.249235] ACPI: bus type drm_connector registered
[    3.249865] printk: legacy console [hvc0] enabled
[    3.250469] printk: legacy bootconsole [earlyser0] disabled
          _      _                                    
   __   _(_)_ __| |_ _ __ ___   ___       _ __   __ _ 
   \ \ / / |  __| __|  _   _ \ / _ \_____|  _ \ / _  |
    \ V /| | |  | |_| | | | | |  __/_____| | | | (_| |
     \_/ |_|_|   \__|_| |_| |_|\___|     |_| |_|\__  |
                                                |___/ 
   kernel version: 6.15.0-virtme x86_64
   (CTRL+d to exit)

root@virtme-ng:/nipa-data/kernel# PS1='xx__-> '
xx__-> env
PWD=/nipa-data/kernel
nr_open=1048576
HOME=/
TERM=xterm
SHLVL=2
XDG_RUNTIME_DIR=/run/user/0
PATH=/bin:/sbin:/usr/bin:/usr/sbin:/usr/local/bin
OLDPWD=/
_=/bin/env
xx__-> 