No EFI environment detected.
early console in extract_kernel
input_data: 0x0000000002be02c4
input_len: 0x0000000000b8faaf
output: 0x0000000001000000
output_len: 0x00000000027287b8
kernel_total_size: 0x0000000002430000
needed_size: 0x0000000002800000
trampoline_32bit: 0x0000000000000000
Physical KASLR using RDRAND RDTSC...
Virtual KASLR using RDRAND RDTSC...

Decompressing Linux... Parsing ELF... Performing relocations... done.
Booting the kernel (entry_offset: 0x0000000000000000).
[    0.000000] Linux version 6.13.0-virtme (root@d3226f2ba54a) (gcc (Ubuntu 13.3.0-6ubuntu2~24.04) 13.3.0, GNU ld (GNU Binutils for Ubuntu) 2.42) #1 SMP PREEMPT_DYNAMIC Tue Jan 28 00:07:43 UTC 2025
[    0.000000] Command line: virtme_hostname=virtme-ng nr_open=1048576 virtme_link_mods=/nipa-data/kernel/.virtme_mods/lib/modules/0.0.0 virtme_initmount0=nipa-data/kernel virtme_rw_overlay0=/etc virtme_rw_overlay1=/lib virtme_rw_overlay2=/home virtme_rw_overlay3=/opt virtme_rw_overlay4=/srv virtme_rw_overlay5=/usr virtme_rw_overlay6=/var console=hvc0 earlyprintk=serial,ttyS0,115200 virtme_console=ttyS0 psmouse.proto=exps TERM=xterm virtme_chdir=nipa-data/kernel virtme_root_user=1 rootfstype=9p rootflags=version=9p2000.L,trans=virtio,access=any raid=noautodetect ro init=/usr/lib/python3/dist-packages/virtme/guest/virtme-init
[    0.000000] BIOS-provided physical RAM map:
[    0.000000] BIOS-e820: [mem 0x0000000000000000-0x000000000009fbff] usable
[    0.000000] BIOS-e820: [mem 0x000000000009fc00-0x000000000009ffff] reserved
[    0.000000] BIOS-e820: [mem 0x00000000000f0000-0x00000000000fffff] reserved
[    0.000000] BIOS-e820: [mem 0x0000000000100000-0x000000003ffdffff] usable
[    0.000000] BIOS-e820: [mem 0x000000003ffe0000-0x000000003fffffff] reserved
[    0.000000] BIOS-e820: [mem 0x00000000feffc000-0x00000000feffffff] reserved
[    0.000000] BIOS-e820: [mem 0x00000000fffc0000-0x00000000ffffffff] reserved
[    0.000000] BIOS-e820: [mem 0x000000fd00000000-0x000000ffffffffff] reserved
[    0.000000] printk: legacy bootconsole [earlyser0] enabled
[    0.000000] NX (Execute Disable) protection: active
[    0.000000] APIC: Static calls initialized
[    0.000000] SMBIOS 3.0.0 present.
[    0.000000] DMI: QEMU Ubuntu 24.04 PC (i440FX + PIIX, 1996), BIOS 1.16.3-debian-1.16.3-2 04/01/2014
[    0.000000] DMI: Memory slots populated: 1/1
[    0.000000] Hypervisor detected: KVM
[    0.000000] kvm-clock: Using msrs 4b564d01 and 4b564d00
[    0.000000] kvm-clock: using sched offset of 188376782 cycles
[    0.000358] clocksource: kvm-clock: mask: 0xffffffffffffffff max_cycles: 0x1cd42e4dffb, max_idle_ns: 881590591483 ns
[    0.001474] tsc: Detected 4491.556 MHz processor
[    0.002035] last_pfn = 0x3ffe0 max_arch_pfn = 0x400000000
[    0.002428] MTRR map: 4 entries (3 fixed + 1 variable; max 19), built from 8 variable MTRRs
[    0.003002] x86/PAT: Configuration [0-7]: WB  WC  UC- UC  WB  WP  UC- WT  
Memory KASLR using RDRAND RDTSC...
[    0.004928] found SMP MP-table at [mem 0x000f5470-0x000f547f]
[    0.005325] Using GB pages for direct mapping
[    0.005702] ACPI: Early table checksum verification disabled
[    0.006089] ACPI: RSDP 0x00000000000F5290 000014 (v00 BOCHS )
[    0.006483] ACPI: RSDT 0x000000003FFE27BC 000034 (v01 BOCHS  BXPC     00000001 BXPC 00000001)
[    0.007069] ACPI: FACP 0x000000003FFE2578 000074 (v01 BOCHS  BXPC     00000001 BXPC 00000001)
[    0.007657] ACPI: DSDT 0x000000003FFE0040 002538 (v01 BOCHS  BXPC     00000001 BXPC 00000001)
[    0.008245] ACPI: FACS 0x000000003FFE0000 000040
[    0.008562] ACPI: APIC 0x000000003FFE25EC 000170 (v03 BOCHS  BXPC     00000001 BXPC 00000001)
[    0.009147] ACPI: HPET 0x000000003FFE275C 000038 (v01 BOCHS  BXPC     00000001 BXPC 00000001)
[    0.009731] ACPI: WAET 0x000000003FFE2794 000028 (v01 BOCHS  BXPC     00000001 BXPC 00000001)
[    0.010316] ACPI: Reserving FACP table memory at [mem 0x3ffe2578-0x3ffe25eb]
[    0.010802] ACPI: Reserving DSDT table memory at [mem 0x3ffe0040-0x3ffe2577]
[    0.011283] ACPI: Reserving FACS table memory at [mem 0x3ffe0000-0x3ffe003f]
[    0.011763] ACPI: Reserving APIC table memory at [mem 0x3ffe25ec-0x3ffe275b]
[    0.012246] ACPI: Reserving HPET table memory at [mem 0x3ffe275c-0x3ffe2793]
[    0.012727] ACPI: Reserving WAET table memory at [mem 0x3ffe2794-0x3ffe27bb]
[    0.013339] No NUMA configuration found
[    0.013601] Faking a node at [mem 0x0000000000000000-0x000000003ffdffff]
[    0.014060] NODE_DATA(0) allocated [mem 0x3ffdb780-0x3ffdffff]
[    0.014466] Zone ranges:
[    0.014639]   DMA      [mem 0x0000000000001000-0x0000000000ffffff]
[    0.015062]   DMA32    [mem 0x0000000001000000-0x000000003ffdffff]
[    0.015484]   Normal   empty
[    0.015681]   Device   empty
[    0.015877] Movable zone start for each node
[    0.016171] Early memory node ranges
[    0.016415]   node   0: [mem 0x0000000000001000-0x000000000009efff]
[    0.016844]   node   0: [mem 0x0000000000100000-0x000000003ffdffff]
[    0.017272] Initmem setup node 0 [mem 0x0000000000001000-0x000000003ffdffff]
[    0.017755] On node 0, zone DMA: 1 pages in unavailable ranges
[    0.018160] On node 0, zone DMA: 97 pages in unavailable ranges
[    0.019530] On node 0, zone DMA32: 32 pages in unavailable ranges
[    0.020138] ACPI: PM-Timer IO Port: 0x608
[    0.020415] ACPI: LAPIC_NMI (acpi_id[0xff] dfl dfl lint[0x1])
[    0.020822] IOAPIC[0]: apic_id 0, version 17, address 0xfec00000, GSI 0-23
[    0.021291] ACPI: INT_SRC_OVR (bus 0 bus_irq 0 global_irq 2 dfl dfl)
[    0.021725] ACPI: INT_SRC_OVR (bus 0 bus_irq 5 global_irq 5 high level)
[    0.022176] ACPI: INT_SRC_OVR (bus 0 bus_irq 9 global_irq 9 high level)
[    0.022627] ACPI: INT_SRC_OVR (bus 0 bus_irq 10 global_irq 10 high level)
[    0.023089] ACPI: INT_SRC_OVR (bus 0 bus_irq 11 global_irq 11 high level)
[    0.023553] ACPI: Using ACPI (MADT) for SMP configuration information
[    0.023994] ACPI: HPET id: 0x8086a201 base: 0xfed00000
[    0.024345] TSC deadline timer available
[    0.024615] CPU topo: Max. logical packages:   1
[    0.024930] CPU topo: Max. logical dies:       1
[    0.025245] CPU topo: Max. dies per package:   1
[    0.025562] CPU topo: Max. threads per core:   1
[    0.025877] CPU topo: Num. cores per package:    32
[    0.026210] CPU topo: Num. threads per package:  32
[    0.026542] CPU topo: Allowing 32 present CPUs plus 0 hotplug CPUs
[    0.026970] kvm-guest: APIC: eoi() replaced with kvm_guest_apic_eoi_write()
[    0.027451] kvm-guest: KVM setup pv remote TLB flush
[    0.027791] kvm-guest: setup PV sched yield
[    0.028081] PM: hibernation: Registered nosave memory: [mem 0x00000000-0x00000fff]
[    0.028599] PM: hibernation: Registered nosave memory: [mem 0x0009f000-0x0009ffff]
[    0.029117] PM: hibernation: Registered nosave memory: [mem 0x000a0000-0x000effff]
[    0.029632] PM: hibernation: Registered nosave memory: [mem 0x000f0000-0x000fffff]
[    0.030147] [mem 0x40000000-0xfeffbfff] available for PCI devices
[    0.030562] Booting paravirtualized kernel on KVM
[    0.030881] clocksource: refined-jiffies: mask: 0xffffffff max_cycles: 0xffffffff, max_idle_ns: 1910969940391419 ns
[    0.034275] setup_percpu: NR_CPUS:64 nr_cpumask_bits:32 nr_cpu_ids:32 nr_node_ids:1
[    0.035385] percpu: Embedded 58 pages/cpu s198232 r8192 d31144 u262144
[    0.035864] Kernel command line: virtme_hostname=virtme-ng nr_open=1048576 virtme_link_mods=/nipa-data/kernel/.virtme_mods/lib/modules/0.0.0 virtme_initmount0=nipa-data/kernel virtme_rw_overlay0=/etc virtme_rw_overlay1=/lib virtme_rw_overlay2=/home virtme_rw_overlay3=/opt virtme_rw_overlay4=/srv virtme_rw_overlay5=/usr virtme_rw_overlay6=/var console=hvc0 earlyprintk=serial,ttyS0,115200 virtme_console=ttyS0 psmouse.proto=exps TERM=xterm virtme_chdir=nipa-data/kernel virtme_root_user=1 rootfstype=9p rootflags=version=9p2000.L,trans=virtio,access=any raid=noautodetect ro init=/usr/lib/python3/dist-packages/virtme/guest/virtme-init
[    0.039856] Unknown kernel command line parameters "virtme_hostname=virtme-ng nr_open=1048576 virtme_link_mods=/nipa-data/kernel/.virtme_mods/lib/modules/0.0.0 virtme_initmount0=nipa-data/kernel virtme_rw_overlay0=/etc virtme_rw_overlay1=/lib virtme_rw_overlay2=/home virtme_rw_overlay3=/opt virtme_rw_overlay4=/srv virtme_rw_overlay5=/usr virtme_rw_overlay6=/var virtme_console=ttyS0 virtme_chdir=nipa-data/kernel virtme_root_user=1", will be passed to user space.
[    0.042945] random: crng init done
[    0.043183] printk: log buffer data + meta data: 262144 + 917504 = 1179648 bytes
[    0.043730] Dentry cache hash table entries: 131072 (order: 8, 1048576 bytes, linear)
[    0.044303] Inode-cache hash table entries: 65536 (order: 7, 524288 bytes, linear)
[    0.044917] Fallback order for Node 0: 0 
[    0.044919] Built 1 zonelists, mobility grouping on.  Total pages: 262014
[    0.045677] Policy zone: DMA32
[    0.045892] mem auto-init: stack:all(zero), heap alloc:off, heap free:off
[    0.046951] SLUB: HWalign=64, Order=0-3, MinObjects=0, CPUs=32, Nodes=1
Poking KASLR using RDRAND RDTSC...
[    0.047652] ftrace: allocating 48801 entries in 191 pages
[    0.058644] ftrace: allocated 191 pages with 7 groups
[    0.059529] Dynamic Preempt: voluntary
[    0.059918] rcu: Preemptible hierarchical RCU implementation.
[    0.060324] rcu: RCU event tracing is enabled.
[    0.060641] rcu: RCU restricting CPUs from NR_CPUS=64 to nr_cpu_ids=32.
[    0.061111] Trampoline variant of Tasks RCU enabled.
[    0.061464] Rude variant of Tasks RCU enabled.
[    0.061783] Tracing variant of Tasks RCU enabled.
[    0.062119] rcu: RCU calculated value of scheduler-enlistment delay is 100 jiffies.
[    0.062655] rcu: Adjusting geometry for rcu_fanout_leaf=16, nr_cpu_ids=32
[    0.063135] RCU Tasks: Setting shift to 5 and lim to 1 rcu_task_cb_adjust=1 rcu_task_cpu_ids=32.
[    0.063752] RCU Tasks Rude: Setting shift to 5 and lim to 1 rcu_task_cb_adjust=1 rcu_task_cpu_ids=32.
[    0.064402] RCU Tasks Trace: Setting shift to 5 and lim to 1 rcu_task_cb_adjust=1 rcu_task_cpu_ids=32.
[    0.066733] NR_IRQS: 4352, nr_irqs: 680, preallocated irqs: 16
[    0.067307] rcu: srcu_init: Setting srcu_struct sizes based on contention.
[    0.067928] Console: colour *CGA 80x25
[    0.068200] ACPI: Core revision 20240827
[    0.068539] clocksource: hpet: mask: 0xffffffff max_cycles: 0xffffffff, max_idle_ns: 19112604467 ns
[    0.069233] APIC: Switch to symmetric I/O mode setup
[    0.069603] kvm-guest: APIC: send_IPI_mask() replaced with kvm_send_ipi_mask()
[    0.070107] kvm-guest: APIC: send_IPI_mask_allbutself() replaced with kvm_send_ipi_mask_allbutself()
[    0.070723] kvm-guest: setup PV IPIs
[    0.071700] ..TIMER: vector=0x30 apic1=0 pin1=2 apic2=-1 pin2=-1
[    0.072463] clocksource: tsc-early: mask: 0xffffffffffffffff max_cycles: 0x40be400eb43, max_idle_ns: 440795366972 ns
[    0.073759] Calibrating delay loop (skipped) preset value.. 8983.11 BogoMIPS (lpj=4491556)
[    0.074817] x86/cpu: User Mode Instruction Prevention (UMIP) activated
[    0.075804] Last level iTLB entries: 4KB 512, 2MB 255, 4MB 127
[    0.076758] Last level dTLB entries: 4KB 512, 2MB 255, 4MB 127, 1GB 0
[    0.077540] Spectre V1 : Mitigation: usercopy/swapgs barriers and __user pointer sanitization
[    0.077761] Spectre V2 : Mitigation: Enhanced / Automatic IBRS
[    0.078466] Spectre V2 : Spectre v2 / SpectreRSB mitigation: Filling RSB on context switch
[    0.078759] Spectre V2 : mitigation: Enabling conditional Indirect Branch Prediction Barrier
[    0.079759] Speculative Store Bypass: Mitigation: Speculative Store Bypass disabled via prctl
[    0.080758] Speculative Return Stack Overflow: IBPB-extending microcode not applied!
[    0.081758] Speculative Return Stack Overflow: WARNING: See https://kernel.org/doc/html/latest/admin-guide/hw-vuln/srso.html for mitigation options.
[    0.081758] Speculative Return Stack Overflow: Vulnerable: Safe RET, no microcode
[    0.083772] x86/fpu: Supporting XSAVE feature 0x001: 'x87 floating point registers'
[    0.084758] x86/fpu: Supporting XSAVE feature 0x002: 'SSE registers'
[    0.085758] x86/fpu: Supporting XSAVE feature 0x004: 'AVX registers'
[    0.086512] x86/fpu: Supporting XSAVE feature 0x020: 'AVX-512 opmask'
[    0.086758] x86/fpu: Supporting XSAVE feature 0x040: 'AVX-512 Hi256'
[    0.087758] x86/fpu: Supporting XSAVE feature 0x080: 'AVX-512 ZMM_Hi256'
[    0.088758] x86/fpu: Supporting XSAVE feature 0x200: 'Protection Keys User registers'
[    0.089758] x86/fpu: xstate_offset[2]:  576, xstate_sizes[2]:  256
[    0.090498] x86/fpu: xstate_offset[5]:  832, xstate_sizes[5]:   64
[    0.090758] x86/fpu: xstate_offset[6]:  896, xstate_sizes[6]:  512
[    0.091758] x86/fpu: xstate_offset[7]: 1408, xstate_sizes[7]: 1024
[    0.092758] x86/fpu: xstate_offset[9]: 2432, xstate_sizes[9]:    8
[    0.093492] x86/fpu: Enabled xstate features 0x2e7, context size is 2440 bytes, using 'compacted' format.
[    0.108027] Freeing SMP alternatives memory: 40K
[    0.108580] pid_max: default: 32768 minimum: 301
[    0.108777] Mount-cache hash table entries: 2048 (order: 2, 16384 bytes, linear)
[    0.109758] Mountpoint-cache hash table entries: 2048 (order: 2, 16384 bytes, linear)
[    0.110884] smpboot: CPU0: AMD Ryzen 9 7950X 16-Core Processor (family: 0x19, model: 0x61, stepping: 0x2)
[    0.111866] Performance Events: Fam17h+ core perfctr, AMD PMU driver.
[    0.112665] ... version:                0
[    0.112759] ... bit width:              48
[    0.113247] ... generic registers:      6
[    0.113728] ... value mask:             0000ffffffffffff
[    0.113759] ... max period:             00007fffffffffff
[    0.114391] ... fixed-purpose events:   0
[    0.114759] ... event mask:             000000000000003f
[    0.115459] signal: max sigframe size: 3376
[    0.115773] rcu: Hierarchical SRCU implementation.
[    0.116344] rcu: Max phase no-delay instances is 400.
[    0.116780] Timer migration: 2 hierarchy levels; 8 children per group; 2 crossnode level
[    0.119763] smp: Bringing up secondary CPUs ...
[    0.120358] smpboot: x86: Booting SMP configuration:
[    0.120761] .... node  #0, CPUs:        #1  #2  #3  #4  #5  #6  #7  #8  #9 #10 #11 #12 #13 #14 #15 #16 #17 #18 #19 #20 #21 #22 #23 #24 #25 #26 #27 #28 #29 #30 #31
[    0.133850] smp: Brought up 1 node, 32 CPUs
[    0.135264] smpboot: Total of 32 processors activated (287459.58 BogoMIPS)
[    0.137776] Memory: 970440K/1048056K available (16384K kernel code, 2473K rwdata, 6360K rodata, 3188K init, 1756K bss, 63184K reserved, 0K cma-reserved)
[    0.138868] devtmpfs: initialized
[    0.139180] x86/mm: Memory block size: 128MB
[    0.140387] clocksource: jiffies: mask: 0xffffffff max_cycles: 0xffffffff, max_idle_ns: 1911260446275000 ns
[    0.140765] futex hash table entries: 8192 (order: 7, 524288 bytes, linear)
[    0.141712] PM: RTC time: 00:08:05, date: 2025-01-28
[    0.142084] NET: Registered PF_NETLINK/PF_ROUTE protocol family
[    0.142870] thermal_sys: Registered thermal governor 'step_wise'
[    0.142871] thermal_sys: Registered thermal governor 'user_space'
[    0.143606] cpuidle: using governor menu
[    0.144954] PCI: Using configuration type 1 for base access
[    0.145760] PCI: Using configuration type 1 for extended access
[    0.146541] kprobes: kprobe jump-optimization is enabled. All kprobes are optimized if possible.
[    0.154330] HugeTLB: registered 1.00 GiB page size, pre-allocated 0 pages
[    0.154759] HugeTLB: 16380 KiB vmemmap can be freed for a 1.00 GiB page
[    0.155581] HugeTLB: registered 2.00 MiB page size, pre-allocated 0 pages
[    0.156759] HugeTLB: 28 KiB vmemmap can be freed for a 2.00 MiB page
[    0.157763] ACPI: Added _OSI(Module Device)
[    0.158295] ACPI: Added _OSI(Processor Device)
[    0.158760] ACPI: Added _OSI(3.0 _SCP Extensions)
[    0.159345] ACPI: Added _OSI(Processor Aggregator Device)
[    0.160419] ACPI: 1 ACPI AML tables successfully acquired and loaded
[    0.162223] ACPI: Interpreter enabled
[    0.162768] ACPI: PM: (supports S0 S3 S4 S5)
[    0.163300] ACPI: Using IOAPIC for interrupt routing
[    0.163767] PCI: Using host bridge windows from ACPI; if necessary, use "pci=nocrs" and report a bug
[    0.164759] PCI: Using E820 reservations for host bridge windows
[    0.165591] ACPI: Enabled 2 GPEs in block 00 to 0F
[    0.169219] ACPI: PCI Root Bridge [PCI0] (domain 0000 [bus 00-ff])
[    0.169762] acpi PNP0A03:00: _OSC: OS supports [ExtendedConfig ASPM ClockPM Segments MSI HPX-Type3]
[    0.170844] PCI host bridge to bus 0000:00
[    0.171353] pci_bus 0000:00: root bus resource [io  0x0000-0x0cf7 window]
[    0.172760] pci_bus 0000:00: root bus resource [io  0x0d00-0xffff window]
[    0.173602] pci_bus 0000:00: root bus resource [mem 0x000a0000-0x000bffff window]
[    0.173759] pci_bus 0000:00: root bus resource [mem 0x40000000-0xfebfffff window]
[    0.174686] pci_bus 0000:00: root bus resource [mem 0x100000000-0x17fffffff window]
[    0.175760] pci_bus 0000:00: root bus resource [bus 00-ff]
[    0.176517] pci 0000:00:00.0: [8086:1237] type 00 class 0x060000 conventional PCI endpoint
[    0.178002] pci 0000:00:01.0: [8086:7000] type 00 class 0x060100 conventional PCI endpoint
[    0.179060] pci 0000:00:01.1: [8086:7010] type 00 class 0x010180 conventional PCI endpoint
[    0.182415] pci 0000:00:01.1: BAR 4 [io  0xc0c0-0xc0cf]
[    0.183030] pci 0000:00:01.1: BAR 0 [io  0x01f0-0x01f7]: legacy IDE quirk
[    0.183760] pci 0000:00:01.1: BAR 1 [io  0x03f6]: legacy IDE quirk
[    0.184527] pci 0000:00:01.1: BAR 2 [io  0x0170-0x0177]: legacy IDE quirk
[    0.185759] pci 0000:00:01.1: BAR 3 [io  0x0376]: legacy IDE quirk
[    0.186621] pci 0000:00:01.3: [8086:7113] type 00 class 0x068000 conventional PCI endpoint
[    0.187991] pci 0000:00:01.3: quirk: [io  0x0600-0x063f] claimed by PIIX4 ACPI
[    0.188763] pci 0000:00:01.3: quirk: [io  0x0700-0x070f] claimed by PIIX4 SMB
[    0.189805] pci 0000:00:02.0: [1af4:1009] type 00 class 0x000200 conventional PCI endpoint
[    0.191132] pci 0000:00:02.0: BAR 0 [io  0xc000-0xc03f]
[    0.192621] pci 0000:00:02.0: BAR 1 [mem 0xfebfc000-0xfebfcfff]
[    0.194760] pci 0000:00:02.0: BAR 4 [mem 0xfebf0000-0xfebf3fff 64bit pref]
[    0.196770] pci 0000:00:03.0: [1af4:1009] type 00 class 0x000200 conventional PCI endpoint
[    0.198696] pci 0000:00:03.0: BAR 0 [io  0xc040-0xc07f]
[    0.200625] pci 0000:00:03.0: BAR 1 [mem 0xfebfd000-0xfebfdfff]
[    0.203760] pci 0000:00:03.0: BAR 4 [mem 0xfebf4000-0xfebf7fff 64bit pref]
[    0.205282] pci 0000:00:04.0: [8086:25ab] type 00 class 0x088000 conventional PCI endpoint
[    0.205897] pci 0000:00:04.0: BAR 0 [mem 0xfebfe000-0xfebfe00f]
[    0.207750] pci 0000:00:05.0: [1af4:1003] type 00 class 0x078000 conventional PCI endpoint
[    0.209105] pci 0000:00:05.0: BAR 0 [io  0xc080-0xc0bf]
[    0.210083] pci 0000:00:05.0: BAR 1 [mem 0xfebff000-0xfebfffff]
[    0.213224] pci 0000:00:05.0: BAR 4 [mem 0xfebf8000-0xfebfbfff 64bit pref]
[    0.214696] ACPI: PCI: Interrupt link LNKA configured for IRQ 10
[    0.215868] ACPI: PCI: Interrupt link LNKB configured for IRQ 10
[    0.216706] ACPI: PCI: Interrupt link LNKC configured for IRQ 11
[    0.217860] ACPI: PCI: Interrupt link LNKD configured for IRQ 11
[    0.218674] ACPI: PCI: Interrupt link LNKS configured for IRQ 9
[    0.219575] iommu: Default domain type: Translated
[    0.220760] iommu: DMA domain TLB invalidation policy: lazy mode
[    0.221562] SCSI subsystem initialized
[    0.221791] pps_core: LinuxPPS API ver. 1 registered
[    0.222406] pps_core: Software ver. 5.3.6 - Copyright 2005-2007 Rodolfo Giometti <giometti@linux.it>
[    0.223761] PTP clock support registered
[    0.224272] Advanced Linux Sound Architecture Driver Initialized.
[    0.225033] NET: Registered PF_ATMPVC protocol family
[    0.225683] NET: Registered PF_ATMSVC protocol family
[    0.226765] PCI: Using ACPI for IRQ routing
[    0.227361] vgaarb: loaded
[    0.227776] hpet0: at MMIO 0xfed00000, IRQs 2, 8, 0
[    0.228384] hpet0: 3 comparators, 64-bit 100.000000 MHz counter
[    0.233994] clocksource: Switched to clocksource kvm-clock
[    0.234714] VFS: Disk quotas dquot_6.6.0
[    0.235179] VFS: Dquot-cache hash table entries: 512 (order 0, 4096 bytes)
[    0.236090] pnp: PnP ACPI init
[    0.236632] pnp: PnP ACPI: found 5 devices
[    0.243468] clocksource: acpi_pm: mask: 0xffffff max_cycles: 0xffffff, max_idle_ns: 2085701024 ns
[    0.244578] NET: Registered PF_INET protocol family
[    0.245198] IP idents hash table entries: 16384 (order: 5, 131072 bytes, linear)
[    0.246259] tcp_listen_portaddr_hash hash table entries: 512 (order: 1, 8192 bytes, linear)
[    0.247298] Table-perturb hash table entries: 65536 (order: 6, 262144 bytes, linear)
[    0.248260] TCP established hash table entries: 8192 (order: 4, 65536 bytes, linear)
[    0.249309] TCP bind hash table entries: 8192 (order: 6, 262144 bytes, linear)
[    0.250210] TCP: Hash tables configured (established 8192 bind 8192)
[    0.251017] UDP hash table entries: 512 (order: 3, 32768 bytes, linear)
[    0.251835] UDP-Lite hash table entries: 512 (order: 3, 32768 bytes, linear)
[    0.252734] NET: Registered PF_UNIX/PF_LOCAL protocol family
[    0.253443] pci_bus 0000:00: resource 4 [io  0x0000-0x0cf7 window]
[    0.254209] pci_bus 0000:00: resource 5 [io  0x0d00-0xffff window]
[    0.254974] pci_bus 0000:00: resource 6 [mem 0x000a0000-0x000bffff window]
[    0.255819] pci_bus 0000:00: resource 7 [mem 0x40000000-0xfebfffff window]
[    0.256669] pci_bus 0000:00: resource 8 [mem 0x100000000-0x17fffffff window]
[    0.257565] pci 0000:00:01.0: PIIX3: Enabling Passive Release
[    0.258280] pci 0000:00:00.0: Limiting direct PCI/PCI transfers
[    0.259046] PCI: CLS 0 bytes, default 64
[    0.259581] kvm_intel: VMX not supported by CPU 21
[    0.260205] kvm_amd: TSC scaling supported
[    0.260710] kvm_amd: Nested Virtualization enabled
[    0.261313] kvm_amd: Nested Paging enabled
[    0.261818] kvm_amd: LBR virtualization supported
[    0.262408] kvm_amd: Virtual GIF supported
[    0.262912] kvm_amd: Virtual NMI enabled
[    0.296028] clocksource: tsc: mask: 0xffffffffffffffff max_cycles: 0x40be400eb43, max_idle_ns: 440795366972 ns
[    0.302477] Initialise system trusted keyrings
[    0.303107] workingset: timestamp_bits=56 max_order=18 bucket_order=0
[    0.303935] squashfs: version 4.0 (2009/01/31) Phillip Lougher
[    0.304677] fuse: init (API version 7.41)
[    0.305228] 9p: Installing v9fs 9p2000 file system support
[    0.312185] Key type asymmetric registered
[    0.312700] Asymmetric key parser 'x509' registered
[    0.313324] Block layer SCSI generic (bsg) driver version 0.4 loaded (major 249)
[    0.314263] io scheduler mq-deadline registered
[    0.314832] io scheduler kyber registered
[    0.316952] input: Power Button as /devices/LNXSYSTM:00/LNXPWRBN:00/input/input0
[    0.317955] ACPI: button: Power Button [PWRF]
[    0.318886] Warning: Processor Platform Limit event detected, but not handled.
[    0.319790] Consider compiling CPUfreq support into your kernel.
[    0.337462] ACPI: \_SB_.LNKB: Enabled at IRQ 10
[    0.353189] ACPI: \_SB_.LNKC: Enabled at IRQ 11
[    0.368832] ACPI: \_SB_.LNKA: Enabled at IRQ 10
[    0.369900] Serial: 8250/16550 driver, 4 ports, IRQ sharing enabled
[    0.370789] 00:03: ttyS0 at I/O 0x3f8 (irq = 4, base_baud = 115200) is a 16550A
[    0.391358] Non-volatile memory driver v1.3
[    0.391914] Linux agpgart interface v0.103
[    0.391969] ACPI: bus type drm_connector registered
[    0.393051] printk: legacy console [hvc0] enabled
[    0.393642] printk: legacy bootconsole [earlyser0] disabled
          _      _                                    
   __   _(_)_ __| |_ _ __ ___   ___       _ __   __ _ 
   \ \ / / |  __| __|  _   _ \ / _ \_____|  _ \ / _  |
    \ V /| | |  | |_| | | | | |  __/_____| | | | (_| |
     \_/ |_|_|   \__|_| |_| |_|\___|     |_| |_|\__  |
                                                |___/ 
   kernel version: 6.13.0-virtme x86_64
   (CTRL+d to exit)

root@virtme-ng:/nipa-data/kernel# PS1='xx__-> '
xx__-> env
PWD=/nipa-data/kernel
nr_open=1048576
HOME=/
TERM=xterm
SHLVL=2
XDG_RUNTIME_DIR=/run/user/0
PATH=/bin:/sbin:/usr/bin:/usr/sbin:/usr/local/bin
OLDPWD=/
_=/bin/env
xx__-> 