No EFI environment detected.
early console in extract_kernel
input_data: 0x0000000002be92c4
input_len: 0x0000000000b4611a
output: 0x0000000001000000
output_len: 0x00000000026e7668
kernel_total_size: 0x0000000002430000
needed_size: 0x0000000002800000
trampoline_32bit: 0x0000000000000000
Physical KASLR using RDRAND RDTSC...
Virtual KASLR using RDRAND RDTSC...

Decompressing Linux... Parsing ELF... Performing relocations... done.
Booting the kernel (entry_offset: 0x0000000000000000).
[    0.000000] Linux version 6.10.0-rc5-virtme (root@dd1105701bf5) (gcc (Alpine 13.2.1_git20240309) 13.2.1 20240309, GNU ld (GNU Binutils) 2.42) #1 SMP PREEMPT_DYNAMIC Thu Jul  4 03:06:20 UTC 2024
[    0.000000] Command line: virtme_hostname=virtme-ng nr_open=1048576 virtme_link_mods=/nipa-data/kernel/.virtme_mods/lib/modules/0.0.0 virtme_initmount0=nipa-data/kernel virtme_rw_overlay0=/etc virtme_rw_overlay1=/lib virtme_rw_overlay2=/home virtme_rw_overlay3=/opt virtme_rw_overlay4=/srv virtme_rw_overlay5=/usr virtme_rw_overlay6=/var console=hvc0 earlyprintk=serial,ttyS0,115200 virtme_console=ttyS0 psmouse.proto=exps TERM=xterm virtme_chdir=nipa-data/kernel virtme_root_user=1 rootfstype=9p rootflags=version=9p2000.L,trans=virtio,access=any raid=noautodetect ro init=/usr/lib/python3.12/site-packages/virtme/guest/virtme-init
[    0.000000] BIOS-provided physical RAM map:
[    0.000000] BIOS-e820: [mem 0x0000000000000000-0x000000000009fbff] usable
[    0.000000] BIOS-e820: [mem 0x000000000009fc00-0x000000000009ffff] reserved
[    0.000000] BIOS-e820: [mem 0x00000000000f0000-0x00000000000fffff] reserved
[    0.000000] BIOS-e820: [mem 0x0000000000100000-0x000000003ffdffff] usable
[    0.000000] BIOS-e820: [mem 0x000000003ffe0000-0x000000003fffffff] reserved
[    0.000000] BIOS-e820: [mem 0x00000000feffc000-0x00000000feffffff] reserved
[    0.000000] BIOS-e820: [mem 0x00000000fffc0000-0x00000000ffffffff] reserved
[    0.000000] BIOS-e820: [mem 0x000000fd00000000-0x000000ffffffffff] reserved
[    0.000000] printk: legacy bootconsole [earlyser0] enabled
[    0.000000] NX (Execute Disable) protection: active
[    0.000000] APIC: Static calls initialized
[    0.000000] SMBIOS 2.8 present.
[    0.000000] DMI: QEMU Standard PC (i440FX + PIIX, 1996), BIOS rel-1.16.3-0-ga6ed6b701f0a-prebuilt.qemu.org 04/01/2014
[    0.000000] DMI: Memory slots populated: 1/1
[    0.000000] Hypervisor detected: KVM
[    0.000000] kvm-clock: Using msrs 4b564d01 and 4b564d00
[    0.000000] kvm-clock: using sched offset of 244546653 cycles
[    0.000407] clocksource: kvm-clock: mask: 0xffffffffffffffff max_cycles: 0x1cd42e4dffb, max_idle_ns: 881590591483 ns
[    0.001672] tsc: Detected 4491.560 MHz processor
[    0.002308] last_pfn = 0x3ffe0 max_arch_pfn = 0x400000000
[    0.002745] MTRR map: 4 entries (3 fixed + 1 variable; max 19), built from 8 variable MTRRs
[    0.003389] x86/PAT: Configuration [0-7]: WB  WC  UC- UC  WB  WP  UC- WT  
Memory KASLR using RDRAND RDTSC...
[    0.005539] found SMP MP-table at [mem 0x000f5470-0x000f547f]
[    0.005982] Using GB pages for direct mapping
[    0.006365] ACPI: Early table checksum verification disabled
[    0.006796] ACPI: RSDP 0x00000000000F5290 000014 (v00 BOCHS )
[    0.007248] ACPI: RSDT 0x000000003FFE27BC 000034 (v01 BOCHS  BXPC     00000001 BXPC 00000001)
[    0.007900] ACPI: FACP 0x000000003FFE2578 000074 (v01 BOCHS  BXPC     00000001 BXPC 00000001)
[    0.008559] ACPI: DSDT 0x000000003FFE0040 002538 (v01 BOCHS  BXPC     00000001 BXPC 00000001)
[    0.009232] ACPI: FACS 0x000000003FFE0000 000040
[    0.009584] ACPI: APIC 0x000000003FFE25EC 000170 (v03 BOCHS  BXPC     00000001 BXPC 00000001)
[    0.010243] ACPI: HPET 0x000000003FFE275C 000038 (v01 BOCHS  BXPC     00000001 BXPC 00000001)
[    0.010891] ACPI: WAET 0x000000003FFE2794 000028 (v01 BOCHS  BXPC     00000001 BXPC 00000001)
[    0.011548] ACPI: Reserving FACP table memory at [mem 0x3ffe2578-0x3ffe25eb]
[    0.012080] ACPI: Reserving DSDT table memory at [mem 0x3ffe0040-0x3ffe2577]
[    0.012625] ACPI: Reserving FACS table memory at [mem 0x3ffe0000-0x3ffe003f]
[    0.013178] ACPI: Reserving APIC table memory at [mem 0x3ffe25ec-0x3ffe275b]
[    0.013716] ACPI: Reserving HPET table memory at [mem 0x3ffe275c-0x3ffe2793]
[    0.014260] ACPI: Reserving WAET table memory at [mem 0x3ffe2794-0x3ffe27bb]
[    0.014941] No NUMA configuration found
[    0.015246] Faking a node at [mem 0x0000000000000000-0x000000003ffdffff]
[    0.015755] NODE_DATA(0) allocated [mem 0x3ffdb000-0x3ffdffff]
[    0.016218] Zone ranges:
[    0.016410]   DMA      [mem 0x0000000000001000-0x0000000000ffffff]
[    0.016884]   DMA32    [mem 0x0000000001000000-0x000000003ffdffff]
[    0.017376]   Normal   empty
[    0.017594]   Device   empty
[    0.017812] Movable zone start for each node
[    0.018147] Early memory node ranges
[    0.018418]   node   0: [mem 0x0000000000001000-0x000000000009efff]
[    0.018894]   node   0: [mem 0x0000000000100000-0x000000003ffdffff]
[    0.019384] Initmem setup node 0 [mem 0x0000000000001000-0x000000003ffdffff]
[    0.019922] On node 0, zone DMA: 1 pages in unavailable ranges
[    0.020383] On node 0, zone DMA: 97 pages in unavailable ranges
[    0.021879] On node 0, zone DMA32: 32 pages in unavailable ranges
[    0.022581] ACPI: PM-Timer IO Port: 0x608
[    0.022892] ACPI: LAPIC_NMI (acpi_id[0xff] dfl dfl lint[0x1])
[    0.023361] IOAPIC[0]: apic_id 0, version 17, address 0xfec00000, GSI 0-23
[    0.023886] ACPI: INT_SRC_OVR (bus 0 bus_irq 0 global_irq 2 dfl dfl)
[    0.024380] ACPI: INT_SRC_OVR (bus 0 bus_irq 5 global_irq 5 high level)
[    0.024887] ACPI: INT_SRC_OVR (bus 0 bus_irq 9 global_irq 9 high level)
[    0.025412] ACPI: INT_SRC_OVR (bus 0 bus_irq 10 global_irq 10 high level)
[    0.025927] ACPI: INT_SRC_OVR (bus 0 bus_irq 11 global_irq 11 high level)
[    0.026456] ACPI: Using ACPI (MADT) for SMP configuration information
[    0.026945] ACPI: HPET id: 0x8086a201 base: 0xfed00000
[    0.027346] TSC deadline timer available
[    0.027646] CPU topo: Max. logical packages:   1
[    0.027996] CPU topo: Max. logical dies:       1
[    0.028357] CPU topo: Max. dies per package:   1
[    0.028716] CPU topo: Max. threads per core:   1
[    0.029067] CPU topo: Num. cores per package:    32
[    0.029463] CPU topo: Num. threads per package:  32
[    0.029835] CPU topo: Allowing 32 present CPUs plus 0 hotplug CPUs
[    0.030332] kvm-guest: APIC: eoi() replaced with kvm_guest_apic_eoi_write()
[    0.030873] kvm-guest: KVM setup pv remote TLB flush
[    0.031269] kvm-guest: setup PV sched yield
[    0.031590] PM: hibernation: Registered nosave memory: [mem 0x00000000-0x00000fff]
[    0.032186] PM: hibernation: Registered nosave memory: [mem 0x0009f000-0x0009ffff]
[    0.032899] PM: hibernation: Registered nosave memory: [mem 0x000a0000-0x000effff]
[    0.033604] PM: hibernation: Registered nosave memory: [mem 0x000f0000-0x000fffff]
[    0.034305] [mem 0x40000000-0xfeffbfff] available for PCI devices
[    0.034868] Booting paravirtualized kernel on KVM
[    0.035308] clocksource: refined-jiffies: mask: 0xffffffff max_cycles: 0xffffffff, max_idle_ns: 1910969940391419 ns
[    0.039390] setup_percpu: NR_CPUS:64 nr_cpumask_bits:32 nr_cpu_ids:32 nr_node_ids:1
[    0.040871] percpu: Embedded 58 pages/cpu s198872 r8192 d30504 u262144
[    0.041514] Kernel command line: virtme_hostname=virtme-ng nr_open=1048576 virtme_link_mods=/nipa-data/kernel/.virtme_mods/lib/modules/0.0.0 virtme_initmount0=nipa-data/kernel virtme_rw_overlay0=/etc virtme_rw_overlay1=/lib virtme_rw_overlay2=/home virtme_rw_overlay3=/opt virtme_rw_overlay4=/srv virtme_rw_overlay5=/usr virtme_rw_overlay6=/var console=hvc0 earlyprintk=serial,ttyS0,115200 virtme_console=ttyS0 psmouse.proto=exps TERM=xterm virtme_chdir=nipa-data/kernel virtme_root_user=1 rootfstype=9p rootflags=version=9p2000.L,trans=virtio,access=any raid=noautodetect ro init=/usr/lib/python3.12/site-packages/virtme/guest/virtme-init
[    0.046938] Unknown kernel command line parameters "virtme_hostname=virtme-ng nr_open=1048576 virtme_link_mods=/nipa-data/kernel/.virtme_mods/lib/modules/0.0.0 virtme_initmount0=nipa-data/kernel virtme_rw_overlay0=/etc virtme_rw_overlay1=/lib virtme_rw_overlay2=/home virtme_rw_overlay3=/opt virtme_rw_overlay4=/srv virtme_rw_overlay5=/usr virtme_rw_overlay6=/var virtme_console=ttyS0 virtme_chdir=nipa-data/kernel virtme_root_user=1", will be passed to user space.
[    0.050993] random: crng init done
[    0.051346] Dentry cache hash table entries: 131072 (order: 8, 1048576 bytes, linear)
[    0.052108] Inode-cache hash table entries: 65536 (order: 7, 524288 bytes, linear)
[    0.052929] Fallback order for Node 0: 0 
[    0.052932] Built 1 zonelists, mobility grouping on.  Total pages: 262014
[    0.053953] Policy zone: DMA32
[    0.054245] mem auto-init: stack:all(zero), heap alloc:off, heap free:off
[    0.055836] Memory: 984568K/1048056K available (16384K kernel code, 2423K rwdata, 6176K rodata, 3092K init, 1992K bss, 63228K reserved, 0K cma-reserved)
[    0.057170] SLUB: HWalign=64, Order=0-3, MinObjects=0, CPUs=32, Nodes=1
Poking KASLR using RDRAND RDTSC...
[    0.058112] ftrace: allocating 47889 entries in 188 pages
[    0.065785] ftrace: allocated 188 pages with 5 groups
[    0.066964] Dynamic Preempt: voluntary
[    0.067492] rcu: Preemptible hierarchical RCU implementation.
[    0.068036] rcu: RCU event tracing is enabled.
[    0.068469] rcu: RCU restricting CPUs from NR_CPUS=64 to nr_cpu_ids=32.
[    0.069110] Trampoline variant of Tasks RCU enabled.
[    0.069589] Rude variant of Tasks RCU enabled.
[    0.070018] Tracing variant of Tasks RCU enabled.
[    0.070475] rcu: RCU calculated value of scheduler-enlistment delay is 100 jiffies.
[    0.071201] rcu: Adjusting geometry for rcu_fanout_leaf=16, nr_cpu_ids=32
[    0.071854] RCU Tasks: Setting shift to 5 and lim to 1 rcu_task_cb_adjust=1.
[    0.072524] RCU Tasks Rude: Setting shift to 5 and lim to 1 rcu_task_cb_adjust=1.
[    0.073241] RCU Tasks Trace: Setting shift to 5 and lim to 1 rcu_task_cb_adjust=1.
[    0.075932] NR_IRQS: 4352, nr_irqs: 680, preallocated irqs: 16
[    0.076667] rcu: srcu_init: Setting srcu_struct sizes based on contention.
[    0.077479] Console: colour *CGA 80x25
[    0.077842] ACPI: Core revision 20240322
[    0.078290] clocksource: hpet: mask: 0xffffffff max_cycles: 0xffffffff, max_idle_ns: 19112604467 ns
[    0.079212] APIC: Switch to symmetric I/O mode setup
[    0.079691] APIC: Switched APIC routing to: physical flat
[    0.080195] kvm-guest: APIC: send_IPI_mask() replaced with kvm_send_ipi_mask()
[    0.080843] kvm-guest: APIC: send_IPI_mask_allbutself() replaced with kvm_send_ipi_mask_allbutself()
[    0.081671] kvm-guest: setup PV IPIs
[    0.082947] ..TIMER: vector=0x30 apic1=0 pin1=2 apic2=-1 pin2=-1
[    0.084001] tsc: Marking TSC unstable due to TSCs unsynchronized
[    0.085047] Calibrating delay loop (skipped) preset value.. 8983.12 BogoMIPS (lpj=4491560)
[    0.086120] x86/cpu: User Mode Instruction Prevention (UMIP) activated
[    0.087107] Last level iTLB entries: 4KB 512, 2MB 255, 4MB 127
[    0.088046] Last level dTLB entries: 4KB 512, 2MB 255, 4MB 127, 1GB 0
[    0.089051] Spectre V1 : Mitigation: usercopy/swapgs barriers and __user pointer sanitization
[    0.090050] Spectre V2 : Mitigation: Enhanced / Automatic IBRS
[    0.091046] Spectre V2 : Spectre v2 / SpectreRSB mitigation: Filling RSB on context switch
[    0.092048] Spectre V2 : mitigation: Enabling conditional Indirect Branch Prediction Barrier
[    0.093047] Speculative Store Bypass: Mitigation: Speculative Store Bypass disabled via prctl
[    0.094047] Speculative Return Stack Overflow: IBPB-extending microcode not applied!
[    0.095046] Speculative Return Stack Overflow: WARNING: See https://kernel.org/doc/html/latest/admin-guide/hw-vuln/srso.html for mitigation options.
[    0.095047] Speculative Return Stack Overflow: Vulnerable: Safe RET, no microcode
[    0.097062] x86/fpu: Supporting XSAVE feature 0x001: 'x87 floating point registers'
[    0.098046] x86/fpu: Supporting XSAVE feature 0x002: 'SSE registers'
[    0.099046] x86/fpu: Supporting XSAVE feature 0x004: 'AVX registers'
[    0.100046] x86/fpu: Supporting XSAVE feature 0x020: 'AVX-512 opmask'
[    0.101046] x86/fpu: Supporting XSAVE feature 0x040: 'AVX-512 Hi256'
[    0.102046] x86/fpu: Supporting XSAVE feature 0x080: 'AVX-512 ZMM_Hi256'
[    0.103046] x86/fpu: Supporting XSAVE feature 0x200: 'Protection Keys User registers'
[    0.104046] x86/fpu: xstate_offset[2]:  576, xstate_sizes[2]:  256
[    0.105046] x86/fpu: xstate_offset[5]:  832, xstate_sizes[5]:   64
[    0.105861] x86/fpu: xstate_offset[6]:  896, xstate_sizes[6]:  512
[    0.106046] x86/fpu: xstate_offset[7]: 1408, xstate_sizes[7]: 1024
[    0.107046] x86/fpu: xstate_offset[9]: 2432, xstate_sizes[9]:    8
[    0.108046] x86/fpu: Enabled xstate features 0x2e7, context size is 2440 bytes, using 'compacted' format.
[    0.126152] Freeing SMP alternatives memory: 40K
[    0.126941] pid_max: default: 32768 minimum: 301
[    0.127080] Mount-cache hash table entries: 2048 (order: 2, 16384 bytes, linear)
[    0.128047] Mountpoint-cache hash table entries: 2048 (order: 2, 16384 bytes, linear)
[    0.129254] smpboot: CPU0: AMD Ryzen 9 7950X 16-Core Processor (family: 0x19, model: 0x61, stepping: 0x2)
[    0.130196] Performance Events: Fam17h+ core perfctr, AMD PMU driver.
[    0.131051] ... version:                0
[    0.131718] ... bit width:              48
[    0.132048] ... generic registers:      6
[    0.132718] ... value mask:             0000ffffffffffff
[    0.133048] ... max period:             00007fffffffffff
[    0.133931] ... fixed-purpose events:   0
[    0.134048] ... event mask:             000000000000003f
[    0.135038] signal: max sigframe size: 3376
[    0.135069] rcu: Hierarchical SRCU implementation.
[    0.135868] rcu: Max phase no-delay instances is 400.
[    0.138892] smp: Bringing up secondary CPUs ...
[    0.139112] smpboot: x86: Booting SMP configuration:
[    0.139941] .... node  #0, CPUs:        #1  #2  #3  #4  #5  #6  #7  #8  #9 #10 #11 #12 #13 #14 #15 #16 #17 #18 #19 #20 #21 #22 #23 #24 #25 #26 #27 #28 #29 #30 #31
[    0.167181] smp: Brought up 1 node, 32 CPUs
[    0.168603] smpboot: Total of 32 processors activated (287459.84 BogoMIPS)
[    0.179119] devtmpfs: initialized
[    0.179531] x86/mm: Memory block size: 128MB
[    0.180794] clocksource: jiffies: mask: 0xffffffff max_cycles: 0xffffffff, max_idle_ns: 1911260446275000 ns
[    0.181049] futex hash table entries: 8192 (order: 7, 524288 bytes, linear)
[    0.182130] PM: RTC time: 03:06:50, date: 2024-07-04
[    0.183157] NET: Registered PF_NETLINK/PF_ROUTE protocol family
[    0.184098] thermal_sys: Registered thermal governor 'step_wise'
[    0.184099] thermal_sys: Registered thermal governor 'user_space'
[    0.184923] cpuidle: using governor menu
[    0.186313] PCI: Using configuration type 1 for base access
[    0.187055] PCI: Using configuration type 1 for extended access
[    0.187928] kprobes: kprobe jump-optimization is enabled. All kprobes are optimized if possible.
[    0.203622] HugeTLB: registered 1.00 GiB page size, pre-allocated 0 pages
[    0.204047] HugeTLB: 16380 KiB vmemmap can be freed for a 1.00 GiB page
[    0.204922] HugeTLB: registered 2.00 MiB page size, pre-allocated 0 pages
[    0.205047] HugeTLB: 28 KiB vmemmap can be freed for a 2.00 MiB page
[    0.205930] Demotion targets for Node 0: null
[    0.206087] ACPI: Added _OSI(Module Device)
[    0.206653] ACPI: Added _OSI(Processor Device)
[    0.207047] ACPI: Added _OSI(3.0 _SCP Extensions)
[    0.207682] ACPI: Added _OSI(Processor Aggregator Device)
[    0.208779] ACPI: 1 ACPI AML tables successfully acquired and loaded
[    0.209668] ACPI: _OSC evaluation for CPUs failed, trying _PDC
[    0.210189] ACPI: Interpreter enabled
[    0.210686] ACPI: PM: (supports S0 S3 S4 S5)
[    0.211048] ACPI: Using IOAPIC for interrupt routing
[    0.211730] PCI: Using host bridge windows from ACPI; if necessary, use "pci=nocrs" and report a bug
[    0.212048] PCI: Using E820 reservations for host bridge windows
[    0.212949] ACPI: Enabled 2 GPEs in block 00 to 0F
[    0.215771] ACPI: PCI Root Bridge [PCI0] (domain 0000 [bus 00-ff])
[    0.216050] acpi PNP0A03:00: _OSC: OS supports [ExtendedConfig ASPM ClockPM Segments MSI HPX-Type3]
[    0.217145] PCI host bridge to bus 0000:00
[    0.217700] pci_bus 0000:00: root bus resource [io  0x0000-0x0cf7 window]
[    0.218047] pci_bus 0000:00: root bus resource [io  0x0d00-0xffff window]
[    0.218979] pci_bus 0000:00: root bus resource [mem 0x000a0000-0x000bffff window]
[    0.219047] pci_bus 0000:00: root bus resource [mem 0x40000000-0xfebfffff window]
[    0.220047] pci_bus 0000:00: root bus resource [mem 0x100000000-0x17fffffff window]
[    0.221048] pci_bus 0000:00: root bus resource [bus 00-ff]
[    0.221898] pci 0000:00:00.0: [8086:1237] type 00 class 0x060000 conventional PCI endpoint
[    0.222315] pci 0000:00:01.0: [8086:7000] type 00 class 0x060100 conventional PCI endpoint
[    0.223382] pci 0000:00:01.1: [8086:7010] type 00 class 0x010180 conventional PCI endpoint
[    0.226569] pci 0000:00:01.1: BAR 4 [io  0xc0c0-0xc0cf]
[    0.228060] pci 0000:00:01.1: BAR 0 [io  0x01f0-0x01f7]: legacy IDE quirk
[    0.228954] pci 0000:00:01.1: BAR 1 [io  0x03f6]: legacy IDE quirk
[    0.229047] pci 0000:00:01.1: BAR 2 [io  0x0170-0x0177]: legacy IDE quirk
[    0.229942] pci 0000:00:01.1: BAR 3 [io  0x0376]: legacy IDE quirk
[    0.230148] pci 0000:00:01.3: [8086:7113] type 00 class 0x068000 conventional PCI endpoint
[    0.231302] pci 0000:00:01.3: quirk: [io  0x0600-0x063f] claimed by PIIX4 ACPI
[    0.232051] pci 0000:00:01.3: quirk: [io  0x0700-0x070f] claimed by PIIX4 SMB
[    0.233189] pci 0000:00:02.0: [1af4:1009] type 00 class 0x000200 conventional PCI endpoint
[    0.235048] pci 0000:00:02.0: BAR 0 [io  0xc000-0xc03f]
[    0.236786] pci 0000:00:02.0: BAR 1 [mem 0xfebfc000-0xfebfcfff]
[    0.240863] pci 0000:00:02.0: BAR 4 [mem 0xfebf0000-0xfebf3fff 64bit pref]
[    0.242710] pci 0000:00:03.0: [1af4:1009] type 00 class 0x000200 conventional PCI endpoint
[    0.244048] pci 0000:00:03.0: BAR 0 [io  0xc040-0xc07f]
[    0.245815] pci 0000:00:03.0: BAR 1 [mem 0xfebfd000-0xfebfdfff]
[    0.249048] pci 0000:00:03.0: BAR 4 [mem 0xfebf4000-0xfebf7fff 64bit pref]
[    0.251338] pci 0000:00:04.0: [8086:25ab] type 00 class 0x088000 conventional PCI endpoint
[    0.252583] pci 0000:00:04.0: BAR 0 [mem 0xfebfe000-0xfebfe00f]
[    0.256280] pci 0000:00:05.0: [1af4:1003] type 00 class 0x078000 conventional PCI endpoint
[    0.258048] pci 0000:00:05.0: BAR 0 [io  0xc080-0xc0bf]
[    0.259738] pci 0000:00:05.0: BAR 1 [mem 0xfebff000-0xfebfffff]
[    0.263800] pci 0000:00:05.0: BAR 4 [mem 0xfebf8000-0xfebfbfff 64bit pref]
[    0.265842] ACPI: PCI: Interrupt link LNKA configured for IRQ 10
[    0.266170] ACPI: PCI: Interrupt link LNKB configured for IRQ 10
[    0.267082] ACPI: PCI: Interrupt link LNKC configured for IRQ 11
[    0.267993] ACPI: PCI: Interrupt link LNKD configured for IRQ 11
[    0.268127] ACPI: PCI: Interrupt link LNKS configured for IRQ 9
[    0.269867] iommu: Default domain type: Translated
[    0.270048] iommu: DMA domain TLB invalidation policy: lazy mode
[    0.270906] SCSI subsystem initialized
[    0.271082] pps_core: LinuxPPS API ver. 1 registered
[    0.271748] pps_core: Software ver. 5.3.6 - Copyright 2005-2007 Rodolfo Giometti <giometti@linux.it>
[    0.272050] PTP clock support registered
[    0.272585] Advanced Linux Sound Architecture Driver Initialized.
[    0.273369] NET: Registered PF_ATMPVC protocol family
[    0.274037] NET: Registered PF_ATMSVC protocol family
[    0.274052] PCI: Using ACPI for IRQ routing
[    0.274688] vgaarb: loaded
[    0.275090] hpet0: at MMIO 0xfed00000, IRQs 2, 8, 0
[    0.275750] hpet0: 3 comparators, 64-bit 100.000000 MHz counter
[    0.283479] clocksource: Switched to clocksource kvm-clock
[    0.284348] VFS: Disk quotas dquot_6.6.0
[    0.284478] VFS: Dquot-cache hash table entries: 512 (order 0, 4096 bytes)
[    0.285912] pnp: PnP ACPI init
[    0.286510] pnp: PnP ACPI: found 5 devices
[    0.293915] clocksource: acpi_pm: mask: 0xffffff max_cycles: 0xffffff, max_idle_ns: 2085701024 ns
[    0.295114] NET: Registered PF_INET protocol family
[    0.295893] IP idents hash table entries: 16384 (order: 5, 131072 bytes, linear)
[    0.297039] tcp_listen_portaddr_hash hash table entries: 512 (order: 1, 8192 bytes, linear)
[    0.298161] Table-perturb hash table entries: 65536 (order: 6, 262144 bytes, linear)
[    0.299195] TCP established hash table entries: 8192 (order: 4, 65536 bytes, linear)
[    0.300223] TCP bind hash table entries: 8192 (order: 6, 262144 bytes, linear)
[    0.301183] TCP: Hash tables configured (established 8192 bind 8192)
[    0.302042] UDP hash table entries: 512 (order: 2, 16384 bytes, linear)
[    0.302915] UDP-Lite hash table entries: 512 (order: 2, 16384 bytes, linear)
[    0.303876] NET: Registered PF_UNIX/PF_LOCAL protocol family
[    0.304623] pci_bus 0000:00: resource 4 [io  0x0000-0x0cf7 window]
[    0.305437] pci_bus 0000:00: resource 5 [io  0x0d00-0xffff window]
[    0.306252] pci_bus 0000:00: resource 6 [mem 0x000a0000-0x000bffff window]
[    0.307163] pci_bus 0000:00: resource 7 [mem 0x40000000-0xfebfffff window]
[    0.308076] pci_bus 0000:00: resource 8 [mem 0x100000000-0x17fffffff window]
[    0.309031] pci 0000:00:01.0: PIIX3: Enabling Passive Release
[    0.309799] pci 0000:00:00.0: Limiting direct PCI/PCI transfers
[    0.310615] PCI: CLS 0 bytes, default 64
[    0.311196] kvm_intel: VMX not supported by CPU 0
[    0.311841] kvm_amd: TSC scaling supported
[    0.312389] kvm_amd: Nested Virtualization enabled
[    0.313022] kvm_amd: Nested Paging enabled
[    0.313566] kvm_amd: LBR virtualization supported
[    0.314197] kvm_amd: Virtual VMLOAD VMSAVE supported
[    0.314853] kvm_amd: Virtual GIF supported
[    0.315393] kvm_amd: Virtual NMI enabled
[    0.410087] Initialise system trusted keyrings
[    0.410798] workingset: timestamp_bits=56 max_order=18 bucket_order=0
[    0.411699] squashfs: version 4.0 (2009/01/31) Phillip Lougher
[    0.412499] fuse: init (API version 7.40)
[    0.413084] 9p: Installing v9fs 9p2000 file system support
[    0.420483] Key type asymmetric registered
[    0.421035] Asymmetric key parser 'x509' registered
[    0.421691] Block layer SCSI generic (bsg) driver version 0.4 loaded (major 249)
[    0.422685] io scheduler mq-deadline registered
[    0.423302] io scheduler kyber registered
[    0.424909] input: Power Button as /devices/LNXSYSTM:00/LNXPWRBN:00/input/input0
[    0.425957] ACPI: button: Power Button [PWRF]
[    0.426559] Warning: Processor Platform Limit event detected, but not handled.
[    0.427534] Consider compiling CPUfreq support into your kernel.
[    0.445184] ACPI: \_SB_.LNKB: Enabled at IRQ 10
[    0.462392] ACPI: \_SB_.LNKC: Enabled at IRQ 11
[    0.479682] ACPI: \_SB_.LNKA: Enabled at IRQ 10
[    0.480981] Serial: 8250/16550 driver, 4 ports, IRQ sharing enabled
[    0.481949] 00:03: ttyS0 at I/O 0x3f8 (irq = 4, base_baud = 115200) is a 16550A
[    0.517629] Non-volatile memory driver v1.3
[    0.518246] Linux agpgart interface v0.103
[    0.518297] ACPI: bus type drm_connector registered
[    0.519552] printk: legacy console [hvc0] enabled
[    0.520196] printk: legacy bootconsole [earlyser0] disabled
          _      _                                    
   __   _(_)_ __| |_ _ __ ___   ___       _ __   __ _ 
   \ \ / / |  __| __|  _   _ \ / _ \_____|  _ \ / _  |
    \ V /| | |  | |_| | | | | |  __/_____| | | | (_| |
     \_/ |_|_|   \__|_| |_| |_|\___|     |_| |_|\__  |
                                                |___/ 
   kernel version: 6.10.0-rc5-virtme x86_64
   (CTRL+d to exit)

virtme-ng:/nipa-data/kernel# PS1='xx__-> '
xx__-> env
PWD=/nipa-data/kernel
nr_open=1048576
HOME=/root
TERM=xterm
SHLVL=2
XDG_RUNTIME_DIR=/run/user/0
PATH=/bin:/sbin:/usr/bin:/usr/sbin:/usr/local/bin
OLDPWD=/
_=/usr/bin/env
xx__-> 