No EFI environment detected.
early console in extract_kernel
input_data: 0x0000000004b142b9
input_len: 0x00000000017c86fc
output: 0x0000000001000000
output_len: 0x0000000005269904
kernel_total_size: 0x0000000004e30000
needed_size: 0x0000000005400000
trampoline_32bit: 0x0000000000000000
Physical KASLR using RDRAND RDTSC...
Virtual KASLR using RDRAND RDTSC...

Decompressing Linux... Parsing ELF... Performing relocations... done.
Booting the kernel (entry_offset: 0x0000000000000000).
[    0.000000] Linux version 6.8.0-rc7-virtme (root@cdc1d1717882) (gcc (Alpine 13.2.1_git20231014) 13.2.1 20231014, GNU ld (GNU Binutils) 2.42) #1 SMP PREEMPT_DYNAMIC Tue Mar 12 15:26:00 UTC 2024
[    0.000000] Command line: virtme_hostname=virtme-ng nr_open=1048576 virtme_link_mods=/nipa-data/kernel/.virtme_mods/lib/modules/0.0.0 virtme_initmount0=nipa-data/kernel virtme_rw_overlay0=/etc virtme_rw_overlay1=/lib virtme_rw_overlay2=/home virtme_rw_overlay3=/opt virtme_rw_overlay4=/srv virtme_rw_overlay5=/usr virtme_rw_overlay6=/var console=hvc0 earlyprintk=serial,ttyS0,115200 virtme_console=ttyS0 psmouse.proto=exps TERM=xterm virtme_chdir=nipa-data/kernel virtme_root_user=1 rootfstype=9p rootflags=version=9p2000.L,trans=virtio,access=any raid=noautodetect ro init=/usr/lib/python3.11/site-packages/virtme/guest/virtme-init
[    0.000000] BIOS-provided physical RAM map:
[    0.000000] BIOS-e820: [mem 0x0000000000000000-0x000000000009fbff] usable
[    0.000000] BIOS-e820: [mem 0x000000000009fc00-0x000000000009ffff] reserved
[    0.000000] BIOS-e820: [mem 0x00000000000f0000-0x00000000000fffff] reserved
[    0.000000] BIOS-e820: [mem 0x0000000000100000-0x000000003ffdffff] usable
[    0.000000] BIOS-e820: [mem 0x000000003ffe0000-0x000000003fffffff] reserved
[    0.000000] BIOS-e820: [mem 0x00000000feffc000-0x00000000feffffff] reserved
[    0.000000] BIOS-e820: [mem 0x00000000fffc0000-0x00000000ffffffff] reserved
[    0.000000] BIOS-e820: [mem 0x000000fd00000000-0x000000ffffffffff] reserved
[    0.000000] printk: legacy bootconsole [earlyser0] enabled
[    0.000000] NX (Execute Disable) protection: active
[    0.000000] APIC: Static calls initialized
[    0.000000] SMBIOS 3.0.0 present.
[    0.000000] DMI: QEMU Standard PC (i440FX + PIIX, 1996), BIOS rel-1.16.3-0-ga6ed6b701f0a-prebuilt.qemu.org 04/01/2014
[    0.000000] Hypervisor detected: KVM
[    0.000000] kvm-clock: Using msrs 4b564d01 and 4b564d00
[    0.000000] kvm-clock: using sched offset of 273512242 cycles
[    0.000357] clocksource: kvm-clock: mask: 0xffffffffffffffff max_cycles: 0x1cd42e4dffb, max_idle_ns: 881590591483 ns
[    0.001463] tsc: Detected 4491.556 MHz processor
[    0.002124] last_pfn = 0x3ffe0 max_arch_pfn = 0x400000000
[    0.002515] MTRR map: 4 entries (3 fixed + 1 variable; max 19), built from 8 variable MTRRs
[    0.003084] x86/PAT: Configuration [0-7]: WB  WC  UC- UC  WB  WP  UC- WT  
[    0.004943] found SMP MP-table at [mem 0x000f5470-0x000f547f]
[    0.005341] Using GB pages for direct mapping
[    0.005798] ACPI: Early table checksum verification disabled
[    0.006185] ACPI: RSDP 0x00000000000F5290 000014 (v00 BOCHS )
[    0.006579] ACPI: RSDT 0x000000003FFE27BC 000034 (v01 BOCHS  BXPC     00000001 BXPC 00000001)
[    0.007163] ACPI: FACP 0x000000003FFE2578 000074 (v01 BOCHS  BXPC     00000001 BXPC 00000001)
[    0.007747] ACPI: DSDT 0x000000003FFE0040 002538 (v01 BOCHS  BXPC     00000001 BXPC 00000001)
[    0.008330] ACPI: FACS 0x000000003FFE0000 000040
[    0.008646] ACPI: APIC 0x000000003FFE25EC 000170 (v03 BOCHS  BXPC     00000001 BXPC 00000001)
[    0.009228] ACPI: HPET 0x000000003FFE275C 000038 (v01 BOCHS  BXPC     00000001 BXPC 00000001)
[    0.009812] ACPI: WAET 0x000000003FFE2794 000028 (v01 BOCHS  BXPC     00000001 BXPC 00000001)
[    0.010392] ACPI: Reserving FACP table memory at [mem 0x3ffe2578-0x3ffe25eb]
[    0.010872] ACPI: Reserving DSDT table memory at [mem 0x3ffe0040-0x3ffe2577]
[    0.011350] ACPI: Reserving FACS table memory at [mem 0x3ffe0000-0x3ffe003f]
[    0.011829] ACPI: Reserving APIC table memory at [mem 0x3ffe25ec-0x3ffe275b]
[    0.012312] ACPI: Reserving HPET table memory at [mem 0x3ffe275c-0x3ffe2793]
[    0.012789] ACPI: Reserving WAET table memory at [mem 0x3ffe2794-0x3ffe27bb]
[    0.013448] No NUMA configuration found
[    0.013708] Faking a node at [mem 0x0000000000000000-0x000000003ffdffff]
[    0.014166] NODE_DATA(0) allocated [mem 0x3ffdb000-0x3ffdffff]
[    0.014579] Zone ranges:
[    0.014750]   DMA      [mem 0x0000000000001000-0x0000000000ffffff]
[    0.015170]   DMA32    [mem 0x0000000001000000-0x000000003ffdffff]
[    0.015592]   Normal   empty
[    0.015789]   Device   empty
[    0.015985] Movable zone start for each node
[    0.016275] Early memory node ranges
[    0.016517]   node   0: [mem 0x0000000000001000-0x000000000009efff]
[    0.016943]   node   0: [mem 0x0000000000100000-0x000000003ffdffff]
[    0.017368] Initmem setup node 0 [mem 0x0000000000001000-0x000000003ffdffff]
[    0.017853] On node 0, zone DMA: 1 pages in unavailable ranges
[    0.018300] On node 0, zone DMA: 97 pages in unavailable ranges
[    0.022708] On node 0, zone DMA32: 32 pages in unavailable ranges
[    0.031553] kasan: KernelAddressSanitizer initialized
[    0.032112] ACPI: PM-Timer IO Port: 0x608
[    0.032391] ACPI: LAPIC_NMI (acpi_id[0xff] dfl dfl lint[0x1])
[    0.032802] IOAPIC[0]: apic_id 0, version 17, address 0xfec00000, GSI 0-23
[    0.033270] ACPI: INT_SRC_OVR (bus 0 bus_irq 0 global_irq 2 dfl dfl)
[    0.033702] ACPI: INT_SRC_OVR (bus 0 bus_irq 5 global_irq 5 high level)
[    0.034161] ACPI: INT_SRC_OVR (bus 0 bus_irq 9 global_irq 9 high level)
[    0.034610] ACPI: INT_SRC_OVR (bus 0 bus_irq 10 global_irq 10 high level)
[    0.035071] ACPI: INT_SRC_OVR (bus 0 bus_irq 11 global_irq 11 high level)
[    0.035533] ACPI: Using ACPI (MADT) for SMP configuration information
[    0.035971] ACPI: HPET id: 0x8086a201 base: 0xfed00000
[    0.036321] TSC deadline timer available
[    0.036588] smpboot: Allowing 32 CPUs, 0 hotplug CPUs
[    0.036944] kvm-guest: APIC: eoi() replaced with kvm_guest_apic_eoi_write()
[    0.037428] kvm-guest: KVM setup pv remote TLB flush
[    0.037767] kvm-guest: setup PV sched yield
[    0.038075] PM: hibernation: Registered nosave memory: [mem 0x00000000-0x00000fff]
[    0.038589] PM: hibernation: Registered nosave memory: [mem 0x0009f000-0x0009ffff]
[    0.039102] PM: hibernation: Registered nosave memory: [mem 0x000a0000-0x000effff]
[    0.039615] PM: hibernation: Registered nosave memory: [mem 0x000f0000-0x000fffff]
[    0.040128] [mem 0x40000000-0xfeffbfff] available for PCI devices
[    0.040541] Booting paravirtualized kernel on KVM
[    0.040860] clocksource: refined-jiffies: mask: 0xffffffff max_cycles: 0xffffffff, max_idle_ns: 1910969940391419 ns
[    0.048914] setup_percpu: NR_CPUS:64 nr_cpumask_bits:32 nr_cpu_ids:32 nr_node_ids:1
[    0.050640] percpu: Embedded 68 pages/cpu s241448 r8192 d28888 u524288
[    0.051146] Kernel command line: virtme_hostname=virtme-ng nr_open=1048576 virtme_link_mods=/nipa-data/kernel/.virtme_mods/lib/modules/0.0.0 virtme_initmount0=nipa-data/kernel virtme_rw_overlay0=/etc virtme_rw_overlay1=/lib virtme_rw_overlay2=/home virtme_rw_overlay3=/opt virtme_rw_overlay4=/srv virtme_rw_overlay5=/usr virtme_rw_overlay6=/var console=hvc0 earlyprintk=serial,ttyS0,115200 virtme_console=ttyS0 psmouse.proto=exps TERM=xterm virtme_chdir=nipa-data/kernel virtme_root_user=1 rootfstype=9p rootflags=version=9p2000.L,trans=virtio,access=any raid=noautodetect ro init=/usr/lib/python3.11/site-packages/virtme/guest/virtme-init
[    0.055200] Unknown kernel command line parameters "virtme_hostname=virtme-ng nr_open=1048576 virtme_link_mods=/nipa-data/kernel/.virtme_mods/lib/modules/0.0.0 virtme_initmount0=nipa-data/kernel virtme_rw_overlay0=/etc virtme_rw_overlay1=/lib virtme_rw_overlay2=/home virtme_rw_overlay3=/opt virtme_rw_overlay4=/srv virtme_rw_overlay5=/usr virtme_rw_overlay6=/var virtme_console=ttyS0 virtme_chdir=nipa-data/kernel virtme_root_user=1", will be passed to user space.
[    0.058275] random: crng init done
[    0.058640] Dentry cache hash table entries: 131072 (order: 8, 1048576 bytes, linear)
[    0.059212] Inode-cache hash table entries: 65536 (order: 7, 524288 bytes, linear)
[    0.060158] Fallback order for Node 0: 0 
[    0.060162] Built 1 zonelists, mobility grouping on.  Total pages: 257760
[    0.060921] Policy zone: DMA32
[    0.061136] mem auto-init: stack:all(zero), heap alloc:off, heap free:off
[    0.061613] stackdepot: allocating hash table via alloc_large_system_hash
[    0.062094] stackdepot hash table entries: 1048576 (order: 12, 16777216 bytes, linear)
[    0.069754] Memory: 781284K/1048056K available (43008K kernel code, 11338K rwdata, 9576K rodata, 5752K init, 2404K bss, 266516K reserved, 0K cma-reserved)
[    0.070905] SLUB: HWalign=64, Order=0-3, MinObjects=0, CPUs=32, Nodes=1
Poking KASLR using RDRAND RDTSC...
[    0.071611] ftrace: allocating 46526 entries in 182 pages
[    0.079578] ftrace: allocated 182 pages with 5 groups
[    0.080719] Dynamic Preempt: voluntary
[    0.081290] rcu: Preemptible hierarchical RCU implementation.
[    0.081693] rcu: RCU event tracing is enabled.
[    0.082011] rcu: RCU restricting CPUs from NR_CPUS=64 to nr_cpu_ids=32.
[    0.082476] Trampoline variant of Tasks RCU enabled.
[    0.082826] Rude variant of Tasks RCU enabled.
[    0.083140] Tracing variant of Tasks RCU enabled.
[    0.083472] rcu: RCU calculated value of scheduler-enlistment delay is 100 jiffies.
[    0.084002] rcu: Adjusting geometry for rcu_fanout_leaf=16, nr_cpu_ids=32
[    0.091901] NR_IRQS: 4352, nr_irqs: 680, preallocated irqs: 16
[    0.092546] rcu: srcu_init: Setting srcu_struct sizes based on contention.
[    0.093228] Console: colour *CGA 80x25
[    0.093515] ACPI: Core revision 20230628
[    0.093945] clocksource: hpet: mask: 0xffffffff max_cycles: 0xffffffff, max_idle_ns: 19112604467 ns
[    0.094649] APIC: Switch to symmetric I/O mode setup
[    0.095017] APIC: Switched APIC routing to: physical flat
[    0.095395] kvm-guest: APIC: send_IPI_mask() replaced with kvm_send_ipi_mask()
[    0.095898] kvm-guest: APIC: send_IPI_mask_allbutself() replaced with kvm_send_ipi_mask_allbutself()
[    0.096531] kvm-guest: setup PV IPIs
[    0.097616] ..TIMER: vector=0x30 apic1=0 pin1=2 apic2=-1 pin2=-1
[    0.098378] tsc: Marking TSC unstable due to TSCs unsynchronized
[    0.099131] Calibrating delay loop (skipped) preset value.. 8983.11 BogoMIPS (lpj=4491556)
[    0.100186] x86/cpu: User Mode Instruction Prevention (UMIP) activated
[    0.101184] Last level iTLB entries: 4KB 512, 2MB 255, 4MB 127
[    0.102128] Last level dTLB entries: 4KB 512, 2MB 255, 4MB 127, 1GB 0
[    0.102930] Spectre V1 : Mitigation: usercopy/swapgs barriers and __user pointer sanitization
[    0.103132] Spectre V2 : Mitigation: Enhanced / Automatic IBRS
[    0.103836] Spectre V2 : Spectre v2 / SpectreRSB mitigation: Filling RSB on context switch
[    0.104130] Spectre V2 : mitigation: Enabling conditional Indirect Branch Prediction Barrier
[    0.105130] Speculative Store Bypass: Mitigation: Speculative Store Bypass disabled via prctl
[    0.106128] Speculative Return Stack Overflow: IBPB-extending microcode not applied!
[    0.107128] Speculative Return Stack Overflow: WARNING: See https://kernel.org/doc/html/latest/admin-guide/hw-vuln/srso.html for mitigation options.
[    0.107129] Speculative Return Stack Overflow: Vulnerable: Safe RET, no microcode
[    0.109142] x86/fpu: Supporting XSAVE feature 0x001: 'x87 floating point registers'
[    0.110128] x86/fpu: Supporting XSAVE feature 0x002: 'SSE registers'
[    0.111128] x86/fpu: Supporting XSAVE feature 0x004: 'AVX registers'
[    0.111882] x86/fpu: Supporting XSAVE feature 0x020: 'AVX-512 opmask'
[    0.112128] x86/fpu: Supporting XSAVE feature 0x040: 'AVX-512 Hi256'
[    0.113128] x86/fpu: Supporting XSAVE feature 0x080: 'AVX-512 ZMM_Hi256'
[    0.114128] x86/fpu: Supporting XSAVE feature 0x200: 'Protection Keys User registers'
[    0.115128] x86/fpu: xstate_offset[2]:  576, xstate_sizes[2]:  256
[    0.116128] x86/fpu: xstate_offset[5]:  832, xstate_sizes[5]:   64
[    0.116863] x86/fpu: xstate_offset[6]:  896, xstate_sizes[6]:  512
[    0.117128] x86/fpu: xstate_offset[7]: 1408, xstate_sizes[7]: 1024
[    0.118128] x86/fpu: xstate_offset[9]: 2432, xstate_sizes[9]:    8
[    0.118861] x86/fpu: Enabled xstate features 0x2e7, context size is 2440 bytes, using 'compacted' format.
[    0.137242] Freeing SMP alternatives memory: 36K
[    0.137793] pid_max: default: 32768 minimum: 301
[    0.138247] Mount-cache hash table entries: 2048 (order: 2, 16384 bytes, linear)
[    0.139129] Mountpoint-cache hash table entries: 2048 (order: 2, 16384 bytes, linear)
[    0.140695] smpboot: CPU0: AMD Ryzen 9 7950X 16-Core Processor (family: 0x19, model: 0x61, stepping: 0x2)
[    0.141418] RCU Tasks: Setting shift to 5 and lim to 1 rcu_task_cb_adjust=1.
[    0.142152] RCU Tasks Rude: Setting shift to 5 and lim to 1 rcu_task_cb_adjust=1.
[    0.143070] RCU Tasks Trace: Setting shift to 5 and lim to 1 rcu_task_cb_adjust=1.
[    0.143154] Performance Events: Fam17h+ core perfctr, AMD PMU driver.
[    0.143949] ... version:                0
[    0.144130] ... bit width:              48
[    0.144616] ... generic registers:      6
[    0.145092] ... value mask:             0000ffffffffffff
[    0.145129] ... max period:             00007fffffffffff
[    0.145760] ... fixed-purpose events:   0
[    0.146129] ... event mask:             000000000000003f
[    0.146852] signal: max sigframe size: 3376
[    0.147171] rcu: Hierarchical SRCU implementation.
[    0.147741] rcu: Max phase no-delay instances is 400.
[    0.151715] smp: Bringing up secondary CPUs ...
[    0.152293] smpboot: x86: Booting SMP configuration:
[    0.152884] .... node  #0, CPUs:        #1  #2  #3  #4  #5  #6  #7  #8  #9 #10 #11 #12 #13 #14 #15 #16 #17 #18 #19 #20 #21 #22 #23 #24 #25 #26 #27 #28 #29 #30 #31
[    0.170243] smp: Brought up 1 node, 32 CPUs
[    0.171637] smpboot: Max logical packages: 1
[    0.172131] smpboot: Total of 32 processors activated (287459.58 BogoMIPS)
[    0.176210] devtmpfs: initialized
[    0.176656] x86/mm: Memory block size: 128MB
[    0.182753] clocksource: jiffies: mask: 0xffffffff max_cycles: 0xffffffff, max_idle_ns: 1911260446275000 ns
[    0.183134] futex hash table entries: 8192 (order: 7, 524288 bytes, linear)
[    0.184287] PM: RTC time: 15:26:34, date: 2024-03-12
[    0.185611] NET: Registered PF_NETLINK/PF_ROUTE protocol family
[    0.186875] thermal_sys: Registered thermal governor 'step_wise'
[    0.186877] thermal_sys: Registered thermal governor 'user_space'
[    0.187190] cpuidle: using governor menu
[    0.189484] PCI: Using configuration type 1 for base access
[    0.190130] PCI: Using configuration type 1 for extended access
[    0.190977] kprobes: kprobe jump-optimization is enabled. All kprobes are optimized if possible.
[    0.209786] HugeTLB: registered 1.00 GiB page size, pre-allocated 0 pages
[    0.210130] HugeTLB: 16380 KiB vmemmap can be freed for a 1.00 GiB page
[    0.210947] HugeTLB: registered 2.00 MiB page size, pre-allocated 0 pages
[    0.211129] HugeTLB: 28 KiB vmemmap can be freed for a 2.00 MiB page
[    0.212435] ACPI: Added _OSI(Module Device)
[    0.212954] ACPI: Added _OSI(Processor Device)
[    0.213131] ACPI: Added _OSI(3.0 _SCP Extensions)
[    0.213707] ACPI: Added _OSI(Processor Aggregator Device)
[    0.236394] ACPI: 1 ACPI AML tables successfully acquired and loaded
[    0.238645] ACPI: _OSC evaluation for CPUs failed, trying _PDC
[    0.241268] ACPI: Interpreter enabled
[    0.241779] ACPI: PM: (supports S0 S3 S4 S5)
[    0.242130] ACPI: Using IOAPIC for interrupt routing
[    0.242785] PCI: Using host bridge windows from ACPI; if necessary, use "pci=nocrs" and report a bug
[    0.243130] PCI: Using E820 reservations for host bridge windows
[    0.244884] ACPI: Enabled 2 GPEs in block 00 to 0F
[    0.289919] ACPI: PCI Root Bridge [PCI0] (domain 0000 [bus 00-ff])
[    0.290143] acpi PNP0A03:00: _OSC: OS supports [ExtendedConfig ASPM ClockPM Segments MSI HPX-Type3]
[    0.291601] PCI host bridge to bus 0000:00
[    0.292108] pci_bus 0000:00: root bus resource [io  0x0000-0x0cf7 window]
[    0.292132] pci_bus 0000:00: root bus resource [io  0x0d00-0xffff window]
[    0.292972] pci_bus 0000:00: root bus resource [mem 0x000a0000-0x000bffff window]
[    0.293132] pci_bus 0000:00: root bus resource [mem 0x40000000-0xfebfffff window]
[    0.294042] pci_bus 0000:00: root bus resource [mem 0x100000000-0x17fffffff window]
[    0.294133] pci_bus 0000:00: root bus resource [bus 00-ff]
[    0.294945] pci 0000:00:00.0: [8086:1237] type 00 class 0x060000 conventional PCI endpoint
[    0.295948] pci 0000:00:01.0: [8086:7000] type 00 class 0x060100 conventional PCI endpoint
[    0.296987] pci 0000:00:01.1: [8086:7010] type 00 class 0x010180 conventional PCI endpoint
[    0.299130] pci 0000:00:01.1: BAR 4 [io  0xc0c0-0xc0cf]
[    0.300605] pci 0000:00:01.1: BAR 0 [io  0x01f0-0x01f7]: legacy IDE quirk
[    0.301130] pci 0000:00:01.1: BAR 1 [io  0x03f6]: legacy IDE quirk
[    0.301890] pci 0000:00:01.1: BAR 2 [io  0x0170-0x0177]: legacy IDE quirk
[    0.302130] pci 0000:00:01.1: BAR 3 [io  0x0376]: legacy IDE quirk
[    0.303551] pci 0000:00:01.3: [8086:7113] type 00 class 0x068000 conventional PCI endpoint
[    0.304382] pci 0000:00:01.3: quirk: [io  0x0600-0x063f] claimed by PIIX4 ACPI
[    0.305134] pci 0000:00:01.3: quirk: [io  0x0700-0x070f] claimed by PIIX4 SMB
[    0.306830] pci 0000:00:02.0: [1af4:1009] type 00 class 0x000200 conventional PCI endpoint
[    0.308130] pci 0000:00:02.0: BAR 0 [io  0xc000-0xc03f]
[    0.309808] pci 0000:00:02.0: BAR 1 [mem 0xfebfc000-0xfebfcfff]
[    0.313130] pci 0000:00:02.0: BAR 4 [mem 0xfebf0000-0xfebf3fff 64bit pref]
[    0.326052] pci 0000:00:03.0: [1af4:1009] type 00 class 0x000200 conventional PCI endpoint
[    0.327130] pci 0000:00:03.0: BAR 0 [io  0xc040-0xc07f]
[    0.328796] pci 0000:00:03.0: BAR 1 [mem 0xfebfd000-0xfebfdfff]
[    0.333130] pci 0000:00:03.0: BAR 4 [mem 0xfebf4000-0xfebf7fff 64bit pref]
[    0.345671] pci 0000:00:04.0: [8086:25ab] type 00 class 0x088000 conventional PCI endpoint
[    0.346545] pci 0000:00:04.0: BAR 0 [mem 0xfebfe000-0xfebfe00f]
[    0.360576] pci 0000:00:05.0: [1af4:1003] type 00 class 0x078000 conventional PCI endpoint
[    0.362130] pci 0000:00:05.0: BAR 0 [io  0xc080-0xc0bf]
[    0.363805] pci 0000:00:05.0: BAR 1 [mem 0xfebff000-0xfebfffff]
[    0.367130] pci 0000:00:05.0: BAR 4 [mem 0xfebf8000-0xfebfbfff 64bit pref]
[    0.381966] ACPI: PCI: Interrupt link LNKA configured for IRQ 10
[    0.383023] ACPI: PCI: Interrupt link LNKB configured for IRQ 10
[    0.384007] ACPI: PCI: Interrupt link LNKC configured for IRQ 11
[    0.385011] ACPI: PCI: Interrupt link LNKD configured for IRQ 11
[    0.385496] ACPI: PCI: Interrupt link LNKS configured for IRQ 9
[    0.403692] iommu: Default domain type: Translated
[    0.404130] iommu: DMA domain TLB invalidation policy: lazy mode
[    0.405301] SCSI subsystem initialized
[    0.405855] pps_core: LinuxPPS API ver. 1 registered
[    0.406130] pps_core: Software ver. 5.3.6 - Copyright 2005-2007 Rodolfo Giometti <giometti@linux.it>
[    0.407143] PTP clock support registered
[    0.407719] Advanced Linux Sound Architecture Driver Initialized.
[    0.409141] NET: Registered PF_ATMPVC protocol family
[    0.409765] NET: Registered PF_ATMSVC protocol family
[    0.410153] PCI: Using ACPI for IRQ routing
[    0.410792] vgaarb: loaded
[    0.411242] hpet0: at MMIO 0xfed00000, IRQs 2, 8, 0
[    0.411843] hpet0: 3 comparators, 64-bit 100.000000 MHz counter
[    0.416325] clocksource: Switched to clocksource kvm-clock
[    0.417362] VFS: Disk quotas dquot_6.6.0
[    0.417862] VFS: Dquot-cache hash table entries: 512 (order 0, 4096 bytes)
[    0.418891] pnp: PnP ACPI init
[    0.421542] pnp: PnP ACPI: found 5 devices
[    0.433174] clocksource: acpi_pm: mask: 0xffffff max_cycles: 0xffffff, max_idle_ns: 2085701024 ns
[    0.434341] NET: Registered PF_INET protocol family
[    0.434984] IP idents hash table entries: 16384 (order: 5, 131072 bytes, linear)
[    0.436282] tcp_listen_portaddr_hash hash table entries: 512 (order: 1, 8192 bytes, linear)
[    0.437313] Table-perturb hash table entries: 65536 (order: 6, 262144 bytes, linear)
[    0.438276] TCP established hash table entries: 8192 (order: 4, 65536 bytes, linear)
[    0.439235] TCP bind hash table entries: 8192 (order: 6, 262144 bytes, linear)
[    0.440126] TCP: Hash tables configured (established 8192 bind 8192)
[    0.441050] UDP hash table entries: 512 (order: 2, 16384 bytes, linear)
[    0.441869] UDP-Lite hash table entries: 512 (order: 2, 16384 bytes, linear)
[    0.442943] NET: Registered PF_UNIX/PF_LOCAL protocol family
[    0.443655] pci_bus 0000:00: resource 4 [io  0x0000-0x0cf7 window]
[    0.444411] pci_bus 0000:00: resource 5 [io  0x0d00-0xffff window]
[    0.445159] pci_bus 0000:00: resource 6 [mem 0x000a0000-0x000bffff window]
[    0.445979] pci_bus 0000:00: resource 7 [mem 0x40000000-0xfebfffff window]
[    0.446804] pci_bus 0000:00: resource 8 [mem 0x100000000-0x17fffffff window]
[    0.447837] pci 0000:00:01.0: PIIX3: Enabling Passive Release
[    0.448531] pci 0000:00:00.0: Limiting direct PCI/PCI transfers
[    0.449279] PCI: CLS 0 bytes, default 64
[    0.449799] kvm_intel: VMX not supported by CPU 0
[    0.450564] kvm_amd: TSC scaling supported
[    0.451055] kvm_amd: Nested Virtualization enabled
[    0.451638] kvm_amd: Nested Paging enabled
[    0.452145] kvm_amd: Virtual VMLOAD VMSAVE supported
[    0.452737] kvm_amd: Virtual GIF supported
[    0.453234] kvm_amd: Virtual NMI enabled
[    0.453701] kvm_amd: LBR virtualization supported
[    0.504511] workingset: timestamp_bits=56 max_order=18 bucket_order=0
[    0.505420] squashfs: version 4.0 (2009/01/31) Phillip Lougher
[    0.506153] fuse: init (API version 7.39)
[    0.506772] 9p: Installing v9fs 9p2000 file system support
[    0.507542] Key type asymmetric registered
[    0.508079] Block layer SCSI generic (bsg) driver version 0.4 loaded (major 249)
[    0.509006] io scheduler mq-deadline registered
[    0.509570] io scheduler kyber registered
[    0.511874] input: Power Button as /devices/LNXSYSTM:00/LNXPWRBN:00/input/input0
[    0.512978] ACPI: button: Power Button [PWRF]
[    0.513620] Warning: Processor Platform Limit event detected, but not handled.
[    0.514500] Consider compiling CPUfreq support into your kernel.
[    1.310713] ACPI: \_SB_.LNKB: Enabled at IRQ 10
[    2.100921] ACPI: \_SB_.LNKC: Enabled at IRQ 11
[    2.890254] ACPI: \_SB_.LNKA: Enabled at IRQ 10
[    2.891624] Serial: 8250/16550 driver, 4 ports, IRQ sharing enabled
[    2.892694] 00:03: ttyS0 at I/O 0x3f8 (irq = 4, base_baud = 115200) is a 16550A
[    2.935722] Non-volatile memory driver v1.3
[    2.936290] Linux agpgart interface v0.103
[    2.936972] ACPI: bus type drm_connector registered
[    2.937601] printk: legacy console [hvc0] enabled
[    2.938228] printk: legacy bootconsole [earlyser0] disabled
          _      _                                    
   __   _(_)_ __| |_ _ __ ___   ___       _ __   __ _ 
   \ \ / / |  __| __|  _   _ \ / _ \_____|  _ \ / _  |
    \ V /| | |  | |_| | | | | |  __/_____| | | | (_| |
     \_/ |_|_|   \__|_| |_| |_|\___|     |_| |_|\__  |
                                                |___/ 
   kernel version: 6.8.0-rc7-virtme x86_64
   (CTRL+d to exit)

virtme-ng:/nipa-data/kernel# PS1='xx__-> '
xx__-> env
PWD=/nipa-data/kernel
nr_open=1048576
HOME=/
TERM=xterm
SHLVL=2
XDG_RUNTIME_DIR=/run/user/0
PATH=/bin:/sbin:/usr/bin:/usr/sbin:/usr/local/bin
OLDPWD=/
_=/usr/bin/env
xx__-> 