No EFI environment detected.
early console in extract_kernel
input_data: 0x0000000004b142b9
input_len: 0x00000000017bce0c
output: 0x0000000001000000
output_len: 0x000000000525e43c
kernel_total_size: 0x0000000004e30000
needed_size: 0x0000000005400000
trampoline_32bit: 0x0000000000000000
Physical KASLR using RDRAND RDTSC...
Virtual KASLR using RDRAND RDTSC...

Decompressing Linux... Parsing ELF... Performing relocations... done.
Booting the kernel (entry_offset: 0x0000000000000000).
[    0.000000] Linux version 6.8.0-rc4-virtme (root@bfb066082a8a) (gcc (Alpine 13.2.1_git20231014) 13.2.1 20231014, GNU ld (GNU Binutils) 2.41) #1 SMP PREEMPT_DYNAMIC Mon Feb 19 09:26:36 UTC 2024
[    0.000000] Command line: virtme_hostname=virtme-ng virtme_link_mods=/nipa-data/kernel/.virtme_mods/lib/modules/0.0.0 virtme_initmount0=nipa-data/kernel virtme_rw_overlay0=/etc virtme_rw_overlay1=/lib virtme_rw_overlay2=/home virtme_rw_overlay3=/opt virtme_rw_overlay4=/srv virtme_rw_overlay5=/usr virtme_rw_overlay6=/var earlyprintk=serial,ttyS0,115200 console=ttyS0 psmouse.proto=exps TERM=xterm virtme_chdir=nipa-data/kernel virtme_root_user=1 rootfstype=9p rootflags=version=9p2000.L,trans=virtio,access=any raid=noautodetect ro init=/usr/lib/python3.11/site-packages/virtme/guest/virtme-init
[    0.000000] BIOS-provided physical RAM map:
[    0.000000] BIOS-e820: [mem 0x0000000000000000-0x000000000009fbff] usable
[    0.000000] BIOS-e820: [mem 0x000000000009fc00-0x000000000009ffff] reserved
[    0.000000] BIOS-e820: [mem 0x00000000000f0000-0x00000000000fffff] reserved
[    0.000000] BIOS-e820: [mem 0x0000000000100000-0x000000003ffdffff] usable
[    0.000000] BIOS-e820: [mem 0x000000003ffe0000-0x000000003fffffff] reserved
[    0.000000] BIOS-e820: [mem 0x00000000feffc000-0x00000000feffffff] reserved
[    0.000000] BIOS-e820: [mem 0x00000000fffc0000-0x00000000ffffffff] reserved
[    0.000000] BIOS-e820: [mem 0x000000fd00000000-0x000000ffffffffff] reserved
[    0.000000] printk: legacy bootconsole [earlyser0] enabled
[    0.000000] NX (Execute Disable) protection: active
[    0.000000] APIC: Static calls initialized
[    0.000000] SMBIOS 3.0.0 present.
[    0.000000] DMI: QEMU Standard PC (i440FX + PIIX, 1996), BIOS rel-1.16.3-0-ga6ed6b701f0a-prebuilt.qemu.org 04/01/2014
[    0.000000] Hypervisor detected: KVM
[    0.000000] kvm-clock: Using msrs 4b564d01 and 4b564d00
[    0.000000] kvm-clock: using sched offset of 364154790 cycles
[    0.000413] clocksource: kvm-clock: mask: 0xffffffffffffffff max_cycles: 0x1cd42e4dffb, max_idle_ns: 881590591483 ns
[    0.001689] tsc: Detected 4491.536 MHz processor
[    0.002576] last_pfn = 0x3ffe0 max_arch_pfn = 0x400000000
[    0.003036] MTRR map: 4 entries (3 fixed + 1 variable; max 19), built from 8 variable MTRRs
[    0.003688] x86/PAT: Configuration [0-7]: WB  WC  UC- UC  WB  WP  UC- WT  
[    0.005850] found SMP MP-table at [mem 0x000f5470-0x000f547f]
[    0.006311] Using GB pages for direct mapping
[    0.006836] ACPI: Early table checksum verification disabled
[    0.007283] ACPI: RSDP 0x00000000000F5290 000014 (v00 BOCHS )
[    0.007736] ACPI: RSDT 0x000000003FFE27B6 000034 (v01 BOCHS  BXPC     00000001 BXPC 00000001)
[    0.008419] ACPI: FACP 0x000000003FFE2572 000074 (v01 BOCHS  BXPC     00000001 BXPC 00000001)
[    0.009107] ACPI: DSDT 0x000000003FFE0040 002532 (v01 BOCHS  BXPC     00000001 BXPC 00000001)
[    0.009790] ACPI: FACS 0x000000003FFE0000 000040
[    0.010154] ACPI: APIC 0x000000003FFE25E6 000170 (v03 BOCHS  BXPC     00000001 BXPC 00000001)
[    0.010833] ACPI: HPET 0x000000003FFE2756 000038 (v01 BOCHS  BXPC     00000001 BXPC 00000001)
[    0.011505] ACPI: WAET 0x000000003FFE278E 000028 (v01 BOCHS  BXPC     00000001 BXPC 00000001)
[    0.012180] ACPI: Reserving FACP table memory at [mem 0x3ffe2572-0x3ffe25e5]
[    0.012737] ACPI: Reserving DSDT table memory at [mem 0x3ffe0040-0x3ffe2571]
[    0.013302] ACPI: Reserving FACS table memory at [mem 0x3ffe0000-0x3ffe003f]
[    0.013862] ACPI: Reserving APIC table memory at [mem 0x3ffe25e6-0x3ffe2755]
[    0.014412] ACPI: Reserving HPET table memory at [mem 0x3ffe2756-0x3ffe278d]
[    0.014970] ACPI: Reserving WAET table memory at [mem 0x3ffe278e-0x3ffe27b5]
[    0.015736] No NUMA configuration found
[    0.016051] Faking a node at [mem 0x0000000000000000-0x000000003ffdffff]
[    0.016582] NODE_DATA(0) allocated [mem 0x3ffdb000-0x3ffdffff]
[    0.017069] Zone ranges:
[    0.017266]   DMA      [mem 0x0000000000001000-0x0000000000ffffff]
[    0.017748]   DMA32    [mem 0x0000000001000000-0x000000003ffdffff]
[    0.018240]   Normal   empty
[    0.018465]   Device   empty
[    0.018689] Movable zone start for each node
[    0.019085] Early memory node ranges
[    0.019421]   node   0: [mem 0x0000000000001000-0x000000000009efff]
[    0.020015]   node   0: [mem 0x0000000000100000-0x000000003ffdffff]
[    0.020612] Initmem setup node 0 [mem 0x0000000000001000-0x000000003ffdffff]
[    0.021284] On node 0, zone DMA: 1 pages in unavailable ranges
[    0.021819] On node 0, zone DMA: 97 pages in unavailable ranges
[    0.026691] On node 0, zone DMA32: 32 pages in unavailable ranges
[    0.036375] kasan: KernelAddressSanitizer initialized
[    0.037019] ACPI: PM-Timer IO Port: 0x608
[    0.037335] ACPI: LAPIC_NMI (acpi_id[0xff] dfl dfl lint[0x1])
[    0.037814] IOAPIC[0]: apic_id 0, version 17, address 0xfec00000, GSI 0-23
[    0.038346] ACPI: INT_SRC_OVR (bus 0 bus_irq 0 global_irq 2 dfl dfl)
[    0.038838] ACPI: INT_SRC_OVR (bus 0 bus_irq 5 global_irq 5 high level)
[    0.039344] ACPI: INT_SRC_OVR (bus 0 bus_irq 9 global_irq 9 high level)
[    0.039864] ACPI: INT_SRC_OVR (bus 0 bus_irq 10 global_irq 10 high level)
[    0.040390] ACPI: INT_SRC_OVR (bus 0 bus_irq 11 global_irq 11 high level)
[    0.040919] ACPI: Using ACPI (MADT) for SMP configuration information
[    0.041409] ACPI: HPET id: 0x8086a201 base: 0xfed00000
[    0.041811] TSC deadline timer available
[    0.042108] smpboot: Allowing 32 CPUs, 0 hotplug CPUs
[    0.042503] kvm-guest: APIC: eoi() replaced with kvm_guest_apic_eoi_write()
[    0.043045] kvm-guest: KVM setup pv remote TLB flush
[    0.043423] kvm-guest: setup PV sched yield
[    0.043747] PM: hibernation: Registered nosave memory: [mem 0x00000000-0x00000fff]
[    0.044355] PM: hibernation: Registered nosave memory: [mem 0x0009f000-0x0009ffff]
[    0.044938] PM: hibernation: Registered nosave memory: [mem 0x000a0000-0x000effff]
[    0.045511] PM: hibernation: Registered nosave memory: [mem 0x000f0000-0x000fffff]
[    0.046092] [mem 0x40000000-0xfeffbfff] available for PCI devices
[    0.046550] Booting paravirtualized kernel on KVM
[    0.046915] clocksource: refined-jiffies: mask: 0xffffffff max_cycles: 0xffffffff, max_idle_ns: 1910969940391419 ns
[    0.055832] setup_percpu: NR_CPUS:64 nr_cpumask_bits:32 nr_cpu_ids:32 nr_node_ids:1
[    0.057687] percpu: Embedded 68 pages/cpu s241448 r8192 d28888 u524288
[    0.058251] Kernel command line: virtme_hostname=virtme-ng virtme_link_mods=/nipa-data/kernel/.virtme_mods/lib/modules/0.0.0 virtme_initmount0=nipa-data/kernel virtme_rw_overlay0=/etc virtme_rw_overlay1=/lib virtme_rw_overlay2=/home virtme_rw_overlay3=/opt virtme_rw_overlay4=/srv virtme_rw_overlay5=/usr virtme_rw_overlay6=/var earlyprintk=serial,ttyS0,115200 console=ttyS0 psmouse.proto=exps TERM=xterm virtme_chdir=nipa-data/kernel virtme_root_user=1 rootfstype=9p rootflags=version=9p2000.L,trans=virtio,access=any raid=noautodetect ro init=/usr/lib/python3.11/site-packages/virtme/guest/virtme-init
[    0.062813] Unknown kernel command line parameters "virtme_hostname=virtme-ng virtme_link_mods=/nipa-data/kernel/.virtme_mods/lib/modules/0.0.0 virtme_initmount0=nipa-data/kernel virtme_rw_overlay0=/etc virtme_rw_overlay1=/lib virtme_rw_overlay2=/home virtme_rw_overlay3=/opt virtme_rw_overlay4=/srv virtme_rw_overlay5=/usr virtme_rw_overlay6=/var virtme_chdir=nipa-data/kernel virtme_root_user=1", will be passed to user space.
[    0.065967] random: crng init done
[    0.066343] Dentry cache hash table entries: 131072 (order: 8, 1048576 bytes, linear)
[    0.066981] Inode-cache hash table entries: 65536 (order: 7, 524288 bytes, linear)
[    0.068009] Fallback order for Node 0: 0 
[    0.068013] Built 1 zonelists, mobility grouping on.  Total pages: 257760
[    0.068885] Policy zone: DMA32
[    0.069124] mem auto-init: stack:all(zero), heap alloc:off, heap free:off
[    0.069653] stackdepot: allocating hash table via alloc_large_system_hash
[    0.070214] stackdepot hash table entries: 1048576 (order: 12, 16777216 bytes, linear)
[    0.078328] Memory: 781300K/1048056K available (43008K kernel code, 11320K rwdata, 9564K rodata, 5740K init, 2444K bss, 266500K reserved, 0K cma-reserved)
[    0.079620] SLUB: HWalign=64, Order=0-3, MinObjects=0, CPUs=32, Nodes=1
Poking KASLR using RDRAND RDTSC...
[    0.080428] ftrace: allocating 46461 entries in 182 pages
[    0.089180] ftrace: allocated 182 pages with 5 groups
[    0.090464] Dynamic Preempt: voluntary
[    0.091116] rcu: Preemptible hierarchical RCU implementation.
[    0.091565] rcu: RCU event tracing is enabled.
[    0.091925] rcu: RCU restricting CPUs from NR_CPUS=64 to nr_cpu_ids=32.
[    0.092456] Trampoline variant of Tasks RCU enabled.
[    0.092860] Rude variant of Tasks RCU enabled.
[    0.093222] Tracing variant of Tasks RCU enabled.
[    0.093599] rcu: RCU calculated value of scheduler-enlistment delay is 100 jiffies.
[    0.094209] rcu: Adjusting geometry for rcu_fanout_leaf=16, nr_cpu_ids=32
[    0.103515] NR_IRQS: 4352, nr_irqs: 680, preallocated irqs: 16
[    0.104227] rcu: srcu_init: Setting srcu_struct sizes based on contention.
[    0.104982] Console: colour *CGA 80x25
[    0.105297] printk: legacy console [ttyS0] enabled
[    0.105297] printk: legacy console [ttyS0] enabled
[    0.106068] printk: legacy bootconsole [earlyser0] disabled
[    0.106068] printk: legacy bootconsole [earlyser0] disabled
[    0.106976] ACPI: Core revision 20230628
[    0.107451] clocksource: hpet: mask: 0xffffffff max_cycles: 0xffffffff, max_idle_ns: 19112604467 ns
[    0.108245] APIC: Switch to symmetric I/O mode setup
[    0.108649] APIC: Switched APIC routing to: physical flat
[    0.109083] kvm-guest: APIC: send_IPI_mask() replaced with kvm_send_ipi_mask()
[    0.109659] kvm-guest: APIC: send_IPI_mask_allbutself() replaced with kvm_send_ipi_mask_allbutself()
[    0.110397] kvm-guest: setup PV IPIs
[    0.111608] ..TIMER: vector=0x30 apic1=0 pin1=2 apic2=-1 pin2=-1
[    0.112477] tsc: Marking TSC unstable due to TSCs unsynchronized
[    0.113330] Calibrating delay loop (skipped) preset value.. 8983.07 BogoMIPS (lpj=4491536)
[    0.114391] x86/cpu: User Mode Instruction Prevention (UMIP) activated
[    0.115389] Last level iTLB entries: 4KB 512, 2MB 255, 4MB 127
[    0.116327] Last level dTLB entries: 4KB 512, 2MB 255, 4MB 127, 1GB 0
[    0.117330] Spectre V1 : Mitigation: usercopy/swapgs barriers and __user pointer sanitization
[    0.118331] Spectre V2 : Mitigation: Enhanced / Automatic IBRS
[    0.119326] Spectre V2 : Spectre v2 / SpectreRSB mitigation: Filling RSB on context switch
[    0.120328] Spectre V2 : mitigation: Enabling conditional Indirect Branch Prediction Barrier
[    0.121329] Speculative Store Bypass: Mitigation: Speculative Store Bypass disabled via prctl
[    0.122326] Speculative Return Stack Overflow: IBPB-extending microcode not applied!
[    0.123327] Speculative Return Stack Overflow: WARNING: See https://kernel.org/doc/html/latest/admin-guide/hw-vuln/srso.html for mitigation options.
[    0.123329] Speculative Return Stack Overflow: Vulnerable: Safe RET, no microcode
[    0.125344] x86/fpu: Supporting XSAVE feature 0x001: 'x87 floating point registers'
[    0.126326] x86/fpu: Supporting XSAVE feature 0x002: 'SSE registers'
[    0.127326] x86/fpu: Supporting XSAVE feature 0x004: 'AVX registers'
[    0.128202] x86/fpu: Supporting XSAVE feature 0x020: 'AVX-512 opmask'
[    0.128326] x86/fpu: Supporting XSAVE feature 0x040: 'AVX-512 Hi256'
[    0.129326] x86/fpu: Supporting XSAVE feature 0x080: 'AVX-512 ZMM_Hi256'
[    0.130326] x86/fpu: Supporting XSAVE feature 0x200: 'Protection Keys User registers'
[    0.131326] x86/fpu: xstate_offset[2]:  576, xstate_sizes[2]:  256
[    0.132326] x86/fpu: xstate_offset[5]:  832, xstate_sizes[5]:   64
[    0.133326] x86/fpu: xstate_offset[6]:  896, xstate_sizes[6]:  512
[    0.134326] x86/fpu: xstate_offset[7]: 1408, xstate_sizes[7]: 1024
[    0.135326] x86/fpu: xstate_offset[9]: 2432, xstate_sizes[9]:    8
[    0.136326] x86/fpu: Enabled xstate features 0x2e7, context size is 2440 bytes, using 'compacted' format.
[    0.159134] Freeing SMP alternatives memory: 36K
[    0.159327] pid_max: default: 32768 minimum: 301
[    0.160473] Mount-cache hash table entries: 2048 (order: 2, 16384 bytes, linear)
[    0.161329] Mountpoint-cache hash table entries: 2048 (order: 2, 16384 bytes, linear)
[    0.163687] smpboot: CPU0: AMD Ryzen 9 7950X 16-Core Processor (family: 0x19, model: 0x61, stepping: 0x2)
[    0.164658] RCU Tasks: Setting shift to 5 and lim to 1 rcu_task_cb_adjust=1.
[    0.165354] RCU Tasks Rude: Setting shift to 5 and lim to 1 rcu_task_cb_adjust=1.
[    0.166356] RCU Tasks Trace: Setting shift to 5 and lim to 1 rcu_task_cb_adjust=1.
[    0.167358] Performance Events: Fam17h+ core perfctr, AMD PMU driver.
[    0.168244] ... version:                0
[    0.168328] ... bit width:              48
[    0.168885] ... generic registers:      6
[    0.169329] ... value mask:             0000ffffffffffff
[    0.170224] ... max period:             00007fffffffffff
[    0.170328] ... fixed-purpose events:   0
[    0.170867] ... event mask:             000000000000003f
[    0.171439] signal: max sigframe size: 3376
[    0.172045] rcu: Hierarchical SRCU implementation.
[    0.172329] rcu: Max phase no-delay instances is 400.
[    0.177248] smp: Bringing up secondary CPUs ...
[    0.177524] smpboot: x86: Booting SMP configuration:
[    0.178181] .... node  #0, CPUs:        #1  #2  #3  #4  #5  #6  #7  #8  #9 #10 #11 #12 #13 #14 #15 #16 #17 #18 #19 #20 #21 #22 #23 #24 #25 #26 #27 #28 #29 #30 #31
[    0.202486] smp: Brought up 1 node, 32 CPUs
[    0.203881] smpboot: Max logical packages: 1
[    0.204328] smpboot: Total of 32 processors activated (287458.30 BogoMIPS)
[    0.215520] devtmpfs: initialized
[    0.216467] x86/mm: Memory block size: 128MB
[    0.223600] clocksource: jiffies: mask: 0xffffffff max_cycles: 0xffffffff, max_idle_ns: 1911260446275000 ns
[    0.224404] futex hash table entries: 8192 (order: 7, 524288 bytes, linear)
[    0.225660] PM: RTC time: 09:27:17, date: 2024-02-19
[    0.227295] NET: Registered PF_NETLINK/PF_ROUTE protocol family
[    0.228197] thermal_sys: Registered thermal governor 'step_wise'
[    0.228200] thermal_sys: Registered thermal governor 'user_space'
[    0.228391] cpuidle: using governor menu
[    0.230918] PCI: Using configuration type 1 for base access
[    0.231328] PCI: Using configuration type 1 for extended access
[    0.232249] kprobes: kprobe jump-optimization is enabled. All kprobes are optimized if possible.
[    0.244600] HugeTLB: registered 1.00 GiB page size, pre-allocated 0 pages
[    0.245329] HugeTLB: 16380 KiB vmemmap can be freed for a 1.00 GiB page
[    0.246329] HugeTLB: registered 2.00 MiB page size, pre-allocated 0 pages
[    0.248328] HugeTLB: 28 KiB vmemmap can be freed for a 2.00 MiB page
[    0.250499] ACPI: Added _OSI(Module Device)
[    0.251199] ACPI: Added _OSI(Processor Device)
[    0.251329] ACPI: Added _OSI(3.0 _SCP Extensions)
[    0.252114] ACPI: Added _OSI(Processor Aggregator Device)
[    0.286588] ACPI: 1 ACPI AML tables successfully acquired and loaded
[    0.290568] ACPI: _OSC evaluation for CPUs failed, trying _PDC
[    0.294495] ACPI: Interpreter enabled
[    0.295192] ACPI: PM: (supports S0 S3 S4 S5)
[    0.296329] ACPI: Using IOAPIC for interrupt routing
[    0.297219] PCI: Using host bridge windows from ACPI; if necessary, use "pci=nocrs" and report a bug
[    0.298329] PCI: Using E820 reservations for host bridge windows
[    0.300827] ACPI: Enabled 2 GPEs in block 00 to 0F
[    0.362782] ACPI: PCI Root Bridge [PCI0] (domain 0000 [bus 00-ff])
[    0.364345] acpi PNP0A03:00: _OSC: OS supports [ExtendedConfig ASPM ClockPM Segments MSI HPX-Type3]
[    0.365870] PCI host bridge to bus 0000:00
[    0.366332] pci_bus 0000:00: root bus resource [io  0x0000-0x0cf7 window]
[    0.367258] pci_bus 0000:00: root bus resource [io  0x0d00-0xffff window]
[    0.368331] pci_bus 0000:00: root bus resource [mem 0x000a0000-0x000bffff window]
[    0.369328] pci_bus 0000:00: root bus resource [mem 0x40000000-0xfebfffff window]
[    0.370331] pci_bus 0000:00: root bus resource [mem 0x100000000-0x17fffffff window]
[    0.371331] pci_bus 0000:00: root bus resource [bus 00-ff]
[    0.372225] pci 0000:00:00.0: [8086:1237] type 00 class 0x060000 conventional PCI endpoint
[    0.374247] pci 0000:00:01.0: [8086:7000] type 00 class 0x060100 conventional PCI endpoint
[    0.376294] pci 0000:00:01.1: [8086:7010] type 00 class 0x010180 conventional PCI endpoint
[    0.379329] pci 0000:00:01.1: BAR 4 [io  0xc080-0xc08f]
[    0.381809] pci 0000:00:01.1: BAR 0 [io  0x01f0-0x01f7]: legacy IDE quirk
[    0.382329] pci 0000:00:01.1: BAR 1 [io  0x03f6]: legacy IDE quirk
[    0.383153] pci 0000:00:01.1: BAR 2 [io  0x0170-0x0177]: legacy IDE quirk
[    0.384328] pci 0000:00:01.1: BAR 3 [io  0x0376]: legacy IDE quirk
[    0.385890] pci 0000:00:01.3: [8086:7113] type 00 class 0x068000 conventional PCI endpoint
[    0.386607] pci 0000:00:01.3: quirk: [io  0x0600-0x063f] claimed by PIIX4 ACPI
[    0.388333] pci 0000:00:01.3: quirk: [io  0x0700-0x070f] claimed by PIIX4 SMB
[    0.390107] pci 0000:00:02.0: [1af4:1009] type 00 class 0x000200 conventional PCI endpoint
[    0.393329] pci 0000:00:02.0: BAR 0 [io  0xc000-0xc03f]
[    0.394984] pci 0000:00:02.0: BAR 1 [mem 0xfebfd000-0xfebfdfff]
[    0.399791] pci 0000:00:02.0: BAR 4 [mem 0xfebf4000-0xfebf7fff 64bit pref]
[    0.414743] pci 0000:00:03.0: [1af4:1009] type 00 class 0x000200 conventional PCI endpoint
[    0.417329] pci 0000:00:03.0: BAR 0 [io  0xc040-0xc07f]
[    0.418988] pci 0000:00:03.0: BAR 1 [mem 0xfebfe000-0xfebfefff]
[    0.423979] pci 0000:00:03.0: BAR 4 [mem 0xfebf8000-0xfebfbfff 64bit pref]
[    0.438525] pci 0000:00:04.0: [8086:25ab] type 00 class 0x088000 conventional PCI endpoint
[    0.439698] pci 0000:00:04.0: BAR 0 [mem 0xfebff000-0xfebff00f]
[    0.458049] ACPI: PCI: Interrupt link LNKA configured for IRQ 10
[    0.459895] ACPI: PCI: Interrupt link LNKB configured for IRQ 10
[    0.462336] ACPI: PCI: Interrupt link LNKC configured for IRQ 11
[    0.464131] ACPI: PCI: Interrupt link LNKD configured for IRQ 11
[    0.464740] ACPI: PCI: Interrupt link LNKS configured for IRQ 9
[    0.484809] iommu: Default domain type: Translated
[    0.486329] iommu: DMA domain TLB invalidation policy: lazy mode
[    0.487629] SCSI subsystem initialized
[    0.488562] pps_core: LinuxPPS API ver. 1 registered
[    0.489232] pps_core: Software ver. 5.3.6 - Copyright 2005-2007 Rodolfo Giometti <giometti@linux.it>
[    0.490345] PTP clock support registered
[    0.491370] Advanced Linux Sound Architecture Driver Initialized.
[    0.493362] NET: Registered PF_ATMPVC protocol family
[    0.494052] NET: Registered PF_ATMSVC protocol family
[    0.494354] PCI: Using ACPI for IRQ routing
[    0.495380] vgaarb: loaded
[    0.495758] hpet0: at MMIO 0xfed00000, IRQs 2, 8, 0
[    0.496329] hpet0: 3 comparators, 64-bit 100.000000 MHz counter
[    0.504033] clocksource: Switched to clocksource kvm-clock
[    0.505109] VFS: Disk quotas dquot_6.6.0
[    0.505761] VFS: Dquot-cache hash table entries: 512 (order 0, 4096 bytes)
[    0.507213] pnp: PnP ACPI init
[    0.511247] pnp: PnP ACPI: found 5 devices
[    0.524390] clocksource: acpi_pm: mask: 0xffffff max_cycles: 0xffffff, max_idle_ns: 2085701024 ns
[    0.525698] NET: Registered PF_INET protocol family
[    0.526404] IP idents hash table entries: 16384 (order: 5, 131072 bytes, linear)
[    0.527825] tcp_listen_portaddr_hash hash table entries: 512 (order: 1, 8192 bytes, linear)
[    0.528954] Table-perturb hash table entries: 65536 (order: 6, 262144 bytes, linear)
[    0.530017] TCP established hash table entries: 8192 (order: 4, 65536 bytes, linear)
[    0.531066] TCP bind hash table entries: 8192 (order: 6, 262144 bytes, linear)
[    0.532045] TCP: Hash tables configured (established 8192 bind 8192)
[    0.533081] UDP hash table entries: 512 (order: 2, 16384 bytes, linear)
[    0.533980] UDP-Lite hash table entries: 512 (order: 2, 16384 bytes, linear)
[    0.535169] NET: Registered PF_UNIX/PF_LOCAL protocol family
[    0.535959] pci_bus 0000:00: resource 4 [io  0x0000-0x0cf7 window]
[    0.536805] pci_bus 0000:00: resource 5 [io  0x0d00-0xffff window]
[    0.537646] pci_bus 0000:00: resource 6 [mem 0x000a0000-0x000bffff window]
[    0.538574] pci_bus 0000:00: resource 7 [mem 0x40000000-0xfebfffff window]
[    0.539498] pci_bus 0000:00: resource 8 [mem 0x100000000-0x17fffffff window]
[    0.540681] pci 0000:00:01.0: PIIX3: Enabling Passive Release
[    0.541457] pci 0000:00:00.0: Limiting direct PCI/PCI transfers
[    0.542296] PCI: CLS 0 bytes, default 64
[    0.542891] kvm_intel: VMX not supported by CPU 8
[    0.543576] kvm_amd: TSC scaling supported
[    0.544135] kvm_amd: Nested Virtualization enabled
[    0.544800] kvm_amd: Nested Paging enabled
[    0.545378] kvm_amd: Virtual VMLOAD VMSAVE supported
[    0.546051] kvm_amd: Virtual GIF supported
[    0.546613] kvm_amd: Virtual NMI enabled
[    0.547145] kvm_amd: LBR virtualization supported
[    0.662474] workingset: timestamp_bits=56 max_order=18 bucket_order=0
[    0.663501] squashfs: version 4.0 (2009/01/31) Phillip Lougher
[    0.664311] fuse: init (API version 7.39)
[    0.665007] 9p: Installing v9fs 9p2000 file system support
[    0.665855] Key type asymmetric registered
[    0.666454] Block layer SCSI generic (bsg) driver version 0.4 loaded (major 249)
[    0.667470] io scheduler mq-deadline registered
[    0.668084] io scheduler kyber registered
[    0.670039] input: Power Button as /devices/LNXSYSTM:00/LNXPWRBN:00/input/input0
[    0.671303] ACPI: button: Power Button [PWRF]
[    0.672053] Warning: Processor Platform Limit event detected, but not handled.
[    0.673034] Consider compiling CPUfreq support into your kernel.
[    1.595306] ACPI: \_SB_.LNKB: Enabled at IRQ 10
[    2.499985] ACPI: \_SB_.LNKC: Enabled at IRQ 11
[    2.502381] Serial: 8250/16550 driver, 4 ports, IRQ sharing enabled
[    2.503588] 00:03: ttyS0 at I/O 0x3f8 (irq = 4, base_baud = 115200) is a 16550A
[    2.506360] Non-volatile memory driver v1.3
[    2.506946] Linux agpgart interface v0.103
[    2.507687] ACPI: bus type drm_connector registered
[    2.530654] loop: module loaded
[    2.533608] scsi host0: ata_piix
[    2.534625] scsi host1: ata_piix
[    2.535291] ata1: PATA max MWDMA2 cmd 0x1f0 ctl 0x3f6 bmdma 0xc080 irq 14 lpm-pol 0
[    2.536319] ata2: PATA max MWDMA2 cmd 0x170 ctl 0x376 bmdma 0xc088 irq 15 lpm-pol 0
[    2.538981] i8042: PNP: PS/2 Controller [PNP0303:KBD,PNP0f13:MOU] at 0x60,0x64 irq 1,12
[    2.540772] serio: i8042 KBD port at 0x60,0x64 irq 1
[    2.541440] serio: i8042 AUX port at 0x60,0x64 irq 12
[    2.542766] rtc_cmos 00:04: RTC can wake from S4
[    2.543669] input: AT Translated Set 2 keyboard as /devices/platform/i8042/serio0/input/input1
[    2.545880] rtc_cmos 00:04: registered as rtc0
[    2.546509] rtc_cmos 00:04: setting system clock to 2024-02-19T09:27:19 UTC (1708334839)
[    2.547722] rtc_cmos 00:04: alarms up to one day, y3k, 242 bytes nvram, hpet irqs
[    2.549832] i6300ESB timer 0000:00:04.0: initialized. heartbeat=30 sec (nowayout=0)
[    2.551140] device-mapper: ioctl: 4.48.0-ioctl (2023-03-01) initialised: dm-devel@redhat.com
[    2.553237] input: ImExPS/2 Generic Explorer Mouse as /devices/platform/i8042/serio1/input/input3
[    2.555058] NET: Registered PF_PACKET protocol family
[    2.555765] 9pnet: Installing 9P2000 support
[    2.557799] Key type dns_resolver registered
[    2.564111] IPI shorthand broadcast: enabled
[    2.586138] sched_clock: Marking stable (2581001509, 4542376)->(2601315958, -15772073)
[    2.587538] registered taskstats version 1
[    2.602832] PM:   Magic number: 12:282:475
[    2.603440] printk: legacy console [netcon0] enabled
[    2.604117] netconsole: network logging started
[    2.604908] ALSA device list:
[    2.605307]   No soundcards found.
[    2.692802] ata2: found unknown device (class 0)
[    2.693970] ata2.00: ATAPI: QEMU DVD-ROM, 2.5+, max UDMA/100
[    2.695997] scsi 1:0:0:0: CD-ROM            QEMU     QEMU DVD-ROM     2.5+ PQ: 0 ANSI: 5
[    2.704238] scsi 1:0:0:0: Attached scsi generic sg0 type 5
[    2.705050] md: Skipping autodetection of RAID arrays. (raid=autodetect will force)
[    2.706335] 9pnet_virtio: no channels available for device 
[    2.708087] VFS: Mounted root (9p filesystem) readonly on device 0:19.
[    2.709333] devtmpfs: mounted
[    2.716523] Freeing unused kernel image (initmem) memory: 5740K
[    2.718565] Write protecting the kernel read-only data: 53248k
[    2.719929] Freeing unused kernel image (rodata/data gap) memory: 676K
[    2.766015] x86/mm: Checked W+X mappings: passed, no W+X pages found.
[    2.767361] Run /usr/lib/python3.11/site-packages/virtme/guest/virtme-init as init process
[    2.815714] mount (267) used greatest stack depth: 26744 bytes left
[    2.954939] mount (285) used greatest stack depth: 26312 bytes left
[    3.107053] virtme-init: basic initialization done
[    3.115977] virtme-init: udevd not found
[    3.213526] virtme-init: Setting hostname to virtme-ng...
[    3.235788] ip (359) used greatest stack depth: 25192 bytes left
          _      _                                    
   __   _(_)_ __| |_ _ __ ___   ___       _ __   __ _ 
   \ \ / / |  __| __|  _   _ \ / _ \_____|  _ \ / _  |
    \ V /| | |  | |_| | | | | |  __/_____| | | | (_| |
     \_/ |_|_|   \__|_| |_| |_|\___|     |_| |_|\__  |
                                                |___/ 
   kernel version: 6.8.0-rc4-virtme x86_64

virtme-ng:/nipa-data/kernel# PS1='xx__-> '
xx__-> env
PWD=/nipa-data/kernel
HOME=/
TERM=xterm
SHLVL=2
XDG_RUNTIME_DIR=/run/user/0
PATH=/bin:/sbin:/usr/bin:/usr/sbin:/usr/local/bin
OLDPWD=/
_=/usr/bin/env
xx__-> 