No EFI environment detected.
early console in extract_kernel
input_data: 0x0000000002be72c4
input_len: 0x0000000000b56a2f
output: 0x0000000001000000
output_len: 0x00000000026f5f24
kernel_total_size: 0x0000000002430000
needed_size: 0x0000000002800000
trampoline_32bit: 0x000000000009d000
Physical KASLR using RDRAND RDTSC...
Virtual KASLR using RDRAND RDTSC...

Decompressing Linux... Parsing ELF... Performing relocations... done.
Booting the kernel (entry_offset: 0x0000000000000000).
[    0.000000] Linux version 6.11.0-rc2-virtme (root@ff6d4dae8e4d) (gcc (Ubuntu 13.2.0-23ubuntu4) 13.2.0, GNU ld (GNU Binutils for Ubuntu) 2.42) #1 SMP PREEMPT_DYNAMIC Mon Aug 12 06:07:20 UTC 2024
[    0.000000] Command line: virtme_hostname=virtme-ng nr_open=1048576 virtme_link_mods=/nipa-data/kernel/.virtme_mods/lib/modules/0.0.0 virtme_initmount0=nipa-data/kernel virtme_rw_overlay0=/etc virtme_rw_overlay1=/lib virtme_rw_overlay2=/home virtme_rw_overlay3=/opt virtme_rw_overlay4=/srv virtme_rw_overlay5=/usr virtme_rw_overlay6=/var console=hvc0 earlyprintk=serial,ttyS0,115200 virtme_console=ttyS0 psmouse.proto=exps TERM=xterm virtme_chdir=nipa-data/kernel virtme_root_user=1 rootfstype=9p rootflags=version=9p2000.L,trans=virtio,access=any raid=noautodetect ro init=/usr/lib/python3/dist-packages/virtme/guest/virtme-init
[    0.000000] x86/split lock detection: #DB: warning on user-space bus_locks
[    0.000000] BIOS-provided physical RAM map:
[    0.000000] BIOS-e820: [mem 0x0000000000000000-0x000000000009fbff] usable
[    0.000000] BIOS-e820: [mem 0x000000000009fc00-0x000000000009ffff] reserved
[    0.000000] BIOS-e820: [mem 0x00000000000f0000-0x00000000000fffff] reserved
[    0.000000] BIOS-e820: [mem 0x0000000000100000-0x000000003ffdffff] usable
[    0.000000] BIOS-e820: [mem 0x000000003ffe0000-0x000000003fffffff] reserved
[    0.000000] BIOS-e820: [mem 0x00000000feffc000-0x00000000feffffff] reserved
[    0.000000] BIOS-e820: [mem 0x00000000fffc0000-0x00000000ffffffff] reserved
[    0.000000] printk: legacy bootconsole [earlyser0] enabled
[    0.000000] NX (Execute Disable) protection: active
[    0.000000] APIC: Static calls initialized
[    0.000000] SMBIOS 3.0.0 present.
[    0.000000] DMI: QEMU Ubuntu 24.04 PC (i440FX + PIIX, 1996), BIOS 1.16.3-debian-1.16.3-2 04/01/2014
[    0.000000] DMI: Memory slots populated: 1/1
[    0.000000] Hypervisor detected: KVM
[    0.000000] kvm-clock: Using msrs 4b564d01 and 4b564d00
[    0.000001] kvm-clock: using sched offset of 902405446 cycles
[    0.000745] clocksource: kvm-clock: mask: 0xffffffffffffffff max_cycles: 0x1cd42e4dffb, max_idle_ns: 881590591483 ns
[    0.003065] tsc: Detected 2000.000 MHz processor
[    0.004221] last_pfn = 0x3ffe0 max_arch_pfn = 0x10000000000
[    0.005075] MTRR map: 4 entries (3 fixed + 1 variable; max 19), built from 8 variable MTRRs
[    0.006267] x86/PAT: Configuration [0-7]: WB  WC  UC- UC  WB  WP  UC- WT  
Memory KASLR using RDRAND RDTSC...
[    0.012985] found SMP MP-table at [mem 0x000f5470-0x000f547f]
[    0.013815] Using GB pages for direct mapping
[    0.014520] ACPI: Early table checksum verification disabled
[    0.015325] ACPI: RSDP 0x00000000000F5290 000014 (v00 BOCHS )
[    0.016144] ACPI: RSDT 0x000000003FFE308E 000034 (v01 BOCHS  BXPC     00000001 BXPC 00000001)
[    0.017360] ACPI: FACP 0x000000003FFE2D8A 000074 (v01 BOCHS  BXPC     00000001 BXPC 00000001)
[    0.018574] ACPI: DSDT 0x000000003FFE0040 002D4A (v01 BOCHS  BXPC     00000001 BXPC 00000001)
[    0.019789] ACPI: FACS 0x000000003FFE0000 000040
[    0.020445] ACPI: APIC 0x000000003FFE2DFE 000230 (v03 BOCHS  BXPC     00000001 BXPC 00000001)
[    0.021657] ACPI: HPET 0x000000003FFE302E 000038 (v01 BOCHS  BXPC     00000001 BXPC 00000001)
[    0.022867] ACPI: WAET 0x000000003FFE3066 000028 (v01 BOCHS  BXPC     00000001 BXPC 00000001)
[    0.024076] ACPI: Reserving FACP table memory at [mem 0x3ffe2d8a-0x3ffe2dfd]
[    0.025080] ACPI: Reserving DSDT table memory at [mem 0x3ffe0040-0x3ffe2d89]
[    0.026078] ACPI: Reserving FACS table memory at [mem 0x3ffe0000-0x3ffe003f]
[    0.027076] ACPI: Reserving APIC table memory at [mem 0x3ffe2dfe-0x3ffe302d]
[    0.028075] ACPI: Reserving HPET table memory at [mem 0x3ffe302e-0x3ffe3065]
[    0.029077] ACPI: Reserving WAET table memory at [mem 0x3ffe3066-0x3ffe308d]
[    0.030419] No NUMA configuration found
[    0.030963] Faking a node at [mem 0x0000000000000000-0x000000003ffdffff]
[    0.031915] NODE_DATA(0) allocated [mem 0x3ffdb000-0x3ffdffff]
[    0.032868] Zone ranges:
[    0.033233]   DMA      [mem 0x0000000000001000-0x0000000000ffffff]
[    0.034111]   DMA32    [mem 0x0000000001000000-0x000000003ffdffff]
[    0.034987]   Normal   empty
[    0.035395]   Device   empty
[    0.035803] Movable zone start for each node
[    0.036408] Early memory node ranges
[    0.036914]   node   0: [mem 0x0000000000001000-0x000000000009efff]
[    0.037807]   node   0: [mem 0x0000000000100000-0x000000003ffdffff]
[    0.038701] Initmem setup node 0 [mem 0x0000000000001000-0x000000003ffdffff]
[    0.039704] On node 0, zone DMA: 1 pages in unavailable ranges
[    0.040564] On node 0, zone DMA: 97 pages in unavailable ranges
[    0.044989] On node 0, zone DMA32: 32 pages in unavailable ranges
[    0.046384] ACPI: PM-Timer IO Port: 0x608
[    0.046972] ACPI: LAPIC_NMI (acpi_id[0xff] dfl dfl lint[0x1])
[    0.047837] IOAPIC[0]: apic_id 0, version 17, address 0xfec00000, GSI 0-23
[    0.048814] ACPI: INT_SRC_OVR (bus 0 bus_irq 0 global_irq 2 dfl dfl)
[    0.049719] ACPI: INT_SRC_OVR (bus 0 bus_irq 5 global_irq 5 high level)
[    0.050658] ACPI: INT_SRC_OVR (bus 0 bus_irq 9 global_irq 9 high level)
[    0.051597] ACPI: INT_SRC_OVR (bus 0 bus_irq 10 global_irq 10 high level)
[    0.052559] ACPI: INT_SRC_OVR (bus 0 bus_irq 11 global_irq 11 high level)
[    0.053526] ACPI: Using ACPI (MADT) for SMP configuration information
[    0.054436] ACPI: HPET id: 0x8086a201 base: 0xfed00000
[    0.055166] TSC deadline timer available
[    0.055725] CPU topo: Max. logical packages:   1
[    0.056378] CPU topo: Max. logical dies:       1
[    0.057033] CPU topo: Max. dies per package:   1
[    0.057689] CPU topo: Max. threads per core:   1
[    0.058343] CPU topo: Num. cores per package:    56
[    0.059035] CPU topo: Num. threads per package:  56
[    0.059726] CPU topo: Allowing 56 present CPUs plus 0 hotplug CPUs
[    0.060626] kvm-guest: APIC: eoi() replaced with kvm_guest_apic_eoi_write()
[    0.061631] kvm-guest: KVM setup pv remote TLB flush
[    0.062340] kvm-guest: setup PV sched yield
[    0.062938] PM: hibernation: Registered nosave memory: [mem 0x00000000-0x00000fff]
[    0.064011] PM: hibernation: Registered nosave memory: [mem 0x0009f000-0x0009ffff]
[    0.065086] PM: hibernation: Registered nosave memory: [mem 0x000a0000-0x000effff]
[    0.066158] PM: hibernation: Registered nosave memory: [mem 0x000f0000-0x000fffff]
[    0.067231] [mem 0x40000000-0xfeffbfff] available for PCI devices
[    0.068095] Booting paravirtualized kernel on KVM
[    0.068766] clocksource: refined-jiffies: mask: 0xffffffff max_cycles: 0xffffffff, max_idle_ns: 1910969940391419 ns
[    0.077887] setup_percpu: NR_CPUS:64 nr_cpumask_bits:56 nr_cpu_ids:56 nr_node_ids:1
[    0.083608] percpu: Embedded 58 pages/cpu s198744 r8192 d30632 u262144
[    0.084654] Kernel command line: virtme_hostname=virtme-ng nr_open=1048576 virtme_link_mods=/nipa-data/kernel/.virtme_mods/lib/modules/0.0.0 virtme_initmount0=nipa-data/kernel virtme_rw_overlay0=/etc virtme_rw_overlay1=/lib virtme_rw_overlay2=/home virtme_rw_overlay3=/opt virtme_rw_overlay4=/srv virtme_rw_overlay5=/usr virtme_rw_overlay6=/var console=hvc0 earlyprintk=serial,ttyS0,115200 virtme_console=ttyS0 psmouse.proto=exps TERM=xterm virtme_chdir=nipa-data/kernel virtme_root_user=1 rootfstype=9p rootflags=version=9p2000.L,trans=virtio,access=any raid=noautodetect ro init=/usr/lib/python3/dist-packages/virtme/guest/virtme-init
[    0.092829] Unknown kernel command line parameters "virtme_hostname=virtme-ng nr_open=1048576 virtme_link_mods=/nipa-data/kernel/.virtme_mods/lib/modules/0.0.0 virtme_initmount0=nipa-data/kernel virtme_rw_overlay0=/etc virtme_rw_overlay1=/lib virtme_rw_overlay2=/home virtme_rw_overlay3=/opt virtme_rw_overlay4=/srv virtme_rw_overlay5=/usr virtme_rw_overlay6=/var virtme_console=ttyS0 virtme_chdir=nipa-data/kernel virtme_root_user=1", will be passed to user space.
[    0.098715] random: crng init done
[    0.099203] printk: log_buf_len individual max cpu contribution: 4096 bytes
[    0.100213] printk: log_buf_len total cpu_extra contributions: 225280 bytes
[    0.101303] printk: log_buf_len min size: 262144 bytes
[    0.102654] printk: log_buf_len: 524288 bytes
[    0.103300] printk: early log buf free: 254024(96%)
[    0.104427] Dentry cache hash table entries: 131072 (order: 8, 1048576 bytes, linear)
[    0.105609] Inode-cache hash table entries: 65536 (order: 7, 524288 bytes, linear)
[    0.107493] Fallback order for Node 0: 0 
[    0.107502] Built 1 zonelists, mobility grouping on.  Total pages: 262014
[    0.109001] Policy zone: DMA32
[    0.109419] mem auto-init: stack:all(zero), heap alloc:off, heap free:off
[    0.113919] SLUB: HWalign=64, Order=0-3, MinObjects=0, CPUs=56, Nodes=1
Poking KASLR using RDRAND RDTSC...
[    0.115339] ftrace: allocating 48214 entries in 189 pages
[    0.129875] ftrace: allocated 189 pages with 6 groups
[    0.131688] Dynamic Preempt: voluntary
[    0.133186] rcu: Preemptible hierarchical RCU implementation.
[    0.133990] rcu: RCU event tracing is enabled.
[    0.134610] rcu: RCU restricting CPUs from NR_CPUS=64 to nr_cpu_ids=56.
[    0.135526] Trampoline variant of Tasks RCU enabled.
[    0.136214] Rude variant of Tasks RCU enabled.
[    0.136831] Tracing variant of Tasks RCU enabled.
[    0.137491] rcu: RCU calculated value of scheduler-enlistment delay is 100 jiffies.
[    0.138536] rcu: Adjusting geometry for rcu_fanout_leaf=16, nr_cpu_ids=56
[    0.139511] RCU Tasks: Setting shift to 6 and lim to 1 rcu_task_cb_adjust=1.
[    0.140477] RCU Tasks Rude: Setting shift to 6 and lim to 1 rcu_task_cb_adjust=1.
[    0.141506] RCU Tasks Trace: Setting shift to 6 and lim to 1 rcu_task_cb_adjust=1.
[    0.145812] NR_IRQS: 4352, nr_irqs: 872, preallocated irqs: 16
[    0.146979] rcu: srcu_init: Setting srcu_struct sizes based on contention.
[    0.148206] Console: colour *CGA 80x25
[    0.148769] ACPI: Core revision 20240322
[    0.149476] clocksource: hpet: mask: 0xffffffff max_cycles: 0xffffffff, max_idle_ns: 19112604467 ns
[    0.150844] APIC: Switch to symmetric I/O mode setup
[    0.151708] APIC: Switched APIC routing to: physical flat
[    0.152760] kvm-guest: APIC: send_IPI_mask() replaced with kvm_send_ipi_mask()
[    0.153807] kvm-guest: APIC: send_IPI_mask_allbutself() replaced with kvm_send_ipi_mask_allbutself()
[    0.155145] kvm-guest: setup PV IPIs
[    0.157133] ..TIMER: vector=0x30 apic1=0 pin1=2 apic2=-1 pin2=-1
[    0.159046] clocksource: tsc-early: mask: 0xffffffffffffffff max_cycles: 0x39a85c9bff6, max_idle_ns: 881590591483 ns
[    0.161522] Calibrating delay loop (skipped) preset value.. 4000.00 BogoMIPS (lpj=2000000)
[    0.162728] x86/cpu: User Mode Instruction Prevention (UMIP) activated
[    0.163638] Last level iTLB entries: 4KB 0, 2MB 0, 4MB 0
[    0.164517] Last level dTLB entries: 4KB 0, 2MB 0, 4MB 0, 1GB 0
[    0.165534] Spectre V1 : Mitigation: usercopy/swapgs barriers and __user pointer sanitization
[    0.166524] Spectre V2 : Spectre BHI mitigation: SW BHB clearing on syscall and VM exit
[    0.167519] Spectre V2 : Mitigation: Enhanced / Automatic IBRS
[    0.168524] Spectre V2 : Spectre v2 / SpectreRSB mitigation: Filling RSB on context switch
[    0.169524] Spectre V2 : Spectre v2 / PBRSB-eIBRS: Retire a single CALL on VMEXIT
[    0.170529] Spectre V2 : mitigation: Enabling conditional Indirect Branch Prediction Barrier
[    0.171528] Speculative Store Bypass: Mitigation: Speculative Store Bypass disabled via prctl
[    0.172524] TAA: Mitigation: TSX disabled
[    0.173609] x86/fpu: Supporting XSAVE feature 0x001: 'x87 floating point registers'
[    0.174524] x86/fpu: Supporting XSAVE feature 0x002: 'SSE registers'
[    0.175524] x86/fpu: Supporting XSAVE feature 0x004: 'AVX registers'
[    0.176524] x86/fpu: Supporting XSAVE feature 0x020: 'AVX-512 opmask'
[    0.177524] x86/fpu: Supporting XSAVE feature 0x040: 'AVX-512 Hi256'
[    0.178524] x86/fpu: Supporting XSAVE feature 0x080: 'AVX-512 ZMM_Hi256'
[    0.179519] x86/fpu: Supporting XSAVE feature 0x200: 'Protection Keys User registers'
[    0.180524] x86/fpu: Supporting XSAVE feature 0x20000: 'AMX Tile config'
[    0.181524] x86/fpu: Supporting XSAVE feature 0x40000: 'AMX Tile data'
[    0.182524] x86/fpu: xstate_offset[2]:  576, xstate_sizes[2]:  256
[    0.183524] x86/fpu: xstate_offset[5]:  832, xstate_sizes[5]:   64
[    0.184524] x86/fpu: xstate_offset[6]:  896, xstate_sizes[6]:  512
[    0.185524] x86/fpu: xstate_offset[7]: 1408, xstate_sizes[7]: 1024
[    0.186524] x86/fpu: xstate_offset[9]: 2432, xstate_sizes[9]:    8
[    0.187524] x86/fpu: xstate_offset[17]: 2496, xstate_sizes[17]:   64
[    0.188524] x86/fpu: xstate_offset[18]: 2560, xstate_sizes[18]: 8192
[    0.189524] x86/fpu: Enabled xstate features 0x602e7, context size is 10752 bytes, using 'compacted' format.
[    0.218658] Freeing SMP alternatives memory: 40K
[    0.219521] pid_max: default: 57344 minimum: 448
[    0.220643] Mount-cache hash table entries: 2048 (order: 2, 16384 bytes, linear)
[    0.221528] Mountpoint-cache hash table entries: 2048 (order: 2, 16384 bytes, linear)
[    0.224997] smpboot: CPU0: Intel(R) Xeon(R) Platinum 8480+ (family: 0x6, model: 0x8f, stepping: 0x6)
[    0.225761] Performance Events: PEBS fmt0-, Sapphire Rapids events, full-width counters, Intel PMU driver.
[    0.226523] ... version:                2
[    0.227321] ... bit width:              48
[    0.227520] ... generic registers:      8
[    0.228302] ... value mask:             0000ffffffffffff
[    0.228520] ... max period:             00007fffffffffff
[    0.229519] ... fixed-purpose events:   3
[    0.230315] ... event mask:             00000007000000ff
[    0.230747] signal: max sigframe size: 11952
[    0.231546] rcu: Hierarchical SRCU implementation.
[    0.232507] rcu: Max phase no-delay instances is 400.
[    0.232557] Timer migration: 2 hierarchy levels; 8 children per group; 2 crossnode level
[    0.234591] smp: Bringing up secondary CPUs ...
[    0.235637] smpboot: x86: Booting SMP configuration:
[    0.236523] .... node  #0, CPUs:        #1  #2  #3  #4  #5  #6  #7  #8  #9 #10 #11 #12 #13 #14 #15 #16 #17 #18 #19 #20 #21 #22 #23 #24 #25 #26 #27 #28 #29 #30 #31 #32 #33 #34 #35 #36 #37 #38 #39 #40 #41 #42 #43 #44 #45 #46 #47 #48 #49 #50 #51 #52 #53 #54 #55
[    0.291088] smp: Brought up 1 node, 56 CPUs
[    0.292352] smpboot: Total of 56 processors activated (224000.00 BogoMIPS)
[    0.300564] Memory: 951204K/1048056K available (16384K kernel code, 2431K rwdata, 6228K rodata, 3104K init, 1940K bss, 72256K reserved, 0K cma-reserved)
[    0.301653] devtmpfs: initialized
[    0.302572] x86/mm: Memory block size: 128MB
[    0.304775] clocksource: jiffies: mask: 0xffffffff max_cycles: 0xffffffff, max_idle_ns: 1911260446275000 ns
[    0.305526] futex hash table entries: 16384 (order: 8, 1048576 bytes, linear)
[    0.306875] PM: RTC time: 06:07:58, date: 2024-08-12
[    0.309443] NET: Registered PF_NETLINK/PF_ROUTE protocol family
[    0.309713] thermal_sys: Registered thermal governor 'step_wise'
[    0.309715] thermal_sys: Registered thermal governor 'user_space'
[    0.310547] cpuidle: using governor menu
[    0.315032] PCI: Using configuration type 1 for base access
[    0.315608] kprobes: kprobe jump-optimization is enabled. All kprobes are optimized if possible.
[    0.358897] HugeTLB: registered 1.00 GiB page size, pre-allocated 0 pages
[    0.360526] HugeTLB: 16380 KiB vmemmap can be freed for a 1.00 GiB page
[    0.362522] HugeTLB: registered 2.00 MiB page size, pre-allocated 0 pages
[    0.363520] HugeTLB: 28 KiB vmemmap can be freed for a 2.00 MiB page
[    0.366631] ACPI: Added _OSI(Module Device)
[    0.367521] ACPI: Added _OSI(Processor Device)
[    0.368520] ACPI: Added _OSI(3.0 _SCP Extensions)
[    0.369520] ACPI: Added _OSI(Processor Aggregator Device)
[    0.371369] ACPI: 1 ACPI AML tables successfully acquired and loaded
[    0.374628] ACPI: Interpreter enabled
[    0.375401] ACPI: PM: (supports S0 S3 S4 S5)
[    0.376521] ACPI: Using IOAPIC for interrupt routing
[    0.377531] PCI: Using host bridge windows from ACPI; if necessary, use "pci=nocrs" and report a bug
[    0.379520] PCI: Using E820 reservations for host bridge windows
[    0.380629] ACPI: Enabled 2 GPEs in block 00 to 0F
[    0.385121] ACPI: PCI Root Bridge [PCI0] (domain 0000 [bus 00-ff])
[    0.385523] acpi PNP0A03:00: _OSC: OS supports [ASPM ClockPM Segments MSI HPX-Type3]
[    0.387521] acpi PNP0A03:00: _OSC: not requesting OS control; OS requires [ExtendedConfig ASPM ClockPM MSI]
[    0.388526] acpi PNP0A03:00: fail to add MMCONFIG information, can't access extended configuration space under this bridge
[    0.390626] PCI host bridge to bus 0000:00
[    0.391464] pci_bus 0000:00: root bus resource [io  0x0000-0x0cf7 window]
[    0.392520] pci_bus 0000:00: root bus resource [io  0x0d00-0xffff window]
[    0.394520] pci_bus 0000:00: root bus resource [mem 0x000a0000-0x000bffff window]
[    0.395520] pci_bus 0000:00: root bus resource [mem 0x40000000-0xfebfffff window]
[    0.397520] pci_bus 0000:00: root bus resource [mem 0x100000000-0x17fffffff window]
[    0.398520] pci_bus 0000:00: root bus resource [bus 00-ff]
[    0.399570] pci 0000:00:00.0: [8086:1237] type 00 class 0x060000 conventional PCI endpoint
[    0.402054] pci 0000:00:01.0: [8086:7000] type 00 class 0x060100 conventional PCI endpoint
[    0.404221] pci 0000:00:01.1: [8086:7010] type 00 class 0x010180 conventional PCI endpoint
[    0.408842] pci 0000:00:01.1: BAR 4 [io  0xc0c0-0xc0cf]
[    0.411297] pci 0000:00:01.1: BAR 0 [io  0x01f0-0x01f7]: legacy IDE quirk
[    0.412521] pci 0000:00:01.1: BAR 1 [io  0x03f6]: legacy IDE quirk
[    0.413520] pci 0000:00:01.1: BAR 2 [io  0x0170-0x0177]: legacy IDE quirk
[    0.415520] pci 0000:00:01.1: BAR 3 [io  0x0376]: legacy IDE quirk
[    0.416729] pci 0000:00:01.3: [8086:7113] type 00 class 0x068000 conventional PCI endpoint
[    0.419109] pci 0000:00:01.3: quirk: [io  0x0600-0x063f] claimed by PIIX4 ACPI
[    0.420530] pci 0000:00:01.3: quirk: [io  0x0700-0x070f] claimed by PIIX4 SMB
[    0.421899] pci 0000:00:02.0: [1af4:1009] type 00 class 0x000200 conventional PCI endpoint
[    0.424522] pci 0000:00:02.0: BAR 0 [io  0xc000-0xc03f]
[    0.426434] pci 0000:00:02.0: BAR 1 [mem 0xfebfc000-0xfebfcfff]
[    0.431522] pci 0000:00:02.0: BAR 4 [mem 0xfebf0000-0xfebf3fff 64bit pref]
[    0.435595] pci 0000:00:03.0: [1af4:1009] type 00 class 0x000200 conventional PCI endpoint
[    0.439019] pci 0000:00:03.0: BAR 0 [io  0xc040-0xc07f]
[    0.440305] pci 0000:00:03.0: BAR 1 [mem 0xfebfd000-0xfebfdfff]
[    0.443946] pci 0000:00:03.0: BAR 4 [mem 0xfebf4000-0xfebf7fff 64bit pref]
[    0.447224] pci 0000:00:04.0: [8086:25ab] type 00 class 0x088000 conventional PCI endpoint
[    0.448893] pci 0000:00:04.0: BAR 0 [mem 0xfebfe000-0xfebfe00f]
[    0.454046] pci 0000:00:05.0: [1af4:1003] type 00 class 0x078000 conventional PCI endpoint
[    0.456459] pci 0000:00:05.0: BAR 0 [io  0xc080-0xc0bf]
[    0.458235] pci 0000:00:05.0: BAR 1 [mem 0xfebff000-0xfebfffff]
[    0.461522] pci 0000:00:05.0: BAR 4 [mem 0xfebf8000-0xfebfbfff 64bit pref]
[    0.466693] ACPI: PCI: Interrupt link LNKA configured for IRQ 10
[    0.467657] ACPI: PCI: Interrupt link LNKB configured for IRQ 10
[    0.468645] ACPI: PCI: Interrupt link LNKC configured for IRQ 11
[    0.470640] ACPI: PCI: Interrupt link LNKD configured for IRQ 11
[    0.471607] ACPI: PCI: Interrupt link LNKS configured for IRQ 9
[    0.474265] iommu: Default domain type: Translated
[    0.475520] iommu: DMA domain TLB invalidation policy: lazy mode
[    0.476643] SCSI subsystem initialized
[    0.477584] pps_core: LinuxPPS API ver. 1 registered
[    0.479520] pps_core: Software ver. 5.3.6 - Copyright 2005-2007 Rodolfo Giometti <giometti@linux.it>
[    0.480521] PTP clock support registered
[    0.482566] Advanced Linux Sound Architecture Driver Initialized.
[    0.484961] NET: Registered PF_ATMPVC protocol family
[    0.486520] NET: Registered PF_ATMSVC protocol family
[    0.487524] PCI: Using ACPI for IRQ routing
[    0.488578] vgaarb: loaded
[    0.489665] hpet0: at MMIO 0xfed00000, IRQs 2, 8, 0
[    0.490517] hpet0: 3 comparators, 64-bit 100.000000 MHz counter
[    0.495323] clocksource: Switched to clocksource kvm-clock
[    0.496315] VFS: Disk quotas dquot_6.6.0
[    0.497163] VFS: Dquot-cache hash table entries: 512 (order 0, 4096 bytes)
[    0.498695] pnp: PnP ACPI init
[    0.500555] pnp: PnP ACPI: found 5 devices
[    0.521080] clocksource: acpi_pm: mask: 0xffffff max_cycles: 0xffffff, max_idle_ns: 2085701024 ns
[    0.523624] NET: Registered PF_INET protocol family
[    0.524735] IP idents hash table entries: 16384 (order: 5, 131072 bytes, linear)
[    0.526676] tcp_listen_portaddr_hash hash table entries: 512 (order: 1, 8192 bytes, linear)
[    0.528392] Table-perturb hash table entries: 65536 (order: 6, 262144 bytes, linear)
[    0.529988] TCP established hash table entries: 8192 (order: 4, 65536 bytes, linear)
[    0.531572] TCP bind hash table entries: 8192 (order: 6, 262144 bytes, linear)
[    0.533071] TCP: Hash tables configured (established 8192 bind 8192)
[    0.534628] UDP hash table entries: 512 (order: 2, 16384 bytes, linear)
[    0.536008] UDP-Lite hash table entries: 512 (order: 2, 16384 bytes, linear)
[    0.537503] NET: Registered PF_UNIX/PF_LOCAL protocol family
[    0.538659] pci_bus 0000:00: resource 4 [io  0x0000-0x0cf7 window]
[    0.539901] pci_bus 0000:00: resource 5 [io  0x0d00-0xffff window]
[    0.541144] pci_bus 0000:00: resource 6 [mem 0x000a0000-0x000bffff window]
[    0.542536] pci_bus 0000:00: resource 7 [mem 0x40000000-0xfebfffff window]
[    0.543907] pci_bus 0000:00: resource 8 [mem 0x100000000-0x17fffffff window]
[    0.545364] pci 0000:00:01.0: PIIX3: Enabling Passive Release
[    0.546537] pci 0000:00:00.0: Limiting direct PCI/PCI transfers
[    0.547820] PCI: CLS 0 bytes, default 64
[    0.564436] RAPL PMU: API unit is 2^-32 Joules, 1 fixed counters, 10737418240 ms ovfl timer
[    0.566303] RAPL PMU: hw unit of domain psys 2^-0 Joules
[    1.157038] kvm_amd: CPU 48 isn't AMD or Hygon
[    1.157965] clocksource: tsc: mask: 0xffffffffffffffff max_cycles: 0x39a85c9bff6, max_idle_ns: 881590591483 ns
[    1.249447] Initialise system trusted keyrings
[    1.251268] workingset: timestamp_bits=56 max_order=18 bucket_order=0
[    1.252991] squashfs: version 4.0 (2009/01/31) Phillip Lougher
[    1.254199] fuse: init (API version 7.40)
[    1.255283] 9p: Installing v9fs 9p2000 file system support
[    1.266913] Key type asymmetric registered
[    1.267743] Asymmetric key parser 'x509' registered
[    1.268748] Block layer SCSI generic (bsg) driver version 0.4 loaded (major 249)
[    1.270239] io scheduler mq-deadline registered
[    1.271154] io scheduler kyber registered
[    1.292020] input: Power Button as /devices/LNXSYSTM:00/LNXPWRBN:00/input/input0
[    1.294072] ACPI: button: Power Button [PWRF]
[    1.296312] Warning: Processor Platform Limit event detected, but not handled.
[    1.299764] Consider compiling CPUfreq support into your kernel.
[    1.339089] ACPI: \_SB_.LNKB: Enabled at IRQ 10
[    1.353387] ACPI: \_SB_.LNKC: Enabled at IRQ 11
[    1.367528] ACPI: \_SB_.LNKA: Enabled at IRQ 10
[    1.370048] Serial: 8250/16550 driver, 4 ports, IRQ sharing enabled
[    1.371891] 00:03: ttyS0 at I/O 0x3f8 (irq = 4, base_baud = 115200) is a 16550A
[    1.413014] Non-volatile memory driver v1.3
[    1.414018] Linux agpgart interface v0.103
[    1.414901] printk: legacy console [hvc0] enabled
[    1.414933] ACPI: bus type drm_connector registered
[    1.416615] printk: legacy bootconsole [earlyser0] disabled
          _      _                                    
   __   _(_)_ __| |_ _ __ ___   ___       _ __   __ _ 
   \ \ / / |  __| __|  _   _ \ / _ \_____|  _ \ / _  |
    \ V /| | |  | |_| | | | | |  __/_____| | | | (_| |
     \_/ |_|_|   \__|_| |_| |_|\___|     |_| |_|\__  |
                                                |___/ 
   kernel version: 6.11.0-rc2-virtme x86_64
   (CTRL+d to exit)

root@virtme-ng:/nipa-data/kernel# PS1='xx__-> '
xx__-> env
PWD=/nipa-data/kernel
nr_open=1048576
HOME=/
TERM=xterm
SHLVL=2
XDG_RUNTIME_DIR=/run/user/0
PATH=/bin:/sbin:/usr/bin:/usr/sbin:/usr/local/bin
OLDPWD=/
_=/bin/env
xx__-> 