No EFI environment detected.
early console in extract_kernel
input_data: 0x0000000004e882c4
input_len: 0x00000000019b3bbb
output: 0x0000000001000000
output_len: 0x00000000057c3c94
kernel_total_size: 0x0000000005430000
needed_size: 0x0000000005800000
trampoline_32bit: 0x0000000000000000
Physical KASLR using RDRAND RDTSC...
Virtual KASLR using RDRAND RDTSC...

Decompressing Linux... Parsing ELF... Performing relocations... done.
Booting the kernel (entry_offset: 0x0000000002c29838).
[    0.000000] Linux version 6.15.0-virtme (root@d1780b5a459c) (gcc (Ubuntu 13.3.0-6ubuntu2~24.04) 13.3.0, GNU ld (GNU Binutils for Ubuntu) 2.42) #1 SMP PREEMPT_DYNAMIC Sat Jun  7 00:26:00 UTC 2025
[    0.000000] Command line: virtme_hostname=virtme-ng nr_open=1048576 virtme_link_mods=/nipa-data/kernel/.virtme_mods/lib/modules/0.0.0 virtme_initmount0=nipa-data/kernel virtme_rw_overlay0=/etc virtme_rw_overlay1=/lib virtme_rw_overlay2=/home virtme_rw_overlay3=/opt virtme_rw_overlay4=/srv virtme_rw_overlay5=/usr virtme_rw_overlay6=/var console=hvc0 earlyprintk=serial,ttyS0,115200 virtme_console=ttyS0 psmouse.proto=exps TERM=xterm virtme_chdir=nipa-data/kernel virtme_root_user=1 rootfstype=9p rootflags=version=9p2000.L,trans=virtio,access=any raid=noautodetect ro init=/usr/lib/python3/dist-packages/virtme/guest/virtme-init
[    0.000000] BIOS-provided physical RAM map:
[    0.000000] BIOS-e820: [mem 0x0000000000000000-0x000000000009fbff] usable
[    0.000000] BIOS-e820: [mem 0x000000000009fc00-0x000000000009ffff] reserved
[    0.000000] BIOS-e820: [mem 0x00000000000f0000-0x00000000000fffff] reserved
[    0.000000] BIOS-e820: [mem 0x0000000000100000-0x000000003ffdffff] usable
[    0.000000] BIOS-e820: [mem 0x000000003ffe0000-0x000000003fffffff] reserved
[    0.000000] BIOS-e820: [mem 0x00000000feffc000-0x00000000feffffff] reserved
[    0.000000] BIOS-e820: [mem 0x00000000fffc0000-0x00000000ffffffff] reserved
[    0.000000] BIOS-e820: [mem 0x000000fd00000000-0x000000ffffffffff] reserved
[    0.000000] printk: legacy bootconsole [earlyser0] enabled
[    0.000000] NX (Execute Disable) protection: active
[    0.000000] APIC: Static calls initialized
[    0.000000] SMBIOS 3.0.0 present.
[    0.000000] DMI: QEMU Ubuntu 24.04 PC (i440FX + PIIX, 1996), BIOS 1.16.3-debian-1.16.3-2 04/01/2014
[    0.000000] DMI: Memory slots populated: 1/1
[    0.000000] Hypervisor detected: KVM
[    0.000000] kvm-clock: Using msrs 4b564d01 and 4b564d00
[    0.000000] kvm-clock: using sched offset of 325441554 cycles
[    0.000373] clocksource: kvm-clock: mask: 0xffffffffffffffff max_cycles: 0x1cd42e4dffb, max_idle_ns: 881590591483 ns
[    0.001523] tsc: Detected 4491.564 MHz processor
[    0.002192] last_pfn = 0x3ffe0 max_arch_pfn = 0x400000000
[    0.002597] MTRR map: 4 entries (3 fixed + 1 variable; max 19), built from 8 variable MTRRs
[    0.003187] x86/PAT: Configuration [0-7]: WB  WC  UC- UC  WB  WP  UC- WT  
[    0.005112] found SMP MP-table at [mem 0x000f5470-0x000f547f]
[    0.005529] Using GB pages for direct mapping
[    0.006026] ACPI: Early table checksum verification disabled
[    0.006424] ACPI: RSDP 0x00000000000F5290 000014 (v00 BOCHS )
[    0.006832] ACPI: RSDT 0x000000003FFE27BC 000034 (v01 BOCHS  BXPC     00000001 BXPC 00000001)
[    0.007441] ACPI: FACP 0x000000003FFE2578 000074 (v01 BOCHS  BXPC     00000001 BXPC 00000001)
[    0.008045] ACPI: DSDT 0x000000003FFE0040 002538 (v01 BOCHS  BXPC     00000001 BXPC 00000001)
[    0.008649] ACPI: FACS 0x000000003FFE0000 000040
[    0.008976] ACPI: APIC 0x000000003FFE25EC 000170 (v03 BOCHS  BXPC     00000001 BXPC 00000001)
[    0.009586] ACPI: HPET 0x000000003FFE275C 000038 (v01 BOCHS  BXPC     00000001 BXPC 00000001)
[    0.010186] ACPI: WAET 0x000000003FFE2794 000028 (v01 BOCHS  BXPC     00000001 BXPC 00000001)
[    0.010786] ACPI: Reserving FACP table memory at [mem 0x3ffe2578-0x3ffe25eb]
[    0.011280] ACPI: Reserving DSDT table memory at [mem 0x3ffe0040-0x3ffe2577]
[    0.011775] ACPI: Reserving FACS table memory at [mem 0x3ffe0000-0x3ffe003f]
[    0.012270] ACPI: Reserving APIC table memory at [mem 0x3ffe25ec-0x3ffe275b]
[    0.012764] ACPI: Reserving HPET table memory at [mem 0x3ffe275c-0x3ffe2793]
[    0.013260] ACPI: Reserving WAET table memory at [mem 0x3ffe2794-0x3ffe27bb]
[    0.013946] No NUMA configuration found
[    0.014216] Faking a node at [mem 0x0000000000000000-0x000000003ffdffff]
[    0.014689] NODE_DATA(0) allocated [mem 0x3ffdb740-0x3ffdffff]
[    0.015116] Zone ranges:
[    0.015294]   DMA      [mem 0x0000000000001000-0x0000000000ffffff]
[    0.015730]   DMA32    [mem 0x0000000001000000-0x000000003ffdffff]
[    0.016164]   Normal   empty
[    0.016368]   Device   empty
[    0.016571] Movable zone start for each node
[    0.016871] Early memory node ranges
[    0.017122]   node   0: [mem 0x0000000000001000-0x000000000009efff]
[    0.017566]   node   0: [mem 0x0000000000100000-0x000000003ffdffff]
[    0.018006] Initmem setup node 0 [mem 0x0000000000001000-0x000000003ffdffff]
[    0.018506] On node 0, zone DMA: 1 pages in unavailable ranges
[    0.018969] On node 0, zone DMA: 97 pages in unavailable ranges
[    0.023449] On node 0, zone DMA32: 32 pages in unavailable ranges
[    0.032602] kasan: KernelAddressSanitizer initialized
[    0.033196] ACPI: PM-Timer IO Port: 0x608
[    0.033490] ACPI: LAPIC_NMI (acpi_id[0xff] dfl dfl lint[0x1])
[    0.033917] IOAPIC[0]: apic_id 0, version 17, address 0xfec00000, GSI 0-23
[    0.034402] ACPI: INT_SRC_OVR (bus 0 bus_irq 0 global_irq 2 dfl dfl)
[    0.034849] ACPI: INT_SRC_OVR (bus 0 bus_irq 5 global_irq 5 high level)
[    0.035314] ACPI: INT_SRC_OVR (bus 0 bus_irq 9 global_irq 9 high level)
[    0.035778] ACPI: INT_SRC_OVR (bus 0 bus_irq 10 global_irq 10 high level)
[    0.036254] ACPI: INT_SRC_OVR (bus 0 bus_irq 11 global_irq 11 high level)
[    0.036732] ACPI: Using ACPI (MADT) for SMP configuration information
[    0.037187] ACPI: HPET id: 0x8086a201 base: 0xfed00000
[    0.037550] TSC deadline timer available
[    0.037829] CPU topo: Max. logical packages:   1
[    0.038153] CPU topo: Max. logical dies:       1
[    0.038477] CPU topo: Max. dies per package:   1
[    0.038803] CPU topo: Max. threads per core:   1
[    0.039127] CPU topo: Num. cores per package:    32
[    0.039470] CPU topo: Num. threads per package:  32
[    0.039812] CPU topo: Allowing 32 present CPUs plus 0 hotplug CPUs
[    0.040260] kvm-guest: APIC: eoi() replaced with kvm_guest_apic_eoi_write()
[    0.040761] kvm-guest: KVM setup pv remote TLB flush
[    0.041112] kvm-guest: setup PV sched yield
[    0.041414] PM: hibernation: Registered nosave memory: [mem 0x00000000-0x00000fff]
[    0.041947] PM: hibernation: Registered nosave memory: [mem 0x0009f000-0x000fffff]
[    0.042478] [mem 0x40000000-0xfeffbfff] available for PCI devices
[    0.042906] Booting paravirtualized kernel on KVM
[    0.043238] clocksource: refined-jiffies: mask: 0xffffffff max_cycles: 0xffffffff, max_idle_ns: 1910969940391419 ns
[    0.052014] setup_percpu: NR_CPUS:64 nr_cpumask_bits:32 nr_cpu_ids:32 nr_node_ids:1
[    0.053797] percpu: Embedded 65 pages/cpu s229208 r8192 d28840 u524288
[    0.054327] Kernel command line: virtme_hostname=virtme-ng nr_open=1048576 virtme_link_mods=/nipa-data/kernel/.virtme_mods/lib/modules/0.0.0 virtme_initmount0=nipa-data/kernel virtme_rw_overlay0=/etc virtme_rw_overlay1=/lib virtme_rw_overlay2=/home virtme_rw_overlay3=/opt virtme_rw_overlay4=/srv virtme_rw_overlay5=/usr virtme_rw_overlay6=/var console=hvc0 earlyprintk=serial,ttyS0,115200 virtme_console=ttyS0 psmouse.proto=exps TERM=xterm virtme_chdir=nipa-data/kernel virtme_root_user=1 rootfstype=9p rootflags=version=9p2000.L,trans=virtio,access=any raid=noautodetect ro init=/usr/lib/python3/dist-packages/virtme/guest/virtme-init
[    0.058489] Unknown kernel command line parameters "virtme_hostname=virtme-ng nr_open=1048576 virtme_link_mods=/nipa-data/kernel/.virtme_mods/lib/modules/0.0.0 virtme_initmount0=nipa-data/kernel virtme_rw_overlay0=/etc virtme_rw_overlay1=/lib virtme_rw_overlay2=/home virtme_rw_overlay3=/opt virtme_rw_overlay4=/srv virtme_rw_overlay5=/usr virtme_rw_overlay6=/var virtme_console=ttyS0 virtme_chdir=nipa-data/kernel virtme_root_user=1", will be passed to user space.
[    0.061635] random: crng init done
[    0.061881] printk: log buffer data + meta data: 262144 + 917504 = 1179648 bytes
[    0.062448] Dentry cache hash table entries: 131072 (order: 8, 1048576 bytes, linear)
[    0.063120] Inode-cache hash table entries: 65536 (order: 7, 524288 bytes, linear)
[    0.064439] Fallback order for Node 0: 0 
[    0.064444] Built 1 zonelists, mobility grouping on.  Total pages: 262014
[    0.065228] Policy zone: DMA32
[    0.065453] mem auto-init: stack:all(zero), heap alloc:off, heap free:off
[    0.065946] stackdepot: allocating hash table via alloc_large_system_hash
[    0.066441] stackdepot hash table entries: 1048576 (order: 12, 16777216 bytes, linear)
[    0.074265] SLUB: HWalign=64, Order=0-3, MinObjects=0, CPUs=32, Nodes=1
Poking KASLR using RDRAND RDTSC...
[    0.083748] ftrace: allocating 49456 entries in 196 pages
[    0.084140] ftrace: allocated 196 pages with 3 groups
[    0.085401] Dynamic Preempt: voluntary
[    0.086146] rcu: Preemptible hierarchical RCU implementation.
[    0.086560] rcu: RCU event tracing is enabled.
[    0.086886] rcu: RCU restricting CPUs from NR_CPUS=64 to nr_cpu_ids=32.
[    0.087368] Trampoline variant of Tasks RCU enabled.
[    0.087737] Rude variant of Tasks RCU enabled.
[    0.088064] Tracing variant of Tasks RCU enabled.
[    0.088410] rcu: RCU calculated value of scheduler-enlistment delay is 100 jiffies.
[    0.088961] rcu: Adjusting geometry for rcu_fanout_leaf=16, nr_cpu_ids=32
[    0.089525] RCU Tasks: Setting shift to 5 and lim to 1 rcu_task_cb_adjust=1 rcu_task_cpu_ids=32.
[    0.090162] RCU Tasks Rude: Setting shift to 5 and lim to 1 rcu_task_cb_adjust=1 rcu_task_cpu_ids=32.
[    0.090830] RCU Tasks Trace: Setting shift to 5 and lim to 1 rcu_task_cb_adjust=1 rcu_task_cpu_ids=32.
[    0.101020] NR_IRQS: 4352, nr_irqs: 680, preallocated irqs: 16
[    0.101743] rcu: srcu_init: Setting srcu_struct sizes based on contention.
[    0.102626] Console: colour *CGA 80x25
[    0.102925] ACPI: Core revision 20250404
[    0.103360] clocksource: hpet: mask: 0xffffffff max_cycles: 0xffffffff, max_idle_ns: 19112604467 ns
[    0.104075] APIC: Switch to symmetric I/O mode setup
[    0.104571] x2apic enabled
[    0.104951] APIC: Switched APIC routing to: physical x2apic
[    0.105375] kvm-guest: APIC: send_IPI_mask() replaced with kvm_send_ipi_mask()
[    0.105898] kvm-guest: APIC: send_IPI_mask_allbutself() replaced with kvm_send_ipi_mask_allbutself()
[    0.106534] kvm-guest: setup PV IPIs
[    0.107607] ..TIMER: vector=0x30 apic1=0 pin1=2 apic2=-1 pin2=-1
[    0.108391] clocksource: tsc-early: mask: 0xffffffffffffffff max_cycles: 0x40be463295d, max_idle_ns: 440795209293 ns
[    0.109736] Calibrating delay loop (skipped) preset value.. 8983.12 BogoMIPS (lpj=4491564)
[    0.110801] x86/cpu: User Mode Instruction Prevention (UMIP) activated
[    0.111792] Last level iTLB entries: 4KB 512, 2MB 255, 4MB 127
[    0.112734] Last level dTLB entries: 4KB 512, 2MB 255, 4MB 127, 1GB 0
[    0.113744] Speculative Store Bypass: Mitigation: Speculative Store Bypass disabled via prctl
[    0.114735] Speculative Return Stack Overflow: IBPB-extending microcode not applied!
[    0.115734] Speculative Return Stack Overflow: WARNING: See https://kernel.org/doc/html/latest/admin-guide/hw-vuln/srso.html for mitigation options.
[    0.115736] Spectre V2 : Mitigation: Enhanced / Automatic IBRS
[    0.117466] Speculative Return Stack Overflow: Vulnerable: Safe RET, no microcode
[    0.117735] Spectre V1 : Mitigation: usercopy/swapgs barriers and __user pointer sanitization
[    0.118737] Spectre V2 : mitigation: Enabling conditional Indirect Branch Prediction Barrier
[    0.119751] x86/fpu: Supporting XSAVE feature 0x001: 'x87 floating point registers'
[    0.120734] x86/fpu: Supporting XSAVE feature 0x002: 'SSE registers'
[    0.121734] x86/fpu: Supporting XSAVE feature 0x004: 'AVX registers'
[    0.122734] x86/fpu: Supporting XSAVE feature 0x020: 'AVX-512 opmask'
[    0.123734] x86/fpu: Supporting XSAVE feature 0x040: 'AVX-512 Hi256'
[    0.124734] x86/fpu: Supporting XSAVE feature 0x080: 'AVX-512 ZMM_Hi256'
[    0.125559] x86/fpu: Supporting XSAVE feature 0x200: 'Protection Keys User registers'
[    0.125735] x86/fpu: xstate_offset[2]:  576, xstate_sizes[2]:  256
[    0.126734] x86/fpu: xstate_offset[5]:  832, xstate_sizes[5]:   64
[    0.127734] x86/fpu: xstate_offset[6]:  896, xstate_sizes[6]:  512
[    0.128734] x86/fpu: xstate_offset[7]: 1408, xstate_sizes[7]: 1024
[    0.129491] x86/fpu: xstate_offset[9]: 2432, xstate_sizes[9]:    8
[    0.129734] x86/fpu: Enabled xstate features 0x2e7, context size is 2440 bytes, using 'compacted' format.
[    0.152144] Freeing SMP alternatives memory: 40K
[    0.152718] pid_max: default: 32768 minimum: 301
[    0.152862] Mount-cache hash table entries: 2048 (order: 2, 16384 bytes, linear)
[    0.153736] Mountpoint-cache hash table entries: 2048 (order: 2, 16384 bytes, linear)
[    0.156016] smpboot: CPU0: AMD Ryzen 9 7950X 16-Core Processor (family: 0x19, model: 0x61, stepping: 0x2)
[    0.157187] Performance Events: Fam17h+ core perfctr, AMD PMU driver.
[    0.157738] ... version:                0
[    0.158231] ... bit width:              48
[    0.158736] ... generic registers:      6
[    0.159228] ... value mask:             0000ffffffffffff
[    0.159736] ... max period:             00007fffffffffff
[    0.160391] ... fixed-purpose events:   0
[    0.160736] ... event mask:             000000000000003f
[    0.161566] signal: max sigframe size: 3376
[    0.161783] rcu: Hierarchical SRCU implementation.
[    0.162372] rcu: Max phase no-delay instances is 400.
[    0.162821] Timer migration: 2 hierarchy levels; 8 children per group; 2 crossnode level
[    0.167756] smp: Bringing up secondary CPUs ...
[    0.168507] smpboot: x86: Booting SMP configuration:
[    0.168738] .... node  #0, CPUs:        #1  #2  #3  #4  #5  #6  #7  #8  #9 #10 #11 #12 #13 #14 #15 #16 #17 #18 #19 #20 #21 #22 #23 #24 #25 #26 #27 #28 #29 #30 #31
[    0.185839] smp: Brought up 1 node, 32 CPUs
[    0.187257] smpboot: Total of 32 processors activated (287460.09 BogoMIPS)
[    0.190944] Memory: 759256K/1048056K available (45222K kernel code, 11684K rwdata, 10388K rodata, 6200K init, 1108K bss, 273004K reserved, 0K cma-reserved)
[    0.191867] devtmpfs: initialized
[    0.192763] x86/mm: Memory block size: 128MB
[    0.199817] clocksource: jiffies: mask: 0xffffffff max_cycles: 0xffffffff, max_idle_ns: 1911260446275000 ns
[    0.200745] posixtimers hash table entries: 16384 (order: 6, 262144 bytes, linear)
[    0.201762] futex hash table entries: 8192 (524288 bytes on 1 NUMA nodes, total 512 KiB, linear).
[    0.203070] PM: RTC time: 00:26:22, date: 2025-06-07
[    0.204502] NET: Registered PF_NETLINK/PF_ROUTE protocol family
[    0.205626] thermal_sys: Registered thermal governor 'step_wise'
[    0.205656] cpuidle: using governor menu
[    0.207250] PCI: Using configuration type 1 for base access
[    0.207737] PCI: Using configuration type 1 for extended access
[    0.208616] kprobes: kprobe jump-optimization is enabled. All kprobes are optimized if possible.
[    0.221067] HugeTLB: allocation took 0ms with hugepage_allocation_threads=8
[    0.221771] HugeTLB: registered 1.00 GiB page size, pre-allocated 0 pages
[    0.222601] HugeTLB: 16380 KiB vmemmap can be freed for a 1.00 GiB page
[    0.223737] HugeTLB: registered 2.00 MiB page size, pre-allocated 0 pages
[    0.224562] HugeTLB: 28 KiB vmemmap can be freed for a 2.00 MiB page
[    0.226096] ACPI: Added _OSI(Module Device)
[    0.226608] ACPI: Added _OSI(Processor Device)
[    0.227737] ACPI: Added _OSI(Processor Aggregator Device)
[    0.252643] ACPI: 1 ACPI AML tables successfully acquired and loaded
[    0.256692] ACPI: Interpreter enabled
[    0.257798] ACPI: PM: (supports S0 S3 S4 S5)
[    0.258321] ACPI: Using IOAPIC for interrupt routing
[    0.258787] PCI: Using host bridge windows from ACPI; if necessary, use "pci=nocrs" and report a bug
[    0.259736] PCI: Using E820 reservations for host bridge windows
[    0.261567] ACPI: Enabled 2 GPEs in block 00 to 0F
[    0.311642] ACPI: PCI Root Bridge [PCI0] (domain 0000 [bus 00-ff])
[    0.311751] acpi PNP0A03:00: _OSC: OS supports [ExtendedConfig ASPM ClockPM Segments MSI HPX-Type3]
[    0.313238] PCI host bridge to bus 0000:00
[    0.313792] pci_bus 0000:00: root bus resource [io  0x0000-0x0cf7 window]
[    0.314661] pci_bus 0000:00: root bus resource [io  0x0d00-0xffff window]
[    0.315739] pci_bus 0000:00: root bus resource [mem 0x000a0000-0x000bffff window]
[    0.316652] pci_bus 0000:00: root bus resource [mem 0x40000000-0xfebfffff window]
[    0.317739] pci_bus 0000:00: root bus resource [mem 0x100000000-0x17fffffff window]
[    0.318678] pci_bus 0000:00: root bus resource [bus 00-ff]
[    0.319830] pci 0000:00:00.0: [8086:1237] type 00 class 0x060000 conventional PCI endpoint
[    0.321639] pci 0000:00:01.0: [8086:7000] type 00 class 0x060100 conventional PCI endpoint
[    0.323634] pci 0000:00:01.1: [8086:7010] type 00 class 0x010180 conventional PCI endpoint
[    0.325191] pci 0000:00:01.1: BAR 4 [io  0xc0c0-0xc0cf]
[    0.325755] pci 0000:00:01.1: BAR 0 [io  0x01f0-0x01f7]: legacy IDE quirk
[    0.326581] pci 0000:00:01.1: BAR 1 [io  0x03f6]: legacy IDE quirk
[    0.326736] pci 0000:00:01.1: BAR 2 [io  0x0170-0x0177]: legacy IDE quirk
[    0.327556] pci 0000:00:01.1: BAR 3 [io  0x0376]: legacy IDE quirk
[    0.329446] pci 0000:00:01.3: [8086:7113] type 00 class 0x068000 conventional PCI endpoint
[    0.330955] pci 0000:00:01.3: quirk: [io  0x0600-0x063f] claimed by PIIX4 ACPI
[    0.331740] pci 0000:00:01.3: quirk: [io  0x0700-0x070f] claimed by PIIX4 SMB
[    0.333365] pci 0000:00:02.0: [1af4:1009] type 00 class 0x000200 conventional PCI endpoint
[    0.334741] pci 0000:00:02.0: BAR 0 [io  0xc000-0xc03f]
[    0.335382] pci 0000:00:02.0: BAR 1 [mem 0xfebfc000-0xfebfcfff]
[    0.336751] pci 0000:00:02.0: BAR 4 [mem 0xfebf0000-0xfebf3fff 64bit pref]
[    0.349474] pci 0000:00:03.0: [1af4:1009] type 00 class 0x000200 conventional PCI endpoint
[    0.350741] pci 0000:00:03.0: BAR 0 [io  0xc040-0xc07f]
[    0.351384] pci 0000:00:03.0: BAR 1 [mem 0xfebfd000-0xfebfdfff]
[    0.352751] pci 0000:00:03.0: BAR 4 [mem 0xfebf4000-0xfebf7fff 64bit pref]
[    0.365399] pci 0000:00:04.0: [8086:25ab] type 00 class 0x088000 conventional PCI endpoint
[    0.367108] pci 0000:00:04.0: BAR 0 [mem 0xfebfe000-0xfebfe00f]
[    0.379415] pci 0000:00:05.0: [1af4:1003] type 00 class 0x078000 conventional PCI endpoint
[    0.380481] pci 0000:00:05.0: BAR 0 [io  0xc080-0xc0bf]
[    0.381742] pci 0000:00:05.0: BAR 1 [mem 0xfebff000-0xfebfffff]
[    0.382475] pci 0000:00:05.0: BAR 4 [mem 0xfebf8000-0xfebfbfff 64bit pref]
[    0.396954] ACPI: PCI: Interrupt link LNKA configured for IRQ 10
[    0.398670] ACPI: PCI: Interrupt link LNKB configured for IRQ 10
[    0.400691] ACPI: PCI: Interrupt link LNKC configured for IRQ 11
[    0.402686] ACPI: PCI: Interrupt link LNKD configured for IRQ 11
[    0.403128] ACPI: PCI: Interrupt link LNKS configured for IRQ 9
[    0.422782] iommu: Default domain type: Translated
[    0.423374] iommu: DMA domain TLB invalidation policy: lazy mode
[    0.426991] SCSI subsystem initialized
[    0.427821] pps_core: LinuxPPS API ver. 1 registered
[    0.428426] pps_core: Software ver. 5.3.6 - Copyright 2005-2007 Rodolfo Giometti <giometti@linux.it>
[    0.429753] PTP clock support registered
[    0.430315] Advanced Linux Sound Architecture Driver Initialized.
[    0.431872] NET: Registered PF_ATMPVC protocol family
[    0.432496] NET: Registered PF_ATMSVC protocol family
[    0.433775] PCI: Using ACPI for IRQ routing
[    0.434546] vgaarb: loaded
[    0.434857] hpet0: at MMIO 0xfed00000, IRQs 2, 8, 0
[    0.435459] hpet0: 3 comparators, 64-bit 100.000000 MHz counter
[    0.439865] clocksource: Switched to clocksource kvm-clock
[    0.440963] VFS: Disk quotas dquot_6.6.0
[    0.441455] VFS: Dquot-cache hash table entries: 512 (order 0, 4096 bytes)
[    0.443070] pnp: PnP ACPI init
[    0.445914] pnp: PnP ACPI: found 5 devices
[    0.456639] clocksource: acpi_pm: mask: 0xffffff max_cycles: 0xffffff, max_idle_ns: 2085701024 ns
[    0.457782] NET: Registered PF_INET protocol family
[    0.458511] IP idents hash table entries: 16384 (order: 5, 131072 bytes, linear)
[    0.459768] tcp_listen_portaddr_hash hash table entries: 512 (order: 1, 8192 bytes, linear)
[    0.460788] Table-perturb hash table entries: 65536 (order: 6, 262144 bytes, linear)
[    0.461753] TCP established hash table entries: 8192 (order: 4, 65536 bytes, linear)
[    0.462707] TCP bind hash table entries: 8192 (order: 6, 262144 bytes, linear)
[    0.463594] TCP: Hash tables configured (established 8192 bind 8192)
[    0.464527] UDP hash table entries: 512 (order: 3, 32768 bytes, linear)
[    0.465337] UDP-Lite hash table entries: 512 (order: 3, 32768 bytes, linear)
[    0.466428] NET: Registered PF_UNIX/PF_LOCAL protocol family
[    0.467137] pci_bus 0000:00: resource 4 [io  0x0000-0x0cf7 window]
[    0.467888] pci_bus 0000:00: resource 5 [io  0x0d00-0xffff window]
[    0.468638] pci_bus 0000:00: resource 6 [mem 0x000a0000-0x000bffff window]
[    0.469466] pci_bus 0000:00: resource 7 [mem 0x40000000-0xfebfffff window]
[    0.470302] pci_bus 0000:00: resource 8 [mem 0x100000000-0x17fffffff window]
[    0.471363] pci 0000:00:01.0: PIIX3: Enabling Passive Release
[    0.472065] pci 0000:00:00.0: Limiting direct PCI/PCI transfers
[    0.472817] PCI: CLS 0 bytes, default 64
[    0.473542] kvm_intel: VMX not supported by CPU 1
[    0.474138] kvm_amd: TSC scaling supported
[    0.474640] kvm_amd: Nested Virtualization enabled
[    0.475217] kvm_amd: Nested Paging enabled
[    0.475717] kvm_amd: LBR virtualization supported
[    0.476293] kvm_amd: Virtual GIF supported
[    0.476792] kvm_amd: Virtual NMI enabled
[    0.505015] clocksource: tsc: mask: 0xffffffffffffffff max_cycles: 0x40be463295d, max_idle_ns: 440795209293 ns
[    0.522028] Initialise system trusted keyrings
[    0.522736] workingset: timestamp_bits=56 max_order=18 bucket_order=0
[    0.523656] squashfs: version 4.0 (2009/01/31) Phillip Lougher
[    0.524389] fuse: init (API version 7.44)
[    0.525006] 9p: Installing v9fs 9p2000 file system support
[    0.534927] Key type asymmetric registered
[    0.535438] Asymmetric key parser 'x509' registered
[    0.536101] Block layer SCSI generic (bsg) driver version 0.4 loaded (major 249)
[    0.537043] io scheduler mq-deadline registered
[    0.537606] io scheduler kyber registered
[    0.540048] input: Power Button as /devices/LNXSYSTM:00/LNXPWRBN:00/input/input0
[    0.541201] ACPI: button: Power Button [PWRF]
[    0.543126] Warning: Processor Platform Limit event detected, but not handled.
[    0.544040] Consider compiling CPUfreq support into your kernel.
[    1.424201] ACPI: \_SB_.LNKB: Enabled at IRQ 10
[    2.297094] ACPI: \_SB_.LNKC: Enabled at IRQ 11
[    3.181636] ACPI: \_SB_.LNKA: Enabled at IRQ 10
[    3.183038] Serial: 8250/16550 driver, 4 ports, IRQ sharing enabled
[    3.184345] 00:03: ttyS0 at I/O 0x3f8 (irq = 4, base_baud = 115200) is a 16550A
[    3.212563] Non-volatile memory driver v1.3
[    3.213096] Linux agpgart interface v0.103
[    3.213916] ACPI: bus type drm_connector registered
[    3.214856] printk: legacy console [hvc0] enabled
[    3.215446] printk: legacy bootconsole [earlyser0] disabled
          _      _                                    
   __   _(_)_ __| |_ _ __ ___   ___       _ __   __ _ 
   \ \ / / |  __| __|  _   _ \ / _ \_____|  _ \ / _  |
    \ V /| | |  | |_| | | | | |  __/_____| | | | (_| |
     \_/ |_|_|   \__|_| |_| |_|\___|     |_| |_|\__  |
                                                |___/ 
   kernel version: 6.15.0-virtme x86_64
   (CTRL+d to exit)

root@virtme-ng:/nipa-data/kernel# PS1='xx__-> '
xx__-> env
PWD=/nipa-data/kernel
nr_open=1048576
HOME=/
TERM=xterm
SHLVL=2
XDG_RUNTIME_DIR=/run/user/0
PATH=/bin:/sbin:/usr/bin:/usr/sbin:/usr/local/bin
OLDPWD=/
_=/bin/env
xx__-> 