No EFI environment detected.
early console in extract_kernel
input_data: 0x0000000004ab02c4
input_len: 0x0000000001853764
output: 0x0000000001000000
output_len: 0x0000000005290bc4
kernel_total_size: 0x0000000004e30000
needed_size: 0x0000000005400000
trampoline_32bit: 0x0000000000000000
Physical KASLR using RDRAND RDTSC...
Virtual KASLR using RDRAND RDTSC...

Decompressing Linux... Parsing ELF... Performing relocations... done.
Booting the kernel (entry_offset: 0x0000000000000000).
[    0.000000] Linux version 6.9.0-virtme (root@355096fd99f0) (gcc (Alpine 13.2.1_git20240309) 13.2.1 20240309, GNU ld (GNU Binutils) 2.42) #1 SMP PREEMPT_DYNAMIC Wed May 22 18:26:43 UTC 2024
[    0.000000] Command line: virtme_hostname=virtme-ng nr_open=1048576 virtme_link_mods=/nipa-data/kernel/.virtme_mods/lib/modules/0.0.0 virtme_initmount0=nipa-data/kernel virtme_rw_overlay0=/etc virtme_rw_overlay1=/lib virtme_rw_overlay2=/home virtme_rw_overlay3=/opt virtme_rw_overlay4=/srv virtme_rw_overlay5=/usr virtme_rw_overlay6=/var console=hvc0 earlyprintk=serial,ttyS0,115200 virtme_console=ttyS0 psmouse.proto=exps TERM=xterm virtme_chdir=nipa-data/kernel virtme_root_user=1 rootfstype=9p rootflags=version=9p2000.L,trans=virtio,access=any raid=noautodetect ro init=/usr/lib/python3.12/site-packages/virtme/guest/virtme-init
[    0.000000] BIOS-provided physical RAM map:
[    0.000000] BIOS-e820: [mem 0x0000000000000000-0x000000000009fbff] usable
[    0.000000] BIOS-e820: [mem 0x000000000009fc00-0x000000000009ffff] reserved
[    0.000000] BIOS-e820: [mem 0x00000000000f0000-0x00000000000fffff] reserved
[    0.000000] BIOS-e820: [mem 0x0000000000100000-0x000000003ffdffff] usable
[    0.000000] BIOS-e820: [mem 0x000000003ffe0000-0x000000003fffffff] reserved
[    0.000000] BIOS-e820: [mem 0x00000000feffc000-0x00000000feffffff] reserved
[    0.000000] BIOS-e820: [mem 0x00000000fffc0000-0x00000000ffffffff] reserved
[    0.000000] BIOS-e820: [mem 0x000000fd00000000-0x000000ffffffffff] reserved
[    0.000000] printk: legacy bootconsole [earlyser0] enabled
[    0.000000] NX (Execute Disable) protection: active
[    0.000000] APIC: Static calls initialized
[    0.000000] SMBIOS 2.8 present.
[    0.000000] DMI: QEMU Standard PC (i440FX + PIIX, 1996), BIOS rel-1.16.3-0-ga6ed6b701f0a-prebuilt.qemu.org 04/01/2014
[    0.000000] Hypervisor detected: KVM
[    0.000000] kvm-clock: Using msrs 4b564d01 and 4b564d00
[    0.000000] kvm-clock: using sched offset of 347703013 cycles
[    0.000396] clocksource: kvm-clock: mask: 0xffffffffffffffff max_cycles: 0x1cd42e4dffb, max_idle_ns: 881590591483 ns
[    0.001626] tsc: Detected 4491.556 MHz processor
[    0.002333] last_pfn = 0x3ffe0 max_arch_pfn = 0x400000000
[    0.002770] MTRR map: 4 entries (3 fixed + 1 variable; max 19), built from 8 variable MTRRs
[    0.003402] x86/PAT: Configuration [0-7]: WB  WC  UC- UC  WB  WP  UC- WT  
[    0.005464] found SMP MP-table at [mem 0x000f5470-0x000f547f]
[    0.005908] Using GB pages for direct mapping
[    0.006402] ACPI: Early table checksum verification disabled
[    0.006833] ACPI: RSDP 0x00000000000F5290 000014 (v00 BOCHS )
[    0.007279] ACPI: RSDT 0x000000003FFE27BC 000034 (v01 BOCHS  BXPC     00000001 BXPC 00000001)
[    0.007932] ACPI: FACP 0x000000003FFE2578 000074 (v01 BOCHS  BXPC     00000001 BXPC 00000001)
[    0.008588] ACPI: DSDT 0x000000003FFE0040 002538 (v01 BOCHS  BXPC     00000001 BXPC 00000001)
[    0.009237] ACPI: FACS 0x000000003FFE0000 000040
[    0.009587] ACPI: APIC 0x000000003FFE25EC 000170 (v03 BOCHS  BXPC     00000001 BXPC 00000001)
[    0.010233] ACPI: HPET 0x000000003FFE275C 000038 (v01 BOCHS  BXPC     00000001 BXPC 00000001)
[    0.010877] ACPI: WAET 0x000000003FFE2794 000028 (v01 BOCHS  BXPC     00000001 BXPC 00000001)
[    0.011524] ACPI: Reserving FACP table memory at [mem 0x3ffe2578-0x3ffe25eb]
[    0.012062] ACPI: Reserving DSDT table memory at [mem 0x3ffe0040-0x3ffe2577]
[    0.012601] ACPI: Reserving FACS table memory at [mem 0x3ffe0000-0x3ffe003f]
[    0.013133] ACPI: Reserving APIC table memory at [mem 0x3ffe25ec-0x3ffe275b]
[    0.013666] ACPI: Reserving HPET table memory at [mem 0x3ffe275c-0x3ffe2793]
[    0.014199] ACPI: Reserving WAET table memory at [mem 0x3ffe2794-0x3ffe27bb]
[    0.014936] No NUMA configuration found
[    0.015226] Faking a node at [mem 0x0000000000000000-0x000000003ffdffff]
[    0.015733] NODE_DATA(0) allocated [mem 0x3ffdb000-0x3ffdffff]
[    0.016192] Zone ranges:
[    0.016384]   DMA      [mem 0x0000000000001000-0x0000000000ffffff]
[    0.016855]   DMA32    [mem 0x0000000001000000-0x000000003ffdffff]
[    0.017322]   Normal   empty
[    0.017544]   Device   empty
[    0.017760] Movable zone start for each node
[    0.018081] Early memory node ranges
[    0.018350]   node   0: [mem 0x0000000000001000-0x000000000009efff]
[    0.018828]   node   0: [mem 0x0000000000100000-0x000000003ffdffff]
[    0.019303] Initmem setup node 0 [mem 0x0000000000001000-0x000000003ffdffff]
[    0.019841] On node 0, zone DMA: 1 pages in unavailable ranges
[    0.020341] On node 0, zone DMA: 97 pages in unavailable ranges
[    0.025095] On node 0, zone DMA32: 32 pages in unavailable ranges
[    0.034535] kasan: KernelAddressSanitizer initialized
[    0.035157] ACPI: PM-Timer IO Port: 0x608
[    0.035472] ACPI: LAPIC_NMI (acpi_id[0xff] dfl dfl lint[0x1])
[    0.035932] IOAPIC[0]: apic_id 0, version 17, address 0xfec00000, GSI 0-23
[    0.036455] ACPI: INT_SRC_OVR (bus 0 bus_irq 0 global_irq 2 dfl dfl)
[    0.036943] ACPI: INT_SRC_OVR (bus 0 bus_irq 5 global_irq 5 high level)
[    0.037445] ACPI: INT_SRC_OVR (bus 0 bus_irq 9 global_irq 9 high level)
[    0.037948] ACPI: INT_SRC_OVR (bus 0 bus_irq 10 global_irq 10 high level)
[    0.038463] ACPI: INT_SRC_OVR (bus 0 bus_irq 11 global_irq 11 high level)
[    0.038979] ACPI: Using ACPI (MADT) for SMP configuration information
[    0.039468] ACPI: HPET id: 0x8086a201 base: 0xfed00000
[    0.039859] TSC deadline timer available
[    0.040160] CPU topo: Max. logical packages:   1
[    0.040510] CPU topo: Max. logical dies:       1
[    0.040868] CPU topo: Max. dies per package:   1
[    0.041221] CPU topo: Max. threads per core:   1
[    0.041571] CPU topo: Num. cores per package:    32
[    0.041941] CPU topo: Num. threads per package:  32
[    0.042311] CPU topo: Allowing 32 present CPUs plus 0 hotplug CPUs
[    0.042795] kvm-guest: APIC: eoi() replaced with kvm_guest_apic_eoi_write()
[    0.043336] kvm-guest: KVM setup pv remote TLB flush
[    0.043714] kvm-guest: setup PV sched yield
[    0.044038] PM: hibernation: Registered nosave memory: [mem 0x00000000-0x00000fff]
[    0.044617] PM: hibernation: Registered nosave memory: [mem 0x0009f000-0x0009ffff]
[    0.045191] PM: hibernation: Registered nosave memory: [mem 0x000a0000-0x000effff]
[    0.045764] PM: hibernation: Registered nosave memory: [mem 0x000f0000-0x000fffff]
[    0.046338] [mem 0x40000000-0xfeffbfff] available for PCI devices
[    0.046800] Booting paravirtualized kernel on KVM
[    0.047158] clocksource: refined-jiffies: mask: 0xffffffff max_cycles: 0xffffffff, max_idle_ns: 1910969940391419 ns
[    0.056068] setup_percpu: NR_CPUS:64 nr_cpumask_bits:32 nr_cpu_ids:32 nr_node_ids:1
[    0.057896] percpu: Embedded 70 pages/cpu s248616 r8192 d29912 u524288
[    0.058449] Kernel command line: virtme_hostname=virtme-ng nr_open=1048576 virtme_link_mods=/nipa-data/kernel/.virtme_mods/lib/modules/0.0.0 virtme_initmount0=nipa-data/kernel virtme_rw_overlay0=/etc virtme_rw_overlay1=/lib virtme_rw_overlay2=/home virtme_rw_overlay3=/opt virtme_rw_overlay4=/srv virtme_rw_overlay5=/usr virtme_rw_overlay6=/var console=hvc0 earlyprintk=serial,ttyS0,115200 virtme_console=ttyS0 psmouse.proto=exps TERM=xterm virtme_chdir=nipa-data/kernel virtme_root_user=1 rootfstype=9p rootflags=version=9p2000.L,trans=virtio,access=any raid=noautodetect ro init=/usr/lib/python3.12/site-packages/virtme/guest/virtme-init
[    0.062917] Unknown kernel command line parameters "virtme_hostname=virtme-ng nr_open=1048576 virtme_link_mods=/nipa-data/kernel/.virtme_mods/lib/modules/0.0.0 virtme_initmount0=nipa-data/kernel virtme_rw_overlay0=/etc virtme_rw_overlay1=/lib virtme_rw_overlay2=/home virtme_rw_overlay3=/opt virtme_rw_overlay4=/srv virtme_rw_overlay5=/usr virtme_rw_overlay6=/var virtme_console=ttyS0 virtme_chdir=nipa-data/kernel virtme_root_user=1", will be passed to user space.
[    0.066276] random: crng init done
[    0.066653] Dentry cache hash table entries: 131072 (order: 8, 1048576 bytes, linear)
[    0.067273] Inode-cache hash table entries: 65536 (order: 7, 524288 bytes, linear)
[    0.068287] Fallback order for Node 0: 0 
[    0.068291] Built 1 zonelists, mobility grouping on.  Total pages: 257760
[    0.069131] Policy zone: DMA32
[    0.069368] mem auto-init: stack:all(zero), heap alloc:off, heap free:off
[    0.069895] stackdepot: allocating hash table via alloc_large_system_hash
[    0.070422] stackdepot hash table entries: 1048576 (order: 12, 16777216 bytes, linear)
[    0.078480] Memory: 781072K/1048056K available (43008K kernel code, 11182K rwdata, 9804K rodata, 5896K init, 2248K bss, 266728K reserved, 0K cma-reserved)
[    0.079738] SLUB: HWalign=64, Order=0-3, MinObjects=0, CPUs=32, Nodes=1
Poking KASLR using RDRAND RDTSC...
[    0.080549] ftrace: allocating 47839 entries in 187 pages
[    0.089365] ftrace: allocated 187 pages with 6 groups
[    0.090625] Dynamic Preempt: voluntary
[    0.091396] rcu: Preemptible hierarchical RCU implementation.
[    0.091843] rcu: RCU event tracing is enabled.
[    0.092194] rcu: RCU restricting CPUs from NR_CPUS=64 to nr_cpu_ids=32.
[    0.092719] Trampoline variant of Tasks RCU enabled.
[    0.093111] Rude variant of Tasks RCU enabled.
[    0.093462] Tracing variant of Tasks RCU enabled.
[    0.093835] rcu: RCU calculated value of scheduler-enlistment delay is 100 jiffies.
[    0.094430] rcu: Adjusting geometry for rcu_fanout_leaf=16, nr_cpu_ids=32
[    0.095026] RCU Tasks: Setting shift to 5 and lim to 1 rcu_task_cb_adjust=1.
[    0.095575] RCU Tasks Rude: Setting shift to 5 and lim to 1 rcu_task_cb_adjust=1.
[    0.096160] RCU Tasks Trace: Setting shift to 5 and lim to 1 rcu_task_cb_adjust=1.
[    0.105087] NR_IRQS: 4352, nr_irqs: 680, preallocated irqs: 16
[    0.105802] rcu: srcu_init: Setting srcu_struct sizes based on contention.
[    0.106544] Console: colour *CGA 80x25
[    0.106855] ACPI: Core revision 20240322
[    0.107311] clocksource: hpet: mask: 0xffffffff max_cycles: 0xffffffff, max_idle_ns: 19112604467 ns
[    0.108070] APIC: Switch to symmetric I/O mode setup
[    0.108456] APIC: Switched APIC routing to: physical flat
[    0.108872] kvm-guest: APIC: send_IPI_mask() replaced with kvm_send_ipi_mask()
[    0.109415] kvm-guest: APIC: send_IPI_mask_allbutself() replaced with kvm_send_ipi_mask_allbutself()
[    0.110125] kvm-guest: setup PV IPIs
[    0.111274] ..TIMER: vector=0x30 apic1=0 pin1=2 apic2=-1 pin2=-1
[    0.112095] tsc: Marking TSC unstable due to TSCs unsynchronized
[    0.112895] Calibrating delay loop (skipped) preset value.. 8983.11 BogoMIPS (lpj=4491556)
[    0.114917] x86/cpu: User Mode Instruction Prevention (UMIP) activated
[    0.115840] Last level iTLB entries: 4KB 512, 2MB 255, 4MB 127
[    0.115894] Last level dTLB entries: 4KB 512, 2MB 255, 4MB 127, 1GB 0
[    0.116899] Spectre V1 : Mitigation: usercopy/swapgs barriers and __user pointer sanitization
[    0.117898] Spectre V2 : Mitigation: Enhanced / Automatic IBRS
[    0.118894] Spectre V2 : Spectre v2 / SpectreRSB mitigation: Filling RSB on context switch
[    0.119896] Spectre V2 : mitigation: Enabling conditional Indirect Branch Prediction Barrier
[    0.120896] Speculative Store Bypass: Mitigation: Speculative Store Bypass disabled via prctl
[    0.121894] Speculative Return Stack Overflow: IBPB-extending microcode not applied!
[    0.122894] Speculative Return Stack Overflow: WARNING: See https://kernel.org/doc/html/latest/admin-guide/hw-vuln/srso.html for mitigation options.
[    0.122895] Speculative Return Stack Overflow: Vulnerable: Safe RET, no microcode
[    0.124910] x86/fpu: Supporting XSAVE feature 0x001: 'x87 floating point registers'
[    0.125894] x86/fpu: Supporting XSAVE feature 0x002: 'SSE registers'
[    0.126894] x86/fpu: Supporting XSAVE feature 0x004: 'AVX registers'
[    0.127894] x86/fpu: Supporting XSAVE feature 0x020: 'AVX-512 opmask'
[    0.128894] x86/fpu: Supporting XSAVE feature 0x040: 'AVX-512 Hi256'
[    0.129894] x86/fpu: Supporting XSAVE feature 0x080: 'AVX-512 ZMM_Hi256'
[    0.130894] x86/fpu: Supporting XSAVE feature 0x200: 'Protection Keys User registers'
[    0.131894] x86/fpu: xstate_offset[2]:  576, xstate_sizes[2]:  256
[    0.132701] x86/fpu: xstate_offset[5]:  832, xstate_sizes[5]:   64
[    0.132894] x86/fpu: xstate_offset[6]:  896, xstate_sizes[6]:  512
[    0.133894] x86/fpu: xstate_offset[7]: 1408, xstate_sizes[7]: 1024
[    0.134894] x86/fpu: xstate_offset[9]: 2432, xstate_sizes[9]:    8
[    0.135894] x86/fpu: Enabled xstate features 0x2e7, context size is 2440 bytes, using 'compacted' format.
[    0.158766] Freeing SMP alternatives memory: 40K
[    0.158895] pid_max: default: 32768 minimum: 301
[    0.160029] Mount-cache hash table entries: 2048 (order: 2, 16384 bytes, linear)
[    0.160895] Mountpoint-cache hash table entries: 2048 (order: 2, 16384 bytes, linear)
[    0.162545] smpboot: CPU0: AMD Ryzen 9 7950X 16-Core Processor (family: 0x19, model: 0x61, stepping: 0x2)
[    0.163381] Performance Events: Fam17h+ core perfctr, AMD PMU driver.
[    0.163899] ... version:                0
[    0.164424] ... bit width:              48
[    0.164896] ... generic registers:      6
[    0.165416] ... value mask:             0000ffffffffffff
[    0.165895] ... max period:             00007fffffffffff
[    0.166587] ... fixed-purpose events:   0
[    0.166895] ... event mask:             000000000000003f
[    0.167709] signal: max sigframe size: 3376
[    0.167942] rcu: Hierarchical SRCU implementation.
[    0.168567] rcu: Max phase no-delay instances is 400.
[    0.173053] smp: Bringing up secondary CPUs ...
[    0.173933] smpboot: x86: Booting SMP configuration:
[    0.174581] .... node  #0, CPUs:        #1  #2  #3  #4  #5  #6  #7  #8  #9 #10 #11 #12 #13 #14 #15 #16 #17 #18 #19 #20 #21 #22 #23 #24 #25 #26 #27 #28 #29 #30 #31
[    0.204081] smp: Brought up 1 node, 32 CPUs
[    0.205448] smpboot: Total of 32 processors activated (287459.58 BogoMIPS)
[    0.212154] devtmpfs: initialized
[    0.213064] x86/mm: Memory block size: 128MB
[    0.220045] clocksource: jiffies: mask: 0xffffffff max_cycles: 0xffffffff, max_idle_ns: 1911260446275000 ns
[    0.220900] futex hash table entries: 8192 (order: 7, 524288 bytes, linear)
[    0.222133] PM: RTC time: 18:27:18, date: 2024-05-22
[    0.223543] NET: Registered PF_NETLINK/PF_ROUTE protocol family
[    0.224814] thermal_sys: Registered thermal governor 'step_wise'
[    0.224816] thermal_sys: Registered thermal governor 'user_space'
[    0.224998] cpuidle: using governor menu
[    0.227312] PCI: Using configuration type 1 for base access
[    0.227897] PCI: Using configuration type 1 for extended access
[    0.228817] kprobes: kprobe jump-optimization is enabled. All kprobes are optimized if possible.
[    0.245901] HugeTLB: registered 1.00 GiB page size, pre-allocated 0 pages
[    0.246896] HugeTLB: 16380 KiB vmemmap can be freed for a 1.00 GiB page
[    0.247748] HugeTLB: registered 2.00 MiB page size, pre-allocated 0 pages
[    0.247895] HugeTLB: 28 KiB vmemmap can be freed for a 2.00 MiB page
[    0.249099] Demotion targets for Node 0: null
[    0.251103] ACPI: Added _OSI(Module Device)
[    0.251647] ACPI: Added _OSI(Processor Device)
[    0.252896] ACPI: Added _OSI(3.0 _SCP Extensions)
[    0.253509] ACPI: Added _OSI(Processor Aggregator Device)
[    0.277719] ACPI: 1 ACPI AML tables successfully acquired and loaded
[    0.281070] ACPI: _OSC evaluation for CPUs failed, trying _PDC
[    0.284158] ACPI: Interpreter enabled
[    0.284708] ACPI: PM: (supports S0 S3 S4 S5)
[    0.284896] ACPI: Using IOAPIC for interrupt routing
[    0.285598] PCI: Using host bridge windows from ACPI; if necessary, use "pci=nocrs" and report a bug
[    0.286895] PCI: Using E820 reservations for host bridge windows
[    0.288766] ACPI: Enabled 2 GPEs in block 00 to 0F
[    0.336087] ACPI: PCI Root Bridge [PCI0] (domain 0000 [bus 00-ff])
[    0.336907] acpi PNP0A03:00: _OSC: OS supports [ExtendedConfig ASPM ClockPM Segments MSI HPX-Type3]
[    0.339417] PCI host bridge to bus 0000:00
[    0.339899] pci_bus 0000:00: root bus resource [io  0x0000-0x0cf7 window]
[    0.340779] pci_bus 0000:00: root bus resource [io  0x0d00-0xffff window]
[    0.340898] pci_bus 0000:00: root bus resource [mem 0x000a0000-0x000bffff window]
[    0.341872] pci_bus 0000:00: root bus resource [mem 0x40000000-0xfebfffff window]
[    0.342898] pci_bus 0000:00: root bus resource [mem 0x100000000-0x17fffffff window]
[    0.343899] pci_bus 0000:00: root bus resource [bus 00-ff]
[    0.344768] pci 0000:00:00.0: [8086:1237] type 00 class 0x060000 conventional PCI endpoint
[    0.346777] pci 0000:00:01.0: [8086:7000] type 00 class 0x060100 conventional PCI endpoint
[    0.348816] pci 0000:00:01.1: [8086:7010] type 00 class 0x010180 conventional PCI endpoint
[    0.352393] pci 0000:00:01.1: BAR 4 [io  0xc0c0-0xc0cf]
[    0.353889] pci 0000:00:01.1: BAR 0 [io  0x01f0-0x01f7]: legacy IDE quirk
[    0.354774] pci 0000:00:01.1: BAR 1 [io  0x03f6]: legacy IDE quirk
[    0.355896] pci 0000:00:01.1: BAR 2 [io  0x0170-0x0177]: legacy IDE quirk
[    0.356776] pci 0000:00:01.1: BAR 3 [io  0x0376]: legacy IDE quirk
[    0.358596] pci 0000:00:01.3: [8086:7113] type 00 class 0x068000 conventional PCI endpoint
[    0.360166] pci 0000:00:01.3: quirk: [io  0x0600-0x063f] claimed by PIIX4 ACPI
[    0.361900] pci 0000:00:01.3: quirk: [io  0x0700-0x070f] claimed by PIIX4 SMB
[    0.363576] pci 0000:00:02.0: [1af4:1009] type 00 class 0x000200 conventional PCI endpoint
[    0.365896] pci 0000:00:02.0: BAR 0 [io  0xc000-0xc03f]
[    0.367632] pci 0000:00:02.0: BAR 1 [mem 0xfebfc000-0xfebfcfff]
[    0.373896] pci 0000:00:02.0: BAR 4 [mem 0xfebf0000-0xfebf3fff 64bit pref]
[    0.387336] pci 0000:00:03.0: [1af4:1009] type 00 class 0x000200 conventional PCI endpoint
[    0.389896] pci 0000:00:03.0: BAR 0 [io  0xc040-0xc07f]
[    0.392624] pci 0000:00:03.0: BAR 1 [mem 0xfebfd000-0xfebfdfff]
[    0.397619] pci 0000:00:03.0: BAR 4 [mem 0xfebf4000-0xfebf7fff 64bit pref]
[    0.411523] pci 0000:00:04.0: [8086:25ab] type 00 class 0x088000 conventional PCI endpoint
[    0.413297] pci 0000:00:04.0: BAR 0 [mem 0xfebfe000-0xfebfe00f]
[    0.428375] pci 0000:00:05.0: [1af4:1003] type 00 class 0x078000 conventional PCI endpoint
[    0.430896] pci 0000:00:05.0: BAR 0 [io  0xc080-0xc0bf]
[    0.433641] pci 0000:00:05.0: BAR 1 [mem 0xfebff000-0xfebfffff]
[    0.438896] pci 0000:00:05.0: BAR 4 [mem 0xfebf8000-0xfebfbfff 64bit pref]
[    0.455906] ACPI: PCI: Interrupt link LNKA configured for IRQ 10
[    0.457671] ACPI: PCI: Interrupt link LNKB configured for IRQ 10
[    0.459844] ACPI: PCI: Interrupt link LNKC configured for IRQ 11
[    0.460836] ACPI: PCI: Interrupt link LNKD configured for IRQ 11
[    0.462283] ACPI: PCI: Interrupt link LNKS configured for IRQ 9
[    0.481601] iommu: Default domain type: Translated
[    0.481896] iommu: DMA domain TLB invalidation policy: lazy mode
[    0.483148] SCSI subsystem initialized
[    0.484022] pps_core: LinuxPPS API ver. 1 registered
[    0.484671] pps_core: Software ver. 5.3.6 - Copyright 2005-2007 Rodolfo Giometti <giometti@linux.it>
[    0.485909] PTP clock support registered
[    0.487025] Advanced Linux Sound Architecture Driver Initialized.
[    0.489047] NET: Registered PF_ATMPVC protocol family
[    0.489702] NET: Registered PF_ATMSVC protocol family
[    0.490920] PCI: Using ACPI for IRQ routing
[    0.491601] vgaarb: loaded
[    0.492017] hpet0: at MMIO 0xfed00000, IRQs 2, 8, 0
[    0.492649] hpet0: 3 comparators, 64-bit 100.000000 MHz counter
[    0.500237] clocksource: Switched to clocksource kvm-clock
[    0.501518] VFS: Disk quotas dquot_6.6.0
[    0.502080] VFS: Dquot-cache hash table entries: 512 (order 0, 4096 bytes)
[    0.503691] pnp: PnP ACPI init
[    0.506486] pnp: PnP ACPI: found 5 devices
[    0.518565] clocksource: acpi_pm: mask: 0xffffff max_cycles: 0xffffff, max_idle_ns: 2085701024 ns
[    0.519783] NET: Registered PF_INET protocol family
[    0.520455] IP idents hash table entries: 16384 (order: 5, 131072 bytes, linear)
[    0.521824] tcp_listen_portaddr_hash hash table entries: 512 (order: 1, 8192 bytes, linear)
[    0.522920] Table-perturb hash table entries: 65536 (order: 6, 262144 bytes, linear)
[    0.523944] TCP established hash table entries: 8192 (order: 4, 65536 bytes, linear)
[    0.524949] TCP bind hash table entries: 8192 (order: 6, 262144 bytes, linear)
[    0.525972] TCP: Hash tables configured (established 8192 bind 8192)
[    0.526956] UDP hash table entries: 512 (order: 2, 16384 bytes, linear)
[    0.527861] UDP-Lite hash table entries: 512 (order: 2, 16384 bytes, linear)
[    0.528990] NET: Registered PF_UNIX/PF_LOCAL protocol family
[    0.529741] pci_bus 0000:00: resource 4 [io  0x0000-0x0cf7 window]
[    0.530535] pci_bus 0000:00: resource 5 [io  0x0d00-0xffff window]
[    0.531332] pci_bus 0000:00: resource 6 [mem 0x000a0000-0x000bffff window]
[    0.532217] pci_bus 0000:00: resource 7 [mem 0x40000000-0xfebfffff window]
[    0.533101] pci_bus 0000:00: resource 8 [mem 0x100000000-0x17fffffff window]
[    0.534218] pci 0000:00:01.0: PIIX3: Enabling Passive Release
[    0.534966] pci 0000:00:00.0: Limiting direct PCI/PCI transfers
[    0.535772] PCI: CLS 0 bytes, default 64
[    0.536350] kvm_intel: VMX not supported by CPU 13
[    0.537007] kvm_amd: TSC scaling supported
[    0.537593] kvm_amd: Nested Virtualization enabled
[    0.538202] kvm_amd: Nested Paging enabled
[    0.538753] kvm_amd: Virtual VMLOAD VMSAVE supported
[    0.539388] kvm_amd: Virtual GIF supported
[    0.539915] kvm_amd: Virtual NMI enabled
[    0.540414] kvm_amd: LBR virtualization supported
[    0.651817] Initialise system trusted keyrings
[    0.652769] workingset: timestamp_bits=56 max_order=18 bucket_order=0
[    0.654016] squashfs: version 4.0 (2009/01/31) Phillip Lougher
[    0.655028] fuse: init (API version 7.40)
[    0.655894] 9p: Installing v9fs 9p2000 file system support
[    0.670795] Key type asymmetric registered
[    0.671518] Asymmetric key parser 'x509' registered
[    0.672456] Block layer SCSI generic (bsg) driver version 0.4 loaded (major 249)
[    0.673769] io scheduler mq-deadline registered
[    0.674547] io scheduler kyber registered
[    0.677169] input: Power Button as /devices/LNXSYSTM:00/LNXPWRBN:00/input/input0
[    0.678770] ACPI: button: Power Button [PWRF]
[    0.679708] Warning: Processor Platform Limit event detected, but not handled.
[    0.680938] Consider compiling CPUfreq support into your kernel.
[    1.641181] ACPI: \_SB_.LNKB: Enabled at IRQ 10
[    2.499431] ACPI: \_SB_.LNKC: Enabled at IRQ 11
[    3.338046] ACPI: \_SB_.LNKA: Enabled at IRQ 10
[    3.339590] Serial: 8250/16550 driver, 4 ports, IRQ sharing enabled
[    3.340725] 00:03: ttyS0 at I/O 0x3f8 (irq = 4, base_baud = 115200) is a 16550A
[    3.389785] Non-volatile memory driver v1.3
[    3.390359] Linux agpgart interface v0.103
[    3.390959] printk: legacy console [hvc0] enabled
[    3.391122] ACPI: bus type drm_connector registered
          _      _                                    
   __   _(_)_ __| |_ _ __ ___   ___       _ __   __ _ 
   \ \ / / |  __| __|  _   _ \ / _ \_____|  _ \ / _  |
    \ V /| | |  | |_| | | | | |  __/_____| | | | (_| |
     \_/ |_|_|   \__|_| |_| |_|\___|     |_| |_|\__  |
                                                |___/ 
   kernel version: 6.9.0-virtme x86_64
   (CTRL+d to exit)

virtme-ng:/nipa-data/kernel# PS1='xx__-> '
xx__-> env
PWD=/nipa-data/kernel
nr_open=1048576
HOME=/root
TERM=xterm
SHLVL=2
XDG_RUNTIME_DIR=/run/user/0
PATH=/bin:/sbin:/usr/bin:/usr/sbin:/usr/local/bin
OLDPWD=/
_=/usr/bin/env
xx__-> 