No EFI environment detected.
early console in extract_kernel
input_data: 0x00000000029ec2b9
input_len: 0x0000000000b23586
output: 0x0000000001000000
output_len: 0x00000000024ca644
kernel_total_size: 0x0000000002230000
needed_size: 0x0000000002600000
trampoline_32bit: 0x0000000000000000
Physical KASLR using RDRAND RDTSC...
Virtual KASLR using RDRAND RDTSC...

Decompressing Linux... Parsing ELF... Performing relocations... done.
Booting the kernel (entry_offset: 0x0000000000000000).
[    0.000000] Linux version 6.9.0-rc3-virtme (root@ff090723955e) (gcc (Alpine 13.2.1_git20240309) 13.2.1 20240309, GNU ld (GNU Binutils) 2.42) #1 SMP PREEMPT_DYNAMIC Thu Apr 18 00:06:18 UTC 2024
[    0.000000] Command line: virtme_hostname=virtme-ng nr_open=1048576 virtme_link_mods=/nipa-data/kernel/.virtme_mods/lib/modules/0.0.0 virtme_initmount0=nipa-data/kernel virtme_rw_overlay0=/etc virtme_rw_overlay1=/lib virtme_rw_overlay2=/home virtme_rw_overlay3=/opt virtme_rw_overlay4=/srv virtme_rw_overlay5=/usr virtme_rw_overlay6=/var console=hvc0 earlyprintk=serial,ttyS0,115200 virtme_console=ttyS0 psmouse.proto=exps TERM=xterm virtme_chdir=nipa-data/kernel virtme_root_user=1 rootfstype=9p rootflags=version=9p2000.L,trans=virtio,access=any raid=noautodetect ro init=/usr/lib/python3.12/site-packages/virtme/guest/virtme-init
[    0.000000] BIOS-provided physical RAM map:
[    0.000000] BIOS-e820: [mem 0x0000000000000000-0x000000000009fbff] usable
[    0.000000] BIOS-e820: [mem 0x000000000009fc00-0x000000000009ffff] reserved
[    0.000000] BIOS-e820: [mem 0x00000000000f0000-0x00000000000fffff] reserved
[    0.000000] BIOS-e820: [mem 0x0000000000100000-0x000000003ffdffff] usable
[    0.000000] BIOS-e820: [mem 0x000000003ffe0000-0x000000003fffffff] reserved
[    0.000000] BIOS-e820: [mem 0x00000000feffc000-0x00000000feffffff] reserved
[    0.000000] BIOS-e820: [mem 0x00000000fffc0000-0x00000000ffffffff] reserved
[    0.000000] BIOS-e820: [mem 0x000000fd00000000-0x000000ffffffffff] reserved
[    0.000000] printk: legacy bootconsole [earlyser0] enabled
[    0.000000] NX (Execute Disable) protection: active
[    0.000000] APIC: Static calls initialized
[    0.000000] SMBIOS 3.0.0 present.
[    0.000000] DMI: QEMU Standard PC (i440FX + PIIX, 1996), BIOS rel-1.16.3-0-ga6ed6b701f0a-prebuilt.qemu.org 04/01/2014
[    0.000000] Hypervisor detected: KVM
[    0.000000] kvm-clock: Using msrs 4b564d01 and 4b564d00
[    0.000000] kvm-clock: using sched offset of 253925950 cycles
[    0.000383] clocksource: kvm-clock: mask: 0xffffffffffffffff max_cycles: 0x1cd42e4dffb, max_idle_ns: 881590591483 ns
[    0.001580] tsc: Detected 4491.556 MHz processor
[    0.002180] last_pfn = 0x3ffe0 max_arch_pfn = 0x400000000
[    0.002595] MTRR map: 4 entries (3 fixed + 1 variable; max 19), built from 8 variable MTRRs
[    0.003202] x86/PAT: Configuration [0-7]: WB  WC  UC- UC  WB  WP  UC- WT  
Memory KASLR using RDRAND RDTSC...
[    0.005232] found SMP MP-table at [mem 0x000f5470-0x000f547f]
[    0.005652] Using GB pages for direct mapping
[    0.006027] ACPI: Early table checksum verification disabled
[    0.006438] ACPI: RSDP 0x00000000000F5290 000014 (v00 BOCHS )
[    0.006856] ACPI: RSDT 0x000000003FFE27BC 000034 (v01 BOCHS  BXPC     00000001 BXPC 00000001)
[    0.007475] ACPI: FACP 0x000000003FFE2578 000074 (v01 BOCHS  BXPC     00000001 BXPC 00000001)
[    0.008159] ACPI: DSDT 0x000000003FFE0040 002538 (v01 BOCHS  BXPC     00000001 BXPC 00000001)
[    0.008907] ACPI: FACS 0x000000003FFE0000 000040
[    0.009311] ACPI: APIC 0x000000003FFE25EC 000170 (v03 BOCHS  BXPC     00000001 BXPC 00000001)
[    0.010056] ACPI: HPET 0x000000003FFE275C 000038 (v01 BOCHS  BXPC     00000001 BXPC 00000001)
[    0.010801] ACPI: WAET 0x000000003FFE2794 000028 (v01 BOCHS  BXPC     00000001 BXPC 00000001)
[    0.011549] ACPI: Reserving FACP table memory at [mem 0x3ffe2578-0x3ffe25eb]
[    0.012167] ACPI: Reserving DSDT table memory at [mem 0x3ffe0040-0x3ffe2577]
[    0.012788] ACPI: Reserving FACS table memory at [mem 0x3ffe0000-0x3ffe003f]
[    0.013403] ACPI: Reserving APIC table memory at [mem 0x3ffe25ec-0x3ffe275b]
[    0.014022] ACPI: Reserving HPET table memory at [mem 0x3ffe275c-0x3ffe2793]
[    0.014640] ACPI: Reserving WAET table memory at [mem 0x3ffe2794-0x3ffe27bb]
[    0.015428] No NUMA configuration found
[    0.015763] Faking a node at [mem 0x0000000000000000-0x000000003ffdffff]
[    0.016350] NODE_DATA(0) allocated [mem 0x3ffdb000-0x3ffdffff]
[    0.016878] Zone ranges:
[    0.017099]   DMA      [mem 0x0000000000001000-0x0000000000ffffff]
[    0.017639]   DMA32    [mem 0x0000000001000000-0x000000003ffdffff]
[    0.018182]   Normal   empty
[    0.018435]   Device   empty
[    0.018687] Movable zone start for each node
[    0.019063] Early memory node ranges
[    0.019375]   node   0: [mem 0x0000000000001000-0x000000000009efff]
[    0.019926]   node   0: [mem 0x0000000000100000-0x000000003ffdffff]
[    0.020475] Initmem setup node 0 [mem 0x0000000000001000-0x000000003ffdffff]
[    0.021102] On node 0, zone DMA: 1 pages in unavailable ranges
[    0.021623] On node 0, zone DMA: 97 pages in unavailable ranges
[    0.023307] On node 0, zone DMA32: 32 pages in unavailable ranges
[    0.024085] ACPI: PM-Timer IO Port: 0x608
[    0.024440] ACPI: LAPIC_NMI (acpi_id[0xff] dfl dfl lint[0x1])
[    0.024968] IOAPIC[0]: apic_id 0, version 17, address 0xfec00000, GSI 0-23
[    0.025572] ACPI: INT_SRC_OVR (bus 0 bus_irq 0 global_irq 2 dfl dfl)
[    0.026132] ACPI: INT_SRC_OVR (bus 0 bus_irq 5 global_irq 5 high level)
[    0.026713] ACPI: INT_SRC_OVR (bus 0 bus_irq 9 global_irq 9 high level)
[    0.027294] ACPI: INT_SRC_OVR (bus 0 bus_irq 10 global_irq 10 high level)
[    0.027890] ACPI: INT_SRC_OVR (bus 0 bus_irq 11 global_irq 11 high level)
[    0.028485] ACPI: Using ACPI (MADT) for SMP configuration information
[    0.029054] ACPI: HPET id: 0x8086a201 base: 0xfed00000
[    0.029505] TSC deadline timer available
[    0.029852] CPU topo: Max. logical packages:   1
[    0.030255] CPU topo: Max. logical dies:       1
[    0.030659] CPU topo: Max. dies per package:   1
[    0.031068] CPU topo: Max. threads per core:  32
[    0.031473] CPU topo: Num. cores per package:     1
[    0.031905] CPU topo: Num. threads per package:  32
[    0.032336] CPU topo: Allowing 32 present CPUs plus 0 hotplug CPUs
[    0.032901] kvm-guest: APIC: eoi() replaced with kvm_guest_apic_eoi_write()
[    0.033525] kvm-guest: KVM setup pv remote TLB flush
[    0.033968] kvm-guest: setup PV sched yield
[    0.034330] PM: hibernation: Registered nosave memory: [mem 0x00000000-0x00000fff]
[    0.034903] PM: hibernation: Registered nosave memory: [mem 0x0009f000-0x0009ffff]
[    0.035453] PM: hibernation: Registered nosave memory: [mem 0x000a0000-0x000effff]
[    0.036021] PM: hibernation: Registered nosave memory: [mem 0x000f0000-0x000fffff]
[    0.036570] [mem 0x40000000-0xfeffbfff] available for PCI devices
[    0.037030] Booting paravirtualized kernel on KVM
[    0.037372] clocksource: refined-jiffies: mask: 0xffffffff max_cycles: 0xffffffff, max_idle_ns: 1910969940391419 ns
[    0.041198] setup_percpu: NR_CPUS:64 nr_cpumask_bits:32 nr_cpu_ids:32 nr_node_ids:1
[    0.042340] percpu: Embedded 58 pages/cpu s198952 r8192 d30424 u262144
[    0.042846] Kernel command line: virtme_hostname=virtme-ng nr_open=1048576 virtme_link_mods=/nipa-data/kernel/.virtme_mods/lib/modules/0.0.0 virtme_initmount0=nipa-data/kernel virtme_rw_overlay0=/etc virtme_rw_overlay1=/lib virtme_rw_overlay2=/home virtme_rw_overlay3=/opt virtme_rw_overlay4=/srv virtme_rw_overlay5=/usr virtme_rw_overlay6=/var console=hvc0 earlyprintk=serial,ttyS0,115200 virtme_console=ttyS0 psmouse.proto=exps TERM=xterm virtme_chdir=nipa-data/kernel virtme_root_user=1 rootfstype=9p rootflags=version=9p2000.L,trans=virtio,access=any raid=noautodetect ro init=/usr/lib/python3.12/site-packages/virtme/guest/virtme-init
[    0.047151] Unknown kernel command line parameters "virtme_hostname=virtme-ng nr_open=1048576 virtme_link_mods=/nipa-data/kernel/.virtme_mods/lib/modules/0.0.0 virtme_initmount0=nipa-data/kernel virtme_rw_overlay0=/etc virtme_rw_overlay1=/lib virtme_rw_overlay2=/home virtme_rw_overlay3=/opt virtme_rw_overlay4=/srv virtme_rw_overlay5=/usr virtme_rw_overlay6=/var virtme_console=ttyS0 virtme_chdir=nipa-data/kernel virtme_root_user=1", will be passed to user space.
[    0.050437] random: crng init done
[    0.050720] Dentry cache hash table entries: 131072 (order: 8, 1048576 bytes, linear)
[    0.051333] Inode-cache hash table entries: 65536 (order: 7, 524288 bytes, linear)
[    0.051996] Fallback order for Node 0: 0 
[    0.051998] Built 1 zonelists, mobility grouping on.  Total pages: 257760
[    0.052824] Policy zone: DMA32
[    0.053052] mem auto-init: stack:all(zero), heap alloc:off, heap free:off
[    0.054347] Memory: 986624K/1048056K available (16384K kernel code, 2407K rwdata, 6108K rodata, 3052K init, 2100K bss, 61172K reserved, 0K cma-reserved)
[    0.055417] SLUB: HWalign=64, Order=0-3, MinObjects=0, CPUs=32, Nodes=1
Poking KASLR using RDRAND RDTSC...
[    0.056170] ftrace: allocating 47590 entries in 186 pages
[    0.063123] ftrace: allocated 186 pages with 5 groups
[    0.064142] Dynamic Preempt: voluntary
[    0.064581] rcu: Preemptible hierarchical RCU implementation.
[    0.065031] rcu: RCU event tracing is enabled.
[    0.065369] rcu: RCU restricting CPUs from NR_CPUS=64 to nr_cpu_ids=32.
[    0.065892] Trampoline variant of Tasks RCU enabled.
[    0.066268] Rude variant of Tasks RCU enabled.
[    0.066605] Tracing variant of Tasks RCU enabled.
[    0.066982] rcu: RCU calculated value of scheduler-enlistment delay is 100 jiffies.
[    0.067553] rcu: Adjusting geometry for rcu_fanout_leaf=16, nr_cpu_ids=32
[    0.068129] RCU Tasks: Setting shift to 5 and lim to 1 rcu_task_cb_adjust=1.
[    0.068660] RCU Tasks Rude: Setting shift to 5 and lim to 1 rcu_task_cb_adjust=1.
[    0.069237] RCU Tasks Trace: Setting shift to 5 and lim to 1 rcu_task_cb_adjust=1.
[    0.071252] NR_IRQS: 4352, nr_irqs: 680, preallocated irqs: 16
[    0.071868] rcu: srcu_init: Setting srcu_struct sizes based on contention.
[    0.072515] Console: colour *CGA 80x25
[    0.072813] ACPI: Core revision 20230628
[    0.073252] clocksource: hpet: mask: 0xffffffff max_cycles: 0xffffffff, max_idle_ns: 19112604467 ns
[    0.074007] APIC: Switch to symmetric I/O mode setup
[    0.074390] APIC: Switched APIC routing to: physical flat
[    0.074791] kvm-guest: APIC: send_IPI_mask() replaced with kvm_send_ipi_mask()
[    0.075319] kvm-guest: APIC: send_IPI_mask_allbutself() replaced with kvm_send_ipi_mask_allbutself()
[    0.075994] kvm-guest: setup PV IPIs
[    0.077035] ..TIMER: vector=0x30 apic1=0 pin1=2 apic2=-1 pin2=-1
[    0.077834] tsc: Marking TSC unstable due to TSCs unsynchronized
[    0.078632] Calibrating delay loop (skipped) preset value.. 8983.11 BogoMIPS (lpj=4491556)
[    0.079689] x86/cpu: User Mode Instruction Prevention (UMIP) activated
[    0.080678] Last level iTLB entries: 4KB 512, 2MB 255, 4MB 127
[    0.081629] Last level dTLB entries: 4KB 512, 2MB 255, 4MB 127, 1GB 0
[    0.082633] Spectre V1 : Mitigation: usercopy/swapgs barriers and __user pointer sanitization
[    0.083633] Spectre V2 : Mitigation: Enhanced / Automatic IBRS
[    0.084629] Spectre V2 : Spectre v2 / SpectreRSB mitigation: Filling RSB on context switch
[    0.085630] Spectre V2 : mitigation: Enabling conditional Indirect Branch Prediction Barrier
[    0.086629] Spectre V2 : User space: Mitigation: STIBP always-on protection
[    0.087631] Speculative Store Bypass: Mitigation: Speculative Store Bypass disabled via prctl
[    0.088630] Speculative Return Stack Overflow: IBPB-extending microcode not applied!
[    0.089629] Speculative Return Stack Overflow: WARNING: See https://kernel.org/doc/html/latest/admin-guide/hw-vuln/srso.html for mitigation options.
[    0.089630] Speculative Return Stack Overflow: Vulnerable: Safe RET, no microcode
[    0.091644] x86/fpu: Supporting XSAVE feature 0x001: 'x87 floating point registers'
[    0.092629] x86/fpu: Supporting XSAVE feature 0x002: 'SSE registers'
[    0.093629] x86/fpu: Supporting XSAVE feature 0x004: 'AVX registers'
[    0.094442] x86/fpu: Supporting XSAVE feature 0x020: 'AVX-512 opmask'
[    0.094629] x86/fpu: Supporting XSAVE feature 0x040: 'AVX-512 Hi256'
[    0.095629] x86/fpu: Supporting XSAVE feature 0x080: 'AVX-512 ZMM_Hi256'
[    0.096629] x86/fpu: Supporting XSAVE feature 0x200: 'Protection Keys User registers'
[    0.097630] x86/fpu: xstate_offset[2]:  576, xstate_sizes[2]:  256
[    0.098630] x86/fpu: xstate_offset[5]:  832, xstate_sizes[5]:   64
[    0.099629] x86/fpu: xstate_offset[6]:  896, xstate_sizes[6]:  512
[    0.100453] x86/fpu: xstate_offset[7]: 1408, xstate_sizes[7]: 1024
[    0.100630] x86/fpu: xstate_offset[9]: 2432, xstate_sizes[9]:    8
[    0.101630] x86/fpu: Enabled xstate features 0x2e7, context size is 2440 bytes, using 'compacted' format.
[    0.117492] Freeing SMP alternatives memory: 40K
[    0.117630] pid_max: default: 32768 minimum: 301
[    0.118653] Mount-cache hash table entries: 2048 (order: 2, 16384 bytes, linear)
[    0.119631] Mountpoint-cache hash table entries: 2048 (order: 2, 16384 bytes, linear)
[    0.120779] smpboot: CPU0: AMD Ryzen 9 7950X 16-Core Processor (family: 0x19, model: 0x61, stepping: 0x2)
[    0.121757] Performance Events: Fam17h+ core perfctr, AMD PMU driver.
[    0.122595] ... version:                0
[    0.122632] ... bit width:              48
[    0.123152] ... generic registers:      6
[    0.123631] ... value mask:             0000ffffffffffff
[    0.124324] ... max period:             00007fffffffffff
[    0.124631] ... fixed-purpose events:   0
[    0.125268] ... event mask:             000000000000003f
[    0.125729] signal: max sigframe size: 3376
[    0.126428] rcu: Hierarchical SRCU implementation.
[    0.126632] rcu: Max phase no-delay instances is 400.
[    0.130168] smp: Bringing up secondary CPUs ...
[    0.130698] smpboot: x86: Booting SMP configuration:
[    0.131456] .... node  #0, CPUs:        #1  #2  #3  #4  #5  #6  #7  #8  #9 #10 #11 #12 #13 #14 #15 #16 #17 #18 #19 #20 #21 #22 #23 #24 #25 #26 #27 #28 #29 #30 #31
[    0.136632] Spectre V2 : Update user space SMT mitigation: STIBP always-on
[    0.153779] smp: Brought up 1 node, 32 CPUs
[    0.154347] smpboot: Total of 32 processors activated (287459.58 BogoMIPS)
[    0.163787] devtmpfs: initialized
[    0.164115] x86/mm: Memory block size: 128MB
[    0.165359] clocksource: jiffies: mask: 0xffffffff max_cycles: 0xffffffff, max_idle_ns: 1911260446275000 ns
[    0.165633] futex hash table entries: 8192 (order: 7, 524288 bytes, linear)
[    0.166605] PM: RTC time: 00:06:50, date: 2024-04-18
[    0.166986] NET: Registered PF_NETLINK/PF_ROUTE protocol family
[    0.167759] thermal_sys: Registered thermal governor 'step_wise'
[    0.167760] thermal_sys: Registered thermal governor 'user_space'
[    0.168553] cpuidle: using governor menu
[    0.169927] PCI: Using configuration type 1 for base access
[    0.170632] PCI: Using configuration type 1 for extended access
[    0.171446] kprobes: kprobe jump-optimization is enabled. All kprobes are optimized if possible.
[    0.171724] HugeTLB: registered 1.00 GiB page size, pre-allocated 0 pages
[    0.172632] HugeTLB: 16380 KiB vmemmap can be freed for a 1.00 GiB page
[    0.173500] HugeTLB: registered 2.00 MiB page size, pre-allocated 0 pages
[    0.173631] HugeTLB: 28 KiB vmemmap can be freed for a 2.00 MiB page
[    0.174502] Demotion targets for Node 0: null
[    0.174666] ACPI: Added _OSI(Module Device)
[    0.175201] ACPI: Added _OSI(Processor Device)
[    0.175631] ACPI: Added _OSI(3.0 _SCP Extensions)
[    0.176236] ACPI: Added _OSI(Processor Aggregator Device)
[    0.177335] ACPI: 1 ACPI AML tables successfully acquired and loaded
[    0.183217] ACPI: _OSC evaluation for CPUs failed, trying _PDC
[    0.183805] ACPI: Interpreter enabled
[    0.184406] ACPI: PM: (supports S0 S3 S4 S5)
[    0.184632] ACPI: Using IOAPIC for interrupt routing
[    0.185444] PCI: Using host bridge windows from ACPI; if necessary, use "pci=nocrs" and report a bug
[    0.185632] PCI: Using E820 reservations for host bridge windows
[    0.186723] ACPI: Enabled 2 GPEs in block 00 to 0F
[    0.190079] ACPI: PCI Root Bridge [PCI0] (domain 0000 [bus 00-ff])
[    0.190635] acpi PNP0A03:00: _OSC: OS supports [ExtendedConfig ASPM ClockPM Segments MSI HPX-Type3]
[    0.191741] PCI host bridge to bus 0000:00
[    0.192413] pci_bus 0000:00: root bus resource [io  0x0000-0x0cf7 window]
[    0.192632] pci_bus 0000:00: root bus resource [io  0x0d00-0xffff window]
[    0.193516] pci_bus 0000:00: root bus resource [mem 0x000a0000-0x000bffff window]
[    0.193632] pci_bus 0000:00: root bus resource [mem 0x40000000-0xfebfffff window]
[    0.194598] pci_bus 0000:00: root bus resource [mem 0x100000000-0x17fffffff window]
[    0.194632] pci_bus 0000:00: root bus resource [bus 00-ff]
[    0.195425] pci 0000:00:00.0: [8086:1237] type 00 class 0x060000 conventional PCI endpoint
[    0.195904] pci 0000:00:01.0: [8086:7000] type 00 class 0x060100 conventional PCI endpoint
[    0.197025] pci 0000:00:01.1: [8086:7010] type 00 class 0x010180 conventional PCI endpoint
[    0.199886] pci 0000:00:01.1: BAR 4 [io  0xc0c0-0xc0cf]
[    0.201647] pci 0000:00:01.1: BAR 0 [io  0x01f0-0x01f7]: legacy IDE quirk
[    0.202632] pci 0000:00:01.1: BAR 1 [io  0x03f6]: legacy IDE quirk
[    0.203417] pci 0000:00:01.1: BAR 2 [io  0x0170-0x0177]: legacy IDE quirk
[    0.203631] pci 0000:00:01.1: BAR 3 [io  0x0376]: legacy IDE quirk
[    0.204519] pci 0000:00:01.3: [8086:7113] type 00 class 0x068000 conventional PCI endpoint
[    0.204880] pci 0000:00:01.3: quirk: [io  0x0600-0x063f] claimed by PIIX4 ACPI
[    0.205637] pci 0000:00:01.3: quirk: [io  0x0700-0x070f] claimed by PIIX4 SMB
[    0.206735] pci 0000:00:02.0: [1af4:1009] type 00 class 0x000200 conventional PCI endpoint
[    0.208632] pci 0000:00:02.0: BAR 0 [io  0xc000-0xc03f]
[    0.210342] pci 0000:00:02.0: BAR 1 [mem 0xfebfc000-0xfebfcfff]
[    0.213632] pci 0000:00:02.0: BAR 4 [mem 0xfebf0000-0xfebf3fff 64bit pref]
[    0.216230] pci 0000:00:03.0: [1af4:1009] type 00 class 0x000200 conventional PCI endpoint
[    0.217632] pci 0000:00:03.0: BAR 0 [io  0xc040-0xc07f]
[    0.219287] pci 0000:00:03.0: BAR 1 [mem 0xfebfd000-0xfebfdfff]
[    0.222632] pci 0000:00:03.0: BAR 4 [mem 0xfebf4000-0xfebf7fff 64bit pref]
[    0.225178] pci 0000:00:04.0: [8086:25ab] type 00 class 0x088000 conventional PCI endpoint
[    0.226167] pci 0000:00:04.0: BAR 0 [mem 0xfebfe000-0xfebfe00f]
[    0.229485] pci 0000:00:05.0: [1af4:1003] type 00 class 0x078000 conventional PCI endpoint
[    0.230632] pci 0000:00:05.0: BAR 0 [io  0xc080-0xc0bf]
[    0.232631] pci 0000:00:05.0: BAR 1 [mem 0xfebff000-0xfebfffff]
[    0.236292] pci 0000:00:05.0: BAR 4 [mem 0xfebf8000-0xfebfbfff 64bit pref]
[    0.238390] ACPI: PCI: Interrupt link LNKA configured for IRQ 10
[    0.238740] ACPI: PCI: Interrupt link LNKB configured for IRQ 10
[    0.239736] ACPI: PCI: Interrupt link LNKC configured for IRQ 11
[    0.240599] ACPI: PCI: Interrupt link LNKD configured for IRQ 11
[    0.240702] ACPI: PCI: Interrupt link LNKS configured for IRQ 9
[    0.242342] iommu: Default domain type: Translated
[    0.242631] iommu: DMA domain TLB invalidation policy: lazy mode
[    0.243454] SCSI subsystem initialized
[    0.243662] pps_core: LinuxPPS API ver. 1 registered
[    0.244287] pps_core: Software ver. 5.3.6 - Copyright 2005-2007 Rodolfo Giometti <giometti@linux.it>
[    0.244633] PTP clock support registered
[    0.245146] Advanced Linux Sound Architecture Driver Initialized.
[    0.245992] NET: Registered PF_ATMPVC protocol family
[    0.246631] NET: Registered PF_ATMSVC protocol family
[    0.247277] PCI: Using ACPI for IRQ routing
[    0.247712] vgaarb: loaded
[    0.247988] hpet0: at MMIO 0xfed00000, IRQs 2, 8, 0
[    0.248631] hpet0: 3 comparators, 64-bit 100.000000 MHz counter
[    0.252179] clocksource: Switched to clocksource kvm-clock
[    0.253177] VFS: Disk quotas dquot_6.6.0
[    0.253816] VFS: Dquot-cache hash table entries: 512 (order 0, 4096 bytes)
[    0.254756] pnp: PnP ACPI init
[    0.255359] pnp: PnP ACPI: found 5 devices
[    0.262607] clocksource: acpi_pm: mask: 0xffffff max_cycles: 0xffffff, max_idle_ns: 2085701024 ns
[    0.263763] NET: Registered PF_INET protocol family
[    0.264400] IP idents hash table entries: 16384 (order: 5, 131072 bytes, linear)
[    0.265481] tcp_listen_portaddr_hash hash table entries: 512 (order: 1, 8192 bytes, linear)
[    0.266555] Table-perturb hash table entries: 65536 (order: 6, 262144 bytes, linear)
[    0.267536] TCP established hash table entries: 8192 (order: 4, 65536 bytes, linear)
[    0.268517] TCP bind hash table entries: 8192 (order: 6, 262144 bytes, linear)
[    0.269439] TCP: Hash tables configured (established 8192 bind 8192)
[    0.270270] UDP hash table entries: 512 (order: 2, 16384 bytes, linear)
[    0.271104] UDP-Lite hash table entries: 512 (order: 2, 16384 bytes, linear)
[    0.272022] NET: Registered PF_UNIX/PF_LOCAL protocol family
[    0.272745] pci_bus 0000:00: resource 4 [io  0x0000-0x0cf7 window]
[    0.273528] pci_bus 0000:00: resource 5 [io  0x0d00-0xffff window]
[    0.274316] pci_bus 0000:00: resource 6 [mem 0x000a0000-0x000bffff window]
[    0.275183] pci_bus 0000:00: resource 7 [mem 0x40000000-0xfebfffff window]
[    0.276050] pci_bus 0000:00: resource 8 [mem 0x100000000-0x17fffffff window]
[    0.276960] pci 0000:00:01.0: PIIX3: Enabling Passive Release
[    0.277693] pci 0000:00:00.0: Limiting direct PCI/PCI transfers
[    0.278478] PCI: CLS 0 bytes, default 64
[    0.279005] kvm_intel: VMX not supported by CPU 0
[    0.279615] kvm_amd: TSC scaling supported
[    0.280132] kvm_amd: Nested Virtualization enabled
[    0.280739] kvm_amd: Nested Paging enabled
[    0.281266] kvm_amd: Virtual VMLOAD VMSAVE supported
[    0.281898] kvm_amd: Virtual GIF supported
[    0.282418] kvm_amd: Virtual NMI enabled
[    0.282911] kvm_amd: LBR virtualization supported
[    0.370860] Initialise system trusted keyrings
[    0.371507] workingset: timestamp_bits=56 max_order=18 bucket_order=0
[    0.372359] squashfs: version 4.0 (2009/01/31) Phillip Lougher
[    0.373109] fuse: init (API version 7.40)
[    0.373666] 9p: Installing v9fs 9p2000 file system support
[    0.380769] Key type asymmetric registered
[    0.381295] Asymmetric key parser 'x509' registered
[    0.381926] Block layer SCSI generic (bsg) driver version 0.4 loaded (major 249)
[    0.382876] io scheduler mq-deadline registered
[    0.383457] io scheduler kyber registered
[    0.384948] input: Power Button as /devices/LNXSYSTM:00/LNXPWRBN:00/input/input0
[    0.385959] ACPI: button: Power Button [PWRF]
[    0.386552] Warning: Processor Platform Limit event detected, but not handled.
[    0.387474] Consider compiling CPUfreq support into your kernel.
[    0.404388] ACPI: \_SB_.LNKB: Enabled at IRQ 10
[    0.420994] ACPI: \_SB_.LNKC: Enabled at IRQ 11
[    0.437490] ACPI: \_SB_.LNKA: Enabled at IRQ 10
[    0.438686] Serial: 8250/16550 driver, 4 ports, IRQ sharing enabled
[    0.439598] 00:03: ttyS0 at I/O 0x3f8 (irq = 4, base_baud = 115200) is a 16550A
[    0.499800] Non-volatile memory driver v1.3
[    0.500378] Linux agpgart interface v0.103
[    0.500455] ACPI: bus type drm_connector registered
[    0.501593] printk: legacy console [hvc0] enabled
[    0.502222] printk: legacy bootconsole [earlyser0] disabled
          _      _                                    
   __   _(_)_ __| |_ _ __ ___   ___       _ __   __ _ 
   \ \ / / |  __| __|  _   _ \ / _ \_____|  _ \ / _  |
    \ V /| | |  | |_| | | | | |  __/_____| | | | (_| |
     \_/ |_|_|   \__|_| |_| |_|\___|     |_| |_|\__  |
                                                |___/ 
   kernel version: 6.9.0-rc3-virtme x86_64
   (CTRL+d to exit)

virtme-ng:/nipa-data/kernel# PS1='xx__-> '
xx__-> env
PWD=/nipa-data/kernel
nr_open=1048576
HOME=/root
TERM=xterm
SHLVL=2
XDG_RUNTIME_DIR=/run/user/0
PATH=/bin:/sbin:/usr/bin:/usr/sbin:/usr/local/bin
OLDPWD=/
_=/usr/bin/env
xx__-> 