No EFI environment detected.
early console in extract_kernel
input_data: 0x00000000029f62b9
input_len: 0x0000000000ad9935
output: 0x0000000001000000
output_len: 0x000000000248ab48
kernel_total_size: 0x0000000002230000
needed_size: 0x0000000002600000
trampoline_32bit: 0x0000000000000000
Physical KASLR using RDRAND RDTSC...
Virtual KASLR using RDRAND RDTSC...

Decompressing Linux... Parsing ELF... Performing relocations... done.
Booting the kernel (entry_offset: 0x0000000000000000).
[    0.000000] Linux version 6.8.0-rc6-virtme (root@fbed433cad36) (gcc (Alpine 13.2.1_git20231014) 13.2.1 20231014, GNU ld (GNU Binutils) 2.42) #1 SMP PREEMPT_DYNAMIC Wed Mar  6 03:06:07 UTC 2024
[    0.000000] Command line: virtme_hostname=virtme-ng nr_open=1048576 virtme_link_mods=/nipa-data/kernel/.virtme_mods/lib/modules/0.0.0 virtme_initmount0=nipa-data/kernel virtme_rw_overlay0=/etc virtme_rw_overlay1=/lib virtme_rw_overlay2=/home virtme_rw_overlay3=/opt virtme_rw_overlay4=/srv virtme_rw_overlay5=/usr virtme_rw_overlay6=/var console=hvc0 earlyprintk=serial,ttyS0,115200 virtme_console=ttyS0 psmouse.proto=exps TERM=xterm virtme_chdir=nipa-data/kernel virtme_root_user=1 rootfstype=9p rootflags=version=9p2000.L,trans=virtio,access=any raid=noautodetect ro init=/usr/lib/python3.11/site-packages/virtme/guest/virtme-init
[    0.000000] BIOS-provided physical RAM map:
[    0.000000] BIOS-e820: [mem 0x0000000000000000-0x000000000009fbff] usable
[    0.000000] BIOS-e820: [mem 0x000000000009fc00-0x000000000009ffff] reserved
[    0.000000] BIOS-e820: [mem 0x00000000000f0000-0x00000000000fffff] reserved
[    0.000000] BIOS-e820: [mem 0x0000000000100000-0x000000003ffdffff] usable
[    0.000000] BIOS-e820: [mem 0x000000003ffe0000-0x000000003fffffff] reserved
[    0.000000] BIOS-e820: [mem 0x00000000feffc000-0x00000000feffffff] reserved
[    0.000000] BIOS-e820: [mem 0x00000000fffc0000-0x00000000ffffffff] reserved
[    0.000000] BIOS-e820: [mem 0x000000fd00000000-0x000000ffffffffff] reserved
[    0.000000] printk: legacy bootconsole [earlyser0] enabled
[    0.000000] NX (Execute Disable) protection: active
[    0.000000] APIC: Static calls initialized
[    0.000000] SMBIOS 3.0.0 present.
[    0.000000] DMI: QEMU Standard PC (i440FX + PIIX, 1996), BIOS rel-1.16.3-0-ga6ed6b701f0a-prebuilt.qemu.org 04/01/2014
[    0.000000] Hypervisor detected: KVM
[    0.000000] kvm-clock: Using msrs 4b564d01 and 4b564d00
[    0.000000] kvm-clock: using sched offset of 240777489 cycles
[    0.000477] clocksource: kvm-clock: mask: 0xffffffffffffffff max_cycles: 0x1cd42e4dffb, max_idle_ns: 881590591483 ns
[    0.001967] tsc: Detected 4491.536 MHz processor
[    0.002712] last_pfn = 0x3ffe0 max_arch_pfn = 0x400000000
[    0.003234] MTRR map: 4 entries (3 fixed + 1 variable; max 19), built from 8 variable MTRRs
[    0.003994] x86/PAT: Configuration [0-7]: WB  WC  UC- UC  WB  WP  UC- WT  
Memory KASLR using RDRAND RDTSC...
[    0.006407] found SMP MP-table at [mem 0x000f5470-0x000f547f]
[    0.006944] Using GB pages for direct mapping
[    0.007406] ACPI: Early table checksum verification disabled
[    0.007923] ACPI: RSDP 0x00000000000F5290 000014 (v00 BOCHS )
[    0.008452] ACPI: RSDT 0x000000003FFE27BC 000034 (v01 BOCHS  BXPC     00000001 BXPC 00000001)
[    0.009237] ACPI: FACP 0x000000003FFE2578 000074 (v01 BOCHS  BXPC     00000001 BXPC 00000001)
[    0.010019] ACPI: DSDT 0x000000003FFE0040 002538 (v01 BOCHS  BXPC     00000001 BXPC 00000001)
[    0.010713] ACPI: FACS 0x000000003FFE0000 000040
[    0.011073] ACPI: APIC 0x000000003FFE25EC 000170 (v03 BOCHS  BXPC     00000001 BXPC 00000001)
[    0.011714] ACPI: HPET 0x000000003FFE275C 000038 (v01 BOCHS  BXPC     00000001 BXPC 00000001)
[    0.012363] ACPI: WAET 0x000000003FFE2794 000028 (v01 BOCHS  BXPC     00000001 BXPC 00000001)
[    0.013004] ACPI: Reserving FACP table memory at [mem 0x3ffe2578-0x3ffe25eb]
[    0.013529] ACPI: Reserving DSDT table memory at [mem 0x3ffe0040-0x3ffe2577]
[    0.014058] ACPI: Reserving FACS table memory at [mem 0x3ffe0000-0x3ffe003f]
[    0.014588] ACPI: Reserving APIC table memory at [mem 0x3ffe25ec-0x3ffe275b]
[    0.015121] ACPI: Reserving HPET table memory at [mem 0x3ffe275c-0x3ffe2793]
[    0.015671] ACPI: Reserving WAET table memory at [mem 0x3ffe2794-0x3ffe27bb]
[    0.016350] No NUMA configuration found
[    0.016636] Faking a node at [mem 0x0000000000000000-0x000000003ffdffff]
[    0.017141] NODE_DATA(0) allocated [mem 0x3ffdb000-0x3ffdffff]
[    0.017585] Zone ranges:
[    0.017773]   DMA      [mem 0x0000000000001000-0x0000000000ffffff]
[    0.018242]   DMA32    [mem 0x0000000001000000-0x000000003ffdffff]
[    0.018701]   Normal   empty
[    0.018916]   Device   empty
[    0.019140] Movable zone start for each node
[    0.019458] Early memory node ranges
[    0.019724]   node   0: [mem 0x0000000000001000-0x000000000009efff]
[    0.020196]   node   0: [mem 0x0000000000100000-0x000000003ffdffff]
[    0.020663] Initmem setup node 0 [mem 0x0000000000001000-0x000000003ffdffff]
[    0.021200] On node 0, zone DMA: 1 pages in unavailable ranges
[    0.021644] On node 0, zone DMA: 97 pages in unavailable ranges
[    0.023155] On node 0, zone DMA32: 32 pages in unavailable ranges
[    0.023845] ACPI: PM-Timer IO Port: 0x608
[    0.024155] ACPI: LAPIC_NMI (acpi_id[0xff] dfl dfl lint[0x1])
[    0.024599] IOAPIC[0]: apic_id 0, version 17, address 0xfec00000, GSI 0-23
[    0.025196] ACPI: INT_SRC_OVR (bus 0 bus_irq 0 global_irq 2 dfl dfl)
[    0.025771] ACPI: INT_SRC_OVR (bus 0 bus_irq 5 global_irq 5 high level)
[    0.026372] ACPI: INT_SRC_OVR (bus 0 bus_irq 9 global_irq 9 high level)
[    0.026941] ACPI: INT_SRC_OVR (bus 0 bus_irq 10 global_irq 10 high level)
[    0.027446] ACPI: INT_SRC_OVR (bus 0 bus_irq 11 global_irq 11 high level)
[    0.027967] ACPI: Using ACPI (MADT) for SMP configuration information
[    0.028450] ACPI: HPET id: 0x8086a201 base: 0xfed00000
[    0.028845] TSC deadline timer available
[    0.029144] smpboot: Allowing 32 CPUs, 0 hotplug CPUs
[    0.029559] kvm-guest: APIC: eoi() replaced with kvm_guest_apic_eoi_write()
[    0.030102] kvm-guest: KVM setup pv remote TLB flush
[    0.030479] kvm-guest: setup PV sched yield
[    0.030808] PM: hibernation: Registered nosave memory: [mem 0x00000000-0x00000fff]
[    0.031405] PM: hibernation: Registered nosave memory: [mem 0x0009f000-0x0009ffff]
[    0.031970] PM: hibernation: Registered nosave memory: [mem 0x000a0000-0x000effff]
[    0.032530] PM: hibernation: Registered nosave memory: [mem 0x000f0000-0x000fffff]
[    0.033101] [mem 0x40000000-0xfeffbfff] available for PCI devices
[    0.033580] Booting paravirtualized kernel on KVM
[    0.033936] clocksource: refined-jiffies: mask: 0xffffffff max_cycles: 0xffffffff, max_idle_ns: 1910969940391419 ns
[    0.037583] setup_percpu: NR_CPUS:64 nr_cpumask_bits:32 nr_cpu_ids:32 nr_node_ids:1
[    0.038786] percpu: Embedded 56 pages/cpu s191784 r8192 d29400 u262144
[    0.039301] Kernel command line: virtme_hostname=virtme-ng nr_open=1048576 virtme_link_mods=/nipa-data/kernel/.virtme_mods/lib/modules/0.0.0 virtme_initmount0=nipa-data/kernel virtme_rw_overlay0=/etc virtme_rw_overlay1=/lib virtme_rw_overlay2=/home virtme_rw_overlay3=/opt virtme_rw_overlay4=/srv virtme_rw_overlay5=/usr virtme_rw_overlay6=/var console=hvc0 earlyprintk=serial,ttyS0,115200 virtme_console=ttyS0 psmouse.proto=exps TERM=xterm virtme_chdir=nipa-data/kernel virtme_root_user=1 rootfstype=9p rootflags=version=9p2000.L,trans=virtio,access=any raid=noautodetect ro init=/usr/lib/python3.11/site-packages/virtme/guest/virtme-init
[    0.043709] Unknown kernel command line parameters "virtme_hostname=virtme-ng nr_open=1048576 virtme_link_mods=/nipa-data/kernel/.virtme_mods/lib/modules/0.0.0 virtme_initmount0=nipa-data/kernel virtme_rw_overlay0=/etc virtme_rw_overlay1=/lib virtme_rw_overlay2=/home virtme_rw_overlay3=/opt virtme_rw_overlay4=/srv virtme_rw_overlay5=/usr virtme_rw_overlay6=/var virtme_console=ttyS0 virtme_chdir=nipa-data/kernel virtme_root_user=1", will be passed to user space.
[    0.047067] random: crng init done
[    0.047356] Dentry cache hash table entries: 131072 (order: 8, 1048576 bytes, linear)
[    0.047999] Inode-cache hash table entries: 65536 (order: 7, 524288 bytes, linear)
[    0.048666] Fallback order for Node 0: 0 
[    0.048671] Built 1 zonelists, mobility grouping on.  Total pages: 257760
[    0.049493] Policy zone: DMA32
[    0.049726] mem auto-init: stack:all(zero), heap alloc:off, heap free:off
[    0.050994] Memory: 986868K/1048056K available (16384K kernel code, 2351K rwdata, 5940K rodata, 2992K init, 2328K bss, 60928K reserved, 0K cma-reserved)
[    0.052084] SLUB: HWalign=64, Order=0-3, MinObjects=0, CPUs=32, Nodes=1
Poking KASLR using RDRAND RDTSC...
[    0.052848] ftrace: allocating 46336 entries in 181 pages
[    0.059962] ftrace: allocated 181 pages with 5 groups
[    0.060974] Dynamic Preempt: voluntary
[    0.061394] rcu: Preemptible hierarchical RCU implementation.
[    0.061834] rcu: RCU event tracing is enabled.
[    0.062183] rcu: RCU restricting CPUs from NR_CPUS=64 to nr_cpu_ids=32.
[    0.062693] Trampoline variant of Tasks RCU enabled.
[    0.063077] Rude variant of Tasks RCU enabled.
[    0.063421] Tracing variant of Tasks RCU enabled.
[    0.063785] rcu: RCU calculated value of scheduler-enlistment delay is 100 jiffies.
[    0.064367] rcu: Adjusting geometry for rcu_fanout_leaf=16, nr_cpu_ids=32
[    0.066149] NR_IRQS: 4352, nr_irqs: 680, preallocated irqs: 16
[    0.066848] rcu: srcu_init: Setting srcu_struct sizes based on contention.
[    0.067508] Console: colour *CGA 80x25
[    0.067798] ACPI: Core revision 20230628
[    0.068161] clocksource: hpet: mask: 0xffffffff max_cycles: 0xffffffff, max_idle_ns: 19112604467 ns
[    0.068906] APIC: Switch to symmetric I/O mode setup
[    0.069282] APIC: Switched APIC routing to: physical flat
[    0.069688] kvm-guest: APIC: send_IPI_mask() replaced with kvm_send_ipi_mask()
[    0.070227] kvm-guest: APIC: send_IPI_mask_allbutself() replaced with kvm_send_ipi_mask_allbutself()
[    0.070917] kvm-guest: setup PV IPIs
[    0.071975] ..TIMER: vector=0x30 apic1=0 pin1=2 apic2=-1 pin2=-1
[    0.072780] tsc: Marking TSC unstable due to TSCs unsynchronized
[    0.073593] Calibrating delay loop (skipped) preset value.. 8983.07 BogoMIPS (lpj=4491536)
[    0.074649] x86/cpu: User Mode Instruction Prevention (UMIP) activated
[    0.075642] Last level iTLB entries: 4KB 512, 2MB 255, 4MB 127
[    0.076591] Last level dTLB entries: 4KB 512, 2MB 255, 4MB 127, 1GB 0
[    0.077594] Spectre V1 : Mitigation: usercopy/swapgs barriers and __user pointer sanitization
[    0.078595] Spectre V2 : Mitigation: Enhanced / Automatic IBRS
[    0.079591] Spectre V2 : Spectre v2 / SpectreRSB mitigation: Filling RSB on context switch
[    0.080592] Spectre V2 : mitigation: Enabling conditional Indirect Branch Prediction Barrier
[    0.081594] Speculative Store Bypass: Mitigation: Speculative Store Bypass disabled via prctl
[    0.082592] Speculative Return Stack Overflow: IBPB-extending microcode not applied!
[    0.083591] Speculative Return Stack Overflow: WARNING: See https://kernel.org/doc/html/latest/admin-guide/hw-vuln/srso.html for mitigation options.
[    0.083592] Speculative Return Stack Overflow: Vulnerable: Safe RET, no microcode
[    0.085610] x86/fpu: Supporting XSAVE feature 0x001: 'x87 floating point registers'
[    0.086591] x86/fpu: Supporting XSAVE feature 0x002: 'SSE registers'
[    0.087591] x86/fpu: Supporting XSAVE feature 0x004: 'AVX registers'
[    0.088591] x86/fpu: Supporting XSAVE feature 0x020: 'AVX-512 opmask'
[    0.089591] x86/fpu: Supporting XSAVE feature 0x040: 'AVX-512 Hi256'
[    0.090591] x86/fpu: Supporting XSAVE feature 0x080: 'AVX-512 ZMM_Hi256'
[    0.091591] x86/fpu: Supporting XSAVE feature 0x200: 'Protection Keys User registers'
[    0.092591] x86/fpu: xstate_offset[2]:  576, xstate_sizes[2]:  256
[    0.093591] x86/fpu: xstate_offset[5]:  832, xstate_sizes[5]:   64
[    0.094398] x86/fpu: xstate_offset[6]:  896, xstate_sizes[6]:  512
[    0.094591] x86/fpu: xstate_offset[7]: 1408, xstate_sizes[7]: 1024
[    0.095591] x86/fpu: xstate_offset[9]: 2432, xstate_sizes[9]:    8
[    0.096592] x86/fpu: Enabled xstate features 0x2e7, context size is 2440 bytes, using 'compacted' format.
[    0.112783] Freeing SMP alternatives memory: 40K
[    0.113385] pid_max: default: 32768 minimum: 301
[    0.113615] Mount-cache hash table entries: 2048 (order: 2, 16384 bytes, linear)
[    0.114592] Mountpoint-cache hash table entries: 2048 (order: 2, 16384 bytes, linear)
[    0.115739] smpboot: CPU0: AMD Ryzen 9 7950X 16-Core Processor (family: 0x19, model: 0x61, stepping: 0x2)
[    0.116676] RCU Tasks: Setting shift to 5 and lim to 1 rcu_task_cb_adjust=1.
[    0.117600] RCU Tasks Rude: Setting shift to 5 and lim to 1 rcu_task_cb_adjust=1.
[    0.118580] RCU Tasks Trace: Setting shift to 5 and lim to 1 rcu_task_cb_adjust=1.
[    0.118600] Performance Events: Fam17h+ core perfctr, AMD PMU driver.
[    0.119481] ... version:                0
[    0.119598] ... bit width:              48
[    0.120135] ... generic registers:      6
[    0.120593] ... value mask:             0000ffffffffffff
[    0.121280] ... max period:             00007fffffffffff
[    0.121593] ... fixed-purpose events:   0
[    0.122110] ... event mask:             000000000000003f
[    0.122664] signal: max sigframe size: 3376
[    0.123227] rcu: Hierarchical SRCU implementation.
[    0.123593] rcu: Max phase no-delay instances is 400.
[    0.126894] smp: Bringing up secondary CPUs ...
[    0.127576] smpboot: x86: Booting SMP configuration:
[    0.127594] .... node  #0, CPUs:        #1  #2  #3  #4  #5  #6  #7  #8  #9 #10 #11 #12 #13 #14 #15 #16 #17 #18 #19 #20 #21 #22 #23 #24 #25 #26 #27 #28 #29 #30 #31
[    0.145726] smp: Brought up 1 node, 32 CPUs
[    0.147137] smpboot: Max logical packages: 1
[    0.147593] smpboot: Total of 32 processors activated (287458.30 BogoMIPS)
[    0.155654] devtmpfs: initialized
[    0.156054] x86/mm: Memory block size: 128MB
[    0.157323] clocksource: jiffies: mask: 0xffffffff max_cycles: 0xffffffff, max_idle_ns: 1911260446275000 ns
[    0.157595] futex hash table entries: 8192 (order: 7, 524288 bytes, linear)
[    0.158653] PM: RTC time: 03:06:35, date: 2024-03-06
[    0.159660] NET: Registered PF_NETLINK/PF_ROUTE protocol family
[    0.160551] thermal_sys: Registered thermal governor 'step_wise'
[    0.160552] thermal_sys: Registered thermal governor 'user_space'
[    0.160618] cpuidle: using governor menu
[    0.162713] PCI: Using configuration type 1 for base access
[    0.163452] PCI: Using configuration type 1 for extended access
[    0.163659] kprobes: kprobe jump-optimization is enabled. All kprobes are optimized if possible.
[    0.169751] HugeTLB: registered 1.00 GiB page size, pre-allocated 0 pages
[    0.170594] HugeTLB: 16380 KiB vmemmap can be freed for a 1.00 GiB page
[    0.172594] HugeTLB: registered 2.00 MiB page size, pre-allocated 0 pages
[    0.173593] HugeTLB: 28 KiB vmemmap can be freed for a 2.00 MiB page
[    0.174669] ACPI: Added _OSI(Module Device)
[    0.175363] ACPI: Added _OSI(Processor Device)
[    0.175594] ACPI: Added _OSI(3.0 _SCP Extensions)
[    0.176374] ACPI: Added _OSI(Processor Aggregator Device)
[    0.178500] ACPI: 1 ACPI AML tables successfully acquired and loaded
[    0.180624] ACPI: _OSC evaluation for CPUs failed, trying _PDC
[    0.181769] ACPI: Interpreter enabled
[    0.182384] ACPI: PM: (supports S0 S3 S4 S5)
[    0.183594] ACPI: Using IOAPIC for interrupt routing
[    0.184424] PCI: Using host bridge windows from ACPI; if necessary, use "pci=nocrs" and report a bug
[    0.185593] PCI: Using E820 reservations for host bridge windows
[    0.186707] ACPI: Enabled 2 GPEs in block 00 to 0F
[    0.190900] ACPI: PCI Root Bridge [PCI0] (domain 0000 [bus 00-ff])
[    0.191597] acpi PNP0A03:00: _OSC: OS supports [ExtendedConfig ASPM ClockPM Segments MSI HPX-Type3]
[    0.193705] PCI host bridge to bus 0000:00
[    0.194379] pci_bus 0000:00: root bus resource [io  0x0000-0x0cf7 window]
[    0.195594] pci_bus 0000:00: root bus resource [io  0x0d00-0xffff window]
[    0.196593] pci_bus 0000:00: root bus resource [mem 0x000a0000-0x000bffff window]
[    0.197593] pci_bus 0000:00: root bus resource [mem 0x40000000-0xfebfffff window]
[    0.198593] pci_bus 0000:00: root bus resource [mem 0x100000000-0x17fffffff window]
[    0.200594] pci_bus 0000:00: root bus resource [bus 00-ff]
[    0.201604] pci 0000:00:00.0: [8086:1237] type 00 class 0x060000 conventional PCI endpoint
[    0.202906] pci 0000:00:01.0: [8086:7000] type 00 class 0x060100 conventional PCI endpoint
[    0.204981] pci 0000:00:01.1: [8086:7010] type 00 class 0x010180 conventional PCI endpoint
[    0.209967] pci 0000:00:01.1: BAR 4 [io  0xc0c0-0xc0cf]
[    0.212608] pci 0000:00:01.1: BAR 0 [io  0x01f0-0x01f7]: legacy IDE quirk
[    0.213593] pci 0000:00:01.1: BAR 1 [io  0x03f6]: legacy IDE quirk
[    0.214593] pci 0000:00:01.1: BAR 2 [io  0x0170-0x0177]: legacy IDE quirk
[    0.215593] pci 0000:00:01.1: BAR 3 [io  0x0376]: legacy IDE quirk
[    0.216709] pci 0000:00:01.3: [8086:7113] type 00 class 0x068000 conventional PCI endpoint
[    0.218899] pci 0000:00:01.3: quirk: [io  0x0600-0x063f] claimed by PIIX4 ACPI
[    0.219598] pci 0000:00:01.3: quirk: [io  0x0700-0x070f] claimed by PIIX4 SMB
[    0.221797] pci 0000:00:02.0: [1af4:1009] type 00 class 0x000200 conventional PCI endpoint
[    0.224594] pci 0000:00:02.0: BAR 0 [io  0xc000-0xc03f]
[    0.227594] pci 0000:00:02.0: BAR 1 [mem 0xfebfc000-0xfebfcfff]
[    0.235594] pci 0000:00:02.0: BAR 4 [mem 0xfebf0000-0xfebf3fff 64bit pref]
[    0.239374] pci 0000:00:03.0: [1af4:1009] type 00 class 0x000200 conventional PCI endpoint
[    0.242548] pci 0000:00:03.0: BAR 0 [io  0xc040-0xc07f]
[    0.246594] pci 0000:00:03.0: BAR 1 [mem 0xfebfd000-0xfebfdfff]
[    0.253594] pci 0000:00:03.0: BAR 4 [mem 0xfebf4000-0xfebf7fff 64bit pref]
[    0.257298] pci 0000:00:04.0: [8086:25ab] type 00 class 0x088000 conventional PCI endpoint
[    0.259358] pci 0000:00:04.0: BAR 0 [mem 0xfebfe000-0xfebfe00f]
[    0.265764] pci 0000:00:05.0: [1af4:1003] type 00 class 0x078000 conventional PCI endpoint
[    0.269594] pci 0000:00:05.0: BAR 0 [io  0xc080-0xc0bf]
[    0.272555] pci 0000:00:05.0: BAR 1 [mem 0xfebff000-0xfebfffff]
[    0.279594] pci 0000:00:05.0: BAR 4 [mem 0xfebf8000-0xfebfbfff 64bit pref]
[    0.283569] ACPI: PCI: Interrupt link LNKA configured for IRQ 10
[    0.284738] ACPI: PCI: Interrupt link LNKB configured for IRQ 10
[    0.285727] ACPI: PCI: Interrupt link LNKC configured for IRQ 11
[    0.287725] ACPI: PCI: Interrupt link LNKD configured for IRQ 11
[    0.288691] ACPI: PCI: Interrupt link LNKS configured for IRQ 9
[    0.290735] iommu: Default domain type: Translated
[    0.291547] iommu: DMA domain TLB invalidation policy: lazy mode
[    0.292665] SCSI subsystem initialized
[    0.293632] pps_core: LinuxPPS API ver. 1 registered
[    0.294594] pps_core: Software ver. 5.3.6 - Copyright 2005-2007 Rodolfo Giometti <giometti@linux.it>
[    0.295596] PTP clock support registered
[    0.296626] Advanced Linux Sound Architecture Driver Initialized.
[    0.297944] NET: Registered PF_ATMPVC protocol family
[    0.298594] NET: Registered PF_ATMSVC protocol family
[    0.299448] PCI: Using ACPI for IRQ routing
[    0.300694] vgaarb: loaded
[    0.301646] hpet0: at MMIO 0xfed00000, IRQs 2, 8, 0
[    0.301649] hpet0: 3 comparators, 64-bit 100.000000 MHz counter
[    0.307842] clocksource: Switched to clocksource kvm-clock
[    0.308875] VFS: Disk quotas dquot_6.6.0
[    0.309556] VFS: Dquot-cache hash table entries: 512 (order 0, 4096 bytes)
[    0.310750] pnp: PnP ACPI init
[    0.312259] pnp: PnP ACPI: found 5 devices
[    0.319780] clocksource: acpi_pm: mask: 0xffffff max_cycles: 0xffffff, max_idle_ns: 2085701024 ns
[    0.321293] NET: Registered PF_INET protocol family
[    0.322222] IP idents hash table entries: 16384 (order: 5, 131072 bytes, linear)
[    0.323656] tcp_listen_portaddr_hash hash table entries: 512 (order: 1, 8192 bytes, linear)
[    0.325049] Table-perturb hash table entries: 65536 (order: 6, 262144 bytes, linear)
[    0.326339] TCP established hash table entries: 8192 (order: 4, 65536 bytes, linear)
[    0.327624] TCP bind hash table entries: 8192 (order: 6, 262144 bytes, linear)
[    0.328826] TCP: Hash tables configured (established 8192 bind 8192)
[    0.329895] UDP hash table entries: 512 (order: 2, 16384 bytes, linear)
[    0.330994] UDP-Lite hash table entries: 512 (order: 2, 16384 bytes, linear)
[    0.332190] NET: Registered PF_UNIX/PF_LOCAL protocol family
[    0.333135] pci_bus 0000:00: resource 4 [io  0x0000-0x0cf7 window]
[    0.334155] pci_bus 0000:00: resource 5 [io  0x0d00-0xffff window]
[    0.335184] pci_bus 0000:00: resource 6 [mem 0x000a0000-0x000bffff window]
[    0.336317] pci_bus 0000:00: resource 7 [mem 0x40000000-0xfebfffff window]
[    0.337448] pci_bus 0000:00: resource 8 [mem 0x100000000-0x17fffffff window]
[    0.338642] pci 0000:00:01.0: PIIX3: Enabling Passive Release
[    0.339591] pci 0000:00:00.0: Limiting direct PCI/PCI transfers
[    0.340608] PCI: CLS 0 bytes, default 64
[    0.341329] kvm_intel: VMX not supported by CPU 4
[    0.342115] kvm_amd: TSC scaling supported
[    0.342805] kvm_amd: Nested Virtualization enabled
[    0.343592] kvm_amd: Nested Paging enabled
[    0.344282] kvm_amd: Virtual VMLOAD VMSAVE supported
[    0.345094] kvm_amd: Virtual GIF supported
[    0.345768] kvm_amd: Virtual NMI enabled
[    0.346415] kvm_amd: LBR virtualization supported
[    0.439544] workingset: timestamp_bits=56 max_order=18 bucket_order=0
[    0.440682] squashfs: version 4.0 (2009/01/31) Phillip Lougher
[    0.441685] fuse: init (API version 7.39)
[    0.442404] 9p: Installing v9fs 9p2000 file system support
[    0.443363] Key type asymmetric registered
[    0.444055] Block layer SCSI generic (bsg) driver version 0.4 loaded (major 249)
[    0.445297] io scheduler mq-deadline registered
[    0.446049] io scheduler kyber registered
[    0.447786] input: Power Button as /devices/LNXSYSTM:00/LNXPWRBN:00/input/input0
[    0.449117] ACPI: button: Power Button [PWRF]
[    0.449878] Warning: Processor Platform Limit event detected, but not handled.
[    0.451085] Consider compiling CPUfreq support into your kernel.
[    0.472959] ACPI: \_SB_.LNKB: Enabled at IRQ 10
[    0.494278] ACPI: \_SB_.LNKC: Enabled at IRQ 11
[    0.515650] ACPI: \_SB_.LNKA: Enabled at IRQ 10
[    0.517264] Serial: 8250/16550 driver, 4 ports, IRQ sharing enabled
[    0.518447] 00:03: ttyS0 at I/O 0x3f8 (irq = 4, base_baud = 115200) is a 16550A
[    0.553389] Non-volatile memory driver v1.3
[    0.554111] Linux agpgart interface v0.103
[    0.554184] ACPI: bus type drm_connector registered
[    0.555520] printk: legacy console [hvc0] enabled
[    0.556142] printk: legacy bootconsole [earlyser0] disabled
          _      _                                    
   __   _(_)_ __| |_ _ __ ___   ___       _ __   __ _ 
   \ \ / / |  __| __|  _   _ \ / _ \_____|  _ \ / _  |
    \ V /| | |  | |_| | | | | |  __/_____| | | | (_| |
     \_/ |_|_|   \__|_| |_| |_|\___|     |_| |_|\__  |
                                                |___/ 
   kernel version: 6.8.0-rc6-virtme x86_64
   (CTRL+d to exit)

virtme-ng:/nipa-data/kernel# PS1='xx__-> '
xx__-> env
PWD=/nipa-data/kernel
nr_open=1048576
HOME=/
TERM=xterm
SHLVL=2
XDG_RUNTIME_DIR=/run/user/0
PATH=/bin:/sbin:/usr/bin:/usr/sbin:/usr/local/bin
OLDPWD=/
_=/usr/bin/env
xx__-> 