No EFI environment detected.
early console in extract_kernel
input_data: 0x0000000002be32c4
input_len: 0x0000000000b7115f
output: 0x0000000001000000
output_len: 0x000000000270cee4
kernel_total_size: 0x0000000002430000
needed_size: 0x0000000002800000
trampoline_32bit: 0x0000000000000000
Physical KASLR using RDRAND RDTSC...
Virtual KASLR using RDRAND RDTSC...

Decompressing Linux... Parsing ELF... Performing relocations... done.
Booting the kernel (entry_offset: 0x0000000000000000).
[    0.000000] Linux version 6.12.0-rc7-virtme (root@4943ab18021c) (gcc (Ubuntu 13.2.0-23ubuntu4) 13.2.0, GNU ld (GNU Binutils for Ubuntu) 2.42) #1 SMP PREEMPT_DYNAMIC Thu Nov 21 09:06:34 UTC 2024
[    0.000000] Command line: virtme_hostname=virtme-ng nr_open=1048576 virtme_link_mods=/nipa-data/kernel/.virtme_mods/lib/modules/0.0.0 virtme_initmount0=nipa-data/kernel virtme_rw_overlay0=/etc virtme_rw_overlay1=/lib virtme_rw_overlay2=/home virtme_rw_overlay3=/opt virtme_rw_overlay4=/srv virtme_rw_overlay5=/usr virtme_rw_overlay6=/var console=hvc0 earlyprintk=serial,ttyS0,115200 virtme_console=ttyS0 psmouse.proto=exps TERM=xterm virtme_chdir=nipa-data/kernel virtme_root_user=1 rootfstype=9p rootflags=version=9p2000.L,trans=virtio,access=any raid=noautodetect ro init=/usr/lib/python3/dist-packages/virtme/guest/virtme-init
[    0.000000] BIOS-provided physical RAM map:
[    0.000000] BIOS-e820: [mem 0x0000000000000000-0x000000000009fbff] usable
[    0.000000] BIOS-e820: [mem 0x000000000009fc00-0x000000000009ffff] reserved
[    0.000000] BIOS-e820: [mem 0x00000000000f0000-0x00000000000fffff] reserved
[    0.000000] BIOS-e820: [mem 0x0000000000100000-0x000000003ffdffff] usable
[    0.000000] BIOS-e820: [mem 0x000000003ffe0000-0x000000003fffffff] reserved
[    0.000000] BIOS-e820: [mem 0x00000000feffc000-0x00000000feffffff] reserved
[    0.000000] BIOS-e820: [mem 0x00000000fffc0000-0x00000000ffffffff] reserved
[    0.000000] BIOS-e820: [mem 0x000000fd00000000-0x000000ffffffffff] reserved
[    0.000000] printk: legacy bootconsole [earlyser0] enabled
[    0.000000] NX (Execute Disable) protection: active
[    0.000000] APIC: Static calls initialized
[    0.000000] SMBIOS 3.0.0 present.
[    0.000000] DMI: QEMU Ubuntu 24.04 PC (i440FX + PIIX, 1996), BIOS 1.16.3-debian-1.16.3-2 04/01/2014
[    0.000000] DMI: Memory slots populated: 1/1
[    0.000000] Hypervisor detected: KVM
[    0.000000] kvm-clock: Using msrs 4b564d01 and 4b564d00
[    0.000000] kvm-clock: using sched offset of 179152785 cycles
[    0.000368] clocksource: kvm-clock: mask: 0xffffffffffffffff max_cycles: 0x1cd42e4dffb, max_idle_ns: 881590591483 ns
[    0.001514] tsc: Detected 4491.556 MHz processor
[    0.002099] last_pfn = 0x3ffe0 max_arch_pfn = 0x400000000
[    0.002503] MTRR map: 4 entries (3 fixed + 1 variable; max 19), built from 8 variable MTRRs
[    0.003093] x86/PAT: Configuration [0-7]: WB  WC  UC- UC  WB  WP  UC- WT  
Memory KASLR using RDRAND RDTSC...
[    0.005075] found SMP MP-table at [mem 0x000f5470-0x000f547f]
[    0.005481] Using GB pages for direct mapping
[    0.005812] ACPI: Early table checksum verification disabled
[    0.006210] ACPI: RSDP 0x00000000000F5290 000014 (v00 BOCHS )
[    0.006614] ACPI: RSDT 0x000000003FFE27BC 000034 (v01 BOCHS  BXPC     00000001 BXPC 00000001)
[    0.007216] ACPI: FACP 0x000000003FFE2578 000074 (v01 BOCHS  BXPC     00000001 BXPC 00000001)
[    0.007816] ACPI: DSDT 0x000000003FFE0040 002538 (v01 BOCHS  BXPC     00000001 BXPC 00000001)
[    0.008415] ACPI: FACS 0x000000003FFE0000 000040
[    0.008739] ACPI: APIC 0x000000003FFE25EC 000170 (v03 BOCHS  BXPC     00000001 BXPC 00000001)
[    0.009337] ACPI: HPET 0x000000003FFE275C 000038 (v01 BOCHS  BXPC     00000001 BXPC 00000001)
[    0.009935] ACPI: WAET 0x000000003FFE2794 000028 (v01 BOCHS  BXPC     00000001 BXPC 00000001)
[    0.010533] ACPI: Reserving FACP table memory at [mem 0x3ffe2578-0x3ffe25eb]
[    0.011035] ACPI: Reserving DSDT table memory at [mem 0x3ffe0040-0x3ffe2577]
[    0.011531] ACPI: Reserving FACS table memory at [mem 0x3ffe0000-0x3ffe003f]
[    0.012031] ACPI: Reserving APIC table memory at [mem 0x3ffe25ec-0x3ffe275b]
[    0.012525] ACPI: Reserving HPET table memory at [mem 0x3ffe275c-0x3ffe2793]
[    0.013019] ACPI: Reserving WAET table memory at [mem 0x3ffe2794-0x3ffe27bb]
[    0.013647] No NUMA configuration found
[    0.013915] Faking a node at [mem 0x0000000000000000-0x000000003ffdffff]
[    0.014385] NODE_DATA(0) allocated [mem 0x3ffdb780-0x3ffdffff]
[    0.014803] Zone ranges:
[    0.014980]   DMA      [mem 0x0000000000001000-0x0000000000ffffff]
[    0.015416]   DMA32    [mem 0x0000000001000000-0x000000003ffdffff]
[    0.015850]   Normal   empty
[    0.016051]   Device   empty
[    0.016253] Movable zone start for each node
[    0.016552] Early memory node ranges
[    0.016803]   node   0: [mem 0x0000000000001000-0x000000000009efff]
[    0.017244]   node   0: [mem 0x0000000000100000-0x000000003ffdffff]
[    0.017684] Initmem setup node 0 [mem 0x0000000000001000-0x000000003ffdffff]
[    0.018180] On node 0, zone DMA: 1 pages in unavailable ranges
[    0.018598] On node 0, zone DMA: 97 pages in unavailable ranges
[    0.019987] On node 0, zone DMA32: 32 pages in unavailable ranges
[    0.020609] ACPI: PM-Timer IO Port: 0x608
[    0.020894] ACPI: LAPIC_NMI (acpi_id[0xff] dfl dfl lint[0x1])
[    0.021312] IOAPIC[0]: apic_id 0, version 17, address 0xfec00000, GSI 0-23
[    0.021795] ACPI: INT_SRC_OVR (bus 0 bus_irq 0 global_irq 2 dfl dfl)
[    0.022242] ACPI: INT_SRC_OVR (bus 0 bus_irq 5 global_irq 5 high level)
[    0.022706] ACPI: INT_SRC_OVR (bus 0 bus_irq 9 global_irq 9 high level)
[    0.023173] ACPI: INT_SRC_OVR (bus 0 bus_irq 10 global_irq 10 high level)
[    0.023649] ACPI: INT_SRC_OVR (bus 0 bus_irq 11 global_irq 11 high level)
[    0.024126] ACPI: Using ACPI (MADT) for SMP configuration information
[    0.024579] ACPI: HPET id: 0x8086a201 base: 0xfed00000
[    0.024940] TSC deadline timer available
[    0.025217] CPU topo: Max. logical packages:   1
[    0.025541] CPU topo: Max. logical dies:       1
[    0.025864] CPU topo: Max. dies per package:   1
[    0.026190] CPU topo: Max. threads per core:   1
[    0.026514] CPU topo: Num. cores per package:    32
[    0.026856] CPU topo: Num. threads per package:  32
[    0.027201] CPU topo: Allowing 32 present CPUs plus 0 hotplug CPUs
[    0.027641] kvm-guest: APIC: eoi() replaced with kvm_guest_apic_eoi_write()
[    0.028138] kvm-guest: KVM setup pv remote TLB flush
[    0.028487] kvm-guest: setup PV sched yield
[    0.028783] PM: hibernation: Registered nosave memory: [mem 0x00000000-0x00000fff]
[    0.029314] PM: hibernation: Registered nosave memory: [mem 0x0009f000-0x0009ffff]
[    0.029846] PM: hibernation: Registered nosave memory: [mem 0x000a0000-0x000effff]
[    0.030377] PM: hibernation: Registered nosave memory: [mem 0x000f0000-0x000fffff]
[    0.030908] [mem 0x40000000-0xfeffbfff] available for PCI devices
[    0.031338] Booting paravirtualized kernel on KVM
[    0.031667] clocksource: refined-jiffies: mask: 0xffffffff max_cycles: 0xffffffff, max_idle_ns: 1910969940391419 ns
[    0.035139] setup_percpu: NR_CPUS:64 nr_cpumask_bits:32 nr_cpu_ids:32 nr_node_ids:1
[    0.036272] percpu: Embedded 58 pages/cpu s198552 r8192 d30824 u262144
[    0.036760] Kernel command line: virtme_hostname=virtme-ng nr_open=1048576 virtme_link_mods=/nipa-data/kernel/.virtme_mods/lib/modules/0.0.0 virtme_initmount0=nipa-data/kernel virtme_rw_overlay0=/etc virtme_rw_overlay1=/lib virtme_rw_overlay2=/home virtme_rw_overlay3=/opt virtme_rw_overlay4=/srv virtme_rw_overlay5=/usr virtme_rw_overlay6=/var console=hvc0 earlyprintk=serial,ttyS0,115200 virtme_console=ttyS0 psmouse.proto=exps TERM=xterm virtme_chdir=nipa-data/kernel virtme_root_user=1 rootfstype=9p rootflags=version=9p2000.L,trans=virtio,access=any raid=noautodetect ro init=/usr/lib/python3/dist-packages/virtme/guest/virtme-init
[    0.040877] Unknown kernel command line parameters "virtme_hostname=virtme-ng nr_open=1048576 virtme_link_mods=/nipa-data/kernel/.virtme_mods/lib/modules/0.0.0 virtme_initmount0=nipa-data/kernel virtme_rw_overlay0=/etc virtme_rw_overlay1=/lib virtme_rw_overlay2=/home virtme_rw_overlay3=/opt virtme_rw_overlay4=/srv virtme_rw_overlay5=/usr virtme_rw_overlay6=/var virtme_console=ttyS0 virtme_chdir=nipa-data/kernel virtme_root_user=1", will be passed to user space.
[    0.044022] random: crng init done
[    0.044296] Dentry cache hash table entries: 131072 (order: 8, 1048576 bytes, linear)
[    0.044880] Inode-cache hash table entries: 65536 (order: 7, 524288 bytes, linear)
[    0.045512] Fallback order for Node 0: 0 
[    0.045515] Built 1 zonelists, mobility grouping on.  Total pages: 262014
[    0.046295] Policy zone: DMA32
[    0.046515] mem auto-init: stack:all(zero), heap alloc:off, heap free:off
[    0.047593] SLUB: HWalign=64, Order=0-3, MinObjects=0, CPUs=32, Nodes=1
Poking KASLR using RDRAND RDTSC...
[    0.048314] ftrace: allocating 48489 entries in 190 pages
[    0.055162] ftrace: allocated 190 pages with 6 groups
[    0.056078] Dynamic Preempt: voluntary
[    0.056481] rcu: Preemptible hierarchical RCU implementation.
[    0.056895] rcu: RCU event tracing is enabled.
[    0.057221] rcu: RCU restricting CPUs from NR_CPUS=64 to nr_cpu_ids=32.
[    0.057705] Trampoline variant of Tasks RCU enabled.
[    0.058069] Rude variant of Tasks RCU enabled.
[    0.058395] Tracing variant of Tasks RCU enabled.
[    0.058740] rcu: RCU calculated value of scheduler-enlistment delay is 100 jiffies.
[    0.059294] rcu: Adjusting geometry for rcu_fanout_leaf=16, nr_cpu_ids=32
[    0.059793] RCU Tasks: Setting shift to 5 and lim to 1 rcu_task_cb_adjust=1 rcu_task_cpu_ids=32.
[    0.060433] RCU Tasks Rude: Setting shift to 5 and lim to 1 rcu_task_cb_adjust=1 rcu_task_cpu_ids=32.
[    0.061102] RCU Tasks Trace: Setting shift to 5 and lim to 1 rcu_task_cb_adjust=1 rcu_task_cpu_ids=32.
[    0.063170] NR_IRQS: 4352, nr_irqs: 680, preallocated irqs: 16
[    0.063756] rcu: srcu_init: Setting srcu_struct sizes based on contention.
[    0.064386] Console: colour *CGA 80x25
[    0.064661] ACPI: Core revision 20240827
[    0.065007] clocksource: hpet: mask: 0xffffffff max_cycles: 0xffffffff, max_idle_ns: 19112604467 ns
[    0.065711] APIC: Switch to symmetric I/O mode setup
[    0.066089] kvm-guest: APIC: send_IPI_mask() replaced with kvm_send_ipi_mask()
[    0.066606] kvm-guest: APIC: send_IPI_mask_allbutself() replaced with kvm_send_ipi_mask_allbutself()
[    0.067241] kvm-guest: setup PV IPIs
[    0.068246] ..TIMER: vector=0x30 apic1=0 pin1=2 apic2=-1 pin2=-1
[    0.069023] clocksource: tsc-early: mask: 0xffffffffffffffff max_cycles: 0x40be400eb43, max_idle_ns: 440795366972 ns
[    0.070354] Calibrating delay loop (skipped) preset value.. 8983.11 BogoMIPS (lpj=4491556)
[    0.071413] x86/cpu: User Mode Instruction Prevention (UMIP) activated
[    0.072401] Last level iTLB entries: 4KB 512, 2MB 255, 4MB 127
[    0.073354] Last level dTLB entries: 4KB 512, 2MB 255, 4MB 127, 1GB 0
[    0.074357] Spectre V1 : Mitigation: usercopy/swapgs barriers and __user pointer sanitization
[    0.075357] Spectre V2 : Mitigation: Enhanced / Automatic IBRS
[    0.076354] Spectre V2 : Spectre v2 / SpectreRSB mitigation: Filling RSB on context switch
[    0.077355] Spectre V2 : mitigation: Enabling conditional Indirect Branch Prediction Barrier
[    0.078355] Speculative Store Bypass: Mitigation: Speculative Store Bypass disabled via prctl
[    0.079354] Speculative Return Stack Overflow: IBPB-extending microcode not applied!
[    0.080354] Speculative Return Stack Overflow: WARNING: See https://kernel.org/doc/html/latest/admin-guide/hw-vuln/srso.html for mitigation options.
[    0.080354] Speculative Return Stack Overflow: Vulnerable: Safe RET, no microcode
[    0.082368] x86/fpu: Supporting XSAVE feature 0x001: 'x87 floating point registers'
[    0.083354] x86/fpu: Supporting XSAVE feature 0x002: 'SSE registers'
[    0.084354] x86/fpu: Supporting XSAVE feature 0x004: 'AVX registers'
[    0.085354] x86/fpu: Supporting XSAVE feature 0x020: 'AVX-512 opmask'
[    0.086354] x86/fpu: Supporting XSAVE feature 0x040: 'AVX-512 Hi256'
[    0.087125] x86/fpu: Supporting XSAVE feature 0x080: 'AVX-512 ZMM_Hi256'
[    0.087354] x86/fpu: Supporting XSAVE feature 0x200: 'Protection Keys User registers'
[    0.088354] x86/fpu: xstate_offset[2]:  576, xstate_sizes[2]:  256
[    0.089354] x86/fpu: xstate_offset[5]:  832, xstate_sizes[5]:   64
[    0.090354] x86/fpu: xstate_offset[6]:  896, xstate_sizes[6]:  512
[    0.091104] x86/fpu: xstate_offset[7]: 1408, xstate_sizes[7]: 1024
[    0.091354] x86/fpu: xstate_offset[9]: 2432, xstate_sizes[9]:    8
[    0.092354] x86/fpu: Enabled xstate features 0x2e7, context size is 2440 bytes, using 'compacted' format.
[    0.107464] Freeing SMP alternatives memory: 40K
[    0.108034] pid_max: default: 32768 minimum: 301
[    0.108372] Mount-cache hash table entries: 2048 (order: 2, 16384 bytes, linear)
[    0.109354] Mountpoint-cache hash table entries: 2048 (order: 2, 16384 bytes, linear)
[    0.110482] smpboot: CPU0: AMD Ryzen 9 7950X 16-Core Processor (family: 0x19, model: 0x61, stepping: 0x2)
[    0.111461] Performance Events: Fam17h+ core perfctr, AMD PMU driver.
[    0.112267] ... version:                0
[    0.112356] ... bit width:              48
[    0.112854] ... generic registers:      6
[    0.113348] ... value mask:             0000ffffffffffff
[    0.113355] ... max period:             00007fffffffffff
[    0.114005] ... fixed-purpose events:   0
[    0.114355] ... event mask:             000000000000003f
[    0.115076] signal: max sigframe size: 3376
[    0.115370] rcu: Hierarchical SRCU implementation.
[    0.115953] rcu: Max phase no-delay instances is 400.
[    0.116375] Timer migration: 2 hierarchy levels; 8 children per group; 2 crossnode level
[    0.119416] smp: Bringing up secondary CPUs ...
[    0.120021] smpboot: x86: Booting SMP configuration:
[    0.120356] .... node  #0, CPUs:        #1  #2  #3  #4  #5  #6  #7  #8  #9 #10 #11 #12 #13 #14 #15 #16 #17 #18 #19 #20 #21 #22 #23 #24 #25 #26 #27 #28 #29 #30 #31
[    0.135447] smp: Brought up 1 node, 32 CPUs
[    0.136871] smpboot: Total of 32 processors activated (287459.58 BogoMIPS)
[    0.139373] Memory: 970440K/1048056K available (16384K kernel code, 2449K rwdata, 6284K rodata, 3128K init, 1856K bss, 63192K reserved, 0K cma-reserved)
[    0.140468] devtmpfs: initialized
[    0.140785] x86/mm: Memory block size: 128MB
[    0.142041] clocksource: jiffies: mask: 0xffffffff max_cycles: 0xffffffff, max_idle_ns: 1911260446275000 ns
[    0.142357] futex hash table entries: 8192 (order: 7, 524288 bytes, linear)
[    0.143284] PM: RTC time: 09:06:52, date: 2024-11-21
[    0.143674] NET: Registered PF_NETLINK/PF_ROUTE protocol family
[    0.144470] thermal_sys: Registered thermal governor 'step_wise'
[    0.144471] thermal_sys: Registered thermal governor 'user_space'
[    0.145235] cpuidle: using governor menu
[    0.146546] PCI: Using configuration type 1 for base access
[    0.147355] PCI: Using configuration type 1 for extended access
[    0.148158] kprobes: kprobe jump-optimization is enabled. All kprobes are optimized if possible.
[    0.167531] HugeTLB: registered 1.00 GiB page size, pre-allocated 0 pages
[    0.168356] HugeTLB: 16380 KiB vmemmap can be freed for a 1.00 GiB page
[    0.169170] HugeTLB: registered 2.00 MiB page size, pre-allocated 0 pages
[    0.169355] HugeTLB: 28 KiB vmemmap can be freed for a 2.00 MiB page
[    0.171435] ACPI: Added _OSI(Module Device)
[    0.171961] ACPI: Added _OSI(Processor Device)
[    0.172356] ACPI: Added _OSI(3.0 _SCP Extensions)
[    0.172942] ACPI: Added _OSI(Processor Aggregator Device)
[    0.174011] ACPI: 1 ACPI AML tables successfully acquired and loaded
[    0.174721] ACPI: Interpreter enabled
[    0.175364] ACPI: PM: (supports S0 S3 S4 S5)
[    0.175893] ACPI: Using IOAPIC for interrupt routing
[    0.176361] PCI: Using host bridge windows from ACPI; if necessary, use "pci=nocrs" and report a bug
[    0.177355] PCI: Using E820 reservations for host bridge windows
[    0.178175] ACPI: Enabled 2 GPEs in block 00 to 0F
[    0.180793] ACPI: PCI Root Bridge [PCI0] (domain 0000 [bus 00-ff])
[    0.181358] acpi PNP0A03:00: _OSC: OS supports [ExtendedConfig ASPM ClockPM Segments MSI HPX-Type3]
[    0.182440] PCI host bridge to bus 0000:00
[    0.182947] pci_bus 0000:00: root bus resource [io  0x0000-0x0cf7 window]
[    0.183355] pci_bus 0000:00: root bus resource [io  0x0d00-0xffff window]
[    0.184190] pci_bus 0000:00: root bus resource [mem 0x000a0000-0x000bffff window]
[    0.184355] pci_bus 0000:00: root bus resource [mem 0x40000000-0xfebfffff window]
[    0.185271] pci_bus 0000:00: root bus resource [mem 0x100000000-0x17fffffff window]
[    0.185355] pci_bus 0000:00: root bus resource [bus 00-ff]
[    0.186108] pci 0000:00:00.0: [8086:1237] type 00 class 0x060000 conventional PCI endpoint
[    0.186589] pci 0000:00:01.0: [8086:7000] type 00 class 0x060100 conventional PCI endpoint
[    0.187662] pci 0000:00:01.1: [8086:7010] type 00 class 0x010180 conventional PCI endpoint
[    0.189470] pci 0000:00:01.1: BAR 4 [io  0xc0c0-0xc0cf]
[    0.190549] pci 0000:00:01.1: BAR 0 [io  0x01f0-0x01f7]: legacy IDE quirk
[    0.191355] pci 0000:00:01.1: BAR 1 [io  0x03f6]: legacy IDE quirk
[    0.192117] pci 0000:00:01.1: BAR 2 [io  0x0170-0x0177]: legacy IDE quirk
[    0.192355] pci 0000:00:01.1: BAR 3 [io  0x0376]: legacy IDE quirk
[    0.193207] pci 0000:00:01.3: [8086:7113] type 00 class 0x068000 conventional PCI endpoint
[    0.193583] pci 0000:00:01.3: quirk: [io  0x0600-0x063f] claimed by PIIX4 ACPI
[    0.194359] pci 0000:00:01.3: quirk: [io  0x0700-0x070f] claimed by PIIX4 SMB
[    0.195394] pci 0000:00:02.0: [1af4:1009] type 00 class 0x000200 conventional PCI endpoint
[    0.196693] pci 0000:00:02.0: BAR 0 [io  0xc000-0xc03f]
[    0.197786] pci 0000:00:02.0: BAR 1 [mem 0xfebfc000-0xfebfcfff]
[    0.199532] pci 0000:00:02.0: BAR 4 [mem 0xfebf0000-0xfebf3fff 64bit pref]
[    0.201700] pci 0000:00:03.0: [1af4:1009] type 00 class 0x000200 conventional PCI endpoint
[    0.203309] pci 0000:00:03.0: BAR 0 [io  0xc040-0xc07f]
[    0.204255] pci 0000:00:03.0: BAR 1 [mem 0xfebfd000-0xfebfdfff]
[    0.206356] pci 0000:00:03.0: BAR 4 [mem 0xfebf4000-0xfebf7fff 64bit pref]
[    0.208119] pci 0000:00:04.0: [8086:25ab] type 00 class 0x088000 conventional PCI endpoint
[    0.208494] pci 0000:00:04.0: BAR 0 [mem 0xfebfe000-0xfebfe00f]
[    0.210233] pci 0000:00:05.0: [1af4:1003] type 00 class 0x078000 conventional PCI endpoint
[    0.210736] pci 0000:00:05.0: BAR 0 [io  0xc080-0xc0bf]
[    0.211645] pci 0000:00:05.0: BAR 1 [mem 0xfebff000-0xfebfffff]
[    0.213213] pci 0000:00:05.0: BAR 4 [mem 0xfebf8000-0xfebfbfff 64bit pref]
[    0.214770] ACPI: PCI: Interrupt link LNKA configured for IRQ 10
[    0.215462] ACPI: PCI: Interrupt link LNKB configured for IRQ 10
[    0.216306] ACPI: PCI: Interrupt link LNKC configured for IRQ 11
[    0.216460] ACPI: PCI: Interrupt link LNKD configured for IRQ 11
[    0.217266] ACPI: PCI: Interrupt link LNKS configured for IRQ 9
[    0.218157] iommu: Default domain type: Translated
[    0.218356] iommu: DMA domain TLB invalidation policy: lazy mode
[    0.219141] SCSI subsystem initialized
[    0.219382] pps_core: LinuxPPS API ver. 1 registered
[    0.220002] pps_core: Software ver. 5.3.6 - Copyright 2005-2007 Rodolfo Giometti <giometti@linux.it>
[    0.220357] PTP clock support registered
[    0.220862] Advanced Linux Sound Architecture Driver Initialized.
[    0.221636] NET: Registered PF_ATMPVC protocol family
[    0.222272] NET: Registered PF_ATMSVC protocol family
[    0.222361] PCI: Using ACPI for IRQ routing
[    0.222953] vgaarb: loaded
[    0.223375] hpet0: at MMIO 0xfed00000, IRQs 2, 8, 0
[    0.223983] hpet0: 3 comparators, 64-bit 100.000000 MHz counter
[    0.229510] clocksource: Switched to clocksource kvm-clock
[    0.230221] VFS: Disk quotas dquot_6.6.0
[    0.230706] VFS: Dquot-cache hash table entries: 512 (order 0, 4096 bytes)
[    0.231591] pnp: PnP ACPI init
[    0.232140] pnp: PnP ACPI: found 5 devices
[    0.239548] clocksource: acpi_pm: mask: 0xffffff max_cycles: 0xffffff, max_idle_ns: 2085701024 ns
[    0.240659] NET: Registered PF_INET protocol family
[    0.241279] IP idents hash table entries: 16384 (order: 5, 131072 bytes, linear)
[    0.242336] tcp_listen_portaddr_hash hash table entries: 512 (order: 1, 8192 bytes, linear)
[    0.243373] Table-perturb hash table entries: 65536 (order: 6, 262144 bytes, linear)
[    0.244328] TCP established hash table entries: 8192 (order: 4, 65536 bytes, linear)
[    0.245289] TCP bind hash table entries: 8192 (order: 6, 262144 bytes, linear)
[    0.246188] TCP: Hash tables configured (established 8192 bind 8192)
[    0.246982] UDP hash table entries: 512 (order: 3, 32768 bytes, linear)
[    0.247802] UDP-Lite hash table entries: 512 (order: 3, 32768 bytes, linear)
[    0.248701] NET: Registered PF_UNIX/PF_LOCAL protocol family
[    0.249409] pci_bus 0000:00: resource 4 [io  0x0000-0x0cf7 window]
[    0.250173] pci_bus 0000:00: resource 5 [io  0x0d00-0xffff window]
[    0.250934] pci_bus 0000:00: resource 6 [mem 0x000a0000-0x000bffff window]
[    0.251779] pci_bus 0000:00: resource 7 [mem 0x40000000-0xfebfffff window]
[    0.252625] pci_bus 0000:00: resource 8 [mem 0x100000000-0x17fffffff window]
[    0.253514] pci 0000:00:01.0: PIIX3: Enabling Passive Release
[    0.254226] pci 0000:00:00.0: Limiting direct PCI/PCI transfers
[    0.254990] PCI: CLS 0 bytes, default 64
[    0.255539] kvm_intel: VMX not supported by CPU 0
[    0.256137] kvm_amd: TSC scaling supported
[    0.256645] kvm_amd: Nested Virtualization enabled
[    0.257238] kvm_amd: Nested Paging enabled
[    0.257740] kvm_amd: LBR virtualization supported
[    0.258414] kvm_amd: Virtual VMLOAD VMSAVE supported
[    0.259022] kvm_amd: Virtual GIF supported
[    0.259528] kvm_amd: Virtual NMI enabled
[    0.287388] clocksource: tsc: mask: 0xffffffffffffffff max_cycles: 0x40be400eb43, max_idle_ns: 440795366972 ns
[    0.295202] Initialise system trusted keyrings
[    0.295817] workingset: timestamp_bits=56 max_order=18 bucket_order=0
[    0.296650] squashfs: version 4.0 (2009/01/31) Phillip Lougher
[    0.297392] fuse: init (API version 7.41)
[    0.297928] 9p: Installing v9fs 9p2000 file system support
[    0.304911] Key type asymmetric registered
[    0.305426] Asymmetric key parser 'x509' registered
[    0.306039] Block layer SCSI generic (bsg) driver version 0.4 loaded (major 249)
[    0.306973] io scheduler mq-deadline registered
[    0.307540] io scheduler kyber registered
[    0.309676] input: Power Button as /devices/LNXSYSTM:00/LNXPWRBN:00/input/input0
[    0.310645] ACPI: button: Power Button [PWRF]
[    0.311602] Warning: Processor Platform Limit event detected, but not handled.
[    0.312507] Consider compiling CPUfreq support into your kernel.
[    0.329860] ACPI: \_SB_.LNKB: Enabled at IRQ 10
[    0.344921] ACPI: \_SB_.LNKC: Enabled at IRQ 11
[    0.359933] ACPI: \_SB_.LNKA: Enabled at IRQ 10
[    0.361063] Serial: 8250/16550 driver, 4 ports, IRQ sharing enabled
[    0.361927] 00:03: ttyS0 at I/O 0x3f8 (irq = 4, base_baud = 115200) is a 16550A
[    0.383728] Non-volatile memory driver v1.3
[    0.384303] Linux agpgart interface v0.103
[    0.384369] ACPI: bus type drm_connector registered
[    0.385442] printk: legacy console [hvc0] enabled
[    0.386018] printk: legacy bootconsole [earlyser0] disabled
          _      _                                    
   __   _(_)_ __| |_ _ __ ___   ___       _ __   __ _ 
   \ \ / / |  __| __|  _   _ \ / _ \_____|  _ \ / _  |
    \ V /| | |  | |_| | | | | |  __/_____| | | | (_| |
     \_/ |_|_|   \__|_| |_| |_|\___|     |_| |_|\__  |
                                                |___/ 
   kernel version: 6.12.0-rc7-virtme x86_64
   (CTRL+d to exit)

root@virtme-ng:/nipa-data/kernel# PS1='xx__-> '
xx__-> env
PWD=/nipa-data/kernel
nr_open=1048576
HOME=/
TERM=xterm
SHLVL=2
XDG_RUNTIME_DIR=/run/user/0
PATH=/bin:/sbin:/usr/bin:/usr/sbin:/usr/local/bin
OLDPWD=/
_=/bin/env
xx__-> 