No EFI environment detected.
early console in extract_kernel
input_data: 0x0000000004ab12c4
input_len: 0x00000000018532f2
output: 0x0000000001000000
output_len: 0x0000000005290c24
kernel_total_size: 0x0000000004e30000
needed_size: 0x0000000005400000
trampoline_32bit: 0x0000000000000000
Physical KASLR using RDRAND RDTSC...
Virtual KASLR using RDRAND RDTSC...

Decompressing Linux... Parsing ELF... Performing relocations... done.
Booting the kernel (entry_offset: 0x0000000000000000).
[    0.000000] Linux version 6.9.0-virtme (root@c85d8327baee) (gcc (Alpine 13.2.1_git20240309) 13.2.1 20240309, GNU ld (GNU Binutils) 2.42) #1 SMP PREEMPT_DYNAMIC Mon May 20 21:26:51 UTC 2024
[    0.000000] Command line: virtme_hostname=virtme-ng nr_open=1048576 virtme_link_mods=/nipa-data/kernel/.virtme_mods/lib/modules/0.0.0 virtme_initmount0=nipa-data/kernel virtme_rw_overlay0=/etc virtme_rw_overlay1=/lib virtme_rw_overlay2=/home virtme_rw_overlay3=/opt virtme_rw_overlay4=/srv virtme_rw_overlay5=/usr virtme_rw_overlay6=/var console=hvc0 earlyprintk=serial,ttyS0,115200 virtme_console=ttyS0 psmouse.proto=exps TERM=xterm virtme_chdir=nipa-data/kernel virtme_root_user=1 rootfstype=9p rootflags=version=9p2000.L,trans=virtio,access=any raid=noautodetect ro init=/usr/lib/python3.12/site-packages/virtme/guest/virtme-init
[    0.000000] BIOS-provided physical RAM map:
[    0.000000] BIOS-e820: [mem 0x0000000000000000-0x000000000009fbff] usable
[    0.000000] BIOS-e820: [mem 0x000000000009fc00-0x000000000009ffff] reserved
[    0.000000] BIOS-e820: [mem 0x00000000000f0000-0x00000000000fffff] reserved
[    0.000000] BIOS-e820: [mem 0x0000000000100000-0x000000003ffdffff] usable
[    0.000000] BIOS-e820: [mem 0x000000003ffe0000-0x000000003fffffff] reserved
[    0.000000] BIOS-e820: [mem 0x00000000feffc000-0x00000000feffffff] reserved
[    0.000000] BIOS-e820: [mem 0x00000000fffc0000-0x00000000ffffffff] reserved
[    0.000000] BIOS-e820: [mem 0x000000fd00000000-0x000000ffffffffff] reserved
[    0.000000] printk: legacy bootconsole [earlyser0] enabled
[    0.000000] NX (Execute Disable) protection: active
[    0.000000] APIC: Static calls initialized
[    0.000000] SMBIOS 2.8 present.
[    0.000000] DMI: QEMU Standard PC (i440FX + PIIX, 1996), BIOS rel-1.16.3-0-ga6ed6b701f0a-prebuilt.qemu.org 04/01/2014
[    0.000000] Hypervisor detected: KVM
[    0.000000] kvm-clock: Using msrs 4b564d01 and 4b564d00
[    0.000000] kvm-clock: using sched offset of 362624075 cycles
[    0.000411] clocksource: kvm-clock: mask: 0xffffffffffffffff max_cycles: 0x1cd42e4dffb, max_idle_ns: 881590591483 ns
[    0.001654] tsc: Detected 4491.556 MHz processor
[    0.002380] last_pfn = 0x3ffe0 max_arch_pfn = 0x400000000
[    0.002840] MTRR map: 4 entries (3 fixed + 1 variable; max 19), built from 8 variable MTRRs
[    0.003477] x86/PAT: Configuration [0-7]: WB  WC  UC- UC  WB  WP  UC- WT  
[    0.005579] found SMP MP-table at [mem 0x000f5470-0x000f547f]
[    0.006036] Using GB pages for direct mapping
[    0.006530] ACPI: Early table checksum verification disabled
[    0.006973] ACPI: RSDP 0x00000000000F5290 000014 (v00 BOCHS )
[    0.007414] ACPI: RSDT 0x000000003FFE27BC 000034 (v01 BOCHS  BXPC     00000001 BXPC 00000001)
[    0.008087] ACPI: FACP 0x000000003FFE2578 000074 (v01 BOCHS  BXPC     00000001 BXPC 00000001)
[    0.008767] ACPI: DSDT 0x000000003FFE0040 002538 (v01 BOCHS  BXPC     00000001 BXPC 00000001)
[    0.009422] ACPI: FACS 0x000000003FFE0000 000040
[    0.009791] ACPI: APIC 0x000000003FFE25EC 000170 (v03 BOCHS  BXPC     00000001 BXPC 00000001)
[    0.010445] ACPI: HPET 0x000000003FFE275C 000038 (v01 BOCHS  BXPC     00000001 BXPC 00000001)
[    0.011111] ACPI: WAET 0x000000003FFE2794 000028 (v01 BOCHS  BXPC     00000001 BXPC 00000001)
[    0.011787] ACPI: Reserving FACP table memory at [mem 0x3ffe2578-0x3ffe25eb]
[    0.012333] ACPI: Reserving DSDT table memory at [mem 0x3ffe0040-0x3ffe2577]
[    0.012884] ACPI: Reserving FACS table memory at [mem 0x3ffe0000-0x3ffe003f]
[    0.013424] ACPI: Reserving APIC table memory at [mem 0x3ffe25ec-0x3ffe275b]
[    0.013975] ACPI: Reserving HPET table memory at [mem 0x3ffe275c-0x3ffe2793]
[    0.014514] ACPI: Reserving WAET table memory at [mem 0x3ffe2794-0x3ffe27bb]
[    0.015271] No NUMA configuration found
[    0.015564] Faking a node at [mem 0x0000000000000000-0x000000003ffdffff]
[    0.016098] NODE_DATA(0) allocated [mem 0x3ffdb000-0x3ffdffff]
[    0.016567] Zone ranges:
[    0.016773]   DMA      [mem 0x0000000000001000-0x0000000000ffffff]
[    0.017246]   DMA32    [mem 0x0000000001000000-0x000000003ffdffff]
[    0.017729]   Normal   empty
[    0.017950]   Device   empty
[    0.018171] Movable zone start for each node
[    0.018497] Early memory node ranges
[    0.018780]   node   0: [mem 0x0000000000001000-0x000000000009efff]
[    0.019259]   node   0: [mem 0x0000000000100000-0x000000003ffdffff]
[    0.019755] Initmem setup node 0 [mem 0x0000000000001000-0x000000003ffdffff]
[    0.020306] On node 0, zone DMA: 1 pages in unavailable ranges
[    0.020823] On node 0, zone DMA: 97 pages in unavailable ranges
[    0.026461] On node 0, zone DMA32: 32 pages in unavailable ranges
[    0.037560] kasan: KernelAddressSanitizer initialized
[    0.038337] ACPI: PM-Timer IO Port: 0x608
[    0.038729] ACPI: LAPIC_NMI (acpi_id[0xff] dfl dfl lint[0x1])
[    0.039293] IOAPIC[0]: apic_id 0, version 17, address 0xfec00000, GSI 0-23
[    0.039944] ACPI: INT_SRC_OVR (bus 0 bus_irq 0 global_irq 2 dfl dfl)
[    0.040555] ACPI: INT_SRC_OVR (bus 0 bus_irq 5 global_irq 5 high level)
[    0.041179] ACPI: INT_SRC_OVR (bus 0 bus_irq 9 global_irq 9 high level)
[    0.041803] ACPI: INT_SRC_OVR (bus 0 bus_irq 10 global_irq 10 high level)
[    0.042445] ACPI: INT_SRC_OVR (bus 0 bus_irq 11 global_irq 11 high level)
[    0.043090] ACPI: Using ACPI (MADT) for SMP configuration information
[    0.043697] ACPI: HPET id: 0x8086a201 base: 0xfed00000
[    0.044191] TSC deadline timer available
[    0.044565] CPU topo: Max. logical packages:   1
[    0.045000] CPU topo: Max. logical dies:       1
[    0.045435] CPU topo: Max. dies per package:   1
[    0.045870] CPU topo: Max. threads per core:   1
[    0.046301] CPU topo: Num. cores per package:    32
[    0.046758] CPU topo: Num. threads per package:  32
[    0.047214] CPU topo: Allowing 32 present CPUs plus 0 hotplug CPUs
[    0.047815] kvm-guest: APIC: eoi() replaced with kvm_guest_apic_eoi_write()
[    0.048487] kvm-guest: KVM setup pv remote TLB flush
[    0.048957] kvm-guest: setup PV sched yield
[    0.049357] PM: hibernation: Registered nosave memory: [mem 0x00000000-0x00000fff]
[    0.050070] PM: hibernation: Registered nosave memory: [mem 0x0009f000-0x0009ffff]
[    0.050783] PM: hibernation: Registered nosave memory: [mem 0x000a0000-0x000effff]
[    0.051496] PM: hibernation: Registered nosave memory: [mem 0x000f0000-0x000fffff]
[    0.052213] [mem 0x40000000-0xfeffbfff] available for PCI devices
[    0.052787] Booting paravirtualized kernel on KVM
[    0.053230] clocksource: refined-jiffies: mask: 0xffffffff max_cycles: 0xffffffff, max_idle_ns: 1910969940391419 ns
[    0.062904] setup_percpu: NR_CPUS:64 nr_cpumask_bits:32 nr_cpu_ids:32 nr_node_ids:1
[    0.065229] percpu: Embedded 70 pages/cpu s248616 r8192 d29912 u524288
[    0.065930] Kernel command line: virtme_hostname=virtme-ng nr_open=1048576 virtme_link_mods=/nipa-data/kernel/.virtme_mods/lib/modules/0.0.0 virtme_initmount0=nipa-data/kernel virtme_rw_overlay0=/etc virtme_rw_overlay1=/lib virtme_rw_overlay2=/home virtme_rw_overlay3=/opt virtme_rw_overlay4=/srv virtme_rw_overlay5=/usr virtme_rw_overlay6=/var console=hvc0 earlyprintk=serial,ttyS0,115200 virtme_console=ttyS0 psmouse.proto=exps TERM=xterm virtme_chdir=nipa-data/kernel virtme_root_user=1 rootfstype=9p rootflags=version=9p2000.L,trans=virtio,access=any raid=noautodetect ro init=/usr/lib/python3.12/site-packages/virtme/guest/virtme-init
[    0.071494] Unknown kernel command line parameters "virtme_hostname=virtme-ng nr_open=1048576 virtme_link_mods=/nipa-data/kernel/.virtme_mods/lib/modules/0.0.0 virtme_initmount0=nipa-data/kernel virtme_rw_overlay0=/etc virtme_rw_overlay1=/lib virtme_rw_overlay2=/home virtme_rw_overlay3=/opt virtme_rw_overlay4=/srv virtme_rw_overlay5=/usr virtme_rw_overlay6=/var virtme_console=ttyS0 virtme_chdir=nipa-data/kernel virtme_root_user=1", will be passed to user space.
[    0.075657] random: crng init done
[    0.076035] Dentry cache hash table entries: 131072 (order: 8, 1048576 bytes, linear)
[    0.076825] Inode-cache hash table entries: 65536 (order: 7, 524288 bytes, linear)
[    0.078143] Fallback order for Node 0: 0 
[    0.078151] Built 1 zonelists, mobility grouping on.  Total pages: 257760
[    0.079195] Policy zone: DMA32
[    0.079491] mem auto-init: stack:all(zero), heap alloc:off, heap free:off
[    0.080147] stackdepot: allocating hash table via alloc_large_system_hash
[    0.080810] stackdepot hash table entries: 1048576 (order: 12, 16777216 bytes, linear)
[    0.090097] Memory: 781044K/1048056K available (43008K kernel code, 11183K rwdata, 9804K rodata, 5896K init, 2248K bss, 266756K reserved, 0K cma-reserved)
[    0.091658] SLUB: HWalign=64, Order=0-3, MinObjects=0, CPUs=32, Nodes=1
Poking KASLR using RDRAND RDTSC...
[    0.092677] ftrace: allocating 47839 entries in 187 pages
[    0.102452] ftrace: allocated 187 pages with 6 groups
[    0.103746] Dynamic Preempt: voluntary
[    0.104533] rcu: Preemptible hierarchical RCU implementation.
[    0.104985] rcu: RCU event tracing is enabled.
[    0.105341] rcu: RCU restricting CPUs from NR_CPUS=64 to nr_cpu_ids=32.
[    0.105867] Trampoline variant of Tasks RCU enabled.
[    0.106262] Rude variant of Tasks RCU enabled.
[    0.106617] Tracing variant of Tasks RCU enabled.
[    0.106992] rcu: RCU calculated value of scheduler-enlistment delay is 100 jiffies.
[    0.107592] rcu: Adjusting geometry for rcu_fanout_leaf=16, nr_cpu_ids=32
[    0.108198] RCU Tasks: Setting shift to 5 and lim to 1 rcu_task_cb_adjust=1.
[    0.108753] RCU Tasks Rude: Setting shift to 5 and lim to 1 rcu_task_cb_adjust=1.
[    0.109343] RCU Tasks Trace: Setting shift to 5 and lim to 1 rcu_task_cb_adjust=1.
[    0.118639] NR_IRQS: 4352, nr_irqs: 680, preallocated irqs: 16
[    0.119354] rcu: srcu_init: Setting srcu_struct sizes based on contention.
[    0.120107] Console: colour *CGA 80x25
[    0.120428] ACPI: Core revision 20240322
[    0.120888] clocksource: hpet: mask: 0xffffffff max_cycles: 0xffffffff, max_idle_ns: 19112604467 ns
[    0.121663] APIC: Switch to symmetric I/O mode setup
[    0.122052] APIC: Switched APIC routing to: physical flat
[    0.122469] kvm-guest: APIC: send_IPI_mask() replaced with kvm_send_ipi_mask()
[    0.123032] kvm-guest: APIC: send_IPI_mask_allbutself() replaced with kvm_send_ipi_mask_allbutself()
[    0.123745] kvm-guest: setup PV IPIs
[    0.124916] ..TIMER: vector=0x30 apic1=0 pin1=2 apic2=-1 pin2=-1
[    0.125759] tsc: Marking TSC unstable due to TSCs unsynchronized
[    0.126568] Calibrating delay loop (skipped) preset value.. 8983.11 BogoMIPS (lpj=4491556)
[    0.127635] x86/cpu: User Mode Instruction Prevention (UMIP) activated
[    0.128629] Last level iTLB entries: 4KB 512, 2MB 255, 4MB 127
[    0.129414] Last level dTLB entries: 4KB 512, 2MB 255, 4MB 127, 1GB 0
[    0.129572] Spectre V1 : Mitigation: usercopy/swapgs barriers and __user pointer sanitization
[    0.130571] Spectre V2 : Mitigation: Enhanced / Automatic IBRS
[    0.131567] Spectre V2 : Spectre v2 / SpectreRSB mitigation: Filling RSB on context switch
[    0.132569] Spectre V2 : mitigation: Enabling conditional Indirect Branch Prediction Barrier
[    0.133569] Speculative Store Bypass: Mitigation: Speculative Store Bypass disabled via prctl
[    0.134567] Speculative Return Stack Overflow: IBPB-extending microcode not applied!
[    0.135567] Speculative Return Stack Overflow: WARNING: See https://kernel.org/doc/html/latest/admin-guide/hw-vuln/srso.html for mitigation options.
[    0.135568] Speculative Return Stack Overflow: Vulnerable: Safe RET, no microcode
[    0.137583] x86/fpu: Supporting XSAVE feature 0x001: 'x87 floating point registers'
[    0.138567] x86/fpu: Supporting XSAVE feature 0x002: 'SSE registers'
[    0.139567] x86/fpu: Supporting XSAVE feature 0x004: 'AVX registers'
[    0.140404] x86/fpu: Supporting XSAVE feature 0x020: 'AVX-512 opmask'
[    0.140567] x86/fpu: Supporting XSAVE feature 0x040: 'AVX-512 Hi256'
[    0.141567] x86/fpu: Supporting XSAVE feature 0x080: 'AVX-512 ZMM_Hi256'
[    0.142567] x86/fpu: Supporting XSAVE feature 0x200: 'Protection Keys User registers'
[    0.143567] x86/fpu: xstate_offset[2]:  576, xstate_sizes[2]:  256
[    0.144567] x86/fpu: xstate_offset[5]:  832, xstate_sizes[5]:   64
[    0.145567] x86/fpu: xstate_offset[6]:  896, xstate_sizes[6]:  512
[    0.146567] x86/fpu: xstate_offset[7]: 1408, xstate_sizes[7]: 1024
[    0.147390] x86/fpu: xstate_offset[9]: 2432, xstate_sizes[9]:    8
[    0.147567] x86/fpu: Enabled xstate features 0x2e7, context size is 2440 bytes, using 'compacted' format.
[    0.170375] Freeing SMP alternatives memory: 40K
[    0.170568] pid_max: default: 32768 minimum: 301
[    0.171711] Mount-cache hash table entries: 2048 (order: 2, 16384 bytes, linear)
[    0.172568] Mountpoint-cache hash table entries: 2048 (order: 2, 16384 bytes, linear)
[    0.174233] smpboot: CPU0: AMD Ryzen 9 7950X 16-Core Processor (family: 0x19, model: 0x61, stepping: 0x2)
[    0.175061] Performance Events: Fam17h+ core perfctr, AMD PMU driver.
[    0.175572] ... version:                0
[    0.176101] ... bit width:              48
[    0.176569] ... generic registers:      6
[    0.177099] ... value mask:             0000ffffffffffff
[    0.177568] ... max period:             00007fffffffffff
[    0.178269] ... fixed-purpose events:   0
[    0.178568] ... event mask:             000000000000003f
[    0.179402] signal: max sigframe size: 3376
[    0.179618] rcu: Hierarchical SRCU implementation.
[    0.180274] rcu: Max phase no-delay instances is 400.
[    0.184837] smp: Bringing up secondary CPUs ...
[    0.185743] smpboot: x86: Booting SMP configuration:
[    0.186422] .... node  #0, CPUs:        #1  #2  #3  #4  #5  #6  #7  #8  #9 #10 #11 #12 #13 #14 #15 #16 #17 #18 #19 #20 #21 #22 #23 #24 #25 #26 #27 #28 #29 #30 #31
[    0.210787] smp: Brought up 1 node, 32 CPUs
[    0.212285] smpboot: Total of 32 processors activated (287459.58 BogoMIPS)
[    0.218828] devtmpfs: initialized
[    0.219750] x86/mm: Memory block size: 128MB
[    0.226825] clocksource: jiffies: mask: 0xffffffff max_cycles: 0xffffffff, max_idle_ns: 1911260446275000 ns
[    0.227574] futex hash table entries: 8192 (order: 7, 524288 bytes, linear)
[    0.228965] PM: RTC time: 21:27:26, date: 2024-05-20
[    0.230298] NET: Registered PF_NETLINK/PF_ROUTE protocol family
[    0.231509] thermal_sys: Registered thermal governor 'step_wise'
[    0.231511] thermal_sys: Registered thermal governor 'user_space'
[    0.231598] cpuidle: using governor menu
[    0.234079] PCI: Using configuration type 1 for base access
[    0.234569] PCI: Using configuration type 1 for extended access
[    0.235492] kprobes: kprobe jump-optimization is enabled. All kprobes are optimized if possible.
[    0.252049] HugeTLB: registered 1.00 GiB page size, pre-allocated 0 pages
[    0.252570] HugeTLB: 16380 KiB vmemmap can be freed for a 1.00 GiB page
[    0.253470] HugeTLB: registered 2.00 MiB page size, pre-allocated 0 pages
[    0.254569] HugeTLB: 28 KiB vmemmap can be freed for a 2.00 MiB page
[    0.255676] Demotion targets for Node 0: null
[    0.256850] ACPI: Added _OSI(Module Device)
[    0.257433] ACPI: Added _OSI(Processor Device)
[    0.257570] ACPI: Added _OSI(3.0 _SCP Extensions)
[    0.258199] ACPI: Added _OSI(Processor Aggregator Device)
[    0.284982] ACPI: 1 ACPI AML tables successfully acquired and loaded
[    0.287747] ACPI: _OSC evaluation for CPUs failed, trying _PDC
[    0.290931] ACPI: Interpreter enabled
[    0.291491] ACPI: PM: (supports S0 S3 S4 S5)
[    0.291569] ACPI: Using IOAPIC for interrupt routing
[    0.292305] PCI: Using host bridge windows from ACPI; if necessary, use "pci=nocrs" and report a bug
[    0.293569] PCI: Using E820 reservations for host bridge windows
[    0.295523] ACPI: Enabled 2 GPEs in block 00 to 0F
[    0.353025] ACPI: PCI Root Bridge [PCI0] (domain 0000 [bus 00-ff])
[    0.353583] acpi PNP0A03:00: _OSC: OS supports [ExtendedConfig ASPM ClockPM Segments MSI HPX-Type3]
[    0.356097] PCI host bridge to bus 0000:00
[    0.356572] pci_bus 0000:00: root bus resource [io  0x0000-0x0cf7 window]
[    0.357480] pci_bus 0000:00: root bus resource [io  0x0d00-0xffff window]
[    0.357571] pci_bus 0000:00: root bus resource [mem 0x000a0000-0x000bffff window]
[    0.358570] pci_bus 0000:00: root bus resource [mem 0x40000000-0xfebfffff window]
[    0.359564] pci_bus 0000:00: root bus resource [mem 0x100000000-0x17fffffff window]
[    0.360572] pci_bus 0000:00: root bus resource [bus 00-ff]
[    0.361454] pci 0000:00:00.0: [8086:1237] type 00 class 0x060000 conventional PCI endpoint
[    0.363466] pci 0000:00:01.0: [8086:7000] type 00 class 0x060100 conventional PCI endpoint
[    0.365521] pci 0000:00:01.1: [8086:7010] type 00 class 0x010180 conventional PCI endpoint
[    0.370074] pci 0000:00:01.1: BAR 4 [io  0xc0c0-0xc0cf]
[    0.371574] pci 0000:00:01.1: BAR 0 [io  0x01f0-0x01f7]: legacy IDE quirk
[    0.372485] pci 0000:00:01.1: BAR 1 [io  0x03f6]: legacy IDE quirk
[    0.373569] pci 0000:00:01.1: BAR 2 [io  0x0170-0x0177]: legacy IDE quirk
[    0.374477] pci 0000:00:01.1: BAR 3 [io  0x0376]: legacy IDE quirk
[    0.375301] pci 0000:00:01.3: [8086:7113] type 00 class 0x068000 conventional PCI endpoint
[    0.376848] pci 0000:00:01.3: quirk: [io  0x0600-0x063f] claimed by PIIX4 ACPI
[    0.378575] pci 0000:00:01.3: quirk: [io  0x0700-0x070f] claimed by PIIX4 SMB
[    0.380345] pci 0000:00:02.0: [1af4:1009] type 00 class 0x000200 conventional PCI endpoint
[    0.383570] pci 0000:00:02.0: BAR 0 [io  0xc000-0xc03f]
[    0.385319] pci 0000:00:02.0: BAR 1 [mem 0xfebfc000-0xfebfcfff]
[    0.392335] pci 0000:00:02.0: BAR 4 [mem 0xfebf0000-0xfebf3fff 64bit pref]
[    0.407809] pci 0000:00:03.0: [1af4:1009] type 00 class 0x000200 conventional PCI endpoint
[    0.409569] pci 0000:00:03.0: BAR 0 [io  0xc040-0xc07f]
[    0.412311] pci 0000:00:03.0: BAR 1 [mem 0xfebfd000-0xfebfdfff]
[    0.417569] pci 0000:00:03.0: BAR 4 [mem 0xfebf4000-0xfebf7fff 64bit pref]
[    0.432326] pci 0000:00:04.0: [8086:25ab] type 00 class 0x088000 conventional PCI endpoint
[    0.433989] pci 0000:00:04.0: BAR 0 [mem 0xfebfe000-0xfebfe00f]
[    0.449120] pci 0000:00:05.0: [1af4:1003] type 00 class 0x078000 conventional PCI endpoint
[    0.451569] pci 0000:00:05.0: BAR 0 [io  0xc080-0xc0bf]
[    0.454313] pci 0000:00:05.0: BAR 1 [mem 0xfebff000-0xfebfffff]
[    0.460570] pci 0000:00:05.0: BAR 4 [mem 0xfebf8000-0xfebfbfff 64bit pref]
[    0.477984] ACPI: PCI: Interrupt link LNKA configured for IRQ 10
[    0.479569] ACPI: PCI: Interrupt link LNKB configured for IRQ 10
[    0.481348] ACPI: PCI: Interrupt link LNKC configured for IRQ 11
[    0.483532] ACPI: PCI: Interrupt link LNKD configured for IRQ 11
[    0.484971] ACPI: PCI: Interrupt link LNKS configured for IRQ 9
[    0.505089] iommu: Default domain type: Translated
[    0.505569] iommu: DMA domain TLB invalidation policy: lazy mode
[    0.506893] SCSI subsystem initialized
[    0.507838] pps_core: LinuxPPS API ver. 1 registered
[    0.508517] pps_core: Software ver. 5.3.6 - Copyright 2005-2007 Rodolfo Giometti <giometti@linux.it>
[    0.509590] PTP clock support registered
[    0.510706] Advanced Linux Sound Architecture Driver Initialized.
[    0.512558] NET: Registered PF_ATMPVC protocol family
[    0.513569] NET: Registered PF_ATMSVC protocol family
[    0.514267] PCI: Using ACPI for IRQ routing
[    0.514718] vgaarb: loaded
[    0.515694] hpet0: at MMIO 0xfed00000, IRQs 2, 8, 0
[    0.516569] hpet0: 3 comparators, 64-bit 100.000000 MHz counter
[    0.522416] clocksource: Switched to clocksource kvm-clock
[    0.523756] VFS: Disk quotas dquot_6.6.0
[    0.524370] VFS: Dquot-cache hash table entries: 512 (order 0, 4096 bytes)
[    0.529646] pnp: PnP ACPI init
[    0.536681] pnp: PnP ACPI: found 5 devices
[    0.551447] clocksource: acpi_pm: mask: 0xffffff max_cycles: 0xffffff, max_idle_ns: 2085701024 ns
[    0.553094] NET: Registered PF_INET protocol family
[    0.554012] IP idents hash table entries: 16384 (order: 5, 131072 bytes, linear)
[    0.555887] tcp_listen_portaddr_hash hash table entries: 512 (order: 1, 8192 bytes, linear)
[    0.557357] Table-perturb hash table entries: 65536 (order: 6, 262144 bytes, linear)
[    0.558738] TCP established hash table entries: 8192 (order: 4, 65536 bytes, linear)
[    0.560106] TCP bind hash table entries: 8192 (order: 6, 262144 bytes, linear)
[    0.561490] TCP: Hash tables configured (established 8192 bind 8192)
[    0.562845] UDP hash table entries: 512 (order: 2, 16384 bytes, linear)
[    0.564066] UDP-Lite hash table entries: 512 (order: 2, 16384 bytes, linear)
[    0.565615] NET: Registered PF_UNIX/PF_LOCAL protocol family
[    0.566636] pci_bus 0000:00: resource 4 [io  0x0000-0x0cf7 window]
[    0.567725] pci_bus 0000:00: resource 5 [io  0x0d00-0xffff window]
[    0.568805] pci_bus 0000:00: resource 6 [mem 0x000a0000-0x000bffff window]
[    0.570005] pci_bus 0000:00: resource 7 [mem 0x40000000-0xfebfffff window]
[    0.571213] pci_bus 0000:00: resource 8 [mem 0x100000000-0x17fffffff window]
[    0.572745] pci 0000:00:01.0: PIIX3: Enabling Passive Release
[    0.573757] pci 0000:00:00.0: Limiting direct PCI/PCI transfers
[    0.574848] PCI: CLS 0 bytes, default 64
[    0.575851] kvm_intel: VMX not supported by CPU 29
[    0.576738] kvm_amd: TSC scaling supported
[    0.577453] kvm_amd: Nested Virtualization enabled
[    0.578293] kvm_amd: Nested Paging enabled
[    0.579034] kvm_amd: Virtual VMLOAD VMSAVE supported
[    0.579910] kvm_amd: Virtual GIF supported
[    0.580623] kvm_amd: Virtual NMI enabled
[    0.581312] kvm_amd: LBR virtualization supported
[    0.686169] Initialise system trusted keyrings
[    0.687162] workingset: timestamp_bits=56 max_order=18 bucket_order=0
[    0.688478] squashfs: version 4.0 (2009/01/31) Phillip Lougher
[    0.689545] fuse: init (API version 7.40)
[    0.690449] 9p: Installing v9fs 9p2000 file system support
[    0.703914] Key type asymmetric registered
[    0.704521] Asymmetric key parser 'x509' registered
[    0.705284] Block layer SCSI generic (bsg) driver version 0.4 loaded (major 249)
[    0.706339] io scheduler mq-deadline registered
[    0.706948] io scheduler kyber registered
[    0.709135] input: Power Button as /devices/LNXSYSTM:00/LNXPWRBN:00/input/input0
[    0.710397] ACPI: button: Power Button [PWRF]
[    0.711120] Warning: Processor Platform Limit event detected, but not handled.
[    0.712110] Consider compiling CPUfreq support into your kernel.
[    1.638630] ACPI: \_SB_.LNKB: Enabled at IRQ 10
[    2.567987] ACPI: \_SB_.LNKC: Enabled at IRQ 11
[    3.487721] ACPI: \_SB_.LNKA: Enabled at IRQ 10
[    3.489841] Serial: 8250/16550 driver, 4 ports, IRQ sharing enabled
[    3.491396] 00:03: ttyS0 at I/O 0x3f8 (irq = 4, base_baud = 115200) is a 16550A
[    3.542282] Non-volatile memory driver v1.3
[    3.542877] Linux agpgart interface v0.103
[    3.543501] printk: legacy console [hvc0] enabled
[    3.543635] ACPI: bus type drm_connector registered
[    3.544163] printk: legacy bootconsole [earlyser0] disabled
          _      _                                    
   __   _(_)_ __| |_ _ __ ___   ___       _ __   __ _ 
   \ \ / / |  __| __|  _   _ \ / _ \_____|  _ \ / _  |
    \ V /| | |  | |_| | | | | |  __/_____| | | | (_| |
     \_/ |_|_|   \__|_| |_| |_|\___|     |_| |_|\__  |
                                                |___/ 
   kernel version: 6.9.0-virtme x86_64
   (CTRL+d to exit)

virtme-ng:/nipa-data/kernel# PS1='xx__-> '
xx__-> env
PWD=/nipa-data/kernel
nr_open=1048576
HOME=/root
TERM=xterm
SHLVL=2
XDG_RUNTIME_DIR=/run/user/0
PATH=/bin:/sbin:/usr/bin:/usr/sbin:/usr/local/bin
OLDPWD=/
_=/usr/bin/env
xx__-> 