No EFI environment detected.
early console in extract_kernel
input_data: 0x0000000004cbf2c4
input_len: 0x000000000188f9fc
output: 0x0000000001000000
output_len: 0x00000000054d9254
kernel_total_size: 0x0000000005030000
needed_size: 0x0000000005600000
trampoline_32bit: 0x000000000009d000
Physical KASLR using RDRAND RDTSC...
Virtual KASLR using RDRAND RDTSC...

Decompressing Linux... Parsing ELF... Performing relocations... done.
Booting the kernel (entry_offset: 0x0000000000000000).
[    0.000000] Linux version 6.11.0-rc1-virtme (root@a054225b0b08) (gcc (Ubuntu 13.2.0-23ubuntu4) 13.2.0, GNU ld (GNU Binutils for Ubuntu) 2.42) #1 SMP PREEMPT_DYNAMIC Fri Aug  2 18:27:40 UTC 2024
[    0.000000] Command line: virtme_hostname=virtme-ng nr_open=1048576 virtme_link_mods=/nipa-data/kernel/.virtme_mods/lib/modules/0.0.0 virtme_initmount0=nipa-data/kernel virtme_rw_overlay0=/etc virtme_rw_overlay1=/lib virtme_rw_overlay2=/home virtme_rw_overlay3=/opt virtme_rw_overlay4=/srv virtme_rw_overlay5=/usr virtme_rw_overlay6=/var console=hvc0 earlyprintk=serial,ttyS0,115200 virtme_console=ttyS0 psmouse.proto=exps TERM=xterm virtme_chdir=nipa-data/kernel virtme_root_user=1 rootfstype=9p rootflags=version=9p2000.L,trans=virtio,access=any raid=noautodetect ro init=/usr/lib/python3/dist-packages/virtme/guest/virtme-init
[    0.000000] x86/split lock detection: #DB: warning on user-space bus_locks
[    0.000000] BIOS-provided physical RAM map:
[    0.000000] BIOS-e820: [mem 0x0000000000000000-0x000000000009fbff] usable
[    0.000000] BIOS-e820: [mem 0x000000000009fc00-0x000000000009ffff] reserved
[    0.000000] BIOS-e820: [mem 0x00000000000f0000-0x00000000000fffff] reserved
[    0.000000] BIOS-e820: [mem 0x0000000000100000-0x000000003ffdffff] usable
[    0.000000] BIOS-e820: [mem 0x000000003ffe0000-0x000000003fffffff] reserved
[    0.000000] BIOS-e820: [mem 0x00000000feffc000-0x00000000feffffff] reserved
[    0.000000] BIOS-e820: [mem 0x00000000fffc0000-0x00000000ffffffff] reserved
[    0.000000] printk: legacy bootconsole [earlyser0] enabled
[    0.000000] NX (Execute Disable) protection: active
[    0.000000] APIC: Static calls initialized
[    0.000000] SMBIOS 3.0.0 present.
[    0.000000] DMI: QEMU Ubuntu 24.04 PC (i440FX + PIIX, 1996), BIOS 1.16.3-debian-1.16.3-2 04/01/2014
[    0.000000] DMI: Memory slots populated: 1/1
[    0.000000] Hypervisor detected: KVM
[    0.000000] kvm-clock: Using msrs 4b564d01 and 4b564d00
[    0.000001] kvm-clock: using sched offset of 1182708348 cycles
[    0.000781] clocksource: kvm-clock: mask: 0xffffffffffffffff max_cycles: 0x1cd42e4dffb, max_idle_ns: 881590591483 ns
[    0.003137] tsc: Detected 2000.000 MHz processor
[    0.004401] last_pfn = 0x3ffe0 max_arch_pfn = 0x10000000000
[    0.005268] MTRR map: 4 entries (3 fixed + 1 variable; max 19), built from 8 variable MTRRs
[    0.006473] x86/PAT: Configuration [0-7]: WB  WC  UC- UC  WB  WP  UC- WT  
[    0.013986] found SMP MP-table at [mem 0x000f5470-0x000f547f]
[    0.014832] Using GB pages for direct mapping
[    0.015740] ACPI: Early table checksum verification disabled
[    0.016565] ACPI: RSDP 0x00000000000F5290 000014 (v00 BOCHS )
[    0.017408] ACPI: RSDT 0x000000003FFE308E 000034 (v01 BOCHS  BXPC     00000001 BXPC 00000001)
[    0.018647] ACPI: FACP 0x000000003FFE2D8A 000074 (v01 BOCHS  BXPC     00000001 BXPC 00000001)
[    0.019891] ACPI: DSDT 0x000000003FFE0040 002D4A (v01 BOCHS  BXPC     00000001 BXPC 00000001)
[    0.021141] ACPI: FACS 0x000000003FFE0000 000040
[    0.021840] ACPI: APIC 0x000000003FFE2DFE 000230 (v03 BOCHS  BXPC     00000001 BXPC 00000001)
[    0.023073] ACPI: HPET 0x000000003FFE302E 000038 (v01 BOCHS  BXPC     00000001 BXPC 00000001)
[    0.024338] ACPI: WAET 0x000000003FFE3066 000028 (v01 BOCHS  BXPC     00000001 BXPC 00000001)
[    0.025575] ACPI: Reserving FACP table memory at [mem 0x3ffe2d8a-0x3ffe2dfd]
[    0.026592] ACPI: Reserving DSDT table memory at [mem 0x3ffe0040-0x3ffe2d89]
[    0.027608] ACPI: Reserving FACS table memory at [mem 0x3ffe0000-0x3ffe003f]
[    0.028631] ACPI: Reserving APIC table memory at [mem 0x3ffe2dfe-0x3ffe302d]
[    0.029654] ACPI: Reserving HPET table memory at [mem 0x3ffe302e-0x3ffe3065]
[    0.030669] ACPI: Reserving WAET table memory at [mem 0x3ffe3066-0x3ffe308d]
[    0.032189] No NUMA configuration found
[    0.032748] Faking a node at [mem 0x0000000000000000-0x000000003ffdffff]
[    0.033717] NODE_DATA(0) allocated [mem 0x3ffdb000-0x3ffdffff]
[    0.034717] Zone ranges:
[    0.035083]   DMA      [mem 0x0000000000001000-0x0000000000ffffff]
[    0.035976]   DMA32    [mem 0x0000000001000000-0x000000003ffdffff]
[    0.036872]   Normal   empty
[    0.037290]   Device   empty
[    0.037707] Movable zone start for each node
[    0.038323] Early memory node ranges
[    0.038846]   node   0: [mem 0x0000000000001000-0x000000000009efff]
[    0.039753]   node   0: [mem 0x0000000000100000-0x000000003ffdffff]
[    0.040667] Initmem setup node 0 [mem 0x0000000000001000-0x000000003ffdffff]
[    0.041718] On node 0, zone DMA: 1 pages in unavailable ranges
[    0.042661] On node 0, zone DMA: 97 pages in unavailable ranges
[    0.052180] On node 0, zone DMA32: 32 pages in unavailable ranges
[    0.085705] kasan: KernelAddressSanitizer initialized
[    0.086986] ACPI: PM-Timer IO Port: 0x608
[    0.087597] ACPI: LAPIC_NMI (acpi_id[0xff] dfl dfl lint[0x1])
[    0.088486] IOAPIC[0]: apic_id 0, version 17, address 0xfec00000, GSI 0-23
[    0.089495] ACPI: INT_SRC_OVR (bus 0 bus_irq 0 global_irq 2 dfl dfl)
[    0.090412] ACPI: INT_SRC_OVR (bus 0 bus_irq 5 global_irq 5 high level)
[    0.091369] ACPI: INT_SRC_OVR (bus 0 bus_irq 9 global_irq 9 high level)
[    0.092321] ACPI: INT_SRC_OVR (bus 0 bus_irq 10 global_irq 10 high level)
[    0.093305] ACPI: INT_SRC_OVR (bus 0 bus_irq 11 global_irq 11 high level)
[    0.094288] ACPI: Using ACPI (MADT) for SMP configuration information
[    0.095217] ACPI: HPET id: 0x8086a201 base: 0xfed00000
[    0.095964] TSC deadline timer available
[    0.096538] CPU topo: Max. logical packages:   1
[    0.097206] CPU topo: Max. logical dies:       1
[    0.097872] CPU topo: Max. dies per package:   1
[    0.098540] CPU topo: Max. threads per core:   1
[    0.099207] CPU topo: Num. cores per package:    56
[    0.099911] CPU topo: Num. threads per package:  56
[    0.100699] CPU topo: Allowing 56 present CPUs plus 0 hotplug CPUs
[    0.101621] kvm-guest: APIC: eoi() replaced with kvm_guest_apic_eoi_write()
[    0.102646] kvm-guest: KVM setup pv remote TLB flush
[    0.103367] kvm-guest: setup PV sched yield
[    0.103980] PM: hibernation: Registered nosave memory: [mem 0x00000000-0x00000fff]
[    0.105080] PM: hibernation: Registered nosave memory: [mem 0x0009f000-0x0009ffff]
[    0.106175] PM: hibernation: Registered nosave memory: [mem 0x000a0000-0x000effff]
[    0.107264] PM: hibernation: Registered nosave memory: [mem 0x000f0000-0x000fffff]
[    0.108355] [mem 0x40000000-0xfeffbfff] available for PCI devices
[    0.109245] Booting paravirtualized kernel on KVM
[    0.109931] clocksource: refined-jiffies: mask: 0xffffffff max_cycles: 0xffffffff, max_idle_ns: 1910969940391419 ns
[    0.132678] setup_percpu: NR_CPUS:64 nr_cpumask_bits:56 nr_cpu_ids:56 nr_node_ids:1
[    0.143045] percpu: Embedded 70 pages/cpu s248408 r8192 d30120 u524288
[    0.144214] Kernel command line: virtme_hostname=virtme-ng nr_open=1048576 virtme_link_mods=/nipa-data/kernel/.virtme_mods/lib/modules/0.0.0 virtme_initmount0=nipa-data/kernel virtme_rw_overlay0=/etc virtme_rw_overlay1=/lib virtme_rw_overlay2=/home virtme_rw_overlay3=/opt virtme_rw_overlay4=/srv virtme_rw_overlay5=/usr virtme_rw_overlay6=/var console=hvc0 earlyprintk=serial,ttyS0,115200 virtme_console=ttyS0 psmouse.proto=exps TERM=xterm virtme_chdir=nipa-data/kernel virtme_root_user=1 rootfstype=9p rootflags=version=9p2000.L,trans=virtio,access=any raid=noautodetect ro init=/usr/lib/python3/dist-packages/virtme/guest/virtme-init
[    0.152709] Unknown kernel command line parameters "virtme_hostname=virtme-ng nr_open=1048576 virtme_link_mods=/nipa-data/kernel/.virtme_mods/lib/modules/0.0.0 virtme_initmount0=nipa-data/kernel virtme_rw_overlay0=/etc virtme_rw_overlay1=/lib virtme_rw_overlay2=/home virtme_rw_overlay3=/opt virtme_rw_overlay4=/srv virtme_rw_overlay5=/usr virtme_rw_overlay6=/var virtme_console=ttyS0 virtme_chdir=nipa-data/kernel virtme_root_user=1", will be passed to user space.
[    0.158720] random: crng init done
[    0.159245] printk: log_buf_len individual max cpu contribution: 4096 bytes
[    0.160281] printk: log_buf_len total cpu_extra contributions: 225280 bytes
[    0.161303] printk: log_buf_len min size: 262144 bytes
[    0.162871] printk: log_buf_len: 524288 bytes
[    0.163562] printk: early log buf free: 253864(96%)
[    0.164755] Dentry cache hash table entries: 131072 (order: 8, 1048576 bytes, linear)
[    0.165978] Inode-cache hash table entries: 65536 (order: 7, 524288 bytes, linear)
[    0.169764] Fallback order for Node 0: 0 
[    0.169780] Built 1 zonelists, mobility grouping on.  Total pages: 262014
[    0.171329] Policy zone: DMA32
[    0.171756] mem auto-init: stack:all(zero), heap alloc:off, heap free:off
[    0.172710] stackdepot: allocating hash table via alloc_large_system_hash
[    0.173672] stackdepot hash table entries: 1048576 (order: 12, 16777216 bytes, linear)
[    0.198134] SLUB: HWalign=64, Order=0-3, MinObjects=0, CPUs=56, Nodes=1
Poking KASLR using RDRAND RDTSC...
[    0.199675] ftrace: allocating 48350 entries in 189 pages
[    0.219244] ftrace: allocated 189 pages with 6 groups
[    0.221882] Dynamic Preempt: voluntary
[    0.224451] rcu: Preemptible hierarchical RCU implementation.
[    0.225261] rcu: RCU event tracing is enabled.
[    0.225892] rcu: RCU restricting CPUs from NR_CPUS=64 to nr_cpu_ids=56.
[    0.226823] Trampoline variant of Tasks RCU enabled.
[    0.227523] Rude variant of Tasks RCU enabled.
[    0.228151] Tracing variant of Tasks RCU enabled.
[    0.228820] rcu: RCU calculated value of scheduler-enlistment delay is 100 jiffies.
[    0.229882] rcu: Adjusting geometry for rcu_fanout_leaf=16, nr_cpu_ids=56
[    0.231136] RCU Tasks: Setting shift to 6 and lim to 1 rcu_task_cb_adjust=1.
[    0.232135] RCU Tasks Rude: Setting shift to 6 and lim to 1 rcu_task_cb_adjust=1.
[    0.233182] RCU Tasks Trace: Setting shift to 6 and lim to 1 rcu_task_cb_adjust=1.
[    0.254460] NR_IRQS: 4352, nr_irqs: 872, preallocated irqs: 16
[    0.255811] rcu: srcu_init: Setting srcu_struct sizes based on contention.
[    0.257251] Console: colour *CGA 80x25
[    0.257885] ACPI: Core revision 20240322
[    0.258792] clocksource: hpet: mask: 0xffffffff max_cycles: 0xffffffff, max_idle_ns: 19112604467 ns
[    0.260191] APIC: Switch to symmetric I/O mode setup
[    0.261079] APIC: Switched APIC routing to: physical flat
[    0.262191] kvm-guest: APIC: send_IPI_mask() replaced with kvm_send_ipi_mask()
[    0.263282] kvm-guest: APIC: send_IPI_mask_allbutself() replaced with kvm_send_ipi_mask_allbutself()
[    0.264595] kvm-guest: setup PV IPIs
[    0.266792] ..TIMER: vector=0x30 apic1=0 pin1=2 apic2=-1 pin2=-1
[    0.268123] clocksource: tsc-early: mask: 0xffffffffffffffff max_cycles: 0x39a85c9bff6, max_idle_ns: 881590591483 ns
[    0.270535] Calibrating delay loop (skipped) preset value.. 4000.00 BogoMIPS (lpj=2000000)
[    0.271761] x86/cpu: User Mode Instruction Prevention (UMIP) activated
[    0.272671] Last level iTLB entries: 4KB 0, 2MB 0, 4MB 0
[    0.273529] Last level dTLB entries: 4KB 0, 2MB 0, 4MB 0, 1GB 0
[    0.274551] Spectre V1 : Mitigation: usercopy/swapgs barriers and __user pointer sanitization
[    0.275538] Spectre V2 : Spectre BHI mitigation: SW BHB clearing on syscall and VM exit
[    0.276529] Spectre V2 : Mitigation: Enhanced / Automatic IBRS
[    0.277529] Spectre V2 : Spectre v2 / SpectreRSB mitigation: Filling RSB on context switch
[    0.278538] Spectre V2 : Spectre v2 / PBRSB-eIBRS: Retire a single CALL on VMEXIT
[    0.279546] Spectre V2 : mitigation: Enabling conditional Indirect Branch Prediction Barrier
[    0.280542] Speculative Store Bypass: Mitigation: Speculative Store Bypass disabled via prctl
[    0.281539] TAA: Mitigation: TSX disabled
[    0.282619] x86/fpu: Supporting XSAVE feature 0x001: 'x87 floating point registers'
[    0.283537] x86/fpu: Supporting XSAVE feature 0x002: 'SSE registers'
[    0.284537] x86/fpu: Supporting XSAVE feature 0x004: 'AVX registers'
[    0.285532] x86/fpu: Supporting XSAVE feature 0x020: 'AVX-512 opmask'
[    0.286537] x86/fpu: Supporting XSAVE feature 0x040: 'AVX-512 Hi256'
[    0.287532] x86/fpu: Supporting XSAVE feature 0x080: 'AVX-512 ZMM_Hi256'
[    0.288538] x86/fpu: Supporting XSAVE feature 0x200: 'Protection Keys User registers'
[    0.289532] x86/fpu: Supporting XSAVE feature 0x20000: 'AMX Tile config'
[    0.290537] x86/fpu: Supporting XSAVE feature 0x40000: 'AMX Tile data'
[    0.291533] x86/fpu: xstate_offset[2]:  576, xstate_sizes[2]:  256
[    0.292537] x86/fpu: xstate_offset[5]:  832, xstate_sizes[5]:   64
[    0.293537] x86/fpu: xstate_offset[6]:  896, xstate_sizes[6]:  512
[    0.294538] x86/fpu: xstate_offset[7]: 1408, xstate_sizes[7]: 1024
[    0.295538] x86/fpu: xstate_offset[9]: 2432, xstate_sizes[9]:    8
[    0.296537] x86/fpu: xstate_offset[17]: 2496, xstate_sizes[17]:   64
[    0.297532] x86/fpu: xstate_offset[18]: 2560, xstate_sizes[18]: 8192
[    0.298537] x86/fpu: Enabled xstate features 0x602e7, context size is 10752 bytes, using 'compacted' format.
[    0.343290] Freeing SMP alternatives memory: 40K
[    0.343532] pid_max: default: 57344 minimum: 448
[    0.344840] Mount-cache hash table entries: 2048 (order: 2, 16384 bytes, linear)
[    0.345543] Mountpoint-cache hash table entries: 2048 (order: 2, 16384 bytes, linear)
[    0.348097] smpboot: CPU0: Intel(R) Xeon(R) Platinum 8480+ (family: 0x6, model: 0x8f, stepping: 0x6)
[    0.349317] Performance Events: PEBS fmt0-, Sapphire Rapids events, full-width counters, Intel PMU driver.
[    0.349536] ... version:                2
[    0.350352] ... bit width:              48
[    0.350531] ... generic registers:      8
[    0.351337] ... value mask:             0000ffffffffffff
[    0.351531] ... max period:             00007fffffffffff
[    0.352531] ... fixed-purpose events:   3
[    0.353336] ... event mask:             00000007000000ff
[    0.353866] signal: max sigframe size: 11952
[    0.354600] rcu: Hierarchical SRCU implementation.
[    0.355531] rcu: Max phase no-delay instances is 400.
[    0.356642] Timer migration: 2 hierarchy levels; 8 children per group; 2 crossnode level
[    0.360191] smp: Bringing up secondary CPUs ...
[    0.360825] smpboot: x86: Booting SMP configuration:
[    0.361535] .... node  #0, CPUs:        #1  #2  #3  #4  #5  #6  #7  #8  #9 #10 #11 #12 #13 #14 #15 #16 #17 #18 #19 #20 #21 #22 #23 #24 #25 #26 #27 #28 #29 #30 #31 #32 #33 #34 #35 #36 #37 #38 #39 #40 #41 #42 #43 #44 #45 #46 #47 #48 #49 #50 #51 #52 #53 #54 #55
[    0.425211] smp: Brought up 1 node, 56 CPUs
[    0.426394] smpboot: Total of 56 processors activated (224000.00 BogoMIPS)
[    0.441760] Memory: 742772K/1048056K available (45056K kernel code, 11284K rwdata, 9916K rodata, 5952K init, 1988K bss, 280388K reserved, 0K cma-reserved)
[    0.443107] devtmpfs: initialized
[    0.443792] x86/mm: Memory block size: 128MB
[    0.453942] clocksource: jiffies: mask: 0xffffffff max_cycles: 0xffffffff, max_idle_ns: 1911260446275000 ns
[    0.454554] futex hash table entries: 16384 (order: 8, 1048576 bytes, linear)
[    0.456533] PM: RTC time: 18:28:26, date: 2024-08-02
[    0.460455] NET: Registered PF_NETLINK/PF_ROUTE protocol family
[    0.461719] thermal_sys: Registered thermal governor 'step_wise'
[    0.461724] thermal_sys: Registered thermal governor 'user_space'
[    0.462605] cpuidle: using governor menu
[    0.465997] PCI: Using configuration type 1 for base access
[    0.466714] kprobes: kprobe jump-optimization is enabled. All kprobes are optimized if possible.
[    0.514001] HugeTLB: registered 1.00 GiB page size, pre-allocated 0 pages
[    0.515539] HugeTLB: 16380 KiB vmemmap can be freed for a 1.00 GiB page
[    0.517533] HugeTLB: registered 2.00 MiB page size, pre-allocated 0 pages
[    0.519531] HugeTLB: 28 KiB vmemmap can be freed for a 2.00 MiB page
[    0.522103] ACPI: Added _OSI(Module Device)
[    0.522532] ACPI: Added _OSI(Processor Device)
[    0.523532] ACPI: Added _OSI(3.0 _SCP Extensions)
[    0.524532] ACPI: Added _OSI(Processor Aggregator Device)
[    0.555871] ACPI: 1 ACPI AML tables successfully acquired and loaded
[    0.567093] ACPI: Interpreter enabled
[    0.567611] ACPI: PM: (supports S0 S3 S4 S5)
[    0.568519] ACPI: Using IOAPIC for interrupt routing
[    0.569610] PCI: Using host bridge windows from ACPI; if necessary, use "pci=nocrs" and report a bug
[    0.570533] PCI: Using E820 reservations for host bridge windows
[    0.572999] ACPI: Enabled 2 GPEs in block 00 to 0F
[    0.636953] ACPI: PCI Root Bridge [PCI0] (domain 0000 [bus 00-ff])
[    0.638550] acpi PNP0A03:00: _OSC: OS supports [ASPM ClockPM Segments MSI HPX-Type3]
[    0.639533] acpi PNP0A03:00: _OSC: not requesting OS control; OS requires [ExtendedConfig ASPM ClockPM MSI]
[    0.641665] acpi PNP0A03:00: fail to add MMCONFIG information, can't access extended configuration space under this bridge
[    0.643973] PCI host bridge to bus 0000:00
[    0.644596] pci_bus 0000:00: root bus resource [io  0x0000-0x0cf7 window]
[    0.646534] pci_bus 0000:00: root bus resource [io  0x0d00-0xffff window]
[    0.647534] pci_bus 0000:00: root bus resource [mem 0x000a0000-0x000bffff window]
[    0.648534] pci_bus 0000:00: root bus resource [mem 0x40000000-0xfebfffff window]
[    0.650534] pci_bus 0000:00: root bus resource [mem 0x100000000-0x17fffffff window]
[    0.651535] pci_bus 0000:00: root bus resource [bus 00-ff]
[    0.652604] pci 0000:00:00.0: [8086:1237] type 00 class 0x060000 conventional PCI endpoint
[    0.654784] pci 0000:00:01.0: [8086:7000] type 00 class 0x060100 conventional PCI endpoint
[    0.657881] pci 0000:00:01.1: [8086:7010] type 00 class 0x010180 conventional PCI endpoint
[    0.662888] pci 0000:00:01.1: BAR 4 [io  0xc0c0-0xc0cf]
[    0.664892] pci 0000:00:01.1: BAR 0 [io  0x01f0-0x01f7]: legacy IDE quirk
[    0.666532] pci 0000:00:01.1: BAR 1 [io  0x03f6]: legacy IDE quirk
[    0.667531] pci 0000:00:01.1: BAR 2 [io  0x0170-0x0177]: legacy IDE quirk
[    0.668531] pci 0000:00:01.1: BAR 3 [io  0x0376]: legacy IDE quirk
[    0.671527] pci 0000:00:01.3: [8086:7113] type 00 class 0x068000 conventional PCI endpoint
[    0.674147] pci 0000:00:01.3: quirk: [io  0x0600-0x063f] claimed by PIIX4 ACPI
[    0.675541] pci 0000:00:01.3: quirk: [io  0x0700-0x070f] claimed by PIIX4 SMB
[    0.677579] pci 0000:00:02.0: [1af4:1009] type 00 class 0x000200 conventional PCI endpoint
[    0.681252] pci 0000:00:02.0: BAR 0 [io  0xc000-0xc03f]
[    0.683535] pci 0000:00:02.0: BAR 1 [mem 0xfebfc000-0xfebfcfff]
[    0.689534] pci 0000:00:02.0: BAR 4 [mem 0xfebf0000-0xfebf3fff 64bit pref]
[    0.704881] pci 0000:00:03.0: [1af4:1009] type 00 class 0x000200 conventional PCI endpoint
[    0.706534] pci 0000:00:03.0: BAR 0 [io  0xc040-0xc07f]
[    0.709450] pci 0000:00:03.0: BAR 1 [mem 0xfebfd000-0xfebfdfff]
[    0.712536] pci 0000:00:03.0: BAR 4 [mem 0xfebf4000-0xfebf7fff 64bit pref]
[    0.726620] pci 0000:00:04.0: [8086:25ab] type 00 class 0x088000 conventional PCI endpoint
[    0.729164] pci 0000:00:04.0: BAR 0 [mem 0xfebfe000-0xfebfe00f]
[    0.743527] pci 0000:00:05.0: [1af4:1003] type 00 class 0x078000 conventional PCI endpoint
[    0.746524] pci 0000:00:05.0: BAR 0 [io  0xc080-0xc0bf]
[    0.748534] pci 0000:00:05.0: BAR 1 [mem 0xfebff000-0xfebfffff]
[    0.753535] pci 0000:00:05.0: BAR 4 [mem 0xfebf8000-0xfebfbfff 64bit pref]
[    0.770527] ACPI: PCI: Interrupt link LNKA configured for IRQ 10
[    0.773613] ACPI: PCI: Interrupt link LNKB configured for IRQ 10
[    0.775586] ACPI: PCI: Interrupt link LNKC configured for IRQ 11
[    0.777570] ACPI: PCI: Interrupt link LNKD configured for IRQ 11
[    0.778970] ACPI: PCI: Interrupt link LNKS configured for IRQ 9
[    0.811481] iommu: Default domain type: Translated
[    0.812532] iommu: DMA domain TLB invalidation policy: lazy mode
[    0.814123] SCSI subsystem initialized
[    0.814815] pps_core: LinuxPPS API ver. 1 registered
[    0.816534] pps_core: Software ver. 5.3.6 - Copyright 2005-2007 Rodolfo Giometti <giometti@linux.it>
[    0.817547] PTP clock support registered
[    0.819695] Advanced Linux Sound Architecture Driver Initialized.
[    0.823363] NET: Registered PF_ATMPVC protocol family
[    0.824532] NET: Registered PF_ATMSVC protocol family
[    0.825564] PCI: Using ACPI for IRQ routing
[    0.826703] vgaarb: loaded
[    0.827747] hpet0: at MMIO 0xfed00000, IRQs 2, 8, 0
[    0.828531] hpet0: 3 comparators, 64-bit 100.000000 MHz counter
[    0.833503] clocksource: Switched to clocksource kvm-clock
[    0.834515] VFS: Disk quotas dquot_6.6.0
[    0.835352] VFS: Dquot-cache hash table entries: 512 (order 0, 4096 bytes)
[    0.845586] pnp: PnP ACPI init
[    0.849088] pnp: PnP ACPI: found 5 devices
[    0.878968] clocksource: acpi_pm: mask: 0xffffff max_cycles: 0xffffff, max_idle_ns: 2085701024 ns
[    0.880958] NET: Registered PF_INET protocol family
[    0.882059] IP idents hash table entries: 16384 (order: 5, 131072 bytes, linear)
[    0.884357] tcp_listen_portaddr_hash hash table entries: 512 (order: 1, 8192 bytes, linear)
[    0.886081] Table-perturb hash table entries: 65536 (order: 6, 262144 bytes, linear)
[    0.887699] TCP established hash table entries: 8192 (order: 4, 65536 bytes, linear)
[    0.889313] TCP bind hash table entries: 8192 (order: 6, 262144 bytes, linear)
[    0.890803] TCP: Hash tables configured (established 8192 bind 8192)
[    0.892462] UDP hash table entries: 512 (order: 2, 16384 bytes, linear)
[    0.893819] UDP-Lite hash table entries: 512 (order: 2, 16384 bytes, linear)
[    0.895680] NET: Registered PF_UNIX/PF_LOCAL protocol family
[    0.896890] pci_bus 0000:00: resource 4 [io  0x0000-0x0cf7 window]
[    0.898158] pci_bus 0000:00: resource 5 [io  0x0d00-0xffff window]
[    0.899423] pci_bus 0000:00: resource 6 [mem 0x000a0000-0x000bffff window]
[    0.900842] pci_bus 0000:00: resource 7 [mem 0x40000000-0xfebfffff window]
[    0.902245] pci_bus 0000:00: resource 8 [mem 0x100000000-0x17fffffff window]
[    0.903941] pci 0000:00:01.0: PIIX3: Enabling Passive Release
[    0.905131] pci 0000:00:00.0: Limiting direct PCI/PCI transfers
[    0.906444] PCI: CLS 0 bytes, default 64
[    0.925286] RAPL PMU: API unit is 2^-32 Joules, 1 fixed counters, 10737418240 ms ovfl timer
[    0.927248] RAPL PMU: hw unit of domain psys 2^-0 Joules
[    1.160666] kvm_amd: CPU 41 isn't AMD or Hygon
[    1.161785] clocksource: tsc: mask: 0xffffffffffffffff max_cycles: 0x39a85c9bff6, max_idle_ns: 881590591483 ns
[    1.322556] Initialise system trusted keyrings
[    1.324223] workingset: timestamp_bits=56 max_order=18 bucket_order=0
[    1.325756] squashfs: version 4.0 (2009/01/31) Phillip Lougher
[    1.326977] fuse: init (API version 7.40)
[    1.328102] 9p: Installing v9fs 9p2000 file system support
[    1.347993] Key type asymmetric registered
[    1.348831] Asymmetric key parser 'x509' registered
[    1.349892] Block layer SCSI generic (bsg) driver version 0.4 loaded (major 249)
[    1.351427] io scheduler mq-deadline registered
[    1.352349] io scheduler kyber registered
[    1.372201] input: Power Button as /devices/LNXSYSTM:00/LNXPWRBN:00/input/input0
[    1.374214] ACPI: button: Power Button [PWRF]
[    1.378237] Warning: Processor Platform Limit event detected, but not handled.
[    1.380925] Consider compiling CPUfreq support into your kernel.
[    2.300978] ACPI: \_SB_.LNKB: Enabled at IRQ 10
[    3.182018] ACPI: \_SB_.LNKC: Enabled at IRQ 11
[    3.963624] ACPI: \_SB_.LNKA: Enabled at IRQ 10
[    3.965531] Serial: 8250/16550 driver, 4 ports, IRQ sharing enabled
[    3.966625] 00:03: ttyS0 at I/O 0x3f8 (irq = 4, base_baud = 115200) is a 16550A
[    3.993848] Non-volatile memory driver v1.3
[    3.994352] Linux agpgart interface v0.103
[    3.994982] ACPI: bus type drm_connector registered
[    3.998349] printk: legacy console [hvc0] enabled
[    4.000173] printk: legacy bootconsole [earlyser0] disabled
          _      _                                    
   __   _(_)_ __| |_ _ __ ___   ___       _ __   __ _ 
   \ \ / / |  __| __|  _   _ \ / _ \_____|  _ \ / _  |
    \ V /| | |  | |_| | | | | |  __/_____| | | | (_| |
     \_/ |_|_|   \__|_| |_| |_|\___|     |_| |_|\__  |
                                                |___/ 
   kernel version: 6.11.0-rc1-virtme x86_64
   (CTRL+d to exit)

root@virtme-ng:/nipa-data/kernel# PS1='xx__-> '
xx__-> env
PWD=/nipa-data/kernel
nr_open=1048576
HOME=/
TERM=xterm
SHLVL=2
XDG_RUNTIME_DIR=/run/user/0
PATH=/bin:/sbin:/usr/bin:/usr/sbin:/usr/local/bin
OLDPWD=/
_=/bin/env
xx__-> 