No EFI environment detected.
early console in extract_kernel
input_data: 0x0000000004ab92b9
input_len: 0x000000000181bd6a
output: 0x0000000001000000
output_len: 0x0000000005261a34
kernel_total_size: 0x0000000004e30000
needed_size: 0x0000000005400000
trampoline_32bit: 0x0000000000000000
Physical KASLR using RDRAND RDTSC...
Virtual KASLR using RDRAND RDTSC...

Decompressing Linux... Parsing ELF... Performing relocations... done.
Booting the kernel (entry_offset: 0x0000000000000000).
[    0.000000] Linux version 6.9.0-rc1-virtme (root@01d4255c3b6d) (gcc (Alpine 13.2.1_git20240309) 13.2.1 20240309, GNU ld (GNU Binutils) 2.42) #1 SMP PREEMPT_DYNAMIC Wed Apr  3 21:26:34 UTC 2024
[    0.000000] Command line: virtme_hostname=virtme-ng nr_open=1048576 virtme_link_mods=/nipa-data/kernel/.virtme_mods/lib/modules/0.0.0 virtme_initmount0=nipa-data/kernel virtme_rw_overlay0=/etc virtme_rw_overlay1=/lib virtme_rw_overlay2=/home virtme_rw_overlay3=/opt virtme_rw_overlay4=/srv virtme_rw_overlay5=/usr virtme_rw_overlay6=/var console=hvc0 earlyprintk=serial,ttyS0,115200 virtme_console=ttyS0 psmouse.proto=exps TERM=xterm virtme_chdir=nipa-data/kernel virtme_root_user=1 rootfstype=9p rootflags=version=9p2000.L,trans=virtio,access=any raid=noautodetect ro init=/usr/lib/python3.11/site-packages/virtme/guest/virtme-init
[    0.000000] BIOS-provided physical RAM map:
[    0.000000] BIOS-e820: [mem 0x0000000000000000-0x000000000009fbff] usable
[    0.000000] BIOS-e820: [mem 0x000000000009fc00-0x000000000009ffff] reserved
[    0.000000] BIOS-e820: [mem 0x00000000000f0000-0x00000000000fffff] reserved
[    0.000000] BIOS-e820: [mem 0x0000000000100000-0x000000003ffdffff] usable
[    0.000000] BIOS-e820: [mem 0x000000003ffe0000-0x000000003fffffff] reserved
[    0.000000] BIOS-e820: [mem 0x00000000feffc000-0x00000000feffffff] reserved
[    0.000000] BIOS-e820: [mem 0x00000000fffc0000-0x00000000ffffffff] reserved
[    0.000000] BIOS-e820: [mem 0x000000fd00000000-0x000000ffffffffff] reserved
[    0.000000] printk: legacy bootconsole [earlyser0] enabled
[    0.000000] NX (Execute Disable) protection: active
[    0.000000] APIC: Static calls initialized
[    0.000000] SMBIOS 3.0.0 present.
[    0.000000] DMI: QEMU Standard PC (i440FX + PIIX, 1996), BIOS rel-1.16.3-0-ga6ed6b701f0a-prebuilt.qemu.org 04/01/2014
[    0.000000] Hypervisor detected: KVM
[    0.000000] kvm-clock: Using msrs 4b564d01 and 4b564d00
[    0.000000] kvm-clock: using sched offset of 330258177 cycles
[    0.000390] clocksource: kvm-clock: mask: 0xffffffffffffffff max_cycles: 0x1cd42e4dffb, max_idle_ns: 881590591483 ns
[    0.001625] tsc: Detected 4491.536 MHz processor
[    0.002351] last_pfn = 0x3ffe0 max_arch_pfn = 0x400000000
[    0.002782] MTRR map: 4 entries (3 fixed + 1 variable; max 19), built from 8 variable MTRRs
[    0.003423] x86/PAT: Configuration [0-7]: WB  WC  UC- UC  WB  WP  UC- WT  
[    0.005506] found SMP MP-table at [mem 0x000f5470-0x000f547f]
[    0.005955] Using GB pages for direct mapping
[    0.006449] ACPI: Early table checksum verification disabled
[    0.006876] ACPI: RSDP 0x00000000000F5290 000014 (v00 BOCHS )
[    0.007322] ACPI: RSDT 0x000000003FFE27BC 000034 (v01 BOCHS  BXPC     00000001 BXPC 00000001)
[    0.007969] ACPI: FACP 0x000000003FFE2578 000074 (v01 BOCHS  BXPC     00000001 BXPC 00000001)
[    0.008620] ACPI: DSDT 0x000000003FFE0040 002538 (v01 BOCHS  BXPC     00000001 BXPC 00000001)
[    0.009277] ACPI: FACS 0x000000003FFE0000 000040
[    0.009626] ACPI: APIC 0x000000003FFE25EC 000170 (v03 BOCHS  BXPC     00000001 BXPC 00000001)
[    0.010290] ACPI: HPET 0x000000003FFE275C 000038 (v01 BOCHS  BXPC     00000001 BXPC 00000001)
[    0.010933] ACPI: WAET 0x000000003FFE2794 000028 (v01 BOCHS  BXPC     00000001 BXPC 00000001)
[    0.011586] ACPI: Reserving FACP table memory at [mem 0x3ffe2578-0x3ffe25eb]
[    0.012128] ACPI: Reserving DSDT table memory at [mem 0x3ffe0040-0x3ffe2577]
[    0.012656] ACPI: Reserving FACS table memory at [mem 0x3ffe0000-0x3ffe003f]
[    0.013199] ACPI: Reserving APIC table memory at [mem 0x3ffe25ec-0x3ffe275b]
[    0.013728] ACPI: Reserving HPET table memory at [mem 0x3ffe275c-0x3ffe2793]
[    0.014267] ACPI: Reserving WAET table memory at [mem 0x3ffe2794-0x3ffe27bb]
[    0.015026] No NUMA configuration found
[    0.015315] Faking a node at [mem 0x0000000000000000-0x000000003ffdffff]
[    0.015818] NODE_DATA(0) allocated [mem 0x3ffdb000-0x3ffdffff]
[    0.016284] Zone ranges:
[    0.016474]   DMA      [mem 0x0000000000001000-0x0000000000ffffff]
[    0.016941]   DMA32    [mem 0x0000000001000000-0x000000003ffdffff]
[    0.017418]   Normal   empty
[    0.017634]   Device   empty
[    0.017850] Movable zone start for each node
[    0.018183] Early memory node ranges
[    0.018450]   node   0: [mem 0x0000000000001000-0x000000000009efff]
[    0.018919]   node   0: [mem 0x0000000000100000-0x000000003ffdffff]
[    0.019403] Initmem setup node 0 [mem 0x0000000000001000-0x000000003ffdffff]
[    0.019931] On node 0, zone DMA: 1 pages in unavailable ranges
[    0.020434] On node 0, zone DMA: 97 pages in unavailable ranges
[    0.025151] On node 0, zone DMA32: 32 pages in unavailable ranges
[    0.035593] kasan: KernelAddressSanitizer initialized
[    0.036336] ACPI: PM-Timer IO Port: 0x608
[    0.036706] ACPI: LAPIC_NMI (acpi_id[0xff] dfl dfl lint[0x1])
[    0.037255] IOAPIC[0]: apic_id 0, version 17, address 0xfec00000, GSI 0-23
[    0.037868] ACPI: INT_SRC_OVR (bus 0 bus_irq 0 global_irq 2 dfl dfl)
[    0.038437] ACPI: INT_SRC_OVR (bus 0 bus_irq 5 global_irq 5 high level)
[    0.039029] ACPI: INT_SRC_OVR (bus 0 bus_irq 9 global_irq 9 high level)
[    0.039617] ACPI: INT_SRC_OVR (bus 0 bus_irq 10 global_irq 10 high level)
[    0.040223] ACPI: INT_SRC_OVR (bus 0 bus_irq 11 global_irq 11 high level)
[    0.040831] ACPI: Using ACPI (MADT) for SMP configuration information
[    0.041421] ACPI: HPET id: 0x8086a201 base: 0xfed00000
[    0.041885] TSC deadline timer available
[    0.042240] CPU topo: Max. logical packages:   1
[    0.042653] CPU topo: Max. logical dies:       1
[    0.043067] CPU topo: Max. dies per package:   1
[    0.043482] CPU topo: Max. threads per core:  32
[    0.043895] CPU topo: Num. cores per package:     1
[    0.044336] CPU topo: Num. threads per package:  32
[    0.044769] CPU topo: Allowing 32 present CPUs plus 0 hotplug CPUs
[    0.045348] kvm-guest: APIC: eoi() replaced with kvm_guest_apic_eoi_write()
[    0.045986] kvm-guest: KVM setup pv remote TLB flush
[    0.046434] kvm-guest: setup PV sched yield
[    0.046813] PM: hibernation: Registered nosave memory: [mem 0x00000000-0x00000fff]
[    0.047492] PM: hibernation: Registered nosave memory: [mem 0x0009f000-0x0009ffff]
[    0.048167] PM: hibernation: Registered nosave memory: [mem 0x000a0000-0x000effff]
[    0.048841] PM: hibernation: Registered nosave memory: [mem 0x000f0000-0x000fffff]
[    0.049525] [mem 0x40000000-0xfeffbfff] available for PCI devices
[    0.050072] Booting paravirtualized kernel on KVM
[    0.050491] clocksource: refined-jiffies: mask: 0xffffffff max_cycles: 0xffffffff, max_idle_ns: 1910969940391419 ns
[    0.060061] setup_percpu: NR_CPUS:64 nr_cpumask_bits:32 nr_cpu_ids:32 nr_node_ids:1
[    0.061909] percpu: Embedded 70 pages/cpu s248680 r8192 d29848 u524288
[    0.062468] Kernel command line: virtme_hostname=virtme-ng nr_open=1048576 virtme_link_mods=/nipa-data/kernel/.virtme_mods/lib/modules/0.0.0 virtme_initmount0=nipa-data/kernel virtme_rw_overlay0=/etc virtme_rw_overlay1=/lib virtme_rw_overlay2=/home virtme_rw_overlay3=/opt virtme_rw_overlay4=/srv virtme_rw_overlay5=/usr virtme_rw_overlay6=/var console=hvc0 earlyprintk=serial,ttyS0,115200 virtme_console=ttyS0 psmouse.proto=exps TERM=xterm virtme_chdir=nipa-data/kernel virtme_root_user=1 rootfstype=9p rootflags=version=9p2000.L,trans=virtio,access=any raid=noautodetect ro init=/usr/lib/python3.11/site-packages/virtme/guest/virtme-init
[    0.066940] Unknown kernel command line parameters "virtme_hostname=virtme-ng nr_open=1048576 virtme_link_mods=/nipa-data/kernel/.virtme_mods/lib/modules/0.0.0 virtme_initmount0=nipa-data/kernel virtme_rw_overlay0=/etc virtme_rw_overlay1=/lib virtme_rw_overlay2=/home virtme_rw_overlay3=/opt virtme_rw_overlay4=/srv virtme_rw_overlay5=/usr virtme_rw_overlay6=/var virtme_console=ttyS0 virtme_chdir=nipa-data/kernel virtme_root_user=1", will be passed to user space.
[    0.070324] random: crng init done
[    0.070618] Dentry cache hash table entries: 131072 (order: 8, 1048576 bytes, linear)
[    0.071254] Inode-cache hash table entries: 65536 (order: 7, 524288 bytes, linear)
[    0.072287] Fallback order for Node 0: 0 
[    0.072292] Built 1 zonelists, mobility grouping on.  Total pages: 257760
[    0.073134] Policy zone: DMA32
[    0.073369] mem auto-init: stack:all(zero), heap alloc:off, heap free:off
[    0.073888] stackdepot: allocating hash table via alloc_large_system_hash
[    0.074427] stackdepot hash table entries: 1048576 (order: 12, 16777216 bytes, linear)
[    0.082413] Memory: 781056K/1048056K available (43008K kernel code, 11115K rwdata, 9732K rodata, 5832K init, 2420K bss, 266744K reserved, 0K cma-reserved)
[    0.083669] SLUB: HWalign=64, Order=0-3, MinObjects=0, CPUs=32, Nodes=1
Poking KASLR using RDRAND RDTSC...
[    0.084479] ftrace: allocating 47652 entries in 187 pages
[    0.093285] ftrace: allocated 187 pages with 6 groups
[    0.094517] Dynamic Preempt: voluntary
[    0.095288] rcu: Preemptible hierarchical RCU implementation.
[    0.095731] rcu: RCU event tracing is enabled.
[    0.096113] rcu: RCU restricting CPUs from NR_CPUS=64 to nr_cpu_ids=32.
[    0.096749] Trampoline variant of Tasks RCU enabled.
[    0.097233] Rude variant of Tasks RCU enabled.
[    0.097662] Tracing variant of Tasks RCU enabled.
[    0.098117] rcu: RCU calculated value of scheduler-enlistment delay is 100 jiffies.
[    0.098843] rcu: Adjusting geometry for rcu_fanout_leaf=16, nr_cpu_ids=32
[    0.099537] RCU Tasks: Setting shift to 5 and lim to 1 rcu_task_cb_adjust=1.
[    0.100212] RCU Tasks Rude: Setting shift to 5 and lim to 1 rcu_task_cb_adjust=1.
[    0.100958] RCU Tasks Trace: Setting shift to 5 and lim to 1 rcu_task_cb_adjust=1.
[    0.111775] NR_IRQS: 4352, nr_irqs: 680, preallocated irqs: 16
[    0.112638] rcu: srcu_init: Setting srcu_struct sizes based on contention.
[    0.113553] Console: colour *CGA 80x25
[    0.113946] ACPI: Core revision 20230628
[    0.114517] clocksource: hpet: mask: 0xffffffff max_cycles: 0xffffffff, max_idle_ns: 19112604467 ns
[    0.115471] APIC: Switch to symmetric I/O mode setup
[    0.115950] APIC: Switched APIC routing to: physical flat
[    0.116489] kvm-guest: APIC: send_IPI_mask() replaced with kvm_send_ipi_mask()
[    0.117184] kvm-guest: APIC: send_IPI_mask_allbutself() replaced with kvm_send_ipi_mask_allbutself()
[    0.118013] kvm-guest: setup PV IPIs
[    0.119411] ..TIMER: vector=0x30 apic1=0 pin1=2 apic2=-1 pin2=-1
[    0.120490] tsc: Marking TSC unstable due to TSCs unsynchronized
[    0.121552] Calibrating delay loop (skipped) preset value.. 8983.07 BogoMIPS (lpj=4491536)
[    0.122621] x86/cpu: User Mode Instruction Prevention (UMIP) activated
[    0.123622] Last level iTLB entries: 4KB 512, 2MB 255, 4MB 127
[    0.124548] Last level dTLB entries: 4KB 512, 2MB 255, 4MB 127, 1GB 0
[    0.125553] Spectre V1 : Mitigation: usercopy/swapgs barriers and __user pointer sanitization
[    0.126553] Spectre V2 : Mitigation: Enhanced / Automatic IBRS
[    0.127547] Spectre V2 : Spectre v2 / SpectreRSB mitigation: Filling RSB on context switch
[    0.128550] Spectre V2 : mitigation: Enabling conditional Indirect Branch Prediction Barrier
[    0.129547] Spectre V2 : User space: Mitigation: STIBP always-on protection
[    0.130550] Speculative Store Bypass: Mitigation: Speculative Store Bypass disabled via prctl
[    0.131548] Speculative Return Stack Overflow: IBPB-extending microcode not applied!
[    0.132547] Speculative Return Stack Overflow: WARNING: See https://kernel.org/doc/html/latest/admin-guide/hw-vuln/srso.html for mitigation options.
[    0.132549] Speculative Return Stack Overflow: Vulnerable: Safe RET, no microcode
[    0.134567] x86/fpu: Supporting XSAVE feature 0x001: 'x87 floating point registers'
[    0.135547] x86/fpu: Supporting XSAVE feature 0x002: 'SSE registers'
[    0.136547] x86/fpu: Supporting XSAVE feature 0x004: 'AVX registers'
[    0.137547] x86/fpu: Supporting XSAVE feature 0x020: 'AVX-512 opmask'
[    0.138547] x86/fpu: Supporting XSAVE feature 0x040: 'AVX-512 Hi256'
[    0.139547] x86/fpu: Supporting XSAVE feature 0x080: 'AVX-512 ZMM_Hi256'
[    0.140547] x86/fpu: Supporting XSAVE feature 0x200: 'Protection Keys User registers'
[    0.141548] x86/fpu: xstate_offset[2]:  576, xstate_sizes[2]:  256
[    0.142547] x86/fpu: xstate_offset[5]:  832, xstate_sizes[5]:   64
[    0.143547] x86/fpu: xstate_offset[6]:  896, xstate_sizes[6]:  512
[    0.144547] x86/fpu: xstate_offset[7]: 1408, xstate_sizes[7]: 1024
[    0.145547] x86/fpu: xstate_offset[9]: 2432, xstate_sizes[9]:    8
[    0.146547] x86/fpu: Enabled xstate features 0x2e7, context size is 2440 bytes, using 'compacted' format.
[    0.176550] Freeing SMP alternatives memory: 40K
[    0.177336] pid_max: default: 32768 minimum: 301
[    0.177738] Mount-cache hash table entries: 2048 (order: 2, 16384 bytes, linear)
[    0.178549] Mountpoint-cache hash table entries: 2048 (order: 2, 16384 bytes, linear)
[    0.180805] smpboot: CPU0: AMD Ryzen 9 7950X 16-Core Processor (family: 0x19, model: 0x61, stepping: 0x2)
[    0.182162] Performance Events: Fam17h+ core perfctr, AMD PMU driver.
[    0.182553] ... version:                0
[    0.183228] ... bit width:              48
[    0.183549] ... generic registers:      6
[    0.184228] ... value mask:             0000ffffffffffff
[    0.184549] ... max period:             00007fffffffffff
[    0.185445] ... fixed-purpose events:   0
[    0.185550] ... event mask:             000000000000003f
[    0.186621] signal: max sigframe size: 3376
[    0.187391] rcu: Hierarchical SRCU implementation.
[    0.187550] rcu: Max phase no-delay instances is 400.
[    0.194068] smp: Bringing up secondary CPUs ...
[    0.194794] smpboot: x86: Booting SMP configuration:
[    0.195551] .... node  #0, CPUs:        #1  #2  #3  #4  #5  #6  #7  #8  #9 #10 #11 #12 #13 #14 #15 #16 #17 #18 #19 #20 #21 #22 #23 #24 #25 #26 #27 #28 #29 #30 #31
[    0.206550] Spectre V2 : Update user space SMT mitigation: STIBP always-on
[    0.221732] smp: Brought up 1 node, 32 CPUs
[    0.222551] smpboot: Total of 32 processors activated (287458.30 BogoMIPS)
[    0.229727] devtmpfs: initialized
[    0.230573] x86/mm: Memory block size: 128MB
[    0.239785] clocksource: jiffies: mask: 0xffffffff max_cycles: 0xffffffff, max_idle_ns: 1911260446275000 ns
[    0.240557] futex hash table entries: 8192 (order: 7, 524288 bytes, linear)
[    0.242078] PM: RTC time: 21:27:16, date: 2024-04-03
[    0.243558] NET: Registered PF_NETLINK/PF_ROUTE protocol family
[    0.245658] thermal_sys: Registered thermal governor 'step_wise'
[    0.245661] thermal_sys: Registered thermal governor 'user_space'
[    0.246580] cpuidle: using governor menu
[    0.249836] PCI: Using configuration type 1 for base access
[    0.250550] PCI: Using configuration type 1 for extended access
[    0.251657] kprobes: kprobe jump-optimization is enabled. All kprobes are optimized if possible.
[    0.252752] HugeTLB: registered 1.00 GiB page size, pre-allocated 0 pages
[    0.253550] HugeTLB: 16380 KiB vmemmap can be freed for a 1.00 GiB page
[    0.254550] HugeTLB: registered 2.00 MiB page size, pre-allocated 0 pages
[    0.255549] HugeTLB: 28 KiB vmemmap can be freed for a 2.00 MiB page
[    0.256859] Demotion targets for Node 0: null
[    0.257969] ACPI: Added _OSI(Module Device)
[    0.258550] ACPI: Added _OSI(Processor Device)
[    0.259298] ACPI: Added _OSI(3.0 _SCP Extensions)
[    0.259550] ACPI: Added _OSI(Processor Aggregator Device)
[    0.293174] ACPI: 1 ACPI AML tables successfully acquired and loaded
[    0.296186] ACPI: _OSC evaluation for CPUs failed, trying _PDC
[    0.299691] ACPI: Interpreter enabled
[    0.300392] ACPI: PM: (supports S0 S3 S4 S5)
[    0.300550] ACPI: Using IOAPIC for interrupt routing
[    0.301447] PCI: Using host bridge windows from ACPI; if necessary, use "pci=nocrs" and report a bug
[    0.301549] PCI: Using E820 reservations for host bridge windows
[    0.304048] ACPI: Enabled 2 GPEs in block 00 to 0F
[    0.360380] ACPI: PCI Root Bridge [PCI0] (domain 0000 [bus 00-ff])
[    0.360563] acpi PNP0A03:00: _OSC: OS supports [ExtendedConfig ASPM ClockPM Segments MSI HPX-Type3]
[    0.362052] PCI host bridge to bus 0000:00
[    0.362552] pci_bus 0000:00: root bus resource [io  0x0000-0x0cf7 window]
[    0.363424] pci_bus 0000:00: root bus resource [io  0x0d00-0xffff window]
[    0.363551] pci_bus 0000:00: root bus resource [mem 0x000a0000-0x000bffff window]
[    0.364496] pci_bus 0000:00: root bus resource [mem 0x40000000-0xfebfffff window]
[    0.364551] pci_bus 0000:00: root bus resource [mem 0x100000000-0x17fffffff window]
[    0.365518] pci_bus 0000:00: root bus resource [bus 00-ff]
[    0.365693] pci 0000:00:00.0: [8086:1237] type 00 class 0x060000 conventional PCI endpoint
[    0.367404] pci 0000:00:01.0: [8086:7000] type 00 class 0x060100 conventional PCI endpoint
[    0.368445] pci 0000:00:01.1: [8086:7010] type 00 class 0x010180 conventional PCI endpoint
[    0.370550] pci 0000:00:01.1: BAR 4 [io  0xc0c0-0xc0cf]
[    0.372023] pci 0000:00:01.1: BAR 0 [io  0x01f0-0x01f7]: legacy IDE quirk
[    0.372549] pci 0000:00:01.1: BAR 1 [io  0x03f6]: legacy IDE quirk
[    0.373328] pci 0000:00:01.1: BAR 2 [io  0x0170-0x0177]: legacy IDE quirk
[    0.373549] pci 0000:00:01.1: BAR 3 [io  0x0376]: legacy IDE quirk
[    0.375002] pci 0000:00:01.3: [8086:7113] type 00 class 0x068000 conventional PCI endpoint
[    0.375809] pci 0000:00:01.3: quirk: [io  0x0600-0x063f] claimed by PIIX4 ACPI
[    0.376553] pci 0000:00:01.3: quirk: [io  0x0700-0x070f] claimed by PIIX4 SMB
[    0.378284] pci 0000:00:02.0: [1af4:1009] type 00 class 0x000200 conventional PCI endpoint
[    0.379549] pci 0000:00:02.0: BAR 0 [io  0xc000-0xc03f]
[    0.381201] pci 0000:00:02.0: BAR 1 [mem 0xfebfc000-0xfebfcfff]
[    0.384550] pci 0000:00:02.0: BAR 4 [mem 0xfebf0000-0xfebf3fff 64bit pref]
[    0.398048] pci 0000:00:03.0: [1af4:1009] type 00 class 0x000200 conventional PCI endpoint
[    0.399549] pci 0000:00:03.0: BAR 0 [io  0xc040-0xc07f]
[    0.401203] pci 0000:00:03.0: BAR 1 [mem 0xfebfd000-0xfebfdfff]
[    0.405213] pci 0000:00:03.0: BAR 4 [mem 0xfebf4000-0xfebf7fff 64bit pref]
[    0.418069] pci 0000:00:04.0: [8086:25ab] type 00 class 0x088000 conventional PCI endpoint
[    0.418890] pci 0000:00:04.0: BAR 0 [mem 0xfebfe000-0xfebfe00f]
[    0.433470] pci 0000:00:05.0: [1af4:1003] type 00 class 0x078000 conventional PCI endpoint
[    0.434549] pci 0000:00:05.0: BAR 0 [io  0xc080-0xc0bf]
[    0.436203] pci 0000:00:05.0: BAR 1 [mem 0xfebff000-0xfebfffff]
[    0.439549] pci 0000:00:05.0: BAR 4 [mem 0xfebf8000-0xfebfbfff 64bit pref]
[    0.455311] ACPI: PCI: Interrupt link LNKA configured for IRQ 10
[    0.456508] ACPI: PCI: Interrupt link LNKB configured for IRQ 10
[    0.457485] ACPI: PCI: Interrupt link LNKC configured for IRQ 11
[    0.458488] ACPI: PCI: Interrupt link LNKD configured for IRQ 11
[    0.458939] ACPI: PCI: Interrupt link LNKS configured for IRQ 9
[    0.478258] iommu: Default domain type: Translated
[    0.478549] iommu: DMA domain TLB invalidation policy: lazy mode
[    0.479783] SCSI subsystem initialized
[    0.480661] pps_core: LinuxPPS API ver. 1 registered
[    0.481305] pps_core: Software ver. 5.3.6 - Copyright 2005-2007 Rodolfo Giometti <giometti@linux.it>
[    0.481562] PTP clock support registered
[    0.482146] Advanced Linux Sound Architecture Driver Initialized.
[    0.483704] NET: Registered PF_ATMPVC protocol family
[    0.484360] NET: Registered PF_ATMSVC protocol family
[    0.484573] PCI: Using ACPI for IRQ routing
[    0.485253] vgaarb: loaded
[    0.485677] hpet0: at MMIO 0xfed00000, IRQs 2, 8, 0
[    0.486304] hpet0: 3 comparators, 64-bit 100.000000 MHz counter
[    0.490199] clocksource: Switched to clocksource kvm-clock
[    0.490886] VFS: Disk quotas dquot_6.6.0
[    0.491693] VFS: Dquot-cache hash table entries: 512 (order 0, 4096 bytes)
[    0.492771] pnp: PnP ACPI init
[    0.495580] pnp: PnP ACPI: found 5 devices
[    0.508041] clocksource: acpi_pm: mask: 0xffffff max_cycles: 0xffffff, max_idle_ns: 2085701024 ns
[    0.509274] NET: Registered PF_INET protocol family
[    0.510017] IP idents hash table entries: 16384 (order: 5, 131072 bytes, linear)
[    0.511349] tcp_listen_portaddr_hash hash table entries: 512 (order: 1, 8192 bytes, linear)
[    0.512420] Table-perturb hash table entries: 65536 (order: 6, 262144 bytes, linear)
[    0.513433] TCP established hash table entries: 8192 (order: 4, 65536 bytes, linear)
[    0.514425] TCP bind hash table entries: 8192 (order: 6, 262144 bytes, linear)
[    0.515351] TCP: Hash tables configured (established 8192 bind 8192)
[    0.516324] UDP hash table entries: 512 (order: 2, 16384 bytes, linear)
[    0.517178] UDP-Lite hash table entries: 512 (order: 2, 16384 bytes, linear)
[    0.518293] NET: Registered PF_UNIX/PF_LOCAL protocol family
[    0.519027] pci_bus 0000:00: resource 4 [io  0x0000-0x0cf7 window]
[    0.519814] pci_bus 0000:00: resource 5 [io  0x0d00-0xffff window]
[    0.520599] pci_bus 0000:00: resource 6 [mem 0x000a0000-0x000bffff window]
[    0.521477] pci_bus 0000:00: resource 7 [mem 0x40000000-0xfebfffff window]
[    0.522349] pci_bus 0000:00: resource 8 [mem 0x100000000-0x17fffffff window]
[    0.523443] pci 0000:00:01.0: PIIX3: Enabling Passive Release
[    0.524173] pci 0000:00:00.0: Limiting direct PCI/PCI transfers
[    0.524967] PCI: CLS 0 bytes, default 64
[    0.525531] kvm_intel: VMX not supported by CPU 0
[    0.526152] kvm_amd: TSC scaling supported
[    0.526674] kvm_amd: Nested Virtualization enabled
[    0.527280] kvm_amd: Nested Paging enabled
[    0.527813] kvm_amd: Virtual VMLOAD VMSAVE supported
[    0.528443] kvm_amd: Virtual GIF supported
[    0.528964] kvm_amd: Virtual NMI enabled
[    0.529462] kvm_amd: LBR virtualization supported
[    0.638566] Initialise system trusted keyrings
[    0.639307] workingset: timestamp_bits=56 max_order=18 bucket_order=0
[    0.640248] squashfs: version 4.0 (2009/01/31) Phillip Lougher
[    0.641007] fuse: init (API version 7.40)
[    0.641663] 9p: Installing v9fs 9p2000 file system support
[    0.651509] Key type asymmetric registered
[    0.652028] Asymmetric key parser 'x509' registered
[    0.652699] Block layer SCSI generic (bsg) driver version 0.4 loaded (major 249)
[    0.653672] io scheduler mq-deadline registered
[    0.654246] io scheduler kyber registered
[    0.656113] input: Power Button as /devices/LNXSYSTM:00/LNXPWRBN:00/input/input0
[    0.657396] ACPI: button: Power Button [PWRF]
[    0.658069] Warning: Processor Platform Limit event detected, but not handled.
[    0.658993] Consider compiling CPUfreq support into your kernel.
[    1.516985] ACPI: \_SB_.LNKB: Enabled at IRQ 10
[    2.358769] ACPI: \_SB_.LNKC: Enabled at IRQ 11
[    3.193243] ACPI: \_SB_.LNKA: Enabled at IRQ 10
[    3.194793] Serial: 8250/16550 driver, 4 ports, IRQ sharing enabled
[    3.195925] 00:03: ttyS0 at I/O 0x3f8 (irq = 4, base_baud = 115200) is a 16550A
[    3.230447] Non-volatile memory driver v1.3
[    3.230998] Linux agpgart interface v0.103
[    3.231732] ACPI: bus type drm_connector registered
[    3.232379] printk: legacy console [hvc0] enabled
[    3.233158] printk: legacy bootconsole [earlyser0] disabled
          _      _                                    
   __   _(_)_ __| |_ _ __ ___   ___       _ __   __ _ 
   \ \ / / |  __| __|  _   _ \ / _ \_____|  _ \ / _  |
    \ V /| | |  | |_| | | | | |  __/_____| | | | (_| |
     \_/ |_|_|   \__|_| |_| |_|\___|     |_| |_|\__  |
                                                |___/ 
   kernel version: 6.9.0-rc1-virtme x86_64
   (CTRL+d to exit)

virtme-ng:/nipa-data/kernel# PS1='xx__-> '
xx__-> env
PWD=/nipa-data/kernel
nr_open=1048576
HOME=/root
TERM=xterm
SHLVL=2
XDG_RUNTIME_DIR=/run/user/0
PATH=/bin:/sbin:/usr/bin:/usr/sbin:/usr/local/bin
OLDPWD=/
_=/usr/bin/env
xx__-> 