No EFI environment detected.
early console in extract_kernel
input_data: 0x000000000513f2b9
input_len: 0x00000000018a4c8c
output: 0x0000000001000000
output_len: 0x00000000053fa2a4
kernel_total_size: 0x0000000005a30000
needed_size: 0x0000000005c00000
trampoline_32bit: 0x0000000000000000
Physical KASLR using RDRAND RDTSC...
Virtual KASLR using RDRAND RDTSC...

Decompressing Linux... Parsing ELF... Performing relocations... done.
Booting the kernel (entry_offset: 0x0000000000000000).
[    0.000000] Linux version 6.8.0-rc3-virtme (root@1ce63bacc3fc) (gcc (Alpine 13.2.1_git20231014) 13.2.1 20231014, GNU ld (GNU Binutils) 2.41) #1 SMP PREEMPT_DYNAMIC Thu Feb 15 03:26:46 UTC 2024
[    0.000000] Command line: virtme_hostname=virtme-ng virtme_link_mods=/nipa-data/kernel/.virtme_mods/lib/modules/0.0.0 virtme_initmount0=nipa-data/kernel virtme_rw_overlay0=/etc virtme_rw_overlay1=/lib virtme_rw_overlay2=/home virtme_rw_overlay3=/opt virtme_rw_overlay4=/srv virtme_rw_overlay5=/usr virtme_rw_overlay6=/var earlyprintk=serial,ttyS0,115200 console=ttyS0 psmouse.proto=exps TERM=xterm virtme_chdir=nipa-data/kernel virtme_root_user=1 rootfstype=9p rootflags=version=9p2000.L,trans=virtio,access=any raid=noautodetect ro init=/usr/lib/python3.11/site-packages/virtme/guest/virtme-init
[    0.000000] BIOS-provided physical RAM map:
[    0.000000] BIOS-e820: [mem 0x0000000000000000-0x000000000009fbff] usable
[    0.000000] BIOS-e820: [mem 0x000000000009fc00-0x000000000009ffff] reserved
[    0.000000] BIOS-e820: [mem 0x00000000000f0000-0x00000000000fffff] reserved
[    0.000000] BIOS-e820: [mem 0x0000000000100000-0x000000003ffdffff] usable
[    0.000000] BIOS-e820: [mem 0x000000003ffe0000-0x000000003fffffff] reserved
[    0.000000] BIOS-e820: [mem 0x00000000feffc000-0x00000000feffffff] reserved
[    0.000000] BIOS-e820: [mem 0x00000000fffc0000-0x00000000ffffffff] reserved
[    0.000000] BIOS-e820: [mem 0x000000fd00000000-0x000000ffffffffff] reserved
[    0.000000] printk: legacy bootconsole [earlyser0] enabled
[    0.000000] NX (Execute Disable) protection: active
[    0.000000] APIC: Static calls initialized
[    0.000000] SMBIOS 3.0.0 present.
[    0.000000] DMI: QEMU Standard PC (i440FX + PIIX, 1996), BIOS rel-1.16.3-0-ga6ed6b701f0a-prebuilt.qemu.org 04/01/2014
[    0.000000] Hypervisor detected: KVM
[    0.000000] kvm-clock: Using msrs 4b564d01 and 4b564d00
[    0.000001] kvm-clock: using sched offset of 364280386 cycles
[    0.000403] clocksource: kvm-clock: mask: 0xffffffffffffffff max_cycles: 0x1cd42e4dffb, max_idle_ns: 881590591483 ns
[    0.001649] tsc: Detected 4491.536 MHz processor
[    0.002400] last_pfn = 0x3ffe0 max_arch_pfn = 0x400000000
[    0.002835] MTRR map: 4 entries (3 fixed + 1 variable; max 19), built from 8 variable MTRRs
[    0.003466] x86/PAT: Configuration [0-7]: WB  WC  UC- UC  WB  WP  UC- WT  
[    0.005533] found SMP MP-table at [mem 0x000f5470-0x000f547f]
[    0.005975] Using GB pages for direct mapping
[    0.006610] ACPI: Early table checksum verification disabled
[    0.007041] ACPI: RSDP 0x00000000000F5290 000014 (v00 BOCHS )
[    0.007479] ACPI: RSDT 0x000000003FFE27B6 000034 (v01 BOCHS  BXPC     00000001 BXPC 00000001)
[    0.008132] ACPI: FACP 0x000000003FFE2572 000074 (v01 BOCHS  BXPC     00000001 BXPC 00000001)
[    0.008888] ACPI: DSDT 0x000000003FFE0040 002532 (v01 BOCHS  BXPC     00000001 BXPC 00000001)
[    0.009670] ACPI: FACS 0x000000003FFE0000 000040
[    0.010095] ACPI: APIC 0x000000003FFE25E6 000170 (v03 BOCHS  BXPC     00000001 BXPC 00000001)
[    0.010877] ACPI: HPET 0x000000003FFE2756 000038 (v01 BOCHS  BXPC     00000001 BXPC 00000001)
[    0.011610] ACPI: WAET 0x000000003FFE278E 000028 (v01 BOCHS  BXPC     00000001 BXPC 00000001)
[    0.012260] ACPI: Reserving FACP table memory at [mem 0x3ffe2572-0x3ffe25e5]
[    0.012800] ACPI: Reserving DSDT table memory at [mem 0x3ffe0040-0x3ffe2571]
[    0.013337] ACPI: Reserving FACS table memory at [mem 0x3ffe0000-0x3ffe003f]
[    0.013869] ACPI: Reserving APIC table memory at [mem 0x3ffe25e6-0x3ffe2755]
[    0.014406] ACPI: Reserving HPET table memory at [mem 0x3ffe2756-0x3ffe278d]
[    0.014937] ACPI: Reserving WAET table memory at [mem 0x3ffe278e-0x3ffe27b5]
[    0.015683] No NUMA configuration found
[    0.015978] Faking a node at [mem 0x0000000000000000-0x000000003ffdffff]
[    0.016495] NODE_DATA(0) allocated [mem 0x3ffdb000-0x3ffdffff]
[    0.016961] Zone ranges:
[    0.017153]   DMA      [mem 0x0000000000001000-0x0000000000ffffff]
[    0.017697]   DMA32    [mem 0x0000000001000000-0x000000003ffdffff]
[    0.018261]   Normal   empty
[    0.018527]   Device   empty
[    0.018791] Movable zone start for each node
[    0.019181] Early memory node ranges
[    0.019506]   node   0: [mem 0x0000000000001000-0x000000000009efff]
[    0.020089]   node   0: [mem 0x0000000000100000-0x000000003ffdffff]
[    0.020612] Initmem setup node 0 [mem 0x0000000000001000-0x000000003ffdffff]
[    0.021151] On node 0, zone DMA: 1 pages in unavailable ranges
[    0.021664] On node 0, zone DMA: 97 pages in unavailable ranges
[    0.026538] On node 0, zone DMA32: 32 pages in unavailable ranges
[    0.036172] kasan: KernelAddressSanitizer initialized
[    0.036799] ACPI: PM-Timer IO Port: 0x608
[    0.037114] ACPI: LAPIC_NMI (acpi_id[0xff] dfl dfl lint[0x1])
[    0.037590] IOAPIC[0]: apic_id 0, version 17, address 0xfec00000, GSI 0-23
[    0.038114] ACPI: INT_SRC_OVR (bus 0 bus_irq 0 global_irq 2 dfl dfl)
[    0.038607] ACPI: INT_SRC_OVR (bus 0 bus_irq 5 global_irq 5 high level)
[    0.039105] ACPI: INT_SRC_OVR (bus 0 bus_irq 9 global_irq 9 high level)
[    0.039610] ACPI: INT_SRC_OVR (bus 0 bus_irq 10 global_irq 10 high level)
[    0.040127] ACPI: INT_SRC_OVR (bus 0 bus_irq 11 global_irq 11 high level)
[    0.040645] ACPI: Using ACPI (MADT) for SMP configuration information
[    0.041129] ACPI: HPET id: 0x8086a201 base: 0xfed00000
[    0.041527] TSC deadline timer available
[    0.041822] smpboot: Allowing 32 CPUs, 0 hotplug CPUs
[    0.042228] kvm-guest: APIC: eoi() replaced with kvm_guest_apic_eoi_write()
[    0.042773] kvm-guest: KVM setup pv remote TLB flush
[    0.043149] kvm-guest: setup PV sched yield
[    0.043482] PM: hibernation: Registered nosave memory: [mem 0x00000000-0x00000fff]
[    0.044056] PM: hibernation: Registered nosave memory: [mem 0x0009f000-0x0009ffff]
[    0.044629] PM: hibernation: Registered nosave memory: [mem 0x000a0000-0x000effff]
[    0.045198] PM: hibernation: Registered nosave memory: [mem 0x000f0000-0x000fffff]
[    0.045783] [mem 0x40000000-0xfeffbfff] available for PCI devices
[    0.046241] Booting paravirtualized kernel on KVM
[    0.046602] clocksource: refined-jiffies: mask: 0xffffffff max_cycles: 0xffffffff, max_idle_ns: 1910969940391419 ns
[    0.055651] setup_percpu: NR_CPUS:64 nr_cpumask_bits:32 nr_cpu_ids:32 nr_node_ids:1
[    0.057524] percpu: Embedded 70 pages/cpu s249696 r8192 d28832 u524288
[    0.058101] Kernel command line: virtme_hostname=virtme-ng virtme_link_mods=/nipa-data/kernel/.virtme_mods/lib/modules/0.0.0 virtme_initmount0=nipa-data/kernel virtme_rw_overlay0=/etc virtme_rw_overlay1=/lib virtme_rw_overlay2=/home virtme_rw_overlay3=/opt virtme_rw_overlay4=/srv virtme_rw_overlay5=/usr virtme_rw_overlay6=/var earlyprintk=serial,ttyS0,115200 console=ttyS0 psmouse.proto=exps TERM=xterm virtme_chdir=nipa-data/kernel virtme_root_user=1 rootfstype=9p rootflags=version=9p2000.L,trans=virtio,access=any raid=noautodetect ro init=/usr/lib/python3.11/site-packages/virtme/guest/virtme-init
[    0.062296] Unknown kernel command line parameters "virtme_hostname=virtme-ng virtme_link_mods=/nipa-data/kernel/.virtme_mods/lib/modules/0.0.0 virtme_initmount0=nipa-data/kernel virtme_rw_overlay0=/etc virtme_rw_overlay1=/lib virtme_rw_overlay2=/home virtme_rw_overlay3=/opt virtme_rw_overlay4=/srv virtme_rw_overlay5=/usr virtme_rw_overlay6=/var virtme_chdir=nipa-data/kernel virtme_root_user=1", will be passed to user space.
[    0.065429] random: crng init done
[    0.065885] Dentry cache hash table entries: 131072 (order: 8, 1048576 bytes, linear)
[    0.066651] Inode-cache hash table entries: 65536 (order: 7, 524288 bytes, linear)
[    0.067911] Fallback order for Node 0: 0 
[    0.067919] Built 1 zonelists, mobility grouping on.  Total pages: 257760
[    0.068955] Policy zone: DMA32
[    0.069260] mem auto-init: stack:all(zero), heap alloc:off, heap free:off
[    0.069934] stackdepot: allocating hash table via alloc_large_system_hash
[    0.070610] stackdepot hash table entries: 1048576 (order: 12, 16777216 bytes, linear)
[    0.087450] Memory: 767204K/1048056K available (43008K kernel code, 12322K rwdata, 10088K rodata, 5936K init, 13344K bss, 280596K reserved, 0K cma-reserved)
[    0.089200] SLUB: HWalign=64, Order=0-3, MinObjects=0, CPUs=32, Nodes=1
Poking KASLR using RDRAND RDTSC...
[    0.090301] ftrace: allocating 46738 entries in 183 pages
[    0.101068] ftrace: allocated 183 pages with 6 groups
[    0.103163] Dynamic Preempt: voluntary
[    0.104206] Running RCU self tests
[    0.104530] Running RCU synchronous self tests
[    0.104970] rcu: Preemptible hierarchical RCU implementation.
[    0.105512] rcu: RCU event tracing is enabled.
[    0.105941] rcu: RCU lockdep checking is enabled.
[    0.106395] rcu: RCU restricting CPUs from NR_CPUS=64 to nr_cpu_ids=32.
[    0.107030] Trampoline variant of Tasks RCU enabled.
[    0.107509] Rude variant of Tasks RCU enabled.
[    0.107975] Tracing variant of Tasks RCU enabled.
[    0.108361] rcu: RCU calculated value of scheduler-enlistment delay is 100 jiffies.
[    0.108959] rcu: Adjusting geometry for rcu_fanout_leaf=16, nr_cpu_ids=32
[    0.109617] Running RCU synchronous self tests
[    0.119219] NR_IRQS: 4352, nr_irqs: 680, preallocated irqs: 16
[    0.120012] rcu: srcu_init: Setting srcu_struct sizes based on contention.
[    0.121055] Console: colour *CGA 80x25
[    0.121456] printk: legacy console [ttyS0] enabled
[    0.121456] printk: legacy console [ttyS0] enabled
[    0.122358] printk: legacy bootconsole [earlyser0] disabled
[    0.122358] printk: legacy bootconsole [earlyser0] disabled
[    0.123308] Lock dependency validator: Copyright (c) 2006 Red Hat, Inc., Ingo Molnar
[    0.123932] ... MAX_LOCKDEP_SUBCLASSES:  8
[    0.124274] ... MAX_LOCK_DEPTH:          48
[    0.124626] ... MAX_LOCKDEP_KEYS:        8192
[    0.124969] ... CLASSHASH_SIZE:          4096
[    0.125317] ... MAX_LOCKDEP_ENTRIES:     32768
[    0.125666] ... MAX_LOCKDEP_CHAINS:      65536
[    0.126015] ... CHAINHASH_SIZE:          32768
[    0.126373]  memory used by lock dependency info: 6429 kB
[    0.126795]  memory used for stack traces: 4224 kB
[    0.127170]  per task-struct memory footprint: 1920 bytes
[    0.127656] ACPI: Core revision 20230628
[    0.128255] clocksource: hpet: mask: 0xffffffff max_cycles: 0xffffffff, max_idle_ns: 19112604467 ns
[    0.129116] APIC: Switch to symmetric I/O mode setup
[    0.129541] APIC: Switched APIC routing to: physical flat
[    0.129969] kvm-guest: APIC: send_IPI_mask() replaced with kvm_send_ipi_mask()
[    0.130555] kvm-guest: APIC: send_IPI_mask_allbutself() replaced with kvm_send_ipi_mask_allbutself()
[    0.131277] kvm-guest: setup PV IPIs
[    0.132607] ..TIMER: vector=0x30 apic1=0 pin1=2 apic2=-1 pin2=-1
[    0.133470] tsc: Marking TSC unstable due to TSCs unsynchronized
[    0.134329] Calibrating delay loop (skipped) preset value.. 8983.07 BogoMIPS (lpj=4491536)
[    0.135386] x86/cpu: User Mode Instruction Prevention (UMIP) activated
[    0.136394] Last level iTLB entries: 4KB 512, 2MB 255, 4MB 127
[    0.137321] Last level dTLB entries: 4KB 512, 2MB 255, 4MB 127, 1GB 0
[    0.138329] Spectre V1 : Mitigation: usercopy/swapgs barriers and __user pointer sanitization
[    0.139325] Spectre V2 : Mitigation: Enhanced / Automatic IBRS
[    0.140321] Spectre V2 : Spectre v2 / SpectreRSB mitigation: Filling RSB on context switch
[    0.141325] Spectre V2 : mitigation: Enabling conditional Indirect Branch Prediction Barrier
[    0.142323] Speculative Store Bypass: Mitigation: Speculative Store Bypass disabled via prctl
[    0.143321] Speculative Return Stack Overflow: IBPB-extending microcode not applied!
[    0.144321] Speculative Return Stack Overflow: WARNING: See https://kernel.org/doc/html/latest/admin-guide/hw-vuln/srso.html for mitigation options.
[    0.144323] Speculative Return Stack Overflow: Vulnerable: Safe RET, no microcode
[    0.146346] x86/fpu: Supporting XSAVE feature 0x001: 'x87 floating point registers'
[    0.147321] x86/fpu: Supporting XSAVE feature 0x002: 'SSE registers'
[    0.148320] x86/fpu: Supporting XSAVE feature 0x004: 'AVX registers'
[    0.149320] x86/fpu: Supporting XSAVE feature 0x020: 'AVX-512 opmask'
[    0.150320] x86/fpu: Supporting XSAVE feature 0x040: 'AVX-512 Hi256'
[    0.151171] x86/fpu: Supporting XSAVE feature 0x080: 'AVX-512 ZMM_Hi256'
[    0.151322] x86/fpu: Supporting XSAVE feature 0x200: 'Protection Keys User registers'
[    0.152321] x86/fpu: xstate_offset[2]:  576, xstate_sizes[2]:  256
[    0.153321] x86/fpu: xstate_offset[5]:  832, xstate_sizes[5]:   64
[    0.154320] x86/fpu: xstate_offset[6]:  896, xstate_sizes[6]:  512
[    0.155165] x86/fpu: xstate_offset[7]: 1408, xstate_sizes[7]: 1024
[    0.155321] x86/fpu: xstate_offset[9]: 2432, xstate_sizes[9]:    8
[    0.156320] x86/fpu: Enabled xstate features 0x2e7, context size is 2440 bytes, using 'compacted' format.
[    0.184892] Freeing SMP alternatives memory: 36K
[    0.185323] pid_max: default: 32768 minimum: 301
[    0.186505] Mount-cache hash table entries: 2048 (order: 2, 16384 bytes, linear)
[    0.187324] Mountpoint-cache hash table entries: 2048 (order: 2, 16384 bytes, linear)
[    0.189969] Running RCU synchronous self tests
[    0.190326] Running RCU synchronous self tests
[    0.191554] smpboot: CPU0: AMD Ryzen 9 7950X 16-Core Processor (family: 0x19, model: 0x61, stepping: 0x2)
[    0.193168] RCU Tasks: Setting shift to 5 and lim to 1 rcu_task_cb_adjust=1.
[    0.193385] RCU Tasks Rude: Setting shift to 5 and lim to 1 rcu_task_cb_adjust=1.
[    0.194404] RCU Tasks Trace: Setting shift to 5 and lim to 1 rcu_task_cb_adjust=1.
[    0.195390] Running RCU Tasks wait API self tests
[    0.298431] Running RCU Tasks Rude wait API self tests
[    0.299285] Running RCU Tasks Trace wait API self tests
[    0.299404] Performance Events: Fam17h+ core perfctr, AMD PMU driver.
[    0.300332] ... version:                0
[    0.300876] ... bit width:              48
[    0.301324] ... generic registers:      6
[    0.301862] ... value mask:             0000ffffffffffff
[    0.302324] ... max period:             00007fffffffffff
[    0.303042] ... fixed-purpose events:   0
[    0.303324] ... event mask:             000000000000003f
[    0.304392] signal: max sigframe size: 3376
[    0.305129] rcu: Hierarchical SRCU implementation.
[    0.305330] rcu: Max phase no-delay instances is 400.
[    0.306055] Callback from call_rcu_tasks_trace() invoked.
[    0.312690] smp: Bringing up secondary CPUs ...
[    0.313919] smpboot: x86: Booting SMP configuration:
[    0.314330] .... node  #0, CPUs:        #1  #2  #3  #4  #5  #6  #7  #8  #9 #10 #11 #12 #13 #14 #15 #16 #17 #18 #19 #20 #21 #22 #23 #24 #25 #26 #27 #28 #29 #30 #31
[    0.357527] smp: Brought up 1 node, 32 CPUs
[    0.358895] smpboot: Max logical packages: 1
[    0.359324] smpboot: Total of 32 processors activated (287458.30 BogoMIPS)
[    0.369708] devtmpfs: initialized
[    0.370616] x86/mm: Memory block size: 128MB
[    0.380841] Running RCU synchronous self tests
[    0.381345] Running RCU synchronous self tests
[    0.382080] clocksource: jiffies: mask: 0xffffffff max_cycles: 0xffffffff, max_idle_ns: 1911260446275000 ns
[    0.382333] futex hash table entries: 8192 (order: 8, 1048576 bytes, linear)
[    0.384152] PM: RTC time: 03:27:26, date: 2024-02-15
[    0.385938] NET: Registered PF_NETLINK/PF_ROUTE protocol family
[    0.388201] thermal_sys: Registered thermal governor 'step_wise'
[    0.388206] thermal_sys: Registered thermal governor 'user_space'
[    0.388417] cpuidle: using governor menu
[    0.391775] PCI: Using configuration type 1 for base access
[    0.392325] PCI: Using configuration type 1 for extended access
[    0.393354] kprobes: kprobe jump-optimization is enabled. All kprobes are optimized if possible.
[    0.397678] HugeTLB: registered 1.00 GiB page size, pre-allocated 0 pages
[    0.398326] HugeTLB: 16380 KiB vmemmap can be freed for a 1.00 GiB page
[    0.399325] HugeTLB: registered 2.00 MiB page size, pre-allocated 0 pages
[    0.400325] HugeTLB: 28 KiB vmemmap can be freed for a 2.00 MiB page
[    0.405356] ACPI: Added _OSI(Module Device)
[    0.406329] ACPI: Added _OSI(Processor Device)
[    0.407116] ACPI: Added _OSI(3.0 _SCP Extensions)
[    0.408355] ACPI: Added _OSI(Processor Aggregator Device)
[    0.410390] Callback from call_rcu_tasks_rude() invoked.
[    0.450543] ACPI: 1 ACPI AML tables successfully acquired and loaded
[    0.455722] ACPI: _OSC evaluation for CPUs failed, trying _PDC
[    0.461957] ACPI: Interpreter enabled
[    0.462516] ACPI: PM: (supports S0 S3 S4 S5)
[    0.463279] ACPI: Using IOAPIC for interrupt routing
[    0.464453] PCI: Using host bridge windows from ACPI; if necessary, use "pci=nocrs" and report a bug
[    0.466327] PCI: Using E820 reservations for host bridge windows
[    0.469566] ACPI: Enabled 2 GPEs in block 00 to 0F
[    0.514432] Callback from call_rcu_tasks() invoked.
[    0.549576] ACPI: PCI Root Bridge [PCI0] (domain 0000 [bus 00-ff])
[    0.550343] acpi PNP0A03:00: _OSC: OS supports [ExtendedConfig ASPM ClockPM Segments MSI HPX-Type3]
[    0.552816] PCI host bridge to bus 0000:00
[    0.553329] pci_bus 0000:00: root bus resource [io  0x0000-0x0cf7 window]
[    0.554252] pci_bus 0000:00: root bus resource [io  0x0d00-0xffff window]
[    0.555328] pci_bus 0000:00: root bus resource [mem 0x000a0000-0x000bffff window]
[    0.556329] pci_bus 0000:00: root bus resource [mem 0x40000000-0xfebfffff window]
[    0.557328] pci_bus 0000:00: root bus resource [mem 0x100000000-0x17fffffff window]
[    0.558329] pci_bus 0000:00: root bus resource [bus 00-ff]
[    0.559360] pci 0000:00:00.0: [8086:1237] type 00 class 0x060000 conventional PCI endpoint
[    0.561851] pci 0000:00:01.0: [8086:7000] type 00 class 0x060100 conventional PCI endpoint
[    0.564594] pci 0000:00:01.1: [8086:7010] type 00 class 0x010180 conventional PCI endpoint
[    0.568324] pci 0000:00:01.1: BAR 4 [io  0xc080-0xc08f]
[    0.569823] pci 0000:00:01.1: BAR 0 [io  0x01f0-0x01f7]: legacy IDE quirk
[    0.571325] pci 0000:00:01.1: BAR 1 [io  0x03f6]: legacy IDE quirk
[    0.572169] pci 0000:00:01.1: BAR 2 [io  0x0170-0x0177]: legacy IDE quirk
[    0.572324] pci 0000:00:01.1: BAR 3 [io  0x0376]: legacy IDE quirk
[    0.574469] pci 0000:00:01.3: [8086:7113] type 00 class 0x068000 conventional PCI endpoint
[    0.577489] pci 0000:00:01.3: quirk: [io  0x0600-0x063f] claimed by PIIX4 ACPI
[    0.578330] pci 0000:00:01.3: quirk: [io  0x0700-0x070f] claimed by PIIX4 SMB
[    0.580578] pci 0000:00:02.0: [1af4:1009] type 00 class 0x000200 conventional PCI endpoint
[    0.583326] pci 0000:00:02.0: BAR 0 [io  0xc000-0xc03f]
[    0.586011] pci 0000:00:02.0: BAR 1 [mem 0xfebfd000-0xfebfdfff]
[    0.591014] pci 0000:00:02.0: BAR 4 [mem 0xfebf4000-0xfebf7fff 64bit pref]
[    0.608374] pci 0000:00:03.0: [1af4:1009] type 00 class 0x000200 conventional PCI endpoint
[    0.610324] pci 0000:00:03.0: BAR 0 [io  0xc040-0xc07f]
[    0.613001] pci 0000:00:03.0: BAR 1 [mem 0xfebfe000-0xfebfefff]
[    0.617324] pci 0000:00:03.0: BAR 4 [mem 0xfebf8000-0xfebfbfff 64bit pref]
[    0.635443] pci 0000:00:04.0: [8086:25ab] type 00 class 0x088000 conventional PCI endpoint
[    0.636720] pci 0000:00:04.0: BAR 0 [mem 0xfebff000-0xfebff00f]
[    0.658885] ACPI: PCI: Interrupt link LNKA configured for IRQ 10
[    0.661744] ACPI: PCI: Interrupt link LNKB configured for IRQ 10
[    0.663526] ACPI: PCI: Interrupt link LNKC configured for IRQ 11
[    0.665541] ACPI: PCI: Interrupt link LNKD configured for IRQ 11
[    0.667007] ACPI: PCI: Interrupt link LNKS configured for IRQ 9
[    0.693720] iommu: Default domain type: Translated
[    0.694325] iommu: DMA domain TLB invalidation policy: lazy mode
[    0.696229] SCSI subsystem initialized
[    0.697754] pps_core: LinuxPPS API ver. 1 registered
[    0.698326] pps_core: Software ver. 5.3.6 - Copyright 2005-2007 Rodolfo Giometti <giometti@linux.it>
[    0.699357] PTP clock support registered
[    0.701577] Advanced Linux Sound Architecture Driver Initialized.
[    0.704380] NET: Registered PF_ATMPVC protocol family
[    0.705079] NET: Registered PF_ATMSVC protocol family
[    0.705368] PCI: Using ACPI for IRQ routing
[    0.706562] vgaarb: loaded
[    0.707546] hpet0: at MMIO 0xfed00000, IRQs 2, 8, 0
[    0.708325] hpet0: 3 comparators, 64-bit 100.000000 MHz counter
[    0.719006] clocksource: Switched to clocksource kvm-clock
[    0.721202] VFS: Disk quotas dquot_6.6.0
[    0.721816] VFS: Dquot-cache hash table entries: 512 (order 0, 4096 bytes)
[    0.723206] pnp: PnP ACPI init
[    0.727252] pnp: PnP ACPI: found 5 devices
[    0.748950] clocksource: acpi_pm: mask: 0xffffff max_cycles: 0xffffff, max_idle_ns: 2085701024 ns
[    0.750331] NET: Registered PF_INET protocol family
[    0.751150] IP idents hash table entries: 16384 (order: 5, 131072 bytes, linear)
[    0.753206] tcp_listen_portaddr_hash hash table entries: 512 (order: 3, 36864 bytes, linear)
[    0.754389] Table-perturb hash table entries: 65536 (order: 6, 262144 bytes, linear)
[    0.755540] TCP established hash table entries: 8192 (order: 4, 65536 bytes, linear)
[    0.756711] TCP bind hash table entries: 8192 (order: 8, 1179648 bytes, linear)
[    0.758283] TCP: Hash tables configured (established 8192 bind 8192)
[    0.759610] UDP hash table entries: 512 (order: 4, 81920 bytes, linear)
[    0.760573] UDP-Lite hash table entries: 512 (order: 4, 81920 bytes, linear)
[    0.762049] NET: Registered PF_UNIX/PF_LOCAL protocol family
[    0.762877] pci_bus 0000:00: resource 4 [io  0x0000-0x0cf7 window]
[    0.763721] pci_bus 0000:00: resource 5 [io  0x0d00-0xffff window]
[    0.764565] pci_bus 0000:00: resource 6 [mem 0x000a0000-0x000bffff window]
[    0.765508] pci_bus 0000:00: resource 7 [mem 0x40000000-0xfebfffff window]
[    0.766691] pci_bus 0000:00: resource 8 [mem 0x100000000-0x17fffffff window]
[    0.767987] pci 0000:00:01.0: PIIX3: Enabling Passive Release
[    0.768786] pci 0000:00:00.0: Limiting direct PCI/PCI transfers
[    0.769678] PCI: CLS 0 bytes, default 64
[    0.770523] kvm_intel: VMX not supported by CPU 5
[    0.771480] kvm_amd: TSC scaling supported
[    0.772123] kvm_amd: Nested Virtualization enabled
[    0.772787] kvm_amd: Nested Paging enabled
[    0.773905] kvm_amd: Virtual VMLOAD VMSAVE supported
[    0.774586] kvm_amd: Virtual GIF supported
[    0.775150] kvm_amd: Virtual NMI enabled
[    0.775697] kvm_amd: LBR virtualization supported
[    0.918195] workingset: timestamp_bits=56 max_order=18 bucket_order=0
[    0.919412] squashfs: version 4.0 (2009/01/31) Phillip Lougher
[    0.920286] fuse: init (API version 7.39)
[    0.921129] 9p: Installing v9fs 9p2000 file system support
[    0.922171] Key type asymmetric registered
[    0.922853] Block layer SCSI generic (bsg) driver version 0.4 loaded (major 249)
[    0.923986] io scheduler mq-deadline registered
[    0.924729] io scheduler kyber registered
[    0.927807] input: Power Button as /devices/LNXSYSTM:00/LNXPWRBN:00/input/input0
[    0.929359] ACPI: button: Power Button [PWRF]
[    0.930442] Warning: Processor Platform Limit event detected, but not handled.
[    0.931427] Consider compiling CPUfreq support into your kernel.
[    2.044074] ACPI: \_SB_.LNKB: Enabled at IRQ 10
[    3.140072] ACPI: \_SB_.LNKC: Enabled at IRQ 11
[    3.142094] Serial: 8250/16550 driver, 4 ports, IRQ sharing enabled
[    3.143811] 00:03: ttyS0 at I/O 0x3f8 (irq = 4, base_baud = 115200) is a 16550A
[    3.149304] Non-volatile memory driver v1.3
[    3.149891] Linux agpgart interface v0.103
[    3.150838] ACPI: bus type drm_connector registered
[    3.194920] loop: module loaded
[    3.199345] scsi host0: ata_piix
[    3.200851] scsi host1: ata_piix
[    3.201659] ata1: PATA max MWDMA2 cmd 0x1f0 ctl 0x3f6 bmdma 0xc080 irq 14 lpm-pol 0
[    3.202690] ata2: PATA max MWDMA2 cmd 0x170 ctl 0x376 bmdma 0xc088 irq 15 lpm-pol 0
[    3.206610] i8042: PNP: PS/2 Controller [PNP0303:KBD,PNP0f13:MOU] at 0x60,0x64 irq 1,12
[    3.208598] serio: i8042 KBD port at 0x60,0x64 irq 1
[    3.209323] serio: i8042 AUX port at 0x60,0x64 irq 12
[    3.210943] rtc_cmos 00:04: RTC can wake from S4
[    3.213191] input: AT Translated Set 2 keyboard as /devices/platform/i8042/serio0/input/input1
[    3.215364] rtc_cmos 00:04: registered as rtc0
[    3.216414] rtc_cmos 00:04: setting system clock to 2024-02-15T03:27:29 UTC (1707967649)
[    3.218697] rtc_cmos 00:04: alarms up to one day, y3k, 242 bytes nvram, hpet irqs
[    3.219360] input: ImExPS/2 Generic Explorer Mouse as /devices/platform/i8042/serio1/input/input3
[    3.221747] i6300ESB timer 0000:00:04.0: initialized. heartbeat=30 sec (nowayout=0)
[    3.223641] device-mapper: ioctl: 4.48.0-ioctl (2023-03-01) initialised: dm-devel@redhat.com
[    3.227706] NET: Registered PF_PACKET protocol family
[    3.228575] 9pnet: Installing 9P2000 support
[    3.231960] Key type dns_resolver registered
[    3.243585] IPI shorthand broadcast: enabled
[    3.295216] sched_clock: Marking stable (3285004816, 9680739)->(3316711038, -22025483)
[    3.297318] registered taskstats version 1
[    3.332525] PM:   Magic number: 12:343:462
[    3.333199] printk: legacy console [netcon0] enabled
[    3.333922] netconsole: network logging started
[    3.334925] ALSA device list:
[    3.335320]   No soundcards found.
[    3.361812] ata2: found unknown device (class 0)
[    3.363128] ata2.00: ATAPI: QEMU DVD-ROM, 2.5+, max UDMA/100
[    3.365765] scsi 1:0:0:0: CD-ROM            QEMU     QEMU DVD-ROM     2.5+ PQ: 0 ANSI: 5
[    3.375573] scsi 1:0:0:0: Attached scsi generic sg0 type 5
[    3.376630] md: Skipping autodetection of RAID arrays. (raid=autodetect will force)
[    3.377694] 9pnet_virtio: no channels available for device 
[    3.379749] VFS: Mounted root (9p filesystem) readonly on device 0:19.
[    3.381300] devtmpfs: mounted
[    3.389858] Freeing unused kernel image (initmem) memory: 5936K
[    3.390568] Write protecting the kernel read-only data: 53248k
[    3.391932] Freeing unused kernel image (rodata/data gap) memory: 152K
[    3.428575] x86/mm: Checked W+X mappings: passed, no W+X pages found.
[    3.429421] Run /usr/lib/python3.11/site-packages/virtme/guest/virtme-init as init process
[    3.500920] mount (266) used greatest stack depth: 25952 bytes left
[    3.669428] mount (280) used greatest stack depth: 25760 bytes left
[    3.715821] mount (283) used greatest stack depth: 25248 bytes left
[    3.966717] virtme-init: basic initialization done
[    3.981932] virtme-init: udevd not found
[    4.021289] modprobe (337) used greatest stack depth: 25232 bytes left
[    4.138753] virtme-init: Setting hostname to virtme-ng...
[    4.176789] ip (350) used greatest stack depth: 24512 bytes left
          _      _                                    
   __   _(_)_ __| |_ _ __ ___   ___       _ __   __ _ 
   \ \ / / |  __| __|  _   _ \ / _ \_____|  _ \ / _  |
    \ V /| | |  | |_| | | | | |  __/_____| | | | (_| |
     \_/ |_|_|   \__|_| |_| |_|\___|     |_| |_|\__  |
                                                |___/ 
   kernel version: 6.8.0-rc3-virtme x86_64

virtme-ng:/nipa-data/kernel# PS1='xx__-> '
xx__-> env
PWD=/nipa-data/kernel
HOME=/
TERM=xterm
SHLVL=2
XDG_RUNTIME_DIR=/run/user/0
PATH=/bin:/sbin:/usr/bin:/usr/sbin:/usr/local/bin
OLDPWD=/
_=/usr/bin/env
xx__-> 