No EFI environment detected.
early console in extract_kernel
input_data: 0x0000000002be62c4
input_len: 0x0000000000b3f0ef
output: 0x0000000001000000
output_len: 0x00000000026ddbc8
kernel_total_size: 0x0000000002430000
needed_size: 0x0000000002800000
trampoline_32bit: 0x0000000000000000
Physical KASLR using RDRAND RDTSC...
Virtual KASLR using RDRAND RDTSC...

Decompressing Linux... Parsing ELF... Performing relocations... done.
Booting the kernel (entry_offset: 0x0000000000000000).
[    0.000000] Linux version 6.9.0-virtme (root@61a78cb375a1) (gcc (Alpine 13.2.1_git20240309) 13.2.1 20240309, GNU ld (GNU Binutils) 2.42) #1 SMP PREEMPT_DYNAMIC Fri May 31 12:06:20 UTC 2024
[    0.000000] Command line: virtme_hostname=virtme-ng nr_open=1048576 virtme_link_mods=/nipa-data/kernel/.virtme_mods/lib/modules/0.0.0 virtme_initmount0=nipa-data/kernel virtme_rw_overlay0=/etc virtme_rw_overlay1=/lib virtme_rw_overlay2=/home virtme_rw_overlay3=/opt virtme_rw_overlay4=/srv virtme_rw_overlay5=/usr virtme_rw_overlay6=/var console=hvc0 earlyprintk=serial,ttyS0,115200 virtme_console=ttyS0 psmouse.proto=exps TERM=xterm virtme_chdir=nipa-data/kernel virtme_root_user=1 rootfstype=9p rootflags=version=9p2000.L,trans=virtio,access=any raid=noautodetect ro init=/usr/lib/python3.12/site-packages/virtme/guest/virtme-init
[    0.000000] BIOS-provided physical RAM map:
[    0.000000] BIOS-e820: [mem 0x0000000000000000-0x000000000009fbff] usable
[    0.000000] BIOS-e820: [mem 0x000000000009fc00-0x000000000009ffff] reserved
[    0.000000] BIOS-e820: [mem 0x00000000000f0000-0x00000000000fffff] reserved
[    0.000000] BIOS-e820: [mem 0x0000000000100000-0x000000003ffdffff] usable
[    0.000000] BIOS-e820: [mem 0x000000003ffe0000-0x000000003fffffff] reserved
[    0.000000] BIOS-e820: [mem 0x00000000feffc000-0x00000000feffffff] reserved
[    0.000000] BIOS-e820: [mem 0x00000000fffc0000-0x00000000ffffffff] reserved
[    0.000000] BIOS-e820: [mem 0x000000fd00000000-0x000000ffffffffff] reserved
[    0.000000] printk: legacy bootconsole [earlyser0] enabled
[    0.000000] NX (Execute Disable) protection: active
[    0.000000] APIC: Static calls initialized
[    0.000000] SMBIOS 2.8 present.
[    0.000000] DMI: QEMU Standard PC (i440FX + PIIX, 1996), BIOS rel-1.16.3-0-ga6ed6b701f0a-prebuilt.qemu.org 04/01/2014
[    0.000000] DMI: Memory slots populated: 1/1
[    0.000000] Hypervisor detected: KVM
[    0.000000] kvm-clock: Using msrs 4b564d01 and 4b564d00
[    0.000000] kvm-clock: using sched offset of 203966220 cycles
[    0.000408] clocksource: kvm-clock: mask: 0xffffffffffffffff max_cycles: 0x1cd42e4dffb, max_idle_ns: 881590591483 ns
[    0.001657] tsc: Detected 4491.556 MHz processor
[    0.002274] last_pfn = 0x3ffe0 max_arch_pfn = 0x400000000
[    0.002744] MTRR map: 4 entries (3 fixed + 1 variable; max 19), built from 8 variable MTRRs
[    0.003386] x86/PAT: Configuration [0-7]: WB  WC  UC- UC  WB  WP  UC- WT  
Memory KASLR using RDRAND RDTSC...
[    0.005501] found SMP MP-table at [mem 0x000f5470-0x000f547f]
[    0.005942] Using GB pages for direct mapping
[    0.006310] ACPI: Early table checksum verification disabled
[    0.006749] ACPI: RSDP 0x00000000000F5290 000014 (v00 BOCHS )
[    0.007187] ACPI: RSDT 0x000000003FFE27BC 000034 (v01 BOCHS  BXPC     00000001 BXPC 00000001)
[    0.007855] ACPI: FACP 0x000000003FFE2578 000074 (v01 BOCHS  BXPC     00000001 BXPC 00000001)
[    0.008517] ACPI: DSDT 0x000000003FFE0040 002538 (v01 BOCHS  BXPC     00000001 BXPC 00000001)
[    0.009164] ACPI: FACS 0x000000003FFE0000 000040
[    0.009529] ACPI: APIC 0x000000003FFE25EC 000170 (v03 BOCHS  BXPC     00000001 BXPC 00000001)
[    0.010176] ACPI: HPET 0x000000003FFE275C 000038 (v01 BOCHS  BXPC     00000001 BXPC 00000001)
[    0.010836] ACPI: WAET 0x000000003FFE2794 000028 (v01 BOCHS  BXPC     00000001 BXPC 00000001)
[    0.011500] ACPI: Reserving FACP table memory at [mem 0x3ffe2578-0x3ffe25eb]
[    0.012033] ACPI: Reserving DSDT table memory at [mem 0x3ffe0040-0x3ffe2577]
[    0.012579] ACPI: Reserving FACS table memory at [mem 0x3ffe0000-0x3ffe003f]
[    0.013111] ACPI: Reserving APIC table memory at [mem 0x3ffe25ec-0x3ffe275b]
[    0.013655] ACPI: Reserving HPET table memory at [mem 0x3ffe275c-0x3ffe2793]
[    0.014188] ACPI: Reserving WAET table memory at [mem 0x3ffe2794-0x3ffe27bb]
[    0.014878] No NUMA configuration found
[    0.015170] Faking a node at [mem 0x0000000000000000-0x000000003ffdffff]
[    0.015695] NODE_DATA(0) allocated [mem 0x3ffdb000-0x3ffdffff]
[    0.016145] Zone ranges:
[    0.016343]   DMA      [mem 0x0000000000001000-0x0000000000ffffff]
[    0.016824]   DMA32    [mem 0x0000000001000000-0x000000003ffdffff]
[    0.017291]   Normal   empty
[    0.017522]   Device   empty
[    0.017740] Movable zone start for each node
[    0.018063] Early memory node ranges
[    0.018340]   node   0: [mem 0x0000000000001000-0x000000000009efff]
[    0.018819]   node   0: [mem 0x0000000000100000-0x000000003ffdffff]
[    0.019293] Initmem setup node 0 [mem 0x0000000000001000-0x000000003ffdffff]
[    0.019838] On node 0, zone DMA: 1 pages in unavailable ranges
[    0.020292] On node 0, zone DMA: 97 pages in unavailable ranges
[    0.021808] On node 0, zone DMA32: 32 pages in unavailable ranges
[    0.022493] ACPI: PM-Timer IO Port: 0x608
[    0.022803] ACPI: LAPIC_NMI (acpi_id[0xff] dfl dfl lint[0x1])
[    0.023255] IOAPIC[0]: apic_id 0, version 17, address 0xfec00000, GSI 0-23
[    0.023792] ACPI: INT_SRC_OVR (bus 0 bus_irq 0 global_irq 2 dfl dfl)
[    0.024273] ACPI: INT_SRC_OVR (bus 0 bus_irq 5 global_irq 5 high level)
[    0.024795] ACPI: INT_SRC_OVR (bus 0 bus_irq 9 global_irq 9 high level)
[    0.025296] ACPI: INT_SRC_OVR (bus 0 bus_irq 10 global_irq 10 high level)
[    0.025823] ACPI: INT_SRC_OVR (bus 0 bus_irq 11 global_irq 11 high level)
[    0.026344] ACPI: Using ACPI (MADT) for SMP configuration information
[    0.026833] ACPI: HPET id: 0x8086a201 base: 0xfed00000
[    0.027221] TSC deadline timer available
[    0.027530] CPU topo: Max. logical packages:   1
[    0.027878] CPU topo: Max. logical dies:       1
[    0.028225] CPU topo: Max. dies per package:   1
[    0.028593] CPU topo: Max. threads per core:   1
[    0.028945] CPU topo: Num. cores per package:    32
[    0.029312] CPU topo: Num. threads per package:  32
[    0.029691] CPU topo: Allowing 32 present CPUs plus 0 hotplug CPUs
[    0.030165] kvm-guest: APIC: eoi() replaced with kvm_guest_apic_eoi_write()
[    0.030705] kvm-guest: KVM setup pv remote TLB flush
[    0.031080] kvm-guest: setup PV sched yield
[    0.031412] PM: hibernation: Registered nosave memory: [mem 0x00000000-0x00000fff]
[    0.031983] PM: hibernation: Registered nosave memory: [mem 0x0009f000-0x0009ffff]
[    0.032574] PM: hibernation: Registered nosave memory: [mem 0x000a0000-0x000effff]
[    0.033147] PM: hibernation: Registered nosave memory: [mem 0x000f0000-0x000fffff]
[    0.033733] [mem 0x40000000-0xfeffbfff] available for PCI devices
[    0.034194] Booting paravirtualized kernel on KVM
[    0.034559] clocksource: refined-jiffies: mask: 0xffffffff max_cycles: 0xffffffff, max_idle_ns: 1910969940391419 ns
[    0.038374] setup_percpu: NR_CPUS:64 nr_cpumask_bits:32 nr_cpu_ids:32 nr_node_ids:1
[    0.039594] percpu: Embedded 58 pages/cpu s198888 r8192 d30488 u262144
[    0.040121] Kernel command line: virtme_hostname=virtme-ng nr_open=1048576 virtme_link_mods=/nipa-data/kernel/.virtme_mods/lib/modules/0.0.0 virtme_initmount0=nipa-data/kernel virtme_rw_overlay0=/etc virtme_rw_overlay1=/lib virtme_rw_overlay2=/home virtme_rw_overlay3=/opt virtme_rw_overlay4=/srv virtme_rw_overlay5=/usr virtme_rw_overlay6=/var console=hvc0 earlyprintk=serial,ttyS0,115200 virtme_console=ttyS0 psmouse.proto=exps TERM=xterm virtme_chdir=nipa-data/kernel virtme_root_user=1 rootfstype=9p rootflags=version=9p2000.L,trans=virtio,access=any raid=noautodetect ro init=/usr/lib/python3.12/site-packages/virtme/guest/virtme-init
[    0.044895] Unknown kernel command line parameters "virtme_hostname=virtme-ng nr_open=1048576 virtme_link_mods=/nipa-data/kernel/.virtme_mods/lib/modules/0.0.0 virtme_initmount0=nipa-data/kernel virtme_rw_overlay0=/etc virtme_rw_overlay1=/lib virtme_rw_overlay2=/home virtme_rw_overlay3=/opt virtme_rw_overlay4=/srv virtme_rw_overlay5=/usr virtme_rw_overlay6=/var virtme_console=ttyS0 virtme_chdir=nipa-data/kernel virtme_root_user=1", will be passed to user space.
[    0.048955] random: crng init done
[    0.049309] Dentry cache hash table entries: 131072 (order: 8, 1048576 bytes, linear)
[    0.050072] Inode-cache hash table entries: 65536 (order: 7, 524288 bytes, linear)
[    0.050896] Fallback order for Node 0: 0 
[    0.050899] Built 1 zonelists, mobility grouping on.  Total pages: 262014
[    0.051934] Policy zone: DMA32
[    0.052228] mem auto-init: stack:all(zero), heap alloc:off, heap free:off, mlocked free:off
[    0.053916] Memory: 984572K/1048056K available (16384K kernel code, 2413K rwdata, 6164K rodata, 3080K init, 2028K bss, 63224K reserved, 0K cma-reserved)
[    0.055038] SLUB: HWalign=64, Order=0-3, MinObjects=0, CPUs=32, Nodes=1
Poking KASLR using RDRAND RDTSC...
[    0.055829] ftrace: allocating 47775 entries in 187 pages
[    0.063222] ftrace: allocated 187 pages with 6 groups
[    0.064303] Dynamic Preempt: voluntary
[    0.064787] rcu: Preemptible hierarchical RCU implementation.
[    0.065235] rcu: RCU event tracing is enabled.
[    0.065606] rcu: RCU restricting CPUs from NR_CPUS=64 to nr_cpu_ids=32.
[    0.066126] Trampoline variant of Tasks RCU enabled.
[    0.066538] Rude variant of Tasks RCU enabled.
[    0.066888] Tracing variant of Tasks RCU enabled.
[    0.067260] rcu: RCU calculated value of scheduler-enlistment delay is 100 jiffies.
[    0.067864] rcu: Adjusting geometry for rcu_fanout_leaf=16, nr_cpu_ids=32
[    0.068409] RCU Tasks: Setting shift to 5 and lim to 1 rcu_task_cb_adjust=1.
[    0.068976] RCU Tasks Rude: Setting shift to 5 and lim to 1 rcu_task_cb_adjust=1.
[    0.069590] RCU Tasks Trace: Setting shift to 5 and lim to 1 rcu_task_cb_adjust=1.
[    0.071838] NR_IRQS: 4352, nr_irqs: 680, preallocated irqs: 16
[    0.072468] rcu: srcu_init: Setting srcu_struct sizes based on contention.
[    0.073148] Console: colour *CGA 80x25
[    0.073476] ACPI: Core revision 20240322
[    0.073849] clocksource: hpet: mask: 0xffffffff max_cycles: 0xffffffff, max_idle_ns: 19112604467 ns
[    0.074617] APIC: Switch to symmetric I/O mode setup
[    0.075015] APIC: Switched APIC routing to: physical flat
[    0.075438] kvm-guest: APIC: send_IPI_mask() replaced with kvm_send_ipi_mask()
[    0.075985] kvm-guest: APIC: send_IPI_mask_allbutself() replaced with kvm_send_ipi_mask_allbutself()
[    0.076701] kvm-guest: setup PV IPIs
[    0.077794] ..TIMER: vector=0x30 apic1=0 pin1=2 apic2=-1 pin2=-1
[    0.078643] tsc: Marking TSC unstable due to TSCs unsynchronized
[    0.079455] Calibrating delay loop (skipped) preset value.. 8983.11 BogoMIPS (lpj=4491556)
[    0.081501] x86/cpu: User Mode Instruction Prevention (UMIP) activated
[    0.082438] Last level iTLB entries: 4KB 512, 2MB 255, 4MB 127
[    0.082454] Last level dTLB entries: 4KB 512, 2MB 255, 4MB 127, 1GB 0
[    0.083459] Spectre V1 : Mitigation: usercopy/swapgs barriers and __user pointer sanitization
[    0.084457] Spectre V2 : Mitigation: Enhanced / Automatic IBRS
[    0.085453] Spectre V2 : Spectre v2 / SpectreRSB mitigation: Filling RSB on context switch
[    0.086455] Spectre V2 : mitigation: Enabling conditional Indirect Branch Prediction Barrier
[    0.087455] Speculative Store Bypass: Mitigation: Speculative Store Bypass disabled via prctl
[    0.088454] Speculative Return Stack Overflow: IBPB-extending microcode not applied!
[    0.089453] Speculative Return Stack Overflow: WARNING: See https://kernel.org/doc/html/latest/admin-guide/hw-vuln/srso.html for mitigation options.
[    0.089454] Speculative Return Stack Overflow: Vulnerable: Safe RET, no microcode
[    0.091469] x86/fpu: Supporting XSAVE feature 0x001: 'x87 floating point registers'
[    0.092453] x86/fpu: Supporting XSAVE feature 0x002: 'SSE registers'
[    0.093453] x86/fpu: Supporting XSAVE feature 0x004: 'AVX registers'
[    0.094296] x86/fpu: Supporting XSAVE feature 0x020: 'AVX-512 opmask'
[    0.094454] x86/fpu: Supporting XSAVE feature 0x040: 'AVX-512 Hi256'
[    0.095453] x86/fpu: Supporting XSAVE feature 0x080: 'AVX-512 ZMM_Hi256'
[    0.096453] x86/fpu: Supporting XSAVE feature 0x200: 'Protection Keys User registers'
[    0.097454] x86/fpu: xstate_offset[2]:  576, xstate_sizes[2]:  256
[    0.098453] x86/fpu: xstate_offset[5]:  832, xstate_sizes[5]:   64
[    0.099453] x86/fpu: xstate_offset[6]:  896, xstate_sizes[6]:  512
[    0.100454] x86/fpu: xstate_offset[7]: 1408, xstate_sizes[7]: 1024
[    0.101265] x86/fpu: xstate_offset[9]: 2432, xstate_sizes[9]:    8
[    0.101453] x86/fpu: Enabled xstate features 0x2e7, context size is 2440 bytes, using 'compacted' format.
[    0.117464] Freeing SMP alternatives memory: 40K
[    0.118105] pid_max: default: 32768 minimum: 301
[    0.118480] Mount-cache hash table entries: 2048 (order: 2, 16384 bytes, linear)
[    0.119455] Mountpoint-cache hash table entries: 2048 (order: 2, 16384 bytes, linear)
[    0.120616] smpboot: CPU0: AMD Ryzen 9 7950X 16-Core Processor (family: 0x19, model: 0x61, stepping: 0x2)
[    0.121605] Performance Events: Fam17h+ core perfctr, AMD PMU driver.
[    0.122459] ... version:                0
[    0.123137] ... bit width:              48
[    0.123455] ... generic registers:      6
[    0.124132] ... value mask:             0000ffffffffffff
[    0.124455] ... max period:             00007fffffffffff
[    0.125360] ... fixed-purpose events:   0
[    0.125455] ... event mask:             000000000000003f
[    0.126451] signal: max sigframe size: 3376
[    0.127181] rcu: Hierarchical SRCU implementation.
[    0.127456] rcu: Max phase no-delay instances is 400.
[    0.131142] smp: Bringing up secondary CPUs ...
[    0.131526] smpboot: x86: Booting SMP configuration:
[    0.132362] .... node  #0, CPUs:        #1  #2  #3  #4  #5  #6  #7  #8  #9 #10 #11 #12 #13 #14 #15 #16 #17 #18 #19 #20 #21 #22 #23 #24 #25 #26 #27 #28 #29 #30 #31
[    0.152511] smp: Brought up 1 node, 32 CPUs
[    0.154010] smpboot: Total of 32 processors activated (287459.58 BogoMIPS)
[    0.157516] devtmpfs: initialized
[    0.157924] x86/mm: Memory block size: 128MB
[    0.159180] clocksource: jiffies: mask: 0xffffffff max_cycles: 0xffffffff, max_idle_ns: 1911260446275000 ns
[    0.159456] futex hash table entries: 8192 (order: 7, 524288 bytes, linear)
[    0.160528] PM: RTC time: 12:06:53, date: 2024-05-31
[    0.161561] NET: Registered PF_NETLINK/PF_ROUTE protocol family
[    0.162484] thermal_sys: Registered thermal governor 'step_wise'
[    0.162485] thermal_sys: Registered thermal governor 'user_space'
[    0.163298] cpuidle: using governor menu
[    0.164694] PCI: Using configuration type 1 for base access
[    0.165462] PCI: Using configuration type 1 for extended access
[    0.166311] kprobes: kprobe jump-optimization is enabled. All kprobes are optimized if possible.
[    0.174456] HugeTLB: registered 1.00 GiB page size, pre-allocated 0 pages
[    0.175456] HugeTLB: 16380 KiB vmemmap can be freed for a 1.00 GiB page
[    0.176456] HugeTLB: registered 2.00 MiB page size, pre-allocated 0 pages
[    0.177455] HugeTLB: 28 KiB vmemmap can be freed for a 2.00 MiB page
[    0.181455] Demotion targets for Node 0: null
[    0.181503] ACPI: Added _OSI(Module Device)
[    0.182210] ACPI: Added _OSI(Processor Device)
[    0.183456] ACPI: Added _OSI(3.0 _SCP Extensions)
[    0.184245] ACPI: Added _OSI(Processor Aggregator Device)
[    0.186371] ACPI: 1 ACPI AML tables successfully acquired and loaded
[    0.188477] ACPI: _OSC evaluation for CPUs failed, trying _PDC
[    0.189629] ACPI: Interpreter enabled
[    0.190254] ACPI: PM: (supports S0 S3 S4 S5)
[    0.190455] ACPI: Using IOAPIC for interrupt routing
[    0.191292] PCI: Using host bridge windows from ACPI; if necessary, use "pci=nocrs" and report a bug
[    0.193455] PCI: Using E820 reservations for host bridge windows
[    0.194568] ACPI: Enabled 2 GPEs in block 00 to 0F
[    0.198639] ACPI: PCI Root Bridge [PCI0] (domain 0000 [bus 00-ff])
[    0.199459] acpi PNP0A03:00: _OSC: OS supports [ExtendedConfig ASPM ClockPM Segments MSI HPX-Type3]
[    0.200566] PCI host bridge to bus 0000:00
[    0.201256] pci_bus 0000:00: root bus resource [io  0x0000-0x0cf7 window]
[    0.202456] pci_bus 0000:00: root bus resource [io  0x0d00-0xffff window]
[    0.204455] pci_bus 0000:00: root bus resource [mem 0x000a0000-0x000bffff window]
[    0.205455] pci_bus 0000:00: root bus resource [mem 0x40000000-0xfebfffff window]
[    0.206456] pci_bus 0000:00: root bus resource [mem 0x100000000-0x17fffffff window]
[    0.207456] pci_bus 0000:00: root bus resource [bus 00-ff]
[    0.208506] pci 0000:00:00.0: [8086:1237] type 00 class 0x060000 conventional PCI endpoint
[    0.210725] pci 0000:00:01.0: [8086:7000] type 00 class 0x060100 conventional PCI endpoint
[    0.211784] pci 0000:00:01.1: [8086:7010] type 00 class 0x010180 conventional PCI endpoint
[    0.215947] pci 0000:00:01.1: BAR 4 [io  0xc0c0-0xc0cf]
[    0.217445] pci 0000:00:01.1: BAR 0 [io  0x01f0-0x01f7]: legacy IDE quirk
[    0.219456] pci 0000:00:01.1: BAR 1 [io  0x03f6]: legacy IDE quirk
[    0.220277] pci 0000:00:01.1: BAR 2 [io  0x0170-0x0177]: legacy IDE quirk
[    0.220455] pci 0000:00:01.1: BAR 3 [io  0x0376]: legacy IDE quirk
[    0.221368] pci 0000:00:01.3: [8086:7113] type 00 class 0x068000 conventional PCI endpoint
[    0.222706] pci 0000:00:01.3: quirk: [io  0x0600-0x063f] claimed by PIIX4 ACPI
[    0.224459] pci 0000:00:01.3: quirk: [io  0x0700-0x070f] claimed by PIIX4 SMB
[    0.225578] pci 0000:00:02.0: [1af4:1009] type 00 class 0x000200 conventional PCI endpoint
[    0.227456] pci 0000:00:02.0: BAR 0 [io  0xc000-0xc03f]
[    0.230154] pci 0000:00:02.0: BAR 1 [mem 0xfebfc000-0xfebfcfff]
[    0.234456] pci 0000:00:02.0: BAR 4 [mem 0xfebf0000-0xfebf3fff 64bit pref]
[    0.237788] pci 0000:00:03.0: [1af4:1009] type 00 class 0x000200 conventional PCI endpoint
[    0.241117] pci 0000:00:03.0: BAR 0 [io  0xc040-0xc07f]
[    0.243455] pci 0000:00:03.0: BAR 1 [mem 0xfebfd000-0xfebfdfff]
[    0.248140] pci 0000:00:03.0: BAR 4 [mem 0xfebf4000-0xfebf7fff 64bit pref]
[    0.251940] pci 0000:00:04.0: [8086:25ab] type 00 class 0x088000 conventional PCI endpoint
[    0.252823] pci 0000:00:04.0: BAR 0 [mem 0xfebfe000-0xfebfe00f]
[    0.257335] pci 0000:00:05.0: [1af4:1003] type 00 class 0x078000 conventional PCI endpoint
[    0.259456] pci 0000:00:05.0: BAR 0 [io  0xc080-0xc0bf]
[    0.261107] pci 0000:00:05.0: BAR 1 [mem 0xfebff000-0xfebfffff]
[    0.266456] pci 0000:00:05.0: BAR 4 [mem 0xfebf8000-0xfebfbfff 64bit pref]
[    0.269919] ACPI: PCI: Interrupt link LNKA configured for IRQ 10
[    0.270569] ACPI: PCI: Interrupt link LNKB configured for IRQ 10
[    0.271473] ACPI: PCI: Interrupt link LNKC configured for IRQ 11
[    0.273556] ACPI: PCI: Interrupt link LNKD configured for IRQ 11
[    0.274441] ACPI: PCI: Interrupt link LNKS configured for IRQ 9
[    0.276373] iommu: Default domain type: Translated
[    0.276455] iommu: DMA domain TLB invalidation policy: lazy mode
[    0.277321] SCSI subsystem initialized
[    0.278491] pps_core: LinuxPPS API ver. 1 registered
[    0.279151] pps_core: Software ver. 5.3.6 - Copyright 2005-2007 Rodolfo Giometti <giometti@linux.it>
[    0.280457] PTP clock support registered
[    0.280991] Advanced Linux Sound Architecture Driver Initialized.
[    0.281752] NET: Registered PF_ATMPVC protocol family
[    0.282441] NET: Registered PF_ATMSVC protocol family
[    0.283459] PCI: Using ACPI for IRQ routing
[    0.284115] vgaarb: loaded
[    0.284491] hpet0: at MMIO 0xfed00000, IRQs 2, 8, 0
[    0.285141] hpet0: 3 comparators, 64-bit 100.000000 MHz counter
[    0.295103] clocksource: Switched to clocksource kvm-clock
[    0.295990] VFS: Disk quotas dquot_6.6.0
[    0.296588] VFS: Dquot-cache hash table entries: 512 (order 0, 4096 bytes)
[    0.297589] pnp: PnP ACPI init
[    0.298187] pnp: PnP ACPI: found 5 devices
[    0.304075] clocksource: acpi_pm: mask: 0xffffff max_cycles: 0xffffff, max_idle_ns: 2085701024 ns
[    0.305304] NET: Registered PF_INET protocol family
[    0.306083] IP idents hash table entries: 16384 (order: 5, 131072 bytes, linear)
[    0.307258] tcp_listen_portaddr_hash hash table entries: 512 (order: 1, 8192 bytes, linear)
[    0.308398] Table-perturb hash table entries: 65536 (order: 6, 262144 bytes, linear)
[    0.309725] TCP established hash table entries: 8192 (order: 4, 65536 bytes, linear)
[    0.311059] TCP bind hash table entries: 8192 (order: 6, 262144 bytes, linear)
[    0.312309] TCP: Hash tables configured (established 8192 bind 8192)
[    0.313441] UDP hash table entries: 512 (order: 2, 16384 bytes, linear)
[    0.314599] UDP-Lite hash table entries: 512 (order: 2, 16384 bytes, linear)
[    0.315848] NET: Registered PF_UNIX/PF_LOCAL protocol family
[    0.316834] pci_bus 0000:00: resource 4 [io  0x0000-0x0cf7 window]
[    0.317892] pci_bus 0000:00: resource 5 [io  0x0d00-0xffff window]
[    0.318949] pci_bus 0000:00: resource 6 [mem 0x000a0000-0x000bffff window]
[    0.320127] pci_bus 0000:00: resource 7 [mem 0x40000000-0xfebfffff window]
[    0.321307] pci_bus 0000:00: resource 8 [mem 0x100000000-0x17fffffff window]
[    0.322552] pci 0000:00:01.0: PIIX3: Enabling Passive Release
[    0.323549] pci 0000:00:00.0: Limiting direct PCI/PCI transfers
[    0.324615] PCI: CLS 0 bytes, default 64
[    0.325354] kvm_intel: VMX not supported by CPU 10
[    0.326202] kvm_amd: TSC scaling supported
[    0.326910] kvm_amd: Nested Virtualization enabled
[    0.327733] kvm_amd: Nested Paging enabled
[    0.328448] kvm_amd: Virtual VMLOAD VMSAVE supported
[    0.329296] kvm_amd: Virtual GIF supported
[    0.330005] kvm_amd: Virtual NMI enabled
[    0.330679] kvm_amd: LBR virtualization supported
[    0.423132] Initialise system trusted keyrings
[    0.423810] workingset: timestamp_bits=56 max_order=18 bucket_order=0
[    0.424702] squashfs: version 4.0 (2009/01/31) Phillip Lougher
[    0.425493] fuse: init (API version 7.40)
[    0.426053] 9p: Installing v9fs 9p2000 file system support
[    0.433467] Key type asymmetric registered
[    0.434016] Asymmetric key parser 'x509' registered
[    0.434685] Block layer SCSI generic (bsg) driver version 0.4 loaded (major 249)
[    0.435686] io scheduler mq-deadline registered
[    0.436293] io scheduler kyber registered
[    0.437882] input: Power Button as /devices/LNXSYSTM:00/LNXPWRBN:00/input/input0
[    0.438971] ACPI: button: Power Button [PWRF]
[    0.439596] Warning: Processor Platform Limit event detected, but not handled.
[    0.440574] Consider compiling CPUfreq support into your kernel.
[    0.458492] ACPI: \_SB_.LNKB: Enabled at IRQ 10
[    0.476179] ACPI: \_SB_.LNKC: Enabled at IRQ 11
[    0.493862] ACPI: \_SB_.LNKA: Enabled at IRQ 10
[    0.495169] Serial: 8250/16550 driver, 4 ports, IRQ sharing enabled
[    0.496153] 00:03: ttyS0 at I/O 0x3f8 (irq = 4, base_baud = 115200) is a 16550A
[    0.547934] Non-volatile memory driver v1.3
[    0.548516] Linux agpgart interface v0.103
[    0.549099] printk: legacy console [hvc0] enabled
[    0.549139] ACPI: bus type drm_connector registered
[    0.549921] printk: legacy bootconsole [earlyser0] disabled
          _      _                                    
   __   _(_)_ __| |_ _ __ ___   ___       _ __   __ _ 
   \ \ / / |  __| __|  _   _ \ / _ \_____|  _ \ / _  |
    \ V /| | |  | |_| | | | | |  __/_____| | | | (_| |
     \_/ |_|_|   \__|_| |_| |_|\___|     |_| |_|\__  |
                                                |___/ 
   kernel version: 6.9.0-virtme x86_64
   (CTRL+d to exit)

virtme-ng:/nipa-data/kernel# PS1='xx__-> '
xx__-> env
PWD=/nipa-data/kernel
nr_open=1048576
HOME=/root
TERM=xterm
SHLVL=2
XDG_RUNTIME_DIR=/run/user/0
PATH=/bin:/sbin:/usr/bin:/usr/sbin:/usr/local/bin
OLDPWD=/
_=/usr/bin/env
xx__-> 