No EFI environment detected.
early console in extract_kernel
input_data: 0x0000000004b142b9
input_len: 0x00000000017c040b
output: 0x0000000001000000
output_len: 0x0000000005261978
kernel_total_size: 0x0000000004e30000
needed_size: 0x0000000005400000
trampoline_32bit: 0x0000000000000000
Physical KASLR using RDRAND RDTSC...
Virtual KASLR using RDRAND RDTSC...

Decompressing Linux... Parsing ELF... Performing relocations... done.
Booting the kernel (entry_offset: 0x0000000000000000).
[    0.000000] Linux version 6.8.0-rc6-virtme (root@7218c9c84418) (gcc (Alpine 13.2.1_git20231014) 13.2.1 20231014, GNU ld (GNU Binutils) 2.42) #1 SMP PREEMPT_DYNAMIC Sun Mar  3 03:26:39 UTC 2024
[    0.000000] Command line: virtme_hostname=virtme-ng virtme_link_mods=/nipa-data/kernel/.virtme_mods/lib/modules/0.0.0 virtme_initmount0=nipa-data/kernel virtme_rw_overlay0=/etc virtme_rw_overlay1=/lib virtme_rw_overlay2=/home virtme_rw_overlay3=/opt virtme_rw_overlay4=/srv virtme_rw_overlay5=/usr virtme_rw_overlay6=/var earlyprintk=serial,ttyS0,115200 console=ttyS0 psmouse.proto=exps TERM=xterm virtme_chdir=nipa-data/kernel virtme_root_user=1 rootfstype=9p rootflags=version=9p2000.L,trans=virtio,access=any raid=noautodetect ro init=/usr/lib/python3.11/site-packages/virtme/guest/virtme-init
[    0.000000] BIOS-provided physical RAM map:
[    0.000000] BIOS-e820: [mem 0x0000000000000000-0x000000000009fbff] usable
[    0.000000] BIOS-e820: [mem 0x000000000009fc00-0x000000000009ffff] reserved
[    0.000000] BIOS-e820: [mem 0x00000000000f0000-0x00000000000fffff] reserved
[    0.000000] BIOS-e820: [mem 0x0000000000100000-0x000000003ffdffff] usable
[    0.000000] BIOS-e820: [mem 0x000000003ffe0000-0x000000003fffffff] reserved
[    0.000000] BIOS-e820: [mem 0x00000000feffc000-0x00000000feffffff] reserved
[    0.000000] BIOS-e820: [mem 0x00000000fffc0000-0x00000000ffffffff] reserved
[    0.000000] BIOS-e820: [mem 0x000000fd00000000-0x000000ffffffffff] reserved
[    0.000000] printk: legacy bootconsole [earlyser0] enabled
[    0.000000] NX (Execute Disable) protection: active
[    0.000000] APIC: Static calls initialized
[    0.000000] SMBIOS 3.0.0 present.
[    0.000000] DMI: QEMU Standard PC (i440FX + PIIX, 1996), BIOS rel-1.16.3-0-ga6ed6b701f0a-prebuilt.qemu.org 04/01/2014
[    0.000000] Hypervisor detected: KVM
[    0.000000] kvm-clock: Using msrs 4b564d01 and 4b564d00
[    0.000000] kvm-clock: using sched offset of 334727768 cycles
[    0.000382] clocksource: kvm-clock: mask: 0xffffffffffffffff max_cycles: 0x1cd42e4dffb, max_idle_ns: 881590591483 ns
[    0.001579] tsc: Detected 4491.536 MHz processor
[    0.002297] last_pfn = 0x3ffe0 max_arch_pfn = 0x400000000
[    0.002717] MTRR map: 4 entries (3 fixed + 1 variable; max 19), built from 8 variable MTRRs
[    0.003335] x86/PAT: Configuration [0-7]: WB  WC  UC- UC  WB  WP  UC- WT  
[    0.005360] found SMP MP-table at [mem 0x000f5470-0x000f547f]
[    0.005802] Using GB pages for direct mapping
[    0.006278] ACPI: Early table checksum verification disabled
[    0.006693] ACPI: RSDP 0x00000000000F5290 000014 (v00 BOCHS )
[    0.007122] ACPI: RSDT 0x000000003FFE27B6 000034 (v01 BOCHS  BXPC     00000001 BXPC 00000001)
[    0.007762] ACPI: FACP 0x000000003FFE2572 000074 (v01 BOCHS  BXPC     00000001 BXPC 00000001)
[    0.008387] ACPI: DSDT 0x000000003FFE0040 002532 (v01 BOCHS  BXPC     00000001 BXPC 00000001)
[    0.009022] ACPI: FACS 0x000000003FFE0000 000040
[    0.009360] ACPI: APIC 0x000000003FFE25E6 000170 (v03 BOCHS  BXPC     00000001 BXPC 00000001)
[    0.009997] ACPI: HPET 0x000000003FFE2756 000038 (v01 BOCHS  BXPC     00000001 BXPC 00000001)
[    0.010619] ACPI: WAET 0x000000003FFE278E 000028 (v01 BOCHS  BXPC     00000001 BXPC 00000001)
[    0.011244] ACPI: Reserving FACP table memory at [mem 0x3ffe2572-0x3ffe25e5]
[    0.011768] ACPI: Reserving DSDT table memory at [mem 0x3ffe0040-0x3ffe2571]
[    0.012285] ACPI: Reserving FACS table memory at [mem 0x3ffe0000-0x3ffe003f]
[    0.012809] ACPI: Reserving APIC table memory at [mem 0x3ffe25e6-0x3ffe2755]
[    0.013321] ACPI: Reserving HPET table memory at [mem 0x3ffe2756-0x3ffe278d]
[    0.013847] ACPI: Reserving WAET table memory at [mem 0x3ffe278e-0x3ffe27b5]
[    0.014557] No NUMA configuration found
[    0.014841] Faking a node at [mem 0x0000000000000000-0x000000003ffdffff]
[    0.015330] NODE_DATA(0) allocated [mem 0x3ffdb000-0x3ffdffff]
[    0.015780] Zone ranges:
[    0.015966]   DMA      [mem 0x0000000000001000-0x0000000000ffffff]
[    0.016418]   DMA32    [mem 0x0000000001000000-0x000000003ffdffff]
[    0.016884]   Normal   empty
[    0.017095]   Device   empty
[    0.017305] Movable zone start for each node
[    0.017619] Early memory node ranges
[    0.017890]   node   0: [mem 0x0000000000001000-0x000000000009efff]
[    0.018348]   node   0: [mem 0x0000000000100000-0x000000003ffdffff]
[    0.018810] Initmem setup node 0 [mem 0x0000000000001000-0x000000003ffdffff]
[    0.019410] On node 0, zone DMA: 1 pages in unavailable ranges
[    0.019900] On node 0, zone DMA: 97 pages in unavailable ranges
[    0.024497] On node 0, zone DMA32: 32 pages in unavailable ranges
[    0.034165] kasan: KernelAddressSanitizer initialized
[    0.034777] ACPI: PM-Timer IO Port: 0x608
[    0.035100] ACPI: LAPIC_NMI (acpi_id[0xff] dfl dfl lint[0x1])
[    0.035543] IOAPIC[0]: apic_id 0, version 17, address 0xfec00000, GSI 0-23
[    0.036059] ACPI: INT_SRC_OVR (bus 0 bus_irq 0 global_irq 2 dfl dfl)
[    0.036524] ACPI: INT_SRC_OVR (bus 0 bus_irq 5 global_irq 5 high level)
[    0.037016] ACPI: INT_SRC_OVR (bus 0 bus_irq 9 global_irq 9 high level)
[    0.037503] ACPI: INT_SRC_OVR (bus 0 bus_irq 10 global_irq 10 high level)
[    0.038005] ACPI: INT_SRC_OVR (bus 0 bus_irq 11 global_irq 11 high level)
[    0.038503] ACPI: Using ACPI (MADT) for SMP configuration information
[    0.038982] ACPI: HPET id: 0x8086a201 base: 0xfed00000
[    0.039360] TSC deadline timer available
[    0.039646] smpboot: Allowing 32 CPUs, 0 hotplug CPUs
[    0.040039] kvm-guest: APIC: eoi() replaced with kvm_guest_apic_eoi_write()
[    0.040560] kvm-guest: KVM setup pv remote TLB flush
[    0.040932] kvm-guest: setup PV sched yield
[    0.041244] PM: hibernation: Registered nosave memory: [mem 0x00000000-0x00000fff]
[    0.041809] PM: hibernation: Registered nosave memory: [mem 0x0009f000-0x0009ffff]
[    0.042366] PM: hibernation: Registered nosave memory: [mem 0x000a0000-0x000effff]
[    0.042926] PM: hibernation: Registered nosave memory: [mem 0x000f0000-0x000fffff]
[    0.043481] [mem 0x40000000-0xfeffbfff] available for PCI devices
[    0.043941] Booting paravirtualized kernel on KVM
[    0.044287] clocksource: refined-jiffies: mask: 0xffffffff max_cycles: 0xffffffff, max_idle_ns: 1910969940391419 ns
[    0.052962] setup_percpu: NR_CPUS:64 nr_cpumask_bits:32 nr_cpu_ids:32 nr_node_ids:1
[    0.054797] percpu: Embedded 68 pages/cpu s241448 r8192 d28888 u524288
[    0.055336] Kernel command line: virtme_hostname=virtme-ng virtme_link_mods=/nipa-data/kernel/.virtme_mods/lib/modules/0.0.0 virtme_initmount0=nipa-data/kernel virtme_rw_overlay0=/etc virtme_rw_overlay1=/lib virtme_rw_overlay2=/home virtme_rw_overlay3=/opt virtme_rw_overlay4=/srv virtme_rw_overlay5=/usr virtme_rw_overlay6=/var earlyprintk=serial,ttyS0,115200 console=ttyS0 psmouse.proto=exps TERM=xterm virtme_chdir=nipa-data/kernel virtme_root_user=1 rootfstype=9p rootflags=version=9p2000.L,trans=virtio,access=any raid=noautodetect ro init=/usr/lib/python3.11/site-packages/virtme/guest/virtme-init
[    0.059621] Unknown kernel command line parameters "virtme_hostname=virtme-ng virtme_link_mods=/nipa-data/kernel/.virtme_mods/lib/modules/0.0.0 virtme_initmount0=nipa-data/kernel virtme_rw_overlay0=/etc virtme_rw_overlay1=/lib virtme_rw_overlay2=/home virtme_rw_overlay3=/opt virtme_rw_overlay4=/srv virtme_rw_overlay5=/usr virtme_rw_overlay6=/var virtme_chdir=nipa-data/kernel virtme_root_user=1", will be passed to user space.
[    0.062914] random: crng init done
[    0.063202] Dentry cache hash table entries: 131072 (order: 8, 1048576 bytes, linear)
[    0.063829] Inode-cache hash table entries: 65536 (order: 7, 524288 bytes, linear)
[    0.064863] Fallback order for Node 0: 0 
[    0.064868] Built 1 zonelists, mobility grouping on.  Total pages: 257760
[    0.065688] Policy zone: DMA32
[    0.065965] mem auto-init: stack:all(zero), heap alloc:off, heap free:off
[    0.066580] stackdepot: allocating hash table via alloc_large_system_hash
[    0.067198] stackdepot hash table entries: 1048576 (order: 12, 16777216 bytes, linear)
[    0.075170] Memory: 781324K/1048056K available (43008K kernel code, 11327K rwdata, 9564K rodata, 5744K init, 2432K bss, 266476K reserved, 0K cma-reserved)
[    0.076413] SLUB: HWalign=64, Order=0-3, MinObjects=0, CPUs=32, Nodes=1
Poking KASLR using RDRAND RDTSC...
[    0.077182] ftrace: allocating 46464 entries in 182 pages
[    0.085660] ftrace: allocated 182 pages with 5 groups
[    0.086885] Dynamic Preempt: voluntary
[    0.087503] rcu: Preemptible hierarchical RCU implementation.
[    0.087947] rcu: RCU event tracing is enabled.
[    0.088286] rcu: RCU restricting CPUs from NR_CPUS=64 to nr_cpu_ids=32.
[    0.088798] Trampoline variant of Tasks RCU enabled.
[    0.089178] Rude variant of Tasks RCU enabled.
[    0.089522] Tracing variant of Tasks RCU enabled.
[    0.089890] rcu: RCU calculated value of scheduler-enlistment delay is 100 jiffies.
[    0.090462] rcu: Adjusting geometry for rcu_fanout_leaf=16, nr_cpu_ids=32
[    0.099139] NR_IRQS: 4352, nr_irqs: 680, preallocated irqs: 16
[    0.099827] rcu: srcu_init: Setting srcu_struct sizes based on contention.
[    0.100552] Console: colour *CGA 80x25
[    0.100863] printk: legacy console [ttyS0] enabled
[    0.100863] printk: legacy console [ttyS0] enabled
[    0.101624] printk: legacy bootconsole [earlyser0] disabled
[    0.101624] printk: legacy bootconsole [earlyser0] disabled
[    0.102485] ACPI: Core revision 20230628
[    0.102938] clocksource: hpet: mask: 0xffffffff max_cycles: 0xffffffff, max_idle_ns: 19112604467 ns
[    0.103692] APIC: Switch to symmetric I/O mode setup
[    0.104075] APIC: Switched APIC routing to: physical flat
[    0.104487] kvm-guest: APIC: send_IPI_mask() replaced with kvm_send_ipi_mask()
[    0.105025] kvm-guest: APIC: send_IPI_mask_allbutself() replaced with kvm_send_ipi_mask_allbutself()
[    0.105737] kvm-guest: setup PV IPIs
[    0.106878] ..TIMER: vector=0x30 apic1=0 pin1=2 apic2=-1 pin2=-1
[    0.107683] tsc: Marking TSC unstable due to TSCs unsynchronized
[    0.108470] Calibrating delay loop (skipped) preset value.. 8983.07 BogoMIPS (lpj=4491536)
[    0.109528] x86/cpu: User Mode Instruction Prevention (UMIP) activated
[    0.110525] Last level iTLB entries: 4KB 512, 2MB 255, 4MB 127
[    0.111466] Last level dTLB entries: 4KB 512, 2MB 255, 4MB 127, 1GB 0
[    0.112469] Spectre V1 : Mitigation: usercopy/swapgs barriers and __user pointer sanitization
[    0.113470] Spectre V2 : Mitigation: Enhanced / Automatic IBRS
[    0.114466] Spectre V2 : Spectre v2 / SpectreRSB mitigation: Filling RSB on context switch
[    0.115467] Spectre V2 : mitigation: Enabling conditional Indirect Branch Prediction Barrier
[    0.116468] Speculative Store Bypass: Mitigation: Speculative Store Bypass disabled via prctl
[    0.117466] Speculative Return Stack Overflow: IBPB-extending microcode not applied!
[    0.118466] Speculative Return Stack Overflow: WARNING: See https://kernel.org/doc/html/latest/admin-guide/hw-vuln/srso.html for mitigation options.
[    0.118467] Speculative Return Stack Overflow: Vulnerable: Safe RET, no microcode
[    0.120481] x86/fpu: Supporting XSAVE feature 0x001: 'x87 floating point registers'
[    0.121466] x86/fpu: Supporting XSAVE feature 0x002: 'SSE registers'
[    0.122466] x86/fpu: Supporting XSAVE feature 0x004: 'AVX registers'
[    0.123466] x86/fpu: Supporting XSAVE feature 0x020: 'AVX-512 opmask'
[    0.124466] x86/fpu: Supporting XSAVE feature 0x040: 'AVX-512 Hi256'
[    0.125283] x86/fpu: Supporting XSAVE feature 0x080: 'AVX-512 ZMM_Hi256'
[    0.125468] x86/fpu: Supporting XSAVE feature 0x200: 'Protection Keys User registers'
[    0.126467] x86/fpu: xstate_offset[2]:  576, xstate_sizes[2]:  256
[    0.127466] x86/fpu: xstate_offset[5]:  832, xstate_sizes[5]:   64
[    0.128466] x86/fpu: xstate_offset[6]:  896, xstate_sizes[6]:  512
[    0.129466] x86/fpu: xstate_offset[7]: 1408, xstate_sizes[7]: 1024
[    0.130466] x86/fpu: xstate_offset[9]: 2432, xstate_sizes[9]:    8
[    0.131466] x86/fpu: Enabled xstate features 0x2e7, context size is 2440 bytes, using 'compacted' format.
[    0.157068] Freeing SMP alternatives memory: 36K
[    0.157467] pid_max: default: 32768 minimum: 301
[    0.158223] Mount-cache hash table entries: 2048 (order: 2, 16384 bytes, linear)
[    0.158468] Mountpoint-cache hash table entries: 2048 (order: 2, 16384 bytes, linear)
[    0.160100] smpboot: CPU0: AMD Ryzen 9 7950X 16-Core Processor (family: 0x19, model: 0x61, stepping: 0x2)
[    0.160788] RCU Tasks: Setting shift to 5 and lim to 1 rcu_task_cb_adjust=1.
[    0.161495] RCU Tasks Rude: Setting shift to 5 and lim to 1 rcu_task_cb_adjust=1.
[    0.162505] RCU Tasks Trace: Setting shift to 5 and lim to 1 rcu_task_cb_adjust=1.
[    0.163504] Performance Events: Fam17h+ core perfctr, AMD PMU driver.
[    0.164471] ... version:                0
[    0.165137] ... bit width:              48
[    0.165468] ... generic registers:      6
[    0.166130] ... value mask:             0000ffffffffffff
[    0.166468] ... max period:             00007fffffffffff
[    0.167340] ... fixed-purpose events:   0
[    0.167468] ... event mask:             000000000000003f
[    0.168474] signal: max sigframe size: 3376
[    0.169228] rcu: Hierarchical SRCU implementation.
[    0.169468] rcu: Max phase no-delay instances is 400.
[    0.174888] smp: Bringing up secondary CPUs ...
[    0.175661] smpboot: x86: Booting SMP configuration:
[    0.176437] .... node  #0, CPUs:        #1  #2  #3  #4  #5  #6  #7  #8  #9 #10 #11 #12 #13 #14 #15 #16 #17 #18 #19 #20 #21 #22 #23 #24 #25 #26 #27 #28 #29 #30 #31
[    0.208630] smp: Brought up 1 node, 32 CPUs
[    0.210036] smpboot: Max logical packages: 1
[    0.210471] smpboot: Total of 32 processors activated (287458.30 BogoMIPS)
[    0.218714] devtmpfs: initialized
[    0.219641] x86/mm: Memory block size: 128MB
[    0.228819] clocksource: jiffies: mask: 0xffffffff max_cycles: 0xffffffff, max_idle_ns: 1911260446275000 ns
[    0.229569] futex hash table entries: 8192 (order: 7, 524288 bytes, linear)
[    0.230910] PM: RTC time: 03:27:20, date: 2024-03-03
[    0.232396] NET: Registered PF_NETLINK/PF_ROUTE protocol family
[    0.233556] thermal_sys: Registered thermal governor 'step_wise'
[    0.233559] thermal_sys: Registered thermal governor 'user_space'
[    0.234541] cpuidle: using governor menu
[    0.237917] PCI: Using configuration type 1 for base access
[    0.238469] PCI: Using configuration type 1 for extended access
[    0.239637] kprobes: kprobe jump-optimization is enabled. All kprobes are optimized if possible.
[    0.247703] HugeTLB: registered 1.00 GiB page size, pre-allocated 0 pages
[    0.248468] HugeTLB: 16380 KiB vmemmap can be freed for a 1.00 GiB page
[    0.249321] HugeTLB: registered 2.00 MiB page size, pre-allocated 0 pages
[    0.250468] HugeTLB: 28 KiB vmemmap can be freed for a 2.00 MiB page
[    0.251800] ACPI: Added _OSI(Module Device)
[    0.252468] ACPI: Added _OSI(Processor Device)
[    0.253044] ACPI: Added _OSI(3.0 _SCP Extensions)
[    0.253468] ACPI: Added _OSI(Processor Aggregator Device)
[    0.277744] ACPI: 1 ACPI AML tables successfully acquired and loaded
[    0.280644] ACPI: _OSC evaluation for CPUs failed, trying _PDC
[    0.283729] ACPI: Interpreter enabled
[    0.284282] ACPI: PM: (supports S0 S3 S4 S5)
[    0.284469] ACPI: Using IOAPIC for interrupt routing
[    0.285159] PCI: Using host bridge windows from ACPI; if necessary, use "pci=nocrs" and report a bug
[    0.286468] PCI: Using E820 reservations for host bridge windows
[    0.288332] ACPI: Enabled 2 GPEs in block 00 to 0F
[    0.336951] ACPI: PCI Root Bridge [PCI0] (domain 0000 [bus 00-ff])
[    0.337482] acpi PNP0A03:00: _OSC: OS supports [ExtendedConfig ASPM ClockPM Segments MSI HPX-Type3]
[    0.338986] PCI host bridge to bus 0000:00
[    0.339471] pci_bus 0000:00: root bus resource [io  0x0000-0x0cf7 window]
[    0.340360] pci_bus 0000:00: root bus resource [io  0x0d00-0xffff window]
[    0.341470] pci_bus 0000:00: root bus resource [mem 0x000a0000-0x000bffff window]
[    0.342438] pci_bus 0000:00: root bus resource [mem 0x40000000-0xfebfffff window]
[    0.343470] pci_bus 0000:00: root bus resource [mem 0x100000000-0x17fffffff window]
[    0.344471] pci_bus 0000:00: root bus resource [bus 00-ff]
[    0.345336] pci 0000:00:00.0: [8086:1237] type 00 class 0x060000 conventional PCI endpoint
[    0.347340] pci 0000:00:01.0: [8086:7000] type 00 class 0x060100 conventional PCI endpoint
[    0.349381] pci 0000:00:01.1: [8086:7010] type 00 class 0x010180 conventional PCI endpoint
[    0.352469] pci 0000:00:01.1: BAR 4 [io  0xc080-0xc08f]
[    0.353923] pci 0000:00:01.1: BAR 0 [io  0x01f0-0x01f7]: legacy IDE quirk
[    0.354468] pci 0000:00:01.1: BAR 1 [io  0x03f6]: legacy IDE quirk
[    0.355266] pci 0000:00:01.1: BAR 2 [io  0x0170-0x0177]: legacy IDE quirk
[    0.356468] pci 0000:00:01.1: BAR 3 [io  0x0376]: legacy IDE quirk
[    0.357961] pci 0000:00:01.3: [8086:7113] type 00 class 0x068000 conventional PCI endpoint
[    0.359728] pci 0000:00:01.3: quirk: [io  0x0600-0x063f] claimed by PIIX4 ACPI
[    0.360472] pci 0000:00:01.3: quirk: [io  0x0700-0x070f] claimed by PIIX4 SMB
[    0.362213] pci 0000:00:02.0: [1af4:1009] type 00 class 0x000200 conventional PCI endpoint
[    0.364469] pci 0000:00:02.0: BAR 0 [io  0xc000-0xc03f]
[    0.367152] pci 0000:00:02.0: BAR 1 [mem 0xfebfd000-0xfebfdfff]
[    0.371468] pci 0000:00:02.0: BAR 4 [mem 0xfebf4000-0xfebf7fff 64bit pref]
[    0.385020] pci 0000:00:03.0: [1af4:1009] type 00 class 0x000200 conventional PCI endpoint
[    0.387468] pci 0000:00:03.0: BAR 0 [io  0xc040-0xc07f]
[    0.389072] pci 0000:00:03.0: BAR 1 [mem 0xfebfe000-0xfebfefff]
[    0.394099] pci 0000:00:03.0: BAR 4 [mem 0xfebf8000-0xfebfbfff 64bit pref]
[    0.408108] pci 0000:00:04.0: [8086:25ab] type 00 class 0x088000 conventional PCI endpoint
[    0.409863] pci 0000:00:04.0: BAR 0 [mem 0xfebff000-0xfebff00f]
[    0.426959] ACPI: PCI: Interrupt link LNKA configured for IRQ 10
[    0.428433] ACPI: PCI: Interrupt link LNKB configured for IRQ 10
[    0.430409] ACPI: PCI: Interrupt link LNKC configured for IRQ 11
[    0.432622] ACPI: PCI: Interrupt link LNKD configured for IRQ 11
[    0.433797] ACPI: PCI: Interrupt link LNKS configured for IRQ 9
[    0.453738] iommu: Default domain type: Translated
[    0.454376] iommu: DMA domain TLB invalidation policy: lazy mode
[    0.455956] SCSI subsystem initialized
[    0.456697] pps_core: LinuxPPS API ver. 1 registered
[    0.457471] pps_core: Software ver. 5.3.6 - Copyright 2005-2007 Rodolfo Giometti <giometti@linux.it>
[    0.458486] PTP clock support registered
[    0.459624] Advanced Linux Sound Architecture Driver Initialized.
[    0.461509] NET: Registered PF_ATMPVC protocol family
[    0.462169] NET: Registered PF_ATMSVC protocol family
[    0.462491] PCI: Using ACPI for IRQ routing
[    0.463510] vgaarb: loaded
[    0.463599] hpet0: at MMIO 0xfed00000, IRQs 2, 8, 0
[    0.464237] hpet0: 3 comparators, 64-bit 100.000000 MHz counter
[    0.472437] clocksource: Switched to clocksource kvm-clock
[    0.473028] VFS: Disk quotas dquot_6.6.0
[    0.473730] VFS: Dquot-cache hash table entries: 512 (order 0, 4096 bytes)
[    0.475142] pnp: PnP ACPI init
[    0.478967] pnp: PnP ACPI: found 5 devices
[    0.491162] clocksource: acpi_pm: mask: 0xffffff max_cycles: 0xffffff, max_idle_ns: 2085701024 ns
[    0.492408] NET: Registered PF_INET protocol family
[    0.493092] IP idents hash table entries: 16384 (order: 5, 131072 bytes, linear)
[    0.494465] tcp_listen_portaddr_hash hash table entries: 512 (order: 1, 8192 bytes, linear)
[    0.495558] Table-perturb hash table entries: 65536 (order: 6, 262144 bytes, linear)
[    0.496581] TCP established hash table entries: 8192 (order: 4, 65536 bytes, linear)
[    0.497586] TCP bind hash table entries: 8192 (order: 6, 262144 bytes, linear)
[    0.498528] TCP: Hash tables configured (established 8192 bind 8192)
[    0.499519] UDP hash table entries: 512 (order: 2, 16384 bytes, linear)
[    0.500378] UDP-Lite hash table entries: 512 (order: 2, 16384 bytes, linear)
[    0.501516] NET: Registered PF_UNIX/PF_LOCAL protocol family
[    0.502270] pci_bus 0000:00: resource 4 [io  0x0000-0x0cf7 window]
[    0.503065] pci_bus 0000:00: resource 5 [io  0x0d00-0xffff window]
[    0.503870] pci_bus 0000:00: resource 6 [mem 0x000a0000-0x000bffff window]
[    0.504756] pci_bus 0000:00: resource 7 [mem 0x40000000-0xfebfffff window]
[    0.505647] pci_bus 0000:00: resource 8 [mem 0x100000000-0x17fffffff window]
[    0.506757] pci 0000:00:01.0: PIIX3: Enabling Passive Release
[    0.507517] pci 0000:00:00.0: Limiting direct PCI/PCI transfers
[    0.508320] PCI: CLS 0 bytes, default 64
[    0.508880] kvm_intel: VMX not supported by CPU 9
[    0.509525] kvm_amd: TSC scaling supported
[    0.510055] kvm_amd: Nested Virtualization enabled
[    0.510673] kvm_amd: Nested Paging enabled
[    0.511230] kvm_amd: Virtual VMLOAD VMSAVE supported
[    0.511866] kvm_amd: Virtual GIF supported
[    0.512397] kvm_amd: Virtual NMI enabled
[    0.512900] kvm_amd: LBR virtualization supported
[    0.613374] workingset: timestamp_bits=56 max_order=18 bucket_order=0
[    0.614379] squashfs: version 4.0 (2009/01/31) Phillip Lougher
[    0.615174] fuse: init (API version 7.39)
[    0.615856] 9p: Installing v9fs 9p2000 file system support
[    0.616693] Key type asymmetric registered
[    0.617304] Block layer SCSI generic (bsg) driver version 0.4 loaded (major 249)
[    0.618301] io scheduler mq-deadline registered
[    0.619041] io scheduler kyber registered
[    0.621158] input: Power Button as /devices/LNXSYSTM:00/LNXPWRBN:00/input/input0
[    0.622379] ACPI: button: Power Button [PWRF]
[    0.623074] Warning: Processor Platform Limit event detected, but not handled.
[    0.624027] Consider compiling CPUfreq support into your kernel.
[    1.512322] ACPI: \_SB_.LNKB: Enabled at IRQ 10
[    2.384170] ACPI: \_SB_.LNKC: Enabled at IRQ 11
[    2.385834] Serial: 8250/16550 driver, 4 ports, IRQ sharing enabled
[    2.387293] 00:03: ttyS0 at I/O 0x3f8 (irq = 4, base_baud = 115200) is a 16550A
[    2.390072] Non-volatile memory driver v1.3
[    2.390638] Linux agpgart interface v0.103
[    2.391352] ACPI: bus type drm_connector registered
[    2.413543] loop: module loaded
[    2.416409] scsi host0: ata_piix
[    2.417381] scsi host1: ata_piix
[    2.418027] ata1: PATA max MWDMA2 cmd 0x1f0 ctl 0x3f6 bmdma 0xc080 irq 14 lpm-pol 0
[    2.419029] ata2: PATA max MWDMA2 cmd 0x170 ctl 0x376 bmdma 0xc088 irq 15 lpm-pol 0
[    2.421605] i8042: PNP: PS/2 Controller [PNP0303:KBD,PNP0f13:MOU] at 0x60,0x64 irq 1,12
[    2.423327] serio: i8042 KBD port at 0x60,0x64 irq 1
[    2.423975] serio: i8042 AUX port at 0x60,0x64 irq 12
[    2.425264] rtc_cmos 00:04: RTC can wake from S4
[    2.426228] input: AT Translated Set 2 keyboard as /devices/platform/i8042/serio0/input/input1
[    2.428302] rtc_cmos 00:04: registered as rtc0
[    2.428918] rtc_cmos 00:04: setting system clock to 2024-03-03T03:27:22 UTC (1709436442)
[    2.430069] rtc_cmos 00:04: alarms up to one day, y3k, 242 bytes nvram, hpet irqs
[    2.431826] i6300ESB timer 0000:00:04.0: initialized. heartbeat=30 sec (nowayout=0)
[    2.433075] device-mapper: ioctl: 4.48.0-ioctl (2023-03-01) initialised: dm-devel@redhat.com
[    2.435078] NET: Registered PF_PACKET protocol family
[    2.435858] 9pnet: Installing 9P2000 support
[    2.437779] Key type dns_resolver registered
[    2.439454] input: ImExPS/2 Generic Explorer Mouse as /devices/platform/i8042/serio1/input/input3
[    2.445405] IPI shorthand broadcast: enabled
[    2.467909] sched_clock: Marking stable (2462001739, 5110434)->(2509471028, -42358855)
[    2.469303] registered taskstats version 1
[    2.484297] PM:   Magic number: 0:447:461
[    2.484888] printk: legacy console [netcon0] enabled
[    2.485548] netconsole: network logging started
[    2.486305] ALSA device list:
[    2.486702]   No soundcards found.
[    2.577391] ata2: found unknown device (class 0)
[    2.578332] ata2.00: ATAPI: QEMU DVD-ROM, 2.5+, max UDMA/100
[    2.580028] scsi 1:0:0:0: CD-ROM            QEMU     QEMU DVD-ROM     2.5+ PQ: 0 ANSI: 5
[    2.588805] scsi 1:0:0:0: Attached scsi generic sg0 type 5
[    2.589595] md: Skipping autodetection of RAID arrays. (raid=autodetect will force)
[    2.590529] 9pnet_virtio: no channels available for device 
[    2.591895] VFS: Mounted root (9p filesystem) readonly on device 0:19.
[    2.592855] devtmpfs: mounted
[    2.597772] Freeing unused kernel image (initmem) memory: 5744K
[    2.603120] Write protecting the kernel read-only data: 53248k
[    2.604180] Freeing unused kernel image (rodata/data gap) memory: 676K
[    2.640203] x86/mm: Checked W+X mappings: passed, no W+X pages found.
[    2.641085] Run /usr/lib/python3.11/site-packages/virtme/guest/virtme-init as init process
[    2.685645] mount (266) used greatest stack depth: 26752 bytes left
[    2.820582] mount (284) used greatest stack depth: 26312 bytes left
[    2.964127] virtme-init: basic initialization done
[    2.973352] virtme-init: udevd not found
[    3.073094] virtme-init: Setting hostname to virtme-ng...
[    3.095240] ip (357) used greatest stack depth: 24552 bytes left
          _      _                                    
   __   _(_)_ __| |_ _ __ ___   ___       _ __   __ _ 
   \ \ / / |  __| __|  _   _ \ / _ \_____|  _ \ / _  |
    \ V /| | |  | |_| | | | | |  __/_____| | | | (_| |
     \_/ |_|_|   \__|_| |_| |_|\___|     |_| |_|\__  |
                                                |___/ 
   kernel version: 6.8.0-rc6-virtme x86_64

virtme-ng:/nipa-data/kernel# PS1='xx__-> '
xx__-> env
PWD=/nipa-data/kernel
HOME=/
TERM=xterm
SHLVL=2
XDG_RUNTIME_DIR=/run/user/0
PATH=/bin:/sbin:/usr/bin:/usr/sbin:/usr/local/bin
OLDPWD=/
_=/usr/bin/env
xx__-> 