No EFI environment detected.
early console in extract_kernel
input_data: 0x00000000029ee2b9
input_len: 0x0000000000b1ec25
output: 0x0000000001000000
output_len: 0x00000000024c7758
kernel_total_size: 0x0000000002230000
needed_size: 0x0000000002600000
trampoline_32bit: 0x0000000000000000
Physical KASLR using RDRAND RDTSC...
Virtual KASLR using RDRAND RDTSC...

Decompressing Linux... Parsing ELF... Performing relocations... done.
Booting the kernel (entry_offset: 0x0000000000000000).
[    0.000000] Linux version 6.9.0-rc1-virtme (root@9cedcb296dc6) (gcc (Alpine 13.2.1_git20240309) 13.2.1 20240309, GNU ld (GNU Binutils) 2.42) #1 SMP PREEMPT_DYNAMIC Mon Apr  1 21:06:19 UTC 2024
[    0.000000] Command line: virtme_hostname=virtme-ng nr_open=1048576 virtme_link_mods=/nipa-data/kernel/.virtme_mods/lib/modules/0.0.0 virtme_initmount0=nipa-data/kernel virtme_rw_overlay0=/etc virtme_rw_overlay1=/lib virtme_rw_overlay2=/home virtme_rw_overlay3=/opt virtme_rw_overlay4=/srv virtme_rw_overlay5=/usr virtme_rw_overlay6=/var console=hvc0 earlyprintk=serial,ttyS0,115200 virtme_console=ttyS0 psmouse.proto=exps TERM=xterm virtme_chdir=nipa-data/kernel virtme_root_user=1 rootfstype=9p rootflags=version=9p2000.L,trans=virtio,access=any raid=noautodetect ro init=/usr/lib/python3.11/site-packages/virtme/guest/virtme-init
[    0.000000] BIOS-provided physical RAM map:
[    0.000000] BIOS-e820: [mem 0x0000000000000000-0x000000000009fbff] usable
[    0.000000] BIOS-e820: [mem 0x000000000009fc00-0x000000000009ffff] reserved
[    0.000000] BIOS-e820: [mem 0x00000000000f0000-0x00000000000fffff] reserved
[    0.000000] BIOS-e820: [mem 0x0000000000100000-0x000000003ffdffff] usable
[    0.000000] BIOS-e820: [mem 0x000000003ffe0000-0x000000003fffffff] reserved
[    0.000000] BIOS-e820: [mem 0x00000000feffc000-0x00000000feffffff] reserved
[    0.000000] BIOS-e820: [mem 0x00000000fffc0000-0x00000000ffffffff] reserved
[    0.000000] BIOS-e820: [mem 0x000000fd00000000-0x000000ffffffffff] reserved
[    0.000000] printk: legacy bootconsole [earlyser0] enabled
[    0.000000] NX (Execute Disable) protection: active
[    0.000000] APIC: Static calls initialized
[    0.000000] SMBIOS 3.0.0 present.
[    0.000000] DMI: QEMU Standard PC (i440FX + PIIX, 1996), BIOS rel-1.16.3-0-ga6ed6b701f0a-prebuilt.qemu.org 04/01/2014
[    0.000000] Hypervisor detected: KVM
[    0.000000] kvm-clock: Using msrs 4b564d01 and 4b564d00
[    0.000000] kvm-clock: using sched offset of 245758586 cycles
[    0.000388] clocksource: kvm-clock: mask: 0xffffffffffffffff max_cycles: 0x1cd42e4dffb, max_idle_ns: 881590591483 ns
[    0.001590] tsc: Detected 4491.536 MHz processor
[    0.002203] last_pfn = 0x3ffe0 max_arch_pfn = 0x400000000
[    0.002626] MTRR map: 4 entries (3 fixed + 1 variable; max 19), built from 8 variable MTRRs
[    0.003245] x86/PAT: Configuration [0-7]: WB  WC  UC- UC  WB  WP  UC- WT  
Memory KASLR using RDRAND RDTSC...
[    0.005305] found SMP MP-table at [mem 0x000f5470-0x000f547f]
[    0.005736] Using GB pages for direct mapping
[    0.006084] ACPI: Early table checksum verification disabled
[    0.006506] ACPI: RSDP 0x00000000000F5290 000014 (v00 BOCHS )
[    0.006934] ACPI: RSDT 0x000000003FFE27BC 000034 (v01 BOCHS  BXPC     00000001 BXPC 00000001)
[    0.007570] ACPI: FACP 0x000000003FFE2578 000074 (v01 BOCHS  BXPC     00000001 BXPC 00000001)
[    0.008204] ACPI: DSDT 0x000000003FFE0040 002538 (v01 BOCHS  BXPC     00000001 BXPC 00000001)
[    0.008838] ACPI: FACS 0x000000003FFE0000 000040
[    0.009181] ACPI: APIC 0x000000003FFE25EC 000170 (v03 BOCHS  BXPC     00000001 BXPC 00000001)
[    0.009819] ACPI: HPET 0x000000003FFE275C 000038 (v01 BOCHS  BXPC     00000001 BXPC 00000001)
[    0.010450] ACPI: WAET 0x000000003FFE2794 000028 (v01 BOCHS  BXPC     00000001 BXPC 00000001)
[    0.011081] ACPI: Reserving FACP table memory at [mem 0x3ffe2578-0x3ffe25eb]
[    0.011603] ACPI: Reserving DSDT table memory at [mem 0x3ffe0040-0x3ffe2577]
[    0.012125] ACPI: Reserving FACS table memory at [mem 0x3ffe0000-0x3ffe003f]
[    0.012646] ACPI: Reserving APIC table memory at [mem 0x3ffe25ec-0x3ffe275b]
[    0.013167] ACPI: Reserving HPET table memory at [mem 0x3ffe275c-0x3ffe2793]
[    0.013688] ACPI: Reserving WAET table memory at [mem 0x3ffe2794-0x3ffe27bb]
[    0.014357] No NUMA configuration found
[    0.014643] Faking a node at [mem 0x0000000000000000-0x000000003ffdffff]
[    0.015141] NODE_DATA(0) allocated [mem 0x3ffdb000-0x3ffdffff]
[    0.015583] Zone ranges:
[    0.015770]   DMA      [mem 0x0000000000001000-0x0000000000ffffff]
[    0.016228]   DMA32    [mem 0x0000000001000000-0x000000003ffdffff]
[    0.016686]   Normal   empty
[    0.016899]   Device   empty
[    0.017111] Movable zone start for each node
[    0.017426] Early memory node ranges
[    0.017690]   node   0: [mem 0x0000000000001000-0x000000000009efff]
[    0.018156]   node   0: [mem 0x0000000000100000-0x000000003ffdffff]
[    0.018620] Initmem setup node 0 [mem 0x0000000000001000-0x000000003ffdffff]
[    0.019143] On node 0, zone DMA: 1 pages in unavailable ranges
[    0.019583] On node 0, zone DMA: 97 pages in unavailable ranges
[    0.021023] On node 0, zone DMA32: 32 pages in unavailable ranges
[    0.021681] ACPI: PM-Timer IO Port: 0x608
[    0.021987] ACPI: LAPIC_NMI (acpi_id[0xff] dfl dfl lint[0x1])
[    0.022429] IOAPIC[0]: apic_id 0, version 17, address 0xfec00000, GSI 0-23
[    0.022941] ACPI: INT_SRC_OVR (bus 0 bus_irq 0 global_irq 2 dfl dfl)
[    0.023413] ACPI: INT_SRC_OVR (bus 0 bus_irq 5 global_irq 5 high level)
[    0.023904] ACPI: INT_SRC_OVR (bus 0 bus_irq 9 global_irq 9 high level)
[    0.024395] ACPI: INT_SRC_OVR (bus 0 bus_irq 10 global_irq 10 high level)
[    0.024900] ACPI: INT_SRC_OVR (bus 0 bus_irq 11 global_irq 11 high level)
[    0.025405] ACPI: Using ACPI (MADT) for SMP configuration information
[    0.025886] ACPI: HPET id: 0x8086a201 base: 0xfed00000
[    0.026269] TSC deadline timer available
[    0.026563] CPU topo: Max. logical packages:   1
[    0.026906] CPU topo: Max. logical dies:       1
[    0.027249] CPU topo: Max. dies per package:   1
[    0.027594] CPU topo: Max. threads per core:  32
[    0.027938] CPU topo: Num. cores per package:     1
[    0.028324] CPU topo: Num. threads per package:  32
[    0.028687] CPU topo: Allowing 32 present CPUs plus 0 hotplug CPUs
[    0.029176] kvm-guest: APIC: eoi() replaced with kvm_guest_apic_eoi_write()
[    0.029705] kvm-guest: KVM setup pv remote TLB flush
[    0.030083] kvm-guest: setup PV sched yield
[    0.030469] PM: hibernation: Registered nosave memory: [mem 0x00000000-0x00000fff]
[    0.031080] PM: hibernation: Registered nosave memory: [mem 0x0009f000-0x0009ffff]
[    0.031652] PM: hibernation: Registered nosave memory: [mem 0x000a0000-0x000effff]
[    0.032224] PM: hibernation: Registered nosave memory: [mem 0x000f0000-0x000fffff]
[    0.032789] [mem 0x40000000-0xfeffbfff] available for PCI devices
[    0.033269] Booting paravirtualized kernel on KVM
[    0.033622] clocksource: refined-jiffies: mask: 0xffffffff max_cycles: 0xffffffff, max_idle_ns: 1910969940391419 ns
[    0.037481] setup_percpu: NR_CPUS:64 nr_cpumask_bits:32 nr_cpu_ids:32 nr_node_ids:1
[    0.038728] percpu: Embedded 58 pages/cpu s199016 r8192 d30360 u262144
[    0.039263] Kernel command line: virtme_hostname=virtme-ng nr_open=1048576 virtme_link_mods=/nipa-data/kernel/.virtme_mods/lib/modules/0.0.0 virtme_initmount0=nipa-data/kernel virtme_rw_overlay0=/etc virtme_rw_overlay1=/lib virtme_rw_overlay2=/home virtme_rw_overlay3=/opt virtme_rw_overlay4=/srv virtme_rw_overlay5=/usr virtme_rw_overlay6=/var console=hvc0 earlyprintk=serial,ttyS0,115200 virtme_console=ttyS0 psmouse.proto=exps TERM=xterm virtme_chdir=nipa-data/kernel virtme_root_user=1 rootfstype=9p rootflags=version=9p2000.L,trans=virtio,access=any raid=noautodetect ro init=/usr/lib/python3.11/site-packages/virtme/guest/virtme-init
[    0.043708] Unknown kernel command line parameters "virtme_hostname=virtme-ng nr_open=1048576 virtme_link_mods=/nipa-data/kernel/.virtme_mods/lib/modules/0.0.0 virtme_initmount0=nipa-data/kernel virtme_rw_overlay0=/etc virtme_rw_overlay1=/lib virtme_rw_overlay2=/home virtme_rw_overlay3=/opt virtme_rw_overlay4=/srv virtme_rw_overlay5=/usr virtme_rw_overlay6=/var virtme_console=ttyS0 virtme_chdir=nipa-data/kernel virtme_root_user=1", will be passed to user space.
[    0.047088] random: crng init done
[    0.047408] Dentry cache hash table entries: 131072 (order: 8, 1048576 bytes, linear)
[    0.048025] Inode-cache hash table entries: 65536 (order: 7, 524288 bytes, linear)
[    0.048702] Fallback order for Node 0: 0 
[    0.048705] Built 1 zonelists, mobility grouping on.  Total pages: 257760
[    0.049538] Policy zone: DMA32
[    0.049771] mem auto-init: stack:all(zero), heap alloc:off, heap free:off
[    0.051135] Memory: 986612K/1048056K available (16384K kernel code, 2400K rwdata, 6100K rodata, 3052K init, 2112K bss, 61184K reserved, 0K cma-reserved)
[    0.052230] SLUB: HWalign=64, Order=0-3, MinObjects=0, CPUs=32, Nodes=1
Poking KASLR using RDRAND RDTSC...
[    0.052992] ftrace: allocating 47517 entries in 186 pages
[    0.060208] ftrace: allocated 186 pages with 5 groups
[    0.061222] Dynamic Preempt: voluntary
[    0.061651] rcu: Preemptible hierarchical RCU implementation.
[    0.062097] rcu: RCU event tracing is enabled.
[    0.062452] rcu: RCU restricting CPUs from NR_CPUS=64 to nr_cpu_ids=32.
[    0.062964] Trampoline variant of Tasks RCU enabled.
[    0.063364] Rude variant of Tasks RCU enabled.
[    0.063709] Tracing variant of Tasks RCU enabled.
[    0.064074] rcu: RCU calculated value of scheduler-enlistment delay is 100 jiffies.
[    0.064679] rcu: Adjusting geometry for rcu_fanout_leaf=16, nr_cpu_ids=32
[    0.065233] RCU Tasks: Setting shift to 5 and lim to 1 rcu_task_cb_adjust=1.
[    0.065913] RCU Tasks Rude: Setting shift to 5 and lim to 1 rcu_task_cb_adjust=1.
[    0.066633] RCU Tasks Trace: Setting shift to 5 and lim to 1 rcu_task_cb_adjust=1.
[    0.069297] NR_IRQS: 4352, nr_irqs: 680, preallocated irqs: 16
[    0.070047] rcu: srcu_init: Setting srcu_struct sizes based on contention.
[    0.070860] Console: colour *CGA 80x25
[    0.071226] ACPI: Core revision 20230628
[    0.071686] clocksource: hpet: mask: 0xffffffff max_cycles: 0xffffffff, max_idle_ns: 19112604467 ns
[    0.072626] APIC: Switch to symmetric I/O mode setup
[    0.073119] APIC: Switched APIC routing to: physical flat
[    0.073665] kvm-guest: APIC: send_IPI_mask() replaced with kvm_send_ipi_mask()
[    0.074357] kvm-guest: APIC: send_IPI_mask_allbutself() replaced with kvm_send_ipi_mask_allbutself()
[    0.075195] kvm-guest: setup PV IPIs
[    0.076495] ..TIMER: vector=0x30 apic1=0 pin1=2 apic2=-1 pin2=-1
[    0.077568] tsc: Marking TSC unstable due to TSCs unsynchronized
[    0.078661] Calibrating delay loop (skipped) preset value.. 8983.07 BogoMIPS (lpj=4491536)
[    0.079730] x86/cpu: User Mode Instruction Prevention (UMIP) activated
[    0.080720] Last level iTLB entries: 4KB 512, 2MB 255, 4MB 127
[    0.081659] Last level dTLB entries: 4KB 512, 2MB 255, 4MB 127, 1GB 0
[    0.082663] Spectre V1 : Mitigation: usercopy/swapgs barriers and __user pointer sanitization
[    0.083663] Spectre V2 : Mitigation: Enhanced / Automatic IBRS
[    0.084659] Spectre V2 : Spectre v2 / SpectreRSB mitigation: Filling RSB on context switch
[    0.085660] Spectre V2 : mitigation: Enabling conditional Indirect Branch Prediction Barrier
[    0.086659] Spectre V2 : User space: Mitigation: STIBP always-on protection
[    0.087660] Speculative Store Bypass: Mitigation: Speculative Store Bypass disabled via prctl
[    0.088659] Speculative Return Stack Overflow: IBPB-extending microcode not applied!
[    0.089659] Speculative Return Stack Overflow: WARNING: See https://kernel.org/doc/html/latest/admin-guide/hw-vuln/srso.html for mitigation options.
[    0.089660] Speculative Return Stack Overflow: Vulnerable: Safe RET, no microcode
[    0.091678] x86/fpu: Supporting XSAVE feature 0x001: 'x87 floating point registers'
[    0.092659] x86/fpu: Supporting XSAVE feature 0x002: 'SSE registers'
[    0.093659] x86/fpu: Supporting XSAVE feature 0x004: 'AVX registers'
[    0.094494] x86/fpu: Supporting XSAVE feature 0x020: 'AVX-512 opmask'
[    0.094659] x86/fpu: Supporting XSAVE feature 0x040: 'AVX-512 Hi256'
[    0.095659] x86/fpu: Supporting XSAVE feature 0x080: 'AVX-512 ZMM_Hi256'
[    0.096659] x86/fpu: Supporting XSAVE feature 0x200: 'Protection Keys User registers'
[    0.097659] x86/fpu: xstate_offset[2]:  576, xstate_sizes[2]:  256
[    0.098659] x86/fpu: xstate_offset[5]:  832, xstate_sizes[5]:   64
[    0.099658] x86/fpu: xstate_offset[6]:  896, xstate_sizes[6]:  512
[    0.100659] x86/fpu: xstate_offset[7]: 1408, xstate_sizes[7]: 1024
[    0.101658] x86/fpu: xstate_offset[9]: 2432, xstate_sizes[9]:    8
[    0.102486] x86/fpu: Enabled xstate features 0x2e7, context size is 2440 bytes, using 'compacted' format.
[    0.117609] Freeing SMP alternatives memory: 40K
[    0.117659] pid_max: default: 32768 minimum: 301
[    0.118689] Mount-cache hash table entries: 2048 (order: 2, 16384 bytes, linear)
[    0.119660] Mountpoint-cache hash table entries: 2048 (order: 2, 16384 bytes, linear)
[    0.120866] smpboot: CPU0: AMD Ryzen 9 7950X 16-Core Processor (family: 0x19, model: 0x61, stepping: 0x2)
[    0.121780] Performance Events: Fam17h+ core perfctr, AMD PMU driver.
[    0.122657] ... version:                0
[    0.123199] ... bit width:              48
[    0.123660] ... generic registers:      6
[    0.124192] ... value mask:             0000ffffffffffff
[    0.124660] ... max period:             00007fffffffffff
[    0.125367] ... fixed-purpose events:   0
[    0.125660] ... event mask:             000000000000003f
[    0.126450] signal: max sigframe size: 3376
[    0.126679] rcu: Hierarchical SRCU implementation.
[    0.127312] rcu: Max phase no-delay instances is 400.
[    0.130203] smp: Bringing up secondary CPUs ...
[    0.130732] smpboot: x86: Booting SMP configuration:
[    0.131509] .... node  #0, CPUs:        #1  #2  #3  #4  #5  #6  #7  #8  #9 #10 #11 #12 #13 #14 #15 #16 #17 #18 #19 #20 #21 #22 #23 #24 #25 #26 #27 #28 #29 #30 #31
[    0.135888] Spectre V2 : Update user space SMT mitigation: STIBP always-on
[    0.148793] smp: Brought up 1 node, 32 CPUs
[    0.149335] smpboot: Total of 32 processors activated (287458.30 BogoMIPS)
[    0.155816] devtmpfs: initialized
[    0.156106] x86/mm: Memory block size: 128MB
[    0.157373] clocksource: jiffies: mask: 0xffffffff max_cycles: 0xffffffff, max_idle_ns: 1911260446275000 ns
[    0.157662] futex hash table entries: 8192 (order: 7, 524288 bytes, linear)
[    0.158649] PM: RTC time: 21:06:49, date: 2024-04-01
[    0.158998] NET: Registered PF_NETLINK/PF_ROUTE protocol family
[    0.159784] thermal_sys: Registered thermal governor 'step_wise'
[    0.159785] thermal_sys: Registered thermal governor 'user_space'
[    0.160559] cpuidle: using governor menu
[    0.161875] PCI: Using configuration type 1 for base access
[    0.162660] PCI: Using configuration type 1 for extended access
[    0.163445] kprobes: kprobe jump-optimization is enabled. All kprobes are optimized if possible.
[    0.163840] HugeTLB: registered 1.00 GiB page size, pre-allocated 0 pages
[    0.164660] HugeTLB: 16380 KiB vmemmap can be freed for a 1.00 GiB page
[    0.165506] HugeTLB: registered 2.00 MiB page size, pre-allocated 0 pages
[    0.165660] HugeTLB: 28 KiB vmemmap can be freed for a 2.00 MiB page
[    0.166494] Demotion targets for Node 0: null
[    0.166698] ACPI: Added _OSI(Module Device)
[    0.167233] ACPI: Added _OSI(Processor Device)
[    0.167660] ACPI: Added _OSI(3.0 _SCP Extensions)
[    0.168257] ACPI: Added _OSI(Processor Aggregator Device)
[    0.169355] ACPI: 1 ACPI AML tables successfully acquired and loaded
[    0.174943] ACPI: _OSC evaluation for CPUs failed, trying _PDC
[    0.175791] ACPI: Interpreter enabled
[    0.176260] ACPI: PM: (supports S0 S3 S4 S5)
[    0.176660] ACPI: Using IOAPIC for interrupt routing
[    0.177292] PCI: Using host bridge windows from ACPI; if necessary, use "pci=nocrs" and report a bug
[    0.177660] PCI: Using E820 reservations for host bridge windows
[    0.178500] ACPI: Enabled 2 GPEs in block 00 to 0F
[    0.181187] ACPI: PCI Root Bridge [PCI0] (domain 0000 [bus 00-ff])
[    0.181663] acpi PNP0A03:00: _OSC: OS supports [ExtendedConfig ASPM ClockPM Segments MSI HPX-Type3]
[    0.182754] PCI host bridge to bus 0000:00
[    0.183269] pci_bus 0000:00: root bus resource [io  0x0000-0x0cf7 window]
[    0.183660] pci_bus 0000:00: root bus resource [io  0x0d00-0xffff window]
[    0.184519] pci_bus 0000:00: root bus resource [mem 0x000a0000-0x000bffff window]
[    0.184660] pci_bus 0000:00: root bus resource [mem 0x40000000-0xfebfffff window]
[    0.185598] pci_bus 0000:00: root bus resource [mem 0x100000000-0x17fffffff window]
[    0.185660] pci_bus 0000:00: root bus resource [bus 00-ff]
[    0.186435] pci 0000:00:00.0: [8086:1237] type 00 class 0x060000 conventional PCI endpoint
[    0.186912] pci 0000:00:01.0: [8086:7000] type 00 class 0x060100 conventional PCI endpoint
[    0.187967] pci 0000:00:01.1: [8086:7010] type 00 class 0x010180 conventional PCI endpoint
[    0.190924] pci 0000:00:01.1: BAR 4 [io  0xc0c0-0xc0cf]
[    0.192410] pci 0000:00:01.1: BAR 0 [io  0x01f0-0x01f7]: legacy IDE quirk
[    0.192660] pci 0000:00:01.1: BAR 1 [io  0x03f6]: legacy IDE quirk
[    0.193660] pci 0000:00:01.1: BAR 2 [io  0x0170-0x0177]: legacy IDE quirk
[    0.194507] pci 0000:00:01.1: BAR 3 [io  0x0376]: legacy IDE quirk
[    0.194751] pci 0000:00:01.3: [8086:7113] type 00 class 0x068000 conventional PCI endpoint
[    0.195908] pci 0000:00:01.3: quirk: [io  0x0600-0x063f] claimed by PIIX4 ACPI
[    0.196664] pci 0000:00:01.3: quirk: [io  0x0700-0x070f] claimed by PIIX4 SMB
[    0.197710] pci 0000:00:02.0: [1af4:1009] type 00 class 0x000200 conventional PCI endpoint
[    0.199661] pci 0000:00:02.0: BAR 0 [io  0xc000-0xc03f]
[    0.201376] pci 0000:00:02.0: BAR 1 [mem 0xfebfc000-0xfebfcfff]
[    0.204661] pci 0000:00:02.0: BAR 4 [mem 0xfebf0000-0xfebf3fff 64bit pref]
[    0.206931] pci 0000:00:03.0: [1af4:1009] type 00 class 0x000200 conventional PCI endpoint
[    0.208661] pci 0000:00:03.0: BAR 0 [io  0xc040-0xc07f]
[    0.211087] pci 0000:00:03.0: BAR 1 [mem 0xfebfd000-0xfebfdfff]
[    0.214660] pci 0000:00:03.0: BAR 4 [mem 0xfebf4000-0xfebf7fff 64bit pref]
[    0.216852] pci 0000:00:04.0: [8086:25ab] type 00 class 0x088000 conventional PCI endpoint
[    0.218195] pci 0000:00:04.0: BAR 0 [mem 0xfebfe000-0xfebfe00f]
[    0.221505] pci 0000:00:05.0: [1af4:1003] type 00 class 0x078000 conventional PCI endpoint
[    0.222661] pci 0000:00:05.0: BAR 0 [io  0xc080-0xc0bf]
[    0.224313] pci 0000:00:05.0: BAR 1 [mem 0xfebff000-0xfebfffff]
[    0.228330] pci 0000:00:05.0: BAR 4 [mem 0xfebf8000-0xfebfbfff 64bit pref]
[    0.230404] ACPI: PCI: Interrupt link LNKA configured for IRQ 10
[    0.230768] ACPI: PCI: Interrupt link LNKB configured for IRQ 10
[    0.231630] ACPI: PCI: Interrupt link LNKC configured for IRQ 11
[    0.231755] ACPI: PCI: Interrupt link LNKD configured for IRQ 11
[    0.232580] ACPI: PCI: Interrupt link LNKS configured for IRQ 9
[    0.233538] iommu: Default domain type: Translated
[    0.233660] iommu: DMA domain TLB invalidation policy: lazy mode
[    0.234468] SCSI subsystem initialized
[    0.234691] pps_core: LinuxPPS API ver. 1 registered
[    0.235349] pps_core: Software ver. 5.3.6 - Copyright 2005-2007 Rodolfo Giometti <giometti@linux.it>
[    0.235662] PTP clock support registered
[    0.236166] Advanced Linux Sound Architecture Driver Initialized.
[    0.237057] NET: Registered PF_ATMPVC protocol family
[    0.237660] NET: Registered PF_ATMSVC protocol family
[    0.238309] PCI: Using ACPI for IRQ routing
[    0.238742] vgaarb: loaded
[    0.239007] hpet0: at MMIO 0xfed00000, IRQs 2, 8, 0
[    0.239661] hpet0: 3 comparators, 64-bit 100.000000 MHz counter
[    0.243158] clocksource: Switched to clocksource kvm-clock
[    0.244156] VFS: Disk quotas dquot_6.6.0
[    0.244879] VFS: Dquot-cache hash table entries: 512 (order 0, 4096 bytes)
[    0.245773] pnp: PnP ACPI init
[    0.246339] pnp: PnP ACPI: found 5 devices
[    0.253875] clocksource: acpi_pm: mask: 0xffffff max_cycles: 0xffffff, max_idle_ns: 2085701024 ns
[    0.255029] NET: Registered PF_INET protocol family
[    0.255658] IP idents hash table entries: 16384 (order: 5, 131072 bytes, linear)
[    0.256743] tcp_listen_portaddr_hash hash table entries: 512 (order: 1, 8192 bytes, linear)
[    0.257804] Table-perturb hash table entries: 65536 (order: 6, 262144 bytes, linear)
[    0.258785] TCP established hash table entries: 8192 (order: 4, 65536 bytes, linear)
[    0.259851] TCP bind hash table entries: 8192 (order: 6, 262144 bytes, linear)
[    0.260772] TCP: Hash tables configured (established 8192 bind 8192)
[    0.261589] UDP hash table entries: 512 (order: 2, 16384 bytes, linear)
[    0.262424] UDP-Lite hash table entries: 512 (order: 2, 16384 bytes, linear)
[    0.263332] NET: Registered PF_UNIX/PF_LOCAL protocol family
[    0.264049] pci_bus 0000:00: resource 4 [io  0x0000-0x0cf7 window]
[    0.264827] pci_bus 0000:00: resource 5 [io  0x0d00-0xffff window]
[    0.265605] pci_bus 0000:00: resource 6 [mem 0x000a0000-0x000bffff window]
[    0.266468] pci_bus 0000:00: resource 7 [mem 0x40000000-0xfebfffff window]
[    0.267332] pci_bus 0000:00: resource 8 [mem 0x100000000-0x17fffffff window]
[    0.268255] pci 0000:00:01.0: PIIX3: Enabling Passive Release
[    0.268982] pci 0000:00:00.0: Limiting direct PCI/PCI transfers
[    0.269755] PCI: CLS 0 bytes, default 64
[    0.270283] kvm_intel: VMX not supported by CPU 0
[    0.270883] kvm_amd: TSC scaling supported
[    0.271403] kvm_amd: Nested Virtualization enabled
[    0.272006] kvm_amd: Nested Paging enabled
[    0.272529] kvm_amd: Virtual VMLOAD VMSAVE supported
[    0.273156] kvm_amd: Virtual GIF supported
[    0.273669] kvm_amd: Virtual NMI enabled
[    0.274165] kvm_amd: LBR virtualization supported
[    0.358927] Initialise system trusted keyrings
[    0.359592] workingset: timestamp_bits=56 max_order=18 bucket_order=0
[    0.360444] squashfs: version 4.0 (2009/01/31) Phillip Lougher
[    0.361195] fuse: init (API version 7.40)
[    0.361747] 9p: Installing v9fs 9p2000 file system support
[    0.368933] Key type asymmetric registered
[    0.369457] Asymmetric key parser 'x509' registered
[    0.370089] Block layer SCSI generic (bsg) driver version 0.4 loaded (major 249)
[    0.371042] io scheduler mq-deadline registered
[    0.371617] io scheduler kyber registered
[    0.373274] input: Power Button as /devices/LNXSYSTM:00/LNXPWRBN:00/input/input0
[    0.374270] ACPI: button: Power Button [PWRF]
[    0.374844] Warning: Processor Platform Limit event detected, but not handled.
[    0.375766] Consider compiling CPUfreq support into your kernel.
[    0.392641] ACPI: \_SB_.LNKB: Enabled at IRQ 10
[    0.409129] ACPI: \_SB_.LNKC: Enabled at IRQ 11
[    0.425703] ACPI: \_SB_.LNKA: Enabled at IRQ 10
[    0.426976] Serial: 8250/16550 driver, 4 ports, IRQ sharing enabled
[    0.427881] 00:03: ttyS0 at I/O 0x3f8 (irq = 4, base_baud = 115200) is a 16550A
[    0.474249] Non-volatile memory driver v1.3
[    0.474803] Linux agpgart interface v0.103
[    0.474859] ACPI: bus type drm_connector registered
[    0.476197] printk: legacy console [hvc0] enabled
[    0.476999] printk: legacy bootconsole [earlyser0] disabled
          _      _                                    
   __   _(_)_ __| |_ _ __ ___   ___       _ __   __ _ 
   \ \ / / |  __| __|  _   _ \ / _ \_____|  _ \ / _  |
    \ V /| | |  | |_| | | | | |  __/_____| | | | (_| |
     \_/ |_|_|   \__|_| |_| |_|\___|     |_| |_|\__  |
                                                |___/ 
   kernel version: 6.9.0-rc1-virtme x86_64
   (CTRL+d to exit)

virtme-ng:/nipa-data/kernel# PS1='xx__-> '
xx__-> env
PWD=/nipa-data/kernel
nr_open=1048576
HOME=/
TERM=xterm
SHLVL=2
XDG_RUNTIME_DIR=/run/user/0
PATH=/bin:/sbin:/usr/bin:/usr/sbin:/usr/local/bin
OLDPWD=/
_=/usr/bin/env
xx__-> 