No EFI environment detected.
early console in extract_kernel
input_data: 0x0000000004b142b9
input_len: 0x00000000017bceb9
output: 0x0000000001000000
output_len: 0x000000000525e394
kernel_total_size: 0x0000000004e30000
needed_size: 0x0000000005400000
trampoline_32bit: 0x0000000000000000
Physical KASLR using RDRAND RDTSC...
Virtual KASLR using RDRAND RDTSC...

Decompressing Linux... Parsing ELF... Performing relocations... done.
Booting the kernel (entry_offset: 0x0000000000000000).
[    0.000000] Linux version 6.8.0-rc4-virtme (root@52b95af25643) (gcc (Alpine 13.2.1_git20231014) 13.2.1 20231014, GNU ld (GNU Binutils) 2.41) #1 SMP PREEMPT_DYNAMIC Sun Feb 18 21:26:53 UTC 2024
[    0.000000] Command line: virtme_hostname=virtme-ng virtme_link_mods=/nipa-data/kernel/.virtme_mods/lib/modules/0.0.0 virtme_initmount0=nipa-data/kernel virtme_rw_overlay0=/etc virtme_rw_overlay1=/lib virtme_rw_overlay2=/home virtme_rw_overlay3=/opt virtme_rw_overlay4=/srv virtme_rw_overlay5=/usr virtme_rw_overlay6=/var earlyprintk=serial,ttyS0,115200 console=ttyS0 psmouse.proto=exps TERM=xterm virtme_chdir=nipa-data/kernel virtme_root_user=1 rootfstype=9p rootflags=version=9p2000.L,trans=virtio,access=any raid=noautodetect ro init=/usr/lib/python3.11/site-packages/virtme/guest/virtme-init
[    0.000000] BIOS-provided physical RAM map:
[    0.000000] BIOS-e820: [mem 0x0000000000000000-0x000000000009fbff] usable
[    0.000000] BIOS-e820: [mem 0x000000000009fc00-0x000000000009ffff] reserved
[    0.000000] BIOS-e820: [mem 0x00000000000f0000-0x00000000000fffff] reserved
[    0.000000] BIOS-e820: [mem 0x0000000000100000-0x000000003ffdffff] usable
[    0.000000] BIOS-e820: [mem 0x000000003ffe0000-0x000000003fffffff] reserved
[    0.000000] BIOS-e820: [mem 0x00000000feffc000-0x00000000feffffff] reserved
[    0.000000] BIOS-e820: [mem 0x00000000fffc0000-0x00000000ffffffff] reserved
[    0.000000] BIOS-e820: [mem 0x000000fd00000000-0x000000ffffffffff] reserved
[    0.000000] printk: legacy bootconsole [earlyser0] enabled
[    0.000000] NX (Execute Disable) protection: active
[    0.000000] APIC: Static calls initialized
[    0.000000] SMBIOS 3.0.0 present.
[    0.000000] DMI: QEMU Standard PC (i440FX + PIIX, 1996), BIOS rel-1.16.3-0-ga6ed6b701f0a-prebuilt.qemu.org 04/01/2014
[    0.000000] Hypervisor detected: KVM
[    0.000000] kvm-clock: Using msrs 4b564d01 and 4b564d00
[    0.000000] kvm-clock: using sched offset of 358740397 cycles
[    0.000381] clocksource: kvm-clock: mask: 0xffffffffffffffff max_cycles: 0x1cd42e4dffb, max_idle_ns: 881590591483 ns
[    0.001567] tsc: Detected 4491.536 MHz processor
[    0.002270] last_pfn = 0x3ffe0 max_arch_pfn = 0x400000000
[    0.002687] MTRR map: 4 entries (3 fixed + 1 variable; max 19), built from 8 variable MTRRs
[    0.003299] x86/PAT: Configuration [0-7]: WB  WC  UC- UC  WB  WP  UC- WT  
[    0.005348] found SMP MP-table at [mem 0x000f5470-0x000f547f]
[    0.005773] Using GB pages for direct mapping
[    0.006248] ACPI: Early table checksum verification disabled
[    0.006660] ACPI: RSDP 0x00000000000F5290 000014 (v00 BOCHS )
[    0.007079] ACPI: RSDT 0x000000003FFE27B6 000034 (v01 BOCHS  BXPC     00000001 BXPC 00000001)
[    0.007701] ACPI: FACP 0x000000003FFE2572 000074 (v01 BOCHS  BXPC     00000001 BXPC 00000001)
[    0.008322] ACPI: DSDT 0x000000003FFE0040 002532 (v01 BOCHS  BXPC     00000001 BXPC 00000001)
[    0.008942] ACPI: FACS 0x000000003FFE0000 000040
[    0.009278] ACPI: APIC 0x000000003FFE25E6 000170 (v03 BOCHS  BXPC     00000001 BXPC 00000001)
[    0.009897] ACPI: HPET 0x000000003FFE2756 000038 (v01 BOCHS  BXPC     00000001 BXPC 00000001)
[    0.010524] ACPI: WAET 0x000000003FFE278E 000028 (v01 BOCHS  BXPC     00000001 BXPC 00000001)
[    0.011145] ACPI: Reserving FACP table memory at [mem 0x3ffe2572-0x3ffe25e5]
[    0.011657] ACPI: Reserving DSDT table memory at [mem 0x3ffe0040-0x3ffe2571]
[    0.012168] ACPI: Reserving FACS table memory at [mem 0x3ffe0000-0x3ffe003f]
[    0.012687] ACPI: Reserving APIC table memory at [mem 0x3ffe25e6-0x3ffe2755]
[    0.013203] ACPI: Reserving HPET table memory at [mem 0x3ffe2756-0x3ffe278d]
[    0.013717] ACPI: Reserving WAET table memory at [mem 0x3ffe278e-0x3ffe27b5]
[    0.014431] No NUMA configuration found
[    0.014710] Faking a node at [mem 0x0000000000000000-0x000000003ffdffff]
[    0.015200] NODE_DATA(0) allocated [mem 0x3ffdb000-0x3ffdffff]
[    0.015641] Zone ranges:
[    0.015825]   DMA      [mem 0x0000000000001000-0x0000000000ffffff]
[    0.016275]   DMA32    [mem 0x0000000001000000-0x000000003ffdffff]
[    0.016724]   Normal   empty
[    0.016934]   Device   empty
[    0.017144] Movable zone start for each node
[    0.017454] Early memory node ranges
[    0.017714]   node   0: [mem 0x0000000000001000-0x000000000009efff]
[    0.018171]   node   0: [mem 0x0000000000100000-0x000000003ffdffff]
[    0.018627] Initmem setup node 0 [mem 0x0000000000001000-0x000000003ffdffff]
[    0.019143] On node 0, zone DMA: 1 pages in unavailable ranges
[    0.019622] On node 0, zone DMA: 97 pages in unavailable ranges
[    0.024167] On node 0, zone DMA32: 32 pages in unavailable ranges
[    0.033499] kasan: KernelAddressSanitizer initialized
[    0.034085] ACPI: PM-Timer IO Port: 0x608
[    0.034384] ACPI: LAPIC_NMI (acpi_id[0xff] dfl dfl lint[0x1])
[    0.034823] IOAPIC[0]: apic_id 0, version 17, address 0xfec00000, GSI 0-23
[    0.035330] ACPI: INT_SRC_OVR (bus 0 bus_irq 0 global_irq 2 dfl dfl)
[    0.035794] ACPI: INT_SRC_OVR (bus 0 bus_irq 5 global_irq 5 high level)
[    0.036277] ACPI: INT_SRC_OVR (bus 0 bus_irq 9 global_irq 9 high level)
[    0.036761] ACPI: INT_SRC_OVR (bus 0 bus_irq 10 global_irq 10 high level)
[    0.037259] ACPI: INT_SRC_OVR (bus 0 bus_irq 11 global_irq 11 high level)
[    0.037757] ACPI: Using ACPI (MADT) for SMP configuration information
[    0.038232] ACPI: HPET id: 0x8086a201 base: 0xfed00000
[    0.038607] TSC deadline timer available
[    0.038893] smpboot: Allowing 32 CPUs, 0 hotplug CPUs
[    0.039274] kvm-guest: APIC: eoi() replaced with kvm_guest_apic_eoi_write()
[    0.039794] kvm-guest: KVM setup pv remote TLB flush
[    0.040158] kvm-guest: setup PV sched yield
[    0.040469] PM: hibernation: Registered nosave memory: [mem 0x00000000-0x00000fff]
[    0.041020] PM: hibernation: Registered nosave memory: [mem 0x0009f000-0x0009ffff]
[    0.041575] PM: hibernation: Registered nosave memory: [mem 0x000a0000-0x000effff]
[    0.042133] PM: hibernation: Registered nosave memory: [mem 0x000f0000-0x000fffff]
[    0.042688] [mem 0x40000000-0xfeffbfff] available for PCI devices
[    0.043133] Booting paravirtualized kernel on KVM
[    0.043478] clocksource: refined-jiffies: mask: 0xffffffff max_cycles: 0xffffffff, max_idle_ns: 1910969940391419 ns
[    0.052100] setup_percpu: NR_CPUS:64 nr_cpumask_bits:32 nr_cpu_ids:32 nr_node_ids:1
[    0.053857] percpu: Embedded 68 pages/cpu s241448 r8192 d28888 u524288
[    0.054398] Kernel command line: virtme_hostname=virtme-ng virtme_link_mods=/nipa-data/kernel/.virtme_mods/lib/modules/0.0.0 virtme_initmount0=nipa-data/kernel virtme_rw_overlay0=/etc virtme_rw_overlay1=/lib virtme_rw_overlay2=/home virtme_rw_overlay3=/opt virtme_rw_overlay4=/srv virtme_rw_overlay5=/usr virtme_rw_overlay6=/var earlyprintk=serial,ttyS0,115200 console=ttyS0 psmouse.proto=exps TERM=xterm virtme_chdir=nipa-data/kernel virtme_root_user=1 rootfstype=9p rootflags=version=9p2000.L,trans=virtio,access=any raid=noautodetect ro init=/usr/lib/python3.11/site-packages/virtme/guest/virtme-init
[    0.058452] Unknown kernel command line parameters "virtme_hostname=virtme-ng virtme_link_mods=/nipa-data/kernel/.virtme_mods/lib/modules/0.0.0 virtme_initmount0=nipa-data/kernel virtme_rw_overlay0=/etc virtme_rw_overlay1=/lib virtme_rw_overlay2=/home virtme_rw_overlay3=/opt virtme_rw_overlay4=/srv virtme_rw_overlay5=/usr virtme_rw_overlay6=/var virtme_chdir=nipa-data/kernel virtme_root_user=1", will be passed to user space.
[    0.061467] random: crng init done
[    0.061750] Dentry cache hash table entries: 131072 (order: 8, 1048576 bytes, linear)
[    0.062359] Inode-cache hash table entries: 65536 (order: 7, 524288 bytes, linear)
[    0.063366] Fallback order for Node 0: 0 
[    0.063370] Built 1 zonelists, mobility grouping on.  Total pages: 257760
[    0.064180] Policy zone: DMA32
[    0.064409] mem auto-init: stack:all(zero), heap alloc:off, heap free:off
[    0.064918] stackdepot: allocating hash table via alloc_large_system_hash
[    0.065429] stackdepot hash table entries: 1048576 (order: 12, 16777216 bytes, linear)
[    0.073294] Memory: 781320K/1048056K available (43008K kernel code, 11320K rwdata, 9560K rodata, 5740K init, 2444K bss, 266480K reserved, 0K cma-reserved)
[    0.074513] SLUB: HWalign=64, Order=0-3, MinObjects=0, CPUs=32, Nodes=1
Poking KASLR using RDRAND RDTSC...
[    0.075268] ftrace: allocating 46461 entries in 182 pages
[    0.083595] ftrace: allocated 182 pages with 5 groups
[    0.084820] Dynamic Preempt: voluntary
[    0.085440] rcu: Preemptible hierarchical RCU implementation.
[    0.085870] rcu: RCU event tracing is enabled.
[    0.086216] rcu: RCU restricting CPUs from NR_CPUS=64 to nr_cpu_ids=32.
[    0.086716] Trampoline variant of Tasks RCU enabled.
[    0.087092] Rude variant of Tasks RCU enabled.
[    0.087430] Tracing variant of Tasks RCU enabled.
[    0.087786] rcu: RCU calculated value of scheduler-enlistment delay is 100 jiffies.
[    0.088357] rcu: Adjusting geometry for rcu_fanout_leaf=16, nr_cpu_ids=32
[    0.096823] NR_IRQS: 4352, nr_irqs: 680, preallocated irqs: 16
[    0.097500] rcu: srcu_init: Setting srcu_struct sizes based on contention.
[    0.098220] Console: colour *CGA 80x25
[    0.098521] printk: legacy console [ttyS0] enabled
[    0.098521] printk: legacy console [ttyS0] enabled
[    0.099242] printk: legacy bootconsole [earlyser0] disabled
[    0.099242] printk: legacy bootconsole [earlyser0] disabled
[    0.100102] ACPI: Core revision 20230628
[    0.100555] clocksource: hpet: mask: 0xffffffff max_cycles: 0xffffffff, max_idle_ns: 19112604467 ns
[    0.101305] APIC: Switch to symmetric I/O mode setup
[    0.101702] APIC: Switched APIC routing to: physical flat
[    0.102167] kvm-guest: APIC: send_IPI_mask() replaced with kvm_send_ipi_mask()
[    0.102707] kvm-guest: APIC: send_IPI_mask_allbutself() replaced with kvm_send_ipi_mask_allbutself()
[    0.103403] kvm-guest: setup PV IPIs
[    0.104541] ..TIMER: vector=0x30 apic1=0 pin1=2 apic2=-1 pin2=-1
[    0.105358] tsc: Marking TSC unstable due to TSCs unsynchronized
[    0.106148] Calibrating delay loop (skipped) preset value.. 8983.07 BogoMIPS (lpj=4491536)
[    0.108163] x86/cpu: User Mode Instruction Prevention (UMIP) activated
[    0.109069] Last level iTLB entries: 4KB 512, 2MB 255, 4MB 127
[    0.109144] Last level dTLB entries: 4KB 512, 2MB 255, 4MB 127, 1GB 0
[    0.110148] Spectre V1 : Mitigation: usercopy/swapgs barriers and __user pointer sanitization
[    0.111149] Spectre V2 : Mitigation: Enhanced / Automatic IBRS
[    0.112144] Spectre V2 : Spectre v2 / SpectreRSB mitigation: Filling RSB on context switch
[    0.113146] Spectre V2 : mitigation: Enabling conditional Indirect Branch Prediction Barrier
[    0.114146] Speculative Store Bypass: Mitigation: Speculative Store Bypass disabled via prctl
[    0.115145] Speculative Return Stack Overflow: IBPB-extending microcode not applied!
[    0.116144] Speculative Return Stack Overflow: WARNING: See https://kernel.org/doc/html/latest/admin-guide/hw-vuln/srso.html for mitigation options.
[    0.116145] Speculative Return Stack Overflow: Vulnerable: Safe RET, no microcode
[    0.118160] x86/fpu: Supporting XSAVE feature 0x001: 'x87 floating point registers'
[    0.119144] x86/fpu: Supporting XSAVE feature 0x002: 'SSE registers'
[    0.120144] x86/fpu: Supporting XSAVE feature 0x004: 'AVX registers'
[    0.121144] x86/fpu: Supporting XSAVE feature 0x020: 'AVX-512 opmask'
[    0.122144] x86/fpu: Supporting XSAVE feature 0x040: 'AVX-512 Hi256'
[    0.122956] x86/fpu: Supporting XSAVE feature 0x080: 'AVX-512 ZMM_Hi256'
[    0.123144] x86/fpu: Supporting XSAVE feature 0x200: 'Protection Keys User registers'
[    0.124145] x86/fpu: xstate_offset[2]:  576, xstate_sizes[2]:  256
[    0.125144] x86/fpu: xstate_offset[5]:  832, xstate_sizes[5]:   64
[    0.126144] x86/fpu: xstate_offset[6]:  896, xstate_sizes[6]:  512
[    0.127144] x86/fpu: xstate_offset[7]: 1408, xstate_sizes[7]: 1024
[    0.128144] x86/fpu: xstate_offset[9]: 2432, xstate_sizes[9]:    8
[    0.128932] x86/fpu: Enabled xstate features 0x2e7, context size is 2440 bytes, using 'compacted' format.
[    0.149440] Freeing SMP alternatives memory: 36K
[    0.150041] pid_max: default: 32768 minimum: 301
[    0.150287] Mount-cache hash table entries: 2048 (order: 2, 16384 bytes, linear)
[    0.151146] Mountpoint-cache hash table entries: 2048 (order: 2, 16384 bytes, linear)
[    0.153416] smpboot: CPU0: AMD Ryzen 9 7950X 16-Core Processor (family: 0x19, model: 0x61, stepping: 0x2)
[    0.154463] RCU Tasks: Setting shift to 5 and lim to 1 rcu_task_cb_adjust=1.
[    0.155169] RCU Tasks Rude: Setting shift to 5 and lim to 1 rcu_task_cb_adjust=1.
[    0.156152] RCU Tasks Trace: Setting shift to 5 and lim to 1 rcu_task_cb_adjust=1.
[    0.157142] Performance Events: Fam17h+ core perfctr, AMD PMU driver.
[    0.158002] ... version:                0
[    0.158146] ... bit width:              48
[    0.158673] ... generic registers:      6
[    0.159146] ... value mask:             0000ffffffffffff
[    0.159828] ... max period:             00007fffffffffff
[    0.160146] ... fixed-purpose events:   0
[    0.160661] ... event mask:             000000000000003f
[    0.161241] signal: max sigframe size: 3376
[    0.161824] rcu: Hierarchical SRCU implementation.
[    0.162146] rcu: Max phase no-delay instances is 400.
[    0.166889] smp: Bringing up secondary CPUs ...
[    0.167326] smpboot: x86: Booting SMP configuration:
[    0.167960] .... node  #0, CPUs:        #1  #2  #3  #4  #5  #6  #7  #8  #9 #10 #11 #12 #13 #14 #15 #16 #17 #18 #19 #20 #21 #22 #23 #24 #25 #26 #27 #28 #29 #30 #31
[    0.190341] smp: Brought up 1 node, 32 CPUs
[    0.191715] smpboot: Max logical packages: 1
[    0.192146] smpboot: Total of 32 processors activated (287458.30 BogoMIPS)
[    0.197400] devtmpfs: initialized
[    0.198331] x86/mm: Memory block size: 128MB
[    0.205855] clocksource: jiffies: mask: 0xffffffff max_cycles: 0xffffffff, max_idle_ns: 1911260446275000 ns
[    0.206223] futex hash table entries: 8192 (order: 7, 524288 bytes, linear)
[    0.207492] PM: RTC time: 21:27:33, date: 2024-02-18
[    0.209028] NET: Registered PF_NETLINK/PF_ROUTE protocol family
[    0.210010] thermal_sys: Registered thermal governor 'step_wise'
[    0.210013] thermal_sys: Registered thermal governor 'user_space'
[    0.210226] cpuidle: using governor menu
[    0.213525] PCI: Using configuration type 1 for base access
[    0.214147] PCI: Using configuration type 1 for extended access
[    0.215083] kprobes: kprobe jump-optimization is enabled. All kprobes are optimized if possible.
[    0.226566] HugeTLB: registered 1.00 GiB page size, pre-allocated 0 pages
[    0.228148] HugeTLB: 16380 KiB vmemmap can be freed for a 1.00 GiB page
[    0.229088] HugeTLB: registered 2.00 MiB page size, pre-allocated 0 pages
[    0.229146] HugeTLB: 28 KiB vmemmap can be freed for a 2.00 MiB page
[    0.231492] ACPI: Added _OSI(Module Device)
[    0.232147] ACPI: Added _OSI(Processor Device)
[    0.232763] ACPI: Added _OSI(3.0 _SCP Extensions)
[    0.233146] ACPI: Added _OSI(Processor Aggregator Device)
[    0.257984] ACPI: 1 ACPI AML tables successfully acquired and loaded
[    0.261320] ACPI: _OSC evaluation for CPUs failed, trying _PDC
[    0.264418] ACPI: Interpreter enabled
[    0.264968] ACPI: PM: (supports S0 S3 S4 S5)
[    0.265147] ACPI: Using IOAPIC for interrupt routing
[    0.265839] PCI: Using host bridge windows from ACPI; if necessary, use "pci=nocrs" and report a bug
[    0.267146] PCI: Using E820 reservations for host bridge windows
[    0.269005] ACPI: Enabled 2 GPEs in block 00 to 0F
[    0.321241] ACPI: PCI Root Bridge [PCI0] (domain 0000 [bus 00-ff])
[    0.322166] acpi PNP0A03:00: _OSC: OS supports [ExtendedConfig ASPM ClockPM Segments MSI HPX-Type3]
[    0.324832] PCI host bridge to bus 0000:00
[    0.325151] pci_bus 0000:00: root bus resource [io  0x0000-0x0cf7 window]
[    0.326150] pci_bus 0000:00: root bus resource [io  0x0d00-0xffff window]
[    0.328150] pci_bus 0000:00: root bus resource [mem 0x000a0000-0x000bffff window]
[    0.329150] pci_bus 0000:00: root bus resource [mem 0x40000000-0xfebfffff window]
[    0.330150] pci_bus 0000:00: root bus resource [mem 0x100000000-0x17fffffff window]
[    0.331151] pci_bus 0000:00: root bus resource [bus 00-ff]
[    0.332258] pci 0000:00:00.0: [8086:1237] type 00 class 0x060000 conventional PCI endpoint
[    0.335314] pci 0000:00:01.0: [8086:7000] type 00 class 0x060100 conventional PCI endpoint
[    0.337372] pci 0000:00:01.1: [8086:7010] type 00 class 0x010180 conventional PCI endpoint
[    0.341779] pci 0000:00:01.1: BAR 4 [io  0xc080-0xc08f]
[    0.344162] pci 0000:00:01.1: BAR 0 [io  0x01f0-0x01f7]: legacy IDE quirk
[    0.345147] pci 0000:00:01.1: BAR 1 [io  0x03f6]: legacy IDE quirk
[    0.346147] pci 0000:00:01.1: BAR 2 [io  0x0170-0x0177]: legacy IDE quirk
[    0.348147] pci 0000:00:01.1: BAR 3 [io  0x0376]: legacy IDE quirk
[    0.350190] pci 0000:00:01.3: [8086:7113] type 00 class 0x068000 conventional PCI endpoint
[    0.351483] pci 0000:00:01.3: quirk: [io  0x0600-0x063f] claimed by PIIX4 ACPI
[    0.353152] pci 0000:00:01.3: quirk: [io  0x0700-0x070f] claimed by PIIX4 SMB
[    0.355170] pci 0000:00:02.0: [1af4:1009] type 00 class 0x000200 conventional PCI endpoint
[    0.358148] pci 0000:00:02.0: BAR 0 [io  0xc000-0xc03f]
[    0.360773] pci 0000:00:02.0: BAR 1 [mem 0xfebfd000-0xfebfdfff]
[    0.365147] pci 0000:00:02.0: BAR 4 [mem 0xfebf4000-0xfebf7fff 64bit pref]
[    0.380141] pci 0000:00:03.0: [1af4:1009] type 00 class 0x000200 conventional PCI endpoint
[    0.382147] pci 0000:00:03.0: BAR 0 [io  0xc040-0xc07f]
[    0.383774] pci 0000:00:03.0: BAR 1 [mem 0xfebfe000-0xfebfefff]
[    0.389147] pci 0000:00:03.0: BAR 4 [mem 0xfebf8000-0xfebfbfff 64bit pref]
[    0.402506] pci 0000:00:04.0: [8086:25ab] type 00 class 0x088000 conventional PCI endpoint
[    0.404500] pci 0000:00:04.0: BAR 0 [mem 0xfebff000-0xfebff00f]
[    0.421438] ACPI: PCI: Interrupt link LNKA configured for IRQ 10
[    0.423667] ACPI: PCI: Interrupt link LNKB configured for IRQ 10
[    0.425115] ACPI: PCI: Interrupt link LNKC configured for IRQ 11
[    0.427091] ACPI: PCI: Interrupt link LNKD configured for IRQ 11
[    0.428553] ACPI: PCI: Interrupt link LNKS configured for IRQ 9
[    0.448098] iommu: Default domain type: Translated
[    0.448146] iommu: DMA domain TLB invalidation policy: lazy mode
[    0.449418] SCSI subsystem initialized
[    0.450307] pps_core: LinuxPPS API ver. 1 registered
[    0.450972] pps_core: Software ver. 5.3.6 - Copyright 2005-2007 Rodolfo Giometti <giometti@linux.it>
[    0.452163] PTP clock support registered
[    0.453279] Advanced Linux Sound Architecture Driver Initialized.
[    0.455317] NET: Registered PF_ATMPVC protocol family
[    0.455981] NET: Registered PF_ATMSVC protocol family
[    0.457170] PCI: Using ACPI for IRQ routing
[    0.457849] vgaarb: loaded
[    0.458551] hpet0: at MMIO 0xfed00000, IRQs 2, 8, 0
[    0.459147] hpet0: 3 comparators, 64-bit 100.000000 MHz counter
[    0.463415] clocksource: Switched to clocksource kvm-clock
[    0.464478] VFS: Disk quotas dquot_6.6.0
[    0.465231] VFS: Dquot-cache hash table entries: 512 (order 0, 4096 bytes)
[    0.466321] pnp: PnP ACPI init
[    0.473134] pnp: PnP ACPI: found 5 devices
[    0.485628] clocksource: acpi_pm: mask: 0xffffff max_cycles: 0xffffff, max_idle_ns: 2085701024 ns
[    0.486877] NET: Registered PF_INET protocol family
[    0.487559] IP idents hash table entries: 16384 (order: 5, 131072 bytes, linear)
[    0.488919] tcp_listen_portaddr_hash hash table entries: 512 (order: 1, 8192 bytes, linear)
[    0.490019] Table-perturb hash table entries: 65536 (order: 6, 262144 bytes, linear)
[    0.491050] TCP established hash table entries: 8192 (order: 4, 65536 bytes, linear)
[    0.492060] TCP bind hash table entries: 8192 (order: 6, 262144 bytes, linear)
[    0.493004] TCP: Hash tables configured (established 8192 bind 8192)
[    0.493997] UDP hash table entries: 512 (order: 2, 16384 bytes, linear)
[    0.494866] UDP-Lite hash table entries: 512 (order: 2, 16384 bytes, linear)
[    0.496012] NET: Registered PF_UNIX/PF_LOCAL protocol family
[    0.496773] pci_bus 0000:00: resource 4 [io  0x0000-0x0cf7 window]
[    0.497576] pci_bus 0000:00: resource 5 [io  0x0d00-0xffff window]
[    0.498377] pci_bus 0000:00: resource 6 [mem 0x000a0000-0x000bffff window]
[    0.499269] pci_bus 0000:00: resource 7 [mem 0x40000000-0xfebfffff window]
[    0.500156] pci_bus 0000:00: resource 8 [mem 0x100000000-0x17fffffff window]
[    0.501276] pci 0000:00:01.0: PIIX3: Enabling Passive Release
[    0.502029] pci 0000:00:00.0: Limiting direct PCI/PCI transfers
[    0.502837] PCI: CLS 0 bytes, default 64
[    0.503542] kvm_intel: VMX not supported by CPU 24
[    0.504208] kvm_amd: TSC scaling supported
[    0.504738] kvm_amd: Nested Virtualization enabled
[    0.505361] kvm_amd: Nested Paging enabled
[    0.505907] kvm_amd: Virtual VMLOAD VMSAVE supported
[    0.506549] kvm_amd: Virtual GIF supported
[    0.507081] kvm_amd: Virtual NMI enabled
[    0.507592] kvm_amd: LBR virtualization supported
[    0.614618] workingset: timestamp_bits=56 max_order=18 bucket_order=0
[    0.615618] squashfs: version 4.0 (2009/01/31) Phillip Lougher
[    0.616419] fuse: init (API version 7.39)
[    0.617102] 9p: Installing v9fs 9p2000 file system support
[    0.617941] Key type asymmetric registered
[    0.618524] Block layer SCSI generic (bsg) driver version 0.4 loaded (major 249)
[    0.619517] io scheduler mq-deadline registered
[    0.620111] io scheduler kyber registered
[    0.621996] input: Power Button as /devices/LNXSYSTM:00/LNXPWRBN:00/input/input0
[    0.623252] ACPI: button: Power Button [PWRF]
[    0.623958] Warning: Processor Platform Limit event detected, but not handled.
[    0.624912] Consider compiling CPUfreq support into your kernel.
[    1.547252] ACPI: \_SB_.LNKB: Enabled at IRQ 10
[    2.411999] ACPI: \_SB_.LNKC: Enabled at IRQ 11
[    2.413647] Serial: 8250/16550 driver, 4 ports, IRQ sharing enabled
[    2.414820] 00:03: ttyS0 at I/O 0x3f8 (irq = 4, base_baud = 115200) is a 16550A
[    2.417483] Non-volatile memory driver v1.3
[    2.418024] Linux agpgart interface v0.103
[    2.418770] ACPI: bus type drm_connector registered
[    2.440807] loop: module loaded
[    2.443647] scsi host0: ata_piix
[    2.444593] scsi host1: ata_piix
[    2.445235] ata1: PATA max MWDMA2 cmd 0x1f0 ctl 0x3f6 bmdma 0xc080 irq 14 lpm-pol 0
[    2.446222] ata2: PATA max MWDMA2 cmd 0x170 ctl 0x376 bmdma 0xc088 irq 15 lpm-pol 0
[    2.448880] i8042: PNP: PS/2 Controller [PNP0303:KBD,PNP0f13:MOU] at 0x60,0x64 irq 1,12
[    2.450595] serio: i8042 KBD port at 0x60,0x64 irq 1
[    2.451252] serio: i8042 AUX port at 0x60,0x64 irq 12
[    2.452493] rtc_cmos 00:04: RTC can wake from S4
[    2.453863] rtc_cmos 00:04: registered as rtc0
[    2.454482] rtc_cmos 00:04: setting system clock to 2024-02-18T21:27:35 UTC (1708291655)
[    2.455647] rtc_cmos 00:04: alarms up to one day, y3k, 242 bytes nvram, hpet irqs
[    2.456856] input: AT Translated Set 2 keyboard as /devices/platform/i8042/serio0/input/input1
[    2.458921] i6300ESB timer 0000:00:04.0: initialized. heartbeat=30 sec (nowayout=0)
[    2.460868] device-mapper: ioctl: 4.48.0-ioctl (2023-03-01) initialised: dm-devel@redhat.com
[    2.461468] input: ImExPS/2 Generic Explorer Mouse as /devices/platform/i8042/serio1/input/input3
[    2.463005] NET: Registered PF_PACKET protocol family
[    2.464065] 9pnet: Installing 9P2000 support
[    2.466063] Key type dns_resolver registered
[    2.472454] IPI shorthand broadcast: enabled
[    2.494081] sched_clock: Marking stable (2488001180, 5116915)->(2508471268, -15353173)
[    2.495477] registered taskstats version 1
[    2.510372] PM:   Magic number: 12:482:500
[    2.510918] PM:   hash matches drivers/base/power/main.c:598
[    2.511757] printk: legacy console [netcon0] enabled
[    2.512406] netconsole: network logging started
[    2.513158] ALSA device list:
[    2.513544]   No soundcards found.
[    2.599405] ata2: found unknown device (class 0)
[    2.600584] ata2.00: ATAPI: QEMU DVD-ROM, 2.5+, max UDMA/100
[    2.602617] scsi 1:0:0:0: CD-ROM            QEMU     QEMU DVD-ROM     2.5+ PQ: 0 ANSI: 5
[    2.610987] scsi 1:0:0:0: Attached scsi generic sg0 type 5
[    2.612017] md: Skipping autodetection of RAID arrays. (raid=autodetect will force)
[    2.612963] 9pnet_virtio: no channels available for device 
[    2.614381] VFS: Mounted root (9p filesystem) readonly on device 0:19.
[    2.615567] devtmpfs: mounted
[    2.622386] Freeing unused kernel image (initmem) memory: 5740K
[    2.625138] Write protecting the kernel read-only data: 53248k
[    2.626439] Freeing unused kernel image (rodata/data gap) memory: 680K
[    2.664872] x86/mm: Checked W+X mappings: passed, no W+X pages found.
[    2.665636] Run /usr/lib/python3.11/site-packages/virtme/guest/virtme-init as init process
[    2.707987] mount (266) used greatest stack depth: 26744 bytes left
[    2.846037] mount (284) used greatest stack depth: 26312 bytes left
[    2.984011] virtme-init: basic initialization done
[    2.991933] virtme-init: udevd not found
[    3.090381] virtme-init: Setting hostname to virtme-ng...
[    3.110719] ip (356) used greatest stack depth: 25192 bytes left
          _      _                                    
   __   _(_)_ __| |_ _ __ ___   ___       _ __   __ _ 
   \ \ / / |  __| __|  _   _ \ / _ \_____|  _ \ / _  |
    \ V /| | |  | |_| | | | | |  __/_____| | | | (_| |
     \_/ |_|_|   \__|_| |_| |_|\___|     |_| |_|\__  |
                                                |___/ 
   kernel version: 6.8.0-rc4-virtme x86_64

virtme-ng:/nipa-data/kernel# PS1='xx__-> '
xx__-> env
PWD=/nipa-data/kernel
HOME=/
TERM=xterm
SHLVL=2
XDG_RUNTIME_DIR=/run/user/0
PATH=/bin:/sbin:/usr/bin:/usr/sbin:/usr/local/bin
OLDPWD=/
_=/usr/bin/env
xx__-> 