No EFI environment detected.
early console in extract_kernel
input_data: 0x00000000030602b9
input_len: 0x0000000000b83141
output: 0x0000000001000000
output_len: 0x000000000252e36c
kernel_total_size: 0x0000000002c30000
needed_size: 0x0000000002e00000
trampoline_32bit: 0x0000000000000000
Physical KASLR using RDRAND RDTSC...
Virtual KASLR using RDRAND RDTSC...

Decompressing Linux... Parsing ELF... Performing relocations... done.
Booting the kernel (entry_offset: 0x0000000000000000).
[    0.000000] Linux version 6.8.0-rc2-virtme (root@da52d4aac9bf) (gcc (Alpine 13.2.1_git20231014) 13.2.1 20231014, GNU ld (GNU Binutils) 2.41) #1 SMP PREEMPT_DYNAMIC Fri Feb  2 12:06:09 UTC 2024
[    0.000000] Command line: virtme_hostname=virtme-ng virtme_link_mods=/nipa-data/kernel/.virtme_mods/lib/modules/0.0.0 virtme_initmount0=nipa-data/kernel virtme_rw_overlay0=/etc virtme_rw_overlay1=/lib virtme_rw_overlay2=/home virtme_rw_overlay3=/opt virtme_rw_overlay4=/srv virtme_rw_overlay5=/usr virtme_rw_overlay6=/var earlyprintk=serial,ttyS0,115200 console=ttyS0 psmouse.proto=exps virtme_chdir=nipa-data/kernel virtme_root_user=1 rootfstype=9p rootflags=version=9p2000.L,trans=virtio,access=any raid=noautodetect ro init=/usr/lib/python3.11/site-packages/virtme/guest/virtme-init
[    0.000000] BIOS-provided physical RAM map:
[    0.000000] BIOS-e820: [mem 0x0000000000000000-0x000000000009fbff] usable
[    0.000000] BIOS-e820: [mem 0x000000000009fc00-0x000000000009ffff] reserved
[    0.000000] BIOS-e820: [mem 0x00000000000f0000-0x00000000000fffff] reserved
[    0.000000] BIOS-e820: [mem 0x0000000000100000-0x000000003ffdffff] usable
[    0.000000] BIOS-e820: [mem 0x000000003ffe0000-0x000000003fffffff] reserved
[    0.000000] BIOS-e820: [mem 0x00000000feffc000-0x00000000feffffff] reserved
[    0.000000] BIOS-e820: [mem 0x00000000fffc0000-0x00000000ffffffff] reserved
[    0.000000] BIOS-e820: [mem 0x000000fd00000000-0x000000ffffffffff] reserved
[    0.000000] printk: legacy bootconsole [earlyser0] enabled
[    0.000000] NX (Execute Disable) protection: active
[    0.000000] APIC: Static calls initialized
[    0.000000] SMBIOS 3.0.0 present.
[    0.000000] DMI: QEMU Standard PC (i440FX + PIIX, 1996), BIOS rel-1.16.3-0-ga6ed6b701f0a-prebuilt.qemu.org 04/01/2014
[    0.000000] Hypervisor detected: KVM
[    0.000000] kvm-clock: Using msrs 4b564d01 and 4b564d00
[    0.000000] kvm-clock: using sched offset of 211397486 cycles
[    0.000400] clocksource: kvm-clock: mask: 0xffffffffffffffff max_cycles: 0x1cd42e4dffb, max_idle_ns: 881590591483 ns
[    0.001644] tsc: Detected 4491.536 MHz processor
[    0.002269] last_pfn = 0x3ffe0 max_arch_pfn = 0x400000000
[    0.002703] MTRR map: 4 entries (3 fixed + 1 variable; max 19), built from 8 variable MTRRs
[    0.003342] x86/PAT: Configuration [0-7]: WB  WC  UC- UC  WB  WP  UC- WT  
Memory KASLR using RDRAND RDTSC...
[    0.005470] found SMP MP-table at [mem 0x000f5470-0x000f547f]
[    0.005913] Using GB pages for direct mapping
[    0.006332] ACPI: Early table checksum verification disabled
[    0.006762] ACPI: RSDP 0x00000000000F5290 000014 (v00 BOCHS )
[    0.007204] ACPI: RSDT 0x000000003FFE27B6 000034 (v01 BOCHS  BXPC     00000001 BXPC 00000001)
[    0.007850] ACPI: FACP 0x000000003FFE2572 000074 (v01 BOCHS  BXPC     00000001 BXPC 00000001)
[    0.008499] ACPI: DSDT 0x000000003FFE0040 002532 (v01 BOCHS  BXPC     00000001 BXPC 00000001)
[    0.009166] ACPI: FACS 0x000000003FFE0000 000040
[    0.009515] ACPI: APIC 0x000000003FFE25E6 000170 (v03 BOCHS  BXPC     00000001 BXPC 00000001)
[    0.010167] ACPI: HPET 0x000000003FFE2756 000038 (v01 BOCHS  BXPC     00000001 BXPC 00000001)
[    0.010810] ACPI: WAET 0x000000003FFE278E 000028 (v01 BOCHS  BXPC     00000001 BXPC 00000001)
[    0.011463] ACPI: Reserving FACP table memory at [mem 0x3ffe2572-0x3ffe25e5]
[    0.011996] ACPI: Reserving DSDT table memory at [mem 0x3ffe0040-0x3ffe2571]
[    0.012533] ACPI: Reserving FACS table memory at [mem 0x3ffe0000-0x3ffe003f]
[    0.013069] ACPI: Reserving APIC table memory at [mem 0x3ffe25e6-0x3ffe2755]
[    0.013610] ACPI: Reserving HPET table memory at [mem 0x3ffe2756-0x3ffe278d]
[    0.014152] ACPI: Reserving WAET table memory at [mem 0x3ffe278e-0x3ffe27b5]
[    0.014845] No NUMA configuration found
[    0.015147] Faking a node at [mem 0x0000000000000000-0x000000003ffdffff]
[    0.015650] NODE_DATA(0) allocated [mem 0x3ffdb000-0x3ffdffff]
[    0.016101] Zone ranges:
[    0.016296]   DMA      [mem 0x0000000000001000-0x0000000000ffffff]
[    0.016767]   DMA32    [mem 0x0000000001000000-0x000000003ffdffff]
[    0.017246]   Normal   empty
[    0.017463]   Device   empty
[    0.017682] Movable zone start for each node
[    0.018003] Early memory node ranges
[    0.018285]   node   0: [mem 0x0000000000001000-0x000000000009efff]
[    0.018757]   node   0: [mem 0x0000000000100000-0x000000003ffdffff]
[    0.019236] Initmem setup node 0 [mem 0x0000000000001000-0x000000003ffdffff]
[    0.019768] On node 0, zone DMA: 1 pages in unavailable ranges
[    0.020227] On node 0, zone DMA: 97 pages in unavailable ranges
[    0.021710] On node 0, zone DMA32: 32 pages in unavailable ranges
[    0.022430] ACPI: PM-Timer IO Port: 0x608
[    0.022802] ACPI: LAPIC_NMI (acpi_id[0xff] dfl dfl lint[0x1])
[    0.023354] IOAPIC[0]: apic_id 0, version 17, address 0xfec00000, GSI 0-23
[    0.023986] ACPI: INT_SRC_OVR (bus 0 bus_irq 0 global_irq 2 dfl dfl)
[    0.024494] ACPI: INT_SRC_OVR (bus 0 bus_irq 5 global_irq 5 high level)
[    0.024997] ACPI: INT_SRC_OVR (bus 0 bus_irq 9 global_irq 9 high level)
[    0.025509] ACPI: INT_SRC_OVR (bus 0 bus_irq 10 global_irq 10 high level)
[    0.026019] ACPI: INT_SRC_OVR (bus 0 bus_irq 11 global_irq 11 high level)
[    0.026543] ACPI: Using ACPI (MADT) for SMP configuration information
[    0.027028] ACPI: HPET id: 0x8086a201 base: 0xfed00000
[    0.027422] TSC deadline timer available
[    0.027717] smpboot: Allowing 32 CPUs, 0 hotplug CPUs
[    0.028113] kvm-guest: APIC: eoi() replaced with kvm_guest_apic_eoi_write()
[    0.028650] kvm-guest: KVM setup pv remote TLB flush
[    0.029029] kvm-guest: setup PV sched yield
[    0.029362] PM: hibernation: Registered nosave memory: [mem 0x00000000-0x00000fff]
[    0.029933] PM: hibernation: Registered nosave memory: [mem 0x0009f000-0x0009ffff]
[    0.030570] PM: hibernation: Registered nosave memory: [mem 0x000a0000-0x000effff]
[    0.031152] PM: hibernation: Registered nosave memory: [mem 0x000f0000-0x000fffff]
[    0.031725] [mem 0x40000000-0xfeffbfff] available for PCI devices
[    0.032193] Booting paravirtualized kernel on KVM
[    0.032547] clocksource: refined-jiffies: mask: 0xffffffff max_cycles: 0xffffffff, max_idle_ns: 1910969940391419 ns
[    0.036362] setup_percpu: NR_CPUS:64 nr_cpumask_bits:32 nr_cpu_ids:32 nr_node_ids:1
[    0.037609] percpu: Embedded 58 pages/cpu s199840 r8192 d29536 u262144
[    0.038148] Kernel command line: virtme_hostname=virtme-ng virtme_link_mods=/nipa-data/kernel/.virtme_mods/lib/modules/0.0.0 virtme_initmount0=nipa-data/kernel virtme_rw_overlay0=/etc virtme_rw_overlay1=/lib virtme_rw_overlay2=/home virtme_rw_overlay3=/opt virtme_rw_overlay4=/srv virtme_rw_overlay5=/usr virtme_rw_overlay6=/var earlyprintk=serial,ttyS0,115200 console=ttyS0 psmouse.proto=exps virtme_chdir=nipa-data/kernel virtme_root_user=1 rootfstype=9p rootflags=version=9p2000.L,trans=virtio,access=any raid=noautodetect ro init=/usr/lib/python3.11/site-packages/virtme/guest/virtme-init
[    0.042588] Unknown kernel command line parameters "virtme_hostname=virtme-ng virtme_link_mods=/nipa-data/kernel/.virtme_mods/lib/modules/0.0.0 virtme_initmount0=nipa-data/kernel virtme_rw_overlay0=/etc virtme_rw_overlay1=/lib virtme_rw_overlay2=/home virtme_rw_overlay3=/opt virtme_rw_overlay4=/srv virtme_rw_overlay5=/usr virtme_rw_overlay6=/var virtme_chdir=nipa-data/kernel virtme_root_user=1", will be passed to user space.
[    0.045768] random: crng init done
[    0.046061] Dentry cache hash table entries: 131072 (order: 8, 1048576 bytes, linear)
[    0.046693] Inode-cache hash table entries: 65536 (order: 7, 524288 bytes, linear)
[    0.047387] Fallback order for Node 0: 0 
[    0.047390] Built 1 zonelists, mobility grouping on.  Total pages: 257760
[    0.048233] Policy zone: DMA32
[    0.048471] mem auto-init: stack:all(zero), heap alloc:off, heap free:off
[    0.050517] Memory: 976380K/1048056K available (16384K kernel code, 2557K rwdata, 6072K rodata, 3156K init, 12008K bss, 71416K reserved, 0K cma-reserved)
[    0.051646] SLUB: HWalign=64, Order=0-3, MinObjects=0, CPUs=32, Nodes=1
Poking KASLR using RDRAND RDTSC...
[    0.052445] ftrace: allocating 46543 entries in 182 pages
[    0.059697] ftrace: allocated 182 pages with 5 groups
[    0.060926] Dynamic Preempt: voluntary
[    0.061406] Running RCU self tests
[    0.061670] Running RCU synchronous self tests
[    0.062021] rcu: Preemptible hierarchical RCU implementation.
[    0.062469] rcu: RCU event tracing is enabled.
[    0.062827] rcu: RCU lockdep checking is enabled.
[    0.063196] rcu: RCU restricting CPUs from NR_CPUS=64 to nr_cpu_ids=32.
[    0.063712] Trampoline variant of Tasks RCU enabled.
[    0.064105] Rude variant of Tasks RCU enabled.
[    0.064455] Tracing variant of Tasks RCU enabled.
[    0.064828] rcu: RCU calculated value of scheduler-enlistment delay is 100 jiffies.
[    0.065424] rcu: Adjusting geometry for rcu_fanout_leaf=16, nr_cpu_ids=32
[    0.065974] Running RCU synchronous self tests
[    0.067896] NR_IRQS: 4352, nr_irqs: 680, preallocated irqs: 16
[    0.068546] rcu: srcu_init: Setting srcu_struct sizes based on contention.
[    0.069287] Console: colour *CGA 80x25
[    0.069601] printk: legacy console [ttyS0] enabled
[    0.069601] printk: legacy console [ttyS0] enabled
[    0.070341] printk: legacy bootconsole [earlyser0] disabled
[    0.070341] printk: legacy bootconsole [earlyser0] disabled
[    0.071205] Lock dependency validator: Copyright (c) 2006 Red Hat, Inc., Ingo Molnar
[    0.071802] ... MAX_LOCKDEP_SUBCLASSES:  8
[    0.072120] ... MAX_LOCK_DEPTH:          48
[    0.072447] ... MAX_LOCKDEP_KEYS:        8192
[    0.072791] ... CLASSHASH_SIZE:          4096
[    0.073132] ... MAX_LOCKDEP_ENTRIES:     32768
[    0.073478] ... MAX_LOCKDEP_CHAINS:      65536
[    0.073825] ... CHAINHASH_SIZE:          32768
[    0.074172]  memory used by lock dependency info: 6429 kB
[    0.074596]  memory used for stack traces: 4224 kB
[    0.074973]  per task-struct memory footprint: 1920 bytes
[    0.075409] ACPI: Core revision 20230628
[    0.075817] clocksource: hpet: mask: 0xffffffff max_cycles: 0xffffffff, max_idle_ns: 19112604467 ns
[    0.076632] APIC: Switch to symmetric I/O mode setup
[    0.077035] APIC: Switched APIC routing to: physical flat
[    0.077457] kvm-guest: APIC: send_IPI_mask() replaced with kvm_send_ipi_mask()
[    0.078011] kvm-guest: APIC: send_IPI_mask_allbutself() replaced with kvm_send_ipi_mask_allbutself()
[    0.078718] kvm-guest: setup PV IPIs
[    0.079839] ..TIMER: vector=0x30 apic1=0 pin1=2 apic2=-1 pin2=-1
[    0.080676] tsc: Marking TSC unstable due to TSCs unsynchronized
[    0.081490] Calibrating delay loop (skipped) preset value.. 8983.07 BogoMIPS (lpj=4491536)
[    0.082544] x86/cpu: User Mode Instruction Prevention (UMIP) activated
[    0.083508] Last level iTLB entries: 4KB 512, 2MB 255, 4MB 127
[    0.084286] Last level dTLB entries: 4KB 512, 2MB 255, 4MB 127, 1GB 0
[    0.084489] Spectre V1 : Mitigation: usercopy/swapgs barriers and __user pointer sanitization
[    0.085488] Spectre V2 : Mitigation: Enhanced / Automatic IBRS
[    0.086485] Spectre V2 : Spectre v2 / SpectreRSB mitigation: Filling RSB on context switch
[    0.087486] Spectre V2 : mitigation: Enabling conditional Indirect Branch Prediction Barrier
[    0.088486] Speculative Store Bypass: Mitigation: Speculative Store Bypass disabled via prctl
[    0.089485] Speculative Return Stack Overflow: IBPB-extending microcode not applied!
[    0.090485] Speculative Return Stack Overflow: WARNING: See https://kernel.org/doc/html/latest/admin-guide/hw-vuln/srso.html for mitigation options.
[    0.090486] Speculative Return Stack Overflow: Vulnerable: Safe RET, no microcode
[    0.092510] x86/fpu: Supporting XSAVE feature 0x001: 'x87 floating point registers'
[    0.093486] x86/fpu: Supporting XSAVE feature 0x002: 'SSE registers'
[    0.094486] x86/fpu: Supporting XSAVE feature 0x004: 'AVX registers'
[    0.095485] x86/fpu: Supporting XSAVE feature 0x020: 'AVX-512 opmask'
[    0.096485] x86/fpu: Supporting XSAVE feature 0x040: 'AVX-512 Hi256'
[    0.097323] x86/fpu: Supporting XSAVE feature 0x080: 'AVX-512 ZMM_Hi256'
[    0.097485] x86/fpu: Supporting XSAVE feature 0x200: 'Protection Keys User registers'
[    0.098486] x86/fpu: xstate_offset[2]:  576, xstate_sizes[2]:  256
[    0.099485] x86/fpu: xstate_offset[5]:  832, xstate_sizes[5]:   64
[    0.100485] x86/fpu: xstate_offset[6]:  896, xstate_sizes[6]:  512
[    0.101485] x86/fpu: xstate_offset[7]: 1408, xstate_sizes[7]: 1024
[    0.102487] x86/fpu: xstate_offset[9]: 2432, xstate_sizes[9]:    8
[    0.103485] x86/fpu: Enabled xstate features 0x2e7, context size is 2440 bytes, using 'compacted' format.
[    0.123403] Freeing SMP alternatives memory: 36K
[    0.123487] pid_max: default: 32768 minimum: 301
[    0.124571] Mount-cache hash table entries: 2048 (order: 2, 16384 bytes, linear)
[    0.125488] Mountpoint-cache hash table entries: 2048 (order: 2, 16384 bytes, linear)
[    0.127770] Running RCU synchronous self tests
[    0.128488] Running RCU synchronous self tests
[    0.129251] smpboot: CPU0: AMD Ryzen 9 7950X 16-Core Processor (family: 0x19, model: 0x61, stepping: 0x2)
[    0.129863] RCU Tasks: Setting shift to 5 and lim to 1 rcu_task_cb_adjust=1.
[    0.130524] RCU Tasks Rude: Setting shift to 5 and lim to 1 rcu_task_cb_adjust=1.
[    0.131528] RCU Tasks Trace: Setting shift to 5 and lim to 1 rcu_task_cb_adjust=1.
[    0.132529] Running RCU Tasks wait API self tests
[    0.238562] Running RCU Tasks Rude wait API self tests
[    0.239370] Running RCU Tasks Trace wait API self tests
[    0.239538] Performance Events: Fam17h+ core perfctr, AMD PMU driver.
[    0.240462] ... version:                0
[    0.240489] ... bit width:              48
[    0.241037] ... generic registers:      6
[    0.241488] ... value mask:             0000ffffffffffff
[    0.242197] ... max period:             00007fffffffffff
[    0.242488] ... fixed-purpose events:   0
[    0.243017] ... event mask:             000000000000003f
[    0.243681] signal: max sigframe size: 3376
[    0.244334] rcu: Hierarchical SRCU implementation.
[    0.244489] rcu: Max phase no-delay instances is 400.
[    0.246965] Callback from call_rcu_tasks_trace() invoked.
[    0.249365] smp: Bringing up secondary CPUs ...
[    0.249806] smpboot: x86: Booting SMP configuration:
[    0.250492] .... node  #0, CPUs:        #1  #2  #3  #4  #5  #6  #7  #8  #9 #10 #11 #12 #13 #14 #15 #16 #17 #18 #19 #20 #21 #22 #23 #24 #25 #26 #27 #28 #29 #30 #31
[    0.274653] smp: Brought up 1 node, 32 CPUs
[    0.276193] smpboot: Max logical packages: 1
[    0.276489] smpboot: Total of 32 processors activated (287458.30 BogoMIPS)
[    0.283535] devtmpfs: initialized
[    0.284185] x86/mm: Memory block size: 128MB
[    0.287125] Running RCU synchronous self tests
[    0.287507] Running RCU synchronous self tests
[    0.288367] clocksource: jiffies: mask: 0xffffffff max_cycles: 0xffffffff, max_idle_ns: 1911260446275000 ns
[    0.288493] futex hash table entries: 8192 (order: 8, 1048576 bytes, linear)
[    0.290185] PM: RTC time: 12:06:42, date: 2024-02-02
[    0.291266] NET: Registered PF_NETLINK/PF_ROUTE protocol family
[    0.292277] thermal_sys: Registered thermal governor 'step_wise'
[    0.292279] thermal_sys: Registered thermal governor 'user_space'
[    0.292548] cpuidle: using governor menu
[    0.295763] PCI: Using configuration type 1 for base access
[    0.296489] PCI: Using configuration type 1 for extended access
[    0.297654] kprobes: kprobe jump-optimization is enabled. All kprobes are optimized if possible.
[    0.312766] HugeTLB: registered 1.00 GiB page size, pre-allocated 0 pages
[    0.313489] HugeTLB: 16380 KiB vmemmap can be freed for a 1.00 GiB page
[    0.314489] HugeTLB: registered 2.00 MiB page size, pre-allocated 0 pages
[    0.316488] HugeTLB: 28 KiB vmemmap can be freed for a 2.00 MiB page
[    0.317731] ACPI: Added _OSI(Module Device)
[    0.318488] ACPI: Added _OSI(Processor Device)
[    0.319059] ACPI: Added _OSI(3.0 _SCP Extensions)
[    0.319488] ACPI: Added _OSI(Processor Aggregator Device)
[    0.322239] ACPI: 1 ACPI AML tables successfully acquired and loaded
[    0.324660] ACPI: _OSC evaluation for CPUs failed, trying _PDC
[    0.325995] ACPI: Interpreter enabled
[    0.326513] ACPI: PM: (supports S0 S3 S4 S5)
[    0.327080] ACPI: Using IOAPIC for interrupt routing
[    0.327506] PCI: Using host bridge windows from ACPI; if necessary, use "pci=nocrs" and report a bug
[    0.328489] PCI: Using E820 reservations for host bridge windows
[    0.329554] ACPI: Enabled 2 GPEs in block 00 to 0F
[    0.338922] ACPI: PCI Root Bridge [PCI0] (domain 0000 [bus 00-ff])
[    0.340492] acpi PNP0A03:00: _OSC: OS supports [ExtendedConfig ASPM ClockPM Segments MSI HPX-Type3]
[    0.341972] PCI host bridge to bus 0000:00
[    0.342522] pci_bus 0000:00: root bus resource [io  0x0000-0x0cf7 window]
[    0.343528] pci_bus 0000:00: root bus resource [io  0x0d00-0xffff window]
[    0.344116] Callback from call_rcu_tasks_rude() invoked.
[    0.344391] pci_bus 0000:00: root bus resource [mem 0x000a0000-0x000bffff window]
[    0.344395] pci_bus 0000:00: root bus resource [mem 0x40000000-0xfebfffff window]
[    0.344396] pci_bus 0000:00: root bus resource [mem 0x100000000-0x17fffffff window]
[    0.344398] pci_bus 0000:00: root bus resource [bus 00-ff]
[    0.344991] pci 0000:00:00.0: [8086:1237] type 00 class 0x060000 conventional PCI endpoint
[    0.350018] pci 0000:00:01.0: [8086:7000] type 00 class 0x060100 conventional PCI endpoint
[    0.351924] pci 0000:00:01.1: [8086:7010] type 00 class 0x010180 conventional PCI endpoint
[    0.354717] pci 0000:00:01.1: BAR 4 [io  0xc080-0xc08f]
[    0.357201] pci 0000:00:01.1: BAR 0 [io  0x01f0-0x01f7]: legacy IDE quirk
[    0.357488] pci 0000:00:01.1: BAR 1 [io  0x03f6]: legacy IDE quirk
[    0.358288] pci 0000:00:01.1: BAR 2 [io  0x0170-0x0177]: legacy IDE quirk
[    0.359488] pci 0000:00:01.1: BAR 3 [io  0x0376]: legacy IDE quirk
[    0.360500] pci 0000:00:01.3: [8086:7113] type 00 class 0x068000 conventional PCI endpoint
[    0.361750] pci 0000:00:01.3: quirk: [io  0x0600-0x063f] claimed by PIIX4 ACPI
[    0.362492] pci 0000:00:01.3: quirk: [io  0x0700-0x070f] claimed by PIIX4 SMB
[    0.364565] pci 0000:00:02.0: [1af4:1009] type 00 class 0x000200 conventional PCI endpoint
[    0.367488] pci 0000:00:02.0: BAR 0 [io  0xc000-0xc03f]
[    0.369151] pci 0000:00:02.0: BAR 1 [mem 0xfebfd000-0xfebfdfff]
[    0.373488] pci 0000:00:02.0: BAR 4 [mem 0xfebf4000-0xfebf7fff 64bit pref]
[    0.379201] pci 0000:00:03.0: [1af4:1009] type 00 class 0x000200 conventional PCI endpoint
[    0.381489] pci 0000:00:03.0: BAR 0 [io  0xc040-0xc07f]
[    0.383132] pci 0000:00:03.0: BAR 1 [mem 0xfebfe000-0xfebfefff]
[    0.387488] pci 0000:00:03.0: BAR 4 [mem 0xfebf8000-0xfebfbfff 64bit pref]
[    0.392659] pci 0000:00:04.0: [8086:25ab] type 00 class 0x088000 conventional PCI endpoint
[    0.393997] pci 0000:00:04.0: BAR 0 [mem 0xfebff000-0xfebff00f]
[    0.399432] ACPI: PCI: Interrupt link LNKA configured for IRQ 10
[    0.401655] ACPI: PCI: Interrupt link LNKB configured for IRQ 10
[    0.402567] ACPI: PCI: Interrupt link LNKC configured for IRQ 11
[    0.403513] ACPI: PCI: Interrupt link LNKD configured for IRQ 11
[    0.404413] ACPI: PCI: Interrupt link LNKS configured for IRQ 9
[    0.407875] iommu: Default domain type: Translated
[    0.408488] iommu: DMA domain TLB invalidation policy: lazy mode
[    0.409569] SCSI subsystem initialized
[    0.410106] pps_core: LinuxPPS API ver. 1 registered
[    0.410489] pps_core: Software ver. 5.3.6 - Copyright 2005-2007 Rodolfo Giometti <giometti@linux.it>
[    0.411492] PTP clock support registered
[    0.412566] Advanced Linux Sound Architecture Driver Initialized.
[    0.414108] NET: Registered PF_ATMPVC protocol family
[    0.414488] NET: Registered PF_ATMSVC protocol family
[    0.415159] PCI: Using ACPI for IRQ routing
[    0.416603] vgaarb: loaded
[    0.416873] hpet0: at MMIO 0xfed00000, IRQs 2, 8, 0
[    0.417489] hpet0: 3 comparators, 64-bit 100.000000 MHz counter
[    0.425547] clocksource: Switched to clocksource kvm-clock
[    0.427504] VFS: Disk quotas dquot_6.6.0
[    0.428188] VFS: Dquot-cache hash table entries: 512 (order 0, 4096 bytes)
[    0.432514] pnp: PnP ACPI init
[    0.433752] pnp: PnP ACPI: found 5 devices
[    0.444998] clocksource: acpi_pm: mask: 0xffffff max_cycles: 0xffffff, max_idle_ns: 2085701024 ns
[    0.446573] NET: Registered PF_INET protocol family
[    0.447448] IP idents hash table entries: 16384 (order: 5, 131072 bytes, linear)
[    0.448889] Callback from call_rcu_tasks() invoked.
[    0.449151] tcp_listen_portaddr_hash hash table entries: 512 (order: 3, 36864 bytes, linear)
[    0.451048] Table-perturb hash table entries: 65536 (order: 6, 262144 bytes, linear)
[    0.452420] TCP established hash table entries: 8192 (order: 4, 65536 bytes, linear)
[    0.453781] TCP bind hash table entries: 8192 (order: 8, 1179648 bytes, linear)
[    0.455504] TCP: Hash tables configured (established 8192 bind 8192)
[    0.456754] UDP hash table entries: 512 (order: 4, 81920 bytes, linear)
[    0.457933] UDP-Lite hash table entries: 512 (order: 4, 81920 bytes, linear)
[    0.459328] NET: Registered PF_UNIX/PF_LOCAL protocol family
[    0.460345] pci_bus 0000:00: resource 4 [io  0x0000-0x0cf7 window]
[    0.461406] pci_bus 0000:00: resource 5 [io  0x0d00-0xffff window]
[    0.462464] pci_bus 0000:00: resource 6 [mem 0x000a0000-0x000bffff window]
[    0.463653] pci_bus 0000:00: resource 7 [mem 0x40000000-0xfebfffff window]
[    0.464835] pci_bus 0000:00: resource 8 [mem 0x100000000-0x17fffffff window]
[    0.466146] pci 0000:00:01.0: PIIX3: Enabling Passive Release
[    0.467150] pci 0000:00:00.0: Limiting direct PCI/PCI transfers
[    0.468224] PCI: CLS 0 bytes, default 64
[    0.469231] kvm_intel: VMX not supported by CPU 28
[    0.470285] kvm_amd: TSC scaling supported
[    0.471020] kvm_amd: Nested Virtualization enabled
[    0.471855] kvm_amd: Nested Paging enabled
[    0.472595] kvm_amd: Virtual VMLOAD VMSAVE supported
[    0.473446] kvm_amd: Virtual GIF supported
[    0.474141] kvm_amd: Virtual NMI enabled
[    0.474819] kvm_amd: LBR virtualization supported
[    0.585244] workingset: timestamp_bits=56 max_order=18 bucket_order=0
[    0.586526] squashfs: version 4.0 (2009/01/31) Phillip Lougher
[    0.587559] fuse: init (API version 7.39)
[    0.588351] 9p: Installing v9fs 9p2000 file system support
[    0.589440] Key type asymmetric registered
[    0.590176] Block layer SCSI generic (bsg) driver version 0.4 loaded (major 249)
[    0.591533] io scheduler mq-deadline registered
[    0.592315] io scheduler kyber registered
[    0.594739] input: Power Button as /devices/LNXSYSTM:00/LNXPWRBN:00/input/input0
[    0.596326] ACPI: button: Power Button [PWRF]
[    0.597226] Warning: Processor Platform Limit event detected, but not handled.
[    0.598474] Consider compiling CPUfreq support into your kernel.
[    0.685881] ACPI: \_SB_.LNKB: Enabled at IRQ 10
[    0.759189] ACPI: \_SB_.LNKC: Enabled at IRQ 11
[    0.760691] Serial: 8250/16550 driver, 4 ports, IRQ sharing enabled
[    0.761917] 00:03: ttyS0 at I/O 0x3f8 (irq = 4, base_baud = 115200) is a 16550A
[    0.763960] Non-volatile memory driver v1.3
[    0.764515] Linux agpgart interface v0.103
[    0.765173] ACPI: bus type drm_connector registered
[    0.778857] loop: module loaded
[    0.780666] scsi host0: ata_piix
[    0.781422] scsi host1: ata_piix
[    0.781909] ata1: PATA max MWDMA2 cmd 0x1f0 ctl 0x3f6 bmdma 0xc080 irq 14 lpm-pol 0
[    0.782918] ata2: PATA max MWDMA2 cmd 0x170 ctl 0x376 bmdma 0xc088 irq 15 lpm-pol 0
[    0.784657] i8042: PNP: PS/2 Controller [PNP0303:KBD,PNP0f13:MOU] at 0x60,0x64 irq 1,12
[    0.786358] serio: i8042 KBD port at 0x60,0x64 irq 1
[    0.787044] serio: i8042 AUX port at 0x60,0x64 irq 12
[    0.788250] rtc_cmos 00:04: RTC can wake from S4
[    0.789286] input: AT Translated Set 2 keyboard as /devices/platform/i8042/serio0/input/input1
[    0.791009] rtc_cmos 00:04: registered as rtc0
[    0.791679] rtc_cmos 00:04: setting system clock to 2024-02-02T12:06:42 UTC (1706875602)
[    0.792822] rtc_cmos 00:04: alarms up to one day, y3k, 242 bytes nvram, hpet irqs
[    0.794481] i6300ESB timer 0000:00:04.0: initialized. heartbeat=30 sec (nowayout=0)
[    0.795849] device-mapper: ioctl: 4.48.0-ioctl (2023-03-01) initialised: dm-devel@redhat.com
[    0.797734] NET: Registered PF_PACKET protocol family
[    0.798392] 9pnet: Installing 9P2000 support
[    0.800030] Key type dns_resolver registered
[    0.801749] input: ImExPS/2 Generic Explorer Mouse as /devices/platform/i8042/serio1/input/input3
[    0.805707] IPI shorthand broadcast: enabled
[    0.814363] sched_clock: Marking stable (804002299, 9396042)->(834625912, -21227571)
[    0.815679] registered taskstats version 1
[    0.821076] PM:   Magic number: 12:460:126
[    0.821683] acpi device:01: hash matches
[    0.822235] printk: legacy console [netcon0] enabled
[    0.822890] netconsole: network logging started
[    0.823642] ALSA device list:
[    0.824069]   No soundcards found.
[    0.943528] ata2: found unknown device (class 0)
[    0.944562] ata2.00: ATAPI: QEMU DVD-ROM, 2.5+, max UDMA/100
[    0.946529] scsi 1:0:0:0: CD-ROM            QEMU     QEMU DVD-ROM     2.5+ PQ: 0 ANSI: 5
[    0.955303] scsi 1:0:0:0: Attached scsi generic sg0 type 5
[    0.956315] md: Skipping autodetection of RAID arrays. (raid=autodetect will force)
[    0.957238] 9pnet_virtio: no channels available for device 
[    0.958600] VFS: Mounted root (9p filesystem) readonly on device 0:19.
[    0.959600] devtmpfs: mounted
[    0.961552] Freeing unused kernel image (initmem) memory: 3156K
[    0.969433] Write protecting the kernel read-only data: 22528k
[    0.970787] Freeing unused kernel image (rodata/data gap) memory: 72K
[    1.006557] x86/mm: Checked W+X mappings: passed, no W+X pages found.
[    1.007514] Run /usr/lib/python3.11/site-packages/virtme/guest/virtme-init as init process
[    1.035457] mount (267) used greatest stack depth: 13192 bytes left
[    1.114727] mount (285) used greatest stack depth: 12584 bytes left
[    1.170600] virtme-init (313) used greatest stack depth: 12424 bytes left
[    1.206247] virtme-init: basic initialization done
[    1.212211] virtme-init: udevd not found
[    1.270273] virtme-init: Setting hostname to virtme-ng...
[    1.283816] ip (358) used greatest stack depth: 12056 bytes left
          _      _                                    
   __   _(_)_ __| |_ _ __ ___   ___       _ __   __ _ 
   \ \ / / |  __| __|  _   _ \ / _ \_____|  _ \ / _  |
    \ V /| | |  | |_| | | | | |  __/_____| | | | (_| |
     \_/ |_|_|   \__|_| |_| |_|\___|     |_| |_|\__  |
                                                |___/ 
   kernel version: 6.8.0-rc2-virtme x86_64

virtme-ng:/nipa-data/kernel# PS1='xx__-> '
xx__-> 