No EFI environment detected.
early console in extract_kernel
input_data: 0x0000000004aaf2c4
input_len: 0x000000000186a674
output: 0x0000000001000000
output_len: 0x00000000052a66a4
kernel_total_size: 0x0000000004e30000
needed_size: 0x0000000005400000
trampoline_32bit: 0x0000000000000000
Physical KASLR using RDRAND RDTSC...
Virtual KASLR using RDRAND RDTSC...

Decompressing Linux... Parsing ELF... Performing relocations... done.
Booting the kernel (entry_offset: 0x0000000000000000).
[    0.000000] Linux version 6.10.0-rc6-virtme (root@ef5076825a50) (gcc (Alpine 13.2.1_git20240309) 13.2.1 20240309, GNU ld (GNU Binutils) 2.42) #1 SMP PREEMPT_DYNAMIC Fri Jul  5 03:27:41 UTC 2024
[    0.000000] Command line: virtme_hostname=virtme-ng nr_open=1048576 virtme_link_mods=/nipa-data/kernel/.virtme_mods/lib/modules/0.0.0 virtme_initmount0=nipa-data/kernel virtme_rw_overlay0=/etc virtme_rw_overlay1=/lib virtme_rw_overlay2=/home virtme_rw_overlay3=/opt virtme_rw_overlay4=/srv virtme_rw_overlay5=/usr virtme_rw_overlay6=/var console=hvc0 earlyprintk=serial,ttyS0,115200 virtme_console=ttyS0 psmouse.proto=exps TERM=xterm virtme_chdir=nipa-data/kernel virtme_root_user=1 rootfstype=9p rootflags=version=9p2000.L,trans=virtio,access=any raid=noautodetect ro init=/usr/lib/python3.12/site-packages/virtme/guest/virtme-init
[    0.000000] BIOS-provided physical RAM map:
[    0.000000] BIOS-e820: [mem 0x0000000000000000-0x000000000009fbff] usable
[    0.000000] BIOS-e820: [mem 0x000000000009fc00-0x000000000009ffff] reserved
[    0.000000] BIOS-e820: [mem 0x00000000000f0000-0x00000000000fffff] reserved
[    0.000000] BIOS-e820: [mem 0x0000000000100000-0x000000003ffdffff] usable
[    0.000000] BIOS-e820: [mem 0x000000003ffe0000-0x000000003fffffff] reserved
[    0.000000] BIOS-e820: [mem 0x00000000feffc000-0x00000000feffffff] reserved
[    0.000000] BIOS-e820: [mem 0x00000000fffc0000-0x00000000ffffffff] reserved
[    0.000000] BIOS-e820: [mem 0x000000fd00000000-0x000000ffffffffff] reserved
[    0.000000] printk: legacy bootconsole [earlyser0] enabled
[    0.000000] NX (Execute Disable) protection: active
[    0.000000] APIC: Static calls initialized
[    0.000000] SMBIOS 2.8 present.
[    0.000000] DMI: QEMU Standard PC (i440FX + PIIX, 1996), BIOS rel-1.16.3-0-ga6ed6b701f0a-prebuilt.qemu.org 04/01/2014
[    0.000000] DMI: Memory slots populated: 1/1
[    0.000000] Hypervisor detected: KVM
[    0.000000] kvm-clock: Using msrs 4b564d01 and 4b564d00
[    0.000001] kvm-clock: using sched offset of 360436995 cycles
[    0.000398] clocksource: kvm-clock: mask: 0xffffffffffffffff max_cycles: 0x1cd42e4dffb, max_idle_ns: 881590591483 ns
[    0.001680] tsc: Detected 4491.560 MHz processor
[    0.002403] last_pfn = 0x3ffe0 max_arch_pfn = 0x400000000
[    0.002847] MTRR map: 4 entries (3 fixed + 1 variable; max 19), built from 8 variable MTRRs
[    0.003481] x86/PAT: Configuration [0-7]: WB  WC  UC- UC  WB  WP  UC- WT  
[    0.005642] found SMP MP-table at [mem 0x000f5470-0x000f547f]
[    0.006087] Using GB pages for direct mapping
[    0.006580] ACPI: Early table checksum verification disabled
[    0.007010] ACPI: RSDP 0x00000000000F5290 000014 (v00 BOCHS )
[    0.007448] ACPI: RSDT 0x000000003FFE27BC 000034 (v01 BOCHS  BXPC     00000001 BXPC 00000001)
[    0.008098] ACPI: FACP 0x000000003FFE2578 000074 (v01 BOCHS  BXPC     00000001 BXPC 00000001)
[    0.008748] ACPI: DSDT 0x000000003FFE0040 002538 (v01 BOCHS  BXPC     00000001 BXPC 00000001)
[    0.009399] ACPI: FACS 0x000000003FFE0000 000040
[    0.009750] ACPI: APIC 0x000000003FFE25EC 000170 (v03 BOCHS  BXPC     00000001 BXPC 00000001)
[    0.010399] ACPI: HPET 0x000000003FFE275C 000038 (v01 BOCHS  BXPC     00000001 BXPC 00000001)
[    0.011045] ACPI: WAET 0x000000003FFE2794 000028 (v01 BOCHS  BXPC     00000001 BXPC 00000001)
[    0.011692] ACPI: Reserving FACP table memory at [mem 0x3ffe2578-0x3ffe25eb]
[    0.012225] ACPI: Reserving DSDT table memory at [mem 0x3ffe0040-0x3ffe2577]
[    0.012763] ACPI: Reserving FACS table memory at [mem 0x3ffe0000-0x3ffe003f]
[    0.013297] ACPI: Reserving APIC table memory at [mem 0x3ffe25ec-0x3ffe275b]
[    0.013839] ACPI: Reserving HPET table memory at [mem 0x3ffe275c-0x3ffe2793]
[    0.014372] ACPI: Reserving WAET table memory at [mem 0x3ffe2794-0x3ffe27bb]
[    0.015125] No NUMA configuration found
[    0.015417] Faking a node at [mem 0x0000000000000000-0x000000003ffdffff]
[    0.015938] NODE_DATA(0) allocated [mem 0x3ffdb000-0x3ffdffff]
[    0.016413] Zone ranges:
[    0.016606]   DMA      [mem 0x0000000000001000-0x0000000000ffffff]
[    0.017085]   DMA32    [mem 0x0000000001000000-0x000000003ffdffff]
[    0.017559]   Normal   empty
[    0.017778]   Device   empty
[    0.018019] Movable zone start for each node
[    0.018342] Early memory node ranges
[    0.018612]   node   0: [mem 0x0000000000001000-0x000000000009efff]
[    0.019098]   node   0: [mem 0x0000000000100000-0x000000003ffdffff]
[    0.019575] Initmem setup node 0 [mem 0x0000000000001000-0x000000003ffdffff]
[    0.020129] On node 0, zone DMA: 1 pages in unavailable ranges
[    0.020631] On node 0, zone DMA: 97 pages in unavailable ranges
[    0.025551] On node 0, zone DMA32: 32 pages in unavailable ranges
[    0.036253] kasan: KernelAddressSanitizer initialized
[    0.036970] ACPI: PM-Timer IO Port: 0x608
[    0.037298] ACPI: LAPIC_NMI (acpi_id[0xff] dfl dfl lint[0x1])
[    0.037774] IOAPIC[0]: apic_id 0, version 17, address 0xfec00000, GSI 0-23
[    0.038357] ACPI: INT_SRC_OVR (bus 0 bus_irq 0 global_irq 2 dfl dfl)
[    0.038843] ACPI: INT_SRC_OVR (bus 0 bus_irq 5 global_irq 5 high level)
[    0.039360] ACPI: INT_SRC_OVR (bus 0 bus_irq 9 global_irq 9 high level)
[    0.039863] ACPI: INT_SRC_OVR (bus 0 bus_irq 10 global_irq 10 high level)
[    0.040391] ACPI: INT_SRC_OVR (bus 0 bus_irq 11 global_irq 11 high level)
[    0.040915] ACPI: Using ACPI (MADT) for SMP configuration information
[    0.041425] ACPI: HPET id: 0x8086a201 base: 0xfed00000
[    0.041819] TSC deadline timer available
[    0.042136] CPU topo: Max. logical packages:   1
[    0.042489] CPU topo: Max. logical dies:       1
[    0.042852] CPU topo: Max. dies per package:   1
[    0.043215] CPU topo: Max. threads per core:   1
[    0.043566] CPU topo: Num. cores per package:    32
[    0.043949] CPU topo: Num. threads per package:  32
[    0.044319] CPU topo: Allowing 32 present CPUs plus 0 hotplug CPUs
[    0.044804] kvm-guest: APIC: eoi() replaced with kvm_guest_apic_eoi_write()
[    0.045372] kvm-guest: KVM setup pv remote TLB flush
[    0.045751] kvm-guest: setup PV sched yield
[    0.046090] PM: hibernation: Registered nosave memory: [mem 0x00000000-0x00000fff]
[    0.046665] PM: hibernation: Registered nosave memory: [mem 0x0009f000-0x0009ffff]
[    0.047256] PM: hibernation: Registered nosave memory: [mem 0x000a0000-0x000effff]
[    0.047831] PM: hibernation: Registered nosave memory: [mem 0x000f0000-0x000fffff]
[    0.048522] [mem 0x40000000-0xfeffbfff] available for PCI devices
[    0.049092] Booting paravirtualized kernel on KVM
[    0.049508] clocksource: refined-jiffies: mask: 0xffffffff max_cycles: 0xffffffff, max_idle_ns: 1910969940391419 ns
[    0.058530] setup_percpu: NR_CPUS:64 nr_cpumask_bits:32 nr_cpu_ids:32 nr_node_ids:1
[    0.060411] percpu: Embedded 70 pages/cpu s248536 r8192 d29992 u524288
[    0.060969] Kernel command line: virtme_hostname=virtme-ng nr_open=1048576 virtme_link_mods=/nipa-data/kernel/.virtme_mods/lib/modules/0.0.0 virtme_initmount0=nipa-data/kernel virtme_rw_overlay0=/etc virtme_rw_overlay1=/lib virtme_rw_overlay2=/home virtme_rw_overlay3=/opt virtme_rw_overlay4=/srv virtme_rw_overlay5=/usr virtme_rw_overlay6=/var console=hvc0 earlyprintk=serial,ttyS0,115200 virtme_console=ttyS0 psmouse.proto=exps TERM=xterm virtme_chdir=nipa-data/kernel virtme_root_user=1 rootfstype=9p rootflags=version=9p2000.L,trans=virtio,access=any raid=noautodetect ro init=/usr/lib/python3.12/site-packages/virtme/guest/virtme-init
[    0.065514] Unknown kernel command line parameters "virtme_hostname=virtme-ng nr_open=1048576 virtme_link_mods=/nipa-data/kernel/.virtme_mods/lib/modules/0.0.0 virtme_initmount0=nipa-data/kernel virtme_rw_overlay0=/etc virtme_rw_overlay1=/lib virtme_rw_overlay2=/home virtme_rw_overlay3=/opt virtme_rw_overlay4=/srv virtme_rw_overlay5=/usr virtme_rw_overlay6=/var virtme_console=ttyS0 virtme_chdir=nipa-data/kernel virtme_root_user=1", will be passed to user space.
[    0.068898] random: crng init done
[    0.069277] Dentry cache hash table entries: 131072 (order: 8, 1048576 bytes, linear)
[    0.069906] Inode-cache hash table entries: 65536 (order: 7, 524288 bytes, linear)
[    0.070939] Fallback order for Node 0: 0 
[    0.070944] Built 1 zonelists, mobility grouping on.  Total pages: 262014
[    0.071792] Policy zone: DMA32
[    0.072032] mem auto-init: stack:all(zero), heap alloc:off, heap free:off
[    0.072563] stackdepot: allocating hash table via alloc_large_system_hash
[    0.073095] stackdepot hash table entries: 1048576 (order: 12, 16777216 bytes, linear)
[    0.081202] Memory: 781052K/1048056K available (43008K kernel code, 11215K rwdata, 9844K rodata, 5916K init, 2172K bss, 266748K reserved, 0K cma-reserved)
[    0.082475] SLUB: HWalign=64, Order=0-3, MinObjects=0, CPUs=32, Nodes=1
Poking KASLR using RDRAND RDTSC...
[    0.083292] ftrace: allocating 48017 entries in 188 pages
[    0.092256] ftrace: allocated 188 pages with 5 groups
[    0.093536] Dynamic Preempt: voluntary
[    0.094309] rcu: Preemptible hierarchical RCU implementation.
[    0.094757] rcu: RCU event tracing is enabled.
[    0.095114] rcu: RCU restricting CPUs from NR_CPUS=64 to nr_cpu_ids=32.
[    0.095637] Trampoline variant of Tasks RCU enabled.
[    0.096043] Rude variant of Tasks RCU enabled.
[    0.096395] Tracing variant of Tasks RCU enabled.
[    0.096769] rcu: RCU calculated value of scheduler-enlistment delay is 100 jiffies.
[    0.097368] rcu: Adjusting geometry for rcu_fanout_leaf=16, nr_cpu_ids=32
[    0.097964] RCU Tasks: Setting shift to 5 and lim to 1 rcu_task_cb_adjust=1.
[    0.098515] RCU Tasks Rude: Setting shift to 5 and lim to 1 rcu_task_cb_adjust=1.
[    0.099099] RCU Tasks Trace: Setting shift to 5 and lim to 1 rcu_task_cb_adjust=1.
[    0.108288] NR_IRQS: 4352, nr_irqs: 680, preallocated irqs: 16
[    0.109008] rcu: srcu_init: Setting srcu_struct sizes based on contention.
[    0.109764] Console: colour *CGA 80x25
[    0.110081] ACPI: Core revision 20240322
[    0.110536] clocksource: hpet: mask: 0xffffffff max_cycles: 0xffffffff, max_idle_ns: 19112604467 ns
[    0.111301] APIC: Switch to symmetric I/O mode setup
[    0.111687] APIC: Switched APIC routing to: physical flat
[    0.112104] kvm-guest: APIC: send_IPI_mask() replaced with kvm_send_ipi_mask()
[    0.112650] kvm-guest: APIC: send_IPI_mask_allbutself() replaced with kvm_send_ipi_mask_allbutself()
[    0.113362] kvm-guest: setup PV IPIs
[    0.114519] ..TIMER: vector=0x30 apic1=0 pin1=2 apic2=-1 pin2=-1
[    0.115357] tsc: Marking TSC unstable due to TSCs unsynchronized
[    0.116162] Calibrating delay loop (skipped) preset value.. 8983.12 BogoMIPS (lpj=4491560)
[    0.118232] x86/cpu: User Mode Instruction Prevention (UMIP) activated
[    0.119173] Last level iTLB entries: 4KB 512, 2MB 255, 4MB 127
[    0.119950] Last level dTLB entries: 4KB 512, 2MB 255, 4MB 127, 1GB 0
[    0.120166] Spectre V1 : Mitigation: usercopy/swapgs barriers and __user pointer sanitization
[    0.121165] Spectre V2 : Mitigation: Enhanced / Automatic IBRS
[    0.122161] Spectre V2 : Spectre v2 / SpectreRSB mitigation: Filling RSB on context switch
[    0.123162] Spectre V2 : mitigation: Enabling conditional Indirect Branch Prediction Barrier
[    0.124163] Speculative Store Bypass: Mitigation: Speculative Store Bypass disabled via prctl
[    0.125161] Speculative Return Stack Overflow: IBPB-extending microcode not applied!
[    0.126161] Speculative Return Stack Overflow: WARNING: See https://kernel.org/doc/html/latest/admin-guide/hw-vuln/srso.html for mitigation options.
[    0.126162] Speculative Return Stack Overflow: Vulnerable: Safe RET, no microcode
[    0.128178] x86/fpu: Supporting XSAVE feature 0x001: 'x87 floating point registers'
[    0.129161] x86/fpu: Supporting XSAVE feature 0x002: 'SSE registers'
[    0.130160] x86/fpu: Supporting XSAVE feature 0x004: 'AVX registers'
[    0.131160] x86/fpu: Supporting XSAVE feature 0x020: 'AVX-512 opmask'
[    0.132160] x86/fpu: Supporting XSAVE feature 0x040: 'AVX-512 Hi256'
[    0.133161] x86/fpu: Supporting XSAVE feature 0x080: 'AVX-512 ZMM_Hi256'
[    0.134160] x86/fpu: Supporting XSAVE feature 0x200: 'Protection Keys User registers'
[    0.135161] x86/fpu: xstate_offset[2]:  576, xstate_sizes[2]:  256
[    0.136160] x86/fpu: xstate_offset[5]:  832, xstate_sizes[5]:   64
[    0.136973] x86/fpu: xstate_offset[6]:  896, xstate_sizes[6]:  512
[    0.137161] x86/fpu: xstate_offset[7]: 1408, xstate_sizes[7]: 1024
[    0.138160] x86/fpu: xstate_offset[9]: 2432, xstate_sizes[9]:    8
[    0.139160] x86/fpu: Enabled xstate features 0x2e7, context size is 2440 bytes, using 'compacted' format.
[    0.163470] Freeing SMP alternatives memory: 40K
[    0.164092] pid_max: default: 32768 minimum: 301
[    0.164312] Mount-cache hash table entries: 2048 (order: 2, 16384 bytes, linear)
[    0.165163] Mountpoint-cache hash table entries: 2048 (order: 2, 16384 bytes, linear)
[    0.167661] smpboot: CPU0: AMD Ryzen 9 7950X 16-Core Processor (family: 0x19, model: 0x61, stepping: 0x2)
[    0.168658] Performance Events: Fam17h+ core perfctr, AMD PMU driver.
[    0.169166] ... version:                0
[    0.169702] ... bit width:              48
[    0.170162] ... generic registers:      6
[    0.170693] ... value mask:             0000ffffffffffff
[    0.171162] ... max period:             00007fffffffffff
[    0.171871] ... fixed-purpose events:   0
[    0.172162] ... event mask:             000000000000003f
[    0.172997] signal: max sigframe size: 3376
[    0.173212] rcu: Hierarchical SRCU implementation.
[    0.173852] rcu: Max phase no-delay instances is 400.
[    0.178485] smp: Bringing up secondary CPUs ...
[    0.179398] smpboot: x86: Booting SMP configuration:
[    0.180057] .... node  #0, CPUs:        #1  #2  #3  #4  #5  #6  #7  #8  #9 #10 #11 #12 #13 #14 #15 #16 #17 #18 #19 #20 #21 #22 #23 #24 #25 #26 #27 #28 #29 #30 #31
[    0.204326] smp: Brought up 1 node, 32 CPUs
[    0.205887] smpboot: Total of 32 processors activated (287459.84 BogoMIPS)
[    0.213513] devtmpfs: initialized
[    0.214414] x86/mm: Memory block size: 128MB
[    0.223714] clocksource: jiffies: mask: 0xffffffff max_cycles: 0xffffffff, max_idle_ns: 1911260446275000 ns
[    0.224171] futex hash table entries: 8192 (order: 7, 524288 bytes, linear)
[    0.225612] PM: RTC time: 03:28:16, date: 2024-07-05
[    0.227142] NET: Registered PF_NETLINK/PF_ROUTE protocol family
[    0.228448] thermal_sys: Registered thermal governor 'step_wise'
[    0.228451] thermal_sys: Registered thermal governor 'user_space'
[    0.229207] cpuidle: using governor menu
[    0.232630] PCI: Using configuration type 1 for base access
[    0.233164] PCI: Using configuration type 1 for extended access
[    0.234367] kprobes: kprobe jump-optimization is enabled. All kprobes are optimized if possible.
[    0.241387] HugeTLB: registered 1.00 GiB page size, pre-allocated 0 pages
[    0.243163] HugeTLB: 16380 KiB vmemmap can be freed for a 1.00 GiB page
[    0.244031] HugeTLB: registered 2.00 MiB page size, pre-allocated 0 pages
[    0.244163] HugeTLB: 28 KiB vmemmap can be freed for a 2.00 MiB page
[    0.256037] Demotion targets for Node 0: null
[    0.256461] ACPI: Added _OSI(Module Device)
[    0.256996] ACPI: Added _OSI(Processor Device)
[    0.258163] ACPI: Added _OSI(3.0 _SCP Extensions)
[    0.258758] ACPI: Added _OSI(Processor Aggregator Device)
[    0.283137] ACPI: 1 ACPI AML tables successfully acquired and loaded
[    0.286337] ACPI: _OSC evaluation for CPUs failed, trying _PDC
[    0.289438] ACPI: Interpreter enabled
[    0.289979] ACPI: PM: (supports S0 S3 S4 S5)
[    0.290163] ACPI: Using IOAPIC for interrupt routing
[    0.290862] PCI: Using host bridge windows from ACPI; if necessary, use "pci=nocrs" and report a bug
[    0.292162] PCI: Using E820 reservations for host bridge windows
[    0.294038] ACPI: Enabled 2 GPEs in block 00 to 0F
[    0.342802] ACPI: PCI Root Bridge [PCI0] (domain 0000 [bus 00-ff])
[    0.344177] acpi PNP0A03:00: _OSC: OS supports [ExtendedConfig ASPM ClockPM Segments MSI HPX-Type3]
[    0.345681] PCI host bridge to bus 0000:00
[    0.346166] pci_bus 0000:00: root bus resource [io  0x0000-0x0cf7 window]
[    0.347053] pci_bus 0000:00: root bus resource [io  0x0d00-0xffff window]
[    0.348165] pci_bus 0000:00: root bus resource [mem 0x000a0000-0x000bffff window]
[    0.349138] pci_bus 0000:00: root bus resource [mem 0x40000000-0xfebfffff window]
[    0.350165] pci_bus 0000:00: root bus resource [mem 0x100000000-0x17fffffff window]
[    0.351165] pci_bus 0000:00: root bus resource [bus 00-ff]
[    0.352026] pci 0000:00:00.0: [8086:1237] type 00 class 0x060000 conventional PCI endpoint
[    0.354046] pci 0000:00:01.0: [8086:7000] type 00 class 0x060100 conventional PCI endpoint
[    0.356134] pci 0000:00:01.1: [8086:7010] type 00 class 0x010180 conventional PCI endpoint
[    0.359164] pci 0000:00:01.1: BAR 4 [io  0xc0c0-0xc0cf]
[    0.360654] pci 0000:00:01.1: BAR 0 [io  0x01f0-0x01f7]: legacy IDE quirk
[    0.362163] pci 0000:00:01.1: BAR 1 [io  0x03f6]: legacy IDE quirk
[    0.362976] pci 0000:00:01.1: BAR 2 [io  0x0170-0x0177]: legacy IDE quirk
[    0.363163] pci 0000:00:01.1: BAR 3 [io  0x0376]: legacy IDE quirk
[    0.364661] pci 0000:00:01.3: [8086:7113] type 00 class 0x068000 conventional PCI endpoint
[    0.366431] pci 0000:00:01.3: quirk: [io  0x0600-0x063f] claimed by PIIX4 ACPI
[    0.368169] pci 0000:00:01.3: quirk: [io  0x0700-0x070f] claimed by PIIX4 SMB
[    0.369843] pci 0000:00:02.0: [1af4:1009] type 00 class 0x000200 conventional PCI endpoint
[    0.372163] pci 0000:00:02.0: BAR 0 [io  0xc000-0xc03f]
[    0.373828] pci 0000:00:02.0: BAR 1 [mem 0xfebfc000-0xfebfcfff]
[    0.379666] pci 0000:00:02.0: BAR 4 [mem 0xfebf0000-0xfebf3fff 64bit pref]
[    0.393144] pci 0000:00:03.0: [1af4:1009] type 00 class 0x000200 conventional PCI endpoint
[    0.396163] pci 0000:00:03.0: BAR 0 [io  0xc040-0xc07f]
[    0.397843] pci 0000:00:03.0: BAR 1 [mem 0xfebfd000-0xfebfdfff]
[    0.402829] pci 0000:00:03.0: BAR 4 [mem 0xfebf4000-0xfebf7fff 64bit pref]
[    0.417391] pci 0000:00:04.0: [8086:25ab] type 00 class 0x088000 conventional PCI endpoint
[    0.418556] pci 0000:00:04.0: BAR 0 [mem 0xfebfe000-0xfebfe00f]
[    0.434409] pci 0000:00:05.0: [1af4:1003] type 00 class 0x078000 conventional PCI endpoint
[    0.436163] pci 0000:00:05.0: BAR 0 [io  0xc080-0xc0bf]
[    0.438868] pci 0000:00:05.0: BAR 1 [mem 0xfebff000-0xfebfffff]
[    0.443835] pci 0000:00:05.0: BAR 4 [mem 0xfebf8000-0xfebfbfff 64bit pref]
[    0.460789] ACPI: PCI: Interrupt link LNKA configured for IRQ 10
[    0.462187] ACPI: PCI: Interrupt link LNKB configured for IRQ 10
[    0.463995] ACPI: PCI: Interrupt link LNKC configured for IRQ 11
[    0.466150] ACPI: PCI: Interrupt link LNKD configured for IRQ 11
[    0.467570] ACPI: PCI: Interrupt link LNKS configured for IRQ 9
[    0.487685] iommu: Default domain type: Translated
[    0.488163] iommu: DMA domain TLB invalidation policy: lazy mode
[    0.489448] SCSI subsystem initialized
[    0.490479] pps_core: LinuxPPS API ver. 1 registered
[    0.491145] pps_core: Software ver. 5.3.6 - Copyright 2005-2007 Rodolfo Giometti <giometti@linux.it>
[    0.492178] PTP clock support registered
[    0.493298] Advanced Linux Sound Architecture Driver Initialized.
[    0.495298] NET: Registered PF_ATMPVC protocol family
[    0.495978] NET: Registered PF_ATMSVC protocol family
[    0.497188] PCI: Using ACPI for IRQ routing
[    0.498213] vgaarb: loaded
[    0.498287] hpet0: at MMIO 0xfed00000, IRQs 2, 8, 0
[    0.498945] hpet0: 3 comparators, 64-bit 100.000000 MHz counter
[    0.505851] clocksource: Switched to clocksource kvm-clock
[    0.507127] VFS: Disk quotas dquot_6.6.0
[    0.507751] VFS: Dquot-cache hash table entries: 512 (order 0, 4096 bytes)
[    0.509402] pnp: PnP ACPI init
[    0.512351] pnp: PnP ACPI: found 5 devices
[    0.525628] clocksource: acpi_pm: mask: 0xffffff max_cycles: 0xffffff, max_idle_ns: 2085701024 ns
[    0.526854] NET: Registered PF_INET protocol family
[    0.527547] IP idents hash table entries: 16384 (order: 5, 131072 bytes, linear)
[    0.528938] tcp_listen_portaddr_hash hash table entries: 512 (order: 1, 8192 bytes, linear)
[    0.530038] Table-perturb hash table entries: 65536 (order: 6, 262144 bytes, linear)
[    0.531065] TCP established hash table entries: 8192 (order: 4, 65536 bytes, linear)
[    0.532076] TCP bind hash table entries: 8192 (order: 6, 262144 bytes, linear)
[    0.533115] TCP: Hash tables configured (established 8192 bind 8192)
[    0.534111] UDP hash table entries: 512 (order: 2, 16384 bytes, linear)
[    0.535237] UDP-Lite hash table entries: 512 (order: 2, 16384 bytes, linear)
[    0.536395] NET: Registered PF_UNIX/PF_LOCAL protocol family
[    0.537167] pci_bus 0000:00: resource 4 [io  0x0000-0x0cf7 window]
[    0.538072] pci_bus 0000:00: resource 5 [io  0x0d00-0xffff window]
[    0.538883] pci_bus 0000:00: resource 6 [mem 0x000a0000-0x000bffff window]
[    0.539787] pci_bus 0000:00: resource 7 [mem 0x40000000-0xfebfffff window]
[    0.540685] pci_bus 0000:00: resource 8 [mem 0x100000000-0x17fffffff window]
[    0.541827] pci 0000:00:01.0: PIIX3: Enabling Passive Release
[    0.542704] pci 0000:00:00.0: Limiting direct PCI/PCI transfers
[    0.543743] PCI: CLS 0 bytes, default 64
[    0.544500] kvm_intel: VMX not supported by CPU 16
[    0.545349] kvm_amd: TSC scaling supported
[    0.546034] kvm_amd: Nested Virtualization enabled
[    0.546834] kvm_amd: Nested Paging enabled
[    0.547516] kvm_amd: LBR virtualization supported
[    0.548518] kvm_amd: Virtual VMLOAD VMSAVE supported
[    0.549370] kvm_amd: Virtual GIF supported
[    0.550054] kvm_amd: Virtual NMI enabled
[    0.666042] Initialise system trusted keyrings
[    0.666814] workingset: timestamp_bits=56 max_order=18 bucket_order=0
[    0.667799] squashfs: version 4.0 (2009/01/31) Phillip Lougher
[    0.668584] fuse: init (API version 7.40)
[    0.669293] 9p: Installing v9fs 9p2000 file system support
[    0.679479] Key type asymmetric registered
[    0.680025] Asymmetric key parser 'x509' registered
[    0.680726] Block layer SCSI generic (bsg) driver version 0.4 loaded (major 249)
[    0.681729] io scheduler mq-deadline registered
[    0.682321] io scheduler kyber registered
[    0.684474] input: Power Button as /devices/LNXSYSTM:00/LNXPWRBN:00/input/input0
[    0.685710] ACPI: button: Power Button [PWRF]
[    0.686408] Warning: Processor Platform Limit event detected, but not handled.
[    0.687368] Consider compiling CPUfreq support into your kernel.
[    1.657225] ACPI: \_SB_.LNKB: Enabled at IRQ 10
[    2.609836] ACPI: \_SB_.LNKC: Enabled at IRQ 11
[    3.578401] ACPI: \_SB_.LNKA: Enabled at IRQ 10
[    3.580457] Serial: 8250/16550 driver, 4 ports, IRQ sharing enabled
[    3.581972] 00:03: ttyS0 at I/O 0x3f8 (irq = 4, base_baud = 115200) is a 16550A
[    3.614868] Non-volatile memory driver v1.3
[    3.615587] Linux agpgart interface v0.103
[    3.616296] printk: legacy console [hvc0] enabled
[    3.616538] ACPI: bus type drm_connector registered
[    3.616969] printk: legacy bootconsole [earlyser0] disabled
          _      _                                    
   __   _(_)_ __| |_ _ __ ___   ___       _ __   __ _ 
   \ \ / / |  __| __|  _   _ \ / _ \_____|  _ \ / _  |
    \ V /| | |  | |_| | | | | |  __/_____| | | | (_| |
     \_/ |_|_|   \__|_| |_| |_|\___|     |_| |_|\__  |
                                                |___/ 
   kernel version: 6.10.0-rc6-virtme x86_64
   (CTRL+d to exit)

virtme-ng:/nipa-data/kernel# PS1='xx__-> '
xx__-> env
PWD=/nipa-data/kernel
nr_open=1048576
HOME=/root
TERM=xterm
SHLVL=2
XDG_RUNTIME_DIR=/run/user/0
PATH=/bin:/sbin:/usr/bin:/usr/sbin:/usr/local/bin
OLDPWD=/
_=/usr/bin/env
xx__-> 