No EFI environment detected.
early console in extract_kernel
input_data: 0x0000000004ab62b9
input_len: 0x0000000001822a3f
output: 0x0000000001000000
output_len: 0x00000000052659ec
kernel_total_size: 0x0000000004e30000
needed_size: 0x0000000005400000
trampoline_32bit: 0x0000000000000000
Physical KASLR using RDRAND RDTSC...
Virtual KASLR using RDRAND RDTSC...

Decompressing Linux... Parsing ELF... Performing relocations... done.
Booting the kernel (entry_offset: 0x0000000000000000).
[    0.000000] Linux version 6.9.0-rc3-virtme (root@6af73a61059b) (gcc (Alpine 13.2.1_git20240309) 13.2.1 20240309, GNU ld (GNU Binutils) 2.42) #1 SMP PREEMPT_DYNAMIC Thu Apr 18 15:26:45 UTC 2024
[    0.000000] Command line: virtme_hostname=virtme-ng nr_open=1048576 virtme_link_mods=/nipa-data/kernel/.virtme_mods/lib/modules/0.0.0 virtme_initmount0=nipa-data/kernel virtme_rw_overlay0=/etc virtme_rw_overlay1=/lib virtme_rw_overlay2=/home virtme_rw_overlay3=/opt virtme_rw_overlay4=/srv virtme_rw_overlay5=/usr virtme_rw_overlay6=/var console=hvc0 earlyprintk=serial,ttyS0,115200 virtme_console=ttyS0 psmouse.proto=exps TERM=xterm virtme_chdir=nipa-data/kernel virtme_root_user=1 rootfstype=9p rootflags=version=9p2000.L,trans=virtio,access=any raid=noautodetect ro init=/usr/lib/python3.12/site-packages/virtme/guest/virtme-init
[    0.000000] BIOS-provided physical RAM map:
[    0.000000] BIOS-e820: [mem 0x0000000000000000-0x000000000009fbff] usable
[    0.000000] BIOS-e820: [mem 0x000000000009fc00-0x000000000009ffff] reserved
[    0.000000] BIOS-e820: [mem 0x00000000000f0000-0x00000000000fffff] reserved
[    0.000000] BIOS-e820: [mem 0x0000000000100000-0x000000003ffdffff] usable
[    0.000000] BIOS-e820: [mem 0x000000003ffe0000-0x000000003fffffff] reserved
[    0.000000] BIOS-e820: [mem 0x00000000feffc000-0x00000000feffffff] reserved
[    0.000000] BIOS-e820: [mem 0x00000000fffc0000-0x00000000ffffffff] reserved
[    0.000000] BIOS-e820: [mem 0x000000fd00000000-0x000000ffffffffff] reserved
[    0.000000] printk: legacy bootconsole [earlyser0] enabled
[    0.000000] NX (Execute Disable) protection: active
[    0.000000] APIC: Static calls initialized
[    0.000000] SMBIOS 3.0.0 present.
[    0.000000] DMI: QEMU Standard PC (i440FX + PIIX, 1996), BIOS rel-1.16.3-0-ga6ed6b701f0a-prebuilt.qemu.org 04/01/2014
[    0.000000] Hypervisor detected: KVM
[    0.000000] kvm-clock: Using msrs 4b564d01 and 4b564d00
[    0.000000] kvm-clock: using sched offset of 348489069 cycles
[    0.000396] clocksource: kvm-clock: mask: 0xffffffffffffffff max_cycles: 0x1cd42e4dffb, max_idle_ns: 881590591483 ns
[    0.001617] tsc: Detected 4491.556 MHz processor
[    0.002327] last_pfn = 0x3ffe0 max_arch_pfn = 0x400000000
[    0.002759] MTRR map: 4 entries (3 fixed + 1 variable; max 19), built from 8 variable MTRRs
[    0.003392] x86/PAT: Configuration [0-7]: WB  WC  UC- UC  WB  WP  UC- WT  
[    0.005441] found SMP MP-table at [mem 0x000f5470-0x000f547f]
[    0.005880] Using GB pages for direct mapping
[    0.006456] ACPI: Early table checksum verification disabled
[    0.006886] ACPI: RSDP 0x00000000000F5290 000014 (v00 BOCHS )
[    0.007320] ACPI: RSDT 0x000000003FFE27BC 000034 (v01 BOCHS  BXPC     00000001 BXPC 00000001)
[    0.007964] ACPI: FACP 0x000000003FFE2578 000074 (v01 BOCHS  BXPC     00000001 BXPC 00000001)
[    0.008612] ACPI: DSDT 0x000000003FFE0040 002538 (v01 BOCHS  BXPC     00000001 BXPC 00000001)
[    0.009250] ACPI: FACS 0x000000003FFE0000 000040
[    0.009598] ACPI: APIC 0x000000003FFE25EC 000170 (v03 BOCHS  BXPC     00000001 BXPC 00000001)
[    0.010240] ACPI: HPET 0x000000003FFE275C 000038 (v01 BOCHS  BXPC     00000001 BXPC 00000001)
[    0.010885] ACPI: WAET 0x000000003FFE2794 000028 (v01 BOCHS  BXPC     00000001 BXPC 00000001)
[    0.011529] ACPI: Reserving FACP table memory at [mem 0x3ffe2578-0x3ffe25eb]
[    0.012063] ACPI: Reserving DSDT table memory at [mem 0x3ffe0040-0x3ffe2577]
[    0.012592] ACPI: Reserving FACS table memory at [mem 0x3ffe0000-0x3ffe003f]
[    0.013119] ACPI: Reserving APIC table memory at [mem 0x3ffe25ec-0x3ffe275b]
[    0.013646] ACPI: Reserving HPET table memory at [mem 0x3ffe275c-0x3ffe2793]
[    0.014173] ACPI: Reserving WAET table memory at [mem 0x3ffe2794-0x3ffe27bb]
[    0.014905] No NUMA configuration found
[    0.015193] Faking a node at [mem 0x0000000000000000-0x000000003ffdffff]
[    0.015695] NODE_DATA(0) allocated [mem 0x3ffdb000-0x3ffdffff]
[    0.016149] Zone ranges:
[    0.016339]   DMA      [mem 0x0000000000001000-0x0000000000ffffff]
[    0.016804]   DMA32    [mem 0x0000000001000000-0x000000003ffdffff]
[    0.017270]   Normal   empty
[    0.017487]   Device   empty
[    0.017703] Movable zone start for each node
[    0.018022] Early memory node ranges
[    0.018290]   node   0: [mem 0x0000000000001000-0x000000000009efff]
[    0.018761]   node   0: [mem 0x0000000000100000-0x000000003ffdffff]
[    0.019235] Initmem setup node 0 [mem 0x0000000000001000-0x000000003ffdffff]
[    0.019775] On node 0, zone DMA: 1 pages in unavailable ranges
[    0.020276] On node 0, zone DMA: 97 pages in unavailable ranges
[    0.025062] On node 0, zone DMA32: 32 pages in unavailable ranges
[    0.034594] kasan: KernelAddressSanitizer initialized
[    0.035223] ACPI: PM-Timer IO Port: 0x608
[    0.035539] ACPI: LAPIC_NMI (acpi_id[0xff] dfl dfl lint[0x1])
[    0.036001] IOAPIC[0]: apic_id 0, version 17, address 0xfec00000, GSI 0-23
[    0.036525] ACPI: INT_SRC_OVR (bus 0 bus_irq 0 global_irq 2 dfl dfl)
[    0.037009] ACPI: INT_SRC_OVR (bus 0 bus_irq 5 global_irq 5 high level)
[    0.037512] ACPI: INT_SRC_OVR (bus 0 bus_irq 9 global_irq 9 high level)
[    0.038015] ACPI: INT_SRC_OVR (bus 0 bus_irq 10 global_irq 10 high level)
[    0.038531] ACPI: INT_SRC_OVR (bus 0 bus_irq 11 global_irq 11 high level)
[    0.039060] ACPI: Using ACPI (MADT) for SMP configuration information
[    0.039553] ACPI: HPET id: 0x8086a201 base: 0xfed00000
[    0.039945] TSC deadline timer available
[    0.040247] CPU topo: Max. logical packages:   1
[    0.040599] CPU topo: Max. logical dies:       1
[    0.040950] CPU topo: Max. dies per package:   1
[    0.041305] CPU topo: Max. threads per core:  32
[    0.041659] CPU topo: Num. cores per package:     1
[    0.042032] CPU topo: Num. threads per package:  32
[    0.042406] CPU topo: Allowing 32 present CPUs plus 0 hotplug CPUs
[    0.042896] kvm-guest: APIC: eoi() replaced with kvm_guest_apic_eoi_write()
[    0.043437] kvm-guest: KVM setup pv remote TLB flush
[    0.043816] kvm-guest: setup PV sched yield
[    0.044141] PM: hibernation: Registered nosave memory: [mem 0x00000000-0x00000fff]
[    0.044717] PM: hibernation: Registered nosave memory: [mem 0x0009f000-0x0009ffff]
[    0.045290] PM: hibernation: Registered nosave memory: [mem 0x000a0000-0x000effff]
[    0.045863] PM: hibernation: Registered nosave memory: [mem 0x000f0000-0x000fffff]
[    0.046437] [mem 0x40000000-0xfeffbfff] available for PCI devices
[    0.046905] Booting paravirtualized kernel on KVM
[    0.047263] clocksource: refined-jiffies: mask: 0xffffffff max_cycles: 0xffffffff, max_idle_ns: 1910969940391419 ns
[    0.056258] setup_percpu: NR_CPUS:64 nr_cpumask_bits:32 nr_cpu_ids:32 nr_node_ids:1
[    0.058106] percpu: Embedded 70 pages/cpu s248616 r8192 d29912 u524288
[    0.058660] Kernel command line: virtme_hostname=virtme-ng nr_open=1048576 virtme_link_mods=/nipa-data/kernel/.virtme_mods/lib/modules/0.0.0 virtme_initmount0=nipa-data/kernel virtme_rw_overlay0=/etc virtme_rw_overlay1=/lib virtme_rw_overlay2=/home virtme_rw_overlay3=/opt virtme_rw_overlay4=/srv virtme_rw_overlay5=/usr virtme_rw_overlay6=/var console=hvc0 earlyprintk=serial,ttyS0,115200 virtme_console=ttyS0 psmouse.proto=exps TERM=xterm virtme_chdir=nipa-data/kernel virtme_root_user=1 rootfstype=9p rootflags=version=9p2000.L,trans=virtio,access=any raid=noautodetect ro init=/usr/lib/python3.12/site-packages/virtme/guest/virtme-init
[    0.063135] Unknown kernel command line parameters "virtme_hostname=virtme-ng nr_open=1048576 virtme_link_mods=/nipa-data/kernel/.virtme_mods/lib/modules/0.0.0 virtme_initmount0=nipa-data/kernel virtme_rw_overlay0=/etc virtme_rw_overlay1=/lib virtme_rw_overlay2=/home virtme_rw_overlay3=/opt virtme_rw_overlay4=/srv virtme_rw_overlay5=/usr virtme_rw_overlay6=/var virtme_console=ttyS0 virtme_chdir=nipa-data/kernel virtme_root_user=1", will be passed to user space.
[    0.066504] random: crng init done
[    0.066880] Dentry cache hash table entries: 131072 (order: 8, 1048576 bytes, linear)
[    0.067503] Inode-cache hash table entries: 65536 (order: 7, 524288 bytes, linear)
[    0.068526] Fallback order for Node 0: 0 
[    0.068531] Built 1 zonelists, mobility grouping on.  Total pages: 257760
[    0.069368] Policy zone: DMA32
[    0.069606] mem auto-init: stack:all(zero), heap alloc:off, heap free:off
[    0.070131] stackdepot: allocating hash table via alloc_large_system_hash
[    0.070657] stackdepot hash table entries: 1048576 (order: 12, 16777216 bytes, linear)
[    0.078730] Memory: 781036K/1048056K available (43008K kernel code, 11120K rwdata, 9736K rodata, 5836K init, 2404K bss, 266764K reserved, 0K cma-reserved)
[    0.079990] SLUB: HWalign=64, Order=0-3, MinObjects=0, CPUs=32, Nodes=1
Poking KASLR using RDRAND RDTSC...
[    0.080796] ftrace: allocating 47694 entries in 187 pages
[    0.089752] ftrace: allocated 187 pages with 6 groups
[    0.091002] Dynamic Preempt: voluntary
[    0.091772] rcu: Preemptible hierarchical RCU implementation.
[    0.092219] rcu: RCU event tracing is enabled.
[    0.092570] rcu: RCU restricting CPUs from NR_CPUS=64 to nr_cpu_ids=32.
[    0.093092] Trampoline variant of Tasks RCU enabled.
[    0.093485] Rude variant of Tasks RCU enabled.
[    0.093836] Tracing variant of Tasks RCU enabled.
[    0.094208] rcu: RCU calculated value of scheduler-enlistment delay is 100 jiffies.
[    0.094800] rcu: Adjusting geometry for rcu_fanout_leaf=16, nr_cpu_ids=32
[    0.095367] RCU Tasks: Setting shift to 5 and lim to 1 rcu_task_cb_adjust=1.
[    0.095913] RCU Tasks Rude: Setting shift to 5 and lim to 1 rcu_task_cb_adjust=1.
[    0.096493] RCU Tasks Trace: Setting shift to 5 and lim to 1 rcu_task_cb_adjust=1.
[    0.105320] NR_IRQS: 4352, nr_irqs: 680, preallocated irqs: 16
[    0.106031] rcu: srcu_init: Setting srcu_struct sizes based on contention.
[    0.106763] Console: colour *CGA 80x25
[    0.107134] ACPI: Core revision 20230628
[    0.107591] clocksource: hpet: mask: 0xffffffff max_cycles: 0xffffffff, max_idle_ns: 19112604467 ns
[    0.108354] APIC: Switch to symmetric I/O mode setup
[    0.108736] APIC: Switched APIC routing to: physical flat
[    0.109148] kvm-guest: APIC: send_IPI_mask() replaced with kvm_send_ipi_mask()
[    0.109692] kvm-guest: APIC: send_IPI_mask_allbutself() replaced with kvm_send_ipi_mask_allbutself()
[    0.110396] kvm-guest: setup PV IPIs
[    0.111562] ..TIMER: vector=0x30 apic1=0 pin1=2 apic2=-1 pin2=-1
[    0.112389] tsc: Marking TSC unstable due to TSCs unsynchronized
[    0.113195] Calibrating delay loop (skipped) preset value.. 8983.11 BogoMIPS (lpj=4491556)
[    0.115235] x86/cpu: User Mode Instruction Prevention (UMIP) activated
[    0.116169] Last level iTLB entries: 4KB 512, 2MB 255, 4MB 127
[    0.116191] Last level dTLB entries: 4KB 512, 2MB 255, 4MB 127, 1GB 0
[    0.117195] Spectre V1 : Mitigation: usercopy/swapgs barriers and __user pointer sanitization
[    0.118195] Spectre V2 : Mitigation: Enhanced / Automatic IBRS
[    0.119191] Spectre V2 : Spectre v2 / SpectreRSB mitigation: Filling RSB on context switch
[    0.120193] Spectre V2 : mitigation: Enabling conditional Indirect Branch Prediction Barrier
[    0.121191] Spectre V2 : User space: Mitigation: STIBP always-on protection
[    0.122193] Speculative Store Bypass: Mitigation: Speculative Store Bypass disabled via prctl
[    0.123191] Speculative Return Stack Overflow: IBPB-extending microcode not applied!
[    0.124191] Speculative Return Stack Overflow: WARNING: See https://kernel.org/doc/html/latest/admin-guide/hw-vuln/srso.html for mitigation options.
[    0.124192] Speculative Return Stack Overflow: Vulnerable: Safe RET, no microcode
[    0.126207] x86/fpu: Supporting XSAVE feature 0x001: 'x87 floating point registers'
[    0.127191] x86/fpu: Supporting XSAVE feature 0x002: 'SSE registers'
[    0.128191] x86/fpu: Supporting XSAVE feature 0x004: 'AVX registers'
[    0.129191] x86/fpu: Supporting XSAVE feature 0x020: 'AVX-512 opmask'
[    0.130191] x86/fpu: Supporting XSAVE feature 0x040: 'AVX-512 Hi256'
[    0.131191] x86/fpu: Supporting XSAVE feature 0x080: 'AVX-512 ZMM_Hi256'
[    0.132191] x86/fpu: Supporting XSAVE feature 0x200: 'Protection Keys User registers'
[    0.133191] x86/fpu: xstate_offset[2]:  576, xstate_sizes[2]:  256
[    0.134191] x86/fpu: xstate_offset[5]:  832, xstate_sizes[5]:   64
[    0.135009] x86/fpu: xstate_offset[6]:  896, xstate_sizes[6]:  512
[    0.135191] x86/fpu: xstate_offset[7]: 1408, xstate_sizes[7]: 1024
[    0.136191] x86/fpu: xstate_offset[9]: 2432, xstate_sizes[9]:    8
[    0.137191] x86/fpu: Enabled xstate features 0x2e7, context size is 2440 bytes, using 'compacted' format.
[    0.160358] Freeing SMP alternatives memory: 40K
[    0.160973] pid_max: default: 32768 minimum: 301
[    0.161337] Mount-cache hash table entries: 2048 (order: 2, 16384 bytes, linear)
[    0.162192] Mountpoint-cache hash table entries: 2048 (order: 2, 16384 bytes, linear)
[    0.164475] smpboot: CPU0: AMD Ryzen 9 7950X 16-Core Processor (family: 0x19, model: 0x61, stepping: 0x2)
[    0.165660] Performance Events: Fam17h+ core perfctr, AMD PMU driver.
[    0.166196] ... version:                0
[    0.166721] ... bit width:              48
[    0.167193] ... generic registers:      6
[    0.167720] ... value mask:             0000ffffffffffff
[    0.168193] ... max period:             00007fffffffffff
[    0.168893] ... fixed-purpose events:   0
[    0.169192] ... event mask:             000000000000003f
[    0.170015] signal: max sigframe size: 3376
[    0.170243] rcu: Hierarchical SRCU implementation.
[    0.170873] rcu: Max phase no-delay instances is 400.
[    0.175458] smp: Bringing up secondary CPUs ...
[    0.176248] smpboot: x86: Booting SMP configuration:
[    0.176901] .... node  #0, CPUs:        #1  #2  #3  #4  #5  #6  #7  #8  #9 #10 #11 #12 #13 #14 #15 #16 #17 #18 #19 #20 #21 #22 #23 #24 #25 #26 #27 #28 #29 #30 #31
[    0.187195] Spectre V2 : Update user space SMT mitigation: STIBP always-on
[    0.201369] smp: Brought up 1 node, 32 CPUs
[    0.202195] smpboot: Total of 32 processors activated (287459.58 BogoMIPS)
[    0.208395] devtmpfs: initialized
[    0.209353] x86/mm: Memory block size: 128MB
[    0.218552] clocksource: jiffies: mask: 0xffffffff max_cycles: 0xffffffff, max_idle_ns: 1911260446275000 ns
[    0.219201] futex hash table entries: 8192 (order: 7, 524288 bytes, linear)
[    0.220741] PM: RTC time: 15:27:22, date: 2024-04-18
[    0.222174] NET: Registered PF_NETLINK/PF_ROUTE protocol family
[    0.223322] thermal_sys: Registered thermal governor 'step_wise'
[    0.223325] thermal_sys: Registered thermal governor 'user_space'
[    0.224225] cpuidle: using governor menu
[    0.227566] PCI: Using configuration type 1 for base access
[    0.228194] PCI: Using configuration type 1 for extended access
[    0.229309] kprobes: kprobe jump-optimization is enabled. All kprobes are optimized if possible.
[    0.230405] HugeTLB: registered 1.00 GiB page size, pre-allocated 0 pages
[    0.231194] HugeTLB: 16380 KiB vmemmap can be freed for a 1.00 GiB page
[    0.232194] HugeTLB: registered 2.00 MiB page size, pre-allocated 0 pages
[    0.233193] HugeTLB: 28 KiB vmemmap can be freed for a 2.00 MiB page
[    0.234506] Demotion targets for Node 0: null
[    0.235614] ACPI: Added _OSI(Module Device)
[    0.236195] ACPI: Added _OSI(Processor Device)
[    0.236958] ACPI: Added _OSI(3.0 _SCP Extensions)
[    0.237194] ACPI: Added _OSI(Processor Aggregator Device)
[    0.268055] ACPI: 1 ACPI AML tables successfully acquired and loaded
[    0.269900] ACPI: _OSC evaluation for CPUs failed, trying _PDC
[    0.272544] ACPI: Interpreter enabled
[    0.273115] ACPI: PM: (supports S0 S3 S4 S5)
[    0.273194] ACPI: Using IOAPIC for interrupt routing
[    0.273905] PCI: Using host bridge windows from ACPI; if necessary, use "pci=nocrs" and report a bug
[    0.274193] PCI: Using E820 reservations for host bridge windows
[    0.276142] ACPI: Enabled 2 GPEs in block 00 to 0F
[    0.329150] ACPI: PCI Root Bridge [PCI0] (domain 0000 [bus 00-ff])
[    0.329214] acpi PNP0A03:00: _OSC: OS supports [ExtendedConfig ASPM ClockPM Segments MSI HPX-Type3]
[    0.330915] PCI host bridge to bus 0000:00
[    0.331198] pci_bus 0000:00: root bus resource [io  0x0000-0x0cf7 window]
[    0.332197] pci_bus 0000:00: root bus resource [io  0x0d00-0xffff window]
[    0.333197] pci_bus 0000:00: root bus resource [mem 0x000a0000-0x000bffff window]
[    0.334198] pci_bus 0000:00: root bus resource [mem 0x40000000-0xfebfffff window]
[    0.335198] pci_bus 0000:00: root bus resource [mem 0x100000000-0x17fffffff window]
[    0.336199] pci_bus 0000:00: root bus resource [bus 00-ff]
[    0.337342] pci 0000:00:00.0: [8086:1237] type 00 class 0x060000 conventional PCI endpoint
[    0.339407] pci 0000:00:01.0: [8086:7000] type 00 class 0x060100 conventional PCI endpoint
[    0.341453] pci 0000:00:01.1: [8086:7010] type 00 class 0x010180 conventional PCI endpoint
[    0.345585] pci 0000:00:01.1: BAR 4 [io  0xc0c0-0xc0cf]
[    0.347584] pci 0000:00:01.1: BAR 0 [io  0x01f0-0x01f7]: legacy IDE quirk
[    0.348195] pci 0000:00:01.1: BAR 1 [io  0x03f6]: legacy IDE quirk
[    0.349054] pci 0000:00:01.1: BAR 2 [io  0x0170-0x0177]: legacy IDE quirk
[    0.349194] pci 0000:00:01.1: BAR 3 [io  0x0376]: legacy IDE quirk
[    0.351223] pci 0000:00:01.3: [8086:7113] type 00 class 0x068000 conventional PCI endpoint
[    0.352467] pci 0000:00:01.3: quirk: [io  0x0600-0x063f] claimed by PIIX4 ACPI
[    0.353198] pci 0000:00:01.3: quirk: [io  0x0700-0x070f] claimed by PIIX4 SMB
[    0.354947] pci 0000:00:02.0: [1af4:1009] type 00 class 0x000200 conventional PCI endpoint
[    0.356194] pci 0000:00:02.0: BAR 0 [io  0xc000-0xc03f]
[    0.357951] pci 0000:00:02.0: BAR 1 [mem 0xfebfc000-0xfebfcfff]
[    0.361950] pci 0000:00:02.0: BAR 4 [mem 0xfebf0000-0xfebf3fff 64bit pref]
[    0.375323] pci 0000:00:03.0: [1af4:1009] type 00 class 0x000200 conventional PCI endpoint
[    0.377194] pci 0000:00:03.0: BAR 0 [io  0xc040-0xc07f]
[    0.378914] pci 0000:00:03.0: BAR 1 [mem 0xfebfd000-0xfebfdfff]
[    0.382194] pci 0000:00:03.0: BAR 4 [mem 0xfebf4000-0xfebf7fff 64bit pref]
[    0.395916] pci 0000:00:04.0: [8086:25ab] type 00 class 0x088000 conventional PCI endpoint
[    0.396607] pci 0000:00:04.0: BAR 0 [mem 0xfebfe000-0xfebfe00f]
[    0.415561] pci 0000:00:05.0: [1af4:1003] type 00 class 0x078000 conventional PCI endpoint
[    0.417195] pci 0000:00:05.0: BAR 0 [io  0xc080-0xc0bf]
[    0.419194] pci 0000:00:05.0: BAR 1 [mem 0xfebff000-0xfebfffff]
[    0.426040] pci 0000:00:05.0: BAR 4 [mem 0xfebf8000-0xfebfbfff 64bit pref]
[    0.445540] ACPI: PCI: Interrupt link LNKA configured for IRQ 10
[    0.447206] ACPI: PCI: Interrupt link LNKB configured for IRQ 10
[    0.448990] ACPI: PCI: Interrupt link LNKC configured for IRQ 11
[    0.450181] ACPI: PCI: Interrupt link LNKD configured for IRQ 11
[    0.450598] ACPI: PCI: Interrupt link LNKS configured for IRQ 9
[    0.472863] iommu: Default domain type: Translated
[    0.473194] iommu: DMA domain TLB invalidation policy: lazy mode
[    0.474839] SCSI subsystem initialized
[    0.475617] pps_core: LinuxPPS API ver. 1 registered
[    0.476195] pps_core: Software ver. 5.3.6 - Copyright 2005-2007 Rodolfo Giometti <giometti@linux.it>
[    0.477214] PTP clock support registered
[    0.478363] Advanced Linux Sound Architecture Driver Initialized.
[    0.480749] NET: Registered PF_ATMPVC protocol family
[    0.481194] NET: Registered PF_ATMSVC protocol family
[    0.482105] PCI: Using ACPI for IRQ routing
[    0.482384] vgaarb: loaded
[    0.482695] hpet0: at MMIO 0xfed00000, IRQs 2, 8, 0
[    0.484040] hpet0: 3 comparators, 64-bit 100.000000 MHz counter
[    0.488125] clocksource: Switched to clocksource kvm-clock
[    0.493937] VFS: Disk quotas dquot_6.6.0
[    0.494500] VFS: Dquot-cache hash table entries: 512 (order 0, 4096 bytes)
[    0.495635] pnp: PnP ACPI init
[    0.498613] pnp: PnP ACPI: found 5 devices
[    0.511410] clocksource: acpi_pm: mask: 0xffffff max_cycles: 0xffffff, max_idle_ns: 2085701024 ns
[    0.512723] NET: Registered PF_INET protocol family
[    0.513444] IP idents hash table entries: 16384 (order: 5, 131072 bytes, linear)
[    0.514917] tcp_listen_portaddr_hash hash table entries: 512 (order: 1, 8192 bytes, linear)
[    0.516055] Table-perturb hash table entries: 65536 (order: 6, 262144 bytes, linear)
[    0.517132] TCP established hash table entries: 8192 (order: 4, 65536 bytes, linear)
[    0.518266] TCP bind hash table entries: 8192 (order: 6, 262144 bytes, linear)
[    0.519261] TCP: Hash tables configured (established 8192 bind 8192)
[    0.520377] UDP hash table entries: 512 (order: 2, 16384 bytes, linear)
[    0.521270] UDP-Lite hash table entries: 512 (order: 2, 16384 bytes, linear)
[    0.522427] NET: Registered PF_UNIX/PF_LOCAL protocol family
[    0.523198] pci_bus 0000:00: resource 4 [io  0x0000-0x0cf7 window]
[    0.524013] pci_bus 0000:00: resource 5 [io  0x0d00-0xffff window]
[    0.524842] pci_bus 0000:00: resource 6 [mem 0x000a0000-0x000bffff window]
[    0.525748] pci_bus 0000:00: resource 7 [mem 0x40000000-0xfebfffff window]
[    0.526655] pci_bus 0000:00: resource 8 [mem 0x100000000-0x17fffffff window]
[    0.527794] pci 0000:00:01.0: PIIX3: Enabling Passive Release
[    0.528556] pci 0000:00:00.0: Limiting direct PCI/PCI transfers
[    0.529380] PCI: CLS 0 bytes, default 64
[    0.529968] kvm_intel: VMX not supported by CPU 0
[    0.530614] kvm_amd: TSC scaling supported
[    0.531161] kvm_amd: Nested Virtualization enabled
[    0.531922] kvm_amd: Nested Paging enabled
[    0.532657] kvm_amd: Virtual VMLOAD VMSAVE supported
[    0.533505] kvm_amd: Virtual GIF supported
[    0.534214] kvm_amd: Virtual NMI enabled
[    0.534890] kvm_amd: LBR virtualization supported
[    0.647823] Initialise system trusted keyrings
[    0.648792] workingset: timestamp_bits=56 max_order=18 bucket_order=0
[    0.650086] squashfs: version 4.0 (2009/01/31) Phillip Lougher
[    0.651146] fuse: init (API version 7.40)
[    0.652042] 9p: Installing v9fs 9p2000 file system support
[    0.663559] Key type asymmetric registered
[    0.664136] Asymmetric key parser 'x509' registered
[    0.664878] Block layer SCSI generic (bsg) driver version 0.4 loaded (major 249)
[    0.665925] io scheduler mq-deadline registered
[    0.666557] io scheduler kyber registered
[    0.668595] input: Power Button as /devices/LNXSYSTM:00/LNXPWRBN:00/input/input0
[    0.669848] ACPI: button: Power Button [PWRF]
[    0.670596] Warning: Processor Platform Limit event detected, but not handled.
[    0.671655] Consider compiling CPUfreq support into your kernel.
[    1.609093] ACPI: \_SB_.LNKB: Enabled at IRQ 10
[    2.525970] ACPI: \_SB_.LNKC: Enabled at IRQ 11
[    3.405006] ACPI: \_SB_.LNKA: Enabled at IRQ 10
[    3.406609] Serial: 8250/16550 driver, 4 ports, IRQ sharing enabled
[    3.407810] 00:03: ttyS0 at I/O 0x3f8 (irq = 4, base_baud = 115200) is a 16550A
[    3.442938] Non-volatile memory driver v1.3
[    3.443532] Linux agpgart interface v0.103
[    3.444120] printk: legacy console [hvc0] enabled
[    3.444305] ACPI: bus type drm_connector registered
[    3.444790] printk: legacy bootconsole [earlyser0] disabled
          _      _                                    
   __   _(_)_ __| |_ _ __ ___   ___       _ __   __ _ 
   \ \ / / |  __| __|  _   _ \ / _ \_____|  _ \ / _  |
    \ V /| | |  | |_| | | | | |  __/_____| | | | (_| |
     \_/ |_|_|   \__|_| |_| |_|\___|     |_| |_|\__  |
                                                |___/ 
   kernel version: 6.9.0-rc3-virtme x86_64
   (CTRL+d to exit)

virtme-ng:/nipa-data/kernel# PS1='xx__-> '
xx__-> env
PWD=/nipa-data/kernel
nr_open=1048576
HOME=/root
TERM=xterm
SHLVL=2
XDG_RUNTIME_DIR=/run/user/0
PATH=/bin:/sbin:/usr/bin:/usr/sbin:/usr/local/bin
OLDPWD=/
_=/usr/bin/env
xx__-> 