No EFI environment detected.
early console in extract_kernel
input_data: 0x0000000004b142b9
input_len: 0x00000000017c040a
output: 0x0000000001000000
output_len: 0x0000000005261978
kernel_total_size: 0x0000000004e30000
needed_size: 0x0000000005400000
trampoline_32bit: 0x0000000000000000
Physical KASLR using RDRAND RDTSC...
Virtual KASLR using RDRAND RDTSC...

Decompressing Linux... Parsing ELF... Performing relocations... done.
Booting the kernel (entry_offset: 0x0000000000000000).
[    0.000000] Linux version 6.8.0-rc6-virtme (root@ffb4b7d5b10b) (gcc (Alpine 13.2.1_git20231014) 13.2.1 20231014, GNU ld (GNU Binutils) 2.42) #1 SMP PREEMPT_DYNAMIC Sun Mar  3 00:26:41 UTC 2024
[    0.000000] Command line: virtme_hostname=virtme-ng virtme_link_mods=/nipa-data/kernel/.virtme_mods/lib/modules/0.0.0 virtme_initmount0=nipa-data/kernel virtme_rw_overlay0=/etc virtme_rw_overlay1=/lib virtme_rw_overlay2=/home virtme_rw_overlay3=/opt virtme_rw_overlay4=/srv virtme_rw_overlay5=/usr virtme_rw_overlay6=/var earlyprintk=serial,ttyS0,115200 console=ttyS0 psmouse.proto=exps TERM=xterm virtme_chdir=nipa-data/kernel virtme_root_user=1 rootfstype=9p rootflags=version=9p2000.L,trans=virtio,access=any raid=noautodetect ro init=/usr/lib/python3.11/site-packages/virtme/guest/virtme-init
[    0.000000] BIOS-provided physical RAM map:
[    0.000000] BIOS-e820: [mem 0x0000000000000000-0x000000000009fbff] usable
[    0.000000] BIOS-e820: [mem 0x000000000009fc00-0x000000000009ffff] reserved
[    0.000000] BIOS-e820: [mem 0x00000000000f0000-0x00000000000fffff] reserved
[    0.000000] BIOS-e820: [mem 0x0000000000100000-0x000000003ffdffff] usable
[    0.000000] BIOS-e820: [mem 0x000000003ffe0000-0x000000003fffffff] reserved
[    0.000000] BIOS-e820: [mem 0x00000000feffc000-0x00000000feffffff] reserved
[    0.000000] BIOS-e820: [mem 0x00000000fffc0000-0x00000000ffffffff] reserved
[    0.000000] BIOS-e820: [mem 0x000000fd00000000-0x000000ffffffffff] reserved
[    0.000000] printk: legacy bootconsole [earlyser0] enabled
[    0.000000] NX (Execute Disable) protection: active
[    0.000000] APIC: Static calls initialized
[    0.000000] SMBIOS 3.0.0 present.
[    0.000000] DMI: QEMU Standard PC (i440FX + PIIX, 1996), BIOS rel-1.16.3-0-ga6ed6b701f0a-prebuilt.qemu.org 04/01/2014
[    0.000000] Hypervisor detected: KVM
[    0.000000] kvm-clock: Using msrs 4b564d01 and 4b564d00
[    0.000000] kvm-clock: using sched offset of 377409627 cycles
[    0.000383] clocksource: kvm-clock: mask: 0xffffffffffffffff max_cycles: 0x1cd42e4dffb, max_idle_ns: 881590591483 ns
[    0.001565] tsc: Detected 4491.536 MHz processor
[    0.002282] last_pfn = 0x3ffe0 max_arch_pfn = 0x400000000
[    0.002698] MTRR map: 4 entries (3 fixed + 1 variable; max 19), built from 8 variable MTRRs
[    0.003309] x86/PAT: Configuration [0-7]: WB  WC  UC- UC  WB  WP  UC- WT  
[    0.005375] found SMP MP-table at [mem 0x000f5470-0x000f547f]
[    0.005800] Using GB pages for direct mapping
[    0.006279] ACPI: Early table checksum verification disabled
[    0.006691] ACPI: RSDP 0x00000000000F5290 000014 (v00 BOCHS )
[    0.007110] ACPI: RSDT 0x000000003FFE27B6 000034 (v01 BOCHS  BXPC     00000001 BXPC 00000001)
[    0.007731] ACPI: FACP 0x000000003FFE2572 000074 (v01 BOCHS  BXPC     00000001 BXPC 00000001)
[    0.008379] ACPI: DSDT 0x000000003FFE0040 002532 (v01 BOCHS  BXPC     00000001 BXPC 00000001)
[    0.009012] ACPI: FACS 0x000000003FFE0000 000040
[    0.009350] ACPI: APIC 0x000000003FFE25E6 000170 (v03 BOCHS  BXPC     00000001 BXPC 00000001)
[    0.009972] ACPI: HPET 0x000000003FFE2756 000038 (v01 BOCHS  BXPC     00000001 BXPC 00000001)
[    0.010594] ACPI: WAET 0x000000003FFE278E 000028 (v01 BOCHS  BXPC     00000001 BXPC 00000001)
[    0.011216] ACPI: Reserving FACP table memory at [mem 0x3ffe2572-0x3ffe25e5]
[    0.011729] ACPI: Reserving DSDT table memory at [mem 0x3ffe0040-0x3ffe2571]
[    0.012242] ACPI: Reserving FACS table memory at [mem 0x3ffe0000-0x3ffe003f]
[    0.012772] ACPI: Reserving APIC table memory at [mem 0x3ffe25e6-0x3ffe2755]
[    0.013309] ACPI: Reserving HPET table memory at [mem 0x3ffe2756-0x3ffe278d]
[    0.013826] ACPI: Reserving WAET table memory at [mem 0x3ffe278e-0x3ffe27b5]
[    0.014541] No NUMA configuration found
[    0.014825] Faking a node at [mem 0x0000000000000000-0x000000003ffdffff]
[    0.015315] NODE_DATA(0) allocated [mem 0x3ffdb000-0x3ffdffff]
[    0.015758] Zone ranges:
[    0.015942]   DMA      [mem 0x0000000000001000-0x0000000000ffffff]
[    0.016392]   DMA32    [mem 0x0000000001000000-0x000000003ffdffff]
[    0.016848]   Normal   empty
[    0.017058]   Device   empty
[    0.017268] Movable zone start for each node
[    0.017578] Early memory node ranges
[    0.017839]   node   0: [mem 0x0000000000001000-0x000000000009efff]
[    0.018296]   node   0: [mem 0x0000000000100000-0x000000003ffdffff]
[    0.018752] Initmem setup node 0 [mem 0x0000000000001000-0x000000003ffdffff]
[    0.019270] On node 0, zone DMA: 1 pages in unavailable ranges
[    0.019752] On node 0, zone DMA: 97 pages in unavailable ranges
[    0.024417] On node 0, zone DMA32: 32 pages in unavailable ranges
[    0.033859] kasan: KernelAddressSanitizer initialized
[    0.034446] ACPI: PM-Timer IO Port: 0x608
[    0.034743] ACPI: LAPIC_NMI (acpi_id[0xff] dfl dfl lint[0x1])
[    0.035184] IOAPIC[0]: apic_id 0, version 17, address 0xfec00000, GSI 0-23
[    0.035688] ACPI: INT_SRC_OVR (bus 0 bus_irq 0 global_irq 2 dfl dfl)
[    0.036150] ACPI: INT_SRC_OVR (bus 0 bus_irq 5 global_irq 5 high level)
[    0.036630] ACPI: INT_SRC_OVR (bus 0 bus_irq 9 global_irq 9 high level)
[    0.037124] ACPI: INT_SRC_OVR (bus 0 bus_irq 10 global_irq 10 high level)
[    0.037615] ACPI: INT_SRC_OVR (bus 0 bus_irq 11 global_irq 11 high level)
[    0.038116] ACPI: Using ACPI (MADT) for SMP configuration information
[    0.038585] ACPI: HPET id: 0x8086a201 base: 0xfed00000
[    0.038962] TSC deadline timer available
[    0.039248] smpboot: Allowing 32 CPUs, 0 hotplug CPUs
[    0.039634] kvm-guest: APIC: eoi() replaced with kvm_guest_apic_eoi_write()
[    0.040152] kvm-guest: KVM setup pv remote TLB flush
[    0.040513] kvm-guest: setup PV sched yield
[    0.040829] PM: hibernation: Registered nosave memory: [mem 0x00000000-0x00000fff]
[    0.041383] PM: hibernation: Registered nosave memory: [mem 0x0009f000-0x0009ffff]
[    0.041933] PM: hibernation: Registered nosave memory: [mem 0x000a0000-0x000effff]
[    0.042482] PM: hibernation: Registered nosave memory: [mem 0x000f0000-0x000fffff]
[    0.043032] [mem 0x40000000-0xfeffbfff] available for PCI devices
[    0.043475] Booting paravirtualized kernel on KVM
[    0.043817] clocksource: refined-jiffies: mask: 0xffffffff max_cycles: 0xffffffff, max_idle_ns: 1910969940391419 ns
[    0.052620] setup_percpu: NR_CPUS:64 nr_cpumask_bits:32 nr_cpu_ids:32 nr_node_ids:1
[    0.054418] percpu: Embedded 68 pages/cpu s241448 r8192 d28888 u524288
[    0.054952] Kernel command line: virtme_hostname=virtme-ng virtme_link_mods=/nipa-data/kernel/.virtme_mods/lib/modules/0.0.0 virtme_initmount0=nipa-data/kernel virtme_rw_overlay0=/etc virtme_rw_overlay1=/lib virtme_rw_overlay2=/home virtme_rw_overlay3=/opt virtme_rw_overlay4=/srv virtme_rw_overlay5=/usr virtme_rw_overlay6=/var earlyprintk=serial,ttyS0,115200 console=ttyS0 psmouse.proto=exps TERM=xterm virtme_chdir=nipa-data/kernel virtme_root_user=1 rootfstype=9p rootflags=version=9p2000.L,trans=virtio,access=any raid=noautodetect ro init=/usr/lib/python3.11/site-packages/virtme/guest/virtme-init
[    0.058998] Unknown kernel command line parameters "virtme_hostname=virtme-ng virtme_link_mods=/nipa-data/kernel/.virtme_mods/lib/modules/0.0.0 virtme_initmount0=nipa-data/kernel virtme_rw_overlay0=/etc virtme_rw_overlay1=/lib virtme_rw_overlay2=/home virtme_rw_overlay3=/opt virtme_rw_overlay4=/srv virtme_rw_overlay5=/usr virtme_rw_overlay6=/var virtme_chdir=nipa-data/kernel virtme_root_user=1", will be passed to user space.
[    0.062003] random: crng init done
[    0.062358] Dentry cache hash table entries: 131072 (order: 8, 1048576 bytes, linear)
[    0.062955] Inode-cache hash table entries: 65536 (order: 7, 524288 bytes, linear)
[    0.063942] Fallback order for Node 0: 0 
[    0.063946] Built 1 zonelists, mobility grouping on.  Total pages: 257760
[    0.064753] Policy zone: DMA32
[    0.064986] mem auto-init: stack:all(zero), heap alloc:off, heap free:off
[    0.065493] stackdepot: allocating hash table via alloc_large_system_hash
[    0.066002] stackdepot hash table entries: 1048576 (order: 12, 16777216 bytes, linear)
[    0.073972] Memory: 781292K/1048056K available (43008K kernel code, 11327K rwdata, 9564K rodata, 5744K init, 2432K bss, 266508K reserved, 0K cma-reserved)
[    0.075186] SLUB: HWalign=64, Order=0-3, MinObjects=0, CPUs=32, Nodes=1
Poking KASLR using RDRAND RDTSC...
[    0.075943] ftrace: allocating 46464 entries in 182 pages
[    0.084578] ftrace: allocated 182 pages with 5 groups
[    0.085810] Dynamic Preempt: voluntary
[    0.086441] rcu: Preemptible hierarchical RCU implementation.
[    0.086871] rcu: RCU event tracing is enabled.
[    0.087208] rcu: RCU restricting CPUs from NR_CPUS=64 to nr_cpu_ids=32.
[    0.087709] Trampoline variant of Tasks RCU enabled.
[    0.088085] Rude variant of Tasks RCU enabled.
[    0.088423] Tracing variant of Tasks RCU enabled.
[    0.088781] rcu: RCU calculated value of scheduler-enlistment delay is 100 jiffies.
[    0.089357] rcu: Adjusting geometry for rcu_fanout_leaf=16, nr_cpu_ids=32
[    0.098065] NR_IRQS: 4352, nr_irqs: 680, preallocated irqs: 16
[    0.098740] rcu: srcu_init: Setting srcu_struct sizes based on contention.
[    0.099451] Console: colour *CGA 80x25
[    0.099750] printk: legacy console [ttyS0] enabled
[    0.099750] printk: legacy console [ttyS0] enabled
[    0.100468] printk: legacy bootconsole [earlyser0] disabled
[    0.100468] printk: legacy bootconsole [earlyser0] disabled
[    0.101343] ACPI: Core revision 20230628
[    0.101795] clocksource: hpet: mask: 0xffffffff max_cycles: 0xffffffff, max_idle_ns: 19112604467 ns
[    0.102542] APIC: Switch to symmetric I/O mode setup
[    0.102922] APIC: Switched APIC routing to: physical flat
[    0.103331] kvm-guest: APIC: send_IPI_mask() replaced with kvm_send_ipi_mask()
[    0.103868] kvm-guest: APIC: send_IPI_mask_allbutself() replaced with kvm_send_ipi_mask_allbutself()
[    0.104569] kvm-guest: setup PV IPIs
[    0.105729] ..TIMER: vector=0x30 apic1=0 pin1=2 apic2=-1 pin2=-1
[    0.106556] tsc: Marking TSC unstable due to TSCs unsynchronized
[    0.107357] Calibrating delay loop (skipped) preset value.. 8983.07 BogoMIPS (lpj=4491536)
[    0.109360] x86/cpu: User Mode Instruction Prevention (UMIP) activated
[    0.110286] Last level iTLB entries: 4KB 512, 2MB 255, 4MB 127
[    0.110353] Last level dTLB entries: 4KB 512, 2MB 255, 4MB 127, 1GB 0
[    0.111357] Spectre V1 : Mitigation: usercopy/swapgs barriers and __user pointer sanitization
[    0.112357] Spectre V2 : Mitigation: Enhanced / Automatic IBRS
[    0.113353] Spectre V2 : Spectre v2 / SpectreRSB mitigation: Filling RSB on context switch
[    0.114355] Spectre V2 : mitigation: Enabling conditional Indirect Branch Prediction Barrier
[    0.115355] Speculative Store Bypass: Mitigation: Speculative Store Bypass disabled via prctl
[    0.116353] Speculative Return Stack Overflow: IBPB-extending microcode not applied!
[    0.117353] Speculative Return Stack Overflow: WARNING: See https://kernel.org/doc/html/latest/admin-guide/hw-vuln/srso.html for mitigation options.
[    0.117354] Speculative Return Stack Overflow: Vulnerable: Safe RET, no microcode
[    0.119369] x86/fpu: Supporting XSAVE feature 0x001: 'x87 floating point registers'
[    0.120353] x86/fpu: Supporting XSAVE feature 0x002: 'SSE registers'
[    0.121353] x86/fpu: Supporting XSAVE feature 0x004: 'AVX registers'
[    0.122353] x86/fpu: Supporting XSAVE feature 0x020: 'AVX-512 opmask'
[    0.123353] x86/fpu: Supporting XSAVE feature 0x040: 'AVX-512 Hi256'
[    0.124353] x86/fpu: Supporting XSAVE feature 0x080: 'AVX-512 ZMM_Hi256'
[    0.125353] x86/fpu: Supporting XSAVE feature 0x200: 'Protection Keys User registers'
[    0.126353] x86/fpu: xstate_offset[2]:  576, xstate_sizes[2]:  256
[    0.127156] x86/fpu: xstate_offset[5]:  832, xstate_sizes[5]:   64
[    0.127353] x86/fpu: xstate_offset[6]:  896, xstate_sizes[6]:  512
[    0.128353] x86/fpu: xstate_offset[7]: 1408, xstate_sizes[7]: 1024
[    0.129353] x86/fpu: xstate_offset[9]: 2432, xstate_sizes[9]:    8
[    0.130353] x86/fpu: Enabled xstate features 0x2e7, context size is 2440 bytes, using 'compacted' format.
[    0.152343] Freeing SMP alternatives memory: 36K
[    0.152354] pid_max: default: 32768 minimum: 301
[    0.153493] Mount-cache hash table entries: 2048 (order: 2, 16384 bytes, linear)
[    0.154354] Mountpoint-cache hash table entries: 2048 (order: 2, 16384 bytes, linear)
[    0.156402] smpboot: CPU0: AMD Ryzen 9 7950X 16-Core Processor (family: 0x19, model: 0x61, stepping: 0x2)
[    0.157678] RCU Tasks: Setting shift to 5 and lim to 1 rcu_task_cb_adjust=1.
[    0.158378] RCU Tasks Rude: Setting shift to 5 and lim to 1 rcu_task_cb_adjust=1.
[    0.159371] RCU Tasks Trace: Setting shift to 5 and lim to 1 rcu_task_cb_adjust=1.
[    0.160378] Performance Events: Fam17h+ core perfctr, AMD PMU driver.
[    0.161251] ... version:                0
[    0.161355] ... bit width:              48
[    0.161892] ... generic registers:      6
[    0.162355] ... value mask:             0000ffffffffffff
[    0.163049] ... max period:             00007fffffffffff
[    0.163355] ... fixed-purpose events:   0
[    0.163879] ... event mask:             000000000000003f
[    0.164452] signal: max sigframe size: 3376
[    0.165046] rcu: Hierarchical SRCU implementation.
[    0.165355] rcu: Max phase no-delay instances is 400.
[    0.170231] smp: Bringing up secondary CPUs ...
[    0.170540] smpboot: x86: Booting SMP configuration:
[    0.171189] .... node  #0, CPUs:        #1  #2  #3  #4  #5  #6  #7  #8  #9 #10 #11 #12 #13 #14 #15 #16 #17 #18 #19 #20 #21 #22 #23 #24 #25 #26 #27 #28 #29 #30 #31
[    0.194513] smp: Brought up 1 node, 32 CPUs
[    0.195917] smpboot: Max logical packages: 1
[    0.196356] smpboot: Total of 32 processors activated (287458.30 BogoMIPS)
[    0.203543] devtmpfs: initialized
[    0.204484] x86/mm: Memory block size: 128MB
[    0.211556] clocksource: jiffies: mask: 0xffffffff max_cycles: 0xffffffff, max_idle_ns: 1911260446275000 ns
[    0.212360] futex hash table entries: 8192 (order: 7, 524288 bytes, linear)
[    0.213626] PM: RTC time: 00:27:15, date: 2024-03-03
[    0.215076] NET: Registered PF_NETLINK/PF_ROUTE protocol family
[    0.216156] thermal_sys: Registered thermal governor 'step_wise'
[    0.216158] thermal_sys: Registered thermal governor 'user_space'
[    0.216414] cpuidle: using governor menu
[    0.218920] PCI: Using configuration type 1 for base access
[    0.219355] PCI: Using configuration type 1 for extended access
[    0.220276] kprobes: kprobe jump-optimization is enabled. All kprobes are optimized if possible.
[    0.233606] HugeTLB: registered 1.00 GiB page size, pre-allocated 0 pages
[    0.234356] HugeTLB: 16380 KiB vmemmap can be freed for a 1.00 GiB page
[    0.235356] HugeTLB: registered 2.00 MiB page size, pre-allocated 0 pages
[    0.236355] HugeTLB: 28 KiB vmemmap can be freed for a 2.00 MiB page
[    0.238554] ACPI: Added _OSI(Module Device)
[    0.239180] ACPI: Added _OSI(Processor Device)
[    0.240356] ACPI: Added _OSI(3.0 _SCP Extensions)
[    0.241139] ACPI: Added _OSI(Processor Aggregator Device)
[    0.273701] ACPI: 1 ACPI AML tables successfully acquired and loaded
[    0.277590] ACPI: _OSC evaluation for CPUs failed, trying _PDC
[    0.281487] ACPI: Interpreter enabled
[    0.282192] ACPI: PM: (supports S0 S3 S4 S5)
[    0.283356] ACPI: Using IOAPIC for interrupt routing
[    0.284258] PCI: Using host bridge windows from ACPI; if necessary, use "pci=nocrs" and report a bug
[    0.285356] PCI: Using E820 reservations for host bridge windows
[    0.287853] ACPI: Enabled 2 GPEs in block 00 to 0F
[    0.349879] ACPI: PCI Root Bridge [PCI0] (domain 0000 [bus 00-ff])
[    0.350372] acpi PNP0A03:00: _OSC: OS supports [ExtendedConfig ASPM ClockPM Segments MSI HPX-Type3]
[    0.351894] PCI host bridge to bus 0000:00
[    0.352359] pci_bus 0000:00: root bus resource [io  0x0000-0x0cf7 window]
[    0.353267] pci_bus 0000:00: root bus resource [io  0x0d00-0xffff window]
[    0.354358] pci_bus 0000:00: root bus resource [mem 0x000a0000-0x000bffff window]
[    0.355358] pci_bus 0000:00: root bus resource [mem 0x40000000-0xfebfffff window]
[    0.356358] pci_bus 0000:00: root bus resource [mem 0x100000000-0x17fffffff window]
[    0.357358] pci_bus 0000:00: root bus resource [bus 00-ff]
[    0.358250] pci 0000:00:00.0: [8086:1237] type 00 class 0x060000 conventional PCI endpoint
[    0.360271] pci 0000:00:01.0: [8086:7000] type 00 class 0x060100 conventional PCI endpoint
[    0.362317] pci 0000:00:01.1: [8086:7010] type 00 class 0x010180 conventional PCI endpoint
[    0.366356] pci 0000:00:01.1: BAR 4 [io  0xc080-0xc08f]
[    0.367862] pci 0000:00:01.1: BAR 0 [io  0x01f0-0x01f7]: legacy IDE quirk
[    0.368356] pci 0000:00:01.1: BAR 1 [io  0x03f6]: legacy IDE quirk
[    0.369182] pci 0000:00:01.1: BAR 2 [io  0x0170-0x0177]: legacy IDE quirk
[    0.370355] pci 0000:00:01.1: BAR 3 [io  0x0376]: legacy IDE quirk
[    0.371919] pci 0000:00:01.3: [8086:7113] type 00 class 0x068000 conventional PCI endpoint
[    0.373626] pci 0000:00:01.3: quirk: [io  0x0600-0x063f] claimed by PIIX4 ACPI
[    0.375361] pci 0000:00:01.3: quirk: [io  0x0700-0x070f] claimed by PIIX4 SMB
[    0.377091] pci 0000:00:02.0: [1af4:1009] type 00 class 0x000200 conventional PCI endpoint
[    0.379356] pci 0000:00:02.0: BAR 0 [io  0xc000-0xc03f]
[    0.381005] pci 0000:00:02.0: BAR 1 [mem 0xfebfd000-0xfebfdfff]
[    0.386891] pci 0000:00:02.0: BAR 4 [mem 0xfebf4000-0xfebf7fff 64bit pref]
[    0.401472] pci 0000:00:03.0: [1af4:1009] type 00 class 0x000200 conventional PCI endpoint
[    0.403356] pci 0000:00:03.0: BAR 0 [io  0xc040-0xc07f]
[    0.406083] pci 0000:00:03.0: BAR 1 [mem 0xfebfe000-0xfebfefff]
[    0.411024] pci 0000:00:03.0: BAR 4 [mem 0xfebf8000-0xfebfbfff 64bit pref]
[    0.426032] pci 0000:00:04.0: [8086:25ab] type 00 class 0x088000 conventional PCI endpoint
[    0.427764] pci 0000:00:04.0: BAR 0 [mem 0xfebff000-0xfebff00f]
[    0.445417] ACPI: PCI: Interrupt link LNKA configured for IRQ 10
[    0.447255] ACPI: PCI: Interrupt link LNKB configured for IRQ 10
[    0.449592] ACPI: PCI: Interrupt link LNKC configured for IRQ 11
[    0.451573] ACPI: PCI: Interrupt link LNKD configured for IRQ 11
[    0.452758] ACPI: PCI: Interrupt link LNKS configured for IRQ 9
[    0.473657] iommu: Default domain type: Translated
[    0.474308] iommu: DMA domain TLB invalidation policy: lazy mode
[    0.474842] SCSI subsystem initialized
[    0.475590] pps_core: LinuxPPS API ver. 1 registered
[    0.476356] pps_core: Software ver. 5.3.6 - Copyright 2005-2007 Rodolfo Giometti <giometti@linux.it>
[    0.478372] PTP clock support registered
[    0.479395] Advanced Linux Sound Architecture Driver Initialized.
[    0.481415] NET: Registered PF_ATMPVC protocol family
[    0.482109] NET: Registered PF_ATMSVC protocol family
[    0.482390] PCI: Using ACPI for IRQ routing
[    0.483407] vgaarb: loaded
[    0.483489] hpet0: at MMIO 0xfed00000, IRQs 2, 8, 0
[    0.484146] hpet0: 3 comparators, 64-bit 100.000000 MHz counter
[    0.488766] clocksource: Switched to clocksource kvm-clock
[    0.489883] VFS: Disk quotas dquot_6.6.0
[    0.490658] VFS: Dquot-cache hash table entries: 512 (order 0, 4096 bytes)
[    0.491894] pnp: PnP ACPI init
[    0.498507] pnp: PnP ACPI: found 5 devices
[    0.511547] clocksource: acpi_pm: mask: 0xffffff max_cycles: 0xffffff, max_idle_ns: 2085701024 ns
[    0.512820] NET: Registered PF_INET protocol family
[    0.513532] IP idents hash table entries: 16384 (order: 5, 131072 bytes, linear)
[    0.514922] tcp_listen_portaddr_hash hash table entries: 512 (order: 1, 8192 bytes, linear)
[    0.516036] Table-perturb hash table entries: 65536 (order: 6, 262144 bytes, linear)
[    0.517087] TCP established hash table entries: 8192 (order: 4, 65536 bytes, linear)
[    0.518125] TCP bind hash table entries: 8192 (order: 6, 262144 bytes, linear)
[    0.519122] TCP: Hash tables configured (established 8192 bind 8192)
[    0.520153] UDP hash table entries: 512 (order: 2, 16384 bytes, linear)
[    0.521035] UDP-Lite hash table entries: 512 (order: 2, 16384 bytes, linear)
[    0.522226] NET: Registered PF_UNIX/PF_LOCAL protocol family
[    0.522998] pci_bus 0000:00: resource 4 [io  0x0000-0x0cf7 window]
[    0.523823] pci_bus 0000:00: resource 5 [io  0x0d00-0xffff window]
[    0.524644] pci_bus 0000:00: resource 6 [mem 0x000a0000-0x000bffff window]
[    0.525561] pci_bus 0000:00: resource 7 [mem 0x40000000-0xfebfffff window]
[    0.526479] pci_bus 0000:00: resource 8 [mem 0x100000000-0x17fffffff window]
[    0.527624] pci 0000:00:01.0: PIIX3: Enabling Passive Release
[    0.528396] pci 0000:00:00.0: Limiting direct PCI/PCI transfers
[    0.529220] PCI: CLS 0 bytes, default 64
[    0.529941] kvm_intel: VMX not supported by CPU 9
[    0.530617] kvm_amd: TSC scaling supported
[    0.531167] kvm_amd: Nested Virtualization enabled
[    0.531800] kvm_amd: Nested Paging enabled
[    0.532366] kvm_amd: Virtual VMLOAD VMSAVE supported
[    0.533024] kvm_amd: Virtual GIF supported
[    0.533573] kvm_amd: Virtual NMI enabled
[    0.534096] kvm_amd: LBR virtualization supported
[    0.645695] workingset: timestamp_bits=56 max_order=18 bucket_order=0
[    0.647059] squashfs: version 4.0 (2009/01/31) Phillip Lougher
[    0.648136] fuse: init (API version 7.39)
[    0.649035] 9p: Installing v9fs 9p2000 file system support
[    0.650175] Key type asymmetric registered
[    0.650963] Block layer SCSI generic (bsg) driver version 0.4 loaded (major 249)
[    0.652294] io scheduler mq-deadline registered
[    0.653082] io scheduler kyber registered
[    0.655450] input: Power Button as /devices/LNXSYSTM:00/LNXPWRBN:00/input/input0
[    0.657061] ACPI: button: Power Button [PWRF]
[    0.658001] Warning: Processor Platform Limit event detected, but not handled.
[    0.659232] Consider compiling CPUfreq support into your kernel.
[    1.607569] ACPI: \_SB_.LNKB: Enabled at IRQ 10
[    2.512135] ACPI: \_SB_.LNKC: Enabled at IRQ 11
[    2.514305] Serial: 8250/16550 driver, 4 ports, IRQ sharing enabled
[    2.515818] 00:03: ttyS0 at I/O 0x3f8 (irq = 4, base_baud = 115200) is a 16550A
[    2.519326] Non-volatile memory driver v1.3
[    2.520032] Linux agpgart interface v0.103
[    2.520963] ACPI: bus type drm_connector registered
[    2.546574] loop: module loaded
[    2.549498] scsi host0: ata_piix
[    2.550487] scsi host1: ata_piix
[    2.551135] ata1: PATA max MWDMA2 cmd 0x1f0 ctl 0x3f6 bmdma 0xc080 irq 14 lpm-pol 0
[    2.552153] ata2: PATA max MWDMA2 cmd 0x170 ctl 0x376 bmdma 0xc088 irq 15 lpm-pol 0
[    2.554701] i8042: PNP: PS/2 Controller [PNP0303:KBD,PNP0f13:MOU] at 0x60,0x64 irq 1,12
[    2.556450] serio: i8042 KBD port at 0x60,0x64 irq 1
[    2.557113] serio: i8042 AUX port at 0x60,0x64 irq 12
[    2.558428] rtc_cmos 00:04: RTC can wake from S4
[    2.559280] input: AT Translated Set 2 keyboard as /devices/platform/i8042/serio0/input/input1
[    2.561405] rtc_cmos 00:04: registered as rtc0
[    2.562791] rtc_cmos 00:04: setting system clock to 2024-03-03T00:27:17 UTC (1709425637)
[    2.564450] input: ImExPS/2 Generic Explorer Mouse as /devices/platform/i8042/serio1/input/input3
[    2.565019] rtc_cmos 00:04: alarms up to one day, y3k, 242 bytes nvram, hpet irqs
[    2.568050] i6300ESB timer 0000:00:04.0: initialized. heartbeat=30 sec (nowayout=0)
[    2.569614] device-mapper: ioctl: 4.48.0-ioctl (2023-03-01) initialised: dm-devel@redhat.com
[    2.572103] NET: Registered PF_PACKET protocol family
[    2.572940] 9pnet: Installing 9P2000 support
[    2.575362] Key type dns_resolver registered
[    2.581510] IPI shorthand broadcast: enabled
[    2.605877] sched_clock: Marking stable (2600001330, 5092629)->(2615715409, -10621450)
[    2.607284] registered taskstats version 1
[    2.622085] PM:   Magic number: 0:129:455
[    2.622689] printk: legacy console [netcon0] enabled
[    2.623337] netconsole: network logging started
[    2.624086] ALSA device list:
[    2.624486]   No soundcards found.
[    2.712277] ata2: found unknown device (class 0)
[    2.713473] ata2.00: ATAPI: QEMU DVD-ROM, 2.5+, max UDMA/100
[    2.715533] scsi 1:0:0:0: CD-ROM            QEMU     QEMU DVD-ROM     2.5+ PQ: 0 ANSI: 5
[    2.723884] scsi 1:0:0:0: Attached scsi generic sg0 type 5
[    2.724736] md: Skipping autodetection of RAID arrays. (raid=autodetect will force)
[    2.725705] 9pnet_virtio: no channels available for device 
[    2.727149] VFS: Mounted root (9p filesystem) readonly on device 0:19.
[    2.728371] devtmpfs: mounted
[    2.733550] Freeing unused kernel image (initmem) memory: 5744K
[    2.738105] Write protecting the kernel read-only data: 53248k
[    2.739250] Freeing unused kernel image (rodata/data gap) memory: 676K
[    2.775498] x86/mm: Checked W+X mappings: passed, no W+X pages found.
[    2.776269] Run /usr/lib/python3.11/site-packages/virtme/guest/virtme-init as init process
[    2.816592] mount (267) used greatest stack depth: 26752 bytes left
[    2.895631] mount (277) used greatest stack depth: 26672 bytes left
[    2.942836] mount (285) used greatest stack depth: 26312 bytes left
[    2.994210] uname (301) used greatest stack depth: 25664 bytes left
[    3.082804] virtme-init: basic initialization done
[    3.092160] virtme-init: udevd not found
[    3.183050] virtme-init: Setting hostname to virtme-ng...
[    3.204519] ip (358) used greatest stack depth: 24640 bytes left
          _      _                                    
   __   _(_)_ __| |_ _ __ ___   ___       _ __   __ _ 
   \ \ / / |  __| __|  _   _ \ / _ \_____|  _ \ / _  |
    \ V /| | |  | |_| | | | | |  __/_____| | | | (_| |
     \_/ |_|_|   \__|_| |_| |_|\___|     |_| |_|\__  |
                                                |___/ 
   kernel version: 6.8.0-rc6-virtme x86_64

virtme-ng:/nipa-data/kernel# PS1='xx__-> '
xx__-> env
PWD=/nipa-data/kernel
HOME=/
TERM=xterm
SHLVL=2
XDG_RUNTIME_DIR=/run/user/0
PATH=/bin:/sbin:/usr/bin:/usr/sbin:/usr/local/bin
OLDPWD=/
_=/usr/bin/env
xx__-> 