No EFI environment detected.
early console in extract_kernel
input_data: 0x0000000004c862c4
input_len: 0x000000000197b035
output: 0x0000000001000000
output_len: 0x000000000558ae94
kernel_total_size: 0x0000000005230000
needed_size: 0x0000000005600000
trampoline_32bit: 0x0000000000000000
Physical KASLR using RDRAND RDTSC...
Virtual KASLR using RDRAND RDTSC...

Decompressing Linux... Parsing ELF... Performing relocations... done.
Booting the kernel (entry_offset: 0x0000000002bcb410).
[    0.000000] Linux version 6.15.0-rc6-virtme (root@87368c5bf835) (gcc (Ubuntu 13.3.0-6ubuntu2~24.04) 13.3.0, GNU ld (GNU Binutils for Ubuntu) 2.42) #1 SMP PREEMPT_DYNAMIC Thu May 22 00:26:00 UTC 2025
[    0.000000] Command line: virtme_hostname=virtme-ng nr_open=1048576 virtme_link_mods=/nipa-data/kernel/.virtme_mods/lib/modules/0.0.0 virtme_initmount0=nipa-data/kernel virtme_rw_overlay0=/etc virtme_rw_overlay1=/lib virtme_rw_overlay2=/home virtme_rw_overlay3=/opt virtme_rw_overlay4=/srv virtme_rw_overlay5=/usr virtme_rw_overlay6=/var console=hvc0 earlyprintk=serial,ttyS0,115200 virtme_console=ttyS0 psmouse.proto=exps TERM=xterm virtme_chdir=nipa-data/kernel virtme_root_user=1 rootfstype=9p rootflags=version=9p2000.L,trans=virtio,access=any raid=noautodetect ro init=/usr/lib/python3/dist-packages/virtme/guest/virtme-init
[    0.000000] BIOS-provided physical RAM map:
[    0.000000] BIOS-e820: [mem 0x0000000000000000-0x000000000009fbff] usable
[    0.000000] BIOS-e820: [mem 0x000000000009fc00-0x000000000009ffff] reserved
[    0.000000] BIOS-e820: [mem 0x00000000000f0000-0x00000000000fffff] reserved
[    0.000000] BIOS-e820: [mem 0x0000000000100000-0x000000003ffdffff] usable
[    0.000000] BIOS-e820: [mem 0x000000003ffe0000-0x000000003fffffff] reserved
[    0.000000] BIOS-e820: [mem 0x00000000feffc000-0x00000000feffffff] reserved
[    0.000000] BIOS-e820: [mem 0x00000000fffc0000-0x00000000ffffffff] reserved
[    0.000000] BIOS-e820: [mem 0x000000fd00000000-0x000000ffffffffff] reserved
[    0.000000] printk: legacy bootconsole [earlyser0] enabled
[    0.000000] NX (Execute Disable) protection: active
[    0.000000] APIC: Static calls initialized
[    0.000000] SMBIOS 3.0.0 present.
[    0.000000] DMI: QEMU Ubuntu 24.04 PC (i440FX + PIIX, 1996), BIOS 1.16.3-debian-1.16.3-2 04/01/2014
[    0.000000] DMI: Memory slots populated: 1/1
[    0.000000] Hypervisor detected: KVM
[    0.000000] kvm-clock: Using msrs 4b564d01 and 4b564d00
[    0.000000] kvm-clock: using sched offset of 351217870 cycles
[    0.000376] clocksource: kvm-clock: mask: 0xffffffffffffffff max_cycles: 0x1cd42e4dffb, max_idle_ns: 881590591483 ns
[    0.001524] tsc: Detected 4491.564 MHz processor
[    0.002194] last_pfn = 0x3ffe0 max_arch_pfn = 0x400000000
[    0.002600] MTRR map: 4 entries (3 fixed + 1 variable; max 19), built from 8 variable MTRRs
[    0.003193] x86/PAT: Configuration [0-7]: WB  WC  UC- UC  WB  WP  UC- WT  
[    0.005138] found SMP MP-table at [mem 0x000f5470-0x000f547f]
[    0.005549] Using GB pages for direct mapping
[    0.006010] ACPI: Early table checksum verification disabled
[    0.006412] ACPI: RSDP 0x00000000000F5290 000014 (v00 BOCHS )
[    0.006821] ACPI: RSDT 0x000000003FFE27BC 000034 (v01 BOCHS  BXPC     00000001 BXPC 00000001)
[    0.007427] ACPI: FACP 0x000000003FFE2578 000074 (v01 BOCHS  BXPC     00000001 BXPC 00000001)
[    0.008035] ACPI: DSDT 0x000000003FFE0040 002538 (v01 BOCHS  BXPC     00000001 BXPC 00000001)
[    0.008639] ACPI: FACS 0x000000003FFE0000 000040
[    0.008967] ACPI: APIC 0x000000003FFE25EC 000170 (v03 BOCHS  BXPC     00000001 BXPC 00000001)
[    0.009572] ACPI: HPET 0x000000003FFE275C 000038 (v01 BOCHS  BXPC     00000001 BXPC 00000001)
[    0.010176] ACPI: WAET 0x000000003FFE2794 000028 (v01 BOCHS  BXPC     00000001 BXPC 00000001)
[    0.010780] ACPI: Reserving FACP table memory at [mem 0x3ffe2578-0x3ffe25eb]
[    0.011279] ACPI: Reserving DSDT table memory at [mem 0x3ffe0040-0x3ffe2577]
[    0.011776] ACPI: Reserving FACS table memory at [mem 0x3ffe0000-0x3ffe003f]
[    0.012277] ACPI: Reserving APIC table memory at [mem 0x3ffe25ec-0x3ffe275b]
[    0.012776] ACPI: Reserving HPET table memory at [mem 0x3ffe275c-0x3ffe2793]
[    0.013277] ACPI: Reserving WAET table memory at [mem 0x3ffe2794-0x3ffe27bb]
[    0.013972] No NUMA configuration found
[    0.014244] Faking a node at [mem 0x0000000000000000-0x000000003ffdffff]
[    0.014719] NODE_DATA(0) allocated [mem 0x3ffdb600-0x3ffdffff]
[    0.015148] Zone ranges:
[    0.015327]   DMA      [mem 0x0000000000001000-0x0000000000ffffff]
[    0.015766]   DMA32    [mem 0x0000000001000000-0x000000003ffdffff]
[    0.016207]   Normal   empty
[    0.016411]   Device   empty
[    0.016615] Movable zone start for each node
[    0.016916] Early memory node ranges
[    0.017169]   node   0: [mem 0x0000000000001000-0x000000000009efff]
[    0.017612]   node   0: [mem 0x0000000000100000-0x000000003ffdffff]
[    0.018055] Initmem setup node 0 [mem 0x0000000000001000-0x000000003ffdffff]
[    0.018558] On node 0, zone DMA: 1 pages in unavailable ranges
[    0.019024] On node 0, zone DMA: 97 pages in unavailable ranges
[    0.023567] On node 0, zone DMA32: 32 pages in unavailable ranges
[    0.032792] kasan: KernelAddressSanitizer initialized
[    0.033376] ACPI: PM-Timer IO Port: 0x608
[    0.033673] ACPI: LAPIC_NMI (acpi_id[0xff] dfl dfl lint[0x1])
[    0.034101] IOAPIC[0]: apic_id 0, version 17, address 0xfec00000, GSI 0-23
[    0.034589] ACPI: INT_SRC_OVR (bus 0 bus_irq 0 global_irq 2 dfl dfl)
[    0.035039] ACPI: INT_SRC_OVR (bus 0 bus_irq 5 global_irq 5 high level)
[    0.035506] ACPI: INT_SRC_OVR (bus 0 bus_irq 9 global_irq 9 high level)
[    0.035978] ACPI: INT_SRC_OVR (bus 0 bus_irq 10 global_irq 10 high level)
[    0.036457] ACPI: INT_SRC_OVR (bus 0 bus_irq 11 global_irq 11 high level)
[    0.036939] ACPI: Using ACPI (MADT) for SMP configuration information
[    0.037393] ACPI: HPET id: 0x8086a201 base: 0xfed00000
[    0.037758] TSC deadline timer available
[    0.038038] CPU topo: Max. logical packages:   1
[    0.038364] CPU topo: Max. logical dies:       1
[    0.038690] CPU topo: Max. dies per package:   1
[    0.039018] CPU topo: Max. threads per core:   1
[    0.039345] CPU topo: Num. cores per package:    32
[    0.039689] CPU topo: Num. threads per package:  32
[    0.040035] CPU topo: Allowing 32 present CPUs plus 0 hotplug CPUs
[    0.040487] kvm-guest: APIC: eoi() replaced with kvm_guest_apic_eoi_write()
[    0.040990] kvm-guest: KVM setup pv remote TLB flush
[    0.041342] kvm-guest: setup PV sched yield
[    0.041643] PM: hibernation: Registered nosave memory: [mem 0x00000000-0x00000fff]
[    0.042178] PM: hibernation: Registered nosave memory: [mem 0x0009f000-0x000fffff]
[    0.042713] [mem 0x40000000-0xfeffbfff] available for PCI devices
[    0.043144] Booting paravirtualized kernel on KVM
[    0.043478] clocksource: refined-jiffies: mask: 0xffffffff max_cycles: 0xffffffff, max_idle_ns: 1910969940391419 ns
[    0.052263] setup_percpu: NR_CPUS:64 nr_cpumask_bits:32 nr_cpu_ids:32 nr_node_ids:1
[    0.054045] percpu: Embedded 65 pages/cpu s228056 r8192 d29992 u524288
[    0.054578] Kernel command line: virtme_hostname=virtme-ng nr_open=1048576 virtme_link_mods=/nipa-data/kernel/.virtme_mods/lib/modules/0.0.0 virtme_initmount0=nipa-data/kernel virtme_rw_overlay0=/etc virtme_rw_overlay1=/lib virtme_rw_overlay2=/home virtme_rw_overlay3=/opt virtme_rw_overlay4=/srv virtme_rw_overlay5=/usr virtme_rw_overlay6=/var console=hvc0 earlyprintk=serial,ttyS0,115200 virtme_console=ttyS0 psmouse.proto=exps TERM=xterm virtme_chdir=nipa-data/kernel virtme_root_user=1 rootfstype=9p rootflags=version=9p2000.L,trans=virtio,access=any raid=noautodetect ro init=/usr/lib/python3/dist-packages/virtme/guest/virtme-init
[    0.058747] Unknown kernel command line parameters "virtme_hostname=virtme-ng nr_open=1048576 virtme_link_mods=/nipa-data/kernel/.virtme_mods/lib/modules/0.0.0 virtme_initmount0=nipa-data/kernel virtme_rw_overlay0=/etc virtme_rw_overlay1=/lib virtme_rw_overlay2=/home virtme_rw_overlay3=/opt virtme_rw_overlay4=/srv virtme_rw_overlay5=/usr virtme_rw_overlay6=/var virtme_console=ttyS0 virtme_chdir=nipa-data/kernel virtme_root_user=1", will be passed to user space.
[    0.061900] random: crng init done
[    0.062147] printk: log buffer data + meta data: 262144 + 917504 = 1179648 bytes
[    0.062703] Dentry cache hash table entries: 131072 (order: 8, 1048576 bytes, linear)
[    0.063284] Inode-cache hash table entries: 65536 (order: 7, 524288 bytes, linear)
[    0.064228] Fallback order for Node 0: 0 
[    0.064233] Built 1 zonelists, mobility grouping on.  Total pages: 262014
[    0.065019] Policy zone: DMA32
[    0.065242] mem auto-init: stack:all(zero), heap alloc:off, heap free:off
[    0.065735] stackdepot: allocating hash table via alloc_large_system_hash
[    0.066229] stackdepot hash table entries: 1048576 (order: 12, 16777216 bytes, linear)
[    0.074438] SLUB: HWalign=64, Order=0-3, MinObjects=0, CPUs=32, Nodes=1
Poking KASLR using RDRAND RDTSC...
[    0.083796] ftrace: allocating 48963 entries in 192 pages
[    0.084194] ftrace: allocated 192 pages with 2 groups
[    0.085439] Dynamic Preempt: voluntary
[    0.086184] rcu: Preemptible hierarchical RCU implementation.
[    0.086605] rcu: RCU event tracing is enabled.
[    0.086933] rcu: RCU restricting CPUs from NR_CPUS=64 to nr_cpu_ids=32.
[    0.087420] Trampoline variant of Tasks RCU enabled.
[    0.087785] Rude variant of Tasks RCU enabled.
[    0.088117] Tracing variant of Tasks RCU enabled.
[    0.088469] rcu: RCU calculated value of scheduler-enlistment delay is 100 jiffies.
[    0.089021] rcu: Adjusting geometry for rcu_fanout_leaf=16, nr_cpu_ids=32
[    0.089581] RCU Tasks: Setting shift to 5 and lim to 1 rcu_task_cb_adjust=1 rcu_task_cpu_ids=32.
[    0.090218] RCU Tasks Rude: Setting shift to 5 and lim to 1 rcu_task_cb_adjust=1 rcu_task_cpu_ids=32.
[    0.090888] RCU Tasks Trace: Setting shift to 5 and lim to 1 rcu_task_cb_adjust=1 rcu_task_cpu_ids=32.
[    0.101087] NR_IRQS: 4352, nr_irqs: 680, preallocated irqs: 16
[    0.101764] rcu: srcu_init: Setting srcu_struct sizes based on contention.
[    0.102661] Console: colour *CGA 80x25
[    0.102960] ACPI: Core revision 20240827
[    0.103399] clocksource: hpet: mask: 0xffffffff max_cycles: 0xffffffff, max_idle_ns: 19112604467 ns
[    0.104188] APIC: Switch to symmetric I/O mode setup
[    0.104683] x2apic enabled
[    0.105063] APIC: Switched APIC routing to: physical x2apic
[    0.105468] kvm-guest: APIC: send_IPI_mask() replaced with kvm_send_ipi_mask()
[    0.105988] kvm-guest: APIC: send_IPI_mask_allbutself() replaced with kvm_send_ipi_mask_allbutself()
[    0.106630] kvm-guest: setup PV IPIs
[    0.107707] ..TIMER: vector=0x30 apic1=0 pin1=2 apic2=-1 pin2=-1
[    0.108503] clocksource: tsc-early: mask: 0xffffffffffffffff max_cycles: 0x40be463295d, max_idle_ns: 440795209293 ns
[    0.109851] Calibrating delay loop (skipped) preset value.. 8983.12 BogoMIPS (lpj=4491564)
[    0.110916] x86/cpu: User Mode Instruction Prevention (UMIP) activated
[    0.111908] Last level iTLB entries: 4KB 512, 2MB 255, 4MB 127
[    0.112849] Last level dTLB entries: 4KB 512, 2MB 255, 4MB 127, 1GB 0
[    0.113854] Spectre V1 : Mitigation: usercopy/swapgs barriers and __user pointer sanitization
[    0.114853] Spectre V2 : Mitigation: Enhanced / Automatic IBRS
[    0.115852] Spectre V2 : mitigation: Enabling conditional Indirect Branch Prediction Barrier
[    0.116851] Speculative Store Bypass: Mitigation: Speculative Store Bypass disabled via prctl
[    0.117850] Speculative Return Stack Overflow: IBPB-extending microcode not applied!
[    0.118849] Speculative Return Stack Overflow: WARNING: See https://kernel.org/doc/html/latest/admin-guide/hw-vuln/srso.html for mitigation options.
[    0.118851] Speculative Return Stack Overflow: Vulnerable: Safe RET, no microcode
[    0.120865] x86/fpu: Supporting XSAVE feature 0x001: 'x87 floating point registers'
[    0.121849] x86/fpu: Supporting XSAVE feature 0x002: 'SSE registers'
[    0.122849] x86/fpu: Supporting XSAVE feature 0x004: 'AVX registers'
[    0.123849] x86/fpu: Supporting XSAVE feature 0x020: 'AVX-512 opmask'
[    0.124849] x86/fpu: Supporting XSAVE feature 0x040: 'AVX-512 Hi256'
[    0.125849] x86/fpu: Supporting XSAVE feature 0x080: 'AVX-512 ZMM_Hi256'
[    0.126675] x86/fpu: Supporting XSAVE feature 0x200: 'Protection Keys User registers'
[    0.126849] x86/fpu: xstate_offset[2]:  576, xstate_sizes[2]:  256
[    0.127849] x86/fpu: xstate_offset[5]:  832, xstate_sizes[5]:   64
[    0.128849] x86/fpu: xstate_offset[6]:  896, xstate_sizes[6]:  512
[    0.129849] x86/fpu: xstate_offset[7]: 1408, xstate_sizes[7]: 1024
[    0.130607] x86/fpu: xstate_offset[9]: 2432, xstate_sizes[9]:    8
[    0.130849] x86/fpu: Enabled xstate features 0x2e7, context size is 2440 bytes, using 'compacted' format.
[    0.153862] Freeing SMP alternatives memory: 40K
[    0.154441] pid_max: default: 32768 minimum: 301
[    0.154975] Mount-cache hash table entries: 2048 (order: 2, 16384 bytes, linear)
[    0.155851] Mountpoint-cache hash table entries: 2048 (order: 2, 16384 bytes, linear)
[    0.157515] smpboot: CPU0: AMD Ryzen 9 7950X 16-Core Processor (family: 0x19, model: 0x61, stepping: 0x2)
[    0.158304] Performance Events: Fam17h+ core perfctr, AMD PMU driver.
[    0.158853] ... version:                0
[    0.159351] ... bit width:              48
[    0.159851] ... generic registers:      6
[    0.160343] ... value mask:             0000ffffffffffff
[    0.160851] ... max period:             00007fffffffffff
[    0.161505] ... fixed-purpose events:   0
[    0.161851] ... event mask:             000000000000003f
[    0.162662] signal: max sigframe size: 3376
[    0.162897] rcu: Hierarchical SRCU implementation.
[    0.163489] rcu: Max phase no-delay instances is 400.
[    0.163937] Timer migration: 2 hierarchy levels; 8 children per group; 2 crossnode level
[    0.168840] smp: Bringing up secondary CPUs ...
[    0.169041] smpboot: x86: Booting SMP configuration:
[    0.169657] .... node  #0, CPUs:        #1  #2  #3  #4  #5  #6  #7  #8  #9 #10 #11 #12 #13 #14 #15 #16 #17 #18 #19 #20 #21 #22 #23 #24 #25 #26 #27 #28 #29 #30 #31
[    0.202946] smp: Brought up 1 node, 32 CPUs
[    0.204386] smpboot: Total of 32 processors activated (287460.09 BogoMIPS)
[    0.208060] Memory: 761612K/1048056K available (44846K kernel code, 11592K rwdata, 10280K rodata, 6160K init, 1312K bss, 270664K reserved, 0K cma-reserved)
[    0.208979] devtmpfs: initialized
[    0.209619] x86/mm: Memory block size: 128MB
[    0.216192] clocksource: jiffies: mask: 0xffffffff max_cycles: 0xffffffff, max_idle_ns: 1911260446275000 ns
[    0.216855] posixtimers hash table entries: 16384 (order: 6, 262144 bytes, linear)
[    0.217820] futex hash table entries: 8192 (order: 7, 524288 bytes, linear)
[    0.218231] PM: RTC time: 00:26:21, date: 2025-05-22
[    0.219614] NET: Registered PF_NETLINK/PF_ROUTE protocol family
[    0.220742] thermal_sys: Registered thermal governor 'step_wise'
[    0.220772] cpuidle: using governor menu
[    0.222583] PCI: Using configuration type 1 for base access
[    0.222852] PCI: Using configuration type 1 for extended access
[    0.223731] kprobes: kprobe jump-optimization is enabled. All kprobes are optimized if possible.
[    0.237965] HugeTLB: allocation took 0ms with hugepage_allocation_threads=8
[    0.238881] HugeTLB: registered 1.00 GiB page size, pre-allocated 0 pages
[    0.239735] HugeTLB: 16380 KiB vmemmap can be freed for a 1.00 GiB page
[    0.239852] HugeTLB: registered 2.00 MiB page size, pre-allocated 0 pages
[    0.240704] HugeTLB: 28 KiB vmemmap can be freed for a 2.00 MiB page
[    0.243210] ACPI: Added _OSI(Module Device)
[    0.243210] ACPI: Added _OSI(Processor Device)
[    0.243402] ACPI: Added _OSI(3.0 _SCP Extensions)
[    0.244852] ACPI: Added _OSI(Processor Aggregator Device)
[    0.270637] ACPI: 1 ACPI AML tables successfully acquired and loaded
[    0.274858] ACPI: Interpreter enabled
[    0.275382] ACPI: PM: (supports S0 S3 S4 S5)
[    0.275854] ACPI: Using IOAPIC for interrupt routing
[    0.276524] PCI: Using host bridge windows from ACPI; if necessary, use "pci=nocrs" and report a bug
[    0.277851] PCI: Using E820 reservations for host bridge windows
[    0.279735] ACPI: Enabled 2 GPEs in block 00 to 0F
[    0.331225] ACPI: PCI Root Bridge [PCI0] (domain 0000 [bus 00-ff])
[    0.331866] acpi PNP0A03:00: _OSC: OS supports [ExtendedConfig ASPM ClockPM Segments MSI HPX-Type3]
[    0.333378] PCI host bridge to bus 0000:00
[    0.333909] pci_bus 0000:00: root bus resource [io  0x0000-0x0cf7 window]
[    0.334751] pci_bus 0000:00: root bus resource [io  0x0d00-0xffff window]
[    0.335854] pci_bus 0000:00: root bus resource [mem 0x000a0000-0x000bffff window]
[    0.336787] pci_bus 0000:00: root bus resource [mem 0x40000000-0xfebfffff window]
[    0.337854] pci_bus 0000:00: root bus resource [mem 0x100000000-0x17fffffff window]
[    0.338807] pci_bus 0000:00: root bus resource [bus 00-ff]
[    0.338947] pci 0000:00:00.0: [8086:1237] type 00 class 0x060000 conventional PCI endpoint
[    0.340781] pci 0000:00:01.0: [8086:7000] type 00 class 0x060100 conventional PCI endpoint
[    0.342766] pci 0000:00:01.1: [8086:7010] type 00 class 0x010180 conventional PCI endpoint
[    0.344291] pci 0000:00:01.1: BAR 4 [io  0xc0c0-0xc0cf]
[    0.345870] pci 0000:00:01.1: BAR 0 [io  0x01f0-0x01f7]: legacy IDE quirk
[    0.346713] pci 0000:00:01.1: BAR 1 [io  0x03f6]: legacy IDE quirk
[    0.346851] pci 0000:00:01.1: BAR 2 [io  0x0170-0x0177]: legacy IDE quirk
[    0.347688] pci 0000:00:01.1: BAR 3 [io  0x0376]: legacy IDE quirk
[    0.349577] pci 0000:00:01.3: [8086:7113] type 00 class 0x068000 conventional PCI endpoint
[    0.350069] pci 0000:00:01.3: quirk: [io  0x0600-0x063f] claimed by PIIX4 ACPI
[    0.351856] pci 0000:00:01.3: quirk: [io  0x0700-0x070f] claimed by PIIX4 SMB
[    0.353523] pci 0000:00:02.0: [1af4:1009] type 00 class 0x000200 conventional PCI endpoint
[    0.354856] pci 0000:00:02.0: BAR 0 [io  0xc000-0xc03f]
[    0.355508] pci 0000:00:02.0: BAR 1 [mem 0xfebfc000-0xfebfcfff]
[    0.356866] pci 0000:00:02.0: BAR 4 [mem 0xfebf0000-0xfebf3fff 64bit pref]
[    0.369990] pci 0000:00:03.0: [1af4:1009] type 00 class 0x000200 conventional PCI endpoint
[    0.371856] pci 0000:00:03.0: BAR 0 [io  0xc040-0xc07f]
[    0.372520] pci 0000:00:03.0: BAR 1 [mem 0xfebfd000-0xfebfdfff]
[    0.372866] pci 0000:00:03.0: BAR 4 [mem 0xfebf4000-0xfebf7fff 64bit pref]
[    0.385915] pci 0000:00:04.0: [8086:25ab] type 00 class 0x088000 conventional PCI endpoint
[    0.387203] pci 0000:00:04.0: BAR 0 [mem 0xfebfe000-0xfebfe00f]
[    0.400921] pci 0000:00:05.0: [1af4:1003] type 00 class 0x078000 conventional PCI endpoint
[    0.402567] pci 0000:00:05.0: BAR 0 [io  0xc080-0xc0bf]
[    0.402856] pci 0000:00:05.0: BAR 1 [mem 0xfebff000-0xfebfffff]
[    0.403610] pci 0000:00:05.0: BAR 4 [mem 0xfebf8000-0xfebfbfff 64bit pref]
[    0.419524] ACPI: PCI: Interrupt link LNKA configured for IRQ 10
[    0.420859] ACPI: PCI: Interrupt link LNKB configured for IRQ 10
[    0.422592] ACPI: PCI: Interrupt link LNKC configured for IRQ 11
[    0.424836] ACPI: PCI: Interrupt link LNKD configured for IRQ 11
[    0.425256] ACPI: PCI: Interrupt link LNKS configured for IRQ 9
[    0.445490] iommu: Default domain type: Translated
[    0.446852] iommu: DMA domain TLB invalidation policy: lazy mode
[    0.448078] SCSI subsystem initialized
[    0.448899] pps_core: LinuxPPS API ver. 1 registered
[    0.449521] pps_core: Software ver. 5.3.6 - Copyright 2005-2007 Rodolfo Giometti <giometti@linux.it>
[    0.450867] PTP clock support registered
[    0.451441] Advanced Linux Sound Architecture Driver Initialized.
[    0.453002] NET: Registered PF_ATMPVC protocol family
[    0.453635] NET: Registered PF_ATMSVC protocol family
[    0.454891] PCI: Using ACPI for IRQ routing
[    0.455552] vgaarb: loaded
[    0.455971] hpet0: at MMIO 0xfed00000, IRQs 2, 8, 0
[    0.456590] hpet0: 3 comparators, 64-bit 100.000000 MHz counter
[    0.460119] clocksource: Switched to clocksource kvm-clock
[    0.461263] VFS: Disk quotas dquot_6.6.0
[    0.461770] VFS: Dquot-cache hash table entries: 512 (order 0, 4096 bytes)
[    0.463403] pnp: PnP ACPI init
[    0.466321] pnp: PnP ACPI: found 5 devices
[    0.478204] clocksource: acpi_pm: mask: 0xffffff max_cycles: 0xffffff, max_idle_ns: 2085701024 ns
[    0.479368] NET: Registered PF_INET protocol family
[    0.480114] IP idents hash table entries: 16384 (order: 5, 131072 bytes, linear)
[    0.481412] tcp_listen_portaddr_hash hash table entries: 512 (order: 1, 8192 bytes, linear)
[    0.482453] Table-perturb hash table entries: 65536 (order: 6, 262144 bytes, linear)
[    0.483434] TCP established hash table entries: 8192 (order: 4, 65536 bytes, linear)
[    0.484397] TCP bind hash table entries: 8192 (order: 6, 262144 bytes, linear)
[    0.485299] TCP: Hash tables configured (established 8192 bind 8192)
[    0.486250] UDP hash table entries: 512 (order: 3, 32768 bytes, linear)
[    0.487099] UDP-Lite hash table entries: 512 (order: 3, 32768 bytes, linear)
[    0.488200] NET: Registered PF_UNIX/PF_LOCAL protocol family
[    0.488922] pci_bus 0000:00: resource 4 [io  0x0000-0x0cf7 window]
[    0.489686] pci_bus 0000:00: resource 5 [io  0x0d00-0xffff window]
[    0.490443] pci_bus 0000:00: resource 6 [mem 0x000a0000-0x000bffff window]
[    0.491292] pci_bus 0000:00: resource 7 [mem 0x40000000-0xfebfffff window]
[    0.492142] pci_bus 0000:00: resource 8 [mem 0x100000000-0x17fffffff window]
[    0.493222] pci 0000:00:01.0: PIIX3: Enabling Passive Release
[    0.493939] pci 0000:00:00.0: Limiting direct PCI/PCI transfers
[    0.494708] PCI: CLS 0 bytes, default 64
[    0.495307] kvm_intel: VMX not supported by CPU 14
[    0.496057] kvm_amd: TSC scaling supported
[    0.496563] kvm_amd: Nested Virtualization enabled
[    0.497161] kvm_amd: Nested Paging enabled
[    0.497673] kvm_amd: LBR virtualization supported
[    0.498262] kvm_amd: Virtual GIF supported
[    0.498771] kvm_amd: Virtual NMI enabled
[    0.533446] clocksource: tsc: mask: 0xffffffffffffffff max_cycles: 0x40be463295d, max_idle_ns: 440795209293 ns
[    0.552914] Initialise system trusted keyrings
[    0.553752] workingset: timestamp_bits=56 max_order=18 bucket_order=0
[    0.554680] squashfs: version 4.0 (2009/01/31) Phillip Lougher
[    0.555428] fuse: init (API version 7.43)
[    0.556076] 9p: Installing v9fs 9p2000 file system support
[    0.565846] Key type asymmetric registered
[    0.566361] Asymmetric key parser 'x509' registered
[    0.567043] Block layer SCSI generic (bsg) driver version 0.4 loaded (major 249)
[    0.568005] io scheduler mq-deadline registered
[    0.568568] io scheduler kyber registered
[    0.570970] input: Power Button as /devices/LNXSYSTM:00/LNXPWRBN:00/input/input0
[    0.572146] ACPI: button: Power Button [PWRF]
[    0.574111] Warning: Processor Platform Limit event detected, but not handled.
[    0.575026] Consider compiling CPUfreq support into your kernel.
[    1.481173] ACPI: \_SB_.LNKB: Enabled at IRQ 10
[    2.381183] ACPI: \_SB_.LNKC: Enabled at IRQ 11
[    3.281340] ACPI: \_SB_.LNKA: Enabled at IRQ 10
[    3.282763] Serial: 8250/16550 driver, 4 ports, IRQ sharing enabled
[    3.283884] 00:03: ttyS0 at I/O 0x3f8 (irq = 4, base_baud = 115200) is a 16550A
[    3.305927] Non-volatile memory driver v1.3
[    3.306469] Linux agpgart interface v0.103
[    3.307229] ACPI: bus type drm_connector registered
[    3.307862] printk: legacy console [hvc0] enabled
[    3.308466] printk: legacy bootconsole [earlyser0] disabled
          _      _                                    
   __   _(_)_ __| |_ _ __ ___   ___       _ __   __ _ 
   \ \ / / |  __| __|  _   _ \ / _ \_____|  _ \ / _  |
    \ V /| | |  | |_| | | | | |  __/_____| | | | (_| |
     \_/ |_|_|   \__|_| |_| |_|\___|     |_| |_|\__  |
                                                |___/ 
   kernel version: 6.15.0-rc6-virtme x86_64
   (CTRL+d to exit)

root@virtme-ng:/nipa-data/kernel# PS1='xx__-> '
xx__-> env
PWD=/nipa-data/kernel
nr_open=1048576
HOME=/
TERM=xterm
SHLVL=2
XDG_RUNTIME_DIR=/run/user/0
PATH=/bin:/sbin:/usr/bin:/usr/sbin:/usr/local/bin
OLDPWD=/
_=/bin/env
xx__-> 