No EFI environment detected.
early console in extract_kernel
input_data: 0x0000000004cb52c4
input_len: 0x000000000187183f
output: 0x0000000001000000
output_len: 0x00000000054b195c
kernel_total_size: 0x0000000005030000
needed_size: 0x0000000005600000
trampoline_32bit: 0x000000000009d000
Physical KASLR using RDRAND RDTSC...
Virtual KASLR using RDRAND RDTSC...

Decompressing Linux... Parsing ELF... Performing relocations... done.
Booting the kernel (entry_offset: 0x0000000000000000).
[    0.000000] Linux version 6.10.0-rc7-virtme (root@22ea09baf8dc) (gcc (Ubuntu 13.2.0-23ubuntu4) 13.2.0, GNU ld (GNU Binutils for Ubuntu) 2.42) #1 SMP PREEMPT_DYNAMIC Mon Jul 15 15:27:34 UTC 2024
[    0.000000] Command line: virtme_hostname=virtme-ng nr_open=1048576 virtme_link_mods=/nipa-data/kernel/.virtme_mods/lib/modules/0.0.0 virtme_initmount0=nipa-data/kernel virtme_rw_overlay0=/etc virtme_rw_overlay1=/lib virtme_rw_overlay2=/home virtme_rw_overlay3=/opt virtme_rw_overlay4=/srv virtme_rw_overlay5=/usr virtme_rw_overlay6=/var console=hvc0 earlyprintk=serial,ttyS0,115200 virtme_console=ttyS0 psmouse.proto=exps TERM=xterm virtme_chdir=nipa-data/kernel virtme_root_user=1 rootfstype=9p rootflags=version=9p2000.L,trans=virtio,access=any raid=noautodetect ro init=/usr/lib/python3/dist-packages/virtme/guest/virtme-init
[    0.000000] x86/split lock detection: #DB: warning on user-space bus_locks
[    0.000000] BIOS-provided physical RAM map:
[    0.000000] BIOS-e820: [mem 0x0000000000000000-0x000000000009fbff] usable
[    0.000000] BIOS-e820: [mem 0x000000000009fc00-0x000000000009ffff] reserved
[    0.000000] BIOS-e820: [mem 0x00000000000f0000-0x00000000000fffff] reserved
[    0.000000] BIOS-e820: [mem 0x0000000000100000-0x000000003ffdffff] usable
[    0.000000] BIOS-e820: [mem 0x000000003ffe0000-0x000000003fffffff] reserved
[    0.000000] BIOS-e820: [mem 0x00000000feffc000-0x00000000feffffff] reserved
[    0.000000] BIOS-e820: [mem 0x00000000fffc0000-0x00000000ffffffff] reserved
[    0.000000] printk: legacy bootconsole [earlyser0] enabled
[    0.000000] NX (Execute Disable) protection: active
[    0.000000] APIC: Static calls initialized
[    0.000000] SMBIOS 3.0.0 present.
[    0.000000] DMI: QEMU Ubuntu 24.04 PC (i440FX + PIIX, 1996), BIOS 1.16.3-debian-1.16.3-2 04/01/2014
[    0.000000] DMI: Memory slots populated: 1/1
[    0.000000] Hypervisor detected: KVM
[    0.000000] kvm-clock: Using msrs 4b564d01 and 4b564d00
[    0.000001] kvm-clock: using sched offset of 1198308423 cycles
[    0.000754] clocksource: kvm-clock: mask: 0xffffffffffffffff max_cycles: 0x1cd42e4dffb, max_idle_ns: 881590591483 ns
[    0.003078] tsc: Detected 2000.000 MHz processor
[    0.004377] last_pfn = 0x3ffe0 max_arch_pfn = 0x10000000000
[    0.005229] MTRR map: 4 entries (3 fixed + 1 variable; max 19), built from 8 variable MTRRs
[    0.006419] x86/PAT: Configuration [0-7]: WB  WC  UC- UC  WB  WP  UC- WT  
[    0.012880] found SMP MP-table at [mem 0x000f5470-0x000f547f]
[    0.013716] Using GB pages for direct mapping
[    0.014555] ACPI: Early table checksum verification disabled
[    0.015364] ACPI: RSDP 0x00000000000F5290 000014 (v00 BOCHS )
[    0.016191] ACPI: RSDT 0x000000003FFE308E 000034 (v01 BOCHS  BXPC     00000001 BXPC 00000001)
[    0.017413] ACPI: FACP 0x000000003FFE2D8A 000074 (v01 BOCHS  BXPC     00000001 BXPC 00000001)
[    0.018635] ACPI: DSDT 0x000000003FFE0040 002D4A (v01 BOCHS  BXPC     00000001 BXPC 00000001)
[    0.019853] ACPI: FACS 0x000000003FFE0000 000040
[    0.020520] ACPI: APIC 0x000000003FFE2DFE 000230 (v03 BOCHS  BXPC     00000001 BXPC 00000001)
[    0.021738] ACPI: HPET 0x000000003FFE302E 000038 (v01 BOCHS  BXPC     00000001 BXPC 00000001)
[    0.022952] ACPI: WAET 0x000000003FFE3066 000028 (v01 BOCHS  BXPC     00000001 BXPC 00000001)
[    0.024165] ACPI: Reserving FACP table memory at [mem 0x3ffe2d8a-0x3ffe2dfd]
[    0.025167] ACPI: Reserving DSDT table memory at [mem 0x3ffe0040-0x3ffe2d89]
[    0.026167] ACPI: Reserving FACS table memory at [mem 0x3ffe0000-0x3ffe003f]
[    0.027176] ACPI: Reserving APIC table memory at [mem 0x3ffe2dfe-0x3ffe302d]
[    0.028174] ACPI: Reserving HPET table memory at [mem 0x3ffe302e-0x3ffe3065]
[    0.029176] ACPI: Reserving WAET table memory at [mem 0x3ffe3066-0x3ffe308d]
[    0.030671] No NUMA configuration found
[    0.031216] Faking a node at [mem 0x0000000000000000-0x000000003ffdffff]
[    0.032168] NODE_DATA(0) allocated [mem 0x3ffdb000-0x3ffdffff]
[    0.033157] Zone ranges:
[    0.033518]   DMA      [mem 0x0000000000001000-0x0000000000ffffff]
[    0.034397]   DMA32    [mem 0x0000000001000000-0x000000003ffdffff]
[    0.035274]   Normal   empty
[    0.035685]   Device   empty
[    0.036096] Movable zone start for each node
[    0.036706] Early memory node ranges
[    0.037212]   node   0: [mem 0x0000000000001000-0x000000000009efff]
[    0.038102]   node   0: [mem 0x0000000000100000-0x000000003ffdffff]
[    0.038990] Initmem setup node 0 [mem 0x0000000000001000-0x000000003ffdffff]
[    0.039995] On node 0, zone DMA: 1 pages in unavailable ranges
[    0.040925] On node 0, zone DMA: 97 pages in unavailable ranges
[    0.050439] On node 0, zone DMA32: 32 pages in unavailable ranges
[    0.084170] kasan: KernelAddressSanitizer initialized
[    0.085439] ACPI: PM-Timer IO Port: 0x608
[    0.086040] ACPI: LAPIC_NMI (acpi_id[0xff] dfl dfl lint[0x1])
[    0.086912] IOAPIC[0]: apic_id 0, version 17, address 0xfec00000, GSI 0-23
[    0.087899] ACPI: INT_SRC_OVR (bus 0 bus_irq 0 global_irq 2 dfl dfl)
[    0.088806] ACPI: INT_SRC_OVR (bus 0 bus_irq 5 global_irq 5 high level)
[    0.089742] ACPI: INT_SRC_OVR (bus 0 bus_irq 9 global_irq 9 high level)
[    0.090677] ACPI: INT_SRC_OVR (bus 0 bus_irq 10 global_irq 10 high level)
[    0.091636] ACPI: INT_SRC_OVR (bus 0 bus_irq 11 global_irq 11 high level)
[    0.092608] ACPI: Using ACPI (MADT) for SMP configuration information
[    0.093517] ACPI: HPET id: 0x8086a201 base: 0xfed00000
[    0.094247] TSC deadline timer available
[    0.094809] CPU topo: Max. logical packages:   1
[    0.095461] CPU topo: Max. logical dies:       1
[    0.096112] CPU topo: Max. dies per package:   1
[    0.096772] CPU topo: Max. threads per core:   1
[    0.097425] CPU topo: Num. cores per package:    56
[    0.098114] CPU topo: Num. threads per package:  56
[    0.098803] CPU topo: Allowing 56 present CPUs plus 0 hotplug CPUs
[    0.099707] kvm-guest: APIC: eoi() replaced with kvm_guest_apic_eoi_write()
[    0.100805] kvm-guest: KVM setup pv remote TLB flush
[    0.101514] kvm-guest: setup PV sched yield
[    0.102114] PM: hibernation: Registered nosave memory: [mem 0x00000000-0x00000fff]
[    0.103185] PM: hibernation: Registered nosave memory: [mem 0x0009f000-0x0009ffff]
[    0.104255] PM: hibernation: Registered nosave memory: [mem 0x000a0000-0x000effff]
[    0.105330] PM: hibernation: Registered nosave memory: [mem 0x000f0000-0x000fffff]
[    0.106402] [mem 0x40000000-0xfeffbfff] available for PCI devices
[    0.107264] Booting paravirtualized kernel on KVM
[    0.107928] clocksource: refined-jiffies: mask: 0xffffffff max_cycles: 0xffffffff, max_idle_ns: 1910969940391419 ns
[    0.130575] setup_percpu: NR_CPUS:64 nr_cpumask_bits:56 nr_cpu_ids:56 nr_node_ids:1
[    0.140997] percpu: Embedded 70 pages/cpu s248536 r8192 d29992 u524288
[    0.142138] Kernel command line: virtme_hostname=virtme-ng nr_open=1048576 virtme_link_mods=/nipa-data/kernel/.virtme_mods/lib/modules/0.0.0 virtme_initmount0=nipa-data/kernel virtme_rw_overlay0=/etc virtme_rw_overlay1=/lib virtme_rw_overlay2=/home virtme_rw_overlay3=/opt virtme_rw_overlay4=/srv virtme_rw_overlay5=/usr virtme_rw_overlay6=/var console=hvc0 earlyprintk=serial,ttyS0,115200 virtme_console=ttyS0 psmouse.proto=exps TERM=xterm virtme_chdir=nipa-data/kernel virtme_root_user=1 rootfstype=9p rootflags=version=9p2000.L,trans=virtio,access=any raid=noautodetect ro init=/usr/lib/python3/dist-packages/virtme/guest/virtme-init
[    0.150442] Unknown kernel command line parameters "virtme_hostname=virtme-ng nr_open=1048576 virtme_link_mods=/nipa-data/kernel/.virtme_mods/lib/modules/0.0.0 virtme_initmount0=nipa-data/kernel virtme_rw_overlay0=/etc virtme_rw_overlay1=/lib virtme_rw_overlay2=/home virtme_rw_overlay3=/opt virtme_rw_overlay4=/srv virtme_rw_overlay5=/usr virtme_rw_overlay6=/var virtme_console=ttyS0 virtme_chdir=nipa-data/kernel virtme_root_user=1", will be passed to user space.
[    0.156322] random: crng init done
[    0.156819] printk: log_buf_len individual max cpu contribution: 4096 bytes
[    0.157819] printk: log_buf_len total cpu_extra contributions: 225280 bytes
[    0.158819] printk: log_buf_len min size: 262144 bytes
[    0.160391] printk: log_buf_len: 524288 bytes
[    0.161046] printk: early log buf free: 253864(96%)
[    0.162200] Dentry cache hash table entries: 131072 (order: 8, 1048576 bytes, linear)
[    0.163397] Inode-cache hash table entries: 65536 (order: 7, 524288 bytes, linear)
[    0.167090] Fallback order for Node 0: 0 
[    0.167106] Built 1 zonelists, mobility grouping on.  Total pages: 262014
[    0.168621] Policy zone: DMA32
[    0.169039] mem auto-init: stack:all(zero), heap alloc:off, heap free:off
[    0.169962] stackdepot: allocating hash table via alloc_large_system_hash
[    0.170889] stackdepot hash table entries: 1048576 (order: 12, 16777216 bytes, linear)
[    0.195042] Memory: 767456K/1048056K available (45056K kernel code, 11219K rwdata, 9856K rodata, 5920K init, 2128K bss, 280400K reserved, 0K cma-reserved)
[    0.197488] SLUB: HWalign=64, Order=0-3, MinObjects=0, CPUs=56, Nodes=1
Poking KASLR using RDRAND RDTSC...
[    0.198972] ftrace: allocating 48052 entries in 188 pages
[    0.218525] ftrace: allocated 188 pages with 5 groups
[    0.221133] Dynamic Preempt: voluntary
[    0.223666] rcu: Preemptible hierarchical RCU implementation.
[    0.224466] rcu: RCU event tracing is enabled.
[    0.225086] rcu: RCU restricting CPUs from NR_CPUS=64 to nr_cpu_ids=56.
[    0.226004] Trampoline variant of Tasks RCU enabled.
[    0.226693] Rude variant of Tasks RCU enabled.
[    0.227311] Tracing variant of Tasks RCU enabled.
[    0.227966] rcu: RCU calculated value of scheduler-enlistment delay is 100 jiffies.
[    0.229014] rcu: Adjusting geometry for rcu_fanout_leaf=16, nr_cpu_ids=56
[    0.230237] RCU Tasks: Setting shift to 6 and lim to 1 rcu_task_cb_adjust=1.
[    0.231203] RCU Tasks Rude: Setting shift to 6 and lim to 1 rcu_task_cb_adjust=1.
[    0.232224] RCU Tasks Trace: Setting shift to 6 and lim to 1 rcu_task_cb_adjust=1.
[    0.253358] NR_IRQS: 4352, nr_irqs: 872, preallocated irqs: 16
[    0.254710] rcu: srcu_init: Setting srcu_struct sizes based on contention.
[    0.256116] Console: colour *CGA 80x25
[    0.256771] ACPI: Core revision 20240322
[    0.257672] clocksource: hpet: mask: 0xffffffff max_cycles: 0xffffffff, max_idle_ns: 19112604467 ns
[    0.259055] APIC: Switch to symmetric I/O mode setup
[    0.259919] APIC: Switched APIC routing to: physical flat
[    0.260762] kvm-guest: APIC: send_IPI_mask() replaced with kvm_send_ipi_mask()
[    0.261819] kvm-guest: APIC: send_IPI_mask_allbutself() replaced with kvm_send_ipi_mask_allbutself()
[    0.263666] kvm-guest: setup PV IPIs
[    0.265991] ..TIMER: vector=0x30 apic1=0 pin1=2 apic2=-1 pin2=-1
[    0.267907] clocksource: tsc-early: mask: 0xffffffffffffffff max_cycles: 0x39a85c9bff6, max_idle_ns: 881590591483 ns
[    0.270826] Calibrating delay loop (skipped) preset value.. 4000.00 BogoMIPS (lpj=2000000)
[    0.272040] x86/cpu: User Mode Instruction Prevention (UMIP) activated
[    0.272969] Last level iTLB entries: 4KB 0, 2MB 0, 4MB 0
[    0.273818] Last level dTLB entries: 4KB 0, 2MB 0, 4MB 0, 1GB 0
[    0.274841] Spectre V1 : Mitigation: usercopy/swapgs barriers and __user pointer sanitization
[    0.275838] Spectre V2 : Spectre BHI mitigation: SW BHB clearing on vm exit
[    0.276822] Spectre V2 : Spectre BHI mitigation: SW BHB clearing on syscall
[    0.277818] Spectre V2 : Mitigation: Enhanced / Automatic IBRS
[    0.278819] Spectre V2 : Spectre v2 / SpectreRSB mitigation: Filling RSB on context switch
[    0.279818] Spectre V2 : Spectre v2 / PBRSB-eIBRS: Retire a single CALL on VMEXIT
[    0.280826] Spectre V2 : mitigation: Enabling conditional Indirect Branch Prediction Barrier
[    0.281823] Speculative Store Bypass: Mitigation: Speculative Store Bypass disabled via prctl
[    0.282819] TAA: Mitigation: TSX disabled
[    0.283904] x86/fpu: Supporting XSAVE feature 0x001: 'x87 floating point registers'
[    0.284818] x86/fpu: Supporting XSAVE feature 0x002: 'SSE registers'
[    0.285818] x86/fpu: Supporting XSAVE feature 0x004: 'AVX registers'
[    0.286818] x86/fpu: Supporting XSAVE feature 0x020: 'AVX-512 opmask'
[    0.287818] x86/fpu: Supporting XSAVE feature 0x040: 'AVX-512 Hi256'
[    0.288818] x86/fpu: Supporting XSAVE feature 0x080: 'AVX-512 ZMM_Hi256'
[    0.289818] x86/fpu: Supporting XSAVE feature 0x200: 'Protection Keys User registers'
[    0.290818] x86/fpu: Supporting XSAVE feature 0x20000: 'AMX Tile config'
[    0.291818] x86/fpu: Supporting XSAVE feature 0x40000: 'AMX Tile data'
[    0.292819] x86/fpu: xstate_offset[2]:  576, xstate_sizes[2]:  256
[    0.293818] x86/fpu: xstate_offset[5]:  832, xstate_sizes[5]:   64
[    0.294818] x86/fpu: xstate_offset[6]:  896, xstate_sizes[6]:  512
[    0.295818] x86/fpu: xstate_offset[7]: 1408, xstate_sizes[7]: 1024
[    0.296818] x86/fpu: xstate_offset[9]: 2432, xstate_sizes[9]:    8
[    0.297818] x86/fpu: xstate_offset[17]: 2496, xstate_sizes[17]:   64
[    0.298818] x86/fpu: xstate_offset[18]: 2560, xstate_sizes[18]: 8192
[    0.299818] x86/fpu: Enabled xstate features 0x602e7, context size is 10752 bytes, using 'compacted' format.
[    0.344695] Freeing SMP alternatives memory: 40K
[    0.344820] pid_max: default: 57344 minimum: 448
[    0.347046] Mount-cache hash table entries: 2048 (order: 2, 16384 bytes, linear)
[    0.347822] Mountpoint-cache hash table entries: 2048 (order: 2, 16384 bytes, linear)
[    0.350373] smpboot: CPU0: Intel(R) Xeon(R) Platinum 8480+ (family: 0x6, model: 0x8f, stepping: 0x6)
[    0.351646] Performance Events: PEBS fmt0-, Sapphire Rapids events, full-width counters, Intel PMU driver.
[    0.351825] ... version:                2
[    0.352613] ... bit width:              48
[    0.352821] ... generic registers:      8
[    0.353615] ... value mask:             0000ffffffffffff
[    0.353820] ... max period:             00007fffffffffff
[    0.354820] ... fixed-purpose events:   3
[    0.355614] ... event mask:             00000007000000ff
[    0.356153] signal: max sigframe size: 11952
[    0.356888] rcu: Hierarchical SRCU implementation.
[    0.357821] rcu: Max phase no-delay instances is 400.
[    0.361534] smp: Bringing up secondary CPUs ...
[    0.362114] smpboot: x86: Booting SMP configuration:
[    0.362825] .... node  #0, CPUs:        #1  #2  #3  #4  #5  #6  #7  #8  #9 #10 #11 #12 #13 #14 #15 #16 #17 #18 #19 #20 #21 #22 #23 #24 #25 #26 #27 #28 #29 #30 #31 #32 #33 #34 #35 #36 #37 #38 #39 #40 #41 #42 #43 #44 #45 #46 #47 #48 #49 #50 #51 #52 #53 #54 #55
[    0.425422] smp: Brought up 1 node, 56 CPUs
[    0.426654] smpboot: Total of 56 processors activated (224000.00 BogoMIPS)
[    0.444002] devtmpfs: initialized
[    0.445081] x86/mm: Memory block size: 128MB
[    0.455223] clocksource: jiffies: mask: 0xffffffff max_cycles: 0xffffffff, max_idle_ns: 1911260446275000 ns
[    0.455963] futex hash table entries: 16384 (order: 8, 1048576 bytes, linear)
[    0.457822] PM: RTC time: 15:28:19, date: 2024-07-15
[    0.461906] NET: Registered PF_NETLINK/PF_ROUTE protocol family
[    0.463997] thermal_sys: Registered thermal governor 'step_wise'
[    0.464002] thermal_sys: Registered thermal governor 'user_space'
[    0.464896] cpuidle: using governor menu
[    0.469373] PCI: Using configuration type 1 for base access
[    0.470022] kprobes: kprobe jump-optimization is enabled. All kprobes are optimized if possible.
[    0.518449] HugeTLB: registered 1.00 GiB page size, pre-allocated 0 pages
[    0.520829] HugeTLB: 16380 KiB vmemmap can be freed for a 1.00 GiB page
[    0.521823] HugeTLB: registered 2.00 MiB page size, pre-allocated 0 pages
[    0.523821] HugeTLB: 28 KiB vmemmap can be freed for a 2.00 MiB page
[    0.525846] Demotion targets for Node 0: null
[    0.528028] ACPI: Added _OSI(Module Device)
[    0.528822] ACPI: Added _OSI(Processor Device)
[    0.529821] ACPI: Added _OSI(3.0 _SCP Extensions)
[    0.530822] ACPI: Added _OSI(Processor Aggregator Device)
[    0.562235] ACPI: 1 ACPI AML tables successfully acquired and loaded
[    0.568053] ACPI: _OSC evaluation for CPUs failed, trying _PDC
[    0.573883] ACPI: Interpreter enabled
[    0.574728] ACPI: PM: (supports S0 S3 S4 S5)
[    0.574817] ACPI: Using IOAPIC for interrupt routing
[    0.576889] PCI: Using host bridge windows from ACPI; if necessary, use "pci=nocrs" and report a bug
[    0.578821] PCI: Using E820 reservations for host bridge windows
[    0.581275] ACPI: Enabled 2 GPEs in block 00 to 0F
[    0.642942] ACPI: PCI Root Bridge [PCI0] (domain 0000 [bus 00-ff])
[    0.643838] acpi PNP0A03:00: _OSC: OS supports [ASPM ClockPM Segments MSI HPX-Type3]
[    0.644822] acpi PNP0A03:00: _OSC: not requesting OS control; OS requires [ExtendedConfig ASPM ClockPM MSI]
[    0.646955] acpi PNP0A03:00: fail to add MMCONFIG information, can't access extended configuration space under this bridge
[    0.649269] PCI host bridge to bus 0000:00
[    0.650824] pci_bus 0000:00: root bus resource [io  0x0000-0x0cf7 window]
[    0.651824] pci_bus 0000:00: root bus resource [io  0x0d00-0xffff window]
[    0.652824] pci_bus 0000:00: root bus resource [mem 0x000a0000-0x000bffff window]
[    0.654824] pci_bus 0000:00: root bus resource [mem 0x40000000-0xfebfffff window]
[    0.655823] pci_bus 0000:00: root bus resource [mem 0x100000000-0x17fffffff window]
[    0.656824] pci_bus 0000:00: root bus resource [bus 00-ff]
[    0.657947] pci 0000:00:00.0: [8086:1237] type 00 class 0x060000 conventional PCI endpoint
[    0.661054] pci 0000:00:01.0: [8086:7000] type 00 class 0x060100 conventional PCI endpoint
[    0.663190] pci 0000:00:01.1: [8086:7010] type 00 class 0x010180 conventional PCI endpoint
[    0.668127] pci 0000:00:01.1: BAR 4 [io  0xc0c0-0xc0cf]
[    0.670182] pci 0000:00:01.1: BAR 0 [io  0x01f0-0x01f7]: legacy IDE quirk
[    0.670821] pci 0000:00:01.1: BAR 1 [io  0x03f6]: legacy IDE quirk
[    0.672821] pci 0000:00:01.1: BAR 2 [io  0x0170-0x0177]: legacy IDE quirk
[    0.673820] pci 0000:00:01.1: BAR 3 [io  0x0376]: legacy IDE quirk
[    0.676835] pci 0000:00:01.3: [8086:7113] type 00 class 0x068000 conventional PCI endpoint
[    0.678420] pci 0000:00:01.3: quirk: [io  0x0600-0x063f] claimed by PIIX4 ACPI
[    0.679830] pci 0000:00:01.3: quirk: [io  0x0700-0x070f] claimed by PIIX4 SMB
[    0.681849] pci 0000:00:02.0: [1af4:1009] type 00 class 0x000200 conventional PCI endpoint
[    0.685832] pci 0000:00:02.0: BAR 0 [io  0xc000-0xc03f]
[    0.686817] pci 0000:00:02.0: BAR 1 [mem 0xfebfc000-0xfebfcfff]
[    0.692824] pci 0000:00:02.0: BAR 4 [mem 0xfebf0000-0xfebf3fff 64bit pref]
[    0.709897] pci 0000:00:03.0: [1af4:1009] type 00 class 0x000200 conventional PCI endpoint
[    0.712698] pci 0000:00:03.0: BAR 0 [io  0xc040-0xc07f]
[    0.714677] pci 0000:00:03.0: BAR 1 [mem 0xfebfd000-0xfebfdfff]
[    0.719827] pci 0000:00:03.0: BAR 4 [mem 0xfebf4000-0xfebf7fff 64bit pref]
[    0.734553] pci 0000:00:04.0: [8086:25ab] type 00 class 0x088000 conventional PCI endpoint
[    0.736226] pci 0000:00:04.0: BAR 0 [mem 0xfebfe000-0xfebfe00f]
[    0.752391] pci 0000:00:05.0: [1af4:1003] type 00 class 0x078000 conventional PCI endpoint
[    0.754699] pci 0000:00:05.0: BAR 0 [io  0xc080-0xc0bf]
[    0.756717] pci 0000:00:05.0: BAR 1 [mem 0xfebff000-0xfebfffff]
[    0.760825] pci 0000:00:05.0: BAR 4 [mem 0xfebf8000-0xfebfbfff 64bit pref]
[    0.781256] ACPI: PCI: Interrupt link LNKA configured for IRQ 10
[    0.782897] ACPI: PCI: Interrupt link LNKB configured for IRQ 10
[    0.784874] ACPI: PCI: Interrupt link LNKC configured for IRQ 11
[    0.787149] ACPI: PCI: Interrupt link LNKD configured for IRQ 11
[    0.789259] ACPI: PCI: Interrupt link LNKS configured for IRQ 9
[    0.825460] iommu: Default domain type: Translated
[    0.826823] iommu: DMA domain TLB invalidation policy: lazy mode
[    0.828413] SCSI subsystem initialized
[    0.830107] pps_core: LinuxPPS API ver. 1 registered
[    0.830823] pps_core: Software ver. 5.3.6 - Copyright 2005-2007 Rodolfo Giometti <giometti@linux.it>
[    0.832838] PTP clock support registered
[    0.834983] Advanced Linux Sound Architecture Driver Initialized.
[    0.838804] NET: Registered PF_ATMPVC protocol family
[    0.839821] NET: Registered PF_ATMSVC protocol family
[    0.840851] PCI: Using ACPI for IRQ routing
[    0.842928] vgaarb: loaded
[    0.844033] hpet0: at MMIO 0xfed00000, IRQs 2, 8, 0
[    0.844821] hpet0: 3 comparators, 64-bit 100.000000 MHz counter
[    0.851266] clocksource: Switched to clocksource kvm-clock
[    0.852693] VFS: Disk quotas dquot_6.6.0
[    0.853532] VFS: Dquot-cache hash table entries: 512 (order 0, 4096 bytes)
[    0.855836] pnp: PnP ACPI init
[    0.859266] pnp: PnP ACPI: found 5 devices
[    0.884094] clocksource: acpi_pm: mask: 0xffffff max_cycles: 0xffffff, max_idle_ns: 2085701024 ns
[    0.886042] NET: Registered PF_INET protocol family
[    0.887112] IP idents hash table entries: 16384 (order: 5, 131072 bytes, linear)
[    0.889341] tcp_listen_portaddr_hash hash table entries: 512 (order: 1, 8192 bytes, linear)
[    0.891027] Table-perturb hash table entries: 65536 (order: 6, 262144 bytes, linear)
[    0.892621] TCP established hash table entries: 8192 (order: 4, 65536 bytes, linear)
[    0.894196] TCP bind hash table entries: 8192 (order: 6, 262144 bytes, linear)
[    0.895676] TCP: Hash tables configured (established 8192 bind 8192)
[    0.897295] UDP hash table entries: 512 (order: 2, 16384 bytes, linear)
[    0.898623] UDP-Lite hash table entries: 512 (order: 2, 16384 bytes, linear)
[    0.900468] NET: Registered PF_UNIX/PF_LOCAL protocol family
[    0.901629] pci_bus 0000:00: resource 4 [io  0x0000-0x0cf7 window]
[    0.902868] pci_bus 0000:00: resource 5 [io  0x0d00-0xffff window]
[    0.904114] pci_bus 0000:00: resource 6 [mem 0x000a0000-0x000bffff window]
[    0.905479] pci_bus 0000:00: resource 7 [mem 0x40000000-0xfebfffff window]
[    0.906859] pci_bus 0000:00: resource 8 [mem 0x100000000-0x17fffffff window]
[    0.908518] pci 0000:00:01.0: PIIX3: Enabling Passive Release
[    0.909682] pci 0000:00:00.0: Limiting direct PCI/PCI transfers
[    0.910967] PCI: CLS 0 bytes, default 64
[    0.930023] RAPL PMU: API unit is 2^-32 Joules, 1 fixed counters, 10737418240 ms ovfl timer
[    0.931917] RAPL PMU: hw unit of domain psys 2^-0 Joules
[    1.274557] kwatchdog (374) used greatest stack depth: 30696 bytes left
[    1.516166] kvm_amd: CPU 14 isn't AMD or Hygon
[    1.517080] clocksource: tsc: mask: 0xffffffffffffffff max_cycles: 0x39a85c9bff6, max_idle_ns: 881590591483 ns
[    1.663353] Initialise system trusted keyrings
[    1.665142] workingset: timestamp_bits=56 max_order=18 bucket_order=0
[    1.666881] squashfs: version 4.0 (2009/01/31) Phillip Lougher
[    1.668114] fuse: init (API version 7.40)
[    1.669641] 9p: Installing v9fs 9p2000 file system support
[    1.689675] Key type asymmetric registered
[    1.690525] Asymmetric key parser 'x509' registered
[    1.691611] Block layer SCSI generic (bsg) driver version 0.4 loaded (major 249)
[    1.693165] io scheduler mq-deadline registered
[    1.694083] io scheduler kyber registered
[    1.712483] input: Power Button as /devices/LNXSYSTM:00/LNXPWRBN:00/input/input0
[    1.714773] ACPI: button: Power Button [PWRF]
[    1.716058] Warning: Processor Platform Limit event detected, but not handled.
[    1.717555] Consider compiling CPUfreq support into your kernel.
[    2.599074] ACPI: \_SB_.LNKB: Enabled at IRQ 10
[    3.472139] ACPI: \_SB_.LNKC: Enabled at IRQ 11
[    3.979580] ACPI: \_SB_.LNKA: Enabled at IRQ 10
[    3.981241] Serial: 8250/16550 driver, 4 ports, IRQ sharing enabled
[    3.982149] 00:03: ttyS0 at I/O 0x3f8 (irq = 4, base_baud = 115200) is a 16550A
[    4.007999] Non-volatile memory driver v1.3
[    4.008566] Linux agpgart interface v0.103
[    4.009167] ACPI: bus type drm_connector registered
[    4.009869] printk: legacy console [hvc0] enabled
[    4.010886] printk: legacy bootconsole [earlyser0] disabled
          _      _                                    
   __   _(_)_ __| |_ _ __ ___   ___       _ __   __ _ 
   \ \ / / |  __| __|  _   _ \ / _ \_____|  _ \ / _  |
    \ V /| | |  | |_| | | | | |  __/_____| | | | (_| |
     \_/ |_|_|   \__|_| |_| |_|\___|     |_| |_|\__  |
                                                |___/ 
   kernel version: 6.10.0-rc7-virtme x86_64
   (CTRL+d to exit)

root@virtme-ng:/nipa-data/kernel# PS1='xx__-> '
xx__-> env
PWD=/nipa-data/kernel
nr_open=1048576
HOME=/
TERM=xterm
SHLVL=2
XDG_RUNTIME_DIR=/run/user/0
PATH=/bin:/sbin:/usr/bin:/usr/sbin:/usr/local/bin
OLDPWD=/
_=/bin/env
xx__-> 