No EFI environment detected.
early console in extract_kernel
input_data: 0x0000000002be72c4
input_len: 0x0000000000b568cb
output: 0x0000000001000000
output_len: 0x00000000026f5e7c
kernel_total_size: 0x0000000002430000
needed_size: 0x0000000002800000
trampoline_32bit: 0x000000000009d000
Physical KASLR using RDRAND RDTSC...
Virtual KASLR using RDRAND RDTSC...

Decompressing Linux... Parsing ELF... Performing relocations... done.
Booting the kernel (entry_offset: 0x0000000000000000).
[    0.000000] Linux version 6.11.0-rc1-virtme (root@532d334a73a7) (gcc (Ubuntu 13.2.0-23ubuntu4) 13.2.0, GNU ld (GNU Binutils for Ubuntu) 2.42) #1 SMP PREEMPT_DYNAMIC Sun Aug  4 21:07:14 UTC 2024
[    0.000000] Command line: virtme_hostname=virtme-ng nr_open=1048576 virtme_link_mods=/nipa-data/kernel/.virtme_mods/lib/modules/0.0.0 virtme_initmount0=nipa-data/kernel virtme_rw_overlay0=/etc virtme_rw_overlay1=/lib virtme_rw_overlay2=/home virtme_rw_overlay3=/opt virtme_rw_overlay4=/srv virtme_rw_overlay5=/usr virtme_rw_overlay6=/var console=hvc0 earlyprintk=serial,ttyS0,115200 virtme_console=ttyS0 psmouse.proto=exps TERM=xterm virtme_chdir=nipa-data/kernel virtme_root_user=1 rootfstype=9p rootflags=version=9p2000.L,trans=virtio,access=any raid=noautodetect ro init=/usr/lib/python3/dist-packages/virtme/guest/virtme-init
[    0.000000] x86/split lock detection: #DB: warning on user-space bus_locks
[    0.000000] BIOS-provided physical RAM map:
[    0.000000] BIOS-e820: [mem 0x0000000000000000-0x000000000009fbff] usable
[    0.000000] BIOS-e820: [mem 0x000000000009fc00-0x000000000009ffff] reserved
[    0.000000] BIOS-e820: [mem 0x00000000000f0000-0x00000000000fffff] reserved
[    0.000000] BIOS-e820: [mem 0x0000000000100000-0x000000003ffdffff] usable
[    0.000000] BIOS-e820: [mem 0x000000003ffe0000-0x000000003fffffff] reserved
[    0.000000] BIOS-e820: [mem 0x00000000feffc000-0x00000000feffffff] reserved
[    0.000000] BIOS-e820: [mem 0x00000000fffc0000-0x00000000ffffffff] reserved
[    0.000000] printk: legacy bootconsole [earlyser0] enabled
[    0.000000] NX (Execute Disable) protection: active
[    0.000000] APIC: Static calls initialized
[    0.000000] SMBIOS 3.0.0 present.
[    0.000000] DMI: QEMU Ubuntu 24.04 PC (i440FX + PIIX, 1996), BIOS 1.16.3-debian-1.16.3-2 04/01/2014
[    0.000000] DMI: Memory slots populated: 1/1
[    0.000000] Hypervisor detected: KVM
[    0.000000] kvm-clock: Using msrs 4b564d01 and 4b564d00
[    0.000001] kvm-clock: using sched offset of 1097673520 cycles
[    0.000744] clocksource: kvm-clock: mask: 0xffffffffffffffff max_cycles: 0x1cd42e4dffb, max_idle_ns: 881590591483 ns
[    0.003097] tsc: Detected 2000.000 MHz processor
[    0.004279] last_pfn = 0x3ffe0 max_arch_pfn = 0x10000000000
[    0.005132] MTRR map: 4 entries (3 fixed + 1 variable; max 19), built from 8 variable MTRRs
[    0.006324] x86/PAT: Configuration [0-7]: WB  WC  UC- UC  WB  WP  UC- WT  
Memory KASLR using RDRAND RDTSC...
[    0.013572] found SMP MP-table at [mem 0x000f5470-0x000f547f]
[    0.014407] Using GB pages for direct mapping
[    0.015216] ACPI: Early table checksum verification disabled
[    0.016026] ACPI: RSDP 0x00000000000F5290 000014 (v00 BOCHS )
[    0.016849] ACPI: RSDT 0x000000003FFE308E 000034 (v01 BOCHS  BXPC     00000001 BXPC 00000001)
[    0.018071] ACPI: FACP 0x000000003FFE2D8A 000074 (v01 BOCHS  BXPC     00000001 BXPC 00000001)
[    0.019308] ACPI: DSDT 0x000000003FFE0040 002D4A (v01 BOCHS  BXPC     00000001 BXPC 00000001)
[    0.020523] ACPI: FACS 0x000000003FFE0000 000040
[    0.021181] ACPI: APIC 0x000000003FFE2DFE 000230 (v03 BOCHS  BXPC     00000001 BXPC 00000001)
[    0.022394] ACPI: HPET 0x000000003FFE302E 000038 (v01 BOCHS  BXPC     00000001 BXPC 00000001)
[    0.023611] ACPI: WAET 0x000000003FFE3066 000028 (v01 BOCHS  BXPC     00000001 BXPC 00000001)
[    0.024832] ACPI: Reserving FACP table memory at [mem 0x3ffe2d8a-0x3ffe2dfd]
[    0.025834] ACPI: Reserving DSDT table memory at [mem 0x3ffe0040-0x3ffe2d89]
[    0.026834] ACPI: Reserving FACS table memory at [mem 0x3ffe0000-0x3ffe003f]
[    0.027839] ACPI: Reserving APIC table memory at [mem 0x3ffe2dfe-0x3ffe302d]
[    0.028837] ACPI: Reserving HPET table memory at [mem 0x3ffe302e-0x3ffe3065]
[    0.029837] ACPI: Reserving WAET table memory at [mem 0x3ffe3066-0x3ffe308d]
[    0.031186] No NUMA configuration found
[    0.031732] Faking a node at [mem 0x0000000000000000-0x000000003ffdffff]
[    0.032685] NODE_DATA(0) allocated [mem 0x3ffdb000-0x3ffdffff]
[    0.033642] Zone ranges:
[    0.034005]   DMA      [mem 0x0000000000001000-0x0000000000ffffff]
[    0.034899]   DMA32    [mem 0x0000000001000000-0x000000003ffdffff]
[    0.035775]   Normal   empty
[    0.036184]   Device   empty
[    0.036592] Movable zone start for each node
[    0.037198] Early memory node ranges
[    0.037705]   node   0: [mem 0x0000000000001000-0x000000000009efff]
[    0.038596]   node   0: [mem 0x0000000000100000-0x000000003ffdffff]
[    0.039490] Initmem setup node 0 [mem 0x0000000000001000-0x000000003ffdffff]
[    0.040495] On node 0, zone DMA: 1 pages in unavailable ranges
[    0.041359] On node 0, zone DMA: 97 pages in unavailable ranges
[    0.045890] On node 0, zone DMA32: 32 pages in unavailable ranges
[    0.047300] ACPI: PM-Timer IO Port: 0x608
[    0.047893] ACPI: LAPIC_NMI (acpi_id[0xff] dfl dfl lint[0x1])
[    0.048762] IOAPIC[0]: apic_id 0, version 17, address 0xfec00000, GSI 0-23
[    0.049742] ACPI: INT_SRC_OVR (bus 0 bus_irq 0 global_irq 2 dfl dfl)
[    0.050670] ACPI: INT_SRC_OVR (bus 0 bus_irq 5 global_irq 5 high level)
[    0.051614] ACPI: INT_SRC_OVR (bus 0 bus_irq 9 global_irq 9 high level)
[    0.052581] ACPI: INT_SRC_OVR (bus 0 bus_irq 10 global_irq 10 high level)
[    0.053560] ACPI: INT_SRC_OVR (bus 0 bus_irq 11 global_irq 11 high level)
[    0.054529] ACPI: Using ACPI (MADT) for SMP configuration information
[    0.055449] ACPI: HPET id: 0x8086a201 base: 0xfed00000
[    0.056184] TSC deadline timer available
[    0.056765] CPU topo: Max. logical packages:   1
[    0.057441] CPU topo: Max. logical dies:       1
[    0.058097] CPU topo: Max. dies per package:   1
[    0.058755] CPU topo: Max. threads per core:   1
[    0.059429] CPU topo: Num. cores per package:    56
[    0.060151] CPU topo: Num. threads per package:  56
[    0.060844] CPU topo: Allowing 56 present CPUs plus 0 hotplug CPUs
[    0.061747] kvm-guest: APIC: eoi() replaced with kvm_guest_apic_eoi_write()
[    0.062753] kvm-guest: KVM setup pv remote TLB flush
[    0.063465] kvm-guest: setup PV sched yield
[    0.064064] PM: hibernation: Registered nosave memory: [mem 0x00000000-0x00000fff]
[    0.065143] PM: hibernation: Registered nosave memory: [mem 0x0009f000-0x0009ffff]
[    0.066258] PM: hibernation: Registered nosave memory: [mem 0x000a0000-0x000effff]
[    0.067336] PM: hibernation: Registered nosave memory: [mem 0x000f0000-0x000fffff]
[    0.068417] [mem 0x40000000-0xfeffbfff] available for PCI devices
[    0.069315] Booting paravirtualized kernel on KVM
[    0.069984] clocksource: refined-jiffies: mask: 0xffffffff max_cycles: 0xffffffff, max_idle_ns: 1910969940391419 ns
[    0.079114] setup_percpu: NR_CPUS:64 nr_cpumask_bits:56 nr_cpu_ids:56 nr_node_ids:1
[    0.084989] percpu: Embedded 58 pages/cpu s198744 r8192 d30632 u262144
[    0.086043] Kernel command line: virtme_hostname=virtme-ng nr_open=1048576 virtme_link_mods=/nipa-data/kernel/.virtme_mods/lib/modules/0.0.0 virtme_initmount0=nipa-data/kernel virtme_rw_overlay0=/etc virtme_rw_overlay1=/lib virtme_rw_overlay2=/home virtme_rw_overlay3=/opt virtme_rw_overlay4=/srv virtme_rw_overlay5=/usr virtme_rw_overlay6=/var console=hvc0 earlyprintk=serial,ttyS0,115200 virtme_console=ttyS0 psmouse.proto=exps TERM=xterm virtme_chdir=nipa-data/kernel virtme_root_user=1 rootfstype=9p rootflags=version=9p2000.L,trans=virtio,access=any raid=noautodetect ro init=/usr/lib/python3/dist-packages/virtme/guest/virtme-init
[    0.094293] Unknown kernel command line parameters "virtme_hostname=virtme-ng nr_open=1048576 virtme_link_mods=/nipa-data/kernel/.virtme_mods/lib/modules/0.0.0 virtme_initmount0=nipa-data/kernel virtme_rw_overlay0=/etc virtme_rw_overlay1=/lib virtme_rw_overlay2=/home virtme_rw_overlay3=/opt virtme_rw_overlay4=/srv virtme_rw_overlay5=/usr virtme_rw_overlay6=/var virtme_console=ttyS0 virtme_chdir=nipa-data/kernel virtme_root_user=1", will be passed to user space.
[    0.100227] random: crng init done
[    0.100718] printk: log_buf_len individual max cpu contribution: 4096 bytes
[    0.101721] printk: log_buf_len total cpu_extra contributions: 225280 bytes
[    0.102726] printk: log_buf_len min size: 262144 bytes
[    0.104170] printk: log_buf_len: 524288 bytes
[    0.104824] printk: early log buf free: 254024(96%)
[    0.105997] Dentry cache hash table entries: 131072 (order: 8, 1048576 bytes, linear)
[    0.107197] Inode-cache hash table entries: 65536 (order: 7, 524288 bytes, linear)
[    0.109122] Fallback order for Node 0: 0 
[    0.109132] Built 1 zonelists, mobility grouping on.  Total pages: 262014
[    0.110622] Policy zone: DMA32
[    0.111047] mem auto-init: stack:all(zero), heap alloc:off, heap free:off
[    0.115612] SLUB: HWalign=64, Order=0-3, MinObjects=0, CPUs=56, Nodes=1
Poking KASLR using RDRAND RDTSC...
[    0.117039] ftrace: allocating 48211 entries in 189 pages
[    0.132213] ftrace: allocated 189 pages with 6 groups
[    0.134062] Dynamic Preempt: voluntary
[    0.135577] rcu: Preemptible hierarchical RCU implementation.
[    0.136382] rcu: RCU event tracing is enabled.
[    0.137000] rcu: RCU restricting CPUs from NR_CPUS=64 to nr_cpu_ids=56.
[    0.137918] Trampoline variant of Tasks RCU enabled.
[    0.138611] Rude variant of Tasks RCU enabled.
[    0.139236] Tracing variant of Tasks RCU enabled.
[    0.139888] rcu: RCU calculated value of scheduler-enlistment delay is 100 jiffies.
[    0.140968] rcu: Adjusting geometry for rcu_fanout_leaf=16, nr_cpu_ids=56
[    0.141948] RCU Tasks: Setting shift to 6 and lim to 1 rcu_task_cb_adjust=1.
[    0.142922] RCU Tasks Rude: Setting shift to 6 and lim to 1 rcu_task_cb_adjust=1.
[    0.143961] RCU Tasks Trace: Setting shift to 6 and lim to 1 rcu_task_cb_adjust=1.
[    0.148268] NR_IRQS: 4352, nr_irqs: 872, preallocated irqs: 16
[    0.149451] rcu: srcu_init: Setting srcu_struct sizes based on contention.
[    0.150706] Console: colour *CGA 80x25
[    0.151278] ACPI: Core revision 20240322
[    0.151988] clocksource: hpet: mask: 0xffffffff max_cycles: 0xffffffff, max_idle_ns: 19112604467 ns
[    0.153349] APIC: Switch to symmetric I/O mode setup
[    0.154217] APIC: Switched APIC routing to: physical flat
[    0.155293] kvm-guest: APIC: send_IPI_mask() replaced with kvm_send_ipi_mask()
[    0.156311] kvm-guest: APIC: send_IPI_mask_allbutself() replaced with kvm_send_ipi_mask_allbutself()
[    0.157905] kvm-guest: setup PV IPIs
[    0.160009] ..TIMER: vector=0x30 apic1=0 pin1=2 apic2=-1 pin2=-1
[    0.161955] clocksource: tsc-early: mask: 0xffffffffffffffff max_cycles: 0x39a85c9bff6, max_idle_ns: 881590591483 ns
[    0.164840] Calibrating delay loop (skipped) preset value.. 4000.00 BogoMIPS (lpj=2000000)
[    0.166065] x86/cpu: User Mode Instruction Prevention (UMIP) activated
[    0.166957] Last level iTLB entries: 4KB 0, 2MB 0, 4MB 0
[    0.167836] Last level dTLB entries: 4KB 0, 2MB 0, 4MB 0, 1GB 0
[    0.168853] Spectre V1 : Mitigation: usercopy/swapgs barriers and __user pointer sanitization
[    0.169843] Spectre V2 : Spectre BHI mitigation: SW BHB clearing on syscall and VM exit
[    0.170836] Spectre V2 : Mitigation: Enhanced / Automatic IBRS
[    0.171836] Spectre V2 : Spectre v2 / SpectreRSB mitigation: Filling RSB on context switch
[    0.172836] Spectre V2 : Spectre v2 / PBRSB-eIBRS: Retire a single CALL on VMEXIT
[    0.173837] Spectre V2 : mitigation: Enabling conditional Indirect Branch Prediction Barrier
[    0.174846] Speculative Store Bypass: Mitigation: Speculative Store Bypass disabled via prctl
[    0.175843] TAA: Mitigation: TSX disabled
[    0.176927] x86/fpu: Supporting XSAVE feature 0x001: 'x87 floating point registers'
[    0.177843] x86/fpu: Supporting XSAVE feature 0x002: 'SSE registers'
[    0.178843] x86/fpu: Supporting XSAVE feature 0x004: 'AVX registers'
[    0.179843] x86/fpu: Supporting XSAVE feature 0x020: 'AVX-512 opmask'
[    0.180843] x86/fpu: Supporting XSAVE feature 0x040: 'AVX-512 Hi256'
[    0.181843] x86/fpu: Supporting XSAVE feature 0x080: 'AVX-512 ZMM_Hi256'
[    0.182843] x86/fpu: Supporting XSAVE feature 0x200: 'Protection Keys User registers'
[    0.183843] x86/fpu: Supporting XSAVE feature 0x20000: 'AMX Tile config'
[    0.184836] x86/fpu: Supporting XSAVE feature 0x40000: 'AMX Tile data'
[    0.185836] x86/fpu: xstate_offset[2]:  576, xstate_sizes[2]:  256
[    0.186836] x86/fpu: xstate_offset[5]:  832, xstate_sizes[5]:   64
[    0.187836] x86/fpu: xstate_offset[6]:  896, xstate_sizes[6]:  512
[    0.188836] x86/fpu: xstate_offset[7]: 1408, xstate_sizes[7]: 1024
[    0.189836] x86/fpu: xstate_offset[9]: 2432, xstate_sizes[9]:    8
[    0.190836] x86/fpu: xstate_offset[17]: 2496, xstate_sizes[17]:   64
[    0.191836] x86/fpu: xstate_offset[18]: 2560, xstate_sizes[18]: 8192
[    0.192836] x86/fpu: Enabled xstate features 0x602e7, context size is 10752 bytes, using 'compacted' format.
[    0.222791] Freeing SMP alternatives memory: 40K
[    0.222837] pid_max: default: 57344 minimum: 448
[    0.223954] Mount-cache hash table entries: 2048 (order: 2, 16384 bytes, linear)
[    0.224838] Mountpoint-cache hash table entries: 2048 (order: 2, 16384 bytes, linear)
[    0.226333] smpboot: CPU0: Intel(R) Xeon(R) Platinum 8480+ (family: 0x6, model: 0x8f, stepping: 0x6)
[    0.227082] Performance Events: PEBS fmt0-, Sapphire Rapids events, full-width counters, Intel PMU driver.
[    0.227841] ... version:                2
[    0.228636] ... bit width:              48
[    0.228838] ... generic registers:      8
[    0.229630] ... value mask:             0000ffffffffffff
[    0.229838] ... max period:             00007fffffffffff
[    0.230838] ... fixed-purpose events:   3
[    0.231627] ... event mask:             00000007000000ff
[    0.232070] signal: max sigframe size: 11952
[    0.232865] rcu: Hierarchical SRCU implementation.
[    0.233817] rcu: Max phase no-delay instances is 400.
[    0.233876] Timer migration: 2 hierarchy levels; 8 children per group; 2 crossnode level
[    0.235909] smp: Bringing up secondary CPUs ...
[    0.236959] smpboot: x86: Booting SMP configuration:
[    0.237841] .... node  #0, CPUs:        #1  #2  #3  #4  #5  #6  #7  #8  #9 #10 #11 #12 #13 #14 #15 #16 #17 #18 #19 #20 #21 #22 #23 #24 #25 #26 #27 #28 #29 #30 #31 #32 #33 #34 #35 #36 #37 #38 #39 #40 #41 #42 #43 #44 #45 #46 #47 #48 #49 #50 #51 #52 #53 #54 #55
[    0.290515] smp: Brought up 1 node, 56 CPUs
[    0.291677] smpboot: Total of 56 processors activated (224000.00 BogoMIPS)
[    0.299882] Memory: 951188K/1048056K available (16384K kernel code, 2430K rwdata, 6228K rodata, 3104K init, 1940K bss, 72276K reserved, 0K cma-reserved)
[    0.300969] devtmpfs: initialized
[    0.301887] x86/mm: Memory block size: 128MB
[    0.304040] clocksource: jiffies: mask: 0xffffffff max_cycles: 0xffffffff, max_idle_ns: 1911260446275000 ns
[    0.304842] futex hash table entries: 16384 (order: 8, 1048576 bytes, linear)
[    0.306190] PM: RTC time: 21:07:52, date: 2024-08-04
[    0.308857] NET: Registered PF_NETLINK/PF_ROUTE protocol family
[    0.310029] thermal_sys: Registered thermal governor 'step_wise'
[    0.310030] thermal_sys: Registered thermal governor 'user_space'
[    0.310880] cpuidle: using governor menu
[    0.314518] PCI: Using configuration type 1 for base access
[    0.314924] kprobes: kprobe jump-optimization is enabled. All kprobes are optimized if possible.
[    0.350211] HugeTLB: registered 1.00 GiB page size, pre-allocated 0 pages
[    0.351845] HugeTLB: 16380 KiB vmemmap can be freed for a 1.00 GiB page
[    0.353840] HugeTLB: registered 2.00 MiB page size, pre-allocated 0 pages
[    0.355839] HugeTLB: 28 KiB vmemmap can be freed for a 2.00 MiB page
[    0.358875] ACPI: Added _OSI(Module Device)
[    0.359841] ACPI: Added _OSI(Processor Device)
[    0.360839] ACPI: Added _OSI(3.0 _SCP Extensions)
[    0.361839] ACPI: Added _OSI(Processor Aggregator Device)
[    0.364777] ACPI: 1 ACPI AML tables successfully acquired and loaded
[    0.370087] ACPI: Interpreter enabled
[    0.370852] ACPI: PM: (supports S0 S3 S4 S5)
[    0.371759] ACPI: Using IOAPIC for interrupt routing
[    0.372856] PCI: Using host bridge windows from ACPI; if necessary, use "pci=nocrs" and report a bug
[    0.373838] PCI: Using E820 reservations for host bridge windows
[    0.375959] ACPI: Enabled 2 GPEs in block 00 to 0F
[    0.379460] ACPI: PCI Root Bridge [PCI0] (domain 0000 [bus 00-ff])
[    0.379835] acpi PNP0A03:00: _OSC: OS supports [ASPM ClockPM Segments MSI HPX-Type3]
[    0.381839] acpi PNP0A03:00: _OSC: not requesting OS control; OS requires [ExtendedConfig ASPM ClockPM MSI]
[    0.383844] acpi PNP0A03:00: fail to add MMCONFIG information, can't access extended configuration space under this bridge
[    0.385946] PCI host bridge to bus 0000:00
[    0.386775] pci_bus 0000:00: root bus resource [io  0x0000-0x0cf7 window]
[    0.387838] pci_bus 0000:00: root bus resource [io  0x0d00-0xffff window]
[    0.389838] pci_bus 0000:00: root bus resource [mem 0x000a0000-0x000bffff window]
[    0.390838] pci_bus 0000:00: root bus resource [mem 0x40000000-0xfebfffff window]
[    0.391838] pci_bus 0000:00: root bus resource [mem 0x100000000-0x17fffffff window]
[    0.393838] pci_bus 0000:00: root bus resource [bus 00-ff]
[    0.394888] pci 0000:00:00.0: [8086:1237] type 00 class 0x060000 conventional PCI endpoint
[    0.396370] pci 0000:00:01.0: [8086:7000] type 00 class 0x060100 conventional PCI endpoint
[    0.398539] pci 0000:00:01.1: [8086:7010] type 00 class 0x010180 conventional PCI endpoint
[    0.402825] pci 0000:00:01.1: BAR 4 [io  0xc0c0-0xc0cf]
[    0.405466] pci 0000:00:01.1: BAR 0 [io  0x01f0-0x01f7]: legacy IDE quirk
[    0.406841] pci 0000:00:01.1: BAR 1 [io  0x03f6]: legacy IDE quirk
[    0.407838] pci 0000:00:01.1: BAR 2 [io  0x0170-0x0177]: legacy IDE quirk
[    0.409838] pci 0000:00:01.1: BAR 3 [io  0x0376]: legacy IDE quirk
[    0.411064] pci 0000:00:01.3: [8086:7113] type 00 class 0x068000 conventional PCI endpoint
[    0.412400] pci 0000:00:01.3: quirk: [io  0x0600-0x063f] claimed by PIIX4 ACPI
[    0.413848] pci 0000:00:01.3: quirk: [io  0x0700-0x070f] claimed by PIIX4 SMB
[    0.416204] pci 0000:00:02.0: [1af4:1009] type 00 class 0x000200 conventional PCI endpoint
[    0.417823] pci 0000:00:02.0: BAR 0 [io  0xc000-0xc03f]
[    0.420840] pci 0000:00:02.0: BAR 1 [mem 0xfebfc000-0xfebfcfff]
[    0.425841] pci 0000:00:02.0: BAR 4 [mem 0xfebf0000-0xfebf3fff 64bit pref]
[    0.431833] pci 0000:00:03.0: [1af4:1009] type 00 class 0x000200 conventional PCI endpoint
[    0.433781] pci 0000:00:03.0: BAR 0 [io  0xc040-0xc07f]
[    0.435789] pci 0000:00:03.0: BAR 1 [mem 0xfebfd000-0xfebfdfff]
[    0.439840] pci 0000:00:03.0: BAR 4 [mem 0xfebf4000-0xfebf7fff 64bit pref]
[    0.444656] pci 0000:00:04.0: [8086:25ab] type 00 class 0x088000 conventional PCI endpoint
[    0.446203] pci 0000:00:04.0: BAR 0 [mem 0xfebfe000-0xfebfe00f]
[    0.450156] pci 0000:00:05.0: [1af4:1003] type 00 class 0x078000 conventional PCI endpoint
[    0.452755] pci 0000:00:05.0: BAR 0 [io  0xc080-0xc0bf]
[    0.454551] pci 0000:00:05.0: BAR 1 [mem 0xfebff000-0xfebfffff]
[    0.457841] pci 0000:00:05.0: BAR 4 [mem 0xfebf8000-0xfebfbfff 64bit pref]
[    0.462241] ACPI: PCI: Interrupt link LNKA configured for IRQ 10
[    0.462987] ACPI: PCI: Interrupt link LNKB configured for IRQ 10
[    0.464967] ACPI: PCI: Interrupt link LNKC configured for IRQ 11
[    0.465958] ACPI: PCI: Interrupt link LNKD configured for IRQ 11
[    0.466926] ACPI: PCI: Interrupt link LNKS configured for IRQ 9
[    0.469613] iommu: Default domain type: Translated
[    0.470839] iommu: DMA domain TLB invalidation policy: lazy mode
[    0.471965] SCSI subsystem initialized
[    0.472911] pps_core: LinuxPPS API ver. 1 registered
[    0.473843] pps_core: Software ver. 5.3.6 - Copyright 2005-2007 Rodolfo Giometti <giometti@linux.it>
[    0.475842] PTP clock support registered
[    0.477896] Advanced Linux Sound Architecture Driver Initialized.
[    0.480311] NET: Registered PF_ATMPVC protocol family
[    0.481838] NET: Registered PF_ATMSVC protocol family
[    0.482842] PCI: Using ACPI for IRQ routing
[    0.483893] vgaarb: loaded
[    0.484982] hpet0: at MMIO 0xfed00000, IRQs 2, 8, 0
[    0.485835] hpet0: 3 comparators, 64-bit 100.000000 MHz counter
[    0.492981] clocksource: Switched to clocksource kvm-clock
[    0.494348] VFS: Disk quotas dquot_6.6.0
[    0.495179] VFS: Dquot-cache hash table entries: 512 (order 0, 4096 bytes)
[    0.496720] pnp: PnP ACPI init
[    0.498598] pnp: PnP ACPI: found 5 devices
[    0.508241] clocksource: acpi_pm: mask: 0xffffff max_cycles: 0xffffff, max_idle_ns: 2085701024 ns
[    0.510085] NET: Registered PF_INET protocol family
[    0.511120] IP idents hash table entries: 16384 (order: 5, 131072 bytes, linear)
[    0.513000] tcp_listen_portaddr_hash hash table entries: 512 (order: 1, 8192 bytes, linear)
[    0.514685] Table-perturb hash table entries: 65536 (order: 6, 262144 bytes, linear)
[    0.516251] TCP established hash table entries: 8192 (order: 4, 65536 bytes, linear)
[    0.517830] TCP bind hash table entries: 8192 (order: 6, 262144 bytes, linear)
[    0.519318] TCP: Hash tables configured (established 8192 bind 8192)
[    0.520686] UDP hash table entries: 512 (order: 2, 16384 bytes, linear)
[    0.522008] UDP-Lite hash table entries: 512 (order: 2, 16384 bytes, linear)
[    0.523477] NET: Registered PF_UNIX/PF_LOCAL protocol family
[    0.524622] pci_bus 0000:00: resource 4 [io  0x0000-0x0cf7 window]
[    0.525852] pci_bus 0000:00: resource 5 [io  0x0d00-0xffff window]
[    0.527081] pci_bus 0000:00: resource 6 [mem 0x000a0000-0x000bffff window]
[    0.528444] pci_bus 0000:00: resource 7 [mem 0x40000000-0xfebfffff window]
[    0.529808] pci_bus 0000:00: resource 8 [mem 0x100000000-0x17fffffff window]
[    0.531237] pci 0000:00:01.0: PIIX3: Enabling Passive Release
[    0.532402] pci 0000:00:00.0: Limiting direct PCI/PCI transfers
[    0.533684] PCI: CLS 0 bytes, default 64
[    0.550867] RAPL PMU: API unit is 2^-32 Joules, 1 fixed counters, 10737418240 ms ovfl timer
[    0.552762] RAPL PMU: hw unit of domain psys 2^-0 Joules
[    0.959091] kvm_amd: CPU 1 isn't AMD or Hygon
[    0.960162] clocksource: tsc: mask: 0xffffffffffffffff max_cycles: 0x39a85c9bff6, max_idle_ns: 881590591483 ns
[    1.062153] Initialise system trusted keyrings
[    1.063796] workingset: timestamp_bits=56 max_order=18 bucket_order=0
[    1.065172] squashfs: version 4.0 (2009/01/31) Phillip Lougher
[    1.066362] fuse: init (API version 7.40)
[    1.067543] 9p: Installing v9fs 9p2000 file system support
[    1.079222] Key type asymmetric registered
[    1.080054] Asymmetric key parser 'x509' registered
[    1.081060] Block layer SCSI generic (bsg) driver version 0.4 loaded (major 249)
[    1.082542] io scheduler mq-deadline registered
[    1.083447] io scheduler kyber registered
[    1.102167] input: Power Button as /devices/LNXSYSTM:00/LNXPWRBN:00/input/input0
[    1.104042] ACPI: button: Power Button [PWRF]
[    1.106039] Warning: Processor Platform Limit event detected, but not handled.
[    1.109491] Consider compiling CPUfreq support into your kernel.
[    1.149189] ACPI: \_SB_.LNKB: Enabled at IRQ 10
[    1.163555] ACPI: \_SB_.LNKC: Enabled at IRQ 11
[    1.177687] ACPI: \_SB_.LNKA: Enabled at IRQ 10
[    1.179986] Serial: 8250/16550 driver, 4 ports, IRQ sharing enabled
[    1.181446] 00:03: ttyS0 at I/O 0x3f8 (irq = 4, base_baud = 115200) is a 16550A
[    1.212011] Non-volatile memory driver v1.3
[    1.213031] Linux agpgart interface v0.103
[    1.213934] ACPI: bus type drm_connector registered
[    1.215007] printk: legacy console [hvc0] enabled
[    1.217263] printk: legacy bootconsole [earlyser0] disabled
          _      _                                    
   __   _(_)_ __| |_ _ __ ___   ___       _ __   __ _ 
   \ \ / / |  __| __|  _   _ \ / _ \_____|  _ \ / _  |
    \ V /| | |  | |_| | | | | |  __/_____| | | | (_| |
     \_/ |_|_|   \__|_| |_| |_|\___|     |_| |_|\__  |
                                                |___/ 
   kernel version: 6.11.0-rc1-virtme x86_64
   (CTRL+d to exit)

root@virtme-ng:/nipa-data/kernel# PS1='xx__-> '
xx__-> env
PWD=/nipa-data/kernel
nr_open=1048576
HOME=/
TERM=xterm
SHLVL=2
XDG_RUNTIME_DIR=/run/user/0
PATH=/bin:/sbin:/usr/bin:/usr/sbin:/usr/local/bin
OLDPWD=/
_=/bin/env
xx__-> 