No EFI environment detected.
early console in extract_kernel
input_data: 0x0000000004cbb2c4
input_len: 0x0000000001875634
output: 0x0000000001000000
output_len: 0x00000000054bb728
kernel_total_size: 0x0000000005030000
needed_size: 0x0000000005600000
trampoline_32bit: 0x000000000009d000
Physical KASLR using RDRAND RDTSC...
Virtual KASLR using RDRAND RDTSC...

Decompressing Linux... Parsing ELF... Performing relocations... done.
Booting the kernel (entry_offset: 0x0000000000000000).
[    0.000000] Linux version 6.10.0-virtme (root@972dfca5ce90) (gcc (Ubuntu 13.2.0-23ubuntu4) 13.2.0, GNU ld (GNU Binutils for Ubuntu) 2.42) #1 SMP PREEMPT_DYNAMIC Wed Jul 17 06:27:35 UTC 2024
[    0.000000] Command line: virtme_hostname=virtme-ng nr_open=1048576 virtme_link_mods=/nipa-data/kernel/.virtme_mods/lib/modules/0.0.0 virtme_initmount0=nipa-data/kernel virtme_rw_overlay0=/etc virtme_rw_overlay1=/lib virtme_rw_overlay2=/home virtme_rw_overlay3=/opt virtme_rw_overlay4=/srv virtme_rw_overlay5=/usr virtme_rw_overlay6=/var console=hvc0 earlyprintk=serial,ttyS0,115200 virtme_console=ttyS0 psmouse.proto=exps TERM=xterm virtme_chdir=nipa-data/kernel virtme_root_user=1 rootfstype=9p rootflags=version=9p2000.L,trans=virtio,access=any raid=noautodetect ro init=/usr/lib/python3/dist-packages/virtme/guest/virtme-init
[    0.000000] x86/split lock detection: #DB: warning on user-space bus_locks
[    0.000000] BIOS-provided physical RAM map:
[    0.000000] BIOS-e820: [mem 0x0000000000000000-0x000000000009fbff] usable
[    0.000000] BIOS-e820: [mem 0x000000000009fc00-0x000000000009ffff] reserved
[    0.000000] BIOS-e820: [mem 0x00000000000f0000-0x00000000000fffff] reserved
[    0.000000] BIOS-e820: [mem 0x0000000000100000-0x000000003ffdffff] usable
[    0.000000] BIOS-e820: [mem 0x000000003ffe0000-0x000000003fffffff] reserved
[    0.000000] BIOS-e820: [mem 0x00000000feffc000-0x00000000feffffff] reserved
[    0.000000] BIOS-e820: [mem 0x00000000fffc0000-0x00000000ffffffff] reserved
[    0.000000] printk: legacy bootconsole [earlyser0] enabled
[    0.000000] NX (Execute Disable) protection: active
[    0.000000] APIC: Static calls initialized
[    0.000000] SMBIOS 3.0.0 present.
[    0.000000] DMI: QEMU Ubuntu 24.04 PC (i440FX + PIIX, 1996), BIOS 1.16.3-debian-1.16.3-2 04/01/2014
[    0.000000] DMI: Memory slots populated: 1/1
[    0.000000] Hypervisor detected: KVM
[    0.000000] kvm-clock: Using msrs 4b564d01 and 4b564d00
[    0.000001] kvm-clock: using sched offset of 1179475590 cycles
[    0.000747] clocksource: kvm-clock: mask: 0xffffffffffffffff max_cycles: 0x1cd42e4dffb, max_idle_ns: 881590591483 ns
[    0.003080] tsc: Detected 2000.000 MHz processor
[    0.004394] last_pfn = 0x3ffe0 max_arch_pfn = 0x10000000000
[    0.005247] MTRR map: 4 entries (3 fixed + 1 variable; max 19), built from 8 variable MTRRs
[    0.006443] x86/PAT: Configuration [0-7]: WB  WC  UC- UC  WB  WP  UC- WT  
[    0.013198] found SMP MP-table at [mem 0x000f5470-0x000f547f]
[    0.014034] Using GB pages for direct mapping
[    0.014939] ACPI: Early table checksum verification disabled
[    0.015749] ACPI: RSDP 0x00000000000F5290 000014 (v00 BOCHS )
[    0.016573] ACPI: RSDT 0x000000003FFE308E 000034 (v01 BOCHS  BXPC     00000001 BXPC 00000001)
[    0.017795] ACPI: FACP 0x000000003FFE2D8A 000074 (v01 BOCHS  BXPC     00000001 BXPC 00000001)
[    0.019029] ACPI: DSDT 0x000000003FFE0040 002D4A (v01 BOCHS  BXPC     00000001 BXPC 00000001)
[    0.020254] ACPI: FACS 0x000000003FFE0000 000040
[    0.020935] ACPI: APIC 0x000000003FFE2DFE 000230 (v03 BOCHS  BXPC     00000001 BXPC 00000001)
[    0.022158] ACPI: HPET 0x000000003FFE302E 000038 (v01 BOCHS  BXPC     00000001 BXPC 00000001)
[    0.023376] ACPI: WAET 0x000000003FFE3066 000028 (v01 BOCHS  BXPC     00000001 BXPC 00000001)
[    0.024591] ACPI: Reserving FACP table memory at [mem 0x3ffe2d8a-0x3ffe2dfd]
[    0.025595] ACPI: Reserving DSDT table memory at [mem 0x3ffe0040-0x3ffe2d89]
[    0.026601] ACPI: Reserving FACS table memory at [mem 0x3ffe0000-0x3ffe003f]
[    0.027604] ACPI: Reserving APIC table memory at [mem 0x3ffe2dfe-0x3ffe302d]
[    0.028607] ACPI: Reserving HPET table memory at [mem 0x3ffe302e-0x3ffe3065]
[    0.029609] ACPI: Reserving WAET table memory at [mem 0x3ffe3066-0x3ffe308d]
[    0.031112] No NUMA configuration found
[    0.031659] Faking a node at [mem 0x0000000000000000-0x000000003ffdffff]
[    0.032617] NODE_DATA(0) allocated [mem 0x3ffdb000-0x3ffdffff]
[    0.033607] Zone ranges:
[    0.033969]   DMA      [mem 0x0000000000001000-0x0000000000ffffff]
[    0.034858]   DMA32    [mem 0x0000000001000000-0x000000003ffdffff]
[    0.035740]   Normal   empty
[    0.036152]   Device   empty
[    0.036564] Movable zone start for each node
[    0.037172] Early memory node ranges
[    0.037682]   node   0: [mem 0x0000000000001000-0x000000000009efff]
[    0.038581]   node   0: [mem 0x0000000000100000-0x000000003ffdffff]
[    0.039475] Initmem setup node 0 [mem 0x0000000000001000-0x000000003ffdffff]
[    0.040486] On node 0, zone DMA: 1 pages in unavailable ranges
[    0.041416] On node 0, zone DMA: 97 pages in unavailable ranges
[    0.050903] On node 0, zone DMA32: 32 pages in unavailable ranges
[    0.084582] kasan: KernelAddressSanitizer initialized
[    0.085843] ACPI: PM-Timer IO Port: 0x608
[    0.086454] ACPI: LAPIC_NMI (acpi_id[0xff] dfl dfl lint[0x1])
[    0.087330] IOAPIC[0]: apic_id 0, version 17, address 0xfec00000, GSI 0-23
[    0.088315] ACPI: INT_SRC_OVR (bus 0 bus_irq 0 global_irq 2 dfl dfl)
[    0.089221] ACPI: INT_SRC_OVR (bus 0 bus_irq 5 global_irq 5 high level)
[    0.090169] ACPI: INT_SRC_OVR (bus 0 bus_irq 9 global_irq 9 high level)
[    0.091111] ACPI: INT_SRC_OVR (bus 0 bus_irq 10 global_irq 10 high level)
[    0.092077] ACPI: INT_SRC_OVR (bus 0 bus_irq 11 global_irq 11 high level)
[    0.093048] ACPI: Using ACPI (MADT) for SMP configuration information
[    0.093965] ACPI: HPET id: 0x8086a201 base: 0xfed00000
[    0.094705] TSC deadline timer available
[    0.095268] CPU topo: Max. logical packages:   1
[    0.095926] CPU topo: Max. logical dies:       1
[    0.096583] CPU topo: Max. dies per package:   1
[    0.097243] CPU topo: Max. threads per core:   1
[    0.097901] CPU topo: Num. cores per package:    56
[    0.098603] CPU topo: Num. threads per package:  56
[    0.099297] CPU topo: Allowing 56 present CPUs plus 0 hotplug CPUs
[    0.100208] kvm-guest: APIC: eoi() replaced with kvm_guest_apic_eoi_write()
[    0.101225] kvm-guest: KVM setup pv remote TLB flush
[    0.101939] kvm-guest: setup PV sched yield
[    0.102630] PM: hibernation: Registered nosave memory: [mem 0x00000000-0x00000fff]
[    0.103709] PM: hibernation: Registered nosave memory: [mem 0x0009f000-0x0009ffff]
[    0.104786] PM: hibernation: Registered nosave memory: [mem 0x000a0000-0x000effff]
[    0.105862] PM: hibernation: Registered nosave memory: [mem 0x000f0000-0x000fffff]
[    0.106948] [mem 0x40000000-0xfeffbfff] available for PCI devices
[    0.107816] Booting paravirtualized kernel on KVM
[    0.108486] clocksource: refined-jiffies: mask: 0xffffffff max_cycles: 0xffffffff, max_idle_ns: 1910969940391419 ns
[    0.131107] setup_percpu: NR_CPUS:64 nr_cpumask_bits:56 nr_cpu_ids:56 nr_node_ids:1
[    0.141633] percpu: Embedded 70 pages/cpu s248408 r8192 d30120 u524288
[    0.142785] Kernel command line: virtme_hostname=virtme-ng nr_open=1048576 virtme_link_mods=/nipa-data/kernel/.virtme_mods/lib/modules/0.0.0 virtme_initmount0=nipa-data/kernel virtme_rw_overlay0=/etc virtme_rw_overlay1=/lib virtme_rw_overlay2=/home virtme_rw_overlay3=/opt virtme_rw_overlay4=/srv virtme_rw_overlay5=/usr virtme_rw_overlay6=/var console=hvc0 earlyprintk=serial,ttyS0,115200 virtme_console=ttyS0 psmouse.proto=exps TERM=xterm virtme_chdir=nipa-data/kernel virtme_root_user=1 rootfstype=9p rootflags=version=9p2000.L,trans=virtio,access=any raid=noautodetect ro init=/usr/lib/python3/dist-packages/virtme/guest/virtme-init
[    0.151155] Unknown kernel command line parameters "virtme_hostname=virtme-ng nr_open=1048576 virtme_link_mods=/nipa-data/kernel/.virtme_mods/lib/modules/0.0.0 virtme_initmount0=nipa-data/kernel virtme_rw_overlay0=/etc virtme_rw_overlay1=/lib virtme_rw_overlay2=/home virtme_rw_overlay3=/opt virtme_rw_overlay4=/srv virtme_rw_overlay5=/usr virtme_rw_overlay6=/var virtme_console=ttyS0 virtme_chdir=nipa-data/kernel virtme_root_user=1", will be passed to user space.
[    0.157086] random: crng init done
[    0.157581] printk: log_buf_len individual max cpu contribution: 4096 bytes
[    0.158592] printk: log_buf_len total cpu_extra contributions: 225280 bytes
[    0.159598] printk: log_buf_len min size: 262144 bytes
[    0.161226] printk: log_buf_len: 524288 bytes
[    0.161885] printk: early log buf free: 253864(96%)
[    0.163075] Dentry cache hash table entries: 131072 (order: 8, 1048576 bytes, linear)
[    0.164289] Inode-cache hash table entries: 65536 (order: 7, 524288 bytes, linear)
[    0.167897] Fallback order for Node 0: 0 
[    0.167913] Built 1 zonelists, mobility grouping on.  Total pages: 262014
[    0.169420] Policy zone: DMA32
[    0.169843] mem auto-init: stack:all(zero), heap alloc:off, heap free:off
[    0.170782] stackdepot: allocating hash table via alloc_large_system_hash
[    0.171719] stackdepot hash table entries: 1048576 (order: 12, 16777216 bytes, linear)
[    0.196123] Memory: 767500K/1048056K available (45056K kernel code, 11232K rwdata, 9864K rodata, 5936K init, 2092K bss, 280356K reserved, 0K cma-reserved)
[    0.198535] SLUB: HWalign=64, Order=0-3, MinObjects=0, CPUs=56, Nodes=1
Poking KASLR using RDRAND RDTSC...
[    0.200026] ftrace: allocating 48107 entries in 188 pages
[    0.220105] ftrace: allocated 188 pages with 5 groups
[    0.222757] Dynamic Preempt: voluntary
[    0.225300] rcu: Preemptible hierarchical RCU implementation.
[    0.226101] rcu: RCU event tracing is enabled.
[    0.226724] rcu: RCU restricting CPUs from NR_CPUS=64 to nr_cpu_ids=56.
[    0.227647] Trampoline variant of Tasks RCU enabled.
[    0.228340] Rude variant of Tasks RCU enabled.
[    0.228961] Tracing variant of Tasks RCU enabled.
[    0.229618] rcu: RCU calculated value of scheduler-enlistment delay is 100 jiffies.
[    0.230669] rcu: Adjusting geometry for rcu_fanout_leaf=16, nr_cpu_ids=56
[    0.231901] RCU Tasks: Setting shift to 6 and lim to 1 rcu_task_cb_adjust=1.
[    0.232875] RCU Tasks Rude: Setting shift to 6 and lim to 1 rcu_task_cb_adjust=1.
[    0.233905] RCU Tasks Trace: Setting shift to 6 and lim to 1 rcu_task_cb_adjust=1.
[    0.254886] NR_IRQS: 4352, nr_irqs: 872, preallocated irqs: 16
[    0.256234] rcu: srcu_init: Setting srcu_struct sizes based on contention.
[    0.257655] Console: colour *CGA 80x25
[    0.258285] ACPI: Core revision 20240322
[    0.259191] clocksource: hpet: mask: 0xffffffff max_cycles: 0xffffffff, max_idle_ns: 19112604467 ns
[    0.260582] APIC: Switch to symmetric I/O mode setup
[    0.261458] APIC: Switched APIC routing to: physical flat
[    0.262567] kvm-guest: APIC: send_IPI_mask() replaced with kvm_send_ipi_mask()
[    0.263582] kvm-guest: APIC: send_IPI_mask_allbutself() replaced with kvm_send_ipi_mask_allbutself()
[    0.265202] kvm-guest: setup PV IPIs
[    0.267755] ..TIMER: vector=0x30 apic1=0 pin1=2 apic2=-1 pin2=-1
[    0.269100] clocksource: tsc-early: mask: 0xffffffffffffffff max_cycles: 0x39a85c9bff6, max_idle_ns: 881590591483 ns
[    0.271940] Calibrating delay loop (skipped) preset value.. 4000.00 BogoMIPS (lpj=2000000)
[    0.273158] x86/cpu: User Mode Instruction Prevention (UMIP) activated
[    0.274085] Last level iTLB entries: 4KB 0, 2MB 0, 4MB 0
[    0.274932] Last level dTLB entries: 4KB 0, 2MB 0, 4MB 0, 1GB 0
[    0.275963] Spectre V1 : Mitigation: usercopy/swapgs barriers and __user pointer sanitization
[    0.276941] Spectre V2 : Spectre BHI mitigation: SW BHB clearing on syscall and VM exit
[    0.277933] Spectre V2 : Mitigation: Enhanced / Automatic IBRS
[    0.278932] Spectre V2 : Spectre v2 / SpectreRSB mitigation: Filling RSB on context switch
[    0.279932] Spectre V2 : Spectre v2 / PBRSB-eIBRS: Retire a single CALL on VMEXIT
[    0.280935] Spectre V2 : mitigation: Enabling conditional Indirect Branch Prediction Barrier
[    0.281936] Speculative Store Bypass: Mitigation: Speculative Store Bypass disabled via prctl
[    0.282933] TAA: Mitigation: TSX disabled
[    0.284013] x86/fpu: Supporting XSAVE feature 0x001: 'x87 floating point registers'
[    0.284932] x86/fpu: Supporting XSAVE feature 0x002: 'SSE registers'
[    0.285932] x86/fpu: Supporting XSAVE feature 0x004: 'AVX registers'
[    0.286935] x86/fpu: Supporting XSAVE feature 0x020: 'AVX-512 opmask'
[    0.287941] x86/fpu: Supporting XSAVE feature 0x040: 'AVX-512 Hi256'
[    0.288941] x86/fpu: Supporting XSAVE feature 0x080: 'AVX-512 ZMM_Hi256'
[    0.289941] x86/fpu: Supporting XSAVE feature 0x200: 'Protection Keys User registers'
[    0.291935] x86/fpu: Supporting XSAVE feature 0x20000: 'AMX Tile config'
[    0.292941] x86/fpu: Supporting XSAVE feature 0x40000: 'AMX Tile data'
[    0.293936] x86/fpu: xstate_offset[2]:  576, xstate_sizes[2]:  256
[    0.294941] x86/fpu: xstate_offset[5]:  832, xstate_sizes[5]:   64
[    0.295941] x86/fpu: xstate_offset[6]:  896, xstate_sizes[6]:  512
[    0.296941] x86/fpu: xstate_offset[7]: 1408, xstate_sizes[7]: 1024
[    0.297941] x86/fpu: xstate_offset[9]: 2432, xstate_sizes[9]:    8
[    0.298941] x86/fpu: xstate_offset[17]: 2496, xstate_sizes[17]:   64
[    0.299942] x86/fpu: xstate_offset[18]: 2560, xstate_sizes[18]: 8192
[    0.300941] x86/fpu: Enabled xstate features 0x602e7, context size is 10752 bytes, using 'compacted' format.
[    0.345755] Freeing SMP alternatives memory: 40K
[    0.345936] pid_max: default: 57344 minimum: 448
[    0.347261] Mount-cache hash table entries: 2048 (order: 2, 16384 bytes, linear)
[    0.347946] Mountpoint-cache hash table entries: 2048 (order: 2, 16384 bytes, linear)
[    0.350486] smpboot: CPU0: Intel(R) Xeon(R) Platinum 8480+ (family: 0x6, model: 0x8f, stepping: 0x6)
[    0.351730] Performance Events: PEBS fmt0-, Sapphire Rapids events, full-width counters, Intel PMU driver.
[    0.351939] ... version:                2
[    0.352746] ... bit width:              48
[    0.352935] ... generic registers:      8
[    0.353731] ... value mask:             0000ffffffffffff
[    0.353934] ... max period:             00007fffffffffff
[    0.354934] ... fixed-purpose events:   3
[    0.355742] ... event mask:             00000007000000ff
[    0.356282] signal: max sigframe size: 11952
[    0.357007] rcu: Hierarchical SRCU implementation.
[    0.357935] rcu: Max phase no-delay instances is 400.
[    0.361657] smp: Bringing up secondary CPUs ...
[    0.362227] smpboot: x86: Booting SMP configuration:
[    0.362939] .... node  #0, CPUs:        #1  #2  #3  #4  #5  #6  #7  #8  #9 #10 #11 #12 #13 #14 #15 #16 #17 #18 #19 #20 #21 #22 #23 #24 #25 #26 #27 #28 #29 #30 #31 #32 #33 #34 #35 #36 #37 #38 #39 #40 #41 #42 #43 #44 #45 #46 #47 #48 #49 #50 #51 #52 #53 #54 #55
[    0.428276] smp: Brought up 1 node, 56 CPUs
[    0.429771] smpboot: Total of 56 processors activated (224000.00 BogoMIPS)
[    0.445528] devtmpfs: initialized
[    0.446208] x86/mm: Memory block size: 128MB
[    0.456336] clocksource: jiffies: mask: 0xffffffff max_cycles: 0xffffffff, max_idle_ns: 1911260446275000 ns
[    0.456961] futex hash table entries: 16384 (order: 8, 1048576 bytes, linear)
[    0.458937] PM: RTC time: 06:28:21, date: 2024-07-17
[    0.463283] NET: Registered PF_NETLINK/PF_ROUTE protocol family
[    0.465111] thermal_sys: Registered thermal governor 'step_wise'
[    0.465115] thermal_sys: Registered thermal governor 'user_space'
[    0.466015] cpuidle: using governor menu
[    0.470051] PCI: Using configuration type 1 for base access
[    0.471122] kprobes: kprobe jump-optimization is enabled. All kprobes are optimized if possible.
[    0.518272] HugeTLB: registered 1.00 GiB page size, pre-allocated 0 pages
[    0.519942] HugeTLB: 16380 KiB vmemmap can be freed for a 1.00 GiB page
[    0.521937] HugeTLB: registered 2.00 MiB page size, pre-allocated 0 pages
[    0.522935] HugeTLB: 28 KiB vmemmap can be freed for a 2.00 MiB page
[    0.525950] Demotion targets for Node 0: null
[    0.528372] ACPI: Added _OSI(Module Device)
[    0.528935] ACPI: Added _OSI(Processor Device)
[    0.529887] ACPI: Added _OSI(3.0 _SCP Extensions)
[    0.530935] ACPI: Added _OSI(Processor Aggregator Device)
[    0.560745] ACPI: 1 ACPI AML tables successfully acquired and loaded
[    0.571897] ACPI: Interpreter enabled
[    0.573016] ACPI: PM: (supports S0 S3 S4 S5)
[    0.573902] ACPI: Using IOAPIC for interrupt routing
[    0.574004] PCI: Using host bridge windows from ACPI; if necessary, use "pci=nocrs" and report a bug
[    0.575936] PCI: Using E820 reservations for host bridge windows
[    0.578400] ACPI: Enabled 2 GPEs in block 00 to 0F
[    0.639931] ACPI: PCI Root Bridge [PCI0] (domain 0000 [bus 00-ff])
[    0.641953] acpi PNP0A03:00: _OSC: OS supports [ASPM ClockPM Segments MSI HPX-Type3]
[    0.642936] acpi PNP0A03:00: _OSC: not requesting OS control; OS requires [ExtendedConfig ASPM ClockPM MSI]
[    0.645068] acpi PNP0A03:00: fail to add MMCONFIG information, can't access extended configuration space under this bridge
[    0.647376] PCI host bridge to bus 0000:00
[    0.647938] pci_bus 0000:00: root bus resource [io  0x0000-0x0cf7 window]
[    0.649938] pci_bus 0000:00: root bus resource [io  0x0d00-0xffff window]
[    0.650937] pci_bus 0000:00: root bus resource [mem 0x000a0000-0x000bffff window]
[    0.651937] pci_bus 0000:00: root bus resource [mem 0x40000000-0xfebfffff window]
[    0.653937] pci_bus 0000:00: root bus resource [mem 0x100000000-0x17fffffff window]
[    0.654938] pci_bus 0000:00: root bus resource [bus 00-ff]
[    0.656068] pci 0000:00:00.0: [8086:1237] type 00 class 0x060000 conventional PCI endpoint
[    0.659175] pci 0000:00:01.0: [8086:7000] type 00 class 0x060100 conventional PCI endpoint
[    0.661308] pci 0000:00:01.1: [8086:7010] type 00 class 0x010180 conventional PCI endpoint
[    0.666264] pci 0000:00:01.1: BAR 4 [io  0xc0c0-0xc0cf]
[    0.668310] pci 0000:00:01.1: BAR 0 [io  0x01f0-0x01f7]: legacy IDE quirk
[    0.669935] pci 0000:00:01.1: BAR 1 [io  0x03f6]: legacy IDE quirk
[    0.670934] pci 0000:00:01.1: BAR 2 [io  0x0170-0x0177]: legacy IDE quirk
[    0.671934] pci 0000:00:01.1: BAR 3 [io  0x0376]: legacy IDE quirk
[    0.674918] pci 0000:00:01.3: [8086:7113] type 00 class 0x068000 conventional PCI endpoint
[    0.676547] pci 0000:00:01.3: quirk: [io  0x0600-0x063f] claimed by PIIX4 ACPI
[    0.677945] pci 0000:00:01.3: quirk: [io  0x0700-0x070f] claimed by PIIX4 SMB
[    0.679963] pci 0000:00:02.0: [1af4:1009] type 00 class 0x000200 conventional PCI endpoint
[    0.683946] pci 0000:00:02.0: BAR 0 [io  0xc000-0xc03f]
[    0.685938] pci 0000:00:02.0: BAR 1 [mem 0xfebfc000-0xfebfcfff]
[    0.690937] pci 0000:00:02.0: BAR 4 [mem 0xfebf0000-0xfebf3fff 64bit pref]
[    0.707109] pci 0000:00:03.0: [1af4:1009] type 00 class 0x000200 conventional PCI endpoint
[    0.708826] pci 0000:00:03.0: BAR 0 [io  0xc040-0xc07f]
[    0.710777] pci 0000:00:03.0: BAR 1 [mem 0xfebfd000-0xfebfdfff]
[    0.714940] pci 0000:00:03.0: BAR 4 [mem 0xfebf4000-0xfebf7fff 64bit pref]
[    0.730288] pci 0000:00:04.0: [8086:25ab] type 00 class 0x088000 conventional PCI endpoint
[    0.732592] pci 0000:00:04.0: BAR 0 [mem 0xfebfe000-0xfebfe00f]
[    0.747640] pci 0000:00:05.0: [1af4:1003] type 00 class 0x078000 conventional PCI endpoint
[    0.749937] pci 0000:00:05.0: BAR 0 [io  0xc080-0xc0bf]
[    0.751937] pci 0000:00:05.0: BAR 1 [mem 0xfebff000-0xfebfffff]
[    0.755920] pci 0000:00:05.0: BAR 4 [mem 0xfebf8000-0xfebfbfff 64bit pref]
[    0.774322] ACPI: PCI: Interrupt link LNKA configured for IRQ 10
[    0.777012] ACPI: PCI: Interrupt link LNKB configured for IRQ 10
[    0.778981] ACPI: PCI: Interrupt link LNKC configured for IRQ 11
[    0.780982] ACPI: PCI: Interrupt link LNKD configured for IRQ 11
[    0.783370] ACPI: PCI: Interrupt link LNKS configured for IRQ 9
[    0.818756] iommu: Default domain type: Translated
[    0.819935] iommu: DMA domain TLB invalidation policy: lazy mode
[    0.821506] SCSI subsystem initialized
[    0.823036] pps_core: LinuxPPS API ver. 1 registered
[    0.823935] pps_core: Software ver. 5.3.6 - Copyright 2005-2007 Rodolfo Giometti <giometti@linux.it>
[    0.825952] PTP clock support registered
[    0.828238] Advanced Linux Sound Architecture Driver Initialized.
[    0.832594] NET: Registered PF_ATMPVC protocol family
[    0.832935] NET: Registered PF_ATMSVC protocol family
[    0.833965] PCI: Using ACPI for IRQ routing
[    0.835099] vgaarb: loaded
[    0.836144] hpet0: at MMIO 0xfed00000, IRQs 2, 8, 0
[    0.836934] hpet0: 3 comparators, 64-bit 100.000000 MHz counter
[    0.844538] clocksource: Switched to clocksource kvm-clock
[    0.845807] VFS: Disk quotas dquot_6.6.0
[    0.846638] VFS: Dquot-cache hash table entries: 512 (order 0, 4096 bytes)
[    0.852312] pnp: PnP ACPI init
[    0.855805] pnp: PnP ACPI: found 5 devices
[    0.872130] clocksource: acpi_pm: mask: 0xffffff max_cycles: 0xffffff, max_idle_ns: 2085701024 ns
[    0.874045] NET: Registered PF_INET protocol family
[    0.875115] IP idents hash table entries: 16384 (order: 5, 131072 bytes, linear)
[    0.877342] tcp_listen_portaddr_hash hash table entries: 512 (order: 1, 8192 bytes, linear)
[    0.879048] Table-perturb hash table entries: 65536 (order: 6, 262144 bytes, linear)
[    0.880624] TCP established hash table entries: 8192 (order: 4, 65536 bytes, linear)
[    0.882206] TCP bind hash table entries: 8192 (order: 6, 262144 bytes, linear)
[    0.883687] TCP: Hash tables configured (established 8192 bind 8192)
[    0.885289] UDP hash table entries: 512 (order: 2, 16384 bytes, linear)
[    0.886621] UDP-Lite hash table entries: 512 (order: 2, 16384 bytes, linear)
[    0.888440] NET: Registered PF_UNIX/PF_LOCAL protocol family
[    0.889603] pci_bus 0000:00: resource 4 [io  0x0000-0x0cf7 window]
[    0.890844] pci_bus 0000:00: resource 5 [io  0x0d00-0xffff window]
[    0.892135] pci_bus 0000:00: resource 6 [mem 0x000a0000-0x000bffff window]
[    0.893511] pci_bus 0000:00: resource 7 [mem 0x40000000-0xfebfffff window]
[    0.894894] pci_bus 0000:00: resource 8 [mem 0x100000000-0x17fffffff window]
[    0.896536] pci 0000:00:01.0: PIIX3: Enabling Passive Release
[    0.897697] pci 0000:00:00.0: Limiting direct PCI/PCI transfers
[    0.898987] PCI: CLS 0 bytes, default 64
[    0.918468] RAPL PMU: API unit is 2^-32 Joules, 1 fixed counters, 10737418240 ms ovfl timer
[    0.920325] RAPL PMU: hw unit of domain psys 2^-0 Joules
[    1.274678] kwatchdog (374) used greatest stack depth: 30696 bytes left
[    1.516618] kvm_amd: CPU 7 isn't AMD or Hygon
[    1.517700] clocksource: tsc: mask: 0xffffffffffffffff max_cycles: 0x39a85c9bff6, max_idle_ns: 881590591483 ns
[    1.659778] Initialise system trusted keyrings
[    1.661623] workingset: timestamp_bits=56 max_order=18 bucket_order=0
[    1.663349] squashfs: version 4.0 (2009/01/31) Phillip Lougher
[    1.664577] fuse: init (API version 7.40)
[    1.666165] 9p: Installing v9fs 9p2000 file system support
[    1.686315] Key type asymmetric registered
[    1.687158] Asymmetric key parser 'x509' registered
[    1.688218] Block layer SCSI generic (bsg) driver version 0.4 loaded (major 249)
[    1.689749] io scheduler mq-deadline registered
[    1.690660] io scheduler kyber registered
[    1.708839] input: Power Button as /devices/LNXSYSTM:00/LNXPWRBN:00/input/input0
[    1.711184] ACPI: button: Power Button [PWRF]
[    1.715438] Warning: Processor Platform Limit event detected, but not handled.
[    1.717913] Consider compiling CPUfreq support into your kernel.
[    2.645600] ACPI: \_SB_.LNKB: Enabled at IRQ 10
[    3.534542] ACPI: \_SB_.LNKC: Enabled at IRQ 11
[    4.424096] ACPI: \_SB_.LNKA: Enabled at IRQ 10
[    4.426929] Serial: 8250/16550 driver, 4 ports, IRQ sharing enabled
[    4.428660] 00:03: ttyS0 at I/O 0x3f8 (irq = 4, base_baud = 115200) is a 16550A
[    4.471519] Non-volatile memory driver v1.3
[    4.472552] Linux agpgart interface v0.103
[    4.473633] ACPI: bus type drm_connector registered
[    4.476719] printk: legacy console [hvc0] enabled
[    4.477931] printk: legacy bootconsole [earlyser0] disabled
          _      _                                    
   __   _(_)_ __| |_ _ __ ___   ___       _ __   __ _ 
   \ \ / / |  __| __|  _   _ \ / _ \_____|  _ \ / _  |
    \ V /| | |  | |_| | | | | |  __/_____| | | | (_| |
     \_/ |_|_|   \__|_| |_| |_|\___|     |_| |_|\__  |
                                                |___/ 
   kernel version: 6.10.0-virtme x86_64
   (CTRL+d to exit)

root@virtme-ng:/nipa-data/kernel# PS1='xx__-> '
xx__-> env
PWD=/nipa-data/kernel
nr_open=1048576
HOME=/
TERM=xterm
SHLVL=2
XDG_RUNTIME_DIR=/run/user/0
PATH=/bin:/sbin:/usr/bin:/usr/sbin:/usr/local/bin
OLDPWD=/
_=/bin/env
xx__-> 