No EFI environment detected.
early console in extract_kernel
input_data: 0x00000000030632b9
input_len: 0x0000000000b80d71
output: 0x0000000001000000
output_len: 0x000000000252e12c
kernel_total_size: 0x0000000002c30000
needed_size: 0x0000000002e00000
trampoline_32bit: 0x0000000000000000
Physical KASLR using RDRAND RDTSC...
Virtual KASLR using RDRAND RDTSC...

Decompressing Linux... Parsing ELF... Performing relocations... done.
Booting the kernel (entry_offset: 0x0000000000000000).
[    0.000000] Linux version 6.8.0-rc1-virtme (root@3472eee1a689) (gcc (Alpine 13.2.1_git20231014) 13.2.1 20231014, GNU ld (GNU Binutils) 2.41) #1 SMP PREEMPT_DYNAMIC Fri Jan 26 18:07:52 UTC 2024
[    0.000000] Command line: virtme_hostname=virtme-ng virtme_link_mods=/nipa-data/kernel/.virtme_mods/lib/modules/0.0.0 virtme_initmount0=nipa-data/kernel virtme_rw_overlay0=/etc virtme_rw_overlay1=/lib virtme_rw_overlay2=/home virtme_rw_overlay3=/opt virtme_rw_overlay4=/srv virtme_rw_overlay5=/usr virtme_rw_overlay6=/var earlyprintk=serial,ttyS0,115200 console=ttyS0 psmouse.proto=exps virtme_chdir=nipa-data/kernel virtme_root_user=1 rootfstype=9p rootflags=version=9p2000.L,trans=virtio,access=any raid=noautodetect ro init=/usr/lib/python3.11/site-packages/virtme/guest/virtme-init
[    0.000000] BIOS-provided physical RAM map:
[    0.000000] BIOS-e820: [mem 0x0000000000000000-0x000000000009fbff] usable
[    0.000000] BIOS-e820: [mem 0x000000000009fc00-0x000000000009ffff] reserved
[    0.000000] BIOS-e820: [mem 0x00000000000f0000-0x00000000000fffff] reserved
[    0.000000] BIOS-e820: [mem 0x0000000000100000-0x000000003ffdffff] usable
[    0.000000] BIOS-e820: [mem 0x000000003ffe0000-0x000000003fffffff] reserved
[    0.000000] BIOS-e820: [mem 0x00000000feffc000-0x00000000feffffff] reserved
[    0.000000] BIOS-e820: [mem 0x00000000fffc0000-0x00000000ffffffff] reserved
[    0.000000] BIOS-e820: [mem 0x000000fd00000000-0x000000ffffffffff] reserved
[    0.000000] printk: legacy bootconsole [earlyser0] enabled
[    0.000000] NX (Execute Disable) protection: active
[    0.000000] APIC: Static calls initialized
[    0.000000] SMBIOS 3.0.0 present.
[    0.000000] DMI: QEMU Standard PC (i440FX + PIIX, 1996), BIOS rel-1.16.3-0-ga6ed6b701f0a-prebuilt.qemu.org 04/01/2014
[    0.000000] Hypervisor detected: KVM
[    0.000000] kvm-clock: Using msrs 4b564d01 and 4b564d00
[    0.000001] kvm-clock: using sched offset of 229620767 cycles
[    0.000473] clocksource: kvm-clock: mask: 0xffffffffffffffff max_cycles: 0x1cd42e4dffb, max_idle_ns: 881590591483 ns
[    0.001947] tsc: Detected 4491.536 MHz processor
[    0.002733] last_pfn = 0x3ffe0 max_arch_pfn = 0x400000000
[    0.003252] MTRR map: 4 entries (3 fixed + 1 variable; max 19), built from 8 variable MTRRs
[    0.004006] x86/PAT: Configuration [0-7]: WB  WC  UC- UC  WB  WP  UC- WT  
Memory KASLR using RDRAND RDTSC...
[    0.006413] found SMP MP-table at [mem 0x000f5470-0x000f547f]
[    0.006940] Using GB pages for direct mapping
[    0.007429] ACPI: Early table checksum verification disabled
[    0.007940] ACPI: RSDP 0x00000000000F5290 000014 (v00 BOCHS )
[    0.008460] ACPI: RSDT 0x000000003FFE27B6 000034 (v01 BOCHS  BXPC     00000001 BXPC 00000001)
[    0.009231] ACPI: FACP 0x000000003FFE2572 000074 (v01 BOCHS  BXPC     00000001 BXPC 00000001)
[    0.010003] ACPI: DSDT 0x000000003FFE0040 002532 (v01 BOCHS  BXPC     00000001 BXPC 00000001)
[    0.010771] ACPI: FACS 0x000000003FFE0000 000040
[    0.011189] ACPI: APIC 0x000000003FFE25E6 000170 (v03 BOCHS  BXPC     00000001 BXPC 00000001)
[    0.011957] ACPI: HPET 0x000000003FFE2756 000038 (v01 BOCHS  BXPC     00000001 BXPC 00000001)
[    0.012725] ACPI: WAET 0x000000003FFE278E 000028 (v01 BOCHS  BXPC     00000001 BXPC 00000001)
[    0.013494] ACPI: Reserving FACP table memory at [mem 0x3ffe2572-0x3ffe25e5]
[    0.014131] ACPI: Reserving DSDT table memory at [mem 0x3ffe0040-0x3ffe2571]
[    0.014765] ACPI: Reserving FACS table memory at [mem 0x3ffe0000-0x3ffe003f]
[    0.015398] ACPI: Reserving APIC table memory at [mem 0x3ffe25e6-0x3ffe2755]
[    0.016029] ACPI: Reserving HPET table memory at [mem 0x3ffe2756-0x3ffe278d]
[    0.016664] ACPI: Reserving WAET table memory at [mem 0x3ffe278e-0x3ffe27b5]
[    0.017477] No NUMA configuration found
[    0.017827] Faking a node at [mem 0x0000000000000000-0x000000003ffdffff]
[    0.018432] NODE_DATA(0) allocated [mem 0x3ffdb000-0x3ffdffff]
[    0.018974] Zone ranges:
[    0.019202]   DMA      [mem 0x0000000000001000-0x0000000000ffffff]
[    0.019758]   DMA32    [mem 0x0000000001000000-0x000000003ffdffff]
[    0.020315]   Normal   empty
[    0.020575]   Device   empty
[    0.020834] Movable zone start for each node
[    0.021218] Early memory node ranges
[    0.021538]   node   0: [mem 0x0000000000001000-0x000000000009efff]
[    0.022108]   node   0: [mem 0x0000000000100000-0x000000003ffdffff]
[    0.022672] Initmem setup node 0 [mem 0x0000000000001000-0x000000003ffdffff]
[    0.023310] On node 0, zone DMA: 1 pages in unavailable ranges
[    0.023852] On node 0, zone DMA: 97 pages in unavailable ranges
[    0.025530] On node 0, zone DMA32: 32 pages in unavailable ranges
[    0.026323] ACPI: PM-Timer IO Port: 0x608
[    0.026689] ACPI: LAPIC_NMI (acpi_id[0xff] dfl dfl lint[0x1])
[    0.027231] IOAPIC[0]: apic_id 0, version 17, address 0xfec00000, GSI 0-23
[    0.027852] ACPI: INT_SRC_OVR (bus 0 bus_irq 0 global_irq 2 dfl dfl)
[    0.028430] ACPI: INT_SRC_OVR (bus 0 bus_irq 5 global_irq 5 high level)
[    0.029029] ACPI: INT_SRC_OVR (bus 0 bus_irq 9 global_irq 9 high level)
[    0.029626] ACPI: INT_SRC_OVR (bus 0 bus_irq 10 global_irq 10 high level)
[    0.030243] ACPI: INT_SRC_OVR (bus 0 bus_irq 11 global_irq 11 high level)
[    0.030856] ACPI: Using ACPI (MADT) for SMP configuration information
[    0.031437] ACPI: HPET id: 0x8086a201 base: 0xfed00000
[    0.031901] TSC deadline timer available
[    0.032254] smpboot: Allowing 32 CPUs, 0 hotplug CPUs
[    0.032728] kvm-guest: APIC: eoi() replaced with kvm_guest_apic_eoi_write()
[    0.033370] kvm-guest: KVM setup pv remote TLB flush
[    0.033826] kvm-guest: setup PV sched yield
[    0.034212] PM: hibernation: Registered nosave memory: [mem 0x00000000-0x00000fff]
[    0.034895] PM: hibernation: Registered nosave memory: [mem 0x0009f000-0x0009ffff]
[    0.035583] PM: hibernation: Registered nosave memory: [mem 0x000a0000-0x000effff]
[    0.036266] PM: hibernation: Registered nosave memory: [mem 0x000f0000-0x000fffff]
[    0.036950] [mem 0x40000000-0xfeffbfff] available for PCI devices
[    0.037499] Booting paravirtualized kernel on KVM
[    0.037927] clocksource: refined-jiffies: mask: 0xffffffff max_cycles: 0xffffffff, max_idle_ns: 1910969940391419 ns
[    0.042042] setup_percpu: NR_CPUS:64 nr_cpumask_bits:32 nr_cpu_ids:32 nr_node_ids:1
[    0.043490] percpu: Embedded 58 pages/cpu s199840 r8192 d29536 u262144
[    0.044131] Kernel command line: virtme_hostname=virtme-ng virtme_link_mods=/nipa-data/kernel/.virtme_mods/lib/modules/0.0.0 virtme_initmount0=nipa-data/kernel virtme_rw_overlay0=/etc virtme_rw_overlay1=/lib virtme_rw_overlay2=/home virtme_rw_overlay3=/opt virtme_rw_overlay4=/srv virtme_rw_overlay5=/usr virtme_rw_overlay6=/var earlyprintk=serial,ttyS0,115200 console=ttyS0 psmouse.proto=exps virtme_chdir=nipa-data/kernel virtme_root_user=1 rootfstype=9p rootflags=version=9p2000.L,trans=virtio,access=any raid=noautodetect ro init=/usr/lib/python3.11/site-packages/virtme/guest/virtme-init
[    0.049082] Unknown kernel command line parameters "virtme_hostname=virtme-ng virtme_link_mods=/nipa-data/kernel/.virtme_mods/lib/modules/0.0.0 virtme_initmount0=nipa-data/kernel virtme_rw_overlay0=/etc virtme_rw_overlay1=/lib virtme_rw_overlay2=/home virtme_rw_overlay3=/opt virtme_rw_overlay4=/srv virtme_rw_overlay5=/usr virtme_rw_overlay6=/var virtme_chdir=nipa-data/kernel virtme_root_user=1", will be passed to user space.
[    0.052814] random: crng init done
[    0.053169] Dentry cache hash table entries: 131072 (order: 8, 1048576 bytes, linear)
[    0.053923] Inode-cache hash table entries: 65536 (order: 7, 524288 bytes, linear)
[    0.054751] Fallback order for Node 0: 0 
[    0.054756] Built 1 zonelists, mobility grouping on.  Total pages: 257760
[    0.055765] Policy zone: DMA32
[    0.056053] mem auto-init: stack:all(zero), heap alloc:off, heap free:off
[    0.058580] Memory: 976388K/1048056K available (16384K kernel code, 2556K rwdata, 6068K rodata, 3156K init, 12008K bss, 71408K reserved, 0K cma-reserved)
[    0.059937] SLUB: HWalign=64, Order=0-3, MinObjects=0, CPUs=32, Nodes=1
Poking KASLR using RDRAND RDTSC...
[    0.060899] ftrace: allocating 46517 entries in 182 pages
[    0.068316] ftrace: allocated 182 pages with 5 groups
[    0.069735] Dynamic Preempt: voluntary
[    0.070316] Running RCU self tests
[    0.070635] Running RCU synchronous self tests
[    0.071060] rcu: Preemptible hierarchical RCU implementation.
[    0.071594] rcu: RCU event tracing is enabled.
[    0.072015] rcu: RCU lockdep checking is enabled.
[    0.072462] rcu: RCU restricting CPUs from NR_CPUS=64 to nr_cpu_ids=32.
[    0.073088] Trampoline variant of Tasks RCU enabled.
[    0.073558] Rude variant of Tasks RCU enabled.
[    0.073951] Tracing variant of Tasks RCU enabled.
[    0.074318] rcu: RCU calculated value of scheduler-enlistment delay is 100 jiffies.
[    0.074900] rcu: Adjusting geometry for rcu_fanout_leaf=16, nr_cpu_ids=32
[    0.075445] Running RCU synchronous self tests
[    0.077350] NR_IRQS: 4352, nr_irqs: 680, preallocated irqs: 16
[    0.077992] rcu: srcu_init: Setting srcu_struct sizes based on contention.
[    0.078713] Console: colour *CGA 80x25
[    0.079025] printk: legacy console [ttyS0] enabled
[    0.079025] printk: legacy console [ttyS0] enabled
[    0.079747] printk: legacy bootconsole [earlyser0] disabled
[    0.079747] printk: legacy bootconsole [earlyser0] disabled
[    0.080592] Lock dependency validator: Copyright (c) 2006 Red Hat, Inc., Ingo Molnar
[    0.081177] ... MAX_LOCKDEP_SUBCLASSES:  8
[    0.081489] ... MAX_LOCK_DEPTH:          48
[    0.081809] ... MAX_LOCKDEP_KEYS:        8192
[    0.082140] ... CLASSHASH_SIZE:          4096
[    0.082469] ... MAX_LOCKDEP_ENTRIES:     32768
[    0.082806] ... MAX_LOCKDEP_CHAINS:      65536
[    0.083142] ... CHAINHASH_SIZE:          32768
[    0.083478]  memory used by lock dependency info: 6429 kB
[    0.083885]  memory used for stack traces: 4224 kB
[    0.084247]  per task-struct memory footprint: 1920 bytes
[    0.084667] ACPI: Core revision 20230628
[    0.085066] clocksource: hpet: mask: 0xffffffff max_cycles: 0xffffffff, max_idle_ns: 19112604467 ns
[    0.085859] APIC: Switch to symmetric I/O mode setup
[    0.086248] APIC: Switched APIC routing to: physical flat
[    0.086659] kvm-guest: APIC: send_IPI_mask() replaced with kvm_send_ipi_mask()
[    0.087212] kvm-guest: APIC: send_IPI_mask_allbutself() replaced with kvm_send_ipi_mask_allbutself()
[    0.087910] kvm-guest: setup PV IPIs
[    0.089012] ..TIMER: vector=0x30 apic1=0 pin1=2 apic2=-1 pin2=-1
[    0.089818] tsc: Marking TSC unstable due to TSCs unsynchronized
[    0.090613] Calibrating delay loop (skipped) preset value.. 8983.07 BogoMIPS (lpj=4491536)
[    0.091667] x86/cpu: User Mode Instruction Prevention (UMIP) activated
[    0.092665] Last level iTLB entries: 4KB 512, 2MB 255, 4MB 127
[    0.093609] Last level dTLB entries: 4KB 512, 2MB 255, 4MB 127, 1GB 0
[    0.094612] Spectre V1 : Mitigation: usercopy/swapgs barriers and __user pointer sanitization
[    0.095612] Spectre V2 : Mitigation: Enhanced / Automatic IBRS
[    0.096609] Spectre V2 : Spectre v2 / SpectreRSB mitigation: Filling RSB on context switch
[    0.097610] Spectre V2 : mitigation: Enabling conditional Indirect Branch Prediction Barrier
[    0.098610] Speculative Store Bypass: Mitigation: Speculative Store Bypass disabled via prctl
[    0.099609] Speculative Return Stack Overflow: IBPB-extending microcode not applied!
[    0.100609] Speculative Return Stack Overflow: WARNING: See https://kernel.org/doc/html/latest/admin-guide/hw-vuln/srso.html for mitigation options.
[    0.100609] Speculative Return Stack Overflow: Vulnerable: Safe RET, no microcode
[    0.102626] x86/fpu: Supporting XSAVE feature 0x001: 'x87 floating point registers'
[    0.103609] x86/fpu: Supporting XSAVE feature 0x002: 'SSE registers'
[    0.104609] x86/fpu: Supporting XSAVE feature 0x004: 'AVX registers'
[    0.105609] x86/fpu: Supporting XSAVE feature 0x020: 'AVX-512 opmask'
[    0.106609] x86/fpu: Supporting XSAVE feature 0x040: 'AVX-512 Hi256'
[    0.107427] x86/fpu: Supporting XSAVE feature 0x080: 'AVX-512 ZMM_Hi256'
[    0.107609] x86/fpu: Supporting XSAVE feature 0x200: 'Protection Keys User registers'
[    0.108609] x86/fpu: xstate_offset[2]:  576, xstate_sizes[2]:  256
[    0.109609] x86/fpu: xstate_offset[5]:  832, xstate_sizes[5]:   64
[    0.110609] x86/fpu: xstate_offset[6]:  896, xstate_sizes[6]:  512
[    0.111609] x86/fpu: xstate_offset[7]: 1408, xstate_sizes[7]: 1024
[    0.112609] x86/fpu: xstate_offset[9]: 2432, xstate_sizes[9]:    8
[    0.113402] x86/fpu: Enabled xstate features 0x2e7, context size is 2440 bytes, using 'compacted' format.
[    0.131240] Freeing SMP alternatives memory: 36K
[    0.131611] pid_max: default: 32768 minimum: 301
[    0.132293] Mount-cache hash table entries: 2048 (order: 2, 16384 bytes, linear)
[    0.132611] Mountpoint-cache hash table entries: 2048 (order: 2, 16384 bytes, linear)
[    0.135086] Running RCU synchronous self tests
[    0.135611] Running RCU synchronous self tests
[    0.136344] smpboot: CPU0: AMD Ryzen 9 7950X 16-Core Processor (family: 0x19, model: 0x61, stepping: 0x2)
[    0.136971] RCU Tasks: Setting shift to 5 and lim to 1 rcu_task_cb_adjust=1.
[    0.137643] RCU Tasks Rude: Setting shift to 5 and lim to 1 rcu_task_cb_adjust=1.
[    0.138650] RCU Tasks Trace: Setting shift to 5 and lim to 1 rcu_task_cb_adjust=1.
[    0.139648] Running RCU Tasks wait API self tests
[    0.247682] Running RCU Tasks Rude wait API self tests
[    0.248483] Running RCU Tasks Trace wait API self tests
[    0.248661] Performance Events: Fam17h+ core perfctr, AMD PMU driver.
[    0.249578] ... version:                0
[    0.249612] ... bit width:              48
[    0.250176] ... generic registers:      6
[    0.250612] ... value mask:             0000ffffffffffff
[    0.251319] ... max period:             00007fffffffffff
[    0.251612] ... fixed-purpose events:   0
[    0.252138] ... event mask:             000000000000003f
[    0.252803] signal: max sigframe size: 3376
[    0.253458] rcu: Hierarchical SRCU implementation.
[    0.253612] rcu: Max phase no-delay instances is 400.
[    0.256122] Callback from call_rcu_tasks_trace() invoked.
[    0.259022] smp: Bringing up secondary CPUs ...
[    0.259999] smpboot: x86: Booting SMP configuration:
[    0.260617] .... node  #0, CPUs:        #1  #2  #3  #4  #5  #6  #7  #8  #9 #10 #11 #12 #13 #14 #15 #16 #17 #18 #19 #20 #21 #22 #23 #24 #25 #26 #27 #28 #29 #30 #31
[    0.297809] smp: Brought up 1 node, 32 CPUs
[    0.299332] smpboot: Max logical packages: 1
[    0.299613] smpboot: Total of 32 processors activated (287458.30 BogoMIPS)
[    0.308843] devtmpfs: initialized
[    0.309626] x86/mm: Memory block size: 128MB
[    0.312969] Running RCU synchronous self tests
[    0.313628] Running RCU synchronous self tests
[    0.314472] clocksource: jiffies: mask: 0xffffffff max_cycles: 0xffffffff, max_idle_ns: 1911260446275000 ns
[    0.314618] futex hash table entries: 8192 (order: 8, 1048576 bytes, linear)
[    0.316266] PM: RTC time: 18:08:26, date: 2024-01-26
[    0.317376] NET: Registered PF_NETLINK/PF_ROUTE protocol family
[    0.318401] thermal_sys: Registered thermal governor 'step_wise'
[    0.318404] thermal_sys: Registered thermal governor 'user_space'
[    0.318678] cpuidle: using governor menu
[    0.321943] PCI: Using configuration type 1 for base access
[    0.322623] PCI: Using configuration type 1 for extended access
[    0.323759] kprobes: kprobe jump-optimization is enabled. All kprobes are optimized if possible.
[    0.337981] HugeTLB: registered 1.00 GiB page size, pre-allocated 0 pages
[    0.338613] HugeTLB: 16380 KiB vmemmap can be freed for a 1.00 GiB page
[    0.340613] HugeTLB: registered 2.00 MiB page size, pre-allocated 0 pages
[    0.341612] HugeTLB: 28 KiB vmemmap can be freed for a 2.00 MiB page
[    0.342887] ACPI: Added _OSI(Module Device)
[    0.343614] ACPI: Added _OSI(Processor Device)
[    0.344373] ACPI: Added _OSI(3.0 _SCP Extensions)
[    0.345614] ACPI: Added _OSI(Processor Aggregator Device)
[    0.349235] ACPI: 1 ACPI AML tables successfully acquired and loaded
[    0.353293] Callback from call_rcu_tasks_rude() invoked.
[    0.353705] ACPI: _OSC evaluation for CPUs failed, trying _PDC
[    0.355270] ACPI: Interpreter enabled
[    0.355665] ACPI: PM: (supports S0 S3 S4 S5)
[    0.356394] ACPI: Using IOAPIC for interrupt routing
[    0.357642] PCI: Using host bridge windows from ACPI; if necessary, use "pci=nocrs" and report a bug
[    0.358612] PCI: Using E820 reservations for host bridge windows
[    0.359981] ACPI: Enabled 2 GPEs in block 00 to 0F
[    0.371961] ACPI: PCI Root Bridge [PCI0] (domain 0000 [bus 00-ff])
[    0.373617] acpi PNP0A03:00: _OSC: OS supports [ExtendedConfig ASPM ClockPM Segments MSI HPX-Type3]
[    0.375253] PCI host bridge to bus 0000:00
[    0.376613] pci_bus 0000:00: root bus resource [io  0x0000-0x0cf7 window]
[    0.377613] pci_bus 0000:00: root bus resource [io  0x0d00-0xffff window]
[    0.378613] pci_bus 0000:00: root bus resource [mem 0x000a0000-0x000bffff window]
[    0.379613] pci_bus 0000:00: root bus resource [mem 0x40000000-0xfebfffff window]
[    0.380613] pci_bus 0000:00: root bus resource [mem 0x100000000-0x17fffffff window]
[    0.382613] pci_bus 0000:00: root bus resource [bus 00-ff]
[    0.383739] pci 0000:00:00.0: [8086:1237] type 00 class 0x060000 conventional PCI endpoint
[    0.385247] pci 0000:00:01.0: [8086:7000] type 00 class 0x060100 conventional PCI endpoint
[    0.387175] pci 0000:00:01.1: [8086:7010] type 00 class 0x010180 conventional PCI endpoint
[    0.392964] pci 0000:00:01.1: BAR 4 [io  0xc080-0xc08f]
[    0.394993] pci 0000:00:01.1: BAR 0 [io  0x01f0-0x01f7]: legacy IDE quirk
[    0.395613] pci 0000:00:01.1: BAR 1 [io  0x03f6]: legacy IDE quirk
[    0.396612] pci 0000:00:01.1: BAR 2 [io  0x0170-0x0177]: legacy IDE quirk
[    0.398613] pci 0000:00:01.1: BAR 3 [io  0x0376]: legacy IDE quirk
[    0.399862] pci 0000:00:01.3: [8086:7113] type 00 class 0x068000 conventional PCI endpoint
[    0.400936] pci 0000:00:01.3: quirk: [io  0x0600-0x063f] claimed by PIIX4 ACPI
[    0.403620] pci 0000:00:01.3: quirk: [io  0x0700-0x070f] claimed by PIIX4 SMB
[    0.404959] pci 0000:00:02.0: [1af4:1009] type 00 class 0x000200 conventional PCI endpoint
[    0.408613] pci 0000:00:02.0: BAR 0 [io  0xc000-0xc03f]
[    0.411585] pci 0000:00:02.0: BAR 1 [mem 0xfebfd000-0xfebfdfff]
[    0.418562] pci 0000:00:02.0: BAR 4 [mem 0xfebf4000-0xfebf7fff 64bit pref]
[    0.423173] pci 0000:00:03.0: [1af4:1009] type 00 class 0x000200 conventional PCI endpoint
[    0.427613] pci 0000:00:03.0: BAR 0 [io  0xc040-0xc07f]
[    0.430584] pci 0000:00:03.0: BAR 1 [mem 0xfebfe000-0xfebfefff]
[    0.438431] pci 0000:00:03.0: BAR 4 [mem 0xfebf8000-0xfebfbfff 64bit pref]
[    0.443105] pci 0000:00:04.0: [8086:25ab] type 00 class 0x088000 conventional PCI endpoint
[    0.445373] pci 0000:00:04.0: BAR 0 [mem 0xfebff000-0xfebff00f]
[    0.452556] ACPI: PCI: Interrupt link LNKA configured for IRQ 10
[    0.453830] ACPI: PCI: Interrupt link LNKB configured for IRQ 10
[    0.455689] Callback from call_rcu_tasks() invoked.
[    0.455870] ACPI: PCI: Interrupt link LNKC configured for IRQ 11
[    0.456819] ACPI: PCI: Interrupt link LNKD configured for IRQ 11
[    0.458742] ACPI: PCI: Interrupt link LNKS configured for IRQ 9
[    0.462681] iommu: Default domain type: Translated
[    0.463503] iommu: DMA domain TLB invalidation policy: lazy mode
[    0.464998] SCSI subsystem initialized
[    0.465734] pps_core: LinuxPPS API ver. 1 registered
[    0.466614] pps_core: Software ver. 5.3.6 - Copyright 2005-2007 Rodolfo Giometti <giometti@linux.it>
[    0.467619] PTP clock support registered
[    0.468702] Advanced Linux Sound Architecture Driver Initialized.
[    0.470346] NET: Registered PF_ATMPVC protocol family
[    0.471614] NET: Registered PF_ATMSVC protocol family
[    0.472483] PCI: Using ACPI for IRQ routing
[    0.473819] vgaarb: loaded
[    0.474712] hpet0: at MMIO 0xfed00000, IRQs 2, 8, 0
[    0.475546] hpet0: 3 comparators, 64-bit 100.000000 MHz counter
[    0.481171] clocksource: Switched to clocksource kvm-clock
[    0.482783] VFS: Disk quotas dquot_6.6.0
[    0.483488] VFS: Dquot-cache hash table entries: 512 (order 0, 4096 bytes)
[    0.484857] pnp: PnP ACPI init
[    0.486083] pnp: PnP ACPI: found 5 devices
[    0.496347] clocksource: acpi_pm: mask: 0xffffff max_cycles: 0xffffff, max_idle_ns: 2085701024 ns
[    0.497906] NET: Registered PF_INET protocol family
[    0.499368] IP idents hash table entries: 16384 (order: 5, 131072 bytes, linear)
[    0.501021] tcp_listen_portaddr_hash hash table entries: 512 (order: 3, 36864 bytes, linear)
[    0.502470] Table-perturb hash table entries: 65536 (order: 6, 262144 bytes, linear)
[    0.503823] TCP established hash table entries: 8192 (order: 4, 65536 bytes, linear)
[    0.505192] TCP bind hash table entries: 8192 (order: 8, 1179648 bytes, linear)
[    0.506922] TCP: Hash tables configured (established 8192 bind 8192)
[    0.508160] UDP hash table entries: 512 (order: 4, 81920 bytes, linear)
[    0.509331] UDP-Lite hash table entries: 512 (order: 4, 81920 bytes, linear)
[    0.510713] NET: Registered PF_UNIX/PF_LOCAL protocol family
[    0.511701] pci_bus 0000:00: resource 4 [io  0x0000-0x0cf7 window]
[    0.512747] pci_bus 0000:00: resource 5 [io  0x0d00-0xffff window]
[    0.513789] pci_bus 0000:00: resource 6 [mem 0x000a0000-0x000bffff window]
[    0.514945] pci_bus 0000:00: resource 7 [mem 0x40000000-0xfebfffff window]
[    0.516106] pci_bus 0000:00: resource 8 [mem 0x100000000-0x17fffffff window]
[    0.517394] pci 0000:00:01.0: PIIX3: Enabling Passive Release
[    0.518372] pci 0000:00:00.0: Limiting direct PCI/PCI transfers
[    0.519414] PCI: CLS 0 bytes, default 64
[    0.520166] kvm_intel: VMX not supported by CPU 23
[    0.521423] kvm_amd: TSC scaling supported
[    0.522149] kvm_amd: Nested Virtualization enabled
[    0.522950] kvm_amd: Nested Paging enabled
[    0.523669] kvm_amd: Virtual VMLOAD VMSAVE supported
[    0.524511] kvm_amd: Virtual GIF supported
[    0.525211] kvm_amd: Virtual NMI enabled
[    0.525869] kvm_amd: LBR virtualization supported
[    0.641455] workingset: timestamp_bits=56 max_order=18 bucket_order=0
[    0.642738] squashfs: version 4.0 (2009/01/31) Phillip Lougher
[    0.643765] fuse: init (API version 7.39)
[    0.644571] 9p: Installing v9fs 9p2000 file system support
[    0.645660] Key type asymmetric registered
[    0.646414] Block layer SCSI generic (bsg) driver version 0.4 loaded (major 249)
[    0.647748] io scheduler mq-deadline registered
[    0.648533] io scheduler kyber registered
[    0.650801] input: Power Button as /devices/LNXSYSTM:00/LNXPWRBN:00/input/input0
[    0.652381] ACPI: button: Power Button [PWRF]
[    0.653281] Warning: Processor Platform Limit event detected, but not handled.
[    0.654521] Consider compiling CPUfreq support into your kernel.
[    0.740164] ACPI: \_SB_.LNKB: Enabled at IRQ 10
[    0.813268] ACPI: \_SB_.LNKC: Enabled at IRQ 11
[    0.814788] Serial: 8250/16550 driver, 4 ports, IRQ sharing enabled
[    0.816049] 00:03: ttyS0 at I/O 0x3f8 (irq = 4, base_baud = 115200) is a 16550A
[    0.818109] Non-volatile memory driver v1.3
[    0.818676] Linux agpgart interface v0.103
[    0.819376] ACPI: bus type drm_connector registered
[    0.832799] loop: module loaded
[    0.834581] scsi host0: ata_piix
[    0.835363] scsi host1: ata_piix
[    0.835963] ata1: PATA max MWDMA2 cmd 0x1f0 ctl 0x3f6 bmdma 0xc080 irq 14 lpm-pol 0
[    0.836993] ata2: PATA max MWDMA2 cmd 0x170 ctl 0x376 bmdma 0xc088 irq 15 lpm-pol 0
[    0.838762] i8042: PNP: PS/2 Controller [PNP0303:KBD,PNP0f13:MOU] at 0x60,0x64 irq 1,12
[    0.840534] serio: i8042 KBD port at 0x60,0x64 irq 1
[    0.841243] serio: i8042 AUX port at 0x60,0x64 irq 12
[    0.842368] rtc_cmos 00:04: RTC can wake from S4
[    0.844239] rtc_cmos 00:04: registered as rtc0
[    0.844986] rtc_cmos 00:04: setting system clock to 2024-01-26T18:08:27 UTC (1706292507)
[    0.846172] rtc_cmos 00:04: alarms up to one day, y3k, 242 bytes nvram, hpet irqs
[    0.847927] i6300ESB timer 0000:00:04.0: initialized. heartbeat=30 sec (nowayout=0)
[    0.849370] device-mapper: ioctl: 4.48.0-ioctl (2023-03-01) initialised: dm-devel@redhat.com
[    0.851019] input: ImExPS/2 Generic Explorer Mouse as /devices/platform/i8042/serio1/input/input2
[    0.852801] NET: Registered PF_PACKET protocol family
[    0.853493] 9pnet: Installing 9P2000 support
[    0.855131] Key type dns_resolver registered
[    0.856249] input: AT Translated Set 2 keyboard as /devices/platform/i8042/serio0/input/input3
[    0.860397] IPI shorthand broadcast: enabled
[    0.871033] sched_clock: Marking stable (861003178, 9091690)->(892036473, -21941605)
[    0.872756] registered taskstats version 1
[    0.879601] PM:   Magic number: 8:896:140
[    0.880367] acpi device:11: hash matches
[    0.881117] printk: legacy console [netcon0] enabled
[    0.881980] netconsole: network logging started
[    0.883223] ALSA device list:
[    0.883918]   No soundcards found.
[    0.991281] ata2: found unknown device (class 0)
[    0.992702] ata2.00: ATAPI: QEMU DVD-ROM, 2.5+, max UDMA/100
[    0.994993] scsi 1:0:0:0: CD-ROM            QEMU     QEMU DVD-ROM     2.5+ PQ: 0 ANSI: 5
[    1.003876] scsi 1:0:0:0: Attached scsi generic sg0 type 5
[    1.004708] md: Skipping autodetection of RAID arrays. (raid=autodetect will force)
[    1.005965] 9pnet_virtio: no channels available for device 
[    1.007658] VFS: Mounted root (9p filesystem) readonly on device 0:19.
[    1.008968] devtmpfs: mounted
[    1.011563] Freeing unused kernel image (initmem) memory: 3156K
[    1.018130] Write protecting the kernel read-only data: 22528k
[    1.019534] Freeing unused kernel image (rodata/data gap) memory: 76K
[    1.057041] x86/mm: Checked W+X mappings: passed, no W+X pages found.
[    1.058011] Run /usr/lib/python3.11/site-packages/virtme/guest/virtme-init as init process
[    1.089659] mount (266) used greatest stack depth: 13240 bytes left
[    1.097787] mount (268) used greatest stack depth: 12984 bytes left
[    1.165772] mount (284) used greatest stack depth: 12584 bytes left
[    1.223106] virtme-init (315) used greatest stack depth: 12568 bytes left
[    1.226509] virtme-init (312) used greatest stack depth: 12424 bytes left
[    1.262637] virtme-init: basic initialization done
[    1.268693] virtme-init: udevd not found
[    1.328677] virtme-init: Setting hostname to virtme-ng...
[    1.342619] ip (357) used greatest stack depth: 12056 bytes left
          _      _                                    
   __   _(_)_ __| |_ _ __ ___   ___       _ __   __ _ 
   \ \ / / |  __| __|  _   _ \ / _ \_____|  _ \ / _  |
    \ V /| | |  | |_| | | | | |  __/_____| | | | (_| |
     \_/ |_|_|   \__|_| |_| |_|\___|     |_| |_|\__  |
                                                |___/ 
   kernel version: 6.8.0-rc1-virtme x86_64

virtme-ng:/nipa-data/kernel# PS1='xx__-> '
xx__-> 