No EFI environment detected.
early console in extract_kernel
input_data: 0x0000000002bdf2c4
input_len: 0x0000000000b838fb
output: 0x0000000001000000
output_len: 0x000000000271ac10
kernel_total_size: 0x0000000002430000
needed_size: 0x0000000002800000
trampoline_32bit: 0x0000000000000000
Physical KASLR using RDRAND RDTSC...
Virtual KASLR using RDRAND RDTSC...

Decompressing Linux... Parsing ELF... Performing relocations... done.
Booting the kernel (entry_offset: 0x0000000000000000).
[    0.000000] Linux version 6.13.0-rc7-virtme (root@0f3de56d3555) (gcc (Ubuntu 13.3.0-6ubuntu2~24.04) 13.3.0, GNU ld (GNU Binutils for Ubuntu) 2.42) #1 SMP PREEMPT_DYNAMIC Thu Jan 16 21:07:42 UTC 2025
[    0.000000] Command line: virtme_hostname=virtme-ng nr_open=1048576 virtme_link_mods=/nipa-data/kernel/.virtme_mods/lib/modules/0.0.0 virtme_initmount0=nipa-data/kernel virtme_rw_overlay0=/etc virtme_rw_overlay1=/lib virtme_rw_overlay2=/home virtme_rw_overlay3=/opt virtme_rw_overlay4=/srv virtme_rw_overlay5=/usr virtme_rw_overlay6=/var console=hvc0 earlyprintk=serial,ttyS0,115200 virtme_console=ttyS0 psmouse.proto=exps TERM=xterm virtme_chdir=nipa-data/kernel virtme_root_user=1 rootfstype=9p rootflags=version=9p2000.L,trans=virtio,access=any raid=noautodetect ro init=/usr/lib/python3/dist-packages/virtme/guest/virtme-init
[    0.000000] BIOS-provided physical RAM map:
[    0.000000] BIOS-e820: [mem 0x0000000000000000-0x000000000009fbff] usable
[    0.000000] BIOS-e820: [mem 0x000000000009fc00-0x000000000009ffff] reserved
[    0.000000] BIOS-e820: [mem 0x00000000000f0000-0x00000000000fffff] reserved
[    0.000000] BIOS-e820: [mem 0x0000000000100000-0x000000003ffdffff] usable
[    0.000000] BIOS-e820: [mem 0x000000003ffe0000-0x000000003fffffff] reserved
[    0.000000] BIOS-e820: [mem 0x00000000feffc000-0x00000000feffffff] reserved
[    0.000000] BIOS-e820: [mem 0x00000000fffc0000-0x00000000ffffffff] reserved
[    0.000000] BIOS-e820: [mem 0x000000fd00000000-0x000000ffffffffff] reserved
[    0.000000] printk: legacy bootconsole [earlyser0] enabled
[    0.000000] NX (Execute Disable) protection: active
[    0.000000] APIC: Static calls initialized
[    0.000000] SMBIOS 3.0.0 present.
[    0.000000] DMI: QEMU Ubuntu 24.04 PC (i440FX + PIIX, 1996), BIOS 1.16.3-debian-1.16.3-2 04/01/2014
[    0.000000] DMI: Memory slots populated: 1/1
[    0.000000] Hypervisor detected: KVM
[    0.000000] kvm-clock: Using msrs 4b564d01 and 4b564d00
[    0.000000] kvm-clock: using sched offset of 205207173 cycles
[    0.000366] clocksource: kvm-clock: mask: 0xffffffffffffffff max_cycles: 0x1cd42e4dffb, max_idle_ns: 881590591483 ns
[    0.001507] tsc: Detected 4491.556 MHz processor
[    0.002083] last_pfn = 0x3ffe0 max_arch_pfn = 0x400000000
[    0.002485] MTRR map: 4 entries (3 fixed + 1 variable; max 19), built from 8 variable MTRRs
[    0.003072] x86/PAT: Configuration [0-7]: WB  WC  UC- UC  WB  WP  UC- WT  
Memory KASLR using RDRAND RDTSC...
[    0.005048] found SMP MP-table at [mem 0x000f5470-0x000f547f]
[    0.005454] Using GB pages for direct mapping
[    0.005834] ACPI: Early table checksum verification disabled
[    0.006232] ACPI: RSDP 0x00000000000F5290 000014 (v00 BOCHS )
[    0.006637] ACPI: RSDT 0x000000003FFE27BC 000034 (v01 BOCHS  BXPC     00000001 BXPC 00000001)
[    0.007237] ACPI: FACP 0x000000003FFE2578 000074 (v01 BOCHS  BXPC     00000001 BXPC 00000001)
[    0.007840] ACPI: DSDT 0x000000003FFE0040 002538 (v01 BOCHS  BXPC     00000001 BXPC 00000001)
[    0.008439] ACPI: FACS 0x000000003FFE0000 000040
[    0.008763] ACPI: APIC 0x000000003FFE25EC 000170 (v03 BOCHS  BXPC     00000001 BXPC 00000001)
[    0.009363] ACPI: HPET 0x000000003FFE275C 000038 (v01 BOCHS  BXPC     00000001 BXPC 00000001)
[    0.009962] ACPI: WAET 0x000000003FFE2794 000028 (v01 BOCHS  BXPC     00000001 BXPC 00000001)
[    0.010560] ACPI: Reserving FACP table memory at [mem 0x3ffe2578-0x3ffe25eb]
[    0.011054] ACPI: Reserving DSDT table memory at [mem 0x3ffe0040-0x3ffe2577]
[    0.011551] ACPI: Reserving FACS table memory at [mem 0x3ffe0000-0x3ffe003f]
[    0.012044] ACPI: Reserving APIC table memory at [mem 0x3ffe25ec-0x3ffe275b]
[    0.012538] ACPI: Reserving HPET table memory at [mem 0x3ffe275c-0x3ffe2793]
[    0.013035] ACPI: Reserving WAET table memory at [mem 0x3ffe2794-0x3ffe27bb]
[    0.013660] No NUMA configuration found
[    0.013928] Faking a node at [mem 0x0000000000000000-0x000000003ffdffff]
[    0.014396] NODE_DATA(0) allocated [mem 0x3ffdb780-0x3ffdffff]
[    0.014812] Zone ranges:
[    0.014989]   DMA      [mem 0x0000000000001000-0x0000000000ffffff]
[    0.015423]   DMA32    [mem 0x0000000001000000-0x000000003ffdffff]
[    0.015854]   Normal   empty
[    0.016055]   Device   empty
[    0.016256] Movable zone start for each node
[    0.016553] Early memory node ranges
[    0.016808]   node   0: [mem 0x0000000000001000-0x000000000009efff]
[    0.017246]   node   0: [mem 0x0000000000100000-0x000000003ffdffff]
[    0.017684] Initmem setup node 0 [mem 0x0000000000001000-0x000000003ffdffff]
[    0.018177] On node 0, zone DMA: 1 pages in unavailable ranges
[    0.018595] On node 0, zone DMA: 97 pages in unavailable ranges
[    0.020045] On node 0, zone DMA32: 32 pages in unavailable ranges
[    0.020663] ACPI: PM-Timer IO Port: 0x608
[    0.020947] ACPI: LAPIC_NMI (acpi_id[0xff] dfl dfl lint[0x1])
[    0.021363] IOAPIC[0]: apic_id 0, version 17, address 0xfec00000, GSI 0-23
[    0.021846] ACPI: INT_SRC_OVR (bus 0 bus_irq 0 global_irq 2 dfl dfl)
[    0.022291] ACPI: INT_SRC_OVR (bus 0 bus_irq 5 global_irq 5 high level)
[    0.022753] ACPI: INT_SRC_OVR (bus 0 bus_irq 9 global_irq 9 high level)
[    0.023215] ACPI: INT_SRC_OVR (bus 0 bus_irq 10 global_irq 10 high level)
[    0.023692] ACPI: INT_SRC_OVR (bus 0 bus_irq 11 global_irq 11 high level)
[    0.024168] ACPI: Using ACPI (MADT) for SMP configuration information
[    0.024618] ACPI: HPET id: 0x8086a201 base: 0xfed00000
[    0.024977] TSC deadline timer available
[    0.025253] CPU topo: Max. logical packages:   1
[    0.025576] CPU topo: Max. logical dies:       1
[    0.025898] CPU topo: Max. dies per package:   1
[    0.026221] CPU topo: Max. threads per core:   1
[    0.026543] CPU topo: Num. cores per package:    32
[    0.026884] CPU topo: Num. threads per package:  32
[    0.027223] CPU topo: Allowing 32 present CPUs plus 0 hotplug CPUs
[    0.027664] kvm-guest: APIC: eoi() replaced with kvm_guest_apic_eoi_write()
[    0.028158] kvm-guest: KVM setup pv remote TLB flush
[    0.028506] kvm-guest: setup PV sched yield
[    0.028801] PM: hibernation: Registered nosave memory: [mem 0x00000000-0x00000fff]
[    0.029329] PM: hibernation: Registered nosave memory: [mem 0x0009f000-0x0009ffff]
[    0.029858] PM: hibernation: Registered nosave memory: [mem 0x000a0000-0x000effff]
[    0.030386] PM: hibernation: Registered nosave memory: [mem 0x000f0000-0x000fffff]
[    0.030913] [mem 0x40000000-0xfeffbfff] available for PCI devices
[    0.031341] Booting paravirtualized kernel on KVM
[    0.031669] clocksource: refined-jiffies: mask: 0xffffffff max_cycles: 0xffffffff, max_idle_ns: 1910969940391419 ns
[    0.035147] setup_percpu: NR_CPUS:64 nr_cpumask_bits:32 nr_cpu_ids:32 nr_node_ids:1
[    0.036295] percpu: Embedded 58 pages/cpu s198168 r8192 d31208 u262144
[    0.036784] Kernel command line: virtme_hostname=virtme-ng nr_open=1048576 virtme_link_mods=/nipa-data/kernel/.virtme_mods/lib/modules/0.0.0 virtme_initmount0=nipa-data/kernel virtme_rw_overlay0=/etc virtme_rw_overlay1=/lib virtme_rw_overlay2=/home virtme_rw_overlay3=/opt virtme_rw_overlay4=/srv virtme_rw_overlay5=/usr virtme_rw_overlay6=/var console=hvc0 earlyprintk=serial,ttyS0,115200 virtme_console=ttyS0 psmouse.proto=exps TERM=xterm virtme_chdir=nipa-data/kernel virtme_root_user=1 rootfstype=9p rootflags=version=9p2000.L,trans=virtio,access=any raid=noautodetect ro init=/usr/lib/python3/dist-packages/virtme/guest/virtme-init
[    0.040870] Unknown kernel command line parameters "virtme_hostname=virtme-ng nr_open=1048576 virtme_link_mods=/nipa-data/kernel/.virtme_mods/lib/modules/0.0.0 virtme_initmount0=nipa-data/kernel virtme_rw_overlay0=/etc virtme_rw_overlay1=/lib virtme_rw_overlay2=/home virtme_rw_overlay3=/opt virtme_rw_overlay4=/srv virtme_rw_overlay5=/usr virtme_rw_overlay6=/var virtme_console=ttyS0 virtme_chdir=nipa-data/kernel virtme_root_user=1", will be passed to user space.
[    0.043993] random: crng init done
[    0.044237] printk: log buffer data + meta data: 262144 + 917504 = 1179648 bytes
[    0.044800] Dentry cache hash table entries: 131072 (order: 8, 1048576 bytes, linear)
[    0.045381] Inode-cache hash table entries: 65536 (order: 7, 524288 bytes, linear)
[    0.046009] Fallback order for Node 0: 0 
[    0.046011] Built 1 zonelists, mobility grouping on.  Total pages: 262014
[    0.046786] Policy zone: DMA32
[    0.047005] mem auto-init: stack:all(zero), heap alloc:off, heap free:off
[    0.048085] SLUB: HWalign=64, Order=0-3, MinObjects=0, CPUs=32, Nodes=1
Poking KASLR using RDRAND RDTSC...
[    0.048801] ftrace: allocating 48715 entries in 191 pages
[    0.061039] ftrace: allocated 191 pages with 7 groups
[    0.061961] Dynamic Preempt: voluntary
[    0.062355] rcu: Preemptible hierarchical RCU implementation.
[    0.062768] rcu: RCU event tracing is enabled.
[    0.063091] rcu: RCU restricting CPUs from NR_CPUS=64 to nr_cpu_ids=32.
[    0.063577] Trampoline variant of Tasks RCU enabled.
[    0.063938] Rude variant of Tasks RCU enabled.
[    0.064261] Tracing variant of Tasks RCU enabled.
[    0.064603] rcu: RCU calculated value of scheduler-enlistment delay is 100 jiffies.
[    0.065150] rcu: Adjusting geometry for rcu_fanout_leaf=16, nr_cpu_ids=32
[    0.065644] RCU Tasks: Setting shift to 5 and lim to 1 rcu_task_cb_adjust=1 rcu_task_cpu_ids=32.
[    0.066273] RCU Tasks Rude: Setting shift to 5 and lim to 1 rcu_task_cb_adjust=1 rcu_task_cpu_ids=32.
[    0.066932] RCU Tasks Trace: Setting shift to 5 and lim to 1 rcu_task_cb_adjust=1 rcu_task_cpu_ids=32.
[    0.069373] NR_IRQS: 4352, nr_irqs: 680, preallocated irqs: 16
[    0.069954] rcu: srcu_init: Setting srcu_struct sizes based on contention.
[    0.070582] Console: colour *CGA 80x25
[    0.070854] ACPI: Core revision 20240827
[    0.071202] clocksource: hpet: mask: 0xffffffff max_cycles: 0xffffffff, max_idle_ns: 19112604467 ns
[    0.071907] APIC: Switch to symmetric I/O mode setup
[    0.072281] kvm-guest: APIC: send_IPI_mask() replaced with kvm_send_ipi_mask()
[    0.072792] kvm-guest: APIC: send_IPI_mask_allbutself() replaced with kvm_send_ipi_mask_allbutself()
[    0.073422] kvm-guest: setup PV IPIs
[    0.074423] ..TIMER: vector=0x30 apic1=0 pin1=2 apic2=-1 pin2=-1
[    0.075199] clocksource: tsc-early: mask: 0xffffffffffffffff max_cycles: 0x40be400eb43, max_idle_ns: 440795366972 ns
[    0.076533] Calibrating delay loop (skipped) preset value.. 8983.11 BogoMIPS (lpj=4491556)
[    0.077592] x86/cpu: User Mode Instruction Prevention (UMIP) activated
[    0.078578] Last level iTLB entries: 4KB 512, 2MB 255, 4MB 127
[    0.079532] Last level dTLB entries: 4KB 512, 2MB 255, 4MB 127, 1GB 0
[    0.080535] Spectre V1 : Mitigation: usercopy/swapgs barriers and __user pointer sanitization
[    0.081535] Spectre V2 : Mitigation: Enhanced / Automatic IBRS
[    0.082255] Spectre V2 : Spectre v2 / SpectreRSB mitigation: Filling RSB on context switch
[    0.082533] Spectre V2 : mitigation: Enabling conditional Indirect Branch Prediction Barrier
[    0.083533] Speculative Store Bypass: Mitigation: Speculative Store Bypass disabled via prctl
[    0.084532] Speculative Return Stack Overflow: IBPB-extending microcode not applied!
[    0.085532] Speculative Return Stack Overflow: WARNING: See https://kernel.org/doc/html/latest/admin-guide/hw-vuln/srso.html for mitigation options.
[    0.085532] Speculative Return Stack Overflow: Vulnerable: Safe RET, no microcode
[    0.087546] x86/fpu: Supporting XSAVE feature 0x001: 'x87 floating point registers'
[    0.088532] x86/fpu: Supporting XSAVE feature 0x002: 'SSE registers'
[    0.089532] x86/fpu: Supporting XSAVE feature 0x004: 'AVX registers'
[    0.090532] x86/fpu: Supporting XSAVE feature 0x020: 'AVX-512 opmask'
[    0.091532] x86/fpu: Supporting XSAVE feature 0x040: 'AVX-512 Hi256'
[    0.092302] x86/fpu: Supporting XSAVE feature 0x080: 'AVX-512 ZMM_Hi256'
[    0.092532] x86/fpu: Supporting XSAVE feature 0x200: 'Protection Keys User registers'
[    0.093532] x86/fpu: xstate_offset[2]:  576, xstate_sizes[2]:  256
[    0.094532] x86/fpu: xstate_offset[5]:  832, xstate_sizes[5]:   64
[    0.095532] x86/fpu: xstate_offset[6]:  896, xstate_sizes[6]:  512
[    0.096279] x86/fpu: xstate_offset[7]: 1408, xstate_sizes[7]: 1024
[    0.096532] x86/fpu: xstate_offset[9]: 2432, xstate_sizes[9]:    8
[    0.097532] x86/fpu: Enabled xstate features 0x2e7, context size is 2440 bytes, using 'compacted' format.
[    0.112874] Freeing SMP alternatives memory: 40K
[    0.113446] pid_max: default: 32768 minimum: 301
[    0.113550] Mount-cache hash table entries: 2048 (order: 2, 16384 bytes, linear)
[    0.114533] Mountpoint-cache hash table entries: 2048 (order: 2, 16384 bytes, linear)
[    0.115663] smpboot: CPU0: AMD Ryzen 9 7950X 16-Core Processor (family: 0x19, model: 0x61, stepping: 0x2)
[    0.116641] Performance Events: Fam17h+ core perfctr, AMD PMU driver.
[    0.117444] ... version:                0
[    0.117534] ... bit width:              48
[    0.118039] ... generic registers:      6
[    0.118528] ... value mask:             0000ffffffffffff
[    0.118533] ... max period:             00007fffffffffff
[    0.119179] ... fixed-purpose events:   0
[    0.119533] ... event mask:             000000000000003f
[    0.120254] signal: max sigframe size: 3376
[    0.120548] rcu: Hierarchical SRCU implementation.
[    0.121132] rcu: Max phase no-delay instances is 400.
[    0.121554] Timer migration: 2 hierarchy levels; 8 children per group; 2 crossnode level
[    0.124594] smp: Bringing up secondary CPUs ...
[    0.125199] smpboot: x86: Booting SMP configuration:
[    0.125535] .... node  #0, CPUs:        #1  #2  #3  #4  #5  #6  #7  #8  #9 #10 #11 #12 #13 #14 #15 #16 #17 #18 #19 #20 #21 #22 #23 #24 #25 #26 #27 #28 #29 #30 #31
[    0.151636] smp: Brought up 1 node, 32 CPUs
[    0.153061] smpboot: Total of 32 processors activated (287459.58 BogoMIPS)
[    0.155549] Memory: 970436K/1048056K available (16384K kernel code, 2473K rwdata, 6340K rodata, 3148K init, 1808K bss, 63184K reserved, 0K cma-reserved)
[    0.156643] devtmpfs: initialized
[    0.156964] x86/mm: Memory block size: 128MB
[    0.158223] clocksource: jiffies: mask: 0xffffffff max_cycles: 0xffffffff, max_idle_ns: 1911260446275000 ns
[    0.158535] futex hash table entries: 8192 (order: 7, 524288 bytes, linear)
[    0.159461] PM: RTC time: 21:08:01, date: 2025-01-16
[    0.159857] NET: Registered PF_NETLINK/PF_ROUTE protocol family
[    0.160650] thermal_sys: Registered thermal governor 'step_wise'
[    0.160652] thermal_sys: Registered thermal governor 'user_space'
[    0.161405] cpuidle: using governor menu
[    0.162719] PCI: Using configuration type 1 for base access
[    0.163534] PCI: Using configuration type 1 for extended access
[    0.164335] kprobes: kprobe jump-optimization is enabled. All kprobes are optimized if possible.
[    0.179998] HugeTLB: registered 1.00 GiB page size, pre-allocated 0 pages
[    0.180534] HugeTLB: 16380 KiB vmemmap can be freed for a 1.00 GiB page
[    0.181349] HugeTLB: registered 2.00 MiB page size, pre-allocated 0 pages
[    0.181533] HugeTLB: 28 KiB vmemmap can be freed for a 2.00 MiB page
[    0.182553] ACPI: Added _OSI(Module Device)
[    0.183073] ACPI: Added _OSI(Processor Device)
[    0.183533] ACPI: Added _OSI(3.0 _SCP Extensions)
[    0.184114] ACPI: Added _OSI(Processor Aggregator Device)
[    0.185194] ACPI: 1 ACPI AML tables successfully acquired and loaded
[    0.186976] ACPI: Interpreter enabled
[    0.187442] ACPI: PM: (supports S0 S3 S4 S5)
[    0.187534] ACPI: Using IOAPIC for interrupt routing
[    0.188156] PCI: Using host bridge windows from ACPI; if necessary, use "pci=nocrs" and report a bug
[    0.188533] PCI: Using E820 reservations for host bridge windows
[    0.189350] ACPI: Enabled 2 GPEs in block 00 to 0F
[    0.191988] ACPI: PCI Root Bridge [PCI0] (domain 0000 [bus 00-ff])
[    0.192535] acpi PNP0A03:00: _OSC: OS supports [ExtendedConfig ASPM ClockPM Segments MSI HPX-Type3]
[    0.193616] PCI host bridge to bus 0000:00
[    0.194118] pci_bus 0000:00: root bus resource [io  0x0000-0x0cf7 window]
[    0.194533] pci_bus 0000:00: root bus resource [io  0x0d00-0xffff window]
[    0.195370] pci_bus 0000:00: root bus resource [mem 0x000a0000-0x000bffff window]
[    0.195533] pci_bus 0000:00: root bus resource [mem 0x40000000-0xfebfffff window]
[    0.196451] pci_bus 0000:00: root bus resource [mem 0x100000000-0x17fffffff window]
[    0.196534] pci_bus 0000:00: root bus resource [bus 00-ff]
[    0.197283] pci 0000:00:00.0: [8086:1237] type 00 class 0x060000 conventional PCI endpoint
[    0.197767] pci 0000:00:01.0: [8086:7000] type 00 class 0x060100 conventional PCI endpoint
[    0.198833] pci 0000:00:01.1: [8086:7010] type 00 class 0x010180 conventional PCI endpoint
[    0.200655] pci 0000:00:01.1: BAR 4 [io  0xc0c0-0xc0cf]
[    0.201814] pci 0000:00:01.1: BAR 0 [io  0x01f0-0x01f7]: legacy IDE quirk
[    0.202533] pci 0000:00:01.1: BAR 1 [io  0x03f6]: legacy IDE quirk
[    0.203297] pci 0000:00:01.1: BAR 2 [io  0x0170-0x0177]: legacy IDE quirk
[    0.203533] pci 0000:00:01.1: BAR 3 [io  0x0376]: legacy IDE quirk
[    0.204372] pci 0000:00:01.3: [8086:7113] type 00 class 0x068000 conventional PCI endpoint
[    0.204763] pci 0000:00:01.3: quirk: [io  0x0600-0x063f] claimed by PIIX4 ACPI
[    0.205537] pci 0000:00:01.3: quirk: [io  0x0700-0x070f] claimed by PIIX4 SMB
[    0.206561] pci 0000:00:02.0: [1af4:1009] type 00 class 0x000200 conventional PCI endpoint
[    0.207985] pci 0000:00:02.0: BAR 0 [io  0xc000-0xc03f]
[    0.209272] pci 0000:00:02.0: BAR 1 [mem 0xfebfc000-0xfebfcfff]
[    0.210534] pci 0000:00:02.0: BAR 4 [mem 0xfebf0000-0xfebf3fff 64bit pref]
[    0.212569] pci 0000:00:03.0: [1af4:1009] type 00 class 0x000200 conventional PCI endpoint
[    0.214502] pci 0000:00:03.0: BAR 0 [io  0xc040-0xc07f]
[    0.215437] pci 0000:00:03.0: BAR 1 [mem 0xfebfd000-0xfebfdfff]
[    0.217907] pci 0000:00:03.0: BAR 4 [mem 0xfebf4000-0xfebf7fff 64bit pref]
[    0.219342] pci 0000:00:04.0: [8086:25ab] type 00 class 0x088000 conventional PCI endpoint
[    0.219711] pci 0000:00:04.0: BAR 0 [mem 0xfebfe000-0xfebfe00f]
[    0.221666] pci 0000:00:05.0: [1af4:1003] type 00 class 0x078000 conventional PCI endpoint
[    0.222998] pci 0000:00:05.0: BAR 0 [io  0xc080-0xc0bf]
[    0.223946] pci 0000:00:05.0: BAR 1 [mem 0xfebff000-0xfebfffff]
[    0.226733] pci 0000:00:05.0: BAR 4 [mem 0xfebf8000-0xfebfbfff 64bit pref]
[    0.228540] ACPI: PCI: Interrupt link LNKA configured for IRQ 10
[    0.229387] ACPI: PCI: Interrupt link LNKB configured for IRQ 10
[    0.229630] ACPI: PCI: Interrupt link LNKC configured for IRQ 11
[    0.230455] ACPI: PCI: Interrupt link LNKD configured for IRQ 11
[    0.230603] ACPI: PCI: Interrupt link LNKS configured for IRQ 9
[    0.232131] iommu: Default domain type: Translated
[    0.232533] iommu: DMA domain TLB invalidation policy: lazy mode
[    0.233319] SCSI subsystem initialized
[    0.233562] pps_core: LinuxPPS API ver. 1 registered
[    0.234181] pps_core: Software ver. 5.3.6 - Copyright 2005-2007 Rodolfo Giometti <giometti@linux.it>
[    0.234536] PTP clock support registered
[    0.235027] Advanced Linux Sound Architecture Driver Initialized.
[    0.235815] NET: Registered PF_ATMPVC protocol family
[    0.236436] NET: Registered PF_ATMSVC protocol family
[    0.236539] PCI: Using ACPI for IRQ routing
[    0.237126] vgaarb: loaded
[    0.237550] hpet0: at MMIO 0xfed00000, IRQs 2, 8, 0
[    0.238153] hpet0: 3 comparators, 64-bit 100.000000 MHz counter
[    0.242676] clocksource: Switched to clocksource kvm-clock
[    0.243540] VFS: Disk quotas dquot_6.6.0
[    0.244655] VFS: Dquot-cache hash table entries: 512 (order 0, 4096 bytes)
[    0.245553] pnp: PnP ACPI init
[    0.246101] pnp: PnP ACPI: found 5 devices
[    0.253257] clocksource: acpi_pm: mask: 0xffffff max_cycles: 0xffffff, max_idle_ns: 2085701024 ns
[    0.254360] NET: Registered PF_INET protocol family
[    0.255086] IP idents hash table entries: 16384 (order: 5, 131072 bytes, linear)
[    0.256133] tcp_listen_portaddr_hash hash table entries: 512 (order: 1, 8192 bytes, linear)
[    0.257170] Table-perturb hash table entries: 65536 (order: 6, 262144 bytes, linear)
[    0.258127] TCP established hash table entries: 8192 (order: 4, 65536 bytes, linear)
[    0.259087] TCP bind hash table entries: 8192 (order: 6, 262144 bytes, linear)
[    0.259982] TCP: Hash tables configured (established 8192 bind 8192)
[    0.260784] UDP hash table entries: 512 (order: 3, 32768 bytes, linear)
[    0.261599] UDP-Lite hash table entries: 512 (order: 3, 32768 bytes, linear)
[    0.262490] NET: Registered PF_UNIX/PF_LOCAL protocol family
[    0.263191] pci_bus 0000:00: resource 4 [io  0x0000-0x0cf7 window]
[    0.263950] pci_bus 0000:00: resource 5 [io  0x0d00-0xffff window]
[    0.264711] pci_bus 0000:00: resource 6 [mem 0x000a0000-0x000bffff window]
[    0.265555] pci_bus 0000:00: resource 7 [mem 0x40000000-0xfebfffff window]
[    0.266402] pci_bus 0000:00: resource 8 [mem 0x100000000-0x17fffffff window]
[    0.267289] pci 0000:00:01.0: PIIX3: Enabling Passive Release
[    0.268000] pci 0000:00:00.0: Limiting direct PCI/PCI transfers
[    0.268765] PCI: CLS 0 bytes, default 64
[    0.269320] kvm_intel: VMX not supported by CPU 0
[    0.269902] kvm_amd: TSC scaling supported
[    0.270414] kvm_amd: Nested Virtualization enabled
[    0.270996] kvm_amd: Nested Paging enabled
[    0.271503] kvm_amd: LBR virtualization supported
[    0.272084] kvm_amd: Virtual GIF supported
[    0.272586] kvm_amd: Virtual NMI enabled
[    0.304564] clocksource: tsc: mask: 0xffffffffffffffff max_cycles: 0x40be400eb43, max_idle_ns: 440795366972 ns
[    0.311638] Initialise system trusted keyrings
[    0.312281] workingset: timestamp_bits=56 max_order=18 bucket_order=0
[    0.313106] squashfs: version 4.0 (2009/01/31) Phillip Lougher
[    0.313836] fuse: init (API version 7.41)
[    0.314372] 9p: Installing v9fs 9p2000 file system support
[    0.321458] Key type asymmetric registered
[    0.321969] Asymmetric key parser 'x509' registered
[    0.322591] Block layer SCSI generic (bsg) driver version 0.4 loaded (major 249)
[    0.323529] io scheduler mq-deadline registered
[    0.324101] io scheduler kyber registered
[    0.326230] input: Power Button as /devices/LNXSYSTM:00/LNXPWRBN:00/input/input0
[    0.327201] ACPI: button: Power Button [PWRF]
[    0.328156] Warning: Processor Platform Limit event detected, but not handled.
[    0.329048] Consider compiling CPUfreq support into your kernel.
[    0.346636] ACPI: \_SB_.LNKB: Enabled at IRQ 10
[    0.362362] ACPI: \_SB_.LNKC: Enabled at IRQ 11
[    0.378016] ACPI: \_SB_.LNKA: Enabled at IRQ 10
[    0.379099] Serial: 8250/16550 driver, 4 ports, IRQ sharing enabled
[    0.379981] 00:03: ttyS0 at I/O 0x3f8 (irq = 4, base_baud = 115200) is a 16550A
[    0.401706] Non-volatile memory driver v1.3
[    0.402276] Linux agpgart interface v0.103
[    0.402784] printk: legacy console [hvc0] enabled
[    0.402820] ACPI: bus type drm_connector registered
[    0.403379] printk: legacy bootconsole [earlyser0] disabled
          _      _                                    
   __   _(_)_ __| |_ _ __ ___   ___       _ __   __ _ 
   \ \ / / |  __| __|  _   _ \ / _ \_____|  _ \ / _  |
    \ V /| | |  | |_| | | | | |  __/_____| | | | (_| |
     \_/ |_|_|   \__|_| |_| |_|\___|     |_| |_|\__  |
                                                |___/ 
   kernel version: 6.13.0-rc7-virtme x86_64
   (CTRL+d to exit)

root@virtme-ng:/nipa-data/kernel# PS1='xx__-> '
xx__-> env
PWD=/nipa-data/kernel
nr_open=1048576
HOME=/
TERM=xterm
SHLVL=2
XDG_RUNTIME_DIR=/run/user/0
PATH=/bin:/sbin:/usr/bin:/usr/sbin:/usr/local/bin
OLDPWD=/
_=/bin/env
xx__-> 