No EFI environment detected.
early console in extract_kernel
input_data: 0x00000000029b72c4
input_len: 0x0000000000bc1346
output: 0x0000000001000000
output_len: 0x0000000002532164
kernel_total_size: 0x0000000002430000
needed_size: 0x0000000002600000
trampoline_32bit: 0x0000000000000000
Physical KASLR using RDRAND RDTSC...
Virtual KASLR using RDRAND RDTSC...

Decompressing Linux... Parsing ELF... Performing relocations... done.
Booting the kernel (entry_offset: 0x0000000000fb85d0).
[    0.000000] Linux version 6.15.0-rc6-virtme (root@75753e3d789b) (gcc (Ubuntu 13.3.0-6ubuntu2~24.04) 13.3.0, GNU ld (GNU Binutils for Ubuntu) 2.42) #1 SMP PREEMPT_DYNAMIC Tue May 20 00:06:32 UTC 2025
[    0.000000] Command line: virtme_hostname=virtme-ng nr_open=1048576 virtme_link_mods=/nipa-data/kernel/.virtme_mods/lib/modules/0.0.0 virtme_initmount0=nipa-data/kernel virtme_rw_overlay0=/etc virtme_rw_overlay1=/lib virtme_rw_overlay2=/home virtme_rw_overlay3=/opt virtme_rw_overlay4=/srv virtme_rw_overlay5=/usr virtme_rw_overlay6=/var console=hvc0 earlyprintk=serial,ttyS0,115200 virtme_console=ttyS0 psmouse.proto=exps TERM=xterm virtme_chdir=nipa-data/kernel virtme_root_user=1 rootfstype=9p rootflags=version=9p2000.L,trans=virtio,access=any raid=noautodetect ro init=/usr/lib/python3/dist-packages/virtme/guest/virtme-init
[    0.000000] BIOS-provided physical RAM map:
[    0.000000] BIOS-e820: [mem 0x0000000000000000-0x000000000009fbff] usable
[    0.000000] BIOS-e820: [mem 0x000000000009fc00-0x000000000009ffff] reserved
[    0.000000] BIOS-e820: [mem 0x00000000000f0000-0x00000000000fffff] reserved
[    0.000000] BIOS-e820: [mem 0x0000000000100000-0x000000003ffdffff] usable
[    0.000000] BIOS-e820: [mem 0x000000003ffe0000-0x000000003fffffff] reserved
[    0.000000] BIOS-e820: [mem 0x00000000feffc000-0x00000000feffffff] reserved
[    0.000000] BIOS-e820: [mem 0x00000000fffc0000-0x00000000ffffffff] reserved
[    0.000000] BIOS-e820: [mem 0x000000fd00000000-0x000000ffffffffff] reserved
[    0.000000] printk: legacy bootconsole [earlyser0] enabled
[    0.000000] NX (Execute Disable) protection: active
[    0.000000] APIC: Static calls initialized
[    0.000000] SMBIOS 3.0.0 present.
[    0.000000] DMI: QEMU Ubuntu 24.04 PC (i440FX + PIIX, 1996), BIOS 1.16.3-debian-1.16.3-2 04/01/2014
[    0.000000] DMI: Memory slots populated: 1/1
[    0.000000] Hypervisor detected: KVM
[    0.000000] kvm-clock: Using msrs 4b564d01 and 4b564d00
[    0.000000] kvm-clock: using sched offset of 226245506 cycles
[    0.000368] clocksource: kvm-clock: mask: 0xffffffffffffffff max_cycles: 0x1cd42e4dffb, max_idle_ns: 881590591483 ns
[    0.001515] tsc: Detected 4491.560 MHz processor
[    0.002094] last_pfn = 0x3ffe0 max_arch_pfn = 0x400000000
[    0.002498] MTRR map: 4 entries (3 fixed + 1 variable; max 19), built from 8 variable MTRRs
[    0.003089] x86/PAT: Configuration [0-7]: WB  WC  UC- UC  WB  WP  UC- WT  
Memory KASLR using RDRAND RDTSC...
[    0.005069] found SMP MP-table at [mem 0x000f5470-0x000f547f]
[    0.005482] Using GB pages for direct mapping
[    0.005807] ACPI: Early table checksum verification disabled
[    0.006205] ACPI: RSDP 0x00000000000F5290 000014 (v00 BOCHS )
[    0.006610] ACPI: RSDT 0x000000003FFE27BC 000034 (v01 BOCHS  BXPC     00000001 BXPC 00000001)
[    0.007213] ACPI: FACP 0x000000003FFE2578 000074 (v01 BOCHS  BXPC     00000001 BXPC 00000001)
[    0.007812] ACPI: DSDT 0x000000003FFE0040 002538 (v01 BOCHS  BXPC     00000001 BXPC 00000001)
[    0.008411] ACPI: FACS 0x000000003FFE0000 000040
[    0.008736] ACPI: APIC 0x000000003FFE25EC 000170 (v03 BOCHS  BXPC     00000001 BXPC 00000001)
[    0.009334] ACPI: HPET 0x000000003FFE275C 000038 (v01 BOCHS  BXPC     00000001 BXPC 00000001)
[    0.009933] ACPI: WAET 0x000000003FFE2794 000028 (v01 BOCHS  BXPC     00000001 BXPC 00000001)
[    0.010531] ACPI: Reserving FACP table memory at [mem 0x3ffe2578-0x3ffe25eb]
[    0.011026] ACPI: Reserving DSDT table memory at [mem 0x3ffe0040-0x3ffe2577]
[    0.011523] ACPI: Reserving FACS table memory at [mem 0x3ffe0000-0x3ffe003f]
[    0.012017] ACPI: Reserving APIC table memory at [mem 0x3ffe25ec-0x3ffe275b]
[    0.012511] ACPI: Reserving HPET table memory at [mem 0x3ffe275c-0x3ffe2793]
[    0.013005] ACPI: Reserving WAET table memory at [mem 0x3ffe2794-0x3ffe27bb]
[    0.013637] No NUMA configuration found
[    0.013907] Faking a node at [mem 0x0000000000000000-0x000000003ffdffff]
[    0.014378] NODE_DATA(0) allocated [mem 0x3ffdb600-0x3ffdffff]
[    0.014797] Zone ranges:
[    0.014975]   DMA      [mem 0x0000000000001000-0x0000000000ffffff]
[    0.015411]   DMA32    [mem 0x0000000001000000-0x000000003ffdffff]
[    0.015846]   Normal   empty
[    0.016048]   Device   empty
[    0.016251] Movable zone start for each node
[    0.016550] Early memory node ranges
[    0.016801]   node   0: [mem 0x0000000000001000-0x000000000009efff]
[    0.017242]   node   0: [mem 0x0000000000100000-0x000000003ffdffff]
[    0.017682] Initmem setup node 0 [mem 0x0000000000001000-0x000000003ffdffff]
[    0.018177] On node 0, zone DMA: 1 pages in unavailable ranges
[    0.018594] On node 0, zone DMA: 97 pages in unavailable ranges
[    0.019993] On node 0, zone DMA32: 32 pages in unavailable ranges
[    0.020616] ACPI: PM-Timer IO Port: 0x608
[    0.020903] ACPI: LAPIC_NMI (acpi_id[0xff] dfl dfl lint[0x1])
[    0.021321] IOAPIC[0]: apic_id 0, version 17, address 0xfec00000, GSI 0-23
[    0.021804] ACPI: INT_SRC_OVR (bus 0 bus_irq 0 global_irq 2 dfl dfl)
[    0.022250] ACPI: INT_SRC_OVR (bus 0 bus_irq 5 global_irq 5 high level)
[    0.022715] ACPI: INT_SRC_OVR (bus 0 bus_irq 9 global_irq 9 high level)
[    0.023182] ACPI: INT_SRC_OVR (bus 0 bus_irq 10 global_irq 10 high level)
[    0.023659] ACPI: INT_SRC_OVR (bus 0 bus_irq 11 global_irq 11 high level)
[    0.024136] ACPI: Using ACPI (MADT) for SMP configuration information
[    0.024589] ACPI: HPET id: 0x8086a201 base: 0xfed00000
[    0.024951] TSC deadline timer available
[    0.025228] CPU topo: Max. logical packages:   1
[    0.025552] CPU topo: Max. logical dies:       1
[    0.025876] CPU topo: Max. dies per package:   1
[    0.026201] CPU topo: Max. threads per core:   1
[    0.026525] CPU topo: Num. cores per package:    32
[    0.026867] CPU topo: Num. threads per package:  32
[    0.027211] CPU topo: Allowing 32 present CPUs plus 0 hotplug CPUs
[    0.027651] kvm-guest: APIC: eoi() replaced with kvm_guest_apic_eoi_write()
[    0.028146] kvm-guest: KVM setup pv remote TLB flush
[    0.028496] kvm-guest: setup PV sched yield
[    0.028792] PM: hibernation: Registered nosave memory: [mem 0x00000000-0x00000fff]
[    0.029323] PM: hibernation: Registered nosave memory: [mem 0x0009f000-0x000fffff]
[    0.029855] [mem 0x40000000-0xfeffbfff] available for PCI devices
[    0.030282] Booting paravirtualized kernel on KVM
[    0.030613] clocksource: refined-jiffies: mask: 0xffffffff max_cycles: 0xffffffff, max_idle_ns: 1910969940391419 ns
[    0.034097] setup_percpu: NR_CPUS:64 nr_cpumask_bits:32 nr_cpu_ids:32 nr_node_ids:1
[    0.035239] percpu: Embedded 53 pages/cpu s178392 r8192 d30504 u262144
[    0.035728] Kernel command line: virtme_hostname=virtme-ng nr_open=1048576 virtme_link_mods=/nipa-data/kernel/.virtme_mods/lib/modules/0.0.0 virtme_initmount0=nipa-data/kernel virtme_rw_overlay0=/etc virtme_rw_overlay1=/lib virtme_rw_overlay2=/home virtme_rw_overlay3=/opt virtme_rw_overlay4=/srv virtme_rw_overlay5=/usr virtme_rw_overlay6=/var console=hvc0 earlyprintk=serial,ttyS0,115200 virtme_console=ttyS0 psmouse.proto=exps TERM=xterm virtme_chdir=nipa-data/kernel virtme_root_user=1 rootfstype=9p rootflags=version=9p2000.L,trans=virtio,access=any raid=noautodetect ro init=/usr/lib/python3/dist-packages/virtme/guest/virtme-init
[    0.039810] Unknown kernel command line parameters "virtme_hostname=virtme-ng nr_open=1048576 virtme_link_mods=/nipa-data/kernel/.virtme_mods/lib/modules/0.0.0 virtme_initmount0=nipa-data/kernel virtme_rw_overlay0=/etc virtme_rw_overlay1=/lib virtme_rw_overlay2=/home virtme_rw_overlay3=/opt virtme_rw_overlay4=/srv virtme_rw_overlay5=/usr virtme_rw_overlay6=/var virtme_console=ttyS0 virtme_chdir=nipa-data/kernel virtme_root_user=1", will be passed to user space.
[    0.042937] random: crng init done
[    0.043183] printk: log buffer data + meta data: 262144 + 917504 = 1179648 bytes
[    0.043742] Dentry cache hash table entries: 131072 (order: 8, 1048576 bytes, linear)
[    0.044323] Inode-cache hash table entries: 65536 (order: 7, 524288 bytes, linear)
[    0.044955] Fallback order for Node 0: 0 
[    0.044957] Built 1 zonelists, mobility grouping on.  Total pages: 262014
[    0.045732] Policy zone: DMA32
[    0.045951] mem auto-init: stack:all(zero), heap alloc:off, heap free:off
[    0.046954] SLUB: HWalign=64, Order=0-3, MinObjects=0, CPUs=32, Nodes=1
Poking KASLR using RDRAND RDTSC...
[    0.054313] ftrace: allocating 48785 entries in 192 pages
[    0.054702] ftrace: allocated 192 pages with 2 groups
[    0.055677] Dynamic Preempt: voluntary
[    0.056069] rcu: Preemptible hierarchical RCU implementation.
[    0.056483] rcu: RCU event tracing is enabled.
[    0.056807] rcu: RCU restricting CPUs from NR_CPUS=64 to nr_cpu_ids=32.
[    0.057287] Trampoline variant of Tasks RCU enabled.
[    0.057649] Rude variant of Tasks RCU enabled.
[    0.057973] Tracing variant of Tasks RCU enabled.
[    0.058319] rcu: RCU calculated value of scheduler-enlistment delay is 100 jiffies.
[    0.058867] rcu: Adjusting geometry for rcu_fanout_leaf=16, nr_cpu_ids=32
[    0.059364] RCU Tasks: Setting shift to 5 and lim to 1 rcu_task_cb_adjust=1 rcu_task_cpu_ids=32.
[    0.059997] RCU Tasks Rude: Setting shift to 5 and lim to 1 rcu_task_cb_adjust=1 rcu_task_cpu_ids=32.
[    0.060660] RCU Tasks Trace: Setting shift to 5 and lim to 1 rcu_task_cb_adjust=1 rcu_task_cpu_ids=32.
[    0.063063] NR_IRQS: 4352, nr_irqs: 680, preallocated irqs: 16
[    0.063648] rcu: srcu_init: Setting srcu_struct sizes based on contention.
[    0.064277] Console: colour *CGA 80x25
[    0.064552] ACPI: Core revision 20240827
[    0.064896] clocksource: hpet: mask: 0xffffffff max_cycles: 0xffffffff, max_idle_ns: 19112604467 ns
[    0.065599] APIC: Switch to symmetric I/O mode setup
[    0.066095] x2apic enabled
[    0.066457] APIC: Switched APIC routing to: physical x2apic
[    0.066855] kvm-guest: APIC: send_IPI_mask() replaced with kvm_send_ipi_mask()
[    0.067376] kvm-guest: APIC: send_IPI_mask_allbutself() replaced with kvm_send_ipi_mask_allbutself()
[    0.068017] kvm-guest: setup PV IPIs
[    0.068996] ..TIMER: vector=0x30 apic1=0 pin1=2 apic2=-1 pin2=-1
[    0.069782] clocksource: tsc-early: mask: 0xffffffffffffffff max_cycles: 0x40be4320a4d, max_idle_ns: 440795288133 ns
[    0.071117] Calibrating delay loop (skipped) preset value.. 8983.12 BogoMIPS (lpj=4491560)
[    0.072177] x86/cpu: User Mode Instruction Prevention (UMIP) activated
[    0.073164] Last level iTLB entries: 4KB 512, 2MB 255, 4MB 127
[    0.074116] Last level dTLB entries: 4KB 512, 2MB 255, 4MB 127, 1GB 0
[    0.075120] Spectre V1 : Mitigation: usercopy/swapgs barriers and __user pointer sanitization
[    0.076119] Spectre V2 : Mitigation: Enhanced / Automatic IBRS
[    0.076847] Spectre V2 : mitigation: Enabling conditional Indirect Branch Prediction Barrier
[    0.077117] Speculative Store Bypass: Mitigation: Speculative Store Bypass disabled via prctl
[    0.078116] Speculative Return Stack Overflow: IBPB-extending microcode not applied!
[    0.079116] Speculative Return Stack Overflow: WARNING: See https://kernel.org/doc/html/latest/admin-guide/hw-vuln/srso.html for mitigation options.
[    0.079117] Speculative Return Stack Overflow: Vulnerable: Safe RET, no microcode
[    0.081130] x86/fpu: Supporting XSAVE feature 0x001: 'x87 floating point registers'
[    0.082116] x86/fpu: Supporting XSAVE feature 0x002: 'SSE registers'
[    0.083116] x86/fpu: Supporting XSAVE feature 0x004: 'AVX registers'
[    0.084116] x86/fpu: Supporting XSAVE feature 0x020: 'AVX-512 opmask'
[    0.085116] x86/fpu: Supporting XSAVE feature 0x040: 'AVX-512 Hi256'
[    0.085891] x86/fpu: Supporting XSAVE feature 0x080: 'AVX-512 ZMM_Hi256'
[    0.086116] x86/fpu: Supporting XSAVE feature 0x200: 'Protection Keys User registers'
[    0.087116] x86/fpu: xstate_offset[2]:  576, xstate_sizes[2]:  256
[    0.088116] x86/fpu: xstate_offset[5]:  832, xstate_sizes[5]:   64
[    0.089116] x86/fpu: xstate_offset[6]:  896, xstate_sizes[6]:  512
[    0.089869] x86/fpu: xstate_offset[7]: 1408, xstate_sizes[7]: 1024
[    0.090116] x86/fpu: xstate_offset[9]: 2432, xstate_sizes[9]:    8
[    0.091116] x86/fpu: Enabled xstate features 0x2e7, context size is 2440 bytes, using 'compacted' format.
[    0.107359] Freeing SMP alternatives memory: 44K
[    0.107928] pid_max: default: 32768 minimum: 301
[    0.108136] Mount-cache hash table entries: 2048 (order: 2, 16384 bytes, linear)
[    0.109117] Mountpoint-cache hash table entries: 2048 (order: 2, 16384 bytes, linear)
[    0.110259] smpboot: CPU0: AMD Ryzen 9 7950X 16-Core Processor (family: 0x19, model: 0x61, stepping: 0x2)
[    0.111216] Performance Events: Fam17h+ core perfctr, AMD PMU driver.
[    0.112024] ... version:                0
[    0.112118] ... bit width:              48
[    0.112618] ... generic registers:      6
[    0.113107] ... value mask:             0000ffffffffffff
[    0.113118] ... max period:             00007fffffffffff
[    0.113766] ... fixed-purpose events:   0
[    0.114117] ... event mask:             000000000000003f
[    0.114842] signal: max sigframe size: 3376
[    0.115131] rcu: Hierarchical SRCU implementation.
[    0.115716] rcu: Max phase no-delay instances is 400.
[    0.116141] Timer migration: 2 hierarchy levels; 8 children per group; 2 crossnode level
[    0.119172] smp: Bringing up secondary CPUs ...
[    0.119779] smpboot: x86: Booting SMP configuration:
[    0.120119] .... node  #0, CPUs:        #1  #2  #3  #4  #5  #6  #7  #8  #9 #10 #11 #12 #13 #14 #15 #16 #17 #18 #19 #20 #21 #22 #23 #24 #25 #26 #27 #28 #29 #30 #31
[    0.146208] smp: Brought up 1 node, 32 CPUs
[    0.147640] smpboot: Total of 32 processors activated (287459.84 BogoMIPS)
[    0.149258] Memory: 971000K/1048056K available (16098K kernel code, 2479K rwdata, 6436K rodata, 3196K init, 1680K bss, 62540K reserved, 0K cma-reserved)
[    0.150244] devtmpfs: initialized
[    0.150565] x86/mm: Memory block size: 128MB
[    0.151832] clocksource: jiffies: mask: 0xffffffff max_cycles: 0xffffffff, max_idle_ns: 1911260446275000 ns
[    0.152119] posixtimers hash table entries: 16384 (order: 6, 262144 bytes, linear)
[    0.153091] futex hash table entries: 8192 (order: 7, 524288 bytes, linear)
[    0.153241] PM: RTC time: 00:06:49, date: 2025-05-20
[    0.154203] NET: Registered PF_NETLINK/PF_ROUTE protocol family
[    0.155086] thermal_sys: Registered thermal governor 'step_wise'
[    0.155096] cpuidle: using governor menu
[    0.156488] PCI: Using configuration type 1 for base access
[    0.157118] PCI: Using configuration type 1 for extended access
[    0.157931] kprobes: kprobe jump-optimization is enabled. All kprobes are optimized if possible.
[    0.172980] HugeTLB: allocation took 0ms with hugepage_allocation_threads=8
[    0.173146] HugeTLB: registered 1.00 GiB page size, pre-allocated 0 pages
[    0.173985] HugeTLB: 16380 KiB vmemmap can be freed for a 1.00 GiB page
[    0.174118] HugeTLB: registered 2.00 MiB page size, pre-allocated 0 pages
[    0.174956] HugeTLB: 28 KiB vmemmap can be freed for a 2.00 MiB page
[    0.175183] ACPI: Added _OSI(Module Device)
[    0.175676] ACPI: Added _OSI(Processor Device)
[    0.176118] ACPI: Added _OSI(3.0 _SCP Extensions)
[    0.176703] ACPI: Added _OSI(Processor Aggregator Device)
[    0.177770] ACPI: 1 ACPI AML tables successfully acquired and loaded
[    0.178521] ACPI: Interpreter enabled
[    0.179125] ACPI: PM: (supports S0 S3 S4 S5)
[    0.179654] ACPI: Using IOAPIC for interrupt routing
[    0.180125] PCI: Using host bridge windows from ACPI; if necessary, use "pci=nocrs" and report a bug
[    0.181118] PCI: Using E820 reservations for host bridge windows
[    0.181949] ACPI: Enabled 2 GPEs in block 00 to 0F
[    0.184737] ACPI: PCI Root Bridge [PCI0] (domain 0000 [bus 00-ff])
[    0.185120] acpi PNP0A03:00: _OSC: OS supports [ExtendedConfig ASPM ClockPM Segments MSI HPX-Type3]
[    0.186205] PCI host bridge to bus 0000:00
[    0.186720] pci_bus 0000:00: root bus resource [io  0x0000-0x0cf7 window]
[    0.187118] pci_bus 0000:00: root bus resource [io  0x0d00-0xffff window]
[    0.187963] pci_bus 0000:00: root bus resource [mem 0x000a0000-0x000bffff window]
[    0.188118] pci_bus 0000:00: root bus resource [mem 0x40000000-0xfebfffff window]
[    0.189041] pci_bus 0000:00: root bus resource [mem 0x100000000-0x17fffffff window]
[    0.189118] pci_bus 0000:00: root bus resource [bus 00-ff]
[    0.189876] pci 0000:00:00.0: [8086:1237] type 00 class 0x060000 conventional PCI endpoint
[    0.190382] pci 0000:00:01.0: [8086:7000] type 00 class 0x060100 conventional PCI endpoint
[    0.191388] pci 0000:00:01.1: [8086:7010] type 00 class 0x010180 conventional PCI endpoint
[    0.192520] pci 0000:00:01.1: BAR 4 [io  0xc0c0-0xc0cf]
[    0.193136] pci 0000:00:01.1: BAR 0 [io  0x01f0-0x01f7]: legacy IDE quirk
[    0.193976] pci 0000:00:01.1: BAR 1 [io  0x03f6]: legacy IDE quirk
[    0.194118] pci 0000:00:01.1: BAR 2 [io  0x0170-0x0177]: legacy IDE quirk
[    0.194958] pci 0000:00:01.1: BAR 3 [io  0x0376]: legacy IDE quirk
[    0.195212] pci 0000:00:01.3: [8086:7113] type 00 class 0x068000 conventional PCI endpoint
[    0.196309] pci 0000:00:01.3: quirk: [io  0x0600-0x063f] claimed by PIIX4 ACPI
[    0.197122] pci 0000:00:01.3: quirk: [io  0x0700-0x070f] claimed by PIIX4 SMB
[    0.198170] pci 0000:00:02.0: [1af4:1009] type 00 class 0x000200 conventional PCI endpoint
[    0.199905] pci 0000:00:02.0: BAR 0 [io  0xc000-0xc03f]
[    0.200122] pci 0000:00:02.0: BAR 1 [mem 0xfebfc000-0xfebfcfff]
[    0.200864] pci 0000:00:02.0: BAR 4 [mem 0xfebf0000-0xfebf3fff 64bit pref]
[    0.201891] pci 0000:00:03.0: [1af4:1009] type 00 class 0x000200 conventional PCI endpoint
[    0.202663] pci 0000:00:03.0: BAR 0 [io  0xc040-0xc07f]
[    0.203122] pci 0000:00:03.0: BAR 1 [mem 0xfebfd000-0xfebfdfff]
[    0.203868] pci 0000:00:03.0: BAR 4 [mem 0xfebf4000-0xfebf7fff 64bit pref]
[    0.204643] pci 0000:00:04.0: [8086:25ab] type 00 class 0x088000 conventional PCI endpoint
[    0.205467] pci 0000:00:04.0: BAR 0 [mem 0xfebfe000-0xfebfe00f]
[    0.206521] pci 0000:00:05.0: [1af4:1003] type 00 class 0x078000 conventional PCI endpoint
[    0.207836] pci 0000:00:05.0: BAR 0 [io  0xc080-0xc0bf]
[    0.208122] pci 0000:00:05.0: BAR 1 [mem 0xfebff000-0xfebfffff]
[    0.209117] pci 0000:00:05.0: BAR 4 [mem 0xfebf8000-0xfebfbfff 64bit pref]
[    0.210688] ACPI: PCI: Interrupt link LNKA configured for IRQ 10
[    0.211226] ACPI: PCI: Interrupt link LNKB configured for IRQ 10
[    0.212062] ACPI: PCI: Interrupt link LNKC configured for IRQ 11
[    0.212212] ACPI: PCI: Interrupt link LNKD configured for IRQ 11
[    0.213017] ACPI: PCI: Interrupt link LNKS configured for IRQ 9
[    0.213937] iommu: Default domain type: Translated
[    0.214118] iommu: DMA domain TLB invalidation policy: lazy mode
[    0.214902] SCSI subsystem initialized
[    0.215153] pps_core: LinuxPPS API ver. 1 registered
[    0.215763] pps_core: Software ver. 5.3.6 - Copyright 2005-2007 Rodolfo Giometti <giometti@linux.it>
[    0.216120] PTP clock support registered
[    0.216624] Advanced Linux Sound Architecture Driver Initialized.
[    0.217405] NET: Registered PF_ATMPVC protocol family
[    0.218031] NET: Registered PF_ATMSVC protocol family
[    0.218123] PCI: Using ACPI for IRQ routing
[    0.218717] vgaarb: loaded
[    0.219132] hpet0: at MMIO 0xfed00000, IRQs 2, 8, 0
[    0.219738] hpet0: 3 comparators, 64-bit 100.000000 MHz counter
[    0.224188] clocksource: Switched to clocksource kvm-clock
[    0.224941] VFS: Disk quotas dquot_6.6.0
[    0.225888] VFS: Dquot-cache hash table entries: 512 (order 0, 4096 bytes)
[    0.226793] pnp: PnP ACPI init
[    0.227346] pnp: PnP ACPI: found 5 devices
[    0.234282] clocksource: acpi_pm: mask: 0xffffff max_cycles: 0xffffff, max_idle_ns: 2085701024 ns
[    0.235390] NET: Registered PF_INET protocol family
[    0.236098] IP idents hash table entries: 16384 (order: 5, 131072 bytes, linear)
[    0.237161] tcp_listen_portaddr_hash hash table entries: 512 (order: 1, 8192 bytes, linear)
[    0.238198] Table-perturb hash table entries: 65536 (order: 6, 262144 bytes, linear)
[    0.239162] TCP established hash table entries: 8192 (order: 4, 65536 bytes, linear)
[    0.240120] TCP bind hash table entries: 8192 (order: 6, 262144 bytes, linear)
[    0.241017] TCP: Hash tables configured (established 8192 bind 8192)
[    0.241815] UDP hash table entries: 512 (order: 3, 32768 bytes, linear)
[    0.242640] UDP-Lite hash table entries: 512 (order: 3, 32768 bytes, linear)
[    0.243545] NET: Registered PF_UNIX/PF_LOCAL protocol family
[    0.244251] pci_bus 0000:00: resource 4 [io  0x0000-0x0cf7 window]
[    0.245015] pci_bus 0000:00: resource 5 [io  0x0d00-0xffff window]
[    0.245773] pci_bus 0000:00: resource 6 [mem 0x000a0000-0x000bffff window]
[    0.246624] pci_bus 0000:00: resource 7 [mem 0x40000000-0xfebfffff window]
[    0.247473] pci_bus 0000:00: resource 8 [mem 0x100000000-0x17fffffff window]
[    0.248364] pci 0000:00:01.0: PIIX3: Enabling Passive Release
[    0.249077] pci 0000:00:00.0: Limiting direct PCI/PCI transfers
[    0.249834] PCI: CLS 0 bytes, default 64
[    0.250376] kvm_intel: VMX not supported by CPU 0
[    0.250963] kvm_amd: TSC scaling supported
[    0.251475] kvm_amd: Nested Virtualization enabled
[    0.252068] kvm_amd: Nested Paging enabled
[    0.252572] kvm_amd: LBR virtualization supported
[    0.253163] kvm_amd: Virtual GIF supported
[    0.253662] kvm_amd: Virtual NMI enabled
[    0.279227] clocksource: tsc: mask: 0xffffffffffffffff max_cycles: 0x40be4320a4d, max_idle_ns: 440795288133 ns
[    0.285486] Initialise system trusted keyrings
[    0.286110] workingset: timestamp_bits=56 max_order=18 bucket_order=0
[    0.286945] squashfs: version 4.0 (2009/01/31) Phillip Lougher
[    0.287686] fuse: init (API version 7.43)
[    0.288224] 9p: Installing v9fs 9p2000 file system support
[    0.295359] Key type asymmetric registered
[    0.295869] Asymmetric key parser 'x509' registered
[    0.296487] Block layer SCSI generic (bsg) driver version 0.4 loaded (major 249)
[    0.297418] io scheduler mq-deadline registered
[    0.297986] io scheduler kyber registered
[    0.299852] input: Power Button as /devices/LNXSYSTM:00/LNXPWRBN:00/input/input0
[    0.300820] ACPI: button: Power Button [PWRF]
[    0.301727] Warning: Processor Platform Limit event detected, but not handled.
[    0.302631] Consider compiling CPUfreq support into your kernel.
[    0.319882] ACPI: \_SB_.LNKB: Enabled at IRQ 10
[    0.335452] ACPI: \_SB_.LNKC: Enabled at IRQ 11
[    0.350944] ACPI: \_SB_.LNKA: Enabled at IRQ 10
[    0.352045] Serial: 8250/16550 driver, 4 ports, IRQ sharing enabled
[    0.352922] 00:03: ttyS0 at I/O 0x3f8 (irq = 4, base_baud = 115200) is a 16550A
[    0.372661] Non-volatile memory driver v1.3
[    0.373212] Linux agpgart interface v0.103
[    0.373728] printk: legacy console [hvc0] enabled
[    0.373766] ACPI: bus type drm_connector registered
[    0.374326] printk: legacy bootconsole [earlyser0] disabled
          _      _                                    
   __   _(_)_ __| |_ _ __ ___   ___       _ __   __ _ 
   \ \ / / |  __| __|  _   _ \ / _ \_____|  _ \ / _  |
    \ V /| | |  | |_| | | | | |  __/_____| | | | (_| |
     \_/ |_|_|   \__|_| |_| |_|\___|     |_| |_|\__  |
                                                |___/ 
   kernel version: 6.15.0-rc6-virtme x86_64
   (CTRL+d to exit)

root@virtme-ng:/nipa-data/kernel# PS1='xx__-> '
xx__-> env
PWD=/nipa-data/kernel
nr_open=1048576
HOME=/
TERM=xterm
SHLVL=2
XDG_RUNTIME_DIR=/run/user/0
PATH=/bin:/sbin:/usr/bin:/usr/sbin:/usr/local/bin
OLDPWD=/
_=/bin/env
xx__-> 