No EFI environment detected.
early console in extract_kernel
input_data: 0x0000000004cbf2c4
input_len: 0x000000000188f828
output: 0x0000000001000000
output_len: 0x00000000054d9284
kernel_total_size: 0x0000000005030000
needed_size: 0x0000000005600000
trampoline_32bit: 0x000000000009d000
Physical KASLR using RDRAND RDTSC...
Virtual KASLR using RDRAND RDTSC...

Decompressing Linux... Parsing ELF... Performing relocations... done.
Booting the kernel (entry_offset: 0x0000000000000000).
[    0.000000] Linux version 6.11.0-rc1-virtme (root@b2b63f1be6db) (gcc (Ubuntu 13.2.0-23ubuntu4) 13.2.0, GNU ld (GNU Binutils for Ubuntu) 2.42) #1 SMP PREEMPT_DYNAMIC Thu Aug  1 18:27:36 UTC 2024
[    0.000000] Command line: virtme_hostname=virtme-ng nr_open=1048576 virtme_link_mods=/nipa-data/kernel/.virtme_mods/lib/modules/0.0.0 virtme_initmount0=nipa-data/kernel virtme_rw_overlay0=/etc virtme_rw_overlay1=/lib virtme_rw_overlay2=/home virtme_rw_overlay3=/opt virtme_rw_overlay4=/srv virtme_rw_overlay5=/usr virtme_rw_overlay6=/var console=hvc0 earlyprintk=serial,ttyS0,115200 virtme_console=ttyS0 psmouse.proto=exps TERM=xterm virtme_chdir=nipa-data/kernel virtme_root_user=1 rootfstype=9p rootflags=version=9p2000.L,trans=virtio,access=any raid=noautodetect ro init=/usr/lib/python3/dist-packages/virtme/guest/virtme-init
[    0.000000] x86/split lock detection: #DB: warning on user-space bus_locks
[    0.000000] BIOS-provided physical RAM map:
[    0.000000] BIOS-e820: [mem 0x0000000000000000-0x000000000009fbff] usable
[    0.000000] BIOS-e820: [mem 0x000000000009fc00-0x000000000009ffff] reserved
[    0.000000] BIOS-e820: [mem 0x00000000000f0000-0x00000000000fffff] reserved
[    0.000000] BIOS-e820: [mem 0x0000000000100000-0x000000003ffdffff] usable
[    0.000000] BIOS-e820: [mem 0x000000003ffe0000-0x000000003fffffff] reserved
[    0.000000] BIOS-e820: [mem 0x00000000feffc000-0x00000000feffffff] reserved
[    0.000000] BIOS-e820: [mem 0x00000000fffc0000-0x00000000ffffffff] reserved
[    0.000000] printk: legacy bootconsole [earlyser0] enabled
[    0.000000] NX (Execute Disable) protection: active
[    0.000000] APIC: Static calls initialized
[    0.000000] SMBIOS 3.0.0 present.
[    0.000000] DMI: QEMU Ubuntu 24.04 PC (i440FX + PIIX, 1996), BIOS 1.16.3-debian-1.16.3-2 04/01/2014
[    0.000000] DMI: Memory slots populated: 1/1
[    0.000000] Hypervisor detected: KVM
[    0.000000] kvm-clock: Using msrs 4b564d01 and 4b564d00
[    0.000001] kvm-clock: using sched offset of 1253709387 cycles
[    0.000758] clocksource: kvm-clock: mask: 0xffffffffffffffff max_cycles: 0x1cd42e4dffb, max_idle_ns: 881590591483 ns
[    0.003117] tsc: Detected 2000.000 MHz processor
[    0.004369] last_pfn = 0x3ffe0 max_arch_pfn = 0x10000000000
[    0.005235] MTRR map: 4 entries (3 fixed + 1 variable; max 19), built from 8 variable MTRRs
[    0.006445] x86/PAT: Configuration [0-7]: WB  WC  UC- UC  WB  WP  UC- WT  
[    0.013716] found SMP MP-table at [mem 0x000f5470-0x000f547f]
[    0.014564] Using GB pages for direct mapping
[    0.015493] ACPI: Early table checksum verification disabled
[    0.016314] ACPI: RSDP 0x00000000000F5290 000014 (v00 BOCHS )
[    0.017149] ACPI: RSDT 0x000000003FFE308E 000034 (v01 BOCHS  BXPC     00000001 BXPC 00000001)
[    0.018390] ACPI: FACP 0x000000003FFE2D8A 000074 (v01 BOCHS  BXPC     00000001 BXPC 00000001)
[    0.019631] ACPI: DSDT 0x000000003FFE0040 002D4A (v01 BOCHS  BXPC     00000001 BXPC 00000001)
[    0.020865] ACPI: FACS 0x000000003FFE0000 000040
[    0.021536] ACPI: APIC 0x000000003FFE2DFE 000230 (v03 BOCHS  BXPC     00000001 BXPC 00000001)
[    0.022778] ACPI: HPET 0x000000003FFE302E 000038 (v01 BOCHS  BXPC     00000001 BXPC 00000001)
[    0.024008] ACPI: WAET 0x000000003FFE3066 000028 (v01 BOCHS  BXPC     00000001 BXPC 00000001)
[    0.025237] ACPI: Reserving FACP table memory at [mem 0x3ffe2d8a-0x3ffe2dfd]
[    0.026254] ACPI: Reserving DSDT table memory at [mem 0x3ffe0040-0x3ffe2d89]
[    0.027270] ACPI: Reserving FACS table memory at [mem 0x3ffe0000-0x3ffe003f]
[    0.028284] ACPI: Reserving APIC table memory at [mem 0x3ffe2dfe-0x3ffe302d]
[    0.029298] ACPI: Reserving HPET table memory at [mem 0x3ffe302e-0x3ffe3065]
[    0.030317] ACPI: Reserving WAET table memory at [mem 0x3ffe3066-0x3ffe308d]
[    0.031832] No NUMA configuration found
[    0.032385] Faking a node at [mem 0x0000000000000000-0x000000003ffdffff]
[    0.033352] NODE_DATA(0) allocated [mem 0x3ffdb000-0x3ffdffff]
[    0.034355] Zone ranges:
[    0.034723]   DMA      [mem 0x0000000000001000-0x0000000000ffffff]
[    0.035615]   DMA32    [mem 0x0000000001000000-0x000000003ffdffff]
[    0.036506]   Normal   empty
[    0.036923]   Device   empty
[    0.037339] Movable zone start for each node
[    0.037954] Early memory node ranges
[    0.038482]   node   0: [mem 0x0000000000001000-0x000000000009efff]
[    0.039391]   node   0: [mem 0x0000000000100000-0x000000003ffdffff]
[    0.040295] Initmem setup node 0 [mem 0x0000000000001000-0x000000003ffdffff]
[    0.041321] On node 0, zone DMA: 1 pages in unavailable ranges
[    0.042268] On node 0, zone DMA: 97 pages in unavailable ranges
[    0.051797] On node 0, zone DMA32: 32 pages in unavailable ranges
[    0.085720] kasan: KernelAddressSanitizer initialized
[    0.087002] ACPI: PM-Timer IO Port: 0x608
[    0.087608] ACPI: LAPIC_NMI (acpi_id[0xff] dfl dfl lint[0x1])
[    0.088492] IOAPIC[0]: apic_id 0, version 17, address 0xfec00000, GSI 0-23
[    0.089485] ACPI: INT_SRC_OVR (bus 0 bus_irq 0 global_irq 2 dfl dfl)
[    0.090405] ACPI: INT_SRC_OVR (bus 0 bus_irq 5 global_irq 5 high level)
[    0.091357] ACPI: INT_SRC_OVR (bus 0 bus_irq 9 global_irq 9 high level)
[    0.092310] ACPI: INT_SRC_OVR (bus 0 bus_irq 10 global_irq 10 high level)
[    0.093288] ACPI: INT_SRC_OVR (bus 0 bus_irq 11 global_irq 11 high level)
[    0.094274] ACPI: Using ACPI (MADT) for SMP configuration information
[    0.095202] ACPI: HPET id: 0x8086a201 base: 0xfed00000
[    0.095951] TSC deadline timer available
[    0.096520] CPU topo: Max. logical packages:   1
[    0.097187] CPU topo: Max. logical dies:       1
[    0.097850] CPU topo: Max. dies per package:   1
[    0.098521] CPU topo: Max. threads per core:   1
[    0.099188] CPU topo: Num. cores per package:    56
[    0.099904] CPU topo: Num. threads per package:  56
[    0.100607] CPU topo: Allowing 56 present CPUs plus 0 hotplug CPUs
[    0.101531] kvm-guest: APIC: eoi() replaced with kvm_guest_apic_eoi_write()
[    0.102638] kvm-guest: KVM setup pv remote TLB flush
[    0.103360] kvm-guest: setup PV sched yield
[    0.103972] PM: hibernation: Registered nosave memory: [mem 0x00000000-0x00000fff]
[    0.105068] PM: hibernation: Registered nosave memory: [mem 0x0009f000-0x0009ffff]
[    0.106159] PM: hibernation: Registered nosave memory: [mem 0x000a0000-0x000effff]
[    0.107254] PM: hibernation: Registered nosave memory: [mem 0x000f0000-0x000fffff]
[    0.108347] [mem 0x40000000-0xfeffbfff] available for PCI devices
[    0.109226] Booting paravirtualized kernel on KVM
[    0.109906] clocksource: refined-jiffies: mask: 0xffffffff max_cycles: 0xffffffff, max_idle_ns: 1910969940391419 ns
[    0.132479] setup_percpu: NR_CPUS:64 nr_cpumask_bits:56 nr_cpu_ids:56 nr_node_ids:1
[    0.142949] percpu: Embedded 70 pages/cpu s248408 r8192 d30120 u524288
[    0.144104] Kernel command line: virtme_hostname=virtme-ng nr_open=1048576 virtme_link_mods=/nipa-data/kernel/.virtme_mods/lib/modules/0.0.0 virtme_initmount0=nipa-data/kernel virtme_rw_overlay0=/etc virtme_rw_overlay1=/lib virtme_rw_overlay2=/home virtme_rw_overlay3=/opt virtme_rw_overlay4=/srv virtme_rw_overlay5=/usr virtme_rw_overlay6=/var console=hvc0 earlyprintk=serial,ttyS0,115200 virtme_console=ttyS0 psmouse.proto=exps TERM=xterm virtme_chdir=nipa-data/kernel virtme_root_user=1 rootfstype=9p rootflags=version=9p2000.L,trans=virtio,access=any raid=noautodetect ro init=/usr/lib/python3/dist-packages/virtme/guest/virtme-init
[    0.152541] Unknown kernel command line parameters "virtme_hostname=virtme-ng nr_open=1048576 virtme_link_mods=/nipa-data/kernel/.virtme_mods/lib/modules/0.0.0 virtme_initmount0=nipa-data/kernel virtme_rw_overlay0=/etc virtme_rw_overlay1=/lib virtme_rw_overlay2=/home virtme_rw_overlay3=/opt virtme_rw_overlay4=/srv virtme_rw_overlay5=/usr virtme_rw_overlay6=/var virtme_console=ttyS0 virtme_chdir=nipa-data/kernel virtme_root_user=1", will be passed to user space.
[    0.158523] random: crng init done
[    0.159022] printk: log_buf_len individual max cpu contribution: 4096 bytes
[    0.160038] printk: log_buf_len total cpu_extra contributions: 225280 bytes
[    0.161055] printk: log_buf_len min size: 262144 bytes
[    0.162703] printk: log_buf_len: 524288 bytes
[    0.163371] printk: early log buf free: 253864(96%)
[    0.164564] Dentry cache hash table entries: 131072 (order: 8, 1048576 bytes, linear)
[    0.165788] Inode-cache hash table entries: 65536 (order: 7, 524288 bytes, linear)
[    0.169485] Fallback order for Node 0: 0 
[    0.169502] Built 1 zonelists, mobility grouping on.  Total pages: 262014
[    0.171023] Policy zone: DMA32
[    0.171449] mem auto-init: stack:all(zero), heap alloc:off, heap free:off
[    0.172388] stackdepot: allocating hash table via alloc_large_system_hash
[    0.173330] stackdepot hash table entries: 1048576 (order: 12, 16777216 bytes, linear)
[    0.198031] SLUB: HWalign=64, Order=0-3, MinObjects=0, CPUs=56, Nodes=1
Poking KASLR using RDRAND RDTSC...
[    0.199577] ftrace: allocating 48350 entries in 189 pages
[    0.219550] ftrace: allocated 189 pages with 6 groups
[    0.222190] Dynamic Preempt: voluntary
[    0.224756] rcu: Preemptible hierarchical RCU implementation.
[    0.225559] rcu: RCU event tracing is enabled.
[    0.226186] rcu: RCU restricting CPUs from NR_CPUS=64 to nr_cpu_ids=56.
[    0.227120] Trampoline variant of Tasks RCU enabled.
[    0.227820] Rude variant of Tasks RCU enabled.
[    0.228446] Tracing variant of Tasks RCU enabled.
[    0.229109] rcu: RCU calculated value of scheduler-enlistment delay is 100 jiffies.
[    0.230166] rcu: Adjusting geometry for rcu_fanout_leaf=16, nr_cpu_ids=56
[    0.231411] RCU Tasks: Setting shift to 6 and lim to 1 rcu_task_cb_adjust=1.
[    0.232392] RCU Tasks Rude: Setting shift to 6 and lim to 1 rcu_task_cb_adjust=1.
[    0.233431] RCU Tasks Trace: Setting shift to 6 and lim to 1 rcu_task_cb_adjust=1.
[    0.254626] NR_IRQS: 4352, nr_irqs: 872, preallocated irqs: 16
[    0.255989] rcu: srcu_init: Setting srcu_struct sizes based on contention.
[    0.257419] Console: colour *CGA 80x25
[    0.258056] ACPI: Core revision 20240322
[    0.258969] clocksource: hpet: mask: 0xffffffff max_cycles: 0xffffffff, max_idle_ns: 19112604467 ns
[    0.260570] APIC: Switch to symmetric I/O mode setup
[    0.261900] APIC: Switched APIC routing to: physical flat
[    0.262736] kvm-guest: APIC: send_IPI_mask() replaced with kvm_send_ipi_mask()
[    0.263791] kvm-guest: APIC: send_IPI_mask_allbutself() replaced with kvm_send_ipi_mask_allbutself()
[    0.265359] kvm-guest: setup PV IPIs
[    0.267611] ..TIMER: vector=0x30 apic1=0 pin1=2 apic2=-1 pin2=-1
[    0.269339] clocksource: tsc-early: mask: 0xffffffffffffffff max_cycles: 0x39a85c9bff6, max_idle_ns: 881590591483 ns
[    0.272590] Calibrating delay loop (skipped) preset value.. 4000.00 BogoMIPS (lpj=2000000)
[    0.275688] x86/cpu: User Mode Instruction Prevention (UMIP) activated
[    0.277621] Last level iTLB entries: 4KB 0, 2MB 0, 4MB 0
[    0.278583] Last level dTLB entries: 4KB 0, 2MB 0, 4MB 0, 1GB 0
[    0.279613] Spectre V1 : Mitigation: usercopy/swapgs barriers and __user pointer sanitization
[    0.280602] Spectre V2 : Spectre BHI mitigation: SW BHB clearing on syscall and VM exit
[    0.281591] Spectre V2 : Mitigation: Enhanced / Automatic IBRS
[    0.282590] Spectre V2 : Spectre v2 / SpectreRSB mitigation: Filling RSB on context switch
[    0.283591] Spectre V2 : Spectre v2 / PBRSB-eIBRS: Retire a single CALL on VMEXIT
[    0.284599] Spectre V2 : mitigation: Enabling conditional Indirect Branch Prediction Barrier
[    0.285595] Speculative Store Bypass: Mitigation: Speculative Store Bypass disabled via prctl
[    0.286584] TAA: Mitigation: TSX disabled
[    0.287669] x86/fpu: Supporting XSAVE feature 0x001: 'x87 floating point registers'
[    0.288591] x86/fpu: Supporting XSAVE feature 0x002: 'SSE registers'
[    0.289591] x86/fpu: Supporting XSAVE feature 0x004: 'AVX registers'
[    0.290591] x86/fpu: Supporting XSAVE feature 0x020: 'AVX-512 opmask'
[    0.291591] x86/fpu: Supporting XSAVE feature 0x040: 'AVX-512 Hi256'
[    0.292590] x86/fpu: Supporting XSAVE feature 0x080: 'AVX-512 ZMM_Hi256'
[    0.293591] x86/fpu: Supporting XSAVE feature 0x200: 'Protection Keys User registers'
[    0.294591] x86/fpu: Supporting XSAVE feature 0x20000: 'AMX Tile config'
[    0.295591] x86/fpu: Supporting XSAVE feature 0x40000: 'AMX Tile data'
[    0.296591] x86/fpu: xstate_offset[2]:  576, xstate_sizes[2]:  256
[    0.297591] x86/fpu: xstate_offset[5]:  832, xstate_sizes[5]:   64
[    0.298591] x86/fpu: xstate_offset[6]:  896, xstate_sizes[6]:  512
[    0.299591] x86/fpu: xstate_offset[7]: 1408, xstate_sizes[7]: 1024
[    0.300591] x86/fpu: xstate_offset[9]: 2432, xstate_sizes[9]:    8
[    0.301591] x86/fpu: xstate_offset[17]: 2496, xstate_sizes[17]:   64
[    0.302583] x86/fpu: xstate_offset[18]: 2560, xstate_sizes[18]: 8192
[    0.303582] x86/fpu: Enabled xstate features 0x602e7, context size is 10752 bytes, using 'compacted' format.
[    0.348367] Freeing SMP alternatives memory: 40K
[    0.348584] pid_max: default: 57344 minimum: 448
[    0.350689] Mount-cache hash table entries: 2048 (order: 2, 16384 bytes, linear)
[    0.351585] Mountpoint-cache hash table entries: 2048 (order: 2, 16384 bytes, linear)
[    0.354080] smpboot: CPU0: Intel(R) Xeon(R) Platinum 8480+ (family: 0x6, model: 0x8f, stepping: 0x6)
[    0.355373] Performance Events: PEBS fmt0-, Sapphire Rapids events, full-width counters, Intel PMU driver.
[    0.355589] ... version:                2
[    0.356421] ... bit width:              48
[    0.356585] ... generic registers:      8
[    0.357390] ... value mask:             0000ffffffffffff
[    0.357584] ... max period:             00007fffffffffff
[    0.358584] ... fixed-purpose events:   3
[    0.359384] ... event mask:             00000007000000ff
[    0.359929] signal: max sigframe size: 11952
[    0.360657] rcu: Hierarchical SRCU implementation.
[    0.361585] rcu: Max phase no-delay instances is 400.
[    0.362696] Timer migration: 2 hierarchy levels; 8 children per group; 2 crossnode level
[    0.366248] smp: Bringing up secondary CPUs ...
[    0.366886] smpboot: x86: Booting SMP configuration:
[    0.367590] .... node  #0, CPUs:        #1  #2  #3  #4  #5  #6  #7  #8  #9 #10 #11 #12 #13 #14 #15 #16 #17 #18 #19 #20 #21 #22 #23 #24 #25 #26 #27 #28 #29 #30 #31 #32 #33 #34 #35 #36 #37 #38 #39 #40 #41 #42 #43 #44 #45 #46 #47 #48 #49 #50 #51 #52 #53 #54 #55
[    0.433299] smp: Brought up 1 node, 56 CPUs
[    0.434458] smpboot: Total of 56 processors activated (224000.00 BogoMIPS)
[    0.453705] Memory: 742788K/1048056K available (45056K kernel code, 11284K rwdata, 9916K rodata, 5952K init, 1988K bss, 280372K reserved, 0K cma-reserved)
[    0.455584] devtmpfs: initialized
[    0.456843] x86/mm: Memory block size: 128MB
[    0.467017] clocksource: jiffies: mask: 0xffffffff max_cycles: 0xffffffff, max_idle_ns: 1911260446275000 ns
[    0.467609] futex hash table entries: 16384 (order: 8, 1048576 bytes, linear)
[    0.469586] PM: RTC time: 18:28:21, date: 2024-08-01
[    0.473391] NET: Registered PF_NETLINK/PF_ROUTE protocol family
[    0.474773] thermal_sys: Registered thermal governor 'step_wise'
[    0.474778] thermal_sys: Registered thermal governor 'user_space'
[    0.475662] cpuidle: using governor menu
[    0.478884] PCI: Using configuration type 1 for base access
[    0.479769] kprobes: kprobe jump-optimization is enabled. All kprobes are optimized if possible.
[    0.512780] HugeTLB: registered 1.00 GiB page size, pre-allocated 0 pages
[    0.513587] HugeTLB: 16380 KiB vmemmap can be freed for a 1.00 GiB page
[    0.515587] HugeTLB: registered 2.00 MiB page size, pre-allocated 0 pages
[    0.517585] HugeTLB: 28 KiB vmemmap can be freed for a 2.00 MiB page
[    0.520187] ACPI: Added _OSI(Module Device)
[    0.521587] ACPI: Added _OSI(Processor Device)
[    0.522585] ACPI: Added _OSI(3.0 _SCP Extensions)
[    0.523585] ACPI: Added _OSI(Processor Aggregator Device)
[    0.555053] ACPI: 1 ACPI AML tables successfully acquired and loaded
[    0.565556] ACPI: Interpreter enabled
[    0.566665] ACPI: PM: (supports S0 S3 S4 S5)
[    0.567527] ACPI: Using IOAPIC for interrupt routing
[    0.568662] PCI: Using host bridge windows from ACPI; if necessary, use "pci=nocrs" and report a bug
[    0.569586] PCI: Using E820 reservations for host bridge windows
[    0.572040] ACPI: Enabled 2 GPEs in block 00 to 0F
[    0.634963] ACPI: PCI Root Bridge [PCI0] (domain 0000 [bus 00-ff])
[    0.635603] acpi PNP0A03:00: _OSC: OS supports [ASPM ClockPM Segments MSI HPX-Type3]
[    0.637586] acpi PNP0A03:00: _OSC: not requesting OS control; OS requires [ExtendedConfig ASPM ClockPM MSI]
[    0.638718] acpi PNP0A03:00: fail to add MMCONFIG information, can't access extended configuration space under this bridge
[    0.642025] PCI host bridge to bus 0000:00
[    0.642659] pci_bus 0000:00: root bus resource [io  0x0000-0x0cf7 window]
[    0.643588] pci_bus 0000:00: root bus resource [io  0x0d00-0xffff window]
[    0.644587] pci_bus 0000:00: root bus resource [mem 0x000a0000-0x000bffff window]
[    0.646588] pci_bus 0000:00: root bus resource [mem 0x40000000-0xfebfffff window]
[    0.647587] pci_bus 0000:00: root bus resource [mem 0x100000000-0x17fffffff window]
[    0.648588] pci_bus 0000:00: root bus resource [bus 00-ff]
[    0.649655] pci 0000:00:00.0: [8086:1237] type 00 class 0x060000 conventional PCI endpoint
[    0.652821] pci 0000:00:01.0: [8086:7000] type 00 class 0x060100 conventional PCI endpoint
[    0.654952] pci 0000:00:01.1: [8086:7010] type 00 class 0x010180 conventional PCI endpoint
[    0.659587] pci 0000:00:01.1: BAR 4 [io  0xc0c0-0xc0cf]
[    0.661899] pci 0000:00:01.1: BAR 0 [io  0x01f0-0x01f7]: legacy IDE quirk
[    0.663585] pci 0000:00:01.1: BAR 1 [io  0x03f6]: legacy IDE quirk
[    0.664585] pci 0000:00:01.1: BAR 2 [io  0x0170-0x0177]: legacy IDE quirk
[    0.665585] pci 0000:00:01.1: BAR 3 [io  0x0376]: legacy IDE quirk
[    0.668574] pci 0000:00:01.3: [8086:7113] type 00 class 0x068000 conventional PCI endpoint
[    0.671186] pci 0000:00:01.3: quirk: [io  0x0600-0x063f] claimed by PIIX4 ACPI
[    0.671598] pci 0000:00:01.3: quirk: [io  0x0700-0x070f] claimed by PIIX4 SMB
[    0.674614] pci 0000:00:02.0: [1af4:1009] type 00 class 0x000200 conventional PCI endpoint
[    0.676587] pci 0000:00:02.0: BAR 0 [io  0xc000-0xc03f]
[    0.678517] pci 0000:00:02.0: BAR 1 [mem 0xfebfc000-0xfebfcfff]
[    0.684588] pci 0000:00:02.0: BAR 4 [mem 0xfebf0000-0xfebf3fff 64bit pref]
[    0.699788] pci 0000:00:03.0: [1af4:1009] type 00 class 0x000200 conventional PCI endpoint
[    0.702469] pci 0000:00:03.0: BAR 0 [io  0xc040-0xc07f]
[    0.703402] pci 0000:00:03.0: BAR 1 [mem 0xfebfd000-0xfebfdfff]
[    0.707591] pci 0000:00:03.0: BAR 4 [mem 0xfebf4000-0xfebf7fff 64bit pref]
[    0.721476] pci 0000:00:04.0: [8086:25ab] type 00 class 0x088000 conventional PCI endpoint
[    0.723030] pci 0000:00:04.0: BAR 0 [mem 0xfebfe000-0xfebfe00f]
[    0.737303] pci 0000:00:05.0: [1af4:1003] type 00 class 0x078000 conventional PCI endpoint
[    0.739461] pci 0000:00:05.0: BAR 0 [io  0xc080-0xc0bf]
[    0.741456] pci 0000:00:05.0: BAR 1 [mem 0xfebff000-0xfebfffff]
[    0.744591] pci 0000:00:05.0: BAR 4 [mem 0xfebf8000-0xfebfbfff 64bit pref]
[    0.761581] ACPI: PCI: Interrupt link LNKA configured for IRQ 10
[    0.764664] ACPI: PCI: Interrupt link LNKB configured for IRQ 10
[    0.766629] ACPI: PCI: Interrupt link LNKC configured for IRQ 11
[    0.768626] ACPI: PCI: Interrupt link LNKD configured for IRQ 11
[    0.771023] ACPI: PCI: Interrupt link LNKS configured for IRQ 9
[    0.806522] iommu: Default domain type: Translated
[    0.807586] iommu: DMA domain TLB invalidation policy: lazy mode
[    0.809167] SCSI subsystem initialized
[    0.810867] pps_core: LinuxPPS API ver. 1 registered
[    0.811588] pps_core: Software ver. 5.3.6 - Copyright 2005-2007 Rodolfo Giometti <giometti@linux.it>
[    0.813601] PTP clock support registered
[    0.815685] Advanced Linux Sound Architecture Driver Initialized.
[    0.819420] NET: Registered PF_ATMPVC protocol family
[    0.820586] NET: Registered PF_ATMSVC protocol family
[    0.821615] PCI: Using ACPI for IRQ routing
[    0.822743] vgaarb: loaded
[    0.823894] hpet0: at MMIO 0xfed00000, IRQs 2, 8, 0
[    0.824581] hpet0: 3 comparators, 64-bit 100.000000 MHz counter
[    0.831917] clocksource: Switched to clocksource kvm-clock
[    0.833690] VFS: Disk quotas dquot_6.6.0
[    0.834520] VFS: Dquot-cache hash table entries: 512 (order 0, 4096 bytes)
[    0.840182] pnp: PnP ACPI init
[    0.845870] pnp: PnP ACPI: found 5 devices
[    0.872801] clocksource: acpi_pm: mask: 0xffffff max_cycles: 0xffffff, max_idle_ns: 2085701024 ns
[    0.874764] NET: Registered PF_INET protocol family
[    0.875849] IP idents hash table entries: 16384 (order: 5, 131072 bytes, linear)
[    0.878121] tcp_listen_portaddr_hash hash table entries: 512 (order: 1, 8192 bytes, linear)
[    0.879821] Table-perturb hash table entries: 65536 (order: 6, 262144 bytes, linear)
[    0.881419] TCP established hash table entries: 8192 (order: 4, 65536 bytes, linear)
[    0.883008] TCP bind hash table entries: 8192 (order: 6, 262144 bytes, linear)
[    0.884490] TCP: Hash tables configured (established 8192 bind 8192)
[    0.886462] UDP hash table entries: 512 (order: 2, 16384 bytes, linear)
[    0.887833] UDP-Lite hash table entries: 512 (order: 2, 16384 bytes, linear)
[    0.889694] NET: Registered PF_UNIX/PF_LOCAL protocol family
[    0.890873] pci_bus 0000:00: resource 4 [io  0x0000-0x0cf7 window]
[    0.892121] pci_bus 0000:00: resource 5 [io  0x0d00-0xffff window]
[    0.893374] pci_bus 0000:00: resource 6 [mem 0x000a0000-0x000bffff window]
[    0.894763] pci_bus 0000:00: resource 7 [mem 0x40000000-0xfebfffff window]
[    0.896151] pci_bus 0000:00: resource 8 [mem 0x100000000-0x17fffffff window]
[    0.897828] pci 0000:00:01.0: PIIX3: Enabling Passive Release
[    0.899007] pci 0000:00:00.0: Limiting direct PCI/PCI transfers
[    0.900304] PCI: CLS 0 bytes, default 64
[    0.918327] RAPL PMU: API unit is 2^-32 Joules, 1 fixed counters, 10737418240 ms ovfl timer
[    0.920101] RAPL PMU: hw unit of domain psys 2^-0 Joules
[    1.273438] kwatchdog (374) used greatest stack depth: 30696 bytes left
[    1.496683] kvm_amd: CPU 30 isn't AMD or Hygon
[    1.497601] clocksource: tsc: mask: 0xffffffffffffffff max_cycles: 0x39a85c9bff6, max_idle_ns: 881590591483 ns
[    1.650309] Initialise system trusted keyrings
[    1.652257] workingset: timestamp_bits=56 max_order=18 bucket_order=0
[    1.653998] squashfs: version 4.0 (2009/01/31) Phillip Lougher
[    1.655211] fuse: init (API version 7.40)
[    1.656753] 9p: Installing v9fs 9p2000 file system support
[    1.676756] Key type asymmetric registered
[    1.677589] Asymmetric key parser 'x509' registered
[    1.678659] Block layer SCSI generic (bsg) driver version 0.4 loaded (major 249)
[    1.680188] io scheduler mq-deadline registered
[    1.681113] io scheduler kyber registered
[    1.704298] input: Power Button as /devices/LNXSYSTM:00/LNXPWRBN:00/input/input0
[    1.706274] ACPI: button: Power Button [PWRF]
[    1.710331] Warning: Processor Platform Limit event detected, but not handled.
[    1.713788] Consider compiling CPUfreq support into your kernel.
[    2.635925] ACPI: \_SB_.LNKB: Enabled at IRQ 10
[    3.516711] ACPI: \_SB_.LNKC: Enabled at IRQ 11
[    4.178713] ACPI: \_SB_.LNKA: Enabled at IRQ 10
[    4.180365] Serial: 8250/16550 driver, 4 ports, IRQ sharing enabled
[    4.181301] 00:03: ttyS0 at I/O 0x3f8 (irq = 4, base_baud = 115200) is a 16550A
[    4.205295] Non-volatile memory driver v1.3
[    4.205791] Linux agpgart interface v0.103
[    4.206351] ACPI: bus type drm_connector registered
[    4.208177] printk: legacy console [hvc0] enabled
[    4.209203] printk: legacy bootconsole [earlyser0] disabled
          _      _                                    
   __   _(_)_ __| |_ _ __ ___   ___       _ __   __ _ 
   \ \ / / |  __| __|  _   _ \ / _ \_____|  _ \ / _  |
    \ V /| | |  | |_| | | | | |  __/_____| | | | (_| |
     \_/ |_|_|   \__|_| |_| |_|\___|     |_| |_|\__  |
                                                |___/ 
   kernel version: 6.11.0-rc1-virtme x86_64
   (CTRL+d to exit)

root@virtme-ng:/nipa-data/kernel# PS1='xx__-> '
xx__-> env
PWD=/nipa-data/kernel
nr_open=1048576
HOME=/
TERM=xterm
SHLVL=2
XDG_RUNTIME_DIR=/run/user/0
PATH=/bin:/sbin:/usr/bin:/usr/sbin:/usr/local/bin
OLDPWD=/
_=/bin/env
xx__-> 