No EFI environment detected.
early console in extract_kernel
input_data: 0x0000000002be72c4
input_len: 0x0000000000b56a30
output: 0x0000000001000000
output_len: 0x00000000026f5f24
kernel_total_size: 0x0000000002430000
needed_size: 0x0000000002800000
trampoline_32bit: 0x000000000009d000
Physical KASLR using RDRAND RDTSC...
Virtual KASLR using RDRAND RDTSC...

Decompressing Linux... Parsing ELF... Performing relocations... done.
Booting the kernel (entry_offset: 0x0000000000000000).
[    0.000000] Linux version 6.11.0-rc2-virtme (root@c0e660df5730) (gcc (Ubuntu 13.2.0-23ubuntu4) 13.2.0, GNU ld (GNU Binutils for Ubuntu) 2.42) #1 SMP PREEMPT_DYNAMIC Sun Aug 11 00:07:22 UTC 2024
[    0.000000] Command line: virtme_hostname=virtme-ng nr_open=1048576 virtme_link_mods=/nipa-data/kernel/.virtme_mods/lib/modules/0.0.0 virtme_initmount0=nipa-data/kernel virtme_rw_overlay0=/etc virtme_rw_overlay1=/lib virtme_rw_overlay2=/home virtme_rw_overlay3=/opt virtme_rw_overlay4=/srv virtme_rw_overlay5=/usr virtme_rw_overlay6=/var console=hvc0 earlyprintk=serial,ttyS0,115200 virtme_console=ttyS0 psmouse.proto=exps TERM=xterm virtme_chdir=nipa-data/kernel virtme_root_user=1 rootfstype=9p rootflags=version=9p2000.L,trans=virtio,access=any raid=noautodetect ro init=/usr/lib/python3/dist-packages/virtme/guest/virtme-init
[    0.000000] x86/split lock detection: #DB: warning on user-space bus_locks
[    0.000000] BIOS-provided physical RAM map:
[    0.000000] BIOS-e820: [mem 0x0000000000000000-0x000000000009fbff] usable
[    0.000000] BIOS-e820: [mem 0x000000000009fc00-0x000000000009ffff] reserved
[    0.000000] BIOS-e820: [mem 0x00000000000f0000-0x00000000000fffff] reserved
[    0.000000] BIOS-e820: [mem 0x0000000000100000-0x000000003ffdffff] usable
[    0.000000] BIOS-e820: [mem 0x000000003ffe0000-0x000000003fffffff] reserved
[    0.000000] BIOS-e820: [mem 0x00000000feffc000-0x00000000feffffff] reserved
[    0.000000] BIOS-e820: [mem 0x00000000fffc0000-0x00000000ffffffff] reserved
[    0.000000] printk: legacy bootconsole [earlyser0] enabled
[    0.000000] NX (Execute Disable) protection: active
[    0.000000] APIC: Static calls initialized
[    0.000000] SMBIOS 3.0.0 present.
[    0.000000] DMI: QEMU Ubuntu 24.04 PC (i440FX + PIIX, 1996), BIOS 1.16.3-debian-1.16.3-2 04/01/2014
[    0.000000] DMI: Memory slots populated: 1/1
[    0.000000] Hypervisor detected: KVM
[    0.000000] kvm-clock: Using msrs 4b564d01 and 4b564d00
[    0.000001] kvm-clock: using sched offset of 999675952 cycles
[    0.000744] clocksource: kvm-clock: mask: 0xffffffffffffffff max_cycles: 0x1cd42e4dffb, max_idle_ns: 881590591483 ns
[    0.003060] tsc: Detected 2000.000 MHz processor
[    0.004204] last_pfn = 0x3ffe0 max_arch_pfn = 0x10000000000
[    0.005063] MTRR map: 4 entries (3 fixed + 1 variable; max 19), built from 8 variable MTRRs
[    0.006255] x86/PAT: Configuration [0-7]: WB  WC  UC- UC  WB  WP  UC- WT  
Memory KASLR using RDRAND RDTSC...
[    0.013322] found SMP MP-table at [mem 0x000f5470-0x000f547f]
[    0.014154] Using GB pages for direct mapping
[    0.014909] ACPI: Early table checksum verification disabled
[    0.015717] ACPI: RSDP 0x00000000000F5290 000014 (v00 BOCHS )
[    0.016538] ACPI: RSDT 0x000000003FFE308E 000034 (v01 BOCHS  BXPC     00000001 BXPC 00000001)
[    0.017763] ACPI: FACP 0x000000003FFE2D8A 000074 (v01 BOCHS  BXPC     00000001 BXPC 00000001)
[    0.018981] ACPI: DSDT 0x000000003FFE0040 002D4A (v01 BOCHS  BXPC     00000001 BXPC 00000001)
[    0.020198] ACPI: FACS 0x000000003FFE0000 000040
[    0.020862] ACPI: APIC 0x000000003FFE2DFE 000230 (v03 BOCHS  BXPC     00000001 BXPC 00000001)
[    0.022078] ACPI: HPET 0x000000003FFE302E 000038 (v01 BOCHS  BXPC     00000001 BXPC 00000001)
[    0.023294] ACPI: WAET 0x000000003FFE3066 000028 (v01 BOCHS  BXPC     00000001 BXPC 00000001)
[    0.024510] ACPI: Reserving FACP table memory at [mem 0x3ffe2d8a-0x3ffe2dfd]
[    0.025518] ACPI: Reserving DSDT table memory at [mem 0x3ffe0040-0x3ffe2d89]
[    0.026521] ACPI: Reserving FACS table memory at [mem 0x3ffe0000-0x3ffe003f]
[    0.027523] ACPI: Reserving APIC table memory at [mem 0x3ffe2dfe-0x3ffe302d]
[    0.028525] ACPI: Reserving HPET table memory at [mem 0x3ffe302e-0x3ffe3065]
[    0.029532] ACPI: Reserving WAET table memory at [mem 0x3ffe3066-0x3ffe308d]
[    0.030877] No NUMA configuration found
[    0.031423] Faking a node at [mem 0x0000000000000000-0x000000003ffdffff]
[    0.032444] NODE_DATA(0) allocated [mem 0x3ffdb000-0x3ffdffff]
[    0.033409] Zone ranges:
[    0.033771]   DMA      [mem 0x0000000000001000-0x0000000000ffffff]
[    0.034652]   DMA32    [mem 0x0000000001000000-0x000000003ffdffff]
[    0.035534]   Normal   empty
[    0.035947]   Device   empty
[    0.036371] Movable zone start for each node
[    0.036984] Early memory node ranges
[    0.037492]   node   0: [mem 0x0000000000001000-0x000000000009efff]
[    0.038384]   node   0: [mem 0x0000000000100000-0x000000003ffdffff]
[    0.039274] Initmem setup node 0 [mem 0x0000000000001000-0x000000003ffdffff]
[    0.040281] On node 0, zone DMA: 1 pages in unavailable ranges
[    0.041148] On node 0, zone DMA: 97 pages in unavailable ranges
[    0.045651] On node 0, zone DMA32: 32 pages in unavailable ranges
[    0.047052] ACPI: PM-Timer IO Port: 0x608
[    0.047643] ACPI: LAPIC_NMI (acpi_id[0xff] dfl dfl lint[0x1])
[    0.048511] IOAPIC[0]: apic_id 0, version 17, address 0xfec00000, GSI 0-23
[    0.049500] ACPI: INT_SRC_OVR (bus 0 bus_irq 0 global_irq 2 dfl dfl)
[    0.050406] ACPI: INT_SRC_OVR (bus 0 bus_irq 5 global_irq 5 high level)
[    0.051347] ACPI: INT_SRC_OVR (bus 0 bus_irq 9 global_irq 9 high level)
[    0.052290] ACPI: INT_SRC_OVR (bus 0 bus_irq 10 global_irq 10 high level)
[    0.053261] ACPI: INT_SRC_OVR (bus 0 bus_irq 11 global_irq 11 high level)
[    0.054231] ACPI: Using ACPI (MADT) for SMP configuration information
[    0.055148] ACPI: HPET id: 0x8086a201 base: 0xfed00000
[    0.055882] TSC deadline timer available
[    0.056443] CPU topo: Max. logical packages:   1
[    0.057105] CPU topo: Max. logical dies:       1
[    0.057762] CPU topo: Max. dies per package:   1
[    0.058423] CPU topo: Max. threads per core:   1
[    0.059081] CPU topo: Num. cores per package:    56
[    0.059777] CPU topo: Num. threads per package:  56
[    0.060473] CPU topo: Allowing 56 present CPUs plus 0 hotplug CPUs
[    0.061382] kvm-guest: APIC: eoi() replaced with kvm_guest_apic_eoi_write()
[    0.062390] kvm-guest: KVM setup pv remote TLB flush
[    0.063102] kvm-guest: setup PV sched yield
[    0.063703] PM: hibernation: Registered nosave memory: [mem 0x00000000-0x00000fff]
[    0.064782] PM: hibernation: Registered nosave memory: [mem 0x0009f000-0x0009ffff]
[    0.065863] PM: hibernation: Registered nosave memory: [mem 0x000a0000-0x000effff]
[    0.066944] PM: hibernation: Registered nosave memory: [mem 0x000f0000-0x000fffff]
[    0.068040] [mem 0x40000000-0xfeffbfff] available for PCI devices
[    0.068918] Booting paravirtualized kernel on KVM
[    0.069588] clocksource: refined-jiffies: mask: 0xffffffff max_cycles: 0xffffffff, max_idle_ns: 1910969940391419 ns
[    0.078675] setup_percpu: NR_CPUS:64 nr_cpumask_bits:56 nr_cpu_ids:56 nr_node_ids:1
[    0.084566] percpu: Embedded 58 pages/cpu s198744 r8192 d30632 u262144
[    0.085627] Kernel command line: virtme_hostname=virtme-ng nr_open=1048576 virtme_link_mods=/nipa-data/kernel/.virtme_mods/lib/modules/0.0.0 virtme_initmount0=nipa-data/kernel virtme_rw_overlay0=/etc virtme_rw_overlay1=/lib virtme_rw_overlay2=/home virtme_rw_overlay3=/opt virtme_rw_overlay4=/srv virtme_rw_overlay5=/usr virtme_rw_overlay6=/var console=hvc0 earlyprintk=serial,ttyS0,115200 virtme_console=ttyS0 psmouse.proto=exps TERM=xterm virtme_chdir=nipa-data/kernel virtme_root_user=1 rootfstype=9p rootflags=version=9p2000.L,trans=virtio,access=any raid=noautodetect ro init=/usr/lib/python3/dist-packages/virtme/guest/virtme-init
[    0.093851] Unknown kernel command line parameters "virtme_hostname=virtme-ng nr_open=1048576 virtme_link_mods=/nipa-data/kernel/.virtme_mods/lib/modules/0.0.0 virtme_initmount0=nipa-data/kernel virtme_rw_overlay0=/etc virtme_rw_overlay1=/lib virtme_rw_overlay2=/home virtme_rw_overlay3=/opt virtme_rw_overlay4=/srv virtme_rw_overlay5=/usr virtme_rw_overlay6=/var virtme_console=ttyS0 virtme_chdir=nipa-data/kernel virtme_root_user=1", will be passed to user space.
[    0.099777] random: crng init done
[    0.100269] printk: log_buf_len individual max cpu contribution: 4096 bytes
[    0.101349] printk: log_buf_len total cpu_extra contributions: 225280 bytes
[    0.102351] printk: log_buf_len min size: 262144 bytes
[    0.103719] printk: log_buf_len: 524288 bytes
[    0.104369] printk: early log buf free: 254024(96%)
[    0.105516] Dentry cache hash table entries: 131072 (order: 8, 1048576 bytes, linear)
[    0.106697] Inode-cache hash table entries: 65536 (order: 7, 524288 bytes, linear)
[    0.108626] Fallback order for Node 0: 0 
[    0.108635] Built 1 zonelists, mobility grouping on.  Total pages: 262014
[    0.110130] Policy zone: DMA32
[    0.110548] mem auto-init: stack:all(zero), heap alloc:off, heap free:off
[    0.115102] SLUB: HWalign=64, Order=0-3, MinObjects=0, CPUs=56, Nodes=1
Poking KASLR using RDRAND RDTSC...
[    0.116525] ftrace: allocating 48214 entries in 189 pages
[    0.131592] ftrace: allocated 189 pages with 6 groups
[    0.133449] Dynamic Preempt: voluntary
[    0.134976] rcu: Preemptible hierarchical RCU implementation.
[    0.135784] rcu: RCU event tracing is enabled.
[    0.136405] rcu: RCU restricting CPUs from NR_CPUS=64 to nr_cpu_ids=56.
[    0.137332] Trampoline variant of Tasks RCU enabled.
[    0.138023] Rude variant of Tasks RCU enabled.
[    0.138642] Tracing variant of Tasks RCU enabled.
[    0.139298] rcu: RCU calculated value of scheduler-enlistment delay is 100 jiffies.
[    0.140345] rcu: Adjusting geometry for rcu_fanout_leaf=16, nr_cpu_ids=56
[    0.141329] RCU Tasks: Setting shift to 6 and lim to 1 rcu_task_cb_adjust=1.
[    0.142298] RCU Tasks Rude: Setting shift to 6 and lim to 1 rcu_task_cb_adjust=1.
[    0.143327] RCU Tasks Trace: Setting shift to 6 and lim to 1 rcu_task_cb_adjust=1.
[    0.147595] NR_IRQS: 4352, nr_irqs: 872, preallocated irqs: 16
[    0.148772] rcu: srcu_init: Setting srcu_struct sizes based on contention.
[    0.150032] Console: colour *CGA 80x25
[    0.150600] ACPI: Core revision 20240322
[    0.151311] clocksource: hpet: mask: 0xffffffff max_cycles: 0xffffffff, max_idle_ns: 19112604467 ns
[    0.152678] APIC: Switch to symmetric I/O mode setup
[    0.153444] APIC: Switched APIC routing to: physical flat
[    0.154232] kvm-guest: APIC: send_IPI_mask() replaced with kvm_send_ipi_mask()
[    0.155238] kvm-guest: APIC: send_IPI_mask_allbutself() replaced with kvm_send_ipi_mask_allbutself()
[    0.156492] kvm-guest: setup PV IPIs
[    0.158451] ..TIMER: vector=0x30 apic1=0 pin1=2 apic2=-1 pin2=-1
[    0.159709] clocksource: tsc-early: mask: 0xffffffffffffffff max_cycles: 0x39a85c9bff6, max_idle_ns: 881590591483 ns
[    0.161975] Calibrating delay loop (skipped) preset value.. 4000.00 BogoMIPS (lpj=2000000)
[    0.163185] x86/cpu: User Mode Instruction Prevention (UMIP) activated
[    0.164089] Last level iTLB entries: 4KB 0, 2MB 0, 4MB 0
[    0.164973] Last level dTLB entries: 4KB 0, 2MB 0, 4MB 0, 1GB 0
[    0.165989] Spectre V1 : Mitigation: usercopy/swapgs barriers and __user pointer sanitization
[    0.166979] Spectre V2 : Spectre BHI mitigation: SW BHB clearing on syscall and VM exit
[    0.167973] Spectre V2 : Mitigation: Enhanced / Automatic IBRS
[    0.168972] Spectre V2 : Spectre v2 / SpectreRSB mitigation: Filling RSB on context switch
[    0.169972] Spectre V2 : Spectre v2 / PBRSB-eIBRS: Retire a single CALL on VMEXIT
[    0.170974] Spectre V2 : mitigation: Enabling conditional Indirect Branch Prediction Barrier
[    0.171975] Speculative Store Bypass: Mitigation: Speculative Store Bypass disabled via prctl
[    0.172973] TAA: Mitigation: TSX disabled
[    0.174056] x86/fpu: Supporting XSAVE feature 0x001: 'x87 floating point registers'
[    0.174979] x86/fpu: Supporting XSAVE feature 0x002: 'SSE registers'
[    0.175979] x86/fpu: Supporting XSAVE feature 0x004: 'AVX registers'
[    0.176975] x86/fpu: Supporting XSAVE feature 0x020: 'AVX-512 opmask'
[    0.177979] x86/fpu: Supporting XSAVE feature 0x040: 'AVX-512 Hi256'
[    0.178973] x86/fpu: Supporting XSAVE feature 0x080: 'AVX-512 ZMM_Hi256'
[    0.179973] x86/fpu: Supporting XSAVE feature 0x200: 'Protection Keys User registers'
[    0.180973] x86/fpu: Supporting XSAVE feature 0x20000: 'AMX Tile config'
[    0.181972] x86/fpu: Supporting XSAVE feature 0x40000: 'AMX Tile data'
[    0.182973] x86/fpu: xstate_offset[2]:  576, xstate_sizes[2]:  256
[    0.183972] x86/fpu: xstate_offset[5]:  832, xstate_sizes[5]:   64
[    0.184972] x86/fpu: xstate_offset[6]:  896, xstate_sizes[6]:  512
[    0.185972] x86/fpu: xstate_offset[7]: 1408, xstate_sizes[7]: 1024
[    0.186972] x86/fpu: xstate_offset[9]: 2432, xstate_sizes[9]:    8
[    0.187972] x86/fpu: xstate_offset[17]: 2496, xstate_sizes[17]:   64
[    0.188972] x86/fpu: xstate_offset[18]: 2560, xstate_sizes[18]: 8192
[    0.189972] x86/fpu: Enabled xstate features 0x602e7, context size is 10752 bytes, using 'compacted' format.
[    0.219943] Freeing SMP alternatives memory: 40K
[    0.219974] pid_max: default: 57344 minimum: 448
[    0.221091] Mount-cache hash table entries: 2048 (order: 2, 16384 bytes, linear)
[    0.221975] Mountpoint-cache hash table entries: 2048 (order: 2, 16384 bytes, linear)
[    0.223496] smpboot: CPU0: Intel(R) Xeon(R) Platinum 8480+ (family: 0x6, model: 0x8f, stepping: 0x6)
[    0.224217] Performance Events: PEBS fmt0-, Sapphire Rapids events, full-width counters, Intel PMU driver.
[    0.224978] ... version:                2
[    0.225771] ... bit width:              48
[    0.225975] ... generic registers:      8
[    0.226766] ... value mask:             0000ffffffffffff
[    0.226974] ... max period:             00007fffffffffff
[    0.227974] ... fixed-purpose events:   3
[    0.228763] ... event mask:             00000007000000ff
[    0.229198] signal: max sigframe size: 11952
[    0.230002] rcu: Hierarchical SRCU implementation.
[    0.230957] rcu: Max phase no-delay instances is 400.
[    0.231012] Timer migration: 2 hierarchy levels; 8 children per group; 2 crossnode level
[    0.233046] smp: Bringing up secondary CPUs ...
[    0.234092] smpboot: x86: Booting SMP configuration:
[    0.234978] .... node  #0, CPUs:        #1  #2  #3  #4  #5  #6  #7  #8  #9 #10 #11 #12 #13 #14 #15 #16 #17 #18 #19 #20 #21 #22 #23 #24 #25 #26 #27 #28 #29 #30 #31 #32 #33 #34 #35 #36 #37 #38 #39 #40 #41 #42 #43 #44 #45 #46 #47 #48 #49 #50 #51 #52 #53 #54 #55
[    0.286419] smp: Brought up 1 node, 56 CPUs
[    0.287802] smpboot: Total of 56 processors activated (224000.00 BogoMIPS)
[    0.295039] Memory: 951180K/1048056K available (16384K kernel code, 2431K rwdata, 6228K rodata, 3104K init, 1940K bss, 72280K reserved, 0K cma-reserved)
[    0.296095] devtmpfs: initialized
[    0.297023] x86/mm: Memory block size: 128MB
[    0.299212] clocksource: jiffies: mask: 0xffffffff max_cycles: 0xffffffff, max_idle_ns: 1911260446275000 ns
[    0.299981] futex hash table entries: 16384 (order: 8, 1048576 bytes, linear)
[    0.301325] PM: RTC time: 00:08:00, date: 2024-08-11
[    0.304025] NET: Registered PF_NETLINK/PF_ROUTE protocol family
[    0.305164] thermal_sys: Registered thermal governor 'step_wise'
[    0.305166] thermal_sys: Registered thermal governor 'user_space'
[    0.306002] cpuidle: using governor menu
[    0.310296] PCI: Using configuration type 1 for base access
[    0.311062] kprobes: kprobe jump-optimization is enabled. All kprobes are optimized if possible.
[    0.354367] HugeTLB: registered 1.00 GiB page size, pre-allocated 0 pages
[    0.356985] HugeTLB: 16380 KiB vmemmap can be freed for a 1.00 GiB page
[    0.358978] HugeTLB: registered 2.00 MiB page size, pre-allocated 0 pages
[    0.361977] HugeTLB: 28 KiB vmemmap can be freed for a 2.00 MiB page
[    0.364196] ACPI: Added _OSI(Module Device)
[    0.365978] ACPI: Added _OSI(Processor Device)
[    0.366977] ACPI: Added _OSI(3.0 _SCP Extensions)
[    0.368977] ACPI: Added _OSI(Processor Aggregator Device)
[    0.372244] ACPI: 1 ACPI AML tables successfully acquired and loaded
[    0.377408] ACPI: Interpreter enabled
[    0.378997] ACPI: PM: (supports S0 S3 S4 S5)
[    0.380978] ACPI: Using IOAPIC for interrupt routing
[    0.381994] PCI: Using host bridge windows from ACPI; if necessary, use "pci=nocrs" and report a bug
[    0.384977] PCI: Using E820 reservations for host bridge windows
[    0.387182] ACPI: Enabled 2 GPEs in block 00 to 0F
[    0.391583] ACPI: PCI Root Bridge [PCI0] (domain 0000 [bus 00-ff])
[    0.392978] acpi PNP0A03:00: _OSC: OS supports [ASPM ClockPM Segments MSI HPX-Type3]
[    0.393975] acpi PNP0A03:00: _OSC: not requesting OS control; OS requires [ExtendedConfig ASPM ClockPM MSI]
[    0.395981] acpi PNP0A03:00: fail to add MMCONFIG information, can't access extended configuration space under this bridge
[    0.398082] PCI host bridge to bus 0000:00
[    0.398910] pci_bus 0000:00: root bus resource [io  0x0000-0x0cf7 window]
[    0.399975] pci_bus 0000:00: root bus resource [io  0x0d00-0xffff window]
[    0.400977] pci_bus 0000:00: root bus resource [mem 0x000a0000-0x000bffff window]
[    0.402975] pci_bus 0000:00: root bus resource [mem 0x40000000-0xfebfffff window]
[    0.403974] pci_bus 0000:00: root bus resource [mem 0x100000000-0x17fffffff window]
[    0.405975] pci_bus 0000:00: root bus resource [bus 00-ff]
[    0.407025] pci 0000:00:00.0: [8086:1237] type 00 class 0x060000 conventional PCI endpoint
[    0.408503] pci 0000:00:01.0: [8086:7000] type 00 class 0x060100 conventional PCI endpoint
[    0.410675] pci 0000:00:01.1: [8086:7010] type 00 class 0x010180 conventional PCI endpoint
[    0.415951] pci 0000:00:01.1: BAR 4 [io  0xc0c0-0xc0cf]
[    0.418004] pci 0000:00:01.1: BAR 0 [io  0x01f0-0x01f7]: legacy IDE quirk
[    0.418975] pci 0000:00:01.1: BAR 1 [io  0x03f6]: legacy IDE quirk
[    0.419975] pci 0000:00:01.1: BAR 2 [io  0x0170-0x0177]: legacy IDE quirk
[    0.420975] pci 0000:00:01.1: BAR 3 [io  0x0376]: legacy IDE quirk
[    0.423226] pci 0000:00:01.3: [8086:7113] type 00 class 0x068000 conventional PCI endpoint
[    0.425545] pci 0000:00:01.3: quirk: [io  0x0600-0x063f] claimed by PIIX4 ACPI
[    0.426984] pci 0000:00:01.3: quirk: [io  0x0700-0x070f] claimed by PIIX4 SMB
[    0.428348] pci 0000:00:02.0: [1af4:1009] type 00 class 0x000200 conventional PCI endpoint
[    0.430977] pci 0000:00:02.0: BAR 0 [io  0xc000-0xc03f]
[    0.432877] pci 0000:00:02.0: BAR 1 [mem 0xfebfc000-0xfebfcfff]
[    0.437977] pci 0000:00:02.0: BAR 4 [mem 0xfebf0000-0xfebf3fff 64bit pref]
[    0.443923] pci 0000:00:03.0: [1af4:1009] type 00 class 0x000200 conventional PCI endpoint
[    0.445977] pci 0000:00:03.0: BAR 0 [io  0xc040-0xc07f]
[    0.447774] pci 0000:00:03.0: BAR 1 [mem 0xfebfd000-0xfebfdfff]
[    0.450978] pci 0000:00:03.0: BAR 4 [mem 0xfebf4000-0xfebf7fff 64bit pref]
[    0.455849] pci 0000:00:04.0: [8086:25ab] type 00 class 0x088000 conventional PCI endpoint
[    0.457413] pci 0000:00:04.0: BAR 0 [mem 0xfebfe000-0xfebfe00f]
[    0.461354] pci 0000:00:05.0: [1af4:1003] type 00 class 0x078000 conventional PCI endpoint
[    0.463941] pci 0000:00:05.0: BAR 0 [io  0xc080-0xc0bf]
[    0.465708] pci 0000:00:05.0: BAR 1 [mem 0xfebff000-0xfebfffff]
[    0.468977] pci 0000:00:05.0: BAR 4 [mem 0xfebf8000-0xfebfbfff 64bit pref]
[    0.473015] ACPI: PCI: Interrupt link LNKA configured for IRQ 10
[    0.475117] ACPI: PCI: Interrupt link LNKB configured for IRQ 10
[    0.476100] ACPI: PCI: Interrupt link LNKC configured for IRQ 11
[    0.477095] ACPI: PCI: Interrupt link LNKD configured for IRQ 11
[    0.478059] ACPI: PCI: Interrupt link LNKS configured for IRQ 9
[    0.480743] iommu: Default domain type: Translated
[    0.481975] iommu: DMA domain TLB invalidation policy: lazy mode
[    0.483102] SCSI subsystem initialized
[    0.484029] pps_core: LinuxPPS API ver. 1 registered
[    0.484975] pps_core: Software ver. 5.3.6 - Copyright 2005-2007 Rodolfo Giometti <giometti@linux.it>
[    0.486976] PTP clock support registered
[    0.488037] Advanced Linux Sound Architecture Driver Initialized.
[    0.490738] NET: Registered PF_ATMPVC protocol family
[    0.491975] NET: Registered PF_ATMSVC protocol family
[    0.492979] PCI: Using ACPI for IRQ routing
[    0.494035] vgaarb: loaded
[    0.495059] hpet0: at MMIO 0xfed00000, IRQs 2, 8, 0
[    0.495975] hpet0: 3 comparators, 64-bit 100.000000 MHz counter
[    0.503485] clocksource: Switched to clocksource kvm-clock
[    0.504614] VFS: Disk quotas dquot_6.6.0
[    0.505426] VFS: Dquot-cache hash table entries: 512 (order 0, 4096 bytes)
[    0.506934] pnp: PnP ACPI init
[    0.508853] pnp: PnP ACPI: found 5 devices
[    0.518887] clocksource: acpi_pm: mask: 0xffffff max_cycles: 0xffffff, max_idle_ns: 2085701024 ns
[    0.520708] NET: Registered PF_INET protocol family
[    0.521740] IP idents hash table entries: 16384 (order: 5, 131072 bytes, linear)
[    0.523607] tcp_listen_portaddr_hash hash table entries: 512 (order: 1, 8192 bytes, linear)
[    0.525297] Table-perturb hash table entries: 65536 (order: 6, 262144 bytes, linear)
[    0.526848] TCP established hash table entries: 8192 (order: 4, 65536 bytes, linear)
[    0.528395] TCP bind hash table entries: 8192 (order: 6, 262144 bytes, linear)
[    0.529857] TCP: Hash tables configured (established 8192 bind 8192)
[    0.531194] UDP hash table entries: 512 (order: 2, 16384 bytes, linear)
[    0.532510] UDP-Lite hash table entries: 512 (order: 2, 16384 bytes, linear)
[    0.533970] NET: Registered PF_UNIX/PF_LOCAL protocol family
[    0.535126] pci_bus 0000:00: resource 4 [io  0x0000-0x0cf7 window]
[    0.536354] pci_bus 0000:00: resource 5 [io  0x0d00-0xffff window]
[    0.537582] pci_bus 0000:00: resource 6 [mem 0x000a0000-0x000bffff window]
[    0.538953] pci_bus 0000:00: resource 7 [mem 0x40000000-0xfebfffff window]
[    0.540320] pci_bus 0000:00: resource 8 [mem 0x100000000-0x17fffffff window]
[    0.541747] pci 0000:00:01.0: PIIX3: Enabling Passive Release
[    0.542918] pci 0000:00:00.0: Limiting direct PCI/PCI transfers
[    0.544177] PCI: CLS 0 bytes, default 64
[    0.561324] RAPL PMU: API unit is 2^-32 Joules, 1 fixed counters, 10737418240 ms ovfl timer
[    0.563253] RAPL PMU: hw unit of domain psys 2^-0 Joules
[    1.153033] kvm_amd: CPU 46 isn't AMD or Hygon
[    1.153946] clocksource: tsc: mask: 0xffffffffffffffff max_cycles: 0x39a85c9bff6, max_idle_ns: 881590591483 ns
[    1.247326] Initialise system trusted keyrings
[    1.249348] workingset: timestamp_bits=56 max_order=18 bucket_order=0
[    1.250977] squashfs: version 4.0 (2009/01/31) Phillip Lougher
[    1.252165] fuse: init (API version 7.40)
[    1.253605] 9p: Installing v9fs 9p2000 file system support
[    1.265532] Key type asymmetric registered
[    1.266359] Asymmetric key parser 'x509' registered
[    1.267401] Block layer SCSI generic (bsg) driver version 0.4 loaded (major 249)
[    1.268889] io scheduler mq-deadline registered
[    1.269788] io scheduler kyber registered
[    1.289357] input: Power Button as /devices/LNXSYSTM:00/LNXPWRBN:00/input/input0
[    1.291339] ACPI: button: Power Button [PWRF]
[    1.293115] Warning: Processor Platform Limit event detected, but not handled.
[    1.296132] Consider compiling CPUfreq support into your kernel.
[    1.330550] ACPI: \_SB_.LNKB: Enabled at IRQ 10
[    1.344820] ACPI: \_SB_.LNKC: Enabled at IRQ 11
[    1.358915] ACPI: \_SB_.LNKA: Enabled at IRQ 10
[    1.361250] Serial: 8250/16550 driver, 4 ports, IRQ sharing enabled
[    1.362702] 00:03: ttyS0 at I/O 0x3f8 (irq = 4, base_baud = 115200) is a 16550A
[    1.394375] Non-volatile memory driver v1.3
[    1.395393] Linux agpgart interface v0.103
[    1.396312] ACPI: bus type drm_connector registered
[    1.397624] printk: legacy console [hvc0] enabled
[    1.398869] printk: legacy bootconsole [earlyser0] disabled
          _      _                                    
   __   _(_)_ __| |_ _ __ ___   ___       _ __   __ _ 
   \ \ / / |  __| __|  _   _ \ / _ \_____|  _ \ / _  |
    \ V /| | |  | |_| | | | | |  __/_____| | | | (_| |
     \_/ |_|_|   \__|_| |_| |_|\___|     |_| |_|\__  |
                                                |___/ 
   kernel version: 6.11.0-rc2-virtme x86_64
   (CTRL+d to exit)

root@virtme-ng:/nipa-data/kernel# PS1='xx__-> '
xx__-> env
PWD=/nipa-data/kernel
nr_open=1048576
HOME=/
TERM=xterm
SHLVL=2
XDG_RUNTIME_DIR=/run/user/0
PATH=/bin:/sbin:/usr/bin:/usr/sbin:/usr/local/bin
OLDPWD=/
_=/bin/env
xx__-> 