No EFI environment detected.
early console in extract_kernel
input_data: 0x00000000029b82c4
input_len: 0x0000000000bbf2c8
output: 0x0000000001000000
output_len: 0x0000000002531f30
kernel_total_size: 0x0000000002430000
needed_size: 0x0000000002600000
trampoline_32bit: 0x0000000000000000
Physical KASLR using RDRAND RDTSC...
Virtual KASLR using RDRAND RDTSC...

Decompressing Linux... Parsing ELF... Performing relocations... done.
Booting the kernel (entry_offset: 0x0000000000fb6140).
[    0.000000] Linux version 6.15.0-rc5-virtme (root@dcd69ae2bd90) (gcc (Ubuntu 13.3.0-6ubuntu2~24.04) 13.3.0, GNU ld (GNU Binutils for Ubuntu) 2.42) #1 SMP PREEMPT_DYNAMIC Fri May  9 21:06:20 UTC 2025
[    0.000000] Command line: virtme_hostname=virtme-ng nr_open=1048576 virtme_link_mods=/nipa-data/kernel/.virtme_mods/lib/modules/0.0.0 virtme_initmount0=nipa-data/kernel virtme_rw_overlay0=/etc virtme_rw_overlay1=/lib virtme_rw_overlay2=/home virtme_rw_overlay3=/opt virtme_rw_overlay4=/srv virtme_rw_overlay5=/usr virtme_rw_overlay6=/var console=hvc0 earlyprintk=serial,ttyS0,115200 virtme_console=ttyS0 psmouse.proto=exps TERM=xterm virtme_chdir=nipa-data/kernel virtme_root_user=1 rootfstype=9p rootflags=version=9p2000.L,trans=virtio,access=any raid=noautodetect ro init=/usr/lib/python3/dist-packages/virtme/guest/virtme-init
[    0.000000] BIOS-provided physical RAM map:
[    0.000000] BIOS-e820: [mem 0x0000000000000000-0x000000000009fbff] usable
[    0.000000] BIOS-e820: [mem 0x000000000009fc00-0x000000000009ffff] reserved
[    0.000000] BIOS-e820: [mem 0x00000000000f0000-0x00000000000fffff] reserved
[    0.000000] BIOS-e820: [mem 0x0000000000100000-0x000000003ffdffff] usable
[    0.000000] BIOS-e820: [mem 0x000000003ffe0000-0x000000003fffffff] reserved
[    0.000000] BIOS-e820: [mem 0x00000000feffc000-0x00000000feffffff] reserved
[    0.000000] BIOS-e820: [mem 0x00000000fffc0000-0x00000000ffffffff] reserved
[    0.000000] BIOS-e820: [mem 0x000000fd00000000-0x000000ffffffffff] reserved
[    0.000000] printk: legacy bootconsole [earlyser0] enabled
[    0.000000] NX (Execute Disable) protection: active
[    0.000000] APIC: Static calls initialized
[    0.000000] SMBIOS 3.0.0 present.
[    0.000000] DMI: QEMU Ubuntu 24.04 PC (i440FX + PIIX, 1996), BIOS 1.16.3-debian-1.16.3-2 04/01/2014
[    0.000000] DMI: Memory slots populated: 1/1
[    0.000000] Hypervisor detected: KVM
[    0.000000] kvm-clock: Using msrs 4b564d01 and 4b564d00
[    0.000000] kvm-clock: using sched offset of 187001352 cycles
[    0.000357] clocksource: kvm-clock: mask: 0xffffffffffffffff max_cycles: 0x1cd42e4dffb, max_idle_ns: 881590591483 ns
[    0.001473] tsc: Detected 4491.560 MHz processor
[    0.002031] last_pfn = 0x3ffe0 max_arch_pfn = 0x400000000
[    0.002421] MTRR map: 4 entries (3 fixed + 1 variable; max 19), built from 8 variable MTRRs
[    0.002991] x86/PAT: Configuration [0-7]: WB  WC  UC- UC  WB  WP  UC- WT  
Memory KASLR using RDRAND RDTSC...
[    0.004889] found SMP MP-table at [mem 0x000f5470-0x000f547f]
[    0.005285] Using GB pages for direct mapping
[    0.005623] ACPI: Early table checksum verification disabled
[    0.006009] ACPI: RSDP 0x00000000000F5290 000014 (v00 BOCHS )
[    0.006401] ACPI: RSDT 0x000000003FFE27BC 000034 (v01 BOCHS  BXPC     00000001 BXPC 00000001)
[    0.006985] ACPI: FACP 0x000000003FFE2578 000074 (v01 BOCHS  BXPC     00000001 BXPC 00000001)
[    0.007566] ACPI: DSDT 0x000000003FFE0040 002538 (v01 BOCHS  BXPC     00000001 BXPC 00000001)
[    0.008148] ACPI: FACS 0x000000003FFE0000 000040
[    0.008462] ACPI: APIC 0x000000003FFE25EC 000170 (v03 BOCHS  BXPC     00000001 BXPC 00000001)
[    0.009043] ACPI: HPET 0x000000003FFE275C 000038 (v01 BOCHS  BXPC     00000001 BXPC 00000001)
[    0.009625] ACPI: WAET 0x000000003FFE2794 000028 (v01 BOCHS  BXPC     00000001 BXPC 00000001)
[    0.010206] ACPI: Reserving FACP table memory at [mem 0x3ffe2578-0x3ffe25eb]
[    0.010686] ACPI: Reserving DSDT table memory at [mem 0x3ffe0040-0x3ffe2577]
[    0.011166] ACPI: Reserving FACS table memory at [mem 0x3ffe0000-0x3ffe003f]
[    0.011645] ACPI: Reserving APIC table memory at [mem 0x3ffe25ec-0x3ffe275b]
[    0.012124] ACPI: Reserving HPET table memory at [mem 0x3ffe275c-0x3ffe2793]
[    0.012603] ACPI: Reserving WAET table memory at [mem 0x3ffe2794-0x3ffe27bb]
[    0.013216] No NUMA configuration found
[    0.013480] Faking a node at [mem 0x0000000000000000-0x000000003ffdffff]
[    0.013936] NODE_DATA(0) allocated [mem 0x3ffdb600-0x3ffdffff]
[    0.014341] Zone ranges:
[    0.014514]   DMA      [mem 0x0000000000001000-0x0000000000ffffff]
[    0.014934]   DMA32    [mem 0x0000000001000000-0x000000003ffdffff]
[    0.015355]   Normal   empty
[    0.015551]   Device   empty
[    0.015746] Movable zone start for each node
[    0.016036] Early memory node ranges
[    0.016279]   node   0: [mem 0x0000000000001000-0x000000000009efff]
[    0.016706]   node   0: [mem 0x0000000000100000-0x000000003ffdffff]
[    0.017132] Initmem setup node 0 [mem 0x0000000000001000-0x000000003ffdffff]
[    0.017615] On node 0, zone DMA: 1 pages in unavailable ranges
[    0.018020] On node 0, zone DMA: 97 pages in unavailable ranges
[    0.019335] On node 0, zone DMA32: 32 pages in unavailable ranges
[    0.019938] ACPI: PM-Timer IO Port: 0x608
[    0.020216] ACPI: LAPIC_NMI (acpi_id[0xff] dfl dfl lint[0x1])
[    0.020621] IOAPIC[0]: apic_id 0, version 17, address 0xfec00000, GSI 0-23
[    0.021089] ACPI: INT_SRC_OVR (bus 0 bus_irq 0 global_irq 2 dfl dfl)
[    0.021524] ACPI: INT_SRC_OVR (bus 0 bus_irq 5 global_irq 5 high level)
[    0.021974] ACPI: INT_SRC_OVR (bus 0 bus_irq 9 global_irq 9 high level)
[    0.022423] ACPI: INT_SRC_OVR (bus 0 bus_irq 10 global_irq 10 high level)
[    0.022885] ACPI: INT_SRC_OVR (bus 0 bus_irq 11 global_irq 11 high level)
[    0.023348] ACPI: Using ACPI (MADT) for SMP configuration information
[    0.023789] ACPI: HPET id: 0x8086a201 base: 0xfed00000
[    0.024138] TSC deadline timer available
[    0.024406] CPU topo: Max. logical packages:   1
[    0.024719] CPU topo: Max. logical dies:       1
[    0.025032] CPU topo: Max. dies per package:   1
[    0.025348] CPU topo: Max. threads per core:   1
[    0.025666] CPU topo: Num. cores per package:    32
[    0.025998] CPU topo: Num. threads per package:  32
[    0.026330] CPU topo: Allowing 32 present CPUs plus 0 hotplug CPUs
[    0.026760] kvm-guest: APIC: eoi() replaced with kvm_guest_apic_eoi_write()
[    0.027238] kvm-guest: KVM setup pv remote TLB flush
[    0.027575] kvm-guest: setup PV sched yield
[    0.027860] PM: hibernation: Registered nosave memory: [mem 0x00000000-0x00000fff]
[    0.028372] PM: hibernation: Registered nosave memory: [mem 0x0009f000-0x000fffff]
[    0.028886] [mem 0x40000000-0xfeffbfff] available for PCI devices
[    0.029300] Booting paravirtualized kernel on KVM
[    0.029619] clocksource: refined-jiffies: mask: 0xffffffff max_cycles: 0xffffffff, max_idle_ns: 1910969940391419 ns
[    0.032971] setup_percpu: NR_CPUS:64 nr_cpumask_bits:32 nr_cpu_ids:32 nr_node_ids:1
[    0.034072] percpu: Embedded 53 pages/cpu s178392 r8192 d30504 u262144
[    0.034546] Kernel command line: virtme_hostname=virtme-ng nr_open=1048576 virtme_link_mods=/nipa-data/kernel/.virtme_mods/lib/modules/0.0.0 virtme_initmount0=nipa-data/kernel virtme_rw_overlay0=/etc virtme_rw_overlay1=/lib virtme_rw_overlay2=/home virtme_rw_overlay3=/opt virtme_rw_overlay4=/srv virtme_rw_overlay5=/usr virtme_rw_overlay6=/var console=hvc0 earlyprintk=serial,ttyS0,115200 virtme_console=ttyS0 psmouse.proto=exps TERM=xterm virtme_chdir=nipa-data/kernel virtme_root_user=1 rootfstype=9p rootflags=version=9p2000.L,trans=virtio,access=any raid=noautodetect ro init=/usr/lib/python3/dist-packages/virtme/guest/virtme-init
[    0.038501] Unknown kernel command line parameters "virtme_hostname=virtme-ng nr_open=1048576 virtme_link_mods=/nipa-data/kernel/.virtme_mods/lib/modules/0.0.0 virtme_initmount0=nipa-data/kernel virtme_rw_overlay0=/etc virtme_rw_overlay1=/lib virtme_rw_overlay2=/home virtme_rw_overlay3=/opt virtme_rw_overlay4=/srv virtme_rw_overlay5=/usr virtme_rw_overlay6=/var virtme_console=ttyS0 virtme_chdir=nipa-data/kernel virtme_root_user=1", will be passed to user space.
[    0.041535] random: crng init done
[    0.041772] printk: log buffer data + meta data: 262144 + 917504 = 1179648 bytes
[    0.042313] Dentry cache hash table entries: 131072 (order: 8, 1048576 bytes, linear)
[    0.042876] Inode-cache hash table entries: 65536 (order: 7, 524288 bytes, linear)
[    0.043487] Fallback order for Node 0: 0 
[    0.043489] Built 1 zonelists, mobility grouping on.  Total pages: 262014
[    0.044242] Policy zone: DMA32
[    0.044454] mem auto-init: stack:all(zero), heap alloc:off, heap free:off
[    0.045456] SLUB: HWalign=64, Order=0-3, MinObjects=0, CPUs=32, Nodes=1
Poking KASLR using RDRAND RDTSC...
[    0.052516] ftrace: allocating 48775 entries in 192 pages
[    0.052893] ftrace: allocated 192 pages with 2 groups
[    0.053805] Dynamic Preempt: voluntary
[    0.054190] rcu: Preemptible hierarchical RCU implementation.
[    0.054590] rcu: RCU event tracing is enabled.
[    0.054903] rcu: RCU restricting CPUs from NR_CPUS=64 to nr_cpu_ids=32.
[    0.055367] Trampoline variant of Tasks RCU enabled.
[    0.055716] Rude variant of Tasks RCU enabled.
[    0.056030] Tracing variant of Tasks RCU enabled.
[    0.056361] rcu: RCU calculated value of scheduler-enlistment delay is 100 jiffies.
[    0.056894] rcu: Adjusting geometry for rcu_fanout_leaf=16, nr_cpu_ids=32
[    0.057371] RCU Tasks: Setting shift to 5 and lim to 1 rcu_task_cb_adjust=1 rcu_task_cpu_ids=32.
[    0.057981] RCU Tasks Rude: Setting shift to 5 and lim to 1 rcu_task_cb_adjust=1 rcu_task_cpu_ids=32.
[    0.058620] RCU Tasks Trace: Setting shift to 5 and lim to 1 rcu_task_cb_adjust=1 rcu_task_cpu_ids=32.
[    0.060910] NR_IRQS: 4352, nr_irqs: 680, preallocated irqs: 16
[    0.061485] rcu: srcu_init: Setting srcu_struct sizes based on contention.
[    0.062094] Console: colour *CGA 80x25
[    0.062360] ACPI: Core revision 20240827
[    0.062697] clocksource: hpet: mask: 0xffffffff max_cycles: 0xffffffff, max_idle_ns: 19112604467 ns
[    0.063381] APIC: Switch to symmetric I/O mode setup
[    0.063861] x2apic enabled
[    0.064212] APIC: Switched APIC routing to: physical x2apic
[    0.064612] kvm-guest: APIC: send_IPI_mask() replaced with kvm_send_ipi_mask()
[    0.065108] kvm-guest: APIC: send_IPI_mask_allbutself() replaced with kvm_send_ipi_mask_allbutself()
[    0.065736] kvm-guest: setup PV IPIs
[    0.066690] ..TIMER: vector=0x30 apic1=0 pin1=2 apic2=-1 pin2=-1
[    0.067444] clocksource: tsc-early: mask: 0xffffffffffffffff max_cycles: 0x40be4320a4d, max_idle_ns: 440795288133 ns
[    0.068730] Calibrating delay loop (skipped) preset value.. 8983.12 BogoMIPS (lpj=4491560)
[    0.069788] x86/cpu: User Mode Instruction Prevention (UMIP) activated
[    0.070774] Last level iTLB entries: 4KB 512, 2MB 255, 4MB 127
[    0.071474] Last level dTLB entries: 4KB 512, 2MB 255, 4MB 127, 1GB 0
[    0.071732] Spectre V1 : Mitigation: usercopy/swapgs barriers and __user pointer sanitization
[    0.072732] Spectre V2 : Mitigation: Enhanced / Automatic IBRS
[    0.073730] Spectre V2 : mitigation: Enabling conditional Indirect Branch Prediction Barrier
[    0.074730] Speculative Store Bypass: Mitigation: Speculative Store Bypass disabled via prctl
[    0.075729] Speculative Return Stack Overflow: IBPB-extending microcode not applied!
[    0.076729] Speculative Return Stack Overflow: WARNING: See https://kernel.org/doc/html/latest/admin-guide/hw-vuln/srso.html for mitigation options.
[    0.076729] Speculative Return Stack Overflow: Vulnerable: Safe RET, no microcode
[    0.078743] x86/fpu: Supporting XSAVE feature 0x001: 'x87 floating point registers'
[    0.079729] x86/fpu: Supporting XSAVE feature 0x002: 'SSE registers'
[    0.080480] x86/fpu: Supporting XSAVE feature 0x004: 'AVX registers'
[    0.080729] x86/fpu: Supporting XSAVE feature 0x020: 'AVX-512 opmask'
[    0.081729] x86/fpu: Supporting XSAVE feature 0x040: 'AVX-512 Hi256'
[    0.082729] x86/fpu: Supporting XSAVE feature 0x080: 'AVX-512 ZMM_Hi256'
[    0.083520] x86/fpu: Supporting XSAVE feature 0x200: 'Protection Keys User registers'
[    0.083729] x86/fpu: xstate_offset[2]:  576, xstate_sizes[2]:  256
[    0.084729] x86/fpu: xstate_offset[5]:  832, xstate_sizes[5]:   64
[    0.085729] x86/fpu: xstate_offset[6]:  896, xstate_sizes[6]:  512
[    0.086729] x86/fpu: xstate_offset[7]: 1408, xstate_sizes[7]: 1024
[    0.087459] x86/fpu: xstate_offset[9]: 2432, xstate_sizes[9]:    8
[    0.087729] x86/fpu: Enabled xstate features 0x2e7, context size is 2440 bytes, using 'compacted' format.
[    0.103180] Freeing SMP alternatives memory: 44K
[    0.103728] pid_max: default: 32768 minimum: 301
[    0.103747] Mount-cache hash table entries: 2048 (order: 2, 16384 bytes, linear)
[    0.104730] Mountpoint-cache hash table entries: 2048 (order: 2, 16384 bytes, linear)
[    0.105860] smpboot: CPU0: AMD Ryzen 9 7950X 16-Core Processor (family: 0x19, model: 0x61, stepping: 0x2)
[    0.106826] Performance Events: Fam17h+ core perfctr, AMD PMU driver.
[    0.107606] ... version:                0
[    0.107731] ... bit width:              48
[    0.108215] ... generic registers:      6
[    0.108689] ... value mask:             0000ffffffffffff
[    0.108730] ... max period:             00007fffffffffff
[    0.109359] ... fixed-purpose events:   0
[    0.109730] ... event mask:             000000000000003f
[    0.110433] signal: max sigframe size: 3376
[    0.110744] rcu: Hierarchical SRCU implementation.
[    0.111311] rcu: Max phase no-delay instances is 400.
[    0.111753] Timer migration: 2 hierarchy levels; 8 children per group; 2 crossnode level
[    0.114784] smp: Bringing up secondary CPUs ...
[    0.115370] smpboot: x86: Booting SMP configuration:
[    0.115732] .... node  #0, CPUs:        #1  #2  #3  #4  #5  #6  #7  #8  #9 #10 #11 #12 #13 #14 #15 #16 #17 #18 #19 #20 #21 #22 #23 #24 #25 #26 #27 #28 #29 #30 #31
[    0.126821] smp: Brought up 1 node, 32 CPUs
[    0.128234] smpboot: Total of 32 processors activated (287459.84 BogoMIPS)
[    0.129864] Memory: 970996K/1048056K available (16089K kernel code, 2477K rwdata, 6436K rodata, 3196K init, 1680K bss, 62544K reserved, 0K cma-reserved)
[    0.130840] devtmpfs: initialized
[    0.131166] x86/mm: Memory block size: 128MB
[    0.132422] clocksource: jiffies: mask: 0xffffffff max_cycles: 0xffffffff, max_idle_ns: 1911260446275000 ns
[    0.132732] posixtimers hash table entries: 16384 (order: 6, 262144 bytes, linear)
[    0.133660] futex hash table entries: 8192 (order: 7, 524288 bytes, linear)
[    0.133810] PM: RTC time: 21:06:37, date: 2025-05-09
[    0.134717] NET: Registered PF_NETLINK/PF_ROUTE protocol family
[    0.134864] thermal_sys: Registered thermal governor 'step_wise'
[    0.134873] cpuidle: using governor menu
[    0.136096] PCI: Using configuration type 1 for base access
[    0.136731] PCI: Using configuration type 1 for extended access
[    0.137508] kprobes: kprobe jump-optimization is enabled. All kprobes are optimized if possible.
[    0.137756] HugeTLB: allocation took 0ms with hugepage_allocation_threads=8
[    0.138611] HugeTLB: registered 1.00 GiB page size, pre-allocated 0 pages
[    0.138731] HugeTLB: 16380 KiB vmemmap can be freed for a 1.00 GiB page
[    0.139529] HugeTLB: registered 2.00 MiB page size, pre-allocated 0 pages
[    0.139730] HugeTLB: 28 KiB vmemmap can be freed for a 2.00 MiB page
[    0.141834] ACPI: Added _OSI(Module Device)
[    0.141834] ACPI: Added _OSI(Processor Device)
[    0.142271] ACPI: Added _OSI(3.0 _SCP Extensions)
[    0.142731] ACPI: Added _OSI(Processor Aggregator Device)
[    0.144031] ACPI: 1 ACPI AML tables successfully acquired and loaded
[    0.154921] ACPI: Interpreter enabled
[    0.155334] ACPI: PM: (supports S0 S3 S4 S5)
[    0.155731] ACPI: Using IOAPIC for interrupt routing
[    0.156339] PCI: Using host bridge windows from ACPI; if necessary, use "pci=nocrs" and report a bug
[    0.157731] PCI: Using E820 reservations for host bridge windows
[    0.158543] ACPI: Enabled 2 GPEs in block 00 to 0F
[    0.161297] ACPI: PCI Root Bridge [PCI0] (domain 0000 [bus 00-ff])
[    0.161733] acpi PNP0A03:00: _OSC: OS supports [ExtendedConfig ASPM ClockPM Segments MSI HPX-Type3]
[    0.162817] PCI host bridge to bus 0000:00
[    0.163317] pci_bus 0000:00: root bus resource [io  0x0000-0x0cf7 window]
[    0.164731] pci_bus 0000:00: root bus resource [io  0x0d00-0xffff window]
[    0.165552] pci_bus 0000:00: root bus resource [mem 0x000a0000-0x000bffff window]
[    0.166731] pci_bus 0000:00: root bus resource [mem 0x40000000-0xfebfffff window]
[    0.167642] pci_bus 0000:00: root bus resource [mem 0x100000000-0x17fffffff window]
[    0.167731] pci_bus 0000:00: root bus resource [bus 00-ff]
[    0.168482] pci 0000:00:00.0: [8086:1237] type 00 class 0x060000 conventional PCI endpoint
[    0.169993] pci 0000:00:01.0: [8086:7000] type 00 class 0x060100 conventional PCI endpoint
[    0.170996] pci 0000:00:01.1: [8086:7010] type 00 class 0x010180 conventional PCI endpoint
[    0.173218] pci 0000:00:01.1: BAR 4 [io  0xc0c0-0xc0cf]
[    0.173748] pci 0000:00:01.1: BAR 0 [io  0x01f0-0x01f7]: legacy IDE quirk
[    0.174569] pci 0000:00:01.1: BAR 1 [io  0x03f6]: legacy IDE quirk
[    0.174730] pci 0000:00:01.1: BAR 2 [io  0x0170-0x0177]: legacy IDE quirk
[    0.175554] pci 0000:00:01.1: BAR 3 [io  0x0376]: legacy IDE quirk
[    0.176820] pci 0000:00:01.3: [8086:7113] type 00 class 0x068000 conventional PCI endpoint
[    0.177920] pci 0000:00:01.3: quirk: [io  0x0600-0x063f] claimed by PIIX4 ACPI
[    0.178734] pci 0000:00:01.3: quirk: [io  0x0700-0x070f] claimed by PIIX4 SMB
[    0.179764] pci 0000:00:02.0: [1af4:1009] type 00 class 0x000200 conventional PCI endpoint
[    0.181735] pci 0000:00:02.0: BAR 0 [io  0xc000-0xc03f]
[    0.182382] pci 0000:00:02.0: BAR 1 [mem 0xfebfc000-0xfebfcfff]
[    0.183745] pci 0000:00:02.0: BAR 4 [mem 0xfebf0000-0xfebf3fff 64bit pref]
[    0.185165] pci 0000:00:03.0: [1af4:1009] type 00 class 0x000200 conventional PCI endpoint
[    0.186202] pci 0000:00:03.0: BAR 0 [io  0xc040-0xc07f]
[    0.186735] pci 0000:00:03.0: BAR 1 [mem 0xfebfd000-0xfebfdfff]
[    0.187467] pci 0000:00:03.0: BAR 4 [mem 0xfebf4000-0xfebf7fff 64bit pref]
[    0.189242] pci 0000:00:04.0: [8086:25ab] type 00 class 0x088000 conventional PCI endpoint
[    0.190005] pci 0000:00:04.0: BAR 0 [mem 0xfebfe000-0xfebfe00f]
[    0.191129] pci 0000:00:05.0: [1af4:1003] type 00 class 0x078000 conventional PCI endpoint
[    0.193735] pci 0000:00:05.0: BAR 0 [io  0xc080-0xc0bf]
[    0.194373] pci 0000:00:05.0: BAR 1 [mem 0xfebff000-0xfebfffff]
[    0.194745] pci 0000:00:05.0: BAR 4 [mem 0xfebf8000-0xfebfbfff 64bit pref]
[    0.196379] ACPI: PCI: Interrupt link LNKA configured for IRQ 10
[    0.197834] ACPI: PCI: Interrupt link LNKB configured for IRQ 10
[    0.198658] ACPI: PCI: Interrupt link LNKC configured for IRQ 11
[    0.198822] ACPI: PCI: Interrupt link LNKD configured for IRQ 11
[    0.199620] ACPI: PCI: Interrupt link LNKS configured for IRQ 9
[    0.201522] iommu: Default domain type: Translated
[    0.201731] iommu: DMA domain TLB invalidation policy: lazy mode
[    0.202507] SCSI subsystem initialized
[    0.203761] pps_core: LinuxPPS API ver. 1 registered
[    0.204369] pps_core: Software ver. 5.3.6 - Copyright 2005-2007 Rodolfo Giometti <giometti@linux.it>
[    0.204733] PTP clock support registered
[    0.205747] Advanced Linux Sound Architecture Driver Initialized.
[    0.207004] NET: Registered PF_ATMPVC protocol family
[    0.207620] NET: Registered PF_ATMSVC protocol family
[    0.207736] PCI: Using ACPI for IRQ routing
[    0.208333] vgaarb: loaded
[    0.208762] hpet0: at MMIO 0xfed00000, IRQs 2, 8, 0
[    0.209731] hpet0: 3 comparators, 64-bit 100.000000 MHz counter
[    0.214730] clocksource: Switched to clocksource kvm-clock
[    0.214943] VFS: Disk quotas dquot_6.6.0
[    0.216017] VFS: Dquot-cache hash table entries: 512 (order 0, 4096 bytes)
[    0.216950] pnp: PnP ACPI init
[    0.217496] pnp: PnP ACPI: found 5 devices
[    0.223417] clocksource: acpi_pm: mask: 0xffffff max_cycles: 0xffffff, max_idle_ns: 2085701024 ns
[    0.224508] NET: Registered PF_INET protocol family
[    0.225116] IP idents hash table entries: 16384 (order: 5, 131072 bytes, linear)
[    0.226155] tcp_listen_portaddr_hash hash table entries: 512 (order: 1, 8192 bytes, linear)
[    0.227175] Table-perturb hash table entries: 65536 (order: 6, 262144 bytes, linear)
[    0.228121] TCP established hash table entries: 8192 (order: 4, 65536 bytes, linear)
[    0.229065] TCP bind hash table entries: 8192 (order: 6, 262144 bytes, linear)
[    0.229947] TCP: Hash tables configured (established 8192 bind 8192)
[    0.230728] UDP hash table entries: 512 (order: 3, 32768 bytes, linear)
[    0.231532] UDP-Lite hash table entries: 512 (order: 3, 32768 bytes, linear)
[    0.232409] NET: Registered PF_UNIX/PF_LOCAL protocol family
[    0.233087] pci_bus 0000:00: resource 4 [io  0x0000-0x0cf7 window]
[    0.233815] pci_bus 0000:00: resource 5 [io  0x0d00-0xffff window]
[    0.234547] pci_bus 0000:00: resource 6 [mem 0x000a0000-0x000bffff window]
[    0.235361] pci_bus 0000:00: resource 7 [mem 0x40000000-0xfebfffff window]
[    0.236177] pci_bus 0000:00: resource 8 [mem 0x100000000-0x17fffffff window]
[    0.237036] pci 0000:00:01.0: PIIX3: Enabling Passive Release
[    0.237718] pci 0000:00:00.0: Limiting direct PCI/PCI transfers
[    0.238454] PCI: CLS 0 bytes, default 64
[    0.238971] kvm_intel: VMX not supported by CPU 24
[    0.239545] kvm_amd: TSC scaling supported
[    0.240034] kvm_amd: Nested Virtualization enabled
[    0.240598] kvm_amd: Nested Paging enabled
[    0.241090] kvm_amd: LBR virtualization supported
[    0.241666] kvm_amd: Virtual GIF supported
[    0.242156] kvm_amd: Virtual NMI enabled
[    0.267875] clocksource: tsc: mask: 0xffffffffffffffff max_cycles: 0x40be4320a4d, max_idle_ns: 440795288133 ns
[    0.274131] Initialise system trusted keyrings
[    0.274726] workingset: timestamp_bits=56 max_order=18 bucket_order=0
[    0.275526] squashfs: version 4.0 (2009/01/31) Phillip Lougher
[    0.276240] fuse: init (API version 7.43)
[    0.276747] 9p: Installing v9fs 9p2000 file system support
[    0.283685] Key type asymmetric registered
[    0.284189] Asymmetric key parser 'x509' registered
[    0.284796] Block layer SCSI generic (bsg) driver version 0.4 loaded (major 249)
[    0.285703] io scheduler mq-deadline registered
[    0.286261] io scheduler kyber registered
[    0.288032] input: Power Button as /devices/LNXSYSTM:00/LNXPWRBN:00/input/input0
[    0.289001] ACPI: button: Power Button [PWRF]
[    0.289922] Warning: Processor Platform Limit event detected, but not handled.
[    0.290924] Consider compiling CPUfreq support into your kernel.
[    0.307649] ACPI: \_SB_.LNKB: Enabled at IRQ 10
[    0.322658] ACPI: \_SB_.LNKC: Enabled at IRQ 11
[    0.337612] ACPI: \_SB_.LNKA: Enabled at IRQ 10
[    0.338630] Serial: 8250/16550 driver, 4 ports, IRQ sharing enabled
[    0.339576] 00:03: ttyS0 at I/O 0x3f8 (irq = 4, base_baud = 115200) is a 16550A
[    0.358399] Non-volatile memory driver v1.3
[    0.358919] Linux agpgart interface v0.103
[    0.359514] ACPI: bus type drm_connector registered
[    0.360483] printk: legacy console [hvc0] enabled
[    0.361078] printk: legacy bootconsole [earlyser0] disabled
          _      _                                    
   __   _(_)_ __| |_ _ __ ___   ___       _ __   __ _ 
   \ \ / / |  __| __|  _   _ \ / _ \_____|  _ \ / _  |
    \ V /| | |  | |_| | | | | |  __/_____| | | | (_| |
     \_/ |_|_|   \__|_| |_| |_|\___|     |_| |_|\__  |
                                                |___/ 
   kernel version: 6.15.0-rc5-virtme x86_64
   (CTRL+d to exit)

root@virtme-ng:/nipa-data/kernel# PS1='xx__-> '
xx__-> env
PWD=/nipa-data/kernel
nr_open=1048576
HOME=/
TERM=xterm
SHLVL=2
XDG_RUNTIME_DIR=/run/user/0
PATH=/bin:/sbin:/usr/bin:/usr/sbin:/usr/local/bin
OLDPWD=/
_=/bin/env
xx__-> 