No EFI environment detected.
early console in extract_kernel
input_data: 0x000000000305f2b9
input_len: 0x0000000000b83ef1
output: 0x0000000001000000
output_len: 0x000000000252f450
kernel_total_size: 0x0000000002c30000
needed_size: 0x0000000002e00000
trampoline_32bit: 0x0000000000000000
Physical KASLR using RDRAND RDTSC...
Virtual KASLR using RDRAND RDTSC...

Decompressing Linux... Parsing ELF... Performing relocations... done.
Booting the kernel (entry_offset: 0x0000000000000000).
[    0.000000] Linux version 6.8.0-rc3-virtme (root@67d30b399db5) (gcc (Alpine 13.2.1_git20231014) 13.2.1 20231014, GNU ld (GNU Binutils) 2.41) #1 SMP PREEMPT_DYNAMIC Tue Feb 13 21:06:17 UTC 2024
[    0.000000] Command line: virtme_hostname=virtme-ng virtme_link_mods=/nipa-data/kernel/.virtme_mods/lib/modules/0.0.0 virtme_initmount0=nipa-data/kernel virtme_rw_overlay0=/etc virtme_rw_overlay1=/lib virtme_rw_overlay2=/home virtme_rw_overlay3=/opt virtme_rw_overlay4=/srv virtme_rw_overlay5=/usr virtme_rw_overlay6=/var earlyprintk=serial,ttyS0,115200 console=ttyS0 psmouse.proto=exps TERM=xterm virtme_chdir=nipa-data/kernel virtme_root_user=1 rootfstype=9p rootflags=version=9p2000.L,trans=virtio,access=any raid=noautodetect ro init=/usr/lib/python3.11/site-packages/virtme/guest/virtme-init
[    0.000000] BIOS-provided physical RAM map:
[    0.000000] BIOS-e820: [mem 0x0000000000000000-0x000000000009fbff] usable
[    0.000000] BIOS-e820: [mem 0x000000000009fc00-0x000000000009ffff] reserved
[    0.000000] BIOS-e820: [mem 0x00000000000f0000-0x00000000000fffff] reserved
[    0.000000] BIOS-e820: [mem 0x0000000000100000-0x000000003ffdffff] usable
[    0.000000] BIOS-e820: [mem 0x000000003ffe0000-0x000000003fffffff] reserved
[    0.000000] BIOS-e820: [mem 0x00000000feffc000-0x00000000feffffff] reserved
[    0.000000] BIOS-e820: [mem 0x00000000fffc0000-0x00000000ffffffff] reserved
[    0.000000] BIOS-e820: [mem 0x000000fd00000000-0x000000ffffffffff] reserved
[    0.000000] printk: legacy bootconsole [earlyser0] enabled
[    0.000000] NX (Execute Disable) protection: active
[    0.000000] APIC: Static calls initialized
[    0.000000] SMBIOS 3.0.0 present.
[    0.000000] DMI: QEMU Standard PC (i440FX + PIIX, 1996), BIOS rel-1.16.3-0-ga6ed6b701f0a-prebuilt.qemu.org 04/01/2014
[    0.000000] Hypervisor detected: KVM
[    0.000000] kvm-clock: Using msrs 4b564d01 and 4b564d00
[    0.000000] kvm-clock: using sched offset of 219890769 cycles
[    0.000405] clocksource: kvm-clock: mask: 0xffffffffffffffff max_cycles: 0x1cd42e4dffb, max_idle_ns: 881590591483 ns
[    0.001820] tsc: Detected 4491.536 MHz processor
[    0.002629] last_pfn = 0x3ffe0 max_arch_pfn = 0x400000000
[    0.003131] MTRR map: 4 entries (3 fixed + 1 variable; max 19), built from 8 variable MTRRs
[    0.003774] x86/PAT: Configuration [0-7]: WB  WC  UC- UC  WB  WP  UC- WT  
Memory KASLR using RDRAND RDTSC...
[    0.005943] found SMP MP-table at [mem 0x000f5470-0x000f547f]
[    0.006406] Using GB pages for direct mapping
[    0.006797] ACPI: Early table checksum verification disabled
[    0.007280] ACPI: RSDP 0x00000000000F5290 000014 (v00 BOCHS )
[    0.007726] ACPI: RSDT 0x000000003FFE27B6 000034 (v01 BOCHS  BXPC     00000001 BXPC 00000001)
[    0.008398] ACPI: FACP 0x000000003FFE2572 000074 (v01 BOCHS  BXPC     00000001 BXPC 00000001)
[    0.009070] ACPI: DSDT 0x000000003FFE0040 002532 (v01 BOCHS  BXPC     00000001 BXPC 00000001)
[    0.009729] ACPI: FACS 0x000000003FFE0000 000040
[    0.010093] ACPI: APIC 0x000000003FFE25E6 000170 (v03 BOCHS  BXPC     00000001 BXPC 00000001)
[    0.010749] ACPI: HPET 0x000000003FFE2756 000038 (v01 BOCHS  BXPC     00000001 BXPC 00000001)
[    0.011459] ACPI: WAET 0x000000003FFE278E 000028 (v01 BOCHS  BXPC     00000001 BXPC 00000001)
[    0.012121] ACPI: Reserving FACP table memory at [mem 0x3ffe2572-0x3ffe25e5]
[    0.012666] ACPI: Reserving DSDT table memory at [mem 0x3ffe0040-0x3ffe2571]
[    0.013208] ACPI: Reserving FACS table memory at [mem 0x3ffe0000-0x3ffe003f]
[    0.013748] ACPI: Reserving APIC table memory at [mem 0x3ffe25e6-0x3ffe2755]
[    0.014280] ACPI: Reserving HPET table memory at [mem 0x3ffe2756-0x3ffe278d]
[    0.014811] ACPI: Reserving WAET table memory at [mem 0x3ffe278e-0x3ffe27b5]
[    0.015489] No NUMA configuration found
[    0.015778] Faking a node at [mem 0x0000000000000000-0x000000003ffdffff]
[    0.016285] NODE_DATA(0) allocated [mem 0x3ffdb000-0x3ffdffff]
[    0.016740] Zone ranges:
[    0.016931]   DMA      [mem 0x0000000000001000-0x0000000000ffffff]
[    0.017493]   DMA32    [mem 0x0000000001000000-0x000000003ffdffff]
[    0.018061]   Normal   empty
[    0.018321]   Device   empty
[    0.018561] Movable zone start for each node
[    0.018882] Early memory node ranges
[    0.019158]   node   0: [mem 0x0000000000001000-0x000000000009efff]
[    0.019630]   node   0: [mem 0x0000000000100000-0x000000003ffdffff]
[    0.020108] Initmem setup node 0 [mem 0x0000000000001000-0x000000003ffdffff]
[    0.020648] On node 0, zone DMA: 1 pages in unavailable ranges
[    0.021105] On node 0, zone DMA: 97 pages in unavailable ranges
[    0.022530] On node 0, zone DMA32: 32 pages in unavailable ranges
[    0.023234] ACPI: PM-Timer IO Port: 0x608
[    0.023541] ACPI: LAPIC_NMI (acpi_id[0xff] dfl dfl lint[0x1])
[    0.024003] IOAPIC[0]: apic_id 0, version 17, address 0xfec00000, GSI 0-23
[    0.024527] ACPI: INT_SRC_OVR (bus 0 bus_irq 0 global_irq 2 dfl dfl)
[    0.025019] ACPI: INT_SRC_OVR (bus 0 bus_irq 5 global_irq 5 high level)
[    0.025519] ACPI: INT_SRC_OVR (bus 0 bus_irq 9 global_irq 9 high level)
[    0.026028] ACPI: INT_SRC_OVR (bus 0 bus_irq 10 global_irq 10 high level)
[    0.026538] ACPI: INT_SRC_OVR (bus 0 bus_irq 11 global_irq 11 high level)
[    0.027072] ACPI: Using ACPI (MADT) for SMP configuration information
[    0.027563] ACPI: HPET id: 0x8086a201 base: 0xfed00000
[    0.027952] TSC deadline timer available
[    0.028247] smpboot: Allowing 32 CPUs, 0 hotplug CPUs
[    0.028664] kvm-guest: APIC: eoi() replaced with kvm_guest_apic_eoi_write()
[    0.029197] kvm-guest: KVM setup pv remote TLB flush
[    0.029571] kvm-guest: setup PV sched yield
[    0.029892] PM: hibernation: Registered nosave memory: [mem 0x00000000-0x00000fff]
[    0.030462] PM: hibernation: Registered nosave memory: [mem 0x0009f000-0x0009ffff]
[    0.031034] PM: hibernation: Registered nosave memory: [mem 0x000a0000-0x000effff]
[    0.031603] PM: hibernation: Registered nosave memory: [mem 0x000f0000-0x000fffff]
[    0.032179] [mem 0x40000000-0xfeffbfff] available for PCI devices
[    0.032650] Booting paravirtualized kernel on KVM
[    0.033021] clocksource: refined-jiffies: mask: 0xffffffff max_cycles: 0xffffffff, max_idle_ns: 1910969940391419 ns
[    0.036757] setup_percpu: NR_CPUS:64 nr_cpumask_bits:32 nr_cpu_ids:32 nr_node_ids:1
[    0.037960] percpu: Embedded 58 pages/cpu s199904 r8192 d29472 u262144
[    0.038486] Kernel command line: virtme_hostname=virtme-ng virtme_link_mods=/nipa-data/kernel/.virtme_mods/lib/modules/0.0.0 virtme_initmount0=nipa-data/kernel virtme_rw_overlay0=/etc virtme_rw_overlay1=/lib virtme_rw_overlay2=/home virtme_rw_overlay3=/opt virtme_rw_overlay4=/srv virtme_rw_overlay5=/usr virtme_rw_overlay6=/var earlyprintk=serial,ttyS0,115200 console=ttyS0 psmouse.proto=exps TERM=xterm virtme_chdir=nipa-data/kernel virtme_root_user=1 rootfstype=9p rootflags=version=9p2000.L,trans=virtio,access=any raid=noautodetect ro init=/usr/lib/python3.11/site-packages/virtme/guest/virtme-init
[    0.042664] Unknown kernel command line parameters "virtme_hostname=virtme-ng virtme_link_mods=/nipa-data/kernel/.virtme_mods/lib/modules/0.0.0 virtme_initmount0=nipa-data/kernel virtme_rw_overlay0=/etc virtme_rw_overlay1=/lib virtme_rw_overlay2=/home virtme_rw_overlay3=/opt virtme_rw_overlay4=/srv virtme_rw_overlay5=/usr virtme_rw_overlay6=/var virtme_chdir=nipa-data/kernel virtme_root_user=1", will be passed to user space.
[    0.045799] random: crng init done
[    0.046094] Dentry cache hash table entries: 131072 (order: 8, 1048576 bytes, linear)
[    0.046724] Inode-cache hash table entries: 65536 (order: 7, 524288 bytes, linear)
[    0.047416] Fallback order for Node 0: 0 
[    0.047419] Built 1 zonelists, mobility grouping on.  Total pages: 257760
[    0.048257] Policy zone: DMA32
[    0.048498] mem auto-init: stack:all(zero), heap alloc:off, heap free:off
[    0.050769] Memory: 976368K/1048056K available (16384K kernel code, 2558K rwdata, 6076K rodata, 3156K init, 12004K bss, 71428K reserved, 0K cma-reserved)
[    0.051900] SLUB: HWalign=64, Order=0-3, MinObjects=0, CPUs=32, Nodes=1
Poking KASLR using RDRAND RDTSC...
[    0.052708] ftrace: allocating 46574 entries in 182 pages
[    0.059925] ftrace: allocated 182 pages with 5 groups
[    0.061144] Dynamic Preempt: voluntary
[    0.061629] Running RCU self tests
[    0.061898] Running RCU synchronous self tests
[    0.062251] rcu: Preemptible hierarchical RCU implementation.
[    0.062698] rcu: RCU event tracing is enabled.
[    0.063051] rcu: RCU lockdep checking is enabled.
[    0.063424] rcu: RCU restricting CPUs from NR_CPUS=64 to nr_cpu_ids=32.
[    0.063947] Trampoline variant of Tasks RCU enabled.
[    0.064345] Rude variant of Tasks RCU enabled.
[    0.064697] Tracing variant of Tasks RCU enabled.
[    0.065069] rcu: RCU calculated value of scheduler-enlistment delay is 100 jiffies.
[    0.065665] rcu: Adjusting geometry for rcu_fanout_leaf=16, nr_cpu_ids=32
[    0.066219] Running RCU synchronous self tests
[    0.068192] NR_IRQS: 4352, nr_irqs: 680, preallocated irqs: 16
[    0.068845] rcu: srcu_init: Setting srcu_struct sizes based on contention.
[    0.069590] Console: colour *CGA 80x25
[    0.069910] printk: legacy console [ttyS0] enabled
[    0.069910] printk: legacy console [ttyS0] enabled
[    0.070662] printk: legacy bootconsole [earlyser0] disabled
[    0.070662] printk: legacy bootconsole [earlyser0] disabled
[    0.071543] Lock dependency validator: Copyright (c) 2006 Red Hat, Inc., Ingo Molnar
[    0.072148] ... MAX_LOCKDEP_SUBCLASSES:  8
[    0.072476] ... MAX_LOCK_DEPTH:          48
[    0.072807] ... MAX_LOCKDEP_KEYS:        8192
[    0.073151] ... CLASSHASH_SIZE:          4096
[    0.073493] ... MAX_LOCKDEP_ENTRIES:     32768
[    0.073842] ... MAX_LOCKDEP_CHAINS:      65536
[    0.074196] ... CHAINHASH_SIZE:          32768
[    0.074546]  memory used by lock dependency info: 6429 kB
[    0.074971]  memory used for stack traces: 4224 kB
[    0.075348]  per task-struct memory footprint: 1920 bytes
[    0.075786] ACPI: Core revision 20230628
[    0.076198] clocksource: hpet: mask: 0xffffffff max_cycles: 0xffffffff, max_idle_ns: 19112604467 ns
[    0.077016] APIC: Switch to symmetric I/O mode setup
[    0.077429] APIC: Switched APIC routing to: physical flat
[    0.077854] kvm-guest: APIC: send_IPI_mask() replaced with kvm_send_ipi_mask()
[    0.078417] kvm-guest: APIC: send_IPI_mask_allbutself() replaced with kvm_send_ipi_mask_allbutself()
[    0.079127] kvm-guest: setup PV IPIs
[    0.080251] ..TIMER: vector=0x30 apic1=0 pin1=2 apic2=-1 pin2=-1
[    0.081094] tsc: Marking TSC unstable due to TSCs unsynchronized
[    0.081903] Calibrating delay loop (skipped) preset value.. 8983.07 BogoMIPS (lpj=4491536)
[    0.082957] x86/cpu: User Mode Instruction Prevention (UMIP) activated
[    0.083955] Last level iTLB entries: 4KB 512, 2MB 255, 4MB 127
[    0.084739] Last level dTLB entries: 4KB 512, 2MB 255, 4MB 127, 1GB 0
[    0.084902] Spectre V1 : Mitigation: usercopy/swapgs barriers and __user pointer sanitization
[    0.085902] Spectre V2 : Mitigation: Enhanced / Automatic IBRS
[    0.086898] Spectre V2 : Spectre v2 / SpectreRSB mitigation: Filling RSB on context switch
[    0.087900] Spectre V2 : mitigation: Enabling conditional Indirect Branch Prediction Barrier
[    0.088900] Speculative Store Bypass: Mitigation: Speculative Store Bypass disabled via prctl
[    0.089899] Speculative Return Stack Overflow: IBPB-extending microcode not applied!
[    0.090898] Speculative Return Stack Overflow: WARNING: See https://kernel.org/doc/html/latest/admin-guide/hw-vuln/srso.html for mitigation options.
[    0.090899] Speculative Return Stack Overflow: Vulnerable: Safe RET, no microcode
[    0.092917] x86/fpu: Supporting XSAVE feature 0x001: 'x87 floating point registers'
[    0.093898] x86/fpu: Supporting XSAVE feature 0x002: 'SSE registers'
[    0.094736] x86/fpu: Supporting XSAVE feature 0x004: 'AVX registers'
[    0.094898] x86/fpu: Supporting XSAVE feature 0x020: 'AVX-512 opmask'
[    0.095898] x86/fpu: Supporting XSAVE feature 0x040: 'AVX-512 Hi256'
[    0.096898] x86/fpu: Supporting XSAVE feature 0x080: 'AVX-512 ZMM_Hi256'
[    0.097898] x86/fpu: Supporting XSAVE feature 0x200: 'Protection Keys User registers'
[    0.098899] x86/fpu: xstate_offset[2]:  576, xstate_sizes[2]:  256
[    0.099898] x86/fpu: xstate_offset[5]:  832, xstate_sizes[5]:   64
[    0.100898] x86/fpu: xstate_offset[6]:  896, xstate_sizes[6]:  512
[    0.101712] x86/fpu: xstate_offset[7]: 1408, xstate_sizes[7]: 1024
[    0.101898] x86/fpu: xstate_offset[9]: 2432, xstate_sizes[9]:    8
[    0.102900] x86/fpu: Enabled xstate features 0x2e7, context size is 2440 bytes, using 'compacted' format.
[    0.122035] Freeing SMP alternatives memory: 36K
[    0.122658] pid_max: default: 32768 minimum: 301
[    0.122985] Mount-cache hash table entries: 2048 (order: 2, 16384 bytes, linear)
[    0.123901] Mountpoint-cache hash table entries: 2048 (order: 2, 16384 bytes, linear)
[    0.126067] Running RCU synchronous self tests
[    0.126659] Running RCU synchronous self tests
[    0.127062] smpboot: CPU0: AMD Ryzen 9 7950X 16-Core Processor (family: 0x19, model: 0x61, stepping: 0x2)
[    0.128272] RCU Tasks: Setting shift to 5 and lim to 1 rcu_task_cb_adjust=1.
[    0.128930] RCU Tasks Rude: Setting shift to 5 and lim to 1 rcu_task_cb_adjust=1.
[    0.129937] RCU Tasks Trace: Setting shift to 5 and lim to 1 rcu_task_cb_adjust=1.
[    0.130935] Running RCU Tasks wait API self tests
[    0.238974] Running RCU Tasks Rude wait API self tests
[    0.239785] Running RCU Tasks Trace wait API self tests
[    0.239950] Performance Events: Fam17h+ core perfctr, AMD PMU driver.
[    0.240857] ... version:                0
[    0.240901] ... bit width:              48
[    0.241446] ... generic registers:      6
[    0.241901] ... value mask:             0000ffffffffffff
[    0.242603] ... max period:             00007fffffffffff
[    0.242901] ... fixed-purpose events:   0
[    0.243433] ... event mask:             000000000000003f
[    0.244092] signal: max sigframe size: 3376
[    0.244732] rcu: Hierarchical SRCU implementation.
[    0.244902] rcu: Max phase no-delay instances is 400.
[    0.247309] Callback from call_rcu_tasks_trace() invoked.
[    0.249730] smp: Bringing up secondary CPUs ...
[    0.250280] smpboot: x86: Booting SMP configuration:
[    0.250906] .... node  #0, CPUs:        #1  #2  #3  #4  #5  #6  #7  #8  #9 #10 #11 #12 #13 #14 #15 #16 #17 #18 #19 #20 #21 #22 #23 #24 #25 #26 #27 #28 #29 #30 #31
[    0.276094] smp: Brought up 1 node, 32 CPUs
[    0.277625] smpboot: Max logical packages: 1
[    0.277902] smpboot: Total of 32 processors activated (287458.30 BogoMIPS)
[    0.285902] devtmpfs: initialized
[    0.286600] x86/mm: Memory block size: 128MB
[    0.289563] Running RCU synchronous self tests
[    0.289920] Running RCU synchronous self tests
[    0.290795] clocksource: jiffies: mask: 0xffffffff max_cycles: 0xffffffff, max_idle_ns: 1911260446275000 ns
[    0.290907] futex hash table entries: 8192 (order: 8, 1048576 bytes, linear)
[    0.292570] PM: RTC time: 21:06:51, date: 2024-02-13
[    0.293694] NET: Registered PF_NETLINK/PF_ROUTE protocol family
[    0.294696] thermal_sys: Registered thermal governor 'step_wise'
[    0.294698] thermal_sys: Registered thermal governor 'user_space'
[    0.294971] cpuidle: using governor menu
[    0.298212] PCI: Using configuration type 1 for base access
[    0.298902] PCI: Using configuration type 1 for extended access
[    0.300059] kprobes: kprobe jump-optimization is enabled. All kprobes are optimized if possible.
[    0.315128] HugeTLB: registered 1.00 GiB page size, pre-allocated 0 pages
[    0.315902] HugeTLB: 16380 KiB vmemmap can be freed for a 1.00 GiB page
[    0.316756] HugeTLB: registered 2.00 MiB page size, pre-allocated 0 pages
[    0.317902] HugeTLB: 28 KiB vmemmap can be freed for a 2.00 MiB page
[    0.320114] ACPI: Added _OSI(Module Device)
[    0.320114] ACPI: Added _OSI(Processor Device)
[    0.320486] ACPI: Added _OSI(3.0 _SCP Extensions)
[    0.321902] ACPI: Added _OSI(Processor Aggregator Device)
[    0.323648] ACPI: 1 ACPI AML tables successfully acquired and loaded
[    0.326969] ACPI: _OSC evaluation for CPUs failed, trying _PDC
[    0.328402] ACPI: Interpreter enabled
[    0.328926] ACPI: PM: (supports S0 S3 S4 S5)
[    0.329496] ACPI: Using IOAPIC for interrupt routing
[    0.329921] PCI: Using host bridge windows from ACPI; if necessary, use "pci=nocrs" and report a bug
[    0.330901] PCI: Using E820 reservations for host bridge windows
[    0.331963] ACPI: Enabled 2 GPEs in block 00 to 0F
[    0.341700] ACPI: PCI Root Bridge [PCI0] (domain 0000 [bus 00-ff])
[    0.342906] acpi PNP0A03:00: _OSC: OS supports [ExtendedConfig ASPM ClockPM Segments MSI HPX-Type3]
[    0.344458] Callback from call_rcu_tasks_rude() invoked.
[    0.344493] PCI host bridge to bus 0000:00
[    0.345445] pci_bus 0000:00: root bus resource [io  0x0000-0x0cf7 window]
[    0.345902] pci_bus 0000:00: root bus resource [io  0x0d00-0xffff window]
[    0.346786] pci_bus 0000:00: root bus resource [mem 0x000a0000-0x000bffff window]
[    0.347904] pci_bus 0000:00: root bus resource [mem 0x40000000-0xfebfffff window]
[    0.348902] pci_bus 0000:00: root bus resource [mem 0x100000000-0x17fffffff window]
[    0.349902] pci_bus 0000:00: root bus resource [bus 00-ff]
[    0.350771] pci 0000:00:00.0: [8086:1237] type 00 class 0x060000 conventional PCI endpoint
[    0.352420] pci 0000:00:01.0: [8086:7000] type 00 class 0x060100 conventional PCI endpoint
[    0.353349] pci 0000:00:01.1: [8086:7010] type 00 class 0x010180 conventional PCI endpoint
[    0.357137] pci 0000:00:01.1: BAR 4 [io  0xc080-0xc08f]
[    0.358616] pci 0000:00:01.1: BAR 0 [io  0x01f0-0x01f7]: legacy IDE quirk
[    0.359902] pci 0000:00:01.1: BAR 1 [io  0x03f6]: legacy IDE quirk
[    0.360719] pci 0000:00:01.1: BAR 2 [io  0x0170-0x0177]: legacy IDE quirk
[    0.361902] pci 0000:00:01.1: BAR 3 [io  0x0376]: legacy IDE quirk
[    0.362906] pci 0000:00:01.3: [8086:7113] type 00 class 0x068000 conventional PCI endpoint
[    0.364170] pci 0000:00:01.3: quirk: [io  0x0600-0x063f] claimed by PIIX4 ACPI
[    0.364906] pci 0000:00:01.3: quirk: [io  0x0700-0x070f] claimed by PIIX4 SMB
[    0.367176] pci 0000:00:02.0: [1af4:1009] type 00 class 0x000200 conventional PCI endpoint
[    0.368902] pci 0000:00:02.0: BAR 0 [io  0xc000-0xc03f]
[    0.370532] pci 0000:00:02.0: BAR 1 [mem 0xfebfd000-0xfebfdfff]
[    0.375902] pci 0000:00:02.0: BAR 4 [mem 0xfebf4000-0xfebf7fff 64bit pref]
[    0.379114] pci 0000:00:03.0: [1af4:1009] type 00 class 0x000200 conventional PCI endpoint
[    0.381901] pci 0000:00:03.0: BAR 0 [io  0xc040-0xc07f]
[    0.383501] pci 0000:00:03.0: BAR 1 [mem 0xfebfe000-0xfebfefff]
[    0.389517] pci 0000:00:03.0: BAR 4 [mem 0xfebf8000-0xfebfbfff 64bit pref]
[    0.392054] pci 0000:00:04.0: [8086:25ab] type 00 class 0x088000 conventional PCI endpoint
[    0.394389] pci 0000:00:04.0: BAR 0 [mem 0xfebff000-0xfebff00f]
[    0.399736] ACPI: PCI: Interrupt link LNKA configured for IRQ 10
[    0.401078] ACPI: PCI: Interrupt link LNKB configured for IRQ 10
[    0.401991] ACPI: PCI: Interrupt link LNKC configured for IRQ 11
[    0.402923] ACPI: PCI: Interrupt link LNKD configured for IRQ 11
[    0.403806] ACPI: PCI: Interrupt link LNKS configured for IRQ 9
[    0.407500] iommu: Default domain type: Translated
[    0.407902] iommu: DMA domain TLB invalidation policy: lazy mode
[    0.409230] SCSI subsystem initialized
[    0.409957] pps_core: LinuxPPS API ver. 1 registered
[    0.410605] pps_core: Software ver. 5.3.6 - Copyright 2005-2007 Rodolfo Giometti <giometti@linux.it>
[    0.411907] PTP clock support registered
[    0.412980] Advanced Linux Sound Architecture Driver Initialized.
[    0.413548] NET: Registered PF_ATMPVC protocol family
[    0.414903] NET: Registered PF_ATMSVC protocol family
[    0.415570] PCI: Using ACPI for IRQ routing
[    0.416059] vgaarb: loaded
[    0.416989] hpet0: at MMIO 0xfed00000, IRQs 2, 8, 0
[    0.416994] hpet0: 3 comparators, 64-bit 100.000000 MHz counter
[    0.422339] clocksource: Switched to clocksource kvm-clock
[    0.423675] VFS: Disk quotas dquot_6.6.0
[    0.424209] VFS: Dquot-cache hash table entries: 512 (order 0, 4096 bytes)
[    0.425226] pnp: PnP ACPI init
[    0.426166] pnp: PnP ACPI: found 5 devices
[    0.436389] clocksource: acpi_pm: mask: 0xffffff max_cycles: 0xffffff, max_idle_ns: 2085701024 ns
[    0.437591] NET: Registered PF_INET protocol family
[    0.438294] IP idents hash table entries: 16384 (order: 5, 131072 bytes, linear)
[    0.439552] tcp_listen_portaddr_hash hash table entries: 512 (order: 3, 36864 bytes, linear)
[    0.440656] Table-perturb hash table entries: 65536 (order: 6, 262144 bytes, linear)
[    0.441683] TCP established hash table entries: 8192 (order: 4, 65536 bytes, linear)
[    0.442728] TCP bind hash table entries: 8192 (order: 8, 1179648 bytes, linear)
[    0.444079] TCP: Hash tables configured (established 8192 bind 8192)
[    0.445014] UDP hash table entries: 512 (order: 4, 81920 bytes, linear)
[    0.445908] UDP-Lite hash table entries: 512 (order: 4, 81920 bytes, linear)
[    0.446878] Callback from call_rcu_tasks() invoked.
[    0.446973] NET: Registered PF_UNIX/PF_LOCAL protocol family
[    0.448521] pci_bus 0000:00: resource 4 [io  0x0000-0x0cf7 window]
[    0.449309] pci_bus 0000:00: resource 5 [io  0x0d00-0xffff window]
[    0.450104] pci_bus 0000:00: resource 6 [mem 0x000a0000-0x000bffff window]
[    0.451001] pci_bus 0000:00: resource 7 [mem 0x40000000-0xfebfffff window]
[    0.451892] pci_bus 0000:00: resource 8 [mem 0x100000000-0x17fffffff window]
[    0.452866] pci 0000:00:01.0: PIIX3: Enabling Passive Release
[    0.453610] pci 0000:00:00.0: Limiting direct PCI/PCI transfers
[    0.454396] PCI: CLS 0 bytes, default 64
[    0.454974] kvm_intel: VMX not supported by CPU 13
[    0.455776] kvm_amd: TSC scaling supported
[    0.456313] kvm_amd: Nested Virtualization enabled
[    0.456933] kvm_amd: Nested Paging enabled
[    0.457473] kvm_amd: Virtual VMLOAD VMSAVE supported
[    0.458114] kvm_amd: Virtual GIF supported
[    0.458646] kvm_amd: Virtual NMI enabled
[    0.459163] kvm_amd: LBR virtualization supported
[    0.556565] workingset: timestamp_bits=56 max_order=18 bucket_order=0
[    0.557571] squashfs: version 4.0 (2009/01/31) Phillip Lougher
[    0.558372] fuse: init (API version 7.39)
[    0.559004] 9p: Installing v9fs 9p2000 file system support
[    0.559861] Key type asymmetric registered
[    0.560440] Block layer SCSI generic (bsg) driver version 0.4 loaded (major 249)
[    0.561498] io scheduler mq-deadline registered
[    0.562116] io scheduler kyber registered
[    0.564040] input: Power Button as /devices/LNXSYSTM:00/LNXPWRBN:00/input/input0
[    0.565264] ACPI: button: Power Button [PWRF]
[    0.565957] Warning: Processor Platform Limit event detected, but not handled.
[    0.566917] Consider compiling CPUfreq support into your kernel.
[    0.642063] ACPI: \_SB_.LNKB: Enabled at IRQ 10
[    0.716056] ACPI: \_SB_.LNKC: Enabled at IRQ 11
[    0.717565] Serial: 8250/16550 driver, 4 ports, IRQ sharing enabled
[    0.718765] 00:03: ttyS0 at I/O 0x3f8 (irq = 4, base_baud = 115200) is a 16550A
[    0.720797] Non-volatile memory driver v1.3
[    0.721339] Linux agpgart interface v0.103
[    0.722015] ACPI: bus type drm_connector registered
[    0.735472] loop: module loaded
[    0.737229] scsi host0: ata_piix
[    0.737989] scsi host1: ata_piix
[    0.738476] ata1: PATA max MWDMA2 cmd 0x1f0 ctl 0x3f6 bmdma 0xc080 irq 14 lpm-pol 0
[    0.739472] ata2: PATA max MWDMA2 cmd 0x170 ctl 0x376 bmdma 0xc088 irq 15 lpm-pol 0
[    0.741169] i8042: PNP: PS/2 Controller [PNP0303:KBD,PNP0f13:MOU] at 0x60,0x64 irq 1,12
[    0.742877] serio: i8042 KBD port at 0x60,0x64 irq 1
[    0.743550] serio: i8042 AUX port at 0x60,0x64 irq 12
[    0.744657] rtc_cmos 00:04: RTC can wake from S4
[    0.746004] rtc_cmos 00:04: registered as rtc0
[    0.746789] input: AT Translated Set 2 keyboard as /devices/platform/i8042/serio0/input/input1
[    0.748201] rtc_cmos 00:04: setting system clock to 2024-02-13T21:06:51 UTC (1707858411)
[    0.749345] rtc_cmos 00:04: alarms up to one day, y3k, 242 bytes nvram, hpet irqs
[    0.751121] i6300ESB timer 0000:00:04.0: initialized. heartbeat=30 sec (nowayout=0)
[    0.752306] device-mapper: ioctl: 4.48.0-ioctl (2023-03-01) initialised: dm-devel@redhat.com
[    0.754434] NET: Registered PF_PACKET protocol family
[    0.755112] 9pnet: Installing 9P2000 support
[    0.756817] Key type dns_resolver registered
[    0.758217] input: ImExPS/2 Generic Explorer Mouse as /devices/platform/i8042/serio1/input/input3
[    0.762564] IPI shorthand broadcast: enabled
[    0.773079] sched_clock: Marking stable (763002283, 9507994)->(793231333, -20721056)
[    0.774697] registered taskstats version 1
[    0.781201] PM:   Magic number: 12:245:146
[    0.781939] acpi device:17: hash matches
[    0.782661] printk: legacy console [netcon0] enabled
[    0.783487] netconsole: network logging started
[    0.784348] ALSA device list:
[    0.784789]   No soundcards found.
[    0.894666] ata2: found unknown device (class 0)
[    0.895834] ata2.00: ATAPI: QEMU DVD-ROM, 2.5+, max UDMA/100
[    0.897900] scsi 1:0:0:0: CD-ROM            QEMU     QEMU DVD-ROM     2.5+ PQ: 0 ANSI: 5
[    0.907336] scsi 1:0:0:0: Attached scsi generic sg0 type 5
[    0.908357] md: Skipping autodetection of RAID arrays. (raid=autodetect will force)
[    0.909567] 9pnet_virtio: no channels available for device 
[    0.911135] VFS: Mounted root (9p filesystem) readonly on device 0:19.
[    0.912383] devtmpfs: mounted
[    0.914810] Freeing unused kernel image (initmem) memory: 3156K
[    0.921543] Write protecting the kernel read-only data: 22528k
[    0.922882] Freeing unused kernel image (rodata/data gap) memory: 68K
[    0.959027] x86/mm: Checked W+X mappings: passed, no W+X pages found.
[    0.960009] Run /usr/lib/python3.11/site-packages/virtme/guest/virtme-init as init process
[    0.990913] mount (267) used greatest stack depth: 12984 bytes left
[    1.071747] mount (285) used greatest stack depth: 12584 bytes left
[    1.125105] virtme-init (316) used greatest stack depth: 12568 bytes left
[    1.127997] virtme-init (313) used greatest stack depth: 12424 bytes left
[    1.162459] virtme-init: basic initialization done
[    1.168184] virtme-init: udevd not found
[    1.227606] virtme-init: Setting hostname to virtme-ng...
[    1.240973] ip (359) used greatest stack depth: 12056 bytes left
          _      _                                    
   __   _(_)_ __| |_ _ __ ___   ___       _ __   __ _ 
   \ \ / / |  __| __|  _   _ \ / _ \_____|  _ \ / _  |
    \ V /| | |  | |_| | | | | |  __/_____| | | | (_| |
     \_/ |_|_|   \__|_| |_| |_|\___|     |_| |_|\__  |
                                                |___/ 
   kernel version: 6.8.0-rc3-virtme x86_64

virtme-ng:/nipa-data/kernel# PS1='xx__-> '
xx__-> env
PWD=/nipa-data/kernel
HOME=/
TERM=xterm
SHLVL=2
XDG_RUNTIME_DIR=/run/user/0
PATH=/bin:/sbin:/usr/bin:/usr/sbin:/usr/local/bin
OLDPWD=/
_=/usr/bin/env
xx__-> 