No EFI environment detected.
early console in extract_kernel
input_data: 0x00000000029eb2b9
input_len: 0x0000000000b24c9b
output: 0x0000000001000000
output_len: 0x00000000024ca6d4
kernel_total_size: 0x0000000002230000
needed_size: 0x0000000002600000
trampoline_32bit: 0x0000000000000000
Physical KASLR using RDRAND RDTSC...
Virtual KASLR using RDRAND RDTSC...

Decompressing Linux... Parsing ELF... Performing relocations... done.
Booting the kernel (entry_offset: 0x0000000000000000).
[    0.000000] Linux version 6.9.0-rc5-virtme (root@1994caf976b8) (gcc (Alpine 13.2.1_git20240309) 13.2.1 20240309, GNU ld (GNU Binutils) 2.42) #1 SMP PREEMPT_DYNAMIC Tue Apr 30 00:06:16 UTC 2024
[    0.000000] Command line: virtme_hostname=virtme-ng nr_open=1048576 virtme_link_mods=/nipa-data/kernel/.virtme_mods/lib/modules/0.0.0 virtme_initmount0=nipa-data/kernel virtme_rw_overlay0=/etc virtme_rw_overlay1=/lib virtme_rw_overlay2=/home virtme_rw_overlay3=/opt virtme_rw_overlay4=/srv virtme_rw_overlay5=/usr virtme_rw_overlay6=/var console=hvc0 earlyprintk=serial,ttyS0,115200 virtme_console=ttyS0 psmouse.proto=exps TERM=xterm virtme_chdir=nipa-data/kernel virtme_root_user=1 rootfstype=9p rootflags=version=9p2000.L,trans=virtio,access=any raid=noautodetect ro init=/usr/lib/python3.12/site-packages/virtme/guest/virtme-init
[    0.000000] BIOS-provided physical RAM map:
[    0.000000] BIOS-e820: [mem 0x0000000000000000-0x000000000009fbff] usable
[    0.000000] BIOS-e820: [mem 0x000000000009fc00-0x000000000009ffff] reserved
[    0.000000] BIOS-e820: [mem 0x00000000000f0000-0x00000000000fffff] reserved
[    0.000000] BIOS-e820: [mem 0x0000000000100000-0x000000003ffdffff] usable
[    0.000000] BIOS-e820: [mem 0x000000003ffe0000-0x000000003fffffff] reserved
[    0.000000] BIOS-e820: [mem 0x00000000feffc000-0x00000000feffffff] reserved
[    0.000000] BIOS-e820: [mem 0x00000000fffc0000-0x00000000ffffffff] reserved
[    0.000000] BIOS-e820: [mem 0x000000fd00000000-0x000000ffffffffff] reserved
[    0.000000] printk: legacy bootconsole [earlyser0] enabled
[    0.000000] NX (Execute Disable) protection: active
[    0.000000] APIC: Static calls initialized
[    0.000000] SMBIOS 3.0.0 present.
[    0.000000] DMI: QEMU Standard PC (i440FX + PIIX, 1996), BIOS rel-1.16.3-0-ga6ed6b701f0a-prebuilt.qemu.org 04/01/2014
[    0.000000] Hypervisor detected: KVM
[    0.000000] kvm-clock: Using msrs 4b564d01 and 4b564d00
[    0.000000] kvm-clock: using sched offset of 216615190 cycles
[    0.000391] clocksource: kvm-clock: mask: 0xffffffffffffffff max_cycles: 0x1cd42e4dffb, max_idle_ns: 881590591483 ns
[    0.001609] tsc: Detected 4491.556 MHz processor
[    0.002224] last_pfn = 0x3ffe0 max_arch_pfn = 0x400000000
[    0.002651] MTRR map: 4 entries (3 fixed + 1 variable; max 19), built from 8 variable MTRRs
[    0.003277] x86/PAT: Configuration [0-7]: WB  WC  UC- UC  WB  WP  UC- WT  
Memory KASLR using RDRAND RDTSC...
[    0.005377] found SMP MP-table at [mem 0x000f5470-0x000f547f]
[    0.005811] Using GB pages for direct mapping
[    0.006197] ACPI: Early table checksum verification disabled
[    0.006622] ACPI: RSDP 0x00000000000F5290 000014 (v00 BOCHS )
[    0.007052] ACPI: RSDT 0x000000003FFE27BC 000034 (v01 BOCHS  BXPC     00000001 BXPC 00000001)
[    0.007689] ACPI: FACP 0x000000003FFE2578 000074 (v01 BOCHS  BXPC     00000001 BXPC 00000001)
[    0.008326] ACPI: DSDT 0x000000003FFE0040 002538 (v01 BOCHS  BXPC     00000001 BXPC 00000001)
[    0.008965] ACPI: FACS 0x000000003FFE0000 000040
[    0.009310] ACPI: APIC 0x000000003FFE25EC 000170 (v03 BOCHS  BXPC     00000001 BXPC 00000001)
[    0.009945] ACPI: HPET 0x000000003FFE275C 000038 (v01 BOCHS  BXPC     00000001 BXPC 00000001)
[    0.010581] ACPI: WAET 0x000000003FFE2794 000028 (v01 BOCHS  BXPC     00000001 BXPC 00000001)
[    0.011216] ACPI: Reserving FACP table memory at [mem 0x3ffe2578-0x3ffe25eb]
[    0.011741] ACPI: Reserving DSDT table memory at [mem 0x3ffe0040-0x3ffe2577]
[    0.012266] ACPI: Reserving FACS table memory at [mem 0x3ffe0000-0x3ffe003f]
[    0.012795] ACPI: Reserving APIC table memory at [mem 0x3ffe25ec-0x3ffe275b]
[    0.013320] ACPI: Reserving HPET table memory at [mem 0x3ffe275c-0x3ffe2793]
[    0.013845] ACPI: Reserving WAET table memory at [mem 0x3ffe2794-0x3ffe27bb]
[    0.014517] No NUMA configuration found
[    0.014803] Faking a node at [mem 0x0000000000000000-0x000000003ffdffff]
[    0.015303] NODE_DATA(0) allocated [mem 0x3ffdb000-0x3ffdffff]
[    0.015749] Zone ranges:
[    0.015937]   DMA      [mem 0x0000000000001000-0x0000000000ffffff]
[    0.016397]   DMA32    [mem 0x0000000001000000-0x000000003ffdffff]
[    0.016861]   Normal   empty
[    0.017075]   Device   empty
[    0.017290] Movable zone start for each node
[    0.017608] Early memory node ranges
[    0.017874]   node   0: [mem 0x0000000000001000-0x000000000009efff]
[    0.018341]   node   0: [mem 0x0000000000100000-0x000000003ffdffff]
[    0.018812] Initmem setup node 0 [mem 0x0000000000001000-0x000000003ffdffff]
[    0.019336] On node 0, zone DMA: 1 pages in unavailable ranges
[    0.019778] On node 0, zone DMA: 97 pages in unavailable ranges
[    0.021167] On node 0, zone DMA32: 32 pages in unavailable ranges
[    0.021824] ACPI: PM-Timer IO Port: 0x608
[    0.022125] ACPI: LAPIC_NMI (acpi_id[0xff] dfl dfl lint[0x1])
[    0.022568] IOAPIC[0]: apic_id 0, version 17, address 0xfec00000, GSI 0-23
[    0.023079] ACPI: INT_SRC_OVR (bus 0 bus_irq 0 global_irq 2 dfl dfl)
[    0.023551] ACPI: INT_SRC_OVR (bus 0 bus_irq 5 global_irq 5 high level)
[    0.024043] ACPI: INT_SRC_OVR (bus 0 bus_irq 9 global_irq 9 high level)
[    0.024534] ACPI: INT_SRC_OVR (bus 0 bus_irq 10 global_irq 10 high level)
[    0.025042] ACPI: INT_SRC_OVR (bus 0 bus_irq 11 global_irq 11 high level)
[    0.025547] ACPI: Using ACPI (MADT) for SMP configuration information
[    0.026025] ACPI: HPET id: 0x8086a201 base: 0xfed00000
[    0.026407] TSC deadline timer available
[    0.026700] CPU topo: Max. logical packages:   1
[    0.027043] CPU topo: Max. logical dies:       1
[    0.027385] CPU topo: Max. dies per package:   1
[    0.027730] CPU topo: Max. threads per core:   1
[    0.028073] CPU topo: Num. cores per package:    32
[    0.028437] CPU topo: Num. threads per package:  32
[    0.028802] CPU topo: Allowing 32 present CPUs plus 0 hotplug CPUs
[    0.029271] kvm-guest: APIC: eoi() replaced with kvm_guest_apic_eoi_write()
[    0.029796] kvm-guest: KVM setup pv remote TLB flush
[    0.030167] kvm-guest: setup PV sched yield
[    0.030483] PM: hibernation: Registered nosave memory: [mem 0x00000000-0x00000fff]
[    0.031047] PM: hibernation: Registered nosave memory: [mem 0x0009f000-0x0009ffff]
[    0.031610] PM: hibernation: Registered nosave memory: [mem 0x000a0000-0x000effff]
[    0.032179] PM: hibernation: Registered nosave memory: [mem 0x000f0000-0x000fffff]
[    0.032753] [mem 0x40000000-0xfeffbfff] available for PCI devices
[    0.033211] Booting paravirtualized kernel on KVM
[    0.033564] clocksource: refined-jiffies: mask: 0xffffffff max_cycles: 0xffffffff, max_idle_ns: 1910969940391419 ns
[    0.037378] setup_percpu: NR_CPUS:64 nr_cpumask_bits:32 nr_cpu_ids:32 nr_node_ids:1
[    0.038557] percpu: Embedded 58 pages/cpu s198952 r8192 d30424 u262144
[    0.039075] Kernel command line: virtme_hostname=virtme-ng nr_open=1048576 virtme_link_mods=/nipa-data/kernel/.virtme_mods/lib/modules/0.0.0 virtme_initmount0=nipa-data/kernel virtme_rw_overlay0=/etc virtme_rw_overlay1=/lib virtme_rw_overlay2=/home virtme_rw_overlay3=/opt virtme_rw_overlay4=/srv virtme_rw_overlay5=/usr virtme_rw_overlay6=/var console=hvc0 earlyprintk=serial,ttyS0,115200 virtme_console=ttyS0 psmouse.proto=exps TERM=xterm virtme_chdir=nipa-data/kernel virtme_root_user=1 rootfstype=9p rootflags=version=9p2000.L,trans=virtio,access=any raid=noautodetect ro init=/usr/lib/python3.12/site-packages/virtme/guest/virtme-init
[    0.043460] Unknown kernel command line parameters "virtme_hostname=virtme-ng nr_open=1048576 virtme_link_mods=/nipa-data/kernel/.virtme_mods/lib/modules/0.0.0 virtme_initmount0=nipa-data/kernel virtme_rw_overlay0=/etc virtme_rw_overlay1=/lib virtme_rw_overlay2=/home virtme_rw_overlay3=/opt virtme_rw_overlay4=/srv virtme_rw_overlay5=/usr virtme_rw_overlay6=/var virtme_console=ttyS0 virtme_chdir=nipa-data/kernel virtme_root_user=1", will be passed to user space.
[    0.046791] random: crng init done
[    0.047087] Dentry cache hash table entries: 131072 (order: 8, 1048576 bytes, linear)
[    0.047706] Inode-cache hash table entries: 65536 (order: 7, 524288 bytes, linear)
[    0.048374] Fallback order for Node 0: 0 
[    0.048376] Built 1 zonelists, mobility grouping on.  Total pages: 257760
[    0.049208] Policy zone: DMA32
[    0.049442] mem auto-init: stack:all(zero), heap alloc:off, heap free:off
[    0.050782] Memory: 986616K/1048056K available (16384K kernel code, 2404K rwdata, 6108K rodata, 3056K init, 2100K bss, 61180K reserved, 0K cma-reserved)
[    0.051854] SLUB: HWalign=64, Order=0-3, MinObjects=0, CPUs=32, Nodes=1
Poking KASLR using RDRAND RDTSC...
[    0.052618] ftrace: allocating 47618 entries in 187 pages
[    0.059849] ftrace: allocated 187 pages with 6 groups
[    0.060865] Dynamic Preempt: voluntary
[    0.061313] rcu: Preemptible hierarchical RCU implementation.
[    0.061764] rcu: RCU event tracing is enabled.
[    0.062111] rcu: RCU restricting CPUs from NR_CPUS=64 to nr_cpu_ids=32.
[    0.062624] Trampoline variant of Tasks RCU enabled.
[    0.063014] Rude variant of Tasks RCU enabled.
[    0.063361] Tracing variant of Tasks RCU enabled.
[    0.063728] rcu: RCU calculated value of scheduler-enlistment delay is 100 jiffies.
[    0.064315] rcu: Adjusting geometry for rcu_fanout_leaf=16, nr_cpu_ids=32
[    0.064850] RCU Tasks: Setting shift to 5 and lim to 1 rcu_task_cb_adjust=1.
[    0.065396] RCU Tasks Rude: Setting shift to 5 and lim to 1 rcu_task_cb_adjust=1.
[    0.065977] RCU Tasks Trace: Setting shift to 5 and lim to 1 rcu_task_cb_adjust=1.
[    0.068028] NR_IRQS: 4352, nr_irqs: 680, preallocated irqs: 16
[    0.068648] rcu: srcu_init: Setting srcu_struct sizes based on contention.
[    0.069325] Console: colour *CGA 80x25
[    0.069620] ACPI: Core revision 20230628
[    0.069994] clocksource: hpet: mask: 0xffffffff max_cycles: 0xffffffff, max_idle_ns: 19112604467 ns
[    0.070752] APIC: Switch to symmetric I/O mode setup
[    0.071146] APIC: Switched APIC routing to: physical flat
[    0.071559] kvm-guest: APIC: send_IPI_mask() replaced with kvm_send_ipi_mask()
[    0.072111] kvm-guest: APIC: send_IPI_mask_allbutself() replaced with kvm_send_ipi_mask_allbutself()
[    0.072818] kvm-guest: setup PV IPIs
[    0.073886] ..TIMER: vector=0x30 apic1=0 pin1=2 apic2=-1 pin2=-1
[    0.074705] tsc: Marking TSC unstable due to TSCs unsynchronized
[    0.075529] Calibrating delay loop (skipped) preset value.. 8983.11 BogoMIPS (lpj=4491556)
[    0.076589] x86/cpu: User Mode Instruction Prevention (UMIP) activated
[    0.077577] Last level iTLB entries: 4KB 512, 2MB 255, 4MB 127
[    0.078527] Last level dTLB entries: 4KB 512, 2MB 255, 4MB 127, 1GB 0
[    0.079532] Spectre V1 : Mitigation: usercopy/swapgs barriers and __user pointer sanitization
[    0.080531] Spectre V2 : Mitigation: Enhanced / Automatic IBRS
[    0.081527] Spectre V2 : Spectre v2 / SpectreRSB mitigation: Filling RSB on context switch
[    0.082528] Spectre V2 : mitigation: Enabling conditional Indirect Branch Prediction Barrier
[    0.083529] Speculative Store Bypass: Mitigation: Speculative Store Bypass disabled via prctl
[    0.084527] Speculative Return Stack Overflow: IBPB-extending microcode not applied!
[    0.085527] Speculative Return Stack Overflow: WARNING: See https://kernel.org/doc/html/latest/admin-guide/hw-vuln/srso.html for mitigation options.
[    0.085528] Speculative Return Stack Overflow: Vulnerable: Safe RET, no microcode
[    0.087542] x86/fpu: Supporting XSAVE feature 0x001: 'x87 floating point registers'
[    0.088527] x86/fpu: Supporting XSAVE feature 0x002: 'SSE registers'
[    0.089527] x86/fpu: Supporting XSAVE feature 0x004: 'AVX registers'
[    0.090527] x86/fpu: Supporting XSAVE feature 0x020: 'AVX-512 opmask'
[    0.091527] x86/fpu: Supporting XSAVE feature 0x040: 'AVX-512 Hi256'
[    0.092527] x86/fpu: Supporting XSAVE feature 0x080: 'AVX-512 ZMM_Hi256'
[    0.093527] x86/fpu: Supporting XSAVE feature 0x200: 'Protection Keys User registers'
[    0.094528] x86/fpu: xstate_offset[2]:  576, xstate_sizes[2]:  256
[    0.095527] x86/fpu: xstate_offset[5]:  832, xstate_sizes[5]:   64
[    0.096345] x86/fpu: xstate_offset[6]:  896, xstate_sizes[6]:  512
[    0.096527] x86/fpu: xstate_offset[7]: 1408, xstate_sizes[7]: 1024
[    0.097527] x86/fpu: xstate_offset[9]: 2432, xstate_sizes[9]:    8
[    0.098527] x86/fpu: Enabled xstate features 0x2e7, context size is 2440 bytes, using 'compacted' format.
[    0.114833] Freeing SMP alternatives memory: 40K
[    0.115441] pid_max: default: 32768 minimum: 301
[    0.115552] Mount-cache hash table entries: 2048 (order: 2, 16384 bytes, linear)
[    0.116528] Mountpoint-cache hash table entries: 2048 (order: 2, 16384 bytes, linear)
[    0.117683] smpboot: CPU0: AMD Ryzen 9 7950X 16-Core Processor (family: 0x19, model: 0x61, stepping: 0x2)
[    0.118635] Performance Events: Fam17h+ core perfctr, AMD PMU driver.
[    0.119498] ... version:                0
[    0.119529] ... bit width:              48
[    0.120062] ... generic registers:      6
[    0.120529] ... value mask:             0000ffffffffffff
[    0.121219] ... max period:             00007fffffffffff
[    0.121529] ... fixed-purpose events:   0
[    0.122048] ... event mask:             000000000000003f
[    0.122610] signal: max sigframe size: 3376
[    0.123168] rcu: Hierarchical SRCU implementation.
[    0.123529] rcu: Max phase no-delay instances is 400.
[    0.126407] smp: Bringing up secondary CPUs ...
[    0.126581] smpboot: x86: Booting SMP configuration:
[    0.127232] .... node  #0, CPUs:        #1  #2  #3  #4  #5  #6  #7  #8  #9 #10 #11 #12 #13 #14 #15 #16 #17 #18 #19 #20 #21 #22 #23 #24 #25 #26 #27 #28 #29 #30 #31
[    0.143705] smp: Brought up 1 node, 32 CPUs
[    0.145104] smpboot: Total of 32 processors activated (287459.58 BogoMIPS)
[    0.147600] devtmpfs: initialized
[    0.147976] x86/mm: Memory block size: 128MB
[    0.149373] clocksource: jiffies: mask: 0xffffffff max_cycles: 0xffffffff, max_idle_ns: 1911260446275000 ns
[    0.149531] futex hash table entries: 8192 (order: 7, 524288 bytes, linear)
[    0.150509] PM: RTC time: 00:06:47, date: 2024-04-30
[    0.150890] NET: Registered PF_NETLINK/PF_ROUTE protocol family
[    0.151649] thermal_sys: Registered thermal governor 'step_wise'
[    0.151651] thermal_sys: Registered thermal governor 'user_space'
[    0.152451] cpuidle: using governor menu
[    0.153783] PCI: Using configuration type 1 for base access
[    0.154529] PCI: Using configuration type 1 for extended access
[    0.155346] kprobes: kprobe jump-optimization is enabled. All kprobes are optimized if possible.
[    0.169835] HugeTLB: registered 1.00 GiB page size, pre-allocated 0 pages
[    0.170529] HugeTLB: 16380 KiB vmemmap can be freed for a 1.00 GiB page
[    0.171381] HugeTLB: registered 2.00 MiB page size, pre-allocated 0 pages
[    0.171529] HugeTLB: 28 KiB vmemmap can be freed for a 2.00 MiB page
[    0.172587] Demotion targets for Node 0: null
[    0.173287] ACPI: Added _OSI(Module Device)
[    0.173530] ACPI: Added _OSI(Processor Device)
[    0.174246] ACPI: Added _OSI(3.0 _SCP Extensions)
[    0.174530] ACPI: Added _OSI(Processor Aggregator Device)
[    0.176298] ACPI: 1 ACPI AML tables successfully acquired and loaded
[    0.177565] ACPI: _OSC evaluation for CPUs failed, trying _PDC
[    0.178700] ACPI: Interpreter enabled
[    0.179301] ACPI: PM: (supports S0 S3 S4 S5)
[    0.179530] ACPI: Using IOAPIC for interrupt routing
[    0.180336] PCI: Using host bridge windows from ACPI; if necessary, use "pci=nocrs" and report a bug
[    0.180529] PCI: Using E820 reservations for host bridge windows
[    0.181609] ACPI: Enabled 2 GPEs in block 00 to 0F
[    0.185577] ACPI: PCI Root Bridge [PCI0] (domain 0000 [bus 00-ff])
[    0.186532] acpi PNP0A03:00: _OSC: OS supports [ExtendedConfig ASPM ClockPM Segments MSI HPX-Type3]
[    0.187639] PCI host bridge to bus 0000:00
[    0.188306] pci_bus 0000:00: root bus resource [io  0x0000-0x0cf7 window]
[    0.188530] pci_bus 0000:00: root bus resource [io  0x0d00-0xffff window]
[    0.189529] pci_bus 0000:00: root bus resource [mem 0x000a0000-0x000bffff window]
[    0.190529] pci_bus 0000:00: root bus resource [mem 0x40000000-0xfebfffff window]
[    0.191529] pci_bus 0000:00: root bus resource [mem 0x100000000-0x17fffffff window]
[    0.192530] pci_bus 0000:00: root bus resource [bus 00-ff]
[    0.193508] pci 0000:00:00.0: [8086:1237] type 00 class 0x060000 conventional PCI endpoint
[    0.193826] pci 0000:00:01.0: [8086:7000] type 00 class 0x060100 conventional PCI endpoint
[    0.194897] pci 0000:00:01.1: [8086:7010] type 00 class 0x010180 conventional PCI endpoint
[    0.198883] pci 0000:00:01.1: BAR 4 [io  0xc0c0-0xc0cf]
[    0.200721] pci 0000:00:01.1: BAR 0 [io  0x01f0-0x01f7]: legacy IDE quirk
[    0.201529] pci 0000:00:01.1: BAR 1 [io  0x03f6]: legacy IDE quirk
[    0.202314] pci 0000:00:01.1: BAR 2 [io  0x0170-0x0177]: legacy IDE quirk
[    0.202529] pci 0000:00:01.1: BAR 3 [io  0x0376]: legacy IDE quirk
[    0.203412] pci 0000:00:01.3: [8086:7113] type 00 class 0x068000 conventional PCI endpoint
[    0.203767] pci 0000:00:01.3: quirk: [io  0x0600-0x063f] claimed by PIIX4 ACPI
[    0.204533] pci 0000:00:01.3: quirk: [io  0x0700-0x070f] claimed by PIIX4 SMB
[    0.205597] pci 0000:00:02.0: [1af4:1009] type 00 class 0x000200 conventional PCI endpoint
[    0.207530] pci 0000:00:02.0: BAR 0 [io  0xc000-0xc03f]
[    0.209241] pci 0000:00:02.0: BAR 1 [mem 0xfebfc000-0xfebfcfff]
[    0.212529] pci 0000:00:02.0: BAR 4 [mem 0xfebf0000-0xfebf3fff 64bit pref]
[    0.214848] pci 0000:00:03.0: [1af4:1009] type 00 class 0x000200 conventional PCI endpoint
[    0.217530] pci 0000:00:03.0: BAR 0 [io  0xc040-0xc07f]
[    0.219257] pci 0000:00:03.0: BAR 1 [mem 0xfebfd000-0xfebfdfff]
[    0.222531] pci 0000:00:03.0: BAR 4 [mem 0xfebf4000-0xfebf7fff 64bit pref]
[    0.225612] pci 0000:00:04.0: [8086:25ab] type 00 class 0x088000 conventional PCI endpoint
[    0.227082] pci 0000:00:04.0: BAR 0 [mem 0xfebfe000-0xfebfe00f]
[    0.230943] pci 0000:00:05.0: [1af4:1003] type 00 class 0x078000 conventional PCI endpoint
[    0.232530] pci 0000:00:05.0: BAR 0 [io  0xc080-0xc0bf]
[    0.234530] pci 0000:00:05.0: BAR 1 [mem 0xfebff000-0xfebfffff]
[    0.238235] pci 0000:00:05.0: BAR 4 [mem 0xfebf8000-0xfebfbfff 64bit pref]
[    0.240462] ACPI: PCI: Interrupt link LNKA configured for IRQ 10
[    0.240651] ACPI: PCI: Interrupt link LNKB configured for IRQ 10
[    0.241532] ACPI: PCI: Interrupt link LNKC configured for IRQ 11
[    0.242442] ACPI: PCI: Interrupt link LNKD configured for IRQ 11
[    0.242610] ACPI: PCI: Interrupt link LNKS configured for IRQ 9
[    0.244286] iommu: Default domain type: Translated
[    0.244530] iommu: DMA domain TLB invalidation policy: lazy mode
[    0.245599] SCSI subsystem initialized
[    0.246241] pps_core: LinuxPPS API ver. 1 registered
[    0.246530] pps_core: Software ver. 5.3.6 - Copyright 2005-2007 Rodolfo Giometti <giometti@linux.it>
[    0.247532] PTP clock support registered
[    0.248063] Advanced Linux Sound Architecture Driver Initialized.
[    0.248938] NET: Registered PF_ATMPVC protocol family
[    0.249529] NET: Registered PF_ATMSVC protocol family
[    0.250185] PCI: Using ACPI for IRQ routing
[    0.250613] vgaarb: loaded
[    0.250888] hpet0: at MMIO 0xfed00000, IRQs 2, 8, 0
[    0.251530] hpet0: 3 comparators, 64-bit 100.000000 MHz counter
[    0.257867] clocksource: Switched to clocksource kvm-clock
[    0.258688] VFS: Disk quotas dquot_6.6.0
[    0.258865] VFS: Dquot-cache hash table entries: 512 (order 0, 4096 bytes)
[    0.260169] pnp: PnP ACPI init
[    0.260764] pnp: PnP ACPI: found 5 devices
[    0.267920] clocksource: acpi_pm: mask: 0xffffff max_cycles: 0xffffff, max_idle_ns: 2085701024 ns
[    0.269107] NET: Registered PF_INET protocol family
[    0.269765] IP idents hash table entries: 16384 (order: 5, 131072 bytes, linear)
[    0.270872] tcp_listen_portaddr_hash hash table entries: 512 (order: 1, 8192 bytes, linear)
[    0.271959] Table-perturb hash table entries: 65536 (order: 6, 262144 bytes, linear)
[    0.272960] TCP established hash table entries: 8192 (order: 4, 65536 bytes, linear)
[    0.273954] TCP bind hash table entries: 8192 (order: 6, 262144 bytes, linear)
[    0.274968] TCP: Hash tables configured (established 8192 bind 8192)
[    0.275802] UDP hash table entries: 512 (order: 2, 16384 bytes, linear)
[    0.276649] UDP-Lite hash table entries: 512 (order: 2, 16384 bytes, linear)
[    0.277579] NET: Registered PF_UNIX/PF_LOCAL protocol family
[    0.278306] pci_bus 0000:00: resource 4 [io  0x0000-0x0cf7 window]
[    0.279100] pci_bus 0000:00: resource 5 [io  0x0d00-0xffff window]
[    0.279895] pci_bus 0000:00: resource 6 [mem 0x000a0000-0x000bffff window]
[    0.280779] pci_bus 0000:00: resource 7 [mem 0x40000000-0xfebfffff window]
[    0.281662] pci_bus 0000:00: resource 8 [mem 0x100000000-0x17fffffff window]
[    0.282584] pci 0000:00:01.0: PIIX3: Enabling Passive Release
[    0.283320] pci 0000:00:00.0: Limiting direct PCI/PCI transfers
[    0.284114] PCI: CLS 0 bytes, default 64
[    0.284646] kvm_intel: VMX not supported by CPU 0
[    0.285255] kvm_amd: TSC scaling supported
[    0.285791] kvm_amd: Nested Virtualization enabled
[    0.286406] kvm_amd: Nested Paging enabled
[    0.286933] kvm_amd: Virtual VMLOAD VMSAVE supported
[    0.287566] kvm_amd: Virtual GIF supported
[    0.288085] kvm_amd: Virtual NMI enabled
[    0.288586] kvm_amd: LBR virtualization supported
[    0.381288] Initialise system trusted keyrings
[    0.382010] workingset: timestamp_bits=56 max_order=18 bucket_order=0
[    0.382892] squashfs: version 4.0 (2009/01/31) Phillip Lougher
[    0.383689] fuse: init (API version 7.40)
[    0.384284] 9p: Installing v9fs 9p2000 file system support
[    0.391596] Key type asymmetric registered
[    0.392156] Asymmetric key parser 'x509' registered
[    0.392807] Block layer SCSI generic (bsg) driver version 0.4 loaded (major 249)
[    0.393774] io scheduler mq-deadline registered
[    0.394358] io scheduler kyber registered
[    0.395969] input: Power Button as /devices/LNXSYSTM:00/LNXPWRBN:00/input/input0
[    0.396976] ACPI: button: Power Button [PWRF]
[    0.397569] Warning: Processor Platform Limit event detected, but not handled.
[    0.398491] Consider compiling CPUfreq support into your kernel.
[    0.415892] ACPI: \_SB_.LNKB: Enabled at IRQ 10
[    0.433083] ACPI: \_SB_.LNKC: Enabled at IRQ 11
[    0.453040] ACPI: \_SB_.LNKA: Enabled at IRQ 10
[    0.454630] Serial: 8250/16550 driver, 4 ports, IRQ sharing enabled
[    0.455829] 00:03: ttyS0 at I/O 0x3f8 (irq = 4, base_baud = 115200) is a 16550A
[    0.511633] Non-volatile memory driver v1.3
[    0.512388] Linux agpgart interface v0.103
[    0.512460] ACPI: bus type drm_connector registered
[    0.513772] printk: legacy console [hvc0] enabled
[    0.514397] printk: legacy bootconsole [earlyser0] disabled
          _      _                                    
   __   _(_)_ __| |_ _ __ ___   ___       _ __   __ _ 
   \ \ / / |  __| __|  _   _ \ / _ \_____|  _ \ / _  |
    \ V /| | |  | |_| | | | | |  __/_____| | | | (_| |
     \_/ |_|_|   \__|_| |_| |_|\___|     |_| |_|\__  |
                                                |___/ 
   kernel version: 6.9.0-rc5-virtme x86_64
   (CTRL+d to exit)

virtme-ng:/nipa-data/kernel# PS1='xx__-> '
xx__-> env
PWD=/nipa-data/kernel
nr_open=1048576
HOME=/root
TERM=xterm
SHLVL=2
XDG_RUNTIME_DIR=/run/user/0
PATH=/bin:/sbin:/usr/bin:/usr/sbin:/usr/local/bin
OLDPWD=/
_=/usr/bin/env
xx__-> 