No EFI environment detected.
early console in extract_kernel
input_data: 0x00000000029b82c4
input_len: 0x0000000000bc0d2f
output: 0x0000000001000000
output_len: 0x00000000025331d0
kernel_total_size: 0x0000000002430000
needed_size: 0x0000000002600000
trampoline_32bit: 0x0000000000000000
Physical KASLR using RDRAND RDTSC...
Virtual KASLR using RDRAND RDTSC...

Decompressing Linux... Parsing ELF... Performing relocations... done.
Booting the kernel (entry_offset: 0x0000000000fb85d0).
[    0.000000] Linux version 6.15.0-rc6-virtme (root@fa474bd080f6) (gcc (Ubuntu 13.3.0-6ubuntu2~24.04) 13.3.0, GNU ld (GNU Binutils for Ubuntu) 2.42) #1 SMP PREEMPT_DYNAMIC Mon May 19 21:06:10 UTC 2025
[    0.000000] Command line: virtme_hostname=virtme-ng nr_open=1048576 virtme_link_mods=/nipa-data/kernel/.virtme_mods/lib/modules/0.0.0 virtme_initmount0=nipa-data/kernel virtme_rw_overlay0=/etc virtme_rw_overlay1=/lib virtme_rw_overlay2=/home virtme_rw_overlay3=/opt virtme_rw_overlay4=/srv virtme_rw_overlay5=/usr virtme_rw_overlay6=/var console=hvc0 earlyprintk=serial,ttyS0,115200 virtme_console=ttyS0 psmouse.proto=exps TERM=xterm virtme_chdir=nipa-data/kernel virtme_root_user=1 rootfstype=9p rootflags=version=9p2000.L,trans=virtio,access=any raid=noautodetect ro init=/usr/lib/python3/dist-packages/virtme/guest/virtme-init
[    0.000000] BIOS-provided physical RAM map:
[    0.000000] BIOS-e820: [mem 0x0000000000000000-0x000000000009fbff] usable
[    0.000000] BIOS-e820: [mem 0x000000000009fc00-0x000000000009ffff] reserved
[    0.000000] BIOS-e820: [mem 0x00000000000f0000-0x00000000000fffff] reserved
[    0.000000] BIOS-e820: [mem 0x0000000000100000-0x000000003ffdffff] usable
[    0.000000] BIOS-e820: [mem 0x000000003ffe0000-0x000000003fffffff] reserved
[    0.000000] BIOS-e820: [mem 0x00000000feffc000-0x00000000feffffff] reserved
[    0.000000] BIOS-e820: [mem 0x00000000fffc0000-0x00000000ffffffff] reserved
[    0.000000] BIOS-e820: [mem 0x000000fd00000000-0x000000ffffffffff] reserved
[    0.000000] printk: legacy bootconsole [earlyser0] enabled
[    0.000000] NX (Execute Disable) protection: active
[    0.000000] APIC: Static calls initialized
[    0.000000] SMBIOS 3.0.0 present.
[    0.000000] DMI: QEMU Ubuntu 24.04 PC (i440FX + PIIX, 1996), BIOS 1.16.3-debian-1.16.3-2 04/01/2014
[    0.000000] DMI: Memory slots populated: 1/1
[    0.000000] Hypervisor detected: KVM
[    0.000000] kvm-clock: Using msrs 4b564d01 and 4b564d00
[    0.000000] kvm-clock: using sched offset of 220144394 cycles
[    0.000348] clocksource: kvm-clock: mask: 0xffffffffffffffff max_cycles: 0x1cd42e4dffb, max_idle_ns: 881590591483 ns
[    0.001432] tsc: Detected 4491.560 MHz processor
[    0.001980] last_pfn = 0x3ffe0 max_arch_pfn = 0x400000000
[    0.002361] MTRR map: 4 entries (3 fixed + 1 variable; max 19), built from 8 variable MTRRs
[    0.002918] x86/PAT: Configuration [0-7]: WB  WC  UC- UC  WB  WP  UC- WT  
Memory KASLR using RDRAND RDTSC...
[    0.004791] found SMP MP-table at [mem 0x000f5470-0x000f547f]
[    0.005179] Using GB pages for direct mapping
[    0.005510] ACPI: Early table checksum verification disabled
[    0.005887] ACPI: RSDP 0x00000000000F5290 000014 (v00 BOCHS )
[    0.006271] ACPI: RSDT 0x000000003FFE27BC 000034 (v01 BOCHS  BXPC     00000001 BXPC 00000001)
[    0.006844] ACPI: FACP 0x000000003FFE2578 000074 (v01 BOCHS  BXPC     00000001 BXPC 00000001)
[    0.007421] ACPI: DSDT 0x000000003FFE0040 002538 (v01 BOCHS  BXPC     00000001 BXPC 00000001)
[    0.007992] ACPI: FACS 0x000000003FFE0000 000040
[    0.008306] ACPI: APIC 0x000000003FFE25EC 000170 (v03 BOCHS  BXPC     00000001 BXPC 00000001)
[    0.008874] ACPI: HPET 0x000000003FFE275C 000038 (v01 BOCHS  BXPC     00000001 BXPC 00000001)
[    0.009445] ACPI: WAET 0x000000003FFE2794 000028 (v01 BOCHS  BXPC     00000001 BXPC 00000001)
[    0.010014] ACPI: Reserving FACP table memory at [mem 0x3ffe2578-0x3ffe25eb]
[    0.010484] ACPI: Reserving DSDT table memory at [mem 0x3ffe0040-0x3ffe2577]
[    0.010954] ACPI: Reserving FACS table memory at [mem 0x3ffe0000-0x3ffe003f]
[    0.011423] ACPI: Reserving APIC table memory at [mem 0x3ffe25ec-0x3ffe275b]
[    0.011892] ACPI: Reserving HPET table memory at [mem 0x3ffe275c-0x3ffe2793]
[    0.012361] ACPI: Reserving WAET table memory at [mem 0x3ffe2794-0x3ffe27bb]
[    0.012961] No NUMA configuration found
[    0.013219] Faking a node at [mem 0x0000000000000000-0x000000003ffdffff]
[    0.013677] NODE_DATA(0) allocated [mem 0x3ffdb600-0x3ffdffff]
[    0.014089] Zone ranges:
[    0.014264]   DMA      [mem 0x0000000000001000-0x0000000000ffffff]
[    0.014691]   DMA32    [mem 0x0000000001000000-0x000000003ffdffff]
[    0.015121]   Normal   empty
[    0.015313]   Device   empty
[    0.015505] Movable zone start for each node
[    0.015790] Early memory node ranges
[    0.016028]   node   0: [mem 0x0000000000001000-0x000000000009efff]
[    0.016445]   node   0: [mem 0x0000000000100000-0x000000003ffdffff]
[    0.016863] Initmem setup node 0 [mem 0x0000000000001000-0x000000003ffdffff]
[    0.017337] On node 0, zone DMA: 1 pages in unavailable ranges
[    0.017733] On node 0, zone DMA: 97 pages in unavailable ranges
[    0.019038] On node 0, zone DMA32: 32 pages in unavailable ranges
[    0.019631] ACPI: PM-Timer IO Port: 0x608
[    0.019904] ACPI: LAPIC_NMI (acpi_id[0xff] dfl dfl lint[0x1])
[    0.020300] IOAPIC[0]: apic_id 0, version 17, address 0xfec00000, GSI 0-23
[    0.020759] ACPI: INT_SRC_OVR (bus 0 bus_irq 0 global_irq 2 dfl dfl)
[    0.021185] ACPI: INT_SRC_OVR (bus 0 bus_irq 5 global_irq 5 high level)
[    0.021625] ACPI: INT_SRC_OVR (bus 0 bus_irq 9 global_irq 9 high level)
[    0.022064] ACPI: INT_SRC_OVR (bus 0 bus_irq 10 global_irq 10 high level)
[    0.022515] ACPI: INT_SRC_OVR (bus 0 bus_irq 11 global_irq 11 high level)
[    0.022968] ACPI: Using ACPI (MADT) for SMP configuration information
[    0.023400] ACPI: HPET id: 0x8086a201 base: 0xfed00000
[    0.023741] TSC deadline timer available
[    0.024003] CPU topo: Max. logical packages:   1
[    0.024308] CPU topo: Max. logical dies:       1
[    0.024614] CPU topo: Max. dies per package:   1
[    0.024921] CPU topo: Max. threads per core:   1
[    0.025230] CPU topo: Num. cores per package:    32
[    0.025553] CPU topo: Num. threads per package:  32
[    0.025876] CPU topo: Allowing 32 present CPUs plus 0 hotplug CPUs
[    0.026292] kvm-guest: APIC: eoi() replaced with kvm_guest_apic_eoi_write()
[    0.026760] kvm-guest: KVM setup pv remote TLB flush
[    0.027091] kvm-guest: setup PV sched yield
[    0.027370] PM: hibernation: Registered nosave memory: [mem 0x00000000-0x00000fff]
[    0.027873] PM: hibernation: Registered nosave memory: [mem 0x0009f000-0x000fffff]
[    0.028380] [mem 0x40000000-0xfeffbfff] available for PCI devices
[    0.028786] Booting paravirtualized kernel on KVM
[    0.029100] clocksource: refined-jiffies: mask: 0xffffffff max_cycles: 0xffffffff, max_idle_ns: 1910969940391419 ns
[    0.032413] setup_percpu: NR_CPUS:64 nr_cpumask_bits:32 nr_cpu_ids:32 nr_node_ids:1
[    0.033482] percpu: Embedded 53 pages/cpu s178392 r8192 d30504 u262144
[    0.033947] Kernel command line: virtme_hostname=virtme-ng nr_open=1048576 virtme_link_mods=/nipa-data/kernel/.virtme_mods/lib/modules/0.0.0 virtme_initmount0=nipa-data/kernel virtme_rw_overlay0=/etc virtme_rw_overlay1=/lib virtme_rw_overlay2=/home virtme_rw_overlay3=/opt virtme_rw_overlay4=/srv virtme_rw_overlay5=/usr virtme_rw_overlay6=/var console=hvc0 earlyprintk=serial,ttyS0,115200 virtme_console=ttyS0 psmouse.proto=exps TERM=xterm virtme_chdir=nipa-data/kernel virtme_root_user=1 rootfstype=9p rootflags=version=9p2000.L,trans=virtio,access=any raid=noautodetect ro init=/usr/lib/python3/dist-packages/virtme/guest/virtme-init
[    0.037817] Unknown kernel command line parameters "virtme_hostname=virtme-ng nr_open=1048576 virtme_link_mods=/nipa-data/kernel/.virtme_mods/lib/modules/0.0.0 virtme_initmount0=nipa-data/kernel virtme_rw_overlay0=/etc virtme_rw_overlay1=/lib virtme_rw_overlay2=/home virtme_rw_overlay3=/opt virtme_rw_overlay4=/srv virtme_rw_overlay5=/usr virtme_rw_overlay6=/var virtme_console=ttyS0 virtme_chdir=nipa-data/kernel virtme_root_user=1", will be passed to user space.
[    0.040792] random: crng init done
[    0.041024] printk: log buffer data + meta data: 262144 + 917504 = 1179648 bytes
[    0.041559] Dentry cache hash table entries: 131072 (order: 8, 1048576 bytes, linear)
[    0.042111] Inode-cache hash table entries: 65536 (order: 7, 524288 bytes, linear)
[    0.042711] Fallback order for Node 0: 0 
[    0.042713] Built 1 zonelists, mobility grouping on.  Total pages: 262014
[    0.043452] Policy zone: DMA32
[    0.043660] mem auto-init: stack:all(zero), heap alloc:off, heap free:off
[    0.044636] SLUB: HWalign=64, Order=0-3, MinObjects=0, CPUs=32, Nodes=1
Poking KASLR using RDRAND RDTSC...
[    0.051679] ftrace: allocating 48787 entries in 192 pages
[    0.052048] ftrace: allocated 192 pages with 2 groups
[    0.052947] Dynamic Preempt: voluntary
[    0.053326] rcu: Preemptible hierarchical RCU implementation.
[    0.053719] rcu: RCU event tracing is enabled.
[    0.054026] rcu: RCU restricting CPUs from NR_CPUS=64 to nr_cpu_ids=32.
[    0.054488] Trampoline variant of Tasks RCU enabled.
[    0.054833] Rude variant of Tasks RCU enabled.
[    0.055142] Tracing variant of Tasks RCU enabled.
[    0.055471] rcu: RCU calculated value of scheduler-enlistment delay is 100 jiffies.
[    0.055991] rcu: Adjusting geometry for rcu_fanout_leaf=16, nr_cpu_ids=32
[    0.056458] RCU Tasks: Setting shift to 5 and lim to 1 rcu_task_cb_adjust=1 rcu_task_cpu_ids=32.
[    0.057057] RCU Tasks Rude: Setting shift to 5 and lim to 1 rcu_task_cb_adjust=1 rcu_task_cpu_ids=32.
[    0.057689] RCU Tasks Trace: Setting shift to 5 and lim to 1 rcu_task_cb_adjust=1 rcu_task_cpu_ids=32.
[    0.059956] NR_IRQS: 4352, nr_irqs: 680, preallocated irqs: 16
[    0.060522] rcu: srcu_init: Setting srcu_struct sizes based on contention.
[    0.061120] Console: colour *CGA 80x25
[    0.061384] ACPI: Core revision 20240827
[    0.061712] clocksource: hpet: mask: 0xffffffff max_cycles: 0xffffffff, max_idle_ns: 19112604467 ns
[    0.062380] APIC: Switch to symmetric I/O mode setup
[    0.062848] x2apic enabled
[    0.063192] APIC: Switched APIC routing to: physical x2apic
[    0.063574] kvm-guest: APIC: send_IPI_mask() replaced with kvm_send_ipi_mask()
[    0.064061] kvm-guest: APIC: send_IPI_mask_allbutself() replaced with kvm_send_ipi_mask_allbutself()
[    0.064674] kvm-guest: setup PV IPIs
[    0.065615] ..TIMER: vector=0x30 apic1=0 pin1=2 apic2=-1 pin2=-1
[    0.066340] clocksource: tsc-early: mask: 0xffffffffffffffff max_cycles: 0x40be4320a4d, max_idle_ns: 440795288133 ns
[    0.067628] Calibrating delay loop (skipped) preset value.. 8983.12 BogoMIPS (lpj=4491560)
[    0.068685] x86/cpu: User Mode Instruction Prevention (UMIP) activated
[    0.069672] Last level iTLB entries: 4KB 512, 2MB 255, 4MB 127
[    0.070361] Last level dTLB entries: 4KB 512, 2MB 255, 4MB 127, 1GB 0
[    0.070630] Spectre V1 : Mitigation: usercopy/swapgs barriers and __user pointer sanitization
[    0.071630] Spectre V2 : Mitigation: Enhanced / Automatic IBRS
[    0.072628] Spectre V2 : mitigation: Enabling conditional Indirect Branch Prediction Barrier
[    0.073628] Speculative Store Bypass: Mitigation: Speculative Store Bypass disabled via prctl
[    0.074627] Speculative Return Stack Overflow: IBPB-extending microcode not applied!
[    0.075627] Speculative Return Stack Overflow: WARNING: See https://kernel.org/doc/html/latest/admin-guide/hw-vuln/srso.html for mitigation options.
[    0.075627] Speculative Return Stack Overflow: Vulnerable: Safe RET, no microcode
[    0.077640] x86/fpu: Supporting XSAVE feature 0x001: 'x87 floating point registers'
[    0.078627] x86/fpu: Supporting XSAVE feature 0x002: 'SSE registers'
[    0.079627] x86/fpu: Supporting XSAVE feature 0x004: 'AVX registers'
[    0.080627] x86/fpu: Supporting XSAVE feature 0x020: 'AVX-512 opmask'
[    0.081376] x86/fpu: Supporting XSAVE feature 0x040: 'AVX-512 Hi256'
[    0.081627] x86/fpu: Supporting XSAVE feature 0x080: 'AVX-512 ZMM_Hi256'
[    0.082627] x86/fpu: Supporting XSAVE feature 0x200: 'Protection Keys User registers'
[    0.083627] x86/fpu: xstate_offset[2]:  576, xstate_sizes[2]:  256
[    0.084627] x86/fpu: xstate_offset[5]:  832, xstate_sizes[5]:   64
[    0.085346] x86/fpu: xstate_offset[6]:  896, xstate_sizes[6]:  512
[    0.085627] x86/fpu: xstate_offset[7]: 1408, xstate_sizes[7]: 1024
[    0.086627] x86/fpu: xstate_offset[9]: 2432, xstate_sizes[9]:    8
[    0.087627] x86/fpu: Enabled xstate features 0x2e7, context size is 2440 bytes, using 'compacted' format.
[    0.102486] Freeing SMP alternatives memory: 44K
[    0.102628] pid_max: default: 32768 minimum: 301
[    0.103641] Mount-cache hash table entries: 2048 (order: 2, 16384 bytes, linear)
[    0.104501] Mountpoint-cache hash table entries: 2048 (order: 2, 16384 bytes, linear)
[    0.104757] smpboot: CPU0: AMD Ryzen 9 7950X 16-Core Processor (family: 0x19, model: 0x61, stepping: 0x2)
[    0.105721] Performance Events: Fam17h+ core perfctr, AMD PMU driver.
[    0.106494] ... version:                0
[    0.106629] ... bit width:              48
[    0.107103] ... generic registers:      6
[    0.107568] ... value mask:             0000ffffffffffff
[    0.107628] ... max period:             00007fffffffffff
[    0.108242] ... fixed-purpose events:   0
[    0.108628] ... event mask:             000000000000003f
[    0.109318] signal: max sigframe size: 3376
[    0.109641] rcu: Hierarchical SRCU implementation.
[    0.110196] rcu: Max phase no-delay instances is 400.
[    0.110651] Timer migration: 2 hierarchy levels; 8 children per group; 2 crossnode level
[    0.113635] smp: Bringing up secondary CPUs ...
[    0.114212] smpboot: x86: Booting SMP configuration:
[    0.114630] .... node  #0, CPUs:        #1  #2  #3  #4  #5  #6  #7  #8  #9 #10 #11 #12 #13 #14 #15 #16 #17 #18 #19 #20 #21 #22 #23 #24 #25 #26 #27 #28 #29 #30 #31
[    0.125732] smp: Brought up 1 node, 32 CPUs
[    0.127133] smpboot: Total of 32 processors activated (287459.84 BogoMIPS)
[    0.128763] Memory: 971008K/1048056K available (16098K kernel code, 2479K rwdata, 6436K rodata, 3200K init, 1676K bss, 62532K reserved, 0K cma-reserved)
[    0.129750] devtmpfs: initialized
[    0.130062] x86/mm: Memory block size: 128MB
[    0.131323] clocksource: jiffies: mask: 0xffffffff max_cycles: 0xffffffff, max_idle_ns: 1911260446275000 ns
[    0.131630] posixtimers hash table entries: 16384 (order: 6, 262144 bytes, linear)
[    0.132570] futex hash table entries: 8192 (order: 7, 524288 bytes, linear)
[    0.132755] PM: RTC time: 21:06:27, date: 2025-05-19
[    0.133698] NET: Registered PF_NETLINK/PF_ROUTE protocol family
[    0.134552] thermal_sys: Registered thermal governor 'step_wise'
[    0.134561] cpuidle: using governor menu
[    0.136050] PCI: Using configuration type 1 for base access
[    0.136632] PCI: Using configuration type 1 for extended access
[    0.137415] kprobes: kprobe jump-optimization is enabled. All kprobes are optimized if possible.
[    0.144694] HugeTLB: allocation took 0ms with hugepage_allocation_threads=8
[    0.145580] HugeTLB: registered 1.00 GiB page size, pre-allocated 0 pages
[    0.146629] HugeTLB: 16380 KiB vmemmap can be freed for a 1.00 GiB page
[    0.147438] HugeTLB: registered 2.00 MiB page size, pre-allocated 0 pages
[    0.148629] HugeTLB: 28 KiB vmemmap can be freed for a 2.00 MiB page
[    0.152165] ACPI: Added _OSI(Module Device)
[    0.152629] ACPI: Added _OSI(Processor Device)
[    0.153170] ACPI: Added _OSI(3.0 _SCP Extensions)
[    0.153629] ACPI: Added _OSI(Processor Aggregator Device)
[    0.154928] ACPI: 1 ACPI AML tables successfully acquired and loaded
[    0.155983] ACPI: Interpreter enabled
[    0.156636] ACPI: PM: (supports S0 S3 S4 S5)
[    0.157151] ACPI: Using IOAPIC for interrupt routing
[    0.157636] PCI: Using host bridge windows from ACPI; if necessary, use "pci=nocrs" and report a bug
[    0.158628] PCI: Using E820 reservations for host bridge windows
[    0.159445] ACPI: Enabled 2 GPEs in block 00 to 0F
[    0.162202] ACPI: PCI Root Bridge [PCI0] (domain 0000 [bus 00-ff])
[    0.162630] acpi PNP0A03:00: _OSC: OS supports [ExtendedConfig ASPM ClockPM Segments MSI HPX-Type3]
[    0.163714] PCI host bridge to bus 0000:00
[    0.164211] pci_bus 0000:00: root bus resource [io  0x0000-0x0cf7 window]
[    0.164629] pci_bus 0000:00: root bus resource [io  0x0d00-0xffff window]
[    0.165449] pci_bus 0000:00: root bus resource [mem 0x000a0000-0x000bffff window]
[    0.165629] pci_bus 0000:00: root bus resource [mem 0x40000000-0xfebfffff window]
[    0.166531] pci_bus 0000:00: root bus resource [mem 0x100000000-0x17fffffff window]
[    0.166629] pci_bus 0000:00: root bus resource [bus 00-ff]
[    0.167369] pci 0000:00:00.0: [8086:1237] type 00 class 0x060000 conventional PCI endpoint
[    0.167896] pci 0000:00:01.0: [8086:7000] type 00 class 0x060100 conventional PCI endpoint
[    0.168891] pci 0000:00:01.1: [8086:7010] type 00 class 0x010180 conventional PCI endpoint
[    0.169993] pci 0000:00:01.1: BAR 4 [io  0xc0c0-0xc0cf]
[    0.170646] pci 0000:00:01.1: BAR 0 [io  0x01f0-0x01f7]: legacy IDE quirk
[    0.171475] pci 0000:00:01.1: BAR 1 [io  0x03f6]: legacy IDE quirk
[    0.171629] pci 0000:00:01.1: BAR 2 [io  0x0170-0x0177]: legacy IDE quirk
[    0.172446] pci 0000:00:01.1: BAR 3 [io  0x0376]: legacy IDE quirk
[    0.172716] pci 0000:00:01.3: [8086:7113] type 00 class 0x068000 conventional PCI endpoint
[    0.173817] pci 0000:00:01.3: quirk: [io  0x0600-0x063f] claimed by PIIX4 ACPI
[    0.174632] pci 0000:00:01.3: quirk: [io  0x0700-0x070f] claimed by PIIX4 SMB
[    0.175656] pci 0000:00:02.0: [1af4:1009] type 00 class 0x000200 conventional PCI endpoint
[    0.177442] pci 0000:00:02.0: BAR 0 [io  0xc000-0xc03f]
[    0.177633] pci 0000:00:02.0: BAR 1 [mem 0xfebfc000-0xfebfcfff]
[    0.178362] pci 0000:00:02.0: BAR 4 [mem 0xfebf0000-0xfebf3fff 64bit pref]
[    0.179208] pci 0000:00:03.0: [1af4:1009] type 00 class 0x000200 conventional PCI endpoint
[    0.180101] pci 0000:00:03.0: BAR 0 [io  0xc040-0xc07f]
[    0.180633] pci 0000:00:03.0: BAR 1 [mem 0xfebfd000-0xfebfdfff]
[    0.181365] pci 0000:00:03.0: BAR 4 [mem 0xfebf4000-0xfebf7fff 64bit pref]
[    0.182135] pci 0000:00:04.0: [8086:25ab] type 00 class 0x088000 conventional PCI endpoint
[    0.182992] pci 0000:00:04.0: BAR 0 [mem 0xfebfe000-0xfebfe00f]
[    0.184026] pci 0000:00:05.0: [1af4:1003] type 00 class 0x078000 conventional PCI endpoint
[    0.185361] pci 0000:00:05.0: BAR 0 [io  0xc080-0xc0bf]
[    0.185633] pci 0000:00:05.0: BAR 1 [mem 0xfebff000-0xfebfffff]
[    0.186367] pci 0000:00:05.0: BAR 4 [mem 0xfebf8000-0xfebfbfff 64bit pref]
[    0.187327] ACPI: PCI: Interrupt link LNKA configured for IRQ 10
[    0.187732] ACPI: PCI: Interrupt link LNKB configured for IRQ 10
[    0.188561] ACPI: PCI: Interrupt link LNKC configured for IRQ 11
[    0.188720] ACPI: PCI: Interrupt link LNKD configured for IRQ 11
[    0.189513] ACPI: PCI: Interrupt link LNKS configured for IRQ 9
[    0.190430] iommu: Default domain type: Translated
[    0.190629] iommu: DMA domain TLB invalidation policy: lazy mode
[    0.191399] SCSI subsystem initialized
[    0.191659] pps_core: LinuxPPS API ver. 1 registered
[    0.192264] pps_core: Software ver. 5.3.6 - Copyright 2005-2007 Rodolfo Giometti <giometti@linux.it>
[    0.192631] PTP clock support registered
[    0.193116] Advanced Linux Sound Architecture Driver Initialized.
[    0.193905] NET: Registered PF_ATMPVC protocol family
[    0.194522] NET: Registered PF_ATMSVC protocol family
[    0.194634] PCI: Using ACPI for IRQ routing
[    0.195213] vgaarb: loaded
[    0.195213] hpet0: at MMIO 0xfed00000, IRQs 2, 8, 0
[    0.195629] hpet0: 3 comparators, 64-bit 100.000000 MHz counter
[    0.198910] clocksource: Switched to clocksource kvm-clock
[    0.199505] VFS: Disk quotas dquot_6.6.0
[    0.200015] VFS: Dquot-cache hash table entries: 512 (order 0, 4096 bytes)
[    0.200903] pnp: PnP ACPI init
[    0.201443] pnp: PnP ACPI: found 5 devices
[    0.208313] clocksource: acpi_pm: mask: 0xffffff max_cycles: 0xffffff, max_idle_ns: 2085701024 ns
[    0.209400] NET: Registered PF_INET protocol family
[    0.210022] IP idents hash table entries: 16384 (order: 5, 131072 bytes, linear)
[    0.211064] tcp_listen_portaddr_hash hash table entries: 512 (order: 1, 8192 bytes, linear)
[    0.212085] Table-perturb hash table entries: 65536 (order: 6, 262144 bytes, linear)
[    0.213029] TCP established hash table entries: 8192 (order: 4, 65536 bytes, linear)
[    0.213975] TCP bind hash table entries: 8192 (order: 6, 262144 bytes, linear)
[    0.214857] TCP: Hash tables configured (established 8192 bind 8192)
[    0.215640] UDP hash table entries: 512 (order: 3, 32768 bytes, linear)
[    0.216421] UDP-Lite hash table entries: 512 (order: 3, 32768 bytes, linear)
[    0.217283] NET: Registered PF_UNIX/PF_LOCAL protocol family
[    0.217957] pci_bus 0000:00: resource 4 [io  0x0000-0x0cf7 window]
[    0.218687] pci_bus 0000:00: resource 5 [io  0x0d00-0xffff window]
[    0.219411] pci_bus 0000:00: resource 6 [mem 0x000a0000-0x000bffff window]
[    0.220222] pci_bus 0000:00: resource 7 [mem 0x40000000-0xfebfffff window]
[    0.221032] pci_bus 0000:00: resource 8 [mem 0x100000000-0x17fffffff window]
[    0.221883] pci 0000:00:01.0: PIIX3: Enabling Passive Release
[    0.222561] pci 0000:00:00.0: Limiting direct PCI/PCI transfers
[    0.223289] PCI: CLS 0 bytes, default 64
[    0.223810] kvm_intel: VMX not supported by CPU 0
[    0.224373] kvm_amd: TSC scaling supported
[    0.224861] kvm_amd: Nested Virtualization enabled
[    0.225422] kvm_amd: Nested Paging enabled
[    0.225914] kvm_amd: LBR virtualization supported
[    0.226467] kvm_amd: Virtual GIF supported
[    0.226950] kvm_amd: Virtual NMI enabled
[    0.263811] clocksource: tsc: mask: 0xffffffffffffffff max_cycles: 0x40be4320a4d, max_idle_ns: 440795288133 ns
[    0.269998] Initialise system trusted keyrings
[    0.270613] workingset: timestamp_bits=56 max_order=18 bucket_order=0
[    0.271419] squashfs: version 4.0 (2009/01/31) Phillip Lougher
[    0.272138] fuse: init (API version 7.43)
[    0.272661] 9p: Installing v9fs 9p2000 file system support
[    0.279675] Key type asymmetric registered
[    0.280171] Asymmetric key parser 'x509' registered
[    0.280771] Block layer SCSI generic (bsg) driver version 0.4 loaded (major 249)
[    0.281678] io scheduler mq-deadline registered
[    0.282230] io scheduler kyber registered
[    0.284168] input: Power Button as /devices/LNXSYSTM:00/LNXPWRBN:00/input/input0
[    0.285113] ACPI: button: Power Button [PWRF]
[    0.285997] Warning: Processor Platform Limit event detected, but not handled.
[    0.286869] Consider compiling CPUfreq support into your kernel.
[    0.303659] ACPI: \_SB_.LNKB: Enabled at IRQ 10
[    0.318608] ACPI: \_SB_.LNKC: Enabled at IRQ 11
[    0.333501] ACPI: \_SB_.LNKA: Enabled at IRQ 10
[    0.334546] Serial: 8250/16550 driver, 4 ports, IRQ sharing enabled
[    0.335391] 00:03: ttyS0 at I/O 0x3f8 (irq = 4, base_baud = 115200) is a 16550A
[    0.357532] Non-volatile memory driver v1.3
[    0.358108] Linux agpgart interface v0.103
[    0.358613] printk: legacy console [hvc0] enabled
[    0.358672] ACPI: bus type drm_connector registered
[    0.359211] printk: legacy bootconsole [earlyser0] disabled
          _      _                                    
   __   _(_)_ __| |_ _ __ ___   ___       _ __   __ _ 
   \ \ / / |  __| __|  _   _ \ / _ \_____|  _ \ / _  |
    \ V /| | |  | |_| | | | | |  __/_____| | | | (_| |
     \_/ |_|_|   \__|_| |_| |_|\___|     |_| |_|\__  |
                                                |___/ 
   kernel version: 6.15.0-rc6-virtme x86_64
   (CTRL+d to exit)

root@virtme-ng:/nipa-data/kernel# PS1='xx__-> '
xx__-> env
PWD=/nipa-data/kernel
nr_open=1048576
HOME=/
TERM=xterm
SHLVL=2
XDG_RUNTIME_DIR=/run/user/0
PATH=/bin:/sbin:/usr/bin:/usr/sbin:/usr/local/bin
OLDPWD=/
_=/bin/env
xx__-> 