No EFI environment detected.
early console in extract_kernel
input_data: 0x0000000004c892c4
input_len: 0x0000000001973dc6
output: 0x0000000001000000
output_len: 0x0000000005586580
kernel_total_size: 0x0000000005230000
needed_size: 0x0000000005600000
trampoline_32bit: 0x0000000000000000
Physical KASLR using RDRAND RDTSC...
Virtual KASLR using RDRAND RDTSC...

Decompressing Linux... Parsing ELF... Performing relocations... done.
Booting the kernel (entry_offset: 0x0000000002bbb070).
[    0.000000] Linux version 6.14.0-virtme (root@ff5f71198684) (gcc (Ubuntu 13.3.0-6ubuntu2~24.04) 13.3.0, GNU ld (GNU Binutils for Ubuntu) 2.42) #1 SMP PREEMPT_DYNAMIC Wed Apr  9 06:27:16 UTC 2025
[    0.000000] Command line: virtme_hostname=virtme-ng nr_open=1048576 virtme_link_mods=/nipa-data/kernel/.virtme_mods/lib/modules/0.0.0 virtme_initmount0=nipa-data/kernel virtme_rw_overlay0=/etc virtme_rw_overlay1=/lib virtme_rw_overlay2=/home virtme_rw_overlay3=/opt virtme_rw_overlay4=/srv virtme_rw_overlay5=/usr virtme_rw_overlay6=/var console=hvc0 earlyprintk=serial,ttyS0,115200 virtme_console=ttyS0 psmouse.proto=exps TERM=xterm virtme_chdir=nipa-data/kernel virtme_root_user=1 rootfstype=9p rootflags=version=9p2000.L,trans=virtio,access=any raid=noautodetect ro init=/usr/lib/python3/dist-packages/virtme/guest/virtme-init
[    0.000000] BIOS-provided physical RAM map:
[    0.000000] BIOS-e820: [mem 0x0000000000000000-0x000000000009fbff] usable
[    0.000000] BIOS-e820: [mem 0x000000000009fc00-0x000000000009ffff] reserved
[    0.000000] BIOS-e820: [mem 0x00000000000f0000-0x00000000000fffff] reserved
[    0.000000] BIOS-e820: [mem 0x0000000000100000-0x000000003ffdffff] usable
[    0.000000] BIOS-e820: [mem 0x000000003ffe0000-0x000000003fffffff] reserved
[    0.000000] BIOS-e820: [mem 0x00000000feffc000-0x00000000feffffff] reserved
[    0.000000] BIOS-e820: [mem 0x00000000fffc0000-0x00000000ffffffff] reserved
[    0.000000] BIOS-e820: [mem 0x000000fd00000000-0x000000ffffffffff] reserved
[    0.000000] printk: legacy bootconsole [earlyser0] enabled
[    0.000000] NX (Execute Disable) protection: active
[    0.000000] APIC: Static calls initialized
[    0.000000] SMBIOS 3.0.0 present.
[    0.000000] DMI: QEMU Ubuntu 24.04 PC (i440FX + PIIX, 1996), BIOS 1.16.3-debian-1.16.3-2 04/01/2014
[    0.000000] DMI: Memory slots populated: 1/1
[    0.000000] Hypervisor detected: KVM
[    0.000000] kvm-clock: Using msrs 4b564d01 and 4b564d00
[    0.000000] kvm-clock: using sched offset of 298283154 cycles
[    0.000361] clocksource: kvm-clock: mask: 0xffffffffffffffff max_cycles: 0x1cd42e4dffb, max_idle_ns: 881590591483 ns
[    0.001484] tsc: Detected 4491.524 MHz processor
[    0.002132] last_pfn = 0x3ffe0 max_arch_pfn = 0x400000000
[    0.002526] MTRR map: 4 entries (3 fixed + 1 variable; max 19), built from 8 variable MTRRs
[    0.003100] x86/PAT: Configuration [0-7]: WB  WC  UC- UC  WB  WP  UC- WT  
[    0.004984] found SMP MP-table at [mem 0x000f5470-0x000f547f]
[    0.005388] Using GB pages for direct mapping
[    0.005834] ACPI: Early table checksum verification disabled
[    0.006222] ACPI: RSDP 0x00000000000F5290 000014 (v00 BOCHS )
[    0.006619] ACPI: RSDT 0x000000003FFE27BC 000034 (v01 BOCHS  BXPC     00000001 BXPC 00000001)
[    0.007206] ACPI: FACP 0x000000003FFE2578 000074 (v01 BOCHS  BXPC     00000001 BXPC 00000001)
[    0.007796] ACPI: DSDT 0x000000003FFE0040 002538 (v01 BOCHS  BXPC     00000001 BXPC 00000001)
[    0.008382] ACPI: FACS 0x000000003FFE0000 000040
[    0.008700] ACPI: APIC 0x000000003FFE25EC 000170 (v03 BOCHS  BXPC     00000001 BXPC 00000001)
[    0.009299] ACPI: HPET 0x000000003FFE275C 000038 (v01 BOCHS  BXPC     00000001 BXPC 00000001)
[    0.009885] ACPI: WAET 0x000000003FFE2794 000028 (v01 BOCHS  BXPC     00000001 BXPC 00000001)
[    0.010471] ACPI: Reserving FACP table memory at [mem 0x3ffe2578-0x3ffe25eb]
[    0.010955] ACPI: Reserving DSDT table memory at [mem 0x3ffe0040-0x3ffe2577]
[    0.011437] ACPI: Reserving FACS table memory at [mem 0x3ffe0000-0x3ffe003f]
[    0.011919] ACPI: Reserving APIC table memory at [mem 0x3ffe25ec-0x3ffe275b]
[    0.012402] ACPI: Reserving HPET table memory at [mem 0x3ffe275c-0x3ffe2793]
[    0.012888] ACPI: Reserving WAET table memory at [mem 0x3ffe2794-0x3ffe27bb]
[    0.013559] No NUMA configuration found
[    0.013822] Faking a node at [mem 0x0000000000000000-0x000000003ffdffff]
[    0.014286] NODE_DATA(0) allocated [mem 0x3ffdb600-0x3ffdffff]
[    0.014700] Zone ranges:
[    0.014874]   DMA      [mem 0x0000000000001000-0x0000000000ffffff]
[    0.015297]   DMA32    [mem 0x0000000001000000-0x000000003ffdffff]
[    0.015719]   Normal   empty
[    0.015916]   Device   empty
[    0.016113] Movable zone start for each node
[    0.016404] Early memory node ranges
[    0.016648]   node   0: [mem 0x0000000000001000-0x000000000009efff]
[    0.017078]   node   0: [mem 0x0000000000100000-0x000000003ffdffff]
[    0.017506] Initmem setup node 0 [mem 0x0000000000001000-0x000000003ffdffff]
[    0.017992] On node 0, zone DMA: 1 pages in unavailable ranges
[    0.018442] On node 0, zone DMA: 97 pages in unavailable ranges
[    0.022887] On node 0, zone DMA32: 32 pages in unavailable ranges
[    0.031904] kasan: KernelAddressSanitizer initialized
[    0.032470] ACPI: PM-Timer IO Port: 0x608
[    0.032765] ACPI: LAPIC_NMI (acpi_id[0xff] dfl dfl lint[0x1])
[    0.033179] IOAPIC[0]: apic_id 0, version 17, address 0xfec00000, GSI 0-23
[    0.033650] ACPI: INT_SRC_OVR (bus 0 bus_irq 0 global_irq 2 dfl dfl)
[    0.034084] ACPI: INT_SRC_OVR (bus 0 bus_irq 5 global_irq 5 high level)
[    0.034536] ACPI: INT_SRC_OVR (bus 0 bus_irq 9 global_irq 9 high level)
[    0.034987] ACPI: INT_SRC_OVR (bus 0 bus_irq 10 global_irq 10 high level)
[    0.035451] ACPI: INT_SRC_OVR (bus 0 bus_irq 11 global_irq 11 high level)
[    0.035916] ACPI: Using ACPI (MADT) for SMP configuration information
[    0.036355] ACPI: HPET id: 0x8086a201 base: 0xfed00000
[    0.036707] TSC deadline timer available
[    0.036980] CPU topo: Max. logical packages:   1
[    0.037295] CPU topo: Max. logical dies:       1
[    0.037609] CPU topo: Max. dies per package:   1
[    0.037926] CPU topo: Max. threads per core:   1
[    0.038241] CPU topo: Num. cores per package:    32
[    0.038573] CPU topo: Num. threads per package:  32
[    0.038906] CPU topo: Allowing 32 present CPUs plus 0 hotplug CPUs
[    0.039341] kvm-guest: APIC: eoi() replaced with kvm_guest_apic_eoi_write()
[    0.039828] kvm-guest: KVM setup pv remote TLB flush
[    0.040168] kvm-guest: setup PV sched yield
[    0.040459] PM: hibernation: Registered nosave memory: [mem 0x00000000-0x00000fff]
[    0.040993] PM: hibernation: Registered nosave memory: [mem 0x0009f000-0x0009ffff]
[    0.041511] PM: hibernation: Registered nosave memory: [mem 0x000a0000-0x000effff]
[    0.042027] PM: hibernation: Registered nosave memory: [mem 0x000f0000-0x000fffff]
[    0.042544] [mem 0x40000000-0xfeffbfff] available for PCI devices
[    0.042961] Booting paravirtualized kernel on KVM
[    0.043283] clocksource: refined-jiffies: mask: 0xffffffff max_cycles: 0xffffffff, max_idle_ns: 1910969940391419 ns
[    0.051807] setup_percpu: NR_CPUS:64 nr_cpumask_bits:32 nr_cpu_ids:32 nr_node_ids:1
[    0.053555] percpu: Embedded 65 pages/cpu s228056 r8192 d29992 u524288
[    0.054072] Kernel command line: virtme_hostname=virtme-ng nr_open=1048576 virtme_link_mods=/nipa-data/kernel/.virtme_mods/lib/modules/0.0.0 virtme_initmount0=nipa-data/kernel virtme_rw_overlay0=/etc virtme_rw_overlay1=/lib virtme_rw_overlay2=/home virtme_rw_overlay3=/opt virtme_rw_overlay4=/srv virtme_rw_overlay5=/usr virtme_rw_overlay6=/var console=hvc0 earlyprintk=serial,ttyS0,115200 virtme_console=ttyS0 psmouse.proto=exps TERM=xterm virtme_chdir=nipa-data/kernel virtme_root_user=1 rootfstype=9p rootflags=version=9p2000.L,trans=virtio,access=any raid=noautodetect ro init=/usr/lib/python3/dist-packages/virtme/guest/virtme-init
[    0.058148] Unknown kernel command line parameters "virtme_hostname=virtme-ng nr_open=1048576 virtme_link_mods=/nipa-data/kernel/.virtme_mods/lib/modules/0.0.0 virtme_initmount0=nipa-data/kernel virtme_rw_overlay0=/etc virtme_rw_overlay1=/lib virtme_rw_overlay2=/home virtme_rw_overlay3=/opt virtme_rw_overlay4=/srv virtme_rw_overlay5=/usr virtme_rw_overlay6=/var virtme_console=ttyS0 virtme_chdir=nipa-data/kernel virtme_root_user=1", will be passed to user space.
[    0.061211] random: crng init done
[    0.061451] printk: log buffer data + meta data: 262144 + 917504 = 1179648 bytes
[    0.062001] Dentry cache hash table entries: 131072 (order: 8, 1048576 bytes, linear)
[    0.062575] Inode-cache hash table entries: 65536 (order: 7, 524288 bytes, linear)
[    0.063517] Fallback order for Node 0: 0 
[    0.063522] Built 1 zonelists, mobility grouping on.  Total pages: 262014
[    0.064280] Policy zone: DMA32
[    0.064495] mem auto-init: stack:all(zero), heap alloc:off, heap free:off
[    0.064973] stackdepot: allocating hash table via alloc_large_system_hash
[    0.065455] stackdepot hash table entries: 1048576 (order: 12, 16777216 bytes, linear)
[    0.073383] SLUB: HWalign=64, Order=0-3, MinObjects=0, CPUs=32, Nodes=1
Poking KASLR using RDRAND RDTSC...
[    0.082553] ftrace: allocating 48906 entries in 192 pages
[    0.082931] ftrace: allocated 192 pages with 2 groups
[    0.084136] Dynamic Preempt: voluntary
[    0.084854] rcu: Preemptible hierarchical RCU implementation.
[    0.085254] rcu: RCU event tracing is enabled.
[    0.085569] rcu: RCU restricting CPUs from NR_CPUS=64 to nr_cpu_ids=32.
[    0.086037] Trampoline variant of Tasks RCU enabled.
[    0.086393] Rude variant of Tasks RCU enabled.
[    0.086710] Tracing variant of Tasks RCU enabled.
[    0.087045] rcu: RCU calculated value of scheduler-enlistment delay is 100 jiffies.
[    0.087580] rcu: Adjusting geometry for rcu_fanout_leaf=16, nr_cpu_ids=32
[    0.088123] RCU Tasks: Setting shift to 5 and lim to 1 rcu_task_cb_adjust=1 rcu_task_cpu_ids=32.
[    0.088743] RCU Tasks Rude: Setting shift to 5 and lim to 1 rcu_task_cb_adjust=1 rcu_task_cpu_ids=32.
[    0.089389] RCU Tasks Trace: Setting shift to 5 and lim to 1 rcu_task_cb_adjust=1 rcu_task_cpu_ids=32.
[    0.099390] NR_IRQS: 4352, nr_irqs: 680, preallocated irqs: 16
[    0.100050] rcu: srcu_init: Setting srcu_struct sizes based on contention.
[    0.100971] Console: colour *CGA 80x25
[    0.101269] ACPI: Core revision 20240827
[    0.101700] clocksource: hpet: mask: 0xffffffff max_cycles: 0xffffffff, max_idle_ns: 19112604467 ns
[    0.102413] APIC: Switch to symmetric I/O mode setup
[    0.102891] x2apic enabled
[    0.103263] APIC: Switched APIC routing to: physical x2apic
[    0.103661] kvm-guest: APIC: send_IPI_mask() replaced with kvm_send_ipi_mask()
[    0.104173] kvm-guest: APIC: send_IPI_mask_allbutself() replaced with kvm_send_ipi_mask_allbutself()
[    0.104810] kvm-guest: setup PV IPIs
[    0.105865] ..TIMER: vector=0x30 apic1=0 pin1=2 apic2=-1 pin2=-1
[    0.106631] clocksource: tsc-early: mask: 0xffffffffffffffff max_cycles: 0x40be215b5d9, max_idle_ns: 440795359804 ns
[    0.107943] Calibrating delay loop (skipped) preset value.. 8983.04 BogoMIPS (lpj=4491524)
[    0.109006] x86/cpu: User Mode Instruction Prevention (UMIP) activated
[    0.109999] Last level iTLB entries: 4KB 512, 2MB 255, 4MB 127
[    0.110941] Last level dTLB entries: 4KB 512, 2MB 255, 4MB 127, 1GB 0
[    0.111946] Spectre V1 : Mitigation: usercopy/swapgs barriers and __user pointer sanitization
[    0.112945] Spectre V2 : Mitigation: Enhanced / Automatic IBRS
[    0.113662] Spectre V2 : Spectre v2 / SpectreRSB mitigation: Filling RSB on context switch
[    0.113943] Spectre V2 : mitigation: Enabling conditional Indirect Branch Prediction Barrier
[    0.114943] Speculative Store Bypass: Mitigation: Speculative Store Bypass disabled via prctl
[    0.115942] Speculative Return Stack Overflow: IBPB-extending microcode not applied!
[    0.116941] Speculative Return Stack Overflow: WARNING: See https://kernel.org/doc/html/latest/admin-guide/hw-vuln/srso.html for mitigation options.
[    0.116943] Speculative Return Stack Overflow: Vulnerable: Safe RET, no microcode
[    0.118955] x86/fpu: Supporting XSAVE feature 0x001: 'x87 floating point registers'
[    0.119941] x86/fpu: Supporting XSAVE feature 0x002: 'SSE registers'
[    0.120941] x86/fpu: Supporting XSAVE feature 0x004: 'AVX registers'
[    0.121941] x86/fpu: Supporting XSAVE feature 0x020: 'AVX-512 opmask'
[    0.122712] x86/fpu: Supporting XSAVE feature 0x040: 'AVX-512 Hi256'
[    0.122941] x86/fpu: Supporting XSAVE feature 0x080: 'AVX-512 ZMM_Hi256'
[    0.123941] x86/fpu: Supporting XSAVE feature 0x200: 'Protection Keys User registers'
[    0.124941] x86/fpu: xstate_offset[2]:  576, xstate_sizes[2]:  256
[    0.125941] x86/fpu: xstate_offset[5]:  832, xstate_sizes[5]:   64
[    0.126680] x86/fpu: xstate_offset[6]:  896, xstate_sizes[6]:  512
[    0.126941] x86/fpu: xstate_offset[7]: 1408, xstate_sizes[7]: 1024
[    0.127941] x86/fpu: xstate_offset[9]: 2432, xstate_sizes[9]:    8
[    0.128941] x86/fpu: Enabled xstate features 0x2e7, context size is 2440 bytes, using 'compacted' format.
[    0.150670] Freeing SMP alternatives memory: 40K
[    0.150943] pid_max: default: 32768 minimum: 301
[    0.151615] Mount-cache hash table entries: 2048 (order: 2, 16384 bytes, linear)
[    0.151943] Mountpoint-cache hash table entries: 2048 (order: 2, 16384 bytes, linear)
[    0.154423] smpboot: CPU0: AMD Ryzen 9 7950X 16-Core Processor (family: 0x19, model: 0x61, stepping: 0x2)
[    0.155387] Performance Events: Fam17h+ core perfctr, AMD PMU driver.
[    0.155945] ... version:                0
[    0.156425] ... bit width:              48
[    0.156915] ... generic registers:      6
[    0.156943] ... value mask:             0000ffffffffffff
[    0.157579] ... max period:             00007fffffffffff
[    0.157943] ... fixed-purpose events:   0
[    0.158423] ... event mask:             000000000000003f
[    0.159091] signal: max sigframe size: 3376
[    0.159639] rcu: Hierarchical SRCU implementation.
[    0.159944] rcu: Max phase no-delay instances is 400.
[    0.160643] Timer migration: 2 hierarchy levels; 8 children per group; 2 crossnode level
[    0.164797] smp: Bringing up secondary CPUs ...
[    0.165128] smpboot: x86: Booting SMP configuration:
[    0.165725] .... node  #0, CPUs:        #1  #2  #3  #4  #5  #6  #7  #8  #9 #10 #11 #12 #13 #14 #15 #16 #17 #18 #19 #20 #21 #22 #23 #24 #25 #26 #27 #28 #29 #30 #31
[    0.201041] smp: Brought up 1 node, 32 CPUs
[    0.202456] smpboot: Total of 32 processors activated (287457.53 BogoMIPS)
[    0.206152] Memory: 761316K/1048056K available (44781K kernel code, 11588K rwdata, 10268K rodata, 6152K init, 1328K bss, 270704K reserved, 0K cma-reserved)
[    0.207068] devtmpfs: initialized
[    0.207943] x86/mm: Memory block size: 128MB
[    0.214952] clocksource: jiffies: mask: 0xffffffff max_cycles: 0xffffffff, max_idle_ns: 1911260446275000 ns
[    0.215946] posixtimers hash table entries: 16384 (order: 6, 262144 bytes, linear)
[    0.216890] futex hash table entries: 8192 (order: 7, 524288 bytes, linear)
[    0.217321] PM: RTC time: 06:27:43, date: 2025-04-09
[    0.218734] NET: Registered PF_NETLINK/PF_ROUTE protocol family
[    0.219829] thermal_sys: Registered thermal governor 'step_wise'
[    0.219859] cpuidle: using governor menu
[    0.221662] PCI: Using configuration type 1 for base access
[    0.221943] PCI: Using configuration type 1 for extended access
[    0.222811] kprobes: kprobe jump-optimization is enabled. All kprobes are optimized if possible.
[    0.239015] HugeTLB: allocation took 0ms with hugepage_allocation_threads=8
[    0.239976] HugeTLB: registered 1.00 GiB page size, pre-allocated 0 pages
[    0.240833] HugeTLB: 16380 KiB vmemmap can be freed for a 1.00 GiB page
[    0.240944] HugeTLB: registered 2.00 MiB page size, pre-allocated 0 pages
[    0.241799] HugeTLB: 28 KiB vmemmap can be freed for a 2.00 MiB page
[    0.243335] ACPI: Added _OSI(Module Device)
[    0.243944] ACPI: Added _OSI(Processor Device)
[    0.244501] ACPI: Added _OSI(3.0 _SCP Extensions)
[    0.244944] ACPI: Added _OSI(Processor Aggregator Device)
[    0.271171] ACPI: 1 ACPI AML tables successfully acquired and loaded
[    0.277035] ACPI: Interpreter enabled
[    0.277577] ACPI: PM: (supports S0 S3 S4 S5)
[    0.277944] ACPI: Using IOAPIC for interrupt routing
[    0.278627] PCI: Using host bridge windows from ACPI; if necessary, use "pci=nocrs" and report a bug
[    0.279943] PCI: Using E820 reservations for host bridge windows
[    0.281863] ACPI: Enabled 2 GPEs in block 00 to 0F
[    0.333092] ACPI: PCI Root Bridge [PCI0] (domain 0000 [bus 00-ff])
[    0.333916] acpi PNP0A03:00: _OSC: OS supports [ExtendedConfig ASPM ClockPM Segments MSI HPX-Type3]
[    0.335470] PCI host bridge to bus 0000:00
[    0.336002] pci_bus 0000:00: root bus resource [io  0x0000-0x0cf7 window]
[    0.336875] pci_bus 0000:00: root bus resource [io  0x0d00-0xffff window]
[    0.337946] pci_bus 0000:00: root bus resource [mem 0x000a0000-0x000bffff window]
[    0.338887] pci_bus 0000:00: root bus resource [mem 0x40000000-0xfebfffff window]
[    0.339946] pci_bus 0000:00: root bus resource [mem 0x100000000-0x17fffffff window]
[    0.340915] pci_bus 0000:00: root bus resource [bus 00-ff]
[    0.342040] pci 0000:00:00.0: [8086:1237] type 00 class 0x060000 conventional PCI endpoint
[    0.343895] pci 0000:00:01.0: [8086:7000] type 00 class 0x060100 conventional PCI endpoint
[    0.345873] pci 0000:00:01.1: [8086:7010] type 00 class 0x010180 conventional PCI endpoint
[    0.347406] pci 0000:00:01.1: BAR 4 [io  0xc0c0-0xc0cf]
[    0.347962] pci 0000:00:01.1: BAR 0 [io  0x01f0-0x01f7]: legacy IDE quirk
[    0.348810] pci 0000:00:01.1: BAR 1 [io  0x03f6]: legacy IDE quirk
[    0.349943] pci 0000:00:01.1: BAR 2 [io  0x0170-0x0177]: legacy IDE quirk
[    0.350798] pci 0000:00:01.1: BAR 3 [io  0x0376]: legacy IDE quirk
[    0.351672] pci 0000:00:01.3: [8086:7113] type 00 class 0x068000 conventional PCI endpoint
[    0.353169] pci 0000:00:01.3: quirk: [io  0x0600-0x063f] claimed by PIIX4 ACPI
[    0.353947] pci 0000:00:01.3: quirk: [io  0x0700-0x070f] claimed by PIIX4 SMB
[    0.355623] pci 0000:00:02.0: [1af4:1009] type 00 class 0x000200 conventional PCI endpoint
[    0.357948] pci 0000:00:02.0: BAR 0 [io  0xc000-0xc03f]
[    0.358616] pci 0000:00:02.0: BAR 1 [mem 0xfebfc000-0xfebfcfff]
[    0.358958] pci 0000:00:02.0: BAR 4 [mem 0xfebf0000-0xfebf3fff 64bit pref]
[    0.372192] pci 0000:00:03.0: [1af4:1009] type 00 class 0x000200 conventional PCI endpoint
[    0.374948] pci 0000:00:03.0: BAR 0 [io  0xc040-0xc07f]
[    0.375616] pci 0000:00:03.0: BAR 1 [mem 0xfebfd000-0xfebfdfff]
[    0.375958] pci 0000:00:03.0: BAR 4 [mem 0xfebf4000-0xfebf7fff 64bit pref]
[    0.389381] pci 0000:00:04.0: [8086:25ab] type 00 class 0x088000 conventional PCI endpoint
[    0.391315] pci 0000:00:04.0: BAR 0 [mem 0xfebfe000-0xfebfe00f]
[    0.404099] pci 0000:00:05.0: [1af4:1003] type 00 class 0x078000 conventional PCI endpoint
[    0.405703] pci 0000:00:05.0: BAR 0 [io  0xc080-0xc0bf]
[    0.405948] pci 0000:00:05.0: BAR 1 [mem 0xfebff000-0xfebfffff]
[    0.406705] pci 0000:00:05.0: BAR 4 [mem 0xfebf8000-0xfebfbfff 64bit pref]
[    0.422723] ACPI: PCI: Interrupt link LNKA configured for IRQ 10
[    0.423951] ACPI: PCI: Interrupt link LNKB configured for IRQ 10
[    0.425700] ACPI: PCI: Interrupt link LNKC configured for IRQ 11
[    0.427928] ACPI: PCI: Interrupt link LNKD configured for IRQ 11
[    0.429352] ACPI: PCI: Interrupt link LNKS configured for IRQ 9
[    0.449668] iommu: Default domain type: Translated
[    0.449944] iommu: DMA domain TLB invalidation policy: lazy mode
[    0.451213] SCSI subsystem initialized
[    0.452028] pps_core: LinuxPPS API ver. 1 registered
[    0.452657] pps_core: Software ver. 5.3.6 - Copyright 2005-2007 Rodolfo Giometti <giometti@linux.it>
[    0.453959] PTP clock support registered
[    0.455074] Advanced Linux Sound Architecture Driver Initialized.
[    0.457127] NET: Registered PF_ATMPVC protocol family
[    0.457768] NET: Registered PF_ATMSVC protocol family
[    0.457982] PCI: Using ACPI for IRQ routing
[    0.458977] vgaarb: loaded
[    0.459069] hpet0: at MMIO 0xfed00000, IRQs 2, 8, 0
[    0.459683] hpet0: 3 comparators, 64-bit 100.000000 MHz counter
[    0.464075] clocksource: Switched to clocksource kvm-clock
[    0.468729] VFS: Disk quotas dquot_6.6.0
[    0.469236] VFS: Dquot-cache hash table entries: 512 (order 0, 4096 bytes)
[    0.470896] pnp: PnP ACPI init
[    0.475038] pnp: PnP ACPI: found 5 devices
[    0.486998] clocksource: acpi_pm: mask: 0xffffff max_cycles: 0xffffff, max_idle_ns: 2085701024 ns
[    0.488118] NET: Registered PF_INET protocol family
[    0.488758] IP idents hash table entries: 16384 (order: 5, 131072 bytes, linear)
[    0.490144] tcp_listen_portaddr_hash hash table entries: 512 (order: 1, 8192 bytes, linear)
[    0.491149] Table-perturb hash table entries: 65536 (order: 6, 262144 bytes, linear)
[    0.492089] TCP established hash table entries: 8192 (order: 4, 65536 bytes, linear)
[    0.493033] TCP bind hash table entries: 8192 (order: 6, 262144 bytes, linear)
[    0.493914] TCP: Hash tables configured (established 8192 bind 8192)
[    0.494848] UDP hash table entries: 512 (order: 3, 32768 bytes, linear)
[    0.495654] UDP-Lite hash table entries: 512 (order: 3, 32768 bytes, linear)
[    0.496725] NET: Registered PF_UNIX/PF_LOCAL protocol family
[    0.497432] pci_bus 0000:00: resource 4 [io  0x0000-0x0cf7 window]
[    0.498174] pci_bus 0000:00: resource 5 [io  0x0d00-0xffff window]
[    0.498920] pci_bus 0000:00: resource 6 [mem 0x000a0000-0x000bffff window]
[    0.499748] pci_bus 0000:00: resource 7 [mem 0x40000000-0xfebfffff window]
[    0.500580] pci_bus 0000:00: resource 8 [mem 0x100000000-0x17fffffff window]
[    0.501637] pci 0000:00:01.0: PIIX3: Enabling Passive Release
[    0.502332] pci 0000:00:00.0: Limiting direct PCI/PCI transfers
[    0.503085] PCI: CLS 0 bytes, default 64
[    0.503673] kvm_intel: VMX not supported by CPU 0
[    0.504259] kvm_amd: TSC scaling supported
[    0.504762] kvm_amd: Nested Virtualization enabled
[    0.505337] kvm_amd: Nested Paging enabled
[    0.505838] kvm_amd: LBR virtualization supported
[    0.506419] kvm_amd: Virtual GIF supported
[    0.506912] kvm_amd: Virtual NMI enabled
[    0.535399] clocksource: tsc: mask: 0xffffffffffffffff max_cycles: 0x40be215b5d9, max_idle_ns: 440795359804 ns
[    0.553917] Initialise system trusted keyrings
[    0.554664] workingset: timestamp_bits=56 max_order=18 bucket_order=0
[    0.555568] squashfs: version 4.0 (2009/01/31) Phillip Lougher
[    0.556289] fuse: init (API version 7.43)
[    0.556917] 9p: Installing v9fs 9p2000 file system support
[    0.566459] Key type asymmetric registered
[    0.566966] Asymmetric key parser 'x509' registered
[    0.567634] Block layer SCSI generic (bsg) driver version 0.4 loaded (major 249)
[    0.568595] io scheduler mq-deadline registered
[    0.569155] io scheduler kyber registered
[    0.571647] input: Power Button as /devices/LNXSYSTM:00/LNXPWRBN:00/input/input0
[    0.572768] ACPI: button: Power Button [PWRF]
[    0.574685] Warning: Processor Platform Limit event detected, but not handled.
[    0.575574] Consider compiling CPUfreq support into your kernel.
[    1.465851] ACPI: \_SB_.LNKB: Enabled at IRQ 10
[    2.351221] ACPI: \_SB_.LNKC: Enabled at IRQ 11
[    3.235891] ACPI: \_SB_.LNKA: Enabled at IRQ 10
[    3.237239] Serial: 8250/16550 driver, 4 ports, IRQ sharing enabled
[    3.238348] 00:03: ttyS0 at I/O 0x3f8 (irq = 4, base_baud = 115200) is a 16550A
[    3.270524] Non-volatile memory driver v1.3
[    3.271040] Linux agpgart interface v0.103
[    3.271742] ACPI: bus type drm_connector registered
[    3.272356] printk: legacy console [hvc0] enabled
[    3.272977] printk: legacy bootconsole [earlyser0] disabled
          _      _                                    
   __   _(_)_ __| |_ _ __ ___   ___       _ __   __ _ 
   \ \ / / |  __| __|  _   _ \ / _ \_____|  _ \ / _  |
    \ V /| | |  | |_| | | | | |  __/_____| | | | (_| |
     \_/ |_|_|   \__|_| |_| |_|\___|     |_| |_|\__  |
                                                |___/ 
   kernel version: 6.14.0-virtme x86_64
   (CTRL+d to exit)

root@virtme-ng:/nipa-data/kernel# PS1='xx__-> '
xx__-> env
PWD=/nipa-data/kernel
nr_open=1048576
HOME=/
TERM=xterm
SHLVL=2
XDG_RUNTIME_DIR=/run/user/0
PATH=/bin:/sbin:/usr/bin:/usr/sbin:/usr/local/bin
OLDPWD=/
_=/bin/env
xx__-> 