No EFI environment detected.
early console in extract_kernel
input_data: 0x0000000002be72c4
input_len: 0x0000000000b42540
output: 0x0000000001000000
output_len: 0x00000000026e1e9c
kernel_total_size: 0x0000000002430000
needed_size: 0x0000000002800000
trampoline_32bit: 0x0000000000000000
Physical KASLR using RDRAND RDTSC...
Virtual KASLR using RDRAND RDTSC...

Decompressing Linux... Parsing ELF... Performing relocations... done.
Booting the kernel (entry_offset: 0x0000000000000000).
[    0.000000] Linux version 6.10.0-rc3-virtme (root@9d3a73d3dd39) (gcc (Alpine 13.2.1_git20240309) 13.2.1 20240309, GNU ld (GNU Binutils) 2.42) #1 SMP PREEMPT_DYNAMIC Fri Jun 14 15:06:28 UTC 2024
[    0.000000] Command line: virtme_hostname=virtme-ng nr_open=1048576 virtme_link_mods=/nipa-data/kernel/.virtme_mods/lib/modules/0.0.0 virtme_initmount0=nipa-data/kernel virtme_rw_overlay0=/etc virtme_rw_overlay1=/lib virtme_rw_overlay2=/home virtme_rw_overlay3=/opt virtme_rw_overlay4=/srv virtme_rw_overlay5=/usr virtme_rw_overlay6=/var console=hvc0 earlyprintk=serial,ttyS0,115200 virtme_console=ttyS0 psmouse.proto=exps TERM=xterm virtme_chdir=nipa-data/kernel virtme_root_user=1 rootfstype=9p rootflags=version=9p2000.L,trans=virtio,access=any raid=noautodetect ro init=/usr/lib/python3.12/site-packages/virtme/guest/virtme-init
[    0.000000] BIOS-provided physical RAM map:
[    0.000000] BIOS-e820: [mem 0x0000000000000000-0x000000000009fbff] usable
[    0.000000] BIOS-e820: [mem 0x000000000009fc00-0x000000000009ffff] reserved
[    0.000000] BIOS-e820: [mem 0x00000000000f0000-0x00000000000fffff] reserved
[    0.000000] BIOS-e820: [mem 0x0000000000100000-0x000000003ffdffff] usable
[    0.000000] BIOS-e820: [mem 0x000000003ffe0000-0x000000003fffffff] reserved
[    0.000000] BIOS-e820: [mem 0x00000000feffc000-0x00000000feffffff] reserved
[    0.000000] BIOS-e820: [mem 0x00000000fffc0000-0x00000000ffffffff] reserved
[    0.000000] BIOS-e820: [mem 0x000000fd00000000-0x000000ffffffffff] reserved
[    0.000000] printk: legacy bootconsole [earlyser0] enabled
[    0.000000] NX (Execute Disable) protection: active
[    0.000000] APIC: Static calls initialized
[    0.000000] SMBIOS 2.8 present.
[    0.000000] DMI: QEMU Standard PC (i440FX + PIIX, 1996), BIOS rel-1.16.3-0-ga6ed6b701f0a-prebuilt.qemu.org 04/01/2014
[    0.000000] DMI: Memory slots populated: 1/1
[    0.000000] Hypervisor detected: KVM
[    0.000000] kvm-clock: Using msrs 4b564d01 and 4b564d00
[    0.000000] kvm-clock: using sched offset of 254173853 cycles
[    0.000407] clocksource: kvm-clock: mask: 0xffffffffffffffff max_cycles: 0x1cd42e4dffb, max_idle_ns: 881590591483 ns
[    0.001643] tsc: Detected 4491.556 MHz processor
[    0.002284] last_pfn = 0x3ffe0 max_arch_pfn = 0x400000000
[    0.002717] MTRR map: 4 entries (3 fixed + 1 variable; max 19), built from 8 variable MTRRs
[    0.003355] x86/PAT: Configuration [0-7]: WB  WC  UC- UC  WB  WP  UC- WT  
Memory KASLR using RDRAND RDTSC...
[    0.005458] found SMP MP-table at [mem 0x000f5470-0x000f547f]
[    0.005895] Using GB pages for direct mapping
[    0.006270] ACPI: Early table checksum verification disabled
[    0.006696] ACPI: RSDP 0x00000000000F5290 000014 (v00 BOCHS )
[    0.007136] ACPI: RSDT 0x000000003FFE27BC 000034 (v01 BOCHS  BXPC     00000001 BXPC 00000001)
[    0.007793] ACPI: FACP 0x000000003FFE2578 000074 (v01 BOCHS  BXPC     00000001 BXPC 00000001)
[    0.008445] ACPI: DSDT 0x000000003FFE0040 002538 (v01 BOCHS  BXPC     00000001 BXPC 00000001)
[    0.009079] ACPI: FACS 0x000000003FFE0000 000040
[    0.009436] ACPI: APIC 0x000000003FFE25EC 000170 (v03 BOCHS  BXPC     00000001 BXPC 00000001)
[    0.010069] ACPI: HPET 0x000000003FFE275C 000038 (v01 BOCHS  BXPC     00000001 BXPC 00000001)
[    0.010733] ACPI: WAET 0x000000003FFE2794 000028 (v01 BOCHS  BXPC     00000001 BXPC 00000001)
[    0.011381] ACPI: Reserving FACP table memory at [mem 0x3ffe2578-0x3ffe25eb]
[    0.011903] ACPI: Reserving DSDT table memory at [mem 0x3ffe0040-0x3ffe2577]
[    0.012436] ACPI: Reserving FACS table memory at [mem 0x3ffe0000-0x3ffe003f]
[    0.012961] ACPI: Reserving APIC table memory at [mem 0x3ffe25ec-0x3ffe275b]
[    0.013497] ACPI: Reserving HPET table memory at [mem 0x3ffe275c-0x3ffe2793]
[    0.014022] ACPI: Reserving WAET table memory at [mem 0x3ffe2794-0x3ffe27bb]
[    0.014715] No NUMA configuration found
[    0.015004] Faking a node at [mem 0x0000000000000000-0x000000003ffdffff]
[    0.015590] NODE_DATA(0) allocated [mem 0x3ffdb000-0x3ffdffff]
[    0.016072] Zone ranges:
[    0.016275]   DMA      [mem 0x0000000000001000-0x0000000000ffffff]
[    0.016737]   DMA32    [mem 0x0000000001000000-0x000000003ffdffff]
[    0.017199]   Normal   empty
[    0.017415]   Device   empty
[    0.017630] Movable zone start for each node
[    0.017949] Early memory node ranges
[    0.018216]   node   0: [mem 0x0000000000001000-0x000000000009efff]
[    0.018685]   node   0: [mem 0x0000000000100000-0x000000003ffdffff]
[    0.019157] Initmem setup node 0 [mem 0x0000000000001000-0x000000003ffdffff]
[    0.019687] On node 0, zone DMA: 1 pages in unavailable ranges
[    0.020141] On node 0, zone DMA: 97 pages in unavailable ranges
[    0.021543] On node 0, zone DMA32: 32 pages in unavailable ranges
[    0.022207] ACPI: PM-Timer IO Port: 0x608
[    0.022511] ACPI: LAPIC_NMI (acpi_id[0xff] dfl dfl lint[0x1])
[    0.022959] IOAPIC[0]: apic_id 0, version 17, address 0xfec00000, GSI 0-23
[    0.023473] ACPI: INT_SRC_OVR (bus 0 bus_irq 0 global_irq 2 dfl dfl)
[    0.023947] ACPI: INT_SRC_OVR (bus 0 bus_irq 5 global_irq 5 high level)
[    0.024517] ACPI: INT_SRC_OVR (bus 0 bus_irq 9 global_irq 9 high level)
[    0.025129] ACPI: INT_SRC_OVR (bus 0 bus_irq 10 global_irq 10 high level)
[    0.025762] ACPI: INT_SRC_OVR (bus 0 bus_irq 11 global_irq 11 high level)
[    0.026395] ACPI: Using ACPI (MADT) for SMP configuration information
[    0.026998] ACPI: HPET id: 0x8086a201 base: 0xfed00000
[    0.027472] TSC deadline timer available
[    0.027835] CPU topo: Max. logical packages:   1
[    0.028261] CPU topo: Max. logical dies:       1
[    0.028685] CPU topo: Max. dies per package:   1
[    0.029111] CPU topo: Max. threads per core:   1
[    0.029538] CPU topo: Num. cores per package:    32
[    0.029988] CPU topo: Num. threads per package:  32
[    0.030442] CPU topo: Allowing 32 present CPUs plus 0 hotplug CPUs
[    0.031032] kvm-guest: APIC: eoi() replaced with kvm_guest_apic_eoi_write()
[    0.031681] kvm-guest: KVM setup pv remote TLB flush
[    0.032141] kvm-guest: setup PV sched yield
[    0.032534] PM: hibernation: Registered nosave memory: [mem 0x00000000-0x00000fff]
[    0.033233] PM: hibernation: Registered nosave memory: [mem 0x0009f000-0x0009ffff]
[    0.033930] PM: hibernation: Registered nosave memory: [mem 0x000a0000-0x000effff]
[    0.034631] PM: hibernation: Registered nosave memory: [mem 0x000f0000-0x000fffff]
[    0.035337] [mem 0x40000000-0xfeffbfff] available for PCI devices
[    0.035889] Booting paravirtualized kernel on KVM
[    0.036321] clocksource: refined-jiffies: mask: 0xffffffff max_cycles: 0xffffffff, max_idle_ns: 1910969940391419 ns
[    0.040382] setup_percpu: NR_CPUS:64 nr_cpumask_bits:32 nr_cpu_ids:32 nr_node_ids:1
[    0.041884] percpu: Embedded 58 pages/cpu s198936 r8192 d30440 u262144
[    0.042533] Kernel command line: virtme_hostname=virtme-ng nr_open=1048576 virtme_link_mods=/nipa-data/kernel/.virtme_mods/lib/modules/0.0.0 virtme_initmount0=nipa-data/kernel virtme_rw_overlay0=/etc virtme_rw_overlay1=/lib virtme_rw_overlay2=/home virtme_rw_overlay3=/opt virtme_rw_overlay4=/srv virtme_rw_overlay5=/usr virtme_rw_overlay6=/var console=hvc0 earlyprintk=serial,ttyS0,115200 virtme_console=ttyS0 psmouse.proto=exps TERM=xterm virtme_chdir=nipa-data/kernel virtme_root_user=1 rootfstype=9p rootflags=version=9p2000.L,trans=virtio,access=any raid=noautodetect ro init=/usr/lib/python3.12/site-packages/virtme/guest/virtme-init
[    0.047980] Unknown kernel command line parameters "virtme_hostname=virtme-ng nr_open=1048576 virtme_link_mods=/nipa-data/kernel/.virtme_mods/lib/modules/0.0.0 virtme_initmount0=nipa-data/kernel virtme_rw_overlay0=/etc virtme_rw_overlay1=/lib virtme_rw_overlay2=/home virtme_rw_overlay3=/opt virtme_rw_overlay4=/srv virtme_rw_overlay5=/usr virtme_rw_overlay6=/var virtme_console=ttyS0 virtme_chdir=nipa-data/kernel virtme_root_user=1", will be passed to user space.
[    0.051768] random: crng init done
[    0.052055] Dentry cache hash table entries: 131072 (order: 8, 1048576 bytes, linear)
[    0.052696] Inode-cache hash table entries: 65536 (order: 7, 524288 bytes, linear)
[    0.053384] Fallback order for Node 0: 0 
[    0.053387] Built 1 zonelists, mobility grouping on.  Total pages: 262014
[    0.054244] Policy zone: DMA32
[    0.054527] mem auto-init: stack:all(zero), heap alloc:off, heap free:off, mlocked free:off
[    0.056008] Memory: 984576K/1048056K available (16384K kernel code, 2418K rwdata, 6160K rodata, 3084K init, 2012K bss, 63220K reserved, 0K cma-reserved)
[    0.057115] SLUB: HWalign=64, Order=0-3, MinObjects=0, CPUs=32, Nodes=1
Poking KASLR using RDRAND RDTSC...
[    0.057888] ftrace: allocating 47855 entries in 187 pages
[    0.065336] ftrace: allocated 187 pages with 6 groups
[    0.066351] Dynamic Preempt: voluntary
[    0.066816] rcu: Preemptible hierarchical RCU implementation.
[    0.067266] rcu: RCU event tracing is enabled.
[    0.067614] rcu: RCU restricting CPUs from NR_CPUS=64 to nr_cpu_ids=32.
[    0.068129] Trampoline variant of Tasks RCU enabled.
[    0.068522] Rude variant of Tasks RCU enabled.
[    0.068871] Tracing variant of Tasks RCU enabled.
[    0.069242] rcu: RCU calculated value of scheduler-enlistment delay is 100 jiffies.
[    0.069833] rcu: Adjusting geometry for rcu_fanout_leaf=16, nr_cpu_ids=32
[    0.070364] RCU Tasks: Setting shift to 5 and lim to 1 rcu_task_cb_adjust=1.
[    0.070915] RCU Tasks Rude: Setting shift to 5 and lim to 1 rcu_task_cb_adjust=1.
[    0.071490] RCU Tasks Trace: Setting shift to 5 and lim to 1 rcu_task_cb_adjust=1.
[    0.073467] NR_IRQS: 4352, nr_irqs: 680, preallocated irqs: 16
[    0.074087] rcu: srcu_init: Setting srcu_struct sizes based on contention.
[    0.074780] Console: colour *CGA 80x25
[    0.075077] ACPI: Core revision 20240322
[    0.075444] clocksource: hpet: mask: 0xffffffff max_cycles: 0xffffffff, max_idle_ns: 19112604467 ns
[    0.076213] APIC: Switch to symmetric I/O mode setup
[    0.076608] APIC: Switched APIC routing to: physical flat
[    0.077030] kvm-guest: APIC: send_IPI_mask() replaced with kvm_send_ipi_mask()
[    0.077570] kvm-guest: APIC: send_IPI_mask_allbutself() replaced with kvm_send_ipi_mask_allbutself()
[    0.078294] kvm-guest: setup PV IPIs
[    0.079363] ..TIMER: vector=0x30 apic1=0 pin1=2 apic2=-1 pin2=-1
[    0.080207] tsc: Marking TSC unstable due to TSCs unsynchronized
[    0.081016] Calibrating delay loop (skipped) preset value.. 8983.11 BogoMIPS (lpj=4491556)
[    0.083039] x86/cpu: User Mode Instruction Prevention (UMIP) activated
[    0.083964] Last level iTLB entries: 4KB 512, 2MB 255, 4MB 127
[    0.084015] Last level dTLB entries: 4KB 512, 2MB 255, 4MB 127, 1GB 0
[    0.085019] Spectre V1 : Mitigation: usercopy/swapgs barriers and __user pointer sanitization
[    0.086019] Spectre V2 : Mitigation: Enhanced / Automatic IBRS
[    0.087015] Spectre V2 : Spectre v2 / SpectreRSB mitigation: Filling RSB on context switch
[    0.088016] Spectre V2 : mitigation: Enabling conditional Indirect Branch Prediction Barrier
[    0.089016] Speculative Store Bypass: Mitigation: Speculative Store Bypass disabled via prctl
[    0.090015] Speculative Return Stack Overflow: IBPB-extending microcode not applied!
[    0.091015] Speculative Return Stack Overflow: WARNING: See https://kernel.org/doc/html/latest/admin-guide/hw-vuln/srso.html for mitigation options.
[    0.091015] Speculative Return Stack Overflow: Vulnerable: Safe RET, no microcode
[    0.093030] x86/fpu: Supporting XSAVE feature 0x001: 'x87 floating point registers'
[    0.094015] x86/fpu: Supporting XSAVE feature 0x002: 'SSE registers'
[    0.095015] x86/fpu: Supporting XSAVE feature 0x004: 'AVX registers'
[    0.096015] x86/fpu: Supporting XSAVE feature 0x020: 'AVX-512 opmask'
[    0.097015] x86/fpu: Supporting XSAVE feature 0x040: 'AVX-512 Hi256'
[    0.098014] x86/fpu: Supporting XSAVE feature 0x080: 'AVX-512 ZMM_Hi256'
[    0.099015] x86/fpu: Supporting XSAVE feature 0x200: 'Protection Keys User registers'
[    0.100015] x86/fpu: xstate_offset[2]:  576, xstate_sizes[2]:  256
[    0.101014] x86/fpu: xstate_offset[5]:  832, xstate_sizes[5]:   64
[    0.101842] x86/fpu: xstate_offset[6]:  896, xstate_sizes[6]:  512
[    0.102015] x86/fpu: xstate_offset[7]: 1408, xstate_sizes[7]: 1024
[    0.103015] x86/fpu: xstate_offset[9]: 2432, xstate_sizes[9]:    8
[    0.104014] x86/fpu: Enabled xstate features 0x2e7, context size is 2440 bytes, using 'compacted' format.
[    0.123730] Freeing SMP alternatives memory: 40K
[    0.124015] pid_max: default: 32768 minimum: 301
[    0.125048] Mount-cache hash table entries: 2048 (order: 2, 16384 bytes, linear)
[    0.126017] Mountpoint-cache hash table entries: 2048 (order: 2, 16384 bytes, linear)
[    0.128218] smpboot: CPU0: AMD Ryzen 9 7950X 16-Core Processor (family: 0x19, model: 0x61, stepping: 0x2)
[    0.129164] Performance Events: Fam17h+ core perfctr, AMD PMU driver.
[    0.130020] ... version:                0
[    0.130690] ... bit width:              48
[    0.131017] ... generic registers:      6
[    0.131683] ... value mask:             0000ffffffffffff
[    0.132016] ... max period:             00007fffffffffff
[    0.132905] ... fixed-purpose events:   0
[    0.133016] ... event mask:             000000000000003f
[    0.133993] signal: max sigframe size: 3376
[    0.134039] rcu: Hierarchical SRCU implementation.
[    0.134831] rcu: Max phase no-delay instances is 400.
[    0.137853] smp: Bringing up secondary CPUs ...
[    0.138086] smpboot: x86: Booting SMP configuration:
[    0.138906] .... node  #0, CPUs:        #1  #2  #3  #4  #5  #6  #7  #8  #9 #10 #11 #12 #13 #14 #15 #16 #17 #18 #19 #20 #21 #22 #23 #24 #25 #26 #27 #28 #29 #30 #31
[    0.155175] smp: Brought up 1 node, 32 CPUs
[    0.156702] smpboot: Total of 32 processors activated (287459.58 BogoMIPS)
[    0.159090] devtmpfs: initialized
[    0.160037] x86/mm: Memory block size: 128MB
[    0.161692] clocksource: jiffies: mask: 0xffffffff max_cycles: 0xffffffff, max_idle_ns: 1911260446275000 ns
[    0.162020] futex hash table entries: 8192 (order: 7, 524288 bytes, linear)
[    0.163199] PM: RTC time: 15:06:59, date: 2024-06-14
[    0.164418] NET: Registered PF_NETLINK/PF_ROUTE protocol family
[    0.165182] thermal_sys: Registered thermal governor 'step_wise'
[    0.165183] thermal_sys: Registered thermal governor 'user_space'
[    0.166030] cpuidle: using governor menu
[    0.168310] PCI: Using configuration type 1 for base access
[    0.169020] PCI: Using configuration type 1 for extended access
[    0.170105] kprobes: kprobe jump-optimization is enabled. All kprobes are optimized if possible.
[    0.190174] HugeTLB: registered 1.00 GiB page size, pre-allocated 0 pages
[    0.191016] HugeTLB: 16380 KiB vmemmap can be freed for a 1.00 GiB page
[    0.191877] HugeTLB: registered 2.00 MiB page size, pre-allocated 0 pages
[    0.192016] HugeTLB: 28 KiB vmemmap can be freed for a 2.00 MiB page
[    0.193091] Demotion targets for Node 0: null
[    0.193935] ACPI: Added _OSI(Module Device)
[    0.194017] ACPI: Added _OSI(Processor Device)
[    0.194742] ACPI: Added _OSI(3.0 _SCP Extensions)
[    0.195017] ACPI: Added _OSI(Processor Aggregator Device)
[    0.196808] ACPI: 1 ACPI AML tables successfully acquired and loaded
[    0.198039] ACPI: _OSC evaluation for CPUs failed, trying _PDC
[    0.199187] ACPI: Interpreter enabled
[    0.199809] ACPI: PM: (supports S0 S3 S4 S5)
[    0.200017] ACPI: Using IOAPIC for interrupt routing
[    0.200845] PCI: Using host bridge windows from ACPI; if necessary, use "pci=nocrs" and report a bug
[    0.201016] PCI: Using E820 reservations for host bridge windows
[    0.202125] ACPI: Enabled 2 GPEs in block 00 to 0F
[    0.206169] ACPI: PCI Root Bridge [PCI0] (domain 0000 [bus 00-ff])
[    0.207020] acpi PNP0A03:00: _OSC: OS supports [ExtendedConfig ASPM ClockPM Segments MSI HPX-Type3]
[    0.208127] PCI host bridge to bus 0000:00
[    0.208812] pci_bus 0000:00: root bus resource [io  0x0000-0x0cf7 window]
[    0.209017] pci_bus 0000:00: root bus resource [io  0x0d00-0xffff window]
[    0.210017] pci_bus 0000:00: root bus resource [mem 0x000a0000-0x000bffff window]
[    0.211016] pci_bus 0000:00: root bus resource [mem 0x40000000-0xfebfffff window]
[    0.212017] pci_bus 0000:00: root bus resource [mem 0x100000000-0x17fffffff window]
[    0.213017] pci_bus 0000:00: root bus resource [bus 00-ff]
[    0.214036] pci 0000:00:00.0: [8086:1237] type 00 class 0x060000 conventional PCI endpoint
[    0.215330] pci 0000:00:01.0: [8086:7000] type 00 class 0x060100 conventional PCI endpoint
[    0.216412] pci 0000:00:01.1: [8086:7010] type 00 class 0x010180 conventional PCI endpoint
[    0.220391] pci 0000:00:01.1: BAR 4 [io  0xc0c0-0xc0cf]
[    0.222031] pci 0000:00:01.1: BAR 0 [io  0x01f0-0x01f7]: legacy IDE quirk
[    0.223017] pci 0000:00:01.1: BAR 1 [io  0x03f6]: legacy IDE quirk
[    0.224017] pci 0000:00:01.1: BAR 2 [io  0x0170-0x0177]: legacy IDE quirk
[    0.225016] pci 0000:00:01.1: BAR 3 [io  0x0376]: legacy IDE quirk
[    0.226130] pci 0000:00:01.3: [8086:7113] type 00 class 0x068000 conventional PCI endpoint
[    0.227313] pci 0000:00:01.3: quirk: [io  0x0600-0x063f] claimed by PIIX4 ACPI
[    0.228022] pci 0000:00:01.3: quirk: [io  0x0700-0x070f] claimed by PIIX4 SMB
[    0.229221] pci 0000:00:02.0: [1af4:1009] type 00 class 0x000200 conventional PCI endpoint
[    0.232017] pci 0000:00:02.0: BAR 0 [io  0xc000-0xc03f]
[    0.234017] pci 0000:00:02.0: BAR 1 [mem 0xfebfc000-0xfebfcfff]
[    0.240017] pci 0000:00:02.0: BAR 4 [mem 0xfebf0000-0xfebf3fff 64bit pref]
[    0.243788] pci 0000:00:03.0: [1af4:1009] type 00 class 0x000200 conventional PCI endpoint
[    0.245017] pci 0000:00:03.0: BAR 0 [io  0xc040-0xc07f]
[    0.247017] pci 0000:00:03.0: BAR 1 [mem 0xfebfd000-0xfebfdfff]
[    0.250738] pci 0000:00:03.0: BAR 4 [mem 0xfebf4000-0xfebf7fff 64bit pref]
[    0.252590] pci 0000:00:04.0: [8086:25ab] type 00 class 0x088000 conventional PCI endpoint
[    0.253421] pci 0000:00:04.0: BAR 0 [mem 0xfebfe000-0xfebfe00f]
[    0.257183] pci 0000:00:05.0: [1af4:1003] type 00 class 0x078000 conventional PCI endpoint
[    0.259017] pci 0000:00:05.0: BAR 0 [io  0xc080-0xc0bf]
[    0.260720] pci 0000:00:05.0: BAR 1 [mem 0xfebff000-0xfebfffff]
[    0.264017] pci 0000:00:05.0: BAR 4 [mem 0xfebf8000-0xfebfbfff 64bit pref]
[    0.266481] ACPI: PCI: Interrupt link LNKA configured for IRQ 10
[    0.267127] ACPI: PCI: Interrupt link LNKB configured for IRQ 10
[    0.267995] ACPI: PCI: Interrupt link LNKC configured for IRQ 11
[    0.268116] ACPI: PCI: Interrupt link LNKD configured for IRQ 11
[    0.268975] ACPI: PCI: Interrupt link LNKS configured for IRQ 9
[    0.269900] iommu: Default domain type: Translated
[    0.270016] iommu: DMA domain TLB invalidation policy: lazy mode
[    0.270837] SCSI subsystem initialized
[    0.271053] pps_core: LinuxPPS API ver. 1 registered
[    0.271695] pps_core: Software ver. 5.3.6 - Copyright 2005-2007 Rodolfo Giometti <giometti@linux.it>
[    0.272019] PTP clock support registered
[    0.272537] Advanced Linux Sound Architecture Driver Initialized.
[    0.273335] NET: Registered PF_ATMPVC protocol family
[    0.273977] NET: Registered PF_ATMSVC protocol family
[    0.274021] PCI: Using ACPI for IRQ routing
[    0.274634] vgaarb: loaded
[    0.275054] hpet0: at MMIO 0xfed00000, IRQs 2, 8, 0
[    0.275680] hpet0: 3 comparators, 64-bit 100.000000 MHz counter
[    0.279576] clocksource: Switched to clocksource kvm-clock
[    0.280573] VFS: Disk quotas dquot_6.6.0
[    0.281415] VFS: Dquot-cache hash table entries: 512 (order 0, 4096 bytes)
[    0.282464] pnp: PnP ACPI init
[    0.283037] pnp: PnP ACPI: found 5 devices
[    0.289627] clocksource: acpi_pm: mask: 0xffffff max_cycles: 0xffffff, max_idle_ns: 2085701024 ns
[    0.290772] NET: Registered PF_INET protocol family
[    0.291405] IP idents hash table entries: 16384 (order: 5, 131072 bytes, linear)
[    0.292492] tcp_listen_portaddr_hash hash table entries: 512 (order: 1, 8192 bytes, linear)
[    0.293560] Table-perturb hash table entries: 65536 (order: 6, 262144 bytes, linear)
[    0.294547] TCP established hash table entries: 8192 (order: 4, 65536 bytes, linear)
[    0.295528] TCP bind hash table entries: 8192 (order: 6, 262144 bytes, linear)
[    0.296446] TCP: Hash tables configured (established 8192 bind 8192)
[    0.297261] UDP hash table entries: 512 (order: 2, 16384 bytes, linear)
[    0.298101] UDP-Lite hash table entries: 512 (order: 2, 16384 bytes, linear)
[    0.299021] NET: Registered PF_UNIX/PF_LOCAL protocol family
[    0.299745] pci_bus 0000:00: resource 4 [io  0x0000-0x0cf7 window]
[    0.300533] pci_bus 0000:00: resource 5 [io  0x0d00-0xffff window]
[    0.301309] pci_bus 0000:00: resource 6 [mem 0x000a0000-0x000bffff window]
[    0.302181] pci_bus 0000:00: resource 7 [mem 0x40000000-0xfebfffff window]
[    0.303055] pci_bus 0000:00: resource 8 [mem 0x100000000-0x17fffffff window]
[    0.303967] pci 0000:00:01.0: PIIX3: Enabling Passive Release
[    0.304705] pci 0000:00:00.0: Limiting direct PCI/PCI transfers
[    0.305490] PCI: CLS 0 bytes, default 64
[    0.306054] kvm_intel: VMX not supported by CPU 0
[    0.306676] kvm_amd: TSC scaling supported
[    0.307194] kvm_amd: Nested Virtualization enabled
[    0.307807] kvm_amd: Nested Paging enabled
[    0.308323] kvm_amd: LBR virtualization supported
[    0.308929] kvm_amd: Virtual VMLOAD VMSAVE supported
[    0.309559] kvm_amd: Virtual GIF supported
[    0.310078] kvm_amd: Virtual NMI enabled
[    0.401176] Initialise system trusted keyrings
[    0.401826] workingset: timestamp_bits=56 max_order=18 bucket_order=0
[    0.402687] squashfs: version 4.0 (2009/01/31) Phillip Lougher
[    0.403708] fuse: init (API version 7.40)
[    0.404273] 9p: Installing v9fs 9p2000 file system support
[    0.411421] Key type asymmetric registered
[    0.411947] Asymmetric key parser 'x509' registered
[    0.412588] Block layer SCSI generic (bsg) driver version 0.4 loaded (major 249)
[    0.413546] io scheduler mq-deadline registered
[    0.414123] io scheduler kyber registered
[    0.415647] input: Power Button as /devices/LNXSYSTM:00/LNXPWRBN:00/input/input0
[    0.416662] ACPI: button: Power Button [PWRF]
[    0.417245] Warning: Processor Platform Limit event detected, but not handled.
[    0.418178] Consider compiling CPUfreq support into your kernel.
[    0.435318] ACPI: \_SB_.LNKB: Enabled at IRQ 10
[    0.451946] ACPI: \_SB_.LNKC: Enabled at IRQ 11
[    0.468575] ACPI: \_SB_.LNKA: Enabled at IRQ 10
[    0.469804] Serial: 8250/16550 driver, 4 ports, IRQ sharing enabled
[    0.470739] 00:03: ttyS0 at I/O 0x3f8 (irq = 4, base_baud = 115200) is a 16550A
[    0.536453] Non-volatile memory driver v1.3
[    0.537002] Linux agpgart interface v0.103
[    0.537588] ACPI: bus type drm_connector registered
[    0.538224] printk: legacy console [hvc0] enabled
[    0.539018] printk: legacy bootconsole [earlyser0] disabled
          _      _                                    
   __   _(_)_ __| |_ _ __ ___   ___       _ __   __ _ 
   \ \ / / |  __| __|  _   _ \ / _ \_____|  _ \ / _  |
    \ V /| | |  | |_| | | | | |  __/_____| | | | (_| |
     \_/ |_|_|   \__|_| |_| |_|\___|     |_| |_|\__  |
                                                |___/ 
   kernel version: 6.10.0-rc3-virtme x86_64
   (CTRL+d to exit)

virtme-ng:/nipa-data/kernel# PS1='xx__-> '
xx__-> env
PWD=/nipa-data/kernel
nr_open=1048576
HOME=/root
TERM=xterm
SHLVL=2
XDG_RUNTIME_DIR=/run/user/0
PATH=/bin:/sbin:/usr/bin:/usr/sbin:/usr/local/bin
OLDPWD=/
_=/usr/bin/env
xx__-> 