No EFI environment detected.
early console in extract_kernel
input_data: 0x00000000030602b9
input_len: 0x0000000000b8327d
output: 0x0000000001000000
output_len: 0x000000000252f394
kernel_total_size: 0x0000000002c30000
needed_size: 0x0000000002e00000
trampoline_32bit: 0x0000000000000000
Physical KASLR using RDRAND RDTSC...
Virtual KASLR using RDRAND RDTSC...

Decompressing Linux... Parsing ELF... Performing relocations... done.
Booting the kernel (entry_offset: 0x0000000000000000).
[    0.000000] Linux version 6.8.0-rc3-virtme (root@a718c041180d) (gcc (Alpine 13.2.1_git20231014) 13.2.1 20231014, GNU ld (GNU Binutils) 2.41) #1 SMP PREEMPT_DYNAMIC Sun Feb 11 00:06:10 UTC 2024
[    0.000000] Command line: virtme_hostname=virtme-ng virtme_link_mods=/nipa-data/kernel/.virtme_mods/lib/modules/0.0.0 virtme_initmount0=nipa-data/kernel virtme_rw_overlay0=/etc virtme_rw_overlay1=/lib virtme_rw_overlay2=/home virtme_rw_overlay3=/opt virtme_rw_overlay4=/srv virtme_rw_overlay5=/usr virtme_rw_overlay6=/var earlyprintk=serial,ttyS0,115200 console=ttyS0 psmouse.proto=exps TERM=xterm virtme_chdir=nipa-data/kernel virtme_root_user=1 rootfstype=9p rootflags=version=9p2000.L,trans=virtio,access=any raid=noautodetect ro init=/usr/lib/python3.11/site-packages/virtme/guest/virtme-init
[    0.000000] BIOS-provided physical RAM map:
[    0.000000] BIOS-e820: [mem 0x0000000000000000-0x000000000009fbff] usable
[    0.000000] BIOS-e820: [mem 0x000000000009fc00-0x000000000009ffff] reserved
[    0.000000] BIOS-e820: [mem 0x00000000000f0000-0x00000000000fffff] reserved
[    0.000000] BIOS-e820: [mem 0x0000000000100000-0x000000003ffdffff] usable
[    0.000000] BIOS-e820: [mem 0x000000003ffe0000-0x000000003fffffff] reserved
[    0.000000] BIOS-e820: [mem 0x00000000feffc000-0x00000000feffffff] reserved
[    0.000000] BIOS-e820: [mem 0x00000000fffc0000-0x00000000ffffffff] reserved
[    0.000000] BIOS-e820: [mem 0x000000fd00000000-0x000000ffffffffff] reserved
[    0.000000] printk: legacy bootconsole [earlyser0] enabled
[    0.000000] NX (Execute Disable) protection: active
[    0.000000] APIC: Static calls initialized
[    0.000000] SMBIOS 3.0.0 present.
[    0.000000] DMI: QEMU Standard PC (i440FX + PIIX, 1996), BIOS rel-1.16.3-0-ga6ed6b701f0a-prebuilt.qemu.org 04/01/2014
[    0.000000] Hypervisor detected: KVM
[    0.000000] kvm-clock: Using msrs 4b564d01 and 4b564d00
[    0.000000] kvm-clock: using sched offset of 230175541 cycles
[    0.000392] clocksource: kvm-clock: mask: 0xffffffffffffffff max_cycles: 0x1cd42e4dffb, max_idle_ns: 881590591483 ns
[    0.001583] tsc: Detected 4491.536 MHz processor
[    0.002179] last_pfn = 0x3ffe0 max_arch_pfn = 0x400000000
[    0.002599] MTRR map: 4 entries (3 fixed + 1 variable; max 19), built from 8 variable MTRRs
[    0.003213] x86/PAT: Configuration [0-7]: WB  WC  UC- UC  WB  WP  UC- WT  
Memory KASLR using RDRAND RDTSC...
[    0.005264] found SMP MP-table at [mem 0x000f5470-0x000f547f]
[    0.005690] Using GB pages for direct mapping
[    0.006074] ACPI: Early table checksum verification disabled
[    0.006488] ACPI: RSDP 0x00000000000F5290 000014 (v00 BOCHS )
[    0.006909] ACPI: RSDT 0x000000003FFE27B6 000034 (v01 BOCHS  BXPC     00000001 BXPC 00000001)
[    0.007540] ACPI: FACP 0x000000003FFE2572 000074 (v01 BOCHS  BXPC     00000001 BXPC 00000001)
[    0.008166] ACPI: DSDT 0x000000003FFE0040 002532 (v01 BOCHS  BXPC     00000001 BXPC 00000001)
[    0.008787] ACPI: FACS 0x000000003FFE0000 000040
[    0.009124] ACPI: APIC 0x000000003FFE25E6 000170 (v03 BOCHS  BXPC     00000001 BXPC 00000001)
[    0.009764] ACPI: HPET 0x000000003FFE2756 000038 (v01 BOCHS  BXPC     00000001 BXPC 00000001)
[    0.010392] ACPI: WAET 0x000000003FFE278E 000028 (v01 BOCHS  BXPC     00000001 BXPC 00000001)
[    0.011024] ACPI: Reserving FACP table memory at [mem 0x3ffe2572-0x3ffe25e5]
[    0.011553] ACPI: Reserving DSDT table memory at [mem 0x3ffe0040-0x3ffe2571]
[    0.012067] ACPI: Reserving FACS table memory at [mem 0x3ffe0000-0x3ffe003f]
[    0.012631] ACPI: Reserving APIC table memory at [mem 0x3ffe25e6-0x3ffe2755]
[    0.013150] ACPI: Reserving HPET table memory at [mem 0x3ffe2756-0x3ffe278d]
[    0.013667] ACPI: Reserving WAET table memory at [mem 0x3ffe278e-0x3ffe27b5]
[    0.014317] No NUMA configuration found
[    0.014605] Faking a node at [mem 0x0000000000000000-0x000000003ffdffff]
[    0.015104] NODE_DATA(0) allocated [mem 0x3ffdb000-0x3ffdffff]
[    0.015551] Zone ranges:
[    0.015747]   DMA      [mem 0x0000000000001000-0x0000000000ffffff]
[    0.016197]   DMA32    [mem 0x0000000001000000-0x000000003ffdffff]
[    0.016653]   Normal   empty
[    0.016868]   Device   empty
[    0.017077] Movable zone start for each node
[    0.017398] Early memory node ranges
[    0.017658]   node   0: [mem 0x0000000000001000-0x000000000009efff]
[    0.018120]   node   0: [mem 0x0000000000100000-0x000000003ffdffff]
[    0.018588] Initmem setup node 0 [mem 0x0000000000001000-0x000000003ffdffff]
[    0.019119] On node 0, zone DMA: 1 pages in unavailable ranges
[    0.019572] On node 0, zone DMA: 97 pages in unavailable ranges
[    0.020981] On node 0, zone DMA32: 32 pages in unavailable ranges
[    0.021626] ACPI: PM-Timer IO Port: 0x608
[    0.021929] ACPI: LAPIC_NMI (acpi_id[0xff] dfl dfl lint[0x1])
[    0.022383] IOAPIC[0]: apic_id 0, version 17, address 0xfec00000, GSI 0-23
[    0.022895] ACPI: INT_SRC_OVR (bus 0 bus_irq 0 global_irq 2 dfl dfl)
[    0.023364] ACPI: INT_SRC_OVR (bus 0 bus_irq 5 global_irq 5 high level)
[    0.023867] ACPI: INT_SRC_OVR (bus 0 bus_irq 9 global_irq 9 high level)
[    0.024351] ACPI: INT_SRC_OVR (bus 0 bus_irq 10 global_irq 10 high level)
[    0.024858] ACPI: INT_SRC_OVR (bus 0 bus_irq 11 global_irq 11 high level)
[    0.025356] ACPI: Using ACPI (MADT) for SMP configuration information
[    0.025849] ACPI: HPET id: 0x8086a201 base: 0xfed00000
[    0.026232] TSC deadline timer available
[    0.026526] smpboot: Allowing 32 CPUs, 0 hotplug CPUs
[    0.026959] kvm-guest: APIC: eoi() replaced with kvm_guest_apic_eoi_write()
[    0.027588] kvm-guest: KVM setup pv remote TLB flush
[    0.027981] kvm-guest: setup PV sched yield
[    0.028293] PM: hibernation: Registered nosave memory: [mem 0x00000000-0x00000fff]
[    0.028861] PM: hibernation: Registered nosave memory: [mem 0x0009f000-0x0009ffff]
[    0.029417] PM: hibernation: Registered nosave memory: [mem 0x000a0000-0x000effff]
[    0.029980] PM: hibernation: Registered nosave memory: [mem 0x000f0000-0x000fffff]
[    0.030536] [mem 0x40000000-0xfeffbfff] available for PCI devices
[    0.030991] Booting paravirtualized kernel on KVM
[    0.031343] clocksource: refined-jiffies: mask: 0xffffffff max_cycles: 0xffffffff, max_idle_ns: 1910969940391419 ns
[    0.035076] setup_percpu: NR_CPUS:64 nr_cpumask_bits:32 nr_cpu_ids:32 nr_node_ids:1
[    0.036531] percpu: Embedded 58 pages/cpu s199840 r8192 d29536 u262144
[    0.037061] Kernel command line: virtme_hostname=virtme-ng virtme_link_mods=/nipa-data/kernel/.virtme_mods/lib/modules/0.0.0 virtme_initmount0=nipa-data/kernel virtme_rw_overlay0=/etc virtme_rw_overlay1=/lib virtme_rw_overlay2=/home virtme_rw_overlay3=/opt virtme_rw_overlay4=/srv virtme_rw_overlay5=/usr virtme_rw_overlay6=/var earlyprintk=serial,ttyS0,115200 console=ttyS0 psmouse.proto=exps TERM=xterm virtme_chdir=nipa-data/kernel virtme_root_user=1 rootfstype=9p rootflags=version=9p2000.L,trans=virtio,access=any raid=noautodetect ro init=/usr/lib/python3.11/site-packages/virtme/guest/virtme-init
[    0.041175] Unknown kernel command line parameters "virtme_hostname=virtme-ng virtme_link_mods=/nipa-data/kernel/.virtme_mods/lib/modules/0.0.0 virtme_initmount0=nipa-data/kernel virtme_rw_overlay0=/etc virtme_rw_overlay1=/lib virtme_rw_overlay2=/home virtme_rw_overlay3=/opt virtme_rw_overlay4=/srv virtme_rw_overlay5=/usr virtme_rw_overlay6=/var virtme_chdir=nipa-data/kernel virtme_root_user=1", will be passed to user space.
[    0.044277] random: crng init done
[    0.044566] Dentry cache hash table entries: 131072 (order: 8, 1048576 bytes, linear)
[    0.045194] Inode-cache hash table entries: 65536 (order: 7, 524288 bytes, linear)
[    0.045876] Fallback order for Node 0: 0 
[    0.045879] Built 1 zonelists, mobility grouping on.  Total pages: 257760
[    0.046704] Policy zone: DMA32
[    0.046936] mem auto-init: stack:all(zero), heap alloc:off, heap free:off
[    0.048903] Memory: 976388K/1048056K available (16384K kernel code, 2558K rwdata, 6072K rodata, 3156K init, 12004K bss, 71408K reserved, 0K cma-reserved)
[    0.050077] SLUB: HWalign=64, Order=0-3, MinObjects=0, CPUs=32, Nodes=1
Poking KASLR using RDRAND RDTSC...
[    0.051020] ftrace: allocating 46554 entries in 182 pages
[    0.058093] ftrace: allocated 182 pages with 5 groups
[    0.059281] Dynamic Preempt: voluntary
[    0.059757] Running RCU self tests
[    0.060018] Running RCU synchronous self tests
[    0.060361] rcu: Preemptible hierarchical RCU implementation.
[    0.060803] rcu: RCU event tracing is enabled.
[    0.061144] rcu: RCU lockdep checking is enabled.
[    0.061505] rcu: RCU restricting CPUs from NR_CPUS=64 to nr_cpu_ids=32.
[    0.062018] Trampoline variant of Tasks RCU enabled.
[    0.062398] Rude variant of Tasks RCU enabled.
[    0.062744] Tracing variant of Tasks RCU enabled.
[    0.063109] rcu: RCU calculated value of scheduler-enlistment delay is 100 jiffies.
[    0.063696] rcu: Adjusting geometry for rcu_fanout_leaf=16, nr_cpu_ids=32
[    0.064241] Running RCU synchronous self tests
[    0.066165] NR_IRQS: 4352, nr_irqs: 680, preallocated irqs: 16
[    0.066802] rcu: srcu_init: Setting srcu_struct sizes based on contention.
[    0.067527] Console: colour *CGA 80x25
[    0.067845] printk: legacy console [ttyS0] enabled
[    0.067845] printk: legacy console [ttyS0] enabled
[    0.068571] printk: legacy bootconsole [earlyser0] disabled
[    0.068571] printk: legacy bootconsole [earlyser0] disabled
[    0.069434] Lock dependency validator: Copyright (c) 2006 Red Hat, Inc., Ingo Molnar
[    0.070033] ... MAX_LOCKDEP_SUBCLASSES:  8
[    0.070347] ... MAX_LOCK_DEPTH:          48
[    0.070667] ... MAX_LOCKDEP_KEYS:        8192
[    0.071004] ... CLASSHASH_SIZE:          4096
[    0.071340] ... MAX_LOCKDEP_ENTRIES:     32768
[    0.071683] ... MAX_LOCKDEP_CHAINS:      65536
[    0.072027] ... CHAINHASH_SIZE:          32768
[    0.072367]  memory used by lock dependency info: 6429 kB
[    0.072791]  memory used for stack traces: 4224 kB
[    0.073157]  per task-struct memory footprint: 1920 bytes
[    0.073584] ACPI: Core revision 20230628
[    0.074004] clocksource: hpet: mask: 0xffffffff max_cycles: 0xffffffff, max_idle_ns: 19112604467 ns
[    0.074814] APIC: Switch to symmetric I/O mode setup
[    0.075212] APIC: Switched APIC routing to: physical flat
[    0.075630] kvm-guest: APIC: send_IPI_mask() replaced with kvm_send_ipi_mask()
[    0.076187] kvm-guest: APIC: send_IPI_mask_allbutself() replaced with kvm_send_ipi_mask_allbutself()
[    0.076900] kvm-guest: setup PV IPIs
[    0.078028] ..TIMER: vector=0x30 apic1=0 pin1=2 apic2=-1 pin2=-1
[    0.078867] tsc: Marking TSC unstable due to TSCs unsynchronized
[    0.079687] Calibrating delay loop (skipped) preset value.. 8983.07 BogoMIPS (lpj=4491536)
[    0.080741] x86/cpu: User Mode Instruction Prevention (UMIP) activated
[    0.081738] Last level iTLB entries: 4KB 512, 2MB 255, 4MB 127
[    0.082523] Last level dTLB entries: 4KB 512, 2MB 255, 4MB 127, 1GB 0
[    0.082684] Spectre V1 : Mitigation: usercopy/swapgs barriers and __user pointer sanitization
[    0.083684] Spectre V2 : Mitigation: Enhanced / Automatic IBRS
[    0.084680] Spectre V2 : Spectre v2 / SpectreRSB mitigation: Filling RSB on context switch
[    0.085682] Spectre V2 : mitigation: Enabling conditional Indirect Branch Prediction Barrier
[    0.086682] Speculative Store Bypass: Mitigation: Speculative Store Bypass disabled via prctl
[    0.087681] Speculative Return Stack Overflow: IBPB-extending microcode not applied!
[    0.088680] Speculative Return Stack Overflow: WARNING: See https://kernel.org/doc/html/latest/admin-guide/hw-vuln/srso.html for mitigation options.
[    0.088681] Speculative Return Stack Overflow: Vulnerable: Safe RET, no microcode
[    0.090700] x86/fpu: Supporting XSAVE feature 0x001: 'x87 floating point registers'
[    0.091680] x86/fpu: Supporting XSAVE feature 0x002: 'SSE registers'
[    0.092680] x86/fpu: Supporting XSAVE feature 0x004: 'AVX registers'
[    0.093522] x86/fpu: Supporting XSAVE feature 0x020: 'AVX-512 opmask'
[    0.093680] x86/fpu: Supporting XSAVE feature 0x040: 'AVX-512 Hi256'
[    0.094680] x86/fpu: Supporting XSAVE feature 0x080: 'AVX-512 ZMM_Hi256'
[    0.095681] x86/fpu: Supporting XSAVE feature 0x200: 'Protection Keys User registers'
[    0.096682] x86/fpu: xstate_offset[2]:  576, xstate_sizes[2]:  256
[    0.097681] x86/fpu: xstate_offset[5]:  832, xstate_sizes[5]:   64
[    0.098681] x86/fpu: xstate_offset[6]:  896, xstate_sizes[6]:  512
[    0.099681] x86/fpu: xstate_offset[7]: 1408, xstate_sizes[7]: 1024
[    0.100681] x86/fpu: xstate_offset[9]: 2432, xstate_sizes[9]:    8
[    0.101681] x86/fpu: Enabled xstate features 0x2e7, context size is 2440 bytes, using 'compacted' format.
[    0.121561] Freeing SMP alternatives memory: 36K
[    0.121682] pid_max: default: 32768 minimum: 301
[    0.122765] Mount-cache hash table entries: 2048 (order: 2, 16384 bytes, linear)
[    0.123683] Mountpoint-cache hash table entries: 2048 (order: 2, 16384 bytes, linear)
[    0.125224] Running RCU synchronous self tests
[    0.125683] Running RCU synchronous self tests
[    0.126815] smpboot: CPU0: AMD Ryzen 9 7950X 16-Core Processor (family: 0x19, model: 0x61, stepping: 0x2)
[    0.128051] RCU Tasks: Setting shift to 5 and lim to 1 rcu_task_cb_adjust=1.
[    0.128714] RCU Tasks Rude: Setting shift to 5 and lim to 1 rcu_task_cb_adjust=1.
[    0.129713] RCU Tasks Trace: Setting shift to 5 and lim to 1 rcu_task_cb_adjust=1.
[    0.130712] Running RCU Tasks wait API self tests
[    0.236752] Running RCU Tasks Rude wait API self tests
[    0.237526] Running RCU Tasks Trace wait API self tests
[    0.237735] Performance Events: Fam17h+ core perfctr, AMD PMU driver.
[    0.238634] ... version:                0
[    0.238684] ... bit width:              48
[    0.239222] ... generic registers:      6
[    0.239683] ... value mask:             0000ffffffffffff
[    0.240383] ... max period:             00007fffffffffff
[    0.240683] ... fixed-purpose events:   0
[    0.241213] ... event mask:             000000000000003f
[    0.241872] signal: max sigframe size: 3376
[    0.242509] rcu: Hierarchical SRCU implementation.
[    0.242684] rcu: Max phase no-delay instances is 400.
[    0.245079] Callback from call_rcu_tasks_trace() invoked.
[    0.247506] smp: Bringing up secondary CPUs ...
[    0.247974] smpboot: x86: Booting SMP configuration:
[    0.248640] .... node  #0, CPUs:        #1  #2  #3  #4  #5  #6  #7  #8  #9 #10 #11 #12 #13 #14 #15 #16 #17 #18 #19 #20 #21 #22 #23 #24 #25 #26 #27 #28 #29 #30 #31
[    0.274907] smp: Brought up 1 node, 32 CPUs
[    0.276269] smpboot: Max logical packages: 1
[    0.276688] smpboot: Total of 32 processors activated (287458.30 BogoMIPS)
[    0.281924] devtmpfs: initialized
[    0.282784] x86/mm: Memory block size: 128MB
[    0.285842] Running RCU synchronous self tests
[    0.286458] Running RCU synchronous self tests
[    0.286781] clocksource: jiffies: mask: 0xffffffff max_cycles: 0xffffffff, max_idle_ns: 1911260446275000 ns
[    0.287689] futex hash table entries: 8192 (order: 8, 1048576 bytes, linear)
[    0.289135] PM: RTC time: 00:06:44, date: 2024-02-11
[    0.290337] NET: Registered PF_NETLINK/PF_ROUTE protocol family
[    0.291321] thermal_sys: Registered thermal governor 'step_wise'
[    0.291324] thermal_sys: Registered thermal governor 'user_space'
[    0.291737] cpuidle: using governor menu
[    0.294096] PCI: Using configuration type 1 for base access
[    0.294683] PCI: Using configuration type 1 for extended access
[    0.295591] kprobes: kprobe jump-optimization is enabled. All kprobes are optimized if possible.
[    0.311053] HugeTLB: registered 1.00 GiB page size, pre-allocated 0 pages
[    0.311685] HugeTLB: 16380 KiB vmemmap can be freed for a 1.00 GiB page
[    0.312657] HugeTLB: registered 2.00 MiB page size, pre-allocated 0 pages
[    0.312684] HugeTLB: 28 KiB vmemmap can be freed for a 2.00 MiB page
[    0.313887] ACPI: Added _OSI(Module Device)
[    0.314471] ACPI: Added _OSI(Processor Device)
[    0.314686] ACPI: Added _OSI(3.0 _SCP Extensions)
[    0.315319] ACPI: Added _OSI(Processor Aggregator Device)
[    0.318191] ACPI: 1 ACPI AML tables successfully acquired and loaded
[    0.319773] ACPI: _OSC evaluation for CPUs failed, trying _PDC
[    0.321208] ACPI: Interpreter enabled
[    0.321725] ACPI: PM: (supports S0 S3 S4 S5)
[    0.322296] ACPI: Using IOAPIC for interrupt routing
[    0.322704] PCI: Using host bridge windows from ACPI; if necessary, use "pci=nocrs" and report a bug
[    0.323683] PCI: Using E820 reservations for host bridge windows
[    0.324790] ACPI: Enabled 2 GPEs in block 00 to 0F
[    0.334819] ACPI: PCI Root Bridge [PCI0] (domain 0000 [bus 00-ff])
[    0.335666] acpi PNP0A03:00: _OSC: OS supports [ExtendedConfig ASPM ClockPM Segments MSI HPX-Type3]
[    0.336203] PCI host bridge to bus 0000:00
[    0.336684] pci_bus 0000:00: root bus resource [io  0x0000-0x0cf7 window]
[    0.337590] pci_bus 0000:00: root bus resource [io  0x0d00-0xffff window]
[    0.337685] pci_bus 0000:00: root bus resource [mem 0x000a0000-0x000bffff window]
[    0.338684] pci_bus 0000:00: root bus resource [mem 0x40000000-0xfebfffff window]
[    0.339684] pci_bus 0000:00: root bus resource [mem 0x100000000-0x17fffffff window]
[    0.341560] pci_bus 0000:00: root bus resource [bus 00-ff]
[    0.342895] pci 0000:00:00.0: [8086:1237] type 00 class 0x060000 conventional PCI endpoint
[    0.344345] pci 0000:00:01.0: [8086:7000] type 00 class 0x060100 conventional PCI endpoint
[    0.346703] Callback from call_rcu_tasks_rude() invoked.
[    0.346359] pci 0000:00:01.1: [8086:7010] type 00 class 0x010180 conventional PCI endpoint
[    0.352003] pci 0000:00:01.1: BAR 4 [io  0xc080-0xc08f]
[    0.353699] pci 0000:00:01.1: BAR 0 [io  0x01f0-0x01f7]: legacy IDE quirk
[    0.354684] pci 0000:00:01.1: BAR 1 [io  0x03f6]: legacy IDE quirk
[    0.355684] pci 0000:00:01.1: BAR 2 [io  0x0170-0x0177]: legacy IDE quirk
[    0.357684] pci 0000:00:01.1: BAR 3 [io  0x0376]: legacy IDE quirk
[    0.358921] pci 0000:00:01.3: [8086:7113] type 00 class 0x068000 conventional PCI endpoint
[    0.360999] pci 0000:00:01.3: quirk: [io  0x0600-0x063f] claimed by PIIX4 ACPI
[    0.361689] pci 0000:00:01.3: quirk: [io  0x0700-0x070f] claimed by PIIX4 SMB
[    0.364014] pci 0000:00:02.0: [1af4:1009] type 00 class 0x000200 conventional PCI endpoint
[    0.366684] pci 0000:00:02.0: BAR 0 [io  0xc000-0xc03f]
[    0.369608] pci 0000:00:02.0: BAR 1 [mem 0xfebfd000-0xfebfdfff]
[    0.375686] pci 0000:00:02.0: BAR 4 [mem 0xfebf4000-0xfebf7fff 64bit pref]
[    0.381058] pci 0000:00:03.0: [1af4:1009] type 00 class 0x000200 conventional PCI endpoint
[    0.383684] pci 0000:00:03.0: BAR 0 [io  0xc040-0xc07f]
[    0.386570] pci 0000:00:03.0: BAR 1 [mem 0xfebfe000-0xfebfefff]
[    0.393622] pci 0000:00:03.0: BAR 4 [mem 0xfebf8000-0xfebfbfff 64bit pref]
[    0.398122] pci 0000:00:04.0: [8086:25ab] type 00 class 0x088000 conventional PCI endpoint
[    0.400222] pci 0000:00:04.0: BAR 0 [mem 0xfebff000-0xfebff00f]
[    0.406348] ACPI: PCI: Interrupt link LNKA configured for IRQ 10
[    0.407856] ACPI: PCI: Interrupt link LNKB configured for IRQ 10
[    0.408763] ACPI: PCI: Interrupt link LNKC configured for IRQ 11
[    0.409719] ACPI: PCI: Interrupt link LNKD configured for IRQ 11
[    0.410782] ACPI: PCI: Interrupt link LNKS configured for IRQ 9
[    0.413992] iommu: Default domain type: Translated
[    0.414630] iommu: DMA domain TLB invalidation policy: lazy mode
[    0.415974] SCSI subsystem initialized
[    0.416725] pps_core: LinuxPPS API ver. 1 registered
[    0.417362] pps_core: Software ver. 5.3.6 - Copyright 2005-2007 Rodolfo Giometti <giometti@linux.it>
[    0.418688] PTP clock support registered
[    0.419242] Advanced Linux Sound Architecture Driver Initialized.
[    0.420282] NET: Registered PF_ATMPVC protocol family
[    0.421684] NET: Registered PF_ATMSVC protocol family
[    0.422349] PCI: Using ACPI for IRQ routing
[    0.422843] vgaarb: loaded
[    0.423762] hpet0: at MMIO 0xfed00000, IRQs 2, 8, 0
[    0.423767] hpet0: 3 comparators, 64-bit 100.000000 MHz counter
[    0.429394] clocksource: Switched to clocksource kvm-clock
[    0.430963] VFS: Disk quotas dquot_6.6.0
[    0.431670] VFS: Dquot-cache hash table entries: 512 (order 0, 4096 bytes)
[    0.433010] pnp: PnP ACPI init
[    0.434215] pnp: PnP ACPI: found 5 devices
[    0.443924] clocksource: acpi_pm: mask: 0xffffff max_cycles: 0xffffff, max_idle_ns: 2085701024 ns
[    0.445136] Callback from call_rcu_tasks() invoked.
[    0.445173] NET: Registered PF_INET protocol family
[    0.446507] IP idents hash table entries: 16384 (order: 5, 131072 bytes, linear)
[    0.447754] tcp_listen_portaddr_hash hash table entries: 512 (order: 3, 36864 bytes, linear)
[    0.448879] Table-perturb hash table entries: 65536 (order: 6, 262144 bytes, linear)
[    0.449920] TCP established hash table entries: 8192 (order: 4, 65536 bytes, linear)
[    0.450977] TCP bind hash table entries: 8192 (order: 8, 1179648 bytes, linear)
[    0.452323] TCP: Hash tables configured (established 8192 bind 8192)
[    0.453273] UDP hash table entries: 512 (order: 4, 81920 bytes, linear)
[    0.454180] UDP-Lite hash table entries: 512 (order: 4, 81920 bytes, linear)
[    0.455247] NET: Registered PF_UNIX/PF_LOCAL protocol family
[    0.456010] pci_bus 0000:00: resource 4 [io  0x0000-0x0cf7 window]
[    0.456823] pci_bus 0000:00: resource 5 [io  0x0d00-0xffff window]
[    0.457631] pci_bus 0000:00: resource 6 [mem 0x000a0000-0x000bffff window]
[    0.458531] pci_bus 0000:00: resource 7 [mem 0x40000000-0xfebfffff window]
[    0.459429] pci_bus 0000:00: resource 8 [mem 0x100000000-0x17fffffff window]
[    0.460424] pci 0000:00:01.0: PIIX3: Enabling Passive Release
[    0.461202] pci 0000:00:00.0: Limiting direct PCI/PCI transfers
[    0.462014] PCI: CLS 0 bytes, default 64
[    0.462587] kvm_intel: VMX not supported by CPU 1
[    0.463547] kvm_amd: TSC scaling supported
[    0.464093] kvm_amd: Nested Virtualization enabled
[    0.464735] kvm_amd: Nested Paging enabled
[    0.465286] kvm_amd: Virtual VMLOAD VMSAVE supported
[    0.465940] kvm_amd: Virtual GIF supported
[    0.466480] kvm_amd: Virtual NMI enabled
[    0.466993] kvm_amd: LBR virtualization supported
[    0.573234] workingset: timestamp_bits=56 max_order=18 bucket_order=0
[    0.574241] squashfs: version 4.0 (2009/01/31) Phillip Lougher
[    0.575048] fuse: init (API version 7.39)
[    0.575678] 9p: Installing v9fs 9p2000 file system support
[    0.576525] Key type asymmetric registered
[    0.577106] Block layer SCSI generic (bsg) driver version 0.4 loaded (major 249)
[    0.578170] io scheduler mq-deadline registered
[    0.578781] io scheduler kyber registered
[    0.580762] input: Power Button as /devices/LNXSYSTM:00/LNXPWRBN:00/input/input0
[    0.581986] ACPI: button: Power Button [PWRF]
[    0.582681] Warning: Processor Platform Limit event detected, but not handled.
[    0.583642] Consider compiling CPUfreq support into your kernel.
[    0.657769] ACPI: \_SB_.LNKB: Enabled at IRQ 10
[    0.731198] ACPI: \_SB_.LNKC: Enabled at IRQ 11
[    0.732691] Serial: 8250/16550 driver, 4 ports, IRQ sharing enabled
[    0.733910] 00:03: ttyS0 at I/O 0x3f8 (irq = 4, base_baud = 115200) is a 16550A
[    0.735914] Non-volatile memory driver v1.3
[    0.736474] Linux agpgart interface v0.103
[    0.737157] ACPI: bus type drm_connector registered
[    0.750102] loop: module loaded
[    0.751893] scsi host0: ata_piix
[    0.752642] scsi host1: ata_piix
[    0.753130] ata1: PATA max MWDMA2 cmd 0x1f0 ctl 0x3f6 bmdma 0xc080 irq 14 lpm-pol 0
[    0.754139] ata2: PATA max MWDMA2 cmd 0x170 ctl 0x376 bmdma 0xc088 irq 15 lpm-pol 0
[    0.755991] i8042: PNP: PS/2 Controller [PNP0303:KBD,PNP0f13:MOU] at 0x60,0x64 irq 1,12
[    0.757711] serio: i8042 KBD port at 0x60,0x64 irq 1
[    0.758393] serio: i8042 AUX port at 0x60,0x64 irq 12
[    0.759582] rtc_cmos 00:04: RTC can wake from S4
[    0.760652] input: AT Translated Set 2 keyboard as /devices/platform/i8042/serio0/input/input1
[    0.762460] rtc_cmos 00:04: registered as rtc0
[    0.763100] rtc_cmos 00:04: setting system clock to 2024-02-11T00:06:44 UTC (1707610004)
[    0.764233] rtc_cmos 00:04: alarms up to one day, y3k, 242 bytes nvram, hpet irqs
[    0.766048] i6300ESB timer 0000:00:04.0: initialized. heartbeat=30 sec (nowayout=0)
[    0.767205] device-mapper: ioctl: 4.48.0-ioctl (2023-03-01) initialised: dm-devel@redhat.com
[    0.769071] NET: Registered PF_PACKET protocol family
[    0.769738] 9pnet: Installing 9P2000 support
[    0.771353] Key type dns_resolver registered
[    0.772970] input: ImExPS/2 Generic Explorer Mouse as /devices/platform/i8042/serio1/input/input3
[    0.776892] IPI shorthand broadcast: enabled
[    0.785326] sched_clock: Marking stable (775002196, 9346781)->(818739255, -34390278)
[    0.786614] registered taskstats version 1
[    0.791880] PM:   Magic number: 12:860:101
[    0.792500] printk: legacy console [netcon0] enabled
[    0.793149] netconsole: network logging started
[    0.793889] ALSA device list:
[    0.794316]   No soundcards found.
[    0.908545] ata2: found unknown device (class 0)
[    0.909975] ata2.00: ATAPI: QEMU DVD-ROM, 2.5+, max UDMA/100
[    0.912473] scsi 1:0:0:0: CD-ROM            QEMU     QEMU DVD-ROM     2.5+ PQ: 0 ANSI: 5
[    0.921205] scsi 1:0:0:0: Attached scsi generic sg0 type 5
[    0.922093] md: Skipping autodetection of RAID arrays. (raid=autodetect will force)
[    0.923034] 9pnet_virtio: no channels available for device 
[    0.924368] VFS: Mounted root (9p filesystem) readonly on device 0:19.
[    0.925399] devtmpfs: mounted
[    0.927331] Freeing unused kernel image (initmem) memory: 3156K
[    0.935369] Write protecting the kernel read-only data: 22528k
[    0.936487] Freeing unused kernel image (rodata/data gap) memory: 72K
[    0.965934] x86/mm: Checked W+X mappings: passed, no W+X pages found.
[    0.966673] Run /usr/lib/python3.11/site-packages/virtme/guest/virtme-init as init process
[    0.994555] mount (266) used greatest stack depth: 12984 bytes left
[    1.065970] mount (284) used greatest stack depth: 12584 bytes left
[    1.118080] virtme-init (316) used greatest stack depth: 12568 bytes left
[    1.121309] virtme-init (312) used greatest stack depth: 12424 bytes left
[    1.156140] virtme-init: basic initialization done
[    1.161771] virtme-init: udevd not found
[    1.218995] virtme-init: Setting hostname to virtme-ng...
[    1.232076] ip (358) used greatest stack depth: 12056 bytes left
          _      _                                    
   __   _(_)_ __| |_ _ __ ___   ___       _ __   __ _ 
   \ \ / / |  __| __|  _   _ \ / _ \_____|  _ \ / _  |
    \ V /| | |  | |_| | | | | |  __/_____| | | | (_| |
     \_/ |_|_|   \__|_| |_| |_|\___|     |_| |_|\__  |
                                                |___/ 
   kernel version: 6.8.0-rc3-virtme x86_64

virtme-ng:/nipa-data/kernel# PS1='xx__-> '
xx__-> env
PWD=/nipa-data/kernel
HOME=/
TERM=xterm
SHLVL=2
XDG_RUNTIME_DIR=/run/user/0
PATH=/bin:/sbin:/usr/bin:/usr/sbin:/usr/local/bin
OLDPWD=/
_=/usr/bin/env
xx__-> 