No EFI environment detected.
early console in extract_kernel
input_data: 0x0000000002be82c4
input_len: 0x0000000000b3a7b1
output: 0x0000000001000000
output_len: 0x00000000026db454
kernel_total_size: 0x0000000002430000
needed_size: 0x0000000002800000
trampoline_32bit: 0x0000000000000000
Physical KASLR using RDRAND RDTSC...
Virtual KASLR using RDRAND RDTSC...

Decompressing Linux... Parsing ELF... Performing relocations... done.
Booting the kernel (entry_offset: 0x0000000000000000).
[    0.000000] Linux version 6.9.0-virtme (root@320e925a89fd) (gcc (Alpine 13.2.1_git20240309) 13.2.1 20240309, GNU ld (GNU Binutils) 2.42) #1 SMP PREEMPT_DYNAMIC Mon May 20 09:06:12 UTC 2024
[    0.000000] Command line: virtme_hostname=virtme-ng nr_open=1048576 virtme_link_mods=/nipa-data/kernel/.virtme_mods/lib/modules/0.0.0 virtme_initmount0=nipa-data/kernel virtme_rw_overlay0=/etc virtme_rw_overlay1=/lib virtme_rw_overlay2=/home virtme_rw_overlay3=/opt virtme_rw_overlay4=/srv virtme_rw_overlay5=/usr virtme_rw_overlay6=/var console=hvc0 earlyprintk=serial,ttyS0,115200 virtme_console=ttyS0 psmouse.proto=exps TERM=xterm virtme_chdir=nipa-data/kernel virtme_root_user=1 rootfstype=9p rootflags=version=9p2000.L,trans=virtio,access=any raid=noautodetect ro init=/usr/lib/python3.12/site-packages/virtme/guest/virtme-init
[    0.000000] BIOS-provided physical RAM map:
[    0.000000] BIOS-e820: [mem 0x0000000000000000-0x000000000009fbff] usable
[    0.000000] BIOS-e820: [mem 0x000000000009fc00-0x000000000009ffff] reserved
[    0.000000] BIOS-e820: [mem 0x00000000000f0000-0x00000000000fffff] reserved
[    0.000000] BIOS-e820: [mem 0x0000000000100000-0x000000003ffdffff] usable
[    0.000000] BIOS-e820: [mem 0x000000003ffe0000-0x000000003fffffff] reserved
[    0.000000] BIOS-e820: [mem 0x00000000feffc000-0x00000000feffffff] reserved
[    0.000000] BIOS-e820: [mem 0x00000000fffc0000-0x00000000ffffffff] reserved
[    0.000000] BIOS-e820: [mem 0x000000fd00000000-0x000000ffffffffff] reserved
[    0.000000] printk: legacy bootconsole [earlyser0] enabled
[    0.000000] NX (Execute Disable) protection: active
[    0.000000] APIC: Static calls initialized
[    0.000000] SMBIOS 2.8 present.
[    0.000000] DMI: QEMU Standard PC (i440FX + PIIX, 1996), BIOS rel-1.16.3-0-ga6ed6b701f0a-prebuilt.qemu.org 04/01/2014
[    0.000000] Hypervisor detected: KVM
[    0.000000] kvm-clock: Using msrs 4b564d01 and 4b564d00
[    0.000000] kvm-clock: using sched offset of 250309946 cycles
[    0.000383] clocksource: kvm-clock: mask: 0xffffffffffffffff max_cycles: 0x1cd42e4dffb, max_idle_ns: 881590591483 ns
[    0.001596] tsc: Detected 4491.556 MHz processor
[    0.002193] last_pfn = 0x3ffe0 max_arch_pfn = 0x400000000
[    0.002633] MTRR map: 4 entries (3 fixed + 1 variable; max 19), built from 8 variable MTRRs
[    0.003246] x86/PAT: Configuration [0-7]: WB  WC  UC- UC  WB  WP  UC- WT  
Memory KASLR using RDRAND RDTSC...
[    0.005309] found SMP MP-table at [mem 0x000f5470-0x000f547f]
[    0.005750] Using GB pages for direct mapping
[    0.006124] ACPI: Early table checksum verification disabled
[    0.006550] ACPI: RSDP 0x00000000000F5290 000014 (v00 BOCHS )
[    0.006983] ACPI: RSDT 0x000000003FFE27BC 000034 (v01 BOCHS  BXPC     00000001 BXPC 00000001)
[    0.007620] ACPI: FACP 0x000000003FFE2578 000074 (v01 BOCHS  BXPC     00000001 BXPC 00000001)
[    0.008242] ACPI: DSDT 0x000000003FFE0040 002538 (v01 BOCHS  BXPC     00000001 BXPC 00000001)
[    0.008893] ACPI: FACS 0x000000003FFE0000 000040
[    0.009230] ACPI: APIC 0x000000003FFE25EC 000170 (v03 BOCHS  BXPC     00000001 BXPC 00000001)
[    0.009941] ACPI: HPET 0x000000003FFE275C 000038 (v01 BOCHS  BXPC     00000001 BXPC 00000001)
[    0.010705] ACPI: WAET 0x000000003FFE2794 000028 (v01 BOCHS  BXPC     00000001 BXPC 00000001)
[    0.011466] ACPI: Reserving FACP table memory at [mem 0x3ffe2578-0x3ffe25eb]
[    0.012096] ACPI: Reserving DSDT table memory at [mem 0x3ffe0040-0x3ffe2577]
[    0.012685] ACPI: Reserving FACS table memory at [mem 0x3ffe0000-0x3ffe003f]
[    0.013200] ACPI: Reserving APIC table memory at [mem 0x3ffe25ec-0x3ffe275b]
[    0.013727] ACPI: Reserving HPET table memory at [mem 0x3ffe275c-0x3ffe2793]
[    0.014241] ACPI: Reserving WAET table memory at [mem 0x3ffe2794-0x3ffe27bb]
[    0.014919] No NUMA configuration found
[    0.015200] Faking a node at [mem 0x0000000000000000-0x000000003ffdffff]
[    0.015732] NODE_DATA(0) allocated [mem 0x3ffdb000-0x3ffdffff]
[    0.016265] Zone ranges:
[    0.016495]   DMA      [mem 0x0000000000001000-0x0000000000ffffff]
[    0.017045]   DMA32    [mem 0x0000000001000000-0x000000003ffdffff]
[    0.017607]   Normal   empty
[    0.017864]   Device   empty
[    0.018120] Movable zone start for each node
[    0.018468] Early memory node ranges
[    0.018742]   node   0: [mem 0x0000000000001000-0x000000000009efff]
[    0.019201]   node   0: [mem 0x0000000000100000-0x000000003ffdffff]
[    0.019662] Initmem setup node 0 [mem 0x0000000000001000-0x000000003ffdffff]
[    0.020178] On node 0, zone DMA: 1 pages in unavailable ranges
[    0.020616] On node 0, zone DMA: 97 pages in unavailable ranges
[    0.021981] On node 0, zone DMA32: 32 pages in unavailable ranges
[    0.022634] ACPI: PM-Timer IO Port: 0x608
[    0.022929] ACPI: LAPIC_NMI (acpi_id[0xff] dfl dfl lint[0x1])
[    0.023364] IOAPIC[0]: apic_id 0, version 17, address 0xfec00000, GSI 0-23
[    0.023865] ACPI: INT_SRC_OVR (bus 0 bus_irq 0 global_irq 2 dfl dfl)
[    0.024328] ACPI: INT_SRC_OVR (bus 0 bus_irq 5 global_irq 5 high level)
[    0.024810] ACPI: INT_SRC_OVR (bus 0 bus_irq 9 global_irq 9 high level)
[    0.025292] ACPI: INT_SRC_OVR (bus 0 bus_irq 10 global_irq 10 high level)
[    0.025795] ACPI: INT_SRC_OVR (bus 0 bus_irq 11 global_irq 11 high level)
[    0.026290] ACPI: Using ACPI (MADT) for SMP configuration information
[    0.026759] ACPI: HPET id: 0x8086a201 base: 0xfed00000
[    0.027133] TSC deadline timer available
[    0.027421] CPU topo: Max. logical packages:   1
[    0.027757] CPU topo: Max. logical dies:       1
[    0.028094] CPU topo: Max. dies per package:   1
[    0.028432] CPU topo: Max. threads per core:   1
[    0.028819] CPU topo: Num. cores per package:    32
[    0.029252] CPU topo: Num. threads per package:  32
[    0.029690] CPU topo: Allowing 32 present CPUs plus 0 hotplug CPUs
[    0.030246] kvm-guest: APIC: eoi() replaced with kvm_guest_apic_eoi_write()
[    0.030871] kvm-guest: KVM setup pv remote TLB flush
[    0.031311] kvm-guest: setup PV sched yield
[    0.031686] PM: hibernation: Registered nosave memory: [mem 0x00000000-0x00000fff]
[    0.032362] PM: hibernation: Registered nosave memory: [mem 0x0009f000-0x0009ffff]
[    0.033037] PM: hibernation: Registered nosave memory: [mem 0x000a0000-0x000effff]
[    0.033725] PM: hibernation: Registered nosave memory: [mem 0x000f0000-0x000fffff]
[    0.034401] [mem 0x40000000-0xfeffbfff] available for PCI devices
[    0.034944] Booting paravirtualized kernel on KVM
[    0.035363] clocksource: refined-jiffies: mask: 0xffffffff max_cycles: 0xffffffff, max_idle_ns: 1910969940391419 ns
[    0.039241] setup_percpu: NR_CPUS:64 nr_cpumask_bits:32 nr_cpu_ids:32 nr_node_ids:1
[    0.040381] percpu: Embedded 58 pages/cpu s198952 r8192 d30424 u262144
[    0.040909] Kernel command line: virtme_hostname=virtme-ng nr_open=1048576 virtme_link_mods=/nipa-data/kernel/.virtme_mods/lib/modules/0.0.0 virtme_initmount0=nipa-data/kernel virtme_rw_overlay0=/etc virtme_rw_overlay1=/lib virtme_rw_overlay2=/home virtme_rw_overlay3=/opt virtme_rw_overlay4=/srv virtme_rw_overlay5=/usr virtme_rw_overlay6=/var console=hvc0 earlyprintk=serial,ttyS0,115200 virtme_console=ttyS0 psmouse.proto=exps TERM=xterm virtme_chdir=nipa-data/kernel virtme_root_user=1 rootfstype=9p rootflags=version=9p2000.L,trans=virtio,access=any raid=noautodetect ro init=/usr/lib/python3.12/site-packages/virtme/guest/virtme-init
[    0.045316] Unknown kernel command line parameters "virtme_hostname=virtme-ng nr_open=1048576 virtme_link_mods=/nipa-data/kernel/.virtme_mods/lib/modules/0.0.0 virtme_initmount0=nipa-data/kernel virtme_rw_overlay0=/etc virtme_rw_overlay1=/lib virtme_rw_overlay2=/home virtme_rw_overlay3=/opt virtme_rw_overlay4=/srv virtme_rw_overlay5=/usr virtme_rw_overlay6=/var virtme_console=ttyS0 virtme_chdir=nipa-data/kernel virtme_root_user=1", will be passed to user space.
[    0.048610] random: crng init done
[    0.048898] Dentry cache hash table entries: 131072 (order: 8, 1048576 bytes, linear)
[    0.049512] Inode-cache hash table entries: 65536 (order: 7, 524288 bytes, linear)
[    0.050181] Fallback order for Node 0: 0 
[    0.050183] Built 1 zonelists, mobility grouping on.  Total pages: 257760
[    0.051006] Policy zone: DMA32
[    0.051236] mem auto-init: stack:all(zero), heap alloc:off, heap free:off
[    0.052485] Memory: 984568K/1048056K available (16384K kernel code, 2411K rwdata, 6148K rodata, 3080K init, 2036K bss, 63228K reserved, 0K cma-reserved)
[    0.053564] SLUB: HWalign=64, Order=0-3, MinObjects=0, CPUs=32, Nodes=1
Poking KASLR using RDRAND RDTSC...
[    0.054315] ftrace: allocating 47706 entries in 187 pages
[    0.061318] ftrace: allocated 187 pages with 6 groups
[    0.062447] Dynamic Preempt: voluntary
[    0.062952] rcu: Preemptible hierarchical RCU implementation.
[    0.063444] rcu: RCU event tracing is enabled.
[    0.063796] rcu: RCU restricting CPUs from NR_CPUS=64 to nr_cpu_ids=32.
[    0.064297] Trampoline variant of Tasks RCU enabled.
[    0.064687] Rude variant of Tasks RCU enabled.
[    0.065024] Tracing variant of Tasks RCU enabled.
[    0.065382] rcu: RCU calculated value of scheduler-enlistment delay is 100 jiffies.
[    0.065966] rcu: Adjusting geometry for rcu_fanout_leaf=16, nr_cpu_ids=32
[    0.066480] RCU Tasks: Setting shift to 5 and lim to 1 rcu_task_cb_adjust=1.
[    0.067019] RCU Tasks Rude: Setting shift to 5 and lim to 1 rcu_task_cb_adjust=1.
[    0.067598] RCU Tasks Trace: Setting shift to 5 and lim to 1 rcu_task_cb_adjust=1.
[    0.069569] NR_IRQS: 4352, nr_irqs: 680, preallocated irqs: 16
[    0.070170] rcu: srcu_init: Setting srcu_struct sizes based on contention.
[    0.070829] Console: colour *CGA 80x25
[    0.071114] ACPI: Core revision 20240322
[    0.071468] clocksource: hpet: mask: 0xffffffff max_cycles: 0xffffffff, max_idle_ns: 19112604467 ns
[    0.072205] APIC: Switch to symmetric I/O mode setup
[    0.072610] APIC: Switched APIC routing to: physical flat
[    0.073008] kvm-guest: APIC: send_IPI_mask() replaced with kvm_send_ipi_mask()
[    0.073558] kvm-guest: APIC: send_IPI_mask_allbutself() replaced with kvm_send_ipi_mask_allbutself()
[    0.074242] kvm-guest: setup PV IPIs
[    0.075275] ..TIMER: vector=0x30 apic1=0 pin1=2 apic2=-1 pin2=-1
[    0.076073] tsc: Marking TSC unstable due to TSCs unsynchronized
[    0.076872] Calibrating delay loop (skipped) preset value.. 8983.11 BogoMIPS (lpj=4491556)
[    0.077931] x86/cpu: User Mode Instruction Prevention (UMIP) activated
[    0.078921] Last level iTLB entries: 4KB 512, 2MB 255, 4MB 127
[    0.079872] Last level dTLB entries: 4KB 512, 2MB 255, 4MB 127, 1GB 0
[    0.080876] Spectre V1 : Mitigation: usercopy/swapgs barriers and __user pointer sanitization
[    0.081875] Spectre V2 : Mitigation: Enhanced / Automatic IBRS
[    0.082871] Spectre V2 : Spectre v2 / SpectreRSB mitigation: Filling RSB on context switch
[    0.083873] Spectre V2 : mitigation: Enabling conditional Indirect Branch Prediction Barrier
[    0.084873] Speculative Store Bypass: Mitigation: Speculative Store Bypass disabled via prctl
[    0.085872] Speculative Return Stack Overflow: IBPB-extending microcode not applied!
[    0.086872] Speculative Return Stack Overflow: WARNING: See https://kernel.org/doc/html/latest/admin-guide/hw-vuln/srso.html for mitigation options.
[    0.086872] Speculative Return Stack Overflow: Vulnerable: Safe RET, no microcode
[    0.088886] x86/fpu: Supporting XSAVE feature 0x001: 'x87 floating point registers'
[    0.089872] x86/fpu: Supporting XSAVE feature 0x002: 'SSE registers'
[    0.090871] x86/fpu: Supporting XSAVE feature 0x004: 'AVX registers'
[    0.091872] x86/fpu: Supporting XSAVE feature 0x020: 'AVX-512 opmask'
[    0.092692] x86/fpu: Supporting XSAVE feature 0x040: 'AVX-512 Hi256'
[    0.092872] x86/fpu: Supporting XSAVE feature 0x080: 'AVX-512 ZMM_Hi256'
[    0.093872] x86/fpu: Supporting XSAVE feature 0x200: 'Protection Keys User registers'
[    0.094872] x86/fpu: xstate_offset[2]:  576, xstate_sizes[2]:  256
[    0.095872] x86/fpu: xstate_offset[5]:  832, xstate_sizes[5]:   64
[    0.096871] x86/fpu: xstate_offset[6]:  896, xstate_sizes[6]:  512
[    0.097663] x86/fpu: xstate_offset[7]: 1408, xstate_sizes[7]: 1024
[    0.097872] x86/fpu: xstate_offset[9]: 2432, xstate_sizes[9]:    8
[    0.098872] x86/fpu: Enabled xstate features 0x2e7, context size is 2440 bytes, using 'compacted' format.
[    0.114877] Freeing SMP alternatives memory: 40K
[    0.115469] pid_max: default: 32768 minimum: 301
[    0.115893] Mount-cache hash table entries: 2048 (order: 2, 16384 bytes, linear)
[    0.116872] Mountpoint-cache hash table entries: 2048 (order: 2, 16384 bytes, linear)
[    0.118014] smpboot: CPU0: AMD Ryzen 9 7950X 16-Core Processor (family: 0x19, model: 0x61, stepping: 0x2)
[    0.118979] Performance Events: Fam17h+ core perfctr, AMD PMU driver.
[    0.119818] ... version:                0
[    0.119873] ... bit width:              48
[    0.120395] ... generic registers:      6
[    0.120873] ... value mask:             0000ffffffffffff
[    0.121545] ... max period:             00007fffffffffff
[    0.121873] ... fixed-purpose events:   0
[    0.122380] ... event mask:             000000000000003f
[    0.122950] signal: max sigframe size: 3376
[    0.123494] rcu: Hierarchical SRCU implementation.
[    0.123873] rcu: Max phase no-delay instances is 400.
[    0.126676] smp: Bringing up secondary CPUs ...
[    0.126924] smpboot: x86: Booting SMP configuration:
[    0.127553] .... node  #0, CPUs:        #1  #2  #3  #4  #5  #6  #7  #8  #9 #10 #11 #12 #13 #14 #15 #16 #17 #18 #19 #20 #21 #22 #23 #24 #25 #26 #27 #28 #29 #30 #31
[    0.143066] smp: Brought up 1 node, 32 CPUs
[    0.144425] smpboot: Total of 32 processors activated (287459.58 BogoMIPS)
[    0.146929] devtmpfs: initialized
[    0.147356] x86/mm: Memory block size: 128MB
[    0.148585] clocksource: jiffies: mask: 0xffffffff max_cycles: 0xffffffff, max_idle_ns: 1911260446275000 ns
[    0.148874] futex hash table entries: 8192 (order: 7, 524288 bytes, linear)
[    0.149933] PM: RTC time: 09:06:42, date: 2024-05-20
[    0.150957] NET: Registered PF_NETLINK/PF_ROUTE protocol family
[    0.151842] thermal_sys: Registered thermal governor 'step_wise'
[    0.151843] thermal_sys: Registered thermal governor 'user_space'
[    0.151888] cpuidle: using governor menu
[    0.154012] PCI: Using configuration type 1 for base access
[    0.154727] PCI: Using configuration type 1 for extended access
[    0.154942] kprobes: kprobe jump-optimization is enabled. All kprobes are optimized if possible.
[    0.175305] HugeTLB: registered 1.00 GiB page size, pre-allocated 0 pages
[    0.175874] HugeTLB: 16380 KiB vmemmap can be freed for a 1.00 GiB page
[    0.176874] HugeTLB: registered 2.00 MiB page size, pre-allocated 0 pages
[    0.177874] HugeTLB: 28 KiB vmemmap can be freed for a 2.00 MiB page
[    0.178925] Demotion targets for Node 0: null
[    0.179692] ACPI: Added _OSI(Module Device)
[    0.179875] ACPI: Added _OSI(Processor Device)
[    0.180594] ACPI: Added _OSI(3.0 _SCP Extensions)
[    0.180874] ACPI: Added _OSI(Processor Aggregator Device)
[    0.182293] ACPI: 1 ACPI AML tables successfully acquired and loaded
[    0.183466] ACPI: _OSC evaluation for CPUs failed, trying _PDC
[    0.184009] ACPI: Interpreter enabled
[    0.184499] ACPI: PM: (supports S0 S3 S4 S5)
[    0.184873] ACPI: Using IOAPIC for interrupt routing
[    0.185530] PCI: Using host bridge windows from ACPI; if necessary, use "pci=nocrs" and report a bug
[    0.185873] PCI: Using E820 reservations for host bridge windows
[    0.186750] ACPI: Enabled 2 GPEs in block 00 to 0F
[    0.189466] ACPI: PCI Root Bridge [PCI0] (domain 0000 [bus 00-ff])
[    0.189876] acpi PNP0A03:00: _OSC: OS supports [ExtendedConfig ASPM ClockPM Segments MSI HPX-Type3]
[    0.190965] PCI host bridge to bus 0000:00
[    0.191505] pci_bus 0000:00: root bus resource [io  0x0000-0x0cf7 window]
[    0.191873] pci_bus 0000:00: root bus resource [io  0x0d00-0xffff window]
[    0.192763] pci_bus 0000:00: root bus resource [mem 0x000a0000-0x000bffff window]
[    0.192874] pci_bus 0000:00: root bus resource [mem 0x40000000-0xfebfffff window]
[    0.193874] pci_bus 0000:00: root bus resource [mem 0x100000000-0x17fffffff window]
[    0.194874] pci_bus 0000:00: root bus resource [bus 00-ff]
[    0.195692] pci 0000:00:00.0: [8086:1237] type 00 class 0x060000 conventional PCI endpoint
[    0.196128] pci 0000:00:01.0: [8086:7000] type 00 class 0x060100 conventional PCI endpoint
[    0.197204] pci 0000:00:01.1: [8086:7010] type 00 class 0x010180 conventional PCI endpoint
[    0.200358] pci 0000:00:01.1: BAR 4 [io  0xc0c0-0xc0cf]
[    0.201878] pci 0000:00:01.1: BAR 0 [io  0x01f0-0x01f7]: legacy IDE quirk
[    0.202777] pci 0000:00:01.1: BAR 1 [io  0x03f6]: legacy IDE quirk
[    0.202874] pci 0000:00:01.1: BAR 2 [io  0x0170-0x0177]: legacy IDE quirk
[    0.203759] pci 0000:00:01.1: BAR 3 [io  0x0376]: legacy IDE quirk
[    0.203985] pci 0000:00:01.3: [8086:7113] type 00 class 0x068000 conventional PCI endpoint
[    0.205176] pci 0000:00:01.3: quirk: [io  0x0600-0x063f] claimed by PIIX4 ACPI
[    0.205880] pci 0000:00:01.3: quirk: [io  0x0700-0x070f] claimed by PIIX4 SMB
[    0.207085] pci 0000:00:02.0: [1af4:1009] type 00 class 0x000200 conventional PCI endpoint
[    0.208874] pci 0000:00:02.0: BAR 0 [io  0xc000-0xc03f]
[    0.210594] pci 0000:00:02.0: BAR 1 [mem 0xfebfc000-0xfebfcfff]
[    0.214517] pci 0000:00:02.0: BAR 4 [mem 0xfebf0000-0xfebf3fff 64bit pref]
[    0.216487] pci 0000:00:03.0: [1af4:1009] type 00 class 0x000200 conventional PCI endpoint
[    0.217874] pci 0000:00:03.0: BAR 0 [io  0xc040-0xc07f]
[    0.219582] pci 0000:00:03.0: BAR 1 [mem 0xfebfd000-0xfebfdfff]
[    0.223576] pci 0000:00:03.0: BAR 4 [mem 0xfebf4000-0xfebf7fff 64bit pref]
[    0.225440] pci 0000:00:04.0: [8086:25ab] type 00 class 0x088000 conventional PCI endpoint
[    0.226364] pci 0000:00:04.0: BAR 0 [mem 0xfebfe000-0xfebfe00f]
[    0.230610] pci 0000:00:05.0: [1af4:1003] type 00 class 0x078000 conventional PCI endpoint
[    0.231874] pci 0000:00:05.0: BAR 0 [io  0xc080-0xc0bf]
[    0.233512] pci 0000:00:05.0: BAR 1 [mem 0xfebff000-0xfebfffff]
[    0.236874] pci 0000:00:05.0: BAR 4 [mem 0xfebf8000-0xfebfbfff 64bit pref]
[    0.239612] ACPI: PCI: Interrupt link LNKA configured for IRQ 10
[    0.239980] ACPI: PCI: Interrupt link LNKB configured for IRQ 10
[    0.240834] ACPI: PCI: Interrupt link LNKC configured for IRQ 11
[    0.240968] ACPI: PCI: Interrupt link LNKD configured for IRQ 11
[    0.241794] ACPI: PCI: Interrupt link LNKS configured for IRQ 9
[    0.242744] iommu: Default domain type: Translated
[    0.242874] iommu: DMA domain TLB invalidation policy: lazy mode
[    0.243680] SCSI subsystem initialized
[    0.243906] pps_core: LinuxPPS API ver. 1 registered
[    0.244531] pps_core: Software ver. 5.3.6 - Copyright 2005-2007 Rodolfo Giometti <giometti@linux.it>
[    0.244875] PTP clock support registered
[    0.245388] Advanced Linux Sound Architecture Driver Initialized.
[    0.246261] NET: Registered PF_ATMPVC protocol family
[    0.246873] NET: Registered PF_ATMSVC protocol family
[    0.247527] PCI: Using ACPI for IRQ routing
[    0.247958] vgaarb: loaded
[    0.248233] hpet0: at MMIO 0xfed00000, IRQs 2, 8, 0
[    0.248873] hpet0: 3 comparators, 64-bit 100.000000 MHz counter
[    0.254228] clocksource: Switched to clocksource kvm-clock
[    0.255011] VFS: Disk quotas dquot_6.6.0
[    0.255226] VFS: Dquot-cache hash table entries: 512 (order 0, 4096 bytes)
[    0.256473] pnp: PnP ACPI init
[    0.257050] pnp: PnP ACPI: found 5 devices
[    0.265373] clocksource: acpi_pm: mask: 0xffffff max_cycles: 0xffffff, max_idle_ns: 2085701024 ns
[    0.266556] NET: Registered PF_INET protocol family
[    0.267215] IP idents hash table entries: 16384 (order: 5, 131072 bytes, linear)
[    0.268348] tcp_listen_portaddr_hash hash table entries: 512 (order: 1, 8192 bytes, linear)
[    0.269445] Table-perturb hash table entries: 65536 (order: 6, 262144 bytes, linear)
[    0.270460] TCP established hash table entries: 8192 (order: 4, 65536 bytes, linear)
[    0.271466] TCP bind hash table entries: 8192 (order: 6, 262144 bytes, linear)
[    0.272404] TCP: Hash tables configured (established 8192 bind 8192)
[    0.273266] UDP hash table entries: 512 (order: 2, 16384 bytes, linear)
[    0.274356] UDP-Lite hash table entries: 512 (order: 2, 16384 bytes, linear)
[    0.275492] NET: Registered PF_UNIX/PF_LOCAL protocol family
[    0.276232] pci_bus 0000:00: resource 4 [io  0x0000-0x0cf7 window]
[    0.277014] pci_bus 0000:00: resource 5 [io  0x0d00-0xffff window]
[    0.277809] pci_bus 0000:00: resource 6 [mem 0x000a0000-0x000bffff window]
[    0.278717] pci_bus 0000:00: resource 7 [mem 0x40000000-0xfebfffff window]
[    0.279604] pci_bus 0000:00: resource 8 [mem 0x100000000-0x17fffffff window]
[    0.280531] pci 0000:00:01.0: PIIX3: Enabling Passive Release
[    0.281281] pci 0000:00:00.0: Limiting direct PCI/PCI transfers
[    0.282070] PCI: CLS 0 bytes, default 64
[    0.282661] kvm_intel: VMX not supported by CPU 0
[    0.283292] kvm_amd: TSC scaling supported
[    0.283816] kvm_amd: Nested Virtualization enabled
[    0.284436] kvm_amd: Nested Paging enabled
[    0.284962] kvm_amd: Virtual VMLOAD VMSAVE supported
[    0.285608] kvm_amd: Virtual GIF supported
[    0.286140] kvm_amd: Virtual NMI enabled
[    0.286645] kvm_amd: LBR virtualization supported
[    0.381958] Initialise system trusted keyrings
[    0.382617] workingset: timestamp_bits=56 max_order=18 bucket_order=0
[    0.383483] squashfs: version 4.0 (2009/01/31) Phillip Lougher
[    0.384248] fuse: init (API version 7.40)
[    0.384804] 9p: Installing v9fs 9p2000 file system support
[    0.391931] Key type asymmetric registered
[    0.392459] Asymmetric key parser 'x509' registered
[    0.393087] Block layer SCSI generic (bsg) driver version 0.4 loaded (major 249)
[    0.394041] io scheduler mq-deadline registered
[    0.394628] io scheduler kyber registered
[    0.396074] input: Power Button as /devices/LNXSYSTM:00/LNXPWRBN:00/input/input0
[    0.397084] ACPI: button: Power Button [PWRF]
[    0.397686] Warning: Processor Platform Limit event detected, but not handled.
[    0.398614] Consider compiling CPUfreq support into your kernel.
[    0.415398] ACPI: \_SB_.LNKB: Enabled at IRQ 10
[    0.431967] ACPI: \_SB_.LNKC: Enabled at IRQ 11
[    0.448442] ACPI: \_SB_.LNKA: Enabled at IRQ 10
[    0.449676] Serial: 8250/16550 driver, 4 ports, IRQ sharing enabled
[    0.450605] 00:03: ttyS0 at I/O 0x3f8 (irq = 4, base_baud = 115200) is a 16550A
[    0.496097] Non-volatile memory driver v1.3
[    0.496670] Linux agpgart interface v0.103
[    0.497230] printk: legacy console [hvc0] enabled
[    0.497279] ACPI: bus type drm_connector registered
[    0.497843] printk: legacy bootconsole [earlyser0] disabled
          _      _                                    
   __   _(_)_ __| |_ _ __ ___   ___       _ __   __ _ 
   \ \ / / |  __| __|  _   _ \ / _ \_____|  _ \ / _  |
    \ V /| | |  | |_| | | | | |  __/_____| | | | (_| |
     \_/ |_|_|   \__|_| |_| |_|\___|     |_| |_|\__  |
                                                |___/ 
   kernel version: 6.9.0-virtme x86_64
   (CTRL+d to exit)

virtme-ng:/nipa-data/kernel# PS1='xx__-> '
xx__-> env
PWD=/nipa-data/kernel
nr_open=1048576
HOME=/root
TERM=xterm
SHLVL=2
XDG_RUNTIME_DIR=/run/user/0
PATH=/bin:/sbin:/usr/bin:/usr/sbin:/usr/local/bin
OLDPWD=/
_=/usr/bin/env
xx__-> 