No EFI environment detected.
early console in extract_kernel
input_data: 0x0000000004cb52c4
input_len: 0x00000000018d793e
output: 0x0000000001000000
output_len: 0x0000000005516c9c
kernel_total_size: 0x0000000005030000
needed_size: 0x0000000005600000
trampoline_32bit: 0x0000000000000000
Physical KASLR using RDRAND RDTSC...
Virtual KASLR using RDRAND RDTSC...

Decompressing Linux... Parsing ELF... Performing relocations... done.
Booting the kernel (entry_offset: 0x0000000000000000).
[    0.000000] Linux version 6.12.0-rc5-virtme (root@d1cd8a308205) (gcc (Ubuntu 13.2.0-23ubuntu4) 13.2.0, GNU ld (GNU Binutils for Ubuntu) 2.42) #1 SMP PREEMPT_DYNAMIC Sat Nov  2 00:26:07 UTC 2024
[    0.000000] Command line: virtme_hostname=virtme-ng nr_open=1048576 virtme_link_mods=/nipa-data/kernel/.virtme_mods/lib/modules/0.0.0 virtme_initmount0=nipa-data/kernel virtme_rw_overlay0=/etc virtme_rw_overlay1=/lib virtme_rw_overlay2=/home virtme_rw_overlay3=/opt virtme_rw_overlay4=/srv virtme_rw_overlay5=/usr virtme_rw_overlay6=/var console=hvc0 earlyprintk=serial,ttyS0,115200 virtme_console=ttyS0 psmouse.proto=exps TERM=xterm virtme_chdir=nipa-data/kernel virtme_root_user=1 rootfstype=9p rootflags=version=9p2000.L,trans=virtio,access=any raid=noautodetect ro init=/usr/lib/python3/dist-packages/virtme/guest/virtme-init
[    0.000000] BIOS-provided physical RAM map:
[    0.000000] BIOS-e820: [mem 0x0000000000000000-0x000000000009fbff] usable
[    0.000000] BIOS-e820: [mem 0x000000000009fc00-0x000000000009ffff] reserved
[    0.000000] BIOS-e820: [mem 0x00000000000f0000-0x00000000000fffff] reserved
[    0.000000] BIOS-e820: [mem 0x0000000000100000-0x000000003ffdffff] usable
[    0.000000] BIOS-e820: [mem 0x000000003ffe0000-0x000000003fffffff] reserved
[    0.000000] BIOS-e820: [mem 0x00000000feffc000-0x00000000feffffff] reserved
[    0.000000] BIOS-e820: [mem 0x00000000fffc0000-0x00000000ffffffff] reserved
[    0.000000] BIOS-e820: [mem 0x000000fd00000000-0x000000ffffffffff] reserved
[    0.000000] printk: legacy bootconsole [earlyser0] enabled
[    0.000000] NX (Execute Disable) protection: active
[    0.000000] APIC: Static calls initialized
[    0.000000] SMBIOS 3.0.0 present.
[    0.000000] DMI: QEMU Ubuntu 24.04 PC (i440FX + PIIX, 1996), BIOS 1.16.3-debian-1.16.3-2 04/01/2014
[    0.000000] DMI: Memory slots populated: 1/1
[    0.000000] Hypervisor detected: KVM
[    0.000000] kvm-clock: Using msrs 4b564d01 and 4b564d00
[    0.000000] kvm-clock: using sched offset of 297688220 cycles
[    0.000342] clocksource: kvm-clock: mask: 0xffffffffffffffff max_cycles: 0x1cd42e4dffb, max_idle_ns: 881590591483 ns
[    0.001409] tsc: Detected 4491.560 MHz processor
[    0.002038] last_pfn = 0x3ffe0 max_arch_pfn = 0x400000000
[    0.002412] MTRR map: 4 entries (3 fixed + 1 variable; max 19), built from 8 variable MTRRs
[    0.002959] x86/PAT: Configuration [0-7]: WB  WC  UC- UC  WB  WP  UC- WT  
[    0.004846] found SMP MP-table at [mem 0x000f5470-0x000f547f]
[    0.005226] Using GB pages for direct mapping
[    0.005698] ACPI: Early table checksum verification disabled
[    0.006072] ACPI: RSDP 0x00000000000F5290 000014 (v00 BOCHS )
[    0.006448] ACPI: RSDT 0x000000003FFE27BC 000034 (v01 BOCHS  BXPC     00000001 BXPC 00000001)
[    0.007005] ACPI: FACP 0x000000003FFE2578 000074 (v01 BOCHS  BXPC     00000001 BXPC 00000001)
[    0.007564] ACPI: DSDT 0x000000003FFE0040 002538 (v01 BOCHS  BXPC     00000001 BXPC 00000001)
[    0.008126] ACPI: FACS 0x000000003FFE0000 000040
[    0.008428] ACPI: APIC 0x000000003FFE25EC 000170 (v03 BOCHS  BXPC     00000001 BXPC 00000001)
[    0.008986] ACPI: HPET 0x000000003FFE275C 000038 (v01 BOCHS  BXPC     00000001 BXPC 00000001)
[    0.009543] ACPI: WAET 0x000000003FFE2794 000028 (v01 BOCHS  BXPC     00000001 BXPC 00000001)
[    0.010100] ACPI: Reserving FACP table memory at [mem 0x3ffe2578-0x3ffe25eb]
[    0.010560] ACPI: Reserving DSDT table memory at [mem 0x3ffe0040-0x3ffe2577]
[    0.011023] ACPI: Reserving FACS table memory at [mem 0x3ffe0000-0x3ffe003f]
[    0.011482] ACPI: Reserving APIC table memory at [mem 0x3ffe25ec-0x3ffe275b]
[    0.011939] ACPI: Reserving HPET table memory at [mem 0x3ffe275c-0x3ffe2793]
[    0.012396] ACPI: Reserving WAET table memory at [mem 0x3ffe2794-0x3ffe27bb]
[    0.013036] No NUMA configuration found
[    0.013286] Faking a node at [mem 0x0000000000000000-0x000000003ffdffff]
[    0.013722] NODE_DATA(0) allocated [mem 0x3ffdb780-0x3ffdffff]
[    0.014116] Zone ranges:
[    0.014280]   DMA      [mem 0x0000000000001000-0x0000000000ffffff]
[    0.014684]   DMA32    [mem 0x0000000001000000-0x000000003ffdffff]
[    0.015090]   Normal   empty
[    0.015280]   Device   empty
[    0.015468] Movable zone start for each node
[    0.015744] Early memory node ranges
[    0.015977]   node   0: [mem 0x0000000000001000-0x000000000009efff]
[    0.016384]   node   0: [mem 0x0000000000100000-0x000000003ffdffff]
[    0.016791] Initmem setup node 0 [mem 0x0000000000001000-0x000000003ffdffff]
[    0.017252] On node 0, zone DMA: 1 pages in unavailable ranges
[    0.017685] On node 0, zone DMA: 97 pages in unavailable ranges
[    0.022194] On node 0, zone DMA32: 32 pages in unavailable ranges
[    0.031104] kasan: KernelAddressSanitizer initialized
[    0.031645] ACPI: PM-Timer IO Port: 0x608
[    0.031920] ACPI: LAPIC_NMI (acpi_id[0xff] dfl dfl lint[0x1])
[    0.032315] IOAPIC[0]: apic_id 0, version 17, address 0xfec00000, GSI 0-23
[    0.032765] ACPI: INT_SRC_OVR (bus 0 bus_irq 0 global_irq 2 dfl dfl)
[    0.033183] ACPI: INT_SRC_OVR (bus 0 bus_irq 5 global_irq 5 high level)
[    0.033614] ACPI: INT_SRC_OVR (bus 0 bus_irq 9 global_irq 9 high level)
[    0.034043] ACPI: INT_SRC_OVR (bus 0 bus_irq 10 global_irq 10 high level)
[    0.034484] ACPI: INT_SRC_OVR (bus 0 bus_irq 11 global_irq 11 high level)
[    0.034932] ACPI: Using ACPI (MADT) for SMP configuration information
[    0.035366] ACPI: HPET id: 0x8086a201 base: 0xfed00000
[    0.035703] TSC deadline timer available
[    0.035962] CPU topo: Max. logical packages:   1
[    0.036263] CPU topo: Max. logical dies:       1
[    0.036564] CPU topo: Max. dies per package:   1
[    0.036868] CPU topo: Max. threads per core:   1
[    0.037172] CPU topo: Num. cores per package:    32
[    0.037489] CPU topo: Num. threads per package:  32
[    0.037806] CPU topo: Allowing 32 present CPUs plus 0 hotplug CPUs
[    0.038221] kvm-guest: APIC: eoi() replaced with kvm_guest_apic_eoi_write()
[    0.038686] kvm-guest: KVM setup pv remote TLB flush
[    0.039010] kvm-guest: setup PV sched yield
[    0.039290] PM: hibernation: Registered nosave memory: [mem 0x00000000-0x00000fff]
[    0.039782] PM: hibernation: Registered nosave memory: [mem 0x0009f000-0x0009ffff]
[    0.040275] PM: hibernation: Registered nosave memory: [mem 0x000a0000-0x000effff]
[    0.040768] PM: hibernation: Registered nosave memory: [mem 0x000f0000-0x000fffff]
[    0.041261] [mem 0x40000000-0xfeffbfff] available for PCI devices
[    0.041657] Booting paravirtualized kernel on KVM
[    0.041964] clocksource: refined-jiffies: mask: 0xffffffff max_cycles: 0xffffffff, max_idle_ns: 1910969940391419 ns
[    0.050476] setup_percpu: NR_CPUS:64 nr_cpumask_bits:32 nr_cpu_ids:32 nr_node_ids:1
[    0.052216] percpu: Embedded 70 pages/cpu s248792 r8192 d29736 u524288
[    0.052710] Kernel command line: virtme_hostname=virtme-ng nr_open=1048576 virtme_link_mods=/nipa-data/kernel/.virtme_mods/lib/modules/0.0.0 virtme_initmount0=nipa-data/kernel virtme_rw_overlay0=/etc virtme_rw_overlay1=/lib virtme_rw_overlay2=/home virtme_rw_overlay3=/opt virtme_rw_overlay4=/srv virtme_rw_overlay5=/usr virtme_rw_overlay6=/var console=hvc0 earlyprintk=serial,ttyS0,115200 virtme_console=ttyS0 psmouse.proto=exps TERM=xterm virtme_chdir=nipa-data/kernel virtme_root_user=1 rootfstype=9p rootflags=version=9p2000.L,trans=virtio,access=any raid=noautodetect ro init=/usr/lib/python3/dist-packages/virtme/guest/virtme-init
[    0.056601] Unknown kernel command line parameters "virtme_hostname=virtme-ng nr_open=1048576 virtme_link_mods=/nipa-data/kernel/.virtme_mods/lib/modules/0.0.0 virtme_initmount0=nipa-data/kernel virtme_rw_overlay0=/etc virtme_rw_overlay1=/lib virtme_rw_overlay2=/home virtme_rw_overlay3=/opt virtme_rw_overlay4=/srv virtme_rw_overlay5=/usr virtme_rw_overlay6=/var virtme_console=ttyS0 virtme_chdir=nipa-data/kernel virtme_root_user=1", will be passed to user space.
[    0.059538] random: crng init done
[    0.059785] Dentry cache hash table entries: 131072 (order: 8, 1048576 bytes, linear)
[    0.060322] Inode-cache hash table entries: 65536 (order: 7, 524288 bytes, linear)
[    0.061238] Fallback order for Node 0: 0 
[    0.061242] Built 1 zonelists, mobility grouping on.  Total pages: 262014
[    0.061970] Policy zone: DMA32
[    0.062174] mem auto-init: stack:all(zero), heap alloc:off, heap free:off
[    0.062627] stackdepot: allocating hash table via alloc_large_system_hash
[    0.063086] stackdepot hash table entries: 1048576 (order: 12, 16777216 bytes, linear)
[    0.071055] SLUB: HWalign=64, Order=0-3, MinObjects=0, CPUs=32, Nodes=1
Poking KASLR using RDRAND RDTSC...
[    0.071785] ftrace: allocating 48645 entries in 191 pages
[    0.080158] ftrace: allocated 191 pages with 7 groups
[    0.081319] Dynamic Preempt: voluntary
[    0.081999] rcu: Preemptible hierarchical RCU implementation.
[    0.082380] rcu: RCU event tracing is enabled.
[    0.082679] rcu: RCU restricting CPUs from NR_CPUS=64 to nr_cpu_ids=32.
[    0.083123] Trampoline variant of Tasks RCU enabled.
[    0.083468] Rude variant of Tasks RCU enabled.
[    0.083767] Tracing variant of Tasks RCU enabled.
[    0.084089] rcu: RCU calculated value of scheduler-enlistment delay is 100 jiffies.
[    0.084598] rcu: Adjusting geometry for rcu_fanout_leaf=16, nr_cpu_ids=32
[    0.085116] RCU Tasks: Setting shift to 5 and lim to 1 rcu_task_cb_adjust=1 rcu_task_cpu_ids=32.
[    0.085699] RCU Tasks Rude: Setting shift to 5 and lim to 1 rcu_task_cb_adjust=1 rcu_task_cpu_ids=32.
[    0.086310] RCU Tasks Trace: Setting shift to 5 and lim to 1 rcu_task_cb_adjust=1 rcu_task_cpu_ids=32.
[    0.094878] NR_IRQS: 4352, nr_irqs: 680, preallocated irqs: 16
[    0.095515] rcu: srcu_init: Setting srcu_struct sizes based on contention.
[    0.096185] Console: colour *CGA 80x25
[    0.096465] ACPI: Core revision 20240827
[    0.096874] clocksource: hpet: mask: 0xffffffff max_cycles: 0xffffffff, max_idle_ns: 19112604467 ns
[    0.097549] APIC: Switch to symmetric I/O mode setup
[    0.097895] kvm-guest: APIC: send_IPI_mask() replaced with kvm_send_ipi_mask()
[    0.098383] kvm-guest: APIC: send_IPI_mask_allbutself() replaced with kvm_send_ipi_mask_allbutself()
[    0.098982] kvm-guest: setup PV IPIs
[    0.100043] ..TIMER: vector=0x30 apic1=0 pin1=2 apic2=-1 pin2=-1
[    0.100797] clocksource: tsc-early: mask: 0xffffffffffffffff max_cycles: 0x40be4320a4d, max_idle_ns: 440795288133 ns
[    0.102079] Calibrating delay loop (skipped) preset value.. 8983.12 BogoMIPS (lpj=4491560)
[    0.103139] x86/cpu: User Mode Instruction Prevention (UMIP) activated
[    0.104135] Last level iTLB entries: 4KB 512, 2MB 255, 4MB 127
[    0.105078] Last level dTLB entries: 4KB 512, 2MB 255, 4MB 127, 1GB 0
[    0.106082] Spectre V1 : Mitigation: usercopy/swapgs barriers and __user pointer sanitization
[    0.107082] Spectre V2 : Mitigation: Enhanced / Automatic IBRS
[    0.107780] Spectre V2 : Spectre v2 / SpectreRSB mitigation: Filling RSB on context switch
[    0.108079] Spectre V2 : mitigation: Enabling conditional Indirect Branch Prediction Barrier
[    0.109080] Speculative Store Bypass: Mitigation: Speculative Store Bypass disabled via prctl
[    0.110078] Speculative Return Stack Overflow: IBPB-extending microcode not applied!
[    0.111078] Speculative Return Stack Overflow: WARNING: See https://kernel.org/doc/html/latest/admin-guide/hw-vuln/srso.html for mitigation options.
[    0.111079] Speculative Return Stack Overflow: Vulnerable: Safe RET, no microcode
[    0.113092] x86/fpu: Supporting XSAVE feature 0x001: 'x87 floating point registers'
[    0.114078] x86/fpu: Supporting XSAVE feature 0x002: 'SSE registers'
[    0.114837] x86/fpu: Supporting XSAVE feature 0x004: 'AVX registers'
[    0.115078] x86/fpu: Supporting XSAVE feature 0x020: 'AVX-512 opmask'
[    0.116078] x86/fpu: Supporting XSAVE feature 0x040: 'AVX-512 Hi256'
[    0.117078] x86/fpu: Supporting XSAVE feature 0x080: 'AVX-512 ZMM_Hi256'
[    0.118078] x86/fpu: Supporting XSAVE feature 0x200: 'Protection Keys User registers'
[    0.119078] x86/fpu: xstate_offset[2]:  576, xstate_sizes[2]:  256
[    0.119810] x86/fpu: xstate_offset[5]:  832, xstate_sizes[5]:   64
[    0.120078] x86/fpu: xstate_offset[6]:  896, xstate_sizes[6]:  512
[    0.121078] x86/fpu: xstate_offset[7]: 1408, xstate_sizes[7]: 1024
[    0.121799] x86/fpu: xstate_offset[9]: 2432, xstate_sizes[9]:    8
[    0.122078] x86/fpu: Enabled xstate features 0x2e7, context size is 2440 bytes, using 'compacted' format.
[    0.144571] Freeing SMP alternatives memory: 40K
[    0.145080] pid_max: default: 32768 minimum: 301
[    0.145736] Mount-cache hash table entries: 2048 (order: 2, 16384 bytes, linear)
[    0.146079] Mountpoint-cache hash table entries: 2048 (order: 2, 16384 bytes, linear)
[    0.148208] smpboot: CPU0: AMD Ryzen 9 7950X 16-Core Processor (family: 0x19, model: 0x61, stepping: 0x2)
[    0.149527] Performance Events: Fam17h+ core perfctr, AMD PMU driver.
[    0.150082] ... version:                0
[    0.150555] ... bit width:              48
[    0.151033] ... generic registers:      6
[    0.151079] ... value mask:             0000ffffffffffff
[    0.151700] ... max period:             00007fffffffffff
[    0.152079] ... fixed-purpose events:   0
[    0.152548] ... event mask:             000000000000003f
[    0.153186] signal: max sigframe size: 3376
[    0.153723] rcu: Hierarchical SRCU implementation.
[    0.154080] rcu: Max phase no-delay instances is 400.
[    0.154752] Timer migration: 2 hierarchy levels; 8 children per group; 2 crossnode level
[    0.158798] smp: Bringing up secondary CPUs ...
[    0.159352] smpboot: x86: Booting SMP configuration:
[    0.159934] .... node  #0, CPUs:        #1  #2  #3  #4  #5  #6  #7  #8  #9 #10 #11 #12 #13 #14 #15 #16 #17 #18 #19 #20 #21 #22 #23 #24 #25 #26 #27 #28 #29 #30 #31
[    0.181176] smp: Brought up 1 node, 32 CPUs
[    0.182578] smpboot: Total of 32 processors activated (287459.84 BogoMIPS)
[    0.186216] Memory: 763412K/1048056K available (45056K kernel code, 11393K rwdata, 10020K rodata, 6008K init, 1772K bss, 269016K reserved, 0K cma-reserved)
[    0.187194] devtmpfs: initialized
[    0.187641] x86/mm: Memory block size: 128MB
[    0.193714] clocksource: jiffies: mask: 0xffffffff max_cycles: 0xffffffff, max_idle_ns: 1911260446275000 ns
[    0.194084] futex hash table entries: 8192 (order: 7, 524288 bytes, linear)
[    0.195268] PM: RTC time: 00:26:33, date: 2024-11-02
[    0.196464] NET: Registered PF_NETLINK/PF_ROUTE protocol family
[    0.197899] thermal_sys: Registered thermal governor 'step_wise'
[    0.197901] thermal_sys: Registered thermal governor 'user_space'
[    0.198105] cpuidle: using governor menu
[    0.200363] PCI: Using configuration type 1 for base access
[    0.201031] PCI: Using configuration type 1 for extended access
[    0.201205] kprobes: kprobe jump-optimization is enabled. All kprobes are optimized if possible.
[    0.216423] HugeTLB: registered 1.00 GiB page size, pre-allocated 0 pages
[    0.217080] HugeTLB: 16380 KiB vmemmap can be freed for a 1.00 GiB page
[    0.217889] HugeTLB: registered 2.00 MiB page size, pre-allocated 0 pages
[    0.219080] HugeTLB: 28 KiB vmemmap can be freed for a 2.00 MiB page
[    0.220389] ACPI: Added _OSI(Module Device)
[    0.220907] ACPI: Added _OSI(Processor Device)
[    0.221080] ACPI: Added _OSI(3.0 _SCP Extensions)
[    0.221655] ACPI: Added _OSI(Processor Aggregator Device)
[    0.244161] ACPI: 1 ACPI AML tables successfully acquired and loaded
[    0.248841] ACPI: Interpreter enabled
[    0.250136] ACPI: PM: (supports S0 S3 S4 S5)
[    0.250660] ACPI: Using IOAPIC for interrupt routing
[    0.251125] PCI: Using host bridge windows from ACPI; if necessary, use "pci=nocrs" and report a bug
[    0.252079] PCI: Using E820 reservations for host bridge windows
[    0.253835] ACPI: Enabled 2 GPEs in block 00 to 0F
[    0.298601] ACPI: PCI Root Bridge [PCI0] (domain 0000 [bus 00-ff])
[    0.300093] acpi PNP0A03:00: _OSC: OS supports [ExtendedConfig ASPM ClockPM Segments MSI HPX-Type3]
[    0.301554] PCI host bridge to bus 0000:00
[    0.302113] pci_bus 0000:00: root bus resource [io  0x0000-0x0cf7 window]
[    0.302950] pci_bus 0000:00: root bus resource [io  0x0d00-0xffff window]
[    0.303082] pci_bus 0000:00: root bus resource [mem 0x000a0000-0x000bffff window]
[    0.304002] pci_bus 0000:00: root bus resource [mem 0x40000000-0xfebfffff window]
[    0.305082] pci_bus 0000:00: root bus resource [mem 0x100000000-0x17fffffff window]
[    0.306021] pci_bus 0000:00: root bus resource [bus 00-ff]
[    0.307174] pci 0000:00:00.0: [8086:1237] type 00 class 0x060000 conventional PCI endpoint
[    0.308905] pci 0000:00:01.0: [8086:7000] type 00 class 0x060100 conventional PCI endpoint
[    0.310944] pci 0000:00:01.1: [8086:7010] type 00 class 0x010180 conventional PCI endpoint
[    0.313747] pci 0000:00:01.1: BAR 4 [io  0xc0c0-0xc0cf]
[    0.314775] pci 0000:00:01.1: BAR 0 [io  0x01f0-0x01f7]: legacy IDE quirk
[    0.316080] pci 0000:00:01.1: BAR 1 [io  0x03f6]: legacy IDE quirk
[    0.316835] pci 0000:00:01.1: BAR 2 [io  0x0170-0x0177]: legacy IDE quirk
[    0.317080] pci 0000:00:01.1: BAR 3 [io  0x0376]: legacy IDE quirk
[    0.318487] pci 0000:00:01.3: [8086:7113] type 00 class 0x068000 conventional PCI endpoint
[    0.320329] pci 0000:00:01.3: quirk: [io  0x0600-0x063f] claimed by PIIX4 ACPI
[    0.321084] pci 0000:00:01.3: quirk: [io  0x0700-0x070f] claimed by PIIX4 SMB
[    0.322654] pci 0000:00:02.0: [1af4:1009] type 00 class 0x000200 conventional PCI endpoint
[    0.323439] pci 0000:00:02.0: BAR 0 [io  0xc000-0xc03f]
[    0.325291] pci 0000:00:02.0: BAR 1 [mem 0xfebfc000-0xfebfcfff]
[    0.328024] pci 0000:00:02.0: BAR 4 [mem 0xfebf0000-0xfebf3fff 64bit pref]
[    0.342256] pci 0000:00:03.0: [1af4:1009] type 00 class 0x000200 conventional PCI endpoint
[    0.343687] pci 0000:00:03.0: BAR 0 [io  0xc040-0xc07f]
[    0.345632] pci 0000:00:03.0: BAR 1 [mem 0xfebfd000-0xfebfdfff]
[    0.347633] pci 0000:00:03.0: BAR 4 [mem 0xfebf4000-0xfebf7fff 64bit pref]
[    0.359349] pci 0000:00:04.0: [8086:25ab] type 00 class 0x088000 conventional PCI endpoint
[    0.361233] pci 0000:00:04.0: BAR 0 [mem 0xfebfe000-0xfebfe00f]
[    0.373236] pci 0000:00:05.0: [1af4:1003] type 00 class 0x078000 conventional PCI endpoint
[    0.374890] pci 0000:00:05.0: BAR 0 [io  0xc080-0xc0bf]
[    0.375604] pci 0000:00:05.0: BAR 1 [mem 0xfebff000-0xfebfffff]
[    0.378604] pci 0000:00:05.0: BAR 4 [mem 0xfebf8000-0xfebfbfff 64bit pref]
[    0.392623] ACPI: PCI: Interrupt link LNKA configured for IRQ 10
[    0.393969] ACPI: PCI: Interrupt link LNKB configured for IRQ 10
[    0.395953] ACPI: PCI: Interrupt link LNKC configured for IRQ 11
[    0.397945] ACPI: PCI: Interrupt link LNKD configured for IRQ 11
[    0.398441] ACPI: PCI: Interrupt link LNKS configured for IRQ 9
[    0.416452] iommu: Default domain type: Translated
[    0.417045] iommu: DMA domain TLB invalidation policy: lazy mode
[    0.418520] SCSI subsystem initialized
[    0.419289] pps_core: LinuxPPS API ver. 1 registered
[    0.419900] pps_core: Software ver. 5.3.6 - Copyright 2005-2007 Rodolfo Giometti <giometti@linux.it>
[    0.421092] PTP clock support registered
[    0.422188] Advanced Linux Sound Architecture Driver Initialized.
[    0.423122] NET: Registered PF_ATMPVC protocol family
[    0.423748] NET: Registered PF_ATMSVC protocol family
[    0.425116] PCI: Using ACPI for IRQ routing
[    0.426092] vgaarb: loaded
[    0.426199] hpet0: at MMIO 0xfed00000, IRQs 2, 8, 0
[    0.426805] hpet0: 3 comparators, 64-bit 100.000000 MHz counter
[    0.432169] clocksource: Switched to clocksource kvm-clock
[    0.433611] VFS: Disk quotas dquot_6.6.0
[    0.434120] VFS: Dquot-cache hash table entries: 512 (order 0, 4096 bytes)
[    0.435627] pnp: PnP ACPI init
[    0.441723] pnp: PnP ACPI: found 5 devices
[    0.453917] clocksource: acpi_pm: mask: 0xffffff max_cycles: 0xffffff, max_idle_ns: 2085701024 ns
[    0.455109] NET: Registered PF_INET protocol family
[    0.455782] IP idents hash table entries: 16384 (order: 5, 131072 bytes, linear)
[    0.457118] tcp_listen_portaddr_hash hash table entries: 512 (order: 1, 8192 bytes, linear)
[    0.458178] Table-perturb hash table entries: 65536 (order: 6, 262144 bytes, linear)
[    0.459167] TCP established hash table entries: 8192 (order: 4, 65536 bytes, linear)
[    0.460145] TCP bind hash table entries: 8192 (order: 6, 262144 bytes, linear)
[    0.461060] TCP: Hash tables configured (established 8192 bind 8192)
[    0.462011] UDP hash table entries: 512 (order: 2, 16384 bytes, linear)
[    0.462850] UDP-Lite hash table entries: 512 (order: 2, 16384 bytes, linear)
[    0.463944] NET: Registered PF_UNIX/PF_LOCAL protocol family
[    0.464692] pci_bus 0000:00: resource 4 [io  0x0000-0x0cf7 window]
[    0.465469] pci_bus 0000:00: resource 5 [io  0x0d00-0xffff window]
[    0.466245] pci_bus 0000:00: resource 6 [mem 0x000a0000-0x000bffff window]
[    0.467107] pci_bus 0000:00: resource 7 [mem 0x40000000-0xfebfffff window]
[    0.467964] pci_bus 0000:00: resource 8 [mem 0x100000000-0x17fffffff window]
[    0.469043] pci 0000:00:01.0: PIIX3: Enabling Passive Release
[    0.469770] pci 0000:00:00.0: Limiting direct PCI/PCI transfers
[    0.470552] PCI: CLS 0 bytes, default 64
[    0.471141] kvm_intel: VMX not supported by CPU 19
[    0.471917] kvm_amd: TSC scaling supported
[    0.472447] kvm_amd: Nested Virtualization enabled
[    0.473049] kvm_amd: Nested Paging enabled
[    0.473566] kvm_amd: LBR virtualization supported
[    0.474179] kvm_amd: Virtual VMLOAD VMSAVE supported
[    0.474797] kvm_amd: Virtual GIF supported
[    0.475312] kvm_amd: Virtual NMI enabled
[    0.515479] clocksource: tsc: mask: 0xffffffffffffffff max_cycles: 0x40be4320a4d, max_idle_ns: 440795288133 ns
[    0.534045] Initialise system trusted keyrings
[    0.534729] workingset: timestamp_bits=56 max_order=18 bucket_order=0
[    0.535668] squashfs: version 4.0 (2009/01/31) Phillip Lougher
[    0.536430] fuse: init (API version 7.41)
[    0.537076] 9p: Installing v9fs 9p2000 file system support
[    0.546905] Key type asymmetric registered
[    0.547429] Asymmetric key parser 'x509' registered
[    0.548106] Block layer SCSI generic (bsg) driver version 0.4 loaded (major 249)
[    0.549072] io scheduler mq-deadline registered
[    0.549651] io scheduler kyber registered
[    0.552363] input: Power Button as /devices/LNXSYSTM:00/LNXPWRBN:00/input/input0
[    0.553541] ACPI: button: Power Button [PWRF]
[    0.555455] Warning: Processor Platform Limit event detected, but not handled.
[    0.556338] Consider compiling CPUfreq support into your kernel.
[    1.369632] ACPI: \_SB_.LNKB: Enabled at IRQ 10
[    2.153596] ACPI: \_SB_.LNKC: Enabled at IRQ 11
[    2.934380] ACPI: \_SB_.LNKA: Enabled at IRQ 10
[    2.935742] Serial: 8250/16550 driver, 4 ports, IRQ sharing enabled
[    2.936834] 00:03: ttyS0 at I/O 0x3f8 (irq = 4, base_baud = 115200) is a 16550A
[    2.959256] Non-volatile memory driver v1.3
[    2.959758] Linux agpgart interface v0.103
[    2.960531] ACPI: bus type drm_connector registered
[    2.961173] printk: legacy console [hvc0] enabled
[    2.961768] printk: legacy bootconsole [earlyser0] disabled
          _      _                                    
   __   _(_)_ __| |_ _ __ ___   ___       _ __   __ _ 
   \ \ / / |  __| __|  _   _ \ / _ \_____|  _ \ / _  |
    \ V /| | |  | |_| | | | | |  __/_____| | | | (_| |
     \_/ |_|_|   \__|_| |_| |_|\___|     |_| |_|\__  |
                                                |___/ 
   kernel version: 6.12.0-rc5-virtme x86_64
   (CTRL+d to exit)

root@virtme-ng:/nipa-data/kernel# PS1='xx__-> '
xx__-> env
PWD=/nipa-data/kernel
nr_open=1048576
HOME=/
TERM=xterm
SHLVL=2
XDG_RUNTIME_DIR=/run/user/0
PATH=/bin:/sbin:/usr/bin:/usr/sbin:/usr/local/bin
OLDPWD=/
_=/bin/env
xx__-> 