No EFI environment detected.
early console in extract_kernel
input_data: 0x0000000004c862c4
input_len: 0x00000000019796dd
output: 0x0000000001000000
output_len: 0x0000000005589d6c
kernel_total_size: 0x0000000005230000
needed_size: 0x0000000005600000
trampoline_32bit: 0x0000000000000000
Physical KASLR using RDRAND RDTSC...
Virtual KASLR using RDRAND RDTSC...

Decompressing Linux... Parsing ELF... Performing relocations... done.
Booting the kernel (entry_offset: 0x0000000002bc9f80).
[    0.000000] Linux version 6.15.0-rc2-virtme (root@49824e796c1d) (gcc (Ubuntu 13.3.0-6ubuntu2~24.04) 13.3.0, GNU ld (GNU Binutils for Ubuntu) 2.42) #1 SMP PREEMPT_DYNAMIC Sun Apr 20 15:26:52 UTC 2025
[    0.000000] Command line: virtme_hostname=virtme-ng nr_open=1048576 virtme_link_mods=/nipa-data/kernel/.virtme_mods/lib/modules/0.0.0 virtme_initmount0=nipa-data/kernel virtme_rw_overlay0=/etc virtme_rw_overlay1=/lib virtme_rw_overlay2=/home virtme_rw_overlay3=/opt virtme_rw_overlay4=/srv virtme_rw_overlay5=/usr virtme_rw_overlay6=/var console=hvc0 earlyprintk=serial,ttyS0,115200 virtme_console=ttyS0 psmouse.proto=exps TERM=xterm virtme_chdir=nipa-data/kernel virtme_root_user=1 rootfstype=9p rootflags=version=9p2000.L,trans=virtio,access=any raid=noautodetect ro init=/usr/lib/python3/dist-packages/virtme/guest/virtme-init
[    0.000000] BIOS-provided physical RAM map:
[    0.000000] BIOS-e820: [mem 0x0000000000000000-0x000000000009fbff] usable
[    0.000000] BIOS-e820: [mem 0x000000000009fc00-0x000000000009ffff] reserved
[    0.000000] BIOS-e820: [mem 0x00000000000f0000-0x00000000000fffff] reserved
[    0.000000] BIOS-e820: [mem 0x0000000000100000-0x000000003ffdffff] usable
[    0.000000] BIOS-e820: [mem 0x000000003ffe0000-0x000000003fffffff] reserved
[    0.000000] BIOS-e820: [mem 0x00000000feffc000-0x00000000feffffff] reserved
[    0.000000] BIOS-e820: [mem 0x00000000fffc0000-0x00000000ffffffff] reserved
[    0.000000] BIOS-e820: [mem 0x000000fd00000000-0x000000ffffffffff] reserved
[    0.000000] printk: legacy bootconsole [earlyser0] enabled
[    0.000000] NX (Execute Disable) protection: active
[    0.000000] APIC: Static calls initialized
[    0.000000] SMBIOS 3.0.0 present.
[    0.000000] DMI: QEMU Ubuntu 24.04 PC (i440FX + PIIX, 1996), BIOS 1.16.3-debian-1.16.3-2 04/01/2014
[    0.000000] DMI: Memory slots populated: 1/1
[    0.000000] Hypervisor detected: KVM
[    0.000000] kvm-clock: Using msrs 4b564d01 and 4b564d00
[    0.000000] kvm-clock: using sched offset of 329145327 cycles
[    0.000360] clocksource: kvm-clock: mask: 0xffffffffffffffff max_cycles: 0x1cd42e4dffb, max_idle_ns: 881590591483 ns
[    0.001480] tsc: Detected 4491.524 MHz processor
[    0.002127] last_pfn = 0x3ffe0 max_arch_pfn = 0x400000000
[    0.002521] MTRR map: 4 entries (3 fixed + 1 variable; max 19), built from 8 variable MTRRs
[    0.003094] x86/PAT: Configuration [0-7]: WB  WC  UC- UC  WB  WP  UC- WT  
[    0.004963] found SMP MP-table at [mem 0x000f5470-0x000f547f]
[    0.005364] Using GB pages for direct mapping
[    0.005812] ACPI: Early table checksum verification disabled
[    0.006200] ACPI: RSDP 0x00000000000F5290 000014 (v00 BOCHS )
[    0.006595] ACPI: RSDT 0x000000003FFE27BC 000034 (v01 BOCHS  BXPC     00000001 BXPC 00000001)
[    0.007180] ACPI: FACP 0x000000003FFE2578 000074 (v01 BOCHS  BXPC     00000001 BXPC 00000001)
[    0.007763] ACPI: DSDT 0x000000003FFE0040 002538 (v01 BOCHS  BXPC     00000001 BXPC 00000001)
[    0.008346] ACPI: FACS 0x000000003FFE0000 000040
[    0.008663] ACPI: APIC 0x000000003FFE25EC 000170 (v03 BOCHS  BXPC     00000001 BXPC 00000001)
[    0.009250] ACPI: HPET 0x000000003FFE275C 000038 (v01 BOCHS  BXPC     00000001 BXPC 00000001)
[    0.009833] ACPI: WAET 0x000000003FFE2794 000028 (v01 BOCHS  BXPC     00000001 BXPC 00000001)
[    0.010416] ACPI: Reserving FACP table memory at [mem 0x3ffe2578-0x3ffe25eb]
[    0.010899] ACPI: Reserving DSDT table memory at [mem 0x3ffe0040-0x3ffe2577]
[    0.011380] ACPI: Reserving FACS table memory at [mem 0x3ffe0000-0x3ffe003f]
[    0.011860] ACPI: Reserving APIC table memory at [mem 0x3ffe25ec-0x3ffe275b]
[    0.012341] ACPI: Reserving HPET table memory at [mem 0x3ffe275c-0x3ffe2793]
[    0.012821] ACPI: Reserving WAET table memory at [mem 0x3ffe2794-0x3ffe27bb]
[    0.013493] No NUMA configuration found
[    0.013755] Faking a node at [mem 0x0000000000000000-0x000000003ffdffff]
[    0.014214] NODE_DATA(0) allocated [mem 0x3ffdb600-0x3ffdffff]
[    0.014627] Zone ranges:
[    0.014800]   DMA      [mem 0x0000000000001000-0x0000000000ffffff]
[    0.015222]   DMA32    [mem 0x0000000001000000-0x000000003ffdffff]
[    0.015644]   Normal   empty
[    0.015841]   Device   empty
[    0.016037] Movable zone start for each node
[    0.016328] Early memory node ranges
[    0.016572]   node   0: [mem 0x0000000000001000-0x000000000009efff]
[    0.017000]   node   0: [mem 0x0000000000100000-0x000000003ffdffff]
[    0.017429] Initmem setup node 0 [mem 0x0000000000001000-0x000000003ffdffff]
[    0.017915] On node 0, zone DMA: 1 pages in unavailable ranges
[    0.018364] On node 0, zone DMA: 97 pages in unavailable ranges
[    0.022633] On node 0, zone DMA32: 32 pages in unavailable ranges
[    0.031577] kasan: KernelAddressSanitizer initialized
[    0.032143] ACPI: PM-Timer IO Port: 0x608
[    0.032429] ACPI: LAPIC_NMI (acpi_id[0xff] dfl dfl lint[0x1])
[    0.032843] IOAPIC[0]: apic_id 0, version 17, address 0xfec00000, GSI 0-23
[    0.033324] ACPI: INT_SRC_OVR (bus 0 bus_irq 0 global_irq 2 dfl dfl)
[    0.033759] ACPI: INT_SRC_OVR (bus 0 bus_irq 5 global_irq 5 high level)
[    0.034209] ACPI: INT_SRC_OVR (bus 0 bus_irq 9 global_irq 9 high level)
[    0.034660] ACPI: INT_SRC_OVR (bus 0 bus_irq 10 global_irq 10 high level)
[    0.035123] ACPI: INT_SRC_OVR (bus 0 bus_irq 11 global_irq 11 high level)
[    0.035586] ACPI: Using ACPI (MADT) for SMP configuration information
[    0.036025] ACPI: HPET id: 0x8086a201 base: 0xfed00000
[    0.036378] TSC deadline timer available
[    0.036647] CPU topo: Max. logical packages:   1
[    0.036963] CPU topo: Max. logical dies:       1
[    0.037279] CPU topo: Max. dies per package:   1
[    0.037596] CPU topo: Max. threads per core:   1
[    0.037911] CPU topo: Num. cores per package:    32
[    0.038243] CPU topo: Num. threads per package:  32
[    0.038575] CPU topo: Allowing 32 present CPUs plus 0 hotplug CPUs
[    0.039011] kvm-guest: APIC: eoi() replaced with kvm_guest_apic_eoi_write()
[    0.039497] kvm-guest: KVM setup pv remote TLB flush
[    0.039837] kvm-guest: setup PV sched yield
[    0.040129] PM: hibernation: Registered nosave memory: [mem 0x00000000-0x00000fff]
[    0.040645] PM: hibernation: Registered nosave memory: [mem 0x0009f000-0x000fffff]
[    0.041162] [mem 0x40000000-0xfeffbfff] available for PCI devices
[    0.041579] Booting paravirtualized kernel on KVM
[    0.041901] clocksource: refined-jiffies: mask: 0xffffffff max_cycles: 0xffffffff, max_idle_ns: 1910969940391419 ns
[    0.050357] setup_percpu: NR_CPUS:64 nr_cpumask_bits:32 nr_cpu_ids:32 nr_node_ids:1
[    0.052086] percpu: Embedded 65 pages/cpu s228056 r8192 d29992 u524288
[    0.052604] Kernel command line: virtme_hostname=virtme-ng nr_open=1048576 virtme_link_mods=/nipa-data/kernel/.virtme_mods/lib/modules/0.0.0 virtme_initmount0=nipa-data/kernel virtme_rw_overlay0=/etc virtme_rw_overlay1=/lib virtme_rw_overlay2=/home virtme_rw_overlay3=/opt virtme_rw_overlay4=/srv virtme_rw_overlay5=/usr virtme_rw_overlay6=/var console=hvc0 earlyprintk=serial,ttyS0,115200 virtme_console=ttyS0 psmouse.proto=exps TERM=xterm virtme_chdir=nipa-data/kernel virtme_root_user=1 rootfstype=9p rootflags=version=9p2000.L,trans=virtio,access=any raid=noautodetect ro init=/usr/lib/python3/dist-packages/virtme/guest/virtme-init
[    0.056648] Unknown kernel command line parameters "virtme_hostname=virtme-ng nr_open=1048576 virtme_link_mods=/nipa-data/kernel/.virtme_mods/lib/modules/0.0.0 virtme_initmount0=nipa-data/kernel virtme_rw_overlay0=/etc virtme_rw_overlay1=/lib virtme_rw_overlay2=/home virtme_rw_overlay3=/opt virtme_rw_overlay4=/srv virtme_rw_overlay5=/usr virtme_rw_overlay6=/var virtme_console=ttyS0 virtme_chdir=nipa-data/kernel virtme_root_user=1", will be passed to user space.
[    0.059708] random: crng init done
[    0.059947] printk: log buffer data + meta data: 262144 + 917504 = 1179648 bytes
[    0.060484] Dentry cache hash table entries: 131072 (order: 8, 1048576 bytes, linear)
[    0.061044] Inode-cache hash table entries: 65536 (order: 7, 524288 bytes, linear)
[    0.061987] Fallback order for Node 0: 0 
[    0.061991] Built 1 zonelists, mobility grouping on.  Total pages: 262014
[    0.062751] Policy zone: DMA32
[    0.062966] mem auto-init: stack:all(zero), heap alloc:off, heap free:off
[    0.063441] stackdepot: allocating hash table via alloc_large_system_hash
[    0.063918] stackdepot hash table entries: 1048576 (order: 12, 16777216 bytes, linear)
[    0.071805] SLUB: HWalign=64, Order=0-3, MinObjects=0, CPUs=32, Nodes=1
Poking KASLR using RDRAND RDTSC...
[    0.080792] ftrace: allocating 48934 entries in 192 pages
[    0.081171] ftrace: allocated 192 pages with 2 groups
[    0.082361] Dynamic Preempt: voluntary
[    0.083077] rcu: Preemptible hierarchical RCU implementation.
[    0.083477] rcu: RCU event tracing is enabled.
[    0.083797] rcu: RCU restricting CPUs from NR_CPUS=64 to nr_cpu_ids=32.
[    0.084266] Trampoline variant of Tasks RCU enabled.
[    0.084619] Rude variant of Tasks RCU enabled.
[    0.084935] Tracing variant of Tasks RCU enabled.
[    0.085272] rcu: RCU calculated value of scheduler-enlistment delay is 100 jiffies.
[    0.085807] rcu: Adjusting geometry for rcu_fanout_leaf=16, nr_cpu_ids=32
[    0.086348] RCU Tasks: Setting shift to 5 and lim to 1 rcu_task_cb_adjust=1 rcu_task_cpu_ids=32.
[    0.086964] RCU Tasks Rude: Setting shift to 5 and lim to 1 rcu_task_cb_adjust=1 rcu_task_cpu_ids=32.
[    0.087610] RCU Tasks Trace: Setting shift to 5 and lim to 1 rcu_task_cb_adjust=1 rcu_task_cpu_ids=32.
[    0.097422] NR_IRQS: 4352, nr_irqs: 680, preallocated irqs: 16
[    0.098085] rcu: srcu_init: Setting srcu_struct sizes based on contention.
[    0.098955] Console: colour *CGA 80x25
[    0.099247] ACPI: Core revision 20240827
[    0.099670] clocksource: hpet: mask: 0xffffffff max_cycles: 0xffffffff, max_idle_ns: 19112604467 ns
[    0.100371] APIC: Switch to symmetric I/O mode setup
[    0.100874] x2apic enabled
[    0.101291] APIC: Switched APIC routing to: physical x2apic
[    0.101698] kvm-guest: APIC: send_IPI_mask() replaced with kvm_send_ipi_mask()
[    0.102212] kvm-guest: APIC: send_IPI_mask_allbutself() replaced with kvm_send_ipi_mask_allbutself()
[    0.102840] kvm-guest: setup PV IPIs
[    0.103891] ..TIMER: vector=0x30 apic1=0 pin1=2 apic2=-1 pin2=-1
[    0.104650] clocksource: tsc-early: mask: 0xffffffffffffffff max_cycles: 0x40be215b5d9, max_idle_ns: 440795359804 ns
[    0.105963] Calibrating delay loop (skipped) preset value.. 8983.04 BogoMIPS (lpj=4491524)
[    0.107026] x86/cpu: User Mode Instruction Prevention (UMIP) activated
[    0.108018] Last level iTLB entries: 4KB 512, 2MB 255, 4MB 127
[    0.108962] Last level dTLB entries: 4KB 512, 2MB 255, 4MB 127, 1GB 0
[    0.109966] Spectre V1 : Mitigation: usercopy/swapgs barriers and __user pointer sanitization
[    0.110966] Spectre V2 : Mitigation: Enhanced / Automatic IBRS
[    0.111674] Spectre V2 : mitigation: Enabling conditional Indirect Branch Prediction Barrier
[    0.111964] Speculative Store Bypass: Mitigation: Speculative Store Bypass disabled via prctl
[    0.112962] Speculative Return Stack Overflow: IBPB-extending microcode not applied!
[    0.113962] Speculative Return Stack Overflow: WARNING: See https://kernel.org/doc/html/latest/admin-guide/hw-vuln/srso.html for mitigation options.
[    0.113964] Speculative Return Stack Overflow: Vulnerable: Safe RET, no microcode
[    0.115976] x86/fpu: Supporting XSAVE feature 0x001: 'x87 floating point registers'
[    0.116962] x86/fpu: Supporting XSAVE feature 0x002: 'SSE registers'
[    0.117962] x86/fpu: Supporting XSAVE feature 0x004: 'AVX registers'
[    0.118715] x86/fpu: Supporting XSAVE feature 0x020: 'AVX-512 opmask'
[    0.118962] x86/fpu: Supporting XSAVE feature 0x040: 'AVX-512 Hi256'
[    0.119962] x86/fpu: Supporting XSAVE feature 0x080: 'AVX-512 ZMM_Hi256'
[    0.120962] x86/fpu: Supporting XSAVE feature 0x200: 'Protection Keys User registers'
[    0.121962] x86/fpu: xstate_offset[2]:  576, xstate_sizes[2]:  256
[    0.122699] x86/fpu: xstate_offset[5]:  832, xstate_sizes[5]:   64
[    0.122962] x86/fpu: xstate_offset[6]:  896, xstate_sizes[6]:  512
[    0.123962] x86/fpu: xstate_offset[7]: 1408, xstate_sizes[7]: 1024
[    0.124962] x86/fpu: xstate_offset[9]: 2432, xstate_sizes[9]:    8
[    0.125695] x86/fpu: Enabled xstate features 0x2e7, context size is 2440 bytes, using 'compacted' format.
[    0.145876] Freeing SMP alternatives memory: 40K
[    0.145964] pid_max: default: 32768 minimum: 301
[    0.147081] Mount-cache hash table entries: 2048 (order: 2, 16384 bytes, linear)
[    0.147963] Mountpoint-cache hash table entries: 2048 (order: 2, 16384 bytes, linear)
[    0.149601] smpboot: CPU0: AMD Ryzen 9 7950X 16-Core Processor (family: 0x19, model: 0x61, stepping: 0x2)
[    0.150394] Performance Events: Fam17h+ core perfctr, AMD PMU driver.
[    0.150965] ... version:                0
[    0.151441] ... bit width:              48
[    0.151928] ... generic registers:      6
[    0.151964] ... value mask:             0000ffffffffffff
[    0.152595] ... max period:             00007fffffffffff
[    0.152963] ... fixed-purpose events:   0
[    0.153440] ... event mask:             000000000000003f
[    0.154109] signal: max sigframe size: 3376
[    0.154654] rcu: Hierarchical SRCU implementation.
[    0.154964] rcu: Max phase no-delay instances is 400.
[    0.155660] Timer migration: 2 hierarchy levels; 8 children per group; 2 crossnode level
[    0.159694] smp: Bringing up secondary CPUs ...
[    0.160144] smpboot: x86: Booting SMP configuration:
[    0.160748] .... node  #0, CPUs:        #1  #2  #3  #4  #5  #6  #7  #8  #9 #10 #11 #12 #13 #14 #15 #16 #17 #18 #19 #20 #21 #22 #23 #24 #25 #26 #27 #28 #29 #30 #31
[    0.193056] smp: Brought up 1 node, 32 CPUs
[    0.194469] smpboot: Total of 32 processors activated (287457.53 BogoMIPS)
[    0.198171] Memory: 761332K/1048056K available (44840K kernel code, 11597K rwdata, 10272K rodata, 6152K init, 1316K bss, 270688K reserved, 0K cma-reserved)
[    0.199085] devtmpfs: initialized
[    0.199700] x86/mm: Memory block size: 128MB
[    0.206226] clocksource: jiffies: mask: 0xffffffff max_cycles: 0xffffffff, max_idle_ns: 1911260446275000 ns
[    0.206967] posixtimers hash table entries: 16384 (order: 6, 262144 bytes, linear)
[    0.207901] futex hash table entries: 8192 (order: 7, 524288 bytes, linear)
[    0.208329] PM: RTC time: 15:27:13, date: 2025-04-20
[    0.209731] NET: Registered PF_NETLINK/PF_ROUTE protocol family
[    0.210828] thermal_sys: Registered thermal governor 'step_wise'
[    0.210857] cpuidle: using governor menu
[    0.212673] PCI: Using configuration type 1 for base access
[    0.212965] PCI: Using configuration type 1 for extended access
[    0.213832] kprobes: kprobe jump-optimization is enabled. All kprobes are optimized if possible.
[    0.225072] HugeTLB: allocation took 0ms with hugepage_allocation_threads=8
[    0.225995] HugeTLB: registered 1.00 GiB page size, pre-allocated 0 pages
[    0.226839] HugeTLB: 16380 KiB vmemmap can be freed for a 1.00 GiB page
[    0.227965] HugeTLB: registered 2.00 MiB page size, pre-allocated 0 pages
[    0.228794] HugeTLB: 28 KiB vmemmap can be freed for a 2.00 MiB page
[    0.230398] ACPI: Added _OSI(Module Device)
[    0.230965] ACPI: Added _OSI(Processor Device)
[    0.231513] ACPI: Added _OSI(3.0 _SCP Extensions)
[    0.231964] ACPI: Added _OSI(Processor Aggregator Device)
[    0.256774] ACPI: 1 ACPI AML tables successfully acquired and loaded
[    0.261879] ACPI: Interpreter enabled
[    0.262024] ACPI: PM: (supports S0 S3 S4 S5)
[    0.262546] ACPI: Using IOAPIC for interrupt routing
[    0.263013] PCI: Using host bridge windows from ACPI; if necessary, use "pci=nocrs" and report a bug
[    0.264964] PCI: Using E820 reservations for host bridge windows
[    0.266794] ACPI: Enabled 2 GPEs in block 00 to 0F
[    0.315862] ACPI: PCI Root Bridge [PCI0] (domain 0000 [bus 00-ff])
[    0.316978] acpi PNP0A03:00: _OSC: OS supports [ExtendedConfig ASPM ClockPM Segments MSI HPX-Type3]
[    0.318475] PCI host bridge to bus 0000:00
[    0.319020] pci_bus 0000:00: root bus resource [io  0x0000-0x0cf7 window]
[    0.319880] pci_bus 0000:00: root bus resource [io  0x0d00-0xffff window]
[    0.320966] pci_bus 0000:00: root bus resource [mem 0x000a0000-0x000bffff window]
[    0.321884] pci_bus 0000:00: root bus resource [mem 0x40000000-0xfebfffff window]
[    0.321966] pci_bus 0000:00: root bus resource [mem 0x100000000-0x17fffffff window]
[    0.322902] pci_bus 0000:00: root bus resource [bus 00-ff]
[    0.324061] pci 0000:00:00.0: [8086:1237] type 00 class 0x060000 conventional PCI endpoint
[    0.325871] pci 0000:00:01.0: [8086:7000] type 00 class 0x060100 conventional PCI endpoint
[    0.327848] pci 0000:00:01.1: [8086:7010] type 00 class 0x010180 conventional PCI endpoint
[    0.329430] pci 0000:00:01.1: BAR 4 [io  0xc0c0-0xc0cf]
[    0.329982] pci 0000:00:01.1: BAR 0 [io  0x01f0-0x01f7]: legacy IDE quirk
[    0.330802] pci 0000:00:01.1: BAR 1 [io  0x03f6]: legacy IDE quirk
[    0.331964] pci 0000:00:01.1: BAR 2 [io  0x0170-0x0177]: legacy IDE quirk
[    0.332795] pci 0000:00:01.1: BAR 3 [io  0x0376]: legacy IDE quirk
[    0.333671] pci 0000:00:01.3: [8086:7113] type 00 class 0x068000 conventional PCI endpoint
[    0.335179] pci 0000:00:01.3: quirk: [io  0x0600-0x063f] claimed by PIIX4 ACPI
[    0.335968] pci 0000:00:01.3: quirk: [io  0x0700-0x070f] claimed by PIIX4 SMB
[    0.337593] pci 0000:00:02.0: [1af4:1009] type 00 class 0x000200 conventional PCI endpoint
[    0.339968] pci 0000:00:02.0: BAR 0 [io  0xc000-0xc03f]
[    0.340618] pci 0000:00:02.0: BAR 1 [mem 0xfebfc000-0xfebfcfff]
[    0.340978] pci 0000:00:02.0: BAR 4 [mem 0xfebf0000-0xfebf3fff 64bit pref]
[    0.353736] pci 0000:00:03.0: [1af4:1009] type 00 class 0x000200 conventional PCI endpoint
[    0.355968] pci 0000:00:03.0: BAR 0 [io  0xc040-0xc07f]
[    0.356615] pci 0000:00:03.0: BAR 1 [mem 0xfebfd000-0xfebfdfff]
[    0.356978] pci 0000:00:03.0: BAR 4 [mem 0xfebf4000-0xfebf7fff 64bit pref]
[    0.369708] pci 0000:00:04.0: [8086:25ab] type 00 class 0x088000 conventional PCI endpoint
[    0.371343] pci 0000:00:04.0: BAR 0 [mem 0xfebfe000-0xfebfe00f]
[    0.383723] pci 0000:00:05.0: [1af4:1003] type 00 class 0x078000 conventional PCI endpoint
[    0.385705] pci 0000:00:05.0: BAR 0 [io  0xc080-0xc0bf]
[    0.385968] pci 0000:00:05.0: BAR 1 [mem 0xfebff000-0xfebfffff]
[    0.386709] pci 0000:00:05.0: BAR 4 [mem 0xfebf8000-0xfebfbfff 64bit pref]
[    0.402260] ACPI: PCI: Interrupt link LNKA configured for IRQ 10
[    0.403938] ACPI: PCI: Interrupt link LNKB configured for IRQ 10
[    0.405938] ACPI: PCI: Interrupt link LNKC configured for IRQ 11
[    0.406915] ACPI: PCI: Interrupt link LNKD configured for IRQ 11
[    0.408358] ACPI: PCI: Interrupt link LNKS configured for IRQ 9
[    0.428228] iommu: Default domain type: Translated
[    0.428827] iommu: DMA domain TLB invalidation policy: lazy mode
[    0.430441] SCSI subsystem initialized
[    0.431198] pps_core: LinuxPPS API ver. 1 registered
[    0.431815] pps_core: Software ver. 5.3.6 - Copyright 2005-2007 Rodolfo Giometti <giometti@linux.it>
[    0.432979] PTP clock support registered
[    0.434078] Advanced Linux Sound Architecture Driver Initialized.
[    0.436104] NET: Registered PF_ATMPVC protocol family
[    0.436732] NET: Registered PF_ATMSVC protocol family
[    0.437004] PCI: Using ACPI for IRQ routing
[    0.438004] vgaarb: loaded
[    0.438082] hpet0: at MMIO 0xfed00000, IRQs 2, 8, 0
[    0.438683] hpet0: 3 comparators, 64-bit 100.000000 MHz counter
[    0.445431] clocksource: Switched to clocksource kvm-clock
[    0.446422] VFS: Disk quotas dquot_6.6.0
[    0.446914] VFS: Dquot-cache hash table entries: 512 (order 0, 4096 bytes)
[    0.448527] pnp: PnP ACPI init
[    0.451355] pnp: PnP ACPI: found 5 devices
[    0.463202] clocksource: acpi_pm: mask: 0xffffff max_cycles: 0xffffff, max_idle_ns: 2085701024 ns
[    0.464353] NET: Registered PF_INET protocol family
[    0.465077] IP idents hash table entries: 16384 (order: 5, 131072 bytes, linear)
[    0.466359] tcp_listen_portaddr_hash hash table entries: 512 (order: 1, 8192 bytes, linear)
[    0.467385] Table-perturb hash table entries: 65536 (order: 6, 262144 bytes, linear)
[    0.468344] TCP established hash table entries: 8192 (order: 4, 65536 bytes, linear)
[    0.469291] TCP bind hash table entries: 8192 (order: 6, 262144 bytes, linear)
[    0.470180] TCP: Hash tables configured (established 8192 bind 8192)
[    0.471116] UDP hash table entries: 512 (order: 3, 32768 bytes, linear)
[    0.471954] UDP-Lite hash table entries: 512 (order: 3, 32768 bytes, linear)
[    0.473031] NET: Registered PF_UNIX/PF_LOCAL protocol family
[    0.473742] pci_bus 0000:00: resource 4 [io  0x0000-0x0cf7 window]
[    0.474494] pci_bus 0000:00: resource 5 [io  0x0d00-0xffff window]
[    0.475241] pci_bus 0000:00: resource 6 [mem 0x000a0000-0x000bffff window]
[    0.476084] pci_bus 0000:00: resource 7 [mem 0x40000000-0xfebfffff window]
[    0.476917] pci_bus 0000:00: resource 8 [mem 0x100000000-0x17fffffff window]
[    0.477972] pci 0000:00:01.0: PIIX3: Enabling Passive Release
[    0.478679] pci 0000:00:00.0: Limiting direct PCI/PCI transfers
[    0.479435] PCI: CLS 0 bytes, default 64
[    0.480153] kvm_intel: VMX not supported by CPU 14
[    0.480774] kvm_amd: TSC scaling supported
[    0.481285] kvm_amd: Nested Virtualization enabled
[    0.481867] kvm_amd: Nested Paging enabled
[    0.482363] kvm_amd: LBR virtualization supported
[    0.482946] kvm_amd: Virtual GIF supported
[    0.483450] kvm_amd: Virtual NMI enabled
[    0.519917] clocksource: tsc: mask: 0xffffffffffffffff max_cycles: 0x40be215b5d9, max_idle_ns: 440795359804 ns
[    0.538849] Initialise system trusted keyrings
[    0.539761] workingset: timestamp_bits=56 max_order=18 bucket_order=0
[    0.540668] squashfs: version 4.0 (2009/01/31) Phillip Lougher
[    0.541406] fuse: init (API version 7.43)
[    0.542038] 9p: Installing v9fs 9p2000 file system support
[    0.551697] Key type asymmetric registered
[    0.552209] Asymmetric key parser 'x509' registered
[    0.552875] Block layer SCSI generic (bsg) driver version 0.4 loaded (major 249)
[    0.553817] io scheduler mq-deadline registered
[    0.554383] io scheduler kyber registered
[    0.556784] input: Power Button as /devices/LNXSYSTM:00/LNXPWRBN:00/input/input0
[    0.557930] ACPI: button: Power Button [PWRF]
[    0.559875] Warning: Processor Platform Limit event detected, but not handled.
[    0.560790] Consider compiling CPUfreq support into your kernel.
[    1.443271] ACPI: \_SB_.LNKB: Enabled at IRQ 10
[    2.320207] ACPI: \_SB_.LNKC: Enabled at IRQ 11
[    3.197158] ACPI: \_SB_.LNKA: Enabled at IRQ 10
[    3.198529] Serial: 8250/16550 driver, 4 ports, IRQ sharing enabled
[    3.199619] 00:03: ttyS0 at I/O 0x3f8 (irq = 4, base_baud = 115200) is a 16550A
[    3.222164] Non-volatile memory driver v1.3
[    3.222839] Linux agpgart interface v0.103
[    3.223711] ACPI: bus type drm_connector registered
[    3.224362] printk: legacy console [hvc0] enabled
[    3.225128] printk: legacy bootconsole [earlyser0] disabled
          _      _                                    
   __   _(_)_ __| |_ _ __ ___   ___       _ __   __ _ 
   \ \ / / |  __| __|  _   _ \ / _ \_____|  _ \ / _  |
    \ V /| | |  | |_| | | | | |  __/_____| | | | (_| |
     \_/ |_|_|   \__|_| |_| |_|\___|     |_| |_|\__  |
                                                |___/ 
   kernel version: 6.15.0-rc2-virtme x86_64
   (CTRL+d to exit)

root@virtme-ng:/nipa-data/kernel# PS1='xx__-> '
xx__-> env
PWD=/nipa-data/kernel
nr_open=1048576
HOME=/
TERM=xterm
SHLVL=2
XDG_RUNTIME_DIR=/run/user/0
PATH=/bin:/sbin:/usr/bin:/usr/sbin:/usr/local/bin
OLDPWD=/
_=/bin/env
xx__-> 