No EFI environment detected.
early console in extract_kernel
input_data: 0x0000000002be52c4
input_len: 0x0000000000b78d79
output: 0x0000000001000000
output_len: 0x0000000002715d70
kernel_total_size: 0x0000000002430000
needed_size: 0x0000000002800000
trampoline_32bit: 0x0000000000000000
Physical KASLR using RDRAND RDTSC...
Virtual KASLR using RDRAND RDTSC...

Decompressing Linux... Parsing ELF... Performing relocations... done.
Booting the kernel (entry_offset: 0x0000000000000000).
[    0.000000] Linux version 6.12.0-virtme (root@a4405149aba7) (gcc (Ubuntu 13.2.0-23ubuntu4) 13.2.0, GNU ld (GNU Binutils for Ubuntu) 2.42) #1 SMP PREEMPT_DYNAMIC Thu Nov 28 09:06:42 UTC 2024
[    0.000000] Command line: virtme_hostname=virtme-ng nr_open=1048576 virtme_link_mods=/nipa-data/kernel/.virtme_mods/lib/modules/0.0.0 virtme_initmount0=nipa-data/kernel virtme_rw_overlay0=/etc virtme_rw_overlay1=/lib virtme_rw_overlay2=/home virtme_rw_overlay3=/opt virtme_rw_overlay4=/srv virtme_rw_overlay5=/usr virtme_rw_overlay6=/var console=hvc0 earlyprintk=serial,ttyS0,115200 virtme_console=ttyS0 psmouse.proto=exps TERM=xterm virtme_chdir=nipa-data/kernel virtme_root_user=1 rootfstype=9p rootflags=version=9p2000.L,trans=virtio,access=any raid=noautodetect ro init=/usr/lib/python3/dist-packages/virtme/guest/virtme-init
[    0.000000] BIOS-provided physical RAM map:
[    0.000000] BIOS-e820: [mem 0x0000000000000000-0x000000000009fbff] usable
[    0.000000] BIOS-e820: [mem 0x000000000009fc00-0x000000000009ffff] reserved
[    0.000000] BIOS-e820: [mem 0x00000000000f0000-0x00000000000fffff] reserved
[    0.000000] BIOS-e820: [mem 0x0000000000100000-0x000000003ffdffff] usable
[    0.000000] BIOS-e820: [mem 0x000000003ffe0000-0x000000003fffffff] reserved
[    0.000000] BIOS-e820: [mem 0x00000000feffc000-0x00000000feffffff] reserved
[    0.000000] BIOS-e820: [mem 0x00000000fffc0000-0x00000000ffffffff] reserved
[    0.000000] BIOS-e820: [mem 0x000000fd00000000-0x000000ffffffffff] reserved
[    0.000000] printk: legacy bootconsole [earlyser0] enabled
[    0.000000] NX (Execute Disable) protection: active
[    0.000000] APIC: Static calls initialized
[    0.000000] SMBIOS 3.0.0 present.
[    0.000000] DMI: QEMU Ubuntu 24.04 PC (i440FX + PIIX, 1996), BIOS 1.16.3-debian-1.16.3-2 04/01/2014
[    0.000000] DMI: Memory slots populated: 1/1
[    0.000000] Hypervisor detected: KVM
[    0.000000] kvm-clock: Using msrs 4b564d01 and 4b564d00
[    0.000000] kvm-clock: using sched offset of 210246948 cycles
[    0.000359] clocksource: kvm-clock: mask: 0xffffffffffffffff max_cycles: 0x1cd42e4dffb, max_idle_ns: 881590591483 ns
[    0.001478] tsc: Detected 4491.556 MHz processor
[    0.002045] last_pfn = 0x3ffe0 max_arch_pfn = 0x400000000
[    0.002436] MTRR map: 4 entries (3 fixed + 1 variable; max 19), built from 8 variable MTRRs
[    0.003013] x86/PAT: Configuration [0-7]: WB  WC  UC- UC  WB  WP  UC- WT  
Memory KASLR using RDRAND RDTSC...
[    0.004925] found SMP MP-table at [mem 0x000f5470-0x000f547f]
[    0.005320] Using GB pages for direct mapping
[    0.005637] ACPI: Early table checksum verification disabled
[    0.006024] ACPI: RSDP 0x00000000000F5290 000014 (v00 BOCHS )
[    0.006419] ACPI: RSDT 0x000000003FFE27BC 000034 (v01 BOCHS  BXPC     00000001 BXPC 00000001)
[    0.007005] ACPI: FACP 0x000000003FFE2578 000074 (v01 BOCHS  BXPC     00000001 BXPC 00000001)
[    0.007595] ACPI: DSDT 0x000000003FFE0040 002538 (v01 BOCHS  BXPC     00000001 BXPC 00000001)
[    0.008179] ACPI: FACS 0x000000003FFE0000 000040
[    0.008495] ACPI: APIC 0x000000003FFE25EC 000170 (v03 BOCHS  BXPC     00000001 BXPC 00000001)
[    0.009077] ACPI: HPET 0x000000003FFE275C 000038 (v01 BOCHS  BXPC     00000001 BXPC 00000001)
[    0.009660] ACPI: WAET 0x000000003FFE2794 000028 (v01 BOCHS  BXPC     00000001 BXPC 00000001)
[    0.010242] ACPI: Reserving FACP table memory at [mem 0x3ffe2578-0x3ffe25eb]
[    0.010724] ACPI: Reserving DSDT table memory at [mem 0x3ffe0040-0x3ffe2577]
[    0.011205] ACPI: Reserving FACS table memory at [mem 0x3ffe0000-0x3ffe003f]
[    0.011689] ACPI: Reserving APIC table memory at [mem 0x3ffe25ec-0x3ffe275b]
[    0.012170] ACPI: Reserving HPET table memory at [mem 0x3ffe275c-0x3ffe2793]
[    0.012652] ACPI: Reserving WAET table memory at [mem 0x3ffe2794-0x3ffe27bb]
[    0.013265] No NUMA configuration found
[    0.013528] Faking a node at [mem 0x0000000000000000-0x000000003ffdffff]
[    0.013986] NODE_DATA(0) allocated [mem 0x3ffdb780-0x3ffdffff]
[    0.014393] Zone ranges:
[    0.014566]   DMA      [mem 0x0000000000001000-0x0000000000ffffff]
[    0.014988]   DMA32    [mem 0x0000000001000000-0x000000003ffdffff]
[    0.015410]   Normal   empty
[    0.015609]   Device   empty
[    0.015805] Movable zone start for each node
[    0.016096] Early memory node ranges
[    0.016340]   node   0: [mem 0x0000000000001000-0x000000000009efff]
[    0.016767]   node   0: [mem 0x0000000000100000-0x000000003ffdffff]
[    0.017194] Initmem setup node 0 [mem 0x0000000000001000-0x000000003ffdffff]
[    0.017677] On node 0, zone DMA: 1 pages in unavailable ranges
[    0.018082] On node 0, zone DMA: 97 pages in unavailable ranges
[    0.019411] On node 0, zone DMA32: 32 pages in unavailable ranges
[    0.020020] ACPI: PM-Timer IO Port: 0x608
[    0.020298] ACPI: LAPIC_NMI (acpi_id[0xff] dfl dfl lint[0x1])
[    0.020705] IOAPIC[0]: apic_id 0, version 17, address 0xfec00000, GSI 0-23
[    0.021175] ACPI: INT_SRC_OVR (bus 0 bus_irq 0 global_irq 2 dfl dfl)
[    0.021608] ACPI: INT_SRC_OVR (bus 0 bus_irq 5 global_irq 5 high level)
[    0.022060] ACPI: INT_SRC_OVR (bus 0 bus_irq 9 global_irq 9 high level)
[    0.022509] ACPI: INT_SRC_OVR (bus 0 bus_irq 10 global_irq 10 high level)
[    0.022971] ACPI: INT_SRC_OVR (bus 0 bus_irq 11 global_irq 11 high level)
[    0.023434] ACPI: Using ACPI (MADT) for SMP configuration information
[    0.023876] ACPI: HPET id: 0x8086a201 base: 0xfed00000
[    0.024225] TSC deadline timer available
[    0.024493] CPU topo: Max. logical packages:   1
[    0.024807] CPU topo: Max. logical dies:       1
[    0.025121] CPU topo: Max. dies per package:   1
[    0.025437] CPU topo: Max. threads per core:   1
[    0.025751] CPU topo: Num. cores per package:    32
[    0.026082] CPU topo: Num. threads per package:  32
[    0.026414] CPU topo: Allowing 32 present CPUs plus 0 hotplug CPUs
[    0.026840] kvm-guest: APIC: eoi() replaced with kvm_guest_apic_eoi_write()
[    0.027320] kvm-guest: KVM setup pv remote TLB flush
[    0.027663] kvm-guest: setup PV sched yield
[    0.027949] PM: hibernation: Registered nosave memory: [mem 0x00000000-0x00000fff]
[    0.028464] PM: hibernation: Registered nosave memory: [mem 0x0009f000-0x0009ffff]
[    0.028978] PM: hibernation: Registered nosave memory: [mem 0x000a0000-0x000effff]
[    0.029493] PM: hibernation: Registered nosave memory: [mem 0x000f0000-0x000fffff]
[    0.030008] [mem 0x40000000-0xfeffbfff] available for PCI devices
[    0.030422] Booting paravirtualized kernel on KVM
[    0.030742] clocksource: refined-jiffies: mask: 0xffffffff max_cycles: 0xffffffff, max_idle_ns: 1910969940391419 ns
[    0.034115] setup_percpu: NR_CPUS:64 nr_cpumask_bits:32 nr_cpu_ids:32 nr_node_ids:1
[    0.035223] percpu: Embedded 58 pages/cpu s198616 r8192 d30760 u262144
[    0.035704] Kernel command line: virtme_hostname=virtme-ng nr_open=1048576 virtme_link_mods=/nipa-data/kernel/.virtme_mods/lib/modules/0.0.0 virtme_initmount0=nipa-data/kernel virtme_rw_overlay0=/etc virtme_rw_overlay1=/lib virtme_rw_overlay2=/home virtme_rw_overlay3=/opt virtme_rw_overlay4=/srv virtme_rw_overlay5=/usr virtme_rw_overlay6=/var console=hvc0 earlyprintk=serial,ttyS0,115200 virtme_console=ttyS0 psmouse.proto=exps TERM=xterm virtme_chdir=nipa-data/kernel virtme_root_user=1 rootfstype=9p rootflags=version=9p2000.L,trans=virtio,access=any raid=noautodetect ro init=/usr/lib/python3/dist-packages/virtme/guest/virtme-init
[    0.039711] Unknown kernel command line parameters "virtme_hostname=virtme-ng nr_open=1048576 virtme_link_mods=/nipa-data/kernel/.virtme_mods/lib/modules/0.0.0 virtme_initmount0=nipa-data/kernel virtme_rw_overlay0=/etc virtme_rw_overlay1=/lib virtme_rw_overlay2=/home virtme_rw_overlay3=/opt virtme_rw_overlay4=/srv virtme_rw_overlay5=/usr virtme_rw_overlay6=/var virtme_console=ttyS0 virtme_chdir=nipa-data/kernel virtme_root_user=1", will be passed to user space.
[    0.042778] random: crng init done
[    0.043017] printk: log buffer data + meta data: 262144 + 917504 = 1179648 bytes
[    0.043563] Dentry cache hash table entries: 131072 (order: 8, 1048576 bytes, linear)
[    0.044129] Inode-cache hash table entries: 65536 (order: 7, 524288 bytes, linear)
[    0.044738] Fallback order for Node 0: 0 
[    0.044740] Built 1 zonelists, mobility grouping on.  Total pages: 262014
[    0.045497] Policy zone: DMA32
[    0.045711] mem auto-init: stack:all(zero), heap alloc:off, heap free:off
[    0.046730] SLUB: HWalign=64, Order=0-3, MinObjects=0, CPUs=32, Nodes=1
Poking KASLR using RDRAND RDTSC...
[    0.047428] ftrace: allocating 48615 entries in 190 pages
[    0.054100] ftrace: allocated 190 pages with 6 groups
[    0.055013] Dynamic Preempt: voluntary
[    0.055406] rcu: Preemptible hierarchical RCU implementation.
[    0.055816] rcu: RCU event tracing is enabled.
[    0.056131] rcu: RCU restricting CPUs from NR_CPUS=64 to nr_cpu_ids=32.
[    0.056598] Trampoline variant of Tasks RCU enabled.
[    0.056949] Rude variant of Tasks RCU enabled.
[    0.057264] Tracing variant of Tasks RCU enabled.
[    0.057597] rcu: RCU calculated value of scheduler-enlistment delay is 100 jiffies.
[    0.058131] rcu: Adjusting geometry for rcu_fanout_leaf=16, nr_cpu_ids=32
[    0.058609] RCU Tasks: Setting shift to 5 and lim to 1 rcu_task_cb_adjust=1 rcu_task_cpu_ids=32.
[    0.059223] RCU Tasks Rude: Setting shift to 5 and lim to 1 rcu_task_cb_adjust=1 rcu_task_cpu_ids=32.
[    0.059869] RCU Tasks Trace: Setting shift to 5 and lim to 1 rcu_task_cb_adjust=1 rcu_task_cpu_ids=32.
[    0.061897] NR_IRQS: 4352, nr_irqs: 680, preallocated irqs: 16
[    0.062471] rcu: srcu_init: Setting srcu_struct sizes based on contention.
[    0.063083] Console: colour *CGA 80x25
[    0.063350] ACPI: Core revision 20240827
[    0.063693] clocksource: hpet: mask: 0xffffffff max_cycles: 0xffffffff, max_idle_ns: 19112604467 ns
[    0.064378] APIC: Switch to symmetric I/O mode setup
[    0.064741] kvm-guest: APIC: send_IPI_mask() replaced with kvm_send_ipi_mask()
[    0.065241] kvm-guest: APIC: send_IPI_mask_allbutself() replaced with kvm_send_ipi_mask_allbutself()
[    0.065855] kvm-guest: setup PV IPIs
[    0.066831] ..TIMER: vector=0x30 apic1=0 pin1=2 apic2=-1 pin2=-1
[    0.067586] clocksource: tsc-early: mask: 0xffffffffffffffff max_cycles: 0x40be400eb43, max_idle_ns: 440795366972 ns
[    0.068870] Calibrating delay loop (skipped) preset value.. 8983.11 BogoMIPS (lpj=4491556)
[    0.069929] x86/cpu: User Mode Instruction Prevention (UMIP) activated
[    0.070915] Last level iTLB entries: 4KB 512, 2MB 255, 4MB 127
[    0.071869] Last level dTLB entries: 4KB 512, 2MB 255, 4MB 127, 1GB 0
[    0.072649] Spectre V1 : Mitigation: usercopy/swapgs barriers and __user pointer sanitization
[    0.072872] Spectre V2 : Mitigation: Enhanced / Automatic IBRS
[    0.073869] Spectre V2 : Spectre v2 / SpectreRSB mitigation: Filling RSB on context switch
[    0.074870] Spectre V2 : mitigation: Enabling conditional Indirect Branch Prediction Barrier
[    0.075870] Speculative Store Bypass: Mitigation: Speculative Store Bypass disabled via prctl
[    0.076869] Speculative Return Stack Overflow: IBPB-extending microcode not applied!
[    0.077869] Speculative Return Stack Overflow: WARNING: See https://kernel.org/doc/html/latest/admin-guide/hw-vuln/srso.html for mitigation options.
[    0.077869] Speculative Return Stack Overflow: Vulnerable: Safe RET, no microcode
[    0.079883] x86/fpu: Supporting XSAVE feature 0x001: 'x87 floating point registers'
[    0.080869] x86/fpu: Supporting XSAVE feature 0x002: 'SSE registers'
[    0.081619] x86/fpu: Supporting XSAVE feature 0x004: 'AVX registers'
[    0.081869] x86/fpu: Supporting XSAVE feature 0x020: 'AVX-512 opmask'
[    0.082869] x86/fpu: Supporting XSAVE feature 0x040: 'AVX-512 Hi256'
[    0.083869] x86/fpu: Supporting XSAVE feature 0x080: 'AVX-512 ZMM_Hi256'
[    0.084869] x86/fpu: Supporting XSAVE feature 0x200: 'Protection Keys User registers'
[    0.085869] x86/fpu: xstate_offset[2]:  576, xstate_sizes[2]:  256
[    0.086601] x86/fpu: xstate_offset[5]:  832, xstate_sizes[5]:   64
[    0.086869] x86/fpu: xstate_offset[6]:  896, xstate_sizes[6]:  512
[    0.087869] x86/fpu: xstate_offset[7]: 1408, xstate_sizes[7]: 1024
[    0.088869] x86/fpu: xstate_offset[9]: 2432, xstate_sizes[9]:    8
[    0.089598] x86/fpu: Enabled xstate features 0x2e7, context size is 2440 bytes, using 'compacted' format.
[    0.104422] Freeing SMP alternatives memory: 40K
[    0.104870] pid_max: default: 32768 minimum: 301
[    0.105435] Mount-cache hash table entries: 2048 (order: 2, 16384 bytes, linear)
[    0.105870] Mountpoint-cache hash table entries: 2048 (order: 2, 16384 bytes, linear)
[    0.107002] smpboot: CPU0: AMD Ryzen 9 7950X 16-Core Processor (family: 0x19, model: 0x61, stepping: 0x2)
[    0.107974] Performance Events: Fam17h+ core perfctr, AMD PMU driver.
[    0.108758] ... version:                0
[    0.108871] ... bit width:              48
[    0.109354] ... generic registers:      6
[    0.109831] ... value mask:             0000ffffffffffff
[    0.109871] ... max period:             00007fffffffffff
[    0.110497] ... fixed-purpose events:   0
[    0.110871] ... event mask:             000000000000003f
[    0.111569] signal: max sigframe size: 3376
[    0.111885] rcu: Hierarchical SRCU implementation.
[    0.112451] rcu: Max phase no-delay instances is 400.
[    0.112890] Timer migration: 2 hierarchy levels; 8 children per group; 2 crossnode level
[    0.115916] smp: Bringing up secondary CPUs ...
[    0.116502] smpboot: x86: Booting SMP configuration:
[    0.116872] .... node  #0, CPUs:        #1  #2  #3  #4  #5  #6  #7  #8  #9 #10 #11 #12 #13 #14 #15 #16 #17 #18 #19 #20 #21 #22 #23 #24 #25 #26 #27 #28 #29 #30 #31
[    0.128985] smp: Brought up 1 node, 32 CPUs
[    0.130376] smpboot: Total of 32 processors activated (287459.58 BogoMIPS)
[    0.132992] Memory: 969616K/1048056K available (16384K kernel code, 2467K rwdata, 6296K rodata, 3144K init, 1824K bss, 63184K reserved, 0K cma-reserved)
[    0.133905] devtmpfs: initialized
[    0.134300] x86/mm: Memory block size: 128MB
[    0.135916] clocksource: jiffies: mask: 0xffffffff max_cycles: 0xffffffff, max_idle_ns: 1911260446275000 ns
[    0.136872] futex hash table entries: 8192 (order: 7, 524288 bytes, linear)
[    0.137792] PM: RTC time: 09:07:00, date: 2024-11-28
[    0.139260] NET: Registered PF_NETLINK/PF_ROUTE protocol family
[    0.139984] thermal_sys: Registered thermal governor 'step_wise'
[    0.139986] thermal_sys: Registered thermal governor 'user_space'
[    0.140875] cpuidle: using governor menu
[    0.143066] PCI: Using configuration type 1 for base access
[    0.143871] PCI: Using configuration type 1 for extended access
[    0.144627] kprobes: kprobe jump-optimization is enabled. All kprobes are optimized if possible.
[    0.149933] HugeTLB: registered 1.00 GiB page size, pre-allocated 0 pages
[    0.150802] HugeTLB: 16380 KiB vmemmap can be freed for a 1.00 GiB page
[    0.151871] HugeTLB: registered 2.00 MiB page size, pre-allocated 0 pages
[    0.152715] HugeTLB: 28 KiB vmemmap can be freed for a 2.00 MiB page
[    0.153941] ACPI: Added _OSI(Module Device)
[    0.154445] ACPI: Added _OSI(Processor Device)
[    0.154871] ACPI: Added _OSI(3.0 _SCP Extensions)
[    0.155454] ACPI: Added _OSI(Processor Aggregator Device)
[    0.156537] ACPI: 1 ACPI AML tables successfully acquired and loaded
[    0.160890] ACPI: Interpreter enabled
[    0.161353] ACPI: PM: (supports S0 S3 S4 S5)
[    0.161871] ACPI: Using IOAPIC for interrupt routing
[    0.162493] PCI: Using host bridge windows from ACPI; if necessary, use "pci=nocrs" and report a bug
[    0.162871] PCI: Using E820 reservations for host bridge windows
[    0.163696] ACPI: Enabled 2 GPEs in block 00 to 0F
[    0.167503] ACPI: PCI Root Bridge [PCI0] (domain 0000 [bus 00-ff])
[    0.167873] acpi PNP0A03:00: _OSC: OS supports [ExtendedConfig ASPM ClockPM Segments MSI HPX-Type3]
[    0.168958] PCI host bridge to bus 0000:00
[    0.169472] pci_bus 0000:00: root bus resource [io  0x0000-0x0cf7 window]
[    0.170871] pci_bus 0000:00: root bus resource [io  0x0d00-0xffff window]
[    0.171710] pci_bus 0000:00: root bus resource [mem 0x000a0000-0x000bffff window]
[    0.171871] pci_bus 0000:00: root bus resource [mem 0x40000000-0xfebfffff window]
[    0.172793] pci_bus 0000:00: root bus resource [mem 0x100000000-0x17fffffff window]
[    0.173871] pci_bus 0000:00: root bus resource [bus 00-ff]
[    0.174632] pci 0000:00:00.0: [8086:1237] type 00 class 0x060000 conventional PCI endpoint
[    0.176111] pci 0000:00:01.0: [8086:7000] type 00 class 0x060100 conventional PCI endpoint
[    0.177180] pci 0000:00:01.1: [8086:7010] type 00 class 0x010180 conventional PCI endpoint
[    0.180871] pci 0000:00:01.1: BAR 4 [io  0xc0c0-0xc0cf]
[    0.182288] pci 0000:00:01.1: BAR 0 [io  0x01f0-0x01f7]: legacy IDE quirk
[    0.182871] pci 0000:00:01.1: BAR 1 [io  0x03f6]: legacy IDE quirk
[    0.183642] pci 0000:00:01.1: BAR 2 [io  0x0170-0x0177]: legacy IDE quirk
[    0.184871] pci 0000:00:01.1: BAR 3 [io  0x0376]: legacy IDE quirk
[    0.185718] pci 0000:00:01.3: [8086:7113] type 00 class 0x068000 conventional PCI endpoint
[    0.187101] pci 0000:00:01.3: quirk: [io  0x0600-0x063f] claimed by PIIX4 ACPI
[    0.187875] pci 0000:00:01.3: quirk: [io  0x0700-0x070f] claimed by PIIX4 SMB
[    0.189029] pci 0000:00:02.0: [1af4:1009] type 00 class 0x000200 conventional PCI endpoint
[    0.190225] pci 0000:00:02.0: BAR 0 [io  0xc000-0xc03f]
[    0.191076] pci 0000:00:02.0: BAR 1 [mem 0xfebfc000-0xfebfcfff]
[    0.194415] pci 0000:00:02.0: BAR 4 [mem 0xfebf0000-0xfebf3fff 64bit pref]
[    0.197450] pci 0000:00:03.0: [1af4:1009] type 00 class 0x000200 conventional PCI endpoint
[    0.199204] pci 0000:00:03.0: BAR 0 [io  0xc040-0xc07f]
[    0.200007] pci 0000:00:03.0: BAR 1 [mem 0xfebfd000-0xfebfdfff]
[    0.201537] pci 0000:00:03.0: BAR 4 [mem 0xfebf4000-0xfebf7fff 64bit pref]
[    0.202717] pci 0000:00:04.0: [8086:25ab] type 00 class 0x088000 conventional PCI endpoint
[    0.204300] pci 0000:00:04.0: BAR 0 [mem 0xfebfe000-0xfebfe00f]
[    0.208249] pci 0000:00:05.0: [1af4:1003] type 00 class 0x078000 conventional PCI endpoint
[    0.209193] pci 0000:00:05.0: BAR 0 [io  0xc080-0xc0bf]
[    0.209978] pci 0000:00:05.0: BAR 1 [mem 0xfebff000-0xfebfffff]
[    0.212547] pci 0000:00:05.0: BAR 4 [mem 0xfebf8000-0xfebfbfff 64bit pref]
[    0.214024] ACPI: PCI: Interrupt link LNKA configured for IRQ 10
[    0.214872] ACPI: PCI: Interrupt link LNKB configured for IRQ 10
[    0.215714] ACPI: PCI: Interrupt link LNKC configured for IRQ 11
[    0.216964] ACPI: PCI: Interrupt link LNKD configured for IRQ 11
[    0.217772] ACPI: PCI: Interrupt link LNKS configured for IRQ 9
[    0.219918] iommu: Default domain type: Translated
[    0.220512] iommu: DMA domain TLB invalidation policy: lazy mode
[    0.220922] SCSI subsystem initialized
[    0.221396] pps_core: LinuxPPS API ver. 1 registered
[    0.221871] pps_core: Software ver. 5.3.6 - Copyright 2005-2007 Rodolfo Giometti <giometti@linux.it>
[    0.222872] PTP clock support registered
[    0.223891] Advanced Linux Sound Architecture Driver Initialized.
[    0.225122] NET: Registered PF_ATMPVC protocol family
[    0.225746] NET: Registered PF_ATMSVC protocol family
[    0.225877] PCI: Using ACPI for IRQ routing
[    0.226481] vgaarb: loaded
[    0.226894] hpet0: at MMIO 0xfed00000, IRQs 2, 8, 0
[    0.227501] hpet0: 3 comparators, 64-bit 100.000000 MHz counter
[    0.233190] clocksource: Switched to clocksource kvm-clock
[    0.233868] VFS: Disk quotas dquot_6.6.0
[    0.234384] VFS: Dquot-cache hash table entries: 512 (order 0, 4096 bytes)
[    0.235270] pnp: PnP ACPI init
[    0.235815] pnp: PnP ACPI: found 5 devices
[    0.241549] clocksource: acpi_pm: mask: 0xffffff max_cycles: 0xffffff, max_idle_ns: 2085701024 ns
[    0.242662] NET: Registered PF_INET protocol family
[    0.243280] IP idents hash table entries: 16384 (order: 5, 131072 bytes, linear)
[    0.244337] tcp_listen_portaddr_hash hash table entries: 512 (order: 1, 8192 bytes, linear)
[    0.245372] Table-perturb hash table entries: 65536 (order: 6, 262144 bytes, linear)
[    0.246334] TCP established hash table entries: 8192 (order: 4, 65536 bytes, linear)
[    0.247290] TCP bind hash table entries: 8192 (order: 6, 262144 bytes, linear)
[    0.248186] TCP: Hash tables configured (established 8192 bind 8192)
[    0.248986] UDP hash table entries: 512 (order: 3, 32768 bytes, linear)
[    0.249799] UDP-Lite hash table entries: 512 (order: 3, 32768 bytes, linear)
[    0.250691] NET: Registered PF_UNIX/PF_LOCAL protocol family
[    0.251393] pci_bus 0000:00: resource 4 [io  0x0000-0x0cf7 window]
[    0.252155] pci_bus 0000:00: resource 5 [io  0x0d00-0xffff window]
[    0.252919] pci_bus 0000:00: resource 6 [mem 0x000a0000-0x000bffff window]
[    0.253774] pci_bus 0000:00: resource 7 [mem 0x40000000-0xfebfffff window]
[    0.254622] pci_bus 0000:00: resource 8 [mem 0x100000000-0x17fffffff window]
[    0.255510] pci 0000:00:01.0: PIIX3: Enabling Passive Release
[    0.256223] pci 0000:00:00.0: Limiting direct PCI/PCI transfers
[    0.256984] PCI: CLS 0 bytes, default 64
[    0.257509] kvm_intel: VMX not supported by CPU 10
[    0.258136] kvm_amd: TSC scaling supported
[    0.258637] kvm_amd: Nested Virtualization enabled
[    0.259230] kvm_amd: Nested Paging enabled
[    0.259732] kvm_amd: LBR virtualization supported
[    0.260316] kvm_amd: Virtual GIF supported
[    0.260817] kvm_amd: Virtual NMI enabled
[    0.296166] clocksource: tsc: mask: 0xffffffffffffffff max_cycles: 0x40be400eb43, max_idle_ns: 440795366972 ns
[    0.303562] Initialise system trusted keyrings
[    0.304186] workingset: timestamp_bits=56 max_order=18 bucket_order=0
[    0.305015] squashfs: version 4.0 (2009/01/31) Phillip Lougher
[    0.305759] fuse: init (API version 7.41)
[    0.306299] 9p: Installing v9fs 9p2000 file system support
[    0.313278] Key type asymmetric registered
[    0.313796] Asymmetric key parser 'x509' registered
[    0.314420] Block layer SCSI generic (bsg) driver version 0.4 loaded (major 249)
[    0.315358] io scheduler mq-deadline registered
[    0.315933] io scheduler kyber registered
[    0.318157] input: Power Button as /devices/LNXSYSTM:00/LNXPWRBN:00/input/input0
[    0.319159] ACPI: button: Power Button [PWRF]
[    0.320147] Warning: Processor Platform Limit event detected, but not handled.
[    0.321022] Consider compiling CPUfreq support into your kernel.
[    0.338561] ACPI: \_SB_.LNKB: Enabled at IRQ 10
[    0.354173] ACPI: \_SB_.LNKC: Enabled at IRQ 11
[    0.369715] ACPI: \_SB_.LNKA: Enabled at IRQ 10
[    0.370786] Serial: 8250/16550 driver, 4 ports, IRQ sharing enabled
[    0.371678] 00:03: ttyS0 at I/O 0x3f8 (irq = 4, base_baud = 115200) is a 16550A
[    0.392144] Non-volatile memory driver v1.3
[    0.392710] Linux agpgart interface v0.103
[    0.393228] printk: legacy console [hvc0] enabled
[    0.393275] ACPI: bus type drm_connector registered
[    0.393819] printk: legacy bootconsole [earlyser0] disabled
          _      _                                    
   __   _(_)_ __| |_ _ __ ___   ___       _ __   __ _ 
   \ \ / / |  __| __|  _   _ \ / _ \_____|  _ \ / _  |
    \ V /| | |  | |_| | | | | |  __/_____| | | | (_| |
     \_/ |_|_|   \__|_| |_| |_|\___|     |_| |_|\__  |
                                                |___/ 
   kernel version: 6.12.0-virtme x86_64
   (CTRL+d to exit)

root@virtme-ng:/nipa-data/kernel# PS1='xx__-> '
xx__-> env
PWD=/nipa-data/kernel
nr_open=1048576
HOME=/
TERM=xterm
SHLVL=2
XDG_RUNTIME_DIR=/run/user/0
PATH=/bin:/sbin:/usr/bin:/usr/sbin:/usr/local/bin
OLDPWD=/
_=/bin/env
xx__-> 