No EFI environment detected.
early console in extract_kernel
input_data: 0x0000000004cbf2c4
input_len: 0x000000000188a0e9
output: 0x0000000001000000
output_len: 0x00000000054d390c
kernel_total_size: 0x0000000005030000
needed_size: 0x0000000005600000
trampoline_32bit: 0x000000000009d000
Physical KASLR using RDRAND RDTSC...
Virtual KASLR using RDRAND RDTSC...

Decompressing Linux... Parsing ELF... Performing relocations... done.
Booting the kernel (entry_offset: 0x0000000000000000).
[    0.000000] Linux version 6.10.0-virtme (root@b7bb4f131a7b) (gcc (Ubuntu 13.2.0-23ubuntu4) 13.2.0, GNU ld (GNU Binutils for Ubuntu) 2.42) #1 SMP PREEMPT_DYNAMIC Tue Jul 23 12:27:38 UTC 2024
[    0.000000] Command line: virtme_hostname=virtme-ng nr_open=1048576 virtme_link_mods=/nipa-data/kernel/.virtme_mods/lib/modules/0.0.0 virtme_initmount0=nipa-data/kernel virtme_rw_overlay0=/etc virtme_rw_overlay1=/lib virtme_rw_overlay2=/home virtme_rw_overlay3=/opt virtme_rw_overlay4=/srv virtme_rw_overlay5=/usr virtme_rw_overlay6=/var console=hvc0 earlyprintk=serial,ttyS0,115200 virtme_console=ttyS0 psmouse.proto=exps TERM=xterm virtme_chdir=nipa-data/kernel virtme_root_user=1 rootfstype=9p rootflags=version=9p2000.L,trans=virtio,access=any raid=noautodetect ro init=/usr/lib/python3/dist-packages/virtme/guest/virtme-init
[    0.000000] x86/split lock detection: #DB: warning on user-space bus_locks
[    0.000000] BIOS-provided physical RAM map:
[    0.000000] BIOS-e820: [mem 0x0000000000000000-0x000000000009fbff] usable
[    0.000000] BIOS-e820: [mem 0x000000000009fc00-0x000000000009ffff] reserved
[    0.000000] BIOS-e820: [mem 0x00000000000f0000-0x00000000000fffff] reserved
[    0.000000] BIOS-e820: [mem 0x0000000000100000-0x000000003ffdffff] usable
[    0.000000] BIOS-e820: [mem 0x000000003ffe0000-0x000000003fffffff] reserved
[    0.000000] BIOS-e820: [mem 0x00000000feffc000-0x00000000feffffff] reserved
[    0.000000] BIOS-e820: [mem 0x00000000fffc0000-0x00000000ffffffff] reserved
[    0.000000] printk: legacy bootconsole [earlyser0] enabled
[    0.000000] NX (Execute Disable) protection: active
[    0.000000] APIC: Static calls initialized
[    0.000000] SMBIOS 3.0.0 present.
[    0.000000] DMI: QEMU Ubuntu 24.04 PC (i440FX + PIIX, 1996), BIOS 1.16.3-debian-1.16.3-2 04/01/2014
[    0.000000] DMI: Memory slots populated: 1/1
[    0.000000] Hypervisor detected: KVM
[    0.000000] kvm-clock: Using msrs 4b564d01 and 4b564d00
[    0.000001] kvm-clock: using sched offset of 1318653430 cycles
[    0.000753] clocksource: kvm-clock: mask: 0xffffffffffffffff max_cycles: 0x1cd42e4dffb, max_idle_ns: 881590591483 ns
[    0.003122] tsc: Detected 2000.000 MHz processor
[    0.004394] last_pfn = 0x3ffe0 max_arch_pfn = 0x10000000000
[    0.005257] MTRR map: 4 entries (3 fixed + 1 variable; max 19), built from 8 variable MTRRs
[    0.006482] x86/PAT: Configuration [0-7]: WB  WC  UC- UC  WB  WP  UC- WT  
[    0.013446] found SMP MP-table at [mem 0x000f5470-0x000f547f]
[    0.014287] Using GB pages for direct mapping
[    0.015400] ACPI: Early table checksum verification disabled
[    0.016213] ACPI: RSDP 0x00000000000F5290 000014 (v00 BOCHS )
[    0.017045] ACPI: RSDT 0x000000003FFE308E 000034 (v01 BOCHS  BXPC     00000001 BXPC 00000001)
[    0.018274] ACPI: FACP 0x000000003FFE2D8A 000074 (v01 BOCHS  BXPC     00000001 BXPC 00000001)
[    0.019501] ACPI: DSDT 0x000000003FFE0040 002D4A (v01 BOCHS  BXPC     00000001 BXPC 00000001)
[    0.020726] ACPI: FACS 0x000000003FFE0000 000040
[    0.021394] ACPI: APIC 0x000000003FFE2DFE 000230 (v03 BOCHS  BXPC     00000001 BXPC 00000001)
[    0.022617] ACPI: HPET 0x000000003FFE302E 000038 (v01 BOCHS  BXPC     00000001 BXPC 00000001)
[    0.023839] ACPI: WAET 0x000000003FFE3066 000028 (v01 BOCHS  BXPC     00000001 BXPC 00000001)
[    0.025063] ACPI: Reserving FACP table memory at [mem 0x3ffe2d8a-0x3ffe2dfd]
[    0.026071] ACPI: Reserving DSDT table memory at [mem 0x3ffe0040-0x3ffe2d89]
[    0.027079] ACPI: Reserving FACS table memory at [mem 0x3ffe0000-0x3ffe003f]
[    0.028085] ACPI: Reserving APIC table memory at [mem 0x3ffe2dfe-0x3ffe302d]
[    0.029098] ACPI: Reserving HPET table memory at [mem 0x3ffe302e-0x3ffe3065]
[    0.030105] ACPI: Reserving WAET table memory at [mem 0x3ffe3066-0x3ffe308d]
[    0.031616] No NUMA configuration found
[    0.032167] Faking a node at [mem 0x0000000000000000-0x000000003ffdffff]
[    0.033134] NODE_DATA(0) allocated [mem 0x3ffdb000-0x3ffdffff]
[    0.034129] Zone ranges:
[    0.034494]   DMA      [mem 0x0000000000001000-0x0000000000ffffff]
[    0.035381]   DMA32    [mem 0x0000000001000000-0x000000003ffdffff]
[    0.036267]   Normal   empty
[    0.036681]   Device   empty
[    0.037099] Movable zone start for each node
[    0.037710] Early memory node ranges
[    0.038222]   node   0: [mem 0x0000000000001000-0x000000000009efff]
[    0.039120]   node   0: [mem 0x0000000000100000-0x000000003ffdffff]
[    0.040017] Initmem setup node 0 [mem 0x0000000000001000-0x000000003ffdffff]
[    0.041036] On node 0, zone DMA: 1 pages in unavailable ranges
[    0.041971] On node 0, zone DMA: 97 pages in unavailable ranges
[    0.051483] On node 0, zone DMA32: 32 pages in unavailable ranges
[    0.084486] kasan: KernelAddressSanitizer initialized
[    0.085770] ACPI: PM-Timer IO Port: 0x608
[    0.086376] ACPI: LAPIC_NMI (acpi_id[0xff] dfl dfl lint[0x1])
[    0.087259] IOAPIC[0]: apic_id 0, version 17, address 0xfec00000, GSI 0-23
[    0.088249] ACPI: INT_SRC_OVR (bus 0 bus_irq 0 global_irq 2 dfl dfl)
[    0.089165] ACPI: INT_SRC_OVR (bus 0 bus_irq 5 global_irq 5 high level)
[    0.090113] ACPI: INT_SRC_OVR (bus 0 bus_irq 9 global_irq 9 high level)
[    0.091061] ACPI: INT_SRC_OVR (bus 0 bus_irq 10 global_irq 10 high level)
[    0.092034] ACPI: INT_SRC_OVR (bus 0 bus_irq 11 global_irq 11 high level)
[    0.093013] ACPI: Using ACPI (MADT) for SMP configuration information
[    0.093938] ACPI: HPET id: 0x8086a201 base: 0xfed00000
[    0.094683] TSC deadline timer available
[    0.095259] CPU topo: Max. logical packages:   1
[    0.095924] CPU topo: Max. logical dies:       1
[    0.096587] CPU topo: Max. dies per package:   1
[    0.097257] CPU topo: Max. threads per core:   1
[    0.097920] CPU topo: Num. cores per package:    56
[    0.098620] CPU topo: Num. threads per package:  56
[    0.099320] CPU topo: Allowing 56 present CPUs plus 0 hotplug CPUs
[    0.100238] kvm-guest: APIC: eoi() replaced with kvm_guest_apic_eoi_write()
[    0.101338] kvm-guest: KVM setup pv remote TLB flush
[    0.102055] kvm-guest: setup PV sched yield
[    0.102663] PM: hibernation: Registered nosave memory: [mem 0x00000000-0x00000fff]
[    0.103750] PM: hibernation: Registered nosave memory: [mem 0x0009f000-0x0009ffff]
[    0.104836] PM: hibernation: Registered nosave memory: [mem 0x000a0000-0x000effff]
[    0.105927] PM: hibernation: Registered nosave memory: [mem 0x000f0000-0x000fffff]
[    0.107015] [mem 0x40000000-0xfeffbfff] available for PCI devices
[    0.107890] Booting paravirtualized kernel on KVM
[    0.108567] clocksource: refined-jiffies: mask: 0xffffffff max_cycles: 0xffffffff, max_idle_ns: 1910969940391419 ns
[    0.131203] setup_percpu: NR_CPUS:64 nr_cpumask_bits:56 nr_cpu_ids:56 nr_node_ids:1
[    0.141626] percpu: Embedded 70 pages/cpu s248408 r8192 d30120 u524288
[    0.142780] Kernel command line: virtme_hostname=virtme-ng nr_open=1048576 virtme_link_mods=/nipa-data/kernel/.virtme_mods/lib/modules/0.0.0 virtme_initmount0=nipa-data/kernel virtme_rw_overlay0=/etc virtme_rw_overlay1=/lib virtme_rw_overlay2=/home virtme_rw_overlay3=/opt virtme_rw_overlay4=/srv virtme_rw_overlay5=/usr virtme_rw_overlay6=/var console=hvc0 earlyprintk=serial,ttyS0,115200 virtme_console=ttyS0 psmouse.proto=exps TERM=xterm virtme_chdir=nipa-data/kernel virtme_root_user=1 rootfstype=9p rootflags=version=9p2000.L,trans=virtio,access=any raid=noautodetect ro init=/usr/lib/python3/dist-packages/virtme/guest/virtme-init
[    0.151191] Unknown kernel command line parameters "virtme_hostname=virtme-ng nr_open=1048576 virtme_link_mods=/nipa-data/kernel/.virtme_mods/lib/modules/0.0.0 virtme_initmount0=nipa-data/kernel virtme_rw_overlay0=/etc virtme_rw_overlay1=/lib virtme_rw_overlay2=/home virtme_rw_overlay3=/opt virtme_rw_overlay4=/srv virtme_rw_overlay5=/usr virtme_rw_overlay6=/var virtme_console=ttyS0 virtme_chdir=nipa-data/kernel virtme_root_user=1", will be passed to user space.
[    0.157183] random: crng init done
[    0.157681] printk: log_buf_len individual max cpu contribution: 4096 bytes
[    0.158693] printk: log_buf_len total cpu_extra contributions: 225280 bytes
[    0.159707] printk: log_buf_len min size: 262144 bytes
[    0.161362] printk: log_buf_len: 524288 bytes
[    0.162019] printk: early log buf free: 253864(96%)
[    0.163207] Dentry cache hash table entries: 131072 (order: 8, 1048576 bytes, linear)
[    0.164426] Inode-cache hash table entries: 65536 (order: 7, 524288 bytes, linear)
[    0.168112] Fallback order for Node 0: 0 
[    0.168130] Built 1 zonelists, mobility grouping on.  Total pages: 262014
[    0.169656] Policy zone: DMA32
[    0.170080] mem auto-init: stack:all(zero), heap alloc:off, heap free:off
[    0.171016] stackdepot: allocating hash table via alloc_large_system_hash
[    0.171955] stackdepot hash table entries: 1048576 (order: 12, 16777216 bytes, linear)
[    0.196056] Memory: 767484K/1048056K available (45056K kernel code, 11276K rwdata, 9904K rodata, 5944K init, 2008K bss, 280372K reserved, 0K cma-reserved)
[    0.198475] SLUB: HWalign=64, Order=0-3, MinObjects=0, CPUs=56, Nodes=1
Poking KASLR using RDRAND RDTSC...
[    0.199971] ftrace: allocating 48227 entries in 189 pages
[    0.220080] ftrace: allocated 189 pages with 6 groups
[    0.222729] Dynamic Preempt: voluntary
[    0.225265] rcu: Preemptible hierarchical RCU implementation.
[    0.226063] rcu: RCU event tracing is enabled.
[    0.226687] rcu: RCU restricting CPUs from NR_CPUS=64 to nr_cpu_ids=56.
[    0.227611] Trampoline variant of Tasks RCU enabled.
[    0.228308] Rude variant of Tasks RCU enabled.
[    0.228933] Tracing variant of Tasks RCU enabled.
[    0.229600] rcu: RCU calculated value of scheduler-enlistment delay is 100 jiffies.
[    0.230653] rcu: Adjusting geometry for rcu_fanout_leaf=16, nr_cpu_ids=56
[    0.231882] RCU Tasks: Setting shift to 6 and lim to 1 rcu_task_cb_adjust=1.
[    0.232861] RCU Tasks Rude: Setting shift to 6 and lim to 1 rcu_task_cb_adjust=1.
[    0.233901] RCU Tasks Trace: Setting shift to 6 and lim to 1 rcu_task_cb_adjust=1.
[    0.255070] NR_IRQS: 4352, nr_irqs: 872, preallocated irqs: 16
[    0.256417] rcu: srcu_init: Setting srcu_struct sizes based on contention.
[    0.257845] Console: colour *CGA 80x25
[    0.258468] ACPI: Core revision 20240322
[    0.259373] clocksource: hpet: mask: 0xffffffff max_cycles: 0xffffffff, max_idle_ns: 19112604467 ns
[    0.260776] APIC: Switch to symmetric I/O mode setup
[    0.261554] APIC: Switched APIC routing to: physical flat
[    0.262480] kvm-guest: APIC: send_IPI_mask() replaced with kvm_send_ipi_mask()
[    0.263560] kvm-guest: APIC: send_IPI_mask_allbutself() replaced with kvm_send_ipi_mask_allbutself()
[    0.264901] kvm-guest: setup PV IPIs
[    0.267064] ..TIMER: vector=0x30 apic1=0 pin1=2 apic2=-1 pin2=-1
[    0.268338] clocksource: tsc-early: mask: 0xffffffffffffffff max_cycles: 0x39a85c9bff6, max_idle_ns: 881590591483 ns
[    0.270620] Calibrating delay loop (skipped) preset value.. 4000.00 BogoMIPS (lpj=2000000)
[    0.271847] x86/cpu: User Mode Instruction Prevention (UMIP) activated
[    0.272758] Last level iTLB entries: 4KB 0, 2MB 0, 4MB 0
[    0.273615] Last level dTLB entries: 4KB 0, 2MB 0, 4MB 0, 1GB 0
[    0.274636] Spectre V1 : Mitigation: usercopy/swapgs barriers and __user pointer sanitization
[    0.275623] Spectre V2 : Spectre BHI mitigation: SW BHB clearing on syscall and VM exit
[    0.276615] Spectre V2 : Mitigation: Enhanced / Automatic IBRS
[    0.277615] Spectre V2 : Spectre v2 / SpectreRSB mitigation: Filling RSB on context switch
[    0.278618] Spectre V2 : Spectre v2 / PBRSB-eIBRS: Retire a single CALL on VMEXIT
[    0.279623] Spectre V2 : mitigation: Enabling conditional Indirect Branch Prediction Barrier
[    0.280622] Speculative Store Bypass: Mitigation: Speculative Store Bypass disabled via prctl
[    0.281615] TAA: Mitigation: TSX disabled
[    0.282701] x86/fpu: Supporting XSAVE feature 0x001: 'x87 floating point registers'
[    0.283624] x86/fpu: Supporting XSAVE feature 0x002: 'SSE registers'
[    0.284624] x86/fpu: Supporting XSAVE feature 0x004: 'AVX registers'
[    0.285624] x86/fpu: Supporting XSAVE feature 0x020: 'AVX-512 opmask'
[    0.286618] x86/fpu: Supporting XSAVE feature 0x040: 'AVX-512 Hi256'
[    0.287623] x86/fpu: Supporting XSAVE feature 0x080: 'AVX-512 ZMM_Hi256'
[    0.288623] x86/fpu: Supporting XSAVE feature 0x200: 'Protection Keys User registers'
[    0.289623] x86/fpu: Supporting XSAVE feature 0x20000: 'AMX Tile config'
[    0.290624] x86/fpu: Supporting XSAVE feature 0x40000: 'AMX Tile data'
[    0.291625] x86/fpu: xstate_offset[2]:  576, xstate_sizes[2]:  256
[    0.292624] x86/fpu: xstate_offset[5]:  832, xstate_sizes[5]:   64
[    0.293624] x86/fpu: xstate_offset[6]:  896, xstate_sizes[6]:  512
[    0.294624] x86/fpu: xstate_offset[7]: 1408, xstate_sizes[7]: 1024
[    0.295624] x86/fpu: xstate_offset[9]: 2432, xstate_sizes[9]:    8
[    0.296624] x86/fpu: xstate_offset[17]: 2496, xstate_sizes[17]:   64
[    0.297618] x86/fpu: xstate_offset[18]: 2560, xstate_sizes[18]: 8192
[    0.298624] x86/fpu: Enabled xstate features 0x602e7, context size is 10752 bytes, using 'compacted' format.
[    0.344146] Freeing SMP alternatives memory: 40K
[    0.344616] pid_max: default: 57344 minimum: 448
[    0.346635] Mount-cache hash table entries: 2048 (order: 2, 16384 bytes, linear)
[    0.347629] Mountpoint-cache hash table entries: 2048 (order: 2, 16384 bytes, linear)
[    0.350702] smpboot: CPU0: Intel(R) Xeon(R) Platinum 8480+ (family: 0x6, model: 0x8f, stepping: 0x6)
[    0.352388] Performance Events: PEBS fmt0-, Sapphire Rapids events, full-width counters, Intel PMU driver.
[    0.352621] ... version:                2
[    0.353429] ... bit width:              48
[    0.353617] ... generic registers:      8
[    0.354415] ... value mask:             0000ffffffffffff
[    0.354617] ... max period:             00007fffffffffff
[    0.355617] ... fixed-purpose events:   3
[    0.356409] ... event mask:             00000007000000ff
[    0.356939] signal: max sigframe size: 11952
[    0.357687] rcu: Hierarchical SRCU implementation.
[    0.358617] rcu: Max phase no-delay instances is 400.
[    0.362335] smp: Bringing up secondary CPUs ...
[    0.362907] smpboot: x86: Booting SMP configuration:
[    0.363622] .... node  #0, CPUs:        #1  #2  #3  #4  #5  #6  #7  #8  #9 #10 #11 #12 #13 #14 #15 #16 #17 #18 #19 #20 #21 #22 #23 #24 #25 #26 #27 #28 #29 #30 #31 #32 #33 #34 #35 #36 #37 #38 #39 #40 #41 #42 #43 #44 #45 #46 #47 #48 #49 #50 #51 #52 #53 #54 #55
[    0.427162] smp: Brought up 1 node, 56 CPUs
[    0.428452] smpboot: Total of 56 processors activated (224000.00 BogoMIPS)
[    0.443885] devtmpfs: initialized
[    0.444893] x86/mm: Memory block size: 128MB
[    0.455021] clocksource: jiffies: mask: 0xffffffff max_cycles: 0xffffffff, max_idle_ns: 1911260446275000 ns
[    0.455640] futex hash table entries: 16384 (order: 8, 1048576 bytes, linear)
[    0.457619] PM: RTC time: 12:28:23, date: 2024-07-23
[    0.461815] NET: Registered PF_NETLINK/PF_ROUTE protocol family
[    0.463793] thermal_sys: Registered thermal governor 'step_wise'
[    0.463799] thermal_sys: Registered thermal governor 'user_space'
[    0.464691] cpuidle: using governor menu
[    0.469272] PCI: Using configuration type 1 for base access
[    0.469800] kprobes: kprobe jump-optimization is enabled. All kprobes are optimized if possible.
[    0.489243] HugeTLB: registered 1.00 GiB page size, pre-allocated 0 pages
[    0.491622] HugeTLB: 16380 KiB vmemmap can be freed for a 1.00 GiB page
[    0.493621] HugeTLB: registered 2.00 MiB page size, pre-allocated 0 pages
[    0.495619] HugeTLB: 28 KiB vmemmap can be freed for a 2.00 MiB page
[    0.498637] Demotion targets for Node 0: null
[    0.502434] ACPI: Added _OSI(Module Device)
[    0.503620] ACPI: Added _OSI(Processor Device)
[    0.504620] ACPI: Added _OSI(3.0 _SCP Extensions)
[    0.506620] ACPI: Added _OSI(Processor Aggregator Device)
[    0.546092] ACPI: 1 ACPI AML tables successfully acquired and loaded
[    0.557431] ACPI: Interpreter enabled
[    0.557697] ACPI: PM: (supports S0 S3 S4 S5)
[    0.558586] ACPI: Using IOAPIC for interrupt routing
[    0.559687] PCI: Using host bridge windows from ACPI; if necessary, use "pci=nocrs" and report a bug
[    0.561618] PCI: Using E820 reservations for host bridge windows
[    0.564063] ACPI: Enabled 2 GPEs in block 00 to 0F
[    0.626552] ACPI: PCI Root Bridge [PCI0] (domain 0000 [bus 00-ff])
[    0.627635] acpi PNP0A03:00: _OSC: OS supports [ASPM ClockPM Segments MSI HPX-Type3]
[    0.628618] acpi PNP0A03:00: _OSC: not requesting OS control; OS requires [ExtendedConfig ASPM ClockPM MSI]
[    0.630751] acpi PNP0A03:00: fail to add MMCONFIG information, can't access extended configuration space under this bridge
[    0.633056] PCI host bridge to bus 0000:00
[    0.633621] pci_bus 0000:00: root bus resource [io  0x0000-0x0cf7 window]
[    0.634620] pci_bus 0000:00: root bus resource [io  0x0d00-0xffff window]
[    0.636620] pci_bus 0000:00: root bus resource [mem 0x000a0000-0x000bffff window]
[    0.637620] pci_bus 0000:00: root bus resource [mem 0x40000000-0xfebfffff window]
[    0.638620] pci_bus 0000:00: root bus resource [mem 0x100000000-0x17fffffff window]
[    0.640621] pci_bus 0000:00: root bus resource [bus 00-ff]
[    0.641743] pci 0000:00:00.0: [8086:1237] type 00 class 0x060000 conventional PCI endpoint
[    0.643868] pci 0000:00:01.0: [8086:7000] type 00 class 0x060100 conventional PCI endpoint
[    0.646920] pci 0000:00:01.1: [8086:7010] type 00 class 0x010180 conventional PCI endpoint
[    0.651959] pci 0000:00:01.1: BAR 4 [io  0xc0c0-0xc0cf]
[    0.653949] pci 0000:00:01.1: BAR 0 [io  0x01f0-0x01f7]: legacy IDE quirk
[    0.654618] pci 0000:00:01.1: BAR 1 [io  0x03f6]: legacy IDE quirk
[    0.655617] pci 0000:00:01.1: BAR 2 [io  0x0170-0x0177]: legacy IDE quirk
[    0.657617] pci 0000:00:01.1: BAR 3 [io  0x0376]: legacy IDE quirk
[    0.660597] pci 0000:00:01.3: [8086:7113] type 00 class 0x068000 conventional PCI endpoint
[    0.662230] pci 0000:00:01.3: quirk: [io  0x0600-0x063f] claimed by PIIX4 ACPI
[    0.663627] pci 0000:00:01.3: quirk: [io  0x0700-0x070f] claimed by PIIX4 SMB
[    0.666655] pci 0000:00:02.0: [1af4:1009] type 00 class 0x000200 conventional PCI endpoint
[    0.669390] pci 0000:00:02.0: BAR 0 [io  0xc000-0xc03f]
[    0.671620] pci 0000:00:02.0: BAR 1 [mem 0xfebfc000-0xfebfcfff]
[    0.677621] pci 0000:00:02.0: BAR 4 [mem 0xfebf0000-0xfebf3fff 64bit pref]
[    0.692754] pci 0000:00:03.0: [1af4:1009] type 00 class 0x000200 conventional PCI endpoint
[    0.695540] pci 0000:00:03.0: BAR 0 [io  0xc040-0xc07f]
[    0.697492] pci 0000:00:03.0: BAR 1 [mem 0xfebfd000-0xfebfdfff]
[    0.701623] pci 0000:00:03.0: BAR 4 [mem 0xfebf4000-0xfebf7fff 64bit pref]
[    0.716131] pci 0000:00:04.0: [8086:25ab] type 00 class 0x088000 conventional PCI endpoint
[    0.719628] pci 0000:00:04.0: BAR 0 [mem 0xfebfe000-0xfebfe00f]
[    0.735540] pci 0000:00:05.0: [1af4:1003] type 00 class 0x078000 conventional PCI endpoint
[    0.737567] pci 0000:00:05.0: BAR 0 [io  0xc080-0xc0bf]
[    0.739619] pci 0000:00:05.0: BAR 1 [mem 0xfebff000-0xfebfffff]
[    0.743618] pci 0000:00:05.0: BAR 4 [mem 0xfebf8000-0xfebfbfff 64bit pref]
[    0.761613] ACPI: PCI: Interrupt link LNKA configured for IRQ 10
[    0.764701] ACPI: PCI: Interrupt link LNKB configured for IRQ 10
[    0.766670] ACPI: PCI: Interrupt link LNKC configured for IRQ 11
[    0.768656] ACPI: PCI: Interrupt link LNKD configured for IRQ 11
[    0.770062] ACPI: PCI: Interrupt link LNKS configured for IRQ 9
[    0.802337] iommu: Default domain type: Translated
[    0.803618] iommu: DMA domain TLB invalidation policy: lazy mode
[    0.805201] SCSI subsystem initialized
[    0.806904] pps_core: LinuxPPS API ver. 1 registered
[    0.807620] pps_core: Software ver. 5.3.6 - Copyright 2005-2007 Rodolfo Giometti <giometti@linux.it>
[    0.808635] PTP clock support registered
[    0.810861] Advanced Linux Sound Architecture Driver Initialized.
[    0.813613] NET: Registered PF_ATMPVC protocol family
[    0.815619] NET: Registered PF_ATMSVC protocol family
[    0.816647] PCI: Using ACPI for IRQ routing
[    0.818642] vgaarb: loaded
[    0.819824] hpet0: at MMIO 0xfed00000, IRQs 2, 8, 0
[    0.820617] hpet0: 3 comparators, 64-bit 100.000000 MHz counter
[    0.827830] clocksource: Switched to clocksource kvm-clock
[    0.829678] VFS: Disk quotas dquot_6.6.0
[    0.830532] VFS: Dquot-cache hash table entries: 512 (order 0, 4096 bytes)
[    0.836481] pnp: PnP ACPI init
[    0.842375] pnp: PnP ACPI: found 5 devices
[    0.858471] clocksource: acpi_pm: mask: 0xffffff max_cycles: 0xffffff, max_idle_ns: 2085701024 ns
[    0.860427] NET: Registered PF_INET protocol family
[    0.861522] IP idents hash table entries: 16384 (order: 5, 131072 bytes, linear)
[    0.863786] tcp_listen_portaddr_hash hash table entries: 512 (order: 1, 8192 bytes, linear)
[    0.865498] Table-perturb hash table entries: 65536 (order: 6, 262144 bytes, linear)
[    0.867109] TCP established hash table entries: 8192 (order: 4, 65536 bytes, linear)
[    0.868708] TCP bind hash table entries: 8192 (order: 6, 262144 bytes, linear)
[    0.870205] TCP: Hash tables configured (established 8192 bind 8192)
[    0.871825] UDP hash table entries: 512 (order: 2, 16384 bytes, linear)
[    0.873181] UDP-Lite hash table entries: 512 (order: 2, 16384 bytes, linear)
[    0.875024] NET: Registered PF_UNIX/PF_LOCAL protocol family
[    0.876198] pci_bus 0000:00: resource 4 [io  0x0000-0x0cf7 window]
[    0.877454] pci_bus 0000:00: resource 5 [io  0x0d00-0xffff window]
[    0.878708] pci_bus 0000:00: resource 6 [mem 0x000a0000-0x000bffff window]
[    0.880091] pci_bus 0000:00: resource 7 [mem 0x40000000-0xfebfffff window]
[    0.881472] pci_bus 0000:00: resource 8 [mem 0x100000000-0x17fffffff window]
[    0.883133] pci 0000:00:01.0: PIIX3: Enabling Passive Release
[    0.884314] pci 0000:00:00.0: Limiting direct PCI/PCI transfers
[    0.885622] PCI: CLS 0 bytes, default 64
[    0.904242] RAPL PMU: API unit is 2^-32 Joules, 1 fixed counters, 10737418240 ms ovfl timer
[    0.906198] RAPL PMU: hw unit of domain psys 2^-0 Joules
[    1.274135] kwatchdog (374) used greatest stack depth: 30696 bytes left
[    1.488922] kvm_amd: CPU 4 isn't AMD or Hygon
[    1.489841] clocksource: tsc: mask: 0xffffffffffffffff max_cycles: 0x39a85c9bff6, max_idle_ns: 881590591483 ns
[    1.634614] Initialise system trusted keyrings
[    1.636324] workingset: timestamp_bits=56 max_order=18 bucket_order=0
[    1.637828] squashfs: version 4.0 (2009/01/31) Phillip Lougher
[    1.639046] fuse: init (API version 7.40)
[    1.640634] 9p: Installing v9fs 9p2000 file system support
[    1.660768] Key type asymmetric registered
[    1.661628] Asymmetric key parser 'x509' registered
[    1.662708] Block layer SCSI generic (bsg) driver version 0.4 loaded (major 249)
[    1.664260] io scheduler mq-deadline registered
[    1.665164] io scheduler kyber registered
[    1.684071] input: Power Button as /devices/LNXSYSTM:00/LNXPWRBN:00/input/input0
[    1.686080] ACPI: button: Power Button [PWRF]
[    1.690088] Warning: Processor Platform Limit event detected, but not handled.
[    1.692341] Consider compiling CPUfreq support into your kernel.
[    2.608317] ACPI: \_SB_.LNKB: Enabled at IRQ 10
[    3.486072] ACPI: \_SB_.LNKC: Enabled at IRQ 11
[    4.334701] ACPI: \_SB_.LNKA: Enabled at IRQ 10
[    4.336603] Serial: 8250/16550 driver, 4 ports, IRQ sharing enabled
[    4.337857] 00:03: ttyS0 at I/O 0x3f8 (irq = 4, base_baud = 115200) is a 16550A
[    4.362660] Non-volatile memory driver v1.3
[    4.363183] Linux agpgart interface v0.103
[    4.363853] ACPI: bus type drm_connector registered
[    4.365851] printk: legacy console [hvc0] enabled
[    4.366888] printk: legacy bootconsole [earlyser0] disabled
          _      _                                    
   __   _(_)_ __| |_ _ __ ___   ___       _ __   __ _ 
   \ \ / / |  __| __|  _   _ \ / _ \_____|  _ \ / _  |
    \ V /| | |  | |_| | | | | |  __/_____| | | | (_| |
     \_/ |_|_|   \__|_| |_| |_|\___|     |_| |_|\__  |
                                                |___/ 
   kernel version: 6.10.0-virtme x86_64
   (CTRL+d to exit)

root@virtme-ng:/nipa-data/kernel# PS1='xx__-> '
xx__-> env
PWD=/nipa-data/kernel
nr_open=1048576
HOME=/
TERM=xterm
SHLVL=2
XDG_RUNTIME_DIR=/run/user/0
PATH=/bin:/sbin:/usr/bin:/usr/sbin:/usr/local/bin
OLDPWD=/
_=/bin/env
xx__-> 