No EFI environment detected.
early console in extract_kernel
input_data: 0x0000000002be52c4
input_len: 0x0000000000b6b00b
output: 0x0000000001000000
output_len: 0x0000000002708bb0
kernel_total_size: 0x0000000002430000
needed_size: 0x0000000002800000
trampoline_32bit: 0x000000000009d000
Physical KASLR using RDRAND RDTSC...
Virtual KASLR using RDRAND RDTSC...

Decompressing Linux... Parsing ELF... Performing relocations... done.
Booting the kernel (entry_offset: 0x0000000000000000).
[    0.000000] Linux version 6.11.0-virtme (root@35a7258bb23e) (gcc (Ubuntu 13.2.0-23ubuntu4) 13.2.0, GNU ld (GNU Binutils for Ubuntu) 2.42) #1 SMP PREEMPT_DYNAMIC Sat Sep 28 18:12:36 UTC 2024
[    0.000000] Command line: virtme_hostname=virtme-ng nr_open=1048576 virtme_link_mods=/nipa-data/kernel/.virtme_mods/lib/modules/0.0.0 virtme_initmount0=nipa-data/kernel virtme_rw_overlay0=/etc virtme_rw_overlay1=/lib virtme_rw_overlay2=/home virtme_rw_overlay3=/opt virtme_rw_overlay4=/srv virtme_rw_overlay5=/usr virtme_rw_overlay6=/var console=hvc0 earlyprintk=serial,ttyS0,115200 virtme_console=ttyS0 psmouse.proto=exps TERM=xterm virtme_chdir=nipa-data/kernel virtme_root_user=1 rootfstype=9p rootflags=version=9p2000.L,trans=virtio,access=any raid=noautodetect ro init=/usr/lib/python3/dist-packages/virtme/guest/virtme-init
[    0.000000] x86/split lock detection: #DB: warning on user-space bus_locks
[    0.000000] BIOS-provided physical RAM map:
[    0.000000] BIOS-e820: [mem 0x0000000000000000-0x000000000009fbff] usable
[    0.000000] BIOS-e820: [mem 0x000000000009fc00-0x000000000009ffff] reserved
[    0.000000] BIOS-e820: [mem 0x00000000000f0000-0x00000000000fffff] reserved
[    0.000000] BIOS-e820: [mem 0x0000000000100000-0x000000003ffdffff] usable
[    0.000000] BIOS-e820: [mem 0x000000003ffe0000-0x000000003fffffff] reserved
[    0.000000] BIOS-e820: [mem 0x00000000feffc000-0x00000000feffffff] reserved
[    0.000000] BIOS-e820: [mem 0x00000000fffc0000-0x00000000ffffffff] reserved
[    0.000000] printk: legacy bootconsole [earlyser0] enabled
[    0.000000] NX (Execute Disable) protection: active
[    0.000000] APIC: Static calls initialized
[    0.000000] SMBIOS 3.0.0 present.
[    0.000000] DMI: QEMU Ubuntu 24.04 PC (i440FX + PIIX, 1996), BIOS 1.16.3-debian-1.16.3-2 04/01/2014
[    0.000000] DMI: Memory slots populated: 1/1
[    0.000000] Hypervisor detected: KVM
[    0.000000] kvm-clock: Using msrs 4b564d01 and 4b564d00
[    0.000001] kvm-clock: using sched offset of 795406447 cycles
[    0.000763] clocksource: kvm-clock: mask: 0xffffffffffffffff max_cycles: 0x1cd42e4dffb, max_idle_ns: 881590591483 ns
[    0.003128] tsc: Detected 2000.000 MHz processor
[    0.004401] last_pfn = 0x3ffe0 max_arch_pfn = 0x10000000000
[    0.005268] MTRR map: 4 entries (3 fixed + 1 variable; max 19), built from 8 variable MTRRs
[    0.006484] x86/PAT: Configuration [0-7]: WB  WC  UC- UC  WB  WP  UC- WT  
Memory KASLR using RDRAND RDTSC...
[    0.015362] found SMP MP-table at [mem 0x000f5470-0x000f547f]
[    0.016215] Using GB pages for direct mapping
[    0.017008] ACPI: Early table checksum verification disabled
[    0.017831] ACPI: RSDP 0x00000000000F5290 000014 (v00 BOCHS )
[    0.018669] ACPI: RSDT 0x000000003FFE308E 000034 (v01 BOCHS  BXPC     00000001 BXPC 00000001)
[    0.019934] ACPI: FACP 0x000000003FFE2D8A 000074 (v01 BOCHS  BXPC     00000001 BXPC 00000001)
[    0.021180] ACPI: DSDT 0x000000003FFE0040 002D4A (v01 BOCHS  BXPC     00000001 BXPC 00000001)
[    0.022453] ACPI: FACS 0x000000003FFE0000 000040
[    0.023124] ACPI: APIC 0x000000003FFE2DFE 000230 (v03 BOCHS  BXPC     00000001 BXPC 00000001)
[    0.024366] ACPI: HPET 0x000000003FFE302E 000038 (v01 BOCHS  BXPC     00000001 BXPC 00000001)
[    0.025603] ACPI: WAET 0x000000003FFE3066 000028 (v01 BOCHS  BXPC     00000001 BXPC 00000001)
[    0.026839] ACPI: Reserving FACP table memory at [mem 0x3ffe2d8a-0x3ffe2dfd]
[    0.027868] ACPI: Reserving DSDT table memory at [mem 0x3ffe0040-0x3ffe2d89]
[    0.028895] ACPI: Reserving FACS table memory at [mem 0x3ffe0000-0x3ffe003f]
[    0.029916] ACPI: Reserving APIC table memory at [mem 0x3ffe2dfe-0x3ffe302d]
[    0.030938] ACPI: Reserving HPET table memory at [mem 0x3ffe302e-0x3ffe3065]
[    0.031972] ACPI: Reserving WAET table memory at [mem 0x3ffe3066-0x3ffe308d]
[    0.033351] No NUMA configuration found
[    0.033932] Faking a node at [mem 0x0000000000000000-0x000000003ffdffff]
[    0.034901] NODE_DATA(0) allocated [mem 0x3ffdb780-0x3ffdffff]
[    0.035893] Zone ranges:
[    0.036264]   DMA      [mem 0x0000000000001000-0x0000000000ffffff]
[    0.037158]   DMA32    [mem 0x0000000001000000-0x000000003ffdffff]
[    0.038062]   Normal   empty
[    0.038479]   Device   empty
[    0.038895] Movable zone start for each node
[    0.039512] Early memory node ranges
[    0.040032]   node   0: [mem 0x0000000000001000-0x000000000009efff]
[    0.040938]   node   0: [mem 0x0000000000100000-0x000000003ffdffff]
[    0.041843] Initmem setup node 0 [mem 0x0000000000001000-0x000000003ffdffff]
[    0.042865] On node 0, zone DMA: 1 pages in unavailable ranges
[    0.043745] On node 0, zone DMA: 97 pages in unavailable ranges
[    0.048300] On node 0, zone DMA32: 32 pages in unavailable ranges
[    0.049727] ACPI: PM-Timer IO Port: 0x608
[    0.050329] ACPI: LAPIC_NMI (acpi_id[0xff] dfl dfl lint[0x1])
[    0.051212] IOAPIC[0]: apic_id 0, version 17, address 0xfec00000, GSI 0-23
[    0.052223] ACPI: INT_SRC_OVR (bus 0 bus_irq 0 global_irq 2 dfl dfl)
[    0.053144] ACPI: INT_SRC_OVR (bus 0 bus_irq 5 global_irq 5 high level)
[    0.054102] ACPI: INT_SRC_OVR (bus 0 bus_irq 9 global_irq 9 high level)
[    0.055059] ACPI: INT_SRC_OVR (bus 0 bus_irq 10 global_irq 10 high level)
[    0.056048] ACPI: INT_SRC_OVR (bus 0 bus_irq 11 global_irq 11 high level)
[    0.057034] ACPI: Using ACPI (MADT) for SMP configuration information
[    0.057964] ACPI: HPET id: 0x8086a201 base: 0xfed00000
[    0.058709] TSC deadline timer available
[    0.059280] CPU topo: Max. logical packages:   1
[    0.059950] CPU topo: Max. logical dies:       1
[    0.060617] CPU topo: Max. dies per package:   1
[    0.061286] CPU topo: Max. threads per core:   1
[    0.061955] CPU topo: Num. cores per package:    56
[    0.062660] CPU topo: Num. threads per package:  56
[    0.063365] CPU topo: Allowing 56 present CPUs plus 0 hotplug CPUs
[    0.064290] kvm-guest: APIC: eoi() replaced with kvm_guest_apic_eoi_write()
[    0.065317] kvm-guest: KVM setup pv remote TLB flush
[    0.066041] kvm-guest: setup PV sched yield
[    0.066653] PM: hibernation: Registered nosave memory: [mem 0x00000000-0x00000fff]
[    0.067750] PM: hibernation: Registered nosave memory: [mem 0x0009f000-0x0009ffff]
[    0.068858] PM: hibernation: Registered nosave memory: [mem 0x000a0000-0x000effff]
[    0.069958] PM: hibernation: Registered nosave memory: [mem 0x000f0000-0x000fffff]
[    0.071081] [mem 0x40000000-0xfeffbfff] available for PCI devices
[    0.071968] Booting paravirtualized kernel on KVM
[    0.072651] clocksource: refined-jiffies: mask: 0xffffffff max_cycles: 0xffffffff, max_idle_ns: 1910969940391419 ns
[    0.082342] setup_percpu: NR_CPUS:64 nr_cpumask_bits:56 nr_cpu_ids:56 nr_node_ids:1
[    0.088250] percpu: Embedded 58 pages/cpu s199128 r8192 d30248 u262144
[    0.089328] Kernel command line: virtme_hostname=virtme-ng nr_open=1048576 virtme_link_mods=/nipa-data/kernel/.virtme_mods/lib/modules/0.0.0 virtme_initmount0=nipa-data/kernel virtme_rw_overlay0=/etc virtme_rw_overlay1=/lib virtme_rw_overlay2=/home virtme_rw_overlay3=/opt virtme_rw_overlay4=/srv virtme_rw_overlay5=/usr virtme_rw_overlay6=/var console=hvc0 earlyprintk=serial,ttyS0,115200 virtme_console=ttyS0 psmouse.proto=exps TERM=xterm virtme_chdir=nipa-data/kernel virtme_root_user=1 rootfstype=9p rootflags=version=9p2000.L,trans=virtio,access=any raid=noautodetect ro init=/usr/lib/python3/dist-packages/virtme/guest/virtme-init
[    0.097685] Unknown kernel command line parameters "virtme_hostname=virtme-ng nr_open=1048576 virtme_link_mods=/nipa-data/kernel/.virtme_mods/lib/modules/0.0.0 virtme_initmount0=nipa-data/kernel virtme_rw_overlay0=/etc virtme_rw_overlay1=/lib virtme_rw_overlay2=/home virtme_rw_overlay3=/opt virtme_rw_overlay4=/srv virtme_rw_overlay5=/usr virtme_rw_overlay6=/var virtme_console=ttyS0 virtme_chdir=nipa-data/kernel virtme_root_user=1", will be passed to user space.
[    0.103724] random: crng init done
[    0.104300] printk: log_buf_len individual max cpu contribution: 4096 bytes
[    0.105320] printk: log_buf_len total cpu_extra contributions: 225280 bytes
[    0.106340] printk: log_buf_len min size: 262144 bytes
[    0.107740] printk: log_buf_len: 524288 bytes
[    0.108424] printk: early log buf free: 254024(96%)
[    0.109566] Dentry cache hash table entries: 131072 (order: 8, 1048576 bytes, linear)
[    0.110772] Inode-cache hash table entries: 65536 (order: 7, 524288 bytes, linear)
[    0.112794] Fallback order for Node 0: 0 
[    0.112804] Built 1 zonelists, mobility grouping on.  Total pages: 262014
[    0.114343] Policy zone: DMA32
[    0.114768] mem auto-init: stack:all(zero), heap alloc:off, heap free:off
[    0.119384] SLUB: HWalign=64, Order=0-3, MinObjects=0, CPUs=56, Nodes=1
Poking KASLR using RDRAND RDTSC...
[    0.120844] ftrace: allocating 48394 entries in 190 pages
[    0.136114] ftrace: allocated 190 pages with 6 groups
[    0.137999] Dynamic Preempt: voluntary
[    0.139534] rcu: Preemptible hierarchical RCU implementation.
[    0.140365] rcu: RCU event tracing is enabled.
[    0.140998] rcu: RCU restricting CPUs from NR_CPUS=64 to nr_cpu_ids=56.
[    0.141930] Trampoline variant of Tasks RCU enabled.
[    0.142632] Rude variant of Tasks RCU enabled.
[    0.143261] Tracing variant of Tasks RCU enabled.
[    0.143932] rcu: RCU calculated value of scheduler-enlistment delay is 100 jiffies.
[    0.145000] rcu: Adjusting geometry for rcu_fanout_leaf=16, nr_cpu_ids=56
[    0.145993] RCU Tasks: Setting shift to 6 and lim to 1 rcu_task_cb_adjust=1 rcu_task_cpu_ids=56.
[    0.147223] RCU Tasks Rude: Setting shift to 6 and lim to 1 rcu_task_cb_adjust=1 rcu_task_cpu_ids=56.
[    0.148515] RCU Tasks Trace: Setting shift to 6 and lim to 1 rcu_task_cb_adjust=1 rcu_task_cpu_ids=56.
[    0.153182] NR_IRQS: 4352, nr_irqs: 872, preallocated irqs: 16
[    0.154385] rcu: srcu_init: Setting srcu_struct sizes based on contention.
[    0.155652] Console: colour *CGA 80x25
[    0.156237] ACPI: Core revision 20240827
[    0.156959] clocksource: hpet: mask: 0xffffffff max_cycles: 0xffffffff, max_idle_ns: 19112604467 ns
[    0.158350] APIC: Switch to symmetric I/O mode setup
[    0.159123] kvm-guest: APIC: send_IPI_mask() replaced with kvm_send_ipi_mask()
[    0.160183] kvm-guest: APIC: send_IPI_mask_allbutself() replaced with kvm_send_ipi_mask_allbutself()
[    0.161938] kvm-guest: setup PV IPIs
[    0.164050] ..TIMER: vector=0x30 apic1=0 pin1=2 apic2=-1 pin2=-1
[    0.165384] clocksource: tsc-early: mask: 0xffffffffffffffff max_cycles: 0x39a85c9bff6, max_idle_ns: 881590591483 ns
[    0.167839] Calibrating delay loop (skipped) preset value.. 4000.00 BogoMIPS (lpj=2000000)
[    0.169055] x86/cpu: User Mode Instruction Prevention (UMIP) activated
[    0.170888] Last level iTLB entries: 4KB 0, 2MB 0, 4MB 0
[    0.171835] Last level dTLB entries: 4KB 0, 2MB 0, 4MB 0, 1GB 0
[    0.172852] Spectre V1 : Mitigation: usercopy/swapgs barriers and __user pointer sanitization
[    0.173842] Spectre V2 : Spectre BHI mitigation: SW BHB clearing on syscall and VM exit
[    0.174837] Spectre V2 : Mitigation: Enhanced / Automatic IBRS
[    0.175842] Spectre V2 : Spectre v2 / SpectreRSB mitigation: Filling RSB on context switch
[    0.176842] Spectre V2 : Spectre v2 / PBRSB-eIBRS: Retire a single CALL on VMEXIT
[    0.177848] Spectre V2 : mitigation: Enabling conditional Indirect Branch Prediction Barrier
[    0.178845] Speculative Store Bypass: Mitigation: Speculative Store Bypass disabled via prctl
[    0.179842] TAA: Mitigation: TSX disabled
[    0.180932] x86/fpu: Supporting XSAVE feature 0x001: 'x87 floating point registers'
[    0.181842] x86/fpu: Supporting XSAVE feature 0x002: 'SSE registers'
[    0.182842] x86/fpu: Supporting XSAVE feature 0x004: 'AVX registers'
[    0.183837] x86/fpu: Supporting XSAVE feature 0x020: 'AVX-512 opmask'
[    0.184843] x86/fpu: Supporting XSAVE feature 0x040: 'AVX-512 Hi256'
[    0.185842] x86/fpu: Supporting XSAVE feature 0x080: 'AVX-512 ZMM_Hi256'
[    0.186842] x86/fpu: Supporting XSAVE feature 0x200: 'Protection Keys User registers'
[    0.187842] x86/fpu: Supporting XSAVE feature 0x20000: 'AMX Tile config'
[    0.188842] x86/fpu: Supporting XSAVE feature 0x40000: 'AMX Tile data'
[    0.189842] x86/fpu: xstate_offset[2]:  576, xstate_sizes[2]:  256
[    0.190842] x86/fpu: xstate_offset[5]:  832, xstate_sizes[5]:   64
[    0.191842] x86/fpu: xstate_offset[6]:  896, xstate_sizes[6]:  512
[    0.192842] x86/fpu: xstate_offset[7]: 1408, xstate_sizes[7]: 1024
[    0.193842] x86/fpu: xstate_offset[9]: 2432, xstate_sizes[9]:    8
[    0.194842] x86/fpu: xstate_offset[17]: 2496, xstate_sizes[17]:   64
[    0.195842] x86/fpu: xstate_offset[18]: 2560, xstate_sizes[18]: 8192
[    0.196842] x86/fpu: Enabled xstate features 0x602e7, context size is 10752 bytes, using 'compacted' format.
[    0.226210] Freeing SMP alternatives memory: 40K
[    0.226838] pid_max: default: 57344 minimum: 448
[    0.228847] Mount-cache hash table entries: 2048 (order: 2, 16384 bytes, linear)
[    0.229840] Mountpoint-cache hash table entries: 2048 (order: 2, 16384 bytes, linear)
[    0.231377] smpboot: CPU0: Intel(R) Xeon(R) Platinum 8480+ (family: 0x6, model: 0x8f, stepping: 0x6)
[    0.232085] Performance Events: PEBS fmt0-, Sapphire Rapids events, full-width counters, Intel PMU driver.
[    0.232840] ... version:                2
[    0.233657] ... bit width:              48
[    0.233837] ... generic registers:      8
[    0.234646] ... value mask:             0000ffffffffffff
[    0.234837] ... max period:             00007fffffffffff
[    0.235837] ... fixed-purpose events:   3
[    0.236643] ... event mask:             00000007000000ff
[    0.237079] signal: max sigframe size: 11952
[    0.237866] rcu: Hierarchical SRCU implementation.
[    0.238837] rcu: Max phase no-delay instances is 400.
[    0.239874] Timer migration: 2 hierarchy levels; 8 children per group; 2 crossnode level
[    0.241905] smp: Bringing up secondary CPUs ...
[    0.242958] smpboot: x86: Booting SMP configuration:
[    0.243839] .... node  #0, CPUs:        #1  #2  #3  #4  #5  #6  #7  #8  #9 #10 #11 #12 #13 #14 #15 #16 #17 #18 #19 #20 #21 #22 #23 #24 #25 #26 #27 #28 #29 #30 #31 #32 #33 #34 #35 #36 #37 #38 #39 #40 #41 #42 #43 #44 #45 #46 #47 #48 #49 #50 #51 #52 #53 #54 #55
[    0.392164] smp: Brought up 1 node, 56 CPUs
[    0.393719] smpboot: Total of 56 processors activated (224000.00 BogoMIPS)
[    0.414904] Memory: 951188K/1048056K available (16384K kernel code, 2449K rwdata, 6272K rodata, 3124K init, 1872K bss, 72260K reserved, 0K cma-reserved)
[    0.415974] devtmpfs: initialized
[    0.416888] x86/mm: Memory block size: 128MB
[    0.419107] clocksource: jiffies: mask: 0xffffffff max_cycles: 0xffffffff, max_idle_ns: 1911260446275000 ns
[    0.419841] futex hash table entries: 16384 (order: 8, 1048576 bytes, linear)
[    0.421171] PM: RTC time: 18:13:22, date: 2024-09-28
[    0.423761] NET: Registered PF_NETLINK/PF_ROUTE protocol family
[    0.424040] thermal_sys: Registered thermal governor 'step_wise'
[    0.424042] thermal_sys: Registered thermal governor 'user_space'
[    0.424877] cpuidle: using governor menu
[    0.428528] PCI: Using configuration type 1 for base access
[    0.428929] kprobes: kprobe jump-optimization is enabled. All kprobes are optimized if possible.
[    0.456021] HugeTLB: registered 1.00 GiB page size, pre-allocated 0 pages
[    0.458844] HugeTLB: 16380 KiB vmemmap can be freed for a 1.00 GiB page
[    0.462843] HugeTLB: registered 2.00 MiB page size, pre-allocated 0 pages
[    0.466841] HugeTLB: 28 KiB vmemmap can be freed for a 2.00 MiB page
[    0.474546] ACPI: Added _OSI(Module Device)
[    0.474873] ACPI: Added _OSI(Processor Device)
[    0.475789] ACPI: Added _OSI(3.0 _SCP Extensions)
[    0.476837] ACPI: Added _OSI(Processor Aggregator Device)
[    0.478546] ACPI: 1 ACPI AML tables successfully acquired and loaded
[    0.489196] ACPI: Interpreter enabled
[    0.489851] ACPI: PM: (supports S0 S3 S4 S5)
[    0.490759] ACPI: Using IOAPIC for interrupt routing
[    0.490853] PCI: Using host bridge windows from ACPI; if necessary, use "pci=nocrs" and report a bug
[    0.491837] PCI: Using E820 reservations for host bridge windows
[    0.492956] ACPI: Enabled 2 GPEs in block 00 to 0F
[    0.497483] ACPI: PCI Root Bridge [PCI0] (domain 0000 [bus 00-ff])
[    0.497840] acpi PNP0A03:00: _OSC: OS supports [ASPM ClockPM Segments MSI HPX-Type3]
[    0.498838] acpi PNP0A03:00: _OSC: not requesting OS control; OS requires [ExtendedConfig ASPM ClockPM MSI]
[    0.499843] acpi PNP0A03:00: fail to add MMCONFIG information, can't access extended configuration space under this bridge
[    0.500945] PCI host bridge to bus 0000:00
[    0.501776] pci_bus 0000:00: root bus resource [io  0x0000-0x0cf7 window]
[    0.501837] pci_bus 0000:00: root bus resource [io  0x0d00-0xffff window]
[    0.502837] pci_bus 0000:00: root bus resource [mem 0x000a0000-0x000bffff window]
[    0.503837] pci_bus 0000:00: root bus resource [mem 0x40000000-0xfebfffff window]
[    0.504837] pci_bus 0000:00: root bus resource [mem 0x100000000-0x17fffffff window]
[    0.505837] pci_bus 0000:00: root bus resource [bus 00-ff]
[    0.506887] pci 0000:00:00.0: [8086:1237] type 00 class 0x060000 conventional PCI endpoint
[    0.508370] pci 0000:00:01.0: [8086:7000] type 00 class 0x060100 conventional PCI endpoint
[    0.509546] pci 0000:00:01.1: [8086:7010] type 00 class 0x010180 conventional PCI endpoint
[    0.512359] pci 0000:00:01.1: BAR 4 [io  0xc0c0-0xc0cf]
[    0.514218] pci 0000:00:01.1: BAR 0 [io  0x01f0-0x01f7]: legacy IDE quirk
[    0.514837] pci 0000:00:01.1: BAR 1 [io  0x03f6]: legacy IDE quirk
[    0.515837] pci 0000:00:01.1: BAR 2 [io  0x0170-0x0177]: legacy IDE quirk
[    0.516837] pci 0000:00:01.1: BAR 3 [io  0x0376]: legacy IDE quirk
[    0.518043] pci 0000:00:01.3: [8086:7113] type 00 class 0x068000 conventional PCI endpoint
[    0.519443] pci 0000:00:01.3: quirk: [io  0x0600-0x063f] claimed by PIIX4 ACPI
[    0.519847] pci 0000:00:01.3: quirk: [io  0x0700-0x070f] claimed by PIIX4 SMB
[    0.521262] pci 0000:00:02.0: [1af4:1009] type 00 class 0x000200 conventional PCI endpoint
[    0.522839] pci 0000:00:02.0: BAR 0 [io  0xc000-0xc03f]
[    0.524768] pci 0000:00:02.0: BAR 1 [mem 0xfebfc000-0xfebfcfff]
[    0.527815] pci 0000:00:02.0: BAR 4 [mem 0xfebf0000-0xfebf3fff 64bit pref]
[    0.529984] pci 0000:00:03.0: [1af4:1009] type 00 class 0x000200 conventional PCI endpoint
[    0.531841] pci 0000:00:03.0: BAR 0 [io  0xc040-0xc07f]
[    0.533590] pci 0000:00:03.0: BAR 1 [mem 0xfebfd000-0xfebfdfff]
[    0.536806] pci 0000:00:03.0: BAR 4 [mem 0xfebf4000-0xfebf7fff 64bit pref]
[    0.539689] pci 0000:00:04.0: [8086:25ab] type 00 class 0x088000 conventional PCI endpoint
[    0.540313] pci 0000:00:04.0: BAR 0 [mem 0xfebfe000-0xfebfe00f]
[    0.543196] pci 0000:00:05.0: [1af4:1003] type 00 class 0x078000 conventional PCI endpoint
[    0.544651] pci 0000:00:05.0: BAR 0 [io  0xc080-0xc0bf]
[    0.545705] pci 0000:00:05.0: BAR 1 [mem 0xfebff000-0xfebfffff]
[    0.547840] pci 0000:00:05.0: BAR 4 [mem 0xfebf8000-0xfebfbfff 64bit pref]
[    0.551030] ACPI: PCI: Interrupt link LNKA configured for IRQ 10
[    0.552045] ACPI: PCI: Interrupt link LNKB configured for IRQ 10
[    0.552969] ACPI: PCI: Interrupt link LNKC configured for IRQ 11
[    0.553963] ACPI: PCI: Interrupt link LNKD configured for IRQ 11
[    0.554922] ACPI: PCI: Interrupt link LNKS configured for IRQ 9
[    0.557657] iommu: Default domain type: Translated
[    0.557837] iommu: DMA domain TLB invalidation policy: lazy mode
[    0.559299] SCSI subsystem initialized
[    0.559915] pps_core: LinuxPPS API ver. 1 registered
[    0.560844] pps_core: Software ver. 5.3.6 - Copyright 2005-2007 Rodolfo Giometti <giometti@linux.it>
[    0.561840] PTP clock support registered
[    0.563894] Advanced Linux Sound Architecture Driver Initialized.
[    0.566470] NET: Registered PF_ATMPVC protocol family
[    0.566837] NET: Registered PF_ATMSVC protocol family
[    0.567842] PCI: Using ACPI for IRQ routing
[    0.568899] vgaarb: loaded
[    0.569987] hpet0: at MMIO 0xfed00000, IRQs 2, 8, 0
[    0.570842] hpet0: 3 comparators, 64-bit 100.000000 MHz counter
[    0.574384] clocksource: Switched to clocksource kvm-clock
[    0.575372] VFS: Disk quotas dquot_6.6.0
[    0.576673] VFS: Dquot-cache hash table entries: 512 (order 0, 4096 bytes)
[    0.579151] pnp: PnP ACPI init
[    0.580081] pnp: PnP ACPI: found 5 devices
[    0.595303] clocksource: acpi_pm: mask: 0xffffff max_cycles: 0xffffff, max_idle_ns: 2085701024 ns
[    0.597208] NET: Registered PF_INET protocol family
[    0.598244] IP idents hash table entries: 16384 (order: 5, 131072 bytes, linear)
[    0.600156] tcp_listen_portaddr_hash hash table entries: 512 (order: 1, 8192 bytes, linear)
[    0.601871] Table-perturb hash table entries: 65536 (order: 6, 262144 bytes, linear)
[    0.603455] TCP established hash table entries: 8192 (order: 4, 65536 bytes, linear)
[    0.605040] TCP bind hash table entries: 8192 (order: 6, 262144 bytes, linear)
[    0.606535] TCP: Hash tables configured (established 8192 bind 8192)
[    0.607887] UDP hash table entries: 512 (order: 2, 16384 bytes, linear)
[    0.609234] UDP-Lite hash table entries: 512 (order: 2, 16384 bytes, linear)
[    0.610722] NET: Registered PF_UNIX/PF_LOCAL protocol family
[    0.611879] pci_bus 0000:00: resource 4 [io  0x0000-0x0cf7 window]
[    0.613148] pci_bus 0000:00: resource 5 [io  0x0d00-0xffff window]
[    0.614403] pci_bus 0000:00: resource 6 [mem 0x000a0000-0x000bffff window]
[    0.615796] pci_bus 0000:00: resource 7 [mem 0x40000000-0xfebfffff window]
[    0.617190] pci_bus 0000:00: resource 8 [mem 0x100000000-0x17fffffff window]
[    0.618661] pci 0000:00:01.0: PIIX3: Enabling Passive Release
[    0.619842] pci 0000:00:00.0: Limiting direct PCI/PCI transfers
[    0.621137] PCI: CLS 0 bytes, default 64
[    0.639102] RAPL PMU: API unit is 2^-32 Joules, 1 fixed counters, 10737418240 ms ovfl timer
[    0.640976] RAPL PMU: hw unit of domain psys 2^-0 Joules
[    1.171519] kwatchdog (374) used greatest stack depth: 15512 bytes left
[    1.200825] kvm_amd: CPU 0 isn't AMD or Hygon
[    1.201728] clocksource: tsc: mask: 0xffffffffffffffff max_cycles: 0x39a85c9bff6, max_idle_ns: 881590591483 ns
[    1.313534] Initialise system trusted keyrings
[    1.315055] workingset: timestamp_bits=56 max_order=18 bucket_order=0
[    1.316450] squashfs: version 4.0 (2009/01/31) Phillip Lougher
[    1.317651] fuse: init (API version 7.41)
[    1.318790] 9p: Installing v9fs 9p2000 file system support
[    1.330809] Key type asymmetric registered
[    1.331646] Asymmetric key parser 'x509' registered
[    1.332671] Block layer SCSI generic (bsg) driver version 0.4 loaded (major 249)
[    1.334170] io scheduler mq-deadline registered
[    1.335094] io scheduler kyber registered
[    1.353267] input: Power Button as /devices/LNXSYSTM:00/LNXPWRBN:00/input/input0
[    1.354957] ACPI: button: Power Button [PWRF]
[    1.356743] Warning: Processor Platform Limit event detected, but not handled.
[    1.358234] Consider compiling CPUfreq support into your kernel.
[    1.396413] ACPI: \_SB_.LNKB: Enabled at IRQ 10
[    1.410828] ACPI: \_SB_.LNKC: Enabled at IRQ 11
[    1.425088] ACPI: \_SB_.LNKA: Enabled at IRQ 10
[    1.427605] Serial: 8250/16550 driver, 4 ports, IRQ sharing enabled
[    1.429220] 00:03: ttyS0 at I/O 0x3f8 (irq = 4, base_baud = 115200) is a 16550A
[    1.472007] Non-volatile memory driver v1.3
[    1.473045] Linux agpgart interface v0.103
[    1.474607] ACPI: bus type drm_connector registered
[    1.477360] printk: legacy console [hvc0] enabled
[    1.478552] printk: legacy bootconsole [earlyser0] disabled
          _      _                                    
   __   _(_)_ __| |_ _ __ ___   ___       _ __   __ _ 
   \ \ / / |  __| __|  _   _ \ / _ \_____|  _ \ / _  |
    \ V /| | |  | |_| | | | | |  __/_____| | | | (_| |
     \_/ |_|_|   \__|_| |_| |_|\___|     |_| |_|\__  |
                                                |___/ 
   kernel version: 6.11.0-virtme x86_64
   (CTRL+d to exit)

root@virtme-ng:/nipa-data/kernel# PS1='xx__-> '
xx__-> env
PWD=/nipa-data/kernel
nr_open=1048576
HOME=/
TERM=xterm
SHLVL=2
XDG_RUNTIME_DIR=/run/user/0
PATH=/bin:/sbin:/usr/bin:/usr/sbin:/usr/local/bin
OLDPWD=/
_=/bin/env
xx__-> 