No EFI environment detected.
early console in extract_kernel
input_data: 0x0000000004ab42c4
input_len: 0x00000000018f6d9d
output: 0x0000000001000000
output_len: 0x00000000053375b4
kernel_total_size: 0x0000000005030000
needed_size: 0x0000000005400000
trampoline_32bit: 0x0000000000000000
Physical KASLR using RDRAND RDTSC...
Virtual KASLR using RDRAND RDTSC...

Decompressing Linux... Parsing ELF... Performing relocations... done.
Booting the kernel (entry_offset: 0x0000000000000000).
[    0.000000] Linux version 6.12.0-virtme (root@10c9ef794335) (gcc (Ubuntu 13.2.0-23ubuntu4) 13.2.0, GNU ld (GNU Binutils for Ubuntu) 2.42) #1 SMP PREEMPT_DYNAMIC Wed Dec  4 15:31:01 UTC 2024
[    0.000000] Command line: virtme_hostname=virtme-ng nr_open=1048576 virtme_link_mods=/nipa-data/kernel/.virtme_mods/lib/modules/0.0.0 virtme_initmount0=nipa-data/kernel virtme_rw_overlay0=/etc virtme_rw_overlay1=/lib virtme_rw_overlay2=/home virtme_rw_overlay3=/opt virtme_rw_overlay4=/srv virtme_rw_overlay5=/usr virtme_rw_overlay6=/var console=hvc0 earlyprintk=serial,ttyS0,115200 virtme_console=ttyS0 psmouse.proto=exps TERM=xterm virtme_chdir=nipa-data/kernel virtme_root_user=1 rootfstype=9p rootflags=version=9p2000.L,trans=virtio,access=any raid=noautodetect ro init=/usr/lib/python3/dist-packages/virtme/guest/virtme-init
[    0.000000] BIOS-provided physical RAM map:
[    0.000000] BIOS-e820: [mem 0x0000000000000000-0x000000000009fbff] usable
[    0.000000] BIOS-e820: [mem 0x000000000009fc00-0x000000000009ffff] reserved
[    0.000000] BIOS-e820: [mem 0x00000000000f0000-0x00000000000fffff] reserved
[    0.000000] BIOS-e820: [mem 0x0000000000100000-0x000000003ffdffff] usable
[    0.000000] BIOS-e820: [mem 0x000000003ffe0000-0x000000003fffffff] reserved
[    0.000000] BIOS-e820: [mem 0x00000000feffc000-0x00000000feffffff] reserved
[    0.000000] BIOS-e820: [mem 0x00000000fffc0000-0x00000000ffffffff] reserved
[    0.000000] BIOS-e820: [mem 0x000000fd00000000-0x000000ffffffffff] reserved
[    0.000000] printk: legacy bootconsole [earlyser0] enabled
[    0.000000] NX (Execute Disable) protection: active
[    0.000000] APIC: Static calls initialized
[    0.000000] SMBIOS 3.0.0 present.
[    0.000000] DMI: QEMU Ubuntu 24.04 PC (i440FX + PIIX, 1996), BIOS 1.16.3-debian-1.16.3-2 04/01/2014
[    0.000000] DMI: Memory slots populated: 1/1
[    0.000000] Hypervisor detected: KVM
[    0.000000] kvm-clock: Using msrs 4b564d01 and 4b564d00
[    0.000000] kvm-clock: using sched offset of 303850802 cycles
[    0.000375] clocksource: kvm-clock: mask: 0xffffffffffffffff max_cycles: 0x1cd42e4dffb, max_idle_ns: 881590591483 ns
[    0.001540] tsc: Detected 4491.556 MHz processor
[    0.002210] last_pfn = 0x3ffe0 max_arch_pfn = 0x400000000
[    0.002621] MTRR map: 4 entries (3 fixed + 1 variable; max 19), built from 8 variable MTRRs
[    0.003221] x86/PAT: Configuration [0-7]: WB  WC  UC- UC  WB  WP  UC- WT  
[    0.005176] found SMP MP-table at [mem 0x000f5470-0x000f547f]
[    0.005594] Using GB pages for direct mapping
[    0.006101] ACPI: Early table checksum verification disabled
[    0.006511] ACPI: RSDP 0x00000000000F5290 000014 (v00 BOCHS )
[    0.006925] ACPI: RSDT 0x000000003FFE27BC 000034 (v01 BOCHS  BXPC     00000001 BXPC 00000001)
[    0.007540] ACPI: FACP 0x000000003FFE2578 000074 (v01 BOCHS  BXPC     00000001 BXPC 00000001)
[    0.008156] ACPI: DSDT 0x000000003FFE0040 002538 (v01 BOCHS  BXPC     00000001 BXPC 00000001)
[    0.008768] ACPI: FACS 0x000000003FFE0000 000040
[    0.009100] ACPI: APIC 0x000000003FFE25EC 000170 (v03 BOCHS  BXPC     00000001 BXPC 00000001)
[    0.009712] ACPI: HPET 0x000000003FFE275C 000038 (v01 BOCHS  BXPC     00000001 BXPC 00000001)
[    0.010326] ACPI: WAET 0x000000003FFE2794 000028 (v01 BOCHS  BXPC     00000001 BXPC 00000001)
[    0.010937] ACPI: Reserving FACP table memory at [mem 0x3ffe2578-0x3ffe25eb]
[    0.011443] ACPI: Reserving DSDT table memory at [mem 0x3ffe0040-0x3ffe2577]
[    0.011947] ACPI: Reserving FACS table memory at [mem 0x3ffe0000-0x3ffe003f]
[    0.012451] ACPI: Reserving APIC table memory at [mem 0x3ffe25ec-0x3ffe275b]
[    0.012955] ACPI: Reserving HPET table memory at [mem 0x3ffe275c-0x3ffe2793]
[    0.013459] ACPI: Reserving WAET table memory at [mem 0x3ffe2794-0x3ffe27bb]
[    0.014167] No NUMA configuration found
[    0.014442] Faking a node at [mem 0x0000000000000000-0x000000003ffdffff]
[    0.014923] NODE_DATA(0) allocated [mem 0x3ffdb780-0x3ffdffff]
[    0.015357] Zone ranges:
[    0.015538]   DMA      [mem 0x0000000000001000-0x0000000000ffffff]
[    0.015981]   DMA32    [mem 0x0000000001000000-0x000000003ffdffff]
[    0.016424]   Normal   empty
[    0.016631]   Device   empty
[    0.016837] Movable zone start for each node
[    0.017143] Early memory node ranges
[    0.017398]   node   0: [mem 0x0000000000001000-0x000000000009efff]
[    0.017847]   node   0: [mem 0x0000000000100000-0x000000003ffdffff]
[    0.018298] Initmem setup node 0 [mem 0x0000000000001000-0x000000003ffdffff]
[    0.018806] On node 0, zone DMA: 1 pages in unavailable ranges
[    0.019279] On node 0, zone DMA: 97 pages in unavailable ranges
[    0.023914] On node 0, zone DMA32: 32 pages in unavailable ranges
[    0.033132] kasan: KernelAddressSanitizer initialized
[    0.033724] ACPI: PM-Timer IO Port: 0x608
[    0.034023] ACPI: LAPIC_NMI (acpi_id[0xff] dfl dfl lint[0x1])
[    0.034463] IOAPIC[0]: apic_id 0, version 17, address 0xfec00000, GSI 0-23
[    0.034955] ACPI: INT_SRC_OVR (bus 0 bus_irq 0 global_irq 2 dfl dfl)
[    0.035411] ACPI: INT_SRC_OVR (bus 0 bus_irq 5 global_irq 5 high level)
[    0.035883] ACPI: INT_SRC_OVR (bus 0 bus_irq 9 global_irq 9 high level)
[    0.036355] ACPI: INT_SRC_OVR (bus 0 bus_irq 10 global_irq 10 high level)
[    0.036840] ACPI: INT_SRC_OVR (bus 0 bus_irq 11 global_irq 11 high level)
[    0.037327] ACPI: Using ACPI (MADT) for SMP configuration information
[    0.037786] ACPI: HPET id: 0x8086a201 base: 0xfed00000
[    0.038158] TSC deadline timer available
[    0.038441] CPU topo: Max. logical packages:   1
[    0.038772] CPU topo: Max. logical dies:       1
[    0.039102] CPU topo: Max. dies per package:   1
[    0.039443] CPU topo: Max. threads per core:   1
[    0.039773] CPU topo: Num. cores per package:    32
[    0.040123] CPU topo: Num. threads per package:  32
[    0.040472] CPU topo: Allowing 32 present CPUs plus 0 hotplug CPUs
[    0.040930] kvm-guest: APIC: eoi() replaced with kvm_guest_apic_eoi_write()
[    0.041440] kvm-guest: KVM setup pv remote TLB flush
[    0.041797] kvm-guest: setup PV sched yield
[    0.042103] PM: hibernation: Registered nosave memory: [mem 0x00000000-0x00000fff]
[    0.042647] PM: hibernation: Registered nosave memory: [mem 0x0009f000-0x0009ffff]
[    0.043188] PM: hibernation: Registered nosave memory: [mem 0x000a0000-0x000effff]
[    0.043729] PM: hibernation: Registered nosave memory: [mem 0x000f0000-0x000fffff]
[    0.044271] [mem 0x40000000-0xfeffbfff] available for PCI devices
[    0.044709] Booting paravirtualized kernel on KVM
[    0.045045] clocksource: refined-jiffies: mask: 0xffffffff max_cycles: 0xffffffff, max_idle_ns: 1910969940391419 ns
[    0.053879] setup_percpu: NR_CPUS:64 nr_cpumask_bits:32 nr_cpu_ids:32 nr_node_ids:1
[    0.055705] percpu: Embedded 70 pages/cpu s247896 r8192 d30632 u524288
[    0.056239] Kernel command line: virtme_hostname=virtme-ng nr_open=1048576 virtme_link_mods=/nipa-data/kernel/.virtme_mods/lib/modules/0.0.0 virtme_initmount0=nipa-data/kernel virtme_rw_overlay0=/etc virtme_rw_overlay1=/lib virtme_rw_overlay2=/home virtme_rw_overlay3=/opt virtme_rw_overlay4=/srv virtme_rw_overlay5=/usr virtme_rw_overlay6=/var console=hvc0 earlyprintk=serial,ttyS0,115200 virtme_console=ttyS0 psmouse.proto=exps TERM=xterm virtme_chdir=nipa-data/kernel virtme_root_user=1 rootfstype=9p rootflags=version=9p2000.L,trans=virtio,access=any raid=noautodetect ro init=/usr/lib/python3/dist-packages/virtme/guest/virtme-init
[    0.060466] Unknown kernel command line parameters "virtme_hostname=virtme-ng nr_open=1048576 virtme_link_mods=/nipa-data/kernel/.virtme_mods/lib/modules/0.0.0 virtme_initmount0=nipa-data/kernel virtme_rw_overlay0=/etc virtme_rw_overlay1=/lib virtme_rw_overlay2=/home virtme_rw_overlay3=/opt virtme_rw_overlay4=/srv virtme_rw_overlay5=/usr virtme_rw_overlay6=/var virtme_console=ttyS0 virtme_chdir=nipa-data/kernel virtme_root_user=1", will be passed to user space.
[    0.063684] random: crng init done
[    0.063935] printk: log buffer data + meta data: 262144 + 917504 = 1179648 bytes
[    0.064499] Dentry cache hash table entries: 131072 (order: 8, 1048576 bytes, linear)
[    0.065089] Inode-cache hash table entries: 65536 (order: 7, 524288 bytes, linear)
[    0.066059] Fallback order for Node 0: 0 
[    0.066064] Built 1 zonelists, mobility grouping on.  Total pages: 262014
[    0.066863] Policy zone: DMA32
[    0.067088] mem auto-init: stack:all(zero), heap alloc:off, heap free:off
[    0.067588] stackdepot: allocating hash table via alloc_large_system_hash
[    0.068089] stackdepot hash table entries: 1048576 (order: 12, 16777216 bytes, linear)
[    0.076153] SLUB: HWalign=64, Order=0-3, MinObjects=0, CPUs=32, Nodes=1
Poking KASLR using RDRAND RDTSC...
[    0.076955] ftrace: allocating 48851 entries in 191 pages
[    0.094580] ftrace: allocated 191 pages with 7 groups
[    0.095827] Dynamic Preempt: voluntary
[    0.096550] rcu: Preemptible hierarchical RCU implementation.
[    0.096972] rcu: RCU event tracing is enabled.
[    0.097305] rcu: RCU restricting CPUs from NR_CPUS=64 to nr_cpu_ids=32.
[    0.097798] Trampoline variant of Tasks RCU enabled.
[    0.098171] Rude variant of Tasks RCU enabled.
[    0.098503] Tracing variant of Tasks RCU enabled.
[    0.098855] rcu: RCU calculated value of scheduler-enlistment delay is 100 jiffies.
[    0.099416] rcu: Adjusting geometry for rcu_fanout_leaf=16, nr_cpu_ids=32
[    0.099979] RCU Tasks: Setting shift to 5 and lim to 1 rcu_task_cb_adjust=1 rcu_task_cpu_ids=32.
[    0.100627] RCU Tasks Rude: Setting shift to 5 and lim to 1 rcu_task_cb_adjust=1 rcu_task_cpu_ids=32.
[    0.101306] RCU Tasks Trace: Setting shift to 5 and lim to 1 rcu_task_cb_adjust=1 rcu_task_cpu_ids=32.
[    0.110366] NR_IRQS: 4352, nr_irqs: 680, preallocated irqs: 16
[    0.111027] rcu: srcu_init: Setting srcu_struct sizes based on contention.
[    0.111704] Console: colour *CGA 80x25
[    0.111987] ACPI: Core revision 20240827
[    0.112396] clocksource: hpet: mask: 0xffffffff max_cycles: 0xffffffff, max_idle_ns: 19112604467 ns
[    0.113071] APIC: Switch to symmetric I/O mode setup
[    0.113433] kvm-guest: APIC: send_IPI_mask() replaced with kvm_send_ipi_mask()
[    0.113922] kvm-guest: APIC: send_IPI_mask_allbutself() replaced with kvm_send_ipi_mask_allbutself()
[    0.114532] kvm-guest: setup PV IPIs
[    0.115583] ..TIMER: vector=0x30 apic1=0 pin1=2 apic2=-1 pin2=-1
[    0.116328] clocksource: tsc-early: mask: 0xffffffffffffffff max_cycles: 0x40be400eb43, max_idle_ns: 440795366972 ns
[    0.117597] Calibrating delay loop (skipped) preset value.. 8983.11 BogoMIPS (lpj=4491556)
[    0.118658] x86/cpu: User Mode Instruction Prevention (UMIP) activated
[    0.119652] Last level iTLB entries: 4KB 512, 2MB 255, 4MB 127
[    0.120595] Last level dTLB entries: 4KB 512, 2MB 255, 4MB 127, 1GB 0
[    0.121360] Spectre V1 : Mitigation: usercopy/swapgs barriers and __user pointer sanitization
[    0.121599] Spectre V2 : Mitigation: Enhanced / Automatic IBRS
[    0.122595] Spectre V2 : Spectre v2 / SpectreRSB mitigation: Filling RSB on context switch
[    0.123597] Spectre V2 : mitigation: Enabling conditional Indirect Branch Prediction Barrier
[    0.124597] Speculative Store Bypass: Mitigation: Speculative Store Bypass disabled via prctl
[    0.125595] Speculative Return Stack Overflow: IBPB-extending microcode not applied!
[    0.126595] Speculative Return Stack Overflow: WARNING: See https://kernel.org/doc/html/latest/admin-guide/hw-vuln/srso.html for mitigation options.
[    0.126596] Speculative Return Stack Overflow: Vulnerable: Safe RET, no microcode
[    0.128610] x86/fpu: Supporting XSAVE feature 0x001: 'x87 floating point registers'
[    0.129595] x86/fpu: Supporting XSAVE feature 0x002: 'SSE registers'
[    0.130335] x86/fpu: Supporting XSAVE feature 0x004: 'AVX registers'
[    0.130595] x86/fpu: Supporting XSAVE feature 0x020: 'AVX-512 opmask'
[    0.131595] x86/fpu: Supporting XSAVE feature 0x040: 'AVX-512 Hi256'
[    0.132595] x86/fpu: Supporting XSAVE feature 0x080: 'AVX-512 ZMM_Hi256'
[    0.133370] x86/fpu: Supporting XSAVE feature 0x200: 'Protection Keys User registers'
[    0.133595] x86/fpu: xstate_offset[2]:  576, xstate_sizes[2]:  256
[    0.134595] x86/fpu: xstate_offset[5]:  832, xstate_sizes[5]:   64
[    0.135595] x86/fpu: xstate_offset[6]:  896, xstate_sizes[6]:  512
[    0.136312] x86/fpu: xstate_offset[7]: 1408, xstate_sizes[7]: 1024
[    0.136595] x86/fpu: xstate_offset[9]: 2432, xstate_sizes[9]:    8
[    0.137595] x86/fpu: Enabled xstate features 0x2e7, context size is 2440 bytes, using 'compacted' format.
[    0.160745] Freeing SMP alternatives memory: 40K
[    0.161288] pid_max: default: 32768 minimum: 301
[    0.161714] Mount-cache hash table entries: 2048 (order: 2, 16384 bytes, linear)
[    0.162596] Mountpoint-cache hash table entries: 2048 (order: 2, 16384 bytes, linear)
[    0.164195] smpboot: CPU0: AMD Ryzen 9 7950X 16-Core Processor (family: 0x19, model: 0x61, stepping: 0x2)
[    0.165053] Performance Events: Fam17h+ core perfctr, AMD PMU driver.
[    0.165599] ... version:                0
[    0.166070] ... bit width:              48
[    0.166548] ... generic registers:      6
[    0.166597] ... value mask:             0000ffffffffffff
[    0.167215] ... max period:             00007fffffffffff
[    0.167597] ... fixed-purpose events:   0
[    0.168066] ... event mask:             000000000000003f
[    0.168701] signal: max sigframe size: 3376
[    0.169231] rcu: Hierarchical SRCU implementation.
[    0.169597] rcu: Max phase no-delay instances is 400.
[    0.170270] Timer migration: 2 hierarchy levels; 8 children per group; 2 crossnode level
[    0.174344] smp: Bringing up secondary CPUs ...
[    0.174774] smpboot: x86: Booting SMP configuration:
[    0.175352] .... node  #0, CPUs:        #1  #2  #3  #4  #5  #6  #7  #8  #9 #10 #11 #12 #13 #14 #15 #16 #17 #18 #19 #20 #21 #22 #23 #24 #25 #26 #27 #28 #29 #30 #31
[    0.199715] smp: Brought up 1 node, 32 CPUs
[    0.201107] smpboot: Total of 32 processors activated (287459.58 BogoMIPS)
[    0.204730] Memory: 763408K/1048056K available (45056K kernel code, 11456K rwdata, 10076K rodata, 6040K init, 1656K bss, 269004K reserved, 0K cma-reserved)
[    0.205708] devtmpfs: initialized
[    0.206168] x86/mm: Memory block size: 128MB
[    0.212631] clocksource: jiffies: mask: 0xffffffff max_cycles: 0xffffffff, max_idle_ns: 1911260446275000 ns
[    0.213608] futex hash table entries: 8192 (order: 7, 524288 bytes, linear)
[    0.214813] PM: RTC time: 15:31:27, date: 2024-12-04
[    0.216071] NET: Registered PF_NETLINK/PF_ROUTE protocol family
[    0.217404] thermal_sys: Registered thermal governor 'step_wise'
[    0.217406] thermal_sys: Registered thermal governor 'user_space'
[    0.217632] cpuidle: using governor menu
[    0.219864] PCI: Using configuration type 1 for base access
[    0.220551] PCI: Using configuration type 1 for extended access
[    0.220732] kprobes: kprobe jump-optimization is enabled. All kprobes are optimized if possible.
[    0.238685] HugeTLB: registered 1.00 GiB page size, pre-allocated 0 pages
[    0.239597] HugeTLB: 16380 KiB vmemmap can be freed for a 1.00 GiB page
[    0.240415] HugeTLB: registered 2.00 MiB page size, pre-allocated 0 pages
[    0.240597] HugeTLB: 28 KiB vmemmap can be freed for a 2.00 MiB page
[    0.241906] ACPI: Added _OSI(Module Device)
[    0.242598] ACPI: Added _OSI(Processor Device)
[    0.243143] ACPI: Added _OSI(3.0 _SCP Extensions)
[    0.243597] ACPI: Added _OSI(Processor Aggregator Device)
[    0.265745] ACPI: 1 ACPI AML tables successfully acquired and loaded
[    0.270165] ACPI: Interpreter enabled
[    0.270655] ACPI: PM: (supports S0 S3 S4 S5)
[    0.271176] ACPI: Using IOAPIC for interrupt routing
[    0.271642] PCI: Using host bridge windows from ACPI; if necessary, use "pci=nocrs" and report a bug
[    0.272597] PCI: Using E820 reservations for host bridge windows
[    0.274327] ACPI: Enabled 2 GPEs in block 00 to 0F
[    0.318084] ACPI: PCI Root Bridge [PCI0] (domain 0000 [bus 00-ff])
[    0.318610] acpi PNP0A03:00: _OSC: OS supports [ExtendedConfig ASPM ClockPM Segments MSI HPX-Type3]
[    0.320058] PCI host bridge to bus 0000:00
[    0.320617] pci_bus 0000:00: root bus resource [io  0x0000-0x0cf7 window]
[    0.321450] pci_bus 0000:00: root bus resource [io  0x0d00-0xffff window]
[    0.321601] pci_bus 0000:00: root bus resource [mem 0x000a0000-0x000bffff window]
[    0.322517] pci_bus 0000:00: root bus resource [mem 0x40000000-0xfebfffff window]
[    0.322599] pci_bus 0000:00: root bus resource [mem 0x100000000-0x17fffffff window]
[    0.323529] pci_bus 0000:00: root bus resource [bus 00-ff]
[    0.323691] pci 0000:00:00.0: [8086:1237] type 00 class 0x060000 conventional PCI endpoint
[    0.325405] pci 0000:00:01.0: [8086:7000] type 00 class 0x060100 conventional PCI endpoint
[    0.326446] pci 0000:00:01.1: [8086:7010] type 00 class 0x010180 conventional PCI endpoint
[    0.327598] pci 0000:00:01.1: BAR 4 [io  0xc0c0-0xc0cf]
[    0.328608] pci 0000:00:01.1: BAR 0 [io  0x01f0-0x01f7]: legacy IDE quirk
[    0.329440] pci 0000:00:01.1: BAR 1 [io  0x03f6]: legacy IDE quirk
[    0.329597] pci 0000:00:01.1: BAR 2 [io  0x0170-0x0177]: legacy IDE quirk
[    0.330420] pci 0000:00:01.1: BAR 3 [io  0x0376]: legacy IDE quirk
[    0.331240] pci 0000:00:01.3: [8086:7113] type 00 class 0x068000 conventional PCI endpoint
[    0.331849] pci 0000:00:01.3: quirk: [io  0x0600-0x063f] claimed by PIIX4 ACPI
[    0.332601] pci 0000:00:01.3: quirk: [io  0x0700-0x070f] claimed by PIIX4 SMB
[    0.334163] pci 0000:00:02.0: [1af4:1009] type 00 class 0x000200 conventional PCI endpoint
[    0.334945] pci 0000:00:02.0: BAR 0 [io  0xc000-0xc03f]
[    0.335922] pci 0000:00:02.0: BAR 1 [mem 0xfebfc000-0xfebfcfff]
[    0.338597] pci 0000:00:02.0: BAR 4 [mem 0xfebf0000-0xfebf3fff 64bit pref]
[    0.350648] pci 0000:00:03.0: [1af4:1009] type 00 class 0x000200 conventional PCI endpoint
[    0.351932] pci 0000:00:03.0: BAR 0 [io  0xc040-0xc07f]
[    0.352724] pci 0000:00:03.0: BAR 1 [mem 0xfebfd000-0xfebfdfff]
[    0.354234] pci 0000:00:03.0: BAR 4 [mem 0xfebf4000-0xfebf7fff 64bit pref]
[    0.365428] pci 0000:00:04.0: [8086:25ab] type 00 class 0x088000 conventional PCI endpoint
[    0.365739] pci 0000:00:04.0: BAR 0 [mem 0xfebfe000-0xfebfe00f]
[    0.377423] pci 0000:00:05.0: [1af4:1003] type 00 class 0x078000 conventional PCI endpoint
[    0.377883] pci 0000:00:05.0: BAR 0 [io  0xc080-0xc0bf]
[    0.378705] pci 0000:00:05.0: BAR 1 [mem 0xfebff000-0xfebfffff]
[    0.380172] pci 0000:00:05.0: BAR 4 [mem 0xfebf8000-0xfebfbfff 64bit pref]
[    0.393851] ACPI: PCI: Interrupt link LNKA configured for IRQ 10
[    0.395456] ACPI: PCI: Interrupt link LNKB configured for IRQ 10
[    0.396449] ACPI: PCI: Interrupt link LNKC configured for IRQ 11
[    0.397443] ACPI: PCI: Interrupt link LNKD configured for IRQ 11
[    0.397952] ACPI: PCI: Interrupt link LNKS configured for IRQ 9
[    0.415497] iommu: Default domain type: Translated
[    0.415597] iommu: DMA domain TLB invalidation policy: lazy mode
[    0.416754] SCSI subsystem initialized
[    0.417275] pps_core: LinuxPPS API ver. 1 registered
[    0.417598] pps_core: Software ver. 5.3.6 - Copyright 2005-2007 Rodolfo Giometti <giometti@linux.it>
[    0.418610] PTP clock support registered
[    0.419168] Advanced Linux Sound Architecture Driver Initialized.
[    0.420648] NET: Registered PF_ATMPVC protocol family
[    0.421273] NET: Registered PF_ATMSVC protocol family
[    0.421632] PCI: Using ACPI for IRQ routing
[    0.422273] vgaarb: loaded
[    0.422707] hpet0: at MMIO 0xfed00000, IRQs 2, 8, 0
[    0.423328] hpet0: 3 comparators, 64-bit 100.000000 MHz counter
[    0.427940] clocksource: Switched to clocksource kvm-clock
[    0.428863] VFS: Disk quotas dquot_6.6.0
[    0.429363] VFS: Dquot-cache hash table entries: 512 (order 0, 4096 bytes)
[    0.430865] pnp: PnP ACPI init
[    0.433440] pnp: PnP ACPI: found 5 devices
[    0.444813] clocksource: acpi_pm: mask: 0xffffff max_cycles: 0xffffff, max_idle_ns: 2085701024 ns
[    0.445943] NET: Registered PF_INET protocol family
[    0.446581] IP idents hash table entries: 16384 (order: 5, 131072 bytes, linear)
[    0.447822] tcp_listen_portaddr_hash hash table entries: 512 (order: 1, 8192 bytes, linear)
[    0.448855] Table-perturb hash table entries: 65536 (order: 6, 262144 bytes, linear)
[    0.449818] TCP established hash table entries: 8192 (order: 4, 65536 bytes, linear)
[    0.450769] TCP bind hash table entries: 8192 (order: 6, 262144 bytes, linear)
[    0.451742] TCP: Hash tables configured (established 8192 bind 8192)
[    0.452659] UDP hash table entries: 512 (order: 3, 32768 bytes, linear)
[    0.453462] UDP-Lite hash table entries: 512 (order: 3, 32768 bytes, linear)
[    0.454512] NET: Registered PF_UNIX/PF_LOCAL protocol family
[    0.455216] pci_bus 0000:00: resource 4 [io  0x0000-0x0cf7 window]
[    0.455963] pci_bus 0000:00: resource 5 [io  0x0d00-0xffff window]
[    0.456713] pci_bus 0000:00: resource 6 [mem 0x000a0000-0x000bffff window]
[    0.457541] pci_bus 0000:00: resource 7 [mem 0x40000000-0xfebfffff window]
[    0.458372] pci_bus 0000:00: resource 8 [mem 0x100000000-0x17fffffff window]
[    0.459400] pci 0000:00:01.0: PIIX3: Enabling Passive Release
[    0.460095] pci 0000:00:00.0: Limiting direct PCI/PCI transfers
[    0.460840] PCI: CLS 0 bytes, default 64
[    0.461380] kvm_intel: VMX not supported by CPU 0
[    0.461964] kvm_amd: TSC scaling supported
[    0.462469] kvm_amd: Nested Virtualization enabled
[    0.463044] kvm_amd: Nested Paging enabled
[    0.463542] kvm_amd: LBR virtualization supported
[    0.464119] kvm_amd: Virtual GIF supported
[    0.464608] kvm_amd: Virtual NMI enabled
[    0.496051] clocksource: tsc: mask: 0xffffffffffffffff max_cycles: 0x40be400eb43, max_idle_ns: 440795366972 ns
[    0.514952] Initialise system trusted keyrings
[    0.515616] workingset: timestamp_bits=56 max_order=18 bucket_order=0
[    0.516507] squashfs: version 4.0 (2009/01/31) Phillip Lougher
[    0.517235] fuse: init (API version 7.41)
[    0.517846] 9p: Installing v9fs 9p2000 file system support
[    0.527371] Key type asymmetric registered
[    0.527882] Asymmetric key parser 'x509' registered
[    0.528538] Block layer SCSI generic (bsg) driver version 0.4 loaded (major 249)
[    0.529470] io scheduler mq-deadline registered
[    0.530027] io scheduler kyber registered
[    0.532642] input: Power Button as /devices/LNXSYSTM:00/LNXPWRBN:00/input/input0
[    0.533736] ACPI: button: Power Button [PWRF]
[    0.535559] Warning: Processor Platform Limit event detected, but not handled.
[    0.536447] Consider compiling CPUfreq support into your kernel.
[    1.332152] ACPI: \_SB_.LNKB: Enabled at IRQ 10
[    2.116738] ACPI: \_SB_.LNKC: Enabled at IRQ 11
[    2.884374] ACPI: \_SB_.LNKA: Enabled at IRQ 10
[    2.885676] Serial: 8250/16550 driver, 4 ports, IRQ sharing enabled
[    2.886770] 00:03: ttyS0 at I/O 0x3f8 (irq = 4, base_baud = 115200) is a 16550A
[    2.908135] Non-volatile memory driver v1.3
[    2.908662] Linux agpgart interface v0.103
[    2.909338] ACPI: bus type drm_connector registered
[    2.909953] printk: legacy console [hvc0] enabled
[    2.910553] printk: legacy bootconsole [earlyser0] disabled
          _      _                                    
   __   _(_)_ __| |_ _ __ ___   ___       _ __   __ _ 
   \ \ / / |  __| __|  _   _ \ / _ \_____|  _ \ / _  |
    \ V /| | |  | |_| | | | | |  __/_____| | | | (_| |
     \_/ |_|_|   \__|_| |_| |_|\___|     |_| |_|\__  |
                                                |___/ 
   kernel version: 6.12.0-virtme x86_64
   (CTRL+d to exit)

root@virtme-ng:/nipa-data/kernel# PS1='xx__-> '
xx__-> env
PWD=/nipa-data/kernel
nr_open=1048576
HOME=/
TERM=xterm
SHLVL=2
XDG_RUNTIME_DIR=/run/user/0
PATH=/bin:/sbin:/usr/bin:/usr/sbin:/usr/local/bin
OLDPWD=/
_=/bin/env
xx__-> 