No EFI environment detected.
early console in extract_kernel
input_data: 0x0000000002be92c4
input_len: 0x0000000000b4ae2a
output: 0x0000000001000000
output_len: 0x00000000026eccc4
kernel_total_size: 0x0000000002430000
needed_size: 0x0000000002800000
trampoline_32bit: 0x000000000009d000
Physical KASLR using RDRAND RDTSC...
Virtual KASLR using RDRAND RDTSC...

Decompressing Linux... Parsing ELF... Performing relocations... done.
Booting the kernel (entry_offset: 0x0000000000000000).
[    0.000000] Linux version 6.10.0-virtme (root@dc82ecd239a7) (gcc (Ubuntu 13.2.0-23ubuntu4) 13.2.0, GNU ld (GNU Binutils for Ubuntu) 2.42) #1 SMP PREEMPT_DYNAMIC Fri Jul 19 15:07:19 UTC 2024
[    0.000000] Command line: virtme_hostname=virtme-ng nr_open=1048576 virtme_link_mods=/nipa-data/kernel/.virtme_mods/lib/modules/0.0.0 virtme_initmount0=nipa-data/kernel virtme_rw_overlay0=/etc virtme_rw_overlay1=/lib virtme_rw_overlay2=/home virtme_rw_overlay3=/opt virtme_rw_overlay4=/srv virtme_rw_overlay5=/usr virtme_rw_overlay6=/var console=hvc0 earlyprintk=serial,ttyS0,115200 virtme_console=ttyS0 psmouse.proto=exps TERM=xterm virtme_chdir=nipa-data/kernel virtme_root_user=1 rootfstype=9p rootflags=version=9p2000.L,trans=virtio,access=any raid=noautodetect ro init=/usr/lib/python3/dist-packages/virtme/guest/virtme-init
[    0.000000] x86/split lock detection: #DB: warning on user-space bus_locks
[    0.000000] BIOS-provided physical RAM map:
[    0.000000] BIOS-e820: [mem 0x0000000000000000-0x000000000009fbff] usable
[    0.000000] BIOS-e820: [mem 0x000000000009fc00-0x000000000009ffff] reserved
[    0.000000] BIOS-e820: [mem 0x00000000000f0000-0x00000000000fffff] reserved
[    0.000000] BIOS-e820: [mem 0x0000000000100000-0x000000003ffdffff] usable
[    0.000000] BIOS-e820: [mem 0x000000003ffe0000-0x000000003fffffff] reserved
[    0.000000] BIOS-e820: [mem 0x00000000feffc000-0x00000000feffffff] reserved
[    0.000000] BIOS-e820: [mem 0x00000000fffc0000-0x00000000ffffffff] reserved
[    0.000000] printk: legacy bootconsole [earlyser0] enabled
[    0.000000] NX (Execute Disable) protection: active
[    0.000000] APIC: Static calls initialized
[    0.000000] SMBIOS 3.0.0 present.
[    0.000000] DMI: QEMU Ubuntu 24.04 PC (i440FX + PIIX, 1996), BIOS 1.16.3-debian-1.16.3-2 04/01/2014
[    0.000000] DMI: Memory slots populated: 1/1
[    0.000000] Hypervisor detected: KVM
[    0.000000] kvm-clock: Using msrs 4b564d01 and 4b564d00
[    0.000001] kvm-clock: using sched offset of 1025029444 cycles
[    0.000723] clocksource: kvm-clock: mask: 0xffffffffffffffff max_cycles: 0x1cd42e4dffb, max_idle_ns: 881590591483 ns
[    0.002981] tsc: Detected 2000.000 MHz processor
[    0.004169] last_pfn = 0x3ffe0 max_arch_pfn = 0x10000000000
[    0.004995] MTRR map: 4 entries (3 fixed + 1 variable; max 19), built from 8 variable MTRRs
[    0.006153] x86/PAT: Configuration [0-7]: WB  WC  UC- UC  WB  WP  UC- WT  
Memory KASLR using RDRAND RDTSC...
[    0.013383] found SMP MP-table at [mem 0x000f5470-0x000f547f]
[    0.014190] Using GB pages for direct mapping
[    0.014970] ACPI: Early table checksum verification disabled
[    0.015760] ACPI: RSDP 0x00000000000F5290 000014 (v00 BOCHS )
[    0.016558] ACPI: RSDT 0x000000003FFE308E 000034 (v01 BOCHS  BXPC     00000001 BXPC 00000001)
[    0.017740] ACPI: FACP 0x000000003FFE2D8A 000074 (v01 BOCHS  BXPC     00000001 BXPC 00000001)
[    0.018925] ACPI: DSDT 0x000000003FFE0040 002D4A (v01 BOCHS  BXPC     00000001 BXPC 00000001)
[    0.020108] ACPI: FACS 0x000000003FFE0000 000040
[    0.020748] ACPI: APIC 0x000000003FFE2DFE 000230 (v03 BOCHS  BXPC     00000001 BXPC 00000001)
[    0.021927] ACPI: HPET 0x000000003FFE302E 000038 (v01 BOCHS  BXPC     00000001 BXPC 00000001)
[    0.023104] ACPI: WAET 0x000000003FFE3066 000028 (v01 BOCHS  BXPC     00000001 BXPC 00000001)
[    0.024286] ACPI: Reserving FACP table memory at [mem 0x3ffe2d8a-0x3ffe2dfd]
[    0.025259] ACPI: Reserving DSDT table memory at [mem 0x3ffe0040-0x3ffe2d89]
[    0.026232] ACPI: Reserving FACS table memory at [mem 0x3ffe0000-0x3ffe003f]
[    0.027204] ACPI: Reserving APIC table memory at [mem 0x3ffe2dfe-0x3ffe302d]
[    0.028178] ACPI: Reserving HPET table memory at [mem 0x3ffe302e-0x3ffe3065]
[    0.029151] ACPI: Reserving WAET table memory at [mem 0x3ffe3066-0x3ffe308d]
[    0.030455] No NUMA configuration found
[    0.030986] Faking a node at [mem 0x0000000000000000-0x000000003ffdffff]
[    0.031917] NODE_DATA(0) allocated [mem 0x3ffdb000-0x3ffdffff]
[    0.032866] Zone ranges:
[    0.033217]   DMA      [mem 0x0000000000001000-0x0000000000ffffff]
[    0.034072]   DMA32    [mem 0x0000000001000000-0x000000003ffdffff]
[    0.034926]   Normal   empty
[    0.035324]   Device   empty
[    0.035726] Movable zone start for each node
[    0.036315] Early memory node ranges
[    0.036806]   node   0: [mem 0x0000000000001000-0x000000000009efff]
[    0.037675]   node   0: [mem 0x0000000000100000-0x000000003ffdffff]
[    0.038558] Initmem setup node 0 [mem 0x0000000000001000-0x000000003ffdffff]
[    0.039542] On node 0, zone DMA: 1 pages in unavailable ranges
[    0.040384] On node 0, zone DMA: 97 pages in unavailable ranges
[    0.044926] On node 0, zone DMA32: 32 pages in unavailable ranges
[    0.046284] ACPI: PM-Timer IO Port: 0x608
[    0.046859] ACPI: LAPIC_NMI (acpi_id[0xff] dfl dfl lint[0x1])
[    0.047716] IOAPIC[0]: apic_id 0, version 17, address 0xfec00000, GSI 0-23
[    0.048670] ACPI: INT_SRC_OVR (bus 0 bus_irq 0 global_irq 2 dfl dfl)
[    0.049550] ACPI: INT_SRC_OVR (bus 0 bus_irq 5 global_irq 5 high level)
[    0.050465] ACPI: INT_SRC_OVR (bus 0 bus_irq 9 global_irq 9 high level)
[    0.051379] ACPI: INT_SRC_OVR (bus 0 bus_irq 10 global_irq 10 high level)
[    0.052325] ACPI: INT_SRC_OVR (bus 0 bus_irq 11 global_irq 11 high level)
[    0.053269] ACPI: Using ACPI (MADT) for SMP configuration information
[    0.054160] ACPI: HPET id: 0x8086a201 base: 0xfed00000
[    0.054873] TSC deadline timer available
[    0.055431] CPU topo: Max. logical packages:   1
[    0.056070] CPU topo: Max. logical dies:       1
[    0.056709] CPU topo: Max. dies per package:   1
[    0.057350] CPU topo: Max. threads per core:   1
[    0.057990] CPU topo: Num. cores per package:    56
[    0.058665] CPU topo: Num. threads per package:  56
[    0.059339] CPU topo: Allowing 56 present CPUs plus 0 hotplug CPUs
[    0.060223] kvm-guest: APIC: eoi() replaced with kvm_guest_apic_eoi_write()
[    0.061203] kvm-guest: KVM setup pv remote TLB flush
[    0.061894] kvm-guest: setup PV sched yield
[    0.062479] PM: hibernation: Registered nosave memory: [mem 0x00000000-0x00000fff]
[    0.063531] PM: hibernation: Registered nosave memory: [mem 0x0009f000-0x0009ffff]
[    0.064578] PM: hibernation: Registered nosave memory: [mem 0x000a0000-0x000effff]
[    0.065626] PM: hibernation: Registered nosave memory: [mem 0x000f0000-0x000fffff]
[    0.066675] [mem 0x40000000-0xfeffbfff] available for PCI devices
[    0.067521] Booting paravirtualized kernel on KVM
[    0.068175] clocksource: refined-jiffies: mask: 0xffffffff max_cycles: 0xffffffff, max_idle_ns: 1910969940391419 ns
[    0.077930] setup_percpu: NR_CPUS:64 nr_cpumask_bits:56 nr_cpu_ids:56 nr_node_ids:1
[    0.083833] percpu: Embedded 58 pages/cpu s198744 r8192 d30632 u262144
[    0.084861] Kernel command line: virtme_hostname=virtme-ng nr_open=1048576 virtme_link_mods=/nipa-data/kernel/.virtme_mods/lib/modules/0.0.0 virtme_initmount0=nipa-data/kernel virtme_rw_overlay0=/etc virtme_rw_overlay1=/lib virtme_rw_overlay2=/home virtme_rw_overlay3=/opt virtme_rw_overlay4=/srv virtme_rw_overlay5=/usr virtme_rw_overlay6=/var console=hvc0 earlyprintk=serial,ttyS0,115200 virtme_console=ttyS0 psmouse.proto=exps TERM=xterm virtme_chdir=nipa-data/kernel virtme_root_user=1 rootfstype=9p rootflags=version=9p2000.L,trans=virtio,access=any raid=noautodetect ro init=/usr/lib/python3/dist-packages/virtme/guest/virtme-init
[    0.092863] Unknown kernel command line parameters "virtme_hostname=virtme-ng nr_open=1048576 virtme_link_mods=/nipa-data/kernel/.virtme_mods/lib/modules/0.0.0 virtme_initmount0=nipa-data/kernel virtme_rw_overlay0=/etc virtme_rw_overlay1=/lib virtme_rw_overlay2=/home virtme_rw_overlay3=/opt virtme_rw_overlay4=/srv virtme_rw_overlay5=/usr virtme_rw_overlay6=/var virtme_console=ttyS0 virtme_chdir=nipa-data/kernel virtme_root_user=1", will be passed to user space.
[    0.098602] random: crng init done
[    0.099078] printk: log_buf_len individual max cpu contribution: 4096 bytes
[    0.100078] printk: log_buf_len total cpu_extra contributions: 225280 bytes
[    0.101055] printk: log_buf_len min size: 262144 bytes
[    0.102421] printk: log_buf_len: 524288 bytes
[    0.103059] printk: early log buf free: 254024(96%)
[    0.104267] Dentry cache hash table entries: 131072 (order: 8, 1048576 bytes, linear)
[    0.105415] Inode-cache hash table entries: 65536 (order: 7, 524288 bytes, linear)
[    0.107293] Fallback order for Node 0: 0 
[    0.107302] Built 1 zonelists, mobility grouping on.  Total pages: 262014
[    0.108747] Policy zone: DMA32
[    0.109152] mem auto-init: stack:all(zero), heap alloc:off, heap free:off
[    0.113479] Memory: 975536K/1048056K available (16384K kernel code, 2434K rwdata, 6188K rodata, 3096K init, 1972K bss, 72316K reserved, 0K cma-reserved)
[    0.115951] SLUB: HWalign=64, Order=0-3, MinObjects=0, CPUs=56, Nodes=1
Poking KASLR using RDRAND RDTSC...
[    0.117326] ftrace: allocating 47964 entries in 188 pages
[    0.132583] ftrace: allocated 188 pages with 5 groups
[    0.134433] Dynamic Preempt: voluntary
[    0.135984] rcu: Preemptible hierarchical RCU implementation.
[    0.136771] rcu: RCU event tracing is enabled.
[    0.137373] rcu: RCU restricting CPUs from NR_CPUS=64 to nr_cpu_ids=56.
[    0.138264] Trampoline variant of Tasks RCU enabled.
[    0.138933] Rude variant of Tasks RCU enabled.
[    0.139542] Tracing variant of Tasks RCU enabled.
[    0.140179] rcu: RCU calculated value of scheduler-enlistment delay is 100 jiffies.
[    0.141192] rcu: Adjusting geometry for rcu_fanout_leaf=16, nr_cpu_ids=56
[    0.142146] RCU Tasks: Setting shift to 6 and lim to 1 rcu_task_cb_adjust=1.
[    0.143087] RCU Tasks Rude: Setting shift to 6 and lim to 1 rcu_task_cb_adjust=1.
[    0.144095] RCU Tasks Trace: Setting shift to 6 and lim to 1 rcu_task_cb_adjust=1.
[    0.148333] NR_IRQS: 4352, nr_irqs: 872, preallocated irqs: 16
[    0.149486] rcu: srcu_init: Setting srcu_struct sizes based on contention.
[    0.150700] Console: colour *CGA 80x25
[    0.151251] ACPI: Core revision 20240322
[    0.151943] clocksource: hpet: mask: 0xffffffff max_cycles: 0xffffffff, max_idle_ns: 19112604467 ns
[    0.153276] APIC: Switch to symmetric I/O mode setup
[    0.154131] APIC: Switched APIC routing to: physical flat
[    0.155168] kvm-guest: APIC: send_IPI_mask() replaced with kvm_send_ipi_mask()
[    0.156212] kvm-guest: APIC: send_IPI_mask_allbutself() replaced with kvm_send_ipi_mask_allbutself()
[    0.157530] kvm-guest: setup PV IPIs
[    0.159498] ..TIMER: vector=0x30 apic1=0 pin1=2 apic2=-1 pin2=-1
[    0.161279] clocksource: tsc-early: mask: 0xffffffffffffffff max_cycles: 0x39a85c9bff6, max_idle_ns: 881590591483 ns
[    0.164198] Calibrating delay loop (skipped) preset value.. 4000.00 BogoMIPS (lpj=2000000)
[    0.165413] x86/cpu: User Mode Instruction Prevention (UMIP) activated
[    0.167298] Last level iTLB entries: 4KB 0, 2MB 0, 4MB 0
[    0.168194] Last level dTLB entries: 4KB 0, 2MB 0, 4MB 0, 1GB 0
[    0.169214] Spectre V1 : Mitigation: usercopy/swapgs barriers and __user pointer sanitization
[    0.170208] Spectre V2 : Spectre BHI mitigation: SW BHB clearing on syscall and VM exit
[    0.171200] Spectre V2 : Mitigation: Enhanced / Automatic IBRS
[    0.172200] Spectre V2 : Spectre v2 / SpectreRSB mitigation: Filling RSB on context switch
[    0.173200] Spectre V2 : Spectre v2 / PBRSB-eIBRS: Retire a single CALL on VMEXIT
[    0.174206] Spectre V2 : mitigation: Enabling conditional Indirect Branch Prediction Barrier
[    0.175204] Speculative Store Bypass: Mitigation: Speculative Store Bypass disabled via prctl
[    0.176201] TAA: Mitigation: TSX disabled
[    0.177280] x86/fpu: Supporting XSAVE feature 0x001: 'x87 floating point registers'
[    0.178200] x86/fpu: Supporting XSAVE feature 0x002: 'SSE registers'
[    0.179200] x86/fpu: Supporting XSAVE feature 0x004: 'AVX registers'
[    0.180201] x86/fpu: Supporting XSAVE feature 0x020: 'AVX-512 opmask'
[    0.181200] x86/fpu: Supporting XSAVE feature 0x040: 'AVX-512 Hi256'
[    0.182201] x86/fpu: Supporting XSAVE feature 0x080: 'AVX-512 ZMM_Hi256'
[    0.183200] x86/fpu: Supporting XSAVE feature 0x200: 'Protection Keys User registers'
[    0.185194] x86/fpu: Supporting XSAVE feature 0x20000: 'AMX Tile config'
[    0.186201] x86/fpu: Supporting XSAVE feature 0x40000: 'AMX Tile data'
[    0.187201] x86/fpu: xstate_offset[2]:  576, xstate_sizes[2]:  256
[    0.188200] x86/fpu: xstate_offset[5]:  832, xstate_sizes[5]:   64
[    0.189200] x86/fpu: xstate_offset[6]:  896, xstate_sizes[6]:  512
[    0.190200] x86/fpu: xstate_offset[7]: 1408, xstate_sizes[7]: 1024
[    0.191201] x86/fpu: xstate_offset[9]: 2432, xstate_sizes[9]:    8
[    0.192200] x86/fpu: xstate_offset[17]: 2496, xstate_sizes[17]:   64
[    0.193196] x86/fpu: xstate_offset[18]: 2560, xstate_sizes[18]: 8192
[    0.194200] x86/fpu: Enabled xstate features 0x602e7, context size is 10752 bytes, using 'compacted' format.
[    0.224172] Freeing SMP alternatives memory: 40K
[    0.224197] pid_max: default: 57344 minimum: 448
[    0.225331] Mount-cache hash table entries: 2048 (order: 2, 16384 bytes, linear)
[    0.226206] Mountpoint-cache hash table entries: 2048 (order: 2, 16384 bytes, linear)
[    0.227726] smpboot: CPU0: Intel(R) Xeon(R) Platinum 8480+ (family: 0x6, model: 0x8f, stepping: 0x6)
[    0.228436] Performance Events: PEBS fmt0-, Sapphire Rapids events, full-width counters, Intel PMU driver.
[    0.229200] ... version:                2
[    0.229980] ... bit width:              48
[    0.230196] ... generic registers:      8
[    0.230980] ... value mask:             0000ffffffffffff
[    0.231196] ... max period:             00007fffffffffff
[    0.232196] ... fixed-purpose events:   3
[    0.232989] ... event mask:             00000007000000ff
[    0.233439] signal: max sigframe size: 11952
[    0.234225] rcu: Hierarchical SRCU implementation.
[    0.235165] rcu: Max phase no-delay instances is 400.
[    0.236280] smp: Bringing up secondary CPUs ...
[    0.237316] smpboot: x86: Booting SMP configuration:
[    0.238198] .... node  #0, CPUs:        #1  #2  #3  #4  #5  #6  #7  #8  #9 #10 #11 #12 #13 #14 #15 #16 #17 #18 #19 #20 #21 #22 #23 #24 #25 #26 #27 #28 #29 #30 #31 #32 #33 #34 #35 #36 #37 #38 #39 #40 #41 #42 #43 #44 #45 #46 #47 #48 #49 #50 #51 #52 #53 #54 #55
[    0.293004] smp: Brought up 1 node, 56 CPUs
[    0.294085] smpboot: Total of 56 processors activated (224000.00 BogoMIPS)
[    0.304400] devtmpfs: initialized
[    0.305249] x86/mm: Memory block size: 128MB
[    0.307462] clocksource: jiffies: mask: 0xffffffff max_cycles: 0xffffffff, max_idle_ns: 1911260446275000 ns
[    0.308200] futex hash table entries: 16384 (order: 8, 1048576 bytes, linear)
[    0.309555] PM: RTC time: 15:07:57, date: 2024-07-19
[    0.312235] NET: Registered PF_NETLINK/PF_ROUTE protocol family
[    0.313397] thermal_sys: Registered thermal governor 'step_wise'
[    0.313399] thermal_sys: Registered thermal governor 'user_space'
[    0.314235] cpuidle: using governor menu
[    0.318649] PCI: Using configuration type 1 for base access
[    0.319301] kprobes: kprobe jump-optimization is enabled. All kprobes are optimized if possible.
[    0.362397] HugeTLB: registered 1.00 GiB page size, pre-allocated 0 pages
[    0.364199] HugeTLB: 16380 KiB vmemmap can be freed for a 1.00 GiB page
[    0.366199] HugeTLB: registered 2.00 MiB page size, pre-allocated 0 pages
[    0.368197] HugeTLB: 28 KiB vmemmap can be freed for a 2.00 MiB page
[    0.370236] Demotion targets for Node 0: null
[    0.372328] ACPI: Added _OSI(Module Device)
[    0.373198] ACPI: Added _OSI(Processor Device)
[    0.374197] ACPI: Added _OSI(3.0 _SCP Extensions)
[    0.375197] ACPI: Added _OSI(Processor Aggregator Device)
[    0.377132] ACPI: 1 ACPI AML tables successfully acquired and loaded
[    0.382521] ACPI: Interpreter enabled
[    0.383212] ACPI: PM: (supports S0 S3 S4 S5)
[    0.384197] ACPI: Using IOAPIC for interrupt routing
[    0.386212] PCI: Using host bridge windows from ACPI; if necessary, use "pci=nocrs" and report a bug
[    0.388197] PCI: Using E820 reservations for host bridge windows
[    0.389310] ACPI: Enabled 2 GPEs in block 00 to 0F
[    0.393821] ACPI: PCI Root Bridge [PCI0] (domain 0000 [bus 00-ff])
[    0.394199] acpi PNP0A03:00: _OSC: OS supports [ASPM ClockPM Segments MSI HPX-Type3]
[    0.396197] acpi PNP0A03:00: _OSC: not requesting OS control; OS requires [ExtendedConfig ASPM ClockPM MSI]
[    0.398201] acpi PNP0A03:00: fail to add MMCONFIG information, can't access extended configuration space under this bridge
[    0.400302] PCI host bridge to bus 0000:00
[    0.401156] pci_bus 0000:00: root bus resource [io  0x0000-0x0cf7 window]
[    0.402196] pci_bus 0000:00: root bus resource [io  0x0d00-0xffff window]
[    0.403196] pci_bus 0000:00: root bus resource [mem 0x000a0000-0x000bffff window]
[    0.405196] pci_bus 0000:00: root bus resource [mem 0x40000000-0xfebfffff window]
[    0.406196] pci_bus 0000:00: root bus resource [mem 0x100000000-0x17fffffff window]
[    0.408198] pci_bus 0000:00: root bus resource [bus 00-ff]
[    0.409247] pci 0000:00:00.0: [8086:1237] type 00 class 0x060000 conventional PCI endpoint
[    0.410730] pci 0000:00:01.0: [8086:7000] type 00 class 0x060100 conventional PCI endpoint
[    0.412902] pci 0000:00:01.1: [8086:7010] type 00 class 0x010180 conventional PCI endpoint
[    0.417493] pci 0000:00:01.1: BAR 4 [io  0xc0c0-0xc0cf]
[    0.419558] pci 0000:00:01.1: BAR 0 [io  0x01f0-0x01f7]: legacy IDE quirk
[    0.421196] pci 0000:00:01.1: BAR 1 [io  0x03f6]: legacy IDE quirk
[    0.422196] pci 0000:00:01.1: BAR 2 [io  0x0170-0x0177]: legacy IDE quirk
[    0.423196] pci 0000:00:01.1: BAR 3 [io  0x0376]: legacy IDE quirk
[    0.424395] pci 0000:00:01.3: [8086:7113] type 00 class 0x068000 conventional PCI endpoint
[    0.427820] pci 0000:00:01.3: quirk: [io  0x0600-0x063f] claimed by PIIX4 ACPI
[    0.429207] pci 0000:00:01.3: quirk: [io  0x0700-0x070f] claimed by PIIX4 SMB
[    0.431621] pci 0000:00:02.0: [1af4:1009] type 00 class 0x000200 conventional PCI endpoint
[    0.434198] pci 0000:00:02.0: BAR 0 [io  0xc000-0xc03f]
[    0.436128] pci 0000:00:02.0: BAR 1 [mem 0xfebfc000-0xfebfcfff]
[    0.441053] pci 0000:00:02.0: BAR 4 [mem 0xfebf0000-0xfebf3fff 64bit pref]
[    0.444343] pci 0000:00:03.0: [1af4:1009] type 00 class 0x000200 conventional PCI endpoint
[    0.448168] pci 0000:00:03.0: BAR 0 [io  0xc040-0xc07f]
[    0.449881] pci 0000:00:03.0: BAR 1 [mem 0xfebfd000-0xfebfdfff]
[    0.454149] pci 0000:00:03.0: BAR 4 [mem 0xfebf4000-0xfebf7fff 64bit pref]
[    0.459110] pci 0000:00:04.0: [8086:25ab] type 00 class 0x088000 conventional PCI endpoint
[    0.460591] pci 0000:00:04.0: BAR 0 [mem 0xfebfe000-0xfebfe00f]
[    0.463600] pci 0000:00:05.0: [1af4:1003] type 00 class 0x078000 conventional PCI endpoint
[    0.467644] pci 0000:00:05.0: BAR 0 [io  0xc080-0xc0bf]
[    0.469986] pci 0000:00:05.0: BAR 1 [mem 0xfebff000-0xfebfffff]
[    0.473199] pci 0000:00:05.0: BAR 4 [mem 0xfebf8000-0xfebfbfff 64bit pref]
[    0.477961] ACPI: PCI: Interrupt link LNKA configured for IRQ 10
[    0.479355] ACPI: PCI: Interrupt link LNKB configured for IRQ 10
[    0.481321] ACPI: PCI: Interrupt link LNKC configured for IRQ 11
[    0.482315] ACPI: PCI: Interrupt link LNKD configured for IRQ 11
[    0.483284] ACPI: PCI: Interrupt link LNKS configured for IRQ 9
[    0.485976] iommu: Default domain type: Translated
[    0.487196] iommu: DMA domain TLB invalidation policy: lazy mode
[    0.488324] SCSI subsystem initialized
[    0.489232] pps_core: LinuxPPS API ver. 1 registered
[    0.490197] pps_core: Software ver. 5.3.6 - Copyright 2005-2007 Rodolfo Giometti <giometti@linux.it>
[    0.491198] PTP clock support registered
[    0.493222] Advanced Linux Sound Architecture Driver Initialized.
[    0.495655] NET: Registered PF_ATMPVC protocol family
[    0.496196] NET: Registered PF_ATMSVC protocol family
[    0.497200] PCI: Using ACPI for IRQ routing
[    0.499255] vgaarb: loaded
[    0.499793] hpet0: at MMIO 0xfed00000, IRQs 2, 8, 0
[    0.500196] hpet0: 3 comparators, 64-bit 100.000000 MHz counter
[    0.506951] clocksource: Switched to clocksource kvm-clock
[    0.508303] VFS: Disk quotas dquot_6.6.0
[    0.509124] VFS: Dquot-cache hash table entries: 512 (order 0, 4096 bytes)
[    0.510686] pnp: PnP ACPI init
[    0.512194] pnp: PnP ACPI: found 5 devices
[    0.521733] clocksource: acpi_pm: mask: 0xffffff max_cycles: 0xffffff, max_idle_ns: 2085701024 ns
[    0.523570] NET: Registered PF_INET protocol family
[    0.524604] IP idents hash table entries: 16384 (order: 5, 131072 bytes, linear)
[    0.526505] tcp_listen_portaddr_hash hash table entries: 512 (order: 1, 8192 bytes, linear)
[    0.528196] Table-perturb hash table entries: 65536 (order: 6, 262144 bytes, linear)
[    0.529771] TCP established hash table entries: 8192 (order: 4, 65536 bytes, linear)
[    0.531338] TCP bind hash table entries: 8192 (order: 6, 262144 bytes, linear)
[    0.532824] TCP: Hash tables configured (established 8192 bind 8192)
[    0.534175] UDP hash table entries: 512 (order: 2, 16384 bytes, linear)
[    0.535507] UDP-Lite hash table entries: 512 (order: 2, 16384 bytes, linear)
[    0.536985] NET: Registered PF_UNIX/PF_LOCAL protocol family
[    0.538138] pci_bus 0000:00: resource 4 [io  0x0000-0x0cf7 window]
[    0.539380] pci_bus 0000:00: resource 5 [io  0x0d00-0xffff window]
[    0.540628] pci_bus 0000:00: resource 6 [mem 0x000a0000-0x000bffff window]
[    0.542018] pci_bus 0000:00: resource 7 [mem 0x40000000-0xfebfffff window]
[    0.543401] pci_bus 0000:00: resource 8 [mem 0x100000000-0x17fffffff window]
[    0.544854] pci 0000:00:01.0: PIIX3: Enabling Passive Release
[    0.546025] pci 0000:00:00.0: Limiting direct PCI/PCI transfers
[    0.547304] PCI: CLS 0 bytes, default 64
[    0.565012] RAPL PMU: API unit is 2^-32 Joules, 1 fixed counters, 10737418240 ms ovfl timer
[    0.567045] RAPL PMU: hw unit of domain psys 2^-0 Joules
[    1.151534] kvm_amd: CPU 12 isn't AMD or Hygon
[    1.152741] clocksource: tsc: mask: 0xffffffffffffffff max_cycles: 0x39a85c9bff6, max_idle_ns: 881590591483 ns
[    1.257925] Initialise system trusted keyrings
[    1.259280] workingset: timestamp_bits=56 max_order=18 bucket_order=0
[    1.260644] squashfs: version 4.0 (2009/01/31) Phillip Lougher
[    1.261849] fuse: init (API version 7.40)
[    1.262972] 9p: Installing v9fs 9p2000 file system support
[    1.275351] Key type asymmetric registered
[    1.276214] Asymmetric key parser 'x509' registered
[    1.277230] Block layer SCSI generic (bsg) driver version 0.4 loaded (major 249)
[    1.278752] io scheduler mq-deadline registered
[    1.279683] io scheduler kyber registered
[    1.299593] input: Power Button as /devices/LNXSYSTM:00/LNXPWRBN:00/input/input0
[    1.301820] ACPI: button: Power Button [PWRF]
[    1.304109] Warning: Processor Platform Limit event detected, but not handled.
[    1.307043] Consider compiling CPUfreq support into your kernel.
[    1.343088] ACPI: \_SB_.LNKB: Enabled at IRQ 10
[    1.357395] ACPI: \_SB_.LNKC: Enabled at IRQ 11
[    1.371446] ACPI: \_SB_.LNKA: Enabled at IRQ 10
[    1.373825] Serial: 8250/16550 driver, 4 ports, IRQ sharing enabled
[    1.375296] 00:03: ttyS0 at I/O 0x3f8 (irq = 4, base_baud = 115200) is a 16550A
[    1.409645] Non-volatile memory driver v1.3
[    1.410641] Linux agpgart interface v0.103
[    1.411548] ACPI: bus type drm_connector registered
[    1.412870] printk: legacy console [hvc0] enabled
[    1.414687] printk: legacy bootconsole [earlyser0] disabled
          _      _                                    
   __   _(_)_ __| |_ _ __ ___   ___       _ __   __ _ 
   \ \ / / |  __| __|  _   _ \ / _ \_____|  _ \ / _  |
    \ V /| | |  | |_| | | | | |  __/_____| | | | (_| |
     \_/ |_|_|   \__|_| |_| |_|\___|     |_| |_|\__  |
                                                |___/ 
   kernel version: 6.10.0-virtme x86_64
   (CTRL+d to exit)

root@virtme-ng:/nipa-data/kernel# PS1='xx__-> '
xx__-> env
PWD=/nipa-data/kernel
nr_open=1048576
HOME=/
TERM=xterm
SHLVL=2
XDG_RUNTIME_DIR=/run/user/0
PATH=/bin:/sbin:/usr/bin:/usr/sbin:/usr/local/bin
OLDPWD=/
_=/bin/env
xx__-> 