No EFI environment detected.
early console in extract_kernel
input_data: 0x0000000004cb82c4
input_len: 0x00000000018d6464
output: 0x0000000001000000
output_len: 0x0000000005518e94
kernel_total_size: 0x0000000005030000
needed_size: 0x0000000005600000
trampoline_32bit: 0x0000000000000000
Physical KASLR using RDRAND RDTSC...
Virtual KASLR using RDRAND RDTSC...

Decompressing Linux... Parsing ELF... Performing relocations... done.
Booting the kernel (entry_offset: 0x0000000000000000).
[    0.000000] Linux version 6.12.0-rc4-virtme (root@42e83919762e) (gcc (Ubuntu 13.2.0-23ubuntu4) 13.2.0, GNU ld (GNU Binutils for Ubuntu) 2.42) #1 SMP PREEMPT_DYNAMIC Tue Oct 29 09:26:15 UTC 2024
[    0.000000] Command line: virtme_hostname=virtme-ng nr_open=1048576 virtme_link_mods=/nipa-data/kernel/.virtme_mods/lib/modules/0.0.0 virtme_initmount0=nipa-data/kernel virtme_rw_overlay0=/etc virtme_rw_overlay1=/lib virtme_rw_overlay2=/home virtme_rw_overlay3=/opt virtme_rw_overlay4=/srv virtme_rw_overlay5=/usr virtme_rw_overlay6=/var console=hvc0 earlyprintk=serial,ttyS0,115200 virtme_console=ttyS0 psmouse.proto=exps TERM=xterm virtme_chdir=nipa-data/kernel virtme_root_user=1 rootfstype=9p rootflags=version=9p2000.L,trans=virtio,access=any raid=noautodetect ro init=/usr/lib/python3/dist-packages/virtme/guest/virtme-init
[    0.000000] BIOS-provided physical RAM map:
[    0.000000] BIOS-e820: [mem 0x0000000000000000-0x000000000009fbff] usable
[    0.000000] BIOS-e820: [mem 0x000000000009fc00-0x000000000009ffff] reserved
[    0.000000] BIOS-e820: [mem 0x00000000000f0000-0x00000000000fffff] reserved
[    0.000000] BIOS-e820: [mem 0x0000000000100000-0x000000003ffdffff] usable
[    0.000000] BIOS-e820: [mem 0x000000003ffe0000-0x000000003fffffff] reserved
[    0.000000] BIOS-e820: [mem 0x00000000feffc000-0x00000000feffffff] reserved
[    0.000000] BIOS-e820: [mem 0x00000000fffc0000-0x00000000ffffffff] reserved
[    0.000000] BIOS-e820: [mem 0x000000fd00000000-0x000000ffffffffff] reserved
[    0.000000] printk: legacy bootconsole [earlyser0] enabled
[    0.000000] NX (Execute Disable) protection: active
[    0.000000] APIC: Static calls initialized
[    0.000000] SMBIOS 3.0.0 present.
[    0.000000] DMI: QEMU Ubuntu 24.04 PC (i440FX + PIIX, 1996), BIOS 1.16.3-debian-1.16.3-2 04/01/2014
[    0.000000] DMI: Memory slots populated: 1/1
[    0.000000] Hypervisor detected: KVM
[    0.000000] kvm-clock: Using msrs 4b564d01 and 4b564d00
[    0.000000] kvm-clock: using sched offset of 311708534 cycles
[    0.000353] clocksource: kvm-clock: mask: 0xffffffffffffffff max_cycles: 0x1cd42e4dffb, max_idle_ns: 881590591483 ns
[    0.001445] tsc: Detected 4491.560 MHz processor
[    0.002089] last_pfn = 0x3ffe0 max_arch_pfn = 0x400000000
[    0.002475] MTRR map: 4 entries (3 fixed + 1 variable; max 19), built from 8 variable MTRRs
[    0.003040] x86/PAT: Configuration [0-7]: WB  WC  UC- UC  WB  WP  UC- WT  
[    0.004973] found SMP MP-table at [mem 0x000f5470-0x000f547f]
[    0.005365] Using GB pages for direct mapping
[    0.005938] ACPI: Early table checksum verification disabled
[    0.006320] ACPI: RSDP 0x00000000000F5290 000014 (v00 BOCHS )
[    0.006709] ACPI: RSDT 0x000000003FFE27BC 000034 (v01 BOCHS  BXPC     00000001 BXPC 00000001)
[    0.007296] ACPI: FACP 0x000000003FFE2578 000074 (v01 BOCHS  BXPC     00000001 BXPC 00000001)
[    0.007871] ACPI: DSDT 0x000000003FFE0040 002538 (v01 BOCHS  BXPC     00000001 BXPC 00000001)
[    0.008445] ACPI: FACS 0x000000003FFE0000 000040
[    0.008757] ACPI: APIC 0x000000003FFE25EC 000170 (v03 BOCHS  BXPC     00000001 BXPC 00000001)
[    0.009333] ACPI: HPET 0x000000003FFE275C 000038 (v01 BOCHS  BXPC     00000001 BXPC 00000001)
[    0.009906] ACPI: WAET 0x000000003FFE2794 000028 (v01 BOCHS  BXPC     00000001 BXPC 00000001)
[    0.010479] ACPI: Reserving FACP table memory at [mem 0x3ffe2578-0x3ffe25eb]
[    0.010953] ACPI: Reserving DSDT table memory at [mem 0x3ffe0040-0x3ffe2577]
[    0.011425] ACPI: Reserving FACS table memory at [mem 0x3ffe0000-0x3ffe003f]
[    0.011897] ACPI: Reserving APIC table memory at [mem 0x3ffe25ec-0x3ffe275b]
[    0.012369] ACPI: Reserving HPET table memory at [mem 0x3ffe275c-0x3ffe2793]
[    0.012841] ACPI: Reserving WAET table memory at [mem 0x3ffe2794-0x3ffe27bb]
[    0.013503] No NUMA configuration found
[    0.013761] Faking a node at [mem 0x0000000000000000-0x000000003ffdffff]
[    0.014212] NODE_DATA(0) allocated [mem 0x3ffdb780-0x3ffdffff]
[    0.014620] Zone ranges:
[    0.014790]   DMA      [mem 0x0000000000001000-0x0000000000ffffff]
[    0.015210]   DMA32    [mem 0x0000000001000000-0x000000003ffdffff]
[    0.015626]   Normal   empty
[    0.015820]   Device   empty
[    0.016014] Movable zone start for each node
[    0.016301] Early memory node ranges
[    0.016541]   node   0: [mem 0x0000000000001000-0x000000000009efff]
[    0.016966]   node   0: [mem 0x0000000000100000-0x000000003ffdffff]
[    0.017386] Initmem setup node 0 [mem 0x0000000000001000-0x000000003ffdffff]
[    0.017865] On node 0, zone DMA: 1 pages in unavailable ranges
[    0.018313] On node 0, zone DMA: 97 pages in unavailable ranges
[    0.023011] On node 0, zone DMA32: 32 pages in unavailable ranges
[    0.032189] kasan: KernelAddressSanitizer initialized
[    0.032743] ACPI: PM-Timer IO Port: 0x608
[    0.033024] ACPI: LAPIC_NMI (acpi_id[0xff] dfl dfl lint[0x1])
[    0.033431] IOAPIC[0]: apic_id 0, version 17, address 0xfec00000, GSI 0-23
[    0.033894] ACPI: INT_SRC_OVR (bus 0 bus_irq 0 global_irq 2 dfl dfl)
[    0.034322] ACPI: INT_SRC_OVR (bus 0 bus_irq 5 global_irq 5 high level)
[    0.034766] ACPI: INT_SRC_OVR (bus 0 bus_irq 9 global_irq 9 high level)
[    0.035215] ACPI: INT_SRC_OVR (bus 0 bus_irq 10 global_irq 10 high level)
[    0.035670] ACPI: INT_SRC_OVR (bus 0 bus_irq 11 global_irq 11 high level)
[    0.036128] ACPI: Using ACPI (MADT) for SMP configuration information
[    0.036560] ACPI: HPET id: 0x8086a201 base: 0xfed00000
[    0.036907] TSC deadline timer available
[    0.037173] CPU topo: Max. logical packages:   1
[    0.037483] CPU topo: Max. logical dies:       1
[    0.037792] CPU topo: Max. dies per package:   1
[    0.038105] CPU topo: Max. threads per core:   1
[    0.038415] CPU topo: Num. cores per package:    32
[    0.038742] CPU topo: Num. threads per package:  32
[    0.039082] CPU topo: Allowing 32 present CPUs plus 0 hotplug CPUs
[    0.039511] kvm-guest: APIC: eoi() replaced with kvm_guest_apic_eoi_write()
[    0.039990] kvm-guest: KVM setup pv remote TLB flush
[    0.040325] kvm-guest: setup PV sched yield
[    0.040612] PM: hibernation: Registered nosave memory: [mem 0x00000000-0x00000fff]
[    0.041121] PM: hibernation: Registered nosave memory: [mem 0x0009f000-0x0009ffff]
[    0.041629] PM: hibernation: Registered nosave memory: [mem 0x000a0000-0x000effff]
[    0.042137] PM: hibernation: Registered nosave memory: [mem 0x000f0000-0x000fffff]
[    0.042646] [mem 0x40000000-0xfeffbfff] available for PCI devices
[    0.043062] Booting paravirtualized kernel on KVM
[    0.043378] clocksource: refined-jiffies: mask: 0xffffffff max_cycles: 0xffffffff, max_idle_ns: 1910969940391419 ns
[    0.052115] setup_percpu: NR_CPUS:64 nr_cpumask_bits:32 nr_cpu_ids:32 nr_node_ids:1
[    0.053871] percpu: Embedded 70 pages/cpu s248792 r8192 d29736 u524288
[    0.054374] Kernel command line: virtme_hostname=virtme-ng nr_open=1048576 virtme_link_mods=/nipa-data/kernel/.virtme_mods/lib/modules/0.0.0 virtme_initmount0=nipa-data/kernel virtme_rw_overlay0=/etc virtme_rw_overlay1=/lib virtme_rw_overlay2=/home virtme_rw_overlay3=/opt virtme_rw_overlay4=/srv virtme_rw_overlay5=/usr virtme_rw_overlay6=/var console=hvc0 earlyprintk=serial,ttyS0,115200 virtme_console=ttyS0 psmouse.proto=exps TERM=xterm virtme_chdir=nipa-data/kernel virtme_root_user=1 rootfstype=9p rootflags=version=9p2000.L,trans=virtio,access=any raid=noautodetect ro init=/usr/lib/python3/dist-packages/virtme/guest/virtme-init
[    0.058345] Unknown kernel command line parameters "virtme_hostname=virtme-ng nr_open=1048576 virtme_link_mods=/nipa-data/kernel/.virtme_mods/lib/modules/0.0.0 virtme_initmount0=nipa-data/kernel virtme_rw_overlay0=/etc virtme_rw_overlay1=/lib virtme_rw_overlay2=/home virtme_rw_overlay3=/opt virtme_rw_overlay4=/srv virtme_rw_overlay5=/usr virtme_rw_overlay6=/var virtme_console=ttyS0 virtme_chdir=nipa-data/kernel virtme_root_user=1", will be passed to user space.
[    0.061353] random: crng init done
[    0.061607] Dentry cache hash table entries: 131072 (order: 8, 1048576 bytes, linear)
[    0.062158] Inode-cache hash table entries: 65536 (order: 7, 524288 bytes, linear)
[    0.063104] Fallback order for Node 0: 0 
[    0.063109] Built 1 zonelists, mobility grouping on.  Total pages: 262014
[    0.063854] Policy zone: DMA32
[    0.064067] mem auto-init: stack:all(zero), heap alloc:off, heap free:off
[    0.064534] stackdepot: allocating hash table via alloc_large_system_hash
[    0.065003] stackdepot hash table entries: 1048576 (order: 12, 16777216 bytes, linear)
[    0.073129] SLUB: HWalign=64, Order=0-3, MinObjects=0, CPUs=32, Nodes=1
Poking KASLR using RDRAND RDTSC...
[    0.073875] ftrace: allocating 48630 entries in 190 pages
[    0.082432] ftrace: allocated 190 pages with 6 groups
[    0.083624] Dynamic Preempt: voluntary
[    0.084326] rcu: Preemptible hierarchical RCU implementation.
[    0.084719] rcu: RCU event tracing is enabled.
[    0.085032] rcu: RCU restricting CPUs from NR_CPUS=64 to nr_cpu_ids=32.
[    0.085492] Trampoline variant of Tasks RCU enabled.
[    0.085838] Rude variant of Tasks RCU enabled.
[    0.086148] Tracing variant of Tasks RCU enabled.
[    0.086477] rcu: RCU calculated value of scheduler-enlistment delay is 100 jiffies.
[    0.087009] rcu: Adjusting geometry for rcu_fanout_leaf=16, nr_cpu_ids=32
[    0.087540] RCU Tasks: Setting shift to 5 and lim to 1 rcu_task_cb_adjust=1 rcu_task_cpu_ids=32.
[    0.088144] RCU Tasks Rude: Setting shift to 5 and lim to 1 rcu_task_cb_adjust=1 rcu_task_cpu_ids=32.
[    0.088777] RCU Tasks Trace: Setting shift to 5 and lim to 1 rcu_task_cb_adjust=1 rcu_task_cpu_ids=32.
[    0.097564] NR_IRQS: 4352, nr_irqs: 680, preallocated irqs: 16
[    0.098212] rcu: srcu_init: Setting srcu_struct sizes based on contention.
[    0.098893] Console: colour *CGA 80x25
[    0.099182] ACPI: Core revision 20240827
[    0.099600] clocksource: hpet: mask: 0xffffffff max_cycles: 0xffffffff, max_idle_ns: 19112604467 ns
[    0.100293] APIC: Switch to symmetric I/O mode setup
[    0.100657] kvm-guest: APIC: send_IPI_mask() replaced with kvm_send_ipi_mask()
[    0.101153] kvm-guest: APIC: send_IPI_mask_allbutself() replaced with kvm_send_ipi_mask_allbutself()
[    0.101763] kvm-guest: setup PV IPIs
[    0.102840] ..TIMER: vector=0x30 apic1=0 pin1=2 apic2=-1 pin2=-1
[    0.103669] clocksource: tsc-early: mask: 0xffffffffffffffff max_cycles: 0x40be4320a4d, max_idle_ns: 440795288133 ns
[    0.104987] Calibrating delay loop (skipped) preset value.. 8983.12 BogoMIPS (lpj=4491560)
[    0.106048] x86/cpu: User Mode Instruction Prevention (UMIP) activated
[    0.107047] Last level iTLB entries: 4KB 512, 2MB 255, 4MB 127
[    0.107985] Last level dTLB entries: 4KB 512, 2MB 255, 4MB 127, 1GB 0
[    0.108990] Spectre V1 : Mitigation: usercopy/swapgs barriers and __user pointer sanitization
[    0.109990] Spectre V2 : Mitigation: Enhanced / Automatic IBRS
[    0.110703] Spectre V2 : Spectre v2 / SpectreRSB mitigation: Filling RSB on context switch
[    0.110987] Spectre V2 : mitigation: Enabling conditional Indirect Branch Prediction Barrier
[    0.111987] Speculative Store Bypass: Mitigation: Speculative Store Bypass disabled via prctl
[    0.112985] Speculative Return Stack Overflow: IBPB-extending microcode not applied!
[    0.113985] Speculative Return Stack Overflow: WARNING: See https://kernel.org/doc/html/latest/admin-guide/hw-vuln/srso.html for mitigation options.
[    0.113987] Speculative Return Stack Overflow: Vulnerable: Safe RET, no microcode
[    0.116000] x86/fpu: Supporting XSAVE feature 0x001: 'x87 floating point registers'
[    0.116985] x86/fpu: Supporting XSAVE feature 0x002: 'SSE registers'
[    0.117985] x86/fpu: Supporting XSAVE feature 0x004: 'AVX registers'
[    0.118985] x86/fpu: Supporting XSAVE feature 0x020: 'AVX-512 opmask'
[    0.119761] x86/fpu: Supporting XSAVE feature 0x040: 'AVX-512 Hi256'
[    0.119985] x86/fpu: Supporting XSAVE feature 0x080: 'AVX-512 ZMM_Hi256'
[    0.120985] x86/fpu: Supporting XSAVE feature 0x200: 'Protection Keys User registers'
[    0.121985] x86/fpu: xstate_offset[2]:  576, xstate_sizes[2]:  256
[    0.122985] x86/fpu: xstate_offset[5]:  832, xstate_sizes[5]:   64
[    0.123729] x86/fpu: xstate_offset[6]:  896, xstate_sizes[6]:  512
[    0.123985] x86/fpu: xstate_offset[7]: 1408, xstate_sizes[7]: 1024
[    0.124985] x86/fpu: xstate_offset[9]: 2432, xstate_sizes[9]:    8
[    0.125985] x86/fpu: Enabled xstate features 0x2e7, context size is 2440 bytes, using 'compacted' format.
[    0.147959] Freeing SMP alternatives memory: 40K
[    0.147986] pid_max: default: 32768 minimum: 301
[    0.149099] Mount-cache hash table entries: 2048 (order: 2, 16384 bytes, linear)
[    0.149986] Mountpoint-cache hash table entries: 2048 (order: 2, 16384 bytes, linear)
[    0.151594] smpboot: CPU0: AMD Ryzen 9 7950X 16-Core Processor (family: 0x19, model: 0x61, stepping: 0x2)
[    0.152448] Performance Events: Fam17h+ core perfctr, AMD PMU driver.
[    0.152990] ... version:                0
[    0.153478] ... bit width:              48
[    0.153972] ... generic registers:      6
[    0.153987] ... value mask:             0000ffffffffffff
[    0.154628] ... max period:             00007fffffffffff
[    0.154987] ... fixed-purpose events:   0
[    0.155470] ... event mask:             000000000000003f
[    0.156097] signal: max sigframe size: 3376
[    0.156651] rcu: Hierarchical SRCU implementation.
[    0.156987] rcu: Max phase no-delay instances is 400.
[    0.157680] Timer migration: 2 hierarchy levels; 8 children per group; 2 crossnode level
[    0.161729] smp: Bringing up secondary CPUs ...
[    0.163026] smpboot: x86: Booting SMP configuration:
[    0.163646] .... node  #0, CPUs:        #1  #2  #3  #4  #5  #6  #7  #8  #9 #10 #11 #12 #13 #14 #15 #16 #17 #18 #19 #20 #21 #22 #23 #24 #25 #26 #27 #28 #29 #30 #31
[    0.189090] smp: Brought up 1 node, 32 CPUs
[    0.190512] smpboot: Total of 32 processors activated (287459.84 BogoMIPS)
[    0.195051] Memory: 763392K/1048056K available (45056K kernel code, 11401K rwdata, 10016K rodata, 6008K init, 1764K bss, 269036K reserved, 0K cma-reserved)
[    0.196108] devtmpfs: initialized
[    0.196563] x86/mm: Memory block size: 128MB
[    0.203085] clocksource: jiffies: mask: 0xffffffff max_cycles: 0xffffffff, max_idle_ns: 1911260446275000 ns
[    0.203992] futex hash table entries: 8192 (order: 7, 524288 bytes, linear)
[    0.205145] PM: RTC time: 09:26:40, date: 2024-10-29
[    0.206349] NET: Registered PF_NETLINK/PF_ROUTE protocol family
[    0.207834] thermal_sys: Registered thermal governor 'step_wise'
[    0.207837] thermal_sys: Registered thermal governor 'user_space'
[    0.208015] cpuidle: using governor menu
[    0.210296] PCI: Using configuration type 1 for base access
[    0.210987] PCI: Using configuration type 1 for extended access
[    0.211842] kprobes: kprobe jump-optimization is enabled. All kprobes are optimized if possible.
[    0.224183] HugeTLB: registered 1.00 GiB page size, pre-allocated 0 pages
[    0.224987] HugeTLB: 16380 KiB vmemmap can be freed for a 1.00 GiB page
[    0.225798] HugeTLB: registered 2.00 MiB page size, pre-allocated 0 pages
[    0.226987] HugeTLB: 28 KiB vmemmap can be freed for a 2.00 MiB page
[    0.228302] ACPI: Added _OSI(Module Device)
[    0.228820] ACPI: Added _OSI(Processor Device)
[    0.228988] ACPI: Added _OSI(3.0 _SCP Extensions)
[    0.229566] ACPI: Added _OSI(Processor Aggregator Device)
[    0.251923] ACPI: 1 ACPI AML tables successfully acquired and loaded
[    0.256751] ACPI: Interpreter enabled
[    0.257043] ACPI: PM: (supports S0 S3 S4 S5)
[    0.257563] ACPI: Using IOAPIC for interrupt routing
[    0.259034] PCI: Using host bridge windows from ACPI; if necessary, use "pci=nocrs" and report a bug
[    0.259987] PCI: Using E820 reservations for host bridge windows
[    0.261736] ACPI: Enabled 2 GPEs in block 00 to 0F
[    0.306154] ACPI: PCI Root Bridge [PCI0] (domain 0000 [bus 00-ff])
[    0.306926] acpi PNP0A03:00: _OSC: OS supports [ExtendedConfig ASPM ClockPM Segments MSI HPX-Type3]
[    0.308456] PCI host bridge to bus 0000:00
[    0.309008] pci_bus 0000:00: root bus resource [io  0x0000-0x0cf7 window]
[    0.309840] pci_bus 0000:00: root bus resource [io  0x0d00-0xffff window]
[    0.310990] pci_bus 0000:00: root bus resource [mem 0x000a0000-0x000bffff window]
[    0.311903] pci_bus 0000:00: root bus resource [mem 0x40000000-0xfebfffff window]
[    0.312989] pci_bus 0000:00: root bus resource [mem 0x100000000-0x17fffffff window]
[    0.313937] pci_bus 0000:00: root bus resource [bus 00-ff]
[    0.314086] pci 0000:00:00.0: [8086:1237] type 00 class 0x060000 conventional PCI endpoint
[    0.315795] pci 0000:00:01.0: [8086:7000] type 00 class 0x060100 conventional PCI endpoint
[    0.317851] pci 0000:00:01.1: [8086:7010] type 00 class 0x010180 conventional PCI endpoint
[    0.320634] pci 0000:00:01.1: BAR 4 [io  0xc0c0-0xc0cf]
[    0.321680] pci 0000:00:01.1: BAR 0 [io  0x01f0-0x01f7]: legacy IDE quirk
[    0.322987] pci 0000:00:01.1: BAR 1 [io  0x03f6]: legacy IDE quirk
[    0.323741] pci 0000:00:01.1: BAR 2 [io  0x0170-0x0177]: legacy IDE quirk
[    0.323987] pci 0000:00:01.1: BAR 3 [io  0x0376]: legacy IDE quirk
[    0.325390] pci 0000:00:01.3: [8086:7113] type 00 class 0x068000 conventional PCI endpoint
[    0.327237] pci 0000:00:01.3: quirk: [io  0x0600-0x063f] claimed by PIIX4 ACPI
[    0.327991] pci 0000:00:01.3: quirk: [io  0x0700-0x070f] claimed by PIIX4 SMB
[    0.329602] pci 0000:00:02.0: [1af4:1009] type 00 class 0x000200 conventional PCI endpoint
[    0.331405] pci 0000:00:02.0: BAR 0 [io  0xc000-0xc03f]
[    0.332365] pci 0000:00:02.0: BAR 1 [mem 0xfebfc000-0xfebfcfff]
[    0.334987] pci 0000:00:02.0: BAR 4 [mem 0xfebf0000-0xfebf3fff 64bit pref]
[    0.348490] pci 0000:00:03.0: [1af4:1009] type 00 class 0x000200 conventional PCI endpoint
[    0.349377] pci 0000:00:03.0: BAR 0 [io  0xc040-0xc07f]
[    0.350335] pci 0000:00:03.0: BAR 1 [mem 0xfebfd000-0xfebfdfff]
[    0.351988] pci 0000:00:03.0: BAR 4 [mem 0xfebf4000-0xfebf7fff 64bit pref]
[    0.363859] pci 0000:00:04.0: [8086:25ab] type 00 class 0x088000 conventional PCI endpoint
[    0.365167] pci 0000:00:04.0: BAR 0 [mem 0xfebfe000-0xfebfe00f]
[    0.377068] pci 0000:00:05.0: [1af4:1003] type 00 class 0x078000 conventional PCI endpoint
[    0.378343] pci 0000:00:05.0: BAR 0 [io  0xc080-0xc0bf]
[    0.379136] pci 0000:00:05.0: BAR 1 [mem 0xfebff000-0xfebfffff]
[    0.380714] pci 0000:00:05.0: BAR 4 [mem 0xfebf8000-0xfebfbfff 64bit pref]
[    0.396127] ACPI: PCI: Interrupt link LNKA configured for IRQ 10
[    0.397719] ACPI: PCI: Interrupt link LNKB configured for IRQ 10
[    0.398852] ACPI: PCI: Interrupt link LNKC configured for IRQ 11
[    0.400847] ACPI: PCI: Interrupt link LNKD configured for IRQ 11
[    0.401351] ACPI: PCI: Interrupt link LNKS configured for IRQ 9
[    0.419207] iommu: Default domain type: Translated
[    0.419793] iommu: DMA domain TLB invalidation policy: lazy mode
[    0.421430] SCSI subsystem initialized
[    0.422198] pps_core: LinuxPPS API ver. 1 registered
[    0.422807] pps_core: Software ver. 5.3.6 - Copyright 2005-2007 Rodolfo Giometti <giometti@linux.it>
[    0.424001] PTP clock support registered
[    0.425093] Advanced Linux Sound Architecture Driver Initialized.
[    0.426006] NET: Registered PF_ATMPVC protocol family
[    0.426627] NET: Registered PF_ATMSVC protocol family
[    0.428023] PCI: Using ACPI for IRQ routing
[    0.428656] vgaarb: loaded
[    0.429101] hpet0: at MMIO 0xfed00000, IRQs 2, 8, 0
[    0.429702] hpet0: 3 comparators, 64-bit 100.000000 MHz counter
[    0.434001] clocksource: Switched to clocksource kvm-clock
[    0.435173] VFS: Disk quotas dquot_6.6.0
[    0.435676] VFS: Dquot-cache hash table entries: 512 (order 0, 4096 bytes)
[    0.437166] pnp: PnP ACPI init
[    0.443493] pnp: PnP ACPI: found 5 devices
[    0.455923] clocksource: acpi_pm: mask: 0xffffff max_cycles: 0xffffff, max_idle_ns: 2085701024 ns
[    0.457065] NET: Registered PF_INET protocol family
[    0.457709] IP idents hash table entries: 16384 (order: 5, 131072 bytes, linear)
[    0.458954] tcp_listen_portaddr_hash hash table entries: 512 (order: 1, 8192 bytes, linear)
[    0.459969] Table-perturb hash table entries: 65536 (order: 6, 262144 bytes, linear)
[    0.460913] TCP established hash table entries: 8192 (order: 4, 65536 bytes, linear)
[    0.461948] TCP bind hash table entries: 8192 (order: 6, 262144 bytes, linear)
[    0.462834] TCP: Hash tables configured (established 8192 bind 8192)
[    0.463749] UDP hash table entries: 512 (order: 2, 16384 bytes, linear)
[    0.464582] UDP-Lite hash table entries: 512 (order: 2, 16384 bytes, linear)
[    0.465642] NET: Registered PF_UNIX/PF_LOCAL protocol family
[    0.466342] pci_bus 0000:00: resource 4 [io  0x0000-0x0cf7 window]
[    0.467085] pci_bus 0000:00: resource 5 [io  0x0d00-0xffff window]
[    0.467832] pci_bus 0000:00: resource 6 [mem 0x000a0000-0x000bffff window]
[    0.468664] pci_bus 0000:00: resource 7 [mem 0x40000000-0xfebfffff window]
[    0.469494] pci_bus 0000:00: resource 8 [mem 0x100000000-0x17fffffff window]
[    0.470533] pci 0000:00:01.0: PIIX3: Enabling Passive Release
[    0.471223] pci 0000:00:00.0: Limiting direct PCI/PCI transfers
[    0.471971] PCI: CLS 0 bytes, default 64
[    0.472635] kvm_intel: VMX not supported by CPU 18
[    0.473232] kvm_amd: TSC scaling supported
[    0.473739] kvm_amd: Nested Virtualization enabled
[    0.474316] kvm_amd: Nested Paging enabled
[    0.474805] kvm_amd: LBR virtualization supported
[    0.475382] kvm_amd: Virtual VMLOAD VMSAVE supported
[    0.475973] kvm_amd: Virtual GIF supported
[    0.476466] kvm_amd: Virtual NMI enabled
[    0.507097] clocksource: tsc: mask: 0xffffffffffffffff max_cycles: 0x40be4320a4d, max_idle_ns: 440795288133 ns
[    0.525663] Initialise system trusted keyrings
[    0.526589] workingset: timestamp_bits=56 max_order=18 bucket_order=0
[    0.527480] squashfs: version 4.0 (2009/01/31) Phillip Lougher
[    0.528201] fuse: init (API version 7.41)
[    0.528822] 9p: Installing v9fs 9p2000 file system support
[    0.538442] Key type asymmetric registered
[    0.538944] Asymmetric key parser 'x509' registered
[    0.539599] Block layer SCSI generic (bsg) driver version 0.4 loaded (major 249)
[    0.540535] io scheduler mq-deadline registered
[    0.541085] io scheduler kyber registered
[    0.543886] input: Power Button as /devices/LNXSYSTM:00/LNXPWRBN:00/input/input0
[    0.545002] ACPI: button: Power Button [PWRF]
[    0.546851] Warning: Processor Platform Limit event detected, but not handled.
[    0.547761] Consider compiling CPUfreq support into your kernel.
[    1.334622] ACPI: \_SB_.LNKB: Enabled at IRQ 10
[    2.115880] ACPI: \_SB_.LNKC: Enabled at IRQ 11
[    2.897359] ACPI: \_SB_.LNKA: Enabled at IRQ 10
[    2.898690] Serial: 8250/16550 driver, 4 ports, IRQ sharing enabled
[    2.899765] 00:03: ttyS0 at I/O 0x3f8 (irq = 4, base_baud = 115200) is a 16550A
[    2.923753] Non-volatile memory driver v1.3
[    2.924284] Linux agpgart interface v0.103
[    2.925005] ACPI: bus type drm_connector registered
[    2.925638] printk: legacy console [hvc0] enabled
[    2.926225] printk: legacy bootconsole [earlyser0] disabled
          _      _                                    
   __   _(_)_ __| |_ _ __ ___   ___       _ __   __ _ 
   \ \ / / |  __| __|  _   _ \ / _ \_____|  _ \ / _  |
    \ V /| | |  | |_| | | | | |  __/_____| | | | (_| |
     \_/ |_|_|   \__|_| |_| |_|\___|     |_| |_|\__  |
                                                |___/ 
   kernel version: 6.12.0-rc4-virtme x86_64
   (CTRL+d to exit)

root@virtme-ng:/nipa-data/kernel# PS1='xx__-> '
xx__-> env
PWD=/nipa-data/kernel
nr_open=1048576
HOME=/
TERM=xterm
SHLVL=2
XDG_RUNTIME_DIR=/run/user/0
PATH=/bin:/sbin:/usr/bin:/usr/sbin:/usr/local/bin
OLDPWD=/
_=/bin/env
xx__-> 