No EFI environment detected.
early console in extract_kernel
input_data: 0x00000000029eb2b9
input_len: 0x0000000000b221ed
output: 0x0000000001000000
output_len: 0x00000000024c82b8
kernel_total_size: 0x0000000002230000
needed_size: 0x0000000002600000
trampoline_32bit: 0x0000000000000000
Physical KASLR using RDRAND RDTSC...
Virtual KASLR using RDRAND RDTSC...

Decompressing Linux... Parsing ELF... Performing relocations... done.
Booting the kernel (entry_offset: 0x0000000000000000).
[    0.000000] Linux version 6.9.0-rc3-virtme (root@1128ed527a04) (gcc (Alpine 13.2.1_git20240309) 13.2.1 20240309, GNU ld (GNU Binutils) 2.42) #1 SMP PREEMPT_DYNAMIC Thu Apr 18 15:06:20 UTC 2024
[    0.000000] Command line: virtme_hostname=virtme-ng nr_open=1048576 virtme_link_mods=/nipa-data/kernel/.virtme_mods/lib/modules/0.0.0 virtme_initmount0=nipa-data/kernel virtme_rw_overlay0=/etc virtme_rw_overlay1=/lib virtme_rw_overlay2=/home virtme_rw_overlay3=/opt virtme_rw_overlay4=/srv virtme_rw_overlay5=/usr virtme_rw_overlay6=/var console=hvc0 earlyprintk=serial,ttyS0,115200 virtme_console=ttyS0 psmouse.proto=exps TERM=xterm virtme_chdir=nipa-data/kernel virtme_root_user=1 rootfstype=9p rootflags=version=9p2000.L,trans=virtio,access=any raid=noautodetect ro init=/usr/lib/python3.12/site-packages/virtme/guest/virtme-init
[    0.000000] BIOS-provided physical RAM map:
[    0.000000] BIOS-e820: [mem 0x0000000000000000-0x000000000009fbff] usable
[    0.000000] BIOS-e820: [mem 0x000000000009fc00-0x000000000009ffff] reserved
[    0.000000] BIOS-e820: [mem 0x00000000000f0000-0x00000000000fffff] reserved
[    0.000000] BIOS-e820: [mem 0x0000000000100000-0x000000003ffdffff] usable
[    0.000000] BIOS-e820: [mem 0x000000003ffe0000-0x000000003fffffff] reserved
[    0.000000] BIOS-e820: [mem 0x00000000feffc000-0x00000000feffffff] reserved
[    0.000000] BIOS-e820: [mem 0x00000000fffc0000-0x00000000ffffffff] reserved
[    0.000000] BIOS-e820: [mem 0x000000fd00000000-0x000000ffffffffff] reserved
[    0.000000] printk: legacy bootconsole [earlyser0] enabled
[    0.000000] NX (Execute Disable) protection: active
[    0.000000] APIC: Static calls initialized
[    0.000000] SMBIOS 3.0.0 present.
[    0.000000] DMI: QEMU Standard PC (i440FX + PIIX, 1996), BIOS rel-1.16.3-0-ga6ed6b701f0a-prebuilt.qemu.org 04/01/2014
[    0.000000] Hypervisor detected: KVM
[    0.000000] kvm-clock: Using msrs 4b564d01 and 4b564d00
[    0.000000] kvm-clock: using sched offset of 259166892 cycles
[    0.000381] clocksource: kvm-clock: mask: 0xffffffffffffffff max_cycles: 0x1cd42e4dffb, max_idle_ns: 881590591483 ns
[    0.001581] tsc: Detected 4491.556 MHz processor
[    0.002184] last_pfn = 0x3ffe0 max_arch_pfn = 0x400000000
[    0.002602] MTRR map: 4 entries (3 fixed + 1 variable; max 19), built from 8 variable MTRRs
[    0.003209] x86/PAT: Configuration [0-7]: WB  WC  UC- UC  WB  WP  UC- WT  
Memory KASLR using RDRAND RDTSC...
[    0.005244] found SMP MP-table at [mem 0x000f5470-0x000f547f]
[    0.005670] Using GB pages for direct mapping
[    0.006030] ACPI: Early table checksum verification disabled
[    0.006447] ACPI: RSDP 0x00000000000F5290 000014 (v00 BOCHS )
[    0.006880] ACPI: RSDT 0x000000003FFE27BC 000034 (v01 BOCHS  BXPC     00000001 BXPC 00000001)
[    0.007503] ACPI: FACP 0x000000003FFE2578 000074 (v01 BOCHS  BXPC     00000001 BXPC 00000001)
[    0.008124] ACPI: DSDT 0x000000003FFE0040 002538 (v01 BOCHS  BXPC     00000001 BXPC 00000001)
[    0.008745] ACPI: FACS 0x000000003FFE0000 000040
[    0.009082] ACPI: APIC 0x000000003FFE25EC 000170 (v03 BOCHS  BXPC     00000001 BXPC 00000001)
[    0.009703] ACPI: HPET 0x000000003FFE275C 000038 (v01 BOCHS  BXPC     00000001 BXPC 00000001)
[    0.010330] ACPI: WAET 0x000000003FFE2794 000028 (v01 BOCHS  BXPC     00000001 BXPC 00000001)
[    0.010953] ACPI: Reserving FACP table memory at [mem 0x3ffe2578-0x3ffe25eb]
[    0.011481] ACPI: Reserving DSDT table memory at [mem 0x3ffe0040-0x3ffe2577]
[    0.011993] ACPI: Reserving FACS table memory at [mem 0x3ffe0000-0x3ffe003f]
[    0.012505] ACPI: Reserving APIC table memory at [mem 0x3ffe25ec-0x3ffe275b]
[    0.013016] ACPI: Reserving HPET table memory at [mem 0x3ffe275c-0x3ffe2793]
[    0.013529] ACPI: Reserving WAET table memory at [mem 0x3ffe2794-0x3ffe27bb]
[    0.014199] No NUMA configuration found
[    0.014484] Faking a node at [mem 0x0000000000000000-0x000000003ffdffff]
[    0.014975] NODE_DATA(0) allocated [mem 0x3ffdb000-0x3ffdffff]
[    0.015417] Zone ranges:
[    0.015605]   DMA      [mem 0x0000000000001000-0x0000000000ffffff]
[    0.016059]   DMA32    [mem 0x0000000001000000-0x000000003ffdffff]
[    0.016511]   Normal   empty
[    0.016721]   Device   empty
[    0.016932] Movable zone start for each node
[    0.017245] Early memory node ranges
[    0.017505]   node   0: [mem 0x0000000000001000-0x000000000009efff]
[    0.017962]   node   0: [mem 0x0000000000100000-0x000000003ffdffff]
[    0.018423] Initmem setup node 0 [mem 0x0000000000001000-0x000000003ffdffff]
[    0.018940] On node 0, zone DMA: 1 pages in unavailable ranges
[    0.019377] On node 0, zone DMA: 97 pages in unavailable ranges
[    0.020778] On node 0, zone DMA32: 32 pages in unavailable ranges
[    0.021445] ACPI: PM-Timer IO Port: 0x608
[    0.021744] ACPI: LAPIC_NMI (acpi_id[0xff] dfl dfl lint[0x1])
[    0.022190] IOAPIC[0]: apic_id 0, version 17, address 0xfec00000, GSI 0-23
[    0.022694] ACPI: INT_SRC_OVR (bus 0 bus_irq 0 global_irq 2 dfl dfl)
[    0.023158] ACPI: INT_SRC_OVR (bus 0 bus_irq 5 global_irq 5 high level)
[    0.023646] ACPI: INT_SRC_OVR (bus 0 bus_irq 9 global_irq 9 high level)
[    0.024131] ACPI: INT_SRC_OVR (bus 0 bus_irq 10 global_irq 10 high level)
[    0.024632] ACPI: INT_SRC_OVR (bus 0 bus_irq 11 global_irq 11 high level)
[    0.025129] ACPI: Using ACPI (MADT) for SMP configuration information
[    0.025600] ACPI: HPET id: 0x8086a201 base: 0xfed00000
[    0.025976] TSC deadline timer available
[    0.026269] CPU topo: Max. logical packages:   1
[    0.026606] CPU topo: Max. logical dies:       1
[    0.026944] CPU topo: Max. dies per package:   1
[    0.027290] CPU topo: Max. threads per core:  32
[    0.027635] CPU topo: Num. cores per package:     1
[    0.027991] CPU topo: Num. threads per package:  32
[    0.028346] CPU topo: Allowing 32 present CPUs plus 0 hotplug CPUs
[    0.028813] kvm-guest: APIC: eoi() replaced with kvm_guest_apic_eoi_write()
[    0.029335] kvm-guest: KVM setup pv remote TLB flush
[    0.029701] kvm-guest: setup PV sched yield
[    0.030013] PM: hibernation: Registered nosave memory: [mem 0x00000000-0x00000fff]
[    0.030574] PM: hibernation: Registered nosave memory: [mem 0x0009f000-0x0009ffff]
[    0.031130] PM: hibernation: Registered nosave memory: [mem 0x000a0000-0x000effff]
[    0.031686] PM: hibernation: Registered nosave memory: [mem 0x000f0000-0x000fffff]
[    0.032243] [mem 0x40000000-0xfeffbfff] available for PCI devices
[    0.032691] Booting paravirtualized kernel on KVM
[    0.033038] clocksource: refined-jiffies: mask: 0xffffffff max_cycles: 0xffffffff, max_idle_ns: 1910969940391419 ns
[    0.036966] setup_percpu: NR_CPUS:64 nr_cpumask_bits:32 nr_cpu_ids:32 nr_node_ids:1
[    0.038403] percpu: Embedded 58 pages/cpu s198952 r8192 d30424 u262144
[    0.039021] Kernel command line: virtme_hostname=virtme-ng nr_open=1048576 virtme_link_mods=/nipa-data/kernel/.virtme_mods/lib/modules/0.0.0 virtme_initmount0=nipa-data/kernel virtme_rw_overlay0=/etc virtme_rw_overlay1=/lib virtme_rw_overlay2=/home virtme_rw_overlay3=/opt virtme_rw_overlay4=/srv virtme_rw_overlay5=/usr virtme_rw_overlay6=/var console=hvc0 earlyprintk=serial,ttyS0,115200 virtme_console=ttyS0 psmouse.proto=exps TERM=xterm virtme_chdir=nipa-data/kernel virtme_root_user=1 rootfstype=9p rootflags=version=9p2000.L,trans=virtio,access=any raid=noautodetect ro init=/usr/lib/python3.12/site-packages/virtme/guest/virtme-init
[    0.044271] Unknown kernel command line parameters "virtme_hostname=virtme-ng nr_open=1048576 virtme_link_mods=/nipa-data/kernel/.virtme_mods/lib/modules/0.0.0 virtme_initmount0=nipa-data/kernel virtme_rw_overlay0=/etc virtme_rw_overlay1=/lib virtme_rw_overlay2=/home virtme_rw_overlay3=/opt virtme_rw_overlay4=/srv virtme_rw_overlay5=/usr virtme_rw_overlay6=/var virtme_console=ttyS0 virtme_chdir=nipa-data/kernel virtme_root_user=1", will be passed to user space.
[    0.048003] random: crng init done
[    0.048297] Dentry cache hash table entries: 131072 (order: 8, 1048576 bytes, linear)
[    0.048908] Inode-cache hash table entries: 65536 (order: 7, 524288 bytes, linear)
[    0.049581] Fallback order for Node 0: 0 
[    0.049584] Built 1 zonelists, mobility grouping on.  Total pages: 257760
[    0.050458] Policy zone: DMA32
[    0.050742] mem auto-init: stack:all(zero), heap alloc:off, heap free:off
[    0.052243] Memory: 986620K/1048056K available (16384K kernel code, 2402K rwdata, 6100K rodata, 3052K init, 2108K bss, 61176K reserved, 0K cma-reserved)
[    0.053504] SLUB: HWalign=64, Order=0-3, MinObjects=0, CPUs=32, Nodes=1
Poking KASLR using RDRAND RDTSC...
[    0.054271] ftrace: allocating 47559 entries in 186 pages
[    0.061306] ftrace: allocated 186 pages with 5 groups
[    0.062306] Dynamic Preempt: voluntary
[    0.062747] rcu: Preemptible hierarchical RCU implementation.
[    0.063184] rcu: RCU event tracing is enabled.
[    0.063545] rcu: RCU restricting CPUs from NR_CPUS=64 to nr_cpu_ids=32.
[    0.064048] Trampoline variant of Tasks RCU enabled.
[    0.064441] Rude variant of Tasks RCU enabled.
[    0.064788] Tracing variant of Tasks RCU enabled.
[    0.065147] rcu: RCU calculated value of scheduler-enlistment delay is 100 jiffies.
[    0.065734] rcu: Adjusting geometry for rcu_fanout_leaf=16, nr_cpu_ids=32
[    0.066254] RCU Tasks: Setting shift to 5 and lim to 1 rcu_task_cb_adjust=1.
[    0.066789] RCU Tasks Rude: Setting shift to 5 and lim to 1 rcu_task_cb_adjust=1.
[    0.067369] RCU Tasks Trace: Setting shift to 5 and lim to 1 rcu_task_cb_adjust=1.
[    0.069347] NR_IRQS: 4352, nr_irqs: 680, preallocated irqs: 16
[    0.069954] rcu: srcu_init: Setting srcu_struct sizes based on contention.
[    0.070613] Console: colour *CGA 80x25
[    0.070899] ACPI: Core revision 20230628
[    0.071258] clocksource: hpet: mask: 0xffffffff max_cycles: 0xffffffff, max_idle_ns: 19112604467 ns
[    0.071999] APIC: Switch to symmetric I/O mode setup
[    0.072389] APIC: Switched APIC routing to: physical flat
[    0.072790] kvm-guest: APIC: send_IPI_mask() replaced with kvm_send_ipi_mask()
[    0.073331] kvm-guest: APIC: send_IPI_mask_allbutself() replaced with kvm_send_ipi_mask_allbutself()
[    0.074020] kvm-guest: setup PV IPIs
[    0.075073] ..TIMER: vector=0x30 apic1=0 pin1=2 apic2=-1 pin2=-1
[    0.075883] tsc: Marking TSC unstable due to TSCs unsynchronized
[    0.076695] Calibrating delay loop (skipped) preset value.. 8983.11 BogoMIPS (lpj=4491556)
[    0.077754] x86/cpu: User Mode Instruction Prevention (UMIP) activated
[    0.078743] Last level iTLB entries: 4KB 512, 2MB 255, 4MB 127
[    0.079694] Last level dTLB entries: 4KB 512, 2MB 255, 4MB 127, 1GB 0
[    0.080697] Spectre V1 : Mitigation: usercopy/swapgs barriers and __user pointer sanitization
[    0.081697] Spectre V2 : Mitigation: Enhanced / Automatic IBRS
[    0.082694] Spectre V2 : Spectre v2 / SpectreRSB mitigation: Filling RSB on context switch
[    0.083695] Spectre V2 : mitigation: Enabling conditional Indirect Branch Prediction Barrier
[    0.084694] Spectre V2 : User space: Mitigation: STIBP always-on protection
[    0.085695] Speculative Store Bypass: Mitigation: Speculative Store Bypass disabled via prctl
[    0.086694] Speculative Return Stack Overflow: IBPB-extending microcode not applied!
[    0.087694] Speculative Return Stack Overflow: WARNING: See https://kernel.org/doc/html/latest/admin-guide/hw-vuln/srso.html for mitigation options.
[    0.087694] Speculative Return Stack Overflow: Vulnerable: Safe RET, no microcode
[    0.089709] x86/fpu: Supporting XSAVE feature 0x001: 'x87 floating point registers'
[    0.090693] x86/fpu: Supporting XSAVE feature 0x002: 'SSE registers'
[    0.091694] x86/fpu: Supporting XSAVE feature 0x004: 'AVX registers'
[    0.092693] x86/fpu: Supporting XSAVE feature 0x020: 'AVX-512 opmask'
[    0.093693] x86/fpu: Supporting XSAVE feature 0x040: 'AVX-512 Hi256'
[    0.094504] x86/fpu: Supporting XSAVE feature 0x080: 'AVX-512 ZMM_Hi256'
[    0.094693] x86/fpu: Supporting XSAVE feature 0x200: 'Protection Keys User registers'
[    0.095694] x86/fpu: xstate_offset[2]:  576, xstate_sizes[2]:  256
[    0.096693] x86/fpu: xstate_offset[5]:  832, xstate_sizes[5]:   64
[    0.097693] x86/fpu: xstate_offset[6]:  896, xstate_sizes[6]:  512
[    0.098693] x86/fpu: xstate_offset[7]: 1408, xstate_sizes[7]: 1024
[    0.099476] x86/fpu: xstate_offset[9]: 2432, xstate_sizes[9]:    8
[    0.099693] x86/fpu: Enabled xstate features 0x2e7, context size is 2440 bytes, using 'compacted' format.
[    0.116120] Freeing SMP alternatives memory: 40K
[    0.116694] pid_max: default: 32768 minimum: 301
[    0.117323] Mount-cache hash table entries: 2048 (order: 2, 16384 bytes, linear)
[    0.117695] Mountpoint-cache hash table entries: 2048 (order: 2, 16384 bytes, linear)
[    0.118860] smpboot: CPU0: AMD Ryzen 9 7950X 16-Core Processor (family: 0x19, model: 0x61, stepping: 0x2)
[    0.119807] Performance Events: Fam17h+ core perfctr, AMD PMU driver.
[    0.120656] ... version:                0
[    0.120695] ... bit width:              48
[    0.121219] ... generic registers:      6
[    0.121695] ... value mask:             0000ffffffffffff
[    0.122379] ... max period:             00007fffffffffff
[    0.122695] ... fixed-purpose events:   0
[    0.123205] ... event mask:             000000000000003f
[    0.123781] signal: max sigframe size: 3376
[    0.124329] rcu: Hierarchical SRCU implementation.
[    0.124696] rcu: Max phase no-delay instances is 400.
[    0.127553] smp: Bringing up secondary CPUs ...
[    0.127748] smpboot: x86: Booting SMP configuration:
[    0.128384] .... node  #0, CPUs:        #1  #2  #3  #4  #5  #6  #7  #8  #9 #10 #11 #12 #13 #14 #15 #16 #17 #18 #19 #20 #21 #22 #23 #24 #25 #26 #27 #28 #29 #30 #31
[    0.132949] Spectre V2 : Update user space SMT mitigation: STIBP always-on
[    0.152850] smp: Brought up 1 node, 32 CPUs
[    0.153418] smpboot: Total of 32 processors activated (287459.58 BogoMIPS)
[    0.156840] devtmpfs: initialized
[    0.157162] x86/mm: Memory block size: 128MB
[    0.158427] clocksource: jiffies: mask: 0xffffffff max_cycles: 0xffffffff, max_idle_ns: 1911260446275000 ns
[    0.158702] futex hash table entries: 8192 (order: 7, 524288 bytes, linear)
[    0.159686] PM: RTC time: 15:06:52, date: 2024-04-18
[    0.160050] NET: Registered PF_NETLINK/PF_ROUTE protocol family
[    0.160820] thermal_sys: Registered thermal governor 'step_wise'
[    0.160821] thermal_sys: Registered thermal governor 'user_space'
[    0.161616] cpuidle: using governor menu
[    0.162921] PCI: Using configuration type 1 for base access
[    0.163696] PCI: Using configuration type 1 for extended access
[    0.164515] kprobes: kprobe jump-optimization is enabled. All kprobes are optimized if possible.
[    0.164810] HugeTLB: registered 1.00 GiB page size, pre-allocated 0 pages
[    0.165695] HugeTLB: 16380 KiB vmemmap can be freed for a 1.00 GiB page
[    0.166558] HugeTLB: registered 2.00 MiB page size, pre-allocated 0 pages
[    0.166695] HugeTLB: 28 KiB vmemmap can be freed for a 2.00 MiB page
[    0.167545] Demotion targets for Node 0: null
[    0.167729] ACPI: Added _OSI(Module Device)
[    0.168280] ACPI: Added _OSI(Processor Device)
[    0.168695] ACPI: Added _OSI(3.0 _SCP Extensions)
[    0.169317] ACPI: Added _OSI(Processor Aggregator Device)
[    0.170386] ACPI: 1 ACPI AML tables successfully acquired and loaded
[    0.177719] ACPI: _OSC evaluation for CPUs failed, trying _PDC
[    0.178807] ACPI: Interpreter enabled
[    0.179303] ACPI: PM: (supports S0 S3 S4 S5)
[    0.179695] ACPI: Using IOAPIC for interrupt routing
[    0.180350] PCI: Using host bridge windows from ACPI; if necessary, use "pci=nocrs" and report a bug
[    0.180695] PCI: Using E820 reservations for host bridge windows
[    0.181541] ACPI: Enabled 2 GPEs in block 00 to 0F
[    0.184264] ACPI: PCI Root Bridge [PCI0] (domain 0000 [bus 00-ff])
[    0.184698] acpi PNP0A03:00: _OSC: OS supports [ExtendedConfig ASPM ClockPM Segments MSI HPX-Type3]
[    0.185783] PCI host bridge to bus 0000:00
[    0.186320] pci_bus 0000:00: root bus resource [io  0x0000-0x0cf7 window]
[    0.186695] pci_bus 0000:00: root bus resource [io  0x0d00-0xffff window]
[    0.187555] pci_bus 0000:00: root bus resource [mem 0x000a0000-0x000bffff window]
[    0.187695] pci_bus 0000:00: root bus resource [mem 0x40000000-0xfebfffff window]
[    0.188637] pci_bus 0000:00: root bus resource [mem 0x100000000-0x17fffffff window]
[    0.188697] pci_bus 0000:00: root bus resource [bus 00-ff]
[    0.189494] pci 0000:00:00.0: [8086:1237] type 00 class 0x060000 conventional PCI endpoint
[    0.189944] pci 0000:00:01.0: [8086:7000] type 00 class 0x060100 conventional PCI endpoint
[    0.191011] pci 0000:00:01.1: [8086:7010] type 00 class 0x010180 conventional PCI endpoint
[    0.193963] pci 0000:00:01.1: BAR 4 [io  0xc0c0-0xc0cf]
[    0.195896] pci 0000:00:01.1: BAR 0 [io  0x01f0-0x01f7]: legacy IDE quirk
[    0.196696] pci 0000:00:01.1: BAR 1 [io  0x03f6]: legacy IDE quirk
[    0.197477] pci 0000:00:01.1: BAR 2 [io  0x0170-0x0177]: legacy IDE quirk
[    0.197695] pci 0000:00:01.1: BAR 3 [io  0x0376]: legacy IDE quirk
[    0.198587] pci 0000:00:01.3: [8086:7113] type 00 class 0x068000 conventional PCI endpoint
[    0.198933] pci 0000:00:01.3: quirk: [io  0x0600-0x063f] claimed by PIIX4 ACPI
[    0.199699] pci 0000:00:01.3: quirk: [io  0x0700-0x070f] claimed by PIIX4 SMB
[    0.200790] pci 0000:00:02.0: [1af4:1009] type 00 class 0x000200 conventional PCI endpoint
[    0.202696] pci 0000:00:02.0: BAR 0 [io  0xc000-0xc03f]
[    0.204384] pci 0000:00:02.0: BAR 1 [mem 0xfebfc000-0xfebfcfff]
[    0.207696] pci 0000:00:02.0: BAR 4 [mem 0xfebf0000-0xfebf3fff 64bit pref]
[    0.209967] pci 0000:00:03.0: [1af4:1009] type 00 class 0x000200 conventional PCI endpoint
[    0.212294] pci 0000:00:03.0: BAR 0 [io  0xc040-0xc07f]
[    0.213696] pci 0000:00:03.0: BAR 1 [mem 0xfebfd000-0xfebfdfff]
[    0.217332] pci 0000:00:03.0: BAR 4 [mem 0xfebf4000-0xfebf7fff 64bit pref]
[    0.219238] pci 0000:00:04.0: [8086:25ab] type 00 class 0x088000 conventional PCI endpoint
[    0.220041] pci 0000:00:04.0: BAR 0 [mem 0xfebfe000-0xfebfe00f]
[    0.223563] pci 0000:00:05.0: [1af4:1003] type 00 class 0x078000 conventional PCI endpoint
[    0.224696] pci 0000:00:05.0: BAR 0 [io  0xc080-0xc0bf]
[    0.226356] pci 0000:00:05.0: BAR 1 [mem 0xfebff000-0xfebfffff]
[    0.229344] pci 0000:00:05.0: BAR 4 [mem 0xfebf8000-0xfebfbfff 64bit pref]
[    0.231452] ACPI: PCI: Interrupt link LNKA configured for IRQ 10
[    0.231803] ACPI: PCI: Interrupt link LNKB configured for IRQ 10
[    0.232677] ACPI: PCI: Interrupt link LNKC configured for IRQ 11
[    0.232792] ACPI: PCI: Interrupt link LNKD configured for IRQ 11
[    0.233624] ACPI: PCI: Interrupt link LNKS configured for IRQ 9
[    0.234579] iommu: Default domain type: Translated
[    0.234695] iommu: DMA domain TLB invalidation policy: lazy mode
[    0.235504] SCSI subsystem initialized
[    0.235726] pps_core: LinuxPPS API ver. 1 registered
[    0.236375] pps_core: Software ver. 5.3.6 - Copyright 2005-2007 Rodolfo Giometti <giometti@linux.it>
[    0.236698] PTP clock support registered
[    0.237206] Advanced Linux Sound Architecture Driver Initialized.
[    0.238097] NET: Registered PF_ATMPVC protocol family
[    0.238696] NET: Registered PF_ATMSVC protocol family
[    0.239353] PCI: Using ACPI for IRQ routing
[    0.239777] vgaarb: loaded
[    0.240045] hpet0: at MMIO 0xfed00000, IRQs 2, 8, 0
[    0.240695] hpet0: 3 comparators, 64-bit 100.000000 MHz counter
[    0.245164] clocksource: Switched to clocksource kvm-clock
[    0.246162] VFS: Disk quotas dquot_6.6.0
[    0.247008] VFS: Dquot-cache hash table entries: 512 (order 0, 4096 bytes)
[    0.247916] pnp: PnP ACPI init
[    0.248495] pnp: PnP ACPI: found 5 devices
[    0.255627] clocksource: acpi_pm: mask: 0xffffff max_cycles: 0xffffff, max_idle_ns: 2085701024 ns
[    0.256811] NET: Registered PF_INET protocol family
[    0.257452] IP idents hash table entries: 16384 (order: 5, 131072 bytes, linear)
[    0.258539] tcp_listen_portaddr_hash hash table entries: 512 (order: 1, 8192 bytes, linear)
[    0.259616] Table-perturb hash table entries: 65536 (order: 6, 262144 bytes, linear)
[    0.260615] TCP established hash table entries: 8192 (order: 4, 65536 bytes, linear)
[    0.261694] TCP bind hash table entries: 8192 (order: 6, 262144 bytes, linear)
[    0.262624] TCP: Hash tables configured (established 8192 bind 8192)
[    0.263454] UDP hash table entries: 512 (order: 2, 16384 bytes, linear)
[    0.264305] UDP-Lite hash table entries: 512 (order: 2, 16384 bytes, linear)
[    0.265237] NET: Registered PF_UNIX/PF_LOCAL protocol family
[    0.265967] pci_bus 0000:00: resource 4 [io  0x0000-0x0cf7 window]
[    0.266763] pci_bus 0000:00: resource 5 [io  0x0d00-0xffff window]
[    0.267549] pci_bus 0000:00: resource 6 [mem 0x000a0000-0x000bffff window]
[    0.268427] pci_bus 0000:00: resource 7 [mem 0x40000000-0xfebfffff window]
[    0.269301] pci_bus 0000:00: resource 8 [mem 0x100000000-0x17fffffff window]
[    0.270219] pci 0000:00:01.0: PIIX3: Enabling Passive Release
[    0.270957] pci 0000:00:00.0: Limiting direct PCI/PCI transfers
[    0.271748] PCI: CLS 0 bytes, default 64
[    0.272287] kvm_intel: VMX not supported by CPU 0
[    0.272895] kvm_amd: TSC scaling supported
[    0.273419] kvm_amd: Nested Virtualization enabled
[    0.274022] kvm_amd: Nested Paging enabled
[    0.274551] kvm_amd: Virtual VMLOAD VMSAVE supported
[    0.275176] kvm_amd: Virtual GIF supported
[    0.275696] kvm_amd: Virtual NMI enabled
[    0.276189] kvm_amd: LBR virtualization supported
[    0.361728] Initialise system trusted keyrings
[    0.362408] workingset: timestamp_bits=56 max_order=18 bucket_order=0
[    0.363291] squashfs: version 4.0 (2009/01/31) Phillip Lougher
[    0.364063] fuse: init (API version 7.40)
[    0.364647] 9p: Installing v9fs 9p2000 file system support
[    0.372140] Key type asymmetric registered
[    0.372692] Asymmetric key parser 'x509' registered
[    0.373352] Block layer SCSI generic (bsg) driver version 0.4 loaded (major 249)
[    0.374344] io scheduler mq-deadline registered
[    0.374945] io scheduler kyber registered
[    0.376648] input: Power Button as /devices/LNXSYSTM:00/LNXPWRBN:00/input/input0
[    0.377716] ACPI: button: Power Button [PWRF]
[    0.378329] Warning: Processor Platform Limit event detected, but not handled.
[    0.379294] Consider compiling CPUfreq support into your kernel.
[    0.396401] ACPI: \_SB_.LNKB: Enabled at IRQ 10
[    0.413026] ACPI: \_SB_.LNKC: Enabled at IRQ 11
[    0.429929] ACPI: \_SB_.LNKA: Enabled at IRQ 10
[    0.431222] Serial: 8250/16550 driver, 4 ports, IRQ sharing enabled
[    0.432156] 00:03: ttyS0 at I/O 0x3f8 (irq = 4, base_baud = 115200) is a 16550A
[    0.494930] Non-volatile memory driver v1.3
[    0.495600] Linux agpgart interface v0.103
[    0.495675] ACPI: bus type drm_connector registered
[    0.496921] printk: legacy console [hvc0] enabled
[    0.497690] printk: legacy bootconsole [earlyser0] disabled
          _      _                                    
   __   _(_)_ __| |_ _ __ ___   ___       _ __   __ _ 
   \ \ / / |  __| __|  _   _ \ / _ \_____|  _ \ / _  |
    \ V /| | |  | |_| | | | | |  __/_____| | | | (_| |
     \_/ |_|_|   \__|_| |_| |_|\___|     |_| |_|\__  |
                                                |___/ 
   kernel version: 6.9.0-rc3-virtme x86_64
   (CTRL+d to exit)

virtme-ng:/nipa-data/kernel# PS1='xx__-> '
xx__-> env
PWD=/nipa-data/kernel
nr_open=1048576
HOME=/root
TERM=xterm
SHLVL=2
XDG_RUNTIME_DIR=/run/user/0
PATH=/bin:/sbin:/usr/bin:/usr/sbin:/usr/local/bin
OLDPWD=/
_=/usr/bin/env
xx__-> 