No EFI environment detected.
early console in extract_kernel
input_data: 0x0000000002be52c4
input_len: 0x0000000000b6f525
output: 0x0000000001000000
output_len: 0x000000000270ceac
kernel_total_size: 0x0000000002430000
needed_size: 0x0000000002800000
trampoline_32bit: 0x0000000000000000
Physical KASLR using RDRAND RDTSC...
Virtual KASLR using RDRAND RDTSC...

Decompressing Linux... Parsing ELF... Performing relocations... done.
Booting the kernel (entry_offset: 0x0000000000000000).
[    0.000000] Linux version 6.12.0-rc6-virtme (root@6b5b06749d25) (gcc (Ubuntu 13.2.0-23ubuntu4) 13.2.0, GNU ld (GNU Binutils for Ubuntu) 2.42) #1 SMP PREEMPT_DYNAMIC Sun Nov 10 15:06:10 UTC 2024
[    0.000000] Command line: virtme_hostname=virtme-ng nr_open=1048576 virtme_link_mods=/nipa-data/kernel/.virtme_mods/lib/modules/0.0.0 virtme_initmount0=nipa-data/kernel virtme_rw_overlay0=/etc virtme_rw_overlay1=/lib virtme_rw_overlay2=/home virtme_rw_overlay3=/opt virtme_rw_overlay4=/srv virtme_rw_overlay5=/usr virtme_rw_overlay6=/var console=hvc0 earlyprintk=serial,ttyS0,115200 virtme_console=ttyS0 psmouse.proto=exps TERM=xterm virtme_chdir=nipa-data/kernel virtme_root_user=1 rootfstype=9p rootflags=version=9p2000.L,trans=virtio,access=any raid=noautodetect ro init=/usr/lib/python3/dist-packages/virtme/guest/virtme-init
[    0.000000] BIOS-provided physical RAM map:
[    0.000000] BIOS-e820: [mem 0x0000000000000000-0x000000000009fbff] usable
[    0.000000] BIOS-e820: [mem 0x000000000009fc00-0x000000000009ffff] reserved
[    0.000000] BIOS-e820: [mem 0x00000000000f0000-0x00000000000fffff] reserved
[    0.000000] BIOS-e820: [mem 0x0000000000100000-0x000000003ffdffff] usable
[    0.000000] BIOS-e820: [mem 0x000000003ffe0000-0x000000003fffffff] reserved
[    0.000000] BIOS-e820: [mem 0x00000000feffc000-0x00000000feffffff] reserved
[    0.000000] BIOS-e820: [mem 0x00000000fffc0000-0x00000000ffffffff] reserved
[    0.000000] BIOS-e820: [mem 0x000000fd00000000-0x000000ffffffffff] reserved
[    0.000000] printk: legacy bootconsole [earlyser0] enabled
[    0.000000] NX (Execute Disable) protection: active
[    0.000000] APIC: Static calls initialized
[    0.000000] SMBIOS 3.0.0 present.
[    0.000000] DMI: QEMU Ubuntu 24.04 PC (i440FX + PIIX, 1996), BIOS 1.16.3-debian-1.16.3-2 04/01/2014
[    0.000000] DMI: Memory slots populated: 1/1
[    0.000000] Hypervisor detected: KVM
[    0.000000] kvm-clock: Using msrs 4b564d01 and 4b564d00
[    0.000000] kvm-clock: using sched offset of 244760102 cycles
[    0.000345] clocksource: kvm-clock: mask: 0xffffffffffffffff max_cycles: 0x1cd42e4dffb, max_idle_ns: 881590591483 ns
[    0.001411] tsc: Detected 4491.560 MHz processor
[    0.001968] last_pfn = 0x3ffe0 max_arch_pfn = 0x400000000
[    0.002345] MTRR map: 4 entries (3 fixed + 1 variable; max 19), built from 8 variable MTRRs
[    0.002893] x86/PAT: Configuration [0-7]: WB  WC  UC- UC  WB  WP  UC- WT  
Memory KASLR using RDRAND RDTSC...
[    0.004810] found SMP MP-table at [mem 0x000f5470-0x000f547f]
[    0.005190] Using GB pages for direct mapping
[    0.005538] ACPI: Early table checksum verification disabled
[    0.005910] ACPI: RSDP 0x00000000000F5290 000014 (v00 BOCHS )
[    0.006292] ACPI: RSDT 0x000000003FFE27BC 000034 (v01 BOCHS  BXPC     00000001 BXPC 00000001)
[    0.006851] ACPI: FACP 0x000000003FFE2578 000074 (v01 BOCHS  BXPC     00000001 BXPC 00000001)
[    0.007418] ACPI: DSDT 0x000000003FFE0040 002538 (v01 BOCHS  BXPC     00000001 BXPC 00000001)
[    0.007978] ACPI: FACS 0x000000003FFE0000 000040
[    0.008287] ACPI: APIC 0x000000003FFE25EC 000170 (v03 BOCHS  BXPC     00000001 BXPC 00000001)
[    0.008844] ACPI: HPET 0x000000003FFE275C 000038 (v01 BOCHS  BXPC     00000001 BXPC 00000001)
[    0.009401] ACPI: WAET 0x000000003FFE2794 000028 (v01 BOCHS  BXPC     00000001 BXPC 00000001)
[    0.009958] ACPI: Reserving FACP table memory at [mem 0x3ffe2578-0x3ffe25eb]
[    0.010424] ACPI: Reserving DSDT table memory at [mem 0x3ffe0040-0x3ffe2577]
[    0.010886] ACPI: Reserving FACS table memory at [mem 0x3ffe0000-0x3ffe003f]
[    0.011351] ACPI: Reserving APIC table memory at [mem 0x3ffe25ec-0x3ffe275b]
[    0.011810] ACPI: Reserving HPET table memory at [mem 0x3ffe275c-0x3ffe2793]
[    0.012275] ACPI: Reserving WAET table memory at [mem 0x3ffe2794-0x3ffe27bb]
[    0.012867] No NUMA configuration found
[    0.013123] Faking a node at [mem 0x0000000000000000-0x000000003ffdffff]
[    0.013561] NODE_DATA(0) allocated [mem 0x3ffdb780-0x3ffdffff]
[    0.013950] Zone ranges:
[    0.014117]   DMA      [mem 0x0000000000001000-0x0000000000ffffff]
[    0.014522]   DMA32    [mem 0x0000000001000000-0x000000003ffdffff]
[    0.014926]   Normal   empty
[    0.015115]   Device   empty
[    0.015303] Movable zone start for each node
[    0.015649] Early memory node ranges
[    0.015924]   node   0: [mem 0x0000000000001000-0x000000000009efff]
[    0.016341]   node   0: [mem 0x0000000000100000-0x000000003ffdffff]
[    0.016752] Initmem setup node 0 [mem 0x0000000000001000-0x000000003ffdffff]
[    0.017221] On node 0, zone DMA: 1 pages in unavailable ranges
[    0.017613] On node 0, zone DMA: 97 pages in unavailable ranges
[    0.018947] On node 0, zone DMA32: 32 pages in unavailable ranges
[    0.019535] ACPI: PM-Timer IO Port: 0x608
[    0.019803] ACPI: LAPIC_NMI (acpi_id[0xff] dfl dfl lint[0x1])
[    0.020200] IOAPIC[0]: apic_id 0, version 17, address 0xfec00000, GSI 0-23
[    0.020656] ACPI: INT_SRC_OVR (bus 0 bus_irq 0 global_irq 2 dfl dfl)
[    0.021073] ACPI: INT_SRC_OVR (bus 0 bus_irq 5 global_irq 5 high level)
[    0.021508] ACPI: INT_SRC_OVR (bus 0 bus_irq 9 global_irq 9 high level)
[    0.021941] ACPI: INT_SRC_OVR (bus 0 bus_irq 10 global_irq 10 high level)
[    0.022386] ACPI: INT_SRC_OVR (bus 0 bus_irq 11 global_irq 11 high level)
[    0.022832] ACPI: Using ACPI (MADT) for SMP configuration information
[    0.023254] ACPI: HPET id: 0x8086a201 base: 0xfed00000
[    0.023592] TSC deadline timer available
[    0.023852] CPU topo: Max. logical packages:   1
[    0.024154] CPU topo: Max. logical dies:       1
[    0.024459] CPU topo: Max. dies per package:   1
[    0.024763] CPU topo: Max. threads per core:   1
[    0.025066] CPU topo: Num. cores per package:    32
[    0.025385] CPU topo: Num. threads per package:  32
[    0.025705] CPU topo: Allowing 32 present CPUs plus 0 hotplug CPUs
[    0.026116] kvm-guest: APIC: eoi() replaced with kvm_guest_apic_eoi_write()
[    0.026580] kvm-guest: KVM setup pv remote TLB flush
[    0.026907] kvm-guest: setup PV sched yield
[    0.027184] PM: hibernation: Registered nosave memory: [mem 0x00000000-0x00000fff]
[    0.027681] PM: hibernation: Registered nosave memory: [mem 0x0009f000-0x0009ffff]
[    0.028182] PM: hibernation: Registered nosave memory: [mem 0x000a0000-0x000effff]
[    0.028683] PM: hibernation: Registered nosave memory: [mem 0x000f0000-0x000fffff]
[    0.029177] [mem 0x40000000-0xfeffbfff] available for PCI devices
[    0.029576] Booting paravirtualized kernel on KVM
[    0.029883] clocksource: refined-jiffies: mask: 0xffffffff max_cycles: 0xffffffff, max_idle_ns: 1910969940391419 ns
[    0.033273] setup_percpu: NR_CPUS:64 nr_cpumask_bits:32 nr_cpu_ids:32 nr_node_ids:1
[    0.034373] percpu: Embedded 58 pages/cpu s198552 r8192 d30824 u262144
[    0.034834] Kernel command line: virtme_hostname=virtme-ng nr_open=1048576 virtme_link_mods=/nipa-data/kernel/.virtme_mods/lib/modules/0.0.0 virtme_initmount0=nipa-data/kernel virtme_rw_overlay0=/etc virtme_rw_overlay1=/lib virtme_rw_overlay2=/home virtme_rw_overlay3=/opt virtme_rw_overlay4=/srv virtme_rw_overlay5=/usr virtme_rw_overlay6=/var console=hvc0 earlyprintk=serial,ttyS0,115200 virtme_console=ttyS0 psmouse.proto=exps TERM=xterm virtme_chdir=nipa-data/kernel virtme_root_user=1 rootfstype=9p rootflags=version=9p2000.L,trans=virtio,access=any raid=noautodetect ro init=/usr/lib/python3/dist-packages/virtme/guest/virtme-init
[    0.038662] Unknown kernel command line parameters "virtme_hostname=virtme-ng nr_open=1048576 virtme_link_mods=/nipa-data/kernel/.virtme_mods/lib/modules/0.0.0 virtme_initmount0=nipa-data/kernel virtme_rw_overlay0=/etc virtme_rw_overlay1=/lib virtme_rw_overlay2=/home virtme_rw_overlay3=/opt virtme_rw_overlay4=/srv virtme_rw_overlay5=/usr virtme_rw_overlay6=/var virtme_console=ttyS0 virtme_chdir=nipa-data/kernel virtme_root_user=1", will be passed to user space.
[    0.041604] random: crng init done
[    0.041860] Dentry cache hash table entries: 131072 (order: 8, 1048576 bytes, linear)
[    0.042404] Inode-cache hash table entries: 65536 (order: 7, 524288 bytes, linear)
[    0.042994] Fallback order for Node 0: 0 
[    0.042997] Built 1 zonelists, mobility grouping on.  Total pages: 262014
[    0.043725] Policy zone: DMA32
[    0.043930] mem auto-init: stack:all(zero), heap alloc:off, heap free:off
[    0.044930] SLUB: HWalign=64, Order=0-3, MinObjects=0, CPUs=32, Nodes=1
Poking KASLR using RDRAND RDTSC...
[    0.045604] ftrace: allocating 48480 entries in 190 pages
[    0.052386] ftrace: allocated 190 pages with 6 groups
[    0.053290] Dynamic Preempt: voluntary
[    0.053669] rcu: Preemptible hierarchical RCU implementation.
[    0.054054] rcu: RCU event tracing is enabled.
[    0.054357] rcu: RCU restricting CPUs from NR_CPUS=64 to nr_cpu_ids=32.
[    0.054804] Trampoline variant of Tasks RCU enabled.
[    0.055141] Rude variant of Tasks RCU enabled.
[    0.055442] Tracing variant of Tasks RCU enabled.
[    0.055761] rcu: RCU calculated value of scheduler-enlistment delay is 100 jiffies.
[    0.056275] rcu: Adjusting geometry for rcu_fanout_leaf=16, nr_cpu_ids=32
[    0.056737] RCU Tasks: Setting shift to 5 and lim to 1 rcu_task_cb_adjust=1 rcu_task_cpu_ids=32.
[    0.057328] RCU Tasks Rude: Setting shift to 5 and lim to 1 rcu_task_cb_adjust=1 rcu_task_cpu_ids=32.
[    0.057947] RCU Tasks Trace: Setting shift to 5 and lim to 1 rcu_task_cb_adjust=1 rcu_task_cpu_ids=32.
[    0.059950] NR_IRQS: 4352, nr_irqs: 680, preallocated irqs: 16
[    0.060508] rcu: srcu_init: Setting srcu_struct sizes based on contention.
[    0.061098] Console: colour *CGA 80x25
[    0.061359] ACPI: Core revision 20240827
[    0.061684] clocksource: hpet: mask: 0xffffffff max_cycles: 0xffffffff, max_idle_ns: 19112604467 ns
[    0.062348] APIC: Switch to symmetric I/O mode setup
[    0.062698] kvm-guest: APIC: send_IPI_mask() replaced with kvm_send_ipi_mask()
[    0.063179] kvm-guest: APIC: send_IPI_mask_allbutself() replaced with kvm_send_ipi_mask_allbutself()
[    0.063768] kvm-guest: setup PV IPIs
[    0.064733] ..TIMER: vector=0x30 apic1=0 pin1=2 apic2=-1 pin2=-1
[    0.065479] clocksource: tsc-early: mask: 0xffffffffffffffff max_cycles: 0x40be4320a4d, max_idle_ns: 440795288133 ns
[    0.066758] Calibrating delay loop (skipped) preset value.. 8983.12 BogoMIPS (lpj=4491560)
[    0.067815] x86/cpu: User Mode Instruction Prevention (UMIP) activated
[    0.068804] Last level iTLB entries: 4KB 512, 2MB 255, 4MB 127
[    0.069757] Last level dTLB entries: 4KB 512, 2MB 255, 4MB 127, 1GB 0
[    0.070531] Spectre V1 : Mitigation: usercopy/swapgs barriers and __user pointer sanitization
[    0.070760] Spectre V2 : Mitigation: Enhanced / Automatic IBRS
[    0.071757] Spectre V2 : Spectre v2 / SpectreRSB mitigation: Filling RSB on context switch
[    0.072758] Spectre V2 : mitigation: Enabling conditional Indirect Branch Prediction Barrier
[    0.073758] Speculative Store Bypass: Mitigation: Speculative Store Bypass disabled via prctl
[    0.074757] Speculative Return Stack Overflow: IBPB-extending microcode not applied!
[    0.075757] Speculative Return Stack Overflow: WARNING: See https://kernel.org/doc/html/latest/admin-guide/hw-vuln/srso.html for mitigation options.
[    0.075758] Speculative Return Stack Overflow: Vulnerable: Safe RET, no microcode
[    0.077771] x86/fpu: Supporting XSAVE feature 0x001: 'x87 floating point registers'
[    0.078757] x86/fpu: Supporting XSAVE feature 0x002: 'SSE registers'
[    0.079511] x86/fpu: Supporting XSAVE feature 0x004: 'AVX registers'
[    0.079757] x86/fpu: Supporting XSAVE feature 0x020: 'AVX-512 opmask'
[    0.080757] x86/fpu: Supporting XSAVE feature 0x040: 'AVX-512 Hi256'
[    0.081757] x86/fpu: Supporting XSAVE feature 0x080: 'AVX-512 ZMM_Hi256'
[    0.082757] x86/fpu: Supporting XSAVE feature 0x200: 'Protection Keys User registers'
[    0.083688] x86/fpu: xstate_offset[2]:  576, xstate_sizes[2]:  256
[    0.083757] x86/fpu: xstate_offset[5]:  832, xstate_sizes[5]:   64
[    0.084757] x86/fpu: xstate_offset[6]:  896, xstate_sizes[6]:  512
[    0.085757] x86/fpu: xstate_offset[7]: 1408, xstate_sizes[7]: 1024
[    0.086489] x86/fpu: xstate_offset[9]: 2432, xstate_sizes[9]:    8
[    0.086757] x86/fpu: Enabled xstate features 0x2e7, context size is 2440 bytes, using 'compacted' format.
[    0.102101] Freeing SMP alternatives memory: 40K
[    0.102650] pid_max: default: 32768 minimum: 301
[    0.102775] Mount-cache hash table entries: 2048 (order: 2, 16384 bytes, linear)
[    0.103758] Mountpoint-cache hash table entries: 2048 (order: 2, 16384 bytes, linear)
[    0.104888] smpboot: CPU0: AMD Ryzen 9 7950X 16-Core Processor (family: 0x19, model: 0x61, stepping: 0x2)
[    0.105869] Performance Events: Fam17h+ core perfctr, AMD PMU driver.
[    0.106647] ... version:                0
[    0.106759] ... bit width:              48
[    0.107241] ... generic registers:      6
[    0.107712] ... value mask:             0000ffffffffffff
[    0.107758] ... max period:             00007fffffffffff
[    0.108386] ... fixed-purpose events:   0
[    0.108758] ... event mask:             000000000000003f
[    0.109461] signal: max sigframe size: 3376
[    0.109774] rcu: Hierarchical SRCU implementation.
[    0.110342] rcu: Max phase no-delay instances is 400.
[    0.110779] Timer migration: 2 hierarchy levels; 8 children per group; 2 crossnode level
[    0.113797] smp: Bringing up secondary CPUs ...
[    0.114384] smpboot: x86: Booting SMP configuration:
[    0.114760] .... node  #0, CPUs:        #1  #2  #3  #4  #5  #6  #7  #8  #9 #10 #11 #12 #13 #14 #15 #16 #17 #18 #19 #20 #21 #22 #23 #24 #25 #26 #27 #28 #29 #30 #31
[    0.126858] smp: Brought up 1 node, 32 CPUs
[    0.128261] smpboot: Total of 32 processors activated (287459.84 BogoMIPS)
[    0.130864] Memory: 969620K/1048056K available (16384K kernel code, 2449K rwdata, 6280K rodata, 3132K init, 1856K bss, 63184K reserved, 0K cma-reserved)
[    0.132783] devtmpfs: initialized
[    0.133206] x86/mm: Memory block size: 128MB
[    0.134477] clocksource: jiffies: mask: 0xffffffff max_cycles: 0xffffffff, max_idle_ns: 1911260446275000 ns
[    0.135761] futex hash table entries: 8192 (order: 7, 524288 bytes, linear)
[    0.136719] PM: RTC time: 15:06:29, date: 2024-11-10
[    0.137151] NET: Registered PF_NETLINK/PF_ROUTE protocol family
[    0.137883] thermal_sys: Registered thermal governor 'step_wise'
[    0.137884] thermal_sys: Registered thermal governor 'user_space'
[    0.138762] cpuidle: using governor menu
[    0.140952] PCI: Using configuration type 1 for base access
[    0.141759] PCI: Using configuration type 1 for extended access
[    0.142780] kprobes: kprobe jump-optimization is enabled. All kprobes are optimized if possible.
[    0.159835] HugeTLB: registered 1.00 GiB page size, pre-allocated 0 pages
[    0.160759] HugeTLB: 16380 KiB vmemmap can be freed for a 1.00 GiB page
[    0.161590] HugeTLB: registered 2.00 MiB page size, pre-allocated 0 pages
[    0.162759] HugeTLB: 28 KiB vmemmap can be freed for a 2.00 MiB page
[    0.163798] ACPI: Added _OSI(Module Device)
[    0.163798] ACPI: Added _OSI(Processor Device)
[    0.164315] ACPI: Added _OSI(3.0 _SCP Extensions)
[    0.164759] ACPI: Added _OSI(Processor Aggregator Device)
[    0.166097] ACPI: 1 ACPI AML tables successfully acquired and loaded
[    0.168218] ACPI: Interpreter enabled
[    0.168767] ACPI: PM: (supports S0 S3 S4 S5)
[    0.169301] ACPI: Using IOAPIC for interrupt routing
[    0.169765] PCI: Using host bridge windows from ACPI; if necessary, use "pci=nocrs" and report a bug
[    0.170759] PCI: Using E820 reservations for host bridge windows
[    0.171592] ACPI: Enabled 2 GPEs in block 00 to 0F
[    0.175333] ACPI: PCI Root Bridge [PCI0] (domain 0000 [bus 00-ff])
[    0.175761] acpi PNP0A03:00: _OSC: OS supports [ExtendedConfig ASPM ClockPM Segments MSI HPX-Type3]
[    0.176843] PCI host bridge to bus 0000:00
[    0.177358] pci_bus 0000:00: root bus resource [io  0x0000-0x0cf7 window]
[    0.178759] pci_bus 0000:00: root bus resource [io  0x0d00-0xffff window]
[    0.179614] pci_bus 0000:00: root bus resource [mem 0x000a0000-0x000bffff window]
[    0.179759] pci_bus 0000:00: root bus resource [mem 0x40000000-0xfebfffff window]
[    0.180692] pci_bus 0000:00: root bus resource [mem 0x100000000-0x17fffffff window]
[    0.181759] pci_bus 0000:00: root bus resource [bus 00-ff]
[    0.182529] pci 0000:00:00.0: [8086:1237] type 00 class 0x060000 conventional PCI endpoint
[    0.183997] pci 0000:00:01.0: [8086:7000] type 00 class 0x060100 conventional PCI endpoint
[    0.185065] pci 0000:00:01.1: [8086:7010] type 00 class 0x010180 conventional PCI endpoint
[    0.188407] pci 0000:00:01.1: BAR 4 [io  0xc0c0-0xc0cf]
[    0.189429] pci 0000:00:01.1: BAR 0 [io  0x01f0-0x01f7]: legacy IDE quirk
[    0.190759] pci 0000:00:01.1: BAR 1 [io  0x03f6]: legacy IDE quirk
[    0.191537] pci 0000:00:01.1: BAR 2 [io  0x0170-0x0177]: legacy IDE quirk
[    0.191759] pci 0000:00:01.1: BAR 3 [io  0x0376]: legacy IDE quirk
[    0.192624] pci 0000:00:01.3: [8086:7113] type 00 class 0x068000 conventional PCI endpoint
[    0.193990] pci 0000:00:01.3: quirk: [io  0x0600-0x063f] claimed by PIIX4 ACPI
[    0.194763] pci 0000:00:01.3: quirk: [io  0x0700-0x070f] claimed by PIIX4 SMB
[    0.195811] pci 0000:00:02.0: [1af4:1009] type 00 class 0x000200 conventional PCI endpoint
[    0.197703] pci 0000:00:02.0: BAR 0 [io  0xc000-0xc03f]
[    0.200137] pci 0000:00:02.0: BAR 1 [mem 0xfebfc000-0xfebfcfff]
[    0.202218] pci 0000:00:02.0: BAR 4 [mem 0xfebf0000-0xfebf3fff 64bit pref]
[    0.204255] pci 0000:00:03.0: [1af4:1009] type 00 class 0x000200 conventional PCI endpoint
[    0.206696] pci 0000:00:03.0: BAR 0 [io  0xc040-0xc07f]
[    0.207655] pci 0000:00:03.0: BAR 1 [mem 0xfebfd000-0xfebfdfff]
[    0.210670] pci 0000:00:03.0: BAR 4 [mem 0xfebf4000-0xfebf7fff 64bit pref]
[    0.212626] pci 0000:00:04.0: [8086:25ab] type 00 class 0x088000 conventional PCI endpoint
[    0.213961] pci 0000:00:04.0: BAR 0 [mem 0xfebfe000-0xfebfe00f]
[    0.215868] pci 0000:00:05.0: [1af4:1003] type 00 class 0x078000 conventional PCI endpoint
[    0.217145] pci 0000:00:05.0: BAR 0 [io  0xc080-0xc0bf]
[    0.218370] pci 0000:00:05.0: BAR 1 [mem 0xfebff000-0xfebfffff]
[    0.221403] pci 0000:00:05.0: BAR 4 [mem 0xfebf8000-0xfebfbfff 64bit pref]
[    0.223804] ACPI: PCI: Interrupt link LNKA configured for IRQ 10
[    0.224662] ACPI: PCI: Interrupt link LNKB configured for IRQ 10
[    0.224856] ACPI: PCI: Interrupt link LNKC configured for IRQ 11
[    0.225701] ACPI: PCI: Interrupt link LNKD configured for IRQ 11
[    0.226832] ACPI: PCI: Interrupt link LNKS configured for IRQ 9
[    0.228390] iommu: Default domain type: Translated
[    0.228759] iommu: DMA domain TLB invalidation policy: lazy mode
[    0.229555] SCSI subsystem initialized
[    0.230788] pps_core: LinuxPPS API ver. 1 registered
[    0.231759] pps_core: Software ver. 5.3.6 - Copyright 2005-2007 Rodolfo Giometti <giometti@linux.it>
[    0.232761] PTP clock support registered
[    0.233265] Advanced Linux Sound Architecture Driver Initialized.
[    0.234014] NET: Registered PF_ATMPVC protocol family
[    0.234653] NET: Registered PF_ATMSVC protocol family
[    0.235764] PCI: Using ACPI for IRQ routing
[    0.236361] vgaarb: loaded
[    0.236794] hpet0: at MMIO 0xfed00000, IRQs 2, 8, 0
[    0.237400] hpet0: 3 comparators, 64-bit 100.000000 MHz counter
[    0.242903] clocksource: Switched to clocksource kvm-clock
[    0.243689] VFS: Disk quotas dquot_6.6.0
[    0.244206] VFS: Dquot-cache hash table entries: 512 (order 0, 4096 bytes)
[    0.245109] pnp: PnP ACPI init
[    0.245661] pnp: PnP ACPI: found 5 devices
[    0.252890] clocksource: acpi_pm: mask: 0xffffff max_cycles: 0xffffff, max_idle_ns: 2085701024 ns
[    0.254000] NET: Registered PF_INET protocol family
[    0.254625] IP idents hash table entries: 16384 (order: 5, 131072 bytes, linear)
[    0.255694] tcp_listen_portaddr_hash hash table entries: 512 (order: 1, 8192 bytes, linear)
[    0.256738] Table-perturb hash table entries: 65536 (order: 6, 262144 bytes, linear)
[    0.257707] TCP established hash table entries: 8192 (order: 4, 65536 bytes, linear)
[    0.258673] TCP bind hash table entries: 8192 (order: 6, 262144 bytes, linear)
[    0.259582] TCP: Hash tables configured (established 8192 bind 8192)
[    0.260389] UDP hash table entries: 512 (order: 3, 32768 bytes, linear)
[    0.261212] UDP-Lite hash table entries: 512 (order: 3, 32768 bytes, linear)
[    0.262114] NET: Registered PF_UNIX/PF_LOCAL protocol family
[    0.262820] pci_bus 0000:00: resource 4 [io  0x0000-0x0cf7 window]
[    0.263586] pci_bus 0000:00: resource 5 [io  0x0d00-0xffff window]
[    0.264353] pci_bus 0000:00: resource 6 [mem 0x000a0000-0x000bffff window]
[    0.265205] pci_bus 0000:00: resource 7 [mem 0x40000000-0xfebfffff window]
[    0.266058] pci_bus 0000:00: resource 8 [mem 0x100000000-0x17fffffff window]
[    0.266953] pci 0000:00:01.0: PIIX3: Enabling Passive Release
[    0.267668] pci 0000:00:00.0: Limiting direct PCI/PCI transfers
[    0.268436] PCI: CLS 0 bytes, default 64
[    0.268968] kvm_intel: VMX not supported by CPU 30
[    0.269570] kvm_amd: TSC scaling supported
[    0.270082] kvm_amd: Nested Virtualization enabled
[    0.270672] kvm_amd: Nested Paging enabled
[    0.271183] kvm_amd: LBR virtualization supported
[    0.271815] kvm_amd: Virtual VMLOAD VMSAVE supported
[    0.272427] kvm_amd: Virtual GIF supported
[    0.272936] kvm_amd: Virtual NMI enabled
[    0.304532] clocksource: tsc: mask: 0xffffffffffffffff max_cycles: 0x40be4320a4d, max_idle_ns: 440795288133 ns
[    0.311959] Initialise system trusted keyrings
[    0.312598] workingset: timestamp_bits=56 max_order=18 bucket_order=0
[    0.313440] squashfs: version 4.0 (2009/01/31) Phillip Lougher
[    0.314187] fuse: init (API version 7.41)
[    0.314734] 9p: Installing v9fs 9p2000 file system support
[    0.321878] Key type asymmetric registered
[    0.322397] Asymmetric key parser 'x509' registered
[    0.323027] Block layer SCSI generic (bsg) driver version 0.4 loaded (major 249)
[    0.323984] io scheduler mq-deadline registered
[    0.324553] io scheduler kyber registered
[    0.326848] input: Power Button as /devices/LNXSYSTM:00/LNXPWRBN:00/input/input0
[    0.327865] ACPI: button: Power Button [PWRF]
[    0.328837] Warning: Processor Platform Limit event detected, but not handled.
[    0.329708] Consider compiling CPUfreq support into your kernel.
[    0.347398] ACPI: \_SB_.LNKB: Enabled at IRQ 10
[    0.363169] ACPI: \_SB_.LNKC: Enabled at IRQ 11
[    0.378832] ACPI: \_SB_.LNKA: Enabled at IRQ 10
[    0.379929] Serial: 8250/16550 driver, 4 ports, IRQ sharing enabled
[    0.380826] 00:03: ttyS0 at I/O 0x3f8 (irq = 4, base_baud = 115200) is a 16550A
[    0.401616] Non-volatile memory driver v1.3
[    0.402185] Linux agpgart interface v0.103
[    0.402700] printk: legacy console [hvc0] enabled
[    0.402749] ACPI: bus type drm_connector registered
[    0.403307] printk: legacy bootconsole [earlyser0] disabled
          _      _                                    
   __   _(_)_ __| |_ _ __ ___   ___       _ __   __ _ 
   \ \ / / |  __| __|  _   _ \ / _ \_____|  _ \ / _  |
    \ V /| | |  | |_| | | | | |  __/_____| | | | (_| |
     \_/ |_|_|   \__|_| |_| |_|\___|     |_| |_|\__  |
                                                |___/ 
   kernel version: 6.12.0-rc6-virtme x86_64
   (CTRL+d to exit)

root@virtme-ng:/nipa-data/kernel# PS1='xx__-> '
xx__-> env
PWD=/nipa-data/kernel
nr_open=1048576
HOME=/
TERM=xterm
SHLVL=2
XDG_RUNTIME_DIR=/run/user/0
PATH=/bin:/sbin:/usr/bin:/usr/sbin:/usr/local/bin
OLDPWD=/
_=/bin/env
xx__-> 