No EFI environment detected.
early console in extract_kernel
input_data: 0x00000000030612b9
input_len: 0x0000000000b82ced
output: 0x0000000001000000
output_len: 0x000000000252f298
kernel_total_size: 0x0000000002c30000
needed_size: 0x0000000002e00000
trampoline_32bit: 0x0000000000000000
Physical KASLR using RDRAND RDTSC...
Virtual KASLR using RDRAND RDTSC...

Decompressing Linux... Parsing ELF... Performing relocations... done.
Booting the kernel (entry_offset: 0x0000000000000000).
[    0.000000] Linux version 6.8.0-rc1-virtme (root@3ab0d8749a09) (gcc (Alpine 13.2.1_git20231014) 13.2.1 20231014, GNU ld (GNU Binutils) 2.41) #1 SMP PREEMPT_DYNAMIC Wed Jan 31 09:06:08 UTC 2024
[    0.000000] Command line: virtme_hostname=virtme-ng virtme_link_mods=/nipa-data/kernel/.virtme_mods/lib/modules/0.0.0 virtme_initmount0=nipa-data/kernel virtme_rw_overlay0=/etc virtme_rw_overlay1=/lib virtme_rw_overlay2=/home virtme_rw_overlay3=/opt virtme_rw_overlay4=/srv virtme_rw_overlay5=/usr virtme_rw_overlay6=/var earlyprintk=serial,ttyS0,115200 console=ttyS0 psmouse.proto=exps virtme_chdir=nipa-data/kernel virtme_root_user=1 rootfstype=9p rootflags=version=9p2000.L,trans=virtio,access=any raid=noautodetect ro init=/usr/lib/python3.11/site-packages/virtme/guest/virtme-init
[    0.000000] BIOS-provided physical RAM map:
[    0.000000] BIOS-e820: [mem 0x0000000000000000-0x000000000009fbff] usable
[    0.000000] BIOS-e820: [mem 0x000000000009fc00-0x000000000009ffff] reserved
[    0.000000] BIOS-e820: [mem 0x00000000000f0000-0x00000000000fffff] reserved
[    0.000000] BIOS-e820: [mem 0x0000000000100000-0x000000003ffdffff] usable
[    0.000000] BIOS-e820: [mem 0x000000003ffe0000-0x000000003fffffff] reserved
[    0.000000] BIOS-e820: [mem 0x00000000feffc000-0x00000000feffffff] reserved
[    0.000000] BIOS-e820: [mem 0x00000000fffc0000-0x00000000ffffffff] reserved
[    0.000000] BIOS-e820: [mem 0x000000fd00000000-0x000000ffffffffff] reserved
[    0.000000] printk: legacy bootconsole [earlyser0] enabled
[    0.000000] NX (Execute Disable) protection: active
[    0.000000] APIC: Static calls initialized
[    0.000000] SMBIOS 3.0.0 present.
[    0.000000] DMI: QEMU Standard PC (i440FX + PIIX, 1996), BIOS rel-1.16.3-0-ga6ed6b701f0a-prebuilt.qemu.org 04/01/2014
[    0.000000] Hypervisor detected: KVM
[    0.000000] kvm-clock: Using msrs 4b564d01 and 4b564d00
[    0.000000] kvm-clock: using sched offset of 250288887 cycles
[    0.000405] clocksource: kvm-clock: mask: 0xffffffffffffffff max_cycles: 0x1cd42e4dffb, max_idle_ns: 881590591483 ns
[    0.001651] tsc: Detected 4491.536 MHz processor
[    0.002269] last_pfn = 0x3ffe0 max_arch_pfn = 0x400000000
[    0.002712] MTRR map: 4 entries (3 fixed + 1 variable; max 19), built from 8 variable MTRRs
[    0.003352] x86/PAT: Configuration [0-7]: WB  WC  UC- UC  WB  WP  UC- WT  
Memory KASLR using RDRAND RDTSC...
[    0.005484] found SMP MP-table at [mem 0x000f5470-0x000f547f]
[    0.005930] Using GB pages for direct mapping
[    0.006309] ACPI: Early table checksum verification disabled
[    0.006747] ACPI: RSDP 0x00000000000F5290 000014 (v00 BOCHS )
[    0.007190] ACPI: RSDT 0x000000003FFE27B6 000034 (v01 BOCHS  BXPC     00000001 BXPC 00000001)
[    0.007853] ACPI: FACP 0x000000003FFE2572 000074 (v01 BOCHS  BXPC     00000001 BXPC 00000001)
[    0.008514] ACPI: DSDT 0x000000003FFE0040 002532 (v01 BOCHS  BXPC     00000001 BXPC 00000001)
[    0.009162] ACPI: FACS 0x000000003FFE0000 000040
[    0.009525] ACPI: APIC 0x000000003FFE25E6 000170 (v03 BOCHS  BXPC     00000001 BXPC 00000001)
[    0.010173] ACPI: HPET 0x000000003FFE2756 000038 (v01 BOCHS  BXPC     00000001 BXPC 00000001)
[    0.010834] ACPI: WAET 0x000000003FFE278E 000028 (v01 BOCHS  BXPC     00000001 BXPC 00000001)
[    0.011497] ACPI: Reserving FACP table memory at [mem 0x3ffe2572-0x3ffe25e5]
[    0.012054] ACPI: Reserving DSDT table memory at [mem 0x3ffe0040-0x3ffe2571]
[    0.012611] ACPI: Reserving FACS table memory at [mem 0x3ffe0000-0x3ffe003f]
[    0.013148] ACPI: Reserving APIC table memory at [mem 0x3ffe25e6-0x3ffe2755]
[    0.013708] ACPI: Reserving HPET table memory at [mem 0x3ffe2756-0x3ffe278d]
[    0.014248] ACPI: Reserving WAET table memory at [mem 0x3ffe278e-0x3ffe27b5]
[    0.014944] No NUMA configuration found
[    0.015243] Faking a node at [mem 0x0000000000000000-0x000000003ffdffff]
[    0.015775] NODE_DATA(0) allocated [mem 0x3ffdb000-0x3ffdffff]
[    0.016235] Zone ranges:
[    0.016435]   DMA      [mem 0x0000000000001000-0x0000000000ffffff]
[    0.016920]   DMA32    [mem 0x0000000001000000-0x000000003ffdffff]
[    0.017400]   Normal   empty
[    0.017626]   Device   empty
[    0.017847] Movable zone start for each node
[    0.018173] Early memory node ranges
[    0.018452]   node   0: [mem 0x0000000000001000-0x000000000009efff]
[    0.018938]   node   0: [mem 0x0000000000100000-0x000000003ffdffff]
[    0.019435] Initmem setup node 0 [mem 0x0000000000001000-0x000000003ffdffff]
[    0.019983] On node 0, zone DMA: 1 pages in unavailable ranges
[    0.020449] On node 0, zone DMA: 97 pages in unavailable ranges
[    0.022015] On node 0, zone DMA32: 32 pages in unavailable ranges
[    0.022761] ACPI: PM-Timer IO Port: 0x608
[    0.023081] ACPI: LAPIC_NMI (acpi_id[0xff] dfl dfl lint[0x1])
[    0.023538] IOAPIC[0]: apic_id 0, version 17, address 0xfec00000, GSI 0-23
[    0.024064] ACPI: INT_SRC_OVR (bus 0 bus_irq 0 global_irq 2 dfl dfl)
[    0.024567] ACPI: INT_SRC_OVR (bus 0 bus_irq 5 global_irq 5 high level)
[    0.025081] ACPI: INT_SRC_OVR (bus 0 bus_irq 9 global_irq 9 high level)
[    0.025586] ACPI: INT_SRC_OVR (bus 0 bus_irq 10 global_irq 10 high level)
[    0.026102] ACPI: INT_SRC_OVR (bus 0 bus_irq 11 global_irq 11 high level)
[    0.026621] ACPI: Using ACPI (MADT) for SMP configuration information
[    0.027121] ACPI: HPET id: 0x8086a201 base: 0xfed00000
[    0.027513] TSC deadline timer available
[    0.027811] smpboot: Allowing 32 CPUs, 0 hotplug CPUs
[    0.028208] kvm-guest: APIC: eoi() replaced with kvm_guest_apic_eoi_write()
[    0.028766] kvm-guest: KVM setup pv remote TLB flush
[    0.029149] kvm-guest: setup PV sched yield
[    0.029494] PM: hibernation: Registered nosave memory: [mem 0x00000000-0x00000fff]
[    0.030078] PM: hibernation: Registered nosave memory: [mem 0x0009f000-0x0009ffff]
[    0.030663] PM: hibernation: Registered nosave memory: [mem 0x000a0000-0x000effff]
[    0.031248] PM: hibernation: Registered nosave memory: [mem 0x000f0000-0x000fffff]
[    0.031838] [mem 0x40000000-0xfeffbfff] available for PCI devices
[    0.032308] Booting paravirtualized kernel on KVM
[    0.032688] clocksource: refined-jiffies: mask: 0xffffffff max_cycles: 0xffffffff, max_idle_ns: 1910969940391419 ns
[    0.036496] setup_percpu: NR_CPUS:64 nr_cpumask_bits:32 nr_cpu_ids:32 nr_node_ids:1
[    0.037704] percpu: Embedded 58 pages/cpu s199840 r8192 d29536 u262144
[    0.038249] Kernel command line: virtme_hostname=virtme-ng virtme_link_mods=/nipa-data/kernel/.virtme_mods/lib/modules/0.0.0 virtme_initmount0=nipa-data/kernel virtme_rw_overlay0=/etc virtme_rw_overlay1=/lib virtme_rw_overlay2=/home virtme_rw_overlay3=/opt virtme_rw_overlay4=/srv virtme_rw_overlay5=/usr virtme_rw_overlay6=/var earlyprintk=serial,ttyS0,115200 console=ttyS0 psmouse.proto=exps virtme_chdir=nipa-data/kernel virtme_root_user=1 rootfstype=9p rootflags=version=9p2000.L,trans=virtio,access=any raid=noautodetect ro init=/usr/lib/python3.11/site-packages/virtme/guest/virtme-init
[    0.042515] Unknown kernel command line parameters "virtme_hostname=virtme-ng virtme_link_mods=/nipa-data/kernel/.virtme_mods/lib/modules/0.0.0 virtme_initmount0=nipa-data/kernel virtme_rw_overlay0=/etc virtme_rw_overlay1=/lib virtme_rw_overlay2=/home virtme_rw_overlay3=/opt virtme_rw_overlay4=/srv virtme_rw_overlay5=/usr virtme_rw_overlay6=/var virtme_chdir=nipa-data/kernel virtme_root_user=1", will be passed to user space.
[    0.045691] random: crng init done
[    0.045988] Dentry cache hash table entries: 131072 (order: 8, 1048576 bytes, linear)
[    0.046626] Inode-cache hash table entries: 65536 (order: 7, 524288 bytes, linear)
[    0.047327] Fallback order for Node 0: 0 
[    0.047330] Built 1 zonelists, mobility grouping on.  Total pages: 257760
[    0.048190] Policy zone: DMA32
[    0.048440] mem auto-init: stack:all(zero), heap alloc:off, heap free:off
[    0.050602] Memory: 976376K/1048056K available (16384K kernel code, 2556K rwdata, 6072K rodata, 3160K init, 12004K bss, 71420K reserved, 0K cma-reserved)
[    0.051796] SLUB: HWalign=64, Order=0-3, MinObjects=0, CPUs=32, Nodes=1
Poking KASLR using RDRAND RDTSC...
[    0.052761] ftrace: allocating 46543 entries in 182 pages
[    0.060002] ftrace: allocated 182 pages with 5 groups
[    0.061242] Dynamic Preempt: voluntary
[    0.061758] Running RCU self tests
[    0.062025] Running RCU synchronous self tests
[    0.062378] rcu: Preemptible hierarchical RCU implementation.
[    0.062833] rcu: RCU event tracing is enabled.
[    0.063192] rcu: RCU lockdep checking is enabled.
[    0.063572] rcu: RCU restricting CPUs from NR_CPUS=64 to nr_cpu_ids=32.
[    0.064093] Trampoline variant of Tasks RCU enabled.
[    0.064487] Rude variant of Tasks RCU enabled.
[    0.064849] Tracing variant of Tasks RCU enabled.
[    0.065223] rcu: RCU calculated value of scheduler-enlistment delay is 100 jiffies.
[    0.065829] rcu: Adjusting geometry for rcu_fanout_leaf=16, nr_cpu_ids=32
[    0.066384] Running RCU synchronous self tests
[    0.068357] NR_IRQS: 4352, nr_irqs: 680, preallocated irqs: 16
[    0.069020] rcu: srcu_init: Setting srcu_struct sizes based on contention.
[    0.069763] Console: colour *CGA 80x25
[    0.070082] printk: legacy console [ttyS0] enabled
[    0.070082] printk: legacy console [ttyS0] enabled
[    0.070831] printk: legacy bootconsole [earlyser0] disabled
[    0.070831] printk: legacy bootconsole [earlyser0] disabled
[    0.071715] Lock dependency validator: Copyright (c) 2006 Red Hat, Inc., Ingo Molnar
[    0.072319] ... MAX_LOCKDEP_SUBCLASSES:  8
[    0.072661] ... MAX_LOCK_DEPTH:          48
[    0.072990] ... MAX_LOCKDEP_KEYS:        8192
[    0.073333] ... CLASSHASH_SIZE:          4096
[    0.073682] ... MAX_LOCKDEP_ENTRIES:     32768
[    0.074030] ... MAX_LOCKDEP_CHAINS:      65536
[    0.074378] ... CHAINHASH_SIZE:          32768
[    0.074731]  memory used by lock dependency info: 6429 kB
[    0.075158]  memory used for stack traces: 4224 kB
[    0.075537]  per task-struct memory footprint: 1920 bytes
[    0.075973] ACPI: Core revision 20230628
[    0.076389] clocksource: hpet: mask: 0xffffffff max_cycles: 0xffffffff, max_idle_ns: 19112604467 ns
[    0.077220] APIC: Switch to symmetric I/O mode setup
[    0.077630] APIC: Switched APIC routing to: physical flat
[    0.078056] kvm-guest: APIC: send_IPI_mask() replaced with kvm_send_ipi_mask()
[    0.078632] kvm-guest: APIC: send_IPI_mask_allbutself() replaced with kvm_send_ipi_mask_allbutself()
[    0.079357] kvm-guest: setup PV IPIs
[    0.080495] ..TIMER: vector=0x30 apic1=0 pin1=2 apic2=-1 pin2=-1
[    0.081347] tsc: Marking TSC unstable due to TSCs unsynchronized
[    0.082198] Calibrating delay loop (skipped) preset value.. 8983.07 BogoMIPS (lpj=4491536)
[    0.083253] x86/cpu: User Mode Instruction Prevention (UMIP) activated
[    0.084252] Last level iTLB entries: 4KB 512, 2MB 255, 4MB 127
[    0.085194] Last level dTLB entries: 4KB 512, 2MB 255, 4MB 127, 1GB 0
[    0.086198] Spectre V1 : Mitigation: usercopy/swapgs barriers and __user pointer sanitization
[    0.087198] Spectre V2 : Mitigation: Enhanced / Automatic IBRS
[    0.088194] Spectre V2 : Spectre v2 / SpectreRSB mitigation: Filling RSB on context switch
[    0.089196] Spectre V2 : mitigation: Enabling conditional Indirect Branch Prediction Barrier
[    0.090195] Speculative Store Bypass: Mitigation: Speculative Store Bypass disabled via prctl
[    0.091194] Speculative Return Stack Overflow: IBPB-extending microcode not applied!
[    0.092193] Speculative Return Stack Overflow: WARNING: See https://kernel.org/doc/html/latest/admin-guide/hw-vuln/srso.html for mitigation options.
[    0.092194] Speculative Return Stack Overflow: Vulnerable: Safe RET, no microcode
[    0.094215] x86/fpu: Supporting XSAVE feature 0x001: 'x87 floating point registers'
[    0.095194] x86/fpu: Supporting XSAVE feature 0x002: 'SSE registers'
[    0.096193] x86/fpu: Supporting XSAVE feature 0x004: 'AVX registers'
[    0.097193] x86/fpu: Supporting XSAVE feature 0x020: 'AVX-512 opmask'
[    0.098194] x86/fpu: Supporting XSAVE feature 0x040: 'AVX-512 Hi256'
[    0.099194] x86/fpu: Supporting XSAVE feature 0x080: 'AVX-512 ZMM_Hi256'
[    0.100194] x86/fpu: Supporting XSAVE feature 0x200: 'Protection Keys User registers'
[    0.101194] x86/fpu: xstate_offset[2]:  576, xstate_sizes[2]:  256
[    0.102194] x86/fpu: xstate_offset[5]:  832, xstate_sizes[5]:   64
[    0.103012] x86/fpu: xstate_offset[6]:  896, xstate_sizes[6]:  512
[    0.103193] x86/fpu: xstate_offset[7]: 1408, xstate_sizes[7]: 1024
[    0.104193] x86/fpu: xstate_offset[9]: 2432, xstate_sizes[9]:    8
[    0.105193] x86/fpu: Enabled xstate features 0x2e7, context size is 2440 bytes, using 'compacted' format.
[    0.124676] Freeing SMP alternatives memory: 36K
[    0.125195] pid_max: default: 32768 minimum: 301
[    0.125891] Mount-cache hash table entries: 2048 (order: 2, 16384 bytes, linear)
[    0.126196] Mountpoint-cache hash table entries: 2048 (order: 2, 16384 bytes, linear)
[    0.128638] Running RCU synchronous self tests
[    0.129197] Running RCU synchronous self tests
[    0.129962] smpboot: CPU0: AMD Ryzen 9 7950X 16-Core Processor (family: 0x19, model: 0x61, stepping: 0x2)
[    0.130567] RCU Tasks: Setting shift to 5 and lim to 1 rcu_task_cb_adjust=1.
[    0.131245] RCU Tasks Rude: Setting shift to 5 and lim to 1 rcu_task_cb_adjust=1.
[    0.132252] RCU Tasks Trace: Setting shift to 5 and lim to 1 rcu_task_cb_adjust=1.
[    0.133252] Running RCU Tasks wait API self tests
[    0.238275] Running RCU Tasks Rude wait API self tests
[    0.239096] Running RCU Tasks Trace wait API self tests
[    0.239249] Performance Events: Fam17h+ core perfctr, AMD PMU driver.
[    0.240180] ... version:                0
[    0.240197] ... bit width:              48
[    0.240751] ... generic registers:      6
[    0.241196] ... value mask:             0000ffffffffffff
[    0.241913] ... max period:             00007fffffffffff
[    0.242197] ... fixed-purpose events:   0
[    0.242752] ... event mask:             000000000000003f
[    0.243403] signal: max sigframe size: 3376
[    0.244069] rcu: Hierarchical SRCU implementation.
[    0.244197] rcu: Max phase no-delay instances is 400.
[    0.245242] Callback from call_rcu_tasks_trace() invoked.
[    0.249421] smp: Bringing up secondary CPUs ...
[    0.250406] smpboot: x86: Booting SMP configuration:
[    0.251099] .... node  #0, CPUs:        #1  #2  #3  #4  #5  #6  #7  #8  #9 #10 #11 #12 #13 #14 #15 #16 #17 #18 #19 #20 #21 #22 #23 #24 #25 #26 #27 #28 #29 #30 #31
[    0.281381] smp: Brought up 1 node, 32 CPUs
[    0.282747] smpboot: Max logical packages: 1
[    0.283196] smpboot: Total of 32 processors activated (287458.30 BogoMIPS)
[    0.294418] devtmpfs: initialized
[    0.295285] x86/mm: Memory block size: 128MB
[    0.297846] Running RCU synchronous self tests
[    0.298211] Running RCU synchronous self tests
[    0.298887] clocksource: jiffies: mask: 0xffffffff max_cycles: 0xffffffff, max_idle_ns: 1911260446275000 ns
[    0.299199] futex hash table entries: 8192 (order: 8, 1048576 bytes, linear)
[    0.300634] PM: RTC time: 09:06:41, date: 2024-01-31
[    0.301868] NET: Registered PF_NETLINK/PF_ROUTE protocol family
[    0.302795] thermal_sys: Registered thermal governor 'step_wise'
[    0.302797] thermal_sys: Registered thermal governor 'user_space'
[    0.303239] cpuidle: using governor menu
[    0.305613] PCI: Using configuration type 1 for base access
[    0.306196] PCI: Using configuration type 1 for extended access
[    0.307088] kprobes: kprobe jump-optimization is enabled. All kprobes are optimized if possible.
[    0.322002] HugeTLB: registered 1.00 GiB page size, pre-allocated 0 pages
[    0.322197] HugeTLB: 16380 KiB vmemmap can be freed for a 1.00 GiB page
[    0.323061] HugeTLB: registered 2.00 MiB page size, pre-allocated 0 pages
[    0.323196] HugeTLB: 28 KiB vmemmap can be freed for a 2.00 MiB page
[    0.327690] ACPI: Added _OSI(Module Device)
[    0.328198] ACPI: Added _OSI(Processor Device)
[    0.328933] ACPI: Added _OSI(3.0 _SCP Extensions)
[    0.329197] ACPI: Added _OSI(Processor Aggregator Device)
[    0.334325] ACPI: 1 ACPI AML tables successfully acquired and loaded
[    0.337265] ACPI: _OSC evaluation for CPUs failed, trying _PDC
[    0.338840] ACPI: Interpreter enabled
[    0.339249] ACPI: PM: (supports S0 S3 S4 S5)
[    0.339977] ACPI: Using IOAPIC for interrupt routing
[    0.340222] PCI: Using host bridge windows from ACPI; if necessary, use "pci=nocrs" and report a bug
[    0.341197] PCI: Using E820 reservations for host bridge windows
[    0.343231] ACPI: Enabled 2 GPEs in block 00 to 0F
[    0.344142] Callback from call_rcu_tasks_rude() invoked.
[    0.355367] ACPI: PCI Root Bridge [PCI0] (domain 0000 [bus 00-ff])
[    0.356202] acpi PNP0A03:00: _OSC: OS supports [ExtendedConfig ASPM ClockPM Segments MSI HPX-Type3]
[    0.357824] PCI host bridge to bus 0000:00
[    0.358198] pci_bus 0000:00: root bus resource [io  0x0000-0x0cf7 window]
[    0.359199] pci_bus 0000:00: root bus resource [io  0x0d00-0xffff window]
[    0.360198] pci_bus 0000:00: root bus resource [mem 0x000a0000-0x000bffff window]
[    0.361200] pci_bus 0000:00: root bus resource [mem 0x40000000-0xfebfffff window]
[    0.362197] pci_bus 0000:00: root bus resource [mem 0x100000000-0x17fffffff window]
[    0.363197] pci_bus 0000:00: root bus resource [bus 00-ff]
[    0.364079] pci 0000:00:00.0: [8086:1237] type 00 class 0x060000 conventional PCI endpoint
[    0.364708] pci 0000:00:01.0: [8086:7000] type 00 class 0x060100 conventional PCI endpoint
[    0.365643] pci 0000:00:01.1: [8086:7010] type 00 class 0x010180 conventional PCI endpoint
[    0.368433] pci 0000:00:01.1: BAR 4 [io  0xc080-0xc08f]
[    0.369913] pci 0000:00:01.1: BAR 0 [io  0x01f0-0x01f7]: legacy IDE quirk
[    0.370197] pci 0000:00:01.1: BAR 1 [io  0x03f6]: legacy IDE quirk
[    0.371196] pci 0000:00:01.1: BAR 2 [io  0x0170-0x0177]: legacy IDE quirk
[    0.372085] pci 0000:00:01.1: BAR 3 [io  0x0376]: legacy IDE quirk
[    0.372397] pci 0000:00:01.3: [8086:7113] type 00 class 0x068000 conventional PCI endpoint
[    0.373456] pci 0000:00:01.3: quirk: [io  0x0600-0x063f] claimed by PIIX4 ACPI
[    0.374201] pci 0000:00:01.3: quirk: [io  0x0700-0x070f] claimed by PIIX4 SMB
[    0.375403] pci 0000:00:02.0: [1af4:1009] type 00 class 0x000200 conventional PCI endpoint
[    0.377196] pci 0000:00:02.0: BAR 0 [io  0xc000-0xc03f]
[    0.378838] pci 0000:00:02.0: BAR 1 [mem 0xfebfd000-0xfebfdfff]
[    0.382196] pci 0000:00:02.0: BAR 4 [mem 0xfebf4000-0xfebf7fff 64bit pref]
[    0.385070] pci 0000:00:03.0: [1af4:1009] type 00 class 0x000200 conventional PCI endpoint
[    0.386197] pci 0000:00:03.0: BAR 0 [io  0xc040-0xc07f]
[    0.388196] pci 0000:00:03.0: BAR 1 [mem 0xfebfe000-0xfebfefff]
[    0.391811] pci 0000:00:03.0: BAR 4 [mem 0xfebf8000-0xfebfbfff 64bit pref]
[    0.394333] pci 0000:00:04.0: [8086:25ab] type 00 class 0x088000 conventional PCI endpoint
[    0.395536] pci 0000:00:04.0: BAR 0 [mem 0xfebff000-0xfebff00f]
[    0.400134] ACPI: PCI: Interrupt link LNKA configured for IRQ 10
[    0.400362] ACPI: PCI: Interrupt link LNKB configured for IRQ 10
[    0.401276] ACPI: PCI: Interrupt link LNKC configured for IRQ 11
[    0.402220] ACPI: PCI: Interrupt link LNKD configured for IRQ 11
[    0.403101] ACPI: PCI: Interrupt link LNKS configured for IRQ 9
[    0.405558] iommu: Default domain type: Translated
[    0.406191] iommu: DMA domain TLB invalidation policy: lazy mode
[    0.407259] SCSI subsystem initialized
[    0.407793] pps_core: LinuxPPS API ver. 1 registered
[    0.408198] pps_core: Software ver. 5.3.6 - Copyright 2005-2007 Rodolfo Giometti <giometti@linux.it>
[    0.409202] PTP clock support registered
[    0.409750] Advanced Linux Sound Architecture Driver Initialized.
[    0.410818] NET: Registered PF_ATMPVC protocol family
[    0.411198] NET: Registered PF_ATMSVC protocol family
[    0.412039] PCI: Using ACPI for IRQ routing
[    0.412393] vgaarb: loaded
[    0.413237] hpet0: at MMIO 0xfed00000, IRQs 2, 8, 0
[    0.414047] hpet0: 3 comparators, 64-bit 100.000000 MHz counter
[    0.419530] clocksource: Switched to clocksource kvm-clock
[    0.420754] VFS: Disk quotas dquot_6.6.0
[    0.421772] VFS: Dquot-cache hash table entries: 512 (order 0, 4096 bytes)
[    0.423100] pnp: PnP ACPI init
[    0.424285] pnp: PnP ACPI: found 5 devices
[    0.434660] clocksource: acpi_pm: mask: 0xffffff max_cycles: 0xffffff, max_idle_ns: 2085701024 ns
[    0.436172] NET: Registered PF_INET protocol family
[    0.437068] IP idents hash table entries: 16384 (order: 5, 131072 bytes, linear)
[    0.438661] tcp_listen_portaddr_hash hash table entries: 512 (order: 3, 36864 bytes, linear)
[    0.440082] Table-perturb hash table entries: 65536 (order: 6, 262144 bytes, linear)
[    0.441403] TCP established hash table entries: 8192 (order: 4, 65536 bytes, linear)
[    0.442738] TCP bind hash table entries: 8192 (order: 8, 1179648 bytes, linear)
[    0.444431] TCP: Hash tables configured (established 8192 bind 8192)
[    0.445646] UDP hash table entries: 512 (order: 4, 81920 bytes, linear)
[    0.446559] UDP-Lite hash table entries: 512 (order: 4, 81920 bytes, linear)
[    0.446571] Callback from call_rcu_tasks() invoked.
[    0.447646] NET: Registered PF_UNIX/PF_LOCAL protocol family
[    0.448928] pci_bus 0000:00: resource 4 [io  0x0000-0x0cf7 window]
[    0.449746] pci_bus 0000:00: resource 5 [io  0x0d00-0xffff window]
[    0.450542] pci_bus 0000:00: resource 6 [mem 0x000a0000-0x000bffff window]
[    0.451503] pci_bus 0000:00: resource 7 [mem 0x40000000-0xfebfffff window]
[    0.452410] pci_bus 0000:00: resource 8 [mem 0x100000000-0x17fffffff window]
[    0.453407] pci 0000:00:01.0: PIIX3: Enabling Passive Release
[    0.454170] pci 0000:00:00.0: Limiting direct PCI/PCI transfers
[    0.454981] PCI: CLS 0 bytes, default 64
[    0.455688] kvm_intel: VMX not supported by CPU 0
[    0.456522] kvm_amd: TSC scaling supported
[    0.457081] kvm_amd: Nested Virtualization enabled
[    0.457717] kvm_amd: Nested Paging enabled
[    0.458258] kvm_amd: Virtual VMLOAD VMSAVE supported
[    0.458912] kvm_amd: Virtual GIF supported
[    0.459438] kvm_amd: Virtual NMI enabled
[    0.459960] kvm_amd: LBR virtualization supported
[    0.565034] workingset: timestamp_bits=56 max_order=18 bucket_order=0
[    0.566278] squashfs: version 4.0 (2009/01/31) Phillip Lougher
[    0.567288] fuse: init (API version 7.39)
[    0.568065] 9p: Installing v9fs 9p2000 file system support
[    0.569129] Key type asymmetric registered
[    0.569867] Block layer SCSI generic (bsg) driver version 0.4 loaded (major 249)
[    0.571179] io scheduler mq-deadline registered
[    0.571949] io scheduler kyber registered
[    0.574099] input: Power Button as /devices/LNXSYSTM:00/LNXPWRBN:00/input/input0
[    0.575594] ACPI: button: Power Button [PWRF]
[    0.576464] Warning: Processor Platform Limit event detected, but not handled.
[    0.577680] Consider compiling CPUfreq support into your kernel.
[    0.657941] ACPI: \_SB_.LNKB: Enabled at IRQ 10
[    0.730045] ACPI: \_SB_.LNKC: Enabled at IRQ 11
[    0.731514] Serial: 8250/16550 driver, 4 ports, IRQ sharing enabled
[    0.732744] 00:03: ttyS0 at I/O 0x3f8 (irq = 4, base_baud = 115200) is a 16550A
[    0.734734] Non-volatile memory driver v1.3
[    0.735296] Linux agpgart interface v0.103
[    0.735979] ACPI: bus type drm_connector registered
[    0.748214] loop: module loaded
[    0.749954] scsi host0: ata_piix
[    0.750684] scsi host1: ata_piix
[    0.751188] ata1: PATA max MWDMA2 cmd 0x1f0 ctl 0x3f6 bmdma 0xc080 irq 14 lpm-pol 0
[    0.752192] ata2: PATA max MWDMA2 cmd 0x170 ctl 0x376 bmdma 0xc088 irq 15 lpm-pol 0
[    0.753901] i8042: PNP: PS/2 Controller [PNP0303:KBD,PNP0f13:MOU] at 0x60,0x64 irq 1,12
[    0.755669] serio: i8042 KBD port at 0x60,0x64 irq 1
[    0.756451] serio: i8042 AUX port at 0x60,0x64 irq 12
[    0.757902] rtc_cmos 00:04: RTC can wake from S4
[    0.758959] input: AT Translated Set 2 keyboard as /devices/platform/i8042/serio0/input/input1
[    0.760697] rtc_cmos 00:04: registered as rtc0
[    0.761344] rtc_cmos 00:04: setting system clock to 2024-01-31T09:06:41 UTC (1706692001)
[    0.762499] rtc_cmos 00:04: alarms up to one day, y3k, 242 bytes nvram, hpet irqs
[    0.764268] i6300ESB timer 0000:00:04.0: initialized. heartbeat=30 sec (nowayout=0)
[    0.765528] device-mapper: ioctl: 4.48.0-ioctl (2023-03-01) initialised: dm-devel@redhat.com
[    0.767571] NET: Registered PF_PACKET protocol family
[    0.768271] 9pnet: Installing 9P2000 support
[    0.769527] input: ImExPS/2 Generic Explorer Mouse as /devices/platform/i8042/serio1/input/input3
[    0.771597] Key type dns_resolver registered
[    0.775345] IPI shorthand broadcast: enabled
[    0.783693] sched_clock: Marking stable (775002104, 8625845)->(826236175, -42608226)
[    0.785010] registered taskstats version 1
[    0.790256] PM:   Magic number: 8:317:122
[    0.790826] acpi LNXSYBUS:00: hash matches
[    0.791396] printk: legacy console [netcon0] enabled
[    0.792047] netconsole: network logging started
[    0.792967] ALSA device list:
[    0.793454]   No soundcards found.
[    0.909807] ata2: found unknown device (class 0)
[    0.911131] ata2.00: ATAPI: QEMU DVD-ROM, 2.5+, max UDMA/100
[    0.913308] scsi 1:0:0:0: CD-ROM            QEMU     QEMU DVD-ROM     2.5+ PQ: 0 ANSI: 5
[    0.922364] scsi 1:0:0:0: Attached scsi generic sg0 type 5
[    0.923311] md: Skipping autodetection of RAID arrays. (raid=autodetect will force)
[    0.924473] 9pnet_virtio: no channels available for device 
[    0.925941] VFS: Mounted root (9p filesystem) readonly on device 0:19.
[    0.927129] devtmpfs: mounted
[    0.929529] Freeing unused kernel image (initmem) memory: 3160K
[    0.936658] Write protecting the kernel read-only data: 22528k
[    0.937966] Freeing unused kernel image (rodata/data gap) memory: 72K
[    0.974074] x86/mm: Checked W+X mappings: passed, no W+X pages found.
[    0.975015] Run /usr/lib/python3.11/site-packages/virtme/guest/virtme-init as init process
[    1.001940] mount (264) used greatest stack depth: 12984 bytes left
[    1.059653] mount (278) used greatest stack depth: 12936 bytes left
[    1.075373] mount (282) used greatest stack depth: 12584 bytes left
[    1.125980] virtme-init (313) used greatest stack depth: 12568 bytes left
[    1.129551] virtme-init (310) used greatest stack depth: 12424 bytes left
[    1.164888] virtme-init: basic initialization done
[    1.171044] virtme-init: udevd not found
[    1.229508] virtme-init: Setting hostname to virtme-ng...
[    1.242001] ip (356) used greatest stack depth: 12056 bytes left
          _      _                                    
   __   _(_)_ __| |_ _ __ ___   ___       _ __   __ _ 
   \ \ / / |  __| __|  _   _ \ / _ \_____|  _ \ / _  |
    \ V /| | |  | |_| | | | | |  __/_____| | | | (_| |
     \_/ |_|_|   \__|_| |_| |_|\___|     |_| |_|\__  |
                                                |___/ 
   kernel version: 6.8.0-rc1-virtme x86_64

virtme-ng:/nipa-data/kernel# PS1='xx__-> '
xx__-> 