No EFI environment detected.
early console in extract_kernel
input_data: 0x00000000029b02c4
input_len: 0x0000000000bdb338
output: 0x0000000001000000
output_len: 0x0000000002545ae4
kernel_total_size: 0x0000000002430000
needed_size: 0x0000000002600000
trampoline_32bit: 0x0000000000000000
Physical KASLR using RDRAND RDTSC...
Virtual KASLR using RDRAND RDTSC...

Decompressing Linux... Parsing ELF... Performing relocations... done.
Booting the kernel (entry_offset: 0x0000000000fd6578).
[    0.000000] Linux version 6.15.0-virtme (root@3874589accc9) (gcc (Ubuntu 13.3.0-6ubuntu2~24.04) 13.3.0, GNU ld (GNU Binutils for Ubuntu) 2.42) #1 SMP PREEMPT_DYNAMIC Thu Jun 12 12:06:03 UTC 2025
[    0.000000] Command line: virtme_hostname=virtme-ng nr_open=1048576 virtme_link_mods=/nipa-data/kernel/.virtme_mods/lib/modules/0.0.0 virtme_initmount0=nipa-data/kernel virtme_rw_overlay0=/etc virtme_rw_overlay1=/lib virtme_rw_overlay2=/home virtme_rw_overlay3=/opt virtme_rw_overlay4=/srv virtme_rw_overlay5=/usr virtme_rw_overlay6=/var console=hvc0 earlyprintk=serial,ttyS0,115200 virtme_console=ttyS0 psmouse.proto=exps TERM=xterm virtme_chdir=nipa-data/kernel virtme_root_user=1 rootfstype=9p rootflags=version=9p2000.L,trans=virtio,access=any raid=noautodetect ro init=/usr/lib/python3/dist-packages/virtme/guest/virtme-init
[    0.000000] BIOS-provided physical RAM map:
[    0.000000] BIOS-e820: [mem 0x0000000000000000-0x000000000009fbff] usable
[    0.000000] BIOS-e820: [mem 0x000000000009fc00-0x000000000009ffff] reserved
[    0.000000] BIOS-e820: [mem 0x00000000000f0000-0x00000000000fffff] reserved
[    0.000000] BIOS-e820: [mem 0x0000000000100000-0x000000003ffdffff] usable
[    0.000000] BIOS-e820: [mem 0x000000003ffe0000-0x000000003fffffff] reserved
[    0.000000] BIOS-e820: [mem 0x00000000feffc000-0x00000000feffffff] reserved
[    0.000000] BIOS-e820: [mem 0x00000000fffc0000-0x00000000ffffffff] reserved
[    0.000000] BIOS-e820: [mem 0x000000fd00000000-0x000000ffffffffff] reserved
[    0.000000] printk: legacy bootconsole [earlyser0] enabled
[    0.000000] NX (Execute Disable) protection: active
[    0.000000] APIC: Static calls initialized
[    0.000000] SMBIOS 3.0.0 present.
[    0.000000] DMI: QEMU Ubuntu 24.04 PC (i440FX + PIIX, 1996), BIOS 1.16.3-debian-1.16.3-2 04/01/2014
[    0.000000] DMI: Memory slots populated: 1/1
[    0.000000] Hypervisor detected: KVM
[    0.000000] kvm-clock: Using msrs 4b564d01 and 4b564d00
[    0.000000] kvm-clock: using sched offset of 202440757 cycles
[    0.000368] clocksource: kvm-clock: mask: 0xffffffffffffffff max_cycles: 0x1cd42e4dffb, max_idle_ns: 881590591483 ns
[    0.001512] tsc: Detected 4491.564 MHz processor
[    0.002092] last_pfn = 0x3ffe0 max_arch_pfn = 0x400000000
[    0.002493] MTRR map: 4 entries (3 fixed + 1 variable; max 19), built from 8 variable MTRRs
[    0.003083] x86/PAT: Configuration [0-7]: WB  WC  UC- UC  WB  WP  UC- WT  
Memory KASLR using RDRAND RDTSC...
[    0.005059] found SMP MP-table at [mem 0x000f5470-0x000f547f]
[    0.005466] Using GB pages for direct mapping
[    0.005802] ACPI: Early table checksum verification disabled
[    0.006201] ACPI: RSDP 0x00000000000F5290 000014 (v00 BOCHS )
[    0.006606] ACPI: RSDT 0x000000003FFE27BC 000034 (v01 BOCHS  BXPC     00000001 BXPC 00000001)
[    0.007207] ACPI: FACP 0x000000003FFE2578 000074 (v01 BOCHS  BXPC     00000001 BXPC 00000001)
[    0.007807] ACPI: DSDT 0x000000003FFE0040 002538 (v01 BOCHS  BXPC     00000001 BXPC 00000001)
[    0.008407] ACPI: FACS 0x000000003FFE0000 000040
[    0.008732] ACPI: APIC 0x000000003FFE25EC 000170 (v03 BOCHS  BXPC     00000001 BXPC 00000001)
[    0.009332] ACPI: HPET 0x000000003FFE275C 000038 (v01 BOCHS  BXPC     00000001 BXPC 00000001)
[    0.009942] ACPI: WAET 0x000000003FFE2794 000028 (v01 BOCHS  BXPC     00000001 BXPC 00000001)
[    0.010542] ACPI: Reserving FACP table memory at [mem 0x3ffe2578-0x3ffe25eb]
[    0.011039] ACPI: Reserving DSDT table memory at [mem 0x3ffe0040-0x3ffe2577]
[    0.011535] ACPI: Reserving FACS table memory at [mem 0x3ffe0000-0x3ffe003f]
[    0.012032] ACPI: Reserving APIC table memory at [mem 0x3ffe25ec-0x3ffe275b]
[    0.012528] ACPI: Reserving HPET table memory at [mem 0x3ffe275c-0x3ffe2793]
[    0.013023] ACPI: Reserving WAET table memory at [mem 0x3ffe2794-0x3ffe27bb]
[    0.013660] No NUMA configuration found
[    0.013930] Faking a node at [mem 0x0000000000000000-0x000000003ffdffff]
[    0.014403] NODE_DATA(0) allocated [mem 0x3ffdb740-0x3ffdffff]
[    0.014824] Zone ranges:
[    0.015002]   DMA      [mem 0x0000000000001000-0x0000000000ffffff]
[    0.015438]   DMA32    [mem 0x0000000001000000-0x000000003ffdffff]
[    0.015880]   Normal   empty
[    0.016083]   Device   empty
[    0.016286] Movable zone start for each node
[    0.016588] Early memory node ranges
[    0.016840]   node   0: [mem 0x0000000000001000-0x000000000009efff]
[    0.017280]   node   0: [mem 0x0000000000100000-0x000000003ffdffff]
[    0.017727] Initmem setup node 0 [mem 0x0000000000001000-0x000000003ffdffff]
[    0.018222] On node 0, zone DMA: 1 pages in unavailable ranges
[    0.018643] On node 0, zone DMA: 97 pages in unavailable ranges
[    0.019995] On node 0, zone DMA32: 32 pages in unavailable ranges
[    0.020619] ACPI: PM-Timer IO Port: 0x608
[    0.020907] ACPI: LAPIC_NMI (acpi_id[0xff] dfl dfl lint[0x1])
[    0.021326] IOAPIC[0]: apic_id 0, version 17, address 0xfec00000, GSI 0-23
[    0.021815] ACPI: INT_SRC_OVR (bus 0 bus_irq 0 global_irq 2 dfl dfl)
[    0.022262] ACPI: INT_SRC_OVR (bus 0 bus_irq 5 global_irq 5 high level)
[    0.022731] ACPI: INT_SRC_OVR (bus 0 bus_irq 9 global_irq 9 high level)
[    0.023194] ACPI: INT_SRC_OVR (bus 0 bus_irq 10 global_irq 10 high level)
[    0.023669] ACPI: INT_SRC_OVR (bus 0 bus_irq 11 global_irq 11 high level)
[    0.024146] ACPI: Using ACPI (MADT) for SMP configuration information
[    0.024597] ACPI: HPET id: 0x8086a201 base: 0xfed00000
[    0.024963] TSC deadline timer available
[    0.025241] CPU topo: Max. logical packages:   1
[    0.025568] CPU topo: Max. logical dies:       1
[    0.025900] CPU topo: Max. dies per package:   1
[    0.026232] CPU topo: Max. threads per core:   1
[    0.026557] CPU topo: Num. cores per package:    32
[    0.026903] CPU topo: Num. threads per package:  32
[    0.027244] CPU topo: Allowing 32 present CPUs plus 0 hotplug CPUs
[    0.027684] kvm-guest: APIC: eoi() replaced with kvm_guest_apic_eoi_write()
[    0.028178] kvm-guest: KVM setup pv remote TLB flush
[    0.028527] kvm-guest: setup PV sched yield
[    0.028823] PM: hibernation: Registered nosave memory: [mem 0x00000000-0x00000fff]
[    0.029354] PM: hibernation: Registered nosave memory: [mem 0x0009f000-0x000fffff]
[    0.029886] [mem 0x40000000-0xfeffbfff] available for PCI devices
[    0.030314] Booting paravirtualized kernel on KVM
[    0.030643] clocksource: refined-jiffies: mask: 0xffffffff max_cycles: 0xffffffff, max_idle_ns: 1910969940391419 ns
[    0.034143] setup_percpu: NR_CPUS:64 nr_cpumask_bits:32 nr_cpu_ids:32 nr_node_ids:1
[    0.035271] percpu: Embedded 53 pages/cpu s179544 r8192 d29352 u262144
[    0.035762] Kernel command line: virtme_hostname=virtme-ng nr_open=1048576 virtme_link_mods=/nipa-data/kernel/.virtme_mods/lib/modules/0.0.0 virtme_initmount0=nipa-data/kernel virtme_rw_overlay0=/etc virtme_rw_overlay1=/lib virtme_rw_overlay2=/home virtme_rw_overlay3=/opt virtme_rw_overlay4=/srv virtme_rw_overlay5=/usr virtme_rw_overlay6=/var console=hvc0 earlyprintk=serial,ttyS0,115200 virtme_console=ttyS0 psmouse.proto=exps TERM=xterm virtme_chdir=nipa-data/kernel virtme_root_user=1 rootfstype=9p rootflags=version=9p2000.L,trans=virtio,access=any raid=noautodetect ro init=/usr/lib/python3/dist-packages/virtme/guest/virtme-init
[    0.039857] Unknown kernel command line parameters "virtme_hostname=virtme-ng nr_open=1048576 virtme_link_mods=/nipa-data/kernel/.virtme_mods/lib/modules/0.0.0 virtme_initmount0=nipa-data/kernel virtme_rw_overlay0=/etc virtme_rw_overlay1=/lib virtme_rw_overlay2=/home virtme_rw_overlay3=/opt virtme_rw_overlay4=/srv virtme_rw_overlay5=/usr virtme_rw_overlay6=/var virtme_console=ttyS0 virtme_chdir=nipa-data/kernel virtme_root_user=1", will be passed to user space.
[    0.042986] random: crng init done
[    0.043231] printk: log buffer data + meta data: 262144 + 917504 = 1179648 bytes
[    0.043792] Dentry cache hash table entries: 131072 (order: 8, 1048576 bytes, linear)
[    0.044374] Inode-cache hash table entries: 65536 (order: 7, 524288 bytes, linear)
[    0.045011] Fallback order for Node 0: 0 
[    0.045013] Built 1 zonelists, mobility grouping on.  Total pages: 262014
[    0.045793] Policy zone: DMA32
[    0.046012] mem auto-init: stack:all(zero), heap alloc:off, heap free:off
[    0.046982] SLUB: HWalign=64, Order=0-3, MinObjects=0, CPUs=32, Nodes=1
Poking KASLR using RDRAND RDTSC...
[    0.054356] ftrace: allocating 49289 entries in 194 pages
[    0.054745] ftrace: allocated 194 pages with 3 groups
[    0.055714] Dynamic Preempt: voluntary
[    0.056107] rcu: Preemptible hierarchical RCU implementation.
[    0.056521] rcu: RCU event tracing is enabled.
[    0.056846] rcu: RCU restricting CPUs from NR_CPUS=64 to nr_cpu_ids=32.
[    0.057327] Trampoline variant of Tasks RCU enabled.
[    0.057694] Rude variant of Tasks RCU enabled.
[    0.058018] Tracing variant of Tasks RCU enabled.
[    0.058360] rcu: RCU calculated value of scheduler-enlistment delay is 100 jiffies.
[    0.058914] rcu: Adjusting geometry for rcu_fanout_leaf=16, nr_cpu_ids=32
[    0.059408] RCU Tasks: Setting shift to 5 and lim to 1 rcu_task_cb_adjust=1 rcu_task_cpu_ids=32.
[    0.060043] RCU Tasks Rude: Setting shift to 5 and lim to 1 rcu_task_cb_adjust=1 rcu_task_cpu_ids=32.
[    0.060707] RCU Tasks Trace: Setting shift to 5 and lim to 1 rcu_task_cb_adjust=1 rcu_task_cpu_ids=32.
[    0.063088] NR_IRQS: 4352, nr_irqs: 680, preallocated irqs: 16
[    0.063673] rcu: srcu_init: Setting srcu_struct sizes based on contention.
[    0.064306] Console: colour *CGA 80x25
[    0.064582] ACPI: Core revision 20250404
[    0.064941] clocksource: hpet: mask: 0xffffffff max_cycles: 0xffffffff, max_idle_ns: 19112604467 ns
[    0.065651] APIC: Switch to symmetric I/O mode setup
[    0.066144] x2apic enabled
[    0.066508] APIC: Switched APIC routing to: physical x2apic
[    0.066914] kvm-guest: APIC: send_IPI_mask() replaced with kvm_send_ipi_mask()
[    0.067431] kvm-guest: APIC: send_IPI_mask_allbutself() replaced with kvm_send_ipi_mask_allbutself()
[    0.068070] kvm-guest: setup PV IPIs
[    0.069045] ..TIMER: vector=0x30 apic1=0 pin1=2 apic2=-1 pin2=-1
[    0.069831] clocksource: tsc-early: mask: 0xffffffffffffffff max_cycles: 0x40be463295d, max_idle_ns: 440795209293 ns
[    0.071164] Calibrating delay loop (skipped) preset value.. 8983.12 BogoMIPS (lpj=4491564)
[    0.072225] x86/cpu: User Mode Instruction Prevention (UMIP) activated
[    0.073211] Last level iTLB entries: 4KB 512, 2MB 255, 4MB 127
[    0.074163] Last level dTLB entries: 4KB 512, 2MB 255, 4MB 127, 1GB 0
[    0.075170] Speculative Store Bypass: Mitigation: Speculative Store Bypass disabled via prctl
[    0.076163] Speculative Return Stack Overflow: IBPB-extending microcode not applied!
[    0.077163] Speculative Return Stack Overflow: WARNING: See https://kernel.org/doc/html/latest/admin-guide/hw-vuln/srso.html for mitigation options.
[    0.077164] Spectre V2 : Mitigation: Enhanced / Automatic IBRS
[    0.079163] Speculative Return Stack Overflow: Vulnerable: Safe RET, no microcode
[    0.080163] Spectre V1 : Mitigation: usercopy/swapgs barriers and __user pointer sanitization
[    0.081166] Spectre V2 : mitigation: Enabling conditional Indirect Branch Prediction Barrier
[    0.082178] x86/fpu: Supporting XSAVE feature 0x001: 'x87 floating point registers'
[    0.083163] x86/fpu: Supporting XSAVE feature 0x002: 'SSE registers'
[    0.084163] x86/fpu: Supporting XSAVE feature 0x004: 'AVX registers'
[    0.085163] x86/fpu: Supporting XSAVE feature 0x020: 'AVX-512 opmask'
[    0.086163] x86/fpu: Supporting XSAVE feature 0x040: 'AVX-512 Hi256'
[    0.086941] x86/fpu: Supporting XSAVE feature 0x080: 'AVX-512 ZMM_Hi256'
[    0.087163] x86/fpu: Supporting XSAVE feature 0x200: 'Protection Keys User registers'
[    0.088164] x86/fpu: xstate_offset[2]:  576, xstate_sizes[2]:  256
[    0.089163] x86/fpu: xstate_offset[5]:  832, xstate_sizes[5]:   64
[    0.090163] x86/fpu: xstate_offset[6]:  896, xstate_sizes[6]:  512
[    0.090922] x86/fpu: xstate_offset[7]: 1408, xstate_sizes[7]: 1024
[    0.091163] x86/fpu: xstate_offset[9]: 2432, xstate_sizes[9]:    8
[    0.092163] x86/fpu: Enabled xstate features 0x2e7, context size is 2440 bytes, using 'compacted' format.
[    0.108682] Freeing SMP alternatives memory: 44K
[    0.109165] pid_max: default: 32768 minimum: 301
[    0.109750] Mount-cache hash table entries: 2048 (order: 2, 16384 bytes, linear)
[    0.110164] Mountpoint-cache hash table entries: 2048 (order: 2, 16384 bytes, linear)
[    0.111311] smpboot: CPU0: AMD Ryzen 9 7950X 16-Core Processor (family: 0x19, model: 0x61, stepping: 0x2)
[    0.112263] Performance Events: Fam17h+ core perfctr, AMD PMU driver.
[    0.113073] ... version:                0
[    0.113165] ... bit width:              48
[    0.113667] ... generic registers:      6
[    0.114157] ... value mask:             0000ffffffffffff
[    0.114165] ... max period:             00007fffffffffff
[    0.114814] ... fixed-purpose events:   0
[    0.115165] ... event mask:             000000000000003f
[    0.115903] signal: max sigframe size: 3376
[    0.116179] rcu: Hierarchical SRCU implementation.
[    0.116767] rcu: Max phase no-delay instances is 400.
[    0.117189] Timer migration: 2 hierarchy levels; 8 children per group; 2 crossnode level
[    0.120326] smp: Bringing up secondary CPUs ...
[    0.120938] smpboot: x86: Booting SMP configuration:
[    0.121166] .... node  #0, CPUs:        #1  #2  #3  #4  #5  #6  #7  #8  #9 #10 #11 #12 #13 #14 #15 #16 #17 #18 #19 #20 #21 #22 #23 #24 #25 #26 #27 #28 #29 #30 #31
[    0.132266] smp: Brought up 1 node, 32 CPUs
[    0.133685] smpboot: Total of 32 processors activated (287460.09 BogoMIPS)
[    0.135274] Memory: 970996K/1048056K available (16218K kernel code, 2490K rwdata, 6524K rodata, 3216K init, 1608K bss, 62536K reserved, 0K cma-reserved)
[    0.136283] devtmpfs: initialized
[    0.136614] x86/mm: Memory block size: 128MB
[    0.137865] clocksource: jiffies: mask: 0xffffffff max_cycles: 0xffffffff, max_idle_ns: 1911260446275000 ns
[    0.138167] posixtimers hash table entries: 16384 (order: 6, 262144 bytes, linear)
[    0.139218] futex hash table entries: 8192 (524288 bytes on 1 NUMA nodes, total 512 KiB, linear).
[    0.140241] PM: RTC time: 12:06:20, date: 2025-06-12
[    0.141177] NET: Registered PF_NETLINK/PF_ROUTE protocol family
[    0.142046] thermal_sys: Registered thermal governor 'step_wise'
[    0.142055] cpuidle: using governor menu
[    0.143356] PCI: Using configuration type 1 for base access
[    0.144051] PCI: Using configuration type 1 for extended access
[    0.144232] kprobes: kprobe jump-optimization is enabled. All kprobes are optimized if possible.
[    0.152257] HugeTLB: allocation took 0ms with hugepage_allocation_threads=8
[    0.153149] HugeTLB: registered 1.00 GiB page size, pre-allocated 0 pages
[    0.154165] HugeTLB: 16380 KiB vmemmap can be freed for a 1.00 GiB page
[    0.154972] HugeTLB: registered 2.00 MiB page size, pre-allocated 0 pages
[    0.156165] HugeTLB: 28 KiB vmemmap can be freed for a 2.00 MiB page
[    0.160723] ACPI: Added _OSI(Module Device)
[    0.161165] ACPI: Added _OSI(Processor Device)
[    0.161715] ACPI: Added _OSI(Processor Aggregator Device)
[    0.162819] ACPI: 1 ACPI AML tables successfully acquired and loaded
[    0.164617] ACPI: Interpreter enabled
[    0.165173] ACPI: PM: (supports S0 S3 S4 S5)
[    0.165696] ACPI: Using IOAPIC for interrupt routing
[    0.166172] PCI: Using host bridge windows from ACPI; if necessary, use "pci=nocrs" and report a bug
[    0.167165] PCI: Using E820 reservations for host bridge windows
[    0.167985] ACPI: Enabled 2 GPEs in block 00 to 0F
[    0.170763] ACPI: PCI Root Bridge [PCI0] (domain 0000 [bus 00-ff])
[    0.172167] acpi PNP0A03:00: _OSC: OS supports [ExtendedConfig ASPM ClockPM Segments MSI HPX-Type3]
[    0.173252] PCI host bridge to bus 0000:00
[    0.173759] pci_bus 0000:00: root bus resource [io  0x0000-0x0cf7 window]
[    0.174165] pci_bus 0000:00: root bus resource [io  0x0d00-0xffff window]
[    0.174995] pci_bus 0000:00: root bus resource [mem 0x000a0000-0x000bffff window]
[    0.176166] pci_bus 0000:00: root bus resource [mem 0x40000000-0xfebfffff window]
[    0.177080] pci_bus 0000:00: root bus resource [mem 0x100000000-0x17fffffff window]
[    0.178165] pci_bus 0000:00: root bus resource [bus 00-ff]
[    0.178918] pci 0000:00:00.0: [8086:1237] type 00 class 0x060000 conventional PCI endpoint
[    0.180432] pci 0000:00:01.0: [8086:7000] type 00 class 0x060100 conventional PCI endpoint
[    0.181433] pci 0000:00:01.1: [8086:7010] type 00 class 0x010180 conventional PCI endpoint
[    0.182653] pci 0000:00:01.1: BAR 4 [io  0xc0c0-0xc0cf]
[    0.183183] pci 0000:00:01.1: BAR 0 [io  0x01f0-0x01f7]: legacy IDE quirk
[    0.184015] pci 0000:00:01.1: BAR 1 [io  0x03f6]: legacy IDE quirk
[    0.185165] pci 0000:00:01.1: BAR 2 [io  0x0170-0x0177]: legacy IDE quirk
[    0.185994] pci 0000:00:01.1: BAR 3 [io  0x0376]: legacy IDE quirk
[    0.187253] pci 0000:00:01.3: [8086:7113] type 00 class 0x068000 conventional PCI endpoint
[    0.188359] pci 0000:00:01.3: quirk: [io  0x0600-0x063f] claimed by PIIX4 ACPI
[    0.189169] pci 0000:00:01.3: quirk: [io  0x0700-0x070f] claimed by PIIX4 SMB
[    0.190200] pci 0000:00:02.0: [1af4:1009] type 00 class 0x000200 conventional PCI endpoint
[    0.192170] pci 0000:00:02.0: BAR 0 [io  0xc000-0xc03f]
[    0.192817] pci 0000:00:02.0: BAR 1 [mem 0xfebfc000-0xfebfcfff]
[    0.193179] pci 0000:00:02.0: BAR 4 [mem 0xfebf0000-0xfebf3fff 64bit pref]
[    0.194737] pci 0000:00:03.0: [1af4:1009] type 00 class 0x000200 conventional PCI endpoint
[    0.196679] pci 0000:00:03.0: BAR 0 [io  0xc040-0xc07f]
[    0.197169] pci 0000:00:03.0: BAR 1 [mem 0xfebfd000-0xfebfdfff]
[    0.197909] pci 0000:00:03.0: BAR 4 [mem 0xfebf4000-0xfebf7fff 64bit pref]
[    0.199679] pci 0000:00:04.0: [8086:25ab] type 00 class 0x088000 conventional PCI endpoint
[    0.200467] pci 0000:00:04.0: BAR 0 [mem 0xfebfe000-0xfebfe00f]
[    0.201563] pci 0000:00:05.0: [1af4:1003] type 00 class 0x078000 conventional PCI endpoint
[    0.204105] pci 0000:00:05.0: BAR 0 [io  0xc080-0xc0bf]
[    0.204169] pci 0000:00:05.0: BAR 1 [mem 0xfebff000-0xfebfffff]
[    0.205165] pci 0000:00:05.0: BAR 4 [mem 0xfebf8000-0xfebfbfff 64bit pref]
[    0.206711] ACPI: PCI: Interrupt link LNKA configured for IRQ 10
[    0.208266] ACPI: PCI: Interrupt link LNKB configured for IRQ 10
[    0.209102] ACPI: PCI: Interrupt link LNKC configured for IRQ 11
[    0.209257] ACPI: PCI: Interrupt link LNKD configured for IRQ 11
[    0.210055] ACPI: PCI: Interrupt link LNKS configured for IRQ 9
[    0.211980] iommu: Default domain type: Translated
[    0.212165] iommu: DMA domain TLB invalidation policy: lazy mode
[    0.214212] SCSI subsystem initialized
[    0.214676] pps_core: LinuxPPS API ver. 1 registered
[    0.215165] pps_core: Software ver. 5.3.6 - Copyright 2005-2007 Rodolfo Giometti <giometti@linux.it>
[    0.216167] PTP clock support registered
[    0.216659] Advanced Linux Sound Architecture Driver Initialized.
[    0.217430] NET: Registered PF_ATMPVC protocol family
[    0.218047] NET: Registered PF_ATMSVC protocol family
[    0.219171] PCI: Using ACPI for IRQ routing
[    0.219766] vgaarb: loaded
[    0.220198] hpet0: at MMIO 0xfed00000, IRQs 2, 8, 0
[    0.220201] hpet0: 3 comparators, 64-bit 100.000000 MHz counter
[    0.225451] clocksource: Switched to clocksource kvm-clock
[    0.226037] VFS: Disk quotas dquot_6.6.0
[    0.226544] VFS: Dquot-cache hash table entries: 512 (order 0, 4096 bytes)
[    0.227450] pnp: PnP ACPI init
[    0.228014] pnp: PnP ACPI: found 5 devices
[    0.233806] clocksource: acpi_pm: mask: 0xffffff max_cycles: 0xffffff, max_idle_ns: 2085701024 ns
[    0.234905] NET: Registered PF_INET protocol family
[    0.235515] IP idents hash table entries: 16384 (order: 5, 131072 bytes, linear)
[    0.236563] tcp_listen_portaddr_hash hash table entries: 512 (order: 1, 8192 bytes, linear)
[    0.237589] Table-perturb hash table entries: 65536 (order: 6, 262144 bytes, linear)
[    0.238537] TCP established hash table entries: 8192 (order: 4, 65536 bytes, linear)
[    0.239482] TCP bind hash table entries: 8192 (order: 6, 262144 bytes, linear)
[    0.240461] TCP: Hash tables configured (established 8192 bind 8192)
[    0.241253] UDP hash table entries: 512 (order: 3, 32768 bytes, linear)
[    0.242062] UDP-Lite hash table entries: 512 (order: 3, 32768 bytes, linear)
[    0.242941] NET: Registered PF_UNIX/PF_LOCAL protocol family
[    0.243639] pci_bus 0000:00: resource 4 [io  0x0000-0x0cf7 window]
[    0.244392] pci_bus 0000:00: resource 5 [io  0x0d00-0xffff window]
[    0.245143] pci_bus 0000:00: resource 6 [mem 0x000a0000-0x000bffff window]
[    0.245975] pci_bus 0000:00: resource 7 [mem 0x40000000-0xfebfffff window]
[    0.246812] pci_bus 0000:00: resource 8 [mem 0x100000000-0x17fffffff window]
[    0.247692] pci 0000:00:01.0: PIIX3: Enabling Passive Release
[    0.248396] pci 0000:00:00.0: Limiting direct PCI/PCI transfers
[    0.249151] PCI: CLS 0 bytes, default 64
[    0.249680] kvm_intel: VMX not supported by CPU 2
[    0.250284] kvm_amd: TSC scaling supported
[    0.250781] kvm_amd: Nested Virtualization enabled
[    0.251367] kvm_amd: Nested Paging enabled
[    0.251868] kvm_amd: LBR virtualization supported
[    0.252445] kvm_amd: Virtual GIF supported
[    0.252940] kvm_amd: Virtual NMI enabled
[    0.277379] clocksource: tsc: mask: 0xffffffffffffffff max_cycles: 0x40be463295d, max_idle_ns: 440795209293 ns
[    0.283334] Initialise system trusted keyrings
[    0.283940] workingset: timestamp_bits=56 max_order=18 bucket_order=0
[    0.284755] squashfs: version 4.0 (2009/01/31) Phillip Lougher
[    0.285481] fuse: init (API version 7.44)
[    0.286002] 9p: Installing v9fs 9p2000 file system support
[    0.293231] Key type asymmetric registered
[    0.293739] Asymmetric key parser 'x509' registered
[    0.294355] Block layer SCSI generic (bsg) driver version 0.4 loaded (major 249)
[    0.295289] io scheduler mq-deadline registered
[    0.295851] io scheduler kyber registered
[    0.297682] input: Power Button as /devices/LNXSYSTM:00/LNXPWRBN:00/input/input0
[    0.298668] ACPI: button: Power Button [PWRF]
[    0.299604] Warning: Processor Platform Limit event detected, but not handled.
[    0.300524] Consider compiling CPUfreq support into your kernel.
[    0.317707] ACPI: \_SB_.LNKB: Enabled at IRQ 10
[    0.333154] ACPI: \_SB_.LNKC: Enabled at IRQ 11
[    0.348514] ACPI: \_SB_.LNKA: Enabled at IRQ 10
[    0.349538] Serial: 8250/16550 driver, 4 ports, IRQ sharing enabled
[    0.350413] 00:03: ttyS0 at I/O 0x3f8 (irq = 4, base_baud = 115200) is a 16550A
[    0.369377] Non-volatile memory driver v1.3
[    0.369962] Linux agpgart interface v0.103
[    0.370516] ACPI: bus type drm_connector registered
[    0.371305] printk: legacy console [hvc0] enabled
[    0.371897] printk: legacy bootconsole [earlyser0] disabled
          _      _                                    
   __   _(_)_ __| |_ _ __ ___   ___       _ __   __ _ 
   \ \ / / |  __| __|  _   _ \ / _ \_____|  _ \ / _  |
    \ V /| | |  | |_| | | | | |  __/_____| | | | (_| |
     \_/ |_|_|   \__|_| |_| |_|\___|     |_| |_|\__  |
                                                |___/ 
   kernel version: 6.15.0-virtme x86_64
   (CTRL+d to exit)

root@virtme-ng:/nipa-data/kernel# PS1='xx__-> '
xx__-> env
PWD=/nipa-data/kernel
nr_open=1048576
HOME=/
TERM=xterm
SHLVL=2
XDG_RUNTIME_DIR=/run/user/0
PATH=/bin:/sbin:/usr/bin:/usr/sbin:/usr/local/bin
OLDPWD=/
_=/bin/env
xx__-> 