No EFI environment detected.
early console in extract_kernel
input_data: 0x0000000004cba2c4
input_len: 0x00000000018c886c
output: 0x0000000001000000
output_len: 0x000000000550d1bc
kernel_total_size: 0x0000000005030000
needed_size: 0x0000000005600000
trampoline_32bit: 0x000000000009d000
Physical KASLR using RDRAND RDTSC...
Virtual KASLR using RDRAND RDTSC...

Decompressing Linux... Parsing ELF... Performing relocations... done.
Booting the kernel (entry_offset: 0x0000000000000000).
[    0.000000] Linux version 6.11.0-virtme (root@aa1031d462ba) (gcc (Ubuntu 13.2.0-23ubuntu4) 13.2.0, GNU ld (GNU Binutils for Ubuntu) 2.42) #1 SMP PREEMPT_DYNAMIC Wed Oct  2 00:28:32 UTC 2024
[    0.000000] Command line: virtme_hostname=virtme-ng nr_open=1048576 virtme_link_mods=/nipa-data/kernel/.virtme_mods/lib/modules/0.0.0 virtme_initmount0=nipa-data/kernel virtme_rw_overlay0=/etc virtme_rw_overlay1=/lib virtme_rw_overlay2=/home virtme_rw_overlay3=/opt virtme_rw_overlay4=/srv virtme_rw_overlay5=/usr virtme_rw_overlay6=/var console=hvc0 earlyprintk=serial,ttyS0,115200 virtme_console=ttyS0 psmouse.proto=exps TERM=xterm virtme_chdir=nipa-data/kernel virtme_root_user=1 rootfstype=9p rootflags=version=9p2000.L,trans=virtio,access=any raid=noautodetect ro init=/usr/lib/python3/dist-packages/virtme/guest/virtme-init
[    0.000000] x86/split lock detection: #DB: warning on user-space bus_locks
[    0.000000] BIOS-provided physical RAM map:
[    0.000000] BIOS-e820: [mem 0x0000000000000000-0x000000000009fbff] usable
[    0.000000] BIOS-e820: [mem 0x000000000009fc00-0x000000000009ffff] reserved
[    0.000000] BIOS-e820: [mem 0x00000000000f0000-0x00000000000fffff] reserved
[    0.000000] BIOS-e820: [mem 0x0000000000100000-0x000000003ffdffff] usable
[    0.000000] BIOS-e820: [mem 0x000000003ffe0000-0x000000003fffffff] reserved
[    0.000000] BIOS-e820: [mem 0x00000000feffc000-0x00000000feffffff] reserved
[    0.000000] BIOS-e820: [mem 0x00000000fffc0000-0x00000000ffffffff] reserved
[    0.000000] printk: legacy bootconsole [earlyser0] enabled
[    0.000000] NX (Execute Disable) protection: active
[    0.000000] APIC: Static calls initialized
[    0.000000] SMBIOS 3.0.0 present.
[    0.000000] DMI: QEMU Ubuntu 24.04 PC (i440FX + PIIX, 1996), BIOS 1.16.3-debian-1.16.3-2 04/01/2014
[    0.000000] DMI: Memory slots populated: 1/1
[    0.000000] Hypervisor detected: KVM
[    0.000000] kvm-clock: Using msrs 4b564d01 and 4b564d00
[    0.000001] kvm-clock: using sched offset of 1356257220 cycles
[    0.000751] clocksource: kvm-clock: mask: 0xffffffffffffffff max_cycles: 0x1cd42e4dffb, max_idle_ns: 881590591483 ns
[    0.003092] tsc: Detected 2000.000 MHz processor
[    0.004456] last_pfn = 0x3ffe0 max_arch_pfn = 0x10000000000
[    0.005314] MTRR map: 4 entries (3 fixed + 1 variable; max 19), built from 8 variable MTRRs
[    0.006522] x86/PAT: Configuration [0-7]: WB  WC  UC- UC  WB  WP  UC- WT  
[    0.013326] found SMP MP-table at [mem 0x000f5470-0x000f547f]
[    0.014170] Using GB pages for direct mapping
[    0.015305] ACPI: Early table checksum verification disabled
[    0.016119] ACPI: RSDP 0x00000000000F5290 000014 (v00 BOCHS )
[    0.016958] ACPI: RSDT 0x000000003FFE308E 000034 (v01 BOCHS  BXPC     00000001 BXPC 00000001)
[    0.018191] ACPI: FACP 0x000000003FFE2D8A 000074 (v01 BOCHS  BXPC     00000001 BXPC 00000001)
[    0.019419] ACPI: DSDT 0x000000003FFE0040 002D4A (v01 BOCHS  BXPC     00000001 BXPC 00000001)
[    0.020645] ACPI: FACS 0x000000003FFE0000 000040
[    0.021311] ACPI: APIC 0x000000003FFE2DFE 000230 (v03 BOCHS  BXPC     00000001 BXPC 00000001)
[    0.022540] ACPI: HPET 0x000000003FFE302E 000038 (v01 BOCHS  BXPC     00000001 BXPC 00000001)
[    0.023763] ACPI: WAET 0x000000003FFE3066 000028 (v01 BOCHS  BXPC     00000001 BXPC 00000001)
[    0.024985] ACPI: Reserving FACP table memory at [mem 0x3ffe2d8a-0x3ffe2dfd]
[    0.025996] ACPI: Reserving DSDT table memory at [mem 0x3ffe0040-0x3ffe2d89]
[    0.027004] ACPI: Reserving FACS table memory at [mem 0x3ffe0000-0x3ffe003f]
[    0.028010] ACPI: Reserving APIC table memory at [mem 0x3ffe2dfe-0x3ffe302d]
[    0.029016] ACPI: Reserving HPET table memory at [mem 0x3ffe302e-0x3ffe3065]
[    0.030027] ACPI: Reserving WAET table memory at [mem 0x3ffe3066-0x3ffe308d]
[    0.031531] No NUMA configuration found
[    0.032080] Faking a node at [mem 0x0000000000000000-0x000000003ffdffff]
[    0.033041] NODE_DATA(0) allocated [mem 0x3ffdb780-0x3ffdffff]
[    0.034040] Zone ranges:
[    0.034404]   DMA      [mem 0x0000000000001000-0x0000000000ffffff]
[    0.035287]   DMA32    [mem 0x0000000001000000-0x000000003ffdffff]
[    0.036170]   Normal   empty
[    0.036582]   Device   empty
[    0.036994] Movable zone start for each node
[    0.037604] Early memory node ranges
[    0.038116]   node   0: [mem 0x0000000000001000-0x000000000009efff]
[    0.039012]   node   0: [mem 0x0000000000100000-0x000000003ffdffff]
[    0.039907] Initmem setup node 0 [mem 0x0000000000001000-0x000000003ffdffff]
[    0.040921] On node 0, zone DMA: 1 pages in unavailable ranges
[    0.041860] On node 0, zone DMA: 97 pages in unavailable ranges
[    0.051633] On node 0, zone DMA32: 32 pages in unavailable ranges
[    0.085559] kasan: KernelAddressSanitizer initialized
[    0.086840] ACPI: PM-Timer IO Port: 0x608
[    0.087443] ACPI: LAPIC_NMI (acpi_id[0xff] dfl dfl lint[0x1])
[    0.088329] IOAPIC[0]: apic_id 0, version 17, address 0xfec00000, GSI 0-23
[    0.089317] ACPI: INT_SRC_OVR (bus 0 bus_irq 0 global_irq 2 dfl dfl)
[    0.090234] ACPI: INT_SRC_OVR (bus 0 bus_irq 5 global_irq 5 high level)
[    0.091181] ACPI: INT_SRC_OVR (bus 0 bus_irq 9 global_irq 9 high level)
[    0.092127] ACPI: INT_SRC_OVR (bus 0 bus_irq 10 global_irq 10 high level)
[    0.093099] ACPI: INT_SRC_OVR (bus 0 bus_irq 11 global_irq 11 high level)
[    0.094078] ACPI: Using ACPI (MADT) for SMP configuration information
[    0.095000] ACPI: HPET id: 0x8086a201 base: 0xfed00000
[    0.095737] TSC deadline timer available
[    0.096303] CPU topo: Max. logical packages:   1
[    0.096964] CPU topo: Max. logical dies:       1
[    0.097623] CPU topo: Max. dies per package:   1
[    0.098292] CPU topo: Max. threads per core:   1
[    0.098953] CPU topo: Num. cores per package:    56
[    0.099651] CPU topo: Num. threads per package:  56
[    0.100349] CPU topo: Allowing 56 present CPUs plus 0 hotplug CPUs
[    0.101265] kvm-guest: APIC: eoi() replaced with kvm_guest_apic_eoi_write()
[    0.102385] kvm-guest: KVM setup pv remote TLB flush
[    0.103101] kvm-guest: setup PV sched yield
[    0.103710] PM: hibernation: Registered nosave memory: [mem 0x00000000-0x00000fff]
[    0.104796] PM: hibernation: Registered nosave memory: [mem 0x0009f000-0x0009ffff]
[    0.105886] PM: hibernation: Registered nosave memory: [mem 0x000a0000-0x000effff]
[    0.106968] PM: hibernation: Registered nosave memory: [mem 0x000f0000-0x000fffff]
[    0.108052] [mem 0x40000000-0xfeffbfff] available for PCI devices
[    0.108931] Booting paravirtualized kernel on KVM
[    0.109605] clocksource: refined-jiffies: mask: 0xffffffff max_cycles: 0xffffffff, max_idle_ns: 1910969940391419 ns
[    0.132384] setup_percpu: NR_CPUS:64 nr_cpumask_bits:56 nr_cpu_ids:56 nr_node_ids:1
[    0.142885] percpu: Embedded 70 pages/cpu s248792 r8192 d29736 u524288
[    0.144060] Kernel command line: virtme_hostname=virtme-ng nr_open=1048576 virtme_link_mods=/nipa-data/kernel/.virtme_mods/lib/modules/0.0.0 virtme_initmount0=nipa-data/kernel virtme_rw_overlay0=/etc virtme_rw_overlay1=/lib virtme_rw_overlay2=/home virtme_rw_overlay3=/opt virtme_rw_overlay4=/srv virtme_rw_overlay5=/usr virtme_rw_overlay6=/var console=hvc0 earlyprintk=serial,ttyS0,115200 virtme_console=ttyS0 psmouse.proto=exps TERM=xterm virtme_chdir=nipa-data/kernel virtme_root_user=1 rootfstype=9p rootflags=version=9p2000.L,trans=virtio,access=any raid=noautodetect ro init=/usr/lib/python3/dist-packages/virtme/guest/virtme-init
[    0.152435] Unknown kernel command line parameters "virtme_hostname=virtme-ng nr_open=1048576 virtme_link_mods=/nipa-data/kernel/.virtme_mods/lib/modules/0.0.0 virtme_initmount0=nipa-data/kernel virtme_rw_overlay0=/etc virtme_rw_overlay1=/lib virtme_rw_overlay2=/home virtme_rw_overlay3=/opt virtme_rw_overlay4=/srv virtme_rw_overlay5=/usr virtme_rw_overlay6=/var virtme_console=ttyS0 virtme_chdir=nipa-data/kernel virtme_root_user=1", will be passed to user space.
[    0.158367] random: crng init done
[    0.158862] printk: log_buf_len individual max cpu contribution: 4096 bytes
[    0.159872] printk: log_buf_len total cpu_extra contributions: 225280 bytes
[    0.160878] printk: log_buf_len min size: 262144 bytes
[    0.162454] printk: log_buf_len: 524288 bytes
[    0.163110] printk: early log buf free: 253864(96%)
[    0.164274] Dentry cache hash table entries: 131072 (order: 8, 1048576 bytes, linear)
[    0.165484] Inode-cache hash table entries: 65536 (order: 7, 524288 bytes, linear)
[    0.169263] Fallback order for Node 0: 0 
[    0.169279] Built 1 zonelists, mobility grouping on.  Total pages: 262014
[    0.170805] Policy zone: DMA32
[    0.171226] mem auto-init: stack:all(zero), heap alloc:off, heap free:off
[    0.172155] stackdepot: allocating hash table via alloc_large_system_hash
[    0.173089] stackdepot hash table entries: 1048576 (order: 12, 16777216 bytes, linear)
[    0.197720] SLUB: HWalign=64, Order=0-3, MinObjects=0, CPUs=56, Nodes=1
Poking KASLR using RDRAND RDTSC...
[    0.199235] ftrace: allocating 48543 entries in 190 pages
[    0.219409] ftrace: allocated 190 pages with 6 groups
[    0.222062] Dynamic Preempt: voluntary
[    0.224599] rcu: Preemptible hierarchical RCU implementation.
[    0.225393] rcu: RCU event tracing is enabled.
[    0.226021] rcu: RCU restricting CPUs from NR_CPUS=64 to nr_cpu_ids=56.
[    0.226941] Trampoline variant of Tasks RCU enabled.
[    0.227633] Rude variant of Tasks RCU enabled.
[    0.228255] Tracing variant of Tasks RCU enabled.
[    0.228912] rcu: RCU calculated value of scheduler-enlistment delay is 100 jiffies.
[    0.229967] rcu: Adjusting geometry for rcu_fanout_leaf=16, nr_cpu_ids=56
[    0.231200] RCU Tasks: Setting shift to 6 and lim to 1 rcu_task_cb_adjust=1 rcu_task_cpu_ids=56.
[    0.232413] RCU Tasks Rude: Setting shift to 6 and lim to 1 rcu_task_cb_adjust=1 rcu_task_cpu_ids=56.
[    0.233683] RCU Tasks Trace: Setting shift to 6 and lim to 1 rcu_task_cb_adjust=1 rcu_task_cpu_ids=56.
[    0.255260] NR_IRQS: 4352, nr_irqs: 872, preallocated irqs: 16
[    0.256596] rcu: srcu_init: Setting srcu_struct sizes based on contention.
[    0.258019] Console: colour *CGA 80x25
[    0.258641] ACPI: Core revision 20240827
[    0.259542] clocksource: hpet: mask: 0xffffffff max_cycles: 0xffffffff, max_idle_ns: 19112604467 ns
[    0.260936] APIC: Switch to symmetric I/O mode setup
[    0.261712] kvm-guest: APIC: send_IPI_mask() replaced with kvm_send_ipi_mask()
[    0.262764] kvm-guest: APIC: send_IPI_mask_allbutself() replaced with kvm_send_ipi_mask_allbutself()
[    0.264047] kvm-guest: setup PV IPIs
[    0.266206] ..TIMER: vector=0x30 apic1=0 pin1=2 apic2=-1 pin2=-1
[    0.267566] clocksource: tsc-early: mask: 0xffffffffffffffff max_cycles: 0x39a85c9bff6, max_idle_ns: 881590591483 ns
[    0.269806] Calibrating delay loop (skipped) preset value.. 4000.00 BogoMIPS (lpj=2000000)
[    0.271030] x86/cpu: User Mode Instruction Prevention (UMIP) activated
[    0.271941] Last level iTLB entries: 4KB 0, 2MB 0, 4MB 0
[    0.272801] Last level dTLB entries: 4KB 0, 2MB 0, 4MB 0, 1GB 0
[    0.273822] Spectre V1 : Mitigation: usercopy/swapgs barriers and __user pointer sanitization
[    0.274810] Spectre V2 : Spectre BHI mitigation: SW BHB clearing on syscall and VM exit
[    0.275811] Spectre V2 : Mitigation: Enhanced / Automatic IBRS
[    0.276810] Spectre V2 : Spectre v2 / SpectreRSB mitigation: Filling RSB on context switch
[    0.277810] Spectre V2 : Spectre v2 / PBRSB-eIBRS: Retire a single CALL on VMEXIT
[    0.278819] Spectre V2 : mitigation: Enabling conditional Indirect Branch Prediction Barrier
[    0.280815] Speculative Store Bypass: Mitigation: Speculative Store Bypass disabled via prctl
[    0.281811] TAA: Mitigation: TSX disabled
[    0.283873] x86/fpu: Supporting XSAVE feature 0x001: 'x87 floating point registers'
[    0.284811] x86/fpu: Supporting XSAVE feature 0x002: 'SSE registers'
[    0.285811] x86/fpu: Supporting XSAVE feature 0x004: 'AVX registers'
[    0.286810] x86/fpu: Supporting XSAVE feature 0x020: 'AVX-512 opmask'
[    0.287811] x86/fpu: Supporting XSAVE feature 0x040: 'AVX-512 Hi256'
[    0.288810] x86/fpu: Supporting XSAVE feature 0x080: 'AVX-512 ZMM_Hi256'
[    0.289811] x86/fpu: Supporting XSAVE feature 0x200: 'Protection Keys User registers'
[    0.290810] x86/fpu: Supporting XSAVE feature 0x20000: 'AMX Tile config'
[    0.291810] x86/fpu: Supporting XSAVE feature 0x40000: 'AMX Tile data'
[    0.292811] x86/fpu: xstate_offset[2]:  576, xstate_sizes[2]:  256
[    0.293811] x86/fpu: xstate_offset[5]:  832, xstate_sizes[5]:   64
[    0.294811] x86/fpu: xstate_offset[6]:  896, xstate_sizes[6]:  512
[    0.295811] x86/fpu: xstate_offset[7]: 1408, xstate_sizes[7]: 1024
[    0.296811] x86/fpu: xstate_offset[9]: 2432, xstate_sizes[9]:    8
[    0.297811] x86/fpu: xstate_offset[17]: 2496, xstate_sizes[17]:   64
[    0.298811] x86/fpu: xstate_offset[18]: 2560, xstate_sizes[18]: 8192
[    0.299810] x86/fpu: Enabled xstate features 0x602e7, context size is 10752 bytes, using 'compacted' format.
[    0.345152] Freeing SMP alternatives memory: 40K
[    0.345805] pid_max: default: 57344 minimum: 448
[    0.347109] Mount-cache hash table entries: 2048 (order: 2, 16384 bytes, linear)
[    0.347816] Mountpoint-cache hash table entries: 2048 (order: 2, 16384 bytes, linear)
[    0.350409] smpboot: CPU0: Intel(R) Xeon(R) Platinum 8480+ (family: 0x6, model: 0x8f, stepping: 0x6)
[    0.351640] Performance Events: PEBS fmt0-, Sapphire Rapids events, full-width counters, Intel PMU driver.
[    0.351807] ... version:                2
[    0.352605] ... bit width:              48
[    0.352803] ... generic registers:      8
[    0.353596] ... value mask:             0000ffffffffffff
[    0.353803] ... max period:             00007fffffffffff
[    0.354803] ... fixed-purpose events:   3
[    0.355595] ... event mask:             00000007000000ff
[    0.356132] signal: max sigframe size: 11952
[    0.356876] rcu: Hierarchical SRCU implementation.
[    0.357803] rcu: Max phase no-delay instances is 400.
[    0.358915] Timer migration: 2 hierarchy levels; 8 children per group; 2 crossnode level
[    0.362463] smp: Bringing up secondary CPUs ...
[    0.364924] smpboot: x86: Booting SMP configuration:
[    0.365805] .... node  #0, CPUs:        #1  #2  #3  #4  #5  #6  #7  #8  #9 #10 #11 #12 #13 #14 #15 #16 #17 #18 #19 #20 #21 #22 #23 #24 #25 #26 #27 #28 #29 #30 #31 #32 #33 #34 #35 #36 #37 #38 #39 #40 #41 #42 #43 #44 #45 #46 #47 #48 #49 #50 #51 #52 #53 #54 #55
[    0.465552] smp: Brought up 1 node, 56 CPUs
[    0.466638] smpboot: Total of 56 processors activated (224000.00 BogoMIPS)
[    0.487839] Memory: 741960K/1048056K available (45056K kernel code, 11383K rwdata, 10000K rodata, 5996K init, 1808K bss, 280404K reserved, 0K cma-reserved)
[    0.492028] devtmpfs: initialized
[    0.493117] x86/mm: Memory block size: 128MB
[    0.503216] clocksource: jiffies: mask: 0xffffffff max_cycles: 0xffffffff, max_idle_ns: 1911260446275000 ns
[    0.504826] futex hash table entries: 16384 (order: 8, 1048576 bytes, linear)
[    0.507504] PM: RTC time: 00:29:22, date: 2024-10-02
[    0.510981] NET: Registered PF_NETLINK/PF_ROUTE protocol family
[    0.513836] thermal_sys: Registered thermal governor 'step_wise'
[    0.513840] thermal_sys: Registered thermal governor 'user_space'
[    0.514870] cpuidle: using governor menu
[    0.518960] PCI: Using configuration type 1 for base access
[    0.520958] kprobes: kprobe jump-optimization is enabled. All kprobes are optimized if possible.
[    0.526945] HugeTLB: registered 1.00 GiB page size, pre-allocated 0 pages
[    0.528806] HugeTLB: 16380 KiB vmemmap can be freed for a 1.00 GiB page
[    0.530806] HugeTLB: registered 2.00 MiB page size, pre-allocated 0 pages
[    0.531804] HugeTLB: 28 KiB vmemmap can be freed for a 2.00 MiB page
[    0.535367] ACPI: Added _OSI(Module Device)
[    0.536804] ACPI: Added _OSI(Processor Device)
[    0.537713] ACPI: Added _OSI(3.0 _SCP Extensions)
[    0.537803] ACPI: Added _OSI(Processor Aggregator Device)
[    0.567799] ACPI: 1 ACPI AML tables successfully acquired and loaded
[    0.579930] ACPI: Interpreter enabled
[    0.580791] ACPI: PM: (supports S0 S3 S4 S5)
[    0.580804] ACPI: Using IOAPIC for interrupt routing
[    0.581878] PCI: Using host bridge windows from ACPI; if necessary, use "pci=nocrs" and report a bug
[    0.583804] PCI: Using E820 reservations for host bridge windows
[    0.586254] ACPI: Enabled 2 GPEs in block 00 to 0F
[    0.651354] ACPI: PCI Root Bridge [PCI0] (domain 0000 [bus 00-ff])
[    0.652823] acpi PNP0A03:00: _OSC: OS supports [ASPM ClockPM Segments MSI HPX-Type3]
[    0.653805] acpi PNP0A03:00: _OSC: not requesting OS control; OS requires [ExtendedConfig ASPM ClockPM MSI]
[    0.655936] acpi PNP0A03:00: fail to add MMCONFIG information, can't access extended configuration space under this bridge
[    0.659249] PCI host bridge to bus 0000:00
[    0.659865] pci_bus 0000:00: root bus resource [io  0x0000-0x0cf7 window]
[    0.660806] pci_bus 0000:00: root bus resource [io  0x0d00-0xffff window]
[    0.662806] pci_bus 0000:00: root bus resource [mem 0x000a0000-0x000bffff window]
[    0.663806] pci_bus 0000:00: root bus resource [mem 0x40000000-0xfebfffff window]
[    0.665806] pci_bus 0000:00: root bus resource [mem 0x100000000-0x17fffffff window]
[    0.666807] pci_bus 0000:00: root bus resource [bus 00-ff]
[    0.668872] pci 0000:00:00.0: [8086:1237] type 00 class 0x060000 conventional PCI endpoint
[    0.671047] pci 0000:00:01.0: [8086:7000] type 00 class 0x060100 conventional PCI endpoint
[    0.674207] pci 0000:00:01.1: [8086:7010] type 00 class 0x010180 conventional PCI endpoint
[    0.679806] pci 0000:00:01.1: BAR 4 [io  0xc0c0-0xc0cf]
[    0.682156] pci 0000:00:01.1: BAR 0 [io  0x01f0-0x01f7]: legacy IDE quirk
[    0.682804] pci 0000:00:01.1: BAR 1 [io  0x03f6]: legacy IDE quirk
[    0.684803] pci 0000:00:01.1: BAR 2 [io  0x0170-0x0177]: legacy IDE quirk
[    0.685803] pci 0000:00:01.1: BAR 3 [io  0x0376]: legacy IDE quirk
[    0.688788] pci 0000:00:01.3: [8086:7113] type 00 class 0x068000 conventional PCI endpoint
[    0.691417] pci 0000:00:01.3: quirk: [io  0x0600-0x063f] claimed by PIIX4 ACPI
[    0.692814] pci 0000:00:01.3: quirk: [io  0x0700-0x070f] claimed by PIIX4 SMB
[    0.695832] pci 0000:00:02.0: [1af4:1009] type 00 class 0x000200 conventional PCI endpoint
[    0.698816] pci 0000:00:02.0: BAR 0 [io  0xc000-0xc03f]
[    0.701807] pci 0000:00:02.0: BAR 1 [mem 0xfebfc000-0xfebfcfff]
[    0.707807] pci 0000:00:02.0: BAR 4 [mem 0xfebf0000-0xfebf3fff 64bit pref]
[    0.724880] pci 0000:00:03.0: [1af4:1009] type 00 class 0x000200 conventional PCI endpoint
[    0.727748] pci 0000:00:03.0: BAR 0 [io  0xc040-0xc07f]
[    0.729665] pci 0000:00:03.0: BAR 1 [mem 0xfebfd000-0xfebfdfff]
[    0.734810] pci 0000:00:03.0: BAR 4 [mem 0xfebf4000-0xfebf7fff 64bit pref]
[    0.749477] pci 0000:00:04.0: [8086:25ab] type 00 class 0x088000 conventional PCI endpoint
[    0.751214] pci 0000:00:04.0: BAR 0 [mem 0xfebfe000-0xfebfe00f]
[    0.765380] pci 0000:00:05.0: [1af4:1003] type 00 class 0x078000 conventional PCI endpoint
[    0.767692] pci 0000:00:05.0: BAR 0 [io  0xc080-0xc0bf]
[    0.768686] pci 0000:00:05.0: BAR 1 [mem 0xfebff000-0xfebfffff]
[    0.772808] pci 0000:00:05.0: BAR 4 [mem 0xfebf8000-0xfebfbfff 64bit pref]
[    0.788378] ACPI: PCI: Interrupt link LNKA configured for IRQ 10
[    0.790904] ACPI: PCI: Interrupt link LNKB configured for IRQ 10
[    0.792861] ACPI: PCI: Interrupt link LNKC configured for IRQ 11
[    0.794848] ACPI: PCI: Interrupt link LNKD configured for IRQ 11
[    0.796247] ACPI: PCI: Interrupt link LNKS configured for IRQ 9
[    0.830248] iommu: Default domain type: Translated
[    0.830803] iommu: DMA domain TLB invalidation policy: lazy mode
[    0.832382] SCSI subsystem initialized
[    0.834083] pps_core: LinuxPPS API ver. 1 registered
[    0.834806] pps_core: Software ver. 5.3.6 - Copyright 2005-2007 Rodolfo Giometti <giometti@linux.it>
[    0.836821] PTP clock support registered
[    0.838950] Advanced Linux Sound Architecture Driver Initialized.
[    0.841604] NET: Registered PF_ATMPVC protocol family
[    0.842804] NET: Registered PF_ATMSVC protocol family
[    0.843832] PCI: Using ACPI for IRQ routing
[    0.844940] vgaarb: loaded
[    0.846016] hpet0: at MMIO 0xfed00000, IRQs 2, 8, 0
[    0.846803] hpet0: 3 comparators, 64-bit 100.000000 MHz counter
[    0.854516] clocksource: Switched to clocksource kvm-clock
[    0.855732] VFS: Disk quotas dquot_6.6.0
[    0.856603] VFS: Dquot-cache hash table entries: 512 (order 0, 4096 bytes)
[    0.861703] pnp: PnP ACPI init
[    0.865339] pnp: PnP ACPI: found 5 devices
[    0.893525] clocksource: acpi_pm: mask: 0xffffff max_cycles: 0xffffff, max_idle_ns: 2085701024 ns
[    0.895483] NET: Registered PF_INET protocol family
[    0.896605] IP idents hash table entries: 16384 (order: 5, 131072 bytes, linear)
[    0.898884] tcp_listen_portaddr_hash hash table entries: 512 (order: 1, 8192 bytes, linear)
[    0.900605] Table-perturb hash table entries: 65536 (order: 6, 262144 bytes, linear)
[    0.902203] TCP established hash table entries: 8192 (order: 4, 65536 bytes, linear)
[    0.903785] TCP bind hash table entries: 8192 (order: 6, 262144 bytes, linear)
[    0.905286] TCP: Hash tables configured (established 8192 bind 8192)
[    0.906903] UDP hash table entries: 512 (order: 2, 16384 bytes, linear)
[    0.908256] UDP-Lite hash table entries: 512 (order: 2, 16384 bytes, linear)
[    0.910097] NET: Registered PF_UNIX/PF_LOCAL protocol family
[    0.911284] pci_bus 0000:00: resource 4 [io  0x0000-0x0cf7 window]
[    0.912544] pci_bus 0000:00: resource 5 [io  0x0d00-0xffff window]
[    0.913791] pci_bus 0000:00: resource 6 [mem 0x000a0000-0x000bffff window]
[    0.915177] pci_bus 0000:00: resource 7 [mem 0x40000000-0xfebfffff window]
[    0.916564] pci_bus 0000:00: resource 8 [mem 0x100000000-0x17fffffff window]
[    0.918202] pci 0000:00:01.0: PIIX3: Enabling Passive Release
[    0.919382] pci 0000:00:00.0: Limiting direct PCI/PCI transfers
[    0.920682] PCI: CLS 0 bytes, default 64
[    0.940118] RAPL PMU: API unit is 2^-32 Joules, 1 fixed counters, 10737418240 ms ovfl timer
[    0.942005] RAPL PMU: hw unit of domain psys 2^-0 Joules
[    1.274244] kwatchdog (376) used greatest stack depth: 30016 bytes left
[    1.552884] kvm_amd: CPU 4 isn't AMD or Hygon
[    1.553981] clocksource: tsc: mask: 0xffffffffffffffff max_cycles: 0x39a85c9bff6, max_idle_ns: 881590591483 ns
[    1.716416] Initialise system trusted keyrings
[    1.718105] workingset: timestamp_bits=56 max_order=18 bucket_order=0
[    1.719609] squashfs: version 4.0 (2009/01/31) Phillip Lougher
[    1.720836] fuse: init (API version 7.41)
[    1.722131] 9p: Installing v9fs 9p2000 file system support
[    1.742117] Key type asymmetric registered
[    1.742950] Asymmetric key parser 'x509' registered
[    1.744002] Block layer SCSI generic (bsg) driver version 0.4 loaded (major 249)
[    1.745529] io scheduler mq-deadline registered
[    1.746452] io scheduler kyber registered
[    1.764691] input: Power Button as /devices/LNXSYSTM:00/LNXPWRBN:00/input/input0
[    1.766967] ACPI: button: Power Button [PWRF]
[    1.771331] Warning: Processor Platform Limit event detected, but not handled.
[    1.774475] Consider compiling CPUfreq support into your kernel.
[    2.682314] ACPI: \_SB_.LNKB: Enabled at IRQ 10
[    3.553461] ACPI: \_SB_.LNKC: Enabled at IRQ 11
[    4.425036] ACPI: \_SB_.LNKA: Enabled at IRQ 10
[    4.427914] Serial: 8250/16550 driver, 4 ports, IRQ sharing enabled
[    4.429684] 00:03: ttyS0 at I/O 0x3f8 (irq = 4, base_baud = 115200) is a 16550A
[    4.464270] Non-volatile memory driver v1.3
[    4.465197] Linux agpgart interface v0.103
[    4.467263] ACPI: bus type drm_connector registered
[    4.474920] printk: legacy console [hvc0] enabled
[    4.476129] printk: legacy bootconsole [earlyser0] disabled
          _      _                                    
   __   _(_)_ __| |_ _ __ ___   ___       _ __   __ _ 
   \ \ / / |  __| __|  _   _ \ / _ \_____|  _ \ / _  |
    \ V /| | |  | |_| | | | | |  __/_____| | | | (_| |
     \_/ |_|_|   \__|_| |_| |_|\___|     |_| |_|\__  |
                                                |___/ 
   kernel version: 6.11.0-virtme x86_64
   (CTRL+d to exit)

root@virtme-ng:/nipa-data/kernel# PS1='xx__-> '
xx__-> env
PWD=/nipa-data/kernel
nr_open=1048576
HOME=/
TERM=xterm
SHLVL=2
XDG_RUNTIME_DIR=/run/user/0
PATH=/bin:/sbin:/usr/bin:/usr/sbin:/usr/local/bin
OLDPWD=/
_=/bin/env
xx__-> 