No EFI environment detected.
early console in extract_kernel
input_data: 0x00000000029ba2c4
input_len: 0x0000000000bbdc93
output: 0x0000000001000000
output_len: 0x0000000002531ec8
kernel_total_size: 0x0000000002430000
needed_size: 0x0000000002600000
trampoline_32bit: 0x0000000000000000
Physical KASLR using RDRAND RDTSC...
Virtual KASLR using RDRAND RDTSC...

Decompressing Linux... Parsing ELF... Performing relocations... done.
Booting the kernel (entry_offset: 0x0000000000fb4140).
[    0.000000] Linux version 6.15.0-rc3-virtme (root@6d28722e3c8b) (gcc (Ubuntu 13.3.0-6ubuntu2~24.04) 13.3.0, GNU ld (GNU Binutils for Ubuntu) 2.42) #1 SMP PREEMPT_DYNAMIC Sun Apr 27 15:06:56 UTC 2025
[    0.000000] Command line: virtme_hostname=virtme-ng nr_open=1048576 virtme_link_mods=/nipa-data/kernel/.virtme_mods/lib/modules/0.0.0 virtme_initmount0=nipa-data/kernel virtme_rw_overlay0=/etc virtme_rw_overlay1=/lib virtme_rw_overlay2=/home virtme_rw_overlay3=/opt virtme_rw_overlay4=/srv virtme_rw_overlay5=/usr virtme_rw_overlay6=/var console=hvc0 earlyprintk=serial,ttyS0,115200 virtme_console=ttyS0 psmouse.proto=exps TERM=xterm virtme_chdir=nipa-data/kernel virtme_root_user=1 rootfstype=9p rootflags=version=9p2000.L,trans=virtio,access=any raid=noautodetect ro init=/usr/lib/python3/dist-packages/virtme/guest/virtme-init
[    0.000000] BIOS-provided physical RAM map:
[    0.000000] BIOS-e820: [mem 0x0000000000000000-0x000000000009fbff] usable
[    0.000000] BIOS-e820: [mem 0x000000000009fc00-0x000000000009ffff] reserved
[    0.000000] BIOS-e820: [mem 0x00000000000f0000-0x00000000000fffff] reserved
[    0.000000] BIOS-e820: [mem 0x0000000000100000-0x000000003ffdffff] usable
[    0.000000] BIOS-e820: [mem 0x000000003ffe0000-0x000000003fffffff] reserved
[    0.000000] BIOS-e820: [mem 0x00000000feffc000-0x00000000feffffff] reserved
[    0.000000] BIOS-e820: [mem 0x00000000fffc0000-0x00000000ffffffff] reserved
[    0.000000] BIOS-e820: [mem 0x000000fd00000000-0x000000ffffffffff] reserved
[    0.000000] printk: legacy bootconsole [earlyser0] enabled
[    0.000000] NX (Execute Disable) protection: active
[    0.000000] APIC: Static calls initialized
[    0.000000] SMBIOS 3.0.0 present.
[    0.000000] DMI: QEMU Ubuntu 24.04 PC (i440FX + PIIX, 1996), BIOS 1.16.3-debian-1.16.3-2 04/01/2014
[    0.000000] DMI: Memory slots populated: 1/1
[    0.000000] Hypervisor detected: KVM
[    0.000000] kvm-clock: Using msrs 4b564d01 and 4b564d00
[    0.000000] kvm-clock: using sched offset of 196115216 cycles
[    0.000343] clocksource: kvm-clock: mask: 0xffffffffffffffff max_cycles: 0x1cd42e4dffb, max_idle_ns: 881590591483 ns
[    0.001407] tsc: Detected 4491.524 MHz processor
[    0.001954] last_pfn = 0x3ffe0 max_arch_pfn = 0x400000000
[    0.002330] MTRR map: 4 entries (3 fixed + 1 variable; max 19), built from 8 variable MTRRs
[    0.002879] x86/PAT: Configuration [0-7]: WB  WC  UC- UC  WB  WP  UC- WT  
Memory KASLR using RDRAND RDTSC...
[    0.004759] found SMP MP-table at [mem 0x000f5470-0x000f547f]
[    0.005138] Using GB pages for direct mapping
[    0.005470] ACPI: Early table checksum verification disabled
[    0.005842] ACPI: RSDP 0x00000000000F5290 000014 (v00 BOCHS )
[    0.006220] ACPI: RSDT 0x000000003FFE27BC 000034 (v01 BOCHS  BXPC     00000001 BXPC 00000001)
[    0.006781] ACPI: FACP 0x000000003FFE2578 000074 (v01 BOCHS  BXPC     00000001 BXPC 00000001)
[    0.007346] ACPI: DSDT 0x000000003FFE0040 002538 (v01 BOCHS  BXPC     00000001 BXPC 00000001)
[    0.007906] ACPI: FACS 0x000000003FFE0000 000040
[    0.008209] ACPI: APIC 0x000000003FFE25EC 000170 (v03 BOCHS  BXPC     00000001 BXPC 00000001)
[    0.008769] ACPI: HPET 0x000000003FFE275C 000038 (v01 BOCHS  BXPC     00000001 BXPC 00000001)
[    0.009328] ACPI: WAET 0x000000003FFE2794 000028 (v01 BOCHS  BXPC     00000001 BXPC 00000001)
[    0.009887] ACPI: Reserving FACP table memory at [mem 0x3ffe2578-0x3ffe25eb]
[    0.010348] ACPI: Reserving DSDT table memory at [mem 0x3ffe0040-0x3ffe2577]
[    0.010810] ACPI: Reserving FACS table memory at [mem 0x3ffe0000-0x3ffe003f]
[    0.011273] ACPI: Reserving APIC table memory at [mem 0x3ffe25ec-0x3ffe275b]
[    0.011735] ACPI: Reserving HPET table memory at [mem 0x3ffe275c-0x3ffe2793]
[    0.012196] ACPI: Reserving WAET table memory at [mem 0x3ffe2794-0x3ffe27bb]
[    0.012781] No NUMA configuration found
[    0.013032] Faking a node at [mem 0x0000000000000000-0x000000003ffdffff]
[    0.013473] NODE_DATA(0) allocated [mem 0x3ffdb600-0x3ffdffff]
[    0.013863] Zone ranges:
[    0.014029]   DMA      [mem 0x0000000000001000-0x0000000000ffffff]
[    0.014434]   DMA32    [mem 0x0000000001000000-0x000000003ffdffff]
[    0.014839]   Normal   empty
[    0.015030]   Device   empty
[    0.015222] Movable zone start for each node
[    0.015500] Early memory node ranges
[    0.015732]   node   0: [mem 0x0000000000001000-0x000000000009efff]
[    0.016146]   node   0: [mem 0x0000000000100000-0x000000003ffdffff]
[    0.016556] Initmem setup node 0 [mem 0x0000000000001000-0x000000003ffdffff]
[    0.017019] On node 0, zone DMA: 1 pages in unavailable ranges
[    0.017408] On node 0, zone DMA: 97 pages in unavailable ranges
[    0.018718] On node 0, zone DMA32: 32 pages in unavailable ranges
[    0.019292] ACPI: PM-Timer IO Port: 0x608
[    0.019559] ACPI: LAPIC_NMI (acpi_id[0xff] dfl dfl lint[0x1])
[    0.019948] IOAPIC[0]: apic_id 0, version 17, address 0xfec00000, GSI 0-23
[    0.020402] ACPI: INT_SRC_OVR (bus 0 bus_irq 0 global_irq 2 dfl dfl)
[    0.020819] ACPI: INT_SRC_OVR (bus 0 bus_irq 5 global_irq 5 high level)
[    0.021252] ACPI: INT_SRC_OVR (bus 0 bus_irq 9 global_irq 9 high level)
[    0.021686] ACPI: INT_SRC_OVR (bus 0 bus_irq 10 global_irq 10 high level)
[    0.022135] ACPI: INT_SRC_OVR (bus 0 bus_irq 11 global_irq 11 high level)
[    0.022579] ACPI: Using ACPI (MADT) for SMP configuration information
[    0.023001] ACPI: HPET id: 0x8086a201 base: 0xfed00000
[    0.023337] TSC deadline timer available
[    0.023594] CPU topo: Max. logical packages:   1
[    0.023895] CPU topo: Max. logical dies:       1
[    0.024196] CPU topo: Max. dies per package:   1
[    0.024498] CPU topo: Max. threads per core:   1
[    0.024799] CPU topo: Num. cores per package:    32
[    0.025117] CPU topo: Num. threads per package:  32
[    0.025434] CPU topo: Allowing 32 present CPUs plus 0 hotplug CPUs
[    0.025844] kvm-guest: APIC: eoi() replaced with kvm_guest_apic_eoi_write()
[    0.026303] kvm-guest: KVM setup pv remote TLB flush
[    0.026629] kvm-guest: setup PV sched yield
[    0.026904] PM: hibernation: Registered nosave memory: [mem 0x00000000-0x00000fff]
[    0.027400] PM: hibernation: Registered nosave memory: [mem 0x0009f000-0x000fffff]
[    0.027893] [mem 0x40000000-0xfeffbfff] available for PCI devices
[    0.028291] Booting paravirtualized kernel on KVM
[    0.028598] clocksource: refined-jiffies: mask: 0xffffffff max_cycles: 0xffffffff, max_idle_ns: 1910969940391419 ns
[    0.031914] setup_percpu: NR_CPUS:64 nr_cpumask_bits:32 nr_cpu_ids:32 nr_node_ids:1
[    0.032972] percpu: Embedded 53 pages/cpu s178392 r8192 d30504 u262144
[    0.033429] Kernel command line: virtme_hostname=virtme-ng nr_open=1048576 virtme_link_mods=/nipa-data/kernel/.virtme_mods/lib/modules/0.0.0 virtme_initmount0=nipa-data/kernel virtme_rw_overlay0=/etc virtme_rw_overlay1=/lib virtme_rw_overlay2=/home virtme_rw_overlay3=/opt virtme_rw_overlay4=/srv virtme_rw_overlay5=/usr virtme_rw_overlay6=/var console=hvc0 earlyprintk=serial,ttyS0,115200 virtme_console=ttyS0 psmouse.proto=exps TERM=xterm virtme_chdir=nipa-data/kernel virtme_root_user=1 rootfstype=9p rootflags=version=9p2000.L,trans=virtio,access=any raid=noautodetect ro init=/usr/lib/python3/dist-packages/virtme/guest/virtme-init
[    0.037233] Unknown kernel command line parameters "virtme_hostname=virtme-ng nr_open=1048576 virtme_link_mods=/nipa-data/kernel/.virtme_mods/lib/modules/0.0.0 virtme_initmount0=nipa-data/kernel virtme_rw_overlay0=/etc virtme_rw_overlay1=/lib virtme_rw_overlay2=/home virtme_rw_overlay3=/opt virtme_rw_overlay4=/srv virtme_rw_overlay5=/usr virtme_rw_overlay6=/var virtme_console=ttyS0 virtme_chdir=nipa-data/kernel virtme_root_user=1", will be passed to user space.
[    0.040157] random: crng init done
[    0.040385] printk: log buffer data + meta data: 262144 + 917504 = 1179648 bytes
[    0.040908] Dentry cache hash table entries: 131072 (order: 8, 1048576 bytes, linear)
[    0.041449] Inode-cache hash table entries: 65536 (order: 7, 524288 bytes, linear)
[    0.042038] Fallback order for Node 0: 0 
[    0.042040] Built 1 zonelists, mobility grouping on.  Total pages: 262014
[    0.042765] Policy zone: DMA32
[    0.042971] mem auto-init: stack:all(zero), heap alloc:off, heap free:off
[    0.043941] SLUB: HWalign=64, Order=0-3, MinObjects=0, CPUs=32, Nodes=1
Poking KASLR using RDRAND RDTSC...
[    0.050944] ftrace: allocating 48755 entries in 192 pages
[    0.051304] ftrace: allocated 192 pages with 2 groups
[    0.052194] Dynamic Preempt: voluntary
[    0.052565] rcu: Preemptible hierarchical RCU implementation.
[    0.052948] rcu: RCU event tracing is enabled.
[    0.053254] rcu: RCU restricting CPUs from NR_CPUS=64 to nr_cpu_ids=32.
[    0.053702] Trampoline variant of Tasks RCU enabled.
[    0.054038] Rude variant of Tasks RCU enabled.
[    0.054340] Tracing variant of Tasks RCU enabled.
[    0.054659] rcu: RCU calculated value of scheduler-enlistment delay is 100 jiffies.
[    0.055173] rcu: Adjusting geometry for rcu_fanout_leaf=16, nr_cpu_ids=32
[    0.055631] RCU Tasks: Setting shift to 5 and lim to 1 rcu_task_cb_adjust=1 rcu_task_cpu_ids=32.
[    0.056218] RCU Tasks Rude: Setting shift to 5 and lim to 1 rcu_task_cb_adjust=1 rcu_task_cpu_ids=32.
[    0.056834] RCU Tasks Trace: Setting shift to 5 and lim to 1 rcu_task_cb_adjust=1 rcu_task_cpu_ids=32.
[    0.059120] NR_IRQS: 4352, nr_irqs: 680, preallocated irqs: 16
[    0.059674] rcu: srcu_init: Setting srcu_struct sizes based on contention.
[    0.060263] Console: colour *CGA 80x25
[    0.060518] ACPI: Core revision 20240827
[    0.060838] clocksource: hpet: mask: 0xffffffff max_cycles: 0xffffffff, max_idle_ns: 19112604467 ns
[    0.061490] APIC: Switch to symmetric I/O mode setup
[    0.061956] x2apic enabled
[    0.062300] APIC: Switched APIC routing to: physical x2apic
[    0.062676] kvm-guest: APIC: send_IPI_mask() replaced with kvm_send_ipi_mask()
[    0.063161] kvm-guest: APIC: send_IPI_mask_allbutself() replaced with kvm_send_ipi_mask_allbutself()
[    0.063761] kvm-guest: setup PV IPIs
[    0.064701] ..TIMER: vector=0x30 apic1=0 pin1=2 apic2=-1 pin2=-1
[    0.065418] clocksource: tsc-early: mask: 0xffffffffffffffff max_cycles: 0x40be215b5d9, max_idle_ns: 440795359804 ns
[    0.066698] Calibrating delay loop (skipped) preset value.. 8983.04 BogoMIPS (lpj=4491524)
[    0.067756] x86/cpu: User Mode Instruction Prevention (UMIP) activated
[    0.068742] Last level iTLB entries: 4KB 512, 2MB 255, 4MB 127
[    0.069426] Last level dTLB entries: 4KB 512, 2MB 255, 4MB 127, 1GB 0
[    0.069700] Spectre V1 : Mitigation: usercopy/swapgs barriers and __user pointer sanitization
[    0.070700] Spectre V2 : Mitigation: Enhanced / Automatic IBRS
[    0.071698] Spectre V2 : mitigation: Enabling conditional Indirect Branch Prediction Barrier
[    0.072698] Speculative Store Bypass: Mitigation: Speculative Store Bypass disabled via prctl
[    0.073696] Speculative Return Stack Overflow: IBPB-extending microcode not applied!
[    0.074696] Speculative Return Stack Overflow: WARNING: See https://kernel.org/doc/html/latest/admin-guide/hw-vuln/srso.html for mitigation options.
[    0.074697] Speculative Return Stack Overflow: Vulnerable: Safe RET, no microcode
[    0.076710] x86/fpu: Supporting XSAVE feature 0x001: 'x87 floating point registers'
[    0.077696] x86/fpu: Supporting XSAVE feature 0x002: 'SSE registers'
[    0.078696] x86/fpu: Supporting XSAVE feature 0x004: 'AVX registers'
[    0.079696] x86/fpu: Supporting XSAVE feature 0x020: 'AVX-512 opmask'
[    0.080437] x86/fpu: Supporting XSAVE feature 0x040: 'AVX-512 Hi256'
[    0.080696] x86/fpu: Supporting XSAVE feature 0x080: 'AVX-512 ZMM_Hi256'
[    0.081696] x86/fpu: Supporting XSAVE feature 0x200: 'Protection Keys User registers'
[    0.082697] x86/fpu: xstate_offset[2]:  576, xstate_sizes[2]:  256
[    0.083696] x86/fpu: xstate_offset[5]:  832, xstate_sizes[5]:   64
[    0.084406] x86/fpu: xstate_offset[6]:  896, xstate_sizes[6]:  512
[    0.084696] x86/fpu: xstate_offset[7]: 1408, xstate_sizes[7]: 1024
[    0.085696] x86/fpu: xstate_offset[9]: 2432, xstate_sizes[9]:    8
[    0.086405] x86/fpu: Enabled xstate features 0x2e7, context size is 2440 bytes, using 'compacted' format.
[    0.100163] Freeing SMP alternatives memory: 44K
[    0.100696] pid_max: default: 32768 minimum: 301
[    0.100715] Mount-cache hash table entries: 2048 (order: 2, 16384 bytes, linear)
[    0.101698] Mountpoint-cache hash table entries: 2048 (order: 2, 16384 bytes, linear)
[    0.102829] smpboot: CPU0: AMD Ryzen 9 7950X 16-Core Processor (family: 0x19, model: 0x61, stepping: 0x2)
[    0.103798] Performance Events: Fam17h+ core perfctr, AMD PMU driver.
[    0.104559] ... version:                0
[    0.104698] ... bit width:              48
[    0.105176] ... generic registers:      6
[    0.105640] ... value mask:             0000ffffffffffff
[    0.105698] ... max period:             00007fffffffffff
[    0.106311] ... fixed-purpose events:   0
[    0.106698] ... event mask:             000000000000003f
[    0.107382] signal: max sigframe size: 3376
[    0.107712] rcu: Hierarchical SRCU implementation.
[    0.108266] rcu: Max phase no-delay instances is 400.
[    0.108721] Timer migration: 2 hierarchy levels; 8 children per group; 2 crossnode level
[    0.111692] smp: Bringing up secondary CPUs ...
[    0.111750] smpboot: x86: Booting SMP configuration:
[    0.112321] .... node  #0, CPUs:        #1  #2  #3  #4  #5  #6  #7  #8  #9 #10 #11 #12 #13 #14 #15 #16 #17 #18 #19 #20 #21 #22 #23 #24 #25 #26 #27 #28 #29 #30 #31
[    0.132790] smp: Brought up 1 node, 32 CPUs
[    0.134194] smpboot: Total of 32 processors activated (287457.53 BogoMIPS)
[    0.135832] Memory: 971004K/1048056K available (16081K kernel code, 2477K rwdata, 6428K rodata, 3200K init, 1680K bss, 62532K reserved, 0K cma-reserved)
[    0.136813] devtmpfs: initialized
[    0.137120] x86/mm: Memory block size: 128MB
[    0.138389] clocksource: jiffies: mask: 0xffffffff max_cycles: 0xffffffff, max_idle_ns: 1911260446275000 ns
[    0.138699] posixtimers hash table entries: 16384 (order: 6, 262144 bytes, linear)
[    0.139601] futex hash table entries: 8192 (order: 7, 524288 bytes, linear)
[    0.139776] PM: RTC time: 15:07:12, date: 2025-04-27
[    0.140660] NET: Registered PF_NETLINK/PF_ROUTE protocol family
[    0.140830] thermal_sys: Registered thermal governor 'step_wise'
[    0.140839] cpuidle: using governor menu
[    0.142065] PCI: Using configuration type 1 for base access
[    0.142698] PCI: Using configuration type 1 for extended access
[    0.143459] kprobes: kprobe jump-optimization is enabled. All kprobes are optimized if possible.
[    0.143722] HugeTLB: allocation took 0ms with hugepage_allocation_threads=8
[    0.144563] HugeTLB: registered 1.00 GiB page size, pre-allocated 0 pages
[    0.144699] HugeTLB: 16380 KiB vmemmap can be freed for a 1.00 GiB page
[    0.145482] HugeTLB: registered 2.00 MiB page size, pre-allocated 0 pages
[    0.145698] HugeTLB: 28 KiB vmemmap can be freed for a 2.00 MiB page
[    0.146512] ACPI: Added _OSI(Module Device)
[    0.146699] ACPI: Added _OSI(Processor Device)
[    0.147228] ACPI: Added _OSI(3.0 _SCP Extensions)
[    0.147698] ACPI: Added _OSI(Processor Aggregator Device)
[    0.148983] ACPI: 1 ACPI AML tables successfully acquired and loaded
[    0.150092] ACPI: Interpreter enabled
[    0.150706] ACPI: PM: (supports S0 S3 S4 S5)
[    0.151210] ACPI: Using IOAPIC for interrupt routing
[    0.151705] PCI: Using host bridge windows from ACPI; if necessary, use "pci=nocrs" and report a bug
[    0.152698] PCI: Using E820 reservations for host bridge windows
[    0.153494] ACPI: Enabled 2 GPEs in block 00 to 0F
[    0.156254] ACPI: PCI Root Bridge [PCI0] (domain 0000 [bus 00-ff])
[    0.156700] acpi PNP0A03:00: _OSC: OS supports [ExtendedConfig ASPM ClockPM Segments MSI HPX-Type3]
[    0.157784] PCI host bridge to bus 0000:00
[    0.158269] pci_bus 0000:00: root bus resource [io  0x0000-0x0cf7 window]
[    0.158698] pci_bus 0000:00: root bus resource [io  0x0d00-0xffff window]
[    0.159501] pci_bus 0000:00: root bus resource [mem 0x000a0000-0x000bffff window]
[    0.159698] pci_bus 0000:00: root bus resource [mem 0x40000000-0xfebfffff window]
[    0.160584] pci_bus 0000:00: root bus resource [mem 0x100000000-0x17fffffff window]
[    0.160698] pci_bus 0000:00: root bus resource [bus 00-ff]
[    0.161427] pci 0000:00:00.0: [8086:1237] type 00 class 0x060000 conventional PCI endpoint
[    0.161943] pci 0000:00:01.0: [8086:7000] type 00 class 0x060100 conventional PCI endpoint
[    0.162954] pci 0000:00:01.1: [8086:7010] type 00 class 0x010180 conventional PCI endpoint
[    0.164071] pci 0000:00:01.1: BAR 4 [io  0xc0c0-0xc0cf]
[    0.164698] pci 0000:00:01.1: BAR 0 [io  0x01f0-0x01f7]: legacy IDE quirk
[    0.165500] pci 0000:00:01.1: BAR 1 [io  0x03f6]: legacy IDE quirk
[    0.165698] pci 0000:00:01.1: BAR 2 [io  0x0170-0x0177]: legacy IDE quirk
[    0.166500] pci 0000:00:01.1: BAR 3 [io  0x0376]: legacy IDE quirk
[    0.166781] pci 0000:00:01.3: [8086:7113] type 00 class 0x068000 conventional PCI endpoint
[    0.167876] pci 0000:00:01.3: quirk: [io  0x0600-0x063f] claimed by PIIX4 ACPI
[    0.168702] pci 0000:00:01.3: quirk: [io  0x0700-0x070f] claimed by PIIX4 SMB
[    0.169696] pci 0000:00:02.0: [1af4:1009] type 00 class 0x000200 conventional PCI endpoint
[    0.170516] pci 0000:00:02.0: BAR 0 [io  0xc000-0xc03f]
[    0.170702] pci 0000:00:02.0: BAR 1 [mem 0xfebfc000-0xfebfcfff]
[    0.171418] pci 0000:00:02.0: BAR 4 [mem 0xfebf0000-0xfebf3fff 64bit pref]
[    0.172243] pci 0000:00:03.0: [1af4:1009] type 00 class 0x000200 conventional PCI endpoint
[    0.173163] pci 0000:00:03.0: BAR 0 [io  0xc040-0xc07f]
[    0.173702] pci 0000:00:03.0: BAR 1 [mem 0xfebfd000-0xfebfdfff]
[    0.174421] pci 0000:00:03.0: BAR 4 [mem 0xfebf4000-0xfebf7fff 64bit pref]
[    0.175189] pci 0000:00:04.0: [8086:25ab] type 00 class 0x088000 conventional PCI endpoint
[    0.176044] pci 0000:00:04.0: BAR 0 [mem 0xfebfe000-0xfebfe00f]
[    0.177082] pci 0000:00:05.0: [1af4:1003] type 00 class 0x078000 conventional PCI endpoint
[    0.178411] pci 0000:00:05.0: BAR 0 [io  0xc080-0xc0bf]
[    0.178702] pci 0000:00:05.0: BAR 1 [mem 0xfebff000-0xfebfffff]
[    0.179419] pci 0000:00:05.0: BAR 4 [mem 0xfebf8000-0xfebfbfff 64bit pref]
[    0.180469] ACPI: PCI: Interrupt link LNKA configured for IRQ 10
[    0.180801] ACPI: PCI: Interrupt link LNKB configured for IRQ 10
[    0.181609] ACPI: PCI: Interrupt link LNKC configured for IRQ 11
[    0.181790] ACPI: PCI: Interrupt link LNKD configured for IRQ 11
[    0.182561] ACPI: PCI: Interrupt link LNKS configured for IRQ 9
[    0.183484] iommu: Default domain type: Translated
[    0.183698] iommu: DMA domain TLB invalidation policy: lazy mode
[    0.184447] SCSI subsystem initialized
[    0.184726] pps_core: LinuxPPS API ver. 1 registered
[    0.185317] pps_core: Software ver. 5.3.6 - Copyright 2005-2007 Rodolfo Giometti <giometti@linux.it>
[    0.185700] PTP clock support registered
[    0.186182] Advanced Linux Sound Architecture Driver Initialized.
[    0.186937] NET: Registered PF_ATMPVC protocol family
[    0.187556] NET: Registered PF_ATMSVC protocol family
[    0.187704] PCI: Using ACPI for IRQ routing
[    0.188274] vgaarb: loaded
[    0.188274] hpet0: at MMIO 0xfed00000, IRQs 2, 8, 0
[    0.188698] hpet0: 3 comparators, 64-bit 100.000000 MHz counter
[    0.191771] clocksource: Switched to clocksource kvm-clock
[    0.192593] VFS: Disk quotas dquot_6.6.0
[    0.192998] VFS: Dquot-cache hash table entries: 512 (order 0, 4096 bytes)
[    0.194358] pnp: PnP ACPI init
[    0.194908] pnp: PnP ACPI: found 5 devices
[    0.201365] clocksource: acpi_pm: mask: 0xffffff max_cycles: 0xffffff, max_idle_ns: 2085701024 ns
[    0.202430] NET: Registered PF_INET protocol family
[    0.203028] IP idents hash table entries: 16384 (order: 5, 131072 bytes, linear)
[    0.204042] tcp_listen_portaddr_hash hash table entries: 512 (order: 1, 8192 bytes, linear)
[    0.205038] Table-perturb hash table entries: 65536 (order: 6, 262144 bytes, linear)
[    0.205962] TCP established hash table entries: 8192 (order: 4, 65536 bytes, linear)
[    0.206883] TCP bind hash table entries: 8192 (order: 6, 262144 bytes, linear)
[    0.207750] TCP: Hash tables configured (established 8192 bind 8192)
[    0.208514] UDP hash table entries: 512 (order: 3, 32768 bytes, linear)
[    0.209300] UDP-Lite hash table entries: 512 (order: 3, 32768 bytes, linear)
[    0.210159] NET: Registered PF_UNIX/PF_LOCAL protocol family
[    0.210831] pci_bus 0000:00: resource 4 [io  0x0000-0x0cf7 window]
[    0.211550] pci_bus 0000:00: resource 5 [io  0x0d00-0xffff window]
[    0.212268] pci_bus 0000:00: resource 6 [mem 0x000a0000-0x000bffff window]
[    0.213067] pci_bus 0000:00: resource 7 [mem 0x40000000-0xfebfffff window]
[    0.213866] pci_bus 0000:00: resource 8 [mem 0x100000000-0x17fffffff window]
[    0.214705] pci 0000:00:01.0: PIIX3: Enabling Passive Release
[    0.215375] pci 0000:00:00.0: Limiting direct PCI/PCI transfers
[    0.216093] PCI: CLS 0 bytes, default 64
[    0.216620] kvm_intel: VMX not supported by CPU 0
[    0.217175] kvm_amd: TSC scaling supported
[    0.217661] kvm_amd: Nested Virtualization enabled
[    0.218217] kvm_amd: Nested Paging enabled
[    0.218701] kvm_amd: LBR virtualization supported
[    0.219253] kvm_amd: Virtual GIF supported
[    0.219731] kvm_amd: Virtual NMI enabled
[    0.244872] clocksource: tsc: mask: 0xffffffffffffffff max_cycles: 0x40be215b5d9, max_idle_ns: 440795359804 ns
[    0.251532] Initialise system trusted keyrings
[    0.252116] workingset: timestamp_bits=56 max_order=18 bucket_order=0
[    0.252901] squashfs: version 4.0 (2009/01/31) Phillip Lougher
[    0.253598] fuse: init (API version 7.43)
[    0.254102] 9p: Installing v9fs 9p2000 file system support
[    0.261136] Key type asymmetric registered
[    0.261626] Asymmetric key parser 'x509' registered
[    0.262207] Block layer SCSI generic (bsg) driver version 0.4 loaded (major 249)
[    0.263097] io scheduler mq-deadline registered
[    0.263639] io scheduler kyber registered
[    0.265627] input: Power Button as /devices/LNXSYSTM:00/LNXPWRBN:00/input/input0
[    0.266538] ACPI: button: Power Button [PWRF]
[    0.267414] Warning: Processor Platform Limit event detected, but not handled.
[    0.268270] Consider compiling CPUfreq support into your kernel.
[    0.285117] ACPI: \_SB_.LNKB: Enabled at IRQ 10
[    0.300193] ACPI: \_SB_.LNKC: Enabled at IRQ 11
[    0.315153] ACPI: \_SB_.LNKA: Enabled at IRQ 10
[    0.316171] Serial: 8250/16550 driver, 4 ports, IRQ sharing enabled
[    0.317006] 00:03: ttyS0 at I/O 0x3f8 (irq = 4, base_baud = 115200) is a 16550A
[    0.336380] Non-volatile memory driver v1.3
[    0.336947] Linux agpgart interface v0.103
[    0.337441] printk: legacy console [hvc0] enabled
[    0.337491] ACPI: bus type drm_connector registered
[    0.338036] printk: legacy bootconsole [earlyser0] disabled
          _      _                                    
   __   _(_)_ __| |_ _ __ ___   ___       _ __   __ _ 
   \ \ / / |  __| __|  _   _ \ / _ \_____|  _ \ / _  |
    \ V /| | |  | |_| | | | | |  __/_____| | | | (_| |
     \_/ |_|_|   \__|_| |_| |_|\___|     |_| |_|\__  |
                                                |___/ 
   kernel version: 6.15.0-rc3-virtme x86_64
   (CTRL+d to exit)

root@virtme-ng:/nipa-data/kernel# PS1='xx__-> '
xx__-> env
PWD=/nipa-data/kernel
nr_open=1048576
HOME=/
TERM=xterm
SHLVL=2
XDG_RUNTIME_DIR=/run/user/0
PATH=/bin:/sbin:/usr/bin:/usr/sbin:/usr/local/bin
OLDPWD=/
_=/bin/env
xx__-> 