No EFI environment detected.
early console in extract_kernel
input_data: 0x0000000004ab32c4
input_len: 0x0000000001922984
output: 0x0000000001000000
output_len: 0x000000000536169c
kernel_total_size: 0x0000000005030000
needed_size: 0x0000000005400000
trampoline_32bit: 0x0000000000000000
Physical KASLR using RDRAND RDTSC...
Virtual KASLR using RDRAND RDTSC...

Decompressing Linux... Parsing ELF... Performing relocations... done.
Booting the kernel (entry_offset: 0x0000000002b44810).
[    0.000000] Linux version 6.14.0-rc7-virtme (root@de9276c0064e) (gcc (Ubuntu 13.3.0-6ubuntu2~24.04) 13.3.0, GNU ld (GNU Binutils for Ubuntu) 2.42) #1 SMP PREEMPT_DYNAMIC Wed Mar 26 18:26:44 UTC 2025
[    0.000000] Command line: virtme_hostname=virtme-ng nr_open=1048576 virtme_link_mods=/nipa-data/kernel/.virtme_mods/lib/modules/0.0.0 virtme_initmount0=nipa-data/kernel virtme_rw_overlay0=/etc virtme_rw_overlay1=/lib virtme_rw_overlay2=/home virtme_rw_overlay3=/opt virtme_rw_overlay4=/srv virtme_rw_overlay5=/usr virtme_rw_overlay6=/var console=hvc0 earlyprintk=serial,ttyS0,115200 virtme_console=ttyS0 psmouse.proto=exps TERM=xterm virtme_chdir=nipa-data/kernel virtme_root_user=1 rootfstype=9p rootflags=version=9p2000.L,trans=virtio,access=any raid=noautodetect ro init=/usr/lib/python3/dist-packages/virtme/guest/virtme-init
[    0.000000] BIOS-provided physical RAM map:
[    0.000000] BIOS-e820: [mem 0x0000000000000000-0x000000000009fbff] usable
[    0.000000] BIOS-e820: [mem 0x000000000009fc00-0x000000000009ffff] reserved
[    0.000000] BIOS-e820: [mem 0x00000000000f0000-0x00000000000fffff] reserved
[    0.000000] BIOS-e820: [mem 0x0000000000100000-0x000000003ffdffff] usable
[    0.000000] BIOS-e820: [mem 0x000000003ffe0000-0x000000003fffffff] reserved
[    0.000000] BIOS-e820: [mem 0x00000000feffc000-0x00000000feffffff] reserved
[    0.000000] BIOS-e820: [mem 0x00000000fffc0000-0x00000000ffffffff] reserved
[    0.000000] BIOS-e820: [mem 0x000000fd00000000-0x000000ffffffffff] reserved
[    0.000000] printk: legacy bootconsole [earlyser0] enabled
[    0.000000] NX (Execute Disable) protection: active
[    0.000000] APIC: Static calls initialized
[    0.000000] SMBIOS 3.0.0 present.
[    0.000000] DMI: QEMU Ubuntu 24.04 PC (i440FX + PIIX, 1996), BIOS 1.16.3-debian-1.16.3-2 04/01/2014
[    0.000000] DMI: Memory slots populated: 1/1
[    0.000000] Hypervisor detected: KVM
[    0.000000] kvm-clock: Using msrs 4b564d01 and 4b564d00
[    0.000000] kvm-clock: using sched offset of 314350017 cycles
[    0.000359] clocksource: kvm-clock: mask: 0xffffffffffffffff max_cycles: 0x1cd42e4dffb, max_idle_ns: 881590591483 ns
[    0.001475] tsc: Detected 4491.560 MHz processor
[    0.002118] last_pfn = 0x3ffe0 max_arch_pfn = 0x400000000
[    0.002518] MTRR map: 4 entries (3 fixed + 1 variable; max 19), built from 8 variable MTRRs
[    0.003090] x86/PAT: Configuration [0-7]: WB  WC  UC- UC  WB  WP  UC- WT  
[    0.004987] found SMP MP-table at [mem 0x000f5470-0x000f547f]
[    0.005390] Using GB pages for direct mapping
[    0.005874] ACPI: Early table checksum verification disabled
[    0.006262] ACPI: RSDP 0x00000000000F5290 000014 (v00 BOCHS )
[    0.006658] ACPI: RSDT 0x000000003FFE27BC 000034 (v01 BOCHS  BXPC     00000001 BXPC 00000001)
[    0.007243] ACPI: FACP 0x000000003FFE2578 000074 (v01 BOCHS  BXPC     00000001 BXPC 00000001)
[    0.007827] ACPI: DSDT 0x000000003FFE0040 002538 (v01 BOCHS  BXPC     00000001 BXPC 00000001)
[    0.008410] ACPI: FACS 0x000000003FFE0000 000040
[    0.008726] ACPI: APIC 0x000000003FFE25EC 000170 (v03 BOCHS  BXPC     00000001 BXPC 00000001)
[    0.009309] ACPI: HPET 0x000000003FFE275C 000038 (v01 BOCHS  BXPC     00000001 BXPC 00000001)
[    0.009891] ACPI: WAET 0x000000003FFE2794 000028 (v01 BOCHS  BXPC     00000001 BXPC 00000001)
[    0.010481] ACPI: Reserving FACP table memory at [mem 0x3ffe2578-0x3ffe25eb]
[    0.010961] ACPI: Reserving DSDT table memory at [mem 0x3ffe0040-0x3ffe2577]
[    0.011441] ACPI: Reserving FACS table memory at [mem 0x3ffe0000-0x3ffe003f]
[    0.011921] ACPI: Reserving APIC table memory at [mem 0x3ffe25ec-0x3ffe275b]
[    0.012401] ACPI: Reserving HPET table memory at [mem 0x3ffe275c-0x3ffe2793]
[    0.012883] ACPI: Reserving WAET table memory at [mem 0x3ffe2794-0x3ffe27bb]
[    0.013547] No NUMA configuration found
[    0.013809] Faking a node at [mem 0x0000000000000000-0x000000003ffdffff]
[    0.014266] NODE_DATA(0) allocated [mem 0x3ffdb780-0x3ffdffff]
[    0.014683] Zone ranges:
[    0.014855]   DMA      [mem 0x0000000000001000-0x0000000000ffffff]
[    0.015279]   DMA32    [mem 0x0000000001000000-0x000000003ffdffff]
[    0.015700]   Normal   empty
[    0.015897]   Device   empty
[    0.016093] Movable zone start for each node
[    0.016384] Early memory node ranges
[    0.016627]   node   0: [mem 0x0000000000001000-0x000000000009efff]
[    0.017054]   node   0: [mem 0x0000000000100000-0x000000003ffdffff]
[    0.017482] Initmem setup node 0 [mem 0x0000000000001000-0x000000003ffdffff]
[    0.017967] On node 0, zone DMA: 1 pages in unavailable ranges
[    0.018420] On node 0, zone DMA: 97 pages in unavailable ranges
[    0.022903] On node 0, zone DMA32: 32 pages in unavailable ranges
[    0.031856] kasan: KernelAddressSanitizer initialized
[    0.032421] ACPI: PM-Timer IO Port: 0x608
[    0.032706] ACPI: LAPIC_NMI (acpi_id[0xff] dfl dfl lint[0x1])
[    0.033118] IOAPIC[0]: apic_id 0, version 17, address 0xfec00000, GSI 0-23
[    0.033589] ACPI: INT_SRC_OVR (bus 0 bus_irq 0 global_irq 2 dfl dfl)
[    0.034023] ACPI: INT_SRC_OVR (bus 0 bus_irq 5 global_irq 5 high level)
[    0.034479] ACPI: INT_SRC_OVR (bus 0 bus_irq 9 global_irq 9 high level)
[    0.034930] ACPI: INT_SRC_OVR (bus 0 bus_irq 10 global_irq 10 high level)
[    0.035393] ACPI: INT_SRC_OVR (bus 0 bus_irq 11 global_irq 11 high level)
[    0.035858] ACPI: Using ACPI (MADT) for SMP configuration information
[    0.036297] ACPI: HPET id: 0x8086a201 base: 0xfed00000
[    0.036649] TSC deadline timer available
[    0.036920] CPU topo: Max. logical packages:   1
[    0.037235] CPU topo: Max. logical dies:       1
[    0.037550] CPU topo: Max. dies per package:   1
[    0.037868] CPU topo: Max. threads per core:   1
[    0.038183] CPU topo: Num. cores per package:    32
[    0.038518] CPU topo: Num. threads per package:  32
[    0.038850] CPU topo: Allowing 32 present CPUs plus 0 hotplug CPUs
[    0.039285] kvm-guest: APIC: eoi() replaced with kvm_guest_apic_eoi_write()
[    0.039771] kvm-guest: KVM setup pv remote TLB flush
[    0.040110] kvm-guest: setup PV sched yield
[    0.040402] PM: hibernation: Registered nosave memory: [mem 0x00000000-0x00000fff]
[    0.040917] PM: hibernation: Registered nosave memory: [mem 0x0009f000-0x0009ffff]
[    0.041437] PM: hibernation: Registered nosave memory: [mem 0x000a0000-0x000effff]
[    0.041951] PM: hibernation: Registered nosave memory: [mem 0x000f0000-0x000fffff]
[    0.042479] [mem 0x40000000-0xfeffbfff] available for PCI devices
[    0.042893] Booting paravirtualized kernel on KVM
[    0.043214] clocksource: refined-jiffies: mask: 0xffffffff max_cycles: 0xffffffff, max_idle_ns: 1910969940391419 ns
[    0.051597] setup_percpu: NR_CPUS:64 nr_cpumask_bits:32 nr_cpu_ids:32 nr_node_ids:1
[    0.053335] percpu: Embedded 70 pages/cpu s247960 r8192 d30568 u524288
[    0.053855] Kernel command line: virtme_hostname=virtme-ng nr_open=1048576 virtme_link_mods=/nipa-data/kernel/.virtme_mods/lib/modules/0.0.0 virtme_initmount0=nipa-data/kernel virtme_rw_overlay0=/etc virtme_rw_overlay1=/lib virtme_rw_overlay2=/home virtme_rw_overlay3=/opt virtme_rw_overlay4=/srv virtme_rw_overlay5=/usr virtme_rw_overlay6=/var console=hvc0 earlyprintk=serial,ttyS0,115200 virtme_console=ttyS0 psmouse.proto=exps TERM=xterm virtme_chdir=nipa-data/kernel virtme_root_user=1 rootfstype=9p rootflags=version=9p2000.L,trans=virtio,access=any raid=noautodetect ro init=/usr/lib/python3/dist-packages/virtme/guest/virtme-init
[    0.057888] Unknown kernel command line parameters "virtme_hostname=virtme-ng nr_open=1048576 virtme_link_mods=/nipa-data/kernel/.virtme_mods/lib/modules/0.0.0 virtme_initmount0=nipa-data/kernel virtme_rw_overlay0=/etc virtme_rw_overlay1=/lib virtme_rw_overlay2=/home virtme_rw_overlay3=/opt virtme_rw_overlay4=/srv virtme_rw_overlay5=/usr virtme_rw_overlay6=/var virtme_console=ttyS0 virtme_chdir=nipa-data/kernel virtme_root_user=1", will be passed to user space.
[    0.060951] random: crng init done
[    0.061189] printk: log buffer data + meta data: 262144 + 917504 = 1179648 bytes
[    0.061726] Dentry cache hash table entries: 131072 (order: 8, 1048576 bytes, linear)
[    0.062286] Inode-cache hash table entries: 65536 (order: 7, 524288 bytes, linear)
[    0.063218] Fallback order for Node 0: 0 
[    0.063222] Built 1 zonelists, mobility grouping on.  Total pages: 262014
[    0.063979] Policy zone: DMA32
[    0.064194] mem auto-init: stack:all(zero), heap alloc:off, heap free:off
[    0.064671] stackdepot: allocating hash table via alloc_large_system_hash
[    0.065148] stackdepot hash table entries: 1048576 (order: 12, 16777216 bytes, linear)
[    0.073038] SLUB: HWalign=64, Order=0-3, MinObjects=0, CPUs=32, Nodes=1
Poking KASLR using RDRAND RDTSC...
[    0.073797] ftrace: allocating 49130 entries in 192 pages
[    0.090957] ftrace: allocated 192 pages with 2 groups
[    0.092128] Dynamic Preempt: voluntary
[    0.092817] rcu: Preemptible hierarchical RCU implementation.
[    0.093218] rcu: RCU event tracing is enabled.
[    0.093534] rcu: RCU restricting CPUs from NR_CPUS=64 to nr_cpu_ids=32.
[    0.094002] Trampoline variant of Tasks RCU enabled.
[    0.094369] Rude variant of Tasks RCU enabled.
[    0.094685] Tracing variant of Tasks RCU enabled.
[    0.095020] rcu: RCU calculated value of scheduler-enlistment delay is 100 jiffies.
[    0.095555] rcu: Adjusting geometry for rcu_fanout_leaf=16, nr_cpu_ids=32
[    0.096092] RCU Tasks: Setting shift to 5 and lim to 1 rcu_task_cb_adjust=1 rcu_task_cpu_ids=32.
[    0.096707] RCU Tasks Rude: Setting shift to 5 and lim to 1 rcu_task_cb_adjust=1 rcu_task_cpu_ids=32.
[    0.097352] RCU Tasks Trace: Setting shift to 5 and lim to 1 rcu_task_cb_adjust=1 rcu_task_cpu_ids=32.
[    0.106691] NR_IRQS: 4352, nr_irqs: 680, preallocated irqs: 16
[    0.107344] rcu: srcu_init: Setting srcu_struct sizes based on contention.
[    0.108032] Console: colour *CGA 80x25
[    0.108327] ACPI: Core revision 20240827
[    0.108749] clocksource: hpet: mask: 0xffffffff max_cycles: 0xffffffff, max_idle_ns: 19112604467 ns
[    0.109445] APIC: Switch to symmetric I/O mode setup
[    0.109812] kvm-guest: APIC: send_IPI_mask() replaced with kvm_send_ipi_mask()
[    0.110318] kvm-guest: APIC: send_IPI_mask_allbutself() replaced with kvm_send_ipi_mask_allbutself()
[    0.110957] kvm-guest: setup PV IPIs
[    0.112025] ..TIMER: vector=0x30 apic1=0 pin1=2 apic2=-1 pin2=-1
[    0.112791] clocksource: tsc-early: mask: 0xffffffffffffffff max_cycles: 0x40be4320a4d, max_idle_ns: 440795288133 ns
[    0.114100] Calibrating delay loop (skipped) preset value.. 8983.12 BogoMIPS (lpj=4491560)
[    0.115164] x86/cpu: User Mode Instruction Prevention (UMIP) activated
[    0.116154] Last level iTLB entries: 4KB 512, 2MB 255, 4MB 127
[    0.117098] Last level dTLB entries: 4KB 512, 2MB 255, 4MB 127, 1GB 0
[    0.118102] Spectre V1 : Mitigation: usercopy/swapgs barriers and __user pointer sanitization
[    0.119103] Spectre V2 : Mitigation: Enhanced / Automatic IBRS
[    0.119813] Spectre V2 : Spectre v2 / SpectreRSB mitigation: Filling RSB on context switch
[    0.120100] Spectre V2 : mitigation: Enabling conditional Indirect Branch Prediction Barrier
[    0.121100] Speculative Store Bypass: Mitigation: Speculative Store Bypass disabled via prctl
[    0.122099] Speculative Return Stack Overflow: IBPB-extending microcode not applied!
[    0.123098] Speculative Return Stack Overflow: WARNING: See https://kernel.org/doc/html/latest/admin-guide/hw-vuln/srso.html for mitigation options.
[    0.123100] Speculative Return Stack Overflow: Vulnerable: Safe RET, no microcode
[    0.125112] x86/fpu: Supporting XSAVE feature 0x001: 'x87 floating point registers'
[    0.126098] x86/fpu: Supporting XSAVE feature 0x002: 'SSE registers'
[    0.127098] x86/fpu: Supporting XSAVE feature 0x004: 'AVX registers'
[    0.128098] x86/fpu: Supporting XSAVE feature 0x020: 'AVX-512 opmask'
[    0.128865] x86/fpu: Supporting XSAVE feature 0x040: 'AVX-512 Hi256'
[    0.129098] x86/fpu: Supporting XSAVE feature 0x080: 'AVX-512 ZMM_Hi256'
[    0.130098] x86/fpu: Supporting XSAVE feature 0x200: 'Protection Keys User registers'
[    0.131098] x86/fpu: xstate_offset[2]:  576, xstate_sizes[2]:  256
[    0.132098] x86/fpu: xstate_offset[5]:  832, xstate_sizes[5]:   64
[    0.132834] x86/fpu: xstate_offset[6]:  896, xstate_sizes[6]:  512
[    0.133098] x86/fpu: xstate_offset[7]: 1408, xstate_sizes[7]: 1024
[    0.134098] x86/fpu: xstate_offset[9]: 2432, xstate_sizes[9]:    8
[    0.135098] x86/fpu: Enabled xstate features 0x2e7, context size is 2440 bytes, using 'compacted' format.
[    0.156811] Freeing SMP alternatives memory: 40K
[    0.157100] pid_max: default: 32768 minimum: 301
[    0.157790] Mount-cache hash table entries: 2048 (order: 2, 16384 bytes, linear)
[    0.158100] Mountpoint-cache hash table entries: 2048 (order: 2, 16384 bytes, linear)
[    0.160517] smpboot: CPU0: AMD Ryzen 9 7950X 16-Core Processor (family: 0x19, model: 0x61, stepping: 0x2)
[    0.161576] Performance Events: Fam17h+ core perfctr, AMD PMU driver.
[    0.162103] ... version:                0
[    0.162584] ... bit width:              48
[    0.163072] ... generic registers:      6
[    0.163100] ... value mask:             0000ffffffffffff
[    0.163732] ... max period:             00007fffffffffff
[    0.164100] ... fixed-purpose events:   0
[    0.164580] ... event mask:             000000000000003f
[    0.165207] signal: max sigframe size: 3376
[    0.165747] rcu: Hierarchical SRCU implementation.
[    0.166101] rcu: Max phase no-delay instances is 400.
[    0.166785] Timer migration: 2 hierarchy levels; 8 children per group; 2 crossnode level
[    0.170696] smp: Bringing up secondary CPUs ...
[    0.171274] smpboot: x86: Booting SMP configuration:
[    0.171881] .... node  #0, CPUs:        #1  #2  #3  #4  #5  #6  #7  #8  #9 #10 #11 #12 #13 #14 #15 #16 #17 #18 #19 #20 #21 #22 #23 #24 #25 #26 #27 #28 #29 #30 #31
[    0.195210] smp: Brought up 1 node, 32 CPUs
[    0.196593] smpboot: Total of 32 processors activated (287459.84 BogoMIPS)
[    0.201134] Memory: 762924K/1048056K available (44307K kernel code, 11505K rwdata, 10168K rodata, 6116K init, 1504K bss, 268992K reserved, 0K cma-reserved)
[    0.202214] devtmpfs: initialized
[    0.202719] x86/mm: Memory block size: 128MB
[    0.209129] clocksource: jiffies: mask: 0xffffffff max_cycles: 0xffffffff, max_idle_ns: 1911260446275000 ns
[    0.210104] futex hash table entries: 8192 (order: 7, 524288 bytes, linear)
[    0.211271] PM: RTC time: 18:27:12, date: 2025-03-26
[    0.212511] NET: Registered PF_NETLINK/PF_ROUTE protocol family
[    0.213957] thermal_sys: Registered thermal governor 'step_wise'
[    0.213985] cpuidle: using governor menu
[    0.215730] PCI: Using configuration type 1 for base access
[    0.216101] PCI: Using configuration type 1 for extended access
[    0.216933] kprobes: kprobe jump-optimization is enabled. All kprobes are optimized if possible.
[    0.230610] HugeTLB: registered 1.00 GiB page size, pre-allocated 0 pages
[    0.231101] HugeTLB: 16380 KiB vmemmap can be freed for a 1.00 GiB page
[    0.231905] HugeTLB: registered 2.00 MiB page size, pre-allocated 0 pages
[    0.233100] HugeTLB: 28 KiB vmemmap can be freed for a 2.00 MiB page
[    0.234508] ACPI: Added _OSI(Module Device)
[    0.235101] ACPI: Added _OSI(Processor Device)
[    0.235647] ACPI: Added _OSI(3.0 _SCP Extensions)
[    0.236101] ACPI: Added _OSI(Processor Aggregator Device)
[    0.258570] ACPI: 1 ACPI AML tables successfully acquired and loaded
[    0.262810] ACPI: Interpreter enabled
[    0.264156] ACPI: PM: (supports S0 S3 S4 S5)
[    0.264675] ACPI: Using IOAPIC for interrupt routing
[    0.265147] PCI: Using host bridge windows from ACPI; if necessary, use "pci=nocrs" and report a bug
[    0.266100] PCI: Using E820 reservations for host bridge windows
[    0.267835] ACPI: Enabled 2 GPEs in block 00 to 0F
[    0.312041] ACPI: PCI Root Bridge [PCI0] (domain 0000 [bus 00-ff])
[    0.313114] acpi PNP0A03:00: _OSC: OS supports [ExtendedConfig ASPM ClockPM Segments MSI HPX-Type3]
[    0.314569] PCI host bridge to bus 0000:00
[    0.315123] pci_bus 0000:00: root bus resource [io  0x0000-0x0cf7 window]
[    0.315953] pci_bus 0000:00: root bus resource [io  0x0d00-0xffff window]
[    0.317103] pci_bus 0000:00: root bus resource [mem 0x000a0000-0x000bffff window]
[    0.318017] pci_bus 0000:00: root bus resource [mem 0x40000000-0xfebfffff window]
[    0.319103] pci_bus 0000:00: root bus resource [mem 0x100000000-0x17fffffff window]
[    0.320038] pci_bus 0000:00: root bus resource [bus 00-ff]
[    0.320197] pci 0000:00:00.0: [8086:1237] type 00 class 0x060000 conventional PCI endpoint
[    0.321935] pci 0000:00:01.0: [8086:7000] type 00 class 0x060100 conventional PCI endpoint
[    0.323919] pci 0000:00:01.1: [8086:7010] type 00 class 0x010180 conventional PCI endpoint
[    0.325554] pci 0000:00:01.1: BAR 4 [io  0xc0c0-0xc0cf]
[    0.326119] pci 0000:00:01.1: BAR 0 [io  0x01f0-0x01f7]: legacy IDE quirk
[    0.326946] pci 0000:00:01.1: BAR 1 [io  0x03f6]: legacy IDE quirk
[    0.328101] pci 0000:00:01.1: BAR 2 [io  0x0170-0x0177]: legacy IDE quirk
[    0.328932] pci 0000:00:01.1: BAR 3 [io  0x0376]: legacy IDE quirk
[    0.329736] pci 0000:00:01.3: [8086:7113] type 00 class 0x068000 conventional PCI endpoint
[    0.331313] pci 0000:00:01.3: quirk: [io  0x0600-0x063f] claimed by PIIX4 ACPI
[    0.332104] pci 0000:00:01.3: quirk: [io  0x0700-0x070f] claimed by PIIX4 SMB
[    0.333669] pci 0000:00:02.0: [1af4:1009] type 00 class 0x000200 conventional PCI endpoint
[    0.336105] pci 0000:00:02.0: BAR 0 [io  0xc000-0xc03f]
[    0.336749] pci 0000:00:02.0: BAR 1 [mem 0xfebfc000-0xfebfcfff]
[    0.337115] pci 0000:00:02.0: BAR 4 [mem 0xfebf0000-0xfebf3fff 64bit pref]
[    0.348671] pci 0000:00:03.0: [1af4:1009] type 00 class 0x000200 conventional PCI endpoint
[    0.351105] pci 0000:00:03.0: BAR 0 [io  0xc040-0xc07f]
[    0.351752] pci 0000:00:03.0: BAR 1 [mem 0xfebfd000-0xfebfdfff]
[    0.352114] pci 0000:00:03.0: BAR 4 [mem 0xfebf4000-0xfebf7fff 64bit pref]
[    0.363583] pci 0000:00:04.0: [8086:25ab] type 00 class 0x088000 conventional PCI endpoint
[    0.365381] pci 0000:00:04.0: BAR 0 [mem 0xfebfe000-0xfebfe00f]
[    0.376601] pci 0000:00:05.0: [1af4:1003] type 00 class 0x078000 conventional PCI endpoint
[    0.377625] pci 0000:00:05.0: BAR 0 [io  0xc080-0xc0bf]
[    0.378105] pci 0000:00:05.0: BAR 1 [mem 0xfebff000-0xfebfffff]
[    0.378844] pci 0000:00:05.0: BAR 4 [mem 0xfebf8000-0xfebfbfff 64bit pref]
[    0.392926] ACPI: PCI: Interrupt link LNKA configured for IRQ 10
[    0.393975] ACPI: PCI: Interrupt link LNKB configured for IRQ 10
[    0.395964] ACPI: PCI: Interrupt link LNKC configured for IRQ 11
[    0.397961] ACPI: PCI: Interrupt link LNKD configured for IRQ 11
[    0.398462] ACPI: PCI: Interrupt link LNKS configured for IRQ 9
[    0.416386] iommu: Default domain type: Translated
[    0.416976] iommu: DMA domain TLB invalidation policy: lazy mode
[    0.418527] SCSI subsystem initialized
[    0.419302] pps_core: LinuxPPS API ver. 1 registered
[    0.419915] pps_core: Software ver. 5.3.6 - Copyright 2005-2007 Rodolfo Giometti <giometti@linux.it>
[    0.421114] PTP clock support registered
[    0.422218] Advanced Linux Sound Architecture Driver Initialized.
[    0.424166] NET: Registered PF_ATMPVC protocol family
[    0.424785] NET: Registered PF_ATMSVC protocol family
[    0.425135] PCI: Using ACPI for IRQ routing
[    0.426143] vgaarb: loaded
[    0.426213] hpet0: at MMIO 0xfed00000, IRQs 2, 8, 0
[    0.426838] hpet0: 3 comparators, 64-bit 100.000000 MHz counter
[    0.432431] clocksource: Switched to clocksource kvm-clock
[    0.433467] VFS: Disk quotas dquot_6.6.0
[    0.433959] VFS: Dquot-cache hash table entries: 512 (order 0, 4096 bytes)
[    0.435496] pnp: PnP ACPI init
[    0.438081] pnp: PnP ACPI: found 5 devices
[    0.449829] clocksource: acpi_pm: mask: 0xffffff max_cycles: 0xffffff, max_idle_ns: 2085701024 ns
[    0.450972] NET: Registered PF_INET protocol family
[    0.451611] IP idents hash table entries: 16384 (order: 5, 131072 bytes, linear)
[    0.452868] tcp_listen_portaddr_hash hash table entries: 512 (order: 1, 8192 bytes, linear)
[    0.453902] Table-perturb hash table entries: 65536 (order: 6, 262144 bytes, linear)
[    0.454863] TCP established hash table entries: 8192 (order: 4, 65536 bytes, linear)
[    0.455813] TCP bind hash table entries: 8192 (order: 6, 262144 bytes, linear)
[    0.456783] TCP: Hash tables configured (established 8192 bind 8192)
[    0.457702] UDP hash table entries: 512 (order: 3, 32768 bytes, linear)
[    0.458532] UDP-Lite hash table entries: 512 (order: 3, 32768 bytes, linear)
[    0.459586] NET: Registered PF_UNIX/PF_LOCAL protocol family
[    0.460289] pci_bus 0000:00: resource 4 [io  0x0000-0x0cf7 window]
[    0.461035] pci_bus 0000:00: resource 5 [io  0x0d00-0xffff window]
[    0.461783] pci_bus 0000:00: resource 6 [mem 0x000a0000-0x000bffff window]
[    0.462613] pci_bus 0000:00: resource 7 [mem 0x40000000-0xfebfffff window]
[    0.463444] pci_bus 0000:00: resource 8 [mem 0x100000000-0x17fffffff window]
[    0.464476] pci 0000:00:01.0: PIIX3: Enabling Passive Release
[    0.465173] pci 0000:00:00.0: Limiting direct PCI/PCI transfers
[    0.465924] PCI: CLS 0 bytes, default 64
[    0.466475] kvm_intel: VMX not supported by CPU 6
[    0.467061] kvm_amd: TSC scaling supported
[    0.467561] kvm_amd: Nested Virtualization enabled
[    0.468135] kvm_amd: Nested Paging enabled
[    0.468636] kvm_amd: LBR virtualization supported
[    0.469349] kvm_amd: Virtual GIF supported
[    0.469842] kvm_amd: Virtual NMI enabled
[    0.511597] clocksource: tsc: mask: 0xffffffffffffffff max_cycles: 0x40be4320a4d, max_idle_ns: 440795288133 ns
[    0.530572] Initialise system trusted keyrings
[    0.531483] workingset: timestamp_bits=56 max_order=18 bucket_order=0
[    0.532391] squashfs: version 4.0 (2009/01/31) Phillip Lougher
[    0.533122] fuse: init (API version 7.42)
[    0.533760] 9p: Installing v9fs 9p2000 file system support
[    0.543206] Key type asymmetric registered
[    0.543720] Asymmetric key parser 'x509' registered
[    0.544375] Block layer SCSI generic (bsg) driver version 0.4 loaded (major 249)
[    0.545313] io scheduler mq-deadline registered
[    0.545872] io scheduler kyber registered
[    0.548550] input: Power Button as /devices/LNXSYSTM:00/LNXPWRBN:00/input/input0
[    0.549679] ACPI: button: Power Button [PWRF]
[    0.551566] Warning: Processor Platform Limit event detected, but not handled.
[    0.552471] Consider compiling CPUfreq support into your kernel.
[    1.337449] ACPI: \_SB_.LNKB: Enabled at IRQ 10
[    2.113306] ACPI: \_SB_.LNKC: Enabled at IRQ 11
[    2.889029] ACPI: \_SB_.LNKA: Enabled at IRQ 10
[    2.890376] Serial: 8250/16550 driver, 4 ports, IRQ sharing enabled
[    2.891444] 00:03: ttyS0 at I/O 0x3f8 (irq = 4, base_baud = 115200) is a 16550A
[    2.914972] Non-volatile memory driver v1.3
[    2.915520] Linux agpgart interface v0.103
[    2.916173] ACPI: bus type drm_connector registered
[    2.916808] printk: legacy console [hvc0] enabled
[    2.917401] printk: legacy bootconsole [earlyser0] disabled
          _      _                                    
   __   _(_)_ __| |_ _ __ ___   ___       _ __   __ _ 
   \ \ / / |  __| __|  _   _ \ / _ \_____|  _ \ / _  |
    \ V /| | |  | |_| | | | | |  __/_____| | | | (_| |
     \_/ |_|_|   \__|_| |_| |_|\___|     |_| |_|\__  |
                                                |___/ 
   kernel version: 6.14.0-rc7-virtme x86_64
   (CTRL+d to exit)

root@virtme-ng:/nipa-data/kernel# PS1='xx__-> '
xx__-> env
PWD=/nipa-data/kernel
nr_open=1048576
HOME=/
TERM=xterm
SHLVL=2
XDG_RUNTIME_DIR=/run/user/0
PATH=/bin:/sbin:/usr/bin:/usr/sbin:/usr/local/bin
OLDPWD=/
_=/bin/env
xx__-> 