No EFI environment detected.
early console in extract_kernel
input_data: 0x00000000029f02b9
input_len: 0x0000000000b1f412
output: 0x0000000001000000
output_len: 0x00000000024c9adc
kernel_total_size: 0x0000000002230000
needed_size: 0x0000000002600000
trampoline_32bit: 0x0000000000000000
Physical KASLR using RDRAND RDTSC...
Virtual KASLR using RDRAND RDTSC...

Decompressing Linux... Parsing ELF... Performing relocations... done.
Booting the kernel (entry_offset: 0x0000000000000000).
[    0.000000] Linux version 6.9.0-rc2-virtme (root@5f1d62f60ad4) (gcc (Alpine 13.2.1_git20240309) 13.2.1 20240309, GNU ld (GNU Binutils) 2.42) #1 SMP PREEMPT_DYNAMIC Wed Apr 10 03:06:00 UTC 2024
[    0.000000] Command line: virtme_hostname=virtme-ng nr_open=1048576 virtme_link_mods=/nipa-data/kernel/.virtme_mods/lib/modules/0.0.0 virtme_initmount0=nipa-data/kernel virtme_rw_overlay0=/etc virtme_rw_overlay1=/lib virtme_rw_overlay2=/home virtme_rw_overlay3=/opt virtme_rw_overlay4=/srv virtme_rw_overlay5=/usr virtme_rw_overlay6=/var console=hvc0 earlyprintk=serial,ttyS0,115200 virtme_console=ttyS0 psmouse.proto=exps TERM=xterm virtme_chdir=nipa-data/kernel virtme_root_user=1 rootfstype=9p rootflags=version=9p2000.L,trans=virtio,access=any raid=noautodetect ro init=/usr/lib/python3.11/site-packages/virtme/guest/virtme-init
[    0.000000] BIOS-provided physical RAM map:
[    0.000000] BIOS-e820: [mem 0x0000000000000000-0x000000000009fbff] usable
[    0.000000] BIOS-e820: [mem 0x000000000009fc00-0x000000000009ffff] reserved
[    0.000000] BIOS-e820: [mem 0x00000000000f0000-0x00000000000fffff] reserved
[    0.000000] BIOS-e820: [mem 0x0000000000100000-0x000000003ffdffff] usable
[    0.000000] BIOS-e820: [mem 0x000000003ffe0000-0x000000003fffffff] reserved
[    0.000000] BIOS-e820: [mem 0x00000000feffc000-0x00000000feffffff] reserved
[    0.000000] BIOS-e820: [mem 0x00000000fffc0000-0x00000000ffffffff] reserved
[    0.000000] BIOS-e820: [mem 0x000000fd00000000-0x000000ffffffffff] reserved
[    0.000000] printk: legacy bootconsole [earlyser0] enabled
[    0.000000] NX (Execute Disable) protection: active
[    0.000000] APIC: Static calls initialized
[    0.000000] SMBIOS 3.0.0 present.
[    0.000000] DMI: QEMU Standard PC (i440FX + PIIX, 1996), BIOS rel-1.16.3-0-ga6ed6b701f0a-prebuilt.qemu.org 04/01/2014
[    0.000000] Hypervisor detected: KVM
[    0.000000] kvm-clock: Using msrs 4b564d01 and 4b564d00
[    0.000000] kvm-clock: using sched offset of 257780138 cycles
[    0.000474] clocksource: kvm-clock: mask: 0xffffffffffffffff max_cycles: 0x1cd42e4dffb, max_idle_ns: 881590591483 ns
[    0.001963] tsc: Detected 4491.536 MHz processor
[    0.002772] last_pfn = 0x3ffe0 max_arch_pfn = 0x400000000
[    0.003294] MTRR map: 4 entries (3 fixed + 1 variable; max 19), built from 8 variable MTRRs
[    0.004056] x86/PAT: Configuration [0-7]: WB  WC  UC- UC  WB  WP  UC- WT  
Memory KASLR using RDRAND RDTSC...
[    0.006455] found SMP MP-table at [mem 0x000f5470-0x000f547f]
[    0.006991] Using GB pages for direct mapping
[    0.007432] ACPI: Early table checksum verification disabled
[    0.007953] ACPI: RSDP 0x00000000000F5290 000014 (v00 BOCHS )
[    0.008482] ACPI: RSDT 0x000000003FFE27BC 000034 (v01 BOCHS  BXPC     00000001 BXPC 00000001)
[    0.009277] ACPI: FACP 0x000000003FFE2578 000074 (v01 BOCHS  BXPC     00000001 BXPC 00000001)
[    0.010063] ACPI: DSDT 0x000000003FFE0040 002538 (v01 BOCHS  BXPC     00000001 BXPC 00000001)
[    0.010851] ACPI: FACS 0x000000003FFE0000 000040
[    0.011273] ACPI: APIC 0x000000003FFE25EC 000170 (v03 BOCHS  BXPC     00000001 BXPC 00000001)
[    0.012055] ACPI: HPET 0x000000003FFE275C 000038 (v01 BOCHS  BXPC     00000001 BXPC 00000001)
[    0.012838] ACPI: WAET 0x000000003FFE2794 000028 (v01 BOCHS  BXPC     00000001 BXPC 00000001)
[    0.013646] ACPI: Reserving FACP table memory at [mem 0x3ffe2578-0x3ffe25eb]
[    0.014293] ACPI: Reserving DSDT table memory at [mem 0x3ffe0040-0x3ffe2577]
[    0.014938] ACPI: Reserving FACS table memory at [mem 0x3ffe0000-0x3ffe003f]
[    0.015583] ACPI: Reserving APIC table memory at [mem 0x3ffe25ec-0x3ffe275b]
[    0.016225] ACPI: Reserving HPET table memory at [mem 0x3ffe275c-0x3ffe2793]
[    0.016868] ACPI: Reserving WAET table memory at [mem 0x3ffe2794-0x3ffe27bb]
[    0.017695] No NUMA configuration found
[    0.018044] Faking a node at [mem 0x0000000000000000-0x000000003ffdffff]
[    0.018655] NODE_DATA(0) allocated [mem 0x3ffdb000-0x3ffdffff]
[    0.019199] Zone ranges:
[    0.019430]   DMA      [mem 0x0000000000001000-0x0000000000ffffff]
[    0.019993]   DMA32    [mem 0x0000000001000000-0x000000003ffdffff]
[    0.020557]   Normal   empty
[    0.020818]   Device   empty
[    0.021083] Movable zone start for each node
[    0.021471] Early memory node ranges
[    0.021797]   node   0: [mem 0x0000000000001000-0x000000000009efff]
[    0.022367]   node   0: [mem 0x0000000000100000-0x000000003ffdffff]
[    0.022939] Initmem setup node 0 [mem 0x0000000000001000-0x000000003ffdffff]
[    0.023585] On node 0, zone DMA: 1 pages in unavailable ranges
[    0.024127] On node 0, zone DMA: 97 pages in unavailable ranges
[    0.025906] On node 0, zone DMA32: 32 pages in unavailable ranges
[    0.026715] ACPI: PM-Timer IO Port: 0x608
[    0.027085] ACPI: LAPIC_NMI (acpi_id[0xff] dfl dfl lint[0x1])
[    0.027629] IOAPIC[0]: apic_id 0, version 17, address 0xfec00000, GSI 0-23
[    0.028260] ACPI: INT_SRC_OVR (bus 0 bus_irq 0 global_irq 2 dfl dfl)
[    0.028843] ACPI: INT_SRC_OVR (bus 0 bus_irq 5 global_irq 5 high level)
[    0.029452] ACPI: INT_SRC_OVR (bus 0 bus_irq 9 global_irq 9 high level)
[    0.030059] ACPI: INT_SRC_OVR (bus 0 bus_irq 10 global_irq 10 high level)
[    0.030681] ACPI: INT_SRC_OVR (bus 0 bus_irq 11 global_irq 11 high level)
[    0.031303] ACPI: Using ACPI (MADT) for SMP configuration information
[    0.031892] ACPI: HPET id: 0x8086a201 base: 0xfed00000
[    0.032364] TSC deadline timer available
[    0.032726] CPU topo: Max. logical packages:   1
[    0.033149] CPU topo: Max. logical dies:       1
[    0.033569] CPU topo: Max. dies per package:   1
[    0.033992] CPU topo: Max. threads per core:  32
[    0.034413] CPU topo: Num. cores per package:     1
[    0.034863] CPU topo: Num. threads per package:  32
[    0.035310] CPU topo: Allowing 32 present CPUs plus 0 hotplug CPUs
[    0.035889] kvm-guest: APIC: eoi() replaced with kvm_guest_apic_eoi_write()
[    0.036536] kvm-guest: KVM setup pv remote TLB flush
[    0.036997] kvm-guest: setup PV sched yield
[    0.037382] PM: hibernation: Registered nosave memory: [mem 0x00000000-0x00000fff]
[    0.038075] PM: hibernation: Registered nosave memory: [mem 0x0009f000-0x0009ffff]
[    0.038767] PM: hibernation: Registered nosave memory: [mem 0x000a0000-0x000effff]
[    0.039454] PM: hibernation: Registered nosave memory: [mem 0x000f0000-0x000fffff]
[    0.040144] [mem 0x40000000-0xfeffbfff] available for PCI devices
[    0.040697] Booting paravirtualized kernel on KVM
[    0.041132] clocksource: refined-jiffies: mask: 0xffffffff max_cycles: 0xffffffff, max_idle_ns: 1910969940391419 ns
[    0.045275] setup_percpu: NR_CPUS:64 nr_cpumask_bits:32 nr_cpu_ids:32 nr_node_ids:1
[    0.046751] percpu: Embedded 58 pages/cpu s198952 r8192 d30424 u262144
[    0.047384] Kernel command line: virtme_hostname=virtme-ng nr_open=1048576 virtme_link_mods=/nipa-data/kernel/.virtme_mods/lib/modules/0.0.0 virtme_initmount0=nipa-data/kernel virtme_rw_overlay0=/etc virtme_rw_overlay1=/lib virtme_rw_overlay2=/home virtme_rw_overlay3=/opt virtme_rw_overlay4=/srv virtme_rw_overlay5=/usr virtme_rw_overlay6=/var console=hvc0 earlyprintk=serial,ttyS0,115200 virtme_console=ttyS0 psmouse.proto=exps TERM=xterm virtme_chdir=nipa-data/kernel virtme_root_user=1 rootfstype=9p rootflags=version=9p2000.L,trans=virtio,access=any raid=noautodetect ro init=/usr/lib/python3.11/site-packages/virtme/guest/virtme-init
[    0.052756] Unknown kernel command line parameters "virtme_hostname=virtme-ng nr_open=1048576 virtme_link_mods=/nipa-data/kernel/.virtme_mods/lib/modules/0.0.0 virtme_initmount0=nipa-data/kernel virtme_rw_overlay0=/etc virtme_rw_overlay1=/lib virtme_rw_overlay2=/home virtme_rw_overlay3=/opt virtme_rw_overlay4=/srv virtme_rw_overlay5=/usr virtme_rw_overlay6=/var virtme_console=ttyS0 virtme_chdir=nipa-data/kernel virtme_root_user=1", will be passed to user space.
[    0.056776] random: crng init done
[    0.057130] Dentry cache hash table entries: 131072 (order: 8, 1048576 bytes, linear)
[    0.057889] Inode-cache hash table entries: 65536 (order: 7, 524288 bytes, linear)
[    0.058697] Fallback order for Node 0: 0 
[    0.058701] Built 1 zonelists, mobility grouping on.  Total pages: 257760
[    0.059707] Policy zone: DMA32
[    0.059991] mem auto-init: stack:all(zero), heap alloc:off, heap free:off
[    0.061562] Memory: 986616K/1048056K available (16384K kernel code, 2407K rwdata, 6104K rodata, 3052K init, 2104K bss, 61180K reserved, 0K cma-reserved)
[    0.062875] SLUB: HWalign=64, Order=0-3, MinObjects=0, CPUs=32, Nodes=1
Poking KASLR using RDRAND RDTSC...
[    0.063804] ftrace: allocating 47542 entries in 186 pages
[    0.071206] ftrace: allocated 186 pages with 5 groups
[    0.072347] Dynamic Preempt: voluntary
[    0.072862] rcu: Preemptible hierarchical RCU implementation.
[    0.073407] rcu: RCU event tracing is enabled.
[    0.073832] rcu: RCU restricting CPUs from NR_CPUS=64 to nr_cpu_ids=32.
[    0.074460] Trampoline variant of Tasks RCU enabled.
[    0.074932] Rude variant of Tasks RCU enabled.
[    0.075355] Tracing variant of Tasks RCU enabled.
[    0.075803] rcu: RCU calculated value of scheduler-enlistment delay is 100 jiffies.
[    0.076517] rcu: Adjusting geometry for rcu_fanout_leaf=16, nr_cpu_ids=32
[    0.077161] RCU Tasks: Setting shift to 5 and lim to 1 rcu_task_cb_adjust=1.
[    0.077822] RCU Tasks Rude: Setting shift to 5 and lim to 1 rcu_task_cb_adjust=1.
[    0.078522] RCU Tasks Trace: Setting shift to 5 and lim to 1 rcu_task_cb_adjust=1.
[    0.081123] NR_IRQS: 4352, nr_irqs: 680, preallocated irqs: 16
[    0.081853] rcu: srcu_init: Setting srcu_struct sizes based on contention.
[    0.082646] Console: colour *CGA 80x25
[    0.083005] ACPI: Core revision 20230628
[    0.083454] clocksource: hpet: mask: 0xffffffff max_cycles: 0xffffffff, max_idle_ns: 19112604467 ns
[    0.084368] APIC: Switch to symmetric I/O mode setup
[    0.084843] APIC: Switched APIC routing to: physical flat
[    0.085348] kvm-guest: APIC: send_IPI_mask() replaced with kvm_send_ipi_mask()
[    0.085989] kvm-guest: APIC: send_IPI_mask_allbutself() replaced with kvm_send_ipi_mask_allbutself()
[    0.086808] kvm-guest: setup PV IPIs
[    0.088072] ..TIMER: vector=0x30 apic1=0 pin1=2 apic2=-1 pin2=-1
[    0.089124] tsc: Marking TSC unstable due to TSCs unsynchronized
[    0.090152] Calibrating delay loop (skipped) preset value.. 8983.07 BogoMIPS (lpj=4491536)
[    0.091221] x86/cpu: User Mode Instruction Prevention (UMIP) activated
[    0.092209] Last level iTLB entries: 4KB 512, 2MB 255, 4MB 127
[    0.093150] Last level dTLB entries: 4KB 512, 2MB 255, 4MB 127, 1GB 0
[    0.094154] Spectre V1 : Mitigation: usercopy/swapgs barriers and __user pointer sanitization
[    0.095154] Spectre V2 : Mitigation: Enhanced / Automatic IBRS
[    0.096150] Spectre V2 : Spectre v2 / SpectreRSB mitigation: Filling RSB on context switch
[    0.097151] Spectre V2 : mitigation: Enabling conditional Indirect Branch Prediction Barrier
[    0.098150] Spectre V2 : User space: Mitigation: STIBP always-on protection
[    0.100154] Speculative Store Bypass: Mitigation: Speculative Store Bypass disabled via prctl
[    0.101150] Speculative Return Stack Overflow: IBPB-extending microcode not applied!
[    0.102150] Speculative Return Stack Overflow: WARNING: See https://kernel.org/doc/html/latest/admin-guide/hw-vuln/srso.html for mitigation options.
[    0.102150] Speculative Return Stack Overflow: Vulnerable: Safe RET, no microcode
[    0.105150] x86/fpu: Supporting XSAVE feature 0x001: 'x87 floating point registers'
[    0.106140] x86/fpu: Supporting XSAVE feature 0x002: 'SSE registers'
[    0.106150] x86/fpu: Supporting XSAVE feature 0x004: 'AVX registers'
[    0.107150] x86/fpu: Supporting XSAVE feature 0x020: 'AVX-512 opmask'
[    0.108150] x86/fpu: Supporting XSAVE feature 0x040: 'AVX-512 Hi256'
[    0.109150] x86/fpu: Supporting XSAVE feature 0x080: 'AVX-512 ZMM_Hi256'
[    0.110150] x86/fpu: Supporting XSAVE feature 0x200: 'Protection Keys User registers'
[    0.111150] x86/fpu: xstate_offset[2]:  576, xstate_sizes[2]:  256
[    0.112150] x86/fpu: xstate_offset[5]:  832, xstate_sizes[5]:   64
[    0.112951] x86/fpu: xstate_offset[6]:  896, xstate_sizes[6]:  512
[    0.113150] x86/fpu: xstate_offset[7]: 1408, xstate_sizes[7]: 1024
[    0.114150] x86/fpu: xstate_offset[9]: 2432, xstate_sizes[9]:    8
[    0.115150] x86/fpu: Enabled xstate features 0x2e7, context size is 2440 bytes, using 'compacted' format.
[    0.131682] Freeing SMP alternatives memory: 40K
[    0.132151] pid_max: default: 32768 minimum: 301
[    0.132775] Mount-cache hash table entries: 2048 (order: 2, 16384 bytes, linear)
[    0.133151] Mountpoint-cache hash table entries: 2048 (order: 2, 16384 bytes, linear)
[    0.134318] smpboot: CPU0: AMD Ryzen 9 7950X 16-Core Processor (family: 0x19, model: 0x61, stepping: 0x2)
[    0.135269] Performance Events: Fam17h+ core perfctr, AMD PMU driver.
[    0.136154] ... version:                0
[    0.136671] ... bit width:              48
[    0.137152] ... generic registers:      6
[    0.137823] ... value mask:             0000ffffffffffff
[    0.138152] ... max period:             00007fffffffffff
[    0.139030] ... fixed-purpose events:   0
[    0.139152] ... event mask:             000000000000003f
[    0.140148] signal: max sigframe size: 3376
[    0.140879] rcu: Hierarchical SRCU implementation.
[    0.141152] rcu: Max phase no-delay instances is 400.
[    0.144926] smp: Bringing up secondary CPUs ...
[    0.145220] smpboot: x86: Booting SMP configuration:
[    0.146059] .... node  #0, CPUs:        #1  #2  #3  #4  #5  #6  #7  #8  #9 #10 #11 #12 #13 #14 #15 #16 #17 #18 #19 #20 #21 #22 #23 #24 #25 #26 #27 #28 #29 #30 #31
[    0.151396] Spectre V2 : Update user space SMT mitigation: STIBP always-on
[    0.168331] smp: Brought up 1 node, 32 CPUs
[    0.168909] smpboot: Total of 32 processors activated (287458.30 BogoMIPS)
[    0.177302] devtmpfs: initialized
[    0.177619] x86/mm: Memory block size: 128MB
[    0.178883] clocksource: jiffies: mask: 0xffffffff max_cycles: 0xffffffff, max_idle_ns: 1911260446275000 ns
[    0.179158] futex hash table entries: 8192 (order: 7, 524288 bytes, linear)
[    0.180210] PM: RTC time: 03:06:29, date: 2024-04-10
[    0.181254] NET: Registered PF_NETLINK/PF_ROUTE protocol family
[    0.182209] thermal_sys: Registered thermal governor 'step_wise'
[    0.182210] thermal_sys: Registered thermal governor 'user_space'
[    0.183051] cpuidle: using governor menu
[    0.184421] PCI: Using configuration type 1 for base access
[    0.185152] PCI: Using configuration type 1 for extended access
[    0.186007] kprobes: kprobe jump-optimization is enabled. All kprobes are optimized if possible.
[    0.186301] HugeTLB: registered 1.00 GiB page size, pre-allocated 0 pages
[    0.187153] HugeTLB: 16380 KiB vmemmap can be freed for a 1.00 GiB page
[    0.188153] HugeTLB: registered 2.00 MiB page size, pre-allocated 0 pages
[    0.190152] HugeTLB: 28 KiB vmemmap can be freed for a 2.00 MiB page
[    0.191207] Demotion targets for Node 0: null
[    0.192157] ACPI: Added _OSI(Module Device)
[    0.192902] ACPI: Added _OSI(Processor Device)
[    0.193152] ACPI: Added _OSI(3.0 _SCP Extensions)
[    0.193992] ACPI: Added _OSI(Processor Aggregator Device)
[    0.196140] ACPI: 1 ACPI AML tables successfully acquired and loaded
[    0.201403] ACPI: _OSC evaluation for CPUs failed, trying _PDC
[    0.202340] ACPI: Interpreter enabled
[    0.202997] ACPI: PM: (supports S0 S3 S4 S5)
[    0.203152] ACPI: Using IOAPIC for interrupt routing
[    0.204034] PCI: Using host bridge windows from ACPI; if necessary, use "pci=nocrs" and report a bug
[    0.206152] PCI: Using E820 reservations for host bridge windows
[    0.207271] ACPI: Enabled 2 GPEs in block 00 to 0F
[    0.211553] ACPI: PCI Root Bridge [PCI0] (domain 0000 [bus 00-ff])
[    0.213155] acpi PNP0A03:00: _OSC: OS supports [ExtendedConfig ASPM ClockPM Segments MSI HPX-Type3]
[    0.214268] PCI host bridge to bus 0000:00
[    0.214993] pci_bus 0000:00: root bus resource [io  0x0000-0x0cf7 window]
[    0.216152] pci_bus 0000:00: root bus resource [io  0x0d00-0xffff window]
[    0.217152] pci_bus 0000:00: root bus resource [mem 0x000a0000-0x000bffff window]
[    0.219152] pci_bus 0000:00: root bus resource [mem 0x40000000-0xfebfffff window]
[    0.220152] pci_bus 0000:00: root bus resource [mem 0x100000000-0x17fffffff window]
[    0.221152] pci_bus 0000:00: root bus resource [bus 00-ff]
[    0.222209] pci 0000:00:00.0: [8086:1237] type 00 class 0x060000 conventional PCI endpoint
[    0.224475] pci 0000:00:01.0: [8086:7000] type 00 class 0x060100 conventional PCI endpoint
[    0.225478] pci 0000:00:01.1: [8086:7010] type 00 class 0x010180 conventional PCI endpoint
[    0.229696] pci 0000:00:01.1: BAR 4 [io  0xc0c0-0xc0cf]
[    0.231169] pci 0000:00:01.1: BAR 0 [io  0x01f0-0x01f7]: legacy IDE quirk
[    0.232152] pci 0000:00:01.1: BAR 1 [io  0x03f6]: legacy IDE quirk
[    0.233152] pci 0000:00:01.1: BAR 2 [io  0x0170-0x0177]: legacy IDE quirk
[    0.235152] pci 0000:00:01.1: BAR 3 [io  0x0376]: legacy IDE quirk
[    0.236269] pci 0000:00:01.3: [8086:7113] type 00 class 0x068000 conventional PCI endpoint
[    0.237463] pci 0000:00:01.3: quirk: [io  0x0600-0x063f] claimed by PIIX4 ACPI
[    0.239158] pci 0000:00:01.3: quirk: [io  0x0700-0x070f] claimed by PIIX4 SMB
[    0.241365] pci 0000:00:02.0: [1af4:1009] type 00 class 0x000200 conventional PCI endpoint
[    0.243152] pci 0000:00:02.0: BAR 0 [io  0xc000-0xc03f]
[    0.245840] pci 0000:00:02.0: BAR 1 [mem 0xfebfc000-0xfebfcfff]
[    0.250837] pci 0000:00:02.0: BAR 4 [mem 0xfebf0000-0xfebf3fff 64bit pref]
[    0.253800] pci 0000:00:03.0: [1af4:1009] type 00 class 0x000200 conventional PCI endpoint
[    0.256152] pci 0000:00:03.0: BAR 0 [io  0xc040-0xc07f]
[    0.258822] pci 0000:00:03.0: BAR 1 [mem 0xfebfd000-0xfebfdfff]
[    0.263872] pci 0000:00:03.0: BAR 4 [mem 0xfebf4000-0xfebf7fff 64bit pref]
[    0.266736] pci 0000:00:04.0: [8086:25ab] type 00 class 0x088000 conventional PCI endpoint
[    0.268715] pci 0000:00:04.0: BAR 0 [mem 0xfebfe000-0xfebfe00f]
[    0.273796] pci 0000:00:05.0: [1af4:1003] type 00 class 0x078000 conventional PCI endpoint
[    0.276152] pci 0000:00:05.0: BAR 0 [io  0xc080-0xc0bf]
[    0.277863] pci 0000:00:05.0: BAR 1 [mem 0xfebff000-0xfebfffff]
[    0.283655] pci 0000:00:05.0: BAR 4 [mem 0xfebf8000-0xfebfbfff 64bit pref]
[    0.286933] ACPI: PCI: Interrupt link LNKA configured for IRQ 10
[    0.287263] ACPI: PCI: Interrupt link LNKB configured for IRQ 10
[    0.288168] ACPI: PCI: Interrupt link LNKC configured for IRQ 11
[    0.289075] ACPI: PCI: Interrupt link LNKD configured for IRQ 11
[    0.290225] ACPI: PCI: Interrupt link LNKS configured for IRQ 9
[    0.291950] iommu: Default domain type: Translated
[    0.292152] iommu: DMA domain TLB invalidation policy: lazy mode
[    0.294210] SCSI subsystem initialized
[    0.294720] pps_core: LinuxPPS API ver. 1 registered
[    0.295152] pps_core: Software ver. 5.3.6 - Copyright 2005-2007 Rodolfo Giometti <giometti@linux.it>
[    0.296153] PTP clock support registered
[    0.297173] Advanced Linux Sound Architecture Driver Initialized.
[    0.298460] NET: Registered PF_ATMPVC protocol family
[    0.299126] NET: Registered PF_ATMSVC protocol family
[    0.299155] PCI: Using ACPI for IRQ routing
[    0.300177] vgaarb: loaded
[    0.300188] hpet0: at MMIO 0xfed00000, IRQs 2, 8, 0
[    0.300842] hpet0: 3 comparators, 64-bit 100.000000 MHz counter
[    0.306794] clocksource: Switched to clocksource kvm-clock
[    0.307879] VFS: Disk quotas dquot_6.6.0
[    0.308563] VFS: Dquot-cache hash table entries: 512 (order 0, 4096 bytes)
[    0.309789] pnp: PnP ACPI init
[    0.310548] pnp: PnP ACPI: found 5 devices
[    0.318609] clocksource: acpi_pm: mask: 0xffffff max_cycles: 0xffffff, max_idle_ns: 2085701024 ns
[    0.320184] NET: Registered PF_INET protocol family
[    0.321061] IP idents hash table entries: 16384 (order: 5, 131072 bytes, linear)
[    0.322541] tcp_listen_portaddr_hash hash table entries: 512 (order: 1, 8192 bytes, linear)
[    0.323983] Table-perturb hash table entries: 65536 (order: 6, 262144 bytes, linear)
[    0.325320] TCP established hash table entries: 8192 (order: 4, 65536 bytes, linear)
[    0.326645] TCP bind hash table entries: 8192 (order: 6, 262144 bytes, linear)
[    0.327888] TCP: Hash tables configured (established 8192 bind 8192)
[    0.329001] UDP hash table entries: 512 (order: 2, 16384 bytes, linear)
[    0.330133] UDP-Lite hash table entries: 512 (order: 2, 16384 bytes, linear)
[    0.331098] NET: Registered PF_UNIX/PF_LOCAL protocol family
[    0.331850] pci_bus 0000:00: resource 4 [io  0x0000-0x0cf7 window]
[    0.332675] pci_bus 0000:00: resource 5 [io  0x0d00-0xffff window]
[    0.333483] pci_bus 0000:00: resource 6 [mem 0x000a0000-0x000bffff window]
[    0.334390] pci_bus 0000:00: resource 7 [mem 0x40000000-0xfebfffff window]
[    0.335291] pci_bus 0000:00: resource 8 [mem 0x100000000-0x17fffffff window]
[    0.336236] pci 0000:00:01.0: PIIX3: Enabling Passive Release
[    0.336995] pci 0000:00:00.0: Limiting direct PCI/PCI transfers
[    0.337811] PCI: CLS 0 bytes, default 64
[    0.338357] kvm_intel: VMX not supported by CPU 6
[    0.338989] kvm_amd: TSC scaling supported
[    0.339525] kvm_amd: Nested Virtualization enabled
[    0.340155] kvm_amd: Nested Paging enabled
[    0.340710] kvm_amd: Virtual VMLOAD VMSAVE supported
[    0.341358] kvm_amd: Virtual GIF supported
[    0.341895] kvm_amd: Virtual NMI enabled
[    0.342406] kvm_amd: LBR virtualization supported
[    0.429912] Initialise system trusted keyrings
[    0.430604] workingset: timestamp_bits=56 max_order=18 bucket_order=0
[    0.431499] squashfs: version 4.0 (2009/01/31) Phillip Lougher
[    0.432282] fuse: init (API version 7.40)
[    0.432861] 9p: Installing v9fs 9p2000 file system support
[    0.440319] Key type asymmetric registered
[    0.440874] Asymmetric key parser 'x509' registered
[    0.441534] Block layer SCSI generic (bsg) driver version 0.4 loaded (major 249)
[    0.442533] io scheduler mq-deadline registered
[    0.443142] io scheduler kyber registered
[    0.444801] input: Power Button as /devices/LNXSYSTM:00/LNXPWRBN:00/input/input0
[    0.445879] ACPI: button: Power Button [PWRF]
[    0.446487] Warning: Processor Platform Limit event detected, but not handled.
[    0.447463] Consider compiling CPUfreq support into your kernel.
[    0.465378] ACPI: \_SB_.LNKB: Enabled at IRQ 10
[    0.482644] ACPI: \_SB_.LNKC: Enabled at IRQ 11
[    0.499943] ACPI: \_SB_.LNKA: Enabled at IRQ 10
[    0.501246] Serial: 8250/16550 driver, 4 ports, IRQ sharing enabled
[    0.502194] 00:03: ttyS0 at I/O 0x3f8 (irq = 4, base_baud = 115200) is a 16550A
[    0.551252] Non-volatile memory driver v1.3
[    0.551827] Linux agpgart interface v0.103
[    0.551899] ACPI: bus type drm_connector registered
[    0.553068] printk: legacy console [hvc0] enabled
[    0.553714] printk: legacy bootconsole [earlyser0] disabled
          _      _                                    
   __   _(_)_ __| |_ _ __ ___   ___       _ __   __ _ 
   \ \ / / |  __| __|  _   _ \ / _ \_____|  _ \ / _  |
    \ V /| | |  | |_| | | | | |  __/_____| | | | (_| |
     \_/ |_|_|   \__|_| |_| |_|\___|     |_| |_|\__  |
                                                |___/ 
   kernel version: 6.9.0-rc2-virtme x86_64
   (CTRL+d to exit)

virtme-ng:/nipa-data/kernel# PS1='xx__-> '
xx__-> env
PWD=/nipa-data/kernel
nr_open=1048576
HOME=/root
TERM=xterm
SHLVL=2
XDG_RUNTIME_DIR=/run/user/0
PATH=/bin:/sbin:/usr/bin:/usr/sbin:/usr/local/bin
OLDPWD=/
_=/usr/bin/env
xx__-> 