No EFI environment detected.
early console in extract_kernel
input_data: 0x0000000002be72c4
input_len: 0x0000000000b56a35
output: 0x0000000001000000
output_len: 0x00000000026f5f24
kernel_total_size: 0x0000000002430000
needed_size: 0x0000000002800000
trampoline_32bit: 0x000000000009d000
Physical KASLR using RDRAND RDTSC...
Virtual KASLR using RDRAND RDTSC...

Decompressing Linux... Parsing ELF... Performing relocations... done.
Booting the kernel (entry_offset: 0x0000000000000000).
[    0.000000] Linux version 6.11.0-rc2-virtme (root@388e612a4df3) (gcc (Ubuntu 13.2.0-23ubuntu4) 13.2.0, GNU ld (GNU Binutils for Ubuntu) 2.42) #1 SMP PREEMPT_DYNAMIC Sat Aug 10 15:07:12 UTC 2024
[    0.000000] Command line: virtme_hostname=virtme-ng nr_open=1048576 virtme_link_mods=/nipa-data/kernel/.virtme_mods/lib/modules/0.0.0 virtme_initmount0=nipa-data/kernel virtme_rw_overlay0=/etc virtme_rw_overlay1=/lib virtme_rw_overlay2=/home virtme_rw_overlay3=/opt virtme_rw_overlay4=/srv virtme_rw_overlay5=/usr virtme_rw_overlay6=/var console=hvc0 earlyprintk=serial,ttyS0,115200 virtme_console=ttyS0 psmouse.proto=exps TERM=xterm virtme_chdir=nipa-data/kernel virtme_root_user=1 rootfstype=9p rootflags=version=9p2000.L,trans=virtio,access=any raid=noautodetect ro init=/usr/lib/python3/dist-packages/virtme/guest/virtme-init
[    0.000000] x86/split lock detection: #DB: warning on user-space bus_locks
[    0.000000] BIOS-provided physical RAM map:
[    0.000000] BIOS-e820: [mem 0x0000000000000000-0x000000000009fbff] usable
[    0.000000] BIOS-e820: [mem 0x000000000009fc00-0x000000000009ffff] reserved
[    0.000000] BIOS-e820: [mem 0x00000000000f0000-0x00000000000fffff] reserved
[    0.000000] BIOS-e820: [mem 0x0000000000100000-0x000000003ffdffff] usable
[    0.000000] BIOS-e820: [mem 0x000000003ffe0000-0x000000003fffffff] reserved
[    0.000000] BIOS-e820: [mem 0x00000000feffc000-0x00000000feffffff] reserved
[    0.000000] BIOS-e820: [mem 0x00000000fffc0000-0x00000000ffffffff] reserved
[    0.000000] printk: legacy bootconsole [earlyser0] enabled
[    0.000000] NX (Execute Disable) protection: active
[    0.000000] APIC: Static calls initialized
[    0.000000] SMBIOS 3.0.0 present.
[    0.000000] DMI: QEMU Ubuntu 24.04 PC (i440FX + PIIX, 1996), BIOS 1.16.3-debian-1.16.3-2 04/01/2014
[    0.000000] DMI: Memory slots populated: 1/1
[    0.000000] Hypervisor detected: KVM
[    0.000000] kvm-clock: Using msrs 4b564d01 and 4b564d00
[    0.000001] kvm-clock: using sched offset of 987744586 cycles
[    0.000741] clocksource: kvm-clock: mask: 0xffffffffffffffff max_cycles: 0x1cd42e4dffb, max_idle_ns: 881590591483 ns
[    0.003049] tsc: Detected 2000.000 MHz processor
[    0.004184] last_pfn = 0x3ffe0 max_arch_pfn = 0x10000000000
[    0.005030] MTRR map: 4 entries (3 fixed + 1 variable; max 19), built from 8 variable MTRRs
[    0.006215] x86/PAT: Configuration [0-7]: WB  WC  UC- UC  WB  WP  UC- WT  
Memory KASLR using RDRAND RDTSC...
[    0.012807] found SMP MP-table at [mem 0x000f5470-0x000f547f]
[    0.013634] Using GB pages for direct mapping
[    0.014334] ACPI: Early table checksum verification disabled
[    0.015141] ACPI: RSDP 0x00000000000F5290 000014 (v00 BOCHS )
[    0.015957] ACPI: RSDT 0x000000003FFE308E 000034 (v01 BOCHS  BXPC     00000001 BXPC 00000001)
[    0.017167] ACPI: FACP 0x000000003FFE2D8A 000074 (v01 BOCHS  BXPC     00000001 BXPC 00000001)
[    0.018377] ACPI: DSDT 0x000000003FFE0040 002D4A (v01 BOCHS  BXPC     00000001 BXPC 00000001)
[    0.019590] ACPI: FACS 0x000000003FFE0000 000040
[    0.020250] ACPI: APIC 0x000000003FFE2DFE 000230 (v03 BOCHS  BXPC     00000001 BXPC 00000001)
[    0.021456] ACPI: HPET 0x000000003FFE302E 000038 (v01 BOCHS  BXPC     00000001 BXPC 00000001)
[    0.022665] ACPI: WAET 0x000000003FFE3066 000028 (v01 BOCHS  BXPC     00000001 BXPC 00000001)
[    0.023890] ACPI: Reserving FACP table memory at [mem 0x3ffe2d8a-0x3ffe2dfd]
[    0.024886] ACPI: Reserving DSDT table memory at [mem 0x3ffe0040-0x3ffe2d89]
[    0.026058] ACPI: Reserving FACS table memory at [mem 0x3ffe0000-0x3ffe003f]
[    0.027057] ACPI: Reserving APIC table memory at [mem 0x3ffe2dfe-0x3ffe302d]
[    0.028046] ACPI: Reserving HPET table memory at [mem 0x3ffe302e-0x3ffe3065]
[    0.029034] ACPI: Reserving WAET table memory at [mem 0x3ffe3066-0x3ffe308d]
[    0.030366] No NUMA configuration found
[    0.030907] Faking a node at [mem 0x0000000000000000-0x000000003ffdffff]
[    0.031850] NODE_DATA(0) allocated [mem 0x3ffdb000-0x3ffdffff]
[    0.032784] Zone ranges:
[    0.033139]   DMA      [mem 0x0000000000001000-0x0000000000ffffff]
[    0.034007]   DMA32    [mem 0x0000000001000000-0x000000003ffdffff]
[    0.034873]   Normal   empty
[    0.035282]   Device   empty
[    0.035686] Movable zone start for each node
[    0.036285] Early memory node ranges
[    0.036786]   node   0: [mem 0x0000000000001000-0x000000000009efff]
[    0.037665]   node   0: [mem 0x0000000000100000-0x000000003ffdffff]
[    0.038545] Initmem setup node 0 [mem 0x0000000000001000-0x000000003ffdffff]
[    0.039541] On node 0, zone DMA: 1 pages in unavailable ranges
[    0.040389] On node 0, zone DMA: 97 pages in unavailable ranges
[    0.044766] On node 0, zone DMA32: 32 pages in unavailable ranges
[    0.046146] ACPI: PM-Timer IO Port: 0x608
[    0.046728] ACPI: LAPIC_NMI (acpi_id[0xff] dfl dfl lint[0x1])
[    0.047592] IOAPIC[0]: apic_id 0, version 17, address 0xfec00000, GSI 0-23
[    0.048559] ACPI: INT_SRC_OVR (bus 0 bus_irq 0 global_irq 2 dfl dfl)
[    0.049452] ACPI: INT_SRC_OVR (bus 0 bus_irq 5 global_irq 5 high level)
[    0.050380] ACPI: INT_SRC_OVR (bus 0 bus_irq 9 global_irq 9 high level)
[    0.051312] ACPI: INT_SRC_OVR (bus 0 bus_irq 10 global_irq 10 high level)
[    0.052264] ACPI: INT_SRC_OVR (bus 0 bus_irq 11 global_irq 11 high level)
[    0.053221] ACPI: Using ACPI (MADT) for SMP configuration information
[    0.054129] ACPI: HPET id: 0x8086a201 base: 0xfed00000
[    0.054865] TSC deadline timer available
[    0.055426] CPU topo: Max. logical packages:   1
[    0.056073] CPU topo: Max. logical dies:       1
[    0.056720] CPU topo: Max. dies per package:   1
[    0.057370] CPU topo: Max. threads per core:   1
[    0.058018] CPU topo: Num. cores per package:    56
[    0.058702] CPU topo: Num. threads per package:  56
[    0.059392] CPU topo: Allowing 56 present CPUs plus 0 hotplug CPUs
[    0.060282] kvm-guest: APIC: eoi() replaced with kvm_guest_apic_eoi_write()
[    0.061274] kvm-guest: KVM setup pv remote TLB flush
[    0.061976] kvm-guest: setup PV sched yield
[    0.062567] PM: hibernation: Registered nosave memory: [mem 0x00000000-0x00000fff]
[    0.063633] PM: hibernation: Registered nosave memory: [mem 0x0009f000-0x0009ffff]
[    0.064694] PM: hibernation: Registered nosave memory: [mem 0x000a0000-0x000effff]
[    0.065754] PM: hibernation: Registered nosave memory: [mem 0x000f0000-0x000fffff]
[    0.066815] [mem 0x40000000-0xfeffbfff] available for PCI devices
[    0.067673] Booting paravirtualized kernel on KVM
[    0.068333] clocksource: refined-jiffies: mask: 0xffffffff max_cycles: 0xffffffff, max_idle_ns: 1910969940391419 ns
[    0.077420] setup_percpu: NR_CPUS:64 nr_cpumask_bits:56 nr_cpu_ids:56 nr_node_ids:1
[    0.083137] percpu: Embedded 58 pages/cpu s198744 r8192 d30632 u262144
[    0.084175] Kernel command line: virtme_hostname=virtme-ng nr_open=1048576 virtme_link_mods=/nipa-data/kernel/.virtme_mods/lib/modules/0.0.0 virtme_initmount0=nipa-data/kernel virtme_rw_overlay0=/etc virtme_rw_overlay1=/lib virtme_rw_overlay2=/home virtme_rw_overlay3=/opt virtme_rw_overlay4=/srv virtme_rw_overlay5=/usr virtme_rw_overlay6=/var console=hvc0 earlyprintk=serial,ttyS0,115200 virtme_console=ttyS0 psmouse.proto=exps TERM=xterm virtme_chdir=nipa-data/kernel virtme_root_user=1 rootfstype=9p rootflags=version=9p2000.L,trans=virtio,access=any raid=noautodetect ro init=/usr/lib/python3/dist-packages/virtme/guest/virtme-init
[    0.092283] Unknown kernel command line parameters "virtme_hostname=virtme-ng nr_open=1048576 virtme_link_mods=/nipa-data/kernel/.virtme_mods/lib/modules/0.0.0 virtme_initmount0=nipa-data/kernel virtme_rw_overlay0=/etc virtme_rw_overlay1=/lib virtme_rw_overlay2=/home virtme_rw_overlay3=/opt virtme_rw_overlay4=/srv virtme_rw_overlay5=/usr virtme_rw_overlay6=/var virtme_console=ttyS0 virtme_chdir=nipa-data/kernel virtme_root_user=1", will be passed to user space.
[    0.098110] random: crng init done
[    0.098595] printk: log_buf_len individual max cpu contribution: 4096 bytes
[    0.099590] printk: log_buf_len total cpu_extra contributions: 225280 bytes
[    0.100580] printk: log_buf_len min size: 262144 bytes
[    0.101924] printk: log_buf_len: 524288 bytes
[    0.102566] printk: early log buf free: 254024(96%)
[    0.103752] Dentry cache hash table entries: 131072 (order: 8, 1048576 bytes, linear)
[    0.104914] Inode-cache hash table entries: 65536 (order: 7, 524288 bytes, linear)
[    0.106789] Fallback order for Node 0: 0 
[    0.106799] Built 1 zonelists, mobility grouping on.  Total pages: 262014
[    0.108279] Policy zone: DMA32
[    0.108691] mem auto-init: stack:all(zero), heap alloc:off, heap free:off
[    0.113137] SLUB: HWalign=64, Order=0-3, MinObjects=0, CPUs=56, Nodes=1
Poking KASLR using RDRAND RDTSC...
[    0.114543] ftrace: allocating 48214 entries in 189 pages
[    0.129106] ftrace: allocated 189 pages with 6 groups
[    0.131003] Dynamic Preempt: voluntary
[    0.132491] rcu: Preemptible hierarchical RCU implementation.
[    0.133288] rcu: RCU event tracing is enabled.
[    0.133899] rcu: RCU restricting CPUs from NR_CPUS=64 to nr_cpu_ids=56.
[    0.134806] Trampoline variant of Tasks RCU enabled.
[    0.135498] Rude variant of Tasks RCU enabled.
[    0.136110] Tracing variant of Tasks RCU enabled.
[    0.136758] rcu: RCU calculated value of scheduler-enlistment delay is 100 jiffies.
[    0.137794] rcu: Adjusting geometry for rcu_fanout_leaf=16, nr_cpu_ids=56
[    0.138763] RCU Tasks: Setting shift to 6 and lim to 1 rcu_task_cb_adjust=1.
[    0.139727] RCU Tasks Rude: Setting shift to 6 and lim to 1 rcu_task_cb_adjust=1.
[    0.140744] RCU Tasks Trace: Setting shift to 6 and lim to 1 rcu_task_cb_adjust=1.
[    0.145027] NR_IRQS: 4352, nr_irqs: 872, preallocated irqs: 16
[    0.146170] rcu: srcu_init: Setting srcu_struct sizes based on contention.
[    0.147402] Console: colour *CGA 80x25
[    0.147964] ACPI: Core revision 20240322
[    0.148661] clocksource: hpet: mask: 0xffffffff max_cycles: 0xffffffff, max_idle_ns: 19112604467 ns
[    0.150013] APIC: Switch to symmetric I/O mode setup
[    0.150874] APIC: Switched APIC routing to: physical flat
[    0.151981] kvm-guest: APIC: send_IPI_mask() replaced with kvm_send_ipi_mask()
[    0.153011] kvm-guest: APIC: send_IPI_mask_allbutself() replaced with kvm_send_ipi_mask_allbutself()
[    0.154587] kvm-guest: setup PV IPIs
[    0.156616] ..TIMER: vector=0x30 apic1=0 pin1=2 apic2=-1 pin2=-1
[    0.157917] clocksource: tsc-early: mask: 0xffffffffffffffff max_cycles: 0x39a85c9bff6, max_idle_ns: 881590591483 ns
[    0.161229] Calibrating delay loop (skipped) preset value.. 4000.00 BogoMIPS (lpj=2000000)
[    0.162436] x86/cpu: User Mode Instruction Prevention (UMIP) activated
[    0.163346] Last level iTLB entries: 4KB 0, 2MB 0, 4MB 0
[    0.164225] Last level dTLB entries: 4KB 0, 2MB 0, 4MB 0, 1GB 0
[    0.165242] Spectre V1 : Mitigation: usercopy/swapgs barriers and __user pointer sanitization
[    0.166232] Spectre V2 : Spectre BHI mitigation: SW BHB clearing on syscall and VM exit
[    0.167225] Spectre V2 : Mitigation: Enhanced / Automatic IBRS
[    0.168231] Spectre V2 : Spectre v2 / SpectreRSB mitigation: Filling RSB on context switch
[    0.169225] Spectre V2 : Spectre v2 / PBRSB-eIBRS: Retire a single CALL on VMEXIT
[    0.170230] Spectre V2 : mitigation: Enabling conditional Indirect Branch Prediction Barrier
[    0.171228] Speculative Store Bypass: Mitigation: Speculative Store Bypass disabled via prctl
[    0.172225] TAA: Mitigation: TSX disabled
[    0.173100] x86/fpu: Supporting XSAVE feature 0x001: 'x87 floating point registers'
[    0.173225] x86/fpu: Supporting XSAVE feature 0x002: 'SSE registers'
[    0.174225] x86/fpu: Supporting XSAVE feature 0x004: 'AVX registers'
[    0.175225] x86/fpu: Supporting XSAVE feature 0x020: 'AVX-512 opmask'
[    0.176225] x86/fpu: Supporting XSAVE feature 0x040: 'AVX-512 Hi256'
[    0.177225] x86/fpu: Supporting XSAVE feature 0x080: 'AVX-512 ZMM_Hi256'
[    0.178225] x86/fpu: Supporting XSAVE feature 0x200: 'Protection Keys User registers'
[    0.179231] x86/fpu: Supporting XSAVE feature 0x20000: 'AMX Tile config'
[    0.180231] x86/fpu: Supporting XSAVE feature 0x40000: 'AMX Tile data'
[    0.181231] x86/fpu: xstate_offset[2]:  576, xstate_sizes[2]:  256
[    0.182231] x86/fpu: xstate_offset[5]:  832, xstate_sizes[5]:   64
[    0.183231] x86/fpu: xstate_offset[6]:  896, xstate_sizes[6]:  512
[    0.184231] x86/fpu: xstate_offset[7]: 1408, xstate_sizes[7]: 1024
[    0.185231] x86/fpu: xstate_offset[9]: 2432, xstate_sizes[9]:    8
[    0.186231] x86/fpu: xstate_offset[17]: 2496, xstate_sizes[17]:   64
[    0.187225] x86/fpu: xstate_offset[18]: 2560, xstate_sizes[18]: 8192
[    0.188231] x86/fpu: Enabled xstate features 0x602e7, context size is 10752 bytes, using 'compacted' format.
[    0.217295] Freeing SMP alternatives memory: 40K
[    0.218226] pid_max: default: 57344 minimum: 448
[    0.219343] Mount-cache hash table entries: 2048 (order: 2, 16384 bytes, linear)
[    0.220227] Mountpoint-cache hash table entries: 2048 (order: 2, 16384 bytes, linear)
[    0.222467] smpboot: CPU0: Intel(R) Xeon(R) Platinum 8480+ (family: 0x6, model: 0x8f, stepping: 0x6)
[    0.223465] Performance Events: PEBS fmt0-, Sapphire Rapids events, full-width counters, Intel PMU driver.
[    0.224230] ... version:                2
[    0.225030] ... bit width:              48
[    0.225227] ... generic registers:      8
[    0.226026] ... value mask:             0000ffffffffffff
[    0.226227] ... max period:             00007fffffffffff
[    0.227227] ... fixed-purpose events:   3
[    0.228020] ... event mask:             00000007000000ff
[    0.228445] signal: max sigframe size: 11952
[    0.229254] rcu: Hierarchical SRCU implementation.
[    0.230204] rcu: Max phase no-delay instances is 400.
[    0.230270] Timer migration: 2 hierarchy levels; 8 children per group; 2 crossnode level
[    0.232295] smp: Bringing up secondary CPUs ...
[    0.233339] smpboot: x86: Booting SMP configuration:
[    0.234230] .... node  #0, CPUs:        #1  #2  #3  #4  #5  #6  #7  #8  #9 #10 #11 #12 #13 #14 #15 #16 #17 #18 #19 #20 #21 #22 #23 #24 #25 #26 #27 #28 #29 #30 #31 #32 #33 #34 #35 #36 #37 #38 #39 #40 #41 #42 #43 #44 #45 #46 #47 #48 #49 #50 #51 #52 #53 #54 #55
[    0.286107] smp: Brought up 1 node, 56 CPUs
[    0.287112] smpboot: Total of 56 processors activated (224000.00 BogoMIPS)
[    0.296261] Memory: 951192K/1048056K available (16384K kernel code, 2431K rwdata, 6228K rodata, 3104K init, 1940K bss, 72268K reserved, 0K cma-reserved)
[    0.297345] devtmpfs: initialized
[    0.298275] x86/mm: Memory block size: 128MB
[    0.300464] clocksource: jiffies: mask: 0xffffffff max_cycles: 0xffffffff, max_idle_ns: 1911260446275000 ns
[    0.301230] futex hash table entries: 16384 (order: 8, 1048576 bytes, linear)
[    0.302567] PM: RTC time: 15:07:50, date: 2024-08-10
[    0.305195] NET: Registered PF_NETLINK/PF_ROUTE protocol family
[    0.305428] thermal_sys: Registered thermal governor 'step_wise'
[    0.305429] thermal_sys: Registered thermal governor 'user_space'
[    0.306255] cpuidle: using governor menu
[    0.310496] PCI: Using configuration type 1 for base access
[    0.311312] kprobes: kprobe jump-optimization is enabled. All kprobes are optimized if possible.
[    0.354661] HugeTLB: registered 1.00 GiB page size, pre-allocated 0 pages
[    0.356232] HugeTLB: 16380 KiB vmemmap can be freed for a 1.00 GiB page
[    0.358230] HugeTLB: registered 2.00 MiB page size, pre-allocated 0 pages
[    0.360228] HugeTLB: 28 KiB vmemmap can be freed for a 2.00 MiB page
[    0.363357] ACPI: Added _OSI(Module Device)
[    0.364229] ACPI: Added _OSI(Processor Device)
[    0.366228] ACPI: Added _OSI(3.0 _SCP Extensions)
[    0.367227] ACPI: Added _OSI(Processor Aggregator Device)
[    0.368926] ACPI: 1 ACPI AML tables successfully acquired and loaded
[    0.373494] ACPI: Interpreter enabled
[    0.374245] ACPI: PM: (supports S0 S3 S4 S5)
[    0.375124] ACPI: Using IOAPIC for interrupt routing
[    0.376247] PCI: Using host bridge windows from ACPI; if necessary, use "pci=nocrs" and report a bug
[    0.378227] PCI: Using E820 reservations for host bridge windows
[    0.379346] ACPI: Enabled 2 GPEs in block 00 to 0F
[    0.383857] ACPI: PCI Root Bridge [PCI0] (domain 0000 [bus 00-ff])
[    0.385230] acpi PNP0A03:00: _OSC: OS supports [ASPM ClockPM Segments MSI HPX-Type3]
[    0.387228] acpi PNP0A03:00: _OSC: not requesting OS control; OS requires [ExtendedConfig ASPM ClockPM MSI]
[    0.388233] acpi PNP0A03:00: fail to add MMCONFIG information, can't access extended configuration space under this bridge
[    0.390334] PCI host bridge to bus 0000:00
[    0.391177] pci_bus 0000:00: root bus resource [io  0x0000-0x0cf7 window]
[    0.393227] pci_bus 0000:00: root bus resource [io  0x0d00-0xffff window]
[    0.394227] pci_bus 0000:00: root bus resource [mem 0x000a0000-0x000bffff window]
[    0.395227] pci_bus 0000:00: root bus resource [mem 0x40000000-0xfebfffff window]
[    0.397227] pci_bus 0000:00: root bus resource [mem 0x100000000-0x17fffffff window]
[    0.398227] pci_bus 0000:00: root bus resource [bus 00-ff]
[    0.400287] pci 0000:00:00.0: [8086:1237] type 00 class 0x060000 conventional PCI endpoint
[    0.401757] pci 0000:00:01.0: [8086:7000] type 00 class 0x060100 conventional PCI endpoint
[    0.403933] pci 0000:00:01.1: [8086:7010] type 00 class 0x010180 conventional PCI endpoint
[    0.409229] pci 0000:00:01.1: BAR 4 [io  0xc0c0-0xc0cf]
[    0.411573] pci 0000:00:01.1: BAR 0 [io  0x01f0-0x01f7]: legacy IDE quirk
[    0.414237] pci 0000:00:01.1: BAR 1 [io  0x03f6]: legacy IDE quirk
[    0.415228] pci 0000:00:01.1: BAR 2 [io  0x0170-0x0177]: legacy IDE quirk
[    0.417227] pci 0000:00:01.1: BAR 3 [io  0x0376]: legacy IDE quirk
[    0.418463] pci 0000:00:01.3: [8086:7113] type 00 class 0x068000 conventional PCI endpoint
[    0.420793] pci 0000:00:01.3: quirk: [io  0x0600-0x063f] claimed by PIIX4 ACPI
[    0.422236] pci 0000:00:01.3: quirk: [io  0x0700-0x070f] claimed by PIIX4 SMB
[    0.423600] pci 0000:00:02.0: [1af4:1009] type 00 class 0x000200 conventional PCI endpoint
[    0.426229] pci 0000:00:02.0: BAR 0 [io  0xc000-0xc03f]
[    0.429140] pci 0000:00:02.0: BAR 1 [mem 0xfebfc000-0xfebfcfff]
[    0.435230] pci 0000:00:02.0: BAR 4 [mem 0xfebf0000-0xfebf3fff 64bit pref]
[    0.440328] pci 0000:00:03.0: [1af4:1009] type 00 class 0x000200 conventional PCI endpoint
[    0.443170] pci 0000:00:03.0: BAR 0 [io  0xc040-0xc07f]
[    0.445100] pci 0000:00:03.0: BAR 1 [mem 0xfebfd000-0xfebfdfff]
[    0.450163] pci 0000:00:03.0: BAR 4 [mem 0xfebf4000-0xfebf7fff 64bit pref]
[    0.457129] pci 0000:00:04.0: [8086:25ab] type 00 class 0x088000 conventional PCI endpoint
[    0.458596] pci 0000:00:04.0: BAR 0 [mem 0xfebfe000-0xfebfe00f]
[    0.462625] pci 0000:00:05.0: [1af4:1003] type 00 class 0x078000 conventional PCI endpoint
[    0.467185] pci 0000:00:05.0: BAR 0 [io  0xc080-0xc0bf]
[    0.468938] pci 0000:00:05.0: BAR 1 [mem 0xfebff000-0xfebfffff]
[    0.473921] pci 0000:00:05.0: BAR 4 [mem 0xfebf8000-0xfebfbfff 64bit pref]
[    0.478476] ACPI: PCI: Interrupt link LNKA configured for IRQ 10
[    0.479224] ACPI: PCI: Interrupt link LNKB configured for IRQ 10
[    0.481361] ACPI: PCI: Interrupt link LNKC configured for IRQ 11
[    0.483345] ACPI: PCI: Interrupt link LNKD configured for IRQ 11
[    0.484314] ACPI: PCI: Interrupt link LNKS configured for IRQ 9
[    0.486994] iommu: Default domain type: Translated
[    0.488227] iommu: DMA domain TLB invalidation policy: lazy mode
[    0.489351] SCSI subsystem initialized
[    0.490279] pps_core: LinuxPPS API ver. 1 registered
[    0.491227] pps_core: Software ver. 5.3.6 - Copyright 2005-2007 Rodolfo Giometti <giometti@linux.it>
[    0.493228] PTP clock support registered
[    0.494312] Advanced Linux Sound Architecture Driver Initialized.
[    0.497586] NET: Registered PF_ATMPVC protocol family
[    0.498227] NET: Registered PF_ATMSVC protocol family
[    0.499231] PCI: Using ACPI for IRQ routing
[    0.500292] vgaarb: loaded
[    0.501308] hpet0: at MMIO 0xfed00000, IRQs 2, 8, 0
[    0.502227] hpet0: 3 comparators, 64-bit 100.000000 MHz counter
[    0.505905] clocksource: Switched to clocksource kvm-clock
[    0.506696] VFS: Disk quotas dquot_6.6.0
[    0.507540] VFS: Dquot-cache hash table entries: 512 (order 0, 4096 bytes)
[    0.509072] pnp: PnP ACPI init
[    0.510964] pnp: PnP ACPI: found 5 devices
[    0.528208] clocksource: acpi_pm: mask: 0xffffff max_cycles: 0xffffff, max_idle_ns: 2085701024 ns
[    0.530245] NET: Registered PF_INET protocol family
[    0.531292] IP idents hash table entries: 16384 (order: 5, 131072 bytes, linear)
[    0.533236] tcp_listen_portaddr_hash hash table entries: 512 (order: 1, 8192 bytes, linear)
[    0.534932] Table-perturb hash table entries: 65536 (order: 6, 262144 bytes, linear)
[    0.536493] TCP established hash table entries: 8192 (order: 4, 65536 bytes, linear)
[    0.538273] TCP bind hash table entries: 8192 (order: 6, 262144 bytes, linear)
[    0.539795] TCP: Hash tables configured (established 8192 bind 8192)
[    0.541166] UDP hash table entries: 512 (order: 2, 16384 bytes, linear)
[    0.542505] UDP-Lite hash table entries: 512 (order: 2, 16384 bytes, linear)
[    0.543992] NET: Registered PF_UNIX/PF_LOCAL protocol family
[    0.545158] pci_bus 0000:00: resource 4 [io  0x0000-0x0cf7 window]
[    0.546409] pci_bus 0000:00: resource 5 [io  0x0d00-0xffff window]
[    0.547655] pci_bus 0000:00: resource 6 [mem 0x000a0000-0x000bffff window]
[    0.549046] pci_bus 0000:00: resource 7 [mem 0x40000000-0xfebfffff window]
[    0.550427] pci_bus 0000:00: resource 8 [mem 0x100000000-0x17fffffff window]
[    0.551880] pci 0000:00:01.0: PIIX3: Enabling Passive Release
[    0.553057] pci 0000:00:00.0: Limiting direct PCI/PCI transfers
[    0.554343] PCI: CLS 0 bytes, default 64
[    0.570470] RAPL PMU: API unit is 2^-32 Joules, 1 fixed counters, 10737418240 ms ovfl timer
[    0.572342] RAPL PMU: hw unit of domain psys 2^-0 Joules
[    1.155588] kvm_amd: CPU 9 isn't AMD or Hygon
[    1.156640] clocksource: tsc: mask: 0xffffffffffffffff max_cycles: 0x39a85c9bff6, max_idle_ns: 881590591483 ns
[    1.252862] Initialise system trusted keyrings
[    1.254733] workingset: timestamp_bits=56 max_order=18 bucket_order=0
[    1.256321] squashfs: version 4.0 (2009/01/31) Phillip Lougher
[    1.257521] fuse: init (API version 7.40)
[    1.258437] 9p: Installing v9fs 9p2000 file system support
[    1.270055] Key type asymmetric registered
[    1.270885] Asymmetric key parser 'x509' registered
[    1.271887] Block layer SCSI generic (bsg) driver version 0.4 loaded (major 249)
[    1.273387] io scheduler mq-deadline registered
[    1.274303] io scheduler kyber registered
[    1.291243] input: Power Button as /devices/LNXSYSTM:00/LNXPWRBN:00/input/input0
[    1.293219] ACPI: button: Power Button [PWRF]
[    1.295234] Warning: Processor Platform Limit event detected, but not handled.
[    1.297763] Consider compiling CPUfreq support into your kernel.
[    1.335656] ACPI: \_SB_.LNKB: Enabled at IRQ 10
[    1.349960] ACPI: \_SB_.LNKC: Enabled at IRQ 11
[    1.364048] ACPI: \_SB_.LNKA: Enabled at IRQ 10
[    1.366386] Serial: 8250/16550 driver, 4 ports, IRQ sharing enabled
[    1.367838] 00:03: ttyS0 at I/O 0x3f8 (irq = 4, base_baud = 115200) is a 16550A
[    1.409429] Non-volatile memory driver v1.3
[    1.410426] Linux agpgart interface v0.103
[    1.411306] printk: legacy console [hvc0] enabled
[    1.411340] ACPI: bus type drm_connector registered
[    1.413117] printk: legacy bootconsole [earlyser0] disabled
          _      _                                    
   __   _(_)_ __| |_ _ __ ___   ___       _ __   __ _ 
   \ \ / / |  __| __|  _   _ \ / _ \_____|  _ \ / _  |
    \ V /| | |  | |_| | | | | |  __/_____| | | | (_| |
     \_/ |_|_|   \__|_| |_| |_|\___|     |_| |_|\__  |
                                                |___/ 
   kernel version: 6.11.0-rc2-virtme x86_64
   (CTRL+d to exit)

root@virtme-ng:/nipa-data/kernel# PS1='xx__-> '
xx__-> env
PWD=/nipa-data/kernel
nr_open=1048576
HOME=/
TERM=xterm
SHLVL=2
XDG_RUNTIME_DIR=/run/user/0
PATH=/bin:/sbin:/usr/bin:/usr/sbin:/usr/local/bin
OLDPWD=/
_=/bin/env
xx__-> 