No EFI environment detected.
early console in extract_kernel
input_data: 0x0000000004ab22c4
input_len: 0x0000000001922d23
output: 0x0000000001000000
output_len: 0x000000000536153c
kernel_total_size: 0x0000000005030000
needed_size: 0x0000000005400000
trampoline_32bit: 0x0000000000000000
Physical KASLR using RDRAND RDTSC...
Virtual KASLR using RDRAND RDTSC...

Decompressing Linux... Parsing ELF... Performing relocations... done.
Booting the kernel (entry_offset: 0x0000000002b45790).
[    0.000000] Linux version 6.14.0-rc5-virtme (root@0d861f3f18b0) (gcc (Ubuntu 13.3.0-6ubuntu2~24.04) 13.3.0, GNU ld (GNU Binutils for Ubuntu) 2.42) #1 SMP PREEMPT_DYNAMIC Fri Mar  7 00:27:15 UTC 2025
[    0.000000] Command line: virtme_hostname=virtme-ng nr_open=1048576 virtme_link_mods=/nipa-data/kernel/.virtme_mods/lib/modules/0.0.0 virtme_initmount0=nipa-data/kernel virtme_rw_overlay0=/etc virtme_rw_overlay1=/lib virtme_rw_overlay2=/home virtme_rw_overlay3=/opt virtme_rw_overlay4=/srv virtme_rw_overlay5=/usr virtme_rw_overlay6=/var console=hvc0 earlyprintk=serial,ttyS0,115200 virtme_console=ttyS0 psmouse.proto=exps TERM=xterm virtme_chdir=nipa-data/kernel virtme_root_user=1 rootfstype=9p rootflags=version=9p2000.L,trans=virtio,access=any raid=noautodetect ro init=/usr/lib/python3/dist-packages/virtme/guest/virtme-init
[    0.000000] BIOS-provided physical RAM map:
[    0.000000] BIOS-e820: [mem 0x0000000000000000-0x000000000009fbff] usable
[    0.000000] BIOS-e820: [mem 0x000000000009fc00-0x000000000009ffff] reserved
[    0.000000] BIOS-e820: [mem 0x00000000000f0000-0x00000000000fffff] reserved
[    0.000000] BIOS-e820: [mem 0x0000000000100000-0x000000003ffdffff] usable
[    0.000000] BIOS-e820: [mem 0x000000003ffe0000-0x000000003fffffff] reserved
[    0.000000] BIOS-e820: [mem 0x00000000feffc000-0x00000000feffffff] reserved
[    0.000000] BIOS-e820: [mem 0x00000000fffc0000-0x00000000ffffffff] reserved
[    0.000000] BIOS-e820: [mem 0x000000fd00000000-0x000000ffffffffff] reserved
[    0.000000] printk: legacy bootconsole [earlyser0] enabled
[    0.000000] NX (Execute Disable) protection: active
[    0.000000] APIC: Static calls initialized
[    0.000000] SMBIOS 3.0.0 present.
[    0.000000] DMI: QEMU Ubuntu 24.04 PC (i440FX + PIIX, 1996), BIOS 1.16.3-debian-1.16.3-2 04/01/2014
[    0.000000] DMI: Memory slots populated: 1/1
[    0.000000] Hypervisor detected: KVM
[    0.000000] kvm-clock: Using msrs 4b564d01 and 4b564d00
[    0.000000] kvm-clock: using sched offset of 323393466 cycles
[    0.000363] clocksource: kvm-clock: mask: 0xffffffffffffffff max_cycles: 0x1cd42e4dffb, max_idle_ns: 881590591483 ns
[    0.001492] tsc: Detected 4491.560 MHz processor
[    0.002141] last_pfn = 0x3ffe0 max_arch_pfn = 0x400000000
[    0.002536] MTRR map: 4 entries (3 fixed + 1 variable; max 19), built from 8 variable MTRRs
[    0.003113] x86/PAT: Configuration [0-7]: WB  WC  UC- UC  WB  WP  UC- WT  
[    0.005033] found SMP MP-table at [mem 0x000f5470-0x000f547f]
[    0.005435] Using GB pages for direct mapping
[    0.005924] ACPI: Early table checksum verification disabled
[    0.006315] ACPI: RSDP 0x00000000000F5290 000014 (v00 BOCHS )
[    0.006714] ACPI: RSDT 0x000000003FFE27BC 000034 (v01 BOCHS  BXPC     00000001 BXPC 00000001)
[    0.007305] ACPI: FACP 0x000000003FFE2578 000074 (v01 BOCHS  BXPC     00000001 BXPC 00000001)
[    0.007898] ACPI: DSDT 0x000000003FFE0040 002538 (v01 BOCHS  BXPC     00000001 BXPC 00000001)
[    0.008486] ACPI: FACS 0x000000003FFE0000 000040
[    0.008806] ACPI: APIC 0x000000003FFE25EC 000170 (v03 BOCHS  BXPC     00000001 BXPC 00000001)
[    0.009395] ACPI: HPET 0x000000003FFE275C 000038 (v01 BOCHS  BXPC     00000001 BXPC 00000001)
[    0.009984] ACPI: WAET 0x000000003FFE2794 000028 (v01 BOCHS  BXPC     00000001 BXPC 00000001)
[    0.010573] ACPI: Reserving FACP table memory at [mem 0x3ffe2578-0x3ffe25eb]
[    0.011060] ACPI: Reserving DSDT table memory at [mem 0x3ffe0040-0x3ffe2577]
[    0.011547] ACPI: Reserving FACS table memory at [mem 0x3ffe0000-0x3ffe003f]
[    0.012033] ACPI: Reserving APIC table memory at [mem 0x3ffe25ec-0x3ffe275b]
[    0.012519] ACPI: Reserving HPET table memory at [mem 0x3ffe275c-0x3ffe2793]
[    0.013005] ACPI: Reserving WAET table memory at [mem 0x3ffe2794-0x3ffe27bb]
[    0.013678] No NUMA configuration found
[    0.013943] Faking a node at [mem 0x0000000000000000-0x000000003ffdffff]
[    0.014406] NODE_DATA(0) allocated [mem 0x3ffdb780-0x3ffdffff]
[    0.014824] Zone ranges:
[    0.014999]   DMA      [mem 0x0000000000001000-0x0000000000ffffff]
[    0.015427]   DMA32    [mem 0x0000000001000000-0x000000003ffdffff]
[    0.015853]   Normal   empty
[    0.016052]   Device   empty
[    0.016250] Movable zone start for each node
[    0.016545] Early memory node ranges
[    0.016791]   node   0: [mem 0x0000000000001000-0x000000000009efff]
[    0.017223]   node   0: [mem 0x0000000000100000-0x000000003ffdffff]
[    0.017654] Initmem setup node 0 [mem 0x0000000000001000-0x000000003ffdffff]
[    0.018143] On node 0, zone DMA: 1 pages in unavailable ranges
[    0.018601] On node 0, zone DMA: 97 pages in unavailable ranges
[    0.023033] On node 0, zone DMA32: 32 pages in unavailable ranges
[    0.032000] kasan: KernelAddressSanitizer initialized
[    0.032568] ACPI: PM-Timer IO Port: 0x608
[    0.032854] ACPI: LAPIC_NMI (acpi_id[0xff] dfl dfl lint[0x1])
[    0.033271] IOAPIC[0]: apic_id 0, version 17, address 0xfec00000, GSI 0-23
[    0.033746] ACPI: INT_SRC_OVR (bus 0 bus_irq 0 global_irq 2 dfl dfl)
[    0.034185] ACPI: INT_SRC_OVR (bus 0 bus_irq 5 global_irq 5 high level)
[    0.034641] ACPI: INT_SRC_OVR (bus 0 bus_irq 9 global_irq 9 high level)
[    0.035098] ACPI: INT_SRC_OVR (bus 0 bus_irq 10 global_irq 10 high level)
[    0.035570] ACPI: INT_SRC_OVR (bus 0 bus_irq 11 global_irq 11 high level)
[    0.036040] ACPI: Using ACPI (MADT) for SMP configuration information
[    0.036485] ACPI: HPET id: 0x8086a201 base: 0xfed00000
[    0.036840] TSC deadline timer available
[    0.037113] CPU topo: Max. logical packages:   1
[    0.037432] CPU topo: Max. logical dies:       1
[    0.037750] CPU topo: Max. dies per package:   1
[    0.038071] CPU topo: Max. threads per core:   1
[    0.038390] CPU topo: Num. cores per package:    32
[    0.038726] CPU topo: Num. threads per package:  32
[    0.039062] CPU topo: Allowing 32 present CPUs plus 0 hotplug CPUs
[    0.039519] kvm-guest: APIC: eoi() replaced with kvm_guest_apic_eoi_write()
[    0.040010] kvm-guest: KVM setup pv remote TLB flush
[    0.040354] kvm-guest: setup PV sched yield
[    0.040649] PM: hibernation: Registered nosave memory: [mem 0x00000000-0x00000fff]
[    0.041171] PM: hibernation: Registered nosave memory: [mem 0x0009f000-0x0009ffff]
[    0.041692] PM: hibernation: Registered nosave memory: [mem 0x000a0000-0x000effff]
[    0.042213] PM: hibernation: Registered nosave memory: [mem 0x000f0000-0x000fffff]
[    0.042734] [mem 0x40000000-0xfeffbfff] available for PCI devices
[    0.043155] Booting paravirtualized kernel on KVM
[    0.043486] clocksource: refined-jiffies: mask: 0xffffffff max_cycles: 0xffffffff, max_idle_ns: 1910969940391419 ns
[    0.051934] setup_percpu: NR_CPUS:64 nr_cpumask_bits:32 nr_cpu_ids:32 nr_node_ids:1
[    0.053684] percpu: Embedded 70 pages/cpu s247960 r8192 d30568 u524288
[    0.054202] Kernel command line: virtme_hostname=virtme-ng nr_open=1048576 virtme_link_mods=/nipa-data/kernel/.virtme_mods/lib/modules/0.0.0 virtme_initmount0=nipa-data/kernel virtme_rw_overlay0=/etc virtme_rw_overlay1=/lib virtme_rw_overlay2=/home virtme_rw_overlay3=/opt virtme_rw_overlay4=/srv virtme_rw_overlay5=/usr virtme_rw_overlay6=/var console=hvc0 earlyprintk=serial,ttyS0,115200 virtme_console=ttyS0 psmouse.proto=exps TERM=xterm virtme_chdir=nipa-data/kernel virtme_root_user=1 rootfstype=9p rootflags=version=9p2000.L,trans=virtio,access=any raid=noautodetect ro init=/usr/lib/python3/dist-packages/virtme/guest/virtme-init
[    0.058286] Unknown kernel command line parameters "virtme_hostname=virtme-ng nr_open=1048576 virtme_link_mods=/nipa-data/kernel/.virtme_mods/lib/modules/0.0.0 virtme_initmount0=nipa-data/kernel virtme_rw_overlay0=/etc virtme_rw_overlay1=/lib virtme_rw_overlay2=/home virtme_rw_overlay3=/opt virtme_rw_overlay4=/srv virtme_rw_overlay5=/usr virtme_rw_overlay6=/var virtme_console=ttyS0 virtme_chdir=nipa-data/kernel virtme_root_user=1", will be passed to user space.
[    0.061378] random: crng init done
[    0.061623] printk: log buffer data + meta data: 262144 + 917504 = 1179648 bytes
[    0.062165] Dentry cache hash table entries: 131072 (order: 8, 1048576 bytes, linear)
[    0.062732] Inode-cache hash table entries: 65536 (order: 7, 524288 bytes, linear)
[    0.063672] Fallback order for Node 0: 0 
[    0.063676] Built 1 zonelists, mobility grouping on.  Total pages: 262014
[    0.064446] Policy zone: DMA32
[    0.064663] mem auto-init: stack:all(zero), heap alloc:off, heap free:off
[    0.065147] stackdepot: allocating hash table via alloc_large_system_hash
[    0.065635] stackdepot hash table entries: 1048576 (order: 12, 16777216 bytes, linear)
[    0.073583] SLUB: HWalign=64, Order=0-3, MinObjects=0, CPUs=32, Nodes=1
Poking KASLR using RDRAND RDTSC...
[    0.074349] ftrace: allocating 49119 entries in 192 pages
[    0.091700] ftrace: allocated 192 pages with 2 groups
[    0.092883] Dynamic Preempt: voluntary
[    0.093580] rcu: Preemptible hierarchical RCU implementation.
[    0.093985] rcu: RCU event tracing is enabled.
[    0.094304] rcu: RCU restricting CPUs from NR_CPUS=64 to nr_cpu_ids=32.
[    0.094776] Trampoline variant of Tasks RCU enabled.
[    0.095132] Rude variant of Tasks RCU enabled.
[    0.095454] Tracing variant of Tasks RCU enabled.
[    0.095792] rcu: RCU calculated value of scheduler-enlistment delay is 100 jiffies.
[    0.096332] rcu: Adjusting geometry for rcu_fanout_leaf=16, nr_cpu_ids=32
[    0.096875] RCU Tasks: Setting shift to 5 and lim to 1 rcu_task_cb_adjust=1 rcu_task_cpu_ids=32.
[    0.097496] RCU Tasks Rude: Setting shift to 5 and lim to 1 rcu_task_cb_adjust=1 rcu_task_cpu_ids=32.
[    0.098148] RCU Tasks Trace: Setting shift to 5 and lim to 1 rcu_task_cb_adjust=1 rcu_task_cpu_ids=32.
[    0.107504] NR_IRQS: 4352, nr_irqs: 680, preallocated irqs: 16
[    0.108168] rcu: srcu_init: Setting srcu_struct sizes based on contention.
[    0.108867] Console: colour *CGA 80x25
[    0.109162] ACPI: Core revision 20240827
[    0.109591] clocksource: hpet: mask: 0xffffffff max_cycles: 0xffffffff, max_idle_ns: 19112604467 ns
[    0.110299] APIC: Switch to symmetric I/O mode setup
[    0.110655] kvm-guest: APIC: send_IPI_mask() replaced with kvm_send_ipi_mask()
[    0.111170] kvm-guest: APIC: send_IPI_mask_allbutself() replaced with kvm_send_ipi_mask_allbutself()
[    0.111797] kvm-guest: setup PV IPIs
[    0.112884] ..TIMER: vector=0x30 apic1=0 pin1=2 apic2=-1 pin2=-1
[    0.113651] clocksource: tsc-early: mask: 0xffffffffffffffff max_cycles: 0x40be4320a4d, max_idle_ns: 440795288133 ns
[    0.114964] Calibrating delay loop (skipped) preset value.. 8983.12 BogoMIPS (lpj=4491560)
[    0.116028] x86/cpu: User Mode Instruction Prevention (UMIP) activated
[    0.117019] Last level iTLB entries: 4KB 512, 2MB 255, 4MB 127
[    0.117963] Last level dTLB entries: 4KB 512, 2MB 255, 4MB 127, 1GB 0
[    0.118967] Spectre V1 : Mitigation: usercopy/swapgs barriers and __user pointer sanitization
[    0.119967] Spectre V2 : Mitigation: Enhanced / Automatic IBRS
[    0.120684] Spectre V2 : Spectre v2 / SpectreRSB mitigation: Filling RSB on context switch
[    0.120965] Spectre V2 : mitigation: Enabling conditional Indirect Branch Prediction Barrier
[    0.121965] Speculative Store Bypass: Mitigation: Speculative Store Bypass disabled via prctl
[    0.122963] Speculative Return Stack Overflow: IBPB-extending microcode not applied!
[    0.123963] Speculative Return Stack Overflow: WARNING: See https://kernel.org/doc/html/latest/admin-guide/hw-vuln/srso.html for mitigation options.
[    0.123964] Speculative Return Stack Overflow: Vulnerable: Safe RET, no microcode
[    0.125977] x86/fpu: Supporting XSAVE feature 0x001: 'x87 floating point registers'
[    0.126963] x86/fpu: Supporting XSAVE feature 0x002: 'SSE registers'
[    0.127963] x86/fpu: Supporting XSAVE feature 0x004: 'AVX registers'
[    0.128963] x86/fpu: Supporting XSAVE feature 0x020: 'AVX-512 opmask'
[    0.129735] x86/fpu: Supporting XSAVE feature 0x040: 'AVX-512 Hi256'
[    0.129963] x86/fpu: Supporting XSAVE feature 0x080: 'AVX-512 ZMM_Hi256'
[    0.130963] x86/fpu: Supporting XSAVE feature 0x200: 'Protection Keys User registers'
[    0.131963] x86/fpu: xstate_offset[2]:  576, xstate_sizes[2]:  256
[    0.132963] x86/fpu: xstate_offset[5]:  832, xstate_sizes[5]:   64
[    0.133963] x86/fpu: xstate_offset[6]:  896, xstate_sizes[6]:  512
[    0.134704] x86/fpu: xstate_offset[7]: 1408, xstate_sizes[7]: 1024
[    0.134963] x86/fpu: xstate_offset[9]: 2432, xstate_sizes[9]:    8
[    0.135963] x86/fpu: Enabled xstate features 0x2e7, context size is 2440 bytes, using 'compacted' format.
[    0.157641] Freeing SMP alternatives memory: 40K
[    0.157965] pid_max: default: 32768 minimum: 301
[    0.158638] Mount-cache hash table entries: 2048 (order: 2, 16384 bytes, linear)
[    0.158965] Mountpoint-cache hash table entries: 2048 (order: 2, 16384 bytes, linear)
[    0.161355] smpboot: CPU0: AMD Ryzen 9 7950X 16-Core Processor (family: 0x19, model: 0x61, stepping: 0x2)
[    0.162419] Performance Events: Fam17h+ core perfctr, AMD PMU driver.
[    0.162967] ... version:                0
[    0.163448] ... bit width:              48
[    0.163939] ... generic registers:      6
[    0.163965] ... value mask:             0000ffffffffffff
[    0.164600] ... max period:             00007fffffffffff
[    0.164965] ... fixed-purpose events:   0
[    0.165445] ... event mask:             000000000000003f
[    0.166073] signal: max sigframe size: 3376
[    0.166619] rcu: Hierarchical SRCU implementation.
[    0.166965] rcu: Max phase no-delay instances is 400.
[    0.167655] Timer migration: 2 hierarchy levels; 8 children per group; 2 crossnode level
[    0.171681] smp: Bringing up secondary CPUs ...
[    0.172141] smpboot: x86: Booting SMP configuration:
[    0.172740] .... node  #0, CPUs:        #1  #2  #3  #4  #5  #6  #7  #8  #9 #10 #11 #12 #13 #14 #15 #16 #17 #18 #19 #20 #21 #22 #23 #24 #25 #26 #27 #28 #29 #30 #31
[    0.197065] smp: Brought up 1 node, 32 CPUs
[    0.198475] smpboot: Total of 32 processors activated (287459.84 BogoMIPS)
[    0.202092] Memory: 763152K/1048056K available (44311K kernel code, 11504K rwdata, 10168K rodata, 6120K init, 1504K bss, 269008K reserved, 0K cma-reserved)
[    0.203085] devtmpfs: initialized
[    0.203597] x86/mm: Memory block size: 128MB
[    0.209655] clocksource: jiffies: mask: 0xffffffff max_cycles: 0xffffffff, max_idle_ns: 1911260446275000 ns
[    0.209970] futex hash table entries: 8192 (order: 7, 524288 bytes, linear)
[    0.211212] PM: RTC time: 00:27:41, date: 2025-03-07
[    0.212543] NET: Registered PF_NETLINK/PF_ROUTE protocol family
[    0.213827] thermal_sys: Registered thermal governor 'step_wise'
[    0.213855] cpuidle: using governor menu
[    0.215561] PCI: Using configuration type 1 for base access
[    0.215965] PCI: Using configuration type 1 for extended access
[    0.216821] kprobes: kprobe jump-optimization is enabled. All kprobes are optimized if possible.
[    0.232151] HugeTLB: registered 1.00 GiB page size, pre-allocated 0 pages
[    0.232966] HugeTLB: 16380 KiB vmemmap can be freed for a 1.00 GiB page
[    0.233781] HugeTLB: registered 2.00 MiB page size, pre-allocated 0 pages
[    0.233965] HugeTLB: 28 KiB vmemmap can be freed for a 2.00 MiB page
[    0.236327] ACPI: Added _OSI(Module Device)
[    0.236966] ACPI: Added _OSI(Processor Device)
[    0.237522] ACPI: Added _OSI(3.0 _SCP Extensions)
[    0.237965] ACPI: Added _OSI(Processor Aggregator Device)
[    0.261205] ACPI: 1 ACPI AML tables successfully acquired and loaded
[    0.265753] ACPI: Interpreter enabled
[    0.266024] ACPI: PM: (supports S0 S3 S4 S5)
[    0.266561] ACPI: Using IOAPIC for interrupt routing
[    0.267016] PCI: Using host bridge windows from ACPI; if necessary, use "pci=nocrs" and report a bug
[    0.268965] PCI: Using E820 reservations for host bridge windows
[    0.270739] ACPI: Enabled 2 GPEs in block 00 to 0F
[    0.316050] ACPI: PCI Root Bridge [PCI0] (domain 0000 [bus 00-ff])
[    0.316843] acpi PNP0A03:00: _OSC: OS supports [ExtendedConfig ASPM ClockPM Segments MSI HPX-Type3]
[    0.318440] PCI host bridge to bus 0000:00
[    0.319010] pci_bus 0000:00: root bus resource [io  0x0000-0x0cf7 window]
[    0.319860] pci_bus 0000:00: root bus resource [io  0x0d00-0xffff window]
[    0.320967] pci_bus 0000:00: root bus resource [mem 0x000a0000-0x000bffff window]
[    0.321901] pci_bus 0000:00: root bus resource [mem 0x40000000-0xfebfffff window]
[    0.322967] pci_bus 0000:00: root bus resource [mem 0x100000000-0x17fffffff window]
[    0.323951] pci_bus 0000:00: root bus resource [bus 00-ff]
[    0.324061] pci 0000:00:00.0: [8086:1237] type 00 class 0x060000 conventional PCI endpoint
[    0.325829] pci 0000:00:01.0: [8086:7000] type 00 class 0x060100 conventional PCI endpoint
[    0.327812] pci 0000:00:01.1: [8086:7010] type 00 class 0x010180 conventional PCI endpoint
[    0.329417] pci 0000:00:01.1: BAR 4 [io  0xc0c0-0xc0cf]
[    0.329983] pci 0000:00:01.1: BAR 0 [io  0x01f0-0x01f7]: legacy IDE quirk
[    0.330832] pci 0000:00:01.1: BAR 1 [io  0x03f6]: legacy IDE quirk
[    0.331965] pci 0000:00:01.1: BAR 2 [io  0x0170-0x0177]: legacy IDE quirk
[    0.332802] pci 0000:00:01.1: BAR 3 [io  0x0376]: legacy IDE quirk
[    0.334618] pci 0000:00:01.3: [8086:7113] type 00 class 0x068000 conventional PCI endpoint
[    0.335180] pci 0000:00:01.3: quirk: [io  0x0600-0x063f] claimed by PIIX4 ACPI
[    0.335969] pci 0000:00:01.3: quirk: [io  0x0700-0x070f] claimed by PIIX4 SMB
[    0.337574] pci 0000:00:02.0: [1af4:1009] type 00 class 0x000200 conventional PCI endpoint
[    0.339970] pci 0000:00:02.0: BAR 0 [io  0xc000-0xc03f]
[    0.340622] pci 0000:00:02.0: BAR 1 [mem 0xfebfc000-0xfebfcfff]
[    0.340979] pci 0000:00:02.0: BAR 4 [mem 0xfebf0000-0xfebf3fff 64bit pref]
[    0.352775] pci 0000:00:03.0: [1af4:1009] type 00 class 0x000200 conventional PCI endpoint
[    0.354970] pci 0000:00:03.0: BAR 0 [io  0xc040-0xc07f]
[    0.355635] pci 0000:00:03.0: BAR 1 [mem 0xfebfd000-0xfebfdfff]
[    0.356979] pci 0000:00:03.0: BAR 4 [mem 0xfebf4000-0xfebf7fff 64bit pref]
[    0.368692] pci 0000:00:04.0: [8086:25ab] type 00 class 0x088000 conventional PCI endpoint
[    0.370250] pci 0000:00:04.0: BAR 0 [mem 0xfebfe000-0xfebfe00f]
[    0.381720] pci 0000:00:05.0: [1af4:1003] type 00 class 0x078000 conventional PCI endpoint
[    0.382480] pci 0000:00:05.0: BAR 0 [io  0xc080-0xc0bf]
[    0.382969] pci 0000:00:05.0: BAR 1 [mem 0xfebff000-0xfebfffff]
[    0.383731] pci 0000:00:05.0: BAR 4 [mem 0xfebf8000-0xfebfbfff 64bit pref]
[    0.398062] ACPI: PCI: Interrupt link LNKA configured for IRQ 10
[    0.399718] ACPI: PCI: Interrupt link LNKB configured for IRQ 10
[    0.401847] ACPI: PCI: Interrupt link LNKC configured for IRQ 11
[    0.402843] ACPI: PCI: Interrupt link LNKD configured for IRQ 11
[    0.404336] ACPI: PCI: Interrupt link LNKS configured for IRQ 9
[    0.422481] iommu: Default domain type: Translated
[    0.422965] iommu: DMA domain TLB invalidation policy: lazy mode
[    0.424180] SCSI subsystem initialized
[    0.425053] pps_core: LinuxPPS API ver. 1 registered
[    0.425674] pps_core: Software ver. 5.3.6 - Copyright 2005-2007 Rodolfo Giometti <giometti@linux.it>
[    0.426979] PTP clock support registered
[    0.428106] Advanced Linux Sound Architecture Driver Initialized.
[    0.430069] NET: Registered PF_ATMPVC protocol family
[    0.430720] NET: Registered PF_ATMSVC protocol family
[    0.431001] PCI: Using ACPI for IRQ routing
[    0.432004] vgaarb: loaded
[    0.432084] hpet0: at MMIO 0xfed00000, IRQs 2, 8, 0
[    0.432697] hpet0: 3 comparators, 64-bit 100.000000 MHz counter
[    0.437184] clocksource: Switched to clocksource kvm-clock
[    0.438106] VFS: Disk quotas dquot_6.6.0
[    0.438622] VFS: Dquot-cache hash table entries: 512 (order 0, 4096 bytes)
[    0.443996] pnp: PnP ACPI init
[    0.446650] pnp: PnP ACPI: found 5 devices
[    0.458343] clocksource: acpi_pm: mask: 0xffffff max_cycles: 0xffffff, max_idle_ns: 2085701024 ns
[    0.459511] NET: Registered PF_INET protocol family
[    0.460170] IP idents hash table entries: 16384 (order: 5, 131072 bytes, linear)
[    0.461501] tcp_listen_portaddr_hash hash table entries: 512 (order: 1, 8192 bytes, linear)
[    0.462546] Table-perturb hash table entries: 65536 (order: 6, 262144 bytes, linear)
[    0.463525] TCP established hash table entries: 8192 (order: 4, 65536 bytes, linear)
[    0.464498] TCP bind hash table entries: 8192 (order: 6, 262144 bytes, linear)
[    0.465407] TCP: Hash tables configured (established 8192 bind 8192)
[    0.466436] UDP hash table entries: 512 (order: 3, 32768 bytes, linear)
[    0.467288] UDP-Lite hash table entries: 512 (order: 3, 32768 bytes, linear)
[    0.468389] NET: Registered PF_UNIX/PF_LOCAL protocol family
[    0.469110] pci_bus 0000:00: resource 4 [io  0x0000-0x0cf7 window]
[    0.469882] pci_bus 0000:00: resource 5 [io  0x0d00-0xffff window]
[    0.470652] pci_bus 0000:00: resource 6 [mem 0x000a0000-0x000bffff window]
[    0.471508] pci_bus 0000:00: resource 7 [mem 0x40000000-0xfebfffff window]
[    0.472368] pci_bus 0000:00: resource 8 [mem 0x100000000-0x17fffffff window]
[    0.473433] pci 0000:00:01.0: PIIX3: Enabling Passive Release
[    0.474150] pci 0000:00:00.0: Limiting direct PCI/PCI transfers
[    0.474926] PCI: CLS 0 bytes, default 64
[    0.475493] kvm_intel: VMX not supported by CPU 25
[    0.476125] kvm_amd: TSC scaling supported
[    0.476640] kvm_amd: Nested Virtualization enabled
[    0.477233] kvm_amd: Nested Paging enabled
[    0.477748] kvm_amd: LBR virtualization supported
[    0.478473] kvm_amd: Virtual GIF supported
[    0.478983] kvm_amd: Virtual NMI enabled
[    0.511188] clocksource: tsc: mask: 0xffffffffffffffff max_cycles: 0x40be4320a4d, max_idle_ns: 440795288133 ns
[    0.529633] Initialise system trusted keyrings
[    0.530286] workingset: timestamp_bits=56 max_order=18 bucket_order=0
[    0.531209] squashfs: version 4.0 (2009/01/31) Phillip Lougher
[    0.531966] fuse: init (API version 7.42)
[    0.532606] 9p: Installing v9fs 9p2000 file system support
[    0.542325] Key type asymmetric registered
[    0.542841] Asymmetric key parser 'x509' registered
[    0.543511] Block layer SCSI generic (bsg) driver version 0.4 loaded (major 249)
[    0.544472] io scheduler mq-deadline registered
[    0.545043] io scheduler kyber registered
[    0.547827] input: Power Button as /devices/LNXSYSTM:00/LNXPWRBN:00/input/input0
[    0.548998] ACPI: button: Power Button [PWRF]
[    0.550892] Warning: Processor Platform Limit event detected, but not handled.
[    0.551772] Consider compiling CPUfreq support into your kernel.
[    1.352528] ACPI: \_SB_.LNKB: Enabled at IRQ 10
[    2.145657] ACPI: \_SB_.LNKC: Enabled at IRQ 11
[    2.938887] ACPI: \_SB_.LNKA: Enabled at IRQ 10
[    2.940218] Serial: 8250/16550 driver, 4 ports, IRQ sharing enabled
[    2.941326] 00:03: ttyS0 at I/O 0x3f8 (irq = 4, base_baud = 115200) is a 16550A
[    2.974577] Non-volatile memory driver v1.3
[    2.975131] Linux agpgart interface v0.103
[    2.975759] printk: legacy console [hvc0] enabled
[    2.975845] ACPI: bus type drm_connector registered
[    2.976406] printk: legacy bootconsole [earlyser0] disabled
          _      _                                    
   __   _(_)_ __| |_ _ __ ___   ___       _ __   __ _ 
   \ \ / / |  __| __|  _   _ \ / _ \_____|  _ \ / _  |
    \ V /| | |  | |_| | | | | |  __/_____| | | | (_| |
     \_/ |_|_|   \__|_| |_| |_|\___|     |_| |_|\__  |
                                                |___/ 
   kernel version: 6.14.0-rc5-virtme x86_64
   (CTRL+d to exit)

root@virtme-ng:/nipa-data/kernel# PS1='xx__-> '
xx__-> env
PWD=/nipa-data/kernel
nr_open=1048576
HOME=/
TERM=xterm
SHLVL=2
XDG_RUNTIME_DIR=/run/user/0
PATH=/bin:/sbin:/usr/bin:/usr/sbin:/usr/local/bin
OLDPWD=/
_=/bin/env
xx__-> 