No EFI environment detected.
early console in extract_kernel
input_data: 0x0000000004ab22c4
input_len: 0x0000000001863c7e
output: 0x0000000001000000
output_len: 0x00000000052a31a4
kernel_total_size: 0x0000000004e30000
needed_size: 0x0000000005400000
trampoline_32bit: 0x0000000000000000
Physical KASLR using RDRAND RDTSC...
Virtual KASLR using RDRAND RDTSC...

Decompressing Linux... Parsing ELF... Performing relocations... done.
Booting the kernel (entry_offset: 0x0000000000000000).
[    0.000000] Linux version 6.10.0-rc3-virtme (root@12e504313601) (gcc (Alpine 13.2.1_git20240309) 13.2.1 20240309, GNU ld (GNU Binutils) 2.42) #1 SMP PREEMPT_DYNAMIC Wed Jun 19 12:26:51 UTC 2024
[    0.000000] Command line: virtme_hostname=virtme-ng nr_open=1048576 virtme_link_mods=/nipa-data/kernel/.virtme_mods/lib/modules/0.0.0 virtme_initmount0=nipa-data/kernel virtme_rw_overlay0=/etc virtme_rw_overlay1=/lib virtme_rw_overlay2=/home virtme_rw_overlay3=/opt virtme_rw_overlay4=/srv virtme_rw_overlay5=/usr virtme_rw_overlay6=/var console=hvc0 earlyprintk=serial,ttyS0,115200 virtme_console=ttyS0 psmouse.proto=exps TERM=xterm virtme_chdir=nipa-data/kernel virtme_root_user=1 rootfstype=9p rootflags=version=9p2000.L,trans=virtio,access=any raid=noautodetect ro init=/usr/lib/python3.12/site-packages/virtme/guest/virtme-init
[    0.000000] BIOS-provided physical RAM map:
[    0.000000] BIOS-e820: [mem 0x0000000000000000-0x000000000009fbff] usable
[    0.000000] BIOS-e820: [mem 0x000000000009fc00-0x000000000009ffff] reserved
[    0.000000] BIOS-e820: [mem 0x00000000000f0000-0x00000000000fffff] reserved
[    0.000000] BIOS-e820: [mem 0x0000000000100000-0x000000003ffdffff] usable
[    0.000000] BIOS-e820: [mem 0x000000003ffe0000-0x000000003fffffff] reserved
[    0.000000] BIOS-e820: [mem 0x00000000feffc000-0x00000000feffffff] reserved
[    0.000000] BIOS-e820: [mem 0x00000000fffc0000-0x00000000ffffffff] reserved
[    0.000000] BIOS-e820: [mem 0x000000fd00000000-0x000000ffffffffff] reserved
[    0.000000] printk: legacy bootconsole [earlyser0] enabled
[    0.000000] NX (Execute Disable) protection: active
[    0.000000] APIC: Static calls initialized
[    0.000000] SMBIOS 2.8 present.
[    0.000000] DMI: QEMU Standard PC (i440FX + PIIX, 1996), BIOS rel-1.16.3-0-ga6ed6b701f0a-prebuilt.qemu.org 04/01/2014
[    0.000000] DMI: Memory slots populated: 1/1
[    0.000000] Hypervisor detected: KVM
[    0.000000] kvm-clock: Using msrs 4b564d01 and 4b564d00
[    0.000000] kvm-clock: using sched offset of 361568456 cycles
[    0.000398] clocksource: kvm-clock: mask: 0xffffffffffffffff max_cycles: 0x1cd42e4dffb, max_idle_ns: 881590591483 ns
[    0.001646] tsc: Detected 4491.556 MHz processor
[    0.002371] last_pfn = 0x3ffe0 max_arch_pfn = 0x400000000
[    0.002806] MTRR map: 4 entries (3 fixed + 1 variable; max 19), built from 8 variable MTRRs
[    0.003461] x86/PAT: Configuration [0-7]: WB  WC  UC- UC  WB  WP  UC- WT  
[    0.005559] found SMP MP-table at [mem 0x000f5470-0x000f547f]
[    0.006017] Using GB pages for direct mapping
[    0.006513] ACPI: Early table checksum verification disabled
[    0.006972] ACPI: RSDP 0x00000000000F5290 000014 (v00 BOCHS )
[    0.007410] ACPI: RSDT 0x000000003FFE27BC 000034 (v01 BOCHS  BXPC     00000001 BXPC 00000001)
[    0.008070] ACPI: FACP 0x000000003FFE2578 000074 (v01 BOCHS  BXPC     00000001 BXPC 00000001)
[    0.008723] ACPI: DSDT 0x000000003FFE0040 002538 (v01 BOCHS  BXPC     00000001 BXPC 00000001)
[    0.009380] ACPI: FACS 0x000000003FFE0000 000040
[    0.009731] ACPI: APIC 0x000000003FFE25EC 000170 (v03 BOCHS  BXPC     00000001 BXPC 00000001)
[    0.010390] ACPI: HPET 0x000000003FFE275C 000038 (v01 BOCHS  BXPC     00000001 BXPC 00000001)
[    0.011057] ACPI: WAET 0x000000003FFE2794 000028 (v01 BOCHS  BXPC     00000001 BXPC 00000001)
[    0.011702] ACPI: Reserving FACP table memory at [mem 0x3ffe2578-0x3ffe25eb]
[    0.012245] ACPI: Reserving DSDT table memory at [mem 0x3ffe0040-0x3ffe2577]
[    0.012778] ACPI: Reserving FACS table memory at [mem 0x3ffe0000-0x3ffe003f]
[    0.013325] ACPI: Reserving APIC table memory at [mem 0x3ffe25ec-0x3ffe275b]
[    0.013863] ACPI: Reserving HPET table memory at [mem 0x3ffe275c-0x3ffe2793]
[    0.014397] ACPI: Reserving WAET table memory at [mem 0x3ffe2794-0x3ffe27bb]
[    0.015157] No NUMA configuration found
[    0.015447] Faking a node at [mem 0x0000000000000000-0x000000003ffdffff]
[    0.015978] NODE_DATA(0) allocated [mem 0x3ffdb000-0x3ffdffff]
[    0.016437] Zone ranges:
[    0.016633]   DMA      [mem 0x0000000000001000-0x0000000000ffffff]
[    0.017160]   DMA32    [mem 0x0000000001000000-0x000000003ffdffff]
[    0.017649]   Normal   empty
[    0.017877]   Device   empty
[    0.018095] Movable zone start for each node
[    0.018416] Early memory node ranges
[    0.018685]   node   0: [mem 0x0000000000001000-0x000000000009efff]
[    0.019170]   node   0: [mem 0x0000000000100000-0x000000003ffdffff]
[    0.019642] Initmem setup node 0 [mem 0x0000000000001000-0x000000003ffdffff]
[    0.020199] On node 0, zone DMA: 1 pages in unavailable ranges
[    0.020704] On node 0, zone DMA: 97 pages in unavailable ranges
[    0.025583] On node 0, zone DMA32: 32 pages in unavailable ranges
[    0.035157] kasan: KernelAddressSanitizer initialized
[    0.035788] ACPI: PM-Timer IO Port: 0x608
[    0.036135] ACPI: LAPIC_NMI (acpi_id[0xff] dfl dfl lint[0x1])
[    0.036604] IOAPIC[0]: apic_id 0, version 17, address 0xfec00000, GSI 0-23
[    0.037142] ACPI: INT_SRC_OVR (bus 0 bus_irq 0 global_irq 2 dfl dfl)
[    0.037626] ACPI: INT_SRC_OVR (bus 0 bus_irq 5 global_irq 5 high level)
[    0.038138] ACPI: INT_SRC_OVR (bus 0 bus_irq 9 global_irq 9 high level)
[    0.038642] ACPI: INT_SRC_OVR (bus 0 bus_irq 10 global_irq 10 high level)
[    0.039168] ACPI: INT_SRC_OVR (bus 0 bus_irq 11 global_irq 11 high level)
[    0.039687] ACPI: Using ACPI (MADT) for SMP configuration information
[    0.040199] ACPI: HPET id: 0x8086a201 base: 0xfed00000
[    0.040596] TSC deadline timer available
[    0.040908] CPU topo: Max. logical packages:   1
[    0.041260] CPU topo: Max. logical dies:       1
[    0.041611] CPU topo: Max. dies per package:   1
[    0.041975] CPU topo: Max. threads per core:   1
[    0.042328] CPU topo: Num. cores per package:    32
[    0.042700] CPU topo: Num. threads per package:  32
[    0.043080] CPU topo: Allowing 32 present CPUs plus 0 hotplug CPUs
[    0.043566] kvm-guest: APIC: eoi() replaced with kvm_guest_apic_eoi_write()
[    0.044137] kvm-guest: KVM setup pv remote TLB flush
[    0.044521] kvm-guest: setup PV sched yield
[    0.044859] PM: hibernation: Registered nosave memory: [mem 0x00000000-0x00000fff]
[    0.045445] PM: hibernation: Registered nosave memory: [mem 0x0009f000-0x0009ffff]
[    0.046034] PM: hibernation: Registered nosave memory: [mem 0x000a0000-0x000effff]
[    0.046610] PM: hibernation: Registered nosave memory: [mem 0x000f0000-0x000fffff]
[    0.047200] [mem 0x40000000-0xfeffbfff] available for PCI devices
[    0.047670] Booting paravirtualized kernel on KVM
[    0.048054] clocksource: refined-jiffies: mask: 0xffffffff max_cycles: 0xffffffff, max_idle_ns: 1910969940391419 ns
[    0.057227] setup_percpu: NR_CPUS:64 nr_cpumask_bits:32 nr_cpu_ids:32 nr_node_ids:1
[    0.059153] percpu: Embedded 70 pages/cpu s248600 r8192 d29928 u524288
[    0.059717] Kernel command line: virtme_hostname=virtme-ng nr_open=1048576 virtme_link_mods=/nipa-data/kernel/.virtme_mods/lib/modules/0.0.0 virtme_initmount0=nipa-data/kernel virtme_rw_overlay0=/etc virtme_rw_overlay1=/lib virtme_rw_overlay2=/home virtme_rw_overlay3=/opt virtme_rw_overlay4=/srv virtme_rw_overlay5=/usr virtme_rw_overlay6=/var console=hvc0 earlyprintk=serial,ttyS0,115200 virtme_console=ttyS0 psmouse.proto=exps TERM=xterm virtme_chdir=nipa-data/kernel virtme_root_user=1 rootfstype=9p rootflags=version=9p2000.L,trans=virtio,access=any raid=noautodetect ro init=/usr/lib/python3.12/site-packages/virtme/guest/virtme-init
[    0.064898] Unknown kernel command line parameters "virtme_hostname=virtme-ng nr_open=1048576 virtme_link_mods=/nipa-data/kernel/.virtme_mods/lib/modules/0.0.0 virtme_initmount0=nipa-data/kernel virtme_rw_overlay0=/etc virtme_rw_overlay1=/lib virtme_rw_overlay2=/home virtme_rw_overlay3=/opt virtme_rw_overlay4=/srv virtme_rw_overlay5=/usr virtme_rw_overlay6=/var virtme_console=ttyS0 virtme_chdir=nipa-data/kernel virtme_root_user=1", will be passed to user space.
[    0.068344] random: crng init done
[    0.068730] Dentry cache hash table entries: 131072 (order: 8, 1048576 bytes, linear)
[    0.069371] Inode-cache hash table entries: 65536 (order: 7, 524288 bytes, linear)
[    0.070394] Fallback order for Node 0: 0 
[    0.070399] Built 1 zonelists, mobility grouping on.  Total pages: 262014
[    0.071255] Policy zone: DMA32
[    0.071493] mem auto-init: stack:all(zero), heap alloc:off, heap free:off, mlocked free:off
[    0.072166] stackdepot: allocating hash table via alloc_large_system_hash
[    0.072695] stackdepot hash table entries: 1048576 (order: 12, 16777216 bytes, linear)
[    0.081011] Memory: 781048K/1048056K available (43008K kernel code, 11213K rwdata, 9836K rodata, 5912K init, 2184K bss, 266752K reserved, 0K cma-reserved)
[    0.082280] SLUB: HWalign=64, Order=0-3, MinObjects=0, CPUs=32, Nodes=1
Poking KASLR using RDRAND RDTSC...
[    0.083097] ftrace: allocating 47960 entries in 188 pages
[    0.092425] ftrace: allocated 188 pages with 5 groups
[    0.093719] Dynamic Preempt: voluntary
[    0.094503] rcu: Preemptible hierarchical RCU implementation.
[    0.094961] rcu: RCU event tracing is enabled.
[    0.095312] rcu: RCU restricting CPUs from NR_CPUS=64 to nr_cpu_ids=32.
[    0.095833] Trampoline variant of Tasks RCU enabled.
[    0.096244] Rude variant of Tasks RCU enabled.
[    0.096600] Tracing variant of Tasks RCU enabled.
[    0.096987] rcu: RCU calculated value of scheduler-enlistment delay is 100 jiffies.
[    0.097578] rcu: Adjusting geometry for rcu_fanout_leaf=16, nr_cpu_ids=32
[    0.098184] RCU Tasks: Setting shift to 5 and lim to 1 rcu_task_cb_adjust=1.
[    0.098731] RCU Tasks Rude: Setting shift to 5 and lim to 1 rcu_task_cb_adjust=1.
[    0.099320] RCU Tasks Trace: Setting shift to 5 and lim to 1 rcu_task_cb_adjust=1.
[    0.108413] NR_IRQS: 4352, nr_irqs: 680, preallocated irqs: 16
[    0.109130] rcu: srcu_init: Setting srcu_struct sizes based on contention.
[    0.109874] Console: colour *CGA 80x25
[    0.110209] ACPI: Core revision 20240322
[    0.110666] clocksource: hpet: mask: 0xffffffff max_cycles: 0xffffffff, max_idle_ns: 19112604467 ns
[    0.111431] APIC: Switch to symmetric I/O mode setup
[    0.111816] APIC: Switched APIC routing to: physical flat
[    0.112230] kvm-guest: APIC: send_IPI_mask() replaced with kvm_send_ipi_mask()
[    0.112780] kvm-guest: APIC: send_IPI_mask_allbutself() replaced with kvm_send_ipi_mask_allbutself()
[    0.113485] kvm-guest: setup PV IPIs
[    0.114643] ..TIMER: vector=0x30 apic1=0 pin1=2 apic2=-1 pin2=-1
[    0.115473] tsc: Marking TSC unstable due to TSCs unsynchronized
[    0.116273] Calibrating delay loop (skipped) preset value.. 8983.11 BogoMIPS (lpj=4491556)
[    0.118323] x86/cpu: User Mode Instruction Prevention (UMIP) activated
[    0.119255] Last level iTLB entries: 4KB 512, 2MB 255, 4MB 127
[    0.119271] Last level dTLB entries: 4KB 512, 2MB 255, 4MB 127, 1GB 0
[    0.120277] Spectre V1 : Mitigation: usercopy/swapgs barriers and __user pointer sanitization
[    0.121275] Spectre V2 : Mitigation: Enhanced / Automatic IBRS
[    0.122271] Spectre V2 : Spectre v2 / SpectreRSB mitigation: Filling RSB on context switch
[    0.123273] Spectre V2 : mitigation: Enabling conditional Indirect Branch Prediction Barrier
[    0.124273] Speculative Store Bypass: Mitigation: Speculative Store Bypass disabled via prctl
[    0.125271] Speculative Return Stack Overflow: IBPB-extending microcode not applied!
[    0.126271] Speculative Return Stack Overflow: WARNING: See https://kernel.org/doc/html/latest/admin-guide/hw-vuln/srso.html for mitigation options.
[    0.126272] Speculative Return Stack Overflow: Vulnerable: Safe RET, no microcode
[    0.128287] x86/fpu: Supporting XSAVE feature 0x001: 'x87 floating point registers'
[    0.129271] x86/fpu: Supporting XSAVE feature 0x002: 'SSE registers'
[    0.130271] x86/fpu: Supporting XSAVE feature 0x004: 'AVX registers'
[    0.131271] x86/fpu: Supporting XSAVE feature 0x020: 'AVX-512 opmask'
[    0.132271] x86/fpu: Supporting XSAVE feature 0x040: 'AVX-512 Hi256'
[    0.133271] x86/fpu: Supporting XSAVE feature 0x080: 'AVX-512 ZMM_Hi256'
[    0.134271] x86/fpu: Supporting XSAVE feature 0x200: 'Protection Keys User registers'
[    0.135271] x86/fpu: xstate_offset[2]:  576, xstate_sizes[2]:  256
[    0.136271] x86/fpu: xstate_offset[5]:  832, xstate_sizes[5]:   64
[    0.137081] x86/fpu: xstate_offset[6]:  896, xstate_sizes[6]:  512
[    0.137271] x86/fpu: xstate_offset[7]: 1408, xstate_sizes[7]: 1024
[    0.138271] x86/fpu: xstate_offset[9]: 2432, xstate_sizes[9]:    8
[    0.139271] x86/fpu: Enabled xstate features 0x2e7, context size is 2440 bytes, using 'compacted' format.
[    0.163183] Freeing SMP alternatives memory: 40K
[    0.163272] pid_max: default: 32768 minimum: 301
[    0.164412] Mount-cache hash table entries: 2048 (order: 2, 16384 bytes, linear)
[    0.165273] Mountpoint-cache hash table entries: 2048 (order: 2, 16384 bytes, linear)
[    0.166956] smpboot: CPU0: AMD Ryzen 9 7950X 16-Core Processor (family: 0x19, model: 0x61, stepping: 0x2)
[    0.167756] Performance Events: Fam17h+ core perfctr, AMD PMU driver.
[    0.168276] ... version:                0
[    0.168802] ... bit width:              48
[    0.169273] ... generic registers:      6
[    0.169801] ... value mask:             0000ffffffffffff
[    0.170273] ... max period:             00007fffffffffff
[    0.170975] ... fixed-purpose events:   0
[    0.171273] ... event mask:             000000000000003f
[    0.172097] signal: max sigframe size: 3376
[    0.172319] rcu: Hierarchical SRCU implementation.
[    0.172946] rcu: Max phase no-delay instances is 400.
[    0.177492] smp: Bringing up secondary CPUs ...
[    0.178332] smpboot: x86: Booting SMP configuration:
[    0.178983] .... node  #0, CPUs:        #1  #2  #3  #4  #5  #6  #7  #8  #9 #10 #11 #12 #13 #14 #15 #16 #17 #18 #19 #20 #21 #22 #23 #24 #25 #26 #27 #28 #29 #30 #31
[    0.201371] smp: Brought up 1 node, 32 CPUs
[    0.202813] smpboot: Total of 32 processors activated (287459.58 BogoMIPS)
[    0.211526] devtmpfs: initialized
[    0.212456] x86/mm: Memory block size: 128MB
[    0.219306] clocksource: jiffies: mask: 0xffffffff max_cycles: 0xffffffff, max_idle_ns: 1911260446275000 ns
[    0.220278] futex hash table entries: 8192 (order: 7, 524288 bytes, linear)
[    0.221496] PM: RTC time: 12:27:25, date: 2024-06-19
[    0.222877] NET: Registered PF_NETLINK/PF_ROUTE protocol family
[    0.224183] thermal_sys: Registered thermal governor 'step_wise'
[    0.224185] thermal_sys: Registered thermal governor 'user_space'
[    0.224305] cpuidle: using governor menu
[    0.226748] PCI: Using configuration type 1 for base access
[    0.227274] PCI: Using configuration type 1 for extended access
[    0.228170] kprobes: kprobe jump-optimization is enabled. All kprobes are optimized if possible.
[    0.241426] HugeTLB: registered 1.00 GiB page size, pre-allocated 0 pages
[    0.242274] HugeTLB: 16380 KiB vmemmap can be freed for a 1.00 GiB page
[    0.243274] HugeTLB: registered 2.00 MiB page size, pre-allocated 0 pages
[    0.244274] HugeTLB: 28 KiB vmemmap can be freed for a 2.00 MiB page
[    0.246594] Demotion targets for Node 0: null
[    0.247711] ACPI: Added _OSI(Module Device)
[    0.248275] ACPI: Added _OSI(Processor Device)
[    0.249034] ACPI: Added _OSI(3.0 _SCP Extensions)
[    0.250274] ACPI: Added _OSI(Processor Aggregator Device)
[    0.284207] ACPI: 1 ACPI AML tables successfully acquired and loaded
[    0.287514] ACPI: _OSC evaluation for CPUs failed, trying _PDC
[    0.291444] ACPI: Interpreter enabled
[    0.292155] ACPI: PM: (supports S0 S3 S4 S5)
[    0.293274] ACPI: Using IOAPIC for interrupt routing
[    0.294188] PCI: Using host bridge windows from ACPI; if necessary, use "pci=nocrs" and report a bug
[    0.296274] PCI: Using E820 reservations for host bridge windows
[    0.298803] ACPI: Enabled 2 GPEs in block 00 to 0F
[    0.366183] ACPI: PCI Root Bridge [PCI0] (domain 0000 [bus 00-ff])
[    0.367294] acpi PNP0A03:00: _OSC: OS supports [ExtendedConfig ASPM ClockPM Segments MSI HPX-Type3]
[    0.368984] PCI host bridge to bus 0000:00
[    0.370279] pci_bus 0000:00: root bus resource [io  0x0000-0x0cf7 window]
[    0.371278] pci_bus 0000:00: root bus resource [io  0x0d00-0xffff window]
[    0.372277] pci_bus 0000:00: root bus resource [mem 0x000a0000-0x000bffff window]
[    0.374277] pci_bus 0000:00: root bus resource [mem 0x40000000-0xfebfffff window]
[    0.375277] pci_bus 0000:00: root bus resource [mem 0x100000000-0x17fffffff window]
[    0.376278] pci_bus 0000:00: root bus resource [bus 00-ff]
[    0.377406] pci 0000:00:00.0: [8086:1237] type 00 class 0x060000 conventional PCI endpoint
[    0.380465] pci 0000:00:01.0: [8086:7000] type 00 class 0x060100 conventional PCI endpoint
[    0.382532] pci 0000:00:01.1: [8086:7010] type 00 class 0x010180 conventional PCI endpoint
[    0.387663] pci 0000:00:01.1: BAR 4 [io  0xc0c0-0xc0cf]
[    0.390679] pci 0000:00:01.1: BAR 0 [io  0x01f0-0x01f7]: legacy IDE quirk
[    0.391274] pci 0000:00:01.1: BAR 1 [io  0x03f6]: legacy IDE quirk
[    0.392274] pci 0000:00:01.1: BAR 2 [io  0x0170-0x0177]: legacy IDE quirk
[    0.393274] pci 0000:00:01.1: BAR 3 [io  0x0376]: legacy IDE quirk
[    0.396316] pci 0000:00:01.3: [8086:7113] type 00 class 0x068000 conventional PCI endpoint
[    0.398624] pci 0000:00:01.3: quirk: [io  0x0600-0x063f] claimed by PIIX4 ACPI
[    0.399279] pci 0000:00:01.3: quirk: [io  0x0700-0x070f] claimed by PIIX4 SMB
[    0.401319] pci 0000:00:02.0: [1af4:1009] type 00 class 0x000200 conventional PCI endpoint
[    0.405274] pci 0000:00:02.0: BAR 0 [io  0xc000-0xc03f]
[    0.408274] pci 0000:00:02.0: BAR 1 [mem 0xfebfc000-0xfebfcfff]
[    0.415275] pci 0000:00:02.0: BAR 4 [mem 0xfebf0000-0xfebf3fff 64bit pref]
[    0.431163] pci 0000:00:03.0: [1af4:1009] type 00 class 0x000200 conventional PCI endpoint
[    0.434274] pci 0000:00:03.0: BAR 0 [io  0xc040-0xc07f]
[    0.436033] pci 0000:00:03.0: BAR 1 [mem 0xfebfd000-0xfebfdfff]
[    0.442273] pci 0000:00:03.0: BAR 4 [mem 0xfebf4000-0xfebf7fff 64bit pref]
[    0.457532] pci 0000:00:04.0: [8086:25ab] type 00 class 0x088000 conventional PCI endpoint
[    0.458881] pci 0000:00:04.0: BAR 0 [mem 0xfebfe000-0xfebfe00f]
[    0.474616] pci 0000:00:05.0: [1af4:1003] type 00 class 0x078000 conventional PCI endpoint
[    0.477274] pci 0000:00:05.0: BAR 0 [io  0xc080-0xc0bf]
[    0.479000] pci 0000:00:05.0: BAR 1 [mem 0xfebff000-0xfebfffff]
[    0.485274] pci 0000:00:05.0: BAR 4 [mem 0xfebf8000-0xfebfbfff 64bit pref]
[    0.502244] ACPI: PCI: Interrupt link LNKA configured for IRQ 10
[    0.503238] ACPI: PCI: Interrupt link LNKB configured for IRQ 10
[    0.505211] ACPI: PCI: Interrupt link LNKC configured for IRQ 11
[    0.507226] ACPI: PCI: Interrupt link LNKD configured for IRQ 11
[    0.508811] ACPI: PCI: Interrupt link LNKS configured for IRQ 9
[    0.528170] iommu: Default domain type: Translated
[    0.529274] iommu: DMA domain TLB invalidation policy: lazy mode
[    0.530532] SCSI subsystem initialized
[    0.531404] pps_core: LinuxPPS API ver. 1 registered
[    0.532051] pps_core: Software ver. 5.3.6 - Copyright 2005-2007 Rodolfo Giometti <giometti@linux.it>
[    0.533288] PTP clock support registered
[    0.533893] Advanced Linux Sound Architecture Driver Initialized.
[    0.535421] NET: Registered PF_ATMPVC protocol family
[    0.536085] NET: Registered PF_ATMSVC protocol family
[    0.537299] PCI: Using ACPI for IRQ routing
[    0.538318] vgaarb: loaded
[    0.538397] hpet0: at MMIO 0xfed00000, IRQs 2, 8, 0
[    0.539026] hpet0: 3 comparators, 64-bit 100.000000 MHz counter
[    0.544891] clocksource: Switched to clocksource kvm-clock
[    0.545930] VFS: Disk quotas dquot_6.6.0
[    0.546685] VFS: Dquot-cache hash table entries: 512 (order 0, 4096 bytes)
[    0.548386] pnp: PnP ACPI init
[    0.555214] pnp: PnP ACPI: found 5 devices
[    0.569415] clocksource: acpi_pm: mask: 0xffffff max_cycles: 0xffffff, max_idle_ns: 2085701024 ns
[    0.570673] NET: Registered PF_INET protocol family
[    0.571352] IP idents hash table entries: 16384 (order: 5, 131072 bytes, linear)
[    0.572736] tcp_listen_portaddr_hash hash table entries: 512 (order: 1, 8192 bytes, linear)
[    0.573837] Table-perturb hash table entries: 65536 (order: 6, 262144 bytes, linear)
[    0.574880] TCP established hash table entries: 8192 (order: 4, 65536 bytes, linear)
[    0.575978] TCP bind hash table entries: 8192 (order: 6, 262144 bytes, linear)
[    0.576928] TCP: Hash tables configured (established 8192 bind 8192)
[    0.577922] UDP hash table entries: 512 (order: 2, 16384 bytes, linear)
[    0.578849] UDP-Lite hash table entries: 512 (order: 2, 16384 bytes, linear)
[    0.579991] NET: Registered PF_UNIX/PF_LOCAL protocol family
[    0.580753] pci_bus 0000:00: resource 4 [io  0x0000-0x0cf7 window]
[    0.581556] pci_bus 0000:00: resource 5 [io  0x0d00-0xffff window]
[    0.582351] pci_bus 0000:00: resource 6 [mem 0x000a0000-0x000bffff window]
[    0.583255] pci_bus 0000:00: resource 7 [mem 0x40000000-0xfebfffff window]
[    0.584154] pci_bus 0000:00: resource 8 [mem 0x100000000-0x17fffffff window]
[    0.585277] pci 0000:00:01.0: PIIX3: Enabling Passive Release
[    0.586037] pci 0000:00:00.0: Limiting direct PCI/PCI transfers
[    0.586978] PCI: CLS 0 bytes, default 64
[    0.587912] kvm_intel: VMX not supported by CPU 24
[    0.588742] kvm_amd: TSC scaling supported
[    0.589266] kvm_amd: Nested Virtualization enabled
[    0.589899] kvm_amd: Nested Paging enabled
[    0.590443] kvm_amd: LBR virtualization supported
[    0.591070] kvm_amd: Virtual VMLOAD VMSAVE supported
[    0.591808] kvm_amd: Virtual GIF supported
[    0.592480] kvm_amd: Virtual NMI enabled
[    0.709192] Initialise system trusted keyrings
[    0.709934] workingset: timestamp_bits=56 max_order=18 bucket_order=0
[    0.710876] squashfs: version 4.0 (2009/01/31) Phillip Lougher
[    0.711638] fuse: init (API version 7.40)
[    0.712289] 9p: Installing v9fs 9p2000 file system support
[    0.722256] Key type asymmetric registered
[    0.722785] Asymmetric key parser 'x509' registered
[    0.723460] Block layer SCSI generic (bsg) driver version 0.4 loaded (major 249)
[    0.724425] io scheduler mq-deadline registered
[    0.725004] io scheduler kyber registered
[    0.726943] input: Power Button as /devices/LNXSYSTM:00/LNXPWRBN:00/input/input0
[    0.728131] ACPI: button: Power Button [PWRF]
[    0.728818] Warning: Processor Platform Limit event detected, but not handled.
[    0.729758] Consider compiling CPUfreq support into your kernel.
[    1.637200] ACPI: \_SB_.LNKB: Enabled at IRQ 10
[    2.551914] ACPI: \_SB_.LNKC: Enabled at IRQ 11
[    3.480297] ACPI: \_SB_.LNKA: Enabled at IRQ 10
[    3.481909] Serial: 8250/16550 driver, 4 ports, IRQ sharing enabled
[    3.483072] 00:03: ttyS0 at I/O 0x3f8 (irq = 4, base_baud = 115200) is a 16550A
[    3.523752] Non-volatile memory driver v1.3
[    3.524310] Linux agpgart interface v0.103
[    3.524921] printk: legacy console [hvc0] enabled
[    3.525023] ACPI: bus type drm_connector registered
[    3.525538] printk: legacy bootconsole [earlyser0] disabled
          _      _                                    
   __   _(_)_ __| |_ _ __ ___   ___       _ __   __ _ 
   \ \ / / |  __| __|  _   _ \ / _ \_____|  _ \ / _  |
    \ V /| | |  | |_| | | | | |  __/_____| | | | (_| |
     \_/ |_|_|   \__|_| |_| |_|\___|     |_| |_|\__  |
                                                |___/ 
   kernel version: 6.10.0-rc3-virtme x86_64
   (CTRL+d to exit)

virtme-ng:/nipa-data/kernel# PS1='xx__-> '
xx__-> env
PWD=/nipa-data/kernel
nr_open=1048576
HOME=/root
TERM=xterm
SHLVL=2
XDG_RUNTIME_DIR=/run/user/0
PATH=/bin:/sbin:/usr/bin:/usr/sbin:/usr/local/bin
OLDPWD=/
_=/usr/bin/env
xx__-> 