No EFI environment detected.
early console in extract_kernel
input_data: 0x00000000029f72b9
input_len: 0x0000000000ad85ee
output: 0x0000000001000000
output_len: 0x000000000248aad0
kernel_total_size: 0x0000000002230000
needed_size: 0x0000000002600000
trampoline_32bit: 0x0000000000000000
Physical KASLR using RDRAND RDTSC...
Virtual KASLR using RDRAND RDTSC...

Decompressing Linux... Parsing ELF... Performing relocations... done.
Booting the kernel (entry_offset: 0x0000000000000000).
[    0.000000] Linux version 6.8.0-rc6-virtme (root@ac3cfb123630) (gcc (Alpine 13.2.1_git20231014) 13.2.1 20231014, GNU ld (GNU Binutils) 2.42) #1 SMP PREEMPT_DYNAMIC Tue Mar  5 09:06:07 UTC 2024
[    0.000000] Command line: virtme_hostname=virtme-ng nr_open=1048576 virtme_link_mods=/nipa-data/kernel/.virtme_mods/lib/modules/0.0.0 virtme_initmount0=nipa-data/kernel virtme_rw_overlay0=/etc virtme_rw_overlay1=/lib virtme_rw_overlay2=/home virtme_rw_overlay3=/opt virtme_rw_overlay4=/srv virtme_rw_overlay5=/usr virtme_rw_overlay6=/var console=hvc0 earlyprintk=serial,ttyS0,115200 virtme_console=ttyS0 psmouse.proto=exps TERM=xterm virtme_chdir=nipa-data/kernel virtme_root_user=1 rootfstype=9p rootflags=version=9p2000.L,trans=virtio,access=any raid=noautodetect ro init=/usr/lib/python3.11/site-packages/virtme/guest/virtme-init
[    0.000000] BIOS-provided physical RAM map:
[    0.000000] BIOS-e820: [mem 0x0000000000000000-0x000000000009fbff] usable
[    0.000000] BIOS-e820: [mem 0x000000000009fc00-0x000000000009ffff] reserved
[    0.000000] BIOS-e820: [mem 0x00000000000f0000-0x00000000000fffff] reserved
[    0.000000] BIOS-e820: [mem 0x0000000000100000-0x000000003ffdffff] usable
[    0.000000] BIOS-e820: [mem 0x000000003ffe0000-0x000000003fffffff] reserved
[    0.000000] BIOS-e820: [mem 0x00000000feffc000-0x00000000feffffff] reserved
[    0.000000] BIOS-e820: [mem 0x00000000fffc0000-0x00000000ffffffff] reserved
[    0.000000] BIOS-e820: [mem 0x000000fd00000000-0x000000ffffffffff] reserved
[    0.000000] printk: legacy bootconsole [earlyser0] enabled
[    0.000000] NX (Execute Disable) protection: active
[    0.000000] APIC: Static calls initialized
[    0.000000] SMBIOS 3.0.0 present.
[    0.000000] DMI: QEMU Standard PC (i440FX + PIIX, 1996), BIOS rel-1.16.3-0-ga6ed6b701f0a-prebuilt.qemu.org 04/01/2014
[    0.000000] Hypervisor detected: KVM
[    0.000000] kvm-clock: Using msrs 4b564d01 and 4b564d00
[    0.000000] kvm-clock: using sched offset of 263717923 cycles
[    0.000460] clocksource: kvm-clock: mask: 0xffffffffffffffff max_cycles: 0x1cd42e4dffb, max_idle_ns: 881590591483 ns
[    0.001899] tsc: Detected 4491.536 MHz processor
[    0.002640] last_pfn = 0x3ffe0 max_arch_pfn = 0x400000000
[    0.003143] MTRR map: 4 entries (3 fixed + 1 variable; max 19), built from 8 variable MTRRs
[    0.003882] x86/PAT: Configuration [0-7]: WB  WC  UC- UC  WB  WP  UC- WT  
Memory KASLR using RDRAND RDTSC...
[    0.006262] found SMP MP-table at [mem 0x000f5470-0x000f547f]
[    0.006777] Using GB pages for direct mapping
[    0.007213] ACPI: Early table checksum verification disabled
[    0.007715] ACPI: RSDP 0x00000000000F5290 000014 (v00 BOCHS )
[    0.008230] ACPI: RSDT 0x000000003FFE27BC 000034 (v01 BOCHS  BXPC     00000001 BXPC 00000001)
[    0.008990] ACPI: FACP 0x000000003FFE2578 000074 (v01 BOCHS  BXPC     00000001 BXPC 00000001)
[    0.009753] ACPI: DSDT 0x000000003FFE0040 002538 (v01 BOCHS  BXPC     00000001 BXPC 00000001)
[    0.010514] ACPI: FACS 0x000000003FFE0000 000040
[    0.010923] ACPI: APIC 0x000000003FFE25EC 000170 (v03 BOCHS  BXPC     00000001 BXPC 00000001)
[    0.011675] ACPI: HPET 0x000000003FFE275C 000038 (v01 BOCHS  BXPC     00000001 BXPC 00000001)
[    0.012317] ACPI: WAET 0x000000003FFE2794 000028 (v01 BOCHS  BXPC     00000001 BXPC 00000001)
[    0.012954] ACPI: Reserving FACP table memory at [mem 0x3ffe2578-0x3ffe25eb]
[    0.013476] ACPI: Reserving DSDT table memory at [mem 0x3ffe0040-0x3ffe2577]
[    0.014001] ACPI: Reserving FACS table memory at [mem 0x3ffe0000-0x3ffe003f]
[    0.014519] ACPI: Reserving APIC table memory at [mem 0x3ffe25ec-0x3ffe275b]
[    0.015050] ACPI: Reserving HPET table memory at [mem 0x3ffe275c-0x3ffe2793]
[    0.015573] ACPI: Reserving WAET table memory at [mem 0x3ffe2794-0x3ffe27bb]
[    0.016244] No NUMA configuration found
[    0.016525] Faking a node at [mem 0x0000000000000000-0x000000003ffdffff]
[    0.017027] NODE_DATA(0) allocated [mem 0x3ffdb000-0x3ffdffff]
[    0.017463] Zone ranges:
[    0.017647]   DMA      [mem 0x0000000000001000-0x0000000000ffffff]
[    0.018105]   DMA32    [mem 0x0000000001000000-0x000000003ffdffff]
[    0.018555]   Normal   empty
[    0.018765]   Device   empty
[    0.018979] Movable zone start for each node
[    0.019290] Early memory node ranges
[    0.019553]   node   0: [mem 0x0000000000001000-0x000000000009efff]
[    0.020024]   node   0: [mem 0x0000000000100000-0x000000003ffdffff]
[    0.020480] Initmem setup node 0 [mem 0x0000000000001000-0x000000003ffdffff]
[    0.021006] On node 0, zone DMA: 1 pages in unavailable ranges
[    0.021441] On node 0, zone DMA: 97 pages in unavailable ranges
[    0.022828] On node 0, zone DMA32: 32 pages in unavailable ranges
[    0.023606] ACPI: PM-Timer IO Port: 0x608
[    0.023965] ACPI: LAPIC_NMI (acpi_id[0xff] dfl dfl lint[0x1])
[    0.024488] IOAPIC[0]: apic_id 0, version 17, address 0xfec00000, GSI 0-23
[    0.025063] ACPI: INT_SRC_OVR (bus 0 bus_irq 0 global_irq 2 dfl dfl)
[    0.025529] ACPI: INT_SRC_OVR (bus 0 bus_irq 5 global_irq 5 high level)
[    0.026024] ACPI: INT_SRC_OVR (bus 0 bus_irq 9 global_irq 9 high level)
[    0.026507] ACPI: INT_SRC_OVR (bus 0 bus_irq 10 global_irq 10 high level)
[    0.027011] ACPI: INT_SRC_OVR (bus 0 bus_irq 11 global_irq 11 high level)
[    0.027514] ACPI: Using ACPI (MADT) for SMP configuration information
[    0.028003] ACPI: HPET id: 0x8086a201 base: 0xfed00000
[    0.028381] TSC deadline timer available
[    0.028669] smpboot: Allowing 32 CPUs, 0 hotplug CPUs
[    0.029059] kvm-guest: APIC: eoi() replaced with kvm_guest_apic_eoi_write()
[    0.029579] kvm-guest: KVM setup pv remote TLB flush
[    0.029954] kvm-guest: setup PV sched yield
[    0.030263] PM: hibernation: Registered nosave memory: [mem 0x00000000-0x00000fff]
[    0.030823] PM: hibernation: Registered nosave memory: [mem 0x0009f000-0x0009ffff]
[    0.031378] PM: hibernation: Registered nosave memory: [mem 0x000a0000-0x000effff]
[    0.031957] PM: hibernation: Registered nosave memory: [mem 0x000f0000-0x000fffff]
[    0.032513] [mem 0x40000000-0xfeffbfff] available for PCI devices
[    0.032970] Booting paravirtualized kernel on KVM
[    0.033315] clocksource: refined-jiffies: mask: 0xffffffff max_cycles: 0xffffffff, max_idle_ns: 1910969940391419 ns
[    0.037055] setup_percpu: NR_CPUS:64 nr_cpumask_bits:32 nr_cpu_ids:32 nr_node_ids:1
[    0.038248] percpu: Embedded 56 pages/cpu s191784 r8192 d29400 u262144
[    0.038770] Kernel command line: virtme_hostname=virtme-ng nr_open=1048576 virtme_link_mods=/nipa-data/kernel/.virtme_mods/lib/modules/0.0.0 virtme_initmount0=nipa-data/kernel virtme_rw_overlay0=/etc virtme_rw_overlay1=/lib virtme_rw_overlay2=/home virtme_rw_overlay3=/opt virtme_rw_overlay4=/srv virtme_rw_overlay5=/usr virtme_rw_overlay6=/var console=hvc0 earlyprintk=serial,ttyS0,115200 virtme_console=ttyS0 psmouse.proto=exps TERM=xterm virtme_chdir=nipa-data/kernel virtme_root_user=1 rootfstype=9p rootflags=version=9p2000.L,trans=virtio,access=any raid=noautodetect ro init=/usr/lib/python3.11/site-packages/virtme/guest/virtme-init
[    0.043124] Unknown kernel command line parameters "virtme_hostname=virtme-ng nr_open=1048576 virtme_link_mods=/nipa-data/kernel/.virtme_mods/lib/modules/0.0.0 virtme_initmount0=nipa-data/kernel virtme_rw_overlay0=/etc virtme_rw_overlay1=/lib virtme_rw_overlay2=/home virtme_rw_overlay3=/opt virtme_rw_overlay4=/srv virtme_rw_overlay5=/usr virtme_rw_overlay6=/var virtme_console=ttyS0 virtme_chdir=nipa-data/kernel virtme_root_user=1", will be passed to user space.
[    0.046410] random: crng init done
[    0.046710] Dentry cache hash table entries: 131072 (order: 8, 1048576 bytes, linear)
[    0.047324] Inode-cache hash table entries: 65536 (order: 7, 524288 bytes, linear)
[    0.048070] Fallback order for Node 0: 0 
[    0.048072] Built 1 zonelists, mobility grouping on.  Total pages: 257760
[    0.048902] Policy zone: DMA32
[    0.049131] mem auto-init: stack:all(zero), heap alloc:off, heap free:off
[    0.050384] Memory: 986868K/1048056K available (16384K kernel code, 2351K rwdata, 5940K rodata, 2992K init, 2328K bss, 60928K reserved, 0K cma-reserved)
[    0.051436] SLUB: HWalign=64, Order=0-3, MinObjects=0, CPUs=32, Nodes=1
Poking KASLR using RDRAND RDTSC...
[    0.052186] ftrace: allocating 46328 entries in 181 pages
[    0.059245] ftrace: allocated 181 pages with 5 groups
[    0.060249] Dynamic Preempt: voluntary
[    0.060662] rcu: Preemptible hierarchical RCU implementation.
[    0.061110] rcu: RCU event tracing is enabled.
[    0.061450] rcu: RCU restricting CPUs from NR_CPUS=64 to nr_cpu_ids=32.
[    0.061980] Trampoline variant of Tasks RCU enabled.
[    0.062357] Rude variant of Tasks RCU enabled.
[    0.062694] Tracing variant of Tasks RCU enabled.
[    0.063057] rcu: RCU calculated value of scheduler-enlistment delay is 100 jiffies.
[    0.063632] rcu: Adjusting geometry for rcu_fanout_leaf=16, nr_cpu_ids=32
[    0.065411] NR_IRQS: 4352, nr_irqs: 680, preallocated irqs: 16
[    0.066130] rcu: srcu_init: Setting srcu_struct sizes based on contention.
[    0.066785] Console: colour *CGA 80x25
[    0.067078] ACPI: Core revision 20230628
[    0.067436] clocksource: hpet: mask: 0xffffffff max_cycles: 0xffffffff, max_idle_ns: 19112604467 ns
[    0.068183] APIC: Switch to symmetric I/O mode setup
[    0.068559] APIC: Switched APIC routing to: physical flat
[    0.068966] kvm-guest: APIC: send_IPI_mask() replaced with kvm_send_ipi_mask()
[    0.069497] kvm-guest: APIC: send_IPI_mask_allbutself() replaced with kvm_send_ipi_mask_allbutself()
[    0.070199] kvm-guest: setup PV IPIs
[    0.071303] ..TIMER: vector=0x30 apic1=0 pin1=2 apic2=-1 pin2=-1
[    0.072323] tsc: Marking TSC unstable due to TSCs unsynchronized
[    0.073312] Calibrating delay loop (skipped) preset value.. 8983.07 BogoMIPS (lpj=4491536)
[    0.074368] x86/cpu: User Mode Instruction Prevention (UMIP) activated
[    0.075360] Last level iTLB entries: 4KB 512, 2MB 255, 4MB 127
[    0.076131] Last level dTLB entries: 4KB 512, 2MB 255, 4MB 127, 1GB 0
[    0.076312] Spectre V1 : Mitigation: usercopy/swapgs barriers and __user pointer sanitization
[    0.077313] Spectre V2 : Mitigation: Enhanced / Automatic IBRS
[    0.078309] Spectre V2 : Spectre v2 / SpectreRSB mitigation: Filling RSB on context switch
[    0.079310] Spectre V2 : mitigation: Enabling conditional Indirect Branch Prediction Barrier
[    0.080310] Speculative Store Bypass: Mitigation: Speculative Store Bypass disabled via prctl
[    0.081309] Speculative Return Stack Overflow: IBPB-extending microcode not applied!
[    0.082309] Speculative Return Stack Overflow: WARNING: See https://kernel.org/doc/html/latest/admin-guide/hw-vuln/srso.html for mitigation options.
[    0.082310] Speculative Return Stack Overflow: Vulnerable: Safe RET, no microcode
[    0.084324] x86/fpu: Supporting XSAVE feature 0x001: 'x87 floating point registers'
[    0.085309] x86/fpu: Supporting XSAVE feature 0x002: 'SSE registers'
[    0.086309] x86/fpu: Supporting XSAVE feature 0x004: 'AVX registers'
[    0.087309] x86/fpu: Supporting XSAVE feature 0x020: 'AVX-512 opmask'
[    0.088309] x86/fpu: Supporting XSAVE feature 0x040: 'AVX-512 Hi256'
[    0.089309] x86/fpu: Supporting XSAVE feature 0x080: 'AVX-512 ZMM_Hi256'
[    0.090309] x86/fpu: Supporting XSAVE feature 0x200: 'Protection Keys User registers'
[    0.091309] x86/fpu: xstate_offset[2]:  576, xstate_sizes[2]:  256
[    0.092099] x86/fpu: xstate_offset[5]:  832, xstate_sizes[5]:   64
[    0.092309] x86/fpu: xstate_offset[6]:  896, xstate_sizes[6]:  512
[    0.093309] x86/fpu: xstate_offset[7]: 1408, xstate_sizes[7]: 1024
[    0.094309] x86/fpu: xstate_offset[9]: 2432, xstate_sizes[9]:    8
[    0.095309] x86/fpu: Enabled xstate features 0x2e7, context size is 2440 bytes, using 'compacted' format.
[    0.111201] Freeing SMP alternatives memory: 40K
[    0.111310] pid_max: default: 32768 minimum: 301
[    0.112337] Mount-cache hash table entries: 2048 (order: 2, 16384 bytes, linear)
[    0.113310] Mountpoint-cache hash table entries: 2048 (order: 2, 16384 bytes, linear)
[    0.114467] smpboot: CPU0: AMD Ryzen 9 7950X 16-Core Processor (family: 0x19, model: 0x61, stepping: 0x2)
[    0.115399] RCU Tasks: Setting shift to 5 and lim to 1 rcu_task_cb_adjust=1.
[    0.116314] RCU Tasks Rude: Setting shift to 5 and lim to 1 rcu_task_cb_adjust=1.
[    0.117288] RCU Tasks Trace: Setting shift to 5 and lim to 1 rcu_task_cb_adjust=1.
[    0.117321] Performance Events: Fam17h+ core perfctr, AMD PMU driver.
[    0.118171] ... version:                0
[    0.118311] ... bit width:              48
[    0.118829] ... generic registers:      6
[    0.119311] ... value mask:             0000ffffffffffff
[    0.119982] ... max period:             00007fffffffffff
[    0.120311] ... fixed-purpose events:   0
[    0.120832] ... event mask:             000000000000003f
[    0.121381] signal: max sigframe size: 3376
[    0.121936] rcu: Hierarchical SRCU implementation.
[    0.122311] rcu: Max phase no-delay instances is 400.
[    0.125580] smp: Bringing up secondary CPUs ...
[    0.126307] smpboot: x86: Booting SMP configuration:
[    0.126950] .... node  #0, CPUs:        #1  #2  #3  #4  #5  #6  #7  #8  #9 #10 #11 #12 #13 #14 #15 #16 #17 #18 #19 #20 #21 #22 #23 #24 #25 #26 #27 #28 #29 #30 #31
[    0.144470] smp: Brought up 1 node, 32 CPUs
[    0.145996] smpboot: Max logical packages: 1
[    0.146311] smpboot: Total of 32 processors activated (287458.30 BogoMIPS)
[    0.154384] devtmpfs: initialized
[    0.155341] x86/mm: Memory block size: 128MB
[    0.157000] clocksource: jiffies: mask: 0xffffffff max_cycles: 0xffffffff, max_idle_ns: 1911260446275000 ns
[    0.157314] futex hash table entries: 8192 (order: 7, 524288 bytes, linear)
[    0.158533] PM: RTC time: 09:06:39, date: 2024-03-05
[    0.159736] NET: Registered PF_NETLINK/PF_ROUTE protocol family
[    0.160483] thermal_sys: Registered thermal governor 'step_wise'
[    0.160484] thermal_sys: Registered thermal governor 'user_space'
[    0.161344] cpuidle: using governor menu
[    0.163590] PCI: Using configuration type 1 for base access
[    0.164312] PCI: Using configuration type 1 for extended access
[    0.165377] kprobes: kprobe jump-optimization is enabled. All kprobes are optimized if possible.
[    0.171583] HugeTLB: registered 1.00 GiB page size, pre-allocated 0 pages
[    0.173312] HugeTLB: 16380 KiB vmemmap can be freed for a 1.00 GiB page
[    0.174312] HugeTLB: registered 2.00 MiB page size, pre-allocated 0 pages
[    0.175311] HugeTLB: 28 KiB vmemmap can be freed for a 2.00 MiB page
[    0.176398] ACPI: Added _OSI(Module Device)
[    0.177313] ACPI: Added _OSI(Processor Device)
[    0.178083] ACPI: Added _OSI(3.0 _SCP Extensions)
[    0.179312] ACPI: Added _OSI(Processor Aggregator Device)
[    0.181211] ACPI: 1 ACPI AML tables successfully acquired and loaded
[    0.183343] ACPI: _OSC evaluation for CPUs failed, trying _PDC
[    0.184496] ACPI: Interpreter enabled
[    0.185134] ACPI: PM: (supports S0 S3 S4 S5)
[    0.185313] ACPI: Using IOAPIC for interrupt routing
[    0.186168] PCI: Using host bridge windows from ACPI; if necessary, use "pci=nocrs" and report a bug
[    0.188312] PCI: Using E820 reservations for host bridge windows
[    0.189420] ACPI: Enabled 2 GPEs in block 00 to 0F
[    0.193497] ACPI: PCI Root Bridge [PCI0] (domain 0000 [bus 00-ff])
[    0.194315] acpi PNP0A03:00: _OSC: OS supports [ExtendedConfig ASPM ClockPM Segments MSI HPX-Type3]
[    0.196428] PCI host bridge to bus 0000:00
[    0.197100] pci_bus 0000:00: root bus resource [io  0x0000-0x0cf7 window]
[    0.198312] pci_bus 0000:00: root bus resource [io  0x0d00-0xffff window]
[    0.199312] pci_bus 0000:00: root bus resource [mem 0x000a0000-0x000bffff window]
[    0.200312] pci_bus 0000:00: root bus resource [mem 0x40000000-0xfebfffff window]
[    0.201312] pci_bus 0000:00: root bus resource [mem 0x100000000-0x17fffffff window]
[    0.202312] pci_bus 0000:00: root bus resource [bus 00-ff]
[    0.203341] pci 0000:00:00.0: [8086:1237] type 00 class 0x060000 conventional PCI endpoint
[    0.205633] pci 0000:00:01.0: [8086:7000] type 00 class 0x060100 conventional PCI endpoint
[    0.207722] pci 0000:00:01.1: [8086:7010] type 00 class 0x010180 conventional PCI endpoint
[    0.212669] pci 0000:00:01.1: BAR 4 [io  0xc0c0-0xc0cf]
[    0.215327] pci 0000:00:01.1: BAR 0 [io  0x01f0-0x01f7]: legacy IDE quirk
[    0.216312] pci 0000:00:01.1: BAR 1 [io  0x03f6]: legacy IDE quirk
[    0.217312] pci 0000:00:01.1: BAR 2 [io  0x0170-0x0177]: legacy IDE quirk
[    0.218312] pci 0000:00:01.1: BAR 3 [io  0x0376]: legacy IDE quirk
[    0.219435] pci 0000:00:01.3: [8086:7113] type 00 class 0x068000 conventional PCI endpoint
[    0.221621] pci 0000:00:01.3: quirk: [io  0x0600-0x063f] claimed by PIIX4 ACPI
[    0.222317] pci 0000:00:01.3: quirk: [io  0x0700-0x070f] claimed by PIIX4 SMB
[    0.223528] pci 0000:00:02.0: [1af4:1009] type 00 class 0x000200 conventional PCI endpoint
[    0.227312] pci 0000:00:02.0: BAR 0 [io  0xc000-0xc03f]
[    0.230055] pci 0000:00:02.0: BAR 1 [mem 0xfebfc000-0xfebfcfff]
[    0.236231] pci 0000:00:02.0: BAR 4 [mem 0xfebf0000-0xfebf3fff 64bit pref]
[    0.239941] pci 0000:00:03.0: [1af4:1009] type 00 class 0x000200 conventional PCI endpoint
[    0.242312] pci 0000:00:03.0: BAR 0 [io  0xc040-0xc07f]
[    0.244023] pci 0000:00:03.0: BAR 1 [mem 0xfebfd000-0xfebfdfff]
[    0.250069] pci 0000:00:03.0: BAR 4 [mem 0xfebf4000-0xfebf7fff 64bit pref]
[    0.252878] pci 0000:00:04.0: [8086:25ab] type 00 class 0x088000 conventional PCI endpoint
[    0.254913] pci 0000:00:04.0: BAR 0 [mem 0xfebfe000-0xfebfe00f]
[    0.260264] pci 0000:00:05.0: [1af4:1003] type 00 class 0x078000 conventional PCI endpoint
[    0.263311] pci 0000:00:05.0: BAR 0 [io  0xc080-0xc0bf]
[    0.265026] pci 0000:00:05.0: BAR 1 [mem 0xfebff000-0xfebfffff]
[    0.271311] pci 0000:00:05.0: BAR 4 [mem 0xfebf8000-0xfebfbfff 64bit pref]
[    0.273875] ACPI: PCI: Interrupt link LNKA configured for IRQ 10
[    0.275424] ACPI: PCI: Interrupt link LNKB configured for IRQ 10
[    0.276332] ACPI: PCI: Interrupt link LNKC configured for IRQ 11
[    0.277227] ACPI: PCI: Interrupt link LNKD configured for IRQ 11
[    0.278384] ACPI: PCI: Interrupt link LNKS configured for IRQ 9
[    0.280076] iommu: Default domain type: Translated
[    0.281311] iommu: DMA domain TLB invalidation policy: lazy mode
[    0.282155] SCSI subsystem initialized
[    0.282350] pps_core: LinuxPPS API ver. 1 registered
[    0.282999] pps_core: Software ver. 5.3.6 - Copyright 2005-2007 Rodolfo Giometti <giometti@linux.it>
[    0.284313] PTP clock support registered
[    0.284850] Advanced Linux Sound Architecture Driver Initialized.
[    0.285624] NET: Registered PF_ATMPVC protocol family
[    0.286288] NET: Registered PF_ATMSVC protocol family
[    0.287315] PCI: Using ACPI for IRQ routing
[    0.288328] vgaarb: loaded
[    0.288347] hpet0: at MMIO 0xfed00000, IRQs 2, 8, 0
[    0.288995] hpet0: 3 comparators, 64-bit 100.000000 MHz counter
[    0.296150] clocksource: Switched to clocksource kvm-clock
[    0.296548] VFS: Disk quotas dquot_6.6.0
[    0.297133] VFS: Dquot-cache hash table entries: 512 (order 0, 4096 bytes)
[    0.298096] pnp: PnP ACPI init
[    0.298695] pnp: PnP ACPI: found 5 devices
[    0.306644] clocksource: acpi_pm: mask: 0xffffff max_cycles: 0xffffff, max_idle_ns: 2085701024 ns
[    0.307914] NET: Registered PF_INET protocol family
[    0.308663] IP idents hash table entries: 16384 (order: 5, 131072 bytes, linear)
[    0.309794] tcp_listen_portaddr_hash hash table entries: 512 (order: 1, 8192 bytes, linear)
[    0.310907] Table-perturb hash table entries: 65536 (order: 6, 262144 bytes, linear)
[    0.311942] TCP established hash table entries: 8192 (order: 4, 65536 bytes, linear)
[    0.312973] TCP bind hash table entries: 8192 (order: 6, 262144 bytes, linear)
[    0.313935] TCP: Hash tables configured (established 8192 bind 8192)
[    0.314790] UDP hash table entries: 512 (order: 2, 16384 bytes, linear)
[    0.315891] UDP-Lite hash table entries: 512 (order: 2, 16384 bytes, linear)
[    0.317092] NET: Registered PF_UNIX/PF_LOCAL protocol family
[    0.318038] pci_bus 0000:00: resource 4 [io  0x0000-0x0cf7 window]
[    0.319063] pci_bus 0000:00: resource 5 [io  0x0d00-0xffff window]
[    0.320091] pci_bus 0000:00: resource 6 [mem 0x000a0000-0x000bffff window]
[    0.321231] pci_bus 0000:00: resource 7 [mem 0x40000000-0xfebfffff window]
[    0.322370] pci_bus 0000:00: resource 8 [mem 0x100000000-0x17fffffff window]
[    0.323571] pci 0000:00:01.0: PIIX3: Enabling Passive Release
[    0.324551] pci 0000:00:00.0: Limiting direct PCI/PCI transfers
[    0.325575] PCI: CLS 0 bytes, default 64
[    0.326270] kvm_intel: VMX not supported by CPU 4
[    0.327071] kvm_amd: TSC scaling supported
[    0.327760] kvm_amd: Nested Virtualization enabled
[    0.328553] kvm_amd: Nested Paging enabled
[    0.329252] kvm_amd: Virtual VMLOAD VMSAVE supported
[    0.330076] kvm_amd: Virtual GIF supported
[    0.330755] kvm_amd: Virtual NMI enabled
[    0.331404] kvm_amd: LBR virtualization supported
[    0.424154] workingset: timestamp_bits=56 max_order=18 bucket_order=0
[    0.425313] squashfs: version 4.0 (2009/01/31) Phillip Lougher
[    0.426332] fuse: init (API version 7.39)
[    0.427073] 9p: Installing v9fs 9p2000 file system support
[    0.428051] Key type asymmetric registered
[    0.428852] Block layer SCSI generic (bsg) driver version 0.4 loaded (major 249)
[    0.430108] io scheduler mq-deadline registered
[    0.430873] io scheduler kyber registered
[    0.432647] input: Power Button as /devices/LNXSYSTM:00/LNXPWRBN:00/input/input0
[    0.433989] ACPI: button: Power Button [PWRF]
[    0.434756] Warning: Processor Platform Limit event detected, but not handled.
[    0.435974] Consider compiling CPUfreq support into your kernel.
[    0.456898] ACPI: \_SB_.LNKB: Enabled at IRQ 10
[    0.474498] ACPI: \_SB_.LNKC: Enabled at IRQ 11
[    0.491688] ACPI: \_SB_.LNKA: Enabled at IRQ 10
[    0.493001] Serial: 8250/16550 driver, 4 ports, IRQ sharing enabled
[    0.493954] 00:03: ttyS0 at I/O 0x3f8 (irq = 4, base_baud = 115200) is a 16550A
[    0.534103] Non-volatile memory driver v1.3
[    0.534703] Linux agpgart interface v0.103
[    0.534767] ACPI: bus type drm_connector registered
[    0.536046] printk: legacy console [hvc0] enabled
[    0.536696] printk: legacy bootconsole [earlyser0] disabled
          _      _                                    
   __   _(_)_ __| |_ _ __ ___   ___       _ __   __ _ 
   \ \ / / |  __| __|  _   _ \ / _ \_____|  _ \ / _  |
    \ V /| | |  | |_| | | | | |  __/_____| | | | (_| |
     \_/ |_|_|   \__|_| |_| |_|\___|     |_| |_|\__  |
                                                |___/ 
   kernel version: 6.8.0-rc6-virtme x86_64
   (CTRL+d to exit)

virtme-ng:/nipa-data/kernel# PS1='xx__-> '
xx__-> env
PWD=/nipa-data/kernel
nr_open=1048576
HOME=/
TERM=xterm
SHLVL=2
XDG_RUNTIME_DIR=/run/user/0
PATH=/bin:/sbin:/usr/bin:/usr/sbin:/usr/local/bin
OLDPWD=/
_=/usr/bin/env
xx__-> 