No EFI environment detected.
early console in extract_kernel
input_data: 0x0000000004cba2c4
input_len: 0x00000000018c8847
output: 0x0000000001000000
output_len: 0x000000000550d1bc
kernel_total_size: 0x0000000005030000
needed_size: 0x0000000005600000
trampoline_32bit: 0x000000000009d000
Physical KASLR using RDRAND RDTSC...
Virtual KASLR using RDRAND RDTSC...

Decompressing Linux... Parsing ELF... Performing relocations... done.
Booting the kernel (entry_offset: 0x0000000000000000).
[    0.000000] Linux version 6.11.0-virtme (root@9cc0dd9ebf63) (gcc (Ubuntu 13.2.0-23ubuntu4) 13.2.0, GNU ld (GNU Binutils for Ubuntu) 2.42) #1 SMP PREEMPT_DYNAMIC Sun Sep 29 12:35:33 UTC 2024
[    0.000000] Command line: virtme_hostname=virtme-ng nr_open=1048576 virtme_link_mods=/nipa-data/kernel/.virtme_mods/lib/modules/0.0.0 virtme_initmount0=nipa-data/kernel virtme_rw_overlay0=/etc virtme_rw_overlay1=/lib virtme_rw_overlay2=/home virtme_rw_overlay3=/opt virtme_rw_overlay4=/srv virtme_rw_overlay5=/usr virtme_rw_overlay6=/var console=hvc0 earlyprintk=serial,ttyS0,115200 virtme_console=ttyS0 psmouse.proto=exps TERM=xterm virtme_chdir=nipa-data/kernel virtme_root_user=1 rootfstype=9p rootflags=version=9p2000.L,trans=virtio,access=any raid=noautodetect ro init=/usr/lib/python3/dist-packages/virtme/guest/virtme-init
[    0.000000] x86/split lock detection: #DB: warning on user-space bus_locks
[    0.000000] BIOS-provided physical RAM map:
[    0.000000] BIOS-e820: [mem 0x0000000000000000-0x000000000009fbff] usable
[    0.000000] BIOS-e820: [mem 0x000000000009fc00-0x000000000009ffff] reserved
[    0.000000] BIOS-e820: [mem 0x00000000000f0000-0x00000000000fffff] reserved
[    0.000000] BIOS-e820: [mem 0x0000000000100000-0x000000003ffdffff] usable
[    0.000000] BIOS-e820: [mem 0x000000003ffe0000-0x000000003fffffff] reserved
[    0.000000] BIOS-e820: [mem 0x00000000feffc000-0x00000000feffffff] reserved
[    0.000000] BIOS-e820: [mem 0x00000000fffc0000-0x00000000ffffffff] reserved
[    0.000000] printk: legacy bootconsole [earlyser0] enabled
[    0.000000] NX (Execute Disable) protection: active
[    0.000000] APIC: Static calls initialized
[    0.000000] SMBIOS 3.0.0 present.
[    0.000000] DMI: QEMU Ubuntu 24.04 PC (i440FX + PIIX, 1996), BIOS 1.16.3-debian-1.16.3-2 04/01/2014
[    0.000000] DMI: Memory slots populated: 1/1
[    0.000000] Hypervisor detected: KVM
[    0.000000] kvm-clock: Using msrs 4b564d01 and 4b564d00
[    0.000001] kvm-clock: using sched offset of 1240203996 cycles
[    0.000774] clocksource: kvm-clock: mask: 0xffffffffffffffff max_cycles: 0x1cd42e4dffb, max_idle_ns: 881590591483 ns
[    0.003159] tsc: Detected 2000.000 MHz processor
[    0.004531] last_pfn = 0x3ffe0 max_arch_pfn = 0x10000000000
[    0.005405] MTRR map: 4 entries (3 fixed + 1 variable; max 19), built from 8 variable MTRRs
[    0.006627] x86/PAT: Configuration [0-7]: WB  WC  UC- UC  WB  WP  UC- WT  
[    0.015274] found SMP MP-table at [mem 0x000f5470-0x000f547f]
[    0.016131] Using GB pages for direct mapping
[    0.017273] ACPI: Early table checksum verification disabled
[    0.018102] ACPI: RSDP 0x00000000000F5290 000014 (v00 BOCHS )
[    0.018947] ACPI: RSDT 0x000000003FFE308E 000034 (v01 BOCHS  BXPC     00000001 BXPC 00000001)
[    0.020198] ACPI: FACP 0x000000003FFE2D8A 000074 (v01 BOCHS  BXPC     00000001 BXPC 00000001)
[    0.021453] ACPI: DSDT 0x000000003FFE0040 002D4A (v01 BOCHS  BXPC     00000001 BXPC 00000001)
[    0.022701] ACPI: FACS 0x000000003FFE0000 000040
[    0.023379] ACPI: APIC 0x000000003FFE2DFE 000230 (v03 BOCHS  BXPC     00000001 BXPC 00000001)
[    0.024633] ACPI: HPET 0x000000003FFE302E 000038 (v01 BOCHS  BXPC     00000001 BXPC 00000001)
[    0.025879] ACPI: WAET 0x000000003FFE3066 000028 (v01 BOCHS  BXPC     00000001 BXPC 00000001)
[    0.027125] ACPI: Reserving FACP table memory at [mem 0x3ffe2d8a-0x3ffe2dfd]
[    0.028152] ACPI: Reserving DSDT table memory at [mem 0x3ffe0040-0x3ffe2d89]
[    0.029184] ACPI: Reserving FACS table memory at [mem 0x3ffe0000-0x3ffe003f]
[    0.030212] ACPI: Reserving APIC table memory at [mem 0x3ffe2dfe-0x3ffe302d]
[    0.031246] ACPI: Reserving HPET table memory at [mem 0x3ffe302e-0x3ffe3065]
[    0.032272] ACPI: Reserving WAET table memory at [mem 0x3ffe3066-0x3ffe308d]
[    0.033820] No NUMA configuration found
[    0.034380] Faking a node at [mem 0x0000000000000000-0x000000003ffdffff]
[    0.035360] NODE_DATA(0) allocated [mem 0x3ffdb780-0x3ffdffff]
[    0.036376] Zone ranges:
[    0.036748]   DMA      [mem 0x0000000000001000-0x0000000000ffffff]
[    0.037649]   DMA32    [mem 0x0000000001000000-0x000000003ffdffff]
[    0.038551]   Normal   empty
[    0.038972]   Device   empty
[    0.039393] Movable zone start for each node
[    0.040015] Early memory node ranges
[    0.040539]   node   0: [mem 0x0000000000001000-0x000000000009efff]
[    0.041457]   node   0: [mem 0x0000000000100000-0x000000003ffdffff]
[    0.042370] Initmem setup node 0 [mem 0x0000000000001000-0x000000003ffdffff]
[    0.043404] On node 0, zone DMA: 1 pages in unavailable ranges
[    0.044360] On node 0, zone DMA: 97 pages in unavailable ranges
[    0.054068] On node 0, zone DMA32: 32 pages in unavailable ranges
[    0.088173] kasan: KernelAddressSanitizer initialized
[    0.089478] ACPI: PM-Timer IO Port: 0x608
[    0.090096] ACPI: LAPIC_NMI (acpi_id[0xff] dfl dfl lint[0x1])
[    0.090994] IOAPIC[0]: apic_id 0, version 17, address 0xfec00000, GSI 0-23
[    0.092003] ACPI: INT_SRC_OVR (bus 0 bus_irq 0 global_irq 2 dfl dfl)
[    0.092944] ACPI: INT_SRC_OVR (bus 0 bus_irq 5 global_irq 5 high level)
[    0.093909] ACPI: INT_SRC_OVR (bus 0 bus_irq 9 global_irq 9 high level)
[    0.094873] ACPI: INT_SRC_OVR (bus 0 bus_irq 10 global_irq 10 high level)
[    0.095864] ACPI: INT_SRC_OVR (bus 0 bus_irq 11 global_irq 11 high level)
[    0.096863] ACPI: Using ACPI (MADT) for SMP configuration information
[    0.097802] ACPI: HPET id: 0x8086a201 base: 0xfed00000
[    0.098553] TSC deadline timer available
[    0.099129] CPU topo: Max. logical packages:   1
[    0.099802] CPU topo: Max. logical dies:       1
[    0.100556] CPU topo: Max. dies per package:   1
[    0.101233] CPU topo: Max. threads per core:   1
[    0.101907] CPU topo: Num. cores per package:    56
[    0.102619] CPU topo: Num. threads per package:  56
[    0.103330] CPU topo: Allowing 56 present CPUs plus 0 hotplug CPUs
[    0.104263] kvm-guest: APIC: eoi() replaced with kvm_guest_apic_eoi_write()
[    0.105304] kvm-guest: KVM setup pv remote TLB flush
[    0.106032] kvm-guest: setup PV sched yield
[    0.106651] PM: hibernation: Registered nosave memory: [mem 0x00000000-0x00000fff]
[    0.107757] PM: hibernation: Registered nosave memory: [mem 0x0009f000-0x0009ffff]
[    0.108862] PM: hibernation: Registered nosave memory: [mem 0x000a0000-0x000effff]
[    0.109966] PM: hibernation: Registered nosave memory: [mem 0x000f0000-0x000fffff]
[    0.111069] [mem 0x40000000-0xfeffbfff] available for PCI devices
[    0.111958] Booting paravirtualized kernel on KVM
[    0.112648] clocksource: refined-jiffies: mask: 0xffffffff max_cycles: 0xffffffff, max_idle_ns: 1910969940391419 ns
[    0.135458] setup_percpu: NR_CPUS:64 nr_cpumask_bits:56 nr_cpu_ids:56 nr_node_ids:1
[    0.146026] percpu: Embedded 70 pages/cpu s248792 r8192 d29736 u524288
[    0.147219] Kernel command line: virtme_hostname=virtme-ng nr_open=1048576 virtme_link_mods=/nipa-data/kernel/.virtme_mods/lib/modules/0.0.0 virtme_initmount0=nipa-data/kernel virtme_rw_overlay0=/etc virtme_rw_overlay1=/lib virtme_rw_overlay2=/home virtme_rw_overlay3=/opt virtme_rw_overlay4=/srv virtme_rw_overlay5=/usr virtme_rw_overlay6=/var console=hvc0 earlyprintk=serial,ttyS0,115200 virtme_console=ttyS0 psmouse.proto=exps TERM=xterm virtme_chdir=nipa-data/kernel virtme_root_user=1 rootfstype=9p rootflags=version=9p2000.L,trans=virtio,access=any raid=noautodetect ro init=/usr/lib/python3/dist-packages/virtme/guest/virtme-init
[    0.155765] Unknown kernel command line parameters "virtme_hostname=virtme-ng nr_open=1048576 virtme_link_mods=/nipa-data/kernel/.virtme_mods/lib/modules/0.0.0 virtme_initmount0=nipa-data/kernel virtme_rw_overlay0=/etc virtme_rw_overlay1=/lib virtme_rw_overlay2=/home virtme_rw_overlay3=/opt virtme_rw_overlay4=/srv virtme_rw_overlay5=/usr virtme_rw_overlay6=/var virtme_console=ttyS0 virtme_chdir=nipa-data/kernel virtme_root_user=1", will be passed to user space.
[    0.161819] random: crng init done
[    0.162323] printk: log_buf_len individual max cpu contribution: 4096 bytes
[    0.163351] printk: log_buf_len total cpu_extra contributions: 225280 bytes
[    0.164378] printk: log_buf_len min size: 262144 bytes
[    0.165966] printk: log_buf_len: 524288 bytes
[    0.166637] printk: early log buf free: 253864(96%)
[    0.167814] Dentry cache hash table entries: 131072 (order: 8, 1048576 bytes, linear)
[    0.169062] Inode-cache hash table entries: 65536 (order: 7, 524288 bytes, linear)
[    0.172859] Fallback order for Node 0: 0 
[    0.172875] Built 1 zonelists, mobility grouping on.  Total pages: 262014
[    0.174411] Policy zone: DMA32
[    0.174843] mem auto-init: stack:all(zero), heap alloc:off, heap free:off
[    0.175793] stackdepot: allocating hash table via alloc_large_system_hash
[    0.176751] stackdepot hash table entries: 1048576 (order: 12, 16777216 bytes, linear)
[    0.201503] SLUB: HWalign=64, Order=0-3, MinObjects=0, CPUs=56, Nodes=1
Poking KASLR using RDRAND RDTSC...
[    0.203052] ftrace: allocating 48543 entries in 190 pages
[    0.223211] ftrace: allocated 190 pages with 6 groups
[    0.225879] Dynamic Preempt: voluntary
[    0.228449] rcu: Preemptible hierarchical RCU implementation.
[    0.229264] rcu: RCU event tracing is enabled.
[    0.229902] rcu: RCU restricting CPUs from NR_CPUS=64 to nr_cpu_ids=56.
[    0.230840] Trampoline variant of Tasks RCU enabled.
[    0.231546] Rude variant of Tasks RCU enabled.
[    0.232178] Tracing variant of Tasks RCU enabled.
[    0.232872] rcu: RCU calculated value of scheduler-enlistment delay is 100 jiffies.
[    0.233942] rcu: Adjusting geometry for rcu_fanout_leaf=16, nr_cpu_ids=56
[    0.235194] RCU Tasks: Setting shift to 6 and lim to 1 rcu_task_cb_adjust=1 rcu_task_cpu_ids=56.
[    0.236434] RCU Tasks Rude: Setting shift to 6 and lim to 1 rcu_task_cb_adjust=1 rcu_task_cpu_ids=56.
[    0.237730] RCU Tasks Trace: Setting shift to 6 and lim to 1 rcu_task_cb_adjust=1 rcu_task_cpu_ids=56.
[    0.259352] NR_IRQS: 4352, nr_irqs: 872, preallocated irqs: 16
[    0.260703] rcu: srcu_init: Setting srcu_struct sizes based on contention.
[    0.262136] Console: colour *CGA 80x25
[    0.262784] ACPI: Core revision 20240827
[    0.263693] clocksource: hpet: mask: 0xffffffff max_cycles: 0xffffffff, max_idle_ns: 19112604467 ns
[    0.265118] APIC: Switch to symmetric I/O mode setup
[    0.266004] kvm-guest: APIC: send_IPI_mask() replaced with kvm_send_ipi_mask()
[    0.267355] kvm-guest: APIC: send_IPI_mask_allbutself() replaced with kvm_send_ipi_mask_allbutself()
[    0.268704] kvm-guest: setup PV IPIs
[    0.271031] ..TIMER: vector=0x30 apic1=0 pin1=2 apic2=-1 pin2=-1
[    0.272486] clocksource: tsc-early: mask: 0xffffffffffffffff max_cycles: 0x39a85c9bff6, max_idle_ns: 881590591483 ns
[    0.275422] Calibrating delay loop (skipped) preset value.. 4000.00 BogoMIPS (lpj=2000000)
[    0.276648] x86/cpu: User Mode Instruction Prevention (UMIP) activated
[    0.277574] Last level iTLB entries: 4KB 0, 2MB 0, 4MB 0
[    0.278415] Last level dTLB entries: 4KB 0, 2MB 0, 4MB 0, 1GB 0
[    0.279439] Spectre V1 : Mitigation: usercopy/swapgs barriers and __user pointer sanitization
[    0.280424] Spectre V2 : Spectre BHI mitigation: SW BHB clearing on syscall and VM exit
[    0.281418] Spectre V2 : Mitigation: Enhanced / Automatic IBRS
[    0.282415] Spectre V2 : Spectre v2 / SpectreRSB mitigation: Filling RSB on context switch
[    0.283415] Spectre V2 : Spectre v2 / PBRSB-eIBRS: Retire a single CALL on VMEXIT
[    0.284420] Spectre V2 : mitigation: Enabling conditional Indirect Branch Prediction Barrier
[    0.285429] Speculative Store Bypass: Mitigation: Speculative Store Bypass disabled via prctl
[    0.286426] TAA: Mitigation: TSX disabled
[    0.287514] x86/fpu: Supporting XSAVE feature 0x001: 'x87 floating point registers'
[    0.288425] x86/fpu: Supporting XSAVE feature 0x002: 'SSE registers'
[    0.289425] x86/fpu: Supporting XSAVE feature 0x004: 'AVX registers'
[    0.290425] x86/fpu: Supporting XSAVE feature 0x020: 'AVX-512 opmask'
[    0.291425] x86/fpu: Supporting XSAVE feature 0x040: 'AVX-512 Hi256'
[    0.292418] x86/fpu: Supporting XSAVE feature 0x080: 'AVX-512 ZMM_Hi256'
[    0.293425] x86/fpu: Supporting XSAVE feature 0x200: 'Protection Keys User registers'
[    0.294425] x86/fpu: Supporting XSAVE feature 0x20000: 'AMX Tile config'
[    0.295425] x86/fpu: Supporting XSAVE feature 0x40000: 'AMX Tile data'
[    0.296426] x86/fpu: xstate_offset[2]:  576, xstate_sizes[2]:  256
[    0.297425] x86/fpu: xstate_offset[5]:  832, xstate_sizes[5]:   64
[    0.298418] x86/fpu: xstate_offset[6]:  896, xstate_sizes[6]:  512
[    0.299425] x86/fpu: xstate_offset[7]: 1408, xstate_sizes[7]: 1024
[    0.300425] x86/fpu: xstate_offset[9]: 2432, xstate_sizes[9]:    8
[    0.301425] x86/fpu: xstate_offset[17]: 2496, xstate_sizes[17]:   64
[    0.302418] x86/fpu: xstate_offset[18]: 2560, xstate_sizes[18]: 8192
[    0.303425] x86/fpu: Enabled xstate features 0x602e7, context size is 10752 bytes, using 'compacted' format.
[    0.349137] Freeing SMP alternatives memory: 40K
[    0.349419] pid_max: default: 57344 minimum: 448
[    0.351698] Mount-cache hash table entries: 2048 (order: 2, 16384 bytes, linear)
[    0.352430] Mountpoint-cache hash table entries: 2048 (order: 2, 16384 bytes, linear)
[    0.354867] smpboot: CPU0: Intel(R) Xeon(R) Platinum 8480+ (family: 0x6, model: 0x8f, stepping: 0x6)
[    0.356222] Performance Events: PEBS fmt0-, Sapphire Rapids events, full-width counters, Intel PMU driver.
[    0.356422] ... version:                2
[    0.357240] ... bit width:              48
[    0.357417] ... generic registers:      8
[    0.358225] ... value mask:             0000ffffffffffff
[    0.358417] ... max period:             00007fffffffffff
[    0.359417] ... fixed-purpose events:   3
[    0.360226] ... event mask:             00000007000000ff
[    0.360742] signal: max sigframe size: 11952
[    0.361493] rcu: Hierarchical SRCU implementation.
[    0.362417] rcu: Max phase no-delay instances is 400.
[    0.363529] Timer migration: 2 hierarchy levels; 8 children per group; 2 crossnode level
[    0.367089] smp: Bringing up secondary CPUs ...
[    0.367716] smpboot: x86: Booting SMP configuration:
[    0.368422] .... node  #0, CPUs:        #1  #2  #3  #4  #5  #6  #7  #8  #9 #10 #11 #12 #13 #14 #15 #16 #17 #18 #19 #20 #21 #22 #23 #24 #25 #26 #27 #28 #29 #30 #31 #32 #33 #34 #35 #36 #37 #38 #39 #40 #41 #42 #43 #44 #45 #46 #47 #48 #49 #50 #51 #52 #53 #54 #55
[    0.516318] smp: Brought up 1 node, 56 CPUs
[    0.517288] smpboot: Total of 56 processors activated (224000.00 BogoMIPS)
[    0.536448] Memory: 742776K/1048056K available (45056K kernel code, 11383K rwdata, 10000K rodata, 5996K init, 1808K bss, 280344K reserved, 0K cma-reserved)
[    0.538567] devtmpfs: initialized
[    0.539685] x86/mm: Memory block size: 128MB
[    0.549837] clocksource: jiffies: mask: 0xffffffff max_cycles: 0xffffffff, max_idle_ns: 1911260446275000 ns
[    0.550442] futex hash table entries: 16384 (order: 8, 1048576 bytes, linear)
[    0.552420] PM: RTC time: 12:36:27, date: 2024-09-29
[    0.556699] NET: Registered PF_NETLINK/PF_ROUTE protocol family
[    0.558601] thermal_sys: Registered thermal governor 'step_wise'
[    0.558606] thermal_sys: Registered thermal governor 'user_space'
[    0.559525] cpuidle: using governor menu
[    0.563972] PCI: Using configuration type 1 for base access
[    0.564609] kprobes: kprobe jump-optimization is enabled. All kprobes are optimized if possible.
[    0.578620] HugeTLB: registered 1.00 GiB page size, pre-allocated 0 pages
[    0.580423] HugeTLB: 16380 KiB vmemmap can be freed for a 1.00 GiB page
[    0.582421] HugeTLB: registered 2.00 MiB page size, pre-allocated 0 pages
[    0.585419] HugeTLB: 28 KiB vmemmap can be freed for a 2.00 MiB page
[    0.589722] ACPI: Added _OSI(Module Device)
[    0.590421] ACPI: Added _OSI(Processor Device)
[    0.591348] ACPI: Added _OSI(3.0 _SCP Extensions)
[    0.592418] ACPI: Added _OSI(Processor Aggregator Device)
[    0.624413] ACPI: 1 ACPI AML tables successfully acquired and loaded
[    0.636489] ACPI: Interpreter enabled
[    0.637377] ACPI: PM: (supports S0 S3 S4 S5)
[    0.638418] ACPI: Using IOAPIC for interrupt routing
[    0.639493] PCI: Using host bridge windows from ACPI; if necessary, use "pci=nocrs" and report a bug
[    0.641418] PCI: Using E820 reservations for host bridge windows
[    0.643873] ACPI: Enabled 2 GPEs in block 00 to 0F
[    0.704545] ACPI: PCI Root Bridge [PCI0] (domain 0000 [bus 00-ff])
[    0.705413] acpi PNP0A03:00: _OSC: OS supports [ASPM ClockPM Segments MSI HPX-Type3]
[    0.707419] acpi PNP0A03:00: _OSC: not requesting OS control; OS requires [ExtendedConfig ASPM ClockPM MSI]
[    0.709551] acpi PNP0A03:00: fail to add MMCONFIG information, can't access extended configuration space under this bridge
[    0.711862] PCI host bridge to bus 0000:00
[    0.712479] pci_bus 0000:00: root bus resource [io  0x0000-0x0cf7 window]
[    0.714421] pci_bus 0000:00: root bus resource [io  0x0d00-0xffff window]
[    0.715420] pci_bus 0000:00: root bus resource [mem 0x000a0000-0x000bffff window]
[    0.716420] pci_bus 0000:00: root bus resource [mem 0x40000000-0xfebfffff window]
[    0.718420] pci_bus 0000:00: root bus resource [mem 0x100000000-0x17fffffff window]
[    0.719421] pci_bus 0000:00: root bus resource [bus 00-ff]
[    0.720489] pci 0000:00:00.0: [8086:1237] type 00 class 0x060000 conventional PCI endpoint
[    0.722680] pci 0000:00:01.0: [8086:7000] type 00 class 0x060100 conventional PCI endpoint
[    0.725759] pci 0000:00:01.1: [8086:7010] type 00 class 0x010180 conventional PCI endpoint
[    0.730745] pci 0000:00:01.1: BAR 4 [io  0xc0c0-0xc0cf]
[    0.732778] pci 0000:00:01.1: BAR 0 [io  0x01f0-0x01f7]: legacy IDE quirk
[    0.734418] pci 0000:00:01.1: BAR 1 [io  0x03f6]: legacy IDE quirk
[    0.735417] pci 0000:00:01.1: BAR 2 [io  0x0170-0x0177]: legacy IDE quirk
[    0.737417] pci 0000:00:01.1: BAR 3 [io  0x0376]: legacy IDE quirk
[    0.740413] pci 0000:00:01.3: [8086:7113] type 00 class 0x068000 conventional PCI endpoint
[    0.743027] pci 0000:00:01.3: quirk: [io  0x0600-0x063f] claimed by PIIX4 ACPI
[    0.744427] pci 0000:00:01.3: quirk: [io  0x0700-0x070f] claimed by PIIX4 SMB
[    0.746446] pci 0000:00:02.0: [1af4:1009] type 00 class 0x000200 conventional PCI endpoint
[    0.750432] pci 0000:00:02.0: BAR 0 [io  0xc000-0xc03f]
[    0.753420] pci 0000:00:02.0: BAR 1 [mem 0xfebfc000-0xfebfcfff]
[    0.759421] pci 0000:00:02.0: BAR 4 [mem 0xfebf0000-0xfebf3fff 64bit pref]
[    0.776531] pci 0000:00:03.0: [1af4:1009] type 00 class 0x000200 conventional PCI endpoint
[    0.779401] pci 0000:00:03.0: BAR 0 [io  0xc040-0xc07f]
[    0.781327] pci 0000:00:03.0: BAR 1 [mem 0xfebfd000-0xfebfdfff]
[    0.787424] pci 0000:00:03.0: BAR 4 [mem 0xfebf4000-0xfebf7fff 64bit pref]
[    0.803802] pci 0000:00:04.0: [8086:25ab] type 00 class 0x088000 conventional PCI endpoint
[    0.806713] pci 0000:00:04.0: BAR 0 [mem 0xfebfe000-0xfebfe00f]
[    0.823521] pci 0000:00:05.0: [1af4:1003] type 00 class 0x078000 conventional PCI endpoint
[    0.826362] pci 0000:00:05.0: BAR 0 [io  0xc080-0xc0bf]
[    0.828425] pci 0000:00:05.0: BAR 1 [mem 0xfebff000-0xfebfffff]
[    0.833421] pci 0000:00:05.0: BAR 4 [mem 0xfebf8000-0xfebfbfff 64bit pref]
[    0.854314] ACPI: PCI: Interrupt link LNKA configured for IRQ 10
[    0.856519] ACPI: PCI: Interrupt link LNKB configured for IRQ 10
[    0.858826] ACPI: PCI: Interrupt link LNKC configured for IRQ 11
[    0.861464] ACPI: PCI: Interrupt link LNKD configured for IRQ 11
[    0.862854] ACPI: PCI: Interrupt link LNKS configured for IRQ 9
[    0.898602] iommu: Default domain type: Translated
[    0.899413] iommu: DMA domain TLB invalidation policy: lazy mode
[    0.902004] SCSI subsystem initialized
[    0.903534] pps_core: LinuxPPS API ver. 1 registered
[    0.904417] pps_core: Software ver. 5.3.6 - Copyright 2005-2007 Rodolfo Giometti <giometti@linux.it>
[    0.906436] PTP clock support registered
[    0.908673] Advanced Linux Sound Architecture Driver Initialized.
[    0.913105] NET: Registered PF_ATMPVC protocol family
[    0.913420] NET: Registered PF_ATMSVC protocol family
[    0.914448] PCI: Using ACPI for IRQ routing
[    0.916539] vgaarb: loaded
[    0.917638] hpet0: at MMIO 0xfed00000, IRQs 2, 8, 0
[    0.918417] hpet0: 3 comparators, 64-bit 100.000000 MHz counter
[    0.928720] clocksource: Switched to clocksource kvm-clock
[    0.930530] VFS: Disk quotas dquot_6.6.0
[    0.931428] VFS: Dquot-cache hash table entries: 512 (order 0, 4096 bytes)
[    0.936937] pnp: PnP ACPI init
[    0.942877] pnp: PnP ACPI: found 5 devices
[    0.972021] clocksource: acpi_pm: mask: 0xffffff max_cycles: 0xffffff, max_idle_ns: 2085701024 ns
[    0.974035] NET: Registered PF_INET protocol family
[    0.975147] IP idents hash table entries: 16384 (order: 5, 131072 bytes, linear)
[    0.977414] tcp_listen_portaddr_hash hash table entries: 512 (order: 1, 8192 bytes, linear)
[    0.979141] Table-perturb hash table entries: 65536 (order: 6, 262144 bytes, linear)
[    0.980781] TCP established hash table entries: 8192 (order: 4, 65536 bytes, linear)
[    0.982439] TCP bind hash table entries: 8192 (order: 6, 262144 bytes, linear)
[    0.983967] TCP: Hash tables configured (established 8192 bind 8192)
[    0.985991] UDP hash table entries: 512 (order: 2, 16384 bytes, linear)
[    0.987382] UDP-Lite hash table entries: 512 (order: 2, 16384 bytes, linear)
[    0.989240] NET: Registered PF_UNIX/PF_LOCAL protocol family
[    0.990433] pci_bus 0000:00: resource 4 [io  0x0000-0x0cf7 window]
[    0.991714] pci_bus 0000:00: resource 5 [io  0x0d00-0xffff window]
[    0.992977] pci_bus 0000:00: resource 6 [mem 0x000a0000-0x000bffff window]
[    0.994409] pci_bus 0000:00: resource 7 [mem 0x40000000-0xfebfffff window]
[    0.995820] pci_bus 0000:00: resource 8 [mem 0x100000000-0x17fffffff window]
[    0.997529] pci 0000:00:01.0: PIIX3: Enabling Passive Release
[    0.998721] pci 0000:00:00.0: Limiting direct PCI/PCI transfers
[    1.000034] PCI: CLS 0 bytes, default 64
[    1.019328] RAPL PMU: API unit is 2^-32 Joules, 1 fixed counters, 10737418240 ms ovfl timer
[    1.021191] RAPL PMU: hw unit of domain psys 2^-0 Joules
[    1.279294] kwatchdog (374) used greatest stack depth: 30672 bytes left
[    1.626200] kvm_amd: CPU 27 isn't AMD or Hygon
[    1.627366] clocksource: tsc: mask: 0xffffffffffffffff max_cycles: 0x39a85c9bff6, max_idle_ns: 881590591483 ns
[    1.796809] Initialise system trusted keyrings
[    1.798557] workingset: timestamp_bits=56 max_order=18 bucket_order=0
[    1.800104] squashfs: version 4.0 (2009/01/31) Phillip Lougher
[    1.801362] fuse: init (API version 7.41)
[    1.802685] 9p: Installing v9fs 9p2000 file system support
[    1.822654] Key type asymmetric registered
[    1.823501] Asymmetric key parser 'x509' registered
[    1.824591] Block layer SCSI generic (bsg) driver version 0.4 loaded (major 249)
[    1.826130] io scheduler mq-deadline registered
[    1.827058] io scheduler kyber registered
[    1.845715] input: Power Button as /devices/LNXSYSTM:00/LNXPWRBN:00/input/input0
[    1.848128] ACPI: button: Power Button [PWRF]
[    1.852906] Warning: Processor Platform Limit event detected, but not handled.
[    1.855375] Consider compiling CPUfreq support into your kernel.
[    2.764148] ACPI: \_SB_.LNKB: Enabled at IRQ 10
[    3.636794] ACPI: \_SB_.LNKC: Enabled at IRQ 11
[    4.508430] ACPI: \_SB_.LNKA: Enabled at IRQ 10
[    4.511366] Serial: 8250/16550 driver, 4 ports, IRQ sharing enabled
[    4.513155] 00:03: ttyS0 at I/O 0x3f8 (irq = 4, base_baud = 115200) is a 16550A
[    4.548922] Non-volatile memory driver v1.3
[    4.549826] Linux agpgart interface v0.103
[    4.551771] ACPI: bus type drm_connector registered
[    4.555767] printk: legacy console [hvc0] enabled
[    4.556880] printk: legacy bootconsole [earlyser0] disabled
          _      _                                    
   __   _(_)_ __| |_ _ __ ___   ___       _ __   __ _ 
   \ \ / / |  __| __|  _   _ \ / _ \_____|  _ \ / _  |
    \ V /| | |  | |_| | | | | |  __/_____| | | | (_| |
     \_/ |_|_|   \__|_| |_| |_|\___|     |_| |_|\__  |
                                                |___/ 
   kernel version: 6.11.0-virtme x86_64
   (CTRL+d to exit)

root@virtme-ng:/nipa-data/kernel# PS1='xx__-> '
xx__-> env
PWD=/nipa-data/kernel
nr_open=1048576
HOME=/
TERM=xterm
SHLVL=2
XDG_RUNTIME_DIR=/run/user/0
PATH=/bin:/sbin:/usr/bin:/usr/sbin:/usr/local/bin
OLDPWD=/
_=/bin/env
xx__-> 