No EFI environment detected.
early console in extract_kernel
input_data: 0x00000000030602b9
input_len: 0x0000000000b83307
output: 0x0000000001000000
output_len: 0x000000000252e464
kernel_total_size: 0x0000000002c30000
needed_size: 0x0000000002e00000
trampoline_32bit: 0x0000000000000000
Physical KASLR using RDRAND RDTSC...
Virtual KASLR using RDRAND RDTSC...

Decompressing Linux... Parsing ELF... Performing relocations... done.
Booting the kernel (entry_offset: 0x0000000000000000).
[    0.000000] Linux version 6.8.0-rc2-virtme (root@f13814b78ec4) (gcc (Alpine 13.2.1_git20231014) 13.2.1 20231014, GNU ld (GNU Binutils) 2.41) #1 SMP PREEMPT_DYNAMIC Sun Feb  4 09:06:15 UTC 2024
[    0.000000] Command line: virtme_hostname=virtme-ng virtme_link_mods=/nipa-data/kernel/.virtme_mods/lib/modules/0.0.0 virtme_initmount0=nipa-data/kernel virtme_rw_overlay0=/etc virtme_rw_overlay1=/lib virtme_rw_overlay2=/home virtme_rw_overlay3=/opt virtme_rw_overlay4=/srv virtme_rw_overlay5=/usr virtme_rw_overlay6=/var earlyprintk=serial,ttyS0,115200 console=ttyS0 psmouse.proto=exps virtme_chdir=nipa-data/kernel virtme_root_user=1 rootfstype=9p rootflags=version=9p2000.L,trans=virtio,access=any raid=noautodetect ro init=/usr/lib/python3.11/site-packages/virtme/guest/virtme-init
[    0.000000] BIOS-provided physical RAM map:
[    0.000000] BIOS-e820: [mem 0x0000000000000000-0x000000000009fbff] usable
[    0.000000] BIOS-e820: [mem 0x000000000009fc00-0x000000000009ffff] reserved
[    0.000000] BIOS-e820: [mem 0x00000000000f0000-0x00000000000fffff] reserved
[    0.000000] BIOS-e820: [mem 0x0000000000100000-0x000000003ffdffff] usable
[    0.000000] BIOS-e820: [mem 0x000000003ffe0000-0x000000003fffffff] reserved
[    0.000000] BIOS-e820: [mem 0x00000000feffc000-0x00000000feffffff] reserved
[    0.000000] BIOS-e820: [mem 0x00000000fffc0000-0x00000000ffffffff] reserved
[    0.000000] BIOS-e820: [mem 0x000000fd00000000-0x000000ffffffffff] reserved
[    0.000000] printk: legacy bootconsole [earlyser0] enabled
[    0.000000] NX (Execute Disable) protection: active
[    0.000000] APIC: Static calls initialized
[    0.000000] SMBIOS 3.0.0 present.
[    0.000000] DMI: QEMU Standard PC (i440FX + PIIX, 1996), BIOS rel-1.16.3-0-ga6ed6b701f0a-prebuilt.qemu.org 04/01/2014
[    0.000000] Hypervisor detected: KVM
[    0.000000] kvm-clock: Using msrs 4b564d01 and 4b564d00
[    0.000000] kvm-clock: using sched offset of 243644610 cycles
[    0.000460] clocksource: kvm-clock: mask: 0xffffffffffffffff max_cycles: 0x1cd42e4dffb, max_idle_ns: 881590591483 ns
[    0.001888] tsc: Detected 4491.536 MHz processor
[    0.002644] last_pfn = 0x3ffe0 max_arch_pfn = 0x400000000
[    0.003149] MTRR map: 4 entries (3 fixed + 1 variable; max 19), built from 8 variable MTRRs
[    0.003880] x86/PAT: Configuration [0-7]: WB  WC  UC- UC  WB  WP  UC- WT  
Memory KASLR using RDRAND RDTSC...
[    0.006259] found SMP MP-table at [mem 0x000f5470-0x000f547f]
[    0.006772] Using GB pages for direct mapping
[    0.007252] ACPI: Early table checksum verification disabled
[    0.007750] ACPI: RSDP 0x00000000000F5290 000014 (v00 BOCHS )
[    0.008254] ACPI: RSDT 0x000000003FFE27B6 000034 (v01 BOCHS  BXPC     00000001 BXPC 00000001)
[    0.009005] ACPI: FACP 0x000000003FFE2572 000074 (v01 BOCHS  BXPC     00000001 BXPC 00000001)
[    0.009762] ACPI: DSDT 0x000000003FFE0040 002532 (v01 BOCHS  BXPC     00000001 BXPC 00000001)
[    0.010509] ACPI: FACS 0x000000003FFE0000 000040
[    0.010917] ACPI: APIC 0x000000003FFE25E6 000170 (v03 BOCHS  BXPC     00000001 BXPC 00000001)
[    0.011668] ACPI: HPET 0x000000003FFE2756 000038 (v01 BOCHS  BXPC     00000001 BXPC 00000001)
[    0.012420] ACPI: WAET 0x000000003FFE278E 000028 (v01 BOCHS  BXPC     00000001 BXPC 00000001)
[    0.013170] ACPI: Reserving FACP table memory at [mem 0x3ffe2572-0x3ffe25e5]
[    0.013793] ACPI: Reserving DSDT table memory at [mem 0x3ffe0040-0x3ffe2571]
[    0.014410] ACPI: Reserving FACS table memory at [mem 0x3ffe0000-0x3ffe003f]
[    0.015030] ACPI: Reserving APIC table memory at [mem 0x3ffe25e6-0x3ffe2755]
[    0.015653] ACPI: Reserving HPET table memory at [mem 0x3ffe2756-0x3ffe278d]
[    0.016271] ACPI: Reserving WAET table memory at [mem 0x3ffe278e-0x3ffe27b5]
[    0.017061] No NUMA configuration found
[    0.017398] Faking a node at [mem 0x0000000000000000-0x000000003ffdffff]
[    0.017999] NODE_DATA(0) allocated [mem 0x3ffdb000-0x3ffdffff]
[    0.018531] Zone ranges:
[    0.018762]   DMA      [mem 0x0000000000001000-0x0000000000ffffff]
[    0.019304]   DMA32    [mem 0x0000000001000000-0x000000003ffdffff]
[    0.019849]   Normal   empty
[    0.020102]   Device   empty
[    0.020355] Movable zone start for each node
[    0.020734] Early memory node ranges
[    0.021052]   node   0: [mem 0x0000000000001000-0x000000000009efff]
[    0.021611]   node   0: [mem 0x0000000000100000-0x000000003ffdffff]
[    0.022166] Initmem setup node 0 [mem 0x0000000000001000-0x000000003ffdffff]
[    0.022794] On node 0, zone DMA: 1 pages in unavailable ranges
[    0.023329] On node 0, zone DMA: 97 pages in unavailable ranges
[    0.024961] On node 0, zone DMA32: 32 pages in unavailable ranges
[    0.025736] ACPI: PM-Timer IO Port: 0x608
[    0.026096] ACPI: LAPIC_NMI (acpi_id[0xff] dfl dfl lint[0x1])
[    0.026627] IOAPIC[0]: apic_id 0, version 17, address 0xfec00000, GSI 0-23
[    0.027249] ACPI: INT_SRC_OVR (bus 0 bus_irq 0 global_irq 2 dfl dfl)
[    0.027818] ACPI: INT_SRC_OVR (bus 0 bus_irq 5 global_irq 5 high level)
[    0.028403] ACPI: INT_SRC_OVR (bus 0 bus_irq 9 global_irq 9 high level)
[    0.028967] ACPI: INT_SRC_OVR (bus 0 bus_irq 10 global_irq 10 high level)
[    0.029470] ACPI: INT_SRC_OVR (bus 0 bus_irq 11 global_irq 11 high level)
[    0.030034] ACPI: Using ACPI (MADT) for SMP configuration information
[    0.030505] ACPI: HPET id: 0x8086a201 base: 0xfed00000
[    0.030899] TSC deadline timer available
[    0.031187] smpboot: Allowing 32 CPUs, 0 hotplug CPUs
[    0.031573] kvm-guest: APIC: eoi() replaced with kvm_guest_apic_eoi_write()
[    0.032104] kvm-guest: KVM setup pv remote TLB flush
[    0.032470] kvm-guest: setup PV sched yield
[    0.032798] PM: hibernation: Registered nosave memory: [mem 0x00000000-0x00000fff]
[    0.033355] PM: hibernation: Registered nosave memory: [mem 0x0009f000-0x0009ffff]
[    0.033929] PM: hibernation: Registered nosave memory: [mem 0x000a0000-0x000effff]
[    0.034483] PM: hibernation: Registered nosave memory: [mem 0x000f0000-0x000fffff]
[    0.035047] [mem 0x40000000-0xfeffbfff] available for PCI devices
[    0.035493] Booting paravirtualized kernel on KVM
[    0.035848] clocksource: refined-jiffies: mask: 0xffffffff max_cycles: 0xffffffff, max_idle_ns: 1910969940391419 ns
[    0.039506] setup_percpu: NR_CPUS:64 nr_cpumask_bits:32 nr_cpu_ids:32 nr_node_ids:1
[    0.040681] percpu: Embedded 58 pages/cpu s199840 r8192 d29536 u262144
[    0.041198] Kernel command line: virtme_hostname=virtme-ng virtme_link_mods=/nipa-data/kernel/.virtme_mods/lib/modules/0.0.0 virtme_initmount0=nipa-data/kernel virtme_rw_overlay0=/etc virtme_rw_overlay1=/lib virtme_rw_overlay2=/home virtme_rw_overlay3=/opt virtme_rw_overlay4=/srv virtme_rw_overlay5=/usr virtme_rw_overlay6=/var earlyprintk=serial,ttyS0,115200 console=ttyS0 psmouse.proto=exps virtme_chdir=nipa-data/kernel virtme_root_user=1 rootfstype=9p rootflags=version=9p2000.L,trans=virtio,access=any raid=noautodetect ro init=/usr/lib/python3.11/site-packages/virtme/guest/virtme-init
[    0.045200] Unknown kernel command line parameters "virtme_hostname=virtme-ng virtme_link_mods=/nipa-data/kernel/.virtme_mods/lib/modules/0.0.0 virtme_initmount0=nipa-data/kernel virtme_rw_overlay0=/etc virtme_rw_overlay1=/lib virtme_rw_overlay2=/home virtme_rw_overlay3=/opt virtme_rw_overlay4=/srv virtme_rw_overlay5=/usr virtme_rw_overlay6=/var virtme_chdir=nipa-data/kernel virtme_root_user=1", will be passed to user space.
[    0.048246] random: crng init done
[    0.048529] Dentry cache hash table entries: 131072 (order: 8, 1048576 bytes, linear)
[    0.049145] Inode-cache hash table entries: 65536 (order: 7, 524288 bytes, linear)
[    0.049828] Fallback order for Node 0: 0 
[    0.049831] Built 1 zonelists, mobility grouping on.  Total pages: 257760
[    0.050650] Policy zone: DMA32
[    0.050878] mem auto-init: stack:all(zero), heap alloc:off, heap free:off
[    0.052826] Memory: 976376K/1048056K available (16384K kernel code, 2558K rwdata, 6072K rodata, 3152K init, 12008K bss, 71420K reserved, 0K cma-reserved)
[    0.053925] SLUB: HWalign=64, Order=0-3, MinObjects=0, CPUs=32, Nodes=1
Poking KASLR using RDRAND RDTSC...
[    0.054696] ftrace: allocating 46551 entries in 182 pages
[    0.061713] ftrace: allocated 182 pages with 5 groups
[    0.062975] Dynamic Preempt: voluntary
[    0.063447] Running RCU self tests
[    0.063711] Running RCU synchronous self tests
[    0.064050] rcu: Preemptible hierarchical RCU implementation.
[    0.064479] rcu: RCU event tracing is enabled.
[    0.064832] rcu: RCU lockdep checking is enabled.
[    0.065188] rcu: RCU restricting CPUs from NR_CPUS=64 to nr_cpu_ids=32.
[    0.065699] Trampoline variant of Tasks RCU enabled.
[    0.066075] Rude variant of Tasks RCU enabled.
[    0.066411] Tracing variant of Tasks RCU enabled.
[    0.066780] rcu: RCU calculated value of scheduler-enlistment delay is 100 jiffies.
[    0.067359] rcu: Adjusting geometry for rcu_fanout_leaf=16, nr_cpu_ids=32
[    0.067955] Running RCU synchronous self tests
[    0.070489] NR_IRQS: 4352, nr_irqs: 680, preallocated irqs: 16
[    0.071227] rcu: srcu_init: Setting srcu_struct sizes based on contention.
[    0.072085] Console: colour *CGA 80x25
[    0.072455] printk: legacy console [ttyS0] enabled
[    0.072455] printk: legacy console [ttyS0] enabled
[    0.073323] printk: legacy bootconsole [earlyser0] disabled
[    0.073323] printk: legacy bootconsole [earlyser0] disabled
[    0.074340] Lock dependency validator: Copyright (c) 2006 Red Hat, Inc., Ingo Molnar
[    0.075043] ... MAX_LOCKDEP_SUBCLASSES:  8
[    0.075417] ... MAX_LOCK_DEPTH:          48
[    0.075802] ... MAX_LOCKDEP_KEYS:        8192
[    0.076200] ... CLASSHASH_SIZE:          4096
[    0.076597] ... MAX_LOCKDEP_ENTRIES:     32768
[    0.077002] ... MAX_LOCKDEP_CHAINS:      65536
[    0.077404] ... CHAINHASH_SIZE:          32768
[    0.077813]  memory used by lock dependency info: 6429 kB
[    0.078299]  memory used for stack traces: 4224 kB
[    0.078732]  per task-struct memory footprint: 1920 bytes
[    0.079236] ACPI: Core revision 20230628
[    0.079714] clocksource: hpet: mask: 0xffffffff max_cycles: 0xffffffff, max_idle_ns: 19112604467 ns
[    0.080648] APIC: Switch to symmetric I/O mode setup
[    0.081108] APIC: Switched APIC routing to: physical flat
[    0.081627] kvm-guest: APIC: send_IPI_mask() replaced with kvm_send_ipi_mask()
[    0.082273] kvm-guest: APIC: send_IPI_mask_allbutself() replaced with kvm_send_ipi_mask_allbutself()
[    0.083060] kvm-guest: setup PV IPIs
[    0.084345] ..TIMER: vector=0x30 apic1=0 pin1=2 apic2=-1 pin2=-1
[    0.085359] tsc: Marking TSC unstable due to TSCs unsynchronized
[    0.086371] Calibrating delay loop (skipped) preset value.. 8983.07 BogoMIPS (lpj=4491536)
[    0.087433] x86/cpu: User Mode Instruction Prevention (UMIP) activated
[    0.088432] Last level iTLB entries: 4KB 512, 2MB 255, 4MB 127
[    0.089366] Last level dTLB entries: 4KB 512, 2MB 255, 4MB 127, 1GB 0
[    0.090369] Spectre V1 : Mitigation: usercopy/swapgs barriers and __user pointer sanitization
[    0.091370] Spectre V2 : Mitigation: Enhanced / Automatic IBRS
[    0.092365] Spectre V2 : Spectre v2 / SpectreRSB mitigation: Filling RSB on context switch
[    0.093367] Spectre V2 : mitigation: Enabling conditional Indirect Branch Prediction Barrier
[    0.094367] Speculative Store Bypass: Mitigation: Speculative Store Bypass disabled via prctl
[    0.095366] Speculative Return Stack Overflow: IBPB-extending microcode not applied!
[    0.096365] Speculative Return Stack Overflow: WARNING: See https://kernel.org/doc/html/latest/admin-guide/hw-vuln/srso.html for mitigation options.
[    0.096367] Speculative Return Stack Overflow: Vulnerable: Safe RET, no microcode
[    0.098389] x86/fpu: Supporting XSAVE feature 0x001: 'x87 floating point registers'
[    0.099365] x86/fpu: Supporting XSAVE feature 0x002: 'SSE registers'
[    0.100365] x86/fpu: Supporting XSAVE feature 0x004: 'AVX registers'
[    0.101367] x86/fpu: Supporting XSAVE feature 0x020: 'AVX-512 opmask'
[    0.102174] x86/fpu: Supporting XSAVE feature 0x040: 'AVX-512 Hi256'
[    0.102365] x86/fpu: Supporting XSAVE feature 0x080: 'AVX-512 ZMM_Hi256'
[    0.103365] x86/fpu: Supporting XSAVE feature 0x200: 'Protection Keys User registers'
[    0.104365] x86/fpu: xstate_offset[2]:  576, xstate_sizes[2]:  256
[    0.105365] x86/fpu: xstate_offset[5]:  832, xstate_sizes[5]:   64
[    0.106365] x86/fpu: xstate_offset[6]:  896, xstate_sizes[6]:  512
[    0.107137] x86/fpu: xstate_offset[7]: 1408, xstate_sizes[7]: 1024
[    0.107365] x86/fpu: xstate_offset[9]: 2432, xstate_sizes[9]:    8
[    0.108365] x86/fpu: Enabled xstate features 0x2e7, context size is 2440 bytes, using 'compacted' format.
[    0.126784] Freeing SMP alternatives memory: 36K
[    0.127367] pid_max: default: 32768 minimum: 301
[    0.128026] Mount-cache hash table entries: 2048 (order: 2, 16384 bytes, linear)
[    0.128368] Mountpoint-cache hash table entries: 2048 (order: 2, 16384 bytes, linear)
[    0.130544] Running RCU synchronous self tests
[    0.131105] Running RCU synchronous self tests
[    0.131533] smpboot: CPU0: AMD Ryzen 9 7950X 16-Core Processor (family: 0x19, model: 0x61, stepping: 0x2)
[    0.132728] RCU Tasks: Setting shift to 5 and lim to 1 rcu_task_cb_adjust=1.
[    0.133398] RCU Tasks Rude: Setting shift to 5 and lim to 1 rcu_task_cb_adjust=1.
[    0.134368] RCU Tasks Trace: Setting shift to 5 and lim to 1 rcu_task_cb_adjust=1.
[    0.135346] Running RCU Tasks wait API self tests
[    0.135495] Running RCU Tasks Rude wait API self tests
[    0.136201] Running RCU Tasks Trace wait API self tests
[    0.136412] Performance Events: Fam17h+ core perfctr, AMD PMU driver.
[    0.137269] ... version:                0
[    0.137368] ... bit width:              48
[    0.137882] ... generic registers:      6
[    0.138368] ... value mask:             0000ffffffffffff
[    0.139044] ... max period:             00007fffffffffff
[    0.139369] ... fixed-purpose events:   0
[    0.139877] ... event mask:             000000000000003f
[    0.140549] signal: max sigframe size: 3376
[    0.141142] rcu: Hierarchical SRCU implementation.
[    0.141368] rcu: Max phase no-delay instances is 400.
[    0.143738] Callback from call_rcu_tasks_trace() invoked.
[    0.146138] smp: Bringing up secondary CPUs ...
[    0.146660] smpboot: x86: Booting SMP configuration:
[    0.147293] .... node  #0, CPUs:        #1  #2  #3  #4  #5  #6  #7  #8  #9 #10 #11 #12 #13 #14 #15 #16 #17 #18 #19 #20 #21 #22 #23 #24 #25 #26 #27 #28 #29 #30 #31
[    0.172550] smp: Brought up 1 node, 32 CPUs
[    0.174076] smpboot: Max logical packages: 1
[    0.174372] smpboot: Total of 32 processors activated (287458.30 BogoMIPS)
[    0.185368] devtmpfs: initialized
[    0.186035] x86/mm: Memory block size: 128MB
[    0.188928] Running RCU synchronous self tests
[    0.189405] Running RCU synchronous self tests
[    0.190243] clocksource: jiffies: mask: 0xffffffff max_cycles: 0xffffffff, max_idle_ns: 1911260446275000 ns
[    0.190392] futex hash table entries: 8192 (order: 8, 1048576 bytes, linear)
[    0.192018] PM: RTC time: 09:06:48, date: 2024-02-04
[    0.193093] NET: Registered PF_NETLINK/PF_ROUTE protocol family
[    0.194119] thermal_sys: Registered thermal governor 'step_wise'
[    0.194121] thermal_sys: Registered thermal governor 'user_space'
[    0.194421] cpuidle: using governor menu
[    0.197564] PCI: Using configuration type 1 for base access
[    0.198369] PCI: Using configuration type 1 for extended access
[    0.199490] kprobes: kprobe jump-optimization is enabled. All kprobes are optimized if possible.
[    0.215370] HugeTLB: registered 1.00 GiB page size, pre-allocated 0 pages
[    0.216263] HugeTLB: 16380 KiB vmemmap can be freed for a 1.00 GiB page
[    0.216368] HugeTLB: registered 2.00 MiB page size, pre-allocated 0 pages
[    0.217244] HugeTLB: 28 KiB vmemmap can be freed for a 2.00 MiB page
[    0.218031] ACPI: Added _OSI(Module Device)
[    0.218370] ACPI: Added _OSI(Processor Device)
[    0.218945] ACPI: Added _OSI(3.0 _SCP Extensions)
[    0.219368] ACPI: Added _OSI(Processor Aggregator Device)
[    0.224825] ACPI: 1 ACPI AML tables successfully acquired and loaded
[    0.226459] ACPI: _OSC evaluation for CPUs failed, trying _PDC
[    0.227870] ACPI: Interpreter enabled
[    0.228386] ACPI: PM: (supports S0 S3 S4 S5)
[    0.228957] ACPI: Using IOAPIC for interrupt routing
[    0.229388] PCI: Using host bridge windows from ACPI; if necessary, use "pci=nocrs" and report a bug
[    0.230368] PCI: Using E820 reservations for host bridge windows
[    0.231479] ACPI: Enabled 2 GPEs in block 00 to 0F
[    0.241243] ACPI: PCI Root Bridge [PCI0] (domain 0000 [bus 00-ff])
[    0.241372] acpi PNP0A03:00: _OSC: OS supports [ExtendedConfig ASPM ClockPM Segments MSI HPX-Type3]
[    0.243409] PCI host bridge to bus 0000:00
[    0.244374] pci_bus 0000:00: root bus resource [io  0x0000-0x0cf7 window]
[    0.245370] pci_bus 0000:00: root bus resource [io  0x0d00-0xffff window]
[    0.246406] pci_bus 0000:00: root bus resource [mem 0x000a0000-0x000bffff window]
[    0.246390] Callback from call_rcu_tasks_rude() invoked.
[    0.247370] pci_bus 0000:00: root bus resource [mem 0x40000000-0xfebfffff window]
[    0.248371] pci_bus 0000:00: root bus resource [mem 0x100000000-0x17fffffff window]
[    0.250372] pci_bus 0000:00: root bus resource [bus 00-ff]
[    0.251496] pci 0000:00:00.0: [8086:1237] type 00 class 0x060000 conventional PCI endpoint
[    0.253032] pci 0000:00:01.0: [8086:7000] type 00 class 0x060100 conventional PCI endpoint
[    0.254939] pci 0000:00:01.1: [8086:7010] type 00 class 0x010180 conventional PCI endpoint
[    0.259714] pci 0000:00:01.1: BAR 4 [io  0xc080-0xc08f]
[    0.262730] pci 0000:00:01.1: BAR 0 [io  0x01f0-0x01f7]: legacy IDE quirk
[    0.264370] pci 0000:00:01.1: BAR 1 [io  0x03f6]: legacy IDE quirk
[    0.265370] pci 0000:00:01.1: BAR 2 [io  0x0170-0x0177]: legacy IDE quirk
[    0.267371] pci 0000:00:01.1: BAR 3 [io  0x0376]: legacy IDE quirk
[    0.268615] pci 0000:00:01.3: [8086:7113] type 00 class 0x068000 conventional PCI endpoint
[    0.269696] pci 0000:00:01.3: quirk: [io  0x0600-0x063f] claimed by PIIX4 ACPI
[    0.271376] pci 0000:00:01.3: quirk: [io  0x0700-0x070f] claimed by PIIX4 SMB
[    0.272715] pci 0000:00:02.0: [1af4:1009] type 00 class 0x000200 conventional PCI endpoint
[    0.276370] pci 0000:00:02.0: BAR 0 [io  0xc000-0xc03f]
[    0.279341] pci 0000:00:02.0: BAR 1 [mem 0xfebfd000-0xfebfdfff]
[    0.287235] pci 0000:00:02.0: BAR 4 [mem 0xfebf4000-0xfebf7fff 64bit pref]
[    0.291936] pci 0000:00:03.0: [1af4:1009] type 00 class 0x000200 conventional PCI endpoint
[    0.295303] pci 0000:00:03.0: BAR 0 [io  0xc040-0xc07f]
[    0.298175] pci 0000:00:03.0: BAR 1 [mem 0xfebfe000-0xfebfefff]
[    0.304369] pci 0000:00:03.0: BAR 4 [mem 0xfebf8000-0xfebfbfff 64bit pref]
[    0.310888] pci 0000:00:04.0: [8086:25ab] type 00 class 0x088000 conventional PCI endpoint
[    0.312966] pci 0000:00:04.0: BAR 0 [mem 0xfebff000-0xfebff00f]
[    0.320332] ACPI: PCI: Interrupt link LNKA configured for IRQ 10
[    0.321594] ACPI: PCI: Interrupt link LNKB configured for IRQ 10
[    0.322582] ACPI: PCI: Interrupt link LNKC configured for IRQ 11
[    0.323573] ACPI: PCI: Interrupt link LNKD configured for IRQ 11
[    0.324506] ACPI: PCI: Interrupt link LNKS configured for IRQ 9
[    0.328461] iommu: Default domain type: Translated
[    0.329287] iommu: DMA domain TLB invalidation policy: lazy mode
[    0.330751] SCSI subsystem initialized
[    0.332491] pps_core: LinuxPPS API ver. 1 registered
[    0.333372] pps_core: Software ver. 5.3.6 - Copyright 2005-2007 Rodolfo Giometti <giometti@linux.it>
[    0.334379] PTP clock support registered
[    0.335458] Advanced Linux Sound Architecture Driver Initialized.
[    0.337110] NET: Registered PF_ATMPVC protocol family
[    0.338371] NET: Registered PF_ATMSVC protocol family
[    0.339256] PCI: Using ACPI for IRQ routing
[    0.340482] vgaarb: loaded
[    0.340875] hpet0: at MMIO 0xfed00000, IRQs 2, 8, 0
[    0.341214] hpet0: 3 comparators, 64-bit 100.000000 MHz counter
[    0.346424] Callback from call_rcu_tasks() invoked.
[    0.348347] clocksource: Switched to clocksource kvm-clock
[    0.349396] VFS: Disk quotas dquot_6.6.0
[    0.350110] VFS: Dquot-cache hash table entries: 512 (order 0, 4096 bytes)
[    0.351447] pnp: PnP ACPI init
[    0.352776] pnp: PnP ACPI: found 5 devices
[    0.363611] clocksource: acpi_pm: mask: 0xffffff max_cycles: 0xffffff, max_idle_ns: 2085701024 ns
[    0.365210] NET: Registered PF_INET protocol family
[    0.366136] IP idents hash table entries: 16384 (order: 5, 131072 bytes, linear)
[    0.367804] tcp_listen_portaddr_hash hash table entries: 512 (order: 3, 36864 bytes, linear)
[    0.369288] Table-perturb hash table entries: 65536 (order: 6, 262144 bytes, linear)
[    0.370665] TCP established hash table entries: 8192 (order: 4, 65536 bytes, linear)
[    0.372043] TCP bind hash table entries: 8192 (order: 8, 1179648 bytes, linear)
[    0.373800] TCP: Hash tables configured (established 8192 bind 8192)
[    0.375052] UDP hash table entries: 512 (order: 4, 81920 bytes, linear)
[    0.376249] UDP-Lite hash table entries: 512 (order: 4, 81920 bytes, linear)
[    0.377660] NET: Registered PF_UNIX/PF_LOCAL protocol family
[    0.378663] pci_bus 0000:00: resource 4 [io  0x0000-0x0cf7 window]
[    0.379715] pci_bus 0000:00: resource 5 [io  0x0d00-0xffff window]
[    0.380765] pci_bus 0000:00: resource 6 [mem 0x000a0000-0x000bffff window]
[    0.381934] pci_bus 0000:00: resource 7 [mem 0x40000000-0xfebfffff window]
[    0.383114] pci_bus 0000:00: resource 8 [mem 0x100000000-0x17fffffff window]
[    0.384425] pci 0000:00:01.0: PIIX3: Enabling Passive Release
[    0.385426] pci 0000:00:00.0: Limiting direct PCI/PCI transfers
[    0.386496] PCI: CLS 0 bytes, default 64
[    0.387253] kvm_intel: VMX not supported by CPU 2
[    0.388543] kvm_amd: TSC scaling supported
[    0.389258] kvm_amd: Nested Virtualization enabled
[    0.390082] kvm_amd: Nested Paging enabled
[    0.390809] kvm_amd: Virtual VMLOAD VMSAVE supported
[    0.391673] kvm_amd: Virtual GIF supported
[    0.392368] kvm_amd: Virtual NMI enabled
[    0.393046] kvm_amd: LBR virtualization supported
[    0.502102] workingset: timestamp_bits=56 max_order=18 bucket_order=0
[    0.503388] squashfs: version 4.0 (2009/01/31) Phillip Lougher
[    0.504417] fuse: init (API version 7.39)
[    0.505220] 9p: Installing v9fs 9p2000 file system support
[    0.506298] Key type asymmetric registered
[    0.507046] Block layer SCSI generic (bsg) driver version 0.4 loaded (major 249)
[    0.508385] io scheduler mq-deadline registered
[    0.509169] io scheduler kyber registered
[    0.511488] input: Power Button as /devices/LNXSYSTM:00/LNXPWRBN:00/input/input0
[    0.513056] ACPI: button: Power Button [PWRF]
[    0.513946] Warning: Processor Platform Limit event detected, but not handled.
[    0.515191] Consider compiling CPUfreq support into your kernel.
[    0.611867] ACPI: \_SB_.LNKB: Enabled at IRQ 10
[    0.690689] ACPI: \_SB_.LNKC: Enabled at IRQ 11
[    0.692144] Serial: 8250/16550 driver, 4 ports, IRQ sharing enabled
[    0.693355] 00:03: ttyS0 at I/O 0x3f8 (irq = 4, base_baud = 115200) is a 16550A
[    0.695299] Non-volatile memory driver v1.3
[    0.695856] Linux agpgart interface v0.103
[    0.696519] ACPI: bus type drm_connector registered
[    0.709570] loop: module loaded
[    0.711336] scsi host0: ata_piix
[    0.712104] scsi host1: ata_piix
[    0.712600] ata1: PATA max MWDMA2 cmd 0x1f0 ctl 0x3f6 bmdma 0xc080 irq 14 lpm-pol 0
[    0.713582] ata2: PATA max MWDMA2 cmd 0x170 ctl 0x376 bmdma 0xc088 irq 15 lpm-pol 0
[    0.715314] i8042: PNP: PS/2 Controller [PNP0303:KBD,PNP0f13:MOU] at 0x60,0x64 irq 1,12
[    0.717018] serio: i8042 KBD port at 0x60,0x64 irq 1
[    0.717692] serio: i8042 AUX port at 0x60,0x64 irq 12
[    0.718856] rtc_cmos 00:04: RTC can wake from S4
[    0.720762] input: AT Translated Set 2 keyboard as /devices/platform/i8042/serio0/input/input1
[    0.721576] rtc_cmos 00:04: registered as rtc0
[    0.723156] rtc_cmos 00:04: setting system clock to 2024-02-04T09:06:48 UTC (1707037608)
[    0.725177] rtc_cmos 00:04: alarms up to one day, y3k, 242 bytes nvram, hpet irqs
[    0.726280] input: ImExPS/2 Generic Explorer Mouse as /devices/platform/i8042/serio1/input/input3
[    0.727390] i6300ESB timer 0000:00:04.0: initialized. heartbeat=30 sec (nowayout=0)
[    0.729641] device-mapper: ioctl: 4.48.0-ioctl (2023-03-01) initialised: dm-devel@redhat.com
[    0.731890] NET: Registered PF_PACKET protocol family
[    0.732739] 9pnet: Installing 9P2000 support
[    0.734691] Key type dns_resolver registered
[    0.738861] IPI shorthand broadcast: enabled
[    0.749673] sched_clock: Marking stable (739002943, 10510339)->(791383669, -41870387)
[    0.751330] registered taskstats version 1
[    0.758056] PM:   Magic number: 12:292:120
[    0.758787] misc device-mapper: hash matches
[    0.759599] printk: legacy console [netcon0] enabled
[    0.760434] netconsole: network logging started
[    0.761481] ALSA device list:
[    0.762052]   No soundcards found.
[    0.873839] ata2: found unknown device (class 0)
[    0.875106] ata2.00: ATAPI: QEMU DVD-ROM, 2.5+, max UDMA/100
[    0.877444] scsi 1:0:0:0: CD-ROM            QEMU     QEMU DVD-ROM     2.5+ PQ: 0 ANSI: 5
[    0.886229] scsi 1:0:0:0: Attached scsi generic sg0 type 5
[    0.887013] md: Skipping autodetection of RAID arrays. (raid=autodetect will force)
[    0.888319] 9pnet_virtio: no channels available for device 
[    0.889886] VFS: Mounted root (9p filesystem) readonly on device 0:19.
[    0.891130] devtmpfs: mounted
[    0.893761] Freeing unused kernel image (initmem) memory: 3152K
[    0.900553] Write protecting the kernel read-only data: 22528k
[    0.901985] Freeing unused kernel image (rodata/data gap) memory: 72K
[    0.938433] x86/mm: Checked W+X mappings: passed, no W+X pages found.
[    0.939408] Run /usr/lib/python3.11/site-packages/virtme/guest/virtme-init as init process
[    0.969061] mount (266) used greatest stack depth: 12984 bytes left
[    1.031395] mount (280) used greatest stack depth: 12776 bytes left
[    1.047609] mount (284) used greatest stack depth: 12584 bytes left
[    1.102883] virtme-init (312) used greatest stack depth: 12424 bytes left
[    1.137483] virtme-init: basic initialization done
[    1.143304] virtme-init: udevd not found
[    1.202403] virtme-init: Setting hostname to virtme-ng...
[    1.216183] ip (357) used greatest stack depth: 12056 bytes left
          _      _                                    
   __   _(_)_ __| |_ _ __ ___   ___       _ __   __ _ 
   \ \ / / |  __| __|  _   _ \ / _ \_____|  _ \ / _  |
    \ V /| | |  | |_| | | | | |  __/_____| | | | (_| |
     \_/ |_|_|   \__|_| |_| |_|\___|     |_| |_|\__  |
                                                |___/ 
   kernel version: 6.8.0-rc2-virtme x86_64

virtme-ng:/nipa-data/kernel# PS1='xx__-> '
xx__-> 