No EFI environment detected.
early console in extract_kernel
input_data: 0x0000000002be12c4
input_len: 0x0000000000b8ed57
output: 0x0000000001000000
output_len: 0x0000000002727ce4
kernel_total_size: 0x0000000002430000
needed_size: 0x0000000002800000
trampoline_32bit: 0x0000000000000000
Physical KASLR using RDRAND RDTSC...
Virtual KASLR using RDRAND RDTSC...

Decompressing Linux... Parsing ELF... Performing relocations... done.
Booting the kernel (entry_offset: 0x0000000000f89e80).
[    0.000000] Linux version 6.14.0-rc2-virtme (root@913219dfda80) (gcc (Ubuntu 13.3.0-6ubuntu2~24.04) 13.3.0, GNU ld (GNU Binutils for Ubuntu) 2.42) #1 SMP PREEMPT_DYNAMIC Sun Feb 16 00:06:52 UTC 2025
[    0.000000] Command line: virtme_hostname=virtme-ng nr_open=1048576 virtme_link_mods=/nipa-data/kernel/.virtme_mods/lib/modules/0.0.0 virtme_initmount0=nipa-data/kernel virtme_rw_overlay0=/etc virtme_rw_overlay1=/lib virtme_rw_overlay2=/home virtme_rw_overlay3=/opt virtme_rw_overlay4=/srv virtme_rw_overlay5=/usr virtme_rw_overlay6=/var console=hvc0 earlyprintk=serial,ttyS0,115200 virtme_console=ttyS0 psmouse.proto=exps TERM=xterm virtme_chdir=nipa-data/kernel virtme_root_user=1 rootfstype=9p rootflags=version=9p2000.L,trans=virtio,access=any raid=noautodetect ro init=/usr/lib/python3/dist-packages/virtme/guest/virtme-init
[    0.000000] BIOS-provided physical RAM map:
[    0.000000] BIOS-e820: [mem 0x0000000000000000-0x000000000009fbff] usable
[    0.000000] BIOS-e820: [mem 0x000000000009fc00-0x000000000009ffff] reserved
[    0.000000] BIOS-e820: [mem 0x00000000000f0000-0x00000000000fffff] reserved
[    0.000000] BIOS-e820: [mem 0x0000000000100000-0x000000003ffdffff] usable
[    0.000000] BIOS-e820: [mem 0x000000003ffe0000-0x000000003fffffff] reserved
[    0.000000] BIOS-e820: [mem 0x00000000feffc000-0x00000000feffffff] reserved
[    0.000000] BIOS-e820: [mem 0x00000000fffc0000-0x00000000ffffffff] reserved
[    0.000000] BIOS-e820: [mem 0x000000fd00000000-0x000000ffffffffff] reserved
[    0.000000] printk: legacy bootconsole [earlyser0] enabled
[    0.000000] NX (Execute Disable) protection: active
[    0.000000] APIC: Static calls initialized
[    0.000000] SMBIOS 3.0.0 present.
[    0.000000] DMI: QEMU Ubuntu 24.04 PC (i440FX + PIIX, 1996), BIOS 1.16.3-debian-1.16.3-2 04/01/2014
[    0.000000] DMI: Memory slots populated: 1/1
[    0.000000] Hypervisor detected: KVM
[    0.000000] kvm-clock: Using msrs 4b564d01 and 4b564d00
[    0.000000] kvm-clock: using sched offset of 202773815 cycles
[    0.000360] clocksource: kvm-clock: mask: 0xffffffffffffffff max_cycles: 0x1cd42e4dffb, max_idle_ns: 881590591483 ns
[    0.001478] tsc: Detected 4491.560 MHz processor
[    0.002041] last_pfn = 0x3ffe0 max_arch_pfn = 0x400000000
[    0.002435] MTRR map: 4 entries (3 fixed + 1 variable; max 19), built from 8 variable MTRRs
[    0.003011] x86/PAT: Configuration [0-7]: WB  WC  UC- UC  WB  WP  UC- WT  
Memory KASLR using RDRAND RDTSC...
[    0.004937] found SMP MP-table at [mem 0x000f5470-0x000f547f]
[    0.005339] Using GB pages for direct mapping
[    0.005712] ACPI: Early table checksum verification disabled
[    0.006100] ACPI: RSDP 0x00000000000F5290 000014 (v00 BOCHS )
[    0.006501] ACPI: RSDT 0x000000003FFE27BC 000034 (v01 BOCHS  BXPC     00000001 BXPC 00000001)
[    0.007089] ACPI: FACP 0x000000003FFE2578 000074 (v01 BOCHS  BXPC     00000001 BXPC 00000001)
[    0.007683] ACPI: DSDT 0x000000003FFE0040 002538 (v01 BOCHS  BXPC     00000001 BXPC 00000001)
[    0.008274] ACPI: FACS 0x000000003FFE0000 000040
[    0.008590] ACPI: APIC 0x000000003FFE25EC 000170 (v03 BOCHS  BXPC     00000001 BXPC 00000001)
[    0.009175] ACPI: HPET 0x000000003FFE275C 000038 (v01 BOCHS  BXPC     00000001 BXPC 00000001)
[    0.009758] ACPI: WAET 0x000000003FFE2794 000028 (v01 BOCHS  BXPC     00000001 BXPC 00000001)
[    0.010342] ACPI: Reserving FACP table memory at [mem 0x3ffe2578-0x3ffe25eb]
[    0.010825] ACPI: Reserving DSDT table memory at [mem 0x3ffe0040-0x3ffe2577]
[    0.011308] ACPI: Reserving FACS table memory at [mem 0x3ffe0000-0x3ffe003f]
[    0.011792] ACPI: Reserving APIC table memory at [mem 0x3ffe25ec-0x3ffe275b]
[    0.012274] ACPI: Reserving HPET table memory at [mem 0x3ffe275c-0x3ffe2793]
[    0.012757] ACPI: Reserving WAET table memory at [mem 0x3ffe2794-0x3ffe27bb]
[    0.013372] No NUMA configuration found
[    0.013634] Faking a node at [mem 0x0000000000000000-0x000000003ffdffff]
[    0.014093] NODE_DATA(0) allocated [mem 0x3ffdb780-0x3ffdffff]
[    0.014500] Zone ranges:
[    0.014674]   DMA      [mem 0x0000000000001000-0x0000000000ffffff]
[    0.015096]   DMA32    [mem 0x0000000001000000-0x000000003ffdffff]
[    0.015519]   Normal   empty
[    0.015717]   Device   empty
[    0.015914] Movable zone start for each node
[    0.016205] Early memory node ranges
[    0.016448]   node   0: [mem 0x0000000000001000-0x000000000009efff]
[    0.016876]   node   0: [mem 0x0000000000100000-0x000000003ffdffff]
[    0.017303] Initmem setup node 0 [mem 0x0000000000001000-0x000000003ffdffff]
[    0.017786] On node 0, zone DMA: 1 pages in unavailable ranges
[    0.018192] On node 0, zone DMA: 97 pages in unavailable ranges
[    0.019577] On node 0, zone DMA32: 32 pages in unavailable ranges
[    0.020189] ACPI: PM-Timer IO Port: 0x608
[    0.020468] ACPI: LAPIC_NMI (acpi_id[0xff] dfl dfl lint[0x1])
[    0.020876] IOAPIC[0]: apic_id 0, version 17, address 0xfec00000, GSI 0-23
[    0.021348] ACPI: INT_SRC_OVR (bus 0 bus_irq 0 global_irq 2 dfl dfl)
[    0.021783] ACPI: INT_SRC_OVR (bus 0 bus_irq 5 global_irq 5 high level)
[    0.022235] ACPI: INT_SRC_OVR (bus 0 bus_irq 9 global_irq 9 high level)
[    0.022688] ACPI: INT_SRC_OVR (bus 0 bus_irq 10 global_irq 10 high level)
[    0.023152] ACPI: INT_SRC_OVR (bus 0 bus_irq 11 global_irq 11 high level)
[    0.023618] ACPI: Using ACPI (MADT) for SMP configuration information
[    0.024060] ACPI: HPET id: 0x8086a201 base: 0xfed00000
[    0.024413] TSC deadline timer available
[    0.024683] CPU topo: Max. logical packages:   1
[    0.024998] CPU topo: Max. logical dies:       1
[    0.025318] CPU topo: Max. dies per package:   1
[    0.025634] CPU topo: Max. threads per core:   1
[    0.025948] CPU topo: Num. cores per package:    32
[    0.026280] CPU topo: Num. threads per package:  32
[    0.026611] CPU topo: Allowing 32 present CPUs plus 0 hotplug CPUs
[    0.027038] kvm-guest: APIC: eoi() replaced with kvm_guest_apic_eoi_write()
[    0.027519] kvm-guest: KVM setup pv remote TLB flush
[    0.027860] kvm-guest: setup PV sched yield
[    0.028147] PM: hibernation: Registered nosave memory: [mem 0x00000000-0x00000fff]
[    0.028663] PM: hibernation: Registered nosave memory: [mem 0x0009f000-0x0009ffff]
[    0.029178] PM: hibernation: Registered nosave memory: [mem 0x000a0000-0x000effff]
[    0.029694] PM: hibernation: Registered nosave memory: [mem 0x000f0000-0x000fffff]
[    0.030211] [mem 0x40000000-0xfeffbfff] available for PCI devices
[    0.030627] Booting paravirtualized kernel on KVM
[    0.030947] clocksource: refined-jiffies: mask: 0xffffffff max_cycles: 0xffffffff, max_idle_ns: 1910969940391419 ns
[    0.034300] setup_percpu: NR_CPUS:64 nr_cpumask_bits:32 nr_cpu_ids:32 nr_node_ids:1
[    0.035436] percpu: Embedded 58 pages/cpu s198296 r8192 d31080 u262144
[    0.035917] Kernel command line: virtme_hostname=virtme-ng nr_open=1048576 virtme_link_mods=/nipa-data/kernel/.virtme_mods/lib/modules/0.0.0 virtme_initmount0=nipa-data/kernel virtme_rw_overlay0=/etc virtme_rw_overlay1=/lib virtme_rw_overlay2=/home virtme_rw_overlay3=/opt virtme_rw_overlay4=/srv virtme_rw_overlay5=/usr virtme_rw_overlay6=/var console=hvc0 earlyprintk=serial,ttyS0,115200 virtme_console=ttyS0 psmouse.proto=exps TERM=xterm virtme_chdir=nipa-data/kernel virtme_root_user=1 rootfstype=9p rootflags=version=9p2000.L,trans=virtio,access=any raid=noautodetect ro init=/usr/lib/python3/dist-packages/virtme/guest/virtme-init
[    0.039908] Unknown kernel command line parameters "virtme_hostname=virtme-ng nr_open=1048576 virtme_link_mods=/nipa-data/kernel/.virtme_mods/lib/modules/0.0.0 virtme_initmount0=nipa-data/kernel virtme_rw_overlay0=/etc virtme_rw_overlay1=/lib virtme_rw_overlay2=/home virtme_rw_overlay3=/opt virtme_rw_overlay4=/srv virtme_rw_overlay5=/usr virtme_rw_overlay6=/var virtme_console=ttyS0 virtme_chdir=nipa-data/kernel virtme_root_user=1", will be passed to user space.
[    0.042967] random: crng init done
[    0.043204] printk: log buffer data + meta data: 262144 + 917504 = 1179648 bytes
[    0.043753] Dentry cache hash table entries: 131072 (order: 8, 1048576 bytes, linear)
[    0.044320] Inode-cache hash table entries: 65536 (order: 7, 524288 bytes, linear)
[    0.044930] Fallback order for Node 0: 0 
[    0.044932] Built 1 zonelists, mobility grouping on.  Total pages: 262014
[    0.045688] Policy zone: DMA32
[    0.045901] mem auto-init: stack:all(zero), heap alloc:off, heap free:off
[    0.046975] SLUB: HWalign=64, Order=0-3, MinObjects=0, CPUs=32, Nodes=1
Poking KASLR using RDRAND RDTSC...
[    0.047676] ftrace: allocating 48925 entries in 192 pages
[    0.059358] ftrace: allocated 192 pages with 2 groups
[    0.060284] Dynamic Preempt: voluntary
[    0.060674] rcu: Preemptible hierarchical RCU implementation.
[    0.061075] rcu: RCU event tracing is enabled.
[    0.061390] rcu: RCU restricting CPUs from NR_CPUS=64 to nr_cpu_ids=32.
[    0.061857] Trampoline variant of Tasks RCU enabled.
[    0.062208] Rude variant of Tasks RCU enabled.
[    0.062526] Tracing variant of Tasks RCU enabled.
[    0.062860] rcu: RCU calculated value of scheduler-enlistment delay is 100 jiffies.
[    0.063395] rcu: Adjusting geometry for rcu_fanout_leaf=16, nr_cpu_ids=32
[    0.063884] RCU Tasks: Setting shift to 5 and lim to 1 rcu_task_cb_adjust=1 rcu_task_cpu_ids=32.
[    0.064498] RCU Tasks Rude: Setting shift to 5 and lim to 1 rcu_task_cb_adjust=1 rcu_task_cpu_ids=32.
[    0.065142] RCU Tasks Trace: Setting shift to 5 and lim to 1 rcu_task_cb_adjust=1 rcu_task_cpu_ids=32.
[    0.067562] NR_IRQS: 4352, nr_irqs: 680, preallocated irqs: 16
[    0.068135] rcu: srcu_init: Setting srcu_struct sizes based on contention.
[    0.068755] Console: colour *CGA 80x25
[    0.069025] ACPI: Core revision 20240827
[    0.069365] clocksource: hpet: mask: 0xffffffff max_cycles: 0xffffffff, max_idle_ns: 19112604467 ns
[    0.070056] APIC: Switch to symmetric I/O mode setup
[    0.070422] kvm-guest: APIC: send_IPI_mask() replaced with kvm_send_ipi_mask()
[    0.070924] kvm-guest: APIC: send_IPI_mask_allbutself() replaced with kvm_send_ipi_mask_allbutself()
[    0.071540] kvm-guest: setup PV IPIs
[    0.072531] ..TIMER: vector=0x30 apic1=0 pin1=2 apic2=-1 pin2=-1
[    0.073291] clocksource: tsc-early: mask: 0xffffffffffffffff max_cycles: 0x40be4320a4d, max_idle_ns: 440795288133 ns
[    0.074592] Calibrating delay loop (skipped) preset value.. 8983.12 BogoMIPS (lpj=4491560)
[    0.075664] x86/cpu: User Mode Instruction Prevention (UMIP) activated
[    0.076638] Last level iTLB entries: 4KB 512, 2MB 255, 4MB 127
[    0.077591] Last level dTLB entries: 4KB 512, 2MB 255, 4MB 127, 1GB 0
[    0.078595] Spectre V1 : Mitigation: usercopy/swapgs barriers and __user pointer sanitization
[    0.079594] Spectre V2 : Mitigation: Enhanced / Automatic IBRS
[    0.080306] Spectre V2 : Spectre v2 / SpectreRSB mitigation: Filling RSB on context switch
[    0.080592] Spectre V2 : mitigation: Enabling conditional Indirect Branch Prediction Barrier
[    0.081592] Speculative Store Bypass: Mitigation: Speculative Store Bypass disabled via prctl
[    0.082591] Speculative Return Stack Overflow: IBPB-extending microcode not applied!
[    0.083591] Speculative Return Stack Overflow: WARNING: See https://kernel.org/doc/html/latest/admin-guide/hw-vuln/srso.html for mitigation options.
[    0.083592] Speculative Return Stack Overflow: Vulnerable: Safe RET, no microcode
[    0.085605] x86/fpu: Supporting XSAVE feature 0x001: 'x87 floating point registers'
[    0.086591] x86/fpu: Supporting XSAVE feature 0x002: 'SSE registers'
[    0.087591] x86/fpu: Supporting XSAVE feature 0x004: 'AVX registers'
[    0.088346] x86/fpu: Supporting XSAVE feature 0x020: 'AVX-512 opmask'
[    0.088591] x86/fpu: Supporting XSAVE feature 0x040: 'AVX-512 Hi256'
[    0.089591] x86/fpu: Supporting XSAVE feature 0x080: 'AVX-512 ZMM_Hi256'
[    0.090591] x86/fpu: Supporting XSAVE feature 0x200: 'Protection Keys User registers'
[    0.091591] x86/fpu: xstate_offset[2]:  576, xstate_sizes[2]:  256
[    0.092325] x86/fpu: xstate_offset[5]:  832, xstate_sizes[5]:   64
[    0.092591] x86/fpu: xstate_offset[6]:  896, xstate_sizes[6]:  512
[    0.093591] x86/fpu: xstate_offset[7]: 1408, xstate_sizes[7]: 1024
[    0.094591] x86/fpu: xstate_offset[9]: 2432, xstate_sizes[9]:    8
[    0.095326] x86/fpu: Enabled xstate features 0x2e7, context size is 2440 bytes, using 'compacted' format.
[    0.109553] Freeing SMP alternatives memory: 40K
[    0.109592] pid_max: default: 32768 minimum: 301
[    0.110610] Mount-cache hash table entries: 2048 (order: 2, 16384 bytes, linear)
[    0.111592] Mountpoint-cache hash table entries: 2048 (order: 2, 16384 bytes, linear)
[    0.112680] smpboot: CPU0: AMD Ryzen 9 7950X 16-Core Processor (family: 0x19, model: 0x61, stepping: 0x2)
[    0.113700] Performance Events: Fam17h+ core perfctr, AMD PMU driver.
[    0.114491] ... version:                0
[    0.114593] ... bit width:              48
[    0.115080] ... generic registers:      6
[    0.115556] ... value mask:             0000ffffffffffff
[    0.115593] ... max period:             00007fffffffffff
[    0.116224] ... fixed-purpose events:   0
[    0.116593] ... event mask:             000000000000003f
[    0.117296] signal: max sigframe size: 3376
[    0.117608] rcu: Hierarchical SRCU implementation.
[    0.118178] rcu: Max phase no-delay instances is 400.
[    0.118613] Timer migration: 2 hierarchy levels; 8 children per group; 2 crossnode level
[    0.121651] smp: Bringing up secondary CPUs ...
[    0.122242] smpboot: x86: Booting SMP configuration:
[    0.122594] .... node  #0, CPUs:        #1  #2  #3  #4  #5  #6  #7  #8  #9 #10 #11 #12 #13 #14 #15 #16 #17 #18 #19 #20 #21 #22 #23 #24 #25 #26 #27 #28 #29 #30 #31
[    0.136690] smp: Brought up 1 node, 32 CPUs
[    0.138100] smpboot: Total of 32 processors activated (287459.84 BogoMIPS)
[    0.140609] Memory: 970432K/1048056K available (15912K kernel code, 2461K rwdata, 6364K rodata, 3192K init, 1760K bss, 63184K reserved, 0K cma-reserved)
[    0.141725] devtmpfs: initialized
[    0.142015] x86/mm: Memory block size: 128MB
[    0.143228] clocksource: jiffies: mask: 0xffffffff max_cycles: 0xffffffff, max_idle_ns: 1911260446275000 ns
[    0.143594] futex hash table entries: 8192 (order: 7, 524288 bytes, linear)
[    0.144554] PM: RTC time: 00:07:16, date: 2025-02-16
[    0.144924] NET: Registered PF_NETLINK/PF_ROUTE protocol family
[    0.145711] thermal_sys: Registered thermal governor 'step_wise'
[    0.145721] cpuidle: using governor menu
[    0.147652] PCI: Using configuration type 1 for base access
[    0.148330] PCI: Using configuration type 1 for extended access
[    0.148655] kprobes: kprobe jump-optimization is enabled. All kprobes are optimized if possible.
[    0.164670] HugeTLB: registered 1.00 GiB page size, pre-allocated 0 pages
[    0.165593] HugeTLB: 16380 KiB vmemmap can be freed for a 1.00 GiB page
[    0.166408] HugeTLB: registered 2.00 MiB page size, pre-allocated 0 pages
[    0.166593] HugeTLB: 28 KiB vmemmap can be freed for a 2.00 MiB page
[    0.168353] ACPI: Added _OSI(Module Device)
[    0.168353] ACPI: Added _OSI(Processor Device)
[    0.169593] ACPI: Added _OSI(3.0 _SCP Extensions)
[    0.170176] ACPI: Added _OSI(Processor Aggregator Device)
[    0.171265] ACPI: 1 ACPI AML tables successfully acquired and loaded
[    0.173102] ACPI: Interpreter enabled
[    0.173601] ACPI: PM: (supports S0 S3 S4 S5)
[    0.174134] ACPI: Using IOAPIC for interrupt routing
[    0.174600] PCI: Using host bridge windows from ACPI; if necessary, use "pci=nocrs" and report a bug
[    0.175593] PCI: Using E820 reservations for host bridge windows
[    0.176426] ACPI: Enabled 2 GPEs in block 00 to 0F
[    0.179079] ACPI: PCI Root Bridge [PCI0] (domain 0000 [bus 00-ff])
[    0.180595] acpi PNP0A03:00: _OSC: OS supports [ExtendedConfig ASPM ClockPM Segments MSI HPX-Type3]
[    0.181678] PCI host bridge to bus 0000:00
[    0.182192] pci_bus 0000:00: root bus resource [io  0x0000-0x0cf7 window]
[    0.182593] pci_bus 0000:00: root bus resource [io  0x0d00-0xffff window]
[    0.183441] pci_bus 0000:00: root bus resource [mem 0x000a0000-0x000bffff window]
[    0.184593] pci_bus 0000:00: root bus resource [mem 0x40000000-0xfebfffff window]
[    0.185531] pci_bus 0000:00: root bus resource [mem 0x100000000-0x17fffffff window]
[    0.186594] pci_bus 0000:00: root bus resource [bus 00-ff]
[    0.187361] pci 0000:00:00.0: [8086:1237] type 00 class 0x060000 conventional PCI endpoint
[    0.188855] pci 0000:00:01.0: [8086:7000] type 00 class 0x060100 conventional PCI endpoint
[    0.189857] pci 0000:00:01.1: [8086:7010] type 00 class 0x010180 conventional PCI endpoint
[    0.191085] pci 0000:00:01.1: BAR 4 [io  0xc0c0-0xc0cf]
[    0.192611] pci 0000:00:01.1: BAR 0 [io  0x01f0-0x01f7]: legacy IDE quirk
[    0.193459] pci 0000:00:01.1: BAR 1 [io  0x03f6]: legacy IDE quirk
[    0.193593] pci 0000:00:01.1: BAR 2 [io  0x0170-0x0177]: legacy IDE quirk
[    0.194443] pci 0000:00:01.1: BAR 3 [io  0x0376]: legacy IDE quirk
[    0.195678] pci 0000:00:01.3: [8086:7113] type 00 class 0x068000 conventional PCI endpoint
[    0.196786] pci 0000:00:01.3: quirk: [io  0x0600-0x063f] claimed by PIIX4 ACPI
[    0.197597] pci 0000:00:01.3: quirk: [io  0x0700-0x070f] claimed by PIIX4 SMB
[    0.198653] pci 0000:00:02.0: [1af4:1009] type 00 class 0x000200 conventional PCI endpoint
[    0.200597] pci 0000:00:02.0: BAR 0 [io  0xc000-0xc03f]
[    0.201259] pci 0000:00:02.0: BAR 1 [mem 0xfebfc000-0xfebfcfff]
[    0.202607] pci 0000:00:02.0: BAR 4 [mem 0xfebf0000-0xfebf3fff 64bit pref]
[    0.204165] pci 0000:00:03.0: [1af4:1009] type 00 class 0x000200 conventional PCI endpoint
[    0.205110] pci 0000:00:03.0: BAR 0 [io  0xc040-0xc07f]
[    0.205597] pci 0000:00:03.0: BAR 1 [mem 0xfebfd000-0xfebfdfff]
[    0.206357] pci 0000:00:03.0: BAR 4 [mem 0xfebf4000-0xfebf7fff 64bit pref]
[    0.208108] pci 0000:00:04.0: [8086:25ab] type 00 class 0x088000 conventional PCI endpoint
[    0.209890] pci 0000:00:04.0: BAR 0 [mem 0xfebfe000-0xfebfe00f]
[    0.210987] pci 0000:00:05.0: [1af4:1003] type 00 class 0x078000 conventional PCI endpoint
[    0.212531] pci 0000:00:05.0: BAR 0 [io  0xc080-0xc0bf]
[    0.213597] pci 0000:00:05.0: BAR 1 [mem 0xfebff000-0xfebfffff]
[    0.214354] pci 0000:00:05.0: BAR 4 [mem 0xfebf8000-0xfebfbfff 64bit pref]
[    0.216295] ACPI: PCI: Interrupt link LNKA configured for IRQ 10
[    0.216696] ACPI: PCI: Interrupt link LNKB configured for IRQ 10
[    0.217544] ACPI: PCI: Interrupt link LNKC configured for IRQ 11
[    0.218687] ACPI: PCI: Interrupt link LNKD configured for IRQ 11
[    0.219502] ACPI: PCI: Interrupt link LNKS configured for IRQ 9
[    0.220398] iommu: Default domain type: Translated
[    0.221593] iommu: DMA domain TLB invalidation policy: lazy mode
[    0.222401] SCSI subsystem initialized
[    0.222623] pps_core: LinuxPPS API ver. 1 registered
[    0.223272] pps_core: Software ver. 5.3.6 - Copyright 2005-2007 Rodolfo Giometti <giometti@linux.it>
[    0.224595] PTP clock support registered
[    0.225610] Advanced Linux Sound Architecture Driver Initialized.
[    0.225858] NET: Registered PF_ATMPVC protocol family
[    0.226493] NET: Registered PF_ATMSVC protocol family
[    0.227599] PCI: Using ACPI for IRQ routing
[    0.228199] vgaarb: loaded
[    0.228624] hpet0: at MMIO 0xfed00000, IRQs 2, 8, 0
[    0.229236] hpet0: 3 comparators, 64-bit 100.000000 MHz counter
[    0.232770] clocksource: Switched to clocksource kvm-clock
[    0.233551] VFS: Disk quotas dquot_6.6.0
[    0.233921] VFS: Dquot-cache hash table entries: 512 (order 0, 4096 bytes)
[    0.234843] pnp: PnP ACPI init
[    0.235394] pnp: PnP ACPI: found 5 devices
[    0.242496] clocksource: acpi_pm: mask: 0xffffff max_cycles: 0xffffff, max_idle_ns: 2085701024 ns
[    0.243612] NET: Registered PF_INET protocol family
[    0.244321] IP idents hash table entries: 16384 (order: 5, 131072 bytes, linear)
[    0.245390] tcp_listen_portaddr_hash hash table entries: 512 (order: 1, 8192 bytes, linear)
[    0.246435] Table-perturb hash table entries: 65536 (order: 6, 262144 bytes, linear)
[    0.247402] TCP established hash table entries: 8192 (order: 4, 65536 bytes, linear)
[    0.248364] TCP bind hash table entries: 8192 (order: 6, 262144 bytes, linear)
[    0.249264] TCP: Hash tables configured (established 8192 bind 8192)
[    0.250071] UDP hash table entries: 512 (order: 3, 32768 bytes, linear)
[    0.250887] UDP-Lite hash table entries: 512 (order: 3, 32768 bytes, linear)
[    0.251786] NET: Registered PF_UNIX/PF_LOCAL protocol family
[    0.252494] pci_bus 0000:00: resource 4 [io  0x0000-0x0cf7 window]
[    0.253261] pci_bus 0000:00: resource 5 [io  0x0d00-0xffff window]
[    0.254031] pci_bus 0000:00: resource 6 [mem 0x000a0000-0x000bffff window]
[    0.254877] pci_bus 0000:00: resource 7 [mem 0x40000000-0xfebfffff window]
[    0.255729] pci_bus 0000:00: resource 8 [mem 0x100000000-0x17fffffff window]
[    0.256622] pci 0000:00:01.0: PIIX3: Enabling Passive Release
[    0.257340] pci 0000:00:00.0: Limiting direct PCI/PCI transfers
[    0.258109] PCI: CLS 0 bytes, default 64
[    0.258646] kvm_intel: VMX not supported by CPU 25
[    0.259271] kvm_amd: TSC scaling supported
[    0.259778] kvm_amd: Nested Virtualization enabled
[    0.260379] kvm_amd: Nested Paging enabled
[    0.260886] kvm_amd: LBR virtualization supported
[    0.261476] kvm_amd: Virtual GIF supported
[    0.261987] kvm_amd: Virtual NMI enabled
[    0.290903] clocksource: tsc: mask: 0xffffffffffffffff max_cycles: 0x40be4320a4d, max_idle_ns: 440795288133 ns
[    0.298699] Initialise system trusted keyrings
[    0.299353] workingset: timestamp_bits=56 max_order=18 bucket_order=0
[    0.300188] squashfs: version 4.0 (2009/01/31) Phillip Lougher
[    0.300924] fuse: init (API version 7.42)
[    0.301471] 9p: Installing v9fs 9p2000 file system support
[    0.308840] Key type asymmetric registered
[    0.309362] Asymmetric key parser 'x509' registered
[    0.309992] Block layer SCSI generic (bsg) driver version 0.4 loaded (major 249)
[    0.310931] io scheduler mq-deadline registered
[    0.311507] io scheduler kyber registered
[    0.313661] input: Power Button as /devices/LNXSYSTM:00/LNXPWRBN:00/input/input0
[    0.314658] ACPI: button: Power Button [PWRF]
[    0.315596] Warning: Processor Platform Limit event detected, but not handled.
[    0.316583] Consider compiling CPUfreq support into your kernel.
[    0.334261] ACPI: \_SB_.LNKB: Enabled at IRQ 10
[    0.350011] ACPI: \_SB_.LNKC: Enabled at IRQ 11
[    0.365707] ACPI: \_SB_.LNKA: Enabled at IRQ 10
[    0.366792] Serial: 8250/16550 driver, 4 ports, IRQ sharing enabled
[    0.367683] 00:03: ttyS0 at I/O 0x3f8 (irq = 4, base_baud = 115200) is a 16550A
[    0.388208] Non-volatile memory driver v1.3
[    0.388760] Linux agpgart interface v0.103
[    0.389292] printk: legacy console [hvc0] enabled
[    0.389315] ACPI: bus type drm_connector registered
[    0.389882] printk: legacy bootconsole [earlyser0] disabled
          _      _                                    
   __   _(_)_ __| |_ _ __ ___   ___       _ __   __ _ 
   \ \ / / |  __| __|  _   _ \ / _ \_____|  _ \ / _  |
    \ V /| | |  | |_| | | | | |  __/_____| | | | (_| |
     \_/ |_|_|   \__|_| |_| |_|\___|     |_| |_|\__  |
                                                |___/ 
   kernel version: 6.14.0-rc2-virtme x86_64
   (CTRL+d to exit)

root@virtme-ng:/nipa-data/kernel# PS1='xx__-> '
xx__-> env
PWD=/nipa-data/kernel
nr_open=1048576
HOME=/
TERM=xterm
SHLVL=2
XDG_RUNTIME_DIR=/run/user/0
PATH=/bin:/sbin:/usr/bin:/usr/sbin:/usr/local/bin
OLDPWD=/
_=/bin/env
xx__-> 