No EFI environment detected.
early console in extract_kernel
input_data: 0x0000000002bde2c4
input_len: 0x0000000000b945bb
output: 0x0000000001000000
output_len: 0x000000000272afd8
kernel_total_size: 0x0000000002430000
needed_size: 0x0000000002800000
trampoline_32bit: 0x0000000000000000
Physical KASLR using RDRAND RDTSC...
Virtual KASLR using RDRAND RDTSC...

Decompressing Linux... Parsing ELF... Performing relocations... done.
Booting the kernel (entry_offset: 0x0000000000f8fed0).
[    0.000000] Linux version 6.14.0-rc7-virtme (root@a985f5869d44) (gcc (Ubuntu 13.3.0-6ubuntu2~24.04) 13.3.0, GNU ld (GNU Binutils for Ubuntu) 2.42) #1 SMP PREEMPT_DYNAMIC Sat Mar 22 18:06:03 UTC 2025
[    0.000000] Command line: virtme_hostname=virtme-ng nr_open=1048576 virtme_link_mods=/nipa-data/kernel/.virtme_mods/lib/modules/0.0.0 virtme_initmount0=nipa-data/kernel virtme_rw_overlay0=/etc virtme_rw_overlay1=/lib virtme_rw_overlay2=/home virtme_rw_overlay3=/opt virtme_rw_overlay4=/srv virtme_rw_overlay5=/usr virtme_rw_overlay6=/var console=hvc0 earlyprintk=serial,ttyS0,115200 virtme_console=ttyS0 psmouse.proto=exps TERM=xterm virtme_chdir=nipa-data/kernel virtme_root_user=1 rootfstype=9p rootflags=version=9p2000.L,trans=virtio,access=any raid=noautodetect ro init=/usr/lib/python3/dist-packages/virtme/guest/virtme-init
[    0.000000] BIOS-provided physical RAM map:
[    0.000000] BIOS-e820: [mem 0x0000000000000000-0x000000000009fbff] usable
[    0.000000] BIOS-e820: [mem 0x000000000009fc00-0x000000000009ffff] reserved
[    0.000000] BIOS-e820: [mem 0x00000000000f0000-0x00000000000fffff] reserved
[    0.000000] BIOS-e820: [mem 0x0000000000100000-0x000000003ffdffff] usable
[    0.000000] BIOS-e820: [mem 0x000000003ffe0000-0x000000003fffffff] reserved
[    0.000000] BIOS-e820: [mem 0x00000000feffc000-0x00000000feffffff] reserved
[    0.000000] BIOS-e820: [mem 0x00000000fffc0000-0x00000000ffffffff] reserved
[    0.000000] BIOS-e820: [mem 0x000000fd00000000-0x000000ffffffffff] reserved
[    0.000000] printk: legacy bootconsole [earlyser0] enabled
[    0.000000] NX (Execute Disable) protection: active
[    0.000000] APIC: Static calls initialized
[    0.000000] SMBIOS 3.0.0 present.
[    0.000000] DMI: QEMU Ubuntu 24.04 PC (i440FX + PIIX, 1996), BIOS 1.16.3-debian-1.16.3-2 04/01/2014
[    0.000000] DMI: Memory slots populated: 1/1
[    0.000000] Hypervisor detected: KVM
[    0.000000] kvm-clock: Using msrs 4b564d01 and 4b564d00
[    0.000000] kvm-clock: using sched offset of 201545061 cycles
[    0.000358] clocksource: kvm-clock: mask: 0xffffffffffffffff max_cycles: 0x1cd42e4dffb, max_idle_ns: 881590591483 ns
[    0.001473] tsc: Detected 4491.560 MHz processor
[    0.002036] last_pfn = 0x3ffe0 max_arch_pfn = 0x400000000
[    0.002429] MTRR map: 4 entries (3 fixed + 1 variable; max 19), built from 8 variable MTRRs
[    0.003009] x86/PAT: Configuration [0-7]: WB  WC  UC- UC  WB  WP  UC- WT  
Memory KASLR using RDRAND RDTSC...
[    0.004939] found SMP MP-table at [mem 0x000f5470-0x000f547f]
[    0.005337] Using GB pages for direct mapping
[    0.005692] ACPI: Early table checksum verification disabled
[    0.006082] ACPI: RSDP 0x00000000000F5290 000014 (v00 BOCHS )
[    0.006476] ACPI: RSDT 0x000000003FFE27BC 000034 (v01 BOCHS  BXPC     00000001 BXPC 00000001)
[    0.007061] ACPI: FACP 0x000000003FFE2578 000074 (v01 BOCHS  BXPC     00000001 BXPC 00000001)
[    0.007646] ACPI: DSDT 0x000000003FFE0040 002538 (v01 BOCHS  BXPC     00000001 BXPC 00000001)
[    0.008235] ACPI: FACS 0x000000003FFE0000 000040
[    0.008552] ACPI: APIC 0x000000003FFE25EC 000170 (v03 BOCHS  BXPC     00000001 BXPC 00000001)
[    0.009137] ACPI: HPET 0x000000003FFE275C 000038 (v01 BOCHS  BXPC     00000001 BXPC 00000001)
[    0.009723] ACPI: WAET 0x000000003FFE2794 000028 (v01 BOCHS  BXPC     00000001 BXPC 00000001)
[    0.010307] ACPI: Reserving FACP table memory at [mem 0x3ffe2578-0x3ffe25eb]
[    0.010790] ACPI: Reserving DSDT table memory at [mem 0x3ffe0040-0x3ffe2577]
[    0.011275] ACPI: Reserving FACS table memory at [mem 0x3ffe0000-0x3ffe003f]
[    0.011762] ACPI: Reserving APIC table memory at [mem 0x3ffe25ec-0x3ffe275b]
[    0.012243] ACPI: Reserving HPET table memory at [mem 0x3ffe275c-0x3ffe2793]
[    0.012724] ACPI: Reserving WAET table memory at [mem 0x3ffe2794-0x3ffe27bb]
[    0.013334] No NUMA configuration found
[    0.013596] Faking a node at [mem 0x0000000000000000-0x000000003ffdffff]
[    0.014054] NODE_DATA(0) allocated [mem 0x3ffdb780-0x3ffdffff]
[    0.014460] Zone ranges:
[    0.014632]   DMA      [mem 0x0000000000001000-0x0000000000ffffff]
[    0.015054]   DMA32    [mem 0x0000000001000000-0x000000003ffdffff]
[    0.015478]   Normal   empty
[    0.015674]   Device   empty
[    0.015870] Movable zone start for each node
[    0.016161] Early memory node ranges
[    0.016404]   node   0: [mem 0x0000000000001000-0x000000000009efff]
[    0.016831]   node   0: [mem 0x0000000000100000-0x000000003ffdffff]
[    0.017259] Initmem setup node 0 [mem 0x0000000000001000-0x000000003ffdffff]
[    0.017740] On node 0, zone DMA: 1 pages in unavailable ranges
[    0.018145] On node 0, zone DMA: 97 pages in unavailable ranges
[    0.019516] On node 0, zone DMA32: 32 pages in unavailable ranges
[    0.020120] ACPI: PM-Timer IO Port: 0x608
[    0.020398] ACPI: LAPIC_NMI (acpi_id[0xff] dfl dfl lint[0x1])
[    0.020806] IOAPIC[0]: apic_id 0, version 17, address 0xfec00000, GSI 0-23
[    0.021276] ACPI: INT_SRC_OVR (bus 0 bus_irq 0 global_irq 2 dfl dfl)
[    0.021710] ACPI: INT_SRC_OVR (bus 0 bus_irq 5 global_irq 5 high level)
[    0.022161] ACPI: INT_SRC_OVR (bus 0 bus_irq 9 global_irq 9 high level)
[    0.022615] ACPI: INT_SRC_OVR (bus 0 bus_irq 10 global_irq 10 high level)
[    0.023079] ACPI: INT_SRC_OVR (bus 0 bus_irq 11 global_irq 11 high level)
[    0.023546] ACPI: Using ACPI (MADT) for SMP configuration information
[    0.023986] ACPI: HPET id: 0x8086a201 base: 0xfed00000
[    0.024337] TSC deadline timer available
[    0.024606] CPU topo: Max. logical packages:   1
[    0.024922] CPU topo: Max. logical dies:       1
[    0.025236] CPU topo: Max. dies per package:   1
[    0.025553] CPU topo: Max. threads per core:   1
[    0.025872] CPU topo: Num. cores per package:    32
[    0.026203] CPU topo: Num. threads per package:  32
[    0.026534] CPU topo: Allowing 32 present CPUs plus 0 hotplug CPUs
[    0.026960] kvm-guest: APIC: eoi() replaced with kvm_guest_apic_eoi_write()
[    0.027441] kvm-guest: KVM setup pv remote TLB flush
[    0.027780] kvm-guest: setup PV sched yield
[    0.028065] PM: hibernation: Registered nosave memory: [mem 0x00000000-0x00000fff]
[    0.028580] PM: hibernation: Registered nosave memory: [mem 0x0009f000-0x0009ffff]
[    0.029093] PM: hibernation: Registered nosave memory: [mem 0x000a0000-0x000effff]
[    0.029607] PM: hibernation: Registered nosave memory: [mem 0x000f0000-0x000fffff]
[    0.030121] [mem 0x40000000-0xfeffbfff] available for PCI devices
[    0.030535] Booting paravirtualized kernel on KVM
[    0.030855] clocksource: refined-jiffies: mask: 0xffffffff max_cycles: 0xffffffff, max_idle_ns: 1910969940391419 ns
[    0.034223] setup_percpu: NR_CPUS:64 nr_cpumask_bits:32 nr_cpu_ids:32 nr_node_ids:1
[    0.035345] percpu: Embedded 58 pages/cpu s198360 r8192 d31016 u262144
[    0.035823] Kernel command line: virtme_hostname=virtme-ng nr_open=1048576 virtme_link_mods=/nipa-data/kernel/.virtme_mods/lib/modules/0.0.0 virtme_initmount0=nipa-data/kernel virtme_rw_overlay0=/etc virtme_rw_overlay1=/lib virtme_rw_overlay2=/home virtme_rw_overlay3=/opt virtme_rw_overlay4=/srv virtme_rw_overlay5=/usr virtme_rw_overlay6=/var console=hvc0 earlyprintk=serial,ttyS0,115200 virtme_console=ttyS0 psmouse.proto=exps TERM=xterm virtme_chdir=nipa-data/kernel virtme_root_user=1 rootfstype=9p rootflags=version=9p2000.L,trans=virtio,access=any raid=noautodetect ro init=/usr/lib/python3/dist-packages/virtme/guest/virtme-init
[    0.039821] Unknown kernel command line parameters "virtme_hostname=virtme-ng nr_open=1048576 virtme_link_mods=/nipa-data/kernel/.virtme_mods/lib/modules/0.0.0 virtme_initmount0=nipa-data/kernel virtme_rw_overlay0=/etc virtme_rw_overlay1=/lib virtme_rw_overlay2=/home virtme_rw_overlay3=/opt virtme_rw_overlay4=/srv virtme_rw_overlay5=/usr virtme_rw_overlay6=/var virtme_console=ttyS0 virtme_chdir=nipa-data/kernel virtme_root_user=1", will be passed to user space.
[    0.042870] random: crng init done
[    0.043109] printk: log buffer data + meta data: 262144 + 917504 = 1179648 bytes
[    0.043657] Dentry cache hash table entries: 131072 (order: 8, 1048576 bytes, linear)
[    0.044224] Inode-cache hash table entries: 65536 (order: 7, 524288 bytes, linear)
[    0.044834] Fallback order for Node 0: 0 
[    0.044837] Built 1 zonelists, mobility grouping on.  Total pages: 262014
[    0.045595] Policy zone: DMA32
[    0.045809] mem auto-init: stack:all(zero), heap alloc:off, heap free:off
[    0.046835] SLUB: HWalign=64, Order=0-3, MinObjects=0, CPUs=32, Nodes=1
Poking KASLR using RDRAND RDTSC...
[    0.047537] ftrace: allocating 49002 entries in 192 pages
[    0.059227] ftrace: allocated 192 pages with 2 groups
[    0.060114] Dynamic Preempt: voluntary
[    0.060502] rcu: Preemptible hierarchical RCU implementation.
[    0.060909] rcu: RCU event tracing is enabled.
[    0.061226] rcu: RCU restricting CPUs from NR_CPUS=64 to nr_cpu_ids=32.
[    0.061695] Trampoline variant of Tasks RCU enabled.
[    0.062049] Rude variant of Tasks RCU enabled.
[    0.062365] Tracing variant of Tasks RCU enabled.
[    0.062701] rcu: RCU calculated value of scheduler-enlistment delay is 100 jiffies.
[    0.063236] rcu: Adjusting geometry for rcu_fanout_leaf=16, nr_cpu_ids=32
[    0.063723] RCU Tasks: Setting shift to 5 and lim to 1 rcu_task_cb_adjust=1 rcu_task_cpu_ids=32.
[    0.064338] RCU Tasks Rude: Setting shift to 5 and lim to 1 rcu_task_cb_adjust=1 rcu_task_cpu_ids=32.
[    0.064984] RCU Tasks Trace: Setting shift to 5 and lim to 1 rcu_task_cb_adjust=1 rcu_task_cpu_ids=32.
[    0.067330] NR_IRQS: 4352, nr_irqs: 680, preallocated irqs: 16
[    0.067900] rcu: srcu_init: Setting srcu_struct sizes based on contention.
[    0.068514] Console: colour *CGA 80x25
[    0.068781] ACPI: Core revision 20240827
[    0.069124] clocksource: hpet: mask: 0xffffffff max_cycles: 0xffffffff, max_idle_ns: 19112604467 ns
[    0.069812] APIC: Switch to symmetric I/O mode setup
[    0.070189] kvm-guest: APIC: send_IPI_mask() replaced with kvm_send_ipi_mask()
[    0.070689] kvm-guest: APIC: send_IPI_mask_allbutself() replaced with kvm_send_ipi_mask_allbutself()
[    0.071308] kvm-guest: setup PV IPIs
[    0.072290] ..TIMER: vector=0x30 apic1=0 pin1=2 apic2=-1 pin2=-1
[    0.073048] clocksource: tsc-early: mask: 0xffffffffffffffff max_cycles: 0x40be4320a4d, max_idle_ns: 440795288133 ns
[    0.074345] Calibrating delay loop (skipped) preset value.. 8983.12 BogoMIPS (lpj=4491560)
[    0.075404] x86/cpu: User Mode Instruction Prevention (UMIP) activated
[    0.076390] Last level iTLB entries: 4KB 512, 2MB 255, 4MB 127
[    0.077344] Last level dTLB entries: 4KB 512, 2MB 255, 4MB 127, 1GB 0
[    0.078347] Spectre V1 : Mitigation: usercopy/swapgs barriers and __user pointer sanitization
[    0.079347] Spectre V2 : Mitigation: Enhanced / Automatic IBRS
[    0.080058] Spectre V2 : Spectre v2 / SpectreRSB mitigation: Filling RSB on context switch
[    0.080345] Spectre V2 : mitigation: Enabling conditional Indirect Branch Prediction Barrier
[    0.081345] Speculative Store Bypass: Mitigation: Speculative Store Bypass disabled via prctl
[    0.082344] Speculative Return Stack Overflow: IBPB-extending microcode not applied!
[    0.083344] Speculative Return Stack Overflow: WARNING: See https://kernel.org/doc/html/latest/admin-guide/hw-vuln/srso.html for mitigation options.
[    0.083344] Speculative Return Stack Overflow: Vulnerable: Safe RET, no microcode
[    0.085358] x86/fpu: Supporting XSAVE feature 0x001: 'x87 floating point registers'
[    0.086344] x86/fpu: Supporting XSAVE feature 0x002: 'SSE registers'
[    0.087344] x86/fpu: Supporting XSAVE feature 0x004: 'AVX registers'
[    0.088099] x86/fpu: Supporting XSAVE feature 0x020: 'AVX-512 opmask'
[    0.088344] x86/fpu: Supporting XSAVE feature 0x040: 'AVX-512 Hi256'
[    0.089344] x86/fpu: Supporting XSAVE feature 0x080: 'AVX-512 ZMM_Hi256'
[    0.090344] x86/fpu: Supporting XSAVE feature 0x200: 'Protection Keys User registers'
[    0.091344] x86/fpu: xstate_offset[2]:  576, xstate_sizes[2]:  256
[    0.092081] x86/fpu: xstate_offset[5]:  832, xstate_sizes[5]:   64
[    0.092344] x86/fpu: xstate_offset[6]:  896, xstate_sizes[6]:  512
[    0.093344] x86/fpu: xstate_offset[7]: 1408, xstate_sizes[7]: 1024
[    0.094344] x86/fpu: xstate_offset[9]: 2432, xstate_sizes[9]:    8
[    0.095087] x86/fpu: Enabled xstate features 0x2e7, context size is 2440 bytes, using 'compacted' format.
[    0.108972] Freeing SMP alternatives memory: 40K
[    0.109345] pid_max: default: 32768 minimum: 301
[    0.109915] Mount-cache hash table entries: 2048 (order: 2, 16384 bytes, linear)
[    0.110344] Mountpoint-cache hash table entries: 2048 (order: 2, 16384 bytes, linear)
[    0.111472] smpboot: CPU0: AMD Ryzen 9 7950X 16-Core Processor (family: 0x19, model: 0x61, stepping: 0x2)
[    0.112457] Performance Events: Fam17h+ core perfctr, AMD PMU driver.
[    0.113252] ... version:                0
[    0.113346] ... bit width:              48
[    0.113834] ... generic registers:      6
[    0.114313] ... value mask:             0000ffffffffffff
[    0.114345] ... max period:             00007fffffffffff
[    0.114980] ... fixed-purpose events:   0
[    0.115345] ... event mask:             000000000000003f
[    0.116052] signal: max sigframe size: 3376
[    0.116359] rcu: Hierarchical SRCU implementation.
[    0.116932] rcu: Max phase no-delay instances is 400.
[    0.117365] Timer migration: 2 hierarchy levels; 8 children per group; 2 crossnode level
[    0.120404] smp: Bringing up secondary CPUs ...
[    0.121003] smpboot: x86: Booting SMP configuration:
[    0.121347] .... node  #0, CPUs:        #1  #2  #3  #4  #5  #6  #7  #8  #9 #10 #11 #12 #13 #14 #15 #16 #17 #18 #19 #20 #21 #22 #23 #24 #25 #26 #27 #28 #29 #30 #31
[    0.133442] smp: Brought up 1 node, 32 CPUs
[    0.134854] smpboot: Total of 32 processors activated (287459.84 BogoMIPS)
[    0.137372] Memory: 970420K/1048056K available (15936K kernel code, 2462K rwdata, 6372K rodata, 3196K init, 1748K bss, 63180K reserved, 0K cma-reserved)
[    0.138457] devtmpfs: initialized
[    0.138773] x86/mm: Memory block size: 128MB
[    0.139980] clocksource: jiffies: mask: 0xffffffff max_cycles: 0xffffffff, max_idle_ns: 1911260446275000 ns
[    0.140346] futex hash table entries: 8192 (order: 7, 524288 bytes, linear)
[    0.141258] PM: RTC time: 18:06:23, date: 2025-03-22
[    0.141660] NET: Registered PF_NETLINK/PF_ROUTE protocol family
[    0.142465] thermal_sys: Registered thermal governor 'step_wise'
[    0.142480] cpuidle: using governor menu
[    0.144405] PCI: Using configuration type 1 for base access
[    0.145081] PCI: Using configuration type 1 for extended access
[    0.145408] kprobes: kprobe jump-optimization is enabled. All kprobes are optimized if possible.
[    0.155419] HugeTLB: registered 1.00 GiB page size, pre-allocated 0 pages
[    0.156346] HugeTLB: 16380 KiB vmemmap can be freed for a 1.00 GiB page
[    0.157174] HugeTLB: registered 2.00 MiB page size, pre-allocated 0 pages
[    0.157345] HugeTLB: 28 KiB vmemmap can be freed for a 2.00 MiB page
[    0.158397] ACPI: Added _OSI(Module Device)
[    0.159346] ACPI: Added _OSI(Processor Device)
[    0.159900] ACPI: Added _OSI(3.0 _SCP Extensions)
[    0.160345] ACPI: Added _OSI(Processor Aggregator Device)
[    0.161692] ACPI: 1 ACPI AML tables successfully acquired and loaded
[    0.163491] ACPI: Interpreter enabled
[    0.163491] ACPI: PM: (supports S0 S3 S4 S5)
[    0.163884] ACPI: Using IOAPIC for interrupt routing
[    0.165352] PCI: Using host bridge windows from ACPI; if necessary, use "pci=nocrs" and report a bug
[    0.166345] PCI: Using E820 reservations for host bridge windows
[    0.167174] ACPI: Enabled 2 GPEs in block 00 to 0F
[    0.169893] ACPI: PCI Root Bridge [PCI0] (domain 0000 [bus 00-ff])
[    0.170348] acpi PNP0A03:00: _OSC: OS supports [ExtendedConfig ASPM ClockPM Segments MSI HPX-Type3]
[    0.172430] PCI host bridge to bus 0000:00
[    0.172940] pci_bus 0000:00: root bus resource [io  0x0000-0x0cf7 window]
[    0.173346] pci_bus 0000:00: root bus resource [io  0x0d00-0xffff window]
[    0.174189] pci_bus 0000:00: root bus resource [mem 0x000a0000-0x000bffff window]
[    0.175346] pci_bus 0000:00: root bus resource [mem 0x40000000-0xfebfffff window]
[    0.176273] pci_bus 0000:00: root bus resource [mem 0x100000000-0x17fffffff window]
[    0.177346] pci_bus 0000:00: root bus resource [bus 00-ff]
[    0.178112] pci 0000:00:00.0: [8086:1237] type 00 class 0x060000 conventional PCI endpoint
[    0.178607] pci 0000:00:01.0: [8086:7000] type 00 class 0x060100 conventional PCI endpoint
[    0.180607] pci 0000:00:01.1: [8086:7010] type 00 class 0x010180 conventional PCI endpoint
[    0.181838] pci 0000:00:01.1: BAR 4 [io  0xc0c0-0xc0cf]
[    0.182364] pci 0000:00:01.1: BAR 0 [io  0x01f0-0x01f7]: legacy IDE quirk
[    0.183201] pci 0000:00:01.1: BAR 1 [io  0x03f6]: legacy IDE quirk
[    0.184345] pci 0000:00:01.1: BAR 2 [io  0x0170-0x0177]: legacy IDE quirk
[    0.185187] pci 0000:00:01.1: BAR 3 [io  0x0376]: legacy IDE quirk
[    0.185430] pci 0000:00:01.3: [8086:7113] type 00 class 0x068000 conventional PCI endpoint
[    0.187537] pci 0000:00:01.3: quirk: [io  0x0600-0x063f] claimed by PIIX4 ACPI
[    0.188349] pci 0000:00:01.3: quirk: [io  0x0700-0x070f] claimed by PIIX4 SMB
[    0.189390] pci 0000:00:02.0: [1af4:1009] type 00 class 0x000200 conventional PCI endpoint
[    0.191350] pci 0000:00:02.0: BAR 0 [io  0xc000-0xc03f]
[    0.192005] pci 0000:00:02.0: BAR 1 [mem 0xfebfc000-0xfebfcfff]
[    0.192359] pci 0000:00:02.0: BAR 4 [mem 0xfebf0000-0xfebf3fff 64bit pref]
[    0.193924] pci 0000:00:03.0: [1af4:1009] type 00 class 0x000200 conventional PCI endpoint
[    0.195802] pci 0000:00:03.0: BAR 0 [io  0xc040-0xc07f]
[    0.196350] pci 0000:00:03.0: BAR 1 [mem 0xfebfd000-0xfebfdfff]
[    0.197098] pci 0000:00:03.0: BAR 4 [mem 0xfebf4000-0xfebf7fff 64bit pref]
[    0.198857] pci 0000:00:04.0: [8086:25ab] type 00 class 0x088000 conventional PCI endpoint
[    0.199625] pci 0000:00:04.0: BAR 0 [mem 0xfebfe000-0xfebfe00f]
[    0.200742] pci 0000:00:05.0: [1af4:1003] type 00 class 0x078000 conventional PCI endpoint
[    0.203268] pci 0000:00:05.0: BAR 0 [io  0xc080-0xc0bf]
[    0.203350] pci 0000:00:05.0: BAR 1 [mem 0xfebff000-0xfebfffff]
[    0.204101] pci 0000:00:05.0: BAR 4 [mem 0xfebf8000-0xfebfbfff 64bit pref]
[    0.206053] ACPI: PCI: Interrupt link LNKA configured for IRQ 10
[    0.206450] ACPI: PCI: Interrupt link LNKB configured for IRQ 10
[    0.207285] ACPI: PCI: Interrupt link LNKC configured for IRQ 11
[    0.208439] ACPI: PCI: Interrupt link LNKD configured for IRQ 11
[    0.209259] ACPI: PCI: Interrupt link LNKS configured for IRQ 9
[    0.211160] iommu: Default domain type: Translated
[    0.211346] iommu: DMA domain TLB invalidation policy: lazy mode
[    0.212142] SCSI subsystem initialized
[    0.212375] pps_core: LinuxPPS API ver. 1 registered
[    0.212997] pps_core: Software ver. 5.3.6 - Copyright 2005-2007 Rodolfo Giometti <giometti@linux.it>
[    0.214347] PTP clock support registered
[    0.215365] Advanced Linux Sound Architecture Driver Initialized.
[    0.215594] NET: Registered PF_ATMPVC protocol family
[    0.216222] NET: Registered PF_ATMSVC protocol family
[    0.217351] PCI: Using ACPI for IRQ routing
[    0.218355] vgaarb: loaded
[    0.218690] hpet0: at MMIO 0xfed00000, IRQs 2, 8, 0
[    0.218985] hpet0: 3 comparators, 64-bit 100.000000 MHz counter
[    0.226539] clocksource: Switched to clocksource kvm-clock
[    0.227236] VFS: Disk quotas dquot_6.6.0
[    0.227737] VFS: Dquot-cache hash table entries: 512 (order 0, 4096 bytes)
[    0.229239] pnp: PnP ACPI init
[    0.229793] pnp: PnP ACPI: found 5 devices
[    0.237034] clocksource: acpi_pm: mask: 0xffffff max_cycles: 0xffffff, max_idle_ns: 2085701024 ns
[    0.238150] NET: Registered PF_INET protocol family
[    0.238763] IP idents hash table entries: 16384 (order: 5, 131072 bytes, linear)
[    0.239815] tcp_listen_portaddr_hash hash table entries: 512 (order: 1, 8192 bytes, linear)
[    0.240863] Table-perturb hash table entries: 65536 (order: 6, 262144 bytes, linear)
[    0.241834] TCP established hash table entries: 8192 (order: 4, 65536 bytes, linear)
[    0.242792] TCP bind hash table entries: 8192 (order: 6, 262144 bytes, linear)
[    0.243691] TCP: Hash tables configured (established 8192 bind 8192)
[    0.244491] UDP hash table entries: 512 (order: 3, 32768 bytes, linear)
[    0.245315] UDP-Lite hash table entries: 512 (order: 3, 32768 bytes, linear)
[    0.246300] NET: Registered PF_UNIX/PF_LOCAL protocol family
[    0.247010] pci_bus 0000:00: resource 4 [io  0x0000-0x0cf7 window]
[    0.247773] pci_bus 0000:00: resource 5 [io  0x0d00-0xffff window]
[    0.248544] pci_bus 0000:00: resource 6 [mem 0x000a0000-0x000bffff window]
[    0.249396] pci_bus 0000:00: resource 7 [mem 0x40000000-0xfebfffff window]
[    0.250245] pci_bus 0000:00: resource 8 [mem 0x100000000-0x17fffffff window]
[    0.251138] pci 0000:00:01.0: PIIX3: Enabling Passive Release
[    0.251847] pci 0000:00:00.0: Limiting direct PCI/PCI transfers
[    0.252612] PCI: CLS 0 bytes, default 64
[    0.253171] kvm_intel: VMX not supported by CPU 25
[    0.253775] kvm_amd: TSC scaling supported
[    0.254290] kvm_amd: Nested Virtualization enabled
[    0.254877] kvm_amd: Nested Paging enabled
[    0.255387] kvm_amd: LBR virtualization supported
[    0.255972] kvm_amd: Virtual GIF supported
[    0.256474] kvm_amd: Virtual NMI enabled
[    0.295047] clocksource: tsc: mask: 0xffffffffffffffff max_cycles: 0x40be4320a4d, max_idle_ns: 440795288133 ns
[    0.302596] Initialise system trusted keyrings
[    0.303224] workingset: timestamp_bits=56 max_order=18 bucket_order=0
[    0.304055] squashfs: version 4.0 (2009/01/31) Phillip Lougher
[    0.304792] fuse: init (API version 7.42)
[    0.305339] 9p: Installing v9fs 9p2000 file system support
[    0.312641] Key type asymmetric registered
[    0.313164] Asymmetric key parser 'x509' registered
[    0.313786] Block layer SCSI generic (bsg) driver version 0.4 loaded (major 249)
[    0.314729] io scheduler mq-deadline registered
[    0.315302] io scheduler kyber registered
[    0.317507] input: Power Button as /devices/LNXSYSTM:00/LNXPWRBN:00/input/input0
[    0.318509] ACPI: button: Power Button [PWRF]
[    0.319456] Warning: Processor Platform Limit event detected, but not handled.
[    0.320329] Consider compiling CPUfreq support into your kernel.
[    0.337859] ACPI: \_SB_.LNKB: Enabled at IRQ 10
[    0.353494] ACPI: \_SB_.LNKC: Enabled at IRQ 11
[    0.369037] ACPI: \_SB_.LNKA: Enabled at IRQ 10
[    0.370113] Serial: 8250/16550 driver, 4 ports, IRQ sharing enabled
[    0.371004] 00:03: ttyS0 at I/O 0x3f8 (irq = 4, base_baud = 115200) is a 16550A
[    0.391899] Non-volatile memory driver v1.3
[    0.392462] Linux agpgart interface v0.103
[    0.392989] printk: legacy console [hvc0] enabled
[    0.393012] ACPI: bus type drm_connector registered
[    0.393582] printk: legacy bootconsole [earlyser0] disabled
          _      _                                    
   __   _(_)_ __| |_ _ __ ___   ___       _ __   __ _ 
   \ \ / / |  __| __|  _   _ \ / _ \_____|  _ \ / _  |
    \ V /| | |  | |_| | | | | |  __/_____| | | | (_| |
     \_/ |_|_|   \__|_| |_| |_|\___|     |_| |_|\__  |
                                                |___/ 
   kernel version: 6.14.0-rc7-virtme x86_64
   (CTRL+d to exit)

root@virtme-ng:/nipa-data/kernel# PS1='xx__-> '
xx__-> env
PWD=/nipa-data/kernel
nr_open=1048576
HOME=/
TERM=xterm
SHLVL=2
XDG_RUNTIME_DIR=/run/user/0
PATH=/bin:/sbin:/usr/bin:/usr/sbin:/usr/local/bin
OLDPWD=/
_=/bin/env
xx__-> 