No EFI environment detected.
early console in extract_kernel
input_data: 0x00000000029ba2c4
input_len: 0x0000000000bbdc96
output: 0x0000000001000000
output_len: 0x0000000002531ec8
kernel_total_size: 0x0000000002430000
needed_size: 0x0000000002600000
trampoline_32bit: 0x0000000000000000
Physical KASLR using RDRAND RDTSC...
Virtual KASLR using RDRAND RDTSC...

Decompressing Linux... Parsing ELF... Performing relocations... done.
Booting the kernel (entry_offset: 0x0000000000fb4140).
[    0.000000] Linux version 6.15.0-rc3-virtme (root@7c942047c725) (gcc (Ubuntu 13.3.0-6ubuntu2~24.04) 13.3.0, GNU ld (GNU Binutils for Ubuntu) 2.42) #1 SMP PREEMPT_DYNAMIC Sun Apr 27 18:06:08 UTC 2025
[    0.000000] Command line: virtme_hostname=virtme-ng nr_open=1048576 virtme_link_mods=/nipa-data/kernel/.virtme_mods/lib/modules/0.0.0 virtme_initmount0=nipa-data/kernel virtme_rw_overlay0=/etc virtme_rw_overlay1=/lib virtme_rw_overlay2=/home virtme_rw_overlay3=/opt virtme_rw_overlay4=/srv virtme_rw_overlay5=/usr virtme_rw_overlay6=/var console=hvc0 earlyprintk=serial,ttyS0,115200 virtme_console=ttyS0 psmouse.proto=exps TERM=xterm virtme_chdir=nipa-data/kernel virtme_root_user=1 rootfstype=9p rootflags=version=9p2000.L,trans=virtio,access=any raid=noautodetect ro init=/usr/lib/python3/dist-packages/virtme/guest/virtme-init
[    0.000000] BIOS-provided physical RAM map:
[    0.000000] BIOS-e820: [mem 0x0000000000000000-0x000000000009fbff] usable
[    0.000000] BIOS-e820: [mem 0x000000000009fc00-0x000000000009ffff] reserved
[    0.000000] BIOS-e820: [mem 0x00000000000f0000-0x00000000000fffff] reserved
[    0.000000] BIOS-e820: [mem 0x0000000000100000-0x000000003ffdffff] usable
[    0.000000] BIOS-e820: [mem 0x000000003ffe0000-0x000000003fffffff] reserved
[    0.000000] BIOS-e820: [mem 0x00000000feffc000-0x00000000feffffff] reserved
[    0.000000] BIOS-e820: [mem 0x00000000fffc0000-0x00000000ffffffff] reserved
[    0.000000] BIOS-e820: [mem 0x000000fd00000000-0x000000ffffffffff] reserved
[    0.000000] printk: legacy bootconsole [earlyser0] enabled
[    0.000000] NX (Execute Disable) protection: active
[    0.000000] APIC: Static calls initialized
[    0.000000] SMBIOS 3.0.0 present.
[    0.000000] DMI: QEMU Ubuntu 24.04 PC (i440FX + PIIX, 1996), BIOS 1.16.3-debian-1.16.3-2 04/01/2014
[    0.000000] DMI: Memory slots populated: 1/1
[    0.000000] Hypervisor detected: KVM
[    0.000000] kvm-clock: Using msrs 4b564d01 and 4b564d00
[    0.000000] kvm-clock: using sched offset of 218135844 cycles
[    0.000368] clocksource: kvm-clock: mask: 0xffffffffffffffff max_cycles: 0x1cd42e4dffb, max_idle_ns: 881590591483 ns
[    0.001511] tsc: Detected 4491.524 MHz processor
[    0.002088] last_pfn = 0x3ffe0 max_arch_pfn = 0x400000000
[    0.002491] MTRR map: 4 entries (3 fixed + 1 variable; max 19), built from 8 variable MTRRs
[    0.003079] x86/PAT: Configuration [0-7]: WB  WC  UC- UC  WB  WP  UC- WT  
Memory KASLR using RDRAND RDTSC...
[    0.005048] found SMP MP-table at [mem 0x000f5470-0x000f547f]
[    0.005456] Using GB pages for direct mapping
[    0.005816] ACPI: Early table checksum verification disabled
[    0.006213] ACPI: RSDP 0x00000000000F5290 000014 (v00 BOCHS )
[    0.006617] ACPI: RSDT 0x000000003FFE27BC 000034 (v01 BOCHS  BXPC     00000001 BXPC 00000001)
[    0.007216] ACPI: FACP 0x000000003FFE2578 000074 (v01 BOCHS  BXPC     00000001 BXPC 00000001)
[    0.007814] ACPI: DSDT 0x000000003FFE0040 002538 (v01 BOCHS  BXPC     00000001 BXPC 00000001)
[    0.008413] ACPI: FACS 0x000000003FFE0000 000040
[    0.008737] ACPI: APIC 0x000000003FFE25EC 000170 (v03 BOCHS  BXPC     00000001 BXPC 00000001)
[    0.009334] ACPI: HPET 0x000000003FFE275C 000038 (v01 BOCHS  BXPC     00000001 BXPC 00000001)
[    0.009938] ACPI: WAET 0x000000003FFE2794 000028 (v01 BOCHS  BXPC     00000001 BXPC 00000001)
[    0.010542] ACPI: Reserving FACP table memory at [mem 0x3ffe2578-0x3ffe25eb]
[    0.011036] ACPI: Reserving DSDT table memory at [mem 0x3ffe0040-0x3ffe2577]
[    0.011530] ACPI: Reserving FACS table memory at [mem 0x3ffe0000-0x3ffe003f]
[    0.012026] ACPI: Reserving APIC table memory at [mem 0x3ffe25ec-0x3ffe275b]
[    0.012520] ACPI: Reserving HPET table memory at [mem 0x3ffe275c-0x3ffe2793]
[    0.013014] ACPI: Reserving WAET table memory at [mem 0x3ffe2794-0x3ffe27bb]
[    0.013643] No NUMA configuration found
[    0.013912] Faking a node at [mem 0x0000000000000000-0x000000003ffdffff]
[    0.014382] NODE_DATA(0) allocated [mem 0x3ffdb600-0x3ffdffff]
[    0.014799] Zone ranges:
[    0.014976]   DMA      [mem 0x0000000000001000-0x0000000000ffffff]
[    0.015411]   DMA32    [mem 0x0000000001000000-0x000000003ffdffff]
[    0.015844]   Normal   empty
[    0.016049]   Device   empty
[    0.016250] Movable zone start for each node
[    0.016549] Early memory node ranges
[    0.016799]   node   0: [mem 0x0000000000001000-0x000000000009efff]
[    0.017238]   node   0: [mem 0x0000000000100000-0x000000003ffdffff]
[    0.017677] Initmem setup node 0 [mem 0x0000000000001000-0x000000003ffdffff]
[    0.018171] On node 0, zone DMA: 1 pages in unavailable ranges
[    0.018592] On node 0, zone DMA: 97 pages in unavailable ranges
[    0.019975] On node 0, zone DMA32: 32 pages in unavailable ranges
[    0.020601] ACPI: PM-Timer IO Port: 0x608
[    0.020889] ACPI: LAPIC_NMI (acpi_id[0xff] dfl dfl lint[0x1])
[    0.021308] IOAPIC[0]: apic_id 0, version 17, address 0xfec00000, GSI 0-23
[    0.021793] ACPI: INT_SRC_OVR (bus 0 bus_irq 0 global_irq 2 dfl dfl)
[    0.022241] ACPI: INT_SRC_OVR (bus 0 bus_irq 5 global_irq 5 high level)
[    0.022710] ACPI: INT_SRC_OVR (bus 0 bus_irq 9 global_irq 9 high level)
[    0.023173] ACPI: INT_SRC_OVR (bus 0 bus_irq 10 global_irq 10 high level)
[    0.023648] ACPI: INT_SRC_OVR (bus 0 bus_irq 11 global_irq 11 high level)
[    0.024128] ACPI: Using ACPI (MADT) for SMP configuration information
[    0.024580] ACPI: HPET id: 0x8086a201 base: 0xfed00000
[    0.024944] TSC deadline timer available
[    0.025221] CPU topo: Max. logical packages:   1
[    0.025544] CPU topo: Max. logical dies:       1
[    0.025868] CPU topo: Max. dies per package:   1
[    0.026194] CPU topo: Max. threads per core:   1
[    0.026517] CPU topo: Num. cores per package:    32
[    0.026859] CPU topo: Num. threads per package:  32
[    0.027201] CPU topo: Allowing 32 present CPUs plus 0 hotplug CPUs
[    0.027641] kvm-guest: APIC: eoi() replaced with kvm_guest_apic_eoi_write()
[    0.028138] kvm-guest: KVM setup pv remote TLB flush
[    0.028487] kvm-guest: setup PV sched yield
[    0.028782] PM: hibernation: Registered nosave memory: [mem 0x00000000-0x00000fff]
[    0.029313] PM: hibernation: Registered nosave memory: [mem 0x0009f000-0x000fffff]
[    0.029843] [mem 0x40000000-0xfeffbfff] available for PCI devices
[    0.030270] Booting paravirtualized kernel on KVM
[    0.030600] clocksource: refined-jiffies: mask: 0xffffffff max_cycles: 0xffffffff, max_idle_ns: 1910969940391419 ns
[    0.034045] setup_percpu: NR_CPUS:64 nr_cpumask_bits:32 nr_cpu_ids:32 nr_node_ids:1
[    0.035162] percpu: Embedded 53 pages/cpu s178392 r8192 d30504 u262144
[    0.035649] Kernel command line: virtme_hostname=virtme-ng nr_open=1048576 virtme_link_mods=/nipa-data/kernel/.virtme_mods/lib/modules/0.0.0 virtme_initmount0=nipa-data/kernel virtme_rw_overlay0=/etc virtme_rw_overlay1=/lib virtme_rw_overlay2=/home virtme_rw_overlay3=/opt virtme_rw_overlay4=/srv virtme_rw_overlay5=/usr virtme_rw_overlay6=/var console=hvc0 earlyprintk=serial,ttyS0,115200 virtme_console=ttyS0 psmouse.proto=exps TERM=xterm virtme_chdir=nipa-data/kernel virtme_root_user=1 rootfstype=9p rootflags=version=9p2000.L,trans=virtio,access=any raid=noautodetect ro init=/usr/lib/python3/dist-packages/virtme/guest/virtme-init
[    0.039729] Unknown kernel command line parameters "virtme_hostname=virtme-ng nr_open=1048576 virtme_link_mods=/nipa-data/kernel/.virtme_mods/lib/modules/0.0.0 virtme_initmount0=nipa-data/kernel virtme_rw_overlay0=/etc virtme_rw_overlay1=/lib virtme_rw_overlay2=/home virtme_rw_overlay3=/opt virtme_rw_overlay4=/srv virtme_rw_overlay5=/usr virtme_rw_overlay6=/var virtme_console=ttyS0 virtme_chdir=nipa-data/kernel virtme_root_user=1", will be passed to user space.
[    0.042860] random: crng init done
[    0.043105] printk: log buffer data + meta data: 262144 + 917504 = 1179648 bytes
[    0.043664] Dentry cache hash table entries: 131072 (order: 8, 1048576 bytes, linear)
[    0.044248] Inode-cache hash table entries: 65536 (order: 7, 524288 bytes, linear)
[    0.044880] Fallback order for Node 0: 0 
[    0.044882] Built 1 zonelists, mobility grouping on.  Total pages: 262014
[    0.045659] Policy zone: DMA32
[    0.045878] mem auto-init: stack:all(zero), heap alloc:off, heap free:off
[    0.046910] SLUB: HWalign=64, Order=0-3, MinObjects=0, CPUs=32, Nodes=1
Poking KASLR using RDRAND RDTSC...
[    0.054193] ftrace: allocating 48755 entries in 192 pages
[    0.054583] ftrace: allocated 192 pages with 2 groups
[    0.055520] Dynamic Preempt: voluntary
[    0.055917] rcu: Preemptible hierarchical RCU implementation.
[    0.056330] rcu: RCU event tracing is enabled.
[    0.056655] rcu: RCU restricting CPUs from NR_CPUS=64 to nr_cpu_ids=32.
[    0.057135] Trampoline variant of Tasks RCU enabled.
[    0.057496] Rude variant of Tasks RCU enabled.
[    0.057826] Tracing variant of Tasks RCU enabled.
[    0.058171] rcu: RCU calculated value of scheduler-enlistment delay is 100 jiffies.
[    0.058722] rcu: Adjusting geometry for rcu_fanout_leaf=16, nr_cpu_ids=32
[    0.059217] RCU Tasks: Setting shift to 5 and lim to 1 rcu_task_cb_adjust=1 rcu_task_cpu_ids=32.
[    0.059853] RCU Tasks Rude: Setting shift to 5 and lim to 1 rcu_task_cb_adjust=1 rcu_task_cpu_ids=32.
[    0.060523] RCU Tasks Trace: Setting shift to 5 and lim to 1 rcu_task_cb_adjust=1 rcu_task_cpu_ids=32.
[    0.062897] NR_IRQS: 4352, nr_irqs: 680, preallocated irqs: 16
[    0.063480] rcu: srcu_init: Setting srcu_struct sizes based on contention.
[    0.064111] Console: colour *CGA 80x25
[    0.064386] ACPI: Core revision 20240827
[    0.064732] clocksource: hpet: mask: 0xffffffff max_cycles: 0xffffffff, max_idle_ns: 19112604467 ns
[    0.065438] APIC: Switch to symmetric I/O mode setup
[    0.065944] x2apic enabled
[    0.066306] APIC: Switched APIC routing to: physical x2apic
[    0.066711] kvm-guest: APIC: send_IPI_mask() replaced with kvm_send_ipi_mask()
[    0.067224] kvm-guest: APIC: send_IPI_mask_allbutself() replaced with kvm_send_ipi_mask_allbutself()
[    0.067857] kvm-guest: setup PV IPIs
[    0.068836] ..TIMER: vector=0x30 apic1=0 pin1=2 apic2=-1 pin2=-1
[    0.069612] clocksource: tsc-early: mask: 0xffffffffffffffff max_cycles: 0x40be215b5d9, max_idle_ns: 440795359804 ns
[    0.070943] Calibrating delay loop (skipped) preset value.. 8983.04 BogoMIPS (lpj=4491524)
[    0.072002] x86/cpu: User Mode Instruction Prevention (UMIP) activated
[    0.072989] Last level iTLB entries: 4KB 512, 2MB 255, 4MB 127
[    0.073941] Last level dTLB entries: 4KB 512, 2MB 255, 4MB 127, 1GB 0
[    0.074945] Spectre V1 : Mitigation: usercopy/swapgs barriers and __user pointer sanitization
[    0.075945] Spectre V2 : Mitigation: Enhanced / Automatic IBRS
[    0.076674] Spectre V2 : mitigation: Enabling conditional Indirect Branch Prediction Barrier
[    0.076943] Speculative Store Bypass: Mitigation: Speculative Store Bypass disabled via prctl
[    0.077942] Speculative Return Stack Overflow: IBPB-extending microcode not applied!
[    0.078941] Speculative Return Stack Overflow: WARNING: See https://kernel.org/doc/html/latest/admin-guide/hw-vuln/srso.html for mitigation options.
[    0.078942] Speculative Return Stack Overflow: Vulnerable: Safe RET, no microcode
[    0.080956] x86/fpu: Supporting XSAVE feature 0x001: 'x87 floating point registers'
[    0.081941] x86/fpu: Supporting XSAVE feature 0x002: 'SSE registers'
[    0.082941] x86/fpu: Supporting XSAVE feature 0x004: 'AVX registers'
[    0.083941] x86/fpu: Supporting XSAVE feature 0x020: 'AVX-512 opmask'
[    0.084725] x86/fpu: Supporting XSAVE feature 0x040: 'AVX-512 Hi256'
[    0.084941] x86/fpu: Supporting XSAVE feature 0x080: 'AVX-512 ZMM_Hi256'
[    0.085941] x86/fpu: Supporting XSAVE feature 0x200: 'Protection Keys User registers'
[    0.086942] x86/fpu: xstate_offset[2]:  576, xstate_sizes[2]:  256
[    0.087941] x86/fpu: xstate_offset[5]:  832, xstate_sizes[5]:   64
[    0.088941] x86/fpu: xstate_offset[6]:  896, xstate_sizes[6]:  512
[    0.089692] x86/fpu: xstate_offset[7]: 1408, xstate_sizes[7]: 1024
[    0.089941] x86/fpu: xstate_offset[9]: 2432, xstate_sizes[9]:    8
[    0.090941] x86/fpu: Enabled xstate features 0x2e7, context size is 2440 bytes, using 'compacted' format.
[    0.106580] Freeing SMP alternatives memory: 44K
[    0.106943] pid_max: default: 32768 minimum: 301
[    0.107537] Mount-cache hash table entries: 2048 (order: 2, 16384 bytes, linear)
[    0.107942] Mountpoint-cache hash table entries: 2048 (order: 2, 16384 bytes, linear)
[    0.109078] smpboot: CPU0: AMD Ryzen 9 7950X 16-Core Processor (family: 0x19, model: 0x61, stepping: 0x2)
[    0.110041] Performance Events: Fam17h+ core perfctr, AMD PMU driver.
[    0.110848] ... version:                0
[    0.110943] ... bit width:              48
[    0.111441] ... generic registers:      6
[    0.111928] ... value mask:             0000ffffffffffff
[    0.111943] ... max period:             00007fffffffffff
[    0.112594] ... fixed-purpose events:   0
[    0.112943] ... event mask:             000000000000003f
[    0.113671] signal: max sigframe size: 3376
[    0.113957] rcu: Hierarchical SRCU implementation.
[    0.114539] rcu: Max phase no-delay instances is 400.
[    0.114968] Timer migration: 2 hierarchy levels; 8 children per group; 2 crossnode level
[    0.117998] smp: Bringing up secondary CPUs ...
[    0.118605] smpboot: x86: Booting SMP configuration:
[    0.118945] .... node  #0, CPUs:        #1  #2  #3  #4  #5  #6  #7  #8  #9 #10 #11 #12 #13 #14 #15 #16 #17 #18 #19 #20 #21 #22 #23 #24 #25 #26 #27 #28 #29 #30 #31
[    0.130033] smp: Brought up 1 node, 32 CPUs
[    0.131460] smpboot: Total of 32 processors activated (287457.53 BogoMIPS)
[    0.133071] Memory: 970996K/1048056K available (16081K kernel code, 2477K rwdata, 6428K rodata, 3200K init, 1680K bss, 62540K reserved, 0K cma-reserved)
[    0.134053] devtmpfs: initialized
[    0.134385] x86/mm: Memory block size: 128MB
[    0.135653] clocksource: jiffies: mask: 0xffffffff max_cycles: 0xffffffff, max_idle_ns: 1911260446275000 ns
[    0.135949] posixtimers hash table entries: 16384 (order: 6, 262144 bytes, linear)
[    0.136890] futex hash table entries: 8192 (order: 7, 524288 bytes, linear)
[    0.137018] PM: RTC time: 18:06:25, date: 2025-04-27
[    0.137960] NET: Registered PF_NETLINK/PF_ROUTE protocol family
[    0.138829] thermal_sys: Registered thermal governor 'step_wise'
[    0.138839] cpuidle: using governor menu
[    0.140306] PCI: Using configuration type 1 for base access
[    0.140944] PCI: Using configuration type 1 for extended access
[    0.141738] kprobes: kprobe jump-optimization is enabled. All kprobes are optimized if possible.
[    0.156804] HugeTLB: allocation took 0ms with hugepage_allocation_threads=8
[    0.156974] HugeTLB: registered 1.00 GiB page size, pre-allocated 0 pages
[    0.157812] HugeTLB: 16380 KiB vmemmap can be freed for a 1.00 GiB page
[    0.157943] HugeTLB: registered 2.00 MiB page size, pre-allocated 0 pages
[    0.158777] HugeTLB: 28 KiB vmemmap can be freed for a 2.00 MiB page
[    0.158996] ACPI: Added _OSI(Module Device)
[    0.159509] ACPI: Added _OSI(Processor Device)
[    0.159944] ACPI: Added _OSI(3.0 _SCP Extensions)
[    0.160522] ACPI: Added _OSI(Processor Aggregator Device)
[    0.161594] ACPI: 1 ACPI AML tables successfully acquired and loaded
[    0.162327] ACPI: Interpreter enabled
[    0.162951] ACPI: PM: (supports S0 S3 S4 S5)
[    0.163475] ACPI: Using IOAPIC for interrupt routing
[    0.163951] PCI: Using host bridge windows from ACPI; if necessary, use "pci=nocrs" and report a bug
[    0.164943] PCI: Using E820 reservations for host bridge windows
[    0.165773] ACPI: Enabled 2 GPEs in block 00 to 0F
[    0.168557] ACPI: PCI Root Bridge [PCI0] (domain 0000 [bus 00-ff])
[    0.168945] acpi PNP0A03:00: _OSC: OS supports [ExtendedConfig ASPM ClockPM Segments MSI HPX-Type3]
[    0.170031] PCI host bridge to bus 0000:00
[    0.170539] pci_bus 0000:00: root bus resource [io  0x0000-0x0cf7 window]
[    0.170943] pci_bus 0000:00: root bus resource [io  0x0d00-0xffff window]
[    0.171782] pci_bus 0000:00: root bus resource [mem 0x000a0000-0x000bffff window]
[    0.171943] pci_bus 0000:00: root bus resource [mem 0x40000000-0xfebfffff window]
[    0.172863] pci_bus 0000:00: root bus resource [mem 0x100000000-0x17fffffff window]
[    0.172943] pci_bus 0000:00: root bus resource [bus 00-ff]
[    0.173696] pci 0000:00:00.0: [8086:1237] type 00 class 0x060000 conventional PCI endpoint
[    0.174217] pci 0000:00:01.0: [8086:7000] type 00 class 0x060100 conventional PCI endpoint
[    0.175211] pci 0000:00:01.1: [8086:7010] type 00 class 0x010180 conventional PCI endpoint
[    0.176367] pci 0000:00:01.1: BAR 4 [io  0xc0c0-0xc0cf]
[    0.176961] pci 0000:00:01.1: BAR 0 [io  0x01f0-0x01f7]: legacy IDE quirk
[    0.177801] pci 0000:00:01.1: BAR 1 [io  0x03f6]: legacy IDE quirk
[    0.177943] pci 0000:00:01.1: BAR 2 [io  0x0170-0x0177]: legacy IDE quirk
[    0.178779] pci 0000:00:01.1: BAR 3 [io  0x0376]: legacy IDE quirk
[    0.179031] pci 0000:00:01.3: [8086:7113] type 00 class 0x068000 conventional PCI endpoint
[    0.180140] pci 0000:00:01.3: quirk: [io  0x0600-0x063f] claimed by PIIX4 ACPI
[    0.180947] pci 0000:00:01.3: quirk: [io  0x0700-0x070f] claimed by PIIX4 SMB
[    0.181992] pci 0000:00:02.0: [1af4:1009] type 00 class 0x000200 conventional PCI endpoint
[    0.183754] pci 0000:00:02.0: BAR 0 [io  0xc000-0xc03f]
[    0.183948] pci 0000:00:02.0: BAR 1 [mem 0xfebfc000-0xfebfcfff]
[    0.184694] pci 0000:00:02.0: BAR 4 [mem 0xfebf0000-0xfebf3fff 64bit pref]
[    0.185713] pci 0000:00:03.0: [1af4:1009] type 00 class 0x000200 conventional PCI endpoint
[    0.186487] pci 0000:00:03.0: BAR 0 [io  0xc040-0xc07f]
[    0.186947] pci 0000:00:03.0: BAR 1 [mem 0xfebfd000-0xfebfdfff]
[    0.187696] pci 0000:00:03.0: BAR 4 [mem 0xfebf4000-0xfebf7fff 64bit pref]
[    0.188463] pci 0000:00:04.0: [8086:25ab] type 00 class 0x088000 conventional PCI endpoint
[    0.189310] pci 0000:00:04.0: BAR 0 [mem 0xfebfe000-0xfebfe00f]
[    0.190347] pci 0000:00:05.0: [1af4:1003] type 00 class 0x078000 conventional PCI endpoint
[    0.191706] pci 0000:00:05.0: BAR 0 [io  0xc080-0xc0bf]
[    0.191948] pci 0000:00:05.0: BAR 1 [mem 0xfebff000-0xfebfffff]
[    0.192943] pci 0000:00:05.0: BAR 4 [mem 0xfebf8000-0xfebfbfff 64bit pref]
[    0.194519] ACPI: PCI: Interrupt link LNKA configured for IRQ 10
[    0.195052] ACPI: PCI: Interrupt link LNKB configured for IRQ 10
[    0.195891] ACPI: PCI: Interrupt link LNKC configured for IRQ 11
[    0.196037] ACPI: PCI: Interrupt link LNKD configured for IRQ 11
[    0.196838] ACPI: PCI: Interrupt link LNKS configured for IRQ 9
[    0.197750] iommu: Default domain type: Translated
[    0.197944] iommu: DMA domain TLB invalidation policy: lazy mode
[    0.198730] SCSI subsystem initialized
[    0.198972] pps_core: LinuxPPS API ver. 1 registered
[    0.199591] pps_core: Software ver. 5.3.6 - Copyright 2005-2007 Rodolfo Giometti <giometti@linux.it>
[    0.199945] PTP clock support registered
[    0.200437] Advanced Linux Sound Architecture Driver Initialized.
[    0.201289] NET: Registered PF_ATMPVC protocol family
[    0.201913] NET: Registered PF_ATMSVC protocol family
[    0.201949] PCI: Using ACPI for IRQ routing
[    0.202544] vgaarb: loaded
[    0.202950] hpet0: at MMIO 0xfed00000, IRQs 2, 8, 0
[    0.203558] hpet0: 3 comparators, 64-bit 100.000000 MHz counter
[    0.208023] clocksource: Switched to clocksource kvm-clock
[    0.208811] VFS: Disk quotas dquot_6.6.0
[    0.209706] VFS: Dquot-cache hash table entries: 512 (order 0, 4096 bytes)
[    0.210596] pnp: PnP ACPI init
[    0.211161] pnp: PnP ACPI: found 5 devices
[    0.217983] clocksource: acpi_pm: mask: 0xffffff max_cycles: 0xffffff, max_idle_ns: 2085701024 ns
[    0.219094] NET: Registered PF_INET protocol family
[    0.219705] IP idents hash table entries: 16384 (order: 5, 131072 bytes, linear)
[    0.220754] tcp_listen_portaddr_hash hash table entries: 512 (order: 1, 8192 bytes, linear)
[    0.221795] Table-perturb hash table entries: 65536 (order: 6, 262144 bytes, linear)
[    0.222760] TCP established hash table entries: 8192 (order: 4, 65536 bytes, linear)
[    0.223724] TCP bind hash table entries: 8192 (order: 6, 262144 bytes, linear)
[    0.224710] TCP: Hash tables configured (established 8192 bind 8192)
[    0.225514] UDP hash table entries: 512 (order: 3, 32768 bytes, linear)
[    0.226336] UDP-Lite hash table entries: 512 (order: 3, 32768 bytes, linear)
[    0.227232] NET: Registered PF_UNIX/PF_LOCAL protocol family
[    0.227931] pci_bus 0000:00: resource 4 [io  0x0000-0x0cf7 window]
[    0.228695] pci_bus 0000:00: resource 5 [io  0x0d00-0xffff window]
[    0.229459] pci_bus 0000:00: resource 6 [mem 0x000a0000-0x000bffff window]
[    0.230304] pci_bus 0000:00: resource 7 [mem 0x40000000-0xfebfffff window]
[    0.231153] pci_bus 0000:00: resource 8 [mem 0x100000000-0x17fffffff window]
[    0.232039] pci 0000:00:01.0: PIIX3: Enabling Passive Release
[    0.232745] pci 0000:00:00.0: Limiting direct PCI/PCI transfers
[    0.233512] PCI: CLS 0 bytes, default 64
[    0.234066] kvm_intel: VMX not supported by CPU 0
[    0.234655] kvm_amd: TSC scaling supported
[    0.235168] kvm_amd: Nested Virtualization enabled
[    0.235753] kvm_amd: Nested Paging enabled
[    0.236258] kvm_amd: LBR virtualization supported
[    0.236840] kvm_amd: Virtual GIF supported
[    0.237344] kvm_amd: Virtual NMI enabled
[    0.263271] clocksource: tsc: mask: 0xffffffffffffffff max_cycles: 0x40be215b5d9, max_idle_ns: 440795359804 ns
[    0.270065] Initialise system trusted keyrings
[    0.270678] workingset: timestamp_bits=56 max_order=18 bucket_order=0
[    0.271514] squashfs: version 4.0 (2009/01/31) Phillip Lougher
[    0.272252] fuse: init (API version 7.43)
[    0.272788] 9p: Installing v9fs 9p2000 file system support
[    0.280056] Key type asymmetric registered
[    0.280569] Asymmetric key parser 'x509' registered
[    0.281194] Block layer SCSI generic (bsg) driver version 0.4 loaded (major 249)
[    0.282131] io scheduler mq-deadline registered
[    0.282693] io scheduler kyber registered
[    0.284613] input: Power Button as /devices/LNXSYSTM:00/LNXPWRBN:00/input/input0
[    0.285590] ACPI: button: Power Button [PWRF]
[    0.286508] Warning: Processor Platform Limit event detected, but not handled.
[    0.287414] Consider compiling CPUfreq support into your kernel.
[    0.304709] ACPI: \_SB_.LNKB: Enabled at IRQ 10
[    0.320310] ACPI: \_SB_.LNKC: Enabled at IRQ 11
[    0.335856] ACPI: \_SB_.LNKA: Enabled at IRQ 10
[    0.336939] Serial: 8250/16550 driver, 4 ports, IRQ sharing enabled
[    0.337822] 00:03: ttyS0 at I/O 0x3f8 (irq = 4, base_baud = 115200) is a 16550A
[    0.362032] Non-volatile memory driver v1.3
[    0.362678] Linux agpgart interface v0.103
[    0.362759] ACPI: bus type drm_connector registered
[    0.363855] printk: legacy console [hvc0] enabled
[    0.364447] printk: legacy bootconsole [earlyser0] disabled
          _      _                                    
   __   _(_)_ __| |_ _ __ ___   ___       _ __   __ _ 
   \ \ / / |  __| __|  _   _ \ / _ \_____|  _ \ / _  |
    \ V /| | |  | |_| | | | | |  __/_____| | | | (_| |
     \_/ |_|_|   \__|_| |_| |_|\___|     |_| |_|\__  |
                                                |___/ 
   kernel version: 6.15.0-rc3-virtme x86_64
   (CTRL+d to exit)

root@virtme-ng:/nipa-data/kernel# PS1='xx__-> '
xx__-> env
PWD=/nipa-data/kernel
nr_open=1048576
HOME=/
TERM=xterm
SHLVL=2
XDG_RUNTIME_DIR=/run/user/0
PATH=/bin:/sbin:/usr/bin:/usr/sbin:/usr/local/bin
OLDPWD=/
_=/bin/env
xx__-> 