No EFI environment detected.
early console in extract_kernel
input_data: 0x0000000004ab32c4
input_len: 0x00000000018fdc01
output: 0x0000000001000000
output_len: 0x000000000533d488
kernel_total_size: 0x0000000005030000
needed_size: 0x0000000005400000
trampoline_32bit: 0x0000000000000000
Physical KASLR using RDRAND RDTSC...
Virtual KASLR using RDRAND RDTSC...

Decompressing Linux... Parsing ELF... Performing relocations... done.
Booting the kernel (entry_offset: 0x0000000000000000).
[    0.000000] Linux version 6.13.0-rc3-virtme (root@9f4af47b73aa) (gcc (Ubuntu 13.3.0-6ubuntu2~24.04) 13.3.0, GNU ld (GNU Binutils for Ubuntu) 2.42) #1 SMP PREEMPT_DYNAMIC Mon Dec 30 00:27:29 UTC 2024
[    0.000000] Command line: virtme_hostname=virtme-ng nr_open=1048576 virtme_link_mods=/nipa-data/kernel/.virtme_mods/lib/modules/0.0.0 virtme_initmount0=nipa-data/kernel virtme_rw_overlay0=/etc virtme_rw_overlay1=/lib virtme_rw_overlay2=/home virtme_rw_overlay3=/opt virtme_rw_overlay4=/srv virtme_rw_overlay5=/usr virtme_rw_overlay6=/var console=hvc0 earlyprintk=serial,ttyS0,115200 virtme_console=ttyS0 psmouse.proto=exps TERM=xterm virtme_chdir=nipa-data/kernel virtme_root_user=1 rootfstype=9p rootflags=version=9p2000.L,trans=virtio,access=any raid=noautodetect ro init=/usr/lib/python3/dist-packages/virtme/guest/virtme-init
[    0.000000] BIOS-provided physical RAM map:
[    0.000000] BIOS-e820: [mem 0x0000000000000000-0x000000000009fbff] usable
[    0.000000] BIOS-e820: [mem 0x000000000009fc00-0x000000000009ffff] reserved
[    0.000000] BIOS-e820: [mem 0x00000000000f0000-0x00000000000fffff] reserved
[    0.000000] BIOS-e820: [mem 0x0000000000100000-0x000000003ffdffff] usable
[    0.000000] BIOS-e820: [mem 0x000000003ffe0000-0x000000003fffffff] reserved
[    0.000000] BIOS-e820: [mem 0x00000000feffc000-0x00000000feffffff] reserved
[    0.000000] BIOS-e820: [mem 0x00000000fffc0000-0x00000000ffffffff] reserved
[    0.000000] BIOS-e820: [mem 0x000000fd00000000-0x000000ffffffffff] reserved
[    0.000000] printk: legacy bootconsole [earlyser0] enabled
[    0.000000] NX (Execute Disable) protection: active
[    0.000000] APIC: Static calls initialized
[    0.000000] SMBIOS 3.0.0 present.
[    0.000000] DMI: QEMU Ubuntu 24.04 PC (i440FX + PIIX, 1996), BIOS 1.16.3-debian-1.16.3-2 04/01/2014
[    0.000000] DMI: Memory slots populated: 1/1
[    0.000000] Hypervisor detected: KVM
[    0.000000] kvm-clock: Using msrs 4b564d01 and 4b564d00
[    0.000000] kvm-clock: using sched offset of 291039954 cycles
[    0.000373] clocksource: kvm-clock: mask: 0xffffffffffffffff max_cycles: 0x1cd42e4dffb, max_idle_ns: 881590591483 ns
[    0.001527] tsc: Detected 4491.556 MHz processor
[    0.002199] last_pfn = 0x3ffe0 max_arch_pfn = 0x400000000
[    0.002613] MTRR map: 4 entries (3 fixed + 1 variable; max 19), built from 8 variable MTRRs
[    0.003207] x86/PAT: Configuration [0-7]: WB  WC  UC- UC  WB  WP  UC- WT  
[    0.005156] found SMP MP-table at [mem 0x000f5470-0x000f547f]
[    0.005568] Using GB pages for direct mapping
[    0.006075] ACPI: Early table checksum verification disabled
[    0.006481] ACPI: RSDP 0x00000000000F5290 000014 (v00 BOCHS )
[    0.006893] ACPI: RSDT 0x000000003FFE27BC 000034 (v01 BOCHS  BXPC     00000001 BXPC 00000001)
[    0.007502] ACPI: FACP 0x000000003FFE2578 000074 (v01 BOCHS  BXPC     00000001 BXPC 00000001)
[    0.008110] ACPI: DSDT 0x000000003FFE0040 002538 (v01 BOCHS  BXPC     00000001 BXPC 00000001)
[    0.008722] ACPI: FACS 0x000000003FFE0000 000040
[    0.009051] ACPI: APIC 0x000000003FFE25EC 000170 (v03 BOCHS  BXPC     00000001 BXPC 00000001)
[    0.009659] ACPI: HPET 0x000000003FFE275C 000038 (v01 BOCHS  BXPC     00000001 BXPC 00000001)
[    0.010266] ACPI: WAET 0x000000003FFE2794 000028 (v01 BOCHS  BXPC     00000001 BXPC 00000001)
[    0.010872] ACPI: Reserving FACP table memory at [mem 0x3ffe2578-0x3ffe25eb]
[    0.011372] ACPI: Reserving DSDT table memory at [mem 0x3ffe0040-0x3ffe2577]
[    0.011873] ACPI: Reserving FACS table memory at [mem 0x3ffe0000-0x3ffe003f]
[    0.012384] ACPI: Reserving APIC table memory at [mem 0x3ffe25ec-0x3ffe275b]
[    0.012885] ACPI: Reserving HPET table memory at [mem 0x3ffe275c-0x3ffe2793]
[    0.013388] ACPI: Reserving WAET table memory at [mem 0x3ffe2794-0x3ffe27bb]
[    0.014082] No NUMA configuration found
[    0.014354] Faking a node at [mem 0x0000000000000000-0x000000003ffdffff]
[    0.014832] NODE_DATA(0) allocated [mem 0x3ffdb780-0x3ffdffff]
[    0.015263] Zone ranges:
[    0.015444]   DMA      [mem 0x0000000000001000-0x0000000000ffffff]
[    0.015881]   DMA32    [mem 0x0000000001000000-0x000000003ffdffff]
[    0.016325]   Normal   empty
[    0.016532]   Device   empty
[    0.016736] Movable zone start for each node
[    0.017041] Early memory node ranges
[    0.017294]   node   0: [mem 0x0000000000001000-0x000000000009efff]
[    0.017740]   node   0: [mem 0x0000000000100000-0x000000003ffdffff]
[    0.018187] Initmem setup node 0 [mem 0x0000000000001000-0x000000003ffdffff]
[    0.018694] On node 0, zone DMA: 1 pages in unavailable ranges
[    0.019163] On node 0, zone DMA: 97 pages in unavailable ranges
[    0.023748] On node 0, zone DMA32: 32 pages in unavailable ranges
[    0.033069] kasan: KernelAddressSanitizer initialized
[    0.033660] ACPI: PM-Timer IO Port: 0x608
[    0.033957] ACPI: LAPIC_NMI (acpi_id[0xff] dfl dfl lint[0x1])
[    0.034389] IOAPIC[0]: apic_id 0, version 17, address 0xfec00000, GSI 0-23
[    0.034880] ACPI: INT_SRC_OVR (bus 0 bus_irq 0 global_irq 2 dfl dfl)
[    0.035332] ACPI: INT_SRC_OVR (bus 0 bus_irq 5 global_irq 5 high level)
[    0.035803] ACPI: INT_SRC_OVR (bus 0 bus_irq 9 global_irq 9 high level)
[    0.036278] ACPI: INT_SRC_OVR (bus 0 bus_irq 10 global_irq 10 high level)
[    0.036761] ACPI: INT_SRC_OVR (bus 0 bus_irq 11 global_irq 11 high level)
[    0.037246] ACPI: Using ACPI (MADT) for SMP configuration information
[    0.037704] ACPI: HPET id: 0x8086a201 base: 0xfed00000
[    0.038072] TSC deadline timer available
[    0.038351] CPU topo: Max. logical packages:   1
[    0.038680] CPU topo: Max. logical dies:       1
[    0.039010] CPU topo: Max. dies per package:   1
[    0.039339] CPU topo: Max. threads per core:   1
[    0.039668] CPU topo: Num. cores per package:    32
[    0.040015] CPU topo: Num. threads per package:  32
[    0.040364] CPU topo: Allowing 32 present CPUs plus 0 hotplug CPUs
[    0.040817] kvm-guest: APIC: eoi() replaced with kvm_guest_apic_eoi_write()
[    0.041325] kvm-guest: KVM setup pv remote TLB flush
[    0.041678] kvm-guest: setup PV sched yield
[    0.041982] PM: hibernation: Registered nosave memory: [mem 0x00000000-0x00000fff]
[    0.042520] PM: hibernation: Registered nosave memory: [mem 0x0009f000-0x0009ffff]
[    0.043058] PM: hibernation: Registered nosave memory: [mem 0x000a0000-0x000effff]
[    0.043597] PM: hibernation: Registered nosave memory: [mem 0x000f0000-0x000fffff]
[    0.044135] [mem 0x40000000-0xfeffbfff] available for PCI devices
[    0.044579] Booting paravirtualized kernel on KVM
[    0.044914] clocksource: refined-jiffies: mask: 0xffffffff max_cycles: 0xffffffff, max_idle_ns: 1910969940391419 ns
[    0.053715] setup_percpu: NR_CPUS:64 nr_cpumask_bits:32 nr_cpu_ids:32 nr_node_ids:1
[    0.055524] percpu: Embedded 70 pages/cpu s247896 r8192 d30632 u524288
[    0.056060] Kernel command line: virtme_hostname=virtme-ng nr_open=1048576 virtme_link_mods=/nipa-data/kernel/.virtme_mods/lib/modules/0.0.0 virtme_initmount0=nipa-data/kernel virtme_rw_overlay0=/etc virtme_rw_overlay1=/lib virtme_rw_overlay2=/home virtme_rw_overlay3=/opt virtme_rw_overlay4=/srv virtme_rw_overlay5=/usr virtme_rw_overlay6=/var console=hvc0 earlyprintk=serial,ttyS0,115200 virtme_console=ttyS0 psmouse.proto=exps TERM=xterm virtme_chdir=nipa-data/kernel virtme_root_user=1 rootfstype=9p rootflags=version=9p2000.L,trans=virtio,access=any raid=noautodetect ro init=/usr/lib/python3/dist-packages/virtme/guest/virtme-init
[    0.060271] Unknown kernel command line parameters "virtme_hostname=virtme-ng nr_open=1048576 virtme_link_mods=/nipa-data/kernel/.virtme_mods/lib/modules/0.0.0 virtme_initmount0=nipa-data/kernel virtme_rw_overlay0=/etc virtme_rw_overlay1=/lib virtme_rw_overlay2=/home virtme_rw_overlay3=/opt virtme_rw_overlay4=/srv virtme_rw_overlay5=/usr virtme_rw_overlay6=/var virtme_console=ttyS0 virtme_chdir=nipa-data/kernel virtme_root_user=1", will be passed to user space.
[    0.063448] random: crng init done
[    0.063696] printk: log buffer data + meta data: 262144 + 917504 = 1179648 bytes
[    0.064262] Dentry cache hash table entries: 131072 (order: 8, 1048576 bytes, linear)
[    0.064847] Inode-cache hash table entries: 65536 (order: 7, 524288 bytes, linear)
[    0.065820] Fallback order for Node 0: 0 
[    0.065825] Built 1 zonelists, mobility grouping on.  Total pages: 262014
[    0.066616] Policy zone: DMA32
[    0.066839] mem auto-init: stack:all(zero), heap alloc:off, heap free:off
[    0.067336] stackdepot: allocating hash table via alloc_large_system_hash
[    0.067833] stackdepot hash table entries: 1048576 (order: 12, 16777216 bytes, linear)
[    0.075965] SLUB: HWalign=64, Order=0-3, MinObjects=0, CPUs=32, Nodes=1
Poking KASLR using RDRAND RDTSC...
[    0.076774] ftrace: allocating 48827 entries in 191 pages
[    0.094517] ftrace: allocated 191 pages with 7 groups
[    0.095732] Dynamic Preempt: voluntary
[    0.096460] rcu: Preemptible hierarchical RCU implementation.
[    0.096881] rcu: RCU event tracing is enabled.
[    0.097211] rcu: RCU restricting CPUs from NR_CPUS=64 to nr_cpu_ids=32.
[    0.097703] Trampoline variant of Tasks RCU enabled.
[    0.098073] Rude variant of Tasks RCU enabled.
[    0.098405] Tracing variant of Tasks RCU enabled.
[    0.098757] rcu: RCU calculated value of scheduler-enlistment delay is 100 jiffies.
[    0.099316] rcu: Adjusting geometry for rcu_fanout_leaf=16, nr_cpu_ids=32
[    0.099876] RCU Tasks: Setting shift to 5 and lim to 1 rcu_task_cb_adjust=1 rcu_task_cpu_ids=32.
[    0.100557] RCU Tasks Rude: Setting shift to 5 and lim to 1 rcu_task_cb_adjust=1 rcu_task_cpu_ids=32.
[    0.101230] RCU Tasks Trace: Setting shift to 5 and lim to 1 rcu_task_cb_adjust=1 rcu_task_cpu_ids=32.
[    0.110637] NR_IRQS: 4352, nr_irqs: 680, preallocated irqs: 16
[    0.111307] rcu: srcu_init: Setting srcu_struct sizes based on contention.
[    0.112021] Console: colour *CGA 80x25
[    0.112328] ACPI: Core revision 20240827
[    0.112769] clocksource: hpet: mask: 0xffffffff max_cycles: 0xffffffff, max_idle_ns: 19112604467 ns
[    0.113492] APIC: Switch to symmetric I/O mode setup
[    0.113866] kvm-guest: APIC: send_IPI_mask() replaced with kvm_send_ipi_mask()
[    0.114389] kvm-guest: APIC: send_IPI_mask_allbutself() replaced with kvm_send_ipi_mask_allbutself()
[    0.115024] kvm-guest: setup PV IPIs
[    0.116127] ..TIMER: vector=0x30 apic1=0 pin1=2 apic2=-1 pin2=-1
[    0.116927] clocksource: tsc-early: mask: 0xffffffffffffffff max_cycles: 0x40be400eb43, max_idle_ns: 440795366972 ns
[    0.118280] Calibrating delay loop (skipped) preset value.. 8983.11 BogoMIPS (lpj=4491556)
[    0.119345] x86/cpu: User Mode Instruction Prevention (UMIP) activated
[    0.120338] Last level iTLB entries: 4KB 512, 2MB 255, 4MB 127
[    0.121279] Last level dTLB entries: 4KB 512, 2MB 255, 4MB 127, 1GB 0
[    0.122283] Spectre V1 : Mitigation: usercopy/swapgs barriers and __user pointer sanitization
[    0.123283] Spectre V2 : Mitigation: Enhanced / Automatic IBRS
[    0.124278] Spectre V2 : Spectre v2 / SpectreRSB mitigation: Filling RSB on context switch
[    0.125281] Spectre V2 : mitigation: Enabling conditional Indirect Branch Prediction Barrier
[    0.126280] Speculative Store Bypass: Mitigation: Speculative Store Bypass disabled via prctl
[    0.127279] Speculative Return Stack Overflow: IBPB-extending microcode not applied!
[    0.128278] Speculative Return Stack Overflow: WARNING: See https://kernel.org/doc/html/latest/admin-guide/hw-vuln/srso.html for mitigation options.
[    0.128280] Speculative Return Stack Overflow: Vulnerable: Safe RET, no microcode
[    0.130294] x86/fpu: Supporting XSAVE feature 0x001: 'x87 floating point registers'
[    0.131278] x86/fpu: Supporting XSAVE feature 0x002: 'SSE registers'
[    0.132070] x86/fpu: Supporting XSAVE feature 0x004: 'AVX registers'
[    0.132278] x86/fpu: Supporting XSAVE feature 0x020: 'AVX-512 opmask'
[    0.133278] x86/fpu: Supporting XSAVE feature 0x040: 'AVX-512 Hi256'
[    0.134278] x86/fpu: Supporting XSAVE feature 0x080: 'AVX-512 ZMM_Hi256'
[    0.135278] x86/fpu: Supporting XSAVE feature 0x200: 'Protection Keys User registers'
[    0.136279] x86/fpu: xstate_offset[2]:  576, xstate_sizes[2]:  256
[    0.137038] x86/fpu: xstate_offset[5]:  832, xstate_sizes[5]:   64
[    0.137278] x86/fpu: xstate_offset[6]:  896, xstate_sizes[6]:  512
[    0.138278] x86/fpu: xstate_offset[7]: 1408, xstate_sizes[7]: 1024
[    0.139278] x86/fpu: xstate_offset[9]: 2432, xstate_sizes[9]:    8
[    0.140050] x86/fpu: Enabled xstate features 0x2e7, context size is 2440 bytes, using 'compacted' format.
[    0.161284] Freeing SMP alternatives memory: 40K
[    0.161856] pid_max: default: 32768 minimum: 301
[    0.162402] Mount-cache hash table entries: 2048 (order: 2, 16384 bytes, linear)
[    0.163280] Mountpoint-cache hash table entries: 2048 (order: 2, 16384 bytes, linear)
[    0.164906] smpboot: CPU0: AMD Ryzen 9 7950X 16-Core Processor (family: 0x19, model: 0x61, stepping: 0x2)
[    0.165744] Performance Events: Fam17h+ core perfctr, AMD PMU driver.
[    0.166283] ... version:                0
[    0.166777] ... bit width:              48
[    0.167278] ... generic registers:      6
[    0.167280] ... value mask:             0000ffffffffffff
[    0.167935] ... max period:             00007fffffffffff
[    0.168280] ... fixed-purpose events:   0
[    0.168774] ... event mask:             000000000000003f
[    0.169391] signal: max sigframe size: 3376
[    0.169953] rcu: Hierarchical SRCU implementation.
[    0.170281] rcu: Max phase no-delay instances is 400.
[    0.170989] Timer migration: 2 hierarchy levels; 8 children per group; 2 crossnode level
[    0.175112] smp: Bringing up secondary CPUs ...
[    0.175469] smpboot: x86: Booting SMP configuration:
[    0.176084] .... node  #0, CPUs:        #1  #2  #3  #4  #5  #6  #7  #8  #9 #10 #11 #12 #13 #14 #15 #16 #17 #18 #19 #20 #21 #22 #23 #24 #25 #26 #27 #28 #29 #30 #31
[    0.200384] smp: Brought up 1 node, 32 CPUs
[    0.201804] smpboot: Total of 32 processors activated (287459.58 BogoMIPS)
[    0.206368] Memory: 763396K/1048056K available (45056K kernel code, 11467K rwdata, 10088K rodata, 6052K init, 1632K bss, 269016K reserved, 0K cma-reserved)
[    0.207403] devtmpfs: initialized
[    0.207866] x86/mm: Memory block size: 128MB
[    0.214345] clocksource: jiffies: mask: 0xffffffff max_cycles: 0xffffffff, max_idle_ns: 1911260446275000 ns
[    0.215285] futex hash table entries: 8192 (order: 7, 524288 bytes, linear)
[    0.216514] PM: RTC time: 00:27:55, date: 2024-12-30
[    0.217835] NET: Registered PF_NETLINK/PF_ROUTE protocol family
[    0.219125] thermal_sys: Registered thermal governor 'step_wise'
[    0.219127] thermal_sys: Registered thermal governor 'user_space'
[    0.219308] cpuidle: using governor menu
[    0.221604] PCI: Using configuration type 1 for base access
[    0.222280] PCI: Using configuration type 1 for extended access
[    0.223157] kprobes: kprobe jump-optimization is enabled. All kprobes are optimized if possible.
[    0.239369] HugeTLB: registered 1.00 GiB page size, pre-allocated 0 pages
[    0.240216] HugeTLB: 16380 KiB vmemmap can be freed for a 1.00 GiB page
[    0.240282] HugeTLB: registered 2.00 MiB page size, pre-allocated 0 pages
[    0.241113] HugeTLB: 28 KiB vmemmap can be freed for a 2.00 MiB page
[    0.242671] ACPI: Added _OSI(Module Device)
[    0.243281] ACPI: Added _OSI(Processor Device)
[    0.243825] ACPI: Added _OSI(3.0 _SCP Extensions)
[    0.244281] ACPI: Added _OSI(Processor Aggregator Device)
[    0.266800] ACPI: 1 ACPI AML tables successfully acquired and loaded
[    0.272022] ACPI: Interpreter enabled
[    0.272336] ACPI: PM: (supports S0 S3 S4 S5)
[    0.272864] ACPI: Using IOAPIC for interrupt routing
[    0.273326] PCI: Using host bridge windows from ACPI; if necessary, use "pci=nocrs" and report a bug
[    0.274280] PCI: Using E820 reservations for host bridge windows
[    0.276011] ACPI: Enabled 2 GPEs in block 00 to 0F
[    0.321049] ACPI: PCI Root Bridge [PCI0] (domain 0000 [bus 00-ff])
[    0.321293] acpi PNP0A03:00: _OSC: OS supports [ExtendedConfig ASPM ClockPM Segments MSI HPX-Type3]
[    0.322751] PCI host bridge to bus 0000:00
[    0.323305] pci_bus 0000:00: root bus resource [io  0x0000-0x0cf7 window]
[    0.324137] pci_bus 0000:00: root bus resource [io  0x0d00-0xffff window]
[    0.325283] pci_bus 0000:00: root bus resource [mem 0x000a0000-0x000bffff window]
[    0.326197] pci_bus 0000:00: root bus resource [mem 0x40000000-0xfebfffff window]
[    0.327283] pci_bus 0000:00: root bus resource [mem 0x100000000-0x17fffffff window]
[    0.328218] pci_bus 0000:00: root bus resource [bus 00-ff]
[    0.328374] pci 0000:00:00.0: [8086:1237] type 00 class 0x060000 conventional PCI endpoint
[    0.331091] pci 0000:00:01.0: [8086:7000] type 00 class 0x060100 conventional PCI endpoint
[    0.332138] pci 0000:00:01.1: [8086:7010] type 00 class 0x010180 conventional PCI endpoint
[    0.334775] pci 0000:00:01.1: BAR 4 [io  0xc0c0-0xc0cf]
[    0.336934] pci 0000:00:01.1: BAR 0 [io  0x01f0-0x01f7]: legacy IDE quirk
[    0.337281] pci 0000:00:01.1: BAR 1 [io  0x03f6]: legacy IDE quirk
[    0.338035] pci 0000:00:01.1: BAR 2 [io  0x0170-0x0177]: legacy IDE quirk
[    0.339280] pci 0000:00:01.1: BAR 3 [io  0x0376]: legacy IDE quirk
[    0.340677] pci 0000:00:01.3: [8086:7113] type 00 class 0x068000 conventional PCI endpoint
[    0.341534] pci 0000:00:01.3: quirk: [io  0x0600-0x063f] claimed by PIIX4 ACPI
[    0.342284] pci 0000:00:01.3: quirk: [io  0x0700-0x070f] claimed by PIIX4 SMB
[    0.343960] pci 0000:00:02.0: [1af4:1009] type 00 class 0x000200 conventional PCI endpoint
[    0.345689] pci 0000:00:02.0: BAR 0 [io  0xc000-0xc03f]
[    0.346647] pci 0000:00:02.0: BAR 1 [mem 0xfebfc000-0xfebfcfff]
[    0.349281] pci 0000:00:02.0: BAR 4 [mem 0xfebf0000-0xfebf3fff 64bit pref]
[    0.362924] pci 0000:00:03.0: [1af4:1009] type 00 class 0x000200 conventional PCI endpoint
[    0.363672] pci 0000:00:03.0: BAR 0 [io  0xc040-0xc07f]
[    0.364620] pci 0000:00:03.0: BAR 1 [mem 0xfebfd000-0xfebfdfff]
[    0.366281] pci 0000:00:03.0: BAR 4 [mem 0xfebf4000-0xfebf7fff 64bit pref]
[    0.378155] pci 0000:00:04.0: [8086:25ab] type 00 class 0x088000 conventional PCI endpoint
[    0.379460] pci 0000:00:04.0: BAR 0 [mem 0xfebfe000-0xfebfe00f]
[    0.391368] pci 0000:00:05.0: [1af4:1003] type 00 class 0x078000 conventional PCI endpoint
[    0.393629] pci 0000:00:05.0: BAR 0 [io  0xc080-0xc0bf]
[    0.394431] pci 0000:00:05.0: BAR 1 [mem 0xfebff000-0xfebfffff]
[    0.396005] pci 0000:00:05.0: BAR 4 [mem 0xfebf8000-0xfebfbfff 64bit pref]
[    0.410424] ACPI: PCI: Interrupt link LNKA configured for IRQ 10
[    0.412012] ACPI: PCI: Interrupt link LNKB configured for IRQ 10
[    0.413143] ACPI: PCI: Interrupt link LNKC configured for IRQ 11
[    0.415143] ACPI: PCI: Interrupt link LNKD configured for IRQ 11
[    0.415642] ACPI: PCI: Interrupt link LNKS configured for IRQ 9
[    0.434475] iommu: Default domain type: Translated
[    0.435066] iommu: DMA domain TLB invalidation policy: lazy mode
[    0.435715] SCSI subsystem initialized
[    0.436491] pps_core: LinuxPPS API ver. 1 registered
[    0.437100] pps_core: Software ver. 5.3.6 - Copyright 2005-2007 Rodolfo Giometti <giometti@linux.it>
[    0.438295] PTP clock support registered
[    0.439405] Advanced Linux Sound Architecture Driver Initialized.
[    0.441381] NET: Registered PF_ATMPVC protocol family
[    0.442001] NET: Registered PF_ATMSVC protocol family
[    0.442315] PCI: Using ACPI for IRQ routing
[    0.443314] vgaarb: loaded
[    0.443394] hpet0: at MMIO 0xfed00000, IRQs 2, 8, 0
[    0.443997] hpet0: 3 comparators, 64-bit 100.000000 MHz counter
[    0.449483] clocksource: Switched to clocksource kvm-clock
[    0.450574] VFS: Disk quotas dquot_6.6.0
[    0.451066] VFS: Dquot-cache hash table entries: 512 (order 0, 4096 bytes)
[    0.452561] pnp: PnP ACPI init
[    0.455145] pnp: PnP ACPI: found 5 devices
[    0.466692] clocksource: acpi_pm: mask: 0xffffff max_cycles: 0xffffff, max_idle_ns: 2085701024 ns
[    0.467878] NET: Registered PF_INET protocol family
[    0.468604] IP idents hash table entries: 16384 (order: 5, 131072 bytes, linear)
[    0.469886] tcp_listen_portaddr_hash hash table entries: 512 (order: 1, 8192 bytes, linear)
[    0.470913] Table-perturb hash table entries: 65536 (order: 6, 262144 bytes, linear)
[    0.471877] TCP established hash table entries: 8192 (order: 4, 65536 bytes, linear)
[    0.472827] TCP bind hash table entries: 8192 (order: 6, 262144 bytes, linear)
[    0.473707] TCP: Hash tables configured (established 8192 bind 8192)
[    0.474626] UDP hash table entries: 512 (order: 3, 32768 bytes, linear)
[    0.475463] UDP-Lite hash table entries: 512 (order: 3, 32768 bytes, linear)
[    0.476516] NET: Registered PF_UNIX/PF_LOCAL protocol family
[    0.477219] pci_bus 0000:00: resource 4 [io  0x0000-0x0cf7 window]
[    0.477965] pci_bus 0000:00: resource 5 [io  0x0d00-0xffff window]
[    0.478710] pci_bus 0000:00: resource 6 [mem 0x000a0000-0x000bffff window]
[    0.479537] pci_bus 0000:00: resource 7 [mem 0x40000000-0xfebfffff window]
[    0.480360] pci_bus 0000:00: resource 8 [mem 0x100000000-0x17fffffff window]
[    0.481396] pci 0000:00:01.0: PIIX3: Enabling Passive Release
[    0.482094] pci 0000:00:00.0: Limiting direct PCI/PCI transfers
[    0.482849] PCI: CLS 0 bytes, default 64
[    0.483397] kvm_intel: VMX not supported by CPU 29
[    0.484123] kvm_amd: TSC scaling supported
[    0.484634] kvm_amd: Nested Virtualization enabled
[    0.485211] kvm_amd: Nested Paging enabled
[    0.485711] kvm_amd: LBR virtualization supported
[    0.486290] kvm_amd: Virtual GIF supported
[    0.486786] kvm_amd: Virtual NMI enabled
[    0.518588] clocksource: tsc: mask: 0xffffffffffffffff max_cycles: 0x40be400eb43, max_idle_ns: 440795366972 ns
[    0.537116] Initialise system trusted keyrings
[    0.537824] workingset: timestamp_bits=56 max_order=18 bucket_order=0
[    0.538717] squashfs: version 4.0 (2009/01/31) Phillip Lougher
[    0.539442] fuse: init (API version 7.41)
[    0.540060] 9p: Installing v9fs 9p2000 file system support
[    0.549568] Key type asymmetric registered
[    0.550074] Asymmetric key parser 'x509' registered
[    0.550729] Block layer SCSI generic (bsg) driver version 0.4 loaded (major 249)
[    0.551663] io scheduler mq-deadline registered
[    0.552215] io scheduler kyber registered
[    0.554902] input: Power Button as /devices/LNXSYSTM:00/LNXPWRBN:00/input/input0
[    0.556020] ACPI: button: Power Button [PWRF]
[    0.557887] Warning: Processor Platform Limit event detected, but not handled.
[    0.558806] Consider compiling CPUfreq support into your kernel.
[    1.347392] ACPI: \_SB_.LNKB: Enabled at IRQ 10
[    2.127558] ACPI: \_SB_.LNKC: Enabled at IRQ 11
[    2.907118] ACPI: \_SB_.LNKA: Enabled at IRQ 10
[    2.908424] Serial: 8250/16550 driver, 4 ports, IRQ sharing enabled
[    2.909513] 00:03: ttyS0 at I/O 0x3f8 (irq = 4, base_baud = 115200) is a 16550A
[    2.930867] Non-volatile memory driver v1.3
[    2.931398] Linux agpgart interface v0.103
[    2.932084] ACPI: bus type drm_connector registered
[    2.932712] printk: legacy console [hvc0] enabled
[    2.933286] printk: legacy bootconsole [earlyser0] disabled
          _      _                                    
   __   _(_)_ __| |_ _ __ ___   ___       _ __   __ _ 
   \ \ / / |  __| __|  _   _ \ / _ \_____|  _ \ / _  |
    \ V /| | |  | |_| | | | | |  __/_____| | | | (_| |
     \_/ |_|_|   \__|_| |_| |_|\___|     |_| |_|\__  |
                                                |___/ 
   kernel version: 6.13.0-rc3-virtme x86_64
   (CTRL+d to exit)

root@virtme-ng:/nipa-data/kernel# PS1='xx__-> '
xx__-> env
PWD=/nipa-data/kernel
nr_open=1048576
HOME=/
TERM=xterm
SHLVL=2
XDG_RUNTIME_DIR=/run/user/0
PATH=/bin:/sbin:/usr/bin:/usr/sbin:/usr/local/bin
OLDPWD=/
_=/bin/env
xx__-> 