No EFI environment detected.
early console in extract_kernel
input_data: 0x0000000004ab32c4
input_len: 0x00000000018fdbfe
output: 0x0000000001000000
output_len: 0x000000000533d488
kernel_total_size: 0x0000000005030000
needed_size: 0x0000000005400000
trampoline_32bit: 0x0000000000000000
Physical KASLR using RDRAND RDTSC...
Virtual KASLR using RDRAND RDTSC...

Decompressing Linux... Parsing ELF... Performing relocations... done.
Booting the kernel (entry_offset: 0x0000000000000000).
[    0.000000] Linux version 6.13.0-rc3-virtme (root@1c4c66413165) (gcc (Ubuntu 13.3.0-6ubuntu2~24.04) 13.3.0, GNU ld (GNU Binutils for Ubuntu) 2.42) #1 SMP PREEMPT_DYNAMIC Mon Dec 30 06:26:38 UTC 2024
[    0.000000] Command line: virtme_hostname=virtme-ng nr_open=1048576 virtme_link_mods=/nipa-data/kernel/.virtme_mods/lib/modules/0.0.0 virtme_initmount0=nipa-data/kernel virtme_rw_overlay0=/etc virtme_rw_overlay1=/lib virtme_rw_overlay2=/home virtme_rw_overlay3=/opt virtme_rw_overlay4=/srv virtme_rw_overlay5=/usr virtme_rw_overlay6=/var console=hvc0 earlyprintk=serial,ttyS0,115200 virtme_console=ttyS0 psmouse.proto=exps TERM=xterm virtme_chdir=nipa-data/kernel virtme_root_user=1 rootfstype=9p rootflags=version=9p2000.L,trans=virtio,access=any raid=noautodetect ro init=/usr/lib/python3/dist-packages/virtme/guest/virtme-init
[    0.000000] BIOS-provided physical RAM map:
[    0.000000] BIOS-e820: [mem 0x0000000000000000-0x000000000009fbff] usable
[    0.000000] BIOS-e820: [mem 0x000000000009fc00-0x000000000009ffff] reserved
[    0.000000] BIOS-e820: [mem 0x00000000000f0000-0x00000000000fffff] reserved
[    0.000000] BIOS-e820: [mem 0x0000000000100000-0x000000003ffdffff] usable
[    0.000000] BIOS-e820: [mem 0x000000003ffe0000-0x000000003fffffff] reserved
[    0.000000] BIOS-e820: [mem 0x00000000feffc000-0x00000000feffffff] reserved
[    0.000000] BIOS-e820: [mem 0x00000000fffc0000-0x00000000ffffffff] reserved
[    0.000000] BIOS-e820: [mem 0x000000fd00000000-0x000000ffffffffff] reserved
[    0.000000] printk: legacy bootconsole [earlyser0] enabled
[    0.000000] NX (Execute Disable) protection: active
[    0.000000] APIC: Static calls initialized
[    0.000000] SMBIOS 3.0.0 present.
[    0.000000] DMI: QEMU Ubuntu 24.04 PC (i440FX + PIIX, 1996), BIOS 1.16.3-debian-1.16.3-2 04/01/2014
[    0.000000] DMI: Memory slots populated: 1/1
[    0.000000] Hypervisor detected: KVM
[    0.000000] kvm-clock: Using msrs 4b564d01 and 4b564d00
[    0.000000] kvm-clock: using sched offset of 293546527 cycles
[    0.000344] clocksource: kvm-clock: mask: 0xffffffffffffffff max_cycles: 0x1cd42e4dffb, max_idle_ns: 881590591483 ns
[    0.001416] tsc: Detected 4491.556 MHz processor
[    0.002051] last_pfn = 0x3ffe0 max_arch_pfn = 0x400000000
[    0.002428] MTRR map: 4 entries (3 fixed + 1 variable; max 19), built from 8 variable MTRRs
[    0.002982] x86/PAT: Configuration [0-7]: WB  WC  UC- UC  WB  WP  UC- WT  
[    0.004831] found SMP MP-table at [mem 0x000f5470-0x000f547f]
[    0.005217] Using GB pages for direct mapping
[    0.005690] ACPI: Early table checksum verification disabled
[    0.006064] ACPI: RSDP 0x00000000000F5290 000014 (v00 BOCHS )
[    0.006444] ACPI: RSDT 0x000000003FFE27BC 000034 (v01 BOCHS  BXPC     00000001 BXPC 00000001)
[    0.007007] ACPI: FACP 0x000000003FFE2578 000074 (v01 BOCHS  BXPC     00000001 BXPC 00000001)
[    0.007569] ACPI: DSDT 0x000000003FFE0040 002538 (v01 BOCHS  BXPC     00000001 BXPC 00000001)
[    0.008130] ACPI: FACS 0x000000003FFE0000 000040
[    0.008435] ACPI: APIC 0x000000003FFE25EC 000170 (v03 BOCHS  BXPC     00000001 BXPC 00000001)
[    0.009008] ACPI: HPET 0x000000003FFE275C 000038 (v01 BOCHS  BXPC     00000001 BXPC 00000001)
[    0.009580] ACPI: WAET 0x000000003FFE2794 000028 (v01 BOCHS  BXPC     00000001 BXPC 00000001)
[    0.010148] ACPI: Reserving FACP table memory at [mem 0x3ffe2578-0x3ffe25eb]
[    0.010617] ACPI: Reserving DSDT table memory at [mem 0x3ffe0040-0x3ffe2577]
[    0.011087] ACPI: Reserving FACS table memory at [mem 0x3ffe0000-0x3ffe003f]
[    0.011549] ACPI: Reserving APIC table memory at [mem 0x3ffe25ec-0x3ffe275b]
[    0.012015] ACPI: Reserving HPET table memory at [mem 0x3ffe275c-0x3ffe2793]
[    0.012474] ACPI: Reserving WAET table memory at [mem 0x3ffe2794-0x3ffe27bb]
[    0.013118] No NUMA configuration found
[    0.013370] Faking a node at [mem 0x0000000000000000-0x000000003ffdffff]
[    0.013810] NODE_DATA(0) allocated [mem 0x3ffdb780-0x3ffdffff]
[    0.014208] Zone ranges:
[    0.014374]   DMA      [mem 0x0000000000001000-0x0000000000ffffff]
[    0.014782]   DMA32    [mem 0x0000000001000000-0x000000003ffdffff]
[    0.015187]   Normal   empty
[    0.015377]   Device   empty
[    0.015567] Movable zone start for each node
[    0.015848] Early memory node ranges
[    0.016086]   node   0: [mem 0x0000000000001000-0x000000000009efff]
[    0.016495]   node   0: [mem 0x0000000000100000-0x000000003ffdffff]
[    0.016904] Initmem setup node 0 [mem 0x0000000000001000-0x000000003ffdffff]
[    0.017370] On node 0, zone DMA: 1 pages in unavailable ranges
[    0.017804] On node 0, zone DMA: 97 pages in unavailable ranges
[    0.022195] On node 0, zone DMA32: 32 pages in unavailable ranges
[    0.031272] kasan: KernelAddressSanitizer initialized
[    0.031810] ACPI: PM-Timer IO Port: 0x608
[    0.032083] ACPI: LAPIC_NMI (acpi_id[0xff] dfl dfl lint[0x1])
[    0.032480] IOAPIC[0]: apic_id 0, version 17, address 0xfec00000, GSI 0-23
[    0.032938] ACPI: INT_SRC_OVR (bus 0 bus_irq 0 global_irq 2 dfl dfl)
[    0.033356] ACPI: INT_SRC_OVR (bus 0 bus_irq 5 global_irq 5 high level)
[    0.033789] ACPI: INT_SRC_OVR (bus 0 bus_irq 9 global_irq 9 high level)
[    0.034222] ACPI: INT_SRC_OVR (bus 0 bus_irq 10 global_irq 10 high level)
[    0.034666] ACPI: INT_SRC_OVR (bus 0 bus_irq 11 global_irq 11 high level)
[    0.035112] ACPI: Using ACPI (MADT) for SMP configuration information
[    0.035533] ACPI: HPET id: 0x8086a201 base: 0xfed00000
[    0.035871] TSC deadline timer available
[    0.036132] CPU topo: Max. logical packages:   1
[    0.036434] CPU topo: Max. logical dies:       1
[    0.036737] CPU topo: Max. dies per package:   1
[    0.037044] CPU topo: Max. threads per core:   1
[    0.037348] CPU topo: Num. cores per package:    32
[    0.037668] CPU topo: Num. threads per package:  32
[    0.037987] CPU topo: Allowing 32 present CPUs plus 0 hotplug CPUs
[    0.038407] kvm-guest: APIC: eoi() replaced with kvm_guest_apic_eoi_write()
[    0.038875] kvm-guest: KVM setup pv remote TLB flush
[    0.039202] kvm-guest: setup PV sched yield
[    0.039483] PM: hibernation: Registered nosave memory: [mem 0x00000000-0x00000fff]
[    0.039981] PM: hibernation: Registered nosave memory: [mem 0x0009f000-0x0009ffff]
[    0.040477] PM: hibernation: Registered nosave memory: [mem 0x000a0000-0x000effff]
[    0.040993] PM: hibernation: Registered nosave memory: [mem 0x000f0000-0x000fffff]
[    0.041490] [mem 0x40000000-0xfeffbfff] available for PCI devices
[    0.041889] Booting paravirtualized kernel on KVM
[    0.042199] clocksource: refined-jiffies: mask: 0xffffffff max_cycles: 0xffffffff, max_idle_ns: 1910969940391419 ns
[    0.050678] setup_percpu: NR_CPUS:64 nr_cpumask_bits:32 nr_cpu_ids:32 nr_node_ids:1
[    0.052404] percpu: Embedded 70 pages/cpu s247896 r8192 d30632 u524288
[    0.052900] Kernel command line: virtme_hostname=virtme-ng nr_open=1048576 virtme_link_mods=/nipa-data/kernel/.virtme_mods/lib/modules/0.0.0 virtme_initmount0=nipa-data/kernel virtme_rw_overlay0=/etc virtme_rw_overlay1=/lib virtme_rw_overlay2=/home virtme_rw_overlay3=/opt virtme_rw_overlay4=/srv virtme_rw_overlay5=/usr virtme_rw_overlay6=/var console=hvc0 earlyprintk=serial,ttyS0,115200 virtme_console=ttyS0 psmouse.proto=exps TERM=xterm virtme_chdir=nipa-data/kernel virtme_root_user=1 rootfstype=9p rootflags=version=9p2000.L,trans=virtio,access=any raid=noautodetect ro init=/usr/lib/python3/dist-packages/virtme/guest/virtme-init
[    0.056793] Unknown kernel command line parameters "virtme_hostname=virtme-ng nr_open=1048576 virtme_link_mods=/nipa-data/kernel/.virtme_mods/lib/modules/0.0.0 virtme_initmount0=nipa-data/kernel virtme_rw_overlay0=/etc virtme_rw_overlay1=/lib virtme_rw_overlay2=/home virtme_rw_overlay3=/opt virtme_rw_overlay4=/srv virtme_rw_overlay5=/usr virtme_rw_overlay6=/var virtme_console=ttyS0 virtme_chdir=nipa-data/kernel virtme_root_user=1", will be passed to user space.
[    0.059761] random: crng init done
[    0.059992] printk: log buffer data + meta data: 262144 + 917504 = 1179648 bytes
[    0.060519] Dentry cache hash table entries: 131072 (order: 8, 1048576 bytes, linear)
[    0.061067] Inode-cache hash table entries: 65536 (order: 7, 524288 bytes, linear)
[    0.061991] Fallback order for Node 0: 0 
[    0.061995] Built 1 zonelists, mobility grouping on.  Total pages: 262014
[    0.062725] Policy zone: DMA32
[    0.062932] mem auto-init: stack:all(zero), heap alloc:off, heap free:off
[    0.063390] stackdepot: allocating hash table via alloc_large_system_hash
[    0.063852] stackdepot hash table entries: 1048576 (order: 12, 16777216 bytes, linear)
[    0.071732] SLUB: HWalign=64, Order=0-3, MinObjects=0, CPUs=32, Nodes=1
Poking KASLR using RDRAND RDTSC...
[    0.072474] ftrace: allocating 48827 entries in 191 pages
[    0.089629] ftrace: allocated 191 pages with 7 groups
[    0.090786] Dynamic Preempt: voluntary
[    0.091471] rcu: Preemptible hierarchical RCU implementation.
[    0.091858] rcu: RCU event tracing is enabled.
[    0.092167] rcu: RCU restricting CPUs from NR_CPUS=64 to nr_cpu_ids=32.
[    0.092620] Trampoline variant of Tasks RCU enabled.
[    0.092964] Rude variant of Tasks RCU enabled.
[    0.093273] Tracing variant of Tasks RCU enabled.
[    0.093595] rcu: RCU calculated value of scheduler-enlistment delay is 100 jiffies.
[    0.094109] rcu: Adjusting geometry for rcu_fanout_leaf=16, nr_cpu_ids=32
[    0.094631] RCU Tasks: Setting shift to 5 and lim to 1 rcu_task_cb_adjust=1 rcu_task_cpu_ids=32.
[    0.095220] RCU Tasks Rude: Setting shift to 5 and lim to 1 rcu_task_cb_adjust=1 rcu_task_cpu_ids=32.
[    0.095839] RCU Tasks Trace: Setting shift to 5 and lim to 1 rcu_task_cb_adjust=1 rcu_task_cpu_ids=32.
[    0.105021] NR_IRQS: 4352, nr_irqs: 680, preallocated irqs: 16
[    0.105683] rcu: srcu_init: Setting srcu_struct sizes based on contention.
[    0.106379] Console: colour *CGA 80x25
[    0.106674] ACPI: Core revision 20240827
[    0.107094] clocksource: hpet: mask: 0xffffffff max_cycles: 0xffffffff, max_idle_ns: 19112604467 ns
[    0.107800] APIC: Switch to symmetric I/O mode setup
[    0.108183] kvm-guest: APIC: send_IPI_mask() replaced with kvm_send_ipi_mask()
[    0.108692] kvm-guest: APIC: send_IPI_mask_allbutself() replaced with kvm_send_ipi_mask_allbutself()
[    0.109323] kvm-guest: setup PV IPIs
[    0.110405] ..TIMER: vector=0x30 apic1=0 pin1=2 apic2=-1 pin2=-1
[    0.111170] clocksource: tsc-early: mask: 0xffffffffffffffff max_cycles: 0x40be400eb43, max_idle_ns: 440795366972 ns
[    0.112481] Calibrating delay loop (skipped) preset value.. 8983.11 BogoMIPS (lpj=4491556)
[    0.113544] x86/cpu: User Mode Instruction Prevention (UMIP) activated
[    0.114535] Last level iTLB entries: 4KB 512, 2MB 255, 4MB 127
[    0.115479] Last level dTLB entries: 4KB 512, 2MB 255, 4MB 127, 1GB 0
[    0.116484] Spectre V1 : Mitigation: usercopy/swapgs barriers and __user pointer sanitization
[    0.117483] Spectre V2 : Mitigation: Enhanced / Automatic IBRS
[    0.118194] Spectre V2 : Spectre v2 / SpectreRSB mitigation: Filling RSB on context switch
[    0.118481] Spectre V2 : mitigation: Enabling conditional Indirect Branch Prediction Barrier
[    0.120481] Speculative Store Bypass: Mitigation: Speculative Store Bypass disabled via prctl
[    0.121480] Speculative Return Stack Overflow: IBPB-extending microcode not applied!
[    0.122479] Speculative Return Stack Overflow: WARNING: See https://kernel.org/doc/html/latest/admin-guide/hw-vuln/srso.html for mitigation options.
[    0.122481] Speculative Return Stack Overflow: Vulnerable: Safe RET, no microcode
[    0.124494] x86/fpu: Supporting XSAVE feature 0x001: 'x87 floating point registers'
[    0.125479] x86/fpu: Supporting XSAVE feature 0x002: 'SSE registers'
[    0.126479] x86/fpu: Supporting XSAVE feature 0x004: 'AVX registers'
[    0.127479] x86/fpu: Supporting XSAVE feature 0x020: 'AVX-512 opmask'
[    0.128255] x86/fpu: Supporting XSAVE feature 0x040: 'AVX-512 Hi256'
[    0.128479] x86/fpu: Supporting XSAVE feature 0x080: 'AVX-512 ZMM_Hi256'
[    0.129479] x86/fpu: Supporting XSAVE feature 0x200: 'Protection Keys User registers'
[    0.130480] x86/fpu: xstate_offset[2]:  576, xstate_sizes[2]:  256
[    0.131479] x86/fpu: xstate_offset[5]:  832, xstate_sizes[5]:   64
[    0.132214] x86/fpu: xstate_offset[6]:  896, xstate_sizes[6]:  512
[    0.132479] x86/fpu: xstate_offset[7]: 1408, xstate_sizes[7]: 1024
[    0.133479] x86/fpu: xstate_offset[9]: 2432, xstate_sizes[9]:    8
[    0.134479] x86/fpu: Enabled xstate features 0x2e7, context size is 2440 bytes, using 'compacted' format.
[    0.155754] Freeing SMP alternatives memory: 40K
[    0.156314] pid_max: default: 32768 minimum: 301
[    0.156596] Mount-cache hash table entries: 2048 (order: 2, 16384 bytes, linear)
[    0.157481] Mountpoint-cache hash table entries: 2048 (order: 2, 16384 bytes, linear)
[    0.159083] smpboot: CPU0: AMD Ryzen 9 7950X 16-Core Processor (family: 0x19, model: 0x61, stepping: 0x2)
[    0.159925] Performance Events: Fam17h+ core perfctr, AMD PMU driver.
[    0.160484] ... version:                0
[    0.160964] ... bit width:              48
[    0.161455] ... generic registers:      6
[    0.161481] ... value mask:             0000ffffffffffff
[    0.162116] ... max period:             00007fffffffffff
[    0.162481] ... fixed-purpose events:   0
[    0.162961] ... event mask:             000000000000003f
[    0.163588] signal: max sigframe size: 3376
[    0.164133] rcu: Hierarchical SRCU implementation.
[    0.164482] rcu: Max phase no-delay instances is 400.
[    0.165169] Timer migration: 2 hierarchy levels; 8 children per group; 2 crossnode level
[    0.169133] smp: Bringing up secondary CPUs ...
[    0.169657] smpboot: x86: Booting SMP configuration:
[    0.170252] .... node  #0, CPUs:        #1  #2  #3  #4  #5  #6  #7  #8  #9 #10 #11 #12 #13 #14 #15 #16 #17 #18 #19 #20 #21 #22 #23 #24 #25 #26 #27 #28 #29 #30 #31
[    0.196586] smp: Brought up 1 node, 32 CPUs
[    0.197988] smpboot: Total of 32 processors activated (287459.58 BogoMIPS)
[    0.201617] Memory: 763392K/1048056K available (45056K kernel code, 11467K rwdata, 10088K rodata, 6052K init, 1632K bss, 269020K reserved, 0K cma-reserved)
[    0.202595] devtmpfs: initialized
[    0.203054] x86/mm: Memory block size: 128MB
[    0.209099] clocksource: jiffies: mask: 0xffffffff max_cycles: 0xffffffff, max_idle_ns: 1911260446275000 ns
[    0.209486] futex hash table entries: 8192 (order: 7, 524288 bytes, linear)
[    0.210670] PM: RTC time: 06:27:00, date: 2024-12-30
[    0.211935] NET: Registered PF_NETLINK/PF_ROUTE protocol family
[    0.213304] thermal_sys: Registered thermal governor 'step_wise'
[    0.213306] thermal_sys: Registered thermal governor 'user_space'
[    0.213508] cpuidle: using governor menu
[    0.215794] PCI: Using configuration type 1 for base access
[    0.216482] PCI: Using configuration type 1 for extended access
[    0.217327] kprobes: kprobe jump-optimization is enabled. All kprobes are optimized if possible.
[    0.232569] HugeTLB: registered 1.00 GiB page size, pre-allocated 0 pages
[    0.233482] HugeTLB: 16380 KiB vmemmap can be freed for a 1.00 GiB page
[    0.234301] HugeTLB: registered 2.00 MiB page size, pre-allocated 0 pages
[    0.234482] HugeTLB: 28 KiB vmemmap can be freed for a 2.00 MiB page
[    0.235817] ACPI: Added _OSI(Module Device)
[    0.236482] ACPI: Added _OSI(Processor Device)
[    0.237033] ACPI: Added _OSI(3.0 _SCP Extensions)
[    0.237481] ACPI: Added _OSI(Processor Aggregator Device)
[    0.260557] ACPI: 1 ACPI AML tables successfully acquired and loaded
[    0.266254] ACPI: Interpreter enabled
[    0.266541] ACPI: PM: (supports S0 S3 S4 S5)
[    0.267079] ACPI: Using IOAPIC for interrupt routing
[    0.267530] PCI: Using host bridge windows from ACPI; if necessary, use "pci=nocrs" and report a bug
[    0.268481] PCI: Using E820 reservations for host bridge windows
[    0.270255] ACPI: Enabled 2 GPEs in block 00 to 0F
[    0.316693] ACPI: PCI Root Bridge [PCI0] (domain 0000 [bus 00-ff])
[    0.317488] acpi PNP0A03:00: _OSC: OS supports [ExtendedConfig ASPM ClockPM Segments MSI HPX-Type3]
[    0.318969] PCI host bridge to bus 0000:00
[    0.319532] pci_bus 0000:00: root bus resource [io  0x0000-0x0cf7 window]
[    0.320384] pci_bus 0000:00: root bus resource [io  0x0d00-0xffff window]
[    0.321484] pci_bus 0000:00: root bus resource [mem 0x000a0000-0x000bffff window]
[    0.322420] pci_bus 0000:00: root bus resource [mem 0x40000000-0xfebfffff window]
[    0.323484] pci_bus 0000:00: root bus resource [mem 0x100000000-0x17fffffff window]
[    0.324471] pci_bus 0000:00: root bus resource [bus 00-ff]
[    0.324580] pci 0000:00:00.0: [8086:1237] type 00 class 0x060000 conventional PCI endpoint
[    0.326316] pci 0000:00:01.0: [8086:7000] type 00 class 0x060100 conventional PCI endpoint
[    0.328366] pci 0000:00:01.1: [8086:7010] type 00 class 0x010180 conventional PCI endpoint
[    0.331144] pci 0000:00:01.1: BAR 4 [io  0xc0c0-0xc0cf]
[    0.332156] pci 0000:00:01.1: BAR 0 [io  0x01f0-0x01f7]: legacy IDE quirk
[    0.333482] pci 0000:00:01.1: BAR 1 [io  0x03f6]: legacy IDE quirk
[    0.334252] pci 0000:00:01.1: BAR 2 [io  0x0170-0x0177]: legacy IDE quirk
[    0.335482] pci 0000:00:01.1: BAR 3 [io  0x0376]: legacy IDE quirk
[    0.336911] pci 0000:00:01.3: [8086:7113] type 00 class 0x068000 conventional PCI endpoint
[    0.337740] pci 0000:00:01.3: quirk: [io  0x0600-0x063f] claimed by PIIX4 ACPI
[    0.338486] pci 0000:00:01.3: quirk: [io  0x0700-0x070f] claimed by PIIX4 SMB
[    0.340083] pci 0000:00:02.0: [1af4:1009] type 00 class 0x000200 conventional PCI endpoint
[    0.341913] pci 0000:00:02.0: BAR 0 [io  0xc000-0xc03f]
[    0.342859] pci 0000:00:02.0: BAR 1 [mem 0xfebfc000-0xfebfcfff]
[    0.346482] pci 0000:00:02.0: BAR 4 [mem 0xfebf0000-0xfebf3fff 64bit pref]
[    0.359005] pci 0000:00:03.0: [1af4:1009] type 00 class 0x000200 conventional PCI endpoint
[    0.360881] pci 0000:00:03.0: BAR 0 [io  0xc040-0xc07f]
[    0.361837] pci 0000:00:03.0: BAR 1 [mem 0xfebfd000-0xfebfdfff]
[    0.363482] pci 0000:00:03.0: BAR 4 [mem 0xfebf4000-0xfebf7fff 64bit pref]
[    0.375639] pci 0000:00:04.0: [8086:25ab] type 00 class 0x088000 conventional PCI endpoint
[    0.376664] pci 0000:00:04.0: BAR 0 [mem 0xfebfe000-0xfebfe00f]
[    0.388858] pci 0000:00:05.0: [1af4:1003] type 00 class 0x078000 conventional PCI endpoint
[    0.389836] pci 0000:00:05.0: BAR 0 [io  0xc080-0xc0bf]
[    0.390769] pci 0000:00:05.0: BAR 1 [mem 0xfebff000-0xfebfffff]
[    0.393360] pci 0000:00:05.0: BAR 4 [mem 0xfebf8000-0xfebfbfff 64bit pref]
[    0.406924] ACPI: PCI: Interrupt link LNKA configured for IRQ 10
[    0.409387] ACPI: PCI: Interrupt link LNKB configured for IRQ 10
[    0.410373] ACPI: PCI: Interrupt link LNKC configured for IRQ 11
[    0.412373] ACPI: PCI: Interrupt link LNKD configured for IRQ 11
[    0.413857] ACPI: PCI: Interrupt link LNKS configured for IRQ 9
[    0.432230] iommu: Default domain type: Translated
[    0.432482] iommu: DMA domain TLB invalidation policy: lazy mode
[    0.433702] SCSI subsystem initialized
[    0.434549] pps_core: LinuxPPS API ver. 1 registered
[    0.435159] pps_core: Software ver. 5.3.6 - Copyright 2005-2007 Rodolfo Giometti <giometti@linux.it>
[    0.436496] PTP clock support registered
[    0.437608] Advanced Linux Sound Architecture Driver Initialized.
[    0.439598] NET: Registered PF_ATMPVC protocol family
[    0.440238] NET: Registered PF_ATMSVC protocol family
[    0.440521] PCI: Using ACPI for IRQ routing
[    0.441518] vgaarb: loaded
[    0.441606] hpet0: at MMIO 0xfed00000, IRQs 2, 8, 0
[    0.442226] hpet0: 3 comparators, 64-bit 100.000000 MHz counter
[    0.446764] clocksource: Switched to clocksource kvm-clock
[    0.447799] VFS: Disk quotas dquot_6.6.0
[    0.448312] VFS: Dquot-cache hash table entries: 512 (order 0, 4096 bytes)
[    0.449842] pnp: PnP ACPI init
[    0.452525] pnp: PnP ACPI: found 5 devices
[    0.464194] clocksource: acpi_pm: mask: 0xffffff max_cycles: 0xffffff, max_idle_ns: 2085701024 ns
[    0.465360] NET: Registered PF_INET protocol family
[    0.466004] IP idents hash table entries: 16384 (order: 5, 131072 bytes, linear)
[    0.467323] tcp_listen_portaddr_hash hash table entries: 512 (order: 1, 8192 bytes, linear)
[    0.468386] Table-perturb hash table entries: 65536 (order: 6, 262144 bytes, linear)
[    0.469369] TCP established hash table entries: 8192 (order: 4, 65536 bytes, linear)
[    0.470346] TCP bind hash table entries: 8192 (order: 6, 262144 bytes, linear)
[    0.471280] TCP: Hash tables configured (established 8192 bind 8192)
[    0.472236] UDP hash table entries: 512 (order: 3, 32768 bytes, linear)
[    0.473101] UDP-Lite hash table entries: 512 (order: 3, 32768 bytes, linear)
[    0.474189] NET: Registered PF_UNIX/PF_LOCAL protocol family
[    0.474916] pci_bus 0000:00: resource 4 [io  0x0000-0x0cf7 window]
[    0.475688] pci_bus 0000:00: resource 5 [io  0x0d00-0xffff window]
[    0.476459] pci_bus 0000:00: resource 6 [mem 0x000a0000-0x000bffff window]
[    0.477312] pci_bus 0000:00: resource 7 [mem 0x40000000-0xfebfffff window]
[    0.478161] pci_bus 0000:00: resource 8 [mem 0x100000000-0x17fffffff window]
[    0.479231] pci 0000:00:01.0: PIIX3: Enabling Passive Release
[    0.479950] pci 0000:00:00.0: Limiting direct PCI/PCI transfers
[    0.480724] PCI: CLS 0 bytes, default 64
[    0.481289] kvm_intel: VMX not supported by CPU 16
[    0.482042] kvm_amd: TSC scaling supported
[    0.482576] kvm_amd: Nested Virtualization enabled
[    0.483169] kvm_amd: Nested Paging enabled
[    0.483678] kvm_amd: LBR virtualization supported
[    0.484269] kvm_amd: Virtual GIF supported
[    0.484778] kvm_amd: Virtual NMI enabled
[    0.520404] clocksource: tsc: mask: 0xffffffffffffffff max_cycles: 0x40be400eb43, max_idle_ns: 440795366972 ns
[    0.539414] Initialise system trusted keyrings
[    0.540108] workingset: timestamp_bits=56 max_order=18 bucket_order=0
[    0.541027] squashfs: version 4.0 (2009/01/31) Phillip Lougher
[    0.541779] fuse: init (API version 7.41)
[    0.542411] 9p: Installing v9fs 9p2000 file system support
[    0.552134] Key type asymmetric registered
[    0.552650] Asymmetric key parser 'x509' registered
[    0.553312] Block layer SCSI generic (bsg) driver version 0.4 loaded (major 249)
[    0.554249] io scheduler mq-deadline registered
[    0.554818] io scheduler kyber registered
[    0.557484] input: Power Button as /devices/LNXSYSTM:00/LNXPWRBN:00/input/input0
[    0.558630] ACPI: button: Power Button [PWRF]
[    0.560505] Warning: Processor Platform Limit event detected, but not handled.
[    0.561431] Consider compiling CPUfreq support into your kernel.
[    1.354676] ACPI: \_SB_.LNKB: Enabled at IRQ 10
[    2.141085] ACPI: \_SB_.LNKC: Enabled at IRQ 11
[    2.926931] ACPI: \_SB_.LNKA: Enabled at IRQ 10
[    2.928249] Serial: 8250/16550 driver, 4 ports, IRQ sharing enabled
[    2.929333] 00:03: ttyS0 at I/O 0x3f8 (irq = 4, base_baud = 115200) is a 16550A
[    2.952599] Non-volatile memory driver v1.3
[    2.953151] Linux agpgart interface v0.103
[    2.953815] ACPI: bus type drm_connector registered
[    2.954437] printk: legacy console [hvc0] enabled
[    2.955026] printk: legacy bootconsole [earlyser0] disabled
          _      _                                    
   __   _(_)_ __| |_ _ __ ___   ___       _ __   __ _ 
   \ \ / / |  __| __|  _   _ \ / _ \_____|  _ \ / _  |
    \ V /| | |  | |_| | | | | |  __/_____| | | | (_| |
     \_/ |_|_|   \__|_| |_| |_|\___|     |_| |_|\__  |
                                                |___/ 
   kernel version: 6.13.0-rc3-virtme x86_64
   (CTRL+d to exit)

root@virtme-ng:/nipa-data/kernel# PS1='xx__-> '
xx__-> env
PWD=/nipa-data/kernel
nr_open=1048576
HOME=/
TERM=xterm
SHLVL=2
XDG_RUNTIME_DIR=/run/user/0
PATH=/bin:/sbin:/usr/bin:/usr/sbin:/usr/local/bin
OLDPWD=/
_=/bin/env
xx__-> 