No EFI environment detected.
early console in extract_kernel
input_data: 0x0000000004c8b2c4
input_len: 0x0000000001995ba2
output: 0x0000000001000000
output_len: 0x00000000055aac88
kernel_total_size: 0x0000000005230000
needed_size: 0x0000000005600000
trampoline_32bit: 0x0000000000000000
Physical KASLR using RDRAND RDTSC...
Virtual KASLR using RDRAND RDTSC...

Decompressing Linux... Parsing ELF... Performing relocations... done.
Booting the kernel (entry_offset: 0x0000000002bfacf0).
[    0.000000] Linux version 6.15.0-virtme (root@51cd39711535) (gcc (Ubuntu 13.3.0-6ubuntu2~24.04) 13.3.0, GNU ld (GNU Binutils for Ubuntu) 2.42) #1 SMP PREEMPT_DYNAMIC Sun Jun  1 15:25:35 UTC 2025
[    0.000000] Command line: virtme_hostname=virtme-ng nr_open=1048576 virtme_link_mods=/nipa-data/kernel/.virtme_mods/lib/modules/0.0.0 virtme_initmount0=nipa-data/kernel virtme_rw_overlay0=/etc virtme_rw_overlay1=/lib virtme_rw_overlay2=/home virtme_rw_overlay3=/opt virtme_rw_overlay4=/srv virtme_rw_overlay5=/usr virtme_rw_overlay6=/var console=hvc0 earlyprintk=serial,ttyS0,115200 virtme_console=ttyS0 psmouse.proto=exps TERM=xterm virtme_chdir=nipa-data/kernel virtme_root_user=1 rootfstype=9p rootflags=version=9p2000.L,trans=virtio,access=any raid=noautodetect ro init=/usr/lib/python3/dist-packages/virtme/guest/virtme-init
[    0.000000] BIOS-provided physical RAM map:
[    0.000000] BIOS-e820: [mem 0x0000000000000000-0x000000000009fbff] usable
[    0.000000] BIOS-e820: [mem 0x000000000009fc00-0x000000000009ffff] reserved
[    0.000000] BIOS-e820: [mem 0x00000000000f0000-0x00000000000fffff] reserved
[    0.000000] BIOS-e820: [mem 0x0000000000100000-0x000000003ffdffff] usable
[    0.000000] BIOS-e820: [mem 0x000000003ffe0000-0x000000003fffffff] reserved
[    0.000000] BIOS-e820: [mem 0x00000000feffc000-0x00000000feffffff] reserved
[    0.000000] BIOS-e820: [mem 0x00000000fffc0000-0x00000000ffffffff] reserved
[    0.000000] BIOS-e820: [mem 0x000000fd00000000-0x000000ffffffffff] reserved
[    0.000000] printk: legacy bootconsole [earlyser0] enabled
[    0.000000] NX (Execute Disable) protection: active
[    0.000000] APIC: Static calls initialized
[    0.000000] SMBIOS 3.0.0 present.
[    0.000000] DMI: QEMU Ubuntu 24.04 PC (i440FX + PIIX, 1996), BIOS 1.16.3-debian-1.16.3-2 04/01/2014
[    0.000000] DMI: Memory slots populated: 1/1
[    0.000000] Hypervisor detected: KVM
[    0.000000] kvm-clock: Using msrs 4b564d01 and 4b564d00
[    0.000000] kvm-clock: using sched offset of 340322934 cycles
[    0.000356] clocksource: kvm-clock: mask: 0xffffffffffffffff max_cycles: 0x1cd42e4dffb, max_idle_ns: 881590591483 ns
[    0.001460] tsc: Detected 4491.564 MHz processor
[    0.002102] last_pfn = 0x3ffe0 max_arch_pfn = 0x400000000
[    0.002491] MTRR map: 4 entries (3 fixed + 1 variable; max 19), built from 8 variable MTRRs
[    0.003061] x86/PAT: Configuration [0-7]: WB  WC  UC- UC  WB  WP  UC- WT  
[    0.004906] found SMP MP-table at [mem 0x000f5470-0x000f547f]
[    0.005302] Using GB pages for direct mapping
[    0.005744] ACPI: Early table checksum verification disabled
[    0.006130] ACPI: RSDP 0x00000000000F5290 000014 (v00 BOCHS )
[    0.006523] ACPI: RSDT 0x000000003FFE27BC 000034 (v01 BOCHS  BXPC     00000001 BXPC 00000001)
[    0.007107] ACPI: FACP 0x000000003FFE2578 000074 (v01 BOCHS  BXPC     00000001 BXPC 00000001)
[    0.007689] ACPI: DSDT 0x000000003FFE0040 002538 (v01 BOCHS  BXPC     00000001 BXPC 00000001)
[    0.008270] ACPI: FACS 0x000000003FFE0000 000040
[    0.008585] ACPI: APIC 0x000000003FFE25EC 000170 (v03 BOCHS  BXPC     00000001 BXPC 00000001)
[    0.009165] ACPI: HPET 0x000000003FFE275C 000038 (v01 BOCHS  BXPC     00000001 BXPC 00000001)
[    0.009747] ACPI: WAET 0x000000003FFE2794 000028 (v01 BOCHS  BXPC     00000001 BXPC 00000001)
[    0.010330] ACPI: Reserving FACP table memory at [mem 0x3ffe2578-0x3ffe25eb]
[    0.010812] ACPI: Reserving DSDT table memory at [mem 0x3ffe0040-0x3ffe2577]
[    0.011288] ACPI: Reserving FACS table memory at [mem 0x3ffe0000-0x3ffe003f]
[    0.011764] ACPI: Reserving APIC table memory at [mem 0x3ffe25ec-0x3ffe275b]
[    0.012240] ACPI: Reserving HPET table memory at [mem 0x3ffe275c-0x3ffe2793]
[    0.012716] ACPI: Reserving WAET table memory at [mem 0x3ffe2794-0x3ffe27bb]
[    0.013380] No NUMA configuration found
[    0.013640] Faking a node at [mem 0x0000000000000000-0x000000003ffdffff]
[    0.014094] NODE_DATA(0) allocated [mem 0x3ffdb740-0x3ffdffff]
[    0.014504] Zone ranges:
[    0.014678]   DMA      [mem 0x0000000000001000-0x0000000000ffffff]
[    0.015098]   DMA32    [mem 0x0000000001000000-0x000000003ffdffff]
[    0.015516]   Normal   empty
[    0.015712]   Device   empty
[    0.015907] Movable zone start for each node
[    0.016196] Early memory node ranges
[    0.016438]   node   0: [mem 0x0000000000001000-0x000000000009efff]
[    0.016862]   node   0: [mem 0x0000000000100000-0x000000003ffdffff]
[    0.017287] Initmem setup node 0 [mem 0x0000000000001000-0x000000003ffdffff]
[    0.017768] On node 0, zone DMA: 1 pages in unavailable ranges
[    0.018217] On node 0, zone DMA: 97 pages in unavailable ranges
[    0.022680] On node 0, zone DMA32: 32 pages in unavailable ranges
[    0.031634] kasan: KernelAddressSanitizer initialized
[    0.032198] ACPI: PM-Timer IO Port: 0x608
[    0.032482] ACPI: LAPIC_NMI (acpi_id[0xff] dfl dfl lint[0x1])
[    0.032893] IOAPIC[0]: apic_id 0, version 17, address 0xfec00000, GSI 0-23
[    0.033364] ACPI: INT_SRC_OVR (bus 0 bus_irq 0 global_irq 2 dfl dfl)
[    0.033793] ACPI: INT_SRC_OVR (bus 0 bus_irq 5 global_irq 5 high level)
[    0.034241] ACPI: INT_SRC_OVR (bus 0 bus_irq 9 global_irq 9 high level)
[    0.034693] ACPI: INT_SRC_OVR (bus 0 bus_irq 10 global_irq 10 high level)
[    0.035152] ACPI: INT_SRC_OVR (bus 0 bus_irq 11 global_irq 11 high level)
[    0.035612] ACPI: Using ACPI (MADT) for SMP configuration information
[    0.036046] ACPI: HPET id: 0x8086a201 base: 0xfed00000
[    0.036396] TSC deadline timer available
[    0.036663] CPU topo: Max. logical packages:   1
[    0.036975] CPU topo: Max. logical dies:       1
[    0.037287] CPU topo: Max. dies per package:   1
[    0.037601] CPU topo: Max. threads per core:   1
[    0.037912] CPU topo: Num. cores per package:    32
[    0.038242] CPU topo: Num. threads per package:  32
[    0.038573] CPU topo: Allowing 32 present CPUs plus 0 hotplug CPUs
[    0.039006] kvm-guest: APIC: eoi() replaced with kvm_guest_apic_eoi_write()
[    0.039487] kvm-guest: KVM setup pv remote TLB flush
[    0.039824] kvm-guest: setup PV sched yield
[    0.040112] PM: hibernation: Registered nosave memory: [mem 0x00000000-0x00000fff]
[    0.040624] PM: hibernation: Registered nosave memory: [mem 0x0009f000-0x000fffff]
[    0.041136] [mem 0x40000000-0xfeffbfff] available for PCI devices
[    0.041548] Booting paravirtualized kernel on KVM
[    0.041866] clocksource: refined-jiffies: mask: 0xffffffff max_cycles: 0xffffffff, max_idle_ns: 1910969940391419 ns
[    0.050331] setup_percpu: NR_CPUS:64 nr_cpumask_bits:32 nr_cpu_ids:32 nr_node_ids:1
[    0.052062] percpu: Embedded 65 pages/cpu s229208 r8192 d28840 u524288
[    0.052575] Kernel command line: virtme_hostname=virtme-ng nr_open=1048576 virtme_link_mods=/nipa-data/kernel/.virtme_mods/lib/modules/0.0.0 virtme_initmount0=nipa-data/kernel virtme_rw_overlay0=/etc virtme_rw_overlay1=/lib virtme_rw_overlay2=/home virtme_rw_overlay3=/opt virtme_rw_overlay4=/srv virtme_rw_overlay5=/usr virtme_rw_overlay6=/var console=hvc0 earlyprintk=serial,ttyS0,115200 virtme_console=ttyS0 psmouse.proto=exps TERM=xterm virtme_chdir=nipa-data/kernel virtme_root_user=1 rootfstype=9p rootflags=version=9p2000.L,trans=virtio,access=any raid=noautodetect ro init=/usr/lib/python3/dist-packages/virtme/guest/virtme-init
[    0.056605] Unknown kernel command line parameters "virtme_hostname=virtme-ng nr_open=1048576 virtme_link_mods=/nipa-data/kernel/.virtme_mods/lib/modules/0.0.0 virtme_initmount0=nipa-data/kernel virtme_rw_overlay0=/etc virtme_rw_overlay1=/lib virtme_rw_overlay2=/home virtme_rw_overlay3=/opt virtme_rw_overlay4=/srv virtme_rw_overlay5=/usr virtme_rw_overlay6=/var virtme_console=ttyS0 virtme_chdir=nipa-data/kernel virtme_root_user=1", will be passed to user space.
[    0.059641] random: crng init done
[    0.059878] printk: log buffer data + meta data: 262144 + 917504 = 1179648 bytes
[    0.060413] Dentry cache hash table entries: 131072 (order: 8, 1048576 bytes, linear)
[    0.060971] Inode-cache hash table entries: 65536 (order: 7, 524288 bytes, linear)
[    0.061890] Fallback order for Node 0: 0 
[    0.061894] Built 1 zonelists, mobility grouping on.  Total pages: 262014
[    0.062653] Policy zone: DMA32
[    0.062867] mem auto-init: stack:all(zero), heap alloc:off, heap free:off
[    0.063340] stackdepot: allocating hash table via alloc_large_system_hash
[    0.063814] stackdepot hash table entries: 1048576 (order: 12, 16777216 bytes, linear)
[    0.071796] SLUB: HWalign=64, Order=0-3, MinObjects=0, CPUs=32, Nodes=1
Poking KASLR using RDRAND RDTSC...
[    0.080948] ftrace: allocating 49186 entries in 194 pages
[    0.081328] ftrace: allocated 194 pages with 3 groups
[    0.082531] Dynamic Preempt: voluntary
[    0.083245] rcu: Preemptible hierarchical RCU implementation.
[    0.083642] rcu: RCU event tracing is enabled.
[    0.083955] rcu: RCU restricting CPUs from NR_CPUS=64 to nr_cpu_ids=32.
[    0.084418] Trampoline variant of Tasks RCU enabled.
[    0.084766] Rude variant of Tasks RCU enabled.
[    0.085078] Tracing variant of Tasks RCU enabled.
[    0.085409] rcu: RCU calculated value of scheduler-enlistment delay is 100 jiffies.
[    0.085937] rcu: Adjusting geometry for rcu_fanout_leaf=16, nr_cpu_ids=32
[    0.086472] RCU Tasks: Setting shift to 5 and lim to 1 rcu_task_cb_adjust=1 rcu_task_cpu_ids=32.
[    0.087083] RCU Tasks Rude: Setting shift to 5 and lim to 1 rcu_task_cb_adjust=1 rcu_task_cpu_ids=32.
[    0.087722] RCU Tasks Trace: Setting shift to 5 and lim to 1 rcu_task_cb_adjust=1 rcu_task_cpu_ids=32.
[    0.097496] NR_IRQS: 4352, nr_irqs: 680, preallocated irqs: 16
[    0.098151] rcu: srcu_init: Setting srcu_struct sizes based on contention.
[    0.099025] Console: colour *CGA 80x25
[    0.099322] ACPI: Core revision 20250404
[    0.099746] clocksource: hpet: mask: 0xffffffff max_cycles: 0xffffffff, max_idle_ns: 19112604467 ns
[    0.100449] APIC: Switch to symmetric I/O mode setup
[    0.100944] x2apic enabled
[    0.101319] APIC: Switched APIC routing to: physical x2apic
[    0.101707] kvm-guest: APIC: send_IPI_mask() replaced with kvm_send_ipi_mask()
[    0.102209] kvm-guest: APIC: send_IPI_mask_allbutself() replaced with kvm_send_ipi_mask_allbutself()
[    0.102883] kvm-guest: setup PV IPIs
[    0.103941] ..TIMER: vector=0x30 apic1=0 pin1=2 apic2=-1 pin2=-1
[    0.104708] clocksource: tsc-early: mask: 0xffffffffffffffff max_cycles: 0x40be463295d, max_idle_ns: 440795209293 ns
[    0.106002] Calibrating delay loop (skipped) preset value.. 8983.12 BogoMIPS (lpj=4491564)
[    0.107066] x86/cpu: User Mode Instruction Prevention (UMIP) activated
[    0.108056] Last level iTLB entries: 4KB 512, 2MB 255, 4MB 127
[    0.109000] Last level dTLB entries: 4KB 512, 2MB 255, 4MB 127, 1GB 0
[    0.110010] Speculative Store Bypass: Mitigation: Speculative Store Bypass disabled via prctl
[    0.111001] Speculative Return Stack Overflow: IBPB-extending microcode not applied!
[    0.112000] Speculative Return Stack Overflow: WARNING: See https://kernel.org/doc/html/latest/admin-guide/hw-vuln/srso.html for mitigation options.
[    0.112002] Spectre V2 : Mitigation: Enhanced / Automatic IBRS
[    0.114001] Speculative Return Stack Overflow: Vulnerable: Safe RET, no microcode
[    0.115001] Spectre V1 : Mitigation: usercopy/swapgs barriers and __user pointer sanitization
[    0.116004] Spectre V2 : mitigation: Enabling conditional Indirect Branch Prediction Barrier
[    0.117017] x86/fpu: Supporting XSAVE feature 0x001: 'x87 floating point registers'
[    0.118000] x86/fpu: Supporting XSAVE feature 0x002: 'SSE registers'
[    0.119000] x86/fpu: Supporting XSAVE feature 0x004: 'AVX registers'
[    0.119753] x86/fpu: Supporting XSAVE feature 0x020: 'AVX-512 opmask'
[    0.120000] x86/fpu: Supporting XSAVE feature 0x040: 'AVX-512 Hi256'
[    0.121000] x86/fpu: Supporting XSAVE feature 0x080: 'AVX-512 ZMM_Hi256'
[    0.122000] x86/fpu: Supporting XSAVE feature 0x200: 'Protection Keys User registers'
[    0.123001] x86/fpu: xstate_offset[2]:  576, xstate_sizes[2]:  256
[    0.123734] x86/fpu: xstate_offset[5]:  832, xstate_sizes[5]:   64
[    0.124000] x86/fpu: xstate_offset[6]:  896, xstate_sizes[6]:  512
[    0.125000] x86/fpu: xstate_offset[7]: 1408, xstate_sizes[7]: 1024
[    0.126000] x86/fpu: xstate_offset[9]: 2432, xstate_sizes[9]:    8
[    0.126728] x86/fpu: Enabled xstate features 0x2e7, context size is 2440 bytes, using 'compacted' format.
[    0.148577] Freeing SMP alternatives memory: 40K
[    0.149002] pid_max: default: 32768 minimum: 301
[    0.149667] Mount-cache hash table entries: 2048 (order: 2, 16384 bytes, linear)
[    0.150002] Mountpoint-cache hash table entries: 2048 (order: 2, 16384 bytes, linear)
[    0.152290] smpboot: CPU0: AMD Ryzen 9 7950X 16-Core Processor (family: 0x19, model: 0x61, stepping: 0x2)
[    0.153431] Performance Events: Fam17h+ core perfctr, AMD PMU driver.
[    0.154004] ... version:                0
[    0.154481] ... bit width:              48
[    0.154964] ... generic registers:      6
[    0.155002] ... value mask:             0000ffffffffffff
[    0.155628] ... max period:             00007fffffffffff
[    0.156002] ... fixed-purpose events:   0
[    0.156473] ... event mask:             000000000000003f
[    0.157174] signal: max sigframe size: 3376
[    0.157715] rcu: Hierarchical SRCU implementation.
[    0.158003] rcu: Max phase no-delay instances is 400.
[    0.158693] Timer migration: 2 hierarchy levels; 8 children per group; 2 crossnode level
[    0.162822] smp: Bringing up secondary CPUs ...
[    0.163182] smpboot: x86: Booting SMP configuration:
[    0.163770] .... node  #0, CPUs:        #1  #2  #3  #4  #5  #6  #7  #8  #9 #10 #11 #12 #13 #14 #15 #16 #17 #18 #19 #20 #21 #22 #23 #24 #25 #26 #27 #28 #29 #30 #31
[    0.180097] smp: Brought up 1 node, 32 CPUs
[    0.181506] smpboot: Total of 32 processors activated (287460.09 BogoMIPS)
[    0.185206] Memory: 761584K/1048056K available (45036K kernel code, 11643K rwdata, 10312K rodata, 6184K init, 1196K bss, 270684K reserved, 0K cma-reserved)
[    0.186129] devtmpfs: initialized
[    0.187008] x86/mm: Memory block size: 128MB
[    0.193554] clocksource: jiffies: mask: 0xffffffff max_cycles: 0xffffffff, max_idle_ns: 1911260446275000 ns
[    0.194012] posixtimers hash table entries: 16384 (order: 6, 262144 bytes, linear)
[    0.194995] futex hash table entries: 8192 (524288 bytes on 1 NUMA nodes, total 512 KiB, linear).
[    0.195320] PM: RTC time: 15:25:57, date: 2025-06-01
[    0.196705] NET: Registered PF_NETLINK/PF_ROUTE protocol family
[    0.197871] thermal_sys: Registered thermal governor 'step_wise'
[    0.197901] cpuidle: using governor menu
[    0.199515] PCI: Using configuration type 1 for base access
[    0.200003] PCI: Using configuration type 1 for extended access
[    0.200855] kprobes: kprobe jump-optimization is enabled. All kprobes are optimized if possible.
[    0.215110] HugeTLB: allocation took 0ms with hugepage_allocation_threads=8
[    0.216032] HugeTLB: registered 1.00 GiB page size, pre-allocated 0 pages
[    0.216866] HugeTLB: 16380 KiB vmemmap can be freed for a 1.00 GiB page
[    0.217003] HugeTLB: registered 2.00 MiB page size, pre-allocated 0 pages
[    0.217824] HugeTLB: 28 KiB vmemmap can be freed for a 2.00 MiB page
[    0.220221] ACPI: Added _OSI(Module Device)
[    0.220738] ACPI: Added _OSI(Processor Device)
[    0.221003] ACPI: Added _OSI(Processor Aggregator Device)
[    0.245837] ACPI: 1 ACPI AML tables successfully acquired and loaded
[    0.250927] ACPI: Interpreter enabled
[    0.252063] ACPI: PM: (supports S0 S3 S4 S5)
[    0.252589] ACPI: Using IOAPIC for interrupt routing
[    0.253057] PCI: Using host bridge windows from ACPI; if necessary, use "pci=nocrs" and report a bug
[    0.254002] PCI: Using E820 reservations for host bridge windows
[    0.255834] ACPI: Enabled 2 GPEs in block 00 to 0F
[    0.305133] ACPI: PCI Root Bridge [PCI0] (domain 0000 [bus 00-ff])
[    0.305911] acpi PNP0A03:00: _OSC: OS supports [ExtendedConfig ASPM ClockPM Segments MSI HPX-Type3]
[    0.307518] PCI host bridge to bus 0000:00
[    0.308068] pci_bus 0000:00: root bus resource [io  0x0000-0x0cf7 window]
[    0.308903] pci_bus 0000:00: root bus resource [io  0x0d00-0xffff window]
[    0.310005] pci_bus 0000:00: root bus resource [mem 0x000a0000-0x000bffff window]
[    0.310924] pci_bus 0000:00: root bus resource [mem 0x40000000-0xfebfffff window]
[    0.312005] pci_bus 0000:00: root bus resource [mem 0x100000000-0x17fffffff window]
[    0.312945] pci_bus 0000:00: root bus resource [bus 00-ff]
[    0.314097] pci 0000:00:00.0: [8086:1237] type 00 class 0x060000 conventional PCI endpoint
[    0.315922] pci 0000:00:01.0: [8086:7000] type 00 class 0x060100 conventional PCI endpoint
[    0.317902] pci 0000:00:01.1: [8086:7010] type 00 class 0x010180 conventional PCI endpoint
[    0.319467] pci 0000:00:01.1: BAR 4 [io  0xc0c0-0xc0cf]
[    0.320021] pci 0000:00:01.1: BAR 0 [io  0x01f0-0x01f7]: legacy IDE quirk
[    0.320847] pci 0000:00:01.1: BAR 1 [io  0x03f6]: legacy IDE quirk
[    0.321002] pci 0000:00:01.1: BAR 2 [io  0x0170-0x0177]: legacy IDE quirk
[    0.321829] pci 0000:00:01.1: BAR 3 [io  0x0376]: legacy IDE quirk
[    0.323717] pci 0000:00:01.3: [8086:7113] type 00 class 0x068000 conventional PCI endpoint
[    0.325218] pci 0000:00:01.3: quirk: [io  0x0600-0x063f] claimed by PIIX4 ACPI
[    0.326007] pci 0000:00:01.3: quirk: [io  0x0700-0x070f] claimed by PIIX4 SMB
[    0.327646] pci 0000:00:02.0: [1af4:1009] type 00 class 0x000200 conventional PCI endpoint
[    0.329007] pci 0000:00:02.0: BAR 0 [io  0xc000-0xc03f]
[    0.329660] pci 0000:00:02.0: BAR 1 [mem 0xfebfc000-0xfebfcfff]
[    0.331017] pci 0000:00:02.0: BAR 4 [mem 0xfebf0000-0xfebf3fff 64bit pref]
[    0.343850] pci 0000:00:03.0: [1af4:1009] type 00 class 0x000200 conventional PCI endpoint
[    0.346007] pci 0000:00:03.0: BAR 0 [io  0xc040-0xc07f]
[    0.346656] pci 0000:00:03.0: BAR 1 [mem 0xfebfd000-0xfebfdfff]
[    0.347017] pci 0000:00:03.0: BAR 4 [mem 0xfebf4000-0xfebf7fff 64bit pref]
[    0.359774] pci 0000:00:04.0: [8086:25ab] type 00 class 0x088000 conventional PCI endpoint
[    0.361373] pci 0000:00:04.0: BAR 0 [mem 0xfebfe000-0xfebfe00f]
[    0.373802] pci 0000:00:05.0: [1af4:1003] type 00 class 0x078000 conventional PCI endpoint
[    0.375775] pci 0000:00:05.0: BAR 0 [io  0xc080-0xc0bf]
[    0.376007] pci 0000:00:05.0: BAR 1 [mem 0xfebff000-0xfebfffff]
[    0.376753] pci 0000:00:05.0: BAR 4 [mem 0xfebf8000-0xfebfbfff 64bit pref]
[    0.392362] ACPI: PCI: Interrupt link LNKA configured for IRQ 10
[    0.393981] ACPI: PCI: Interrupt link LNKB configured for IRQ 10
[    0.395968] ACPI: PCI: Interrupt link LNKC configured for IRQ 11
[    0.396961] ACPI: PCI: Interrupt link LNKD configured for IRQ 11
[    0.398398] ACPI: PCI: Interrupt link LNKS configured for IRQ 9
[    0.418270] iommu: Default domain type: Translated
[    0.418873] iommu: DMA domain TLB invalidation policy: lazy mode
[    0.422237] SCSI subsystem initialized
[    0.423048] pps_core: LinuxPPS API ver. 1 registered
[    0.423649] pps_core: Software ver. 5.3.6 - Copyright 2005-2007 Rodolfo Giometti <giometti@linux.it>
[    0.425018] PTP clock support registered
[    0.425586] Advanced Linux Sound Architecture Driver Initialized.
[    0.427156] NET: Registered PF_ATMPVC protocol family
[    0.427783] NET: Registered PF_ATMSVC protocol family
[    0.429040] PCI: Using ACPI for IRQ routing
[    0.429687] vgaarb: loaded
[    0.430119] hpet0: at MMIO 0xfed00000, IRQs 2, 8, 0
[    0.430720] hpet0: 3 comparators, 64-bit 100.000000 MHz counter
[    0.437136] clocksource: Switched to clocksource kvm-clock
[    0.438247] VFS: Disk quotas dquot_6.6.0
[    0.438749] VFS: Dquot-cache hash table entries: 512 (order 0, 4096 bytes)
[    0.440375] pnp: PnP ACPI init
[    0.443231] pnp: PnP ACPI: found 5 devices
[    0.455207] clocksource: acpi_pm: mask: 0xffffff max_cycles: 0xffffff, max_idle_ns: 2085701024 ns
[    0.456358] NET: Registered PF_INET protocol family
[    0.457007] IP idents hash table entries: 16384 (order: 5, 131072 bytes, linear)
[    0.458268] tcp_listen_portaddr_hash hash table entries: 512 (order: 1, 8192 bytes, linear)
[    0.459303] Table-perturb hash table entries: 65536 (order: 6, 262144 bytes, linear)
[    0.460279] TCP established hash table entries: 8192 (order: 4, 65536 bytes, linear)
[    0.461236] TCP bind hash table entries: 8192 (order: 6, 262144 bytes, linear)
[    0.462151] TCP: Hash tables configured (established 8192 bind 8192)
[    0.463109] UDP hash table entries: 512 (order: 3, 32768 bytes, linear)
[    0.463953] UDP-Lite hash table entries: 512 (order: 3, 32768 bytes, linear)
[    0.465040] NET: Registered PF_UNIX/PF_LOCAL protocol family
[    0.465754] pci_bus 0000:00: resource 4 [io  0x0000-0x0cf7 window]
[    0.466510] pci_bus 0000:00: resource 5 [io  0x0d00-0xffff window]
[    0.467262] pci_bus 0000:00: resource 6 [mem 0x000a0000-0x000bffff window]
[    0.468103] pci_bus 0000:00: resource 7 [mem 0x40000000-0xfebfffff window]
[    0.468939] pci_bus 0000:00: resource 8 [mem 0x100000000-0x17fffffff window]
[    0.469999] pci 0000:00:01.0: PIIX3: Enabling Passive Release
[    0.470704] pci 0000:00:00.0: Limiting direct PCI/PCI transfers
[    0.471469] PCI: CLS 0 bytes, default 64
[    0.472062] kvm_intel: VMX not supported by CPU 22
[    0.472833] kvm_amd: TSC scaling supported
[    0.473335] kvm_amd: Nested Virtualization enabled
[    0.473926] kvm_amd: Nested Paging enabled
[    0.474443] kvm_amd: LBR virtualization supported
[    0.475029] kvm_amd: Virtual GIF supported
[    0.475531] kvm_amd: Virtual NMI enabled
[    0.503979] clocksource: tsc: mask: 0xffffffffffffffff max_cycles: 0x40be463295d, max_idle_ns: 440795209293 ns
[    0.521281] Initialise system trusted keyrings
[    0.522000] workingset: timestamp_bits=56 max_order=18 bucket_order=0
[    0.522920] squashfs: version 4.0 (2009/01/31) Phillip Lougher
[    0.523660] fuse: init (API version 7.43)
[    0.524283] 9p: Installing v9fs 9p2000 file system support
[    0.534222] Key type asymmetric registered
[    0.534746] Asymmetric key parser 'x509' registered
[    0.535415] Block layer SCSI generic (bsg) driver version 0.4 loaded (major 249)
[    0.536369] io scheduler mq-deadline registered
[    0.536931] io scheduler kyber registered
[    0.539398] input: Power Button as /devices/LNXSYSTM:00/LNXPWRBN:00/input/input0
[    0.540543] ACPI: button: Power Button [PWRF]
[    0.542501] Warning: Processor Platform Limit event detected, but not handled.
[    0.543443] Consider compiling CPUfreq support into your kernel.
[    1.431532] ACPI: \_SB_.LNKB: Enabled at IRQ 10
[    2.322076] ACPI: \_SB_.LNKC: Enabled at IRQ 11
[    3.212550] ACPI: \_SB_.LNKA: Enabled at IRQ 10
[    3.213926] Serial: 8250/16550 driver, 4 ports, IRQ sharing enabled
[    3.215063] 00:03: ttyS0 at I/O 0x3f8 (irq = 4, base_baud = 115200) is a 16550A
[    3.245574] Non-volatile memory driver v1.3
[    3.246107] Linux agpgart interface v0.103
[    3.246861] ACPI: bus type drm_connector registered
[    3.247484] printk: legacy console [hvc0] enabled
[    3.248071] printk: legacy bootconsole [earlyser0] disabled
          _      _                                    
   __   _(_)_ __| |_ _ __ ___   ___       _ __   __ _ 
   \ \ / / |  __| __|  _   _ \ / _ \_____|  _ \ / _  |
    \ V /| | |  | |_| | | | | |  __/_____| | | | (_| |
     \_/ |_|_|   \__|_| |_| |_|\___|     |_| |_|\__  |
                                                |___/ 
   kernel version: 6.15.0-virtme x86_64
   (CTRL+d to exit)

root@virtme-ng:/nipa-data/kernel# PS1='xx__-> '
xx__-> env
PWD=/nipa-data/kernel
nr_open=1048576
HOME=/
TERM=xterm
SHLVL=2
XDG_RUNTIME_DIR=/run/user/0
PATH=/bin:/sbin:/usr/bin:/usr/sbin:/usr/local/bin
OLDPWD=/
_=/bin/env
xx__-> 