No EFI environment detected.
early console in extract_kernel
input_data: 0x0000000004b142b9
input_len: 0x00000000017bcdee
output: 0x0000000001000000
output_len: 0x000000000525e384
kernel_total_size: 0x0000000004e30000
needed_size: 0x0000000005400000
trampoline_32bit: 0x0000000000000000
Physical KASLR using RDRAND RDTSC...
Virtual KASLR using RDRAND RDTSC...

Decompressing Linux... Parsing ELF... Performing relocations... done.
Booting the kernel (entry_offset: 0x0000000000000000).
[    0.000000] Linux version 6.8.0-rc4-virtme (root@8d5969de0ade) (gcc (Alpine 13.2.1_git20231014) 13.2.1 20231014, GNU ld (GNU Binutils) 2.42) #1 SMP PREEMPT_DYNAMIC Thu Feb 22 15:26:45 UTC 2024
[    0.000000] Command line: virtme_hostname=virtme-ng virtme_link_mods=/nipa-data/kernel/.virtme_mods/lib/modules/0.0.0 virtme_initmount0=nipa-data/kernel virtme_rw_overlay0=/etc virtme_rw_overlay1=/lib virtme_rw_overlay2=/home virtme_rw_overlay3=/opt virtme_rw_overlay4=/srv virtme_rw_overlay5=/usr virtme_rw_overlay6=/var earlyprintk=serial,ttyS0,115200 console=ttyS0 psmouse.proto=exps TERM=xterm virtme_chdir=nipa-data/kernel virtme_root_user=1 rootfstype=9p rootflags=version=9p2000.L,trans=virtio,access=any raid=noautodetect ro init=/usr/lib/python3.11/site-packages/virtme/guest/virtme-init
[    0.000000] BIOS-provided physical RAM map:
[    0.000000] BIOS-e820: [mem 0x0000000000000000-0x000000000009fbff] usable
[    0.000000] BIOS-e820: [mem 0x000000000009fc00-0x000000000009ffff] reserved
[    0.000000] BIOS-e820: [mem 0x00000000000f0000-0x00000000000fffff] reserved
[    0.000000] BIOS-e820: [mem 0x0000000000100000-0x000000003ffdffff] usable
[    0.000000] BIOS-e820: [mem 0x000000003ffe0000-0x000000003fffffff] reserved
[    0.000000] BIOS-e820: [mem 0x00000000feffc000-0x00000000feffffff] reserved
[    0.000000] BIOS-e820: [mem 0x00000000fffc0000-0x00000000ffffffff] reserved
[    0.000000] BIOS-e820: [mem 0x000000fd00000000-0x000000ffffffffff] reserved
[    0.000000] printk: legacy bootconsole [earlyser0] enabled
[    0.000000] NX (Execute Disable) protection: active
[    0.000000] APIC: Static calls initialized
[    0.000000] SMBIOS 3.0.0 present.
[    0.000000] DMI: QEMU Standard PC (i440FX + PIIX, 1996), BIOS rel-1.16.3-0-ga6ed6b701f0a-prebuilt.qemu.org 04/01/2014
[    0.000000] Hypervisor detected: KVM
[    0.000000] kvm-clock: Using msrs 4b564d01 and 4b564d00
[    0.000000] kvm-clock: using sched offset of 370977942 cycles
[    0.000401] clocksource: kvm-clock: mask: 0xffffffffffffffff max_cycles: 0x1cd42e4dffb, max_idle_ns: 881590591483 ns
[    0.001632] tsc: Detected 4491.536 MHz processor
[    0.002361] last_pfn = 0x3ffe0 max_arch_pfn = 0x400000000
[    0.002797] MTRR map: 4 entries (3 fixed + 1 variable; max 19), built from 8 variable MTRRs
[    0.003430] x86/PAT: Configuration [0-7]: WB  WC  UC- UC  WB  WP  UC- WT  
[    0.005500] found SMP MP-table at [mem 0x000f5470-0x000f547f]
[    0.005953] Using GB pages for direct mapping
[    0.006444] ACPI: Early table checksum verification disabled
[    0.006876] ACPI: RSDP 0x00000000000F5290 000014 (v00 BOCHS )
[    0.007315] ACPI: RSDT 0x000000003FFE27B6 000034 (v01 BOCHS  BXPC     00000001 BXPC 00000001)
[    0.007964] ACPI: FACP 0x000000003FFE2572 000074 (v01 BOCHS  BXPC     00000001 BXPC 00000001)
[    0.008612] ACPI: DSDT 0x000000003FFE0040 002532 (v01 BOCHS  BXPC     00000001 BXPC 00000001)
[    0.009262] ACPI: FACS 0x000000003FFE0000 000040
[    0.009612] ACPI: APIC 0x000000003FFE25E6 000170 (v03 BOCHS  BXPC     00000001 BXPC 00000001)
[    0.010257] ACPI: HPET 0x000000003FFE2756 000038 (v01 BOCHS  BXPC     00000001 BXPC 00000001)
[    0.010901] ACPI: WAET 0x000000003FFE278E 000028 (v01 BOCHS  BXPC     00000001 BXPC 00000001)
[    0.011544] ACPI: Reserving FACP table memory at [mem 0x3ffe2572-0x3ffe25e5]
[    0.012075] ACPI: Reserving DSDT table memory at [mem 0x3ffe0040-0x3ffe2571]
[    0.012605] ACPI: Reserving FACS table memory at [mem 0x3ffe0000-0x3ffe003f]
[    0.013140] ACPI: Reserving APIC table memory at [mem 0x3ffe25e6-0x3ffe2755]
[    0.013676] ACPI: Reserving HPET table memory at [mem 0x3ffe2756-0x3ffe278d]
[    0.014209] ACPI: Reserving WAET table memory at [mem 0x3ffe278e-0x3ffe27b5]
[    0.014953] No NUMA configuration found
[    0.015245] Faking a node at [mem 0x0000000000000000-0x000000003ffdffff]
[    0.015754] NODE_DATA(0) allocated [mem 0x3ffdb000-0x3ffdffff]
[    0.016211] Zone ranges:
[    0.016403]   DMA      [mem 0x0000000000001000-0x0000000000ffffff]
[    0.016885]   DMA32    [mem 0x0000000001000000-0x000000003ffdffff]
[    0.017353]   Normal   empty
[    0.017571]   Device   empty
[    0.017789] Movable zone start for each node
[    0.018111] Early memory node ranges
[    0.018381]   node   0: [mem 0x0000000000001000-0x000000000009efff]
[    0.018854]   node   0: [mem 0x0000000000100000-0x000000003ffdffff]
[    0.019328] Initmem setup node 0 [mem 0x0000000000001000-0x000000003ffdffff]
[    0.019865] On node 0, zone DMA: 1 pages in unavailable ranges
[    0.020364] On node 0, zone DMA: 97 pages in unavailable ranges
[    0.025067] On node 0, zone DMA32: 32 pages in unavailable ranges
[    0.034517] kasan: KernelAddressSanitizer initialized
[    0.035124] ACPI: PM-Timer IO Port: 0x608
[    0.035435] ACPI: LAPIC_NMI (acpi_id[0xff] dfl dfl lint[0x1])
[    0.035894] IOAPIC[0]: apic_id 0, version 17, address 0xfec00000, GSI 0-23
[    0.036415] ACPI: INT_SRC_OVR (bus 0 bus_irq 0 global_irq 2 dfl dfl)
[    0.036903] ACPI: INT_SRC_OVR (bus 0 bus_irq 5 global_irq 5 high level)
[    0.037404] ACPI: INT_SRC_OVR (bus 0 bus_irq 9 global_irq 9 high level)
[    0.037904] ACPI: INT_SRC_OVR (bus 0 bus_irq 10 global_irq 10 high level)
[    0.038416] ACPI: INT_SRC_OVR (bus 0 bus_irq 11 global_irq 11 high level)
[    0.038929] ACPI: Using ACPI (MADT) for SMP configuration information
[    0.039415] ACPI: HPET id: 0x8086a201 base: 0xfed00000
[    0.039804] TSC deadline timer available
[    0.040101] smpboot: Allowing 32 CPUs, 0 hotplug CPUs
[    0.040497] kvm-guest: APIC: eoi() replaced with kvm_guest_apic_eoi_write()
[    0.041045] kvm-guest: KVM setup pv remote TLB flush
[    0.041423] kvm-guest: setup PV sched yield
[    0.041745] PM: hibernation: Registered nosave memory: [mem 0x00000000-0x00000fff]
[    0.042315] PM: hibernation: Registered nosave memory: [mem 0x0009f000-0x0009ffff]
[    0.042888] PM: hibernation: Registered nosave memory: [mem 0x000a0000-0x000effff]
[    0.043455] PM: hibernation: Registered nosave memory: [mem 0x000f0000-0x000fffff]
[    0.044026] [mem 0x40000000-0xfeffbfff] available for PCI devices
[    0.044489] Booting paravirtualized kernel on KVM
[    0.044850] clocksource: refined-jiffies: mask: 0xffffffff max_cycles: 0xffffffff, max_idle_ns: 1910969940391419 ns
[    0.053693] setup_percpu: NR_CPUS:64 nr_cpumask_bits:32 nr_cpu_ids:32 nr_node_ids:1
[    0.055504] percpu: Embedded 68 pages/cpu s241448 r8192 d28888 u524288
[    0.056054] Kernel command line: virtme_hostname=virtme-ng virtme_link_mods=/nipa-data/kernel/.virtme_mods/lib/modules/0.0.0 virtme_initmount0=nipa-data/kernel virtme_rw_overlay0=/etc virtme_rw_overlay1=/lib virtme_rw_overlay2=/home virtme_rw_overlay3=/opt virtme_rw_overlay4=/srv virtme_rw_overlay5=/usr virtme_rw_overlay6=/var earlyprintk=serial,ttyS0,115200 console=ttyS0 psmouse.proto=exps TERM=xterm virtme_chdir=nipa-data/kernel virtme_root_user=1 rootfstype=9p rootflags=version=9p2000.L,trans=virtio,access=any raid=noautodetect ro init=/usr/lib/python3.11/site-packages/virtme/guest/virtme-init
[    0.060252] Unknown kernel command line parameters "virtme_hostname=virtme-ng virtme_link_mods=/nipa-data/kernel/.virtme_mods/lib/modules/0.0.0 virtme_initmount0=nipa-data/kernel virtme_rw_overlay0=/etc virtme_rw_overlay1=/lib virtme_rw_overlay2=/home virtme_rw_overlay3=/opt virtme_rw_overlay4=/srv virtme_rw_overlay5=/usr virtme_rw_overlay6=/var virtme_chdir=nipa-data/kernel virtme_root_user=1", will be passed to user space.
[    0.063386] random: crng init done
[    0.063754] Dentry cache hash table entries: 131072 (order: 8, 1048576 bytes, linear)
[    0.064374] Inode-cache hash table entries: 65536 (order: 7, 524288 bytes, linear)
[    0.065383] Fallback order for Node 0: 0 
[    0.065388] Built 1 zonelists, mobility grouping on.  Total pages: 257760
[    0.066224] Policy zone: DMA32
[    0.066460] mem auto-init: stack:all(zero), heap alloc:off, heap free:off
[    0.066987] stackdepot: allocating hash table via alloc_large_system_hash
[    0.067514] stackdepot hash table entries: 1048576 (order: 12, 16777216 bytes, linear)
[    0.075518] Memory: 781300K/1048056K available (43008K kernel code, 11319K rwdata, 9560K rodata, 5740K init, 2444K bss, 266500K reserved, 0K cma-reserved)
[    0.076764] SLUB: HWalign=64, Order=0-3, MinObjects=0, CPUs=32, Nodes=1
Poking KASLR using RDRAND RDTSC...
[    0.077559] ftrace: allocating 46463 entries in 182 pages
[    0.086182] ftrace: allocated 182 pages with 5 groups
[    0.087440] Dynamic Preempt: voluntary
[    0.088085] rcu: Preemptible hierarchical RCU implementation.
[    0.088530] rcu: RCU event tracing is enabled.
[    0.088885] rcu: RCU restricting CPUs from NR_CPUS=64 to nr_cpu_ids=32.
[    0.089404] Trampoline variant of Tasks RCU enabled.
[    0.089797] Rude variant of Tasks RCU enabled.
[    0.090146] Tracing variant of Tasks RCU enabled.
[    0.090514] rcu: RCU calculated value of scheduler-enlistment delay is 100 jiffies.
[    0.091104] rcu: Adjusting geometry for rcu_fanout_leaf=16, nr_cpu_ids=32
[    0.099802] NR_IRQS: 4352, nr_irqs: 680, preallocated irqs: 16
[    0.100500] rcu: srcu_init: Setting srcu_struct sizes based on contention.
[    0.101234] Console: colour *CGA 80x25
[    0.101541] printk: legacy console [ttyS0] enabled
[    0.101541] printk: legacy console [ttyS0] enabled
[    0.102276] printk: legacy bootconsole [earlyser0] disabled
[    0.102276] printk: legacy bootconsole [earlyser0] disabled
[    0.103153] ACPI: Core revision 20230628
[    0.103619] clocksource: hpet: mask: 0xffffffff max_cycles: 0xffffffff, max_idle_ns: 19112604467 ns
[    0.104392] APIC: Switch to symmetric I/O mode setup
[    0.104785] APIC: Switched APIC routing to: physical flat
[    0.105246] kvm-guest: APIC: send_IPI_mask() replaced with kvm_send_ipi_mask()
[    0.105807] kvm-guest: APIC: send_IPI_mask_allbutself() replaced with kvm_send_ipi_mask_allbutself()
[    0.106512] kvm-guest: setup PV IPIs
[    0.107685] ..TIMER: vector=0x30 apic1=0 pin1=2 apic2=-1 pin2=-1
[    0.108519] tsc: Marking TSC unstable due to TSCs unsynchronized
[    0.109332] Calibrating delay loop (skipped) preset value.. 8983.07 BogoMIPS (lpj=4491536)
[    0.110391] x86/cpu: User Mode Instruction Prevention (UMIP) activated
[    0.111390] Last level iTLB entries: 4KB 512, 2MB 255, 4MB 127
[    0.112168] Last level dTLB entries: 4KB 512, 2MB 255, 4MB 127, 1GB 0
[    0.112332] Spectre V1 : Mitigation: usercopy/swapgs barriers and __user pointer sanitization
[    0.113332] Spectre V2 : Mitigation: Enhanced / Automatic IBRS
[    0.114328] Spectre V2 : Spectre v2 / SpectreRSB mitigation: Filling RSB on context switch
[    0.115330] Spectre V2 : mitigation: Enabling conditional Indirect Branch Prediction Barrier
[    0.116330] Speculative Store Bypass: Mitigation: Speculative Store Bypass disabled via prctl
[    0.117328] Speculative Return Stack Overflow: IBPB-extending microcode not applied!
[    0.118328] Speculative Return Stack Overflow: WARNING: See https://kernel.org/doc/html/latest/admin-guide/hw-vuln/srso.html for mitigation options.
[    0.118329] Speculative Return Stack Overflow: Vulnerable: Safe RET, no microcode
[    0.121336] x86/fpu: Supporting XSAVE feature 0x001: 'x87 floating point registers'
[    0.122328] x86/fpu: Supporting XSAVE feature 0x002: 'SSE registers'
[    0.123162] x86/fpu: Supporting XSAVE feature 0x004: 'AVX registers'
[    0.123328] x86/fpu: Supporting XSAVE feature 0x020: 'AVX-512 opmask'
[    0.124328] x86/fpu: Supporting XSAVE feature 0x040: 'AVX-512 Hi256'
[    0.125328] x86/fpu: Supporting XSAVE feature 0x080: 'AVX-512 ZMM_Hi256'
[    0.126328] x86/fpu: Supporting XSAVE feature 0x200: 'Protection Keys User registers'
[    0.127328] x86/fpu: xstate_offset[2]:  576, xstate_sizes[2]:  256
[    0.128328] x86/fpu: xstate_offset[5]:  832, xstate_sizes[5]:   64
[    0.129328] x86/fpu: xstate_offset[6]:  896, xstate_sizes[6]:  512
[    0.130146] x86/fpu: xstate_offset[7]: 1408, xstate_sizes[7]: 1024
[    0.130328] x86/fpu: xstate_offset[9]: 2432, xstate_sizes[9]:    8
[    0.131328] x86/fpu: Enabled xstate features 0x2e7, context size is 2440 bytes, using 'compacted' format.
[    0.153906] Freeing SMP alternatives memory: 36K
[    0.154329] pid_max: default: 32768 minimum: 301
[    0.155095] Mount-cache hash table entries: 2048 (order: 2, 16384 bytes, linear)
[    0.155329] Mountpoint-cache hash table entries: 2048 (order: 2, 16384 bytes, linear)
[    0.156981] smpboot: CPU0: AMD Ryzen 9 7950X 16-Core Processor (family: 0x19, model: 0x61, stepping: 0x2)
[    0.157660] RCU Tasks: Setting shift to 5 and lim to 1 rcu_task_cb_adjust=1.
[    0.158355] RCU Tasks Rude: Setting shift to 5 and lim to 1 rcu_task_cb_adjust=1.
[    0.159355] RCU Tasks Trace: Setting shift to 5 and lim to 1 rcu_task_cb_adjust=1.
[    0.160357] Performance Events: Fam17h+ core perfctr, AMD PMU driver.
[    0.161239] ... version:                0
[    0.161330] ... bit width:              48
[    0.161873] ... generic registers:      6
[    0.162330] ... value mask:             0000ffffffffffff
[    0.163045] ... max period:             00007fffffffffff
[    0.163330] ... fixed-purpose events:   0
[    0.163861] ... event mask:             000000000000003f
[    0.164431] signal: max sigframe size: 3376
[    0.165035] rcu: Hierarchical SRCU implementation.
[    0.165330] rcu: Max phase no-delay instances is 400.
[    0.170243] smp: Bringing up secondary CPUs ...
[    0.170517] smpboot: x86: Booting SMP configuration:
[    0.171177] .... node  #0, CPUs:        #1  #2  #3  #4  #5  #6  #7  #8  #9 #10 #11 #12 #13 #14 #15 #16 #17 #18 #19 #20 #21 #22 #23 #24 #25 #26 #27 #28 #29 #30 #31
[    0.192487] smp: Brought up 1 node, 32 CPUs
[    0.194051] smpboot: Max logical packages: 1
[    0.194330] smpboot: Total of 32 processors activated (287458.30 BogoMIPS)
[    0.201576] devtmpfs: initialized
[    0.202507] x86/mm: Memory block size: 128MB
[    0.211691] clocksource: jiffies: mask: 0xffffffff max_cycles: 0xffffffff, max_idle_ns: 1911260446275000 ns
[    0.212433] futex hash table entries: 8192 (order: 7, 524288 bytes, linear)
[    0.213770] PM: RTC time: 15:27:24, date: 2024-02-22
[    0.215336] NET: Registered PF_NETLINK/PF_ROUTE protocol family
[    0.217444] thermal_sys: Registered thermal governor 'step_wise'
[    0.217447] thermal_sys: Registered thermal governor 'user_space'
[    0.218406] cpuidle: using governor menu
[    0.221698] PCI: Using configuration type 1 for base access
[    0.222331] PCI: Using configuration type 1 for extended access
[    0.223504] kprobes: kprobe jump-optimization is enabled. All kprobes are optimized if possible.
[    0.230584] HugeTLB: registered 1.00 GiB page size, pre-allocated 0 pages
[    0.231331] HugeTLB: 16380 KiB vmemmap can be freed for a 1.00 GiB page
[    0.232189] HugeTLB: registered 2.00 MiB page size, pre-allocated 0 pages
[    0.233330] HugeTLB: 28 KiB vmemmap can be freed for a 2.00 MiB page
[    0.234672] ACPI: Added _OSI(Module Device)
[    0.235331] ACPI: Added _OSI(Processor Device)
[    0.235903] ACPI: Added _OSI(3.0 _SCP Extensions)
[    0.236330] ACPI: Added _OSI(Processor Aggregator Device)
[    0.260963] ACPI: 1 ACPI AML tables successfully acquired and loaded
[    0.263580] ACPI: _OSC evaluation for CPUs failed, trying _PDC
[    0.267217] ACPI: Interpreter enabled
[    0.268394] ACPI: PM: (supports S0 S3 S4 S5)
[    0.268948] ACPI: Using IOAPIC for interrupt routing
[    0.269383] PCI: Using host bridge windows from ACPI; if necessary, use "pci=nocrs" and report a bug
[    0.270330] PCI: Using E820 reservations for host bridge windows
[    0.272221] ACPI: Enabled 2 GPEs in block 00 to 0F
[    0.322646] ACPI: PCI Root Bridge [PCI0] (domain 0000 [bus 00-ff])
[    0.323345] acpi PNP0A03:00: _OSC: OS supports [ExtendedConfig ASPM ClockPM Segments MSI HPX-Type3]
[    0.324852] PCI host bridge to bus 0000:00
[    0.325333] pci_bus 0000:00: root bus resource [io  0x0000-0x0cf7 window]
[    0.326210] pci_bus 0000:00: root bus resource [io  0x0d00-0xffff window]
[    0.327333] pci_bus 0000:00: root bus resource [mem 0x000a0000-0x000bffff window]
[    0.328319] pci_bus 0000:00: root bus resource [mem 0x40000000-0xfebfffff window]
[    0.329333] pci_bus 0000:00: root bus resource [mem 0x100000000-0x17fffffff window]
[    0.330330] pci_bus 0000:00: root bus resource [bus 00-ff]
[    0.331200] pci 0000:00:00.0: [8086:1237] type 00 class 0x060000 conventional PCI endpoint
[    0.333207] pci 0000:00:01.0: [8086:7000] type 00 class 0x060100 conventional PCI endpoint
[    0.335249] pci 0000:00:01.1: [8086:7010] type 00 class 0x010180 conventional PCI endpoint
[    0.338331] pci 0000:00:01.1: BAR 4 [io  0xc080-0xc08f]
[    0.339813] pci 0000:00:01.1: BAR 0 [io  0x01f0-0x01f7]: legacy IDE quirk
[    0.340330] pci 0000:00:01.1: BAR 1 [io  0x03f6]: legacy IDE quirk
[    0.341123] pci 0000:00:01.1: BAR 2 [io  0x0170-0x0177]: legacy IDE quirk
[    0.342330] pci 0000:00:01.1: BAR 3 [io  0x0376]: legacy IDE quirk
[    0.343865] pci 0000:00:01.3: [8086:7113] type 00 class 0x068000 conventional PCI endpoint
[    0.345593] pci 0000:00:01.3: quirk: [io  0x0600-0x063f] claimed by PIIX4 ACPI
[    0.346334] pci 0000:00:01.3: quirk: [io  0x0700-0x070f] claimed by PIIX4 SMB
[    0.349071] pci 0000:00:02.0: [1af4:1009] type 00 class 0x000200 conventional PCI endpoint
[    0.351330] pci 0000:00:02.0: BAR 0 [io  0xc000-0xc03f]
[    0.353000] pci 0000:00:02.0: BAR 1 [mem 0xfebfd000-0xfebfdfff]
[    0.357330] pci 0000:00:02.0: BAR 4 [mem 0xfebf4000-0xfebf7fff 64bit pref]
[    0.372720] pci 0000:00:03.0: [1af4:1009] type 00 class 0x000200 conventional PCI endpoint
[    0.375331] pci 0000:00:03.0: BAR 0 [io  0xc040-0xc07f]
[    0.376971] pci 0000:00:03.0: BAR 1 [mem 0xfebfe000-0xfebfefff]
[    0.382996] pci 0000:00:03.0: BAR 4 [mem 0xfebf8000-0xfebfbfff 64bit pref]
[    0.397243] pci 0000:00:04.0: [8086:25ab] type 00 class 0x088000 conventional PCI endpoint
[    0.398726] pci 0000:00:04.0: BAR 0 [mem 0xfebff000-0xfebff00f]
[    0.415866] ACPI: PCI: Interrupt link LNKA configured for IRQ 10
[    0.417828] ACPI: PCI: Interrupt link LNKB configured for IRQ 10
[    0.420399] ACPI: PCI: Interrupt link LNKC configured for IRQ 11
[    0.422124] ACPI: PCI: Interrupt link LNKD configured for IRQ 11
[    0.422726] ACPI: PCI: Interrupt link LNKS configured for IRQ 9
[    0.442123] iommu: Default domain type: Translated
[    0.443331] iommu: DMA domain TLB invalidation policy: lazy mode
[    0.444589] SCSI subsystem initialized
[    0.445476] pps_core: LinuxPPS API ver. 1 registered
[    0.446123] pps_core: Software ver. 5.3.6 - Copyright 2005-2007 Rodolfo Giometti <giometti@linux.it>
[    0.447351] PTP clock support registered
[    0.448461] Advanced Linux Sound Architecture Driver Initialized.
[    0.450380] NET: Registered PF_ATMPVC protocol family
[    0.451052] NET: Registered PF_ATMSVC protocol family
[    0.451357] PCI: Using ACPI for IRQ routing
[    0.452397] vgaarb: loaded
[    0.452736] hpet0: at MMIO 0xfed00000, IRQs 2, 8, 0
[    0.453330] hpet0: 3 comparators, 64-bit 100.000000 MHz counter
[    0.460909] clocksource: Switched to clocksource kvm-clock
[    0.462165] VFS: Disk quotas dquot_6.6.0
[    0.462719] VFS: Dquot-cache hash table entries: 512 (order 0, 4096 bytes)
[    0.463810] pnp: PnP ACPI init
[    0.470647] pnp: PnP ACPI: found 5 devices
[    0.483916] clocksource: acpi_pm: mask: 0xffffff max_cycles: 0xffffff, max_idle_ns: 2085701024 ns
[    0.485179] NET: Registered PF_INET protocol family
[    0.485876] IP idents hash table entries: 16384 (order: 5, 131072 bytes, linear)
[    0.487274] tcp_listen_portaddr_hash hash table entries: 512 (order: 1, 8192 bytes, linear)
[    0.488370] Table-perturb hash table entries: 65536 (order: 6, 262144 bytes, linear)
[    0.489406] TCP established hash table entries: 8192 (order: 4, 65536 bytes, linear)
[    0.490432] TCP bind hash table entries: 8192 (order: 6, 262144 bytes, linear)
[    0.491656] TCP: Hash tables configured (established 8192 bind 8192)
[    0.492649] UDP hash table entries: 512 (order: 2, 16384 bytes, linear)
[    0.493509] UDP-Lite hash table entries: 512 (order: 2, 16384 bytes, linear)
[    0.494670] NET: Registered PF_UNIX/PF_LOCAL protocol family
[    0.495426] pci_bus 0000:00: resource 4 [io  0x0000-0x0cf7 window]
[    0.496235] pci_bus 0000:00: resource 5 [io  0x0d00-0xffff window]
[    0.497035] pci_bus 0000:00: resource 6 [mem 0x000a0000-0x000bffff window]
[    0.497921] pci_bus 0000:00: resource 7 [mem 0x40000000-0xfebfffff window]
[    0.498811] pci_bus 0000:00: resource 8 [mem 0x100000000-0x17fffffff window]
[    0.499948] pci 0000:00:01.0: PIIX3: Enabling Passive Release
[    0.500699] pci 0000:00:00.0: Limiting direct PCI/PCI transfers
[    0.501501] PCI: CLS 0 bytes, default 64
[    0.502215] kvm_intel: VMX not supported by CPU 24
[    0.502898] kvm_amd: TSC scaling supported
[    0.503435] kvm_amd: Nested Virtualization enabled
[    0.504069] kvm_amd: Nested Paging enabled
[    0.504623] kvm_amd: Virtual VMLOAD VMSAVE supported
[    0.505261] kvm_amd: Virtual GIF supported
[    0.505794] kvm_amd: Virtual NMI enabled
[    0.506309] kvm_amd: LBR virtualization supported
[    0.614018] workingset: timestamp_bits=56 max_order=18 bucket_order=0
[    0.615033] squashfs: version 4.0 (2009/01/31) Phillip Lougher
[    0.615834] fuse: init (API version 7.39)
[    0.616512] 9p: Installing v9fs 9p2000 file system support
[    0.617341] Key type asymmetric registered
[    0.617924] Block layer SCSI generic (bsg) driver version 0.4 loaded (major 249)
[    0.618916] io scheduler mq-deadline registered
[    0.619533] io scheduler kyber registered
[    0.621425] input: Power Button as /devices/LNXSYSTM:00/LNXPWRBN:00/input/input0
[    0.622632] ACPI: button: Power Button [PWRF]
[    0.623322] Warning: Processor Platform Limit event detected, but not handled.
[    0.624245] Consider compiling CPUfreq support into your kernel.
[    1.491951] ACPI: \_SB_.LNKB: Enabled at IRQ 10
[    2.366615] ACPI: \_SB_.LNKC: Enabled at IRQ 11
[    2.368264] Serial: 8250/16550 driver, 4 ports, IRQ sharing enabled
[    2.369409] 00:03: ttyS0 at I/O 0x3f8 (irq = 4, base_baud = 115200) is a 16550A
[    2.372113] Non-volatile memory driver v1.3
[    2.372661] Linux agpgart interface v0.103
[    2.373364] ACPI: bus type drm_connector registered
[    2.396015] loop: module loaded
[    2.398947] scsi host0: ata_piix
[    2.399902] scsi host1: ata_piix
[    2.400543] ata1: PATA max MWDMA2 cmd 0x1f0 ctl 0x3f6 bmdma 0xc080 irq 14 lpm-pol 0
[    2.401526] ata2: PATA max MWDMA2 cmd 0x170 ctl 0x376 bmdma 0xc088 irq 15 lpm-pol 0
[    2.404327] i8042: PNP: PS/2 Controller [PNP0303:KBD,PNP0f13:MOU] at 0x60,0x64 irq 1,12
[    2.406050] serio: i8042 KBD port at 0x60,0x64 irq 1
[    2.406706] serio: i8042 AUX port at 0x60,0x64 irq 12
[    2.407952] rtc_cmos 00:04: RTC can wake from S4
[    2.408845] input: AT Translated Set 2 keyboard as /devices/platform/i8042/serio0/input/input1
[    2.411225] rtc_cmos 00:04: registered as rtc0
[    2.411839] rtc_cmos 00:04: setting system clock to 2024-02-22T15:27:26 UTC (1708615646)
[    2.412994] rtc_cmos 00:04: alarms up to one day, y3k, 242 bytes nvram, hpet irqs
[    2.414601] i6300ESB timer 0000:00:04.0: initialized. heartbeat=30 sec (nowayout=0)
[    2.415838] device-mapper: ioctl: 4.48.0-ioctl (2023-03-01) initialised: dm-devel@redhat.com
[    2.418061] NET: Registered PF_PACKET protocol family
[    2.418885] 9pnet: Installing 9P2000 support
[    2.420817] Key type dns_resolver registered
[    2.421981] input: ImExPS/2 Generic Explorer Mouse as /devices/platform/i8042/serio1/input/input3
[    2.428554] IPI shorthand broadcast: enabled
[    2.449958] sched_clock: Marking stable (2444001407, 5289530)->(2464125058, -14834121)
[    2.451358] registered taskstats version 1
[    2.466312] PM:   Magic number: 12:146:488
[    2.466913] printk: legacy console [netcon0] enabled
[    2.467561] netconsole: network logging started
[    2.468307] ALSA device list:
[    2.468691]   No soundcards found.
[    2.554443] ata2: found unknown device (class 0)
[    2.555521] ata2.00: ATAPI: QEMU DVD-ROM, 2.5+, max UDMA/100
[    2.557266] scsi 1:0:0:0: CD-ROM            QEMU     QEMU DVD-ROM     2.5+ PQ: 0 ANSI: 5
[    2.566204] scsi 1:0:0:0: Attached scsi generic sg0 type 5
[    2.567119] md: Skipping autodetection of RAID arrays. (raid=autodetect will force)
[    2.568063] 9pnet_virtio: no channels available for device 
[    2.569526] VFS: Mounted root (9p filesystem) readonly on device 0:19.
[    2.570692] devtmpfs: mounted
[    2.575701] Freeing unused kernel image (initmem) memory: 5740K
[    2.580303] Write protecting the kernel read-only data: 53248k
[    2.581363] Freeing unused kernel image (rodata/data gap) memory: 680K
[    2.617235] x86/mm: Checked W+X mappings: passed, no W+X pages found.
[    2.618020] Run /usr/lib/python3.11/site-packages/virtme/guest/virtme-init as init process
[    2.664161] mount (266) used greatest stack depth: 26744 bytes left
[    2.797804] mount (284) used greatest stack depth: 26400 bytes left
[    2.942934] virtme-init: basic initialization done
[    2.950683] virtme-init: udevd not found
[    3.050449] virtme-init: Setting hostname to virtme-ng...
[    3.071753] ip (358) used greatest stack depth: 25192 bytes left
          _      _                                    
   __   _(_)_ __| |_ _ __ ___   ___       _ __   __ _ 
   \ \ / / |  __| __|  _   _ \ / _ \_____|  _ \ / _  |
    \ V /| | |  | |_| | | | | |  __/_____| | | | (_| |
     \_/ |_|_|   \__|_| |_| |_|\___|     |_| |_|\__  |
                                                |___/ 
   kernel version: 6.8.0-rc4-virtme x86_64

virtme-ng:/nipa-data/kernel# PS1='xx__-> '
xx__-> env
PWD=/nipa-data/kernel
HOME=/
TERM=xterm
SHLVL=2
XDG_RUNTIME_DIR=/run/user/0
PATH=/bin:/sbin:/usr/bin:/usr/sbin:/usr/local/bin
OLDPWD=/
_=/usr/bin/env
xx__-> 