No EFI environment detected.
early console in extract_kernel
input_data: 0x0000000004cbf2c4
input_len: 0x000000000188a0e8
output: 0x0000000001000000
output_len: 0x00000000054d390c
kernel_total_size: 0x0000000005030000
needed_size: 0x0000000005600000
trampoline_32bit: 0x000000000009d000
Physical KASLR using RDRAND RDTSC...
Virtual KASLR using RDRAND RDTSC...

Decompressing Linux... Parsing ELF... Performing relocations... done.
Booting the kernel (entry_offset: 0x0000000000000000).
[    0.000000] Linux version 6.10.0-virtme (root@18a98092e285) (gcc (Ubuntu 13.2.0-23ubuntu4) 13.2.0, GNU ld (GNU Binutils for Ubuntu) 2.42) #1 SMP PREEMPT_DYNAMIC Tue Jul 23 09:27:57 UTC 2024
[    0.000000] Command line: virtme_hostname=virtme-ng nr_open=1048576 virtme_link_mods=/nipa-data/kernel/.virtme_mods/lib/modules/0.0.0 virtme_initmount0=nipa-data/kernel virtme_rw_overlay0=/etc virtme_rw_overlay1=/lib virtme_rw_overlay2=/home virtme_rw_overlay3=/opt virtme_rw_overlay4=/srv virtme_rw_overlay5=/usr virtme_rw_overlay6=/var console=hvc0 earlyprintk=serial,ttyS0,115200 virtme_console=ttyS0 psmouse.proto=exps TERM=xterm virtme_chdir=nipa-data/kernel virtme_root_user=1 rootfstype=9p rootflags=version=9p2000.L,trans=virtio,access=any raid=noautodetect ro init=/usr/lib/python3/dist-packages/virtme/guest/virtme-init
[    0.000000] x86/split lock detection: #DB: warning on user-space bus_locks
[    0.000000] BIOS-provided physical RAM map:
[    0.000000] BIOS-e820: [mem 0x0000000000000000-0x000000000009fbff] usable
[    0.000000] BIOS-e820: [mem 0x000000000009fc00-0x000000000009ffff] reserved
[    0.000000] BIOS-e820: [mem 0x00000000000f0000-0x00000000000fffff] reserved
[    0.000000] BIOS-e820: [mem 0x0000000000100000-0x000000003ffdffff] usable
[    0.000000] BIOS-e820: [mem 0x000000003ffe0000-0x000000003fffffff] reserved
[    0.000000] BIOS-e820: [mem 0x00000000feffc000-0x00000000feffffff] reserved
[    0.000000] BIOS-e820: [mem 0x00000000fffc0000-0x00000000ffffffff] reserved
[    0.000000] printk: legacy bootconsole [earlyser0] enabled
[    0.000000] NX (Execute Disable) protection: active
[    0.000000] APIC: Static calls initialized
[    0.000000] SMBIOS 3.0.0 present.
[    0.000000] DMI: QEMU Ubuntu 24.04 PC (i440FX + PIIX, 1996), BIOS 1.16.3-debian-1.16.3-2 04/01/2014
[    0.000000] DMI: Memory slots populated: 1/1
[    0.000000] Hypervisor detected: KVM
[    0.000000] kvm-clock: Using msrs 4b564d01 and 4b564d00
[    0.000001] kvm-clock: using sched offset of 1256933235 cycles
[    0.000770] clocksource: kvm-clock: mask: 0xffffffffffffffff max_cycles: 0x1cd42e4dffb, max_idle_ns: 881590591483 ns
[    0.003182] tsc: Detected 2000.000 MHz processor
[    0.004478] last_pfn = 0x3ffe0 max_arch_pfn = 0x10000000000
[    0.005357] MTRR map: 4 entries (3 fixed + 1 variable; max 19), built from 8 variable MTRRs
[    0.006589] x86/PAT: Configuration [0-7]: WB  WC  UC- UC  WB  WP  UC- WT  
[    0.016186] found SMP MP-table at [mem 0x000f5470-0x000f547f]
[    0.017045] Using GB pages for direct mapping
[    0.018171] ACPI: Early table checksum verification disabled
[    0.019006] ACPI: RSDP 0x00000000000F5290 000014 (v00 BOCHS )
[    0.019853] ACPI: RSDT 0x000000003FFE308E 000034 (v01 BOCHS  BXPC     00000001 BXPC 00000001)
[    0.021110] ACPI: FACP 0x000000003FFE2D8A 000074 (v01 BOCHS  BXPC     00000001 BXPC 00000001)
[    0.022367] ACPI: DSDT 0x000000003FFE0040 002D4A (v01 BOCHS  BXPC     00000001 BXPC 00000001)
[    0.023624] ACPI: FACS 0x000000003FFE0000 000040
[    0.024305] ACPI: APIC 0x000000003FFE2DFE 000230 (v03 BOCHS  BXPC     00000001 BXPC 00000001)
[    0.025556] ACPI: HPET 0x000000003FFE302E 000038 (v01 BOCHS  BXPC     00000001 BXPC 00000001)
[    0.026812] ACPI: WAET 0x000000003FFE3066 000028 (v01 BOCHS  BXPC     00000001 BXPC 00000001)
[    0.028061] ACPI: Reserving FACP table memory at [mem 0x3ffe2d8a-0x3ffe2dfd]
[    0.029092] ACPI: Reserving DSDT table memory at [mem 0x3ffe0040-0x3ffe2d89]
[    0.030122] ACPI: Reserving FACS table memory at [mem 0x3ffe0000-0x3ffe003f]
[    0.031156] ACPI: Reserving APIC table memory at [mem 0x3ffe2dfe-0x3ffe302d]
[    0.032196] ACPI: Reserving HPET table memory at [mem 0x3ffe302e-0x3ffe3065]
[    0.033225] ACPI: Reserving WAET table memory at [mem 0x3ffe3066-0x3ffe308d]
[    0.034768] No NUMA configuration found
[    0.035330] Faking a node at [mem 0x0000000000000000-0x000000003ffdffff]
[    0.036312] NODE_DATA(0) allocated [mem 0x3ffdb000-0x3ffdffff]
[    0.037322] Zone ranges:
[    0.037694]   DMA      [mem 0x0000000000001000-0x0000000000ffffff]
[    0.038599]   DMA32    [mem 0x0000000001000000-0x000000003ffdffff]
[    0.039511]   Normal   empty
[    0.039934]   Device   empty
[    0.040358] Movable zone start for each node
[    0.040982] Early memory node ranges
[    0.041508]   node   0: [mem 0x0000000000001000-0x000000000009efff]
[    0.042425]   node   0: [mem 0x0000000000100000-0x000000003ffdffff]
[    0.043348] Initmem setup node 0 [mem 0x0000000000001000-0x000000003ffdffff]
[    0.044386] On node 0, zone DMA: 1 pages in unavailable ranges
[    0.045341] On node 0, zone DMA: 97 pages in unavailable ranges
[    0.054945] On node 0, zone DMA32: 32 pages in unavailable ranges
[    0.089164] kasan: KernelAddressSanitizer initialized
[    0.090469] ACPI: PM-Timer IO Port: 0x608
[    0.091096] ACPI: LAPIC_NMI (acpi_id[0xff] dfl dfl lint[0x1])
[    0.091997] IOAPIC[0]: apic_id 0, version 17, address 0xfec00000, GSI 0-23
[    0.093005] ACPI: INT_SRC_OVR (bus 0 bus_irq 0 global_irq 2 dfl dfl)
[    0.093946] ACPI: INT_SRC_OVR (bus 0 bus_irq 5 global_irq 5 high level)
[    0.094923] ACPI: INT_SRC_OVR (bus 0 bus_irq 9 global_irq 9 high level)
[    0.095889] ACPI: INT_SRC_OVR (bus 0 bus_irq 10 global_irq 10 high level)
[    0.096886] ACPI: INT_SRC_OVR (bus 0 bus_irq 11 global_irq 11 high level)
[    0.097883] ACPI: Using ACPI (MADT) for SMP configuration information
[    0.098830] ACPI: HPET id: 0x8086a201 base: 0xfed00000
[    0.099582] TSC deadline timer available
[    0.100159] CPU topo: Max. logical packages:   1
[    0.100833] CPU topo: Max. logical dies:       1
[    0.101507] CPU topo: Max. dies per package:   1
[    0.102185] CPU topo: Max. threads per core:   1
[    0.102953] CPU topo: Num. cores per package:    56
[    0.103665] CPU topo: Num. threads per package:  56
[    0.104377] CPU topo: Allowing 56 present CPUs plus 0 hotplug CPUs
[    0.105312] kvm-guest: APIC: eoi() replaced with kvm_guest_apic_eoi_write()
[    0.106351] kvm-guest: KVM setup pv remote TLB flush
[    0.107090] kvm-guest: setup PV sched yield
[    0.107712] PM: hibernation: Registered nosave memory: [mem 0x00000000-0x00000fff]
[    0.108820] PM: hibernation: Registered nosave memory: [mem 0x0009f000-0x0009ffff]
[    0.109925] PM: hibernation: Registered nosave memory: [mem 0x000a0000-0x000effff]
[    0.111036] PM: hibernation: Registered nosave memory: [mem 0x000f0000-0x000fffff]
[    0.112142] [mem 0x40000000-0xfeffbfff] available for PCI devices
[    0.113033] Booting paravirtualized kernel on KVM
[    0.113722] clocksource: refined-jiffies: mask: 0xffffffff max_cycles: 0xffffffff, max_idle_ns: 1910969940391419 ns
[    0.136346] setup_percpu: NR_CPUS:64 nr_cpumask_bits:56 nr_cpu_ids:56 nr_node_ids:1
[    0.146978] percpu: Embedded 70 pages/cpu s248408 r8192 d30120 u524288
[    0.148152] Kernel command line: virtme_hostname=virtme-ng nr_open=1048576 virtme_link_mods=/nipa-data/kernel/.virtme_mods/lib/modules/0.0.0 virtme_initmount0=nipa-data/kernel virtme_rw_overlay0=/etc virtme_rw_overlay1=/lib virtme_rw_overlay2=/home virtme_rw_overlay3=/opt virtme_rw_overlay4=/srv virtme_rw_overlay5=/usr virtme_rw_overlay6=/var console=hvc0 earlyprintk=serial,ttyS0,115200 virtme_console=ttyS0 psmouse.proto=exps TERM=xterm virtme_chdir=nipa-data/kernel virtme_root_user=1 rootfstype=9p rootflags=version=9p2000.L,trans=virtio,access=any raid=noautodetect ro init=/usr/lib/python3/dist-packages/virtme/guest/virtme-init
[    0.156744] Unknown kernel command line parameters "virtme_hostname=virtme-ng nr_open=1048576 virtme_link_mods=/nipa-data/kernel/.virtme_mods/lib/modules/0.0.0 virtme_initmount0=nipa-data/kernel virtme_rw_overlay0=/etc virtme_rw_overlay1=/lib virtme_rw_overlay2=/home virtme_rw_overlay3=/opt virtme_rw_overlay4=/srv virtme_rw_overlay5=/usr virtme_rw_overlay6=/var virtme_console=ttyS0 virtme_chdir=nipa-data/kernel virtme_root_user=1", will be passed to user space.
[    0.162825] random: crng init done
[    0.163337] printk: log_buf_len individual max cpu contribution: 4096 bytes
[    0.164369] printk: log_buf_len total cpu_extra contributions: 225280 bytes
[    0.165402] printk: log_buf_len min size: 262144 bytes
[    0.167025] printk: log_buf_len: 524288 bytes
[    0.167701] printk: early log buf free: 253864(96%)
[    0.168891] Dentry cache hash table entries: 131072 (order: 8, 1048576 bytes, linear)
[    0.170131] Inode-cache hash table entries: 65536 (order: 7, 524288 bytes, linear)
[    0.173913] Fallback order for Node 0: 0 
[    0.173930] Built 1 zonelists, mobility grouping on.  Total pages: 262014
[    0.175491] Policy zone: DMA32
[    0.175927] mem auto-init: stack:all(zero), heap alloc:off, heap free:off
[    0.176889] stackdepot: allocating hash table via alloc_large_system_hash
[    0.177854] stackdepot hash table entries: 1048576 (order: 12, 16777216 bytes, linear)
[    0.202092] Memory: 767472K/1048056K available (45056K kernel code, 11276K rwdata, 9904K rodata, 5944K init, 2008K bss, 280384K reserved, 0K cma-reserved)
[    0.204539] SLUB: HWalign=64, Order=0-3, MinObjects=0, CPUs=56, Nodes=1
Poking KASLR using RDRAND RDTSC...
[    0.206057] ftrace: allocating 48227 entries in 189 pages
[    0.225619] ftrace: allocated 189 pages with 6 groups
[    0.228306] Dynamic Preempt: voluntary
[    0.230876] rcu: Preemptible hierarchical RCU implementation.
[    0.231698] rcu: RCU event tracing is enabled.
[    0.232340] rcu: RCU restricting CPUs from NR_CPUS=64 to nr_cpu_ids=56.
[    0.233291] Trampoline variant of Tasks RCU enabled.
[    0.234004] Rude variant of Tasks RCU enabled.
[    0.234647] Tracing variant of Tasks RCU enabled.
[    0.235324] rcu: RCU calculated value of scheduler-enlistment delay is 100 jiffies.
[    0.236404] rcu: Adjusting geometry for rcu_fanout_leaf=16, nr_cpu_ids=56
[    0.237661] RCU Tasks: Setting shift to 6 and lim to 1 rcu_task_cb_adjust=1.
[    0.238664] RCU Tasks Rude: Setting shift to 6 and lim to 1 rcu_task_cb_adjust=1.
[    0.239724] RCU Tasks Trace: Setting shift to 6 and lim to 1 rcu_task_cb_adjust=1.
[    0.260903] NR_IRQS: 4352, nr_irqs: 872, preallocated irqs: 16
[    0.262272] rcu: srcu_init: Setting srcu_struct sizes based on contention.
[    0.263726] Console: colour *CGA 80x25
[    0.264368] ACPI: Core revision 20240322
[    0.265289] clocksource: hpet: mask: 0xffffffff max_cycles: 0xffffffff, max_idle_ns: 19112604467 ns
[    0.266723] APIC: Switch to symmetric I/O mode setup
[    0.267621] APIC: Switched APIC routing to: physical flat
[    0.268791] kvm-guest: APIC: send_IPI_mask() replaced with kvm_send_ipi_mask()
[    0.269874] kvm-guest: APIC: send_IPI_mask_allbutself() replaced with kvm_send_ipi_mask_allbutself()
[    0.271309] kvm-guest: setup PV IPIs
[    0.273584] ..TIMER: vector=0x30 apic1=0 pin1=2 apic2=-1 pin2=-1
[    0.275254] clocksource: tsc-early: mask: 0xffffffffffffffff max_cycles: 0x39a85c9bff6, max_idle_ns: 881590591483 ns
[    0.278373] Calibrating delay loop (skipped) preset value.. 4000.00 BogoMIPS (lpj=2000000)
[    0.279605] x86/cpu: User Mode Instruction Prevention (UMIP) activated
[    0.280523] Last level iTLB entries: 4KB 0, 2MB 0, 4MB 0
[    0.281365] Last level dTLB entries: 4KB 0, 2MB 0, 4MB 0, 1GB 0
[    0.282388] Spectre V1 : Mitigation: usercopy/swapgs barriers and __user pointer sanitization
[    0.283374] Spectre V2 : Spectre BHI mitigation: SW BHB clearing on syscall and VM exit
[    0.284365] Spectre V2 : Mitigation: Enhanced / Automatic IBRS
[    0.285365] Spectre V2 : Spectre v2 / SpectreRSB mitigation: Filling RSB on context switch
[    0.286365] Spectre V2 : Spectre v2 / PBRSB-eIBRS: Retire a single CALL on VMEXIT
[    0.287368] Spectre V2 : mitigation: Enabling conditional Indirect Branch Prediction Barrier
[    0.288369] Speculative Store Bypass: Mitigation: Speculative Store Bypass disabled via prctl
[    0.289366] TAA: Mitigation: TSX disabled
[    0.290451] x86/fpu: Supporting XSAVE feature 0x001: 'x87 floating point registers'
[    0.291365] x86/fpu: Supporting XSAVE feature 0x002: 'SSE registers'
[    0.292365] x86/fpu: Supporting XSAVE feature 0x004: 'AVX registers'
[    0.293365] x86/fpu: Supporting XSAVE feature 0x020: 'AVX-512 opmask'
[    0.294365] x86/fpu: Supporting XSAVE feature 0x040: 'AVX-512 Hi256'
[    0.295365] x86/fpu: Supporting XSAVE feature 0x080: 'AVX-512 ZMM_Hi256'
[    0.296365] x86/fpu: Supporting XSAVE feature 0x200: 'Protection Keys User registers'
[    0.297365] x86/fpu: Supporting XSAVE feature 0x20000: 'AMX Tile config'
[    0.298365] x86/fpu: Supporting XSAVE feature 0x40000: 'AMX Tile data'
[    0.299365] x86/fpu: xstate_offset[2]:  576, xstate_sizes[2]:  256
[    0.300365] x86/fpu: xstate_offset[5]:  832, xstate_sizes[5]:   64
[    0.301365] x86/fpu: xstate_offset[6]:  896, xstate_sizes[6]:  512
[    0.302365] x86/fpu: xstate_offset[7]: 1408, xstate_sizes[7]: 1024
[    0.303365] x86/fpu: xstate_offset[9]: 2432, xstate_sizes[9]:    8
[    0.304365] x86/fpu: xstate_offset[17]: 2496, xstate_sizes[17]:   64
[    0.305365] x86/fpu: xstate_offset[18]: 2560, xstate_sizes[18]: 8192
[    0.306365] x86/fpu: Enabled xstate features 0x602e7, context size is 10752 bytes, using 'compacted' format.
[    0.351797] Freeing SMP alternatives memory: 40K
[    0.352366] pid_max: default: 57344 minimum: 448
[    0.353650] Mount-cache hash table entries: 2048 (order: 2, 16384 bytes, linear)
[    0.354368] Mountpoint-cache hash table entries: 2048 (order: 2, 16384 bytes, linear)
[    0.356630] smpboot: CPU0: Intel(R) Xeon(R) Platinum 8480+ (family: 0x6, model: 0x8f, stepping: 0x6)
[    0.358150] Performance Events: PEBS fmt0-, Sapphire Rapids events, full-width counters, Intel PMU driver.
[    0.358371] ... version:                2
[    0.359186] ... bit width:              48
[    0.359367] ... generic registers:      8
[    0.360183] ... value mask:             0000ffffffffffff
[    0.360367] ... max period:             00007fffffffffff
[    0.361367] ... fixed-purpose events:   3
[    0.362172] ... event mask:             00000007000000ff
[    0.362710] signal: max sigframe size: 11952
[    0.363438] rcu: Hierarchical SRCU implementation.
[    0.364368] rcu: Max phase no-delay instances is 400.
[    0.368089] smp: Bringing up secondary CPUs ...
[    0.368666] smpboot: x86: Booting SMP configuration:
[    0.369373] .... node  #0, CPUs:        #1  #2  #3  #4  #5  #6  #7  #8  #9 #10 #11 #12 #13 #14 #15 #16 #17 #18 #19 #20 #21 #22 #23 #24 #25 #26 #27 #28 #29 #30 #31 #32 #33 #34 #35 #36 #37 #38 #39 #40 #41 #42 #43 #44 #45 #46 #47 #48 #49 #50 #51 #52 #53 #54 #55
[    0.435009] smp: Brought up 1 node, 56 CPUs
[    0.436286] smpboot: Total of 56 processors activated (224000.00 BogoMIPS)
[    0.451520] devtmpfs: initialized
[    0.452641] x86/mm: Memory block size: 128MB
[    0.462771] clocksource: jiffies: mask: 0xffffffff max_cycles: 0xffffffff, max_idle_ns: 1911260446275000 ns
[    0.463390] futex hash table entries: 16384 (order: 8, 1048576 bytes, linear)
[    0.465369] PM: RTC time: 09:28:42, date: 2024-07-23
[    0.469568] NET: Registered PF_NETLINK/PF_ROUTE protocol family
[    0.471542] thermal_sys: Registered thermal governor 'step_wise'
[    0.471547] thermal_sys: Registered thermal governor 'user_space'
[    0.472443] cpuidle: using governor menu
[    0.477038] PCI: Using configuration type 1 for base access
[    0.477548] kprobes: kprobe jump-optimization is enabled. All kprobes are optimized if possible.
[    0.524713] HugeTLB: registered 1.00 GiB page size, pre-allocated 0 pages
[    0.526375] HugeTLB: 16380 KiB vmemmap can be freed for a 1.00 GiB page
[    0.528369] HugeTLB: registered 2.00 MiB page size, pre-allocated 0 pages
[    0.529367] HugeTLB: 28 KiB vmemmap can be freed for a 2.00 MiB page
[    0.531391] Demotion targets for Node 0: null
[    0.533782] ACPI: Added _OSI(Module Device)
[    0.534368] ACPI: Added _OSI(Processor Device)
[    0.535329] ACPI: Added _OSI(3.0 _SCP Extensions)
[    0.536368] ACPI: Added _OSI(Processor Aggregator Device)
[    0.566404] ACPI: 1 ACPI AML tables successfully acquired and loaded
[    0.576364] ACPI: Interpreter enabled
[    0.577446] ACPI: PM: (supports S0 S3 S4 S5)
[    0.578332] ACPI: Using IOAPIC for interrupt routing
[    0.579437] PCI: Using host bridge windows from ACPI; if necessary, use "pci=nocrs" and report a bug
[    0.581369] PCI: Using E820 reservations for host bridge windows
[    0.583821] ACPI: Enabled 2 GPEs in block 00 to 0F
[    0.647010] ACPI: PCI Root Bridge [PCI0] (domain 0000 [bus 00-ff])
[    0.648385] acpi PNP0A03:00: _OSC: OS supports [ASPM ClockPM Segments MSI HPX-Type3]
[    0.649369] acpi PNP0A03:00: _OSC: not requesting OS control; OS requires [ExtendedConfig ASPM ClockPM MSI]
[    0.651500] acpi PNP0A03:00: fail to add MMCONFIG information, can't access extended configuration space under this bridge
[    0.653810] PCI host bridge to bus 0000:00
[    0.654371] pci_bus 0000:00: root bus resource [io  0x0000-0x0cf7 window]
[    0.655370] pci_bus 0000:00: root bus resource [io  0x0d00-0xffff window]
[    0.657370] pci_bus 0000:00: root bus resource [mem 0x000a0000-0x000bffff window]
[    0.658370] pci_bus 0000:00: root bus resource [mem 0x40000000-0xfebfffff window]
[    0.659370] pci_bus 0000:00: root bus resource [mem 0x100000000-0x17fffffff window]
[    0.661371] pci_bus 0000:00: root bus resource [bus 00-ff]
[    0.662496] pci 0000:00:00.0: [8086:1237] type 00 class 0x060000 conventional PCI endpoint
[    0.664606] pci 0000:00:01.0: [8086:7000] type 00 class 0x060100 conventional PCI endpoint
[    0.667738] pci 0000:00:01.1: [8086:7010] type 00 class 0x010180 conventional PCI endpoint
[    0.671364] pci 0000:00:01.1: BAR 4 [io  0xc0c0-0xc0cf]
[    0.674723] pci 0000:00:01.1: BAR 0 [io  0x01f0-0x01f7]: legacy IDE quirk
[    0.675368] pci 0000:00:01.1: BAR 1 [io  0x03f6]: legacy IDE quirk
[    0.676367] pci 0000:00:01.1: BAR 2 [io  0x0170-0x0177]: legacy IDE quirk
[    0.678367] pci 0000:00:01.1: BAR 3 [io  0x0376]: legacy IDE quirk
[    0.681373] pci 0000:00:01.3: [8086:7113] type 00 class 0x068000 conventional PCI endpoint
[    0.682974] pci 0000:00:01.3: quirk: [io  0x0600-0x063f] claimed by PIIX4 ACPI
[    0.684377] pci 0000:00:01.3: quirk: [io  0x0700-0x070f] claimed by PIIX4 SMB
[    0.686386] pci 0000:00:02.0: [1af4:1009] type 00 class 0x000200 conventional PCI endpoint
[    0.690123] pci 0000:00:02.0: BAR 0 [io  0xc000-0xc03f]
[    0.692370] pci 0000:00:02.0: BAR 1 [mem 0xfebfc000-0xfebfcfff]
[    0.698371] pci 0000:00:02.0: BAR 4 [mem 0xfebf0000-0xfebf3fff 64bit pref]
[    0.712648] pci 0000:00:03.0: [1af4:1009] type 00 class 0x000200 conventional PCI endpoint
[    0.715370] pci 0000:00:03.0: BAR 0 [io  0xc040-0xc07f]
[    0.717837] pci 0000:00:03.0: BAR 1 [mem 0xfebfd000-0xfebfdfff]
[    0.721372] pci 0000:00:03.0: BAR 4 [mem 0xfebf4000-0xfebf7fff 64bit pref]
[    0.735857] pci 0000:00:04.0: [8086:25ab] type 00 class 0x088000 conventional PCI endpoint
[    0.738378] pci 0000:00:04.0: BAR 0 [mem 0xfebfe000-0xfebfe00f]
[    0.753915] pci 0000:00:05.0: [1af4:1003] type 00 class 0x078000 conventional PCI endpoint
[    0.756370] pci 0000:00:05.0: BAR 0 [io  0xc080-0xc0bf]
[    0.758353] pci 0000:00:05.0: BAR 1 [mem 0xfebff000-0xfebfffff]
[    0.763371] pci 0000:00:05.0: BAR 4 [mem 0xfebf8000-0xfebfbfff 64bit pref]
[    0.780760] ACPI: PCI: Interrupt link LNKA configured for IRQ 10
[    0.783120] ACPI: PCI: Interrupt link LNKB configured for IRQ 10
[    0.785417] ACPI: PCI: Interrupt link LNKC configured for IRQ 11
[    0.787424] ACPI: PCI: Interrupt link LNKD configured for IRQ 11
[    0.788806] ACPI: PCI: Interrupt link LNKS configured for IRQ 9
[    0.821109] iommu: Default domain type: Translated
[    0.822368] iommu: DMA domain TLB invalidation policy: lazy mode
[    0.823941] SCSI subsystem initialized
[    0.825651] pps_core: LinuxPPS API ver. 1 registered
[    0.826370] pps_core: Software ver. 5.3.6 - Copyright 2005-2007 Rodolfo Giometti <giometti@linux.it>
[    0.827384] PTP clock support registered
[    0.829630] Advanced Linux Sound Architecture Driver Initialized.
[    0.832681] NET: Registered PF_ATMPVC protocol family
[    0.833368] NET: Registered PF_ATMSVC protocol family
[    0.834396] PCI: Using ACPI for IRQ routing
[    0.836406] vgaarb: loaded
[    0.837577] hpet0: at MMIO 0xfed00000, IRQs 2, 8, 0
[    0.838367] hpet0: 3 comparators, 64-bit 100.000000 MHz counter
[    0.843868] clocksource: Switched to clocksource kvm-clock
[    0.845786] VFS: Disk quotas dquot_6.6.0
[    0.846627] VFS: Dquot-cache hash table entries: 512 (order 0, 4096 bytes)
[    0.852285] pnp: PnP ACPI init
[    0.858051] pnp: PnP ACPI: found 5 devices
[    0.885978] clocksource: acpi_pm: mask: 0xffffff max_cycles: 0xffffff, max_idle_ns: 2085701024 ns
[    0.888156] NET: Registered PF_INET protocol family
[    0.889286] IP idents hash table entries: 16384 (order: 5, 131072 bytes, linear)
[    0.891560] tcp_listen_portaddr_hash hash table entries: 512 (order: 1, 8192 bytes, linear)
[    0.893275] Table-perturb hash table entries: 65536 (order: 6, 262144 bytes, linear)
[    0.894873] TCP established hash table entries: 8192 (order: 4, 65536 bytes, linear)
[    0.896462] TCP bind hash table entries: 8192 (order: 6, 262144 bytes, linear)
[    0.897945] TCP: Hash tables configured (established 8192 bind 8192)
[    0.899552] UDP hash table entries: 512 (order: 2, 16384 bytes, linear)
[    0.900900] UDP-Lite hash table entries: 512 (order: 2, 16384 bytes, linear)
[    0.902716] NET: Registered PF_UNIX/PF_LOCAL protocol family
[    0.903899] pci_bus 0000:00: resource 4 [io  0x0000-0x0cf7 window]
[    0.905154] pci_bus 0000:00: resource 5 [io  0x0d00-0xffff window]
[    0.906394] pci_bus 0000:00: resource 6 [mem 0x000a0000-0x000bffff window]
[    0.907776] pci_bus 0000:00: resource 7 [mem 0x40000000-0xfebfffff window]
[    0.909159] pci_bus 0000:00: resource 8 [mem 0x100000000-0x17fffffff window]
[    0.910811] pci 0000:00:01.0: PIIX3: Enabling Passive Release
[    0.911981] pci 0000:00:00.0: Limiting direct PCI/PCI transfers
[    0.913271] PCI: CLS 0 bytes, default 64
[    0.931916] RAPL PMU: API unit is 2^-32 Joules, 1 fixed counters, 10737418240 ms ovfl timer
[    0.933899] RAPL PMU: hw unit of domain psys 2^-0 Joules
[    1.281516] kwatchdog (374) used greatest stack depth: 30696 bytes left
[    1.498281] kvm_amd: CPU 26 isn't AMD or Hygon
[    1.499218] clocksource: tsc: mask: 0xffffffffffffffff max_cycles: 0x39a85c9bff6, max_idle_ns: 881590591483 ns
[    1.647052] Initialise system trusted keyrings
[    1.648748] workingset: timestamp_bits=56 max_order=18 bucket_order=0
[    1.650289] squashfs: version 4.0 (2009/01/31) Phillip Lougher
[    1.651511] fuse: init (API version 7.40)
[    1.652653] 9p: Installing v9fs 9p2000 file system support
[    1.672581] Key type asymmetric registered
[    1.673411] Asymmetric key parser 'x509' registered
[    1.674472] Block layer SCSI generic (bsg) driver version 0.4 loaded (major 249)
[    1.675999] io scheduler mq-deadline registered
[    1.676919] io scheduler kyber registered
[    1.697748] input: Power Button as /devices/LNXSYSTM:00/LNXPWRBN:00/input/input0
[    1.700246] ACPI: button: Power Button [PWRF]
[    1.704523] Warning: Processor Platform Limit event detected, but not handled.
[    1.707899] Consider compiling CPUfreq support into your kernel.
[    2.625254] ACPI: \_SB_.LNKB: Enabled at IRQ 10
[    3.502890] ACPI: \_SB_.LNKC: Enabled at IRQ 11
[    4.380545] ACPI: \_SB_.LNKA: Enabled at IRQ 10
[    4.383406] Serial: 8250/16550 driver, 4 ports, IRQ sharing enabled
[    4.385167] 00:03: ttyS0 at I/O 0x3f8 (irq = 4, base_baud = 115200) is a 16550A
[    4.419681] Non-volatile memory driver v1.3
[    4.420690] Linux agpgart interface v0.103
[    4.422158] ACPI: bus type drm_connector registered
[    4.423689] printk: legacy console [hvc0] enabled
[    4.424820] printk: legacy bootconsole [earlyser0] disabled
          _      _                                    
   __   _(_)_ __| |_ _ __ ___   ___       _ __   __ _ 
   \ \ / / |  __| __|  _   _ \ / _ \_____|  _ \ / _  |
    \ V /| | |  | |_| | | | | |  __/_____| | | | (_| |
     \_/ |_|_|   \__|_| |_| |_|\___|     |_| |_|\__  |
                                                |___/ 
   kernel version: 6.10.0-virtme x86_64
   (CTRL+d to exit)

root@virtme-ng:/nipa-data/kernel# PS1='xx__-> '
xx__-> env
PWD=/nipa-data/kernel
nr_open=1048576
HOME=/
TERM=xterm
SHLVL=2
XDG_RUNTIME_DIR=/run/user/0
PATH=/bin:/sbin:/usr/bin:/usr/sbin:/usr/local/bin
OLDPWD=/
_=/bin/env
xx__-> 