No EFI environment detected.
early console in extract_kernel
input_data: 0x0000000004c872c4
input_len: 0x00000000019767b8
output: 0x0000000001000000
output_len: 0x0000000005587734
kernel_total_size: 0x0000000005230000
needed_size: 0x0000000005600000
trampoline_32bit: 0x0000000000000000
Physical KASLR using RDRAND RDTSC...
Virtual KASLR using RDRAND RDTSC...

Decompressing Linux... Parsing ELF... Performing relocations... done.
Booting the kernel (entry_offset: 0x0000000002bc3f80).
[    0.000000] Linux version 6.15.0-rc3-virtme (root@08cc0764b5e1) (gcc (Ubuntu 13.3.0-6ubuntu2~24.04) 13.3.0, GNU ld (GNU Binutils for Ubuntu) 2.42) #1 SMP PREEMPT_DYNAMIC Sat Apr 26 21:26:53 UTC 2025
[    0.000000] Command line: virtme_hostname=virtme-ng nr_open=1048576 virtme_link_mods=/nipa-data/kernel/.virtme_mods/lib/modules/0.0.0 virtme_initmount0=nipa-data/kernel virtme_rw_overlay0=/etc virtme_rw_overlay1=/lib virtme_rw_overlay2=/home virtme_rw_overlay3=/opt virtme_rw_overlay4=/srv virtme_rw_overlay5=/usr virtme_rw_overlay6=/var console=hvc0 earlyprintk=serial,ttyS0,115200 virtme_console=ttyS0 psmouse.proto=exps TERM=xterm virtme_chdir=nipa-data/kernel virtme_root_user=1 rootfstype=9p rootflags=version=9p2000.L,trans=virtio,access=any raid=noautodetect ro init=/usr/lib/python3/dist-packages/virtme/guest/virtme-init
[    0.000000] BIOS-provided physical RAM map:
[    0.000000] BIOS-e820: [mem 0x0000000000000000-0x000000000009fbff] usable
[    0.000000] BIOS-e820: [mem 0x000000000009fc00-0x000000000009ffff] reserved
[    0.000000] BIOS-e820: [mem 0x00000000000f0000-0x00000000000fffff] reserved
[    0.000000] BIOS-e820: [mem 0x0000000000100000-0x000000003ffdffff] usable
[    0.000000] BIOS-e820: [mem 0x000000003ffe0000-0x000000003fffffff] reserved
[    0.000000] BIOS-e820: [mem 0x00000000feffc000-0x00000000feffffff] reserved
[    0.000000] BIOS-e820: [mem 0x00000000fffc0000-0x00000000ffffffff] reserved
[    0.000000] BIOS-e820: [mem 0x000000fd00000000-0x000000ffffffffff] reserved
[    0.000000] printk: legacy bootconsole [earlyser0] enabled
[    0.000000] NX (Execute Disable) protection: active
[    0.000000] APIC: Static calls initialized
[    0.000000] SMBIOS 3.0.0 present.
[    0.000000] DMI: QEMU Ubuntu 24.04 PC (i440FX + PIIX, 1996), BIOS 1.16.3-debian-1.16.3-2 04/01/2014
[    0.000000] DMI: Memory slots populated: 1/1
[    0.000000] Hypervisor detected: KVM
[    0.000000] kvm-clock: Using msrs 4b564d01 and 4b564d00
[    0.000000] kvm-clock: using sched offset of 323422737 cycles
[    0.000362] clocksource: kvm-clock: mask: 0xffffffffffffffff max_cycles: 0x1cd42e4dffb, max_idle_ns: 881590591483 ns
[    0.001477] tsc: Detected 4491.524 MHz processor
[    0.002125] last_pfn = 0x3ffe0 max_arch_pfn = 0x400000000
[    0.002518] MTRR map: 4 entries (3 fixed + 1 variable; max 19), built from 8 variable MTRRs
[    0.003091] x86/PAT: Configuration [0-7]: WB  WC  UC- UC  WB  WP  UC- WT  
[    0.004973] found SMP MP-table at [mem 0x000f5470-0x000f547f]
[    0.005372] Using GB pages for direct mapping
[    0.005821] ACPI: Early table checksum verification disabled
[    0.006211] ACPI: RSDP 0x00000000000F5290 000014 (v00 BOCHS )
[    0.006608] ACPI: RSDT 0x000000003FFE27BC 000034 (v01 BOCHS  BXPC     00000001 BXPC 00000001)
[    0.007198] ACPI: FACP 0x000000003FFE2578 000074 (v01 BOCHS  BXPC     00000001 BXPC 00000001)
[    0.007786] ACPI: DSDT 0x000000003FFE0040 002538 (v01 BOCHS  BXPC     00000001 BXPC 00000001)
[    0.008379] ACPI: FACS 0x000000003FFE0000 000040
[    0.008698] ACPI: APIC 0x000000003FFE25EC 000170 (v03 BOCHS  BXPC     00000001 BXPC 00000001)
[    0.009284] ACPI: HPET 0x000000003FFE275C 000038 (v01 BOCHS  BXPC     00000001 BXPC 00000001)
[    0.009870] ACPI: WAET 0x000000003FFE2794 000028 (v01 BOCHS  BXPC     00000001 BXPC 00000001)
[    0.010455] ACPI: Reserving FACP table memory at [mem 0x3ffe2578-0x3ffe25eb]
[    0.010938] ACPI: Reserving DSDT table memory at [mem 0x3ffe0040-0x3ffe2577]
[    0.011420] ACPI: Reserving FACS table memory at [mem 0x3ffe0000-0x3ffe003f]
[    0.011903] ACPI: Reserving APIC table memory at [mem 0x3ffe25ec-0x3ffe275b]
[    0.012388] ACPI: Reserving HPET table memory at [mem 0x3ffe275c-0x3ffe2793]
[    0.012868] ACPI: Reserving WAET table memory at [mem 0x3ffe2794-0x3ffe27bb]
[    0.013536] No NUMA configuration found
[    0.013800] Faking a node at [mem 0x0000000000000000-0x000000003ffdffff]
[    0.014261] NODE_DATA(0) allocated [mem 0x3ffdb600-0x3ffdffff]
[    0.014679] Zone ranges:
[    0.014852]   DMA      [mem 0x0000000000001000-0x0000000000ffffff]
[    0.015274]   DMA32    [mem 0x0000000001000000-0x000000003ffdffff]
[    0.015701]   Normal   empty
[    0.015899]   Device   empty
[    0.016099] Movable zone start for each node
[    0.016395] Early memory node ranges
[    0.016638]   node   0: [mem 0x0000000000001000-0x000000000009efff]
[    0.017064]   node   0: [mem 0x0000000000100000-0x000000003ffdffff]
[    0.017491] Initmem setup node 0 [mem 0x0000000000001000-0x000000003ffdffff]
[    0.017975] On node 0, zone DMA: 1 pages in unavailable ranges
[    0.018424] On node 0, zone DMA: 97 pages in unavailable ranges
[    0.022737] On node 0, zone DMA32: 32 pages in unavailable ranges
[    0.031619] kasan: KernelAddressSanitizer initialized
[    0.032198] ACPI: PM-Timer IO Port: 0x608
[    0.032486] ACPI: LAPIC_NMI (acpi_id[0xff] dfl dfl lint[0x1])
[    0.032903] IOAPIC[0]: apic_id 0, version 17, address 0xfec00000, GSI 0-23
[    0.033377] ACPI: INT_SRC_OVR (bus 0 bus_irq 0 global_irq 2 dfl dfl)
[    0.033813] ACPI: INT_SRC_OVR (bus 0 bus_irq 5 global_irq 5 high level)
[    0.034267] ACPI: INT_SRC_OVR (bus 0 bus_irq 9 global_irq 9 high level)
[    0.034720] ACPI: INT_SRC_OVR (bus 0 bus_irq 10 global_irq 10 high level)
[    0.035185] ACPI: INT_SRC_OVR (bus 0 bus_irq 11 global_irq 11 high level)
[    0.035651] ACPI: Using ACPI (MADT) for SMP configuration information
[    0.036114] ACPI: HPET id: 0x8086a201 base: 0xfed00000
[    0.036474] TSC deadline timer available
[    0.036746] CPU topo: Max. logical packages:   1
[    0.037061] CPU topo: Max. logical dies:       1
[    0.037377] CPU topo: Max. dies per package:   1
[    0.037694] CPU topo: Max. threads per core:   1
[    0.038011] CPU topo: Num. cores per package:    32
[    0.038344] CPU topo: Num. threads per package:  32
[    0.038679] CPU topo: Allowing 32 present CPUs plus 0 hotplug CPUs
[    0.039117] kvm-guest: APIC: eoi() replaced with kvm_guest_apic_eoi_write()
[    0.039606] kvm-guest: KVM setup pv remote TLB flush
[    0.039948] kvm-guest: setup PV sched yield
[    0.040248] PM: hibernation: Registered nosave memory: [mem 0x00000000-0x00000fff]
[    0.040770] PM: hibernation: Registered nosave memory: [mem 0x0009f000-0x000fffff]
[    0.041287] [mem 0x40000000-0xfeffbfff] available for PCI devices
[    0.041702] Booting paravirtualized kernel on KVM
[    0.042024] clocksource: refined-jiffies: mask: 0xffffffff max_cycles: 0xffffffff, max_idle_ns: 1910969940391419 ns
[    0.050532] setup_percpu: NR_CPUS:64 nr_cpumask_bits:32 nr_cpu_ids:32 nr_node_ids:1
[    0.052263] percpu: Embedded 65 pages/cpu s228056 r8192 d29992 u524288
[    0.052782] Kernel command line: virtme_hostname=virtme-ng nr_open=1048576 virtme_link_mods=/nipa-data/kernel/.virtme_mods/lib/modules/0.0.0 virtme_initmount0=nipa-data/kernel virtme_rw_overlay0=/etc virtme_rw_overlay1=/lib virtme_rw_overlay2=/home virtme_rw_overlay3=/opt virtme_rw_overlay4=/srv virtme_rw_overlay5=/usr virtme_rw_overlay6=/var console=hvc0 earlyprintk=serial,ttyS0,115200 virtme_console=ttyS0 psmouse.proto=exps TERM=xterm virtme_chdir=nipa-data/kernel virtme_root_user=1 rootfstype=9p rootflags=version=9p2000.L,trans=virtio,access=any raid=noautodetect ro init=/usr/lib/python3/dist-packages/virtme/guest/virtme-init
[    0.056830] Unknown kernel command line parameters "virtme_hostname=virtme-ng nr_open=1048576 virtme_link_mods=/nipa-data/kernel/.virtme_mods/lib/modules/0.0.0 virtme_initmount0=nipa-data/kernel virtme_rw_overlay0=/etc virtme_rw_overlay1=/lib virtme_rw_overlay2=/home virtme_rw_overlay3=/opt virtme_rw_overlay4=/srv virtme_rw_overlay5=/usr virtme_rw_overlay6=/var virtme_console=ttyS0 virtme_chdir=nipa-data/kernel virtme_root_user=1", will be passed to user space.
[    0.059895] random: crng init done
[    0.060137] printk: log buffer data + meta data: 262144 + 917504 = 1179648 bytes
[    0.060678] Dentry cache hash table entries: 131072 (order: 8, 1048576 bytes, linear)
[    0.061241] Inode-cache hash table entries: 65536 (order: 7, 524288 bytes, linear)
[    0.062164] Fallback order for Node 0: 0 
[    0.062168] Built 1 zonelists, mobility grouping on.  Total pages: 262014
[    0.062933] Policy zone: DMA32
[    0.063148] mem auto-init: stack:all(zero), heap alloc:off, heap free:off
[    0.063625] stackdepot: allocating hash table via alloc_large_system_hash
[    0.064107] stackdepot hash table entries: 1048576 (order: 12, 16777216 bytes, linear)
[    0.072047] SLUB: HWalign=64, Order=0-3, MinObjects=0, CPUs=32, Nodes=1
Poking KASLR using RDRAND RDTSC...
[    0.081143] ftrace: allocating 48935 entries in 192 pages
[    0.081522] ftrace: allocated 192 pages with 2 groups
[    0.082727] Dynamic Preempt: voluntary
[    0.083453] rcu: Preemptible hierarchical RCU implementation.
[    0.083854] rcu: RCU event tracing is enabled.
[    0.084174] rcu: RCU restricting CPUs from NR_CPUS=64 to nr_cpu_ids=32.
[    0.084647] Trampoline variant of Tasks RCU enabled.
[    0.085001] Rude variant of Tasks RCU enabled.
[    0.085319] Tracing variant of Tasks RCU enabled.
[    0.085655] rcu: RCU calculated value of scheduler-enlistment delay is 100 jiffies.
[    0.086192] rcu: Adjusting geometry for rcu_fanout_leaf=16, nr_cpu_ids=32
[    0.086739] RCU Tasks: Setting shift to 5 and lim to 1 rcu_task_cb_adjust=1 rcu_task_cpu_ids=32.
[    0.087356] RCU Tasks Rude: Setting shift to 5 and lim to 1 rcu_task_cb_adjust=1 rcu_task_cpu_ids=32.
[    0.088004] RCU Tasks Trace: Setting shift to 5 and lim to 1 rcu_task_cb_adjust=1 rcu_task_cpu_ids=32.
[    0.098025] NR_IRQS: 4352, nr_irqs: 680, preallocated irqs: 16
[    0.098685] rcu: srcu_init: Setting srcu_struct sizes based on contention.
[    0.099563] Console: colour *CGA 80x25
[    0.099856] ACPI: Core revision 20240827
[    0.100329] clocksource: hpet: mask: 0xffffffff max_cycles: 0xffffffff, max_idle_ns: 19112604467 ns
[    0.101038] APIC: Switch to symmetric I/O mode setup
[    0.101532] x2apic enabled
[    0.101903] APIC: Switched APIC routing to: physical x2apic
[    0.102293] kvm-guest: APIC: send_IPI_mask() replaced with kvm_send_ipi_mask()
[    0.102805] kvm-guest: APIC: send_IPI_mask_allbutself() replaced with kvm_send_ipi_mask_allbutself()
[    0.103427] kvm-guest: setup PV IPIs
[    0.104487] ..TIMER: vector=0x30 apic1=0 pin1=2 apic2=-1 pin2=-1
[    0.105249] clocksource: tsc-early: mask: 0xffffffffffffffff max_cycles: 0x40be215b5d9, max_idle_ns: 440795359804 ns
[    0.106555] Calibrating delay loop (skipped) preset value.. 8983.04 BogoMIPS (lpj=4491524)
[    0.107617] x86/cpu: User Mode Instruction Prevention (UMIP) activated
[    0.108609] Last level iTLB entries: 4KB 512, 2MB 255, 4MB 127
[    0.109553] Last level dTLB entries: 4KB 512, 2MB 255, 4MB 127, 1GB 0
[    0.110344] Spectre V1 : Mitigation: usercopy/swapgs barriers and __user pointer sanitization
[    0.111557] Spectre V2 : Mitigation: Enhanced / Automatic IBRS
[    0.112270] Spectre V2 : mitigation: Enabling conditional Indirect Branch Prediction Barrier
[    0.112555] Speculative Store Bypass: Mitigation: Speculative Store Bypass disabled via prctl
[    0.113553] Speculative Return Stack Overflow: IBPB-extending microcode not applied!
[    0.114553] Speculative Return Stack Overflow: WARNING: See https://kernel.org/doc/html/latest/admin-guide/hw-vuln/srso.html for mitigation options.
[    0.114555] Speculative Return Stack Overflow: Vulnerable: Safe RET, no microcode
[    0.116567] x86/fpu: Supporting XSAVE feature 0x001: 'x87 floating point registers'
[    0.117553] x86/fpu: Supporting XSAVE feature 0x002: 'SSE registers'
[    0.118553] x86/fpu: Supporting XSAVE feature 0x004: 'AVX registers'
[    0.119309] x86/fpu: Supporting XSAVE feature 0x020: 'AVX-512 opmask'
[    0.119553] x86/fpu: Supporting XSAVE feature 0x040: 'AVX-512 Hi256'
[    0.120553] x86/fpu: Supporting XSAVE feature 0x080: 'AVX-512 ZMM_Hi256'
[    0.121553] x86/fpu: Supporting XSAVE feature 0x200: 'Protection Keys User registers'
[    0.122553] x86/fpu: xstate_offset[2]:  576, xstate_sizes[2]:  256
[    0.123288] x86/fpu: xstate_offset[5]:  832, xstate_sizes[5]:   64
[    0.123553] x86/fpu: xstate_offset[6]:  896, xstate_sizes[6]:  512
[    0.124553] x86/fpu: xstate_offset[7]: 1408, xstate_sizes[7]: 1024
[    0.125553] x86/fpu: xstate_offset[9]: 2432, xstate_sizes[9]:    8
[    0.126287] x86/fpu: Enabled xstate features 0x2e7, context size is 2440 bytes, using 'compacted' format.
[    0.147657] Freeing SMP alternatives memory: 40K
[    0.148218] pid_max: default: 32768 minimum: 301
[    0.148676] Mount-cache hash table entries: 2048 (order: 2, 16384 bytes, linear)
[    0.149554] Mountpoint-cache hash table entries: 2048 (order: 2, 16384 bytes, linear)
[    0.151207] smpboot: CPU0: AMD Ryzen 9 7950X 16-Core Processor (family: 0x19, model: 0x61, stepping: 0x2)
[    0.151996] Performance Events: Fam17h+ core perfctr, AMD PMU driver.
[    0.152557] ... version:                0
[    0.153035] ... bit width:              48
[    0.153530] ... generic registers:      6
[    0.153555] ... value mask:             0000ffffffffffff
[    0.154188] ... max period:             00007fffffffffff
[    0.154555] ... fixed-purpose events:   0
[    0.155033] ... event mask:             000000000000003f
[    0.155703] signal: max sigframe size: 3376
[    0.156248] rcu: Hierarchical SRCU implementation.
[    0.156555] rcu: Max phase no-delay instances is 400.
[    0.157252] Timer migration: 2 hierarchy levels; 8 children per group; 2 crossnode level
[    0.161355] smp: Bringing up secondary CPUs ...
[    0.161740] smpboot: x86: Booting SMP configuration:
[    0.162333] .... node  #0, CPUs:        #1  #2  #3  #4  #5  #6  #7  #8  #9 #10 #11 #12 #13 #14 #15 #16 #17 #18 #19 #20 #21 #22 #23 #24 #25 #26 #27 #28 #29 #30 #31
[    0.191649] smp: Brought up 1 node, 32 CPUs
[    0.193063] smpboot: Total of 32 processors activated (287457.53 BogoMIPS)
[    0.196762] Memory: 761592K/1048056K available (44816K kernel code, 11587K rwdata, 10272K rodata, 6156K init, 1324K bss, 270680K reserved, 0K cma-reserved)
[    0.197683] devtmpfs: initialized
[    0.198579] x86/mm: Memory block size: 128MB
[    0.205582] clocksource: jiffies: mask: 0xffffffff max_cycles: 0xffffffff, max_idle_ns: 1911260446275000 ns
[    0.206558] posixtimers hash table entries: 16384 (order: 6, 262144 bytes, linear)
[    0.207499] futex hash table entries: 8192 (order: 7, 524288 bytes, linear)
[    0.207934] PM: RTC time: 21:27:15, date: 2025-04-26
[    0.209354] NET: Registered PF_NETLINK/PF_ROUTE protocol family
[    0.210447] thermal_sys: Registered thermal governor 'step_wise'
[    0.210477] cpuidle: using governor menu
[    0.212274] PCI: Using configuration type 1 for base access
[    0.212555] PCI: Using configuration type 1 for extended access
[    0.213427] kprobes: kprobe jump-optimization is enabled. All kprobes are optimized if possible.
[    0.226741] HugeTLB: allocation took 0ms with hugepage_allocation_threads=8
[    0.227584] HugeTLB: registered 1.00 GiB page size, pre-allocated 0 pages
[    0.228393] HugeTLB: 16380 KiB vmemmap can be freed for a 1.00 GiB page
[    0.228555] HugeTLB: registered 2.00 MiB page size, pre-allocated 0 pages
[    0.229364] HugeTLB: 28 KiB vmemmap can be freed for a 2.00 MiB page
[    0.230926] ACPI: Added _OSI(Module Device)
[    0.231556] ACPI: Added _OSI(Processor Device)
[    0.232085] ACPI: Added _OSI(3.0 _SCP Extensions)
[    0.232555] ACPI: Added _OSI(Processor Aggregator Device)
[    0.257783] ACPI: 1 ACPI AML tables successfully acquired and loaded
[    0.263555] ACPI: Interpreter enabled
[    0.264067] ACPI: PM: (supports S0 S3 S4 S5)
[    0.264555] ACPI: Using IOAPIC for interrupt routing
[    0.265203] PCI: Using host bridge windows from ACPI; if necessary, use "pci=nocrs" and report a bug
[    0.265555] PCI: Using E820 reservations for host bridge windows
[    0.267400] ACPI: Enabled 2 GPEs in block 00 to 0F
[    0.318607] ACPI: PCI Root Bridge [PCI0] (domain 0000 [bus 00-ff])
[    0.319376] acpi PNP0A03:00: _OSC: OS supports [ExtendedConfig ASPM ClockPM Segments MSI HPX-Type3]
[    0.321087] PCI host bridge to bus 0000:00
[    0.321612] pci_bus 0000:00: root bus resource [io  0x0000-0x0cf7 window]
[    0.322426] pci_bus 0000:00: root bus resource [io  0x0d00-0xffff window]
[    0.322558] pci_bus 0000:00: root bus resource [mem 0x000a0000-0x000bffff window]
[    0.323463] pci_bus 0000:00: root bus resource [mem 0x40000000-0xfebfffff window]
[    0.324558] pci_bus 0000:00: root bus resource [mem 0x100000000-0x17fffffff window]
[    0.325481] pci_bus 0000:00: root bus resource [bus 00-ff]
[    0.326644] pci 0000:00:00.0: [8086:1237] type 00 class 0x060000 conventional PCI endpoint
[    0.328465] pci 0000:00:01.0: [8086:7000] type 00 class 0x060100 conventional PCI endpoint
[    0.330450] pci 0000:00:01.1: [8086:7010] type 00 class 0x010180 conventional PCI endpoint
[    0.331999] pci 0000:00:01.1: BAR 4 [io  0xc0c0-0xc0cf]
[    0.332572] pci 0000:00:01.1: BAR 0 [io  0x01f0-0x01f7]: legacy IDE quirk
[    0.333383] pci 0000:00:01.1: BAR 1 [io  0x03f6]: legacy IDE quirk
[    0.333555] pci 0000:00:01.1: BAR 2 [io  0x0170-0x0177]: legacy IDE quirk
[    0.334372] pci 0000:00:01.1: BAR 3 [io  0x0376]: legacy IDE quirk
[    0.336268] pci 0000:00:01.3: [8086:7113] type 00 class 0x068000 conventional PCI endpoint
[    0.337765] pci 0000:00:01.3: quirk: [io  0x0600-0x063f] claimed by PIIX4 ACPI
[    0.338559] pci 0000:00:01.3: quirk: [io  0x0700-0x070f] claimed by PIIX4 SMB
[    0.340183] pci 0000:00:02.0: [1af4:1009] type 00 class 0x000200 conventional PCI endpoint
[    0.341559] pci 0000:00:02.0: BAR 0 [io  0xc000-0xc03f]
[    0.342198] pci 0000:00:02.0: BAR 1 [mem 0xfebfc000-0xfebfcfff]
[    0.343569] pci 0000:00:02.0: BAR 4 [mem 0xfebf0000-0xfebf3fff 64bit pref]
[    0.356525] pci 0000:00:03.0: [1af4:1009] type 00 class 0x000200 conventional PCI endpoint
[    0.358559] pci 0000:00:03.0: BAR 0 [io  0xc040-0xc07f]
[    0.359190] pci 0000:00:03.0: BAR 1 [mem 0xfebfd000-0xfebfdfff]
[    0.359568] pci 0000:00:03.0: BAR 4 [mem 0xfebf4000-0xfebf7fff 64bit pref]
[    0.372440] pci 0000:00:04.0: [8086:25ab] type 00 class 0x088000 conventional PCI endpoint
[    0.373899] pci 0000:00:04.0: BAR 0 [mem 0xfebfe000-0xfebfe00f]
[    0.386625] pci 0000:00:05.0: [1af4:1003] type 00 class 0x078000 conventional PCI endpoint
[    0.388284] pci 0000:00:05.0: BAR 0 [io  0xc080-0xc0bf]
[    0.388559] pci 0000:00:05.0: BAR 1 [mem 0xfebff000-0xfebfffff]
[    0.389289] pci 0000:00:05.0: BAR 4 [mem 0xfebf8000-0xfebfbfff 64bit pref]
[    0.405124] ACPI: PCI: Interrupt link LNKA configured for IRQ 10
[    0.406558] ACPI: PCI: Interrupt link LNKB configured for IRQ 10
[    0.408270] ACPI: PCI: Interrupt link LNKC configured for IRQ 11
[    0.410532] ACPI: PCI: Interrupt link LNKD configured for IRQ 11
[    0.410962] ACPI: PCI: Interrupt link LNKS configured for IRQ 9
[    0.432048] iommu: Default domain type: Translated
[    0.432555] iommu: DMA domain TLB invalidation policy: lazy mode
[    0.433762] SCSI subsystem initialized
[    0.434575] pps_core: LinuxPPS API ver. 1 registered
[    0.435184] pps_core: Software ver. 5.3.6 - Copyright 2005-2007 Rodolfo Giometti <giometti@linux.it>
[    0.435571] PTP clock support registered
[    0.436702] Advanced Linux Sound Architecture Driver Initialized.
[    0.438715] NET: Registered PF_ATMPVC protocol family
[    0.439329] NET: Registered PF_ATMSVC protocol family
[    0.439593] PCI: Using ACPI for IRQ routing
[    0.440595] vgaarb: loaded
[    0.441677] hpet0: at MMIO 0xfed00000, IRQs 2, 8, 0
[    0.442267] hpet0: 3 comparators, 64-bit 100.000000 MHz counter
[    0.445684] clocksource: Switched to clocksource kvm-clock
[    0.446772] VFS: Disk quotas dquot_6.6.0
[    0.447260] VFS: Dquot-cache hash table entries: 512 (order 0, 4096 bytes)
[    0.448882] pnp: PnP ACPI init
[    0.451782] pnp: PnP ACPI: found 5 devices
[    0.463786] clocksource: acpi_pm: mask: 0xffffff max_cycles: 0xffffff, max_idle_ns: 2085701024 ns
[    0.464915] NET: Registered PF_INET protocol family
[    0.465634] IP idents hash table entries: 16384 (order: 5, 131072 bytes, linear)
[    0.466920] tcp_listen_portaddr_hash hash table entries: 512 (order: 1, 8192 bytes, linear)
[    0.467929] Table-perturb hash table entries: 65536 (order: 6, 262144 bytes, linear)
[    0.468875] TCP established hash table entries: 8192 (order: 4, 65536 bytes, linear)
[    0.469810] TCP bind hash table entries: 8192 (order: 6, 262144 bytes, linear)
[    0.470689] TCP: Hash tables configured (established 8192 bind 8192)
[    0.471620] UDP hash table entries: 512 (order: 3, 32768 bytes, linear)
[    0.472443] UDP-Lite hash table entries: 512 (order: 3, 32768 bytes, linear)
[    0.473515] NET: Registered PF_UNIX/PF_LOCAL protocol family
[    0.474214] pci_bus 0000:00: resource 4 [io  0x0000-0x0cf7 window]
[    0.474960] pci_bus 0000:00: resource 5 [io  0x0d00-0xffff window]
[    0.475701] pci_bus 0000:00: resource 6 [mem 0x000a0000-0x000bffff window]
[    0.476525] pci_bus 0000:00: resource 7 [mem 0x40000000-0xfebfffff window]
[    0.477346] pci_bus 0000:00: resource 8 [mem 0x100000000-0x17fffffff window]
[    0.478399] pci 0000:00:01.0: PIIX3: Enabling Passive Release
[    0.479086] pci 0000:00:00.0: Limiting direct PCI/PCI transfers
[    0.479831] PCI: CLS 0 bytes, default 64
[    0.480550] kvm_intel: VMX not supported by CPU 23
[    0.481146] kvm_amd: TSC scaling supported
[    0.481644] kvm_amd: Nested Virtualization enabled
[    0.482215] kvm_amd: Nested Paging enabled
[    0.482713] kvm_amd: LBR virtualization supported
[    0.483283] kvm_amd: Virtual GIF supported
[    0.483776] kvm_amd: Virtual NMI enabled
[    0.511555] clocksource: tsc: mask: 0xffffffffffffffff max_cycles: 0x40be215b5d9, max_idle_ns: 440795359804 ns
[    0.530976] Initialise system trusted keyrings
[    0.531629] workingset: timestamp_bits=56 max_order=18 bucket_order=0
[    0.532522] squashfs: version 4.0 (2009/01/31) Phillip Lougher
[    0.533233] fuse: init (API version 7.43)
[    0.533856] 9p: Installing v9fs 9p2000 file system support
[    0.543412] Key type asymmetric registered
[    0.543912] Asymmetric key parser 'x509' registered
[    0.544570] Block layer SCSI generic (bsg) driver version 0.4 loaded (major 249)
[    0.545502] io scheduler mq-deadline registered
[    0.546054] io scheduler kyber registered
[    0.548451] input: Power Button as /devices/LNXSYSTM:00/LNXPWRBN:00/input/input0
[    0.549591] ACPI: button: Power Button [PWRF]
[    0.551532] Warning: Processor Platform Limit event detected, but not handled.
[    0.552439] Consider compiling CPUfreq support into your kernel.
[    1.446382] ACPI: \_SB_.LNKB: Enabled at IRQ 10
[    2.331897] ACPI: \_SB_.LNKC: Enabled at IRQ 11
[    3.217671] ACPI: \_SB_.LNKA: Enabled at IRQ 10
[    3.218970] Serial: 8250/16550 driver, 4 ports, IRQ sharing enabled
[    3.220054] 00:03: ttyS0 at I/O 0x3f8 (irq = 4, base_baud = 115200) is a 16550A
[    3.245503] Non-volatile memory driver v1.3
[    3.246039] Linux agpgart interface v0.103
[    3.246743] ACPI: bus type drm_connector registered
[    3.247345] printk: legacy console [hvc0] enabled
[    3.247972] printk: legacy bootconsole [earlyser0] disabled
          _      _                                    
   __   _(_)_ __| |_ _ __ ___   ___       _ __   __ _ 
   \ \ / / |  __| __|  _   _ \ / _ \_____|  _ \ / _  |
    \ V /| | |  | |_| | | | | |  __/_____| | | | (_| |
     \_/ |_|_|   \__|_| |_| |_|\___|     |_| |_|\__  |
                                                |___/ 
   kernel version: 6.15.0-rc3-virtme x86_64
   (CTRL+d to exit)

root@virtme-ng:/nipa-data/kernel# PS1='xx__-> '
xx__-> env
PWD=/nipa-data/kernel
nr_open=1048576
HOME=/
TERM=xterm
SHLVL=2
XDG_RUNTIME_DIR=/run/user/0
PATH=/bin:/sbin:/usr/bin:/usr/sbin:/usr/local/bin
OLDPWD=/
_=/bin/env
xx__-> 