No EFI environment detected.
early console in extract_kernel
input_data: 0x0000000004ab02c4
input_len: 0x00000000018fc54c
output: 0x0000000001000000
output_len: 0x0000000005338d90
kernel_total_size: 0x0000000005030000
needed_size: 0x0000000005400000
trampoline_32bit: 0x0000000000000000
Physical KASLR using RDRAND RDTSC...
Virtual KASLR using RDRAND RDTSC...

Decompressing Linux... Parsing ELF... Performing relocations... done.
Booting the kernel (entry_offset: 0x0000000000000000).
[    0.000000] Linux version 6.13.0-rc2-virtme (root@aa83b69e745e) (gcc (Ubuntu 13.3.0-6ubuntu2~24.04) 13.3.0, GNU ld (GNU Binutils for Ubuntu) 2.42) #1 SMP PREEMPT_DYNAMIC Tue Dec 17 03:27:36 UTC 2024
[    0.000000] Command line: virtme_hostname=virtme-ng nr_open=1048576 virtme_link_mods=/nipa-data/kernel/.virtme_mods/lib/modules/0.0.0 virtme_initmount0=nipa-data/kernel virtme_rw_overlay0=/etc virtme_rw_overlay1=/lib virtme_rw_overlay2=/home virtme_rw_overlay3=/opt virtme_rw_overlay4=/srv virtme_rw_overlay5=/usr virtme_rw_overlay6=/var console=hvc0 earlyprintk=serial,ttyS0,115200 virtme_console=ttyS0 psmouse.proto=exps TERM=xterm virtme_chdir=nipa-data/kernel virtme_root_user=1 rootfstype=9p rootflags=version=9p2000.L,trans=virtio,access=any raid=noautodetect ro init=/usr/lib/python3/dist-packages/virtme/guest/virtme-init
[    0.000000] BIOS-provided physical RAM map:
[    0.000000] BIOS-e820: [mem 0x0000000000000000-0x000000000009fbff] usable
[    0.000000] BIOS-e820: [mem 0x000000000009fc00-0x000000000009ffff] reserved
[    0.000000] BIOS-e820: [mem 0x00000000000f0000-0x00000000000fffff] reserved
[    0.000000] BIOS-e820: [mem 0x0000000000100000-0x000000003ffdffff] usable
[    0.000000] BIOS-e820: [mem 0x000000003ffe0000-0x000000003fffffff] reserved
[    0.000000] BIOS-e820: [mem 0x00000000feffc000-0x00000000feffffff] reserved
[    0.000000] BIOS-e820: [mem 0x00000000fffc0000-0x00000000ffffffff] reserved
[    0.000000] BIOS-e820: [mem 0x000000fd00000000-0x000000ffffffffff] reserved
[    0.000000] printk: legacy bootconsole [earlyser0] enabled
[    0.000000] NX (Execute Disable) protection: active
[    0.000000] APIC: Static calls initialized
[    0.000000] SMBIOS 3.0.0 present.
[    0.000000] DMI: QEMU Ubuntu 24.04 PC (i440FX + PIIX, 1996), BIOS 1.16.3-debian-1.16.3-2 04/01/2014
[    0.000000] DMI: Memory slots populated: 1/1
[    0.000000] Hypervisor detected: KVM
[    0.000000] kvm-clock: Using msrs 4b564d01 and 4b564d00
[    0.000000] kvm-clock: using sched offset of 329784734 cycles
[    0.000372] clocksource: kvm-clock: mask: 0xffffffffffffffff max_cycles: 0x1cd42e4dffb, max_idle_ns: 881590591483 ns
[    0.001529] tsc: Detected 4491.556 MHz processor
[    0.002203] last_pfn = 0x3ffe0 max_arch_pfn = 0x400000000
[    0.002610] MTRR map: 4 entries (3 fixed + 1 variable; max 19), built from 8 variable MTRRs
[    0.003205] x86/PAT: Configuration [0-7]: WB  WC  UC- UC  WB  WP  UC- WT  
[    0.005162] found SMP MP-table at [mem 0x000f5470-0x000f547f]
[    0.005575] Using GB pages for direct mapping
[    0.006081] ACPI: Early table checksum verification disabled
[    0.006484] ACPI: RSDP 0x00000000000F5290 000014 (v00 BOCHS )
[    0.006895] ACPI: RSDT 0x000000003FFE27BC 000034 (v01 BOCHS  BXPC     00000001 BXPC 00000001)
[    0.007503] ACPI: FACP 0x000000003FFE2578 000074 (v01 BOCHS  BXPC     00000001 BXPC 00000001)
[    0.008114] ACPI: DSDT 0x000000003FFE0040 002538 (v01 BOCHS  BXPC     00000001 BXPC 00000001)
[    0.008721] ACPI: FACS 0x000000003FFE0000 000040
[    0.009051] ACPI: APIC 0x000000003FFE25EC 000170 (v03 BOCHS  BXPC     00000001 BXPC 00000001)
[    0.009657] ACPI: HPET 0x000000003FFE275C 000038 (v01 BOCHS  BXPC     00000001 BXPC 00000001)
[    0.010267] ACPI: WAET 0x000000003FFE2794 000028 (v01 BOCHS  BXPC     00000001 BXPC 00000001)
[    0.010872] ACPI: Reserving FACP table memory at [mem 0x3ffe2578-0x3ffe25eb]
[    0.011372] ACPI: Reserving DSDT table memory at [mem 0x3ffe0040-0x3ffe2577]
[    0.011876] ACPI: Reserving FACS table memory at [mem 0x3ffe0000-0x3ffe003f]
[    0.012375] ACPI: Reserving APIC table memory at [mem 0x3ffe25ec-0x3ffe275b]
[    0.012872] ACPI: Reserving HPET table memory at [mem 0x3ffe275c-0x3ffe2793]
[    0.013369] ACPI: Reserving WAET table memory at [mem 0x3ffe2794-0x3ffe27bb]
[    0.014058] No NUMA configuration found
[    0.014330] Faking a node at [mem 0x0000000000000000-0x000000003ffdffff]
[    0.014806] NODE_DATA(0) allocated [mem 0x3ffdb780-0x3ffdffff]
[    0.015234] Zone ranges:
[    0.015414]   DMA      [mem 0x0000000000001000-0x0000000000ffffff]
[    0.015856]   DMA32    [mem 0x0000000001000000-0x000000003ffdffff]
[    0.016296]   Normal   empty
[    0.016502]   Device   empty
[    0.016707] Movable zone start for each node
[    0.017014] Early memory node ranges
[    0.017266]   node   0: [mem 0x0000000000001000-0x000000000009efff]
[    0.017714]   node   0: [mem 0x0000000000100000-0x000000003ffdffff]
[    0.018156] Initmem setup node 0 [mem 0x0000000000001000-0x000000003ffdffff]
[    0.018660] On node 0, zone DMA: 1 pages in unavailable ranges
[    0.019179] On node 0, zone DMA: 97 pages in unavailable ranges
[    0.024164] On node 0, zone DMA32: 32 pages in unavailable ranges
[    0.033301] kasan: KernelAddressSanitizer initialized
[    0.033897] ACPI: PM-Timer IO Port: 0x608
[    0.034192] ACPI: LAPIC_NMI (acpi_id[0xff] dfl dfl lint[0x1])
[    0.034628] IOAPIC[0]: apic_id 0, version 17, address 0xfec00000, GSI 0-23
[    0.035116] ACPI: INT_SRC_OVR (bus 0 bus_irq 0 global_irq 2 dfl dfl)
[    0.035566] ACPI: INT_SRC_OVR (bus 0 bus_irq 5 global_irq 5 high level)
[    0.036033] ACPI: INT_SRC_OVR (bus 0 bus_irq 9 global_irq 9 high level)
[    0.036500] ACPI: INT_SRC_OVR (bus 0 bus_irq 10 global_irq 10 high level)
[    0.036979] ACPI: INT_SRC_OVR (bus 0 bus_irq 11 global_irq 11 high level)
[    0.037459] ACPI: Using ACPI (MADT) for SMP configuration information
[    0.037917] ACPI: HPET id: 0x8086a201 base: 0xfed00000
[    0.038281] TSC deadline timer available
[    0.038561] CPU topo: Max. logical packages:   1
[    0.038887] CPU topo: Max. logical dies:       1
[    0.039212] CPU topo: Max. dies per package:   1
[    0.039541] CPU topo: Max. threads per core:   1
[    0.039868] CPU topo: Num. cores per package:    32
[    0.040212] CPU topo: Num. threads per package:  32
[    0.040557] CPU topo: Allowing 32 present CPUs plus 0 hotplug CPUs
[    0.041008] kvm-guest: APIC: eoi() replaced with kvm_guest_apic_eoi_write()
[    0.041513] kvm-guest: KVM setup pv remote TLB flush
[    0.041867] kvm-guest: setup PV sched yield
[    0.042168] PM: hibernation: Registered nosave memory: [mem 0x00000000-0x00000fff]
[    0.042705] PM: hibernation: Registered nosave memory: [mem 0x0009f000-0x0009ffff]
[    0.043240] PM: hibernation: Registered nosave memory: [mem 0x000a0000-0x000effff]
[    0.043774] PM: hibernation: Registered nosave memory: [mem 0x000f0000-0x000fffff]
[    0.044308] [mem 0x40000000-0xfeffbfff] available for PCI devices
[    0.044737] Booting paravirtualized kernel on KVM
[    0.045070] clocksource: refined-jiffies: mask: 0xffffffff max_cycles: 0xffffffff, max_idle_ns: 1910969940391419 ns
[    0.053807] setup_percpu: NR_CPUS:64 nr_cpumask_bits:32 nr_cpu_ids:32 nr_node_ids:1
[    0.055628] percpu: Embedded 70 pages/cpu s247896 r8192 d30632 u524288
[    0.056156] Kernel command line: virtme_hostname=virtme-ng nr_open=1048576 virtme_link_mods=/nipa-data/kernel/.virtme_mods/lib/modules/0.0.0 virtme_initmount0=nipa-data/kernel virtme_rw_overlay0=/etc virtme_rw_overlay1=/lib virtme_rw_overlay2=/home virtme_rw_overlay3=/opt virtme_rw_overlay4=/srv virtme_rw_overlay5=/usr virtme_rw_overlay6=/var console=hvc0 earlyprintk=serial,ttyS0,115200 virtme_console=ttyS0 psmouse.proto=exps TERM=xterm virtme_chdir=nipa-data/kernel virtme_root_user=1 rootfstype=9p rootflags=version=9p2000.L,trans=virtio,access=any raid=noautodetect ro init=/usr/lib/python3/dist-packages/virtme/guest/virtme-init
[    0.060343] Unknown kernel command line parameters "virtme_hostname=virtme-ng nr_open=1048576 virtme_link_mods=/nipa-data/kernel/.virtme_mods/lib/modules/0.0.0 virtme_initmount0=nipa-data/kernel virtme_rw_overlay0=/etc virtme_rw_overlay1=/lib virtme_rw_overlay2=/home virtme_rw_overlay3=/opt virtme_rw_overlay4=/srv virtme_rw_overlay5=/usr virtme_rw_overlay6=/var virtme_console=ttyS0 virtme_chdir=nipa-data/kernel virtme_root_user=1", will be passed to user space.
[    0.063524] random: crng init done
[    0.063772] printk: log buffer data + meta data: 262144 + 917504 = 1179648 bytes
[    0.064331] Dentry cache hash table entries: 131072 (order: 8, 1048576 bytes, linear)
[    0.064913] Inode-cache hash table entries: 65536 (order: 7, 524288 bytes, linear)
[    0.065878] Fallback order for Node 0: 0 
[    0.065882] Built 1 zonelists, mobility grouping on.  Total pages: 262014
[    0.066668] Policy zone: DMA32
[    0.066890] mem auto-init: stack:all(zero), heap alloc:off, heap free:off
[    0.067383] stackdepot: allocating hash table via alloc_large_system_hash
[    0.067879] stackdepot hash table entries: 1048576 (order: 12, 16777216 bytes, linear)
[    0.075997] SLUB: HWalign=64, Order=0-3, MinObjects=0, CPUs=32, Nodes=1
Poking KASLR using RDRAND RDTSC...
[    0.076787] ftrace: allocating 48885 entries in 191 pages
[    0.094257] ftrace: allocated 191 pages with 7 groups
[    0.095485] Dynamic Preempt: voluntary
[    0.096205] rcu: Preemptible hierarchical RCU implementation.
[    0.096624] rcu: RCU event tracing is enabled.
[    0.096953] rcu: RCU restricting CPUs from NR_CPUS=64 to nr_cpu_ids=32.
[    0.097440] Trampoline variant of Tasks RCU enabled.
[    0.097811] Rude variant of Tasks RCU enabled.
[    0.098139] Tracing variant of Tasks RCU enabled.
[    0.098487] rcu: RCU calculated value of scheduler-enlistment delay is 100 jiffies.
[    0.099043] rcu: Adjusting geometry for rcu_fanout_leaf=16, nr_cpu_ids=32
[    0.099601] RCU Tasks: Setting shift to 5 and lim to 1 rcu_task_cb_adjust=1 rcu_task_cpu_ids=32.
[    0.100242] RCU Tasks Rude: Setting shift to 5 and lim to 1 rcu_task_cb_adjust=1 rcu_task_cpu_ids=32.
[    0.100913] RCU Tasks Trace: Setting shift to 5 and lim to 1 rcu_task_cb_adjust=1 rcu_task_cpu_ids=32.
[    0.109916] NR_IRQS: 4352, nr_irqs: 680, preallocated irqs: 16
[    0.110585] rcu: srcu_init: Setting srcu_struct sizes based on contention.
[    0.111302] Console: colour *CGA 80x25
[    0.111602] ACPI: Core revision 20240827
[    0.112036] clocksource: hpet: mask: 0xffffffff max_cycles: 0xffffffff, max_idle_ns: 19112604467 ns
[    0.112759] APIC: Switch to symmetric I/O mode setup
[    0.113134] kvm-guest: APIC: send_IPI_mask() replaced with kvm_send_ipi_mask()
[    0.113655] kvm-guest: APIC: send_IPI_mask_allbutself() replaced with kvm_send_ipi_mask_allbutself()
[    0.114312] kvm-guest: setup PV IPIs
[    0.115415] ..TIMER: vector=0x30 apic1=0 pin1=2 apic2=-1 pin2=-1
[    0.116201] clocksource: tsc-early: mask: 0xffffffffffffffff max_cycles: 0x40be400eb43, max_idle_ns: 440795366972 ns
[    0.117544] Calibrating delay loop (skipped) preset value.. 8983.11 BogoMIPS (lpj=4491556)
[    0.118609] x86/cpu: User Mode Instruction Prevention (UMIP) activated
[    0.119602] Last level iTLB entries: 4KB 512, 2MB 255, 4MB 127
[    0.120543] Last level dTLB entries: 4KB 512, 2MB 255, 4MB 127, 1GB 0
[    0.121547] Spectre V1 : Mitigation: usercopy/swapgs barriers and __user pointer sanitization
[    0.122547] Spectre V2 : Mitigation: Enhanced / Automatic IBRS
[    0.123543] Spectre V2 : Spectre v2 / SpectreRSB mitigation: Filling RSB on context switch
[    0.124545] Spectre V2 : mitigation: Enabling conditional Indirect Branch Prediction Barrier
[    0.125545] Speculative Store Bypass: Mitigation: Speculative Store Bypass disabled via prctl
[    0.126543] Speculative Return Stack Overflow: IBPB-extending microcode not applied!
[    0.127543] Speculative Return Stack Overflow: WARNING: See https://kernel.org/doc/html/latest/admin-guide/hw-vuln/srso.html for mitigation options.
[    0.127544] Speculative Return Stack Overflow: Vulnerable: Safe RET, no microcode
[    0.129558] x86/fpu: Supporting XSAVE feature 0x001: 'x87 floating point registers'
[    0.130543] x86/fpu: Supporting XSAVE feature 0x002: 'SSE registers'
[    0.131323] x86/fpu: Supporting XSAVE feature 0x004: 'AVX registers'
[    0.131543] x86/fpu: Supporting XSAVE feature 0x020: 'AVX-512 opmask'
[    0.132543] x86/fpu: Supporting XSAVE feature 0x040: 'AVX-512 Hi256'
[    0.133543] x86/fpu: Supporting XSAVE feature 0x080: 'AVX-512 ZMM_Hi256'
[    0.134543] x86/fpu: Supporting XSAVE feature 0x200: 'Protection Keys User registers'
[    0.135543] x86/fpu: xstate_offset[2]:  576, xstate_sizes[2]:  256
[    0.136302] x86/fpu: xstate_offset[5]:  832, xstate_sizes[5]:   64
[    0.136543] x86/fpu: xstate_offset[6]:  896, xstate_sizes[6]:  512
[    0.137543] x86/fpu: xstate_offset[7]: 1408, xstate_sizes[7]: 1024
[    0.138543] x86/fpu: xstate_offset[9]: 2432, xstate_sizes[9]:    8
[    0.139302] x86/fpu: Enabled xstate features 0x2e7, context size is 2440 bytes, using 'compacted' format.
[    0.160057] Freeing SMP alternatives memory: 40K
[    0.160545] pid_max: default: 32768 minimum: 301
[    0.161234] Mount-cache hash table entries: 2048 (order: 2, 16384 bytes, linear)
[    0.161544] Mountpoint-cache hash table entries: 2048 (order: 2, 16384 bytes, linear)
[    0.163881] smpboot: CPU0: AMD Ryzen 9 7950X 16-Core Processor (family: 0x19, model: 0x61, stepping: 0x2)
[    0.165006] Performance Events: Fam17h+ core perfctr, AMD PMU driver.
[    0.165547] ... version:                0
[    0.166044] ... bit width:              48
[    0.166545] ... generic registers:      6
[    0.167038] ... value mask:             0000ffffffffffff
[    0.167545] ... max period:             00007fffffffffff
[    0.168199] ... fixed-purpose events:   0
[    0.168544] ... event mask:             000000000000003f
[    0.169313] signal: max sigframe size: 3376
[    0.169589] rcu: Hierarchical SRCU implementation.
[    0.170181] rcu: Max phase no-delay instances is 400.
[    0.170619] Timer migration: 2 hierarchy levels; 8 children per group; 2 crossnode level
[    0.175296] smp: Bringing up secondary CPUs ...
[    0.175725] smpboot: x86: Booting SMP configuration:
[    0.176339] .... node  #0, CPUs:        #1  #2  #3  #4  #5  #6  #7  #8  #9 #10 #11 #12 #13 #14 #15 #16 #17 #18 #19 #20 #21 #22 #23 #24 #25 #26 #27 #28 #29 #30 #31
[    0.201649] smp: Brought up 1 node, 32 CPUs
[    0.203067] smpboot: Total of 32 processors activated (287459.58 BogoMIPS)
[    0.207595] Memory: 763388K/1048056K available (45056K kernel code, 11459K rwdata, 10080K rodata, 6048K init, 1648K bss, 269024K reserved, 0K cma-reserved)
[    0.208663] devtmpfs: initialized
[    0.209130] x86/mm: Memory block size: 128MB
[    0.215707] clocksource: jiffies: mask: 0xffffffff max_cycles: 0xffffffff, max_idle_ns: 1911260446275000 ns
[    0.216550] futex hash table entries: 8192 (order: 7, 524288 bytes, linear)
[    0.217779] PM: RTC time: 03:28:01, date: 2024-12-17
[    0.219077] NET: Registered PF_NETLINK/PF_ROUTE protocol family
[    0.220393] thermal_sys: Registered thermal governor 'step_wise'
[    0.220396] thermal_sys: Registered thermal governor 'user_space'
[    0.220572] cpuidle: using governor menu
[    0.222867] PCI: Using configuration type 1 for base access
[    0.223545] PCI: Using configuration type 1 for extended access
[    0.224417] kprobes: kprobe jump-optimization is enabled. All kprobes are optimized if possible.
[    0.240795] HugeTLB: registered 1.00 GiB page size, pre-allocated 0 pages
[    0.241546] HugeTLB: 16380 KiB vmemmap can be freed for a 1.00 GiB page
[    0.242376] HugeTLB: registered 2.00 MiB page size, pre-allocated 0 pages
[    0.242545] HugeTLB: 28 KiB vmemmap can be freed for a 2.00 MiB page
[    0.244882] ACPI: Added _OSI(Module Device)
[    0.244882] ACPI: Added _OSI(Processor Device)
[    0.245110] ACPI: Added _OSI(3.0 _SCP Extensions)
[    0.246545] ACPI: Added _OSI(Processor Aggregator Device)
[    0.269733] ACPI: 1 ACPI AML tables successfully acquired and loaded
[    0.274354] ACPI: Interpreter enabled
[    0.274603] ACPI: PM: (supports S0 S3 S4 S5)
[    0.275134] ACPI: Using IOAPIC for interrupt routing
[    0.275592] PCI: Using host bridge windows from ACPI; if necessary, use "pci=nocrs" and report a bug
[    0.276545] PCI: Using E820 reservations for host bridge windows
[    0.278318] ACPI: Enabled 2 GPEs in block 00 to 0F
[    0.324680] ACPI: PCI Root Bridge [PCI0] (domain 0000 [bus 00-ff])
[    0.325471] acpi PNP0A03:00: _OSC: OS supports [ExtendedConfig ASPM ClockPM Segments MSI HPX-Type3]
[    0.327022] PCI host bridge to bus 0000:00
[    0.327590] pci_bus 0000:00: root bus resource [io  0x0000-0x0cf7 window]
[    0.328439] pci_bus 0000:00: root bus resource [io  0x0d00-0xffff window]
[    0.329547] pci_bus 0000:00: root bus resource [mem 0x000a0000-0x000bffff window]
[    0.330480] pci_bus 0000:00: root bus resource [mem 0x40000000-0xfebfffff window]
[    0.331547] pci_bus 0000:00: root bus resource [mem 0x100000000-0x17fffffff window]
[    0.332511] pci_bus 0000:00: root bus resource [bus 00-ff]
[    0.332640] pci 0000:00:00.0: [8086:1237] type 00 class 0x060000 conventional PCI endpoint
[    0.334382] pci 0000:00:01.0: [8086:7000] type 00 class 0x060100 conventional PCI endpoint
[    0.336427] pci 0000:00:01.1: [8086:7010] type 00 class 0x010180 conventional PCI endpoint
[    0.339213] pci 0000:00:01.1: BAR 4 [io  0xc0c0-0xc0cf]
[    0.341267] pci 0000:00:01.1: BAR 0 [io  0x01f0-0x01f7]: legacy IDE quirk
[    0.341545] pci 0000:00:01.1: BAR 1 [io  0x03f6]: legacy IDE quirk
[    0.342316] pci 0000:00:01.1: BAR 2 [io  0x0170-0x0177]: legacy IDE quirk
[    0.343545] pci 0000:00:01.1: BAR 3 [io  0x0376]: legacy IDE quirk
[    0.344987] pci 0000:00:01.3: [8086:7113] type 00 class 0x068000 conventional PCI endpoint
[    0.345802] pci 0000:00:01.3: quirk: [io  0x0600-0x063f] claimed by PIIX4 ACPI
[    0.346549] pci 0000:00:01.3: quirk: [io  0x0700-0x070f] claimed by PIIX4 SMB
[    0.348150] pci 0000:00:02.0: [1af4:1009] type 00 class 0x000200 conventional PCI endpoint
[    0.349925] pci 0000:00:02.0: BAR 0 [io  0xc000-0xc03f]
[    0.350877] pci 0000:00:02.0: BAR 1 [mem 0xfebfc000-0xfebfcfff]
[    0.354545] pci 0000:00:02.0: BAR 4 [mem 0xfebf0000-0xfebf3fff 64bit pref]
[    0.367038] pci 0000:00:03.0: [1af4:1009] type 00 class 0x000200 conventional PCI endpoint
[    0.367863] pci 0000:00:03.0: BAR 0 [io  0xc040-0xc07f]
[    0.369673] pci 0000:00:03.0: BAR 1 [mem 0xfebfd000-0xfebfdfff]
[    0.371183] pci 0000:00:03.0: BAR 4 [mem 0xfebf4000-0xfebf7fff 64bit pref]
[    0.382824] pci 0000:00:04.0: [8086:25ab] type 00 class 0x088000 conventional PCI endpoint
[    0.384688] pci 0000:00:04.0: BAR 0 [mem 0xfebfe000-0xfebfe00f]
[    0.396827] pci 0000:00:05.0: [1af4:1003] type 00 class 0x078000 conventional PCI endpoint
[    0.397832] pci 0000:00:05.0: BAR 0 [io  0xc080-0xc0bf]
[    0.398657] pci 0000:00:05.0: BAR 1 [mem 0xfebff000-0xfebfffff]
[    0.400115] pci 0000:00:05.0: BAR 4 [mem 0xfebf8000-0xfebfbfff 64bit pref]
[    0.414043] ACPI: PCI: Interrupt link LNKA configured for IRQ 10
[    0.416459] ACPI: PCI: Interrupt link LNKB configured for IRQ 10
[    0.417434] ACPI: PCI: Interrupt link LNKC configured for IRQ 11
[    0.419429] ACPI: PCI: Interrupt link LNKD configured for IRQ 11
[    0.420918] ACPI: PCI: Interrupt link LNKS configured for IRQ 9
[    0.439283] iommu: Default domain type: Translated
[    0.439545] iommu: DMA domain TLB invalidation policy: lazy mode
[    0.440758] SCSI subsystem initialized
[    0.441591] pps_core: LinuxPPS API ver. 1 registered
[    0.442176] pps_core: Software ver. 5.3.6 - Copyright 2005-2007 Rodolfo Giometti <giometti@linux.it>
[    0.443559] PTP clock support registered
[    0.444668] Advanced Linux Sound Architecture Driver Initialized.
[    0.446659] NET: Registered PF_ATMPVC protocol family
[    0.447290] NET: Registered PF_ATMSVC protocol family
[    0.447582] PCI: Using ACPI for IRQ routing
[    0.448582] vgaarb: loaded
[    0.448662] hpet0: at MMIO 0xfed00000, IRQs 2, 8, 0
[    0.449278] hpet0: 3 comparators, 64-bit 100.000000 MHz counter
[    0.455028] clocksource: Switched to clocksource kvm-clock
[    0.456215] VFS: Disk quotas dquot_6.6.0
[    0.456883] VFS: Dquot-cache hash table entries: 512 (order 0, 4096 bytes)
[    0.458944] pnp: PnP ACPI init
[    0.462482] pnp: PnP ACPI: found 5 devices
[    0.474319] clocksource: acpi_pm: mask: 0xffffff max_cycles: 0xffffff, max_idle_ns: 2085701024 ns
[    0.475505] NET: Registered PF_INET protocol family
[    0.476247] IP idents hash table entries: 16384 (order: 5, 131072 bytes, linear)
[    0.477572] tcp_listen_portaddr_hash hash table entries: 512 (order: 1, 8192 bytes, linear)
[    0.478625] Table-perturb hash table entries: 65536 (order: 6, 262144 bytes, linear)
[    0.479614] TCP established hash table entries: 8192 (order: 4, 65536 bytes, linear)
[    0.480592] TCP bind hash table entries: 8192 (order: 6, 262144 bytes, linear)
[    0.481506] TCP: Hash tables configured (established 8192 bind 8192)
[    0.482461] UDP hash table entries: 512 (order: 3, 32768 bytes, linear)
[    0.483324] UDP-Lite hash table entries: 512 (order: 3, 32768 bytes, linear)
[    0.484445] NET: Registered PF_UNIX/PF_LOCAL protocol family
[    0.485170] pci_bus 0000:00: resource 4 [io  0x0000-0x0cf7 window]
[    0.485943] pci_bus 0000:00: resource 5 [io  0x0d00-0xffff window]
[    0.486720] pci_bus 0000:00: resource 6 [mem 0x000a0000-0x000bffff window]
[    0.487577] pci_bus 0000:00: resource 7 [mem 0x40000000-0xfebfffff window]
[    0.488427] pci_bus 0000:00: resource 8 [mem 0x100000000-0x17fffffff window]
[    0.489499] pci 0000:00:01.0: PIIX3: Enabling Passive Release
[    0.490215] pci 0000:00:00.0: Limiting direct PCI/PCI transfers
[    0.490989] PCI: CLS 0 bytes, default 64
[    0.491551] kvm_intel: VMX not supported by CPU 23
[    0.492167] kvm_amd: TSC scaling supported
[    0.492686] kvm_amd: Nested Virtualization enabled
[    0.493278] kvm_amd: Nested Paging enabled
[    0.493792] kvm_amd: LBR virtualization supported
[    0.494384] kvm_amd: Virtual GIF supported
[    0.494896] kvm_amd: Virtual NMI enabled
[    0.528612] clocksource: tsc: mask: 0xffffffffffffffff max_cycles: 0x40be400eb43, max_idle_ns: 440795366972 ns
[    0.548182] Initialise system trusted keyrings
[    0.548905] workingset: timestamp_bits=56 max_order=18 bucket_order=0
[    0.549821] squashfs: version 4.0 (2009/01/31) Phillip Lougher
[    0.550570] fuse: init (API version 7.41)
[    0.551207] 9p: Installing v9fs 9p2000 file system support
[    0.561020] Key type asymmetric registered
[    0.561540] Asymmetric key parser 'x509' registered
[    0.562205] Block layer SCSI generic (bsg) driver version 0.4 loaded (major 249)
[    0.563163] io scheduler mq-deadline registered
[    0.563736] io scheduler kyber registered
[    0.566465] input: Power Button as /devices/LNXSYSTM:00/LNXPWRBN:00/input/input0
[    0.567615] ACPI: button: Power Button [PWRF]
[    0.569501] Warning: Processor Platform Limit event detected, but not handled.
[    0.570416] Consider compiling CPUfreq support into your kernel.
[    1.375556] ACPI: \_SB_.LNKB: Enabled at IRQ 10
[    2.155403] ACPI: \_SB_.LNKC: Enabled at IRQ 11
[    2.936689] ACPI: \_SB_.LNKA: Enabled at IRQ 10
[    2.938015] Serial: 8250/16550 driver, 4 ports, IRQ sharing enabled
[    2.939104] 00:03: ttyS0 at I/O 0x3f8 (irq = 4, base_baud = 115200) is a 16550A
[    2.961610] Non-volatile memory driver v1.3
[    2.962142] Linux agpgart interface v0.103
[    2.962826] ACPI: bus type drm_connector registered
[    2.963444] printk: legacy console [hvc0] enabled
[    2.964069] printk: legacy bootconsole [earlyser0] disabled
          _      _                                    
   __   _(_)_ __| |_ _ __ ___   ___       _ __   __ _ 
   \ \ / / |  __| __|  _   _ \ / _ \_____|  _ \ / _  |
    \ V /| | |  | |_| | | | | |  __/_____| | | | (_| |
     \_/ |_|_|   \__|_| |_| |_|\___|     |_| |_|\__  |
                                                |___/ 
   kernel version: 6.13.0-rc2-virtme x86_64
   (CTRL+d to exit)

root@virtme-ng:/nipa-data/kernel# PS1='xx__-> '
xx__-> env
PWD=/nipa-data/kernel
nr_open=1048576
HOME=/
TERM=xterm
SHLVL=2
XDG_RUNTIME_DIR=/run/user/0
PATH=/bin:/sbin:/usr/bin:/usr/sbin:/usr/local/bin
OLDPWD=/
_=/bin/env
xx__-> 