No EFI environment detected.
early console in extract_kernel
input_data: 0x0000000004c872c4
input_len: 0x00000000019768fd
output: 0x0000000001000000
output_len: 0x00000000055877fc
kernel_total_size: 0x0000000005230000
needed_size: 0x0000000005600000
trampoline_32bit: 0x0000000000000000
Physical KASLR using RDRAND RDTSC...
Virtual KASLR using RDRAND RDTSC...

Decompressing Linux... Parsing ELF... Performing relocations... done.
Booting the kernel (entry_offset: 0x0000000002bc3f80).
[    0.000000] Linux version 6.15.0-rc4-virtme (root@d6f056b2b203) (gcc (Ubuntu 13.3.0-6ubuntu2~24.04) 13.3.0, GNU ld (GNU Binutils for Ubuntu) 2.42) #1 SMP PREEMPT_DYNAMIC Mon May  5 18:26:43 UTC 2025
[    0.000000] Command line: virtme_hostname=virtme-ng nr_open=1048576 virtme_link_mods=/nipa-data/kernel/.virtme_mods/lib/modules/0.0.0 virtme_initmount0=nipa-data/kernel virtme_rw_overlay0=/etc virtme_rw_overlay1=/lib virtme_rw_overlay2=/home virtme_rw_overlay3=/opt virtme_rw_overlay4=/srv virtme_rw_overlay5=/usr virtme_rw_overlay6=/var console=hvc0 earlyprintk=serial,ttyS0,115200 virtme_console=ttyS0 psmouse.proto=exps TERM=xterm virtme_chdir=nipa-data/kernel virtme_root_user=1 rootfstype=9p rootflags=version=9p2000.L,trans=virtio,access=any raid=noautodetect ro init=/usr/lib/python3/dist-packages/virtme/guest/virtme-init
[    0.000000] BIOS-provided physical RAM map:
[    0.000000] BIOS-e820: [mem 0x0000000000000000-0x000000000009fbff] usable
[    0.000000] BIOS-e820: [mem 0x000000000009fc00-0x000000000009ffff] reserved
[    0.000000] BIOS-e820: [mem 0x00000000000f0000-0x00000000000fffff] reserved
[    0.000000] BIOS-e820: [mem 0x0000000000100000-0x000000003ffdffff] usable
[    0.000000] BIOS-e820: [mem 0x000000003ffe0000-0x000000003fffffff] reserved
[    0.000000] BIOS-e820: [mem 0x00000000feffc000-0x00000000feffffff] reserved
[    0.000000] BIOS-e820: [mem 0x00000000fffc0000-0x00000000ffffffff] reserved
[    0.000000] BIOS-e820: [mem 0x000000fd00000000-0x000000ffffffffff] reserved
[    0.000000] printk: legacy bootconsole [earlyser0] enabled
[    0.000000] NX (Execute Disable) protection: active
[    0.000000] APIC: Static calls initialized
[    0.000000] SMBIOS 3.0.0 present.
[    0.000000] DMI: QEMU Ubuntu 24.04 PC (i440FX + PIIX, 1996), BIOS 1.16.3-debian-1.16.3-2 04/01/2014
[    0.000000] DMI: Memory slots populated: 1/1
[    0.000000] Hypervisor detected: KVM
[    0.000000] kvm-clock: Using msrs 4b564d01 and 4b564d00
[    0.000000] kvm-clock: using sched offset of 242684669 cycles
[    0.000374] clocksource: kvm-clock: mask: 0xffffffffffffffff max_cycles: 0x1cd42e4dffb, max_idle_ns: 881590591483 ns
[    0.001521] tsc: Detected 4491.540 MHz processor
[    0.002191] last_pfn = 0x3ffe0 max_arch_pfn = 0x400000000
[    0.002602] MTRR map: 4 entries (3 fixed + 1 variable; max 19), built from 8 variable MTRRs
[    0.003193] x86/PAT: Configuration [0-7]: WB  WC  UC- UC  WB  WP  UC- WT  
[    0.005129] found SMP MP-table at [mem 0x000f5470-0x000f547f]
[    0.005543] Using GB pages for direct mapping
[    0.006002] ACPI: Early table checksum verification disabled
[    0.006405] ACPI: RSDP 0x00000000000F5290 000014 (v00 BOCHS )
[    0.006813] ACPI: RSDT 0x000000003FFE27BC 000034 (v01 BOCHS  BXPC     00000001 BXPC 00000001)
[    0.007422] ACPI: FACP 0x000000003FFE2578 000074 (v01 BOCHS  BXPC     00000001 BXPC 00000001)
[    0.008026] ACPI: DSDT 0x000000003FFE0040 002538 (v01 BOCHS  BXPC     00000001 BXPC 00000001)
[    0.008633] ACPI: FACS 0x000000003FFE0000 000040
[    0.008961] ACPI: APIC 0x000000003FFE25EC 000170 (v03 BOCHS  BXPC     00000001 BXPC 00000001)
[    0.009570] ACPI: HPET 0x000000003FFE275C 000038 (v01 BOCHS  BXPC     00000001 BXPC 00000001)
[    0.010173] ACPI: WAET 0x000000003FFE2794 000028 (v01 BOCHS  BXPC     00000001 BXPC 00000001)
[    0.010779] ACPI: Reserving FACP table memory at [mem 0x3ffe2578-0x3ffe25eb]
[    0.011279] ACPI: Reserving DSDT table memory at [mem 0x3ffe0040-0x3ffe2577]
[    0.011776] ACPI: Reserving FACS table memory at [mem 0x3ffe0000-0x3ffe003f]
[    0.012276] ACPI: Reserving APIC table memory at [mem 0x3ffe25ec-0x3ffe275b]
[    0.012772] ACPI: Reserving HPET table memory at [mem 0x3ffe275c-0x3ffe2793]
[    0.013271] ACPI: Reserving WAET table memory at [mem 0x3ffe2794-0x3ffe27bb]
[    0.013964] No NUMA configuration found
[    0.014236] Faking a node at [mem 0x0000000000000000-0x000000003ffdffff]
[    0.014715] NODE_DATA(0) allocated [mem 0x3ffdb600-0x3ffdffff]
[    0.015140] Zone ranges:
[    0.015321]   DMA      [mem 0x0000000000001000-0x0000000000ffffff]
[    0.015756]   DMA32    [mem 0x0000000001000000-0x000000003ffdffff]
[    0.016189]   Normal   empty
[    0.016395]   Device   empty
[    0.016598] Movable zone start for each node
[    0.016897] Early memory node ranges
[    0.017147]   node   0: [mem 0x0000000000001000-0x000000000009efff]
[    0.017591]   node   0: [mem 0x0000000000100000-0x000000003ffdffff]
[    0.018031] Initmem setup node 0 [mem 0x0000000000001000-0x000000003ffdffff]
[    0.018532] On node 0, zone DMA: 1 pages in unavailable ranges
[    0.018996] On node 0, zone DMA: 97 pages in unavailable ranges
[    0.023583] On node 0, zone DMA32: 32 pages in unavailable ranges
[    0.032834] kasan: KernelAddressSanitizer initialized
[    0.033430] ACPI: PM-Timer IO Port: 0x608
[    0.033724] ACPI: LAPIC_NMI (acpi_id[0xff] dfl dfl lint[0x1])
[    0.034149] IOAPIC[0]: apic_id 0, version 17, address 0xfec00000, GSI 0-23
[    0.034637] ACPI: INT_SRC_OVR (bus 0 bus_irq 0 global_irq 2 dfl dfl)
[    0.035085] ACPI: INT_SRC_OVR (bus 0 bus_irq 5 global_irq 5 high level)
[    0.035552] ACPI: INT_SRC_OVR (bus 0 bus_irq 9 global_irq 9 high level)
[    0.036016] ACPI: INT_SRC_OVR (bus 0 bus_irq 10 global_irq 10 high level)
[    0.036495] ACPI: INT_SRC_OVR (bus 0 bus_irq 11 global_irq 11 high level)
[    0.036974] ACPI: Using ACPI (MADT) for SMP configuration information
[    0.037430] ACPI: HPET id: 0x8086a201 base: 0xfed00000
[    0.037793] TSC deadline timer available
[    0.038070] CPU topo: Max. logical packages:   1
[    0.038397] CPU topo: Max. logical dies:       1
[    0.038721] CPU topo: Max. dies per package:   1
[    0.039047] CPU topo: Max. threads per core:   1
[    0.039374] CPU topo: Num. cores per package:    32
[    0.039716] CPU topo: Num. threads per package:  32
[    0.040058] CPU topo: Allowing 32 present CPUs plus 0 hotplug CPUs
[    0.040510] kvm-guest: APIC: eoi() replaced with kvm_guest_apic_eoi_write()
[    0.041011] kvm-guest: KVM setup pv remote TLB flush
[    0.041364] kvm-guest: setup PV sched yield
[    0.041664] PM: hibernation: Registered nosave memory: [mem 0x00000000-0x00000fff]
[    0.042196] PM: hibernation: Registered nosave memory: [mem 0x0009f000-0x000fffff]
[    0.042730] [mem 0x40000000-0xfeffbfff] available for PCI devices
[    0.043158] Booting paravirtualized kernel on KVM
[    0.043492] clocksource: refined-jiffies: mask: 0xffffffff max_cycles: 0xffffffff, max_idle_ns: 1910969940391419 ns
[    0.052270] setup_percpu: NR_CPUS:64 nr_cpumask_bits:32 nr_cpu_ids:32 nr_node_ids:1
[    0.054039] percpu: Embedded 65 pages/cpu s228056 r8192 d29992 u524288
[    0.054572] Kernel command line: virtme_hostname=virtme-ng nr_open=1048576 virtme_link_mods=/nipa-data/kernel/.virtme_mods/lib/modules/0.0.0 virtme_initmount0=nipa-data/kernel virtme_rw_overlay0=/etc virtme_rw_overlay1=/lib virtme_rw_overlay2=/home virtme_rw_overlay3=/opt virtme_rw_overlay4=/srv virtme_rw_overlay5=/usr virtme_rw_overlay6=/var console=hvc0 earlyprintk=serial,ttyS0,115200 virtme_console=ttyS0 psmouse.proto=exps TERM=xterm virtme_chdir=nipa-data/kernel virtme_root_user=1 rootfstype=9p rootflags=version=9p2000.L,trans=virtio,access=any raid=noautodetect ro init=/usr/lib/python3/dist-packages/virtme/guest/virtme-init
[    0.058751] Unknown kernel command line parameters "virtme_hostname=virtme-ng nr_open=1048576 virtme_link_mods=/nipa-data/kernel/.virtme_mods/lib/modules/0.0.0 virtme_initmount0=nipa-data/kernel virtme_rw_overlay0=/etc virtme_rw_overlay1=/lib virtme_rw_overlay2=/home virtme_rw_overlay3=/opt virtme_rw_overlay4=/srv virtme_rw_overlay5=/usr virtme_rw_overlay6=/var virtme_console=ttyS0 virtme_chdir=nipa-data/kernel virtme_root_user=1", will be passed to user space.
[    0.061910] random: crng init done
[    0.062156] printk: log buffer data + meta data: 262144 + 917504 = 1179648 bytes
[    0.062714] Dentry cache hash table entries: 131072 (order: 8, 1048576 bytes, linear)
[    0.063298] Inode-cache hash table entries: 65536 (order: 7, 524288 bytes, linear)
[    0.064261] Fallback order for Node 0: 0 
[    0.064266] Built 1 zonelists, mobility grouping on.  Total pages: 262014
[    0.065046] Policy zone: DMA32
[    0.065271] mem auto-init: stack:all(zero), heap alloc:off, heap free:off
[    0.065766] stackdepot: allocating hash table via alloc_large_system_hash
[    0.066261] stackdepot hash table entries: 1048576 (order: 12, 16777216 bytes, linear)
[    0.074363] SLUB: HWalign=64, Order=0-3, MinObjects=0, CPUs=32, Nodes=1
Poking KASLR using RDRAND RDTSC...
[    0.083819] ftrace: allocating 48942 entries in 192 pages
[    0.084210] ftrace: allocated 192 pages with 2 groups
[    0.085466] Dynamic Preempt: voluntary
[    0.086209] rcu: Preemptible hierarchical RCU implementation.
[    0.086632] rcu: RCU event tracing is enabled.
[    0.086959] rcu: RCU restricting CPUs from NR_CPUS=64 to nr_cpu_ids=32.
[    0.087446] Trampoline variant of Tasks RCU enabled.
[    0.087810] Rude variant of Tasks RCU enabled.
[    0.088136] Tracing variant of Tasks RCU enabled.
[    0.088485] rcu: RCU calculated value of scheduler-enlistment delay is 100 jiffies.
[    0.089036] rcu: Adjusting geometry for rcu_fanout_leaf=16, nr_cpu_ids=32
[    0.089598] RCU Tasks: Setting shift to 5 and lim to 1 rcu_task_cb_adjust=1 rcu_task_cpu_ids=32.
[    0.090236] RCU Tasks Rude: Setting shift to 5 and lim to 1 rcu_task_cb_adjust=1 rcu_task_cpu_ids=32.
[    0.090908] RCU Tasks Trace: Setting shift to 5 and lim to 1 rcu_task_cb_adjust=1 rcu_task_cpu_ids=32.
[    0.101111] NR_IRQS: 4352, nr_irqs: 680, preallocated irqs: 16
[    0.101784] rcu: srcu_init: Setting srcu_struct sizes based on contention.
[    0.102752] Console: colour *CGA 80x25
[    0.103052] ACPI: Core revision 20240827
[    0.103500] clocksource: hpet: mask: 0xffffffff max_cycles: 0xffffffff, max_idle_ns: 19112604467 ns
[    0.104221] APIC: Switch to symmetric I/O mode setup
[    0.104738] x2apic enabled
[    0.105119] APIC: Switched APIC routing to: physical x2apic
[    0.105529] kvm-guest: APIC: send_IPI_mask() replaced with kvm_send_ipi_mask()
[    0.106050] kvm-guest: APIC: send_IPI_mask_allbutself() replaced with kvm_send_ipi_mask_allbutself()
[    0.106692] kvm-guest: setup PV IPIs
[    0.107782] ..TIMER: vector=0x30 apic1=0 pin1=2 apic2=-1 pin2=-1
[    0.108576] clocksource: tsc-early: mask: 0xffffffffffffffff max_cycles: 0x40be2faf0ae, max_idle_ns: 440795257074 ns
[    0.110316] Calibrating delay loop (skipped) preset value.. 8983.08 BogoMIPS (lpj=4491540)
[    0.111385] x86/cpu: User Mode Instruction Prevention (UMIP) activated
[    0.112375] Last level iTLB entries: 4KB 512, 2MB 255, 4MB 127
[    0.113106] Last level dTLB entries: 4KB 512, 2MB 255, 4MB 127, 1GB 0
[    0.113319] Spectre V1 : Mitigation: usercopy/swapgs barriers and __user pointer sanitization
[    0.114318] Spectre V2 : Mitigation: Enhanced / Automatic IBRS
[    0.115317] Spectre V2 : mitigation: Enabling conditional Indirect Branch Prediction Barrier
[    0.116316] Speculative Store Bypass: Mitigation: Speculative Store Bypass disabled via prctl
[    0.117315] Speculative Return Stack Overflow: IBPB-extending microcode not applied!
[    0.118314] Speculative Return Stack Overflow: WARNING: See https://kernel.org/doc/html/latest/admin-guide/hw-vuln/srso.html for mitigation options.
[    0.118316] Speculative Return Stack Overflow: Vulnerable: Safe RET, no microcode
[    0.120329] x86/fpu: Supporting XSAVE feature 0x001: 'x87 floating point registers'
[    0.121314] x86/fpu: Supporting XSAVE feature 0x002: 'SSE registers'
[    0.122314] x86/fpu: Supporting XSAVE feature 0x004: 'AVX registers'
[    0.123100] x86/fpu: Supporting XSAVE feature 0x020: 'AVX-512 opmask'
[    0.123314] x86/fpu: Supporting XSAVE feature 0x040: 'AVX-512 Hi256'
[    0.124314] x86/fpu: Supporting XSAVE feature 0x080: 'AVX-512 ZMM_Hi256'
[    0.125314] x86/fpu: Supporting XSAVE feature 0x200: 'Protection Keys User registers'
[    0.126315] x86/fpu: xstate_offset[2]:  576, xstate_sizes[2]:  256
[    0.127314] x86/fpu: xstate_offset[5]:  832, xstate_sizes[5]:   64
[    0.128076] x86/fpu: xstate_offset[6]:  896, xstate_sizes[6]:  512
[    0.128314] x86/fpu: xstate_offset[7]: 1408, xstate_sizes[7]: 1024
[    0.129314] x86/fpu: xstate_offset[9]: 2432, xstate_sizes[9]:    8
[    0.130314] x86/fpu: Enabled xstate features 0x2e7, context size is 2440 bytes, using 'compacted' format.
[    0.152298] Freeing SMP alternatives memory: 40K
[    0.152317] pid_max: default: 32768 minimum: 301
[    0.153440] Mount-cache hash table entries: 2048 (order: 2, 16384 bytes, linear)
[    0.154316] Mountpoint-cache hash table entries: 2048 (order: 2, 16384 bytes, linear)
[    0.155981] smpboot: CPU0: AMD Ryzen 9 7950X 16-Core Processor (family: 0x19, model: 0x61, stepping: 0x2)
[    0.156767] Performance Events: Fam17h+ core perfctr, AMD PMU driver.
[    0.157318] ... version:                0
[    0.157815] ... bit width:              48
[    0.158316] ... generic registers:      6
[    0.158811] ... value mask:             0000ffffffffffff
[    0.159316] ... max period:             00007fffffffffff
[    0.159977] ... fixed-purpose events:   0
[    0.160316] ... event mask:             000000000000003f
[    0.161129] signal: max sigframe size: 3376
[    0.161363] rcu: Hierarchical SRCU implementation.
[    0.161957] rcu: Max phase no-delay instances is 400.
[    0.162403] Timer migration: 2 hierarchy levels; 8 children per group; 2 crossnode level
[    0.167218] smp: Bringing up secondary CPUs ...
[    0.167510] smpboot: x86: Booting SMP configuration:
[    0.168126] .... node  #0, CPUs:        #1  #2  #3  #4  #5  #6  #7  #8  #9 #10 #11 #12 #13 #14 #15 #16 #17 #18 #19 #20 #21 #22 #23 #24 #25 #26 #27 #28 #29 #30 #31
[    0.195443] smp: Brought up 1 node, 32 CPUs
[    0.196845] smpboot: Total of 32 processors activated (287458.56 BogoMIPS)
[    0.201414] Memory: 761600K/1048056K available (44816K kernel code, 11587K rwdata, 10272K rodata, 6156K init, 1324K bss, 270676K reserved, 0K cma-reserved)
[    0.202458] devtmpfs: initialized
[    0.203075] x86/mm: Memory block size: 128MB
[    0.210500] clocksource: jiffies: mask: 0xffffffff max_cycles: 0xffffffff, max_idle_ns: 1911260446275000 ns
[    0.211320] posixtimers hash table entries: 16384 (order: 6, 262144 bytes, linear)
[    0.212289] futex hash table entries: 8192 (order: 7, 524288 bytes, linear)
[    0.212698] PM: RTC time: 18:27:05, date: 2025-05-05
[    0.214099] NET: Registered PF_NETLINK/PF_ROUTE protocol family
[    0.215220] thermal_sys: Registered thermal governor 'step_wise'
[    0.215250] cpuidle: using governor menu
[    0.217714] PCI: Using configuration type 1 for base access
[    0.218317] PCI: Using configuration type 1 for extended access
[    0.219210] kprobes: kprobe jump-optimization is enabled. All kprobes are optimized if possible.
[    0.230534] HugeTLB: allocation took 0ms with hugepage_allocation_threads=8
[    0.231358] HugeTLB: registered 1.00 GiB page size, pre-allocated 0 pages
[    0.232198] HugeTLB: 16380 KiB vmemmap can be freed for a 1.00 GiB page
[    0.233317] HugeTLB: registered 2.00 MiB page size, pre-allocated 0 pages
[    0.234149] HugeTLB: 28 KiB vmemmap can be freed for a 2.00 MiB page
[    0.235683] ACPI: Added _OSI(Module Device)
[    0.236317] ACPI: Added _OSI(Processor Device)
[    0.236865] ACPI: Added _OSI(3.0 _SCP Extensions)
[    0.237316] ACPI: Added _OSI(Processor Aggregator Device)
[    0.262322] ACPI: 1 ACPI AML tables successfully acquired and loaded
[    0.267296] ACPI: Interpreter enabled
[    0.267378] ACPI: PM: (supports S0 S3 S4 S5)
[    0.267905] ACPI: Using IOAPIC for interrupt routing
[    0.268368] PCI: Using host bridge windows from ACPI; if necessary, use "pci=nocrs" and report a bug
[    0.270316] PCI: Using E820 reservations for host bridge windows
[    0.272162] ACPI: Enabled 2 GPEs in block 00 to 0F
[    0.321447] ACPI: PCI Root Bridge [PCI0] (domain 0000 [bus 00-ff])
[    0.322230] acpi PNP0A03:00: _OSC: OS supports [ExtendedConfig ASPM ClockPM Segments MSI HPX-Type3]
[    0.323826] PCI host bridge to bus 0000:00
[    0.324372] pci_bus 0000:00: root bus resource [io  0x0000-0x0cf7 window]
[    0.325213] pci_bus 0000:00: root bus resource [io  0x0d00-0xffff window]
[    0.326319] pci_bus 0000:00: root bus resource [mem 0x000a0000-0x000bffff window]
[    0.327243] pci_bus 0000:00: root bus resource [mem 0x40000000-0xfebfffff window]
[    0.328319] pci_bus 0000:00: root bus resource [mem 0x100000000-0x17fffffff window]
[    0.329264] pci_bus 0000:00: root bus resource [bus 00-ff]
[    0.329414] pci 0000:00:00.0: [8086:1237] type 00 class 0x060000 conventional PCI endpoint
[    0.331243] pci 0000:00:01.0: [8086:7000] type 00 class 0x060100 conventional PCI endpoint
[    0.333223] pci 0000:00:01.1: [8086:7010] type 00 class 0x010180 conventional PCI endpoint
[    0.334756] pci 0000:00:01.1: BAR 4 [io  0xc0c0-0xc0cf]
[    0.335338] pci 0000:00:01.1: BAR 0 [io  0x01f0-0x01f7]: legacy IDE quirk
[    0.336173] pci 0000:00:01.1: BAR 1 [io  0x03f6]: legacy IDE quirk
[    0.337316] pci 0000:00:01.1: BAR 2 [io  0x0170-0x0177]: legacy IDE quirk
[    0.338150] pci 0000:00:01.1: BAR 3 [io  0x0376]: legacy IDE quirk
[    0.340031] pci 0000:00:01.3: [8086:7113] type 00 class 0x068000 conventional PCI endpoint
[    0.340544] pci 0000:00:01.3: quirk: [io  0x0600-0x063f] claimed by PIIX4 ACPI
[    0.341320] pci 0000:00:01.3: quirk: [io  0x0700-0x070f] claimed by PIIX4 SMB
[    0.342966] pci 0000:00:02.0: [1af4:1009] type 00 class 0x000200 conventional PCI endpoint
[    0.345312] pci 0000:00:02.0: BAR 0 [io  0xc000-0xc03f]
[    0.346322] pci 0000:00:02.0: BAR 1 [mem 0xfebfc000-0xfebfcfff]
[    0.347064] pci 0000:00:02.0: BAR 4 [mem 0xfebf0000-0xfebf3fff 64bit pref]
[    0.359281] pci 0000:00:03.0: [1af4:1009] type 00 class 0x000200 conventional PCI endpoint
[    0.361311] pci 0000:00:03.0: BAR 0 [io  0xc040-0xc07f]
[    0.361965] pci 0000:00:03.0: BAR 1 [mem 0xfebfd000-0xfebfdfff]
[    0.363331] pci 0000:00:03.0: BAR 4 [mem 0xfebf4000-0xfebf7fff 64bit pref]
[    0.376078] pci 0000:00:04.0: [8086:25ab] type 00 class 0x088000 conventional PCI endpoint
[    0.377670] pci 0000:00:04.0: BAR 0 [mem 0xfebfe000-0xfebfe00f]
[    0.390072] pci 0000:00:05.0: [1af4:1003] type 00 class 0x078000 conventional PCI endpoint
[    0.391041] pci 0000:00:05.0: BAR 0 [io  0xc080-0xc0bf]
[    0.392321] pci 0000:00:05.0: BAR 1 [mem 0xfebff000-0xfebfffff]
[    0.393064] pci 0000:00:05.0: BAR 4 [mem 0xfebf8000-0xfebfbfff 64bit pref]
[    0.407644] ACPI: PCI: Interrupt link LNKA configured for IRQ 10
[    0.409292] ACPI: PCI: Interrupt link LNKB configured for IRQ 10
[    0.411274] ACPI: PCI: Interrupt link LNKC configured for IRQ 11
[    0.413271] ACPI: PCI: Interrupt link LNKD configured for IRQ 11
[    0.414711] ACPI: PCI: Interrupt link LNKS configured for IRQ 9
[    0.434483] iommu: Default domain type: Translated
[    0.435078] iommu: DMA domain TLB invalidation policy: lazy mode
[    0.435789] SCSI subsystem initialized
[    0.436546] pps_core: LinuxPPS API ver. 1 registered
[    0.437157] pps_core: Software ver. 5.3.6 - Copyright 2005-2007 Rodolfo Giometti <giometti@linux.it>
[    0.438332] PTP clock support registered
[    0.439443] Advanced Linux Sound Architecture Driver Initialized.
[    0.441498] NET: Registered PF_ATMPVC protocol family
[    0.442127] NET: Registered PF_ATMSVC protocol family
[    0.442354] PCI: Using ACPI for IRQ routing
[    0.443352] vgaarb: loaded
[    0.443438] hpet0: at MMIO 0xfed00000, IRQs 2, 8, 0
[    0.444048] hpet0: 3 comparators, 64-bit 100.000000 MHz counter
[    0.450209] clocksource: Switched to clocksource kvm-clock
[    0.450825] VFS: Disk quotas dquot_6.6.0
[    0.451334] VFS: Dquot-cache hash table entries: 512 (order 0, 4096 bytes)
[    0.453661] pnp: PnP ACPI init
[    0.456667] pnp: PnP ACPI: found 5 devices
[    0.468919] clocksource: acpi_pm: mask: 0xffffff max_cycles: 0xffffff, max_idle_ns: 2085701024 ns
[    0.470103] NET: Registered PF_INET protocol family
[    0.470844] IP idents hash table entries: 16384 (order: 5, 131072 bytes, linear)
[    0.472189] tcp_listen_portaddr_hash hash table entries: 512 (order: 1, 8192 bytes, linear)
[    0.473262] Table-perturb hash table entries: 65536 (order: 6, 262144 bytes, linear)
[    0.474259] TCP established hash table entries: 8192 (order: 4, 65536 bytes, linear)
[    0.475248] TCP bind hash table entries: 8192 (order: 6, 262144 bytes, linear)
[    0.476164] TCP: Hash tables configured (established 8192 bind 8192)
[    0.477134] UDP hash table entries: 512 (order: 3, 32768 bytes, linear)
[    0.477978] UDP-Lite hash table entries: 512 (order: 3, 32768 bytes, linear)
[    0.479097] NET: Registered PF_UNIX/PF_LOCAL protocol family
[    0.479827] pci_bus 0000:00: resource 4 [io  0x0000-0x0cf7 window]
[    0.480607] pci_bus 0000:00: resource 5 [io  0x0d00-0xffff window]
[    0.481385] pci_bus 0000:00: resource 6 [mem 0x000a0000-0x000bffff window]
[    0.482251] pci_bus 0000:00: resource 7 [mem 0x40000000-0xfebfffff window]
[    0.483115] pci_bus 0000:00: resource 8 [mem 0x100000000-0x17fffffff window]
[    0.484210] pci 0000:00:01.0: PIIX3: Enabling Passive Release
[    0.484935] pci 0000:00:00.0: Limiting direct PCI/PCI transfers
[    0.485720] PCI: CLS 0 bytes, default 64
[    0.486337] kvm_intel: VMX not supported by CPU 0
[    0.486949] kvm_amd: TSC scaling supported
[    0.487523] kvm_amd: Nested Virtualization enabled
[    0.488141] kvm_amd: Nested Paging enabled
[    0.488653] kvm_amd: LBR virtualization supported
[    0.489267] kvm_amd: Virtual GIF supported
[    0.489779] kvm_amd: Virtual NMI enabled
[    0.534929] clocksource: tsc: mask: 0xffffffffffffffff max_cycles: 0x40be2faf0ae, max_idle_ns: 440795257074 ns
[    0.552662] Initialise system trusted keyrings
[    0.553381] workingset: timestamp_bits=56 max_order=18 bucket_order=0
[    0.554324] squashfs: version 4.0 (2009/01/31) Phillip Lougher
[    0.555100] fuse: init (API version 7.43)
[    0.555746] 9p: Installing v9fs 9p2000 file system support
[    0.565996] Key type asymmetric registered
[    0.566520] Asymmetric key parser 'x509' registered
[    0.567206] Block layer SCSI generic (bsg) driver version 0.4 loaded (major 249)
[    0.568171] io scheduler mq-deadline registered
[    0.568737] io scheduler kyber registered
[    0.571273] input: Power Button as /devices/LNXSYSTM:00/LNXPWRBN:00/input/input0
[    0.572426] ACPI: button: Power Button [PWRF]
[    0.574373] Warning: Processor Platform Limit event detected, but not handled.
[    0.575286] Consider compiling CPUfreq support into your kernel.
[    1.488919] ACPI: \_SB_.LNKB: Enabled at IRQ 10
[    2.395240] ACPI: \_SB_.LNKC: Enabled at IRQ 11
[    3.301301] ACPI: \_SB_.LNKA: Enabled at IRQ 10
[    3.302742] Serial: 8250/16550 driver, 4 ports, IRQ sharing enabled
[    3.303890] 00:03: ttyS0 at I/O 0x3f8 (irq = 4, base_baud = 115200) is a 16550A
[    3.319482] Non-volatile memory driver v1.3
[    3.320037] Linux agpgart interface v0.103
[    3.320777] ACPI: bus type drm_connector registered
[    3.321410] printk: legacy console [hvc0] enabled
[    3.322017] printk: legacy bootconsole [earlyser0] disabled
          _      _                                    
   __   _(_)_ __| |_ _ __ ___   ___       _ __   __ _ 
   \ \ / / |  __| __|  _   _ \ / _ \_____|  _ \ / _  |
    \ V /| | |  | |_| | | | | |  __/_____| | | | (_| |
     \_/ |_|_|   \__|_| |_| |_|\___|     |_| |_|\__  |
                                                |___/ 
   kernel version: 6.15.0-rc4-virtme x86_64
   (CTRL+d to exit)

root@virtme-ng:/nipa-data/kernel# PS1='xx__-> '
xx__-> env
PWD=/nipa-data/kernel
nr_open=1048576
HOME=/
TERM=xterm
SHLVL=2
XDG_RUNTIME_DIR=/run/user/0
PATH=/bin:/sbin:/usr/bin:/usr/sbin:/usr/local/bin
OLDPWD=/
_=/bin/env
xx__-> 