No EFI environment detected.
early console in extract_kernel
input_data: 0x0000000004aae2c4
input_len: 0x00000000018655e5
output: 0x0000000001000000
output_len: 0x00000000052a0744
kernel_total_size: 0x0000000004e30000
needed_size: 0x0000000005400000
trampoline_32bit: 0x0000000000000000
Physical KASLR using RDRAND RDTSC...
Virtual KASLR using RDRAND RDTSC...

Decompressing Linux... Parsing ELF... Performing relocations... done.
Booting the kernel (entry_offset: 0x0000000000000000).
[    0.000000] Linux version 6.10.0-rc3-virtme (root@b283b43cc4e1) (gcc (Alpine 13.2.1_git20240309) 13.2.1 20240309, GNU ld (GNU Binutils) 2.42) #1 SMP PREEMPT_DYNAMIC Sun Jun 16 06:27:11 UTC 2024
[    0.000000] Command line: virtme_hostname=virtme-ng nr_open=1048576 virtme_link_mods=/nipa-data/kernel/.virtme_mods/lib/modules/0.0.0 virtme_initmount0=nipa-data/kernel virtme_rw_overlay0=/etc virtme_rw_overlay1=/lib virtme_rw_overlay2=/home virtme_rw_overlay3=/opt virtme_rw_overlay4=/srv virtme_rw_overlay5=/usr virtme_rw_overlay6=/var console=hvc0 earlyprintk=serial,ttyS0,115200 virtme_console=ttyS0 psmouse.proto=exps TERM=xterm virtme_chdir=nipa-data/kernel virtme_root_user=1 rootfstype=9p rootflags=version=9p2000.L,trans=virtio,access=any raid=noautodetect ro init=/usr/lib/python3.12/site-packages/virtme/guest/virtme-init
[    0.000000] BIOS-provided physical RAM map:
[    0.000000] BIOS-e820: [mem 0x0000000000000000-0x000000000009fbff] usable
[    0.000000] BIOS-e820: [mem 0x000000000009fc00-0x000000000009ffff] reserved
[    0.000000] BIOS-e820: [mem 0x00000000000f0000-0x00000000000fffff] reserved
[    0.000000] BIOS-e820: [mem 0x0000000000100000-0x000000003ffdffff] usable
[    0.000000] BIOS-e820: [mem 0x000000003ffe0000-0x000000003fffffff] reserved
[    0.000000] BIOS-e820: [mem 0x00000000feffc000-0x00000000feffffff] reserved
[    0.000000] BIOS-e820: [mem 0x00000000fffc0000-0x00000000ffffffff] reserved
[    0.000000] BIOS-e820: [mem 0x000000fd00000000-0x000000ffffffffff] reserved
[    0.000000] printk: legacy bootconsole [earlyser0] enabled
[    0.000000] NX (Execute Disable) protection: active
[    0.000000] APIC: Static calls initialized
[    0.000000] SMBIOS 2.8 present.
[    0.000000] DMI: QEMU Standard PC (i440FX + PIIX, 1996), BIOS rel-1.16.3-0-ga6ed6b701f0a-prebuilt.qemu.org 04/01/2014
[    0.000000] DMI: Memory slots populated: 1/1
[    0.000000] Hypervisor detected: KVM
[    0.000000] kvm-clock: Using msrs 4b564d01 and 4b564d00
[    0.000000] kvm-clock: using sched offset of 340140155 cycles
[    0.000390] clocksource: kvm-clock: mask: 0xffffffffffffffff max_cycles: 0x1cd42e4dffb, max_idle_ns: 881590591483 ns
[    0.001590] tsc: Detected 4491.556 MHz processor
[    0.002281] last_pfn = 0x3ffe0 max_arch_pfn = 0x400000000
[    0.002703] MTRR map: 4 entries (3 fixed + 1 variable; max 19), built from 8 variable MTRRs
[    0.003325] x86/PAT: Configuration [0-7]: WB  WC  UC- UC  WB  WP  UC- WT  
[    0.005344] found SMP MP-table at [mem 0x000f5470-0x000f547f]
[    0.005774] Using GB pages for direct mapping
[    0.006323] ACPI: Early table checksum verification disabled
[    0.006742] ACPI: RSDP 0x00000000000F5290 000014 (v00 BOCHS )
[    0.007167] ACPI: RSDT 0x000000003FFE27BC 000034 (v01 BOCHS  BXPC     00000001 BXPC 00000001)
[    0.007803] ACPI: FACP 0x000000003FFE2578 000074 (v01 BOCHS  BXPC     00000001 BXPC 00000001)
[    0.008437] ACPI: DSDT 0x000000003FFE0040 002538 (v01 BOCHS  BXPC     00000001 BXPC 00000001)
[    0.009066] ACPI: FACS 0x000000003FFE0000 000040
[    0.009412] ACPI: APIC 0x000000003FFE25EC 000170 (v03 BOCHS  BXPC     00000001 BXPC 00000001)
[    0.010044] ACPI: HPET 0x000000003FFE275C 000038 (v01 BOCHS  BXPC     00000001 BXPC 00000001)
[    0.010676] ACPI: WAET 0x000000003FFE2794 000028 (v01 BOCHS  BXPC     00000001 BXPC 00000001)
[    0.011311] ACPI: Reserving FACP table memory at [mem 0x3ffe2578-0x3ffe25eb]
[    0.011832] ACPI: Reserving DSDT table memory at [mem 0x3ffe0040-0x3ffe2577]
[    0.012354] ACPI: Reserving FACS table memory at [mem 0x3ffe0000-0x3ffe003f]
[    0.012879] ACPI: Reserving APIC table memory at [mem 0x3ffe25ec-0x3ffe275b]
[    0.013400] ACPI: Reserving HPET table memory at [mem 0x3ffe275c-0x3ffe2793]
[    0.013921] ACPI: Reserving WAET table memory at [mem 0x3ffe2794-0x3ffe27bb]
[    0.014638] No NUMA configuration found
[    0.014920] Faking a node at [mem 0x0000000000000000-0x000000003ffdffff]
[    0.015416] NODE_DATA(0) allocated [mem 0x3ffdb000-0x3ffdffff]
[    0.015861] Zone ranges:
[    0.016048]   DMA      [mem 0x0000000000001000-0x0000000000ffffff]
[    0.016503]   DMA32    [mem 0x0000000001000000-0x000000003ffdffff]
[    0.016958]   Normal   empty
[    0.017170]   Device   empty
[    0.017382] Movable zone start for each node
[    0.017695] Early memory node ranges
[    0.017957]   node   0: [mem 0x0000000000001000-0x000000000009efff]
[    0.018417]   node   0: [mem 0x0000000000100000-0x000000003ffdffff]
[    0.018878] Initmem setup node 0 [mem 0x0000000000001000-0x000000003ffdffff]
[    0.019401] On node 0, zone DMA: 1 pages in unavailable ranges
[    0.019886] On node 0, zone DMA: 97 pages in unavailable ranges
[    0.024461] On node 0, zone DMA32: 32 pages in unavailable ranges
[    0.033557] kasan: KernelAddressSanitizer initialized
[    0.034158] ACPI: PM-Timer IO Port: 0x608
[    0.034467] ACPI: LAPIC_NMI (acpi_id[0xff] dfl dfl lint[0x1])
[    0.034913] IOAPIC[0]: apic_id 0, version 17, address 0xfec00000, GSI 0-23
[    0.035434] ACPI: INT_SRC_OVR (bus 0 bus_irq 0 global_irq 2 dfl dfl)
[    0.035903] ACPI: INT_SRC_OVR (bus 0 bus_irq 5 global_irq 5 high level)
[    0.036390] ACPI: INT_SRC_OVR (bus 0 bus_irq 9 global_irq 9 high level)
[    0.036876] ACPI: INT_SRC_OVR (bus 0 bus_irq 10 global_irq 10 high level)
[    0.037377] ACPI: INT_SRC_OVR (bus 0 bus_irq 11 global_irq 11 high level)
[    0.037874] ACPI: Using ACPI (MADT) for SMP configuration information
[    0.038344] ACPI: HPET id: 0x8086a201 base: 0xfed00000
[    0.038721] TSC deadline timer available
[    0.039010] CPU topo: Max. logical packages:   1
[    0.039350] CPU topo: Max. logical dies:       1
[    0.039686] CPU topo: Max. dies per package:   1
[    0.040025] CPU topo: Max. threads per core:   1
[    0.040363] CPU topo: Num. cores per package:    32
[    0.040718] CPU topo: Num. threads per package:  32
[    0.041073] CPU topo: Allowing 32 present CPUs plus 0 hotplug CPUs
[    0.041540] kvm-guest: APIC: eoi() replaced with kvm_guest_apic_eoi_write()
[    0.042061] kvm-guest: KVM setup pv remote TLB flush
[    0.042425] kvm-guest: setup PV sched yield
[    0.042736] PM: hibernation: Registered nosave memory: [mem 0x00000000-0x00000fff]
[    0.043291] PM: hibernation: Registered nosave memory: [mem 0x0009f000-0x0009ffff]
[    0.043843] PM: hibernation: Registered nosave memory: [mem 0x000a0000-0x000effff]
[    0.044394] PM: hibernation: Registered nosave memory: [mem 0x000f0000-0x000fffff]
[    0.044946] [mem 0x40000000-0xfeffbfff] available for PCI devices
[    0.045389] Booting paravirtualized kernel on KVM
[    0.045732] clocksource: refined-jiffies: mask: 0xffffffff max_cycles: 0xffffffff, max_idle_ns: 1910969940391419 ns
[    0.054378] setup_percpu: NR_CPUS:64 nr_cpumask_bits:32 nr_cpu_ids:32 nr_node_ids:1
[    0.056176] percpu: Embedded 70 pages/cpu s248600 r8192 d29928 u524288
[    0.056713] Kernel command line: virtme_hostname=virtme-ng nr_open=1048576 virtme_link_mods=/nipa-data/kernel/.virtme_mods/lib/modules/0.0.0 virtme_initmount0=nipa-data/kernel virtme_rw_overlay0=/etc virtme_rw_overlay1=/lib virtme_rw_overlay2=/home virtme_rw_overlay3=/opt virtme_rw_overlay4=/srv virtme_rw_overlay5=/usr virtme_rw_overlay6=/var console=hvc0 earlyprintk=serial,ttyS0,115200 virtme_console=ttyS0 psmouse.proto=exps TERM=xterm virtme_chdir=nipa-data/kernel virtme_root_user=1 rootfstype=9p rootflags=version=9p2000.L,trans=virtio,access=any raid=noautodetect ro init=/usr/lib/python3.12/site-packages/virtme/guest/virtme-init
[    0.061063] Unknown kernel command line parameters "virtme_hostname=virtme-ng nr_open=1048576 virtme_link_mods=/nipa-data/kernel/.virtme_mods/lib/modules/0.0.0 virtme_initmount0=nipa-data/kernel virtme_rw_overlay0=/etc virtme_rw_overlay1=/lib virtme_rw_overlay2=/home virtme_rw_overlay3=/opt virtme_rw_overlay4=/srv virtme_rw_overlay5=/usr virtme_rw_overlay6=/var virtme_console=ttyS0 virtme_chdir=nipa-data/kernel virtme_root_user=1", will be passed to user space.
[    0.064345] random: crng init done
[    0.064721] Dentry cache hash table entries: 131072 (order: 8, 1048576 bytes, linear)
[    0.065328] Inode-cache hash table entries: 65536 (order: 7, 524288 bytes, linear)
[    0.066325] Fallback order for Node 0: 0 
[    0.066330] Built 1 zonelists, mobility grouping on.  Total pages: 262014
[    0.067151] Policy zone: DMA32
[    0.067393] mem auto-init: stack:all(zero), heap alloc:off, heap free:off, mlocked free:off
[    0.068027] stackdepot: allocating hash table via alloc_large_system_hash
[    0.068548] stackdepot hash table entries: 1048576 (order: 12, 16777216 bytes, linear)
[    0.076497] Memory: 781032K/1048056K available (43008K kernel code, 11201K rwdata, 9820K rodata, 5912K init, 2192K bss, 266768K reserved, 0K cma-reserved)
[    0.077726] SLUB: HWalign=64, Order=0-3, MinObjects=0, CPUs=32, Nodes=1
Poking KASLR using RDRAND RDTSC...
[    0.078521] ftrace: allocating 47997 entries in 188 pages
[    0.087078] ftrace: allocated 188 pages with 5 groups
[    0.088299] Dynamic Preempt: voluntary
[    0.089048] rcu: Preemptible hierarchical RCU implementation.
[    0.089483] rcu: RCU event tracing is enabled.
[    0.089825] rcu: RCU restricting CPUs from NR_CPUS=64 to nr_cpu_ids=32.
[    0.090331] Trampoline variant of Tasks RCU enabled.
[    0.090713] Rude variant of Tasks RCU enabled.
[    0.091056] Tracing variant of Tasks RCU enabled.
[    0.091422] rcu: RCU calculated value of scheduler-enlistment delay is 100 jiffies.
[    0.091998] rcu: Adjusting geometry for rcu_fanout_leaf=16, nr_cpu_ids=32
[    0.092577] RCU Tasks: Setting shift to 5 and lim to 1 rcu_task_cb_adjust=1.
[    0.093111] RCU Tasks Rude: Setting shift to 5 and lim to 1 rcu_task_cb_adjust=1.
[    0.093675] RCU Tasks Trace: Setting shift to 5 and lim to 1 rcu_task_cb_adjust=1.
[    0.102416] NR_IRQS: 4352, nr_irqs: 680, preallocated irqs: 16
[    0.103110] rcu: srcu_init: Setting srcu_struct sizes based on contention.
[    0.103837] Console: colour *CGA 80x25
[    0.104164] ACPI: Core revision 20240322
[    0.104607] clocksource: hpet: mask: 0xffffffff max_cycles: 0xffffffff, max_idle_ns: 19112604467 ns
[    0.105353] APIC: Switch to symmetric I/O mode setup
[    0.105729] APIC: Switched APIC routing to: physical flat
[    0.106132] kvm-guest: APIC: send_IPI_mask() replaced with kvm_send_ipi_mask()
[    0.106669] kvm-guest: APIC: send_IPI_mask_allbutself() replaced with kvm_send_ipi_mask_allbutself()
[    0.107393] kvm-guest: setup PV IPIs
[    0.108525] ..TIMER: vector=0x30 apic1=0 pin1=2 apic2=-1 pin2=-1
[    0.109318] tsc: Marking TSC unstable due to TSCs unsynchronized
[    0.110116] Calibrating delay loop (skipped) preset value.. 8983.11 BogoMIPS (lpj=4491556)
[    0.111187] x86/cpu: User Mode Instruction Prevention (UMIP) activated
[    0.112175] Last level iTLB entries: 4KB 512, 2MB 255, 4MB 127
[    0.113114] Last level dTLB entries: 4KB 512, 2MB 255, 4MB 127, 1GB 0
[    0.114120] Spectre V1 : Mitigation: usercopy/swapgs barriers and __user pointer sanitization
[    0.115119] Spectre V2 : Mitigation: Enhanced / Automatic IBRS
[    0.116114] Spectre V2 : Spectre v2 / SpectreRSB mitigation: Filling RSB on context switch
[    0.117117] Spectre V2 : mitigation: Enabling conditional Indirect Branch Prediction Barrier
[    0.118116] Speculative Store Bypass: Mitigation: Speculative Store Bypass disabled via prctl
[    0.119115] Speculative Return Stack Overflow: IBPB-extending microcode not applied!
[    0.120114] Speculative Return Stack Overflow: WARNING: See https://kernel.org/doc/html/latest/admin-guide/hw-vuln/srso.html for mitigation options.
[    0.120116] Speculative Return Stack Overflow: Vulnerable: Safe RET, no microcode
[    0.122130] x86/fpu: Supporting XSAVE feature 0x001: 'x87 floating point registers'
[    0.123114] x86/fpu: Supporting XSAVE feature 0x002: 'SSE registers'
[    0.124114] x86/fpu: Supporting XSAVE feature 0x004: 'AVX registers'
[    0.125114] x86/fpu: Supporting XSAVE feature 0x020: 'AVX-512 opmask'
[    0.125931] x86/fpu: Supporting XSAVE feature 0x040: 'AVX-512 Hi256'
[    0.126114] x86/fpu: Supporting XSAVE feature 0x080: 'AVX-512 ZMM_Hi256'
[    0.127114] x86/fpu: Supporting XSAVE feature 0x200: 'Protection Keys User registers'
[    0.128114] x86/fpu: xstate_offset[2]:  576, xstate_sizes[2]:  256
[    0.129114] x86/fpu: xstate_offset[5]:  832, xstate_sizes[5]:   64
[    0.130114] x86/fpu: xstate_offset[6]:  896, xstate_sizes[6]:  512
[    0.130902] x86/fpu: xstate_offset[7]: 1408, xstate_sizes[7]: 1024
[    0.131114] x86/fpu: xstate_offset[9]: 2432, xstate_sizes[9]:    8
[    0.132114] x86/fpu: Enabled xstate features 0x2e7, context size is 2440 bytes, using 'compacted' format.
[    0.155592] Freeing SMP alternatives memory: 40K
[    0.156115] pid_max: default: 32768 minimum: 301
[    0.156838] Mount-cache hash table entries: 2048 (order: 2, 16384 bytes, linear)
[    0.157116] Mountpoint-cache hash table entries: 2048 (order: 2, 16384 bytes, linear)
[    0.159538] smpboot: CPU0: AMD Ryzen 9 7950X 16-Core Processor (family: 0x19, model: 0x61, stepping: 0x2)
[    0.160578] Performance Events: Fam17h+ core perfctr, AMD PMU driver.
[    0.161119] ... version:                0
[    0.161627] ... bit width:              48
[    0.162116] ... generic registers:      6
[    0.162623] ... value mask:             0000ffffffffffff
[    0.163116] ... max period:             00007fffffffffff
[    0.163789] ... fixed-purpose events:   0
[    0.164116] ... event mask:             000000000000003f
[    0.164908] signal: max sigframe size: 3376
[    0.165163] rcu: Hierarchical SRCU implementation.
[    0.165782] rcu: Max phase no-delay instances is 400.
[    0.170315] smp: Bringing up secondary CPUs ...
[    0.171171] smpboot: x86: Booting SMP configuration:
[    0.171819] .... node  #0, CPUs:        #1  #2  #3  #4  #5  #6  #7  #8  #9 #10 #11 #12 #13 #14 #15 #16 #17 #18 #19 #20 #21 #22 #23 #24 #25 #26 #27 #28 #29 #30 #31
[    0.197284] smp: Brought up 1 node, 32 CPUs
[    0.198817] smpboot: Total of 32 processors activated (287459.58 BogoMIPS)
[    0.204316] devtmpfs: initialized
[    0.205285] x86/mm: Memory block size: 128MB
[    0.212795] clocksource: jiffies: mask: 0xffffffff max_cycles: 0xffffffff, max_idle_ns: 1911260446275000 ns
[    0.213122] futex hash table entries: 8192 (order: 7, 524288 bytes, linear)
[    0.214403] PM: RTC time: 06:27:50, date: 2024-06-16
[    0.215878] NET: Registered PF_NETLINK/PF_ROUTE protocol family
[    0.217004] thermal_sys: Registered thermal governor 'step_wise'
[    0.217007] thermal_sys: Registered thermal governor 'user_space'
[    0.217145] cpuidle: using governor menu
[    0.219669] PCI: Using configuration type 1 for base access
[    0.220116] PCI: Using configuration type 1 for extended access
[    0.220989] kprobes: kprobe jump-optimization is enabled. All kprobes are optimized if possible.
[    0.232301] HugeTLB: registered 1.00 GiB page size, pre-allocated 0 pages
[    0.233117] HugeTLB: 16380 KiB vmemmap can be freed for a 1.00 GiB page
[    0.233968] HugeTLB: registered 2.00 MiB page size, pre-allocated 0 pages
[    0.235116] HugeTLB: 28 KiB vmemmap can be freed for a 2.00 MiB page
[    0.236859] Demotion targets for Node 0: null
[    0.237428] ACPI: Added _OSI(Module Device)
[    0.238117] ACPI: Added _OSI(Processor Device)
[    0.238668] ACPI: Added _OSI(3.0 _SCP Extensions)
[    0.239116] ACPI: Added _OSI(Processor Aggregator Device)
[    0.270750] ACPI: 1 ACPI AML tables successfully acquired and loaded
[    0.274352] ACPI: _OSC evaluation for CPUs failed, trying _PDC
[    0.278221] ACPI: Interpreter enabled
[    0.278906] ACPI: PM: (supports S0 S3 S4 S5)
[    0.280118] ACPI: Using IOAPIC for interrupt routing
[    0.280987] PCI: Using host bridge windows from ACPI; if necessary, use "pci=nocrs" and report a bug
[    0.282117] PCI: Using E820 reservations for host bridge windows
[    0.284580] ACPI: Enabled 2 GPEs in block 00 to 0F
[    0.339017] ACPI: PCI Root Bridge [PCI0] (domain 0000 [bus 00-ff])
[    0.340132] acpi PNP0A03:00: _OSC: OS supports [ExtendedConfig ASPM ClockPM Segments MSI HPX-Type3]
[    0.341632] PCI host bridge to bus 0000:00
[    0.342120] pci_bus 0000:00: root bus resource [io  0x0000-0x0cf7 window]
[    0.342976] pci_bus 0000:00: root bus resource [io  0x0d00-0xffff window]
[    0.344119] pci_bus 0000:00: root bus resource [mem 0x000a0000-0x000bffff window]
[    0.345078] pci_bus 0000:00: root bus resource [mem 0x40000000-0xfebfffff window]
[    0.346119] pci_bus 0000:00: root bus resource [mem 0x100000000-0x17fffffff window]
[    0.347088] pci_bus 0000:00: root bus resource [bus 00-ff]
[    0.348259] pci 0000:00:00.0: [8086:1237] type 00 class 0x060000 conventional PCI endpoint
[    0.349982] pci 0000:00:01.0: [8086:7000] type 00 class 0x060100 conventional PCI endpoint
[    0.352019] pci 0000:00:01.1: [8086:7010] type 00 class 0x010180 conventional PCI endpoint
[    0.355117] pci 0000:00:01.1: BAR 4 [io  0xc0c0-0xc0cf]
[    0.356629] pci 0000:00:01.1: BAR 0 [io  0x01f0-0x01f7]: legacy IDE quirk
[    0.358117] pci 0000:00:01.1: BAR 1 [io  0x03f6]: legacy IDE quirk
[    0.358900] pci 0000:00:01.1: BAR 2 [io  0x0170-0x0177]: legacy IDE quirk
[    0.359116] pci 0000:00:01.1: BAR 3 [io  0x0376]: legacy IDE quirk
[    0.360617] pci 0000:00:01.3: [8086:7113] type 00 class 0x068000 conventional PCI endpoint
[    0.362366] pci 0000:00:01.3: quirk: [io  0x0600-0x063f] claimed by PIIX4 ACPI
[    0.364122] pci 0000:00:01.3: quirk: [io  0x0700-0x070f] claimed by PIIX4 SMB
[    0.365776] pci 0000:00:02.0: [1af4:1009] type 00 class 0x000200 conventional PCI endpoint
[    0.368117] pci 0000:00:02.0: BAR 0 [io  0xc000-0xc03f]
[    0.369821] pci 0000:00:02.0: BAR 1 [mem 0xfebfc000-0xfebfcfff]
[    0.376923] pci 0000:00:02.0: BAR 4 [mem 0xfebf0000-0xfebf3fff 64bit pref]
[    0.390709] pci 0000:00:03.0: [1af4:1009] type 00 class 0x000200 conventional PCI endpoint
[    0.393117] pci 0000:00:03.0: BAR 0 [io  0xc040-0xc07f]
[    0.394822] pci 0000:00:03.0: BAR 1 [mem 0xfebfd000-0xfebfdfff]
[    0.400845] pci 0000:00:03.0: BAR 4 [mem 0xfebf4000-0xfebf7fff 64bit pref]
[    0.415960] pci 0000:00:04.0: [8086:25ab] type 00 class 0x088000 conventional PCI endpoint
[    0.417521] pci 0000:00:04.0: BAR 0 [mem 0xfebfe000-0xfebfe00f]
[    0.435242] pci 0000:00:05.0: [1af4:1003] type 00 class 0x078000 conventional PCI endpoint
[    0.439117] pci 0000:00:05.0: BAR 0 [io  0xc080-0xc0bf]
[    0.442117] pci 0000:00:05.0: BAR 1 [mem 0xfebff000-0xfebfffff]
[    0.448117] pci 0000:00:05.0: BAR 4 [mem 0xfebf8000-0xfebfbfff 64bit pref]
[    0.471590] ACPI: PCI: Interrupt link LNKA configured for IRQ 10
[    0.474371] ACPI: PCI: Interrupt link LNKB configured for IRQ 10
[    0.476221] ACPI: PCI: Interrupt link LNKC configured for IRQ 11
[    0.477918] ACPI: PCI: Interrupt link LNKD configured for IRQ 11
[    0.479507] ACPI: PCI: Interrupt link LNKS configured for IRQ 9
[    0.498894] iommu: Default domain type: Translated
[    0.499116] iommu: DMA domain TLB invalidation policy: lazy mode
[    0.500384] SCSI subsystem initialized
[    0.501236] pps_core: LinuxPPS API ver. 1 registered
[    0.501898] pps_core: Software ver. 5.3.6 - Copyright 2005-2007 Rodolfo Giometti <giometti@linux.it>
[    0.503137] PTP clock support registered
[    0.504244] Advanced Linux Sound Architecture Driver Initialized.
[    0.506121] NET: Registered PF_ATMPVC protocol family
[    0.506786] NET: Registered PF_ATMSVC protocol family
[    0.508142] PCI: Using ACPI for IRQ routing
[    0.508829] vgaarb: loaded
[    0.509238] hpet0: at MMIO 0xfed00000, IRQs 2, 8, 0
[    0.509899] hpet0: 3 comparators, 64-bit 100.000000 MHz counter
[    0.516564] clocksource: Switched to clocksource kvm-clock
[    0.517839] VFS: Disk quotas dquot_6.6.0
[    0.518356] VFS: Dquot-cache hash table entries: 512 (order 0, 4096 bytes)
[    0.520004] pnp: PnP ACPI init
[    0.522826] pnp: PnP ACPI: found 5 devices
[    0.536553] clocksource: acpi_pm: mask: 0xffffff max_cycles: 0xffffff, max_idle_ns: 2085701024 ns
[    0.538113] NET: Registered PF_INET protocol family
[    0.538987] IP idents hash table entries: 16384 (order: 5, 131072 bytes, linear)
[    0.540780] tcp_listen_portaddr_hash hash table entries: 512 (order: 1, 8192 bytes, linear)
[    0.542178] Table-perturb hash table entries: 65536 (order: 6, 262144 bytes, linear)
[    0.543506] TCP established hash table entries: 8192 (order: 4, 65536 bytes, linear)
[    0.544814] TCP bind hash table entries: 8192 (order: 6, 262144 bytes, linear)
[    0.546141] TCP: Hash tables configured (established 8192 bind 8192)
[    0.547437] UDP hash table entries: 512 (order: 2, 16384 bytes, linear)
[    0.548607] UDP-Lite hash table entries: 512 (order: 2, 16384 bytes, linear)
[    0.550089] NET: Registered PF_UNIX/PF_LOCAL protocol family
[    0.551063] pci_bus 0000:00: resource 4 [io  0x0000-0x0cf7 window]
[    0.552099] pci_bus 0000:00: resource 5 [io  0x0d00-0xffff window]
[    0.553130] pci_bus 0000:00: resource 6 [mem 0x000a0000-0x000bffff window]
[    0.554276] pci_bus 0000:00: resource 7 [mem 0x40000000-0xfebfffff window]
[    0.555424] pci_bus 0000:00: resource 8 [mem 0x100000000-0x17fffffff window]
[    0.556874] pci 0000:00:01.0: PIIX3: Enabling Passive Release
[    0.557838] pci 0000:00:00.0: Limiting direct PCI/PCI transfers
[    0.558874] PCI: CLS 0 bytes, default 64
[    0.559637] kvm_intel: VMX not supported by CPU 1
[    0.560452] kvm_amd: TSC scaling supported
[    0.561144] kvm_amd: Nested Virtualization enabled
[    0.561941] kvm_amd: Nested Paging enabled
[    0.562624] kvm_amd: LBR virtualization supported
[    0.563420] kvm_amd: Virtual VMLOAD VMSAVE supported
[    0.564247] kvm_amd: Virtual GIF supported
[    0.564924] kvm_amd: Virtual NMI enabled
[    0.664291] Initialise system trusted keyrings
[    0.665219] workingset: timestamp_bits=56 max_order=18 bucket_order=0
[    0.666445] squashfs: version 4.0 (2009/01/31) Phillip Lougher
[    0.667435] fuse: init (API version 7.40)
[    0.668272] 9p: Installing v9fs 9p2000 file system support
[    0.682841] Key type asymmetric registered
[    0.683570] Asymmetric key parser 'x509' registered
[    0.684500] Block layer SCSI generic (bsg) driver version 0.4 loaded (major 249)
[    0.685807] io scheduler mq-deadline registered
[    0.686589] io scheduler kyber registered
[    0.689093] input: Power Button as /devices/LNXSYSTM:00/LNXPWRBN:00/input/input0
[    0.690691] ACPI: button: Power Button [PWRF]
[    0.691642] Warning: Processor Platform Limit event detected, but not handled.
[    0.692892] Consider compiling CPUfreq support into your kernel.
[    1.552762] ACPI: \_SB_.LNKB: Enabled at IRQ 10
[    2.392856] ACPI: \_SB_.LNKC: Enabled at IRQ 11
[    3.321874] ACPI: \_SB_.LNKA: Enabled at IRQ 10
[    3.323936] Serial: 8250/16550 driver, 4 ports, IRQ sharing enabled
[    3.325523] 00:03: ttyS0 at I/O 0x3f8 (irq = 4, base_baud = 115200) is a 16550A
[    3.357781] Non-volatile memory driver v1.3
[    3.358535] Linux agpgart interface v0.103
[    3.359254] printk: legacy console [hvc0] enabled
[    3.359505] ACPI: bus type drm_connector registered
[    3.360078] printk: legacy bootconsole [earlyser0] disabled
          _      _                                    
   __   _(_)_ __| |_ _ __ ___   ___       _ __   __ _ 
   \ \ / / |  __| __|  _   _ \ / _ \_____|  _ \ / _  |
    \ V /| | |  | |_| | | | | |  __/_____| | | | (_| |
     \_/ |_|_|   \__|_| |_| |_|\___|     |_| |_|\__  |
                                                |___/ 
   kernel version: 6.10.0-rc3-virtme x86_64
   (CTRL+d to exit)

virtme-ng:/nipa-data/kernel# PS1='xx__-> '
xx__-> env
PWD=/nipa-data/kernel
nr_open=1048576
HOME=/root
TERM=xterm
SHLVL=2
XDG_RUNTIME_DIR=/run/user/0
PATH=/bin:/sbin:/usr/bin:/usr/sbin:/usr/local/bin
OLDPWD=/
_=/usr/bin/env
xx__-> 