No EFI environment detected.
early console in extract_kernel
input_data: 0x0000000004e812c4
input_len: 0x00000000019a2e22
output: 0x0000000001000000
output_len: 0x00000000057ac0f8
kernel_total_size: 0x0000000005430000
needed_size: 0x0000000005800000
trampoline_32bit: 0x0000000000000000
Physical KASLR using RDRAND RDTSC...
Virtual KASLR using RDRAND RDTSC...

Decompressing Linux... Parsing ELF... Performing relocations... done.
Booting the kernel (entry_offset: 0x0000000002c0b7f8).
[    0.000000] Linux version 6.16.0-rc1-virtme (root@aa493d97ccfa) (gcc (Ubuntu 13.3.0-6ubuntu2~24.04) 13.3.0, GNU ld (GNU Binutils for Ubuntu) 2.42) #1 SMP PREEMPT_DYNAMIC Sun Jun 15 15:26:39 UTC 2025
[    0.000000] Command line: virtme_hostname=virtme-ng nr_open=1048576 virtme_link_mods=/nipa-data/kernel/.virtme_mods/lib/modules/0.0.0 virtme_initmount0=nipa-data/kernel virtme_rw_overlay0=/etc virtme_rw_overlay1=/lib virtme_rw_overlay2=/home virtme_rw_overlay3=/opt virtme_rw_overlay4=/srv virtme_rw_overlay5=/usr virtme_rw_overlay6=/var console=hvc0 earlyprintk=serial,ttyS0,115200 virtme_console=ttyS0 psmouse.proto=exps TERM=xterm virtme_chdir=nipa-data/kernel virtme_root_user=1 rootfstype=9p rootflags=version=9p2000.L,trans=virtio,access=any raid=noautodetect ro init=/usr/lib/python3/dist-packages/virtme/guest/virtme-init
[    0.000000] BIOS-provided physical RAM map:
[    0.000000] BIOS-e820: [mem 0x0000000000000000-0x000000000009fbff] usable
[    0.000000] BIOS-e820: [mem 0x000000000009fc00-0x000000000009ffff] reserved
[    0.000000] BIOS-e820: [mem 0x00000000000f0000-0x00000000000fffff] reserved
[    0.000000] BIOS-e820: [mem 0x0000000000100000-0x000000003ffdffff] usable
[    0.000000] BIOS-e820: [mem 0x000000003ffe0000-0x000000003fffffff] reserved
[    0.000000] BIOS-e820: [mem 0x00000000feffc000-0x00000000feffffff] reserved
[    0.000000] BIOS-e820: [mem 0x00000000fffc0000-0x00000000ffffffff] reserved
[    0.000000] BIOS-e820: [mem 0x000000fd00000000-0x000000ffffffffff] reserved
[    0.000000] printk: legacy bootconsole [earlyser0] enabled
[    0.000000] NX (Execute Disable) protection: active
[    0.000000] APIC: Static calls initialized
[    0.000000] SMBIOS 3.0.0 present.
[    0.000000] DMI: QEMU Ubuntu 24.04 PC (i440FX + PIIX, 1996), BIOS 1.16.3-debian-1.16.3-2 04/01/2014
[    0.000000] DMI: Memory slots populated: 1/1
[    0.000000] Hypervisor detected: KVM
[    0.000000] kvm-clock: Using msrs 4b564d01 and 4b564d00
[    0.000000] kvm-clock: using sched offset of 291016948 cycles
[    0.000362] clocksource: kvm-clock: mask: 0xffffffffffffffff max_cycles: 0x1cd42e4dffb, max_idle_ns: 881590591483 ns
[    0.001486] tsc: Detected 4491.564 MHz processor
[    0.002140] last_pfn = 0x3ffe0 max_arch_pfn = 0x400000000
[    0.002535] MTRR map: 4 entries (3 fixed + 1 variable; max 19), built from 8 variable MTRRs
[    0.003115] x86/PAT: Configuration [0-7]: WB  WC  UC- UC  WB  WP  UC- WT  
[    0.005012] found SMP MP-table at [mem 0x000f5470-0x000f547f]
[    0.005414] Using GB pages for direct mapping
[    0.005861] ACPI: Early table checksum verification disabled
[    0.006252] ACPI: RSDP 0x00000000000F5290 000014 (v00 BOCHS )
[    0.006650] ACPI: RSDT 0x000000003FFE27BC 000034 (v01 BOCHS  BXPC     00000001 BXPC 00000001)
[    0.007241] ACPI: FACP 0x000000003FFE2578 000074 (v01 BOCHS  BXPC     00000001 BXPC 00000001)
[    0.007833] ACPI: DSDT 0x000000003FFE0040 002538 (v01 BOCHS  BXPC     00000001 BXPC 00000001)
[    0.008422] ACPI: FACS 0x000000003FFE0000 000040
[    0.008742] ACPI: APIC 0x000000003FFE25EC 000170 (v03 BOCHS  BXPC     00000001 BXPC 00000001)
[    0.009330] ACPI: HPET 0x000000003FFE275C 000038 (v01 BOCHS  BXPC     00000001 BXPC 00000001)
[    0.009918] ACPI: WAET 0x000000003FFE2794 000028 (v01 BOCHS  BXPC     00000001 BXPC 00000001)
[    0.010506] ACPI: Reserving FACP table memory at [mem 0x3ffe2578-0x3ffe25eb]
[    0.010991] ACPI: Reserving DSDT table memory at [mem 0x3ffe0040-0x3ffe2577]
[    0.011479] ACPI: Reserving FACS table memory at [mem 0x3ffe0000-0x3ffe003f]
[    0.011964] ACPI: Reserving APIC table memory at [mem 0x3ffe25ec-0x3ffe275b]
[    0.012448] ACPI: Reserving HPET table memory at [mem 0x3ffe275c-0x3ffe2793]
[    0.012933] ACPI: Reserving WAET table memory at [mem 0x3ffe2794-0x3ffe27bb]
[    0.013605] No NUMA configuration found
[    0.013870] Faking a node at [mem 0x0000000000000000-0x000000003ffdffff]
[    0.014333] NODE_DATA(0) allocated [mem 0x3ffdb740-0x3ffdffff]
[    0.014751] Zone ranges:
[    0.014925]   DMA      [mem 0x0000000000001000-0x0000000000ffffff]
[    0.015355]   DMA32    [mem 0x0000000001000000-0x000000003ffdffff]
[    0.015790]   Normal   empty
[    0.015991]   Device   empty
[    0.016191] Movable zone start for each node
[    0.016487] Early memory node ranges
[    0.016738]   node   0: [mem 0x0000000000001000-0x000000000009efff]
[    0.017170]   node   0: [mem 0x0000000000100000-0x000000003ffdffff]
[    0.017601] Initmem setup node 0 [mem 0x0000000000001000-0x000000003ffdffff]
[    0.018092] On node 0, zone DMA: 1 pages in unavailable ranges
[    0.018542] On node 0, zone DMA: 97 pages in unavailable ranges
[    0.022896] On node 0, zone DMA32: 32 pages in unavailable ranges
[    0.031975] kasan: KernelAddressSanitizer initialized
[    0.032546] ACPI: PM-Timer IO Port: 0x608
[    0.032833] ACPI: LAPIC_NMI (acpi_id[0xff] dfl dfl lint[0x1])
[    0.033249] IOAPIC[0]: apic_id 0, version 17, address 0xfec00000, GSI 0-23
[    0.033724] ACPI: INT_SRC_OVR (bus 0 bus_irq 0 global_irq 2 dfl dfl)
[    0.034162] ACPI: INT_SRC_OVR (bus 0 bus_irq 5 global_irq 5 high level)
[    0.034617] ACPI: INT_SRC_OVR (bus 0 bus_irq 9 global_irq 9 high level)
[    0.035072] ACPI: INT_SRC_OVR (bus 0 bus_irq 10 global_irq 10 high level)
[    0.035559] ACPI: INT_SRC_OVR (bus 0 bus_irq 11 global_irq 11 high level)
[    0.036028] ACPI: Using ACPI (MADT) for SMP configuration information
[    0.036470] ACPI: HPET id: 0x8086a201 base: 0xfed00000
[    0.036826] TSC deadline timer available
[    0.037098] CPU topo: Max. logical packages:   1
[    0.037415] CPU topo: Max. logical dies:       1
[    0.037732] CPU topo: Max. dies per package:   1
[    0.038051] CPU topo: Max. threads per core:   1
[    0.038369] CPU topo: Num. cores per package:    32
[    0.038704] CPU topo: Num. threads per package:  32
[    0.039039] CPU topo: Allowing 32 present CPUs plus 0 hotplug CPUs
[    0.039481] kvm-guest: APIC: eoi() replaced with kvm_guest_apic_eoi_write()
[    0.039971] kvm-guest: KVM setup pv remote TLB flush
[    0.040313] kvm-guest: setup PV sched yield
[    0.040607] PM: hibernation: Registered nosave memory: [mem 0x00000000-0x00000fff]
[    0.041128] PM: hibernation: Registered nosave memory: [mem 0x0009f000-0x000fffff]
[    0.041650] [mem 0x40000000-0xfeffbfff] available for PCI devices
[    0.042071] Booting paravirtualized kernel on KVM
[    0.042394] clocksource: refined-jiffies: mask: 0xffffffff max_cycles: 0xffffffff, max_idle_ns: 1910969940391419 ns
[    0.050979] setup_percpu: NR_CPUS:64 nr_cpumask_bits:32 nr_cpu_ids:32 nr_node_ids:1
[    0.052738] percpu: Embedded 65 pages/cpu s229208 r8192 d28840 u524288
[    0.053259] Kernel command line: virtme_hostname=virtme-ng nr_open=1048576 virtme_link_mods=/nipa-data/kernel/.virtme_mods/lib/modules/0.0.0 virtme_initmount0=nipa-data/kernel virtme_rw_overlay0=/etc virtme_rw_overlay1=/lib virtme_rw_overlay2=/home virtme_rw_overlay3=/opt virtme_rw_overlay4=/srv virtme_rw_overlay5=/usr virtme_rw_overlay6=/var console=hvc0 earlyprintk=serial,ttyS0,115200 virtme_console=ttyS0 psmouse.proto=exps TERM=xterm virtme_chdir=nipa-data/kernel virtme_root_user=1 rootfstype=9p rootflags=version=9p2000.L,trans=virtio,access=any raid=noautodetect ro init=/usr/lib/python3/dist-packages/virtme/guest/virtme-init
[    0.057330] Unknown kernel command line parameters "virtme_hostname=virtme-ng nr_open=1048576 virtme_link_mods=/nipa-data/kernel/.virtme_mods/lib/modules/0.0.0 virtme_initmount0=nipa-data/kernel virtme_rw_overlay0=/etc virtme_rw_overlay1=/lib virtme_rw_overlay2=/home virtme_rw_overlay3=/opt virtme_rw_overlay4=/srv virtme_rw_overlay5=/usr virtme_rw_overlay6=/var virtme_console=ttyS0 virtme_chdir=nipa-data/kernel virtme_root_user=1", will be passed to user space.
[    0.060409] random: crng init done
[    0.060650] printk: log buffer data + meta data: 262144 + 917504 = 1179648 bytes
[    0.061192] Dentry cache hash table entries: 131072 (order: 8, 1048576 bytes, linear)
[    0.061843] Inode-cache hash table entries: 65536 (order: 7, 524288 bytes, linear)
[    0.063122] Fallback order for Node 0: 0 
[    0.063125] Built 1 zonelists, mobility grouping on.  Total pages: 262014
[    0.063897] Policy zone: DMA32
[    0.064115] mem auto-init: stack:all(zero), heap alloc:off, heap free:off
[    0.064596] stackdepot: allocating hash table via alloc_large_system_hash
[    0.065081] stackdepot hash table entries: 1048576 (order: 12, 16777216 bytes, linear)
[    0.072771] SLUB: HWalign=64, Order=0-3, MinObjects=0, CPUs=32, Nodes=1
Poking KASLR using RDRAND RDTSC...
[    0.081971] ftrace: allocating 49235 entries in 194 pages
[    0.082350] ftrace: allocated 194 pages with 3 groups
[    0.083572] Dynamic Preempt: voluntary
[    0.084293] rcu: Preemptible hierarchical RCU implementation.
[    0.084695] rcu: RCU event tracing is enabled.
[    0.085012] rcu: RCU restricting CPUs from NR_CPUS=64 to nr_cpu_ids=32.
[    0.085481] Trampoline variant of Tasks RCU enabled.
[    0.085838] Rude variant of Tasks RCU enabled.
[    0.086155] Tracing variant of Tasks RCU enabled.
[    0.086491] rcu: RCU calculated value of scheduler-enlistment delay is 100 jiffies.
[    0.087031] rcu: Adjusting geometry for rcu_fanout_leaf=16, nr_cpu_ids=32
[    0.087594] RCU Tasks: Setting shift to 5 and lim to 1 rcu_task_cb_adjust=1 rcu_task_cpu_ids=32.
[    0.088221] RCU Tasks Rude: Setting shift to 5 and lim to 1 rcu_task_cb_adjust=1 rcu_task_cpu_ids=32.
[    0.088881] RCU Tasks Trace: Setting shift to 5 and lim to 1 rcu_task_cb_adjust=1 rcu_task_cpu_ids=32.
[    0.098839] NR_IRQS: 4352, nr_irqs: 680, preallocated irqs: 16
[    0.099503] rcu: srcu_init: Setting srcu_struct sizes based on contention.
[    0.100375] Console: colour *CGA 80x25
[    0.100670] ACPI: Core revision 20250404
[    0.101101] clocksource: hpet: mask: 0xffffffff max_cycles: 0xffffffff, max_idle_ns: 19112604467 ns
[    0.101806] APIC: Switch to symmetric I/O mode setup
[    0.102307] x2apic enabled
[    0.102680] APIC: Switched APIC routing to: physical x2apic
[    0.103075] kvm-guest: APIC: send_IPI_mask() replaced with kvm_send_ipi_mask()
[    0.103641] kvm-guest: APIC: send_IPI_mask_allbutself() replaced with kvm_send_ipi_mask_allbutself()
[    0.104264] kvm-guest: setup PV IPIs
[    0.105330] ..TIMER: vector=0x30 apic1=0 pin1=2 apic2=-1 pin2=-1
[    0.106103] clocksource: tsc-early: mask: 0xffffffffffffffff max_cycles: 0x40be463295d, max_idle_ns: 440795209293 ns
[    0.107425] Calibrating delay loop (skipped) preset value.. 8983.12 BogoMIPS (lpj=4491564)
[    0.108490] x86/cpu: User Mode Instruction Prevention (UMIP) activated
[    0.109480] Last level iTLB entries: 4KB 512, 2MB 255, 4MB 127
[    0.110423] Last level dTLB entries: 4KB 512, 2MB 255, 4MB 127, 1GB 0
[    0.111433] Speculative Store Bypass: Mitigation: Speculative Store Bypass disabled via prctl
[    0.112424] Speculative Return Stack Overflow: IBPB-extending microcode not applied!
[    0.113423] Speculative Return Stack Overflow: WARNING: See https://kernel.org/doc/html/latest/admin-guide/hw-vuln/srso.html for mitigation options.
[    0.113424] Spectre V2 : Mitigation: Enhanced / Automatic IBRS
[    0.115423] Speculative Return Stack Overflow: Vulnerable: Safe RET, no microcode
[    0.116423] Spectre V1 : Mitigation: usercopy/swapgs barriers and __user pointer sanitization
[    0.117426] Spectre V2 : mitigation: Enabling conditional Indirect Branch Prediction Barrier
[    0.118439] x86/fpu: Supporting XSAVE feature 0x001: 'x87 floating point registers'
[    0.119423] x86/fpu: Supporting XSAVE feature 0x002: 'SSE registers'
[    0.120423] x86/fpu: Supporting XSAVE feature 0x004: 'AVX registers'
[    0.121423] x86/fpu: Supporting XSAVE feature 0x020: 'AVX-512 opmask'
[    0.122197] x86/fpu: Supporting XSAVE feature 0x040: 'AVX-512 Hi256'
[    0.122423] x86/fpu: Supporting XSAVE feature 0x080: 'AVX-512 ZMM_Hi256'
[    0.123423] x86/fpu: Supporting XSAVE feature 0x200: 'Protection Keys User registers'
[    0.124424] x86/fpu: xstate_offset[2]:  576, xstate_sizes[2]:  256
[    0.125423] x86/fpu: xstate_offset[5]:  832, xstate_sizes[5]:   64
[    0.126162] x86/fpu: xstate_offset[6]:  896, xstate_sizes[6]:  512
[    0.126423] x86/fpu: xstate_offset[7]: 1408, xstate_sizes[7]: 1024
[    0.127423] x86/fpu: xstate_offset[9]: 2432, xstate_sizes[9]:    8
[    0.128423] x86/fpu: Enabled xstate features 0x2e7, context size is 2440 bytes, using 'compacted' format.
[    0.150162] Freeing SMP alternatives memory: 40K
[    0.150425] pid_max: default: 32768 minimum: 301
[    0.151104] Mount-cache hash table entries: 2048 (order: 2, 16384 bytes, linear)
[    0.152314] Mountpoint-cache hash table entries: 2048 (order: 2, 16384 bytes, linear)
[    0.153929] smpboot: CPU0: AMD Ryzen 9 7950X 16-Core Processor (family: 0x19, model: 0x61, stepping: 0x2)
[    0.154866] Performance Events: Fam17h+ core perfctr, AMD PMU driver.
[    0.155427] ... version:                0
[    0.155912] ... bit width:              48
[    0.156402] ... generic registers:      6
[    0.156425] ... value mask:             0000ffffffffffff
[    0.157061] ... max period:             00007fffffffffff
[    0.157425] ... fixed-purpose events:   0
[    0.157911] ... event mask:             000000000000003f
[    0.158603] signal: max sigframe size: 3376
[    0.159157] rcu: Hierarchical SRCU implementation.
[    0.159426] rcu: Max phase no-delay instances is 400.
[    0.160123] Timer migration: 2 hierarchy levels; 8 children per group; 2 crossnode level
[    0.164380] smp: Bringing up secondary CPUs ...
[    0.164617] smpboot: x86: Booting SMP configuration:
[    0.165212] .... node  #0, CPUs:        #1  #2  #3  #4  #5  #6  #7  #8  #9 #10 #11 #12 #13 #14 #15 #16 #17 #18 #19 #20 #21 #22 #23 #24 #25 #26 #27 #28 #29 #30 #31
[    0.181522] smp: Brought up 1 node, 32 CPUs
[    0.182935] smpboot: Total of 32 processors activated (287460.09 BogoMIPS)
[    0.186634] Memory: 759284K/1048056K available (45102K kernel code, 11643K rwdata, 10364K rodata, 6184K init, 1192K bss, 272984K reserved, 0K cma-reserved)
[    0.187555] devtmpfs: initialized
[    0.188455] x86/mm: Memory block size: 128MB
[    0.195428] clocksource: jiffies: mask: 0xffffffff max_cycles: 0xffffffff, max_idle_ns: 1911260446275000 ns
[    0.196434] posixtimers hash table entries: 16384 (order: 6, 262144 bytes, linear)
[    0.197431] futex hash table entries: 8192 (524288 bytes on 1 NUMA nodes, total 512 KiB, linear).
[    0.198746] PM: RTC time: 15:27:01, date: 2025-06-15
[    0.200139] NET: Registered PF_NETLINK/PF_ROUTE protocol family
[    0.201289] thermal_sys: Registered thermal governor 'step_wise'
[    0.201318] cpuidle: using governor menu
[    0.202938] PCI: Using configuration type 1 for base access
[    0.203426] PCI: Using configuration type 1 for extended access
[    0.204289] kprobes: kprobe jump-optimization is enabled. All kprobes are optimized if possible.
[    0.216638] HugeTLB: allocation took 0ms with hugepage_allocation_threads=8
[    0.217456] HugeTLB: registered 1.00 GiB page size, pre-allocated 0 pages
[    0.218316] HugeTLB: 16380 KiB vmemmap can be freed for a 1.00 GiB page
[    0.219426] HugeTLB: registered 2.00 MiB page size, pre-allocated 0 pages
[    0.220276] HugeTLB: 28 KiB vmemmap can be freed for a 2.00 MiB page
[    0.221598] ACPI: Added _OSI(Module Device)
[    0.222131] ACPI: Added _OSI(Processor Device)
[    0.223426] ACPI: Added _OSI(Processor Aggregator Device)
[    0.248849] ACPI: 1 ACPI AML tables successfully acquired and loaded
[    0.253441] ACPI: Interpreter enabled
[    0.253975] ACPI: PM: (supports S0 S3 S4 S5)
[    0.254426] ACPI: Using IOAPIC for interrupt routing
[    0.255098] PCI: Using host bridge windows from ACPI; if necessary, use "pci=nocrs" and report a bug
[    0.256425] PCI: Using E820 reservations for host bridge windows
[    0.258299] ACPI: Enabled 2 GPEs in block 00 to 0F
[    0.308164] ACPI: PCI Root Bridge [PCI0] (domain 0000 [bus 00-ff])
[    0.309440] acpi PNP0A03:00: _OSC: OS supports [ExtendedConfig ASPM ClockPM Segments MSI HPX-Type3]
[    0.310953] PCI host bridge to bus 0000:00
[    0.311483] pci_bus 0000:00: root bus resource [io  0x0000-0x0cf7 window]
[    0.312325] pci_bus 0000:00: root bus resource [io  0x0d00-0xffff window]
[    0.313428] pci_bus 0000:00: root bus resource [mem 0x000a0000-0x000bffff window]
[    0.314371] pci_bus 0000:00: root bus resource [mem 0x40000000-0xfebfffff window]
[    0.315428] pci_bus 0000:00: root bus resource [mem 0x100000000-0x17fffffff window]
[    0.316388] pci_bus 0000:00: root bus resource [bus 00-ff]
[    0.316521] pci 0000:00:00.0: [8086:1237] type 00 class 0x060000 conventional PCI endpoint
[    0.319350] pci 0000:00:01.0: [8086:7000] type 00 class 0x060100 conventional PCI endpoint
[    0.320329] pci 0000:00:01.1: [8086:7010] type 00 class 0x010180 conventional PCI endpoint
[    0.321883] pci 0000:00:01.1: BAR 4 [io  0xc0c0-0xc0cf]
[    0.323444] pci 0000:00:01.1: BAR 0 [io  0x01f0-0x01f7]: legacy IDE quirk
[    0.324283] pci 0000:00:01.1: BAR 1 [io  0x03f6]: legacy IDE quirk
[    0.324425] pci 0000:00:01.1: BAR 2 [io  0x0170-0x0177]: legacy IDE quirk
[    0.325269] pci 0000:00:01.1: BAR 3 [io  0x0376]: legacy IDE quirk
[    0.327144] pci 0000:00:01.3: [8086:7113] type 00 class 0x068000 conventional PCI endpoint
[    0.328646] pci 0000:00:01.3: quirk: [io  0x0600-0x063f] claimed by PIIX4 ACPI
[    0.329430] pci 0000:00:01.3: quirk: [io  0x0700-0x070f] claimed by PIIX4 SMB
[    0.331094] pci 0000:00:02.0: [1af4:1009] type 00 class 0x000200 conventional PCI endpoint
[    0.332430] pci 0000:00:02.0: BAR 0 [io  0xc000-0xc03f]
[    0.333084] pci 0000:00:02.0: BAR 1 [mem 0xfebfc000-0xfebfcfff]
[    0.334441] pci 0000:00:02.0: BAR 4 [mem 0xfebf0000-0xfebf3fff 64bit pref]
[    0.347391] pci 0000:00:03.0: [1af4:1009] type 00 class 0x000200 conventional PCI endpoint
[    0.349430] pci 0000:00:03.0: BAR 0 [io  0xc040-0xc07f]
[    0.350099] pci 0000:00:03.0: BAR 1 [mem 0xfebfd000-0xfebfdfff]
[    0.350440] pci 0000:00:03.0: BAR 4 [mem 0xfebf4000-0xfebf7fff 64bit pref]
[    0.363338] pci 0000:00:04.0: [8086:25ab] type 00 class 0x088000 conventional PCI endpoint
[    0.364801] pci 0000:00:04.0: BAR 0 [mem 0xfebfe000-0xfebfe00f]
[    0.377320] pci 0000:00:05.0: [1af4:1003] type 00 class 0x078000 conventional PCI endpoint
[    0.379158] pci 0000:00:05.0: BAR 0 [io  0xc080-0xc0bf]
[    0.380430] pci 0000:00:05.0: BAR 1 [mem 0xfebff000-0xfebfffff]
[    0.381172] pci 0000:00:05.0: BAR 4 [mem 0xfebf8000-0xfebfbfff 64bit pref]
[    0.395907] ACPI: PCI: Interrupt link LNKA configured for IRQ 10
[    0.398417] ACPI: PCI: Interrupt link LNKB configured for IRQ 10
[    0.399399] ACPI: PCI: Interrupt link LNKC configured for IRQ 11
[    0.401394] ACPI: PCI: Interrupt link LNKD configured for IRQ 11
[    0.402829] ACPI: PCI: Interrupt link LNKS configured for IRQ 9
[    0.422925] iommu: Default domain type: Translated
[    0.423426] iommu: DMA domain TLB invalidation policy: lazy mode
[    0.426546] SCSI subsystem initialized
[    0.427656] pps_core: LinuxPPS API ver. 1 registered
[    0.428425] pps_core: Software ver. 5.3.6 - Copyright 2005-2007 Rodolfo Giometti <giometti@linux.it>
[    0.429442] PTP clock support registered
[    0.430014] Advanced Linux Sound Architecture Driver Initialized.
[    0.431569] NET: Registered PF_ATMPVC protocol family
[    0.432201] NET: Registered PF_ATMSVC protocol family
[    0.433464] PCI: Using ACPI for IRQ routing
[    0.434122] vgaarb: loaded
[    0.434547] hpet0: at MMIO 0xfed00000, IRQs 2, 8, 0
[    0.435157] hpet0: 3 comparators, 64-bit 100.000000 MHz counter
[    0.439559] clocksource: Switched to clocksource kvm-clock
[    0.441682] VFS: Disk quotas dquot_6.6.0
[    0.442185] VFS: Dquot-cache hash table entries: 512 (order 0, 4096 bytes)
[    0.446130] pnp: PnP ACPI init
[    0.451382] pnp: PnP ACPI: found 5 devices
[    0.463174] clocksource: acpi_pm: mask: 0xffffff max_cycles: 0xffffff, max_idle_ns: 2085701024 ns
[    0.464338] NET: Registered PF_INET protocol family
[    0.464985] IP idents hash table entries: 16384 (order: 5, 131072 bytes, linear)
[    0.466270] tcp_listen_portaddr_hash hash table entries: 512 (order: 1, 8192 bytes, linear)
[    0.467310] Table-perturb hash table entries: 65536 (order: 6, 262144 bytes, linear)
[    0.468288] TCP established hash table entries: 8192 (order: 4, 65536 bytes, linear)
[    0.469251] TCP bind hash table entries: 8192 (order: 6, 262144 bytes, linear)
[    0.470248] TCP: Hash tables configured (established 8192 bind 8192)
[    0.471199] UDP hash table entries: 512 (order: 3, 32768 bytes, linear)
[    0.472046] UDP-Lite hash table entries: 512 (order: 3, 32768 bytes, linear)
[    0.473145] NET: Registered PF_UNIX/PF_LOCAL protocol family
[    0.473869] pci_bus 0000:00: resource 4 [io  0x0000-0x0cf7 window]
[    0.474633] pci_bus 0000:00: resource 5 [io  0x0d00-0xffff window]
[    0.475391] pci_bus 0000:00: resource 6 [mem 0x000a0000-0x000bffff window]
[    0.476238] pci_bus 0000:00: resource 7 [mem 0x40000000-0xfebfffff window]
[    0.477086] pci_bus 0000:00: resource 8 [mem 0x100000000-0x17fffffff window]
[    0.478165] pci 0000:00:01.0: PIIX3: Enabling Passive Release
[    0.478881] pci 0000:00:00.0: Limiting direct PCI/PCI transfers
[    0.479650] PCI: CLS 0 bytes, default 64
[    0.480377] kvm_intel: VMX not supported by CPU 30
[    0.481002] kvm_amd: TSC scaling supported
[    0.481515] kvm_amd: Nested Virtualization enabled
[    0.482105] kvm_amd: Nested Paging enabled
[    0.482615] kvm_amd: LBR virtualization supported
[    0.483201] kvm_amd: Virtual GIF supported
[    0.483709] kvm_amd: Virtual NMI enabled
[    0.515328] clocksource: tsc: mask: 0xffffffffffffffff max_cycles: 0x40be463295d, max_idle_ns: 440795209293 ns
[    0.532282] Initialise system trusted keyrings
[    0.533178] workingset: timestamp_bits=56 max_order=18 bucket_order=0
[    0.534105] squashfs: version 4.0 (2009/01/31) Phillip Lougher
[    0.534848] fuse: init (API version 7.44)
[    0.535494] 9p: Installing v9fs 9p2000 file system support
[    0.545432] Key type asymmetric registered
[    0.545954] Asymmetric key parser 'x509' registered
[    0.546637] Block layer SCSI generic (bsg) driver version 0.4 loaded (major 249)
[    0.547589] io scheduler mq-deadline registered
[    0.548152] io scheduler kyber registered
[    0.550549] input: Power Button as /devices/LNXSYSTM:00/LNXPWRBN:00/input/input0
[    0.551720] ACPI: button: Power Button [PWRF]
[    0.553677] Warning: Processor Platform Limit event detected, but not handled.
[    0.554574] Consider compiling CPUfreq support into your kernel.
[    1.446319] ACPI: \_SB_.LNKB: Enabled at IRQ 10
[    2.332484] ACPI: \_SB_.LNKC: Enabled at IRQ 11
[    3.218819] ACPI: \_SB_.LNKA: Enabled at IRQ 10
[    3.220192] Serial: 8250/16550 driver, 4 ports, IRQ sharing enabled
[    3.221316] 00:03: ttyS0 at I/O 0x3f8 (irq = 4, base_baud = 115200) is a 16550A
[    3.244288] Non-volatile memory driver v1.3
[    3.244839] Linux agpgart interface v0.103
[    3.245588] ACPI: bus type drm_connector registered
[    3.246221] printk: legacy console [hvc0] enabled
[    3.246828] printk: legacy bootconsole [earlyser0] disabled
          _      _                                    
   __   _(_)_ __| |_ _ __ ___   ___       _ __   __ _ 
   \ \ / / |  __| __|  _   _ \ / _ \_____|  _ \ / _  |
    \ V /| | |  | |_| | | | | |  __/_____| | | | (_| |
     \_/ |_|_|   \__|_| |_| |_|\___|     |_| |_|\__  |
                                                |___/ 
   kernel version: 6.16.0-rc1-virtme x86_64
   (CTRL+d to exit)

root@virtme-ng:/nipa-data/kernel# PS1='xx__-> '
xx__-> env
PWD=/nipa-data/kernel
nr_open=1048576
HOME=/
TERM=xterm
SHLVL=2
XDG_RUNTIME_DIR=/run/user/0
PATH=/bin:/sbin:/usr/bin:/usr/sbin:/usr/local/bin
OLDPWD=/
_=/bin/env
xx__-> 