No EFI environment detected.
early console in extract_kernel
input_data: 0x0000000004c8b2c4
input_len: 0x0000000001995bad
output: 0x0000000001000000
output_len: 0x00000000055aac88
kernel_total_size: 0x0000000005230000
needed_size: 0x0000000005600000
trampoline_32bit: 0x0000000000000000
Physical KASLR using RDRAND RDTSC...
Virtual KASLR using RDRAND RDTSC...

Decompressing Linux... Parsing ELF... Performing relocations... done.
Booting the kernel (entry_offset: 0x0000000002bfacf0).
[    0.000000] Linux version 6.15.0-virtme (root@0c738af0cfc6) (gcc (Ubuntu 13.3.0-6ubuntu2~24.04) 13.3.0, GNU ld (GNU Binutils for Ubuntu) 2.42) #1 SMP PREEMPT_DYNAMIC Sat May 31 15:26:06 UTC 2025
[    0.000000] Command line: virtme_hostname=virtme-ng nr_open=1048576 virtme_link_mods=/nipa-data/kernel/.virtme_mods/lib/modules/0.0.0 virtme_initmount0=nipa-data/kernel virtme_rw_overlay0=/etc virtme_rw_overlay1=/lib virtme_rw_overlay2=/home virtme_rw_overlay3=/opt virtme_rw_overlay4=/srv virtme_rw_overlay5=/usr virtme_rw_overlay6=/var console=hvc0 earlyprintk=serial,ttyS0,115200 virtme_console=ttyS0 psmouse.proto=exps TERM=xterm virtme_chdir=nipa-data/kernel virtme_root_user=1 rootfstype=9p rootflags=version=9p2000.L,trans=virtio,access=any raid=noautodetect ro init=/usr/lib/python3/dist-packages/virtme/guest/virtme-init
[    0.000000] BIOS-provided physical RAM map:
[    0.000000] BIOS-e820: [mem 0x0000000000000000-0x000000000009fbff] usable
[    0.000000] BIOS-e820: [mem 0x000000000009fc00-0x000000000009ffff] reserved
[    0.000000] BIOS-e820: [mem 0x00000000000f0000-0x00000000000fffff] reserved
[    0.000000] BIOS-e820: [mem 0x0000000000100000-0x000000003ffdffff] usable
[    0.000000] BIOS-e820: [mem 0x000000003ffe0000-0x000000003fffffff] reserved
[    0.000000] BIOS-e820: [mem 0x00000000feffc000-0x00000000feffffff] reserved
[    0.000000] BIOS-e820: [mem 0x00000000fffc0000-0x00000000ffffffff] reserved
[    0.000000] BIOS-e820: [mem 0x000000fd00000000-0x000000ffffffffff] reserved
[    0.000000] printk: legacy bootconsole [earlyser0] enabled
[    0.000000] NX (Execute Disable) protection: active
[    0.000000] APIC: Static calls initialized
[    0.000000] SMBIOS 3.0.0 present.
[    0.000000] DMI: QEMU Ubuntu 24.04 PC (i440FX + PIIX, 1996), BIOS 1.16.3-debian-1.16.3-2 04/01/2014
[    0.000000] DMI: Memory slots populated: 1/1
[    0.000000] Hypervisor detected: KVM
[    0.000000] kvm-clock: Using msrs 4b564d01 and 4b564d00
[    0.000000] kvm-clock: using sched offset of 311161402 cycles
[    0.000362] clocksource: kvm-clock: mask: 0xffffffffffffffff max_cycles: 0x1cd42e4dffb, max_idle_ns: 881590591483 ns
[    0.001487] tsc: Detected 4491.564 MHz processor
[    0.002139] last_pfn = 0x3ffe0 max_arch_pfn = 0x400000000
[    0.002536] MTRR map: 4 entries (3 fixed + 1 variable; max 19), built from 8 variable MTRRs
[    0.003115] x86/PAT: Configuration [0-7]: WB  WC  UC- UC  WB  WP  UC- WT  
[    0.004989] found SMP MP-table at [mem 0x000f5470-0x000f547f]
[    0.005390] Using GB pages for direct mapping
[    0.005836] ACPI: Early table checksum verification disabled
[    0.006226] ACPI: RSDP 0x00000000000F5290 000014 (v00 BOCHS )
[    0.006627] ACPI: RSDT 0x000000003FFE27BC 000034 (v01 BOCHS  BXPC     00000001 BXPC 00000001)
[    0.007217] ACPI: FACP 0x000000003FFE2578 000074 (v01 BOCHS  BXPC     00000001 BXPC 00000001)
[    0.007809] ACPI: DSDT 0x000000003FFE0040 002538 (v01 BOCHS  BXPC     00000001 BXPC 00000001)
[    0.008397] ACPI: FACS 0x000000003FFE0000 000040
[    0.008716] ACPI: APIC 0x000000003FFE25EC 000170 (v03 BOCHS  BXPC     00000001 BXPC 00000001)
[    0.009304] ACPI: HPET 0x000000003FFE275C 000038 (v01 BOCHS  BXPC     00000001 BXPC 00000001)
[    0.009891] ACPI: WAET 0x000000003FFE2794 000028 (v01 BOCHS  BXPC     00000001 BXPC 00000001)
[    0.010478] ACPI: Reserving FACP table memory at [mem 0x3ffe2578-0x3ffe25eb]
[    0.010962] ACPI: Reserving DSDT table memory at [mem 0x3ffe0040-0x3ffe2577]
[    0.011449] ACPI: Reserving FACS table memory at [mem 0x3ffe0000-0x3ffe003f]
[    0.011932] ACPI: Reserving APIC table memory at [mem 0x3ffe25ec-0x3ffe275b]
[    0.012416] ACPI: Reserving HPET table memory at [mem 0x3ffe275c-0x3ffe2793]
[    0.012900] ACPI: Reserving WAET table memory at [mem 0x3ffe2794-0x3ffe27bb]
[    0.013575] No NUMA configuration found
[    0.013839] Faking a node at [mem 0x0000000000000000-0x000000003ffdffff]
[    0.014301] NODE_DATA(0) allocated [mem 0x3ffdb740-0x3ffdffff]
[    0.014718] Zone ranges:
[    0.014892]   DMA      [mem 0x0000000000001000-0x0000000000ffffff]
[    0.015317]   DMA32    [mem 0x0000000001000000-0x000000003ffdffff]
[    0.015745]   Normal   empty
[    0.015944]   Device   empty
[    0.016143] Movable zone start for each node
[    0.016436] Early memory node ranges
[    0.016681]   node   0: [mem 0x0000000000001000-0x000000000009efff]
[    0.017112]   node   0: [mem 0x0000000000100000-0x000000003ffdffff]
[    0.017543] Initmem setup node 0 [mem 0x0000000000001000-0x000000003ffdffff]
[    0.018031] On node 0, zone DMA: 1 pages in unavailable ranges
[    0.018485] On node 0, zone DMA: 97 pages in unavailable ranges
[    0.023019] On node 0, zone DMA32: 32 pages in unavailable ranges
[    0.031993] kasan: KernelAddressSanitizer initialized
[    0.032562] ACPI: PM-Timer IO Port: 0x608
[    0.032850] ACPI: LAPIC_NMI (acpi_id[0xff] dfl dfl lint[0x1])
[    0.033267] IOAPIC[0]: apic_id 0, version 17, address 0xfec00000, GSI 0-23
[    0.033741] ACPI: INT_SRC_OVR (bus 0 bus_irq 0 global_irq 2 dfl dfl)
[    0.034179] ACPI: INT_SRC_OVR (bus 0 bus_irq 5 global_irq 5 high level)
[    0.034634] ACPI: INT_SRC_OVR (bus 0 bus_irq 9 global_irq 9 high level)
[    0.035088] ACPI: INT_SRC_OVR (bus 0 bus_irq 10 global_irq 10 high level)
[    0.035568] ACPI: INT_SRC_OVR (bus 0 bus_irq 11 global_irq 11 high level)
[    0.036036] ACPI: Using ACPI (MADT) for SMP configuration information
[    0.036478] ACPI: HPET id: 0x8086a201 base: 0xfed00000
[    0.036833] TSC deadline timer available
[    0.037113] CPU topo: Max. logical packages:   1
[    0.037430] CPU topo: Max. logical dies:       1
[    0.037747] CPU topo: Max. dies per package:   1
[    0.038074] CPU topo: Max. threads per core:   1
[    0.038391] CPU topo: Num. cores per package:    32
[    0.038726] CPU topo: Num. threads per package:  32
[    0.039061] CPU topo: Allowing 32 present CPUs plus 0 hotplug CPUs
[    0.039506] kvm-guest: APIC: eoi() replaced with kvm_guest_apic_eoi_write()
[    0.039998] kvm-guest: KVM setup pv remote TLB flush
[    0.040341] kvm-guest: setup PV sched yield
[    0.040635] PM: hibernation: Registered nosave memory: [mem 0x00000000-0x00000fff]
[    0.041156] PM: hibernation: Registered nosave memory: [mem 0x0009f000-0x000fffff]
[    0.041677] [mem 0x40000000-0xfeffbfff] available for PCI devices
[    0.042095] Booting paravirtualized kernel on KVM
[    0.042419] clocksource: refined-jiffies: mask: 0xffffffff max_cycles: 0xffffffff, max_idle_ns: 1910969940391419 ns
[    0.050983] setup_percpu: NR_CPUS:64 nr_cpumask_bits:32 nr_cpu_ids:32 nr_node_ids:1
[    0.052739] percpu: Embedded 65 pages/cpu s229208 r8192 d28840 u524288
[    0.053264] Kernel command line: virtme_hostname=virtme-ng nr_open=1048576 virtme_link_mods=/nipa-data/kernel/.virtme_mods/lib/modules/0.0.0 virtme_initmount0=nipa-data/kernel virtme_rw_overlay0=/etc virtme_rw_overlay1=/lib virtme_rw_overlay2=/home virtme_rw_overlay3=/opt virtme_rw_overlay4=/srv virtme_rw_overlay5=/usr virtme_rw_overlay6=/var console=hvc0 earlyprintk=serial,ttyS0,115200 virtme_console=ttyS0 psmouse.proto=exps TERM=xterm virtme_chdir=nipa-data/kernel virtme_root_user=1 rootfstype=9p rootflags=version=9p2000.L,trans=virtio,access=any raid=noautodetect ro init=/usr/lib/python3/dist-packages/virtme/guest/virtme-init
[    0.057333] Unknown kernel command line parameters "virtme_hostname=virtme-ng nr_open=1048576 virtme_link_mods=/nipa-data/kernel/.virtme_mods/lib/modules/0.0.0 virtme_initmount0=nipa-data/kernel virtme_rw_overlay0=/etc virtme_rw_overlay1=/lib virtme_rw_overlay2=/home virtme_rw_overlay3=/opt virtme_rw_overlay4=/srv virtme_rw_overlay5=/usr virtme_rw_overlay6=/var virtme_console=ttyS0 virtme_chdir=nipa-data/kernel virtme_root_user=1", will be passed to user space.
[    0.060417] random: crng init done
[    0.060657] printk: log buffer data + meta data: 262144 + 917504 = 1179648 bytes
[    0.061199] Dentry cache hash table entries: 131072 (order: 8, 1048576 bytes, linear)
[    0.061766] Inode-cache hash table entries: 65536 (order: 7, 524288 bytes, linear)
[    0.062695] Fallback order for Node 0: 0 
[    0.062699] Built 1 zonelists, mobility grouping on.  Total pages: 262014
[    0.063468] Policy zone: DMA32
[    0.063684] mem auto-init: stack:all(zero), heap alloc:off, heap free:off
[    0.064164] stackdepot: allocating hash table via alloc_large_system_hash
[    0.064645] stackdepot hash table entries: 1048576 (order: 12, 16777216 bytes, linear)
[    0.072684] SLUB: HWalign=64, Order=0-3, MinObjects=0, CPUs=32, Nodes=1
Poking KASLR using RDRAND RDTSC...
[    0.081864] ftrace: allocating 49186 entries in 194 pages
[    0.082244] ftrace: allocated 194 pages with 3 groups
[    0.083460] Dynamic Preempt: voluntary
[    0.084178] rcu: Preemptible hierarchical RCU implementation.
[    0.084586] rcu: RCU event tracing is enabled.
[    0.084904] rcu: RCU restricting CPUs from NR_CPUS=64 to nr_cpu_ids=32.
[    0.085376] Trampoline variant of Tasks RCU enabled.
[    0.085731] Rude variant of Tasks RCU enabled.
[    0.086049] Tracing variant of Tasks RCU enabled.
[    0.086386] rcu: RCU calculated value of scheduler-enlistment delay is 100 jiffies.
[    0.086923] rcu: Adjusting geometry for rcu_fanout_leaf=16, nr_cpu_ids=32
[    0.087472] RCU Tasks: Setting shift to 5 and lim to 1 rcu_task_cb_adjust=1 rcu_task_cpu_ids=32.
[    0.088091] RCU Tasks Rude: Setting shift to 5 and lim to 1 rcu_task_cb_adjust=1 rcu_task_cpu_ids=32.
[    0.088741] RCU Tasks Trace: Setting shift to 5 and lim to 1 rcu_task_cb_adjust=1 rcu_task_cpu_ids=32.
[    0.098589] NR_IRQS: 4352, nr_irqs: 680, preallocated irqs: 16
[    0.099252] rcu: srcu_init: Setting srcu_struct sizes based on contention.
[    0.100126] Console: colour *CGA 80x25
[    0.100423] ACPI: Core revision 20250404
[    0.100848] clocksource: hpet: mask: 0xffffffff max_cycles: 0xffffffff, max_idle_ns: 19112604467 ns
[    0.101549] APIC: Switch to symmetric I/O mode setup
[    0.102036] x2apic enabled
[    0.102408] APIC: Switched APIC routing to: physical x2apic
[    0.102799] kvm-guest: APIC: send_IPI_mask() replaced with kvm_send_ipi_mask()
[    0.103308] kvm-guest: APIC: send_IPI_mask_allbutself() replaced with kvm_send_ipi_mask_allbutself()
[    0.104014] kvm-guest: setup PV IPIs
[    0.105081] ..TIMER: vector=0x30 apic1=0 pin1=2 apic2=-1 pin2=-1
[    0.105859] clocksource: tsc-early: mask: 0xffffffffffffffff max_cycles: 0x40be463295d, max_idle_ns: 440795209293 ns
[    0.107184] Calibrating delay loop (skipped) preset value.. 8983.12 BogoMIPS (lpj=4491564)
[    0.108248] x86/cpu: User Mode Instruction Prevention (UMIP) activated
[    0.109240] Last level iTLB entries: 4KB 512, 2MB 255, 4MB 127
[    0.110182] Last level dTLB entries: 4KB 512, 2MB 255, 4MB 127, 1GB 0
[    0.111192] Speculative Store Bypass: Mitigation: Speculative Store Bypass disabled via prctl
[    0.112183] Speculative Return Stack Overflow: IBPB-extending microcode not applied!
[    0.113182] Speculative Return Stack Overflow: WARNING: See https://kernel.org/doc/html/latest/admin-guide/hw-vuln/srso.html for mitigation options.
[    0.113184] Spectre V2 : Mitigation: Enhanced / Automatic IBRS
[    0.115183] Speculative Return Stack Overflow: Vulnerable: Safe RET, no microcode
[    0.116183] Spectre V1 : Mitigation: usercopy/swapgs barriers and __user pointer sanitization
[    0.117186] Spectre V2 : mitigation: Enabling conditional Indirect Branch Prediction Barrier
[    0.118198] x86/fpu: Supporting XSAVE feature 0x001: 'x87 floating point registers'
[    0.119182] x86/fpu: Supporting XSAVE feature 0x002: 'SSE registers'
[    0.120182] x86/fpu: Supporting XSAVE feature 0x004: 'AVX registers'
[    0.121182] x86/fpu: Supporting XSAVE feature 0x020: 'AVX-512 opmask'
[    0.121962] x86/fpu: Supporting XSAVE feature 0x040: 'AVX-512 Hi256'
[    0.122182] x86/fpu: Supporting XSAVE feature 0x080: 'AVX-512 ZMM_Hi256'
[    0.123182] x86/fpu: Supporting XSAVE feature 0x200: 'Protection Keys User registers'
[    0.124183] x86/fpu: xstate_offset[2]:  576, xstate_sizes[2]:  256
[    0.125182] x86/fpu: xstate_offset[5]:  832, xstate_sizes[5]:   64
[    0.126182] x86/fpu: xstate_offset[6]:  896, xstate_sizes[6]:  512
[    0.126918] x86/fpu: xstate_offset[7]: 1408, xstate_sizes[7]: 1024
[    0.127182] x86/fpu: xstate_offset[9]: 2432, xstate_sizes[9]:    8
[    0.128182] x86/fpu: Enabled xstate features 0x2e7, context size is 2440 bytes, using 'compacted' format.
[    0.150430] Freeing SMP alternatives memory: 40K
[    0.150994] pid_max: default: 32768 minimum: 301
[    0.151306] Mount-cache hash table entries: 2048 (order: 2, 16384 bytes, linear)
[    0.152184] Mountpoint-cache hash table entries: 2048 (order: 2, 16384 bytes, linear)
[    0.154218] smpboot: CPU0: AMD Ryzen 9 7950X 16-Core Processor (family: 0x19, model: 0x61, stepping: 0x2)
[    0.155619] Performance Events: Fam17h+ core perfctr, AMD PMU driver.
[    0.156186] ... version:                0
[    0.156667] ... bit width:              48
[    0.157157] ... generic registers:      6
[    0.157184] ... value mask:             0000ffffffffffff
[    0.157818] ... max period:             00007fffffffffff
[    0.158184] ... fixed-purpose events:   0
[    0.158662] ... event mask:             000000000000003f
[    0.159363] signal: max sigframe size: 3376
[    0.159914] rcu: Hierarchical SRCU implementation.
[    0.160185] rcu: Max phase no-delay instances is 400.
[    0.160882] Timer migration: 2 hierarchy levels; 8 children per group; 2 crossnode level
[    0.165073] smp: Bringing up secondary CPUs ...
[    0.165370] smpboot: x86: Booting SMP configuration:
[    0.165965] .... node  #0, CPUs:        #1  #2  #3  #4  #5  #6  #7  #8  #9 #10 #11 #12 #13 #14 #15 #16 #17 #18 #19 #20 #21 #22 #23 #24 #25 #26 #27 #28 #29 #30 #31
[    0.193341] smp: Brought up 1 node, 32 CPUs
[    0.194721] smpboot: Total of 32 processors activated (287460.09 BogoMIPS)
[    0.199386] Memory: 761600K/1048056K available (45036K kernel code, 11643K rwdata, 10312K rodata, 6184K init, 1196K bss, 270668K reserved, 0K cma-reserved)
[    0.200334] devtmpfs: initialized
[    0.201229] x86/mm: Memory block size: 128MB
[    0.208409] clocksource: jiffies: mask: 0xffffffff max_cycles: 0xffffffff, max_idle_ns: 1911260446275000 ns
[    0.209196] posixtimers hash table entries: 16384 (order: 6, 262144 bytes, linear)
[    0.210222] futex hash table entries: 8192 (524288 bytes on 1 NUMA nodes, total 512 KiB, linear).
[    0.211517] PM: RTC time: 15:26:27, date: 2025-05-31
[    0.213016] NET: Registered PF_NETLINK/PF_ROUTE protocol family
[    0.214084] thermal_sys: Registered thermal governor 'step_wise'
[    0.214115] cpuidle: using governor menu
[    0.215762] PCI: Using configuration type 1 for base access
[    0.216185] PCI: Using configuration type 1 for extended access
[    0.217062] kprobes: kprobe jump-optimization is enabled. All kprobes are optimized if possible.
[    0.231268] HugeTLB: allocation took 0ms with hugepage_allocation_threads=8
[    0.232223] HugeTLB: registered 1.00 GiB page size, pre-allocated 0 pages
[    0.233080] HugeTLB: 16380 KiB vmemmap can be freed for a 1.00 GiB page
[    0.233185] HugeTLB: registered 2.00 MiB page size, pre-allocated 0 pages
[    0.234037] HugeTLB: 28 KiB vmemmap can be freed for a 2.00 MiB page
[    0.236862] ACPI: Added _OSI(Module Device)
[    0.237185] ACPI: Added _OSI(Processor Device)
[    0.237741] ACPI: Added _OSI(Processor Aggregator Device)
[    0.262986] ACPI: 1 ACPI AML tables successfully acquired and loaded
[    0.268189] ACPI: Interpreter enabled
[    0.268716] ACPI: PM: (supports S0 S3 S4 S5)
[    0.269185] ACPI: Using IOAPIC for interrupt routing
[    0.269853] PCI: Using host bridge windows from ACPI; if necessary, use "pci=nocrs" and report a bug
[    0.271184] PCI: Using E820 reservations for host bridge windows
[    0.273050] ACPI: Enabled 2 GPEs in block 00 to 0F
[    0.323766] ACPI: PCI Root Bridge [PCI0] (domain 0000 [bus 00-ff])
[    0.324199] acpi PNP0A03:00: _OSC: OS supports [ExtendedConfig ASPM ClockPM Segments MSI HPX-Type3]
[    0.325711] PCI host bridge to bus 0000:00
[    0.326241] pci_bus 0000:00: root bus resource [io  0x0000-0x0cf7 window]
[    0.327084] pci_bus 0000:00: root bus resource [io  0x0d00-0xffff window]
[    0.328187] pci_bus 0000:00: root bus resource [mem 0x000a0000-0x000bffff window]
[    0.329122] pci_bus 0000:00: root bus resource [mem 0x40000000-0xfebfffff window]
[    0.330187] pci_bus 0000:00: root bus resource [mem 0x100000000-0x17fffffff window]
[    0.331139] pci_bus 0000:00: root bus resource [bus 00-ff]
[    0.331280] pci 0000:00:00.0: [8086:1237] type 00 class 0x060000 conventional PCI endpoint
[    0.334111] pci 0000:00:01.0: [8086:7000] type 00 class 0x060100 conventional PCI endpoint
[    0.335089] pci 0000:00:01.1: [8086:7010] type 00 class 0x010180 conventional PCI endpoint
[    0.336635] pci 0000:00:01.1: BAR 4 [io  0xc0c0-0xc0cf]
[    0.338203] pci 0000:00:01.1: BAR 0 [io  0x01f0-0x01f7]: legacy IDE quirk
[    0.339044] pci 0000:00:01.1: BAR 1 [io  0x03f6]: legacy IDE quirk
[    0.339184] pci 0000:00:01.1: BAR 2 [io  0x0170-0x0177]: legacy IDE quirk
[    0.340021] pci 0000:00:01.1: BAR 3 [io  0x0376]: legacy IDE quirk
[    0.341908] pci 0000:00:01.3: [8086:7113] type 00 class 0x068000 conventional PCI endpoint
[    0.343404] pci 0000:00:01.3: quirk: [io  0x0600-0x063f] claimed by PIIX4 ACPI
[    0.344188] pci 0000:00:01.3: quirk: [io  0x0700-0x070f] claimed by PIIX4 SMB
[    0.345867] pci 0000:00:02.0: [1af4:1009] type 00 class 0x000200 conventional PCI endpoint
[    0.347189] pci 0000:00:02.0: BAR 0 [io  0xc000-0xc03f]
[    0.347842] pci 0000:00:02.0: BAR 1 [mem 0xfebfc000-0xfebfcfff]
[    0.349199] pci 0000:00:02.0: BAR 4 [mem 0xfebf0000-0xfebf3fff 64bit pref]
[    0.362104] pci 0000:00:03.0: [1af4:1009] type 00 class 0x000200 conventional PCI endpoint
[    0.364189] pci 0000:00:03.0: BAR 0 [io  0xc040-0xc07f]
[    0.364860] pci 0000:00:03.0: BAR 1 [mem 0xfebfd000-0xfebfdfff]
[    0.365199] pci 0000:00:03.0: BAR 4 [mem 0xfebf4000-0xfebf7fff 64bit pref]
[    0.378189] pci 0000:00:04.0: [8086:25ab] type 00 class 0x088000 conventional PCI endpoint
[    0.379562] pci 0000:00:04.0: BAR 0 [mem 0xfebfe000-0xfebfe00f]
[    0.393052] pci 0000:00:05.0: [1af4:1003] type 00 class 0x078000 conventional PCI endpoint
[    0.394941] pci 0000:00:05.0: BAR 0 [io  0xc080-0xc0bf]
[    0.395189] pci 0000:00:05.0: BAR 1 [mem 0xfebff000-0xfebfffff]
[    0.395939] pci 0000:00:05.0: BAR 4 [mem 0xfebf8000-0xfebfbfff 64bit pref]
[    0.411649] ACPI: PCI: Interrupt link LNKA configured for IRQ 10
[    0.413172] ACPI: PCI: Interrupt link LNKB configured for IRQ 10
[    0.414152] ACPI: PCI: Interrupt link LNKC configured for IRQ 11
[    0.416148] ACPI: PCI: Interrupt link LNKD configured for IRQ 11
[    0.417584] ACPI: PCI: Interrupt link LNKS configured for IRQ 9
[    0.437731] iommu: Default domain type: Translated
[    0.438185] iommu: DMA domain TLB invalidation policy: lazy mode
[    0.441226] SCSI subsystem initialized
[    0.442420] pps_core: LinuxPPS API ver. 1 registered
[    0.443185] pps_core: Software ver. 5.3.6 - Copyright 2005-2007 Rodolfo Giometti <giometti@linux.it>
[    0.444200] PTP clock support registered
[    0.445302] Advanced Linux Sound Architecture Driver Initialized.
[    0.446360] NET: Registered PF_ATMPVC protocol family
[    0.446991] NET: Registered PF_ATMSVC protocol family
[    0.448226] PCI: Using ACPI for IRQ routing
[    0.449220] vgaarb: loaded
[    0.449305] hpet0: at MMIO 0xfed00000, IRQs 2, 8, 0
[    0.449915] hpet0: 3 comparators, 64-bit 100.000000 MHz counter
[    0.455710] clocksource: Switched to clocksource kvm-clock
[    0.456624] VFS: Disk quotas dquot_6.6.0
[    0.457122] VFS: Dquot-cache hash table entries: 512 (order 0, 4096 bytes)
[    0.458774] pnp: PnP ACPI init
[    0.461692] pnp: PnP ACPI: found 5 devices
[    0.473795] clocksource: acpi_pm: mask: 0xffffff max_cycles: 0xffffff, max_idle_ns: 2085701024 ns
[    0.474958] NET: Registered PF_INET protocol family
[    0.475620] IP idents hash table entries: 16384 (order: 5, 131072 bytes, linear)
[    0.476914] tcp_listen_portaddr_hash hash table entries: 512 (order: 1, 8192 bytes, linear)
[    0.477959] Table-perturb hash table entries: 65536 (order: 6, 262144 bytes, linear)
[    0.478936] TCP established hash table entries: 8192 (order: 4, 65536 bytes, linear)
[    0.479907] TCP bind hash table entries: 8192 (order: 6, 262144 bytes, linear)
[    0.480852] TCP: Hash tables configured (established 8192 bind 8192)
[    0.481823] UDP hash table entries: 512 (order: 3, 32768 bytes, linear)
[    0.482678] UDP-Lite hash table entries: 512 (order: 3, 32768 bytes, linear)
[    0.483789] NET: Registered PF_UNIX/PF_LOCAL protocol family
[    0.484516] pci_bus 0000:00: resource 4 [io  0x0000-0x0cf7 window]
[    0.485277] pci_bus 0000:00: resource 5 [io  0x0d00-0xffff window]
[    0.486045] pci_bus 0000:00: resource 6 [mem 0x000a0000-0x000bffff window]
[    0.486896] pci_bus 0000:00: resource 7 [mem 0x40000000-0xfebfffff window]
[    0.487749] pci_bus 0000:00: resource 8 [mem 0x100000000-0x17fffffff window]
[    0.488832] pci 0000:00:01.0: PIIX3: Enabling Passive Release
[    0.489551] pci 0000:00:00.0: Limiting direct PCI/PCI transfers
[    0.490316] PCI: CLS 0 bytes, default 64
[    0.490925] kvm_intel: VMX not supported by CPU 15
[    0.491681] kvm_amd: TSC scaling supported
[    0.492187] kvm_amd: Nested Virtualization enabled
[    0.492786] kvm_amd: Nested Paging enabled
[    0.493293] kvm_amd: LBR virtualization supported
[    0.493897] kvm_amd: Virtual GIF supported
[    0.494401] kvm_amd: Virtual NMI enabled
[    0.543344] clocksource: tsc: mask: 0xffffffffffffffff max_cycles: 0x40be463295d, max_idle_ns: 440795209293 ns
[    0.559291] Initialise system trusted keyrings
[    0.559996] workingset: timestamp_bits=56 max_order=18 bucket_order=0
[    0.560937] squashfs: version 4.0 (2009/01/31) Phillip Lougher
[    0.561704] fuse: init (API version 7.43)
[    0.562351] 9p: Installing v9fs 9p2000 file system support
[    0.572497] Key type asymmetric registered
[    0.573014] Asymmetric key parser 'x509' registered
[    0.573700] Block layer SCSI generic (bsg) driver version 0.4 loaded (major 249)
[    0.574666] io scheduler mq-deadline registered
[    0.575243] io scheduler kyber registered
[    0.577739] input: Power Button as /devices/LNXSYSTM:00/LNXPWRBN:00/input/input0
[    0.578916] ACPI: button: Power Button [PWRF]
[    0.580918] Warning: Processor Platform Limit event detected, but not handled.
[    0.581840] Consider compiling CPUfreq support into your kernel.
[    1.484048] ACPI: \_SB_.LNKB: Enabled at IRQ 10
[    2.375955] ACPI: \_SB_.LNKC: Enabled at IRQ 11
[    3.267055] ACPI: \_SB_.LNKA: Enabled at IRQ 10
[    3.268510] Serial: 8250/16550 driver, 4 ports, IRQ sharing enabled
[    3.269627] 00:03: ttyS0 at I/O 0x3f8 (irq = 4, base_baud = 115200) is a 16550A
[    3.303262] Non-volatile memory driver v1.3
[    3.303830] Linux agpgart interface v0.103
[    3.304592] ACPI: bus type drm_connector registered
[    3.305204] printk: legacy console [hvc0] enabled
[    3.305801] printk: legacy bootconsole [earlyser0] disabled
          _      _                                    
   __   _(_)_ __| |_ _ __ ___   ___       _ __   __ _ 
   \ \ / / |  __| __|  _   _ \ / _ \_____|  _ \ / _  |
    \ V /| | |  | |_| | | | | |  __/_____| | | | (_| |
     \_/ |_|_|   \__|_| |_| |_|\___|     |_| |_|\__  |
                                                |___/ 
   kernel version: 6.15.0-virtme x86_64
   (CTRL+d to exit)

root@virtme-ng:/nipa-data/kernel# PS1='xx__-> '
xx__-> env
PWD=/nipa-data/kernel
nr_open=1048576
HOME=/
TERM=xterm
SHLVL=2
XDG_RUNTIME_DIR=/run/user/0
PATH=/bin:/sbin:/usr/bin:/usr/sbin:/usr/local/bin
OLDPWD=/
_=/bin/env
xx__-> 