No EFI environment detected.
early console in extract_kernel
input_data: 0x0000000004a8c2c4
input_len: 0x0000000001947826
output: 0x0000000001000000
output_len: 0x000000000535f800
kernel_total_size: 0x0000000005030000
needed_size: 0x0000000005400000
trampoline_32bit: 0x0000000000000000
Physical KASLR using RDRAND RDTSC...
Virtual KASLR using RDRAND RDTSC...

Decompressing Linux... Parsing ELF... Performing relocations... done.
Booting the kernel (entry_offset: 0x0000000002b76f70).
[    0.000000] Linux version 6.14.0-virtme (root@2bd695e933e1) (gcc (Ubuntu 13.3.0-6ubuntu2~24.04) 13.3.0, GNU ld (GNU Binutils for Ubuntu) 2.42) #1 SMP PREEMPT_DYNAMIC Fri Mar 28 18:27:11 UTC 2025
[    0.000000] Command line: virtme_hostname=virtme-ng nr_open=1048576 virtme_link_mods=/nipa-data/kernel/.virtme_mods/lib/modules/0.0.0 virtme_initmount0=nipa-data/kernel virtme_rw_overlay0=/etc virtme_rw_overlay1=/lib virtme_rw_overlay2=/home virtme_rw_overlay3=/opt virtme_rw_overlay4=/srv virtme_rw_overlay5=/usr virtme_rw_overlay6=/var console=hvc0 earlyprintk=serial,ttyS0,115200 virtme_console=ttyS0 psmouse.proto=exps TERM=xterm virtme_chdir=nipa-data/kernel virtme_root_user=1 rootfstype=9p rootflags=version=9p2000.L,trans=virtio,access=any raid=noautodetect ro init=/usr/lib/python3/dist-packages/virtme/guest/virtme-init
[    0.000000] BIOS-provided physical RAM map:
[    0.000000] BIOS-e820: [mem 0x0000000000000000-0x000000000009fbff] usable
[    0.000000] BIOS-e820: [mem 0x000000000009fc00-0x000000000009ffff] reserved
[    0.000000] BIOS-e820: [mem 0x00000000000f0000-0x00000000000fffff] reserved
[    0.000000] BIOS-e820: [mem 0x0000000000100000-0x000000003ffdffff] usable
[    0.000000] BIOS-e820: [mem 0x000000003ffe0000-0x000000003fffffff] reserved
[    0.000000] BIOS-e820: [mem 0x00000000feffc000-0x00000000feffffff] reserved
[    0.000000] BIOS-e820: [mem 0x00000000fffc0000-0x00000000ffffffff] reserved
[    0.000000] BIOS-e820: [mem 0x000000fd00000000-0x000000ffffffffff] reserved
[    0.000000] printk: legacy bootconsole [earlyser0] enabled
[    0.000000] NX (Execute Disable) protection: active
[    0.000000] APIC: Static calls initialized
[    0.000000] SMBIOS 3.0.0 present.
[    0.000000] DMI: QEMU Ubuntu 24.04 PC (i440FX + PIIX, 1996), BIOS 1.16.3-debian-1.16.3-2 04/01/2014
[    0.000000] DMI: Memory slots populated: 1/1
[    0.000000] Hypervisor detected: KVM
[    0.000000] kvm-clock: Using msrs 4b564d01 and 4b564d00
[    0.000000] kvm-clock: using sched offset of 339738610 cycles
[    0.000359] clocksource: kvm-clock: mask: 0xffffffffffffffff max_cycles: 0x1cd42e4dffb, max_idle_ns: 881590591483 ns
[    0.001471] tsc: Detected 4491.560 MHz processor
[    0.002119] last_pfn = 0x3ffe0 max_arch_pfn = 0x400000000
[    0.002511] MTRR map: 4 entries (3 fixed + 1 variable; max 19), built from 8 variable MTRRs
[    0.003083] x86/PAT: Configuration [0-7]: WB  WC  UC- UC  WB  WP  UC- WT  
[    0.004953] found SMP MP-table at [mem 0x000f5470-0x000f547f]
[    0.005353] Using GB pages for direct mapping
[    0.005798] ACPI: Early table checksum verification disabled
[    0.006184] ACPI: RSDP 0x00000000000F5290 000014 (v00 BOCHS )
[    0.006578] ACPI: RSDT 0x000000003FFE27BC 000034 (v01 BOCHS  BXPC     00000001 BXPC 00000001)
[    0.007161] ACPI: FACP 0x000000003FFE2578 000074 (v01 BOCHS  BXPC     00000001 BXPC 00000001)
[    0.007743] ACPI: DSDT 0x000000003FFE0040 002538 (v01 BOCHS  BXPC     00000001 BXPC 00000001)
[    0.008325] ACPI: FACS 0x000000003FFE0000 000040
[    0.008641] ACPI: APIC 0x000000003FFE25EC 000170 (v03 BOCHS  BXPC     00000001 BXPC 00000001)
[    0.009223] ACPI: HPET 0x000000003FFE275C 000038 (v01 BOCHS  BXPC     00000001 BXPC 00000001)
[    0.009808] ACPI: WAET 0x000000003FFE2794 000028 (v01 BOCHS  BXPC     00000001 BXPC 00000001)
[    0.010389] ACPI: Reserving FACP table memory at [mem 0x3ffe2578-0x3ffe25eb]
[    0.010870] ACPI: Reserving DSDT table memory at [mem 0x3ffe0040-0x3ffe2577]
[    0.011349] ACPI: Reserving FACS table memory at [mem 0x3ffe0000-0x3ffe003f]
[    0.011828] ACPI: Reserving APIC table memory at [mem 0x3ffe25ec-0x3ffe275b]
[    0.012307] ACPI: Reserving HPET table memory at [mem 0x3ffe275c-0x3ffe2793]
[    0.012788] ACPI: Reserving WAET table memory at [mem 0x3ffe2794-0x3ffe27bb]
[    0.013452] No NUMA configuration found
[    0.013714] Faking a node at [mem 0x0000000000000000-0x000000003ffdffff]
[    0.014171] NODE_DATA(0) allocated [mem 0x3ffdb780-0x3ffdffff]
[    0.014583] Zone ranges:
[    0.014757]   DMA      [mem 0x0000000000001000-0x0000000000ffffff]
[    0.015179]   DMA32    [mem 0x0000000001000000-0x000000003ffdffff]
[    0.015600]   Normal   empty
[    0.015797]   Device   empty
[    0.015994] Movable zone start for each node
[    0.016284] Early memory node ranges
[    0.016527]   node   0: [mem 0x0000000000001000-0x000000000009efff]
[    0.016954]   node   0: [mem 0x0000000000100000-0x000000003ffdffff]
[    0.017381] Initmem setup node 0 [mem 0x0000000000001000-0x000000003ffdffff]
[    0.017868] On node 0, zone DMA: 1 pages in unavailable ranges
[    0.018319] On node 0, zone DMA: 97 pages in unavailable ranges
[    0.022850] On node 0, zone DMA32: 32 pages in unavailable ranges
[    0.031577] kasan: KernelAddressSanitizer initialized
[    0.032140] ACPI: PM-Timer IO Port: 0x608
[    0.032424] ACPI: LAPIC_NMI (acpi_id[0xff] dfl dfl lint[0x1])
[    0.032837] IOAPIC[0]: apic_id 0, version 17, address 0xfec00000, GSI 0-23
[    0.033305] ACPI: INT_SRC_OVR (bus 0 bus_irq 0 global_irq 2 dfl dfl)
[    0.033748] ACPI: INT_SRC_OVR (bus 0 bus_irq 5 global_irq 5 high level)
[    0.034198] ACPI: INT_SRC_OVR (bus 0 bus_irq 9 global_irq 9 high level)
[    0.034649] ACPI: INT_SRC_OVR (bus 0 bus_irq 10 global_irq 10 high level)
[    0.035111] ACPI: INT_SRC_OVR (bus 0 bus_irq 11 global_irq 11 high level)
[    0.035575] ACPI: Using ACPI (MADT) for SMP configuration information
[    0.036012] ACPI: HPET id: 0x8086a201 base: 0xfed00000
[    0.036362] TSC deadline timer available
[    0.036631] CPU topo: Max. logical packages:   1
[    0.036945] CPU topo: Max. logical dies:       1
[    0.037259] CPU topo: Max. dies per package:   1
[    0.037578] CPU topo: Max. threads per core:   1
[    0.037892] CPU topo: Num. cores per package:    32
[    0.038224] CPU topo: Num. threads per package:  32
[    0.038556] CPU topo: Allowing 32 present CPUs plus 0 hotplug CPUs
[    0.038991] kvm-guest: APIC: eoi() replaced with kvm_guest_apic_eoi_write()
[    0.039477] kvm-guest: KVM setup pv remote TLB flush
[    0.039816] kvm-guest: setup PV sched yield
[    0.040107] PM: hibernation: Registered nosave memory: [mem 0x00000000-0x00000fff]
[    0.040623] PM: hibernation: Registered nosave memory: [mem 0x0009f000-0x0009ffff]
[    0.041137] PM: hibernation: Registered nosave memory: [mem 0x000a0000-0x000effff]
[    0.041654] PM: hibernation: Registered nosave memory: [mem 0x000f0000-0x000fffff]
[    0.042170] [mem 0x40000000-0xfeffbfff] available for PCI devices
[    0.042585] Booting paravirtualized kernel on KVM
[    0.042905] clocksource: refined-jiffies: mask: 0xffffffff max_cycles: 0xffffffff, max_idle_ns: 1910969940391419 ns
[    0.051354] setup_percpu: NR_CPUS:64 nr_cpumask_bits:32 nr_cpu_ids:32 nr_node_ids:1
[    0.053078] percpu: Embedded 65 pages/cpu s227736 r8192 d30312 u524288
[    0.053597] Kernel command line: virtme_hostname=virtme-ng nr_open=1048576 virtme_link_mods=/nipa-data/kernel/.virtme_mods/lib/modules/0.0.0 virtme_initmount0=nipa-data/kernel virtme_rw_overlay0=/etc virtme_rw_overlay1=/lib virtme_rw_overlay2=/home virtme_rw_overlay3=/opt virtme_rw_overlay4=/srv virtme_rw_overlay5=/usr virtme_rw_overlay6=/var console=hvc0 earlyprintk=serial,ttyS0,115200 virtme_console=ttyS0 psmouse.proto=exps TERM=xterm virtme_chdir=nipa-data/kernel virtme_root_user=1 rootfstype=9p rootflags=version=9p2000.L,trans=virtio,access=any raid=noautodetect ro init=/usr/lib/python3/dist-packages/virtme/guest/virtme-init
[    0.057636] Unknown kernel command line parameters "virtme_hostname=virtme-ng nr_open=1048576 virtme_link_mods=/nipa-data/kernel/.virtme_mods/lib/modules/0.0.0 virtme_initmount0=nipa-data/kernel virtme_rw_overlay0=/etc virtme_rw_overlay1=/lib virtme_rw_overlay2=/home virtme_rw_overlay3=/opt virtme_rw_overlay4=/srv virtme_rw_overlay5=/usr virtme_rw_overlay6=/var virtme_console=ttyS0 virtme_chdir=nipa-data/kernel virtme_root_user=1", will be passed to user space.
[    0.060696] random: crng init done
[    0.060934] printk: log buffer data + meta data: 262144 + 917504 = 1179648 bytes
[    0.061494] Dentry cache hash table entries: 131072 (order: 8, 1048576 bytes, linear)
[    0.062064] Inode-cache hash table entries: 65536 (order: 7, 524288 bytes, linear)
[    0.063016] Fallback order for Node 0: 0 
[    0.063020] Built 1 zonelists, mobility grouping on.  Total pages: 262014
[    0.063776] Policy zone: DMA32
[    0.063990] mem auto-init: stack:all(zero), heap alloc:off, heap free:off
[    0.064470] stackdepot: allocating hash table via alloc_large_system_hash
[    0.064948] stackdepot hash table entries: 1048576 (order: 12, 16777216 bytes, linear)
[    0.072952] SLUB: HWalign=64, Order=0-3, MinObjects=0, CPUs=32, Nodes=1
Poking KASLR using RDRAND RDTSC...
[    0.073720] ftrace: allocating 49196 entries in 193 pages
[    0.082133] ftrace: allocated 193 pages with 3 groups
[    0.083320] Dynamic Preempt: voluntary
[    0.083999] rcu: Preemptible hierarchical RCU implementation.
[    0.084398] rcu: RCU event tracing is enabled.
[    0.084712] rcu: RCU restricting CPUs from NR_CPUS=64 to nr_cpu_ids=32.
[    0.085178] Trampoline variant of Tasks RCU enabled.
[    0.085537] Rude variant of Tasks RCU enabled.
[    0.085852] Tracing variant of Tasks RCU enabled.
[    0.086185] rcu: RCU calculated value of scheduler-enlistment delay is 100 jiffies.
[    0.086717] rcu: Adjusting geometry for rcu_fanout_leaf=16, nr_cpu_ids=32
[    0.087252] RCU Tasks: Setting shift to 5 and lim to 1 rcu_task_cb_adjust=1 rcu_task_cpu_ids=32.
[    0.087867] RCU Tasks Rude: Setting shift to 5 and lim to 1 rcu_task_cb_adjust=1 rcu_task_cpu_ids=32.
[    0.088511] RCU Tasks Trace: Setting shift to 5 and lim to 1 rcu_task_cb_adjust=1 rcu_task_cpu_ids=32.
[    0.097674] NR_IRQS: 4352, nr_irqs: 680, preallocated irqs: 16
[    0.098327] rcu: srcu_init: Setting srcu_struct sizes based on contention.
[    0.099175] Console: colour *CGA 80x25
[    0.099470] ACPI: Core revision 20240827
[    0.099890] clocksource: hpet: mask: 0xffffffff max_cycles: 0xffffffff, max_idle_ns: 19112604467 ns
[    0.100591] APIC: Switch to symmetric I/O mode setup
[    0.100959] kvm-guest: APIC: send_IPI_mask() replaced with kvm_send_ipi_mask()
[    0.101504] kvm-guest: APIC: send_IPI_mask_allbutself() replaced with kvm_send_ipi_mask_allbutself()
[    0.102141] kvm-guest: setup PV IPIs
[    0.103217] ..TIMER: vector=0x30 apic1=0 pin1=2 apic2=-1 pin2=-1
[    0.103987] clocksource: tsc-early: mask: 0xffffffffffffffff max_cycles: 0x40be4320a4d, max_idle_ns: 440795288133 ns
[    0.105291] Calibrating delay loop (skipped) preset value.. 8983.12 BogoMIPS (lpj=4491560)
[    0.106354] x86/cpu: User Mode Instruction Prevention (UMIP) activated
[    0.107345] Last level iTLB entries: 4KB 512, 2MB 255, 4MB 127
[    0.108289] Last level dTLB entries: 4KB 512, 2MB 255, 4MB 127, 1GB 0
[    0.109294] Spectre V1 : Mitigation: usercopy/swapgs barriers and __user pointer sanitization
[    0.110293] Spectre V2 : Mitigation: Enhanced / Automatic IBRS
[    0.111007] Spectre V2 : Spectre v2 / SpectreRSB mitigation: Filling RSB on context switch
[    0.112290] Spectre V2 : mitigation: Enabling conditional Indirect Branch Prediction Barrier
[    0.113291] Speculative Store Bypass: Mitigation: Speculative Store Bypass disabled via prctl
[    0.114290] Speculative Return Stack Overflow: IBPB-extending microcode not applied!
[    0.115289] Speculative Return Stack Overflow: WARNING: See https://kernel.org/doc/html/latest/admin-guide/hw-vuln/srso.html for mitigation options.
[    0.115291] Speculative Return Stack Overflow: Vulnerable: Safe RET, no microcode
[    0.117304] x86/fpu: Supporting XSAVE feature 0x001: 'x87 floating point registers'
[    0.118289] x86/fpu: Supporting XSAVE feature 0x002: 'SSE registers'
[    0.119289] x86/fpu: Supporting XSAVE feature 0x004: 'AVX registers'
[    0.120289] x86/fpu: Supporting XSAVE feature 0x020: 'AVX-512 opmask'
[    0.121054] x86/fpu: Supporting XSAVE feature 0x040: 'AVX-512 Hi256'
[    0.121289] x86/fpu: Supporting XSAVE feature 0x080: 'AVX-512 ZMM_Hi256'
[    0.122289] x86/fpu: Supporting XSAVE feature 0x200: 'Protection Keys User registers'
[    0.123289] x86/fpu: xstate_offset[2]:  576, xstate_sizes[2]:  256
[    0.124289] x86/fpu: xstate_offset[5]:  832, xstate_sizes[5]:   64
[    0.125023] x86/fpu: xstate_offset[6]:  896, xstate_sizes[6]:  512
[    0.125289] x86/fpu: xstate_offset[7]: 1408, xstate_sizes[7]: 1024
[    0.126289] x86/fpu: xstate_offset[9]: 2432, xstate_sizes[9]:    8
[    0.127289] x86/fpu: Enabled xstate features 0x2e7, context size is 2440 bytes, using 'compacted' format.
[    0.148282] Freeing SMP alternatives memory: 40K
[    0.148845] pid_max: default: 32768 minimum: 301
[    0.149411] Mount-cache hash table entries: 2048 (order: 2, 16384 bytes, linear)
[    0.150291] Mountpoint-cache hash table entries: 2048 (order: 2, 16384 bytes, linear)
[    0.151896] smpboot: CPU0: AMD Ryzen 9 7950X 16-Core Processor (family: 0x19, model: 0x61, stepping: 0x2)
[    0.152706] Performance Events: Fam17h+ core perfctr, AMD PMU driver.
[    0.153294] ... version:                0
[    0.153772] ... bit width:              48
[    0.154264] ... generic registers:      6
[    0.154291] ... value mask:             0000ffffffffffff
[    0.154929] ... max period:             00007fffffffffff
[    0.155291] ... fixed-purpose events:   0
[    0.155769] ... event mask:             000000000000003f
[    0.156435] signal: max sigframe size: 3376
[    0.156975] rcu: Hierarchical SRCU implementation.
[    0.157292] rcu: Max phase no-delay instances is 400.
[    0.157983] Timer migration: 2 hierarchy levels; 8 children per group; 2 crossnode level
[    0.161945] smp: Bringing up secondary CPUs ...
[    0.162466] smpboot: x86: Booting SMP configuration:
[    0.163063] .... node  #0, CPUs:        #1  #2  #3  #4  #5  #6  #7  #8  #9 #10 #11 #12 #13 #14 #15 #16 #17 #18 #19 #20 #21 #22 #23 #24 #25 #26 #27 #28 #29 #30 #31
[    0.190389] smp: Brought up 1 node, 32 CPUs
[    0.191796] smpboot: Total of 32 processors activated (287459.84 BogoMIPS)
[    0.196365] Memory: 763632K/1048056K available (44508K kernel code, 11530K rwdata, 10200K rodata, 6120K init, 1468K bss, 268392K reserved, 0K cma-reserved)
[    0.197418] devtmpfs: initialized
[    0.198320] x86/mm: Memory block size: 128MB
[    0.204567] clocksource: jiffies: mask: 0xffffffff max_cycles: 0xffffffff, max_idle_ns: 1911260446275000 ns
[    0.205294] posixtimers hash table entries: 16384 (order: 6, 262144 bytes, linear)
[    0.206231] futex hash table entries: 8192 (order: 7, 524288 bytes, linear)
[    0.206644] PM: RTC time: 18:27:35, date: 2025-03-28
[    0.208021] NET: Registered PF_NETLINK/PF_ROUTE protocol family
[    0.209076] thermal_sys: Registered thermal governor 'step_wise'
[    0.209105] cpuidle: using governor menu
[    0.211324] PCI: Using configuration type 1 for base access
[    0.212009] PCI: Using configuration type 1 for extended access
[    0.212424] kprobes: kprobe jump-optimization is enabled. All kprobes are optimized if possible.
[    0.225485] HugeTLB: registered 1.00 GiB page size, pre-allocated 0 pages
[    0.226292] HugeTLB: 16380 KiB vmemmap can be freed for a 1.00 GiB page
[    0.227111] HugeTLB: registered 2.00 MiB page size, pre-allocated 0 pages
[    0.228291] HugeTLB: 28 KiB vmemmap can be freed for a 2.00 MiB page
[    0.229644] ACPI: Added _OSI(Module Device)
[    0.230292] ACPI: Added _OSI(Processor Device)
[    0.230847] ACPI: Added _OSI(3.0 _SCP Extensions)
[    0.231291] ACPI: Added _OSI(Processor Aggregator Device)
[    0.254555] ACPI: 1 ACPI AML tables successfully acquired and loaded
[    0.259137] ACPI: Interpreter enabled
[    0.260351] ACPI: PM: (supports S0 S3 S4 S5)
[    0.260883] ACPI: Using IOAPIC for interrupt routing
[    0.261340] PCI: Using host bridge windows from ACPI; if necessary, use "pci=nocrs" and report a bug
[    0.262291] PCI: Using E820 reservations for host bridge windows
[    0.264086] ACPI: Enabled 2 GPEs in block 00 to 0F
[    0.310882] ACPI: PCI Root Bridge [PCI0] (domain 0000 [bus 00-ff])
[    0.311305] acpi PNP0A03:00: _OSC: OS supports [ExtendedConfig ASPM ClockPM Segments MSI HPX-Type3]
[    0.312783] PCI host bridge to bus 0000:00
[    0.313341] pci_bus 0000:00: root bus resource [io  0x0000-0x0cf7 window]
[    0.314187] pci_bus 0000:00: root bus resource [io  0x0d00-0xffff window]
[    0.315294] pci_bus 0000:00: root bus resource [mem 0x000a0000-0x000bffff window]
[    0.316223] pci_bus 0000:00: root bus resource [mem 0x40000000-0xfebfffff window]
[    0.317294] pci_bus 0000:00: root bus resource [mem 0x100000000-0x17fffffff window]
[    0.318246] pci_bus 0000:00: root bus resource [bus 00-ff]
[    0.318386] pci 0000:00:00.0: [8086:1237] type 00 class 0x060000 conventional PCI endpoint
[    0.321157] pci 0000:00:01.0: [8086:7000] type 00 class 0x060100 conventional PCI endpoint
[    0.322131] pci 0000:00:01.1: [8086:7010] type 00 class 0x010180 conventional PCI endpoint
[    0.323763] pci 0000:00:01.1: BAR 4 [io  0xc0c0-0xc0cf]
[    0.324310] pci 0000:00:01.1: BAR 0 [io  0x01f0-0x01f7]: legacy IDE quirk
[    0.325150] pci 0000:00:01.1: BAR 1 [io  0x03f6]: legacy IDE quirk
[    0.326291] pci 0000:00:01.1: BAR 2 [io  0x0170-0x0177]: legacy IDE quirk
[    0.327133] pci 0000:00:01.1: BAR 3 [io  0x0376]: legacy IDE quirk
[    0.328943] pci 0000:00:01.3: [8086:7113] type 00 class 0x068000 conventional PCI endpoint
[    0.329508] pci 0000:00:01.3: quirk: [io  0x0600-0x063f] claimed by PIIX4 ACPI
[    0.330295] pci 0000:00:01.3: quirk: [io  0x0700-0x070f] claimed by PIIX4 SMB
[    0.331890] pci 0000:00:02.0: [1af4:1009] type 00 class 0x000200 conventional PCI endpoint
[    0.334296] pci 0000:00:02.0: BAR 0 [io  0xc000-0xc03f]
[    0.334952] pci 0000:00:02.0: BAR 1 [mem 0xfebfc000-0xfebfcfff]
[    0.336306] pci 0000:00:02.0: BAR 4 [mem 0xfebf0000-0xfebf3fff 64bit pref]
[    0.348173] pci 0000:00:03.0: [1af4:1009] type 00 class 0x000200 conventional PCI endpoint
[    0.350296] pci 0000:00:03.0: BAR 0 [io  0xc040-0xc07f]
[    0.350955] pci 0000:00:03.0: BAR 1 [mem 0xfebfd000-0xfebfdfff]
[    0.351306] pci 0000:00:03.0: BAR 4 [mem 0xfebf4000-0xfebf7fff 64bit pref]
[    0.363157] pci 0000:00:04.0: [8086:25ab] type 00 class 0x088000 conventional PCI endpoint
[    0.364650] pci 0000:00:04.0: BAR 0 [mem 0xfebfe000-0xfebfe00f]
[    0.376095] pci 0000:00:05.0: [1af4:1003] type 00 class 0x078000 conventional PCI endpoint
[    0.378022] pci 0000:00:05.0: BAR 0 [io  0xc080-0xc0bf]
[    0.378296] pci 0000:00:05.0: BAR 1 [mem 0xfebff000-0xfebfffff]
[    0.379046] pci 0000:00:05.0: BAR 4 [mem 0xfebf8000-0xfebfbfff 64bit pref]
[    0.393559] ACPI: PCI: Interrupt link LNKA configured for IRQ 10
[    0.395199] ACPI: PCI: Interrupt link LNKB configured for IRQ 10
[    0.397185] ACPI: PCI: Interrupt link LNKC configured for IRQ 11
[    0.398180] ACPI: PCI: Interrupt link LNKD configured for IRQ 11
[    0.399661] ACPI: PCI: Interrupt link LNKS configured for IRQ 9
[    0.417975] iommu: Default domain type: Translated
[    0.418292] iommu: DMA domain TLB invalidation policy: lazy mode
[    0.419492] SCSI subsystem initialized
[    0.420336] pps_core: LinuxPPS API ver. 1 registered
[    0.420926] pps_core: Software ver. 5.3.6 - Copyright 2005-2007 Rodolfo Giometti <giometti@linux.it>
[    0.422306] PTP clock support registered
[    0.423418] Advanced Linux Sound Architecture Driver Initialized.
[    0.425431] NET: Registered PF_ATMPVC protocol family
[    0.426065] NET: Registered PF_ATMSVC protocol family
[    0.426328] PCI: Using ACPI for IRQ routing
[    0.427323] vgaarb: loaded
[    0.427409] hpet0: at MMIO 0xfed00000, IRQs 2, 8, 0
[    0.428025] hpet0: 3 comparators, 64-bit 100.000000 MHz counter
[    0.433499] clocksource: Switched to clocksource kvm-clock
[    0.434584] VFS: Disk quotas dquot_6.6.0
[    0.435084] VFS: Dquot-cache hash table entries: 512 (order 0, 4096 bytes)
[    0.436698] pnp: PnP ACPI init
[    0.439348] pnp: PnP ACPI: found 5 devices
[    0.451026] clocksource: acpi_pm: mask: 0xffffff max_cycles: 0xffffff, max_idle_ns: 2085701024 ns
[    0.452190] NET: Registered PF_INET protocol family
[    0.452933] IP idents hash table entries: 16384 (order: 5, 131072 bytes, linear)
[    0.454238] tcp_listen_portaddr_hash hash table entries: 512 (order: 1, 8192 bytes, linear)
[    0.455282] Table-perturb hash table entries: 65536 (order: 6, 262144 bytes, linear)
[    0.456260] TCP established hash table entries: 8192 (order: 4, 65536 bytes, linear)
[    0.457229] TCP bind hash table entries: 8192 (order: 6, 262144 bytes, linear)
[    0.458132] TCP: Hash tables configured (established 8192 bind 8192)
[    0.459074] UDP hash table entries: 512 (order: 3, 32768 bytes, linear)
[    0.459925] UDP-Lite hash table entries: 512 (order: 3, 32768 bytes, linear)
[    0.461014] NET: Registered PF_UNIX/PF_LOCAL protocol family
[    0.461738] pci_bus 0000:00: resource 4 [io  0x0000-0x0cf7 window]
[    0.462505] pci_bus 0000:00: resource 5 [io  0x0d00-0xffff window]
[    0.463265] pci_bus 0000:00: resource 6 [mem 0x000a0000-0x000bffff window]
[    0.464116] pci_bus 0000:00: resource 7 [mem 0x40000000-0xfebfffff window]
[    0.464971] pci_bus 0000:00: resource 8 [mem 0x100000000-0x17fffffff window]
[    0.466033] pci 0000:00:01.0: PIIX3: Enabling Passive Release
[    0.466750] pci 0000:00:00.0: Limiting direct PCI/PCI transfers
[    0.467519] PCI: CLS 0 bytes, default 64
[    0.468122] kvm_intel: VMX not supported by CPU 31
[    0.468876] kvm_amd: TSC scaling supported
[    0.469385] kvm_amd: Nested Virtualization enabled
[    0.469990] kvm_amd: Nested Paging enabled
[    0.470504] kvm_amd: LBR virtualization supported
[    0.471099] kvm_amd: Virtual GIF supported
[    0.471607] kvm_amd: Virtual NMI enabled
[    0.504161] clocksource: tsc: mask: 0xffffffffffffffff max_cycles: 0x40be4320a4d, max_idle_ns: 440795288133 ns
[    0.523149] Initialise system trusted keyrings
[    0.523910] workingset: timestamp_bits=56 max_order=18 bucket_order=0
[    0.524837] squashfs: version 4.0 (2009/01/31) Phillip Lougher
[    0.525587] fuse: init (API version 7.42)
[    0.526219] 9p: Installing v9fs 9p2000 file system support
[    0.536078] Key type asymmetric registered
[    0.536602] Asymmetric key parser 'x509' registered
[    0.537270] Block layer SCSI generic (bsg) driver version 0.4 loaded (major 249)
[    0.538230] io scheduler mq-deadline registered
[    0.538800] io scheduler kyber registered
[    0.541459] input: Power Button as /devices/LNXSYSTM:00/LNXPWRBN:00/input/input0
[    0.542644] ACPI: button: Power Button [PWRF]
[    0.544549] Warning: Processor Platform Limit event detected, but not handled.
[    0.545421] Consider compiling CPUfreq support into your kernel.
[    1.355663] ACPI: \_SB_.LNKB: Enabled at IRQ 10
[    2.157332] ACPI: \_SB_.LNKC: Enabled at IRQ 11
[    2.959385] ACPI: \_SB_.LNKA: Enabled at IRQ 10
[    2.960718] Serial: 8250/16550 driver, 4 ports, IRQ sharing enabled
[    2.961821] 00:03: ttyS0 at I/O 0x3f8 (irq = 4, base_baud = 115200) is a 16550A
[    2.986897] Non-volatile memory driver v1.3
[    2.987455] Linux agpgart interface v0.103
[    2.988142] ACPI: bus type drm_connector registered
[    2.988788] printk: legacy console [hvc0] enabled
[    2.989384] printk: legacy bootconsole [earlyser0] disabled
          _      _                                    
   __   _(_)_ __| |_ _ __ ___   ___       _ __   __ _ 
   \ \ / / |  __| __|  _   _ \ / _ \_____|  _ \ / _  |
    \ V /| | |  | |_| | | | | |  __/_____| | | | (_| |
     \_/ |_|_|   \__|_| |_| |_|\___|     |_| |_|\__  |
                                                |___/ 
   kernel version: 6.14.0-virtme x86_64
   (CTRL+d to exit)

root@virtme-ng:/nipa-data/kernel# PS1='xx__-> '
xx__-> env
PWD=/nipa-data/kernel
nr_open=1048576
HOME=/
TERM=xterm
SHLVL=2
XDG_RUNTIME_DIR=/run/user/0
PATH=/bin:/sbin:/usr/bin:/usr/sbin:/usr/local/bin
OLDPWD=/
_=/bin/env
xx__-> 