No EFI environment detected.
early console in extract_kernel
input_data: 0x00000000029f52b9
input_len: 0x0000000000ada7b9
output: 0x0000000001000000
output_len: 0x000000000248ab90
kernel_total_size: 0x0000000002230000
needed_size: 0x0000000002600000
trampoline_32bit: 0x0000000000000000
Physical KASLR using RDRAND RDTSC...
Virtual KASLR using RDRAND RDTSC...

Decompressing Linux... Parsing ELF... Performing relocations... done.
Booting the kernel (entry_offset: 0x0000000000000000).
[    0.000000] Linux version 6.8.0-rc7-virtme (root@30c58faa45dd) (gcc (Alpine 13.2.1_git20231014) 13.2.1 20231014, GNU ld (GNU Binutils) 2.42) #1 SMP PREEMPT_DYNAMIC Thu Mar  7 21:07:26 UTC 2024
[    0.000000] Command line: virtme_hostname=virtme-ng nr_open=1048576 virtme_link_mods=/nipa-data/kernel/.virtme_mods/lib/modules/0.0.0 virtme_initmount0=nipa-data/kernel virtme_rw_overlay0=/etc virtme_rw_overlay1=/lib virtme_rw_overlay2=/home virtme_rw_overlay3=/opt virtme_rw_overlay4=/srv virtme_rw_overlay5=/usr virtme_rw_overlay6=/var console=hvc0 earlyprintk=serial,ttyS0,115200 virtme_console=ttyS0 psmouse.proto=exps TERM=xterm virtme_chdir=nipa-data/kernel virtme_root_user=1 rootfstype=9p rootflags=version=9p2000.L,trans=virtio,access=any raid=noautodetect ro init=/usr/lib/python3.11/site-packages/virtme/guest/virtme-init
[    0.000000] BIOS-provided physical RAM map:
[    0.000000] BIOS-e820: [mem 0x0000000000000000-0x000000000009fbff] usable
[    0.000000] BIOS-e820: [mem 0x000000000009fc00-0x000000000009ffff] reserved
[    0.000000] BIOS-e820: [mem 0x00000000000f0000-0x00000000000fffff] reserved
[    0.000000] BIOS-e820: [mem 0x0000000000100000-0x000000003ffdffff] usable
[    0.000000] BIOS-e820: [mem 0x000000003ffe0000-0x000000003fffffff] reserved
[    0.000000] BIOS-e820: [mem 0x00000000feffc000-0x00000000feffffff] reserved
[    0.000000] BIOS-e820: [mem 0x00000000fffc0000-0x00000000ffffffff] reserved
[    0.000000] BIOS-e820: [mem 0x000000fd00000000-0x000000ffffffffff] reserved
[    0.000000] printk: legacy bootconsole [earlyser0] enabled
[    0.000000] NX (Execute Disable) protection: active
[    0.000000] APIC: Static calls initialized
[    0.000000] SMBIOS 3.0.0 present.
[    0.000000] DMI: QEMU Standard PC (i440FX + PIIX, 1996), BIOS rel-1.16.3-0-ga6ed6b701f0a-prebuilt.qemu.org 04/01/2014
[    0.000000] Hypervisor detected: KVM
[    0.000000] kvm-clock: Using msrs 4b564d01 and 4b564d00
[    0.000000] kvm-clock: using sched offset of 226378562 cycles
[    0.000391] clocksource: kvm-clock: mask: 0xffffffffffffffff max_cycles: 0x1cd42e4dffb, max_idle_ns: 881590591483 ns
[    0.001606] tsc: Detected 4491.556 MHz processor
[    0.002223] last_pfn = 0x3ffe0 max_arch_pfn = 0x400000000
[    0.002650] MTRR map: 4 entries (3 fixed + 1 variable; max 19), built from 8 variable MTRRs
[    0.003272] x86/PAT: Configuration [0-7]: WB  WC  UC- UC  WB  WP  UC- WT  
Memory KASLR using RDRAND RDTSC...
[    0.005354] found SMP MP-table at [mem 0x000f5470-0x000f547f]
[    0.005791] Using GB pages for direct mapping
[    0.006145] ACPI: Early table checksum verification disabled
[    0.006572] ACPI: RSDP 0x00000000000F5290 000014 (v00 BOCHS )
[    0.007006] ACPI: RSDT 0x000000003FFE27BC 000034 (v01 BOCHS  BXPC     00000001 BXPC 00000001)
[    0.007651] ACPI: FACP 0x000000003FFE2578 000074 (v01 BOCHS  BXPC     00000001 BXPC 00000001)
[    0.008294] ACPI: DSDT 0x000000003FFE0040 002538 (v01 BOCHS  BXPC     00000001 BXPC 00000001)
[    0.008938] ACPI: FACS 0x000000003FFE0000 000040
[    0.009284] ACPI: APIC 0x000000003FFE25EC 000170 (v03 BOCHS  BXPC     00000001 BXPC 00000001)
[    0.009920] ACPI: HPET 0x000000003FFE275C 000038 (v01 BOCHS  BXPC     00000001 BXPC 00000001)
[    0.010559] ACPI: WAET 0x000000003FFE2794 000028 (v01 BOCHS  BXPC     00000001 BXPC 00000001)
[    0.011196] ACPI: Reserving FACP table memory at [mem 0x3ffe2578-0x3ffe25eb]
[    0.011723] ACPI: Reserving DSDT table memory at [mem 0x3ffe0040-0x3ffe2577]
[    0.012250] ACPI: Reserving FACS table memory at [mem 0x3ffe0000-0x3ffe003f]
[    0.012776] ACPI: Reserving APIC table memory at [mem 0x3ffe25ec-0x3ffe275b]
[    0.013305] ACPI: Reserving HPET table memory at [mem 0x3ffe275c-0x3ffe2793]
[    0.013836] ACPI: Reserving WAET table memory at [mem 0x3ffe2794-0x3ffe27bb]
[    0.014510] No NUMA configuration found
[    0.014799] Faking a node at [mem 0x0000000000000000-0x000000003ffdffff]
[    0.015305] NODE_DATA(0) allocated [mem 0x3ffdb000-0x3ffdffff]
[    0.015755] Zone ranges:
[    0.015943]   DMA      [mem 0x0000000000001000-0x0000000000ffffff]
[    0.016407]   DMA32    [mem 0x0000000001000000-0x000000003ffdffff]
[    0.016869]   Normal   empty
[    0.017087]   Device   empty
[    0.017302] Movable zone start for each node
[    0.017621] Early memory node ranges
[    0.017888]   node   0: [mem 0x0000000000001000-0x000000000009efff]
[    0.018357]   node   0: [mem 0x0000000000100000-0x000000003ffdffff]
[    0.018825] Initmem setup node 0 [mem 0x0000000000001000-0x000000003ffdffff]
[    0.019355] On node 0, zone DMA: 1 pages in unavailable ranges
[    0.019801] On node 0, zone DMA: 97 pages in unavailable ranges
[    0.021262] On node 0, zone DMA32: 32 pages in unavailable ranges
[    0.021924] ACPI: PM-Timer IO Port: 0x608
[    0.022227] ACPI: LAPIC_NMI (acpi_id[0xff] dfl dfl lint[0x1])
[    0.022671] IOAPIC[0]: apic_id 0, version 17, address 0xfec00000, GSI 0-23
[    0.023210] ACPI: INT_SRC_OVR (bus 0 bus_irq 0 global_irq 2 dfl dfl)
[    0.023788] ACPI: INT_SRC_OVR (bus 0 bus_irq 5 global_irq 5 high level)
[    0.024332] ACPI: INT_SRC_OVR (bus 0 bus_irq 9 global_irq 9 high level)
[    0.024826] ACPI: INT_SRC_OVR (bus 0 bus_irq 10 global_irq 10 high level)
[    0.025335] ACPI: INT_SRC_OVR (bus 0 bus_irq 11 global_irq 11 high level)
[    0.025842] ACPI: Using ACPI (MADT) for SMP configuration information
[    0.026321] ACPI: HPET id: 0x8086a201 base: 0xfed00000
[    0.026709] TSC deadline timer available
[    0.027001] smpboot: Allowing 32 CPUs, 0 hotplug CPUs
[    0.027387] kvm-guest: APIC: eoi() replaced with kvm_guest_apic_eoi_write()
[    0.027914] kvm-guest: KVM setup pv remote TLB flush
[    0.028287] kvm-guest: setup PV sched yield
[    0.028602] PM: hibernation: Registered nosave memory: [mem 0x00000000-0x00000fff]
[    0.029169] PM: hibernation: Registered nosave memory: [mem 0x0009f000-0x0009ffff]
[    0.029733] PM: hibernation: Registered nosave memory: [mem 0x000a0000-0x000effff]
[    0.030298] PM: hibernation: Registered nosave memory: [mem 0x000f0000-0x000fffff]
[    0.030866] [mem 0x40000000-0xfeffbfff] available for PCI devices
[    0.031321] Booting paravirtualized kernel on KVM
[    0.031672] clocksource: refined-jiffies: mask: 0xffffffff max_cycles: 0xffffffff, max_idle_ns: 1910969940391419 ns
[    0.035304] setup_percpu: NR_CPUS:64 nr_cpumask_bits:32 nr_cpu_ids:32 nr_node_ids:1
[    0.036507] percpu: Embedded 56 pages/cpu s191784 r8192 d29400 u262144
[    0.037028] Kernel command line: virtme_hostname=virtme-ng nr_open=1048576 virtme_link_mods=/nipa-data/kernel/.virtme_mods/lib/modules/0.0.0 virtme_initmount0=nipa-data/kernel virtme_rw_overlay0=/etc virtme_rw_overlay1=/lib virtme_rw_overlay2=/home virtme_rw_overlay3=/opt virtme_rw_overlay4=/srv virtme_rw_overlay5=/usr virtme_rw_overlay6=/var console=hvc0 earlyprintk=serial,ttyS0,115200 virtme_console=ttyS0 psmouse.proto=exps TERM=xterm virtme_chdir=nipa-data/kernel virtme_root_user=1 rootfstype=9p rootflags=version=9p2000.L,trans=virtio,access=any raid=noautodetect ro init=/usr/lib/python3.11/site-packages/virtme/guest/virtme-init
[    0.041394] Unknown kernel command line parameters "virtme_hostname=virtme-ng nr_open=1048576 virtme_link_mods=/nipa-data/kernel/.virtme_mods/lib/modules/0.0.0 virtme_initmount0=nipa-data/kernel virtme_rw_overlay0=/etc virtme_rw_overlay1=/lib virtme_rw_overlay2=/home virtme_rw_overlay3=/opt virtme_rw_overlay4=/srv virtme_rw_overlay5=/usr virtme_rw_overlay6=/var virtme_console=ttyS0 virtme_chdir=nipa-data/kernel virtme_root_user=1", will be passed to user space.
[    0.044715] random: crng init done
[    0.045011] Dentry cache hash table entries: 131072 (order: 8, 1048576 bytes, linear)
[    0.045633] Inode-cache hash table entries: 65536 (order: 7, 524288 bytes, linear)
[    0.046301] Fallback order for Node 0: 0 
[    0.046304] Built 1 zonelists, mobility grouping on.  Total pages: 257760
[    0.047129] Policy zone: DMA32
[    0.047363] mem auto-init: stack:all(zero), heap alloc:off, heap free:off
[    0.048731] Memory: 986868K/1048056K available (16384K kernel code, 2351K rwdata, 5940K rodata, 2992K init, 2328K bss, 60928K reserved, 0K cma-reserved)
[    0.049823] SLUB: HWalign=64, Order=0-3, MinObjects=0, CPUs=32, Nodes=1
Poking KASLR using RDRAND RDTSC...
[    0.050586] ftrace: allocating 46343 entries in 182 pages
[    0.057589] ftrace: allocated 182 pages with 5 groups
[    0.058644] Dynamic Preempt: voluntary
[    0.059072] rcu: Preemptible hierarchical RCU implementation.
[    0.059518] rcu: RCU event tracing is enabled.
[    0.059867] rcu: RCU restricting CPUs from NR_CPUS=64 to nr_cpu_ids=32.
[    0.060385] Trampoline variant of Tasks RCU enabled.
[    0.060775] Rude variant of Tasks RCU enabled.
[    0.061128] Tracing variant of Tasks RCU enabled.
[    0.061499] rcu: RCU calculated value of scheduler-enlistment delay is 100 jiffies.
[    0.062092] rcu: Adjusting geometry for rcu_fanout_leaf=16, nr_cpu_ids=32
[    0.064018] NR_IRQS: 4352, nr_irqs: 680, preallocated irqs: 16
[    0.064723] rcu: srcu_init: Setting srcu_struct sizes based on contention.
[    0.065466] Console: colour *CGA 80x25
[    0.065762] ACPI: Core revision 20230628
[    0.066133] clocksource: hpet: mask: 0xffffffff max_cycles: 0xffffffff, max_idle_ns: 19112604467 ns
[    0.066889] APIC: Switch to symmetric I/O mode setup
[    0.067275] APIC: Switched APIC routing to: physical flat
[    0.067689] kvm-guest: APIC: send_IPI_mask() replaced with kvm_send_ipi_mask()
[    0.068235] kvm-guest: APIC: send_IPI_mask_allbutself() replaced with kvm_send_ipi_mask_allbutself()
[    0.068940] kvm-guest: setup PV IPIs
[    0.070020] ..TIMER: vector=0x30 apic1=0 pin1=2 apic2=-1 pin2=-1
[    0.070845] tsc: Marking TSC unstable due to TSCs unsynchronized
[    0.071674] Calibrating delay loop (skipped) preset value.. 8983.11 BogoMIPS (lpj=4491556)
[    0.072729] x86/cpu: User Mode Instruction Prevention (UMIP) activated
[    0.073721] Last level iTLB entries: 4KB 512, 2MB 255, 4MB 127
[    0.074671] Last level dTLB entries: 4KB 512, 2MB 255, 4MB 127, 1GB 0
[    0.075674] Spectre V1 : Mitigation: usercopy/swapgs barriers and __user pointer sanitization
[    0.076675] Spectre V2 : Mitigation: Enhanced / Automatic IBRS
[    0.077671] Spectre V2 : Spectre v2 / SpectreRSB mitigation: Filling RSB on context switch
[    0.078673] Spectre V2 : mitigation: Enabling conditional Indirect Branch Prediction Barrier
[    0.079673] Speculative Store Bypass: Mitigation: Speculative Store Bypass disabled via prctl
[    0.080671] Speculative Return Stack Overflow: IBPB-extending microcode not applied!
[    0.081671] Speculative Return Stack Overflow: WARNING: See https://kernel.org/doc/html/latest/admin-guide/hw-vuln/srso.html for mitigation options.
[    0.081671] Speculative Return Stack Overflow: Vulnerable: Safe RET, no microcode
[    0.083687] x86/fpu: Supporting XSAVE feature 0x001: 'x87 floating point registers'
[    0.084671] x86/fpu: Supporting XSAVE feature 0x002: 'SSE registers'
[    0.085671] x86/fpu: Supporting XSAVE feature 0x004: 'AVX registers'
[    0.086671] x86/fpu: Supporting XSAVE feature 0x020: 'AVX-512 opmask'
[    0.087671] x86/fpu: Supporting XSAVE feature 0x040: 'AVX-512 Hi256'
[    0.088671] x86/fpu: Supporting XSAVE feature 0x080: 'AVX-512 ZMM_Hi256'
[    0.089671] x86/fpu: Supporting XSAVE feature 0x200: 'Protection Keys User registers'
[    0.090671] x86/fpu: xstate_offset[2]:  576, xstate_sizes[2]:  256
[    0.091671] x86/fpu: xstate_offset[5]:  832, xstate_sizes[5]:   64
[    0.092485] x86/fpu: xstate_offset[6]:  896, xstate_sizes[6]:  512
[    0.092672] x86/fpu: xstate_offset[7]: 1408, xstate_sizes[7]: 1024
[    0.093671] x86/fpu: xstate_offset[9]: 2432, xstate_sizes[9]:    8
[    0.094671] x86/fpu: Enabled xstate features 0x2e7, context size is 2440 bytes, using 'compacted' format.
[    0.110839] Freeing SMP alternatives memory: 40K
[    0.111449] pid_max: default: 32768 minimum: 301
[    0.111699] Mount-cache hash table entries: 2048 (order: 2, 16384 bytes, linear)
[    0.112672] Mountpoint-cache hash table entries: 2048 (order: 2, 16384 bytes, linear)
[    0.113839] smpboot: CPU0: AMD Ryzen 9 7950X 16-Core Processor (family: 0x19, model: 0x61, stepping: 0x2)
[    0.114757] RCU Tasks: Setting shift to 5 and lim to 1 rcu_task_cb_adjust=1.
[    0.115680] RCU Tasks Rude: Setting shift to 5 and lim to 1 rcu_task_cb_adjust=1.
[    0.116667] RCU Tasks Trace: Setting shift to 5 and lim to 1 rcu_task_cb_adjust=1.
[    0.116681] Performance Events: Fam17h+ core perfctr, AMD PMU driver.
[    0.117554] ... version:                0
[    0.117673] ... bit width:              48
[    0.118207] ... generic registers:      6
[    0.118672] ... value mask:             0000ffffffffffff
[    0.119363] ... max period:             00007fffffffffff
[    0.119672] ... fixed-purpose events:   0
[    0.120194] ... event mask:             000000000000003f
[    0.120743] signal: max sigframe size: 3376
[    0.121308] rcu: Hierarchical SRCU implementation.
[    0.121673] rcu: Max phase no-delay instances is 400.
[    0.124725] smp: Bringing up secondary CPUs ...
[    0.125373] smpboot: x86: Booting SMP configuration:
[    0.125675] .... node  #0, CPUs:        #1  #2  #3  #4  #5  #6  #7  #8  #9 #10 #11 #12 #13 #14 #15 #16 #17 #18 #19 #20 #21 #22 #23 #24 #25 #26 #27 #28 #29 #30 #31
[    0.141816] smp: Brought up 1 node, 32 CPUs
[    0.143230] smpboot: Max logical packages: 1
[    0.143674] smpboot: Total of 32 processors activated (287459.58 BogoMIPS)
[    0.148733] devtmpfs: initialized
[    0.149138] x86/mm: Memory block size: 128MB
[    0.150394] clocksource: jiffies: mask: 0xffffffff max_cycles: 0xffffffff, max_idle_ns: 1911260446275000 ns
[    0.150674] futex hash table entries: 8192 (order: 7, 524288 bytes, linear)
[    0.151755] PM: RTC time: 21:07:57, date: 2024-03-07
[    0.152769] NET: Registered PF_NETLINK/PF_ROUTE protocol family
[    0.153701] thermal_sys: Registered thermal governor 'step_wise'
[    0.153702] thermal_sys: Registered thermal governor 'user_space'
[    0.154528] cpuidle: using governor menu
[    0.155904] PCI: Using configuration type 1 for base access
[    0.156676] PCI: Using configuration type 1 for extended access
[    0.157524] kprobes: kprobe jump-optimization is enabled. All kprobes are optimized if possible.
[    0.172736] HugeTLB: registered 1.00 GiB page size, pre-allocated 0 pages
[    0.173637] HugeTLB: 16380 KiB vmemmap can be freed for a 1.00 GiB page
[    0.173673] HugeTLB: registered 2.00 MiB page size, pre-allocated 0 pages
[    0.174557] HugeTLB: 28 KiB vmemmap can be freed for a 2.00 MiB page
[    0.177285] ACPI: Added _OSI(Module Device)
[    0.177673] ACPI: Added _OSI(Processor Device)
[    0.178271] ACPI: Added _OSI(3.0 _SCP Extensions)
[    0.178673] ACPI: Added _OSI(Processor Aggregator Device)
[    0.180115] ACPI: 1 ACPI AML tables successfully acquired and loaded
[    0.181297] ACPI: _OSC evaluation for CPUs failed, trying _PDC
[    0.181812] ACPI: Interpreter enabled
[    0.182303] ACPI: PM: (supports S0 S3 S4 S5)
[    0.182674] ACPI: Using IOAPIC for interrupt routing
[    0.183511] PCI: Using host bridge windows from ACPI; if necessary, use "pci=nocrs" and report a bug
[    0.183673] PCI: Using E820 reservations for host bridge windows
[    0.184563] ACPI: Enabled 2 GPEs in block 00 to 0F
[    0.187291] ACPI: PCI Root Bridge [PCI0] (domain 0000 [bus 00-ff])
[    0.187675] acpi PNP0A03:00: _OSC: OS supports [ExtendedConfig ASPM ClockPM Segments MSI HPX-Type3]
[    0.188765] PCI host bridge to bus 0000:00
[    0.189300] pci_bus 0000:00: root bus resource [io  0x0000-0x0cf7 window]
[    0.189673] pci_bus 0000:00: root bus resource [io  0x0d00-0xffff window]
[    0.190566] pci_bus 0000:00: root bus resource [mem 0x000a0000-0x000bffff window]
[    0.190673] pci_bus 0000:00: root bus resource [mem 0x40000000-0xfebfffff window]
[    0.191666] pci_bus 0000:00: root bus resource [mem 0x100000000-0x17fffffff window]
[    0.191673] pci_bus 0000:00: root bus resource [bus 00-ff]
[    0.192484] pci 0000:00:00.0: [8086:1237] type 00 class 0x060000 conventional PCI endpoint
[    0.192929] pci 0000:00:01.0: [8086:7000] type 00 class 0x060100 conventional PCI endpoint
[    0.194001] pci 0000:00:01.1: [8086:7010] type 00 class 0x010180 conventional PCI endpoint
[    0.197163] pci 0000:00:01.1: BAR 4 [io  0xc0c0-0xc0cf]
[    0.198671] pci 0000:00:01.1: BAR 0 [io  0x01f0-0x01f7]: legacy IDE quirk
[    0.198674] pci 0000:00:01.1: BAR 1 [io  0x03f6]: legacy IDE quirk
[    0.199673] pci 0000:00:01.1: BAR 2 [io  0x0170-0x0177]: legacy IDE quirk
[    0.200673] pci 0000:00:01.1: BAR 3 [io  0x0376]: legacy IDE quirk
[    0.201590] pci 0000:00:01.3: [8086:7113] type 00 class 0x068000 conventional PCI endpoint
[    0.201919] pci 0000:00:01.3: quirk: [io  0x0600-0x063f] claimed by PIIX4 ACPI
[    0.202677] pci 0000:00:01.3: quirk: [io  0x0700-0x070f] claimed by PIIX4 SMB
[    0.203778] pci 0000:00:02.0: [1af4:1009] type 00 class 0x000200 conventional PCI endpoint
[    0.205674] pci 0000:00:02.0: BAR 0 [io  0xc000-0xc03f]
[    0.207569] pci 0000:00:02.0: BAR 1 [mem 0xfebfc000-0xfebfcfff]
[    0.211363] pci 0000:00:02.0: BAR 4 [mem 0xfebf0000-0xfebf3fff 64bit pref]
[    0.213299] pci 0000:00:03.0: [1af4:1009] type 00 class 0x000200 conventional PCI endpoint
[    0.214673] pci 0000:00:03.0: BAR 0 [io  0xc040-0xc07f]
[    0.216372] pci 0000:00:03.0: BAR 1 [mem 0xfebfd000-0xfebfdfff]
[    0.219673] pci 0000:00:03.0: BAR 4 [mem 0xfebf4000-0xfebf7fff 64bit pref]
[    0.221879] pci 0000:00:04.0: [8086:25ab] type 00 class 0x088000 conventional PCI endpoint
[    0.223247] pci 0000:00:04.0: BAR 0 [mem 0xfebfe000-0xfebfe00f]
[    0.226545] pci 0000:00:05.0: [1af4:1003] type 00 class 0x078000 conventional PCI endpoint
[    0.227673] pci 0000:00:05.0: BAR 0 [io  0xc080-0xc0bf]
[    0.229351] pci 0000:00:05.0: BAR 1 [mem 0xfebff000-0xfebfffff]
[    0.233333] pci 0000:00:05.0: BAR 4 [mem 0xfebf8000-0xfebfbfff 64bit pref]
[    0.235442] ACPI: PCI: Interrupt link LNKA configured for IRQ 10
[    0.235785] ACPI: PCI: Interrupt link LNKB configured for IRQ 10
[    0.236682] ACPI: PCI: Interrupt link LNKC configured for IRQ 11
[    0.237569] ACPI: PCI: Interrupt link LNKD configured for IRQ 11
[    0.237746] ACPI: PCI: Interrupt link LNKS configured for IRQ 9
[    0.239429] iommu: Default domain type: Translated
[    0.239673] iommu: DMA domain TLB invalidation policy: lazy mode
[    0.240516] SCSI subsystem initialized
[    0.240713] pps_core: LinuxPPS API ver. 1 registered
[    0.241370] pps_core: Software ver. 5.3.6 - Copyright 2005-2007 Rodolfo Giometti <giometti@linux.it>
[    0.241675] PTP clock support registered
[    0.242212] Advanced Linux Sound Architecture Driver Initialized.
[    0.242972] NET: Registered PF_ATMPVC protocol family
[    0.243636] NET: Registered PF_ATMSVC protocol family
[    0.243676] PCI: Using ACPI for IRQ routing
[    0.244314] vgaarb: loaded
[    0.244711] hpet0: at MMIO 0xfed00000, IRQs 2, 8, 0
[    0.245356] hpet0: 3 comparators, 64-bit 100.000000 MHz counter
[    0.250520] clocksource: Switched to clocksource kvm-clock
[    0.250899] VFS: Disk quotas dquot_6.6.0
[    0.251029] VFS: Dquot-cache hash table entries: 512 (order 0, 4096 bytes)
[    0.252439] pnp: PnP ACPI init
[    0.253027] pnp: PnP ACPI: found 5 devices
[    0.260859] clocksource: acpi_pm: mask: 0xffffff max_cycles: 0xffffff, max_idle_ns: 2085701024 ns
[    0.262071] NET: Registered PF_INET protocol family
[    0.262735] IP idents hash table entries: 16384 (order: 5, 131072 bytes, linear)
[    0.263862] tcp_listen_portaddr_hash hash table entries: 512 (order: 1, 8192 bytes, linear)
[    0.264988] Table-perturb hash table entries: 65536 (order: 6, 262144 bytes, linear)
[    0.266084] TCP established hash table entries: 8192 (order: 4, 65536 bytes, linear)
[    0.267229] TCP bind hash table entries: 8192 (order: 6, 262144 bytes, linear)
[    0.268197] TCP: Hash tables configured (established 8192 bind 8192)
[    0.269056] UDP hash table entries: 512 (order: 2, 16384 bytes, linear)
[    0.269931] UDP-Lite hash table entries: 512 (order: 2, 16384 bytes, linear)
[    0.270886] NET: Registered PF_UNIX/PF_LOCAL protocol family
[    0.271638] pci_bus 0000:00: resource 4 [io  0x0000-0x0cf7 window]
[    0.272473] pci_bus 0000:00: resource 5 [io  0x0d00-0xffff window]
[    0.273292] pci_bus 0000:00: resource 6 [mem 0x000a0000-0x000bffff window]
[    0.274210] pci_bus 0000:00: resource 7 [mem 0x40000000-0xfebfffff window]
[    0.275126] pci_bus 0000:00: resource 8 [mem 0x100000000-0x17fffffff window]
[    0.276084] pci 0000:00:01.0: PIIX3: Enabling Passive Release
[    0.276866] pci 0000:00:00.0: Limiting direct PCI/PCI transfers
[    0.277687] PCI: CLS 0 bytes, default 64
[    0.278263] kvm_intel: VMX not supported by CPU 0
[    0.278913] kvm_amd: TSC scaling supported
[    0.279467] kvm_amd: Nested Virtualization enabled
[    0.280103] kvm_amd: Nested Paging enabled
[    0.280666] kvm_amd: Virtual VMLOAD VMSAVE supported
[    0.281326] kvm_amd: Virtual GIF supported
[    0.281874] kvm_amd: Virtual NMI enabled
[    0.282399] kvm_amd: LBR virtualization supported
[    0.378936] workingset: timestamp_bits=56 max_order=18 bucket_order=0
[    0.379844] squashfs: version 4.0 (2009/01/31) Phillip Lougher
[    0.380627] fuse: init (API version 7.39)
[    0.381195] 9p: Installing v9fs 9p2000 file system support
[    0.381952] Key type asymmetric registered
[    0.382505] Block layer SCSI generic (bsg) driver version 0.4 loaded (major 249)
[    0.383491] io scheduler mq-deadline registered
[    0.384093] io scheduler kyber registered
[    0.385604] input: Power Button as /devices/LNXSYSTM:00/LNXPWRBN:00/input/input0
[    0.386641] ACPI: button: Power Button [PWRF]
[    0.387237] Warning: Processor Platform Limit event detected, but not handled.
[    0.388192] Consider compiling CPUfreq support into your kernel.
[    0.405736] ACPI: \_SB_.LNKB: Enabled at IRQ 10
[    0.423492] ACPI: \_SB_.LNKC: Enabled at IRQ 11
[    0.441360] ACPI: \_SB_.LNKA: Enabled at IRQ 10
[    0.442716] Serial: 8250/16550 driver, 4 ports, IRQ sharing enabled
[    0.443684] 00:03: ttyS0 at I/O 0x3f8 (irq = 4, base_baud = 115200) is a 16550A
[    0.514526] Non-volatile memory driver v1.3
[    0.515109] Linux agpgart interface v0.103
[    0.515177] ACPI: bus type drm_connector registered
[    0.516354] printk: legacy console [hvc0] enabled
[    0.516971] printk: legacy bootconsole [earlyser0] disabled
          _      _                                    
   __   _(_)_ __| |_ _ __ ___   ___       _ __   __ _ 
   \ \ / / |  __| __|  _   _ \ / _ \_____|  _ \ / _  |
    \ V /| | |  | |_| | | | | |  __/_____| | | | (_| |
     \_/ |_|_|   \__|_| |_| |_|\___|     |_| |_|\__  |
                                                |___/ 
   kernel version: 6.8.0-rc7-virtme x86_64
   (CTRL+d to exit)

virtme-ng:/nipa-data/kernel# PS1='xx__-> '
xx__-> env
PWD=/nipa-data/kernel
nr_open=1048576
HOME=/
TERM=xterm
SHLVL=2
XDG_RUNTIME_DIR=/run/user/0
PATH=/bin:/sbin:/usr/bin:/usr/sbin:/usr/local/bin
OLDPWD=/
_=/usr/bin/env
xx__-> 