No EFI environment detected.
early console in extract_kernel
input_data: 0x0000000004cb52c4
input_len: 0x00000000018d72c3
output: 0x0000000001000000
output_len: 0x0000000005516aec
kernel_total_size: 0x0000000005030000
needed_size: 0x0000000005600000
trampoline_32bit: 0x0000000000000000
Physical KASLR using RDRAND RDTSC...
Virtual KASLR using RDRAND RDTSC...

Decompressing Linux... Parsing ELF... Performing relocations... done.
Booting the kernel (entry_offset: 0x0000000000000000).
[    0.000000] Linux version 6.12.0-rc6-virtme (root@94d4c1dcd316) (gcc (Ubuntu 13.2.0-23ubuntu4) 13.2.0, GNU ld (GNU Binutils for Ubuntu) 2.42) #1 SMP PREEMPT_DYNAMIC Mon Nov 11 18:26:17 UTC 2024
[    0.000000] Command line: virtme_hostname=virtme-ng nr_open=1048576 virtme_link_mods=/nipa-data/kernel/.virtme_mods/lib/modules/0.0.0 virtme_initmount0=nipa-data/kernel virtme_rw_overlay0=/etc virtme_rw_overlay1=/lib virtme_rw_overlay2=/home virtme_rw_overlay3=/opt virtme_rw_overlay4=/srv virtme_rw_overlay5=/usr virtme_rw_overlay6=/var console=hvc0 earlyprintk=serial,ttyS0,115200 virtme_console=ttyS0 psmouse.proto=exps TERM=xterm virtme_chdir=nipa-data/kernel virtme_root_user=1 rootfstype=9p rootflags=version=9p2000.L,trans=virtio,access=any raid=noautodetect ro init=/usr/lib/python3/dist-packages/virtme/guest/virtme-init
[    0.000000] BIOS-provided physical RAM map:
[    0.000000] BIOS-e820: [mem 0x0000000000000000-0x000000000009fbff] usable
[    0.000000] BIOS-e820: [mem 0x000000000009fc00-0x000000000009ffff] reserved
[    0.000000] BIOS-e820: [mem 0x00000000000f0000-0x00000000000fffff] reserved
[    0.000000] BIOS-e820: [mem 0x0000000000100000-0x000000003ffdffff] usable
[    0.000000] BIOS-e820: [mem 0x000000003ffe0000-0x000000003fffffff] reserved
[    0.000000] BIOS-e820: [mem 0x00000000feffc000-0x00000000feffffff] reserved
[    0.000000] BIOS-e820: [mem 0x00000000fffc0000-0x00000000ffffffff] reserved
[    0.000000] BIOS-e820: [mem 0x000000fd00000000-0x000000ffffffffff] reserved
[    0.000000] printk: legacy bootconsole [earlyser0] enabled
[    0.000000] NX (Execute Disable) protection: active
[    0.000000] APIC: Static calls initialized
[    0.000000] SMBIOS 3.0.0 present.
[    0.000000] DMI: QEMU Ubuntu 24.04 PC (i440FX + PIIX, 1996), BIOS 1.16.3-debian-1.16.3-2 04/01/2014
[    0.000000] DMI: Memory slots populated: 1/1
[    0.000000] Hypervisor detected: KVM
[    0.000000] kvm-clock: Using msrs 4b564d01 and 4b564d00
[    0.000000] kvm-clock: using sched offset of 285981196 cycles
[    0.000337] clocksource: kvm-clock: mask: 0xffffffffffffffff max_cycles: 0x1cd42e4dffb, max_idle_ns: 881590591483 ns
[    0.001384] tsc: Detected 4491.560 MHz processor
[    0.001999] last_pfn = 0x3ffe0 max_arch_pfn = 0x400000000
[    0.002369] MTRR map: 4 entries (3 fixed + 1 variable; max 19), built from 8 variable MTRRs
[    0.002907] x86/PAT: Configuration [0-7]: WB  WC  UC- UC  WB  WP  UC- WT  
[    0.004770] found SMP MP-table at [mem 0x000f5470-0x000f547f]
[    0.005144] Using GB pages for direct mapping
[    0.005609] ACPI: Early table checksum verification disabled
[    0.005973] ACPI: RSDP 0x00000000000F5290 000014 (v00 BOCHS )
[    0.006344] ACPI: RSDT 0x000000003FFE27BC 000034 (v01 BOCHS  BXPC     00000001 BXPC 00000001)
[    0.006894] ACPI: FACP 0x000000003FFE2578 000074 (v01 BOCHS  BXPC     00000001 BXPC 00000001)
[    0.007444] ACPI: DSDT 0x000000003FFE0040 002538 (v01 BOCHS  BXPC     00000001 BXPC 00000001)
[    0.007997] ACPI: FACS 0x000000003FFE0000 000040
[    0.008294] ACPI: APIC 0x000000003FFE25EC 000170 (v03 BOCHS  BXPC     00000001 BXPC 00000001)
[    0.008843] ACPI: HPET 0x000000003FFE275C 000038 (v01 BOCHS  BXPC     00000001 BXPC 00000001)
[    0.009389] ACPI: WAET 0x000000003FFE2794 000028 (v01 BOCHS  BXPC     00000001 BXPC 00000001)
[    0.009934] ACPI: Reserving FACP table memory at [mem 0x3ffe2578-0x3ffe25eb]
[    0.010384] ACPI: Reserving DSDT table memory at [mem 0x3ffe0040-0x3ffe2577]
[    0.010835] ACPI: Reserving FACS table memory at [mem 0x3ffe0000-0x3ffe003f]
[    0.011284] ACPI: Reserving APIC table memory at [mem 0x3ffe25ec-0x3ffe275b]
[    0.011734] ACPI: Reserving HPET table memory at [mem 0x3ffe275c-0x3ffe2793]
[    0.012183] ACPI: Reserving WAET table memory at [mem 0x3ffe2794-0x3ffe27bb]
[    0.012815] No NUMA configuration found
[    0.013060] Faking a node at [mem 0x0000000000000000-0x000000003ffdffff]
[    0.013491] NODE_DATA(0) allocated [mem 0x3ffdb780-0x3ffdffff]
[    0.013878] Zone ranges:
[    0.014040]   DMA      [mem 0x0000000000001000-0x0000000000ffffff]
[    0.014437]   DMA32    [mem 0x0000000001000000-0x000000003ffdffff]
[    0.014832]   Normal   empty
[    0.015017]   Device   empty
[    0.015202] Movable zone start for each node
[    0.015475] Early memory node ranges
[    0.015703]   node   0: [mem 0x0000000000001000-0x000000000009efff]
[    0.016104]   node   0: [mem 0x0000000000100000-0x000000003ffdffff]
[    0.016505] Initmem setup node 0 [mem 0x0000000000001000-0x000000003ffdffff]
[    0.016962] On node 0, zone DMA: 1 pages in unavailable ranges
[    0.017390] On node 0, zone DMA: 97 pages in unavailable ranges
[    0.021773] On node 0, zone DMA32: 32 pages in unavailable ranges
[    0.030563] kasan: KernelAddressSanitizer initialized
[    0.031096] ACPI: PM-Timer IO Port: 0x608
[    0.031364] ACPI: LAPIC_NMI (acpi_id[0xff] dfl dfl lint[0x1])
[    0.031754] IOAPIC[0]: apic_id 0, version 17, address 0xfec00000, GSI 0-23
[    0.032200] ACPI: INT_SRC_OVR (bus 0 bus_irq 0 global_irq 2 dfl dfl)
[    0.032607] ACPI: INT_SRC_OVR (bus 0 bus_irq 5 global_irq 5 high level)
[    0.033042] ACPI: INT_SRC_OVR (bus 0 bus_irq 9 global_irq 9 high level)
[    0.033467] ACPI: INT_SRC_OVR (bus 0 bus_irq 10 global_irq 10 high level)
[    0.033902] ACPI: INT_SRC_OVR (bus 0 bus_irq 11 global_irq 11 high level)
[    0.034339] ACPI: Using ACPI (MADT) for SMP configuration information
[    0.034753] ACPI: HPET id: 0x8086a201 base: 0xfed00000
[    0.035084] TSC deadline timer available
[    0.035338] CPU topo: Max. logical packages:   1
[    0.035635] CPU topo: Max. logical dies:       1
[    0.035931] CPU topo: Max. dies per package:   1
[    0.036230] CPU topo: Max. threads per core:   1
[    0.036527] CPU topo: Num. cores per package:    32
[    0.036859] CPU topo: Num. threads per package:  32
[    0.037176] CPU topo: Allowing 32 present CPUs plus 0 hotplug CPUs
[    0.037585] kvm-guest: APIC: eoi() replaced with kvm_guest_apic_eoi_write()
[    0.038042] kvm-guest: KVM setup pv remote TLB flush
[    0.038362] kvm-guest: setup PV sched yield
[    0.038636] PM: hibernation: Registered nosave memory: [mem 0x00000000-0x00000fff]
[    0.039120] PM: hibernation: Registered nosave memory: [mem 0x0009f000-0x0009ffff]
[    0.039605] PM: hibernation: Registered nosave memory: [mem 0x000a0000-0x000effff]
[    0.040089] PM: hibernation: Registered nosave memory: [mem 0x000f0000-0x000fffff]
[    0.040573] [mem 0x40000000-0xfeffbfff] available for PCI devices
[    0.040964] Booting paravirtualized kernel on KVM
[    0.041265] clocksource: refined-jiffies: mask: 0xffffffff max_cycles: 0xffffffff, max_idle_ns: 1910969940391419 ns
[    0.049656] setup_percpu: NR_CPUS:64 nr_cpumask_bits:32 nr_cpu_ids:32 nr_node_ids:1
[    0.051349] percpu: Embedded 70 pages/cpu s248216 r8192 d30312 u524288
[    0.051838] Kernel command line: virtme_hostname=virtme-ng nr_open=1048576 virtme_link_mods=/nipa-data/kernel/.virtme_mods/lib/modules/0.0.0 virtme_initmount0=nipa-data/kernel virtme_rw_overlay0=/etc virtme_rw_overlay1=/lib virtme_rw_overlay2=/home virtme_rw_overlay3=/opt virtme_rw_overlay4=/srv virtme_rw_overlay5=/usr virtme_rw_overlay6=/var console=hvc0 earlyprintk=serial,ttyS0,115200 virtme_console=ttyS0 psmouse.proto=exps TERM=xterm virtme_chdir=nipa-data/kernel virtme_root_user=1 rootfstype=9p rootflags=version=9p2000.L,trans=virtio,access=any raid=noautodetect ro init=/usr/lib/python3/dist-packages/virtme/guest/virtme-init
[    0.055661] Unknown kernel command line parameters "virtme_hostname=virtme-ng nr_open=1048576 virtme_link_mods=/nipa-data/kernel/.virtme_mods/lib/modules/0.0.0 virtme_initmount0=nipa-data/kernel virtme_rw_overlay0=/etc virtme_rw_overlay1=/lib virtme_rw_overlay2=/home virtme_rw_overlay3=/opt virtme_rw_overlay4=/srv virtme_rw_overlay5=/usr virtme_rw_overlay6=/var virtme_console=ttyS0 virtme_chdir=nipa-data/kernel virtme_root_user=1", will be passed to user space.
[    0.058563] random: crng init done
[    0.058808] Dentry cache hash table entries: 131072 (order: 8, 1048576 bytes, linear)
[    0.059336] Inode-cache hash table entries: 65536 (order: 7, 524288 bytes, linear)
[    0.060241] Fallback order for Node 0: 0 
[    0.060245] Built 1 zonelists, mobility grouping on.  Total pages: 262014
[    0.060960] Policy zone: DMA32
[    0.061162] mem auto-init: stack:all(zero), heap alloc:off, heap free:off
[    0.061610] stackdepot: allocating hash table via alloc_large_system_hash
[    0.062059] stackdepot hash table entries: 1048576 (order: 12, 16777216 bytes, linear)
[    0.069991] SLUB: HWalign=64, Order=0-3, MinObjects=0, CPUs=32, Nodes=1
Poking KASLR using RDRAND RDTSC...
[    0.070710] ftrace: allocating 48625 entries in 190 pages
[    0.079000] ftrace: allocated 190 pages with 6 groups
[    0.080148] Dynamic Preempt: voluntary
[    0.080825] rcu: Preemptible hierarchical RCU implementation.
[    0.081202] rcu: RCU event tracing is enabled.
[    0.081498] rcu: RCU restricting CPUs from NR_CPUS=64 to nr_cpu_ids=32.
[    0.081936] Trampoline variant of Tasks RCU enabled.
[    0.082272] Rude variant of Tasks RCU enabled.
[    0.082569] Tracing variant of Tasks RCU enabled.
[    0.082883] rcu: RCU calculated value of scheduler-enlistment delay is 100 jiffies.
[    0.083385] rcu: Adjusting geometry for rcu_fanout_leaf=16, nr_cpu_ids=32
[    0.083893] RCU Tasks: Setting shift to 5 and lim to 1 rcu_task_cb_adjust=1 rcu_task_cpu_ids=32.
[    0.084474] RCU Tasks Rude: Setting shift to 5 and lim to 1 rcu_task_cb_adjust=1 rcu_task_cpu_ids=32.
[    0.085099] RCU Tasks Trace: Setting shift to 5 and lim to 1 rcu_task_cb_adjust=1 rcu_task_cpu_ids=32.
[    0.093549] NR_IRQS: 4352, nr_irqs: 680, preallocated irqs: 16
[    0.094175] rcu: srcu_init: Setting srcu_struct sizes based on contention.
[    0.094834] Console: colour *CGA 80x25
[    0.095111] ACPI: Core revision 20240827
[    0.095514] clocksource: hpet: mask: 0xffffffff max_cycles: 0xffffffff, max_idle_ns: 19112604467 ns
[    0.096182] APIC: Switch to symmetric I/O mode setup
[    0.096534] kvm-guest: APIC: send_IPI_mask() replaced with kvm_send_ipi_mask()
[    0.097015] kvm-guest: APIC: send_IPI_mask_allbutself() replaced with kvm_send_ipi_mask_allbutself()
[    0.097607] kvm-guest: setup PV IPIs
[    0.098639] ..TIMER: vector=0x30 apic1=0 pin1=2 apic2=-1 pin2=-1
[    0.099375] clocksource: tsc-early: mask: 0xffffffffffffffff max_cycles: 0x40be4320a4d, max_idle_ns: 440795288133 ns
[    0.100632] Calibrating delay loop (skipped) preset value.. 8983.12 BogoMIPS (lpj=4491560)
[    0.101694] x86/cpu: User Mode Instruction Prevention (UMIP) activated
[    0.102686] Last level iTLB entries: 4KB 512, 2MB 255, 4MB 127
[    0.103630] Last level dTLB entries: 4KB 512, 2MB 255, 4MB 127, 1GB 0
[    0.104388] Spectre V1 : Mitigation: usercopy/swapgs barriers and __user pointer sanitization
[    0.104634] Spectre V2 : Mitigation: Enhanced / Automatic IBRS
[    0.105630] Spectre V2 : Spectre v2 / SpectreRSB mitigation: Filling RSB on context switch
[    0.106632] Spectre V2 : mitigation: Enabling conditional Indirect Branch Prediction Barrier
[    0.107632] Speculative Store Bypass: Mitigation: Speculative Store Bypass disabled via prctl
[    0.108630] Speculative Return Stack Overflow: IBPB-extending microcode not applied!
[    0.109630] Speculative Return Stack Overflow: WARNING: See https://kernel.org/doc/html/latest/admin-guide/hw-vuln/srso.html for mitigation options.
[    0.109631] Speculative Return Stack Overflow: Vulnerable: Safe RET, no microcode
[    0.111517] x86/fpu: Supporting XSAVE feature 0x001: 'x87 floating point registers'
[    0.111630] x86/fpu: Supporting XSAVE feature 0x002: 'SSE registers'
[    0.112630] x86/fpu: Supporting XSAVE feature 0x004: 'AVX registers'
[    0.113630] x86/fpu: Supporting XSAVE feature 0x020: 'AVX-512 opmask'
[    0.114630] x86/fpu: Supporting XSAVE feature 0x040: 'AVX-512 Hi256'
[    0.115362] x86/fpu: Supporting XSAVE feature 0x080: 'AVX-512 ZMM_Hi256'
[    0.115630] x86/fpu: Supporting XSAVE feature 0x200: 'Protection Keys User registers'
[    0.116631] x86/fpu: xstate_offset[2]:  576, xstate_sizes[2]:  256
[    0.117630] x86/fpu: xstate_offset[5]:  832, xstate_sizes[5]:   64
[    0.118341] x86/fpu: xstate_offset[6]:  896, xstate_sizes[6]:  512
[    0.118630] x86/fpu: xstate_offset[7]: 1408, xstate_sizes[7]: 1024
[    0.119630] x86/fpu: xstate_offset[9]: 2432, xstate_sizes[9]:    8
[    0.120630] x86/fpu: Enabled xstate features 0x2e7, context size is 2440 bytes, using 'compacted' format.
[    0.141527] Freeing SMP alternatives memory: 40K
[    0.141632] pid_max: default: 32768 minimum: 301
[    0.142723] Mount-cache hash table entries: 2048 (order: 2, 16384 bytes, linear)
[    0.143580] Mountpoint-cache hash table entries: 2048 (order: 2, 16384 bytes, linear)
[    0.145087] smpboot: CPU0: AMD Ryzen 9 7950X 16-Core Processor (family: 0x19, model: 0x61, stepping: 0x2)
[    0.146072] Performance Events: Fam17h+ core perfctr, AMD PMU driver.
[    0.146634] ... version:                0
[    0.147097] ... bit width:              48
[    0.147572] ... generic registers:      6
[    0.147632] ... value mask:             0000ffffffffffff
[    0.148244] ... max period:             00007fffffffffff
[    0.148632] ... fixed-purpose events:   0
[    0.149093] ... event mask:             000000000000003f
[    0.149737] signal: max sigframe size: 3376
[    0.150266] rcu: Hierarchical SRCU implementation.
[    0.150632] rcu: Max phase no-delay instances is 400.
[    0.151292] Timer migration: 2 hierarchy levels; 8 children per group; 2 crossnode level
[    0.155185] smp: Bringing up secondary CPUs ...
[    0.155910] smpboot: x86: Booting SMP configuration:
[    0.156488] .... node  #0, CPUs:        #1  #2  #3  #4  #5  #6  #7  #8  #9 #10 #11 #12 #13 #14 #15 #16 #17 #18 #19 #20 #21 #22 #23 #24 #25 #26 #27 #28 #29 #30 #31
[    0.178736] smp: Brought up 1 node, 32 CPUs
[    0.180126] smpboot: Total of 32 processors activated (287459.84 BogoMIPS)
[    0.183752] Memory: 763388K/1048056K available (45056K kernel code, 11393K rwdata, 10016K rodata, 6008K init, 1772K bss, 269044K reserved, 0K cma-reserved)
[    0.184747] devtmpfs: initialized
[    0.185190] x86/mm: Memory block size: 128MB
[    0.191261] clocksource: jiffies: mask: 0xffffffff max_cycles: 0xffffffff, max_idle_ns: 1911260446275000 ns
[    0.191637] futex hash table entries: 8192 (order: 7, 524288 bytes, linear)
[    0.192801] PM: RTC time: 18:26:43, date: 2024-11-11
[    0.194045] NET: Registered PF_NETLINK/PF_ROUTE protocol family
[    0.195453] thermal_sys: Registered thermal governor 'step_wise'
[    0.195455] thermal_sys: Registered thermal governor 'user_space'
[    0.195657] cpuidle: using governor menu
[    0.197883] PCI: Using configuration type 1 for base access
[    0.198551] PCI: Using configuration type 1 for extended access
[    0.198756] kprobes: kprobe jump-optimization is enabled. All kprobes are optimized if possible.
[    0.216717] HugeTLB: registered 1.00 GiB page size, pre-allocated 0 pages
[    0.217632] HugeTLB: 16380 KiB vmemmap can be freed for a 1.00 GiB page
[    0.218427] HugeTLB: registered 2.00 MiB page size, pre-allocated 0 pages
[    0.218632] HugeTLB: 28 KiB vmemmap can be freed for a 2.00 MiB page
[    0.219927] ACPI: Added _OSI(Module Device)
[    0.220429] ACPI: Added _OSI(Processor Device)
[    0.220632] ACPI: Added _OSI(3.0 _SCP Extensions)
[    0.221192] ACPI: Added _OSI(Processor Aggregator Device)
[    0.243367] ACPI: 1 ACPI AML tables successfully acquired and loaded
[    0.247222] ACPI: Interpreter enabled
[    0.247689] ACPI: PM: (supports S0 S3 S4 S5)
[    0.248197] ACPI: Using IOAPIC for interrupt routing
[    0.248678] PCI: Using host bridge windows from ACPI; if necessary, use "pci=nocrs" and report a bug
[    0.249632] PCI: Using E820 reservations for host bridge windows
[    0.251353] ACPI: Enabled 2 GPEs in block 00 to 0F
[    0.295724] ACPI: PCI Root Bridge [PCI0] (domain 0000 [bus 00-ff])
[    0.296487] acpi PNP0A03:00: _OSC: OS supports [ExtendedConfig ASPM ClockPM Segments MSI HPX-Type3]
[    0.297098] PCI host bridge to bus 0000:00
[    0.297639] pci_bus 0000:00: root bus resource [io  0x0000-0x0cf7 window]
[    0.298457] pci_bus 0000:00: root bus resource [io  0x0d00-0xffff window]
[    0.298634] pci_bus 0000:00: root bus resource [mem 0x000a0000-0x000bffff window]
[    0.299536] pci_bus 0000:00: root bus resource [mem 0x40000000-0xfebfffff window]
[    0.299634] pci_bus 0000:00: root bus resource [mem 0x100000000-0x17fffffff window]
[    0.300547] pci_bus 0000:00: root bus resource [bus 00-ff]
[    0.300723] pci 0000:00:00.0: [8086:1237] type 00 class 0x060000 conventional PCI endpoint
[    0.302440] pci 0000:00:01.0: [8086:7000] type 00 class 0x060100 conventional PCI endpoint
[    0.303481] pci 0000:00:01.1: [8086:7010] type 00 class 0x010180 conventional PCI endpoint
[    0.304740] pci 0000:00:01.1: BAR 4 [io  0xc0c0-0xc0cf]
[    0.305801] pci 0000:00:01.1: BAR 0 [io  0x01f0-0x01f7]: legacy IDE quirk
[    0.306615] pci 0000:00:01.1: BAR 1 [io  0x03f6]: legacy IDE quirk
[    0.306632] pci 0000:00:01.1: BAR 2 [io  0x0170-0x0177]: legacy IDE quirk
[    0.307446] pci 0000:00:01.1: BAR 3 [io  0x0376]: legacy IDE quirk
[    0.308279] pci 0000:00:01.3: [8086:7113] type 00 class 0x068000 conventional PCI endpoint
[    0.308877] pci 0000:00:01.3: quirk: [io  0x0600-0x063f] claimed by PIIX4 ACPI
[    0.309636] pci 0000:00:01.3: quirk: [io  0x0700-0x070f] claimed by PIIX4 SMB
[    0.311188] pci 0000:00:02.0: [1af4:1009] type 00 class 0x000200 conventional PCI endpoint
[    0.312063] pci 0000:00:02.0: BAR 0 [io  0xc000-0xc03f]
[    0.313000] pci 0000:00:02.0: BAR 1 [mem 0xfebfc000-0xfebfcfff]
[    0.315632] pci 0000:00:02.0: BAR 4 [mem 0xfebf0000-0xfebf3fff 64bit pref]
[    0.327794] pci 0000:00:03.0: [1af4:1009] type 00 class 0x000200 conventional PCI endpoint
[    0.329036] pci 0000:00:03.0: BAR 0 [io  0xc040-0xc07f]
[    0.329919] pci 0000:00:03.0: BAR 1 [mem 0xfebfd000-0xfebfdfff]
[    0.331774] pci 0000:00:03.0: BAR 4 [mem 0xfebf4000-0xfebf7fff 64bit pref]
[    0.343475] pci 0000:00:04.0: [8086:25ab] type 00 class 0x088000 conventional PCI endpoint
[    0.343808] pci 0000:00:04.0: BAR 0 [mem 0xfebfe000-0xfebfe00f]
[    0.355758] pci 0000:00:05.0: [1af4:1003] type 00 class 0x078000 conventional PCI endpoint
[    0.357003] pci 0000:00:05.0: BAR 0 [io  0xc080-0xc0bf]
[    0.357917] pci 0000:00:05.0: BAR 1 [mem 0xfebff000-0xfebfffff]
[    0.359542] pci 0000:00:05.0: BAR 4 [mem 0xfebf8000-0xfebfbfff 64bit pref]
[    0.373427] ACPI: PCI: Interrupt link LNKA configured for IRQ 10
[    0.374516] ACPI: PCI: Interrupt link LNKB configured for IRQ 10
[    0.375494] ACPI: PCI: Interrupt link LNKC configured for IRQ 11
[    0.376505] ACPI: PCI: Interrupt link LNKD configured for IRQ 11
[    0.376991] ACPI: PCI: Interrupt link LNKS configured for IRQ 9
[    0.394780] iommu: Default domain type: Translated
[    0.395364] iommu: DMA domain TLB invalidation policy: lazy mode
[    0.396064] SCSI subsystem initialized
[    0.396819] pps_core: LinuxPPS API ver. 1 registered
[    0.397410] pps_core: Software ver. 5.3.6 - Copyright 2005-2007 Rodolfo Giometti <giometti@linux.it>
[    0.397645] PTP clock support registered
[    0.398196] Advanced Linux Sound Architecture Driver Initialized.
[    0.399638] NET: Registered PF_ATMPVC protocol family
[    0.400245] NET: Registered PF_ATMSVC protocol family
[    0.400668] PCI: Using ACPI for IRQ routing
[    0.401301] vgaarb: loaded
[    0.401744] hpet0: at MMIO 0xfed00000, IRQs 2, 8, 0
[    0.402333] hpet0: 3 comparators, 64-bit 100.000000 MHz counter
[    0.405819] clocksource: Switched to clocksource kvm-clock
[    0.409967] VFS: Disk quotas dquot_6.6.0
[    0.410455] VFS: Dquot-cache hash table entries: 512 (order 0, 4096 bytes)
[    0.411936] pnp: PnP ACPI init
[    0.414524] pnp: PnP ACPI: found 5 devices
[    0.426343] clocksource: acpi_pm: mask: 0xffffff max_cycles: 0xffffff, max_idle_ns: 2085701024 ns
[    0.427461] NET: Registered PF_INET protocol family
[    0.428085] IP idents hash table entries: 16384 (order: 5, 131072 bytes, linear)
[    0.429325] tcp_listen_portaddr_hash hash table entries: 512 (order: 1, 8192 bytes, linear)
[    0.430326] Table-perturb hash table entries: 65536 (order: 6, 262144 bytes, linear)
[    0.431267] TCP established hash table entries: 8192 (order: 4, 65536 bytes, linear)
[    0.432261] TCP bind hash table entries: 8192 (order: 6, 262144 bytes, linear)
[    0.433113] TCP: Hash tables configured (established 8192 bind 8192)
[    0.434001] UDP hash table entries: 512 (order: 3, 32768 bytes, linear)
[    0.434771] UDP-Lite hash table entries: 512 (order: 3, 32768 bytes, linear)
[    0.435786] NET: Registered PF_UNIX/PF_LOCAL protocol family
[    0.436481] pci_bus 0000:00: resource 4 [io  0x0000-0x0cf7 window]
[    0.437200] pci_bus 0000:00: resource 5 [io  0x0d00-0xffff window]
[    0.437920] pci_bus 0000:00: resource 6 [mem 0x000a0000-0x000bffff window]
[    0.438727] pci_bus 0000:00: resource 7 [mem 0x40000000-0xfebfffff window]
[    0.439533] pci_bus 0000:00: resource 8 [mem 0x100000000-0x17fffffff window]
[    0.440542] pci 0000:00:01.0: PIIX3: Enabling Passive Release
[    0.441219] pci 0000:00:00.0: Limiting direct PCI/PCI transfers
[    0.441941] PCI: CLS 0 bytes, default 64
[    0.442473] kvm_intel: VMX not supported by CPU 0
[    0.443210] kvm_amd: TSC scaling supported
[    0.443687] kvm_amd: Nested Virtualization enabled
[    0.444251] kvm_amd: Nested Paging enabled
[    0.444732] kvm_amd: LBR virtualization supported
[    0.445300] kvm_amd: Virtual VMLOAD VMSAVE supported
[    0.445874] kvm_amd: Virtual GIF supported
[    0.446351] kvm_amd: Virtual NMI enabled
[    0.477674] clocksource: tsc: mask: 0xffffffffffffffff max_cycles: 0x40be4320a4d, max_idle_ns: 440795288133 ns
[    0.497009] Initialise system trusted keyrings
[    0.497705] workingset: timestamp_bits=56 max_order=18 bucket_order=0
[    0.498577] squashfs: version 4.0 (2009/01/31) Phillip Lougher
[    0.499278] fuse: init (API version 7.41)
[    0.499869] 9p: Installing v9fs 9p2000 file system support
[    0.509306] Key type asymmetric registered
[    0.509794] Asymmetric key parser 'x509' registered
[    0.510437] Block layer SCSI generic (bsg) driver version 0.4 loaded (major 249)
[    0.511345] io scheduler mq-deadline registered
[    0.511885] io scheduler kyber registered
[    0.514284] input: Power Button as /devices/LNXSYSTM:00/LNXPWRBN:00/input/input0
[    0.515348] ACPI: button: Power Button [PWRF]
[    0.517164] Warning: Processor Platform Limit event detected, but not handled.
[    0.518023] Consider compiling CPUfreq support into your kernel.
[    1.298145] ACPI: \_SB_.LNKB: Enabled at IRQ 10
[    2.071513] ACPI: \_SB_.LNKC: Enabled at IRQ 11
[    2.843595] ACPI: \_SB_.LNKA: Enabled at IRQ 10
[    2.844905] Serial: 8250/16550 driver, 4 ports, IRQ sharing enabled
[    2.845952] 00:03: ttyS0 at I/O 0x3f8 (irq = 4, base_baud = 115200) is a 16550A
[    2.870142] Non-volatile memory driver v1.3
[    2.870670] Linux agpgart interface v0.103
[    2.871342] ACPI: bus type drm_connector registered
[    2.871957] printk: legacy console [hvc0] enabled
[    2.872573] printk: legacy bootconsole [earlyser0] disabled
          _      _                                    
   __   _(_)_ __| |_ _ __ ___   ___       _ __   __ _ 
   \ \ / / |  __| __|  _   _ \ / _ \_____|  _ \ / _  |
    \ V /| | |  | |_| | | | | |  __/_____| | | | (_| |
     \_/ |_|_|   \__|_| |_| |_|\___|     |_| |_|\__  |
                                                |___/ 
   kernel version: 6.12.0-rc6-virtme x86_64
   (CTRL+d to exit)

root@virtme-ng:/nipa-data/kernel# PS1='xx__-> '
xx__-> env
PWD=/nipa-data/kernel
nr_open=1048576
HOME=/
TERM=xterm
SHLVL=2
XDG_RUNTIME_DIR=/run/user/0
PATH=/bin:/sbin:/usr/bin:/usr/sbin:/usr/local/bin
OLDPWD=/
_=/bin/env
xx__-> 