No EFI environment detected.
early console in extract_kernel
input_data: 0x0000000004cba2c4
input_len: 0x000000000186c35b
output: 0x0000000001000000
output_len: 0x00000000054b1758
kernel_total_size: 0x0000000005030000
needed_size: 0x0000000005600000
trampoline_32bit: 0x0000000000000000
Physical KASLR using RDRAND RDTSC...
Virtual KASLR using RDRAND RDTSC...

Decompressing Linux... Parsing ELF... Performing relocations... done.
Booting the kernel (entry_offset: 0x0000000000000000).
[    0.000000] Linux version 6.10.0-rc6-virtme (root@421d70be0311) (gcc (Alpine 13.2.1_git20240309) 13.2.1 20240309, GNU ld (GNU Binutils) 2.42) #1 SMP PREEMPT_DYNAMIC Fri Jul  5 12:26:56 UTC 2024
[    0.000000] Command line: virtme_hostname=virtme-ng nr_open=1048576 virtme_link_mods=/nipa-data/kernel/.virtme_mods/lib/modules/0.0.0 virtme_initmount0=nipa-data/kernel virtme_rw_overlay0=/etc virtme_rw_overlay1=/lib virtme_rw_overlay2=/home virtme_rw_overlay3=/opt virtme_rw_overlay4=/srv virtme_rw_overlay5=/usr virtme_rw_overlay6=/var console=hvc0 earlyprintk=serial,ttyS0,115200 virtme_console=ttyS0 psmouse.proto=exps TERM=xterm virtme_chdir=nipa-data/kernel virtme_root_user=1 rootfstype=9p rootflags=version=9p2000.L,trans=virtio,access=any raid=noautodetect ro init=/usr/lib/python3.12/site-packages/virtme/guest/virtme-init
[    0.000000] BIOS-provided physical RAM map:
[    0.000000] BIOS-e820: [mem 0x0000000000000000-0x000000000009fbff] usable
[    0.000000] BIOS-e820: [mem 0x000000000009fc00-0x000000000009ffff] reserved
[    0.000000] BIOS-e820: [mem 0x00000000000f0000-0x00000000000fffff] reserved
[    0.000000] BIOS-e820: [mem 0x0000000000100000-0x000000003ffdffff] usable
[    0.000000] BIOS-e820: [mem 0x000000003ffe0000-0x000000003fffffff] reserved
[    0.000000] BIOS-e820: [mem 0x00000000feffc000-0x00000000feffffff] reserved
[    0.000000] BIOS-e820: [mem 0x00000000fffc0000-0x00000000ffffffff] reserved
[    0.000000] BIOS-e820: [mem 0x000000fd00000000-0x000000ffffffffff] reserved
[    0.000000] printk: legacy bootconsole [earlyser0] enabled
[    0.000000] NX (Execute Disable) protection: active
[    0.000000] APIC: Static calls initialized
[    0.000000] SMBIOS 2.8 present.
[    0.000000] DMI: QEMU Standard PC (i440FX + PIIX, 1996), BIOS rel-1.16.3-0-ga6ed6b701f0a-prebuilt.qemu.org 04/01/2014
[    0.000000] DMI: Memory slots populated: 1/1
[    0.000000] Hypervisor detected: KVM
[    0.000000] kvm-clock: Using msrs 4b564d01 and 4b564d00
[    0.000000] kvm-clock: using sched offset of 357254336 cycles
[    0.000398] clocksource: kvm-clock: mask: 0xffffffffffffffff max_cycles: 0x1cd42e4dffb, max_idle_ns: 881590591483 ns
[    0.001635] tsc: Detected 4491.560 MHz processor
[    0.002349] last_pfn = 0x3ffe0 max_arch_pfn = 0x400000000
[    0.002792] MTRR map: 4 entries (3 fixed + 1 variable; max 19), built from 8 variable MTRRs
[    0.003428] x86/PAT: Configuration [0-7]: WB  WC  UC- UC  WB  WP  UC- WT  
[    0.005524] found SMP MP-table at [mem 0x000f5470-0x000f547f]
[    0.005971] Using GB pages for direct mapping
[    0.006470] ACPI: Early table checksum verification disabled
[    0.006905] ACPI: RSDP 0x00000000000F5290 000014 (v00 BOCHS )
[    0.007347] ACPI: RSDT 0x000000003FFE27BC 000034 (v01 BOCHS  BXPC     00000001 BXPC 00000001)
[    0.008007] ACPI: FACP 0x000000003FFE2578 000074 (v01 BOCHS  BXPC     00000001 BXPC 00000001)
[    0.008667] ACPI: DSDT 0x000000003FFE0040 002538 (v01 BOCHS  BXPC     00000001 BXPC 00000001)
[    0.009320] ACPI: FACS 0x000000003FFE0000 000040
[    0.009677] ACPI: APIC 0x000000003FFE25EC 000170 (v03 BOCHS  BXPC     00000001 BXPC 00000001)
[    0.010338] ACPI: HPET 0x000000003FFE275C 000038 (v01 BOCHS  BXPC     00000001 BXPC 00000001)
[    0.011005] ACPI: WAET 0x000000003FFE2794 000028 (v01 BOCHS  BXPC     00000001 BXPC 00000001)
[    0.011664] ACPI: Reserving FACP table memory at [mem 0x3ffe2578-0x3ffe25eb]
[    0.012308] ACPI: Reserving DSDT table memory at [mem 0x3ffe0040-0x3ffe2577]
[    0.012989] ACPI: Reserving FACS table memory at [mem 0x3ffe0000-0x3ffe003f]
[    0.013667] ACPI: Reserving APIC table memory at [mem 0x3ffe25ec-0x3ffe275b]
[    0.014339] ACPI: Reserving HPET table memory at [mem 0x3ffe275c-0x3ffe2793]
[    0.015015] ACPI: Reserving WAET table memory at [mem 0x3ffe2794-0x3ffe27bb]
[    0.015981] No NUMA configuration found
[    0.016348] Faking a node at [mem 0x0000000000000000-0x000000003ffdffff]
[    0.016988] NODE_DATA(0) allocated [mem 0x3ffdb000-0x3ffdffff]
[    0.017570] Zone ranges:
[    0.017816]   DMA      [mem 0x0000000000001000-0x0000000000ffffff]
[    0.018411]   DMA32    [mem 0x0000000001000000-0x000000003ffdffff]
[    0.019007]   Normal   empty
[    0.019285]   Device   empty
[    0.019559] Movable zone start for each node
[    0.019965] Early memory node ranges
[    0.020304]   node   0: [mem 0x0000000000001000-0x000000000009efff]
[    0.020900]   node   0: [mem 0x0000000000100000-0x000000003ffdffff]
[    0.021497] Initmem setup node 0 [mem 0x0000000000001000-0x000000003ffdffff]
[    0.022175] On node 0, zone DMA: 1 pages in unavailable ranges
[    0.022809] On node 0, zone DMA: 97 pages in unavailable ranges
[    0.028874] On node 0, zone DMA32: 32 pages in unavailable ranges
[    0.039351] kasan: KernelAddressSanitizer initialized
[    0.039980] ACPI: PM-Timer IO Port: 0x608
[    0.040295] ACPI: LAPIC_NMI (acpi_id[0xff] dfl dfl lint[0x1])
[    0.040754] IOAPIC[0]: apic_id 0, version 17, address 0xfec00000, GSI 0-23
[    0.041274] ACPI: INT_SRC_OVR (bus 0 bus_irq 0 global_irq 2 dfl dfl)
[    0.041756] ACPI: INT_SRC_OVR (bus 0 bus_irq 5 global_irq 5 high level)
[    0.042257] ACPI: INT_SRC_OVR (bus 0 bus_irq 9 global_irq 9 high level)
[    0.042764] ACPI: INT_SRC_OVR (bus 0 bus_irq 10 global_irq 10 high level)
[    0.043276] ACPI: INT_SRC_OVR (bus 0 bus_irq 11 global_irq 11 high level)
[    0.043791] ACPI: Using ACPI (MADT) for SMP configuration information
[    0.044278] ACPI: HPET id: 0x8086a201 base: 0xfed00000
[    0.044667] TSC deadline timer available
[    0.044966] CPU topo: Max. logical packages:   1
[    0.045314] CPU topo: Max. logical dies:       1
[    0.045662] CPU topo: Max. dies per package:   1
[    0.046012] CPU topo: Max. threads per core:   1
[    0.046361] CPU topo: Num. cores per package:    32
[    0.046731] CPU topo: Num. threads per package:  32
[    0.047100] CPU topo: Allowing 32 present CPUs plus 0 hotplug CPUs
[    0.047582] kvm-guest: APIC: eoi() replaced with kvm_guest_apic_eoi_write()
[    0.048122] kvm-guest: KVM setup pv remote TLB flush
[    0.048499] kvm-guest: setup PV sched yield
[    0.048822] PM: hibernation: Registered nosave memory: [mem 0x00000000-0x00000fff]
[    0.049395] PM: hibernation: Registered nosave memory: [mem 0x0009f000-0x0009ffff]
[    0.049967] PM: hibernation: Registered nosave memory: [mem 0x000a0000-0x000effff]
[    0.050540] PM: hibernation: Registered nosave memory: [mem 0x000f0000-0x000fffff]
[    0.051111] [mem 0x40000000-0xfeffbfff] available for PCI devices
[    0.051571] Booting paravirtualized kernel on KVM
[    0.051927] clocksource: refined-jiffies: mask: 0xffffffff max_cycles: 0xffffffff, max_idle_ns: 1910969940391419 ns
[    0.061143] setup_percpu: NR_CPUS:64 nr_cpumask_bits:32 nr_cpu_ids:32 nr_node_ids:1
[    0.062994] percpu: Embedded 70 pages/cpu s248536 r8192 d29992 u524288
[    0.063548] Kernel command line: virtme_hostname=virtme-ng nr_open=1048576 virtme_link_mods=/nipa-data/kernel/.virtme_mods/lib/modules/0.0.0 virtme_initmount0=nipa-data/kernel virtme_rw_overlay0=/etc virtme_rw_overlay1=/lib virtme_rw_overlay2=/home virtme_rw_overlay3=/opt virtme_rw_overlay4=/srv virtme_rw_overlay5=/usr virtme_rw_overlay6=/var console=hvc0 earlyprintk=serial,ttyS0,115200 virtme_console=ttyS0 psmouse.proto=exps TERM=xterm virtme_chdir=nipa-data/kernel virtme_root_user=1 rootfstype=9p rootflags=version=9p2000.L,trans=virtio,access=any raid=noautodetect ro init=/usr/lib/python3.12/site-packages/virtme/guest/virtme-init
[    0.068021] Unknown kernel command line parameters "virtme_hostname=virtme-ng nr_open=1048576 virtme_link_mods=/nipa-data/kernel/.virtme_mods/lib/modules/0.0.0 virtme_initmount0=nipa-data/kernel virtme_rw_overlay0=/etc virtme_rw_overlay1=/lib virtme_rw_overlay2=/home virtme_rw_overlay3=/opt virtme_rw_overlay4=/srv virtme_rw_overlay5=/usr virtme_rw_overlay6=/var virtme_console=ttyS0 virtme_chdir=nipa-data/kernel virtme_root_user=1", will be passed to user space.
[    0.071396] random: crng init done
[    0.071699] Dentry cache hash table entries: 131072 (order: 8, 1048576 bytes, linear)
[    0.072334] Inode-cache hash table entries: 65536 (order: 7, 524288 bytes, linear)
[    0.073365] Fallback order for Node 0: 0 
[    0.073371] Built 1 zonelists, mobility grouping on.  Total pages: 262014
[    0.074217] Policy zone: DMA32
[    0.074458] mem auto-init: stack:all(zero), heap alloc:off, heap free:off
[    0.074987] stackdepot: allocating hash table via alloc_large_system_hash
[    0.075514] stackdepot hash table entries: 1048576 (order: 12, 16777216 bytes, linear)
[    0.083532] Memory: 778736K/1048056K available (45056K kernel code, 11215K rwdata, 9852K rodata, 5924K init, 2128K bss, 269064K reserved, 0K cma-reserved)
[    0.084781] SLUB: HWalign=64, Order=0-3, MinObjects=0, CPUs=32, Nodes=1
Poking KASLR using RDRAND RDTSC...
[    0.085590] ftrace: allocating 48024 entries in 188 pages
[    0.094523] ftrace: allocated 188 pages with 5 groups
[    0.095773] Dynamic Preempt: voluntary
[    0.096551] rcu: Preemptible hierarchical RCU implementation.
[    0.096998] rcu: RCU event tracing is enabled.
[    0.097351] rcu: RCU restricting CPUs from NR_CPUS=64 to nr_cpu_ids=32.
[    0.097873] Trampoline variant of Tasks RCU enabled.
[    0.098266] Rude variant of Tasks RCU enabled.
[    0.098621] Tracing variant of Tasks RCU enabled.
[    0.098994] rcu: RCU calculated value of scheduler-enlistment delay is 100 jiffies.
[    0.099591] rcu: Adjusting geometry for rcu_fanout_leaf=16, nr_cpu_ids=32
[    0.100190] RCU Tasks: Setting shift to 5 and lim to 1 rcu_task_cb_adjust=1.
[    0.100739] RCU Tasks Rude: Setting shift to 5 and lim to 1 rcu_task_cb_adjust=1.
[    0.101323] RCU Tasks Trace: Setting shift to 5 and lim to 1 rcu_task_cb_adjust=1.
[    0.110466] NR_IRQS: 4352, nr_irqs: 680, preallocated irqs: 16
[    0.111180] rcu: srcu_init: Setting srcu_struct sizes based on contention.
[    0.111924] Console: colour *CGA 80x25
[    0.112237] ACPI: Core revision 20240322
[    0.112697] clocksource: hpet: mask: 0xffffffff max_cycles: 0xffffffff, max_idle_ns: 19112604467 ns
[    0.113461] APIC: Switch to symmetric I/O mode setup
[    0.113847] APIC: Switched APIC routing to: physical flat
[    0.114261] kvm-guest: APIC: send_IPI_mask() replaced with kvm_send_ipi_mask()
[    0.114815] kvm-guest: APIC: send_IPI_mask_allbutself() replaced with kvm_send_ipi_mask_allbutself()
[    0.115518] kvm-guest: setup PV IPIs
[    0.116681] ..TIMER: vector=0x30 apic1=0 pin1=2 apic2=-1 pin2=-1
[    0.117513] tsc: Marking TSC unstable due to TSCs unsynchronized
[    0.118316] Calibrating delay loop (skipped) preset value.. 8983.12 BogoMIPS (lpj=4491560)
[    0.120378] x86/cpu: User Mode Instruction Prevention (UMIP) activated
[    0.121309] Last level iTLB entries: 4KB 512, 2MB 255, 4MB 127
[    0.121315] Last level dTLB entries: 4KB 512, 2MB 255, 4MB 127, 1GB 0
[    0.122320] Spectre V1 : Mitigation: usercopy/swapgs barriers and __user pointer sanitization
[    0.123319] Spectre V2 : Mitigation: Enhanced / Automatic IBRS
[    0.124315] Spectre V2 : Spectre v2 / SpectreRSB mitigation: Filling RSB on context switch
[    0.125317] Spectre V2 : mitigation: Enabling conditional Indirect Branch Prediction Barrier
[    0.126317] Speculative Store Bypass: Mitigation: Speculative Store Bypass disabled via prctl
[    0.127315] Speculative Return Stack Overflow: IBPB-extending microcode not applied!
[    0.128314] Speculative Return Stack Overflow: WARNING: See https://kernel.org/doc/html/latest/admin-guide/hw-vuln/srso.html for mitigation options.
[    0.128316] Speculative Return Stack Overflow: Vulnerable: Safe RET, no microcode
[    0.130331] x86/fpu: Supporting XSAVE feature 0x001: 'x87 floating point registers'
[    0.131314] x86/fpu: Supporting XSAVE feature 0x002: 'SSE registers'
[    0.132314] x86/fpu: Supporting XSAVE feature 0x004: 'AVX registers'
[    0.133315] x86/fpu: Supporting XSAVE feature 0x020: 'AVX-512 opmask'
[    0.134314] x86/fpu: Supporting XSAVE feature 0x040: 'AVX-512 Hi256'
[    0.135314] x86/fpu: Supporting XSAVE feature 0x080: 'AVX-512 ZMM_Hi256'
[    0.136314] x86/fpu: Supporting XSAVE feature 0x200: 'Protection Keys User registers'
[    0.137315] x86/fpu: xstate_offset[2]:  576, xstate_sizes[2]:  256
[    0.138315] x86/fpu: xstate_offset[5]:  832, xstate_sizes[5]:   64
[    0.139314] x86/fpu: xstate_offset[6]:  896, xstate_sizes[6]:  512
[    0.140134] x86/fpu: xstate_offset[7]: 1408, xstate_sizes[7]: 1024
[    0.140314] x86/fpu: xstate_offset[9]: 2432, xstate_sizes[9]:    8
[    0.141314] x86/fpu: Enabled xstate features 0x2e7, context size is 2440 bytes, using 'compacted' format.
[    0.165358] Freeing SMP alternatives memory: 40K
[    0.165976] pid_max: default: 32768 minimum: 301
[    0.166459] Mount-cache hash table entries: 2048 (order: 2, 16384 bytes, linear)
[    0.167316] Mountpoint-cache hash table entries: 2048 (order: 2, 16384 bytes, linear)
[    0.169478] smpboot: CPU0: AMD Ryzen 9 7950X 16-Core Processor (family: 0x19, model: 0x61, stepping: 0x2)
[    0.170796] Performance Events: Fam17h+ core perfctr, AMD PMU driver.
[    0.171319] ... version:                0
[    0.171845] ... bit width:              48
[    0.172316] ... generic registers:      6
[    0.172842] ... value mask:             0000ffffffffffff
[    0.173316] ... max period:             00007fffffffffff
[    0.174014] ... fixed-purpose events:   0
[    0.174316] ... event mask:             000000000000003f
[    0.175138] signal: max sigframe size: 3376
[    0.175363] rcu: Hierarchical SRCU implementation.
[    0.175996] rcu: Max phase no-delay instances is 400.
[    0.180531] smp: Bringing up secondary CPUs ...
[    0.181376] smpboot: x86: Booting SMP configuration:
[    0.182030] .... node  #0, CPUs:        #1  #2  #3  #4  #5  #6  #7  #8  #9 #10 #11 #12 #13 #14 #15 #16 #17 #18 #19 #20 #21 #22 #23 #24 #25 #26 #27 #28 #29 #30 #31
[    0.214320] smp: Brought up 1 node, 32 CPUs
[    0.215848] smpboot: Total of 32 processors activated (287459.84 BogoMIPS)
[    0.228651] devtmpfs: initialized
[    0.229553] x86/mm: Memory block size: 128MB
[    0.237562] clocksource: jiffies: mask: 0xffffffff max_cycles: 0xffffffff, max_idle_ns: 1911260446275000 ns
[    0.238321] futex hash table entries: 8192 (order: 7, 524288 bytes, linear)
[    0.239521] PM: RTC time: 12:27:31, date: 2024-07-05
[    0.240892] NET: Registered PF_NETLINK/PF_ROUTE protocol family
[    0.242210] thermal_sys: Registered thermal governor 'step_wise'
[    0.242213] thermal_sys: Registered thermal governor 'user_space'
[    0.242344] cpuidle: using governor menu
[    0.244714] PCI: Using configuration type 1 for base access
[    0.245317] PCI: Using configuration type 1 for extended access
[    0.246191] kprobes: kprobe jump-optimization is enabled. All kprobes are optimized if possible.
[    0.257818] HugeTLB: registered 1.00 GiB page size, pre-allocated 0 pages
[    0.258317] HugeTLB: 16380 KiB vmemmap can be freed for a 1.00 GiB page
[    0.259252] HugeTLB: registered 2.00 MiB page size, pre-allocated 0 pages
[    0.260317] HugeTLB: 28 KiB vmemmap can be freed for a 2.00 MiB page
[    0.263294] Demotion targets for Node 0: null
[    0.263852] ACPI: Added _OSI(Module Device)
[    0.264317] ACPI: Added _OSI(Processor Device)
[    0.264888] ACPI: Added _OSI(3.0 _SCP Extensions)
[    0.265317] ACPI: Added _OSI(Processor Aggregator Device)
[    0.293687] ACPI: 1 ACPI AML tables successfully acquired and loaded
[    0.296546] ACPI: _OSC evaluation for CPUs failed, trying _PDC
[    0.299585] ACPI: Interpreter enabled
[    0.300112] ACPI: PM: (supports S0 S3 S4 S5)
[    0.301317] ACPI: Using IOAPIC for interrupt routing
[    0.302002] PCI: Using host bridge windows from ACPI; if necessary, use "pci=nocrs" and report a bug
[    0.302316] PCI: Using E820 reservations for host bridge windows
[    0.304165] ACPI: Enabled 2 GPEs in block 00 to 0F
[    0.352890] ACPI: PCI Root Bridge [PCI0] (domain 0000 [bus 00-ff])
[    0.353331] acpi PNP0A03:00: _OSC: OS supports [ExtendedConfig ASPM ClockPM Segments MSI HPX-Type3]
[    0.354824] PCI host bridge to bus 0000:00
[    0.356320] pci_bus 0000:00: root bus resource [io  0x0000-0x0cf7 window]
[    0.357188] pci_bus 0000:00: root bus resource [io  0x0d00-0xffff window]
[    0.357321] pci_bus 0000:00: root bus resource [mem 0x000a0000-0x000bffff window]
[    0.358279] pci_bus 0000:00: root bus resource [mem 0x40000000-0xfebfffff window]
[    0.359319] pci_bus 0000:00: root bus resource [mem 0x100000000-0x17fffffff window]
[    0.360302] pci_bus 0000:00: root bus resource [bus 00-ff]
[    0.361463] pci 0000:00:00.0: [8086:1237] type 00 class 0x060000 conventional PCI endpoint
[    0.363195] pci 0000:00:01.0: [8086:7000] type 00 class 0x060100 conventional PCI endpoint
[    0.365230] pci 0000:00:01.1: [8086:7010] type 00 class 0x010180 conventional PCI endpoint
[    0.368317] pci 0000:00:01.1: BAR 4 [io  0xc0c0-0xc0cf]
[    0.370807] pci 0000:00:01.1: BAR 0 [io  0x01f0-0x01f7]: legacy IDE quirk
[    0.371317] pci 0000:00:01.1: BAR 1 [io  0x03f6]: legacy IDE quirk
[    0.372103] pci 0000:00:01.1: BAR 2 [io  0x0170-0x0177]: legacy IDE quirk
[    0.373317] pci 0000:00:01.1: BAR 3 [io  0x0376]: legacy IDE quirk
[    0.374797] pci 0000:00:01.3: [8086:7113] type 00 class 0x068000 conventional PCI endpoint
[    0.375585] pci 0000:00:01.3: quirk: [io  0x0600-0x063f] claimed by PIIX4 ACPI
[    0.377321] pci 0000:00:01.3: quirk: [io  0x0700-0x070f] claimed by PIIX4 SMB
[    0.378978] pci 0000:00:02.0: [1af4:1009] type 00 class 0x000200 conventional PCI endpoint
[    0.381317] pci 0000:00:02.0: BAR 0 [io  0xc000-0xc03f]
[    0.382984] pci 0000:00:02.0: BAR 1 [mem 0xfebfc000-0xfebfcfff]
[    0.388862] pci 0000:00:02.0: BAR 4 [mem 0xfebf0000-0xfebf3fff 64bit pref]
[    0.402067] pci 0000:00:03.0: [1af4:1009] type 00 class 0x000200 conventional PCI endpoint
[    0.404317] pci 0000:00:03.0: BAR 0 [io  0xc040-0xc07f]
[    0.407015] pci 0000:00:03.0: BAR 1 [mem 0xfebfd000-0xfebfdfff]
[    0.411317] pci 0000:00:03.0: BAR 4 [mem 0xfebf4000-0xfebf7fff 64bit pref]
[    0.426201] pci 0000:00:04.0: [8086:25ab] type 00 class 0x088000 conventional PCI endpoint
[    0.427696] pci 0000:00:04.0: BAR 0 [mem 0xfebfe000-0xfebfe00f]
[    0.442259] pci 0000:00:05.0: [1af4:1003] type 00 class 0x078000 conventional PCI endpoint
[    0.445317] pci 0000:00:05.0: BAR 0 [io  0xc080-0xc0bf]
[    0.447008] pci 0000:00:05.0: BAR 1 [mem 0xfebff000-0xfebfffff]
[    0.452794] pci 0000:00:05.0: BAR 4 [mem 0xfebf8000-0xfebfbfff 64bit pref]
[    0.468464] ACPI: PCI: Interrupt link LNKA configured for IRQ 10
[    0.470223] ACPI: PCI: Interrupt link LNKB configured for IRQ 10
[    0.472267] ACPI: PCI: Interrupt link LNKC configured for IRQ 11
[    0.474261] ACPI: PCI: Interrupt link LNKD configured for IRQ 11
[    0.474712] ACPI: PCI: Interrupt link LNKS configured for IRQ 9
[    0.495107] iommu: Default domain type: Translated
[    0.495317] iommu: DMA domain TLB invalidation policy: lazy mode
[    0.496561] SCSI subsystem initialized
[    0.497505] pps_core: LinuxPPS API ver. 1 registered
[    0.498151] pps_core: Software ver. 5.3.6 - Copyright 2005-2007 Rodolfo Giometti <giometti@linux.it>
[    0.499331] PTP clock support registered
[    0.500465] Advanced Linux Sound Architecture Driver Initialized.
[    0.502464] NET: Registered PF_ATMPVC protocol family
[    0.503140] NET: Registered PF_ATMSVC protocol family
[    0.503342] PCI: Using ACPI for IRQ routing
[    0.504355] vgaarb: loaded
[    0.504440] hpet0: at MMIO 0xfed00000, IRQs 2, 8, 0
[    0.505068] hpet0: 3 comparators, 64-bit 100.000000 MHz counter
[    0.512945] clocksource: Switched to clocksource kvm-clock
[    0.514323] VFS: Disk quotas dquot_6.6.0
[    0.514854] VFS: Dquot-cache hash table entries: 512 (order 0, 4096 bytes)
[    0.516483] pnp: PnP ACPI init
[    0.519351] pnp: PnP ACPI: found 5 devices
[    0.532729] clocksource: acpi_pm: mask: 0xffffff max_cycles: 0xffffff, max_idle_ns: 2085701024 ns
[    0.534275] NET: Registered PF_INET protocol family
[    0.535243] IP idents hash table entries: 16384 (order: 5, 131072 bytes, linear)
[    0.537053] tcp_listen_portaddr_hash hash table entries: 512 (order: 1, 8192 bytes, linear)
[    0.538447] Table-perturb hash table entries: 65536 (order: 6, 262144 bytes, linear)
[    0.539740] TCP established hash table entries: 8192 (order: 4, 65536 bytes, linear)
[    0.541029] TCP bind hash table entries: 8192 (order: 6, 262144 bytes, linear)
[    0.542239] TCP: Hash tables configured (established 8192 bind 8192)
[    0.543515] UDP hash table entries: 512 (order: 2, 16384 bytes, linear)
[    0.544675] UDP-Lite hash table entries: 512 (order: 2, 16384 bytes, linear)
[    0.546140] NET: Registered PF_UNIX/PF_LOCAL protocol family
[    0.547112] pci_bus 0000:00: resource 4 [io  0x0000-0x0cf7 window]
[    0.548144] pci_bus 0000:00: resource 5 [io  0x0d00-0xffff window]
[    0.549164] pci_bus 0000:00: resource 6 [mem 0x000a0000-0x000bffff window]
[    0.550294] pci_bus 0000:00: resource 7 [mem 0x40000000-0xfebfffff window]
[    0.551426] pci_bus 0000:00: resource 8 [mem 0x100000000-0x17fffffff window]
[    0.552867] pci 0000:00:01.0: PIIX3: Enabling Passive Release
[    0.553826] pci 0000:00:00.0: Limiting direct PCI/PCI transfers
[    0.554859] PCI: CLS 0 bytes, default 64
[    0.555803] kvm_intel: VMX not supported by CPU 16
[    0.556647] kvm_amd: TSC scaling supported
[    0.557322] kvm_amd: Nested Virtualization enabled
[    0.558115] kvm_amd: Nested Paging enabled
[    0.558799] kvm_amd: LBR virtualization supported
[    0.559594] kvm_amd: Virtual VMLOAD VMSAVE supported
[    0.560414] kvm_amd: Virtual GIF supported
[    0.561106] kvm_amd: Virtual NMI enabled
[    0.670228] Initialise system trusted keyrings
[    0.670946] workingset: timestamp_bits=56 max_order=18 bucket_order=0
[    0.671918] squashfs: version 4.0 (2009/01/31) Phillip Lougher
[    0.672687] fuse: init (API version 7.40)
[    0.673334] 9p: Installing v9fs 9p2000 file system support
[    0.683199] Key type asymmetric registered
[    0.683733] Asymmetric key parser 'x509' registered
[    0.684412] Block layer SCSI generic (bsg) driver version 0.4 loaded (major 249)
[    0.685384] io scheduler mq-deadline registered
[    0.685968] io scheduler kyber registered
[    0.688010] input: Power Button as /devices/LNXSYSTM:00/LNXPWRBN:00/input/input0
[    0.689211] ACPI: button: Power Button [PWRF]
[    0.689903] Warning: Processor Platform Limit event detected, but not handled.
[    0.690845] Consider compiling CPUfreq support into your kernel.
[    1.536623] ACPI: \_SB_.LNKB: Enabled at IRQ 10
[    2.378423] ACPI: \_SB_.LNKC: Enabled at IRQ 11
[    3.225544] ACPI: \_SB_.LNKA: Enabled at IRQ 10
[    3.227109] Serial: 8250/16550 driver, 4 ports, IRQ sharing enabled
[    3.228272] 00:03: ttyS0 at I/O 0x3f8 (irq = 4, base_baud = 115200) is a 16550A
[    3.288891] Non-volatile memory driver v1.3
[    3.289467] Linux agpgart interface v0.103
[    3.290045] printk: legacy console [hvc0] enabled
          _      _                                    
   __   _(_)_ __| |_ _ __ ___   ___       _ __   __ _ 
   \ \ / / |  __| __|  _   _ \ / _ \_____|  _ \ / _  |
    \ V /| | |  | |_| | | | | |  __/_____| | | | (_| |
     \_/ |_|_|   \__|_| |_| |_|\___|     |_| |_|\__  |
                                                |___/ 
   kernel version: 6.10.0-rc6-virtme x86_64
   (CTRL+d to exit)

virtme-ng:/nipa-data/kernel# PS1='xx__-> '
xx__-> env
PWD=/nipa-data/kernel
nr_open=1048576
HOME=/root
TERM=xterm
SHLVL=2
XDG_RUNTIME_DIR=/run/user/0
PATH=/bin:/sbin:/usr/bin:/usr/sbin:/usr/local/bin
OLDPWD=/
_=/usr/bin/env
xx__-> 