No EFI environment detected.
early console in extract_kernel
input_data: 0x0000000002be12c4
input_len: 0x0000000000b83730
output: 0x0000000001000000
output_len: 0x000000000271cbf4
kernel_total_size: 0x0000000002430000
needed_size: 0x0000000002800000
trampoline_32bit: 0x0000000000000000
Physical KASLR using RDRAND RDTSC...
Virtual KASLR using RDRAND RDTSC...

Decompressing Linux... Parsing ELF... Performing relocations... done.
Booting the kernel (entry_offset: 0x0000000000000000).
[    0.000000] Linux version 6.13.0-rc7-virtme (root@f6e1edb407ab) (gcc (Ubuntu 13.3.0-6ubuntu2~24.04) 13.3.0, GNU ld (GNU Binutils for Ubuntu) 2.42) #1 SMP PREEMPT_DYNAMIC Sun Jan 19 00:07:23 UTC 2025
[    0.000000] Command line: virtme_hostname=virtme-ng nr_open=1048576 virtme_link_mods=/nipa-data/kernel/.virtme_mods/lib/modules/0.0.0 virtme_initmount0=nipa-data/kernel virtme_rw_overlay0=/etc virtme_rw_overlay1=/lib virtme_rw_overlay2=/home virtme_rw_overlay3=/opt virtme_rw_overlay4=/srv virtme_rw_overlay5=/usr virtme_rw_overlay6=/var console=hvc0 earlyprintk=serial,ttyS0,115200 virtme_console=ttyS0 psmouse.proto=exps TERM=xterm virtme_chdir=nipa-data/kernel virtme_root_user=1 rootfstype=9p rootflags=version=9p2000.L,trans=virtio,access=any raid=noautodetect ro init=/usr/lib/python3/dist-packages/virtme/guest/virtme-init
[    0.000000] BIOS-provided physical RAM map:
[    0.000000] BIOS-e820: [mem 0x0000000000000000-0x000000000009fbff] usable
[    0.000000] BIOS-e820: [mem 0x000000000009fc00-0x000000000009ffff] reserved
[    0.000000] BIOS-e820: [mem 0x00000000000f0000-0x00000000000fffff] reserved
[    0.000000] BIOS-e820: [mem 0x0000000000100000-0x000000003ffdffff] usable
[    0.000000] BIOS-e820: [mem 0x000000003ffe0000-0x000000003fffffff] reserved
[    0.000000] BIOS-e820: [mem 0x00000000feffc000-0x00000000feffffff] reserved
[    0.000000] BIOS-e820: [mem 0x00000000fffc0000-0x00000000ffffffff] reserved
[    0.000000] BIOS-e820: [mem 0x000000fd00000000-0x000000ffffffffff] reserved
[    0.000000] printk: legacy bootconsole [earlyser0] enabled
[    0.000000] NX (Execute Disable) protection: active
[    0.000000] APIC: Static calls initialized
[    0.000000] SMBIOS 3.0.0 present.
[    0.000000] DMI: QEMU Ubuntu 24.04 PC (i440FX + PIIX, 1996), BIOS 1.16.3-debian-1.16.3-2 04/01/2014
[    0.000000] DMI: Memory slots populated: 1/1
[    0.000000] Hypervisor detected: KVM
[    0.000000] kvm-clock: Using msrs 4b564d01 and 4b564d00
[    0.000000] kvm-clock: using sched offset of 218690813 cycles
[    0.000368] clocksource: kvm-clock: mask: 0xffffffffffffffff max_cycles: 0x1cd42e4dffb, max_idle_ns: 881590591483 ns
[    0.001514] tsc: Detected 4491.556 MHz processor
[    0.002093] last_pfn = 0x3ffe0 max_arch_pfn = 0x400000000
[    0.002496] MTRR map: 4 entries (3 fixed + 1 variable; max 19), built from 8 variable MTRRs
[    0.003084] x86/PAT: Configuration [0-7]: WB  WC  UC- UC  WB  WP  UC- WT  
Memory KASLR using RDRAND RDTSC...
[    0.005061] found SMP MP-table at [mem 0x000f5470-0x000f547f]
[    0.005469] Using GB pages for direct mapping
[    0.005831] ACPI: Early table checksum verification disabled
[    0.006230] ACPI: RSDP 0x00000000000F5290 000014 (v00 BOCHS )
[    0.006637] ACPI: RSDT 0x000000003FFE27BC 000034 (v01 BOCHS  BXPC     00000001 BXPC 00000001)
[    0.007241] ACPI: FACP 0x000000003FFE2578 000074 (v01 BOCHS  BXPC     00000001 BXPC 00000001)
[    0.007846] ACPI: DSDT 0x000000003FFE0040 002538 (v01 BOCHS  BXPC     00000001 BXPC 00000001)
[    0.008447] ACPI: FACS 0x000000003FFE0000 000040
[    0.008774] ACPI: APIC 0x000000003FFE25EC 000170 (v03 BOCHS  BXPC     00000001 BXPC 00000001)
[    0.009377] ACPI: HPET 0x000000003FFE275C 000038 (v01 BOCHS  BXPC     00000001 BXPC 00000001)
[    0.009979] ACPI: WAET 0x000000003FFE2794 000028 (v01 BOCHS  BXPC     00000001 BXPC 00000001)
[    0.010580] ACPI: Reserving FACP table memory at [mem 0x3ffe2578-0x3ffe25eb]
[    0.011077] ACPI: Reserving DSDT table memory at [mem 0x3ffe0040-0x3ffe2577]
[    0.011578] ACPI: Reserving FACS table memory at [mem 0x3ffe0000-0x3ffe003f]
[    0.012076] ACPI: Reserving APIC table memory at [mem 0x3ffe25ec-0x3ffe275b]
[    0.012574] ACPI: Reserving HPET table memory at [mem 0x3ffe275c-0x3ffe2793]
[    0.013072] ACPI: Reserving WAET table memory at [mem 0x3ffe2794-0x3ffe27bb]
[    0.013703] No NUMA configuration found
[    0.013974] Faking a node at [mem 0x0000000000000000-0x000000003ffdffff]
[    0.014446] NODE_DATA(0) allocated [mem 0x3ffdb780-0x3ffdffff]
[    0.014866] Zone ranges:
[    0.015044]   DMA      [mem 0x0000000000001000-0x0000000000ffffff]
[    0.015480]   DMA32    [mem 0x0000000001000000-0x000000003ffdffff]
[    0.015920]   Normal   empty
[    0.016123]   Device   empty
[    0.016326] Movable zone start for each node
[    0.016627] Early memory node ranges
[    0.016878]   node   0: [mem 0x0000000000001000-0x000000000009efff]
[    0.017320]   node   0: [mem 0x0000000000100000-0x000000003ffdffff]
[    0.017762] Initmem setup node 0 [mem 0x0000000000001000-0x000000003ffdffff]
[    0.018261] On node 0, zone DMA: 1 pages in unavailable ranges
[    0.018683] On node 0, zone DMA: 97 pages in unavailable ranges
[    0.020071] On node 0, zone DMA32: 32 pages in unavailable ranges
[    0.020691] ACPI: PM-Timer IO Port: 0x608
[    0.020977] ACPI: LAPIC_NMI (acpi_id[0xff] dfl dfl lint[0x1])
[    0.021394] IOAPIC[0]: apic_id 0, version 17, address 0xfec00000, GSI 0-23
[    0.021876] ACPI: INT_SRC_OVR (bus 0 bus_irq 0 global_irq 2 dfl dfl)
[    0.022322] ACPI: INT_SRC_OVR (bus 0 bus_irq 5 global_irq 5 high level)
[    0.022786] ACPI: INT_SRC_OVR (bus 0 bus_irq 9 global_irq 9 high level)
[    0.023251] ACPI: INT_SRC_OVR (bus 0 bus_irq 10 global_irq 10 high level)
[    0.023731] ACPI: INT_SRC_OVR (bus 0 bus_irq 11 global_irq 11 high level)
[    0.024208] ACPI: Using ACPI (MADT) for SMP configuration information
[    0.024660] ACPI: HPET id: 0x8086a201 base: 0xfed00000
[    0.025022] TSC deadline timer available
[    0.025301] CPU topo: Max. logical packages:   1
[    0.025625] CPU topo: Max. logical dies:       1
[    0.025949] CPU topo: Max. dies per package:   1
[    0.026275] CPU topo: Max. threads per core:   1
[    0.026599] CPU topo: Num. cores per package:    32
[    0.026941] CPU topo: Num. threads per package:  32
[    0.027283] CPU topo: Allowing 32 present CPUs plus 0 hotplug CPUs
[    0.027726] kvm-guest: APIC: eoi() replaced with kvm_guest_apic_eoi_write()
[    0.028222] kvm-guest: KVM setup pv remote TLB flush
[    0.028571] kvm-guest: setup PV sched yield
[    0.028867] PM: hibernation: Registered nosave memory: [mem 0x00000000-0x00000fff]
[    0.029399] PM: hibernation: Registered nosave memory: [mem 0x0009f000-0x0009ffff]
[    0.029930] PM: hibernation: Registered nosave memory: [mem 0x000a0000-0x000effff]
[    0.030460] PM: hibernation: Registered nosave memory: [mem 0x000f0000-0x000fffff]
[    0.030992] [mem 0x40000000-0xfeffbfff] available for PCI devices
[    0.031420] Booting paravirtualized kernel on KVM
[    0.031753] clocksource: refined-jiffies: mask: 0xffffffff max_cycles: 0xffffffff, max_idle_ns: 1910969940391419 ns
[    0.035238] setup_percpu: NR_CPUS:64 nr_cpumask_bits:32 nr_cpu_ids:32 nr_node_ids:1
[    0.036371] percpu: Embedded 58 pages/cpu s198168 r8192 d31208 u262144
[    0.036861] Kernel command line: virtme_hostname=virtme-ng nr_open=1048576 virtme_link_mods=/nipa-data/kernel/.virtme_mods/lib/modules/0.0.0 virtme_initmount0=nipa-data/kernel virtme_rw_overlay0=/etc virtme_rw_overlay1=/lib virtme_rw_overlay2=/home virtme_rw_overlay3=/opt virtme_rw_overlay4=/srv virtme_rw_overlay5=/usr virtme_rw_overlay6=/var console=hvc0 earlyprintk=serial,ttyS0,115200 virtme_console=ttyS0 psmouse.proto=exps TERM=xterm virtme_chdir=nipa-data/kernel virtme_root_user=1 rootfstype=9p rootflags=version=9p2000.L,trans=virtio,access=any raid=noautodetect ro init=/usr/lib/python3/dist-packages/virtme/guest/virtme-init
[    0.040985] Unknown kernel command line parameters "virtme_hostname=virtme-ng nr_open=1048576 virtme_link_mods=/nipa-data/kernel/.virtme_mods/lib/modules/0.0.0 virtme_initmount0=nipa-data/kernel virtme_rw_overlay0=/etc virtme_rw_overlay1=/lib virtme_rw_overlay2=/home virtme_rw_overlay3=/opt virtme_rw_overlay4=/srv virtme_rw_overlay5=/usr virtme_rw_overlay6=/var virtme_console=ttyS0 virtme_chdir=nipa-data/kernel virtme_root_user=1", will be passed to user space.
[    0.044139] random: crng init done
[    0.044384] printk: log buffer data + meta data: 262144 + 917504 = 1179648 bytes
[    0.044944] Dentry cache hash table entries: 131072 (order: 8, 1048576 bytes, linear)
[    0.045528] Inode-cache hash table entries: 65536 (order: 7, 524288 bytes, linear)
[    0.046156] Fallback order for Node 0: 0 
[    0.046158] Built 1 zonelists, mobility grouping on.  Total pages: 262014
[    0.046938] Policy zone: DMA32
[    0.047159] mem auto-init: stack:all(zero), heap alloc:off, heap free:off
[    0.048223] SLUB: HWalign=64, Order=0-3, MinObjects=0, CPUs=32, Nodes=1
Poking KASLR using RDRAND RDTSC...
[    0.048945] ftrace: allocating 48719 entries in 191 pages
[    0.060959] ftrace: allocated 191 pages with 7 groups
[    0.061875] Dynamic Preempt: voluntary
[    0.062273] rcu: Preemptible hierarchical RCU implementation.
[    0.062689] rcu: RCU event tracing is enabled.
[    0.063016] rcu: RCU restricting CPUs from NR_CPUS=64 to nr_cpu_ids=32.
[    0.063501] Trampoline variant of Tasks RCU enabled.
[    0.063870] Rude variant of Tasks RCU enabled.
[    0.064197] Tracing variant of Tasks RCU enabled.
[    0.064542] rcu: RCU calculated value of scheduler-enlistment delay is 100 jiffies.
[    0.065096] rcu: Adjusting geometry for rcu_fanout_leaf=16, nr_cpu_ids=32
[    0.065592] RCU Tasks: Setting shift to 5 and lim to 1 rcu_task_cb_adjust=1 rcu_task_cpu_ids=32.
[    0.066228] RCU Tasks Rude: Setting shift to 5 and lim to 1 rcu_task_cb_adjust=1 rcu_task_cpu_ids=32.
[    0.066896] RCU Tasks Trace: Setting shift to 5 and lim to 1 rcu_task_cb_adjust=1 rcu_task_cpu_ids=32.
[    0.069332] NR_IRQS: 4352, nr_irqs: 680, preallocated irqs: 16
[    0.069922] rcu: srcu_init: Setting srcu_struct sizes based on contention.
[    0.070553] Console: colour *CGA 80x25
[    0.070829] ACPI: Core revision 20240827
[    0.071178] clocksource: hpet: mask: 0xffffffff max_cycles: 0xffffffff, max_idle_ns: 19112604467 ns
[    0.071889] APIC: Switch to symmetric I/O mode setup
[    0.072250] kvm-guest: APIC: send_IPI_mask() replaced with kvm_send_ipi_mask()
[    0.072766] kvm-guest: APIC: send_IPI_mask_allbutself() replaced with kvm_send_ipi_mask_allbutself()
[    0.073407] kvm-guest: setup PV IPIs
[    0.074416] ..TIMER: vector=0x30 apic1=0 pin1=2 apic2=-1 pin2=-1
[    0.075198] clocksource: tsc-early: mask: 0xffffffffffffffff max_cycles: 0x40be400eb43, max_idle_ns: 440795366972 ns
[    0.076545] Calibrating delay loop (skipped) preset value.. 8983.11 BogoMIPS (lpj=4491556)
[    0.077606] x86/cpu: User Mode Instruction Prevention (UMIP) activated
[    0.078593] Last level iTLB entries: 4KB 512, 2MB 255, 4MB 127
[    0.079545] Last level dTLB entries: 4KB 512, 2MB 255, 4MB 127, 1GB 0
[    0.080548] Spectre V1 : Mitigation: usercopy/swapgs barriers and __user pointer sanitization
[    0.081548] Spectre V2 : Mitigation: Enhanced / Automatic IBRS
[    0.082545] Spectre V2 : Spectre v2 / SpectreRSB mitigation: Filling RSB on context switch
[    0.083545] Spectre V2 : mitigation: Enabling conditional Indirect Branch Prediction Barrier
[    0.084546] Speculative Store Bypass: Mitigation: Speculative Store Bypass disabled via prctl
[    0.085545] Speculative Return Stack Overflow: IBPB-extending microcode not applied!
[    0.086545] Speculative Return Stack Overflow: WARNING: See https://kernel.org/doc/html/latest/admin-guide/hw-vuln/srso.html for mitigation options.
[    0.086545] Speculative Return Stack Overflow: Vulnerable: Safe RET, no microcode
[    0.088559] x86/fpu: Supporting XSAVE feature 0x001: 'x87 floating point registers'
[    0.089545] x86/fpu: Supporting XSAVE feature 0x002: 'SSE registers'
[    0.090545] x86/fpu: Supporting XSAVE feature 0x004: 'AVX registers'
[    0.091545] x86/fpu: Supporting XSAVE feature 0x020: 'AVX-512 opmask'
[    0.092545] x86/fpu: Supporting XSAVE feature 0x040: 'AVX-512 Hi256'
[    0.093545] x86/fpu: Supporting XSAVE feature 0x080: 'AVX-512 ZMM_Hi256'
[    0.094366] x86/fpu: Supporting XSAVE feature 0x200: 'Protection Keys User registers'
[    0.094545] x86/fpu: xstate_offset[2]:  576, xstate_sizes[2]:  256
[    0.095545] x86/fpu: xstate_offset[5]:  832, xstate_sizes[5]:   64
[    0.096545] x86/fpu: xstate_offset[6]:  896, xstate_sizes[6]:  512
[    0.097545] x86/fpu: xstate_offset[7]: 1408, xstate_sizes[7]: 1024
[    0.098301] x86/fpu: xstate_offset[9]: 2432, xstate_sizes[9]:    8
[    0.098545] x86/fpu: Enabled xstate features 0x2e7, context size is 2440 bytes, using 'compacted' format.
[    0.114177] Freeing SMP alternatives memory: 40K
[    0.114546] pid_max: default: 32768 minimum: 301
[    0.115131] Mount-cache hash table entries: 2048 (order: 2, 16384 bytes, linear)
[    0.115545] Mountpoint-cache hash table entries: 2048 (order: 2, 16384 bytes, linear)
[    0.116678] smpboot: CPU0: AMD Ryzen 9 7950X 16-Core Processor (family: 0x19, model: 0x61, stepping: 0x2)
[    0.117654] Performance Events: Fam17h+ core perfctr, AMD PMU driver.
[    0.118464] ... version:                0
[    0.118547] ... bit width:              48
[    0.119051] ... generic registers:      6
[    0.119538] ... value mask:             0000ffffffffffff
[    0.119546] ... max period:             00007fffffffffff
[    0.120196] ... fixed-purpose events:   0
[    0.120546] ... event mask:             000000000000003f
[    0.121269] signal: max sigframe size: 3376
[    0.121561] rcu: Hierarchical SRCU implementation.
[    0.122149] rcu: Max phase no-delay instances is 400.
[    0.122567] Timer migration: 2 hierarchy levels; 8 children per group; 2 crossnode level
[    0.125604] smp: Bringing up secondary CPUs ...
[    0.126217] smpboot: x86: Booting SMP configuration:
[    0.126548] .... node  #0, CPUs:        #1  #2  #3  #4  #5  #6  #7  #8  #9 #10 #11 #12 #13 #14 #15 #16 #17 #18 #19 #20 #21 #22 #23 #24 #25 #26 #27 #28 #29 #30 #31
[    0.138638] smp: Brought up 1 node, 32 CPUs
[    0.140066] smpboot: Total of 32 processors activated (287459.58 BogoMIPS)
[    0.142566] Memory: 970436K/1048056K available (16384K kernel code, 2473K rwdata, 6340K rodata, 3152K init, 1800K bss, 63184K reserved, 0K cma-reserved)
[    0.143657] devtmpfs: initialized
[    0.143975] x86/mm: Memory block size: 128MB
[    0.145229] clocksource: jiffies: mask: 0xffffffff max_cycles: 0xffffffff, max_idle_ns: 1911260446275000 ns
[    0.145547] futex hash table entries: 8192 (order: 7, 524288 bytes, linear)
[    0.146473] PM: RTC time: 00:07:40, date: 2025-01-19
[    0.146875] NET: Registered PF_NETLINK/PF_ROUTE protocol family
[    0.147660] thermal_sys: Registered thermal governor 'step_wise'
[    0.147662] thermal_sys: Registered thermal governor 'user_space'
[    0.148413] cpuidle: using governor menu
[    0.149744] PCI: Using configuration type 1 for base access
[    0.150547] PCI: Using configuration type 1 for extended access
[    0.151340] kprobes: kprobe jump-optimization is enabled. All kprobes are optimized if possible.
[    0.170814] HugeTLB: registered 1.00 GiB page size, pre-allocated 0 pages
[    0.171547] HugeTLB: 16380 KiB vmemmap can be freed for a 1.00 GiB page
[    0.172363] HugeTLB: registered 2.00 MiB page size, pre-allocated 0 pages
[    0.172546] HugeTLB: 28 KiB vmemmap can be freed for a 2.00 MiB page
[    0.173528] ACPI: Added _OSI(Module Device)
[    0.173547] ACPI: Added _OSI(Processor Device)
[    0.174102] ACPI: Added _OSI(3.0 _SCP Extensions)
[    0.174547] ACPI: Added _OSI(Processor Aggregator Device)
[    0.175872] ACPI: 1 ACPI AML tables successfully acquired and loaded
[    0.176925] ACPI: Interpreter enabled
[    0.177554] ACPI: PM: (supports S0 S3 S4 S5)
[    0.178087] ACPI: Using IOAPIC for interrupt routing
[    0.178552] PCI: Using host bridge windows from ACPI; if necessary, use "pci=nocrs" and report a bug
[    0.179546] PCI: Using E820 reservations for host bridge windows
[    0.180371] ACPI: Enabled 2 GPEs in block 00 to 0F
[    0.183077] ACPI: PCI Root Bridge [PCI0] (domain 0000 [bus 00-ff])
[    0.183548] acpi PNP0A03:00: _OSC: OS supports [ExtendedConfig ASPM ClockPM Segments MSI HPX-Type3]
[    0.184631] PCI host bridge to bus 0000:00
[    0.185139] pci_bus 0000:00: root bus resource [io  0x0000-0x0cf7 window]
[    0.185546] pci_bus 0000:00: root bus resource [io  0x0d00-0xffff window]
[    0.186380] pci_bus 0000:00: root bus resource [mem 0x000a0000-0x000bffff window]
[    0.186546] pci_bus 0000:00: root bus resource [mem 0x40000000-0xfebfffff window]
[    0.187475] pci_bus 0000:00: root bus resource [mem 0x100000000-0x17fffffff window]
[    0.187547] pci_bus 0000:00: root bus resource [bus 00-ff]
[    0.188302] pci 0000:00:00.0: [8086:1237] type 00 class 0x060000 conventional PCI endpoint
[    0.188783] pci 0000:00:01.0: [8086:7000] type 00 class 0x060100 conventional PCI endpoint
[    0.189850] pci 0000:00:01.1: [8086:7010] type 00 class 0x010180 conventional PCI endpoint
[    0.191804] pci 0000:00:01.1: BAR 4 [io  0xc0c0-0xc0cf]
[    0.192922] pci 0000:00:01.1: BAR 0 [io  0x01f0-0x01f7]: legacy IDE quirk
[    0.193546] pci 0000:00:01.1: BAR 1 [io  0x03f6]: legacy IDE quirk
[    0.194315] pci 0000:00:01.1: BAR 2 [io  0x0170-0x0177]: legacy IDE quirk
[    0.194546] pci 0000:00:01.1: BAR 3 [io  0x0376]: legacy IDE quirk
[    0.195391] pci 0000:00:01.3: [8086:7113] type 00 class 0x068000 conventional PCI endpoint
[    0.195781] pci 0000:00:01.3: quirk: [io  0x0600-0x063f] claimed by PIIX4 ACPI
[    0.196550] pci 0000:00:01.3: quirk: [io  0x0700-0x070f] claimed by PIIX4 SMB
[    0.197574] pci 0000:00:02.0: [1af4:1009] type 00 class 0x000200 conventional PCI endpoint
[    0.199014] pci 0000:00:02.0: BAR 0 [io  0xc000-0xc03f]
[    0.200348] pci 0000:00:02.0: BAR 1 [mem 0xfebfc000-0xfebfcfff]
[    0.201547] pci 0000:00:02.0: BAR 4 [mem 0xfebf0000-0xfebf3fff 64bit pref]
[    0.203580] pci 0000:00:03.0: [1af4:1009] type 00 class 0x000200 conventional PCI endpoint
[    0.205496] pci 0000:00:03.0: BAR 0 [io  0xc040-0xc07f]
[    0.206432] pci 0000:00:03.0: BAR 1 [mem 0xfebfd000-0xfebfdfff]
[    0.208907] pci 0000:00:03.0: BAR 4 [mem 0xfebf4000-0xfebf7fff 64bit pref]
[    0.210365] pci 0000:00:04.0: [8086:25ab] type 00 class 0x088000 conventional PCI endpoint
[    0.210709] pci 0000:00:04.0: BAR 0 [mem 0xfebfe000-0xfebfe00f]
[    0.212678] pci 0000:00:05.0: [1af4:1003] type 00 class 0x078000 conventional PCI endpoint
[    0.214027] pci 0000:00:05.0: BAR 0 [io  0xc080-0xc0bf]
[    0.214969] pci 0000:00:05.0: BAR 1 [mem 0xfebff000-0xfebfffff]
[    0.217752] pci 0000:00:05.0: BAR 4 [mem 0xfebf8000-0xfebfbfff 64bit pref]
[    0.219547] ACPI: PCI: Interrupt link LNKA configured for IRQ 10
[    0.220409] ACPI: PCI: Interrupt link LNKB configured for IRQ 10
[    0.220644] ACPI: PCI: Interrupt link LNKC configured for IRQ 11
[    0.221474] ACPI: PCI: Interrupt link LNKD configured for IRQ 11
[    0.221615] ACPI: PCI: Interrupt link LNKS configured for IRQ 9
[    0.223148] iommu: Default domain type: Translated
[    0.223546] iommu: DMA domain TLB invalidation policy: lazy mode
[    0.224330] SCSI subsystem initialized
[    0.224573] pps_core: LinuxPPS API ver. 1 registered
[    0.225185] pps_core: Software ver. 5.3.6 - Copyright 2005-2007 Rodolfo Giometti <giometti@linux.it>
[    0.225549] PTP clock support registered
[    0.226043] Advanced Linux Sound Architecture Driver Initialized.
[    0.226816] NET: Registered PF_ATMPVC protocol family
[    0.227448] NET: Registered PF_ATMSVC protocol family
[    0.227552] PCI: Using ACPI for IRQ routing
[    0.228143] vgaarb: loaded
[    0.228562] hpet0: at MMIO 0xfed00000, IRQs 2, 8, 0
[    0.229172] hpet0: 3 comparators, 64-bit 100.000000 MHz counter
[    0.235405] clocksource: Switched to clocksource kvm-clock
[    0.235405] VFS: Disk quotas dquot_6.6.0
[    0.235853] VFS: Dquot-cache hash table entries: 512 (order 0, 4096 bytes)
[    0.236750] pnp: PnP ACPI init
[    0.237296] pnp: PnP ACPI: found 5 devices
[    0.244381] clocksource: acpi_pm: mask: 0xffffff max_cycles: 0xffffff, max_idle_ns: 2085701024 ns
[    0.245488] NET: Registered PF_INET protocol family
[    0.246103] IP idents hash table entries: 16384 (order: 5, 131072 bytes, linear)
[    0.247158] tcp_listen_portaddr_hash hash table entries: 512 (order: 1, 8192 bytes, linear)
[    0.248202] Table-perturb hash table entries: 65536 (order: 6, 262144 bytes, linear)
[    0.249164] TCP established hash table entries: 8192 (order: 4, 65536 bytes, linear)
[    0.250122] TCP bind hash table entries: 8192 (order: 6, 262144 bytes, linear)
[    0.251111] TCP: Hash tables configured (established 8192 bind 8192)
[    0.251920] UDP hash table entries: 512 (order: 3, 32768 bytes, linear)
[    0.252739] UDP-Lite hash table entries: 512 (order: 3, 32768 bytes, linear)
[    0.253634] NET: Registered PF_UNIX/PF_LOCAL protocol family
[    0.254338] pci_bus 0000:00: resource 4 [io  0x0000-0x0cf7 window]
[    0.255096] pci_bus 0000:00: resource 5 [io  0x0d00-0xffff window]
[    0.255862] pci_bus 0000:00: resource 6 [mem 0x000a0000-0x000bffff window]
[    0.256709] pci_bus 0000:00: resource 7 [mem 0x40000000-0xfebfffff window]
[    0.257559] pci_bus 0000:00: resource 8 [mem 0x100000000-0x17fffffff window]
[    0.258450] pci 0000:00:01.0: PIIX3: Enabling Passive Release
[    0.259165] pci 0000:00:00.0: Limiting direct PCI/PCI transfers
[    0.259925] PCI: CLS 0 bytes, default 64
[    0.260464] kvm_intel: VMX not supported by CPU 0
[    0.261050] kvm_amd: TSC scaling supported
[    0.261558] kvm_amd: Nested Virtualization enabled
[    0.262149] kvm_amd: Nested Paging enabled
[    0.262652] kvm_amd: LBR virtualization supported
[    0.263266] kvm_amd: Virtual GIF supported
[    0.263769] kvm_amd: Virtual NMI enabled
[    0.291299] clocksource: tsc: mask: 0xffffffffffffffff max_cycles: 0x40be400eb43, max_idle_ns: 440795366972 ns
[    0.299007] Initialise system trusted keyrings
[    0.299662] workingset: timestamp_bits=56 max_order=18 bucket_order=0
[    0.300499] squashfs: version 4.0 (2009/01/31) Phillip Lougher
[    0.301242] fuse: init (API version 7.41)
[    0.301777] 9p: Installing v9fs 9p2000 file system support
[    0.308979] Key type asymmetric registered
[    0.309497] Asymmetric key parser 'x509' registered
[    0.310111] Block layer SCSI generic (bsg) driver version 0.4 loaded (major 249)
[    0.311045] io scheduler mq-deadline registered
[    0.311614] io scheduler kyber registered
[    0.313827] input: Power Button as /devices/LNXSYSTM:00/LNXPWRBN:00/input/input0
[    0.314797] ACPI: button: Power Button [PWRF]
[    0.315743] Warning: Processor Platform Limit event detected, but not handled.
[    0.316651] Consider compiling CPUfreq support into your kernel.
[    0.334477] ACPI: \_SB_.LNKB: Enabled at IRQ 10
[    0.350160] ACPI: \_SB_.LNKC: Enabled at IRQ 11
[    0.365787] ACPI: \_SB_.LNKA: Enabled at IRQ 10
[    0.366937] Serial: 8250/16550 driver, 4 ports, IRQ sharing enabled
[    0.367828] 00:03: ttyS0 at I/O 0x3f8 (irq = 4, base_baud = 115200) is a 16550A
[    0.394661] Non-volatile memory driver v1.3
[    0.395207] Linux agpgart interface v0.103
[    0.395752] ACPI: bus type drm_connector registered
[    0.396918] printk: legacy console [hvc0] enabled
[    0.397503] printk: legacy bootconsole [earlyser0] disabled
          _      _                                    
   __   _(_)_ __| |_ _ __ ___   ___       _ __   __ _ 
   \ \ / / |  __| __|  _   _ \ / _ \_____|  _ \ / _  |
    \ V /| | |  | |_| | | | | |  __/_____| | | | (_| |
     \_/ |_|_|   \__|_| |_| |_|\___|     |_| |_|\__  |
                                                |___/ 
   kernel version: 6.13.0-rc7-virtme x86_64
   (CTRL+d to exit)

root@virtme-ng:/nipa-data/kernel# PS1='xx__-> '
xx__-> env
PWD=/nipa-data/kernel
nr_open=1048576
HOME=/
TERM=xterm
SHLVL=2
XDG_RUNTIME_DIR=/run/user/0
PATH=/bin:/sbin:/usr/bin:/usr/sbin:/usr/local/bin
OLDPWD=/
_=/bin/env
xx__-> 