No EFI environment detected.
early console in extract_kernel
input_data: 0x0000000002be52c4
input_len: 0x0000000000b6f265
output: 0x0000000001000000
output_len: 0x000000000270ce80
kernel_total_size: 0x0000000002430000
needed_size: 0x0000000002800000
trampoline_32bit: 0x0000000000000000
Physical KASLR using RDRAND RDTSC...
Virtual KASLR using RDRAND RDTSC...

Decompressing Linux... Parsing ELF... Performing relocations... done.
Booting the kernel (entry_offset: 0x0000000000000000).
[    0.000000] Linux version 6.12.0-rc5-virtme (root@66bfed0b743c) (gcc (Ubuntu 13.2.0-23ubuntu4) 13.2.0, GNU ld (GNU Binutils for Ubuntu) 2.42) #1 SMP PREEMPT_DYNAMIC Mon Nov  4 00:05:41 UTC 2024
[    0.000000] Command line: virtme_hostname=virtme-ng nr_open=1048576 virtme_link_mods=/nipa-data/kernel/.virtme_mods/lib/modules/0.0.0 virtme_initmount0=nipa-data/kernel virtme_rw_overlay0=/etc virtme_rw_overlay1=/lib virtme_rw_overlay2=/home virtme_rw_overlay3=/opt virtme_rw_overlay4=/srv virtme_rw_overlay5=/usr virtme_rw_overlay6=/var console=hvc0 earlyprintk=serial,ttyS0,115200 virtme_console=ttyS0 psmouse.proto=exps TERM=xterm virtme_chdir=nipa-data/kernel virtme_root_user=1 rootfstype=9p rootflags=version=9p2000.L,trans=virtio,access=any raid=noautodetect ro init=/usr/lib/python3/dist-packages/virtme/guest/virtme-init
[    0.000000] BIOS-provided physical RAM map:
[    0.000000] BIOS-e820: [mem 0x0000000000000000-0x000000000009fbff] usable
[    0.000000] BIOS-e820: [mem 0x000000000009fc00-0x000000000009ffff] reserved
[    0.000000] BIOS-e820: [mem 0x00000000000f0000-0x00000000000fffff] reserved
[    0.000000] BIOS-e820: [mem 0x0000000000100000-0x000000003ffdffff] usable
[    0.000000] BIOS-e820: [mem 0x000000003ffe0000-0x000000003fffffff] reserved
[    0.000000] BIOS-e820: [mem 0x00000000feffc000-0x00000000feffffff] reserved
[    0.000000] BIOS-e820: [mem 0x00000000fffc0000-0x00000000ffffffff] reserved
[    0.000000] BIOS-e820: [mem 0x000000fd00000000-0x000000ffffffffff] reserved
[    0.000000] printk: legacy bootconsole [earlyser0] enabled
[    0.000000] NX (Execute Disable) protection: active
[    0.000000] APIC: Static calls initialized
[    0.000000] SMBIOS 3.0.0 present.
[    0.000000] DMI: QEMU Ubuntu 24.04 PC (i440FX + PIIX, 1996), BIOS 1.16.3-debian-1.16.3-2 04/01/2014
[    0.000000] DMI: Memory slots populated: 1/1
[    0.000000] Hypervisor detected: KVM
[    0.000000] kvm-clock: Using msrs 4b564d01 and 4b564d00
[    0.000000] kvm-clock: using sched offset of 223841454 cycles
[    0.000353] clocksource: kvm-clock: mask: 0xffffffffffffffff max_cycles: 0x1cd42e4dffb, max_idle_ns: 881590591483 ns
[    0.001451] tsc: Detected 4491.560 MHz processor
[    0.002025] last_pfn = 0x3ffe0 max_arch_pfn = 0x400000000
[    0.002413] MTRR map: 4 entries (3 fixed + 1 variable; max 19), built from 8 variable MTRRs
[    0.002978] x86/PAT: Configuration [0-7]: WB  WC  UC- UC  WB  WP  UC- WT  
Memory KASLR using RDRAND RDTSC...
[    0.004929] found SMP MP-table at [mem 0x000f5470-0x000f547f]
[    0.005321] Using GB pages for direct mapping
[    0.005675] ACPI: Early table checksum verification disabled
[    0.006057] ACPI: RSDP 0x00000000000F5290 000014 (v00 BOCHS )
[    0.006447] ACPI: RSDT 0x000000003FFE27BC 000034 (v01 BOCHS  BXPC     00000001 BXPC 00000001)
[    0.007024] ACPI: FACP 0x000000003FFE2578 000074 (v01 BOCHS  BXPC     00000001 BXPC 00000001)
[    0.007600] ACPI: DSDT 0x000000003FFE0040 002538 (v01 BOCHS  BXPC     00000001 BXPC 00000001)
[    0.008176] ACPI: FACS 0x000000003FFE0000 000040
[    0.008488] ACPI: APIC 0x000000003FFE25EC 000170 (v03 BOCHS  BXPC     00000001 BXPC 00000001)
[    0.009063] ACPI: HPET 0x000000003FFE275C 000038 (v01 BOCHS  BXPC     00000001 BXPC 00000001)
[    0.009642] ACPI: WAET 0x000000003FFE2794 000028 (v01 BOCHS  BXPC     00000001 BXPC 00000001)
[    0.010217] ACPI: Reserving FACP table memory at [mem 0x3ffe2578-0x3ffe25eb]
[    0.010692] ACPI: Reserving DSDT table memory at [mem 0x3ffe0040-0x3ffe2577]
[    0.011167] ACPI: Reserving FACS table memory at [mem 0x3ffe0000-0x3ffe003f]
[    0.011642] ACPI: Reserving APIC table memory at [mem 0x3ffe25ec-0x3ffe275b]
[    0.012116] ACPI: Reserving HPET table memory at [mem 0x3ffe275c-0x3ffe2793]
[    0.012591] ACPI: Reserving WAET table memory at [mem 0x3ffe2794-0x3ffe27bb]
[    0.013196] No NUMA configuration found
[    0.013455] Faking a node at [mem 0x0000000000000000-0x000000003ffdffff]
[    0.013923] NODE_DATA(0) allocated [mem 0x3ffdb780-0x3ffdffff]
[    0.014325] Zone ranges:
[    0.014495]   DMA      [mem 0x0000000000001000-0x0000000000ffffff]
[    0.014912]   DMA32    [mem 0x0000000001000000-0x000000003ffdffff]
[    0.015328]   Normal   empty
[    0.015522]   Device   empty
[    0.015716] Movable zone start for each node
[    0.016004] Early memory node ranges
[    0.016244]   node   0: [mem 0x0000000000001000-0x000000000009efff]
[    0.016667]   node   0: [mem 0x0000000000100000-0x000000003ffdffff]
[    0.017089] Initmem setup node 0 [mem 0x0000000000001000-0x000000003ffdffff]
[    0.017568] On node 0, zone DMA: 1 pages in unavailable ranges
[    0.017970] On node 0, zone DMA: 97 pages in unavailable ranges
[    0.019358] On node 0, zone DMA32: 32 pages in unavailable ranges
[    0.019956] ACPI: PM-Timer IO Port: 0x608
[    0.020230] ACPI: LAPIC_NMI (acpi_id[0xff] dfl dfl lint[0x1])
[    0.020631] IOAPIC[0]: apic_id 0, version 17, address 0xfec00000, GSI 0-23
[    0.021096] ACPI: INT_SRC_OVR (bus 0 bus_irq 0 global_irq 2 dfl dfl)
[    0.021525] ACPI: INT_SRC_OVR (bus 0 bus_irq 5 global_irq 5 high level)
[    0.021974] ACPI: INT_SRC_OVR (bus 0 bus_irq 9 global_irq 9 high level)
[    0.022420] ACPI: INT_SRC_OVR (bus 0 bus_irq 10 global_irq 10 high level)
[    0.022878] ACPI: INT_SRC_OVR (bus 0 bus_irq 11 global_irq 11 high level)
[    0.023337] ACPI: Using ACPI (MADT) for SMP configuration information
[    0.023771] ACPI: HPET id: 0x8086a201 base: 0xfed00000
[    0.024118] TSC deadline timer available
[    0.024388] CPU topo: Max. logical packages:   1
[    0.024698] CPU topo: Max. logical dies:       1
[    0.025007] CPU topo: Max. dies per package:   1
[    0.025319] CPU topo: Max. threads per core:   1
[    0.025631] CPU topo: Num. cores per package:    32
[    0.025959] CPU topo: Num. threads per package:  32
[    0.026292] CPU topo: Allowing 32 present CPUs plus 0 hotplug CPUs
[    0.026716] kvm-guest: APIC: eoi() replaced with kvm_guest_apic_eoi_write()
[    0.027197] kvm-guest: KVM setup pv remote TLB flush
[    0.027532] kvm-guest: setup PV sched yield
[    0.027815] PM: hibernation: Registered nosave memory: [mem 0x00000000-0x00000fff]
[    0.028324] PM: hibernation: Registered nosave memory: [mem 0x0009f000-0x0009ffff]
[    0.028831] PM: hibernation: Registered nosave memory: [mem 0x000a0000-0x000effff]
[    0.029339] PM: hibernation: Registered nosave memory: [mem 0x000f0000-0x000fffff]
[    0.029851] [mem 0x40000000-0xfeffbfff] available for PCI devices
[    0.030261] Booting paravirtualized kernel on KVM
[    0.030576] clocksource: refined-jiffies: mask: 0xffffffff max_cycles: 0xffffffff, max_idle_ns: 1910969940391419 ns
[    0.034060] setup_percpu: NR_CPUS:64 nr_cpumask_bits:32 nr_cpu_ids:32 nr_node_ids:1
[    0.035175] percpu: Embedded 58 pages/cpu s198552 r8192 d30824 u262144
[    0.035645] Kernel command line: virtme_hostname=virtme-ng nr_open=1048576 virtme_link_mods=/nipa-data/kernel/.virtme_mods/lib/modules/0.0.0 virtme_initmount0=nipa-data/kernel virtme_rw_overlay0=/etc virtme_rw_overlay1=/lib virtme_rw_overlay2=/home virtme_rw_overlay3=/opt virtme_rw_overlay4=/srv virtme_rw_overlay5=/usr virtme_rw_overlay6=/var console=hvc0 earlyprintk=serial,ttyS0,115200 virtme_console=ttyS0 psmouse.proto=exps TERM=xterm virtme_chdir=nipa-data/kernel virtme_root_user=1 rootfstype=9p rootflags=version=9p2000.L,trans=virtio,access=any raid=noautodetect ro init=/usr/lib/python3/dist-packages/virtme/guest/virtme-init
[    0.039566] Unknown kernel command line parameters "virtme_hostname=virtme-ng nr_open=1048576 virtme_link_mods=/nipa-data/kernel/.virtme_mods/lib/modules/0.0.0 virtme_initmount0=nipa-data/kernel virtme_rw_overlay0=/etc virtme_rw_overlay1=/lib virtme_rw_overlay2=/home virtme_rw_overlay3=/opt virtme_rw_overlay4=/srv virtme_rw_overlay5=/usr virtme_rw_overlay6=/var virtme_console=ttyS0 virtme_chdir=nipa-data/kernel virtme_root_user=1", will be passed to user space.
[    0.042584] random: crng init done
[    0.042845] Dentry cache hash table entries: 131072 (order: 8, 1048576 bytes, linear)
[    0.043404] Inode-cache hash table entries: 65536 (order: 7, 524288 bytes, linear)
[    0.044011] Fallback order for Node 0: 0 
[    0.044013] Built 1 zonelists, mobility grouping on.  Total pages: 262014
[    0.044759] Policy zone: DMA32
[    0.044970] mem auto-init: stack:all(zero), heap alloc:off, heap free:off
[    0.046022] SLUB: HWalign=64, Order=0-3, MinObjects=0, CPUs=32, Nodes=1
Poking KASLR using RDRAND RDTSC...
[    0.046710] ftrace: allocating 48477 entries in 190 pages
[    0.053685] ftrace: allocated 190 pages with 6 groups
[    0.054621] Dynamic Preempt: voluntary
[    0.055008] rcu: Preemptible hierarchical RCU implementation.
[    0.055409] rcu: RCU event tracing is enabled.
[    0.055722] rcu: RCU restricting CPUs from NR_CPUS=64 to nr_cpu_ids=32.
[    0.056184] Trampoline variant of Tasks RCU enabled.
[    0.056532] Rude variant of Tasks RCU enabled.
[    0.056845] Tracing variant of Tasks RCU enabled.
[    0.057175] rcu: RCU calculated value of scheduler-enlistment delay is 100 jiffies.
[    0.057705] rcu: Adjusting geometry for rcu_fanout_leaf=16, nr_cpu_ids=32
[    0.058182] RCU Tasks: Setting shift to 5 and lim to 1 rcu_task_cb_adjust=1 rcu_task_cpu_ids=32.
[    0.058789] RCU Tasks Rude: Setting shift to 5 and lim to 1 rcu_task_cb_adjust=1 rcu_task_cpu_ids=32.
[    0.059425] RCU Tasks Trace: Setting shift to 5 and lim to 1 rcu_task_cb_adjust=1 rcu_task_cpu_ids=32.
[    0.061462] NR_IRQS: 4352, nr_irqs: 680, preallocated irqs: 16
[    0.062034] rcu: srcu_init: Setting srcu_struct sizes based on contention.
[    0.062643] Console: colour *CGA 80x25
[    0.062908] ACPI: Core revision 20240827
[    0.063249] clocksource: hpet: mask: 0xffffffff max_cycles: 0xffffffff, max_idle_ns: 19112604467 ns
[    0.063923] APIC: Switch to symmetric I/O mode setup
[    0.064282] kvm-guest: APIC: send_IPI_mask() replaced with kvm_send_ipi_mask()
[    0.064776] kvm-guest: APIC: send_IPI_mask_allbutself() replaced with kvm_send_ipi_mask_allbutself()
[    0.065389] kvm-guest: setup PV IPIs
[    0.066385] ..TIMER: vector=0x30 apic1=0 pin1=2 apic2=-1 pin2=-1
[    0.067150] clocksource: tsc-early: mask: 0xffffffffffffffff max_cycles: 0x40be4320a4d, max_idle_ns: 440795288133 ns
[    0.068460] Calibrating delay loop (skipped) preset value.. 8983.12 BogoMIPS (lpj=4491560)
[    0.069524] x86/cpu: User Mode Instruction Prevention (UMIP) activated
[    0.070507] Last level iTLB entries: 4KB 512, 2MB 255, 4MB 127
[    0.071459] Last level dTLB entries: 4KB 512, 2MB 255, 4MB 127, 1GB 0
[    0.072463] Spectre V1 : Mitigation: usercopy/swapgs barriers and __user pointer sanitization
[    0.073463] Spectre V2 : Mitigation: Enhanced / Automatic IBRS
[    0.074183] Spectre V2 : Spectre v2 / SpectreRSB mitigation: Filling RSB on context switch
[    0.074460] Spectre V2 : mitigation: Enabling conditional Indirect Branch Prediction Barrier
[    0.075461] Speculative Store Bypass: Mitigation: Speculative Store Bypass disabled via prctl
[    0.077459] Speculative Return Stack Overflow: IBPB-extending microcode not applied!
[    0.078415] Speculative Return Stack Overflow: WARNING: See https://kernel.org/doc/html/latest/admin-guide/hw-vuln/srso.html for mitigation options.
[    0.078415] Speculative Return Stack Overflow: Vulnerable: Safe RET, no microcode
[    0.079474] x86/fpu: Supporting XSAVE feature 0x001: 'x87 floating point registers'
[    0.080459] x86/fpu: Supporting XSAVE feature 0x002: 'SSE registers'
[    0.081459] x86/fpu: Supporting XSAVE feature 0x004: 'AVX registers'
[    0.082459] x86/fpu: Supporting XSAVE feature 0x020: 'AVX-512 opmask'
[    0.083239] x86/fpu: Supporting XSAVE feature 0x040: 'AVX-512 Hi256'
[    0.083459] x86/fpu: Supporting XSAVE feature 0x080: 'AVX-512 ZMM_Hi256'
[    0.084459] x86/fpu: Supporting XSAVE feature 0x200: 'Protection Keys User registers'
[    0.085460] x86/fpu: xstate_offset[2]:  576, xstate_sizes[2]:  256
[    0.086459] x86/fpu: xstate_offset[5]:  832, xstate_sizes[5]:   64
[    0.087208] x86/fpu: xstate_offset[6]:  896, xstate_sizes[6]:  512
[    0.087459] x86/fpu: xstate_offset[7]: 1408, xstate_sizes[7]: 1024
[    0.088459] x86/fpu: xstate_offset[9]: 2432, xstate_sizes[9]:    8
[    0.089459] x86/fpu: Enabled xstate features 0x2e7, context size is 2440 bytes, using 'compacted' format.
[    0.104714] Freeing SMP alternatives memory: 40K
[    0.105283] pid_max: default: 32768 minimum: 301
[    0.105479] Mount-cache hash table entries: 2048 (order: 2, 16384 bytes, linear)
[    0.106460] Mountpoint-cache hash table entries: 2048 (order: 2, 16384 bytes, linear)
[    0.107590] smpboot: CPU0: AMD Ryzen 9 7950X 16-Core Processor (family: 0x19, model: 0x61, stepping: 0x2)
[    0.108573] Performance Events: Fam17h+ core perfctr, AMD PMU driver.
[    0.109374] ... version:                0
[    0.109461] ... bit width:              48
[    0.109956] ... generic registers:      6
[    0.110441] ... value mask:             0000ffffffffffff
[    0.110461] ... max period:             00007fffffffffff
[    0.111104] ... fixed-purpose events:   0
[    0.111461] ... event mask:             000000000000003f
[    0.112179] signal: max sigframe size: 3376
[    0.112477] rcu: Hierarchical SRCU implementation.
[    0.113058] rcu: Max phase no-delay instances is 400.
[    0.113482] Timer migration: 2 hierarchy levels; 8 children per group; 2 crossnode level
[    0.116522] smp: Bringing up secondary CPUs ...
[    0.117119] smpboot: x86: Booting SMP configuration:
[    0.117462] .... node  #0, CPUs:        #1  #2  #3  #4  #5  #6  #7  #8  #9 #10 #11 #12 #13 #14 #15 #16 #17 #18 #19 #20 #21 #22 #23 #24 #25 #26 #27 #28 #29 #30 #31
[    0.132559] smp: Brought up 1 node, 32 CPUs
[    0.133980] smpboot: Total of 32 processors activated (287459.84 BogoMIPS)
[    0.136573] Memory: 969620K/1048056K available (16384K kernel code, 2449K rwdata, 6280K rodata, 3132K init, 1856K bss, 63184K reserved, 0K cma-reserved)
[    0.138492] devtmpfs: initialized
[    0.138896] x86/mm: Memory block size: 128MB
[    0.140132] clocksource: jiffies: mask: 0xffffffff max_cycles: 0xffffffff, max_idle_ns: 1911260446275000 ns
[    0.140464] futex hash table entries: 8192 (order: 7, 524288 bytes, linear)
[    0.141399] PM: RTC time: 00:06:01, date: 2024-11-04
[    0.142854] NET: Registered PF_NETLINK/PF_ROUTE protocol family
[    0.143578] thermal_sys: Registered thermal governor 'step_wise'
[    0.143579] thermal_sys: Registered thermal governor 'user_space'
[    0.144463] cpuidle: using governor menu
[    0.146654] PCI: Using configuration type 1 for base access
[    0.147462] PCI: Using configuration type 1 for extended access
[    0.148482] kprobes: kprobe jump-optimization is enabled. All kprobes are optimized if possible.
[    0.151538] HugeTLB: registered 1.00 GiB page size, pre-allocated 0 pages
[    0.152462] HugeTLB: 16380 KiB vmemmap can be freed for a 1.00 GiB page
[    0.153461] HugeTLB: registered 2.00 MiB page size, pre-allocated 0 pages
[    0.154461] HugeTLB: 28 KiB vmemmap can be freed for a 2.00 MiB page
[    0.155609] ACPI: Added _OSI(Module Device)
[    0.156274] ACPI: Added _OSI(Processor Device)
[    0.157462] ACPI: Added _OSI(3.0 _SCP Extensions)
[    0.158190] ACPI: Added _OSI(Processor Aggregator Device)
[    0.159302] ACPI: 1 ACPI AML tables successfully acquired and loaded
[    0.164725] ACPI: Interpreter enabled
[    0.165063] ACPI: PM: (supports S0 S3 S4 S5)
[    0.165462] ACPI: Using IOAPIC for interrupt routing
[    0.166075] PCI: Using host bridge windows from ACPI; if necessary, use "pci=nocrs" and report a bug
[    0.167461] PCI: Using E820 reservations for host bridge windows
[    0.168280] ACPI: Enabled 2 GPEs in block 00 to 0F
[    0.171889] ACPI: PCI Root Bridge [PCI0] (domain 0000 [bus 00-ff])
[    0.172464] acpi PNP0A03:00: _OSC: OS supports [ExtendedConfig ASPM ClockPM Segments MSI HPX-Type3]
[    0.173549] PCI host bridge to bus 0000:00
[    0.174049] pci_bus 0000:00: root bus resource [io  0x0000-0x0cf7 window]
[    0.174461] pci_bus 0000:00: root bus resource [io  0x0d00-0xffff window]
[    0.175290] pci_bus 0000:00: root bus resource [mem 0x000a0000-0x000bffff window]
[    0.176461] pci_bus 0000:00: root bus resource [mem 0x40000000-0xfebfffff window]
[    0.177380] pci_bus 0000:00: root bus resource [mem 0x100000000-0x17fffffff window]
[    0.178461] pci_bus 0000:00: root bus resource [bus 00-ff]
[    0.179212] pci 0000:00:00.0: [8086:1237] type 00 class 0x060000 conventional PCI endpoint
[    0.180697] pci 0000:00:01.0: [8086:7000] type 00 class 0x060100 conventional PCI endpoint
[    0.181762] pci 0000:00:01.1: [8086:7010] type 00 class 0x010180 conventional PCI endpoint
[    0.184092] pci 0000:00:01.1: BAR 4 [io  0xc0c0-0xc0cf]
[    0.185106] pci 0000:00:01.1: BAR 0 [io  0x01f0-0x01f7]: legacy IDE quirk
[    0.186461] pci 0000:00:01.1: BAR 1 [io  0x03f6]: legacy IDE quirk
[    0.187212] pci 0000:00:01.1: BAR 2 [io  0x0170-0x0177]: legacy IDE quirk
[    0.188461] pci 0000:00:01.1: BAR 3 [io  0x0376]: legacy IDE quirk
[    0.189305] pci 0000:00:01.3: [8086:7113] type 00 class 0x068000 conventional PCI endpoint
[    0.189688] pci 0000:00:01.3: quirk: [io  0x0600-0x063f] claimed by PIIX4 ACPI
[    0.191465] pci 0000:00:01.3: quirk: [io  0x0700-0x070f] claimed by PIIX4 SMB
[    0.192619] pci 0000:00:02.0: [1af4:1009] type 00 class 0x000200 conventional PCI endpoint
[    0.193812] pci 0000:00:02.0: BAR 0 [io  0xc000-0xc03f]
[    0.194662] pci 0000:00:02.0: BAR 1 [mem 0xfebfc000-0xfebfcfff]
[    0.197334] pci 0000:00:02.0: BAR 4 [mem 0xfebf0000-0xfebf3fff 64bit pref]
[    0.199902] pci 0000:00:03.0: [1af4:1009] type 00 class 0x000200 conventional PCI endpoint
[    0.201387] pci 0000:00:03.0: BAR 0 [io  0xc040-0xc07f]
[    0.202722] pci 0000:00:03.0: BAR 1 [mem 0xfebfd000-0xfebfdfff]
[    0.204212] pci 0000:00:03.0: BAR 4 [mem 0xfebf4000-0xfebf7fff 64bit pref]
[    0.206336] pci 0000:00:04.0: [8086:25ab] type 00 class 0x088000 conventional PCI endpoint
[    0.207662] pci 0000:00:04.0: BAR 0 [mem 0xfebfe000-0xfebfe00f]
[    0.210010] pci 0000:00:05.0: [1af4:1003] type 00 class 0x078000 conventional PCI endpoint
[    0.211384] pci 0000:00:05.0: BAR 0 [io  0xc080-0xc0bf]
[    0.212696] pci 0000:00:05.0: BAR 1 [mem 0xfebff000-0xfebfffff]
[    0.214102] pci 0000:00:05.0: BAR 4 [mem 0xfebf8000-0xfebfbfff 64bit pref]
[    0.216497] ACPI: PCI: Interrupt link LNKA configured for IRQ 10
[    0.217342] ACPI: PCI: Interrupt link LNKB configured for IRQ 10
[    0.218557] ACPI: PCI: Interrupt link LNKC configured for IRQ 11
[    0.219389] ACPI: PCI: Interrupt link LNKD configured for IRQ 11
[    0.219529] ACPI: PCI: Interrupt link LNKS configured for IRQ 9
[    0.221062] iommu: Default domain type: Translated
[    0.221461] iommu: DMA domain TLB invalidation policy: lazy mode
[    0.222449] SCSI subsystem initialized
[    0.223491] pps_core: LinuxPPS API ver. 1 registered
[    0.224106] pps_core: Software ver. 5.3.6 - Copyright 2005-2007 Rodolfo Giometti <giometti@linux.it>
[    0.225463] PTP clock support registered
[    0.225956] Advanced Linux Sound Architecture Driver Initialized.
[    0.226708] NET: Registered PF_ATMPVC protocol family
[    0.227328] NET: Registered PF_ATMSVC protocol family
[    0.228466] PCI: Using ACPI for IRQ routing
[    0.229062] vgaarb: loaded
[    0.229485] hpet0: at MMIO 0xfed00000, IRQs 2, 8, 0
[    0.230084] hpet0: 3 comparators, 64-bit 100.000000 MHz counter
[    0.233953] clocksource: Switched to clocksource kvm-clock
[    0.234457] VFS: Disk quotas dquot_6.6.0
[    0.234975] VFS: Dquot-cache hash table entries: 512 (order 0, 4096 bytes)
[    0.235855] pnp: PnP ACPI init
[    0.236402] pnp: PnP ACPI: found 5 devices
[    0.243324] clocksource: acpi_pm: mask: 0xffffff max_cycles: 0xffffff, max_idle_ns: 2085701024 ns
[    0.244423] NET: Registered PF_INET protocol family
[    0.245039] IP idents hash table entries: 16384 (order: 5, 131072 bytes, linear)
[    0.246078] tcp_listen_portaddr_hash hash table entries: 512 (order: 1, 8192 bytes, linear)
[    0.247102] Table-perturb hash table entries: 65536 (order: 6, 262144 bytes, linear)
[    0.248054] TCP established hash table entries: 8192 (order: 4, 65536 bytes, linear)
[    0.249000] TCP bind hash table entries: 8192 (order: 6, 262144 bytes, linear)
[    0.249885] TCP: Hash tables configured (established 8192 bind 8192)
[    0.250679] UDP hash table entries: 512 (order: 2, 16384 bytes, linear)
[    0.251495] UDP-Lite hash table entries: 512 (order: 2, 16384 bytes, linear)
[    0.252386] NET: Registered PF_UNIX/PF_LOCAL protocol family
[    0.253084] pci_bus 0000:00: resource 4 [io  0x0000-0x0cf7 window]
[    0.253836] pci_bus 0000:00: resource 5 [io  0x0d00-0xffff window]
[    0.254594] pci_bus 0000:00: resource 6 [mem 0x000a0000-0x000bffff window]
[    0.255437] pci_bus 0000:00: resource 7 [mem 0x40000000-0xfebfffff window]
[    0.256284] pci_bus 0000:00: resource 8 [mem 0x100000000-0x17fffffff window]
[    0.257168] pci 0000:00:01.0: PIIX3: Enabling Passive Release
[    0.257874] pci 0000:00:00.0: Limiting direct PCI/PCI transfers
[    0.258633] PCI: CLS 0 bytes, default 64
[    0.259157] kvm_intel: VMX not supported by CPU 30
[    0.259752] kvm_amd: TSC scaling supported
[    0.260257] kvm_amd: Nested Virtualization enabled
[    0.260844] kvm_amd: Nested Paging enabled
[    0.261346] kvm_amd: LBR virtualization supported
[    0.261961] kvm_amd: Virtual VMLOAD VMSAVE supported
[    0.262573] kvm_amd: Virtual GIF supported
[    0.263076] kvm_amd: Virtual NMI enabled
[    0.290652] clocksource: tsc: mask: 0xffffffffffffffff max_cycles: 0x40be4320a4d, max_idle_ns: 440795288133 ns
[    0.298143] Initialise system trusted keyrings
[    0.298786] workingset: timestamp_bits=56 max_order=18 bucket_order=0
[    0.299600] squashfs: version 4.0 (2009/01/31) Phillip Lougher
[    0.300335] fuse: init (API version 7.41)
[    0.300865] 9p: Installing v9fs 9p2000 file system support
[    0.307786] Key type asymmetric registered
[    0.308301] Asymmetric key parser 'x509' registered
[    0.308914] Block layer SCSI generic (bsg) driver version 0.4 loaded (major 249)
[    0.309854] io scheduler mq-deadline registered
[    0.310417] io scheduler kyber registered
[    0.312814] input: Power Button as /devices/LNXSYSTM:00/LNXPWRBN:00/input/input0
[    0.313832] ACPI: button: Power Button [PWRF]
[    0.314810] Warning: Processor Platform Limit event detected, but not handled.
[    0.315734] Consider compiling CPUfreq support into your kernel.
[    0.333146] ACPI: \_SB_.LNKB: Enabled at IRQ 10
[    0.348793] ACPI: \_SB_.LNKC: Enabled at IRQ 11
[    0.364377] ACPI: \_SB_.LNKA: Enabled at IRQ 10
[    0.365421] Serial: 8250/16550 driver, 4 ports, IRQ sharing enabled
[    0.366308] 00:03: ttyS0 at I/O 0x3f8 (irq = 4, base_baud = 115200) is a 16550A
[    0.389457] Non-volatile memory driver v1.3
[    0.390065] Linux agpgart interface v0.103
[    0.390584] printk: legacy console [hvc0] enabled
[    0.391182] printk: legacy bootconsole [earlyser0] disabled
          _      _                                    
   __   _(_)_ __| |_ _ __ ___   ___       _ __   __ _ 
   \ \ / / |  __| __|  _   _ \ / _ \_____|  _ \ / _  |
    \ V /| | |  | |_| | | | | |  __/_____| | | | (_| |
     \_/ |_|_|   \__|_| |_| |_|\___|     |_| |_|\__  |
                                                |___/ 
   kernel version: 6.12.0-rc5-virtme x86_64
   (CTRL+d to exit)

root@virtme-ng:/nipa-data/kernel# PS1='xx__-> '
xx__-> env
PWD=/nipa-data/kernel
nr_open=1048576
HOME=/
TERM=xterm
SHLVL=2
XDG_RUNTIME_DIR=/run/user/0
PATH=/bin:/sbin:/usr/bin:/usr/sbin:/usr/local/bin
OLDPWD=/
_=/bin/env
xx__-> 