No EFI environment detected.
early console in extract_kernel
input_data: 0x0000000004ab72c4
input_len: 0x00000000018f43b4
output: 0x0000000001000000
output_len: 0x0000000005337410
kernel_total_size: 0x0000000005030000
needed_size: 0x0000000005400000
trampoline_32bit: 0x0000000000000000
Physical KASLR using RDRAND RDTSC...
Virtual KASLR using RDRAND RDTSC...

Decompressing Linux... Parsing ELF... Performing relocations... done.
Booting the kernel (entry_offset: 0x0000000000000000).
[    0.000000] Linux version 6.12.0-virtme (root@43c0db18be19) (gcc (Ubuntu 13.2.0-23ubuntu4) 13.2.0, GNU ld (GNU Binutils for Ubuntu) 2.42) #1 SMP PREEMPT_DYNAMIC Sun Dec  1 06:26:51 UTC 2024
[    0.000000] Command line: virtme_hostname=virtme-ng nr_open=1048576 virtme_link_mods=/nipa-data/kernel/.virtme_mods/lib/modules/0.0.0 virtme_initmount0=nipa-data/kernel virtme_rw_overlay0=/etc virtme_rw_overlay1=/lib virtme_rw_overlay2=/home virtme_rw_overlay3=/opt virtme_rw_overlay4=/srv virtme_rw_overlay5=/usr virtme_rw_overlay6=/var console=hvc0 earlyprintk=serial,ttyS0,115200 virtme_console=ttyS0 psmouse.proto=exps TERM=xterm virtme_chdir=nipa-data/kernel virtme_root_user=1 rootfstype=9p rootflags=version=9p2000.L,trans=virtio,access=any raid=noautodetect ro init=/usr/lib/python3/dist-packages/virtme/guest/virtme-init
[    0.000000] BIOS-provided physical RAM map:
[    0.000000] BIOS-e820: [mem 0x0000000000000000-0x000000000009fbff] usable
[    0.000000] BIOS-e820: [mem 0x000000000009fc00-0x000000000009ffff] reserved
[    0.000000] BIOS-e820: [mem 0x00000000000f0000-0x00000000000fffff] reserved
[    0.000000] BIOS-e820: [mem 0x0000000000100000-0x000000003ffdffff] usable
[    0.000000] BIOS-e820: [mem 0x000000003ffe0000-0x000000003fffffff] reserved
[    0.000000] BIOS-e820: [mem 0x00000000feffc000-0x00000000feffffff] reserved
[    0.000000] BIOS-e820: [mem 0x00000000fffc0000-0x00000000ffffffff] reserved
[    0.000000] BIOS-e820: [mem 0x000000fd00000000-0x000000ffffffffff] reserved
[    0.000000] printk: legacy bootconsole [earlyser0] enabled
[    0.000000] NX (Execute Disable) protection: active
[    0.000000] APIC: Static calls initialized
[    0.000000] SMBIOS 3.0.0 present.
[    0.000000] DMI: QEMU Ubuntu 24.04 PC (i440FX + PIIX, 1996), BIOS 1.16.3-debian-1.16.3-2 04/01/2014
[    0.000000] DMI: Memory slots populated: 1/1
[    0.000000] Hypervisor detected: KVM
[    0.000000] kvm-clock: Using msrs 4b564d01 and 4b564d00
[    0.000000] kvm-clock: using sched offset of 357290875 cycles
[    0.000373] clocksource: kvm-clock: mask: 0xffffffffffffffff max_cycles: 0x1cd42e4dffb, max_idle_ns: 881590591483 ns
[    0.001533] tsc: Detected 4491.556 MHz processor
[    0.002201] last_pfn = 0x3ffe0 max_arch_pfn = 0x400000000
[    0.002609] MTRR map: 4 entries (3 fixed + 1 variable; max 19), built from 8 variable MTRRs
[    0.003203] x86/PAT: Configuration [0-7]: WB  WC  UC- UC  WB  WP  UC- WT  
[    0.005148] found SMP MP-table at [mem 0x000f5470-0x000f547f]
[    0.005562] Using GB pages for direct mapping
[    0.006074] ACPI: Early table checksum verification disabled
[    0.006479] ACPI: RSDP 0x00000000000F5290 000014 (v00 BOCHS )
[    0.006894] ACPI: RSDT 0x000000003FFE27BC 000034 (v01 BOCHS  BXPC     00000001 BXPC 00000001)
[    0.007501] ACPI: FACP 0x000000003FFE2578 000074 (v01 BOCHS  BXPC     00000001 BXPC 00000001)
[    0.008114] ACPI: DSDT 0x000000003FFE0040 002538 (v01 BOCHS  BXPC     00000001 BXPC 00000001)
[    0.008721] ACPI: FACS 0x000000003FFE0000 000040
[    0.009051] ACPI: APIC 0x000000003FFE25EC 000170 (v03 BOCHS  BXPC     00000001 BXPC 00000001)
[    0.009663] ACPI: HPET 0x000000003FFE275C 000038 (v01 BOCHS  BXPC     00000001 BXPC 00000001)
[    0.010270] ACPI: WAET 0x000000003FFE2794 000028 (v01 BOCHS  BXPC     00000001 BXPC 00000001)
[    0.010874] ACPI: Reserving FACP table memory at [mem 0x3ffe2578-0x3ffe25eb]
[    0.011374] ACPI: Reserving DSDT table memory at [mem 0x3ffe0040-0x3ffe2577]
[    0.011872] ACPI: Reserving FACS table memory at [mem 0x3ffe0000-0x3ffe003f]
[    0.012371] ACPI: Reserving APIC table memory at [mem 0x3ffe25ec-0x3ffe275b]
[    0.012870] ACPI: Reserving HPET table memory at [mem 0x3ffe275c-0x3ffe2793]
[    0.013369] ACPI: Reserving WAET table memory at [mem 0x3ffe2794-0x3ffe27bb]
[    0.014060] No NUMA configuration found
[    0.014332] Faking a node at [mem 0x0000000000000000-0x000000003ffdffff]
[    0.014808] NODE_DATA(0) allocated [mem 0x3ffdb780-0x3ffdffff]
[    0.015236] Zone ranges:
[    0.015416]   DMA      [mem 0x0000000000001000-0x0000000000ffffff]
[    0.015854]   DMA32    [mem 0x0000000001000000-0x000000003ffdffff]
[    0.016291]   Normal   empty
[    0.016495]   Device   empty
[    0.016699] Movable zone start for each node
[    0.017001] Early memory node ranges
[    0.017254]   node   0: [mem 0x0000000000001000-0x000000000009efff]
[    0.017697]   node   0: [mem 0x0000000000100000-0x000000003ffdffff]
[    0.018147] Initmem setup node 0 [mem 0x0000000000001000-0x000000003ffdffff]
[    0.018650] On node 0, zone DMA: 1 pages in unavailable ranges
[    0.019117] On node 0, zone DMA: 97 pages in unavailable ranges
[    0.023640] On node 0, zone DMA32: 32 pages in unavailable ranges
[    0.032852] kasan: KernelAddressSanitizer initialized
[    0.033438] ACPI: PM-Timer IO Port: 0x608
[    0.033733] ACPI: LAPIC_NMI (acpi_id[0xff] dfl dfl lint[0x1])
[    0.034174] IOAPIC[0]: apic_id 0, version 17, address 0xfec00000, GSI 0-23
[    0.034662] ACPI: INT_SRC_OVR (bus 0 bus_irq 0 global_irq 2 dfl dfl)
[    0.035112] ACPI: INT_SRC_OVR (bus 0 bus_irq 5 global_irq 5 high level)
[    0.035580] ACPI: INT_SRC_OVR (bus 0 bus_irq 9 global_irq 9 high level)
[    0.036048] ACPI: INT_SRC_OVR (bus 0 bus_irq 10 global_irq 10 high level)
[    0.036528] ACPI: INT_SRC_OVR (bus 0 bus_irq 11 global_irq 11 high level)
[    0.037009] ACPI: Using ACPI (MADT) for SMP configuration information
[    0.037465] ACPI: HPET id: 0x8086a201 base: 0xfed00000
[    0.037830] TSC deadline timer available
[    0.038118] CPU topo: Max. logical packages:   1
[    0.038445] CPU topo: Max. logical dies:       1
[    0.038771] CPU topo: Max. dies per package:   1
[    0.039100] CPU topo: Max. threads per core:   1
[    0.039427] CPU topo: Num. cores per package:    32
[    0.039772] CPU topo: Num. threads per package:  32
[    0.040117] CPU topo: Allowing 32 present CPUs plus 0 hotplug CPUs
[    0.040570] kvm-guest: APIC: eoi() replaced with kvm_guest_apic_eoi_write()
[    0.041073] kvm-guest: KVM setup pv remote TLB flush
[    0.041426] kvm-guest: setup PV sched yield
[    0.041727] PM: hibernation: Registered nosave memory: [mem 0x00000000-0x00000fff]
[    0.042266] PM: hibernation: Registered nosave memory: [mem 0x0009f000-0x0009ffff]
[    0.042802] PM: hibernation: Registered nosave memory: [mem 0x000a0000-0x000effff]
[    0.043337] PM: hibernation: Registered nosave memory: [mem 0x000f0000-0x000fffff]
[    0.043872] [mem 0x40000000-0xfeffbfff] available for PCI devices
[    0.044304] Booting paravirtualized kernel on KVM
[    0.044637] clocksource: refined-jiffies: mask: 0xffffffff max_cycles: 0xffffffff, max_idle_ns: 1910969940391419 ns
[    0.053474] setup_percpu: NR_CPUS:64 nr_cpumask_bits:32 nr_cpu_ids:32 nr_node_ids:1
[    0.055280] percpu: Embedded 70 pages/cpu s247896 r8192 d30632 u524288
[    0.055812] Kernel command line: virtme_hostname=virtme-ng nr_open=1048576 virtme_link_mods=/nipa-data/kernel/.virtme_mods/lib/modules/0.0.0 virtme_initmount0=nipa-data/kernel virtme_rw_overlay0=/etc virtme_rw_overlay1=/lib virtme_rw_overlay2=/home virtme_rw_overlay3=/opt virtme_rw_overlay4=/srv virtme_rw_overlay5=/usr virtme_rw_overlay6=/var console=hvc0 earlyprintk=serial,ttyS0,115200 virtme_console=ttyS0 psmouse.proto=exps TERM=xterm virtme_chdir=nipa-data/kernel virtme_root_user=1 rootfstype=9p rootflags=version=9p2000.L,trans=virtio,access=any raid=noautodetect ro init=/usr/lib/python3/dist-packages/virtme/guest/virtme-init
[    0.060013] Unknown kernel command line parameters "virtme_hostname=virtme-ng nr_open=1048576 virtme_link_mods=/nipa-data/kernel/.virtme_mods/lib/modules/0.0.0 virtme_initmount0=nipa-data/kernel virtme_rw_overlay0=/etc virtme_rw_overlay1=/lib virtme_rw_overlay2=/home virtme_rw_overlay3=/opt virtme_rw_overlay4=/srv virtme_rw_overlay5=/usr virtme_rw_overlay6=/var virtme_console=ttyS0 virtme_chdir=nipa-data/kernel virtme_root_user=1", will be passed to user space.
[    0.063205] random: crng init done
[    0.063454] printk: log buffer data + meta data: 262144 + 917504 = 1179648 bytes
[    0.064014] Dentry cache hash table entries: 131072 (order: 8, 1048576 bytes, linear)
[    0.064599] Inode-cache hash table entries: 65536 (order: 7, 524288 bytes, linear)
[    0.065563] Fallback order for Node 0: 0 
[    0.065567] Built 1 zonelists, mobility grouping on.  Total pages: 262014
[    0.066360] Policy zone: DMA32
[    0.066584] mem auto-init: stack:all(zero), heap alloc:off, heap free:off
[    0.067080] stackdepot: allocating hash table via alloc_large_system_hash
[    0.067578] stackdepot hash table entries: 1048576 (order: 12, 16777216 bytes, linear)
[    0.075715] SLUB: HWalign=64, Order=0-3, MinObjects=0, CPUs=32, Nodes=1
Poking KASLR using RDRAND RDTSC...
[    0.076508] ftrace: allocating 48848 entries in 191 pages
[    0.094136] ftrace: allocated 191 pages with 7 groups
[    0.095378] Dynamic Preempt: voluntary
[    0.096102] rcu: Preemptible hierarchical RCU implementation.
[    0.096522] rcu: RCU event tracing is enabled.
[    0.096852] rcu: RCU restricting CPUs from NR_CPUS=64 to nr_cpu_ids=32.
[    0.097340] Trampoline variant of Tasks RCU enabled.
[    0.097707] Rude variant of Tasks RCU enabled.
[    0.098039] Tracing variant of Tasks RCU enabled.
[    0.098388] rcu: RCU calculated value of scheduler-enlistment delay is 100 jiffies.
[    0.098944] rcu: Adjusting geometry for rcu_fanout_leaf=16, nr_cpu_ids=32
[    0.099503] RCU Tasks: Setting shift to 5 and lim to 1 rcu_task_cb_adjust=1 rcu_task_cpu_ids=32.
[    0.100146] RCU Tasks Rude: Setting shift to 5 and lim to 1 rcu_task_cb_adjust=1 rcu_task_cpu_ids=32.
[    0.100818] RCU Tasks Trace: Setting shift to 5 and lim to 1 rcu_task_cb_adjust=1 rcu_task_cpu_ids=32.
[    0.109801] NR_IRQS: 4352, nr_irqs: 680, preallocated irqs: 16
[    0.110483] rcu: srcu_init: Setting srcu_struct sizes based on contention.
[    0.111198] Console: colour *CGA 80x25
[    0.111500] ACPI: Core revision 20240827
[    0.111939] clocksource: hpet: mask: 0xffffffff max_cycles: 0xffffffff, max_idle_ns: 19112604467 ns
[    0.112663] APIC: Switch to symmetric I/O mode setup
[    0.113043] kvm-guest: APIC: send_IPI_mask() replaced with kvm_send_ipi_mask()
[    0.113566] kvm-guest: APIC: send_IPI_mask_allbutself() replaced with kvm_send_ipi_mask_allbutself()
[    0.114213] kvm-guest: setup PV IPIs
[    0.115320] ..TIMER: vector=0x30 apic1=0 pin1=2 apic2=-1 pin2=-1
[    0.116107] clocksource: tsc-early: mask: 0xffffffffffffffff max_cycles: 0x40be400eb43, max_idle_ns: 440795366972 ns
[    0.117458] Calibrating delay loop (skipped) preset value.. 8983.11 BogoMIPS (lpj=4491556)
[    0.118523] x86/cpu: User Mode Instruction Prevention (UMIP) activated
[    0.119513] Last level iTLB entries: 4KB 512, 2MB 255, 4MB 127
[    0.120456] Last level dTLB entries: 4KB 512, 2MB 255, 4MB 127, 1GB 0
[    0.121460] Spectre V1 : Mitigation: usercopy/swapgs barriers and __user pointer sanitization
[    0.122460] Spectre V2 : Mitigation: Enhanced / Automatic IBRS
[    0.123456] Spectre V2 : Spectre v2 / SpectreRSB mitigation: Filling RSB on context switch
[    0.124458] Spectre V2 : mitigation: Enabling conditional Indirect Branch Prediction Barrier
[    0.125458] Speculative Store Bypass: Mitigation: Speculative Store Bypass disabled via prctl
[    0.126456] Speculative Return Stack Overflow: IBPB-extending microcode not applied!
[    0.127456] Speculative Return Stack Overflow: WARNING: See https://kernel.org/doc/html/latest/admin-guide/hw-vuln/srso.html for mitigation options.
[    0.127457] Speculative Return Stack Overflow: Vulnerable: Safe RET, no microcode
[    0.129471] x86/fpu: Supporting XSAVE feature 0x001: 'x87 floating point registers'
[    0.130456] x86/fpu: Supporting XSAVE feature 0x002: 'SSE registers'
[    0.131238] x86/fpu: Supporting XSAVE feature 0x004: 'AVX registers'
[    0.131456] x86/fpu: Supporting XSAVE feature 0x020: 'AVX-512 opmask'
[    0.132456] x86/fpu: Supporting XSAVE feature 0x040: 'AVX-512 Hi256'
[    0.133456] x86/fpu: Supporting XSAVE feature 0x080: 'AVX-512 ZMM_Hi256'
[    0.134456] x86/fpu: Supporting XSAVE feature 0x200: 'Protection Keys User registers'
[    0.135456] x86/fpu: xstate_offset[2]:  576, xstate_sizes[2]:  256
[    0.136217] x86/fpu: xstate_offset[5]:  832, xstate_sizes[5]:   64
[    0.136456] x86/fpu: xstate_offset[6]:  896, xstate_sizes[6]:  512
[    0.137456] x86/fpu: xstate_offset[7]: 1408, xstate_sizes[7]: 1024
[    0.138456] x86/fpu: xstate_offset[9]: 2432, xstate_sizes[9]:    8
[    0.139217] x86/fpu: Enabled xstate features 0x2e7, context size is 2440 bytes, using 'compacted' format.
[    0.160243] Freeing SMP alternatives memory: 40K
[    0.160457] pid_max: default: 32768 minimum: 301
[    0.161530] Mount-cache hash table entries: 2048 (order: 2, 16384 bytes, linear)
[    0.162438] Mountpoint-cache hash table entries: 2048 (order: 2, 16384 bytes, linear)
[    0.164040] smpboot: CPU0: AMD Ryzen 9 7950X 16-Core Processor (family: 0x19, model: 0x61, stepping: 0x2)
[    0.164918] Performance Events: Fam17h+ core perfctr, AMD PMU driver.
[    0.165460] ... version:                0
[    0.165956] ... bit width:              48
[    0.166455] ... generic registers:      6
[    0.166954] ... value mask:             0000ffffffffffff
[    0.167457] ... max period:             00007fffffffffff
[    0.168110] ... fixed-purpose events:   0
[    0.168457] ... event mask:             000000000000003f
[    0.169224] signal: max sigframe size: 3376
[    0.169502] rcu: Hierarchical SRCU implementation.
[    0.170092] rcu: Max phase no-delay instances is 400.
[    0.170531] Timer migration: 2 hierarchy levels; 8 children per group; 2 crossnode level
[    0.175237] smp: Bringing up secondary CPUs ...
[    0.175637] smpboot: x86: Booting SMP configuration:
[    0.176248] .... node  #0, CPUs:        #1  #2  #3  #4  #5  #6  #7  #8  #9 #10 #11 #12 #13 #14 #15 #16 #17 #18 #19 #20 #21 #22 #23 #24 #25 #26 #27 #28 #29 #30 #31
[    0.202561] smp: Brought up 1 node, 32 CPUs
[    0.203980] smpboot: Total of 32 processors activated (287459.58 BogoMIPS)
[    0.208471] Memory: 763412K/1048056K available (45056K kernel code, 11454K rwdata, 10072K rodata, 6040K init, 1656K bss, 269000K reserved, 0K cma-reserved)
[    0.209580] devtmpfs: initialized
[    0.210042] x86/mm: Memory block size: 128MB
[    0.216527] clocksource: jiffies: mask: 0xffffffff max_cycles: 0xffffffff, max_idle_ns: 1911260446275000 ns
[    0.217461] futex hash table entries: 8192 (order: 7, 524288 bytes, linear)
[    0.218689] PM: RTC time: 06:27:14, date: 2024-12-01
[    0.219996] NET: Registered PF_NETLINK/PF_ROUTE protocol family
[    0.221299] thermal_sys: Registered thermal governor 'step_wise'
[    0.221301] thermal_sys: Registered thermal governor 'user_space'
[    0.221484] cpuidle: using governor menu
[    0.223730] PCI: Using configuration type 1 for base access
[    0.224429] PCI: Using configuration type 1 for extended access
[    0.224587] kprobes: kprobe jump-optimization is enabled. All kprobes are optimized if possible.
[    0.237633] HugeTLB: registered 1.00 GiB page size, pre-allocated 0 pages
[    0.238459] HugeTLB: 16380 KiB vmemmap can be freed for a 1.00 GiB page
[    0.239264] HugeTLB: registered 2.00 MiB page size, pre-allocated 0 pages
[    0.240458] HugeTLB: 28 KiB vmemmap can be freed for a 2.00 MiB page
[    0.241791] ACPI: Added _OSI(Module Device)
[    0.242458] ACPI: Added _OSI(Processor Device)
[    0.243002] ACPI: Added _OSI(3.0 _SCP Extensions)
[    0.243458] ACPI: Added _OSI(Processor Aggregator Device)
[    0.265688] ACPI: 1 ACPI AML tables successfully acquired and loaded
[    0.270263] ACPI: Interpreter enabled
[    0.270515] ACPI: PM: (supports S0 S3 S4 S5)
[    0.271035] ACPI: Using IOAPIC for interrupt routing
[    0.271504] PCI: Using host bridge windows from ACPI; if necessary, use "pci=nocrs" and report a bug
[    0.273458] PCI: Using E820 reservations for host bridge windows
[    0.275184] ACPI: Enabled 2 GPEs in block 00 to 0F
[    0.319324] ACPI: PCI Root Bridge [PCI0] (domain 0000 [bus 00-ff])
[    0.320471] acpi PNP0A03:00: _OSC: OS supports [ExtendedConfig ASPM ClockPM Segments MSI HPX-Type3]
[    0.321928] PCI host bridge to bus 0000:00
[    0.322482] pci_bus 0000:00: root bus resource [io  0x0000-0x0cf7 window]
[    0.323313] pci_bus 0000:00: root bus resource [io  0x0d00-0xffff window]
[    0.324460] pci_bus 0000:00: root bus resource [mem 0x000a0000-0x000bffff window]
[    0.325376] pci_bus 0000:00: root bus resource [mem 0x40000000-0xfebfffff window]
[    0.325460] pci_bus 0000:00: root bus resource [mem 0x100000000-0x17fffffff window]
[    0.326395] pci_bus 0000:00: root bus resource [bus 00-ff]
[    0.327554] pci 0000:00:00.0: [8086:1237] type 00 class 0x060000 conventional PCI endpoint
[    0.329263] pci 0000:00:01.0: [8086:7000] type 00 class 0x060100 conventional PCI endpoint
[    0.331313] pci 0000:00:01.1: [8086:7010] type 00 class 0x010180 conventional PCI endpoint
[    0.334092] pci 0000:00:01.1: BAR 4 [io  0xc0c0-0xc0cf]
[    0.335122] pci 0000:00:01.1: BAR 0 [io  0x01f0-0x01f7]: legacy IDE quirk
[    0.336458] pci 0000:00:01.1: BAR 1 [io  0x03f6]: legacy IDE quirk
[    0.337209] pci 0000:00:01.1: BAR 2 [io  0x0170-0x0177]: legacy IDE quirk
[    0.337458] pci 0000:00:01.1: BAR 3 [io  0x0376]: legacy IDE quirk
[    0.338857] pci 0000:00:01.3: [8086:7113] type 00 class 0x068000 conventional PCI endpoint
[    0.340712] pci 0000:00:01.3: quirk: [io  0x0600-0x063f] claimed by PIIX4 ACPI
[    0.341462] pci 0000:00:01.3: quirk: [io  0x0700-0x070f] claimed by PIIX4 SMB
[    0.343009] pci 0000:00:02.0: [1af4:1009] type 00 class 0x000200 conventional PCI endpoint
[    0.343816] pci 0000:00:02.0: BAR 0 [io  0xc000-0xc03f]
[    0.344780] pci 0000:00:02.0: BAR 1 [mem 0xfebfc000-0xfebfcfff]
[    0.348459] pci 0000:00:02.0: BAR 4 [mem 0xfebf0000-0xfebf3fff 64bit pref]
[    0.360622] pci 0000:00:03.0: [1af4:1009] type 00 class 0x000200 conventional PCI endpoint
[    0.361774] pci 0000:00:03.0: BAR 0 [io  0xc040-0xc07f]
[    0.362585] pci 0000:00:03.0: BAR 1 [mem 0xfebfd000-0xfebfdfff]
[    0.365105] pci 0000:00:03.0: BAR 4 [mem 0xfebf4000-0xfebf7fff 64bit pref]
[    0.376390] pci 0000:00:04.0: [8086:25ab] type 00 class 0x088000 conventional PCI endpoint
[    0.377604] pci 0000:00:04.0: BAR 0 [mem 0xfebfe000-0xfebfe00f]
[    0.389369] pci 0000:00:05.0: [1af4:1003] type 00 class 0x078000 conventional PCI endpoint
[    0.390745] pci 0000:00:05.0: BAR 0 [io  0xc080-0xc0bf]
[    0.391569] pci 0000:00:05.0: BAR 1 [mem 0xfebff000-0xfebfffff]
[    0.392930] pci 0000:00:05.0: BAR 4 [mem 0xfebf8000-0xfebfbfff 64bit pref]
[    0.406471] ACPI: PCI: Interrupt link LNKA configured for IRQ 10
[    0.408102] ACPI: PCI: Interrupt link LNKB configured for IRQ 10
[    0.410321] ACPI: PCI: Interrupt link LNKC configured for IRQ 11
[    0.411321] ACPI: PCI: Interrupt link LNKD configured for IRQ 11
[    0.412818] ACPI: PCI: Interrupt link LNKS configured for IRQ 9
[    0.430466] iommu: Default domain type: Translated
[    0.431058] iommu: DMA domain TLB invalidation policy: lazy mode
[    0.432892] SCSI subsystem initialized
[    0.433746] pps_core: LinuxPPS API ver. 1 registered
[    0.434357] pps_core: Software ver. 5.3.6 - Copyright 2005-2007 Rodolfo Giometti <giometti@linux.it>
[    0.435471] PTP clock support registered
[    0.436030] Advanced Linux Sound Architecture Driver Initialized.
[    0.437492] NET: Registered PF_ATMPVC protocol family
[    0.438112] NET: Registered PF_ATMSVC protocol family
[    0.438493] PCI: Using ACPI for IRQ routing
[    0.439494] vgaarb: loaded
[    0.440569] hpet0: at MMIO 0xfed00000, IRQs 2, 8, 0
[    0.441172] hpet0: 3 comparators, 64-bit 100.000000 MHz counter
[    0.445908] clocksource: Switched to clocksource kvm-clock
[    0.446773] VFS: Disk quotas dquot_6.6.0
[    0.447269] VFS: Dquot-cache hash table entries: 512 (order 0, 4096 bytes)
[    0.448771] pnp: PnP ACPI init
[    0.451350] pnp: PnP ACPI: found 5 devices
[    0.463038] clocksource: acpi_pm: mask: 0xffffff max_cycles: 0xffffff, max_idle_ns: 2085701024 ns
[    0.464196] NET: Registered PF_INET protocol family
[    0.464847] IP idents hash table entries: 16384 (order: 5, 131072 bytes, linear)
[    0.466111] tcp_listen_portaddr_hash hash table entries: 512 (order: 1, 8192 bytes, linear)
[    0.467144] Table-perturb hash table entries: 65536 (order: 6, 262144 bytes, linear)
[    0.468111] TCP established hash table entries: 8192 (order: 4, 65536 bytes, linear)
[    0.469070] TCP bind hash table entries: 8192 (order: 6, 262144 bytes, linear)
[    0.470037] TCP: Hash tables configured (established 8192 bind 8192)
[    0.470963] UDP hash table entries: 512 (order: 3, 32768 bytes, linear)
[    0.471812] UDP-Lite hash table entries: 512 (order: 3, 32768 bytes, linear)
[    0.472885] NET: Registered PF_UNIX/PF_LOCAL protocol family
[    0.473598] pci_bus 0000:00: resource 4 [io  0x0000-0x0cf7 window]
[    0.474343] pci_bus 0000:00: resource 5 [io  0x0d00-0xffff window]
[    0.475092] pci_bus 0000:00: resource 6 [mem 0x000a0000-0x000bffff window]
[    0.475929] pci_bus 0000:00: resource 7 [mem 0x40000000-0xfebfffff window]
[    0.476764] pci_bus 0000:00: resource 8 [mem 0x100000000-0x17fffffff window]
[    0.477801] pci 0000:00:01.0: PIIX3: Enabling Passive Release
[    0.478503] pci 0000:00:00.0: Limiting direct PCI/PCI transfers
[    0.479254] PCI: CLS 0 bytes, default 64
[    0.479803] kvm_intel: VMX not supported by CPU 10
[    0.480403] kvm_amd: TSC scaling supported
[    0.480905] kvm_amd: Nested Virtualization enabled
[    0.481487] kvm_amd: Nested Paging enabled
[    0.481982] kvm_amd: LBR virtualization supported
[    0.482690] kvm_amd: Virtual GIF supported
[    0.483184] kvm_amd: Virtual NMI enabled
[    0.528887] clocksource: tsc: mask: 0xffffffffffffffff max_cycles: 0x40be400eb43, max_idle_ns: 440795366972 ns
[    0.547589] Initialise system trusted keyrings
[    0.548302] workingset: timestamp_bits=56 max_order=18 bucket_order=0
[    0.549214] squashfs: version 4.0 (2009/01/31) Phillip Lougher
[    0.549948] fuse: init (API version 7.41)
[    0.550568] 9p: Installing v9fs 9p2000 file system support
[    0.560150] Key type asymmetric registered
[    0.560660] Asymmetric key parser 'x509' registered
[    0.561312] Block layer SCSI generic (bsg) driver version 0.4 loaded (major 249)
[    0.562248] io scheduler mq-deadline registered
[    0.562809] io scheduler kyber registered
[    0.565481] input: Power Button as /devices/LNXSYSTM:00/LNXPWRBN:00/input/input0
[    0.566629] ACPI: button: Power Button [PWRF]
[    0.568492] Warning: Processor Platform Limit event detected, but not handled.
[    0.569398] Consider compiling CPUfreq support into your kernel.
[    1.351166] ACPI: \_SB_.LNKB: Enabled at IRQ 10
[    2.125604] ACPI: \_SB_.LNKC: Enabled at IRQ 11
[    2.899234] ACPI: \_SB_.LNKA: Enabled at IRQ 10
[    2.900545] Serial: 8250/16550 driver, 4 ports, IRQ sharing enabled
[    2.901615] 00:03: ttyS0 at I/O 0x3f8 (irq = 4, base_baud = 115200) is a 16550A
[    2.926176] Non-volatile memory driver v1.3
[    2.926749] Linux agpgart interface v0.103
[    2.927447] ACPI: bus type drm_connector registered
[    2.928076] printk: legacy console [hvc0] enabled
[    2.928688] printk: legacy bootconsole [earlyser0] disabled
          _      _                                    
   __   _(_)_ __| |_ _ __ ___   ___       _ __   __ _ 
   \ \ / / |  __| __|  _   _ \ / _ \_____|  _ \ / _  |
    \ V /| | |  | |_| | | | | |  __/_____| | | | (_| |
     \_/ |_|_|   \__|_| |_| |_|\___|     |_| |_|\__  |
                                                |___/ 
   kernel version: 6.12.0-virtme x86_64
   (CTRL+d to exit)

root@virtme-ng:/nipa-data/kernel# PS1='xx__-> '
xx__-> env
PWD=/nipa-data/kernel
nr_open=1048576
HOME=/
TERM=xterm
SHLVL=2
XDG_RUNTIME_DIR=/run/user/0
PATH=/bin:/sbin:/usr/bin:/usr/sbin:/usr/local/bin
OLDPWD=/
_=/bin/env
xx__-> 