No EFI environment detected.
early console in extract_kernel
input_data: 0x0000000004ab52b9
input_len: 0x0000000001825baf
output: 0x0000000001000000
output_len: 0x0000000005268018
kernel_total_size: 0x0000000004e30000
needed_size: 0x0000000005400000
trampoline_32bit: 0x0000000000000000
Physical KASLR using RDRAND RDTSC...
Virtual KASLR using RDRAND RDTSC...

Decompressing Linux... Parsing ELF... Performing relocations... done.
Booting the kernel (entry_offset: 0x0000000000000000).
[    0.000000] Linux version 6.9.0-rc5-virtme (root@4a4873b0cddf) (gcc (Alpine 13.2.1_git20240309) 13.2.1 20240309, GNU ld (GNU Binutils) 2.42) #1 SMP PREEMPT_DYNAMIC Mon Apr 29 06:26:58 UTC 2024
[    0.000000] Command line: virtme_hostname=virtme-ng nr_open=1048576 virtme_link_mods=/nipa-data/kernel/.virtme_mods/lib/modules/0.0.0 virtme_initmount0=nipa-data/kernel virtme_rw_overlay0=/etc virtme_rw_overlay1=/lib virtme_rw_overlay2=/home virtme_rw_overlay3=/opt virtme_rw_overlay4=/srv virtme_rw_overlay5=/usr virtme_rw_overlay6=/var console=hvc0 earlyprintk=serial,ttyS0,115200 virtme_console=ttyS0 psmouse.proto=exps TERM=xterm virtme_chdir=nipa-data/kernel virtme_root_user=1 rootfstype=9p rootflags=version=9p2000.L,trans=virtio,access=any raid=noautodetect ro init=/usr/lib/python3.12/site-packages/virtme/guest/virtme-init
[    0.000000] BIOS-provided physical RAM map:
[    0.000000] BIOS-e820: [mem 0x0000000000000000-0x000000000009fbff] usable
[    0.000000] BIOS-e820: [mem 0x000000000009fc00-0x000000000009ffff] reserved
[    0.000000] BIOS-e820: [mem 0x00000000000f0000-0x00000000000fffff] reserved
[    0.000000] BIOS-e820: [mem 0x0000000000100000-0x000000003ffdffff] usable
[    0.000000] BIOS-e820: [mem 0x000000003ffe0000-0x000000003fffffff] reserved
[    0.000000] BIOS-e820: [mem 0x00000000feffc000-0x00000000feffffff] reserved
[    0.000000] BIOS-e820: [mem 0x00000000fffc0000-0x00000000ffffffff] reserved
[    0.000000] BIOS-e820: [mem 0x000000fd00000000-0x000000ffffffffff] reserved
[    0.000000] printk: legacy bootconsole [earlyser0] enabled
[    0.000000] NX (Execute Disable) protection: active
[    0.000000] APIC: Static calls initialized
[    0.000000] SMBIOS 3.0.0 present.
[    0.000000] DMI: QEMU Standard PC (i440FX + PIIX, 1996), BIOS rel-1.16.3-0-ga6ed6b701f0a-prebuilt.qemu.org 04/01/2014
[    0.000000] Hypervisor detected: KVM
[    0.000000] kvm-clock: Using msrs 4b564d01 and 4b564d00
[    0.000000] kvm-clock: using sched offset of 322090622 cycles
[    0.000381] clocksource: kvm-clock: mask: 0xffffffffffffffff max_cycles: 0x1cd42e4dffb, max_idle_ns: 881590591483 ns
[    0.001560] tsc: Detected 4491.556 MHz processor
[    0.002267] last_pfn = 0x3ffe0 max_arch_pfn = 0x400000000
[    0.002689] MTRR map: 4 entries (3 fixed + 1 variable; max 19), built from 8 variable MTRRs
[    0.003295] x86/PAT: Configuration [0-7]: WB  WC  UC- UC  WB  WP  UC- WT  
[    0.005369] found SMP MP-table at [mem 0x000f5470-0x000f547f]
[    0.005796] Using GB pages for direct mapping
[    0.006281] ACPI: Early table checksum verification disabled
[    0.006696] ACPI: RSDP 0x00000000000F5290 000014 (v00 BOCHS )
[    0.007114] ACPI: RSDT 0x000000003FFE27BC 000034 (v01 BOCHS  BXPC     00000001 BXPC 00000001)
[    0.007742] ACPI: FACP 0x000000003FFE2578 000074 (v01 BOCHS  BXPC     00000001 BXPC 00000001)
[    0.008367] ACPI: DSDT 0x000000003FFE0040 002538 (v01 BOCHS  BXPC     00000001 BXPC 00000001)
[    0.008993] ACPI: FACS 0x000000003FFE0000 000040
[    0.009337] ACPI: APIC 0x000000003FFE25EC 000170 (v03 BOCHS  BXPC     00000001 BXPC 00000001)
[    0.009963] ACPI: HPET 0x000000003FFE275C 000038 (v01 BOCHS  BXPC     00000001 BXPC 00000001)
[    0.010581] ACPI: WAET 0x000000003FFE2794 000028 (v01 BOCHS  BXPC     00000001 BXPC 00000001)
[    0.011206] ACPI: Reserving FACP table memory at [mem 0x3ffe2578-0x3ffe25eb]
[    0.011723] ACPI: Reserving DSDT table memory at [mem 0x3ffe0040-0x3ffe2577]
[    0.012230] ACPI: Reserving FACS table memory at [mem 0x3ffe0000-0x3ffe003f]
[    0.012741] ACPI: Reserving APIC table memory at [mem 0x3ffe25ec-0x3ffe275b]
[    0.013249] ACPI: Reserving HPET table memory at [mem 0x3ffe275c-0x3ffe2793]
[    0.013756] ACPI: Reserving WAET table memory at [mem 0x3ffe2794-0x3ffe27bb]
[    0.014457] No NUMA configuration found
[    0.014735] Faking a node at [mem 0x0000000000000000-0x000000003ffdffff]
[    0.015215] NODE_DATA(0) allocated [mem 0x3ffdb000-0x3ffdffff]
[    0.015653] Zone ranges:
[    0.015834]   DMA      [mem 0x0000000000001000-0x0000000000ffffff]
[    0.016274]   DMA32    [mem 0x0000000001000000-0x000000003ffdffff]
[    0.016715]   Normal   empty
[    0.016922]   Device   empty
[    0.017128] Movable zone start for each node
[    0.017436] Early memory node ranges
[    0.017697]   node   0: [mem 0x0000000000001000-0x000000000009efff]
[    0.018146]   node   0: [mem 0x0000000000100000-0x000000003ffdffff]
[    0.018595] Initmem setup node 0 [mem 0x0000000000001000-0x000000003ffdffff]
[    0.019107] On node 0, zone DMA: 1 pages in unavailable ranges
[    0.019583] On node 0, zone DMA: 97 pages in unavailable ranges
[    0.024386] On node 0, zone DMA32: 32 pages in unavailable ranges
[    0.033789] kasan: KernelAddressSanitizer initialized
[    0.034376] ACPI: PM-Timer IO Port: 0x608
[    0.034673] ACPI: LAPIC_NMI (acpi_id[0xff] dfl dfl lint[0x1])
[    0.035108] IOAPIC[0]: apic_id 0, version 17, address 0xfec00000, GSI 0-23
[    0.035603] ACPI: INT_SRC_OVR (bus 0 bus_irq 0 global_irq 2 dfl dfl)
[    0.036060] ACPI: INT_SRC_OVR (bus 0 bus_irq 5 global_irq 5 high level)
[    0.036534] ACPI: INT_SRC_OVR (bus 0 bus_irq 9 global_irq 9 high level)
[    0.037008] ACPI: INT_SRC_OVR (bus 0 bus_irq 10 global_irq 10 high level)
[    0.037502] ACPI: INT_SRC_OVR (bus 0 bus_irq 11 global_irq 11 high level)
[    0.037990] ACPI: Using ACPI (MADT) for SMP configuration information
[    0.038452] ACPI: HPET id: 0x8086a201 base: 0xfed00000
[    0.038822] TSC deadline timer available
[    0.039106] CPU topo: Max. logical packages:   1
[    0.039437] CPU topo: Max. logical dies:       1
[    0.039768] CPU topo: Max. dies per package:   1
[    0.040101] CPU topo: Max. threads per core:   1
[    0.040432] CPU topo: Num. cores per package:    32
[    0.040785] CPU topo: Num. threads per package:  32
[    0.041134] CPU topo: Allowing 32 present CPUs plus 0 hotplug CPUs
[    0.041597] kvm-guest: APIC: eoi() replaced with kvm_guest_apic_eoi_write()
[    0.042110] kvm-guest: KVM setup pv remote TLB flush
[    0.042468] kvm-guest: setup PV sched yield
[    0.042779] PM: hibernation: Registered nosave memory: [mem 0x00000000-0x00000fff]
[    0.043323] PM: hibernation: Registered nosave memory: [mem 0x0009f000-0x0009ffff]
[    0.043866] PM: hibernation: Registered nosave memory: [mem 0x000a0000-0x000effff]
[    0.044408] PM: hibernation: Registered nosave memory: [mem 0x000f0000-0x000fffff]
[    0.044952] [mem 0x40000000-0xfeffbfff] available for PCI devices
[    0.045393] Booting paravirtualized kernel on KVM
[    0.045732] clocksource: refined-jiffies: mask: 0xffffffff max_cycles: 0xffffffff, max_idle_ns: 1910969940391419 ns
[    0.054652] setup_percpu: NR_CPUS:64 nr_cpumask_bits:32 nr_cpu_ids:32 nr_node_ids:1
[    0.056487] percpu: Embedded 70 pages/cpu s248616 r8192 d29912 u524288
[    0.057017] Kernel command line: virtme_hostname=virtme-ng nr_open=1048576 virtme_link_mods=/nipa-data/kernel/.virtme_mods/lib/modules/0.0.0 virtme_initmount0=nipa-data/kernel virtme_rw_overlay0=/etc virtme_rw_overlay1=/lib virtme_rw_overlay2=/home virtme_rw_overlay3=/opt virtme_rw_overlay4=/srv virtme_rw_overlay5=/usr virtme_rw_overlay6=/var console=hvc0 earlyprintk=serial,ttyS0,115200 virtme_console=ttyS0 psmouse.proto=exps TERM=xterm virtme_chdir=nipa-data/kernel virtme_root_user=1 rootfstype=9p rootflags=version=9p2000.L,trans=virtio,access=any raid=noautodetect ro init=/usr/lib/python3.12/site-packages/virtme/guest/virtme-init
[    0.061302] Unknown kernel command line parameters "virtme_hostname=virtme-ng nr_open=1048576 virtme_link_mods=/nipa-data/kernel/.virtme_mods/lib/modules/0.0.0 virtme_initmount0=nipa-data/kernel virtme_rw_overlay0=/etc virtme_rw_overlay1=/lib virtme_rw_overlay2=/home virtme_rw_overlay3=/opt virtme_rw_overlay4=/srv virtme_rw_overlay5=/usr virtme_rw_overlay6=/var virtme_console=ttyS0 virtme_chdir=nipa-data/kernel virtme_root_user=1", will be passed to user space.
[    0.064549] random: crng init done
[    0.064926] Dentry cache hash table entries: 131072 (order: 8, 1048576 bytes, linear)
[    0.065531] Inode-cache hash table entries: 65536 (order: 7, 524288 bytes, linear)
[    0.066539] Fallback order for Node 0: 0 
[    0.066544] Built 1 zonelists, mobility grouping on.  Total pages: 257760
[    0.067358] Policy zone: DMA32
[    0.067590] mem auto-init: stack:all(zero), heap alloc:off, heap free:off
[    0.068105] stackdepot: allocating hash table via alloc_large_system_hash
[    0.068620] stackdepot hash table entries: 1048576 (order: 12, 16777216 bytes, linear)
[    0.076844] Memory: 781052K/1048056K available (43008K kernel code, 11125K rwdata, 9740K rodata, 5840K init, 2396K bss, 266748K reserved, 0K cma-reserved)
[    0.078048] SLUB: HWalign=64, Order=0-3, MinObjects=0, CPUs=32, Nodes=1
Poking KASLR using RDRAND RDTSC...
[    0.078818] ftrace: allocating 47710 entries in 187 pages
[    0.087766] ftrace: allocated 187 pages with 6 groups
[    0.089021] Dynamic Preempt: voluntary
[    0.089795] rcu: Preemptible hierarchical RCU implementation.
[    0.090220] rcu: RCU event tracing is enabled.
[    0.090554] rcu: RCU restricting CPUs from NR_CPUS=64 to nr_cpu_ids=32.
[    0.091049] Trampoline variant of Tasks RCU enabled.
[    0.091421] Rude variant of Tasks RCU enabled.
[    0.091755] Tracing variant of Tasks RCU enabled.
[    0.092106] rcu: RCU calculated value of scheduler-enlistment delay is 100 jiffies.
[    0.092669] rcu: Adjusting geometry for rcu_fanout_leaf=16, nr_cpu_ids=32
[    0.093209] RCU Tasks: Setting shift to 5 and lim to 1 rcu_task_cb_adjust=1.
[    0.093729] RCU Tasks Rude: Setting shift to 5 and lim to 1 rcu_task_cb_adjust=1.
[    0.094281] RCU Tasks Trace: Setting shift to 5 and lim to 1 rcu_task_cb_adjust=1.
[    0.103140] NR_IRQS: 4352, nr_irqs: 680, preallocated irqs: 16
[    0.103827] rcu: srcu_init: Setting srcu_struct sizes based on contention.
[    0.104548] Console: colour *CGA 80x25
[    0.104850] ACPI: Core revision 20230628
[    0.105338] clocksource: hpet: mask: 0xffffffff max_cycles: 0xffffffff, max_idle_ns: 19112604467 ns
[    0.106074] APIC: Switch to symmetric I/O mode setup
[    0.106442] APIC: Switched APIC routing to: physical flat
[    0.106841] kvm-guest: APIC: send_IPI_mask() replaced with kvm_send_ipi_mask()
[    0.107366] kvm-guest: APIC: send_IPI_mask_allbutself() replaced with kvm_send_ipi_mask_allbutself()
[    0.108036] kvm-guest: setup PV IPIs
[    0.109169] ..TIMER: vector=0x30 apic1=0 pin1=2 apic2=-1 pin2=-1
[    0.109975] tsc: Marking TSC unstable due to TSCs unsynchronized
[    0.110783] Calibrating delay loop (skipped) preset value.. 8983.11 BogoMIPS (lpj=4491556)
[    0.111847] x86/cpu: User Mode Instruction Prevention (UMIP) activated
[    0.112842] Last level iTLB entries: 4KB 512, 2MB 255, 4MB 127
[    0.113781] Last level dTLB entries: 4KB 512, 2MB 255, 4MB 127, 1GB 0
[    0.114786] Spectre V1 : Mitigation: usercopy/swapgs barriers and __user pointer sanitization
[    0.115785] Spectre V2 : Mitigation: Enhanced / Automatic IBRS
[    0.116780] Spectre V2 : Spectre v2 / SpectreRSB mitigation: Filling RSB on context switch
[    0.117782] Spectre V2 : mitigation: Enabling conditional Indirect Branch Prediction Barrier
[    0.118782] Speculative Store Bypass: Mitigation: Speculative Store Bypass disabled via prctl
[    0.119781] Speculative Return Stack Overflow: IBPB-extending microcode not applied!
[    0.120780] Speculative Return Stack Overflow: WARNING: See https://kernel.org/doc/html/latest/admin-guide/hw-vuln/srso.html for mitigation options.
[    0.120782] Speculative Return Stack Overflow: Vulnerable: Safe RET, no microcode
[    0.122797] x86/fpu: Supporting XSAVE feature 0x001: 'x87 floating point registers'
[    0.123780] x86/fpu: Supporting XSAVE feature 0x002: 'SSE registers'
[    0.124780] x86/fpu: Supporting XSAVE feature 0x004: 'AVX registers'
[    0.125780] x86/fpu: Supporting XSAVE feature 0x020: 'AVX-512 opmask'
[    0.126608] x86/fpu: Supporting XSAVE feature 0x040: 'AVX-512 Hi256'
[    0.126780] x86/fpu: Supporting XSAVE feature 0x080: 'AVX-512 ZMM_Hi256'
[    0.127780] x86/fpu: Supporting XSAVE feature 0x200: 'Protection Keys User registers'
[    0.128781] x86/fpu: xstate_offset[2]:  576, xstate_sizes[2]:  256
[    0.129780] x86/fpu: xstate_offset[5]:  832, xstate_sizes[5]:   64
[    0.130780] x86/fpu: xstate_offset[6]:  896, xstate_sizes[6]:  512
[    0.131780] x86/fpu: xstate_offset[7]: 1408, xstate_sizes[7]: 1024
[    0.132574] x86/fpu: xstate_offset[9]: 2432, xstate_sizes[9]:    8
[    0.132781] x86/fpu: Enabled xstate features 0x2e7, context size is 2440 bytes, using 'compacted' format.
[    0.156476] Freeing SMP alternatives memory: 40K
[    0.156782] pid_max: default: 32768 minimum: 301
[    0.157885] Mount-cache hash table entries: 2048 (order: 2, 16384 bytes, linear)
[    0.158782] Mountpoint-cache hash table entries: 2048 (order: 2, 16384 bytes, linear)
[    0.160461] smpboot: CPU0: AMD Ryzen 9 7950X 16-Core Processor (family: 0x19, model: 0x61, stepping: 0x2)
[    0.161265] Performance Events: Fam17h+ core perfctr, AMD PMU driver.
[    0.161787] ... version:                0
[    0.162313] ... bit width:              48
[    0.162783] ... generic registers:      6
[    0.163297] ... value mask:             0000ffffffffffff
[    0.163782] ... max period:             00007fffffffffff
[    0.164472] ... fixed-purpose events:   0
[    0.164782] ... event mask:             000000000000003f
[    0.165611] signal: max sigframe size: 3376
[    0.165832] rcu: Hierarchical SRCU implementation.
[    0.166462] rcu: Max phase no-delay instances is 400.
[    0.171796] smp: Bringing up secondary CPUs ...
[    0.172800] smpboot: x86: Booting SMP configuration:
[    0.173620] .... node  #0, CPUs:        #1  #2  #3  #4  #5  #6  #7  #8  #9 #10 #11 #12 #13 #14 #15 #16 #17 #18 #19 #20 #21 #22 #23 #24 #25 #26 #27 #28 #29 #30 #31
[    0.199944] smp: Brought up 1 node, 32 CPUs
[    0.201356] smpboot: Total of 32 processors activated (287459.58 BogoMIPS)
[    0.214043] devtmpfs: initialized
[    0.214965] x86/mm: Memory block size: 128MB
[    0.222045] clocksource: jiffies: mask: 0xffffffff max_cycles: 0xffffffff, max_idle_ns: 1911260446275000 ns
[    0.222788] futex hash table entries: 8192 (order: 7, 524288 bytes, linear)
[    0.224071] PM: RTC time: 06:27:34, date: 2024-04-29
[    0.225578] NET: Registered PF_NETLINK/PF_ROUTE protocol family
[    0.226728] thermal_sys: Registered thermal governor 'step_wise'
[    0.226731] thermal_sys: Registered thermal governor 'user_space'
[    0.226814] cpuidle: using governor menu
[    0.229299] PCI: Using configuration type 1 for base access
[    0.229783] PCI: Using configuration type 1 for extended access
[    0.230737] kprobes: kprobe jump-optimization is enabled. All kprobes are optimized if possible.
[    0.247926] HugeTLB: registered 1.00 GiB page size, pre-allocated 0 pages
[    0.248783] HugeTLB: 16380 KiB vmemmap can be freed for a 1.00 GiB page
[    0.249704] HugeTLB: registered 2.00 MiB page size, pre-allocated 0 pages
[    0.250782] HugeTLB: 28 KiB vmemmap can be freed for a 2.00 MiB page
[    0.251907] Demotion targets for Node 0: null
[    0.253114] ACPI: Added _OSI(Module Device)
[    0.253694] ACPI: Added _OSI(Processor Device)
[    0.253783] ACPI: Added _OSI(3.0 _SCP Extensions)
[    0.254436] ACPI: Added _OSI(Processor Aggregator Device)
[    0.279635] ACPI: 1 ACPI AML tables successfully acquired and loaded
[    0.282959] ACPI: _OSC evaluation for CPUs failed, trying _PDC
[    0.286129] ACPI: Interpreter enabled
[    0.286684] ACPI: PM: (supports S0 S3 S4 S5)
[    0.287783] ACPI: Using IOAPIC for interrupt routing
[    0.288484] PCI: Using host bridge windows from ACPI; if necessary, use "pci=nocrs" and report a bug
[    0.288782] PCI: Using E820 reservations for host bridge windows
[    0.290703] ACPI: Enabled 2 GPEs in block 00 to 0F
[    0.341347] ACPI: PCI Root Bridge [PCI0] (domain 0000 [bus 00-ff])
[    0.341797] acpi PNP0A03:00: _OSC: OS supports [ExtendedConfig ASPM ClockPM Segments MSI HPX-Type3]
[    0.344320] PCI host bridge to bus 0000:00
[    0.344786] pci_bus 0000:00: root bus resource [io  0x0000-0x0cf7 window]
[    0.345715] pci_bus 0000:00: root bus resource [io  0x0d00-0xffff window]
[    0.346785] pci_bus 0000:00: root bus resource [mem 0x000a0000-0x000bffff window]
[    0.347785] pci_bus 0000:00: root bus resource [mem 0x40000000-0xfebfffff window]
[    0.348785] pci_bus 0000:00: root bus resource [mem 0x100000000-0x17fffffff window]
[    0.349786] pci_bus 0000:00: root bus resource [bus 00-ff]
[    0.350682] pci 0000:00:00.0: [8086:1237] type 00 class 0x060000 conventional PCI endpoint
[    0.352706] pci 0000:00:01.0: [8086:7000] type 00 class 0x060100 conventional PCI endpoint
[    0.354745] pci 0000:00:01.1: [8086:7010] type 00 class 0x010180 conventional PCI endpoint
[    0.358299] pci 0000:00:01.1: BAR 4 [io  0xc0c0-0xc0cf]
[    0.359796] pci 0000:00:01.1: BAR 0 [io  0x01f0-0x01f7]: legacy IDE quirk
[    0.360725] pci 0000:00:01.1: BAR 1 [io  0x03f6]: legacy IDE quirk
[    0.361783] pci 0000:00:01.1: BAR 2 [io  0x0170-0x0177]: legacy IDE quirk
[    0.362702] pci 0000:00:01.1: BAR 3 [io  0x0376]: legacy IDE quirk
[    0.364518] pci 0000:00:01.3: [8086:7113] type 00 class 0x068000 conventional PCI endpoint
[    0.366069] pci 0000:00:01.3: quirk: [io  0x0600-0x063f] claimed by PIIX4 ACPI
[    0.367787] pci 0000:00:01.3: quirk: [io  0x0700-0x070f] claimed by PIIX4 SMB
[    0.369543] pci 0000:00:02.0: [1af4:1009] type 00 class 0x000200 conventional PCI endpoint
[    0.371783] pci 0000:00:02.0: BAR 0 [io  0xc000-0xc03f]
[    0.374504] pci 0000:00:02.0: BAR 1 [mem 0xfebfc000-0xfebfcfff]
[    0.379783] pci 0000:00:02.0: BAR 4 [mem 0xfebf0000-0xfebf3fff 64bit pref]
[    0.394664] pci 0000:00:03.0: [1af4:1009] type 00 class 0x000200 conventional PCI endpoint
[    0.396783] pci 0000:00:03.0: BAR 0 [io  0xc040-0xc07f]
[    0.399545] pci 0000:00:03.0: BAR 1 [mem 0xfebfd000-0xfebfdfff]
[    0.405783] pci 0000:00:03.0: BAR 4 [mem 0xfebf4000-0xfebf7fff 64bit pref]
[    0.420685] pci 0000:00:04.0: [8086:25ab] type 00 class 0x088000 conventional PCI endpoint
[    0.422199] pci 0000:00:04.0: BAR 0 [mem 0xfebfe000-0xfebfe00f]
[    0.437506] pci 0000:00:05.0: [1af4:1003] type 00 class 0x078000 conventional PCI endpoint
[    0.440783] pci 0000:00:05.0: BAR 0 [io  0xc080-0xc0bf]
[    0.442536] pci 0000:00:05.0: BAR 1 [mem 0xfebff000-0xfebfffff]
[    0.448783] pci 0000:00:05.0: BAR 4 [mem 0xfebf8000-0xfebfbfff 64bit pref]
[    0.467663] ACPI: PCI: Interrupt link LNKA configured for IRQ 10
[    0.469804] ACPI: PCI: Interrupt link LNKB configured for IRQ 10
[    0.471626] ACPI: PCI: Interrupt link LNKC configured for IRQ 11
[    0.472762] ACPI: PCI: Interrupt link LNKD configured for IRQ 11
[    0.474183] ACPI: PCI: Interrupt link LNKS configured for IRQ 9
[    0.494033] iommu: Default domain type: Translated
[    0.494675] iommu: DMA domain TLB invalidation policy: lazy mode
[    0.496265] SCSI subsystem initialized
[    0.497015] pps_core: LinuxPPS API ver. 1 registered
[    0.497783] pps_core: Software ver. 5.3.6 - Copyright 2005-2007 Rodolfo Giometti <giometti@linux.it>
[    0.498797] PTP clock support registered
[    0.499922] Advanced Linux Sound Architecture Driver Initialized.
[    0.501947] NET: Registered PF_ATMPVC protocol family
[    0.502634] NET: Registered PF_ATMSVC protocol family
[    0.503809] PCI: Using ACPI for IRQ routing
[    0.504531] vgaarb: loaded
[    0.504956] hpet0: at MMIO 0xfed00000, IRQs 2, 8, 0
[    0.505785] hpet0: 3 comparators, 64-bit 100.000000 MHz counter
[    0.513151] clocksource: Switched to clocksource kvm-clock
[    0.514724] VFS: Disk quotas dquot_6.6.0
[    0.515419] VFS: Dquot-cache hash table entries: 512 (order 0, 4096 bytes)
[    0.520655] pnp: PnP ACPI init
[    0.526840] pnp: PnP ACPI: found 5 devices
[    0.541872] clocksource: acpi_pm: mask: 0xffffff max_cycles: 0xffffff, max_idle_ns: 2085701024 ns
[    0.543509] NET: Registered PF_INET protocol family
[    0.544410] IP idents hash table entries: 16384 (order: 5, 131072 bytes, linear)
[    0.546232] tcp_listen_portaddr_hash hash table entries: 512 (order: 1, 8192 bytes, linear)
[    0.547673] Table-perturb hash table entries: 65536 (order: 6, 262144 bytes, linear)
[    0.549019] TCP established hash table entries: 8192 (order: 4, 65536 bytes, linear)
[    0.550351] TCP bind hash table entries: 8192 (order: 6, 262144 bytes, linear)
[    0.551765] TCP: Hash tables configured (established 8192 bind 8192)
[    0.553084] UDP hash table entries: 512 (order: 2, 16384 bytes, linear)
[    0.554280] UDP-Lite hash table entries: 512 (order: 2, 16384 bytes, linear)
[    0.555809] NET: Registered PF_UNIX/PF_LOCAL protocol family
[    0.556808] pci_bus 0000:00: resource 4 [io  0x0000-0x0cf7 window]
[    0.557865] pci_bus 0000:00: resource 5 [io  0x0d00-0xffff window]
[    0.558919] pci_bus 0000:00: resource 6 [mem 0x000a0000-0x000bffff window]
[    0.560096] pci_bus 0000:00: resource 7 [mem 0x40000000-0xfebfffff window]
[    0.561270] pci_bus 0000:00: resource 8 [mem 0x100000000-0x17fffffff window]
[    0.562761] pci 0000:00:01.0: PIIX3: Enabling Passive Release
[    0.563729] pci 0000:00:00.0: Limiting direct PCI/PCI transfers
[    0.564569] PCI: CLS 0 bytes, default 64
[    0.565149] kvm_intel: VMX not supported by CPU 22
[    0.565977] kvm_amd: TSC scaling supported
[    0.566536] kvm_amd: Nested Virtualization enabled
[    0.567166] kvm_amd: Nested Paging enabled
[    0.567736] kvm_amd: Virtual VMLOAD VMSAVE supported
[    0.568388] kvm_amd: Virtual GIF supported
[    0.568932] kvm_amd: Virtual NMI enabled
[    0.569454] kvm_amd: LBR virtualization supported
[    0.683819] Initialise system trusted keyrings
[    0.684604] workingset: timestamp_bits=56 max_order=18 bucket_order=0
[    0.685633] squashfs: version 4.0 (2009/01/31) Phillip Lougher
[    0.686473] fuse: init (API version 7.40)
[    0.687192] 9p: Installing v9fs 9p2000 file system support
[    0.697969] Key type asymmetric registered
[    0.698541] Asymmetric key parser 'x509' registered
[    0.699275] Block layer SCSI generic (bsg) driver version 0.4 loaded (major 249)
[    0.700333] io scheduler mq-deadline registered
[    0.700966] io scheduler kyber registered
[    0.703067] input: Power Button as /devices/LNXSYSTM:00/LNXPWRBN:00/input/input0
[    0.704344] ACPI: button: Power Button [PWRF]
[    0.705076] Warning: Processor Platform Limit event detected, but not handled.
[    0.706073] Consider compiling CPUfreq support into your kernel.
[    1.588624] ACPI: \_SB_.LNKB: Enabled at IRQ 10
[    2.461531] ACPI: \_SB_.LNKC: Enabled at IRQ 11
[    3.328827] ACPI: \_SB_.LNKA: Enabled at IRQ 10
[    3.330587] Serial: 8250/16550 driver, 4 ports, IRQ sharing enabled
[    3.331773] 00:03: ttyS0 at I/O 0x3f8 (irq = 4, base_baud = 115200) is a 16550A
[    3.378302] Non-volatile memory driver v1.3
[    3.378895] Linux agpgart interface v0.103
[    3.379616] printk: legacy console [hvc0] enabled
[    3.379639] ACPI: bus type drm_connector registered
[    3.380260] printk: legacy bootconsole [earlyser0] disabled
          _      _                                    
   __   _(_)_ __| |_ _ __ ___   ___       _ __   __ _ 
   \ \ / / |  __| __|  _   _ \ / _ \_____|  _ \ / _  |
    \ V /| | |  | |_| | | | | |  __/_____| | | | (_| |
     \_/ |_|_|   \__|_| |_| |_|\___|     |_| |_|\__  |
                                                |___/ 
   kernel version: 6.9.0-rc5-virtme x86_64
   (CTRL+d to exit)

virtme-ng:/nipa-data/kernel# PS1='xx__-> '
xx__-> env
PWD=/nipa-data/kernel
nr_open=1048576
HOME=/root
TERM=xterm
SHLVL=2
XDG_RUNTIME_DIR=/run/user/0
PATH=/bin:/sbin:/usr/bin:/usr/sbin:/usr/local/bin
OLDPWD=/
_=/usr/bin/env
xx__-> 