No EFI environment detected.
early console in extract_kernel
input_data: 0x0000000002be92c4
input_len: 0x0000000000b458a5
output: 0x0000000001000000
output_len: 0x00000000026e7648
kernel_total_size: 0x0000000002430000
needed_size: 0x0000000002800000
trampoline_32bit: 0x0000000000000000
Physical KASLR using RDRAND RDTSC...
Virtual KASLR using RDRAND RDTSC...

Decompressing Linux... Parsing ELF... Performing relocations... done.
Booting the kernel (entry_offset: 0x0000000000000000).
[    0.000000] Linux version 6.10.0-rc5-virtme (root@fd299423699e) (gcc (Alpine 13.2.1_git20240309) 13.2.1 20240309, GNU ld (GNU Binutils) 2.42) #1 SMP PREEMPT_DYNAMIC Thu Jul  4 15:06:16 UTC 2024
[    0.000000] Command line: virtme_hostname=virtme-ng nr_open=1048576 virtme_link_mods=/nipa-data/kernel/.virtme_mods/lib/modules/0.0.0 virtme_initmount0=nipa-data/kernel virtme_rw_overlay0=/etc virtme_rw_overlay1=/lib virtme_rw_overlay2=/home virtme_rw_overlay3=/opt virtme_rw_overlay4=/srv virtme_rw_overlay5=/usr virtme_rw_overlay6=/var console=hvc0 earlyprintk=serial,ttyS0,115200 virtme_console=ttyS0 psmouse.proto=exps TERM=xterm virtme_chdir=nipa-data/kernel virtme_root_user=1 rootfstype=9p rootflags=version=9p2000.L,trans=virtio,access=any raid=noautodetect ro init=/usr/lib/python3.12/site-packages/virtme/guest/virtme-init
[    0.000000] BIOS-provided physical RAM map:
[    0.000000] BIOS-e820: [mem 0x0000000000000000-0x000000000009fbff] usable
[    0.000000] BIOS-e820: [mem 0x000000000009fc00-0x000000000009ffff] reserved
[    0.000000] BIOS-e820: [mem 0x00000000000f0000-0x00000000000fffff] reserved
[    0.000000] BIOS-e820: [mem 0x0000000000100000-0x000000003ffdffff] usable
[    0.000000] BIOS-e820: [mem 0x000000003ffe0000-0x000000003fffffff] reserved
[    0.000000] BIOS-e820: [mem 0x00000000feffc000-0x00000000feffffff] reserved
[    0.000000] BIOS-e820: [mem 0x00000000fffc0000-0x00000000ffffffff] reserved
[    0.000000] BIOS-e820: [mem 0x000000fd00000000-0x000000ffffffffff] reserved
[    0.000000] printk: legacy bootconsole [earlyser0] enabled
[    0.000000] NX (Execute Disable) protection: active
[    0.000000] APIC: Static calls initialized
[    0.000000] SMBIOS 2.8 present.
[    0.000000] DMI: QEMU Standard PC (i440FX + PIIX, 1996), BIOS rel-1.16.3-0-ga6ed6b701f0a-prebuilt.qemu.org 04/01/2014
[    0.000000] DMI: Memory slots populated: 1/1
[    0.000000] Hypervisor detected: KVM
[    0.000000] kvm-clock: Using msrs 4b564d01 and 4b564d00
[    0.000000] kvm-clock: using sched offset of 228974669 cycles
[    0.000394] clocksource: kvm-clock: mask: 0xffffffffffffffff max_cycles: 0x1cd42e4dffb, max_idle_ns: 881590591483 ns
[    0.001622] tsc: Detected 4491.560 MHz processor
[    0.002240] last_pfn = 0x3ffe0 max_arch_pfn = 0x400000000
[    0.002672] MTRR map: 4 entries (3 fixed + 1 variable; max 19), built from 8 variable MTRRs
[    0.003304] x86/PAT: Configuration [0-7]: WB  WC  UC- UC  WB  WP  UC- WT  
Memory KASLR using RDRAND RDTSC...
[    0.005404] found SMP MP-table at [mem 0x000f5470-0x000f547f]
[    0.005842] Using GB pages for direct mapping
[    0.006194] ACPI: Early table checksum verification disabled
[    0.006621] ACPI: RSDP 0x00000000000F5290 000014 (v00 BOCHS )
[    0.007069] ACPI: RSDT 0x000000003FFE27BC 000034 (v01 BOCHS  BXPC     00000001 BXPC 00000001)
[    0.007715] ACPI: FACP 0x000000003FFE2578 000074 (v01 BOCHS  BXPC     00000001 BXPC 00000001)
[    0.008362] ACPI: DSDT 0x000000003FFE0040 002538 (v01 BOCHS  BXPC     00000001 BXPC 00000001)
[    0.009007] ACPI: FACS 0x000000003FFE0000 000040
[    0.009357] ACPI: APIC 0x000000003FFE25EC 000170 (v03 BOCHS  BXPC     00000001 BXPC 00000001)
[    0.010004] ACPI: HPET 0x000000003FFE275C 000038 (v01 BOCHS  BXPC     00000001 BXPC 00000001)
[    0.010658] ACPI: WAET 0x000000003FFE2794 000028 (v01 BOCHS  BXPC     00000001 BXPC 00000001)
[    0.011304] ACPI: Reserving FACP table memory at [mem 0x3ffe2578-0x3ffe25eb]
[    0.011838] ACPI: Reserving DSDT table memory at [mem 0x3ffe0040-0x3ffe2577]
[    0.012372] ACPI: Reserving FACS table memory at [mem 0x3ffe0000-0x3ffe003f]
[    0.012907] ACPI: Reserving APIC table memory at [mem 0x3ffe25ec-0x3ffe275b]
[    0.013443] ACPI: Reserving HPET table memory at [mem 0x3ffe275c-0x3ffe2793]
[    0.013977] ACPI: Reserving WAET table memory at [mem 0x3ffe2794-0x3ffe27bb]
[    0.014659] No NUMA configuration found
[    0.014949] Faking a node at [mem 0x0000000000000000-0x000000003ffdffff]
[    0.015457] NODE_DATA(0) allocated [mem 0x3ffdb000-0x3ffdffff]
[    0.015908] Zone ranges:
[    0.016100]   DMA      [mem 0x0000000000001000-0x0000000000ffffff]
[    0.016568]   DMA32    [mem 0x0000000001000000-0x000000003ffdffff]
[    0.017035]   Normal   empty
[    0.017252]   Device   empty
[    0.017470] Movable zone start for each node
[    0.017792] Early memory node ranges
[    0.018062]   node   0: [mem 0x0000000000001000-0x000000000009efff]
[    0.018538]   node   0: [mem 0x0000000000100000-0x000000003ffdffff]
[    0.019013] Initmem setup node 0 [mem 0x0000000000001000-0x000000003ffdffff]
[    0.019548] On node 0, zone DMA: 1 pages in unavailable ranges
[    0.020010] On node 0, zone DMA: 97 pages in unavailable ranges
[    0.021632] On node 0, zone DMA32: 32 pages in unavailable ranges
[    0.022479] ACPI: PM-Timer IO Port: 0x608
[    0.022866] ACPI: LAPIC_NMI (acpi_id[0xff] dfl dfl lint[0x1])
[    0.023427] IOAPIC[0]: apic_id 0, version 17, address 0xfec00000, GSI 0-23
[    0.024079] ACPI: INT_SRC_OVR (bus 0 bus_irq 0 global_irq 2 dfl dfl)
[    0.024680] ACPI: INT_SRC_OVR (bus 0 bus_irq 5 global_irq 5 high level)
[    0.025305] ACPI: INT_SRC_OVR (bus 0 bus_irq 9 global_irq 9 high level)
[    0.025928] ACPI: INT_SRC_OVR (bus 0 bus_irq 10 global_irq 10 high level)
[    0.026572] ACPI: INT_SRC_OVR (bus 0 bus_irq 11 global_irq 11 high level)
[    0.027213] ACPI: Using ACPI (MADT) for SMP configuration information
[    0.027821] ACPI: HPET id: 0x8086a201 base: 0xfed00000
[    0.028308] TSC deadline timer available
[    0.028679] CPU topo: Max. logical packages:   1
[    0.029114] CPU topo: Max. logical dies:       1
[    0.029548] CPU topo: Max. dies per package:   1
[    0.029989] CPU topo: Max. threads per core:   1
[    0.030432] CPU topo: Num. cores per package:    32
[    0.030896] CPU topo: Num. threads per package:  32
[    0.031357] CPU topo: Allowing 32 present CPUs plus 0 hotplug CPUs
[    0.031953] kvm-guest: APIC: eoi() replaced with kvm_guest_apic_eoi_write()
[    0.032620] kvm-guest: KVM setup pv remote TLB flush
[    0.033090] kvm-guest: setup PV sched yield
[    0.033488] PM: hibernation: Registered nosave memory: [mem 0x00000000-0x00000fff]
[    0.034212] PM: hibernation: Registered nosave memory: [mem 0x0009f000-0x0009ffff]
[    0.034929] PM: hibernation: Registered nosave memory: [mem 0x000a0000-0x000effff]
[    0.035644] PM: hibernation: Registered nosave memory: [mem 0x000f0000-0x000fffff]
[    0.036360] [mem 0x40000000-0xfeffbfff] available for PCI devices
[    0.036936] Booting paravirtualized kernel on KVM
[    0.037381] clocksource: refined-jiffies: mask: 0xffffffff max_cycles: 0xffffffff, max_idle_ns: 1910969940391419 ns
[    0.041489] setup_percpu: NR_CPUS:64 nr_cpumask_bits:32 nr_cpu_ids:32 nr_node_ids:1
[    0.043030] percpu: Embedded 58 pages/cpu s198872 r8192 d30504 u262144
[    0.043693] Kernel command line: virtme_hostname=virtme-ng nr_open=1048576 virtme_link_mods=/nipa-data/kernel/.virtme_mods/lib/modules/0.0.0 virtme_initmount0=nipa-data/kernel virtme_rw_overlay0=/etc virtme_rw_overlay1=/lib virtme_rw_overlay2=/home virtme_rw_overlay3=/opt virtme_rw_overlay4=/srv virtme_rw_overlay5=/usr virtme_rw_overlay6=/var console=hvc0 earlyprintk=serial,ttyS0,115200 virtme_console=ttyS0 psmouse.proto=exps TERM=xterm virtme_chdir=nipa-data/kernel virtme_root_user=1 rootfstype=9p rootflags=version=9p2000.L,trans=virtio,access=any raid=noautodetect ro init=/usr/lib/python3.12/site-packages/virtme/guest/virtme-init
[    0.049249] Unknown kernel command line parameters "virtme_hostname=virtme-ng nr_open=1048576 virtme_link_mods=/nipa-data/kernel/.virtme_mods/lib/modules/0.0.0 virtme_initmount0=nipa-data/kernel virtme_rw_overlay0=/etc virtme_rw_overlay1=/lib virtme_rw_overlay2=/home virtme_rw_overlay3=/opt virtme_rw_overlay4=/srv virtme_rw_overlay5=/usr virtme_rw_overlay6=/var virtme_console=ttyS0 virtme_chdir=nipa-data/kernel virtme_root_user=1", will be passed to user space.
[    0.053400] random: crng init done
[    0.053761] Dentry cache hash table entries: 131072 (order: 8, 1048576 bytes, linear)
[    0.054544] Inode-cache hash table entries: 65536 (order: 7, 524288 bytes, linear)
[    0.055369] Fallback order for Node 0: 0 
[    0.055372] Built 1 zonelists, mobility grouping on.  Total pages: 262014
[    0.056407] Policy zone: DMA32
[    0.056698] mem auto-init: stack:all(zero), heap alloc:off, heap free:off
[    0.058270] Memory: 984568K/1048056K available (16384K kernel code, 2423K rwdata, 6176K rodata, 3092K init, 1992K bss, 63228K reserved, 0K cma-reserved)
[    0.059615] SLUB: HWalign=64, Order=0-3, MinObjects=0, CPUs=32, Nodes=1
Poking KASLR using RDRAND RDTSC...
[    0.060568] ftrace: allocating 47888 entries in 188 pages
[    0.068259] ftrace: allocated 188 pages with 5 groups
[    0.069439] Dynamic Preempt: voluntary
[    0.069966] rcu: Preemptible hierarchical RCU implementation.
[    0.070524] rcu: RCU event tracing is enabled.
[    0.070956] rcu: RCU restricting CPUs from NR_CPUS=64 to nr_cpu_ids=32.
[    0.071597] Trampoline variant of Tasks RCU enabled.
[    0.072082] Rude variant of Tasks RCU enabled.
[    0.072516] Tracing variant of Tasks RCU enabled.
[    0.072975] rcu: RCU calculated value of scheduler-enlistment delay is 100 jiffies.
[    0.073708] rcu: Adjusting geometry for rcu_fanout_leaf=16, nr_cpu_ids=32
[    0.074366] RCU Tasks: Setting shift to 5 and lim to 1 rcu_task_cb_adjust=1.
[    0.075036] RCU Tasks Rude: Setting shift to 5 and lim to 1 rcu_task_cb_adjust=1.
[    0.075747] RCU Tasks Trace: Setting shift to 5 and lim to 1 rcu_task_cb_adjust=1.
[    0.078421] NR_IRQS: 4352, nr_irqs: 680, preallocated irqs: 16
[    0.079076] rcu: srcu_init: Setting srcu_struct sizes based on contention.
[    0.079768] Console: colour *CGA 80x25
[    0.080078] ACPI: Core revision 20240322
[    0.080450] clocksource: hpet: mask: 0xffffffff max_cycles: 0xffffffff, max_idle_ns: 19112604467 ns
[    0.081305] APIC: Switch to symmetric I/O mode setup
[    0.081701] APIC: Switched APIC routing to: physical flat
[    0.082148] kvm-guest: APIC: send_IPI_mask() replaced with kvm_send_ipi_mask()
[    0.082697] kvm-guest: APIC: send_IPI_mask_allbutself() replaced with kvm_send_ipi_mask_allbutself()
[    0.083432] kvm-guest: setup PV IPIs
[    0.084563] ..TIMER: vector=0x30 apic1=0 pin1=2 apic2=-1 pin2=-1
[    0.085407] tsc: Marking TSC unstable due to TSCs unsynchronized
[    0.086229] Calibrating delay loop (skipped) preset value.. 8983.12 BogoMIPS (lpj=4491560)
[    0.087290] x86/cpu: User Mode Instruction Prevention (UMIP) activated
[    0.088280] Last level iTLB entries: 4KB 512, 2MB 255, 4MB 127
[    0.089080] Last level dTLB entries: 4KB 512, 2MB 255, 4MB 127, 1GB 0
[    0.089233] Spectre V1 : Mitigation: usercopy/swapgs barriers and __user pointer sanitization
[    0.090232] Spectre V2 : Mitigation: Enhanced / Automatic IBRS
[    0.091029] Spectre V2 : Spectre v2 / SpectreRSB mitigation: Filling RSB on context switch
[    0.091229] Spectre V2 : mitigation: Enabling conditional Indirect Branch Prediction Barrier
[    0.092229] Speculative Store Bypass: Mitigation: Speculative Store Bypass disabled via prctl
[    0.093228] Speculative Return Stack Overflow: IBPB-extending microcode not applied!
[    0.094228] Speculative Return Stack Overflow: WARNING: See https://kernel.org/doc/html/latest/admin-guide/hw-vuln/srso.html for mitigation options.
[    0.094229] Speculative Return Stack Overflow: Vulnerable: Safe RET, no microcode
[    0.096245] x86/fpu: Supporting XSAVE feature 0x001: 'x87 floating point registers'
[    0.097228] x86/fpu: Supporting XSAVE feature 0x002: 'SSE registers'
[    0.098228] x86/fpu: Supporting XSAVE feature 0x004: 'AVX registers'
[    0.099228] x86/fpu: Supporting XSAVE feature 0x020: 'AVX-512 opmask'
[    0.100228] x86/fpu: Supporting XSAVE feature 0x040: 'AVX-512 Hi256'
[    0.101080] x86/fpu: Supporting XSAVE feature 0x080: 'AVX-512 ZMM_Hi256'
[    0.101228] x86/fpu: Supporting XSAVE feature 0x200: 'Protection Keys User registers'
[    0.102229] x86/fpu: xstate_offset[2]:  576, xstate_sizes[2]:  256
[    0.103228] x86/fpu: xstate_offset[5]:  832, xstate_sizes[5]:   64
[    0.104228] x86/fpu: xstate_offset[6]:  896, xstate_sizes[6]:  512
[    0.105228] x86/fpu: xstate_offset[7]: 1408, xstate_sizes[7]: 1024
[    0.106228] x86/fpu: xstate_offset[9]: 2432, xstate_sizes[9]:    8
[    0.107228] x86/fpu: Enabled xstate features 0x2e7, context size is 2440 bytes, using 'compacted' format.
[    0.123794] Freeing SMP alternatives memory: 40K
[    0.124229] pid_max: default: 32768 minimum: 301
[    0.124864] Mount-cache hash table entries: 2048 (order: 2, 16384 bytes, linear)
[    0.125229] Mountpoint-cache hash table entries: 2048 (order: 2, 16384 bytes, linear)
[    0.127286] smpboot: CPU0: AMD Ryzen 9 7950X 16-Core Processor (family: 0x19, model: 0x61, stepping: 0x2)
[    0.128351] Performance Events: Fam17h+ core perfctr, AMD PMU driver.
[    0.129226] ... version:                0
[    0.129760] ... bit width:              48
[    0.130230] ... generic registers:      6
[    0.130764] ... value mask:             0000ffffffffffff
[    0.131230] ... max period:             00007fffffffffff
[    0.131928] ... fixed-purpose events:   0
[    0.132230] ... event mask:             000000000000003f
[    0.133016] signal: max sigframe size: 3376
[    0.133247] rcu: Hierarchical SRCU implementation.
[    0.133883] rcu: Max phase no-delay instances is 400.
[    0.136496] smp: Bringing up secondary CPUs ...
[    0.137149] smpboot: x86: Booting SMP configuration:
[    0.137231] .... node  #0, CPUs:        #1  #2  #3  #4  #5  #6  #7  #8  #9 #10 #11 #12 #13 #14 #15 #16 #17 #18 #19 #20 #21 #22 #23 #24 #25 #26 #27 #28 #29 #30 #31
[    0.159429] smp: Brought up 1 node, 32 CPUs
[    0.160953] smpboot: Total of 32 processors activated (287459.84 BogoMIPS)
[    0.163305] devtmpfs: initialized
[    0.164265] x86/mm: Memory block size: 128MB
[    0.165996] clocksource: jiffies: mask: 0xffffffff max_cycles: 0xffffffff, max_idle_ns: 1911260446275000 ns
[    0.166235] futex hash table entries: 8192 (order: 7, 524288 bytes, linear)
[    0.167421] PM: RTC time: 15:06:45, date: 2024-07-04
[    0.168657] NET: Registered PF_NETLINK/PF_ROUTE protocol family
[    0.169404] thermal_sys: Registered thermal governor 'step_wise'
[    0.169405] thermal_sys: Registered thermal governor 'user_space'
[    0.170246] cpuidle: using governor menu
[    0.172506] PCI: Using configuration type 1 for base access
[    0.173234] PCI: Using configuration type 1 for extended access
[    0.174329] kprobes: kprobe jump-optimization is enabled. All kprobes are optimized if possible.
[    0.194372] HugeTLB: registered 1.00 GiB page size, pre-allocated 0 pages
[    0.195230] HugeTLB: 16380 KiB vmemmap can be freed for a 1.00 GiB page
[    0.196136] HugeTLB: registered 2.00 MiB page size, pre-allocated 0 pages
[    0.197230] HugeTLB: 28 KiB vmemmap can be freed for a 2.00 MiB page
[    0.198324] Demotion targets for Node 0: null
[    0.198855] ACPI: Added _OSI(Module Device)
[    0.199230] ACPI: Added _OSI(Processor Device)
[    0.199826] ACPI: Added _OSI(3.0 _SCP Extensions)
[    0.200230] ACPI: Added _OSI(Processor Aggregator Device)
[    0.201685] ACPI: 1 ACPI AML tables successfully acquired and loaded
[    0.203856] ACPI: _OSC evaluation for CPUs failed, trying _PDC
[    0.204368] ACPI: Interpreter enabled
[    0.204871] ACPI: PM: (supports S0 S3 S4 S5)
[    0.205230] ACPI: Using IOAPIC for interrupt routing
[    0.205906] PCI: Using host bridge windows from ACPI; if necessary, use "pci=nocrs" and report a bug
[    0.207230] PCI: Using E820 reservations for host bridge windows
[    0.208125] ACPI: Enabled 2 GPEs in block 00 to 0F
[    0.211892] ACPI: PCI Root Bridge [PCI0] (domain 0000 [bus 00-ff])
[    0.212232] acpi PNP0A03:00: _OSC: OS supports [ExtendedConfig ASPM ClockPM Segments MSI HPX-Type3]
[    0.213323] PCI host bridge to bus 0000:00
[    0.213865] pci_bus 0000:00: root bus resource [io  0x0000-0x0cf7 window]
[    0.215230] pci_bus 0000:00: root bus resource [io  0x0d00-0xffff window]
[    0.216138] pci_bus 0000:00: root bus resource [mem 0x000a0000-0x000bffff window]
[    0.217230] pci_bus 0000:00: root bus resource [mem 0x40000000-0xfebfffff window]
[    0.218230] pci_bus 0000:00: root bus resource [mem 0x100000000-0x17fffffff window]
[    0.219230] pci_bus 0000:00: root bus resource [bus 00-ff]
[    0.220059] pci 0000:00:00.0: [8086:1237] type 00 class 0x060000 conventional PCI endpoint
[    0.221489] pci 0000:00:01.0: [8086:7000] type 00 class 0x060100 conventional PCI endpoint
[    0.222560] pci 0000:00:01.1: [8086:7010] type 00 class 0x010180 conventional PCI endpoint
[    0.226714] pci 0000:00:01.1: BAR 4 [io  0xc0c0-0xc0cf]
[    0.228230] pci 0000:00:01.1: BAR 0 [io  0x01f0-0x01f7]: legacy IDE quirk
[    0.229145] pci 0000:00:01.1: BAR 1 [io  0x03f6]: legacy IDE quirk
[    0.230230] pci 0000:00:01.1: BAR 2 [io  0x0170-0x0177]: legacy IDE quirk
[    0.231141] pci 0000:00:01.1: BAR 3 [io  0x0376]: legacy IDE quirk
[    0.231326] pci 0000:00:01.3: [8086:7113] type 00 class 0x068000 conventional PCI endpoint
[    0.233479] pci 0000:00:01.3: quirk: [io  0x0600-0x063f] claimed by PIIX4 ACPI
[    0.235234] pci 0000:00:01.3: quirk: [io  0x0700-0x070f] claimed by PIIX4 SMB
[    0.236357] pci 0000:00:02.0: [1af4:1009] type 00 class 0x000200 conventional PCI endpoint
[    0.238230] pci 0000:00:02.0: BAR 0 [io  0xc000-0xc03f]
[    0.240955] pci 0000:00:02.0: BAR 1 [mem 0xfebfc000-0xfebfcfff]
[    0.247230] pci 0000:00:02.0: BAR 4 [mem 0xfebf0000-0xfebf3fff 64bit pref]
[    0.249628] pci 0000:00:03.0: [1af4:1009] type 00 class 0x000200 conventional PCI endpoint
[    0.252230] pci 0000:00:03.0: BAR 0 [io  0xc040-0xc07f]
[    0.254921] pci 0000:00:03.0: BAR 1 [mem 0xfebfd000-0xfebfdfff]
[    0.260947] pci 0000:00:03.0: BAR 4 [mem 0xfebf4000-0xfebf7fff 64bit pref]
[    0.263799] pci 0000:00:04.0: [8086:25ab] type 00 class 0x088000 conventional PCI endpoint
[    0.264795] pci 0000:00:04.0: BAR 0 [mem 0xfebfe000-0xfebfe00f]
[    0.269902] pci 0000:00:05.0: [1af4:1003] type 00 class 0x078000 conventional PCI endpoint
[    0.273230] pci 0000:00:05.0: BAR 0 [io  0xc080-0xc0bf]
[    0.274935] pci 0000:00:05.0: BAR 1 [mem 0xfebff000-0xfebfffff]
[    0.280808] pci 0000:00:05.0: BAR 4 [mem 0xfebf8000-0xfebfbfff 64bit pref]
[    0.284012] ACPI: PCI: Interrupt link LNKA configured for IRQ 10
[    0.285344] ACPI: PCI: Interrupt link LNKB configured for IRQ 10
[    0.286249] ACPI: PCI: Interrupt link LNKC configured for IRQ 11
[    0.287159] ACPI: PCI: Interrupt link LNKD configured for IRQ 11
[    0.288303] ACPI: PCI: Interrupt link LNKS configured for IRQ 9
[    0.290008] iommu: Default domain type: Translated
[    0.290230] iommu: DMA domain TLB invalidation policy: lazy mode
[    0.292287] SCSI subsystem initialized
[    0.292818] pps_core: LinuxPPS API ver. 1 registered
[    0.293230] pps_core: Software ver. 5.3.6 - Copyright 2005-2007 Rodolfo Giometti <giometti@linux.it>
[    0.294232] PTP clock support registered
[    0.295260] Advanced Linux Sound Architecture Driver Initialized.
[    0.295546] NET: Registered PF_ATMPVC protocol family
[    0.296222] NET: Registered PF_ATMSVC protocol family
[    0.297234] PCI: Using ACPI for IRQ routing
[    0.298251] vgaarb: loaded
[    0.298269] hpet0: at MMIO 0xfed00000, IRQs 2, 8, 0
[    0.298931] hpet0: 3 comparators, 64-bit 100.000000 MHz counter
[    0.303635] clocksource: Switched to clocksource kvm-clock
[    0.304465] VFS: Disk quotas dquot_6.6.0
[    0.304633] VFS: Dquot-cache hash table entries: 512 (order 0, 4096 bytes)
[    0.305989] pnp: PnP ACPI init
[    0.306597] pnp: PnP ACPI: found 5 devices
[    0.314484] clocksource: acpi_pm: mask: 0xffffff max_cycles: 0xffffff, max_idle_ns: 2085701024 ns
[    0.315673] NET: Registered PF_INET protocol family
[    0.316330] IP idents hash table entries: 16384 (order: 5, 131072 bytes, linear)
[    0.317464] tcp_listen_portaddr_hash hash table entries: 512 (order: 1, 8192 bytes, linear)
[    0.318579] Table-perturb hash table entries: 65536 (order: 6, 262144 bytes, linear)
[    0.319615] TCP established hash table entries: 8192 (order: 4, 65536 bytes, linear)
[    0.320639] TCP bind hash table entries: 8192 (order: 6, 262144 bytes, linear)
[    0.321594] TCP: Hash tables configured (established 8192 bind 8192)
[    0.322548] UDP hash table entries: 512 (order: 2, 16384 bytes, linear)
[    0.323435] UDP-Lite hash table entries: 512 (order: 2, 16384 bytes, linear)
[    0.324398] NET: Registered PF_UNIX/PF_LOCAL protocol family
[    0.325155] pci_bus 0000:00: resource 4 [io  0x0000-0x0cf7 window]
[    0.325993] pci_bus 0000:00: resource 5 [io  0x0d00-0xffff window]
[    0.326811] pci_bus 0000:00: resource 6 [mem 0x000a0000-0x000bffff window]
[    0.327724] pci_bus 0000:00: resource 7 [mem 0x40000000-0xfebfffff window]
[    0.328638] pci_bus 0000:00: resource 8 [mem 0x100000000-0x17fffffff window]
[    0.329593] pci 0000:00:01.0: PIIX3: Enabling Passive Release
[    0.330372] pci 0000:00:00.0: Limiting direct PCI/PCI transfers
[    0.331198] PCI: CLS 0 bytes, default 64
[    0.331776] kvm_intel: VMX not supported by CPU 22
[    0.332423] kvm_amd: TSC scaling supported
[    0.332982] kvm_amd: Nested Virtualization enabled
[    0.333622] kvm_amd: Nested Paging enabled
[    0.334171] kvm_amd: LBR virtualization supported
[    0.334810] kvm_amd: Virtual VMLOAD VMSAVE supported
[    0.335465] kvm_amd: Virtual GIF supported
[    0.336014] kvm_amd: Virtual NMI enabled
[    0.421387] Initialise system trusted keyrings
[    0.422110] workingset: timestamp_bits=56 max_order=18 bucket_order=0
[    0.423014] squashfs: version 4.0 (2009/01/31) Phillip Lougher
[    0.423808] fuse: init (API version 7.40)
[    0.424478] 9p: Installing v9fs 9p2000 file system support
[    0.431934] Key type asymmetric registered
[    0.432487] Asymmetric key parser 'x509' registered
[    0.433162] Block layer SCSI generic (bsg) driver version 0.4 loaded (major 249)
[    0.434178] io scheduler mq-deadline registered
[    0.434794] io scheduler kyber registered
[    0.436341] input: Power Button as /devices/LNXSYSTM:00/LNXPWRBN:00/input/input0
[    0.437439] ACPI: button: Power Button [PWRF]
[    0.438072] Warning: Processor Platform Limit event detected, but not handled.
[    0.439049] Consider compiling CPUfreq support into your kernel.
[    0.456614] ACPI: \_SB_.LNKB: Enabled at IRQ 10
[    0.473753] ACPI: \_SB_.LNKC: Enabled at IRQ 11
[    0.490840] ACPI: \_SB_.LNKA: Enabled at IRQ 10
[    0.492157] Serial: 8250/16550 driver, 4 ports, IRQ sharing enabled
[    0.493126] 00:03: ttyS0 at I/O 0x3f8 (irq = 4, base_baud = 115200) is a 16550A
[    0.556774] Non-volatile memory driver v1.3
[    0.557555] Linux agpgart interface v0.103
[    0.557650] ACPI: bus type drm_connector registered
[    0.559172] printk: legacy console [hvc0] enabled
[    0.560006] printk: legacy bootconsole [earlyser0] disabled
          _      _                                    
   __   _(_)_ __| |_ _ __ ___   ___       _ __   __ _ 
   \ \ / / |  __| __|  _   _ \ / _ \_____|  _ \ / _  |
    \ V /| | |  | |_| | | | | |  __/_____| | | | (_| |
     \_/ |_|_|   \__|_| |_| |_|\___|     |_| |_|\__  |
                                                |___/ 
   kernel version: 6.10.0-rc5-virtme x86_64
   (CTRL+d to exit)

virtme-ng:/nipa-data/kernel# PS1='xx__-> '
xx__-> env
PWD=/nipa-data/kernel
nr_open=1048576
HOME=/root
TERM=xterm
SHLVL=2
XDG_RUNTIME_DIR=/run/user/0
PATH=/bin:/sbin:/usr/bin:/usr/sbin:/usr/local/bin
OLDPWD=/
_=/usr/bin/env
xx__-> 