No EFI environment detected.
early console in extract_kernel
input_data: 0x00000000029f82b9
input_len: 0x0000000000ad55a5
output: 0x0000000001000000
output_len: 0x00000000024886a0
kernel_total_size: 0x0000000002230000
needed_size: 0x0000000002600000
trampoline_32bit: 0x0000000000000000
Physical KASLR using RDRAND RDTSC...
Virtual KASLR using RDRAND RDTSC...

Decompressing Linux... Parsing ELF... Performing relocations... done.
Booting the kernel (entry_offset: 0x0000000000000000).
[    0.000000] Linux version 6.8.0-rc5-virtme (root@212df29137ad) (gcc (Alpine 13.2.1_git20231014) 13.2.1 20231014, GNU ld (GNU Binutils) 2.42) #1 SMP PREEMPT_DYNAMIC Sat Feb 24 18:06:07 UTC 2024
[    0.000000] Command line: virtme_hostname=virtme-ng virtme_link_mods=/nipa-data/kernel/.virtme_mods/lib/modules/0.0.0 virtme_initmount0=nipa-data/kernel virtme_rw_overlay0=/etc virtme_rw_overlay1=/lib virtme_rw_overlay2=/home virtme_rw_overlay3=/opt virtme_rw_overlay4=/srv virtme_rw_overlay5=/usr virtme_rw_overlay6=/var earlyprintk=serial,ttyS0,115200 console=ttyS0 psmouse.proto=exps TERM=xterm virtme_chdir=nipa-data/kernel virtme_root_user=1 rootfstype=9p rootflags=version=9p2000.L,trans=virtio,access=any raid=noautodetect ro init=/usr/lib/python3.11/site-packages/virtme/guest/virtme-init
[    0.000000] BIOS-provided physical RAM map:
[    0.000000] BIOS-e820: [mem 0x0000000000000000-0x000000000009fbff] usable
[    0.000000] BIOS-e820: [mem 0x000000000009fc00-0x000000000009ffff] reserved
[    0.000000] BIOS-e820: [mem 0x00000000000f0000-0x00000000000fffff] reserved
[    0.000000] BIOS-e820: [mem 0x0000000000100000-0x000000003ffdffff] usable
[    0.000000] BIOS-e820: [mem 0x000000003ffe0000-0x000000003fffffff] reserved
[    0.000000] BIOS-e820: [mem 0x00000000feffc000-0x00000000feffffff] reserved
[    0.000000] BIOS-e820: [mem 0x00000000fffc0000-0x00000000ffffffff] reserved
[    0.000000] BIOS-e820: [mem 0x000000fd00000000-0x000000ffffffffff] reserved
[    0.000000] printk: legacy bootconsole [earlyser0] enabled
[    0.000000] NX (Execute Disable) protection: active
[    0.000000] APIC: Static calls initialized
[    0.000000] SMBIOS 3.0.0 present.
[    0.000000] DMI: QEMU Standard PC (i440FX + PIIX, 1996), BIOS rel-1.16.3-0-ga6ed6b701f0a-prebuilt.qemu.org 04/01/2014
[    0.000000] Hypervisor detected: KVM
[    0.000000] kvm-clock: Using msrs 4b564d01 and 4b564d00
[    0.000000] kvm-clock: using sched offset of 230654921 cycles
[    0.000380] clocksource: kvm-clock: mask: 0xffffffffffffffff max_cycles: 0x1cd42e4dffb, max_idle_ns: 881590591483 ns
[    0.001569] tsc: Detected 4491.536 MHz processor
[    0.002167] last_pfn = 0x3ffe0 max_arch_pfn = 0x400000000
[    0.002584] MTRR map: 4 entries (3 fixed + 1 variable; max 19), built from 8 variable MTRRs
[    0.003196] x86/PAT: Configuration [0-7]: WB  WC  UC- UC  WB  WP  UC- WT  
Memory KASLR using RDRAND RDTSC...
[    0.005219] found SMP MP-table at [mem 0x000f5470-0x000f547f]
[    0.005641] Using GB pages for direct mapping
[    0.006006] ACPI: Early table checksum verification disabled
[    0.006416] ACPI: RSDP 0x00000000000F5290 000014 (v00 BOCHS )
[    0.006834] ACPI: RSDT 0x000000003FFE27B6 000034 (v01 BOCHS  BXPC     00000001 BXPC 00000001)
[    0.007459] ACPI: FACP 0x000000003FFE2572 000074 (v01 BOCHS  BXPC     00000001 BXPC 00000001)
[    0.008083] ACPI: DSDT 0x000000003FFE0040 002532 (v01 BOCHS  BXPC     00000001 BXPC 00000001)
[    0.008706] ACPI: FACS 0x000000003FFE0000 000040
[    0.009042] ACPI: APIC 0x000000003FFE25E6 000170 (v03 BOCHS  BXPC     00000001 BXPC 00000001)
[    0.009662] ACPI: HPET 0x000000003FFE2756 000038 (v01 BOCHS  BXPC     00000001 BXPC 00000001)
[    0.010283] ACPI: WAET 0x000000003FFE278E 000028 (v01 BOCHS  BXPC     00000001 BXPC 00000001)
[    0.010904] ACPI: Reserving FACP table memory at [mem 0x3ffe2572-0x3ffe25e5]
[    0.011421] ACPI: Reserving DSDT table memory at [mem 0x3ffe0040-0x3ffe2571]
[    0.011935] ACPI: Reserving FACS table memory at [mem 0x3ffe0000-0x3ffe003f]
[    0.012447] ACPI: Reserving APIC table memory at [mem 0x3ffe25e6-0x3ffe2755]
[    0.012961] ACPI: Reserving HPET table memory at [mem 0x3ffe2756-0x3ffe278d]
[    0.013475] ACPI: Reserving WAET table memory at [mem 0x3ffe278e-0x3ffe27b5]
[    0.014164] No NUMA configuration found
[    0.014445] Faking a node at [mem 0x0000000000000000-0x000000003ffdffff]
[    0.014933] NODE_DATA(0) allocated [mem 0x3ffdb000-0x3ffdffff]
[    0.015370] Zone ranges:
[    0.015554]   DMA      [mem 0x0000000000001000-0x0000000000ffffff]
[    0.016005]   DMA32    [mem 0x0000000001000000-0x000000003ffdffff]
[    0.016455]   Normal   empty
[    0.016665]   Device   empty
[    0.016874] Movable zone start for each node
[    0.017183] Early memory node ranges
[    0.017442]   node   0: [mem 0x0000000000001000-0x000000000009efff]
[    0.017897]   node   0: [mem 0x0000000000100000-0x000000003ffdffff]
[    0.018352] Initmem setup node 0 [mem 0x0000000000001000-0x000000003ffdffff]
[    0.018866] On node 0, zone DMA: 1 pages in unavailable ranges
[    0.019301] On node 0, zone DMA: 97 pages in unavailable ranges
[    0.020696] On node 0, zone DMA32: 32 pages in unavailable ranges
[    0.021328] ACPI: PM-Timer IO Port: 0x608
[    0.021623] ACPI: LAPIC_NMI (acpi_id[0xff] dfl dfl lint[0x1])
[    0.022057] IOAPIC[0]: apic_id 0, version 17, address 0xfec00000, GSI 0-23
[    0.022559] ACPI: INT_SRC_OVR (bus 0 bus_irq 0 global_irq 2 dfl dfl)
[    0.023028] ACPI: INT_SRC_OVR (bus 0 bus_irq 5 global_irq 5 high level)
[    0.023511] ACPI: INT_SRC_OVR (bus 0 bus_irq 9 global_irq 9 high level)
[    0.023993] ACPI: INT_SRC_OVR (bus 0 bus_irq 10 global_irq 10 high level)
[    0.024488] ACPI: INT_SRC_OVR (bus 0 bus_irq 11 global_irq 11 high level)
[    0.024984] ACPI: Using ACPI (MADT) for SMP configuration information
[    0.025453] ACPI: HPET id: 0x8086a201 base: 0xfed00000
[    0.025828] TSC deadline timer available
[    0.026112] smpboot: Allowing 32 CPUs, 0 hotplug CPUs
[    0.026486] kvm-guest: APIC: eoi() replaced with kvm_guest_apic_eoi_write()
[    0.027002] kvm-guest: KVM setup pv remote TLB flush
[    0.027369] kvm-guest: setup PV sched yield
[    0.027677] PM: hibernation: Registered nosave memory: [mem 0x00000000-0x00000fff]
[    0.028231] PM: hibernation: Registered nosave memory: [mem 0x0009f000-0x0009ffff]
[    0.028784] PM: hibernation: Registered nosave memory: [mem 0x000a0000-0x000effff]
[    0.029333] PM: hibernation: Registered nosave memory: [mem 0x000f0000-0x000fffff]
[    0.029884] [mem 0x40000000-0xfeffbfff] available for PCI devices
[    0.030327] Booting paravirtualized kernel on KVM
[    0.030670] clocksource: refined-jiffies: mask: 0xffffffff max_cycles: 0xffffffff, max_idle_ns: 1910969940391419 ns
[    0.034259] setup_percpu: NR_CPUS:64 nr_cpumask_bits:32 nr_cpu_ids:32 nr_node_ids:1
[    0.035393] percpu: Embedded 56 pages/cpu s191784 r8192 d29400 u262144
[    0.035898] Kernel command line: virtme_hostname=virtme-ng virtme_link_mods=/nipa-data/kernel/.virtme_mods/lib/modules/0.0.0 virtme_initmount0=nipa-data/kernel virtme_rw_overlay0=/etc virtme_rw_overlay1=/lib virtme_rw_overlay2=/home virtme_rw_overlay3=/opt virtme_rw_overlay4=/srv virtme_rw_overlay5=/usr virtme_rw_overlay6=/var earlyprintk=serial,ttyS0,115200 console=ttyS0 psmouse.proto=exps TERM=xterm virtme_chdir=nipa-data/kernel virtme_root_user=1 rootfstype=9p rootflags=version=9p2000.L,trans=virtio,access=any raid=noautodetect ro init=/usr/lib/python3.11/site-packages/virtme/guest/virtme-init
[    0.039923] Unknown kernel command line parameters "virtme_hostname=virtme-ng virtme_link_mods=/nipa-data/kernel/.virtme_mods/lib/modules/0.0.0 virtme_initmount0=nipa-data/kernel virtme_rw_overlay0=/etc virtme_rw_overlay1=/lib virtme_rw_overlay2=/home virtme_rw_overlay3=/opt virtme_rw_overlay4=/srv virtme_rw_overlay5=/usr virtme_rw_overlay6=/var virtme_chdir=nipa-data/kernel virtme_root_user=1", will be passed to user space.
[    0.042935] random: crng init done
[    0.043246] Dentry cache hash table entries: 131072 (order: 8, 1048576 bytes, linear)
[    0.043858] Inode-cache hash table entries: 65536 (order: 7, 524288 bytes, linear)
[    0.044514] Fallback order for Node 0: 0 
[    0.044516] Built 1 zonelists, mobility grouping on.  Total pages: 257760
[    0.045325] Policy zone: DMA32
[    0.045554] mem auto-init: stack:all(zero), heap alloc:off, heap free:off
[    0.046803] Memory: 986872K/1048056K available (16384K kernel code, 2349K rwdata, 5932K rodata, 2992K init, 2336K bss, 60924K reserved, 0K cma-reserved)
[    0.047879] SLUB: HWalign=64, Order=0-3, MinObjects=0, CPUs=32, Nodes=1
Poking KASLR using RDRAND RDTSC...
[    0.048621] ftrace: allocating 46285 entries in 181 pages
[    0.055350] ftrace: allocated 181 pages with 5 groups
[    0.056316] Dynamic Preempt: voluntary
[    0.056722] rcu: Preemptible hierarchical RCU implementation.
[    0.057152] rcu: RCU event tracing is enabled.
[    0.057490] rcu: RCU restricting CPUs from NR_CPUS=64 to nr_cpu_ids=32.
[    0.057990] Trampoline variant of Tasks RCU enabled.
[    0.058367] Rude variant of Tasks RCU enabled.
[    0.058704] Tracing variant of Tasks RCU enabled.
[    0.059066] rcu: RCU calculated value of scheduler-enlistment delay is 100 jiffies.
[    0.059640] rcu: Adjusting geometry for rcu_fanout_leaf=16, nr_cpu_ids=32
[    0.061405] NR_IRQS: 4352, nr_irqs: 680, preallocated irqs: 16
[    0.062112] rcu: srcu_init: Setting srcu_struct sizes based on contention.
[    0.062755] Console: colour *CGA 80x25
[    0.063055] printk: legacy console [ttyS0] enabled
[    0.063055] printk: legacy console [ttyS0] enabled
[    0.063771] printk: legacy bootconsole [earlyser0] disabled
[    0.063771] printk: legacy bootconsole [earlyser0] disabled
[    0.064612] ACPI: Core revision 20230628
[    0.064981] clocksource: hpet: mask: 0xffffffff max_cycles: 0xffffffff, max_idle_ns: 19112604467 ns
[    0.065722] APIC: Switch to symmetric I/O mode setup
[    0.066129] APIC: Switched APIC routing to: physical flat
[    0.066536] kvm-guest: APIC: send_IPI_mask() replaced with kvm_send_ipi_mask()
[    0.067081] kvm-guest: APIC: send_IPI_mask_allbutself() replaced with kvm_send_ipi_mask_allbutself()
[    0.067777] kvm-guest: setup PV IPIs
[    0.068819] ..TIMER: vector=0x30 apic1=0 pin1=2 apic2=-1 pin2=-1
[    0.069612] tsc: Marking TSC unstable due to TSCs unsynchronized
[    0.070539] Calibrating delay loop (skipped) preset value.. 8983.07 BogoMIPS (lpj=4491536)
[    0.071605] x86/cpu: User Mode Instruction Prevention (UMIP) activated
[    0.072596] Last level iTLB entries: 4KB 512, 2MB 255, 4MB 127
[    0.073536] Last level dTLB entries: 4KB 512, 2MB 255, 4MB 127, 1GB 0
[    0.074539] Spectre V1 : Mitigation: usercopy/swapgs barriers and __user pointer sanitization
[    0.075540] Spectre V2 : Mitigation: Enhanced / Automatic IBRS
[    0.076536] Spectre V2 : Spectre v2 / SpectreRSB mitigation: Filling RSB on context switch
[    0.077537] Spectre V2 : mitigation: Enabling conditional Indirect Branch Prediction Barrier
[    0.078537] Speculative Store Bypass: Mitigation: Speculative Store Bypass disabled via prctl
[    0.079536] Speculative Return Stack Overflow: IBPB-extending microcode not applied!
[    0.080536] Speculative Return Stack Overflow: WARNING: See https://kernel.org/doc/html/latest/admin-guide/hw-vuln/srso.html for mitigation options.
[    0.080537] Speculative Return Stack Overflow: Vulnerable: Safe RET, no microcode
[    0.082551] x86/fpu: Supporting XSAVE feature 0x001: 'x87 floating point registers'
[    0.083536] x86/fpu: Supporting XSAVE feature 0x002: 'SSE registers'
[    0.084536] x86/fpu: Supporting XSAVE feature 0x004: 'AVX registers'
[    0.085342] x86/fpu: Supporting XSAVE feature 0x020: 'AVX-512 opmask'
[    0.085536] x86/fpu: Supporting XSAVE feature 0x040: 'AVX-512 Hi256'
[    0.086536] x86/fpu: Supporting XSAVE feature 0x080: 'AVX-512 ZMM_Hi256'
[    0.087536] x86/fpu: Supporting XSAVE feature 0x200: 'Protection Keys User registers'
[    0.088536] x86/fpu: xstate_offset[2]:  576, xstate_sizes[2]:  256
[    0.089536] x86/fpu: xstate_offset[5]:  832, xstate_sizes[5]:   64
[    0.090536] x86/fpu: xstate_offset[6]:  896, xstate_sizes[6]:  512
[    0.091317] x86/fpu: xstate_offset[7]: 1408, xstate_sizes[7]: 1024
[    0.091536] x86/fpu: xstate_offset[9]: 2432, xstate_sizes[9]:    8
[    0.092536] x86/fpu: Enabled xstate features 0x2e7, context size is 2440 bytes, using 'compacted' format.
[    0.108237] Freeing SMP alternatives memory: 40K
[    0.108537] pid_max: default: 32768 minimum: 301
[    0.109149] Mount-cache hash table entries: 2048 (order: 2, 16384 bytes, linear)
[    0.109537] Mountpoint-cache hash table entries: 2048 (order: 2, 16384 bytes, linear)
[    0.111598] smpboot: CPU0: AMD Ryzen 9 7950X 16-Core Processor (family: 0x19, model: 0x61, stepping: 0x2)
[    0.112618] RCU Tasks: Setting shift to 5 and lim to 1 rcu_task_cb_adjust=1.
[    0.113521] RCU Tasks Rude: Setting shift to 5 and lim to 1 rcu_task_cb_adjust=1.
[    0.113546] RCU Tasks Trace: Setting shift to 5 and lim to 1 rcu_task_cb_adjust=1.
[    0.114512] Performance Events: Fam17h+ core perfctr, AMD PMU driver.
[    0.114540] ... version:                0
[    0.115051] ... bit width:              48
[    0.115538] ... generic registers:      6
[    0.116050] ... value mask:             0000ffffffffffff
[    0.116538] ... max period:             00007fffffffffff
[    0.117214] ... fixed-purpose events:   0
[    0.117538] ... event mask:             000000000000003f
[    0.118279] signal: max sigframe size: 3376
[    0.118553] rcu: Hierarchical SRCU implementation.
[    0.119166] rcu: Max phase no-delay instances is 400.
[    0.121785] smp: Bringing up secondary CPUs ...
[    0.122416] smpboot: x86: Booting SMP configuration:
[    0.122539] .... node  #0, CPUs:        #1  #2  #3  #4  #5  #6  #7  #8  #9 #10 #11 #12 #13 #14 #15 #16 #17 #18 #19 #20 #21 #22 #23 #24 #25 #26 #27 #28 #29 #30 #31
[    0.144539] smp: Brought up 1 node, 32 CPUs
[    0.146236] smpboot: Max logical packages: 1
[    0.146539] smpboot: Total of 32 processors activated (287458.30 BogoMIPS)
[    0.149603] devtmpfs: initialized
[    0.150119] x86/mm: Memory block size: 128MB
[    0.151454] clocksource: jiffies: mask: 0xffffffff max_cycles: 0xffffffff, max_idle_ns: 1911260446275000 ns
[    0.152545] futex hash table entries: 8192 (order: 7, 524288 bytes, linear)
[    0.153735] PM: RTC time: 18:06:35, date: 2024-02-24
[    0.154924] NET: Registered PF_NETLINK/PF_ROUTE protocol family
[    0.155690] thermal_sys: Registered thermal governor 'step_wise'
[    0.155692] thermal_sys: Registered thermal governor 'user_space'
[    0.156572] cpuidle: using governor menu
[    0.158783] PCI: Using configuration type 1 for base access
[    0.159539] PCI: Using configuration type 1 for extended access
[    0.160591] kprobes: kprobe jump-optimization is enabled. All kprobes are optimized if possible.
[    0.180780] HugeTLB: registered 1.00 GiB page size, pre-allocated 0 pages
[    0.181538] HugeTLB: 16380 KiB vmemmap can be freed for a 1.00 GiB page
[    0.182388] HugeTLB: registered 2.00 MiB page size, pre-allocated 0 pages
[    0.183538] HugeTLB: 28 KiB vmemmap can be freed for a 2.00 MiB page
[    0.184574] ACPI: Added _OSI(Module Device)
[    0.185133] ACPI: Added _OSI(Processor Device)
[    0.185538] ACPI: Added _OSI(3.0 _SCP Extensions)
[    0.186152] ACPI: Added _OSI(Processor Aggregator Device)
[    0.188226] ACPI: 1 ACPI AML tables successfully acquired and loaded
[    0.189554] ACPI: _OSC evaluation for CPUs failed, trying _PDC
[    0.190669] ACPI: Interpreter enabled
[    0.191161] ACPI: PM: (supports S0 S3 S4 S5)
[    0.191538] ACPI: Using IOAPIC for interrupt routing
[    0.192195] PCI: Using host bridge windows from ACPI; if necessary, use "pci=nocrs" and report a bug
[    0.193538] PCI: Using E820 reservations for host bridge windows
[    0.194417] ACPI: Enabled 2 GPEs in block 00 to 0F
[    0.197163] ACPI: PCI Root Bridge [PCI0] (domain 0000 [bus 00-ff])
[    0.198541] acpi PNP0A03:00: _OSC: OS supports [ExtendedConfig ASPM ClockPM Segments MSI HPX-Type3]
[    0.199627] PCI host bridge to bus 0000:00
[    0.200161] pci_bus 0000:00: root bus resource [io  0x0000-0x0cf7 window]
[    0.200538] pci_bus 0000:00: root bus resource [io  0x0d00-0xffff window]
[    0.201401] pci_bus 0000:00: root bus resource [mem 0x000a0000-0x000bffff window]
[    0.202538] pci_bus 0000:00: root bus resource [mem 0x40000000-0xfebfffff window]
[    0.203502] pci_bus 0000:00: root bus resource [mem 0x100000000-0x17fffffff window]
[    0.204538] pci_bus 0000:00: root bus resource [bus 00-ff]
[    0.205332] pci 0000:00:00.0: [8086:1237] type 00 class 0x060000 conventional PCI endpoint
[    0.206784] pci 0000:00:01.0: [8086:7000] type 00 class 0x060100 conventional PCI endpoint
[    0.207857] pci 0000:00:01.1: [8086:7010] type 00 class 0x010180 conventional PCI endpoint
[    0.211539] pci 0000:00:01.1: BAR 4 [io  0xc080-0xc08f]
[    0.212994] pci 0000:00:01.1: BAR 0 [io  0x01f0-0x01f7]: legacy IDE quirk
[    0.214538] pci 0000:00:01.1: BAR 1 [io  0x03f6]: legacy IDE quirk
[    0.215328] pci 0000:00:01.1: BAR 2 [io  0x0170-0x0177]: legacy IDE quirk
[    0.215538] pci 0000:00:01.1: BAR 3 [io  0x0376]: legacy IDE quirk
[    0.216423] pci 0000:00:01.3: [8086:7113] type 00 class 0x068000 conventional PCI endpoint
[    0.217779] pci 0000:00:01.3: quirk: [io  0x0600-0x063f] claimed by PIIX4 ACPI
[    0.218542] pci 0000:00:01.3: quirk: [io  0x0700-0x070f] claimed by PIIX4 SMB
[    0.220703] pci 0000:00:02.0: [1af4:1009] type 00 class 0x000200 conventional PCI endpoint
[    0.223538] pci 0000:00:02.0: BAR 0 [io  0xc000-0xc03f]
[    0.225216] pci 0000:00:02.0: BAR 1 [mem 0xfebfd000-0xfebfdfff]
[    0.229539] pci 0000:00:02.0: BAR 4 [mem 0xfebf4000-0xfebf7fff 64bit pref]
[    0.233150] pci 0000:00:03.0: [1af4:1009] type 00 class 0x000200 conventional PCI endpoint
[    0.235538] pci 0000:00:03.0: BAR 0 [io  0xc040-0xc07f]
[    0.238155] pci 0000:00:03.0: BAR 1 [mem 0xfebfe000-0xfebfefff]
[    0.244019] pci 0000:00:03.0: BAR 4 [mem 0xfebf8000-0xfebfbfff 64bit pref]
[    0.247070] pci 0000:00:04.0: [8086:25ab] type 00 class 0x088000 conventional PCI endpoint
[    0.248058] pci 0000:00:04.0: BAR 0 [mem 0xfebff000-0xfebff00f]
[    0.252499] ACPI: PCI: Interrupt link LNKA configured for IRQ 10
[    0.253648] ACPI: PCI: Interrupt link LNKB configured for IRQ 10
[    0.255645] ACPI: PCI: Interrupt link LNKC configured for IRQ 11
[    0.256506] ACPI: PCI: Interrupt link LNKD configured for IRQ 11
[    0.256609] ACPI: PCI: Interrupt link LNKS configured for IRQ 9
[    0.258235] iommu: Default domain type: Translated
[    0.259538] iommu: DMA domain TLB invalidation policy: lazy mode
[    0.260350] SCSI subsystem initialized
[    0.260570] pps_core: LinuxPPS API ver. 1 registered
[    0.261213] pps_core: Software ver. 5.3.6 - Copyright 2005-2007 Rodolfo Giometti <giometti@linux.it>
[    0.262541] PTP clock support registered
[    0.263061] Advanced Linux Sound Architecture Driver Initialized.
[    0.263930] NET: Registered PF_ATMPVC protocol family
[    0.264538] NET: Registered PF_ATMSVC protocol family
[    0.265192] PCI: Using ACPI for IRQ routing
[    0.266556] vgaarb: loaded
[    0.266894] hpet0: at MMIO 0xfed00000, IRQs 2, 8, 0
[    0.267538] hpet0: 3 comparators, 64-bit 100.000000 MHz counter
[    0.273514] clocksource: Switched to clocksource kvm-clock
[    0.274333] VFS: Disk quotas dquot_6.6.0
[    0.274921] VFS: Dquot-cache hash table entries: 512 (order 0, 4096 bytes)
[    0.275822] pnp: PnP ACPI init
[    0.276400] pnp: PnP ACPI: found 5 devices
[    0.284002] clocksource: acpi_pm: mask: 0xffffff max_cycles: 0xffffff, max_idle_ns: 2085701024 ns
[    0.285168] NET: Registered PF_INET protocol family
[    0.285806] IP idents hash table entries: 16384 (order: 5, 131072 bytes, linear)
[    0.286894] tcp_listen_portaddr_hash hash table entries: 512 (order: 1, 8192 bytes, linear)
[    0.287966] Table-perturb hash table entries: 65536 (order: 6, 262144 bytes, linear)
[    0.288955] TCP established hash table entries: 8192 (order: 4, 65536 bytes, linear)
[    0.289944] TCP bind hash table entries: 8192 (order: 6, 262144 bytes, linear)
[    0.290964] TCP: Hash tables configured (established 8192 bind 8192)
[    0.291789] UDP hash table entries: 512 (order: 2, 16384 bytes, linear)
[    0.292635] UDP-Lite hash table entries: 512 (order: 2, 16384 bytes, linear)
[    0.293557] NET: Registered PF_UNIX/PF_LOCAL protocol family
[    0.294285] pci_bus 0000:00: resource 4 [io  0x0000-0x0cf7 window]
[    0.295077] pci_bus 0000:00: resource 5 [io  0x0d00-0xffff window]
[    0.295860] pci_bus 0000:00: resource 6 [mem 0x000a0000-0x000bffff window]
[    0.296735] pci_bus 0000:00: resource 7 [mem 0x40000000-0xfebfffff window]
[    0.297612] pci_bus 0000:00: resource 8 [mem 0x100000000-0x17fffffff window]
[    0.298530] pci 0000:00:01.0: PIIX3: Enabling Passive Release
[    0.299271] pci 0000:00:00.0: Limiting direct PCI/PCI transfers
[    0.300059] PCI: CLS 0 bytes, default 64
[    0.300606] kvm_intel: VMX not supported by CPU 5
[    0.301231] kvm_amd: TSC scaling supported
[    0.301759] kvm_amd: Nested Virtualization enabled
[    0.302373] kvm_amd: Nested Paging enabled
[    0.302911] kvm_amd: Virtual VMLOAD VMSAVE supported
[    0.303541] kvm_amd: Virtual GIF supported
[    0.304067] kvm_amd: Virtual NMI enabled
[    0.304565] kvm_amd: LBR virtualization supported
[    0.387754] workingset: timestamp_bits=56 max_order=18 bucket_order=0
[    0.388624] squashfs: version 4.0 (2009/01/31) Phillip Lougher
[    0.389385] fuse: init (API version 7.39)
[    0.389942] 9p: Installing v9fs 9p2000 file system support
[    0.390677] Key type asymmetric registered
[    0.391222] Block layer SCSI generic (bsg) driver version 0.4 loaded (major 249)
[    0.392187] io scheduler mq-deadline registered
[    0.392768] io scheduler kyber registered
[    0.394243] input: Power Button as /devices/LNXSYSTM:00/LNXPWRBN:00/input/input0
[    0.395284] ACPI: button: Power Button [PWRF]
[    0.395868] Warning: Processor Platform Limit event detected, but not handled.
[    0.396797] Consider compiling CPUfreq support into your kernel.
[    0.413743] ACPI: \_SB_.LNKB: Enabled at IRQ 10
[    0.430301] ACPI: \_SB_.LNKC: Enabled at IRQ 11
[    0.431516] Serial: 8250/16550 driver, 4 ports, IRQ sharing enabled
[    0.432430] 00:03: ttyS0 at I/O 0x3f8 (irq = 4, base_baud = 115200) is a 16550A
[    0.433798] Non-volatile memory driver v1.3
[    0.434346] Linux agpgart interface v0.103
[    0.434914] ACPI: bus type drm_connector registered
[    0.439781] loop: module loaded
[    0.440810] scsi host0: ata_piix
[    0.441386] scsi host1: ata_piix
[    0.441818] ata1: PATA max MWDMA2 cmd 0x1f0 ctl 0x3f6 bmdma 0xc080 irq 14 lpm-pol 0
[    0.442808] ata2: PATA max MWDMA2 cmd 0x170 ctl 0x376 bmdma 0xc088 irq 15 lpm-pol 0
[    0.444095] i8042: PNP: PS/2 Controller [PNP0303:KBD,PNP0f13:MOU] at 0x60,0x64 irq 1,12
[    0.445731] serio: i8042 KBD port at 0x60,0x64 irq 1
[    0.446375] serio: i8042 AUX port at 0x60,0x64 irq 12
[    0.447324] input: AT Translated Set 2 keyboard as /devices/platform/i8042/serio0/input/input1
[    0.447938] rtc_cmos 00:04: RTC can wake from S4
[    0.449279] rtc_cmos 00:04: registered as rtc0
[    0.450155] rtc_cmos 00:04: setting system clock to 2024-02-24T18:06:35 UTC (1708797995)
[    0.452049] rtc_cmos 00:04: alarms up to one day, y3k, 242 bytes nvram, hpet irqs
[    0.452356] input: ImExPS/2 Generic Explorer Mouse as /devices/platform/i8042/serio1/input/input3
[    0.453415] i6300ESB timer 0000:00:04.0: initialized. heartbeat=30 sec (nowayout=0)
[    0.455256] device-mapper: ioctl: 4.48.0-ioctl (2023-03-01) initialised: dm-devel@redhat.com
[    0.456508] NET: Registered PF_PACKET protocol family
[    0.457161] 9pnet: Installing 9P2000 support
[    0.458429] Key type dns_resolver registered
[    0.460672] IPI shorthand broadcast: enabled
[    0.463091] sched_clock: Marking stable (459001061, 3904546)->(475360646, -12455039)
[    0.464244] registered taskstats version 1
[    0.465883] PM:   Magic number: 12:752:140
[    0.466435] acpi device:11: hash matches
[    0.466948] printk: legacy console [netcon0] enabled
[    0.467573] netconsole: network logging started
[    0.468196] ALSA device list:
[    0.468573]   No soundcards found.
[    0.602296] ata2: found unknown device (class 0)
[    0.603386] ata2.00: ATAPI: QEMU DVD-ROM, 2.5+, max UDMA/100
[    0.604918] scsi 1:0:0:0: CD-ROM            QEMU     QEMU DVD-ROM     2.5+ PQ: 0 ANSI: 5
[    0.613330] scsi 1:0:0:0: Attached scsi generic sg0 type 5
[    0.614095] md: Skipping autodetection of RAID arrays. (raid=autodetect will force)
[    0.615205] 9pnet_virtio: no channels available for device 
[    0.616409] VFS: Mounted root (9p filesystem) readonly on device 0:19.
[    0.617490] devtmpfs: mounted
[    0.618667] Freeing unused kernel image (initmem) memory: 2992K
[    0.627910] Write protecting the kernel read-only data: 22528k
[    0.629054] Freeing unused kernel image (rodata/data gap) memory: 212K
[    0.663496] x86/mm: Checked W+X mappings: passed, no W+X pages found.
[    0.664250] Run /usr/lib/python3.11/site-packages/virtme/guest/virtme-init as init process
[    0.684690] mount (241) used greatest stack depth: 13480 bytes left
[    0.737398] mount (259) used greatest stack depth: 13064 bytes left
[    0.794072] sed (307) used greatest stack depth: 12968 bytes left
[    0.801535] virtme-init: basic initialization done
[    0.806309] virtme-init: udevd not found
[    0.850727] virtme-init: Setting hostname to virtme-ng...
[    0.860914] ip (333) used greatest stack depth: 12864 bytes left
          _      _                                    
   __   _(_)_ __| |_ _ __ ___   ___       _ __   __ _ 
   \ \ / / |  __| __|  _   _ \ / _ \_____|  _ \ / _  |
    \ V /| | |  | |_| | | | | |  __/_____| | | | (_| |
     \_/ |_|_|   \__|_| |_| |_|\___|     |_| |_|\__  |
                                                |___/ 
   kernel version: 6.8.0-rc5-virtme x86_64

virtme-ng:/nipa-data/kernel# PS1='xx__-> '
xx__-> env
PWD=/nipa-data/kernel
HOME=/
TERM=xterm
SHLVL=2
XDG_RUNTIME_DIR=/run/user/0
PATH=/bin:/sbin:/usr/bin:/usr/sbin:/usr/local/bin
OLDPWD=/
_=/usr/bin/env
xx__-> 