No EFI environment detected.
early console in extract_kernel
input_data: 0x000000000305f2b9
input_len: 0x0000000000b840d6
output: 0x0000000001000000
output_len: 0x000000000252f3ec
kernel_total_size: 0x0000000002c30000
needed_size: 0x0000000002e00000
trampoline_32bit: 0x0000000000000000
Physical KASLR using RDRAND RDTSC...
Virtual KASLR using RDRAND RDTSC...

Decompressing Linux... Parsing ELF... Performing relocations... done.
Booting the kernel (entry_offset: 0x0000000000000000).
[    0.000000] Linux version 6.8.0-rc3-virtme (root@a2f54d9f7e9c) (gcc (Alpine 13.2.1_git20231014) 13.2.1 20231014, GNU ld (GNU Binutils) 2.41) #1 SMP PREEMPT_DYNAMIC Tue Feb 13 12:07:01 UTC 2024
[    0.000000] Command line: virtme_hostname=virtme-ng virtme_link_mods=/nipa-data/kernel/.virtme_mods/lib/modules/0.0.0 virtme_initmount0=nipa-data/kernel virtme_rw_overlay0=/etc virtme_rw_overlay1=/lib virtme_rw_overlay2=/home virtme_rw_overlay3=/opt virtme_rw_overlay4=/srv virtme_rw_overlay5=/usr virtme_rw_overlay6=/var earlyprintk=serial,ttyS0,115200 console=ttyS0 psmouse.proto=exps TERM=xterm virtme_chdir=nipa-data/kernel virtme_root_user=1 rootfstype=9p rootflags=version=9p2000.L,trans=virtio,access=any raid=noautodetect ro init=/usr/lib/python3.11/site-packages/virtme/guest/virtme-init
[    0.000000] BIOS-provided physical RAM map:
[    0.000000] BIOS-e820: [mem 0x0000000000000000-0x000000000009fbff] usable
[    0.000000] BIOS-e820: [mem 0x000000000009fc00-0x000000000009ffff] reserved
[    0.000000] BIOS-e820: [mem 0x00000000000f0000-0x00000000000fffff] reserved
[    0.000000] BIOS-e820: [mem 0x0000000000100000-0x000000003ffdffff] usable
[    0.000000] BIOS-e820: [mem 0x000000003ffe0000-0x000000003fffffff] reserved
[    0.000000] BIOS-e820: [mem 0x00000000feffc000-0x00000000feffffff] reserved
[    0.000000] BIOS-e820: [mem 0x00000000fffc0000-0x00000000ffffffff] reserved
[    0.000000] BIOS-e820: [mem 0x000000fd00000000-0x000000ffffffffff] reserved
[    0.000000] printk: legacy bootconsole [earlyser0] enabled
[    0.000000] NX (Execute Disable) protection: active
[    0.000000] APIC: Static calls initialized
[    0.000000] SMBIOS 3.0.0 present.
[    0.000000] DMI: QEMU Standard PC (i440FX + PIIX, 1996), BIOS rel-1.16.3-0-ga6ed6b701f0a-prebuilt.qemu.org 04/01/2014
[    0.000000] Hypervisor detected: KVM
[    0.000000] kvm-clock: Using msrs 4b564d01 and 4b564d00
[    0.000001] kvm-clock: using sched offset of 254762340 cycles
[    0.000478] clocksource: kvm-clock: mask: 0xffffffffffffffff max_cycles: 0x1cd42e4dffb, max_idle_ns: 881590591483 ns
[    0.001961] tsc: Detected 4491.536 MHz processor
[    0.002735] last_pfn = 0x3ffe0 max_arch_pfn = 0x400000000
[    0.003253] MTRR map: 4 entries (3 fixed + 1 variable; max 19), built from 8 variable MTRRs
[    0.004006] x86/PAT: Configuration [0-7]: WB  WC  UC- UC  WB  WP  UC- WT  
Memory KASLR using RDRAND RDTSC...
[    0.006438] found SMP MP-table at [mem 0x000f5470-0x000f547f]
[    0.006962] Using GB pages for direct mapping
[    0.007437] ACPI: Early table checksum verification disabled
[    0.007949] ACPI: RSDP 0x00000000000F5290 000014 (v00 BOCHS )
[    0.008470] ACPI: RSDT 0x000000003FFE27B6 000034 (v01 BOCHS  BXPC     00000001 BXPC 00000001)
[    0.009240] ACPI: FACP 0x000000003FFE2572 000074 (v01 BOCHS  BXPC     00000001 BXPC 00000001)
[    0.010015] ACPI: DSDT 0x000000003FFE0040 002532 (v01 BOCHS  BXPC     00000001 BXPC 00000001)
[    0.010789] ACPI: FACS 0x000000003FFE0000 000040
[    0.011210] ACPI: APIC 0x000000003FFE25E6 000170 (v03 BOCHS  BXPC     00000001 BXPC 00000001)
[    0.011982] ACPI: HPET 0x000000003FFE2756 000038 (v01 BOCHS  BXPC     00000001 BXPC 00000001)
[    0.012752] ACPI: WAET 0x000000003FFE278E 000028 (v01 BOCHS  BXPC     00000001 BXPC 00000001)
[    0.013524] ACPI: Reserving FACP table memory at [mem 0x3ffe2572-0x3ffe25e5]
[    0.014158] ACPI: Reserving DSDT table memory at [mem 0x3ffe0040-0x3ffe2571]
[    0.014792] ACPI: Reserving FACS table memory at [mem 0x3ffe0000-0x3ffe003f]
[    0.015431] ACPI: Reserving APIC table memory at [mem 0x3ffe25e6-0x3ffe2755]
[    0.016067] ACPI: Reserving HPET table memory at [mem 0x3ffe2756-0x3ffe278d]
[    0.016703] ACPI: Reserving WAET table memory at [mem 0x3ffe278e-0x3ffe27b5]
[    0.017512] No NUMA configuration found
[    0.017858] Faking a node at [mem 0x0000000000000000-0x000000003ffdffff]
[    0.018461] NODE_DATA(0) allocated [mem 0x3ffdb000-0x3ffdffff]
[    0.019000] Zone ranges:
[    0.019231]   DMA      [mem 0x0000000000001000-0x0000000000ffffff]
[    0.019789]   DMA32    [mem 0x0000000001000000-0x000000003ffdffff]
[    0.020349]   Normal   empty
[    0.020609]   Device   empty
[    0.020871] Movable zone start for each node
[    0.021257] Early memory node ranges
[    0.021581]   node   0: [mem 0x0000000000001000-0x000000000009efff]
[    0.022148]   node   0: [mem 0x0000000000100000-0x000000003ffdffff]
[    0.022714] Initmem setup node 0 [mem 0x0000000000001000-0x000000003ffdffff]
[    0.023356] On node 0, zone DMA: 1 pages in unavailable ranges
[    0.023896] On node 0, zone DMA: 97 pages in unavailable ranges
[    0.025582] On node 0, zone DMA32: 32 pages in unavailable ranges
[    0.026372] ACPI: PM-Timer IO Port: 0x608
[    0.026736] ACPI: LAPIC_NMI (acpi_id[0xff] dfl dfl lint[0x1])
[    0.027278] IOAPIC[0]: apic_id 0, version 17, address 0xfec00000, GSI 0-23
[    0.027901] ACPI: INT_SRC_OVR (bus 0 bus_irq 0 global_irq 2 dfl dfl)
[    0.028475] ACPI: INT_SRC_OVR (bus 0 bus_irq 5 global_irq 5 high level)
[    0.029069] ACPI: INT_SRC_OVR (bus 0 bus_irq 9 global_irq 9 high level)
[    0.029665] ACPI: INT_SRC_OVR (bus 0 bus_irq 10 global_irq 10 high level)
[    0.030276] ACPI: INT_SRC_OVR (bus 0 bus_irq 11 global_irq 11 high level)
[    0.030889] ACPI: Using ACPI (MADT) for SMP configuration information
[    0.031473] ACPI: HPET id: 0x8086a201 base: 0xfed00000
[    0.031939] TSC deadline timer available
[    0.032295] smpboot: Allowing 32 CPUs, 0 hotplug CPUs
[    0.032765] kvm-guest: APIC: eoi() replaced with kvm_guest_apic_eoi_write()
[    0.033401] kvm-guest: KVM setup pv remote TLB flush
[    0.033849] kvm-guest: setup PV sched yield
[    0.034231] PM: hibernation: Registered nosave memory: [mem 0x00000000-0x00000fff]
[    0.034912] PM: hibernation: Registered nosave memory: [mem 0x0009f000-0x0009ffff]
[    0.035596] PM: hibernation: Registered nosave memory: [mem 0x000a0000-0x000effff]
[    0.036276] PM: hibernation: Registered nosave memory: [mem 0x000f0000-0x000fffff]
[    0.036959] [mem 0x40000000-0xfeffbfff] available for PCI devices
[    0.037504] Booting paravirtualized kernel on KVM
[    0.037926] clocksource: refined-jiffies: mask: 0xffffffff max_cycles: 0xffffffff, max_idle_ns: 1910969940391419 ns
[    0.041853] setup_percpu: NR_CPUS:64 nr_cpumask_bits:32 nr_cpu_ids:32 nr_node_ids:1
[    0.043028] percpu: Embedded 58 pages/cpu s199904 r8192 d29472 u262144
[    0.043584] Kernel command line: virtme_hostname=virtme-ng virtme_link_mods=/nipa-data/kernel/.virtme_mods/lib/modules/0.0.0 virtme_initmount0=nipa-data/kernel virtme_rw_overlay0=/etc virtme_rw_overlay1=/lib virtme_rw_overlay2=/home virtme_rw_overlay3=/opt virtme_rw_overlay4=/srv virtme_rw_overlay5=/usr virtme_rw_overlay6=/var earlyprintk=serial,ttyS0,115200 console=ttyS0 psmouse.proto=exps TERM=xterm virtme_chdir=nipa-data/kernel virtme_root_user=1 rootfstype=9p rootflags=version=9p2000.L,trans=virtio,access=any raid=noautodetect ro init=/usr/lib/python3.11/site-packages/virtme/guest/virtme-init
[    0.047853] Unknown kernel command line parameters "virtme_hostname=virtme-ng virtme_link_mods=/nipa-data/kernel/.virtme_mods/lib/modules/0.0.0 virtme_initmount0=nipa-data/kernel virtme_rw_overlay0=/etc virtme_rw_overlay1=/lib virtme_rw_overlay2=/home virtme_rw_overlay3=/opt virtme_rw_overlay4=/srv virtme_rw_overlay5=/usr virtme_rw_overlay6=/var virtme_chdir=nipa-data/kernel virtme_root_user=1", will be passed to user space.
[    0.050959] random: crng init done
[    0.051262] Dentry cache hash table entries: 131072 (order: 8, 1048576 bytes, linear)
[    0.051885] Inode-cache hash table entries: 65536 (order: 7, 524288 bytes, linear)
[    0.052571] Fallback order for Node 0: 0 
[    0.052574] Built 1 zonelists, mobility grouping on.  Total pages: 257760
[    0.053407] Policy zone: DMA32
[    0.053642] mem auto-init: stack:all(zero), heap alloc:off, heap free:off
[    0.055664] Memory: 976376K/1048056K available (16384K kernel code, 2558K rwdata, 6072K rodata, 3156K init, 12004K bss, 71420K reserved, 0K cma-reserved)
[    0.056771] SLUB: HWalign=64, Order=0-3, MinObjects=0, CPUs=32, Nodes=1
Poking KASLR using RDRAND RDTSC...
[    0.057553] ftrace: allocating 46574 entries in 182 pages
[    0.064753] ftrace: allocated 182 pages with 5 groups
[    0.065953] Dynamic Preempt: voluntary
[    0.066446] Running RCU self tests
[    0.066711] Running RCU synchronous self tests
[    0.067061] rcu: Preemptible hierarchical RCU implementation.
[    0.067515] rcu: RCU event tracing is enabled.
[    0.067864] rcu: RCU lockdep checking is enabled.
[    0.068234] rcu: RCU restricting CPUs from NR_CPUS=64 to nr_cpu_ids=32.
[    0.068758] Trampoline variant of Tasks RCU enabled.
[    0.069150] Rude variant of Tasks RCU enabled.
[    0.069502] Tracing variant of Tasks RCU enabled.
[    0.069874] rcu: RCU calculated value of scheduler-enlistment delay is 100 jiffies.
[    0.070470] rcu: Adjusting geometry for rcu_fanout_leaf=16, nr_cpu_ids=32
[    0.071021] Running RCU synchronous self tests
[    0.072997] NR_IRQS: 4352, nr_irqs: 680, preallocated irqs: 16
[    0.073654] rcu: srcu_init: Setting srcu_struct sizes based on contention.
[    0.074391] Console: colour *CGA 80x25
[    0.074708] printk: legacy console [ttyS0] enabled
[    0.074708] printk: legacy console [ttyS0] enabled
[    0.075455] printk: legacy bootconsole [earlyser0] disabled
[    0.075455] printk: legacy bootconsole [earlyser0] disabled
[    0.076323] Lock dependency validator: Copyright (c) 2006 Red Hat, Inc., Ingo Molnar
[    0.076924] ... MAX_LOCKDEP_SUBCLASSES:  8
[    0.077247] ... MAX_LOCK_DEPTH:          48
[    0.077579] ... MAX_LOCKDEP_KEYS:        8192
[    0.077974] ... CLASSHASH_SIZE:          4096
[    0.078425] ... MAX_LOCKDEP_ENTRIES:     32768
[    0.078777] ... MAX_LOCKDEP_CHAINS:      65536
[    0.079124] ... CHAINHASH_SIZE:          32768
[    0.079477]  memory used by lock dependency info: 6429 kB
[    0.079897]  memory used for stack traces: 4224 kB
[    0.080272]  per task-struct memory footprint: 1920 bytes
[    0.080709] ACPI: Core revision 20230628
[    0.081118] clocksource: hpet: mask: 0xffffffff max_cycles: 0xffffffff, max_idle_ns: 19112604467 ns
[    0.081940] APIC: Switch to symmetric I/O mode setup
[    0.082344] APIC: Switched APIC routing to: physical flat
[    0.082767] kvm-guest: APIC: send_IPI_mask() replaced with kvm_send_ipi_mask()
[    0.083334] kvm-guest: APIC: send_IPI_mask_allbutself() replaced with kvm_send_ipi_mask_allbutself()
[    0.084041] kvm-guest: setup PV IPIs
[    0.085178] ..TIMER: vector=0x30 apic1=0 pin1=2 apic2=-1 pin2=-1
[    0.086024] tsc: Marking TSC unstable due to TSCs unsynchronized
[    0.086840] Calibrating delay loop (skipped) preset value.. 8983.07 BogoMIPS (lpj=4491536)
[    0.087895] x86/cpu: User Mode Instruction Prevention (UMIP) activated
[    0.088895] Last level iTLB entries: 4KB 512, 2MB 255, 4MB 127
[    0.089679] Last level dTLB entries: 4KB 512, 2MB 255, 4MB 127, 1GB 0
[    0.089839] Spectre V1 : Mitigation: usercopy/swapgs barriers and __user pointer sanitization
[    0.090839] Spectre V2 : Mitigation: Enhanced / Automatic IBRS
[    0.091835] Spectre V2 : Spectre v2 / SpectreRSB mitigation: Filling RSB on context switch
[    0.092837] Spectre V2 : mitigation: Enabling conditional Indirect Branch Prediction Barrier
[    0.093837] Speculative Store Bypass: Mitigation: Speculative Store Bypass disabled via prctl
[    0.094836] Speculative Return Stack Overflow: IBPB-extending microcode not applied!
[    0.095835] Speculative Return Stack Overflow: WARNING: See https://kernel.org/doc/html/latest/admin-guide/hw-vuln/srso.html for mitigation options.
[    0.095836] Speculative Return Stack Overflow: Vulnerable: Safe RET, no microcode
[    0.097855] x86/fpu: Supporting XSAVE feature 0x001: 'x87 floating point registers'
[    0.098835] x86/fpu: Supporting XSAVE feature 0x002: 'SSE registers'
[    0.099835] x86/fpu: Supporting XSAVE feature 0x004: 'AVX registers'
[    0.100673] x86/fpu: Supporting XSAVE feature 0x020: 'AVX-512 opmask'
[    0.100836] x86/fpu: Supporting XSAVE feature 0x040: 'AVX-512 Hi256'
[    0.101835] x86/fpu: Supporting XSAVE feature 0x080: 'AVX-512 ZMM_Hi256'
[    0.102835] x86/fpu: Supporting XSAVE feature 0x200: 'Protection Keys User registers'
[    0.103836] x86/fpu: xstate_offset[2]:  576, xstate_sizes[2]:  256
[    0.104835] x86/fpu: xstate_offset[5]:  832, xstate_sizes[5]:   64
[    0.105835] x86/fpu: xstate_offset[6]:  896, xstate_sizes[6]:  512
[    0.106836] x86/fpu: xstate_offset[7]: 1408, xstate_sizes[7]: 1024
[    0.107653] x86/fpu: xstate_offset[9]: 2432, xstate_sizes[9]:    8
[    0.107835] x86/fpu: Enabled xstate features 0x2e7, context size is 2440 bytes, using 'compacted' format.
[    0.126574] Freeing SMP alternatives memory: 36K
[    0.126837] pid_max: default: 32768 minimum: 301
[    0.127907] Mount-cache hash table entries: 2048 (order: 2, 16384 bytes, linear)
[    0.128838] Mountpoint-cache hash table entries: 2048 (order: 2, 16384 bytes, linear)
[    0.130382] Running RCU synchronous self tests
[    0.130838] Running RCU synchronous self tests
[    0.131588] smpboot: CPU0: AMD Ryzen 9 7950X 16-Core Processor (family: 0x19, model: 0x61, stepping: 0x2)
[    0.132211] RCU Tasks: Setting shift to 5 and lim to 1 rcu_task_cb_adjust=1.
[    0.132871] RCU Tasks Rude: Setting shift to 5 and lim to 1 rcu_task_cb_adjust=1.
[    0.133875] RCU Tasks Trace: Setting shift to 5 and lim to 1 rcu_task_cb_adjust=1.
[    0.134891] Running RCU Tasks wait API self tests
[    0.235895] Running RCU Tasks Rude wait API self tests
[    0.236680] Running RCU Tasks Trace wait API self tests
[    0.236885] Performance Events: Fam17h+ core perfctr, AMD PMU driver.
[    0.237797] ... version:                0
[    0.237839] ... bit width:              48
[    0.238382] ... generic registers:      6
[    0.238838] ... value mask:             0000ffffffffffff
[    0.239542] ... max period:             00007fffffffffff
[    0.239838] ... fixed-purpose events:   0
[    0.240370] ... event mask:             000000000000003f
[    0.241030] signal: max sigframe size: 3376
[    0.241672] rcu: Hierarchical SRCU implementation.
[    0.241839] rcu: Max phase no-delay instances is 400.
[    0.244273] Callback from call_rcu_tasks_trace() invoked.
[    0.246708] smp: Bringing up secondary CPUs ...
[    0.247158] smpboot: x86: Booting SMP configuration:
[    0.247830] .... node  #0, CPUs:        #1  #2  #3  #4  #5  #6  #7  #8  #9 #10 #11 #12 #13 #14 #15 #16 #17 #18 #19 #20 #21 #22 #23 #24 #25 #26 #27 #28 #29 #30 #31
[    0.280097] smp: Brought up 1 node, 32 CPUs
[    0.281574] smpboot: Max logical packages: 1
[    0.281839] smpboot: Total of 32 processors activated (287458.30 BogoMIPS)
[    0.293838] devtmpfs: initialized
[    0.294533] x86/mm: Memory block size: 128MB
[    0.297458] Running RCU synchronous self tests
[    0.297857] Running RCU synchronous self tests
[    0.298734] clocksource: jiffies: mask: 0xffffffff max_cycles: 0xffffffff, max_idle_ns: 1911260446275000 ns
[    0.298843] futex hash table entries: 8192 (order: 8, 1048576 bytes, linear)
[    0.300487] PM: RTC time: 12:07:36, date: 2024-02-13
[    0.301623] NET: Registered PF_NETLINK/PF_ROUTE protocol family
[    0.302620] thermal_sys: Registered thermal governor 'step_wise'
[    0.302622] thermal_sys: Registered thermal governor 'user_space'
[    0.302895] cpuidle: using governor menu
[    0.306095] PCI: Using configuration type 1 for base access
[    0.306839] PCI: Using configuration type 1 for extended access
[    0.307996] kprobes: kprobe jump-optimization is enabled. All kprobes are optimized if possible.
[    0.324121] HugeTLB: registered 1.00 GiB page size, pre-allocated 0 pages
[    0.324839] HugeTLB: 16380 KiB vmemmap can be freed for a 1.00 GiB page
[    0.325748] HugeTLB: registered 2.00 MiB page size, pre-allocated 0 pages
[    0.326838] HugeTLB: 28 KiB vmemmap can be freed for a 2.00 MiB page
[    0.328044] ACPI: Added _OSI(Module Device)
[    0.328839] ACPI: Added _OSI(Processor Device)
[    0.329455] ACPI: Added _OSI(3.0 _SCP Extensions)
[    0.329839] ACPI: Added _OSI(Processor Aggregator Device)
[    0.332741] ACPI: 1 ACPI AML tables successfully acquired and loaded
[    0.335892] ACPI: _OSC evaluation for CPUs failed, trying _PDC
[    0.336371] ACPI: Interpreter enabled
[    0.336882] ACPI: PM: (supports S0 S3 S4 S5)
[    0.337464] ACPI: Using IOAPIC for interrupt routing
[    0.338857] PCI: Using host bridge windows from ACPI; if necessary, use "pci=nocrs" and report a bug
[    0.339921] PCI: Using E820 reservations for host bridge windows
[    0.341449] Callback from call_rcu_tasks_rude() invoked.
[    0.341115] ACPI: Enabled 2 GPEs in block 00 to 0F
[    0.350957] ACPI: PCI Root Bridge [PCI0] (domain 0000 [bus 00-ff])
[    0.351817] acpi PNP0A03:00: _OSC: OS supports [ExtendedConfig ASPM ClockPM Segments MSI HPX-Type3]
[    0.353350] PCI host bridge to bus 0000:00
[    0.353839] pci_bus 0000:00: root bus resource [io  0x0000-0x0cf7 window]
[    0.354752] pci_bus 0000:00: root bus resource [io  0x0d00-0xffff window]
[    0.355841] pci_bus 0000:00: root bus resource [mem 0x000a0000-0x000bffff window]
[    0.356835] pci_bus 0000:00: root bus resource [mem 0x40000000-0xfebfffff window]
[    0.357839] pci_bus 0000:00: root bus resource [mem 0x100000000-0x17fffffff window]
[    0.358839] pci_bus 0000:00: root bus resource [bus 00-ff]
[    0.359729] pci 0000:00:00.0: [8086:1237] type 00 class 0x060000 conventional PCI endpoint
[    0.361349] pci 0000:00:01.0: [8086:7000] type 00 class 0x060100 conventional PCI endpoint
[    0.363286] pci 0000:00:01.1: [8086:7010] type 00 class 0x010180 conventional PCI endpoint
[    0.367099] pci 0000:00:01.1: BAR 4 [io  0xc080-0xc08f]
[    0.368538] pci 0000:00:01.1: BAR 0 [io  0x01f0-0x01f7]: legacy IDE quirk
[    0.368839] pci 0000:00:01.1: BAR 1 [io  0x03f6]: legacy IDE quirk
[    0.369665] pci 0000:00:01.1: BAR 2 [io  0x0170-0x0177]: legacy IDE quirk
[    0.370839] pci 0000:00:01.1: BAR 3 [io  0x0376]: legacy IDE quirk
[    0.371867] pci 0000:00:01.3: [8086:7113] type 00 class 0x068000 conventional PCI endpoint
[    0.373100] pci 0000:00:01.3: quirk: [io  0x0600-0x063f] claimed by PIIX4 ACPI
[    0.374844] pci 0000:00:01.3: quirk: [io  0x0700-0x070f] claimed by PIIX4 SMB
[    0.376081] pci 0000:00:02.0: [1af4:1009] type 00 class 0x000200 conventional PCI endpoint
[    0.378838] pci 0000:00:02.0: BAR 0 [io  0xc000-0xc03f]
[    0.380472] pci 0000:00:02.0: BAR 1 [mem 0xfebfd000-0xfebfdfff]
[    0.384839] pci 0000:00:02.0: BAR 4 [mem 0xfebf4000-0xfebf7fff 64bit pref]
[    0.389069] pci 0000:00:03.0: [1af4:1009] type 00 class 0x000200 conventional PCI endpoint
[    0.391839] pci 0000:00:03.0: BAR 0 [io  0xc040-0xc07f]
[    0.393472] pci 0000:00:03.0: BAR 1 [mem 0xfebfe000-0xfebfefff]
[    0.398484] pci 0000:00:03.0: BAR 4 [mem 0xfebf8000-0xfebfbfff 64bit pref]
[    0.402000] pci 0000:00:04.0: [8086:25ab] type 00 class 0x088000 conventional PCI endpoint
[    0.403341] pci 0000:00:04.0: BAR 0 [mem 0xfebff000-0xfebff00f]
[    0.409366] ACPI: PCI: Interrupt link LNKA configured for IRQ 10
[    0.411010] ACPI: PCI: Interrupt link LNKB configured for IRQ 10
[    0.411998] ACPI: PCI: Interrupt link LNKC configured for IRQ 11
[    0.412921] ACPI: PCI: Interrupt link LNKD configured for IRQ 11
[    0.413854] ACPI: PCI: Interrupt link LNKS configured for IRQ 9
[    0.417173] iommu: Default domain type: Translated
[    0.417839] iommu: DMA domain TLB invalidation policy: lazy mode
[    0.418980] SCSI subsystem initialized
[    0.419551] pps_core: LinuxPPS API ver. 1 registered
[    0.419840] pps_core: Software ver. 5.3.6 - Copyright 2005-2007 Rodolfo Giometti <giometti@linux.it>
[    0.420844] PTP clock support registered
[    0.421918] Advanced Linux Sound Architecture Driver Initialized.
[    0.423525] NET: Registered PF_ATMPVC protocol family
[    0.424839] NET: Registered PF_ATMSVC protocol family
[    0.425557] PCI: Using ACPI for IRQ routing
[    0.426010] vgaarb: loaded
[    0.426934] hpet0: at MMIO 0xfed00000, IRQs 2, 8, 0
[    0.426939] hpet0: 3 comparators, 64-bit 100.000000 MHz counter
[    0.432238] clocksource: Switched to clocksource kvm-clock
[    0.433590] VFS: Disk quotas dquot_6.6.0
[    0.434167] VFS: Dquot-cache hash table entries: 512 (order 0, 4096 bytes)
[    0.435223] pnp: PnP ACPI init
[    0.436211] pnp: PnP ACPI: found 5 devices
[    0.443728] Callback from call_rcu_tasks() invoked.
[    0.446262] clocksource: acpi_pm: mask: 0xffffff max_cycles: 0xffffff, max_idle_ns: 2085701024 ns
[    0.447518] NET: Registered PF_INET protocol family
[    0.448242] IP idents hash table entries: 16384 (order: 5, 131072 bytes, linear)
[    0.449518] tcp_listen_portaddr_hash hash table entries: 512 (order: 3, 36864 bytes, linear)
[    0.450686] Table-perturb hash table entries: 65536 (order: 6, 262144 bytes, linear)
[    0.451774] TCP established hash table entries: 8192 (order: 4, 65536 bytes, linear)
[    0.452862] TCP bind hash table entries: 8192 (order: 8, 1179648 bytes, linear)
[    0.454238] TCP: Hash tables configured (established 8192 bind 8192)
[    0.455245] UDP hash table entries: 512 (order: 4, 81920 bytes, linear)
[    0.456174] UDP-Lite hash table entries: 512 (order: 4, 81920 bytes, linear)
[    0.457259] NET: Registered PF_UNIX/PF_LOCAL protocol family
[    0.458118] pci_bus 0000:00: resource 4 [io  0x0000-0x0cf7 window]
[    0.458942] pci_bus 0000:00: resource 5 [io  0x0d00-0xffff window]
[    0.459774] pci_bus 0000:00: resource 6 [mem 0x000a0000-0x000bffff window]
[    0.460689] pci_bus 0000:00: resource 7 [mem 0x40000000-0xfebfffff window]
[    0.461599] pci_bus 0000:00: resource 8 [mem 0x100000000-0x17fffffff window]
[    0.462612] pci 0000:00:01.0: PIIX3: Enabling Passive Release
[    0.463392] pci 0000:00:00.0: Limiting direct PCI/PCI transfers
[    0.464217] PCI: CLS 0 bytes, default 64
[    0.464807] kvm_intel: VMX not supported by CPU 9
[    0.465778] kvm_amd: TSC scaling supported
[    0.466492] kvm_amd: Nested Virtualization enabled
[    0.467307] kvm_amd: Nested Paging enabled
[    0.468035] kvm_amd: Virtual VMLOAD VMSAVE supported
[    0.468885] kvm_amd: Virtual GIF supported
[    0.469574] kvm_amd: Virtual NMI enabled
[    0.470246] kvm_amd: LBR virtualization supported
[    0.581025] workingset: timestamp_bits=56 max_order=18 bucket_order=0
[    0.582032] squashfs: version 4.0 (2009/01/31) Phillip Lougher
[    0.582839] fuse: init (API version 7.39)
[    0.583470] 9p: Installing v9fs 9p2000 file system support
[    0.584316] Key type asymmetric registered
[    0.584897] Block layer SCSI generic (bsg) driver version 0.4 loaded (major 249)
[    0.585945] io scheduler mq-deadline registered
[    0.586548] io scheduler kyber registered
[    0.588512] input: Power Button as /devices/LNXSYSTM:00/LNXPWRBN:00/input/input0
[    0.589761] ACPI: button: Power Button [PWRF]
[    0.590444] Warning: Processor Platform Limit event detected, but not handled.
[    0.591422] Consider compiling CPUfreq support into your kernel.
[    0.667715] ACPI: \_SB_.LNKB: Enabled at IRQ 10
[    0.742154] ACPI: \_SB_.LNKC: Enabled at IRQ 11
[    0.743672] Serial: 8250/16550 driver, 4 ports, IRQ sharing enabled
[    0.744899] 00:03: ttyS0 at I/O 0x3f8 (irq = 4, base_baud = 115200) is a 16550A
[    0.746959] Non-volatile memory driver v1.3
[    0.747535] Linux agpgart interface v0.103
[    0.748239] ACPI: bus type drm_connector registered
[    0.761746] loop: module loaded
[    0.763505] scsi host0: ata_piix
[    0.764277] scsi host1: ata_piix
[    0.764798] ata1: PATA max MWDMA2 cmd 0x1f0 ctl 0x3f6 bmdma 0xc080 irq 14 lpm-pol 0
[    0.765818] ata2: PATA max MWDMA2 cmd 0x170 ctl 0x376 bmdma 0xc088 irq 15 lpm-pol 0
[    0.767641] i8042: PNP: PS/2 Controller [PNP0303:KBD,PNP0f13:MOU] at 0x60,0x64 irq 1,12
[    0.769573] serio: i8042 KBD port at 0x60,0x64 irq 1
[    0.770281] serio: i8042 AUX port at 0x60,0x64 irq 12
[    0.771706] input: AT Translated Set 2 keyboard as /devices/platform/i8042/serio0/input/input1
[    0.773213] rtc_cmos 00:04: RTC can wake from S4
[    0.774453] rtc_cmos 00:04: registered as rtc0
[    0.775129] rtc_cmos 00:04: setting system clock to 2024-02-13T12:07:36 UTC (1707826056)
[    0.776319] rtc_cmos 00:04: alarms up to one day, y3k, 242 bytes nvram, hpet irqs
[    0.778373] i6300ESB timer 0000:00:04.0: initialized. heartbeat=30 sec (nowayout=0)
[    0.779785] device-mapper: ioctl: 4.48.0-ioctl (2023-03-01) initialised: dm-devel@redhat.com
[    0.781682] NET: Registered PF_PACKET protocol family
[    0.782368] 9pnet: Installing 9P2000 support
[    0.784042] Key type dns_resolver registered
[    0.785260] input: ImExPS/2 Generic Explorer Mouse as /devices/platform/i8042/serio1/input/input3
[    0.789577] IPI shorthand broadcast: enabled
[    0.798501] sched_clock: Marking stable (788002880, 9644079)->(833520805, -35873846)
[    0.799872] registered taskstats version 1
[    0.805389] PM:   Magic number: 12:288:127
[    0.806005] acpi device:02: hash matches
[    0.806585] printk: legacy console [netcon0] enabled
[    0.807271] netconsole: network logging started
[    0.808044] ALSA device list:
[    0.808509]   No soundcards found.
[    0.923821] ata2: found unknown device (class 0)
[    0.925199] ata2.00: ATAPI: QEMU DVD-ROM, 2.5+, max UDMA/100
[    0.927379] scsi 1:0:0:0: CD-ROM            QEMU     QEMU DVD-ROM     2.5+ PQ: 0 ANSI: 5
[    0.935360] scsi 1:0:0:0: Attached scsi generic sg0 type 5
[    0.936179] md: Skipping autodetection of RAID arrays. (raid=autodetect will force)
[    0.937150] 9pnet_virtio: no channels available for device 
[    0.938468] VFS: Mounted root (9p filesystem) readonly on device 0:19.
[    0.939491] devtmpfs: mounted
[    0.941511] Freeing unused kernel image (initmem) memory: 3156K
[    0.949668] Write protecting the kernel read-only data: 22528k
[    0.950842] Freeing unused kernel image (rodata/data gap) memory: 72K
[    0.981608] x86/mm: Checked W+X mappings: passed, no W+X pages found.
[    0.982366] Run /usr/lib/python3.11/site-packages/virtme/guest/virtme-init as init process
[    1.009163] mount (268) used greatest stack depth: 12984 bytes left
[    1.084414] mount (285) used greatest stack depth: 12584 bytes left
[    1.138426] virtme-init (314) used greatest stack depth: 12568 bytes left
[    1.141653] virtme-init (311) used greatest stack depth: 12424 bytes left
[    1.177448] virtme-init: basic initialization done
[    1.183268] virtme-init: udevd not found
[    1.241831] virtme-init: Setting hostname to virtme-ng...
[    1.254731] ip (359) used greatest stack depth: 12056 bytes left
          _      _                                    
   __   _(_)_ __| |_ _ __ ___   ___       _ __   __ _ 
   \ \ / / |  __| __|  _   _ \ / _ \_____|  _ \ / _  |
    \ V /| | |  | |_| | | | | |  __/_____| | | | (_| |
     \_/ |_|_|   \__|_| |_| |_|\___|     |_| |_|\__  |
                                                |___/ 
   kernel version: 6.8.0-rc3-virtme x86_64

virtme-ng:/nipa-data/kernel# PS1='xx__-> '
xx__-> env
PWD=/nipa-data/kernel
HOME=/
TERM=xterm
SHLVL=2
XDG_RUNTIME_DIR=/run/user/0
PATH=/bin:/sbin:/usr/bin:/usr/sbin:/usr/local/bin
OLDPWD=/
_=/usr/bin/env
xx__-> 