No EFI environment detected.
early console in extract_kernel
input_data: 0x0000000004ab42c4
input_len: 0x00000000018ea400
output: 0x0000000001000000
output_len: 0x000000000532ab24
kernel_total_size: 0x0000000005030000
needed_size: 0x0000000005400000
trampoline_32bit: 0x0000000000000000
Physical KASLR using RDRAND RDTSC...
Virtual KASLR using RDRAND RDTSC...

Decompressing Linux... Parsing ELF... Performing relocations... done.
Booting the kernel (entry_offset: 0x0000000000000000).
[    0.000000] Linux version 6.12.0-virtme (root@7df45fd55856) (gcc (Ubuntu 13.2.0-23ubuntu4) 13.2.0, GNU ld (GNU Binutils for Ubuntu) 2.42) #1 SMP PREEMPT_DYNAMIC Mon Nov 25 09:27:02 UTC 2024
[    0.000000] Command line: virtme_hostname=virtme-ng nr_open=1048576 virtme_link_mods=/nipa-data/kernel/.virtme_mods/lib/modules/0.0.0 virtme_initmount0=nipa-data/kernel virtme_rw_overlay0=/etc virtme_rw_overlay1=/lib virtme_rw_overlay2=/home virtme_rw_overlay3=/opt virtme_rw_overlay4=/srv virtme_rw_overlay5=/usr virtme_rw_overlay6=/var console=hvc0 earlyprintk=serial,ttyS0,115200 virtme_console=ttyS0 psmouse.proto=exps TERM=xterm virtme_chdir=nipa-data/kernel virtme_root_user=1 rootfstype=9p rootflags=version=9p2000.L,trans=virtio,access=any raid=noautodetect ro init=/usr/lib/python3/dist-packages/virtme/guest/virtme-init
[    0.000000] BIOS-provided physical RAM map:
[    0.000000] BIOS-e820: [mem 0x0000000000000000-0x000000000009fbff] usable
[    0.000000] BIOS-e820: [mem 0x000000000009fc00-0x000000000009ffff] reserved
[    0.000000] BIOS-e820: [mem 0x00000000000f0000-0x00000000000fffff] reserved
[    0.000000] BIOS-e820: [mem 0x0000000000100000-0x000000003ffdffff] usable
[    0.000000] BIOS-e820: [mem 0x000000003ffe0000-0x000000003fffffff] reserved
[    0.000000] BIOS-e820: [mem 0x00000000feffc000-0x00000000feffffff] reserved
[    0.000000] BIOS-e820: [mem 0x00000000fffc0000-0x00000000ffffffff] reserved
[    0.000000] BIOS-e820: [mem 0x000000fd00000000-0x000000ffffffffff] reserved
[    0.000000] printk: legacy bootconsole [earlyser0] enabled
[    0.000000] NX (Execute Disable) protection: active
[    0.000000] APIC: Static calls initialized
[    0.000000] SMBIOS 3.0.0 present.
[    0.000000] DMI: QEMU Ubuntu 24.04 PC (i440FX + PIIX, 1996), BIOS 1.16.3-debian-1.16.3-2 04/01/2014
[    0.000000] DMI: Memory slots populated: 1/1
[    0.000000] Hypervisor detected: KVM
[    0.000000] kvm-clock: Using msrs 4b564d01 and 4b564d00
[    0.000000] kvm-clock: using sched offset of 316459680 cycles
[    0.000372] clocksource: kvm-clock: mask: 0xffffffffffffffff max_cycles: 0x1cd42e4dffb, max_idle_ns: 881590591483 ns
[    0.001532] tsc: Detected 4491.556 MHz processor
[    0.002194] last_pfn = 0x3ffe0 max_arch_pfn = 0x400000000
[    0.002602] MTRR map: 4 entries (3 fixed + 1 variable; max 19), built from 8 variable MTRRs
[    0.003198] x86/PAT: Configuration [0-7]: WB  WC  UC- UC  WB  WP  UC- WT  
[    0.005155] found SMP MP-table at [mem 0x000f5470-0x000f547f]
[    0.005570] Using GB pages for direct mapping
[    0.006075] ACPI: Early table checksum verification disabled
[    0.006479] ACPI: RSDP 0x00000000000F5290 000014 (v00 BOCHS )
[    0.006890] ACPI: RSDT 0x000000003FFE27BC 000034 (v01 BOCHS  BXPC     00000001 BXPC 00000001)
[    0.007500] ACPI: FACP 0x000000003FFE2578 000074 (v01 BOCHS  BXPC     00000001 BXPC 00000001)
[    0.008108] ACPI: DSDT 0x000000003FFE0040 002538 (v01 BOCHS  BXPC     00000001 BXPC 00000001)
[    0.008718] ACPI: FACS 0x000000003FFE0000 000040
[    0.009048] ACPI: APIC 0x000000003FFE25EC 000170 (v03 BOCHS  BXPC     00000001 BXPC 00000001)
[    0.009667] ACPI: HPET 0x000000003FFE275C 000038 (v01 BOCHS  BXPC     00000001 BXPC 00000001)
[    0.010274] ACPI: WAET 0x000000003FFE2794 000028 (v01 BOCHS  BXPC     00000001 BXPC 00000001)
[    0.010882] ACPI: Reserving FACP table memory at [mem 0x3ffe2578-0x3ffe25eb]
[    0.011383] ACPI: Reserving DSDT table memory at [mem 0x3ffe0040-0x3ffe2577]
[    0.011885] ACPI: Reserving FACS table memory at [mem 0x3ffe0000-0x3ffe003f]
[    0.012386] ACPI: Reserving APIC table memory at [mem 0x3ffe25ec-0x3ffe275b]
[    0.012887] ACPI: Reserving HPET table memory at [mem 0x3ffe275c-0x3ffe2793]
[    0.013390] ACPI: Reserving WAET table memory at [mem 0x3ffe2794-0x3ffe27bb]
[    0.014083] No NUMA configuration found
[    0.014356] Faking a node at [mem 0x0000000000000000-0x000000003ffdffff]
[    0.014835] NODE_DATA(0) allocated [mem 0x3ffdb780-0x3ffdffff]
[    0.015265] Zone ranges:
[    0.015445]   DMA      [mem 0x0000000000001000-0x0000000000ffffff]
[    0.015884]   DMA32    [mem 0x0000000001000000-0x000000003ffdffff]
[    0.016324]   Normal   empty
[    0.016529]   Device   empty
[    0.016734] Movable zone start for each node
[    0.017037] Early memory node ranges
[    0.017295]   node   0: [mem 0x0000000000001000-0x000000000009efff]
[    0.017740]   node   0: [mem 0x0000000000100000-0x000000003ffdffff]
[    0.018185] Initmem setup node 0 [mem 0x0000000000001000-0x000000003ffdffff]
[    0.018690] On node 0, zone DMA: 1 pages in unavailable ranges
[    0.019158] On node 0, zone DMA: 97 pages in unavailable ranges
[    0.023785] On node 0, zone DMA32: 32 pages in unavailable ranges
[    0.033016] kasan: KernelAddressSanitizer initialized
[    0.033616] ACPI: PM-Timer IO Port: 0x608
[    0.033912] ACPI: LAPIC_NMI (acpi_id[0xff] dfl dfl lint[0x1])
[    0.034343] IOAPIC[0]: apic_id 0, version 17, address 0xfec00000, GSI 0-23
[    0.034832] ACPI: INT_SRC_OVR (bus 0 bus_irq 0 global_irq 2 dfl dfl)
[    0.035285] ACPI: INT_SRC_OVR (bus 0 bus_irq 5 global_irq 5 high level)
[    0.035755] ACPI: INT_SRC_OVR (bus 0 bus_irq 9 global_irq 9 high level)
[    0.036225] ACPI: INT_SRC_OVR (bus 0 bus_irq 10 global_irq 10 high level)
[    0.036707] ACPI: INT_SRC_OVR (bus 0 bus_irq 11 global_irq 11 high level)
[    0.037195] ACPI: Using ACPI (MADT) for SMP configuration information
[    0.037653] ACPI: HPET id: 0x8086a201 base: 0xfed00000
[    0.038020] TSC deadline timer available
[    0.038302] CPU topo: Max. logical packages:   1
[    0.038630] CPU topo: Max. logical dies:       1
[    0.038957] CPU topo: Max. dies per package:   1
[    0.039287] CPU topo: Max. threads per core:   1
[    0.039615] CPU topo: Num. cores per package:    32
[    0.039962] CPU topo: Num. threads per package:  32
[    0.040308] CPU topo: Allowing 32 present CPUs plus 0 hotplug CPUs
[    0.040763] kvm-guest: APIC: eoi() replaced with kvm_guest_apic_eoi_write()
[    0.041273] kvm-guest: KVM setup pv remote TLB flush
[    0.041628] kvm-guest: setup PV sched yield
[    0.041931] PM: hibernation: Registered nosave memory: [mem 0x00000000-0x00000fff]
[    0.042470] PM: hibernation: Registered nosave memory: [mem 0x0009f000-0x0009ffff]
[    0.043007] PM: hibernation: Registered nosave memory: [mem 0x000a0000-0x000effff]
[    0.043543] PM: hibernation: Registered nosave memory: [mem 0x000f0000-0x000fffff]
[    0.044081] [mem 0x40000000-0xfeffbfff] available for PCI devices
[    0.044513] Booting paravirtualized kernel on KVM
[    0.044848] clocksource: refined-jiffies: mask: 0xffffffff max_cycles: 0xffffffff, max_idle_ns: 1910969940391419 ns
[    0.053601] setup_percpu: NR_CPUS:64 nr_cpumask_bits:32 nr_cpu_ids:32 nr_node_ids:1
[    0.055406] percpu: Embedded 70 pages/cpu s248280 r8192 d30248 u524288
[    0.055940] Kernel command line: virtme_hostname=virtme-ng nr_open=1048576 virtme_link_mods=/nipa-data/kernel/.virtme_mods/lib/modules/0.0.0 virtme_initmount0=nipa-data/kernel virtme_rw_overlay0=/etc virtme_rw_overlay1=/lib virtme_rw_overlay2=/home virtme_rw_overlay3=/opt virtme_rw_overlay4=/srv virtme_rw_overlay5=/usr virtme_rw_overlay6=/var console=hvc0 earlyprintk=serial,ttyS0,115200 virtme_console=ttyS0 psmouse.proto=exps TERM=xterm virtme_chdir=nipa-data/kernel virtme_root_user=1 rootfstype=9p rootflags=version=9p2000.L,trans=virtio,access=any raid=noautodetect ro init=/usr/lib/python3/dist-packages/virtme/guest/virtme-init
[    0.060134] Unknown kernel command line parameters "virtme_hostname=virtme-ng nr_open=1048576 virtme_link_mods=/nipa-data/kernel/.virtme_mods/lib/modules/0.0.0 virtme_initmount0=nipa-data/kernel virtme_rw_overlay0=/etc virtme_rw_overlay1=/lib virtme_rw_overlay2=/home virtme_rw_overlay3=/opt virtme_rw_overlay4=/srv virtme_rw_overlay5=/usr virtme_rw_overlay6=/var virtme_console=ttyS0 virtme_chdir=nipa-data/kernel virtme_root_user=1", will be passed to user space.
[    0.063328] random: crng init done
[    0.063577] printk: log buffer data + meta data: 262144 + 917504 = 1179648 bytes
[    0.064138] Dentry cache hash table entries: 131072 (order: 8, 1048576 bytes, linear)
[    0.064719] Inode-cache hash table entries: 65536 (order: 7, 524288 bytes, linear)
[    0.065693] Fallback order for Node 0: 0 
[    0.065697] Built 1 zonelists, mobility grouping on.  Total pages: 262014
[    0.066488] Policy zone: DMA32
[    0.066712] mem auto-init: stack:all(zero), heap alloc:off, heap free:off
[    0.067208] stackdepot: allocating hash table via alloc_large_system_hash
[    0.067706] stackdepot hash table entries: 1048576 (order: 12, 16777216 bytes, linear)
[    0.075822] SLUB: HWalign=64, Order=0-3, MinObjects=0, CPUs=32, Nodes=1
Poking KASLR using RDRAND RDTSC...
[    0.076619] ftrace: allocating 48757 entries in 191 pages
[    0.085204] ftrace: allocated 191 pages with 7 groups
[    0.086421] Dynamic Preempt: voluntary
[    0.087136] rcu: Preemptible hierarchical RCU implementation.
[    0.087555] rcu: RCU event tracing is enabled.
[    0.087884] rcu: RCU restricting CPUs from NR_CPUS=64 to nr_cpu_ids=32.
[    0.088371] Trampoline variant of Tasks RCU enabled.
[    0.088738] Rude variant of Tasks RCU enabled.
[    0.089067] Tracing variant of Tasks RCU enabled.
[    0.089421] rcu: RCU calculated value of scheduler-enlistment delay is 100 jiffies.
[    0.089978] rcu: Adjusting geometry for rcu_fanout_leaf=16, nr_cpu_ids=32
[    0.090536] RCU Tasks: Setting shift to 5 and lim to 1 rcu_task_cb_adjust=1 rcu_task_cpu_ids=32.
[    0.091178] RCU Tasks Rude: Setting shift to 5 and lim to 1 rcu_task_cb_adjust=1 rcu_task_cpu_ids=32.
[    0.091852] RCU Tasks Trace: Setting shift to 5 and lim to 1 rcu_task_cb_adjust=1 rcu_task_cpu_ids=32.
[    0.100672] NR_IRQS: 4352, nr_irqs: 680, preallocated irqs: 16
[    0.101407] rcu: srcu_init: Setting srcu_struct sizes based on contention.
[    0.102117] Console: colour *CGA 80x25
[    0.102419] ACPI: Core revision 20240827
[    0.102853] clocksource: hpet: mask: 0xffffffff max_cycles: 0xffffffff, max_idle_ns: 19112604467 ns
[    0.103581] APIC: Switch to symmetric I/O mode setup
[    0.103967] kvm-guest: APIC: send_IPI_mask() replaced with kvm_send_ipi_mask()
[    0.104491] kvm-guest: APIC: send_IPI_mask_allbutself() replaced with kvm_send_ipi_mask_allbutself()
[    0.105138] kvm-guest: setup PV IPIs
[    0.106234] ..TIMER: vector=0x30 apic1=0 pin1=2 apic2=-1 pin2=-1
[    0.107026] clocksource: tsc-early: mask: 0xffffffffffffffff max_cycles: 0x40be400eb43, max_idle_ns: 440795366972 ns
[    0.108374] Calibrating delay loop (skipped) preset value.. 8983.11 BogoMIPS (lpj=4491556)
[    0.109440] x86/cpu: User Mode Instruction Prevention (UMIP) activated
[    0.110431] Last level iTLB entries: 4KB 512, 2MB 255, 4MB 127
[    0.111372] Last level dTLB entries: 4KB 512, 2MB 255, 4MB 127, 1GB 0
[    0.112377] Spectre V1 : Mitigation: usercopy/swapgs barriers and __user pointer sanitization
[    0.113377] Spectre V2 : Mitigation: Enhanced / Automatic IBRS
[    0.114372] Spectre V2 : Spectre v2 / SpectreRSB mitigation: Filling RSB on context switch
[    0.115375] Spectre V2 : mitigation: Enabling conditional Indirect Branch Prediction Barrier
[    0.116374] Speculative Store Bypass: Mitigation: Speculative Store Bypass disabled via prctl
[    0.117373] Speculative Return Stack Overflow: IBPB-extending microcode not applied!
[    0.118372] Speculative Return Stack Overflow: WARNING: See https://kernel.org/doc/html/latest/admin-guide/hw-vuln/srso.html for mitigation options.
[    0.118373] Speculative Return Stack Overflow: Vulnerable: Safe RET, no microcode
[    0.120388] x86/fpu: Supporting XSAVE feature 0x001: 'x87 floating point registers'
[    0.121372] x86/fpu: Supporting XSAVE feature 0x002: 'SSE registers'
[    0.122151] x86/fpu: Supporting XSAVE feature 0x004: 'AVX registers'
[    0.122372] x86/fpu: Supporting XSAVE feature 0x020: 'AVX-512 opmask'
[    0.123372] x86/fpu: Supporting XSAVE feature 0x040: 'AVX-512 Hi256'
[    0.124372] x86/fpu: Supporting XSAVE feature 0x080: 'AVX-512 ZMM_Hi256'
[    0.125372] x86/fpu: Supporting XSAVE feature 0x200: 'Protection Keys User registers'
[    0.126373] x86/fpu: xstate_offset[2]:  576, xstate_sizes[2]:  256
[    0.127128] x86/fpu: xstate_offset[5]:  832, xstate_sizes[5]:   64
[    0.127372] x86/fpu: xstate_offset[6]:  896, xstate_sizes[6]:  512
[    0.128372] x86/fpu: xstate_offset[7]: 1408, xstate_sizes[7]: 1024
[    0.129372] x86/fpu: xstate_offset[9]: 2432, xstate_sizes[9]:    8
[    0.130128] x86/fpu: Enabled xstate features 0x2e7, context size is 2440 bytes, using 'compacted' format.
[    0.150405] Freeing SMP alternatives memory: 40K
[    0.150976] pid_max: default: 32768 minimum: 301
[    0.151493] Mount-cache hash table entries: 2048 (order: 2, 16384 bytes, linear)
[    0.152374] Mountpoint-cache hash table entries: 2048 (order: 2, 16384 bytes, linear)
[    0.153991] smpboot: CPU0: AMD Ryzen 9 7950X 16-Core Processor (family: 0x19, model: 0x61, stepping: 0x2)
[    0.154835] Performance Events: Fam17h+ core perfctr, AMD PMU driver.
[    0.155377] ... version:                0
[    0.155869] ... bit width:              48
[    0.156374] ... generic registers:      6
[    0.156865] ... value mask:             0000ffffffffffff
[    0.157374] ... max period:             00007fffffffffff
[    0.158025] ... fixed-purpose events:   0
[    0.158374] ... event mask:             000000000000003f
[    0.159135] signal: max sigframe size: 3376
[    0.159419] rcu: Hierarchical SRCU implementation.
[    0.160008] rcu: Max phase no-delay instances is 400.
[    0.160447] Timer migration: 2 hierarchy levels; 8 children per group; 2 crossnode level
[    0.165081] smp: Bringing up secondary CPUs ...
[    0.166444] smpboot: x86: Booting SMP configuration:
[    0.167056] .... node  #0, CPUs:        #1  #2  #3  #4  #5  #6  #7  #8  #9 #10 #11 #12 #13 #14 #15 #16 #17 #18 #19 #20 #21 #22 #23 #24 #25 #26 #27 #28 #29 #30 #31
[    0.191491] smp: Brought up 1 node, 32 CPUs
[    0.192900] smpboot: Total of 32 processors activated (287459.58 BogoMIPS)
[    0.196504] Memory: 763384K/1048056K available (45056K kernel code, 11432K rwdata, 10044K rodata, 6032K init, 1700K bss, 269032K reserved, 0K cma-reserved)
[    0.197491] devtmpfs: initialized
[    0.197958] x86/mm: Memory block size: 128MB
[    0.204397] clocksource: jiffies: mask: 0xffffffff max_cycles: 0xffffffff, max_idle_ns: 1911260446275000 ns
[    0.205379] futex hash table entries: 8192 (order: 7, 524288 bytes, linear)
[    0.206594] PM: RTC time: 09:27:31, date: 2024-11-25
[    0.207929] NET: Registered PF_NETLINK/PF_ROUTE protocol family
[    0.209211] thermal_sys: Registered thermal governor 'step_wise'
[    0.209214] thermal_sys: Registered thermal governor 'user_space'
[    0.209401] cpuidle: using governor menu
[    0.211719] PCI: Using configuration type 1 for base access
[    0.212375] PCI: Using configuration type 1 for extended access
[    0.213232] kprobes: kprobe jump-optimization is enabled. All kprobes are optimized if possible.
[    0.226559] HugeTLB: registered 1.00 GiB page size, pre-allocated 0 pages
[    0.227375] HugeTLB: 16380 KiB vmemmap can be freed for a 1.00 GiB page
[    0.228193] HugeTLB: registered 2.00 MiB page size, pre-allocated 0 pages
[    0.229374] HugeTLB: 28 KiB vmemmap can be freed for a 2.00 MiB page
[    0.230683] ACPI: Added _OSI(Module Device)
[    0.231375] ACPI: Added _OSI(Processor Device)
[    0.231932] ACPI: Added _OSI(3.0 _SCP Extensions)
[    0.232375] ACPI: Added _OSI(Processor Aggregator Device)
[    0.255322] ACPI: 1 ACPI AML tables successfully acquired and loaded
[    0.260245] ACPI: Interpreter enabled
[    0.260432] ACPI: PM: (supports S0 S3 S4 S5)
[    0.260961] ACPI: Using IOAPIC for interrupt routing
[    0.261421] PCI: Using host bridge windows from ACPI; if necessary, use "pci=nocrs" and report a bug
[    0.263374] PCI: Using E820 reservations for host bridge windows
[    0.265148] ACPI: Enabled 2 GPEs in block 00 to 0F
[    0.310197] ACPI: PCI Root Bridge [PCI0] (domain 0000 [bus 00-ff])
[    0.311388] acpi PNP0A03:00: _OSC: OS supports [ExtendedConfig ASPM ClockPM Segments MSI HPX-Type3]
[    0.312853] PCI host bridge to bus 0000:00
[    0.313416] pci_bus 0000:00: root bus resource [io  0x0000-0x0cf7 window]
[    0.314268] pci_bus 0000:00: root bus resource [io  0x0d00-0xffff window]
[    0.314377] pci_bus 0000:00: root bus resource [mem 0x000a0000-0x000bffff window]
[    0.315309] pci_bus 0000:00: root bus resource [mem 0x40000000-0xfebfffff window]
[    0.316377] pci_bus 0000:00: root bus resource [mem 0x100000000-0x17fffffff window]
[    0.317361] pci_bus 0000:00: root bus resource [bus 00-ff]
[    0.318469] pci 0000:00:00.0: [8086:1237] type 00 class 0x060000 conventional PCI endpoint
[    0.320202] pci 0000:00:01.0: [8086:7000] type 00 class 0x060100 conventional PCI endpoint
[    0.322252] pci 0000:00:01.1: [8086:7010] type 00 class 0x010180 conventional PCI endpoint
[    0.325051] pci 0000:00:01.1: BAR 4 [io  0xc0c0-0xc0cf]
[    0.326084] pci 0000:00:01.1: BAR 0 [io  0x01f0-0x01f7]: legacy IDE quirk
[    0.327375] pci 0000:00:01.1: BAR 1 [io  0x03f6]: legacy IDE quirk
[    0.328144] pci 0000:00:01.1: BAR 2 [io  0x0170-0x0177]: legacy IDE quirk
[    0.328374] pci 0000:00:01.1: BAR 3 [io  0x0376]: legacy IDE quirk
[    0.329804] pci 0000:00:01.3: [8086:7113] type 00 class 0x068000 conventional PCI endpoint
[    0.331629] pci 0000:00:01.3: quirk: [io  0x0600-0x063f] claimed by PIIX4 ACPI
[    0.332379] pci 0000:00:01.3: quirk: [io  0x0700-0x070f] claimed by PIIX4 SMB
[    0.333972] pci 0000:00:02.0: [1af4:1009] type 00 class 0x000200 conventional PCI endpoint
[    0.335806] pci 0000:00:02.0: BAR 0 [io  0xc000-0xc03f]
[    0.336756] pci 0000:00:02.0: BAR 1 [mem 0xfebfc000-0xfebfcfff]
[    0.339375] pci 0000:00:02.0: BAR 4 [mem 0xfebf0000-0xfebf3fff 64bit pref]
[    0.352737] pci 0000:00:03.0: [1af4:1009] type 00 class 0x000200 conventional PCI endpoint
[    0.353770] pci 0000:00:03.0: BAR 0 [io  0xc040-0xc07f]
[    0.354718] pci 0000:00:03.0: BAR 1 [mem 0xfebfd000-0xfebfdfff]
[    0.356375] pci 0000:00:03.0: BAR 4 [mem 0xfebf4000-0xfebf7fff 64bit pref]
[    0.368402] pci 0000:00:04.0: [8086:25ab] type 00 class 0x088000 conventional PCI endpoint
[    0.369552] pci 0000:00:04.0: BAR 0 [mem 0xfebfe000-0xfebfe00f]
[    0.382671] pci 0000:00:05.0: [1af4:1003] type 00 class 0x078000 conventional PCI endpoint
[    0.383731] pci 0000:00:05.0: BAR 0 [io  0xc080-0xc0bf]
[    0.384666] pci 0000:00:05.0: BAR 1 [mem 0xfebff000-0xfebfffff]
[    0.386546] pci 0000:00:05.0: BAR 4 [mem 0xfebf8000-0xfebfbfff 64bit pref]
[    0.400722] ACPI: PCI: Interrupt link LNKA configured for IRQ 10
[    0.402273] ACPI: PCI: Interrupt link LNKB configured for IRQ 10
[    0.404252] ACPI: PCI: Interrupt link LNKC configured for IRQ 11
[    0.405255] ACPI: PCI: Interrupt link LNKD configured for IRQ 11
[    0.406772] ACPI: PCI: Interrupt link LNKS configured for IRQ 9
[    0.424788] iommu: Default domain type: Translated
[    0.425375] iommu: DMA domain TLB invalidation policy: lazy mode
[    0.426559] SCSI subsystem initialized
[    0.427426] pps_core: LinuxPPS API ver. 1 registered
[    0.428043] pps_core: Software ver. 5.3.6 - Copyright 2005-2007 Rodolfo Giometti <giometti@linux.it>
[    0.429387] PTP clock support registered
[    0.430493] Advanced Linux Sound Architecture Driver Initialized.
[    0.432413] NET: Registered PF_ATMPVC protocol family
[    0.433049] NET: Registered PF_ATMSVC protocol family
[    0.433410] PCI: Using ACPI for IRQ routing
[    0.434413] vgaarb: loaded
[    0.434487] hpet0: at MMIO 0xfed00000, IRQs 2, 8, 0
[    0.435097] hpet0: 3 comparators, 64-bit 100.000000 MHz counter
[    0.439810] clocksource: Switched to clocksource kvm-clock
[    0.440662] VFS: Disk quotas dquot_6.6.0
[    0.441162] VFS: Dquot-cache hash table entries: 512 (order 0, 4096 bytes)
[    0.442687] pnp: PnP ACPI init
[    0.449244] pnp: PnP ACPI: found 5 devices
[    0.461129] clocksource: acpi_pm: mask: 0xffffff max_cycles: 0xffffff, max_idle_ns: 2085701024 ns
[    0.462289] NET: Registered PF_INET protocol family
[    0.462937] IP idents hash table entries: 16384 (order: 5, 131072 bytes, linear)
[    0.464225] tcp_listen_portaddr_hash hash table entries: 512 (order: 1, 8192 bytes, linear)
[    0.465271] Table-perturb hash table entries: 65536 (order: 6, 262144 bytes, linear)
[    0.466252] TCP established hash table entries: 8192 (order: 4, 65536 bytes, linear)
[    0.467310] TCP bind hash table entries: 8192 (order: 6, 262144 bytes, linear)
[    0.468213] TCP: Hash tables configured (established 8192 bind 8192)
[    0.469148] UDP hash table entries: 512 (order: 3, 32768 bytes, linear)
[    0.470010] UDP-Lite hash table entries: 512 (order: 3, 32768 bytes, linear)
[    0.471093] NET: Registered PF_UNIX/PF_LOCAL protocol family
[    0.471815] pci_bus 0000:00: resource 4 [io  0x0000-0x0cf7 window]
[    0.472581] pci_bus 0000:00: resource 5 [io  0x0d00-0xffff window]
[    0.473342] pci_bus 0000:00: resource 6 [mem 0x000a0000-0x000bffff window]
[    0.474200] pci_bus 0000:00: resource 7 [mem 0x40000000-0xfebfffff window]
[    0.475048] pci_bus 0000:00: resource 8 [mem 0x100000000-0x17fffffff window]
[    0.476104] pci 0000:00:01.0: PIIX3: Enabling Passive Release
[    0.476819] pci 0000:00:00.0: Limiting direct PCI/PCI transfers
[    0.477597] PCI: CLS 0 bytes, default 64
[    0.478150] kvm_intel: VMX not supported by CPU 4
[    0.478893] kvm_amd: TSC scaling supported
[    0.479402] kvm_amd: Nested Virtualization enabled
[    0.480001] kvm_amd: Nested Paging enabled
[    0.480509] kvm_amd: LBR virtualization supported
[    0.481099] kvm_amd: Virtual GIF supported
[    0.481621] kvm_amd: Virtual NMI enabled
[    0.514013] clocksource: tsc: mask: 0xffffffffffffffff max_cycles: 0x40be400eb43, max_idle_ns: 440795366972 ns
[    0.533014] Initialise system trusted keyrings
[    0.533784] workingset: timestamp_bits=56 max_order=18 bucket_order=0
[    0.534702] squashfs: version 4.0 (2009/01/31) Phillip Lougher
[    0.535445] fuse: init (API version 7.41)
[    0.536079] 9p: Installing v9fs 9p2000 file system support
[    0.545782] Key type asymmetric registered
[    0.546296] Asymmetric key parser 'x509' registered
[    0.546964] Block layer SCSI generic (bsg) driver version 0.4 loaded (major 249)
[    0.547921] io scheduler mq-deadline registered
[    0.548490] io scheduler kyber registered
[    0.551082] input: Power Button as /devices/LNXSYSTM:00/LNXPWRBN:00/input/input0
[    0.552242] ACPI: button: Power Button [PWRF]
[    0.554143] Warning: Processor Platform Limit event detected, but not handled.
[    0.555057] Consider compiling CPUfreq support into your kernel.
[    1.355450] ACPI: \_SB_.LNKB: Enabled at IRQ 10
[    2.147893] ACPI: \_SB_.LNKC: Enabled at IRQ 11
[    2.939951] ACPI: \_SB_.LNKA: Enabled at IRQ 10
[    2.941333] Serial: 8250/16550 driver, 4 ports, IRQ sharing enabled
[    2.942439] 00:03: ttyS0 at I/O 0x3f8 (irq = 4, base_baud = 115200) is a 16550A
[    2.964115] Non-volatile memory driver v1.3
[    2.964658] Linux agpgart interface v0.103
[    2.965344] ACPI: bus type drm_connector registered
[    2.965981] printk: legacy console [hvc0] enabled
[    2.966580] printk: legacy bootconsole [earlyser0] disabled
          _      _                                    
   __   _(_)_ __| |_ _ __ ___   ___       _ __   __ _ 
   \ \ / / |  __| __|  _   _ \ / _ \_____|  _ \ / _  |
    \ V /| | |  | |_| | | | | |  __/_____| | | | (_| |
     \_/ |_|_|   \__|_| |_| |_|\___|     |_| |_|\__  |
                                                |___/ 
   kernel version: 6.12.0-virtme x86_64
   (CTRL+d to exit)

root@virtme-ng:/nipa-data/kernel# PS1='xx__-> '
xx__-> env
PWD=/nipa-data/kernel
nr_open=1048576
HOME=/
TERM=xterm
SHLVL=2
XDG_RUNTIME_DIR=/run/user/0
PATH=/bin:/sbin:/usr/bin:/usr/sbin:/usr/local/bin
OLDPWD=/
_=/bin/env
xx__-> 