No EFI environment detected.
early console in extract_kernel
input_data: 0x0000000002be92c4
input_len: 0x0000000000b458e6
output: 0x0000000001000000
output_len: 0x00000000026e7654
kernel_total_size: 0x0000000002430000
needed_size: 0x0000000002800000
trampoline_32bit: 0x0000000000000000
Physical KASLR using RDRAND RDTSC...
Virtual KASLR using RDRAND RDTSC...

Decompressing Linux... Parsing ELF... Performing relocations... done.
Booting the kernel (entry_offset: 0x0000000000000000).
[    0.000000] Linux version 6.10.0-rc5-virtme (root@79c6b1aabca7) (gcc (Alpine 13.2.1_git20240309) 13.2.1 20240309, GNU ld (GNU Binutils) 2.42) #1 SMP PREEMPT_DYNAMIC Thu Jul  4 21:06:11 UTC 2024
[    0.000000] Command line: virtme_hostname=virtme-ng nr_open=1048576 virtme_link_mods=/nipa-data/kernel/.virtme_mods/lib/modules/0.0.0 virtme_initmount0=nipa-data/kernel virtme_rw_overlay0=/etc virtme_rw_overlay1=/lib virtme_rw_overlay2=/home virtme_rw_overlay3=/opt virtme_rw_overlay4=/srv virtme_rw_overlay5=/usr virtme_rw_overlay6=/var console=hvc0 earlyprintk=serial,ttyS0,115200 virtme_console=ttyS0 psmouse.proto=exps TERM=xterm virtme_chdir=nipa-data/kernel virtme_root_user=1 rootfstype=9p rootflags=version=9p2000.L,trans=virtio,access=any raid=noautodetect ro init=/usr/lib/python3.12/site-packages/virtme/guest/virtme-init
[    0.000000] BIOS-provided physical RAM map:
[    0.000000] BIOS-e820: [mem 0x0000000000000000-0x000000000009fbff] usable
[    0.000000] BIOS-e820: [mem 0x000000000009fc00-0x000000000009ffff] reserved
[    0.000000] BIOS-e820: [mem 0x00000000000f0000-0x00000000000fffff] reserved
[    0.000000] BIOS-e820: [mem 0x0000000000100000-0x000000003ffdffff] usable
[    0.000000] BIOS-e820: [mem 0x000000003ffe0000-0x000000003fffffff] reserved
[    0.000000] BIOS-e820: [mem 0x00000000feffc000-0x00000000feffffff] reserved
[    0.000000] BIOS-e820: [mem 0x00000000fffc0000-0x00000000ffffffff] reserved
[    0.000000] BIOS-e820: [mem 0x000000fd00000000-0x000000ffffffffff] reserved
[    0.000000] printk: legacy bootconsole [earlyser0] enabled
[    0.000000] NX (Execute Disable) protection: active
[    0.000000] APIC: Static calls initialized
[    0.000000] SMBIOS 2.8 present.
[    0.000000] DMI: QEMU Standard PC (i440FX + PIIX, 1996), BIOS rel-1.16.3-0-ga6ed6b701f0a-prebuilt.qemu.org 04/01/2014
[    0.000000] DMI: Memory slots populated: 1/1
[    0.000000] Hypervisor detected: KVM
[    0.000000] kvm-clock: Using msrs 4b564d01 and 4b564d00
[    0.000000] kvm-clock: using sched offset of 232726706 cycles
[    0.000394] clocksource: kvm-clock: mask: 0xffffffffffffffff max_cycles: 0x1cd42e4dffb, max_idle_ns: 881590591483 ns
[    0.001638] tsc: Detected 4491.560 MHz processor
[    0.002254] last_pfn = 0x3ffe0 max_arch_pfn = 0x400000000
[    0.002703] MTRR map: 4 entries (3 fixed + 1 variable; max 19), built from 8 variable MTRRs
[    0.003332] x86/PAT: Configuration [0-7]: WB  WC  UC- UC  WB  WP  UC- WT  
Memory KASLR using RDRAND RDTSC...
[    0.005439] found SMP MP-table at [mem 0x000f5470-0x000f547f]
[    0.005878] Using GB pages for direct mapping
[    0.006265] ACPI: Early table checksum verification disabled
[    0.006697] ACPI: RSDP 0x00000000000F5290 000014 (v00 BOCHS )
[    0.007132] ACPI: RSDT 0x000000003FFE27BC 000034 (v01 BOCHS  BXPC     00000001 BXPC 00000001)
[    0.007776] ACPI: FACP 0x000000003FFE2578 000074 (v01 BOCHS  BXPC     00000001 BXPC 00000001)
[    0.008420] ACPI: DSDT 0x000000003FFE0040 002538 (v01 BOCHS  BXPC     00000001 BXPC 00000001)
[    0.009063] ACPI: FACS 0x000000003FFE0000 000040
[    0.009412] ACPI: APIC 0x000000003FFE25EC 000170 (v03 BOCHS  BXPC     00000001 BXPC 00000001)
[    0.010056] ACPI: HPET 0x000000003FFE275C 000038 (v01 BOCHS  BXPC     00000001 BXPC 00000001)
[    0.010702] ACPI: WAET 0x000000003FFE2794 000028 (v01 BOCHS  BXPC     00000001 BXPC 00000001)
[    0.011346] ACPI: Reserving FACP table memory at [mem 0x3ffe2578-0x3ffe25eb]
[    0.011875] ACPI: Reserving DSDT table memory at [mem 0x3ffe0040-0x3ffe2577]
[    0.012404] ACPI: Reserving FACS table memory at [mem 0x3ffe0000-0x3ffe003f]
[    0.012935] ACPI: Reserving APIC table memory at [mem 0x3ffe25ec-0x3ffe275b]
[    0.013467] ACPI: Reserving HPET table memory at [mem 0x3ffe275c-0x3ffe2793]
[    0.014001] ACPI: Reserving WAET table memory at [mem 0x3ffe2794-0x3ffe27bb]
[    0.014681] No NUMA configuration found
[    0.014970] Faking a node at [mem 0x0000000000000000-0x000000003ffdffff]
[    0.015475] NODE_DATA(0) allocated [mem 0x3ffdb000-0x3ffdffff]
[    0.015923] Zone ranges:
[    0.016113]   DMA      [mem 0x0000000000001000-0x0000000000ffffff]
[    0.016579]   DMA32    [mem 0x0000000001000000-0x000000003ffdffff]
[    0.017044]   Normal   empty
[    0.017261]   Device   empty
[    0.017477] Movable zone start for each node
[    0.017798] Early memory node ranges
[    0.018068]   node   0: [mem 0x0000000000001000-0x000000000009efff]
[    0.018540]   node   0: [mem 0x0000000000100000-0x000000003ffdffff]
[    0.019016] Initmem setup node 0 [mem 0x0000000000001000-0x000000003ffdffff]
[    0.019549] On node 0, zone DMA: 1 pages in unavailable ranges
[    0.019998] On node 0, zone DMA: 97 pages in unavailable ranges
[    0.021424] On node 0, zone DMA32: 32 pages in unavailable ranges
[    0.022093] ACPI: PM-Timer IO Port: 0x608
[    0.022399] ACPI: LAPIC_NMI (acpi_id[0xff] dfl dfl lint[0x1])
[    0.022850] IOAPIC[0]: apic_id 0, version 17, address 0xfec00000, GSI 0-23
[    0.023374] ACPI: INT_SRC_OVR (bus 0 bus_irq 0 global_irq 2 dfl dfl)
[    0.023856] ACPI: INT_SRC_OVR (bus 0 bus_irq 5 global_irq 5 high level)
[    0.024355] ACPI: INT_SRC_OVR (bus 0 bus_irq 9 global_irq 9 high level)
[    0.024855] ACPI: INT_SRC_OVR (bus 0 bus_irq 10 global_irq 10 high level)
[    0.025368] ACPI: INT_SRC_OVR (bus 0 bus_irq 11 global_irq 11 high level)
[    0.025879] ACPI: Using ACPI (MADT) for SMP configuration information
[    0.026363] ACPI: HPET id: 0x8086a201 base: 0xfed00000
[    0.026754] TSC deadline timer available
[    0.027053] CPU topo: Max. logical packages:   1
[    0.027402] CPU topo: Max. logical dies:       1
[    0.027750] CPU topo: Max. dies per package:   1
[    0.028098] CPU topo: Max. threads per core:   1
[    0.028445] CPU topo: Num. cores per package:    32
[    0.028813] CPU topo: Num. threads per package:  32
[    0.029181] CPU topo: Allowing 32 present CPUs plus 0 hotplug CPUs
[    0.029662] kvm-guest: APIC: eoi() replaced with kvm_guest_apic_eoi_write()
[    0.030196] kvm-guest: KVM setup pv remote TLB flush
[    0.030572] kvm-guest: setup PV sched yield
[    0.030900] PM: hibernation: Registered nosave memory: [mem 0x00000000-0x00000fff]
[    0.031490] PM: hibernation: Registered nosave memory: [mem 0x0009f000-0x0009ffff]
[    0.032060] PM: hibernation: Registered nosave memory: [mem 0x000a0000-0x000effff]
[    0.032630] PM: hibernation: Registered nosave memory: [mem 0x000f0000-0x000fffff]
[    0.033201] [mem 0x40000000-0xfeffbfff] available for PCI devices
[    0.033664] Booting paravirtualized kernel on KVM
[    0.034019] clocksource: refined-jiffies: mask: 0xffffffff max_cycles: 0xffffffff, max_idle_ns: 1910969940391419 ns
[    0.037733] setup_percpu: NR_CPUS:64 nr_cpumask_bits:32 nr_cpu_ids:32 nr_node_ids:1
[    0.038921] percpu: Embedded 58 pages/cpu s198872 r8192 d30504 u262144
[    0.039444] Kernel command line: virtme_hostname=virtme-ng nr_open=1048576 virtme_link_mods=/nipa-data/kernel/.virtme_mods/lib/modules/0.0.0 virtme_initmount0=nipa-data/kernel virtme_rw_overlay0=/etc virtme_rw_overlay1=/lib virtme_rw_overlay2=/home virtme_rw_overlay3=/opt virtme_rw_overlay4=/srv virtme_rw_overlay5=/usr virtme_rw_overlay6=/var console=hvc0 earlyprintk=serial,ttyS0,115200 virtme_console=ttyS0 psmouse.proto=exps TERM=xterm virtme_chdir=nipa-data/kernel virtme_root_user=1 rootfstype=9p rootflags=version=9p2000.L,trans=virtio,access=any raid=noautodetect ro init=/usr/lib/python3.12/site-packages/virtme/guest/virtme-init
[    0.043861] Unknown kernel command line parameters "virtme_hostname=virtme-ng nr_open=1048576 virtme_link_mods=/nipa-data/kernel/.virtme_mods/lib/modules/0.0.0 virtme_initmount0=nipa-data/kernel virtme_rw_overlay0=/etc virtme_rw_overlay1=/lib virtme_rw_overlay2=/home virtme_rw_overlay3=/opt virtme_rw_overlay4=/srv virtme_rw_overlay5=/usr virtme_rw_overlay6=/var virtme_console=ttyS0 virtme_chdir=nipa-data/kernel virtme_root_user=1", will be passed to user space.
[    0.047216] random: crng init done
[    0.047512] Dentry cache hash table entries: 131072 (order: 8, 1048576 bytes, linear)
[    0.048137] Inode-cache hash table entries: 65536 (order: 7, 524288 bytes, linear)
[    0.048813] Fallback order for Node 0: 0 
[    0.048815] Built 1 zonelists, mobility grouping on.  Total pages: 262014
[    0.049656] Policy zone: DMA32
[    0.049891] mem auto-init: stack:all(zero), heap alloc:off, heap free:off
[    0.051198] Memory: 984568K/1048056K available (16384K kernel code, 2423K rwdata, 6176K rodata, 3092K init, 1992K bss, 63228K reserved, 0K cma-reserved)
[    0.052281] SLUB: HWalign=64, Order=0-3, MinObjects=0, CPUs=32, Nodes=1
Poking KASLR using RDRAND RDTSC...
[    0.053049] ftrace: allocating 47888 entries in 188 pages
[    0.060277] ftrace: allocated 188 pages with 5 groups
[    0.061302] Dynamic Preempt: voluntary
[    0.061727] rcu: Preemptible hierarchical RCU implementation.
[    0.062175] rcu: RCU event tracing is enabled.
[    0.062527] rcu: RCU restricting CPUs from NR_CPUS=64 to nr_cpu_ids=32.
[    0.063055] Trampoline variant of Tasks RCU enabled.
[    0.063448] Rude variant of Tasks RCU enabled.
[    0.063800] Tracing variant of Tasks RCU enabled.
[    0.064174] rcu: RCU calculated value of scheduler-enlistment delay is 100 jiffies.
[    0.064772] rcu: Adjusting geometry for rcu_fanout_leaf=16, nr_cpu_ids=32
[    0.065308] RCU Tasks: Setting shift to 5 and lim to 1 rcu_task_cb_adjust=1.
[    0.065859] RCU Tasks Rude: Setting shift to 5 and lim to 1 rcu_task_cb_adjust=1.
[    0.066441] RCU Tasks Trace: Setting shift to 5 and lim to 1 rcu_task_cb_adjust=1.
[    0.068455] NR_IRQS: 4352, nr_irqs: 680, preallocated irqs: 16
[    0.069077] rcu: srcu_init: Setting srcu_struct sizes based on contention.
[    0.069757] Console: colour *CGA 80x25
[    0.070054] ACPI: Core revision 20240322
[    0.070423] clocksource: hpet: mask: 0xffffffff max_cycles: 0xffffffff, max_idle_ns: 19112604467 ns
[    0.071194] APIC: Switch to symmetric I/O mode setup
[    0.071586] APIC: Switched APIC routing to: physical flat
[    0.072006] kvm-guest: APIC: send_IPI_mask() replaced with kvm_send_ipi_mask()
[    0.072550] kvm-guest: APIC: send_IPI_mask_allbutself() replaced with kvm_send_ipi_mask_allbutself()
[    0.073262] kvm-guest: setup PV IPIs
[    0.074334] ..TIMER: vector=0x30 apic1=0 pin1=2 apic2=-1 pin2=-1
[    0.075170] tsc: Marking TSC unstable due to TSCs unsynchronized
[    0.075997] Calibrating delay loop (skipped) preset value.. 8983.12 BogoMIPS (lpj=4491560)
[    0.077997] x86/cpu: User Mode Instruction Prevention (UMIP) activated
[    0.078930] Last level iTLB entries: 4KB 512, 2MB 255, 4MB 127
[    0.078995] Last level dTLB entries: 4KB 512, 2MB 255, 4MB 127, 1GB 0
[    0.080000] Spectre V1 : Mitigation: usercopy/swapgs barriers and __user pointer sanitization
[    0.080999] Spectre V2 : Mitigation: Enhanced / Automatic IBRS
[    0.081995] Spectre V2 : Spectre v2 / SpectreRSB mitigation: Filling RSB on context switch
[    0.082996] Spectre V2 : mitigation: Enabling conditional Indirect Branch Prediction Barrier
[    0.083997] Speculative Store Bypass: Mitigation: Speculative Store Bypass disabled via prctl
[    0.084995] Speculative Return Stack Overflow: IBPB-extending microcode not applied!
[    0.085995] Speculative Return Stack Overflow: WARNING: See https://kernel.org/doc/html/latest/admin-guide/hw-vuln/srso.html for mitigation options.
[    0.085996] Speculative Return Stack Overflow: Vulnerable: Safe RET, no microcode
[    0.088011] x86/fpu: Supporting XSAVE feature 0x001: 'x87 floating point registers'
[    0.088995] x86/fpu: Supporting XSAVE feature 0x002: 'SSE registers'
[    0.089995] x86/fpu: Supporting XSAVE feature 0x004: 'AVX registers'
[    0.090995] x86/fpu: Supporting XSAVE feature 0x020: 'AVX-512 opmask'
[    0.091995] x86/fpu: Supporting XSAVE feature 0x040: 'AVX-512 Hi256'
[    0.092995] x86/fpu: Supporting XSAVE feature 0x080: 'AVX-512 ZMM_Hi256'
[    0.093995] x86/fpu: Supporting XSAVE feature 0x200: 'Protection Keys User registers'
[    0.094995] x86/fpu: xstate_offset[2]:  576, xstate_sizes[2]:  256
[    0.095995] x86/fpu: xstate_offset[5]:  832, xstate_sizes[5]:   64
[    0.096995] x86/fpu: xstate_offset[6]:  896, xstate_sizes[6]:  512
[    0.097808] x86/fpu: xstate_offset[7]: 1408, xstate_sizes[7]: 1024
[    0.097995] x86/fpu: xstate_offset[9]: 2432, xstate_sizes[9]:    8
[    0.098995] x86/fpu: Enabled xstate features 0x2e7, context size is 2440 bytes, using 'compacted' format.
[    0.115876] Freeing SMP alternatives memory: 40K
[    0.115996] pid_max: default: 32768 minimum: 301
[    0.117020] Mount-cache hash table entries: 2048 (order: 2, 16384 bytes, linear)
[    0.117996] Mountpoint-cache hash table entries: 2048 (order: 2, 16384 bytes, linear)
[    0.119153] smpboot: CPU0: AMD Ryzen 9 7950X 16-Core Processor (family: 0x19, model: 0x61, stepping: 0x2)
[    0.120114] Performance Events: Fam17h+ core perfctr, AMD PMU driver.
[    0.120988] ... version:                0
[    0.120997] ... bit width:              48
[    0.121539] ... generic registers:      6
[    0.121997] ... value mask:             0000ffffffffffff
[    0.122697] ... max period:             00007fffffffffff
[    0.122997] ... fixed-purpose events:   0
[    0.123524] ... event mask:             000000000000003f
[    0.124079] signal: max sigframe size: 3376
[    0.124650] rcu: Hierarchical SRCU implementation.
[    0.124997] rcu: Max phase no-delay instances is 400.
[    0.127924] smp: Bringing up secondary CPUs ...
[    0.128053] smpboot: x86: Booting SMP configuration:
[    0.128707] .... node  #0, CPUs:        #1  #2  #3  #4  #5  #6  #7  #8  #9 #10 #11 #12 #13 #14 #15 #16 #17 #18 #19 #20 #21 #22 #23 #24 #25 #26 #27 #28 #29 #30 #31
[    0.153171] smp: Brought up 1 node, 32 CPUs
[    0.154721] smpboot: Total of 32 processors activated (287459.84 BogoMIPS)
[    0.161076] devtmpfs: initialized
[    0.162031] x86/mm: Memory block size: 128MB
[    0.163743] clocksource: jiffies: mask: 0xffffffff max_cycles: 0xffffffff, max_idle_ns: 1911260446275000 ns
[    0.164001] futex hash table entries: 8192 (order: 7, 524288 bytes, linear)
[    0.165075] PM: RTC time: 21:06:41, date: 2024-07-04
[    0.166160] NET: Registered PF_NETLINK/PF_ROUTE protocol family
[    0.167093] thermal_sys: Registered thermal governor 'step_wise'
[    0.167095] thermal_sys: Registered thermal governor 'user_space'
[    0.167909] cpuidle: using governor menu
[    0.169249] PCI: Using configuration type 1 for base access
[    0.170004] PCI: Using configuration type 1 for extended access
[    0.170860] kprobes: kprobe jump-optimization is enabled. All kprobes are optimized if possible.
[    0.175112] HugeTLB: registered 1.00 GiB page size, pre-allocated 0 pages
[    0.175998] HugeTLB: 16380 KiB vmemmap can be freed for a 1.00 GiB page
[    0.176998] HugeTLB: registered 2.00 MiB page size, pre-allocated 0 pages
[    0.177997] HugeTLB: 28 KiB vmemmap can be freed for a 2.00 MiB page
[    0.185997] Demotion targets for Node 0: null
[    0.186053] ACPI: Added _OSI(Module Device)
[    0.186763] ACPI: Added _OSI(Processor Device)
[    0.187998] ACPI: Added _OSI(3.0 _SCP Extensions)
[    0.188781] ACPI: Added _OSI(Processor Aggregator Device)
[    0.189718] ACPI: 1 ACPI AML tables successfully acquired and loaded
[    0.192015] ACPI: _OSC evaluation for CPUs failed, trying _PDC
[    0.193137] ACPI: Interpreter enabled
[    0.193642] ACPI: PM: (supports S0 S3 S4 S5)
[    0.193997] ACPI: Using IOAPIC for interrupt routing
[    0.194687] PCI: Using host bridge windows from ACPI; if necessary, use "pci=nocrs" and report a bug
[    0.195997] PCI: Using E820 reservations for host bridge windows
[    0.196897] ACPI: Enabled 2 GPEs in block 00 to 0F
[    0.199648] ACPI: PCI Root Bridge [PCI0] (domain 0000 [bus 00-ff])
[    0.201001] acpi PNP0A03:00: _OSC: OS supports [ExtendedConfig ASPM ClockPM Segments MSI HPX-Type3]
[    0.202095] PCI host bridge to bus 0000:00
[    0.202639] pci_bus 0000:00: root bus resource [io  0x0000-0x0cf7 window]
[    0.203998] pci_bus 0000:00: root bus resource [io  0x0d00-0xffff window]
[    0.204910] pci_bus 0000:00: root bus resource [mem 0x000a0000-0x000bffff window]
[    0.204997] pci_bus 0000:00: root bus resource [mem 0x40000000-0xfebfffff window]
[    0.205995] pci_bus 0000:00: root bus resource [mem 0x100000000-0x17fffffff window]
[    0.206998] pci_bus 0000:00: root bus resource [bus 00-ff]
[    0.207830] pci 0000:00:00.0: [8086:1237] type 00 class 0x060000 conventional PCI endpoint
[    0.209255] pci 0000:00:01.0: [8086:7000] type 00 class 0x060100 conventional PCI endpoint
[    0.211339] pci 0000:00:01.1: [8086:7010] type 00 class 0x010180 conventional PCI endpoint
[    0.214513] pci 0000:00:01.1: BAR 4 [io  0xc0c0-0xc0cf]
[    0.217010] pci 0000:00:01.1: BAR 0 [io  0x01f0-0x01f7]: legacy IDE quirk
[    0.217926] pci 0000:00:01.1: BAR 1 [io  0x03f6]: legacy IDE quirk
[    0.218998] pci 0000:00:01.1: BAR 2 [io  0x0170-0x0177]: legacy IDE quirk
[    0.219895] pci 0000:00:01.1: BAR 3 [io  0x0376]: legacy IDE quirk
[    0.220093] pci 0000:00:01.3: [8086:7113] type 00 class 0x068000 conventional PCI endpoint
[    0.222922] pci 0000:00:01.3: quirk: [io  0x0600-0x063f] claimed by PIIX4 ACPI
[    0.223002] pci 0000:00:01.3: quirk: [io  0x0700-0x070f] claimed by PIIX4 SMB
[    0.224122] pci 0000:00:02.0: [1af4:1009] type 00 class 0x000200 conventional PCI endpoint
[    0.226998] pci 0000:00:02.0: BAR 0 [io  0xc000-0xc03f]
[    0.228721] pci 0000:00:02.0: BAR 1 [mem 0xfebfc000-0xfebfcfff]
[    0.234675] pci 0000:00:02.0: BAR 4 [mem 0xfebf0000-0xfebf3fff 64bit pref]
[    0.237624] pci 0000:00:03.0: [1af4:1009] type 00 class 0x000200 conventional PCI endpoint
[    0.239997] pci 0000:00:03.0: BAR 0 [io  0xc040-0xc07f]
[    0.241728] pci 0000:00:03.0: BAR 1 [mem 0xfebfd000-0xfebfdfff]
[    0.247680] pci 0000:00:03.0: BAR 4 [mem 0xfebf4000-0xfebf7fff 64bit pref]
[    0.250556] pci 0000:00:04.0: [8086:25ab] type 00 class 0x088000 conventional PCI endpoint
[    0.252548] pci 0000:00:04.0: BAR 0 [mem 0xfebfe000-0xfebfe00f]
[    0.257336] pci 0000:00:05.0: [1af4:1003] type 00 class 0x078000 conventional PCI endpoint
[    0.259998] pci 0000:00:05.0: BAR 0 [io  0xc080-0xc0bf]
[    0.262998] pci 0000:00:05.0: BAR 1 [mem 0xfebff000-0xfebfffff]
[    0.270998] pci 0000:00:05.0: BAR 4 [mem 0xfebf8000-0xfebfbfff 64bit pref]
[    0.274975] ACPI: PCI: Interrupt link LNKA configured for IRQ 10
[    0.276145] ACPI: PCI: Interrupt link LNKB configured for IRQ 10
[    0.278150] ACPI: PCI: Interrupt link LNKC configured for IRQ 11
[    0.279129] ACPI: PCI: Interrupt link LNKD configured for IRQ 11
[    0.280094] ACPI: PCI: Interrupt link LNKS configured for IRQ 9
[    0.282160] iommu: Default domain type: Translated
[    0.282983] iommu: DMA domain TLB invalidation policy: lazy mode
[    0.284072] SCSI subsystem initialized
[    0.285038] pps_core: LinuxPPS API ver. 1 registered
[    0.285998] pps_core: Software ver. 5.3.6 - Copyright 2005-2007 Rodolfo Giometti <giometti@linux.it>
[    0.286999] PTP clock support registered
[    0.288031] Advanced Linux Sound Architecture Driver Initialized.
[    0.289364] NET: Registered PF_ATMPVC protocol family
[    0.289999] NET: Registered PF_ATMSVC protocol family
[    0.290858] PCI: Using ACPI for IRQ routing
[    0.292103] vgaarb: loaded
[    0.293037] hpet0: at MMIO 0xfed00000, IRQs 2, 8, 0
[    0.293040] hpet0: 3 comparators, 64-bit 100.000000 MHz counter
[    0.299199] clocksource: Switched to clocksource kvm-clock
[    0.300013] VFS: Disk quotas dquot_6.6.0
[    0.300549] VFS: Dquot-cache hash table entries: 512 (order 0, 4096 bytes)
[    0.301491] pnp: PnP ACPI init
[    0.302120] pnp: PnP ACPI: found 5 devices
[    0.310038] clocksource: acpi_pm: mask: 0xffffff max_cycles: 0xffffff, max_idle_ns: 2085701024 ns
[    0.311236] NET: Registered PF_INET protocol family
[    0.311899] IP idents hash table entries: 16384 (order: 5, 131072 bytes, linear)
[    0.313043] tcp_listen_portaddr_hash hash table entries: 512 (order: 1, 8192 bytes, linear)
[    0.314153] Table-perturb hash table entries: 65536 (order: 6, 262144 bytes, linear)
[    0.315188] TCP established hash table entries: 8192 (order: 4, 65536 bytes, linear)
[    0.316304] TCP bind hash table entries: 8192 (order: 6, 262144 bytes, linear)
[    0.317262] TCP: Hash tables configured (established 8192 bind 8192)
[    0.318118] UDP hash table entries: 512 (order: 2, 16384 bytes, linear)
[    0.318990] UDP-Lite hash table entries: 512 (order: 2, 16384 bytes, linear)
[    0.319943] NET: Registered PF_UNIX/PF_LOCAL protocol family
[    0.320696] pci_bus 0000:00: resource 4 [io  0x0000-0x0cf7 window]
[    0.321510] pci_bus 0000:00: resource 5 [io  0x0d00-0xffff window]
[    0.322328] pci_bus 0000:00: resource 6 [mem 0x000a0000-0x000bffff window]
[    0.323230] pci_bus 0000:00: resource 7 [mem 0x40000000-0xfebfffff window]
[    0.324143] pci_bus 0000:00: resource 8 [mem 0x100000000-0x17fffffff window]
[    0.325100] pci 0000:00:01.0: PIIX3: Enabling Passive Release
[    0.325868] pci 0000:00:00.0: Limiting direct PCI/PCI transfers
[    0.326689] PCI: CLS 0 bytes, default 64
[    0.327250] kvm_intel: VMX not supported by CPU 30
[    0.327897] kvm_amd: TSC scaling supported
[    0.328442] kvm_amd: Nested Virtualization enabled
[    0.329068] kvm_amd: Nested Paging enabled
[    0.329615] kvm_amd: LBR virtualization supported
[    0.330239] kvm_amd: Virtual VMLOAD VMSAVE supported
[    0.330896] kvm_amd: Virtual GIF supported
[    0.331442] kvm_amd: Virtual NMI enabled
[    0.426025] Initialise system trusted keyrings
[    0.426730] workingset: timestamp_bits=56 max_order=18 bucket_order=0
[    0.427630] squashfs: version 4.0 (2009/01/31) Phillip Lougher
[    0.428424] fuse: init (API version 7.40)
[    0.428998] 9p: Installing v9fs 9p2000 file system support
[    0.436416] Key type asymmetric registered
[    0.436961] Asymmetric key parser 'x509' registered
[    0.437642] Block layer SCSI generic (bsg) driver version 0.4 loaded (major 249)
[    0.438647] io scheduler mq-deadline registered
[    0.439267] io scheduler kyber registered
[    0.440838] input: Power Button as /devices/LNXSYSTM:00/LNXPWRBN:00/input/input0
[    0.441930] ACPI: button: Power Button [PWRF]
[    0.442557] Warning: Processor Platform Limit event detected, but not handled.
[    0.443518] Consider compiling CPUfreq support into your kernel.
[    0.461181] ACPI: \_SB_.LNKB: Enabled at IRQ 10
[    0.478526] ACPI: \_SB_.LNKC: Enabled at IRQ 11
[    0.499004] ACPI: \_SB_.LNKA: Enabled at IRQ 10
[    0.500695] Serial: 8250/16550 driver, 4 ports, IRQ sharing enabled
[    0.501912] 00:03: ttyS0 at I/O 0x3f8 (irq = 4, base_baud = 115200) is a 16550A
[    0.552208] Non-volatile memory driver v1.3
[    0.552812] Linux agpgart interface v0.103
[    0.553399] printk: legacy console [hvc0] enabled
[    0.553458] ACPI: bus type drm_connector registered
[    0.554234] printk: legacy bootconsole [earlyser0] disabled
          _      _                                    
   __   _(_)_ __| |_ _ __ ___   ___       _ __   __ _ 
   \ \ / / |  __| __|  _   _ \ / _ \_____|  _ \ / _  |
    \ V /| | |  | |_| | | | | |  __/_____| | | | (_| |
     \_/ |_|_|   \__|_| |_| |_|\___|     |_| |_|\__  |
                                                |___/ 
   kernel version: 6.10.0-rc5-virtme x86_64
   (CTRL+d to exit)

virtme-ng:/nipa-data/kernel# PS1='xx__-> '
xx__-> env
PWD=/nipa-data/kernel
nr_open=1048576
HOME=/root
TERM=xterm
SHLVL=2
XDG_RUNTIME_DIR=/run/user/0
PATH=/bin:/sbin:/usr/bin:/usr/sbin:/usr/local/bin
OLDPWD=/
_=/usr/bin/env
xx__-> 