No EFI environment detected.
early console in extract_kernel
input_data: 0x0000000004cba2c4
input_len: 0x000000000186c6f1
output: 0x0000000001000000
output_len: 0x00000000054b19e0
kernel_total_size: 0x0000000005030000
needed_size: 0x0000000005600000
trampoline_32bit: 0x0000000000000000
Physical KASLR using RDRAND RDTSC...
Virtual KASLR using RDRAND RDTSC...

Decompressing Linux... Parsing ELF... Performing relocations... done.
Booting the kernel (entry_offset: 0x0000000000000000).
[    0.000000] Linux version 6.10.0-rc5-virtme (root@45decea3a14e) (gcc (Alpine 13.2.1_git20240309) 13.2.1 20240309, GNU ld (GNU Binutils) 2.42) #1 SMP PREEMPT_DYNAMIC Tue Jul  2 09:27:02 UTC 2024
[    0.000000] Command line: virtme_hostname=virtme-ng nr_open=1048576 virtme_link_mods=/nipa-data/kernel/.virtme_mods/lib/modules/0.0.0 virtme_initmount0=nipa-data/kernel virtme_rw_overlay0=/etc virtme_rw_overlay1=/lib virtme_rw_overlay2=/home virtme_rw_overlay3=/opt virtme_rw_overlay4=/srv virtme_rw_overlay5=/usr virtme_rw_overlay6=/var console=hvc0 earlyprintk=serial,ttyS0,115200 virtme_console=ttyS0 psmouse.proto=exps TERM=xterm virtme_chdir=nipa-data/kernel virtme_root_user=1 rootfstype=9p rootflags=version=9p2000.L,trans=virtio,access=any raid=noautodetect ro init=/usr/lib/python3.12/site-packages/virtme/guest/virtme-init
[    0.000000] BIOS-provided physical RAM map:
[    0.000000] BIOS-e820: [mem 0x0000000000000000-0x000000000009fbff] usable
[    0.000000] BIOS-e820: [mem 0x000000000009fc00-0x000000000009ffff] reserved
[    0.000000] BIOS-e820: [mem 0x00000000000f0000-0x00000000000fffff] reserved
[    0.000000] BIOS-e820: [mem 0x0000000000100000-0x000000003ffdffff] usable
[    0.000000] BIOS-e820: [mem 0x000000003ffe0000-0x000000003fffffff] reserved
[    0.000000] BIOS-e820: [mem 0x00000000feffc000-0x00000000feffffff] reserved
[    0.000000] BIOS-e820: [mem 0x00000000fffc0000-0x00000000ffffffff] reserved
[    0.000000] BIOS-e820: [mem 0x000000fd00000000-0x000000ffffffffff] reserved
[    0.000000] printk: legacy bootconsole [earlyser0] enabled
[    0.000000] NX (Execute Disable) protection: active
[    0.000000] APIC: Static calls initialized
[    0.000000] SMBIOS 2.8 present.
[    0.000000] DMI: QEMU Standard PC (i440FX + PIIX, 1996), BIOS rel-1.16.3-0-ga6ed6b701f0a-prebuilt.qemu.org 04/01/2014
[    0.000000] DMI: Memory slots populated: 1/1
[    0.000000] Hypervisor detected: KVM
[    0.000000] kvm-clock: Using msrs 4b564d01 and 4b564d00
[    0.000000] kvm-clock: using sched offset of 372710060 cycles
[    0.000396] clocksource: kvm-clock: mask: 0xffffffffffffffff max_cycles: 0x1cd42e4dffb, max_idle_ns: 881590591483 ns
[    0.001628] tsc: Detected 4491.560 MHz processor
[    0.002337] last_pfn = 0x3ffe0 max_arch_pfn = 0x400000000
[    0.002769] MTRR map: 4 entries (3 fixed + 1 variable; max 19), built from 8 variable MTRRs
[    0.003404] x86/PAT: Configuration [0-7]: WB  WC  UC- UC  WB  WP  UC- WT  
[    0.005472] found SMP MP-table at [mem 0x000f5470-0x000f547f]
[    0.005915] Using GB pages for direct mapping
[    0.006408] ACPI: Early table checksum verification disabled
[    0.006837] ACPI: RSDP 0x00000000000F5290 000014 (v00 BOCHS )
[    0.007277] ACPI: RSDT 0x000000003FFE27BC 000034 (v01 BOCHS  BXPC     00000001 BXPC 00000001)
[    0.007921] ACPI: FACP 0x000000003FFE2578 000074 (v01 BOCHS  BXPC     00000001 BXPC 00000001)
[    0.008572] ACPI: DSDT 0x000000003FFE0040 002538 (v01 BOCHS  BXPC     00000001 BXPC 00000001)
[    0.009220] ACPI: FACS 0x000000003FFE0000 000040
[    0.009571] ACPI: APIC 0x000000003FFE25EC 000170 (v03 BOCHS  BXPC     00000001 BXPC 00000001)
[    0.010217] ACPI: HPET 0x000000003FFE275C 000038 (v01 BOCHS  BXPC     00000001 BXPC 00000001)
[    0.010863] ACPI: WAET 0x000000003FFE2794 000028 (v01 BOCHS  BXPC     00000001 BXPC 00000001)
[    0.011507] ACPI: Reserving FACP table memory at [mem 0x3ffe2578-0x3ffe25eb]
[    0.012040] ACPI: Reserving DSDT table memory at [mem 0x3ffe0040-0x3ffe2577]
[    0.012574] ACPI: Reserving FACS table memory at [mem 0x3ffe0000-0x3ffe003f]
[    0.013106] ACPI: Reserving APIC table memory at [mem 0x3ffe25ec-0x3ffe275b]
[    0.013635] ACPI: Reserving HPET table memory at [mem 0x3ffe275c-0x3ffe2793]
[    0.014164] ACPI: Reserving WAET table memory at [mem 0x3ffe2794-0x3ffe27bb]
[    0.014899] No NUMA configuration found
[    0.015187] Faking a node at [mem 0x0000000000000000-0x000000003ffdffff]
[    0.015692] NODE_DATA(0) allocated [mem 0x3ffdb000-0x3ffdffff]
[    0.016147] Zone ranges:
[    0.016338]   DMA      [mem 0x0000000000001000-0x0000000000ffffff]
[    0.016808]   DMA32    [mem 0x0000000001000000-0x000000003ffdffff]
[    0.017272]   Normal   empty
[    0.017489]   Device   empty
[    0.017706] Movable zone start for each node
[    0.018027] Early memory node ranges
[    0.018295]   node   0: [mem 0x0000000000001000-0x000000000009efff]
[    0.018767]   node   0: [mem 0x0000000000100000-0x000000003ffdffff]
[    0.019238] Initmem setup node 0 [mem 0x0000000000001000-0x000000003ffdffff]
[    0.019771] On node 0, zone DMA: 1 pages in unavailable ranges
[    0.020268] On node 0, zone DMA: 97 pages in unavailable ranges
[    0.025024] On node 0, zone DMA32: 32 pages in unavailable ranges
[    0.034503] kasan: KernelAddressSanitizer initialized
[    0.035124] ACPI: PM-Timer IO Port: 0x608
[    0.035439] ACPI: LAPIC_NMI (acpi_id[0xff] dfl dfl lint[0x1])
[    0.035897] IOAPIC[0]: apic_id 0, version 17, address 0xfec00000, GSI 0-23
[    0.036418] ACPI: INT_SRC_OVR (bus 0 bus_irq 0 global_irq 2 dfl dfl)
[    0.036907] ACPI: INT_SRC_OVR (bus 0 bus_irq 5 global_irq 5 high level)
[    0.037408] ACPI: INT_SRC_OVR (bus 0 bus_irq 9 global_irq 9 high level)
[    0.037908] ACPI: INT_SRC_OVR (bus 0 bus_irq 10 global_irq 10 high level)
[    0.038425] ACPI: INT_SRC_OVR (bus 0 bus_irq 11 global_irq 11 high level)
[    0.038938] ACPI: Using ACPI (MADT) for SMP configuration information
[    0.039422] ACPI: HPET id: 0x8086a201 base: 0xfed00000
[    0.039810] TSC deadline timer available
[    0.040108] CPU topo: Max. logical packages:   1
[    0.040456] CPU topo: Max. logical dies:       1
[    0.040810] CPU topo: Max. dies per package:   1
[    0.041160] CPU topo: Max. threads per core:   1
[    0.041509] CPU topo: Num. cores per package:    32
[    0.041876] CPU topo: Num. threads per package:  32
[    0.042248] CPU topo: Allowing 32 present CPUs plus 0 hotplug CPUs
[    0.042731] kvm-guest: APIC: eoi() replaced with kvm_guest_apic_eoi_write()
[    0.043270] kvm-guest: KVM setup pv remote TLB flush
[    0.043647] kvm-guest: setup PV sched yield
[    0.043970] PM: hibernation: Registered nosave memory: [mem 0x00000000-0x00000fff]
[    0.044541] PM: hibernation: Registered nosave memory: [mem 0x0009f000-0x0009ffff]
[    0.045116] PM: hibernation: Registered nosave memory: [mem 0x000a0000-0x000effff]
[    0.045688] PM: hibernation: Registered nosave memory: [mem 0x000f0000-0x000fffff]
[    0.046261] [mem 0x40000000-0xfeffbfff] available for PCI devices
[    0.046721] Booting paravirtualized kernel on KVM
[    0.047078] clocksource: refined-jiffies: mask: 0xffffffff max_cycles: 0xffffffff, max_idle_ns: 1910969940391419 ns
[    0.056382] setup_percpu: NR_CPUS:64 nr_cpumask_bits:32 nr_cpu_ids:32 nr_node_ids:1
[    0.058242] percpu: Embedded 70 pages/cpu s248536 r8192 d29992 u524288
[    0.058797] Kernel command line: virtme_hostname=virtme-ng nr_open=1048576 virtme_link_mods=/nipa-data/kernel/.virtme_mods/lib/modules/0.0.0 virtme_initmount0=nipa-data/kernel virtme_rw_overlay0=/etc virtme_rw_overlay1=/lib virtme_rw_overlay2=/home virtme_rw_overlay3=/opt virtme_rw_overlay4=/srv virtme_rw_overlay5=/usr virtme_rw_overlay6=/var console=hvc0 earlyprintk=serial,ttyS0,115200 virtme_console=ttyS0 psmouse.proto=exps TERM=xterm virtme_chdir=nipa-data/kernel virtme_root_user=1 rootfstype=9p rootflags=version=9p2000.L,trans=virtio,access=any raid=noautodetect ro init=/usr/lib/python3.12/site-packages/virtme/guest/virtme-init
[    0.063273] Unknown kernel command line parameters "virtme_hostname=virtme-ng nr_open=1048576 virtme_link_mods=/nipa-data/kernel/.virtme_mods/lib/modules/0.0.0 virtme_initmount0=nipa-data/kernel virtme_rw_overlay0=/etc virtme_rw_overlay1=/lib virtme_rw_overlay2=/home virtme_rw_overlay3=/opt virtme_rw_overlay4=/srv virtme_rw_overlay5=/usr virtme_rw_overlay6=/var virtme_console=ttyS0 virtme_chdir=nipa-data/kernel virtme_root_user=1", will be passed to user space.
[    0.066639] random: crng init done
[    0.066939] Dentry cache hash table entries: 131072 (order: 8, 1048576 bytes, linear)
[    0.067570] Inode-cache hash table entries: 65536 (order: 7, 524288 bytes, linear)
[    0.068597] Fallback order for Node 0: 0 
[    0.068602] Built 1 zonelists, mobility grouping on.  Total pages: 262014
[    0.069449] Policy zone: DMA32
[    0.069687] mem auto-init: stack:all(zero), heap alloc:off, heap free:off
[    0.070214] stackdepot: allocating hash table via alloc_large_system_hash
[    0.070742] stackdepot hash table entries: 1048576 (order: 12, 16777216 bytes, linear)
[    0.078792] Memory: 778720K/1048056K available (45056K kernel code, 11218K rwdata, 9852K rodata, 5920K init, 2128K bss, 269080K reserved, 0K cma-reserved)
[    0.080044] SLUB: HWalign=64, Order=0-3, MinObjects=0, CPUs=32, Nodes=1
Poking KASLR using RDRAND RDTSC...
[    0.080863] ftrace: allocating 48032 entries in 188 pages
[    0.089803] ftrace: allocated 188 pages with 5 groups
[    0.091048] Dynamic Preempt: voluntary
[    0.091812] rcu: Preemptible hierarchical RCU implementation.
[    0.092255] rcu: RCU event tracing is enabled.
[    0.092605] rcu: RCU restricting CPUs from NR_CPUS=64 to nr_cpu_ids=32.
[    0.093124] Trampoline variant of Tasks RCU enabled.
[    0.093513] Rude variant of Tasks RCU enabled.
[    0.093862] Tracing variant of Tasks RCU enabled.
[    0.094231] rcu: RCU calculated value of scheduler-enlistment delay is 100 jiffies.
[    0.094821] rcu: Adjusting geometry for rcu_fanout_leaf=16, nr_cpu_ids=32
[    0.095414] RCU Tasks: Setting shift to 5 and lim to 1 rcu_task_cb_adjust=1.
[    0.095958] RCU Tasks Rude: Setting shift to 5 and lim to 1 rcu_task_cb_adjust=1.
[    0.096536] RCU Tasks Trace: Setting shift to 5 and lim to 1 rcu_task_cb_adjust=1.
[    0.105586] NR_IRQS: 4352, nr_irqs: 680, preallocated irqs: 16
[    0.106299] rcu: srcu_init: Setting srcu_struct sizes based on contention.
[    0.107042] Console: colour *CGA 80x25
[    0.107375] ACPI: Core revision 20240322
[    0.107832] clocksource: hpet: mask: 0xffffffff max_cycles: 0xffffffff, max_idle_ns: 19112604467 ns
[    0.108595] APIC: Switch to symmetric I/O mode setup
[    0.109000] APIC: Switched APIC routing to: physical flat
[    0.109414] kvm-guest: APIC: send_IPI_mask() replaced with kvm_send_ipi_mask()
[    0.109963] kvm-guest: APIC: send_IPI_mask_allbutself() replaced with kvm_send_ipi_mask_allbutself()
[    0.110674] kvm-guest: setup PV IPIs
[    0.111833] ..TIMER: vector=0x30 apic1=0 pin1=2 apic2=-1 pin2=-1
[    0.112669] tsc: Marking TSC unstable due to TSCs unsynchronized
[    0.113479] Calibrating delay loop (skipped) preset value.. 8983.12 BogoMIPS (lpj=4491560)
[    0.114544] x86/cpu: User Mode Instruction Prevention (UMIP) activated
[    0.115514] Last level iTLB entries: 4KB 512, 2MB 255, 4MB 127
[    0.116291] Last level dTLB entries: 4KB 512, 2MB 255, 4MB 127, 1GB 0
[    0.116482] Spectre V1 : Mitigation: usercopy/swapgs barriers and __user pointer sanitization
[    0.117481] Spectre V2 : Mitigation: Enhanced / Automatic IBRS
[    0.118477] Spectre V2 : Spectre v2 / SpectreRSB mitigation: Filling RSB on context switch
[    0.119479] Spectre V2 : mitigation: Enabling conditional Indirect Branch Prediction Barrier
[    0.120479] Speculative Store Bypass: Mitigation: Speculative Store Bypass disabled via prctl
[    0.121477] Speculative Return Stack Overflow: IBPB-extending microcode not applied!
[    0.122477] Speculative Return Stack Overflow: WARNING: See https://kernel.org/doc/html/latest/admin-guide/hw-vuln/srso.html for mitigation options.
[    0.122478] Speculative Return Stack Overflow: Vulnerable: Safe RET, no microcode
[    0.124493] x86/fpu: Supporting XSAVE feature 0x001: 'x87 floating point registers'
[    0.125477] x86/fpu: Supporting XSAVE feature 0x002: 'SSE registers'
[    0.126477] x86/fpu: Supporting XSAVE feature 0x004: 'AVX registers'
[    0.127477] x86/fpu: Supporting XSAVE feature 0x020: 'AVX-512 opmask'
[    0.128477] x86/fpu: Supporting XSAVE feature 0x040: 'AVX-512 Hi256'
[    0.129477] x86/fpu: Supporting XSAVE feature 0x080: 'AVX-512 ZMM_Hi256'
[    0.130477] x86/fpu: Supporting XSAVE feature 0x200: 'Protection Keys User registers'
[    0.131477] x86/fpu: xstate_offset[2]:  576, xstate_sizes[2]:  256
[    0.132477] x86/fpu: xstate_offset[5]:  832, xstate_sizes[5]:   64
[    0.133279] x86/fpu: xstate_offset[6]:  896, xstate_sizes[6]:  512
[    0.133477] x86/fpu: xstate_offset[7]: 1408, xstate_sizes[7]: 1024
[    0.134477] x86/fpu: xstate_offset[9]: 2432, xstate_sizes[9]:    8
[    0.135477] x86/fpu: Enabled xstate features 0x2e7, context size is 2440 bytes, using 'compacted' format.
[    0.158944] Freeing SMP alternatives memory: 40K
[    0.159478] pid_max: default: 32768 minimum: 301
[    0.160226] Mount-cache hash table entries: 2048 (order: 2, 16384 bytes, linear)
[    0.160478] Mountpoint-cache hash table entries: 2048 (order: 2, 16384 bytes, linear)
[    0.163030] smpboot: CPU0: AMD Ryzen 9 7950X 16-Core Processor (family: 0x19, model: 0x61, stepping: 0x2)
[    0.163959] Performance Events: Fam17h+ core perfctr, AMD PMU driver.
[    0.164481] ... version:                0
[    0.165006] ... bit width:              48
[    0.165479] ... generic registers:      6
[    0.166002] ... value mask:             0000ffffffffffff
[    0.166479] ... max period:             00007fffffffffff
[    0.167175] ... fixed-purpose events:   0
[    0.167479] ... event mask:             000000000000003f
[    0.168296] signal: max sigframe size: 3376
[    0.168525] rcu: Hierarchical SRCU implementation.
[    0.169152] rcu: Max phase no-delay instances is 400.
[    0.173690] smp: Bringing up secondary CPUs ...
[    0.174536] smpboot: x86: Booting SMP configuration:
[    0.175195] .... node  #0, CPUs:        #1  #2  #3  #4  #5  #6  #7  #8  #9 #10 #11 #12 #13 #14 #15 #16 #17 #18 #19 #20 #21 #22 #23 #24 #25 #26 #27 #28 #29 #30 #31
[    0.196654] smp: Brought up 1 node, 32 CPUs
[    0.198029] smpboot: Total of 32 processors activated (287459.84 BogoMIPS)
[    0.205733] devtmpfs: initialized
[    0.206657] x86/mm: Memory block size: 128MB
[    0.213649] clocksource: jiffies: mask: 0xffffffff max_cycles: 0xffffffff, max_idle_ns: 1911260446275000 ns
[    0.214557] futex hash table entries: 8192 (order: 7, 524288 bytes, linear)
[    0.215801] PM: RTC time: 09:27:37, date: 2024-07-02
[    0.217294] NET: Registered PF_NETLINK/PF_ROUTE protocol family
[    0.218588] thermal_sys: Registered thermal governor 'step_wise'
[    0.218591] thermal_sys: Registered thermal governor 'user_space'
[    0.219427] cpuidle: using governor menu
[    0.220982] PCI: Using configuration type 1 for base access
[    0.221479] PCI: Using configuration type 1 for extended access
[    0.222393] kprobes: kprobe jump-optimization is enabled. All kprobes are optimized if possible.
[    0.238620] HugeTLB: registered 1.00 GiB page size, pre-allocated 0 pages
[    0.239479] HugeTLB: 16380 KiB vmemmap can be freed for a 1.00 GiB page
[    0.240365] HugeTLB: registered 2.00 MiB page size, pre-allocated 0 pages
[    0.241479] HugeTLB: 28 KiB vmemmap can be freed for a 2.00 MiB page
[    0.242601] Demotion targets for Node 0: null
[    0.243798] ACPI: Added _OSI(Module Device)
[    0.244354] ACPI: Added _OSI(Processor Device)
[    0.244479] ACPI: Added _OSI(3.0 _SCP Extensions)
[    0.245113] ACPI: Added _OSI(Processor Aggregator Device)
[    0.271304] ACPI: 1 ACPI AML tables successfully acquired and loaded
[    0.273669] ACPI: _OSC evaluation for CPUs failed, trying _PDC
[    0.276819] ACPI: Interpreter enabled
[    0.277375] ACPI: PM: (supports S0 S3 S4 S5)
[    0.278479] ACPI: Using IOAPIC for interrupt routing
[    0.279193] PCI: Using host bridge windows from ACPI; if necessary, use "pci=nocrs" and report a bug
[    0.280479] PCI: Using E820 reservations for host bridge windows
[    0.282411] ACPI: Enabled 2 GPEs in block 00 to 0F
[    0.331621] ACPI: PCI Root Bridge [PCI0] (domain 0000 [bus 00-ff])
[    0.332470] acpi PNP0A03:00: _OSC: OS supports [ExtendedConfig ASPM ClockPM Segments MSI HPX-Type3]
[    0.335001] PCI host bridge to bus 0000:00
[    0.335482] pci_bus 0000:00: root bus resource [io  0x0000-0x0cf7 window]
[    0.336393] pci_bus 0000:00: root bus resource [io  0x0d00-0xffff window]
[    0.336481] pci_bus 0000:00: root bus resource [mem 0x000a0000-0x000bffff window]
[    0.338482] pci_bus 0000:00: root bus resource [mem 0x40000000-0xfebfffff window]
[    0.339481] pci_bus 0000:00: root bus resource [mem 0x100000000-0x17fffffff window]
[    0.340482] pci_bus 0000:00: root bus resource [bus 00-ff]
[    0.341381] pci 0000:00:00.0: [8086:1237] type 00 class 0x060000 conventional PCI endpoint
[    0.343394] pci 0000:00:01.0: [8086:7000] type 00 class 0x060100 conventional PCI endpoint
[    0.345436] pci 0000:00:01.1: [8086:7010] type 00 class 0x010180 conventional PCI endpoint
[    0.348760] pci 0000:00:01.1: BAR 4 [io  0xc0c0-0xc0cf]
[    0.350269] pci 0000:00:01.1: BAR 0 [io  0x01f0-0x01f7]: legacy IDE quirk
[    0.351480] pci 0000:00:01.1: BAR 1 [io  0x03f6]: legacy IDE quirk
[    0.352317] pci 0000:00:01.1: BAR 2 [io  0x0170-0x0177]: legacy IDE quirk
[    0.353479] pci 0000:00:01.1: BAR 3 [io  0x0376]: legacy IDE quirk
[    0.355044] pci 0000:00:01.3: [8086:7113] type 00 class 0x068000 conventional PCI endpoint
[    0.355756] pci 0000:00:01.3: quirk: [io  0x0600-0x063f] claimed by PIIX4 ACPI
[    0.358484] pci 0000:00:01.3: quirk: [io  0x0700-0x070f] claimed by PIIX4 SMB
[    0.360201] pci 0000:00:02.0: [1af4:1009] type 00 class 0x000200 conventional PCI endpoint
[    0.362480] pci 0000:00:02.0: BAR 0 [io  0xc000-0xc03f]
[    0.364215] pci 0000:00:02.0: BAR 1 [mem 0xfebfc000-0xfebfcfff]
[    0.370479] pci 0000:00:02.0: BAR 4 [mem 0xfebf0000-0xfebf3fff 64bit pref]
[    0.385412] pci 0000:00:03.0: [1af4:1009] type 00 class 0x000200 conventional PCI endpoint
[    0.387480] pci 0000:00:03.0: BAR 0 [io  0xc040-0xc07f]
[    0.390280] pci 0000:00:03.0: BAR 1 [mem 0xfebfd000-0xfebfdfff]
[    0.395480] pci 0000:00:03.0: BAR 4 [mem 0xfebf4000-0xfebf7fff 64bit pref]
[    0.411314] pci 0000:00:04.0: [8086:25ab] type 00 class 0x088000 conventional PCI endpoint
[    0.412895] pci 0000:00:04.0: BAR 0 [mem 0xfebfe000-0xfebfe00f]
[    0.429755] pci 0000:00:05.0: [1af4:1003] type 00 class 0x078000 conventional PCI endpoint
[    0.432480] pci 0000:00:05.0: BAR 0 [io  0xc080-0xc0bf]
[    0.434254] pci 0000:00:05.0: BAR 1 [mem 0xfebff000-0xfebfffff]
[    0.439479] pci 0000:00:05.0: BAR 4 [mem 0xfebf8000-0xfebfbfff 64bit pref]
[    0.457285] ACPI: PCI: Interrupt link LNKA configured for IRQ 10
[    0.458465] ACPI: PCI: Interrupt link LNKB configured for IRQ 10
[    0.460443] ACPI: PCI: Interrupt link LNKC configured for IRQ 11
[    0.462454] ACPI: PCI: Interrupt link LNKD configured for IRQ 11
[    0.463879] ACPI: PCI: Interrupt link LNKS configured for IRQ 9
[    0.483995] iommu: Default domain type: Translated
[    0.484479] iommu: DMA domain TLB invalidation policy: lazy mode
[    0.485749] SCSI subsystem initialized
[    0.486643] pps_core: LinuxPPS API ver. 1 registered
[    0.487291] pps_core: Software ver. 5.3.6 - Copyright 2005-2007 Rodolfo Giometti <giometti@linux.it>
[    0.488494] PTP clock support registered
[    0.489613] Advanced Linux Sound Architecture Driver Initialized.
[    0.491661] NET: Registered PF_ATMPVC protocol family
[    0.492329] NET: Registered PF_ATMSVC protocol family
[    0.492504] PCI: Using ACPI for IRQ routing
[    0.493518] vgaarb: loaded
[    0.493615] hpet0: at MMIO 0xfed00000, IRQs 2, 8, 0
[    0.494253] hpet0: 3 comparators, 64-bit 100.000000 MHz counter
[    0.499511] clocksource: Switched to clocksource kvm-clock
[    0.500775] VFS: Disk quotas dquot_6.6.0
[    0.500775] VFS: Dquot-cache hash table entries: 512 (order 0, 4096 bytes)
[    0.503319] pnp: PnP ACPI init
[    0.506265] pnp: PnP ACPI: found 5 devices
[    0.519115] clocksource: acpi_pm: mask: 0xffffff max_cycles: 0xffffff, max_idle_ns: 2085701024 ns
[    0.520457] NET: Registered PF_INET protocol family
[    0.521143] IP idents hash table entries: 16384 (order: 5, 131072 bytes, linear)
[    0.522519] tcp_listen_portaddr_hash hash table entries: 512 (order: 1, 8192 bytes, linear)
[    0.523620] Table-perturb hash table entries: 65536 (order: 6, 262144 bytes, linear)
[    0.524671] TCP established hash table entries: 8192 (order: 4, 65536 bytes, linear)
[    0.525782] TCP bind hash table entries: 8192 (order: 6, 262144 bytes, linear)
[    0.526750] TCP: Hash tables configured (established 8192 bind 8192)
[    0.527767] UDP hash table entries: 512 (order: 2, 16384 bytes, linear)
[    0.528703] UDP-Lite hash table entries: 512 (order: 2, 16384 bytes, linear)
[    0.529881] NET: Registered PF_UNIX/PF_LOCAL protocol family
[    0.530661] pci_bus 0000:00: resource 4 [io  0x0000-0x0cf7 window]
[    0.531482] pci_bus 0000:00: resource 5 [io  0x0d00-0xffff window]
[    0.532320] pci_bus 0000:00: resource 6 [mem 0x000a0000-0x000bffff window]
[    0.533244] pci_bus 0000:00: resource 7 [mem 0x40000000-0xfebfffff window]
[    0.534168] pci_bus 0000:00: resource 8 [mem 0x100000000-0x17fffffff window]
[    0.535333] pci 0000:00:01.0: PIIX3: Enabling Passive Release
[    0.536112] pci 0000:00:00.0: Limiting direct PCI/PCI transfers
[    0.536968] PCI: CLS 0 bytes, default 64
[    0.537572] kvm_intel: VMX not supported by CPU 15
[    0.538250] kvm_amd: TSC scaling supported
[    0.538805] kvm_amd: Nested Virtualization enabled
[    0.539446] kvm_amd: Nested Paging enabled
[    0.540015] kvm_amd: LBR virtualization supported
[    0.540952] kvm_amd: Virtual VMLOAD VMSAVE supported
[    0.541616] kvm_amd: Virtual GIF supported
[    0.542185] kvm_amd: Virtual NMI enabled
[    0.648760] Initialise system trusted keyrings
[    0.649611] workingset: timestamp_bits=56 max_order=18 bucket_order=0
[    0.650673] squashfs: version 4.0 (2009/01/31) Phillip Lougher
[    0.651446] fuse: init (API version 7.40)
[    0.652115] 9p: Installing v9fs 9p2000 file system support
[    0.662374] Key type asymmetric registered
[    0.662914] Asymmetric key parser 'x509' registered
[    0.663613] Block layer SCSI generic (bsg) driver version 0.4 loaded (major 249)
[    0.664608] io scheduler mq-deadline registered
[    0.665202] io scheduler kyber registered
[    0.667233] input: Power Button as /devices/LNXSYSTM:00/LNXPWRBN:00/input/input0
[    0.668463] ACPI: button: Power Button [PWRF]
[    0.669169] Warning: Processor Platform Limit event detected, but not handled.
[    0.670113] Consider compiling CPUfreq support into your kernel.
[    1.564992] ACPI: \_SB_.LNKB: Enabled at IRQ 10
[    2.521120] ACPI: \_SB_.LNKC: Enabled at IRQ 11
[    3.491699] ACPI: \_SB_.LNKA: Enabled at IRQ 10
[    3.493277] Serial: 8250/16550 driver, 4 ports, IRQ sharing enabled
[    3.494471] 00:03: ttyS0 at I/O 0x3f8 (irq = 4, base_baud = 115200) is a 16550A
[    3.527028] Non-volatile memory driver v1.3
[    3.527601] Linux agpgart interface v0.103
[    3.528209] printk: legacy console [hvc0] enabled
[    3.528374] ACPI: bus type drm_connector registered
[    3.528860] printk: legacy bootconsole [earlyser0] disabled
          _      _                                    
   __   _(_)_ __| |_ _ __ ___   ___       _ __   __ _ 
   \ \ / / |  __| __|  _   _ \ / _ \_____|  _ \ / _  |
    \ V /| | |  | |_| | | | | |  __/_____| | | | (_| |
     \_/ |_|_|   \__|_| |_| |_|\___|     |_| |_|\__  |
                                                |___/ 
   kernel version: 6.10.0-rc5-virtme x86_64
   (CTRL+d to exit)

virtme-ng:/nipa-data/kernel# PS1='xx__-> '
xx__-> env
PWD=/nipa-data/kernel
nr_open=1048576
HOME=/root
TERM=xterm
SHLVL=2
XDG_RUNTIME_DIR=/run/user/0
PATH=/bin:/sbin:/usr/bin:/usr/sbin:/usr/local/bin
OLDPWD=/
_=/usr/bin/env
xx__-> 