No EFI environment detected.
early console in extract_kernel
input_data: 0x00000000030602b9
input_len: 0x0000000000b8361c
output: 0x0000000001000000
output_len: 0x000000000252f408
kernel_total_size: 0x0000000002c30000
needed_size: 0x0000000002e00000
trampoline_32bit: 0x0000000000000000
Physical KASLR using RDRAND RDTSC...
Virtual KASLR using RDRAND RDTSC...

Decompressing Linux... Parsing ELF... Performing relocations... done.
Booting the kernel (entry_offset: 0x0000000000000000).
[    0.000000] Linux version 6.8.0-rc2-virtme (root@6c63e01eb439) (gcc (Alpine 13.2.1_git20231014) 13.2.1 20231014, GNU ld (GNU Binutils) 2.41) #1 SMP PREEMPT_DYNAMIC Thu Feb  8 15:06:06 UTC 2024
[    0.000000] Command line: virtme_hostname=virtme-ng virtme_link_mods=/nipa-data/kernel/.virtme_mods/lib/modules/0.0.0 virtme_initmount0=nipa-data/kernel virtme_rw_overlay0=/etc virtme_rw_overlay1=/lib virtme_rw_overlay2=/home virtme_rw_overlay3=/opt virtme_rw_overlay4=/srv virtme_rw_overlay5=/usr virtme_rw_overlay6=/var earlyprintk=serial,ttyS0,115200 console=ttyS0 psmouse.proto=exps virtme_chdir=nipa-data/kernel virtme_root_user=1 rootfstype=9p rootflags=version=9p2000.L,trans=virtio,access=any raid=noautodetect ro init=/usr/lib/python3.11/site-packages/virtme/guest/virtme-init
[    0.000000] BIOS-provided physical RAM map:
[    0.000000] BIOS-e820: [mem 0x0000000000000000-0x000000000009fbff] usable
[    0.000000] BIOS-e820: [mem 0x000000000009fc00-0x000000000009ffff] reserved
[    0.000000] BIOS-e820: [mem 0x00000000000f0000-0x00000000000fffff] reserved
[    0.000000] BIOS-e820: [mem 0x0000000000100000-0x000000003ffdffff] usable
[    0.000000] BIOS-e820: [mem 0x000000003ffe0000-0x000000003fffffff] reserved
[    0.000000] BIOS-e820: [mem 0x00000000feffc000-0x00000000feffffff] reserved
[    0.000000] BIOS-e820: [mem 0x00000000fffc0000-0x00000000ffffffff] reserved
[    0.000000] BIOS-e820: [mem 0x000000fd00000000-0x000000ffffffffff] reserved
[    0.000000] printk: legacy bootconsole [earlyser0] enabled
[    0.000000] NX (Execute Disable) protection: active
[    0.000000] APIC: Static calls initialized
[    0.000000] SMBIOS 3.0.0 present.
[    0.000000] DMI: QEMU Standard PC (i440FX + PIIX, 1996), BIOS rel-1.16.3-0-ga6ed6b701f0a-prebuilt.qemu.org 04/01/2014
[    0.000000] Hypervisor detected: KVM
[    0.000000] kvm-clock: Using msrs 4b564d01 and 4b564d00
[    0.000001] kvm-clock: using sched offset of 247665012 cycles
[    0.000390] clocksource: kvm-clock: mask: 0xffffffffffffffff max_cycles: 0x1cd42e4dffb, max_idle_ns: 881590591483 ns
[    0.001623] tsc: Detected 4491.536 MHz processor
[    0.002239] last_pfn = 0x3ffe0 max_arch_pfn = 0x400000000
[    0.002680] MTRR map: 4 entries (3 fixed + 1 variable; max 19), built from 8 variable MTRRs
[    0.003307] x86/PAT: Configuration [0-7]: WB  WC  UC- UC  WB  WP  UC- WT  
Memory KASLR using RDRAND RDTSC...
[    0.005451] found SMP MP-table at [mem 0x000f5470-0x000f547f]
[    0.005978] Using GB pages for direct mapping
[    0.006466] ACPI: Early table checksum verification disabled
[    0.006892] ACPI: RSDP 0x00000000000F5290 000014 (v00 BOCHS )
[    0.007325] ACPI: RSDT 0x000000003FFE27B6 000034 (v01 BOCHS  BXPC     00000001 BXPC 00000001)
[    0.007988] ACPI: FACP 0x000000003FFE2572 000074 (v01 BOCHS  BXPC     00000001 BXPC 00000001)
[    0.008641] ACPI: DSDT 0x000000003FFE0040 002532 (v01 BOCHS  BXPC     00000001 BXPC 00000001)
[    0.009279] ACPI: FACS 0x000000003FFE0000 000040
[    0.009636] ACPI: APIC 0x000000003FFE25E6 000170 (v03 BOCHS  BXPC     00000001 BXPC 00000001)
[    0.010281] ACPI: HPET 0x000000003FFE2756 000038 (v01 BOCHS  BXPC     00000001 BXPC 00000001)
[    0.010927] ACPI: WAET 0x000000003FFE278E 000028 (v01 BOCHS  BXPC     00000001 BXPC 00000001)
[    0.011572] ACPI: Reserving FACP table memory at [mem 0x3ffe2572-0x3ffe25e5]
[    0.012115] ACPI: Reserving DSDT table memory at [mem 0x3ffe0040-0x3ffe2571]
[    0.012652] ACPI: Reserving FACS table memory at [mem 0x3ffe0000-0x3ffe003f]
[    0.013181] ACPI: Reserving APIC table memory at [mem 0x3ffe25e6-0x3ffe2755]
[    0.013717] ACPI: Reserving HPET table memory at [mem 0x3ffe2756-0x3ffe278d]
[    0.014250] ACPI: Reserving WAET table memory at [mem 0x3ffe278e-0x3ffe27b5]
[    0.014950] No NUMA configuration found
[    0.015237] Faking a node at [mem 0x0000000000000000-0x000000003ffdffff]
[    0.015757] NODE_DATA(0) allocated [mem 0x3ffdb000-0x3ffdffff]
[    0.016205] Zone ranges:
[    0.016394]   DMA      [mem 0x0000000000001000-0x0000000000ffffff]
[    0.016893]   DMA32    [mem 0x0000000001000000-0x000000003ffdffff]
[    0.017356]   Normal   empty
[    0.017582]   Device   empty
[    0.017809] Movable zone start for each node
[    0.018135] Early memory node ranges
[    0.018404]   node   0: [mem 0x0000000000001000-0x000000000009efff]
[    0.018883]   node   0: [mem 0x0000000000100000-0x000000003ffdffff]
[    0.019351] Initmem setup node 0 [mem 0x0000000000001000-0x000000003ffdffff]
[    0.019885] On node 0, zone DMA: 1 pages in unavailable ranges
[    0.020337] On node 0, zone DMA: 97 pages in unavailable ranges
[    0.021811] On node 0, zone DMA32: 32 pages in unavailable ranges
[    0.022479] ACPI: PM-Timer IO Port: 0x608
[    0.022824] ACPI: LAPIC_NMI (acpi_id[0xff] dfl dfl lint[0x1])
[    0.023365] IOAPIC[0]: apic_id 0, version 17, address 0xfec00000, GSI 0-23
[    0.023993] ACPI: INT_SRC_OVR (bus 0 bus_irq 0 global_irq 2 dfl dfl)
[    0.024573] ACPI: INT_SRC_OVR (bus 0 bus_irq 5 global_irq 5 high level)
[    0.025179] ACPI: INT_SRC_OVR (bus 0 bus_irq 9 global_irq 9 high level)
[    0.025781] ACPI: INT_SRC_OVR (bus 0 bus_irq 10 global_irq 10 high level)
[    0.026406] ACPI: INT_SRC_OVR (bus 0 bus_irq 11 global_irq 11 high level)
[    0.026933] ACPI: Using ACPI (MADT) for SMP configuration information
[    0.027417] ACPI: HPET id: 0x8086a201 base: 0xfed00000
[    0.027814] TSC deadline timer available
[    0.028108] smpboot: Allowing 32 CPUs, 0 hotplug CPUs
[    0.028500] kvm-guest: APIC: eoi() replaced with kvm_guest_apic_eoi_write()
[    0.029044] kvm-guest: KVM setup pv remote TLB flush
[    0.029415] kvm-guest: setup PV sched yield
[    0.029738] PM: hibernation: Registered nosave memory: [mem 0x00000000-0x00000fff]
[    0.030310] PM: hibernation: Registered nosave memory: [mem 0x0009f000-0x0009ffff]
[    0.030887] PM: hibernation: Registered nosave memory: [mem 0x000a0000-0x000effff]
[    0.031450] PM: hibernation: Registered nosave memory: [mem 0x000f0000-0x000fffff]
[    0.032025] [mem 0x40000000-0xfeffbfff] available for PCI devices
[    0.032480] Booting paravirtualized kernel on KVM
[    0.032839] clocksource: refined-jiffies: mask: 0xffffffff max_cycles: 0xffffffff, max_idle_ns: 1910969940391419 ns
[    0.036611] setup_percpu: NR_CPUS:64 nr_cpumask_bits:32 nr_cpu_ids:32 nr_node_ids:1
[    0.037816] percpu: Embedded 58 pages/cpu s199840 r8192 d29536 u262144
[    0.038354] Kernel command line: virtme_hostname=virtme-ng virtme_link_mods=/nipa-data/kernel/.virtme_mods/lib/modules/0.0.0 virtme_initmount0=nipa-data/kernel virtme_rw_overlay0=/etc virtme_rw_overlay1=/lib virtme_rw_overlay2=/home virtme_rw_overlay3=/opt virtme_rw_overlay4=/srv virtme_rw_overlay5=/usr virtme_rw_overlay6=/var earlyprintk=serial,ttyS0,115200 console=ttyS0 psmouse.proto=exps virtme_chdir=nipa-data/kernel virtme_root_user=1 rootfstype=9p rootflags=version=9p2000.L,trans=virtio,access=any raid=noautodetect ro init=/usr/lib/python3.11/site-packages/virtme/guest/virtme-init
[    0.042438] Unknown kernel command line parameters "virtme_hostname=virtme-ng virtme_link_mods=/nipa-data/kernel/.virtme_mods/lib/modules/0.0.0 virtme_initmount0=nipa-data/kernel virtme_rw_overlay0=/etc virtme_rw_overlay1=/lib virtme_rw_overlay2=/home virtme_rw_overlay3=/opt virtme_rw_overlay4=/srv virtme_rw_overlay5=/usr virtme_rw_overlay6=/var virtme_chdir=nipa-data/kernel virtme_root_user=1", will be passed to user space.
[    0.045580] random: crng init done
[    0.045890] Dentry cache hash table entries: 131072 (order: 8, 1048576 bytes, linear)
[    0.046526] Inode-cache hash table entries: 65536 (order: 7, 524288 bytes, linear)
[    0.047223] Fallback order for Node 0: 0 
[    0.047226] Built 1 zonelists, mobility grouping on.  Total pages: 257760
[    0.048067] Policy zone: DMA32
[    0.048303] mem auto-init: stack:all(zero), heap alloc:off, heap free:off
[    0.050708] Memory: 976384K/1048056K available (16384K kernel code, 2559K rwdata, 6072K rodata, 3156K init, 12004K bss, 71412K reserved, 0K cma-reserved)
[    0.051848] SLUB: HWalign=64, Order=0-3, MinObjects=0, CPUs=32, Nodes=1
Poking KASLR using RDRAND RDTSC...
[    0.052641] ftrace: allocating 46548 entries in 182 pages
[    0.059746] ftrace: allocated 182 pages with 5 groups
[    0.060992] Dynamic Preempt: voluntary
[    0.061491] Running RCU self tests
[    0.061764] Running RCU synchronous self tests
[    0.062119] rcu: Preemptible hierarchical RCU implementation.
[    0.062569] rcu: RCU event tracing is enabled.
[    0.062923] rcu: RCU lockdep checking is enabled.
[    0.063297] rcu: RCU restricting CPUs from NR_CPUS=64 to nr_cpu_ids=32.
[    0.063832] Trampoline variant of Tasks RCU enabled.
[    0.064227] Rude variant of Tasks RCU enabled.
[    0.064582] Tracing variant of Tasks RCU enabled.
[    0.064957] rcu: RCU calculated value of scheduler-enlistment delay is 100 jiffies.
[    0.065559] rcu: Adjusting geometry for rcu_fanout_leaf=16, nr_cpu_ids=32
[    0.066122] Running RCU synchronous self tests
[    0.068112] NR_IRQS: 4352, nr_irqs: 680, preallocated irqs: 16
[    0.068771] rcu: srcu_init: Setting srcu_struct sizes based on contention.
[    0.069514] Console: colour *CGA 80x25
[    0.069836] printk: legacy console [ttyS0] enabled
[    0.069836] printk: legacy console [ttyS0] enabled
[    0.070596] printk: legacy bootconsole [earlyser0] disabled
[    0.070596] printk: legacy bootconsole [earlyser0] disabled
[    0.071474] Lock dependency validator: Copyright (c) 2006 Red Hat, Inc., Ingo Molnar
[    0.072081] ... MAX_LOCKDEP_SUBCLASSES:  8
[    0.072400] ... MAX_LOCK_DEPTH:          48
[    0.072797] ... MAX_LOCKDEP_KEYS:        8192
[    0.073206] ... CLASSHASH_SIZE:          4096
[    0.073615] ... MAX_LOCKDEP_ENTRIES:     32768
[    0.074036] ... MAX_LOCKDEP_CHAINS:      65536
[    0.074460] ... CHAINHASH_SIZE:          32768
[    0.074879]  memory used by lock dependency info: 6429 kB
[    0.075307]  memory used for stack traces: 4224 kB
[    0.075690]  per task-struct memory footprint: 1920 bytes
[    0.076126] ACPI: Core revision 20230628
[    0.076546] clocksource: hpet: mask: 0xffffffff max_cycles: 0xffffffff, max_idle_ns: 19112604467 ns
[    0.077360] APIC: Switch to symmetric I/O mode setup
[    0.077768] APIC: Switched APIC routing to: physical flat
[    0.078196] kvm-guest: APIC: send_IPI_mask() replaced with kvm_send_ipi_mask()
[    0.078786] kvm-guest: APIC: send_IPI_mask_allbutself() replaced with kvm_send_ipi_mask_allbutself()
[    0.079513] kvm-guest: setup PV IPIs
[    0.080658] ..TIMER: vector=0x30 apic1=0 pin1=2 apic2=-1 pin2=-1
[    0.081508] tsc: Marking TSC unstable due to TSCs unsynchronized
[    0.082333] Calibrating delay loop (skipped) preset value.. 8983.07 BogoMIPS (lpj=4491536)
[    0.084388] x86/cpu: User Mode Instruction Prevention (UMIP) activated
[    0.085388] Last level iTLB entries: 4KB 512, 2MB 255, 4MB 127
[    0.086328] Last level dTLB entries: 4KB 512, 2MB 255, 4MB 127, 1GB 0
[    0.087213] Spectre V1 : Mitigation: usercopy/swapgs barriers and __user pointer sanitization
[    0.087333] Spectre V2 : Mitigation: Enhanced / Automatic IBRS
[    0.088126] Spectre V2 : Spectre v2 / SpectreRSB mitigation: Filling RSB on context switch
[    0.088331] Spectre V2 : mitigation: Enabling conditional Indirect Branch Prediction Barrier
[    0.089330] Speculative Store Bypass: Mitigation: Speculative Store Bypass disabled via prctl
[    0.090329] Speculative Return Stack Overflow: IBPB-extending microcode not applied!
[    0.091328] Speculative Return Stack Overflow: WARNING: See https://kernel.org/doc/html/latest/admin-guide/hw-vuln/srso.html for mitigation options.
[    0.091329] Speculative Return Stack Overflow: Vulnerable: Safe RET, no microcode
[    0.093350] x86/fpu: Supporting XSAVE feature 0x001: 'x87 floating point registers'
[    0.094328] x86/fpu: Supporting XSAVE feature 0x002: 'SSE registers'
[    0.095328] x86/fpu: Supporting XSAVE feature 0x004: 'AVX registers'
[    0.096328] x86/fpu: Supporting XSAVE feature 0x020: 'AVX-512 opmask'
[    0.097328] x86/fpu: Supporting XSAVE feature 0x040: 'AVX-512 Hi256'
[    0.098177] x86/fpu: Supporting XSAVE feature 0x080: 'AVX-512 ZMM_Hi256'
[    0.098328] x86/fpu: Supporting XSAVE feature 0x200: 'Protection Keys User registers'
[    0.099329] x86/fpu: xstate_offset[2]:  576, xstate_sizes[2]:  256
[    0.100328] x86/fpu: xstate_offset[5]:  832, xstate_sizes[5]:   64
[    0.101328] x86/fpu: xstate_offset[6]:  896, xstate_sizes[6]:  512
[    0.102328] x86/fpu: xstate_offset[7]: 1408, xstate_sizes[7]: 1024
[    0.103328] x86/fpu: xstate_offset[9]: 2432, xstate_sizes[9]:    8
[    0.104328] x86/fpu: Enabled xstate features 0x2e7, context size is 2440 bytes, using 'compacted' format.
[    0.123880] Freeing SMP alternatives memory: 36K
[    0.124330] pid_max: default: 32768 minimum: 301
[    0.125026] Mount-cache hash table entries: 2048 (order: 2, 16384 bytes, linear)
[    0.125330] Mountpoint-cache hash table entries: 2048 (order: 2, 16384 bytes, linear)
[    0.127845] Running RCU synchronous self tests
[    0.128331] Running RCU synchronous self tests
[    0.129086] smpboot: CPU0: AMD Ryzen 9 7950X 16-Core Processor (family: 0x19, model: 0x61, stepping: 0x2)
[    0.129704] RCU Tasks: Setting shift to 5 and lim to 1 rcu_task_cb_adjust=1.
[    0.130364] RCU Tasks Rude: Setting shift to 5 and lim to 1 rcu_task_cb_adjust=1.
[    0.131368] RCU Tasks Trace: Setting shift to 5 and lim to 1 rcu_task_cb_adjust=1.
[    0.132367] Running RCU Tasks wait API self tests
[    0.239415] Running RCU Tasks Rude wait API self tests
[    0.240254] Running RCU Tasks Trace wait API self tests
[    0.240391] Performance Events: Fam17h+ core perfctr, AMD PMU driver.
[    0.241282] ... version:                0
[    0.241332] ... bit width:              48
[    0.241865] ... generic registers:      6
[    0.242331] ... value mask:             0000ffffffffffff
[    0.243021] ... max period:             00007fffffffffff
[    0.243331] ... fixed-purpose events:   0
[    0.243854] ... event mask:             000000000000003f
[    0.244565] signal: max sigframe size: 3376
[    0.245299] rcu: Hierarchical SRCU implementation.
[    0.245334] rcu: Max phase no-delay instances is 400.
[    0.247769] Callback from call_rcu_tasks_trace() invoked.
[    0.250198] smp: Bringing up secondary CPUs ...
[    0.250647] smpboot: x86: Booting SMP configuration:
[    0.251323] .... node  #0, CPUs:        #1  #2  #3  #4  #5  #6  #7  #8  #9 #10 #11 #12 #13 #14 #15 #16 #17 #18 #19 #20 #21 #22 #23 #24 #25 #26 #27 #28 #29 #30 #31
[    0.285336] smp: Brought up 1 node, 32 CPUs
[    0.286872] smpboot: Max logical packages: 1
[    0.287334] smpboot: Total of 32 processors activated (287458.30 BogoMIPS)
[    0.298557] devtmpfs: initialized
[    0.299419] x86/mm: Memory block size: 128MB
[    0.301953] Running RCU synchronous self tests
[    0.302344] Running RCU synchronous self tests
[    0.303022] clocksource: jiffies: mask: 0xffffffff max_cycles: 0xffffffff, max_idle_ns: 1911260446275000 ns
[    0.303335] futex hash table entries: 8192 (order: 8, 1048576 bytes, linear)
[    0.304774] PM: RTC time: 15:06:45, date: 2024-02-08
[    0.305972] NET: Registered PF_NETLINK/PF_ROUTE protocol family
[    0.306914] thermal_sys: Registered thermal governor 'step_wise'
[    0.306916] thermal_sys: Registered thermal governor 'user_space'
[    0.307374] cpuidle: using governor menu
[    0.309706] PCI: Using configuration type 1 for base access
[    0.310331] PCI: Using configuration type 1 for extended access
[    0.311213] kprobes: kprobe jump-optimization is enabled. All kprobes are optimized if possible.
[    0.326045] HugeTLB: registered 1.00 GiB page size, pre-allocated 0 pages
[    0.326331] HugeTLB: 16380 KiB vmemmap can be freed for a 1.00 GiB page
[    0.327175] HugeTLB: registered 2.00 MiB page size, pre-allocated 0 pages
[    0.327331] HugeTLB: 28 KiB vmemmap can be freed for a 2.00 MiB page
[    0.328784] ACPI: Added _OSI(Module Device)
[    0.329332] ACPI: Added _OSI(Processor Device)
[    0.329901] ACPI: Added _OSI(3.0 _SCP Extensions)
[    0.330331] ACPI: Added _OSI(Processor Aggregator Device)
[    0.335790] ACPI: 1 ACPI AML tables successfully acquired and loaded
[    0.337414] ACPI: _OSC evaluation for CPUs failed, trying _PDC
[    0.338801] ACPI: Interpreter enabled
[    0.339324] ACPI: PM: (supports S0 S3 S4 S5)
[    0.339337] ACPI: Using IOAPIC for interrupt routing
[    0.340003] PCI: Using host bridge windows from ACPI; if necessary, use "pci=nocrs" and report a bug
[    0.340331] PCI: Using E820 reservations for host bridge windows
[    0.341382] ACPI: Enabled 2 GPEs in block 00 to 0F
[    0.347348] Callback from call_rcu_tasks_rude() invoked.
[    0.353751] ACPI: PCI Root Bridge [PCI0] (domain 0000 [bus 00-ff])
[    0.354337] acpi PNP0A03:00: _OSC: OS supports [ExtendedConfig ASPM ClockPM Segments MSI HPX-Type3]
[    0.356970] PCI host bridge to bus 0000:00
[    0.357333] pci_bus 0000:00: root bus resource [io  0x0000-0x0cf7 window]
[    0.358332] pci_bus 0000:00: root bus resource [io  0x0d00-0xffff window]
[    0.359332] pci_bus 0000:00: root bus resource [mem 0x000a0000-0x000bffff window]
[    0.361334] pci_bus 0000:00: root bus resource [mem 0x40000000-0xfebfffff window]
[    0.362332] pci_bus 0000:00: root bus resource [mem 0x100000000-0x17fffffff window]
[    0.363340] pci_bus 0000:00: root bus resource [bus 00-ff]
[    0.364445] pci 0000:00:00.0: [8086:1237] type 00 class 0x060000 conventional PCI endpoint
[    0.366968] pci 0000:00:01.0: [8086:7000] type 00 class 0x060100 conventional PCI endpoint
[    0.368878] pci 0000:00:01.1: [8086:7010] type 00 class 0x010180 conventional PCI endpoint
[    0.373665] pci 0000:00:01.1: BAR 4 [io  0xc080-0xc08f]
[    0.375797] pci 0000:00:01.1: BAR 0 [io  0x01f0-0x01f7]: legacy IDE quirk
[    0.377333] pci 0000:00:01.1: BAR 1 [io  0x03f6]: legacy IDE quirk
[    0.378332] pci 0000:00:01.1: BAR 2 [io  0x0170-0x0177]: legacy IDE quirk
[    0.379332] pci 0000:00:01.1: BAR 3 [io  0x0376]: legacy IDE quirk
[    0.380572] pci 0000:00:01.3: [8086:7113] type 00 class 0x068000 conventional PCI endpoint
[    0.382651] pci 0000:00:01.3: quirk: [io  0x0600-0x063f] claimed by PIIX4 ACPI
[    0.383337] pci 0000:00:01.3: quirk: [io  0x0700-0x070f] claimed by PIIX4 SMB
[    0.384664] pci 0000:00:02.0: [1af4:1009] type 00 class 0x000200 conventional PCI endpoint
[    0.388332] pci 0000:00:02.0: BAR 0 [io  0xc000-0xc03f]
[    0.391310] pci 0000:00:02.0: BAR 1 [mem 0xfebfd000-0xfebfdfff]
[    0.398200] pci 0000:00:02.0: BAR 4 [mem 0xfebf4000-0xfebf7fff 64bit pref]
[    0.402868] pci 0000:00:03.0: [1af4:1009] type 00 class 0x000200 conventional PCI endpoint
[    0.406332] pci 0000:00:03.0: BAR 0 [io  0xc040-0xc07f]
[    0.409332] pci 0000:00:03.0: BAR 1 [mem 0xfebfe000-0xfebfefff]
[    0.415332] pci 0000:00:03.0: BAR 4 [mem 0xfebf8000-0xfebfbfff 64bit pref]
[    0.420495] pci 0000:00:04.0: [8086:25ab] type 00 class 0x088000 conventional PCI endpoint
[    0.423033] pci 0000:00:04.0: BAR 0 [mem 0xfebff000-0xfebff00f]
[    0.430124] ACPI: PCI: Interrupt link LNKA configured for IRQ 10
[    0.431546] ACPI: PCI: Interrupt link LNKB configured for IRQ 10
[    0.432533] ACPI: PCI: Interrupt link LNKC configured for IRQ 11
[    0.433534] ACPI: PCI: Interrupt link LNKD configured for IRQ 11
[    0.434463] ACPI: PCI: Interrupt link LNKS configured for IRQ 9
[    0.439367] iommu: Default domain type: Translated
[    0.440175] iommu: DMA domain TLB invalidation policy: lazy mode
[    0.440701] SCSI subsystem initialized
[    0.441446] pps_core: LinuxPPS API ver. 1 registered
[    0.442334] pps_core: Software ver. 5.3.6 - Copyright 2005-2007 Rodolfo Giometti <giometti@linux.it>
[    0.444339] PTP clock support registered
[    0.445418] Advanced Linux Sound Architecture Driver Initialized.
[    0.447386] Callback from call_rcu_tasks() invoked.
[    0.447386] NET: Registered PF_ATMPVC protocol family
[    0.448181] NET: Registered PF_ATMSVC protocol family
[    0.449346] PCI: Using ACPI for IRQ routing
[    0.450437] vgaarb: loaded
[    0.451432] hpet0: at MMIO 0xfed00000, IRQs 2, 8, 0
[    0.452332] hpet0: 3 comparators, 64-bit 100.000000 MHz counter
[    0.458037] clocksource: Switched to clocksource kvm-clock
[    0.458827] VFS: Disk quotas dquot_6.6.0
[    0.459707] VFS: Dquot-cache hash table entries: 512 (order 0, 4096 bytes)
[    0.461015] pnp: PnP ACPI init
[    0.462244] pnp: PnP ACPI: found 5 devices
[    0.473187] clocksource: acpi_pm: mask: 0xffffff max_cycles: 0xffffff, max_idle_ns: 2085701024 ns
[    0.474759] NET: Registered PF_INET protocol family
[    0.475660] IP idents hash table entries: 16384 (order: 5, 131072 bytes, linear)
[    0.477271] tcp_listen_portaddr_hash hash table entries: 512 (order: 3, 36864 bytes, linear)
[    0.478710] Table-perturb hash table entries: 65536 (order: 6, 262144 bytes, linear)
[    0.480056] TCP established hash table entries: 8192 (order: 4, 65536 bytes, linear)
[    0.481405] TCP bind hash table entries: 8192 (order: 8, 1179648 bytes, linear)
[    0.483124] TCP: Hash tables configured (established 8192 bind 8192)
[    0.484327] UDP hash table entries: 512 (order: 4, 81920 bytes, linear)
[    0.485484] UDP-Lite hash table entries: 512 (order: 4, 81920 bytes, linear)
[    0.486849] NET: Registered PF_UNIX/PF_LOCAL protocol family
[    0.487823] pci_bus 0000:00: resource 4 [io  0x0000-0x0cf7 window]
[    0.488858] pci_bus 0000:00: resource 5 [io  0x0d00-0xffff window]
[    0.489893] pci_bus 0000:00: resource 6 [mem 0x000a0000-0x000bffff window]
[    0.491038] pci_bus 0000:00: resource 7 [mem 0x40000000-0xfebfffff window]
[    0.492181] pci_bus 0000:00: resource 8 [mem 0x100000000-0x17fffffff window]
[    0.493447] pci 0000:00:01.0: PIIX3: Enabling Passive Release
[    0.494420] pci 0000:00:00.0: Limiting direct PCI/PCI transfers
[    0.495456] PCI: CLS 0 bytes, default 64
[    0.496194] kvm_intel: VMX not supported by CPU 4
[    0.497236] kvm_amd: TSC scaling supported
[    0.497943] kvm_amd: Nested Virtualization enabled
[    0.498751] kvm_amd: Nested Paging enabled
[    0.499467] kvm_amd: Virtual VMLOAD VMSAVE supported
[    0.500301] kvm_amd: Virtual GIF supported
[    0.500983] kvm_amd: Virtual NMI enabled
[    0.501640] kvm_amd: LBR virtualization supported
[    0.601887] workingset: timestamp_bits=56 max_order=18 bucket_order=0
[    0.603158] squashfs: version 4.0 (2009/01/31) Phillip Lougher
[    0.604189] fuse: init (API version 7.39)
[    0.604970] 9p: Installing v9fs 9p2000 file system support
[    0.606058] Key type asymmetric registered
[    0.606794] Block layer SCSI generic (bsg) driver version 0.4 loaded (major 249)
[    0.608134] io scheduler mq-deadline registered
[    0.608913] io scheduler kyber registered
[    0.611204] input: Power Button as /devices/LNXSYSTM:00/LNXPWRBN:00/input/input0
[    0.612742] ACPI: button: Power Button [PWRF]
[    0.613620] Warning: Processor Platform Limit event detected, but not handled.
[    0.614867] Consider compiling CPUfreq support into your kernel.
[    0.696039] ACPI: \_SB_.LNKB: Enabled at IRQ 10
[    0.771161] ACPI: \_SB_.LNKC: Enabled at IRQ 11
[    0.772705] Serial: 8250/16550 driver, 4 ports, IRQ sharing enabled
[    0.774079] 00:03: ttyS0 at I/O 0x3f8 (irq = 4, base_baud = 115200) is a 16550A
[    0.776235] Non-volatile memory driver v1.3
[    0.776814] Linux agpgart interface v0.103
[    0.777516] ACPI: bus type drm_connector registered
[    0.790927] loop: module loaded
[    0.792744] scsi host0: ata_piix
[    0.793541] scsi host1: ata_piix
[    0.794064] ata1: PATA max MWDMA2 cmd 0x1f0 ctl 0x3f6 bmdma 0xc080 irq 14 lpm-pol 0
[    0.795103] ata2: PATA max MWDMA2 cmd 0x170 ctl 0x376 bmdma 0xc088 irq 15 lpm-pol 0
[    0.796829] i8042: PNP: PS/2 Controller [PNP0303:KBD,PNP0f13:MOU] at 0x60,0x64 irq 1,12
[    0.798657] serio: i8042 KBD port at 0x60,0x64 irq 1
[    0.799364] serio: i8042 AUX port at 0x60,0x64 irq 12
[    0.800688] rtc_cmos 00:04: RTC can wake from S4
[    0.801731] input: AT Translated Set 2 keyboard as /devices/platform/i8042/serio0/input/input1
[    0.804857] input: ImExPS/2 Generic Explorer Mouse as /devices/platform/i8042/serio1/input/input3
[    0.805972] rtc_cmos 00:04: registered as rtc0
[    0.807139] rtc_cmos 00:04: setting system clock to 2024-02-08T15:06:45 UTC (1707404805)
[    0.808338] rtc_cmos 00:04: alarms up to one day, y3k, 242 bytes nvram, hpet irqs
[    0.809743] i6300ESB timer 0000:00:04.0: initialized. heartbeat=30 sec (nowayout=0)
[    0.810907] device-mapper: ioctl: 4.48.0-ioctl (2023-03-01) initialised: dm-devel@redhat.com
[    0.812744] NET: Registered PF_PACKET protocol family
[    0.813449] 9pnet: Installing 9P2000 support
[    0.815158] Key type dns_resolver registered
[    0.819163] IPI shorthand broadcast: enabled
[    0.827835] sched_clock: Marking stable (817002127, 10019354)->(851356518, -24335037)
[    0.829189] registered taskstats version 1
[    0.834740] PM:   Magic number: 12:231:133
[    0.835339] acpi device:08: hash matches
[    0.835911] printk: legacy console [netcon0] enabled
[    0.836592] netconsole: network logging started
[    0.837374] ALSA device list:
[    0.837824]   No soundcards found.
[    0.951325] ata2: found unknown device (class 0)
[    0.952387] ata2.00: ATAPI: QEMU DVD-ROM, 2.5+, max UDMA/100
[    0.954310] scsi 1:0:0:0: CD-ROM            QEMU     QEMU DVD-ROM     2.5+ PQ: 0 ANSI: 5
[    0.962777] scsi 1:0:0:0: Attached scsi generic sg0 type 5
[    0.963585] md: Skipping autodetection of RAID arrays. (raid=autodetect will force)
[    0.964610] 9pnet_virtio: no channels available for device 
[    0.966001] VFS: Mounted root (9p filesystem) readonly on device 0:19.
[    0.966984] devtmpfs: mounted
[    0.968978] Freeing unused kernel image (initmem) memory: 3156K
[    0.977053] Write protecting the kernel read-only data: 22528k
[    0.978199] Freeing unused kernel image (rodata/data gap) memory: 72K
[    1.008884] x86/mm: Checked W+X mappings: passed, no W+X pages found.
[    1.009640] Run /usr/lib/python3.11/site-packages/virtme/guest/virtme-init as init process
[    1.045246] mount (269) used greatest stack depth: 12824 bytes left
[    1.120874] mount (287) used greatest stack depth: 12584 bytes left
[    1.175088] virtme-init (317) used greatest stack depth: 12568 bytes left
[    1.178932] virtme-init (314) used greatest stack depth: 12424 bytes left
[    1.215042] virtme-init: basic initialization done
[    1.220687] virtme-init: udevd not found
[    1.280131] virtme-init: Setting hostname to virtme-ng...
[    1.295367] ip (360) used greatest stack depth: 12056 bytes left
          _      _                                    
   __   _(_)_ __| |_ _ __ ___   ___       _ __   __ _ 
   \ \ / / |  __| __|  _   _ \ / _ \_____|  _ \ / _  |
    \ V /| | |  | |_| | | | | |  __/_____| | | | (_| |
     \_/ |_|_|   \__|_| |_| |_|\___|     |_| |_|\__  |
                                                |___/ 
   kernel version: 6.8.0-rc2-virtme x86_64

virtme-ng:/nipa-data/kernel# PS1='xx__-> '
xx__-> env
PWD=/nipa-data/kernel
HOME=/
TERM=linux
SHLVL=2
XDG_RUNTIME_DIR=/run/user/0
PATH=/bin:/sbin:/usr/bin:/usr/sbin:/usr/local/bin
OLDPWD=/
_=/usr/bin/env
xx__-> 