No EFI environment detected.
early console in extract_kernel
input_data: 0x0000000002be12c4
input_len: 0x0000000000b90fd0
output: 0x0000000001000000
output_len: 0x0000000002729f24
kernel_total_size: 0x0000000002430000
needed_size: 0x0000000002800000
trampoline_32bit: 0x0000000000000000
Physical KASLR using RDRAND RDTSC...
Virtual KASLR using RDRAND RDTSC...

Decompressing Linux... Parsing ELF... Performing relocations... done.
Booting the kernel (entry_offset: 0x0000000000f8be90).
[    0.000000] Linux version 6.14.0-rc4-virtme (root@5c8374a2f4b4) (gcc (Ubuntu 13.3.0-6ubuntu2~24.04) 13.3.0, GNU ld (GNU Binutils for Ubuntu) 2.42) #1 SMP PREEMPT_DYNAMIC Sun Mar  2 06:05:45 UTC 2025
[    0.000000] Command line: virtme_hostname=virtme-ng nr_open=1048576 virtme_link_mods=/nipa-data/kernel/.virtme_mods/lib/modules/0.0.0 virtme_initmount0=nipa-data/kernel virtme_rw_overlay0=/etc virtme_rw_overlay1=/lib virtme_rw_overlay2=/home virtme_rw_overlay3=/opt virtme_rw_overlay4=/srv virtme_rw_overlay5=/usr virtme_rw_overlay6=/var console=hvc0 earlyprintk=serial,ttyS0,115200 virtme_console=ttyS0 psmouse.proto=exps TERM=xterm virtme_chdir=nipa-data/kernel virtme_root_user=1 rootfstype=9p rootflags=version=9p2000.L,trans=virtio,access=any raid=noautodetect ro init=/usr/lib/python3/dist-packages/virtme/guest/virtme-init
[    0.000000] BIOS-provided physical RAM map:
[    0.000000] BIOS-e820: [mem 0x0000000000000000-0x000000000009fbff] usable
[    0.000000] BIOS-e820: [mem 0x000000000009fc00-0x000000000009ffff] reserved
[    0.000000] BIOS-e820: [mem 0x00000000000f0000-0x00000000000fffff] reserved
[    0.000000] BIOS-e820: [mem 0x0000000000100000-0x000000003ffdffff] usable
[    0.000000] BIOS-e820: [mem 0x000000003ffe0000-0x000000003fffffff] reserved
[    0.000000] BIOS-e820: [mem 0x00000000feffc000-0x00000000feffffff] reserved
[    0.000000] BIOS-e820: [mem 0x00000000fffc0000-0x00000000ffffffff] reserved
[    0.000000] BIOS-e820: [mem 0x000000fd00000000-0x000000ffffffffff] reserved
[    0.000000] printk: legacy bootconsole [earlyser0] enabled
[    0.000000] NX (Execute Disable) protection: active
[    0.000000] APIC: Static calls initialized
[    0.000000] SMBIOS 3.0.0 present.
[    0.000000] DMI: QEMU Ubuntu 24.04 PC (i440FX + PIIX, 1996), BIOS 1.16.3-debian-1.16.3-2 04/01/2014
[    0.000000] DMI: Memory slots populated: 1/1
[    0.000000] Hypervisor detected: KVM
[    0.000000] kvm-clock: Using msrs 4b564d01 and 4b564d00
[    0.000000] kvm-clock: using sched offset of 211671220 cycles
[    0.000361] clocksource: kvm-clock: mask: 0xffffffffffffffff max_cycles: 0x1cd42e4dffb, max_idle_ns: 881590591483 ns
[    0.001483] tsc: Detected 4491.560 MHz processor
[    0.002048] last_pfn = 0x3ffe0 max_arch_pfn = 0x400000000
[    0.002444] MTRR map: 4 entries (3 fixed + 1 variable; max 19), built from 8 variable MTRRs
[    0.003023] x86/PAT: Configuration [0-7]: WB  WC  UC- UC  WB  WP  UC- WT  
Memory KASLR using RDRAND RDTSC...
[    0.004958] found SMP MP-table at [mem 0x000f5470-0x000f547f]
[    0.005358] Using GB pages for direct mapping
[    0.005685] ACPI: Early table checksum verification disabled
[    0.006077] ACPI: RSDP 0x00000000000F5290 000014 (v00 BOCHS )
[    0.006480] ACPI: RSDT 0x000000003FFE27BC 000034 (v01 BOCHS  BXPC     00000001 BXPC 00000001)
[    0.007069] ACPI: FACP 0x000000003FFE2578 000074 (v01 BOCHS  BXPC     00000001 BXPC 00000001)
[    0.007655] ACPI: DSDT 0x000000003FFE0040 002538 (v01 BOCHS  BXPC     00000001 BXPC 00000001)
[    0.008240] ACPI: FACS 0x000000003FFE0000 000040
[    0.008558] ACPI: APIC 0x000000003FFE25EC 000170 (v03 BOCHS  BXPC     00000001 BXPC 00000001)
[    0.009147] ACPI: HPET 0x000000003FFE275C 000038 (v01 BOCHS  BXPC     00000001 BXPC 00000001)
[    0.009735] ACPI: WAET 0x000000003FFE2794 000028 (v01 BOCHS  BXPC     00000001 BXPC 00000001)
[    0.010323] ACPI: Reserving FACP table memory at [mem 0x3ffe2578-0x3ffe25eb]
[    0.010811] ACPI: Reserving DSDT table memory at [mem 0x3ffe0040-0x3ffe2577]
[    0.011296] ACPI: Reserving FACS table memory at [mem 0x3ffe0000-0x3ffe003f]
[    0.011782] ACPI: Reserving APIC table memory at [mem 0x3ffe25ec-0x3ffe275b]
[    0.012271] ACPI: Reserving HPET table memory at [mem 0x3ffe275c-0x3ffe2793]
[    0.012755] ACPI: Reserving WAET table memory at [mem 0x3ffe2794-0x3ffe27bb]
[    0.013369] No NUMA configuration found
[    0.013633] Faking a node at [mem 0x0000000000000000-0x000000003ffdffff]
[    0.014094] NODE_DATA(0) allocated [mem 0x3ffdb780-0x3ffdffff]
[    0.014504] Zone ranges:
[    0.014692]   DMA      [mem 0x0000000000001000-0x0000000000ffffff]
[    0.015116]   DMA32    [mem 0x0000000001000000-0x000000003ffdffff]
[    0.015541]   Normal   empty
[    0.015738]   Device   empty
[    0.015936] Movable zone start for each node
[    0.016229] Early memory node ranges
[    0.016474]   node   0: [mem 0x0000000000001000-0x000000000009efff]
[    0.016904]   node   0: [mem 0x0000000000100000-0x000000003ffdffff]
[    0.017334] Initmem setup node 0 [mem 0x0000000000001000-0x000000003ffdffff]
[    0.017820] On node 0, zone DMA: 1 pages in unavailable ranges
[    0.018229] On node 0, zone DMA: 97 pages in unavailable ranges
[    0.019606] On node 0, zone DMA32: 32 pages in unavailable ranges
[    0.020215] ACPI: PM-Timer IO Port: 0x608
[    0.020495] ACPI: LAPIC_NMI (acpi_id[0xff] dfl dfl lint[0x1])
[    0.020905] IOAPIC[0]: apic_id 0, version 17, address 0xfec00000, GSI 0-23
[    0.021378] ACPI: INT_SRC_OVR (bus 0 bus_irq 0 global_irq 2 dfl dfl)
[    0.021815] ACPI: INT_SRC_OVR (bus 0 bus_irq 5 global_irq 5 high level)
[    0.022270] ACPI: INT_SRC_OVR (bus 0 bus_irq 9 global_irq 9 high level)
[    0.022728] ACPI: INT_SRC_OVR (bus 0 bus_irq 10 global_irq 10 high level)
[    0.023195] ACPI: INT_SRC_OVR (bus 0 bus_irq 11 global_irq 11 high level)
[    0.023661] ACPI: Using ACPI (MADT) for SMP configuration information
[    0.024103] ACPI: HPET id: 0x8086a201 base: 0xfed00000
[    0.024457] TSC deadline timer available
[    0.024729] CPU topo: Max. logical packages:   1
[    0.025045] CPU topo: Max. logical dies:       1
[    0.025362] CPU topo: Max. dies per package:   1
[    0.025680] CPU topo: Max. threads per core:   1
[    0.025998] CPU topo: Num. cores per package:    32
[    0.026332] CPU topo: Num. threads per package:  32
[    0.026669] CPU topo: Allowing 32 present CPUs plus 0 hotplug CPUs
[    0.027099] kvm-guest: APIC: eoi() replaced with kvm_guest_apic_eoi_write()
[    0.027584] kvm-guest: KVM setup pv remote TLB flush
[    0.027926] kvm-guest: setup PV sched yield
[    0.028216] PM: hibernation: Registered nosave memory: [mem 0x00000000-0x00000fff]
[    0.028742] PM: hibernation: Registered nosave memory: [mem 0x0009f000-0x0009ffff]
[    0.029262] PM: hibernation: Registered nosave memory: [mem 0x000a0000-0x000effff]
[    0.029782] PM: hibernation: Registered nosave memory: [mem 0x000f0000-0x000fffff]
[    0.030302] [mem 0x40000000-0xfeffbfff] available for PCI devices
[    0.030735] Booting paravirtualized kernel on KVM
[    0.031065] clocksource: refined-jiffies: mask: 0xffffffff max_cycles: 0xffffffff, max_idle_ns: 1910969940391419 ns
[    0.034455] setup_percpu: NR_CPUS:64 nr_cpumask_bits:32 nr_cpu_ids:32 nr_node_ids:1
[    0.035565] percpu: Embedded 58 pages/cpu s198360 r8192 d31016 u262144
[    0.036046] Kernel command line: virtme_hostname=virtme-ng nr_open=1048576 virtme_link_mods=/nipa-data/kernel/.virtme_mods/lib/modules/0.0.0 virtme_initmount0=nipa-data/kernel virtme_rw_overlay0=/etc virtme_rw_overlay1=/lib virtme_rw_overlay2=/home virtme_rw_overlay3=/opt virtme_rw_overlay4=/srv virtme_rw_overlay5=/usr virtme_rw_overlay6=/var console=hvc0 earlyprintk=serial,ttyS0,115200 virtme_console=ttyS0 psmouse.proto=exps TERM=xterm virtme_chdir=nipa-data/kernel virtme_root_user=1 rootfstype=9p rootflags=version=9p2000.L,trans=virtio,access=any raid=noautodetect ro init=/usr/lib/python3/dist-packages/virtme/guest/virtme-init
[    0.040062] Unknown kernel command line parameters "virtme_hostname=virtme-ng nr_open=1048576 virtme_link_mods=/nipa-data/kernel/.virtme_mods/lib/modules/0.0.0 virtme_initmount0=nipa-data/kernel virtme_rw_overlay0=/etc virtme_rw_overlay1=/lib virtme_rw_overlay2=/home virtme_rw_overlay3=/opt virtme_rw_overlay4=/srv virtme_rw_overlay5=/usr virtme_rw_overlay6=/var virtme_console=ttyS0 virtme_chdir=nipa-data/kernel virtme_root_user=1", will be passed to user space.
[    0.043136] random: crng init done
[    0.043379] printk: log buffer data + meta data: 262144 + 917504 = 1179648 bytes
[    0.043925] Dentry cache hash table entries: 131072 (order: 8, 1048576 bytes, linear)
[    0.044493] Inode-cache hash table entries: 65536 (order: 7, 524288 bytes, linear)
[    0.045106] Fallback order for Node 0: 0 
[    0.045108] Built 1 zonelists, mobility grouping on.  Total pages: 262014
[    0.045868] Policy zone: DMA32
[    0.046082] mem auto-init: stack:all(zero), heap alloc:off, heap free:off
[    0.047130] SLUB: HWalign=64, Order=0-3, MinObjects=0, CPUs=32, Nodes=1
Poking KASLR using RDRAND RDTSC...
[    0.047838] ftrace: allocating 48962 entries in 192 pages
[    0.059505] ftrace: allocated 192 pages with 2 groups
[    0.060396] Dynamic Preempt: voluntary
[    0.060785] rcu: Preemptible hierarchical RCU implementation.
[    0.061191] rcu: RCU event tracing is enabled.
[    0.061508] rcu: RCU restricting CPUs from NR_CPUS=64 to nr_cpu_ids=32.
[    0.061977] Trampoline variant of Tasks RCU enabled.
[    0.062330] Rude variant of Tasks RCU enabled.
[    0.062651] Tracing variant of Tasks RCU enabled.
[    0.062985] rcu: RCU calculated value of scheduler-enlistment delay is 100 jiffies.
[    0.063520] rcu: Adjusting geometry for rcu_fanout_leaf=16, nr_cpu_ids=32
[    0.064001] RCU Tasks: Setting shift to 5 and lim to 1 rcu_task_cb_adjust=1 rcu_task_cpu_ids=32.
[    0.064623] RCU Tasks Rude: Setting shift to 5 and lim to 1 rcu_task_cb_adjust=1 rcu_task_cpu_ids=32.
[    0.065273] RCU Tasks Trace: Setting shift to 5 and lim to 1 rcu_task_cb_adjust=1 rcu_task_cpu_ids=32.
[    0.067683] NR_IRQS: 4352, nr_irqs: 680, preallocated irqs: 16
[    0.068254] rcu: srcu_init: Setting srcu_struct sizes based on contention.
[    0.068873] Console: colour *CGA 80x25
[    0.069143] ACPI: Core revision 20240827
[    0.069489] clocksource: hpet: mask: 0xffffffff max_cycles: 0xffffffff, max_idle_ns: 19112604467 ns
[    0.070185] APIC: Switch to symmetric I/O mode setup
[    0.070552] kvm-guest: APIC: send_IPI_mask() replaced with kvm_send_ipi_mask()
[    0.071063] kvm-guest: APIC: send_IPI_mask_allbutself() replaced with kvm_send_ipi_mask_allbutself()
[    0.071689] kvm-guest: setup PV IPIs
[    0.072679] ..TIMER: vector=0x30 apic1=0 pin1=2 apic2=-1 pin2=-1
[    0.073444] clocksource: tsc-early: mask: 0xffffffffffffffff max_cycles: 0x40be4320a4d, max_idle_ns: 440795288133 ns
[    0.074757] Calibrating delay loop (skipped) preset value.. 8983.12 BogoMIPS (lpj=4491560)
[    0.075817] x86/cpu: User Mode Instruction Prevention (UMIP) activated
[    0.076803] Last level iTLB entries: 4KB 512, 2MB 255, 4MB 127
[    0.077756] Last level dTLB entries: 4KB 512, 2MB 255, 4MB 127, 1GB 0
[    0.078760] Spectre V1 : Mitigation: usercopy/swapgs barriers and __user pointer sanitization
[    0.079760] Spectre V2 : Mitigation: Enhanced / Automatic IBRS
[    0.080477] Spectre V2 : Spectre v2 / SpectreRSB mitigation: Filling RSB on context switch
[    0.080757] Spectre V2 : mitigation: Enabling conditional Indirect Branch Prediction Barrier
[    0.081758] Speculative Store Bypass: Mitigation: Speculative Store Bypass disabled via prctl
[    0.082757] Speculative Return Stack Overflow: IBPB-extending microcode not applied!
[    0.083756] Speculative Return Stack Overflow: WARNING: See https://kernel.org/doc/html/latest/admin-guide/hw-vuln/srso.html for mitigation options.
[    0.083757] Speculative Return Stack Overflow: Vulnerable: Safe RET, no microcode
[    0.085770] x86/fpu: Supporting XSAVE feature 0x001: 'x87 floating point registers'
[    0.086756] x86/fpu: Supporting XSAVE feature 0x002: 'SSE registers'
[    0.087756] x86/fpu: Supporting XSAVE feature 0x004: 'AVX registers'
[    0.088757] x86/fpu: Supporting XSAVE feature 0x020: 'AVX-512 opmask'
[    0.089527] x86/fpu: Supporting XSAVE feature 0x040: 'AVX-512 Hi256'
[    0.089756] x86/fpu: Supporting XSAVE feature 0x080: 'AVX-512 ZMM_Hi256'
[    0.090756] x86/fpu: Supporting XSAVE feature 0x200: 'Protection Keys User registers'
[    0.091757] x86/fpu: xstate_offset[2]:  576, xstate_sizes[2]:  256
[    0.092756] x86/fpu: xstate_offset[5]:  832, xstate_sizes[5]:   64
[    0.093492] x86/fpu: xstate_offset[6]:  896, xstate_sizes[6]:  512
[    0.093756] x86/fpu: xstate_offset[7]: 1408, xstate_sizes[7]: 1024
[    0.094756] x86/fpu: xstate_offset[9]: 2432, xstate_sizes[9]:    8
[    0.095756] x86/fpu: Enabled xstate features 0x2e7, context size is 2440 bytes, using 'compacted' format.
[    0.110684] Freeing SMP alternatives memory: 40K
[    0.110758] pid_max: default: 32768 minimum: 301
[    0.111777] Mount-cache hash table entries: 2048 (order: 2, 16384 bytes, linear)
[    0.112669] Mountpoint-cache hash table entries: 2048 (order: 2, 16384 bytes, linear)
[    0.113852] smpboot: CPU0: AMD Ryzen 9 7950X 16-Core Processor (family: 0x19, model: 0x61, stepping: 0x2)
[    0.114867] Performance Events: Fam17h+ core perfctr, AMD PMU driver.
[    0.115660] ... version:                0
[    0.115758] ... bit width:              48
[    0.116248] ... generic registers:      6
[    0.116727] ... value mask:             0000ffffffffffff
[    0.116758] ... max period:             00007fffffffffff
[    0.117396] ... fixed-purpose events:   0
[    0.117758] ... event mask:             000000000000003f
[    0.118464] signal: max sigframe size: 3376
[    0.118773] rcu: Hierarchical SRCU implementation.
[    0.119347] rcu: Max phase no-delay instances is 400.
[    0.119778] Timer migration: 2 hierarchy levels; 8 children per group; 2 crossnode level
[    0.122818] smp: Bringing up secondary CPUs ...
[    0.123410] smpboot: x86: Booting SMP configuration:
[    0.123760] .... node  #0, CPUs:        #1  #2  #3  #4  #5  #6  #7  #8  #9 #10 #11 #12 #13 #14 #15 #16 #17 #18 #19 #20 #21 #22 #23 #24 #25 #26 #27 #28 #29 #30 #31
[    0.141853] smp: Brought up 1 node, 32 CPUs
[    0.143273] smpboot: Total of 32 processors activated (287459.84 BogoMIPS)
[    0.145778] Memory: 970432K/1048056K available (15920K kernel code, 2462K rwdata, 6368K rodata, 3196K init, 1752K bss, 63184K reserved, 0K cma-reserved)
[    0.146798] devtmpfs: initialized
[    0.147191] x86/mm: Memory block size: 128MB
[    0.148389] clocksource: jiffies: mask: 0xffffffff max_cycles: 0xffffffff, max_idle_ns: 1911260446275000 ns
[    0.148759] futex hash table entries: 8192 (order: 7, 524288 bytes, linear)
[    0.149679] PM: RTC time: 06:06:02, date: 2025-03-02
[    0.150075] NET: Registered PF_NETLINK/PF_ROUTE protocol family
[    0.150876] thermal_sys: Registered thermal governor 'step_wise'
[    0.150885] cpuidle: using governor menu
[    0.152890] PCI: Using configuration type 1 for base access
[    0.153573] PCI: Using configuration type 1 for extended access
[    0.153819] kprobes: kprobe jump-optimization is enabled. All kprobes are optimized if possible.
[    0.170405] HugeTLB: registered 1.00 GiB page size, pre-allocated 0 pages
[    0.170758] HugeTLB: 16380 KiB vmemmap can be freed for a 1.00 GiB page
[    0.171562] HugeTLB: registered 2.00 MiB page size, pre-allocated 0 pages
[    0.171758] HugeTLB: 28 KiB vmemmap can be freed for a 2.00 MiB page
[    0.174803] ACPI: Added _OSI(Module Device)
[    0.175327] ACPI: Added _OSI(Processor Device)
[    0.176762] ACPI: Added _OSI(3.0 _SCP Extensions)
[    0.177354] ACPI: Added _OSI(Processor Aggregator Device)
[    0.178408] ACPI: 1 ACPI AML tables successfully acquired and loaded
[    0.180958] ACPI: Interpreter enabled
[    0.180958] ACPI: PM: (supports S0 S3 S4 S5)
[    0.181301] ACPI: Using IOAPIC for interrupt routing
[    0.181765] PCI: Using host bridge windows from ACPI; if necessary, use "pci=nocrs" and report a bug
[    0.183758] PCI: Using E820 reservations for host bridge windows
[    0.184573] ACPI: Enabled 2 GPEs in block 00 to 0F
[    0.187167] ACPI: PCI Root Bridge [PCI0] (domain 0000 [bus 00-ff])
[    0.187760] acpi PNP0A03:00: _OSC: OS supports [ExtendedConfig ASPM ClockPM Segments MSI HPX-Type3]
[    0.188841] PCI host bridge to bus 0000:00
[    0.189348] pci_bus 0000:00: root bus resource [io  0x0000-0x0cf7 window]
[    0.190759] pci_bus 0000:00: root bus resource [io  0x0d00-0xffff window]
[    0.191579] pci_bus 0000:00: root bus resource [mem 0x000a0000-0x000bffff window]
[    0.191758] pci_bus 0000:00: root bus resource [mem 0x40000000-0xfebfffff window]
[    0.192667] pci_bus 0000:00: root bus resource [mem 0x100000000-0x17fffffff window]
[    0.193758] pci_bus 0000:00: root bus resource [bus 00-ff]
[    0.194504] pci 0000:00:00.0: [8086:1237] type 00 class 0x060000 conventional PCI endpoint
[    0.196015] pci 0000:00:01.0: [8086:7000] type 00 class 0x060100 conventional PCI endpoint
[    0.197023] pci 0000:00:01.1: [8086:7010] type 00 class 0x010180 conventional PCI endpoint
[    0.199249] pci 0000:00:01.1: BAR 4 [io  0xc0c0-0xc0cf]
[    0.199776] pci 0000:00:01.1: BAR 0 [io  0x01f0-0x01f7]: legacy IDE quirk
[    0.200599] pci 0000:00:01.1: BAR 1 [io  0x03f6]: legacy IDE quirk
[    0.200758] pci 0000:00:01.1: BAR 2 [io  0x0170-0x0177]: legacy IDE quirk
[    0.201587] pci 0000:00:01.1: BAR 3 [io  0x0376]: legacy IDE quirk
[    0.202842] pci 0000:00:01.3: [8086:7113] type 00 class 0x068000 conventional PCI endpoint
[    0.203947] pci 0000:00:01.3: quirk: [io  0x0600-0x063f] claimed by PIIX4 ACPI
[    0.204762] pci 0000:00:01.3: quirk: [io  0x0700-0x070f] claimed by PIIX4 SMB
[    0.205796] pci 0000:00:02.0: [1af4:1009] type 00 class 0x000200 conventional PCI endpoint
[    0.207763] pci 0000:00:02.0: BAR 0 [io  0xc000-0xc03f]
[    0.208409] pci 0000:00:02.0: BAR 1 [mem 0xfebfc000-0xfebfcfff]
[    0.209773] pci 0000:00:02.0: BAR 4 [mem 0xfebf0000-0xfebf3fff 64bit pref]
[    0.211337] pci 0000:00:03.0: [1af4:1009] type 00 class 0x000200 conventional PCI endpoint
[    0.212217] pci 0000:00:03.0: BAR 0 [io  0xc040-0xc07f]
[    0.212762] pci 0000:00:03.0: BAR 1 [mem 0xfebfd000-0xfebfdfff]
[    0.213505] pci 0000:00:03.0: BAR 4 [mem 0xfebf4000-0xfebf7fff 64bit pref]
[    0.215265] pci 0000:00:04.0: [8086:25ab] type 00 class 0x088000 conventional PCI endpoint
[    0.216043] pci 0000:00:04.0: BAR 0 [mem 0xfebfe000-0xfebfe00f]
[    0.217160] pci 0000:00:05.0: [1af4:1003] type 00 class 0x078000 conventional PCI endpoint
[    0.219680] pci 0000:00:05.0: BAR 0 [io  0xc080-0xc0bf]
[    0.219763] pci 0000:00:05.0: BAR 1 [mem 0xfebff000-0xfebfffff]
[    0.220500] pci 0000:00:05.0: BAR 4 [mem 0xfebf8000-0xfebfbfff 64bit pref]
[    0.222459] ACPI: PCI: Interrupt link LNKA configured for IRQ 10
[    0.223868] ACPI: PCI: Interrupt link LNKB configured for IRQ 10
[    0.224699] ACPI: PCI: Interrupt link LNKC configured for IRQ 11
[    0.224850] ACPI: PCI: Interrupt link LNKD configured for IRQ 11
[    0.225666] ACPI: PCI: Interrupt link LNKS configured for IRQ 9
[    0.227546] iommu: Default domain type: Translated
[    0.227758] iommu: DMA domain TLB invalidation policy: lazy mode
[    0.228538] SCSI subsystem initialized
[    0.228785] pps_core: LinuxPPS API ver. 1 registered
[    0.229402] pps_core: Software ver. 5.3.6 - Copyright 2005-2007 Rodolfo Giometti <giometti@linux.it>
[    0.230761] PTP clock support registered
[    0.231779] Advanced Linux Sound Architecture Driver Initialized.
[    0.233014] NET: Registered PF_ATMPVC protocol family
[    0.233636] NET: Registered PF_ATMSVC protocol family
[    0.233763] PCI: Using ACPI for IRQ routing
[    0.234767] vgaarb: loaded
[    0.235111] hpet0: at MMIO 0xfed00000, IRQs 2, 8, 0
[    0.235373] hpet0: 3 comparators, 64-bit 100.000000 MHz counter
[    0.240037] clocksource: Switched to clocksource kvm-clock
[    0.240744] VFS: Disk quotas dquot_6.6.0
[    0.241253] VFS: Dquot-cache hash table entries: 512 (order 0, 4096 bytes)
[    0.242283] pnp: PnP ACPI init
[    0.242818] pnp: PnP ACPI: found 5 devices
[    0.249763] clocksource: acpi_pm: mask: 0xffffff max_cycles: 0xffffff, max_idle_ns: 2085701024 ns
[    0.250854] NET: Registered PF_INET protocol family
[    0.251476] IP idents hash table entries: 16384 (order: 5, 131072 bytes, linear)
[    0.252517] tcp_listen_portaddr_hash hash table entries: 512 (order: 1, 8192 bytes, linear)
[    0.253545] Table-perturb hash table entries: 65536 (order: 6, 262144 bytes, linear)
[    0.254499] TCP established hash table entries: 8192 (order: 4, 65536 bytes, linear)
[    0.255453] TCP bind hash table entries: 8192 (order: 6, 262144 bytes, linear)
[    0.256383] TCP: Hash tables configured (established 8192 bind 8192)
[    0.257178] UDP hash table entries: 512 (order: 3, 32768 bytes, linear)
[    0.258008] UDP-Lite hash table entries: 512 (order: 3, 32768 bytes, linear)
[    0.258904] NET: Registered PF_UNIX/PF_LOCAL protocol family
[    0.259603] pci_bus 0000:00: resource 4 [io  0x0000-0x0cf7 window]
[    0.260359] pci_bus 0000:00: resource 5 [io  0x0d00-0xffff window]
[    0.261116] pci_bus 0000:00: resource 6 [mem 0x000a0000-0x000bffff window]
[    0.261950] pci_bus 0000:00: resource 7 [mem 0x40000000-0xfebfffff window]
[    0.262790] pci_bus 0000:00: resource 8 [mem 0x100000000-0x17fffffff window]
[    0.263669] pci 0000:00:01.0: PIIX3: Enabling Passive Release
[    0.264376] pci 0000:00:00.0: Limiting direct PCI/PCI transfers
[    0.265132] PCI: CLS 0 bytes, default 64
[    0.265660] kvm_intel: VMX not supported by CPU 3
[    0.266265] kvm_amd: TSC scaling supported
[    0.266762] kvm_amd: Nested Virtualization enabled
[    0.267351] kvm_amd: Nested Paging enabled
[    0.267852] kvm_amd: LBR virtualization supported
[    0.268434] kvm_amd: Virtual GIF supported
[    0.268932] kvm_amd: Virtual NMI enabled
[    0.309281] clocksource: tsc: mask: 0xffffffffffffffff max_cycles: 0x40be4320a4d, max_idle_ns: 440795288133 ns
[    0.316668] Initialise system trusted keyrings
[    0.317321] workingset: timestamp_bits=56 max_order=18 bucket_order=0
[    0.318141] squashfs: version 4.0 (2009/01/31) Phillip Lougher
[    0.318864] fuse: init (API version 7.42)
[    0.319402] 9p: Installing v9fs 9p2000 file system support
[    0.326476] Key type asymmetric registered
[    0.326985] Asymmetric key parser 'x509' registered
[    0.327599] Block layer SCSI generic (bsg) driver version 0.4 loaded (major 249)
[    0.328526] io scheduler mq-deadline registered
[    0.329093] io scheduler kyber registered
[    0.331480] input: Power Button as /devices/LNXSYSTM:00/LNXPWRBN:00/input/input0
[    0.332484] ACPI: button: Power Button [PWRF]
[    0.333508] Warning: Processor Platform Limit event detected, but not handled.
[    0.334412] Consider compiling CPUfreq support into your kernel.
[    0.351618] ACPI: \_SB_.LNKB: Enabled at IRQ 10
[    0.367085] ACPI: \_SB_.LNKC: Enabled at IRQ 11
[    0.382518] ACPI: \_SB_.LNKA: Enabled at IRQ 10
[    0.383616] Serial: 8250/16550 driver, 4 ports, IRQ sharing enabled
[    0.384498] 00:03: ttyS0 at I/O 0x3f8 (irq = 4, base_baud = 115200) is a 16550A
[    0.415901] Non-volatile memory driver v1.3
[    0.416429] Linux agpgart interface v0.103
[    0.416991] ACPI: bus type drm_connector registered
[    0.417768] printk: legacy console [hvc0] enabled
[    0.418350] printk: legacy bootconsole [earlyser0] disabled
          _      _                                    
   __   _(_)_ __| |_ _ __ ___   ___       _ __   __ _ 
   \ \ / / |  __| __|  _   _ \ / _ \_____|  _ \ / _  |
    \ V /| | |  | |_| | | | | |  __/_____| | | | (_| |
     \_/ |_|_|   \__|_| |_| |_|\___|     |_| |_|\__  |
                                                |___/ 
   kernel version: 6.14.0-rc4-virtme x86_64
   (CTRL+d to exit)

root@virtme-ng:/nipa-data/kernel# PS1='xx__-> '
xx__-> env
PWD=/nipa-data/kernel
nr_open=1048576
HOME=/
TERM=xterm
SHLVL=2
XDG_RUNTIME_DIR=/run/user/0
PATH=/bin:/sbin:/usr/bin:/usr/sbin:/usr/local/bin
OLDPWD=/
_=/bin/env
xx__-> 