No EFI environment detected.
early console in extract_kernel
input_data: 0x0000000004b142b9
input_len: 0x00000000017bcf7e
output: 0x0000000001000000
output_len: 0x000000000525e3f4
kernel_total_size: 0x0000000004e30000
needed_size: 0x0000000005400000
trampoline_32bit: 0x0000000000000000
Physical KASLR using RDRAND RDTSC...
Virtual KASLR using RDRAND RDTSC...

Decompressing Linux... Parsing ELF... Performing relocations... done.
Booting the kernel (entry_offset: 0x0000000000000000).
[    0.000000] Linux version 6.8.0-rc5-virtme (root@4a21bda0bb17) (gcc (Alpine 13.2.1_git20231014) 13.2.1 20231014, GNU ld (GNU Binutils) 2.42) #1 SMP PREEMPT_DYNAMIC Wed Feb 28 12:26:38 UTC 2024
[    0.000000] Command line: virtme_hostname=virtme-ng virtme_link_mods=/nipa-data/kernel/.virtme_mods/lib/modules/0.0.0 virtme_initmount0=nipa-data/kernel virtme_rw_overlay0=/etc virtme_rw_overlay1=/lib virtme_rw_overlay2=/home virtme_rw_overlay3=/opt virtme_rw_overlay4=/srv virtme_rw_overlay5=/usr virtme_rw_overlay6=/var earlyprintk=serial,ttyS0,115200 console=ttyS0 psmouse.proto=exps TERM=xterm virtme_chdir=nipa-data/kernel virtme_root_user=1 rootfstype=9p rootflags=version=9p2000.L,trans=virtio,access=any raid=noautodetect ro init=/usr/lib/python3.11/site-packages/virtme/guest/virtme-init
[    0.000000] BIOS-provided physical RAM map:
[    0.000000] BIOS-e820: [mem 0x0000000000000000-0x000000000009fbff] usable
[    0.000000] BIOS-e820: [mem 0x000000000009fc00-0x000000000009ffff] reserved
[    0.000000] BIOS-e820: [mem 0x00000000000f0000-0x00000000000fffff] reserved
[    0.000000] BIOS-e820: [mem 0x0000000000100000-0x000000003ffdffff] usable
[    0.000000] BIOS-e820: [mem 0x000000003ffe0000-0x000000003fffffff] reserved
[    0.000000] BIOS-e820: [mem 0x00000000feffc000-0x00000000feffffff] reserved
[    0.000000] BIOS-e820: [mem 0x00000000fffc0000-0x00000000ffffffff] reserved
[    0.000000] BIOS-e820: [mem 0x000000fd00000000-0x000000ffffffffff] reserved
[    0.000000] printk: legacy bootconsole [earlyser0] enabled
[    0.000000] NX (Execute Disable) protection: active
[    0.000000] APIC: Static calls initialized
[    0.000000] SMBIOS 3.0.0 present.
[    0.000000] DMI: QEMU Standard PC (i440FX + PIIX, 1996), BIOS rel-1.16.3-0-ga6ed6b701f0a-prebuilt.qemu.org 04/01/2014
[    0.000000] Hypervisor detected: KVM
[    0.000000] kvm-clock: Using msrs 4b564d01 and 4b564d00
[    0.000000] kvm-clock: using sched offset of 362929376 cycles
[    0.000395] clocksource: kvm-clock: mask: 0xffffffffffffffff max_cycles: 0x1cd42e4dffb, max_idle_ns: 881590591483 ns
[    0.001622] tsc: Detected 4491.536 MHz processor
[    0.002354] last_pfn = 0x3ffe0 max_arch_pfn = 0x400000000
[    0.002795] MTRR map: 4 entries (3 fixed + 1 variable; max 19), built from 8 variable MTRRs
[    0.003437] x86/PAT: Configuration [0-7]: WB  WC  UC- UC  WB  WP  UC- WT  
[    0.005516] found SMP MP-table at [mem 0x000f5470-0x000f547f]
[    0.005961] Using GB pages for direct mapping
[    0.006455] ACPI: Early table checksum verification disabled
[    0.006890] ACPI: RSDP 0x00000000000F5290 000014 (v00 BOCHS )
[    0.007328] ACPI: RSDT 0x000000003FFE27B6 000034 (v01 BOCHS  BXPC     00000001 BXPC 00000001)
[    0.007979] ACPI: FACP 0x000000003FFE2572 000074 (v01 BOCHS  BXPC     00000001 BXPC 00000001)
[    0.008630] ACPI: DSDT 0x000000003FFE0040 002532 (v01 BOCHS  BXPC     00000001 BXPC 00000001)
[    0.009281] ACPI: FACS 0x000000003FFE0000 000040
[    0.009634] ACPI: APIC 0x000000003FFE25E6 000170 (v03 BOCHS  BXPC     00000001 BXPC 00000001)
[    0.010286] ACPI: HPET 0x000000003FFE2756 000038 (v01 BOCHS  BXPC     00000001 BXPC 00000001)
[    0.010938] ACPI: WAET 0x000000003FFE278E 000028 (v01 BOCHS  BXPC     00000001 BXPC 00000001)
[    0.011586] ACPI: Reserving FACP table memory at [mem 0x3ffe2572-0x3ffe25e5]
[    0.012121] ACPI: Reserving DSDT table memory at [mem 0x3ffe0040-0x3ffe2571]
[    0.012654] ACPI: Reserving FACS table memory at [mem 0x3ffe0000-0x3ffe003f]
[    0.013191] ACPI: Reserving APIC table memory at [mem 0x3ffe25e6-0x3ffe2755]
[    0.013726] ACPI: Reserving HPET table memory at [mem 0x3ffe2756-0x3ffe278d]
[    0.014260] ACPI: Reserving WAET table memory at [mem 0x3ffe278e-0x3ffe27b5]
[    0.015007] No NUMA configuration found
[    0.015298] Faking a node at [mem 0x0000000000000000-0x000000003ffdffff]
[    0.015807] NODE_DATA(0) allocated [mem 0x3ffdb000-0x3ffdffff]
[    0.016267] Zone ranges:
[    0.016459]   DMA      [mem 0x0000000000001000-0x0000000000ffffff]
[    0.016928]   DMA32    [mem 0x0000000001000000-0x000000003ffdffff]
[    0.017398]   Normal   empty
[    0.017617]   Device   empty
[    0.017835] Movable zone start for each node
[    0.018159] Early memory node ranges
[    0.018429]   node   0: [mem 0x0000000000001000-0x000000000009efff]
[    0.018914]   node   0: [mem 0x0000000000100000-0x000000003ffdffff]
[    0.019392] Initmem setup node 0 [mem 0x0000000000001000-0x000000003ffdffff]
[    0.019933] On node 0, zone DMA: 1 pages in unavailable ranges
[    0.020436] On node 0, zone DMA: 97 pages in unavailable ranges
[    0.025213] On node 0, zone DMA32: 32 pages in unavailable ranges
[    0.034722] kasan: KernelAddressSanitizer initialized
[    0.035336] ACPI: PM-Timer IO Port: 0x608
[    0.035648] ACPI: LAPIC_NMI (acpi_id[0xff] dfl dfl lint[0x1])
[    0.036106] IOAPIC[0]: apic_id 0, version 17, address 0xfec00000, GSI 0-23
[    0.036630] ACPI: INT_SRC_OVR (bus 0 bus_irq 0 global_irq 2 dfl dfl)
[    0.037113] ACPI: INT_SRC_OVR (bus 0 bus_irq 5 global_irq 5 high level)
[    0.037615] ACPI: INT_SRC_OVR (bus 0 bus_irq 9 global_irq 9 high level)
[    0.038116] ACPI: INT_SRC_OVR (bus 0 bus_irq 10 global_irq 10 high level)
[    0.038630] ACPI: INT_SRC_OVR (bus 0 bus_irq 11 global_irq 11 high level)
[    0.039148] ACPI: Using ACPI (MADT) for SMP configuration information
[    0.039637] ACPI: HPET id: 0x8086a201 base: 0xfed00000
[    0.040028] TSC deadline timer available
[    0.040324] smpboot: Allowing 32 CPUs, 0 hotplug CPUs
[    0.040720] kvm-guest: APIC: eoi() replaced with kvm_guest_apic_eoi_write()
[    0.041260] kvm-guest: KVM setup pv remote TLB flush
[    0.041638] kvm-guest: setup PV sched yield
[    0.041961] PM: hibernation: Registered nosave memory: [mem 0x00000000-0x00000fff]
[    0.042535] PM: hibernation: Registered nosave memory: [mem 0x0009f000-0x0009ffff]
[    0.043111] PM: hibernation: Registered nosave memory: [mem 0x000a0000-0x000effff]
[    0.043683] PM: hibernation: Registered nosave memory: [mem 0x000f0000-0x000fffff]
[    0.044257] [mem 0x40000000-0xfeffbfff] available for PCI devices
[    0.044722] Booting paravirtualized kernel on KVM
[    0.045078] clocksource: refined-jiffies: mask: 0xffffffff max_cycles: 0xffffffff, max_idle_ns: 1910969940391419 ns
[    0.053947] setup_percpu: NR_CPUS:64 nr_cpumask_bits:32 nr_cpu_ids:32 nr_node_ids:1
[    0.055738] percpu: Embedded 68 pages/cpu s241448 r8192 d28888 u524288
[    0.056291] Kernel command line: virtme_hostname=virtme-ng virtme_link_mods=/nipa-data/kernel/.virtme_mods/lib/modules/0.0.0 virtme_initmount0=nipa-data/kernel virtme_rw_overlay0=/etc virtme_rw_overlay1=/lib virtme_rw_overlay2=/home virtme_rw_overlay3=/opt virtme_rw_overlay4=/srv virtme_rw_overlay5=/usr virtme_rw_overlay6=/var earlyprintk=serial,ttyS0,115200 console=ttyS0 psmouse.proto=exps TERM=xterm virtme_chdir=nipa-data/kernel virtme_root_user=1 rootfstype=9p rootflags=version=9p2000.L,trans=virtio,access=any raid=noautodetect ro init=/usr/lib/python3.11/site-packages/virtme/guest/virtme-init
[    0.060520] Unknown kernel command line parameters "virtme_hostname=virtme-ng virtme_link_mods=/nipa-data/kernel/.virtme_mods/lib/modules/0.0.0 virtme_initmount0=nipa-data/kernel virtme_rw_overlay0=/etc virtme_rw_overlay1=/lib virtme_rw_overlay2=/home virtme_rw_overlay3=/opt virtme_rw_overlay4=/srv virtme_rw_overlay5=/usr virtme_rw_overlay6=/var virtme_chdir=nipa-data/kernel virtme_root_user=1", will be passed to user space.
[    0.063664] random: crng init done
[    0.064043] Dentry cache hash table entries: 131072 (order: 8, 1048576 bytes, linear)
[    0.064670] Inode-cache hash table entries: 65536 (order: 7, 524288 bytes, linear)
[    0.065687] Fallback order for Node 0: 0 
[    0.065691] Built 1 zonelists, mobility grouping on.  Total pages: 257760
[    0.066534] Policy zone: DMA32
[    0.066773] mem auto-init: stack:all(zero), heap alloc:off, heap free:off
[    0.067306] stackdepot: allocating hash table via alloc_large_system_hash
[    0.067837] stackdepot hash table entries: 1048576 (order: 12, 16777216 bytes, linear)
[    0.075889] Memory: 781320K/1048056K available (43008K kernel code, 11320K rwdata, 9564K rodata, 5740K init, 2444K bss, 266480K reserved, 0K cma-reserved)
[    0.077157] SLUB: HWalign=64, Order=0-3, MinObjects=0, CPUs=32, Nodes=1
Poking KASLR using RDRAND RDTSC...
[    0.077947] ftrace: allocating 46459 entries in 182 pages
[    0.086649] ftrace: allocated 182 pages with 5 groups
[    0.087906] Dynamic Preempt: voluntary
[    0.088545] rcu: Preemptible hierarchical RCU implementation.
[    0.088993] rcu: RCU event tracing is enabled.
[    0.089345] rcu: RCU restricting CPUs from NR_CPUS=64 to nr_cpu_ids=32.
[    0.089867] Trampoline variant of Tasks RCU enabled.
[    0.090260] Rude variant of Tasks RCU enabled.
[    0.090611] Tracing variant of Tasks RCU enabled.
[    0.090988] rcu: RCU calculated value of scheduler-enlistment delay is 100 jiffies.
[    0.091582] rcu: Adjusting geometry for rcu_fanout_leaf=16, nr_cpu_ids=32
[    0.100403] NR_IRQS: 4352, nr_irqs: 680, preallocated irqs: 16
[    0.101104] rcu: srcu_init: Setting srcu_struct sizes based on contention.
[    0.101852] Console: colour *CGA 80x25
[    0.102168] printk: legacy console [ttyS0] enabled
[    0.102168] printk: legacy console [ttyS0] enabled
[    0.102966] printk: legacy bootconsole [earlyser0] disabled
[    0.102966] printk: legacy bootconsole [earlyser0] disabled
[    0.103871] ACPI: Core revision 20230628
[    0.104348] clocksource: hpet: mask: 0xffffffff max_cycles: 0xffffffff, max_idle_ns: 19112604467 ns
[    0.105146] APIC: Switch to symmetric I/O mode setup
[    0.105548] APIC: Switched APIC routing to: physical flat
[    0.105987] kvm-guest: APIC: send_IPI_mask() replaced with kvm_send_ipi_mask()
[    0.106553] kvm-guest: APIC: send_IPI_mask_allbutself() replaced with kvm_send_ipi_mask_allbutself()
[    0.107285] kvm-guest: setup PV IPIs
[    0.108481] ..TIMER: vector=0x30 apic1=0 pin1=2 apic2=-1 pin2=-1
[    0.109341] tsc: Marking TSC unstable due to TSCs unsynchronized
[    0.110191] Calibrating delay loop (skipped) preset value.. 8983.07 BogoMIPS (lpj=4491536)
[    0.111252] x86/cpu: User Mode Instruction Prevention (UMIP) activated
[    0.112249] Last level iTLB entries: 4KB 512, 2MB 255, 4MB 127
[    0.113187] Last level dTLB entries: 4KB 512, 2MB 255, 4MB 127, 1GB 0
[    0.114080] Spectre V1 : Mitigation: usercopy/swapgs barriers and __user pointer sanitization
[    0.114191] Spectre V2 : Mitigation: Enhanced / Automatic IBRS
[    0.114984] Spectre V2 : Spectre v2 / SpectreRSB mitigation: Filling RSB on context switch
[    0.115189] Spectre V2 : mitigation: Enabling conditional Indirect Branch Prediction Barrier
[    0.116189] Speculative Store Bypass: Mitigation: Speculative Store Bypass disabled via prctl
[    0.117187] Speculative Return Stack Overflow: IBPB-extending microcode not applied!
[    0.118187] Speculative Return Stack Overflow: WARNING: See https://kernel.org/doc/html/latest/admin-guide/hw-vuln/srso.html for mitigation options.
[    0.118188] Speculative Return Stack Overflow: Vulnerable: Safe RET, no microcode
[    0.120204] x86/fpu: Supporting XSAVE feature 0x001: 'x87 floating point registers'
[    0.121187] x86/fpu: Supporting XSAVE feature 0x002: 'SSE registers'
[    0.122187] x86/fpu: Supporting XSAVE feature 0x004: 'AVX registers'
[    0.123187] x86/fpu: Supporting XSAVE feature 0x020: 'AVX-512 opmask'
[    0.124039] x86/fpu: Supporting XSAVE feature 0x040: 'AVX-512 Hi256'
[    0.124187] x86/fpu: Supporting XSAVE feature 0x080: 'AVX-512 ZMM_Hi256'
[    0.125187] x86/fpu: Supporting XSAVE feature 0x200: 'Protection Keys User registers'
[    0.126187] x86/fpu: xstate_offset[2]:  576, xstate_sizes[2]:  256
[    0.127187] x86/fpu: xstate_offset[5]:  832, xstate_sizes[5]:   64
[    0.128187] x86/fpu: xstate_offset[6]:  896, xstate_sizes[6]:  512
[    0.129187] x86/fpu: xstate_offset[7]: 1408, xstate_sizes[7]: 1024
[    0.130187] x86/fpu: xstate_offset[9]: 2432, xstate_sizes[9]:    8
[    0.130999] x86/fpu: Enabled xstate features 0x2e7, context size is 2440 bytes, using 'compacted' format.
[    0.152121] Freeing SMP alternatives memory: 36K
[    0.152188] pid_max: default: 32768 minimum: 301
[    0.153336] Mount-cache hash table entries: 2048 (order: 2, 16384 bytes, linear)
[    0.154189] Mountpoint-cache hash table entries: 2048 (order: 2, 16384 bytes, linear)
[    0.156268] smpboot: CPU0: AMD Ryzen 9 7950X 16-Core Processor (family: 0x19, model: 0x61, stepping: 0x2)
[    0.157517] RCU Tasks: Setting shift to 5 and lim to 1 rcu_task_cb_adjust=1.
[    0.158212] RCU Tasks Rude: Setting shift to 5 and lim to 1 rcu_task_cb_adjust=1.
[    0.159214] RCU Tasks Trace: Setting shift to 5 and lim to 1 rcu_task_cb_adjust=1.
[    0.160214] Performance Events: Fam17h+ core perfctr, AMD PMU driver.
[    0.161105] ... version:                0
[    0.161189] ... bit width:              48
[    0.161741] ... generic registers:      6
[    0.162189] ... value mask:             0000ffffffffffff
[    0.162898] ... max period:             00007fffffffffff
[    0.163189] ... fixed-purpose events:   0
[    0.163726] ... event mask:             000000000000003f
[    0.164289] signal: max sigframe size: 3376
[    0.164897] rcu: Hierarchical SRCU implementation.
[    0.165189] rcu: Max phase no-delay instances is 400.
[    0.170159] smp: Bringing up secondary CPUs ...
[    0.170379] smpboot: x86: Booting SMP configuration:
[    0.171046] .... node  #0, CPUs:        #1  #2  #3  #4  #5  #6  #7  #8  #9 #10 #11 #12 #13 #14 #15 #16 #17 #18 #19 #20 #21 #22 #23 #24 #25 #26 #27 #28 #29 #30 #31
[    0.192373] smp: Brought up 1 node, 32 CPUs
[    0.193916] smpboot: Max logical packages: 1
[    0.194190] smpboot: Total of 32 processors activated (287458.30 BogoMIPS)
[    0.208442] devtmpfs: initialized
[    0.209368] x86/mm: Memory block size: 128MB
[    0.218563] clocksource: jiffies: mask: 0xffffffff max_cycles: 0xffffffff, max_idle_ns: 1911260446275000 ns
[    0.219291] futex hash table entries: 8192 (order: 7, 524288 bytes, linear)
[    0.220633] PM: RTC time: 12:27:13, date: 2024-02-28
[    0.222245] NET: Registered PF_NETLINK/PF_ROUTE protocol family
[    0.224298] thermal_sys: Registered thermal governor 'step_wise'
[    0.224301] thermal_sys: Registered thermal governor 'user_space'
[    0.225274] cpuidle: using governor menu
[    0.228584] PCI: Using configuration type 1 for base access
[    0.229190] PCI: Using configuration type 1 for extended access
[    0.230371] kprobes: kprobe jump-optimization is enabled. All kprobes are optimized if possible.
[    0.236851] HugeTLB: registered 1.00 GiB page size, pre-allocated 0 pages
[    0.238189] HugeTLB: 16380 KiB vmemmap can be freed for a 1.00 GiB page
[    0.239085] HugeTLB: registered 2.00 MiB page size, pre-allocated 0 pages
[    0.239189] HugeTLB: 28 KiB vmemmap can be freed for a 2.00 MiB page
[    0.241539] ACPI: Added _OSI(Module Device)
[    0.242189] ACPI: Added _OSI(Processor Device)
[    0.242794] ACPI: Added _OSI(3.0 _SCP Extensions)
[    0.243189] ACPI: Added _OSI(Processor Aggregator Device)
[    0.269660] ACPI: 1 ACPI AML tables successfully acquired and loaded
[    0.273375] ACPI: _OSC evaluation for CPUs failed, trying _PDC
[    0.275569] ACPI: Interpreter enabled
[    0.276148] ACPI: PM: (supports S0 S3 S4 S5)
[    0.276186] ACPI: Using IOAPIC for interrupt routing
[    0.278245] PCI: Using host bridge windows from ACPI; if necessary, use "pci=nocrs" and report a bug
[    0.279190] PCI: Using E820 reservations for host bridge windows
[    0.281349] ACPI: Enabled 2 GPEs in block 00 to 0F
[    0.333871] ACPI: PCI Root Bridge [PCI0] (domain 0000 [bus 00-ff])
[    0.334206] acpi PNP0A03:00: _OSC: OS supports [ExtendedConfig ASPM ClockPM Segments MSI HPX-Type3]
[    0.336758] PCI host bridge to bus 0000:00
[    0.337193] pci_bus 0000:00: root bus resource [io  0x0000-0x0cf7 window]
[    0.338118] pci_bus 0000:00: root bus resource [io  0x0d00-0xffff window]
[    0.339192] pci_bus 0000:00: root bus resource [mem 0x000a0000-0x000bffff window]
[    0.340192] pci_bus 0000:00: root bus resource [mem 0x40000000-0xfebfffff window]
[    0.341192] pci_bus 0000:00: root bus resource [mem 0x100000000-0x17fffffff window]
[    0.342193] pci_bus 0000:00: root bus resource [bus 00-ff]
[    0.343242] pci 0000:00:00.0: [8086:1237] type 00 class 0x060000 conventional PCI endpoint
[    0.345375] pci 0000:00:01.0: [8086:7000] type 00 class 0x060100 conventional PCI endpoint
[    0.348430] pci 0000:00:01.1: [8086:7010] type 00 class 0x010180 conventional PCI endpoint
[    0.353175] pci 0000:00:01.1: BAR 4 [io  0xc080-0xc08f]
[    0.355204] pci 0000:00:01.1: BAR 0 [io  0x01f0-0x01f7]: legacy IDE quirk
[    0.356190] pci 0000:00:01.1: BAR 1 [io  0x03f6]: legacy IDE quirk
[    0.357189] pci 0000:00:01.1: BAR 2 [io  0x0170-0x0177]: legacy IDE quirk
[    0.358189] pci 0000:00:01.1: BAR 3 [io  0x0376]: legacy IDE quirk
[    0.361232] pci 0000:00:01.3: [8086:7113] type 00 class 0x068000 conventional PCI endpoint
[    0.362530] pci 0000:00:01.3: quirk: [io  0x0600-0x063f] claimed by PIIX4 ACPI
[    0.364195] pci 0000:00:01.3: quirk: [io  0x0700-0x070f] claimed by PIIX4 SMB
[    0.366204] pci 0000:00:02.0: [1af4:1009] type 00 class 0x000200 conventional PCI endpoint
[    0.369190] pci 0000:00:02.0: BAR 0 [io  0xc000-0xc03f]
[    0.372103] pci 0000:00:02.0: BAR 1 [mem 0xfebfd000-0xfebfdfff]
[    0.378190] pci 0000:00:02.0: BAR 4 [mem 0xfebf4000-0xfebf7fff 64bit pref]
[    0.399195] pci 0000:00:03.0: [1af4:1009] type 00 class 0x000200 conventional PCI endpoint
[    0.402190] pci 0000:00:03.0: BAR 0 [io  0xc040-0xc07f]
[    0.404110] pci 0000:00:03.0: BAR 1 [mem 0xfebfe000-0xfebfefff]
[    0.410190] pci 0000:00:03.0: BAR 4 [mem 0xfebf8000-0xfebfbfff 64bit pref]
[    0.423971] pci 0000:00:04.0: [8086:25ab] type 00 class 0x088000 conventional PCI endpoint
[    0.425587] pci 0000:00:04.0: BAR 0 [mem 0xfebff000-0xfebff00f]
[    0.443607] ACPI: PCI: Interrupt link LNKA configured for IRQ 10
[    0.445672] ACPI: PCI: Interrupt link LNKB configured for IRQ 10
[    0.447472] ACPI: PCI: Interrupt link LNKC configured for IRQ 11
[    0.449450] ACPI: PCI: Interrupt link LNKD configured for IRQ 11
[    0.451711] ACPI: PCI: Interrupt link LNKS configured for IRQ 9
[    0.477083] iommu: Default domain type: Translated
[    0.478190] iommu: DMA domain TLB invalidation policy: lazy mode
[    0.479802] SCSI subsystem initialized
[    0.480498] pps_core: LinuxPPS API ver. 1 registered
[    0.481192] pps_core: Software ver. 5.3.6 - Copyright 2005-2007 Rodolfo Giometti <giometti@linux.it>
[    0.483211] PTP clock support registered
[    0.484357] Advanced Linux Sound Architecture Driver Initialized.
[    0.486533] NET: Registered PF_ATMPVC protocol family
[    0.487190] NET: Registered PF_ATMSVC protocol family
[    0.488047] PCI: Using ACPI for IRQ routing
[    0.489359] vgaarb: loaded
[    0.490586] hpet0: at MMIO 0xfed00000, IRQs 2, 8, 0
[    0.491189] hpet0: 3 comparators, 64-bit 100.000000 MHz counter
[    0.497857] clocksource: Switched to clocksource kvm-clock
[    0.499377] VFS: Disk quotas dquot_6.6.0
[    0.500063] VFS: Dquot-cache hash table entries: 512 (order 0, 4096 bytes)
[    0.504779] pnp: PnP ACPI init
[    0.511129] pnp: PnP ACPI: found 5 devices
[    0.523730] clocksource: acpi_pm: mask: 0xffffff max_cycles: 0xffffff, max_idle_ns: 2085701024 ns
[    0.525020] NET: Registered PF_INET protocol family
[    0.525726] IP idents hash table entries: 16384 (order: 5, 131072 bytes, linear)
[    0.527178] tcp_listen_portaddr_hash hash table entries: 512 (order: 1, 8192 bytes, linear)
[    0.528298] Table-perturb hash table entries: 65536 (order: 6, 262144 bytes, linear)
[    0.529342] TCP established hash table entries: 8192 (order: 4, 65536 bytes, linear)
[    0.530468] TCP bind hash table entries: 8192 (order: 6, 262144 bytes, linear)
[    0.531442] TCP: Hash tables configured (established 8192 bind 8192)
[    0.532460] UDP hash table entries: 512 (order: 2, 16384 bytes, linear)
[    0.533345] UDP-Lite hash table entries: 512 (order: 2, 16384 bytes, linear)
[    0.534525] NET: Registered PF_UNIX/PF_LOCAL protocol family
[    0.535309] pci_bus 0000:00: resource 4 [io  0x0000-0x0cf7 window]
[    0.536134] pci_bus 0000:00: resource 5 [io  0x0d00-0xffff window]
[    0.536957] pci_bus 0000:00: resource 6 [mem 0x000a0000-0x000bffff window]
[    0.537882] pci_bus 0000:00: resource 7 [mem 0x40000000-0xfebfffff window]
[    0.538798] pci_bus 0000:00: resource 8 [mem 0x100000000-0x17fffffff window]
[    0.539940] pci 0000:00:01.0: PIIX3: Enabling Passive Release
[    0.540705] pci 0000:00:00.0: Limiting direct PCI/PCI transfers
[    0.541537] PCI: CLS 0 bytes, default 64
[    0.542127] kvm_intel: VMX not supported by CPU 7
[    0.542810] kvm_amd: TSC scaling supported
[    0.543352] kvm_amd: Nested Virtualization enabled
[    0.544064] kvm_amd: Nested Paging enabled
[    0.544679] kvm_amd: Virtual VMLOAD VMSAVE supported
[    0.545335] kvm_amd: Virtual GIF supported
[    0.545883] kvm_amd: Virtual NMI enabled
[    0.546409] kvm_amd: LBR virtualization supported
[    0.658975] workingset: timestamp_bits=56 max_order=18 bucket_order=0
[    0.660246] squashfs: version 4.0 (2009/01/31) Phillip Lougher
[    0.661252] fuse: init (API version 7.39)
[    0.662118] 9p: Installing v9fs 9p2000 file system support
[    0.663185] Key type asymmetric registered
[    0.663935] Block layer SCSI generic (bsg) driver version 0.4 loaded (major 249)
[    0.665190] io scheduler mq-deadline registered
[    0.665950] io scheduler kyber registered
[    0.668246] input: Power Button as /devices/LNXSYSTM:00/LNXPWRBN:00/input/input0
[    0.669809] ACPI: button: Power Button [PWRF]
[    0.670699] Warning: Processor Platform Limit event detected, but not handled.
[    0.671899] Consider compiling CPUfreq support into your kernel.
[    1.613036] ACPI: \_SB_.LNKB: Enabled at IRQ 10
[    2.573193] ACPI: \_SB_.LNKC: Enabled at IRQ 11
[    2.575628] Serial: 8250/16550 driver, 4 ports, IRQ sharing enabled
[    2.576859] 00:03: ttyS0 at I/O 0x3f8 (irq = 4, base_baud = 115200) is a 16550A
[    2.579684] Non-volatile memory driver v1.3
[    2.580256] Linux agpgart interface v0.103
[    2.581028] ACPI: bus type drm_connector registered
[    2.603829] loop: module loaded
[    2.606769] scsi host0: ata_piix
[    2.607738] scsi host1: ata_piix
[    2.608402] ata1: PATA max MWDMA2 cmd 0x1f0 ctl 0x3f6 bmdma 0xc080 irq 14 lpm-pol 0
[    2.609448] ata2: PATA max MWDMA2 cmd 0x170 ctl 0x376 bmdma 0xc088 irq 15 lpm-pol 0
[    2.612157] i8042: PNP: PS/2 Controller [PNP0303:KBD,PNP0f13:MOU] at 0x60,0x64 irq 1,12
[    2.613964] serio: i8042 KBD port at 0x60,0x64 irq 1
[    2.614672] serio: i8042 AUX port at 0x60,0x64 irq 12
[    2.616015] rtc_cmos 00:04: RTC can wake from S4
[    2.616905] input: AT Translated Set 2 keyboard as /devices/platform/i8042/serio0/input/input1
[    2.619188] rtc_cmos 00:04: registered as rtc0
[    2.619850] rtc_cmos 00:04: setting system clock to 2024-02-28T12:27:15 UTC (1709123235)
[    2.621081] rtc_cmos 00:04: alarms up to one day, y3k, 242 bytes nvram, hpet irqs
[    2.623300] i6300ESB timer 0000:00:04.0: initialized. heartbeat=30 sec (nowayout=0)
[    2.624636] device-mapper: ioctl: 4.48.0-ioctl (2023-03-01) initialised: dm-devel@redhat.com
[    2.626617] input: ImExPS/2 Generic Explorer Mouse as /devices/platform/i8042/serio1/input/input3
[    2.628542] NET: Registered PF_PACKET protocol family
[    2.629243] 9pnet: Installing 9P2000 support
[    2.631259] Key type dns_resolver registered
[    2.637271] IPI shorthand broadcast: enabled
[    2.660666] sched_clock: Marking stable (2656001312, 4531505)->(2677701483, -17168666)
[    2.662135] registered taskstats version 1
[    2.677735] PM:   Magic number: 12:278:482
[    2.678300] ata_device dev1.1: hash matches
[    2.678880]  dev1.1: hash matches
[    2.679370] printk: legacy console [netcon0] enabled
[    2.680041] netconsole: network logging started
[    2.680819] ALSA device list:
[    2.681214]   No soundcards found.
[    2.769686] ata2: found unknown device (class 0)
[    2.770936] ata2.00: ATAPI: QEMU DVD-ROM, 2.5+, max UDMA/100
[    2.772880] scsi 1:0:0:0: CD-ROM            QEMU     QEMU DVD-ROM     2.5+ PQ: 0 ANSI: 5
[    2.781303] scsi 1:0:0:0: Attached scsi generic sg0 type 5
[    2.782148] md: Skipping autodetection of RAID arrays. (raid=autodetect will force)
[    2.783135] 9pnet_virtio: no channels available for device 
[    2.784559] VFS: Mounted root (9p filesystem) readonly on device 0:19.
[    2.785563] devtmpfs: mounted
[    2.790762] Freeing unused kernel image (initmem) memory: 5740K
[    2.795543] Write protecting the kernel read-only data: 53248k
[    2.796666] Freeing unused kernel image (rodata/data gap) memory: 676K
[    2.833636] x86/mm: Checked W+X mappings: passed, no W+X pages found.
[    2.834679] Run /usr/lib/python3.11/site-packages/virtme/guest/virtme-init as init process
[    2.876495] mount (268) used greatest stack depth: 26744 bytes left
[    3.003121] mount (286) used greatest stack depth: 26224 bytes left
[    3.142888] virtme-init: basic initialization done
[    3.150654] virtme-init: udevd not found
[    3.242817] virtme-init: Setting hostname to virtme-ng...
[    3.266018] ip (360) used greatest stack depth: 25192 bytes left
          _      _                                    
   __   _(_)_ __| |_ _ __ ___   ___       _ __   __ _ 
   \ \ / / |  __| __|  _   _ \ / _ \_____|  _ \ / _  |
    \ V /| | |  | |_| | | | | |  __/_____| | | | (_| |
     \_/ |_|_|   \__|_| |_| |_|\___|     |_| |_|\__  |
                                                |___/ 
   kernel version: 6.8.0-rc5-virtme x86_64

virtme-ng:/nipa-data/kernel# PS1='xx__-> '
xx__-> env
PWD=/nipa-data/kernel
HOME=/
TERM=xterm
SHLVL=2
XDG_RUNTIME_DIR=/run/user/0
PATH=/bin:/sbin:/usr/bin:/usr/sbin:/usr/local/bin
OLDPWD=/
_=/usr/bin/env
xx__-> 