No EFI environment detected.
early console in extract_kernel
input_data: 0x0000000004b152b9
input_len: 0x00000000017bc97c
output: 0x0000000001000000
output_len: 0x000000000525e3d0
kernel_total_size: 0x0000000004e30000
needed_size: 0x0000000005400000
trampoline_32bit: 0x0000000000000000
Physical KASLR using RDRAND RDTSC...
Virtual KASLR using RDRAND RDTSC...

Decompressing Linux... Parsing ELF... Performing relocations... done.
Booting the kernel (entry_offset: 0x0000000000000000).
[    0.000000] Linux version 6.8.0-rc5-virtme (root@be33966bb853) (gcc (Alpine 13.2.1_git20231014) 13.2.1 20231014, GNU ld (GNU Binutils) 2.42) #1 SMP PREEMPT_DYNAMIC Fri Feb 23 09:26:40 UTC 2024
[    0.000000] Command line: virtme_hostname=virtme-ng virtme_link_mods=/nipa-data/kernel/.virtme_mods/lib/modules/0.0.0 virtme_initmount0=nipa-data/kernel virtme_rw_overlay0=/etc virtme_rw_overlay1=/lib virtme_rw_overlay2=/home virtme_rw_overlay3=/opt virtme_rw_overlay4=/srv virtme_rw_overlay5=/usr virtme_rw_overlay6=/var earlyprintk=serial,ttyS0,115200 console=ttyS0 psmouse.proto=exps TERM=xterm virtme_chdir=nipa-data/kernel virtme_root_user=1 rootfstype=9p rootflags=version=9p2000.L,trans=virtio,access=any raid=noautodetect ro init=/usr/lib/python3.11/site-packages/virtme/guest/virtme-init
[    0.000000] BIOS-provided physical RAM map:
[    0.000000] BIOS-e820: [mem 0x0000000000000000-0x000000000009fbff] usable
[    0.000000] BIOS-e820: [mem 0x000000000009fc00-0x000000000009ffff] reserved
[    0.000000] BIOS-e820: [mem 0x00000000000f0000-0x00000000000fffff] reserved
[    0.000000] BIOS-e820: [mem 0x0000000000100000-0x000000003ffdffff] usable
[    0.000000] BIOS-e820: [mem 0x000000003ffe0000-0x000000003fffffff] reserved
[    0.000000] BIOS-e820: [mem 0x00000000feffc000-0x00000000feffffff] reserved
[    0.000000] BIOS-e820: [mem 0x00000000fffc0000-0x00000000ffffffff] reserved
[    0.000000] BIOS-e820: [mem 0x000000fd00000000-0x000000ffffffffff] reserved
[    0.000000] printk: legacy bootconsole [earlyser0] enabled
[    0.000000] NX (Execute Disable) protection: active
[    0.000000] APIC: Static calls initialized
[    0.000000] SMBIOS 3.0.0 present.
[    0.000000] DMI: QEMU Standard PC (i440FX + PIIX, 1996), BIOS rel-1.16.3-0-ga6ed6b701f0a-prebuilt.qemu.org 04/01/2014
[    0.000000] Hypervisor detected: KVM
[    0.000000] kvm-clock: Using msrs 4b564d01 and 4b564d00
[    0.000000] kvm-clock: using sched offset of 345134470 cycles
[    0.000384] clocksource: kvm-clock: mask: 0xffffffffffffffff max_cycles: 0x1cd42e4dffb, max_idle_ns: 881590591483 ns
[    0.001583] tsc: Detected 4491.536 MHz processor
[    0.002301] last_pfn = 0x3ffe0 max_arch_pfn = 0x400000000
[    0.002727] MTRR map: 4 entries (3 fixed + 1 variable; max 19), built from 8 variable MTRRs
[    0.003336] x86/PAT: Configuration [0-7]: WB  WC  UC- UC  WB  WP  UC- WT  
[    0.005353] found SMP MP-table at [mem 0x000f5470-0x000f547f]
[    0.005787] Using GB pages for direct mapping
[    0.006263] ACPI: Early table checksum verification disabled
[    0.006683] ACPI: RSDP 0x00000000000F5290 000014 (v00 BOCHS )
[    0.007107] ACPI: RSDT 0x000000003FFE27B6 000034 (v01 BOCHS  BXPC     00000001 BXPC 00000001)
[    0.007739] ACPI: FACP 0x000000003FFE2572 000074 (v01 BOCHS  BXPC     00000001 BXPC 00000001)
[    0.008365] ACPI: DSDT 0x000000003FFE0040 002532 (v01 BOCHS  BXPC     00000001 BXPC 00000001)
[    0.008994] ACPI: FACS 0x000000003FFE0000 000040
[    0.009337] ACPI: APIC 0x000000003FFE25E6 000170 (v03 BOCHS  BXPC     00000001 BXPC 00000001)
[    0.009975] ACPI: HPET 0x000000003FFE2756 000038 (v01 BOCHS  BXPC     00000001 BXPC 00000001)
[    0.010604] ACPI: WAET 0x000000003FFE278E 000028 (v01 BOCHS  BXPC     00000001 BXPC 00000001)
[    0.011229] ACPI: Reserving FACP table memory at [mem 0x3ffe2572-0x3ffe25e5]
[    0.011754] ACPI: Reserving DSDT table memory at [mem 0x3ffe0040-0x3ffe2571]
[    0.012267] ACPI: Reserving FACS table memory at [mem 0x3ffe0000-0x3ffe003f]
[    0.012785] ACPI: Reserving APIC table memory at [mem 0x3ffe25e6-0x3ffe2755]
[    0.013301] ACPI: Reserving HPET table memory at [mem 0x3ffe2756-0x3ffe278d]
[    0.013819] ACPI: Reserving WAET table memory at [mem 0x3ffe278e-0x3ffe27b5]
[    0.014533] No NUMA configuration found
[    0.014822] Faking a node at [mem 0x0000000000000000-0x000000003ffdffff]
[    0.015314] NODE_DATA(0) allocated [mem 0x3ffdb000-0x3ffdffff]
[    0.015762] Zone ranges:
[    0.015948]   DMA      [mem 0x0000000000001000-0x0000000000ffffff]
[    0.016402]   DMA32    [mem 0x0000000001000000-0x000000003ffdffff]
[    0.016858]   Normal   empty
[    0.017073]   Device   empty
[    0.017283] Movable zone start for each node
[    0.017606] Early memory node ranges
[    0.017867]   node   0: [mem 0x0000000000001000-0x000000000009efff]
[    0.018325]   node   0: [mem 0x0000000000100000-0x000000003ffdffff]
[    0.018796] Initmem setup node 0 [mem 0x0000000000001000-0x000000003ffdffff]
[    0.019314] On node 0, zone DMA: 1 pages in unavailable ranges
[    0.019805] On node 0, zone DMA: 97 pages in unavailable ranges
[    0.024377] On node 0, zone DMA32: 32 pages in unavailable ranges
[    0.033984] kasan: KernelAddressSanitizer initialized
[    0.034592] ACPI: PM-Timer IO Port: 0x608
[    0.034894] ACPI: LAPIC_NMI (acpi_id[0xff] dfl dfl lint[0x1])
[    0.035339] IOAPIC[0]: apic_id 0, version 17, address 0xfec00000, GSI 0-23
[    0.035849] ACPI: INT_SRC_OVR (bus 0 bus_irq 0 global_irq 2 dfl dfl)
[    0.036312] ACPI: INT_SRC_OVR (bus 0 bus_irq 5 global_irq 5 high level)
[    0.036803] ACPI: INT_SRC_OVR (bus 0 bus_irq 9 global_irq 9 high level)
[    0.037294] ACPI: INT_SRC_OVR (bus 0 bus_irq 10 global_irq 10 high level)
[    0.037794] ACPI: INT_SRC_OVR (bus 0 bus_irq 11 global_irq 11 high level)
[    0.038291] ACPI: Using ACPI (MADT) for SMP configuration information
[    0.038770] ACPI: HPET id: 0x8086a201 base: 0xfed00000
[    0.039146] TSC deadline timer available
[    0.039432] smpboot: Allowing 32 CPUs, 0 hotplug CPUs
[    0.039825] kvm-guest: APIC: eoi() replaced with kvm_guest_apic_eoi_write()
[    0.040348] kvm-guest: KVM setup pv remote TLB flush
[    0.040721] kvm-guest: setup PV sched yield
[    0.041034] PM: hibernation: Registered nosave memory: [mem 0x00000000-0x00000fff]
[    0.041597] PM: hibernation: Registered nosave memory: [mem 0x0009f000-0x0009ffff]
[    0.042150] PM: hibernation: Registered nosave memory: [mem 0x000a0000-0x000effff]
[    0.042715] PM: hibernation: Registered nosave memory: [mem 0x000f0000-0x000fffff]
[    0.043265] [mem 0x40000000-0xfeffbfff] available for PCI devices
[    0.043718] Booting paravirtualized kernel on KVM
[    0.044063] clocksource: refined-jiffies: mask: 0xffffffff max_cycles: 0xffffffff, max_idle_ns: 1910969940391419 ns
[    0.052853] setup_percpu: NR_CPUS:64 nr_cpumask_bits:32 nr_cpu_ids:32 nr_node_ids:1
[    0.054643] percpu: Embedded 68 pages/cpu s241448 r8192 d28888 u524288
[    0.055178] Kernel command line: virtme_hostname=virtme-ng virtme_link_mods=/nipa-data/kernel/.virtme_mods/lib/modules/0.0.0 virtme_initmount0=nipa-data/kernel virtme_rw_overlay0=/etc virtme_rw_overlay1=/lib virtme_rw_overlay2=/home virtme_rw_overlay3=/opt virtme_rw_overlay4=/srv virtme_rw_overlay5=/usr virtme_rw_overlay6=/var earlyprintk=serial,ttyS0,115200 console=ttyS0 psmouse.proto=exps TERM=xterm virtme_chdir=nipa-data/kernel virtme_root_user=1 rootfstype=9p rootflags=version=9p2000.L,trans=virtio,access=any raid=noautodetect ro init=/usr/lib/python3.11/site-packages/virtme/guest/virtme-init
[    0.059289] Unknown kernel command line parameters "virtme_hostname=virtme-ng virtme_link_mods=/nipa-data/kernel/.virtme_mods/lib/modules/0.0.0 virtme_initmount0=nipa-data/kernel virtme_rw_overlay0=/etc virtme_rw_overlay1=/lib virtme_rw_overlay2=/home virtme_rw_overlay3=/opt virtme_rw_overlay4=/srv virtme_rw_overlay5=/usr virtme_rw_overlay6=/var virtme_chdir=nipa-data/kernel virtme_root_user=1", will be passed to user space.
[    0.062403] random: crng init done
[    0.062696] Dentry cache hash table entries: 131072 (order: 8, 1048576 bytes, linear)
[    0.063303] Inode-cache hash table entries: 65536 (order: 7, 524288 bytes, linear)
[    0.064330] Fallback order for Node 0: 0 
[    0.064335] Built 1 zonelists, mobility grouping on.  Total pages: 257760
[    0.065156] Policy zone: DMA32
[    0.065386] mem auto-init: stack:all(zero), heap alloc:off, heap free:off
[    0.065899] stackdepot: allocating hash table via alloc_large_system_hash
[    0.066408] stackdepot hash table entries: 1048576 (order: 12, 16777216 bytes, linear)
[    0.074333] Memory: 781300K/1048056K available (43008K kernel code, 11319K rwdata, 9560K rodata, 5740K init, 2444K bss, 266500K reserved, 0K cma-reserved)
[    0.075571] SLUB: HWalign=64, Order=0-3, MinObjects=0, CPUs=32, Nodes=1
Poking KASLR using RDRAND RDTSC...
[    0.076339] ftrace: allocating 46463 entries in 182 pages
[    0.085360] ftrace: allocated 182 pages with 5 groups
[    0.086594] Dynamic Preempt: voluntary
[    0.087214] rcu: Preemptible hierarchical RCU implementation.
[    0.087656] rcu: RCU event tracing is enabled.
[    0.087996] rcu: RCU restricting CPUs from NR_CPUS=64 to nr_cpu_ids=32.
[    0.088498] Trampoline variant of Tasks RCU enabled.
[    0.088879] Rude variant of Tasks RCU enabled.
[    0.089222] Tracing variant of Tasks RCU enabled.
[    0.089590] rcu: RCU calculated value of scheduler-enlistment delay is 100 jiffies.
[    0.090163] rcu: Adjusting geometry for rcu_fanout_leaf=16, nr_cpu_ids=32
[    0.098735] NR_IRQS: 4352, nr_irqs: 680, preallocated irqs: 16
[    0.099415] rcu: srcu_init: Setting srcu_struct sizes based on contention.
[    0.100144] Console: colour *CGA 80x25
[    0.100443] printk: legacy console [ttyS0] enabled
[    0.100443] printk: legacy console [ttyS0] enabled
[    0.101218] printk: legacy bootconsole [earlyser0] disabled
[    0.101218] printk: legacy bootconsole [earlyser0] disabled
[    0.102080] ACPI: Core revision 20230628
[    0.102529] clocksource: hpet: mask: 0xffffffff max_cycles: 0xffffffff, max_idle_ns: 19112604467 ns
[    0.103280] APIC: Switch to symmetric I/O mode setup
[    0.103660] APIC: Switched APIC routing to: physical flat
[    0.104070] kvm-guest: APIC: send_IPI_mask() replaced with kvm_send_ipi_mask()
[    0.104602] kvm-guest: APIC: send_IPI_mask_allbutself() replaced with kvm_send_ipi_mask_allbutself()
[    0.105306] kvm-guest: setup PV IPIs
[    0.106451] ..TIMER: vector=0x30 apic1=0 pin1=2 apic2=-1 pin2=-1
[    0.107253] tsc: Marking TSC unstable due to TSCs unsynchronized
[    0.108058] Calibrating delay loop (skipped) preset value.. 8983.07 BogoMIPS (lpj=4491536)
[    0.109116] x86/cpu: User Mode Instruction Prevention (UMIP) activated
[    0.110114] Last level iTLB entries: 4KB 512, 2MB 255, 4MB 127
[    0.111054] Last level dTLB entries: 4KB 512, 2MB 255, 4MB 127, 1GB 0
[    0.112058] Spectre V1 : Mitigation: usercopy/swapgs barriers and __user pointer sanitization
[    0.113059] Spectre V2 : Mitigation: Enhanced / Automatic IBRS
[    0.114054] Spectre V2 : Spectre v2 / SpectreRSB mitigation: Filling RSB on context switch
[    0.115056] Spectre V2 : mitigation: Enabling conditional Indirect Branch Prediction Barrier
[    0.116056] Speculative Store Bypass: Mitigation: Speculative Store Bypass disabled via prctl
[    0.117054] Speculative Return Stack Overflow: IBPB-extending microcode not applied!
[    0.118054] Speculative Return Stack Overflow: WARNING: See https://kernel.org/doc/html/latest/admin-guide/hw-vuln/srso.html for mitigation options.
[    0.118056] Speculative Return Stack Overflow: Vulnerable: Safe RET, no microcode
[    0.120070] x86/fpu: Supporting XSAVE feature 0x001: 'x87 floating point registers'
[    0.121054] x86/fpu: Supporting XSAVE feature 0x002: 'SSE registers'
[    0.122054] x86/fpu: Supporting XSAVE feature 0x004: 'AVX registers'
[    0.123054] x86/fpu: Supporting XSAVE feature 0x020: 'AVX-512 opmask'
[    0.124054] x86/fpu: Supporting XSAVE feature 0x040: 'AVX-512 Hi256'
[    0.124870] x86/fpu: Supporting XSAVE feature 0x080: 'AVX-512 ZMM_Hi256'
[    0.125054] x86/fpu: Supporting XSAVE feature 0x200: 'Protection Keys User registers'
[    0.126054] x86/fpu: xstate_offset[2]:  576, xstate_sizes[2]:  256
[    0.127054] x86/fpu: xstate_offset[5]:  832, xstate_sizes[5]:   64
[    0.128054] x86/fpu: xstate_offset[6]:  896, xstate_sizes[6]:  512
[    0.129054] x86/fpu: xstate_offset[7]: 1408, xstate_sizes[7]: 1024
[    0.129845] x86/fpu: xstate_offset[9]: 2432, xstate_sizes[9]:    8
[    0.130054] x86/fpu: Enabled xstate features 0x2e7, context size is 2440 bytes, using 'compacted' format.
[    0.151285] Freeing SMP alternatives memory: 36K
[    0.151887] pid_max: default: 32768 minimum: 301
[    0.152198] Mount-cache hash table entries: 2048 (order: 2, 16384 bytes, linear)
[    0.153056] Mountpoint-cache hash table entries: 2048 (order: 2, 16384 bytes, linear)
[    0.155264] smpboot: CPU0: AMD Ryzen 9 7950X 16-Core Processor (family: 0x19, model: 0x61, stepping: 0x2)
[    0.156375] RCU Tasks: Setting shift to 5 and lim to 1 rcu_task_cb_adjust=1.
[    0.157080] RCU Tasks Rude: Setting shift to 5 and lim to 1 rcu_task_cb_adjust=1.
[    0.158060] RCU Tasks Trace: Setting shift to 5 and lim to 1 rcu_task_cb_adjust=1.
[    0.159050] Performance Events: Fam17h+ core perfctr, AMD PMU driver.
[    0.159913] ... version:                0
[    0.160056] ... bit width:              48
[    0.160581] ... generic registers:      6
[    0.161056] ... value mask:             0000ffffffffffff
[    0.161734] ... max period:             00007fffffffffff
[    0.162056] ... fixed-purpose events:   0
[    0.162572] ... event mask:             000000000000003f
[    0.163151] signal: max sigframe size: 3376
[    0.163733] rcu: Hierarchical SRCU implementation.
[    0.164057] rcu: Max phase no-delay instances is 400.
[    0.168839] smp: Bringing up secondary CPUs ...
[    0.169238] smpboot: x86: Booting SMP configuration:
[    0.169879] .... node  #0, CPUs:        #1  #2  #3  #4  #5  #6  #7  #8  #9 #10 #11 #12 #13 #14 #15 #16 #17 #18 #19 #20 #21 #22 #23 #24 #25 #26 #27 #28 #29 #30 #31
[    0.199209] smp: Brought up 1 node, 32 CPUs
[    0.200621] smpboot: Max logical packages: 1
[    0.201058] smpboot: Total of 32 processors activated (287458.30 BogoMIPS)
[    0.211241] devtmpfs: initialized
[    0.212195] x86/mm: Memory block size: 128MB
[    0.219152] clocksource: jiffies: mask: 0xffffffff max_cycles: 0xffffffff, max_idle_ns: 1911260446275000 ns
[    0.220061] futex hash table entries: 8192 (order: 7, 524288 bytes, linear)
[    0.221297] PM: RTC time: 09:27:14, date: 2024-02-23
[    0.222825] NET: Registered PF_NETLINK/PF_ROUTE protocol family
[    0.223869] thermal_sys: Registered thermal governor 'step_wise'
[    0.223871] thermal_sys: Registered thermal governor 'user_space'
[    0.224114] cpuidle: using governor menu
[    0.226505] PCI: Using configuration type 1 for base access
[    0.227056] PCI: Using configuration type 1 for extended access
[    0.227943] kprobes: kprobe jump-optimization is enabled. All kprobes are optimized if possible.
[    0.241290] HugeTLB: registered 1.00 GiB page size, pre-allocated 0 pages
[    0.242057] HugeTLB: 16380 KiB vmemmap can be freed for a 1.00 GiB page
[    0.242919] HugeTLB: registered 2.00 MiB page size, pre-allocated 0 pages
[    0.244056] HugeTLB: 28 KiB vmemmap can be freed for a 2.00 MiB page
[    0.245393] ACPI: Added _OSI(Module Device)
[    0.246057] ACPI: Added _OSI(Processor Device)
[    0.246640] ACPI: Added _OSI(3.0 _SCP Extensions)
[    0.247056] ACPI: Added _OSI(Processor Aggregator Device)
[    0.271760] ACPI: 1 ACPI AML tables successfully acquired and loaded
[    0.275232] ACPI: _OSC evaluation for CPUs failed, trying _PDC
[    0.278385] ACPI: Interpreter enabled
[    0.278927] ACPI: PM: (supports S0 S3 S4 S5)
[    0.279057] ACPI: Using IOAPIC for interrupt routing
[    0.279748] PCI: Using host bridge windows from ACPI; if necessary, use "pci=nocrs" and report a bug
[    0.281056] PCI: Using E820 reservations for host bridge windows
[    0.282915] ACPI: Enabled 2 GPEs in block 00 to 0F
[    0.331090] ACPI: PCI Root Bridge [PCI0] (domain 0000 [bus 00-ff])
[    0.331908] acpi PNP0A03:00: _OSC: OS supports [ExtendedConfig ASPM ClockPM Segments MSI HPX-Type3]
[    0.333560] PCI host bridge to bus 0000:00
[    0.334060] pci_bus 0000:00: root bus resource [io  0x0000-0x0cf7 window]
[    0.334938] pci_bus 0000:00: root bus resource [io  0x0d00-0xffff window]
[    0.336059] pci_bus 0000:00: root bus resource [mem 0x000a0000-0x000bffff window]
[    0.337030] pci_bus 0000:00: root bus resource [mem 0x40000000-0xfebfffff window]
[    0.338059] pci_bus 0000:00: root bus resource [mem 0x100000000-0x17fffffff window]
[    0.339047] pci_bus 0000:00: root bus resource [bus 00-ff]
[    0.340203] pci 0000:00:00.0: [8086:1237] type 00 class 0x060000 conventional PCI endpoint
[    0.341920] pci 0000:00:01.0: [8086:7000] type 00 class 0x060100 conventional PCI endpoint
[    0.343958] pci 0000:00:01.1: [8086:7010] type 00 class 0x010180 conventional PCI endpoint
[    0.347057] pci 0000:00:01.1: BAR 4 [io  0xc080-0xc08f]
[    0.348531] pci 0000:00:01.1: BAR 0 [io  0x01f0-0x01f7]: legacy IDE quirk
[    0.350057] pci 0000:00:01.1: BAR 1 [io  0x03f6]: legacy IDE quirk
[    0.350848] pci 0000:00:01.1: BAR 2 [io  0x0170-0x0177]: legacy IDE quirk
[    0.351056] pci 0000:00:01.1: BAR 3 [io  0x0376]: legacy IDE quirk
[    0.352542] pci 0000:00:01.3: [8086:7113] type 00 class 0x068000 conventional PCI endpoint
[    0.354320] pci 0000:00:01.3: quirk: [io  0x0600-0x063f] claimed by PIIX4 ACPI
[    0.355060] pci 0000:00:01.3: quirk: [io  0x0700-0x070f] claimed by PIIX4 SMB
[    0.357788] pci 0000:00:02.0: [1af4:1009] type 00 class 0x000200 conventional PCI endpoint
[    0.359057] pci 0000:00:02.0: BAR 0 [io  0xc000-0xc03f]
[    0.361650] pci 0000:00:02.0: BAR 1 [mem 0xfebfd000-0xfebfdfff]
[    0.366057] pci 0000:00:02.0: BAR 4 [mem 0xfebf4000-0xfebf7fff 64bit pref]
[    0.379448] pci 0000:00:03.0: [1af4:1009] type 00 class 0x000200 conventional PCI endpoint
[    0.382057] pci 0000:00:03.0: BAR 0 [io  0xc040-0xc07f]
[    0.383663] pci 0000:00:03.0: BAR 1 [mem 0xfebfe000-0xfebfefff]
[    0.388646] pci 0000:00:03.0: BAR 4 [mem 0xfebf8000-0xfebfbfff 64bit pref]
[    0.402500] pci 0000:00:04.0: [8086:25ab] type 00 class 0x088000 conventional PCI endpoint
[    0.404417] pci 0000:00:04.0: BAR 0 [mem 0xfebff000-0xfebff00f]
[    0.421153] ACPI: PCI: Interrupt link LNKA configured for IRQ 10
[    0.423329] ACPI: PCI: Interrupt link LNKB configured for IRQ 10
[    0.425113] ACPI: PCI: Interrupt link LNKC configured for IRQ 11
[    0.426828] ACPI: PCI: Interrupt link LNKD configured for IRQ 11
[    0.428443] ACPI: PCI: Interrupt link LNKS configured for IRQ 9
[    0.447567] iommu: Default domain type: Translated
[    0.448056] iommu: DMA domain TLB invalidation policy: lazy mode
[    0.449312] SCSI subsystem initialized
[    0.450171] pps_core: LinuxPPS API ver. 1 registered
[    0.450813] pps_core: Software ver. 5.3.6 - Copyright 2005-2007 Rodolfo Giometti <giometti@linux.it>
[    0.452071] PTP clock support registered
[    0.453180] Advanced Linux Sound Architecture Driver Initialized.
[    0.455103] NET: Registered PF_ATMPVC protocol family
[    0.455762] NET: Registered PF_ATMSVC protocol family
[    0.456080] PCI: Using ACPI for IRQ routing
[    0.457128] vgaarb: loaded
[    0.457434] hpet0: at MMIO 0xfed00000, IRQs 2, 8, 0
[    0.458057] hpet0: 3 comparators, 64-bit 100.000000 MHz counter
[    0.464514] clocksource: Switched to clocksource kvm-clock
[    0.465800] VFS: Disk quotas dquot_6.6.0
[    0.466343] VFS: Dquot-cache hash table entries: 512 (order 0, 4096 bytes)
[    0.467513] pnp: PnP ACPI init
[    0.474279] pnp: PnP ACPI: found 5 devices
[    0.486962] clocksource: acpi_pm: mask: 0xffffff max_cycles: 0xffffff, max_idle_ns: 2085701024 ns
[    0.488201] NET: Registered PF_INET protocol family
[    0.488953] IP idents hash table entries: 16384 (order: 5, 131072 bytes, linear)
[    0.490308] tcp_listen_portaddr_hash hash table entries: 512 (order: 1, 8192 bytes, linear)
[    0.491387] Table-perturb hash table entries: 65536 (order: 6, 262144 bytes, linear)
[    0.492405] TCP established hash table entries: 8192 (order: 4, 65536 bytes, linear)
[    0.493407] TCP bind hash table entries: 8192 (order: 6, 262144 bytes, linear)
[    0.494345] TCP: Hash tables configured (established 8192 bind 8192)
[    0.495324] UDP hash table entries: 512 (order: 2, 16384 bytes, linear)
[    0.496181] UDP-Lite hash table entries: 512 (order: 2, 16384 bytes, linear)
[    0.497318] NET: Registered PF_UNIX/PF_LOCAL protocol family
[    0.498062] pci_bus 0000:00: resource 4 [io  0x0000-0x0cf7 window]
[    0.498859] pci_bus 0000:00: resource 5 [io  0x0d00-0xffff window]
[    0.499656] pci_bus 0000:00: resource 6 [mem 0x000a0000-0x000bffff window]
[    0.500541] pci_bus 0000:00: resource 7 [mem 0x40000000-0xfebfffff window]
[    0.501427] pci_bus 0000:00: resource 8 [mem 0x100000000-0x17fffffff window]
[    0.502533] pci 0000:00:01.0: PIIX3: Enabling Passive Release
[    0.503280] pci 0000:00:00.0: Limiting direct PCI/PCI transfers
[    0.504072] PCI: CLS 0 bytes, default 64
[    0.504776] kvm_intel: VMX not supported by CPU 8
[    0.505426] kvm_amd: TSC scaling supported
[    0.505954] kvm_amd: Nested Virtualization enabled
[    0.506573] kvm_amd: Nested Paging enabled
[    0.507122] kvm_amd: Virtual VMLOAD VMSAVE supported
[    0.507760] kvm_amd: Virtual GIF supported
[    0.508295] kvm_amd: Virtual NMI enabled
[    0.508805] kvm_amd: LBR virtualization supported
[    0.615348] workingset: timestamp_bits=56 max_order=18 bucket_order=0
[    0.616339] squashfs: version 4.0 (2009/01/31) Phillip Lougher
[    0.617117] fuse: init (API version 7.39)
[    0.617777] 9p: Installing v9fs 9p2000 file system support
[    0.618596] Key type asymmetric registered
[    0.619178] Block layer SCSI generic (bsg) driver version 0.4 loaded (major 249)
[    0.620163] io scheduler mq-deadline registered
[    0.620754] io scheduler kyber registered
[    0.622601] input: Power Button as /devices/LNXSYSTM:00/LNXPWRBN:00/input/input0
[    0.623805] ACPI: button: Power Button [PWRF]
[    0.624510] Warning: Processor Platform Limit event detected, but not handled.
[    0.625440] Consider compiling CPUfreq support into your kernel.
[    1.483868] ACPI: \_SB_.LNKB: Enabled at IRQ 10
[    2.360515] ACPI: \_SB_.LNKC: Enabled at IRQ 11
[    2.362224] Serial: 8250/16550 driver, 4 ports, IRQ sharing enabled
[    2.363398] 00:03: ttyS0 at I/O 0x3f8 (irq = 4, base_baud = 115200) is a 16550A
[    2.366158] Non-volatile memory driver v1.3
[    2.366715] Linux agpgart interface v0.103
[    2.367437] ACPI: bus type drm_connector registered
[    2.389544] loop: module loaded
[    2.392440] scsi host0: ata_piix
[    2.393421] scsi host1: ata_piix
[    2.394059] ata1: PATA max MWDMA2 cmd 0x1f0 ctl 0x3f6 bmdma 0xc080 irq 14 lpm-pol 0
[    2.395059] ata2: PATA max MWDMA2 cmd 0x170 ctl 0x376 bmdma 0xc088 irq 15 lpm-pol 0
[    2.397724] i8042: PNP: PS/2 Controller [PNP0303:KBD,PNP0f13:MOU] at 0x60,0x64 irq 1,12
[    2.399460] serio: i8042 KBD port at 0x60,0x64 irq 1
[    2.400122] serio: i8042 AUX port at 0x60,0x64 irq 12
[    2.401420] rtc_cmos 00:04: RTC can wake from S4
[    2.402304] input: AT Translated Set 2 keyboard as /devices/platform/i8042/serio0/input/input1
[    2.404472] rtc_cmos 00:04: registered as rtc0
[    2.405087] rtc_cmos 00:04: setting system clock to 2024-02-23T09:27:16 UTC (1708680436)
[    2.406264] rtc_cmos 00:04: alarms up to one day, y3k, 242 bytes nvram, hpet irqs
[    2.408183] i6300ESB timer 0000:00:04.0: initialized. heartbeat=30 sec (nowayout=0)
[    2.409482] device-mapper: ioctl: 4.48.0-ioctl (2023-03-01) initialised: dm-devel@redhat.com
[    2.411884] NET: Registered PF_PACKET protocol family
[    2.412784] 9pnet: Installing 9P2000 support
[    2.413481] input: ImExPS/2 Generic Explorer Mouse as /devices/platform/i8042/serio1/input/input3
[    2.415873] Key type dns_resolver registered
[    2.422253] IPI shorthand broadcast: enabled
[    2.444904] sched_clock: Marking stable (2440001380, 4107157)->(2456986773, -12878236)
[    2.446444] registered taskstats version 1
[    2.462642] PM:   Magic number: 12:582:475
[    2.463458] printk: legacy console [netcon0] enabled
[    2.464343] netconsole: network logging started
[    2.465358] ALSA device list:
[    2.465877]   No soundcards found.
[    2.551446] ata2: found unknown device (class 0)
[    2.552649] ata2.00: ATAPI: QEMU DVD-ROM, 2.5+, max UDMA/100
[    2.554701] scsi 1:0:0:0: CD-ROM            QEMU     QEMU DVD-ROM     2.5+ PQ: 0 ANSI: 5
[    2.562923] scsi 1:0:0:0: Attached scsi generic sg0 type 5
[    2.563754] md: Skipping autodetection of RAID arrays. (raid=autodetect will force)
[    2.565013] 9pnet_virtio: no channels available for device 
[    2.566816] VFS: Mounted root (9p filesystem) readonly on device 0:19.
[    2.568040] devtmpfs: mounted
[    2.575036] Freeing unused kernel image (initmem) memory: 5740K
[    2.577130] Write protecting the kernel read-only data: 53248k
[    2.578465] Freeing unused kernel image (rodata/data gap) memory: 680K
[    2.616262] x86/mm: Checked W+X mappings: passed, no W+X pages found.
[    2.617020] Run /usr/lib/python3.11/site-packages/virtme/guest/virtme-init as init process
[    2.659490] mount (266) used greatest stack depth: 26744 bytes left
[    2.782278] mount (284) used greatest stack depth: 26224 bytes left
[    2.930986] virtme-init: basic initialization done
[    2.939826] virtme-init: udevd not found
[    3.029867] virtme-init: Setting hostname to virtme-ng...
[    3.048531] ip (357) used greatest stack depth: 25192 bytes left
          _      _                                    
   __   _(_)_ __| |_ _ __ ___   ___       _ __   __ _ 
   \ \ / / |  __| __|  _   _ \ / _ \_____|  _ \ / _  |
    \ V /| | |  | |_| | | | | |  __/_____| | | | (_| |
     \_/ |_|_|   \__|_| |_| |_|\___|     |_| |_|\__  |
                                                |___/ 
   kernel version: 6.8.0-rc5-virtme x86_64

virtme-ng:/nipa-data/kernel# PS1='xx__-> '
xx__-> env
PWD=/nipa-data/kernel
HOME=/
TERM=xterm
SHLVL=2
XDG_RUNTIME_DIR=/run/user/0
PATH=/bin:/sbin:/usr/bin:/usr/sbin:/usr/local/bin
OLDPWD=/
_=/usr/bin/env
xx__-> 