No EFI environment detected.
early console in extract_kernel
input_data: 0x0000000004ab72c4
input_len: 0x00000000018f43b9
output: 0x0000000001000000
output_len: 0x0000000005337488
kernel_total_size: 0x0000000005030000
needed_size: 0x0000000005400000
trampoline_32bit: 0x0000000000000000
Physical KASLR using RDRAND RDTSC...
Virtual KASLR using RDRAND RDTSC...

Decompressing Linux... Parsing ELF... Performing relocations... done.
Booting the kernel (entry_offset: 0x0000000000000000).
[    0.000000] Linux version 6.12.0-virtme (root@72ba7f9f63d5) (gcc (Ubuntu 13.2.0-23ubuntu4) 13.2.0, GNU ld (GNU Binutils for Ubuntu) 2.42) #1 SMP PREEMPT_DYNAMIC Tue Dec  3 18:27:00 UTC 2024
[    0.000000] Command line: virtme_hostname=virtme-ng nr_open=1048576 virtme_link_mods=/nipa-data/kernel/.virtme_mods/lib/modules/0.0.0 virtme_initmount0=nipa-data/kernel virtme_rw_overlay0=/etc virtme_rw_overlay1=/lib virtme_rw_overlay2=/home virtme_rw_overlay3=/opt virtme_rw_overlay4=/srv virtme_rw_overlay5=/usr virtme_rw_overlay6=/var console=hvc0 earlyprintk=serial,ttyS0,115200 virtme_console=ttyS0 psmouse.proto=exps TERM=xterm virtme_chdir=nipa-data/kernel virtme_root_user=1 rootfstype=9p rootflags=version=9p2000.L,trans=virtio,access=any raid=noautodetect ro init=/usr/lib/python3/dist-packages/virtme/guest/virtme-init
[    0.000000] BIOS-provided physical RAM map:
[    0.000000] BIOS-e820: [mem 0x0000000000000000-0x000000000009fbff] usable
[    0.000000] BIOS-e820: [mem 0x000000000009fc00-0x000000000009ffff] reserved
[    0.000000] BIOS-e820: [mem 0x00000000000f0000-0x00000000000fffff] reserved
[    0.000000] BIOS-e820: [mem 0x0000000000100000-0x000000003ffdffff] usable
[    0.000000] BIOS-e820: [mem 0x000000003ffe0000-0x000000003fffffff] reserved
[    0.000000] BIOS-e820: [mem 0x00000000feffc000-0x00000000feffffff] reserved
[    0.000000] BIOS-e820: [mem 0x00000000fffc0000-0x00000000ffffffff] reserved
[    0.000000] BIOS-e820: [mem 0x000000fd00000000-0x000000ffffffffff] reserved
[    0.000000] printk: legacy bootconsole [earlyser0] enabled
[    0.000000] NX (Execute Disable) protection: active
[    0.000000] APIC: Static calls initialized
[    0.000000] SMBIOS 3.0.0 present.
[    0.000000] DMI: QEMU Ubuntu 24.04 PC (i440FX + PIIX, 1996), BIOS 1.16.3-debian-1.16.3-2 04/01/2014
[    0.000000] DMI: Memory slots populated: 1/1
[    0.000000] Hypervisor detected: KVM
[    0.000000] kvm-clock: Using msrs 4b564d01 and 4b564d00
[    0.000000] kvm-clock: using sched offset of 299372267 cycles
[    0.000340] clocksource: kvm-clock: mask: 0xffffffffffffffff max_cycles: 0x1cd42e4dffb, max_idle_ns: 881590591483 ns
[    0.001397] tsc: Detected 4491.556 MHz processor
[    0.002019] last_pfn = 0x3ffe0 max_arch_pfn = 0x400000000
[    0.002395] MTRR map: 4 entries (3 fixed + 1 variable; max 19), built from 8 variable MTRRs
[    0.002939] x86/PAT: Configuration [0-7]: WB  WC  UC- UC  WB  WP  UC- WT  
[    0.004784] found SMP MP-table at [mem 0x000f5470-0x000f547f]
[    0.005163] Using GB pages for direct mapping
[    0.005633] ACPI: Early table checksum verification disabled
[    0.006003] ACPI: RSDP 0x00000000000F5290 000014 (v00 BOCHS )
[    0.006383] ACPI: RSDT 0x000000003FFE27BC 000034 (v01 BOCHS  BXPC     00000001 BXPC 00000001)
[    0.006941] ACPI: FACP 0x000000003FFE2578 000074 (v01 BOCHS  BXPC     00000001 BXPC 00000001)
[    0.007499] ACPI: DSDT 0x000000003FFE0040 002538 (v01 BOCHS  BXPC     00000001 BXPC 00000001)
[    0.008054] ACPI: FACS 0x000000003FFE0000 000040
[    0.008356] ACPI: APIC 0x000000003FFE25EC 000170 (v03 BOCHS  BXPC     00000001 BXPC 00000001)
[    0.008912] ACPI: HPET 0x000000003FFE275C 000038 (v01 BOCHS  BXPC     00000001 BXPC 00000001)
[    0.009468] ACPI: WAET 0x000000003FFE2794 000028 (v01 BOCHS  BXPC     00000001 BXPC 00000001)
[    0.010023] ACPI: Reserving FACP table memory at [mem 0x3ffe2578-0x3ffe25eb]
[    0.010484] ACPI: Reserving DSDT table memory at [mem 0x3ffe0040-0x3ffe2577]
[    0.010943] ACPI: Reserving FACS table memory at [mem 0x3ffe0000-0x3ffe003f]
[    0.011401] ACPI: Reserving APIC table memory at [mem 0x3ffe25ec-0x3ffe275b]
[    0.011862] ACPI: Reserving HPET table memory at [mem 0x3ffe275c-0x3ffe2793]
[    0.012319] ACPI: Reserving WAET table memory at [mem 0x3ffe2794-0x3ffe27bb]
[    0.012950] No NUMA configuration found
[    0.013199] Faking a node at [mem 0x0000000000000000-0x000000003ffdffff]
[    0.013635] NODE_DATA(0) allocated [mem 0x3ffdb780-0x3ffdffff]
[    0.014027] Zone ranges:
[    0.014194]   DMA      [mem 0x0000000000001000-0x0000000000ffffff]
[    0.014599]   DMA32    [mem 0x0000000001000000-0x000000003ffdffff]
[    0.015001]   Normal   empty
[    0.015189]   Device   empty
[    0.015376] Movable zone start for each node
[    0.015657] Early memory node ranges
[    0.015888]   node   0: [mem 0x0000000000001000-0x000000000009efff]
[    0.016293]   node   0: [mem 0x0000000000100000-0x000000003ffdffff]
[    0.016698] Initmem setup node 0 [mem 0x0000000000001000-0x000000003ffdffff]
[    0.017157] On node 0, zone DMA: 1 pages in unavailable ranges
[    0.017586] On node 0, zone DMA: 97 pages in unavailable ranges
[    0.021925] On node 0, zone DMA32: 32 pages in unavailable ranges
[    0.030788] kasan: KernelAddressSanitizer initialized
[    0.031324] ACPI: PM-Timer IO Port: 0x608
[    0.031594] ACPI: LAPIC_NMI (acpi_id[0xff] dfl dfl lint[0x1])
[    0.031989] IOAPIC[0]: apic_id 0, version 17, address 0xfec00000, GSI 0-23
[    0.032437] ACPI: INT_SRC_OVR (bus 0 bus_irq 0 global_irq 2 dfl dfl)
[    0.032850] ACPI: INT_SRC_OVR (bus 0 bus_irq 5 global_irq 5 high level)
[    0.033280] ACPI: INT_SRC_OVR (bus 0 bus_irq 9 global_irq 9 high level)
[    0.033709] ACPI: INT_SRC_OVR (bus 0 bus_irq 10 global_irq 10 high level)
[    0.034153] ACPI: INT_SRC_OVR (bus 0 bus_irq 11 global_irq 11 high level)
[    0.034595] ACPI: Using ACPI (MADT) for SMP configuration information
[    0.035013] ACPI: HPET id: 0x8086a201 base: 0xfed00000
[    0.035349] TSC deadline timer available
[    0.035605] CPU topo: Max. logical packages:   1
[    0.035905] CPU topo: Max. logical dies:       1
[    0.036204] CPU topo: Max. dies per package:   1
[    0.036506] CPU topo: Max. threads per core:   1
[    0.036806] CPU topo: Num. cores per package:    32
[    0.037122] CPU topo: Num. threads per package:  32
[    0.037439] CPU topo: Allowing 32 present CPUs plus 0 hotplug CPUs
[    0.037853] kvm-guest: APIC: eoi() replaced with kvm_guest_apic_eoi_write()
[    0.038319] kvm-guest: KVM setup pv remote TLB flush
[    0.038643] kvm-guest: setup PV sched yield
[    0.038921] PM: hibernation: Registered nosave memory: [mem 0x00000000-0x00000fff]
[    0.039413] PM: hibernation: Registered nosave memory: [mem 0x0009f000-0x0009ffff]
[    0.039904] PM: hibernation: Registered nosave memory: [mem 0x000a0000-0x000effff]
[    0.040396] PM: hibernation: Registered nosave memory: [mem 0x000f0000-0x000fffff]
[    0.040888] [mem 0x40000000-0xfeffbfff] available for PCI devices
[    0.041284] Booting paravirtualized kernel on KVM
[    0.041590] clocksource: refined-jiffies: mask: 0xffffffff max_cycles: 0xffffffff, max_idle_ns: 1910969940391419 ns
[    0.050104] setup_percpu: NR_CPUS:64 nr_cpumask_bits:32 nr_cpu_ids:32 nr_node_ids:1
[    0.051845] percpu: Embedded 70 pages/cpu s247896 r8192 d30632 u524288
[    0.052334] Kernel command line: virtme_hostname=virtme-ng nr_open=1048576 virtme_link_mods=/nipa-data/kernel/.virtme_mods/lib/modules/0.0.0 virtme_initmount0=nipa-data/kernel virtme_rw_overlay0=/etc virtme_rw_overlay1=/lib virtme_rw_overlay2=/home virtme_rw_overlay3=/opt virtme_rw_overlay4=/srv virtme_rw_overlay5=/usr virtme_rw_overlay6=/var console=hvc0 earlyprintk=serial,ttyS0,115200 virtme_console=ttyS0 psmouse.proto=exps TERM=xterm virtme_chdir=nipa-data/kernel virtme_root_user=1 rootfstype=9p rootflags=version=9p2000.L,trans=virtio,access=any raid=noautodetect ro init=/usr/lib/python3/dist-packages/virtme/guest/virtme-init
[    0.056188] Unknown kernel command line parameters "virtme_hostname=virtme-ng nr_open=1048576 virtme_link_mods=/nipa-data/kernel/.virtme_mods/lib/modules/0.0.0 virtme_initmount0=nipa-data/kernel virtme_rw_overlay0=/etc virtme_rw_overlay1=/lib virtme_rw_overlay2=/home virtme_rw_overlay3=/opt virtme_rw_overlay4=/srv virtme_rw_overlay5=/usr virtme_rw_overlay6=/var virtme_console=ttyS0 virtme_chdir=nipa-data/kernel virtme_root_user=1", will be passed to user space.
[    0.059108] random: crng init done
[    0.059336] printk: log buffer data + meta data: 262144 + 917504 = 1179648 bytes
[    0.059851] Dentry cache hash table entries: 131072 (order: 8, 1048576 bytes, linear)
[    0.060387] Inode-cache hash table entries: 65536 (order: 7, 524288 bytes, linear)
[    0.061285] Fallback order for Node 0: 0 
[    0.061289] Built 1 zonelists, mobility grouping on.  Total pages: 262014
[    0.062014] Policy zone: DMA32
[    0.062222] mem auto-init: stack:all(zero), heap alloc:off, heap free:off
[    0.062676] stackdepot: allocating hash table via alloc_large_system_hash
[    0.063131] stackdepot hash table entries: 1048576 (order: 12, 16777216 bytes, linear)
[    0.070982] SLUB: HWalign=64, Order=0-3, MinObjects=0, CPUs=32, Nodes=1
Poking KASLR using RDRAND RDTSC...
[    0.071709] ftrace: allocating 48848 entries in 191 pages
[    0.088610] ftrace: allocated 191 pages with 7 groups
[    0.089763] Dynamic Preempt: voluntary
[    0.090442] rcu: Preemptible hierarchical RCU implementation.
[    0.090835] rcu: RCU event tracing is enabled.
[    0.091135] rcu: RCU restricting CPUs from NR_CPUS=64 to nr_cpu_ids=32.
[    0.091579] Trampoline variant of Tasks RCU enabled.
[    0.091918] Rude variant of Tasks RCU enabled.
[    0.092219] Tracing variant of Tasks RCU enabled.
[    0.092537] rcu: RCU calculated value of scheduler-enlistment delay is 100 jiffies.
[    0.093045] rcu: Adjusting geometry for rcu_fanout_leaf=16, nr_cpu_ids=32
[    0.093559] RCU Tasks: Setting shift to 5 and lim to 1 rcu_task_cb_adjust=1 rcu_task_cpu_ids=32.
[    0.094151] RCU Tasks Rude: Setting shift to 5 and lim to 1 rcu_task_cb_adjust=1 rcu_task_cpu_ids=32.
[    0.094768] RCU Tasks Trace: Setting shift to 5 and lim to 1 rcu_task_cb_adjust=1 rcu_task_cpu_ids=32.
[    0.103351] NR_IRQS: 4352, nr_irqs: 680, preallocated irqs: 16
[    0.104005] rcu: srcu_init: Setting srcu_struct sizes based on contention.
[    0.104694] Console: colour *CGA 80x25
[    0.104981] ACPI: Core revision 20240827
[    0.105396] clocksource: hpet: mask: 0xffffffff max_cycles: 0xffffffff, max_idle_ns: 19112604467 ns
[    0.106089] APIC: Switch to symmetric I/O mode setup
[    0.106472] kvm-guest: APIC: send_IPI_mask() replaced with kvm_send_ipi_mask()
[    0.106977] kvm-guest: APIC: send_IPI_mask_allbutself() replaced with kvm_send_ipi_mask_allbutself()
[    0.107598] kvm-guest: setup PV IPIs
[    0.108673] ..TIMER: vector=0x30 apic1=0 pin1=2 apic2=-1 pin2=-1
[    0.109430] clocksource: tsc-early: mask: 0xffffffffffffffff max_cycles: 0x40be400eb43, max_idle_ns: 440795366972 ns
[    0.110733] Calibrating delay loop (skipped) preset value.. 8983.11 BogoMIPS (lpj=4491556)
[    0.111796] x86/cpu: User Mode Instruction Prevention (UMIP) activated
[    0.112787] Last level iTLB entries: 4KB 512, 2MB 255, 4MB 127
[    0.113731] Last level dTLB entries: 4KB 512, 2MB 255, 4MB 127, 1GB 0
[    0.114736] Spectre V1 : Mitigation: usercopy/swapgs barriers and __user pointer sanitization
[    0.115735] Spectre V2 : Mitigation: Enhanced / Automatic IBRS
[    0.116435] Spectre V2 : Spectre v2 / SpectreRSB mitigation: Filling RSB on context switch
[    0.116733] Spectre V2 : mitigation: Enabling conditional Indirect Branch Prediction Barrier
[    0.117733] Speculative Store Bypass: Mitigation: Speculative Store Bypass disabled via prctl
[    0.118732] Speculative Return Stack Overflow: IBPB-extending microcode not applied!
[    0.119731] Speculative Return Stack Overflow: WARNING: See https://kernel.org/doc/html/latest/admin-guide/hw-vuln/srso.html for mitigation options.
[    0.119732] Speculative Return Stack Overflow: Vulnerable: Safe RET, no microcode
[    0.121745] x86/fpu: Supporting XSAVE feature 0x001: 'x87 floating point registers'
[    0.122731] x86/fpu: Supporting XSAVE feature 0x002: 'SSE registers'
[    0.123731] x86/fpu: Supporting XSAVE feature 0x004: 'AVX registers'
[    0.124479] x86/fpu: Supporting XSAVE feature 0x020: 'AVX-512 opmask'
[    0.124731] x86/fpu: Supporting XSAVE feature 0x040: 'AVX-512 Hi256'
[    0.125731] x86/fpu: Supporting XSAVE feature 0x080: 'AVX-512 ZMM_Hi256'
[    0.126731] x86/fpu: Supporting XSAVE feature 0x200: 'Protection Keys User registers'
[    0.127732] x86/fpu: xstate_offset[2]:  576, xstate_sizes[2]:  256
[    0.128459] x86/fpu: xstate_offset[5]:  832, xstate_sizes[5]:   64
[    0.128731] x86/fpu: xstate_offset[6]:  896, xstate_sizes[6]:  512
[    0.129731] x86/fpu: xstate_offset[7]: 1408, xstate_sizes[7]: 1024
[    0.130731] x86/fpu: xstate_offset[9]: 2432, xstate_sizes[9]:    8
[    0.131459] x86/fpu: Enabled xstate features 0x2e7, context size is 2440 bytes, using 'compacted' format.
[    0.152080] Freeing SMP alternatives memory: 40K
[    0.152629] pid_max: default: 32768 minimum: 301
[    0.152846] Mount-cache hash table entries: 2048 (order: 2, 16384 bytes, linear)
[    0.153732] Mountpoint-cache hash table entries: 2048 (order: 2, 16384 bytes, linear)
[    0.155325] smpboot: CPU0: AMD Ryzen 9 7950X 16-Core Processor (family: 0x19, model: 0x61, stepping: 0x2)
[    0.156169] Performance Events: Fam17h+ core perfctr, AMD PMU driver.
[    0.156736] ... version:                0
[    0.157210] ... bit width:              48
[    0.157693] ... generic registers:      6
[    0.157733] ... value mask:             0000ffffffffffff
[    0.158360] ... max period:             00007fffffffffff
[    0.158733] ... fixed-purpose events:   0
[    0.159206] ... event mask:             000000000000003f
[    0.159838] signal: max sigframe size: 3376
[    0.160374] rcu: Hierarchical SRCU implementation.
[    0.160734] rcu: Max phase no-delay instances is 400.
[    0.161410] Timer migration: 2 hierarchy levels; 8 children per group; 2 crossnode level
[    0.165366] smp: Bringing up secondary CPUs ...
[    0.165906] smpboot: x86: Booting SMP configuration:
[    0.166493] .... node  #0, CPUs:        #1  #2  #3  #4  #5  #6  #7  #8  #9 #10 #11 #12 #13 #14 #15 #16 #17 #18 #19 #20 #21 #22 #23 #24 #25 #26 #27 #28 #29 #30 #31
[    0.191834] smp: Brought up 1 node, 32 CPUs
[    0.193235] smpboot: Total of 32 processors activated (287459.58 BogoMIPS)
[    0.196846] Memory: 763364K/1048056K available (45056K kernel code, 11454K rwdata, 10072K rodata, 6040K init, 1656K bss, 269048K reserved, 0K cma-reserved)
[    0.197845] devtmpfs: initialized
[    0.198291] x86/mm: Memory block size: 128MB
[    0.204357] clocksource: jiffies: mask: 0xffffffff max_cycles: 0xffffffff, max_idle_ns: 1911260446275000 ns
[    0.204738] futex hash table entries: 8192 (order: 7, 524288 bytes, linear)
[    0.205901] PM: RTC time: 18:28:45, date: 2024-12-03
[    0.207083] NET: Registered PF_NETLINK/PF_ROUTE protocol family
[    0.208543] thermal_sys: Registered thermal governor 'step_wise'
[    0.208546] thermal_sys: Registered thermal governor 'user_space'
[    0.208760] cpuidle: using governor menu
[    0.210990] PCI: Using configuration type 1 for base access
[    0.211667] PCI: Using configuration type 1 for extended access
[    0.211860] kprobes: kprobe jump-optimization is enabled. All kprobes are optimized if possible.
[    0.227895] HugeTLB: registered 1.00 GiB page size, pre-allocated 0 pages
[    0.228733] HugeTLB: 16380 KiB vmemmap can be freed for a 1.00 GiB page
[    0.229546] HugeTLB: registered 2.00 MiB page size, pre-allocated 0 pages
[    0.230733] HugeTLB: 28 KiB vmemmap can be freed for a 2.00 MiB page
[    0.232095] ACPI: Added _OSI(Module Device)
[    0.232733] ACPI: Added _OSI(Processor Device)
[    0.233287] ACPI: Added _OSI(3.0 _SCP Extensions)
[    0.233733] ACPI: Added _OSI(Processor Aggregator Device)
[    0.256645] ACPI: 1 ACPI AML tables successfully acquired and loaded
[    0.261531] ACPI: Interpreter enabled
[    0.261792] ACPI: PM: (supports S0 S3 S4 S5)
[    0.262325] ACPI: Using IOAPIC for interrupt routing
[    0.262783] PCI: Using host bridge windows from ACPI; if necessary, use "pci=nocrs" and report a bug
[    0.263733] PCI: Using E820 reservations for host bridge windows
[    0.265483] ACPI: Enabled 2 GPEs in block 00 to 0F
[    0.311361] ACPI: PCI Root Bridge [PCI0] (domain 0000 [bus 00-ff])
[    0.311747] acpi PNP0A03:00: _OSC: OS supports [ExtendedConfig ASPM ClockPM Segments MSI HPX-Type3]
[    0.313208] PCI host bridge to bus 0000:00
[    0.313770] pci_bus 0000:00: root bus resource [io  0x0000-0x0cf7 window]
[    0.314608] pci_bus 0000:00: root bus resource [io  0x0d00-0xffff window]
[    0.315736] pci_bus 0000:00: root bus resource [mem 0x000a0000-0x000bffff window]
[    0.316659] pci_bus 0000:00: root bus resource [mem 0x40000000-0xfebfffff window]
[    0.317735] pci_bus 0000:00: root bus resource [mem 0x100000000-0x17fffffff window]
[    0.318680] pci_bus 0000:00: root bus resource [bus 00-ff]
[    0.319832] pci 0000:00:00.0: [8086:1237] type 00 class 0x060000 conventional PCI endpoint
[    0.321566] pci 0000:00:01.0: [8086:7000] type 00 class 0x060100 conventional PCI endpoint
[    0.323609] pci 0000:00:01.1: [8086:7010] type 00 class 0x010180 conventional PCI endpoint
[    0.325364] pci 0000:00:01.1: BAR 4 [io  0xc0c0-0xc0cf]
[    0.327405] pci 0000:00:01.1: BAR 0 [io  0x01f0-0x01f7]: legacy IDE quirk
[    0.327733] pci 0000:00:01.1: BAR 1 [io  0x03f6]: legacy IDE quirk
[    0.328491] pci 0000:00:01.1: BAR 2 [io  0x0170-0x0177]: legacy IDE quirk
[    0.329733] pci 0000:00:01.1: BAR 3 [io  0x0376]: legacy IDE quirk
[    0.331152] pci 0000:00:01.3: [8086:7113] type 00 class 0x068000 conventional PCI endpoint
[    0.331988] pci 0000:00:01.3: quirk: [io  0x0600-0x063f] claimed by PIIX4 ACPI
[    0.332737] pci 0000:00:01.3: quirk: [io  0x0700-0x070f] claimed by PIIX4 SMB
[    0.334306] pci 0000:00:02.0: [1af4:1009] type 00 class 0x000200 conventional PCI endpoint
[    0.336100] pci 0000:00:02.0: BAR 0 [io  0xc000-0xc03f]
[    0.337075] pci 0000:00:02.0: BAR 1 [mem 0xfebfc000-0xfebfcfff]
[    0.340734] pci 0000:00:02.0: BAR 4 [mem 0xfebf0000-0xfebf3fff 64bit pref]
[    0.353016] pci 0000:00:03.0: [1af4:1009] type 00 class 0x000200 conventional PCI endpoint
[    0.354048] pci 0000:00:03.0: BAR 0 [io  0xc040-0xc07f]
[    0.354860] pci 0000:00:03.0: BAR 1 [mem 0xfebfd000-0xfebfdfff]
[    0.357372] pci 0000:00:03.0: BAR 4 [mem 0xfebf4000-0xfebf7fff 64bit pref]
[    0.368811] pci 0000:00:04.0: [8086:25ab] type 00 class 0x088000 conventional PCI endpoint
[    0.369880] pci 0000:00:04.0: BAR 0 [mem 0xfebfe000-0xfebfe00f]
[    0.381829] pci 0000:00:05.0: [1af4:1003] type 00 class 0x078000 conventional PCI endpoint
[    0.383015] pci 0000:00:05.0: BAR 0 [io  0xc080-0xc0bf]
[    0.383841] pci 0000:00:05.0: BAR 1 [mem 0xfebff000-0xfebfffff]
[    0.385347] pci 0000:00:05.0: BAR 4 [mem 0xfebf8000-0xfebfbfff 64bit pref]
[    0.400062] ACPI: PCI: Interrupt link LNKA configured for IRQ 10
[    0.401630] ACPI: PCI: Interrupt link LNKB configured for IRQ 10
[    0.403604] ACPI: PCI: Interrupt link LNKC configured for IRQ 11
[    0.404608] ACPI: PCI: Interrupt link LNKD configured for IRQ 11
[    0.406114] ACPI: PCI: Interrupt link LNKS configured for IRQ 9
[    0.424052] iommu: Default domain type: Translated
[    0.424650] iommu: DMA domain TLB invalidation policy: lazy mode
[    0.426178] SCSI subsystem initialized
[    0.426945] pps_core: LinuxPPS API ver. 1 registered
[    0.427560] pps_core: Software ver. 5.3.6 - Copyright 2005-2007 Rodolfo Giometti <giometti@linux.it>
[    0.428747] PTP clock support registered
[    0.429307] Advanced Linux Sound Architecture Driver Initialized.
[    0.430757] NET: Registered PF_ATMPVC protocol family
[    0.431391] NET: Registered PF_ATMSVC protocol family
[    0.431769] PCI: Using ACPI for IRQ routing
[    0.432771] vgaarb: loaded
[    0.433848] hpet0: at MMIO 0xfed00000, IRQs 2, 8, 0
[    0.434455] hpet0: 3 comparators, 64-bit 100.000000 MHz counter
[    0.437946] clocksource: Switched to clocksource kvm-clock
[    0.438943] VFS: Disk quotas dquot_6.6.0
[    0.439456] VFS: Dquot-cache hash table entries: 512 (order 0, 4096 bytes)
[    0.440969] pnp: PnP ACPI init
[    0.447466] pnp: PnP ACPI: found 5 devices
[    0.459439] clocksource: acpi_pm: mask: 0xffffff max_cycles: 0xffffff, max_idle_ns: 2085701024 ns
[    0.460588] NET: Registered PF_INET protocol family
[    0.461323] IP idents hash table entries: 16384 (order: 5, 131072 bytes, linear)
[    0.462610] tcp_listen_portaddr_hash hash table entries: 512 (order: 1, 8192 bytes, linear)
[    0.463649] Table-perturb hash table entries: 65536 (order: 6, 262144 bytes, linear)
[    0.464618] TCP established hash table entries: 8192 (order: 4, 65536 bytes, linear)
[    0.465578] TCP bind hash table entries: 8192 (order: 6, 262144 bytes, linear)
[    0.466475] TCP: Hash tables configured (established 8192 bind 8192)
[    0.467414] UDP hash table entries: 512 (order: 3, 32768 bytes, linear)
[    0.468263] UDP-Lite hash table entries: 512 (order: 3, 32768 bytes, linear)
[    0.469344] NET: Registered PF_UNIX/PF_LOCAL protocol family
[    0.470056] pci_bus 0000:00: resource 4 [io  0x0000-0x0cf7 window]
[    0.470816] pci_bus 0000:00: resource 5 [io  0x0d00-0xffff window]
[    0.471581] pci_bus 0000:00: resource 6 [mem 0x000a0000-0x000bffff window]
[    0.472425] pci_bus 0000:00: resource 7 [mem 0x40000000-0xfebfffff window]
[    0.473270] pci_bus 0000:00: resource 8 [mem 0x100000000-0x17fffffff window]
[    0.474326] pci 0000:00:01.0: PIIX3: Enabling Passive Release
[    0.475033] pci 0000:00:00.0: Limiting direct PCI/PCI transfers
[    0.475803] PCI: CLS 0 bytes, default 64
[    0.476483] kvm_intel: VMX not supported by CPU 6
[    0.477083] kvm_amd: TSC scaling supported
[    0.477600] kvm_amd: Nested Virtualization enabled
[    0.478183] kvm_amd: Nested Paging enabled
[    0.478689] kvm_amd: LBR virtualization supported
[    0.479281] kvm_amd: Virtual GIF supported
[    0.479779] kvm_amd: Virtual NMI enabled
[    0.512275] clocksource: tsc: mask: 0xffffffffffffffff max_cycles: 0x40be400eb43, max_idle_ns: 440795366972 ns
[    0.531843] Initialise system trusted keyrings
[    0.532684] workingset: timestamp_bits=56 max_order=18 bucket_order=0
[    0.533593] squashfs: version 4.0 (2009/01/31) Phillip Lougher
[    0.534335] fuse: init (API version 7.41)
[    0.534969] 9p: Installing v9fs 9p2000 file system support
[    0.544729] Key type asymmetric registered
[    0.545245] Asymmetric key parser 'x509' registered
[    0.545903] Block layer SCSI generic (bsg) driver version 0.4 loaded (major 249)
[    0.546850] io scheduler mq-deadline registered
[    0.547424] io scheduler kyber registered
[    0.550053] input: Power Button as /devices/LNXSYSTM:00/LNXPWRBN:00/input/input0
[    0.551207] ACPI: button: Power Button [PWRF]
[    0.553087] Warning: Processor Platform Limit event detected, but not handled.
[    0.553947] Consider compiling CPUfreq support into your kernel.
[    1.349662] ACPI: \_SB_.LNKB: Enabled at IRQ 10
[    2.138324] ACPI: \_SB_.LNKC: Enabled at IRQ 11
[    2.926735] ACPI: \_SB_.LNKA: Enabled at IRQ 10
[    2.928040] Serial: 8250/16550 driver, 4 ports, IRQ sharing enabled
[    2.929132] 00:03: ttyS0 at I/O 0x3f8 (irq = 4, base_baud = 115200) is a 16550A
[    2.953524] Non-volatile memory driver v1.3
[    2.954056] Linux agpgart interface v0.103
[    2.954750] ACPI: bus type drm_connector registered
[    2.955379] printk: legacy console [hvc0] enabled
[    2.955963] printk: legacy bootconsole [earlyser0] disabled
          _      _                                    
   __   _(_)_ __| |_ _ __ ___   ___       _ __   __ _ 
   \ \ / / |  __| __|  _   _ \ / _ \_____|  _ \ / _  |
    \ V /| | |  | |_| | | | | |  __/_____| | | | (_| |
     \_/ |_|_|   \__|_| |_| |_|\___|     |_| |_|\__  |
                                                |___/ 
   kernel version: 6.12.0-virtme x86_64
   (CTRL+d to exit)

root@virtme-ng:/nipa-data/kernel# PS1='xx__-> '
xx__-> env
PWD=/nipa-data/kernel
nr_open=1048576
HOME=/
TERM=xterm
SHLVL=2
XDG_RUNTIME_DIR=/run/user/0
PATH=/bin:/sbin:/usr/bin:/usr/sbin:/usr/local/bin
OLDPWD=/
_=/bin/env
xx__-> 