No EFI environment detected.
early console in extract_kernel
input_data: 0x0000000004ab82b9
input_len: 0x000000000181e3dd
output: 0x0000000001000000
output_len: 0x0000000005262df4
kernel_total_size: 0x0000000004e30000
needed_size: 0x0000000005400000
trampoline_32bit: 0x0000000000000000
Physical KASLR using RDRAND RDTSC...
Virtual KASLR using RDRAND RDTSC...

Decompressing Linux... Parsing ELF... Performing relocations... done.
Booting the kernel (entry_offset: 0x0000000000000000).
[    0.000000] Linux version 6.9.0-rc2-virtme (root@526d4b22ab0f) (gcc (Alpine 13.2.1_git20240309) 13.2.1 20240309, GNU ld (GNU Binutils) 2.42) #1 SMP PREEMPT_DYNAMIC Tue Apr  9 03:26:36 UTC 2024
[    0.000000] Command line: virtme_hostname=virtme-ng nr_open=1048576 virtme_link_mods=/nipa-data/kernel/.virtme_mods/lib/modules/0.0.0 virtme_initmount0=nipa-data/kernel virtme_rw_overlay0=/etc virtme_rw_overlay1=/lib virtme_rw_overlay2=/home virtme_rw_overlay3=/opt virtme_rw_overlay4=/srv virtme_rw_overlay5=/usr virtme_rw_overlay6=/var console=hvc0 earlyprintk=serial,ttyS0,115200 virtme_console=ttyS0 psmouse.proto=exps TERM=xterm virtme_chdir=nipa-data/kernel virtme_root_user=1 rootfstype=9p rootflags=version=9p2000.L,trans=virtio,access=any raid=noautodetect ro init=/usr/lib/python3.11/site-packages/virtme/guest/virtme-init
[    0.000000] BIOS-provided physical RAM map:
[    0.000000] BIOS-e820: [mem 0x0000000000000000-0x000000000009fbff] usable
[    0.000000] BIOS-e820: [mem 0x000000000009fc00-0x000000000009ffff] reserved
[    0.000000] BIOS-e820: [mem 0x00000000000f0000-0x00000000000fffff] reserved
[    0.000000] BIOS-e820: [mem 0x0000000000100000-0x000000003ffdffff] usable
[    0.000000] BIOS-e820: [mem 0x000000003ffe0000-0x000000003fffffff] reserved
[    0.000000] BIOS-e820: [mem 0x00000000feffc000-0x00000000feffffff] reserved
[    0.000000] BIOS-e820: [mem 0x00000000fffc0000-0x00000000ffffffff] reserved
[    0.000000] BIOS-e820: [mem 0x000000fd00000000-0x000000ffffffffff] reserved
[    0.000000] printk: legacy bootconsole [earlyser0] enabled
[    0.000000] NX (Execute Disable) protection: active
[    0.000000] APIC: Static calls initialized
[    0.000000] SMBIOS 3.0.0 present.
[    0.000000] DMI: QEMU Standard PC (i440FX + PIIX, 1996), BIOS rel-1.16.3-0-ga6ed6b701f0a-prebuilt.qemu.org 04/01/2014
[    0.000000] Hypervisor detected: KVM
[    0.000000] kvm-clock: Using msrs 4b564d01 and 4b564d00
[    0.000000] kvm-clock: using sched offset of 332617552 cycles
[    0.000395] clocksource: kvm-clock: mask: 0xffffffffffffffff max_cycles: 0x1cd42e4dffb, max_idle_ns: 881590591483 ns
[    0.001623] tsc: Detected 4491.536 MHz processor
[    0.002335] last_pfn = 0x3ffe0 max_arch_pfn = 0x400000000
[    0.002766] MTRR map: 4 entries (3 fixed + 1 variable; max 19), built from 8 variable MTRRs
[    0.003395] x86/PAT: Configuration [0-7]: WB  WC  UC- UC  WB  WP  UC- WT  
[    0.005521] found SMP MP-table at [mem 0x000f5470-0x000f547f]
[    0.005963] Using GB pages for direct mapping
[    0.006452] ACPI: Early table checksum verification disabled
[    0.006879] ACPI: RSDP 0x00000000000F5290 000014 (v00 BOCHS )
[    0.007313] ACPI: RSDT 0x000000003FFE27BC 000034 (v01 BOCHS  BXPC     00000001 BXPC 00000001)
[    0.007969] ACPI: FACP 0x000000003FFE2578 000074 (v01 BOCHS  BXPC     00000001 BXPC 00000001)
[    0.008613] ACPI: DSDT 0x000000003FFE0040 002538 (v01 BOCHS  BXPC     00000001 BXPC 00000001)
[    0.009253] ACPI: FACS 0x000000003FFE0000 000040
[    0.009600] ACPI: APIC 0x000000003FFE25EC 000170 (v03 BOCHS  BXPC     00000001 BXPC 00000001)
[    0.010240] ACPI: HPET 0x000000003FFE275C 000038 (v01 BOCHS  BXPC     00000001 BXPC 00000001)
[    0.010880] ACPI: WAET 0x000000003FFE2794 000028 (v01 BOCHS  BXPC     00000001 BXPC 00000001)
[    0.011524] ACPI: Reserving FACP table memory at [mem 0x3ffe2578-0x3ffe25eb]
[    0.012053] ACPI: Reserving DSDT table memory at [mem 0x3ffe0040-0x3ffe2577]
[    0.012579] ACPI: Reserving FACS table memory at [mem 0x3ffe0000-0x3ffe003f]
[    0.013105] ACPI: Reserving APIC table memory at [mem 0x3ffe25ec-0x3ffe275b]
[    0.013630] ACPI: Reserving HPET table memory at [mem 0x3ffe275c-0x3ffe2793]
[    0.014158] ACPI: Reserving WAET table memory at [mem 0x3ffe2794-0x3ffe27bb]
[    0.014891] No NUMA configuration found
[    0.015178] Faking a node at [mem 0x0000000000000000-0x000000003ffdffff]
[    0.015692] NODE_DATA(0) allocated [mem 0x3ffdb000-0x3ffdffff]
[    0.016145] Zone ranges:
[    0.016335]   DMA      [mem 0x0000000000001000-0x0000000000ffffff]
[    0.016798]   DMA32    [mem 0x0000000001000000-0x000000003ffdffff]
[    0.017261]   Normal   empty
[    0.017479]   Device   empty
[    0.017696] Movable zone start for each node
[    0.018021] Early memory node ranges
[    0.018287]   node   0: [mem 0x0000000000001000-0x000000000009efff]
[    0.018753]   node   0: [mem 0x0000000000100000-0x000000003ffdffff]
[    0.019220] Initmem setup node 0 [mem 0x0000000000001000-0x000000003ffdffff]
[    0.019757] On node 0, zone DMA: 1 pages in unavailable ranges
[    0.020252] On node 0, zone DMA: 97 pages in unavailable ranges
[    0.025060] On node 0, zone DMA32: 32 pages in unavailable ranges
[    0.034367] kasan: KernelAddressSanitizer initialized
[    0.035085] ACPI: PM-Timer IO Port: 0x608
[    0.035395] ACPI: LAPIC_NMI (acpi_id[0xff] dfl dfl lint[0x1])
[    0.035865] IOAPIC[0]: apic_id 0, version 17, address 0xfec00000, GSI 0-23
[    0.036385] ACPI: INT_SRC_OVR (bus 0 bus_irq 0 global_irq 2 dfl dfl)
[    0.036862] ACPI: INT_SRC_OVR (bus 0 bus_irq 5 global_irq 5 high level)
[    0.037356] ACPI: INT_SRC_OVR (bus 0 bus_irq 9 global_irq 9 high level)
[    0.037851] ACPI: INT_SRC_OVR (bus 0 bus_irq 10 global_irq 10 high level)
[    0.038360] ACPI: INT_SRC_OVR (bus 0 bus_irq 11 global_irq 11 high level)
[    0.038871] ACPI: Using ACPI (MADT) for SMP configuration information
[    0.039353] ACPI: HPET id: 0x8086a201 base: 0xfed00000
[    0.039746] TSC deadline timer available
[    0.040041] CPU topo: Max. logical packages:   1
[    0.040391] CPU topo: Max. logical dies:       1
[    0.040737] CPU topo: Max. dies per package:   1
[    0.041086] CPU topo: Max. threads per core:  32
[    0.041431] CPU topo: Num. cores per package:     1
[    0.041795] CPU topo: Num. threads per package:  32
[    0.042159] CPU topo: Allowing 32 present CPUs plus 0 hotplug CPUs
[    0.042635] kvm-guest: APIC: eoi() replaced with kvm_guest_apic_eoi_write()
[    0.043165] kvm-guest: KVM setup pv remote TLB flush
[    0.043541] kvm-guest: setup PV sched yield
[    0.043858] PM: hibernation: Registered nosave memory: [mem 0x00000000-0x00000fff]
[    0.044422] PM: hibernation: Registered nosave memory: [mem 0x0009f000-0x0009ffff]
[    0.044985] PM: hibernation: Registered nosave memory: [mem 0x000a0000-0x000effff]
[    0.045548] PM: hibernation: Registered nosave memory: [mem 0x000f0000-0x000fffff]
[    0.046112] [mem 0x40000000-0xfeffbfff] available for PCI devices
[    0.046566] Booting paravirtualized kernel on KVM
[    0.046918] clocksource: refined-jiffies: mask: 0xffffffff max_cycles: 0xffffffff, max_idle_ns: 1910969940391419 ns
[    0.055809] setup_percpu: NR_CPUS:64 nr_cpumask_bits:32 nr_cpu_ids:32 nr_node_ids:1
[    0.057620] percpu: Embedded 70 pages/cpu s248616 r8192 d29912 u524288
[    0.058168] Kernel command line: virtme_hostname=virtme-ng nr_open=1048576 virtme_link_mods=/nipa-data/kernel/.virtme_mods/lib/modules/0.0.0 virtme_initmount0=nipa-data/kernel virtme_rw_overlay0=/etc virtme_rw_overlay1=/lib virtme_rw_overlay2=/home virtme_rw_overlay3=/opt virtme_rw_overlay4=/srv virtme_rw_overlay5=/usr virtme_rw_overlay6=/var console=hvc0 earlyprintk=serial,ttyS0,115200 virtme_console=ttyS0 psmouse.proto=exps TERM=xterm virtme_chdir=nipa-data/kernel virtme_root_user=1 rootfstype=9p rootflags=version=9p2000.L,trans=virtio,access=any raid=noautodetect ro init=/usr/lib/python3.11/site-packages/virtme/guest/virtme-init
[    0.062586] Unknown kernel command line parameters "virtme_hostname=virtme-ng nr_open=1048576 virtme_link_mods=/nipa-data/kernel/.virtme_mods/lib/modules/0.0.0 virtme_initmount0=nipa-data/kernel virtme_rw_overlay0=/etc virtme_rw_overlay1=/lib virtme_rw_overlay2=/home virtme_rw_overlay3=/opt virtme_rw_overlay4=/srv virtme_rw_overlay5=/usr virtme_rw_overlay6=/var virtme_console=ttyS0 virtme_chdir=nipa-data/kernel virtme_root_user=1", will be passed to user space.
[    0.066051] random: crng init done
[    0.066421] Dentry cache hash table entries: 131072 (order: 8, 1048576 bytes, linear)
[    0.067035] Inode-cache hash table entries: 65536 (order: 7, 524288 bytes, linear)
[    0.068050] Fallback order for Node 0: 0 
[    0.068055] Built 1 zonelists, mobility grouping on.  Total pages: 257760
[    0.068887] Policy zone: DMA32
[    0.069127] mem auto-init: stack:all(zero), heap alloc:off, heap free:off
[    0.069650] stackdepot: allocating hash table via alloc_large_system_hash
[    0.070174] stackdepot hash table entries: 1048576 (order: 12, 16777216 bytes, linear)
[    0.078356] Memory: 781036K/1048056K available (43008K kernel code, 11118K rwdata, 9736K rodata, 5832K init, 2416K bss, 266764K reserved, 0K cma-reserved)
[    0.079623] SLUB: HWalign=64, Order=0-3, MinObjects=0, CPUs=32, Nodes=1
Poking KASLR using RDRAND RDTSC...
[    0.080429] ftrace: allocating 47666 entries in 187 pages
[    0.089327] ftrace: allocated 187 pages with 6 groups
[    0.090577] Dynamic Preempt: voluntary
[    0.091348] rcu: Preemptible hierarchical RCU implementation.
[    0.091798] rcu: RCU event tracing is enabled.
[    0.092147] rcu: RCU restricting CPUs from NR_CPUS=64 to nr_cpu_ids=32.
[    0.092662] Trampoline variant of Tasks RCU enabled.
[    0.093050] Rude variant of Tasks RCU enabled.
[    0.093397] Tracing variant of Tasks RCU enabled.
[    0.093765] rcu: RCU calculated value of scheduler-enlistment delay is 100 jiffies.
[    0.094356] rcu: Adjusting geometry for rcu_fanout_leaf=16, nr_cpu_ids=32
[    0.094916] RCU Tasks: Setting shift to 5 and lim to 1 rcu_task_cb_adjust=1.
[    0.095466] RCU Tasks Rude: Setting shift to 5 and lim to 1 rcu_task_cb_adjust=1.
[    0.096148] RCU Tasks Trace: Setting shift to 5 and lim to 1 rcu_task_cb_adjust=1.
[    0.104997] NR_IRQS: 4352, nr_irqs: 680, preallocated irqs: 16
[    0.105710] rcu: srcu_init: Setting srcu_struct sizes based on contention.
[    0.106435] Console: colour *CGA 80x25
[    0.106744] ACPI: Core revision 20230628
[    0.107197] clocksource: hpet: mask: 0xffffffff max_cycles: 0xffffffff, max_idle_ns: 19112604467 ns
[    0.107976] APIC: Switch to symmetric I/O mode setup
[    0.108372] APIC: Switched APIC routing to: physical flat
[    0.108781] kvm-guest: APIC: send_IPI_mask() replaced with kvm_send_ipi_mask()
[    0.109326] kvm-guest: APIC: send_IPI_mask_allbutself() replaced with kvm_send_ipi_mask_allbutself()
[    0.110031] kvm-guest: setup PV IPIs
[    0.111187] ..TIMER: vector=0x30 apic1=0 pin1=2 apic2=-1 pin2=-1
[    0.112026] tsc: Marking TSC unstable due to TSCs unsynchronized
[    0.112832] Calibrating delay loop (skipped) preset value.. 8983.07 BogoMIPS (lpj=4491536)
[    0.114876] x86/cpu: User Mode Instruction Prevention (UMIP) activated
[    0.115801] Last level iTLB entries: 4KB 512, 2MB 255, 4MB 127
[    0.115828] Last level dTLB entries: 4KB 512, 2MB 255, 4MB 127, 1GB 0
[    0.116833] Spectre V1 : Mitigation: usercopy/swapgs barriers and __user pointer sanitization
[    0.117832] Spectre V2 : Mitigation: Enhanced / Automatic IBRS
[    0.118828] Spectre V2 : Spectre v2 / SpectreRSB mitigation: Filling RSB on context switch
[    0.119830] Spectre V2 : mitigation: Enabling conditional Indirect Branch Prediction Barrier
[    0.120828] Spectre V2 : User space: Mitigation: STIBP always-on protection
[    0.121830] Speculative Store Bypass: Mitigation: Speculative Store Bypass disabled via prctl
[    0.122828] Speculative Return Stack Overflow: IBPB-extending microcode not applied!
[    0.123828] Speculative Return Stack Overflow: WARNING: See https://kernel.org/doc/html/latest/admin-guide/hw-vuln/srso.html for mitigation options.
[    0.123829] Speculative Return Stack Overflow: Vulnerable: Safe RET, no microcode
[    0.125846] x86/fpu: Supporting XSAVE feature 0x001: 'x87 floating point registers'
[    0.126828] x86/fpu: Supporting XSAVE feature 0x002: 'SSE registers'
[    0.127656] x86/fpu: Supporting XSAVE feature 0x004: 'AVX registers'
[    0.127828] x86/fpu: Supporting XSAVE feature 0x020: 'AVX-512 opmask'
[    0.128828] x86/fpu: Supporting XSAVE feature 0x040: 'AVX-512 Hi256'
[    0.129828] x86/fpu: Supporting XSAVE feature 0x080: 'AVX-512 ZMM_Hi256'
[    0.130828] x86/fpu: Supporting XSAVE feature 0x200: 'Protection Keys User registers'
[    0.131828] x86/fpu: xstate_offset[2]:  576, xstate_sizes[2]:  256
[    0.132828] x86/fpu: xstate_offset[5]:  832, xstate_sizes[5]:   64
[    0.133630] x86/fpu: xstate_offset[6]:  896, xstate_sizes[6]:  512
[    0.133828] x86/fpu: xstate_offset[7]: 1408, xstate_sizes[7]: 1024
[    0.134828] x86/fpu: xstate_offset[9]: 2432, xstate_sizes[9]:    8
[    0.135828] x86/fpu: Enabled xstate features 0x2e7, context size is 2440 bytes, using 'compacted' format.
[    0.158498] Freeing SMP alternatives memory: 40K
[    0.158829] pid_max: default: 32768 minimum: 301
[    0.159872] Mount-cache hash table entries: 2048 (order: 2, 16384 bytes, linear)
[    0.160829] Mountpoint-cache hash table entries: 2048 (order: 2, 16384 bytes, linear)
[    0.162493] smpboot: CPU0: AMD Ryzen 9 7950X 16-Core Processor (family: 0x19, model: 0x61, stepping: 0x2)
[    0.163293] Performance Events: Fam17h+ core perfctr, AMD PMU driver.
[    0.163833] ... version:                0
[    0.164356] ... bit width:              48
[    0.164830] ... generic registers:      6
[    0.165360] ... value mask:             0000ffffffffffff
[    0.165830] ... max period:             00007fffffffffff
[    0.166523] ... fixed-purpose events:   0
[    0.166830] ... event mask:             000000000000003f
[    0.167639] signal: max sigframe size: 3376
[    0.167879] rcu: Hierarchical SRCU implementation.
[    0.168509] rcu: Max phase no-delay instances is 400.
[    0.173027] smp: Bringing up secondary CPUs ...
[    0.173803] smpboot: x86: Booting SMP configuration:
[    0.173832] .... node  #0, CPUs:        #1  #2  #3  #4  #5  #6  #7  #8  #9 #10 #11 #12 #13 #14 #15 #16 #17 #18 #19 #20 #21 #22 #23 #24 #25 #26 #27 #28 #29 #30 #31
[    0.188018] Spectre V2 : Update user space SMT mitigation: STIBP always-on
[    0.202977] smp: Brought up 1 node, 32 CPUs
[    0.203832] smpboot: Total of 32 processors activated (287458.30 BogoMIPS)
[    0.212340] devtmpfs: initialized
[    0.212963] x86/mm: Memory block size: 128MB
[    0.219861] clocksource: jiffies: mask: 0xffffffff max_cycles: 0xffffffff, max_idle_ns: 1911260446275000 ns
[    0.220835] futex hash table entries: 8192 (order: 7, 524288 bytes, linear)
[    0.222158] PM: RTC time: 03:27:11, date: 2024-04-09
[    0.223682] NET: Registered PF_NETLINK/PF_ROUTE protocol family
[    0.224653] thermal_sys: Registered thermal governor 'step_wise'
[    0.224655] thermal_sys: Registered thermal governor 'user_space'
[    0.224853] cpuidle: using governor menu
[    0.227276] PCI: Using configuration type 1 for base access
[    0.227831] PCI: Using configuration type 1 for extended access
[    0.228696] kprobes: kprobe jump-optimization is enabled. All kprobes are optimized if possible.
[    0.228980] HugeTLB: registered 1.00 GiB page size, pre-allocated 0 pages
[    0.229831] HugeTLB: 16380 KiB vmemmap can be freed for a 1.00 GiB page
[    0.230706] HugeTLB: registered 2.00 MiB page size, pre-allocated 0 pages
[    0.230830] HugeTLB: 28 KiB vmemmap can be freed for a 2.00 MiB page
[    0.231892] Demotion targets for Node 0: null
[    0.233105] ACPI: Added _OSI(Module Device)
[    0.233670] ACPI: Added _OSI(Processor Device)
[    0.233830] ACPI: Added _OSI(3.0 _SCP Extensions)
[    0.234450] ACPI: Added _OSI(Processor Aggregator Device)
[    0.259243] ACPI: 1 ACPI AML tables successfully acquired and loaded
[    0.261462] ACPI: _OSC evaluation for CPUs failed, trying _PDC
[    0.264129] ACPI: Interpreter enabled
[    0.264685] ACPI: PM: (supports S0 S3 S4 S5)
[    0.264830] ACPI: Using IOAPIC for interrupt routing
[    0.265535] PCI: Using host bridge windows from ACPI; if necessary, use "pci=nocrs" and report a bug
[    0.265830] PCI: Using E820 reservations for host bridge windows
[    0.267724] ACPI: Enabled 2 GPEs in block 00 to 0F
[    0.316170] ACPI: PCI Root Bridge [PCI0] (domain 0000 [bus 00-ff])
[    0.316845] acpi PNP0A03:00: _OSC: OS supports [ExtendedConfig ASPM ClockPM Segments MSI HPX-Type3]
[    0.318355] PCI host bridge to bus 0000:00
[    0.318833] pci_bus 0000:00: root bus resource [io  0x0000-0x0cf7 window]
[    0.319721] pci_bus 0000:00: root bus resource [io  0x0d00-0xffff window]
[    0.319832] pci_bus 0000:00: root bus resource [mem 0x000a0000-0x000bffff window]
[    0.320806] pci_bus 0000:00: root bus resource [mem 0x40000000-0xfebfffff window]
[    0.320833] pci_bus 0000:00: root bus resource [mem 0x100000000-0x17fffffff window]
[    0.321827] pci_bus 0000:00: root bus resource [bus 00-ff]
[    0.321980] pci 0000:00:00.0: [8086:1237] type 00 class 0x060000 conventional PCI endpoint
[    0.323719] pci 0000:00:01.0: [8086:7000] type 00 class 0x060100 conventional PCI endpoint
[    0.324758] pci 0000:00:01.1: [8086:7010] type 00 class 0x010180 conventional PCI endpoint
[    0.327099] pci 0000:00:01.1: BAR 4 [io  0xc0c0-0xc0cf]
[    0.328579] pci 0000:00:01.1: BAR 0 [io  0x01f0-0x01f7]: legacy IDE quirk
[    0.328830] pci 0000:00:01.1: BAR 1 [io  0x03f6]: legacy IDE quirk
[    0.329635] pci 0000:00:01.1: BAR 2 [io  0x0170-0x0177]: legacy IDE quirk
[    0.329830] pci 0000:00:01.1: BAR 3 [io  0x0376]: legacy IDE quirk
[    0.331351] pci 0000:00:01.3: [8086:7113] type 00 class 0x068000 conventional PCI endpoint
[    0.332104] pci 0000:00:01.3: quirk: [io  0x0600-0x063f] claimed by PIIX4 ACPI
[    0.332835] pci 0000:00:01.3: quirk: [io  0x0700-0x070f] claimed by PIIX4 SMB
[    0.334537] pci 0000:00:02.0: [1af4:1009] type 00 class 0x000200 conventional PCI endpoint
[    0.335830] pci 0000:00:02.0: BAR 0 [io  0xc000-0xc03f]
[    0.337507] pci 0000:00:02.0: BAR 1 [mem 0xfebfc000-0xfebfcfff]
[    0.341297] pci 0000:00:02.0: BAR 4 [mem 0xfebf0000-0xfebf3fff 64bit pref]
[    0.354654] pci 0000:00:03.0: [1af4:1009] type 00 class 0x000200 conventional PCI endpoint
[    0.355830] pci 0000:00:03.0: BAR 0 [io  0xc040-0xc07f]
[    0.357529] pci 0000:00:03.0: BAR 1 [mem 0xfebfd000-0xfebfdfff]
[    0.360830] pci 0000:00:03.0: BAR 4 [mem 0xfebf4000-0xfebf7fff 64bit pref]
[    0.374494] pci 0000:00:04.0: [8086:25ab] type 00 class 0x088000 conventional PCI endpoint
[    0.375197] pci 0000:00:04.0: BAR 0 [mem 0xfebfe000-0xfebfe00f]
[    0.389860] pci 0000:00:05.0: [1af4:1003] type 00 class 0x078000 conventional PCI endpoint
[    0.391830] pci 0000:00:05.0: BAR 0 [io  0xc080-0xc0bf]
[    0.393511] pci 0000:00:05.0: BAR 1 [mem 0xfebff000-0xfebfffff]
[    0.397290] pci 0000:00:05.0: BAR 4 [mem 0xfebf8000-0xfebfbfff 64bit pref]
[    0.412963] ACPI: PCI: Interrupt link LNKA configured for IRQ 10
[    0.414710] ACPI: PCI: Interrupt link LNKB configured for IRQ 10
[    0.415774] ACPI: PCI: Interrupt link LNKC configured for IRQ 11
[    0.416767] ACPI: PCI: Interrupt link LNKD configured for IRQ 11
[    0.417223] ACPI: PCI: Interrupt link LNKS configured for IRQ 9
[    0.436657] iommu: Default domain type: Translated
[    0.436830] iommu: DMA domain TLB invalidation policy: lazy mode
[    0.438102] SCSI subsystem initialized
[    0.439069] pps_core: LinuxPPS API ver. 1 registered
[    0.439731] pps_core: Software ver. 5.3.6 - Copyright 2005-2007 Rodolfo Giometti <giometti@linux.it>
[    0.439845] PTP clock support registered
[    0.440441] Advanced Linux Sound Architecture Driver Initialized.
[    0.441967] NET: Registered PF_ATMPVC protocol family
[    0.442640] NET: Registered PF_ATMSVC protocol family
[    0.442856] PCI: Using ACPI for IRQ routing
[    0.443548] vgaarb: loaded
[    0.443952] hpet0: at MMIO 0xfed00000, IRQs 2, 8, 0
[    0.444592] hpet0: 3 comparators, 64-bit 100.000000 MHz counter
[    0.448180] clocksource: Switched to clocksource kvm-clock
[    0.449177] VFS: Disk quotas dquot_6.6.0
[    0.450029] VFS: Dquot-cache hash table entries: 512 (order 0, 4096 bytes)
[    0.451134] pnp: PnP ACPI init
[    0.453997] pnp: PnP ACPI: found 5 devices
[    0.466240] clocksource: acpi_pm: mask: 0xffffff max_cycles: 0xffffff, max_idle_ns: 2085701024 ns
[    0.467504] NET: Registered PF_INET protocol family
[    0.468196] IP idents hash table entries: 16384 (order: 5, 131072 bytes, linear)
[    0.469560] tcp_listen_portaddr_hash hash table entries: 512 (order: 1, 8192 bytes, linear)
[    0.470664] Table-perturb hash table entries: 65536 (order: 6, 262144 bytes, linear)
[    0.471702] TCP established hash table entries: 8192 (order: 4, 65536 bytes, linear)
[    0.472811] TCP bind hash table entries: 8192 (order: 6, 262144 bytes, linear)
[    0.473770] TCP: Hash tables configured (established 8192 bind 8192)
[    0.474774] UDP hash table entries: 512 (order: 2, 16384 bytes, linear)
[    0.475651] UDP-Lite hash table entries: 512 (order: 2, 16384 bytes, linear)
[    0.476793] NET: Registered PF_UNIX/PF_LOCAL protocol family
[    0.477555] pci_bus 0000:00: resource 4 [io  0x0000-0x0cf7 window]
[    0.478367] pci_bus 0000:00: resource 5 [io  0x0d00-0xffff window]
[    0.479180] pci_bus 0000:00: resource 6 [mem 0x000a0000-0x000bffff window]
[    0.480079] pci_bus 0000:00: resource 7 [mem 0x40000000-0xfebfffff window]
[    0.480978] pci_bus 0000:00: resource 8 [mem 0x100000000-0x17fffffff window]
[    0.482109] pci 0000:00:01.0: PIIX3: Enabling Passive Release
[    0.482868] pci 0000:00:00.0: Limiting direct PCI/PCI transfers
[    0.483685] PCI: CLS 0 bytes, default 64
[    0.484256] kvm_intel: VMX not supported by CPU 0
[    0.484904] kvm_amd: TSC scaling supported
[    0.485439] kvm_amd: Nested Virtualization enabled
[    0.486068] kvm_amd: Nested Paging enabled
[    0.486621] kvm_amd: Virtual VMLOAD VMSAVE supported
[    0.487269] kvm_amd: Virtual GIF supported
[    0.487810] kvm_amd: Virtual NMI enabled
[    0.488316] kvm_amd: LBR virtualization supported
[    0.595545] Initialise system trusted keyrings
[    0.596314] workingset: timestamp_bits=56 max_order=18 bucket_order=0
[    0.597316] squashfs: version 4.0 (2009/01/31) Phillip Lougher
[    0.598131] fuse: init (API version 7.40)
[    0.598832] 9p: Installing v9fs 9p2000 file system support
[    0.609326] Key type asymmetric registered
[    0.609883] Asymmetric key parser 'x509' registered
[    0.610603] Block layer SCSI generic (bsg) driver version 0.4 loaded (major 249)
[    0.611631] io scheduler mq-deadline registered
[    0.612232] io scheduler kyber registered
[    0.614286] input: Power Button as /devices/LNXSYSTM:00/LNXPWRBN:00/input/input0
[    0.615524] ACPI: button: Power Button [PWRF]
[    0.616238] Warning: Processor Platform Limit event detected, but not handled.
[    0.617206] Consider compiling CPUfreq support into your kernel.
[    1.524941] ACPI: \_SB_.LNKB: Enabled at IRQ 10
[    2.422610] ACPI: \_SB_.LNKC: Enabled at IRQ 11
[    3.285535] ACPI: \_SB_.LNKA: Enabled at IRQ 10
[    3.287113] Serial: 8250/16550 driver, 4 ports, IRQ sharing enabled
[    3.288284] 00:03: ttyS0 at I/O 0x3f8 (irq = 4, base_baud = 115200) is a 16550A
[    3.325840] Non-volatile memory driver v1.3
[    3.326417] Linux agpgart interface v0.103
[    3.327166] ACPI: bus type drm_connector registered
[    3.327845] printk: legacy console [hvc0] enabled
[    3.328674] printk: legacy bootconsole [earlyser0] disabled
          _      _                                    
   __   _(_)_ __| |_ _ __ ___   ___       _ __   __ _ 
   \ \ / / |  __| __|  _   _ \ / _ \_____|  _ \ / _  |
    \ V /| | |  | |_| | | | | |  __/_____| | | | (_| |
     \_/ |_|_|   \__|_| |_| |_|\___|     |_| |_|\__  |
                                                |___/ 
   kernel version: 6.9.0-rc2-virtme x86_64
   (CTRL+d to exit)

virtme-ng:/nipa-data/kernel# PS1='xx__-> '
xx__-> env
PWD=/nipa-data/kernel
nr_open=1048576
HOME=/root
TERM=xterm
SHLVL=2
XDG_RUNTIME_DIR=/run/user/0
PATH=/bin:/sbin:/usr/bin:/usr/sbin:/usr/local/bin
OLDPWD=/
_=/usr/bin/env
xx__-> 