No EFI environment detected.
early console in extract_kernel
input_data: 0x0000000004b142b9
input_len: 0x00000000017c5b94
output: 0x0000000001000000
output_len: 0x0000000005266788
kernel_total_size: 0x0000000004e30000
needed_size: 0x0000000005400000
trampoline_32bit: 0x0000000000000000
Physical KASLR using RDRAND RDTSC...
Virtual KASLR using RDRAND RDTSC...

Decompressing Linux... Parsing ELF... Performing relocations... done.
Booting the kernel (entry_offset: 0x0000000000000000).
[    0.000000] Linux version 6.8.0-rc7-virtme (root@2c2cd8aa2200) (gcc (Alpine 13.2.1_git20231014) 13.2.1 20231014, GNU ld (GNU Binutils) 2.42) #1 SMP PREEMPT_DYNAMIC Mon Mar 11 21:26:51 UTC 2024
[    0.000000] Command line: virtme_hostname=virtme-ng nr_open=1048576 virtme_link_mods=/nipa-data/kernel/.virtme_mods/lib/modules/0.0.0 virtme_initmount0=nipa-data/kernel virtme_rw_overlay0=/etc virtme_rw_overlay1=/lib virtme_rw_overlay2=/home virtme_rw_overlay3=/opt virtme_rw_overlay4=/srv virtme_rw_overlay5=/usr virtme_rw_overlay6=/var console=hvc0 earlyprintk=serial,ttyS0,115200 virtme_console=ttyS0 psmouse.proto=exps TERM=xterm virtme_chdir=nipa-data/kernel virtme_root_user=1 rootfstype=9p rootflags=version=9p2000.L,trans=virtio,access=any raid=noautodetect ro init=/usr/lib/python3.11/site-packages/virtme/guest/virtme-init
[    0.000000] BIOS-provided physical RAM map:
[    0.000000] BIOS-e820: [mem 0x0000000000000000-0x000000000009fbff] usable
[    0.000000] BIOS-e820: [mem 0x000000000009fc00-0x000000000009ffff] reserved
[    0.000000] BIOS-e820: [mem 0x00000000000f0000-0x00000000000fffff] reserved
[    0.000000] BIOS-e820: [mem 0x0000000000100000-0x000000003ffdffff] usable
[    0.000000] BIOS-e820: [mem 0x000000003ffe0000-0x000000003fffffff] reserved
[    0.000000] BIOS-e820: [mem 0x00000000feffc000-0x00000000feffffff] reserved
[    0.000000] BIOS-e820: [mem 0x00000000fffc0000-0x00000000ffffffff] reserved
[    0.000000] BIOS-e820: [mem 0x000000fd00000000-0x000000ffffffffff] reserved
[    0.000000] printk: legacy bootconsole [earlyser0] enabled
[    0.000000] NX (Execute Disable) protection: active
[    0.000000] APIC: Static calls initialized
[    0.000000] SMBIOS 3.0.0 present.
[    0.000000] DMI: QEMU Standard PC (i440FX + PIIX, 1996), BIOS rel-1.16.3-0-ga6ed6b701f0a-prebuilt.qemu.org 04/01/2014
[    0.000000] Hypervisor detected: KVM
[    0.000000] kvm-clock: Using msrs 4b564d01 and 4b564d00
[    0.000000] kvm-clock: using sched offset of 359628791 cycles
[    0.000397] clocksource: kvm-clock: mask: 0xffffffffffffffff max_cycles: 0x1cd42e4dffb, max_idle_ns: 881590591483 ns
[    0.001660] tsc: Detected 4491.556 MHz processor
[    0.002406] last_pfn = 0x3ffe0 max_arch_pfn = 0x400000000
[    0.002841] MTRR map: 4 entries (3 fixed + 1 variable; max 19), built from 8 variable MTRRs
[    0.003489] x86/PAT: Configuration [0-7]: WB  WC  UC- UC  WB  WP  UC- WT  
[    0.005594] found SMP MP-table at [mem 0x000f5470-0x000f547f]
[    0.006044] Using GB pages for direct mapping
[    0.006599] ACPI: Early table checksum verification disabled
[    0.007040] ACPI: RSDP 0x00000000000F5290 000014 (v00 BOCHS )
[    0.007496] ACPI: RSDT 0x000000003FFE27BC 000034 (v01 BOCHS  BXPC     00000001 BXPC 00000001)
[    0.008154] ACPI: FACP 0x000000003FFE2578 000074 (v01 BOCHS  BXPC     00000001 BXPC 00000001)
[    0.008819] ACPI: DSDT 0x000000003FFE0040 002538 (v01 BOCHS  BXPC     00000001 BXPC 00000001)
[    0.009571] ACPI: FACS 0x000000003FFE0000 000040
[    0.009999] ACPI: APIC 0x000000003FFE25EC 000170 (v03 BOCHS  BXPC     00000001 BXPC 00000001)
[    0.010788] ACPI: HPET 0x000000003FFE275C 000038 (v01 BOCHS  BXPC     00000001 BXPC 00000001)
[    0.011491] ACPI: WAET 0x000000003FFE2794 000028 (v01 BOCHS  BXPC     00000001 BXPC 00000001)
[    0.012150] ACPI: Reserving FACP table memory at [mem 0x3ffe2578-0x3ffe25eb]
[    0.012694] ACPI: Reserving DSDT table memory at [mem 0x3ffe0040-0x3ffe2577]
[    0.013246] ACPI: Reserving FACS table memory at [mem 0x3ffe0000-0x3ffe003f]
[    0.013786] ACPI: Reserving APIC table memory at [mem 0x3ffe25ec-0x3ffe275b]
[    0.014333] ACPI: Reserving HPET table memory at [mem 0x3ffe275c-0x3ffe2793]
[    0.014870] ACPI: Reserving WAET table memory at [mem 0x3ffe2794-0x3ffe27bb]
[    0.015617] No NUMA configuration found
[    0.015910] Faking a node at [mem 0x0000000000000000-0x000000003ffdffff]
[    0.016433] NODE_DATA(0) allocated [mem 0x3ffdb000-0x3ffdffff]
[    0.016900] Zone ranges:
[    0.017100]   DMA      [mem 0x0000000000001000-0x0000000000ffffff]
[    0.017571]   DMA32    [mem 0x0000000001000000-0x000000003ffdffff]
[    0.018051]   Normal   empty
[    0.018272]   Device   empty
[    0.018492] Movable zone start for each node
[    0.018817] Early memory node ranges
[    0.019097]   node   0: [mem 0x0000000000001000-0x000000000009efff]
[    0.019574]   node   0: [mem 0x0000000000100000-0x000000003ffdffff]
[    0.020056] Initmem setup node 0 [mem 0x0000000000001000-0x000000003ffdffff]
[    0.020598] On node 0, zone DMA: 1 pages in unavailable ranges
[    0.021115] On node 0, zone DMA: 97 pages in unavailable ranges
[    0.025918] On node 0, zone DMA32: 32 pages in unavailable ranges
[    0.035892] kasan: KernelAddressSanitizer initialized
[    0.036533] ACPI: PM-Timer IO Port: 0x608
[    0.036853] ACPI: LAPIC_NMI (acpi_id[0xff] dfl dfl lint[0x1])
[    0.037318] IOAPIC[0]: apic_id 0, version 17, address 0xfec00000, GSI 0-23
[    0.037839] ACPI: INT_SRC_OVR (bus 0 bus_irq 0 global_irq 2 dfl dfl)
[    0.038327] ACPI: INT_SRC_OVR (bus 0 bus_irq 5 global_irq 5 high level)
[    0.038826] ACPI: INT_SRC_OVR (bus 0 bus_irq 9 global_irq 9 high level)
[    0.039333] ACPI: INT_SRC_OVR (bus 0 bus_irq 10 global_irq 10 high level)
[    0.039845] ACPI: INT_SRC_OVR (bus 0 bus_irq 11 global_irq 11 high level)
[    0.040370] ACPI: Using ACPI (MADT) for SMP configuration information
[    0.040862] ACPI: HPET id: 0x8086a201 base: 0xfed00000
[    0.041264] TSC deadline timer available
[    0.041561] smpboot: Allowing 32 CPUs, 0 hotplug CPUs
[    0.041956] kvm-guest: APIC: eoi() replaced with kvm_guest_apic_eoi_write()
[    0.042504] kvm-guest: KVM setup pv remote TLB flush
[    0.042881] kvm-guest: setup PV sched yield
[    0.043212] PM: hibernation: Registered nosave memory: [mem 0x00000000-0x00000fff]
[    0.043783] PM: hibernation: Registered nosave memory: [mem 0x0009f000-0x0009ffff]
[    0.044363] PM: hibernation: Registered nosave memory: [mem 0x000a0000-0x000effff]
[    0.044938] PM: hibernation: Registered nosave memory: [mem 0x000f0000-0x000fffff]
[    0.045516] [mem 0x40000000-0xfeffbfff] available for PCI devices
[    0.045976] Booting paravirtualized kernel on KVM
[    0.046338] clocksource: refined-jiffies: mask: 0xffffffff max_cycles: 0xffffffff, max_idle_ns: 1910969940391419 ns
[    0.055245] setup_percpu: NR_CPUS:64 nr_cpumask_bits:32 nr_cpu_ids:32 nr_node_ids:1
[    0.057142] percpu: Embedded 68 pages/cpu s241448 r8192 d28888 u524288
[    0.057697] Kernel command line: virtme_hostname=virtme-ng nr_open=1048576 virtme_link_mods=/nipa-data/kernel/.virtme_mods/lib/modules/0.0.0 virtme_initmount0=nipa-data/kernel virtme_rw_overlay0=/etc virtme_rw_overlay1=/lib virtme_rw_overlay2=/home virtme_rw_overlay3=/opt virtme_rw_overlay4=/srv virtme_rw_overlay5=/usr virtme_rw_overlay6=/var console=hvc0 earlyprintk=serial,ttyS0,115200 virtme_console=ttyS0 psmouse.proto=exps TERM=xterm virtme_chdir=nipa-data/kernel virtme_root_user=1 rootfstype=9p rootflags=version=9p2000.L,trans=virtio,access=any raid=noautodetect ro init=/usr/lib/python3.11/site-packages/virtme/guest/virtme-init
[    0.062200] Unknown kernel command line parameters "virtme_hostname=virtme-ng nr_open=1048576 virtme_link_mods=/nipa-data/kernel/.virtme_mods/lib/modules/0.0.0 virtme_initmount0=nipa-data/kernel virtme_rw_overlay0=/etc virtme_rw_overlay1=/lib virtme_rw_overlay2=/home virtme_rw_overlay3=/opt virtme_rw_overlay4=/srv virtme_rw_overlay5=/usr virtme_rw_overlay6=/var virtme_console=ttyS0 virtme_chdir=nipa-data/kernel virtme_root_user=1", will be passed to user space.
[    0.065611] random: crng init done
[    0.065982] Dentry cache hash table entries: 131072 (order: 8, 1048576 bytes, linear)
[    0.066615] Inode-cache hash table entries: 65536 (order: 7, 524288 bytes, linear)
[    0.067666] Fallback order for Node 0: 0 
[    0.067672] Built 1 zonelists, mobility grouping on.  Total pages: 257760
[    0.068523] Policy zone: DMA32
[    0.068766] mem auto-init: stack:all(zero), heap alloc:off, heap free:off
[    0.069304] stackdepot: allocating hash table via alloc_large_system_hash
[    0.069836] stackdepot hash table entries: 1048576 (order: 12, 16777216 bytes, linear)
[    0.078010] Memory: 781304K/1048056K available (43008K kernel code, 11338K rwdata, 9576K rodata, 5744K init, 2416K bss, 266496K reserved, 0K cma-reserved)
[    0.079289] SLUB: HWalign=64, Order=0-3, MinObjects=0, CPUs=32, Nodes=1
Poking KASLR using RDRAND RDTSC...
[    0.080083] ftrace: allocating 46499 entries in 182 pages
[    0.088916] ftrace: allocated 182 pages with 5 groups
[    0.090306] Dynamic Preempt: voluntary
[    0.090954] rcu: Preemptible hierarchical RCU implementation.
[    0.091417] rcu: RCU event tracing is enabled.
[    0.091770] rcu: RCU restricting CPUs from NR_CPUS=64 to nr_cpu_ids=32.
[    0.092347] Trampoline variant of Tasks RCU enabled.
[    0.092820] Rude variant of Tasks RCU enabled.
[    0.093243] Tracing variant of Tasks RCU enabled.
[    0.093689] rcu: RCU calculated value of scheduler-enlistment delay is 100 jiffies.
[    0.094402] rcu: Adjusting geometry for rcu_fanout_leaf=16, nr_cpu_ids=32
[    0.105049] NR_IRQS: 4352, nr_irqs: 680, preallocated irqs: 16
[    0.105864] rcu: srcu_init: Setting srcu_struct sizes based on contention.
[    0.106738] Console: colour *CGA 80x25
[    0.107121] ACPI: Core revision 20230628
[    0.107671] clocksource: hpet: mask: 0xffffffff max_cycles: 0xffffffff, max_idle_ns: 19112604467 ns
[    0.108585] APIC: Switch to symmetric I/O mode setup
[    0.109052] APIC: Switched APIC routing to: physical flat
[    0.109548] kvm-guest: APIC: send_IPI_mask() replaced with kvm_send_ipi_mask()
[    0.110185] kvm-guest: APIC: send_IPI_mask_allbutself() replaced with kvm_send_ipi_mask_allbutself()
[    0.111001] kvm-guest: setup PV IPIs
[    0.112370] ..TIMER: vector=0x30 apic1=0 pin1=2 apic2=-1 pin2=-1
[    0.113426] tsc: Marking TSC unstable due to TSCs unsynchronized
[    0.114469] Calibrating delay loop (skipped) preset value.. 8983.11 BogoMIPS (lpj=4491556)
[    0.115529] x86/cpu: User Mode Instruction Prevention (UMIP) activated
[    0.116535] Last level iTLB entries: 4KB 512, 2MB 255, 4MB 127
[    0.117326] Last level dTLB entries: 4KB 512, 2MB 255, 4MB 127, 1GB 0
[    0.117469] Spectre V1 : Mitigation: usercopy/swapgs barriers and __user pointer sanitization
[    0.118469] Spectre V2 : Mitigation: Enhanced / Automatic IBRS
[    0.119464] Spectre V2 : Spectre v2 / SpectreRSB mitigation: Filling RSB on context switch
[    0.120467] Spectre V2 : mitigation: Enabling conditional Indirect Branch Prediction Barrier
[    0.121466] Speculative Store Bypass: Mitigation: Speculative Store Bypass disabled via prctl
[    0.122465] Speculative Return Stack Overflow: IBPB-extending microcode not applied!
[    0.123464] Speculative Return Stack Overflow: WARNING: See https://kernel.org/doc/html/latest/admin-guide/hw-vuln/srso.html for mitigation options.
[    0.123466] Speculative Return Stack Overflow: Vulnerable: Safe RET, no microcode
[    0.125480] x86/fpu: Supporting XSAVE feature 0x001: 'x87 floating point registers'
[    0.126464] x86/fpu: Supporting XSAVE feature 0x002: 'SSE registers'
[    0.127464] x86/fpu: Supporting XSAVE feature 0x004: 'AVX registers'
[    0.128309] x86/fpu: Supporting XSAVE feature 0x020: 'AVX-512 opmask'
[    0.128465] x86/fpu: Supporting XSAVE feature 0x040: 'AVX-512 Hi256'
[    0.129464] x86/fpu: Supporting XSAVE feature 0x080: 'AVX-512 ZMM_Hi256'
[    0.130464] x86/fpu: Supporting XSAVE feature 0x200: 'Protection Keys User registers'
[    0.131465] x86/fpu: xstate_offset[2]:  576, xstate_sizes[2]:  256
[    0.132464] x86/fpu: xstate_offset[5]:  832, xstate_sizes[5]:   64
[    0.133464] x86/fpu: xstate_offset[6]:  896, xstate_sizes[6]:  512
[    0.134464] x86/fpu: xstate_offset[7]: 1408, xstate_sizes[7]: 1024
[    0.135465] x86/fpu: xstate_offset[9]: 2432, xstate_sizes[9]:    8
[    0.136465] x86/fpu: Enabled xstate features 0x2e7, context size is 2440 bytes, using 'compacted' format.
[    0.159061] Freeing SMP alternatives memory: 36K
[    0.159465] pid_max: default: 32768 minimum: 301
[    0.160225] Mount-cache hash table entries: 2048 (order: 2, 16384 bytes, linear)
[    0.160466] Mountpoint-cache hash table entries: 2048 (order: 2, 16384 bytes, linear)
[    0.162124] smpboot: CPU0: AMD Ryzen 9 7950X 16-Core Processor (family: 0x19, model: 0x61, stepping: 0x2)
[    0.162796] RCU Tasks: Setting shift to 5 and lim to 1 rcu_task_cb_adjust=1.
[    0.163493] RCU Tasks Rude: Setting shift to 5 and lim to 1 rcu_task_cb_adjust=1.
[    0.164495] RCU Tasks Trace: Setting shift to 5 and lim to 1 rcu_task_cb_adjust=1.
[    0.165496] Performance Events: Fam17h+ core perfctr, AMD PMU driver.
[    0.166399] ... version:                0
[    0.166467] ... bit width:              48
[    0.167008] ... generic registers:      6
[    0.167466] ... value mask:             0000ffffffffffff
[    0.168198] ... max period:             00007fffffffffff
[    0.168467] ... fixed-purpose events:   0
[    0.169011] ... event mask:             000000000000003f
[    0.169568] signal: max sigframe size: 3376
[    0.170172] rcu: Hierarchical SRCU implementation.
[    0.170467] rcu: Max phase no-delay instances is 400.
[    0.175635] smp: Bringing up secondary CPUs ...
[    0.176651] smpboot: x86: Booting SMP configuration:
[    0.177469] .... node  #0, CPUs:        #1  #2  #3  #4  #5  #6  #7  #8  #9 #10 #11 #12 #13 #14 #15 #16 #17 #18 #19 #20 #21 #22 #23 #24 #25 #26 #27 #28 #29 #30 #31
[    0.203672] smp: Brought up 1 node, 32 CPUs
[    0.205149] smpboot: Max logical packages: 1
[    0.205467] smpboot: Total of 32 processors activated (287459.58 BogoMIPS)
[    0.212605] devtmpfs: initialized
[    0.213480] x86/mm: Memory block size: 128MB
[    0.222793] clocksource: jiffies: mask: 0xffffffff max_cycles: 0xffffffff, max_idle_ns: 1911260446275000 ns
[    0.223473] futex hash table entries: 8192 (order: 7, 524288 bytes, linear)
[    0.224892] PM: RTC time: 21:27:25, date: 2024-03-11
[    0.226409] NET: Registered PF_NETLINK/PF_ROUTE protocol family
[    0.227547] thermal_sys: Registered thermal governor 'step_wise'
[    0.227550] thermal_sys: Registered thermal governor 'user_space'
[    0.228550] cpuidle: using governor menu
[    0.231904] PCI: Using configuration type 1 for base access
[    0.232467] PCI: Using configuration type 1 for extended access
[    0.233621] kprobes: kprobe jump-optimization is enabled. All kprobes are optimized if possible.
[    0.244796] HugeTLB: registered 1.00 GiB page size, pre-allocated 0 pages
[    0.246468] HugeTLB: 16380 KiB vmemmap can be freed for a 1.00 GiB page
[    0.247467] HugeTLB: registered 2.00 MiB page size, pre-allocated 0 pages
[    0.248466] HugeTLB: 28 KiB vmemmap can be freed for a 2.00 MiB page
[    0.250787] ACPI: Added _OSI(Module Device)
[    0.251467] ACPI: Added _OSI(Processor Device)
[    0.252230] ACPI: Added _OSI(3.0 _SCP Extensions)
[    0.253467] ACPI: Added _OSI(Processor Aggregator Device)
[    0.287325] ACPI: 1 ACPI AML tables successfully acquired and loaded
[    0.290707] ACPI: _OSC evaluation for CPUs failed, trying _PDC
[    0.294602] ACPI: Interpreter enabled
[    0.295298] ACPI: PM: (supports S0 S3 S4 S5)
[    0.296467] ACPI: Using IOAPIC for interrupt routing
[    0.297281] PCI: Using host bridge windows from ACPI; if necessary, use "pci=nocrs" and report a bug
[    0.298466] PCI: Using E820 reservations for host bridge windows
[    0.300382] ACPI: Enabled 2 GPEs in block 00 to 0F
[    0.350240] ACPI: PCI Root Bridge [PCI0] (domain 0000 [bus 00-ff])
[    0.350482] acpi PNP0A03:00: _OSC: OS supports [ExtendedConfig ASPM ClockPM Segments MSI HPX-Type3]
[    0.351991] PCI host bridge to bus 0000:00
[    0.353470] pci_bus 0000:00: root bus resource [io  0x0000-0x0cf7 window]
[    0.354383] pci_bus 0000:00: root bus resource [io  0x0d00-0xffff window]
[    0.354470] pci_bus 0000:00: root bus resource [mem 0x000a0000-0x000bffff window]
[    0.355470] pci_bus 0000:00: root bus resource [mem 0x40000000-0xfebfffff window]
[    0.356469] pci_bus 0000:00: root bus resource [mem 0x100000000-0x17fffffff window]
[    0.357469] pci_bus 0000:00: root bus resource [bus 00-ff]
[    0.358346] pci 0000:00:00.0: [8086:1237] type 00 class 0x060000 conventional PCI endpoint
[    0.360375] pci 0000:00:01.0: [8086:7000] type 00 class 0x060100 conventional PCI endpoint
[    0.362405] pci 0000:00:01.1: [8086:7010] type 00 class 0x010180 conventional PCI endpoint
[    0.366730] pci 0000:00:01.1: BAR 4 [io  0xc0c0-0xc0cf]
[    0.368238] pci 0000:00:01.1: BAR 0 [io  0x01f0-0x01f7]: legacy IDE quirk
[    0.369467] pci 0000:00:01.1: BAR 1 [io  0x03f6]: legacy IDE quirk
[    0.370284] pci 0000:00:01.1: BAR 2 [io  0x0170-0x0177]: legacy IDE quirk
[    0.370467] pci 0000:00:01.1: BAR 3 [io  0x0376]: legacy IDE quirk
[    0.372029] pci 0000:00:01.3: [8086:7113] type 00 class 0x068000 conventional PCI endpoint
[    0.373742] pci 0000:00:01.3: quirk: [io  0x0600-0x063f] claimed by PIIX4 ACPI
[    0.375471] pci 0000:00:01.3: quirk: [io  0x0700-0x070f] claimed by PIIX4 SMB
[    0.377202] pci 0000:00:02.0: [1af4:1009] type 00 class 0x000200 conventional PCI endpoint
[    0.379467] pci 0000:00:02.0: BAR 0 [io  0xc000-0xc03f]
[    0.382145] pci 0000:00:02.0: BAR 1 [mem 0xfebfc000-0xfebfcfff]
[    0.387165] pci 0000:00:02.0: BAR 4 [mem 0xfebf0000-0xfebf3fff 64bit pref]
[    0.401597] pci 0000:00:03.0: [1af4:1009] type 00 class 0x000200 conventional PCI endpoint
[    0.404468] pci 0000:00:03.0: BAR 0 [io  0xc040-0xc07f]
[    0.407174] pci 0000:00:03.0: BAR 1 [mem 0xfebfd000-0xfebfdfff]
[    0.411467] pci 0000:00:03.0: BAR 4 [mem 0xfebf4000-0xfebf7fff 64bit pref]
[    0.427354] pci 0000:00:04.0: [8086:25ab] type 00 class 0x088000 conventional PCI endpoint
[    0.428851] pci 0000:00:04.0: BAR 0 [mem 0xfebfe000-0xfebfe00f]
[    0.443879] pci 0000:00:05.0: [1af4:1003] type 00 class 0x078000 conventional PCI endpoint
[    0.446467] pci 0000:00:05.0: BAR 0 [io  0xc080-0xc0bf]
[    0.448184] pci 0000:00:05.0: BAR 1 [mem 0xfebff000-0xfebfffff]
[    0.453467] pci 0000:00:05.0: BAR 4 [mem 0xfebf8000-0xfebfbfff 64bit pref]
[    0.470828] ACPI: PCI: Interrupt link LNKA configured for IRQ 10
[    0.472496] ACPI: PCI: Interrupt link LNKB configured for IRQ 10
[    0.474306] ACPI: PCI: Interrupt link LNKC configured for IRQ 11
[    0.476450] ACPI: PCI: Interrupt link LNKD configured for IRQ 11
[    0.477875] ACPI: PCI: Interrupt link LNKS configured for IRQ 9
[    0.498032] iommu: Default domain type: Translated
[    0.498467] iommu: DMA domain TLB invalidation policy: lazy mode
[    0.499774] SCSI subsystem initialized
[    0.500692] pps_core: LinuxPPS API ver. 1 registered
[    0.501372] pps_core: Software ver. 5.3.6 - Copyright 2005-2007 Rodolfo Giometti <giometti@linux.it>
[    0.502483] PTP clock support registered
[    0.503604] Advanced Linux Sound Architecture Driver Initialized.
[    0.505547] NET: Registered PF_ATMPVC protocol family
[    0.506400] NET: Registered PF_ATMSVC protocol family
[    0.507495] PCI: Using ACPI for IRQ routing
[    0.508519] vgaarb: loaded
[    0.508599] hpet0: at MMIO 0xfed00000, IRQs 2, 8, 0
[    0.509253] hpet0: 3 comparators, 64-bit 100.000000 MHz counter
[    0.515960] clocksource: Switched to clocksource kvm-clock
[    0.517284] VFS: Disk quotas dquot_6.6.0
[    0.517829] VFS: Dquot-cache hash table entries: 512 (order 0, 4096 bytes)
[    0.518955] pnp: PnP ACPI init
[    0.525846] pnp: PnP ACPI: found 5 devices
[    0.539011] clocksource: acpi_pm: mask: 0xffffff max_cycles: 0xffffff, max_idle_ns: 2085701024 ns
[    0.540294] NET: Registered PF_INET protocol family
[    0.540994] IP idents hash table entries: 16384 (order: 5, 131072 bytes, linear)
[    0.542395] tcp_listen_portaddr_hash hash table entries: 512 (order: 1, 8192 bytes, linear)
[    0.543514] Table-perturb hash table entries: 65536 (order: 6, 262144 bytes, linear)
[    0.544572] TCP established hash table entries: 8192 (order: 4, 65536 bytes, linear)
[    0.545604] TCP bind hash table entries: 8192 (order: 6, 262144 bytes, linear)
[    0.546570] TCP: Hash tables configured (established 8192 bind 8192)
[    0.547587] UDP hash table entries: 512 (order: 2, 16384 bytes, linear)
[    0.548528] UDP-Lite hash table entries: 512 (order: 2, 16384 bytes, linear)
[    0.549703] NET: Registered PF_UNIX/PF_LOCAL protocol family
[    0.550472] pci_bus 0000:00: resource 4 [io  0x0000-0x0cf7 window]
[    0.551287] pci_bus 0000:00: resource 5 [io  0x0d00-0xffff window]
[    0.552103] pci_bus 0000:00: resource 6 [mem 0x000a0000-0x000bffff window]
[    0.553008] pci_bus 0000:00: resource 7 [mem 0x40000000-0xfebfffff window]
[    0.553907] pci_bus 0000:00: resource 8 [mem 0x100000000-0x17fffffff window]
[    0.555053] pci 0000:00:01.0: PIIX3: Enabling Passive Release
[    0.555819] pci 0000:00:00.0: Limiting direct PCI/PCI transfers
[    0.556649] PCI: CLS 0 bytes, default 64
[    0.557376] kvm_intel: VMX not supported by CPU 12
[    0.558062] kvm_amd: TSC scaling supported
[    0.558601] kvm_amd: Nested Virtualization enabled
[    0.559235] kvm_amd: Nested Paging enabled
[    0.559795] kvm_amd: Virtual VMLOAD VMSAVE supported
[    0.560453] kvm_amd: Virtual GIF supported
[    0.560996] kvm_amd: Virtual NMI enabled
[    0.561511] kvm_amd: LBR virtualization supported
[    0.676482] workingset: timestamp_bits=56 max_order=18 bucket_order=0
[    0.677492] squashfs: version 4.0 (2009/01/31) Phillip Lougher
[    0.678298] fuse: init (API version 7.39)
[    0.678983] 9p: Installing v9fs 9p2000 file system support
[    0.679850] Key type asymmetric registered
[    0.680467] Block layer SCSI generic (bsg) driver version 0.4 loaded (major 249)
[    0.681472] io scheduler mq-deadline registered
[    0.682080] io scheduler kyber registered
[    0.683984] input: Power Button as /devices/LNXSYSTM:00/LNXPWRBN:00/input/input0
[    0.685247] ACPI: button: Power Button [PWRF]
[    0.685970] Warning: Processor Platform Limit event detected, but not handled.
[    0.686938] Consider compiling CPUfreq support into your kernel.
[    1.576253] ACPI: \_SB_.LNKB: Enabled at IRQ 10
[    2.477913] ACPI: \_SB_.LNKC: Enabled at IRQ 11
[    3.371814] ACPI: \_SB_.LNKA: Enabled at IRQ 10
[    3.373450] Serial: 8250/16550 driver, 4 ports, IRQ sharing enabled
[    3.374636] 00:03: ttyS0 at I/O 0x3f8 (irq = 4, base_baud = 115200) is a 16550A
[    3.406558] Non-volatile memory driver v1.3
[    3.407159] Linux agpgart interface v0.103
[    3.407905] ACPI: bus type drm_connector registered
[    3.408577] printk: legacy console [hvc0] enabled
[    3.409385] printk: legacy bootconsole [earlyser0] disabled
          _      _                                    
   __   _(_)_ __| |_ _ __ ___   ___       _ __   __ _ 
   \ \ / / |  __| __|  _   _ \ / _ \_____|  _ \ / _  |
    \ V /| | |  | |_| | | | | |  __/_____| | | | (_| |
     \_/ |_|_|   \__|_| |_| |_|\___|     |_| |_|\__  |
                                                |___/ 
   kernel version: 6.8.0-rc7-virtme x86_64
   (CTRL+d to exit)

virtme-ng:/nipa-data/kernel# PS1='xx__-> '
xx__-> env
PWD=/nipa-data/kernel
nr_open=1048576
HOME=/
TERM=xterm
SHLVL=2
XDG_RUNTIME_DIR=/run/user/0
PATH=/bin:/sbin:/usr/bin:/usr/sbin:/usr/local/bin
OLDPWD=/
_=/usr/bin/env
xx__-> 