No EFI environment detected.
early console in extract_kernel
input_data: 0x0000000004ab62c4
input_len: 0x00000000018f6108
output: 0x0000000001000000
output_len: 0x0000000005338238
kernel_total_size: 0x0000000005030000
needed_size: 0x0000000005400000
trampoline_32bit: 0x0000000000000000
Physical KASLR using RDRAND RDTSC...
Virtual KASLR using RDRAND RDTSC...

Decompressing Linux... Parsing ELF... Performing relocations... done.
Booting the kernel (entry_offset: 0x0000000000000000).
[    0.000000] Linux version 6.13.0-rc1-virtme (root@8e7bad06b447) (gcc (Ubuntu 13.2.0-23ubuntu4) 13.2.0, GNU ld (GNU Binutils for Ubuntu) 2.42) #1 SMP PREEMPT_DYNAMIC Wed Dec 11 21:27:07 UTC 2024
[    0.000000] Command line: virtme_hostname=virtme-ng nr_open=1048576 virtme_link_mods=/nipa-data/kernel/.virtme_mods/lib/modules/0.0.0 virtme_initmount0=nipa-data/kernel virtme_rw_overlay0=/etc virtme_rw_overlay1=/lib virtme_rw_overlay2=/home virtme_rw_overlay3=/opt virtme_rw_overlay4=/srv virtme_rw_overlay5=/usr virtme_rw_overlay6=/var console=hvc0 earlyprintk=serial,ttyS0,115200 virtme_console=ttyS0 psmouse.proto=exps TERM=xterm virtme_chdir=nipa-data/kernel virtme_root_user=1 rootfstype=9p rootflags=version=9p2000.L,trans=virtio,access=any raid=noautodetect ro init=/usr/lib/python3/dist-packages/virtme/guest/virtme-init
[    0.000000] BIOS-provided physical RAM map:
[    0.000000] BIOS-e820: [mem 0x0000000000000000-0x000000000009fbff] usable
[    0.000000] BIOS-e820: [mem 0x000000000009fc00-0x000000000009ffff] reserved
[    0.000000] BIOS-e820: [mem 0x00000000000f0000-0x00000000000fffff] reserved
[    0.000000] BIOS-e820: [mem 0x0000000000100000-0x000000003ffdffff] usable
[    0.000000] BIOS-e820: [mem 0x000000003ffe0000-0x000000003fffffff] reserved
[    0.000000] BIOS-e820: [mem 0x00000000feffc000-0x00000000feffffff] reserved
[    0.000000] BIOS-e820: [mem 0x00000000fffc0000-0x00000000ffffffff] reserved
[    0.000000] BIOS-e820: [mem 0x000000fd00000000-0x000000ffffffffff] reserved
[    0.000000] printk: legacy bootconsole [earlyser0] enabled
[    0.000000] NX (Execute Disable) protection: active
[    0.000000] APIC: Static calls initialized
[    0.000000] SMBIOS 3.0.0 present.
[    0.000000] DMI: QEMU Ubuntu 24.04 PC (i440FX + PIIX, 1996), BIOS 1.16.3-debian-1.16.3-2 04/01/2014
[    0.000000] DMI: Memory slots populated: 1/1
[    0.000000] Hypervisor detected: KVM
[    0.000000] kvm-clock: Using msrs 4b564d01 and 4b564d00
[    0.000000] kvm-clock: using sched offset of 310697979 cycles
[    0.000374] clocksource: kvm-clock: mask: 0xffffffffffffffff max_cycles: 0x1cd42e4dffb, max_idle_ns: 881590591483 ns
[    0.001538] tsc: Detected 4491.556 MHz processor
[    0.002201] last_pfn = 0x3ffe0 max_arch_pfn = 0x400000000
[    0.002610] MTRR map: 4 entries (3 fixed + 1 variable; max 19), built from 8 variable MTRRs
[    0.003210] x86/PAT: Configuration [0-7]: WB  WC  UC- UC  WB  WP  UC- WT  
[    0.005179] found SMP MP-table at [mem 0x000f5470-0x000f547f]
[    0.005593] Using GB pages for direct mapping
[    0.006095] ACPI: Early table checksum verification disabled
[    0.006499] ACPI: RSDP 0x00000000000F5290 000014 (v00 BOCHS )
[    0.006910] ACPI: RSDT 0x000000003FFE27BC 000034 (v01 BOCHS  BXPC     00000001 BXPC 00000001)
[    0.007520] ACPI: FACP 0x000000003FFE2578 000074 (v01 BOCHS  BXPC     00000001 BXPC 00000001)
[    0.008130] ACPI: DSDT 0x000000003FFE0040 002538 (v01 BOCHS  BXPC     00000001 BXPC 00000001)
[    0.008741] ACPI: FACS 0x000000003FFE0000 000040
[    0.009071] ACPI: APIC 0x000000003FFE25EC 000170 (v03 BOCHS  BXPC     00000001 BXPC 00000001)
[    0.009677] ACPI: HPET 0x000000003FFE275C 000038 (v01 BOCHS  BXPC     00000001 BXPC 00000001)
[    0.010284] ACPI: WAET 0x000000003FFE2794 000028 (v01 BOCHS  BXPC     00000001 BXPC 00000001)
[    0.010890] ACPI: Reserving FACP table memory at [mem 0x3ffe2578-0x3ffe25eb]
[    0.011390] ACPI: Reserving DSDT table memory at [mem 0x3ffe0040-0x3ffe2577]
[    0.011890] ACPI: Reserving FACS table memory at [mem 0x3ffe0000-0x3ffe003f]
[    0.012390] ACPI: Reserving APIC table memory at [mem 0x3ffe25ec-0x3ffe275b]
[    0.012893] ACPI: Reserving HPET table memory at [mem 0x3ffe275c-0x3ffe2793]
[    0.013393] ACPI: Reserving WAET table memory at [mem 0x3ffe2794-0x3ffe27bb]
[    0.014084] No NUMA configuration found
[    0.014356] Faking a node at [mem 0x0000000000000000-0x000000003ffdffff]
[    0.014834] NODE_DATA(0) allocated [mem 0x3ffdb780-0x3ffdffff]
[    0.015262] Zone ranges:
[    0.015443]   DMA      [mem 0x0000000000001000-0x0000000000ffffff]
[    0.015883]   DMA32    [mem 0x0000000001000000-0x000000003ffdffff]
[    0.016325]   Normal   empty
[    0.016533]   Device   empty
[    0.016738] Movable zone start for each node
[    0.017042] Early memory node ranges
[    0.017295]   node   0: [mem 0x0000000000001000-0x000000000009efff]
[    0.017740]   node   0: [mem 0x0000000000100000-0x000000003ffdffff]
[    0.018185] Initmem setup node 0 [mem 0x0000000000001000-0x000000003ffdffff]
[    0.018691] On node 0, zone DMA: 1 pages in unavailable ranges
[    0.019162] On node 0, zone DMA: 97 pages in unavailable ranges
[    0.023757] On node 0, zone DMA32: 32 pages in unavailable ranges
[    0.032888] kasan: KernelAddressSanitizer initialized
[    0.033478] ACPI: PM-Timer IO Port: 0x608
[    0.033775] ACPI: LAPIC_NMI (acpi_id[0xff] dfl dfl lint[0x1])
[    0.034206] IOAPIC[0]: apic_id 0, version 17, address 0xfec00000, GSI 0-23
[    0.034696] ACPI: INT_SRC_OVR (bus 0 bus_irq 0 global_irq 2 dfl dfl)
[    0.035149] ACPI: INT_SRC_OVR (bus 0 bus_irq 5 global_irq 5 high level)
[    0.035620] ACPI: INT_SRC_OVR (bus 0 bus_irq 9 global_irq 9 high level)
[    0.036090] ACPI: INT_SRC_OVR (bus 0 bus_irq 10 global_irq 10 high level)
[    0.036576] ACPI: INT_SRC_OVR (bus 0 bus_irq 11 global_irq 11 high level)
[    0.037061] ACPI: Using ACPI (MADT) for SMP configuration information
[    0.037519] ACPI: HPET id: 0x8086a201 base: 0xfed00000
[    0.037886] TSC deadline timer available
[    0.038168] CPU topo: Max. logical packages:   1
[    0.038497] CPU topo: Max. logical dies:       1
[    0.038825] CPU topo: Max. dies per package:   1
[    0.039156] CPU topo: Max. threads per core:   1
[    0.039485] CPU topo: Num. cores per package:    32
[    0.039832] CPU topo: Num. threads per package:  32
[    0.040178] CPU topo: Allowing 32 present CPUs plus 0 hotplug CPUs
[    0.040639] kvm-guest: APIC: eoi() replaced with kvm_guest_apic_eoi_write()
[    0.041146] kvm-guest: KVM setup pv remote TLB flush
[    0.041501] kvm-guest: setup PV sched yield
[    0.041805] PM: hibernation: Registered nosave memory: [mem 0x00000000-0x00000fff]
[    0.042343] PM: hibernation: Registered nosave memory: [mem 0x0009f000-0x0009ffff]
[    0.042881] PM: hibernation: Registered nosave memory: [mem 0x000a0000-0x000effff]
[    0.043420] PM: hibernation: Registered nosave memory: [mem 0x000f0000-0x000fffff]
[    0.043958] [mem 0x40000000-0xfeffbfff] available for PCI devices
[    0.044392] Booting paravirtualized kernel on KVM
[    0.044730] clocksource: refined-jiffies: mask: 0xffffffff max_cycles: 0xffffffff, max_idle_ns: 1910969940391419 ns
[    0.053515] setup_percpu: NR_CPUS:64 nr_cpumask_bits:32 nr_cpu_ids:32 nr_node_ids:1
[    0.055317] percpu: Embedded 70 pages/cpu s247896 r8192 d30632 u524288
[    0.055855] Kernel command line: virtme_hostname=virtme-ng nr_open=1048576 virtme_link_mods=/nipa-data/kernel/.virtme_mods/lib/modules/0.0.0 virtme_initmount0=nipa-data/kernel virtme_rw_overlay0=/etc virtme_rw_overlay1=/lib virtme_rw_overlay2=/home virtme_rw_overlay3=/opt virtme_rw_overlay4=/srv virtme_rw_overlay5=/usr virtme_rw_overlay6=/var console=hvc0 earlyprintk=serial,ttyS0,115200 virtme_console=ttyS0 psmouse.proto=exps TERM=xterm virtme_chdir=nipa-data/kernel virtme_root_user=1 rootfstype=9p rootflags=version=9p2000.L,trans=virtio,access=any raid=noautodetect ro init=/usr/lib/python3/dist-packages/virtme/guest/virtme-init
[    0.060074] Unknown kernel command line parameters "virtme_hostname=virtme-ng nr_open=1048576 virtme_link_mods=/nipa-data/kernel/.virtme_mods/lib/modules/0.0.0 virtme_initmount0=nipa-data/kernel virtme_rw_overlay0=/etc virtme_rw_overlay1=/lib virtme_rw_overlay2=/home virtme_rw_overlay3=/opt virtme_rw_overlay4=/srv virtme_rw_overlay5=/usr virtme_rw_overlay6=/var virtme_console=ttyS0 virtme_chdir=nipa-data/kernel virtme_root_user=1", will be passed to user space.
[    0.063275] random: crng init done
[    0.063526] printk: log buffer data + meta data: 262144 + 917504 = 1179648 bytes
[    0.064095] Dentry cache hash table entries: 131072 (order: 8, 1048576 bytes, linear)
[    0.064685] Inode-cache hash table entries: 65536 (order: 7, 524288 bytes, linear)
[    0.065642] Fallback order for Node 0: 0 
[    0.065647] Built 1 zonelists, mobility grouping on.  Total pages: 262014
[    0.066439] Policy zone: DMA32
[    0.066663] mem auto-init: stack:all(zero), heap alloc:off, heap free:off
[    0.067166] stackdepot: allocating hash table via alloc_large_system_hash
[    0.067665] stackdepot hash table entries: 1048576 (order: 12, 16777216 bytes, linear)
[    0.075761] SLUB: HWalign=64, Order=0-3, MinObjects=0, CPUs=32, Nodes=1
Poking KASLR using RDRAND RDTSC...
[    0.076563] ftrace: allocating 48871 entries in 191 pages
[    0.093321] ftrace: allocated 191 pages with 7 groups
[    0.094533] Dynamic Preempt: voluntary
[    0.095252] rcu: Preemptible hierarchical RCU implementation.
[    0.095674] rcu: RCU event tracing is enabled.
[    0.096007] rcu: RCU restricting CPUs from NR_CPUS=64 to nr_cpu_ids=32.
[    0.096498] Trampoline variant of Tasks RCU enabled.
[    0.096872] Rude variant of Tasks RCU enabled.
[    0.097203] Tracing variant of Tasks RCU enabled.
[    0.097554] rcu: RCU calculated value of scheduler-enlistment delay is 100 jiffies.
[    0.098114] rcu: Adjusting geometry for rcu_fanout_leaf=16, nr_cpu_ids=32
[    0.098675] RCU Tasks: Setting shift to 5 and lim to 1 rcu_task_cb_adjust=1 rcu_task_cpu_ids=32.
[    0.099321] RCU Tasks Rude: Setting shift to 5 and lim to 1 rcu_task_cb_adjust=1 rcu_task_cpu_ids=32.
[    0.100003] RCU Tasks Trace: Setting shift to 5 and lim to 1 rcu_task_cb_adjust=1 rcu_task_cpu_ids=32.
[    0.108961] NR_IRQS: 4352, nr_irqs: 680, preallocated irqs: 16
[    0.109633] rcu: srcu_init: Setting srcu_struct sizes based on contention.
[    0.110345] Console: colour *CGA 80x25
[    0.110648] ACPI: Core revision 20240827
[    0.111089] clocksource: hpet: mask: 0xffffffff max_cycles: 0xffffffff, max_idle_ns: 19112604467 ns
[    0.111817] APIC: Switch to symmetric I/O mode setup
[    0.112193] kvm-guest: APIC: send_IPI_mask() replaced with kvm_send_ipi_mask()
[    0.112721] kvm-guest: APIC: send_IPI_mask_allbutself() replaced with kvm_send_ipi_mask_allbutself()
[    0.113368] kvm-guest: setup PV IPIs
[    0.114467] ..TIMER: vector=0x30 apic1=0 pin1=2 apic2=-1 pin2=-1
[    0.115261] clocksource: tsc-early: mask: 0xffffffffffffffff max_cycles: 0x40be400eb43, max_idle_ns: 440795366972 ns
[    0.116621] Calibrating delay loop (skipped) preset value.. 8983.11 BogoMIPS (lpj=4491556)
[    0.117686] x86/cpu: User Mode Instruction Prevention (UMIP) activated
[    0.118678] Last level iTLB entries: 4KB 512, 2MB 255, 4MB 127
[    0.119620] Last level dTLB entries: 4KB 512, 2MB 255, 4MB 127, 1GB 0
[    0.120624] Spectre V1 : Mitigation: usercopy/swapgs barriers and __user pointer sanitization
[    0.121624] Spectre V2 : Mitigation: Enhanced / Automatic IBRS
[    0.122620] Spectre V2 : Spectre v2 / SpectreRSB mitigation: Filling RSB on context switch
[    0.123621] Spectre V2 : mitigation: Enabling conditional Indirect Branch Prediction Barrier
[    0.124622] Speculative Store Bypass: Mitigation: Speculative Store Bypass disabled via prctl
[    0.125620] Speculative Return Stack Overflow: IBPB-extending microcode not applied!
[    0.126620] Speculative Return Stack Overflow: WARNING: See https://kernel.org/doc/html/latest/admin-guide/hw-vuln/srso.html for mitigation options.
[    0.126621] Speculative Return Stack Overflow: Vulnerable: Safe RET, no microcode
[    0.128634] x86/fpu: Supporting XSAVE feature 0x001: 'x87 floating point registers'
[    0.129620] x86/fpu: Supporting XSAVE feature 0x002: 'SSE registers'
[    0.130403] x86/fpu: Supporting XSAVE feature 0x004: 'AVX registers'
[    0.130620] x86/fpu: Supporting XSAVE feature 0x020: 'AVX-512 opmask'
[    0.131620] x86/fpu: Supporting XSAVE feature 0x040: 'AVX-512 Hi256'
[    0.132620] x86/fpu: Supporting XSAVE feature 0x080: 'AVX-512 ZMM_Hi256'
[    0.133620] x86/fpu: Supporting XSAVE feature 0x200: 'Protection Keys User registers'
[    0.134620] x86/fpu: xstate_offset[2]:  576, xstate_sizes[2]:  256
[    0.135379] x86/fpu: xstate_offset[5]:  832, xstate_sizes[5]:   64
[    0.135620] x86/fpu: xstate_offset[6]:  896, xstate_sizes[6]:  512
[    0.136620] x86/fpu: xstate_offset[7]: 1408, xstate_sizes[7]: 1024
[    0.137620] x86/fpu: xstate_offset[9]: 2432, xstate_sizes[9]:    8
[    0.138620] x86/fpu: Enabled xstate features 0x2e7, context size is 2440 bytes, using 'compacted' format.
[    0.160033] Freeing SMP alternatives memory: 40K
[    0.160608] pid_max: default: 32768 minimum: 301
[    0.160738] Mount-cache hash table entries: 2048 (order: 2, 16384 bytes, linear)
[    0.161621] Mountpoint-cache hash table entries: 2048 (order: 2, 16384 bytes, linear)
[    0.163832] smpboot: CPU0: AMD Ryzen 9 7950X 16-Core Processor (family: 0x19, model: 0x61, stepping: 0x2)
[    0.165076] Performance Events: Fam17h+ core perfctr, AMD PMU driver.
[    0.165624] ... version:                0
[    0.166119] ... bit width:              48
[    0.166622] ... generic registers:      6
[    0.167117] ... value mask:             0000ffffffffffff
[    0.167621] ... max period:             00007fffffffffff
[    0.168275] ... fixed-purpose events:   0
[    0.168621] ... event mask:             000000000000003f
[    0.169385] signal: max sigframe size: 3376
[    0.169665] rcu: Hierarchical SRCU implementation.
[    0.170256] rcu: Max phase no-delay instances is 400.
[    0.170694] Timer migration: 2 hierarchy levels; 8 children per group; 2 crossnode level
[    0.175318] smp: Bringing up secondary CPUs ...
[    0.175799] smpboot: x86: Booting SMP configuration:
[    0.176412] .... node  #0, CPUs:        #1  #2  #3  #4  #5  #6  #7  #8  #9 #10 #11 #12 #13 #14 #15 #16 #17 #18 #19 #20 #21 #22 #23 #24 #25 #26 #27 #28 #29 #30 #31
[    0.203736] smp: Brought up 1 node, 32 CPUs
[    0.205151] smpboot: Total of 32 processors activated (287459.58 BogoMIPS)
[    0.209640] Memory: 763404K/1048056K available (45056K kernel code, 11449K rwdata, 10076K rodata, 6048K init, 1652K bss, 269008K reserved, 0K cma-reserved)
[    0.210738] devtmpfs: initialized
[    0.211201] x86/mm: Memory block size: 128MB
[    0.217340] clocksource: jiffies: mask: 0xffffffff max_cycles: 0xffffffff, max_idle_ns: 1911260446275000 ns
[    0.217626] futex hash table entries: 8192 (order: 7, 524288 bytes, linear)
[    0.218844] PM: RTC time: 21:27:35, date: 2024-12-11
[    0.220143] NET: Registered PF_NETLINK/PF_ROUTE protocol family
[    0.221453] thermal_sys: Registered thermal governor 'step_wise'
[    0.221455] thermal_sys: Registered thermal governor 'user_space'
[    0.221648] cpuidle: using governor menu
[    0.223939] PCI: Using configuration type 1 for base access
[    0.224622] PCI: Using configuration type 1 for extended access
[    0.225489] kprobes: kprobe jump-optimization is enabled. All kprobes are optimized if possible.
[    0.242695] HugeTLB: registered 1.00 GiB page size, pre-allocated 0 pages
[    0.243602] HugeTLB: 16380 KiB vmemmap can be freed for a 1.00 GiB page
[    0.243622] HugeTLB: registered 2.00 MiB page size, pre-allocated 0 pages
[    0.244476] HugeTLB: 28 KiB vmemmap can be freed for a 2.00 MiB page
[    0.245957] ACPI: Added _OSI(Module Device)
[    0.246623] ACPI: Added _OSI(Processor Device)
[    0.247192] ACPI: Added _OSI(3.0 _SCP Extensions)
[    0.247622] ACPI: Added _OSI(Processor Aggregator Device)
[    0.270449] ACPI: 1 ACPI AML tables successfully acquired and loaded
[    0.275447] ACPI: Interpreter enabled
[    0.276679] ACPI: PM: (supports S0 S3 S4 S5)
[    0.277208] ACPI: Using IOAPIC for interrupt routing
[    0.277668] PCI: Using host bridge windows from ACPI; if necessary, use "pci=nocrs" and report a bug
[    0.278621] PCI: Using E820 reservations for host bridge windows
[    0.280383] ACPI: Enabled 2 GPEs in block 00 to 0F
[    0.324981] ACPI: PCI Root Bridge [PCI0] (domain 0000 [bus 00-ff])
[    0.325635] acpi PNP0A03:00: _OSC: OS supports [ExtendedConfig ASPM ClockPM Segments MSI HPX-Type3]
[    0.328095] PCI host bridge to bus 0000:00
[    0.328661] pci_bus 0000:00: root bus resource [io  0x0000-0x0cf7 window]
[    0.329504] pci_bus 0000:00: root bus resource [io  0x0d00-0xffff window]
[    0.329624] pci_bus 0000:00: root bus resource [mem 0x000a0000-0x000bffff window]
[    0.330551] pci_bus 0000:00: root bus resource [mem 0x40000000-0xfebfffff window]
[    0.331624] pci_bus 0000:00: root bus resource [mem 0x100000000-0x17fffffff window]
[    0.332573] pci_bus 0000:00: root bus resource [bus 00-ff]
[    0.333716] pci 0000:00:00.0: [8086:1237] type 00 class 0x060000 conventional PCI endpoint
[    0.335440] pci 0000:00:01.0: [8086:7000] type 00 class 0x060100 conventional PCI endpoint
[    0.337484] pci 0000:00:01.1: [8086:7010] type 00 class 0x010180 conventional PCI endpoint
[    0.340307] pci 0000:00:01.1: BAR 4 [io  0xc0c0-0xc0cf]
[    0.341318] pci 0000:00:01.1: BAR 0 [io  0x01f0-0x01f7]: legacy IDE quirk
[    0.342622] pci 0000:00:01.1: BAR 1 [io  0x03f6]: legacy IDE quirk
[    0.343385] pci 0000:00:01.1: BAR 2 [io  0x0170-0x0177]: legacy IDE quirk
[    0.343622] pci 0000:00:01.1: BAR 3 [io  0x0376]: legacy IDE quirk
[    0.345030] pci 0000:00:01.3: [8086:7113] type 00 class 0x068000 conventional PCI endpoint
[    0.346874] pci 0000:00:01.3: quirk: [io  0x0600-0x063f] claimed by PIIX4 ACPI
[    0.347626] pci 0000:00:01.3: quirk: [io  0x0700-0x070f] claimed by PIIX4 SMB
[    0.349197] pci 0000:00:02.0: [1af4:1009] type 00 class 0x000200 conventional PCI endpoint
[    0.349978] pci 0000:00:02.0: BAR 0 [io  0xc000-0xc03f]
[    0.350979] pci 0000:00:02.0: BAR 1 [mem 0xfebfc000-0xfebfcfff]
[    0.354622] pci 0000:00:02.0: BAR 4 [mem 0xfebf0000-0xfebf3fff 64bit pref]
[    0.366883] pci 0000:00:03.0: [1af4:1009] type 00 class 0x000200 conventional PCI endpoint
[    0.368935] pci 0000:00:03.0: BAR 0 [io  0xc040-0xc07f]
[    0.369747] pci 0000:00:03.0: BAR 1 [mem 0xfebfd000-0xfebfdfff]
[    0.371266] pci 0000:00:03.0: BAR 4 [mem 0xfebf4000-0xfebf7fff 64bit pref]
[    0.382691] pci 0000:00:04.0: [8086:25ab] type 00 class 0x088000 conventional PCI endpoint
[    0.383762] pci 0000:00:04.0: BAR 0 [mem 0xfebfe000-0xfebfe00f]
[    0.396650] pci 0000:00:05.0: [1af4:1003] type 00 class 0x078000 conventional PCI endpoint
[    0.397903] pci 0000:00:05.0: BAR 0 [io  0xc080-0xc0bf]
[    0.398732] pci 0000:00:05.0: BAR 1 [mem 0xfebff000-0xfebfffff]
[    0.400206] pci 0000:00:05.0: BAR 4 [mem 0xfebf8000-0xfebfbfff 64bit pref]
[    0.413823] ACPI: PCI: Interrupt link LNKA configured for IRQ 10
[    0.415472] ACPI: PCI: Interrupt link LNKB configured for IRQ 10
[    0.417490] ACPI: PCI: Interrupt link LNKC configured for IRQ 11
[    0.418490] ACPI: PCI: Interrupt link LNKD configured for IRQ 11
[    0.419999] ACPI: PCI: Interrupt link LNKS configured for IRQ 9
[    0.437977] iommu: Default domain type: Translated
[    0.438579] iommu: DMA domain TLB invalidation policy: lazy mode
[    0.440056] SCSI subsystem initialized
[    0.440831] pps_core: LinuxPPS API ver. 1 registered
[    0.441446] pps_core: Software ver. 5.3.6 - Copyright 2005-2007 Rodolfo Giometti <giometti@linux.it>
[    0.442636] PTP clock support registered
[    0.443730] Advanced Linux Sound Architecture Driver Initialized.
[    0.444697] NET: Registered PF_ATMPVC protocol family
[    0.445334] NET: Registered PF_ATMSVC protocol family
[    0.446657] PCI: Using ACPI for IRQ routing
[    0.447318] vgaarb: loaded
[    0.447739] hpet0: at MMIO 0xfed00000, IRQs 2, 8, 0
[    0.448347] hpet0: 3 comparators, 64-bit 100.000000 MHz counter
[    0.453939] clocksource: Switched to clocksource kvm-clock
[    0.455132] VFS: Disk quotas dquot_6.6.0
[    0.455646] VFS: Dquot-cache hash table entries: 512 (order 0, 4096 bytes)
[    0.457158] pnp: PnP ACPI init
[    0.463677] pnp: PnP ACPI: found 5 devices
[    0.475353] clocksource: acpi_pm: mask: 0xffffff max_cycles: 0xffffff, max_idle_ns: 2085701024 ns
[    0.476520] NET: Registered PF_INET protocol family
[    0.477250] IP idents hash table entries: 16384 (order: 5, 131072 bytes, linear)
[    0.478554] tcp_listen_portaddr_hash hash table entries: 512 (order: 1, 8192 bytes, linear)
[    0.479600] Table-perturb hash table entries: 65536 (order: 6, 262144 bytes, linear)
[    0.480576] TCP established hash table entries: 8192 (order: 4, 65536 bytes, linear)
[    0.481540] TCP bind hash table entries: 8192 (order: 6, 262144 bytes, linear)
[    0.482437] TCP: Hash tables configured (established 8192 bind 8192)
[    0.483379] UDP hash table entries: 512 (order: 3, 32768 bytes, linear)
[    0.484235] UDP-Lite hash table entries: 512 (order: 3, 32768 bytes, linear)
[    0.485318] NET: Registered PF_UNIX/PF_LOCAL protocol family
[    0.486041] pci_bus 0000:00: resource 4 [io  0x0000-0x0cf7 window]
[    0.486807] pci_bus 0000:00: resource 5 [io  0x0d00-0xffff window]
[    0.487575] pci_bus 0000:00: resource 6 [mem 0x000a0000-0x000bffff window]
[    0.488422] pci_bus 0000:00: resource 7 [mem 0x40000000-0xfebfffff window]
[    0.489269] pci_bus 0000:00: resource 8 [mem 0x100000000-0x17fffffff window]
[    0.490326] pci 0000:00:01.0: PIIX3: Enabling Passive Release
[    0.491044] pci 0000:00:00.0: Limiting direct PCI/PCI transfers
[    0.491812] PCI: CLS 0 bytes, default 64
[    0.492503] kvm_intel: VMX not supported by CPU 12
[    0.493116] kvm_amd: TSC scaling supported
[    0.493627] kvm_amd: Nested Virtualization enabled
[    0.494212] kvm_amd: Nested Paging enabled
[    0.494725] kvm_amd: LBR virtualization supported
[    0.495317] kvm_amd: Virtual GIF supported
[    0.495822] kvm_amd: Virtual NMI enabled
[    0.534633] clocksource: tsc: mask: 0xffffffffffffffff max_cycles: 0x40be400eb43, max_idle_ns: 440795366972 ns
[    0.554029] Initialise system trusted keyrings
[    0.554696] workingset: timestamp_bits=56 max_order=18 bucket_order=0
[    0.555616] squashfs: version 4.0 (2009/01/31) Phillip Lougher
[    0.556356] fuse: init (API version 7.41)
[    0.556996] 9p: Installing v9fs 9p2000 file system support
[    0.566749] Key type asymmetric registered
[    0.567266] Asymmetric key parser 'x509' registered
[    0.567937] Block layer SCSI generic (bsg) driver version 0.4 loaded (major 249)
[    0.568890] io scheduler mq-deadline registered
[    0.569458] io scheduler kyber registered
[    0.572042] input: Power Button as /devices/LNXSYSTM:00/LNXPWRBN:00/input/input0
[    0.573185] ACPI: button: Power Button [PWRF]
[    0.575051] Warning: Processor Platform Limit event detected, but not handled.
[    0.575964] Consider compiling CPUfreq support into your kernel.
[    1.376524] ACPI: \_SB_.LNKB: Enabled at IRQ 10
[    2.168642] ACPI: \_SB_.LNKC: Enabled at IRQ 11
[    2.960585] ACPI: \_SB_.LNKA: Enabled at IRQ 10
[    2.961924] Serial: 8250/16550 driver, 4 ports, IRQ sharing enabled
[    2.963030] 00:03: ttyS0 at I/O 0x3f8 (irq = 4, base_baud = 115200) is a 16550A
[    2.985564] Non-volatile memory driver v1.3
[    2.986094] Linux agpgart interface v0.103
[    2.986790] ACPI: bus type drm_connector registered
[    2.987420] printk: legacy console [hvc0] enabled
[    2.988024] printk: legacy bootconsole [earlyser0] disabled
          _      _                                    
   __   _(_)_ __| |_ _ __ ___   ___       _ __   __ _ 
   \ \ / / |  __| __|  _   _ \ / _ \_____|  _ \ / _  |
    \ V /| | |  | |_| | | | | |  __/_____| | | | (_| |
     \_/ |_|_|   \__|_| |_| |_|\___|     |_| |_|\__  |
                                                |___/ 
   kernel version: 6.13.0-rc1-virtme x86_64
   (CTRL+d to exit)

root@virtme-ng:/nipa-data/kernel# PS1='xx__-> '
xx__-> env
PWD=/nipa-data/kernel
nr_open=1048576
HOME=/
TERM=xterm
SHLVL=2
XDG_RUNTIME_DIR=/run/user/0
PATH=/bin:/sbin:/usr/bin:/usr/sbin:/usr/local/bin
OLDPWD=/
_=/bin/env
xx__-> 