No EFI environment detected.
early console in extract_kernel
input_data: 0x00000000029f72b9
input_len: 0x0000000000ad709c
output: 0x0000000001000000
output_len: 0x0000000002488898
kernel_total_size: 0x0000000002230000
needed_size: 0x0000000002600000
trampoline_32bit: 0x0000000000000000
Physical KASLR using RDRAND RDTSC...
Virtual KASLR using RDRAND RDTSC...

Decompressing Linux... Parsing ELF... Performing relocations... done.
Booting the kernel (entry_offset: 0x0000000000000000).
[    0.000000] Linux version 6.8.0-rc6-virtme (root@f6355e192342) (gcc (Alpine 13.2.1_git20231014) 13.2.1 20231014, GNU ld (GNU Binutils) 2.42) #1 SMP PREEMPT_DYNAMIC Mon Mar  4 12:06:12 UTC 2024
[    0.000000] Command line: virtme_hostname=virtme-ng virtme_link_mods=/nipa-data/kernel/.virtme_mods/lib/modules/0.0.0 virtme_initmount0=nipa-data/kernel virtme_rw_overlay0=/etc virtme_rw_overlay1=/lib virtme_rw_overlay2=/home virtme_rw_overlay3=/opt virtme_rw_overlay4=/srv virtme_rw_overlay5=/usr virtme_rw_overlay6=/var earlyprintk=serial,ttyS0,115200 console=ttyS0 psmouse.proto=exps TERM=xterm virtme_chdir=nipa-data/kernel virtme_root_user=1 rootfstype=9p rootflags=version=9p2000.L,trans=virtio,access=any raid=noautodetect ro init=/usr/lib/python3.11/site-packages/virtme/guest/virtme-init
[    0.000000] BIOS-provided physical RAM map:
[    0.000000] BIOS-e820: [mem 0x0000000000000000-0x000000000009fbff] usable
[    0.000000] BIOS-e820: [mem 0x000000000009fc00-0x000000000009ffff] reserved
[    0.000000] BIOS-e820: [mem 0x00000000000f0000-0x00000000000fffff] reserved
[    0.000000] BIOS-e820: [mem 0x0000000000100000-0x000000003ffdffff] usable
[    0.000000] BIOS-e820: [mem 0x000000003ffe0000-0x000000003fffffff] reserved
[    0.000000] BIOS-e820: [mem 0x00000000feffc000-0x00000000feffffff] reserved
[    0.000000] BIOS-e820: [mem 0x00000000fffc0000-0x00000000ffffffff] reserved
[    0.000000] BIOS-e820: [mem 0x000000fd00000000-0x000000ffffffffff] reserved
[    0.000000] printk: legacy bootconsole [earlyser0] enabled
[    0.000000] NX (Execute Disable) protection: active
[    0.000000] APIC: Static calls initialized
[    0.000000] SMBIOS 3.0.0 present.
[    0.000000] DMI: QEMU Standard PC (i440FX + PIIX, 1996), BIOS rel-1.16.3-0-ga6ed6b701f0a-prebuilt.qemu.org 04/01/2014
[    0.000000] Hypervisor detected: KVM
[    0.000000] kvm-clock: Using msrs 4b564d01 and 4b564d00
[    0.000000] kvm-clock: using sched offset of 223315378 cycles
[    0.000396] clocksource: kvm-clock: mask: 0xffffffffffffffff max_cycles: 0x1cd42e4dffb, max_idle_ns: 881590591483 ns
[    0.001623] tsc: Detected 4491.536 MHz processor
[    0.002241] last_pfn = 0x3ffe0 max_arch_pfn = 0x400000000
[    0.002675] MTRR map: 4 entries (3 fixed + 1 variable; max 19), built from 8 variable MTRRs
[    0.003305] x86/PAT: Configuration [0-7]: WB  WC  UC- UC  WB  WP  UC- WT  
Memory KASLR using RDRAND RDTSC...
[    0.005410] found SMP MP-table at [mem 0x000f5470-0x000f547f]
[    0.005848] Using GB pages for direct mapping
[    0.006214] ACPI: Early table checksum verification disabled
[    0.006645] ACPI: RSDP 0x00000000000F5290 000014 (v00 BOCHS )
[    0.007079] ACPI: RSDT 0x000000003FFE27B6 000034 (v01 BOCHS  BXPC     00000001 BXPC 00000001)
[    0.007725] ACPI: FACP 0x000000003FFE2572 000074 (v01 BOCHS  BXPC     00000001 BXPC 00000001)
[    0.008369] ACPI: DSDT 0x000000003FFE0040 002532 (v01 BOCHS  BXPC     00000001 BXPC 00000001)
[    0.009012] ACPI: FACS 0x000000003FFE0000 000040
[    0.009360] ACPI: APIC 0x000000003FFE25E6 000170 (v03 BOCHS  BXPC     00000001 BXPC 00000001)
[    0.010002] ACPI: HPET 0x000000003FFE2756 000038 (v01 BOCHS  BXPC     00000001 BXPC 00000001)
[    0.010647] ACPI: WAET 0x000000003FFE278E 000028 (v01 BOCHS  BXPC     00000001 BXPC 00000001)
[    0.011289] ACPI: Reserving FACP table memory at [mem 0x3ffe2572-0x3ffe25e5]
[    0.011819] ACPI: Reserving DSDT table memory at [mem 0x3ffe0040-0x3ffe2571]
[    0.012349] ACPI: Reserving FACS table memory at [mem 0x3ffe0000-0x3ffe003f]
[    0.012877] ACPI: Reserving APIC table memory at [mem 0x3ffe25e6-0x3ffe2755]
[    0.013407] ACPI: Reserving HPET table memory at [mem 0x3ffe2756-0x3ffe278d]
[    0.013936] ACPI: Reserving WAET table memory at [mem 0x3ffe278e-0x3ffe27b5]
[    0.014612] No NUMA configuration found
[    0.014904] Faking a node at [mem 0x0000000000000000-0x000000003ffdffff]
[    0.015409] NODE_DATA(0) allocated [mem 0x3ffdb000-0x3ffdffff]
[    0.015859] Zone ranges:
[    0.016049]   DMA      [mem 0x0000000000001000-0x0000000000ffffff]
[    0.016515]   DMA32    [mem 0x0000000001000000-0x000000003ffdffff]
[    0.016984]   Normal   empty
[    0.017199]   Device   empty
[    0.017415] Movable zone start for each node
[    0.017736] Early memory node ranges
[    0.018005]   node   0: [mem 0x0000000000001000-0x000000000009efff]
[    0.018479]   node   0: [mem 0x0000000000100000-0x000000003ffdffff]
[    0.018950] Initmem setup node 0 [mem 0x0000000000001000-0x000000003ffdffff]
[    0.019482] On node 0, zone DMA: 1 pages in unavailable ranges
[    0.019930] On node 0, zone DMA: 97 pages in unavailable ranges
[    0.021321] On node 0, zone DMA32: 32 pages in unavailable ranges
[    0.021976] ACPI: PM-Timer IO Port: 0x608
[    0.022281] ACPI: LAPIC_NMI (acpi_id[0xff] dfl dfl lint[0x1])
[    0.022733] IOAPIC[0]: apic_id 0, version 17, address 0xfec00000, GSI 0-23
[    0.023253] ACPI: INT_SRC_OVR (bus 0 bus_irq 0 global_irq 2 dfl dfl)
[    0.023732] ACPI: INT_SRC_OVR (bus 0 bus_irq 5 global_irq 5 high level)
[    0.024231] ACPI: INT_SRC_OVR (bus 0 bus_irq 9 global_irq 9 high level)
[    0.024729] ACPI: INT_SRC_OVR (bus 0 bus_irq 10 global_irq 10 high level)
[    0.025244] ACPI: INT_SRC_OVR (bus 0 bus_irq 11 global_irq 11 high level)
[    0.025759] ACPI: Using ACPI (MADT) for SMP configuration information
[    0.026243] ACPI: HPET id: 0x8086a201 base: 0xfed00000
[    0.026633] TSC deadline timer available
[    0.026928] smpboot: Allowing 32 CPUs, 0 hotplug CPUs
[    0.027316] kvm-guest: APIC: eoi() replaced with kvm_guest_apic_eoi_write()
[    0.027845] kvm-guest: KVM setup pv remote TLB flush
[    0.028219] kvm-guest: setup PV sched yield
[    0.028536] PM: hibernation: Registered nosave memory: [mem 0x00000000-0x00000fff]
[    0.029105] PM: hibernation: Registered nosave memory: [mem 0x0009f000-0x0009ffff]
[    0.029673] PM: hibernation: Registered nosave memory: [mem 0x000a0000-0x000effff]
[    0.030241] PM: hibernation: Registered nosave memory: [mem 0x000f0000-0x000fffff]
[    0.030812] [mem 0x40000000-0xfeffbfff] available for PCI devices
[    0.031273] Booting paravirtualized kernel on KVM
[    0.031629] clocksource: refined-jiffies: mask: 0xffffffff max_cycles: 0xffffffff, max_idle_ns: 1910969940391419 ns
[    0.035281] setup_percpu: NR_CPUS:64 nr_cpumask_bits:32 nr_cpu_ids:32 nr_node_ids:1
[    0.036428] percpu: Embedded 56 pages/cpu s191784 r8192 d29400 u262144
[    0.036950] Kernel command line: virtme_hostname=virtme-ng virtme_link_mods=/nipa-data/kernel/.virtme_mods/lib/modules/0.0.0 virtme_initmount0=nipa-data/kernel virtme_rw_overlay0=/etc virtme_rw_overlay1=/lib virtme_rw_overlay2=/home virtme_rw_overlay3=/opt virtme_rw_overlay4=/srv virtme_rw_overlay5=/usr virtme_rw_overlay6=/var earlyprintk=serial,ttyS0,115200 console=ttyS0 psmouse.proto=exps TERM=xterm virtme_chdir=nipa-data/kernel virtme_root_user=1 rootfstype=9p rootflags=version=9p2000.L,trans=virtio,access=any raid=noautodetect ro init=/usr/lib/python3.11/site-packages/virtme/guest/virtme-init
[    0.041124] Unknown kernel command line parameters "virtme_hostname=virtme-ng virtme_link_mods=/nipa-data/kernel/.virtme_mods/lib/modules/0.0.0 virtme_initmount0=nipa-data/kernel virtme_rw_overlay0=/etc virtme_rw_overlay1=/lib virtme_rw_overlay2=/home virtme_rw_overlay3=/opt virtme_rw_overlay4=/srv virtme_rw_overlay5=/usr virtme_rw_overlay6=/var virtme_chdir=nipa-data/kernel virtme_root_user=1", will be passed to user space.
[    0.044264] random: crng init done
[    0.044564] Dentry cache hash table entries: 131072 (order: 8, 1048576 bytes, linear)
[    0.045198] Inode-cache hash table entries: 65536 (order: 7, 524288 bytes, linear)
[    0.045880] Fallback order for Node 0: 0 
[    0.045882] Built 1 zonelists, mobility grouping on.  Total pages: 257760
[    0.046737] Policy zone: DMA32
[    0.046976] mem auto-init: stack:all(zero), heap alloc:off, heap free:off
[    0.048260] Memory: 986868K/1048056K available (16384K kernel code, 2352K rwdata, 5936K rodata, 2988K init, 2336K bss, 60928K reserved, 0K cma-reserved)
[    0.049356] SLUB: HWalign=64, Order=0-3, MinObjects=0, CPUs=32, Nodes=1
Poking KASLR using RDRAND RDTSC...
[    0.050131] ftrace: allocating 46306 entries in 181 pages
[    0.057094] ftrace: allocated 181 pages with 5 groups
[    0.058147] Dynamic Preempt: voluntary
[    0.058613] rcu: Preemptible hierarchical RCU implementation.
[    0.059060] rcu: RCU event tracing is enabled.
[    0.059412] rcu: RCU restricting CPUs from NR_CPUS=64 to nr_cpu_ids=32.
[    0.059932] Trampoline variant of Tasks RCU enabled.
[    0.060324] Rude variant of Tasks RCU enabled.
[    0.060675] Tracing variant of Tasks RCU enabled.
[    0.061046] rcu: RCU calculated value of scheduler-enlistment delay is 100 jiffies.
[    0.061640] rcu: Adjusting geometry for rcu_fanout_leaf=16, nr_cpu_ids=32
[    0.063501] NR_IRQS: 4352, nr_irqs: 680, preallocated irqs: 16
[    0.064234] rcu: srcu_init: Setting srcu_struct sizes based on contention.
[    0.064902] Console: colour *CGA 80x25
[    0.065209] printk: legacy console [ttyS0] enabled
[    0.065209] printk: legacy console [ttyS0] enabled
[    0.065949] printk: legacy bootconsole [earlyser0] disabled
[    0.065949] printk: legacy bootconsole [earlyser0] disabled
[    0.066822] ACPI: Core revision 20230628
[    0.067200] clocksource: hpet: mask: 0xffffffff max_cycles: 0xffffffff, max_idle_ns: 19112604467 ns
[    0.067965] APIC: Switch to symmetric I/O mode setup
[    0.068366] APIC: Switched APIC routing to: physical flat
[    0.068789] kvm-guest: APIC: send_IPI_mask() replaced with kvm_send_ipi_mask()
[    0.069338] kvm-guest: APIC: send_IPI_mask_allbutself() replaced with kvm_send_ipi_mask_allbutself()
[    0.070048] kvm-guest: setup PV IPIs
[    0.071134] ..TIMER: vector=0x30 apic1=0 pin1=2 apic2=-1 pin2=-1
[    0.071960] tsc: Marking TSC unstable due to TSCs unsynchronized
[    0.072771] Calibrating delay loop (skipped) preset value.. 8983.07 BogoMIPS (lpj=4491536)
[    0.074772] x86/cpu: User Mode Instruction Prevention (UMIP) activated
[    0.075705] Last level iTLB entries: 4KB 512, 2MB 255, 4MB 127
[    0.075770] Last level dTLB entries: 4KB 512, 2MB 255, 4MB 127, 1GB 0
[    0.076772] Spectre V1 : Mitigation: usercopy/swapgs barriers and __user pointer sanitization
[    0.077773] Spectre V2 : Mitigation: Enhanced / Automatic IBRS
[    0.078769] Spectre V2 : Spectre v2 / SpectreRSB mitigation: Filling RSB on context switch
[    0.079771] Spectre V2 : mitigation: Enabling conditional Indirect Branch Prediction Barrier
[    0.080771] Speculative Store Bypass: Mitigation: Speculative Store Bypass disabled via prctl
[    0.081770] Speculative Return Stack Overflow: IBPB-extending microcode not applied!
[    0.082769] Speculative Return Stack Overflow: WARNING: See https://kernel.org/doc/html/latest/admin-guide/hw-vuln/srso.html for mitigation options.
[    0.082770] Speculative Return Stack Overflow: Vulnerable: Safe RET, no microcode
[    0.084785] x86/fpu: Supporting XSAVE feature 0x001: 'x87 floating point registers'
[    0.085769] x86/fpu: Supporting XSAVE feature 0x002: 'SSE registers'
[    0.086769] x86/fpu: Supporting XSAVE feature 0x004: 'AVX registers'
[    0.087769] x86/fpu: Supporting XSAVE feature 0x020: 'AVX-512 opmask'
[    0.088769] x86/fpu: Supporting XSAVE feature 0x040: 'AVX-512 Hi256'
[    0.089769] x86/fpu: Supporting XSAVE feature 0x080: 'AVX-512 ZMM_Hi256'
[    0.090769] x86/fpu: Supporting XSAVE feature 0x200: 'Protection Keys User registers'
[    0.091770] x86/fpu: xstate_offset[2]:  576, xstate_sizes[2]:  256
[    0.092769] x86/fpu: xstate_offset[5]:  832, xstate_sizes[5]:   64
[    0.093583] x86/fpu: xstate_offset[6]:  896, xstate_sizes[6]:  512
[    0.093769] x86/fpu: xstate_offset[7]: 1408, xstate_sizes[7]: 1024
[    0.094769] x86/fpu: xstate_offset[9]: 2432, xstate_sizes[9]:    8
[    0.095769] x86/fpu: Enabled xstate features 0x2e7, context size is 2440 bytes, using 'compacted' format.
[    0.112280] Freeing SMP alternatives memory: 40K
[    0.112770] pid_max: default: 32768 minimum: 301
[    0.113411] Mount-cache hash table entries: 2048 (order: 2, 16384 bytes, linear)
[    0.113770] Mountpoint-cache hash table entries: 2048 (order: 2, 16384 bytes, linear)
[    0.114948] smpboot: CPU0: AMD Ryzen 9 7950X 16-Core Processor (family: 0x19, model: 0x61, stepping: 0x2)
[    0.115859] RCU Tasks: Setting shift to 5 and lim to 1 rcu_task_cb_adjust=1.
[    0.116779] RCU Tasks Rude: Setting shift to 5 and lim to 1 rcu_task_cb_adjust=1.
[    0.117778] RCU Tasks Trace: Setting shift to 5 and lim to 1 rcu_task_cb_adjust=1.
[    0.118779] Performance Events: Fam17h+ core perfctr, AMD PMU driver.
[    0.119659] ... version:                0
[    0.119771] ... bit width:              48
[    0.120316] ... generic registers:      6
[    0.120771] ... value mask:             0000ffffffffffff
[    0.121475] ... max period:             00007fffffffffff
[    0.121771] ... fixed-purpose events:   0
[    0.122303] ... event mask:             000000000000003f
[    0.122841] signal: max sigframe size: 3376
[    0.123412] rcu: Hierarchical SRCU implementation.
[    0.123771] rcu: Max phase no-delay instances is 400.
[    0.126799] smp: Bringing up secondary CPUs ...
[    0.127467] smpboot: x86: Booting SMP configuration:
[    0.127772] .... node  #0, CPUs:        #1  #2  #3  #4  #5  #6  #7  #8  #9 #10 #11 #12 #13 #14 #15 #16 #17 #18 #19 #20 #21 #22 #23 #24 #25 #26 #27 #28 #29 #30 #31
[    0.149940] smp: Brought up 1 node, 32 CPUs
[    0.152335] smpboot: Max logical packages: 1
[    0.152772] smpboot: Total of 32 processors activated (287458.30 BogoMIPS)
[    0.162832] devtmpfs: initialized
[    0.163264] x86/mm: Memory block size: 128MB
[    0.164529] clocksource: jiffies: mask: 0xffffffff max_cycles: 0xffffffff, max_idle_ns: 1911260446275000 ns
[    0.164774] futex hash table entries: 8192 (order: 7, 524288 bytes, linear)
[    0.165854] PM: RTC time: 12:06:40, date: 2024-03-04
[    0.166955] NET: Registered PF_NETLINK/PF_ROUTE protocol family
[    0.167896] thermal_sys: Registered thermal governor 'step_wise'
[    0.167897] thermal_sys: Registered thermal governor 'user_space'
[    0.168782] cpuidle: using governor menu
[    0.170895] PCI: Using configuration type 1 for base access
[    0.171685] PCI: Using configuration type 1 for extended access
[    0.171836] kprobes: kprobe jump-optimization is enabled. All kprobes are optimized if possible.
[    0.188150] HugeTLB: registered 1.00 GiB page size, pre-allocated 0 pages
[    0.188771] HugeTLB: 16380 KiB vmemmap can be freed for a 1.00 GiB page
[    0.189688] HugeTLB: registered 2.00 MiB page size, pre-allocated 0 pages
[    0.189771] HugeTLB: 28 KiB vmemmap can be freed for a 2.00 MiB page
[    0.193815] ACPI: Added _OSI(Module Device)
[    0.194397] ACPI: Added _OSI(Processor Device)
[    0.194772] ACPI: Added _OSI(3.0 _SCP Extensions)
[    0.195408] ACPI: Added _OSI(Processor Aggregator Device)
[    0.196494] ACPI: 1 ACPI AML tables successfully acquired and loaded
[    0.197335] ACPI: _OSC evaluation for CPUs failed, trying _PDC
[    0.197908] ACPI: Interpreter enabled
[    0.198402] ACPI: PM: (supports S0 S3 S4 S5)
[    0.198771] ACPI: Using IOAPIC for interrupt routing
[    0.199445] PCI: Using host bridge windows from ACPI; if necessary, use "pci=nocrs" and report a bug
[    0.199771] PCI: Using E820 reservations for host bridge windows
[    0.200651] ACPI: Enabled 2 GPEs in block 00 to 0F
[    0.203436] ACPI: PCI Root Bridge [PCI0] (domain 0000 [bus 00-ff])
[    0.203774] acpi PNP0A03:00: _OSC: OS supports [ExtendedConfig ASPM ClockPM Segments MSI HPX-Type3]
[    0.204862] PCI host bridge to bus 0000:00
[    0.205421] pci_bus 0000:00: root bus resource [io  0x0000-0x0cf7 window]
[    0.205772] pci_bus 0000:00: root bus resource [io  0x0d00-0xffff window]
[    0.206678] pci_bus 0000:00: root bus resource [mem 0x000a0000-0x000bffff window]
[    0.206771] pci_bus 0000:00: root bus resource [mem 0x40000000-0xfebfffff window]
[    0.207772] pci_bus 0000:00: root bus resource [mem 0x100000000-0x17fffffff window]
[    0.208771] pci_bus 0000:00: root bus resource [bus 00-ff]
[    0.209596] pci 0000:00:00.0: [8086:1237] type 00 class 0x060000 conventional PCI endpoint
[    0.210042] pci 0000:00:01.0: [8086:7000] type 00 class 0x060100 conventional PCI endpoint
[    0.211096] pci 0000:00:01.1: [8086:7010] type 00 class 0x010180 conventional PCI endpoint
[    0.214012] pci 0000:00:01.1: BAR 4 [io  0xc080-0xc08f]
[    0.215497] pci 0000:00:01.1: BAR 0 [io  0x01f0-0x01f7]: legacy IDE quirk
[    0.215772] pci 0000:00:01.1: BAR 1 [io  0x03f6]: legacy IDE quirk
[    0.216631] pci 0000:00:01.1: BAR 2 [io  0x0170-0x0177]: legacy IDE quirk
[    0.216772] pci 0000:00:01.1: BAR 3 [io  0x0376]: legacy IDE quirk
[    0.217732] pci 0000:00:01.3: [8086:7113] type 00 class 0x068000 conventional PCI endpoint
[    0.218029] pci 0000:00:01.3: quirk: [io  0x0600-0x063f] claimed by PIIX4 ACPI
[    0.218776] pci 0000:00:01.3: quirk: [io  0x0700-0x070f] claimed by PIIX4 SMB
[    0.219951] pci 0000:00:02.0: [1af4:1009] type 00 class 0x000200 conventional PCI endpoint
[    0.221772] pci 0000:00:02.0: BAR 0 [io  0xc000-0xc03f]
[    0.223474] pci 0000:00:02.0: BAR 1 [mem 0xfebfd000-0xfebfdfff]
[    0.227772] pci 0000:00:02.0: BAR 4 [mem 0xfebf4000-0xfebf7fff 64bit pref]
[    0.230114] pci 0000:00:03.0: [1af4:1009] type 00 class 0x000200 conventional PCI endpoint
[    0.231772] pci 0000:00:03.0: BAR 0 [io  0xc040-0xc07f]
[    0.233447] pci 0000:00:03.0: BAR 1 [mem 0xfebfe000-0xfebfefff]
[    0.237496] pci 0000:00:03.0: BAR 4 [mem 0xfebf8000-0xfebfbfff 64bit pref]
[    0.239370] pci 0000:00:04.0: [8086:25ab] type 00 class 0x088000 conventional PCI endpoint
[    0.240289] pci 0000:00:04.0: BAR 0 [mem 0xfebff000-0xfebff00f]
[    0.244383] ACPI: PCI: Interrupt link LNKA configured for IRQ 10
[    0.244891] ACPI: PCI: Interrupt link LNKB configured for IRQ 10
[    0.245806] ACPI: PCI: Interrupt link LNKC configured for IRQ 11
[    0.246750] ACPI: PCI: Interrupt link LNKD configured for IRQ 11
[    0.246853] ACPI: PCI: Interrupt link LNKS configured for IRQ 9
[    0.248625] iommu: Default domain type: Translated
[    0.248771] iommu: DMA domain TLB invalidation policy: lazy mode
[    0.249661] SCSI subsystem initialized
[    0.249810] pps_core: LinuxPPS API ver. 1 registered
[    0.250512] pps_core: Software ver. 5.3.6 - Copyright 2005-2007 Rodolfo Giometti <giometti@linux.it>
[    0.250774] PTP clock support registered
[    0.251337] Advanced Linux Sound Architecture Driver Initialized.
[    0.252076] NET: Registered PF_ATMPVC protocol family
[    0.252772] NET: Registered PF_ATMSVC protocol family
[    0.253486] PCI: Using ACPI for IRQ routing
[    0.253849] vgaarb: loaded
[    0.254176] hpet0: at MMIO 0xfed00000, IRQs 2, 8, 0
[    0.254772] hpet0: 3 comparators, 64-bit 100.000000 MHz counter
[    0.258183] clocksource: Switched to clocksource kvm-clock
[    0.259063] VFS: Disk quotas dquot_6.6.0
[    0.259180] VFS: Dquot-cache hash table entries: 512 (order 0, 4096 bytes)
[    0.260669] pnp: PnP ACPI init
[    0.261362] pnp: PnP ACPI: found 5 devices
[    0.268700] clocksource: acpi_pm: mask: 0xffffff max_cycles: 0xffffff, max_idle_ns: 2085701024 ns
[    0.269929] NET: Registered PF_INET protocol family
[    0.270631] IP idents hash table entries: 16384 (order: 5, 131072 bytes, linear)
[    0.271913] tcp_listen_portaddr_hash hash table entries: 512 (order: 1, 8192 bytes, linear)
[    0.273108] Table-perturb hash table entries: 65536 (order: 6, 262144 bytes, linear)
[    0.274144] TCP established hash table entries: 8192 (order: 4, 65536 bytes, linear)
[    0.275197] TCP bind hash table entries: 8192 (order: 6, 262144 bytes, linear)
[    0.276158] TCP: Hash tables configured (established 8192 bind 8192)
[    0.277021] UDP hash table entries: 512 (order: 2, 16384 bytes, linear)
[    0.277897] UDP-Lite hash table entries: 512 (order: 2, 16384 bytes, linear)
[    0.278879] NET: Registered PF_UNIX/PF_LOCAL protocol family
[    0.279640] pci_bus 0000:00: resource 4 [io  0x0000-0x0cf7 window]
[    0.280461] pci_bus 0000:00: resource 5 [io  0x0d00-0xffff window]
[    0.281283] pci_bus 0000:00: resource 6 [mem 0x000a0000-0x000bffff window]
[    0.282195] pci_bus 0000:00: resource 7 [mem 0x40000000-0xfebfffff window]
[    0.283128] pci_bus 0000:00: resource 8 [mem 0x100000000-0x17fffffff window]
[    0.284086] pci 0000:00:01.0: PIIX3: Enabling Passive Release
[    0.284849] pci 0000:00:00.0: Limiting direct PCI/PCI transfers
[    0.285667] PCI: CLS 0 bytes, default 64
[    0.286220] kvm_intel: VMX not supported by CPU 0
[    0.287408] kvm_amd: TSC scaling supported
[    0.288115] kvm_amd: Nested Virtualization enabled
[    0.288825] kvm_amd: Nested Paging enabled
[    0.289418] kvm_amd: Virtual VMLOAD VMSAVE supported
[    0.290086] kvm_amd: Virtual GIF supported
[    0.290650] kvm_amd: Virtual NMI enabled
[    0.291187] kvm_amd: LBR virtualization supported
[    0.387403] workingset: timestamp_bits=56 max_order=18 bucket_order=0
[    0.388333] squashfs: version 4.0 (2009/01/31) Phillip Lougher
[    0.389131] fuse: init (API version 7.39)
[    0.389717] 9p: Installing v9fs 9p2000 file system support
[    0.390507] Key type asymmetric registered
[    0.391083] Block layer SCSI generic (bsg) driver version 0.4 loaded (major 249)
[    0.392087] io scheduler mq-deadline registered
[    0.392692] io scheduler kyber registered
[    0.394269] input: Power Button as /devices/LNXSYSTM:00/LNXPWRBN:00/input/input0
[    0.395334] ACPI: button: Power Button [PWRF]
[    0.395947] Warning: Processor Platform Limit event detected, but not handled.
[    0.396923] Consider compiling CPUfreq support into your kernel.
[    0.415317] ACPI: \_SB_.LNKB: Enabled at IRQ 10
[    0.433056] ACPI: \_SB_.LNKC: Enabled at IRQ 11
[    0.434319] Serial: 8250/16550 driver, 4 ports, IRQ sharing enabled
[    0.435290] 00:03: ttyS0 at I/O 0x3f8 (irq = 4, base_baud = 115200) is a 16550A
[    0.436659] Non-volatile memory driver v1.3
[    0.437250] Linux agpgart interface v0.103
[    0.437836] ACPI: bus type drm_connector registered
[    0.442849] loop: module loaded
[    0.443922] scsi host0: ata_piix
[    0.444507] scsi host1: ata_piix
[    0.444976] ata1: PATA max MWDMA2 cmd 0x1f0 ctl 0x3f6 bmdma 0xc080 irq 14 lpm-pol 0
[    0.446002] ata2: PATA max MWDMA2 cmd 0x170 ctl 0x376 bmdma 0xc088 irq 15 lpm-pol 0
[    0.447309] i8042: PNP: PS/2 Controller [PNP0303:KBD,PNP0f13:MOU] at 0x60,0x64 irq 1,12
[    0.449064] serio: i8042 KBD port at 0x60,0x64 irq 1
[    0.449732] serio: i8042 AUX port at 0x60,0x64 irq 12
[    0.450566] rtc_cmos 00:04: RTC can wake from S4
[    0.451628] input: AT Translated Set 2 keyboard as /devices/platform/i8042/serio0/input/input1
[    0.452914] rtc_cmos 00:04: registered as rtc0
[    0.453771] rtc_cmos 00:04: setting system clock to 2024-03-04T12:06:40 UTC (1709554000)
[    0.454978] rtc_cmos 00:04: alarms up to one day, y3k, 242 bytes nvram, hpet irqs
[    0.456308] i6300ESB timer 0000:00:04.0: initialized. heartbeat=30 sec (nowayout=0)
[    0.457506] device-mapper: ioctl: 4.48.0-ioctl (2023-03-01) initialised: dm-devel@redhat.com
[    0.459077] NET: Registered PF_PACKET protocol family
[    0.459776] 9pnet: Installing 9P2000 support
[    0.461129] Key type dns_resolver registered
[    0.462802] input: ImExPS/2 Generic Explorer Mouse as /devices/platform/i8042/serio1/input/input3
[    0.464960] IPI shorthand broadcast: enabled
[    0.467856] sched_clock: Marking stable (462001537, 4995797)->(514918751, -47921417)
[    0.469144] registered taskstats version 1
[    0.470711] PM:   Magic number: 0:617:126
[    0.471297] acpi device:01: hash matches
[    0.471830] printk: legacy console [netcon0] enabled
[    0.472509] netconsole: network logging started
[    0.473173] ALSA device list:
[    0.473577]   No soundcards found.
[    0.605162] ata2: found unknown device (class 0)
[    0.606501] ata2.00: ATAPI: QEMU DVD-ROM, 2.5+, max UDMA/100
[    0.608293] scsi 1:0:0:0: CD-ROM            QEMU     QEMU DVD-ROM     2.5+ PQ: 0 ANSI: 5
[    0.616429] scsi 1:0:0:0: Attached scsi generic sg0 type 5
[    0.617321] md: Skipping autodetection of RAID arrays. (raid=autodetect will force)
[    0.618401] 9pnet_virtio: no channels available for device 
[    0.619414] VFS: Mounted root (9p filesystem) readonly on device 0:19.
[    0.620290] devtmpfs: mounted
[    0.621248] Freeing unused kernel image (initmem) memory: 2988K
[    0.631001] Write protecting the kernel read-only data: 22528k
[    0.631982] Freeing unused kernel image (rodata/data gap) memory: 208K
[    0.662495] x86/mm: Checked W+X mappings: passed, no W+X pages found.
[    0.663237] Run /usr/lib/python3.11/site-packages/virtme/guest/virtme-init as init process
[    0.680891] mount (236) used greatest stack depth: 13480 bytes left
[    0.729023] mount (254) used greatest stack depth: 13064 bytes left
[    0.754350] mount (276) used greatest stack depth: 12984 bytes left
[    0.784820] virtme-init: basic initialization done
[    0.788669] virtme-init: udevd not found
[    0.826661] virtme-init: Setting hostname to virtme-ng...
[    0.834973] ip (330) used greatest stack depth: 12360 bytes left
          _      _                                    
   __   _(_)_ __| |_ _ __ ___   ___       _ __   __ _ 
   \ \ / / |  __| __|  _   _ \ / _ \_____|  _ \ / _  |
    \ V /| | |  | |_| | | | | |  __/_____| | | | (_| |
     \_/ |_|_|   \__|_| |_| |_|\___|     |_| |_|\__  |
                                                |___/ 
   kernel version: 6.8.0-rc6-virtme x86_64

virtme-ng:/nipa-data/kernel# PS1='xx__-> '
xx__-> env
PWD=/nipa-data/kernel
HOME=/
TERM=xterm
SHLVL=2
XDG_RUNTIME_DIR=/run/user/0
PATH=/bin:/sbin:/usr/bin:/usr/sbin:/usr/local/bin
OLDPWD=/
_=/usr/bin/env
xx__-> 