No EFI environment detected.
early console in extract_kernel
input_data: 0x0000000002be32c4
input_len: 0x0000000000b7134c
output: 0x0000000001000000
output_len: 0x000000000270cf08
kernel_total_size: 0x0000000002430000
needed_size: 0x0000000002800000
trampoline_32bit: 0x0000000000000000
Physical KASLR using RDRAND RDTSC...
Virtual KASLR using RDRAND RDTSC...

Decompressing Linux... Parsing ELF... Performing relocations... done.
Booting the kernel (entry_offset: 0x0000000000000000).
[    0.000000] Linux version 6.12.0-rc7-virtme (root@4e8288ce8cdb) (gcc (Ubuntu 13.2.0-23ubuntu4) 13.2.0, GNU ld (GNU Binutils for Ubuntu) 2.42) #1 SMP PREEMPT_DYNAMIC Sat Nov 16 12:06:22 UTC 2024
[    0.000000] Command line: virtme_hostname=virtme-ng nr_open=1048576 virtme_link_mods=/nipa-data/kernel/.virtme_mods/lib/modules/0.0.0 virtme_initmount0=nipa-data/kernel virtme_rw_overlay0=/etc virtme_rw_overlay1=/lib virtme_rw_overlay2=/home virtme_rw_overlay3=/opt virtme_rw_overlay4=/srv virtme_rw_overlay5=/usr virtme_rw_overlay6=/var console=hvc0 earlyprintk=serial,ttyS0,115200 virtme_console=ttyS0 psmouse.proto=exps TERM=xterm virtme_chdir=nipa-data/kernel virtme_root_user=1 rootfstype=9p rootflags=version=9p2000.L,trans=virtio,access=any raid=noautodetect ro init=/usr/lib/python3/dist-packages/virtme/guest/virtme-init
[    0.000000] BIOS-provided physical RAM map:
[    0.000000] BIOS-e820: [mem 0x0000000000000000-0x000000000009fbff] usable
[    0.000000] BIOS-e820: [mem 0x000000000009fc00-0x000000000009ffff] reserved
[    0.000000] BIOS-e820: [mem 0x00000000000f0000-0x00000000000fffff] reserved
[    0.000000] BIOS-e820: [mem 0x0000000000100000-0x000000003ffdffff] usable
[    0.000000] BIOS-e820: [mem 0x000000003ffe0000-0x000000003fffffff] reserved
[    0.000000] BIOS-e820: [mem 0x00000000feffc000-0x00000000feffffff] reserved
[    0.000000] BIOS-e820: [mem 0x00000000fffc0000-0x00000000ffffffff] reserved
[    0.000000] BIOS-e820: [mem 0x000000fd00000000-0x000000ffffffffff] reserved
[    0.000000] printk: legacy bootconsole [earlyser0] enabled
[    0.000000] NX (Execute Disable) protection: active
[    0.000000] APIC: Static calls initialized
[    0.000000] SMBIOS 3.0.0 present.
[    0.000000] DMI: QEMU Ubuntu 24.04 PC (i440FX + PIIX, 1996), BIOS 1.16.3-debian-1.16.3-2 04/01/2014
[    0.000000] DMI: Memory slots populated: 1/1
[    0.000000] Hypervisor detected: KVM
[    0.000000] kvm-clock: Using msrs 4b564d01 and 4b564d00
[    0.000000] kvm-clock: using sched offset of 184088785 cycles
[    0.000370] clocksource: kvm-clock: mask: 0xffffffffffffffff max_cycles: 0x1cd42e4dffb, max_idle_ns: 881590591483 ns
[    0.001525] tsc: Detected 4491.556 MHz processor
[    0.002113] last_pfn = 0x3ffe0 max_arch_pfn = 0x400000000
[    0.002517] MTRR map: 4 entries (3 fixed + 1 variable; max 19), built from 8 variable MTRRs
[    0.003114] x86/PAT: Configuration [0-7]: WB  WC  UC- UC  WB  WP  UC- WT  
Memory KASLR using RDRAND RDTSC...
[    0.005093] found SMP MP-table at [mem 0x000f5470-0x000f547f]
[    0.005514] Using GB pages for direct mapping
[    0.005891] ACPI: Early table checksum verification disabled
[    0.006291] ACPI: RSDP 0x00000000000F5290 000014 (v00 BOCHS )
[    0.006699] ACPI: RSDT 0x000000003FFE27BC 000034 (v01 BOCHS  BXPC     00000001 BXPC 00000001)
[    0.007303] ACPI: FACP 0x000000003FFE2578 000074 (v01 BOCHS  BXPC     00000001 BXPC 00000001)
[    0.007907] ACPI: DSDT 0x000000003FFE0040 002538 (v01 BOCHS  BXPC     00000001 BXPC 00000001)
[    0.008510] ACPI: FACS 0x000000003FFE0000 000040
[    0.008836] ACPI: APIC 0x000000003FFE25EC 000170 (v03 BOCHS  BXPC     00000001 BXPC 00000001)
[    0.009437] ACPI: HPET 0x000000003FFE275C 000038 (v01 BOCHS  BXPC     00000001 BXPC 00000001)
[    0.010043] ACPI: WAET 0x000000003FFE2794 000028 (v01 BOCHS  BXPC     00000001 BXPC 00000001)
[    0.010644] ACPI: Reserving FACP table memory at [mem 0x3ffe2578-0x3ffe25eb]
[    0.011141] ACPI: Reserving DSDT table memory at [mem 0x3ffe0040-0x3ffe2577]
[    0.011638] ACPI: Reserving FACS table memory at [mem 0x3ffe0000-0x3ffe003f]
[    0.012135] ACPI: Reserving APIC table memory at [mem 0x3ffe25ec-0x3ffe275b]
[    0.012630] ACPI: Reserving HPET table memory at [mem 0x3ffe275c-0x3ffe2793]
[    0.013127] ACPI: Reserving WAET table memory at [mem 0x3ffe2794-0x3ffe27bb]
[    0.013760] No NUMA configuration found
[    0.014031] Faking a node at [mem 0x0000000000000000-0x000000003ffdffff]
[    0.014505] NODE_DATA(0) allocated [mem 0x3ffdb780-0x3ffdffff]
[    0.014925] Zone ranges:
[    0.015104]   DMA      [mem 0x0000000000001000-0x0000000000ffffff]
[    0.015542]   DMA32    [mem 0x0000000001000000-0x000000003ffdffff]
[    0.015979]   Normal   empty
[    0.016182]   Device   empty
[    0.016385] Movable zone start for each node
[    0.016687] Early memory node ranges
[    0.016939]   node   0: [mem 0x0000000000001000-0x000000000009efff]
[    0.017382]   node   0: [mem 0x0000000000100000-0x000000003ffdffff]
[    0.017827] Initmem setup node 0 [mem 0x0000000000001000-0x000000003ffdffff]
[    0.018326] On node 0, zone DMA: 1 pages in unavailable ranges
[    0.018745] On node 0, zone DMA: 97 pages in unavailable ranges
[    0.020124] On node 0, zone DMA32: 32 pages in unavailable ranges
[    0.020750] ACPI: PM-Timer IO Port: 0x608
[    0.021037] ACPI: LAPIC_NMI (acpi_id[0xff] dfl dfl lint[0x1])
[    0.021456] IOAPIC[0]: apic_id 0, version 17, address 0xfec00000, GSI 0-23
[    0.021947] ACPI: INT_SRC_OVR (bus 0 bus_irq 0 global_irq 2 dfl dfl)
[    0.022395] ACPI: INT_SRC_OVR (bus 0 bus_irq 5 global_irq 5 high level)
[    0.022862] ACPI: INT_SRC_OVR (bus 0 bus_irq 9 global_irq 9 high level)
[    0.023329] ACPI: INT_SRC_OVR (bus 0 bus_irq 10 global_irq 10 high level)
[    0.023808] ACPI: INT_SRC_OVR (bus 0 bus_irq 11 global_irq 11 high level)
[    0.024289] ACPI: Using ACPI (MADT) for SMP configuration information
[    0.024743] ACPI: HPET id: 0x8086a201 base: 0xfed00000
[    0.025107] TSC deadline timer available
[    0.025386] CPU topo: Max. logical packages:   1
[    0.025714] CPU topo: Max. logical dies:       1
[    0.026040] CPU topo: Max. dies per package:   1
[    0.026367] CPU topo: Max. threads per core:   1
[    0.026693] CPU topo: Num. cores per package:    32
[    0.027037] CPU topo: Num. threads per package:  32
[    0.027381] CPU topo: Allowing 32 present CPUs plus 0 hotplug CPUs
[    0.027824] kvm-guest: APIC: eoi() replaced with kvm_guest_apic_eoi_write()
[    0.028321] kvm-guest: KVM setup pv remote TLB flush
[    0.028674] kvm-guest: setup PV sched yield
[    0.028972] PM: hibernation: Registered nosave memory: [mem 0x00000000-0x00000fff]
[    0.029509] PM: hibernation: Registered nosave memory: [mem 0x0009f000-0x0009ffff]
[    0.030044] PM: hibernation: Registered nosave memory: [mem 0x000a0000-0x000effff]
[    0.030579] PM: hibernation: Registered nosave memory: [mem 0x000f0000-0x000fffff]
[    0.031113] [mem 0x40000000-0xfeffbfff] available for PCI devices
[    0.031544] Booting paravirtualized kernel on KVM
[    0.031876] clocksource: refined-jiffies: mask: 0xffffffff max_cycles: 0xffffffff, max_idle_ns: 1910969940391419 ns
[    0.035361] setup_percpu: NR_CPUS:64 nr_cpumask_bits:32 nr_cpu_ids:32 nr_node_ids:1
[    0.036510] percpu: Embedded 58 pages/cpu s198552 r8192 d30824 u262144
[    0.037003] Kernel command line: virtme_hostname=virtme-ng nr_open=1048576 virtme_link_mods=/nipa-data/kernel/.virtme_mods/lib/modules/0.0.0 virtme_initmount0=nipa-data/kernel virtme_rw_overlay0=/etc virtme_rw_overlay1=/lib virtme_rw_overlay2=/home virtme_rw_overlay3=/opt virtme_rw_overlay4=/srv virtme_rw_overlay5=/usr virtme_rw_overlay6=/var console=hvc0 earlyprintk=serial,ttyS0,115200 virtme_console=ttyS0 psmouse.proto=exps TERM=xterm virtme_chdir=nipa-data/kernel virtme_root_user=1 rootfstype=9p rootflags=version=9p2000.L,trans=virtio,access=any raid=noautodetect ro init=/usr/lib/python3/dist-packages/virtme/guest/virtme-init
[    0.041140] Unknown kernel command line parameters "virtme_hostname=virtme-ng nr_open=1048576 virtme_link_mods=/nipa-data/kernel/.virtme_mods/lib/modules/0.0.0 virtme_initmount0=nipa-data/kernel virtme_rw_overlay0=/etc virtme_rw_overlay1=/lib virtme_rw_overlay2=/home virtme_rw_overlay3=/opt virtme_rw_overlay4=/srv virtme_rw_overlay5=/usr virtme_rw_overlay6=/var virtme_console=ttyS0 virtme_chdir=nipa-data/kernel virtme_root_user=1", will be passed to user space.
[    0.044302] random: crng init done
[    0.044575] Dentry cache hash table entries: 131072 (order: 8, 1048576 bytes, linear)
[    0.045162] Inode-cache hash table entries: 65536 (order: 7, 524288 bytes, linear)
[    0.045798] Fallback order for Node 0: 0 
[    0.045801] Built 1 zonelists, mobility grouping on.  Total pages: 262014
[    0.046586] Policy zone: DMA32
[    0.046807] mem auto-init: stack:all(zero), heap alloc:off, heap free:off
[    0.047873] SLUB: HWalign=64, Order=0-3, MinObjects=0, CPUs=32, Nodes=1
Poking KASLR using RDRAND RDTSC...
[    0.048599] ftrace: allocating 48492 entries in 190 pages
[    0.055480] ftrace: allocated 190 pages with 6 groups
[    0.056402] Dynamic Preempt: voluntary
[    0.056798] rcu: Preemptible hierarchical RCU implementation.
[    0.057216] rcu: RCU event tracing is enabled.
[    0.057547] rcu: RCU restricting CPUs from NR_CPUS=64 to nr_cpu_ids=32.
[    0.058032] Trampoline variant of Tasks RCU enabled.
[    0.058397] Rude variant of Tasks RCU enabled.
[    0.058724] Tracing variant of Tasks RCU enabled.
[    0.059071] rcu: RCU calculated value of scheduler-enlistment delay is 100 jiffies.
[    0.059624] rcu: Adjusting geometry for rcu_fanout_leaf=16, nr_cpu_ids=32
[    0.060123] RCU Tasks: Setting shift to 5 and lim to 1 rcu_task_cb_adjust=1 rcu_task_cpu_ids=32.
[    0.060768] RCU Tasks Rude: Setting shift to 5 and lim to 1 rcu_task_cb_adjust=1 rcu_task_cpu_ids=32.
[    0.061440] RCU Tasks Trace: Setting shift to 5 and lim to 1 rcu_task_cb_adjust=1 rcu_task_cpu_ids=32.
[    0.063496] NR_IRQS: 4352, nr_irqs: 680, preallocated irqs: 16
[    0.064083] rcu: srcu_init: Setting srcu_struct sizes based on contention.
[    0.064713] Console: colour *CGA 80x25
[    0.064990] ACPI: Core revision 20240827
[    0.065339] clocksource: hpet: mask: 0xffffffff max_cycles: 0xffffffff, max_idle_ns: 19112604467 ns
[    0.066049] APIC: Switch to symmetric I/O mode setup
[    0.066419] kvm-guest: APIC: send_IPI_mask() replaced with kvm_send_ipi_mask()
[    0.066939] kvm-guest: APIC: send_IPI_mask_allbutself() replaced with kvm_send_ipi_mask_allbutself()
[    0.067573] kvm-guest: setup PV IPIs
[    0.068575] ..TIMER: vector=0x30 apic1=0 pin1=2 apic2=-1 pin2=-1
[    0.069355] clocksource: tsc-early: mask: 0xffffffffffffffff max_cycles: 0x40be400eb43, max_idle_ns: 440795366972 ns
[    0.070703] Calibrating delay loop (skipped) preset value.. 8983.11 BogoMIPS (lpj=4491556)
[    0.071762] x86/cpu: User Mode Instruction Prevention (UMIP) activated
[    0.072749] Last level iTLB entries: 4KB 512, 2MB 255, 4MB 127
[    0.073702] Last level dTLB entries: 4KB 512, 2MB 255, 4MB 127, 1GB 0
[    0.074706] Spectre V1 : Mitigation: usercopy/swapgs barriers and __user pointer sanitization
[    0.075705] Spectre V2 : Mitigation: Enhanced / Automatic IBRS
[    0.076702] Spectre V2 : Spectre v2 / SpectreRSB mitigation: Filling RSB on context switch
[    0.077703] Spectre V2 : mitigation: Enabling conditional Indirect Branch Prediction Barrier
[    0.078703] Speculative Store Bypass: Mitigation: Speculative Store Bypass disabled via prctl
[    0.079702] Speculative Return Stack Overflow: IBPB-extending microcode not applied!
[    0.080702] Speculative Return Stack Overflow: WARNING: See https://kernel.org/doc/html/latest/admin-guide/hw-vuln/srso.html for mitigation options.
[    0.080702] Speculative Return Stack Overflow: Vulnerable: Safe RET, no microcode
[    0.082716] x86/fpu: Supporting XSAVE feature 0x001: 'x87 floating point registers'
[    0.083702] x86/fpu: Supporting XSAVE feature 0x002: 'SSE registers'
[    0.084702] x86/fpu: Supporting XSAVE feature 0x004: 'AVX registers'
[    0.085702] x86/fpu: Supporting XSAVE feature 0x020: 'AVX-512 opmask'
[    0.086702] x86/fpu: Supporting XSAVE feature 0x040: 'AVX-512 Hi256'
[    0.087702] x86/fpu: Supporting XSAVE feature 0x080: 'AVX-512 ZMM_Hi256'
[    0.088522] x86/fpu: Supporting XSAVE feature 0x200: 'Protection Keys User registers'
[    0.088702] x86/fpu: xstate_offset[2]:  576, xstate_sizes[2]:  256
[    0.089702] x86/fpu: xstate_offset[5]:  832, xstate_sizes[5]:   64
[    0.090702] x86/fpu: xstate_offset[6]:  896, xstate_sizes[6]:  512
[    0.091702] x86/fpu: xstate_offset[7]: 1408, xstate_sizes[7]: 1024
[    0.092458] x86/fpu: xstate_offset[9]: 2432, xstate_sizes[9]:    8
[    0.092702] x86/fpu: Enabled xstate features 0x2e7, context size is 2440 bytes, using 'compacted' format.
[    0.108138] Freeing SMP alternatives memory: 40K
[    0.108703] pid_max: default: 32768 minimum: 301
[    0.109288] Mount-cache hash table entries: 2048 (order: 2, 16384 bytes, linear)
[    0.109703] Mountpoint-cache hash table entries: 2048 (order: 2, 16384 bytes, linear)
[    0.110833] smpboot: CPU0: AMD Ryzen 9 7950X 16-Core Processor (family: 0x19, model: 0x61, stepping: 0x2)
[    0.111811] Performance Events: Fam17h+ core perfctr, AMD PMU driver.
[    0.112623] ... version:                0
[    0.112704] ... bit width:              48
[    0.113210] ... generic registers:      6
[    0.113700] ... value mask:             0000ffffffffffff
[    0.114353] ... max period:             00007fffffffffff
[    0.114704] ... fixed-purpose events:   0
[    0.115194] ... event mask:             000000000000003f
[    0.115775] signal: max sigframe size: 3376
[    0.116302] rcu: Hierarchical SRCU implementation.
[    0.116704] rcu: Max phase no-delay instances is 400.
[    0.117356] Timer migration: 2 hierarchy levels; 8 children per group; 2 crossnode level
[    0.119758] smp: Bringing up secondary CPUs ...
[    0.120364] smpboot: x86: Booting SMP configuration:
[    0.120705] .... node  #0, CPUs:        #1  #2  #3  #4  #5  #6  #7  #8  #9 #10 #11 #12 #13 #14 #15 #16 #17 #18 #19 #20 #21 #22 #23 #24 #25 #26 #27 #28 #29 #30 #31
[    0.132794] smp: Brought up 1 node, 32 CPUs
[    0.134226] smpboot: Total of 32 processors activated (287459.58 BogoMIPS)
[    0.136822] Memory: 969616K/1048056K available (16384K kernel code, 2449K rwdata, 6284K rodata, 3128K init, 1856K bss, 63188K reserved, 0K cma-reserved)
[    0.137756] devtmpfs: initialized
[    0.138140] x86/mm: Memory block size: 128MB
[    0.139752] clocksource: jiffies: mask: 0xffffffff max_cycles: 0xffffffff, max_idle_ns: 1911260446275000 ns
[    0.140707] futex hash table entries: 8192 (order: 7, 524288 bytes, linear)
[    0.141633] PM: RTC time: 12:06:46, date: 2024-11-16
[    0.143089] NET: Registered PF_NETLINK/PF_ROUTE protocol family
[    0.143823] thermal_sys: Registered thermal governor 'step_wise'
[    0.143824] thermal_sys: Registered thermal governor 'user_space'
[    0.144707] cpuidle: using governor menu
[    0.146882] PCI: Using configuration type 1 for base access
[    0.147705] PCI: Using configuration type 1 for extended access
[    0.148725] kprobes: kprobe jump-optimization is enabled. All kprobes are optimized if possible.
[    0.164774] HugeTLB: registered 1.00 GiB page size, pre-allocated 0 pages
[    0.164774] HugeTLB: 16380 KiB vmemmap can be freed for a 1.00 GiB page
[    0.165504] HugeTLB: registered 2.00 MiB page size, pre-allocated 0 pages
[    0.166704] HugeTLB: 28 KiB vmemmap can be freed for a 2.00 MiB page
[    0.167742] ACPI: Added _OSI(Module Device)
[    0.168705] ACPI: Added _OSI(Processor Device)
[    0.169244] ACPI: Added _OSI(3.0 _SCP Extensions)
[    0.169704] ACPI: Added _OSI(Processor Aggregator Device)
[    0.170996] ACPI: 1 ACPI AML tables successfully acquired and loaded
[    0.172137] ACPI: Interpreter enabled
[    0.172711] ACPI: PM: (supports S0 S3 S4 S5)
[    0.173235] ACPI: Using IOAPIC for interrupt routing
[    0.173710] PCI: Using host bridge windows from ACPI; if necessary, use "pci=nocrs" and report a bug
[    0.174703] PCI: Using E820 reservations for host bridge windows
[    0.175511] ACPI: Enabled 2 GPEs in block 00 to 0F
[    0.179192] ACPI: PCI Root Bridge [PCI0] (domain 0000 [bus 00-ff])
[    0.179706] acpi PNP0A03:00: _OSC: OS supports [ExtendedConfig ASPM ClockPM Segments MSI HPX-Type3]
[    0.180792] PCI host bridge to bus 0000:00
[    0.181292] pci_bus 0000:00: root bus resource [io  0x0000-0x0cf7 window]
[    0.181704] pci_bus 0000:00: root bus resource [io  0x0d00-0xffff window]
[    0.182525] pci_bus 0000:00: root bus resource [mem 0x000a0000-0x000bffff window]
[    0.183704] pci_bus 0000:00: root bus resource [mem 0x40000000-0xfebfffff window]
[    0.184613] pci_bus 0000:00: root bus resource [mem 0x100000000-0x17fffffff window]
[    0.185704] pci_bus 0000:00: root bus resource [bus 00-ff]
[    0.186453] pci 0000:00:00.0: [8086:1237] type 00 class 0x060000 conventional PCI endpoint
[    0.187936] pci 0000:00:01.0: [8086:7000] type 00 class 0x060100 conventional PCI endpoint
[    0.189005] pci 0000:00:01.1: [8086:7010] type 00 class 0x010180 conventional PCI endpoint
[    0.191332] pci 0000:00:01.1: BAR 4 [io  0xc0c0-0xc0cf]
[    0.192969] pci 0000:00:01.1: BAR 0 [io  0x01f0-0x01f7]: legacy IDE quirk
[    0.193704] pci 0000:00:01.1: BAR 1 [io  0x03f6]: legacy IDE quirk
[    0.194457] pci 0000:00:01.1: BAR 2 [io  0x0170-0x0177]: legacy IDE quirk
[    0.194704] pci 0000:00:01.1: BAR 3 [io  0x0376]: legacy IDE quirk
[    0.195539] pci 0000:00:01.3: [8086:7113] type 00 class 0x068000 conventional PCI endpoint
[    0.196930] pci 0000:00:01.3: quirk: [io  0x0600-0x063f] claimed by PIIX4 ACPI
[    0.197708] pci 0000:00:01.3: quirk: [io  0x0700-0x070f] claimed by PIIX4 SMB
[    0.198718] pci 0000:00:02.0: [1af4:1009] type 00 class 0x000200 conventional PCI endpoint
[    0.200072] pci 0000:00:02.0: BAR 0 [io  0xc000-0xc03f]
[    0.201436] pci 0000:00:02.0: BAR 1 [mem 0xfebfc000-0xfebfcfff]
[    0.203686] pci 0000:00:02.0: BAR 4 [mem 0xfebf0000-0xfebf3fff 64bit pref]
[    0.206147] pci 0000:00:03.0: [1af4:1009] type 00 class 0x000200 conventional PCI endpoint
[    0.207648] pci 0000:00:03.0: BAR 0 [io  0xc040-0xc07f]
[    0.209587] pci 0000:00:03.0: BAR 1 [mem 0xfebfd000-0xfebfdfff]
[    0.212852] pci 0000:00:03.0: BAR 4 [mem 0xfebf4000-0xfebf7fff 64bit pref]
[    0.214338] pci 0000:00:04.0: [8086:25ab] type 00 class 0x088000 conventional PCI endpoint
[    0.215839] pci 0000:00:04.0: BAR 0 [mem 0xfebfe000-0xfebfe00f]
[    0.217550] pci 0000:00:05.0: [1af4:1003] type 00 class 0x078000 conventional PCI endpoint
[    0.219074] pci 0000:00:05.0: BAR 0 [io  0xc080-0xc0bf]
[    0.220075] pci 0000:00:05.0: BAR 1 [mem 0xfebff000-0xfebfffff]
[    0.221704] pci 0000:00:05.0: BAR 4 [mem 0xfebf8000-0xfebfbfff 64bit pref]
[    0.223859] ACPI: PCI: Interrupt link LNKA configured for IRQ 10
[    0.224698] ACPI: PCI: Interrupt link LNKB configured for IRQ 10
[    0.225799] ACPI: PCI: Interrupt link LNKC configured for IRQ 11
[    0.226618] ACPI: PCI: Interrupt link LNKD configured for IRQ 11
[    0.227771] ACPI: PCI: Interrupt link LNKS configured for IRQ 9
[    0.229291] iommu: Default domain type: Translated
[    0.229704] iommu: DMA domain TLB invalidation policy: lazy mode
[    0.230476] SCSI subsystem initialized
[    0.230732] pps_core: LinuxPPS API ver. 1 registered
[    0.231341] pps_core: Software ver. 5.3.6 - Copyright 2005-2007 Rodolfo Giometti <giometti@linux.it>
[    0.232706] PTP clock support registered
[    0.233722] Advanced Linux Sound Architecture Driver Initialized.
[    0.233948] NET: Registered PF_ATMPVC protocol family
[    0.234563] NET: Registered PF_ATMSVC protocol family
[    0.235709] PCI: Using ACPI for IRQ routing
[    0.236289] vgaarb: loaded
[    0.236715] hpet0: at MMIO 0xfed00000, IRQs 2, 8, 0
[    0.237313] hpet0: 3 comparators, 64-bit 100.000000 MHz counter
[    0.241858] clocksource: Switched to clocksource kvm-clock
[    0.242622] VFS: Disk quotas dquot_6.6.0
[    0.242980] VFS: Dquot-cache hash table entries: 512 (order 0, 4096 bytes)
[    0.243857] pnp: PnP ACPI init
[    0.244399] pnp: PnP ACPI: found 5 devices
[    0.251789] clocksource: acpi_pm: mask: 0xffffff max_cycles: 0xffffff, max_idle_ns: 2085701024 ns
[    0.252880] NET: Registered PF_INET protocol family
[    0.253487] IP idents hash table entries: 16384 (order: 5, 131072 bytes, linear)
[    0.254518] tcp_listen_portaddr_hash hash table entries: 512 (order: 1, 8192 bytes, linear)
[    0.255535] Table-perturb hash table entries: 65536 (order: 6, 262144 bytes, linear)
[    0.256480] TCP established hash table entries: 8192 (order: 4, 65536 bytes, linear)
[    0.257419] TCP bind hash table entries: 8192 (order: 6, 262144 bytes, linear)
[    0.258302] TCP: Hash tables configured (established 8192 bind 8192)
[    0.259084] UDP hash table entries: 512 (order: 3, 32768 bytes, linear)
[    0.259886] UDP-Lite hash table entries: 512 (order: 3, 32768 bytes, linear)
[    0.260776] NET: Registered PF_UNIX/PF_LOCAL protocol family
[    0.261470] pci_bus 0000:00: resource 4 [io  0x0000-0x0cf7 window]
[    0.262222] pci_bus 0000:00: resource 5 [io  0x0d00-0xffff window]
[    0.262969] pci_bus 0000:00: resource 6 [mem 0x000a0000-0x000bffff window]
[    0.263804] pci_bus 0000:00: resource 7 [mem 0x40000000-0xfebfffff window]
[    0.264644] pci_bus 0000:00: resource 8 [mem 0x100000000-0x17fffffff window]
[    0.265517] pci 0000:00:01.0: PIIX3: Enabling Passive Release
[    0.266218] pci 0000:00:00.0: Limiting direct PCI/PCI transfers
[    0.266964] PCI: CLS 0 bytes, default 64
[    0.267483] kvm_intel: VMX not supported by CPU 10
[    0.268074] kvm_amd: TSC scaling supported
[    0.268583] kvm_amd: Nested Virtualization enabled
[    0.269167] kvm_amd: Nested Paging enabled
[    0.269662] kvm_amd: LBR virtualization supported
[    0.270243] kvm_amd: Virtual VMLOAD VMSAVE supported
[    0.270839] kvm_amd: Virtual GIF supported
[    0.271336] kvm_amd: Virtual NMI enabled
[    0.298756] clocksource: tsc: mask: 0xffffffffffffffff max_cycles: 0x40be400eb43, max_idle_ns: 440795366972 ns
[    0.305837] Initialise system trusted keyrings
[    0.306450] workingset: timestamp_bits=56 max_order=18 bucket_order=0
[    0.307261] squashfs: version 4.0 (2009/01/31) Phillip Lougher
[    0.307976] fuse: init (API version 7.41)
[    0.308516] 9p: Installing v9fs 9p2000 file system support
[    0.315346] Key type asymmetric registered
[    0.315850] Asymmetric key parser 'x509' registered
[    0.316463] Block layer SCSI generic (bsg) driver version 0.4 loaded (major 249)
[    0.317386] io scheduler mq-deadline registered
[    0.317940] io scheduler kyber registered
[    0.320239] input: Power Button as /devices/LNXSYSTM:00/LNXPWRBN:00/input/input0
[    0.321224] ACPI: button: Power Button [PWRF]
[    0.322174] Warning: Processor Platform Limit event detected, but not handled.
[    0.323082] Consider compiling CPUfreq support into your kernel.
[    0.340504] ACPI: \_SB_.LNKB: Enabled at IRQ 10
[    0.355788] ACPI: \_SB_.LNKC: Enabled at IRQ 11
[    0.370996] ACPI: \_SB_.LNKA: Enabled at IRQ 10
[    0.372060] Serial: 8250/16550 driver, 4 ports, IRQ sharing enabled
[    0.372935] 00:03: ttyS0 at I/O 0x3f8 (irq = 4, base_baud = 115200) is a 16550A
[    0.395048] Non-volatile memory driver v1.3
[    0.395616] Linux agpgart interface v0.103
[    0.396125] printk: legacy console [hvc0] enabled
[    0.396205] ACPI: bus type drm_connector registered
[    0.396759] printk: legacy bootconsole [earlyser0] disabled
          _      _                                    
   __   _(_)_ __| |_ _ __ ___   ___       _ __   __ _ 
   \ \ / / |  __| __|  _   _ \ / _ \_____|  _ \ / _  |
    \ V /| | |  | |_| | | | | |  __/_____| | | | (_| |
     \_/ |_|_|   \__|_| |_| |_|\___|     |_| |_|\__  |
                                                |___/ 
   kernel version: 6.12.0-rc7-virtme x86_64
   (CTRL+d to exit)

root@virtme-ng:/nipa-data/kernel# PS1='xx__-> '
xx__-> env
PWD=/nipa-data/kernel
nr_open=1048576
HOME=/
TERM=xterm
SHLVL=2
XDG_RUNTIME_DIR=/run/user/0
PATH=/bin:/sbin:/usr/bin:/usr/sbin:/usr/local/bin
OLDPWD=/
_=/bin/env
xx__-> 