No EFI environment detected.
early console in extract_kernel
input_data: 0x0000000002bdf2c4
input_len: 0x0000000000b93f43
output: 0x0000000001000000
output_len: 0x000000000272b06c
kernel_total_size: 0x0000000002430000
needed_size: 0x0000000002800000
trampoline_32bit: 0x0000000000000000
Physical KASLR using RDRAND RDTSC...
Virtual KASLR using RDRAND RDTSC...

Decompressing Linux... Parsing ELF... Performing relocations... done.
Booting the kernel (entry_offset: 0x0000000000f8ee90).
[    0.000000] Linux version 6.14.0-rc6-virtme (root@18bd7f557b79) (gcc (Ubuntu 13.3.0-6ubuntu2~24.04) 13.3.0, GNU ld (GNU Binutils for Ubuntu) 2.42) #1 SMP PREEMPT_DYNAMIC Sun Mar 16 15:06:33 UTC 2025
[    0.000000] Command line: virtme_hostname=virtme-ng nr_open=1048576 virtme_link_mods=/nipa-data/kernel/.virtme_mods/lib/modules/0.0.0 virtme_initmount0=nipa-data/kernel virtme_rw_overlay0=/etc virtme_rw_overlay1=/lib virtme_rw_overlay2=/home virtme_rw_overlay3=/opt virtme_rw_overlay4=/srv virtme_rw_overlay5=/usr virtme_rw_overlay6=/var console=hvc0 earlyprintk=serial,ttyS0,115200 virtme_console=ttyS0 psmouse.proto=exps TERM=xterm virtme_chdir=nipa-data/kernel virtme_root_user=1 rootfstype=9p rootflags=version=9p2000.L,trans=virtio,access=any raid=noautodetect ro init=/usr/lib/python3/dist-packages/virtme/guest/virtme-init
[    0.000000] BIOS-provided physical RAM map:
[    0.000000] BIOS-e820: [mem 0x0000000000000000-0x000000000009fbff] usable
[    0.000000] BIOS-e820: [mem 0x000000000009fc00-0x000000000009ffff] reserved
[    0.000000] BIOS-e820: [mem 0x00000000000f0000-0x00000000000fffff] reserved
[    0.000000] BIOS-e820: [mem 0x0000000000100000-0x000000003ffdffff] usable
[    0.000000] BIOS-e820: [mem 0x000000003ffe0000-0x000000003fffffff] reserved
[    0.000000] BIOS-e820: [mem 0x00000000feffc000-0x00000000feffffff] reserved
[    0.000000] BIOS-e820: [mem 0x00000000fffc0000-0x00000000ffffffff] reserved
[    0.000000] BIOS-e820: [mem 0x000000fd00000000-0x000000ffffffffff] reserved
[    0.000000] printk: legacy bootconsole [earlyser0] enabled
[    0.000000] NX (Execute Disable) protection: active
[    0.000000] APIC: Static calls initialized
[    0.000000] SMBIOS 3.0.0 present.
[    0.000000] DMI: QEMU Ubuntu 24.04 PC (i440FX + PIIX, 1996), BIOS 1.16.3-debian-1.16.3-2 04/01/2014
[    0.000000] DMI: Memory slots populated: 1/1
[    0.000000] Hypervisor detected: KVM
[    0.000000] kvm-clock: Using msrs 4b564d01 and 4b564d00
[    0.000000] kvm-clock: using sched offset of 192316294 cycles
[    0.000370] clocksource: kvm-clock: mask: 0xffffffffffffffff max_cycles: 0x1cd42e4dffb, max_idle_ns: 881590591483 ns
[    0.001526] tsc: Detected 4491.560 MHz processor
[    0.002110] last_pfn = 0x3ffe0 max_arch_pfn = 0x400000000
[    0.002514] MTRR map: 4 entries (3 fixed + 1 variable; max 19), built from 8 variable MTRRs
[    0.003104] x86/PAT: Configuration [0-7]: WB  WC  UC- UC  WB  WP  UC- WT  
Memory KASLR using RDRAND RDTSC...
[    0.005106] found SMP MP-table at [mem 0x000f5470-0x000f547f]
[    0.005515] Using GB pages for direct mapping
[    0.005895] ACPI: Early table checksum verification disabled
[    0.006295] ACPI: RSDP 0x00000000000F5290 000014 (v00 BOCHS )
[    0.006703] ACPI: RSDT 0x000000003FFE27BC 000034 (v01 BOCHS  BXPC     00000001 BXPC 00000001)
[    0.007307] ACPI: FACP 0x000000003FFE2578 000074 (v01 BOCHS  BXPC     00000001 BXPC 00000001)
[    0.007911] ACPI: DSDT 0x000000003FFE0040 002538 (v01 BOCHS  BXPC     00000001 BXPC 00000001)
[    0.008515] ACPI: FACS 0x000000003FFE0000 000040
[    0.008842] ACPI: APIC 0x000000003FFE25EC 000170 (v03 BOCHS  BXPC     00000001 BXPC 00000001)
[    0.009444] ACPI: HPET 0x000000003FFE275C 000038 (v01 BOCHS  BXPC     00000001 BXPC 00000001)
[    0.010047] ACPI: WAET 0x000000003FFE2794 000028 (v01 BOCHS  BXPC     00000001 BXPC 00000001)
[    0.010648] ACPI: Reserving FACP table memory at [mem 0x3ffe2578-0x3ffe25eb]
[    0.011145] ACPI: Reserving DSDT table memory at [mem 0x3ffe0040-0x3ffe2577]
[    0.011642] ACPI: Reserving FACS table memory at [mem 0x3ffe0000-0x3ffe003f]
[    0.012139] ACPI: Reserving APIC table memory at [mem 0x3ffe25ec-0x3ffe275b]
[    0.012637] ACPI: Reserving HPET table memory at [mem 0x3ffe275c-0x3ffe2793]
[    0.013133] ACPI: Reserving WAET table memory at [mem 0x3ffe2794-0x3ffe27bb]
[    0.013765] No NUMA configuration found
[    0.014035] Faking a node at [mem 0x0000000000000000-0x000000003ffdffff]
[    0.014509] NODE_DATA(0) allocated [mem 0x3ffdb780-0x3ffdffff]
[    0.014928] Zone ranges:
[    0.015107]   DMA      [mem 0x0000000000001000-0x0000000000ffffff]
[    0.015543]   DMA32    [mem 0x0000000001000000-0x000000003ffdffff]
[    0.015980]   Normal   empty
[    0.016183]   Device   empty
[    0.016386] Movable zone start for each node
[    0.016690] Early memory node ranges
[    0.016942]   node   0: [mem 0x0000000000001000-0x000000000009efff]
[    0.017385]   node   0: [mem 0x0000000000100000-0x000000003ffdffff]
[    0.017827] Initmem setup node 0 [mem 0x0000000000001000-0x000000003ffdffff]
[    0.018326] On node 0, zone DMA: 1 pages in unavailable ranges
[    0.018746] On node 0, zone DMA: 97 pages in unavailable ranges
[    0.020129] On node 0, zone DMA32: 32 pages in unavailable ranges
[    0.020761] ACPI: PM-Timer IO Port: 0x608
[    0.021048] ACPI: LAPIC_NMI (acpi_id[0xff] dfl dfl lint[0x1])
[    0.021468] IOAPIC[0]: apic_id 0, version 17, address 0xfec00000, GSI 0-23
[    0.021955] ACPI: INT_SRC_OVR (bus 0 bus_irq 0 global_irq 2 dfl dfl)
[    0.022404] ACPI: INT_SRC_OVR (bus 0 bus_irq 5 global_irq 5 high level)
[    0.022871] ACPI: INT_SRC_OVR (bus 0 bus_irq 9 global_irq 9 high level)
[    0.023340] ACPI: INT_SRC_OVR (bus 0 bus_irq 10 global_irq 10 high level)
[    0.023817] ACPI: INT_SRC_OVR (bus 0 bus_irq 11 global_irq 11 high level)
[    0.024296] ACPI: Using ACPI (MADT) for SMP configuration information
[    0.024751] ACPI: HPET id: 0x8086a201 base: 0xfed00000
[    0.025113] TSC deadline timer available
[    0.025390] CPU topo: Max. logical packages:   1
[    0.025715] CPU topo: Max. logical dies:       1
[    0.026039] CPU topo: Max. dies per package:   1
[    0.026367] CPU topo: Max. threads per core:   1
[    0.026691] CPU topo: Num. cores per package:    32
[    0.027033] CPU topo: Num. threads per package:  32
[    0.027375] CPU topo: Allowing 32 present CPUs plus 0 hotplug CPUs
[    0.027816] kvm-guest: APIC: eoi() replaced with kvm_guest_apic_eoi_write()
[    0.028311] kvm-guest: KVM setup pv remote TLB flush
[    0.028664] kvm-guest: setup PV sched yield
[    0.028961] PM: hibernation: Registered nosave memory: [mem 0x00000000-0x00000fff]
[    0.029494] PM: hibernation: Registered nosave memory: [mem 0x0009f000-0x0009ffff]
[    0.030026] PM: hibernation: Registered nosave memory: [mem 0x000a0000-0x000effff]
[    0.030559] PM: hibernation: Registered nosave memory: [mem 0x000f0000-0x000fffff]
[    0.031091] [mem 0x40000000-0xfeffbfff] available for PCI devices
[    0.031520] Booting paravirtualized kernel on KVM
[    0.031851] clocksource: refined-jiffies: mask: 0xffffffff max_cycles: 0xffffffff, max_idle_ns: 1910969940391419 ns
[    0.035331] setup_percpu: NR_CPUS:64 nr_cpumask_bits:32 nr_cpu_ids:32 nr_node_ids:1
[    0.036470] percpu: Embedded 58 pages/cpu s198360 r8192 d31016 u262144
[    0.036962] Kernel command line: virtme_hostname=virtme-ng nr_open=1048576 virtme_link_mods=/nipa-data/kernel/.virtme_mods/lib/modules/0.0.0 virtme_initmount0=nipa-data/kernel virtme_rw_overlay0=/etc virtme_rw_overlay1=/lib virtme_rw_overlay2=/home virtme_rw_overlay3=/opt virtme_rw_overlay4=/srv virtme_rw_overlay5=/usr virtme_rw_overlay6=/var console=hvc0 earlyprintk=serial,ttyS0,115200 virtme_console=ttyS0 psmouse.proto=exps TERM=xterm virtme_chdir=nipa-data/kernel virtme_root_user=1 rootfstype=9p rootflags=version=9p2000.L,trans=virtio,access=any raid=noautodetect ro init=/usr/lib/python3/dist-packages/virtme/guest/virtme-init
[    0.041069] Unknown kernel command line parameters "virtme_hostname=virtme-ng nr_open=1048576 virtme_link_mods=/nipa-data/kernel/.virtme_mods/lib/modules/0.0.0 virtme_initmount0=nipa-data/kernel virtme_rw_overlay0=/etc virtme_rw_overlay1=/lib virtme_rw_overlay2=/home virtme_rw_overlay3=/opt virtme_rw_overlay4=/srv virtme_rw_overlay5=/usr virtme_rw_overlay6=/var virtme_console=ttyS0 virtme_chdir=nipa-data/kernel virtme_root_user=1", will be passed to user space.
[    0.044215] random: crng init done
[    0.044464] printk: log buffer data + meta data: 262144 + 917504 = 1179648 bytes
[    0.045026] Dentry cache hash table entries: 131072 (order: 8, 1048576 bytes, linear)
[    0.045612] Inode-cache hash table entries: 65536 (order: 7, 524288 bytes, linear)
[    0.046246] Fallback order for Node 0: 0 
[    0.046248] Built 1 zonelists, mobility grouping on.  Total pages: 262014
[    0.047028] Policy zone: DMA32
[    0.047249] mem auto-init: stack:all(zero), heap alloc:off, heap free:off
[    0.048357] SLUB: HWalign=64, Order=0-3, MinObjects=0, CPUs=32, Nodes=1
Poking KASLR using RDRAND RDTSC...
[    0.049080] ftrace: allocating 49003 entries in 192 pages
[    0.061206] ftrace: allocated 192 pages with 2 groups
[    0.062139] Dynamic Preempt: voluntary
[    0.062538] rcu: Preemptible hierarchical RCU implementation.
[    0.062952] rcu: RCU event tracing is enabled.
[    0.063277] rcu: RCU restricting CPUs from NR_CPUS=64 to nr_cpu_ids=32.
[    0.063758] Trampoline variant of Tasks RCU enabled.
[    0.064126] Rude variant of Tasks RCU enabled.
[    0.064455] Tracing variant of Tasks RCU enabled.
[    0.064800] rcu: RCU calculated value of scheduler-enlistment delay is 100 jiffies.
[    0.065351] rcu: Adjusting geometry for rcu_fanout_leaf=16, nr_cpu_ids=32
[    0.065847] RCU Tasks: Setting shift to 5 and lim to 1 rcu_task_cb_adjust=1 rcu_task_cpu_ids=32.
[    0.066482] RCU Tasks Rude: Setting shift to 5 and lim to 1 rcu_task_cb_adjust=1 rcu_task_cpu_ids=32.
[    0.067148] RCU Tasks Trace: Setting shift to 5 and lim to 1 rcu_task_cb_adjust=1 rcu_task_cpu_ids=32.
[    0.069583] NR_IRQS: 4352, nr_irqs: 680, preallocated irqs: 16
[    0.070169] rcu: srcu_init: Setting srcu_struct sizes based on contention.
[    0.070798] Console: colour *CGA 80x25
[    0.071077] ACPI: Core revision 20240827
[    0.071425] clocksource: hpet: mask: 0xffffffff max_cycles: 0xffffffff, max_idle_ns: 19112604467 ns
[    0.072132] APIC: Switch to symmetric I/O mode setup
[    0.072516] kvm-guest: APIC: send_IPI_mask() replaced with kvm_send_ipi_mask()
[    0.073033] kvm-guest: APIC: send_IPI_mask_allbutself() replaced with kvm_send_ipi_mask_allbutself()
[    0.073666] kvm-guest: setup PV IPIs
[    0.074676] ..TIMER: vector=0x30 apic1=0 pin1=2 apic2=-1 pin2=-1
[    0.075459] clocksource: tsc-early: mask: 0xffffffffffffffff max_cycles: 0x40be4320a4d, max_idle_ns: 440795288133 ns
[    0.076794] Calibrating delay loop (skipped) preset value.. 8983.12 BogoMIPS (lpj=4491560)
[    0.077855] x86/cpu: User Mode Instruction Prevention (UMIP) activated
[    0.078841] Last level iTLB entries: 4KB 512, 2MB 255, 4MB 127
[    0.079793] Last level dTLB entries: 4KB 512, 2MB 255, 4MB 127, 1GB 0
[    0.080797] Spectre V1 : Mitigation: usercopy/swapgs barriers and __user pointer sanitization
[    0.081797] Spectre V2 : Mitigation: Enhanced / Automatic IBRS
[    0.082793] Spectre V2 : Spectre v2 / SpectreRSB mitigation: Filling RSB on context switch
[    0.083794] Spectre V2 : mitigation: Enabling conditional Indirect Branch Prediction Barrier
[    0.084794] Speculative Store Bypass: Mitigation: Speculative Store Bypass disabled via prctl
[    0.085793] Speculative Return Stack Overflow: IBPB-extending microcode not applied!
[    0.086793] Speculative Return Stack Overflow: WARNING: See https://kernel.org/doc/html/latest/admin-guide/hw-vuln/srso.html for mitigation options.
[    0.086794] Speculative Return Stack Overflow: Vulnerable: Safe RET, no microcode
[    0.088807] x86/fpu: Supporting XSAVE feature 0x001: 'x87 floating point registers'
[    0.089793] x86/fpu: Supporting XSAVE feature 0x002: 'SSE registers'
[    0.090793] x86/fpu: Supporting XSAVE feature 0x004: 'AVX registers'
[    0.091793] x86/fpu: Supporting XSAVE feature 0x020: 'AVX-512 opmask'
[    0.092793] x86/fpu: Supporting XSAVE feature 0x040: 'AVX-512 Hi256'
[    0.093793] x86/fpu: Supporting XSAVE feature 0x080: 'AVX-512 ZMM_Hi256'
[    0.094615] x86/fpu: Supporting XSAVE feature 0x200: 'Protection Keys User registers'
[    0.094793] x86/fpu: xstate_offset[2]:  576, xstate_sizes[2]:  256
[    0.095793] x86/fpu: xstate_offset[5]:  832, xstate_sizes[5]:   64
[    0.096793] x86/fpu: xstate_offset[6]:  896, xstate_sizes[6]:  512
[    0.097793] x86/fpu: xstate_offset[7]: 1408, xstate_sizes[7]: 1024
[    0.098550] x86/fpu: xstate_offset[9]: 2432, xstate_sizes[9]:    8
[    0.098793] x86/fpu: Enabled xstate features 0x2e7, context size is 2440 bytes, using 'compacted' format.
[    0.114525] Freeing SMP alternatives memory: 40K
[    0.114794] pid_max: default: 32768 minimum: 301
[    0.115379] Mount-cache hash table entries: 2048 (order: 2, 16384 bytes, linear)
[    0.115794] Mountpoint-cache hash table entries: 2048 (order: 2, 16384 bytes, linear)
[    0.116924] smpboot: CPU0: AMD Ryzen 9 7950X 16-Core Processor (family: 0x19, model: 0x61, stepping: 0x2)
[    0.117912] Performance Events: Fam17h+ core perfctr, AMD PMU driver.
[    0.118723] ... version:                0
[    0.118795] ... bit width:              48
[    0.119297] ... generic registers:      6
[    0.119795] ... value mask:             0000ffffffffffff
[    0.120445] ... max period:             00007fffffffffff
[    0.120795] ... fixed-purpose events:   0
[    0.121286] ... event mask:             000000000000003f
[    0.121866] signal: max sigframe size: 3376
[    0.122393] rcu: Hierarchical SRCU implementation.
[    0.122795] rcu: Max phase no-delay instances is 400.
[    0.123448] Timer migration: 2 hierarchy levels; 8 children per group; 2 crossnode level
[    0.125858] smp: Bringing up secondary CPUs ...
[    0.126476] smpboot: x86: Booting SMP configuration:
[    0.126796] .... node  #0, CPUs:        #1  #2  #3  #4  #5  #6  #7  #8  #9 #10 #11 #12 #13 #14 #15 #16 #17 #18 #19 #20 #21 #22 #23 #24 #25 #26 #27 #28 #29 #30 #31
[    0.151890] smp: Brought up 1 node, 32 CPUs
[    0.153318] smpboot: Total of 32 processors activated (287459.84 BogoMIPS)
[    0.155824] Memory: 970416K/1048056K available (15932K kernel code, 2462K rwdata, 6372K rodata, 3196K init, 1748K bss, 63184K reserved, 0K cma-reserved)
[    0.156835] devtmpfs: initialized
[    0.157236] x86/mm: Memory block size: 128MB
[    0.158440] clocksource: jiffies: mask: 0xffffffff max_cycles: 0xffffffff, max_idle_ns: 1911260446275000 ns
[    0.158796] futex hash table entries: 8192 (order: 7, 524288 bytes, linear)
[    0.159775] PM: RTC time: 15:06:53, date: 2025-03-16
[    0.160123] NET: Registered PF_NETLINK/PF_ROUTE protocol family
[    0.160914] thermal_sys: Registered thermal governor 'step_wise'
[    0.160923] cpuidle: using governor menu
[    0.162886] PCI: Using configuration type 1 for base access
[    0.163584] PCI: Using configuration type 1 for extended access
[    0.163858] kprobes: kprobe jump-optimization is enabled. All kprobes are optimized if possible.
[    0.170929] HugeTLB: registered 1.00 GiB page size, pre-allocated 0 pages
[    0.171772] HugeTLB: 16380 KiB vmemmap can be freed for a 1.00 GiB page
[    0.172795] HugeTLB: registered 2.00 MiB page size, pre-allocated 0 pages
[    0.173620] HugeTLB: 28 KiB vmemmap can be freed for a 2.00 MiB page
[    0.174797] ACPI: Added _OSI(Module Device)
[    0.174797] ACPI: Added _OSI(Processor Device)
[    0.175795] ACPI: Added _OSI(3.0 _SCP Extensions)
[    0.176372] ACPI: Added _OSI(Processor Aggregator Device)
[    0.177448] ACPI: 1 ACPI AML tables successfully acquired and loaded
[    0.180261] ACPI: Interpreter enabled
[    0.180803] ACPI: PM: (supports S0 S3 S4 S5)
[    0.181319] ACPI: Using IOAPIC for interrupt routing
[    0.181802] PCI: Using host bridge windows from ACPI; if necessary, use "pci=nocrs" and report a bug
[    0.182795] PCI: Using E820 reservations for host bridge windows
[    0.183604] ACPI: Enabled 2 GPEs in block 00 to 0F
[    0.186257] ACPI: PCI Root Bridge [PCI0] (domain 0000 [bus 00-ff])
[    0.186798] acpi PNP0A03:00: _OSC: OS supports [ExtendedConfig ASPM ClockPM Segments MSI HPX-Type3]
[    0.188881] PCI host bridge to bus 0000:00
[    0.189378] pci_bus 0000:00: root bus resource [io  0x0000-0x0cf7 window]
[    0.189795] pci_bus 0000:00: root bus resource [io  0x0d00-0xffff window]
[    0.190622] pci_bus 0000:00: root bus resource [mem 0x000a0000-0x000bffff window]
[    0.191795] pci_bus 0000:00: root bus resource [mem 0x40000000-0xfebfffff window]
[    0.192707] pci_bus 0000:00: root bus resource [mem 0x100000000-0x17fffffff window]
[    0.193795] pci_bus 0000:00: root bus resource [bus 00-ff]
[    0.194547] pci 0000:00:00.0: [8086:1237] type 00 class 0x060000 conventional PCI endpoint
[    0.195055] pci 0000:00:01.0: [8086:7000] type 00 class 0x060100 conventional PCI endpoint
[    0.197054] pci 0000:00:01.1: [8086:7010] type 00 class 0x010180 conventional PCI endpoint
[    0.198276] pci 0000:00:01.1: BAR 4 [io  0xc0c0-0xc0cf]
[    0.198812] pci 0000:00:01.1: BAR 0 [io  0x01f0-0x01f7]: legacy IDE quirk
[    0.199639] pci 0000:00:01.1: BAR 1 [io  0x03f6]: legacy IDE quirk
[    0.200795] pci 0000:00:01.1: BAR 2 [io  0x0170-0x0177]: legacy IDE quirk
[    0.201618] pci 0000:00:01.1: BAR 3 [io  0x0376]: legacy IDE quirk
[    0.201882] pci 0000:00:01.3: [8086:7113] type 00 class 0x068000 conventional PCI endpoint
[    0.202983] pci 0000:00:01.3: quirk: [io  0x0600-0x063f] claimed by PIIX4 ACPI
[    0.203799] pci 0000:00:01.3: quirk: [io  0x0700-0x070f] claimed by PIIX4 SMB
[    0.204829] pci 0000:00:02.0: [1af4:1009] type 00 class 0x000200 conventional PCI endpoint
[    0.206799] pci 0000:00:02.0: BAR 0 [io  0xc000-0xc03f]
[    0.207447] pci 0000:00:02.0: BAR 1 [mem 0xfebfc000-0xfebfcfff]
[    0.208809] pci 0000:00:02.0: BAR 4 [mem 0xfebf0000-0xfebf3fff 64bit pref]
[    0.210368] pci 0000:00:03.0: [1af4:1009] type 00 class 0x000200 conventional PCI endpoint
[    0.211295] pci 0000:00:03.0: BAR 0 [io  0xc040-0xc07f]
[    0.212799] pci 0000:00:03.0: BAR 1 [mem 0xfebfd000-0xfebfdfff]
[    0.213539] pci 0000:00:03.0: BAR 4 [mem 0xfebf4000-0xfebf7fff 64bit pref]
[    0.214299] pci 0000:00:04.0: [8086:25ab] type 00 class 0x088000 conventional PCI endpoint
[    0.216088] pci 0000:00:04.0: BAR 0 [mem 0xfebfe000-0xfebfe00f]
[    0.217185] pci 0000:00:05.0: [1af4:1003] type 00 class 0x078000 conventional PCI endpoint
[    0.218718] pci 0000:00:05.0: BAR 0 [io  0xc080-0xc0bf]
[    0.219799] pci 0000:00:05.0: BAR 1 [mem 0xfebff000-0xfebfffff]
[    0.220540] pci 0000:00:05.0: BAR 4 [mem 0xfebf8000-0xfebfbfff 64bit pref]
[    0.222496] ACPI: PCI: Interrupt link LNKA configured for IRQ 10
[    0.222899] ACPI: PCI: Interrupt link LNKB configured for IRQ 10
[    0.223727] ACPI: PCI: Interrupt link LNKC configured for IRQ 11
[    0.224888] ACPI: PCI: Interrupt link LNKD configured for IRQ 11
[    0.225688] ACPI: PCI: Interrupt link LNKS configured for IRQ 9
[    0.226595] iommu: Default domain type: Translated
[    0.227795] iommu: DMA domain TLB invalidation policy: lazy mode
[    0.228588] SCSI subsystem initialized
[    0.228825] pps_core: LinuxPPS API ver. 1 registered
[    0.229434] pps_core: Software ver. 5.3.6 - Copyright 2005-2007 Rodolfo Giometti <giometti@linux.it>
[    0.230797] PTP clock support registered
[    0.231291] Advanced Linux Sound Architecture Driver Initialized.
[    0.232069] NET: Registered PF_ATMPVC protocol family
[    0.232686] NET: Registered PF_ATMSVC protocol family
[    0.233800] PCI: Using ACPI for IRQ routing
[    0.234397] vgaarb: loaded
[    0.234800] hpet0: at MMIO 0xfed00000, IRQs 2, 8, 0
[    0.235394] hpet0: 3 comparators, 64-bit 100.000000 MHz counter
[    0.238961] clocksource: Switched to clocksource kvm-clock
[    0.239742] VFS: Disk quotas dquot_6.6.0
[    0.240102] VFS: Dquot-cache hash table entries: 512 (order 0, 4096 bytes)
[    0.241034] pnp: PnP ACPI init
[    0.241581] pnp: PnP ACPI: found 5 devices
[    0.247404] clocksource: acpi_pm: mask: 0xffffff max_cycles: 0xffffff, max_idle_ns: 2085701024 ns
[    0.248500] NET: Registered PF_INET protocol family
[    0.249100] IP idents hash table entries: 16384 (order: 5, 131072 bytes, linear)
[    0.250152] tcp_listen_portaddr_hash hash table entries: 512 (order: 1, 8192 bytes, linear)
[    0.251180] Table-perturb hash table entries: 65536 (order: 6, 262144 bytes, linear)
[    0.252132] TCP established hash table entries: 8192 (order: 4, 65536 bytes, linear)
[    0.253074] TCP bind hash table entries: 8192 (order: 6, 262144 bytes, linear)
[    0.253957] TCP: Hash tables configured (established 8192 bind 8192)
[    0.254747] UDP hash table entries: 512 (order: 3, 32768 bytes, linear)
[    0.255554] UDP-Lite hash table entries: 512 (order: 3, 32768 bytes, linear)
[    0.256438] NET: Registered PF_UNIX/PF_LOCAL protocol family
[    0.257128] pci_bus 0000:00: resource 4 [io  0x0000-0x0cf7 window]
[    0.257881] pci_bus 0000:00: resource 5 [io  0x0d00-0xffff window]
[    0.258633] pci_bus 0000:00: resource 6 [mem 0x000a0000-0x000bffff window]
[    0.259470] pci_bus 0000:00: resource 7 [mem 0x40000000-0xfebfffff window]
[    0.260311] pci_bus 0000:00: resource 8 [mem 0x100000000-0x17fffffff window]
[    0.261189] pci 0000:00:01.0: PIIX3: Enabling Passive Release
[    0.261888] pci 0000:00:00.0: Limiting direct PCI/PCI transfers
[    0.262642] PCI: CLS 0 bytes, default 64
[    0.263173] kvm_intel: VMX not supported by CPU 21
[    0.263765] kvm_amd: TSC scaling supported
[    0.264268] kvm_amd: Nested Virtualization enabled
[    0.264848] kvm_amd: Nested Paging enabled
[    0.265349] kvm_amd: LBR virtualization supported
[    0.265941] kvm_amd: Virtual GIF supported
[    0.266447] kvm_amd: Virtual NMI enabled
[    0.293940] clocksource: tsc: mask: 0xffffffffffffffff max_cycles: 0x40be4320a4d, max_idle_ns: 440795288133 ns
[    0.300980] Initialise system trusted keyrings
[    0.301602] workingset: timestamp_bits=56 max_order=18 bucket_order=0
[    0.302410] squashfs: version 4.0 (2009/01/31) Phillip Lougher
[    0.303131] fuse: init (API version 7.42)
[    0.303644] 9p: Installing v9fs 9p2000 file system support
[    0.310777] Key type asymmetric registered
[    0.311286] Asymmetric key parser 'x509' registered
[    0.311895] Block layer SCSI generic (bsg) driver version 0.4 loaded (major 249)
[    0.312826] io scheduler mq-deadline registered
[    0.313388] io scheduler kyber registered
[    0.315453] input: Power Button as /devices/LNXSYSTM:00/LNXPWRBN:00/input/input0
[    0.316448] ACPI: button: Power Button [PWRF]
[    0.317378] Warning: Processor Platform Limit event detected, but not handled.
[    0.318363] Consider compiling CPUfreq support into your kernel.
[    0.335624] ACPI: \_SB_.LNKB: Enabled at IRQ 10
[    0.350893] ACPI: \_SB_.LNKC: Enabled at IRQ 11
[    0.366135] ACPI: \_SB_.LNKA: Enabled at IRQ 10
[    0.367154] Serial: 8250/16550 driver, 4 ports, IRQ sharing enabled
[    0.368021] 00:03: ttyS0 at I/O 0x3f8 (irq = 4, base_baud = 115200) is a 16550A
[    0.389335] Non-volatile memory driver v1.3
[    0.389851] Linux agpgart interface v0.103
[    0.390401] ACPI: bus type drm_connector registered
[    0.391197] printk: legacy console [hvc0] enabled
[    0.391773] printk: legacy bootconsole [earlyser0] disabled
          _      _                                    
   __   _(_)_ __| |_ _ __ ___   ___       _ __   __ _ 
   \ \ / / |  __| __|  _   _ \ / _ \_____|  _ \ / _  |
    \ V /| | |  | |_| | | | | |  __/_____| | | | (_| |
     \_/ |_|_|   \__|_| |_| |_|\___|     |_| |_|\__  |
                                                |___/ 
   kernel version: 6.14.0-rc6-virtme x86_64
   (CTRL+d to exit)

root@virtme-ng:/nipa-data/kernel# PS1='xx__-> '
xx__-> env
PWD=/nipa-data/kernel
nr_open=1048576
HOME=/
TERM=xterm
SHLVL=2
XDG_RUNTIME_DIR=/run/user/0
PATH=/bin:/sbin:/usr/bin:/usr/sbin:/usr/local/bin
OLDPWD=/
_=/bin/env
xx__-> 