No EFI environment detected.
early console in extract_kernel
input_data: 0x0000000002bde2c4
input_len: 0x0000000000b945b4
output: 0x0000000001000000
output_len: 0x000000000272afd8
kernel_total_size: 0x0000000002430000
needed_size: 0x0000000002800000
trampoline_32bit: 0x0000000000000000
Physical KASLR using RDRAND RDTSC...
Virtual KASLR using RDRAND RDTSC...

Decompressing Linux... Parsing ELF... Performing relocations... done.
Booting the kernel (entry_offset: 0x0000000000f8fed0).
[    0.000000] Linux version 6.14.0-rc7-virtme (root@df8a225d2733) (gcc (Ubuntu 13.3.0-6ubuntu2~24.04) 13.3.0, GNU ld (GNU Binutils for Ubuntu) 2.42) #1 SMP PREEMPT_DYNAMIC Mon Mar 24 00:06:29 UTC 2025
[    0.000000] Command line: virtme_hostname=virtme-ng nr_open=1048576 virtme_link_mods=/nipa-data/kernel/.virtme_mods/lib/modules/0.0.0 virtme_initmount0=nipa-data/kernel virtme_rw_overlay0=/etc virtme_rw_overlay1=/lib virtme_rw_overlay2=/home virtme_rw_overlay3=/opt virtme_rw_overlay4=/srv virtme_rw_overlay5=/usr virtme_rw_overlay6=/var console=hvc0 earlyprintk=serial,ttyS0,115200 virtme_console=ttyS0 psmouse.proto=exps TERM=xterm virtme_chdir=nipa-data/kernel virtme_root_user=1 rootfstype=9p rootflags=version=9p2000.L,trans=virtio,access=any raid=noautodetect ro init=/usr/lib/python3/dist-packages/virtme/guest/virtme-init
[    0.000000] BIOS-provided physical RAM map:
[    0.000000] BIOS-e820: [mem 0x0000000000000000-0x000000000009fbff] usable
[    0.000000] BIOS-e820: [mem 0x000000000009fc00-0x000000000009ffff] reserved
[    0.000000] BIOS-e820: [mem 0x00000000000f0000-0x00000000000fffff] reserved
[    0.000000] BIOS-e820: [mem 0x0000000000100000-0x000000003ffdffff] usable
[    0.000000] BIOS-e820: [mem 0x000000003ffe0000-0x000000003fffffff] reserved
[    0.000000] BIOS-e820: [mem 0x00000000feffc000-0x00000000feffffff] reserved
[    0.000000] BIOS-e820: [mem 0x00000000fffc0000-0x00000000ffffffff] reserved
[    0.000000] BIOS-e820: [mem 0x000000fd00000000-0x000000ffffffffff] reserved
[    0.000000] printk: legacy bootconsole [earlyser0] enabled
[    0.000000] NX (Execute Disable) protection: active
[    0.000000] APIC: Static calls initialized
[    0.000000] SMBIOS 3.0.0 present.
[    0.000000] DMI: QEMU Ubuntu 24.04 PC (i440FX + PIIX, 1996), BIOS 1.16.3-debian-1.16.3-2 04/01/2014
[    0.000000] DMI: Memory slots populated: 1/1
[    0.000000] Hypervisor detected: KVM
[    0.000000] kvm-clock: Using msrs 4b564d01 and 4b564d00
[    0.000000] kvm-clock: using sched offset of 202324794 cycles
[    0.000357] clocksource: kvm-clock: mask: 0xffffffffffffffff max_cycles: 0x1cd42e4dffb, max_idle_ns: 881590591483 ns
[    0.001467] tsc: Detected 4491.560 MHz processor
[    0.002029] last_pfn = 0x3ffe0 max_arch_pfn = 0x400000000
[    0.002420] MTRR map: 4 entries (3 fixed + 1 variable; max 19), built from 8 variable MTRRs
[    0.002992] x86/PAT: Configuration [0-7]: WB  WC  UC- UC  WB  WP  UC- WT  
Memory KASLR using RDRAND RDTSC...
[    0.004900] found SMP MP-table at [mem 0x000f5470-0x000f547f]
[    0.005294] Using GB pages for direct mapping
[    0.005610] ACPI: Early table checksum verification disabled
[    0.005996] ACPI: RSDP 0x00000000000F5290 000014 (v00 BOCHS )
[    0.006388] ACPI: RSDT 0x000000003FFE27BC 000034 (v01 BOCHS  BXPC     00000001 BXPC 00000001)
[    0.006969] ACPI: FACP 0x000000003FFE2578 000074 (v01 BOCHS  BXPC     00000001 BXPC 00000001)
[    0.007549] ACPI: DSDT 0x000000003FFE0040 002538 (v01 BOCHS  BXPC     00000001 BXPC 00000001)
[    0.008128] ACPI: FACS 0x000000003FFE0000 000040
[    0.008443] ACPI: APIC 0x000000003FFE25EC 000170 (v03 BOCHS  BXPC     00000001 BXPC 00000001)
[    0.009022] ACPI: HPET 0x000000003FFE275C 000038 (v01 BOCHS  BXPC     00000001 BXPC 00000001)
[    0.009604] ACPI: WAET 0x000000003FFE2794 000028 (v01 BOCHS  BXPC     00000001 BXPC 00000001)
[    0.010183] ACPI: Reserving FACP table memory at [mem 0x3ffe2578-0x3ffe25eb]
[    0.010662] ACPI: Reserving DSDT table memory at [mem 0x3ffe0040-0x3ffe2577]
[    0.011140] ACPI: Reserving FACS table memory at [mem 0x3ffe0000-0x3ffe003f]
[    0.011618] ACPI: Reserving APIC table memory at [mem 0x3ffe25ec-0x3ffe275b]
[    0.012096] ACPI: Reserving HPET table memory at [mem 0x3ffe275c-0x3ffe2793]
[    0.012575] ACPI: Reserving WAET table memory at [mem 0x3ffe2794-0x3ffe27bb]
[    0.013183] No NUMA configuration found
[    0.013444] Faking a node at [mem 0x0000000000000000-0x000000003ffdffff]
[    0.013901] NODE_DATA(0) allocated [mem 0x3ffdb780-0x3ffdffff]
[    0.014305] Zone ranges:
[    0.014477]   DMA      [mem 0x0000000000001000-0x0000000000ffffff]
[    0.014897]   DMA32    [mem 0x0000000001000000-0x000000003ffdffff]
[    0.015317]   Normal   empty
[    0.015513]   Device   empty
[    0.015708] Movable zone start for each node
[    0.015998] Early memory node ranges
[    0.016240]   node   0: [mem 0x0000000000001000-0x000000000009efff]
[    0.016666]   node   0: [mem 0x0000000000100000-0x000000003ffdffff]
[    0.017091] Initmem setup node 0 [mem 0x0000000000001000-0x000000003ffdffff]
[    0.017579] On node 0, zone DMA: 1 pages in unavailable ranges
[    0.018030] On node 0, zone DMA: 97 pages in unavailable ranges
[    0.019598] On node 0, zone DMA32: 32 pages in unavailable ranges
[    0.020200] ACPI: PM-Timer IO Port: 0x608
[    0.020480] ACPI: LAPIC_NMI (acpi_id[0xff] dfl dfl lint[0x1])
[    0.020882] IOAPIC[0]: apic_id 0, version 17, address 0xfec00000, GSI 0-23
[    0.021348] ACPI: INT_SRC_OVR (bus 0 bus_irq 0 global_irq 2 dfl dfl)
[    0.021780] ACPI: INT_SRC_OVR (bus 0 bus_irq 5 global_irq 5 high level)
[    0.022227] ACPI: INT_SRC_OVR (bus 0 bus_irq 9 global_irq 9 high level)
[    0.022675] ACPI: INT_SRC_OVR (bus 0 bus_irq 10 global_irq 10 high level)
[    0.023134] ACPI: INT_SRC_OVR (bus 0 bus_irq 11 global_irq 11 high level)
[    0.023594] ACPI: Using ACPI (MADT) for SMP configuration information
[    0.024030] ACPI: HPET id: 0x8086a201 base: 0xfed00000
[    0.024379] TSC deadline timer available
[    0.024646] CPU topo: Max. logical packages:   1
[    0.024958] CPU topo: Max. logical dies:       1
[    0.025269] CPU topo: Max. dies per package:   1
[    0.025586] CPU topo: Max. threads per core:   1
[    0.025898] CPU topo: Num. cores per package:    32
[    0.026227] CPU topo: Num. threads per package:  32
[    0.026556] CPU topo: Allowing 32 present CPUs plus 0 hotplug CPUs
[    0.026980] kvm-guest: APIC: eoi() replaced with kvm_guest_apic_eoi_write()
[    0.027456] kvm-guest: KVM setup pv remote TLB flush
[    0.027793] kvm-guest: setup PV sched yield
[    0.028079] PM: hibernation: Registered nosave memory: [mem 0x00000000-0x00000fff]
[    0.028591] PM: hibernation: Registered nosave memory: [mem 0x0009f000-0x0009ffff]
[    0.029103] PM: hibernation: Registered nosave memory: [mem 0x000a0000-0x000effff]
[    0.029617] PM: hibernation: Registered nosave memory: [mem 0x000f0000-0x000fffff]
[    0.030129] [mem 0x40000000-0xfeffbfff] available for PCI devices
[    0.030545] Booting paravirtualized kernel on KVM
[    0.030863] clocksource: refined-jiffies: mask: 0xffffffff max_cycles: 0xffffffff, max_idle_ns: 1910969940391419 ns
[    0.034192] setup_percpu: NR_CPUS:64 nr_cpumask_bits:32 nr_cpu_ids:32 nr_node_ids:1
[    0.035292] percpu: Embedded 58 pages/cpu s198360 r8192 d31016 u262144
[    0.035767] Kernel command line: virtme_hostname=virtme-ng nr_open=1048576 virtme_link_mods=/nipa-data/kernel/.virtme_mods/lib/modules/0.0.0 virtme_initmount0=nipa-data/kernel virtme_rw_overlay0=/etc virtme_rw_overlay1=/lib virtme_rw_overlay2=/home virtme_rw_overlay3=/opt virtme_rw_overlay4=/srv virtme_rw_overlay5=/usr virtme_rw_overlay6=/var console=hvc0 earlyprintk=serial,ttyS0,115200 virtme_console=ttyS0 psmouse.proto=exps TERM=xterm virtme_chdir=nipa-data/kernel virtme_root_user=1 rootfstype=9p rootflags=version=9p2000.L,trans=virtio,access=any raid=noautodetect ro init=/usr/lib/python3/dist-packages/virtme/guest/virtme-init
[    0.039753] Unknown kernel command line parameters "virtme_hostname=virtme-ng nr_open=1048576 virtme_link_mods=/nipa-data/kernel/.virtme_mods/lib/modules/0.0.0 virtme_initmount0=nipa-data/kernel virtme_rw_overlay0=/etc virtme_rw_overlay1=/lib virtme_rw_overlay2=/home virtme_rw_overlay3=/opt virtme_rw_overlay4=/srv virtme_rw_overlay5=/usr virtme_rw_overlay6=/var virtme_console=ttyS0 virtme_chdir=nipa-data/kernel virtme_root_user=1", will be passed to user space.
[    0.042796] random: crng init done
[    0.043033] printk: log buffer data + meta data: 262144 + 917504 = 1179648 bytes
[    0.043573] Dentry cache hash table entries: 131072 (order: 8, 1048576 bytes, linear)
[    0.044136] Inode-cache hash table entries: 65536 (order: 7, 524288 bytes, linear)
[    0.044744] Fallback order for Node 0: 0 
[    0.044746] Built 1 zonelists, mobility grouping on.  Total pages: 262014
[    0.045498] Policy zone: DMA32
[    0.045712] mem auto-init: stack:all(zero), heap alloc:off, heap free:off
[    0.046720] SLUB: HWalign=64, Order=0-3, MinObjects=0, CPUs=32, Nodes=1
Poking KASLR using RDRAND RDTSC...
[    0.047415] ftrace: allocating 49002 entries in 192 pages
[    0.059066] ftrace: allocated 192 pages with 2 groups
[    0.059947] Dynamic Preempt: voluntary
[    0.060332] rcu: Preemptible hierarchical RCU implementation.
[    0.060729] rcu: RCU event tracing is enabled.
[    0.061044] rcu: RCU restricting CPUs from NR_CPUS=64 to nr_cpu_ids=32.
[    0.061506] Trampoline variant of Tasks RCU enabled.
[    0.061859] Rude variant of Tasks RCU enabled.
[    0.062171] Tracing variant of Tasks RCU enabled.
[    0.062509] rcu: RCU calculated value of scheduler-enlistment delay is 100 jiffies.
[    0.063036] rcu: Adjusting geometry for rcu_fanout_leaf=16, nr_cpu_ids=32
[    0.063509] RCU Tasks: Setting shift to 5 and lim to 1 rcu_task_cb_adjust=1 rcu_task_cpu_ids=32.
[    0.064115] RCU Tasks Rude: Setting shift to 5 and lim to 1 rcu_task_cb_adjust=1 rcu_task_cpu_ids=32.
[    0.064755] RCU Tasks Trace: Setting shift to 5 and lim to 1 rcu_task_cb_adjust=1 rcu_task_cpu_ids=32.
[    0.067083] NR_IRQS: 4352, nr_irqs: 680, preallocated irqs: 16
[    0.067654] rcu: srcu_init: Setting srcu_struct sizes based on contention.
[    0.068263] Console: colour *CGA 80x25
[    0.068532] ACPI: Core revision 20240827
[    0.068868] clocksource: hpet: mask: 0xffffffff max_cycles: 0xffffffff, max_idle_ns: 19112604467 ns
[    0.069553] APIC: Switch to symmetric I/O mode setup
[    0.069917] kvm-guest: APIC: send_IPI_mask() replaced with kvm_send_ipi_mask()
[    0.070416] kvm-guest: APIC: send_IPI_mask_allbutself() replaced with kvm_send_ipi_mask_allbutself()
[    0.071034] kvm-guest: setup PV IPIs
[    0.072010] ..TIMER: vector=0x30 apic1=0 pin1=2 apic2=-1 pin2=-1
[    0.072773] clocksource: tsc-early: mask: 0xffffffffffffffff max_cycles: 0x40be4320a4d, max_idle_ns: 440795288133 ns
[    0.074073] Calibrating delay loop (skipped) preset value.. 8983.12 BogoMIPS (lpj=4491560)
[    0.075131] x86/cpu: User Mode Instruction Prevention (UMIP) activated
[    0.076117] Last level iTLB entries: 4KB 512, 2MB 255, 4MB 127
[    0.077072] Last level dTLB entries: 4KB 512, 2MB 255, 4MB 127, 1GB 0
[    0.077853] Spectre V1 : Mitigation: usercopy/swapgs barriers and __user pointer sanitization
[    0.078075] Spectre V2 : Mitigation: Enhanced / Automatic IBRS
[    0.079071] Spectre V2 : Spectre v2 / SpectreRSB mitigation: Filling RSB on context switch
[    0.080072] Spectre V2 : mitigation: Enabling conditional Indirect Branch Prediction Barrier
[    0.081073] Speculative Store Bypass: Mitigation: Speculative Store Bypass disabled via prctl
[    0.082072] Speculative Return Stack Overflow: IBPB-extending microcode not applied!
[    0.083071] Speculative Return Stack Overflow: WARNING: See https://kernel.org/doc/html/latest/admin-guide/hw-vuln/srso.html for mitigation options.
[    0.083072] Speculative Return Stack Overflow: Vulnerable: Safe RET, no microcode
[    0.085086] x86/fpu: Supporting XSAVE feature 0x001: 'x87 floating point registers'
[    0.086072] x86/fpu: Supporting XSAVE feature 0x002: 'SSE registers'
[    0.087071] x86/fpu: Supporting XSAVE feature 0x004: 'AVX registers'
[    0.087823] x86/fpu: Supporting XSAVE feature 0x020: 'AVX-512 opmask'
[    0.088071] x86/fpu: Supporting XSAVE feature 0x040: 'AVX-512 Hi256'
[    0.089072] x86/fpu: Supporting XSAVE feature 0x080: 'AVX-512 ZMM_Hi256'
[    0.090071] x86/fpu: Supporting XSAVE feature 0x200: 'Protection Keys User registers'
[    0.091072] x86/fpu: xstate_offset[2]:  576, xstate_sizes[2]:  256
[    0.091801] x86/fpu: xstate_offset[5]:  832, xstate_sizes[5]:   64
[    0.092071] x86/fpu: xstate_offset[6]:  896, xstate_sizes[6]:  512
[    0.093072] x86/fpu: xstate_offset[7]: 1408, xstate_sizes[7]: 1024
[    0.094071] x86/fpu: xstate_offset[9]: 2432, xstate_sizes[9]:    8
[    0.094801] x86/fpu: Enabled xstate features 0x2e7, context size is 2440 bytes, using 'compacted' format.
[    0.109423] Freeing SMP alternatives memory: 40K
[    0.109978] pid_max: default: 32768 minimum: 301
[    0.110091] Mount-cache hash table entries: 2048 (order: 2, 16384 bytes, linear)
[    0.111072] Mountpoint-cache hash table entries: 2048 (order: 2, 16384 bytes, linear)
[    0.112204] smpboot: CPU0: AMD Ryzen 9 7950X 16-Core Processor (family: 0x19, model: 0x61, stepping: 0x2)
[    0.113190] Performance Events: Fam17h+ core perfctr, AMD PMU driver.
[    0.113980] ... version:                0
[    0.114073] ... bit width:              48
[    0.114555] ... generic registers:      6
[    0.115028] ... value mask:             0000ffffffffffff
[    0.115073] ... max period:             00007fffffffffff
[    0.115703] ... fixed-purpose events:   0
[    0.116073] ... event mask:             000000000000003f
[    0.116772] signal: max sigframe size: 3376
[    0.117087] rcu: Hierarchical SRCU implementation.
[    0.117652] rcu: Max phase no-delay instances is 400.
[    0.118093] Timer migration: 2 hierarchy levels; 8 children per group; 2 crossnode level
[    0.121129] smp: Bringing up secondary CPUs ...
[    0.121720] smpboot: x86: Booting SMP configuration:
[    0.122074] .... node  #0, CPUs:        #1  #2  #3  #4  #5  #6  #7  #8  #9 #10 #11 #12 #13 #14 #15 #16 #17 #18 #19 #20 #21 #22 #23 #24 #25 #26 #27 #28 #29 #30 #31
[    0.138131] smp: Brought up 1 node, 32 CPUs
[    0.139579] smpboot: Total of 32 processors activated (287459.84 BogoMIPS)
[    0.142102] Memory: 970408K/1048056K available (15936K kernel code, 2462K rwdata, 6372K rodata, 3196K init, 1748K bss, 63192K reserved, 0K cma-reserved)
[    0.143178] devtmpfs: initialized
[    0.143502] x86/mm: Memory block size: 128MB
[    0.144711] clocksource: jiffies: mask: 0xffffffff max_cycles: 0xffffffff, max_idle_ns: 1911260446275000 ns
[    0.145075] futex hash table entries: 8192 (order: 7, 524288 bytes, linear)
[    0.145985] PM: RTC time: 00:06:47, date: 2025-03-24
[    0.146372] NET: Registered PF_NETLINK/PF_ROUTE protocol family
[    0.147197] thermal_sys: Registered thermal governor 'step_wise'
[    0.147209] cpuidle: using governor menu
[    0.149129] PCI: Using configuration type 1 for base access
[    0.149811] PCI: Using configuration type 1 for extended access
[    0.150135] kprobes: kprobe jump-optimization is enabled. All kprobes are optimized if possible.
[    0.166140] HugeTLB: registered 1.00 GiB page size, pre-allocated 0 pages
[    0.166971] HugeTLB: 16380 KiB vmemmap can be freed for a 1.00 GiB page
[    0.167074] HugeTLB: registered 2.00 MiB page size, pre-allocated 0 pages
[    0.167896] HugeTLB: 28 KiB vmemmap can be freed for a 2.00 MiB page
[    0.168136] ACPI: Added _OSI(Module Device)
[    0.168617] ACPI: Added _OSI(Processor Device)
[    0.169074] ACPI: Added _OSI(3.0 _SCP Extensions)
[    0.169650] ACPI: Added _OSI(Processor Aggregator Device)
[    0.170715] ACPI: 1 ACPI AML tables successfully acquired and loaded
[    0.171451] ACPI: Interpreter enabled
[    0.172081] ACPI: PM: (supports S0 S3 S4 S5)
[    0.172603] ACPI: Using IOAPIC for interrupt routing
[    0.173080] PCI: Using host bridge windows from ACPI; if necessary, use "pci=nocrs" and report a bug
[    0.174073] PCI: Using E820 reservations for host bridge windows
[    0.174884] ACPI: Enabled 2 GPEs in block 00 to 0F
[    0.177593] ACPI: PCI Root Bridge [PCI0] (domain 0000 [bus 00-ff])
[    0.178075] acpi PNP0A03:00: _OSC: OS supports [ExtendedConfig ASPM ClockPM Segments MSI HPX-Type3]
[    0.179157] PCI host bridge to bus 0000:00
[    0.179661] pci_bus 0000:00: root bus resource [io  0x0000-0x0cf7 window]
[    0.180073] pci_bus 0000:00: root bus resource [io  0x0d00-0xffff window]
[    0.180893] pci_bus 0000:00: root bus resource [mem 0x000a0000-0x000bffff window]
[    0.181073] pci_bus 0000:00: root bus resource [mem 0x40000000-0xfebfffff window]
[    0.181985] pci_bus 0000:00: root bus resource [mem 0x100000000-0x17fffffff window]
[    0.182074] pci_bus 0000:00: root bus resource [bus 00-ff]
[    0.182815] pci 0000:00:00.0: [8086:1237] type 00 class 0x060000 conventional PCI endpoint
[    0.183330] pci 0000:00:01.0: [8086:7000] type 00 class 0x060100 conventional PCI endpoint
[    0.184331] pci 0000:00:01.1: [8086:7010] type 00 class 0x010180 conventional PCI endpoint
[    0.185465] pci 0000:00:01.1: BAR 4 [io  0xc0c0-0xc0cf]
[    0.186091] pci 0000:00:01.1: BAR 0 [io  0x01f0-0x01f7]: legacy IDE quirk
[    0.186915] pci 0000:00:01.1: BAR 1 [io  0x03f6]: legacy IDE quirk
[    0.187073] pci 0000:00:01.1: BAR 2 [io  0x0170-0x0177]: legacy IDE quirk
[    0.187893] pci 0000:00:01.1: BAR 3 [io  0x0376]: legacy IDE quirk
[    0.188156] pci 0000:00:01.3: [8086:7113] type 00 class 0x068000 conventional PCI endpoint
[    0.189261] pci 0000:00:01.3: quirk: [io  0x0600-0x063f] claimed by PIIX4 ACPI
[    0.190077] pci 0000:00:01.3: quirk: [io  0x0700-0x070f] claimed by PIIX4 SMB
[    0.191097] pci 0000:00:02.0: [1af4:1009] type 00 class 0x000200 conventional PCI endpoint
[    0.192814] pci 0000:00:02.0: BAR 0 [io  0xc000-0xc03f]
[    0.193077] pci 0000:00:02.0: BAR 1 [mem 0xfebfc000-0xfebfcfff]
[    0.193814] pci 0000:00:02.0: BAR 4 [mem 0xfebf0000-0xfebf3fff 64bit pref]
[    0.194633] pci 0000:00:03.0: [1af4:1009] type 00 class 0x000200 conventional PCI endpoint
[    0.195618] pci 0000:00:03.0: BAR 0 [io  0xc040-0xc07f]
[    0.196077] pci 0000:00:03.0: BAR 1 [mem 0xfebfd000-0xfebfdfff]
[    0.196807] pci 0000:00:03.0: BAR 4 [mem 0xfebf4000-0xfebf7fff 64bit pref]
[    0.197580] pci 0000:00:04.0: [8086:25ab] type 00 class 0x088000 conventional PCI endpoint
[    0.198421] pci 0000:00:04.0: BAR 0 [mem 0xfebfe000-0xfebfe00f]
[    0.199461] pci 0000:00:05.0: [1af4:1003] type 00 class 0x078000 conventional PCI endpoint
[    0.200812] pci 0000:00:05.0: BAR 0 [io  0xc080-0xc0bf]
[    0.201077] pci 0000:00:05.0: BAR 1 [mem 0xfebff000-0xfebfffff]
[    0.201806] pci 0000:00:05.0: BAR 4 [mem 0xfebf8000-0xfebfbfff 64bit pref]
[    0.202770] ACPI: PCI: Interrupt link LNKA configured for IRQ 10
[    0.203177] ACPI: PCI: Interrupt link LNKB configured for IRQ 10
[    0.203999] ACPI: PCI: Interrupt link LNKC configured for IRQ 11
[    0.204173] ACPI: PCI: Interrupt link LNKD configured for IRQ 11
[    0.204964] ACPI: PCI: Interrupt link LNKS configured for IRQ 9
[    0.205851] iommu: Default domain type: Translated
[    0.206074] iommu: DMA domain TLB invalidation policy: lazy mode
[    0.206845] SCSI subsystem initialized
[    0.207103] pps_core: LinuxPPS API ver. 1 registered
[    0.207705] pps_core: Software ver. 5.3.6 - Copyright 2005-2007 Rodolfo Giometti <giometti@linux.it>
[    0.208075] PTP clock support registered
[    0.208589] Advanced Linux Sound Architecture Driver Initialized.
[    0.209322] NET: Registered PF_ATMPVC protocol family
[    0.209948] NET: Registered PF_ATMSVC protocol family
[    0.210079] PCI: Using ACPI for IRQ routing
[    0.210663] vgaarb: loaded
[    0.210663] hpet0: at MMIO 0xfed00000, IRQs 2, 8, 0
[    0.211074] hpet0: 3 comparators, 64-bit 100.000000 MHz counter
[    0.215230] clocksource: Switched to clocksource kvm-clock
[    0.216002] VFS: Disk quotas dquot_6.6.0
[    0.216361] VFS: Dquot-cache hash table entries: 512 (order 0, 4096 bytes)
[    0.217247] pnp: PnP ACPI init
[    0.217778] pnp: PnP ACPI: found 5 devices
[    0.224774] clocksource: acpi_pm: mask: 0xffffff max_cycles: 0xffffff, max_idle_ns: 2085701024 ns
[    0.225867] NET: Registered PF_INET protocol family
[    0.226556] IP idents hash table entries: 16384 (order: 5, 131072 bytes, linear)
[    0.227592] tcp_listen_portaddr_hash hash table entries: 512 (order: 1, 8192 bytes, linear)
[    0.228614] Table-perturb hash table entries: 65536 (order: 6, 262144 bytes, linear)
[    0.229555] TCP established hash table entries: 8192 (order: 4, 65536 bytes, linear)
[    0.230496] TCP bind hash table entries: 8192 (order: 6, 262144 bytes, linear)
[    0.231375] TCP: Hash tables configured (established 8192 bind 8192)
[    0.232152] UDP hash table entries: 512 (order: 3, 32768 bytes, linear)
[    0.232941] UDP-Lite hash table entries: 512 (order: 3, 32768 bytes, linear)
[    0.233806] NET: Registered PF_UNIX/PF_LOCAL protocol family
[    0.234488] pci_bus 0000:00: resource 4 [io  0x0000-0x0cf7 window]
[    0.235228] pci_bus 0000:00: resource 5 [io  0x0d00-0xffff window]
[    0.235973] pci_bus 0000:00: resource 6 [mem 0x000a0000-0x000bffff window]
[    0.236791] pci_bus 0000:00: resource 7 [mem 0x40000000-0xfebfffff window]
[    0.237614] pci_bus 0000:00: resource 8 [mem 0x100000000-0x17fffffff window]
[    0.238478] pci 0000:00:01.0: PIIX3: Enabling Passive Release
[    0.239171] pci 0000:00:00.0: Limiting direct PCI/PCI transfers
[    0.239910] PCI: CLS 0 bytes, default 64
[    0.240433] kvm_intel: VMX not supported by CPU 0
[    0.241031] kvm_amd: TSC scaling supported
[    0.241521] kvm_amd: Nested Virtualization enabled
[    0.242101] kvm_amd: Nested Paging enabled
[    0.242590] kvm_amd: LBR virtualization supported
[    0.243162] kvm_amd: Virtual GIF supported
[    0.243651] kvm_amd: Virtual NMI enabled
[    0.271534] clocksource: tsc: mask: 0xffffffffffffffff max_cycles: 0x40be4320a4d, max_idle_ns: 440795288133 ns
[    0.279287] Initialise system trusted keyrings
[    0.279929] workingset: timestamp_bits=56 max_order=18 bucket_order=0
[    0.280741] squashfs: version 4.0 (2009/01/31) Phillip Lougher
[    0.281462] fuse: init (API version 7.42)
[    0.281984] 9p: Installing v9fs 9p2000 file system support
[    0.289027] Key type asymmetric registered
[    0.289526] Asymmetric key parser 'x509' registered
[    0.290130] Block layer SCSI generic (bsg) driver version 0.4 loaded (major 249)
[    0.291040] io scheduler mq-deadline registered
[    0.291594] io scheduler kyber registered
[    0.293767] input: Power Button as /devices/LNXSYSTM:00/LNXPWRBN:00/input/input0
[    0.294721] ACPI: button: Power Button [PWRF]
[    0.295609] Warning: Processor Platform Limit event detected, but not handled.
[    0.296492] Consider compiling CPUfreq support into your kernel.
[    0.313433] ACPI: \_SB_.LNKB: Enabled at IRQ 10
[    0.328481] ACPI: \_SB_.LNKC: Enabled at IRQ 11
[    0.343450] ACPI: \_SB_.LNKA: Enabled at IRQ 10
[    0.344522] Serial: 8250/16550 driver, 4 ports, IRQ sharing enabled
[    0.345380] 00:03: ttyS0 at I/O 0x3f8 (irq = 4, base_baud = 115200) is a 16550A
[    0.365645] Non-volatile memory driver v1.3
[    0.366207] Linux agpgart interface v0.103
[    0.366715] printk: legacy console [hvc0] enabled
[    0.366752] ACPI: bus type drm_connector registered
[    0.367318] printk: legacy bootconsole [earlyser0] disabled
          _      _                                    
   __   _(_)_ __| |_ _ __ ___   ___       _ __   __ _ 
   \ \ / / |  __| __|  _   _ \ / _ \_____|  _ \ / _  |
    \ V /| | |  | |_| | | | | |  __/_____| | | | (_| |
     \_/ |_|_|   \__|_| |_| |_|\___|     |_| |_|\__  |
                                                |___/ 
   kernel version: 6.14.0-rc7-virtme x86_64
   (CTRL+d to exit)

root@virtme-ng:/nipa-data/kernel# PS1='xx__-> '
xx__-> env
PWD=/nipa-data/kernel
nr_open=1048576
HOME=/
TERM=xterm
SHLVL=2
XDG_RUNTIME_DIR=/run/user/0
PATH=/bin:/sbin:/usr/bin:/usr/sbin:/usr/local/bin
OLDPWD=/
_=/bin/env
xx__-> 