No EFI environment detected.
early console in extract_kernel
input_data: 0x0000000004cbb2c4
input_len: 0x000000000189b546
output: 0x0000000001000000
output_len: 0x00000000054e13f8
kernel_total_size: 0x0000000005030000
needed_size: 0x0000000005600000
trampoline_32bit: 0x000000000009d000
Physical KASLR using RDRAND RDTSC...
Virtual KASLR using RDRAND RDTSC...

Decompressing Linux... Parsing ELF... Performing relocations... done.
Booting the kernel (entry_offset: 0x0000000000000000).
[    0.000000] Linux version 6.11.0-rc4-virtme (root@5f647fc771f8) (gcc (Ubuntu 13.2.0-23ubuntu4) 13.2.0, GNU ld (GNU Binutils for Ubuntu) 2.42) #1 SMP PREEMPT_DYNAMIC Mon Aug 26 15:27:38 UTC 2024
[    0.000000] Command line: virtme_hostname=virtme-ng nr_open=1048576 virtme_link_mods=/nipa-data/kernel/.virtme_mods/lib/modules/0.0.0 virtme_initmount0=nipa-data/kernel virtme_rw_overlay0=/etc virtme_rw_overlay1=/lib virtme_rw_overlay2=/home virtme_rw_overlay3=/opt virtme_rw_overlay4=/srv virtme_rw_overlay5=/usr virtme_rw_overlay6=/var console=hvc0 earlyprintk=serial,ttyS0,115200 virtme_console=ttyS0 psmouse.proto=exps TERM=xterm virtme_chdir=nipa-data/kernel virtme_root_user=1 rootfstype=9p rootflags=version=9p2000.L,trans=virtio,access=any raid=noautodetect ro init=/usr/lib/python3/dist-packages/virtme/guest/virtme-init
[    0.000000] x86/split lock detection: #DB: warning on user-space bus_locks
[    0.000000] BIOS-provided physical RAM map:
[    0.000000] BIOS-e820: [mem 0x0000000000000000-0x000000000009fbff] usable
[    0.000000] BIOS-e820: [mem 0x000000000009fc00-0x000000000009ffff] reserved
[    0.000000] BIOS-e820: [mem 0x00000000000f0000-0x00000000000fffff] reserved
[    0.000000] BIOS-e820: [mem 0x0000000000100000-0x000000003ffdffff] usable
[    0.000000] BIOS-e820: [mem 0x000000003ffe0000-0x000000003fffffff] reserved
[    0.000000] BIOS-e820: [mem 0x00000000feffc000-0x00000000feffffff] reserved
[    0.000000] BIOS-e820: [mem 0x00000000fffc0000-0x00000000ffffffff] reserved
[    0.000000] printk: legacy bootconsole [earlyser0] enabled
[    0.000000] NX (Execute Disable) protection: active
[    0.000000] APIC: Static calls initialized
[    0.000000] SMBIOS 3.0.0 present.
[    0.000000] DMI: QEMU Ubuntu 24.04 PC (i440FX + PIIX, 1996), BIOS 1.16.3-debian-1.16.3-2 04/01/2014
[    0.000000] DMI: Memory slots populated: 1/1
[    0.000000] Hypervisor detected: KVM
[    0.000000] kvm-clock: Using msrs 4b564d01 and 4b564d00
[    0.000001] kvm-clock: using sched offset of 1381180248 cycles
[    0.000761] clocksource: kvm-clock: mask: 0xffffffffffffffff max_cycles: 0x1cd42e4dffb, max_idle_ns: 881590591483 ns
[    0.003137] tsc: Detected 2000.000 MHz processor
[    0.004409] last_pfn = 0x3ffe0 max_arch_pfn = 0x10000000000
[    0.005283] MTRR map: 4 entries (3 fixed + 1 variable; max 19), built from 8 variable MTRRs
[    0.006500] x86/PAT: Configuration [0-7]: WB  WC  UC- UC  WB  WP  UC- WT  
[    0.015193] found SMP MP-table at [mem 0x000f5470-0x000f547f]
[    0.016046] Using GB pages for direct mapping
[    0.016962] ACPI: Early table checksum verification disabled
[    0.017788] ACPI: RSDP 0x00000000000F5290 000014 (v00 BOCHS )
[    0.018626] ACPI: RSDT 0x000000003FFE308E 000034 (v01 BOCHS  BXPC     00000001 BXPC 00000001)
[    0.019869] ACPI: FACP 0x000000003FFE2D8A 000074 (v01 BOCHS  BXPC     00000001 BXPC 00000001)
[    0.021113] ACPI: DSDT 0x000000003FFE0040 002D4A (v01 BOCHS  BXPC     00000001 BXPC 00000001)
[    0.022355] ACPI: FACS 0x000000003FFE0000 000040
[    0.023029] ACPI: APIC 0x000000003FFE2DFE 000230 (v03 BOCHS  BXPC     00000001 BXPC 00000001)
[    0.024268] ACPI: HPET 0x000000003FFE302E 000038 (v01 BOCHS  BXPC     00000001 BXPC 00000001)
[    0.025517] ACPI: WAET 0x000000003FFE3066 000028 (v01 BOCHS  BXPC     00000001 BXPC 00000001)
[    0.026755] ACPI: Reserving FACP table memory at [mem 0x3ffe2d8a-0x3ffe2dfd]
[    0.027778] ACPI: Reserving DSDT table memory at [mem 0x3ffe0040-0x3ffe2d89]
[    0.028798] ACPI: Reserving FACS table memory at [mem 0x3ffe0000-0x3ffe003f]
[    0.029822] ACPI: Reserving APIC table memory at [mem 0x3ffe2dfe-0x3ffe302d]
[    0.030842] ACPI: Reserving HPET table memory at [mem 0x3ffe302e-0x3ffe3065]
[    0.031861] ACPI: Reserving WAET table memory at [mem 0x3ffe3066-0x3ffe308d]
[    0.033391] No NUMA configuration found
[    0.033948] Faking a node at [mem 0x0000000000000000-0x000000003ffdffff]
[    0.034922] NODE_DATA(0) allocated [mem 0x3ffdb000-0x3ffdffff]
[    0.035926] Zone ranges:
[    0.036293]   DMA      [mem 0x0000000000001000-0x0000000000ffffff]
[    0.037193]   DMA32    [mem 0x0000000001000000-0x000000003ffdffff]
[    0.038092]   Normal   empty
[    0.038510]   Device   empty
[    0.038928] Movable zone start for each node
[    0.039546] Early memory node ranges
[    0.040062]   node   0: [mem 0x0000000000001000-0x000000000009efff]
[    0.040970]   node   0: [mem 0x0000000000100000-0x000000003ffdffff]
[    0.041883] Initmem setup node 0 [mem 0x0000000000001000-0x000000003ffdffff]
[    0.042910] On node 0, zone DMA: 1 pages in unavailable ranges
[    0.043854] On node 0, zone DMA: 97 pages in unavailable ranges
[    0.053296] On node 0, zone DMA32: 32 pages in unavailable ranges
[    0.086817] kasan: KernelAddressSanitizer initialized
[    0.088104] ACPI: PM-Timer IO Port: 0x608
[    0.088715] ACPI: LAPIC_NMI (acpi_id[0xff] dfl dfl lint[0x1])
[    0.089616] IOAPIC[0]: apic_id 0, version 17, address 0xfec00000, GSI 0-23
[    0.090617] ACPI: INT_SRC_OVR (bus 0 bus_irq 0 global_irq 2 dfl dfl)
[    0.091539] ACPI: INT_SRC_OVR (bus 0 bus_irq 5 global_irq 5 high level)
[    0.092498] ACPI: INT_SRC_OVR (bus 0 bus_irq 9 global_irq 9 high level)
[    0.093459] ACPI: INT_SRC_OVR (bus 0 bus_irq 10 global_irq 10 high level)
[    0.094442] ACPI: INT_SRC_OVR (bus 0 bus_irq 11 global_irq 11 high level)
[    0.095432] ACPI: Using ACPI (MADT) for SMP configuration information
[    0.096364] ACPI: HPET id: 0x8086a201 base: 0xfed00000
[    0.097111] TSC deadline timer available
[    0.097687] CPU topo: Max. logical packages:   1
[    0.098355] CPU topo: Max. logical dies:       1
[    0.099024] CPU topo: Max. dies per package:   1
[    0.099698] CPU topo: Max. threads per core:   1
[    0.100369] CPU topo: Num. cores per package:    56
[    0.101078] CPU topo: Num. threads per package:  56
[    0.101860] CPU topo: Allowing 56 present CPUs plus 0 hotplug CPUs
[    0.102786] kvm-guest: APIC: eoi() replaced with kvm_guest_apic_eoi_write()
[    0.103816] kvm-guest: KVM setup pv remote TLB flush
[    0.104540] kvm-guest: setup PV sched yield
[    0.105155] PM: hibernation: Registered nosave memory: [mem 0x00000000-0x00000fff]
[    0.106256] PM: hibernation: Registered nosave memory: [mem 0x0009f000-0x0009ffff]
[    0.107351] PM: hibernation: Registered nosave memory: [mem 0x000a0000-0x000effff]
[    0.108447] PM: hibernation: Registered nosave memory: [mem 0x000f0000-0x000fffff]
[    0.109547] [mem 0x40000000-0xfeffbfff] available for PCI devices
[    0.110430] Booting paravirtualized kernel on KVM
[    0.111112] clocksource: refined-jiffies: mask: 0xffffffff max_cycles: 0xffffffff, max_idle_ns: 1910969940391419 ns
[    0.133697] setup_percpu: NR_CPUS:64 nr_cpumask_bits:56 nr_cpu_ids:56 nr_node_ids:1
[    0.144059] percpu: Embedded 70 pages/cpu s248408 r8192 d30120 u524288
[    0.145227] Kernel command line: virtme_hostname=virtme-ng nr_open=1048576 virtme_link_mods=/nipa-data/kernel/.virtme_mods/lib/modules/0.0.0 virtme_initmount0=nipa-data/kernel virtme_rw_overlay0=/etc virtme_rw_overlay1=/lib virtme_rw_overlay2=/home virtme_rw_overlay3=/opt virtme_rw_overlay4=/srv virtme_rw_overlay5=/usr virtme_rw_overlay6=/var console=hvc0 earlyprintk=serial,ttyS0,115200 virtme_console=ttyS0 psmouse.proto=exps TERM=xterm virtme_chdir=nipa-data/kernel virtme_root_user=1 rootfstype=9p rootflags=version=9p2000.L,trans=virtio,access=any raid=noautodetect ro init=/usr/lib/python3/dist-packages/virtme/guest/virtme-init
[    0.153717] Unknown kernel command line parameters "virtme_hostname=virtme-ng nr_open=1048576 virtme_link_mods=/nipa-data/kernel/.virtme_mods/lib/modules/0.0.0 virtme_initmount0=nipa-data/kernel virtme_rw_overlay0=/etc virtme_rw_overlay1=/lib virtme_rw_overlay2=/home virtme_rw_overlay3=/opt virtme_rw_overlay4=/srv virtme_rw_overlay5=/usr virtme_rw_overlay6=/var virtme_console=ttyS0 virtme_chdir=nipa-data/kernel virtme_root_user=1", will be passed to user space.
[    0.159736] random: crng init done
[    0.160237] printk: log_buf_len individual max cpu contribution: 4096 bytes
[    0.161268] printk: log_buf_len total cpu_extra contributions: 225280 bytes
[    0.162290] printk: log_buf_len min size: 262144 bytes
[    0.163865] printk: log_buf_len: 524288 bytes
[    0.164530] printk: early log buf free: 253864(96%)
[    0.165709] Dentry cache hash table entries: 131072 (order: 8, 1048576 bytes, linear)
[    0.166931] Inode-cache hash table entries: 65536 (order: 7, 524288 bytes, linear)
[    0.170689] Fallback order for Node 0: 0 
[    0.170704] Built 1 zonelists, mobility grouping on.  Total pages: 262014
[    0.172232] Policy zone: DMA32
[    0.172661] mem auto-init: stack:all(zero), heap alloc:off, heap free:off
[    0.173616] stackdepot: allocating hash table via alloc_large_system_hash
[    0.174565] stackdepot hash table entries: 1048576 (order: 12, 16777216 bytes, linear)
[    0.198935] SLUB: HWalign=64, Order=0-3, MinObjects=0, CPUs=56, Nodes=1
Poking KASLR using RDRAND RDTSC...
[    0.200472] ftrace: allocating 48422 entries in 190 pages
[    0.220430] ftrace: allocated 190 pages with 6 groups
[    0.223058] Dynamic Preempt: voluntary
[    0.225621] rcu: Preemptible hierarchical RCU implementation.
[    0.226432] rcu: RCU event tracing is enabled.
[    0.227065] rcu: RCU restricting CPUs from NR_CPUS=64 to nr_cpu_ids=56.
[    0.228001] Trampoline variant of Tasks RCU enabled.
[    0.228707] Rude variant of Tasks RCU enabled.
[    0.229343] Tracing variant of Tasks RCU enabled.
[    0.230010] rcu: RCU calculated value of scheduler-enlistment delay is 100 jiffies.
[    0.231077] rcu: Adjusting geometry for rcu_fanout_leaf=16, nr_cpu_ids=56
[    0.232327] RCU Tasks: Setting shift to 6 and lim to 1 rcu_task_cb_adjust=1.
[    0.233316] RCU Tasks Rude: Setting shift to 6 and lim to 1 rcu_task_cb_adjust=1.
[    0.234364] RCU Tasks Trace: Setting shift to 6 and lim to 1 rcu_task_cb_adjust=1.
[    0.255432] NR_IRQS: 4352, nr_irqs: 872, preallocated irqs: 16
[    0.256789] rcu: srcu_init: Setting srcu_struct sizes based on contention.
[    0.258232] Console: colour *CGA 80x25
[    0.258861] ACPI: Core revision 20240322
[    0.259770] clocksource: hpet: mask: 0xffffffff max_cycles: 0xffffffff, max_idle_ns: 19112604467 ns
[    0.261182] APIC: Switch to symmetric I/O mode setup
[    0.262066] APIC: Switched APIC routing to: physical flat
[    0.263139] kvm-guest: APIC: send_IPI_mask() replaced with kvm_send_ipi_mask()
[    0.264745] kvm-guest: APIC: send_IPI_mask_allbutself() replaced with kvm_send_ipi_mask_allbutself()
[    0.266156] kvm-guest: setup PV IPIs
[    0.268693] ..TIMER: vector=0x30 apic1=0 pin1=2 apic2=-1 pin2=-1
[    0.270968] clocksource: tsc-early: mask: 0xffffffffffffffff max_cycles: 0x39a85c9bff6, max_idle_ns: 881590591483 ns
[    0.274041] Calibrating delay loop (skipped) preset value.. 4000.00 BogoMIPS (lpj=2000000)
[    0.276149] x86/cpu: User Mode Instruction Prevention (UMIP) activated
[    0.277192] Last level iTLB entries: 4KB 0, 2MB 0, 4MB 0
[    0.278034] Last level dTLB entries: 4KB 0, 2MB 0, 4MB 0, 1GB 0
[    0.279057] Spectre V1 : Mitigation: usercopy/swapgs barriers and __user pointer sanitization
[    0.280042] Spectre V2 : Spectre BHI mitigation: SW BHB clearing on syscall and VM exit
[    0.281034] Spectre V2 : Mitigation: Enhanced / Automatic IBRS
[    0.282034] Spectre V2 : Spectre v2 / SpectreRSB mitigation: Filling RSB on context switch
[    0.283034] Spectre V2 : Spectre v2 / PBRSB-eIBRS: Retire a single CALL on VMEXIT
[    0.284037] Spectre V2 : mitigation: Enabling conditional Indirect Branch Prediction Barrier
[    0.285037] Speculative Store Bypass: Mitigation: Speculative Store Bypass disabled via prctl
[    0.286034] TAA: Mitigation: TSX disabled
[    0.287119] x86/fpu: Supporting XSAVE feature 0x001: 'x87 floating point registers'
[    0.288034] x86/fpu: Supporting XSAVE feature 0x002: 'SSE registers'
[    0.289034] x86/fpu: Supporting XSAVE feature 0x004: 'AVX registers'
[    0.290034] x86/fpu: Supporting XSAVE feature 0x020: 'AVX-512 opmask'
[    0.291034] x86/fpu: Supporting XSAVE feature 0x040: 'AVX-512 Hi256'
[    0.292034] x86/fpu: Supporting XSAVE feature 0x080: 'AVX-512 ZMM_Hi256'
[    0.293034] x86/fpu: Supporting XSAVE feature 0x200: 'Protection Keys User registers'
[    0.294034] x86/fpu: Supporting XSAVE feature 0x20000: 'AMX Tile config'
[    0.295033] x86/fpu: Supporting XSAVE feature 0x40000: 'AMX Tile data'
[    0.296034] x86/fpu: xstate_offset[2]:  576, xstate_sizes[2]:  256
[    0.297034] x86/fpu: xstate_offset[5]:  832, xstate_sizes[5]:   64
[    0.298034] x86/fpu: xstate_offset[6]:  896, xstate_sizes[6]:  512
[    0.299034] x86/fpu: xstate_offset[7]: 1408, xstate_sizes[7]: 1024
[    0.300034] x86/fpu: xstate_offset[9]: 2432, xstate_sizes[9]:    8
[    0.301034] x86/fpu: xstate_offset[17]: 2496, xstate_sizes[17]:   64
[    0.302034] x86/fpu: xstate_offset[18]: 2560, xstate_sizes[18]: 8192
[    0.303034] x86/fpu: Enabled xstate features 0x602e7, context size is 10752 bytes, using 'compacted' format.
[    0.347556] Freeing SMP alternatives memory: 40K
[    0.348035] pid_max: default: 57344 minimum: 448
[    0.349306] Mount-cache hash table entries: 2048 (order: 2, 16384 bytes, linear)
[    0.350037] Mountpoint-cache hash table entries: 2048 (order: 2, 16384 bytes, linear)
[    0.352353] smpboot: CPU0: Intel(R) Xeon(R) Platinum 8480+ (family: 0x6, model: 0x8f, stepping: 0x6)
[    0.353815] Performance Events: PEBS fmt0-, Sapphire Rapids events, full-width counters, Intel PMU driver.
[    0.354040] ... version:                2
[    0.354854] ... bit width:              48
[    0.355036] ... generic registers:      8
[    0.355848] ... value mask:             0000ffffffffffff
[    0.356036] ... max period:             00007fffffffffff
[    0.357036] ... fixed-purpose events:   3
[    0.357843] ... event mask:             00000007000000ff
[    0.358365] signal: max sigframe size: 11952
[    0.359104] rcu: Hierarchical SRCU implementation.
[    0.360036] rcu: Max phase no-delay instances is 400.
[    0.361144] Timer migration: 2 hierarchy levels; 8 children per group; 2 crossnode level
[    0.364687] smp: Bringing up secondary CPUs ...
[    0.365329] smpboot: x86: Booting SMP configuration:
[    0.366041] .... node  #0, CPUs:        #1  #2  #3  #4  #5  #6  #7  #8  #9 #10 #11 #12 #13 #14 #15 #16 #17 #18 #19 #20 #21 #22 #23 #24 #25 #26 #27 #28 #29 #30 #31 #32 #33 #34 #35 #36 #37 #38 #39 #40 #41 #42 #43 #44 #45 #46 #47 #48 #49 #50 #51 #52 #53 #54 #55
[    0.438313] smp: Brought up 1 node, 56 CPUs
[    0.439900] smpboot: Total of 56 processors activated (224000.00 BogoMIPS)
[    0.457267] Memory: 742844K/1048056K available (45056K kernel code, 11298K rwdata, 9932K rodata, 5956K init, 1960K bss, 280344K reserved, 0K cma-reserved)
[    0.458618] devtmpfs: initialized
[    0.459298] x86/mm: Memory block size: 128MB
[    0.469442] clocksource: jiffies: mask: 0xffffffff max_cycles: 0xffffffff, max_idle_ns: 1911260446275000 ns
[    0.470062] futex hash table entries: 16384 (order: 8, 1048576 bytes, linear)
[    0.472178] PM: RTC time: 15:28:23, date: 2024-08-26
[    0.476047] NET: Registered PF_NETLINK/PF_ROUTE protocol family
[    0.478225] thermal_sys: Registered thermal governor 'step_wise'
[    0.478229] thermal_sys: Registered thermal governor 'user_space'
[    0.479116] cpuidle: using governor menu
[    0.482323] PCI: Using configuration type 1 for base access
[    0.483222] kprobes: kprobe jump-optimization is enabled. All kprobes are optimized if possible.
[    0.530561] HugeTLB: registered 1.00 GiB page size, pre-allocated 0 pages
[    0.532043] HugeTLB: 16380 KiB vmemmap can be freed for a 1.00 GiB page
[    0.533038] HugeTLB: registered 2.00 MiB page size, pre-allocated 0 pages
[    0.535036] HugeTLB: 28 KiB vmemmap can be freed for a 2.00 MiB page
[    0.538100] ACPI: Added _OSI(Module Device)
[    0.539038] ACPI: Added _OSI(Processor Device)
[    0.539993] ACPI: Added _OSI(3.0 _SCP Extensions)
[    0.541036] ACPI: Added _OSI(Processor Aggregator Device)
[    0.573811] ACPI: 1 ACPI AML tables successfully acquired and loaded
[    0.585371] ACPI: Interpreter enabled
[    0.586115] ACPI: PM: (supports S0 S3 S4 S5)
[    0.586992] ACPI: Using IOAPIC for interrupt routing
[    0.587110] PCI: Using host bridge windows from ACPI; if necessary, use "pci=nocrs" and report a bug
[    0.589036] PCI: Using E820 reservations for host bridge windows
[    0.591498] ACPI: Enabled 2 GPEs in block 00 to 0F
[    0.653339] ACPI: PCI Root Bridge [PCI0] (domain 0000 [bus 00-ff])
[    0.654053] acpi PNP0A03:00: _OSC: OS supports [ASPM ClockPM Segments MSI HPX-Type3]
[    0.656037] acpi PNP0A03:00: _OSC: not requesting OS control; OS requires [ExtendedConfig ASPM ClockPM MSI]
[    0.657169] acpi PNP0A03:00: fail to add MMCONFIG information, can't access extended configuration space under this bridge
[    0.660474] PCI host bridge to bus 0000:00
[    0.661100] pci_bus 0000:00: root bus resource [io  0x0000-0x0cf7 window]
[    0.662039] pci_bus 0000:00: root bus resource [io  0x0d00-0xffff window]
[    0.663039] pci_bus 0000:00: root bus resource [mem 0x000a0000-0x000bffff window]
[    0.665039] pci_bus 0000:00: root bus resource [mem 0x40000000-0xfebfffff window]
[    0.666039] pci_bus 0000:00: root bus resource [mem 0x100000000-0x17fffffff window]
[    0.667041] pci_bus 0000:00: root bus resource [bus 00-ff]
[    0.668106] pci 0000:00:00.0: [8086:1237] type 00 class 0x060000 conventional PCI endpoint
[    0.671274] pci 0000:00:01.0: [8086:7000] type 00 class 0x060100 conventional PCI endpoint
[    0.673406] pci 0000:00:01.1: [8086:7010] type 00 class 0x010180 conventional PCI endpoint
[    0.678374] pci 0000:00:01.1: BAR 4 [io  0xc0c0-0xc0cf]
[    0.680421] pci 0000:00:01.1: BAR 0 [io  0x01f0-0x01f7]: legacy IDE quirk
[    0.682037] pci 0000:00:01.1: BAR 1 [io  0x03f6]: legacy IDE quirk
[    0.683036] pci 0000:00:01.1: BAR 2 [io  0x0170-0x0177]: legacy IDE quirk
[    0.684036] pci 0000:00:01.1: BAR 3 [io  0x0376]: legacy IDE quirk
[    0.687019] pci 0000:00:01.3: [8086:7113] type 00 class 0x068000 conventional PCI endpoint
[    0.689641] pci 0000:00:01.3: quirk: [io  0x0600-0x063f] claimed by PIIX4 ACPI
[    0.691046] pci 0000:00:01.3: quirk: [io  0x0700-0x070f] claimed by PIIX4 SMB
[    0.693055] pci 0000:00:02.0: [1af4:1009] type 00 class 0x000200 conventional PCI endpoint
[    0.696048] pci 0000:00:02.0: BAR 0 [io  0xc000-0xc03f]
[    0.699039] pci 0000:00:02.0: BAR 1 [mem 0xfebfc000-0xfebfcfff]
[    0.705040] pci 0000:00:02.0: BAR 4 [mem 0xfebf0000-0xfebf3fff 64bit pref]
[    0.722137] pci 0000:00:03.0: [1af4:1009] type 00 class 0x000200 conventional PCI endpoint
[    0.724990] pci 0000:00:03.0: BAR 0 [io  0xc040-0xc07f]
[    0.726908] pci 0000:00:03.0: BAR 1 [mem 0xfebfd000-0xfebfdfff]
[    0.732042] pci 0000:00:03.0: BAR 4 [mem 0xfebf4000-0xfebf7fff 64bit pref]
[    0.749343] pci 0000:00:04.0: [8086:25ab] type 00 class 0x088000 conventional PCI endpoint
[    0.752355] pci 0000:00:04.0: BAR 0 [mem 0xfebfe000-0xfebfe00f]
[    0.768409] pci 0000:00:05.0: [1af4:1003] type 00 class 0x078000 conventional PCI endpoint
[    0.771039] pci 0000:00:05.0: BAR 0 [io  0xc080-0xc0bf]
[    0.773038] pci 0000:00:05.0: BAR 1 [mem 0xfebff000-0xfebfffff]
[    0.777039] pci 0000:00:05.0: BAR 4 [mem 0xfebf8000-0xfebfbfff 64bit pref]
[    0.795670] ACPI: PCI: Interrupt link LNKA configured for IRQ 10
[    0.798122] ACPI: PCI: Interrupt link LNKB configured for IRQ 10
[    0.800083] ACPI: PCI: Interrupt link LNKC configured for IRQ 11
[    0.802079] ACPI: PCI: Interrupt link LNKD configured for IRQ 11
[    0.803471] ACPI: PCI: Interrupt link LNKS configured for IRQ 9
[    0.836871] iommu: Default domain type: Translated
[    0.837037] iommu: DMA domain TLB invalidation policy: lazy mode
[    0.838616] SCSI subsystem initialized
[    0.840316] pps_core: LinuxPPS API ver. 1 registered
[    0.841039] pps_core: Software ver. 5.3.6 - Copyright 2005-2007 Rodolfo Giometti <giometti@linux.it>
[    0.843052] PTP clock support registered
[    0.846197] Advanced Linux Sound Architecture Driver Initialized.
[    0.849842] NET: Registered PF_ATMPVC protocol family
[    0.851037] NET: Registered PF_ATMSVC protocol family
[    0.852067] PCI: Using ACPI for IRQ routing
[    0.854060] vgaarb: loaded
[    0.855251] hpet0: at MMIO 0xfed00000, IRQs 2, 8, 0
[    0.856036] hpet0: 3 comparators, 64-bit 100.000000 MHz counter
[    0.864815] clocksource: Switched to clocksource kvm-clock
[    0.866339] VFS: Disk quotas dquot_6.6.0
[    0.867181] VFS: Dquot-cache hash table entries: 512 (order 0, 4096 bytes)
[    0.869519] pnp: PnP ACPI init
[    0.872958] pnp: PnP ACPI: found 5 devices
[    0.901279] clocksource: acpi_pm: mask: 0xffffff max_cycles: 0xffffff, max_idle_ns: 2085701024 ns
[    0.903252] NET: Registered PF_INET protocol family
[    0.904350] IP idents hash table entries: 16384 (order: 5, 131072 bytes, linear)
[    0.906606] tcp_listen_portaddr_hash hash table entries: 512 (order: 1, 8192 bytes, linear)
[    0.908301] Table-perturb hash table entries: 65536 (order: 6, 262144 bytes, linear)
[    0.909900] TCP established hash table entries: 8192 (order: 4, 65536 bytes, linear)
[    0.911494] TCP bind hash table entries: 8192 (order: 6, 262144 bytes, linear)
[    0.912974] TCP: Hash tables configured (established 8192 bind 8192)
[    0.914591] UDP hash table entries: 512 (order: 2, 16384 bytes, linear)
[    0.915956] UDP-Lite hash table entries: 512 (order: 2, 16384 bytes, linear)
[    0.917785] NET: Registered PF_UNIX/PF_LOCAL protocol family
[    0.918959] pci_bus 0000:00: resource 4 [io  0x0000-0x0cf7 window]
[    0.920213] pci_bus 0000:00: resource 5 [io  0x0d00-0xffff window]
[    0.921446] pci_bus 0000:00: resource 6 [mem 0x000a0000-0x000bffff window]
[    0.922815] pci_bus 0000:00: resource 7 [mem 0x40000000-0xfebfffff window]
[    0.924194] pci_bus 0000:00: resource 8 [mem 0x100000000-0x17fffffff window]
[    0.925831] pci 0000:00:01.0: PIIX3: Enabling Passive Release
[    0.927011] pci 0000:00:00.0: Limiting direct PCI/PCI transfers
[    0.928316] PCI: CLS 0 bytes, default 64
[    0.945244] RAPL PMU: API unit is 2^-32 Joules, 1 fixed counters, 10737418240 ms ovfl timer
[    0.947083] RAPL PMU: hw unit of domain psys 2^-0 Joules
[    1.276742] kwatchdog (374) used greatest stack depth: 30696 bytes left
[    1.292901] kvm_amd: CPU 13 isn't AMD or Hygon
[    1.293851] clocksource: tsc: mask: 0xffffffffffffffff max_cycles: 0x39a85c9bff6, max_idle_ns: 881590591483 ns
[    1.436494] Initialise system trusted keyrings
[    1.438178] workingset: timestamp_bits=56 max_order=18 bucket_order=0
[    1.439681] squashfs: version 4.0 (2009/01/31) Phillip Lougher
[    1.440896] fuse: init (API version 7.40)
[    1.442193] 9p: Installing v9fs 9p2000 file system support
[    1.461974] Key type asymmetric registered
[    1.462809] Asymmetric key parser 'x509' registered
[    1.463859] Block layer SCSI generic (bsg) driver version 0.4 loaded (major 249)
[    1.465389] io scheduler mq-deadline registered
[    1.466309] io scheduler kyber registered
[    1.487777] input: Power Button as /devices/LNXSYSTM:00/LNXPWRBN:00/input/input0
[    1.489935] ACPI: button: Power Button [PWRF]
[    1.493994] Warning: Processor Platform Limit event detected, but not handled.
[    1.497314] Consider compiling CPUfreq support into your kernel.
[    2.406054] ACPI: \_SB_.LNKB: Enabled at IRQ 10
[    3.276746] ACPI: \_SB_.LNKC: Enabled at IRQ 11
[    4.069324] ACPI: \_SB_.LNKA: Enabled at IRQ 10
[    4.071048] Serial: 8250/16550 driver, 4 ports, IRQ sharing enabled
[    4.072005] 00:03: ttyS0 at I/O 0x3f8 (irq = 4, base_baud = 115200) is a 16550A
[    4.105677] Non-volatile memory driver v1.3
[    4.106149] Linux agpgart interface v0.103
[    4.107275] ACPI: bus type drm_connector registered
[    4.109282] printk: legacy console [hvc0] enabled
[    4.110340] printk: legacy bootconsole [earlyser0] disabled
          _      _                                    
   __   _(_)_ __| |_ _ __ ___   ___       _ __   __ _ 
   \ \ / / |  __| __|  _   _ \ / _ \_____|  _ \ / _  |
    \ V /| | |  | |_| | | | | |  __/_____| | | | (_| |
     \_/ |_|_|   \__|_| |_| |_|\___|     |_| |_|\__  |
                                                |___/ 
   kernel version: 6.11.0-rc4-virtme x86_64
   (CTRL+d to exit)

root@virtme-ng:/nipa-data/kernel# PS1='xx__-> '
xx__-> env
PWD=/nipa-data/kernel
nr_open=1048576
HOME=/
TERM=xterm
SHLVL=2
XDG_RUNTIME_DIR=/run/user/0
PATH=/bin:/sbin:/usr/bin:/usr/sbin:/usr/local/bin
OLDPWD=/
_=/bin/env
xx__-> 