No EFI environment detected.
early console in extract_kernel
input_data: 0x0000000004e822c4
input_len: 0x00000000019a29a8
output: 0x0000000001000000
output_len: 0x00000000057ac0d8
kernel_total_size: 0x0000000005430000
needed_size: 0x0000000005800000
trampoline_32bit: 0x0000000000000000
Physical KASLR using RDRAND RDTSC...
Virtual KASLR using RDRAND RDTSC...

Decompressing Linux... Parsing ELF... Performing relocations... done.
Booting the kernel (entry_offset: 0x0000000002c0b7f8).
[    0.000000] Linux version 6.16.0-rc1-virtme (root@1195ecf23392) (gcc (Ubuntu 13.3.0-6ubuntu2~24.04) 13.3.0, GNU ld (GNU Binutils for Ubuntu) 2.42) #1 SMP PREEMPT_DYNAMIC Sat Jun 14 18:26:01 UTC 2025
[    0.000000] Command line: virtme_hostname=virtme-ng nr_open=1048576 virtme_link_mods=/nipa-data/kernel/.virtme_mods/lib/modules/0.0.0 virtme_initmount0=nipa-data/kernel virtme_rw_overlay0=/etc virtme_rw_overlay1=/lib virtme_rw_overlay2=/home virtme_rw_overlay3=/opt virtme_rw_overlay4=/srv virtme_rw_overlay5=/usr virtme_rw_overlay6=/var console=hvc0 earlyprintk=serial,ttyS0,115200 virtme_console=ttyS0 psmouse.proto=exps TERM=xterm virtme_chdir=nipa-data/kernel virtme_root_user=1 rootfstype=9p rootflags=version=9p2000.L,trans=virtio,access=any raid=noautodetect ro init=/usr/lib/python3/dist-packages/virtme/guest/virtme-init
[    0.000000] BIOS-provided physical RAM map:
[    0.000000] BIOS-e820: [mem 0x0000000000000000-0x000000000009fbff] usable
[    0.000000] BIOS-e820: [mem 0x000000000009fc00-0x000000000009ffff] reserved
[    0.000000] BIOS-e820: [mem 0x00000000000f0000-0x00000000000fffff] reserved
[    0.000000] BIOS-e820: [mem 0x0000000000100000-0x000000003ffdffff] usable
[    0.000000] BIOS-e820: [mem 0x000000003ffe0000-0x000000003fffffff] reserved
[    0.000000] BIOS-e820: [mem 0x00000000feffc000-0x00000000feffffff] reserved
[    0.000000] BIOS-e820: [mem 0x00000000fffc0000-0x00000000ffffffff] reserved
[    0.000000] BIOS-e820: [mem 0x000000fd00000000-0x000000ffffffffff] reserved
[    0.000000] printk: legacy bootconsole [earlyser0] enabled
[    0.000000] NX (Execute Disable) protection: active
[    0.000000] APIC: Static calls initialized
[    0.000000] SMBIOS 3.0.0 present.
[    0.000000] DMI: QEMU Ubuntu 24.04 PC (i440FX + PIIX, 1996), BIOS 1.16.3-debian-1.16.3-2 04/01/2014
[    0.000000] DMI: Memory slots populated: 1/1
[    0.000000] Hypervisor detected: KVM
[    0.000000] kvm-clock: Using msrs 4b564d01 and 4b564d00
[    0.000000] kvm-clock: using sched offset of 297064555 cycles
[    0.000359] clocksource: kvm-clock: mask: 0xffffffffffffffff max_cycles: 0x1cd42e4dffb, max_idle_ns: 881590591483 ns
[    0.001470] tsc: Detected 4491.564 MHz processor
[    0.002118] last_pfn = 0x3ffe0 max_arch_pfn = 0x400000000
[    0.002513] MTRR map: 4 entries (3 fixed + 1 variable; max 19), built from 8 variable MTRRs
[    0.003085] x86/PAT: Configuration [0-7]: WB  WC  UC- UC  WB  WP  UC- WT  
[    0.004947] found SMP MP-table at [mem 0x000f5470-0x000f547f]
[    0.005346] Using GB pages for direct mapping
[    0.005793] ACPI: Early table checksum verification disabled
[    0.006181] ACPI: RSDP 0x00000000000F5290 000014 (v00 BOCHS )
[    0.006579] ACPI: RSDT 0x000000003FFE27BC 000034 (v01 BOCHS  BXPC     00000001 BXPC 00000001)
[    0.007165] ACPI: FACP 0x000000003FFE2578 000074 (v01 BOCHS  BXPC     00000001 BXPC 00000001)
[    0.007751] ACPI: DSDT 0x000000003FFE0040 002538 (v01 BOCHS  BXPC     00000001 BXPC 00000001)
[    0.008336] ACPI: FACS 0x000000003FFE0000 000040
[    0.008654] ACPI: APIC 0x000000003FFE25EC 000170 (v03 BOCHS  BXPC     00000001 BXPC 00000001)
[    0.009243] ACPI: HPET 0x000000003FFE275C 000038 (v01 BOCHS  BXPC     00000001 BXPC 00000001)
[    0.009826] ACPI: WAET 0x000000003FFE2794 000028 (v01 BOCHS  BXPC     00000001 BXPC 00000001)
[    0.010411] ACPI: Reserving FACP table memory at [mem 0x3ffe2578-0x3ffe25eb]
[    0.010892] ACPI: Reserving DSDT table memory at [mem 0x3ffe0040-0x3ffe2577]
[    0.011372] ACPI: Reserving FACS table memory at [mem 0x3ffe0000-0x3ffe003f]
[    0.011851] ACPI: Reserving APIC table memory at [mem 0x3ffe25ec-0x3ffe275b]
[    0.012330] ACPI: Reserving HPET table memory at [mem 0x3ffe275c-0x3ffe2793]
[    0.012809] ACPI: Reserving WAET table memory at [mem 0x3ffe2794-0x3ffe27bb]
[    0.013476] No NUMA configuration found
[    0.013737] Faking a node at [mem 0x0000000000000000-0x000000003ffdffff]
[    0.014195] NODE_DATA(0) allocated [mem 0x3ffdb740-0x3ffdffff]
[    0.014611] Zone ranges:
[    0.014784]   DMA      [mem 0x0000000000001000-0x0000000000ffffff]
[    0.015205]   DMA32    [mem 0x0000000001000000-0x000000003ffdffff]
[    0.015626]   Normal   empty
[    0.015823]   Device   empty
[    0.016019] Movable zone start for each node
[    0.016310] Early memory node ranges
[    0.016553]   node   0: [mem 0x0000000000001000-0x000000000009efff]
[    0.016980]   node   0: [mem 0x0000000000100000-0x000000003ffdffff]
[    0.017407] Initmem setup node 0 [mem 0x0000000000001000-0x000000003ffdffff]
[    0.017891] On node 0, zone DMA: 1 pages in unavailable ranges
[    0.018341] On node 0, zone DMA: 97 pages in unavailable ranges
[    0.022666] On node 0, zone DMA32: 32 pages in unavailable ranges
[    0.031766] kasan: KernelAddressSanitizer initialized
[    0.032337] ACPI: PM-Timer IO Port: 0x608
[    0.032622] ACPI: LAPIC_NMI (acpi_id[0xff] dfl dfl lint[0x1])
[    0.033037] IOAPIC[0]: apic_id 0, version 17, address 0xfec00000, GSI 0-23
[    0.033510] ACPI: INT_SRC_OVR (bus 0 bus_irq 0 global_irq 2 dfl dfl)
[    0.033943] ACPI: INT_SRC_OVR (bus 0 bus_irq 5 global_irq 5 high level)
[    0.034397] ACPI: INT_SRC_OVR (bus 0 bus_irq 9 global_irq 9 high level)
[    0.034847] ACPI: INT_SRC_OVR (bus 0 bus_irq 10 global_irq 10 high level)
[    0.035309] ACPI: INT_SRC_OVR (bus 0 bus_irq 11 global_irq 11 high level)
[    0.035773] ACPI: Using ACPI (MADT) for SMP configuration information
[    0.036212] ACPI: HPET id: 0x8086a201 base: 0xfed00000
[    0.036563] TSC deadline timer available
[    0.036833] CPU topo: Max. logical packages:   1
[    0.037148] CPU topo: Max. logical dies:       1
[    0.037462] CPU topo: Max. dies per package:   1
[    0.037778] CPU topo: Max. threads per core:   1
[    0.038092] CPU topo: Num. cores per package:    32
[    0.038427] CPU topo: Num. threads per package:  32
[    0.038758] CPU topo: Allowing 32 present CPUs plus 0 hotplug CPUs
[    0.039194] kvm-guest: APIC: eoi() replaced with kvm_guest_apic_eoi_write()
[    0.039680] kvm-guest: KVM setup pv remote TLB flush
[    0.040020] kvm-guest: setup PV sched yield
[    0.040311] PM: hibernation: Registered nosave memory: [mem 0x00000000-0x00000fff]
[    0.040827] PM: hibernation: Registered nosave memory: [mem 0x0009f000-0x000fffff]
[    0.041343] [mem 0x40000000-0xfeffbfff] available for PCI devices
[    0.041757] Booting paravirtualized kernel on KVM
[    0.042079] clocksource: refined-jiffies: mask: 0xffffffff max_cycles: 0xffffffff, max_idle_ns: 1910969940391419 ns
[    0.050603] setup_percpu: NR_CPUS:64 nr_cpumask_bits:32 nr_cpu_ids:32 nr_node_ids:1
[    0.052335] percpu: Embedded 65 pages/cpu s229208 r8192 d28840 u524288
[    0.052852] Kernel command line: virtme_hostname=virtme-ng nr_open=1048576 virtme_link_mods=/nipa-data/kernel/.virtme_mods/lib/modules/0.0.0 virtme_initmount0=nipa-data/kernel virtme_rw_overlay0=/etc virtme_rw_overlay1=/lib virtme_rw_overlay2=/home virtme_rw_overlay3=/opt virtme_rw_overlay4=/srv virtme_rw_overlay5=/usr virtme_rw_overlay6=/var console=hvc0 earlyprintk=serial,ttyS0,115200 virtme_console=ttyS0 psmouse.proto=exps TERM=xterm virtme_chdir=nipa-data/kernel virtme_root_user=1 rootfstype=9p rootflags=version=9p2000.L,trans=virtio,access=any raid=noautodetect ro init=/usr/lib/python3/dist-packages/virtme/guest/virtme-init
[    0.056893] Unknown kernel command line parameters "virtme_hostname=virtme-ng nr_open=1048576 virtme_link_mods=/nipa-data/kernel/.virtme_mods/lib/modules/0.0.0 virtme_initmount0=nipa-data/kernel virtme_rw_overlay0=/etc virtme_rw_overlay1=/lib virtme_rw_overlay2=/home virtme_rw_overlay3=/opt virtme_rw_overlay4=/srv virtme_rw_overlay5=/usr virtme_rw_overlay6=/var virtme_console=ttyS0 virtme_chdir=nipa-data/kernel virtme_root_user=1", will be passed to user space.
[    0.059957] random: crng init done
[    0.060196] printk: log buffer data + meta data: 262144 + 917504 = 1179648 bytes
[    0.060736] Dentry cache hash table entries: 131072 (order: 8, 1048576 bytes, linear)
[    0.061389] Inode-cache hash table entries: 65536 (order: 7, 524288 bytes, linear)
[    0.062662] Fallback order for Node 0: 0 
[    0.062666] Built 1 zonelists, mobility grouping on.  Total pages: 262014
[    0.063423] Policy zone: DMA32
[    0.063638] mem auto-init: stack:all(zero), heap alloc:off, heap free:off
[    0.064116] stackdepot: allocating hash table via alloc_large_system_hash
[    0.064599] stackdepot hash table entries: 1048576 (order: 12, 16777216 bytes, linear)
[    0.072308] SLUB: HWalign=64, Order=0-3, MinObjects=0, CPUs=32, Nodes=1
Poking KASLR using RDRAND RDTSC...
[    0.081413] ftrace: allocating 49237 entries in 194 pages
[    0.081792] ftrace: allocated 194 pages with 3 groups
[    0.083017] Dynamic Preempt: voluntary
[    0.083735] rcu: Preemptible hierarchical RCU implementation.
[    0.084136] rcu: RCU event tracing is enabled.
[    0.084456] rcu: RCU restricting CPUs from NR_CPUS=64 to nr_cpu_ids=32.
[    0.084926] Trampoline variant of Tasks RCU enabled.
[    0.085282] Rude variant of Tasks RCU enabled.
[    0.085597] Tracing variant of Tasks RCU enabled.
[    0.085931] rcu: RCU calculated value of scheduler-enlistment delay is 100 jiffies.
[    0.086466] rcu: Adjusting geometry for rcu_fanout_leaf=16, nr_cpu_ids=32
[    0.087006] RCU Tasks: Setting shift to 5 and lim to 1 rcu_task_cb_adjust=1 rcu_task_cpu_ids=32.
[    0.087620] RCU Tasks Rude: Setting shift to 5 and lim to 1 rcu_task_cb_adjust=1 rcu_task_cpu_ids=32.
[    0.088263] RCU Tasks Trace: Setting shift to 5 and lim to 1 rcu_task_cb_adjust=1 rcu_task_cpu_ids=32.
[    0.098144] NR_IRQS: 4352, nr_irqs: 680, preallocated irqs: 16
[    0.098806] rcu: srcu_init: Setting srcu_struct sizes based on contention.
[    0.099677] Console: colour *CGA 80x25
[    0.099971] ACPI: Core revision 20250404
[    0.100400] clocksource: hpet: mask: 0xffffffff max_cycles: 0xffffffff, max_idle_ns: 19112604467 ns
[    0.101099] APIC: Switch to symmetric I/O mode setup
[    0.101596] x2apic enabled
[    0.101966] APIC: Switched APIC routing to: physical x2apic
[    0.102416] kvm-guest: APIC: send_IPI_mask() replaced with kvm_send_ipi_mask()
[    0.102928] kvm-guest: APIC: send_IPI_mask_allbutself() replaced with kvm_send_ipi_mask_allbutself()
[    0.103551] kvm-guest: setup PV IPIs
[    0.104617] ..TIMER: vector=0x30 apic1=0 pin1=2 apic2=-1 pin2=-1
[    0.105380] clocksource: tsc-early: mask: 0xffffffffffffffff max_cycles: 0x40be463295d, max_idle_ns: 440795209293 ns
[    0.106688] Calibrating delay loop (skipped) preset value.. 8983.12 BogoMIPS (lpj=4491564)
[    0.107753] x86/cpu: User Mode Instruction Prevention (UMIP) activated
[    0.108743] Last level iTLB entries: 4KB 512, 2MB 255, 4MB 127
[    0.109686] Last level dTLB entries: 4KB 512, 2MB 255, 4MB 127, 1GB 0
[    0.110696] Speculative Store Bypass: Mitigation: Speculative Store Bypass disabled via prctl
[    0.111686] Speculative Return Stack Overflow: IBPB-extending microcode not applied!
[    0.112686] Speculative Return Stack Overflow: WARNING: See https://kernel.org/doc/html/latest/admin-guide/hw-vuln/srso.html for mitigation options.
[    0.112687] Spectre V2 : Mitigation: Enhanced / Automatic IBRS
[    0.114686] Speculative Return Stack Overflow: Vulnerable: Safe RET, no microcode
[    0.115686] Spectre V1 : Mitigation: usercopy/swapgs barriers and __user pointer sanitization
[    0.116690] Spectre V2 : mitigation: Enabling conditional Indirect Branch Prediction Barrier
[    0.117702] x86/fpu: Supporting XSAVE feature 0x001: 'x87 floating point registers'
[    0.118686] x86/fpu: Supporting XSAVE feature 0x002: 'SSE registers'
[    0.119686] x86/fpu: Supporting XSAVE feature 0x004: 'AVX registers'
[    0.120439] x86/fpu: Supporting XSAVE feature 0x020: 'AVX-512 opmask'
[    0.120686] x86/fpu: Supporting XSAVE feature 0x040: 'AVX-512 Hi256'
[    0.121686] x86/fpu: Supporting XSAVE feature 0x080: 'AVX-512 ZMM_Hi256'
[    0.122686] x86/fpu: Supporting XSAVE feature 0x200: 'Protection Keys User registers'
[    0.123686] x86/fpu: xstate_offset[2]:  576, xstate_sizes[2]:  256
[    0.124420] x86/fpu: xstate_offset[5]:  832, xstate_sizes[5]:   64
[    0.124686] x86/fpu: xstate_offset[6]:  896, xstate_sizes[6]:  512
[    0.125686] x86/fpu: xstate_offset[7]: 1408, xstate_sizes[7]: 1024
[    0.126686] x86/fpu: xstate_offset[9]: 2432, xstate_sizes[9]:    8
[    0.127421] x86/fpu: Enabled xstate features 0x2e7, context size is 2440 bytes, using 'compacted' format.
[    0.147970] Freeing SMP alternatives memory: 40K
[    0.148527] pid_max: default: 32768 minimum: 301
[    0.148809] Mount-cache hash table entries: 2048 (order: 2, 16384 bytes, linear)
[    0.149687] Mountpoint-cache hash table entries: 2048 (order: 2, 16384 bytes, linear)
[    0.151731] smpboot: CPU0: AMD Ryzen 9 7950X 16-Core Processor (family: 0x19, model: 0x61, stepping: 0x2)
[    0.153127] Performance Events: Fam17h+ core perfctr, AMD PMU driver.
[    0.153689] ... version:                0
[    0.154168] ... bit width:              48
[    0.154657] ... generic registers:      6
[    0.154688] ... value mask:             0000ffffffffffff
[    0.155321] ... max period:             00007fffffffffff
[    0.155688] ... fixed-purpose events:   0
[    0.156166] ... event mask:             000000000000003f
[    0.156867] signal: max sigframe size: 3376
[    0.157413] rcu: Hierarchical SRCU implementation.
[    0.157688] rcu: Max phase no-delay instances is 400.
[    0.158387] Timer migration: 2 hierarchy levels; 8 children per group; 2 crossnode level
[    0.162540] smp: Bringing up secondary CPUs ...
[    0.162871] smpboot: x86: Booting SMP configuration:
[    0.163468] .... node  #0, CPUs:        #1  #2  #3  #4  #5  #6  #7  #8  #9 #10 #11 #12 #13 #14 #15 #16 #17 #18 #19 #20 #21 #22 #23 #24 #25 #26 #27 #28 #29 #30 #31
[    0.180780] smp: Brought up 1 node, 32 CPUs
[    0.182210] smpboot: Total of 32 processors activated (287460.09 BogoMIPS)
[    0.185888] Memory: 759288K/1048056K available (45102K kernel code, 11643K rwdata, 10364K rodata, 6184K init, 1192K bss, 272980K reserved, 0K cma-reserved)
[    0.186813] devtmpfs: initialized
[    0.187428] x86/mm: Memory block size: 128MB
[    0.194214] clocksource: jiffies: mask: 0xffffffff max_cycles: 0xffffffff, max_idle_ns: 1911260446275000 ns
[    0.194697] posixtimers hash table entries: 16384 (order: 6, 262144 bytes, linear)
[    0.195691] futex hash table entries: 8192 (524288 bytes on 1 NUMA nodes, total 512 KiB, linear).
[    0.197009] PM: RTC time: 18:26:23, date: 2025-06-14
[    0.198404] NET: Registered PF_NETLINK/PF_ROUTE protocol family
[    0.199551] thermal_sys: Registered thermal governor 'step_wise'
[    0.199581] cpuidle: using governor menu
[    0.201183] PCI: Using configuration type 1 for base access
[    0.201688] PCI: Using configuration type 1 for extended access
[    0.202536] kprobes: kprobe jump-optimization is enabled. All kprobes are optimized if possible.
[    0.218960] HugeTLB: allocation took 0ms with hugepage_allocation_threads=8
[    0.219600] HugeTLB: registered 1.00 GiB page size, pre-allocated 0 pages
[    0.220688] HugeTLB: 16380 KiB vmemmap can be freed for a 1.00 GiB page
[    0.221497] HugeTLB: registered 2.00 MiB page size, pre-allocated 0 pages
[    0.221688] HugeTLB: 28 KiB vmemmap can be freed for a 2.00 MiB page
[    0.223424] ACPI: Added _OSI(Module Device)
[    0.224689] ACPI: Added _OSI(Processor Device)
[    0.225230] ACPI: Added _OSI(Processor Aggregator Device)
[    0.249798] ACPI: 1 ACPI AML tables successfully acquired and loaded
[    0.254609] ACPI: Interpreter enabled
[    0.254748] ACPI: PM: (supports S0 S3 S4 S5)
[    0.255267] ACPI: Using IOAPIC for interrupt routing
[    0.255738] PCI: Using host bridge windows from ACPI; if necessary, use "pci=nocrs" and report a bug
[    0.257688] PCI: Using E820 reservations for host bridge windows
[    0.259519] ACPI: Enabled 2 GPEs in block 00 to 0F
[    0.308452] ACPI: PCI Root Bridge [PCI0] (domain 0000 [bus 00-ff])
[    0.309702] acpi PNP0A03:00: _OSC: OS supports [ExtendedConfig ASPM ClockPM Segments MSI HPX-Type3]
[    0.311194] PCI host bridge to bus 0000:00
[    0.311744] pci_bus 0000:00: root bus resource [io  0x0000-0x0cf7 window]
[    0.312586] pci_bus 0000:00: root bus resource [io  0x0d00-0xffff window]
[    0.312691] pci_bus 0000:00: root bus resource [mem 0x000a0000-0x000bffff window]
[    0.313603] pci_bus 0000:00: root bus resource [mem 0x40000000-0xfebfffff window]
[    0.314691] pci_bus 0000:00: root bus resource [mem 0x100000000-0x17fffffff window]
[    0.315630] pci_bus 0000:00: root bus resource [bus 00-ff]
[    0.316782] pci 0000:00:00.0: [8086:1237] type 00 class 0x060000 conventional PCI endpoint
[    0.318600] pci 0000:00:01.0: [8086:7000] type 00 class 0x060100 conventional PCI endpoint
[    0.320584] pci 0000:00:01.1: [8086:7010] type 00 class 0x010180 conventional PCI endpoint
[    0.322133] pci 0000:00:01.1: BAR 4 [io  0xc0c0-0xc0cf]
[    0.322706] pci 0000:00:01.1: BAR 0 [io  0x01f0-0x01f7]: legacy IDE quirk
[    0.323533] pci 0000:00:01.1: BAR 1 [io  0x03f6]: legacy IDE quirk
[    0.323688] pci 0000:00:01.1: BAR 2 [io  0x0170-0x0177]: legacy IDE quirk
[    0.324515] pci 0000:00:01.1: BAR 3 [io  0x0376]: legacy IDE quirk
[    0.326402] pci 0000:00:01.3: [8086:7113] type 00 class 0x068000 conventional PCI endpoint
[    0.327910] pci 0000:00:01.3: quirk: [io  0x0600-0x063f] claimed by PIIX4 ACPI
[    0.328692] pci 0000:00:01.3: quirk: [io  0x0700-0x070f] claimed by PIIX4 SMB
[    0.330328] pci 0000:00:02.0: [1af4:1009] type 00 class 0x000200 conventional PCI endpoint
[    0.332692] pci 0000:00:02.0: BAR 0 [io  0xc000-0xc03f]
[    0.333343] pci 0000:00:02.0: BAR 1 [mem 0xfebfc000-0xfebfcfff]
[    0.333702] pci 0000:00:02.0: BAR 4 [mem 0xfebf0000-0xfebf3fff 64bit pref]
[    0.346423] pci 0000:00:03.0: [1af4:1009] type 00 class 0x000200 conventional PCI endpoint
[    0.348693] pci 0000:00:03.0: BAR 0 [io  0xc040-0xc07f]
[    0.349340] pci 0000:00:03.0: BAR 1 [mem 0xfebfd000-0xfebfdfff]
[    0.349702] pci 0000:00:03.0: BAR 4 [mem 0xfebf4000-0xfebf7fff 64bit pref]
[    0.362351] pci 0000:00:04.0: [8086:25ab] type 00 class 0x088000 conventional PCI endpoint
[    0.364043] pci 0000:00:04.0: BAR 0 [mem 0xfebfe000-0xfebfe00f]
[    0.376382] pci 0000:00:05.0: [1af4:1003] type 00 class 0x078000 conventional PCI endpoint
[    0.378404] pci 0000:00:05.0: BAR 0 [io  0xc080-0xc0bf]
[    0.378692] pci 0000:00:05.0: BAR 1 [mem 0xfebff000-0xfebfffff]
[    0.379428] pci 0000:00:05.0: BAR 4 [mem 0xfebf8000-0xfebfbfff 64bit pref]
[    0.394921] ACPI: PCI: Interrupt link LNKA configured for IRQ 10
[    0.396637] ACPI: PCI: Interrupt link LNKB configured for IRQ 10
[    0.397640] ACPI: PCI: Interrupt link LNKC configured for IRQ 11
[    0.399641] ACPI: PCI: Interrupt link LNKD configured for IRQ 11
[    0.401081] ACPI: PCI: Interrupt link LNKS configured for IRQ 9
[    0.420732] iommu: Default domain type: Translated
[    0.421330] iommu: DMA domain TLB invalidation policy: lazy mode
[    0.424032] SCSI subsystem initialized
[    0.424822] pps_core: LinuxPPS API ver. 1 registered
[    0.425425] pps_core: Software ver. 5.3.6 - Copyright 2005-2007 Rodolfo Giometti <giometti@linux.it>
[    0.426705] PTP clock support registered
[    0.427822] Advanced Linux Sound Architecture Driver Initialized.
[    0.429805] NET: Registered PF_ATMPVC protocol family
[    0.430427] NET: Registered PF_ATMSVC protocol family
[    0.430725] PCI: Using ACPI for IRQ routing
[    0.431730] vgaarb: loaded
[    0.431803] hpet0: at MMIO 0xfed00000, IRQs 2, 8, 0
[    0.432400] hpet0: 3 comparators, 64-bit 100.000000 MHz counter
[    0.436813] clocksource: Switched to clocksource kvm-clock
[    0.437919] VFS: Disk quotas dquot_6.6.0
[    0.438417] VFS: Dquot-cache hash table entries: 512 (order 0, 4096 bytes)
[    0.440031] pnp: PnP ACPI init
[    0.442863] pnp: PnP ACPI: found 5 devices
[    0.454913] clocksource: acpi_pm: mask: 0xffffff max_cycles: 0xffffff, max_idle_ns: 2085701024 ns
[    0.456048] NET: Registered PF_INET protocol family
[    0.456699] IP idents hash table entries: 16384 (order: 5, 131072 bytes, linear)
[    0.457951] tcp_listen_portaddr_hash hash table entries: 512 (order: 1, 8192 bytes, linear)
[    0.458968] Table-perturb hash table entries: 65536 (order: 6, 262144 bytes, linear)
[    0.459923] TCP established hash table entries: 8192 (order: 4, 65536 bytes, linear)
[    0.460868] TCP bind hash table entries: 8192 (order: 6, 262144 bytes, linear)
[    0.461775] TCP: Hash tables configured (established 8192 bind 8192)
[    0.462798] UDP hash table entries: 512 (order: 3, 32768 bytes, linear)
[    0.463625] UDP-Lite hash table entries: 512 (order: 3, 32768 bytes, linear)
[    0.464703] NET: Registered PF_UNIX/PF_LOCAL protocol family
[    0.465408] pci_bus 0000:00: resource 4 [io  0x0000-0x0cf7 window]
[    0.466149] pci_bus 0000:00: resource 5 [io  0x0d00-0xffff window]
[    0.466894] pci_bus 0000:00: resource 6 [mem 0x000a0000-0x000bffff window]
[    0.467724] pci_bus 0000:00: resource 7 [mem 0x40000000-0xfebfffff window]
[    0.468552] pci_bus 0000:00: resource 8 [mem 0x100000000-0x17fffffff window]
[    0.469601] pci 0000:00:01.0: PIIX3: Enabling Passive Release
[    0.470294] pci 0000:00:00.0: Limiting direct PCI/PCI transfers
[    0.471043] PCI: CLS 0 bytes, default 64
[    0.471634] kvm_intel: VMX not supported by CPU 3
[    0.472227] kvm_amd: TSC scaling supported
[    0.472726] kvm_amd: Nested Virtualization enabled
[    0.473299] kvm_amd: Nested Paging enabled
[    0.473796] kvm_amd: LBR virtualization supported
[    0.474367] kvm_amd: Virtual GIF supported
[    0.474863] kvm_amd: Virtual NMI enabled
[    0.503409] clocksource: tsc: mask: 0xffffffffffffffff max_cycles: 0x40be463295d, max_idle_ns: 440795209293 ns
[    0.520908] Initialise system trusted keyrings
[    0.521596] workingset: timestamp_bits=56 max_order=18 bucket_order=0
[    0.522489] squashfs: version 4.0 (2009/01/31) Phillip Lougher
[    0.523213] fuse: init (API version 7.44)
[    0.523847] 9p: Installing v9fs 9p2000 file system support
[    0.533577] Key type asymmetric registered
[    0.534080] Asymmetric key parser 'x509' registered
[    0.534744] Block layer SCSI generic (bsg) driver version 0.4 loaded (major 249)
[    0.535682] io scheduler mq-deadline registered
[    0.536232] io scheduler kyber registered
[    0.538576] input: Power Button as /devices/LNXSYSTM:00/LNXPWRBN:00/input/input0
[    0.539722] ACPI: button: Power Button [PWRF]
[    0.541634] Warning: Processor Platform Limit event detected, but not handled.
[    0.542528] Consider compiling CPUfreq support into your kernel.
[    1.415510] ACPI: \_SB_.LNKB: Enabled at IRQ 10
[    2.280905] ACPI: \_SB_.LNKC: Enabled at IRQ 11
[    3.147356] ACPI: \_SB_.LNKA: Enabled at IRQ 10
[    3.149221] Serial: 8250/16550 driver, 4 ports, IRQ sharing enabled
[    3.150337] 00:03: ttyS0 at I/O 0x3f8 (irq = 4, base_baud = 115200) is a 16550A
[    3.174990] Non-volatile memory driver v1.3
[    3.175794] Linux agpgart interface v0.103
[    3.176043] ACPI: bus type drm_connector registered
[    3.176919] printk: legacy console [hvc0] enabled
[    3.177508] printk: legacy bootconsole [earlyser0] disabled
          _      _                                    
   __   _(_)_ __| |_ _ __ ___   ___       _ __   __ _ 
   \ \ / / |  __| __|  _   _ \ / _ \_____|  _ \ / _  |
    \ V /| | |  | |_| | | | | |  __/_____| | | | (_| |
     \_/ |_|_|   \__|_| |_| |_|\___|     |_| |_|\__  |
                                                |___/ 
   kernel version: 6.16.0-rc1-virtme x86_64
   (CTRL+d to exit)

root@virtme-ng:/nipa-data/kernel# PS1='xx__-> '
xx__-> env
PWD=/nipa-data/kernel
nr_open=1048576
HOME=/
TERM=xterm
SHLVL=2
XDG_RUNTIME_DIR=/run/user/0
PATH=/bin:/sbin:/usr/bin:/usr/sbin:/usr/local/bin
OLDPWD=/
_=/bin/env
xx__-> 