[    1.438413] GACT probability on
[    1.486752] Mirror/redirect action on
[    1.627371] Simple TC action Loaded
[    1.931043] u32 classifier
[    1.931080]     Performance counters on
[    1.931112]     input device check on
[    1.931145]     Actions configured
[    4.070520] netem: version 1.3
[    4.981664] tc (957) used greatest stack depth: 12272 bytes left
[    6.763270] sch_tbf: burst 1500 is lower than device dummy1id6430 mtu (1514) !
[    6.801963] sch_tbf: burst 1500 is lower than device dummy1id0518 mtu (1514) !
[    6.841622] sch_tbf: burst 1500 is lower than device dummy1id320a mtu (1514) !
[    6.879721] sch_tbf: burst 1500 is lower than device dummy1id239b mtu (1514) !
[    6.916628] sch_tbf: burst 1500 is lower than device dummy1idc975 mtu (1514) !
[    6.952524] sch_tbf: burst 1500 is lower than device dummy1id948c mtu (1514) !
[    6.987765] sch_tbf: burst 1500 is lower than device dummy1id3549 mtu (1514) !
[    6.996960] sch_tbf: burst 1500 is lower than device dummy1id3549 mtu (1514) !
[    7.038622] sch_tbf: burst 1500 is lower than device dummy1idf948 mtu (1514) !
[    7.047953] sch_tbf: burst 1500 is lower than device dummy1idf948 mtu (1514) !
[    7.812690] tc (2034) used greatest stack depth: 12040 bytes left
[    9.188576] v0p0id5993: entered promiscuous mode
[    9.236094] v0p0id5993: left promiscuous mode
[    9.256671] v0p0id5993: entered promiscuous mode
[    9.274790] v0p0id5993: left promiscuous mode
[    9.295786] v0p0id5993: entered promiscuous mode
[    9.326935] v0p0id5993: left promiscuous mode
[    9.346374] v0p0id5993: entered promiscuous mode
[    9.367129] v0p0id5993: left promiscuous mode
[    9.386625] v0p0id5993: entered promiscuous mode
[    9.415128] v0p0id5993: left promiscuous mode
[    9.436427] v0p0id5993: entered promiscuous mode
[    9.462802] v0p0id5993: left promiscuous mode
[    9.485628] v0p0id5993: entered promiscuous mode
[    9.516941] v0p0id5993: left promiscuous mode
[    9.540406] v0p0id5993: entered promiscuous mode
[    9.545282] v0p0id5993: left promiscuous mode
[    9.568377] v0p0id5993: entered promiscuous mode
[    9.599747] v0p0id5993: left promiscuous mode
[    9.622625] v0p0id5993: entered promiscuous mode
[    9.654389] v0p0id5993: left promiscuous mode
[    9.674394] v0p0id5993: entered promiscuous mode
[    9.701397] v0p0id5993: left promiscuous mode
[    9.723617] v0p0id5993: entered promiscuous mode
[    9.749649] v0p0id5993: left promiscuous mode
[    9.769358] v0p0id5993: entered promiscuous mode
[    9.773742] v0p0id5993: left promiscuous mode
[    9.794614] v0p0id5993: entered promiscuous mode
[    9.821909] v0p0id5993: left promiscuous mode
[    9.841364] v0p0id5993: entered promiscuous mode
[    9.845624] v0p0id5993: left promiscuous mode
[    9.866636] v0p0id5993: entered promiscuous mode
[    9.897463] v0p0id5993: left promiscuous mode
[    9.922566] v0p0id5993: entered promiscuous mode
[    9.953465] v0p0id5993: left promiscuous mode
[    9.974385] v0p0id5993: entered promiscuous mode
[    9.996782] v0p0id5993: left promiscuous mode
[   10.017401] v0p0id5993: entered promiscuous mode
[   10.022241] v0p0id5993: left promiscuous mode
[   10.042388] v0p0id5993: entered promiscuous mode
[   10.063715] v0p0id5993: left promiscuous mode
[   10.085571] v0p0id5993: entered promiscuous mode
[   10.112854] v0p0id5993: left promiscuous mode
[   10.134595] v0p0id5993: entered promiscuous mode
[   10.161554] v0p0id5993: left promiscuous mode
[   18.699618] v0p0id3992: entered promiscuous mode
[   18.738176] v0p0id3992: left promiscuous mode
[   18.762688] v0p0id3992: entered promiscuous mode
[   18.785958] v0p0id3992: left promiscuous mode
[   20.486333] unregister_netdevice: waiting for lo to become free. Usage count = 7
[   22.880642] python3 invoked oom-killer: gfp_mask=0x140cca(GFP_HIGHUSER_MOVABLE|__GFP_COMP), order=0, oom_score_adj=0
[   22.880693] CPU: 2 PID: 6438 Comm: python3 Not tainted 6.9.0-rc6-virtme #1
[   22.880723] Hardware name: QEMU Standard PC (i440FX + PIIX, 1996), BIOS rel-1.16.3-0-ga6ed6b701f0a-prebuilt.qemu.org 04/01/2014
[   22.880778] Call Trace:
[   22.880810]  <TASK>
[   22.880831]  dump_stack_lvl+0x53/0x70
[   22.880853]  dump_header+0x50/0x3a0
[   22.880875]  ? srso_alias_return_thunk+0x5/0xfbef5
[   22.880909]  ? srso_alias_return_thunk+0x5/0xfbef5
[   22.880940]  ? srso_alias_return_thunk+0x5/0xfbef5
[   22.880990]  ? ___ratelimit+0xa7/0x110
[   22.881011]  oom_kill_process+0x2f3/0x4b0
[   22.881042]  ? srso_alias_return_thunk+0x5/0xfbef5
[   22.881074]  out_of_memory+0xf1/0x700
[   22.881095]  __alloc_pages+0xdbc/0x10d0
[   22.881127]  alloc_pages_mpol+0x4c/0xf0
[   22.881148]  __filemap_get_folio+0xc3/0x220
[   22.881168]  filemap_fault+0x150/0xa70
[   22.881198]  ? register_netdevice+0x692/0x790
[   22.881235]  __do_fault+0x2e/0xb0
[   22.881260]  __handle_mm_fault+0x6f6/0xd40
[   22.881286]  ? setup_net+0x27d/0x2e0
[   22.881313]  handle_mm_fault+0xbb/0x1e0
[   22.881337]  do_user_addr_fault+0x170/0x640
[   22.881363]  exc_page_fault+0x6b/0x150
[   22.881389]  asm_exc_page_fault+0x26/0x30
[   22.881415] RIP: 0033:0x7f71a7038f86
[   22.881443] Code: Unable to access opcode bytes at 0x7f71a7038f5c.
[   22.881479] RSP: 002b:00007ffea145e748 EFLAGS: 00010206
[   22.881511] RAX: 0000000000000000 RBX: 0000000000000000 RCX: 00007f71a703ae2a
[   22.881555] RDX: 00007ffea145e6d8 RSI: 00007f71a6a04d80 RDI: 0000000000000000
[   22.881600] RBP: 00007ffea145e760 R08: 00007f71a5b1f5c0 R09: 00007f71a6bad9bc
[   22.881645] R10: 0000000000000000 R11: 0000000000000206 R12: 00007ffea145e6a0
[   22.881690] R13: 00007ffea145e940 R14: 0000000000000004 R15: 0000000000000001
[   22.881736]  </TASK>
[   22.881765] Mem-Info:
[   22.881784] active_anon:23 inactive_anon:42702 isolated_anon:0
[   22.881784]  active_file:46 inactive_file:44 isolated_file:0
[   22.881784]  unevictable:0 dirty:0 writeback:0
[   22.881784]  slab_reclaimable:5050 slab_unreclaimable:66438
[   22.881784]  mapped:77 shmem:9 pagetables:555
[   22.881784]  sec_pagetables:0 bounce:0
[   22.881784]  kernel_misc_reclaimable:0
[   22.881784]  free:2271 free_pcp:193 free_cma:0
[   22.881963] Node 0 active_anon:92kB inactive_anon:170808kB active_file:184kB inactive_file:176kB unevictable:0kB isolated(anon):0kB isolated(file):0kB mapped:308kB dirty:0kB writeback:0kB shmem:36kB writeback_tmp:0kB kernel_stack:6400kB pagetables:2220kB sec_pagetables:0kB all_unreclaimable? yes
[   22.882078] Node 0 DMA free:3852kB boost:0kB min:60kB low:72kB high:84kB reserved_highatomic:0KB active_anon:0kB inactive_anon:92kB active_file:0kB inactive_file:0kB unevictable:0kB writepending:0kB present:15992kB managed:15360kB mlocked:0kB bounce:0kB free_pcp:0kB local_pcp:0kB free_cma:0kB
[   22.882201] lowmem_reserve[]: 0 948 948 948 948
[   22.882233] Node 0 DMA32 free:5232kB boost:2048kB min:5956kB low:6932kB high:7908kB reserved_highatomic:0KB active_anon:92kB inactive_anon:170732kB active_file:0kB inactive_file:20kB unevictable:0kB writepending:0kB present:1032064kB managed:974636kB mlocked:0kB bounce:0kB free_pcp:772kB local_pcp:768kB free_cma:0kB
[   22.882377] lowmem_reserve[]: 0 0 0 0 0
[   22.882404] Node 0 DMA: 10*4kB (M) 9*8kB (UME) 6*16kB (UME) 2*32kB (ME) 2*64kB (M) 1*128kB (M) 3*256kB (UM) 3*512kB (UM) 1*1024kB (E) 0*2048kB 0*4096kB = 3856kB
[   22.882485] Node 0 DMA32: 708*4kB (UME) 227*8kB (UME) 37*16kB (UM) 0*32kB 0*64kB 0*128kB 0*256kB 0*512kB 0*1024kB 0*2048kB 0*4096kB = 5240kB
[   22.882557] Node 0 hugepages_total=0 hugepages_free=0 hugepages_surp=0 hugepages_size=1048576kB
[   22.882608] Node 0 hugepages_total=0 hugepages_free=0 hugepages_surp=0 hugepages_size=2048kB
[   22.882654] 84 total pagecache pages
[   22.882674] 0 pages in swap cache
[   22.882700] Free swap  = 0kB
[   22.882721] Total swap = 0kB
[   22.882741] 262014 pages RAM
[   22.882768] 0 pages HighMem/MovableOnly
[   22.882794] 14515 pages reserved
[   22.882820] Unreclaimable slab info:
[   22.882846] Name                      Used          Total
[   22.882891] nf_conntrack               8KB          8KB
[   22.882922] p9_req_t                 255KB        255KB
[   22.882954] bio-120                    4KB          4KB
[   22.882994] bio-248                    8KB          8KB
[   22.883026] mqueue_inode_cache         31KB         31KB
[   22.883058] RAW                       95KB         95KB
[   22.883090] TCP                      275KB        275KB
[   22.883122] hugetlbfs_inode_cache         31KB         31KB
[   22.883155] bio-240                    8KB          8KB
[   22.883187] request_queue             31KB         31KB
[   22.883219] bio-184                    7KB          7KB
[   22.883256] skbuff_small_head        504KB        504KB
[   22.883291] skbuff_head_cache        256KB        256KB
[   22.883323] seq_file                 127KB        127KB
[   22.883355] shmem_inode_cache       1183KB       1183KB
[   22.883387] kernfs_node_cache      30834KB      30839KB
[   22.883419] filp                     264KB        264KB
[   22.883451] net_namespace           1918KB       1918KB
[   22.883483] vma_lock                 409KB        414KB
[   22.883511] vm_area_struct          1283KB       1283KB
[   22.883536] files_cache              980KB        980KB
[   22.883568] signal_cache            1721KB       1721KB
[   22.883600] sighand_cache           1670KB       1670KB
[   22.883632] task_struct             3318KB       3318KB
[   22.883665] anon_vma                 677KB        677KB
[   22.883697] Acpi-State               135KB        135KB
[   22.883729] shared_policy_node         31KB         31KB
[   22.883761] ftrace_event_field        227KB        227KB
[   22.883794] task_group              1275KB       1275KB
[   22.883826] mm_struct               1008KB       1008KB
[   22.883861] vmap_area                443KB        547KB
[   22.883891] kmalloc-8k             22600KB      22600KB
[   22.883923] kmalloc-4k             43152KB      43152KB
[   22.883955] kmalloc-2k             31972KB      31972KB
[   22.883987] kmalloc-1k              5508KB       5508KB
[   22.884019] kmalloc-512            29070KB      29184KB
[   22.884052] kmalloc-256             4630KB       4656KB
[   22.884083] kmalloc-192             7800KB       7800KB
[   22.884115] kmalloc-128             1012KB       1012KB
[   22.884147] kmalloc-96               862KB        862KB
[   22.884180] kmalloc-64              1669KB       1680KB
[   22.884213] kmalloc-32               377KB        404KB
[   22.884243] kmalloc-16               432KB        432KB
[   22.884286] kmalloc-8                227KB        228KB
[   22.884315] kmem_cache_node           12KB         12KB
[   22.884347] kmem_cache                40KB         40KB
[   22.884379] Tasks state (memory values in pages):
[   22.884407] [  pid  ]   uid  tgid total_vm      rss rss_anon rss_file rss_shmem pgtables_bytes swapents oom_score_adj name
[   22.884463] [    360]     0   360      654      192      128       64         0    49152        0             0 bash
[   22.884530] [    365]     0   365      323      128       64       64         0    36864        0             0 make
[   22.884587] [    375]     0   375      407        0        0        0         0    45056        0             0 sh
[   22.884644] [    376]     0   376      314      128       64       64         0    45056        0             0 make
[   22.884701] [    377]     0   377      413       64        0       64         0    40960        0             0 sh
[   22.884758] [    400]     0   400      413       64        0       64         0    40960        0             0 sh
[   22.884816] [    401]     0   401      413       64        0       64         0    40960        0             0 sh
[   22.884868] [    402]     0   402      413       64        0       64         0    40960        0             0 sh
[   22.884926] [    403]     0   403      413       64        0       64         0    40960        0             0 sh
[   22.884984] [    404]     0   404      413       64        0       64         0    40960        0             0 sh
[   22.885041] [    405]     0   405      413       64        0       64         0    40960        0             0 sh
[   22.885095] [    406]     0   406     1633      128      128        0         0    49152        0             0 /usr/bin/timeou
[   22.885162] [    407]     0   407     1588      448      384       64         0    53248        0             0 perl
[   22.885217] [    409]     0   409     1633      128      128        0         0    57344        0             0 /usr/bin/timeou
[   22.885289] [    410]     0   410      412       64        0       64         0    45056        0             0 tdc.sh
[   22.885346] [    536]     0   536    18560    12923    12731      192         0   188416        0             0 python3
[   22.885399] [    540]     0   540    17689    13543    13287      256         0   180224        0             0 python3
[   22.885463] [    541]     0   541    17343    13159    12967      192         0   176128        0             0 python3
[   22.885520] [    542]     0   542    17407    13287    13095      192         0   176128        0             0 python3
[   22.885577] [    543]     0   543    17736    13607    13415      192         0   180224        0             0 python3
[   22.885634] [    552]     0   552      775       64        0       64         0    49152        0             0 ip
[   22.885691] [    553]     0   553      775       64        0       64         0    45056        0             0 ip
[   22.885749] [    554]     0   554      775       64        0       64         0    49152        0             0 ip
[   22.885806] [    668]     0   668      775       64        0       64         0    45056        0             0 ip
[   22.885863] [   6438]     0  6438    17689    13703    13639       64         0   180224        0             0 python3
[   22.885920] oom-kill:constraint=CONSTRAINT_NONE,nodemask=(null),cpuset=/,mems_allowed=0,task=python3,pid=6438,uid=0
[   22.885977] Out of memory: Killed process 6438 (python3) total-vm:70756kB, anon-rss:54556kB, file-rss:256kB, shmem-rss:0kB, UID:0 pgtables:176kB oom_score_adj:0
[   30.630303] unregister_netdevice: waiting for lo to become free. Usage count = 7
[   40.870313] unregister_netdevice: waiting for lo to become free. Usage count = 7
[   51.110305] unregister_netdevice: waiting for lo to become free. Usage count = 7
[   61.350307] unregister_netdevice: waiting for lo to become free. Usage count = 7
[   71.590288] unregister_netdevice: waiting for lo to become free. Usage count = 7
[   81.830308] unregister_netdevice: waiting for lo to become free. Usage count = 7
[   92.070305] unregister_netdevice: waiting for lo to become free. Usage count = 7
[  102.310289] unregister_netdevice: waiting for lo to become free. Usage count = 7
[  112.550304] unregister_netdevice: waiting for lo to become free. Usage count = 7
[  122.790304] unregister_netdevice: waiting for lo to become free. Usage count = 7
[  133.030313] unregister_netdevice: waiting for lo to become free. Usage count = 7
[  143.270290] unregister_netdevice: waiting for lo to become free. Usage count = 7
[  153.510313] unregister_netdevice: waiting for lo to become free. Usage count = 7
[  163.750310] unregister_netdevice: waiting for lo to become free. Usage count = 7
[  173.990304] unregister_netdevice: waiting for lo to become free. Usage count = 7
[  184.230311] unregister_netdevice: waiting for lo to become free. Usage count = 7
[  194.470308] unregister_netdevice: waiting for lo to become free. Usage count = 7
[  204.710323] unregister_netdevice: waiting for lo to become free. Usage count = 7
[  214.950297] unregister_netdevice: waiting for lo to become free. Usage count = 7
[  225.190320] unregister_netdevice: waiting for lo to become free. Usage count = 7
[  235.430314] unregister_netdevice: waiting for lo to become free. Usage count = 7
[  245.670313] unregister_netdevice: waiting for lo to become free. Usage count = 7
[  255.910317] unregister_netdevice: waiting for lo to become free. Usage count = 7
[  266.150323] unregister_netdevice: waiting for lo to become free. Usage count = 7
[  276.390317] unregister_netdevice: waiting for lo to become free. Usage count = 7
[  286.630304] unregister_netdevice: waiting for lo to become free. Usage count = 7
[  296.870320] unregister_netdevice: waiting for lo to become free. Usage count = 7
[  307.110320] unregister_netdevice: waiting for lo to become free. Usage count = 7
[  317.350290] unregister_netdevice: waiting for lo to become free. Usage count = 7
[  327.590304] unregister_netdevice: waiting for lo to become free. Usage count = 7
[  337.830317] unregister_netdevice: waiting for lo to become free. Usage count = 7
[  348.070311] unregister_netdevice: waiting for lo to become free. Usage count = 7
[  358.310313] unregister_netdevice: waiting for lo to become free. Usage count = 7
[  368.550313] unregister_netdevice: waiting for lo to become free. Usage count = 7
[  378.790317] unregister_netdevice: waiting for lo to become free. Usage count = 7
[  389.030296] unregister_netdevice: waiting for lo to become free. Usage count = 7
[  399.270310] unregister_netdevice: waiting for lo to become free. Usage count = 7
[  409.510320] unregister_netdevice: waiting for lo to become free. Usage count = 7
[  419.750303] unregister_netdevice: waiting for lo to become free. Usage count = 7
[  429.990316] unregister_netdevice: waiting for lo to become free. Usage count = 7
[  440.230318] unregister_netdevice: waiting for lo to become free. Usage count = 7
[  450.470321] unregister_netdevice: waiting for lo to become free. Usage count = 7
[  460.710301] unregister_netdevice: waiting for lo to become free. Usage count = 7
[  470.950312] unregister_netdevice: waiting for lo to become free. Usage count = 7
[  481.190310] unregister_netdevice: waiting for lo to become free. Usage count = 7
[  491.430318] unregister_netdevice: waiting for lo to become free. Usage count = 7
[  501.670286] unregister_netdevice: waiting for lo to become free. Usage count = 7
[  511.910314] unregister_netdevice: waiting for lo to become free. Usage count = 7
[  522.150311] unregister_netdevice: waiting for lo to become free. Usage count = 7
[  532.390297] unregister_netdevice: waiting for lo to become free. Usage count = 7
[  542.630326] unregister_netdevice: waiting for lo to become free. Usage count = 7
[  552.870321] unregister_netdevice: waiting for lo to become free. Usage count = 7
[  563.110327] unregister_netdevice: waiting for lo to become free. Usage count = 7
[  573.350300] unregister_netdevice: waiting for lo to become free. Usage count = 7
[  583.590310] unregister_netdevice: waiting for lo to become free. Usage count = 7
[  593.830305] unregister_netdevice: waiting for lo to become free. Usage count = 7
[  604.070295] unregister_netdevice: waiting for lo to become free. Usage count = 7
[  614.310309] unregister_netdevice: waiting for lo to become free. Usage count = 7
[  624.550310] unregister_netdevice: waiting for lo to become free. Usage count = 7
[  634.790314] unregister_netdevice: waiting for lo to become free. Usage count = 7
[  645.030294] unregister_netdevice: waiting for lo to become free. Usage count = 7
[  655.270308] unregister_netdevice: waiting for lo to become free. Usage count = 7
[  665.510310] unregister_netdevice: waiting for lo to become free. Usage count = 7
[  675.750292] unregister_netdevice: waiting for lo to become free. Usage count = 7
[  685.990312] unregister_netdevice: waiting for lo to become free. Usage count = 7
[  696.230306] unregister_netdevice: waiting for lo to become free. Usage count = 7
[  706.470330] unregister_netdevice: waiting for lo to become free. Usage count = 7
[  716.710287] unregister_netdevice: waiting for lo to become free. Usage count = 7
[  726.950315] unregister_netdevice: waiting for lo to become free. Usage count = 7
[  737.190315] unregister_netdevice: waiting for lo to become free. Usage count = 7
[  747.430310] unregister_netdevice: waiting for lo to become free. Usage count = 7
[  757.670309] unregister_netdevice: waiting for lo to become free. Usage count = 7
[  767.910309] unregister_netdevice: waiting for lo to become free. Usage count = 7
[  778.150308] unregister_netdevice: waiting for lo to become free. Usage count = 7
[  788.390297] unregister_netdevice: waiting for lo to become free. Usage count = 7
[  798.630324] unregister_netdevice: waiting for lo to become free. Usage count = 7
[  808.870316] unregister_netdevice: waiting for lo to become free. Usage count = 7
[  819.110308] unregister_netdevice: waiting for lo to become free. Usage count = 7
[  829.350312] unregister_netdevice: waiting for lo to become free. Usage count = 7
[  839.590311] unregister_netdevice: waiting for lo to become free. Usage count = 7
[  849.830316] unregister_netdevice: waiting for lo to become free. Usage count = 7
[  860.070296] unregister_netdevice: waiting for lo to become free. Usage count = 7
[  870.310320] unregister_netdevice: waiting for lo to become free. Usage count = 7
[  880.550326] unregister_netdevice: waiting for lo to become free. Usage count = 7
[  890.790308] unregister_netdevice: waiting for lo to become free. Usage count = 7
[  901.030308] unregister_netdevice: waiting for lo to become free. Usage count = 7
[  901.212041] python3 (540) used greatest stack depth: 10728 bytes left
