No EFI environment detected.
early console in extract_kernel
input_data: 0x00000000029f72b9
input_len: 0x0000000000ad60e9
output: 0x0000000001000000
output_len: 0x0000000002488738
kernel_total_size: 0x0000000002230000
needed_size: 0x0000000002600000
trampoline_32bit: 0x0000000000000000
Physical KASLR using RDRAND RDTSC...
Virtual KASLR using RDRAND RDTSC...

Decompressing Linux... Parsing ELF... Performing relocations... done.
Booting the kernel (entry_offset: 0x0000000000000000).
[    0.000000] Linux version 6.8.0-rc5-virtme (root@1cecadb58f7d) (gcc (Alpine 13.2.1_git20231014) 13.2.1 20231014, GNU ld (GNU Binutils) 2.42) #1 SMP PREEMPT_DYNAMIC Tue Feb 27 18:06:03 UTC 2024
[    0.000000] Command line: virtme_hostname=virtme-ng virtme_link_mods=/nipa-data/kernel/.virtme_mods/lib/modules/0.0.0 virtme_initmount0=nipa-data/kernel virtme_rw_overlay0=/etc virtme_rw_overlay1=/lib virtme_rw_overlay2=/home virtme_rw_overlay3=/opt virtme_rw_overlay4=/srv virtme_rw_overlay5=/usr virtme_rw_overlay6=/var earlyprintk=serial,ttyS0,115200 console=ttyS0 psmouse.proto=exps TERM=xterm virtme_chdir=nipa-data/kernel virtme_root_user=1 rootfstype=9p rootflags=version=9p2000.L,trans=virtio,access=any raid=noautodetect ro init=/usr/lib/python3.11/site-packages/virtme/guest/virtme-init
[    0.000000] BIOS-provided physical RAM map:
[    0.000000] BIOS-e820: [mem 0x0000000000000000-0x000000000009fbff] usable
[    0.000000] BIOS-e820: [mem 0x000000000009fc00-0x000000000009ffff] reserved
[    0.000000] BIOS-e820: [mem 0x00000000000f0000-0x00000000000fffff] reserved
[    0.000000] BIOS-e820: [mem 0x0000000000100000-0x000000003ffdffff] usable
[    0.000000] BIOS-e820: [mem 0x000000003ffe0000-0x000000003fffffff] reserved
[    0.000000] BIOS-e820: [mem 0x00000000feffc000-0x00000000feffffff] reserved
[    0.000000] BIOS-e820: [mem 0x00000000fffc0000-0x00000000ffffffff] reserved
[    0.000000] BIOS-e820: [mem 0x000000fd00000000-0x000000ffffffffff] reserved
[    0.000000] printk: legacy bootconsole [earlyser0] enabled
[    0.000000] NX (Execute Disable) protection: active
[    0.000000] APIC: Static calls initialized
[    0.000000] SMBIOS 3.0.0 present.
[    0.000000] DMI: QEMU Standard PC (i440FX + PIIX, 1996), BIOS rel-1.16.3-0-ga6ed6b701f0a-prebuilt.qemu.org 04/01/2014
[    0.000000] Hypervisor detected: KVM
[    0.000000] kvm-clock: Using msrs 4b564d01 and 4b564d00
[    0.000000] kvm-clock: using sched offset of 217575124 cycles
[    0.000389] clocksource: kvm-clock: mask: 0xffffffffffffffff max_cycles: 0x1cd42e4dffb, max_idle_ns: 881590591483 ns
[    0.001600] tsc: Detected 4491.536 MHz processor
[    0.002217] last_pfn = 0x3ffe0 max_arch_pfn = 0x400000000
[    0.002645] MTRR map: 4 entries (3 fixed + 1 variable; max 19), built from 8 variable MTRRs
[    0.003273] x86/PAT: Configuration [0-7]: WB  WC  UC- UC  WB  WP  UC- WT  
Memory KASLR using RDRAND RDTSC...
[    0.005354] found SMP MP-table at [mem 0x000f5470-0x000f547f]
[    0.005787] Using GB pages for direct mapping
[    0.006154] ACPI: Early table checksum verification disabled
[    0.006575] ACPI: RSDP 0x00000000000F5290 000014 (v00 BOCHS )
[    0.007007] ACPI: RSDT 0x000000003FFE27B6 000034 (v01 BOCHS  BXPC     00000001 BXPC 00000001)
[    0.007644] ACPI: FACP 0x000000003FFE2572 000074 (v01 BOCHS  BXPC     00000001 BXPC 00000001)
[    0.008280] ACPI: DSDT 0x000000003FFE0040 002532 (v01 BOCHS  BXPC     00000001 BXPC 00000001)
[    0.008917] ACPI: FACS 0x000000003FFE0000 000040
[    0.009261] ACPI: APIC 0x000000003FFE25E6 000170 (v03 BOCHS  BXPC     00000001 BXPC 00000001)
[    0.009897] ACPI: HPET 0x000000003FFE2756 000038 (v01 BOCHS  BXPC     00000001 BXPC 00000001)
[    0.010538] ACPI: WAET 0x000000003FFE278E 000028 (v01 BOCHS  BXPC     00000001 BXPC 00000001)
[    0.011179] ACPI: Reserving FACP table memory at [mem 0x3ffe2572-0x3ffe25e5]
[    0.011706] ACPI: Reserving DSDT table memory at [mem 0x3ffe0040-0x3ffe2571]
[    0.012233] ACPI: Reserving FACS table memory at [mem 0x3ffe0000-0x3ffe003f]
[    0.012759] ACPI: Reserving APIC table memory at [mem 0x3ffe25e6-0x3ffe2755]
[    0.013286] ACPI: Reserving HPET table memory at [mem 0x3ffe2756-0x3ffe278d]
[    0.013812] ACPI: Reserving WAET table memory at [mem 0x3ffe278e-0x3ffe27b5]
[    0.014484] No NUMA configuration found
[    0.014773] Faking a node at [mem 0x0000000000000000-0x000000003ffdffff]
[    0.015272] NODE_DATA(0) allocated [mem 0x3ffdb000-0x3ffdffff]
[    0.015717] Zone ranges:
[    0.015905]   DMA      [mem 0x0000000000001000-0x0000000000ffffff]
[    0.016366]   DMA32    [mem 0x0000000001000000-0x000000003ffdffff]
[    0.016830]   Normal   empty
[    0.017044]   Device   empty
[    0.017258] Movable zone start for each node
[    0.017576] Early memory node ranges
[    0.017841]   node   0: [mem 0x0000000000001000-0x000000000009efff]
[    0.018312]   node   0: [mem 0x0000000000100000-0x000000003ffdffff]
[    0.018787] Initmem setup node 0 [mem 0x0000000000001000-0x000000003ffdffff]
[    0.019338] On node 0, zone DMA: 1 pages in unavailable ranges
[    0.019782] On node 0, zone DMA: 97 pages in unavailable ranges
[    0.021210] On node 0, zone DMA32: 32 pages in unavailable ranges
[    0.021862] ACPI: PM-Timer IO Port: 0x608
[    0.022165] ACPI: LAPIC_NMI (acpi_id[0xff] dfl dfl lint[0x1])
[    0.022611] IOAPIC[0]: apic_id 0, version 17, address 0xfec00000, GSI 0-23
[    0.023129] ACPI: INT_SRC_OVR (bus 0 bus_irq 0 global_irq 2 dfl dfl)
[    0.023606] ACPI: INT_SRC_OVR (bus 0 bus_irq 5 global_irq 5 high level)
[    0.024098] ACPI: INT_SRC_OVR (bus 0 bus_irq 9 global_irq 9 high level)
[    0.024594] ACPI: INT_SRC_OVR (bus 0 bus_irq 10 global_irq 10 high level)
[    0.025099] ACPI: INT_SRC_OVR (bus 0 bus_irq 11 global_irq 11 high level)
[    0.025609] ACPI: Using ACPI (MADT) for SMP configuration information
[    0.026088] ACPI: HPET id: 0x8086a201 base: 0xfed00000
[    0.026476] TSC deadline timer available
[    0.026772] smpboot: Allowing 32 CPUs, 0 hotplug CPUs
[    0.027158] kvm-guest: APIC: eoi() replaced with kvm_guest_apic_eoi_write()
[    0.027688] kvm-guest: KVM setup pv remote TLB flush
[    0.028062] kvm-guest: setup PV sched yield
[    0.028378] PM: hibernation: Registered nosave memory: [mem 0x00000000-0x00000fff]
[    0.028946] PM: hibernation: Registered nosave memory: [mem 0x0009f000-0x0009ffff]
[    0.029516] PM: hibernation: Registered nosave memory: [mem 0x000a0000-0x000effff]
[    0.030082] PM: hibernation: Registered nosave memory: [mem 0x000f0000-0x000fffff]
[    0.030648] [mem 0x40000000-0xfeffbfff] available for PCI devices
[    0.031107] Booting paravirtualized kernel on KVM
[    0.031458] clocksource: refined-jiffies: mask: 0xffffffff max_cycles: 0xffffffff, max_idle_ns: 1910969940391419 ns
[    0.035094] setup_percpu: NR_CPUS:64 nr_cpumask_bits:32 nr_cpu_ids:32 nr_node_ids:1
[    0.036277] percpu: Embedded 56 pages/cpu s191784 r8192 d29400 u262144
[    0.036796] Kernel command line: virtme_hostname=virtme-ng virtme_link_mods=/nipa-data/kernel/.virtme_mods/lib/modules/0.0.0 virtme_initmount0=nipa-data/kernel virtme_rw_overlay0=/etc virtme_rw_overlay1=/lib virtme_rw_overlay2=/home virtme_rw_overlay3=/opt virtme_rw_overlay4=/srv virtme_rw_overlay5=/usr virtme_rw_overlay6=/var earlyprintk=serial,ttyS0,115200 console=ttyS0 psmouse.proto=exps TERM=xterm virtme_chdir=nipa-data/kernel virtme_root_user=1 rootfstype=9p rootflags=version=9p2000.L,trans=virtio,access=any raid=noautodetect ro init=/usr/lib/python3.11/site-packages/virtme/guest/virtme-init
[    0.040930] Unknown kernel command line parameters "virtme_hostname=virtme-ng virtme_link_mods=/nipa-data/kernel/.virtme_mods/lib/modules/0.0.0 virtme_initmount0=nipa-data/kernel virtme_rw_overlay0=/etc virtme_rw_overlay1=/lib virtme_rw_overlay2=/home virtme_rw_overlay3=/opt virtme_rw_overlay4=/srv virtme_rw_overlay5=/usr virtme_rw_overlay6=/var virtme_chdir=nipa-data/kernel virtme_root_user=1", will be passed to user space.
[    0.044026] random: crng init done
[    0.044319] Dentry cache hash table entries: 131072 (order: 8, 1048576 bytes, linear)
[    0.044941] Inode-cache hash table entries: 65536 (order: 7, 524288 bytes, linear)
[    0.045617] Fallback order for Node 0: 0 
[    0.045619] Built 1 zonelists, mobility grouping on.  Total pages: 257760
[    0.046451] Policy zone: DMA32
[    0.046687] mem auto-init: stack:all(zero), heap alloc:off, heap free:off
[    0.047977] Memory: 986876K/1048056K available (16384K kernel code, 2349K rwdata, 5932K rodata, 2992K init, 2336K bss, 60920K reserved, 0K cma-reserved)
[    0.049051] SLUB: HWalign=64, Order=0-3, MinObjects=0, CPUs=32, Nodes=1
Poking KASLR using RDRAND RDTSC...
[    0.049810] ftrace: allocating 46293 entries in 181 pages
[    0.056784] ftrace: allocated 181 pages with 5 groups
[    0.057798] Dynamic Preempt: voluntary
[    0.058227] rcu: Preemptible hierarchical RCU implementation.
[    0.058669] rcu: RCU event tracing is enabled.
[    0.059019] rcu: RCU restricting CPUs from NR_CPUS=64 to nr_cpu_ids=32.
[    0.059536] Trampoline variant of Tasks RCU enabled.
[    0.059920] Rude variant of Tasks RCU enabled.
[    0.060265] Tracing variant of Tasks RCU enabled.
[    0.060630] rcu: RCU calculated value of scheduler-enlistment delay is 100 jiffies.
[    0.061214] rcu: Adjusting geometry for rcu_fanout_leaf=16, nr_cpu_ids=32
[    0.063017] NR_IRQS: 4352, nr_irqs: 680, preallocated irqs: 16
[    0.063722] rcu: srcu_init: Setting srcu_struct sizes based on contention.
[    0.064376] Console: colour *CGA 80x25
[    0.064677] printk: legacy console [ttyS0] enabled
[    0.064677] printk: legacy console [ttyS0] enabled
[    0.065409] printk: legacy bootconsole [earlyser0] disabled
[    0.065409] printk: legacy bootconsole [earlyser0] disabled
[    0.066266] ACPI: Core revision 20230628
[    0.066640] clocksource: hpet: mask: 0xffffffff max_cycles: 0xffffffff, max_idle_ns: 19112604467 ns
[    0.067401] APIC: Switch to symmetric I/O mode setup
[    0.067796] APIC: Switched APIC routing to: physical flat
[    0.068214] kvm-guest: APIC: send_IPI_mask() replaced with kvm_send_ipi_mask()
[    0.068761] kvm-guest: APIC: send_IPI_mask_allbutself() replaced with kvm_send_ipi_mask_allbutself()
[    0.069468] kvm-guest: setup PV IPIs
[    0.070541] ..TIMER: vector=0x30 apic1=0 pin1=2 apic2=-1 pin2=-1
[    0.071361] tsc: Marking TSC unstable due to TSCs unsynchronized
[    0.072178] Calibrating delay loop (skipped) preset value.. 8983.07 BogoMIPS (lpj=4491536)
[    0.073235] x86/cpu: User Mode Instruction Prevention (UMIP) activated
[    0.074227] Last level iTLB entries: 4KB 512, 2MB 255, 4MB 127
[    0.075177] Last level dTLB entries: 4KB 512, 2MB 255, 4MB 127, 1GB 0
[    0.076179] Spectre V1 : Mitigation: usercopy/swapgs barriers and __user pointer sanitization
[    0.077180] Spectre V2 : Mitigation: Enhanced / Automatic IBRS
[    0.078177] Spectre V2 : Spectre v2 / SpectreRSB mitigation: Filling RSB on context switch
[    0.079178] Spectre V2 : mitigation: Enabling conditional Indirect Branch Prediction Barrier
[    0.080178] Speculative Store Bypass: Mitigation: Speculative Store Bypass disabled via prctl
[    0.081177] Speculative Return Stack Overflow: IBPB-extending microcode not applied!
[    0.082177] Speculative Return Stack Overflow: WARNING: See https://kernel.org/doc/html/latest/admin-guide/hw-vuln/srso.html for mitigation options.
[    0.082177] Speculative Return Stack Overflow: Vulnerable: Safe RET, no microcode
[    0.084192] x86/fpu: Supporting XSAVE feature 0x001: 'x87 floating point registers'
[    0.085177] x86/fpu: Supporting XSAVE feature 0x002: 'SSE registers'
[    0.086177] x86/fpu: Supporting XSAVE feature 0x004: 'AVX registers'
[    0.087177] x86/fpu: Supporting XSAVE feature 0x020: 'AVX-512 opmask'
[    0.088177] x86/fpu: Supporting XSAVE feature 0x040: 'AVX-512 Hi256'
[    0.089177] x86/fpu: Supporting XSAVE feature 0x080: 'AVX-512 ZMM_Hi256'
[    0.090177] x86/fpu: Supporting XSAVE feature 0x200: 'Protection Keys User registers'
[    0.091177] x86/fpu: xstate_offset[2]:  576, xstate_sizes[2]:  256
[    0.091985] x86/fpu: xstate_offset[5]:  832, xstate_sizes[5]:   64
[    0.092177] x86/fpu: xstate_offset[6]:  896, xstate_sizes[6]:  512
[    0.093177] x86/fpu: xstate_offset[7]: 1408, xstate_sizes[7]: 1024
[    0.094177] x86/fpu: xstate_offset[9]: 2432, xstate_sizes[9]:    8
[    0.095177] x86/fpu: Enabled xstate features 0x2e7, context size is 2440 bytes, using 'compacted' format.
[    0.111093] Freeing SMP alternatives memory: 40K
[    0.111178] pid_max: default: 32768 minimum: 301
[    0.112202] Mount-cache hash table entries: 2048 (order: 2, 16384 bytes, linear)
[    0.113178] Mountpoint-cache hash table entries: 2048 (order: 2, 16384 bytes, linear)
[    0.114336] smpboot: CPU0: AMD Ryzen 9 7950X 16-Core Processor (family: 0x19, model: 0x61, stepping: 0x2)
[    0.115266] RCU Tasks: Setting shift to 5 and lim to 1 rcu_task_cb_adjust=1.
[    0.116188] RCU Tasks Rude: Setting shift to 5 and lim to 1 rcu_task_cb_adjust=1.
[    0.117180] RCU Tasks Trace: Setting shift to 5 and lim to 1 rcu_task_cb_adjust=1.
[    0.118186] Performance Events: Fam17h+ core perfctr, AMD PMU driver.
[    0.119070] ... version:                0
[    0.119179] ... bit width:              48
[    0.119718] ... generic registers:      6
[    0.120178] ... value mask:             0000ffffffffffff
[    0.120875] ... max period:             00007fffffffffff
[    0.121178] ... fixed-purpose events:   0
[    0.121706] ... event mask:             000000000000003f
[    0.122253] signal: max sigframe size: 3376
[    0.122837] rcu: Hierarchical SRCU implementation.
[    0.123179] rcu: Max phase no-delay instances is 400.
[    0.126926] smp: Bringing up secondary CPUs ...
[    0.127238] smpboot: x86: Booting SMP configuration:
[    0.127895] .... node  #0, CPUs:        #1  #2  #3  #4  #5  #6  #7  #8  #9 #10 #11 #12 #13 #14 #15 #16 #17 #18 #19 #20 #21 #22 #23 #24 #25 #26 #27 #28 #29 #30 #31
[    0.148334] smp: Brought up 1 node, 32 CPUs
[    0.149741] smpboot: Max logical packages: 1
[    0.150180] smpboot: Total of 32 processors activated (287458.30 BogoMIPS)
[    0.155237] devtmpfs: initialized
[    0.155652] x86/mm: Memory block size: 128MB
[    0.156906] clocksource: jiffies: mask: 0xffffffff max_cycles: 0xffffffff, max_idle_ns: 1911260446275000 ns
[    0.157180] futex hash table entries: 8192 (order: 7, 524288 bytes, linear)
[    0.158260] PM: RTC time: 18:06:35, date: 2024-02-27
[    0.159267] NET: Registered PF_NETLINK/PF_ROUTE protocol family
[    0.160180] thermal_sys: Registered thermal governor 'step_wise'
[    0.160181] thermal_sys: Registered thermal governor 'user_space'
[    0.161006] cpuidle: using governor menu
[    0.162416] PCI: Using configuration type 1 for base access
[    0.163181] PCI: Using configuration type 1 for extended access
[    0.164033] kprobes: kprobe jump-optimization is enabled. All kprobes are optimized if possible.
[    0.169377] HugeTLB: registered 1.00 GiB page size, pre-allocated 0 pages
[    0.170179] HugeTLB: 16380 KiB vmemmap can be freed for a 1.00 GiB page
[    0.171179] HugeTLB: registered 2.00 MiB page size, pre-allocated 0 pages
[    0.173179] HugeTLB: 28 KiB vmemmap can be freed for a 2.00 MiB page
[    0.174256] ACPI: Added _OSI(Module Device)
[    0.174939] ACPI: Added _OSI(Processor Device)
[    0.175179] ACPI: Added _OSI(3.0 _SCP Extensions)
[    0.175955] ACPI: Added _OSI(Processor Aggregator Device)
[    0.178067] ACPI: 1 ACPI AML tables successfully acquired and loaded
[    0.180206] ACPI: _OSC evaluation for CPUs failed, trying _PDC
[    0.181349] ACPI: Interpreter enabled
[    0.181960] ACPI: PM: (supports S0 S3 S4 S5)
[    0.182179] ACPI: Using IOAPIC for interrupt routing
[    0.183001] PCI: Using host bridge windows from ACPI; if necessary, use "pci=nocrs" and report a bug
[    0.185179] PCI: Using E820 reservations for host bridge windows
[    0.186274] ACPI: Enabled 2 GPEs in block 00 to 0F
[    0.190348] ACPI: PCI Root Bridge [PCI0] (domain 0000 [bus 00-ff])
[    0.191182] acpi PNP0A03:00: _OSC: OS supports [ExtendedConfig ASPM ClockPM Segments MSI HPX-Type3]
[    0.192285] PCI host bridge to bus 0000:00
[    0.192959] pci_bus 0000:00: root bus resource [io  0x0000-0x0cf7 window]
[    0.194179] pci_bus 0000:00: root bus resource [io  0x0d00-0xffff window]
[    0.195179] pci_bus 0000:00: root bus resource [mem 0x000a0000-0x000bffff window]
[    0.197179] pci_bus 0000:00: root bus resource [mem 0x40000000-0xfebfffff window]
[    0.198179] pci_bus 0000:00: root bus resource [mem 0x100000000-0x17fffffff window]
[    0.199179] pci_bus 0000:00: root bus resource [bus 00-ff]
[    0.200176] pci 0000:00:00.0: [8086:1237] type 00 class 0x060000 conventional PCI endpoint
[    0.202480] pci 0000:00:01.0: [8086:7000] type 00 class 0x060100 conventional PCI endpoint
[    0.203561] pci 0000:00:01.1: [8086:7010] type 00 class 0x010180 conventional PCI endpoint
[    0.208179] pci 0000:00:01.1: BAR 4 [io  0xc080-0xc08f]
[    0.211688] pci 0000:00:01.1: BAR 0 [io  0x01f0-0x01f7]: legacy IDE quirk
[    0.212179] pci 0000:00:01.1: BAR 1 [io  0x03f6]: legacy IDE quirk
[    0.213179] pci 0000:00:01.1: BAR 2 [io  0x0170-0x0177]: legacy IDE quirk
[    0.214179] pci 0000:00:01.1: BAR 3 [io  0x0376]: legacy IDE quirk
[    0.215289] pci 0000:00:01.3: [8086:7113] type 00 class 0x068000 conventional PCI endpoint
[    0.217471] pci 0000:00:01.3: quirk: [io  0x0600-0x063f] claimed by PIIX4 ACPI
[    0.218184] pci 0000:00:01.3: quirk: [io  0x0700-0x070f] claimed by PIIX4 SMB
[    0.219379] pci 0000:00:02.0: [1af4:1009] type 00 class 0x000200 conventional PCI endpoint
[    0.223180] pci 0000:00:02.0: BAR 0 [io  0xc000-0xc03f]
[    0.226152] pci 0000:00:02.0: BAR 1 [mem 0xfebfd000-0xfebfdfff]
[    0.233038] pci 0000:00:02.0: BAR 4 [mem 0xfebf4000-0xfebf7fff 64bit pref]
[    0.236931] pci 0000:00:03.0: [1af4:1009] type 00 class 0x000200 conventional PCI endpoint
[    0.240094] pci 0000:00:03.0: BAR 0 [io  0xc040-0xc07f]
[    0.243180] pci 0000:00:03.0: BAR 1 [mem 0xfebfe000-0xfebfefff]
[    0.250180] pci 0000:00:03.0: BAR 4 [mem 0xfebf8000-0xfebfbfff 64bit pref]
[    0.253854] pci 0000:00:04.0: [8086:25ab] type 00 class 0x088000 conventional PCI endpoint
[    0.256787] pci 0000:00:04.0: BAR 0 [mem 0xfebff000-0xfebff00f]
[    0.262887] ACPI: PCI: Interrupt link LNKA configured for IRQ 10
[    0.264321] ACPI: PCI: Interrupt link LNKB configured for IRQ 10
[    0.265309] ACPI: PCI: Interrupt link LNKC configured for IRQ 11
[    0.266308] ACPI: PCI: Interrupt link LNKD configured for IRQ 11
[    0.268272] ACPI: PCI: Interrupt link LNKS configured for IRQ 9
[    0.270279] iommu: Default domain type: Translated
[    0.271081] iommu: DMA domain TLB invalidation policy: lazy mode
[    0.272250] SCSI subsystem initialized
[    0.272917] pps_core: LinuxPPS API ver. 1 registered
[    0.273179] pps_core: Software ver. 5.3.6 - Copyright 2005-2007 Rodolfo Giometti <giometti@linux.it>
[    0.275182] PTP clock support registered
[    0.275861] Advanced Linux Sound Architecture Driver Initialized.
[    0.276529] NET: Registered PF_ATMPVC protocol family
[    0.278179] NET: Registered PF_ATMSVC protocol family
[    0.279016] PCI: Using ACPI for IRQ routing
[    0.279267] vgaarb: loaded
[    0.280227] hpet0: at MMIO 0xfed00000, IRQs 2, 8, 0
[    0.281179] hpet0: 3 comparators, 64-bit 100.000000 MHz counter
[    0.287063] clocksource: Switched to clocksource kvm-clock
[    0.287295] VFS: Disk quotas dquot_6.6.0
[    0.287967] VFS: Dquot-cache hash table entries: 512 (order 0, 4096 bytes)
[    0.289142] pnp: PnP ACPI init
[    0.289871] pnp: PnP ACPI: found 5 devices
[    0.298346] clocksource: acpi_pm: mask: 0xffffff max_cycles: 0xffffff, max_idle_ns: 2085701024 ns
[    0.299852] NET: Registered PF_INET protocol family
[    0.300766] IP idents hash table entries: 16384 (order: 5, 131072 bytes, linear)
[    0.302211] tcp_listen_portaddr_hash hash table entries: 512 (order: 1, 8192 bytes, linear)
[    0.303591] Table-perturb hash table entries: 65536 (order: 6, 262144 bytes, linear)
[    0.304871] TCP established hash table entries: 8192 (order: 4, 65536 bytes, linear)
[    0.306152] TCP bind hash table entries: 8192 (order: 6, 262144 bytes, linear)
[    0.307348] TCP: Hash tables configured (established 8192 bind 8192)
[    0.308424] UDP hash table entries: 512 (order: 2, 16384 bytes, linear)
[    0.309514] UDP-Lite hash table entries: 512 (order: 2, 16384 bytes, linear)
[    0.310712] NET: Registered PF_UNIX/PF_LOCAL protocol family
[    0.311654] pci_bus 0000:00: resource 4 [io  0x0000-0x0cf7 window]
[    0.312675] pci_bus 0000:00: resource 5 [io  0x0d00-0xffff window]
[    0.313706] pci_bus 0000:00: resource 6 [mem 0x000a0000-0x000bffff window]
[    0.314846] pci_bus 0000:00: resource 7 [mem 0x40000000-0xfebfffff window]
[    0.315987] pci_bus 0000:00: resource 8 [mem 0x100000000-0x17fffffff window]
[    0.317183] pci 0000:00:01.0: PIIX3: Enabling Passive Release
[    0.318148] pci 0000:00:00.0: Limiting direct PCI/PCI transfers
[    0.319173] PCI: CLS 0 bytes, default 64
[    0.319864] kvm_intel: VMX not supported by CPU 12
[    0.320684] kvm_amd: TSC scaling supported
[    0.321366] kvm_amd: Nested Virtualization enabled
[    0.322166] kvm_amd: Nested Paging enabled
[    0.322859] kvm_amd: Virtual VMLOAD VMSAVE supported
[    0.323683] kvm_amd: Virtual GIF supported
[    0.324365] kvm_amd: Virtual NMI enabled
[    0.325020] kvm_amd: LBR virtualization supported
[    0.415103] workingset: timestamp_bits=56 max_order=18 bucket_order=0
[    0.416021] squashfs: version 4.0 (2009/01/31) Phillip Lougher
[    0.416800] fuse: init (API version 7.39)
[    0.417377] 9p: Installing v9fs 9p2000 file system support
[    0.418142] Key type asymmetric registered
[    0.418691] Block layer SCSI generic (bsg) driver version 0.4 loaded (major 249)
[    0.419678] io scheduler mq-deadline registered
[    0.420284] io scheduler kyber registered
[    0.421795] input: Power Button as /devices/LNXSYSTM:00/LNXPWRBN:00/input/input0
[    0.422862] ACPI: button: Power Button [PWRF]
[    0.423471] Warning: Processor Platform Limit event detected, but not handled.
[    0.424423] Consider compiling CPUfreq support into your kernel.
[    0.442295] ACPI: \_SB_.LNKB: Enabled at IRQ 10
[    0.462232] ACPI: \_SB_.LNKC: Enabled at IRQ 11
[    0.463820] Serial: 8250/16550 driver, 4 ports, IRQ sharing enabled
[    0.465003] 00:03: ttyS0 at I/O 0x3f8 (irq = 4, base_baud = 115200) is a 16550A
[    0.466689] Non-volatile memory driver v1.3
[    0.467388] Linux agpgart interface v0.103
[    0.468112] ACPI: bus type drm_connector registered
[    0.473563] loop: module loaded
[    0.474887] scsi host0: ata_piix
[    0.475593] scsi host1: ata_piix
[    0.476156] ata1: PATA max MWDMA2 cmd 0x1f0 ctl 0x3f6 bmdma 0xc080 irq 14 lpm-pol 0
[    0.477409] ata2: PATA max MWDMA2 cmd 0x170 ctl 0x376 bmdma 0xc088 irq 15 lpm-pol 0
[    0.478936] i8042: PNP: PS/2 Controller [PNP0303:KBD,PNP0f13:MOU] at 0x60,0x64 irq 1,12
[    0.480992] serio: i8042 KBD port at 0x60,0x64 irq 1
[    0.481811] serio: i8042 AUX port at 0x60,0x64 irq 12
[    0.482803] rtc_cmos 00:04: RTC can wake from S4
[    0.484068] input: AT Translated Set 2 keyboard as /devices/platform/i8042/serio0/input/input1
[    0.485621] rtc_cmos 00:04: registered as rtc0
[    0.486425] rtc_cmos 00:04: setting system clock to 2024-02-27T18:06:35 UTC (1709057195)
[    0.487811] rtc_cmos 00:04: alarms up to one day, y3k, 242 bytes nvram, hpet irqs
[    0.489409] i6300ESB timer 0000:00:04.0: initialized. heartbeat=30 sec (nowayout=0)
[    0.490756] device-mapper: ioctl: 4.48.0-ioctl (2023-03-01) initialised: dm-devel@redhat.com
[    0.492409] NET: Registered PF_PACKET protocol family
[    0.493262] 9pnet: Installing 9P2000 support
[    0.494972] Key type dns_resolver registered
[    0.497203] input: ImExPS/2 Generic Explorer Mouse as /devices/platform/i8042/serio1/input/input3
[    0.499191] IPI shorthand broadcast: enabled
[    0.502530] sched_clock: Marking stable (498000858, 3924974)->(519072552, -17146720)
[    0.504033] registered taskstats version 1
[    0.506111] PM:   Magic number: 12:977:140
[    0.506828] acpi device:11: hash matches
[    0.507496] printk: legacy console [netcon0] enabled
[    0.508325] netconsole: network logging started
[    0.509131] ALSA device list:
[    0.509631]   No soundcards found.
[    0.636205] ata2: found unknown device (class 0)
[    0.637278] ata2.00: ATAPI: QEMU DVD-ROM, 2.5+, max UDMA/100
[    0.638845] scsi 1:0:0:0: CD-ROM            QEMU     QEMU DVD-ROM     2.5+ PQ: 0 ANSI: 5
[    0.647320] scsi 1:0:0:0: Attached scsi generic sg0 type 5
[    0.648175] md: Skipping autodetection of RAID arrays. (raid=autodetect will force)
[    0.649299] 9pnet_virtio: no channels available for device 
[    0.650449] VFS: Mounted root (9p filesystem) readonly on device 0:19.
[    0.651526] devtmpfs: mounted
[    0.652683] Freeing unused kernel image (initmem) memory: 2992K
[    0.661931] Write protecting the kernel read-only data: 22528k
[    0.663090] Freeing unused kernel image (rodata/data gap) memory: 212K
[    0.698342] x86/mm: Checked W+X mappings: passed, no W+X pages found.
[    0.699296] Run /usr/lib/python3.11/site-packages/virtme/guest/virtme-init as init process
[    0.716605] mount (240) used greatest stack depth: 13480 bytes left
[    0.745511] mount (250) used greatest stack depth: 13144 bytes left
[    0.764549] mount (258) used greatest stack depth: 13064 bytes left
[    0.821866] virtme-init: basic initialization done
[    0.825844] virtme-init: udevd not found
[    0.863129] virtme-init: Setting hostname to virtme-ng...
[    0.871878] ip (338) used greatest stack depth: 12360 bytes left
          _      _                                    
   __   _(_)_ __| |_ _ __ ___   ___       _ __   __ _ 
   \ \ / / |  __| __|  _   _ \ / _ \_____|  _ \ / _  |
    \ V /| | |  | |_| | | | | |  __/_____| | | | (_| |
     \_/ |_|_|   \__|_| |_| |_|\___|     |_| |_|\__  |
                                                |___/ 
   kernel version: 6.8.0-rc5-virtme x86_64

virtme-ng:/nipa-data/kernel# PS1='xx__-> '
xx__-> env
PWD=/nipa-data/kernel
HOME=/
TERM=xterm
SHLVL=2
XDG_RUNTIME_DIR=/run/user/0
PATH=/bin:/sbin:/usr/bin:/usr/sbin:/usr/local/bin
OLDPWD=/
_=/usr/bin/env
xx__-> 