No EFI environment detected.
early console in extract_kernel
input_data: 0x0000000002be72c4
input_len: 0x0000000000b6fcf2
output: 0x0000000001000000
output_len: 0x000000000270efbc
kernel_total_size: 0x0000000002430000
needed_size: 0x0000000002800000
trampoline_32bit: 0x0000000000000000
Physical KASLR using RDRAND RDTSC...
Virtual KASLR using RDRAND RDTSC...

Decompressing Linux... Parsing ELF... Performing relocations... done.
Booting the kernel (entry_offset: 0x0000000000000000).
[    0.000000] Linux version 6.12.0-rc4-virtme (root@1f7b02fd6db2) (gcc (Ubuntu 13.2.0-23ubuntu4) 13.2.0, GNU ld (GNU Binutils for Ubuntu) 2.42) #1 SMP PREEMPT_DYNAMIC Sun Oct 27 21:05:46 UTC 2024
[    0.000000] Command line: virtme_hostname=virtme-ng nr_open=1048576 virtme_link_mods=/nipa-data/kernel/.virtme_mods/lib/modules/0.0.0 virtme_initmount0=nipa-data/kernel virtme_rw_overlay0=/etc virtme_rw_overlay1=/lib virtme_rw_overlay2=/home virtme_rw_overlay3=/opt virtme_rw_overlay4=/srv virtme_rw_overlay5=/usr virtme_rw_overlay6=/var console=hvc0 earlyprintk=serial,ttyS0,115200 virtme_console=ttyS0 psmouse.proto=exps TERM=xterm virtme_chdir=nipa-data/kernel virtme_root_user=1 rootfstype=9p rootflags=version=9p2000.L,trans=virtio,access=any raid=noautodetect ro init=/usr/lib/python3/dist-packages/virtme/guest/virtme-init
[    0.000000] BIOS-provided physical RAM map:
[    0.000000] BIOS-e820: [mem 0x0000000000000000-0x000000000009fbff] usable
[    0.000000] BIOS-e820: [mem 0x000000000009fc00-0x000000000009ffff] reserved
[    0.000000] BIOS-e820: [mem 0x00000000000f0000-0x00000000000fffff] reserved
[    0.000000] BIOS-e820: [mem 0x0000000000100000-0x000000003ffdffff] usable
[    0.000000] BIOS-e820: [mem 0x000000003ffe0000-0x000000003fffffff] reserved
[    0.000000] BIOS-e820: [mem 0x00000000feffc000-0x00000000feffffff] reserved
[    0.000000] BIOS-e820: [mem 0x00000000fffc0000-0x00000000ffffffff] reserved
[    0.000000] BIOS-e820: [mem 0x000000fd00000000-0x000000ffffffffff] reserved
[    0.000000] printk: legacy bootconsole [earlyser0] enabled
[    0.000000] NX (Execute Disable) protection: active
[    0.000000] APIC: Static calls initialized
[    0.000000] SMBIOS 3.0.0 present.
[    0.000000] DMI: QEMU Ubuntu 24.04 PC (i440FX + PIIX, 1996), BIOS 1.16.3-debian-1.16.3-2 04/01/2014
[    0.000000] DMI: Memory slots populated: 1/1
[    0.000000] Hypervisor detected: KVM
[    0.000000] kvm-clock: Using msrs 4b564d01 and 4b564d00
[    0.000000] kvm-clock: using sched offset of 198839626 cycles
[    0.000341] clocksource: kvm-clock: mask: 0xffffffffffffffff max_cycles: 0x1cd42e4dffb, max_idle_ns: 881590591483 ns
[    0.001406] tsc: Detected 4491.560 MHz processor
[    0.001960] last_pfn = 0x3ffe0 max_arch_pfn = 0x400000000
[    0.002335] MTRR map: 4 entries (3 fixed + 1 variable; max 19), built from 8 variable MTRRs
[    0.002881] x86/PAT: Configuration [0-7]: WB  WC  UC- UC  WB  WP  UC- WT  
Memory KASLR using RDRAND RDTSC...
[    0.004777] found SMP MP-table at [mem 0x000f5470-0x000f547f]
[    0.005154] Using GB pages for direct mapping
[    0.005506] ACPI: Early table checksum verification disabled
[    0.005878] ACPI: RSDP 0x00000000000F5290 000014 (v00 BOCHS )
[    0.006253] ACPI: RSDT 0x000000003FFE27BC 000034 (v01 BOCHS  BXPC     00000001 BXPC 00000001)
[    0.006815] ACPI: FACP 0x000000003FFE2578 000074 (v01 BOCHS  BXPC     00000001 BXPC 00000001)
[    0.007374] ACPI: DSDT 0x000000003FFE0040 002538 (v01 BOCHS  BXPC     00000001 BXPC 00000001)
[    0.007931] ACPI: FACS 0x000000003FFE0000 000040
[    0.008233] ACPI: APIC 0x000000003FFE25EC 000170 (v03 BOCHS  BXPC     00000001 BXPC 00000001)
[    0.008792] ACPI: HPET 0x000000003FFE275C 000038 (v01 BOCHS  BXPC     00000001 BXPC 00000001)
[    0.009357] ACPI: WAET 0x000000003FFE2794 000028 (v01 BOCHS  BXPC     00000001 BXPC 00000001)
[    0.009919] ACPI: Reserving FACP table memory at [mem 0x3ffe2578-0x3ffe25eb]
[    0.010384] ACPI: Reserving DSDT table memory at [mem 0x3ffe0040-0x3ffe2577]
[    0.010848] ACPI: Reserving FACS table memory at [mem 0x3ffe0000-0x3ffe003f]
[    0.011306] ACPI: Reserving APIC table memory at [mem 0x3ffe25ec-0x3ffe275b]
[    0.011765] ACPI: Reserving HPET table memory at [mem 0x3ffe275c-0x3ffe2793]
[    0.012223] ACPI: Reserving WAET table memory at [mem 0x3ffe2794-0x3ffe27bb]
[    0.012814] No NUMA configuration found
[    0.013064] Faking a node at [mem 0x0000000000000000-0x000000003ffdffff]
[    0.013502] NODE_DATA(0) allocated [mem 0x3ffdb780-0x3ffdffff]
[    0.013893] Zone ranges:
[    0.014057]   DMA      [mem 0x0000000000001000-0x0000000000ffffff]
[    0.014458]   DMA32    [mem 0x0000000001000000-0x000000003ffdffff]
[    0.014859]   Normal   empty
[    0.015046]   Device   empty
[    0.015233] Movable zone start for each node
[    0.015509] Early memory node ranges
[    0.015741]   node   0: [mem 0x0000000000001000-0x000000000009efff]
[    0.016147]   node   0: [mem 0x0000000000100000-0x000000003ffdffff]
[    0.016554] Initmem setup node 0 [mem 0x0000000000001000-0x000000003ffdffff]
[    0.017015] On node 0, zone DMA: 1 pages in unavailable ranges
[    0.017401] On node 0, zone DMA: 97 pages in unavailable ranges
[    0.018725] On node 0, zone DMA32: 32 pages in unavailable ranges
[    0.019300] ACPI: PM-Timer IO Port: 0x608
[    0.019564] ACPI: LAPIC_NMI (acpi_id[0xff] dfl dfl lint[0x1])
[    0.019951] IOAPIC[0]: apic_id 0, version 17, address 0xfec00000, GSI 0-23
[    0.020399] ACPI: INT_SRC_OVR (bus 0 bus_irq 0 global_irq 2 dfl dfl)
[    0.020814] ACPI: INT_SRC_OVR (bus 0 bus_irq 5 global_irq 5 high level)
[    0.021243] ACPI: INT_SRC_OVR (bus 0 bus_irq 9 global_irq 9 high level)
[    0.021672] ACPI: INT_SRC_OVR (bus 0 bus_irq 10 global_irq 10 high level)
[    0.022113] ACPI: INT_SRC_OVR (bus 0 bus_irq 11 global_irq 11 high level)
[    0.022554] ACPI: Using ACPI (MADT) for SMP configuration information
[    0.022972] ACPI: HPET id: 0x8086a201 base: 0xfed00000
[    0.023306] TSC deadline timer available
[    0.023563] CPU topo: Max. logical packages:   1
[    0.023862] CPU topo: Max. logical dies:       1
[    0.024161] CPU topo: Max. dies per package:   1
[    0.024462] CPU topo: Max. threads per core:   1
[    0.024767] CPU topo: Num. cores per package:    32
[    0.025083] CPU topo: Num. threads per package:  32
[    0.025398] CPU topo: Allowing 32 present CPUs plus 0 hotplug CPUs
[    0.025804] kvm-guest: APIC: eoi() replaced with kvm_guest_apic_eoi_write()
[    0.026261] kvm-guest: KVM setup pv remote TLB flush
[    0.026583] kvm-guest: setup PV sched yield
[    0.026855] PM: hibernation: Registered nosave memory: [mem 0x00000000-0x00000fff]
[    0.027345] PM: hibernation: Registered nosave memory: [mem 0x0009f000-0x0009ffff]
[    0.027833] PM: hibernation: Registered nosave memory: [mem 0x000a0000-0x000effff]
[    0.028322] PM: hibernation: Registered nosave memory: [mem 0x000f0000-0x000fffff]
[    0.028813] [mem 0x40000000-0xfeffbfff] available for PCI devices
[    0.029208] Booting paravirtualized kernel on KVM
[    0.029513] clocksource: refined-jiffies: mask: 0xffffffff max_cycles: 0xffffffff, max_idle_ns: 1910969940391419 ns
[    0.032884] setup_percpu: NR_CPUS:64 nr_cpumask_bits:32 nr_cpu_ids:32 nr_node_ids:1
[    0.033962] percpu: Embedded 58 pages/cpu s199128 r8192 d30248 u262144
[    0.034418] Kernel command line: virtme_hostname=virtme-ng nr_open=1048576 virtme_link_mods=/nipa-data/kernel/.virtme_mods/lib/modules/0.0.0 virtme_initmount0=nipa-data/kernel virtme_rw_overlay0=/etc virtme_rw_overlay1=/lib virtme_rw_overlay2=/home virtme_rw_overlay3=/opt virtme_rw_overlay4=/srv virtme_rw_overlay5=/usr virtme_rw_overlay6=/var console=hvc0 earlyprintk=serial,ttyS0,115200 virtme_console=ttyS0 psmouse.proto=exps TERM=xterm virtme_chdir=nipa-data/kernel virtme_root_user=1 rootfstype=9p rootflags=version=9p2000.L,trans=virtio,access=any raid=noautodetect ro init=/usr/lib/python3/dist-packages/virtme/guest/virtme-init
[    0.038217] Unknown kernel command line parameters "virtme_hostname=virtme-ng nr_open=1048576 virtme_link_mods=/nipa-data/kernel/.virtme_mods/lib/modules/0.0.0 virtme_initmount0=nipa-data/kernel virtme_rw_overlay0=/etc virtme_rw_overlay1=/lib virtme_rw_overlay2=/home virtme_rw_overlay3=/opt virtme_rw_overlay4=/srv virtme_rw_overlay5=/usr virtme_rw_overlay6=/var virtme_console=ttyS0 virtme_chdir=nipa-data/kernel virtme_root_user=1", will be passed to user space.
[    0.041142] random: crng init done
[    0.041396] Dentry cache hash table entries: 131072 (order: 8, 1048576 bytes, linear)
[    0.041941] Inode-cache hash table entries: 65536 (order: 7, 524288 bytes, linear)
[    0.042527] Fallback order for Node 0: 0 
[    0.042529] Built 1 zonelists, mobility grouping on.  Total pages: 262014
[    0.043250] Policy zone: DMA32
[    0.043454] mem auto-init: stack:all(zero), heap alloc:off, heap free:off
[    0.044458] SLUB: HWalign=64, Order=0-3, MinObjects=0, CPUs=32, Nodes=1
Poking KASLR using RDRAND RDTSC...
[    0.045127] ftrace: allocating 48473 entries in 190 pages
[    0.051814] ftrace: allocated 190 pages with 6 groups
[    0.052691] Dynamic Preempt: voluntary
[    0.053059] rcu: Preemptible hierarchical RCU implementation.
[    0.053440] rcu: RCU event tracing is enabled.
[    0.053739] rcu: RCU restricting CPUs from NR_CPUS=64 to nr_cpu_ids=32.
[    0.054182] Trampoline variant of Tasks RCU enabled.
[    0.054516] Rude variant of Tasks RCU enabled.
[    0.054820] Tracing variant of Tasks RCU enabled.
[    0.055137] rcu: RCU calculated value of scheduler-enlistment delay is 100 jiffies.
[    0.055645] rcu: Adjusting geometry for rcu_fanout_leaf=16, nr_cpu_ids=32
[    0.056100] RCU Tasks: Setting shift to 5 and lim to 1 rcu_task_cb_adjust=1 rcu_task_cpu_ids=32.
[    0.056688] RCU Tasks Rude: Setting shift to 5 and lim to 1 rcu_task_cb_adjust=1 rcu_task_cpu_ids=32.
[    0.057300] RCU Tasks Trace: Setting shift to 5 and lim to 1 rcu_task_cb_adjust=1 rcu_task_cpu_ids=32.
[    0.059244] NR_IRQS: 4352, nr_irqs: 680, preallocated irqs: 16
[    0.059803] rcu: srcu_init: Setting srcu_struct sizes based on contention.
[    0.060389] Console: colour *CGA 80x25
[    0.060646] ACPI: Core revision 20240827
[    0.060967] clocksource: hpet: mask: 0xffffffff max_cycles: 0xffffffff, max_idle_ns: 19112604467 ns
[    0.061620] APIC: Switch to symmetric I/O mode setup
[    0.061969] kvm-guest: APIC: send_IPI_mask() replaced with kvm_send_ipi_mask()
[    0.062446] kvm-guest: APIC: send_IPI_mask_allbutself() replaced with kvm_send_ipi_mask_allbutself()
[    0.063035] kvm-guest: setup PV IPIs
[    0.063993] ..TIMER: vector=0x30 apic1=0 pin1=2 apic2=-1 pin2=-1
[    0.064738] clocksource: tsc-early: mask: 0xffffffffffffffff max_cycles: 0x40be4320a4d, max_idle_ns: 440795288133 ns
[    0.066005] Calibrating delay loop (skipped) preset value.. 8983.12 BogoMIPS (lpj=4491560)
[    0.067062] x86/cpu: User Mode Instruction Prevention (UMIP) activated
[    0.068050] Last level iTLB entries: 4KB 512, 2MB 255, 4MB 127
[    0.068739] Last level dTLB entries: 4KB 512, 2MB 255, 4MB 127, 1GB 0
[    0.069008] Spectre V1 : Mitigation: usercopy/swapgs barriers and __user pointer sanitization
[    0.070008] Spectre V2 : Mitigation: Enhanced / Automatic IBRS
[    0.071004] Spectre V2 : Spectre v2 / SpectreRSB mitigation: Filling RSB on context switch
[    0.072005] Spectre V2 : mitigation: Enabling conditional Indirect Branch Prediction Barrier
[    0.073005] Speculative Store Bypass: Mitigation: Speculative Store Bypass disabled via prctl
[    0.074004] Speculative Return Stack Overflow: IBPB-extending microcode not applied!
[    0.075004] Speculative Return Stack Overflow: WARNING: See https://kernel.org/doc/html/latest/admin-guide/hw-vuln/srso.html for mitigation options.
[    0.075005] Speculative Return Stack Overflow: Vulnerable: Safe RET, no microcode
[    0.076904] x86/fpu: Supporting XSAVE feature 0x001: 'x87 floating point registers'
[    0.077004] x86/fpu: Supporting XSAVE feature 0x002: 'SSE registers'
[    0.078004] x86/fpu: Supporting XSAVE feature 0x004: 'AVX registers'
[    0.079004] x86/fpu: Supporting XSAVE feature 0x020: 'AVX-512 opmask'
[    0.080004] x86/fpu: Supporting XSAVE feature 0x040: 'AVX-512 Hi256'
[    0.080746] x86/fpu: Supporting XSAVE feature 0x080: 'AVX-512 ZMM_Hi256'
[    0.081004] x86/fpu: Supporting XSAVE feature 0x200: 'Protection Keys User registers'
[    0.082005] x86/fpu: xstate_offset[2]:  576, xstate_sizes[2]:  256
[    0.083004] x86/fpu: xstate_offset[5]:  832, xstate_sizes[5]:   64
[    0.084004] x86/fpu: xstate_offset[6]:  896, xstate_sizes[6]:  512
[    0.084729] x86/fpu: xstate_offset[7]: 1408, xstate_sizes[7]: 1024
[    0.085004] x86/fpu: xstate_offset[9]: 2432, xstate_sizes[9]:    8
[    0.086004] x86/fpu: Enabled xstate features 0x2e7, context size is 2440 bytes, using 'compacted' format.
[    0.100742] Freeing SMP alternatives memory: 40K
[    0.101005] pid_max: default: 32768 minimum: 301
[    0.101570] Mount-cache hash table entries: 2048 (order: 2, 16384 bytes, linear)
[    0.102005] Mountpoint-cache hash table entries: 2048 (order: 2, 16384 bytes, linear)
[    0.103131] smpboot: CPU0: AMD Ryzen 9 7950X 16-Core Processor (family: 0x19, model: 0x61, stepping: 0x2)
[    0.104110] Performance Events: Fam17h+ core perfctr, AMD PMU driver.
[    0.104883] ... version:                0
[    0.105006] ... bit width:              48
[    0.105484] ... generic registers:      6
[    0.105952] ... value mask:             0000ffffffffffff
[    0.106006] ... max period:             00007fffffffffff
[    0.106628] ... fixed-purpose events:   0
[    0.107006] ... event mask:             000000000000003f
[    0.107698] signal: max sigframe size: 3376
[    0.108020] rcu: Hierarchical SRCU implementation.
[    0.108580] rcu: Max phase no-delay instances is 400.
[    0.109025] Timer migration: 2 hierarchy levels; 8 children per group; 2 crossnode level
[    0.112040] smp: Bringing up secondary CPUs ...
[    0.112619] smpboot: x86: Booting SMP configuration:
[    0.113007] .... node  #0, CPUs:        #1  #2  #3  #4  #5  #6  #7  #8  #9 #10 #11 #12 #13 #14 #15 #16 #17 #18 #19 #20 #21 #22 #23 #24 #25 #26 #27 #28 #29 #30 #31
[    0.132037] smp: Brought up 1 node, 32 CPUs
[    0.133504] smpboot: Total of 32 processors activated (287459.84 BogoMIPS)
[    0.136030] Memory: 970448K/1048056K available (16384K kernel code, 2455K rwdata, 6280K rodata, 3132K init, 1848K bss, 63184K reserved, 0K cma-reserved)
[    0.137043] devtmpfs: initialized
[    0.137422] x86/mm: Memory block size: 128MB
[    0.138672] clocksource: jiffies: mask: 0xffffffff max_cycles: 0xffffffff, max_idle_ns: 1911260446275000 ns
[    0.139008] futex hash table entries: 8192 (order: 7, 524288 bytes, linear)
[    0.139937] PM: RTC time: 21:06:07, date: 2024-10-27
[    0.140326] NET: Registered PF_NETLINK/PF_ROUTE protocol family
[    0.141116] thermal_sys: Registered thermal governor 'step_wise'
[    0.141117] thermal_sys: Registered thermal governor 'user_space'
[    0.141854] cpuidle: using governor menu
[    0.143186] PCI: Using configuration type 1 for base access
[    0.144006] PCI: Using configuration type 1 for extended access
[    0.144775] kprobes: kprobe jump-optimization is enabled. All kprobes are optimized if possible.
[    0.161126] HugeTLB: registered 1.00 GiB page size, pre-allocated 0 pages
[    0.161946] HugeTLB: 16380 KiB vmemmap can be freed for a 1.00 GiB page
[    0.162006] HugeTLB: registered 2.00 MiB page size, pre-allocated 0 pages
[    0.162810] HugeTLB: 28 KiB vmemmap can be freed for a 2.00 MiB page
[    0.166639] ACPI: Added _OSI(Module Device)
[    0.167007] ACPI: Added _OSI(Processor Device)
[    0.167537] ACPI: Added _OSI(3.0 _SCP Extensions)
[    0.168006] ACPI: Added _OSI(Processor Aggregator Device)
[    0.169305] ACPI: 1 ACPI AML tables successfully acquired and loaded
[    0.170383] ACPI: Interpreter enabled
[    0.171014] ACPI: PM: (supports S0 S3 S4 S5)
[    0.171528] ACPI: Using IOAPIC for interrupt routing
[    0.172012] PCI: Using host bridge windows from ACPI; if necessary, use "pci=nocrs" and report a bug
[    0.173006] PCI: Using E820 reservations for host bridge windows
[    0.173803] ACPI: Enabled 2 GPEs in block 00 to 0F
[    0.176403] ACPI: PCI Root Bridge [PCI0] (domain 0000 [bus 00-ff])
[    0.177008] acpi PNP0A03:00: _OSC: OS supports [ExtendedConfig ASPM ClockPM Segments MSI HPX-Type3]
[    0.178089] PCI host bridge to bus 0000:00
[    0.178577] pci_bus 0000:00: root bus resource [io  0x0000-0x0cf7 window]
[    0.179006] pci_bus 0000:00: root bus resource [io  0x0d00-0xffff window]
[    0.179816] pci_bus 0000:00: root bus resource [mem 0x000a0000-0x000bffff window]
[    0.180006] pci_bus 0000:00: root bus resource [mem 0x40000000-0xfebfffff window]
[    0.180898] pci_bus 0000:00: root bus resource [mem 0x100000000-0x17fffffff window]
[    0.181006] pci_bus 0000:00: root bus resource [bus 00-ff]
[    0.181734] pci 0000:00:00.0: [8086:1237] type 00 class 0x060000 conventional PCI endpoint
[    0.182236] pci 0000:00:01.0: [8086:7000] type 00 class 0x060100 conventional PCI endpoint
[    0.183295] pci 0000:00:01.1: [8086:7010] type 00 class 0x010180 conventional PCI endpoint
[    0.185120] pci 0000:00:01.1: BAR 4 [io  0xc0c0-0xc0cf]
[    0.186628] pci 0000:00:01.1: BAR 0 [io  0x01f0-0x01f7]: legacy IDE quirk
[    0.187007] pci 0000:00:01.1: BAR 1 [io  0x03f6]: legacy IDE quirk
[    0.187741] pci 0000:00:01.1: BAR 2 [io  0x0170-0x0177]: legacy IDE quirk
[    0.188006] pci 0000:00:01.1: BAR 3 [io  0x0376]: legacy IDE quirk
[    0.188824] pci 0000:00:01.3: [8086:7113] type 00 class 0x068000 conventional PCI endpoint
[    0.189227] pci 0000:00:01.3: quirk: [io  0x0600-0x063f] claimed by PIIX4 ACPI
[    0.190010] pci 0000:00:01.3: quirk: [io  0x0700-0x070f] claimed by PIIX4 SMB
[    0.191004] pci 0000:00:02.0: [1af4:1009] type 00 class 0x000200 conventional PCI endpoint
[    0.192471] pci 0000:00:02.0: BAR 0 [io  0xc000-0xc03f]
[    0.193362] pci 0000:00:02.0: BAR 1 [mem 0xfebfc000-0xfebfcfff]
[    0.195501] pci 0000:00:02.0: BAR 4 [mem 0xfebf0000-0xfebf3fff 64bit pref]
[    0.196899] pci 0000:00:03.0: [1af4:1009] type 00 class 0x000200 conventional PCI endpoint
[    0.197556] pci 0000:00:03.0: BAR 0 [io  0xc040-0xc07f]
[    0.198870] pci 0000:00:03.0: BAR 1 [mem 0xfebfd000-0xfebfdfff]
[    0.201007] pci 0000:00:03.0: BAR 4 [mem 0xfebf4000-0xfebf7fff 64bit pref]
[    0.203512] pci 0000:00:04.0: [8086:25ab] type 00 class 0x088000 conventional PCI endpoint
[    0.204186] pci 0000:00:04.0: BAR 0 [mem 0xfebfe000-0xfebfe00f]
[    0.205981] pci 0000:00:05.0: [1af4:1003] type 00 class 0x078000 conventional PCI endpoint
[    0.206365] pci 0000:00:05.0: BAR 0 [io  0xc080-0xc0bf]
[    0.207186] pci 0000:00:05.0: BAR 1 [mem 0xfebff000-0xfebfffff]
[    0.208818] pci 0000:00:05.0: BAR 4 [mem 0xfebf8000-0xfebfbfff 64bit pref]
[    0.209998] ACPI: PCI: Interrupt link LNKA configured for IRQ 10
[    0.210111] ACPI: PCI: Interrupt link LNKB configured for IRQ 10
[    0.210920] ACPI: PCI: Interrupt link LNKC configured for IRQ 11
[    0.211097] ACPI: PCI: Interrupt link LNKD configured for IRQ 11
[    0.211875] ACPI: PCI: Interrupt link LNKS configured for IRQ 9
[    0.212794] iommu: Default domain type: Translated
[    0.213006] iommu: DMA domain TLB invalidation policy: lazy mode
[    0.213771] SCSI subsystem initialized
[    0.214039] pps_core: LinuxPPS API ver. 1 registered
[    0.214637] pps_core: Software ver. 5.3.6 - Copyright 2005-2007 Rodolfo Giometti <giometti@linux.it>
[    0.215008] PTP clock support registered
[    0.215497] Advanced Linux Sound Architecture Driver Initialized.
[    0.216366] NET: Registered PF_ATMPVC protocol family
[    0.216971] NET: Registered PF_ATMSVC protocol family
[    0.217011] PCI: Using ACPI for IRQ routing
[    0.217598] vgaarb: loaded
[    0.218011] hpet0: at MMIO 0xfed00000, IRQs 2, 8, 0
[    0.218602] hpet0: 3 comparators, 64-bit 100.000000 MHz counter
[    0.223484] clocksource: Switched to clocksource kvm-clock
[    0.223884] VFS: Disk quotas dquot_6.6.0
[    0.224353] VFS: Dquot-cache hash table entries: 512 (order 0, 4096 bytes)
[    0.225214] pnp: PnP ACPI init
[    0.225749] pnp: PnP ACPI: found 5 devices
[    0.233345] clocksource: acpi_pm: mask: 0xffffff max_cycles: 0xffffff, max_idle_ns: 2085701024 ns
[    0.234420] NET: Registered PF_INET protocol family
[    0.235019] IP idents hash table entries: 16384 (order: 5, 131072 bytes, linear)
[    0.236043] tcp_listen_portaddr_hash hash table entries: 512 (order: 1, 8192 bytes, linear)
[    0.237051] Table-perturb hash table entries: 65536 (order: 6, 262144 bytes, linear)
[    0.237979] TCP established hash table entries: 8192 (order: 4, 65536 bytes, linear)
[    0.238905] TCP bind hash table entries: 8192 (order: 6, 262144 bytes, linear)
[    0.239868] TCP: Hash tables configured (established 8192 bind 8192)
[    0.240643] UDP hash table entries: 512 (order: 2, 16384 bytes, linear)
[    0.241439] UDP-Lite hash table entries: 512 (order: 2, 16384 bytes, linear)
[    0.242299] NET: Registered PF_UNIX/PF_LOCAL protocol family
[    0.242982] pci_bus 0000:00: resource 4 [io  0x0000-0x0cf7 window]
[    0.243717] pci_bus 0000:00: resource 5 [io  0x0d00-0xffff window]
[    0.244455] pci_bus 0000:00: resource 6 [mem 0x000a0000-0x000bffff window]
[    0.245278] pci_bus 0000:00: resource 7 [mem 0x40000000-0xfebfffff window]
[    0.246097] pci_bus 0000:00: resource 8 [mem 0x100000000-0x17fffffff window]
[    0.246958] pci 0000:00:01.0: PIIX3: Enabling Passive Release
[    0.247645] pci 0000:00:00.0: Limiting direct PCI/PCI transfers
[    0.248384] PCI: CLS 0 bytes, default 64
[    0.248919] kvm_intel: VMX not supported by CPU 0
[    0.249489] kvm_amd: TSC scaling supported
[    0.249979] kvm_amd: Nested Virtualization enabled
[    0.250545] kvm_amd: Nested Paging enabled
[    0.251038] kvm_amd: LBR virtualization supported
[    0.251601] kvm_amd: Virtual VMLOAD VMSAVE supported
[    0.252193] kvm_amd: Virtual GIF supported
[    0.252679] kvm_amd: Virtual NMI enabled
[    0.287388] clocksource: tsc: mask: 0xffffffffffffffff max_cycles: 0x40be4320a4d, max_idle_ns: 440795288133 ns
[    0.294367] Initialise system trusted keyrings
[    0.294949] workingset: timestamp_bits=56 max_order=18 bucket_order=0
[    0.295747] squashfs: version 4.0 (2009/01/31) Phillip Lougher
[    0.296451] fuse: init (API version 7.41)
[    0.296978] 9p: Installing v9fs 9p2000 file system support
[    0.303784] Key type asymmetric registered
[    0.304279] Asymmetric key parser 'x509' registered
[    0.304880] Block layer SCSI generic (bsg) driver version 0.4 loaded (major 249)
[    0.305783] io scheduler mq-deadline registered
[    0.306332] io scheduler kyber registered
[    0.308478] input: Power Button as /devices/LNXSYSTM:00/LNXPWRBN:00/input/input0
[    0.309421] ACPI: button: Power Button [PWRF]
[    0.310347] Warning: Processor Platform Limit event detected, but not handled.
[    0.311228] Consider compiling CPUfreq support into your kernel.
[    0.328717] ACPI: \_SB_.LNKB: Enabled at IRQ 10
[    0.344275] ACPI: \_SB_.LNKC: Enabled at IRQ 11
[    0.359800] ACPI: \_SB_.LNKA: Enabled at IRQ 10
[    0.360926] Serial: 8250/16550 driver, 4 ports, IRQ sharing enabled
[    0.361816] 00:03: ttyS0 at I/O 0x3f8 (irq = 4, base_baud = 115200) is a 16550A
[    0.382416] Non-volatile memory driver v1.3
[    0.382971] Linux agpgart interface v0.103
[    0.383601] printk: legacy console [hvc0] enabled
[    0.383659] ACPI: bus type drm_connector registered
[    0.384189] printk: legacy bootconsole [earlyser0] disabled
          _      _                                    
   __   _(_)_ __| |_ _ __ ___   ___       _ __   __ _ 
   \ \ / / |  __| __|  _   _ \ / _ \_____|  _ \ / _  |
    \ V /| | |  | |_| | | | | |  __/_____| | | | (_| |
     \_/ |_|_|   \__|_| |_| |_|\___|     |_| |_|\__  |
                                                |___/ 
   kernel version: 6.12.0-rc4-virtme x86_64
   (CTRL+d to exit)

root@virtme-ng:/nipa-data/kernel# PS1='xx__-> '
xx__-> env
PWD=/nipa-data/kernel
nr_open=1048576
HOME=/
TERM=xterm
SHLVL=2
XDG_RUNTIME_DIR=/run/user/0
PATH=/bin:/sbin:/usr/bin:/usr/sbin:/usr/local/bin
OLDPWD=/
_=/bin/env
xx__-> 