No EFI environment detected.
early console in extract_kernel
input_data: 0x0000000004b142b9
input_len: 0x00000000017bd2b6
output: 0x0000000001000000
output_len: 0x000000000525e3a4
kernel_total_size: 0x0000000004e30000
needed_size: 0x0000000005400000
trampoline_32bit: 0x0000000000000000
Physical KASLR using RDRAND RDTSC...
Virtual KASLR using RDRAND RDTSC...

Decompressing Linux... Parsing ELF... Performing relocations... done.
Booting the kernel (entry_offset: 0x0000000000000000).
[    0.000000] Linux version 6.8.0-rc4-virtme (root@40bfee25c087) (gcc (Alpine 13.2.1_git20231014) 13.2.1 20231014, GNU ld (GNU Binutils) 2.41) #1 SMP PREEMPT_DYNAMIC Sat Feb 17 18:26:48 UTC 2024
[    0.000000] Command line: virtme_hostname=virtme-ng virtme_link_mods=/nipa-data/kernel/.virtme_mods/lib/modules/0.0.0 virtme_initmount0=nipa-data/kernel virtme_rw_overlay0=/etc virtme_rw_overlay1=/lib virtme_rw_overlay2=/home virtme_rw_overlay3=/opt virtme_rw_overlay4=/srv virtme_rw_overlay5=/usr virtme_rw_overlay6=/var earlyprintk=serial,ttyS0,115200 console=ttyS0 psmouse.proto=exps TERM=xterm virtme_chdir=nipa-data/kernel virtme_root_user=1 rootfstype=9p rootflags=version=9p2000.L,trans=virtio,access=any raid=noautodetect ro init=/usr/lib/python3.11/site-packages/virtme/guest/virtme-init
[    0.000000] BIOS-provided physical RAM map:
[    0.000000] BIOS-e820: [mem 0x0000000000000000-0x000000000009fbff] usable
[    0.000000] BIOS-e820: [mem 0x000000000009fc00-0x000000000009ffff] reserved
[    0.000000] BIOS-e820: [mem 0x00000000000f0000-0x00000000000fffff] reserved
[    0.000000] BIOS-e820: [mem 0x0000000000100000-0x000000003ffdffff] usable
[    0.000000] BIOS-e820: [mem 0x000000003ffe0000-0x000000003fffffff] reserved
[    0.000000] BIOS-e820: [mem 0x00000000feffc000-0x00000000feffffff] reserved
[    0.000000] BIOS-e820: [mem 0x00000000fffc0000-0x00000000ffffffff] reserved
[    0.000000] BIOS-e820: [mem 0x000000fd00000000-0x000000ffffffffff] reserved
[    0.000000] printk: legacy bootconsole [earlyser0] enabled
[    0.000000] NX (Execute Disable) protection: active
[    0.000000] APIC: Static calls initialized
[    0.000000] SMBIOS 3.0.0 present.
[    0.000000] DMI: QEMU Standard PC (i440FX + PIIX, 1996), BIOS rel-1.16.3-0-ga6ed6b701f0a-prebuilt.qemu.org 04/01/2014
[    0.000000] Hypervisor detected: KVM
[    0.000000] kvm-clock: Using msrs 4b564d01 and 4b564d00
[    0.000000] kvm-clock: using sched offset of 338672977 cycles
[    0.000382] clocksource: kvm-clock: mask: 0xffffffffffffffff max_cycles: 0x1cd42e4dffb, max_idle_ns: 881590591483 ns
[    0.001572] tsc: Detected 4491.536 MHz processor
[    0.002273] last_pfn = 0x3ffe0 max_arch_pfn = 0x400000000
[    0.002690] MTRR map: 4 entries (3 fixed + 1 variable; max 19), built from 8 variable MTRRs
[    0.003299] x86/PAT: Configuration [0-7]: WB  WC  UC- UC  WB  WP  UC- WT  
[    0.005347] found SMP MP-table at [mem 0x000f5470-0x000f547f]
[    0.005774] Using GB pages for direct mapping
[    0.006248] ACPI: Early table checksum verification disabled
[    0.006662] ACPI: RSDP 0x00000000000F5290 000014 (v00 BOCHS )
[    0.007090] ACPI: RSDT 0x000000003FFE27B6 000034 (v01 BOCHS  BXPC     00000001 BXPC 00000001)
[    0.007717] ACPI: FACP 0x000000003FFE2572 000074 (v01 BOCHS  BXPC     00000001 BXPC 00000001)
[    0.008343] ACPI: DSDT 0x000000003FFE0040 002532 (v01 BOCHS  BXPC     00000001 BXPC 00000001)
[    0.008968] ACPI: FACS 0x000000003FFE0000 000040
[    0.009307] ACPI: APIC 0x000000003FFE25E6 000170 (v03 BOCHS  BXPC     00000001 BXPC 00000001)
[    0.009932] ACPI: HPET 0x000000003FFE2756 000038 (v01 BOCHS  BXPC     00000001 BXPC 00000001)
[    0.010557] ACPI: WAET 0x000000003FFE278E 000028 (v01 BOCHS  BXPC     00000001 BXPC 00000001)
[    0.011183] ACPI: Reserving FACP table memory at [mem 0x3ffe2572-0x3ffe25e5]
[    0.011699] ACPI: Reserving DSDT table memory at [mem 0x3ffe0040-0x3ffe2571]
[    0.012214] ACPI: Reserving FACS table memory at [mem 0x3ffe0000-0x3ffe003f]
[    0.012730] ACPI: Reserving APIC table memory at [mem 0x3ffe25e6-0x3ffe2755]
[    0.013248] ACPI: Reserving HPET table memory at [mem 0x3ffe2756-0x3ffe278d]
[    0.013766] ACPI: Reserving WAET table memory at [mem 0x3ffe278e-0x3ffe27b5]
[    0.014481] No NUMA configuration found
[    0.014761] Faking a node at [mem 0x0000000000000000-0x000000003ffdffff]
[    0.015253] NODE_DATA(0) allocated [mem 0x3ffdb000-0x3ffdffff]
[    0.015695] Zone ranges:
[    0.015881]   DMA      [mem 0x0000000000001000-0x0000000000ffffff]
[    0.016333]   DMA32    [mem 0x0000000001000000-0x000000003ffdffff]
[    0.016785]   Normal   empty
[    0.016996]   Device   empty
[    0.017206] Movable zone start for each node
[    0.017518] Early memory node ranges
[    0.017779]   node   0: [mem 0x0000000000001000-0x000000000009efff]
[    0.018238]   node   0: [mem 0x0000000000100000-0x000000003ffdffff]
[    0.018696] Initmem setup node 0 [mem 0x0000000000001000-0x000000003ffdffff]
[    0.019218] On node 0, zone DMA: 1 pages in unavailable ranges
[    0.019699] On node 0, zone DMA: 97 pages in unavailable ranges
[    0.024267] On node 0, zone DMA32: 32 pages in unavailable ranges
[    0.033601] kasan: KernelAddressSanitizer initialized
[    0.034187] ACPI: PM-Timer IO Port: 0x608
[    0.034487] ACPI: LAPIC_NMI (acpi_id[0xff] dfl dfl lint[0x1])
[    0.034929] IOAPIC[0]: apic_id 0, version 17, address 0xfec00000, GSI 0-23
[    0.035435] ACPI: INT_SRC_OVR (bus 0 bus_irq 0 global_irq 2 dfl dfl)
[    0.035897] ACPI: INT_SRC_OVR (bus 0 bus_irq 5 global_irq 5 high level)
[    0.036379] ACPI: INT_SRC_OVR (bus 0 bus_irq 9 global_irq 9 high level)
[    0.036861] ACPI: INT_SRC_OVR (bus 0 bus_irq 10 global_irq 10 high level)
[    0.037360] ACPI: INT_SRC_OVR (bus 0 bus_irq 11 global_irq 11 high level)
[    0.037859] ACPI: Using ACPI (MADT) for SMP configuration information
[    0.038330] ACPI: HPET id: 0x8086a201 base: 0xfed00000
[    0.038708] TSC deadline timer available
[    0.038999] smpboot: Allowing 32 CPUs, 0 hotplug CPUs
[    0.039391] kvm-guest: APIC: eoi() replaced with kvm_guest_apic_eoi_write()
[    0.039918] kvm-guest: KVM setup pv remote TLB flush
[    0.040287] kvm-guest: setup PV sched yield
[    0.040601] PM: hibernation: Registered nosave memory: [mem 0x00000000-0x00000fff]
[    0.041165] PM: hibernation: Registered nosave memory: [mem 0x0009f000-0x0009ffff]
[    0.041725] PM: hibernation: Registered nosave memory: [mem 0x000a0000-0x000effff]
[    0.042286] PM: hibernation: Registered nosave memory: [mem 0x000f0000-0x000fffff]
[    0.042847] [mem 0x40000000-0xfeffbfff] available for PCI devices
[    0.043305] Booting paravirtualized kernel on KVM
[    0.043654] clocksource: refined-jiffies: mask: 0xffffffff max_cycles: 0xffffffff, max_idle_ns: 1910969940391419 ns
[    0.052369] setup_percpu: NR_CPUS:64 nr_cpumask_bits:32 nr_cpu_ids:32 nr_node_ids:1
[    0.054185] percpu: Embedded 68 pages/cpu s241448 r8192 d28888 u524288
[    0.054727] Kernel command line: virtme_hostname=virtme-ng virtme_link_mods=/nipa-data/kernel/.virtme_mods/lib/modules/0.0.0 virtme_initmount0=nipa-data/kernel virtme_rw_overlay0=/etc virtme_rw_overlay1=/lib virtme_rw_overlay2=/home virtme_rw_overlay3=/opt virtme_rw_overlay4=/srv virtme_rw_overlay5=/usr virtme_rw_overlay6=/var earlyprintk=serial,ttyS0,115200 console=ttyS0 psmouse.proto=exps TERM=xterm virtme_chdir=nipa-data/kernel virtme_root_user=1 rootfstype=9p rootflags=version=9p2000.L,trans=virtio,access=any raid=noautodetect ro init=/usr/lib/python3.11/site-packages/virtme/guest/virtme-init
[    0.058861] Unknown kernel command line parameters "virtme_hostname=virtme-ng virtme_link_mods=/nipa-data/kernel/.virtme_mods/lib/modules/0.0.0 virtme_initmount0=nipa-data/kernel virtme_rw_overlay0=/etc virtme_rw_overlay1=/lib virtme_rw_overlay2=/home virtme_rw_overlay3=/opt virtme_rw_overlay4=/srv virtme_rw_overlay5=/usr virtme_rw_overlay6=/var virtme_chdir=nipa-data/kernel virtme_root_user=1", will be passed to user space.
[    0.061911] random: crng init done
[    0.062289] Dentry cache hash table entries: 131072 (order: 8, 1048576 bytes, linear)
[    0.062895] Inode-cache hash table entries: 65536 (order: 7, 524288 bytes, linear)
[    0.063891] Fallback order for Node 0: 0 
[    0.063896] Built 1 zonelists, mobility grouping on.  Total pages: 257760
[    0.064713] Policy zone: DMA32
[    0.064943] mem auto-init: stack:all(zero), heap alloc:off, heap free:off
[    0.065454] stackdepot: allocating hash table via alloc_large_system_hash
[    0.065967] stackdepot hash table entries: 1048576 (order: 12, 16777216 bytes, linear)
[    0.073870] Memory: 781284K/1048056K available (43008K kernel code, 11320K rwdata, 9560K rodata, 5740K init, 2444K bss, 266516K reserved, 0K cma-reserved)
[    0.075093] SLUB: HWalign=64, Order=0-3, MinObjects=0, CPUs=32, Nodes=1
Poking KASLR using RDRAND RDTSC...
[    0.075855] ftrace: allocating 46462 entries in 182 pages
[    0.084421] ftrace: allocated 182 pages with 5 groups
[    0.085638] Dynamic Preempt: voluntary
[    0.086259] rcu: Preemptible hierarchical RCU implementation.
[    0.086692] rcu: RCU event tracing is enabled.
[    0.087035] rcu: RCU restricting CPUs from NR_CPUS=64 to nr_cpu_ids=32.
[    0.087537] Trampoline variant of Tasks RCU enabled.
[    0.087914] Rude variant of Tasks RCU enabled.
[    0.088254] Tracing variant of Tasks RCU enabled.
[    0.088612] rcu: RCU calculated value of scheduler-enlistment delay is 100 jiffies.
[    0.089186] rcu: Adjusting geometry for rcu_fanout_leaf=16, nr_cpu_ids=32
[    0.097652] NR_IRQS: 4352, nr_irqs: 680, preallocated irqs: 16
[    0.098327] rcu: srcu_init: Setting srcu_struct sizes based on contention.
[    0.099047] Console: colour *CGA 80x25
[    0.099350] printk: legacy console [ttyS0] enabled
[    0.099350] printk: legacy console [ttyS0] enabled
[    0.100061] printk: legacy bootconsole [earlyser0] disabled
[    0.100061] printk: legacy bootconsole [earlyser0] disabled
[    0.100910] ACPI: Core revision 20230628
[    0.101356] clocksource: hpet: mask: 0xffffffff max_cycles: 0xffffffff, max_idle_ns: 19112604467 ns
[    0.102103] APIC: Switch to symmetric I/O mode setup
[    0.102485] APIC: Switched APIC routing to: physical flat
[    0.102895] kvm-guest: APIC: send_IPI_mask() replaced with kvm_send_ipi_mask()
[    0.103441] kvm-guest: APIC: send_IPI_mask_allbutself() replaced with kvm_send_ipi_mask_allbutself()
[    0.104138] kvm-guest: setup PV IPIs
[    0.105296] ..TIMER: vector=0x30 apic1=0 pin1=2 apic2=-1 pin2=-1
[    0.106116] tsc: Marking TSC unstable due to TSCs unsynchronized
[    0.106904] Calibrating delay loop (skipped) preset value.. 8983.07 BogoMIPS (lpj=4491536)
[    0.108938] x86/cpu: User Mode Instruction Prevention (UMIP) activated
[    0.109851] Last level iTLB entries: 4KB 512, 2MB 255, 4MB 127
[    0.109899] Last level dTLB entries: 4KB 512, 2MB 255, 4MB 127, 1GB 0
[    0.110903] Spectre V1 : Mitigation: usercopy/swapgs barriers and __user pointer sanitization
[    0.111904] Spectre V2 : Mitigation: Enhanced / Automatic IBRS
[    0.112899] Spectre V2 : Spectre v2 / SpectreRSB mitigation: Filling RSB on context switch
[    0.113901] Spectre V2 : mitigation: Enabling conditional Indirect Branch Prediction Barrier
[    0.114901] Speculative Store Bypass: Mitigation: Speculative Store Bypass disabled via prctl
[    0.115900] Speculative Return Stack Overflow: IBPB-extending microcode not applied!
[    0.116899] Speculative Return Stack Overflow: WARNING: See https://kernel.org/doc/html/latest/admin-guide/hw-vuln/srso.html for mitigation options.
[    0.116901] Speculative Return Stack Overflow: Vulnerable: Safe RET, no microcode
[    0.118917] x86/fpu: Supporting XSAVE feature 0x001: 'x87 floating point registers'
[    0.119899] x86/fpu: Supporting XSAVE feature 0x002: 'SSE registers'
[    0.120899] x86/fpu: Supporting XSAVE feature 0x004: 'AVX registers'
[    0.121899] x86/fpu: Supporting XSAVE feature 0x020: 'AVX-512 opmask'
[    0.122899] x86/fpu: Supporting XSAVE feature 0x040: 'AVX-512 Hi256'
[    0.123899] x86/fpu: Supporting XSAVE feature 0x080: 'AVX-512 ZMM_Hi256'
[    0.124755] x86/fpu: Supporting XSAVE feature 0x200: 'Protection Keys User registers'
[    0.124899] x86/fpu: xstate_offset[2]:  576, xstate_sizes[2]:  256
[    0.125899] x86/fpu: xstate_offset[5]:  832, xstate_sizes[5]:   64
[    0.126899] x86/fpu: xstate_offset[6]:  896, xstate_sizes[6]:  512
[    0.127899] x86/fpu: xstate_offset[7]: 1408, xstate_sizes[7]: 1024
[    0.128899] x86/fpu: xstate_offset[9]: 2432, xstate_sizes[9]:    8
[    0.129691] x86/fpu: Enabled xstate features 0x2e7, context size is 2440 bytes, using 'compacted' format.
[    0.150281] Freeing SMP alternatives memory: 36K
[    0.150890] pid_max: default: 32768 minimum: 301
[    0.151050] Mount-cache hash table entries: 2048 (order: 2, 16384 bytes, linear)
[    0.151901] Mountpoint-cache hash table entries: 2048 (order: 2, 16384 bytes, linear)
[    0.154285] smpboot: CPU0: AMD Ryzen 9 7950X 16-Core Processor (family: 0x19, model: 0x61, stepping: 0x2)
[    0.155222] RCU Tasks: Setting shift to 5 and lim to 1 rcu_task_cb_adjust=1.
[    0.155925] RCU Tasks Rude: Setting shift to 5 and lim to 1 rcu_task_cb_adjust=1.
[    0.156915] RCU Tasks Trace: Setting shift to 5 and lim to 1 rcu_task_cb_adjust=1.
[    0.157914] Performance Events: Fam17h+ core perfctr, AMD PMU driver.
[    0.158769] ... version:                0
[    0.158901] ... bit width:              48
[    0.159431] ... generic registers:      6
[    0.159901] ... value mask:             0000ffffffffffff
[    0.160590] ... max period:             00007fffffffffff
[    0.160901] ... fixed-purpose events:   0
[    0.161420] ... event mask:             000000000000003f
[    0.161997] signal: max sigframe size: 3376
[    0.162583] rcu: Hierarchical SRCU implementation.
[    0.162902] rcu: Max phase no-delay instances is 400.
[    0.167682] smp: Bringing up secondary CPUs ...
[    0.168084] smpboot: x86: Booting SMP configuration:
[    0.168725] .... node  #0, CPUs:        #1  #2  #3  #4  #5  #6  #7  #8  #9 #10 #11 #12 #13 #14 #15 #16 #17 #18 #19 #20 #21 #22 #23 #24 #25 #26 #27 #28 #29 #30 #31
[    0.190008] smp: Brought up 1 node, 32 CPUs
[    0.191462] smpboot: Max logical packages: 1
[    0.191901] smpboot: Total of 32 processors activated (287458.30 BogoMIPS)
[    0.197090] devtmpfs: initialized
[    0.198042] x86/mm: Memory block size: 128MB
[    0.205164] clocksource: jiffies: mask: 0xffffffff max_cycles: 0xffffffff, max_idle_ns: 1911260446275000 ns
[    0.205912] futex hash table entries: 8192 (order: 7, 524288 bytes, linear)
[    0.207176] PM: RTC time: 18:27:28, date: 2024-02-17
[    0.208745] NET: Registered PF_NETLINK/PF_ROUTE protocol family
[    0.209749] thermal_sys: Registered thermal governor 'step_wise'
[    0.209752] thermal_sys: Registered thermal governor 'user_space'
[    0.209968] cpuidle: using governor menu
[    0.212457] PCI: Using configuration type 1 for base access
[    0.212902] PCI: Using configuration type 1 for extended access
[    0.213822] kprobes: kprobe jump-optimization is enabled. All kprobes are optimized if possible.
[    0.226332] HugeTLB: registered 1.00 GiB page size, pre-allocated 0 pages
[    0.226902] HugeTLB: 16380 KiB vmemmap can be freed for a 1.00 GiB page
[    0.227768] HugeTLB: registered 2.00 MiB page size, pre-allocated 0 pages
[    0.228901] HugeTLB: 28 KiB vmemmap can be freed for a 2.00 MiB page
[    0.230349] ACPI: Added _OSI(Module Device)
[    0.230902] ACPI: Added _OSI(Processor Device)
[    0.231486] ACPI: Added _OSI(3.0 _SCP Extensions)
[    0.232901] ACPI: Added _OSI(Processor Aggregator Device)
[    0.257442] ACPI: 1 ACPI AML tables successfully acquired and loaded
[    0.260077] ACPI: _OSC evaluation for CPUs failed, trying _PDC
[    0.263171] ACPI: Interpreter enabled
[    0.263707] ACPI: PM: (supports S0 S3 S4 S5)
[    0.263902] ACPI: Using IOAPIC for interrupt routing
[    0.264593] PCI: Using host bridge windows from ACPI; if necessary, use "pci=nocrs" and report a bug
[    0.265901] PCI: Using E820 reservations for host bridge windows
[    0.267751] ACPI: Enabled 2 GPEs in block 00 to 0F
[    0.316705] ACPI: PCI Root Bridge [PCI0] (domain 0000 [bus 00-ff])
[    0.316917] acpi PNP0A03:00: _OSC: OS supports [ExtendedConfig ASPM ClockPM Segments MSI HPX-Type3]
[    0.318427] PCI host bridge to bus 0000:00
[    0.319906] pci_bus 0000:00: root bus resource [io  0x0000-0x0cf7 window]
[    0.320804] pci_bus 0000:00: root bus resource [io  0x0d00-0xffff window]
[    0.320904] pci_bus 0000:00: root bus resource [mem 0x000a0000-0x000bffff window]
[    0.321873] pci_bus 0000:00: root bus resource [mem 0x40000000-0xfebfffff window]
[    0.322904] pci_bus 0000:00: root bus resource [mem 0x100000000-0x17fffffff window]
[    0.323905] pci_bus 0000:00: root bus resource [bus 00-ff]
[    0.324769] pci 0000:00:00.0: [8086:1237] type 00 class 0x060000 conventional PCI endpoint
[    0.326777] pci 0000:00:01.0: [8086:7000] type 00 class 0x060100 conventional PCI endpoint
[    0.328824] pci 0000:00:01.1: [8086:7010] type 00 class 0x010180 conventional PCI endpoint
[    0.331902] pci 0000:00:01.1: BAR 4 [io  0xc080-0xc08f]
[    0.334382] pci 0000:00:01.1: BAR 0 [io  0x01f0-0x01f7]: legacy IDE quirk
[    0.334902] pci 0000:00:01.1: BAR 1 [io  0x03f6]: legacy IDE quirk
[    0.335701] pci 0000:00:01.1: BAR 2 [io  0x0170-0x0177]: legacy IDE quirk
[    0.336901] pci 0000:00:01.1: BAR 3 [io  0x0376]: legacy IDE quirk
[    0.338418] pci 0000:00:01.3: [8086:7113] type 00 class 0x068000 conventional PCI endpoint
[    0.339168] pci 0000:00:01.3: quirk: [io  0x0600-0x063f] claimed by PIIX4 ACPI
[    0.339905] pci 0000:00:01.3: quirk: [io  0x0700-0x070f] claimed by PIIX4 SMB
[    0.342649] pci 0000:00:02.0: [1af4:1009] type 00 class 0x000200 conventional PCI endpoint
[    0.344902] pci 0000:00:02.0: BAR 0 [io  0xc000-0xc03f]
[    0.346560] pci 0000:00:02.0: BAR 1 [mem 0xfebfd000-0xfebfdfff]
[    0.351902] pci 0000:00:02.0: BAR 4 [mem 0xfebf4000-0xfebf7fff 64bit pref]
[    0.366684] pci 0000:00:03.0: [1af4:1009] type 00 class 0x000200 conventional PCI endpoint
[    0.368902] pci 0000:00:03.0: BAR 0 [io  0xc040-0xc07f]
[    0.370526] pci 0000:00:03.0: BAR 1 [mem 0xfebfe000-0xfebfefff]
[    0.375902] pci 0000:00:03.0: BAR 4 [mem 0xfebf8000-0xfebfbfff 64bit pref]
[    0.390799] pci 0000:00:04.0: [8086:25ab] type 00 class 0x088000 conventional PCI endpoint
[    0.392347] pci 0000:00:04.0: BAR 0 [mem 0xfebff000-0xfebff00f]
[    0.410746] ACPI: PCI: Interrupt link LNKA configured for IRQ 10
[    0.412405] ACPI: PCI: Interrupt link LNKB configured for IRQ 10
[    0.413891] ACPI: PCI: Interrupt link LNKC configured for IRQ 11
[    0.415854] ACPI: PCI: Interrupt link LNKD configured for IRQ 11
[    0.417295] ACPI: PCI: Interrupt link LNKS configured for IRQ 9
[    0.436818] iommu: Default domain type: Translated
[    0.437902] iommu: DMA domain TLB invalidation policy: lazy mode
[    0.439159] SCSI subsystem initialized
[    0.440044] pps_core: LinuxPPS API ver. 1 registered
[    0.440694] pps_core: Software ver. 5.3.6 - Copyright 2005-2007 Rodolfo Giometti <giometti@linux.it>
[    0.441917] PTP clock support registered
[    0.443029] Advanced Linux Sound Architecture Driver Initialized.
[    0.445026] NET: Registered PF_ATMPVC protocol family
[    0.445696] NET: Registered PF_ATMSVC protocol family
[    0.445925] PCI: Using ACPI for IRQ routing
[    0.446957] vgaarb: loaded
[    0.447302] hpet0: at MMIO 0xfed00000, IRQs 2, 8, 0
[    0.447902] hpet0: 3 comparators, 64-bit 100.000000 MHz counter
[    0.453268] clocksource: Switched to clocksource kvm-clock
[    0.454456] VFS: Disk quotas dquot_6.6.0
[    0.454992] VFS: Dquot-cache hash table entries: 512 (order 0, 4096 bytes)
[    0.456101] pnp: PnP ACPI init
[    0.462922] pnp: PnP ACPI: found 5 devices
[    0.475709] clocksource: acpi_pm: mask: 0xffffff max_cycles: 0xffffff, max_idle_ns: 2085701024 ns
[    0.476959] NET: Registered PF_INET protocol family
[    0.477710] IP idents hash table entries: 16384 (order: 5, 131072 bytes, linear)
[    0.479109] tcp_listen_portaddr_hash hash table entries: 512 (order: 1, 8192 bytes, linear)
[    0.480209] Table-perturb hash table entries: 65536 (order: 6, 262144 bytes, linear)
[    0.481225] TCP established hash table entries: 8192 (order: 4, 65536 bytes, linear)
[    0.482230] TCP bind hash table entries: 8192 (order: 6, 262144 bytes, linear)
[    0.483171] TCP: Hash tables configured (established 8192 bind 8192)
[    0.484169] UDP hash table entries: 512 (order: 2, 16384 bytes, linear)
[    0.485024] UDP-Lite hash table entries: 512 (order: 2, 16384 bytes, linear)
[    0.486164] NET: Registered PF_UNIX/PF_LOCAL protocol family
[    0.486915] pci_bus 0000:00: resource 4 [io  0x0000-0x0cf7 window]
[    0.487727] pci_bus 0000:00: resource 5 [io  0x0d00-0xffff window]
[    0.488533] pci_bus 0000:00: resource 6 [mem 0x000a0000-0x000bffff window]
[    0.489419] pci_bus 0000:00: resource 7 [mem 0x40000000-0xfebfffff window]
[    0.490307] pci_bus 0000:00: resource 8 [mem 0x100000000-0x17fffffff window]
[    0.491428] pci 0000:00:01.0: PIIX3: Enabling Passive Release
[    0.492195] pci 0000:00:00.0: Limiting direct PCI/PCI transfers
[    0.492992] PCI: CLS 0 bytes, default 64
[    0.493701] kvm_intel: VMX not supported by CPU 10
[    0.494365] kvm_amd: TSC scaling supported
[    0.494897] kvm_amd: Nested Virtualization enabled
[    0.495519] kvm_amd: Nested Paging enabled
[    0.496083] kvm_amd: Virtual VMLOAD VMSAVE supported
[    0.496719] kvm_amd: Virtual GIF supported
[    0.497253] kvm_amd: Virtual NMI enabled
[    0.497756] kvm_amd: LBR virtualization supported
[    0.599890] workingset: timestamp_bits=56 max_order=18 bucket_order=0
[    0.600883] squashfs: version 4.0 (2009/01/31) Phillip Lougher
[    0.601668] fuse: init (API version 7.39)
[    0.602338] 9p: Installing v9fs 9p2000 file system support
[    0.603197] Key type asymmetric registered
[    0.603779] Block layer SCSI generic (bsg) driver version 0.4 loaded (major 249)
[    0.604771] io scheduler mq-deadline registered
[    0.605375] io scheduler kyber registered
[    0.607281] input: Power Button as /devices/LNXSYSTM:00/LNXPWRBN:00/input/input0
[    0.608497] ACPI: button: Power Button [PWRF]
[    0.609194] Warning: Processor Platform Limit event detected, but not handled.
[    0.610163] Consider compiling CPUfreq support into your kernel.
[    1.480874] ACPI: \_SB_.LNKB: Enabled at IRQ 10
[    2.348001] ACPI: \_SB_.LNKC: Enabled at IRQ 11
[    2.349701] Serial: 8250/16550 driver, 4 ports, IRQ sharing enabled
[    2.350883] 00:03: ttyS0 at I/O 0x3f8 (irq = 4, base_baud = 115200) is a 16550A
[    2.353690] Non-volatile memory driver v1.3
[    2.354254] Linux agpgart interface v0.103
[    2.354970] ACPI: bus type drm_connector registered
[    2.378173] loop: module loaded
[    2.381086] scsi host0: ata_piix
[    2.382089] scsi host1: ata_piix
[    2.382740] ata1: PATA max MWDMA2 cmd 0x1f0 ctl 0x3f6 bmdma 0xc080 irq 14 lpm-pol 0
[    2.383775] ata2: PATA max MWDMA2 cmd 0x170 ctl 0x376 bmdma 0xc088 irq 15 lpm-pol 0
[    2.386504] i8042: PNP: PS/2 Controller [PNP0303:KBD,PNP0f13:MOU] at 0x60,0x64 irq 1,12
[    2.388274] serio: i8042 KBD port at 0x60,0x64 irq 1
[    2.388954] serio: i8042 AUX port at 0x60,0x64 irq 12
[    2.390270] rtc_cmos 00:04: RTC can wake from S4
[    2.391176] input: AT Translated Set 2 keyboard as /devices/platform/i8042/serio0/input/input1
[    2.393176] rtc_cmos 00:04: registered as rtc0
[    2.394156] rtc_cmos 00:04: setting system clock to 2024-02-17T18:27:30 UTC (1708194450)
[    2.396571] rtc_cmos 00:04: alarms up to one day, y3k, 242 bytes nvram, hpet irqs
[    2.396689] input: ImExPS/2 Generic Explorer Mouse as /devices/platform/i8042/serio1/input/input3
[    2.398948] i6300ESB timer 0000:00:04.0: initialized. heartbeat=30 sec (nowayout=0)
[    2.400978] device-mapper: ioctl: 4.48.0-ioctl (2023-03-01) initialised: dm-devel@redhat.com
[    2.403627] NET: Registered PF_PACKET protocol family
[    2.404524] 9pnet: Installing 9P2000 support
[    2.407089] Key type dns_resolver registered
[    2.413643] IPI shorthand broadcast: enabled
[    2.444266] sched_clock: Marking stable (2439002008, 5052193)->(2456185286, -12131085)
[    2.446131] registered taskstats version 1
[    2.467148] PM:   Magic number: 12:89:494
[    2.467918] printk: legacy console [netcon0] enabled
[    2.468793] netconsole: network logging started
[    2.469817] ALSA device list:
[    2.470348]   No soundcards found.
[    2.543352] ata2: found unknown device (class 0)
[    2.544442] ata2.00: ATAPI: QEMU DVD-ROM, 2.5+, max UDMA/100
[    2.546204] scsi 1:0:0:0: CD-ROM            QEMU     QEMU DVD-ROM     2.5+ PQ: 0 ANSI: 5
[    2.554807] scsi 1:0:0:0: Attached scsi generic sg0 type 5
[    2.555654] md: Skipping autodetection of RAID arrays. (raid=autodetect will force)
[    2.556966] 9pnet_virtio: no channels available for device 
[    2.558789] VFS: Mounted root (9p filesystem) readonly on device 0:19.
[    2.560091] devtmpfs: mounted
[    2.567192] Freeing unused kernel image (initmem) memory: 5740K
[    2.568140] Write protecting the kernel read-only data: 53248k
[    2.569493] Freeing unused kernel image (rodata/data gap) memory: 680K
[    2.615898] x86/mm: Checked W+X mappings: passed, no W+X pages found.
[    2.616907] Run /usr/lib/python3.11/site-packages/virtme/guest/virtme-init as init process
[    2.662393] mount (267) used greatest stack depth: 26744 bytes left
[    2.799034] mount (285) used greatest stack depth: 26400 bytes left
[    2.945100] virtme-init: basic initialization done
[    2.953797] virtme-init: udevd not found
[    3.048954] virtme-init: Setting hostname to virtme-ng...
[    3.071283] ip (358) used greatest stack depth: 25192 bytes left
          _      _                                    
   __   _(_)_ __| |_ _ __ ___   ___       _ __   __ _ 
   \ \ / / |  __| __|  _   _ \ / _ \_____|  _ \ / _  |
    \ V /| | |  | |_| | | | | |  __/_____| | | | (_| |
     \_/ |_|_|   \__|_| |_| |_|\___|     |_| |_|\__  |
                                                |___/ 
   kernel version: 6.8.0-rc4-virtme x86_64

virtme-ng:/nipa-data/kernel# PS1='xx__-> '
xx__-> env
PWD=/nipa-data/kernel
HOME=/
TERM=xterm
SHLVL=2
XDG_RUNTIME_DIR=/run/user/0
PATH=/bin:/sbin:/usr/bin:/usr/sbin:/usr/local/bin
OLDPWD=/
_=/usr/bin/env
xx__-> 