No EFI environment detected.
early console in extract_kernel
input_data: 0x00000000030692b9
input_len: 0x0000000000b7a9f2
output: 0x0000000001000000
output_len: 0x00000000025286c4
kernel_total_size: 0x0000000002c30000
needed_size: 0x0000000002e00000
trampoline_32bit: 0x0000000000000000
Physical KASLR using RDRAND RDTSC...
Virtual KASLR using RDRAND RDTSC...

Decompressing Linux... Parsing ELF... Performing relocations... done.
Booting the kernel (entry_offset: 0x0000000000000000).
[    0.000000] Linux version 6.7.0-virtme (root@2103bfdba0ee) (gcc (Alpine 13.2.1_git20231014) 13.2.1 20231014, GNU ld (GNU Binutils) 2.41) #1 SMP PREEMPT_DYNAMIC Thu Jan 25 21:06:14 UTC 2024
[    0.000000] Command line: virtme_hostname=virtme-ng virtme_link_mods=/nipa-data/kernel/.virtme_mods/lib/modules/0.0.0 virtme_initmount0=nipa-data/kernel virtme_rw_overlay0=/etc virtme_rw_overlay1=/lib virtme_rw_overlay2=/home virtme_rw_overlay3=/opt virtme_rw_overlay4=/srv virtme_rw_overlay5=/usr virtme_rw_overlay6=/var earlyprintk=serial,ttyS0,115200 console=ttyS0 psmouse.proto=exps virtme_chdir=nipa-data/kernel virtme_root_user=1 rootfstype=9p rootflags=version=9p2000.L,trans=virtio,access=any raid=noautodetect ro init=/usr/lib/python3.11/site-packages/virtme/guest/virtme-init
[    0.000000] BIOS-provided physical RAM map:
[    0.000000] BIOS-e820: [mem 0x0000000000000000-0x000000000009fbff] usable
[    0.000000] BIOS-e820: [mem 0x000000000009fc00-0x000000000009ffff] reserved
[    0.000000] BIOS-e820: [mem 0x00000000000f0000-0x00000000000fffff] reserved
[    0.000000] BIOS-e820: [mem 0x0000000000100000-0x000000003ffdffff] usable
[    0.000000] BIOS-e820: [mem 0x000000003ffe0000-0x000000003fffffff] reserved
[    0.000000] BIOS-e820: [mem 0x00000000feffc000-0x00000000feffffff] reserved
[    0.000000] BIOS-e820: [mem 0x00000000fffc0000-0x00000000ffffffff] reserved
[    0.000000] BIOS-e820: [mem 0x000000fd00000000-0x000000ffffffffff] reserved
[    0.000000] printk: legacy bootconsole [earlyser0] enabled
[    0.000000] NX (Execute Disable) protection: active
[    0.000000] APIC: Static calls initialized
[    0.000000] SMBIOS 3.0.0 present.
[    0.000000] DMI: QEMU Standard PC (i440FX + PIIX, 1996), BIOS rel-1.16.3-0-ga6ed6b701f0a-prebuilt.qemu.org 04/01/2014
[    0.000000] Hypervisor detected: KVM
[    0.000000] kvm-clock: Using msrs 4b564d01 and 4b564d00
[    0.000000] kvm-clock: using sched offset of 257735000 cycles
[    0.000394] clocksource: kvm-clock: mask: 0xffffffffffffffff max_cycles: 0x1cd42e4dffb, max_idle_ns: 881590591483 ns
[    0.001677] tsc: Detected 4491.536 MHz processor
[    0.002442] last_pfn = 0x3ffe0 max_arch_pfn = 0x400000000
[    0.002954] MTRR map: 4 entries (3 fixed + 1 variable; max 19), built from 8 variable MTRRs
[    0.003639] x86/PAT: Configuration [0-7]: WB  WC  UC- UC  WB  WP  UC- WT  
Memory KASLR using RDRAND RDTSC...
[    0.005707] found SMP MP-table at [mem 0x000f5470-0x000f547f]
[    0.006135] Using GB pages for direct mapping
[    0.006539] ACPI: Early table checksum verification disabled
[    0.006957] ACPI: RSDP 0x00000000000F5290 000014 (v00 BOCHS )
[    0.007392] ACPI: RSDT 0x000000003FFE27B6 000034 (v01 BOCHS  BXPC     00000001 BXPC 00000001)
[    0.008028] ACPI: FACP 0x000000003FFE2572 000074 (v01 BOCHS  BXPC     00000001 BXPC 00000001)
[    0.008663] ACPI: DSDT 0x000000003FFE0040 002532 (v01 BOCHS  BXPC     00000001 BXPC 00000001)
[    0.009289] ACPI: FACS 0x000000003FFE0000 000040
[    0.009643] ACPI: APIC 0x000000003FFE25E6 000170 (v03 BOCHS  BXPC     00000001 BXPC 00000001)
[    0.010271] ACPI: HPET 0x000000003FFE2756 000038 (v01 BOCHS  BXPC     00000001 BXPC 00000001)
[    0.010904] ACPI: WAET 0x000000003FFE278E 000028 (v01 BOCHS  BXPC     00000001 BXPC 00000001)
[    0.011540] ACPI: Reserving FACP table memory at [mem 0x3ffe2572-0x3ffe25e5]
[    0.012062] ACPI: Reserving DSDT table memory at [mem 0x3ffe0040-0x3ffe2571]
[    0.012643] ACPI: Reserving FACS table memory at [mem 0x3ffe0000-0x3ffe003f]
[    0.013209] ACPI: Reserving APIC table memory at [mem 0x3ffe25e6-0x3ffe2755]
[    0.013739] ACPI: Reserving HPET table memory at [mem 0x3ffe2756-0x3ffe278d]
[    0.014257] ACPI: Reserving WAET table memory at [mem 0x3ffe278e-0x3ffe27b5]
[    0.014921] No NUMA configuration found
[    0.015203] Faking a node at [mem 0x0000000000000000-0x000000003ffdffff]
[    0.015702] NODE_DATA(0) allocated [mem 0x3ffdb000-0x3ffdffff]
[    0.016142] Zone ranges:
[    0.016328]   DMA      [mem 0x0000000000001000-0x0000000000ffffff]
[    0.016782]   DMA32    [mem 0x0000000001000000-0x000000003ffdffff]
[    0.017236]   Normal   empty
[    0.017463]   Device   empty
[    0.017675] Movable zone start for each node
[    0.017988] Early memory node ranges
[    0.018250]   node   0: [mem 0x0000000000001000-0x000000000009efff]
[    0.018709]   node   0: [mem 0x0000000000100000-0x000000003ffdffff]
[    0.019168] Initmem setup node 0 [mem 0x0000000000001000-0x000000003ffdffff]
[    0.019696] On node 0, zone DMA: 1 pages in unavailable ranges
[    0.020136] On node 0, zone DMA: 97 pages in unavailable ranges
[    0.021540] On node 0, zone DMA32: 32 pages in unavailable ranges
[    0.022187] ACPI: PM-Timer IO Port: 0x608
[    0.022486] ACPI: LAPIC_NMI (acpi_id[0xff] dfl dfl lint[0x1])
[    0.022927] IOAPIC[0]: apic_id 0, version 17, address 0xfec00000, GSI 0-23
[    0.023436] ACPI: INT_SRC_OVR (bus 0 bus_irq 0 global_irq 2 dfl dfl)
[    0.023913] ACPI: INT_SRC_OVR (bus 0 bus_irq 5 global_irq 5 high level)
[    0.024399] ACPI: INT_SRC_OVR (bus 0 bus_irq 9 global_irq 9 high level)
[    0.024886] ACPI: INT_SRC_OVR (bus 0 bus_irq 10 global_irq 10 high level)
[    0.025399] ACPI: INT_SRC_OVR (bus 0 bus_irq 11 global_irq 11 high level)
[    0.025912] ACPI: Using ACPI (MADT) for SMP configuration information
[    0.026386] ACPI: HPET id: 0x8086a201 base: 0xfed00000
[    0.026776] TSC deadline timer available
[    0.027064] smpboot: Allowing 32 CPUs, 0 hotplug CPUs
[    0.027449] kvm-guest: APIC: eoi() replaced with kvm_guest_apic_eoi_write()
[    0.027979] kvm-guest: KVM setup pv remote TLB flush
[    0.028356] kvm-guest: setup PV sched yield
[    0.028675] PM: hibernation: Registered nosave memory: [mem 0x00000000-0x00000fff]
[    0.029229] PM: hibernation: Registered nosave memory: [mem 0x0009f000-0x0009ffff]
[    0.029792] PM: hibernation: Registered nosave memory: [mem 0x000a0000-0x000effff]
[    0.030346] PM: hibernation: Registered nosave memory: [mem 0x000f0000-0x000fffff]
[    0.030911] [mem 0x40000000-0xfeffbfff] available for PCI devices
[    0.031357] Booting paravirtualized kernel on KVM
[    0.031713] clocksource: refined-jiffies: mask: 0xffffffff max_cycles: 0xffffffff, max_idle_ns: 1910969940391419 ns
[    0.035435] setup_percpu: NR_CPUS:64 nr_cpumask_bits:32 nr_cpu_ids:32 nr_node_ids:1
[    0.036644] percpu: Embedded 58 pages/cpu s199840 r8192 d29536 u262144
[    0.037161] Kernel command line: virtme_hostname=virtme-ng virtme_link_mods=/nipa-data/kernel/.virtme_mods/lib/modules/0.0.0 virtme_initmount0=nipa-data/kernel virtme_rw_overlay0=/etc virtme_rw_overlay1=/lib virtme_rw_overlay2=/home virtme_rw_overlay3=/opt virtme_rw_overlay4=/srv virtme_rw_overlay5=/usr virtme_rw_overlay6=/var earlyprintk=serial,ttyS0,115200 console=ttyS0 psmouse.proto=exps virtme_chdir=nipa-data/kernel virtme_root_user=1 rootfstype=9p rootflags=version=9p2000.L,trans=virtio,access=any raid=noautodetect ro init=/usr/lib/python3.11/site-packages/virtme/guest/virtme-init
[    0.041176] Unknown kernel command line parameters "virtme_hostname=virtme-ng virtme_link_mods=/nipa-data/kernel/.virtme_mods/lib/modules/0.0.0 virtme_initmount0=nipa-data/kernel virtme_rw_overlay0=/etc virtme_rw_overlay1=/lib virtme_rw_overlay2=/home virtme_rw_overlay3=/opt virtme_rw_overlay4=/srv virtme_rw_overlay5=/usr virtme_rw_overlay6=/var virtme_chdir=nipa-data/kernel virtme_root_user=1", will be passed to user space.
[    0.044242] random: crng init done
[    0.044526] Dentry cache hash table entries: 131072 (order: 8, 1048576 bytes, linear)
[    0.045142] Inode-cache hash table entries: 65536 (order: 7, 524288 bytes, linear)
[    0.045819] Fallback order for Node 0: 0 
[    0.045822] Built 1 zonelists, mobility grouping on.  Total pages: 257760
[    0.046648] Policy zone: DMA32
[    0.046879] mem auto-init: stack:all(zero), heap alloc:off, heap free:off
[    0.048959] Memory: 976380K/1048056K available (16384K kernel code, 2552K rwdata, 6056K rodata, 3148K init, 12028K bss, 71416K reserved, 0K cma-reserved)
[    0.050220] SLUB: HWalign=64, Order=0-3, MinObjects=0, CPUs=32, Nodes=1
Poking KASLR using RDRAND RDTSC...
[    0.051160] ftrace: allocating 46467 entries in 182 pages
[    0.058370] ftrace: allocated 182 pages with 5 groups
[    0.059548] Dynamic Preempt: voluntary
[    0.060029] Running RCU self tests
[    0.060304] Running RCU synchronous self tests
[    0.060651] rcu: Preemptible hierarchical RCU implementation.
[    0.061086] rcu: RCU event tracing is enabled.
[    0.061476] rcu: RCU lockdep checking is enabled.
[    0.061916] rcu: RCU restricting CPUs from NR_CPUS=64 to nr_cpu_ids=32.
[    0.062455] Trampoline variant of Tasks RCU enabled.
[    0.062840] Rude variant of Tasks RCU enabled.
[    0.063185] Tracing variant of Tasks RCU enabled.
[    0.063551] rcu: RCU calculated value of scheduler-enlistment delay is 100 jiffies.
[    0.064138] rcu: Adjusting geometry for rcu_fanout_leaf=16, nr_cpu_ids=32
[    0.064693] Running RCU synchronous self tests
[    0.067087] NR_IRQS: 4352, nr_irqs: 680, preallocated irqs: 16
[    0.067732] rcu: srcu_init: Setting srcu_struct sizes based on contention.
[    0.068459] Console: colour *CGA 80x25
[    0.068767] printk: legacy console [ttyS0] enabled
[    0.068767] printk: legacy console [ttyS0] enabled
[    0.069498] printk: legacy bootconsole [earlyser0] disabled
[    0.069498] printk: legacy bootconsole [earlyser0] disabled
[    0.070355] Lock dependency validator: Copyright (c) 2006 Red Hat, Inc., Ingo Molnar
[    0.070939] ... MAX_LOCKDEP_SUBCLASSES:  8
[    0.071249] ... MAX_LOCK_DEPTH:          48
[    0.071571] ... MAX_LOCKDEP_KEYS:        8192
[    0.071905] ... CLASSHASH_SIZE:          4096
[    0.072234] ... MAX_LOCKDEP_ENTRIES:     32768
[    0.072575] ... MAX_LOCKDEP_CHAINS:      65536
[    0.072911] ... CHAINHASH_SIZE:          32768
[    0.073246]  memory used by lock dependency info: 6429 kB
[    0.073660]  memory used for stack traces: 4224 kB
[    0.074021]  per task-struct memory footprint: 1920 bytes
[    0.074451] ACPI: Core revision 20230628
[    0.074848] clocksource: hpet: mask: 0xffffffff max_cycles: 0xffffffff, max_idle_ns: 19112604467 ns
[    0.075648] APIC: Switch to symmetric I/O mode setup
[    0.076041] APIC: Switched APIC routing to: physical flat
[    0.076459] kvm-guest: APIC: send_IPI_mask() replaced with kvm_send_ipi_mask()
[    0.077008] kvm-guest: APIC: send_IPI_mask_allbutself() replaced with kvm_send_ipi_mask_allbutself()
[    0.077707] kvm-guest: setup PV IPIs
[    0.078818] ..TIMER: vector=0x30 apic1=0 pin1=2 apic2=-1 pin2=-1
[    0.079652] tsc: Marking TSC unstable due to TSCs unsynchronized
[    0.080459] Calibrating delay loop (skipped) preset value.. 8983.07 BogoMIPS (lpj=4491536)
[    0.081522] x86/cpu: User Mode Instruction Prevention (UMIP) activated
[    0.082512] Last level iTLB entries: 4KB 512, 2MB 255, 4MB 127
[    0.083273] Last level dTLB entries: 4KB 512, 2MB 255, 4MB 127, 1GB 0
[    0.083458] Spectre V1 : Mitigation: usercopy/swapgs barriers and __user pointer sanitization
[    0.084458] Spectre V2 : Mitigation: Enhanced / Automatic IBRS
[    0.085454] Spectre V2 : Spectre v2 / SpectreRSB mitigation: Filling RSB on context switch
[    0.086456] Spectre V2 : mitigation: Enabling conditional Indirect Branch Prediction Barrier
[    0.087456] Speculative Store Bypass: Mitigation: Speculative Store Bypass disabled via prctl
[    0.088455] Speculative Return Stack Overflow: IBPB-extending microcode not applied!
[    0.089455] Speculative Return Stack Overflow: WARNING: See https://kernel.org/doc/html/latest/admin-guide/hw-vuln/srso.html for mitigation options.
[    0.089456] Speculative Return Stack Overflow: Vulnerable: Safe RET, no microcode
[    0.091474] x86/fpu: Supporting XSAVE feature 0x001: 'x87 floating point registers'
[    0.092454] x86/fpu: Supporting XSAVE feature 0x002: 'SSE registers'
[    0.093454] x86/fpu: Supporting XSAVE feature 0x004: 'AVX registers'
[    0.094454] x86/fpu: Supporting XSAVE feature 0x020: 'AVX-512 opmask'
[    0.095454] x86/fpu: Supporting XSAVE feature 0x040: 'AVX-512 Hi256'
[    0.096454] x86/fpu: Supporting XSAVE feature 0x080: 'AVX-512 ZMM_Hi256'
[    0.097454] x86/fpu: Supporting XSAVE feature 0x200: 'Protection Keys User registers'
[    0.098455] x86/fpu: xstate_offset[2]:  576, xstate_sizes[2]:  256
[    0.099245] x86/fpu: xstate_offset[5]:  832, xstate_sizes[5]:   64
[    0.099454] x86/fpu: xstate_offset[6]:  896, xstate_sizes[6]:  512
[    0.100454] x86/fpu: xstate_offset[7]: 1408, xstate_sizes[7]: 1024
[    0.101454] x86/fpu: xstate_offset[9]: 2432, xstate_sizes[9]:    8
[    0.102454] x86/fpu: Enabled xstate features 0x2e7, context size is 2440 bytes, using 'compacted' format.
[    0.122234] Freeing SMP alternatives memory: 36K
[    0.122456] pid_max: default: 32768 minimum: 301
[    0.123547] Mount-cache hash table entries: 2048 (order: 2, 16384 bytes, linear)
[    0.124456] Mountpoint-cache hash table entries: 2048 (order: 2, 16384 bytes, linear)
[    0.126013] Running RCU synchronous self tests
[    0.126458] Running RCU synchronous self tests
[    0.127527] smpboot: CPU0: AMD Ryzen 9 7950X 16-Core Processor (family: 0x19, model: 0x61, stepping: 0x2)
[    0.128831] RCU Tasks: Setting shift to 5 and lim to 1 rcu_task_cb_adjust=1.
[    0.129487] RCU Tasks Rude: Setting shift to 5 and lim to 1 rcu_task_cb_adjust=1.
[    0.130485] RCU Tasks Trace: Setting shift to 5 and lim to 1 rcu_task_cb_adjust=1.
[    0.131503] Running RCU Tasks wait API self tests
[    0.237554] Running RCU Tasks Rude wait API self tests
[    0.238538] Running RCU Tasks Trace wait API self tests
[    0.239458] Performance Events: Fam17h+ core perfctr, AMD PMU driver.
[    0.240465] ... version:                0
[    0.241125] ... bit width:              48
[    0.241458] ... generic registers:      6
[    0.242124] ... value mask:             0000ffffffffffff
[    0.242458] ... max period:             00007fffffffffff
[    0.243336] ... fixed-purpose events:   0
[    0.243458] ... event mask:             000000000000003f
[    0.244481] Callback from call_rcu_tasks_trace() invoked.
[    0.245514] signal: max sigframe size: 3376
[    0.246314] rcu: Hierarchical SRCU implementation.
[    0.246459] rcu: Max phase no-delay instances is 400.
[    0.251690] smp: Bringing up secondary CPUs ...
[    0.252825] smpboot: x86: Booting SMP configuration:
[    0.253464] .... node  #0, CPUs:        #1  #2  #3  #4  #5  #6  #7  #8  #9 #10 #11 #12 #13 #14 #15 #16 #17 #18 #19 #20 #21 #22 #23 #24 #25 #26 #27 #28 #29 #30 #31
[    0.281628] smp: Brought up 1 node, 32 CPUs
[    0.283021] smpboot: Max logical packages: 1
[    0.283461] smpboot: Total of 32 processors activated (287458.30 BogoMIPS)
[    0.290680] devtmpfs: initialized
[    0.291547] x86/mm: Memory block size: 128MB
[    0.294128] Running RCU synchronous self tests
[    0.294470] Running RCU synchronous self tests
[    0.295152] clocksource: jiffies: mask: 0xffffffff max_cycles: 0xffffffff, max_idle_ns: 1911260446275000 ns
[    0.295461] futex hash table entries: 8192 (order: 8, 1048576 bytes, linear)
[    0.296917] PM: RTC time: 21:06:46, date: 2024-01-25
[    0.298089] NET: Registered PF_NETLINK/PF_ROUTE protocol family
[    0.299047] thermal_sys: Registered thermal governor 'step_wise'
[    0.299049] thermal_sys: Registered thermal governor 'user_space'
[    0.299502] cpuidle: using governor menu
[    0.301844] PCI: Using configuration type 1 for base access
[    0.302457] PCI: Using configuration type 1 for extended access
[    0.303337] kprobes: kprobe jump-optimization is enabled. All kprobes are optimized if possible.
[    0.318156] HugeTLB: registered 1.00 GiB page size, pre-allocated 0 pages
[    0.318457] HugeTLB: 16380 KiB vmemmap can be freed for a 1.00 GiB page
[    0.319320] HugeTLB: registered 2.00 MiB page size, pre-allocated 0 pages
[    0.319457] HugeTLB: 28 KiB vmemmap can be freed for a 2.00 MiB page
[    0.320937] ACPI: Added _OSI(Module Device)
[    0.321458] ACPI: Added _OSI(Processor Device)
[    0.322050] ACPI: Added _OSI(3.0 _SCP Extensions)
[    0.322458] ACPI: Added _OSI(Processor Aggregator Device)
[    0.327758] ACPI: 1 ACPI AML tables successfully acquired and loaded
[    0.329541] ACPI: _OSC evaluation for CPUs failed, trying _PDC
[    0.330939] ACPI: Interpreter enabled
[    0.331457] ACPI: PM: (supports S0 S3 S4 S5)
[    0.332023] ACPI: Using IOAPIC for interrupt routing
[    0.332484] PCI: Using host bridge windows from ACPI; if necessary, use "pci=nocrs" and report a bug
[    0.333457] PCI: Using E820 reservations for host bridge windows
[    0.334788] ACPI: Enabled 2 GPEs in block 00 to 0F
[    0.343285] Callback from call_rcu_tasks_rude() invoked.
[    0.347315] ACPI: PCI Root Bridge [PCI0] (domain 0000 [bus 00-ff])
[    0.347464] acpi PNP0A03:00: _OSC: OS supports [ExtendedConfig ASPM ClockPM Segments MSI HPX-Type3]
[    0.349088] PCI host bridge to bus 0000:00
[    0.349460] pci_bus 0000:00: root bus resource [io  0x0000-0x0cf7 window]
[    0.350460] pci_bus 0000:00: root bus resource [io  0x0d00-0xffff window]
[    0.351462] pci_bus 0000:00: root bus resource [mem 0x000a0000-0x000bffff window]
[    0.352459] pci_bus 0000:00: root bus resource [mem 0x40000000-0xfebfffff window]
[    0.353460] pci_bus 0000:00: root bus resource [mem 0x100000000-0x17fffffff window]
[    0.354459] pci_bus 0000:00: root bus resource [bus 00-ff]
[    0.355324] pci 0000:00:00.0: [8086:1237] type 00 class 0x060000 conventional PCI endpoint
[    0.355977] pci 0000:00:01.0: [8086:7000] type 00 class 0x060100 conventional PCI endpoint
[    0.356902] pci 0000:00:01.1: [8086:7010] type 00 class 0x010180 conventional PCI endpoint
[    0.359696] pci 0000:00:01.1: BAR 4 [io  0xc080-0xc08f]
[    0.361158] pci 0000:00:01.1: BAR 0 [io  0x01f0-0x01f7]: legacy IDE quirk
[    0.361458] pci 0000:00:01.1: BAR 1 [io  0x03f6]: legacy IDE quirk
[    0.362271] pci 0000:00:01.1: BAR 2 [io  0x0170-0x0177]: legacy IDE quirk
[    0.362458] pci 0000:00:01.1: BAR 3 [io  0x0376]: legacy IDE quirk
[    0.363458] pci 0000:00:01.3: [8086:7113] type 00 class 0x068000 conventional PCI endpoint
[    0.364723] pci 0000:00:01.3: quirk: [io  0x0600-0x063f] claimed by PIIX4 ACPI
[    0.365462] pci 0000:00:01.3: quirk: [io  0x0700-0x070f] claimed by PIIX4 SMB
[    0.366671] pci 0000:00:02.0: [1af4:1009] type 00 class 0x000200 conventional PCI endpoint
[    0.368459] pci 0000:00:02.0: BAR 0 [io  0xc000-0xc03f]
[    0.370116] pci 0000:00:02.0: BAR 1 [mem 0xfebfd000-0xfebfdfff]
[    0.373458] pci 0000:00:02.0: BAR 4 [mem 0xfebf4000-0xfebf7fff 64bit pref]
[    0.376310] pci 0000:00:03.0: [1af4:1009] type 00 class 0x000200 conventional PCI endpoint
[    0.377458] pci 0000:00:03.0: BAR 0 [io  0xc040-0xc07f]
[    0.379458] pci 0000:00:03.0: BAR 1 [mem 0xfebfe000-0xfebfefff]
[    0.383393] pci 0000:00:03.0: BAR 4 [mem 0xfebf8000-0xfebfbfff 64bit pref]
[    0.385744] pci 0000:00:04.0: [8086:25ab] type 00 class 0x088000 conventional PCI endpoint
[    0.386841] pci 0000:00:04.0: BAR 0 [mem 0xfebff000-0xfebff00f]
[    0.391664] ACPI: PCI: Interrupt link LNKA configured for IRQ 10
[    0.392624] ACPI: PCI: Interrupt link LNKB configured for IRQ 10
[    0.393538] ACPI: PCI: Interrupt link LNKC configured for IRQ 11
[    0.394472] ACPI: PCI: Interrupt link LNKD configured for IRQ 11
[    0.395558] ACPI: PCI: Interrupt link LNKS configured for IRQ 9
[    0.398695] iommu: Default domain type: Translated
[    0.399321] iommu: DMA domain TLB invalidation policy: lazy mode
[    0.399753] SCSI subsystem initialized
[    0.400477] pps_core: LinuxPPS API ver. 1 registered
[    0.401139] pps_core: Software ver. 5.3.6 - Copyright 2005-2007 Rodolfo Giometti <giometti@linux.it>
[    0.401463] PTP clock support registered
[    0.402018] Advanced Linux Sound Architecture Driver Initialized.
[    0.403036] NET: Registered PF_ATMPVC protocol family
[    0.403458] NET: Registered PF_ATMSVC protocol family
[    0.404126] PCI: Using ACPI for IRQ routing
[    0.404624] vgaarb: loaded
[    0.404862] hpet0: at MMIO 0xfed00000, IRQs 2, 8, 0
[    0.405459] hpet0: 3 comparators, 64-bit 100.000000 MHz counter
[    0.408919] clocksource: Switched to clocksource kvm-clock
[    0.412619] VFS: Disk quotas dquot_6.6.0
[    0.413144] VFS: Dquot-cache hash table entries: 512 (order 0, 4096 bytes)
[    0.414169] pnp: PnP ACPI init
[    0.415124] pnp: PnP ACPI: found 5 devices
[    0.424317] clocksource: acpi_pm: mask: 0xffffff max_cycles: 0xffffff, max_idle_ns: 2085701024 ns
[    0.425529] NET: Registered PF_INET protocol family
[    0.426245] IP idents hash table entries: 16384 (order: 5, 131072 bytes, linear)
[    0.427511] tcp_listen_portaddr_hash hash table entries: 512 (order: 3, 36864 bytes, linear)
[    0.428640] Table-perturb hash table entries: 65536 (order: 6, 262144 bytes, linear)
[    0.429764] TCP established hash table entries: 8192 (order: 4, 65536 bytes, linear)
[    0.431117] TCP bind hash table entries: 8192 (order: 8, 1179648 bytes, linear)
[    0.432567] TCP: Hash tables configured (established 8192 bind 8192)
[    0.433512] UDP hash table entries: 512 (order: 4, 81920 bytes, linear)
[    0.434416] UDP-Lite hash table entries: 512 (order: 4, 81920 bytes, linear)
[    0.435481] NET: Registered PF_UNIX/PF_LOCAL protocol family
[    0.436239] pci_bus 0000:00: resource 4 [io  0x0000-0x0cf7 window]
[    0.437046] pci_bus 0000:00: resource 5 [io  0x0d00-0xffff window]
[    0.437859] pci_bus 0000:00: resource 6 [mem 0x000a0000-0x000bffff window]
[    0.438760] pci_bus 0000:00: resource 7 [mem 0x40000000-0xfebfffff window]
[    0.439653] pci_bus 0000:00: resource 8 [mem 0x100000000-0x17fffffff window]
[    0.440643] pci 0000:00:01.0: PIIX3: Enabling Passive Release
[    0.441401] pci 0000:00:00.0: Limiting direct PCI/PCI transfers
[    0.442201] PCI: CLS 0 bytes, default 64
[    0.442769] kvm_intel: VMX not supported by CPU 0
[    0.443447] kvm_amd: TSC scaling supported
[    0.443983] kvm_amd: Nested Virtualization enabled
[    0.444613] kvm_amd: Nested Paging enabled
[    0.445316] kvm_amd: Virtual VMLOAD VMSAVE supported
[    0.445562] Callback from call_rcu_tasks() invoked.
[    0.446125] kvm_amd: Virtual GIF supported
[    0.447487] kvm_amd: Virtual NMI enabled
[    0.447990] kvm_amd: LBR virtualization supported
[    0.558841] workingset: timestamp_bits=56 max_order=18 bucket_order=0
[    0.559803] squashfs: version 4.0 (2009/01/31) Phillip Lougher
[    0.560568] fuse: init (API version 7.39)
[    0.561157] 9p: Installing v9fs 9p2000 file system support
[    0.561965] Key type asymmetric registered
[    0.562521] Block layer SCSI generic (bsg) driver version 0.4 loaded (major 249)
[    0.563526] io scheduler mq-deadline registered
[    0.564103] io scheduler kyber registered
[    0.565970] input: Power Button as /devices/LNXSYSTM:00/LNXPWRBN:00/input/input0
[    0.567137] ACPI: button: Power Button [PWRF]
[    0.567812] Warning: Processor Platform Limit event detected, but not handled.
[    0.568743] Consider compiling CPUfreq support into your kernel.
[    0.646363] ACPI: \_SB_.LNKB: Enabled at IRQ 10
[    0.718472] ACPI: \_SB_.LNKC: Enabled at IRQ 11
[    0.719887] Serial: 8250/16550 driver, 4 ports, IRQ sharing enabled
[    0.721073] 00:03: ttyS0 at I/O 0x3f8 (irq = 4, base_baud = 115200) is a 16550A
[    0.723013] Non-volatile memory driver v1.3
[    0.723556] Linux agpgart interface v0.103
[    0.724211] ACPI: bus type drm_connector registered
[    0.737005] loop: module loaded
[    0.738748] scsi host0: ata_piix
[    0.739496] scsi host1: ata_piix
[    0.739965] ata1: PATA max MWDMA2 cmd 0x1f0 ctl 0x3f6 bmdma 0xc080 irq 14 lpm-pol 0
[    0.740928] ata2: PATA max MWDMA2 cmd 0x170 ctl 0x376 bmdma 0xc088 irq 15 lpm-pol 0
[    0.742574] i8042: PNP: PS/2 Controller [PNP0303:KBD,PNP0f13:MOU] at 0x60,0x64 irq 1,12
[    0.744324] serio: i8042 KBD port at 0x60,0x64 irq 1
[    0.744967] serio: i8042 AUX port at 0x60,0x64 irq 12
[    0.746119] rtc_cmos 00:04: RTC can wake from S4
[    0.747205] input: AT Translated Set 2 keyboard as /devices/platform/i8042/serio0/input/input1
[    0.748878] rtc_cmos 00:04: registered as rtc0
[    0.749499] rtc_cmos 00:04: setting system clock to 2024-01-25T21:06:46 UTC (1706216806)
[    0.750622] rtc_cmos 00:04: alarms up to one day, y3k, 242 bytes nvram, hpet irqs
[    0.752336] i6300ESB timer 0000:00:04.0: initialized. heartbeat=30 sec (nowayout=0)
[    0.753842] device-mapper: ioctl: 4.48.0-ioctl (2023-03-01) initialised: dm-devel@redhat.com
[    0.756047] NET: Registered PF_PACKET protocol family
[    0.756733] 9pnet: Installing 9P2000 support
[    0.757931] input: ImExPS/2 Generic Explorer Mouse as /devices/platform/i8042/serio1/input/input3
[    0.759939] Key type dns_resolver registered
[    0.764022] IPI shorthand broadcast: enabled
[    0.772300] sched_clock: Marking stable (763002112, 9194353)->(825141616, -52945151)
[    0.773571] registered taskstats version 1
[    0.778835] PM:   Magic number: 8:142:147
[    0.779396] acpi device:18: hash matches
[    0.779934] printk: legacy console [netcon0] enabled
[    0.780588] netconsole: network logging started
[    0.781509] ALSA device list:
[    0.781983]   No soundcards found.
[    0.901523] ata2: found unknown device (class 0)
[    0.902846] ata2.00: ATAPI: QEMU DVD-ROM, 2.5+, max UDMA/100
[    0.905235] scsi 1:0:0:0: CD-ROM            QEMU     QEMU DVD-ROM     2.5+ PQ: 0 ANSI: 5
[    0.914048] scsi 1:0:0:0: Attached scsi generic sg0 type 5
[    0.915077] md: Skipping autodetection of RAID arrays. (raid=autodetect will force)
[    0.916023] 9pnet_virtio: no channels available for device 
[    0.917339] VFS: Mounted root (9p filesystem) readonly on device 0:19.
[    0.918280] devtmpfs: mounted
[    0.920185] Freeing unused kernel image (initmem) memory: 3148K
[    0.928223] Write protecting the kernel read-only data: 22528k
[    0.929313] Freeing unused kernel image (rodata/data gap) memory: 88K
[    0.959079] x86/mm: Checked W+X mappings: passed, no W+X pages found.
[    0.959806] Run /usr/lib/python3.11/site-packages/virtme/guest/virtme-init as init process
[    0.986284] mount (265) used greatest stack depth: 12952 bytes left
[    1.058596] mount (274) used greatest stack depth: 12936 bytes left
[    1.097679] mount (285) used greatest stack depth: 12456 bytes left
[    1.107499] virtme-init (290) used greatest stack depth: 12344 bytes left
[    1.145826] virtme-init: basic initialization done
[    1.151728] virtme-init: udevd not found
[    1.212903] virtme-init: Setting hostname to virtme-ng...
[    1.226232] ip (328) used greatest stack depth: 12056 bytes left
          _      _                                    
   __   _(_)_ __| |_ _ __ ___   ___       _ __   __ _ 
   \ \ / / |  __| __|  _   _ \ / _ \_____|  _ \ / _  |
    \ V /| | |  | |_| | | | | |  __/_____| | | | (_| |
     \_/ |_|_|   \__|_| |_| |_|\___|     |_| |_|\__  |
                                                |___/ 
   kernel version: 6.7.0-virtme x86_64

virtme-ng:/nipa-data/kernel# PS1='xx__-> '
xx__-> 