No EFI environment detected.
early console in extract_kernel
input_data: 0x0000000002bdf2c4
input_len: 0x0000000000b83705
output: 0x0000000001000000
output_len: 0x000000000271abd4
kernel_total_size: 0x0000000002430000
needed_size: 0x0000000002800000
trampoline_32bit: 0x0000000000000000
Physical KASLR using RDRAND RDTSC...
Virtual KASLR using RDRAND RDTSC...

Decompressing Linux... Parsing ELF... Performing relocations... done.
Booting the kernel (entry_offset: 0x0000000000000000).
[    0.000000] Linux version 6.13.0-rc6-virtme (root@ffd403653241) (gcc (Ubuntu 13.3.0-6ubuntu2~24.04) 13.3.0, GNU ld (GNU Binutils for Ubuntu) 2.42) #1 SMP PREEMPT_DYNAMIC Thu Jan 16 18:09:33 UTC 2025
[    0.000000] Command line: virtme_hostname=virtme-ng nr_open=1048576 virtme_link_mods=/nipa-data/kernel/.virtme_mods/lib/modules/0.0.0 virtme_initmount0=nipa-data/kernel virtme_rw_overlay0=/etc virtme_rw_overlay1=/lib virtme_rw_overlay2=/home virtme_rw_overlay3=/opt virtme_rw_overlay4=/srv virtme_rw_overlay5=/usr virtme_rw_overlay6=/var console=hvc0 earlyprintk=serial,ttyS0,115200 virtme_console=ttyS0 psmouse.proto=exps TERM=xterm virtme_chdir=nipa-data/kernel virtme_root_user=1 rootfstype=9p rootflags=version=9p2000.L,trans=virtio,access=any raid=noautodetect ro init=/usr/lib/python3/dist-packages/virtme/guest/virtme-init
[    0.000000] BIOS-provided physical RAM map:
[    0.000000] BIOS-e820: [mem 0x0000000000000000-0x000000000009fbff] usable
[    0.000000] BIOS-e820: [mem 0x000000000009fc00-0x000000000009ffff] reserved
[    0.000000] BIOS-e820: [mem 0x00000000000f0000-0x00000000000fffff] reserved
[    0.000000] BIOS-e820: [mem 0x0000000000100000-0x000000003ffdffff] usable
[    0.000000] BIOS-e820: [mem 0x000000003ffe0000-0x000000003fffffff] reserved
[    0.000000] BIOS-e820: [mem 0x00000000feffc000-0x00000000feffffff] reserved
[    0.000000] BIOS-e820: [mem 0x00000000fffc0000-0x00000000ffffffff] reserved
[    0.000000] BIOS-e820: [mem 0x000000fd00000000-0x000000ffffffffff] reserved
[    0.000000] printk: legacy bootconsole [earlyser0] enabled
[    0.000000] NX (Execute Disable) protection: active
[    0.000000] APIC: Static calls initialized
[    0.000000] SMBIOS 3.0.0 present.
[    0.000000] DMI: QEMU Ubuntu 24.04 PC (i440FX + PIIX, 1996), BIOS 1.16.3-debian-1.16.3-2 04/01/2014
[    0.000000] DMI: Memory slots populated: 1/1
[    0.000000] Hypervisor detected: KVM
[    0.000000] kvm-clock: Using msrs 4b564d01 and 4b564d00
[    0.000000] kvm-clock: using sched offset of 196636310 cycles
[    0.000342] clocksource: kvm-clock: mask: 0xffffffffffffffff max_cycles: 0x1cd42e4dffb, max_idle_ns: 881590591483 ns
[    0.001407] tsc: Detected 4491.556 MHz processor
[    0.001954] last_pfn = 0x3ffe0 max_arch_pfn = 0x400000000
[    0.002329] MTRR map: 4 entries (3 fixed + 1 variable; max 19), built from 8 variable MTRRs
[    0.002877] x86/PAT: Configuration [0-7]: WB  WC  UC- UC  WB  WP  UC- WT  
Memory KASLR using RDRAND RDTSC...
[    0.004766] found SMP MP-table at [mem 0x000f5470-0x000f547f]
[    0.005146] Using GB pages for direct mapping
[    0.005479] ACPI: Early table checksum verification disabled
[    0.005850] ACPI: RSDP 0x00000000000F5290 000014 (v00 BOCHS )
[    0.006228] ACPI: RSDT 0x000000003FFE27BC 000034 (v01 BOCHS  BXPC     00000001 BXPC 00000001)
[    0.006789] ACPI: FACP 0x000000003FFE2578 000074 (v01 BOCHS  BXPC     00000001 BXPC 00000001)
[    0.007351] ACPI: DSDT 0x000000003FFE0040 002538 (v01 BOCHS  BXPC     00000001 BXPC 00000001)
[    0.007913] ACPI: FACS 0x000000003FFE0000 000040
[    0.008215] ACPI: APIC 0x000000003FFE25EC 000170 (v03 BOCHS  BXPC     00000001 BXPC 00000001)
[    0.008774] ACPI: HPET 0x000000003FFE275C 000038 (v01 BOCHS  BXPC     00000001 BXPC 00000001)
[    0.009332] ACPI: WAET 0x000000003FFE2794 000028 (v01 BOCHS  BXPC     00000001 BXPC 00000001)
[    0.009891] ACPI: Reserving FACP table memory at [mem 0x3ffe2578-0x3ffe25eb]
[    0.010356] ACPI: Reserving DSDT table memory at [mem 0x3ffe0040-0x3ffe2577]
[    0.010815] ACPI: Reserving FACS table memory at [mem 0x3ffe0000-0x3ffe003f]
[    0.011273] ACPI: Reserving APIC table memory at [mem 0x3ffe25ec-0x3ffe275b]
[    0.011734] ACPI: Reserving HPET table memory at [mem 0x3ffe275c-0x3ffe2793]
[    0.012192] ACPI: Reserving WAET table memory at [mem 0x3ffe2794-0x3ffe27bb]
[    0.012773] No NUMA configuration found
[    0.013023] Faking a node at [mem 0x0000000000000000-0x000000003ffdffff]
[    0.013461] NODE_DATA(0) allocated [mem 0x3ffdb780-0x3ffdffff]
[    0.013849] Zone ranges:
[    0.014015]   DMA      [mem 0x0000000000001000-0x0000000000ffffff]
[    0.014418]   DMA32    [mem 0x0000000001000000-0x000000003ffdffff]
[    0.014821]   Normal   empty
[    0.015009]   Device   empty
[    0.015196] Movable zone start for each node
[    0.015475] Early memory node ranges
[    0.015710]   node   0: [mem 0x0000000000001000-0x000000000009efff]
[    0.016118]   node   0: [mem 0x0000000000100000-0x000000003ffdffff]
[    0.016527] Initmem setup node 0 [mem 0x0000000000001000-0x000000003ffdffff]
[    0.016988] On node 0, zone DMA: 1 pages in unavailable ranges
[    0.017375] On node 0, zone DMA: 97 pages in unavailable ranges
[    0.018686] On node 0, zone DMA32: 32 pages in unavailable ranges
[    0.019258] ACPI: PM-Timer IO Port: 0x608
[    0.019529] ACPI: LAPIC_NMI (acpi_id[0xff] dfl dfl lint[0x1])
[    0.019922] IOAPIC[0]: apic_id 0, version 17, address 0xfec00000, GSI 0-23
[    0.020377] ACPI: INT_SRC_OVR (bus 0 bus_irq 0 global_irq 2 dfl dfl)
[    0.020791] ACPI: INT_SRC_OVR (bus 0 bus_irq 5 global_irq 5 high level)
[    0.021222] ACPI: INT_SRC_OVR (bus 0 bus_irq 9 global_irq 9 high level)
[    0.021652] ACPI: INT_SRC_OVR (bus 0 bus_irq 10 global_irq 10 high level)
[    0.022094] ACPI: INT_SRC_OVR (bus 0 bus_irq 11 global_irq 11 high level)
[    0.022537] ACPI: Using ACPI (MADT) for SMP configuration information
[    0.022956] ACPI: HPET id: 0x8086a201 base: 0xfed00000
[    0.023292] TSC deadline timer available
[    0.023550] CPU topo: Max. logical packages:   1
[    0.023854] CPU topo: Max. logical dies:       1
[    0.024154] CPU topo: Max. dies per package:   1
[    0.024457] CPU topo: Max. threads per core:   1
[    0.024758] CPU topo: Num. cores per package:    32
[    0.025075] CPU topo: Num. threads per package:  32
[    0.025393] CPU topo: Allowing 32 present CPUs plus 0 hotplug CPUs
[    0.025802] kvm-guest: APIC: eoi() replaced with kvm_guest_apic_eoi_write()
[    0.026261] kvm-guest: KVM setup pv remote TLB flush
[    0.026587] kvm-guest: setup PV sched yield
[    0.026862] PM: hibernation: Registered nosave memory: [mem 0x00000000-0x00000fff]
[    0.027356] PM: hibernation: Registered nosave memory: [mem 0x0009f000-0x0009ffff]
[    0.027853] PM: hibernation: Registered nosave memory: [mem 0x000a0000-0x000effff]
[    0.028347] PM: hibernation: Registered nosave memory: [mem 0x000f0000-0x000fffff]
[    0.028842] [mem 0x40000000-0xfeffbfff] available for PCI devices
[    0.029240] Booting paravirtualized kernel on KVM
[    0.029550] clocksource: refined-jiffies: mask: 0xffffffff max_cycles: 0xffffffff, max_idle_ns: 1910969940391419 ns
[    0.032894] setup_percpu: NR_CPUS:64 nr_cpumask_bits:32 nr_cpu_ids:32 nr_node_ids:1
[    0.033970] percpu: Embedded 58 pages/cpu s198168 r8192 d31208 u262144
[    0.034426] Kernel command line: virtme_hostname=virtme-ng nr_open=1048576 virtme_link_mods=/nipa-data/kernel/.virtme_mods/lib/modules/0.0.0 virtme_initmount0=nipa-data/kernel virtme_rw_overlay0=/etc virtme_rw_overlay1=/lib virtme_rw_overlay2=/home virtme_rw_overlay3=/opt virtme_rw_overlay4=/srv virtme_rw_overlay5=/usr virtme_rw_overlay6=/var console=hvc0 earlyprintk=serial,ttyS0,115200 virtme_console=ttyS0 psmouse.proto=exps TERM=xterm virtme_chdir=nipa-data/kernel virtme_root_user=1 rootfstype=9p rootflags=version=9p2000.L,trans=virtio,access=any raid=noautodetect ro init=/usr/lib/python3/dist-packages/virtme/guest/virtme-init
[    0.038264] Unknown kernel command line parameters "virtme_hostname=virtme-ng nr_open=1048576 virtme_link_mods=/nipa-data/kernel/.virtme_mods/lib/modules/0.0.0 virtme_initmount0=nipa-data/kernel virtme_rw_overlay0=/etc virtme_rw_overlay1=/lib virtme_rw_overlay2=/home virtme_rw_overlay3=/opt virtme_rw_overlay4=/srv virtme_rw_overlay5=/usr virtme_rw_overlay6=/var virtme_console=ttyS0 virtme_chdir=nipa-data/kernel virtme_root_user=1", will be passed to user space.
[    0.041194] random: crng init done
[    0.041422] printk: log buffer data + meta data: 262144 + 917504 = 1179648 bytes
[    0.041944] Dentry cache hash table entries: 131072 (order: 8, 1048576 bytes, linear)
[    0.042487] Inode-cache hash table entries: 65536 (order: 7, 524288 bytes, linear)
[    0.043075] Fallback order for Node 0: 0 
[    0.043077] Built 1 zonelists, mobility grouping on.  Total pages: 262014
[    0.043806] Policy zone: DMA32
[    0.044011] mem auto-init: stack:all(zero), heap alloc:off, heap free:off
[    0.045003] SLUB: HWalign=64, Order=0-3, MinObjects=0, CPUs=32, Nodes=1
Poking KASLR using RDRAND RDTSC...
[    0.045674] ftrace: allocating 48711 entries in 191 pages
[    0.057319] ftrace: allocated 191 pages with 7 groups
[    0.058192] Dynamic Preempt: voluntary
[    0.058573] rcu: Preemptible hierarchical RCU implementation.
[    0.058958] rcu: RCU event tracing is enabled.
[    0.059260] rcu: RCU restricting CPUs from NR_CPUS=64 to nr_cpu_ids=32.
[    0.059710] Trampoline variant of Tasks RCU enabled.
[    0.060047] Rude variant of Tasks RCU enabled.
[    0.060354] Tracing variant of Tasks RCU enabled.
[    0.060675] rcu: RCU calculated value of scheduler-enlistment delay is 100 jiffies.
[    0.061188] rcu: Adjusting geometry for rcu_fanout_leaf=16, nr_cpu_ids=32
[    0.061650] RCU Tasks: Setting shift to 5 and lim to 1 rcu_task_cb_adjust=1 rcu_task_cpu_ids=32.
[    0.062241] RCU Tasks Rude: Setting shift to 5 and lim to 1 rcu_task_cb_adjust=1 rcu_task_cpu_ids=32.
[    0.062863] RCU Tasks Trace: Setting shift to 5 and lim to 1 rcu_task_cb_adjust=1 rcu_task_cpu_ids=32.
[    0.065241] NR_IRQS: 4352, nr_irqs: 680, preallocated irqs: 16
[    0.065799] rcu: srcu_init: Setting srcu_struct sizes based on contention.
[    0.066391] Console: colour *CGA 80x25
[    0.066648] ACPI: Core revision 20240827
[    0.066972] clocksource: hpet: mask: 0xffffffff max_cycles: 0xffffffff, max_idle_ns: 19112604467 ns
[    0.067632] APIC: Switch to symmetric I/O mode setup
[    0.067982] kvm-guest: APIC: send_IPI_mask() replaced with kvm_send_ipi_mask()
[    0.068463] kvm-guest: APIC: send_IPI_mask_allbutself() replaced with kvm_send_ipi_mask_allbutself()
[    0.069051] kvm-guest: setup PV IPIs
[    0.070019] ..TIMER: vector=0x30 apic1=0 pin1=2 apic2=-1 pin2=-1
[    0.070762] clocksource: tsc-early: mask: 0xffffffffffffffff max_cycles: 0x40be400eb43, max_idle_ns: 440795366972 ns
[    0.072034] Calibrating delay loop (skipped) preset value.. 8983.11 BogoMIPS (lpj=4491556)
[    0.073093] x86/cpu: User Mode Instruction Prevention (UMIP) activated
[    0.074080] Last level iTLB entries: 4KB 512, 2MB 255, 4MB 127
[    0.074767] Last level dTLB entries: 4KB 512, 2MB 255, 4MB 127, 1GB 0
[    0.075037] Spectre V1 : Mitigation: usercopy/swapgs barriers and __user pointer sanitization
[    0.076036] Spectre V2 : Mitigation: Enhanced / Automatic IBRS
[    0.077033] Spectre V2 : Spectre v2 / SpectreRSB mitigation: Filling RSB on context switch
[    0.078034] Spectre V2 : mitigation: Enabling conditional Indirect Branch Prediction Barrier
[    0.079034] Speculative Store Bypass: Mitigation: Speculative Store Bypass disabled via prctl
[    0.080033] Speculative Return Stack Overflow: IBPB-extending microcode not applied!
[    0.081033] Speculative Return Stack Overflow: WARNING: See https://kernel.org/doc/html/latest/admin-guide/hw-vuln/srso.html for mitigation options.
[    0.081034] Speculative Return Stack Overflow: Vulnerable: Safe RET, no microcode
[    0.082928] x86/fpu: Supporting XSAVE feature 0x001: 'x87 floating point registers'
[    0.083033] x86/fpu: Supporting XSAVE feature 0x002: 'SSE registers'
[    0.084033] x86/fpu: Supporting XSAVE feature 0x004: 'AVX registers'
[    0.085033] x86/fpu: Supporting XSAVE feature 0x020: 'AVX-512 opmask'
[    0.086033] x86/fpu: Supporting XSAVE feature 0x040: 'AVX-512 Hi256'
[    0.086767] x86/fpu: Supporting XSAVE feature 0x080: 'AVX-512 ZMM_Hi256'
[    0.087033] x86/fpu: Supporting XSAVE feature 0x200: 'Protection Keys User registers'
[    0.088033] x86/fpu: xstate_offset[2]:  576, xstate_sizes[2]:  256
[    0.089033] x86/fpu: xstate_offset[5]:  832, xstate_sizes[5]:   64
[    0.090033] x86/fpu: xstate_offset[6]:  896, xstate_sizes[6]:  512
[    0.090747] x86/fpu: xstate_offset[7]: 1408, xstate_sizes[7]: 1024
[    0.091033] x86/fpu: xstate_offset[9]: 2432, xstate_sizes[9]:    8
[    0.092033] x86/fpu: Enabled xstate features 0x2e7, context size is 2440 bytes, using 'compacted' format.
[    0.106552] Freeing SMP alternatives memory: 40K
[    0.107034] pid_max: default: 32768 minimum: 301
[    0.107585] Mount-cache hash table entries: 2048 (order: 2, 16384 bytes, linear)
[    0.108034] Mountpoint-cache hash table entries: 2048 (order: 2, 16384 bytes, linear)
[    0.109160] smpboot: CPU0: AMD Ryzen 9 7950X 16-Core Processor (family: 0x19, model: 0x61, stepping: 0x2)
[    0.110138] Performance Events: Fam17h+ core perfctr, AMD PMU driver.
[    0.110906] ... version:                0
[    0.111035] ... bit width:              48
[    0.111508] ... generic registers:      6
[    0.111973] ... value mask:             0000ffffffffffff
[    0.112035] ... max period:             00007fffffffffff
[    0.112651] ... fixed-purpose events:   0
[    0.113035] ... event mask:             000000000000003f
[    0.113725] signal: max sigframe size: 3376
[    0.114053] rcu: Hierarchical SRCU implementation.
[    0.114606] rcu: Max phase no-delay instances is 400.
[    0.115055] Timer migration: 2 hierarchy levels; 8 children per group; 2 crossnode level
[    0.118056] smp: Bringing up secondary CPUs ...
[    0.118635] smpboot: x86: Booting SMP configuration:
[    0.119036] .... node  #0, CPUs:        #1  #2  #3  #4  #5  #6  #7  #8  #9 #10 #11 #12 #13 #14 #15 #16 #17 #18 #19 #20 #21 #22 #23 #24 #25 #26 #27 #28 #29 #30 #31
[    0.131125] smp: Brought up 1 node, 32 CPUs
[    0.132526] smpboot: Total of 32 processors activated (287459.58 BogoMIPS)
[    0.135054] Memory: 970440K/1048056K available (16384K kernel code, 2473K rwdata, 6336K rodata, 3148K init, 1808K bss, 63184K reserved, 0K cma-reserved)
[    0.136155] devtmpfs: initialized
[    0.136446] x86/mm: Memory block size: 128MB
[    0.137719] clocksource: jiffies: mask: 0xffffffff max_cycles: 0xffffffff, max_idle_ns: 1911260446275000 ns
[    0.138037] futex hash table entries: 8192 (order: 7, 524288 bytes, linear)
[    0.138958] PM: RTC time: 18:09:50, date: 2025-01-16
[    0.139350] NET: Registered PF_NETLINK/PF_ROUTE protocol family
[    0.140145] thermal_sys: Registered thermal governor 'step_wise'
[    0.140147] thermal_sys: Registered thermal governor 'user_space'
[    0.140875] cpuidle: using governor menu
[    0.142218] PCI: Using configuration type 1 for base access
[    0.143035] PCI: Using configuration type 1 for extended access
[    0.143797] kprobes: kprobe jump-optimization is enabled. All kprobes are optimized if possible.
[    0.159065] HugeTLB: registered 1.00 GiB page size, pre-allocated 0 pages
[    0.159874] HugeTLB: 16380 KiB vmemmap can be freed for a 1.00 GiB page
[    0.160035] HugeTLB: registered 2.00 MiB page size, pre-allocated 0 pages
[    0.160833] HugeTLB: 28 KiB vmemmap can be freed for a 2.00 MiB page
[    0.161293] ACPI: Added _OSI(Module Device)
[    0.161787] ACPI: Added _OSI(Processor Device)
[    0.162035] ACPI: Added _OSI(3.0 _SCP Extensions)
[    0.162590] ACPI: Added _OSI(Processor Aggregator Device)
[    0.163676] ACPI: 1 ACPI AML tables successfully acquired and loaded
[    0.165479] ACPI: Interpreter enabled
[    0.165923] ACPI: PM: (supports S0 S3 S4 S5)
[    0.166035] ACPI: Using IOAPIC for interrupt routing
[    0.166625] PCI: Using host bridge windows from ACPI; if necessary, use "pci=nocrs" and report a bug
[    0.167035] PCI: Using E820 reservations for host bridge windows
[    0.167824] ACPI: Enabled 2 GPEs in block 00 to 0F
[    0.170427] ACPI: PCI Root Bridge [PCI0] (domain 0000 [bus 00-ff])
[    0.171037] acpi PNP0A03:00: _OSC: OS supports [ExtendedConfig ASPM ClockPM Segments MSI HPX-Type3]
[    0.172117] PCI host bridge to bus 0000:00
[    0.172600] pci_bus 0000:00: root bus resource [io  0x0000-0x0cf7 window]
[    0.173035] pci_bus 0000:00: root bus resource [io  0x0d00-0xffff window]
[    0.173838] pci_bus 0000:00: root bus resource [mem 0x000a0000-0x000bffff window]
[    0.174035] pci_bus 0000:00: root bus resource [mem 0x40000000-0xfebfffff window]
[    0.174917] pci_bus 0000:00: root bus resource [mem 0x100000000-0x17fffffff window]
[    0.175035] pci_bus 0000:00: root bus resource [bus 00-ff]
[    0.175754] pci 0000:00:00.0: [8086:1237] type 00 class 0x060000 conventional PCI endpoint
[    0.176259] pci 0000:00:01.0: [8086:7000] type 00 class 0x060100 conventional PCI endpoint
[    0.177314] pci 0000:00:01.1: [8086:7010] type 00 class 0x010180 conventional PCI endpoint
[    0.179283] pci 0000:00:01.1: BAR 4 [io  0xc0c0-0xc0cf]
[    0.180333] pci 0000:00:01.1: BAR 0 [io  0x01f0-0x01f7]: legacy IDE quirk
[    0.181035] pci 0000:00:01.1: BAR 1 [io  0x03f6]: legacy IDE quirk
[    0.181766] pci 0000:00:01.1: BAR 2 [io  0x0170-0x0177]: legacy IDE quirk
[    0.182035] pci 0000:00:01.1: BAR 3 [io  0x0376]: legacy IDE quirk
[    0.182841] pci 0000:00:01.3: [8086:7113] type 00 class 0x068000 conventional PCI endpoint
[    0.183250] pci 0000:00:01.3: quirk: [io  0x0600-0x063f] claimed by PIIX4 ACPI
[    0.184038] pci 0000:00:01.3: quirk: [io  0x0700-0x070f] claimed by PIIX4 SMB
[    0.185024] pci 0000:00:02.0: [1af4:1009] type 00 class 0x000200 conventional PCI endpoint
[    0.185380] pci 0000:00:02.0: BAR 0 [io  0xc000-0xc03f]
[    0.186519] pci 0000:00:02.0: BAR 1 [mem 0xfebfc000-0xfebfcfff]
[    0.188231] pci 0000:00:02.0: BAR 4 [mem 0xfebf0000-0xfebf3fff 64bit pref]
[    0.190155] pci 0000:00:03.0: [1af4:1009] type 00 class 0x000200 conventional PCI endpoint
[    0.191957] pci 0000:00:03.0: BAR 0 [io  0xc040-0xc07f]
[    0.192906] pci 0000:00:03.0: BAR 1 [mem 0xfebfd000-0xfebfdfff]
[    0.195035] pci 0000:00:03.0: BAR 4 [mem 0xfebf4000-0xfebf7fff 64bit pref]
[    0.196763] pci 0000:00:04.0: [8086:25ab] type 00 class 0x088000 conventional PCI endpoint
[    0.197204] pci 0000:00:04.0: BAR 0 [mem 0xfebfe000-0xfebfe00f]
[    0.198827] pci 0000:00:05.0: [1af4:1003] type 00 class 0x078000 conventional PCI endpoint
[    0.199411] pci 0000:00:05.0: BAR 0 [io  0xc080-0xc0bf]
[    0.200176] pci 0000:00:05.0: BAR 1 [mem 0xfebff000-0xfebfffff]
[    0.201787] pci 0000:00:05.0: BAR 4 [mem 0xfebf8000-0xfebfbfff 64bit pref]
[    0.203410] ACPI: PCI: Interrupt link LNKA configured for IRQ 10
[    0.204140] ACPI: PCI: Interrupt link LNKB configured for IRQ 10
[    0.204946] ACPI: PCI: Interrupt link LNKC configured for IRQ 11
[    0.205126] ACPI: PCI: Interrupt link LNKD configured for IRQ 11
[    0.205898] ACPI: PCI: Interrupt link LNKS configured for IRQ 9
[    0.206813] iommu: Default domain type: Translated
[    0.207036] iommu: DMA domain TLB invalidation policy: lazy mode
[    0.207789] SCSI subsystem initialized
[    0.208061] pps_core: LinuxPPS API ver. 1 registered
[    0.208654] pps_core: Software ver. 5.3.6 - Copyright 2005-2007 Rodolfo Giometti <giometti@linux.it>
[    0.209037] PTP clock support registered
[    0.209512] Advanced Linux Sound Architecture Driver Initialized.
[    0.210283] NET: Registered PF_ATMPVC protocol family
[    0.210894] NET: Registered PF_ATMSVC protocol family
[    0.211040] PCI: Using ACPI for IRQ routing
[    0.211608] vgaarb: loaded
[    0.211608] hpet0: at MMIO 0xfed00000, IRQs 2, 8, 0
[    0.212035] hpet0: 3 comparators, 64-bit 100.000000 MHz counter
[    0.217451] clocksource: Switched to clocksource kvm-clock
[    0.217933] VFS: Disk quotas dquot_6.6.0
[    0.218426] VFS: Dquot-cache hash table entries: 512 (order 0, 4096 bytes)
[    0.219289] pnp: PnP ACPI init
[    0.219821] pnp: PnP ACPI: found 5 devices
[    0.226951] clocksource: acpi_pm: mask: 0xffffff max_cycles: 0xffffff, max_idle_ns: 2085701024 ns
[    0.228019] NET: Registered PF_INET protocol family
[    0.228703] IP idents hash table entries: 16384 (order: 5, 131072 bytes, linear)
[    0.229721] tcp_listen_portaddr_hash hash table entries: 512 (order: 1, 8192 bytes, linear)
[    0.230717] Table-perturb hash table entries: 65536 (order: 6, 262144 bytes, linear)
[    0.231644] TCP established hash table entries: 8192 (order: 4, 65536 bytes, linear)
[    0.232553] TCP bind hash table entries: 8192 (order: 6, 262144 bytes, linear)
[    0.233400] TCP: Hash tables configured (established 8192 bind 8192)
[    0.234157] UDP hash table entries: 512 (order: 3, 32768 bytes, linear)
[    0.234929] UDP-Lite hash table entries: 512 (order: 3, 32768 bytes, linear)
[    0.235776] NET: Registered PF_UNIX/PF_LOCAL protocol family
[    0.236435] pci_bus 0000:00: resource 4 [io  0x0000-0x0cf7 window]
[    0.237157] pci_bus 0000:00: resource 5 [io  0x0d00-0xffff window]
[    0.237877] pci_bus 0000:00: resource 6 [mem 0x000a0000-0x000bffff window]
[    0.238673] pci_bus 0000:00: resource 7 [mem 0x40000000-0xfebfffff window]
[    0.239474] pci_bus 0000:00: resource 8 [mem 0x100000000-0x17fffffff window]
[    0.240317] pci 0000:00:01.0: PIIX3: Enabling Passive Release
[    0.240991] pci 0000:00:00.0: Limiting direct PCI/PCI transfers
[    0.241706] PCI: CLS 0 bytes, default 64
[    0.242217] kvm_intel: VMX not supported by CPU 0
[    0.242803] kvm_amd: TSC scaling supported
[    0.243281] kvm_amd: Nested Virtualization enabled
[    0.243854] kvm_amd: Nested Paging enabled
[    0.244330] kvm_amd: LBR virtualization supported
[    0.244887] kvm_amd: Virtual GIF supported
[    0.245362] kvm_amd: Virtual NMI enabled
[    0.277225] clocksource: tsc: mask: 0xffffffffffffffff max_cycles: 0x40be400eb43, max_idle_ns: 440795366972 ns
[    0.284170] Initialise system trusted keyrings
[    0.284754] workingset: timestamp_bits=56 max_order=18 bucket_order=0
[    0.285540] squashfs: version 4.0 (2009/01/31) Phillip Lougher
[    0.286239] fuse: init (API version 7.41)
[    0.286750] 9p: Installing v9fs 9p2000 file system support
[    0.293819] Key type asymmetric registered
[    0.294307] Asymmetric key parser 'x509' registered
[    0.294901] Block layer SCSI generic (bsg) driver version 0.4 loaded (major 249)
[    0.295791] io scheduler mq-deadline registered
[    0.296326] io scheduler kyber registered
[    0.298542] input: Power Button as /devices/LNXSYSTM:00/LNXPWRBN:00/input/input0
[    0.299465] ACPI: button: Power Button [PWRF]
[    0.300393] Warning: Processor Platform Limit event detected, but not handled.
[    0.301254] Consider compiling CPUfreq support into your kernel.
[    0.319126] ACPI: \_SB_.LNKB: Enabled at IRQ 10
[    0.335157] ACPI: \_SB_.LNKC: Enabled at IRQ 11
[    0.351082] ACPI: \_SB_.LNKA: Enabled at IRQ 10
[    0.352221] Serial: 8250/16550 driver, 4 ports, IRQ sharing enabled
[    0.353121] 00:03: ttyS0 at I/O 0x3f8 (irq = 4, base_baud = 115200) is a 16550A
[    0.373872] Non-volatile memory driver v1.3
[    0.374556] Linux agpgart interface v0.103
[    0.374606] ACPI: bus type drm_connector registered
[    0.375875] printk: legacy console [hvc0] enabled
[    0.376594] printk: legacy bootconsole [earlyser0] disabled
          _      _                                    
   __   _(_)_ __| |_ _ __ ___   ___       _ __   __ _ 
   \ \ / / |  __| __|  _   _ \ / _ \_____|  _ \ / _  |
    \ V /| | |  | |_| | | | | |  __/_____| | | | (_| |
     \_/ |_|_|   \__|_| |_| |_|\___|     |_| |_|\__  |
                                                |___/ 
   kernel version: 6.13.0-rc6-virtme x86_64
   (CTRL+d to exit)

root@virtme-ng:/nipa-data/kernel# PS1='xx__-> '
xx__-> env
PWD=/nipa-data/kernel
nr_open=1048576
HOME=/
TERM=xterm
SHLVL=2
XDG_RUNTIME_DIR=/run/user/0
PATH=/bin:/sbin:/usr/bin:/usr/sbin:/usr/local/bin
OLDPWD=/
_=/bin/env
xx__-> 