No EFI environment detected.
early console in extract_kernel
input_data: 0x00000000030612b9
input_len: 0x0000000000b827af
output: 0x0000000001000000
output_len: 0x000000000252f438
kernel_total_size: 0x0000000002c30000
needed_size: 0x0000000002e00000
trampoline_32bit: 0x0000000000000000
Physical KASLR using RDRAND RDTSC...
Virtual KASLR using RDRAND RDTSC...

Decompressing Linux... Parsing ELF... Performing relocations... done.
Booting the kernel (entry_offset: 0x0000000000000000).
[    0.000000] Linux version 6.8.0-rc3-virtme (root@df7c49ec4ba6) (gcc (Alpine 13.2.1_git20231014) 13.2.1 20231014, GNU ld (GNU Binutils) 2.41) #1 SMP PREEMPT_DYNAMIC Thu Feb 15 06:06:17 UTC 2024
[    0.000000] Command line: virtme_hostname=virtme-ng virtme_link_mods=/nipa-data/kernel/.virtme_mods/lib/modules/0.0.0 virtme_initmount0=nipa-data/kernel virtme_rw_overlay0=/etc virtme_rw_overlay1=/lib virtme_rw_overlay2=/home virtme_rw_overlay3=/opt virtme_rw_overlay4=/srv virtme_rw_overlay5=/usr virtme_rw_overlay6=/var earlyprintk=serial,ttyS0,115200 console=ttyS0 psmouse.proto=exps TERM=xterm virtme_chdir=nipa-data/kernel virtme_root_user=1 rootfstype=9p rootflags=version=9p2000.L,trans=virtio,access=any raid=noautodetect ro init=/usr/lib/python3.11/site-packages/virtme/guest/virtme-init
[    0.000000] BIOS-provided physical RAM map:
[    0.000000] BIOS-e820: [mem 0x0000000000000000-0x000000000009fbff] usable
[    0.000000] BIOS-e820: [mem 0x000000000009fc00-0x000000000009ffff] reserved
[    0.000000] BIOS-e820: [mem 0x00000000000f0000-0x00000000000fffff] reserved
[    0.000000] BIOS-e820: [mem 0x0000000000100000-0x000000003ffdffff] usable
[    0.000000] BIOS-e820: [mem 0x000000003ffe0000-0x000000003fffffff] reserved
[    0.000000] BIOS-e820: [mem 0x00000000feffc000-0x00000000feffffff] reserved
[    0.000000] BIOS-e820: [mem 0x00000000fffc0000-0x00000000ffffffff] reserved
[    0.000000] BIOS-e820: [mem 0x000000fd00000000-0x000000ffffffffff] reserved
[    0.000000] printk: legacy bootconsole [earlyser0] enabled
[    0.000000] NX (Execute Disable) protection: active
[    0.000000] APIC: Static calls initialized
[    0.000000] SMBIOS 3.0.0 present.
[    0.000000] DMI: QEMU Standard PC (i440FX + PIIX, 1996), BIOS rel-1.16.3-0-ga6ed6b701f0a-prebuilt.qemu.org 04/01/2014
[    0.000000] Hypervisor detected: KVM
[    0.000000] kvm-clock: Using msrs 4b564d01 and 4b564d00
[    0.000001] kvm-clock: using sched offset of 230024907 cycles
[    0.000398] clocksource: kvm-clock: mask: 0xffffffffffffffff max_cycles: 0x1cd42e4dffb, max_idle_ns: 881590591483 ns
[    0.001631] tsc: Detected 4491.536 MHz processor
[    0.002248] last_pfn = 0x3ffe0 max_arch_pfn = 0x400000000
[    0.002682] MTRR map: 4 entries (3 fixed + 1 variable; max 19), built from 8 variable MTRRs
[    0.003315] x86/PAT: Configuration [0-7]: WB  WC  UC- UC  WB  WP  UC- WT  
Memory KASLR using RDRAND RDTSC...
[    0.005428] found SMP MP-table at [mem 0x000f5470-0x000f547f]
[    0.005869] Using GB pages for direct mapping
[    0.006269] ACPI: Early table checksum verification disabled
[    0.006699] ACPI: RSDP 0x00000000000F5290 000014 (v00 BOCHS )
[    0.007135] ACPI: RSDT 0x000000003FFE27B6 000034 (v01 BOCHS  BXPC     00000001 BXPC 00000001)
[    0.007781] ACPI: FACP 0x000000003FFE2572 000074 (v01 BOCHS  BXPC     00000001 BXPC 00000001)
[    0.008431] ACPI: DSDT 0x000000003FFE0040 002532 (v01 BOCHS  BXPC     00000001 BXPC 00000001)
[    0.009081] ACPI: FACS 0x000000003FFE0000 000040
[    0.009433] ACPI: APIC 0x000000003FFE25E6 000170 (v03 BOCHS  BXPC     00000001 BXPC 00000001)
[    0.010081] ACPI: HPET 0x000000003FFE2756 000038 (v01 BOCHS  BXPC     00000001 BXPC 00000001)
[    0.010730] ACPI: WAET 0x000000003FFE278E 000028 (v01 BOCHS  BXPC     00000001 BXPC 00000001)
[    0.011380] ACPI: Reserving FACP table memory at [mem 0x3ffe2572-0x3ffe25e5]
[    0.011917] ACPI: Reserving DSDT table memory at [mem 0x3ffe0040-0x3ffe2571]
[    0.012451] ACPI: Reserving FACS table memory at [mem 0x3ffe0000-0x3ffe003f]
[    0.012988] ACPI: Reserving APIC table memory at [mem 0x3ffe25e6-0x3ffe2755]
[    0.013523] ACPI: Reserving HPET table memory at [mem 0x3ffe2756-0x3ffe278d]
[    0.014058] ACPI: Reserving WAET table memory at [mem 0x3ffe278e-0x3ffe27b5]
[    0.014744] No NUMA configuration found
[    0.015035] Faking a node at [mem 0x0000000000000000-0x000000003ffdffff]
[    0.015542] NODE_DATA(0) allocated [mem 0x3ffdb000-0x3ffdffff]
[    0.015998] Zone ranges:
[    0.016189]   DMA      [mem 0x0000000000001000-0x0000000000ffffff]
[    0.016658]   DMA32    [mem 0x0000000001000000-0x000000003ffdffff]
[    0.017144]   Normal   empty
[    0.017363]   Device   empty
[    0.017581] Movable zone start for each node
[    0.017915] Early memory node ranges
[    0.018186]   node   0: [mem 0x0000000000001000-0x000000000009efff]
[    0.018661]   node   0: [mem 0x0000000000100000-0x000000003ffdffff]
[    0.019144] Initmem setup node 0 [mem 0x0000000000001000-0x000000003ffdffff]
[    0.019688] On node 0, zone DMA: 1 pages in unavailable ranges
[    0.020150] On node 0, zone DMA: 97 pages in unavailable ranges
[    0.021567] On node 0, zone DMA32: 32 pages in unavailable ranges
[    0.022237] ACPI: PM-Timer IO Port: 0x608
[    0.022545] ACPI: LAPIC_NMI (acpi_id[0xff] dfl dfl lint[0x1])
[    0.023007] IOAPIC[0]: apic_id 0, version 17, address 0xfec00000, GSI 0-23
[    0.023530] ACPI: INT_SRC_OVR (bus 0 bus_irq 0 global_irq 2 dfl dfl)
[    0.024022] ACPI: INT_SRC_OVR (bus 0 bus_irq 5 global_irq 5 high level)
[    0.024522] ACPI: INT_SRC_OVR (bus 0 bus_irq 9 global_irq 9 high level)
[    0.025033] ACPI: INT_SRC_OVR (bus 0 bus_irq 10 global_irq 10 high level)
[    0.025545] ACPI: INT_SRC_OVR (bus 0 bus_irq 11 global_irq 11 high level)
[    0.026138] ACPI: Using ACPI (MADT) for SMP configuration information
[    0.026721] ACPI: HPET id: 0x8086a201 base: 0xfed00000
[    0.027189] TSC deadline timer available
[    0.027544] smpboot: Allowing 32 CPUs, 0 hotplug CPUs
[    0.028021] kvm-guest: APIC: eoi() replaced with kvm_guest_apic_eoi_write()
[    0.028659] kvm-guest: KVM setup pv remote TLB flush
[    0.029111] kvm-guest: setup PV sched yield
[    0.029498] PM: hibernation: Registered nosave memory: [mem 0x00000000-0x00000fff]
[    0.030182] PM: hibernation: Registered nosave memory: [mem 0x0009f000-0x0009ffff]
[    0.030864] PM: hibernation: Registered nosave memory: [mem 0x000a0000-0x000effff]
[    0.031545] PM: hibernation: Registered nosave memory: [mem 0x000f0000-0x000fffff]
[    0.032235] [mem 0x40000000-0xfeffbfff] available for PCI devices
[    0.032790] Booting paravirtualized kernel on KVM
[    0.033219] clocksource: refined-jiffies: mask: 0xffffffff max_cycles: 0xffffffff, max_idle_ns: 1910969940391419 ns
[    0.037213] setup_percpu: NR_CPUS:64 nr_cpumask_bits:32 nr_cpu_ids:32 nr_node_ids:1
[    0.038435] percpu: Embedded 58 pages/cpu s199904 r8192 d29472 u262144
[    0.038974] Kernel command line: virtme_hostname=virtme-ng virtme_link_mods=/nipa-data/kernel/.virtme_mods/lib/modules/0.0.0 virtme_initmount0=nipa-data/kernel virtme_rw_overlay0=/etc virtme_rw_overlay1=/lib virtme_rw_overlay2=/home virtme_rw_overlay3=/opt virtme_rw_overlay4=/srv virtme_rw_overlay5=/usr virtme_rw_overlay6=/var earlyprintk=serial,ttyS0,115200 console=ttyS0 psmouse.proto=exps TERM=xterm virtme_chdir=nipa-data/kernel virtme_root_user=1 rootfstype=9p rootflags=version=9p2000.L,trans=virtio,access=any raid=noautodetect ro init=/usr/lib/python3.11/site-packages/virtme/guest/virtme-init
[    0.043166] Unknown kernel command line parameters "virtme_hostname=virtme-ng virtme_link_mods=/nipa-data/kernel/.virtme_mods/lib/modules/0.0.0 virtme_initmount0=nipa-data/kernel virtme_rw_overlay0=/etc virtme_rw_overlay1=/lib virtme_rw_overlay2=/home virtme_rw_overlay3=/opt virtme_rw_overlay4=/srv virtme_rw_overlay5=/usr virtme_rw_overlay6=/var virtme_chdir=nipa-data/kernel virtme_root_user=1", will be passed to user space.
[    0.046453] random: crng init done
[    0.046747] Dentry cache hash table entries: 131072 (order: 8, 1048576 bytes, linear)
[    0.047371] Inode-cache hash table entries: 65536 (order: 7, 524288 bytes, linear)
[    0.048062] Fallback order for Node 0: 0 
[    0.048066] Built 1 zonelists, mobility grouping on.  Total pages: 257760
[    0.048904] Policy zone: DMA32
[    0.049141] mem auto-init: stack:all(zero), heap alloc:off, heap free:off
[    0.051139] Memory: 976376K/1048056K available (16384K kernel code, 2558K rwdata, 6076K rodata, 3156K init, 12004K bss, 71420K reserved, 0K cma-reserved)
[    0.052258] SLUB: HWalign=64, Order=0-3, MinObjects=0, CPUs=32, Nodes=1
Poking KASLR using RDRAND RDTSC...
[    0.053045] ftrace: allocating 46574 entries in 182 pages
[    0.060196] ftrace: allocated 182 pages with 5 groups
[    0.061443] Dynamic Preempt: voluntary
[    0.061947] Running RCU self tests
[    0.062215] Running RCU synchronous self tests
[    0.062570] rcu: Preemptible hierarchical RCU implementation.
[    0.063020] rcu: RCU event tracing is enabled.
[    0.063372] rcu: RCU lockdep checking is enabled.
[    0.063744] rcu: RCU restricting CPUs from NR_CPUS=64 to nr_cpu_ids=32.
[    0.064270] Trampoline variant of Tasks RCU enabled.
[    0.064663] Rude variant of Tasks RCU enabled.
[    0.065014] Tracing variant of Tasks RCU enabled.
[    0.065386] rcu: RCU calculated value of scheduler-enlistment delay is 100 jiffies.
[    0.065981] rcu: Adjusting geometry for rcu_fanout_leaf=16, nr_cpu_ids=32
[    0.066539] Running RCU synchronous self tests
[    0.068489] NR_IRQS: 4352, nr_irqs: 680, preallocated irqs: 16
[    0.069138] rcu: srcu_init: Setting srcu_struct sizes based on contention.
[    0.069875] Console: colour *CGA 80x25
[    0.070191] printk: legacy console [ttyS0] enabled
[    0.070191] printk: legacy console [ttyS0] enabled
[    0.070934] printk: legacy bootconsole [earlyser0] disabled
[    0.070934] printk: legacy bootconsole [earlyser0] disabled
[    0.071805] Lock dependency validator: Copyright (c) 2006 Red Hat, Inc., Ingo Molnar
[    0.072411] ... MAX_LOCKDEP_SUBCLASSES:  8
[    0.072732] ... MAX_LOCK_DEPTH:          48
[    0.073061] ... MAX_LOCKDEP_KEYS:        8192
[    0.073405] ... CLASSHASH_SIZE:          4096
[    0.073748] ... MAX_LOCKDEP_ENTRIES:     32768
[    0.074097] ... MAX_LOCKDEP_CHAINS:      65536
[    0.074445] ... CHAINHASH_SIZE:          32768
[    0.074791]  memory used by lock dependency info: 6429 kB
[    0.075215]  memory used for stack traces: 4224 kB
[    0.075590]  per task-struct memory footprint: 1920 bytes
[    0.076027] ACPI: Core revision 20230628
[    0.076438] clocksource: hpet: mask: 0xffffffff max_cycles: 0xffffffff, max_idle_ns: 19112604467 ns
[    0.077256] APIC: Switch to symmetric I/O mode setup
[    0.077658] APIC: Switched APIC routing to: physical flat
[    0.078084] kvm-guest: APIC: send_IPI_mask() replaced with kvm_send_ipi_mask()
[    0.078645] kvm-guest: APIC: send_IPI_mask_allbutself() replaced with kvm_send_ipi_mask_allbutself()
[    0.079368] kvm-guest: setup PV IPIs
[    0.080512] ..TIMER: vector=0x30 apic1=0 pin1=2 apic2=-1 pin2=-1
[    0.081530] tsc: Marking TSC unstable due to TSCs unsynchronized
[    0.082595] Calibrating delay loop (skipped) preset value.. 8983.07 BogoMIPS (lpj=4491536)
[    0.083649] x86/cpu: User Mode Instruction Prevention (UMIP) activated
[    0.084649] Last level iTLB entries: 4KB 512, 2MB 255, 4MB 127
[    0.085588] Last level dTLB entries: 4KB 512, 2MB 255, 4MB 127, 1GB 0
[    0.086592] Spectre V1 : Mitigation: usercopy/swapgs barriers and __user pointer sanitization
[    0.087593] Spectre V2 : Mitigation: Enhanced / Automatic IBRS
[    0.088589] Spectre V2 : Spectre v2 / SpectreRSB mitigation: Filling RSB on context switch
[    0.089590] Spectre V2 : mitigation: Enabling conditional Indirect Branch Prediction Barrier
[    0.090590] Speculative Store Bypass: Mitigation: Speculative Store Bypass disabled via prctl
[    0.091589] Speculative Return Stack Overflow: IBPB-extending microcode not applied!
[    0.092588] Speculative Return Stack Overflow: WARNING: See https://kernel.org/doc/html/latest/admin-guide/hw-vuln/srso.html for mitigation options.
[    0.092589] Speculative Return Stack Overflow: Vulnerable: Safe RET, no microcode
[    0.094610] x86/fpu: Supporting XSAVE feature 0x001: 'x87 floating point registers'
[    0.095589] x86/fpu: Supporting XSAVE feature 0x002: 'SSE registers'
[    0.096589] x86/fpu: Supporting XSAVE feature 0x004: 'AVX registers'
[    0.097589] x86/fpu: Supporting XSAVE feature 0x020: 'AVX-512 opmask'
[    0.098588] x86/fpu: Supporting XSAVE feature 0x040: 'AVX-512 Hi256'
[    0.099589] x86/fpu: Supporting XSAVE feature 0x080: 'AVX-512 ZMM_Hi256'
[    0.100589] x86/fpu: Supporting XSAVE feature 0x200: 'Protection Keys User registers'
[    0.101589] x86/fpu: xstate_offset[2]:  576, xstate_sizes[2]:  256
[    0.102589] x86/fpu: xstate_offset[5]:  832, xstate_sizes[5]:   64
[    0.103415] x86/fpu: xstate_offset[6]:  896, xstate_sizes[6]:  512
[    0.103589] x86/fpu: xstate_offset[7]: 1408, xstate_sizes[7]: 1024
[    0.104589] x86/fpu: xstate_offset[9]: 2432, xstate_sizes[9]:    8
[    0.105588] x86/fpu: Enabled xstate features 0x2e7, context size is 2440 bytes, using 'compacted' format.
[    0.125009] Freeing SMP alternatives memory: 36K
[    0.125590] pid_max: default: 32768 minimum: 301
[    0.126283] Mount-cache hash table entries: 2048 (order: 2, 16384 bytes, linear)
[    0.126591] Mountpoint-cache hash table entries: 2048 (order: 2, 16384 bytes, linear)
[    0.128939] Running RCU synchronous self tests
[    0.129529] Running RCU synchronous self tests
[    0.129756] smpboot: CPU0: AMD Ryzen 9 7950X 16-Core Processor (family: 0x19, model: 0x61, stepping: 0x2)
[    0.130965] RCU Tasks: Setting shift to 5 and lim to 1 rcu_task_cb_adjust=1.
[    0.131619] RCU Tasks Rude: Setting shift to 5 and lim to 1 rcu_task_cb_adjust=1.
[    0.132628] RCU Tasks Trace: Setting shift to 5 and lim to 1 rcu_task_cb_adjust=1.
[    0.133626] Running RCU Tasks wait API self tests
[    0.238664] Running RCU Tasks Rude wait API self tests
[    0.239468] Running RCU Tasks Trace wait API self tests
[    0.239642] Performance Events: Fam17h+ core perfctr, AMD PMU driver.
[    0.240549] ... version:                0
[    0.240592] ... bit width:              48
[    0.241141] ... generic registers:      6
[    0.241592] ... value mask:             0000ffffffffffff
[    0.242300] ... max period:             00007fffffffffff
[    0.242591] ... fixed-purpose events:   0
[    0.243124] ... event mask:             000000000000003f
[    0.243790] signal: max sigframe size: 3376
[    0.244441] rcu: Hierarchical SRCU implementation.
[    0.244592] rcu: Max phase no-delay instances is 400.
[    0.247072] Callback from call_rcu_tasks_trace() invoked.
[    0.249446] smp: Bringing up secondary CPUs ...
[    0.249891] smpboot: x86: Booting SMP configuration:
[    0.250570] .... node  #0, CPUs:        #1  #2  #3  #4  #5  #6  #7  #8  #9 #10 #11 #12 #13 #14 #15 #16 #17 #18 #19 #20 #21 #22 #23 #24 #25 #26 #27 #28 #29 #30 #31
[    0.298817] smp: Brought up 1 node, 32 CPUs
[    0.300348] smpboot: Max logical packages: 1
[    0.300592] smpboot: Total of 32 processors activated (287458.30 BogoMIPS)
[    0.312830] devtmpfs: initialized
[    0.313690] x86/mm: Memory block size: 128MB
[    0.316670] Running RCU synchronous self tests
[    0.317330] Running RCU synchronous self tests
[    0.317683] clocksource: jiffies: mask: 0xffffffff max_cycles: 0xffffffff, max_idle_ns: 1911260446275000 ns
[    0.318596] futex hash table entries: 8192 (order: 8, 1048576 bytes, linear)
[    0.320052] PM: RTC time: 06:06:50, date: 2024-02-15
[    0.321311] NET: Registered PF_NETLINK/PF_ROUTE protocol family
[    0.322231] thermal_sys: Registered thermal governor 'step_wise'
[    0.322233] thermal_sys: Registered thermal governor 'user_space'
[    0.322639] cpuidle: using governor menu
[    0.325014] PCI: Using configuration type 1 for base access
[    0.325600] PCI: Using configuration type 1 for extended access
[    0.326531] kprobes: kprobe jump-optimization is enabled. All kprobes are optimized if possible.
[    0.344758] HugeTLB: registered 1.00 GiB page size, pre-allocated 0 pages
[    0.346594] HugeTLB: 16380 KiB vmemmap can be freed for a 1.00 GiB page
[    0.347482] HugeTLB: registered 2.00 MiB page size, pre-allocated 0 pages
[    0.347591] HugeTLB: 28 KiB vmemmap can be freed for a 2.00 MiB page
[    0.348621] Callback from call_rcu_tasks_rude() invoked.
[    0.349736] ACPI: Added _OSI(Module Device)
[    0.350311] ACPI: Added _OSI(Processor Device)
[    0.351592] ACPI: Added _OSI(3.0 _SCP Extensions)
[    0.352238] ACPI: Added _OSI(Processor Aggregator Device)
[    0.354738] ACPI: 1 ACPI AML tables successfully acquired and loaded
[    0.357665] ACPI: _OSC evaluation for CPUs failed, trying _PDC
[    0.359116] ACPI: Interpreter enabled
[    0.359633] ACPI: PM: (supports S0 S3 S4 S5)
[    0.360215] ACPI: Using IOAPIC for interrupt routing
[    0.360610] PCI: Using host bridge windows from ACPI; if necessary, use "pci=nocrs" and report a bug
[    0.361591] PCI: Using E820 reservations for host bridge windows
[    0.362707] ACPI: Enabled 2 GPEs in block 00 to 0F
[    0.372451] ACPI: PCI Root Bridge [PCI0] (domain 0000 [bus 00-ff])
[    0.373596] acpi PNP0A03:00: _OSC: OS supports [ExtendedConfig ASPM ClockPM Segments MSI HPX-Type3]
[    0.375098] PCI host bridge to bus 0000:00
[    0.375592] pci_bus 0000:00: root bus resource [io  0x0000-0x0cf7 window]
[    0.376503] pci_bus 0000:00: root bus resource [io  0x0d00-0xffff window]
[    0.377592] pci_bus 0000:00: root bus resource [mem 0x000a0000-0x000bffff window]
[    0.378591] pci_bus 0000:00: root bus resource [mem 0x40000000-0xfebfffff window]
[    0.379588] pci_bus 0000:00: root bus resource [mem 0x100000000-0x17fffffff window]
[    0.380592] pci_bus 0000:00: root bus resource [bus 00-ff]
[    0.381479] pci 0000:00:00.0: [8086:1237] type 00 class 0x060000 conventional PCI endpoint
[    0.383100] pci 0000:00:01.0: [8086:7000] type 00 class 0x060100 conventional PCI endpoint
[    0.385037] pci 0000:00:01.1: [8086:7010] type 00 class 0x010180 conventional PCI endpoint
[    0.387843] pci 0000:00:01.1: BAR 4 [io  0xc080-0xc08f]
[    0.390283] pci 0000:00:01.1: BAR 0 [io  0x01f0-0x01f7]: legacy IDE quirk
[    0.390592] pci 0000:00:01.1: BAR 1 [io  0x03f6]: legacy IDE quirk
[    0.391411] pci 0000:00:01.1: BAR 2 [io  0x0170-0x0177]: legacy IDE quirk
[    0.392592] pci 0000:00:01.1: BAR 3 [io  0x0376]: legacy IDE quirk
[    0.393614] pci 0000:00:01.3: [8086:7113] type 00 class 0x068000 conventional PCI endpoint
[    0.394860] pci 0000:00:01.3: quirk: [io  0x0600-0x063f] claimed by PIIX4 ACPI
[    0.395596] pci 0000:00:01.3: quirk: [io  0x0700-0x070f] claimed by PIIX4 SMB
[    0.397448] pci 0000:00:02.0: [1af4:1009] type 00 class 0x000200 conventional PCI endpoint
[    0.399592] pci 0000:00:02.0: BAR 0 [io  0xc000-0xc03f]
[    0.402219] pci 0000:00:02.0: BAR 1 [mem 0xfebfd000-0xfebfdfff]
[    0.406591] pci 0000:00:02.0: BAR 4 [mem 0xfebf4000-0xfebf7fff 64bit pref]
[    0.410837] pci 0000:00:03.0: [1af4:1009] type 00 class 0x000200 conventional PCI endpoint
[    0.412591] pci 0000:00:03.0: BAR 0 [io  0xc040-0xc07f]
[    0.415228] pci 0000:00:03.0: BAR 1 [mem 0xfebfe000-0xfebfefff]
[    0.419592] pci 0000:00:03.0: BAR 4 [mem 0xfebf8000-0xfebfbfff 64bit pref]
[    0.422756] pci 0000:00:04.0: [8086:25ab] type 00 class 0x088000 conventional PCI endpoint
[    0.423588] pci 0000:00:04.0: BAR 0 [mem 0xfebff000-0xfebff00f]
[    0.429570] ACPI: PCI: Interrupt link LNKA configured for IRQ 10
[    0.431766] ACPI: PCI: Interrupt link LNKB configured for IRQ 10
[    0.432673] ACPI: PCI: Interrupt link LNKC configured for IRQ 11
[    0.433638] ACPI: PCI: Interrupt link LNKD configured for IRQ 11
[    0.434544] ACPI: PCI: Interrupt link LNKS configured for IRQ 9
[    0.438041] iommu: Default domain type: Translated
[    0.438592] iommu: DMA domain TLB invalidation policy: lazy mode
[    0.439712] SCSI subsystem initialized
[    0.440260] pps_core: LinuxPPS API ver. 1 registered
[    0.440593] pps_core: Software ver. 5.3.6 - Copyright 2005-2007 Rodolfo Giometti <giometti@linux.it>
[    0.441596] PTP clock support registered
[    0.442668] Advanced Linux Sound Architecture Driver Initialized.
[    0.444277] NET: Registered PF_ATMPVC protocol family
[    0.444592] NET: Registered PF_ATMSVC protocol family
[    0.445273] PCI: Using ACPI for IRQ routing
[    0.446752] vgaarb: loaded
[    0.446986] hpet0: at MMIO 0xfed00000, IRQs 2, 8, 0
[    0.447593] hpet0: 3 comparators, 64-bit 100.000000 MHz counter
[    0.453842] clocksource: Switched to clocksource kvm-clock
[    0.454830] Callback from call_rcu_tasks() invoked.
[    0.455233] VFS: Disk quotas dquot_6.6.0
[    0.456261] VFS: Dquot-cache hash table entries: 512 (order 0, 4096 bytes)
[    0.457313] pnp: PnP ACPI init
[    0.458283] pnp: PnP ACPI: found 5 devices
[    0.468566] clocksource: acpi_pm: mask: 0xffffff max_cycles: 0xffffff, max_idle_ns: 2085701024 ns
[    0.469825] NET: Registered PF_INET protocol family
[    0.470550] IP idents hash table entries: 16384 (order: 5, 131072 bytes, linear)
[    0.471833] tcp_listen_portaddr_hash hash table entries: 512 (order: 3, 36864 bytes, linear)
[    0.472987] Table-perturb hash table entries: 65536 (order: 6, 262144 bytes, linear)
[    0.474056] TCP established hash table entries: 8192 (order: 4, 65536 bytes, linear)
[    0.475145] TCP bind hash table entries: 8192 (order: 8, 1179648 bytes, linear)
[    0.476523] TCP: Hash tables configured (established 8192 bind 8192)
[    0.477496] UDP hash table entries: 512 (order: 4, 81920 bytes, linear)
[    0.478427] UDP-Lite hash table entries: 512 (order: 4, 81920 bytes, linear)
[    0.479526] NET: Registered PF_UNIX/PF_LOCAL protocol family
[    0.480312] pci_bus 0000:00: resource 4 [io  0x0000-0x0cf7 window]
[    0.481142] pci_bus 0000:00: resource 5 [io  0x0d00-0xffff window]
[    0.481974] pci_bus 0000:00: resource 6 [mem 0x000a0000-0x000bffff window]
[    0.482883] pci_bus 0000:00: resource 7 [mem 0x40000000-0xfebfffff window]
[    0.483803] pci_bus 0000:00: resource 8 [mem 0x100000000-0x17fffffff window]
[    0.484815] pci 0000:00:01.0: PIIX3: Enabling Passive Release
[    0.485589] pci 0000:00:00.0: Limiting direct PCI/PCI transfers
[    0.486415] PCI: CLS 0 bytes, default 64
[    0.487009] kvm_intel: VMX not supported by CPU 31
[    0.487692] kvm_amd: TSC scaling supported
[    0.488254] kvm_amd: Nested Virtualization enabled
[    0.488889] kvm_amd: Nested Paging enabled
[    0.489748] kvm_amd: Virtual VMLOAD VMSAVE supported
[    0.490426] kvm_amd: Virtual GIF supported
[    0.490975] kvm_amd: Virtual NMI enabled
[    0.491503] kvm_amd: LBR virtualization supported
[    0.597965] workingset: timestamp_bits=56 max_order=18 bucket_order=0
[    0.599230] squashfs: version 4.0 (2009/01/31) Phillip Lougher
[    0.600256] fuse: init (API version 7.39)
[    0.601048] 9p: Installing v9fs 9p2000 file system support
[    0.602111] Key type asymmetric registered
[    0.602836] Block layer SCSI generic (bsg) driver version 0.4 loaded (major 249)
[    0.604160] io scheduler mq-deadline registered
[    0.604934] io scheduler kyber registered
[    0.607140] input: Power Button as /devices/LNXSYSTM:00/LNXPWRBN:00/input/input0
[    0.608665] ACPI: button: Power Button [PWRF]
[    0.609544] Warning: Processor Platform Limit event detected, but not handled.
[    0.610778] Consider compiling CPUfreq support into your kernel.
[    0.692807] ACPI: \_SB_.LNKB: Enabled at IRQ 10
[    0.766331] ACPI: \_SB_.LNKC: Enabled at IRQ 11
[    0.767803] Serial: 8250/16550 driver, 4 ports, IRQ sharing enabled
[    0.769046] 00:03: ttyS0 at I/O 0x3f8 (irq = 4, base_baud = 115200) is a 16550A
[    0.771088] Non-volatile memory driver v1.3
[    0.771652] Linux agpgart interface v0.103
[    0.772340] ACPI: bus type drm_connector registered
[    0.785584] loop: module loaded
[    0.787332] scsi host0: ata_piix
[    0.788104] scsi host1: ata_piix
[    0.788695] ata1: PATA max MWDMA2 cmd 0x1f0 ctl 0x3f6 bmdma 0xc080 irq 14 lpm-pol 0
[    0.789720] ata2: PATA max MWDMA2 cmd 0x170 ctl 0x376 bmdma 0xc088 irq 15 lpm-pol 0
[    0.791499] i8042: PNP: PS/2 Controller [PNP0303:KBD,PNP0f13:MOU] at 0x60,0x64 irq 1,12
[    0.793259] serio: i8042 KBD port at 0x60,0x64 irq 1
[    0.793950] serio: i8042 AUX port at 0x60,0x64 irq 12
[    0.795189] rtc_cmos 00:04: RTC can wake from S4
[    0.796271] input: AT Translated Set 2 keyboard as /devices/platform/i8042/serio0/input/input1
[    0.798027] rtc_cmos 00:04: registered as rtc0
[    0.798677] rtc_cmos 00:04: setting system clock to 2024-02-15T06:06:51 UTC (1707977211)
[    0.799852] rtc_cmos 00:04: alarms up to one day, y3k, 242 bytes nvram, hpet irqs
[    0.801600] i6300ESB timer 0000:00:04.0: initialized. heartbeat=30 sec (nowayout=0)
[    0.802778] device-mapper: ioctl: 4.48.0-ioctl (2023-03-01) initialised: dm-devel@redhat.com
[    0.805192] NET: Registered PF_PACKET protocol family
[    0.805871] 9pnet: Installing 9P2000 support
[    0.807593] Key type dns_resolver registered
[    0.808584] input: ImExPS/2 Generic Explorer Mouse as /devices/platform/i8042/serio1/input/input3
[    0.813028] IPI shorthand broadcast: enabled
[    0.821536] sched_clock: Marking stable (812001885, 8912063)->(865636133, -44722185)
[    0.822829] registered taskstats version 1
[    0.828144] PM:   Magic number: 12:799:114
[    0.828747] printk: legacy console [netcon0] enabled
[    0.829412] netconsole: network logging started
[    0.830168] ALSA device list:
[    0.830606]   No soundcards found.
[    0.950206] ata2: found unknown device (class 0)
[    0.951291] ata2.00: ATAPI: QEMU DVD-ROM, 2.5+, max UDMA/100
[    0.953350] scsi 1:0:0:0: CD-ROM            QEMU     QEMU DVD-ROM     2.5+ PQ: 0 ANSI: 5
[    0.962783] scsi 1:0:0:0: Attached scsi generic sg0 type 5
[    0.963792] md: Skipping autodetection of RAID arrays. (raid=autodetect will force)
[    0.965002] 9pnet_virtio: no channels available for device 
[    0.966553] VFS: Mounted root (9p filesystem) readonly on device 0:19.
[    0.967785] devtmpfs: mounted
[    0.970306] Freeing unused kernel image (initmem) memory: 3156K
[    0.976946] Write protecting the kernel read-only data: 22528k
[    0.978335] Freeing unused kernel image (rodata/data gap) memory: 68K
[    1.015349] x86/mm: Checked W+X mappings: passed, no W+X pages found.
[    1.016331] Run /usr/lib/python3.11/site-packages/virtme/guest/virtme-init as init process
[    1.042829] mount (266) used greatest stack depth: 13240 bytes left
[    1.051396] mount (268) used greatest stack depth: 12984 bytes left
[    1.090633] mount (276) used greatest stack depth: 12776 bytes left
[    1.120734] mount (284) used greatest stack depth: 12584 bytes left
[    1.162378] mount (306) used greatest stack depth: 12440 bytes left
[    1.176379] virtme-init (311) used greatest stack depth: 12424 bytes left
[    1.210632] virtme-init: basic initialization done
[    1.216636] virtme-init: udevd not found
[    1.277709] virtme-init: Setting hostname to virtme-ng...
[    1.290779] ip (358) used greatest stack depth: 11912 bytes left
          _      _                                    
   __   _(_)_ __| |_ _ __ ___   ___       _ __   __ _ 
   \ \ / / |  __| __|  _   _ \ / _ \_____|  _ \ / _  |
    \ V /| | |  | |_| | | | | |  __/_____| | | | (_| |
     \_/ |_|_|   \__|_| |_| |_|\___|     |_| |_|\__  |
                                                |___/ 
   kernel version: 6.8.0-rc3-virtme x86_64

virtme-ng:/nipa-data/kernel# PS1='xx__-> '
xx__-> env
PWD=/nipa-data/kernel
HOME=/
TERM=xterm
SHLVL=2
XDG_RUNTIME_DIR=/run/user/0
PATH=/bin:/sbin:/usr/bin:/usr/sbin:/usr/local/bin
OLDPWD=/
_=/usr/bin/env
xx__-> 