No EFI environment detected.
early console in extract_kernel
input_data: 0x0000000002bdf2c4
input_len: 0x0000000000b82d62
output: 0x0000000001000000
output_len: 0x000000000271ab78
kernel_total_size: 0x0000000002430000
needed_size: 0x0000000002800000
trampoline_32bit: 0x0000000000000000
Physical KASLR using RDRAND RDTSC...
Virtual KASLR using RDRAND RDTSC...

Decompressing Linux... Parsing ELF... Performing relocations... done.
Booting the kernel (entry_offset: 0x0000000000000000).
[    0.000000] Linux version 6.13.0-rc6-virtme (root@c29ae4755e1a) (gcc (Ubuntu 13.3.0-6ubuntu2~24.04) 13.3.0, GNU ld (GNU Binutils for Ubuntu) 2.42) #1 SMP PREEMPT_DYNAMIC Sun Jan 12 18:07:16 UTC 2025
[    0.000000] Command line: virtme_hostname=virtme-ng nr_open=1048576 virtme_link_mods=/nipa-data/kernel/.virtme_mods/lib/modules/0.0.0 virtme_initmount0=nipa-data/kernel virtme_rw_overlay0=/etc virtme_rw_overlay1=/lib virtme_rw_overlay2=/home virtme_rw_overlay3=/opt virtme_rw_overlay4=/srv virtme_rw_overlay5=/usr virtme_rw_overlay6=/var console=hvc0 earlyprintk=serial,ttyS0,115200 virtme_console=ttyS0 psmouse.proto=exps TERM=xterm virtme_chdir=nipa-data/kernel virtme_root_user=1 rootfstype=9p rootflags=version=9p2000.L,trans=virtio,access=any raid=noautodetect ro init=/usr/lib/python3/dist-packages/virtme/guest/virtme-init
[    0.000000] BIOS-provided physical RAM map:
[    0.000000] BIOS-e820: [mem 0x0000000000000000-0x000000000009fbff] usable
[    0.000000] BIOS-e820: [mem 0x000000000009fc00-0x000000000009ffff] reserved
[    0.000000] BIOS-e820: [mem 0x00000000000f0000-0x00000000000fffff] reserved
[    0.000000] BIOS-e820: [mem 0x0000000000100000-0x000000003ffdffff] usable
[    0.000000] BIOS-e820: [mem 0x000000003ffe0000-0x000000003fffffff] reserved
[    0.000000] BIOS-e820: [mem 0x00000000feffc000-0x00000000feffffff] reserved
[    0.000000] BIOS-e820: [mem 0x00000000fffc0000-0x00000000ffffffff] reserved
[    0.000000] BIOS-e820: [mem 0x000000fd00000000-0x000000ffffffffff] reserved
[    0.000000] printk: legacy bootconsole [earlyser0] enabled
[    0.000000] NX (Execute Disable) protection: active
[    0.000000] APIC: Static calls initialized
[    0.000000] SMBIOS 3.0.0 present.
[    0.000000] DMI: QEMU Ubuntu 24.04 PC (i440FX + PIIX, 1996), BIOS 1.16.3-debian-1.16.3-2 04/01/2014
[    0.000000] DMI: Memory slots populated: 1/1
[    0.000000] Hypervisor detected: KVM
[    0.000000] kvm-clock: Using msrs 4b564d01 and 4b564d00
[    0.000000] kvm-clock: using sched offset of 202942292 cycles
[    0.000354] clocksource: kvm-clock: mask: 0xffffffffffffffff max_cycles: 0x1cd42e4dffb, max_idle_ns: 881590591483 ns
[    0.001455] tsc: Detected 4491.556 MHz processor
[    0.002009] last_pfn = 0x3ffe0 max_arch_pfn = 0x400000000
[    0.002396] MTRR map: 4 entries (3 fixed + 1 variable; max 19), built from 8 variable MTRRs
[    0.002963] x86/PAT: Configuration [0-7]: WB  WC  UC- UC  WB  WP  UC- WT  
Memory KASLR using RDRAND RDTSC...
[    0.004863] found SMP MP-table at [mem 0x000f5470-0x000f547f]
[    0.005255] Using GB pages for direct mapping
[    0.005585] ACPI: Early table checksum verification disabled
[    0.005968] ACPI: RSDP 0x00000000000F5290 000014 (v00 BOCHS )
[    0.006358] ACPI: RSDT 0x000000003FFE27BC 000034 (v01 BOCHS  BXPC     00000001 BXPC 00000001)
[    0.006937] ACPI: FACP 0x000000003FFE2578 000074 (v01 BOCHS  BXPC     00000001 BXPC 00000001)
[    0.007520] ACPI: DSDT 0x000000003FFE0040 002538 (v01 BOCHS  BXPC     00000001 BXPC 00000001)
[    0.008097] ACPI: FACS 0x000000003FFE0000 000040
[    0.008411] ACPI: APIC 0x000000003FFE25EC 000170 (v03 BOCHS  BXPC     00000001 BXPC 00000001)
[    0.008988] ACPI: HPET 0x000000003FFE275C 000038 (v01 BOCHS  BXPC     00000001 BXPC 00000001)
[    0.009565] ACPI: WAET 0x000000003FFE2794 000028 (v01 BOCHS  BXPC     00000001 BXPC 00000001)
[    0.010142] ACPI: Reserving FACP table memory at [mem 0x3ffe2578-0x3ffe25eb]
[    0.010619] ACPI: Reserving DSDT table memory at [mem 0x3ffe0040-0x3ffe2577]
[    0.011098] ACPI: Reserving FACS table memory at [mem 0x3ffe0000-0x3ffe003f]
[    0.011575] ACPI: Reserving APIC table memory at [mem 0x3ffe25ec-0x3ffe275b]
[    0.012052] ACPI: Reserving HPET table memory at [mem 0x3ffe275c-0x3ffe2793]
[    0.012529] ACPI: Reserving WAET table memory at [mem 0x3ffe2794-0x3ffe27bb]
[    0.013137] No NUMA configuration found
[    0.013396] Faking a node at [mem 0x0000000000000000-0x000000003ffdffff]
[    0.013851] NODE_DATA(0) allocated [mem 0x3ffdb780-0x3ffdffff]
[    0.014253] Zone ranges:
[    0.014425]   DMA      [mem 0x0000000000001000-0x0000000000ffffff]
[    0.014844]   DMA32    [mem 0x0000000001000000-0x000000003ffdffff]
[    0.015265]   Normal   empty
[    0.015463]   Device   empty
[    0.015658] Movable zone start for each node
[    0.015945] Early memory node ranges
[    0.016186]   node   0: [mem 0x0000000000001000-0x000000000009efff]
[    0.016609]   node   0: [mem 0x0000000000100000-0x000000003ffdffff]
[    0.017033] Initmem setup node 0 [mem 0x0000000000001000-0x000000003ffdffff]
[    0.017510] On node 0, zone DMA: 1 pages in unavailable ranges
[    0.017911] On node 0, zone DMA: 97 pages in unavailable ranges
[    0.019232] On node 0, zone DMA32: 32 pages in unavailable ranges
[    0.019829] ACPI: PM-Timer IO Port: 0x608
[    0.020104] ACPI: LAPIC_NMI (acpi_id[0xff] dfl dfl lint[0x1])
[    0.020510] IOAPIC[0]: apic_id 0, version 17, address 0xfec00000, GSI 0-23
[    0.020976] ACPI: INT_SRC_OVR (bus 0 bus_irq 0 global_irq 2 dfl dfl)
[    0.021411] ACPI: INT_SRC_OVR (bus 0 bus_irq 5 global_irq 5 high level)
[    0.021857] ACPI: INT_SRC_OVR (bus 0 bus_irq 9 global_irq 9 high level)
[    0.022302] ACPI: INT_SRC_OVR (bus 0 bus_irq 10 global_irq 10 high level)
[    0.022760] ACPI: INT_SRC_OVR (bus 0 bus_irq 11 global_irq 11 high level)
[    0.023221] ACPI: Using ACPI (MADT) for SMP configuration information
[    0.023656] ACPI: HPET id: 0x8086a201 base: 0xfed00000
[    0.024003] TSC deadline timer available
[    0.024269] CPU topo: Max. logical packages:   1
[    0.024580] CPU topo: Max. logical dies:       1
[    0.024891] CPU topo: Max. dies per package:   1
[    0.025204] CPU topo: Max. threads per core:   1
[    0.025515] CPU topo: Num. cores per package:    32
[    0.025843] CPU topo: Num. threads per package:  32
[    0.026172] CPU topo: Allowing 32 present CPUs plus 0 hotplug CPUs
[    0.026595] kvm-guest: APIC: eoi() replaced with kvm_guest_apic_eoi_write()
[    0.027075] kvm-guest: KVM setup pv remote TLB flush
[    0.027411] kvm-guest: setup PV sched yield
[    0.027695] PM: hibernation: Registered nosave memory: [mem 0x00000000-0x00000fff]
[    0.028207] PM: hibernation: Registered nosave memory: [mem 0x0009f000-0x0009ffff]
[    0.028718] PM: hibernation: Registered nosave memory: [mem 0x000a0000-0x000effff]
[    0.029228] PM: hibernation: Registered nosave memory: [mem 0x000f0000-0x000fffff]
[    0.029739] [mem 0x40000000-0xfeffbfff] available for PCI devices
[    0.030151] Booting paravirtualized kernel on KVM
[    0.030468] clocksource: refined-jiffies: mask: 0xffffffff max_cycles: 0xffffffff, max_idle_ns: 1910969940391419 ns
[    0.033818] setup_percpu: NR_CPUS:64 nr_cpumask_bits:32 nr_cpu_ids:32 nr_node_ids:1
[    0.034908] percpu: Embedded 58 pages/cpu s198232 r8192 d31144 u262144
[    0.035389] Kernel command line: virtme_hostname=virtme-ng nr_open=1048576 virtme_link_mods=/nipa-data/kernel/.virtme_mods/lib/modules/0.0.0 virtme_initmount0=nipa-data/kernel virtme_rw_overlay0=/etc virtme_rw_overlay1=/lib virtme_rw_overlay2=/home virtme_rw_overlay3=/opt virtme_rw_overlay4=/srv virtme_rw_overlay5=/usr virtme_rw_overlay6=/var console=hvc0 earlyprintk=serial,ttyS0,115200 virtme_console=ttyS0 psmouse.proto=exps TERM=xterm virtme_chdir=nipa-data/kernel virtme_root_user=1 rootfstype=9p rootflags=version=9p2000.L,trans=virtio,access=any raid=noautodetect ro init=/usr/lib/python3/dist-packages/virtme/guest/virtme-init
[    0.039393] Unknown kernel command line parameters "virtme_hostname=virtme-ng nr_open=1048576 virtme_link_mods=/nipa-data/kernel/.virtme_mods/lib/modules/0.0.0 virtme_initmount0=nipa-data/kernel virtme_rw_overlay0=/etc virtme_rw_overlay1=/lib virtme_rw_overlay2=/home virtme_rw_overlay3=/opt virtme_rw_overlay4=/srv virtme_rw_overlay5=/usr virtme_rw_overlay6=/var virtme_console=ttyS0 virtme_chdir=nipa-data/kernel virtme_root_user=1", will be passed to user space.
[    0.042430] random: crng init done
[    0.042667] printk: log buffer data + meta data: 262144 + 917504 = 1179648 bytes
[    0.043211] Dentry cache hash table entries: 131072 (order: 8, 1048576 bytes, linear)
[    0.043776] Inode-cache hash table entries: 65536 (order: 7, 524288 bytes, linear)
[    0.044384] Fallback order for Node 0: 0 
[    0.044386] Built 1 zonelists, mobility grouping on.  Total pages: 262014
[    0.045139] Policy zone: DMA32
[    0.045352] mem auto-init: stack:all(zero), heap alloc:off, heap free:off
[    0.046359] SLUB: HWalign=64, Order=0-3, MinObjects=0, CPUs=32, Nodes=1
Poking KASLR using RDRAND RDTSC...
[    0.047055] ftrace: allocating 48697 entries in 191 pages
[    0.058709] ftrace: allocated 191 pages with 7 groups
[    0.059591] Dynamic Preempt: voluntary
[    0.059976] rcu: Preemptible hierarchical RCU implementation.
[    0.060375] rcu: RCU event tracing is enabled.
[    0.060689] rcu: RCU restricting CPUs from NR_CPUS=64 to nr_cpu_ids=32.
[    0.061154] Trampoline variant of Tasks RCU enabled.
[    0.061504] Rude variant of Tasks RCU enabled.
[    0.061817] Tracing variant of Tasks RCU enabled.
[    0.062152] rcu: RCU calculated value of scheduler-enlistment delay is 100 jiffies.
[    0.062682] rcu: Adjusting geometry for rcu_fanout_leaf=16, nr_cpu_ids=32
[    0.063163] RCU Tasks: Setting shift to 5 and lim to 1 rcu_task_cb_adjust=1 rcu_task_cpu_ids=32.
[    0.063780] RCU Tasks Rude: Setting shift to 5 and lim to 1 rcu_task_cb_adjust=1 rcu_task_cpu_ids=32.
[    0.064422] RCU Tasks Trace: Setting shift to 5 and lim to 1 rcu_task_cb_adjust=1 rcu_task_cpu_ids=32.
[    0.066768] NR_IRQS: 4352, nr_irqs: 680, preallocated irqs: 16
[    0.067342] rcu: srcu_init: Setting srcu_struct sizes based on contention.
[    0.067959] Console: colour *CGA 80x25
[    0.068225] ACPI: Core revision 20240827
[    0.068563] clocksource: hpet: mask: 0xffffffff max_cycles: 0xffffffff, max_idle_ns: 19112604467 ns
[    0.069245] APIC: Switch to symmetric I/O mode setup
[    0.069618] kvm-guest: APIC: send_IPI_mask() replaced with kvm_send_ipi_mask()
[    0.070115] kvm-guest: APIC: send_IPI_mask_allbutself() replaced with kvm_send_ipi_mask_allbutself()
[    0.070730] kvm-guest: setup PV IPIs
[    0.071708] ..TIMER: vector=0x30 apic1=0 pin1=2 apic2=-1 pin2=-1
[    0.072454] clocksource: tsc-early: mask: 0xffffffffffffffff max_cycles: 0x40be400eb43, max_idle_ns: 440795366972 ns
[    0.073733] Calibrating delay loop (skipped) preset value.. 8983.11 BogoMIPS (lpj=4491556)
[    0.074791] x86/cpu: User Mode Instruction Prevention (UMIP) activated
[    0.075778] Last level iTLB entries: 4KB 512, 2MB 255, 4MB 127
[    0.076732] Last level dTLB entries: 4KB 512, 2MB 255, 4MB 127, 1GB 0
[    0.077507] Spectre V1 : Mitigation: usercopy/swapgs barriers and __user pointer sanitization
[    0.077735] Spectre V2 : Mitigation: Enhanced / Automatic IBRS
[    0.078732] Spectre V2 : Spectre v2 / SpectreRSB mitigation: Filling RSB on context switch
[    0.079733] Spectre V2 : mitigation: Enabling conditional Indirect Branch Prediction Barrier
[    0.080733] Speculative Store Bypass: Mitigation: Speculative Store Bypass disabled via prctl
[    0.081732] Speculative Return Stack Overflow: IBPB-extending microcode not applied!
[    0.082732] Speculative Return Stack Overflow: WARNING: See https://kernel.org/doc/html/latest/admin-guide/hw-vuln/srso.html for mitigation options.
[    0.082732] Speculative Return Stack Overflow: Vulnerable: Safe RET, no microcode
[    0.084746] x86/fpu: Supporting XSAVE feature 0x001: 'x87 floating point registers'
[    0.085732] x86/fpu: Supporting XSAVE feature 0x002: 'SSE registers'
[    0.086482] x86/fpu: Supporting XSAVE feature 0x004: 'AVX registers'
[    0.086732] x86/fpu: Supporting XSAVE feature 0x020: 'AVX-512 opmask'
[    0.087732] x86/fpu: Supporting XSAVE feature 0x040: 'AVX-512 Hi256'
[    0.088732] x86/fpu: Supporting XSAVE feature 0x080: 'AVX-512 ZMM_Hi256'
[    0.089522] x86/fpu: Supporting XSAVE feature 0x200: 'Protection Keys User registers'
[    0.089732] x86/fpu: xstate_offset[2]:  576, xstate_sizes[2]:  256
[    0.090732] x86/fpu: xstate_offset[5]:  832, xstate_sizes[5]:   64
[    0.091732] x86/fpu: xstate_offset[6]:  896, xstate_sizes[6]:  512
[    0.092732] x86/fpu: xstate_offset[7]: 1408, xstate_sizes[7]: 1024
[    0.093461] x86/fpu: xstate_offset[9]: 2432, xstate_sizes[9]:    8
[    0.093732] x86/fpu: Enabled xstate features 0x2e7, context size is 2440 bytes, using 'compacted' format.
[    0.108752] Freeing SMP alternatives memory: 40K
[    0.109299] pid_max: default: 32768 minimum: 301
[    0.109749] Mount-cache hash table entries: 2048 (order: 2, 16384 bytes, linear)
[    0.110733] Mountpoint-cache hash table entries: 2048 (order: 2, 16384 bytes, linear)
[    0.111807] smpboot: CPU0: AMD Ryzen 9 7950X 16-Core Processor (family: 0x19, model: 0x61, stepping: 0x2)
[    0.112841] Performance Events: Fam17h+ core perfctr, AMD PMU driver.
[    0.113622] ... version:                0
[    0.113734] ... bit width:              48
[    0.114220] ... generic registers:      6
[    0.114696] ... value mask:             0000ffffffffffff
[    0.114733] ... max period:             00007fffffffffff
[    0.115363] ... fixed-purpose events:   0
[    0.115733] ... event mask:             000000000000003f
[    0.116429] signal: max sigframe size: 3376
[    0.116748] rcu: Hierarchical SRCU implementation.
[    0.117316] rcu: Max phase no-delay instances is 400.
[    0.117753] Timer migration: 2 hierarchy levels; 8 children per group; 2 crossnode level
[    0.120768] smp: Bringing up secondary CPUs ...
[    0.121370] smpboot: x86: Booting SMP configuration:
[    0.121735] .... node  #0, CPUs:        #1  #2  #3  #4  #5  #6  #7  #8  #9 #10 #11 #12 #13 #14 #15 #16 #17 #18 #19 #20 #21 #22 #23 #24 #25 #26 #27 #28 #29 #30 #31
[    0.133823] smp: Brought up 1 node, 32 CPUs
[    0.135243] smpboot: Total of 32 processors activated (287459.58 BogoMIPS)
[    0.137755] Memory: 970440K/1048056K available (16384K kernel code, 2473K rwdata, 6336K rodata, 3148K init, 1808K bss, 63180K reserved, 0K cma-reserved)
[    0.138772] devtmpfs: initialized
[    0.139154] x86/mm: Memory block size: 128MB
[    0.140404] clocksource: jiffies: mask: 0xffffffff max_cycles: 0xffffffff, max_idle_ns: 1911260446275000 ns
[    0.140735] futex hash table entries: 8192 (order: 7, 524288 bytes, linear)
[    0.141682] PM: RTC time: 18:07:37, date: 2025-01-12
[    0.142064] NET: Registered PF_NETLINK/PF_ROUTE protocol family
[    0.142844] thermal_sys: Registered thermal governor 'step_wise'
[    0.142845] thermal_sys: Registered thermal governor 'user_space'
[    0.143583] cpuidle: using governor menu
[    0.144917] PCI: Using configuration type 1 for base access
[    0.145734] PCI: Using configuration type 1 for extended access
[    0.146516] kprobes: kprobe jump-optimization is enabled. All kprobes are optimized if possible.
[    0.163968] HugeTLB: registered 1.00 GiB page size, pre-allocated 0 pages
[    0.164734] HugeTLB: 16380 KiB vmemmap can be freed for a 1.00 GiB page
[    0.165535] HugeTLB: registered 2.00 MiB page size, pre-allocated 0 pages
[    0.165733] HugeTLB: 28 KiB vmemmap can be freed for a 2.00 MiB page
[    0.168889] ACPI: Added _OSI(Module Device)
[    0.169424] ACPI: Added _OSI(Processor Device)
[    0.169735] ACPI: Added _OSI(3.0 _SCP Extensions)
[    0.170315] ACPI: Added _OSI(Processor Aggregator Device)
[    0.171406] ACPI: 1 ACPI AML tables successfully acquired and loaded
[    0.173189] ACPI: Interpreter enabled
[    0.173743] ACPI: PM: (supports S0 S3 S4 S5)
[    0.174272] ACPI: Using IOAPIC for interrupt routing
[    0.174742] PCI: Using host bridge windows from ACPI; if necessary, use "pci=nocrs" and report a bug
[    0.175733] PCI: Using E820 reservations for host bridge windows
[    0.176568] ACPI: Enabled 2 GPEs in block 00 to 0F
[    0.180214] ACPI: PCI Root Bridge [PCI0] (domain 0000 [bus 00-ff])
[    0.180736] acpi PNP0A03:00: _OSC: OS supports [ExtendedConfig ASPM ClockPM Segments MSI HPX-Type3]
[    0.181819] PCI host bridge to bus 0000:00
[    0.182336] pci_bus 0000:00: root bus resource [io  0x0000-0x0cf7 window]
[    0.182734] pci_bus 0000:00: root bus resource [io  0x0d00-0xffff window]
[    0.183580] pci_bus 0000:00: root bus resource [mem 0x000a0000-0x000bffff window]
[    0.184734] pci_bus 0000:00: root bus resource [mem 0x40000000-0xfebfffff window]
[    0.185671] pci_bus 0000:00: root bus resource [mem 0x100000000-0x17fffffff window]
[    0.186734] pci_bus 0000:00: root bus resource [bus 00-ff]
[    0.187502] pci 0000:00:00.0: [8086:1237] type 00 class 0x060000 conventional PCI endpoint
[    0.188975] pci 0000:00:01.0: [8086:7000] type 00 class 0x060100 conventional PCI endpoint
[    0.190038] pci 0000:00:01.1: [8086:7010] type 00 class 0x010180 conventional PCI endpoint
[    0.193404] pci 0000:00:01.1: BAR 4 [io  0xc0c0-0xc0cf]
[    0.194013] pci 0000:00:01.1: BAR 0 [io  0x01f0-0x01f7]: legacy IDE quirk
[    0.194734] pci 0000:00:01.1: BAR 1 [io  0x03f6]: legacy IDE quirk
[    0.195504] pci 0000:00:01.1: BAR 2 [io  0x0170-0x0177]: legacy IDE quirk
[    0.196734] pci 0000:00:01.1: BAR 3 [io  0x0376]: legacy IDE quirk
[    0.197585] pci 0000:00:01.3: [8086:7113] type 00 class 0x068000 conventional PCI endpoint
[    0.198974] pci 0000:00:01.3: quirk: [io  0x0600-0x063f] claimed by PIIX4 ACPI
[    0.199738] pci 0000:00:01.3: quirk: [io  0x0700-0x070f] claimed by PIIX4 SMB
[    0.200790] pci 0000:00:02.0: [1af4:1009] type 00 class 0x000200 conventional PCI endpoint
[    0.202319] pci 0000:00:02.0: BAR 0 [io  0xc000-0xc03f]
[    0.203380] pci 0000:00:02.0: BAR 1 [mem 0xfebfc000-0xfebfcfff]
[    0.206192] pci 0000:00:02.0: BAR 4 [mem 0xfebf0000-0xfebf3fff 64bit pref]
[    0.208196] pci 0000:00:03.0: [1af4:1009] type 00 class 0x000200 conventional PCI endpoint
[    0.209702] pci 0000:00:03.0: BAR 0 [io  0xc040-0xc07f]
[    0.211618] pci 0000:00:03.0: BAR 1 [mem 0xfebfd000-0xfebfdfff]
[    0.214416] pci 0000:00:03.0: BAR 4 [mem 0xfebf4000-0xfebf7fff 64bit pref]
[    0.216487] pci 0000:00:04.0: [8086:25ab] type 00 class 0x088000 conventional PCI endpoint
[    0.216912] pci 0000:00:04.0: BAR 0 [mem 0xfebfe000-0xfebfe00f]
[    0.218892] pci 0000:00:05.0: [1af4:1003] type 00 class 0x078000 conventional PCI endpoint
[    0.221108] pci 0000:00:05.0: BAR 0 [io  0xc080-0xc0bf]
[    0.222047] pci 0000:00:05.0: BAR 1 [mem 0xfebff000-0xfebfffff]
[    0.224629] pci 0000:00:05.0: BAR 4 [mem 0xfebf8000-0xfebfbfff 64bit pref]
[    0.226696] ACPI: PCI: Interrupt link LNKA configured for IRQ 10
[    0.227845] ACPI: PCI: Interrupt link LNKB configured for IRQ 10
[    0.228688] ACPI: PCI: Interrupt link LNKC configured for IRQ 11
[    0.228828] ACPI: PCI: Interrupt link LNKD configured for IRQ 11
[    0.229653] ACPI: PCI: Interrupt link LNKS configured for IRQ 9
[    0.231551] iommu: Default domain type: Translated
[    0.231734] iommu: DMA domain TLB invalidation policy: lazy mode
[    0.232541] SCSI subsystem initialized
[    0.233763] pps_core: LinuxPPS API ver. 1 registered
[    0.234375] pps_core: Software ver. 5.3.6 - Copyright 2005-2007 Rodolfo Giometti <giometti@linux.it>
[    0.235736] PTP clock support registered
[    0.236234] Advanced Linux Sound Architecture Driver Initialized.
[    0.237001] NET: Registered PF_ATMPVC protocol family
[    0.237633] NET: Registered PF_ATMSVC protocol family
[    0.237739] PCI: Using ACPI for IRQ routing
[    0.238745] vgaarb: loaded
[    0.239082] hpet0: at MMIO 0xfed00000, IRQs 2, 8, 0
[    0.239380] hpet0: 3 comparators, 64-bit 100.000000 MHz counter
[    0.245040] clocksource: Switched to clocksource kvm-clock
[    0.245636] VFS: Disk quotas dquot_6.6.0
[    0.246160] VFS: Dquot-cache hash table entries: 512 (order 0, 4096 bytes)
[    0.247148] pnp: PnP ACPI init
[    0.247694] pnp: PnP ACPI: found 5 devices
[    0.254655] clocksource: acpi_pm: mask: 0xffffff max_cycles: 0xffffff, max_idle_ns: 2085701024 ns
[    0.255767] NET: Registered PF_INET protocol family
[    0.256383] IP idents hash table entries: 16384 (order: 5, 131072 bytes, linear)
[    0.257443] tcp_listen_portaddr_hash hash table entries: 512 (order: 1, 8192 bytes, linear)
[    0.258479] Table-perturb hash table entries: 65536 (order: 6, 262144 bytes, linear)
[    0.259441] TCP established hash table entries: 8192 (order: 4, 65536 bytes, linear)
[    0.260400] TCP bind hash table entries: 8192 (order: 6, 262144 bytes, linear)
[    0.261301] TCP: Hash tables configured (established 8192 bind 8192)
[    0.262102] UDP hash table entries: 512 (order: 3, 32768 bytes, linear)
[    0.262920] UDP-Lite hash table entries: 512 (order: 3, 32768 bytes, linear)
[    0.263814] NET: Registered PF_UNIX/PF_LOCAL protocol family
[    0.264518] pci_bus 0000:00: resource 4 [io  0x0000-0x0cf7 window]
[    0.265285] pci_bus 0000:00: resource 5 [io  0x0d00-0xffff window]
[    0.266050] pci_bus 0000:00: resource 6 [mem 0x000a0000-0x000bffff window]
[    0.266899] pci_bus 0000:00: resource 7 [mem 0x40000000-0xfebfffff window]
[    0.267752] pci_bus 0000:00: resource 8 [mem 0x100000000-0x17fffffff window]
[    0.268648] pci 0000:00:01.0: PIIX3: Enabling Passive Release
[    0.269365] pci 0000:00:00.0: Limiting direct PCI/PCI transfers
[    0.270129] PCI: CLS 0 bytes, default 64
[    0.270664] kvm_intel: VMX not supported by CPU 3
[    0.271281] kvm_amd: TSC scaling supported
[    0.271786] kvm_amd: Nested Virtualization enabled
[    0.272383] kvm_amd: Nested Paging enabled
[    0.272887] kvm_amd: LBR virtualization supported
[    0.273476] kvm_amd: Virtual GIF supported
[    0.273983] kvm_amd: Virtual NMI enabled
[    0.310651] clocksource: tsc: mask: 0xffffffffffffffff max_cycles: 0x40be400eb43, max_idle_ns: 440795366972 ns
[    0.317530] Initialise system trusted keyrings
[    0.318177] workingset: timestamp_bits=56 max_order=18 bucket_order=0
[    0.319016] squashfs: version 4.0 (2009/01/31) Phillip Lougher
[    0.319755] fuse: init (API version 7.41)
[    0.320302] 9p: Installing v9fs 9p2000 file system support
[    0.327641] Key type asymmetric registered
[    0.328162] Asymmetric key parser 'x509' registered
[    0.328781] Block layer SCSI generic (bsg) driver version 0.4 loaded (major 249)
[    0.329725] io scheduler mq-deadline registered
[    0.330301] io scheduler kyber registered
[    0.332485] input: Power Button as /devices/LNXSYSTM:00/LNXPWRBN:00/input/input0
[    0.333493] ACPI: button: Power Button [PWRF]
[    0.334488] Warning: Processor Platform Limit event detected, but not handled.
[    0.335367] Consider compiling CPUfreq support into your kernel.
[    0.353193] ACPI: \_SB_.LNKB: Enabled at IRQ 10
[    0.369194] ACPI: \_SB_.LNKC: Enabled at IRQ 11
[    0.385086] ACPI: \_SB_.LNKA: Enabled at IRQ 10
[    0.386162] Serial: 8250/16550 driver, 4 ports, IRQ sharing enabled
[    0.387055] 00:03: ttyS0 at I/O 0x3f8 (irq = 4, base_baud = 115200) is a 16550A
[    0.407741] Non-volatile memory driver v1.3
[    0.408273] Linux agpgart interface v0.103
[    0.408840] ACPI: bus type drm_connector registered
[    0.409642] printk: legacy console [hvc0] enabled
[    0.410227] printk: legacy bootconsole [earlyser0] disabled
          _      _                                    
   __   _(_)_ __| |_ _ __ ___   ___       _ __   __ _ 
   \ \ / / |  __| __|  _   _ \ / _ \_____|  _ \ / _  |
    \ V /| | |  | |_| | | | | |  __/_____| | | | (_| |
     \_/ |_|_|   \__|_| |_| |_|\___|     |_| |_|\__  |
                                                |___/ 
   kernel version: 6.13.0-rc6-virtme x86_64
   (CTRL+d to exit)

root@virtme-ng:/nipa-data/kernel# PS1='xx__-> '
xx__-> env
PWD=/nipa-data/kernel
nr_open=1048576
HOME=/
TERM=xterm
SHLVL=2
XDG_RUNTIME_DIR=/run/user/0
PATH=/bin:/sbin:/usr/bin:/usr/sbin:/usr/local/bin
OLDPWD=/
_=/bin/env
xx__-> 