No EFI environment detected.
early console in extract_kernel
input_data: 0x00000000029ba2c4
input_len: 0x0000000000bbdc94
output: 0x0000000001000000
output_len: 0x0000000002531ec8
kernel_total_size: 0x0000000002430000
needed_size: 0x0000000002600000
trampoline_32bit: 0x0000000000000000
Physical KASLR using RDRAND RDTSC...
Virtual KASLR using RDRAND RDTSC...

Decompressing Linux... Parsing ELF... Performing relocations... done.
Booting the kernel (entry_offset: 0x0000000000fb4140).
[    0.000000] Linux version 6.15.0-rc3-virtme (root@cb22dd3e6526) (gcc (Ubuntu 13.3.0-6ubuntu2~24.04) 13.3.0, GNU ld (GNU Binutils for Ubuntu) 2.42) #1 SMP PREEMPT_DYNAMIC Tue Apr 29 03:06:22 UTC 2025
[    0.000000] Command line: virtme_hostname=virtme-ng nr_open=1048576 virtme_link_mods=/nipa-data/kernel/.virtme_mods/lib/modules/0.0.0 virtme_initmount0=nipa-data/kernel virtme_rw_overlay0=/etc virtme_rw_overlay1=/lib virtme_rw_overlay2=/home virtme_rw_overlay3=/opt virtme_rw_overlay4=/srv virtme_rw_overlay5=/usr virtme_rw_overlay6=/var console=hvc0 earlyprintk=serial,ttyS0,115200 virtme_console=ttyS0 psmouse.proto=exps TERM=xterm virtme_chdir=nipa-data/kernel virtme_root_user=1 rootfstype=9p rootflags=version=9p2000.L,trans=virtio,access=any raid=noautodetect ro init=/usr/lib/python3/dist-packages/virtme/guest/virtme-init
[    0.000000] BIOS-provided physical RAM map:
[    0.000000] BIOS-e820: [mem 0x0000000000000000-0x000000000009fbff] usable
[    0.000000] BIOS-e820: [mem 0x000000000009fc00-0x000000000009ffff] reserved
[    0.000000] BIOS-e820: [mem 0x00000000000f0000-0x00000000000fffff] reserved
[    0.000000] BIOS-e820: [mem 0x0000000000100000-0x000000003ffdffff] usable
[    0.000000] BIOS-e820: [mem 0x000000003ffe0000-0x000000003fffffff] reserved
[    0.000000] BIOS-e820: [mem 0x00000000feffc000-0x00000000feffffff] reserved
[    0.000000] BIOS-e820: [mem 0x00000000fffc0000-0x00000000ffffffff] reserved
[    0.000000] BIOS-e820: [mem 0x000000fd00000000-0x000000ffffffffff] reserved
[    0.000000] printk: legacy bootconsole [earlyser0] enabled
[    0.000000] NX (Execute Disable) protection: active
[    0.000000] APIC: Static calls initialized
[    0.000000] SMBIOS 3.0.0 present.
[    0.000000] DMI: QEMU Ubuntu 24.04 PC (i440FX + PIIX, 1996), BIOS 1.16.3-debian-1.16.3-2 04/01/2014
[    0.000000] DMI: Memory slots populated: 1/1
[    0.000000] Hypervisor detected: KVM
[    0.000000] kvm-clock: Using msrs 4b564d01 and 4b564d00
[    0.000000] kvm-clock: using sched offset of 199380597 cycles
[    0.000359] clocksource: kvm-clock: mask: 0xffffffffffffffff max_cycles: 0x1cd42e4dffb, max_idle_ns: 881590591483 ns
[    0.001475] tsc: Detected 4491.524 MHz processor
[    0.002036] last_pfn = 0x3ffe0 max_arch_pfn = 0x400000000
[    0.002428] MTRR map: 4 entries (3 fixed + 1 variable; max 19), built from 8 variable MTRRs
[    0.003000] x86/PAT: Configuration [0-7]: WB  WC  UC- UC  WB  WP  UC- WT  
Memory KASLR using RDRAND RDTSC...
[    0.004912] found SMP MP-table at [mem 0x000f5470-0x000f547f]
[    0.005309] Using GB pages for direct mapping
[    0.005637] ACPI: Early table checksum verification disabled
[    0.006031] ACPI: RSDP 0x00000000000F5290 000014 (v00 BOCHS )
[    0.006425] ACPI: RSDT 0x000000003FFE27BC 000034 (v01 BOCHS  BXPC     00000001 BXPC 00000001)
[    0.007008] ACPI: FACP 0x000000003FFE2578 000074 (v01 BOCHS  BXPC     00000001 BXPC 00000001)
[    0.007591] ACPI: DSDT 0x000000003FFE0040 002538 (v01 BOCHS  BXPC     00000001 BXPC 00000001)
[    0.008171] ACPI: FACS 0x000000003FFE0000 000040
[    0.008486] ACPI: APIC 0x000000003FFE25EC 000170 (v03 BOCHS  BXPC     00000001 BXPC 00000001)
[    0.009066] ACPI: HPET 0x000000003FFE275C 000038 (v01 BOCHS  BXPC     00000001 BXPC 00000001)
[    0.009649] ACPI: WAET 0x000000003FFE2794 000028 (v01 BOCHS  BXPC     00000001 BXPC 00000001)
[    0.010233] ACPI: Reserving FACP table memory at [mem 0x3ffe2578-0x3ffe25eb]
[    0.010711] ACPI: Reserving DSDT table memory at [mem 0x3ffe0040-0x3ffe2577]
[    0.011188] ACPI: Reserving FACS table memory at [mem 0x3ffe0000-0x3ffe003f]
[    0.011665] ACPI: Reserving APIC table memory at [mem 0x3ffe25ec-0x3ffe275b]
[    0.012142] ACPI: Reserving HPET table memory at [mem 0x3ffe275c-0x3ffe2793]
[    0.012619] ACPI: Reserving WAET table memory at [mem 0x3ffe2794-0x3ffe27bb]
[    0.013236] No NUMA configuration found
[    0.013500] Faking a node at [mem 0x0000000000000000-0x000000003ffdffff]
[    0.013961] NODE_DATA(0) allocated [mem 0x3ffdb600-0x3ffdffff]
[    0.014366] Zone ranges:
[    0.014538]   DMA      [mem 0x0000000000001000-0x0000000000ffffff]
[    0.014957]   DMA32    [mem 0x0000000001000000-0x000000003ffdffff]
[    0.015376]   Normal   empty
[    0.015572]   Device   empty
[    0.015767] Movable zone start for each node
[    0.016056] Early memory node ranges
[    0.016299]   node   0: [mem 0x0000000000001000-0x000000000009efff]
[    0.016724]   node   0: [mem 0x0000000000100000-0x000000003ffdffff]
[    0.017150] Initmem setup node 0 [mem 0x0000000000001000-0x000000003ffdffff]
[    0.017633] On node 0, zone DMA: 1 pages in unavailable ranges
[    0.018036] On node 0, zone DMA: 97 pages in unavailable ranges
[    0.019351] On node 0, zone DMA32: 32 pages in unavailable ranges
[    0.019956] ACPI: PM-Timer IO Port: 0x608
[    0.020234] ACPI: LAPIC_NMI (acpi_id[0xff] dfl dfl lint[0x1])
[    0.020639] IOAPIC[0]: apic_id 0, version 17, address 0xfec00000, GSI 0-23
[    0.021110] ACPI: INT_SRC_OVR (bus 0 bus_irq 0 global_irq 2 dfl dfl)
[    0.021544] ACPI: INT_SRC_OVR (bus 0 bus_irq 5 global_irq 5 high level)
[    0.021993] ACPI: INT_SRC_OVR (bus 0 bus_irq 9 global_irq 9 high level)
[    0.022442] ACPI: INT_SRC_OVR (bus 0 bus_irq 10 global_irq 10 high level)
[    0.022903] ACPI: INT_SRC_OVR (bus 0 bus_irq 11 global_irq 11 high level)
[    0.023364] ACPI: Using ACPI (MADT) for SMP configuration information
[    0.023801] ACPI: HPET id: 0x8086a201 base: 0xfed00000
[    0.024149] TSC deadline timer available
[    0.024417] CPU topo: Max. logical packages:   1
[    0.024731] CPU topo: Max. logical dies:       1
[    0.025044] CPU topo: Max. dies per package:   1
[    0.025360] CPU topo: Max. threads per core:   1
[    0.025675] CPU topo: Num. cores per package:    32
[    0.026005] CPU topo: Num. threads per package:  32
[    0.026335] CPU topo: Allowing 32 present CPUs plus 0 hotplug CPUs
[    0.026759] kvm-guest: APIC: eoi() replaced with kvm_guest_apic_eoi_write()
[    0.027238] kvm-guest: KVM setup pv remote TLB flush
[    0.027576] kvm-guest: setup PV sched yield
[    0.027861] PM: hibernation: Registered nosave memory: [mem 0x00000000-0x00000fff]
[    0.028374] PM: hibernation: Registered nosave memory: [mem 0x0009f000-0x000fffff]
[    0.028888] [mem 0x40000000-0xfeffbfff] available for PCI devices
[    0.029301] Booting paravirtualized kernel on KVM
[    0.029621] clocksource: refined-jiffies: mask: 0xffffffff max_cycles: 0xffffffff, max_idle_ns: 1910969940391419 ns
[    0.032966] setup_percpu: NR_CPUS:64 nr_cpumask_bits:32 nr_cpu_ids:32 nr_node_ids:1
[    0.034045] percpu: Embedded 53 pages/cpu s178392 r8192 d30504 u262144
[    0.034519] Kernel command line: virtme_hostname=virtme-ng nr_open=1048576 virtme_link_mods=/nipa-data/kernel/.virtme_mods/lib/modules/0.0.0 virtme_initmount0=nipa-data/kernel virtme_rw_overlay0=/etc virtme_rw_overlay1=/lib virtme_rw_overlay2=/home virtme_rw_overlay3=/opt virtme_rw_overlay4=/srv virtme_rw_overlay5=/usr virtme_rw_overlay6=/var console=hvc0 earlyprintk=serial,ttyS0,115200 virtme_console=ttyS0 psmouse.proto=exps TERM=xterm virtme_chdir=nipa-data/kernel virtme_root_user=1 rootfstype=9p rootflags=version=9p2000.L,trans=virtio,access=any raid=noautodetect ro init=/usr/lib/python3/dist-packages/virtme/guest/virtme-init
[    0.038490] Unknown kernel command line parameters "virtme_hostname=virtme-ng nr_open=1048576 virtme_link_mods=/nipa-data/kernel/.virtme_mods/lib/modules/0.0.0 virtme_initmount0=nipa-data/kernel virtme_rw_overlay0=/etc virtme_rw_overlay1=/lib virtme_rw_overlay2=/home virtme_rw_overlay3=/opt virtme_rw_overlay4=/srv virtme_rw_overlay5=/usr virtme_rw_overlay6=/var virtme_console=ttyS0 virtme_chdir=nipa-data/kernel virtme_root_user=1", will be passed to user space.
[    0.041544] random: crng init done
[    0.041791] printk: log buffer data + meta data: 262144 + 917504 = 1179648 bytes
[    0.042346] Dentry cache hash table entries: 131072 (order: 8, 1048576 bytes, linear)
[    0.042925] Inode-cache hash table entries: 65536 (order: 7, 524288 bytes, linear)
[    0.043534] Fallback order for Node 0: 0 
[    0.043536] Built 1 zonelists, mobility grouping on.  Total pages: 262014
[    0.044290] Policy zone: DMA32
[    0.044503] mem auto-init: stack:all(zero), heap alloc:off, heap free:off
[    0.045513] SLUB: HWalign=64, Order=0-3, MinObjects=0, CPUs=32, Nodes=1
Poking KASLR using RDRAND RDTSC...
[    0.052593] ftrace: allocating 48755 entries in 192 pages
[    0.052970] ftrace: allocated 192 pages with 2 groups
[    0.053886] Dynamic Preempt: voluntary
[    0.054268] rcu: Preemptible hierarchical RCU implementation.
[    0.054668] rcu: RCU event tracing is enabled.
[    0.054981] rcu: RCU restricting CPUs from NR_CPUS=64 to nr_cpu_ids=32.
[    0.055447] Trampoline variant of Tasks RCU enabled.
[    0.055797] Rude variant of Tasks RCU enabled.
[    0.056111] Tracing variant of Tasks RCU enabled.
[    0.056443] rcu: RCU calculated value of scheduler-enlistment delay is 100 jiffies.
[    0.056978] rcu: Adjusting geometry for rcu_fanout_leaf=16, nr_cpu_ids=32
[    0.057462] RCU Tasks: Setting shift to 5 and lim to 1 rcu_task_cb_adjust=1 rcu_task_cpu_ids=32.
[    0.058075] RCU Tasks Rude: Setting shift to 5 and lim to 1 rcu_task_cb_adjust=1 rcu_task_cpu_ids=32.
[    0.058718] RCU Tasks Trace: Setting shift to 5 and lim to 1 rcu_task_cb_adjust=1 rcu_task_cpu_ids=32.
[    0.061020] NR_IRQS: 4352, nr_irqs: 680, preallocated irqs: 16
[    0.061596] rcu: srcu_init: Setting srcu_struct sizes based on contention.
[    0.062208] Console: colour *CGA 80x25
[    0.062474] ACPI: Core revision 20240827
[    0.062808] clocksource: hpet: mask: 0xffffffff max_cycles: 0xffffffff, max_idle_ns: 19112604467 ns
[    0.063490] APIC: Switch to symmetric I/O mode setup
[    0.063974] x2apic enabled
[    0.064326] APIC: Switched APIC routing to: physical x2apic
[    0.064716] kvm-guest: APIC: send_IPI_mask() replaced with kvm_send_ipi_mask()
[    0.065217] kvm-guest: APIC: send_IPI_mask_allbutself() replaced with kvm_send_ipi_mask_allbutself()
[    0.065849] kvm-guest: setup PV IPIs
[    0.066801] ..TIMER: vector=0x30 apic1=0 pin1=2 apic2=-1 pin2=-1
[    0.067557] clocksource: tsc-early: mask: 0xffffffffffffffff max_cycles: 0x40be215b5d9, max_idle_ns: 440795359804 ns
[    0.068853] Calibrating delay loop (skipped) preset value.. 8983.04 BogoMIPS (lpj=4491524)
[    0.069911] x86/cpu: User Mode Instruction Prevention (UMIP) activated
[    0.070898] Last level iTLB entries: 4KB 512, 2MB 255, 4MB 127
[    0.071852] Last level dTLB entries: 4KB 512, 2MB 255, 4MB 127, 1GB 0
[    0.072636] Spectre V1 : Mitigation: usercopy/swapgs barriers and __user pointer sanitization
[    0.072855] Spectre V2 : Mitigation: Enhanced / Automatic IBRS
[    0.073854] Spectre V2 : mitigation: Enabling conditional Indirect Branch Prediction Barrier
[    0.074853] Speculative Store Bypass: Mitigation: Speculative Store Bypass disabled via prctl
[    0.075852] Speculative Return Stack Overflow: IBPB-extending microcode not applied!
[    0.076852] Speculative Return Stack Overflow: WARNING: See https://kernel.org/doc/html/latest/admin-guide/hw-vuln/srso.html for mitigation options.
[    0.076853] Speculative Return Stack Overflow: Vulnerable: Safe RET, no microcode
[    0.078866] x86/fpu: Supporting XSAVE feature 0x001: 'x87 floating point registers'
[    0.079852] x86/fpu: Supporting XSAVE feature 0x002: 'SSE registers'
[    0.080606] x86/fpu: Supporting XSAVE feature 0x004: 'AVX registers'
[    0.080852] x86/fpu: Supporting XSAVE feature 0x020: 'AVX-512 opmask'
[    0.081852] x86/fpu: Supporting XSAVE feature 0x040: 'AVX-512 Hi256'
[    0.082852] x86/fpu: Supporting XSAVE feature 0x080: 'AVX-512 ZMM_Hi256'
[    0.083852] x86/fpu: Supporting XSAVE feature 0x200: 'Protection Keys User registers'
[    0.084782] x86/fpu: xstate_offset[2]:  576, xstate_sizes[2]:  256
[    0.084852] x86/fpu: xstate_offset[5]:  832, xstate_sizes[5]:   64
[    0.085852] x86/fpu: xstate_offset[6]:  896, xstate_sizes[6]:  512
[    0.086852] x86/fpu: xstate_offset[7]: 1408, xstate_sizes[7]: 1024
[    0.087584] x86/fpu: xstate_offset[9]: 2432, xstate_sizes[9]:    8
[    0.087852] x86/fpu: Enabled xstate features 0x2e7, context size is 2440 bytes, using 'compacted' format.
[    0.103377] Freeing SMP alternatives memory: 44K
[    0.103853] pid_max: default: 32768 minimum: 301
[    0.104419] Mount-cache hash table entries: 2048 (order: 2, 16384 bytes, linear)
[    0.104853] Mountpoint-cache hash table entries: 2048 (order: 2, 16384 bytes, linear)
[    0.105985] smpboot: CPU0: AMD Ryzen 9 7950X 16-Core Processor (family: 0x19, model: 0x61, stepping: 0x2)
[    0.106950] Performance Events: Fam17h+ core perfctr, AMD PMU driver.
[    0.107730] ... version:                0
[    0.107854] ... bit width:              48
[    0.108338] ... generic registers:      6
[    0.108810] ... value mask:             0000ffffffffffff
[    0.108854] ... max period:             00007fffffffffff
[    0.109480] ... fixed-purpose events:   0
[    0.109854] ... event mask:             000000000000003f
[    0.110551] signal: max sigframe size: 3376
[    0.110868] rcu: Hierarchical SRCU implementation.
[    0.111435] rcu: Max phase no-delay instances is 400.
[    0.111876] Timer migration: 2 hierarchy levels; 8 children per group; 2 crossnode level
[    0.114882] smp: Bringing up secondary CPUs ...
[    0.115469] smpboot: x86: Booting SMP configuration:
[    0.115855] .... node  #0, CPUs:        #1  #2  #3  #4  #5  #6  #7  #8  #9 #10 #11 #12 #13 #14 #15 #16 #17 #18 #19 #20 #21 #22 #23 #24 #25 #26 #27 #28 #29 #30 #31
[    0.126954] smp: Brought up 1 node, 32 CPUs
[    0.128358] smpboot: Total of 32 processors activated (287457.53 BogoMIPS)
[    0.129988] Memory: 971004K/1048056K available (16081K kernel code, 2477K rwdata, 6428K rodata, 3200K init, 1680K bss, 62532K reserved, 0K cma-reserved)
[    0.130961] devtmpfs: initialized
[    0.131285] x86/mm: Memory block size: 128MB
[    0.132541] clocksource: jiffies: mask: 0xffffffff max_cycles: 0xffffffff, max_idle_ns: 1911260446275000 ns
[    0.132855] posixtimers hash table entries: 16384 (order: 6, 262144 bytes, linear)
[    0.133782] futex hash table entries: 8192 (order: 7, 524288 bytes, linear)
[    0.133931] PM: RTC time: 03:06:39, date: 2025-04-29
[    0.134836] NET: Registered PF_NETLINK/PF_ROUTE protocol family
[    0.134985] thermal_sys: Registered thermal governor 'step_wise'
[    0.134995] cpuidle: using governor menu
[    0.136920] PCI: Using configuration type 1 for base access
[    0.137600] PCI: Using configuration type 1 for extended access
[    0.137919] kprobes: kprobe jump-optimization is enabled. All kprobes are optimized if possible.
[    0.146000] HugeTLB: allocation took 0ms with hugepage_allocation_threads=8
[    0.146880] HugeTLB: registered 1.00 GiB page size, pre-allocated 0 pages
[    0.147710] HugeTLB: 16380 KiB vmemmap can be freed for a 1.00 GiB page
[    0.147854] HugeTLB: registered 2.00 MiB page size, pre-allocated 0 pages
[    0.148678] HugeTLB: 28 KiB vmemmap can be freed for a 2.00 MiB page
[    0.153427] ACPI: Added _OSI(Module Device)
[    0.153854] ACPI: Added _OSI(Processor Device)
[    0.154393] ACPI: Added _OSI(3.0 _SCP Extensions)
[    0.154854] ACPI: Added _OSI(Processor Aggregator Device)
[    0.156151] ACPI: 1 ACPI AML tables successfully acquired and loaded
[    0.159007] ACPI: Interpreter enabled
[    0.159007] ACPI: PM: (supports S0 S3 S4 S5)
[    0.159378] ACPI: Using IOAPIC for interrupt routing
[    0.160861] PCI: Using host bridge windows from ACPI; if necessary, use "pci=nocrs" and report a bug
[    0.161854] PCI: Using E820 reservations for host bridge windows
[    0.162667] ACPI: Enabled 2 GPEs in block 00 to 0F
[    0.165429] ACPI: PCI Root Bridge [PCI0] (domain 0000 [bus 00-ff])
[    0.165856] acpi PNP0A03:00: _OSC: OS supports [ExtendedConfig ASPM ClockPM Segments MSI HPX-Type3]
[    0.167938] PCI host bridge to bus 0000:00
[    0.168433] pci_bus 0000:00: root bus resource [io  0x0000-0x0cf7 window]
[    0.168854] pci_bus 0000:00: root bus resource [io  0x0d00-0xffff window]
[    0.169679] pci_bus 0000:00: root bus resource [mem 0x000a0000-0x000bffff window]
[    0.170854] pci_bus 0000:00: root bus resource [mem 0x40000000-0xfebfffff window]
[    0.171765] pci_bus 0000:00: root bus resource [mem 0x100000000-0x17fffffff window]
[    0.172854] pci_bus 0000:00: root bus resource [bus 00-ff]
[    0.173601] pci 0000:00:00.0: [8086:1237] type 00 class 0x060000 conventional PCI endpoint
[    0.174113] pci 0000:00:01.0: [8086:7000] type 00 class 0x060100 conventional PCI endpoint
[    0.176116] pci 0000:00:01.1: [8086:7010] type 00 class 0x010180 conventional PCI endpoint
[    0.177367] pci 0000:00:01.1: BAR 4 [io  0xc0c0-0xc0cf]
[    0.177872] pci 0000:00:01.1: BAR 0 [io  0x01f0-0x01f7]: legacy IDE quirk
[    0.178694] pci 0000:00:01.1: BAR 1 [io  0x03f6]: legacy IDE quirk
[    0.179854] pci 0000:00:01.1: BAR 2 [io  0x0170-0x0177]: legacy IDE quirk
[    0.180681] pci 0000:00:01.1: BAR 3 [io  0x0376]: legacy IDE quirk
[    0.180948] pci 0000:00:01.3: [8086:7113] type 00 class 0x068000 conventional PCI endpoint
[    0.182044] pci 0000:00:01.3: quirk: [io  0x0600-0x063f] claimed by PIIX4 ACPI
[    0.182858] pci 0000:00:01.3: quirk: [io  0x0700-0x070f] claimed by PIIX4 SMB
[    0.183878] pci 0000:00:02.0: [1af4:1009] type 00 class 0x000200 conventional PCI endpoint
[    0.186858] pci 0000:00:02.0: BAR 0 [io  0xc000-0xc03f]
[    0.187500] pci 0000:00:02.0: BAR 1 [mem 0xfebfc000-0xfebfcfff]
[    0.187868] pci 0000:00:02.0: BAR 4 [mem 0xfebf0000-0xfebf3fff 64bit pref]
[    0.189407] pci 0000:00:03.0: [1af4:1009] type 00 class 0x000200 conventional PCI endpoint
[    0.190343] pci 0000:00:03.0: BAR 0 [io  0xc040-0xc07f]
[    0.191858] pci 0000:00:03.0: BAR 1 [mem 0xfebfd000-0xfebfdfff]
[    0.192591] pci 0000:00:03.0: BAR 4 [mem 0xfebf4000-0xfebf7fff 64bit pref]
[    0.193363] pci 0000:00:04.0: [8086:25ab] type 00 class 0x088000 conventional PCI endpoint
[    0.195155] pci 0000:00:04.0: BAR 0 [mem 0xfebfe000-0xfebfe00f]
[    0.196245] pci 0000:00:05.0: [1af4:1003] type 00 class 0x078000 conventional PCI endpoint
[    0.197858] pci 0000:00:05.0: BAR 0 [io  0xc080-0xc0bf]
[    0.198499] pci 0000:00:05.0: BAR 1 [mem 0xfebff000-0xfebfffff]
[    0.199868] pci 0000:00:05.0: BAR 4 [mem 0xfebf8000-0xfebfbfff 64bit pref]
[    0.201395] ACPI: PCI: Interrupt link LNKA configured for IRQ 10
[    0.201957] ACPI: PCI: Interrupt link LNKB configured for IRQ 10
[    0.202780] ACPI: PCI: Interrupt link LNKC configured for IRQ 11
[    0.203946] ACPI: PCI: Interrupt link LNKD configured for IRQ 11
[    0.204741] ACPI: PCI: Interrupt link LNKS configured for IRQ 9
[    0.205648] iommu: Default domain type: Translated
[    0.206854] iommu: DMA domain TLB invalidation policy: lazy mode
[    0.207636] SCSI subsystem initialized
[    0.207884] pps_core: LinuxPPS API ver. 1 registered
[    0.208492] pps_core: Software ver. 5.3.6 - Copyright 2005-2007 Rodolfo Giometti <giometti@linux.it>
[    0.209856] PTP clock support registered
[    0.210340] Advanced Linux Sound Architecture Driver Initialized.
[    0.211106] NET: Registered PF_ATMPVC protocol family
[    0.211723] NET: Registered PF_ATMSVC protocol family
[    0.211859] PCI: Using ACPI for IRQ routing
[    0.212864] vgaarb: loaded
[    0.213189] hpet0: at MMIO 0xfed00000, IRQs 2, 8, 0
[    0.213854] hpet0: 3 comparators, 64-bit 100.000000 MHz counter
[    0.219059] clocksource: Switched to clocksource kvm-clock
[    0.219701] VFS: Disk quotas dquot_6.6.0
[    0.220197] VFS: Dquot-cache hash table entries: 512 (order 0, 4096 bytes)
[    0.221601] pnp: PnP ACPI init
[    0.222159] pnp: PnP ACPI: found 5 devices
[    0.228949] clocksource: acpi_pm: mask: 0xffffff max_cycles: 0xffffff, max_idle_ns: 2085701024 ns
[    0.230039] NET: Registered PF_INET protocol family
[    0.230650] IP idents hash table entries: 16384 (order: 5, 131072 bytes, linear)
[    0.231687] tcp_listen_portaddr_hash hash table entries: 512 (order: 1, 8192 bytes, linear)
[    0.232702] Table-perturb hash table entries: 65536 (order: 6, 262144 bytes, linear)
[    0.233644] TCP established hash table entries: 8192 (order: 4, 65536 bytes, linear)
[    0.234584] TCP bind hash table entries: 8192 (order: 6, 262144 bytes, linear)
[    0.235469] TCP: Hash tables configured (established 8192 bind 8192)
[    0.236245] UDP hash table entries: 512 (order: 3, 32768 bytes, linear)
[    0.237037] UDP-Lite hash table entries: 512 (order: 3, 32768 bytes, linear)
[    0.237998] NET: Registered PF_UNIX/PF_LOCAL protocol family
[    0.238668] pci_bus 0000:00: resource 4 [io  0x0000-0x0cf7 window]
[    0.239400] pci_bus 0000:00: resource 5 [io  0x0d00-0xffff window]
[    0.240128] pci_bus 0000:00: resource 6 [mem 0x000a0000-0x000bffff window]
[    0.240943] pci_bus 0000:00: resource 7 [mem 0x40000000-0xfebfffff window]
[    0.241752] pci_bus 0000:00: resource 8 [mem 0x100000000-0x17fffffff window]
[    0.242606] pci 0000:00:01.0: PIIX3: Enabling Passive Release
[    0.243293] pci 0000:00:00.0: Limiting direct PCI/PCI transfers
[    0.244025] PCI: CLS 0 bytes, default 64
[    0.244535] kvm_intel: VMX not supported by CPU 29
[    0.245133] kvm_amd: TSC scaling supported
[    0.245614] kvm_amd: Nested Virtualization enabled
[    0.246182] kvm_amd: Nested Paging enabled
[    0.246663] kvm_amd: LBR virtualization supported
[    0.247237] kvm_amd: Virtual GIF supported
[    0.247720] kvm_amd: Virtual NMI enabled
[    0.283792] clocksource: tsc: mask: 0xffffffffffffffff max_cycles: 0x40be215b5d9, max_idle_ns: 440795359804 ns
[    0.290260] Initialise system trusted keyrings
[    0.290858] workingset: timestamp_bits=56 max_order=18 bucket_order=0
[    0.291668] squashfs: version 4.0 (2009/01/31) Phillip Lougher
[    0.292388] fuse: init (API version 7.43)
[    0.292915] 9p: Installing v9fs 9p2000 file system support
[    0.299977] Key type asymmetric registered
[    0.300475] Asymmetric key parser 'x509' registered
[    0.301077] Block layer SCSI generic (bsg) driver version 0.4 loaded (major 249)
[    0.301990] io scheduler mq-deadline registered
[    0.302544] io scheduler kyber registered
[    0.304427] input: Power Button as /devices/LNXSYSTM:00/LNXPWRBN:00/input/input0
[    0.305385] ACPI: button: Power Button [PWRF]
[    0.306292] Warning: Processor Platform Limit event detected, but not handled.
[    0.307190] Consider compiling CPUfreq support into your kernel.
[    0.323727] ACPI: \_SB_.LNKB: Enabled at IRQ 10
[    0.338728] ACPI: \_SB_.LNKC: Enabled at IRQ 11
[    0.353654] ACPI: \_SB_.LNKA: Enabled at IRQ 10
[    0.354704] Serial: 8250/16550 driver, 4 ports, IRQ sharing enabled
[    0.355553] 00:03: ttyS0 at I/O 0x3f8 (irq = 4, base_baud = 115200) is a 16550A
[    0.377295] Non-volatile memory driver v1.3
[    0.377867] Linux agpgart interface v0.103
[    0.378371] printk: legacy console [hvc0] enabled
[    0.378424] ACPI: bus type drm_connector registered
[    0.378973] printk: legacy bootconsole [earlyser0] disabled
          _      _                                    
   __   _(_)_ __| |_ _ __ ___   ___       _ __   __ _ 
   \ \ / / |  __| __|  _   _ \ / _ \_____|  _ \ / _  |
    \ V /| | |  | |_| | | | | |  __/_____| | | | (_| |
     \_/ |_|_|   \__|_| |_| |_|\___|     |_| |_|\__  |
                                                |___/ 
   kernel version: 6.15.0-rc3-virtme x86_64
   (CTRL+d to exit)

root@virtme-ng:/nipa-data/kernel# PS1='xx__-> '
xx__-> env
PWD=/nipa-data/kernel
nr_open=1048576
HOME=/
TERM=xterm
SHLVL=2
XDG_RUNTIME_DIR=/run/user/0
PATH=/bin:/sbin:/usr/bin:/usr/sbin:/usr/local/bin
OLDPWD=/
_=/bin/env
xx__-> 