No EFI environment detected.
early console in extract_kernel
input_data: 0x0000000002be02c4
input_len: 0x0000000000b914b6
output: 0x0000000001000000
output_len: 0x0000000002729eec
kernel_total_size: 0x0000000002430000
needed_size: 0x0000000002800000
trampoline_32bit: 0x0000000000000000
Physical KASLR using RDRAND RDTSC...
Virtual KASLR using RDRAND RDTSC...

Decompressing Linux... Parsing ELF... Performing relocations... done.
Booting the kernel (entry_offset: 0x0000000000f8be90).
[    0.000000] Linux version 6.14.0-rc4-virtme (root@db945a8b0979) (gcc (Ubuntu 13.3.0-6ubuntu2~24.04) 13.3.0, GNU ld (GNU Binutils for Ubuntu) 2.42) #1 SMP PREEMPT_DYNAMIC Wed Mar  5 00:05:55 UTC 2025
[    0.000000] Command line: virtme_hostname=virtme-ng nr_open=1048576 virtme_link_mods=/nipa-data/kernel/.virtme_mods/lib/modules/0.0.0 virtme_initmount0=nipa-data/kernel virtme_rw_overlay0=/etc virtme_rw_overlay1=/lib virtme_rw_overlay2=/home virtme_rw_overlay3=/opt virtme_rw_overlay4=/srv virtme_rw_overlay5=/usr virtme_rw_overlay6=/var console=hvc0 earlyprintk=serial,ttyS0,115200 virtme_console=ttyS0 psmouse.proto=exps TERM=xterm virtme_chdir=nipa-data/kernel virtme_root_user=1 rootfstype=9p rootflags=version=9p2000.L,trans=virtio,access=any raid=noautodetect ro init=/usr/lib/python3/dist-packages/virtme/guest/virtme-init
[    0.000000] BIOS-provided physical RAM map:
[    0.000000] BIOS-e820: [mem 0x0000000000000000-0x000000000009fbff] usable
[    0.000000] BIOS-e820: [mem 0x000000000009fc00-0x000000000009ffff] reserved
[    0.000000] BIOS-e820: [mem 0x00000000000f0000-0x00000000000fffff] reserved
[    0.000000] BIOS-e820: [mem 0x0000000000100000-0x000000003ffdffff] usable
[    0.000000] BIOS-e820: [mem 0x000000003ffe0000-0x000000003fffffff] reserved
[    0.000000] BIOS-e820: [mem 0x00000000feffc000-0x00000000feffffff] reserved
[    0.000000] BIOS-e820: [mem 0x00000000fffc0000-0x00000000ffffffff] reserved
[    0.000000] BIOS-e820: [mem 0x000000fd00000000-0x000000ffffffffff] reserved
[    0.000000] printk: legacy bootconsole [earlyser0] enabled
[    0.000000] NX (Execute Disable) protection: active
[    0.000000] APIC: Static calls initialized
[    0.000000] SMBIOS 3.0.0 present.
[    0.000000] DMI: QEMU Ubuntu 24.04 PC (i440FX + PIIX, 1996), BIOS 1.16.3-debian-1.16.3-2 04/01/2014
[    0.000000] DMI: Memory slots populated: 1/1
[    0.000000] Hypervisor detected: KVM
[    0.000000] kvm-clock: Using msrs 4b564d01 and 4b564d00
[    0.000000] kvm-clock: using sched offset of 199104924 cycles
[    0.000358] clocksource: kvm-clock: mask: 0xffffffffffffffff max_cycles: 0x1cd42e4dffb, max_idle_ns: 881590591483 ns
[    0.001472] tsc: Detected 4491.560 MHz processor
[    0.002033] last_pfn = 0x3ffe0 max_arch_pfn = 0x400000000
[    0.002425] MTRR map: 4 entries (3 fixed + 1 variable; max 19), built from 8 variable MTRRs
[    0.002998] x86/PAT: Configuration [0-7]: WB  WC  UC- UC  WB  WP  UC- WT  
Memory KASLR using RDRAND RDTSC...
[    0.004932] found SMP MP-table at [mem 0x000f5470-0x000f547f]
[    0.005327] Using GB pages for direct mapping
[    0.005651] ACPI: Early table checksum verification disabled
[    0.006042] ACPI: RSDP 0x00000000000F5290 000014 (v00 BOCHS )
[    0.006437] ACPI: RSDT 0x000000003FFE27BC 000034 (v01 BOCHS  BXPC     00000001 BXPC 00000001)
[    0.007024] ACPI: FACP 0x000000003FFE2578 000074 (v01 BOCHS  BXPC     00000001 BXPC 00000001)
[    0.007616] ACPI: DSDT 0x000000003FFE0040 002538 (v01 BOCHS  BXPC     00000001 BXPC 00000001)
[    0.008201] ACPI: FACS 0x000000003FFE0000 000040
[    0.008518] ACPI: APIC 0x000000003FFE25EC 000170 (v03 BOCHS  BXPC     00000001 BXPC 00000001)
[    0.009106] ACPI: HPET 0x000000003FFE275C 000038 (v01 BOCHS  BXPC     00000001 BXPC 00000001)
[    0.009687] ACPI: WAET 0x000000003FFE2794 000028 (v01 BOCHS  BXPC     00000001 BXPC 00000001)
[    0.010275] ACPI: Reserving FACP table memory at [mem 0x3ffe2578-0x3ffe25eb]
[    0.010758] ACPI: Reserving DSDT table memory at [mem 0x3ffe0040-0x3ffe2577]
[    0.011243] ACPI: Reserving FACS table memory at [mem 0x3ffe0000-0x3ffe003f]
[    0.011724] ACPI: Reserving APIC table memory at [mem 0x3ffe25ec-0x3ffe275b]
[    0.012204] ACPI: Reserving HPET table memory at [mem 0x3ffe275c-0x3ffe2793]
[    0.012684] ACPI: Reserving WAET table memory at [mem 0x3ffe2794-0x3ffe27bb]
[    0.013293] No NUMA configuration found
[    0.013554] Faking a node at [mem 0x0000000000000000-0x000000003ffdffff]
[    0.014011] NODE_DATA(0) allocated [mem 0x3ffdb780-0x3ffdffff]
[    0.014417] Zone ranges:
[    0.014589]   DMA      [mem 0x0000000000001000-0x0000000000ffffff]
[    0.015010]   DMA32    [mem 0x0000000001000000-0x000000003ffdffff]
[    0.015434]   Normal   empty
[    0.015630]   Device   empty
[    0.015826] Movable zone start for each node
[    0.016116] Early memory node ranges
[    0.016359]   node   0: [mem 0x0000000000001000-0x000000000009efff]
[    0.016786]   node   0: [mem 0x0000000000100000-0x000000003ffdffff]
[    0.017213] Initmem setup node 0 [mem 0x0000000000001000-0x000000003ffdffff]
[    0.017694] On node 0, zone DMA: 1 pages in unavailable ranges
[    0.018099] On node 0, zone DMA: 97 pages in unavailable ranges
[    0.019508] On node 0, zone DMA32: 32 pages in unavailable ranges
[    0.020112] ACPI: PM-Timer IO Port: 0x608
[    0.020389] ACPI: LAPIC_NMI (acpi_id[0xff] dfl dfl lint[0x1])
[    0.020795] IOAPIC[0]: apic_id 0, version 17, address 0xfec00000, GSI 0-23
[    0.021265] ACPI: INT_SRC_OVR (bus 0 bus_irq 0 global_irq 2 dfl dfl)
[    0.021699] ACPI: INT_SRC_OVR (bus 0 bus_irq 5 global_irq 5 high level)
[    0.022149] ACPI: INT_SRC_OVR (bus 0 bus_irq 9 global_irq 9 high level)
[    0.022600] ACPI: INT_SRC_OVR (bus 0 bus_irq 10 global_irq 10 high level)
[    0.023062] ACPI: INT_SRC_OVR (bus 0 bus_irq 11 global_irq 11 high level)
[    0.023528] ACPI: Using ACPI (MADT) for SMP configuration information
[    0.023966] ACPI: HPET id: 0x8086a201 base: 0xfed00000
[    0.024317] TSC deadline timer available
[    0.024586] CPU topo: Max. logical packages:   1
[    0.024900] CPU topo: Max. logical dies:       1
[    0.025214] CPU topo: Max. dies per package:   1
[    0.025530] CPU topo: Max. threads per core:   1
[    0.025845] CPU topo: Num. cores per package:    32
[    0.026176] CPU topo: Num. threads per package:  32
[    0.026508] CPU topo: Allowing 32 present CPUs plus 0 hotplug CPUs
[    0.026934] kvm-guest: APIC: eoi() replaced with kvm_guest_apic_eoi_write()
[    0.027417] kvm-guest: KVM setup pv remote TLB flush
[    0.027757] kvm-guest: setup PV sched yield
[    0.028044] PM: hibernation: Registered nosave memory: [mem 0x00000000-0x00000fff]
[    0.028561] PM: hibernation: Registered nosave memory: [mem 0x0009f000-0x0009ffff]
[    0.029076] PM: hibernation: Registered nosave memory: [mem 0x000a0000-0x000effff]
[    0.029592] PM: hibernation: Registered nosave memory: [mem 0x000f0000-0x000fffff]
[    0.030108] [mem 0x40000000-0xfeffbfff] available for PCI devices
[    0.030523] Booting paravirtualized kernel on KVM
[    0.030843] clocksource: refined-jiffies: mask: 0xffffffff max_cycles: 0xffffffff, max_idle_ns: 1910969940391419 ns
[    0.034202] setup_percpu: NR_CPUS:64 nr_cpumask_bits:32 nr_cpu_ids:32 nr_node_ids:1
[    0.035311] percpu: Embedded 58 pages/cpu s198360 r8192 d31016 u262144
[    0.035797] Kernel command line: virtme_hostname=virtme-ng nr_open=1048576 virtme_link_mods=/nipa-data/kernel/.virtme_mods/lib/modules/0.0.0 virtme_initmount0=nipa-data/kernel virtme_rw_overlay0=/etc virtme_rw_overlay1=/lib virtme_rw_overlay2=/home virtme_rw_overlay3=/opt virtme_rw_overlay4=/srv virtme_rw_overlay5=/usr virtme_rw_overlay6=/var console=hvc0 earlyprintk=serial,ttyS0,115200 virtme_console=ttyS0 psmouse.proto=exps TERM=xterm virtme_chdir=nipa-data/kernel virtme_root_user=1 rootfstype=9p rootflags=version=9p2000.L,trans=virtio,access=any raid=noautodetect ro init=/usr/lib/python3/dist-packages/virtme/guest/virtme-init
[    0.039815] Unknown kernel command line parameters "virtme_hostname=virtme-ng nr_open=1048576 virtme_link_mods=/nipa-data/kernel/.virtme_mods/lib/modules/0.0.0 virtme_initmount0=nipa-data/kernel virtme_rw_overlay0=/etc virtme_rw_overlay1=/lib virtme_rw_overlay2=/home virtme_rw_overlay3=/opt virtme_rw_overlay4=/srv virtme_rw_overlay5=/usr virtme_rw_overlay6=/var virtme_console=ttyS0 virtme_chdir=nipa-data/kernel virtme_root_user=1", will be passed to user space.
[    0.042855] random: crng init done
[    0.043092] printk: log buffer data + meta data: 262144 + 917504 = 1179648 bytes
[    0.043637] Dentry cache hash table entries: 131072 (order: 8, 1048576 bytes, linear)
[    0.044201] Inode-cache hash table entries: 65536 (order: 7, 524288 bytes, linear)
[    0.044809] Fallback order for Node 0: 0 
[    0.044811] Built 1 zonelists, mobility grouping on.  Total pages: 262014
[    0.045565] Policy zone: DMA32
[    0.045779] mem auto-init: stack:all(zero), heap alloc:off, heap free:off
[    0.046844] SLUB: HWalign=64, Order=0-3, MinObjects=0, CPUs=32, Nodes=1
Poking KASLR using RDRAND RDTSC...
[    0.047543] ftrace: allocating 48969 entries in 192 pages
[    0.059179] ftrace: allocated 192 pages with 2 groups
[    0.060066] Dynamic Preempt: voluntary
[    0.060451] rcu: Preemptible hierarchical RCU implementation.
[    0.060852] rcu: RCU event tracing is enabled.
[    0.061166] rcu: RCU restricting CPUs from NR_CPUS=64 to nr_cpu_ids=32.
[    0.061633] Trampoline variant of Tasks RCU enabled.
[    0.061983] Rude variant of Tasks RCU enabled.
[    0.062296] Tracing variant of Tasks RCU enabled.
[    0.062628] rcu: RCU calculated value of scheduler-enlistment delay is 100 jiffies.
[    0.063158] rcu: Adjusting geometry for rcu_fanout_leaf=16, nr_cpu_ids=32
[    0.063645] RCU Tasks: Setting shift to 5 and lim to 1 rcu_task_cb_adjust=1 rcu_task_cpu_ids=32.
[    0.064256] RCU Tasks Rude: Setting shift to 5 and lim to 1 rcu_task_cb_adjust=1 rcu_task_cpu_ids=32.
[    0.064898] RCU Tasks Trace: Setting shift to 5 and lim to 1 rcu_task_cb_adjust=1 rcu_task_cpu_ids=32.
[    0.067259] NR_IRQS: 4352, nr_irqs: 680, preallocated irqs: 16
[    0.067829] rcu: srcu_init: Setting srcu_struct sizes based on contention.
[    0.068447] Console: colour *CGA 80x25
[    0.068713] ACPI: Core revision 20240827
[    0.069050] clocksource: hpet: mask: 0xffffffff max_cycles: 0xffffffff, max_idle_ns: 19112604467 ns
[    0.069731] APIC: Switch to symmetric I/O mode setup
[    0.070097] kvm-guest: APIC: send_IPI_mask() replaced with kvm_send_ipi_mask()
[    0.070596] kvm-guest: APIC: send_IPI_mask_allbutself() replaced with kvm_send_ipi_mask_allbutself()
[    0.071217] kvm-guest: setup PV IPIs
[    0.072208] ..TIMER: vector=0x30 apic1=0 pin1=2 apic2=-1 pin2=-1
[    0.072965] clocksource: tsc-early: mask: 0xffffffffffffffff max_cycles: 0x40be4320a4d, max_idle_ns: 440795288133 ns
[    0.074252] Calibrating delay loop (skipped) preset value.. 8983.12 BogoMIPS (lpj=4491560)
[    0.075311] x86/cpu: User Mode Instruction Prevention (UMIP) activated
[    0.076297] Last level iTLB entries: 4KB 512, 2MB 255, 4MB 127
[    0.077251] Last level dTLB entries: 4KB 512, 2MB 255, 4MB 127, 1GB 0
[    0.078028] Spectre V1 : Mitigation: usercopy/swapgs barriers and __user pointer sanitization
[    0.079254] Spectre V2 : Mitigation: Enhanced / Automatic IBRS
[    0.079959] Spectre V2 : Spectre v2 / SpectreRSB mitigation: Filling RSB on context switch
[    0.080252] Spectre V2 : mitigation: Enabling conditional Indirect Branch Prediction Barrier
[    0.081252] Speculative Store Bypass: Mitigation: Speculative Store Bypass disabled via prctl
[    0.082251] Speculative Return Stack Overflow: IBPB-extending microcode not applied!
[    0.083251] Speculative Return Stack Overflow: WARNING: See https://kernel.org/doc/html/latest/admin-guide/hw-vuln/srso.html for mitigation options.
[    0.083251] Speculative Return Stack Overflow: Vulnerable: Safe RET, no microcode
[    0.085264] x86/fpu: Supporting XSAVE feature 0x001: 'x87 floating point registers'
[    0.086251] x86/fpu: Supporting XSAVE feature 0x002: 'SSE registers'
[    0.087015] x86/fpu: Supporting XSAVE feature 0x004: 'AVX registers'
[    0.087251] x86/fpu: Supporting XSAVE feature 0x020: 'AVX-512 opmask'
[    0.088251] x86/fpu: Supporting XSAVE feature 0x040: 'AVX-512 Hi256'
[    0.089251] x86/fpu: Supporting XSAVE feature 0x080: 'AVX-512 ZMM_Hi256'
[    0.090251] x86/fpu: Supporting XSAVE feature 0x200: 'Protection Keys User registers'
[    0.091251] x86/fpu: xstate_offset[2]:  576, xstate_sizes[2]:  256
[    0.091982] x86/fpu: xstate_offset[5]:  832, xstate_sizes[5]:   64
[    0.092251] x86/fpu: xstate_offset[6]:  896, xstate_sizes[6]:  512
[    0.093251] x86/fpu: xstate_offset[7]: 1408, xstate_sizes[7]: 1024
[    0.094251] x86/fpu: xstate_offset[9]: 2432, xstate_sizes[9]:    8
[    0.094985] x86/fpu: Enabled xstate features 0x2e7, context size is 2440 bytes, using 'compacted' format.
[    0.109500] Freeing SMP alternatives memory: 40K
[    0.110052] pid_max: default: 32768 minimum: 301
[    0.110269] Mount-cache hash table entries: 2048 (order: 2, 16384 bytes, linear)
[    0.111252] Mountpoint-cache hash table entries: 2048 (order: 2, 16384 bytes, linear)
[    0.112376] smpboot: CPU0: AMD Ryzen 9 7950X 16-Core Processor (family: 0x19, model: 0x61, stepping: 0x2)
[    0.113358] Performance Events: Fam17h+ core perfctr, AMD PMU driver.
[    0.114142] ... version:                0
[    0.114253] ... bit width:              48
[    0.114738] ... generic registers:      6
[    0.115212] ... value mask:             0000ffffffffffff
[    0.115253] ... max period:             00007fffffffffff
[    0.115881] ... fixed-purpose events:   0
[    0.116252] ... event mask:             000000000000003f
[    0.116949] signal: max sigframe size: 3376
[    0.117268] rcu: Hierarchical SRCU implementation.
[    0.117835] rcu: Max phase no-delay instances is 400.
[    0.118273] Timer migration: 2 hierarchy levels; 8 children per group; 2 crossnode level
[    0.121293] smp: Bringing up secondary CPUs ...
[    0.121880] smpboot: x86: Booting SMP configuration:
[    0.122254] .... node  #0, CPUs:        #1  #2  #3  #4  #5  #6  #7  #8  #9 #10 #11 #12 #13 #14 #15 #16 #17 #18 #19 #20 #21 #22 #23 #24 #25 #26 #27 #28 #29 #30 #31
[    0.134353] smp: Brought up 1 node, 32 CPUs
[    0.135755] smpboot: Total of 32 processors activated (287459.84 BogoMIPS)
[    0.138356] Memory: 969472K/1048056K available (15920K kernel code, 2462K rwdata, 6368K rodata, 3196K init, 1752K bss, 63180K reserved, 0K cma-reserved)
[    0.139287] devtmpfs: initialized
[    0.139691] x86/mm: Memory block size: 128MB
[    0.141294] clocksource: jiffies: mask: 0xffffffff max_cycles: 0xffffffff, max_idle_ns: 1911260446275000 ns
[    0.142254] futex hash table entries: 8192 (order: 7, 524288 bytes, linear)
[    0.143172] PM: RTC time: 00:06:15, date: 2025-03-05
[    0.144622] NET: Registered PF_NETLINK/PF_ROUTE protocol family
[    0.145368] thermal_sys: Registered thermal governor 'step_wise'
[    0.145377] cpuidle: using governor menu
[    0.147339] PCI: Using configuration type 1 for base access
[    0.148017] PCI: Using configuration type 1 for extended access
[    0.149294] kprobes: kprobe jump-optimization is enabled. All kprobes are optimized if possible.
[    0.165326] HugeTLB: registered 1.00 GiB page size, pre-allocated 0 pages
[    0.166166] HugeTLB: 16380 KiB vmemmap can be freed for a 1.00 GiB page
[    0.167253] HugeTLB: registered 2.00 MiB page size, pre-allocated 0 pages
[    0.168078] HugeTLB: 28 KiB vmemmap can be freed for a 2.00 MiB page
[    0.168308] ACPI: Added _OSI(Module Device)
[    0.168801] ACPI: Added _OSI(Processor Device)
[    0.169253] ACPI: Added _OSI(3.0 _SCP Extensions)
[    0.169827] ACPI: Added _OSI(Processor Aggregator Device)
[    0.171894] ACPI: 1 ACPI AML tables successfully acquired and loaded
[    0.173391] ACPI: Interpreter enabled
[    0.173391] ACPI: PM: (supports S0 S3 S4 S5)
[    0.173785] ACPI: Using IOAPIC for interrupt routing
[    0.175259] PCI: Using host bridge windows from ACPI; if necessary, use "pci=nocrs" and report a bug
[    0.176253] PCI: Using E820 reservations for host bridge windows
[    0.177059] ACPI: Enabled 2 GPEs in block 00 to 0F
[    0.179758] ACPI: PCI Root Bridge [PCI0] (domain 0000 [bus 00-ff])
[    0.180255] acpi PNP0A03:00: _OSC: OS supports [ExtendedConfig ASPM ClockPM Segments MSI HPX-Type3]
[    0.181337] PCI host bridge to bus 0000:00
[    0.181846] pci_bus 0000:00: root bus resource [io  0x0000-0x0cf7 window]
[    0.183253] pci_bus 0000:00: root bus resource [io  0x0d00-0xffff window]
[    0.184075] pci_bus 0000:00: root bus resource [mem 0x000a0000-0x000bffff window]
[    0.185253] pci_bus 0000:00: root bus resource [mem 0x40000000-0xfebfffff window]
[    0.186161] pci_bus 0000:00: root bus resource [mem 0x100000000-0x17fffffff window]
[    0.186253] pci_bus 0000:00: root bus resource [bus 00-ff]
[    0.187000] pci 0000:00:00.0: [8086:1237] type 00 class 0x060000 conventional PCI endpoint
[    0.188509] pci 0000:00:01.0: [8086:7000] type 00 class 0x060100 conventional PCI endpoint
[    0.190518] pci 0000:00:01.1: [8086:7010] type 00 class 0x010180 conventional PCI endpoint
[    0.191747] pci 0000:00:01.1: BAR 4 [io  0xc0c0-0xc0cf]
[    0.192270] pci 0000:00:01.1: BAR 0 [io  0x01f0-0x01f7]: legacy IDE quirk
[    0.193093] pci 0000:00:01.1: BAR 1 [io  0x03f6]: legacy IDE quirk
[    0.194253] pci 0000:00:01.1: BAR 2 [io  0x0170-0x0177]: legacy IDE quirk
[    0.195081] pci 0000:00:01.1: BAR 3 [io  0x0376]: legacy IDE quirk
[    0.195338] pci 0000:00:01.3: [8086:7113] type 00 class 0x068000 conventional PCI endpoint
[    0.196442] pci 0000:00:01.3: quirk: [io  0x0600-0x063f] claimed by PIIX4 ACPI
[    0.197256] pci 0000:00:01.3: quirk: [io  0x0700-0x070f] claimed by PIIX4 SMB
[    0.198280] pci 0000:00:02.0: [1af4:1009] type 00 class 0x000200 conventional PCI endpoint
[    0.200257] pci 0000:00:02.0: BAR 0 [io  0xc000-0xc03f]
[    0.200896] pci 0000:00:02.0: BAR 1 [mem 0xfebfc000-0xfebfcfff]
[    0.202267] pci 0000:00:02.0: BAR 4 [mem 0xfebf0000-0xfebf3fff 64bit pref]
[    0.203810] pci 0000:00:03.0: [1af4:1009] type 00 class 0x000200 conventional PCI endpoint
[    0.204711] pci 0000:00:03.0: BAR 0 [io  0xc040-0xc07f]
[    0.205256] pci 0000:00:03.0: BAR 1 [mem 0xfebfd000-0xfebfdfff]
[    0.205994] pci 0000:00:03.0: BAR 4 [mem 0xfebf4000-0xfebf7fff 64bit pref]
[    0.207758] pci 0000:00:04.0: [8086:25ab] type 00 class 0x088000 conventional PCI endpoint
[    0.208531] pci 0000:00:04.0: BAR 0 [mem 0xfebfe000-0xfebfe00f]
[    0.209641] pci 0000:00:05.0: [1af4:1003] type 00 class 0x078000 conventional PCI endpoint
[    0.212220] pci 0000:00:05.0: BAR 0 [io  0xc080-0xc0bf]
[    0.212257] pci 0000:00:05.0: BAR 1 [mem 0xfebff000-0xfebfffff]
[    0.213078] pci 0000:00:05.0: BAR 4 [mem 0xfebf8000-0xfebfbfff 64bit pref]
[    0.214944] ACPI: PCI: Interrupt link LNKA configured for IRQ 10
[    0.216356] ACPI: PCI: Interrupt link LNKB configured for IRQ 10
[    0.217182] ACPI: PCI: Interrupt link LNKC configured for IRQ 11
[    0.217345] ACPI: PCI: Interrupt link LNKD configured for IRQ 11
[    0.218147] ACPI: PCI: Interrupt link LNKS configured for IRQ 9
[    0.220039] iommu: Default domain type: Translated
[    0.220253] iommu: DMA domain TLB invalidation policy: lazy mode
[    0.221023] SCSI subsystem initialized
[    0.222283] pps_core: LinuxPPS API ver. 1 registered
[    0.222902] pps_core: Software ver. 5.3.6 - Copyright 2005-2007 Rodolfo Giometti <giometti@linux.it>
[    0.223256] PTP clock support registered
[    0.224272] Advanced Linux Sound Architecture Driver Initialized.
[    0.225508] NET: Registered PF_ATMPVC protocol family
[    0.226122] NET: Registered PF_ATMSVC protocol family
[    0.226258] PCI: Using ACPI for IRQ routing
[    0.227269] vgaarb: loaded
[    0.227587] hpet0: at MMIO 0xfed00000, IRQs 2, 8, 0
[    0.227860] hpet0: 3 comparators, 64-bit 100.000000 MHz counter
[    0.233576] clocksource: Switched to clocksource kvm-clock
[    0.234136] VFS: Disk quotas dquot_6.6.0
[    0.234641] VFS: Dquot-cache hash table entries: 512 (order 0, 4096 bytes)
[    0.235545] pnp: PnP ACPI init
[    0.236091] pnp: PnP ACPI: found 5 devices
[    0.243399] clocksource: acpi_pm: mask: 0xffffff max_cycles: 0xffffff, max_idle_ns: 2085701024 ns
[    0.244488] NET: Registered PF_INET protocol family
[    0.245093] IP idents hash table entries: 16384 (order: 5, 131072 bytes, linear)
[    0.246127] tcp_listen_portaddr_hash hash table entries: 512 (order: 1, 8192 bytes, linear)
[    0.247145] Table-perturb hash table entries: 65536 (order: 6, 262144 bytes, linear)
[    0.248084] TCP established hash table entries: 8192 (order: 4, 65536 bytes, linear)
[    0.249022] TCP bind hash table entries: 8192 (order: 6, 262144 bytes, linear)
[    0.249900] TCP: Hash tables configured (established 8192 bind 8192)
[    0.250699] UDP hash table entries: 512 (order: 3, 32768 bytes, linear)
[    0.251501] UDP-Lite hash table entries: 512 (order: 3, 32768 bytes, linear)
[    0.252383] NET: Registered PF_UNIX/PF_LOCAL protocol family
[    0.253071] pci_bus 0000:00: resource 4 [io  0x0000-0x0cf7 window]
[    0.253810] pci_bus 0000:00: resource 5 [io  0x0d00-0xffff window]
[    0.254569] pci_bus 0000:00: resource 6 [mem 0x000a0000-0x000bffff window]
[    0.255397] pci_bus 0000:00: resource 7 [mem 0x40000000-0xfebfffff window]
[    0.256225] pci_bus 0000:00: resource 8 [mem 0x100000000-0x17fffffff window]
[    0.257094] pci 0000:00:01.0: PIIX3: Enabling Passive Release
[    0.257785] pci 0000:00:00.0: Limiting direct PCI/PCI transfers
[    0.258538] PCI: CLS 0 bytes, default 64
[    0.259062] kvm_intel: VMX not supported by CPU 30
[    0.259651] kvm_amd: TSC scaling supported
[    0.260147] kvm_amd: Nested Virtualization enabled
[    0.260720] kvm_amd: Nested Paging enabled
[    0.261215] kvm_amd: LBR virtualization supported
[    0.261816] kvm_amd: Virtual GIF supported
[    0.262318] kvm_amd: Virtual NMI enabled
[    0.298411] clocksource: tsc: mask: 0xffffffffffffffff max_cycles: 0x40be4320a4d, max_idle_ns: 440795288133 ns
[    0.306228] Initialise system trusted keyrings
[    0.306858] workingset: timestamp_bits=56 max_order=18 bucket_order=0
[    0.307671] squashfs: version 4.0 (2009/01/31) Phillip Lougher
[    0.308396] fuse: init (API version 7.42)
[    0.308923] 9p: Installing v9fs 9p2000 file system support
[    0.315810] Key type asymmetric registered
[    0.316319] Asymmetric key parser 'x509' registered
[    0.316927] Block layer SCSI generic (bsg) driver version 0.4 loaded (major 249)
[    0.317848] io scheduler mq-deadline registered
[    0.318423] io scheduler kyber registered
[    0.320676] input: Power Button as /devices/LNXSYSTM:00/LNXPWRBN:00/input/input0
[    0.321673] ACPI: button: Power Button [PWRF]
[    0.322605] Warning: Processor Platform Limit event detected, but not handled.
[    0.323500] Consider compiling CPUfreq support into your kernel.
[    0.340585] ACPI: \_SB_.LNKB: Enabled at IRQ 10
[    0.355868] ACPI: \_SB_.LNKC: Enabled at IRQ 11
[    0.371101] ACPI: \_SB_.LNKA: Enabled at IRQ 10
[    0.372180] Serial: 8250/16550 driver, 4 ports, IRQ sharing enabled
[    0.373046] 00:03: ttyS0 at I/O 0x3f8 (irq = 4, base_baud = 115200) is a 16550A
[    0.392309] Non-volatile memory driver v1.3
[    0.392862] Linux agpgart interface v0.103
[    0.393377] printk: legacy console [hvc0] enabled
[    0.393406] ACPI: bus type drm_connector registered
[    0.393978] printk: legacy bootconsole [earlyser0] disabled
          _      _                                    
   __   _(_)_ __| |_ _ __ ___   ___       _ __   __ _ 
   \ \ / / |  __| __|  _   _ \ / _ \_____|  _ \ / _  |
    \ V /| | |  | |_| | | | | |  __/_____| | | | (_| |
     \_/ |_|_|   \__|_| |_| |_|\___|     |_| |_|\__  |
                                                |___/ 
   kernel version: 6.14.0-rc4-virtme x86_64
   (CTRL+d to exit)

root@virtme-ng:/nipa-data/kernel# PS1='xx__-> '
xx__-> env
PWD=/nipa-data/kernel
nr_open=1048576
HOME=/
TERM=xterm
SHLVL=2
XDG_RUNTIME_DIR=/run/user/0
PATH=/bin:/sbin:/usr/bin:/usr/sbin:/usr/local/bin
OLDPWD=/
_=/bin/env
xx__-> 