No EFI environment detected.
early console in extract_kernel
input_data: 0x0000000002be52c4
input_len: 0x0000000000b6f526
output: 0x0000000001000000
output_len: 0x000000000270ceac
kernel_total_size: 0x0000000002430000
needed_size: 0x0000000002800000
trampoline_32bit: 0x0000000000000000
Physical KASLR using RDRAND RDTSC...
Virtual KASLR using RDRAND RDTSC...

Decompressing Linux... Parsing ELF... Performing relocations... done.
Booting the kernel (entry_offset: 0x0000000000000000).
[    0.000000] Linux version 6.12.0-rc6-virtme (root@7f7050099565) (gcc (Ubuntu 13.2.0-23ubuntu4) 13.2.0, GNU ld (GNU Binutils for Ubuntu) 2.42) #1 SMP PREEMPT_DYNAMIC Sun Nov 10 12:06:46 UTC 2024
[    0.000000] Command line: virtme_hostname=virtme-ng nr_open=1048576 virtme_link_mods=/nipa-data/kernel/.virtme_mods/lib/modules/0.0.0 virtme_initmount0=nipa-data/kernel virtme_rw_overlay0=/etc virtme_rw_overlay1=/lib virtme_rw_overlay2=/home virtme_rw_overlay3=/opt virtme_rw_overlay4=/srv virtme_rw_overlay5=/usr virtme_rw_overlay6=/var console=hvc0 earlyprintk=serial,ttyS0,115200 virtme_console=ttyS0 psmouse.proto=exps TERM=xterm virtme_chdir=nipa-data/kernel virtme_root_user=1 rootfstype=9p rootflags=version=9p2000.L,trans=virtio,access=any raid=noautodetect ro init=/usr/lib/python3/dist-packages/virtme/guest/virtme-init
[    0.000000] BIOS-provided physical RAM map:
[    0.000000] BIOS-e820: [mem 0x0000000000000000-0x000000000009fbff] usable
[    0.000000] BIOS-e820: [mem 0x000000000009fc00-0x000000000009ffff] reserved
[    0.000000] BIOS-e820: [mem 0x00000000000f0000-0x00000000000fffff] reserved
[    0.000000] BIOS-e820: [mem 0x0000000000100000-0x000000003ffdffff] usable
[    0.000000] BIOS-e820: [mem 0x000000003ffe0000-0x000000003fffffff] reserved
[    0.000000] BIOS-e820: [mem 0x00000000feffc000-0x00000000feffffff] reserved
[    0.000000] BIOS-e820: [mem 0x00000000fffc0000-0x00000000ffffffff] reserved
[    0.000000] BIOS-e820: [mem 0x000000fd00000000-0x000000ffffffffff] reserved
[    0.000000] printk: legacy bootconsole [earlyser0] enabled
[    0.000000] NX (Execute Disable) protection: active
[    0.000000] APIC: Static calls initialized
[    0.000000] SMBIOS 3.0.0 present.
[    0.000000] DMI: QEMU Ubuntu 24.04 PC (i440FX + PIIX, 1996), BIOS 1.16.3-debian-1.16.3-2 04/01/2014
[    0.000000] DMI: Memory slots populated: 1/1
[    0.000000] Hypervisor detected: KVM
[    0.000000] kvm-clock: Using msrs 4b564d01 and 4b564d00
[    0.000000] kvm-clock: using sched offset of 214500526 cycles
[    0.000342] clocksource: kvm-clock: mask: 0xffffffffffffffff max_cycles: 0x1cd42e4dffb, max_idle_ns: 881590591483 ns
[    0.001404] tsc: Detected 4491.560 MHz processor
[    0.001955] last_pfn = 0x3ffe0 max_arch_pfn = 0x400000000
[    0.002330] MTRR map: 4 entries (3 fixed + 1 variable; max 19), built from 8 variable MTRRs
[    0.002874] x86/PAT: Configuration [0-7]: WB  WC  UC- UC  WB  WP  UC- WT  
Memory KASLR using RDRAND RDTSC...
[    0.004754] found SMP MP-table at [mem 0x000f5470-0x000f547f]
[    0.005131] Using GB pages for direct mapping
[    0.005486] ACPI: Early table checksum verification disabled
[    0.005855] ACPI: RSDP 0x00000000000F5290 000014 (v00 BOCHS )
[    0.006233] ACPI: RSDT 0x000000003FFE27BC 000034 (v01 BOCHS  BXPC     00000001 BXPC 00000001)
[    0.006789] ACPI: FACP 0x000000003FFE2578 000074 (v01 BOCHS  BXPC     00000001 BXPC 00000001)
[    0.007345] ACPI: DSDT 0x000000003FFE0040 002538 (v01 BOCHS  BXPC     00000001 BXPC 00000001)
[    0.007899] ACPI: FACS 0x000000003FFE0000 000040
[    0.008202] ACPI: APIC 0x000000003FFE25EC 000170 (v03 BOCHS  BXPC     00000001 BXPC 00000001)
[    0.008756] ACPI: HPET 0x000000003FFE275C 000038 (v01 BOCHS  BXPC     00000001 BXPC 00000001)
[    0.009311] ACPI: WAET 0x000000003FFE2794 000028 (v01 BOCHS  BXPC     00000001 BXPC 00000001)
[    0.009866] ACPI: Reserving FACP table memory at [mem 0x3ffe2578-0x3ffe25eb]
[    0.010340] ACPI: Reserving DSDT table memory at [mem 0x3ffe0040-0x3ffe2577]
[    0.010798] ACPI: Reserving FACS table memory at [mem 0x3ffe0000-0x3ffe003f]
[    0.011257] ACPI: Reserving APIC table memory at [mem 0x3ffe25ec-0x3ffe275b]
[    0.011715] ACPI: Reserving HPET table memory at [mem 0x3ffe275c-0x3ffe2793]
[    0.012174] ACPI: Reserving WAET table memory at [mem 0x3ffe2794-0x3ffe27bb]
[    0.012758] No NUMA configuration found
[    0.013008] Faking a node at [mem 0x0000000000000000-0x000000003ffdffff]
[    0.013445] NODE_DATA(0) allocated [mem 0x3ffdb780-0x3ffdffff]
[    0.013832] Zone ranges:
[    0.013997]   DMA      [mem 0x0000000000001000-0x0000000000ffffff]
[    0.014403]   DMA32    [mem 0x0000000001000000-0x000000003ffdffff]
[    0.014806]   Normal   empty
[    0.014993]   Device   empty
[    0.015180] Movable zone start for each node
[    0.015458] Early memory node ranges
[    0.015690]   node   0: [mem 0x0000000000001000-0x000000000009efff]
[    0.016098]   node   0: [mem 0x0000000000100000-0x000000003ffdffff]
[    0.016506] Initmem setup node 0 [mem 0x0000000000001000-0x000000003ffdffff]
[    0.016966] On node 0, zone DMA: 1 pages in unavailable ranges
[    0.017354] On node 0, zone DMA: 97 pages in unavailable ranges
[    0.018674] On node 0, zone DMA32: 32 pages in unavailable ranges
[    0.019250] ACPI: PM-Timer IO Port: 0x608
[    0.019514] ACPI: LAPIC_NMI (acpi_id[0xff] dfl dfl lint[0x1])
[    0.019901] IOAPIC[0]: apic_id 0, version 17, address 0xfec00000, GSI 0-23
[    0.020349] ACPI: INT_SRC_OVR (bus 0 bus_irq 0 global_irq 2 dfl dfl)
[    0.020762] ACPI: INT_SRC_OVR (bus 0 bus_irq 5 global_irq 5 high level)
[    0.021194] ACPI: INT_SRC_OVR (bus 0 bus_irq 9 global_irq 9 high level)
[    0.021622] ACPI: INT_SRC_OVR (bus 0 bus_irq 10 global_irq 10 high level)
[    0.022061] ACPI: INT_SRC_OVR (bus 0 bus_irq 11 global_irq 11 high level)
[    0.022503] ACPI: Using ACPI (MADT) for SMP configuration information
[    0.022919] ACPI: HPET id: 0x8086a201 base: 0xfed00000
[    0.023252] TSC deadline timer available
[    0.023508] CPU topo: Max. logical packages:   1
[    0.023807] CPU topo: Max. logical dies:       1
[    0.024105] CPU topo: Max. dies per package:   1
[    0.024406] CPU topo: Max. threads per core:   1
[    0.024704] CPU topo: Num. cores per package:    32
[    0.025019] CPU topo: Num. threads per package:  32
[    0.025334] CPU topo: Allowing 32 present CPUs plus 0 hotplug CPUs
[    0.025740] kvm-guest: APIC: eoi() replaced with kvm_guest_apic_eoi_write()
[    0.026201] kvm-guest: KVM setup pv remote TLB flush
[    0.026524] kvm-guest: setup PV sched yield
[    0.026797] PM: hibernation: Registered nosave memory: [mem 0x00000000-0x00000fff]
[    0.027287] PM: hibernation: Registered nosave memory: [mem 0x0009f000-0x0009ffff]
[    0.027777] PM: hibernation: Registered nosave memory: [mem 0x000a0000-0x000effff]
[    0.028267] PM: hibernation: Registered nosave memory: [mem 0x000f0000-0x000fffff]
[    0.028758] [mem 0x40000000-0xfeffbfff] available for PCI devices
[    0.029153] Booting paravirtualized kernel on KVM
[    0.029457] clocksource: refined-jiffies: mask: 0xffffffff max_cycles: 0xffffffff, max_idle_ns: 1910969940391419 ns
[    0.032803] setup_percpu: NR_CPUS:64 nr_cpumask_bits:32 nr_cpu_ids:32 nr_node_ids:1
[    0.033890] percpu: Embedded 58 pages/cpu s198552 r8192 d30824 u262144
[    0.034349] Kernel command line: virtme_hostname=virtme-ng nr_open=1048576 virtme_link_mods=/nipa-data/kernel/.virtme_mods/lib/modules/0.0.0 virtme_initmount0=nipa-data/kernel virtme_rw_overlay0=/etc virtme_rw_overlay1=/lib virtme_rw_overlay2=/home virtme_rw_overlay3=/opt virtme_rw_overlay4=/srv virtme_rw_overlay5=/usr virtme_rw_overlay6=/var console=hvc0 earlyprintk=serial,ttyS0,115200 virtme_console=ttyS0 psmouse.proto=exps TERM=xterm virtme_chdir=nipa-data/kernel virtme_root_user=1 rootfstype=9p rootflags=version=9p2000.L,trans=virtio,access=any raid=noautodetect ro init=/usr/lib/python3/dist-packages/virtme/guest/virtme-init
[    0.038155] Unknown kernel command line parameters "virtme_hostname=virtme-ng nr_open=1048576 virtme_link_mods=/nipa-data/kernel/.virtme_mods/lib/modules/0.0.0 virtme_initmount0=nipa-data/kernel virtme_rw_overlay0=/etc virtme_rw_overlay1=/lib virtme_rw_overlay2=/home virtme_rw_overlay3=/opt virtme_rw_overlay4=/srv virtme_rw_overlay5=/usr virtme_rw_overlay6=/var virtme_console=ttyS0 virtme_chdir=nipa-data/kernel virtme_root_user=1", will be passed to user space.
[    0.041072] random: crng init done
[    0.041324] Dentry cache hash table entries: 131072 (order: 8, 1048576 bytes, linear)
[    0.041865] Inode-cache hash table entries: 65536 (order: 7, 524288 bytes, linear)
[    0.042453] Fallback order for Node 0: 0 
[    0.042455] Built 1 zonelists, mobility grouping on.  Total pages: 262014
[    0.043176] Policy zone: DMA32
[    0.043379] mem auto-init: stack:all(zero), heap alloc:off, heap free:off
[    0.044363] SLUB: HWalign=64, Order=0-3, MinObjects=0, CPUs=32, Nodes=1
Poking KASLR using RDRAND RDTSC...
[    0.045029] ftrace: allocating 48480 entries in 190 pages
[    0.051656] ftrace: allocated 190 pages with 6 groups
[    0.052524] Dynamic Preempt: voluntary
[    0.052901] rcu: Preemptible hierarchical RCU implementation.
[    0.053283] rcu: RCU event tracing is enabled.
[    0.053582] rcu: RCU restricting CPUs from NR_CPUS=64 to nr_cpu_ids=32.
[    0.054026] Trampoline variant of Tasks RCU enabled.
[    0.054362] Rude variant of Tasks RCU enabled.
[    0.054662] Tracing variant of Tasks RCU enabled.
[    0.054983] rcu: RCU calculated value of scheduler-enlistment delay is 100 jiffies.
[    0.055492] rcu: Adjusting geometry for rcu_fanout_leaf=16, nr_cpu_ids=32
[    0.055949] RCU Tasks: Setting shift to 5 and lim to 1 rcu_task_cb_adjust=1 rcu_task_cpu_ids=32.
[    0.056534] RCU Tasks Rude: Setting shift to 5 and lim to 1 rcu_task_cb_adjust=1 rcu_task_cpu_ids=32.
[    0.057148] RCU Tasks Trace: Setting shift to 5 and lim to 1 rcu_task_cb_adjust=1 rcu_task_cpu_ids=32.
[    0.059111] NR_IRQS: 4352, nr_irqs: 680, preallocated irqs: 16
[    0.059664] rcu: srcu_init: Setting srcu_struct sizes based on contention.
[    0.060253] Console: colour *CGA 80x25
[    0.060508] ACPI: Core revision 20240827
[    0.060829] clocksource: hpet: mask: 0xffffffff max_cycles: 0xffffffff, max_idle_ns: 19112604467 ns
[    0.061478] APIC: Switch to symmetric I/O mode setup
[    0.061818] kvm-guest: APIC: send_IPI_mask() replaced with kvm_send_ipi_mask()
[    0.062300] kvm-guest: APIC: send_IPI_mask_allbutself() replaced with kvm_send_ipi_mask_allbutself()
[    0.062892] kvm-guest: setup PV IPIs
[    0.063842] ..TIMER: vector=0x30 apic1=0 pin1=2 apic2=-1 pin2=-1
[    0.064584] clocksource: tsc-early: mask: 0xffffffffffffffff max_cycles: 0x40be4320a4d, max_idle_ns: 440795288133 ns
[    0.065852] Calibrating delay loop (skipped) preset value.. 8983.12 BogoMIPS (lpj=4491560)
[    0.066914] x86/cpu: User Mode Instruction Prevention (UMIP) activated
[    0.067897] Last level iTLB entries: 4KB 512, 2MB 255, 4MB 127
[    0.068590] Last level dTLB entries: 4KB 512, 2MB 255, 4MB 127, 1GB 0
[    0.068855] Spectre V1 : Mitigation: usercopy/swapgs barriers and __user pointer sanitization
[    0.069855] Spectre V2 : Mitigation: Enhanced / Automatic IBRS
[    0.070851] Spectre V2 : Spectre v2 / SpectreRSB mitigation: Filling RSB on context switch
[    0.071852] Spectre V2 : mitigation: Enabling conditional Indirect Branch Prediction Barrier
[    0.072852] Speculative Store Bypass: Mitigation: Speculative Store Bypass disabled via prctl
[    0.073851] Speculative Return Stack Overflow: IBPB-extending microcode not applied!
[    0.074851] Speculative Return Stack Overflow: WARNING: See https://kernel.org/doc/html/latest/admin-guide/hw-vuln/srso.html for mitigation options.
[    0.074852] Speculative Return Stack Overflow: Vulnerable: Safe RET, no microcode
[    0.076752] x86/fpu: Supporting XSAVE feature 0x001: 'x87 floating point registers'
[    0.076851] x86/fpu: Supporting XSAVE feature 0x002: 'SSE registers'
[    0.077851] x86/fpu: Supporting XSAVE feature 0x004: 'AVX registers'
[    0.078851] x86/fpu: Supporting XSAVE feature 0x020: 'AVX-512 opmask'
[    0.079851] x86/fpu: Supporting XSAVE feature 0x040: 'AVX-512 Hi256'
[    0.080594] x86/fpu: Supporting XSAVE feature 0x080: 'AVX-512 ZMM_Hi256'
[    0.080851] x86/fpu: Supporting XSAVE feature 0x200: 'Protection Keys User registers'
[    0.081851] x86/fpu: xstate_offset[2]:  576, xstate_sizes[2]:  256
[    0.082851] x86/fpu: xstate_offset[5]:  832, xstate_sizes[5]:   64
[    0.083851] x86/fpu: xstate_offset[6]:  896, xstate_sizes[6]:  512
[    0.084573] x86/fpu: xstate_offset[7]: 1408, xstate_sizes[7]: 1024
[    0.084851] x86/fpu: xstate_offset[9]: 2432, xstate_sizes[9]:    8
[    0.085851] x86/fpu: Enabled xstate features 0x2e7, context size is 2440 bytes, using 'compacted' format.
[    0.100341] Freeing SMP alternatives memory: 40K
[    0.100852] pid_max: default: 32768 minimum: 301
[    0.101414] Mount-cache hash table entries: 2048 (order: 2, 16384 bytes, linear)
[    0.101852] Mountpoint-cache hash table entries: 2048 (order: 2, 16384 bytes, linear)
[    0.102980] smpboot: CPU0: AMD Ryzen 9 7950X 16-Core Processor (family: 0x19, model: 0x61, stepping: 0x2)
[    0.103956] Performance Events: Fam17h+ core perfctr, AMD PMU driver.
[    0.104711] ... version:                0
[    0.104853] ... bit width:              48
[    0.105318] ... generic registers:      6
[    0.105774] ... value mask:             0000ffffffffffff
[    0.105853] ... max period:             00007fffffffffff
[    0.106456] ... fixed-purpose events:   0
[    0.106852] ... event mask:             000000000000003f
[    0.107525] signal: max sigframe size: 3376
[    0.107868] rcu: Hierarchical SRCU implementation.
[    0.108413] rcu: Max phase no-delay instances is 400.
[    0.108872] Timer migration: 2 hierarchy levels; 8 children per group; 2 crossnode level
[    0.111861] smp: Bringing up secondary CPUs ...
[    0.112427] smpboot: x86: Booting SMP configuration:
[    0.112854] .... node  #0, CPUs:        #1  #2  #3  #4  #5  #6  #7  #8  #9 #10 #11 #12 #13 #14 #15 #16 #17 #18 #19 #20 #21 #22 #23 #24 #25 #26 #27 #28 #29 #30 #31
[    0.124959] smp: Brought up 1 node, 32 CPUs
[    0.126340] smpboot: Total of 32 processors activated (287459.84 BogoMIPS)
[    0.128879] Memory: 970448K/1048056K available (16384K kernel code, 2449K rwdata, 6280K rodata, 3132K init, 1856K bss, 63184K reserved, 0K cma-reserved)
[    0.129970] devtmpfs: initialized
[    0.130261] x86/mm: Memory block size: 128MB
[    0.131523] clocksource: jiffies: mask: 0xffffffff max_cycles: 0xffffffff, max_idle_ns: 1911260446275000 ns
[    0.131854] futex hash table entries: 8192 (order: 7, 524288 bytes, linear)
[    0.132727] PM: RTC time: 12:07:06, date: 2024-11-10
[    0.133165] NET: Registered PF_NETLINK/PF_ROUTE protocol family
[    0.133966] thermal_sys: Registered thermal governor 'step_wise'
[    0.133967] thermal_sys: Registered thermal governor 'user_space'
[    0.134670] cpuidle: using governor menu
[    0.136052] PCI: Using configuration type 1 for base access
[    0.136853] PCI: Using configuration type 1 for extended access
[    0.137603] kprobes: kprobe jump-optimization is enabled. All kprobes are optimized if possible.
[    0.152732] HugeTLB: registered 1.00 GiB page size, pre-allocated 0 pages
[    0.153853] HugeTLB: 16380 KiB vmemmap can be freed for a 1.00 GiB page
[    0.154851] HugeTLB: registered 2.00 MiB page size, pre-allocated 0 pages
[    0.155853] HugeTLB: 28 KiB vmemmap can be freed for a 2.00 MiB page
[    0.156981] ACPI: Added _OSI(Module Device)
[    0.157546] ACPI: Added _OSI(Processor Device)
[    0.157853] ACPI: Added _OSI(3.0 _SCP Extensions)
[    0.158578] ACPI: Added _OSI(Processor Aggregator Device)
[    0.160688] ACPI: 1 ACPI AML tables successfully acquired and loaded
[    0.161995] ACPI: Interpreter enabled
[    0.162863] ACPI: PM: (supports S0 S3 S4 S5)
[    0.163374] ACPI: Using IOAPIC for interrupt routing
[    0.163859] PCI: Using host bridge windows from ACPI; if necessary, use "pci=nocrs" and report a bug
[    0.164852] PCI: Using E820 reservations for host bridge windows
[    0.165650] ACPI: Enabled 2 GPEs in block 00 to 0F
[    0.168287] ACPI: PCI Root Bridge [PCI0] (domain 0000 [bus 00-ff])
[    0.168855] acpi PNP0A03:00: _OSC: OS supports [ExtendedConfig ASPM ClockPM Segments MSI HPX-Type3]
[    0.169937] PCI host bridge to bus 0000:00
[    0.170427] pci_bus 0000:00: root bus resource [io  0x0000-0x0cf7 window]
[    0.171853] pci_bus 0000:00: root bus resource [io  0x0d00-0xffff window]
[    0.172666] pci_bus 0000:00: root bus resource [mem 0x000a0000-0x000bffff window]
[    0.173853] pci_bus 0000:00: root bus resource [mem 0x40000000-0xfebfffff window]
[    0.174750] pci_bus 0000:00: root bus resource [mem 0x100000000-0x17fffffff window]
[    0.174853] pci_bus 0000:00: root bus resource [bus 00-ff]
[    0.175591] pci 0000:00:00.0: [8086:1237] type 00 class 0x060000 conventional PCI endpoint
[    0.177081] pci 0000:00:01.0: [8086:7000] type 00 class 0x060100 conventional PCI endpoint
[    0.178145] pci 0000:00:01.1: [8086:7010] type 00 class 0x010180 conventional PCI endpoint
[    0.181475] pci 0000:00:01.1: BAR 4 [io  0xc0c0-0xc0cf]
[    0.182158] pci 0000:00:01.1: BAR 0 [io  0x01f0-0x01f7]: legacy IDE quirk
[    0.182853] pci 0000:00:01.1: BAR 1 [io  0x03f6]: legacy IDE quirk
[    0.183591] pci 0000:00:01.1: BAR 2 [io  0x0170-0x0177]: legacy IDE quirk
[    0.184853] pci 0000:00:01.1: BAR 3 [io  0x0376]: legacy IDE quirk
[    0.185678] pci 0000:00:01.3: [8086:7113] type 00 class 0x068000 conventional PCI endpoint
[    0.187073] pci 0000:00:01.3: quirk: [io  0x0600-0x063f] claimed by PIIX4 ACPI
[    0.187856] pci 0000:00:01.3: quirk: [io  0x0700-0x070f] claimed by PIIX4 SMB
[    0.188947] pci 0000:00:02.0: [1af4:1009] type 00 class 0x000200 conventional PCI endpoint
[    0.190264] pci 0000:00:02.0: BAR 0 [io  0xc000-0xc03f]
[    0.191597] pci 0000:00:02.0: BAR 1 [mem 0xfebfc000-0xfebfcfff]
[    0.193853] pci 0000:00:02.0: BAR 4 [mem 0xfebf0000-0xfebf3fff 64bit pref]
[    0.195845] pci 0000:00:03.0: [1af4:1009] type 00 class 0x000200 conventional PCI endpoint
[    0.197786] pci 0000:00:03.0: BAR 0 [io  0xc040-0xc07f]
[    0.199683] pci 0000:00:03.0: BAR 1 [mem 0xfebfd000-0xfebfdfff]
[    0.202853] pci 0000:00:03.0: BAR 4 [mem 0xfebf4000-0xfebf7fff 64bit pref]
[    0.204676] pci 0000:00:04.0: [8086:25ab] type 00 class 0x088000 conventional PCI endpoint
[    0.206018] pci 0000:00:04.0: BAR 0 [mem 0xfebfe000-0xfebfe00f]
[    0.207773] pci 0000:00:05.0: [1af4:1003] type 00 class 0x078000 conventional PCI endpoint
[    0.209316] pci 0000:00:05.0: BAR 0 [io  0xc080-0xc0bf]
[    0.210186] pci 0000:00:05.0: BAR 1 [mem 0xfebff000-0xfebfffff]
[    0.211822] pci 0000:00:05.0: BAR 4 [mem 0xfebf8000-0xfebfbfff 64bit pref]
[    0.215527] ACPI: PCI: Interrupt link LNKA configured for IRQ 10
[    0.215955] ACPI: PCI: Interrupt link LNKB configured for IRQ 10
[    0.216771] ACPI: PCI: Interrupt link LNKC configured for IRQ 11
[    0.217944] ACPI: PCI: Interrupt link LNKD configured for IRQ 11
[    0.218726] ACPI: PCI: Interrupt link LNKS configured for IRQ 9
[    0.219635] iommu: Default domain type: Translated
[    0.220853] iommu: DMA domain TLB invalidation policy: lazy mode
[    0.221609] SCSI subsystem initialized
[    0.221882] pps_core: LinuxPPS API ver. 1 registered
[    0.222473] pps_core: Software ver. 5.3.6 - Copyright 2005-2007 Rodolfo Giometti <giometti@linux.it>
[    0.222855] PTP clock support registered
[    0.223871] Advanced Linux Sound Architecture Driver Initialized.
[    0.225108] NET: Registered PF_ATMPVC protocol family
[    0.225718] NET: Registered PF_ATMSVC protocol family
[    0.225858] PCI: Using ACPI for IRQ routing
[    0.226440] vgaarb: loaded
[    0.226886] hpet0: at MMIO 0xfed00000, IRQs 2, 8, 0
[    0.227853] hpet0: 3 comparators, 64-bit 100.000000 MHz counter
[    0.232305] clocksource: Switched to clocksource kvm-clock
[    0.232755] VFS: Disk quotas dquot_6.6.0
[    0.233237] VFS: Dquot-cache hash table entries: 512 (order 0, 4096 bytes)
[    0.234130] pnp: PnP ACPI init
[    0.234670] pnp: PnP ACPI: found 5 devices
[    0.240370] clocksource: acpi_pm: mask: 0xffffff max_cycles: 0xffffff, max_idle_ns: 2085701024 ns
[    0.241445] NET: Registered PF_INET protocol family
[    0.242131] IP idents hash table entries: 16384 (order: 5, 131072 bytes, linear)
[    0.243161] tcp_listen_portaddr_hash hash table entries: 512 (order: 1, 8192 bytes, linear)
[    0.244173] Table-perturb hash table entries: 65536 (order: 6, 262144 bytes, linear)
[    0.245100] TCP established hash table entries: 8192 (order: 4, 65536 bytes, linear)
[    0.246028] TCP bind hash table entries: 8192 (order: 6, 262144 bytes, linear)
[    0.246893] TCP: Hash tables configured (established 8192 bind 8192)
[    0.247654] UDP hash table entries: 512 (order: 3, 32768 bytes, linear)
[    0.248437] UDP-Lite hash table entries: 512 (order: 3, 32768 bytes, linear)
[    0.249295] NET: Registered PF_UNIX/PF_LOCAL protocol family
[    0.249976] pci_bus 0000:00: resource 4 [io  0x0000-0x0cf7 window]
[    0.250708] pci_bus 0000:00: resource 5 [io  0x0d00-0xffff window]
[    0.251439] pci_bus 0000:00: resource 6 [mem 0x000a0000-0x000bffff window]
[    0.252249] pci_bus 0000:00: resource 7 [mem 0x40000000-0xfebfffff window]
[    0.253067] pci_bus 0000:00: resource 8 [mem 0x100000000-0x17fffffff window]
[    0.253925] pci 0000:00:01.0: PIIX3: Enabling Passive Release
[    0.254609] pci 0000:00:00.0: Limiting direct PCI/PCI transfers
[    0.255341] PCI: CLS 0 bytes, default 64
[    0.255846] kvm_intel: VMX not supported by CPU 29
[    0.256418] kvm_amd: TSC scaling supported
[    0.256910] kvm_amd: Nested Virtualization enabled
[    0.257489] kvm_amd: Nested Paging enabled
[    0.257978] kvm_amd: LBR virtualization supported
[    0.258538] kvm_amd: Virtual VMLOAD VMSAVE supported
[    0.259127] kvm_amd: Virtual GIF supported
[    0.259610] kvm_amd: Virtual NMI enabled
[    0.287132] clocksource: tsc: mask: 0xffffffffffffffff max_cycles: 0x40be4320a4d, max_idle_ns: 440795288133 ns
[    0.293922] Initialise system trusted keyrings
[    0.294517] workingset: timestamp_bits=56 max_order=18 bucket_order=0
[    0.295311] squashfs: version 4.0 (2009/01/31) Phillip Lougher
[    0.296016] fuse: init (API version 7.41)
[    0.296537] 9p: Installing v9fs 9p2000 file system support
[    0.303376] Key type asymmetric registered
[    0.303874] Asymmetric key parser 'x509' registered
[    0.304466] Block layer SCSI generic (bsg) driver version 0.4 loaded (major 249)
[    0.305368] io scheduler mq-deadline registered
[    0.305914] io scheduler kyber registered
[    0.307996] input: Power Button as /devices/LNXSYSTM:00/LNXPWRBN:00/input/input0
[    0.308946] ACPI: button: Power Button [PWRF]
[    0.309871] Warning: Processor Platform Limit event detected, but not handled.
[    0.310761] Consider compiling CPUfreq support into your kernel.
[    0.327833] ACPI: \_SB_.LNKB: Enabled at IRQ 10
[    0.342955] ACPI: \_SB_.LNKC: Enabled at IRQ 11
[    0.357999] ACPI: \_SB_.LNKA: Enabled at IRQ 10
[    0.359035] Serial: 8250/16550 driver, 4 ports, IRQ sharing enabled
[    0.359884] 00:03: ttyS0 at I/O 0x3f8 (irq = 4, base_baud = 115200) is a 16550A
[    0.379128] Non-volatile memory driver v1.3
[    0.379777] Linux agpgart interface v0.103
[    0.380277] printk: legacy console [hvc0] enabled
[    0.380314] ACPI: bus type drm_connector registered
[    0.380888] printk: legacy bootconsole [earlyser0] disabled
          _      _                                    
   __   _(_)_ __| |_ _ __ ___   ___       _ __   __ _ 
   \ \ / / |  __| __|  _   _ \ / _ \_____|  _ \ / _  |
    \ V /| | |  | |_| | | | | |  __/_____| | | | (_| |
     \_/ |_|_|   \__|_| |_| |_|\___|     |_| |_|\__  |
                                                |___/ 
   kernel version: 6.12.0-rc6-virtme x86_64
   (CTRL+d to exit)

root@virtme-ng:/nipa-data/kernel# PS1='xx__-> '
xx__-> env
PWD=/nipa-data/kernel
nr_open=1048576
HOME=/
TERM=xterm
SHLVL=2
XDG_RUNTIME_DIR=/run/user/0
PATH=/bin:/sbin:/usr/bin:/usr/sbin:/usr/local/bin
OLDPWD=/
_=/bin/env
xx__-> 