No EFI environment detected.
early console in extract_kernel
input_data: 0x0000000002be42c4
input_len: 0x0000000000b5b791
output: 0x0000000001000000
output_len: 0x00000000026f81c4
kernel_total_size: 0x0000000002430000
needed_size: 0x0000000002800000
trampoline_32bit: 0x000000000009d000
Physical KASLR using RDRAND RDTSC...
Virtual KASLR using RDRAND RDTSC...

Decompressing Linux... Parsing ELF... Performing relocations... done.
Booting the kernel (entry_offset: 0x0000000000000000).
[    0.000000] Linux version 6.11.0-virtme (root@c84c3c955d13) (gcc (Ubuntu 13.2.0-23ubuntu4) 13.2.0, GNU ld (GNU Binutils for Ubuntu) 2.42) #1 SMP PREEMPT_DYNAMIC Tue Sep 17 12:07:28 UTC 2024
[    0.000000] Command line: virtme_hostname=virtme-ng nr_open=1048576 virtme_link_mods=/nipa-data/kernel/.virtme_mods/lib/modules/0.0.0 virtme_initmount0=nipa-data/kernel virtme_rw_overlay0=/etc virtme_rw_overlay1=/lib virtme_rw_overlay2=/home virtme_rw_overlay3=/opt virtme_rw_overlay4=/srv virtme_rw_overlay5=/usr virtme_rw_overlay6=/var console=hvc0 earlyprintk=serial,ttyS0,115200 virtme_console=ttyS0 psmouse.proto=exps TERM=xterm virtme_chdir=nipa-data/kernel virtme_root_user=1 rootfstype=9p rootflags=version=9p2000.L,trans=virtio,access=any raid=noautodetect ro init=/usr/lib/python3/dist-packages/virtme/guest/virtme-init
[    0.000000] x86/split lock detection: #DB: warning on user-space bus_locks
[    0.000000] BIOS-provided physical RAM map:
[    0.000000] BIOS-e820: [mem 0x0000000000000000-0x000000000009fbff] usable
[    0.000000] BIOS-e820: [mem 0x000000000009fc00-0x000000000009ffff] reserved
[    0.000000] BIOS-e820: [mem 0x00000000000f0000-0x00000000000fffff] reserved
[    0.000000] BIOS-e820: [mem 0x0000000000100000-0x000000003ffdffff] usable
[    0.000000] BIOS-e820: [mem 0x000000003ffe0000-0x000000003fffffff] reserved
[    0.000000] BIOS-e820: [mem 0x00000000feffc000-0x00000000feffffff] reserved
[    0.000000] BIOS-e820: [mem 0x00000000fffc0000-0x00000000ffffffff] reserved
[    0.000000] printk: legacy bootconsole [earlyser0] enabled
[    0.000000] NX (Execute Disable) protection: active
[    0.000000] APIC: Static calls initialized
[    0.000000] SMBIOS 3.0.0 present.
[    0.000000] DMI: QEMU Ubuntu 24.04 PC (i440FX + PIIX, 1996), BIOS 1.16.3-debian-1.16.3-2 04/01/2014
[    0.000000] DMI: Memory slots populated: 1/1
[    0.000000] Hypervisor detected: KVM
[    0.000000] kvm-clock: Using msrs 4b564d01 and 4b564d00
[    0.000001] kvm-clock: using sched offset of 1165041328 cycles
[    0.000767] clocksource: kvm-clock: mask: 0xffffffffffffffff max_cycles: 0x1cd42e4dffb, max_idle_ns: 881590591483 ns
[    0.003144] tsc: Detected 2000.000 MHz processor
[    0.004274] last_pfn = 0x3ffe0 max_arch_pfn = 0x10000000000
[    0.005151] MTRR map: 4 entries (3 fixed + 1 variable; max 19), built from 8 variable MTRRs
[    0.006367] x86/PAT: Configuration [0-7]: WB  WC  UC- UC  WB  WP  UC- WT  
Memory KASLR using RDRAND RDTSC...
[    0.016402] found SMP MP-table at [mem 0x000f5470-0x000f547f]
[    0.017260] Using GB pages for direct mapping
[    0.018060] ACPI: Early table checksum verification disabled
[    0.018884] ACPI: RSDP 0x00000000000F5290 000014 (v00 BOCHS )
[    0.019723] ACPI: RSDT 0x000000003FFE308E 000034 (v01 BOCHS  BXPC     00000001 BXPC 00000001)
[    0.020970] ACPI: FACP 0x000000003FFE2D8A 000074 (v01 BOCHS  BXPC     00000001 BXPC 00000001)
[    0.022213] ACPI: DSDT 0x000000003FFE0040 002D4A (v01 BOCHS  BXPC     00000001 BXPC 00000001)
[    0.023454] ACPI: FACS 0x000000003FFE0000 000040
[    0.024126] ACPI: APIC 0x000000003FFE2DFE 000230 (v03 BOCHS  BXPC     00000001 BXPC 00000001)
[    0.025370] ACPI: HPET 0x000000003FFE302E 000038 (v01 BOCHS  BXPC     00000001 BXPC 00000001)
[    0.026611] ACPI: WAET 0x000000003FFE3066 000028 (v01 BOCHS  BXPC     00000001 BXPC 00000001)
[    0.027849] ACPI: Reserving FACP table memory at [mem 0x3ffe2d8a-0x3ffe2dfd]
[    0.028876] ACPI: Reserving DSDT table memory at [mem 0x3ffe0040-0x3ffe2d89]
[    0.029898] ACPI: Reserving FACS table memory at [mem 0x3ffe0000-0x3ffe003f]
[    0.030921] ACPI: Reserving APIC table memory at [mem 0x3ffe2dfe-0x3ffe302d]
[    0.031944] ACPI: Reserving HPET table memory at [mem 0x3ffe302e-0x3ffe3065]
[    0.032971] ACPI: Reserving WAET table memory at [mem 0x3ffe3066-0x3ffe308d]
[    0.034348] No NUMA configuration found
[    0.034906] Faking a node at [mem 0x0000000000000000-0x000000003ffdffff]
[    0.035882] NODE_DATA(0) allocated [mem 0x3ffdb000-0x3ffdffff]
[    0.036881] Zone ranges:
[    0.037250]   DMA      [mem 0x0000000000001000-0x0000000000ffffff]
[    0.038151]   DMA32    [mem 0x0000000001000000-0x000000003ffdffff]
[    0.039050]   Normal   empty
[    0.039469]   Device   empty
[    0.039888] Movable zone start for each node
[    0.040509] Early memory node ranges
[    0.041033]   node   0: [mem 0x0000000000001000-0x000000000009efff]
[    0.041945]   node   0: [mem 0x0000000000100000-0x000000003ffdffff]
[    0.042862] Initmem setup node 0 [mem 0x0000000000001000-0x000000003ffdffff]
[    0.043889] On node 0, zone DMA: 1 pages in unavailable ranges
[    0.044783] On node 0, zone DMA: 97 pages in unavailable ranges
[    0.049347] On node 0, zone DMA32: 32 pages in unavailable ranges
[    0.050791] ACPI: PM-Timer IO Port: 0x608
[    0.051395] ACPI: LAPIC_NMI (acpi_id[0xff] dfl dfl lint[0x1])
[    0.052282] IOAPIC[0]: apic_id 0, version 17, address 0xfec00000, GSI 0-23
[    0.053299] ACPI: INT_SRC_OVR (bus 0 bus_irq 0 global_irq 2 dfl dfl)
[    0.054227] ACPI: INT_SRC_OVR (bus 0 bus_irq 5 global_irq 5 high level)
[    0.055189] ACPI: INT_SRC_OVR (bus 0 bus_irq 9 global_irq 9 high level)
[    0.056152] ACPI: INT_SRC_OVR (bus 0 bus_irq 10 global_irq 10 high level)
[    0.057145] ACPI: INT_SRC_OVR (bus 0 bus_irq 11 global_irq 11 high level)
[    0.058138] ACPI: Using ACPI (MADT) for SMP configuration information
[    0.059075] ACPI: HPET id: 0x8086a201 base: 0xfed00000
[    0.059825] TSC deadline timer available
[    0.060399] CPU topo: Max. logical packages:   1
[    0.061075] CPU topo: Max. logical dies:       1
[    0.061746] CPU topo: Max. dies per package:   1
[    0.062420] CPU topo: Max. threads per core:   1
[    0.063092] CPU topo: Num. cores per package:    56
[    0.063802] CPU topo: Num. threads per package:  56
[    0.064510] CPU topo: Allowing 56 present CPUs plus 0 hotplug CPUs
[    0.065438] kvm-guest: APIC: eoi() replaced with kvm_guest_apic_eoi_write()
[    0.066465] kvm-guest: KVM setup pv remote TLB flush
[    0.067190] kvm-guest: setup PV sched yield
[    0.067803] PM: hibernation: Registered nosave memory: [mem 0x00000000-0x00000fff]
[    0.068908] PM: hibernation: Registered nosave memory: [mem 0x0009f000-0x0009ffff]
[    0.070007] PM: hibernation: Registered nosave memory: [mem 0x000a0000-0x000effff]
[    0.071108] PM: hibernation: Registered nosave memory: [mem 0x000f0000-0x000fffff]
[    0.072207] [mem 0x40000000-0xfeffbfff] available for PCI devices
[    0.073098] Booting paravirtualized kernel on KVM
[    0.073787] clocksource: refined-jiffies: mask: 0xffffffff max_cycles: 0xffffffff, max_idle_ns: 1910969940391419 ns
[    0.082863] setup_percpu: NR_CPUS:64 nr_cpumask_bits:56 nr_cpu_ids:56 nr_node_ids:1
[    0.088812] percpu: Embedded 58 pages/cpu s198360 r8192 d31016 u262144
[    0.089899] Kernel command line: virtme_hostname=virtme-ng nr_open=1048576 virtme_link_mods=/nipa-data/kernel/.virtme_mods/lib/modules/0.0.0 virtme_initmount0=nipa-data/kernel virtme_rw_overlay0=/etc virtme_rw_overlay1=/lib virtme_rw_overlay2=/home virtme_rw_overlay3=/opt virtme_rw_overlay4=/srv virtme_rw_overlay5=/usr virtme_rw_overlay6=/var console=hvc0 earlyprintk=serial,ttyS0,115200 virtme_console=ttyS0 psmouse.proto=exps TERM=xterm virtme_chdir=nipa-data/kernel virtme_root_user=1 rootfstype=9p rootflags=version=9p2000.L,trans=virtio,access=any raid=noautodetect ro init=/usr/lib/python3/dist-packages/virtme/guest/virtme-init
[    0.098297] Unknown kernel command line parameters "virtme_hostname=virtme-ng nr_open=1048576 virtme_link_mods=/nipa-data/kernel/.virtme_mods/lib/modules/0.0.0 virtme_initmount0=nipa-data/kernel virtme_rw_overlay0=/etc virtme_rw_overlay1=/lib virtme_rw_overlay2=/home virtme_rw_overlay3=/opt virtme_rw_overlay4=/srv virtme_rw_overlay5=/usr virtme_rw_overlay6=/var virtme_console=ttyS0 virtme_chdir=nipa-data/kernel virtme_root_user=1", will be passed to user space.
[    0.104413] random: crng init done
[    0.104927] printk: log_buf_len individual max cpu contribution: 4096 bytes
[    0.105952] printk: log_buf_len total cpu_extra contributions: 225280 bytes
[    0.106976] printk: log_buf_len min size: 262144 bytes
[    0.108374] printk: log_buf_len: 524288 bytes
[    0.109073] printk: early log buf free: 254024(96%)
[    0.110226] Dentry cache hash table entries: 131072 (order: 8, 1048576 bytes, linear)
[    0.111436] Inode-cache hash table entries: 65536 (order: 7, 524288 bytes, linear)
[    0.113472] Fallback order for Node 0: 0 
[    0.113481] Built 1 zonelists, mobility grouping on.  Total pages: 262014
[    0.114999] Policy zone: DMA32
[    0.115426] mem auto-init: stack:all(zero), heap alloc:off, heap free:off
[    0.120053] SLUB: HWalign=64, Order=0-3, MinObjects=0, CPUs=56, Nodes=1
Poking KASLR using RDRAND RDTSC...
[    0.121530] ftrace: allocating 48253 entries in 189 pages
[    0.136946] ftrace: allocated 189 pages with 6 groups
[    0.138862] Dynamic Preempt: voluntary
[    0.140401] rcu: Preemptible hierarchical RCU implementation.
[    0.141239] rcu: RCU event tracing is enabled.
[    0.141873] rcu: RCU restricting CPUs from NR_CPUS=64 to nr_cpu_ids=56.
[    0.142811] Trampoline variant of Tasks RCU enabled.
[    0.143517] Rude variant of Tasks RCU enabled.
[    0.144149] Tracing variant of Tasks RCU enabled.
[    0.144828] rcu: RCU calculated value of scheduler-enlistment delay is 100 jiffies.
[    0.145897] rcu: Adjusting geometry for rcu_fanout_leaf=16, nr_cpu_ids=56
[    0.146900] RCU Tasks: Setting shift to 6 and lim to 1 rcu_task_cb_adjust=1.
[    0.147894] RCU Tasks Rude: Setting shift to 6 and lim to 1 rcu_task_cb_adjust=1.
[    0.148951] RCU Tasks Trace: Setting shift to 6 and lim to 1 rcu_task_cb_adjust=1.
[    0.153262] NR_IRQS: 4352, nr_irqs: 872, preallocated irqs: 16
[    0.154459] rcu: srcu_init: Setting srcu_struct sizes based on contention.
[    0.155732] Console: colour *CGA 80x25
[    0.156314] ACPI: Core revision 20240322
[    0.157040] clocksource: hpet: mask: 0xffffffff max_cycles: 0xffffffff, max_idle_ns: 19112604467 ns
[    0.158442] APIC: Switch to symmetric I/O mode setup
[    0.159324] APIC: Switched APIC routing to: physical flat
[    0.160403] kvm-guest: APIC: send_IPI_mask() replaced with kvm_send_ipi_mask()
[    0.161532] kvm-guest: APIC: send_IPI_mask_allbutself() replaced with kvm_send_ipi_mask_allbutself()
[    0.162836] kvm-guest: setup PV IPIs
[    0.164880] ..TIMER: vector=0x30 apic1=0 pin1=2 apic2=-1 pin2=-1
[    0.166831] clocksource: tsc-early: mask: 0xffffffffffffffff max_cycles: 0x39a85c9bff6, max_idle_ns: 881590591483 ns
[    0.169282] Calibrating delay loop (skipped) preset value.. 4000.00 BogoMIPS (lpj=2000000)
[    0.170498] x86/cpu: User Mode Instruction Prevention (UMIP) activated
[    0.171403] Last level iTLB entries: 4KB 0, 2MB 0, 4MB 0
[    0.172278] Last level dTLB entries: 4KB 0, 2MB 0, 4MB 0, 1GB 0
[    0.173295] Spectre V1 : Mitigation: usercopy/swapgs barriers and __user pointer sanitization
[    0.174285] Spectre V2 : Spectre BHI mitigation: SW BHB clearing on syscall and VM exit
[    0.175285] Spectre V2 : Mitigation: Enhanced / Automatic IBRS
[    0.176278] Spectre V2 : Spectre v2 / SpectreRSB mitigation: Filling RSB on context switch
[    0.177285] Spectre V2 : Spectre v2 / PBRSB-eIBRS: Retire a single CALL on VMEXIT
[    0.178290] Spectre V2 : mitigation: Enabling conditional Indirect Branch Prediction Barrier
[    0.179288] Speculative Store Bypass: Mitigation: Speculative Store Bypass disabled via prctl
[    0.180285] TAA: Mitigation: TSX disabled
[    0.181369] x86/fpu: Supporting XSAVE feature 0x001: 'x87 floating point registers'
[    0.182284] x86/fpu: Supporting XSAVE feature 0x002: 'SSE registers'
[    0.183284] x86/fpu: Supporting XSAVE feature 0x004: 'AVX registers'
[    0.184284] x86/fpu: Supporting XSAVE feature 0x020: 'AVX-512 opmask'
[    0.185284] x86/fpu: Supporting XSAVE feature 0x040: 'AVX-512 Hi256'
[    0.186284] x86/fpu: Supporting XSAVE feature 0x080: 'AVX-512 ZMM_Hi256'
[    0.187285] x86/fpu: Supporting XSAVE feature 0x200: 'Protection Keys User registers'
[    0.188284] x86/fpu: Supporting XSAVE feature 0x20000: 'AMX Tile config'
[    0.189284] x86/fpu: Supporting XSAVE feature 0x40000: 'AMX Tile data'
[    0.190284] x86/fpu: xstate_offset[2]:  576, xstate_sizes[2]:  256
[    0.191284] x86/fpu: xstate_offset[5]:  832, xstate_sizes[5]:   64
[    0.192284] x86/fpu: xstate_offset[6]:  896, xstate_sizes[6]:  512
[    0.193285] x86/fpu: xstate_offset[7]: 1408, xstate_sizes[7]: 1024
[    0.194285] x86/fpu: xstate_offset[9]: 2432, xstate_sizes[9]:    8
[    0.195285] x86/fpu: xstate_offset[17]: 2496, xstate_sizes[17]:   64
[    0.196285] x86/fpu: xstate_offset[18]: 2560, xstate_sizes[18]: 8192
[    0.197284] x86/fpu: Enabled xstate features 0x602e7, context size is 10752 bytes, using 'compacted' format.
[    0.227723] Freeing SMP alternatives memory: 40K
[    0.228281] pid_max: default: 57344 minimum: 448
[    0.229399] Mount-cache hash table entries: 2048 (order: 2, 16384 bytes, linear)
[    0.230289] Mountpoint-cache hash table entries: 2048 (order: 2, 16384 bytes, linear)
[    0.231786] smpboot: CPU0: Intel(R) Xeon(R) Platinum 8480+ (family: 0x6, model: 0x8f, stepping: 0x6)
[    0.232528] Performance Events: PEBS fmt0-, Sapphire Rapids events, full-width counters, Intel PMU driver.
[    0.233283] ... version:                2
[    0.234092] ... bit width:              48
[    0.234280] ... generic registers:      8
[    0.235095] ... value mask:             0000ffffffffffff
[    0.235280] ... max period:             00007fffffffffff
[    0.236280] ... fixed-purpose events:   3
[    0.237085] ... event mask:             00000007000000ff
[    0.237530] signal: max sigframe size: 11952
[    0.238306] rcu: Hierarchical SRCU implementation.
[    0.239280] rcu: Max phase no-delay instances is 400.
[    0.240317] Timer migration: 2 hierarchy levels; 8 children per group; 2 crossnode level
[    0.242352] smp: Bringing up secondary CPUs ...
[    0.243403] smpboot: x86: Booting SMP configuration:
[    0.244283] .... node  #0, CPUs:        #1  #2  #3  #4  #5  #6  #7  #8  #9 #10 #11 #12 #13 #14 #15 #16 #17 #18 #19 #20 #21 #22 #23 #24 #25 #26 #27 #28 #29 #30 #31 #32 #33 #34 #35 #36 #37 #38 #39 #40 #41 #42 #43 #44 #45 #46 #47 #48 #49 #50 #51 #52 #53 #54 #55
[    0.299801] smp: Brought up 1 node, 56 CPUs
[    0.301148] smpboot: Total of 56 processors activated (224000.00 BogoMIPS)
[    0.312326] Memory: 951208K/1048056K available (16384K kernel code, 2432K rwdata, 6236K rodata, 3104K init, 1932K bss, 72252K reserved, 0K cma-reserved)
[    0.313417] devtmpfs: initialized
[    0.314332] x86/mm: Memory block size: 128MB
[    0.316531] clocksource: jiffies: mask: 0xffffffff max_cycles: 0xffffffff, max_idle_ns: 1911260446275000 ns
[    0.317284] futex hash table entries: 16384 (order: 8, 1048576 bytes, linear)
[    0.318641] PM: RTC time: 12:08:06, date: 2024-09-17
[    0.321579] NET: Registered PF_NETLINK/PF_ROUTE protocol family
[    0.322475] thermal_sys: Registered thermal governor 'step_wise'
[    0.322477] thermal_sys: Registered thermal governor 'user_space'
[    0.323316] cpuidle: using governor menu
[    0.327514] PCI: Using configuration type 1 for base access
[    0.328372] kprobes: kprobe jump-optimization is enabled. All kprobes are optimized if possible.
[    0.371736] HugeTLB: registered 1.00 GiB page size, pre-allocated 0 pages
[    0.374284] HugeTLB: 16380 KiB vmemmap can be freed for a 1.00 GiB page
[    0.376282] HugeTLB: registered 2.00 MiB page size, pre-allocated 0 pages
[    0.377280] HugeTLB: 28 KiB vmemmap can be freed for a 2.00 MiB page
[    0.379463] ACPI: Added _OSI(Module Device)
[    0.380281] ACPI: Added _OSI(Processor Device)
[    0.381280] ACPI: Added _OSI(3.0 _SCP Extensions)
[    0.383280] ACPI: Added _OSI(Processor Aggregator Device)
[    0.385153] ACPI: 1 ACPI AML tables successfully acquired and loaded
[    0.389601] ACPI: Interpreter enabled
[    0.390296] ACPI: PM: (supports S0 S3 S4 S5)
[    0.391281] ACPI: Using IOAPIC for interrupt routing
[    0.393297] PCI: Using host bridge windows from ACPI; if necessary, use "pci=nocrs" and report a bug
[    0.395280] PCI: Using E820 reservations for host bridge windows
[    0.396423] ACPI: Enabled 2 GPEs in block 00 to 0F
[    0.401664] ACPI: PCI Root Bridge [PCI0] (domain 0000 [bus 00-ff])
[    0.403283] acpi PNP0A03:00: _OSC: OS supports [ASPM ClockPM Segments MSI HPX-Type3]
[    0.404280] acpi PNP0A03:00: _OSC: not requesting OS control; OS requires [ExtendedConfig ASPM ClockPM MSI]
[    0.406285] acpi PNP0A03:00: fail to add MMCONFIG information, can't access extended configuration space under this bridge
[    0.408385] PCI host bridge to bus 0000:00
[    0.409235] pci_bus 0000:00: root bus resource [io  0x0000-0x0cf7 window]
[    0.410280] pci_bus 0000:00: root bus resource [io  0x0d00-0xffff window]
[    0.411280] pci_bus 0000:00: root bus resource [mem 0x000a0000-0x000bffff window]
[    0.413280] pci_bus 0000:00: root bus resource [mem 0x40000000-0xfebfffff window]
[    0.414282] pci_bus 0000:00: root bus resource [mem 0x100000000-0x17fffffff window]
[    0.415281] pci_bus 0000:00: root bus resource [bus 00-ff]
[    0.416330] pci 0000:00:00.0: [8086:1237] type 00 class 0x060000 conventional PCI endpoint
[    0.418810] pci 0000:00:01.0: [8086:7000] type 00 class 0x060100 conventional PCI endpoint
[    0.420976] pci 0000:00:01.1: [8086:7010] type 00 class 0x010180 conventional PCI endpoint
[    0.425533] pci 0000:00:01.1: BAR 4 [io  0xc0c0-0xc0cf]
[    0.428076] pci 0000:00:01.1: BAR 0 [io  0x01f0-0x01f7]: legacy IDE quirk
[    0.429281] pci 0000:00:01.1: BAR 1 [io  0x03f6]: legacy IDE quirk
[    0.430280] pci 0000:00:01.1: BAR 2 [io  0x0170-0x0177]: legacy IDE quirk
[    0.431280] pci 0000:00:01.1: BAR 3 [io  0x0376]: legacy IDE quirk
[    0.432509] pci 0000:00:01.3: [8086:7113] type 00 class 0x068000 conventional PCI endpoint
[    0.434849] pci 0000:00:01.3: quirk: [io  0x0600-0x063f] claimed by PIIX4 ACPI
[    0.436289] pci 0000:00:01.3: quirk: [io  0x0700-0x070f] claimed by PIIX4 SMB
[    0.437651] pci 0000:00:02.0: [1af4:1009] type 00 class 0x000200 conventional PCI endpoint
[    0.440282] pci 0000:00:02.0: BAR 0 [io  0xc000-0xc03f]
[    0.443281] pci 0000:00:02.0: BAR 1 [mem 0xfebfc000-0xfebfcfff]
[    0.447285] pci 0000:00:02.0: BAR 4 [mem 0xfebf0000-0xfebf3fff 64bit pref]
[    0.451427] pci 0000:00:03.0: [1af4:1009] type 00 class 0x000200 conventional PCI endpoint
[    0.454163] pci 0000:00:03.0: BAR 0 [io  0xc040-0xc07f]
[    0.457220] pci 0000:00:03.0: BAR 1 [mem 0xfebfd000-0xfebfdfff]
[    0.461283] pci 0000:00:03.0: BAR 4 [mem 0xfebf4000-0xfebf7fff 64bit pref]
[    0.466485] pci 0000:00:04.0: [8086:25ab] type 00 class 0x088000 conventional PCI endpoint
[    0.468751] pci 0000:00:04.0: BAR 0 [mem 0xfebfe000-0xfebfe00f]
[    0.471663] pci 0000:00:05.0: [1af4:1003] type 00 class 0x078000 conventional PCI endpoint
[    0.474189] pci 0000:00:05.0: BAR 0 [io  0xc080-0xc0bf]
[    0.477161] pci 0000:00:05.0: BAR 1 [mem 0xfebff000-0xfebfffff]
[    0.480283] pci 0000:00:05.0: BAR 4 [mem 0xfebf8000-0xfebfbfff 64bit pref]
[    0.483672] ACPI: PCI: Interrupt link LNKA configured for IRQ 10
[    0.484421] ACPI: PCI: Interrupt link LNKB configured for IRQ 10
[    0.487476] ACPI: PCI: Interrupt link LNKC configured for IRQ 11
[    0.488408] ACPI: PCI: Interrupt link LNKD configured for IRQ 11
[    0.490367] ACPI: PCI: Interrupt link LNKS configured for IRQ 9
[    0.493101] iommu: Default domain type: Translated
[    0.493280] iommu: DMA domain TLB invalidation policy: lazy mode
[    0.494406] SCSI subsystem initialized
[    0.496319] pps_core: LinuxPPS API ver. 1 registered
[    0.497281] pps_core: Software ver. 5.3.6 - Copyright 2005-2007 Rodolfo Giometti <giometti@linux.it>
[    0.498281] PTP clock support registered
[    0.500313] Advanced Linux Sound Architecture Driver Initialized.
[    0.503038] NET: Registered PF_ATMPVC protocol family
[    0.503280] NET: Registered PF_ATMSVC protocol family
[    0.504283] PCI: Using ACPI for IRQ routing
[    0.505327] vgaarb: loaded
[    0.506361] hpet0: at MMIO 0xfed00000, IRQs 2, 8, 0
[    0.507280] hpet0: 3 comparators, 64-bit 100.000000 MHz counter
[    0.513331] clocksource: Switched to clocksource kvm-clock
[    0.514707] VFS: Disk quotas dquot_6.6.0
[    0.515531] VFS: Dquot-cache hash table entries: 512 (order 0, 4096 bytes)
[    0.517031] pnp: PnP ACPI init
[    0.518927] pnp: PnP ACPI: found 5 devices
[    0.528700] clocksource: acpi_pm: mask: 0xffffff max_cycles: 0xffffff, max_idle_ns: 2085701024 ns
[    0.530515] NET: Registered PF_INET protocol family
[    0.531548] IP idents hash table entries: 16384 (order: 5, 131072 bytes, linear)
[    0.533401] tcp_listen_portaddr_hash hash table entries: 512 (order: 1, 8192 bytes, linear)
[    0.535076] Table-perturb hash table entries: 65536 (order: 6, 262144 bytes, linear)
[    0.536623] TCP established hash table entries: 8192 (order: 4, 65536 bytes, linear)
[    0.538170] TCP bind hash table entries: 8192 (order: 6, 262144 bytes, linear)
[    0.539635] TCP: Hash tables configured (established 8192 bind 8192)
[    0.540962] UDP hash table entries: 512 (order: 2, 16384 bytes, linear)
[    0.542281] UDP-Lite hash table entries: 512 (order: 2, 16384 bytes, linear)
[    0.543749] NET: Registered PF_UNIX/PF_LOCAL protocol family
[    0.544898] pci_bus 0000:00: resource 4 [io  0x0000-0x0cf7 window]
[    0.546126] pci_bus 0000:00: resource 5 [io  0x0d00-0xffff window]
[    0.547357] pci_bus 0000:00: resource 6 [mem 0x000a0000-0x000bffff window]
[    0.548729] pci_bus 0000:00: resource 7 [mem 0x40000000-0xfebfffff window]
[    0.550086] pci_bus 0000:00: resource 8 [mem 0x100000000-0x17fffffff window]
[    0.551519] pci 0000:00:01.0: PIIX3: Enabling Passive Release
[    0.552674] pci 0000:00:00.0: Limiting direct PCI/PCI transfers
[    0.553935] PCI: CLS 0 bytes, default 64
[    0.570154] RAPL PMU: API unit is 2^-32 Joules, 1 fixed counters, 10737418240 ms ovfl timer
[    0.572127] RAPL PMU: hw unit of domain psys 2^-0 Joules
[    0.993391] kvm_amd: CPU 55 isn't AMD or Hygon
[    0.994599] clocksource: tsc: mask: 0xffffffffffffffff max_cycles: 0x39a85c9bff6, max_idle_ns: 881590591483 ns
[    1.093974] Initialise system trusted keyrings
[    1.095617] workingset: timestamp_bits=56 max_order=18 bucket_order=0
[    1.096997] squashfs: version 4.0 (2009/01/31) Phillip Lougher
[    1.098191] fuse: init (API version 7.40)
[    1.099283] 9p: Installing v9fs 9p2000 file system support
[    1.110966] Key type asymmetric registered
[    1.111796] Asymmetric key parser 'x509' registered
[    1.112800] Block layer SCSI generic (bsg) driver version 0.4 loaded (major 249)
[    1.114300] io scheduler mq-deadline registered
[    1.115220] io scheduler kyber registered
[    1.134069] input: Power Button as /devices/LNXSYSTM:00/LNXPWRBN:00/input/input0
[    1.136016] ACPI: button: Power Button [PWRF]
[    1.137807] Warning: Processor Platform Limit event detected, but not handled.
[    1.141630] Consider compiling CPUfreq support into your kernel.
[    1.179408] ACPI: \_SB_.LNKB: Enabled at IRQ 10
[    1.193680] ACPI: \_SB_.LNKC: Enabled at IRQ 11
[    1.207739] ACPI: \_SB_.LNKA: Enabled at IRQ 10
[    1.210040] Serial: 8250/16550 driver, 4 ports, IRQ sharing enabled
[    1.211510] 00:03: ttyS0 at I/O 0x3f8 (irq = 4, base_baud = 115200) is a 16550A
[    1.245785] Non-volatile memory driver v1.3
[    1.246775] Linux agpgart interface v0.103
[    1.247706] printk: legacy console [hvc0] enabled
[    1.248042] ACPI: bus type drm_connector registered
[    1.249431] printk: legacy bootconsole [earlyser0] disabled
          _      _                                    
   __   _(_)_ __| |_ _ __ ___   ___       _ __   __ _ 
   \ \ / / |  __| __|  _   _ \ / _ \_____|  _ \ / _  |
    \ V /| | |  | |_| | | | | |  __/_____| | | | (_| |
     \_/ |_|_|   \__|_| |_| |_|\___|     |_| |_|\__  |
                                                |___/ 
   kernel version: 6.11.0-virtme x86_64
   (CTRL+d to exit)

root@virtme-ng:/nipa-data/kernel# PS1='xx__-> '
xx__-> env
PWD=/nipa-data/kernel
nr_open=1048576
HOME=/
TERM=xterm
SHLVL=2
XDG_RUNTIME_DIR=/run/user/0
PATH=/bin:/sbin:/usr/bin:/usr/sbin:/usr/local/bin
OLDPWD=/
_=/bin/env
xx__-> 