No EFI environment detected.
early console in extract_kernel
input_data: 0x0000000004ab62b9
input_len: 0x00000000018223a9
output: 0x0000000001000000
output_len: 0x0000000005265c20
kernel_total_size: 0x0000000004e30000
needed_size: 0x0000000005400000
trampoline_32bit: 0x0000000000000000
Physical KASLR using RDRAND RDTSC...
Virtual KASLR using RDRAND RDTSC...

Decompressing Linux... Parsing ELF... Performing relocations... done.
Booting the kernel (entry_offset: 0x0000000000000000).
[    0.000000] Linux version 6.9.0-rc4-virtme (root@5895cad5e8fb) (gcc (Alpine 13.2.1_git20240309) 13.2.1 20240309, GNU ld (GNU Binutils) 2.42) #1 SMP PREEMPT_DYNAMIC Mon Apr 22 03:26:35 UTC 2024
[    0.000000] Command line: virtme_hostname=virtme-ng nr_open=1048576 virtme_link_mods=/nipa-data/kernel/.virtme_mods/lib/modules/0.0.0 virtme_initmount0=nipa-data/kernel virtme_rw_overlay0=/etc virtme_rw_overlay1=/lib virtme_rw_overlay2=/home virtme_rw_overlay3=/opt virtme_rw_overlay4=/srv virtme_rw_overlay5=/usr virtme_rw_overlay6=/var console=hvc0 earlyprintk=serial,ttyS0,115200 virtme_console=ttyS0 psmouse.proto=exps TERM=xterm virtme_chdir=nipa-data/kernel virtme_root_user=1 rootfstype=9p rootflags=version=9p2000.L,trans=virtio,access=any raid=noautodetect ro init=/usr/lib/python3.12/site-packages/virtme/guest/virtme-init
[    0.000000] BIOS-provided physical RAM map:
[    0.000000] BIOS-e820: [mem 0x0000000000000000-0x000000000009fbff] usable
[    0.000000] BIOS-e820: [mem 0x000000000009fc00-0x000000000009ffff] reserved
[    0.000000] BIOS-e820: [mem 0x00000000000f0000-0x00000000000fffff] reserved
[    0.000000] BIOS-e820: [mem 0x0000000000100000-0x000000003ffdffff] usable
[    0.000000] BIOS-e820: [mem 0x000000003ffe0000-0x000000003fffffff] reserved
[    0.000000] BIOS-e820: [mem 0x00000000feffc000-0x00000000feffffff] reserved
[    0.000000] BIOS-e820: [mem 0x00000000fffc0000-0x00000000ffffffff] reserved
[    0.000000] BIOS-e820: [mem 0x000000fd00000000-0x000000ffffffffff] reserved
[    0.000000] printk: legacy bootconsole [earlyser0] enabled
[    0.000000] NX (Execute Disable) protection: active
[    0.000000] APIC: Static calls initialized
[    0.000000] SMBIOS 3.0.0 present.
[    0.000000] DMI: QEMU Standard PC (i440FX + PIIX, 1996), BIOS rel-1.16.3-0-ga6ed6b701f0a-prebuilt.qemu.org 04/01/2014
[    0.000000] Hypervisor detected: KVM
[    0.000000] kvm-clock: Using msrs 4b564d01 and 4b564d00
[    0.000000] kvm-clock: using sched offset of 358155083 cycles
[    0.000396] clocksource: kvm-clock: mask: 0xffffffffffffffff max_cycles: 0x1cd42e4dffb, max_idle_ns: 881590591483 ns
[    0.001632] tsc: Detected 4491.556 MHz processor
[    0.002345] last_pfn = 0x3ffe0 max_arch_pfn = 0x400000000
[    0.002780] MTRR map: 4 entries (3 fixed + 1 variable; max 19), built from 8 variable MTRRs
[    0.003410] x86/PAT: Configuration [0-7]: WB  WC  UC- UC  WB  WP  UC- WT  
[    0.005450] found SMP MP-table at [mem 0x000f5470-0x000f547f]
[    0.005891] Using GB pages for direct mapping
[    0.006470] ACPI: Early table checksum verification disabled
[    0.006899] ACPI: RSDP 0x00000000000F5290 000014 (v00 BOCHS )
[    0.007336] ACPI: RSDT 0x000000003FFE27BC 000034 (v01 BOCHS  BXPC     00000001 BXPC 00000001)
[    0.007988] ACPI: FACP 0x000000003FFE2578 000074 (v01 BOCHS  BXPC     00000001 BXPC 00000001)
[    0.008640] ACPI: DSDT 0x000000003FFE0040 002538 (v01 BOCHS  BXPC     00000001 BXPC 00000001)
[    0.009287] ACPI: FACS 0x000000003FFE0000 000040
[    0.009638] ACPI: APIC 0x000000003FFE25EC 000170 (v03 BOCHS  BXPC     00000001 BXPC 00000001)
[    0.010284] ACPI: HPET 0x000000003FFE275C 000038 (v01 BOCHS  BXPC     00000001 BXPC 00000001)
[    0.010930] ACPI: WAET 0x000000003FFE2794 000028 (v01 BOCHS  BXPC     00000001 BXPC 00000001)
[    0.011579] ACPI: Reserving FACP table memory at [mem 0x3ffe2578-0x3ffe25eb]
[    0.012111] ACPI: Reserving DSDT table memory at [mem 0x3ffe0040-0x3ffe2577]
[    0.012646] ACPI: Reserving FACS table memory at [mem 0x3ffe0000-0x3ffe003f]
[    0.013179] ACPI: Reserving APIC table memory at [mem 0x3ffe25ec-0x3ffe275b]
[    0.013715] ACPI: Reserving HPET table memory at [mem 0x3ffe275c-0x3ffe2793]
[    0.014247] ACPI: Reserving WAET table memory at [mem 0x3ffe2794-0x3ffe27bb]
[    0.014979] No NUMA configuration found
[    0.015269] Faking a node at [mem 0x0000000000000000-0x000000003ffdffff]
[    0.015776] NODE_DATA(0) allocated [mem 0x3ffdb000-0x3ffdffff]
[    0.016235] Zone ranges:
[    0.016427]   DMA      [mem 0x0000000000001000-0x0000000000ffffff]
[    0.016898]   DMA32    [mem 0x0000000001000000-0x000000003ffdffff]
[    0.017364]   Normal   empty
[    0.017582]   Device   empty
[    0.017800] Movable zone start for each node
[    0.018122] Early memory node ranges
[    0.018391]   node   0: [mem 0x0000000000001000-0x000000000009efff]
[    0.018864]   node   0: [mem 0x0000000000100000-0x000000003ffdffff]
[    0.019337] Initmem setup node 0 [mem 0x0000000000001000-0x000000003ffdffff]
[    0.019872] On node 0, zone DMA: 1 pages in unavailable ranges
[    0.020370] On node 0, zone DMA: 97 pages in unavailable ranges
[    0.025127] On node 0, zone DMA32: 32 pages in unavailable ranges
[    0.034760] kasan: KernelAddressSanitizer initialized
[    0.035380] ACPI: PM-Timer IO Port: 0x608
[    0.035693] ACPI: LAPIC_NMI (acpi_id[0xff] dfl dfl lint[0x1])
[    0.036150] IOAPIC[0]: apic_id 0, version 17, address 0xfec00000, GSI 0-23
[    0.036681] ACPI: INT_SRC_OVR (bus 0 bus_irq 0 global_irq 2 dfl dfl)
[    0.037162] ACPI: INT_SRC_OVR (bus 0 bus_irq 5 global_irq 5 high level)
[    0.037663] ACPI: INT_SRC_OVR (bus 0 bus_irq 9 global_irq 9 high level)
[    0.038163] ACPI: INT_SRC_OVR (bus 0 bus_irq 10 global_irq 10 high level)
[    0.038676] ACPI: INT_SRC_OVR (bus 0 bus_irq 11 global_irq 11 high level)
[    0.039190] ACPI: Using ACPI (MADT) for SMP configuration information
[    0.039680] ACPI: HPET id: 0x8086a201 base: 0xfed00000
[    0.040068] TSC deadline timer available
[    0.040366] CPU topo: Max. logical packages:   1
[    0.040718] CPU topo: Max. logical dies:       1
[    0.041066] CPU topo: Max. dies per package:   1
[    0.041415] CPU topo: Max. threads per core:   1
[    0.041764] CPU topo: Num. cores per package:    32
[    0.042132] CPU topo: Num. threads per package:  32
[    0.042501] CPU topo: Allowing 32 present CPUs plus 0 hotplug CPUs
[    0.042982] kvm-guest: APIC: eoi() replaced with kvm_guest_apic_eoi_write()
[    0.043518] kvm-guest: KVM setup pv remote TLB flush
[    0.043894] kvm-guest: setup PV sched yield
[    0.044216] PM: hibernation: Registered nosave memory: [mem 0x00000000-0x00000fff]
[    0.044791] PM: hibernation: Registered nosave memory: [mem 0x0009f000-0x0009ffff]
[    0.045377] PM: hibernation: Registered nosave memory: [mem 0x000a0000-0x000effff]
[    0.045945] PM: hibernation: Registered nosave memory: [mem 0x000f0000-0x000fffff]
[    0.046515] [mem 0x40000000-0xfeffbfff] available for PCI devices
[    0.046972] Booting paravirtualized kernel on KVM
[    0.047327] clocksource: refined-jiffies: mask: 0xffffffff max_cycles: 0xffffffff, max_idle_ns: 1910969940391419 ns
[    0.056236] setup_percpu: NR_CPUS:64 nr_cpumask_bits:32 nr_cpu_ids:32 nr_node_ids:1
[    0.058081] percpu: Embedded 70 pages/cpu s248616 r8192 d29912 u524288
[    0.058633] Kernel command line: virtme_hostname=virtme-ng nr_open=1048576 virtme_link_mods=/nipa-data/kernel/.virtme_mods/lib/modules/0.0.0 virtme_initmount0=nipa-data/kernel virtme_rw_overlay0=/etc virtme_rw_overlay1=/lib virtme_rw_overlay2=/home virtme_rw_overlay3=/opt virtme_rw_overlay4=/srv virtme_rw_overlay5=/usr virtme_rw_overlay6=/var console=hvc0 earlyprintk=serial,ttyS0,115200 virtme_console=ttyS0 psmouse.proto=exps TERM=xterm virtme_chdir=nipa-data/kernel virtme_root_user=1 rootfstype=9p rootflags=version=9p2000.L,trans=virtio,access=any raid=noautodetect ro init=/usr/lib/python3.12/site-packages/virtme/guest/virtme-init
[    0.063084] Unknown kernel command line parameters "virtme_hostname=virtme-ng nr_open=1048576 virtme_link_mods=/nipa-data/kernel/.virtme_mods/lib/modules/0.0.0 virtme_initmount0=nipa-data/kernel virtme_rw_overlay0=/etc virtme_rw_overlay1=/lib virtme_rw_overlay2=/home virtme_rw_overlay3=/opt virtme_rw_overlay4=/srv virtme_rw_overlay5=/usr virtme_rw_overlay6=/var virtme_console=ttyS0 virtme_chdir=nipa-data/kernel virtme_root_user=1", will be passed to user space.
[    0.066428] random: crng init done
[    0.066725] Dentry cache hash table entries: 131072 (order: 8, 1048576 bytes, linear)
[    0.067354] Inode-cache hash table entries: 65536 (order: 7, 524288 bytes, linear)
[    0.068396] Fallback order for Node 0: 0 
[    0.068401] Built 1 zonelists, mobility grouping on.  Total pages: 257760
[    0.069237] Policy zone: DMA32
[    0.069473] mem auto-init: stack:all(zero), heap alloc:off, heap free:off
[    0.069998] stackdepot: allocating hash table via alloc_large_system_hash
[    0.070526] stackdepot hash table entries: 1048576 (order: 12, 16777216 bytes, linear)
[    0.078583] Memory: 781072K/1048056K available (43008K kernel code, 11123K rwdata, 9736K rodata, 5836K init, 2404K bss, 266728K reserved, 0K cma-reserved)
[    0.079838] SLUB: HWalign=64, Order=0-3, MinObjects=0, CPUs=32, Nodes=1
Poking KASLR using RDRAND RDTSC...
[    0.080659] ftrace: allocating 47699 entries in 187 pages
[    0.089596] ftrace: allocated 187 pages with 6 groups
[    0.090867] Dynamic Preempt: voluntary
[    0.091642] rcu: Preemptible hierarchical RCU implementation.
[    0.092090] rcu: RCU event tracing is enabled.
[    0.092441] rcu: RCU restricting CPUs from NR_CPUS=64 to nr_cpu_ids=32.
[    0.092965] Trampoline variant of Tasks RCU enabled.
[    0.093357] Rude variant of Tasks RCU enabled.
[    0.093708] Tracing variant of Tasks RCU enabled.
[    0.094079] rcu: RCU calculated value of scheduler-enlistment delay is 100 jiffies.
[    0.094677] rcu: Adjusting geometry for rcu_fanout_leaf=16, nr_cpu_ids=32
[    0.095243] RCU Tasks: Setting shift to 5 and lim to 1 rcu_task_cb_adjust=1.
[    0.095792] RCU Tasks Rude: Setting shift to 5 and lim to 1 rcu_task_cb_adjust=1.
[    0.096374] RCU Tasks Trace: Setting shift to 5 and lim to 1 rcu_task_cb_adjust=1.
[    0.105262] NR_IRQS: 4352, nr_irqs: 680, preallocated irqs: 16
[    0.105975] rcu: srcu_init: Setting srcu_struct sizes based on contention.
[    0.106722] Console: colour *CGA 80x25
[    0.107035] ACPI: Core revision 20230628
[    0.107495] clocksource: hpet: mask: 0xffffffff max_cycles: 0xffffffff, max_idle_ns: 19112604467 ns
[    0.108259] APIC: Switch to symmetric I/O mode setup
[    0.108647] APIC: Switched APIC routing to: physical flat
[    0.109062] kvm-guest: APIC: send_IPI_mask() replaced with kvm_send_ipi_mask()
[    0.109608] kvm-guest: APIC: send_IPI_mask_allbutself() replaced with kvm_send_ipi_mask_allbutself()
[    0.110315] kvm-guest: setup PV IPIs
[    0.111475] ..TIMER: vector=0x30 apic1=0 pin1=2 apic2=-1 pin2=-1
[    0.112308] tsc: Marking TSC unstable due to TSCs unsynchronized
[    0.113116] Calibrating delay loop (skipped) preset value.. 8983.11 BogoMIPS (lpj=4491556)
[    0.115182] x86/cpu: User Mode Instruction Prevention (UMIP) activated
[    0.116119] Last level iTLB entries: 4KB 512, 2MB 255, 4MB 127
[    0.116896] Last level dTLB entries: 4KB 512, 2MB 255, 4MB 127, 1GB 0
[    0.117120] Spectre V1 : Mitigation: usercopy/swapgs barriers and __user pointer sanitization
[    0.118119] Spectre V2 : Mitigation: Enhanced / Automatic IBRS
[    0.119114] Spectre V2 : Spectre v2 / SpectreRSB mitigation: Filling RSB on context switch
[    0.120116] Spectre V2 : mitigation: Enabling conditional Indirect Branch Prediction Barrier
[    0.121116] Speculative Store Bypass: Mitigation: Speculative Store Bypass disabled via prctl
[    0.122115] Speculative Return Stack Overflow: IBPB-extending microcode not applied!
[    0.123114] Speculative Return Stack Overflow: WARNING: See https://kernel.org/doc/html/latest/admin-guide/hw-vuln/srso.html for mitigation options.
[    0.123116] Speculative Return Stack Overflow: Vulnerable: Safe RET, no microcode
[    0.125132] x86/fpu: Supporting XSAVE feature 0x001: 'x87 floating point registers'
[    0.126114] x86/fpu: Supporting XSAVE feature 0x002: 'SSE registers'
[    0.127114] x86/fpu: Supporting XSAVE feature 0x004: 'AVX registers'
[    0.128114] x86/fpu: Supporting XSAVE feature 0x020: 'AVX-512 opmask'
[    0.129114] x86/fpu: Supporting XSAVE feature 0x040: 'AVX-512 Hi256'
[    0.130114] x86/fpu: Supporting XSAVE feature 0x080: 'AVX-512 ZMM_Hi256'
[    0.131114] x86/fpu: Supporting XSAVE feature 0x200: 'Protection Keys User registers'
[    0.132115] x86/fpu: xstate_offset[2]:  576, xstate_sizes[2]:  256
[    0.133114] x86/fpu: xstate_offset[5]:  832, xstate_sizes[5]:   64
[    0.133922] x86/fpu: xstate_offset[6]:  896, xstate_sizes[6]:  512
[    0.134114] x86/fpu: xstate_offset[7]: 1408, xstate_sizes[7]: 1024
[    0.135114] x86/fpu: xstate_offset[9]: 2432, xstate_sizes[9]:    8
[    0.136114] x86/fpu: Enabled xstate features 0x2e7, context size is 2440 bytes, using 'compacted' format.
[    0.159174] Freeing SMP alternatives memory: 40K
[    0.159784] pid_max: default: 32768 minimum: 301
[    0.160265] Mount-cache hash table entries: 2048 (order: 2, 16384 bytes, linear)
[    0.161116] Mountpoint-cache hash table entries: 2048 (order: 2, 16384 bytes, linear)
[    0.163252] smpboot: CPU0: AMD Ryzen 9 7950X 16-Core Processor (family: 0x19, model: 0x61, stepping: 0x2)
[    0.164575] Performance Events: Fam17h+ core perfctr, AMD PMU driver.
[    0.165120] ... version:                0
[    0.165646] ... bit width:              48
[    0.166116] ... generic registers:      6
[    0.166642] ... value mask:             0000ffffffffffff
[    0.167116] ... max period:             00007fffffffffff
[    0.167816] ... fixed-purpose events:   0
[    0.168116] ... event mask:             000000000000003f
[    0.168934] signal: max sigframe size: 3376
[    0.169165] rcu: Hierarchical SRCU implementation.
[    0.169794] rcu: Max phase no-delay instances is 400.
[    0.174330] smp: Bringing up secondary CPUs ...
[    0.175118] smpboot: x86: Booting SMP configuration:
[    0.175767] .... node  #0, CPUs:        #1  #2  #3  #4  #5  #6  #7  #8  #9 #10 #11 #12 #13 #14 #15 #16 #17 #18 #19 #20 #21 #22 #23 #24 #25 #26 #27 #28 #29 #30 #31
[    0.200124] smp: Brought up 1 node, 32 CPUs
[    0.201680] smpboot: Total of 32 processors activated (287459.58 BogoMIPS)
[    0.213379] devtmpfs: initialized
[    0.214301] x86/mm: Memory block size: 128MB
[    0.221385] clocksource: jiffies: mask: 0xffffffff max_cycles: 0xffffffff, max_idle_ns: 1911260446275000 ns
[    0.222201] futex hash table entries: 8192 (order: 7, 524288 bytes, linear)
[    0.223454] PM: RTC time: 03:27:12, date: 2024-04-22
[    0.224858] NET: Registered PF_NETLINK/PF_ROUTE protocol family
[    0.226068] thermal_sys: Registered thermal governor 'step_wise'
[    0.226070] thermal_sys: Registered thermal governor 'user_space'
[    0.226146] cpuidle: using governor menu
[    0.228658] PCI: Using configuration type 1 for base access
[    0.229117] PCI: Using configuration type 1 for extended access
[    0.230054] kprobes: kprobe jump-optimization is enabled. All kprobes are optimized if possible.
[    0.246526] HugeTLB: registered 1.00 GiB page size, pre-allocated 0 pages
[    0.247117] HugeTLB: 16380 KiB vmemmap can be freed for a 1.00 GiB page
[    0.248002] HugeTLB: registered 2.00 MiB page size, pre-allocated 0 pages
[    0.249116] HugeTLB: 28 KiB vmemmap can be freed for a 2.00 MiB page
[    0.250223] Demotion targets for Node 0: null
[    0.251405] ACPI: Added _OSI(Module Device)
[    0.251985] ACPI: Added _OSI(Processor Device)
[    0.252117] ACPI: Added _OSI(3.0 _SCP Extensions)
[    0.252754] ACPI: Added _OSI(Processor Aggregator Device)
[    0.278604] ACPI: 1 ACPI AML tables successfully acquired and loaded
[    0.281300] ACPI: _OSC evaluation for CPUs failed, trying _PDC
[    0.284454] ACPI: Interpreter enabled
[    0.285013] ACPI: PM: (supports S0 S3 S4 S5)
[    0.285118] ACPI: Using IOAPIC for interrupt routing
[    0.285828] PCI: Using host bridge windows from ACPI; if necessary, use "pci=nocrs" and report a bug
[    0.287116] PCI: Using E820 reservations for host bridge windows
[    0.289038] ACPI: Enabled 2 GPEs in block 00 to 0F
[    0.339237] ACPI: PCI Root Bridge [PCI0] (domain 0000 [bus 00-ff])
[    0.340095] acpi PNP0A03:00: _OSC: OS supports [ExtendedConfig ASPM ClockPM Segments MSI HPX-Type3]
[    0.341638] PCI host bridge to bus 0000:00
[    0.342120] pci_bus 0000:00: root bus resource [io  0x0000-0x0cf7 window]
[    0.343019] pci_bus 0000:00: root bus resource [io  0x0d00-0xffff window]
[    0.344119] pci_bus 0000:00: root bus resource [mem 0x000a0000-0x000bffff window]
[    0.345119] pci_bus 0000:00: root bus resource [mem 0x40000000-0xfebfffff window]
[    0.346114] pci_bus 0000:00: root bus resource [mem 0x100000000-0x17fffffff window]
[    0.347119] pci_bus 0000:00: root bus resource [bus 00-ff]
[    0.348005] pci 0000:00:00.0: [8086:1237] type 00 class 0x060000 conventional PCI endpoint
[    0.350020] pci 0000:00:01.0: [8086:7000] type 00 class 0x060100 conventional PCI endpoint
[    0.352060] pci 0000:00:01.1: [8086:7010] type 00 class 0x010180 conventional PCI endpoint
[    0.355613] pci 0000:00:01.1: BAR 4 [io  0xc0c0-0xc0cf]
[    0.357121] pci 0000:00:01.1: BAR 0 [io  0x01f0-0x01f7]: legacy IDE quirk
[    0.358021] pci 0000:00:01.1: BAR 1 [io  0x03f6]: legacy IDE quirk
[    0.359117] pci 0000:00:01.1: BAR 2 [io  0x0170-0x0177]: legacy IDE quirk
[    0.360012] pci 0000:00:01.1: BAR 3 [io  0x0376]: legacy IDE quirk
[    0.361832] pci 0000:00:01.3: [8086:7113] type 00 class 0x068000 conventional PCI endpoint
[    0.362397] pci 0000:00:01.3: quirk: [io  0x0600-0x063f] claimed by PIIX4 ACPI
[    0.365121] pci 0000:00:01.3: quirk: [io  0x0700-0x070f] claimed by PIIX4 SMB
[    0.366831] pci 0000:00:02.0: [1af4:1009] type 00 class 0x000200 conventional PCI endpoint
[    0.369117] pci 0000:00:02.0: BAR 0 [io  0xc000-0xc03f]
[    0.370885] pci 0000:00:02.0: BAR 1 [mem 0xfebfc000-0xfebfcfff]
[    0.377117] pci 0000:00:02.0: BAR 4 [mem 0xfebf0000-0xfebf3fff 64bit pref]
[    0.391836] pci 0000:00:03.0: [1af4:1009] type 00 class 0x000200 conventional PCI endpoint
[    0.394117] pci 0000:00:03.0: BAR 0 [io  0xc040-0xc07f]
[    0.395849] pci 0000:00:03.0: BAR 1 [mem 0xfebfd000-0xfebfdfff]
[    0.402117] pci 0000:00:03.0: BAR 4 [mem 0xfebf4000-0xfebf7fff 64bit pref]
[    0.417708] pci 0000:00:04.0: [8086:25ab] type 00 class 0x088000 conventional PCI endpoint
[    0.419528] pci 0000:00:04.0: BAR 0 [mem 0xfebfe000-0xfebfe00f]
[    0.434825] pci 0000:00:05.0: [1af4:1003] type 00 class 0x078000 conventional PCI endpoint
[    0.437117] pci 0000:00:05.0: BAR 0 [io  0xc080-0xc0bf]
[    0.438869] pci 0000:00:05.0: BAR 1 [mem 0xfebff000-0xfebfffff]
[    0.445117] pci 0000:00:05.0: BAR 4 [mem 0xfebf8000-0xfebfbfff 64bit pref]
[    0.462247] ACPI: PCI: Interrupt link LNKA configured for IRQ 10
[    0.464021] ACPI: PCI: Interrupt link LNKB configured for IRQ 10
[    0.465078] ACPI: PCI: Interrupt link LNKC configured for IRQ 11
[    0.467072] ACPI: PCI: Interrupt link LNKD configured for IRQ 11
[    0.468514] ACPI: PCI: Interrupt link LNKS configured for IRQ 9
[    0.488377] iommu: Default domain type: Translated
[    0.489022] iommu: DMA domain TLB invalidation policy: lazy mode
[    0.490591] SCSI subsystem initialized
[    0.491346] pps_core: LinuxPPS API ver. 1 registered
[    0.492117] pps_core: Software ver. 5.3.6 - Copyright 2005-2007 Rodolfo Giometti <giometti@linux.it>
[    0.493131] PTP clock support registered
[    0.494243] Advanced Linux Sound Architecture Driver Initialized.
[    0.496284] NET: Registered PF_ATMPVC protocol family
[    0.496972] NET: Registered PF_ATMSVC protocol family
[    0.497143] PCI: Using ACPI for IRQ routing
[    0.498165] vgaarb: loaded
[    0.498241] hpet0: at MMIO 0xfed00000, IRQs 2, 8, 0
[    0.498902] hpet0: 3 comparators, 64-bit 100.000000 MHz counter
[    0.504691] clocksource: Switched to clocksource kvm-clock
[    0.505998] VFS: Disk quotas dquot_6.6.0
[    0.506540] VFS: Dquot-cache hash table entries: 512 (order 0, 4096 bytes)
[    0.507648] pnp: PnP ACPI init
[    0.510544] pnp: PnP ACPI: found 5 devices
[    0.522864] clocksource: acpi_pm: mask: 0xffffff max_cycles: 0xffffff, max_idle_ns: 2085701024 ns
[    0.524131] NET: Registered PF_INET protocol family
[    0.524831] IP idents hash table entries: 16384 (order: 5, 131072 bytes, linear)
[    0.526211] tcp_listen_portaddr_hash hash table entries: 512 (order: 1, 8192 bytes, linear)
[    0.527326] Table-perturb hash table entries: 65536 (order: 6, 262144 bytes, linear)
[    0.528370] TCP established hash table entries: 8192 (order: 4, 65536 bytes, linear)
[    0.529405] TCP bind hash table entries: 8192 (order: 6, 262144 bytes, linear)
[    0.530372] TCP: Hash tables configured (established 8192 bind 8192)
[    0.531377] UDP hash table entries: 512 (order: 2, 16384 bytes, linear)
[    0.532299] UDP-Lite hash table entries: 512 (order: 2, 16384 bytes, linear)
[    0.533467] NET: Registered PF_UNIX/PF_LOCAL protocol family
[    0.534236] pci_bus 0000:00: resource 4 [io  0x0000-0x0cf7 window]
[    0.535049] pci_bus 0000:00: resource 5 [io  0x0d00-0xffff window]
[    0.535862] pci_bus 0000:00: resource 6 [mem 0x000a0000-0x000bffff window]
[    0.536771] pci_bus 0000:00: resource 7 [mem 0x40000000-0xfebfffff window]
[    0.537677] pci_bus 0000:00: resource 8 [mem 0x100000000-0x17fffffff window]
[    0.538824] pci 0000:00:01.0: PIIX3: Enabling Passive Release
[    0.539584] pci 0000:00:00.0: Limiting direct PCI/PCI transfers
[    0.540405] PCI: CLS 0 bytes, default 64
[    0.540982] kvm_intel: VMX not supported by CPU 16
[    0.541650] kvm_amd: TSC scaling supported
[    0.542187] kvm_amd: Nested Virtualization enabled
[    0.542820] kvm_amd: Nested Paging enabled
[    0.543379] kvm_amd: Virtual VMLOAD VMSAVE supported
[    0.544033] kvm_amd: Virtual GIF supported
[    0.544573] kvm_amd: Virtual NMI enabled
[    0.545091] kvm_amd: LBR virtualization supported
[    0.656158] Initialise system trusted keyrings
[    0.656937] workingset: timestamp_bits=56 max_order=18 bucket_order=0
[    0.657948] squashfs: version 4.0 (2009/01/31) Phillip Lougher
[    0.658780] fuse: init (API version 7.40)
[    0.659478] 9p: Installing v9fs 9p2000 file system support
[    0.670286] Key type asymmetric registered
[    0.670847] Asymmetric key parser 'x509' registered
[    0.671582] Block layer SCSI generic (bsg) driver version 0.4 loaded (major 249)
[    0.672621] io scheduler mq-deadline registered
[    0.673255] io scheduler kyber registered
[    0.675319] input: Power Button as /devices/LNXSYSTM:00/LNXPWRBN:00/input/input0
[    0.676579] ACPI: button: Power Button [PWRF]
[    0.677319] Warning: Processor Platform Limit event detected, but not handled.
[    0.678295] Consider compiling CPUfreq support into your kernel.
[    1.562507] ACPI: \_SB_.LNKB: Enabled at IRQ 10
[    2.433932] ACPI: \_SB_.LNKC: Enabled at IRQ 11
[    3.397504] ACPI: \_SB_.LNKA: Enabled at IRQ 10
[    3.399120] Serial: 8250/16550 driver, 4 ports, IRQ sharing enabled
[    3.400300] 00:03: ttyS0 at I/O 0x3f8 (irq = 4, base_baud = 115200) is a 16550A
[    3.439169] Non-volatile memory driver v1.3
[    3.439779] Linux agpgart interface v0.103
[    3.440362] printk: legacy console [hvc0] enabled
          _      _                                    
   __   _(_)_ __| |_ _ __ ___   ___       _ __   __ _ 
   \ \ / / |  __| __|  _   _ \ / _ \_____|  _ \ / _  |
    \ V /| | |  | |_| | | | | |  __/_____| | | | (_| |
     \_/ |_|_|   \__|_| |_| |_|\___|     |_| |_|\__  |
                                                |___/ 
   kernel version: 6.9.0-rc4-virtme x86_64
   (CTRL+d to exit)

virtme-ng:/nipa-data/kernel# PS1='xx__-> '
xx__-> env
PWD=/nipa-data/kernel
nr_open=1048576
HOME=/root
TERM=xterm
SHLVL=2
XDG_RUNTIME_DIR=/run/user/0
PATH=/bin:/sbin:/usr/bin:/usr/sbin:/usr/local/bin
OLDPWD=/
_=/usr/bin/env
xx__-> 