No EFI environment detected.
early console in extract_kernel
input_data: 0x0000000002be52c4
input_len: 0x0000000000b6f525
output: 0x0000000001000000
output_len: 0x000000000270cd94
kernel_total_size: 0x0000000002430000
needed_size: 0x0000000002800000
trampoline_32bit: 0x0000000000000000
Physical KASLR using RDRAND RDTSC...
Virtual KASLR using RDRAND RDTSC...

Decompressing Linux... Parsing ELF... Performing relocations... done.
Booting the kernel (entry_offset: 0x0000000000000000).
[    0.000000] Linux version 6.12.0-rc2-virtme (root@6a9388554621) (gcc (Ubuntu 13.2.0-23ubuntu4) 13.2.0, GNU ld (GNU Binutils for Ubuntu) 2.42) #1 SMP PREEMPT_DYNAMIC Fri Oct 18 00:06:24 UTC 2024
[    0.000000] Command line: virtme_hostname=virtme-ng nr_open=1048576 virtme_link_mods=/nipa-data/kernel/.virtme_mods/lib/modules/0.0.0 virtme_initmount0=nipa-data/kernel virtme_rw_overlay0=/etc virtme_rw_overlay1=/lib virtme_rw_overlay2=/home virtme_rw_overlay3=/opt virtme_rw_overlay4=/srv virtme_rw_overlay5=/usr virtme_rw_overlay6=/var console=hvc0 earlyprintk=serial,ttyS0,115200 virtme_console=ttyS0 psmouse.proto=exps TERM=xterm virtme_chdir=nipa-data/kernel virtme_root_user=1 rootfstype=9p rootflags=version=9p2000.L,trans=virtio,access=any raid=noautodetect ro init=/usr/lib/python3/dist-packages/virtme/guest/virtme-init
[    0.000000] BIOS-provided physical RAM map:
[    0.000000] BIOS-e820: [mem 0x0000000000000000-0x000000000009fbff] usable
[    0.000000] BIOS-e820: [mem 0x000000000009fc00-0x000000000009ffff] reserved
[    0.000000] BIOS-e820: [mem 0x00000000000f0000-0x00000000000fffff] reserved
[    0.000000] BIOS-e820: [mem 0x0000000000100000-0x000000003ffdffff] usable
[    0.000000] BIOS-e820: [mem 0x000000003ffe0000-0x000000003fffffff] reserved
[    0.000000] BIOS-e820: [mem 0x00000000feffc000-0x00000000feffffff] reserved
[    0.000000] BIOS-e820: [mem 0x00000000fffc0000-0x00000000ffffffff] reserved
[    0.000000] BIOS-e820: [mem 0x000000fd00000000-0x000000ffffffffff] reserved
[    0.000000] printk: legacy bootconsole [earlyser0] enabled
[    0.000000] NX (Execute Disable) protection: active
[    0.000000] APIC: Static calls initialized
[    0.000000] SMBIOS 3.0.0 present.
[    0.000000] DMI: QEMU Ubuntu 24.04 PC (i440FX + PIIX, 1996), BIOS 1.16.3-debian-1.16.3-2 04/01/2014
[    0.000000] DMI: Memory slots populated: 1/1
[    0.000000] Hypervisor detected: KVM
[    0.000000] kvm-clock: Using msrs 4b564d01 and 4b564d00
[    0.000000] kvm-clock: using sched offset of 189965125 cycles
[    0.000334] clocksource: kvm-clock: mask: 0xffffffffffffffff max_cycles: 0x1cd42e4dffb, max_idle_ns: 881590591483 ns
[    0.001375] tsc: Detected 4491.560 MHz processor
[    0.001917] last_pfn = 0x3ffe0 max_arch_pfn = 0x400000000
[    0.002285] MTRR map: 4 entries (3 fixed + 1 variable; max 19), built from 8 variable MTRRs
[    0.002819] x86/PAT: Configuration [0-7]: WB  WC  UC- UC  WB  WP  UC- WT  
Memory KASLR using RDRAND RDTSC...
[    0.004663] found SMP MP-table at [mem 0x000f5470-0x000f547f]
[    0.005037] Using GB pages for direct mapping
[    0.005386] ACPI: Early table checksum verification disabled
[    0.005749] ACPI: RSDP 0x00000000000F5290 000014 (v00 BOCHS )
[    0.006122] ACPI: RSDT 0x000000003FFE27BC 000034 (v01 BOCHS  BXPC     00000001 BXPC 00000001)
[    0.006668] ACPI: FACP 0x000000003FFE2578 000074 (v01 BOCHS  BXPC     00000001 BXPC 00000001)
[    0.007217] ACPI: DSDT 0x000000003FFE0040 002538 (v01 BOCHS  BXPC     00000001 BXPC 00000001)
[    0.007761] ACPI: FACS 0x000000003FFE0000 000040
[    0.008056] ACPI: APIC 0x000000003FFE25EC 000170 (v03 BOCHS  BXPC     00000001 BXPC 00000001)
[    0.008599] ACPI: HPET 0x000000003FFE275C 000038 (v01 BOCHS  BXPC     00000001 BXPC 00000001)
[    0.009143] ACPI: WAET 0x000000003FFE2794 000028 (v01 BOCHS  BXPC     00000001 BXPC 00000001)
[    0.009686] ACPI: Reserving FACP table memory at [mem 0x3ffe2578-0x3ffe25eb]
[    0.010141] ACPI: Reserving DSDT table memory at [mem 0x3ffe0040-0x3ffe2577]
[    0.010591] ACPI: Reserving FACS table memory at [mem 0x3ffe0000-0x3ffe003f]
[    0.011043] ACPI: Reserving APIC table memory at [mem 0x3ffe25ec-0x3ffe275b]
[    0.011493] ACPI: Reserving HPET table memory at [mem 0x3ffe275c-0x3ffe2793]
[    0.011943] ACPI: Reserving WAET table memory at [mem 0x3ffe2794-0x3ffe27bb]
[    0.012518] No NUMA configuration found
[    0.012762] Faking a node at [mem 0x0000000000000000-0x000000003ffdffff]
[    0.013189] NODE_DATA(0) allocated [mem 0x3ffdb780-0x3ffdffff]
[    0.013567] Zone ranges:
[    0.013728]   DMA      [mem 0x0000000000001000-0x0000000000ffffff]
[    0.014121]   DMA32    [mem 0x0000000001000000-0x000000003ffdffff]
[    0.014516]   Normal   empty
[    0.014699]   Device   empty
[    0.014882] Movable zone start for each node
[    0.015153] Early memory node ranges
[    0.015380]   node   0: [mem 0x0000000000001000-0x000000000009efff]
[    0.015778]   node   0: [mem 0x0000000000100000-0x000000003ffdffff]
[    0.016177] Initmem setup node 0 [mem 0x0000000000001000-0x000000003ffdffff]
[    0.016626] On node 0, zone DMA: 1 pages in unavailable ranges
[    0.017004] On node 0, zone DMA: 97 pages in unavailable ranges
[    0.018306] On node 0, zone DMA32: 32 pages in unavailable ranges
[    0.018869] ACPI: PM-Timer IO Port: 0x608
[    0.019127] ACPI: LAPIC_NMI (acpi_id[0xff] dfl dfl lint[0x1])
[    0.019506] IOAPIC[0]: apic_id 0, version 17, address 0xfec00000, GSI 0-23
[    0.019944] ACPI: INT_SRC_OVR (bus 0 bus_irq 0 global_irq 2 dfl dfl)
[    0.020348] ACPI: INT_SRC_OVR (bus 0 bus_irq 5 global_irq 5 high level)
[    0.020768] ACPI: INT_SRC_OVR (bus 0 bus_irq 9 global_irq 9 high level)
[    0.021188] ACPI: INT_SRC_OVR (bus 0 bus_irq 10 global_irq 10 high level)
[    0.021619] ACPI: INT_SRC_OVR (bus 0 bus_irq 11 global_irq 11 high level)
[    0.022051] ACPI: Using ACPI (MADT) for SMP configuration information
[    0.022464] ACPI: HPET id: 0x8086a201 base: 0xfed00000
[    0.022791] TSC deadline timer available
[    0.023042] CPU topo: Max. logical packages:   1
[    0.023335] CPU topo: Max. logical dies:       1
[    0.023627] CPU topo: Max. dies per package:   1
[    0.023922] CPU topo: Max. threads per core:   1
[    0.024215] CPU topo: Num. cores per package:    32
[    0.024524] CPU topo: Num. threads per package:  32
[    0.024834] CPU topo: Allowing 32 present CPUs plus 0 hotplug CPUs
[    0.025232] kvm-guest: APIC: eoi() replaced with kvm_guest_apic_eoi_write()
[    0.025680] kvm-guest: KVM setup pv remote TLB flush
[    0.025997] kvm-guest: setup PV sched yield
[    0.026268] PM: hibernation: Registered nosave memory: [mem 0x00000000-0x00000fff]
[    0.026766] PM: hibernation: Registered nosave memory: [mem 0x0009f000-0x0009ffff]
[    0.027264] PM: hibernation: Registered nosave memory: [mem 0x000a0000-0x000effff]
[    0.027762] PM: hibernation: Registered nosave memory: [mem 0x000f0000-0x000fffff]
[    0.028257] [mem 0x40000000-0xfeffbfff] available for PCI devices
[    0.028645] Booting paravirtualized kernel on KVM
[    0.028945] clocksource: refined-jiffies: mask: 0xffffffff max_cycles: 0xffffffff, max_idle_ns: 1910969940391419 ns
[    0.032225] setup_percpu: NR_CPUS:64 nr_cpumask_bits:32 nr_cpu_ids:32 nr_node_ids:1
[    0.033281] percpu: Embedded 58 pages/cpu s199128 r8192 d30248 u262144
[    0.033726] Kernel command line: virtme_hostname=virtme-ng nr_open=1048576 virtme_link_mods=/nipa-data/kernel/.virtme_mods/lib/modules/0.0.0 virtme_initmount0=nipa-data/kernel virtme_rw_overlay0=/etc virtme_rw_overlay1=/lib virtme_rw_overlay2=/home virtme_rw_overlay3=/opt virtme_rw_overlay4=/srv virtme_rw_overlay5=/usr virtme_rw_overlay6=/var console=hvc0 earlyprintk=serial,ttyS0,115200 virtme_console=ttyS0 psmouse.proto=exps TERM=xterm virtme_chdir=nipa-data/kernel virtme_root_user=1 rootfstype=9p rootflags=version=9p2000.L,trans=virtio,access=any raid=noautodetect ro init=/usr/lib/python3/dist-packages/virtme/guest/virtme-init
[    0.037443] Unknown kernel command line parameters "virtme_hostname=virtme-ng nr_open=1048576 virtme_link_mods=/nipa-data/kernel/.virtme_mods/lib/modules/0.0.0 virtme_initmount0=nipa-data/kernel virtme_rw_overlay0=/etc virtme_rw_overlay1=/lib virtme_rw_overlay2=/home virtme_rw_overlay3=/opt virtme_rw_overlay4=/srv virtme_rw_overlay5=/usr virtme_rw_overlay6=/var virtme_console=ttyS0 virtme_chdir=nipa-data/kernel virtme_root_user=1", will be passed to user space.
[    0.040308] random: crng init done
[    0.040555] Dentry cache hash table entries: 131072 (order: 8, 1048576 bytes, linear)
[    0.041084] Inode-cache hash table entries: 65536 (order: 7, 524288 bytes, linear)
[    0.041659] Fallback order for Node 0: 0 
[    0.041661] Built 1 zonelists, mobility grouping on.  Total pages: 262014
[    0.042369] Policy zone: DMA32
[    0.042569] mem auto-init: stack:all(zero), heap alloc:off, heap free:off
[    0.043558] SLUB: HWalign=64, Order=0-3, MinObjects=0, CPUs=32, Nodes=1
Poking KASLR using RDRAND RDTSC...
[    0.044211] ftrace: allocating 48481 entries in 190 pages
[    0.050811] ftrace: allocated 190 pages with 6 groups
[    0.051676] Dynamic Preempt: voluntary
[    0.052043] rcu: Preemptible hierarchical RCU implementation.
[    0.052419] rcu: RCU event tracing is enabled.
[    0.052714] rcu: RCU restricting CPUs from NR_CPUS=64 to nr_cpu_ids=32.
[    0.053155] Trampoline variant of Tasks RCU enabled.
[    0.053486] Rude variant of Tasks RCU enabled.
[    0.053782] Tracing variant of Tasks RCU enabled.
[    0.054095] rcu: RCU calculated value of scheduler-enlistment delay is 100 jiffies.
[    0.054599] rcu: Adjusting geometry for rcu_fanout_leaf=16, nr_cpu_ids=32
[    0.055052] RCU Tasks: Setting shift to 5 and lim to 1 rcu_task_cb_adjust=1 rcu_task_cpu_ids=32.
[    0.055627] RCU Tasks Rude: Setting shift to 5 and lim to 1 rcu_task_cb_adjust=1 rcu_task_cpu_ids=32.
[    0.056230] RCU Tasks Trace: Setting shift to 5 and lim to 1 rcu_task_cb_adjust=1 rcu_task_cpu_ids=32.
[    0.058165] NR_IRQS: 4352, nr_irqs: 680, preallocated irqs: 16
[    0.058713] rcu: srcu_init: Setting srcu_struct sizes based on contention.
[    0.059286] Console: colour *CGA 80x25
[    0.059536] ACPI: Core revision 20240827
[    0.059850] clocksource: hpet: mask: 0xffffffff max_cycles: 0xffffffff, max_idle_ns: 19112604467 ns
[    0.060490] APIC: Switch to symmetric I/O mode setup
[    0.060828] kvm-guest: APIC: send_IPI_mask() replaced with kvm_send_ipi_mask()
[    0.061296] kvm-guest: APIC: send_IPI_mask_allbutself() replaced with kvm_send_ipi_mask_allbutself()
[    0.061874] kvm-guest: setup PV IPIs
[    0.062829] ..TIMER: vector=0x30 apic1=0 pin1=2 apic2=-1 pin2=-1
[    0.063585] clocksource: tsc-early: mask: 0xffffffffffffffff max_cycles: 0x40be4320a4d, max_idle_ns: 440795288133 ns
[    0.064850] Calibrating delay loop (skipped) preset value.. 8983.12 BogoMIPS (lpj=4491560)
[    0.065905] x86/cpu: User Mode Instruction Prevention (UMIP) activated
[    0.066895] Last level iTLB entries: 4KB 512, 2MB 255, 4MB 127
[    0.067572] Last level dTLB entries: 4KB 512, 2MB 255, 4MB 127, 1GB 0
[    0.067852] Spectre V1 : Mitigation: usercopy/swapgs barriers and __user pointer sanitization
[    0.068852] Spectre V2 : Mitigation: Enhanced / Automatic IBRS
[    0.069849] Spectre V2 : Spectre v2 / SpectreRSB mitigation: Filling RSB on context switch
[    0.070850] Spectre V2 : mitigation: Enabling conditional Indirect Branch Prediction Barrier
[    0.071850] Speculative Store Bypass: Mitigation: Speculative Store Bypass disabled via prctl
[    0.072849] Speculative Return Stack Overflow: IBPB-extending microcode not applied!
[    0.073849] Speculative Return Stack Overflow: WARNING: See https://kernel.org/doc/html/latest/admin-guide/hw-vuln/srso.html for mitigation options.
[    0.073850] Speculative Return Stack Overflow: Vulnerable: Safe RET, no microcode
[    0.075863] x86/fpu: Supporting XSAVE feature 0x001: 'x87 floating point registers'
[    0.076849] x86/fpu: Supporting XSAVE feature 0x002: 'SSE registers'
[    0.077849] x86/fpu: Supporting XSAVE feature 0x004: 'AVX registers'
[    0.078849] x86/fpu: Supporting XSAVE feature 0x020: 'AVX-512 opmask'
[    0.079589] x86/fpu: Supporting XSAVE feature 0x040: 'AVX-512 Hi256'
[    0.079849] x86/fpu: Supporting XSAVE feature 0x080: 'AVX-512 ZMM_Hi256'
[    0.080849] x86/fpu: Supporting XSAVE feature 0x200: 'Protection Keys User registers'
[    0.081850] x86/fpu: xstate_offset[2]:  576, xstate_sizes[2]:  256
[    0.082849] x86/fpu: xstate_offset[5]:  832, xstate_sizes[5]:   64
[    0.083559] x86/fpu: xstate_offset[6]:  896, xstate_sizes[6]:  512
[    0.083849] x86/fpu: xstate_offset[7]: 1408, xstate_sizes[7]: 1024
[    0.084849] x86/fpu: xstate_offset[9]: 2432, xstate_sizes[9]:    8
[    0.085560] x86/fpu: Enabled xstate features 0x2e7, context size is 2440 bytes, using 'compacted' format.
[    0.098811] Freeing SMP alternatives memory: 40K
[    0.098850] pid_max: default: 32768 minimum: 301
[    0.099867] Mount-cache hash table entries: 2048 (order: 2, 16384 bytes, linear)
[    0.100714] Mountpoint-cache hash table entries: 2048 (order: 2, 16384 bytes, linear)
[    0.100982] smpboot: CPU0: AMD Ryzen 9 7950X 16-Core Processor (family: 0x19, model: 0x61, stepping: 0x2)
[    0.101955] Performance Events: Fam17h+ core perfctr, AMD PMU driver.
[    0.102734] ... version:                0
[    0.102851] ... bit width:              48
[    0.103320] ... generic registers:      6
[    0.103779] ... value mask:             0000ffffffffffff
[    0.103851] ... max period:             00007fffffffffff
[    0.104462] ... fixed-purpose events:   0
[    0.104851] ... event mask:             000000000000003f
[    0.105532] signal: max sigframe size: 3376
[    0.105866] rcu: Hierarchical SRCU implementation.
[    0.106420] rcu: Max phase no-delay instances is 400.
[    0.106870] Timer migration: 2 hierarchy levels; 8 children per group; 2 crossnode level
[    0.109798] smp: Bringing up secondary CPUs ...
[    0.109897] smpboot: x86: Booting SMP configuration:
[    0.110465] .... node  #0, CPUs:        #1  #2  #3  #4  #5  #6  #7  #8  #9 #10 #11 #12 #13 #14 #15 #16 #17 #18 #19 #20 #21 #22 #23 #24 #25 #26 #27 #28 #29 #30 #31
[    0.125944] smp: Brought up 1 node, 32 CPUs
[    0.127346] smpboot: Total of 32 processors activated (287459.84 BogoMIPS)
[    0.129867] Memory: 970448K/1048056K available (16384K kernel code, 2449K rwdata, 6284K rodata, 3132K init, 1856K bss, 63184K reserved, 0K cma-reserved)
[    0.130965] devtmpfs: initialized
[    0.131269] x86/mm: Memory block size: 128MB
[    0.132528] clocksource: jiffies: mask: 0xffffffff max_cycles: 0xffffffff, max_idle_ns: 1911260446275000 ns
[    0.132853] futex hash table entries: 8192 (order: 7, 524288 bytes, linear)
[    0.133741] PM: RTC time: 00:06:41, date: 2024-10-18
[    0.134163] NET: Registered PF_NETLINK/PF_ROUTE protocol family
[    0.134960] thermal_sys: Registered thermal governor 'step_wise'
[    0.134961] thermal_sys: Registered thermal governor 'user_space'
[    0.135696] cpuidle: using governor menu
[    0.137024] PCI: Using configuration type 1 for base access
[    0.137851] PCI: Using configuration type 1 for extended access
[    0.138623] kprobes: kprobe jump-optimization is enabled. All kprobes are optimized if possible.
[    0.153570] HugeTLB: registered 1.00 GiB page size, pre-allocated 0 pages
[    0.153851] HugeTLB: 16380 KiB vmemmap can be freed for a 1.00 GiB page
[    0.154634] HugeTLB: registered 2.00 MiB page size, pre-allocated 0 pages
[    0.154851] HugeTLB: 28 KiB vmemmap can be freed for a 2.00 MiB page
[    0.155674] ACPI: Added _OSI(Module Device)
[    0.155851] ACPI: Added _OSI(Processor Device)
[    0.156382] ACPI: Added _OSI(3.0 _SCP Extensions)
[    0.156851] ACPI: Added _OSI(Processor Aggregator Device)
[    0.158135] ACPI: 1 ACPI AML tables successfully acquired and loaded
[    0.159194] ACPI: Interpreter enabled
[    0.159859] ACPI: PM: (supports S0 S3 S4 S5)
[    0.160368] ACPI: Using IOAPIC for interrupt routing
[    0.160857] PCI: Using host bridge windows from ACPI; if necessary, use "pci=nocrs" and report a bug
[    0.161851] PCI: Using E820 reservations for host bridge windows
[    0.162647] ACPI: Enabled 2 GPEs in block 00 to 0F
[    0.165232] ACPI: PCI Root Bridge [PCI0] (domain 0000 [bus 00-ff])
[    0.165853] acpi PNP0A03:00: _OSC: OS supports [ExtendedConfig ASPM ClockPM Segments MSI HPX-Type3]
[    0.166934] PCI host bridge to bus 0000:00
[    0.167419] pci_bus 0000:00: root bus resource [io  0x0000-0x0cf7 window]
[    0.167851] pci_bus 0000:00: root bus resource [io  0x0d00-0xffff window]
[    0.168661] pci_bus 0000:00: root bus resource [mem 0x000a0000-0x000bffff window]
[    0.168851] pci_bus 0000:00: root bus resource [mem 0x40000000-0xfebfffff window]
[    0.169742] pci_bus 0000:00: root bus resource [mem 0x100000000-0x17fffffff window]
[    0.169851] pci_bus 0000:00: root bus resource [bus 00-ff]
[    0.170577] pci 0000:00:00.0: [8086:1237] type 00 class 0x060000 conventional PCI endpoint
[    0.171079] pci 0000:00:01.0: [8086:7000] type 00 class 0x060100 conventional PCI endpoint
[    0.172156] pci 0000:00:01.1: [8086:7010] type 00 class 0x010180 conventional PCI endpoint
[    0.173978] pci 0000:00:01.1: BAR 4 [io  0xc0c0-0xc0cf]
[    0.175309] pci 0000:00:01.1: BAR 0 [io  0x01f0-0x01f7]: legacy IDE quirk
[    0.175851] pci 0000:00:01.1: BAR 1 [io  0x03f6]: legacy IDE quirk
[    0.176588] pci 0000:00:01.1: BAR 2 [io  0x0170-0x0177]: legacy IDE quirk
[    0.176851] pci 0000:00:01.1: BAR 3 [io  0x0376]: legacy IDE quirk
[    0.177664] pci 0000:00:01.3: [8086:7113] type 00 class 0x068000 conventional PCI endpoint
[    0.178097] pci 0000:00:01.3: quirk: [io  0x0600-0x063f] claimed by PIIX4 ACPI
[    0.178855] pci 0000:00:01.3: quirk: [io  0x0700-0x070f] claimed by PIIX4 SMB
[    0.179849] pci 0000:00:02.0: [1af4:1009] type 00 class 0x000200 conventional PCI endpoint
[    0.180269] pci 0000:00:02.0: BAR 0 [io  0xc000-0xc03f]
[    0.181167] pci 0000:00:02.0: BAR 1 [mem 0xfebfc000-0xfebfcfff]
[    0.183219] pci 0000:00:02.0: BAR 4 [mem 0xfebf0000-0xfebf3fff 64bit pref]
[    0.184722] pci 0000:00:03.0: [1af4:1009] type 00 class 0x000200 conventional PCI endpoint
[    0.185408] pci 0000:00:03.0: BAR 0 [io  0xc040-0xc07f]
[    0.186748] pci 0000:00:03.0: BAR 1 [mem 0xfebfd000-0xfebfdfff]
[    0.188851] pci 0000:00:03.0: BAR 4 [mem 0xfebf4000-0xfebf7fff 64bit pref]
[    0.191333] pci 0000:00:04.0: [8086:25ab] type 00 class 0x088000 conventional PCI endpoint
[    0.191996] pci 0000:00:04.0: BAR 0 [mem 0xfebfe000-0xfebfe00f]
[    0.193655] pci 0000:00:05.0: [1af4:1003] type 00 class 0x078000 conventional PCI endpoint
[    0.194137] pci 0000:00:05.0: BAR 0 [io  0xc080-0xc0bf]
[    0.195019] pci 0000:00:05.0: BAR 1 [mem 0xfebff000-0xfebfffff]
[    0.196550] pci 0000:00:05.0: BAR 4 [mem 0xfebf8000-0xfebfbfff 64bit pref]
[    0.197793] ACPI: PCI: Interrupt link LNKA configured for IRQ 10
[    0.197953] ACPI: PCI: Interrupt link LNKB configured for IRQ 10
[    0.198951] ACPI: PCI: Interrupt link LNKC configured for IRQ 11
[    0.199759] ACPI: PCI: Interrupt link LNKD configured for IRQ 11
[    0.199918] ACPI: PCI: Interrupt link LNKS configured for IRQ 9
[    0.201405] iommu: Default domain type: Translated
[    0.201851] iommu: DMA domain TLB invalidation policy: lazy mode
[    0.202621] SCSI subsystem initialized
[    0.202882] pps_core: LinuxPPS API ver. 1 registered
[    0.203481] pps_core: Software ver. 5.3.6 - Copyright 2005-2007 Rodolfo Giometti <giometti@linux.it>
[    0.203853] PTP clock support registered
[    0.204339] Advanced Linux Sound Architecture Driver Initialized.
[    0.205201] NET: Registered PF_ATMPVC protocol family
[    0.205807] NET: Registered PF_ATMSVC protocol family
[    0.205857] PCI: Using ACPI for IRQ routing
[    0.206440] vgaarb: loaded
[    0.206440] hpet0: at MMIO 0xfed00000, IRQs 2, 8, 0
[    0.206851] hpet0: 3 comparators, 64-bit 100.000000 MHz counter
[    0.211014] clocksource: Switched to clocksource kvm-clock
[    0.211738] VFS: Disk quotas dquot_6.6.0
[    0.212063] VFS: Dquot-cache hash table entries: 512 (order 0, 4096 bytes)
[    0.212922] pnp: PnP ACPI init
[    0.213451] pnp: PnP ACPI: found 5 devices
[    0.221059] clocksource: acpi_pm: mask: 0xffffff max_cycles: 0xffffff, max_idle_ns: 2085701024 ns
[    0.222136] NET: Registered PF_INET protocol family
[    0.222734] IP idents hash table entries: 16384 (order: 5, 131072 bytes, linear)
[    0.223763] tcp_listen_portaddr_hash hash table entries: 512 (order: 1, 8192 bytes, linear)
[    0.224768] Table-perturb hash table entries: 65536 (order: 6, 262144 bytes, linear)
[    0.225712] TCP established hash table entries: 8192 (order: 4, 65536 bytes, linear)
[    0.226633] TCP bind hash table entries: 8192 (order: 6, 262144 bytes, linear)
[    0.227592] TCP: Hash tables configured (established 8192 bind 8192)
[    0.228369] UDP hash table entries: 512 (order: 2, 16384 bytes, linear)
[    0.229139] UDP-Lite hash table entries: 512 (order: 2, 16384 bytes, linear)
[    0.229979] NET: Registered PF_UNIX/PF_LOCAL protocol family
[    0.230642] pci_bus 0000:00: resource 4 [io  0x0000-0x0cf7 window]
[    0.231367] pci_bus 0000:00: resource 5 [io  0x0d00-0xffff window]
[    0.232089] pci_bus 0000:00: resource 6 [mem 0x000a0000-0x000bffff window]
[    0.232891] pci_bus 0000:00: resource 7 [mem 0x40000000-0xfebfffff window]
[    0.233684] pci_bus 0000:00: resource 8 [mem 0x100000000-0x17fffffff window]
[    0.234522] pci 0000:00:01.0: PIIX3: Enabling Passive Release
[    0.235196] pci 0000:00:00.0: Limiting direct PCI/PCI transfers
[    0.235922] PCI: CLS 0 bytes, default 64
[    0.236435] kvm_intel: VMX not supported by CPU 0
[    0.236999] kvm_amd: TSC scaling supported
[    0.237478] kvm_amd: Nested Virtualization enabled
[    0.238034] kvm_amd: Nested Paging enabled
[    0.238507] kvm_amd: LBR virtualization supported
[    0.239063] kvm_amd: Virtual VMLOAD VMSAVE supported
[    0.239635] kvm_amd: Virtual GIF supported
[    0.240111] kvm_amd: Virtual NMI enabled
[    0.267788] clocksource: tsc: mask: 0xffffffffffffffff max_cycles: 0x40be4320a4d, max_idle_ns: 440795288133 ns
[    0.275158] Initialise system trusted keyrings
[    0.275757] workingset: timestamp_bits=56 max_order=18 bucket_order=0
[    0.276548] squashfs: version 4.0 (2009/01/31) Phillip Lougher
[    0.277256] fuse: init (API version 7.41)
[    0.277770] 9p: Installing v9fs 9p2000 file system support
[    0.284543] Key type asymmetric registered
[    0.285038] Asymmetric key parser 'x509' registered
[    0.285627] Block layer SCSI generic (bsg) driver version 0.4 loaded (major 249)
[    0.286522] io scheduler mq-deadline registered
[    0.287065] io scheduler kyber registered
[    0.289196] input: Power Button as /devices/LNXSYSTM:00/LNXPWRBN:00/input/input0
[    0.290127] ACPI: button: Power Button [PWRF]
[    0.291046] Warning: Processor Platform Limit event detected, but not handled.
[    0.291904] Consider compiling CPUfreq support into your kernel.
[    0.309835] ACPI: \_SB_.LNKB: Enabled at IRQ 10
[    0.325807] ACPI: \_SB_.LNKC: Enabled at IRQ 11
[    0.341671] ACPI: \_SB_.LNKA: Enabled at IRQ 10
[    0.342794] Serial: 8250/16550 driver, 4 ports, IRQ sharing enabled
[    0.343700] 00:03: ttyS0 at I/O 0x3f8 (irq = 4, base_baud = 115200) is a 16550A
[    0.365281] Non-volatile memory driver v1.3
[    0.365824] Linux agpgart interface v0.103
[    0.366350] printk: legacy console [hvc0] enabled
[    0.366422] ACPI: bus type drm_connector registered
[    0.366933] printk: legacy bootconsole [earlyser0] disabled
          _      _                                    
   __   _(_)_ __| |_ _ __ ___   ___       _ __   __ _ 
   \ \ / / |  __| __|  _   _ \ / _ \_____|  _ \ / _  |
    \ V /| | |  | |_| | | | | |  __/_____| | | | (_| |
     \_/ |_|_|   \__|_| |_| |_|\___|     |_| |_|\__  |
                                                |___/ 
   kernel version: 6.12.0-rc2-virtme x86_64
   (CTRL+d to exit)

root@virtme-ng:/nipa-data/kernel# PS1='xx__-> '
xx__-> env
PWD=/nipa-data/kernel
nr_open=1048576
HOME=/
TERM=xterm
SHLVL=2
XDG_RUNTIME_DIR=/run/user/0
PATH=/bin:/sbin:/usr/bin:/usr/sbin:/usr/local/bin
OLDPWD=/
_=/bin/env
xx__-> 