No EFI environment detected.
early console in extract_kernel
input_data: 0x0000000002be02c4
input_len: 0x0000000000b83fe5
output: 0x0000000001000000
output_len: 0x000000000271cc2c
kernel_total_size: 0x0000000002430000
needed_size: 0x0000000002800000
trampoline_32bit: 0x0000000000000000
Physical KASLR using RDRAND RDTSC...
Virtual KASLR using RDRAND RDTSC...

Decompressing Linux... Parsing ELF... Performing relocations... done.
Booting the kernel (entry_offset: 0x0000000000000000).
[    0.000000] Linux version 6.13.0-rc7-virtme (root@7f314baccfed) (gcc (Ubuntu 13.3.0-6ubuntu2~24.04) 13.3.0, GNU ld (GNU Binutils for Ubuntu) 2.42) #1 SMP PREEMPT_DYNAMIC Sat Jan 18 21:06:56 UTC 2025
[    0.000000] Command line: virtme_hostname=virtme-ng nr_open=1048576 virtme_link_mods=/nipa-data/kernel/.virtme_mods/lib/modules/0.0.0 virtme_initmount0=nipa-data/kernel virtme_rw_overlay0=/etc virtme_rw_overlay1=/lib virtme_rw_overlay2=/home virtme_rw_overlay3=/opt virtme_rw_overlay4=/srv virtme_rw_overlay5=/usr virtme_rw_overlay6=/var console=hvc0 earlyprintk=serial,ttyS0,115200 virtme_console=ttyS0 psmouse.proto=exps TERM=xterm virtme_chdir=nipa-data/kernel virtme_root_user=1 rootfstype=9p rootflags=version=9p2000.L,trans=virtio,access=any raid=noautodetect ro init=/usr/lib/python3/dist-packages/virtme/guest/virtme-init
[    0.000000] BIOS-provided physical RAM map:
[    0.000000] BIOS-e820: [mem 0x0000000000000000-0x000000000009fbff] usable
[    0.000000] BIOS-e820: [mem 0x000000000009fc00-0x000000000009ffff] reserved
[    0.000000] BIOS-e820: [mem 0x00000000000f0000-0x00000000000fffff] reserved
[    0.000000] BIOS-e820: [mem 0x0000000000100000-0x000000003ffdffff] usable
[    0.000000] BIOS-e820: [mem 0x000000003ffe0000-0x000000003fffffff] reserved
[    0.000000] BIOS-e820: [mem 0x00000000feffc000-0x00000000feffffff] reserved
[    0.000000] BIOS-e820: [mem 0x00000000fffc0000-0x00000000ffffffff] reserved
[    0.000000] BIOS-e820: [mem 0x000000fd00000000-0x000000ffffffffff] reserved
[    0.000000] printk: legacy bootconsole [earlyser0] enabled
[    0.000000] NX (Execute Disable) protection: active
[    0.000000] APIC: Static calls initialized
[    0.000000] SMBIOS 3.0.0 present.
[    0.000000] DMI: QEMU Ubuntu 24.04 PC (i440FX + PIIX, 1996), BIOS 1.16.3-debian-1.16.3-2 04/01/2014
[    0.000000] DMI: Memory slots populated: 1/1
[    0.000000] Hypervisor detected: KVM
[    0.000000] kvm-clock: Using msrs 4b564d01 and 4b564d00
[    0.000000] kvm-clock: using sched offset of 229054278 cycles
[    0.000342] clocksource: kvm-clock: mask: 0xffffffffffffffff max_cycles: 0x1cd42e4dffb, max_idle_ns: 881590591483 ns
[    0.001408] tsc: Detected 4491.556 MHz processor
[    0.001953] last_pfn = 0x3ffe0 max_arch_pfn = 0x400000000
[    0.002329] MTRR map: 4 entries (3 fixed + 1 variable; max 19), built from 8 variable MTRRs
[    0.002877] x86/PAT: Configuration [0-7]: WB  WC  UC- UC  WB  WP  UC- WT  
Memory KASLR using RDRAND RDTSC...
[    0.004765] found SMP MP-table at [mem 0x000f5470-0x000f547f]
[    0.005146] Using GB pages for direct mapping
[    0.005490] ACPI: Early table checksum verification disabled
[    0.005862] ACPI: RSDP 0x00000000000F5290 000014 (v00 BOCHS )
[    0.006240] ACPI: RSDT 0x000000003FFE27BC 000034 (v01 BOCHS  BXPC     00000001 BXPC 00000001)
[    0.006801] ACPI: FACP 0x000000003FFE2578 000074 (v01 BOCHS  BXPC     00000001 BXPC 00000001)
[    0.007361] ACPI: DSDT 0x000000003FFE0040 002538 (v01 BOCHS  BXPC     00000001 BXPC 00000001)
[    0.007921] ACPI: FACS 0x000000003FFE0000 000040
[    0.008225] ACPI: APIC 0x000000003FFE25EC 000170 (v03 BOCHS  BXPC     00000001 BXPC 00000001)
[    0.008784] ACPI: HPET 0x000000003FFE275C 000038 (v01 BOCHS  BXPC     00000001 BXPC 00000001)
[    0.009344] ACPI: WAET 0x000000003FFE2794 000028 (v01 BOCHS  BXPC     00000001 BXPC 00000001)
[    0.009902] ACPI: Reserving FACP table memory at [mem 0x3ffe2578-0x3ffe25eb]
[    0.010364] ACPI: Reserving DSDT table memory at [mem 0x3ffe0040-0x3ffe2577]
[    0.010824] ACPI: Reserving FACS table memory at [mem 0x3ffe0000-0x3ffe003f]
[    0.011288] ACPI: Reserving APIC table memory at [mem 0x3ffe25ec-0x3ffe275b]
[    0.011747] ACPI: Reserving HPET table memory at [mem 0x3ffe275c-0x3ffe2793]
[    0.012206] ACPI: Reserving WAET table memory at [mem 0x3ffe2794-0x3ffe27bb]
[    0.012786] No NUMA configuration found
[    0.013041] Faking a node at [mem 0x0000000000000000-0x000000003ffdffff]
[    0.013482] NODE_DATA(0) allocated [mem 0x3ffdb780-0x3ffdffff]
[    0.013870] Zone ranges:
[    0.014040]   DMA      [mem 0x0000000000001000-0x0000000000ffffff]
[    0.014443]   DMA32    [mem 0x0000000001000000-0x000000003ffdffff]
[    0.014846]   Normal   empty
[    0.015033]   Device   empty
[    0.015221] Movable zone start for each node
[    0.015499] Early memory node ranges
[    0.015731]   node   0: [mem 0x0000000000001000-0x000000000009efff]
[    0.016139]   node   0: [mem 0x0000000000100000-0x000000003ffdffff]
[    0.016547] Initmem setup node 0 [mem 0x0000000000001000-0x000000003ffdffff]
[    0.017006] On node 0, zone DMA: 1 pages in unavailable ranges
[    0.017397] On node 0, zone DMA: 97 pages in unavailable ranges
[    0.018699] On node 0, zone DMA32: 32 pages in unavailable ranges
[    0.019270] ACPI: PM-Timer IO Port: 0x608
[    0.019534] ACPI: LAPIC_NMI (acpi_id[0xff] dfl dfl lint[0x1])
[    0.019922] IOAPIC[0]: apic_id 0, version 17, address 0xfec00000, GSI 0-23
[    0.020370] ACPI: INT_SRC_OVR (bus 0 bus_irq 0 global_irq 2 dfl dfl)
[    0.020783] ACPI: INT_SRC_OVR (bus 0 bus_irq 5 global_irq 5 high level)
[    0.021216] ACPI: INT_SRC_OVR (bus 0 bus_irq 9 global_irq 9 high level)
[    0.021647] ACPI: INT_SRC_OVR (bus 0 bus_irq 10 global_irq 10 high level)
[    0.022091] ACPI: INT_SRC_OVR (bus 0 bus_irq 11 global_irq 11 high level)
[    0.022534] ACPI: Using ACPI (MADT) for SMP configuration information
[    0.022953] ACPI: HPET id: 0x8086a201 base: 0xfed00000
[    0.023288] TSC deadline timer available
[    0.023546] CPU topo: Max. logical packages:   1
[    0.023846] CPU topo: Max. logical dies:       1
[    0.024150] CPU topo: Max. dies per package:   1
[    0.024450] CPU topo: Max. threads per core:   1
[    0.024750] CPU topo: Num. cores per package:    32
[    0.025065] CPU topo: Num. threads per package:  32
[    0.025383] CPU topo: Allowing 32 present CPUs plus 0 hotplug CPUs
[    0.025790] kvm-guest: APIC: eoi() replaced with kvm_guest_apic_eoi_write()
[    0.026249] kvm-guest: KVM setup pv remote TLB flush
[    0.026574] kvm-guest: setup PV sched yield
[    0.026847] PM: hibernation: Registered nosave memory: [mem 0x00000000-0x00000fff]
[    0.027344] PM: hibernation: Registered nosave memory: [mem 0x0009f000-0x0009ffff]
[    0.027837] PM: hibernation: Registered nosave memory: [mem 0x000a0000-0x000effff]
[    0.028331] PM: hibernation: Registered nosave memory: [mem 0x000f0000-0x000fffff]
[    0.028822] [mem 0x40000000-0xfeffbfff] available for PCI devices
[    0.029220] Booting paravirtualized kernel on KVM
[    0.029526] clocksource: refined-jiffies: mask: 0xffffffff max_cycles: 0xffffffff, max_idle_ns: 1910969940391419 ns
[    0.032855] setup_percpu: NR_CPUS:64 nr_cpumask_bits:32 nr_cpu_ids:32 nr_node_ids:1
[    0.033932] percpu: Embedded 58 pages/cpu s198168 r8192 d31208 u262144
[    0.034395] Kernel command line: virtme_hostname=virtme-ng nr_open=1048576 virtme_link_mods=/nipa-data/kernel/.virtme_mods/lib/modules/0.0.0 virtme_initmount0=nipa-data/kernel virtme_rw_overlay0=/etc virtme_rw_overlay1=/lib virtme_rw_overlay2=/home virtme_rw_overlay3=/opt virtme_rw_overlay4=/srv virtme_rw_overlay5=/usr virtme_rw_overlay6=/var console=hvc0 earlyprintk=serial,ttyS0,115200 virtme_console=ttyS0 psmouse.proto=exps TERM=xterm virtme_chdir=nipa-data/kernel virtme_root_user=1 rootfstype=9p rootflags=version=9p2000.L,trans=virtio,access=any raid=noautodetect ro init=/usr/lib/python3/dist-packages/virtme/guest/virtme-init
[    0.038231] Unknown kernel command line parameters "virtme_hostname=virtme-ng nr_open=1048576 virtme_link_mods=/nipa-data/kernel/.virtme_mods/lib/modules/0.0.0 virtme_initmount0=nipa-data/kernel virtme_rw_overlay0=/etc virtme_rw_overlay1=/lib virtme_rw_overlay2=/home virtme_rw_overlay3=/opt virtme_rw_overlay4=/srv virtme_rw_overlay5=/usr virtme_rw_overlay6=/var virtme_console=ttyS0 virtme_chdir=nipa-data/kernel virtme_root_user=1", will be passed to user space.
[    0.041176] random: crng init done
[    0.041405] printk: log buffer data + meta data: 262144 + 917504 = 1179648 bytes
[    0.041928] Dentry cache hash table entries: 131072 (order: 8, 1048576 bytes, linear)
[    0.042475] Inode-cache hash table entries: 65536 (order: 7, 524288 bytes, linear)
[    0.043060] Fallback order for Node 0: 0 
[    0.043062] Built 1 zonelists, mobility grouping on.  Total pages: 262014
[    0.043786] Policy zone: DMA32
[    0.043990] mem auto-init: stack:all(zero), heap alloc:off, heap free:off
[    0.044964] SLUB: HWalign=64, Order=0-3, MinObjects=0, CPUs=32, Nodes=1
Poking KASLR using RDRAND RDTSC...
[    0.045636] ftrace: allocating 48717 entries in 191 pages
[    0.057199] ftrace: allocated 191 pages with 7 groups
[    0.058059] Dynamic Preempt: voluntary
[    0.058432] rcu: Preemptible hierarchical RCU implementation.
[    0.058818] rcu: RCU event tracing is enabled.
[    0.059121] rcu: RCU restricting CPUs from NR_CPUS=64 to nr_cpu_ids=32.
[    0.059569] Trampoline variant of Tasks RCU enabled.
[    0.059907] Rude variant of Tasks RCU enabled.
[    0.060210] Tracing variant of Tasks RCU enabled.
[    0.060530] rcu: RCU calculated value of scheduler-enlistment delay is 100 jiffies.
[    0.061042] rcu: Adjusting geometry for rcu_fanout_leaf=16, nr_cpu_ids=32
[    0.061505] RCU Tasks: Setting shift to 5 and lim to 1 rcu_task_cb_adjust=1 rcu_task_cpu_ids=32.
[    0.062095] RCU Tasks Rude: Setting shift to 5 and lim to 1 rcu_task_cb_adjust=1 rcu_task_cpu_ids=32.
[    0.062714] RCU Tasks Trace: Setting shift to 5 and lim to 1 rcu_task_cb_adjust=1 rcu_task_cpu_ids=32.
[    0.065042] NR_IRQS: 4352, nr_irqs: 680, preallocated irqs: 16
[    0.065602] rcu: srcu_init: Setting srcu_struct sizes based on contention.
[    0.066197] Console: colour *CGA 80x25
[    0.066454] ACPI: Core revision 20240827
[    0.066779] clocksource: hpet: mask: 0xffffffff max_cycles: 0xffffffff, max_idle_ns: 19112604467 ns
[    0.067438] APIC: Switch to symmetric I/O mode setup
[    0.067779] kvm-guest: APIC: send_IPI_mask() replaced with kvm_send_ipi_mask()
[    0.068258] kvm-guest: APIC: send_IPI_mask_allbutself() replaced with kvm_send_ipi_mask_allbutself()
[    0.068850] kvm-guest: setup PV IPIs
[    0.069822] ..TIMER: vector=0x30 apic1=0 pin1=2 apic2=-1 pin2=-1
[    0.070563] clocksource: tsc-early: mask: 0xffffffffffffffff max_cycles: 0x40be400eb43, max_idle_ns: 440795366972 ns
[    0.071823] Calibrating delay loop (skipped) preset value.. 8983.11 BogoMIPS (lpj=4491556)
[    0.072881] x86/cpu: User Mode Instruction Prevention (UMIP) activated
[    0.073868] Last level iTLB entries: 4KB 512, 2MB 255, 4MB 127
[    0.074554] Last level dTLB entries: 4KB 512, 2MB 255, 4MB 127, 1GB 0
[    0.074826] Spectre V1 : Mitigation: usercopy/swapgs barriers and __user pointer sanitization
[    0.075825] Spectre V2 : Mitigation: Enhanced / Automatic IBRS
[    0.076822] Spectre V2 : Spectre v2 / SpectreRSB mitigation: Filling RSB on context switch
[    0.077823] Spectre V2 : mitigation: Enabling conditional Indirect Branch Prediction Barrier
[    0.078823] Speculative Store Bypass: Mitigation: Speculative Store Bypass disabled via prctl
[    0.079822] Speculative Return Stack Overflow: IBPB-extending microcode not applied!
[    0.080822] Speculative Return Stack Overflow: WARNING: See https://kernel.org/doc/html/latest/admin-guide/hw-vuln/srso.html for mitigation options.
[    0.080822] Speculative Return Stack Overflow: Vulnerable: Safe RET, no microcode
[    0.082836] x86/fpu: Supporting XSAVE feature 0x001: 'x87 floating point registers'
[    0.083822] x86/fpu: Supporting XSAVE feature 0x002: 'SSE registers'
[    0.084822] x86/fpu: Supporting XSAVE feature 0x004: 'AVX registers'
[    0.085822] x86/fpu: Supporting XSAVE feature 0x020: 'AVX-512 opmask'
[    0.086822] x86/fpu: Supporting XSAVE feature 0x040: 'AVX-512 Hi256'
[    0.087558] x86/fpu: Supporting XSAVE feature 0x080: 'AVX-512 ZMM_Hi256'
[    0.087822] x86/fpu: Supporting XSAVE feature 0x200: 'Protection Keys User registers'
[    0.088822] x86/fpu: xstate_offset[2]:  576, xstate_sizes[2]:  256
[    0.089822] x86/fpu: xstate_offset[5]:  832, xstate_sizes[5]:   64
[    0.090533] x86/fpu: xstate_offset[6]:  896, xstate_sizes[6]:  512
[    0.090822] x86/fpu: xstate_offset[7]: 1408, xstate_sizes[7]: 1024
[    0.091822] x86/fpu: xstate_offset[9]: 2432, xstate_sizes[9]:    8
[    0.092822] x86/fpu: Enabled xstate features 0x2e7, context size is 2440 bytes, using 'compacted' format.
[    0.107280] Freeing SMP alternatives memory: 40K
[    0.107818] pid_max: default: 32768 minimum: 301
[    0.107841] Mount-cache hash table entries: 2048 (order: 2, 16384 bytes, linear)
[    0.108823] Mountpoint-cache hash table entries: 2048 (order: 2, 16384 bytes, linear)
[    0.109948] smpboot: CPU0: AMD Ryzen 9 7950X 16-Core Processor (family: 0x19, model: 0x61, stepping: 0x2)
[    0.110929] Performance Events: Fam17h+ core perfctr, AMD PMU driver.
[    0.111695] ... version:                0
[    0.111824] ... bit width:              48
[    0.112298] ... generic registers:      6
[    0.112764] ... value mask:             0000ffffffffffff
[    0.112824] ... max period:             00007fffffffffff
[    0.113438] ... fixed-purpose events:   0
[    0.113823] ... event mask:             000000000000003f
[    0.114506] signal: max sigframe size: 3376
[    0.114838] rcu: Hierarchical SRCU implementation.
[    0.115393] rcu: Max phase no-delay instances is 400.
[    0.115844] Timer migration: 2 hierarchy levels; 8 children per group; 2 crossnode level
[    0.118826] smp: Bringing up secondary CPUs ...
[    0.119400] smpboot: x86: Booting SMP configuration:
[    0.119825] .... node  #0, CPUs:        #1  #2  #3  #4  #5  #6  #7  #8  #9 #10 #11 #12 #13 #14 #15 #16 #17 #18 #19 #20 #21 #22 #23 #24 #25 #26 #27 #28 #29 #30 #31
[    0.131916] smp: Brought up 1 node, 32 CPUs
[    0.133316] smpboot: Total of 32 processors activated (287459.58 BogoMIPS)
[    0.135844] Memory: 970440K/1048056K available (16384K kernel code, 2473K rwdata, 6340K rodata, 3152K init, 1800K bss, 63180K reserved, 0K cma-reserved)
[    0.136952] devtmpfs: initialized
[    0.137235] x86/mm: Memory block size: 128MB
[    0.138491] clocksource: jiffies: mask: 0xffffffff max_cycles: 0xffffffff, max_idle_ns: 1911260446275000 ns
[    0.138825] futex hash table entries: 8192 (order: 7, 524288 bytes, linear)
[    0.139758] PM: RTC time: 21:07:16, date: 2025-01-18
[    0.140144] NET: Registered PF_NETLINK/PF_ROUTE protocol family
[    0.140934] thermal_sys: Registered thermal governor 'step_wise'
[    0.140935] thermal_sys: Registered thermal governor 'user_space'
[    0.141656] cpuidle: using governor menu
[    0.143003] PCI: Using configuration type 1 for base access
[    0.143824] PCI: Using configuration type 1 for extended access
[    0.144586] kprobes: kprobe jump-optimization is enabled. All kprobes are optimized if possible.
[    0.163010] HugeTLB: registered 1.00 GiB page size, pre-allocated 0 pages
[    0.163824] HugeTLB: 16380 KiB vmemmap can be freed for a 1.00 GiB page
[    0.164606] HugeTLB: registered 2.00 MiB page size, pre-allocated 0 pages
[    0.164823] HugeTLB: 28 KiB vmemmap can be freed for a 2.00 MiB page
[    0.165829] ACPI: Added _OSI(Module Device)
[    0.166327] ACPI: Added _OSI(Processor Device)
[    0.166824] ACPI: Added _OSI(3.0 _SCP Extensions)
[    0.167383] ACPI: Added _OSI(Processor Aggregator Device)
[    0.168466] ACPI: 1 ACPI AML tables successfully acquired and loaded
[    0.169211] ACPI: Interpreter enabled
[    0.169832] ACPI: PM: (supports S0 S3 S4 S5)
[    0.170338] ACPI: Using IOAPIC for interrupt routing
[    0.170830] PCI: Using host bridge windows from ACPI; if necessary, use "pci=nocrs" and report a bug
[    0.171824] PCI: Using E820 reservations for host bridge windows
[    0.172621] ACPI: Enabled 2 GPEs in block 00 to 0F
[    0.175319] ACPI: PCI Root Bridge [PCI0] (domain 0000 [bus 00-ff])
[    0.175826] acpi PNP0A03:00: _OSC: OS supports [ExtendedConfig ASPM ClockPM Segments MSI HPX-Type3]
[    0.176906] PCI host bridge to bus 0000:00
[    0.177391] pci_bus 0000:00: root bus resource [io  0x0000-0x0cf7 window]
[    0.177824] pci_bus 0000:00: root bus resource [io  0x0d00-0xffff window]
[    0.178628] pci_bus 0000:00: root bus resource [mem 0x000a0000-0x000bffff window]
[    0.178824] pci_bus 0000:00: root bus resource [mem 0x40000000-0xfebfffff window]
[    0.179706] pci_bus 0000:00: root bus resource [mem 0x100000000-0x17fffffff window]
[    0.179824] pci_bus 0000:00: root bus resource [bus 00-ff]
[    0.180548] pci 0000:00:00.0: [8086:1237] type 00 class 0x060000 conventional PCI endpoint
[    0.181047] pci 0000:00:01.0: [8086:7000] type 00 class 0x060100 conventional PCI endpoint
[    0.182101] pci 0000:00:01.1: [8086:7010] type 00 class 0x010180 conventional PCI endpoint
[    0.184057] pci 0000:00:01.1: BAR 4 [io  0xc0c0-0xc0cf]
[    0.185354] pci 0000:00:01.1: BAR 0 [io  0x01f0-0x01f7]: legacy IDE quirk
[    0.185824] pci 0000:00:01.1: BAR 1 [io  0x03f6]: legacy IDE quirk
[    0.186558] pci 0000:00:01.1: BAR 2 [io  0x0170-0x0177]: legacy IDE quirk
[    0.186824] pci 0000:00:01.1: BAR 3 [io  0x0376]: legacy IDE quirk
[    0.187652] pci 0000:00:01.3: [8086:7113] type 00 class 0x068000 conventional PCI endpoint
[    0.188034] pci 0000:00:01.3: quirk: [io  0x0600-0x063f] claimed by PIIX4 ACPI
[    0.188827] pci 0000:00:01.3: quirk: [io  0x0700-0x070f] claimed by PIIX4 SMB
[    0.189818] pci 0000:00:02.0: [1af4:1009] type 00 class 0x000200 conventional PCI endpoint
[    0.190188] pci 0000:00:02.0: BAR 0 [io  0xc000-0xc03f]
[    0.191047] pci 0000:00:02.0: BAR 1 [mem 0xfebfc000-0xfebfcfff]
[    0.192983] pci 0000:00:02.0: BAR 4 [mem 0xfebf0000-0xfebf3fff 64bit pref]
[    0.194476] pci 0000:00:03.0: [1af4:1009] type 00 class 0x000200 conventional PCI endpoint
[    0.195735] pci 0000:00:03.0: BAR 0 [io  0xc040-0xc07f]
[    0.196737] pci 0000:00:03.0: BAR 1 [mem 0xfebfd000-0xfebfdfff]
[    0.198824] pci 0000:00:03.0: BAR 4 [mem 0xfebf4000-0xfebf7fff 64bit pref]
[    0.200777] pci 0000:00:04.0: [8086:25ab] type 00 class 0x088000 conventional PCI endpoint
[    0.200980] pci 0000:00:04.0: BAR 0 [mem 0xfebfe000-0xfebfe00f]
[    0.202599] pci 0000:00:05.0: [1af4:1003] type 00 class 0x078000 conventional PCI endpoint
[    0.203136] pci 0000:00:05.0: BAR 0 [io  0xc080-0xc0bf]
[    0.203997] pci 0000:00:05.0: BAR 1 [mem 0xfebff000-0xfebfffff]
[    0.205617] pci 0000:00:05.0: BAR 4 [mem 0xfebf8000-0xfebfbfff 64bit pref]
[    0.207072] ACPI: PCI: Interrupt link LNKA configured for IRQ 10
[    0.207927] ACPI: PCI: Interrupt link LNKB configured for IRQ 10
[    0.208735] ACPI: PCI: Interrupt link LNKC configured for IRQ 11
[    0.208916] ACPI: PCI: Interrupt link LNKD configured for IRQ 11
[    0.209694] ACPI: PCI: Interrupt link LNKS configured for IRQ 9
[    0.210611] iommu: Default domain type: Translated
[    0.210824] iommu: DMA domain TLB invalidation policy: lazy mode
[    0.211582] SCSI subsystem initialized
[    0.211852] pps_core: LinuxPPS API ver. 1 registered
[    0.212440] pps_core: Software ver. 5.3.6 - Copyright 2005-2007 Rodolfo Giometti <giometti@linux.it>
[    0.212826] PTP clock support registered
[    0.213314] Advanced Linux Sound Architecture Driver Initialized.
[    0.214072] NET: Registered PF_ATMPVC protocol family
[    0.214674] NET: Registered PF_ATMSVC protocol family
[    0.214830] PCI: Using ACPI for IRQ routing
[    0.215401] vgaarb: loaded
[    0.215831] hpet0: at MMIO 0xfed00000, IRQs 2, 8, 0
[    0.216420] hpet0: 3 comparators, 64-bit 100.000000 MHz counter
[    0.221969] clocksource: Switched to clocksource kvm-clock
[    0.222711] VFS: Disk quotas dquot_6.6.0
[    0.223092] VFS: Dquot-cache hash table entries: 512 (order 0, 4096 bytes)
[    0.223954] pnp: PnP ACPI init
[    0.224475] pnp: PnP ACPI: found 5 devices
[    0.231799] clocksource: acpi_pm: mask: 0xffffff max_cycles: 0xffffff, max_idle_ns: 2085701024 ns
[    0.232866] NET: Registered PF_INET protocol family
[    0.233458] IP idents hash table entries: 16384 (order: 5, 131072 bytes, linear)
[    0.234470] tcp_listen_portaddr_hash hash table entries: 512 (order: 1, 8192 bytes, linear)
[    0.235470] Table-perturb hash table entries: 65536 (order: 6, 262144 bytes, linear)
[    0.236398] TCP established hash table entries: 8192 (order: 4, 65536 bytes, linear)
[    0.237317] TCP bind hash table entries: 8192 (order: 6, 262144 bytes, linear)
[    0.238274] TCP: Hash tables configured (established 8192 bind 8192)
[    0.239038] UDP hash table entries: 512 (order: 3, 32768 bytes, linear)
[    0.239816] UDP-Lite hash table entries: 512 (order: 3, 32768 bytes, linear)
[    0.240662] NET: Registered PF_UNIX/PF_LOCAL protocol family
[    0.241329] pci_bus 0000:00: resource 4 [io  0x0000-0x0cf7 window]
[    0.242052] pci_bus 0000:00: resource 5 [io  0x0d00-0xffff window]
[    0.242776] pci_bus 0000:00: resource 6 [mem 0x000a0000-0x000bffff window]
[    0.243574] pci_bus 0000:00: resource 7 [mem 0x40000000-0xfebfffff window]
[    0.244382] pci_bus 0000:00: resource 8 [mem 0x100000000-0x17fffffff window]
[    0.245226] pci 0000:00:01.0: PIIX3: Enabling Passive Release
[    0.245902] pci 0000:00:00.0: Limiting direct PCI/PCI transfers
[    0.246618] PCI: CLS 0 bytes, default 64
[    0.247128] kvm_intel: VMX not supported by CPU 0
[    0.247687] kvm_amd: TSC scaling supported
[    0.248170] kvm_amd: Nested Virtualization enabled
[    0.248725] kvm_amd: Nested Paging enabled
[    0.249206] kvm_amd: LBR virtualization supported
[    0.249784] kvm_amd: Virtual GIF supported
[    0.250259] kvm_amd: Virtual NMI enabled
[    0.277530] clocksource: tsc: mask: 0xffffffffffffffff max_cycles: 0x40be400eb43, max_idle_ns: 440795366972 ns
[    0.285093] Initialise system trusted keyrings
[    0.285716] workingset: timestamp_bits=56 max_order=18 bucket_order=0
[    0.286506] squashfs: version 4.0 (2009/01/31) Phillip Lougher
[    0.287206] fuse: init (API version 7.41)
[    0.287719] 9p: Installing v9fs 9p2000 file system support
[    0.294607] Key type asymmetric registered
[    0.295099] Asymmetric key parser 'x509' registered
[    0.295687] Block layer SCSI generic (bsg) driver version 0.4 loaded (major 249)
[    0.296580] io scheduler mq-deadline registered
[    0.297123] io scheduler kyber registered
[    0.299219] input: Power Button as /devices/LNXSYSTM:00/LNXPWRBN:00/input/input0
[    0.300146] ACPI: button: Power Button [PWRF]
[    0.301061] Warning: Processor Platform Limit event detected, but not handled.
[    0.301911] Consider compiling CPUfreq support into your kernel.
[    0.319117] ACPI: \_SB_.LNKB: Enabled at IRQ 10
[    0.334301] ACPI: \_SB_.LNKC: Enabled at IRQ 11
[    0.349453] ACPI: \_SB_.LNKA: Enabled at IRQ 10
[    0.350480] Serial: 8250/16550 driver, 4 ports, IRQ sharing enabled
[    0.351316] 00:03: ttyS0 at I/O 0x3f8 (irq = 4, base_baud = 115200) is a 16550A
[    0.368919] Non-volatile memory driver v1.3
[    0.369449] Linux agpgart interface v0.103
[    0.369960] printk: legacy console [hvc0] enabled
[    0.369982] ACPI: bus type drm_connector registered
[    0.370598] printk: legacy bootconsole [earlyser0] disabled
          _      _                                    
   __   _(_)_ __| |_ _ __ ___   ___       _ __   __ _ 
   \ \ / / |  __| __|  _   _ \ / _ \_____|  _ \ / _  |
    \ V /| | |  | |_| | | | | |  __/_____| | | | (_| |
     \_/ |_|_|   \__|_| |_| |_|\___|     |_| |_|\__  |
                                                |___/ 
   kernel version: 6.13.0-rc7-virtme x86_64
   (CTRL+d to exit)

root@virtme-ng:/nipa-data/kernel# PS1='xx__-> '
xx__-> env
PWD=/nipa-data/kernel
nr_open=1048576
HOME=/
TERM=xterm
SHLVL=2
XDG_RUNTIME_DIR=/run/user/0
PATH=/bin:/sbin:/usr/bin:/usr/sbin:/usr/local/bin
OLDPWD=/
_=/bin/env
xx__-> 