No EFI environment detected.
early console in extract_kernel
input_data: 0x0000000004ab52c4
input_len: 0x00000000018f72fd
output: 0x0000000001000000
output_len: 0x00000000053386d4
kernel_total_size: 0x0000000005030000
needed_size: 0x0000000005400000
trampoline_32bit: 0x0000000000000000
Physical KASLR using RDRAND RDTSC...
Virtual KASLR using RDRAND RDTSC...

Decompressing Linux... Parsing ELF... Performing relocations... done.
Booting the kernel (entry_offset: 0x0000000000000000).
[    0.000000] Linux version 6.12.0-virtme (root@347501dc7a46) (gcc (Ubuntu 13.2.0-23ubuntu4) 13.2.0, GNU ld (GNU Binutils for Ubuntu) 2.42) #1 SMP PREEMPT_DYNAMIC Thu Dec  5 15:33:00 UTC 2024
[    0.000000] Command line: virtme_hostname=virtme-ng nr_open=1048576 virtme_link_mods=/nipa-data/kernel/.virtme_mods/lib/modules/0.0.0 virtme_initmount0=nipa-data/kernel virtme_rw_overlay0=/etc virtme_rw_overlay1=/lib virtme_rw_overlay2=/home virtme_rw_overlay3=/opt virtme_rw_overlay4=/srv virtme_rw_overlay5=/usr virtme_rw_overlay6=/var console=hvc0 earlyprintk=serial,ttyS0,115200 virtme_console=ttyS0 psmouse.proto=exps TERM=xterm virtme_chdir=nipa-data/kernel virtme_root_user=1 rootfstype=9p rootflags=version=9p2000.L,trans=virtio,access=any raid=noautodetect ro init=/usr/lib/python3/dist-packages/virtme/guest/virtme-init
[    0.000000] BIOS-provided physical RAM map:
[    0.000000] BIOS-e820: [mem 0x0000000000000000-0x000000000009fbff] usable
[    0.000000] BIOS-e820: [mem 0x000000000009fc00-0x000000000009ffff] reserved
[    0.000000] BIOS-e820: [mem 0x00000000000f0000-0x00000000000fffff] reserved
[    0.000000] BIOS-e820: [mem 0x0000000000100000-0x000000003ffdffff] usable
[    0.000000] BIOS-e820: [mem 0x000000003ffe0000-0x000000003fffffff] reserved
[    0.000000] BIOS-e820: [mem 0x00000000feffc000-0x00000000feffffff] reserved
[    0.000000] BIOS-e820: [mem 0x00000000fffc0000-0x00000000ffffffff] reserved
[    0.000000] BIOS-e820: [mem 0x000000fd00000000-0x000000ffffffffff] reserved
[    0.000000] printk: legacy bootconsole [earlyser0] enabled
[    0.000000] NX (Execute Disable) protection: active
[    0.000000] APIC: Static calls initialized
[    0.000000] SMBIOS 3.0.0 present.
[    0.000000] DMI: QEMU Ubuntu 24.04 PC (i440FX + PIIX, 1996), BIOS 1.16.3-debian-1.16.3-2 04/01/2014
[    0.000000] DMI: Memory slots populated: 1/1
[    0.000000] Hypervisor detected: KVM
[    0.000000] kvm-clock: Using msrs 4b564d01 and 4b564d00
[    0.000000] kvm-clock: using sched offset of 308319316 cycles
[    0.000360] clocksource: kvm-clock: mask: 0xffffffffffffffff max_cycles: 0x1cd42e4dffb, max_idle_ns: 881590591483 ns
[    0.001488] tsc: Detected 4491.556 MHz processor
[    0.002130] last_pfn = 0x3ffe0 max_arch_pfn = 0x400000000
[    0.002529] MTRR map: 4 entries (3 fixed + 1 variable; max 19), built from 8 variable MTRRs
[    0.003103] x86/PAT: Configuration [0-7]: WB  WC  UC- UC  WB  WP  UC- WT  
[    0.004999] found SMP MP-table at [mem 0x000f5470-0x000f547f]
[    0.005405] Using GB pages for direct mapping
[    0.005891] ACPI: Early table checksum verification disabled
[    0.006282] ACPI: RSDP 0x00000000000F5290 000014 (v00 BOCHS )
[    0.006679] ACPI: RSDT 0x000000003FFE27BC 000034 (v01 BOCHS  BXPC     00000001 BXPC 00000001)
[    0.007268] ACPI: FACP 0x000000003FFE2578 000074 (v01 BOCHS  BXPC     00000001 BXPC 00000001)
[    0.007855] ACPI: DSDT 0x000000003FFE0040 002538 (v01 BOCHS  BXPC     00000001 BXPC 00000001)
[    0.008443] ACPI: FACS 0x000000003FFE0000 000040
[    0.008764] ACPI: APIC 0x000000003FFE25EC 000170 (v03 BOCHS  BXPC     00000001 BXPC 00000001)
[    0.009351] ACPI: HPET 0x000000003FFE275C 000038 (v01 BOCHS  BXPC     00000001 BXPC 00000001)
[    0.009938] ACPI: WAET 0x000000003FFE2794 000028 (v01 BOCHS  BXPC     00000001 BXPC 00000001)
[    0.010524] ACPI: Reserving FACP table memory at [mem 0x3ffe2578-0x3ffe25eb]
[    0.011009] ACPI: Reserving DSDT table memory at [mem 0x3ffe0040-0x3ffe2577]
[    0.011492] ACPI: Reserving FACS table memory at [mem 0x3ffe0000-0x3ffe003f]
[    0.011976] ACPI: Reserving APIC table memory at [mem 0x3ffe25ec-0x3ffe275b]
[    0.012460] ACPI: Reserving HPET table memory at [mem 0x3ffe275c-0x3ffe2793]
[    0.012945] ACPI: Reserving WAET table memory at [mem 0x3ffe2794-0x3ffe27bb]
[    0.013612] No NUMA configuration found
[    0.013875] Faking a node at [mem 0x0000000000000000-0x000000003ffdffff]
[    0.014340] NODE_DATA(0) allocated [mem 0x3ffdb780-0x3ffdffff]
[    0.014755] Zone ranges:
[    0.014929]   DMA      [mem 0x0000000000001000-0x0000000000ffffff]
[    0.015355]   DMA32    [mem 0x0000000001000000-0x000000003ffdffff]
[    0.015780]   Normal   empty
[    0.015978]   Device   empty
[    0.016176] Movable zone start for each node
[    0.016469] Early memory node ranges
[    0.016717]   node   0: [mem 0x0000000000001000-0x000000000009efff]
[    0.017147]   node   0: [mem 0x0000000000100000-0x000000003ffdffff]
[    0.017577] Initmem setup node 0 [mem 0x0000000000001000-0x000000003ffdffff]
[    0.018065] On node 0, zone DMA: 1 pages in unavailable ranges
[    0.018517] On node 0, zone DMA: 97 pages in unavailable ranges
[    0.023006] On node 0, zone DMA32: 32 pages in unavailable ranges
[    0.031898] kasan: KernelAddressSanitizer initialized
[    0.032466] ACPI: PM-Timer IO Port: 0x608
[    0.032762] ACPI: LAPIC_NMI (acpi_id[0xff] dfl dfl lint[0x1])
[    0.033177] IOAPIC[0]: apic_id 0, version 17, address 0xfec00000, GSI 0-23
[    0.033650] ACPI: INT_SRC_OVR (bus 0 bus_irq 0 global_irq 2 dfl dfl)
[    0.034087] ACPI: INT_SRC_OVR (bus 0 bus_irq 5 global_irq 5 high level)
[    0.034542] ACPI: INT_SRC_OVR (bus 0 bus_irq 9 global_irq 9 high level)
[    0.034996] ACPI: INT_SRC_OVR (bus 0 bus_irq 10 global_irq 10 high level)
[    0.035462] ACPI: INT_SRC_OVR (bus 0 bus_irq 11 global_irq 11 high level)
[    0.035930] ACPI: Using ACPI (MADT) for SMP configuration information
[    0.036372] ACPI: HPET id: 0x8086a201 base: 0xfed00000
[    0.036729] TSC deadline timer available
[    0.037000] CPU topo: Max. logical packages:   1
[    0.037317] CPU topo: Max. logical dies:       1
[    0.037634] CPU topo: Max. dies per package:   1
[    0.037956] CPU topo: Max. threads per core:   1
[    0.038273] CPU topo: Num. cores per package:    32
[    0.038608] CPU topo: Num. threads per package:  32
[    0.038942] CPU topo: Allowing 32 present CPUs plus 0 hotplug CPUs
[    0.039381] kvm-guest: APIC: eoi() replaced with kvm_guest_apic_eoi_write()
[    0.039869] kvm-guest: KVM setup pv remote TLB flush
[    0.040211] kvm-guest: setup PV sched yield
[    0.040507] PM: hibernation: Registered nosave memory: [mem 0x00000000-0x00000fff]
[    0.041026] PM: hibernation: Registered nosave memory: [mem 0x0009f000-0x0009ffff]
[    0.041542] PM: hibernation: Registered nosave memory: [mem 0x000a0000-0x000effff]
[    0.042059] PM: hibernation: Registered nosave memory: [mem 0x000f0000-0x000fffff]
[    0.042576] [mem 0x40000000-0xfeffbfff] available for PCI devices
[    0.042993] Booting paravirtualized kernel on KVM
[    0.043315] clocksource: refined-jiffies: mask: 0xffffffff max_cycles: 0xffffffff, max_idle_ns: 1910969940391419 ns
[    0.051864] setup_percpu: NR_CPUS:64 nr_cpumask_bits:32 nr_cpu_ids:32 nr_node_ids:1
[    0.053613] percpu: Embedded 70 pages/cpu s247896 r8192 d30632 u524288
[    0.054127] Kernel command line: virtme_hostname=virtme-ng nr_open=1048576 virtme_link_mods=/nipa-data/kernel/.virtme_mods/lib/modules/0.0.0 virtme_initmount0=nipa-data/kernel virtme_rw_overlay0=/etc virtme_rw_overlay1=/lib virtme_rw_overlay2=/home virtme_rw_overlay3=/opt virtme_rw_overlay4=/srv virtme_rw_overlay5=/usr virtme_rw_overlay6=/var console=hvc0 earlyprintk=serial,ttyS0,115200 virtme_console=ttyS0 psmouse.proto=exps TERM=xterm virtme_chdir=nipa-data/kernel virtme_root_user=1 rootfstype=9p rootflags=version=9p2000.L,trans=virtio,access=any raid=noautodetect ro init=/usr/lib/python3/dist-packages/virtme/guest/virtme-init
[    0.058199] Unknown kernel command line parameters "virtme_hostname=virtme-ng nr_open=1048576 virtme_link_mods=/nipa-data/kernel/.virtme_mods/lib/modules/0.0.0 virtme_initmount0=nipa-data/kernel virtme_rw_overlay0=/etc virtme_rw_overlay1=/lib virtme_rw_overlay2=/home virtme_rw_overlay3=/opt virtme_rw_overlay4=/srv virtme_rw_overlay5=/usr virtme_rw_overlay6=/var virtme_console=ttyS0 virtme_chdir=nipa-data/kernel virtme_root_user=1", will be passed to user space.
[    0.061283] random: crng init done
[    0.061524] printk: log buffer data + meta data: 262144 + 917504 = 1179648 bytes
[    0.062066] Dentry cache hash table entries: 131072 (order: 8, 1048576 bytes, linear)
[    0.062631] Inode-cache hash table entries: 65536 (order: 7, 524288 bytes, linear)
[    0.063564] Fallback order for Node 0: 0 
[    0.063568] Built 1 zonelists, mobility grouping on.  Total pages: 262014
[    0.064332] Policy zone: DMA32
[    0.064559] mem auto-init: stack:all(zero), heap alloc:off, heap free:off
[    0.065041] stackdepot: allocating hash table via alloc_large_system_hash
[    0.065526] stackdepot hash table entries: 1048576 (order: 12, 16777216 bytes, linear)
[    0.073404] SLUB: HWalign=64, Order=0-3, MinObjects=0, CPUs=32, Nodes=1
Poking KASLR using RDRAND RDTSC...
[    0.074170] ftrace: allocating 48853 entries in 191 pages
[    0.091087] ftrace: allocated 191 pages with 7 groups
[    0.092258] Dynamic Preempt: voluntary
[    0.092957] rcu: Preemptible hierarchical RCU implementation.
[    0.093361] rcu: RCU event tracing is enabled.
[    0.093680] rcu: RCU restricting CPUs from NR_CPUS=64 to nr_cpu_ids=32.
[    0.094151] Trampoline variant of Tasks RCU enabled.
[    0.094506] Rude variant of Tasks RCU enabled.
[    0.094824] Tracing variant of Tasks RCU enabled.
[    0.095161] rcu: RCU calculated value of scheduler-enlistment delay is 100 jiffies.
[    0.095699] rcu: Adjusting geometry for rcu_fanout_leaf=16, nr_cpu_ids=32
[    0.096237] RCU Tasks: Setting shift to 5 and lim to 1 rcu_task_cb_adjust=1 rcu_task_cpu_ids=32.
[    0.096864] RCU Tasks Rude: Setting shift to 5 and lim to 1 rcu_task_cb_adjust=1 rcu_task_cpu_ids=32.
[    0.097511] RCU Tasks Trace: Setting shift to 5 and lim to 1 rcu_task_cb_adjust=1 rcu_task_cpu_ids=32.
[    0.106176] NR_IRQS: 4352, nr_irqs: 680, preallocated irqs: 16
[    0.106831] rcu: srcu_init: Setting srcu_struct sizes based on contention.
[    0.107522] Console: colour *CGA 80x25
[    0.107816] ACPI: Core revision 20240827
[    0.108238] clocksource: hpet: mask: 0xffffffff max_cycles: 0xffffffff, max_idle_ns: 19112604467 ns
[    0.108949] APIC: Switch to symmetric I/O mode setup
[    0.109310] kvm-guest: APIC: send_IPI_mask() replaced with kvm_send_ipi_mask()
[    0.109820] kvm-guest: APIC: send_IPI_mask_allbutself() replaced with kvm_send_ipi_mask_allbutself()
[    0.110451] kvm-guest: setup PV IPIs
[    0.111528] ..TIMER: vector=0x30 apic1=0 pin1=2 apic2=-1 pin2=-1
[    0.112297] clocksource: tsc-early: mask: 0xffffffffffffffff max_cycles: 0x40be400eb43, max_idle_ns: 440795366972 ns
[    0.113617] Calibrating delay loop (skipped) preset value.. 8983.11 BogoMIPS (lpj=4491556)
[    0.114681] x86/cpu: User Mode Instruction Prevention (UMIP) activated
[    0.115672] Last level iTLB entries: 4KB 512, 2MB 255, 4MB 127
[    0.116616] Last level dTLB entries: 4KB 512, 2MB 255, 4MB 127, 1GB 0
[    0.117620] Spectre V1 : Mitigation: usercopy/swapgs barriers and __user pointer sanitization
[    0.118620] Spectre V2 : Mitigation: Enhanced / Automatic IBRS
[    0.119332] Spectre V2 : Spectre v2 / SpectreRSB mitigation: Filling RSB on context switch
[    0.119617] Spectre V2 : mitigation: Enabling conditional Indirect Branch Prediction Barrier
[    0.120618] Speculative Store Bypass: Mitigation: Speculative Store Bypass disabled via prctl
[    0.121616] Speculative Return Stack Overflow: IBPB-extending microcode not applied!
[    0.122616] Speculative Return Stack Overflow: WARNING: See https://kernel.org/doc/html/latest/admin-guide/hw-vuln/srso.html for mitigation options.
[    0.122617] Speculative Return Stack Overflow: Vulnerable: Safe RET, no microcode
[    0.124630] x86/fpu: Supporting XSAVE feature 0x001: 'x87 floating point registers'
[    0.125616] x86/fpu: Supporting XSAVE feature 0x002: 'SSE registers'
[    0.126616] x86/fpu: Supporting XSAVE feature 0x004: 'AVX registers'
[    0.127616] x86/fpu: Supporting XSAVE feature 0x020: 'AVX-512 opmask'
[    0.128390] x86/fpu: Supporting XSAVE feature 0x040: 'AVX-512 Hi256'
[    0.128616] x86/fpu: Supporting XSAVE feature 0x080: 'AVX-512 ZMM_Hi256'
[    0.129616] x86/fpu: Supporting XSAVE feature 0x200: 'Protection Keys User registers'
[    0.130616] x86/fpu: xstate_offset[2]:  576, xstate_sizes[2]:  256
[    0.131616] x86/fpu: xstate_offset[5]:  832, xstate_sizes[5]:   64
[    0.132353] x86/fpu: xstate_offset[6]:  896, xstate_sizes[6]:  512
[    0.132616] x86/fpu: xstate_offset[7]: 1408, xstate_sizes[7]: 1024
[    0.133616] x86/fpu: xstate_offset[9]: 2432, xstate_sizes[9]:    8
[    0.134616] x86/fpu: Enabled xstate features 0x2e7, context size is 2440 bytes, using 'compacted' format.
[    0.155477] Freeing SMP alternatives memory: 40K
[    0.155618] pid_max: default: 32768 minimum: 301
[    0.156726] Mount-cache hash table entries: 2048 (order: 2, 16384 bytes, linear)
[    0.157611] Mountpoint-cache hash table entries: 2048 (order: 2, 16384 bytes, linear)
[    0.159161] smpboot: CPU0: AMD Ryzen 9 7950X 16-Core Processor (family: 0x19, model: 0x61, stepping: 0x2)
[    0.160062] Performance Events: Fam17h+ core perfctr, AMD PMU driver.
[    0.160620] ... version:                0
[    0.161099] ... bit width:              48
[    0.161587] ... generic registers:      6
[    0.161618] ... value mask:             0000ffffffffffff
[    0.162251] ... max period:             00007fffffffffff
[    0.162618] ... fixed-purpose events:   0
[    0.163095] ... event mask:             000000000000003f
[    0.163724] signal: max sigframe size: 3376
[    0.164265] rcu: Hierarchical SRCU implementation.
[    0.164618] rcu: Max phase no-delay instances is 400.
[    0.165301] Timer migration: 2 hierarchy levels; 8 children per group; 2 crossnode level
[    0.169202] smp: Bringing up secondary CPUs ...
[    0.169792] smpboot: x86: Booting SMP configuration:
[    0.170385] .... node  #0, CPUs:        #1  #2  #3  #4  #5  #6  #7  #8  #9 #10 #11 #12 #13 #14 #15 #16 #17 #18 #19 #20 #21 #22 #23 #24 #25 #26 #27 #28 #29 #30 #31
[    0.197717] smp: Brought up 1 node, 32 CPUs
[    0.199125] smpboot: Total of 32 processors activated (287459.58 BogoMIPS)
[    0.202734] Memory: 763368K/1048056K available (45056K kernel code, 11457K rwdata, 10080K rodata, 6044K init, 1652K bss, 269044K reserved, 0K cma-reserved)
[    0.203731] devtmpfs: initialized
[    0.204182] x86/mm: Memory block size: 128MB
[    0.210338] clocksource: jiffies: mask: 0xffffffff max_cycles: 0xffffffff, max_idle_ns: 1911260446275000 ns
[    0.210622] futex hash table entries: 8192 (order: 7, 524288 bytes, linear)
[    0.211795] PM: RTC time: 15:33:23, date: 2024-12-05
[    0.212967] NET: Registered PF_NETLINK/PF_ROUTE protocol family
[    0.214424] thermal_sys: Registered thermal governor 'step_wise'
[    0.214427] thermal_sys: Registered thermal governor 'user_space'
[    0.214643] cpuidle: using governor menu
[    0.216884] PCI: Using configuration type 1 for base access
[    0.217567] PCI: Using configuration type 1 for extended access
[    0.217740] kprobes: kprobe jump-optimization is enabled. All kprobes are optimized if possible.
[    0.235637] HugeTLB: registered 1.00 GiB page size, pre-allocated 0 pages
[    0.236459] HugeTLB: 16380 KiB vmemmap can be freed for a 1.00 GiB page
[    0.236618] HugeTLB: registered 2.00 MiB page size, pre-allocated 0 pages
[    0.237444] HugeTLB: 28 KiB vmemmap can be freed for a 2.00 MiB page
[    0.238939] ACPI: Added _OSI(Module Device)
[    0.239618] ACPI: Added _OSI(Processor Device)
[    0.240159] ACPI: Added _OSI(3.0 _SCP Extensions)
[    0.240618] ACPI: Added _OSI(Processor Aggregator Device)
[    0.262935] ACPI: 1 ACPI AML tables successfully acquired and loaded
[    0.268363] ACPI: Interpreter enabled
[    0.268674] ACPI: PM: (supports S0 S3 S4 S5)
[    0.269199] ACPI: Using IOAPIC for interrupt routing
[    0.269663] PCI: Using host bridge windows from ACPI; if necessary, use "pci=nocrs" and report a bug
[    0.270618] PCI: Using E820 reservations for host bridge windows
[    0.272342] ACPI: Enabled 2 GPEs in block 00 to 0F
[    0.316784] ACPI: PCI Root Bridge [PCI0] (domain 0000 [bus 00-ff])
[    0.317573] acpi PNP0A03:00: _OSC: OS supports [ExtendedConfig ASPM ClockPM Segments MSI HPX-Type3]
[    0.320085] PCI host bridge to bus 0000:00
[    0.320650] pci_bus 0000:00: root bus resource [io  0x0000-0x0cf7 window]
[    0.321492] pci_bus 0000:00: root bus resource [io  0x0d00-0xffff window]
[    0.321620] pci_bus 0000:00: root bus resource [mem 0x000a0000-0x000bffff window]
[    0.322540] pci_bus 0000:00: root bus resource [mem 0x40000000-0xfebfffff window]
[    0.323620] pci_bus 0000:00: root bus resource [mem 0x100000000-0x17fffffff window]
[    0.324564] pci_bus 0000:00: root bus resource [bus 00-ff]
[    0.325713] pci 0000:00:00.0: [8086:1237] type 00 class 0x060000 conventional PCI endpoint
[    0.327435] pci 0000:00:01.0: [8086:7000] type 00 class 0x060100 conventional PCI endpoint
[    0.329481] pci 0000:00:01.1: [8086:7010] type 00 class 0x010180 conventional PCI endpoint
[    0.332302] pci 0000:00:01.1: BAR 4 [io  0xc0c0-0xc0cf]
[    0.333331] pci 0000:00:01.1: BAR 0 [io  0x01f0-0x01f7]: legacy IDE quirk
[    0.333618] pci 0000:00:01.1: BAR 1 [io  0x03f6]: legacy IDE quirk
[    0.334374] pci 0000:00:01.1: BAR 2 [io  0x0170-0x0177]: legacy IDE quirk
[    0.335618] pci 0000:00:01.1: BAR 3 [io  0x0376]: legacy IDE quirk
[    0.337021] pci 0000:00:01.3: [8086:7113] type 00 class 0x068000 conventional PCI endpoint
[    0.338871] pci 0000:00:01.3: quirk: [io  0x0600-0x063f] claimed by PIIX4 ACPI
[    0.339622] pci 0000:00:01.3: quirk: [io  0x0700-0x070f] claimed by PIIX4 SMB
[    0.341191] pci 0000:00:02.0: [1af4:1009] type 00 class 0x000200 conventional PCI endpoint
[    0.341969] pci 0000:00:02.0: BAR 0 [io  0xc000-0xc03f]
[    0.342933] pci 0000:00:02.0: BAR 1 [mem 0xfebfc000-0xfebfcfff]
[    0.346618] pci 0000:00:02.0: BAR 4 [mem 0xfebf0000-0xfebf3fff 64bit pref]
[    0.358807] pci 0000:00:03.0: [1af4:1009] type 00 class 0x000200 conventional PCI endpoint
[    0.359942] pci 0000:00:03.0: BAR 0 [io  0xc040-0xc07f]
[    0.361748] pci 0000:00:03.0: BAR 1 [mem 0xfebfd000-0xfebfdfff]
[    0.363289] pci 0000:00:03.0: BAR 4 [mem 0xfebf4000-0xfebf7fff 64bit pref]
[    0.374595] pci 0000:00:04.0: [8086:25ab] type 00 class 0x088000 conventional PCI endpoint
[    0.375762] pci 0000:00:04.0: BAR 0 [mem 0xfebfe000-0xfebfe00f]
[    0.387588] pci 0000:00:05.0: [1af4:1003] type 00 class 0x078000 conventional PCI endpoint
[    0.388903] pci 0000:00:05.0: BAR 0 [io  0xc080-0xc0bf]
[    0.389735] pci 0000:00:05.0: BAR 1 [mem 0xfebff000-0xfebfffff]
[    0.391231] pci 0000:00:05.0: BAR 4 [mem 0xfebf8000-0xfebfbfff 64bit pref]
[    0.405735] ACPI: PCI: Interrupt link LNKA configured for IRQ 10
[    0.407354] ACPI: PCI: Interrupt link LNKB configured for IRQ 10
[    0.408485] ACPI: PCI: Interrupt link LNKC configured for IRQ 11
[    0.410484] ACPI: PCI: Interrupt link LNKD configured for IRQ 11
[    0.410979] ACPI: PCI: Interrupt link LNKS configured for IRQ 9
[    0.429832] iommu: Default domain type: Translated
[    0.430434] iommu: DMA domain TLB invalidation policy: lazy mode
[    0.431055] SCSI subsystem initialized
[    0.431834] pps_core: LinuxPPS API ver. 1 registered
[    0.432451] pps_core: Software ver. 5.3.6 - Copyright 2005-2007 Rodolfo Giometti <giometti@linux.it>
[    0.433632] PTP clock support registered
[    0.434735] Advanced Linux Sound Architecture Driver Initialized.
[    0.436699] NET: Registered PF_ATMPVC protocol family
[    0.437325] NET: Registered PF_ATMSVC protocol family
[    0.437653] PCI: Using ACPI for IRQ routing
[    0.438656] vgaarb: loaded
[    0.438731] hpet0: at MMIO 0xfed00000, IRQs 2, 8, 0
[    0.439337] hpet0: 3 comparators, 64-bit 100.000000 MHz counter
[    0.443971] clocksource: Switched to clocksource kvm-clock
[    0.444886] VFS: Disk quotas dquot_6.6.0
[    0.445392] VFS: Dquot-cache hash table entries: 512 (order 0, 4096 bytes)
[    0.446896] pnp: PnP ACPI init
[    0.453434] pnp: PnP ACPI: found 5 devices
[    0.465573] clocksource: acpi_pm: mask: 0xffffff max_cycles: 0xffffff, max_idle_ns: 2085701024 ns
[    0.466721] NET: Registered PF_INET protocol family
[    0.467361] IP idents hash table entries: 16384 (order: 5, 131072 bytes, linear)
[    0.468630] tcp_listen_portaddr_hash hash table entries: 512 (order: 1, 8192 bytes, linear)
[    0.469662] Table-perturb hash table entries: 65536 (order: 6, 262144 bytes, linear)
[    0.470625] TCP established hash table entries: 8192 (order: 4, 65536 bytes, linear)
[    0.471671] TCP bind hash table entries: 8192 (order: 6, 262144 bytes, linear)
[    0.472564] TCP: Hash tables configured (established 8192 bind 8192)
[    0.473494] UDP hash table entries: 512 (order: 3, 32768 bytes, linear)
[    0.474337] UDP-Lite hash table entries: 512 (order: 3, 32768 bytes, linear)
[    0.475403] NET: Registered PF_UNIX/PF_LOCAL protocol family
[    0.476109] pci_bus 0000:00: resource 4 [io  0x0000-0x0cf7 window]
[    0.476864] pci_bus 0000:00: resource 5 [io  0x0d00-0xffff window]
[    0.477622] pci_bus 0000:00: resource 6 [mem 0x000a0000-0x000bffff window]
[    0.478460] pci_bus 0000:00: resource 7 [mem 0x40000000-0xfebfffff window]
[    0.479298] pci_bus 0000:00: resource 8 [mem 0x100000000-0x17fffffff window]
[    0.480342] pci 0000:00:01.0: PIIX3: Enabling Passive Release
[    0.481045] pci 0000:00:00.0: Limiting direct PCI/PCI transfers
[    0.481808] PCI: CLS 0 bytes, default 64
[    0.482485] kvm_intel: VMX not supported by CPU 2
[    0.483078] kvm_amd: TSC scaling supported
[    0.483589] kvm_amd: Nested Virtualization enabled
[    0.484171] kvm_amd: Nested Paging enabled
[    0.484675] kvm_amd: LBR virtualization supported
[    0.485259] kvm_amd: Virtual GIF supported
[    0.485765] kvm_amd: Virtual NMI enabled
[    0.528690] clocksource: tsc: mask: 0xffffffffffffffff max_cycles: 0x40be400eb43, max_idle_ns: 440795366972 ns
[    0.546988] Initialise system trusted keyrings
[    0.547671] workingset: timestamp_bits=56 max_order=18 bucket_order=0
[    0.548567] squashfs: version 4.0 (2009/01/31) Phillip Lougher
[    0.549298] fuse: init (API version 7.41)
[    0.549921] 9p: Installing v9fs 9p2000 file system support
[    0.559582] Key type asymmetric registered
[    0.560093] Asymmetric key parser 'x509' registered
[    0.560761] Block layer SCSI generic (bsg) driver version 0.4 loaded (major 249)
[    0.561707] io scheduler mq-deadline registered
[    0.562264] io scheduler kyber registered
[    0.564878] input: Power Button as /devices/LNXSYSTM:00/LNXPWRBN:00/input/input0
[    0.566027] ACPI: button: Power Button [PWRF]
[    0.567908] Warning: Processor Platform Limit event detected, but not handled.
[    0.568814] Consider compiling CPUfreq support into your kernel.
[    1.355530] ACPI: \_SB_.LNKB: Enabled at IRQ 10
[    2.134086] ACPI: \_SB_.LNKC: Enabled at IRQ 11
[    2.912714] ACPI: \_SB_.LNKA: Enabled at IRQ 10
[    2.914052] Serial: 8250/16550 driver, 4 ports, IRQ sharing enabled
[    2.915142] 00:03: ttyS0 at I/O 0x3f8 (irq = 4, base_baud = 115200) is a 16550A
[    2.939521] Non-volatile memory driver v1.3
[    2.940047] Linux agpgart interface v0.103
[    2.940733] ACPI: bus type drm_connector registered
[    2.941360] printk: legacy console [hvc0] enabled
[    2.941962] printk: legacy bootconsole [earlyser0] disabled
          _      _                                    
   __   _(_)_ __| |_ _ __ ___   ___       _ __   __ _ 
   \ \ / / |  __| __|  _   _ \ / _ \_____|  _ \ / _  |
    \ V /| | |  | |_| | | | | |  __/_____| | | | (_| |
     \_/ |_|_|   \__|_| |_| |_|\___|     |_| |_|\__  |
                                                |___/ 
   kernel version: 6.12.0-virtme x86_64
   (CTRL+d to exit)

root@virtme-ng:/nipa-data/kernel# PS1='xx__-> '
xx__-> env
PWD=/nipa-data/kernel
nr_open=1048576
HOME=/
TERM=xterm
SHLVL=2
XDG_RUNTIME_DIR=/run/user/0
PATH=/bin:/sbin:/usr/bin:/usr/sbin:/usr/local/bin
OLDPWD=/
_=/bin/env
xx__-> 