No EFI environment detected.
early console in extract_kernel
input_data: 0x00000000029ed2b9
input_len: 0x0000000000b1e334
output: 0x0000000001000000
output_len: 0x00000000024c56e0
kernel_total_size: 0x0000000002230000
needed_size: 0x0000000002600000
trampoline_32bit: 0x0000000000000000
Physical KASLR using RDRAND RDTSC...
Virtual KASLR using RDRAND RDTSC...

Decompressing Linux... Parsing ELF... Performing relocations... done.
Booting the kernel (entry_offset: 0x0000000000000000).
[    0.000000] Linux version 6.9.0-rc1-virtme (root@c00e541d4cd0) (gcc (Alpine 13.2.1_git20240309) 13.2.1 20240309, GNU ld (GNU Binutils) 2.42) #1 SMP PREEMPT_DYNAMIC Sun Mar 31 12:07:03 UTC 2024
[    0.000000] Command line: virtme_hostname=virtme-ng nr_open=1048576 virtme_link_mods=/nipa-data/kernel/.virtme_mods/lib/modules/0.0.0 virtme_initmount0=nipa-data/kernel virtme_rw_overlay0=/etc virtme_rw_overlay1=/lib virtme_rw_overlay2=/home virtme_rw_overlay3=/opt virtme_rw_overlay4=/srv virtme_rw_overlay5=/usr virtme_rw_overlay6=/var console=hvc0 earlyprintk=serial,ttyS0,115200 virtme_console=ttyS0 psmouse.proto=exps TERM=xterm virtme_chdir=nipa-data/kernel virtme_root_user=1 rootfstype=9p rootflags=version=9p2000.L,trans=virtio,access=any raid=noautodetect ro init=/usr/lib/python3.11/site-packages/virtme/guest/virtme-init
[    0.000000] BIOS-provided physical RAM map:
[    0.000000] BIOS-e820: [mem 0x0000000000000000-0x000000000009fbff] usable
[    0.000000] BIOS-e820: [mem 0x000000000009fc00-0x000000000009ffff] reserved
[    0.000000] BIOS-e820: [mem 0x00000000000f0000-0x00000000000fffff] reserved
[    0.000000] BIOS-e820: [mem 0x0000000000100000-0x000000003ffdffff] usable
[    0.000000] BIOS-e820: [mem 0x000000003ffe0000-0x000000003fffffff] reserved
[    0.000000] BIOS-e820: [mem 0x00000000feffc000-0x00000000feffffff] reserved
[    0.000000] BIOS-e820: [mem 0x00000000fffc0000-0x00000000ffffffff] reserved
[    0.000000] BIOS-e820: [mem 0x000000fd00000000-0x000000ffffffffff] reserved
[    0.000000] printk: legacy bootconsole [earlyser0] enabled
[    0.000000] NX (Execute Disable) protection: active
[    0.000000] APIC: Static calls initialized
[    0.000000] SMBIOS 3.0.0 present.
[    0.000000] DMI: QEMU Standard PC (i440FX + PIIX, 1996), BIOS rel-1.16.3-0-ga6ed6b701f0a-prebuilt.qemu.org 04/01/2014
[    0.000000] Hypervisor detected: KVM
[    0.000000] kvm-clock: Using msrs 4b564d01 and 4b564d00
[    0.000000] kvm-clock: using sched offset of 238883720 cycles
[    0.000395] clocksource: kvm-clock: mask: 0xffffffffffffffff max_cycles: 0x1cd42e4dffb, max_idle_ns: 881590591483 ns
[    0.001622] tsc: Detected 4491.536 MHz processor
[    0.002248] last_pfn = 0x3ffe0 max_arch_pfn = 0x400000000
[    0.002682] MTRR map: 4 entries (3 fixed + 1 variable; max 19), built from 8 variable MTRRs
[    0.003316] x86/PAT: Configuration [0-7]: WB  WC  UC- UC  WB  WP  UC- WT  
Memory KASLR using RDRAND RDTSC...
[    0.005512] found SMP MP-table at [mem 0x000f5470-0x000f547f]
[    0.005949] Using GB pages for direct mapping
[    0.006322] ACPI: Early table checksum verification disabled
[    0.006748] ACPI: RSDP 0x00000000000F5290 000014 (v00 BOCHS )
[    0.007182] ACPI: RSDT 0x000000003FFE27BC 000034 (v01 BOCHS  BXPC     00000001 BXPC 00000001)
[    0.007829] ACPI: FACP 0x000000003FFE2578 000074 (v01 BOCHS  BXPC     00000001 BXPC 00000001)
[    0.008470] ACPI: DSDT 0x000000003FFE0040 002538 (v01 BOCHS  BXPC     00000001 BXPC 00000001)
[    0.009110] ACPI: FACS 0x000000003FFE0000 000040
[    0.009457] ACPI: APIC 0x000000003FFE25EC 000170 (v03 BOCHS  BXPC     00000001 BXPC 00000001)
[    0.010101] ACPI: HPET 0x000000003FFE275C 000038 (v01 BOCHS  BXPC     00000001 BXPC 00000001)
[    0.010747] ACPI: WAET 0x000000003FFE2794 000028 (v01 BOCHS  BXPC     00000001 BXPC 00000001)
[    0.011389] ACPI: Reserving FACP table memory at [mem 0x3ffe2578-0x3ffe25eb]
[    0.011918] ACPI: Reserving DSDT table memory at [mem 0x3ffe0040-0x3ffe2577]
[    0.012446] ACPI: Reserving FACS table memory at [mem 0x3ffe0000-0x3ffe003f]
[    0.012975] ACPI: Reserving APIC table memory at [mem 0x3ffe25ec-0x3ffe275b]
[    0.013505] ACPI: Reserving HPET table memory at [mem 0x3ffe275c-0x3ffe2793]
[    0.014034] ACPI: Reserving WAET table memory at [mem 0x3ffe2794-0x3ffe27bb]
[    0.014706] No NUMA configuration found
[    0.014999] Faking a node at [mem 0x0000000000000000-0x000000003ffdffff]
[    0.015507] NODE_DATA(0) allocated [mem 0x3ffdb000-0x3ffdffff]
[    0.015957] Zone ranges:
[    0.016148]   DMA      [mem 0x0000000000001000-0x0000000000ffffff]
[    0.016614]   DMA32    [mem 0x0000000001000000-0x000000003ffdffff]
[    0.017082]   Normal   empty
[    0.017298]   Device   empty
[    0.017513] Movable zone start for each node
[    0.017834] Early memory node ranges
[    0.018101]   node   0: [mem 0x0000000000001000-0x000000000009efff]
[    0.018571]   node   0: [mem 0x0000000000100000-0x000000003ffdffff]
[    0.019041] Initmem setup node 0 [mem 0x0000000000001000-0x000000003ffdffff]
[    0.019574] On node 0, zone DMA: 1 pages in unavailable ranges
[    0.020024] On node 0, zone DMA: 97 pages in unavailable ranges
[    0.021443] On node 0, zone DMA32: 32 pages in unavailable ranges
[    0.022106] ACPI: PM-Timer IO Port: 0x608
[    0.022409] ACPI: LAPIC_NMI (acpi_id[0xff] dfl dfl lint[0x1])
[    0.022856] IOAPIC[0]: apic_id 0, version 17, address 0xfec00000, GSI 0-23
[    0.023381] ACPI: INT_SRC_OVR (bus 0 bus_irq 0 global_irq 2 dfl dfl)
[    0.023861] ACPI: INT_SRC_OVR (bus 0 bus_irq 5 global_irq 5 high level)
[    0.024362] ACPI: INT_SRC_OVR (bus 0 bus_irq 9 global_irq 9 high level)
[    0.024861] ACPI: INT_SRC_OVR (bus 0 bus_irq 10 global_irq 10 high level)
[    0.025369] ACPI: INT_SRC_OVR (bus 0 bus_irq 11 global_irq 11 high level)
[    0.025877] ACPI: Using ACPI (MADT) for SMP configuration information
[    0.026359] ACPI: HPET id: 0x8086a201 base: 0xfed00000
[    0.026744] TSC deadline timer available
[    0.027039] CPU topo: Max. logical packages:   1
[    0.027386] CPU topo: Max. logical dies:       1
[    0.027731] CPU topo: Max. dies per package:   1
[    0.028077] CPU topo: Max. threads per core:  32
[    0.028421] CPU topo: Num. cores per package:     1
[    0.028785] CPU topo: Num. threads per package:  32
[    0.029148] CPU topo: Allowing 32 present CPUs plus 0 hotplug CPUs
[    0.029618] kvm-guest: APIC: eoi() replaced with kvm_guest_apic_eoi_write()
[    0.030148] kvm-guest: KVM setup pv remote TLB flush
[    0.030520] kvm-guest: setup PV sched yield
[    0.030836] PM: hibernation: Registered nosave memory: [mem 0x00000000-0x00000fff]
[    0.031420] PM: hibernation: Registered nosave memory: [mem 0x0009f000-0x0009ffff]
[    0.031986] PM: hibernation: Registered nosave memory: [mem 0x000a0000-0x000effff]
[    0.032550] PM: hibernation: Registered nosave memory: [mem 0x000f0000-0x000fffff]
[    0.033118] [mem 0x40000000-0xfeffbfff] available for PCI devices
[    0.033576] Booting paravirtualized kernel on KVM
[    0.033931] clocksource: refined-jiffies: mask: 0xffffffff max_cycles: 0xffffffff, max_idle_ns: 1910969940391419 ns
[    0.037764] setup_percpu: NR_CPUS:64 nr_cpumask_bits:32 nr_cpu_ids:32 nr_node_ids:1
[    0.038958] percpu: Embedded 58 pages/cpu s198952 r8192 d30424 u262144
[    0.039480] Kernel command line: virtme_hostname=virtme-ng nr_open=1048576 virtme_link_mods=/nipa-data/kernel/.virtme_mods/lib/modules/0.0.0 virtme_initmount0=nipa-data/kernel virtme_rw_overlay0=/etc virtme_rw_overlay1=/lib virtme_rw_overlay2=/home virtme_rw_overlay3=/opt virtme_rw_overlay4=/srv virtme_rw_overlay5=/usr virtme_rw_overlay6=/var console=hvc0 earlyprintk=serial,ttyS0,115200 virtme_console=ttyS0 psmouse.proto=exps TERM=xterm virtme_chdir=nipa-data/kernel virtme_root_user=1 rootfstype=9p rootflags=version=9p2000.L,trans=virtio,access=any raid=noautodetect ro init=/usr/lib/python3.11/site-packages/virtme/guest/virtme-init
[    0.043861] Unknown kernel command line parameters "virtme_hostname=virtme-ng nr_open=1048576 virtme_link_mods=/nipa-data/kernel/.virtme_mods/lib/modules/0.0.0 virtme_initmount0=nipa-data/kernel virtme_rw_overlay0=/etc virtme_rw_overlay1=/lib virtme_rw_overlay2=/home virtme_rw_overlay3=/opt virtme_rw_overlay4=/srv virtme_rw_overlay5=/usr virtme_rw_overlay6=/var virtme_console=ttyS0 virtme_chdir=nipa-data/kernel virtme_root_user=1", will be passed to user space.
[    0.047189] random: crng init done
[    0.047483] Dentry cache hash table entries: 131072 (order: 8, 1048576 bytes, linear)
[    0.048103] Inode-cache hash table entries: 65536 (order: 7, 524288 bytes, linear)
[    0.048770] Fallback order for Node 0: 0 
[    0.048773] Built 1 zonelists, mobility grouping on.  Total pages: 257760
[    0.049613] Policy zone: DMA32
[    0.049850] mem auto-init: stack:all(zero), heap alloc:off, heap free:off
[    0.051133] Memory: 986620K/1048056K available (16384K kernel code, 2399K rwdata, 6100K rodata, 3048K init, 2120K bss, 61176K reserved, 0K cma-reserved)
[    0.052216] SLUB: HWalign=64, Order=0-3, MinObjects=0, CPUs=32, Nodes=1
Poking KASLR using RDRAND RDTSC...
[    0.052986] ftrace: allocating 47518 entries in 186 pages
[    0.060246] ftrace: allocated 186 pages with 5 groups
[    0.061256] Dynamic Preempt: voluntary
[    0.061697] rcu: Preemptible hierarchical RCU implementation.
[    0.062139] rcu: RCU event tracing is enabled.
[    0.062487] rcu: RCU restricting CPUs from NR_CPUS=64 to nr_cpu_ids=32.
[    0.063001] Trampoline variant of Tasks RCU enabled.
[    0.063394] Rude variant of Tasks RCU enabled.
[    0.063741] Tracing variant of Tasks RCU enabled.
[    0.064112] rcu: RCU calculated value of scheduler-enlistment delay is 100 jiffies.
[    0.064699] rcu: Adjusting geometry for rcu_fanout_leaf=16, nr_cpu_ids=32
[    0.065224] RCU Tasks: Setting shift to 5 and lim to 1 rcu_task_cb_adjust=1.
[    0.065764] RCU Tasks Rude: Setting shift to 5 and lim to 1 rcu_task_cb_adjust=1.
[    0.066336] RCU Tasks Trace: Setting shift to 5 and lim to 1 rcu_task_cb_adjust=1.
[    0.068359] NR_IRQS: 4352, nr_irqs: 680, preallocated irqs: 16
[    0.068971] rcu: srcu_init: Setting srcu_struct sizes based on contention.
[    0.069628] Console: colour *CGA 80x25
[    0.069919] ACPI: Core revision 20230628
[    0.070285] clocksource: hpet: mask: 0xffffffff max_cycles: 0xffffffff, max_idle_ns: 19112604467 ns
[    0.071031] APIC: Switch to symmetric I/O mode setup
[    0.071446] APIC: Switched APIC routing to: physical flat
[    0.071854] kvm-guest: APIC: send_IPI_mask() replaced with kvm_send_ipi_mask()
[    0.072398] kvm-guest: APIC: send_IPI_mask_allbutself() replaced with kvm_send_ipi_mask_allbutself()
[    0.073097] kvm-guest: setup PV IPIs
[    0.074162] ..TIMER: vector=0x30 apic1=0 pin1=2 apic2=-1 pin2=-1
[    0.074972] tsc: Marking TSC unstable due to TSCs unsynchronized
[    0.075795] Calibrating delay loop (skipped) preset value.. 8983.07 BogoMIPS (lpj=4491536)
[    0.076853] x86/cpu: User Mode Instruction Prevention (UMIP) activated
[    0.077844] Last level iTLB entries: 4KB 512, 2MB 255, 4MB 127
[    0.078793] Last level dTLB entries: 4KB 512, 2MB 255, 4MB 127, 1GB 0
[    0.079797] Spectre V1 : Mitigation: usercopy/swapgs barriers and __user pointer sanitization
[    0.080797] Spectre V2 : Mitigation: Enhanced / Automatic IBRS
[    0.081793] Spectre V2 : Spectre v2 / SpectreRSB mitigation: Filling RSB on context switch
[    0.082794] Spectre V2 : mitigation: Enabling conditional Indirect Branch Prediction Barrier
[    0.083793] Spectre V2 : User space: Mitigation: STIBP always-on protection
[    0.084794] Speculative Store Bypass: Mitigation: Speculative Store Bypass disabled via prctl
[    0.085793] Speculative Return Stack Overflow: IBPB-extending microcode not applied!
[    0.086793] Speculative Return Stack Overflow: WARNING: See https://kernel.org/doc/html/latest/admin-guide/hw-vuln/srso.html for mitigation options.
[    0.086794] Speculative Return Stack Overflow: Vulnerable: Safe RET, no microcode
[    0.088808] x86/fpu: Supporting XSAVE feature 0x001: 'x87 floating point registers'
[    0.089793] x86/fpu: Supporting XSAVE feature 0x002: 'SSE registers'
[    0.090793] x86/fpu: Supporting XSAVE feature 0x004: 'AVX registers'
[    0.091793] x86/fpu: Supporting XSAVE feature 0x020: 'AVX-512 opmask'
[    0.092793] x86/fpu: Supporting XSAVE feature 0x040: 'AVX-512 Hi256'
[    0.093793] x86/fpu: Supporting XSAVE feature 0x080: 'AVX-512 ZMM_Hi256'
[    0.094793] x86/fpu: Supporting XSAVE feature 0x200: 'Protection Keys User registers'
[    0.095794] x86/fpu: xstate_offset[2]:  576, xstate_sizes[2]:  256
[    0.096605] x86/fpu: xstate_offset[5]:  832, xstate_sizes[5]:   64
[    0.096793] x86/fpu: xstate_offset[6]:  896, xstate_sizes[6]:  512
[    0.097793] x86/fpu: xstate_offset[7]: 1408, xstate_sizes[7]: 1024
[    0.098793] x86/fpu: xstate_offset[9]: 2432, xstate_sizes[9]:    8
[    0.099793] x86/fpu: Enabled xstate features 0x2e7, context size is 2440 bytes, using 'compacted' format.
[    0.115903] Freeing SMP alternatives memory: 40K
[    0.116517] pid_max: default: 32768 minimum: 301
[    0.116821] Mount-cache hash table entries: 2048 (order: 2, 16384 bytes, linear)
[    0.117794] Mountpoint-cache hash table entries: 2048 (order: 2, 16384 bytes, linear)
[    0.118962] smpboot: CPU0: AMD Ryzen 9 7950X 16-Core Processor (family: 0x19, model: 0x61, stepping: 0x2)
[    0.119909] Performance Events: Fam17h+ core perfctr, AMD PMU driver.
[    0.120777] ... version:                0
[    0.120795] ... bit width:              48
[    0.121331] ... generic registers:      6
[    0.121795] ... value mask:             0000ffffffffffff
[    0.122485] ... max period:             00007fffffffffff
[    0.122795] ... fixed-purpose events:   0
[    0.123320] ... event mask:             000000000000003f
[    0.123880] signal: max sigframe size: 3376
[    0.124445] rcu: Hierarchical SRCU implementation.
[    0.124795] rcu: Max phase no-delay instances is 400.
[    0.127768] smp: Bringing up secondary CPUs ...
[    0.127851] smpboot: x86: Booting SMP configuration:
[    0.128505] .... node  #0, CPUs:        #1  #2  #3  #4  #5  #6  #7  #8  #9 #10 #11 #12 #13 #14 #15 #16 #17 #18 #19 #20 #21 #22 #23 #24 #25 #26 #27 #28 #29 #30 #31
[    0.134189] Spectre V2 : Update user space SMT mitigation: STIBP always-on
[    0.149850] smp: Brought up 1 node, 32 CPUs
[    0.150409] smpboot: Total of 32 processors activated (287458.30 BogoMIPS)
[    0.152949] devtmpfs: initialized
[    0.153246] x86/mm: Memory block size: 128MB
[    0.154517] clocksource: jiffies: mask: 0xffffffff max_cycles: 0xffffffff, max_idle_ns: 1911260446275000 ns
[    0.154802] futex hash table entries: 8192 (order: 7, 524288 bytes, linear)
[    0.155765] PM: RTC time: 12:07:33, date: 2024-03-31
[    0.156157] NET: Registered PF_NETLINK/PF_ROUTE protocol family
[    0.156926] thermal_sys: Registered thermal governor 'step_wise'
[    0.156928] thermal_sys: Registered thermal governor 'user_space'
[    0.157737] cpuidle: using governor menu
[    0.159025] PCI: Using configuration type 1 for base access
[    0.159796] PCI: Using configuration type 1 for extended access
[    0.160596] kprobes: kprobe jump-optimization is enabled. All kprobes are optimized if possible.
[    0.160888] HugeTLB: registered 1.00 GiB page size, pre-allocated 0 pages
[    0.161795] HugeTLB: 16380 KiB vmemmap can be freed for a 1.00 GiB page
[    0.162644] HugeTLB: registered 2.00 MiB page size, pre-allocated 0 pages
[    0.162796] HugeTLB: 28 KiB vmemmap can be freed for a 2.00 MiB page
[    0.163844] Demotion targets for Node 0: null
[    0.164561] ACPI: Added _OSI(Module Device)
[    0.164796] ACPI: Added _OSI(Processor Device)
[    0.165535] ACPI: Added _OSI(3.0 _SCP Extensions)
[    0.165795] ACPI: Added _OSI(Processor Aggregator Device)
[    0.167624] ACPI: 1 ACPI AML tables successfully acquired and loaded
[    0.171840] ACPI: _OSC evaluation for CPUs failed, trying _PDC
[    0.172970] ACPI: Interpreter enabled
[    0.173587] ACPI: PM: (supports S0 S3 S4 S5)
[    0.173796] ACPI: Using IOAPIC for interrupt routing
[    0.174636] PCI: Using host bridge windows from ACPI; if necessary, use "pci=nocrs" and report a bug
[    0.174795] PCI: Using E820 reservations for host bridge windows
[    0.175906] ACPI: Enabled 2 GPEs in block 00 to 0F
[    0.179938] ACPI: PCI Root Bridge [PCI0] (domain 0000 [bus 00-ff])
[    0.180799] acpi PNP0A03:00: _OSC: OS supports [ExtendedConfig ASPM ClockPM Segments MSI HPX-Type3]
[    0.181905] PCI host bridge to bus 0000:00
[    0.182590] pci_bus 0000:00: root bus resource [io  0x0000-0x0cf7 window]
[    0.182796] pci_bus 0000:00: root bus resource [io  0x0d00-0xffff window]
[    0.183796] pci_bus 0000:00: root bus resource [mem 0x000a0000-0x000bffff window]
[    0.184796] pci_bus 0000:00: root bus resource [mem 0x40000000-0xfebfffff window]
[    0.185796] pci_bus 0000:00: root bus resource [mem 0x100000000-0x17fffffff window]
[    0.186796] pci_bus 0000:00: root bus resource [bus 00-ff]
[    0.187810] pci 0000:00:00.0: [8086:1237] type 00 class 0x060000 conventional PCI endpoint
[    0.189107] pci 0000:00:01.0: [8086:7000] type 00 class 0x060100 conventional PCI endpoint
[    0.190194] pci 0000:00:01.1: [8086:7010] type 00 class 0x010180 conventional PCI endpoint
[    0.194175] pci 0000:00:01.1: BAR 4 [io  0xc0c0-0xc0cf]
[    0.196188] pci 0000:00:01.1: BAR 0 [io  0x01f0-0x01f7]: legacy IDE quirk
[    0.196796] pci 0000:00:01.1: BAR 1 [io  0x03f6]: legacy IDE quirk
[    0.197795] pci 0000:00:01.1: BAR 2 [io  0x0170-0x0177]: legacy IDE quirk
[    0.198699] pci 0000:00:01.1: BAR 3 [io  0x0376]: legacy IDE quirk
[    0.198914] pci 0000:00:01.3: [8086:7113] type 00 class 0x068000 conventional PCI endpoint
[    0.200038] pci 0000:00:01.3: quirk: [io  0x0600-0x063f] claimed by PIIX4 ACPI
[    0.200799] pci 0000:00:01.3: quirk: [io  0x0700-0x070f] claimed by PIIX4 SMB
[    0.201913] pci 0000:00:02.0: [1af4:1009] type 00 class 0x000200 conventional PCI endpoint
[    0.203796] pci 0000:00:02.0: BAR 0 [io  0xc000-0xc03f]
[    0.205484] pci 0000:00:02.0: BAR 1 [mem 0xfebfc000-0xfebfcfff]
[    0.209476] pci 0000:00:02.0: BAR 4 [mem 0xfebf0000-0xfebf3fff 64bit pref]
[    0.211435] pci 0000:00:03.0: [1af4:1009] type 00 class 0x000200 conventional PCI endpoint
[    0.212796] pci 0000:00:03.0: BAR 0 [io  0xc040-0xc07f]
[    0.214497] pci 0000:00:03.0: BAR 1 [mem 0xfebfd000-0xfebfdfff]
[    0.218473] pci 0000:00:03.0: BAR 4 [mem 0xfebf4000-0xfebf7fff 64bit pref]
[    0.220359] pci 0000:00:04.0: [8086:25ab] type 00 class 0x088000 conventional PCI endpoint
[    0.221381] pci 0000:00:04.0: BAR 0 [mem 0xfebfe000-0xfebfe00f]
[    0.225027] pci 0000:00:05.0: [1af4:1003] type 00 class 0x078000 conventional PCI endpoint
[    0.226796] pci 0000:00:05.0: BAR 0 [io  0xc080-0xc0bf]
[    0.228482] pci 0000:00:05.0: BAR 1 [mem 0xfebff000-0xfebfffff]
[    0.231796] pci 0000:00:05.0: BAR 4 [mem 0xfebf8000-0xfebfbfff 64bit pref]
[    0.234549] ACPI: PCI: Interrupt link LNKA configured for IRQ 10
[    0.234907] ACPI: PCI: Interrupt link LNKB configured for IRQ 10
[    0.235900] ACPI: PCI: Interrupt link LNKC configured for IRQ 11
[    0.236805] ACPI: PCI: Interrupt link LNKD configured for IRQ 11
[    0.237668] ACPI: PCI: Interrupt link LNKS configured for IRQ 9
[    0.238674] iommu: Default domain type: Translated
[    0.238795] iommu: DMA domain TLB invalidation policy: lazy mode
[    0.239773] SCSI subsystem initialized
[    0.239836] pps_core: LinuxPPS API ver. 1 registered
[    0.240646] pps_core: Software ver. 5.3.6 - Copyright 2005-2007 Rodolfo Giometti <giometti@linux.it>
[    0.240799] PTP clock support registered
[    0.241459] Advanced Linux Sound Architecture Driver Initialized.
[    0.242245] NET: Registered PF_ATMPVC protocol family
[    0.242796] NET: Registered PF_ATMSVC protocol family
[    0.243629] PCI: Using ACPI for IRQ routing
[    0.243899] vgaarb: loaded
[    0.244248] hpet0: at MMIO 0xfed00000, IRQs 2, 8, 0
[    0.244796] hpet0: 3 comparators, 64-bit 100.000000 MHz counter
[    0.249785] clocksource: Switched to clocksource kvm-clock
[    0.250095] VFS: Disk quotas dquot_6.6.0
[    0.250682] VFS: Dquot-cache hash table entries: 512 (order 0, 4096 bytes)
[    0.251610] pnp: PnP ACPI init
[    0.252190] pnp: PnP ACPI: found 5 devices
[    0.259353] clocksource: acpi_pm: mask: 0xffffff max_cycles: 0xffffff, max_idle_ns: 2085701024 ns
[    0.260522] NET: Registered PF_INET protocol family
[    0.261168] IP idents hash table entries: 16384 (order: 5, 131072 bytes, linear)
[    0.262262] tcp_listen_portaddr_hash hash table entries: 512 (order: 1, 8192 bytes, linear)
[    0.263321] Table-perturb hash table entries: 65536 (order: 6, 262144 bytes, linear)
[    0.264301] TCP established hash table entries: 8192 (order: 4, 65536 bytes, linear)
[    0.265377] TCP bind hash table entries: 8192 (order: 6, 262144 bytes, linear)
[    0.266289] TCP: Hash tables configured (established 8192 bind 8192)
[    0.267110] UDP hash table entries: 512 (order: 2, 16384 bytes, linear)
[    0.267946] UDP-Lite hash table entries: 512 (order: 2, 16384 bytes, linear)
[    0.268867] NET: Registered PF_UNIX/PF_LOCAL protocol family
[    0.269597] pci_bus 0000:00: resource 4 [io  0x0000-0x0cf7 window]
[    0.270378] pci_bus 0000:00: resource 5 [io  0x0d00-0xffff window]
[    0.271157] pci_bus 0000:00: resource 6 [mem 0x000a0000-0x000bffff window]
[    0.272030] pci_bus 0000:00: resource 7 [mem 0x40000000-0xfebfffff window]
[    0.272900] pci_bus 0000:00: resource 8 [mem 0x100000000-0x17fffffff window]
[    0.273832] pci 0000:00:01.0: PIIX3: Enabling Passive Release
[    0.274940] pci 0000:00:00.0: Limiting direct PCI/PCI transfers
[    0.275731] PCI: CLS 0 bytes, default 64
[    0.276263] kvm_intel: VMX not supported by CPU 16
[    0.276889] kvm_amd: TSC scaling supported
[    0.277425] kvm_amd: Nested Virtualization enabled
[    0.278030] kvm_amd: Nested Paging enabled
[    0.278561] kvm_amd: Virtual VMLOAD VMSAVE supported
[    0.279188] kvm_amd: Virtual GIF supported
[    0.279710] kvm_amd: Virtual NMI enabled
[    0.280206] kvm_amd: LBR virtualization supported
[    0.377849] Initialise system trusted keyrings
[    0.378535] workingset: timestamp_bits=56 max_order=18 bucket_order=0
[    0.379426] squashfs: version 4.0 (2009/01/31) Phillip Lougher
[    0.380320] fuse: init (API version 7.40)
[    0.380887] 9p: Installing v9fs 9p2000 file system support
[    0.388104] Key type asymmetric registered
[    0.388638] Asymmetric key parser 'x509' registered
[    0.389278] Block layer SCSI generic (bsg) driver version 0.4 loaded (major 249)
[    0.390245] io scheduler mq-deadline registered
[    0.390831] io scheduler kyber registered
[    0.392446] input: Power Button as /devices/LNXSYSTM:00/LNXPWRBN:00/input/input0
[    0.393476] ACPI: button: Power Button [PWRF]
[    0.394053] Warning: Processor Platform Limit event detected, but not handled.
[    0.394979] Consider compiling CPUfreq support into your kernel.
[    0.411910] ACPI: \_SB_.LNKB: Enabled at IRQ 10
[    0.428418] ACPI: \_SB_.LNKC: Enabled at IRQ 11
[    0.444912] ACPI: \_SB_.LNKA: Enabled at IRQ 10
[    0.446307] Serial: 8250/16550 driver, 4 ports, IRQ sharing enabled
[    0.447476] 00:03: ttyS0 at I/O 0x3f8 (irq = 4, base_baud = 115200) is a 16550A
[    0.511004] Non-volatile memory driver v1.3
[    0.511567] Linux agpgart interface v0.103
[    0.511626] ACPI: bus type drm_connector registered
[    0.512772] printk: legacy console [hvc0] enabled
[    0.513393] printk: legacy bootconsole [earlyser0] disabled
          _      _                                    
   __   _(_)_ __| |_ _ __ ___   ___       _ __   __ _ 
   \ \ / / |  __| __|  _   _ \ / _ \_____|  _ \ / _  |
    \ V /| | |  | |_| | | | | |  __/_____| | | | (_| |
     \_/ |_|_|   \__|_| |_| |_|\___|     |_| |_|\__  |
                                                |___/ 
   kernel version: 6.9.0-rc1-virtme x86_64
   (CTRL+d to exit)

virtme-ng:/nipa-data/kernel# PS1='xx__-> '
xx__-> env
PWD=/nipa-data/kernel
nr_open=1048576
HOME=/
TERM=xterm
SHLVL=2
XDG_RUNTIME_DIR=/run/user/0
PATH=/bin:/sbin:/usr/bin:/usr/sbin:/usr/local/bin
OLDPWD=/
_=/usr/bin/env
xx__-> 