No EFI environment detected.
early console in extract_kernel
input_data: 0x0000000004ab12c4
input_len: 0x000000000186aaa5
output: 0x0000000001000000
output_len: 0x00000000052a88a4
kernel_total_size: 0x0000000004e30000
needed_size: 0x0000000005400000
trampoline_32bit: 0x0000000000000000
Physical KASLR using RDRAND RDTSC...
Virtual KASLR using RDRAND RDTSC...

Decompressing Linux... Parsing ELF... Performing relocations... done.
Booting the kernel (entry_offset: 0x0000000000000000).
[    0.000000] Linux version 6.10.0-rc5-virtme (root@c60d56d10b70) (gcc (Alpine 13.2.1_git20240309) 13.2.1 20240309, GNU ld (GNU Binutils) 2.42) #1 SMP PREEMPT_DYNAMIC Sun Jun 30 09:27:00 UTC 2024
[    0.000000] Command line: virtme_hostname=virtme-ng nr_open=1048576 virtme_link_mods=/nipa-data/kernel/.virtme_mods/lib/modules/0.0.0 virtme_initmount0=nipa-data/kernel virtme_rw_overlay0=/etc virtme_rw_overlay1=/lib virtme_rw_overlay2=/home virtme_rw_overlay3=/opt virtme_rw_overlay4=/srv virtme_rw_overlay5=/usr virtme_rw_overlay6=/var console=hvc0 earlyprintk=serial,ttyS0,115200 virtme_console=ttyS0 psmouse.proto=exps TERM=xterm virtme_chdir=nipa-data/kernel virtme_root_user=1 rootfstype=9p rootflags=version=9p2000.L,trans=virtio,access=any raid=noautodetect ro init=/usr/lib/python3.12/site-packages/virtme/guest/virtme-init
[    0.000000] BIOS-provided physical RAM map:
[    0.000000] BIOS-e820: [mem 0x0000000000000000-0x000000000009fbff] usable
[    0.000000] BIOS-e820: [mem 0x000000000009fc00-0x000000000009ffff] reserved
[    0.000000] BIOS-e820: [mem 0x00000000000f0000-0x00000000000fffff] reserved
[    0.000000] BIOS-e820: [mem 0x0000000000100000-0x000000003ffdffff] usable
[    0.000000] BIOS-e820: [mem 0x000000003ffe0000-0x000000003fffffff] reserved
[    0.000000] BIOS-e820: [mem 0x00000000feffc000-0x00000000feffffff] reserved
[    0.000000] BIOS-e820: [mem 0x00000000fffc0000-0x00000000ffffffff] reserved
[    0.000000] BIOS-e820: [mem 0x000000fd00000000-0x000000ffffffffff] reserved
[    0.000000] printk: legacy bootconsole [earlyser0] enabled
[    0.000000] NX (Execute Disable) protection: active
[    0.000000] APIC: Static calls initialized
[    0.000000] SMBIOS 2.8 present.
[    0.000000] DMI: QEMU Standard PC (i440FX + PIIX, 1996), BIOS rel-1.16.3-0-ga6ed6b701f0a-prebuilt.qemu.org 04/01/2014
[    0.000000] DMI: Memory slots populated: 1/1
[    0.000000] Hypervisor detected: KVM
[    0.000000] kvm-clock: Using msrs 4b564d01 and 4b564d00
[    0.000000] kvm-clock: using sched offset of 349639316 cycles
[    0.000374] clocksource: kvm-clock: mask: 0xffffffffffffffff max_cycles: 0x1cd42e4dffb, max_idle_ns: 881590591483 ns
[    0.001532] tsc: Detected 4491.560 MHz processor
[    0.002222] last_pfn = 0x3ffe0 max_arch_pfn = 0x400000000
[    0.002631] MTRR map: 4 entries (3 fixed + 1 variable; max 19), built from 8 variable MTRRs
[    0.003229] x86/PAT: Configuration [0-7]: WB  WC  UC- UC  WB  WP  UC- WT  
[    0.005238] found SMP MP-table at [mem 0x000f5470-0x000f547f]
[    0.005662] Using GB pages for direct mapping
[    0.006132] ACPI: Early table checksum verification disabled
[    0.006538] ACPI: RSDP 0x00000000000F5290 000014 (v00 BOCHS )
[    0.006951] ACPI: RSDT 0x000000003FFE27BC 000034 (v01 BOCHS  BXPC     00000001 BXPC 00000001)
[    0.007563] ACPI: FACP 0x000000003FFE2578 000074 (v01 BOCHS  BXPC     00000001 BXPC 00000001)
[    0.008177] ACPI: DSDT 0x000000003FFE0040 002538 (v01 BOCHS  BXPC     00000001 BXPC 00000001)
[    0.008787] ACPI: FACS 0x000000003FFE0000 000040
[    0.009118] ACPI: APIC 0x000000003FFE25EC 000170 (v03 BOCHS  BXPC     00000001 BXPC 00000001)
[    0.009733] ACPI: HPET 0x000000003FFE275C 000038 (v01 BOCHS  BXPC     00000001 BXPC 00000001)
[    0.010340] ACPI: WAET 0x000000003FFE2794 000028 (v01 BOCHS  BXPC     00000001 BXPC 00000001)
[    0.010945] ACPI: Reserving FACP table memory at [mem 0x3ffe2578-0x3ffe25eb]
[    0.011446] ACPI: Reserving DSDT table memory at [mem 0x3ffe0040-0x3ffe2577]
[    0.011940] ACPI: Reserving FACS table memory at [mem 0x3ffe0000-0x3ffe003f]
[    0.012438] ACPI: Reserving APIC table memory at [mem 0x3ffe25ec-0x3ffe275b]
[    0.012932] ACPI: Reserving HPET table memory at [mem 0x3ffe275c-0x3ffe2793]
[    0.013425] ACPI: Reserving WAET table memory at [mem 0x3ffe2794-0x3ffe27bb]
[    0.014107] No NUMA configuration found
[    0.014376] Faking a node at [mem 0x0000000000000000-0x000000003ffdffff]
[    0.014845] NODE_DATA(0) allocated [mem 0x3ffdb000-0x3ffdffff]
[    0.015270] Zone ranges:
[    0.015447]   DMA      [mem 0x0000000000001000-0x0000000000ffffff]
[    0.015879]   DMA32    [mem 0x0000000001000000-0x000000003ffdffff]
[    0.016312]   Normal   empty
[    0.016514]   Device   empty
[    0.016716] Movable zone start for each node
[    0.017014] Early memory node ranges
[    0.017264]   node   0: [mem 0x0000000000001000-0x000000000009efff]
[    0.017704]   node   0: [mem 0x0000000000100000-0x000000003ffdffff]
[    0.018142] Initmem setup node 0 [mem 0x0000000000001000-0x000000003ffdffff]
[    0.018638] On node 0, zone DMA: 1 pages in unavailable ranges
[    0.019102] On node 0, zone DMA: 97 pages in unavailable ranges
[    0.023708] On node 0, zone DMA32: 32 pages in unavailable ranges
[    0.032830] kasan: KernelAddressSanitizer initialized
[    0.033396] ACPI: PM-Timer IO Port: 0x608
[    0.033692] ACPI: LAPIC_NMI (acpi_id[0xff] dfl dfl lint[0x1])
[    0.034114] IOAPIC[0]: apic_id 0, version 17, address 0xfec00000, GSI 0-23
[    0.034596] ACPI: INT_SRC_OVR (bus 0 bus_irq 0 global_irq 2 dfl dfl)
[    0.035039] ACPI: INT_SRC_OVR (bus 0 bus_irq 5 global_irq 5 high level)
[    0.035500] ACPI: INT_SRC_OVR (bus 0 bus_irq 9 global_irq 9 high level)
[    0.035962] ACPI: INT_SRC_OVR (bus 0 bus_irq 10 global_irq 10 high level)
[    0.036436] ACPI: INT_SRC_OVR (bus 0 bus_irq 11 global_irq 11 high level)
[    0.036909] ACPI: Using ACPI (MADT) for SMP configuration information
[    0.037359] ACPI: HPET id: 0x8086a201 base: 0xfed00000
[    0.037721] TSC deadline timer available
[    0.037996] CPU topo: Max. logical packages:   1
[    0.038317] CPU topo: Max. logical dies:       1
[    0.038638] CPU topo: Max. dies per package:   1
[    0.038961] CPU topo: Max. threads per core:   1
[    0.039282] CPU topo: Num. cores per package:    32
[    0.039620] CPU topo: Num. threads per package:  32
[    0.039959] CPU topo: Allowing 32 present CPUs plus 0 hotplug CPUs
[    0.040403] kvm-guest: APIC: eoi() replaced with kvm_guest_apic_eoi_write()
[    0.040898] kvm-guest: KVM setup pv remote TLB flush
[    0.041244] kvm-guest: setup PV sched yield
[    0.041541] PM: hibernation: Registered nosave memory: [mem 0x00000000-0x00000fff]
[    0.042071] PM: hibernation: Registered nosave memory: [mem 0x0009f000-0x0009ffff]
[    0.042597] PM: hibernation: Registered nosave memory: [mem 0x000a0000-0x000effff]
[    0.043123] PM: hibernation: Registered nosave memory: [mem 0x000f0000-0x000fffff]
[    0.043650] [mem 0x40000000-0xfeffbfff] available for PCI devices
[    0.044074] Booting paravirtualized kernel on KVM
[    0.044402] clocksource: refined-jiffies: mask: 0xffffffff max_cycles: 0xffffffff, max_idle_ns: 1910969940391419 ns
[    0.052987] setup_percpu: NR_CPUS:64 nr_cpumask_bits:32 nr_cpu_ids:32 nr_node_ids:1
[    0.054765] percpu: Embedded 70 pages/cpu s248536 r8192 d29992 u524288
[    0.055280] Kernel command line: virtme_hostname=virtme-ng nr_open=1048576 virtme_link_mods=/nipa-data/kernel/.virtme_mods/lib/modules/0.0.0 virtme_initmount0=nipa-data/kernel virtme_rw_overlay0=/etc virtme_rw_overlay1=/lib virtme_rw_overlay2=/home virtme_rw_overlay3=/opt virtme_rw_overlay4=/srv virtme_rw_overlay5=/usr virtme_rw_overlay6=/var console=hvc0 earlyprintk=serial,ttyS0,115200 virtme_console=ttyS0 psmouse.proto=exps TERM=xterm virtme_chdir=nipa-data/kernel virtme_root_user=1 rootfstype=9p rootflags=version=9p2000.L,trans=virtio,access=any raid=noautodetect ro init=/usr/lib/python3.12/site-packages/virtme/guest/virtme-init
[    0.059411] Unknown kernel command line parameters "virtme_hostname=virtme-ng nr_open=1048576 virtme_link_mods=/nipa-data/kernel/.virtme_mods/lib/modules/0.0.0 virtme_initmount0=nipa-data/kernel virtme_rw_overlay0=/etc virtme_rw_overlay1=/lib virtme_rw_overlay2=/home virtme_rw_overlay3=/opt virtme_rw_overlay4=/srv virtme_rw_overlay5=/usr virtme_rw_overlay6=/var virtme_console=ttyS0 virtme_chdir=nipa-data/kernel virtme_root_user=1", will be passed to user space.
[    0.062534] random: crng init done
[    0.062899] Dentry cache hash table entries: 131072 (order: 8, 1048576 bytes, linear)
[    0.063480] Inode-cache hash table entries: 65536 (order: 7, 524288 bytes, linear)
[    0.064452] Fallback order for Node 0: 0 
[    0.064457] Built 1 zonelists, mobility grouping on.  Total pages: 262014
[    0.065238] Policy zone: DMA32
[    0.065460] mem auto-init: stack:all(zero), heap alloc:off, heap free:off
[    0.065954] stackdepot: allocating hash table via alloc_large_system_hash
[    0.066452] stackdepot hash table entries: 1048576 (order: 12, 16777216 bytes, linear)
[    0.074285] Memory: 781036K/1048056K available (43008K kernel code, 11217K rwdata, 9848K rodata, 5920K init, 2164K bss, 266764K reserved, 0K cma-reserved)
[    0.075457] SLUB: HWalign=64, Order=0-3, MinObjects=0, CPUs=32, Nodes=1
Poking KASLR using RDRAND RDTSC...
[    0.076217] ftrace: allocating 48021 entries in 188 pages
[    0.084792] ftrace: allocated 188 pages with 5 groups
[    0.086005] Dynamic Preempt: voluntary
[    0.086750] rcu: Preemptible hierarchical RCU implementation.
[    0.087171] rcu: RCU event tracing is enabled.
[    0.087502] rcu: RCU restricting CPUs from NR_CPUS=64 to nr_cpu_ids=32.
[    0.087992] Trampoline variant of Tasks RCU enabled.
[    0.088362] Rude variant of Tasks RCU enabled.
[    0.088695] Tracing variant of Tasks RCU enabled.
[    0.089049] rcu: RCU calculated value of scheduler-enlistment delay is 100 jiffies.
[    0.089612] rcu: Adjusting geometry for rcu_fanout_leaf=16, nr_cpu_ids=32
[    0.090174] RCU Tasks: Setting shift to 5 and lim to 1 rcu_task_cb_adjust=1.
[    0.090689] RCU Tasks Rude: Setting shift to 5 and lim to 1 rcu_task_cb_adjust=1.
[    0.091235] RCU Tasks Trace: Setting shift to 5 and lim to 1 rcu_task_cb_adjust=1.
[    0.100116] NR_IRQS: 4352, nr_irqs: 680, preallocated irqs: 16
[    0.100791] rcu: srcu_init: Setting srcu_struct sizes based on contention.
[    0.101507] Console: colour *CGA 80x25
[    0.101826] ACPI: Core revision 20240322
[    0.102258] clocksource: hpet: mask: 0xffffffff max_cycles: 0xffffffff, max_idle_ns: 19112604467 ns
[    0.102982] APIC: Switch to symmetric I/O mode setup
[    0.103351] APIC: Switched APIC routing to: physical flat
[    0.103739] kvm-guest: APIC: send_IPI_mask() replaced with kvm_send_ipi_mask()
[    0.104262] kvm-guest: APIC: send_IPI_mask_allbutself() replaced with kvm_send_ipi_mask_allbutself()
[    0.104916] kvm-guest: setup PV IPIs
[    0.106087] ..TIMER: vector=0x30 apic1=0 pin1=2 apic2=-1 pin2=-1
[    0.106898] tsc: Marking TSC unstable due to TSCs unsynchronized
[    0.107710] Calibrating delay loop (skipped) preset value.. 8983.12 BogoMIPS (lpj=4491560)
[    0.108774] x86/cpu: User Mode Instruction Prevention (UMIP) activated
[    0.109769] Last level iTLB entries: 4KB 512, 2MB 255, 4MB 127
[    0.110708] Last level dTLB entries: 4KB 512, 2MB 255, 4MB 127, 1GB 0
[    0.111714] Spectre V1 : Mitigation: usercopy/swapgs barriers and __user pointer sanitization
[    0.112712] Spectre V2 : Mitigation: Enhanced / Automatic IBRS
[    0.113708] Spectre V2 : Spectre v2 / SpectreRSB mitigation: Filling RSB on context switch
[    0.114710] Spectre V2 : mitigation: Enabling conditional Indirect Branch Prediction Barrier
[    0.115710] Speculative Store Bypass: Mitigation: Speculative Store Bypass disabled via prctl
[    0.116709] Speculative Return Stack Overflow: IBPB-extending microcode not applied!
[    0.117708] Speculative Return Stack Overflow: WARNING: See https://kernel.org/doc/html/latest/admin-guide/hw-vuln/srso.html for mitigation options.
[    0.117710] Speculative Return Stack Overflow: Vulnerable: Safe RET, no microcode
[    0.119724] x86/fpu: Supporting XSAVE feature 0x001: 'x87 floating point registers'
[    0.120708] x86/fpu: Supporting XSAVE feature 0x002: 'SSE registers'
[    0.121708] x86/fpu: Supporting XSAVE feature 0x004: 'AVX registers'
[    0.122708] x86/fpu: Supporting XSAVE feature 0x020: 'AVX-512 opmask'
[    0.123526] x86/fpu: Supporting XSAVE feature 0x040: 'AVX-512 Hi256'
[    0.123708] x86/fpu: Supporting XSAVE feature 0x080: 'AVX-512 ZMM_Hi256'
[    0.124708] x86/fpu: Supporting XSAVE feature 0x200: 'Protection Keys User registers'
[    0.125708] x86/fpu: xstate_offset[2]:  576, xstate_sizes[2]:  256
[    0.126708] x86/fpu: xstate_offset[5]:  832, xstate_sizes[5]:   64
[    0.127708] x86/fpu: xstate_offset[6]:  896, xstate_sizes[6]:  512
[    0.128708] x86/fpu: xstate_offset[7]: 1408, xstate_sizes[7]: 1024
[    0.129498] x86/fpu: xstate_offset[9]: 2432, xstate_sizes[9]:    8
[    0.129708] x86/fpu: Enabled xstate features 0x2e7, context size is 2440 bytes, using 'compacted' format.
[    0.152698] Freeing SMP alternatives memory: 40K
[    0.152709] pid_max: default: 32768 minimum: 301
[    0.153842] Mount-cache hash table entries: 2048 (order: 2, 16384 bytes, linear)
[    0.154710] Mountpoint-cache hash table entries: 2048 (order: 2, 16384 bytes, linear)
[    0.156344] smpboot: CPU0: AMD Ryzen 9 7950X 16-Core Processor (family: 0x19, model: 0x61, stepping: 0x2)
[    0.157177] Performance Events: Fam17h+ core perfctr, AMD PMU driver.
[    0.157713] ... version:                0
[    0.158219] ... bit width:              48
[    0.158710] ... generic registers:      6
[    0.159217] ... value mask:             0000ffffffffffff
[    0.159710] ... max period:             00007fffffffffff
[    0.160378] ... fixed-purpose events:   0
[    0.160710] ... event mask:             000000000000003f
[    0.161495] signal: max sigframe size: 3376
[    0.161756] rcu: Hierarchical SRCU implementation.
[    0.162359] rcu: Max phase no-delay instances is 400.
[    0.166783] smp: Bringing up secondary CPUs ...
[    0.167654] smpboot: x86: Booting SMP configuration:
[    0.167712] .... node  #0, CPUs:        #1  #2  #3  #4  #5  #6  #7  #8  #9 #10 #11 #12 #13 #14 #15 #16 #17 #18 #19 #20 #21 #22 #23 #24 #25 #26 #27 #28 #29 #30 #31
[    0.191888] smp: Brought up 1 node, 32 CPUs
[    0.193440] smpboot: Total of 32 processors activated (287459.84 BogoMIPS)
[    0.201067] devtmpfs: initialized
[    0.201956] x86/mm: Memory block size: 128MB
[    0.211743] clocksource: jiffies: mask: 0xffffffff max_cycles: 0xffffffff, max_idle_ns: 1911260446275000 ns
[    0.212717] futex hash table entries: 8192 (order: 7, 524288 bytes, linear)
[    0.214151] PM: RTC time: 09:27:35, date: 2024-06-30
[    0.215674] NET: Registered PF_NETLINK/PF_ROUTE protocol family
[    0.216969] thermal_sys: Registered thermal governor 'step_wise'
[    0.216972] thermal_sys: Registered thermal governor 'user_space'
[    0.217751] cpuidle: using governor menu
[    0.221115] PCI: Using configuration type 1 for base access
[    0.221711] PCI: Using configuration type 1 for extended access
[    0.222901] kprobes: kprobe jump-optimization is enabled. All kprobes are optimized if possible.
[    0.232823] HugeTLB: registered 1.00 GiB page size, pre-allocated 0 pages
[    0.233710] HugeTLB: 16380 KiB vmemmap can be freed for a 1.00 GiB page
[    0.234558] HugeTLB: registered 2.00 MiB page size, pre-allocated 0 pages
[    0.235710] HugeTLB: 28 KiB vmemmap can be freed for a 2.00 MiB page
[    0.242927] Demotion targets for Node 0: null
[    0.244036] ACPI: Added _OSI(Module Device)
[    0.244583] ACPI: Added _OSI(Processor Device)
[    0.244711] ACPI: Added _OSI(3.0 _SCP Extensions)
[    0.245319] ACPI: Added _OSI(Processor Aggregator Device)
[    0.269471] ACPI: 1 ACPI AML tables successfully acquired and loaded
[    0.272888] ACPI: _OSC evaluation for CPUs failed, trying _PDC
[    0.276038] ACPI: Interpreter enabled
[    0.276598] ACPI: PM: (supports S0 S3 S4 S5)
[    0.276711] ACPI: Using IOAPIC for interrupt routing
[    0.277421] PCI: Using host bridge windows from ACPI; if necessary, use "pci=nocrs" and report a bug
[    0.278710] PCI: Using E820 reservations for host bridge windows
[    0.280625] ACPI: Enabled 2 GPEs in block 00 to 0F
[    0.331001] ACPI: PCI Root Bridge [PCI0] (domain 0000 [bus 00-ff])
[    0.331725] acpi PNP0A03:00: _OSC: OS supports [ExtendedConfig ASPM ClockPM Segments MSI HPX-Type3]
[    0.333236] PCI host bridge to bus 0000:00
[    0.333713] pci_bus 0000:00: root bus resource [io  0x0000-0x0cf7 window]
[    0.334602] pci_bus 0000:00: root bus resource [io  0x0d00-0xffff window]
[    0.335713] pci_bus 0000:00: root bus resource [mem 0x000a0000-0x000bffff window]
[    0.336693] pci_bus 0000:00: root bus resource [mem 0x40000000-0xfebfffff window]
[    0.337713] pci_bus 0000:00: root bus resource [mem 0x100000000-0x17fffffff window]
[    0.338712] pci_bus 0000:00: root bus resource [bus 00-ff]
[    0.339580] pci 0000:00:00.0: [8086:1237] type 00 class 0x060000 conventional PCI endpoint
[    0.341603] pci 0000:00:01.0: [8086:7000] type 00 class 0x060100 conventional PCI endpoint
[    0.343652] pci 0000:00:01.1: [8086:7010] type 00 class 0x010180 conventional PCI endpoint
[    0.347184] pci 0000:00:01.1: BAR 4 [io  0xc0c0-0xc0cf]
[    0.348708] pci 0000:00:01.1: BAR 0 [io  0x01f0-0x01f7]: legacy IDE quirk
[    0.349711] pci 0000:00:01.1: BAR 1 [io  0x03f6]: legacy IDE quirk
[    0.350513] pci 0000:00:01.1: BAR 2 [io  0x0170-0x0177]: legacy IDE quirk
[    0.351710] pci 0000:00:01.1: BAR 3 [io  0x0376]: legacy IDE quirk
[    0.353222] pci 0000:00:01.3: [8086:7113] type 00 class 0x068000 conventional PCI endpoint
[    0.353989] pci 0000:00:01.3: quirk: [io  0x0600-0x063f] claimed by PIIX4 ACPI
[    0.355715] pci 0000:00:01.3: quirk: [io  0x0700-0x070f] claimed by PIIX4 SMB
[    0.357396] pci 0000:00:02.0: [1af4:1009] type 00 class 0x000200 conventional PCI endpoint
[    0.360711] pci 0000:00:02.0: BAR 0 [io  0xc000-0xc03f]
[    0.362414] pci 0000:00:02.0: BAR 1 [mem 0xfebfc000-0xfebfcfff]
[    0.368271] pci 0000:00:02.0: BAR 4 [mem 0xfebf0000-0xfebf3fff 64bit pref]
[    0.382628] pci 0000:00:03.0: [1af4:1009] type 00 class 0x000200 conventional PCI endpoint
[    0.384711] pci 0000:00:03.0: BAR 0 [io  0xc040-0xc07f]
[    0.387430] pci 0000:00:03.0: BAR 1 [mem 0xfebfd000-0xfebfdfff]
[    0.393431] pci 0000:00:03.0: BAR 4 [mem 0xfebf4000-0xfebf7fff 64bit pref]
[    0.407523] pci 0000:00:04.0: [8086:25ab] type 00 class 0x088000 conventional PCI endpoint
[    0.409149] pci 0000:00:04.0: BAR 0 [mem 0xfebfe000-0xfebfe00f]
[    0.424035] pci 0000:00:05.0: [1af4:1003] type 00 class 0x078000 conventional PCI endpoint
[    0.426711] pci 0000:00:05.0: BAR 0 [io  0xc080-0xc0bf]
[    0.428433] pci 0000:00:05.0: BAR 1 [mem 0xfebff000-0xfebfffff]
[    0.434248] pci 0000:00:05.0: BAR 4 [mem 0xfebf8000-0xfebfbfff 64bit pref]
[    0.450909] ACPI: PCI: Interrupt link LNKA configured for IRQ 10
[    0.452658] ACPI: PCI: Interrupt link LNKB configured for IRQ 10
[    0.454657] ACPI: PCI: Interrupt link LNKC configured for IRQ 11
[    0.456659] ACPI: PCI: Interrupt link LNKD configured for IRQ 11
[    0.457107] ACPI: PCI: Interrupt link LNKS configured for IRQ 9
[    0.476536] iommu: Default domain type: Translated
[    0.477710] iommu: DMA domain TLB invalidation policy: lazy mode
[    0.478965] SCSI subsystem initialized
[    0.479843] pps_core: LinuxPPS API ver. 1 registered
[    0.480488] pps_core: Software ver. 5.3.6 - Copyright 2005-2007 Rodolfo Giometti <giometti@linux.it>
[    0.481725] PTP clock support registered
[    0.482769] Advanced Linux Sound Architecture Driver Initialized.
[    0.484596] NET: Registered PF_ATMPVC protocol family
[    0.484711] NET: Registered PF_ATMSVC protocol family
[    0.485386] PCI: Using ACPI for IRQ routing
[    0.486894] vgaarb: loaded
[    0.487261] hpet0: at MMIO 0xfed00000, IRQs 2, 8, 0
[    0.487712] hpet0: 3 comparators, 64-bit 100.000000 MHz counter
[    0.493466] clocksource: Switched to clocksource kvm-clock
[    0.494884] VFS: Disk quotas dquot_6.6.0
[    0.495426] VFS: Dquot-cache hash table entries: 512 (order 0, 4096 bytes)
[    0.497036] pnp: PnP ACPI init
[    0.502725] pnp: PnP ACPI: found 5 devices
[    0.517010] clocksource: acpi_pm: mask: 0xffffff max_cycles: 0xffffff, max_idle_ns: 2085701024 ns
[    0.518218] NET: Registered PF_INET protocol family
[    0.518895] IP idents hash table entries: 16384 (order: 5, 131072 bytes, linear)
[    0.520298] tcp_listen_portaddr_hash hash table entries: 512 (order: 1, 8192 bytes, linear)
[    0.521379] Table-perturb hash table entries: 65536 (order: 6, 262144 bytes, linear)
[    0.522393] TCP established hash table entries: 8192 (order: 4, 65536 bytes, linear)
[    0.523398] TCP bind hash table entries: 8192 (order: 6, 262144 bytes, linear)
[    0.524439] TCP: Hash tables configured (established 8192 bind 8192)
[    0.525426] UDP hash table entries: 512 (order: 2, 16384 bytes, linear)
[    0.526272] UDP-Lite hash table entries: 512 (order: 2, 16384 bytes, linear)
[    0.527393] NET: Registered PF_UNIX/PF_LOCAL protocol family
[    0.528139] pci_bus 0000:00: resource 4 [io  0x0000-0x0cf7 window]
[    0.528933] pci_bus 0000:00: resource 5 [io  0x0d00-0xffff window]
[    0.529723] pci_bus 0000:00: resource 6 [mem 0x000a0000-0x000bffff window]
[    0.530602] pci_bus 0000:00: resource 7 [mem 0x40000000-0xfebfffff window]
[    0.531482] pci_bus 0000:00: resource 8 [mem 0x100000000-0x17fffffff window]
[    0.532585] pci 0000:00:01.0: PIIX3: Enabling Passive Release
[    0.533322] pci 0000:00:00.0: Limiting direct PCI/PCI transfers
[    0.534122] PCI: CLS 0 bytes, default 64
[    0.534703] kvm_intel: VMX not supported by CPU 0
[    0.535331] kvm_amd: TSC scaling supported
[    0.535869] kvm_amd: Nested Virtualization enabled
[    0.536492] kvm_amd: Nested Paging enabled
[    0.537015] kvm_amd: LBR virtualization supported
[    0.537637] kvm_amd: Virtual VMLOAD VMSAVE supported
[    0.538271] kvm_amd: Virtual GIF supported
[    0.538799] kvm_amd: Virtual NMI enabled
[    0.649004] Initialise system trusted keyrings
[    0.649917] workingset: timestamp_bits=56 max_order=18 bucket_order=0
[    0.651146] squashfs: version 4.0 (2009/01/31) Phillip Lougher
[    0.652136] fuse: init (API version 7.40)
[    0.652976] 9p: Installing v9fs 9p2000 file system support
[    0.667376] Key type asymmetric registered
[    0.668081] Asymmetric key parser 'x509' registered
[    0.668994] Block layer SCSI generic (bsg) driver version 0.4 loaded (major 249)
[    0.670276] io scheduler mq-deadline registered
[    0.671038] io scheduler kyber registered
[    0.673591] input: Power Button as /devices/LNXSYSTM:00/LNXPWRBN:00/input/input0
[    0.675077] ACPI: button: Power Button [PWRF]
[    0.675968] Warning: Processor Platform Limit event detected, but not handled.
[    0.677158] Consider compiling CPUfreq support into your kernel.
[    1.525860] ACPI: \_SB_.LNKB: Enabled at IRQ 10
[    2.417736] ACPI: \_SB_.LNKC: Enabled at IRQ 11
[    3.268430] ACPI: \_SB_.LNKA: Enabled at IRQ 10
[    3.269996] Serial: 8250/16550 driver, 4 ports, IRQ sharing enabled
[    3.271165] 00:03: ttyS0 at I/O 0x3f8 (irq = 4, base_baud = 115200) is a 16550A
[    3.305800] Non-volatile memory driver v1.3
[    3.306359] Linux agpgart interface v0.103
[    3.307091] ACPI: bus type drm_connector registered
[    3.307765] printk: legacy console [hvc0] enabled
[    3.308583] printk: legacy bootconsole [earlyser0] disabled
          _      _                                    
   __   _(_)_ __| |_ _ __ ___   ___       _ __   __ _ 
   \ \ / / |  __| __|  _   _ \ / _ \_____|  _ \ / _  |
    \ V /| | |  | |_| | | | | |  __/_____| | | | (_| |
     \_/ |_|_|   \__|_| |_| |_|\___|     |_| |_|\__  |
                                                |___/ 
   kernel version: 6.10.0-rc5-virtme x86_64
   (CTRL+d to exit)

virtme-ng:/nipa-data/kernel# PS1='xx__-> '
xx__-> env
PWD=/nipa-data/kernel
nr_open=1048576
HOME=/root
TERM=xterm
SHLVL=2
XDG_RUNTIME_DIR=/run/user/0
PATH=/bin:/sbin:/usr/bin:/usr/sbin:/usr/local/bin
OLDPWD=/
_=/usr/bin/env
xx__-> 