No EFI environment detected.
early console in extract_kernel
input_data: 0x00000000029b82c4
input_len: 0x0000000000bbf3e2
output: 0x0000000001000000
output_len: 0x0000000002531f3c
kernel_total_size: 0x0000000002430000
needed_size: 0x0000000002600000
trampoline_32bit: 0x0000000000000000
Physical KASLR using RDRAND RDTSC...
Virtual KASLR using RDRAND RDTSC...

Decompressing Linux... Parsing ELF... Performing relocations... done.
Booting the kernel (entry_offset: 0x0000000000fb7140).
[    0.000000] Linux version 6.15.0-rc5-virtme (root@065d1ff7e929) (gcc (Ubuntu 13.3.0-6ubuntu2~24.04) 13.3.0, GNU ld (GNU Binutils for Ubuntu) 2.42) #1 SMP PREEMPT_DYNAMIC Sun May 11 03:06:33 UTC 2025
[    0.000000] Command line: virtme_hostname=virtme-ng nr_open=1048576 virtme_link_mods=/nipa-data/kernel/.virtme_mods/lib/modules/0.0.0 virtme_initmount0=nipa-data/kernel virtme_rw_overlay0=/etc virtme_rw_overlay1=/lib virtme_rw_overlay2=/home virtme_rw_overlay3=/opt virtme_rw_overlay4=/srv virtme_rw_overlay5=/usr virtme_rw_overlay6=/var console=hvc0 earlyprintk=serial,ttyS0,115200 virtme_console=ttyS0 psmouse.proto=exps TERM=xterm virtme_chdir=nipa-data/kernel virtme_root_user=1 rootfstype=9p rootflags=version=9p2000.L,trans=virtio,access=any raid=noautodetect ro init=/usr/lib/python3/dist-packages/virtme/guest/virtme-init
[    0.000000] BIOS-provided physical RAM map:
[    0.000000] BIOS-e820: [mem 0x0000000000000000-0x000000000009fbff] usable
[    0.000000] BIOS-e820: [mem 0x000000000009fc00-0x000000000009ffff] reserved
[    0.000000] BIOS-e820: [mem 0x00000000000f0000-0x00000000000fffff] reserved
[    0.000000] BIOS-e820: [mem 0x0000000000100000-0x000000003ffdffff] usable
[    0.000000] BIOS-e820: [mem 0x000000003ffe0000-0x000000003fffffff] reserved
[    0.000000] BIOS-e820: [mem 0x00000000feffc000-0x00000000feffffff] reserved
[    0.000000] BIOS-e820: [mem 0x00000000fffc0000-0x00000000ffffffff] reserved
[    0.000000] BIOS-e820: [mem 0x000000fd00000000-0x000000ffffffffff] reserved
[    0.000000] printk: legacy bootconsole [earlyser0] enabled
[    0.000000] NX (Execute Disable) protection: active
[    0.000000] APIC: Static calls initialized
[    0.000000] SMBIOS 3.0.0 present.
[    0.000000] DMI: QEMU Ubuntu 24.04 PC (i440FX + PIIX, 1996), BIOS 1.16.3-debian-1.16.3-2 04/01/2014
[    0.000000] DMI: Memory slots populated: 1/1
[    0.000000] Hypervisor detected: KVM
[    0.000000] kvm-clock: Using msrs 4b564d01 and 4b564d00
[    0.000000] kvm-clock: using sched offset of 229482409 cycles
[    0.000356] clocksource: kvm-clock: mask: 0xffffffffffffffff max_cycles: 0x1cd42e4dffb, max_idle_ns: 881590591483 ns
[    0.001464] tsc: Detected 4491.560 MHz processor
[    0.002021] last_pfn = 0x3ffe0 max_arch_pfn = 0x400000000
[    0.002410] MTRR map: 4 entries (3 fixed + 1 variable; max 19), built from 8 variable MTRRs
[    0.002979] x86/PAT: Configuration [0-7]: WB  WC  UC- UC  WB  WP  UC- WT  
Memory KASLR using RDRAND RDTSC...
[    0.004881] found SMP MP-table at [mem 0x000f5470-0x000f547f]
[    0.005275] Using GB pages for direct mapping
[    0.005611] ACPI: Early table checksum verification disabled
[    0.005997] ACPI: RSDP 0x00000000000F5290 000014 (v00 BOCHS )
[    0.006394] ACPI: RSDT 0x000000003FFE27BC 000034 (v01 BOCHS  BXPC     00000001 BXPC 00000001)
[    0.006974] ACPI: FACP 0x000000003FFE2578 000074 (v01 BOCHS  BXPC     00000001 BXPC 00000001)
[    0.007555] ACPI: DSDT 0x000000003FFE0040 002538 (v01 BOCHS  BXPC     00000001 BXPC 00000001)
[    0.008134] ACPI: FACS 0x000000003FFE0000 000040
[    0.008448] ACPI: APIC 0x000000003FFE25EC 000170 (v03 BOCHS  BXPC     00000001 BXPC 00000001)
[    0.009028] ACPI: HPET 0x000000003FFE275C 000038 (v01 BOCHS  BXPC     00000001 BXPC 00000001)
[    0.009608] ACPI: WAET 0x000000003FFE2794 000028 (v01 BOCHS  BXPC     00000001 BXPC 00000001)
[    0.010186] ACPI: Reserving FACP table memory at [mem 0x3ffe2578-0x3ffe25eb]
[    0.010665] ACPI: Reserving DSDT table memory at [mem 0x3ffe0040-0x3ffe2577]
[    0.011144] ACPI: Reserving FACS table memory at [mem 0x3ffe0000-0x3ffe003f]
[    0.011622] ACPI: Reserving APIC table memory at [mem 0x3ffe25ec-0x3ffe275b]
[    0.012100] ACPI: Reserving HPET table memory at [mem 0x3ffe275c-0x3ffe2793]
[    0.012581] ACPI: Reserving WAET table memory at [mem 0x3ffe2794-0x3ffe27bb]
[    0.013191] No NUMA configuration found
[    0.013450] Faking a node at [mem 0x0000000000000000-0x000000003ffdffff]
[    0.013904] NODE_DATA(0) allocated [mem 0x3ffdb600-0x3ffdffff]
[    0.014308] Zone ranges:
[    0.014480]   DMA      [mem 0x0000000000001000-0x0000000000ffffff]
[    0.014898]   DMA32    [mem 0x0000000001000000-0x000000003ffdffff]
[    0.015317]   Normal   empty
[    0.015511]   Device   empty
[    0.015706] Movable zone start for each node
[    0.015994] Early memory node ranges
[    0.016236]   node   0: [mem 0x0000000000001000-0x000000000009efff]
[    0.016664]   node   0: [mem 0x0000000000100000-0x000000003ffdffff]
[    0.017088] Initmem setup node 0 [mem 0x0000000000001000-0x000000003ffdffff]
[    0.017633] On node 0, zone DMA: 1 pages in unavailable ranges
[    0.018035] On node 0, zone DMA: 97 pages in unavailable ranges
[    0.019354] On node 0, zone DMA32: 32 pages in unavailable ranges
[    0.019954] ACPI: PM-Timer IO Port: 0x608
[    0.020231] ACPI: LAPIC_NMI (acpi_id[0xff] dfl dfl lint[0x1])
[    0.020637] IOAPIC[0]: apic_id 0, version 17, address 0xfec00000, GSI 0-23
[    0.021103] ACPI: INT_SRC_OVR (bus 0 bus_irq 0 global_irq 2 dfl dfl)
[    0.021534] ACPI: INT_SRC_OVR (bus 0 bus_irq 5 global_irq 5 high level)
[    0.021982] ACPI: INT_SRC_OVR (bus 0 bus_irq 9 global_irq 9 high level)
[    0.022431] ACPI: INT_SRC_OVR (bus 0 bus_irq 10 global_irq 10 high level)
[    0.022890] ACPI: INT_SRC_OVR (bus 0 bus_irq 11 global_irq 11 high level)
[    0.023352] ACPI: Using ACPI (MADT) for SMP configuration information
[    0.023788] ACPI: HPET id: 0x8086a201 base: 0xfed00000
[    0.024137] TSC deadline timer available
[    0.024404] CPU topo: Max. logical packages:   1
[    0.024719] CPU topo: Max. logical dies:       1
[    0.025032] CPU topo: Max. dies per package:   1
[    0.025350] CPU topo: Max. threads per core:   1
[    0.025662] CPU topo: Num. cores per package:    32
[    0.025990] CPU topo: Num. threads per package:  32
[    0.026319] CPU topo: Allowing 32 present CPUs plus 0 hotplug CPUs
[    0.026741] kvm-guest: APIC: eoi() replaced with kvm_guest_apic_eoi_write()
[    0.027217] kvm-guest: KVM setup pv remote TLB flush
[    0.027552] kvm-guest: setup PV sched yield
[    0.027836] PM: hibernation: Registered nosave memory: [mem 0x00000000-0x00000fff]
[    0.028346] PM: hibernation: Registered nosave memory: [mem 0x0009f000-0x000fffff]
[    0.028859] [mem 0x40000000-0xfeffbfff] available for PCI devices
[    0.029269] Booting paravirtualized kernel on KVM
[    0.029586] clocksource: refined-jiffies: mask: 0xffffffff max_cycles: 0xffffffff, max_idle_ns: 1910969940391419 ns
[    0.032933] setup_percpu: NR_CPUS:64 nr_cpumask_bits:32 nr_cpu_ids:32 nr_node_ids:1
[    0.034015] percpu: Embedded 53 pages/cpu s178392 r8192 d30504 u262144
[    0.034490] Kernel command line: virtme_hostname=virtme-ng nr_open=1048576 virtme_link_mods=/nipa-data/kernel/.virtme_mods/lib/modules/0.0.0 virtme_initmount0=nipa-data/kernel virtme_rw_overlay0=/etc virtme_rw_overlay1=/lib virtme_rw_overlay2=/home virtme_rw_overlay3=/opt virtme_rw_overlay4=/srv virtme_rw_overlay5=/usr virtme_rw_overlay6=/var console=hvc0 earlyprintk=serial,ttyS0,115200 virtme_console=ttyS0 psmouse.proto=exps TERM=xterm virtme_chdir=nipa-data/kernel virtme_root_user=1 rootfstype=9p rootflags=version=9p2000.L,trans=virtio,access=any raid=noautodetect ro init=/usr/lib/python3/dist-packages/virtme/guest/virtme-init
[    0.038447] Unknown kernel command line parameters "virtme_hostname=virtme-ng nr_open=1048576 virtme_link_mods=/nipa-data/kernel/.virtme_mods/lib/modules/0.0.0 virtme_initmount0=nipa-data/kernel virtme_rw_overlay0=/etc virtme_rw_overlay1=/lib virtme_rw_overlay2=/home virtme_rw_overlay3=/opt virtme_rw_overlay4=/srv virtme_rw_overlay5=/usr virtme_rw_overlay6=/var virtme_console=ttyS0 virtme_chdir=nipa-data/kernel virtme_root_user=1", will be passed to user space.
[    0.041472] random: crng init done
[    0.041708] printk: log buffer data + meta data: 262144 + 917504 = 1179648 bytes
[    0.042247] Dentry cache hash table entries: 131072 (order: 8, 1048576 bytes, linear)
[    0.042806] Inode-cache hash table entries: 65536 (order: 7, 524288 bytes, linear)
[    0.043417] Fallback order for Node 0: 0 
[    0.043420] Built 1 zonelists, mobility grouping on.  Total pages: 262014
[    0.044166] Policy zone: DMA32
[    0.044377] mem auto-init: stack:all(zero), heap alloc:off, heap free:off
[    0.045344] SLUB: HWalign=64, Order=0-3, MinObjects=0, CPUs=32, Nodes=1
Poking KASLR using RDRAND RDTSC...
[    0.052450] ftrace: allocating 48775 entries in 192 pages
[    0.052828] ftrace: allocated 192 pages with 2 groups
[    0.053735] Dynamic Preempt: voluntary
[    0.054121] rcu: Preemptible hierarchical RCU implementation.
[    0.054518] rcu: RCU event tracing is enabled.
[    0.054829] rcu: RCU restricting CPUs from NR_CPUS=64 to nr_cpu_ids=32.
[    0.055291] Trampoline variant of Tasks RCU enabled.
[    0.055638] Rude variant of Tasks RCU enabled.
[    0.055949] Tracing variant of Tasks RCU enabled.
[    0.056279] rcu: RCU calculated value of scheduler-enlistment delay is 100 jiffies.
[    0.056808] rcu: Adjusting geometry for rcu_fanout_leaf=16, nr_cpu_ids=32
[    0.057280] RCU Tasks: Setting shift to 5 and lim to 1 rcu_task_cb_adjust=1 rcu_task_cpu_ids=32.
[    0.057892] RCU Tasks Rude: Setting shift to 5 and lim to 1 rcu_task_cb_adjust=1 rcu_task_cpu_ids=32.
[    0.058530] RCU Tasks Trace: Setting shift to 5 and lim to 1 rcu_task_cb_adjust=1 rcu_task_cpu_ids=32.
[    0.060832] NR_IRQS: 4352, nr_irqs: 680, preallocated irqs: 16
[    0.061401] rcu: srcu_init: Setting srcu_struct sizes based on contention.
[    0.062003] Console: colour *CGA 80x25
[    0.062265] ACPI: Core revision 20240827
[    0.062602] clocksource: hpet: mask: 0xffffffff max_cycles: 0xffffffff, max_idle_ns: 19112604467 ns
[    0.063283] APIC: Switch to symmetric I/O mode setup
[    0.063762] x2apic enabled
[    0.064113] APIC: Switched APIC routing to: physical x2apic
[    0.064508] kvm-guest: APIC: send_IPI_mask() replaced with kvm_send_ipi_mask()
[    0.065011] kvm-guest: APIC: send_IPI_mask_allbutself() replaced with kvm_send_ipi_mask_allbutself()
[    0.065629] kvm-guest: setup PV IPIs
[    0.066572] ..TIMER: vector=0x30 apic1=0 pin1=2 apic2=-1 pin2=-1
[    0.067309] clocksource: tsc-early: mask: 0xffffffffffffffff max_cycles: 0x40be4320a4d, max_idle_ns: 440795288133 ns
[    0.068601] Calibrating delay loop (skipped) preset value.. 8983.12 BogoMIPS (lpj=4491560)
[    0.069660] x86/cpu: User Mode Instruction Prevention (UMIP) activated
[    0.070646] Last level iTLB entries: 4KB 512, 2MB 255, 4MB 127
[    0.071344] Last level dTLB entries: 4KB 512, 2MB 255, 4MB 127, 1GB 0
[    0.071604] Spectre V1 : Mitigation: usercopy/swapgs barriers and __user pointer sanitization
[    0.072604] Spectre V2 : Mitigation: Enhanced / Automatic IBRS
[    0.073602] Spectre V2 : mitigation: Enabling conditional Indirect Branch Prediction Barrier
[    0.074602] Speculative Store Bypass: Mitigation: Speculative Store Bypass disabled via prctl
[    0.075601] Speculative Return Stack Overflow: IBPB-extending microcode not applied!
[    0.076601] Speculative Return Stack Overflow: WARNING: See https://kernel.org/doc/html/latest/admin-guide/hw-vuln/srso.html for mitigation options.
[    0.076601] Speculative Return Stack Overflow: Vulnerable: Safe RET, no microcode
[    0.078614] x86/fpu: Supporting XSAVE feature 0x001: 'x87 floating point registers'
[    0.079519] x86/fpu: Supporting XSAVE feature 0x002: 'SSE registers'
[    0.079601] x86/fpu: Supporting XSAVE feature 0x004: 'AVX registers'
[    0.080601] x86/fpu: Supporting XSAVE feature 0x020: 'AVX-512 opmask'
[    0.081601] x86/fpu: Supporting XSAVE feature 0x040: 'AVX-512 Hi256'
[    0.082601] x86/fpu: Supporting XSAVE feature 0x080: 'AVX-512 ZMM_Hi256'
[    0.083390] x86/fpu: Supporting XSAVE feature 0x200: 'Protection Keys User registers'
[    0.083601] x86/fpu: xstate_offset[2]:  576, xstate_sizes[2]:  256
[    0.084601] x86/fpu: xstate_offset[5]:  832, xstate_sizes[5]:   64
[    0.085601] x86/fpu: xstate_offset[6]:  896, xstate_sizes[6]:  512
[    0.086601] x86/fpu: xstate_offset[7]: 1408, xstate_sizes[7]: 1024
[    0.087328] x86/fpu: xstate_offset[9]: 2432, xstate_sizes[9]:    8
[    0.087601] x86/fpu: Enabled xstate features 0x2e7, context size is 2440 bytes, using 'compacted' format.
[    0.102926] Freeing SMP alternatives memory: 44K
[    0.103477] pid_max: default: 32768 minimum: 301
[    0.103618] Mount-cache hash table entries: 2048 (order: 2, 16384 bytes, linear)
[    0.104601] Mountpoint-cache hash table entries: 2048 (order: 2, 16384 bytes, linear)
[    0.105728] smpboot: CPU0: AMD Ryzen 9 7950X 16-Core Processor (family: 0x19, model: 0x61, stepping: 0x2)
[    0.106697] Performance Events: Fam17h+ core perfctr, AMD PMU driver.
[    0.107482] ... version:                0
[    0.107603] ... bit width:              48
[    0.108085] ... generic registers:      6
[    0.108557] ... value mask:             0000ffffffffffff
[    0.108602] ... max period:             00007fffffffffff
[    0.109228] ... fixed-purpose events:   0
[    0.109602] ... event mask:             000000000000003f
[    0.110307] signal: max sigframe size: 3376
[    0.110616] rcu: Hierarchical SRCU implementation.
[    0.111181] rcu: Max phase no-delay instances is 400.
[    0.111625] Timer migration: 2 hierarchy levels; 8 children per group; 2 crossnode level
[    0.114632] smp: Bringing up secondary CPUs ...
[    0.115219] smpboot: x86: Booting SMP configuration:
[    0.115604] .... node  #0, CPUs:        #1  #2  #3  #4  #5  #6  #7  #8  #9 #10 #11 #12 #13 #14 #15 #16 #17 #18 #19 #20 #21 #22 #23 #24 #25 #26 #27 #28 #29 #30 #31
[    0.135691] smp: Brought up 1 node, 32 CPUs
[    0.137106] smpboot: Total of 32 processors activated (287459.84 BogoMIPS)
[    0.138737] Memory: 971004K/1048056K available (16093K kernel code, 2477K rwdata, 6436K rodata, 3196K init, 1680K bss, 62536K reserved, 0K cma-reserved)
[    0.139712] devtmpfs: initialized
[    0.140031] x86/mm: Memory block size: 128MB
[    0.141292] clocksource: jiffies: mask: 0xffffffff max_cycles: 0xffffffff, max_idle_ns: 1911260446275000 ns
[    0.141603] posixtimers hash table entries: 16384 (order: 6, 262144 bytes, linear)
[    0.142520] futex hash table entries: 8192 (order: 7, 524288 bytes, linear)
[    0.142680] PM: RTC time: 03:06:50, date: 2025-05-11
[    0.143585] NET: Registered PF_NETLINK/PF_ROUTE protocol family
[    0.143734] thermal_sys: Registered thermal governor 'step_wise'
[    0.143744] cpuidle: using governor menu
[    0.145621] PCI: Using configuration type 1 for base access
[    0.146317] PCI: Using configuration type 1 for extended access
[    0.146666] kprobes: kprobe jump-optimization is enabled. All kprobes are optimized if possible.
[    0.166025] HugeTLB: allocation took 0ms with hugepage_allocation_threads=8
[    0.166629] HugeTLB: registered 1.00 GiB page size, pre-allocated 0 pages
[    0.167457] HugeTLB: 16380 KiB vmemmap can be freed for a 1.00 GiB page
[    0.167602] HugeTLB: registered 2.00 MiB page size, pre-allocated 0 pages
[    0.168419] HugeTLB: 28 KiB vmemmap can be freed for a 2.00 MiB page
[    0.170709] ACPI: Added _OSI(Module Device)
[    0.171157] ACPI: Added _OSI(Processor Device)
[    0.171603] ACPI: Added _OSI(3.0 _SCP Extensions)
[    0.172176] ACPI: Added _OSI(Processor Aggregator Device)
[    0.173238] ACPI: 1 ACPI AML tables successfully acquired and loaded
[    0.175050] ACPI: Interpreter enabled
[    0.175610] ACPI: PM: (supports S0 S3 S4 S5)
[    0.176127] ACPI: Using IOAPIC for interrupt routing
[    0.176609] PCI: Using host bridge windows from ACPI; if necessary, use "pci=nocrs" and report a bug
[    0.177602] PCI: Using E820 reservations for host bridge windows
[    0.178413] ACPI: Enabled 2 GPEs in block 00 to 0F
[    0.181164] ACPI: PCI Root Bridge [PCI0] (domain 0000 [bus 00-ff])
[    0.182605] acpi PNP0A03:00: _OSC: OS supports [ExtendedConfig ASPM ClockPM Segments MSI HPX-Type3]
[    0.183687] PCI host bridge to bus 0000:00
[    0.184187] pci_bus 0000:00: root bus resource [io  0x0000-0x0cf7 window]
[    0.184602] pci_bus 0000:00: root bus resource [io  0x0d00-0xffff window]
[    0.185435] pci_bus 0000:00: root bus resource [mem 0x000a0000-0x000bffff window]
[    0.186603] pci_bus 0000:00: root bus resource [mem 0x40000000-0xfebfffff window]
[    0.187510] pci_bus 0000:00: root bus resource [mem 0x100000000-0x17fffffff window]
[    0.188603] pci_bus 0000:00: root bus resource [bus 00-ff]
[    0.189354] pci 0000:00:00.0: [8086:1237] type 00 class 0x060000 conventional PCI endpoint
[    0.190863] pci 0000:00:01.0: [8086:7000] type 00 class 0x060100 conventional PCI endpoint
[    0.191865] pci 0000:00:01.1: [8086:7010] type 00 class 0x010180 conventional PCI endpoint
[    0.193082] pci 0000:00:01.1: BAR 4 [io  0xc0c0-0xc0cf]
[    0.193620] pci 0000:00:01.1: BAR 0 [io  0x01f0-0x01f7]: legacy IDE quirk
[    0.194445] pci 0000:00:01.1: BAR 1 [io  0x03f6]: legacy IDE quirk
[    0.195602] pci 0000:00:01.1: BAR 2 [io  0x0170-0x0177]: legacy IDE quirk
[    0.196426] pci 0000:00:01.1: BAR 3 [io  0x0376]: legacy IDE quirk
[    0.196691] pci 0000:00:01.3: [8086:7113] type 00 class 0x068000 conventional PCI endpoint
[    0.197791] pci 0000:00:01.3: quirk: [io  0x0600-0x063f] claimed by PIIX4 ACPI
[    0.199606] pci 0000:00:01.3: quirk: [io  0x0700-0x070f] claimed by PIIX4 SMB
[    0.200635] pci 0000:00:02.0: [1af4:1009] type 00 class 0x000200 conventional PCI endpoint
[    0.202607] pci 0000:00:02.0: BAR 0 [io  0xc000-0xc03f]
[    0.203247] pci 0000:00:02.0: BAR 1 [mem 0xfebfc000-0xfebfcfff]
[    0.203616] pci 0000:00:02.0: BAR 4 [mem 0xfebf0000-0xfebf3fff 64bit pref]
[    0.205170] pci 0000:00:03.0: [1af4:1009] type 00 class 0x000200 conventional PCI endpoint
[    0.207053] pci 0000:00:03.0: BAR 0 [io  0xc040-0xc07f]
[    0.207606] pci 0000:00:03.0: BAR 1 [mem 0xfebfd000-0xfebfdfff]
[    0.208341] pci 0000:00:03.0: BAR 4 [mem 0xfebf4000-0xfebf7fff 64bit pref]
[    0.209116] pci 0000:00:04.0: [8086:25ab] type 00 class 0x088000 conventional PCI endpoint
[    0.210884] pci 0000:00:04.0: BAR 0 [mem 0xfebfe000-0xfebfe00f]
[    0.211989] pci 0000:00:05.0: [1af4:1003] type 00 class 0x078000 conventional PCI endpoint
[    0.213607] pci 0000:00:05.0: BAR 0 [io  0xc080-0xc0bf]
[    0.214250] pci 0000:00:05.0: BAR 1 [mem 0xfebff000-0xfebfffff]
[    0.215616] pci 0000:00:05.0: BAR 4 [mem 0xfebf8000-0xfebfbfff 64bit pref]
[    0.217155] ACPI: PCI: Interrupt link LNKA configured for IRQ 10
[    0.217705] ACPI: PCI: Interrupt link LNKB configured for IRQ 10
[    0.218531] ACPI: PCI: Interrupt link LNKC configured for IRQ 11
[    0.219694] ACPI: PCI: Interrupt link LNKD configured for IRQ 11
[    0.220490] ACPI: PCI: Interrupt link LNKS configured for IRQ 9
[    0.221396] iommu: Default domain type: Translated
[    0.222602] iommu: DMA domain TLB invalidation policy: lazy mode
[    0.223377] SCSI subsystem initialized
[    0.223631] pps_core: LinuxPPS API ver. 1 registered
[    0.224235] pps_core: Software ver. 5.3.6 - Copyright 2005-2007 Rodolfo Giometti <giometti@linux.it>
[    0.225604] PTP clock support registered
[    0.226090] Advanced Linux Sound Architecture Driver Initialized.
[    0.226845] NET: Registered PF_ATMPVC protocol family
[    0.227463] NET: Registered PF_ATMSVC protocol family
[    0.227607] PCI: Using ACPI for IRQ routing
[    0.228612] vgaarb: loaded
[    0.228938] hpet0: at MMIO 0xfed00000, IRQs 2, 8, 0
[    0.229603] hpet0: 3 comparators, 64-bit 100.000000 MHz counter
[    0.233684] clocksource: Switched to clocksource kvm-clock
[    0.234470] VFS: Disk quotas dquot_6.6.0
[    0.234918] VFS: Dquot-cache hash table entries: 512 (order 0, 4096 bytes)
[    0.235819] pnp: PnP ACPI init
[    0.236365] pnp: PnP ACPI: found 5 devices
[    0.243050] clocksource: acpi_pm: mask: 0xffffff max_cycles: 0xffffff, max_idle_ns: 2085701024 ns
[    0.244141] NET: Registered PF_INET protocol family
[    0.244754] IP idents hash table entries: 16384 (order: 5, 131072 bytes, linear)
[    0.245793] tcp_listen_portaddr_hash hash table entries: 512 (order: 1, 8192 bytes, linear)
[    0.246810] Table-perturb hash table entries: 65536 (order: 6, 262144 bytes, linear)
[    0.247755] TCP established hash table entries: 8192 (order: 4, 65536 bytes, linear)
[    0.248700] TCP bind hash table entries: 8192 (order: 6, 262144 bytes, linear)
[    0.249585] TCP: Hash tables configured (established 8192 bind 8192)
[    0.250378] UDP hash table entries: 512 (order: 3, 32768 bytes, linear)
[    0.251180] UDP-Lite hash table entries: 512 (order: 3, 32768 bytes, linear)
[    0.252050] NET: Registered PF_UNIX/PF_LOCAL protocol family
[    0.252742] pci_bus 0000:00: resource 4 [io  0x0000-0x0cf7 window]
[    0.253480] pci_bus 0000:00: resource 5 [io  0x0d00-0xffff window]
[    0.254221] pci_bus 0000:00: resource 6 [mem 0x000a0000-0x000bffff window]
[    0.255046] pci_bus 0000:00: resource 7 [mem 0x40000000-0xfebfffff window]
[    0.255871] pci_bus 0000:00: resource 8 [mem 0x100000000-0x17fffffff window]
[    0.256741] pci 0000:00:01.0: PIIX3: Enabling Passive Release
[    0.257430] pci 0000:00:00.0: Limiting direct PCI/PCI transfers
[    0.258173] PCI: CLS 0 bytes, default 64
[    0.258692] kvm_intel: VMX not supported by CPU 7
[    0.259285] kvm_amd: TSC scaling supported
[    0.259784] kvm_amd: Nested Virtualization enabled
[    0.260355] kvm_amd: Nested Paging enabled
[    0.260853] kvm_amd: LBR virtualization supported
[    0.261431] kvm_amd: Virtual GIF supported
[    0.261924] kvm_amd: Virtual NMI enabled
[    0.287468] clocksource: tsc: mask: 0xffffffffffffffff max_cycles: 0x40be4320a4d, max_idle_ns: 440795288133 ns
[    0.294107] Initialise system trusted keyrings
[    0.294707] workingset: timestamp_bits=56 max_order=18 bucket_order=0
[    0.295514] squashfs: version 4.0 (2009/01/31) Phillip Lougher
[    0.296233] fuse: init (API version 7.43)
[    0.296761] 9p: Installing v9fs 9p2000 file system support
[    0.303713] Key type asymmetric registered
[    0.304219] Asymmetric key parser 'x509' registered
[    0.304828] Block layer SCSI generic (bsg) driver version 0.4 loaded (major 249)
[    0.305748] io scheduler mq-deadline registered
[    0.306300] io scheduler kyber registered
[    0.308239] input: Power Button as /devices/LNXSYSTM:00/LNXPWRBN:00/input/input0
[    0.309221] ACPI: button: Power Button [PWRF]
[    0.310133] Warning: Processor Platform Limit event detected, but not handled.
[    0.311021] Consider compiling CPUfreq support into your kernel.
[    0.327928] ACPI: \_SB_.LNKB: Enabled at IRQ 10
[    0.343138] ACPI: \_SB_.LNKC: Enabled at IRQ 11
[    0.358282] ACPI: \_SB_.LNKA: Enabled at IRQ 10
[    0.359356] Serial: 8250/16550 driver, 4 ports, IRQ sharing enabled
[    0.360221] 00:03: ttyS0 at I/O 0x3f8 (irq = 4, base_baud = 115200) is a 16550A
[    0.382130] Non-volatile memory driver v1.3
[    0.382684] Linux agpgart interface v0.103
[    0.383197] printk: legacy console [hvc0] enabled
[    0.383246] ACPI: bus type drm_connector registered
[    0.383785] printk: legacy bootconsole [earlyser0] disabled
          _      _                                    
   __   _(_)_ __| |_ _ __ ___   ___       _ __   __ _ 
   \ \ / / |  __| __|  _   _ \ / _ \_____|  _ \ / _  |
    \ V /| | |  | |_| | | | | |  __/_____| | | | (_| |
     \_/ |_|_|   \__|_| |_| |_|\___|     |_| |_|\__  |
                                                |___/ 
   kernel version: 6.15.0-rc5-virtme x86_64
   (CTRL+d to exit)

root@virtme-ng:/nipa-data/kernel# PS1='xx__-> '
xx__-> env
PWD=/nipa-data/kernel
nr_open=1048576
HOME=/
TERM=xterm
SHLVL=2
XDG_RUNTIME_DIR=/run/user/0
PATH=/bin:/sbin:/usr/bin:/usr/sbin:/usr/local/bin
OLDPWD=/
_=/bin/env
xx__-> 