No EFI environment detected.
early console in extract_kernel
input_data: 0x0000000004ab02c4
input_len: 0x0000000001853a33
output: 0x0000000001000000
output_len: 0x0000000005290bec
kernel_total_size: 0x0000000004e30000
needed_size: 0x0000000005400000
trampoline_32bit: 0x0000000000000000
Physical KASLR using RDRAND RDTSC...
Virtual KASLR using RDRAND RDTSC...

Decompressing Linux... Parsing ELF... Performing relocations... done.
Booting the kernel (entry_offset: 0x0000000000000000).
[    0.000000] Linux version 6.9.0-virtme (root@0d3fb9e9c6fd) (gcc (Alpine 13.2.1_git20240309) 13.2.1 20240309, GNU ld (GNU Binutils) 2.42) #1 SMP PREEMPT_DYNAMIC Tue May 21 15:26:46 UTC 2024
[    0.000000] Command line: virtme_hostname=virtme-ng nr_open=1048576 virtme_link_mods=/nipa-data/kernel/.virtme_mods/lib/modules/0.0.0 virtme_initmount0=nipa-data/kernel virtme_rw_overlay0=/etc virtme_rw_overlay1=/lib virtme_rw_overlay2=/home virtme_rw_overlay3=/opt virtme_rw_overlay4=/srv virtme_rw_overlay5=/usr virtme_rw_overlay6=/var console=hvc0 earlyprintk=serial,ttyS0,115200 virtme_console=ttyS0 psmouse.proto=exps TERM=xterm virtme_chdir=nipa-data/kernel virtme_root_user=1 rootfstype=9p rootflags=version=9p2000.L,trans=virtio,access=any raid=noautodetect ro init=/usr/lib/python3.12/site-packages/virtme/guest/virtme-init
[    0.000000] BIOS-provided physical RAM map:
[    0.000000] BIOS-e820: [mem 0x0000000000000000-0x000000000009fbff] usable
[    0.000000] BIOS-e820: [mem 0x000000000009fc00-0x000000000009ffff] reserved
[    0.000000] BIOS-e820: [mem 0x00000000000f0000-0x00000000000fffff] reserved
[    0.000000] BIOS-e820: [mem 0x0000000000100000-0x000000003ffdffff] usable
[    0.000000] BIOS-e820: [mem 0x000000003ffe0000-0x000000003fffffff] reserved
[    0.000000] BIOS-e820: [mem 0x00000000feffc000-0x00000000feffffff] reserved
[    0.000000] BIOS-e820: [mem 0x00000000fffc0000-0x00000000ffffffff] reserved
[    0.000000] BIOS-e820: [mem 0x000000fd00000000-0x000000ffffffffff] reserved
[    0.000000] printk: legacy bootconsole [earlyser0] enabled
[    0.000000] NX (Execute Disable) protection: active
[    0.000000] APIC: Static calls initialized
[    0.000000] SMBIOS 2.8 present.
[    0.000000] DMI: QEMU Standard PC (i440FX + PIIX, 1996), BIOS rel-1.16.3-0-ga6ed6b701f0a-prebuilt.qemu.org 04/01/2014
[    0.000000] Hypervisor detected: KVM
[    0.000000] kvm-clock: Using msrs 4b564d01 and 4b564d00
[    0.000001] kvm-clock: using sched offset of 360082096 cycles
[    0.000486] clocksource: kvm-clock: mask: 0xffffffffffffffff max_cycles: 0x1cd42e4dffb, max_idle_ns: 881590591483 ns
[    0.001800] tsc: Detected 4491.556 MHz processor
[    0.002538] last_pfn = 0x3ffe0 max_arch_pfn = 0x400000000
[    0.003029] MTRR map: 4 entries (3 fixed + 1 variable; max 19), built from 8 variable MTRRs
[    0.003693] x86/PAT: Configuration [0-7]: WB  WC  UC- UC  WB  WP  UC- WT  
[    0.005817] found SMP MP-table at [mem 0x000f5470-0x000f547f]
[    0.006327] Using GB pages for direct mapping
[    0.006851] ACPI: Early table checksum verification disabled
[    0.007381] ACPI: RSDP 0x00000000000F5290 000014 (v00 BOCHS )
[    0.007922] ACPI: RSDT 0x000000003FFE27BC 000034 (v01 BOCHS  BXPC     00000001 BXPC 00000001)
[    0.008717] ACPI: FACP 0x000000003FFE2578 000074 (v01 BOCHS  BXPC     00000001 BXPC 00000001)
[    0.009445] ACPI: DSDT 0x000000003FFE0040 002538 (v01 BOCHS  BXPC     00000001 BXPC 00000001)
[    0.010110] ACPI: FACS 0x000000003FFE0000 000040
[    0.010477] ACPI: APIC 0x000000003FFE25EC 000170 (v03 BOCHS  BXPC     00000001 BXPC 00000001)
[    0.011268] ACPI: HPET 0x000000003FFE275C 000038 (v01 BOCHS  BXPC     00000001 BXPC 00000001)
[    0.012044] ACPI: WAET 0x000000003FFE2794 000028 (v01 BOCHS  BXPC     00000001 BXPC 00000001)
[    0.012698] ACPI: Reserving FACP table memory at [mem 0x3ffe2578-0x3ffe25eb]
[    0.013258] ACPI: Reserving DSDT table memory at [mem 0x3ffe0040-0x3ffe2577]
[    0.013809] ACPI: Reserving FACS table memory at [mem 0x3ffe0000-0x3ffe003f]
[    0.014365] ACPI: Reserving APIC table memory at [mem 0x3ffe25ec-0x3ffe275b]
[    0.014949] ACPI: Reserving HPET table memory at [mem 0x3ffe275c-0x3ffe2793]
[    0.015570] ACPI: Reserving WAET table memory at [mem 0x3ffe2794-0x3ffe27bb]
[    0.016328] No NUMA configuration found
[    0.016621] Faking a node at [mem 0x0000000000000000-0x000000003ffdffff]
[    0.017145] NODE_DATA(0) allocated [mem 0x3ffdb000-0x3ffdffff]
[    0.017608] Zone ranges:
[    0.017818]   DMA      [mem 0x0000000000001000-0x0000000000ffffff]
[    0.018295]   DMA32    [mem 0x0000000001000000-0x000000003ffdffff]
[    0.018777]   Normal   empty
[    0.019004]   Device   empty
[    0.019224] Movable zone start for each node
[    0.019550] Early memory node ranges
[    0.019835]   node   0: [mem 0x0000000000001000-0x000000000009efff]
[    0.020314]   node   0: [mem 0x0000000000100000-0x000000003ffdffff]
[    0.020801] Initmem setup node 0 [mem 0x0000000000001000-0x000000003ffdffff]
[    0.021343] On node 0, zone DMA: 1 pages in unavailable ranges
[    0.021875] On node 0, zone DMA: 97 pages in unavailable ranges
[    0.026790] On node 0, zone DMA32: 32 pages in unavailable ranges
[    0.036551] kasan: KernelAddressSanitizer initialized
[    0.037195] ACPI: PM-Timer IO Port: 0x608
[    0.037514] ACPI: LAPIC_NMI (acpi_id[0xff] dfl dfl lint[0x1])
[    0.037974] IOAPIC[0]: apic_id 0, version 17, address 0xfec00000, GSI 0-23
[    0.038509] ACPI: INT_SRC_OVR (bus 0 bus_irq 0 global_irq 2 dfl dfl)
[    0.038993] ACPI: INT_SRC_OVR (bus 0 bus_irq 5 global_irq 5 high level)
[    0.039497] ACPI: INT_SRC_OVR (bus 0 bus_irq 9 global_irq 9 high level)
[    0.040001] ACPI: INT_SRC_OVR (bus 0 bus_irq 10 global_irq 10 high level)
[    0.040518] ACPI: INT_SRC_OVR (bus 0 bus_irq 11 global_irq 11 high level)
[    0.041036] ACPI: Using ACPI (MADT) for SMP configuration information
[    0.041526] ACPI: HPET id: 0x8086a201 base: 0xfed00000
[    0.041929] TSC deadline timer available
[    0.042231] CPU topo: Max. logical packages:   1
[    0.042586] CPU topo: Max. logical dies:       1
[    0.042937] CPU topo: Max. dies per package:   1
[    0.043290] CPU topo: Max. threads per core:   1
[    0.043642] CPU topo: Num. cores per package:    32
[    0.044012] CPU topo: Num. threads per package:  32
[    0.044384] CPU topo: Allowing 32 present CPUs plus 0 hotplug CPUs
[    0.044871] kvm-guest: APIC: eoi() replaced with kvm_guest_apic_eoi_write()
[    0.045422] kvm-guest: KVM setup pv remote TLB flush
[    0.045803] kvm-guest: setup PV sched yield
[    0.046128] PM: hibernation: Registered nosave memory: [mem 0x00000000-0x00000fff]
[    0.046708] PM: hibernation: Registered nosave memory: [mem 0x0009f000-0x0009ffff]
[    0.047284] PM: hibernation: Registered nosave memory: [mem 0x000a0000-0x000effff]
[    0.047863] PM: hibernation: Registered nosave memory: [mem 0x000f0000-0x000fffff]
[    0.048440] [mem 0x40000000-0xfeffbfff] available for PCI devices
[    0.048905] Booting paravirtualized kernel on KVM
[    0.049265] clocksource: refined-jiffies: mask: 0xffffffff max_cycles: 0xffffffff, max_idle_ns: 1910969940391419 ns
[    0.058232] setup_percpu: NR_CPUS:64 nr_cpumask_bits:32 nr_cpu_ids:32 nr_node_ids:1
[    0.060133] percpu: Embedded 70 pages/cpu s248616 r8192 d29912 u524288
[    0.060698] Kernel command line: virtme_hostname=virtme-ng nr_open=1048576 virtme_link_mods=/nipa-data/kernel/.virtme_mods/lib/modules/0.0.0 virtme_initmount0=nipa-data/kernel virtme_rw_overlay0=/etc virtme_rw_overlay1=/lib virtme_rw_overlay2=/home virtme_rw_overlay3=/opt virtme_rw_overlay4=/srv virtme_rw_overlay5=/usr virtme_rw_overlay6=/var console=hvc0 earlyprintk=serial,ttyS0,115200 virtme_console=ttyS0 psmouse.proto=exps TERM=xterm virtme_chdir=nipa-data/kernel virtme_root_user=1 rootfstype=9p rootflags=version=9p2000.L,trans=virtio,access=any raid=noautodetect ro init=/usr/lib/python3.12/site-packages/virtme/guest/virtme-init
[    0.065229] Unknown kernel command line parameters "virtme_hostname=virtme-ng nr_open=1048576 virtme_link_mods=/nipa-data/kernel/.virtme_mods/lib/modules/0.0.0 virtme_initmount0=nipa-data/kernel virtme_rw_overlay0=/etc virtme_rw_overlay1=/lib virtme_rw_overlay2=/home virtme_rw_overlay3=/opt virtme_rw_overlay4=/srv virtme_rw_overlay5=/usr virtme_rw_overlay6=/var virtme_console=ttyS0 virtme_chdir=nipa-data/kernel virtme_root_user=1", will be passed to user space.
[    0.068657] random: crng init done
[    0.069039] Dentry cache hash table entries: 131072 (order: 8, 1048576 bytes, linear)
[    0.069674] Inode-cache hash table entries: 65536 (order: 7, 524288 bytes, linear)
[    0.070721] Fallback order for Node 0: 0 
[    0.070726] Built 1 zonelists, mobility grouping on.  Total pages: 257760
[    0.071582] Policy zone: DMA32
[    0.071826] mem auto-init: stack:all(zero), heap alloc:off, heap free:off
[    0.072365] stackdepot: allocating hash table via alloc_large_system_hash
[    0.072906] stackdepot hash table entries: 1048576 (order: 12, 16777216 bytes, linear)
[    0.081222] Memory: 781048K/1048056K available (43008K kernel code, 11182K rwdata, 9804K rodata, 5896K init, 2248K bss, 266752K reserved, 0K cma-reserved)
[    0.082811] SLUB: HWalign=64, Order=0-3, MinObjects=0, CPUs=32, Nodes=1
Poking KASLR using RDRAND RDTSC...
[    0.083812] ftrace: allocating 47839 entries in 187 pages
[    0.095007] ftrace: allocated 187 pages with 6 groups
[    0.096545] Dynamic Preempt: voluntary
[    0.097521] rcu: Preemptible hierarchical RCU implementation.
[    0.098076] rcu: RCU event tracing is enabled.
[    0.098514] rcu: RCU restricting CPUs from NR_CPUS=64 to nr_cpu_ids=32.
[    0.099155] Trampoline variant of Tasks RCU enabled.
[    0.099635] Rude variant of Tasks RCU enabled.
[    0.100069] Tracing variant of Tasks RCU enabled.
[    0.100526] rcu: RCU calculated value of scheduler-enlistment delay is 100 jiffies.
[    0.101258] rcu: Adjusting geometry for rcu_fanout_leaf=16, nr_cpu_ids=32
[    0.102000] RCU Tasks: Setting shift to 5 and lim to 1 rcu_task_cb_adjust=1.
[    0.102742] RCU Tasks Rude: Setting shift to 5 and lim to 1 rcu_task_cb_adjust=1.
[    0.103472] RCU Tasks Trace: Setting shift to 5 and lim to 1 rcu_task_cb_adjust=1.
[    0.113327] NR_IRQS: 4352, nr_irqs: 680, preallocated irqs: 16
[    0.114063] rcu: srcu_init: Setting srcu_struct sizes based on contention.
[    0.114841] Console: colour *CGA 80x25
[    0.115161] ACPI: Core revision 20240322
[    0.115629] clocksource: hpet: mask: 0xffffffff max_cycles: 0xffffffff, max_idle_ns: 19112604467 ns
[    0.116425] APIC: Switch to symmetric I/O mode setup
[    0.116828] APIC: Switched APIC routing to: physical flat
[    0.117250] kvm-guest: APIC: send_IPI_mask() replaced with kvm_send_ipi_mask()
[    0.117821] kvm-guest: APIC: send_IPI_mask_allbutself() replaced with kvm_send_ipi_mask_allbutself()
[    0.118551] kvm-guest: setup PV IPIs
[    0.119741] ..TIMER: vector=0x30 apic1=0 pin1=2 apic2=-1 pin2=-1
[    0.120598] tsc: Marking TSC unstable due to TSCs unsynchronized
[    0.121443] Calibrating delay loop (skipped) preset value.. 8983.11 BogoMIPS (lpj=4491556)
[    0.122508] x86/cpu: User Mode Instruction Prevention (UMIP) activated
[    0.123505] Last level iTLB entries: 4KB 512, 2MB 255, 4MB 127
[    0.124441] Last level dTLB entries: 4KB 512, 2MB 255, 4MB 127, 1GB 0
[    0.125327] Spectre V1 : Mitigation: usercopy/swapgs barriers and __user pointer sanitization
[    0.125446] Spectre V2 : Mitigation: Enhanced / Automatic IBRS
[    0.126268] Spectre V2 : Spectre v2 / SpectreRSB mitigation: Filling RSB on context switch
[    0.126444] Spectre V2 : mitigation: Enabling conditional Indirect Branch Prediction Barrier
[    0.127443] Speculative Store Bypass: Mitigation: Speculative Store Bypass disabled via prctl
[    0.128442] Speculative Return Stack Overflow: IBPB-extending microcode not applied!
[    0.129441] Speculative Return Stack Overflow: WARNING: See https://kernel.org/doc/html/latest/admin-guide/hw-vuln/srso.html for mitigation options.
[    0.129443] Speculative Return Stack Overflow: Vulnerable: Safe RET, no microcode
[    0.131457] x86/fpu: Supporting XSAVE feature 0x001: 'x87 floating point registers'
[    0.132441] x86/fpu: Supporting XSAVE feature 0x002: 'SSE registers'
[    0.133441] x86/fpu: Supporting XSAVE feature 0x004: 'AVX registers'
[    0.134441] x86/fpu: Supporting XSAVE feature 0x020: 'AVX-512 opmask'
[    0.135441] x86/fpu: Supporting XSAVE feature 0x040: 'AVX-512 Hi256'
[    0.136289] x86/fpu: Supporting XSAVE feature 0x080: 'AVX-512 ZMM_Hi256'
[    0.136441] x86/fpu: Supporting XSAVE feature 0x200: 'Protection Keys User registers'
[    0.137441] x86/fpu: xstate_offset[2]:  576, xstate_sizes[2]:  256
[    0.138441] x86/fpu: xstate_offset[5]:  832, xstate_sizes[5]:   64
[    0.139441] x86/fpu: xstate_offset[6]:  896, xstate_sizes[6]:  512
[    0.140441] x86/fpu: xstate_offset[7]: 1408, xstate_sizes[7]: 1024
[    0.141441] x86/fpu: xstate_offset[9]: 2432, xstate_sizes[9]:    8
[    0.142441] x86/fpu: Enabled xstate features 0x2e7, context size is 2440 bytes, using 'compacted' format.
[    0.165940] Freeing SMP alternatives memory: 40K
[    0.166442] pid_max: default: 32768 minimum: 301
[    0.167221] Mount-cache hash table entries: 2048 (order: 2, 16384 bytes, linear)
[    0.167443] Mountpoint-cache hash table entries: 2048 (order: 2, 16384 bytes, linear)
[    0.169124] smpboot: CPU0: AMD Ryzen 9 7950X 16-Core Processor (family: 0x19, model: 0x61, stepping: 0x2)
[    0.169960] Performance Events: Fam17h+ core perfctr, AMD PMU driver.
[    0.170446] ... version:                0
[    0.170982] ... bit width:              48
[    0.171443] ... generic registers:      6
[    0.171975] ... value mask:             0000ffffffffffff
[    0.172442] ... max period:             00007fffffffffff
[    0.173174] ... fixed-purpose events:   0
[    0.173443] ... event mask:             000000000000003f
[    0.174290] signal: max sigframe size: 3376
[    0.174492] rcu: Hierarchical SRCU implementation.
[    0.175131] rcu: Max phase no-delay instances is 400.
[    0.180662] smp: Bringing up secondary CPUs ...
[    0.181797] smpboot: x86: Booting SMP configuration:
[    0.182445] .... node  #0, CPUs:        #1  #2  #3  #4  #5  #6  #7  #8  #9 #10 #11 #12 #13 #14 #15 #16 #17 #18 #19 #20 #21 #22 #23 #24 #25 #26 #27 #28 #29 #30 #31
[    0.214613] smp: Brought up 1 node, 32 CPUs
[    0.216011] smpboot: Total of 32 processors activated (287459.58 BogoMIPS)
[    0.228534] devtmpfs: initialized
[    0.229089] x86/mm: Memory block size: 128MB
[    0.235819] clocksource: jiffies: mask: 0xffffffff max_cycles: 0xffffffff, max_idle_ns: 1911260446275000 ns
[    0.236448] futex hash table entries: 8192 (order: 7, 524288 bytes, linear)
[    0.237710] PM: RTC time: 15:27:21, date: 2024-05-21
[    0.239197] NET: Registered PF_NETLINK/PF_ROUTE protocol family
[    0.240402] thermal_sys: Registered thermal governor 'step_wise'
[    0.240404] thermal_sys: Registered thermal governor 'user_space'
[    0.240474] cpuidle: using governor menu
[    0.242989] PCI: Using configuration type 1 for base access
[    0.243443] PCI: Using configuration type 1 for extended access
[    0.244380] kprobes: kprobe jump-optimization is enabled. All kprobes are optimized if possible.
[    0.256720] HugeTLB: registered 1.00 GiB page size, pre-allocated 0 pages
[    0.258443] HugeTLB: 16380 KiB vmemmap can be freed for a 1.00 GiB page
[    0.259335] HugeTLB: registered 2.00 MiB page size, pre-allocated 0 pages
[    0.259443] HugeTLB: 28 KiB vmemmap can be freed for a 2.00 MiB page
[    0.261455] Demotion targets for Node 0: null
[    0.262169] ACPI: Added _OSI(Module Device)
[    0.262239] ACPI: Added _OSI(Processor Device)
[    0.263443] ACPI: Added _OSI(3.0 _SCP Extensions)
[    0.264051] ACPI: Added _OSI(Processor Aggregator Device)
[    0.294777] ACPI: 1 ACPI AML tables successfully acquired and loaded
[    0.298630] ACPI: _OSC evaluation for CPUs failed, trying _PDC
[    0.301778] ACPI: Interpreter enabled
[    0.302330] ACPI: PM: (supports S0 S3 S4 S5)
[    0.302443] ACPI: Using IOAPIC for interrupt routing
[    0.303164] PCI: Using host bridge windows from ACPI; if necessary, use "pci=nocrs" and report a bug
[    0.304444] PCI: Using E820 reservations for host bridge windows
[    0.306781] ACPI: Enabled 2 GPEs in block 00 to 0F
[    0.355839] ACPI: PCI Root Bridge [PCI0] (domain 0000 [bus 00-ff])
[    0.356461] acpi PNP0A03:00: _OSC: OS supports [ExtendedConfig ASPM ClockPM Segments MSI HPX-Type3]
[    0.357968] PCI host bridge to bus 0000:00
[    0.359447] pci_bus 0000:00: root bus resource [io  0x0000-0x0cf7 window]
[    0.360328] pci_bus 0000:00: root bus resource [io  0x0d00-0xffff window]
[    0.360445] pci_bus 0000:00: root bus resource [mem 0x000a0000-0x000bffff window]
[    0.361420] pci_bus 0000:00: root bus resource [mem 0x40000000-0xfebfffff window]
[    0.362446] pci_bus 0000:00: root bus resource [mem 0x100000000-0x17fffffff window]
[    0.363446] pci_bus 0000:00: root bus resource [bus 00-ff]
[    0.364312] pci 0000:00:00.0: [8086:1237] type 00 class 0x060000 conventional PCI endpoint
[    0.366341] pci 0000:00:01.0: [8086:7000] type 00 class 0x060100 conventional PCI endpoint
[    0.368368] pci 0000:00:01.1: [8086:7010] type 00 class 0x010180 conventional PCI endpoint
[    0.373444] pci 0000:00:01.1: BAR 4 [io  0xc0c0-0xc0cf]
[    0.375458] pci 0000:00:01.1: BAR 0 [io  0x01f0-0x01f7]: legacy IDE quirk
[    0.376444] pci 0000:00:01.1: BAR 1 [io  0x03f6]: legacy IDE quirk
[    0.377443] pci 0000:00:01.1: BAR 2 [io  0x0170-0x0177]: legacy IDE quirk
[    0.378443] pci 0000:00:01.1: BAR 3 [io  0x0376]: legacy IDE quirk
[    0.380484] pci 0000:00:01.3: [8086:7113] type 00 class 0x068000 conventional PCI endpoint
[    0.382773] pci 0000:00:01.3: quirk: [io  0x0600-0x063f] claimed by PIIX4 ACPI
[    0.383449] pci 0000:00:01.3: quirk: [io  0x0700-0x070f] claimed by PIIX4 SMB
[    0.385426] pci 0000:00:02.0: [1af4:1009] type 00 class 0x000200 conventional PCI endpoint
[    0.389444] pci 0000:00:02.0: BAR 0 [io  0xc000-0xc03f]
[    0.391434] pci 0000:00:02.0: BAR 1 [mem 0xfebfc000-0xfebfcfff]
[    0.397138] pci 0000:00:02.0: BAR 4 [mem 0xfebf0000-0xfebf3fff 64bit pref]
[    0.411230] pci 0000:00:03.0: [1af4:1009] type 00 class 0x000200 conventional PCI endpoint
[    0.413443] pci 0000:00:03.0: BAR 0 [io  0xc040-0xc07f]
[    0.415128] pci 0000:00:03.0: BAR 1 [mem 0xfebfd000-0xfebfdfff]
[    0.420443] pci 0000:00:03.0: BAR 4 [mem 0xfebf4000-0xfebf7fff 64bit pref]
[    0.434823] pci 0000:00:04.0: [8086:25ab] type 00 class 0x088000 conventional PCI endpoint
[    0.436804] pci 0000:00:04.0: BAR 0 [mem 0xfebfe000-0xfebfe00f]
[    0.451267] pci 0000:00:05.0: [1af4:1003] type 00 class 0x078000 conventional PCI endpoint
[    0.453443] pci 0000:00:05.0: BAR 0 [io  0xc080-0xc0bf]
[    0.456113] pci 0000:00:05.0: BAR 1 [mem 0xfebff000-0xfebfffff]
[    0.461123] pci 0000:00:05.0: BAR 4 [mem 0xfebf8000-0xfebfbfff 64bit pref]
[    0.477475] ACPI: PCI: Interrupt link LNKA configured for IRQ 10
[    0.479193] ACPI: PCI: Interrupt link LNKB configured for IRQ 10
[    0.480373] ACPI: PCI: Interrupt link LNKC configured for IRQ 11
[    0.482368] ACPI: PCI: Interrupt link LNKD configured for IRQ 11
[    0.483832] ACPI: PCI: Interrupt link LNKS configured for IRQ 9
[    0.502951] iommu: Default domain type: Translated
[    0.503443] iommu: DMA domain TLB invalidation policy: lazy mode
[    0.504692] SCSI subsystem initialized
[    0.505566] pps_core: LinuxPPS API ver. 1 registered
[    0.506217] pps_core: Software ver. 5.3.6 - Copyright 2005-2007 Rodolfo Giometti <giometti@linux.it>
[    0.507457] PTP clock support registered
[    0.508575] Advanced Linux Sound Architecture Driver Initialized.
[    0.510612] NET: Registered PF_ATMPVC protocol family
[    0.511269] NET: Registered PF_ATMSVC protocol family
[    0.511467] PCI: Using ACPI for IRQ routing
[    0.512499] vgaarb: loaded
[    0.512565] hpet0: at MMIO 0xfed00000, IRQs 2, 8, 0
[    0.513201] hpet0: 3 comparators, 64-bit 100.000000 MHz counter
[    0.518857] clocksource: Switched to clocksource kvm-clock
[    0.520218] VFS: Disk quotas dquot_6.6.0
[    0.520745] VFS: Dquot-cache hash table entries: 512 (order 0, 4096 bytes)
[    0.522460] pnp: PnP ACPI init
[    0.525291] pnp: PnP ACPI: found 5 devices
[    0.538271] clocksource: acpi_pm: mask: 0xffffff max_cycles: 0xffffff, max_idle_ns: 2085701024 ns
[    0.539486] NET: Registered PF_INET protocol family
[    0.540165] IP idents hash table entries: 16384 (order: 5, 131072 bytes, linear)
[    0.541533] tcp_listen_portaddr_hash hash table entries: 512 (order: 1, 8192 bytes, linear)
[    0.542623] Table-perturb hash table entries: 65536 (order: 6, 262144 bytes, linear)
[    0.543648] TCP established hash table entries: 8192 (order: 4, 65536 bytes, linear)
[    0.544736] TCP bind hash table entries: 8192 (order: 6, 262144 bytes, linear)
[    0.545676] TCP: Hash tables configured (established 8192 bind 8192)
[    0.546657] UDP hash table entries: 512 (order: 2, 16384 bytes, linear)
[    0.547561] UDP-Lite hash table entries: 512 (order: 2, 16384 bytes, linear)
[    0.548688] NET: Registered PF_UNIX/PF_LOCAL protocol family
[    0.549438] pci_bus 0000:00: resource 4 [io  0x0000-0x0cf7 window]
[    0.550233] pci_bus 0000:00: resource 5 [io  0x0d00-0xffff window]
[    0.551035] pci_bus 0000:00: resource 6 [mem 0x000a0000-0x000bffff window]
[    0.551921] pci_bus 0000:00: resource 7 [mem 0x40000000-0xfebfffff window]
[    0.552802] pci_bus 0000:00: resource 8 [mem 0x100000000-0x17fffffff window]
[    0.553914] pci 0000:00:01.0: PIIX3: Enabling Passive Release
[    0.554655] pci 0000:00:00.0: Limiting direct PCI/PCI transfers
[    0.555456] PCI: CLS 0 bytes, default 64
[    0.556036] kvm_intel: VMX not supported by CPU 8
[    0.556665] kvm_amd: TSC scaling supported
[    0.557199] kvm_amd: Nested Virtualization enabled
[    0.557874] kvm_amd: Nested Paging enabled
[    0.558408] kvm_amd: Virtual VMLOAD VMSAVE supported
[    0.559051] kvm_amd: Virtual GIF supported
[    0.559576] kvm_amd: Virtual NMI enabled
[    0.560086] kvm_amd: LBR virtualization supported
[    0.678302] Initialise system trusted keyrings
[    0.679061] workingset: timestamp_bits=56 max_order=18 bucket_order=0
[    0.680050] squashfs: version 4.0 (2009/01/31) Phillip Lougher
[    0.680840] fuse: init (API version 7.40)
[    0.681499] 9p: Installing v9fs 9p2000 file system support
[    0.691819] Key type asymmetric registered
[    0.692365] Asymmetric key parser 'x509' registered
[    0.693069] Block layer SCSI generic (bsg) driver version 0.4 loaded (major 249)
[    0.694064] io scheduler mq-deadline registered
[    0.694643] io scheduler kyber registered
[    0.696717] input: Power Button as /devices/LNXSYSTM:00/LNXPWRBN:00/input/input0
[    0.697941] ACPI: button: Power Button [PWRF]
[    0.698616] Warning: Processor Platform Limit event detected, but not handled.
[    0.699575] Consider compiling CPUfreq support into your kernel.
[    1.588364] ACPI: \_SB_.LNKB: Enabled at IRQ 10
[    2.464112] ACPI: \_SB_.LNKC: Enabled at IRQ 11
[    3.327901] ACPI: \_SB_.LNKA: Enabled at IRQ 10
[    3.329734] Serial: 8250/16550 driver, 4 ports, IRQ sharing enabled
[    3.331243] 00:03: ttyS0 at I/O 0x3f8 (irq = 4, base_baud = 115200) is a 16550A
[    3.365635] Non-volatile memory driver v1.3
[    3.366214] Linux agpgart interface v0.103
[    3.366938] ACPI: bus type drm_connector registered
[    3.367595] printk: legacy console [hvc0] enabled
[    3.368260] printk: legacy bootconsole [earlyser0] disabled
          _      _                                    
   __   _(_)_ __| |_ _ __ ___   ___       _ __   __ _ 
   \ \ / / |  __| __|  _   _ \ / _ \_____|  _ \ / _  |
    \ V /| | |  | |_| | | | | |  __/_____| | | | (_| |
     \_/ |_|_|   \__|_| |_| |_|\___|     |_| |_|\__  |
                                                |___/ 
   kernel version: 6.9.0-virtme x86_64
   (CTRL+d to exit)

virtme-ng:/nipa-data/kernel# PS1='xx__-> '
xx__-> env
PWD=/nipa-data/kernel
nr_open=1048576
HOME=/root
TERM=xterm
SHLVL=2
XDG_RUNTIME_DIR=/run/user/0
PATH=/bin:/sbin:/usr/bin:/usr/sbin:/usr/local/bin
OLDPWD=/
_=/usr/bin/env
xx__-> 