No EFI environment detected.
early console in extract_kernel
input_data: 0x00000000029f82b9
input_len: 0x0000000000ad508d
output: 0x0000000001000000
output_len: 0x0000000002488718
kernel_total_size: 0x0000000002230000
needed_size: 0x0000000002600000
trampoline_32bit: 0x0000000000000000
Physical KASLR using RDRAND RDTSC...
Virtual KASLR using RDRAND RDTSC...

Decompressing Linux... Parsing ELF... Performing relocations... done.
Booting the kernel (entry_offset: 0x0000000000000000).
[    0.000000] Linux version 6.8.0-rc5-virtme (root@0745a88c4035) (gcc (Alpine 13.2.1_git20231014) 13.2.1 20231014, GNU ld (GNU Binutils) 2.42) #1 SMP PREEMPT_DYNAMIC Fri Feb 23 12:07:35 UTC 2024
[    0.000000] Command line: virtme_hostname=virtme-ng virtme_link_mods=/nipa-data/kernel/.virtme_mods/lib/modules/0.0.0 virtme_initmount0=nipa-data/kernel virtme_rw_overlay0=/etc virtme_rw_overlay1=/lib virtme_rw_overlay2=/home virtme_rw_overlay3=/opt virtme_rw_overlay4=/srv virtme_rw_overlay5=/usr virtme_rw_overlay6=/var earlyprintk=serial,ttyS0,115200 console=ttyS0 psmouse.proto=exps TERM=xterm virtme_chdir=nipa-data/kernel virtme_root_user=1 rootfstype=9p rootflags=version=9p2000.L,trans=virtio,access=any raid=noautodetect ro init=/usr/lib/python3.11/site-packages/virtme/guest/virtme-init
[    0.000000] BIOS-provided physical RAM map:
[    0.000000] BIOS-e820: [mem 0x0000000000000000-0x000000000009fbff] usable
[    0.000000] BIOS-e820: [mem 0x000000000009fc00-0x000000000009ffff] reserved
[    0.000000] BIOS-e820: [mem 0x00000000000f0000-0x00000000000fffff] reserved
[    0.000000] BIOS-e820: [mem 0x0000000000100000-0x000000003ffdffff] usable
[    0.000000] BIOS-e820: [mem 0x000000003ffe0000-0x000000003fffffff] reserved
[    0.000000] BIOS-e820: [mem 0x00000000feffc000-0x00000000feffffff] reserved
[    0.000000] BIOS-e820: [mem 0x00000000fffc0000-0x00000000ffffffff] reserved
[    0.000000] BIOS-e820: [mem 0x000000fd00000000-0x000000ffffffffff] reserved
[    0.000000] printk: legacy bootconsole [earlyser0] enabled
[    0.000000] NX (Execute Disable) protection: active
[    0.000000] APIC: Static calls initialized
[    0.000000] SMBIOS 3.0.0 present.
[    0.000000] DMI: QEMU Standard PC (i440FX + PIIX, 1996), BIOS rel-1.16.3-0-ga6ed6b701f0a-prebuilt.qemu.org 04/01/2014
[    0.000000] Hypervisor detected: KVM
[    0.000000] kvm-clock: Using msrs 4b564d01 and 4b564d00
[    0.000000] kvm-clock: using sched offset of 218748339 cycles
[    0.000394] clocksource: kvm-clock: mask: 0xffffffffffffffff max_cycles: 0x1cd42e4dffb, max_idle_ns: 881590591483 ns
[    0.001606] tsc: Detected 4491.536 MHz processor
[    0.002217] last_pfn = 0x3ffe0 max_arch_pfn = 0x400000000
[    0.002644] MTRR map: 4 entries (3 fixed + 1 variable; max 19), built from 8 variable MTRRs
[    0.003267] x86/PAT: Configuration [0-7]: WB  WC  UC- UC  WB  WP  UC- WT  
Memory KASLR using RDRAND RDTSC...
[    0.005353] found SMP MP-table at [mem 0x000f5470-0x000f547f]
[    0.005784] Using GB pages for direct mapping
[    0.006138] ACPI: Early table checksum verification disabled
[    0.006559] ACPI: RSDP 0x00000000000F5290 000014 (v00 BOCHS )
[    0.006987] ACPI: RSDT 0x000000003FFE27B6 000034 (v01 BOCHS  BXPC     00000001 BXPC 00000001)
[    0.007624] ACPI: FACP 0x000000003FFE2572 000074 (v01 BOCHS  BXPC     00000001 BXPC 00000001)
[    0.008261] ACPI: DSDT 0x000000003FFE0040 002532 (v01 BOCHS  BXPC     00000001 BXPC 00000001)
[    0.008897] ACPI: FACS 0x000000003FFE0000 000040
[    0.009241] ACPI: APIC 0x000000003FFE25E6 000170 (v03 BOCHS  BXPC     00000001 BXPC 00000001)
[    0.009876] ACPI: HPET 0x000000003FFE2756 000038 (v01 BOCHS  BXPC     00000001 BXPC 00000001)
[    0.010511] ACPI: WAET 0x000000003FFE278E 000028 (v01 BOCHS  BXPC     00000001 BXPC 00000001)
[    0.011144] ACPI: Reserving FACP table memory at [mem 0x3ffe2572-0x3ffe25e5]
[    0.011670] ACPI: Reserving DSDT table memory at [mem 0x3ffe0040-0x3ffe2571]
[    0.012198] ACPI: Reserving FACS table memory at [mem 0x3ffe0000-0x3ffe003f]
[    0.012722] ACPI: Reserving APIC table memory at [mem 0x3ffe25e6-0x3ffe2755]
[    0.013246] ACPI: Reserving HPET table memory at [mem 0x3ffe2756-0x3ffe278d]
[    0.013771] ACPI: Reserving WAET table memory at [mem 0x3ffe278e-0x3ffe27b5]
[    0.014435] No NUMA configuration found
[    0.014721] Faking a node at [mem 0x0000000000000000-0x000000003ffdffff]
[    0.015221] NODE_DATA(0) allocated [mem 0x3ffdb000-0x3ffdffff]
[    0.015664] Zone ranges:
[    0.015852]   DMA      [mem 0x0000000000001000-0x0000000000ffffff]
[    0.016314]   DMA32    [mem 0x0000000001000000-0x000000003ffdffff]
[    0.016775]   Normal   empty
[    0.016989]   Device   empty
[    0.017204] Movable zone start for each node
[    0.017522] Early memory node ranges
[    0.017787]   node   0: [mem 0x0000000000001000-0x000000000009efff]
[    0.018253]   node   0: [mem 0x0000000000100000-0x000000003ffdffff]
[    0.018720] Initmem setup node 0 [mem 0x0000000000001000-0x000000003ffdffff]
[    0.019246] On node 0, zone DMA: 1 pages in unavailable ranges
[    0.019690] On node 0, zone DMA: 97 pages in unavailable ranges
[    0.021113] On node 0, zone DMA32: 32 pages in unavailable ranges
[    0.021763] ACPI: PM-Timer IO Port: 0x608
[    0.022065] ACPI: LAPIC_NMI (acpi_id[0xff] dfl dfl lint[0x1])
[    0.022509] IOAPIC[0]: apic_id 0, version 17, address 0xfec00000, GSI 0-23
[    0.023021] ACPI: INT_SRC_OVR (bus 0 bus_irq 0 global_irq 2 dfl dfl)
[    0.023496] ACPI: INT_SRC_OVR (bus 0 bus_irq 5 global_irq 5 high level)
[    0.023988] ACPI: INT_SRC_OVR (bus 0 bus_irq 9 global_irq 9 high level)
[    0.024485] ACPI: INT_SRC_OVR (bus 0 bus_irq 10 global_irq 10 high level)
[    0.024989] ACPI: INT_SRC_OVR (bus 0 bus_irq 11 global_irq 11 high level)
[    0.025499] ACPI: Using ACPI (MADT) for SMP configuration information
[    0.025976] ACPI: HPET id: 0x8086a201 base: 0xfed00000
[    0.026357] TSC deadline timer available
[    0.026648] smpboot: Allowing 32 CPUs, 0 hotplug CPUs
[    0.027031] kvm-guest: APIC: eoi() replaced with kvm_guest_apic_eoi_write()
[    0.027556] kvm-guest: KVM setup pv remote TLB flush
[    0.027926] kvm-guest: setup PV sched yield
[    0.028242] PM: hibernation: Registered nosave memory: [mem 0x00000000-0x00000fff]
[    0.028805] PM: hibernation: Registered nosave memory: [mem 0x0009f000-0x0009ffff]
[    0.029367] PM: hibernation: Registered nosave memory: [mem 0x000a0000-0x000effff]
[    0.029928] PM: hibernation: Registered nosave memory: [mem 0x000f0000-0x000fffff]
[    0.030496] [mem 0x40000000-0xfeffbfff] available for PCI devices
[    0.030949] Booting paravirtualized kernel on KVM
[    0.031301] clocksource: refined-jiffies: mask: 0xffffffff max_cycles: 0xffffffff, max_idle_ns: 1910969940391419 ns
[    0.034929] setup_percpu: NR_CPUS:64 nr_cpumask_bits:32 nr_cpu_ids:32 nr_node_ids:1
[    0.036148] percpu: Embedded 56 pages/cpu s191784 r8192 d29400 u262144
[    0.036677] Kernel command line: virtme_hostname=virtme-ng virtme_link_mods=/nipa-data/kernel/.virtme_mods/lib/modules/0.0.0 virtme_initmount0=nipa-data/kernel virtme_rw_overlay0=/etc virtme_rw_overlay1=/lib virtme_rw_overlay2=/home virtme_rw_overlay3=/opt virtme_rw_overlay4=/srv virtme_rw_overlay5=/usr virtme_rw_overlay6=/var earlyprintk=serial,ttyS0,115200 console=ttyS0 psmouse.proto=exps TERM=xterm virtme_chdir=nipa-data/kernel virtme_root_user=1 rootfstype=9p rootflags=version=9p2000.L,trans=virtio,access=any raid=noautodetect ro init=/usr/lib/python3.11/site-packages/virtme/guest/virtme-init
[    0.040828] Unknown kernel command line parameters "virtme_hostname=virtme-ng virtme_link_mods=/nipa-data/kernel/.virtme_mods/lib/modules/0.0.0 virtme_initmount0=nipa-data/kernel virtme_rw_overlay0=/etc virtme_rw_overlay1=/lib virtme_rw_overlay2=/home virtme_rw_overlay3=/opt virtme_rw_overlay4=/srv virtme_rw_overlay5=/usr virtme_rw_overlay6=/var virtme_chdir=nipa-data/kernel virtme_root_user=1", will be passed to user space.
[    0.043935] random: crng init done
[    0.044231] Dentry cache hash table entries: 131072 (order: 8, 1048576 bytes, linear)
[    0.044854] Inode-cache hash table entries: 65536 (order: 7, 524288 bytes, linear)
[    0.045529] Fallback order for Node 0: 0 
[    0.045531] Built 1 zonelists, mobility grouping on.  Total pages: 257760
[    0.046358] Policy zone: DMA32
[    0.046603] mem auto-init: stack:all(zero), heap alloc:off, heap free:off
[    0.047892] Memory: 986868K/1048056K available (16384K kernel code, 2349K rwdata, 5932K rodata, 2992K init, 2336K bss, 60928K reserved, 0K cma-reserved)
[    0.048981] SLUB: HWalign=64, Order=0-3, MinObjects=0, CPUs=32, Nodes=1
Poking KASLR using RDRAND RDTSC...
[    0.049747] ftrace: allocating 46293 entries in 181 pages
[    0.056865] ftrace: allocated 181 pages with 5 groups
[    0.058031] Dynamic Preempt: voluntary
[    0.058553] rcu: Preemptible hierarchical RCU implementation.
[    0.059096] rcu: RCU event tracing is enabled.
[    0.059528] rcu: RCU restricting CPUs from NR_CPUS=64 to nr_cpu_ids=32.
[    0.060161] Trampoline variant of Tasks RCU enabled.
[    0.060638] Rude variant of Tasks RCU enabled.
[    0.061057] Tracing variant of Tasks RCU enabled.
[    0.061504] rcu: RCU calculated value of scheduler-enlistment delay is 100 jiffies.
[    0.062211] rcu: Adjusting geometry for rcu_fanout_leaf=16, nr_cpu_ids=32
[    0.064641] NR_IRQS: 4352, nr_irqs: 680, preallocated irqs: 16
[    0.065459] rcu: srcu_init: Setting srcu_struct sizes based on contention.
[    0.066244] Console: colour *CGA 80x25
[    0.066616] printk: legacy console [ttyS0] enabled
[    0.066616] printk: legacy console [ttyS0] enabled
[    0.067496] printk: legacy bootconsole [earlyser0] disabled
[    0.067496] printk: legacy bootconsole [earlyser0] disabled
[    0.068564] ACPI: Core revision 20230628
[    0.069026] clocksource: hpet: mask: 0xffffffff max_cycles: 0xffffffff, max_idle_ns: 19112604467 ns
[    0.069958] APIC: Switch to symmetric I/O mode setup
[    0.070451] APIC: Switched APIC routing to: physical flat
[    0.070984] kvm-guest: APIC: send_IPI_mask() replaced with kvm_send_ipi_mask()
[    0.071671] kvm-guest: APIC: send_IPI_mask_allbutself() replaced with kvm_send_ipi_mask_allbutself()
[    0.072509] kvm-guest: setup PV IPIs
[    0.073814] ..TIMER: vector=0x30 apic1=0 pin1=2 apic2=-1 pin2=-1
[    0.074869] tsc: Marking TSC unstable due to TSCs unsynchronized
[    0.075914] Calibrating delay loop (skipped) preset value.. 8983.07 BogoMIPS (lpj=4491536)
[    0.076982] x86/cpu: User Mode Instruction Prevention (UMIP) activated
[    0.077974] Last level iTLB entries: 4KB 512, 2MB 255, 4MB 127
[    0.078911] Last level dTLB entries: 4KB 512, 2MB 255, 4MB 127, 1GB 0
[    0.079915] Spectre V1 : Mitigation: usercopy/swapgs barriers and __user pointer sanitization
[    0.080916] Spectre V2 : Mitigation: Enhanced / Automatic IBRS
[    0.081911] Spectre V2 : Spectre v2 / SpectreRSB mitigation: Filling RSB on context switch
[    0.082913] Spectre V2 : mitigation: Enabling conditional Indirect Branch Prediction Barrier
[    0.083913] Speculative Store Bypass: Mitigation: Speculative Store Bypass disabled via prctl
[    0.084912] Speculative Return Stack Overflow: IBPB-extending microcode not applied!
[    0.085911] Speculative Return Stack Overflow: WARNING: See https://kernel.org/doc/html/latest/admin-guide/hw-vuln/srso.html for mitigation options.
[    0.085913] Speculative Return Stack Overflow: Vulnerable: Safe RET, no microcode
[    0.087931] x86/fpu: Supporting XSAVE feature 0x001: 'x87 floating point registers'
[    0.088911] x86/fpu: Supporting XSAVE feature 0x002: 'SSE registers'
[    0.089911] x86/fpu: Supporting XSAVE feature 0x004: 'AVX registers'
[    0.090911] x86/fpu: Supporting XSAVE feature 0x020: 'AVX-512 opmask'
[    0.091799] x86/fpu: Supporting XSAVE feature 0x040: 'AVX-512 Hi256'
[    0.091911] x86/fpu: Supporting XSAVE feature 0x080: 'AVX-512 ZMM_Hi256'
[    0.092911] x86/fpu: Supporting XSAVE feature 0x200: 'Protection Keys User registers'
[    0.093911] x86/fpu: xstate_offset[2]:  576, xstate_sizes[2]:  256
[    0.094911] x86/fpu: xstate_offset[5]:  832, xstate_sizes[5]:   64
[    0.095911] x86/fpu: xstate_offset[6]:  896, xstate_sizes[6]:  512
[    0.096911] x86/fpu: xstate_offset[7]: 1408, xstate_sizes[7]: 1024
[    0.097911] x86/fpu: xstate_offset[9]: 2432, xstate_sizes[9]:    8
[    0.098723] x86/fpu: Enabled xstate features 0x2e7, context size is 2440 bytes, using 'compacted' format.
[    0.113972] Freeing SMP alternatives memory: 40K
[    0.114589] pid_max: default: 32768 minimum: 301
[    0.114943] Mount-cache hash table entries: 2048 (order: 2, 16384 bytes, linear)
[    0.115912] Mountpoint-cache hash table entries: 2048 (order: 2, 16384 bytes, linear)
[    0.117083] smpboot: CPU0: AMD Ryzen 9 7950X 16-Core Processor (family: 0x19, model: 0x61, stepping: 0x2)
[    0.118004] RCU Tasks: Setting shift to 5 and lim to 1 rcu_task_cb_adjust=1.
[    0.118920] RCU Tasks Rude: Setting shift to 5 and lim to 1 rcu_task_cb_adjust=1.
[    0.119920] RCU Tasks Trace: Setting shift to 5 and lim to 1 rcu_task_cb_adjust=1.
[    0.120920] Performance Events: Fam17h+ core perfctr, AMD PMU driver.
[    0.121798] ... version:                0
[    0.121913] ... bit width:              48
[    0.122452] ... generic registers:      6
[    0.122912] ... value mask:             0000ffffffffffff
[    0.123609] ... max period:             00007fffffffffff
[    0.123912] ... fixed-purpose events:   0
[    0.124445] ... event mask:             000000000000003f
[    0.124984] signal: max sigframe size: 3376
[    0.125565] rcu: Hierarchical SRCU implementation.
[    0.125913] rcu: Max phase no-delay instances is 400.
[    0.128961] smp: Bringing up secondary CPUs ...
[    0.129620] smpboot: x86: Booting SMP configuration:
[    0.129914] .... node  #0, CPUs:        #1  #2  #3  #4  #5  #6  #7  #8  #9 #10 #11 #12 #13 #14 #15 #16 #17 #18 #19 #20 #21 #22 #23 #24 #25 #26 #27 #28 #29 #30 #31
[    0.146060] smp: Brought up 1 node, 32 CPUs
[    0.147622] smpboot: Max logical packages: 1
[    0.147914] smpboot: Total of 32 processors activated (287458.30 BogoMIPS)
[    0.150981] devtmpfs: initialized
[    0.151941] x86/mm: Memory block size: 128MB
[    0.153645] clocksource: jiffies: mask: 0xffffffff max_cycles: 0xffffffff, max_idle_ns: 1911260446275000 ns
[    0.153921] futex hash table entries: 8192 (order: 7, 524288 bytes, linear)
[    0.155102] PM: RTC time: 12:08:05, date: 2024-02-23
[    0.156320] NET: Registered PF_NETLINK/PF_ROUTE protocol family
[    0.157073] thermal_sys: Registered thermal governor 'step_wise'
[    0.157074] thermal_sys: Registered thermal governor 'user_space'
[    0.157946] cpuidle: using governor menu
[    0.160177] PCI: Using configuration type 1 for base access
[    0.160913] PCI: Using configuration type 1 for extended access
[    0.161994] kprobes: kprobe jump-optimization is enabled. All kprobes are optimized if possible.
[    0.183915] HugeTLB: registered 1.00 GiB page size, pre-allocated 0 pages
[    0.184913] HugeTLB: 16380 KiB vmemmap can be freed for a 1.00 GiB page
[    0.185913] HugeTLB: registered 2.00 MiB page size, pre-allocated 0 pages
[    0.186913] HugeTLB: 28 KiB vmemmap can be freed for a 2.00 MiB page
[    0.187999] ACPI: Added _OSI(Module Device)
[    0.188675] ACPI: Added _OSI(Processor Device)
[    0.188914] ACPI: Added _OSI(3.0 _SCP Extensions)
[    0.189712] ACPI: Added _OSI(Processor Aggregator Device)
[    0.190824] ACPI: 1 ACPI AML tables successfully acquired and loaded
[    0.191936] ACPI: _OSC evaluation for CPUs failed, trying _PDC
[    0.193088] ACPI: Interpreter enabled
[    0.193718] ACPI: PM: (supports S0 S3 S4 S5)
[    0.193914] ACPI: Using IOAPIC for interrupt routing
[    0.194760] PCI: Using host bridge windows from ACPI; if necessary, use "pci=nocrs" and report a bug
[    0.194914] PCI: Using E820 reservations for host bridge windows
[    0.196026] ACPI: Enabled 2 GPEs in block 00 to 0F
[    0.200077] ACPI: PCI Root Bridge [PCI0] (domain 0000 [bus 00-ff])
[    0.200916] acpi PNP0A03:00: _OSC: OS supports [ExtendedConfig ASPM ClockPM Segments MSI HPX-Type3]
[    0.202026] PCI host bridge to bus 0000:00
[    0.202716] pci_bus 0000:00: root bus resource [io  0x0000-0x0cf7 window]
[    0.202913] pci_bus 0000:00: root bus resource [io  0x0d00-0xffff window]
[    0.203913] pci_bus 0000:00: root bus resource [mem 0x000a0000-0x000bffff window]
[    0.204913] pci_bus 0000:00: root bus resource [mem 0x40000000-0xfebfffff window]
[    0.205913] pci_bus 0000:00: root bus resource [mem 0x100000000-0x17fffffff window]
[    0.206913] pci_bus 0000:00: root bus resource [bus 00-ff]
[    0.207941] pci 0000:00:00.0: [8086:1237] type 00 class 0x060000 conventional PCI endpoint
[    0.209225] pci 0000:00:01.0: [8086:7000] type 00 class 0x060100 conventional PCI endpoint
[    0.210306] pci 0000:00:01.1: [8086:7010] type 00 class 0x010180 conventional PCI endpoint
[    0.213914] pci 0000:00:01.1: BAR 4 [io  0xc080-0xc08f]
[    0.215928] pci 0000:00:01.1: BAR 0 [io  0x01f0-0x01f7]: legacy IDE quirk
[    0.216913] pci 0000:00:01.1: BAR 1 [io  0x03f6]: legacy IDE quirk
[    0.217913] pci 0000:00:01.1: BAR 2 [io  0x0170-0x0177]: legacy IDE quirk
[    0.218913] pci 0000:00:01.1: BAR 3 [io  0x0376]: legacy IDE quirk
[    0.220028] pci 0000:00:01.3: [8086:7113] type 00 class 0x068000 conventional PCI endpoint
[    0.221212] pci 0000:00:01.3: quirk: [io  0x0600-0x063f] claimed by PIIX4 ACPI
[    0.221918] pci 0000:00:01.3: quirk: [io  0x0700-0x070f] claimed by PIIX4 SMB
[    0.223119] pci 0000:00:02.0: [1af4:1009] type 00 class 0x000200 conventional PCI endpoint
[    0.225888] pci 0000:00:02.0: BAR 0 [io  0xc000-0xc03f]
[    0.226914] pci 0000:00:02.0: BAR 1 [mem 0xfebfd000-0xfebfdfff]
[    0.231464] pci 0000:00:02.0: BAR 4 [mem 0xfebf4000-0xfebf7fff 64bit pref]
[    0.233548] pci 0000:00:03.0: [1af4:1009] type 00 class 0x000200 conventional PCI endpoint
[    0.234913] pci 0000:00:03.0: BAR 0 [io  0xc040-0xc07f]
[    0.236580] pci 0000:00:03.0: BAR 1 [mem 0xfebfe000-0xfebfefff]
[    0.240582] pci 0000:00:03.0: BAR 4 [mem 0xfebf8000-0xfebfbfff 64bit pref]
[    0.242468] pci 0000:00:04.0: [8086:25ab] type 00 class 0x088000 conventional PCI endpoint
[    0.243440] pci 0000:00:04.0: BAR 0 [mem 0xfebff000-0xfebff00f]
[    0.247137] ACPI: PCI: Interrupt link LNKA configured for IRQ 10
[    0.248028] ACPI: PCI: Interrupt link LNKB configured for IRQ 10
[    0.248929] ACPI: PCI: Interrupt link LNKC configured for IRQ 11
[    0.249828] ACPI: PCI: Interrupt link LNKD configured for IRQ 11
[    0.249987] ACPI: PCI: Interrupt link LNKS configured for IRQ 9
[    0.251677] iommu: Default domain type: Translated
[    0.251913] iommu: DMA domain TLB invalidation policy: lazy mode
[    0.252762] SCSI subsystem initialized
[    0.252951] pps_core: LinuxPPS API ver. 1 registered
[    0.253611] pps_core: Software ver. 5.3.6 - Copyright 2005-2007 Rodolfo Giometti <giometti@linux.it>
[    0.253915] PTP clock support registered
[    0.254458] Advanced Linux Sound Architecture Driver Initialized.
[    0.255223] NET: Registered PF_ATMPVC protocol family
[    0.255899] NET: Registered PF_ATMSVC protocol family
[    0.255917] PCI: Using ACPI for IRQ routing
[    0.256555] vgaarb: loaded
[    0.256950] hpet0: at MMIO 0xfed00000, IRQs 2, 8, 0
[    0.257610] hpet0: 3 comparators, 64-bit 100.000000 MHz counter
[    0.262294] clocksource: Switched to clocksource kvm-clock
[    0.263136] VFS: Disk quotas dquot_6.6.0
[    0.263291] VFS: Dquot-cache hash table entries: 512 (order 0, 4096 bytes)
[    0.264685] pnp: PnP ACPI init
[    0.265312] pnp: PnP ACPI: found 5 devices
[    0.272942] clocksource: acpi_pm: mask: 0xffffff max_cycles: 0xffffff, max_idle_ns: 2085701024 ns
[    0.274144] NET: Registered PF_INET protocol family
[    0.274819] IP idents hash table entries: 16384 (order: 5, 131072 bytes, linear)
[    0.275948] tcp_listen_portaddr_hash hash table entries: 512 (order: 1, 8192 bytes, linear)
[    0.277062] Table-perturb hash table entries: 65536 (order: 6, 262144 bytes, linear)
[    0.278093] TCP established hash table entries: 8192 (order: 4, 65536 bytes, linear)
[    0.279142] TCP bind hash table entries: 8192 (order: 6, 262144 bytes, linear)
[    0.280130] TCP: Hash tables configured (established 8192 bind 8192)
[    0.281014] UDP hash table entries: 512 (order: 2, 16384 bytes, linear)
[    0.281887] UDP-Lite hash table entries: 512 (order: 2, 16384 bytes, linear)
[    0.282848] NET: Registered PF_UNIX/PF_LOCAL protocol family
[    0.283597] pci_bus 0000:00: resource 4 [io  0x0000-0x0cf7 window]
[    0.284413] pci_bus 0000:00: resource 5 [io  0x0d00-0xffff window]
[    0.285238] pci_bus 0000:00: resource 6 [mem 0x000a0000-0x000bffff window]
[    0.286147] pci_bus 0000:00: resource 7 [mem 0x40000000-0xfebfffff window]
[    0.287058] pci_bus 0000:00: resource 8 [mem 0x100000000-0x17fffffff window]
[    0.288012] pci 0000:00:01.0: PIIX3: Enabling Passive Release
[    0.288791] pci 0000:00:00.0: Limiting direct PCI/PCI transfers
[    0.289612] PCI: CLS 0 bytes, default 64
[    0.290165] kvm_intel: VMX not supported by CPU 0
[    0.290800] kvm_amd: TSC scaling supported
[    0.291348] kvm_amd: Nested Virtualization enabled
[    0.291984] kvm_amd: Nested Paging enabled
[    0.292553] kvm_amd: Virtual VMLOAD VMSAVE supported
[    0.293223] kvm_amd: Virtual GIF supported
[    0.293766] kvm_amd: Virtual NMI enabled
[    0.294290] kvm_amd: LBR virtualization supported
[    0.381227] workingset: timestamp_bits=56 max_order=18 bucket_order=0
[    0.382136] squashfs: version 4.0 (2009/01/31) Phillip Lougher
[    0.382925] fuse: init (API version 7.39)
[    0.383499] 9p: Installing v9fs 9p2000 file system support
[    0.384260] Key type asymmetric registered
[    0.384815] Block layer SCSI generic (bsg) driver version 0.4 loaded (major 249)
[    0.385804] io scheduler mq-deadline registered
[    0.386412] io scheduler kyber registered
[    0.387936] input: Power Button as /devices/LNXSYSTM:00/LNXPWRBN:00/input/input0
[    0.388982] ACPI: button: Power Button [PWRF]
[    0.389586] Warning: Processor Platform Limit event detected, but not handled.
[    0.390547] Consider compiling CPUfreq support into your kernel.
[    0.408154] ACPI: \_SB_.LNKB: Enabled at IRQ 10
[    0.425416] ACPI: \_SB_.LNKC: Enabled at IRQ 11
[    0.426693] Serial: 8250/16550 driver, 4 ports, IRQ sharing enabled
[    0.427646] 00:03: ttyS0 at I/O 0x3f8 (irq = 4, base_baud = 115200) is a 16550A
[    0.429044] Non-volatile memory driver v1.3
[    0.429602] Linux agpgart interface v0.103
[    0.430192] ACPI: bus type drm_connector registered
[    0.435041] loop: module loaded
[    0.436110] scsi host0: ata_piix
[    0.436680] scsi host1: ata_piix
[    0.437138] ata1: PATA max MWDMA2 cmd 0x1f0 ctl 0x3f6 bmdma 0xc080 irq 14 lpm-pol 0
[    0.438147] ata2: PATA max MWDMA2 cmd 0x170 ctl 0x376 bmdma 0xc088 irq 15 lpm-pol 0
[    0.439379] i8042: PNP: PS/2 Controller [PNP0303:KBD,PNP0f13:MOU] at 0x60,0x64 irq 1,12
[    0.441084] serio: i8042 KBD port at 0x60,0x64 irq 1
[    0.441742] serio: i8042 AUX port at 0x60,0x64 irq 12
[    0.442551] rtc_cmos 00:04: RTC can wake from S4
[    0.443606] input: AT Translated Set 2 keyboard as /devices/platform/i8042/serio0/input/input1
[    0.444871] rtc_cmos 00:04: registered as rtc0
[    0.445541] rtc_cmos 00:04: setting system clock to 2024-02-23T12:08:05 UTC (1708690085)
[    0.446664] rtc_cmos 00:04: alarms up to one day, y3k, 242 bytes nvram, hpet irqs
[    0.448040] i6300ESB timer 0000:00:04.0: initialized. heartbeat=30 sec (nowayout=0)
[    0.449138] device-mapper: ioctl: 4.48.0-ioctl (2023-03-01) initialised: dm-devel@redhat.com
[    0.450527] NET: Registered PF_PACKET protocol family
[    0.451250] 9pnet: Installing 9P2000 support
[    0.452799] Key type dns_resolver registered
[    0.454489] input: ImExPS/2 Generic Explorer Mouse as /devices/platform/i8042/serio1/input/input3
[    0.456548] IPI shorthand broadcast: enabled
[    0.459138] sched_clock: Marking stable (453000876, 5812404)->(506047327, -47234047)
[    0.460499] registered taskstats version 1
[    0.462190] PM:   Magic number: 12:41:128
[    0.462742] net dummy0: hash matches
[    0.463251] acpi device:03: hash matches
[    0.463783] printk: legacy console [netcon0] enabled
[    0.464454] netconsole: network logging started
[    0.465106] ALSA device list:
[    0.465525]   No soundcards found.
[    0.592067] ata2: found unknown device (class 0)
[    0.593140] ata2.00: ATAPI: QEMU DVD-ROM, 2.5+, max UDMA/100
[    0.594721] scsi 1:0:0:0: CD-ROM            QEMU     QEMU DVD-ROM     2.5+ PQ: 0 ANSI: 5
[    0.603201] scsi 1:0:0:0: Attached scsi generic sg0 type 5
[    0.604094] md: Skipping autodetection of RAID arrays. (raid=autodetect will force)
[    0.605262] 9pnet_virtio: no channels available for device 
[    0.606472] VFS: Mounted root (9p filesystem) readonly on device 0:19.
[    0.607583] devtmpfs: mounted
[    0.608791] Freeing unused kernel image (initmem) memory: 2992K
[    0.617819] Write protecting the kernel read-only data: 22528k
[    0.619015] Freeing unused kernel image (rodata/data gap) memory: 212K
[    0.655159] x86/mm: Checked W+X mappings: passed, no W+X pages found.
[    0.656133] Run /usr/lib/python3.11/site-packages/virtme/guest/virtme-init as init process
[    0.676430] mount (236) used greatest stack depth: 13480 bytes left
[    0.715369] mount (250) used greatest stack depth: 13144 bytes left
[    0.725040] mount (254) used greatest stack depth: 13064 bytes left
[    0.758050] grep (280) used greatest stack depth: 12968 bytes left
[    0.784189] virtme-init: basic initialization done
[    0.788499] virtme-init: udevd not found
[    0.827312] virtme-init: Setting hostname to virtme-ng...
[    0.836652] ip (331) used greatest stack depth: 12360 bytes left
          _      _                                    
   __   _(_)_ __| |_ _ __ ___   ___       _ __   __ _ 
   \ \ / / |  __| __|  _   _ \ / _ \_____|  _ \ / _  |
    \ V /| | |  | |_| | | | | |  __/_____| | | | (_| |
     \_/ |_|_|   \__|_| |_| |_|\___|     |_| |_|\__  |
                                                |___/ 
   kernel version: 6.8.0-rc5-virtme x86_64

virtme-ng:/nipa-data/kernel# PS1='xx__-> '
xx__-> env
PWD=/nipa-data/kernel
HOME=/
TERM=xterm
SHLVL=2
XDG_RUNTIME_DIR=/run/user/0
PATH=/bin:/sbin:/usr/bin:/usr/sbin:/usr/local/bin
OLDPWD=/
_=/usr/bin/env
xx__-> 