No EFI environment detected.
early console in extract_kernel
input_data: 0x000000000513f2b9
input_len: 0x00000000018a4bb1
output: 0x0000000001000000
output_len: 0x00000000053fa224
kernel_total_size: 0x0000000005a30000
needed_size: 0x0000000005c00000
trampoline_32bit: 0x0000000000000000
Physical KASLR using RDRAND RDTSC...
Virtual KASLR using RDRAND RDTSC...

Decompressing Linux... Parsing ELF... Performing relocations... done.
Booting the kernel (entry_offset: 0x0000000000000000).
[    0.000000] Linux version 6.8.0-rc3-virtme (root@80f380255e9a) (gcc (Alpine 13.2.1_git20231014) 13.2.1 20231014, GNU ld (GNU Binutils) 2.41) #1 SMP PREEMPT_DYNAMIC Tue Feb 13 03:26:52 UTC 2024
[    0.000000] Command line: virtme_hostname=virtme-ng virtme_link_mods=/nipa-data/kernel/.virtme_mods/lib/modules/0.0.0 virtme_initmount0=nipa-data/kernel virtme_rw_overlay0=/etc virtme_rw_overlay1=/lib virtme_rw_overlay2=/home virtme_rw_overlay3=/opt virtme_rw_overlay4=/srv virtme_rw_overlay5=/usr virtme_rw_overlay6=/var earlyprintk=serial,ttyS0,115200 console=ttyS0 psmouse.proto=exps TERM=xterm virtme_chdir=nipa-data/kernel virtme_root_user=1 rootfstype=9p rootflags=version=9p2000.L,trans=virtio,access=any raid=noautodetect ro init=/usr/lib/python3.11/site-packages/virtme/guest/virtme-init
[    0.000000] BIOS-provided physical RAM map:
[    0.000000] BIOS-e820: [mem 0x0000000000000000-0x000000000009fbff] usable
[    0.000000] BIOS-e820: [mem 0x000000000009fc00-0x000000000009ffff] reserved
[    0.000000] BIOS-e820: [mem 0x00000000000f0000-0x00000000000fffff] reserved
[    0.000000] BIOS-e820: [mem 0x0000000000100000-0x000000003ffdffff] usable
[    0.000000] BIOS-e820: [mem 0x000000003ffe0000-0x000000003fffffff] reserved
[    0.000000] BIOS-e820: [mem 0x00000000feffc000-0x00000000feffffff] reserved
[    0.000000] BIOS-e820: [mem 0x00000000fffc0000-0x00000000ffffffff] reserved
[    0.000000] BIOS-e820: [mem 0x000000fd00000000-0x000000ffffffffff] reserved
[    0.000000] printk: legacy bootconsole [earlyser0] enabled
[    0.000000] NX (Execute Disable) protection: active
[    0.000000] APIC: Static calls initialized
[    0.000000] SMBIOS 3.0.0 present.
[    0.000000] DMI: QEMU Standard PC (i440FX + PIIX, 1996), BIOS rel-1.16.3-0-ga6ed6b701f0a-prebuilt.qemu.org 04/01/2014
[    0.000000] Hypervisor detected: KVM
[    0.000000] kvm-clock: Using msrs 4b564d01 and 4b564d00
[    0.000001] kvm-clock: using sched offset of 330426899 cycles
[    0.000383] clocksource: kvm-clock: mask: 0xffffffffffffffff max_cycles: 0x1cd42e4dffb, max_idle_ns: 881590591483 ns
[    0.001559] tsc: Detected 4491.536 MHz processor
[    0.002259] last_pfn = 0x3ffe0 max_arch_pfn = 0x400000000
[    0.002676] MTRR map: 4 entries (3 fixed + 1 variable; max 19), built from 8 variable MTRRs
[    0.003281] x86/PAT: Configuration [0-7]: WB  WC  UC- UC  WB  WP  UC- WT  
[    0.005241] found SMP MP-table at [mem 0x000f5470-0x000f547f]
[    0.005662] Using GB pages for direct mapping
[    0.006246] ACPI: Early table checksum verification disabled
[    0.006655] ACPI: RSDP 0x00000000000F5290 000014 (v00 BOCHS )
[    0.007074] ACPI: RSDT 0x000000003FFE27B6 000034 (v01 BOCHS  BXPC     00000001 BXPC 00000001)
[    0.007691] ACPI: FACP 0x000000003FFE2572 000074 (v01 BOCHS  BXPC     00000001 BXPC 00000001)
[    0.008311] ACPI: DSDT 0x000000003FFE0040 002532 (v01 BOCHS  BXPC     00000001 BXPC 00000001)
[    0.008927] ACPI: FACS 0x000000003FFE0000 000040
[    0.009262] ACPI: APIC 0x000000003FFE25E6 000170 (v03 BOCHS  BXPC     00000001 BXPC 00000001)
[    0.009878] ACPI: HPET 0x000000003FFE2756 000038 (v01 BOCHS  BXPC     00000001 BXPC 00000001)
[    0.010495] ACPI: WAET 0x000000003FFE278E 000028 (v01 BOCHS  BXPC     00000001 BXPC 00000001)
[    0.011112] ACPI: Reserving FACP table memory at [mem 0x3ffe2572-0x3ffe25e5]
[    0.011620] ACPI: Reserving DSDT table memory at [mem 0x3ffe0040-0x3ffe2571]
[    0.012127] ACPI: Reserving FACS table memory at [mem 0x3ffe0000-0x3ffe003f]
[    0.012637] ACPI: Reserving APIC table memory at [mem 0x3ffe25e6-0x3ffe2755]
[    0.013144] ACPI: Reserving HPET table memory at [mem 0x3ffe2756-0x3ffe278d]
[    0.013652] ACPI: Reserving WAET table memory at [mem 0x3ffe278e-0x3ffe27b5]
[    0.014356] No NUMA configuration found
[    0.014633] Faking a node at [mem 0x0000000000000000-0x000000003ffdffff]
[    0.015118] NODE_DATA(0) allocated [mem 0x3ffdb000-0x3ffdffff]
[    0.015556] Zone ranges:
[    0.015739]   DMA      [mem 0x0000000000001000-0x0000000000ffffff]
[    0.016185]   DMA32    [mem 0x0000000001000000-0x000000003ffdffff]
[    0.016633]   Normal   empty
[    0.016842]   Device   empty
[    0.017050] Movable zone start for each node
[    0.017358] Early memory node ranges
[    0.017615]   node   0: [mem 0x0000000000001000-0x000000000009efff]
[    0.018066]   node   0: [mem 0x0000000000100000-0x000000003ffdffff]
[    0.018518] Initmem setup node 0 [mem 0x0000000000001000-0x000000003ffdffff]
[    0.019030] On node 0, zone DMA: 1 pages in unavailable ranges
[    0.019514] On node 0, zone DMA: 97 pages in unavailable ranges
[    0.024079] On node 0, zone DMA32: 32 pages in unavailable ranges
[    0.033557] kasan: KernelAddressSanitizer initialized
[    0.034138] ACPI: PM-Timer IO Port: 0x608
[    0.034435] ACPI: LAPIC_NMI (acpi_id[0xff] dfl dfl lint[0x1])
[    0.034879] IOAPIC[0]: apic_id 0, version 17, address 0xfec00000, GSI 0-23
[    0.035379] ACPI: INT_SRC_OVR (bus 0 bus_irq 0 global_irq 2 dfl dfl)
[    0.035838] ACPI: INT_SRC_OVR (bus 0 bus_irq 5 global_irq 5 high level)
[    0.036321] ACPI: INT_SRC_OVR (bus 0 bus_irq 9 global_irq 9 high level)
[    0.036798] ACPI: INT_SRC_OVR (bus 0 bus_irq 10 global_irq 10 high level)
[    0.037287] ACPI: INT_SRC_OVR (bus 0 bus_irq 11 global_irq 11 high level)
[    0.037777] ACPI: Using ACPI (MADT) for SMP configuration information
[    0.038240] ACPI: HPET id: 0x8086a201 base: 0xfed00000
[    0.038611] TSC deadline timer available
[    0.038893] smpboot: Allowing 32 CPUs, 0 hotplug CPUs
[    0.039281] kvm-guest: APIC: eoi() replaced with kvm_guest_apic_eoi_write()
[    0.039795] kvm-guest: KVM setup pv remote TLB flush
[    0.040153] kvm-guest: setup PV sched yield
[    0.040466] PM: hibernation: Registered nosave memory: [mem 0x00000000-0x00000fff]
[    0.041009] PM: hibernation: Registered nosave memory: [mem 0x0009f000-0x0009ffff]
[    0.041551] PM: hibernation: Registered nosave memory: [mem 0x000a0000-0x000effff]
[    0.042093] PM: hibernation: Registered nosave memory: [mem 0x000f0000-0x000fffff]
[    0.042636] [mem 0x40000000-0xfeffbfff] available for PCI devices
[    0.043073] Booting paravirtualized kernel on KVM
[    0.043411] clocksource: refined-jiffies: mask: 0xffffffff max_cycles: 0xffffffff, max_idle_ns: 1910969940391419 ns
[    0.052014] setup_percpu: NR_CPUS:64 nr_cpumask_bits:32 nr_cpu_ids:32 nr_node_ids:1
[    0.053825] percpu: Embedded 70 pages/cpu s249696 r8192 d28832 u524288
[    0.054378] Kernel command line: virtme_hostname=virtme-ng virtme_link_mods=/nipa-data/kernel/.virtme_mods/lib/modules/0.0.0 virtme_initmount0=nipa-data/kernel virtme_rw_overlay0=/etc virtme_rw_overlay1=/lib virtme_rw_overlay2=/home virtme_rw_overlay3=/opt virtme_rw_overlay4=/srv virtme_rw_overlay5=/usr virtme_rw_overlay6=/var earlyprintk=serial,ttyS0,115200 console=ttyS0 psmouse.proto=exps TERM=xterm virtme_chdir=nipa-data/kernel virtme_root_user=1 rootfstype=9p rootflags=version=9p2000.L,trans=virtio,access=any raid=noautodetect ro init=/usr/lib/python3.11/site-packages/virtme/guest/virtme-init
[    0.058436] Unknown kernel command line parameters "virtme_hostname=virtme-ng virtme_link_mods=/nipa-data/kernel/.virtme_mods/lib/modules/0.0.0 virtme_initmount0=nipa-data/kernel virtme_rw_overlay0=/etc virtme_rw_overlay1=/lib virtme_rw_overlay2=/home virtme_rw_overlay3=/opt virtme_rw_overlay4=/srv virtme_rw_overlay5=/usr virtme_rw_overlay6=/var virtme_chdir=nipa-data/kernel virtme_root_user=1", will be passed to user space.
[    0.061452] random: crng init done
[    0.061830] Dentry cache hash table entries: 131072 (order: 8, 1048576 bytes, linear)
[    0.062428] Inode-cache hash table entries: 65536 (order: 7, 524288 bytes, linear)
[    0.063424] Fallback order for Node 0: 0 
[    0.063429] Built 1 zonelists, mobility grouping on.  Total pages: 257760
[    0.064230] Policy zone: DMA32
[    0.064460] mem auto-init: stack:all(zero), heap alloc:off, heap free:off
[    0.064962] stackdepot: allocating hash table via alloc_large_system_hash
[    0.065464] stackdepot hash table entries: 1048576 (order: 12, 16777216 bytes, linear)
[    0.079738] Memory: 767204K/1048056K available (43008K kernel code, 12322K rwdata, 10084K rodata, 5936K init, 13344K bss, 280596K reserved, 0K cma-reserved)
[    0.081012] SLUB: HWalign=64, Order=0-3, MinObjects=0, CPUs=32, Nodes=1
Poking KASLR using RDRAND RDTSC...
[    0.081816] ftrace: allocating 46720 entries in 183 pages
[    0.090377] ftrace: allocated 183 pages with 6 groups
[    0.091988] Dynamic Preempt: voluntary
[    0.092777] Running RCU self tests
[    0.093031] Running RCU synchronous self tests
[    0.093376] rcu: Preemptible hierarchical RCU implementation.
[    0.093802] rcu: RCU event tracing is enabled.
[    0.094137] rcu: RCU lockdep checking is enabled.
[    0.094491] rcu: RCU restricting CPUs from NR_CPUS=64 to nr_cpu_ids=32.
[    0.094988] Trampoline variant of Tasks RCU enabled.
[    0.095362] Rude variant of Tasks RCU enabled.
[    0.095696] Tracing variant of Tasks RCU enabled.
[    0.096051] rcu: RCU calculated value of scheduler-enlistment delay is 100 jiffies.
[    0.096620] rcu: Adjusting geometry for rcu_fanout_leaf=16, nr_cpu_ids=32
[    0.097230] Running RCU synchronous self tests
[    0.106332] NR_IRQS: 4352, nr_irqs: 680, preallocated irqs: 16
[    0.107082] rcu: srcu_init: Setting srcu_struct sizes based on contention.
[    0.107945] Console: colour *CGA 80x25
[    0.108258] printk: legacy console [ttyS0] enabled
[    0.108258] printk: legacy console [ttyS0] enabled
[    0.108977] printk: legacy bootconsole [earlyser0] disabled
[    0.108977] printk: legacy bootconsole [earlyser0] disabled
[    0.109820] Lock dependency validator: Copyright (c) 2006 Red Hat, Inc., Ingo Molnar
[    0.110398] ... MAX_LOCKDEP_SUBCLASSES:  8
[    0.110708] ... MAX_LOCK_DEPTH:          48
[    0.111024] ... MAX_LOCKDEP_KEYS:        8192
[    0.111353] ... CLASSHASH_SIZE:          4096
[    0.111685] ... MAX_LOCKDEP_ENTRIES:     32768
[    0.112019] ... MAX_LOCKDEP_CHAINS:      65536
[    0.112356] ... CHAINHASH_SIZE:          32768
[    0.112691]  memory used by lock dependency info: 6429 kB
[    0.113096]  memory used for stack traces: 4224 kB
[    0.113455]  per task-struct memory footprint: 1920 bytes
[    0.113904] ACPI: Core revision 20230628
[    0.114443] clocksource: hpet: mask: 0xffffffff max_cycles: 0xffffffff, max_idle_ns: 19112604467 ns
[    0.115257] APIC: Switch to symmetric I/O mode setup
[    0.115652] APIC: Switched APIC routing to: physical flat
[    0.116061] kvm-guest: APIC: send_IPI_mask() replaced with kvm_send_ipi_mask()
[    0.116607] kvm-guest: APIC: send_IPI_mask_allbutself() replaced with kvm_send_ipi_mask_allbutself()
[    0.117302] kvm-guest: setup PV IPIs
[    0.118531] ..TIMER: vector=0x30 apic1=0 pin1=2 apic2=-1 pin2=-1
[    0.119340] tsc: Marking TSC unstable due to TSCs unsynchronized
[    0.120123] Calibrating delay loop (skipped) preset value.. 8983.07 BogoMIPS (lpj=4491536)
[    0.121179] x86/cpu: User Mode Instruction Prevention (UMIP) activated
[    0.122126] Last level iTLB entries: 4KB 512, 2MB 255, 4MB 127
[    0.122878] Last level dTLB entries: 4KB 512, 2MB 255, 4MB 127, 1GB 0
[    0.123121] Spectre V1 : Mitigation: usercopy/swapgs barriers and __user pointer sanitization
[    0.124121] Spectre V2 : Mitigation: Enhanced / Automatic IBRS
[    0.125116] Spectre V2 : Spectre v2 / SpectreRSB mitigation: Filling RSB on context switch
[    0.126119] Spectre V2 : mitigation: Enabling conditional Indirect Branch Prediction Barrier
[    0.127118] Speculative Store Bypass: Mitigation: Speculative Store Bypass disabled via prctl
[    0.128117] Speculative Return Stack Overflow: IBPB-extending microcode not applied!
[    0.129116] Speculative Return Stack Overflow: WARNING: See https://kernel.org/doc/html/latest/admin-guide/hw-vuln/srso.html for mitigation options.
[    0.129118] Speculative Return Stack Overflow: Vulnerable: Safe RET, no microcode
[    0.131137] x86/fpu: Supporting XSAVE feature 0x001: 'x87 floating point registers'
[    0.132116] x86/fpu: Supporting XSAVE feature 0x002: 'SSE registers'
[    0.133116] x86/fpu: Supporting XSAVE feature 0x004: 'AVX registers'
[    0.134116] x86/fpu: Supporting XSAVE feature 0x020: 'AVX-512 opmask'
[    0.134931] x86/fpu: Supporting XSAVE feature 0x040: 'AVX-512 Hi256'
[    0.135116] x86/fpu: Supporting XSAVE feature 0x080: 'AVX-512 ZMM_Hi256'
[    0.136116] x86/fpu: Supporting XSAVE feature 0x200: 'Protection Keys User registers'
[    0.137116] x86/fpu: xstate_offset[2]:  576, xstate_sizes[2]:  256
[    0.138116] x86/fpu: xstate_offset[5]:  832, xstate_sizes[5]:   64
[    0.139116] x86/fpu: xstate_offset[6]:  896, xstate_sizes[6]:  512
[    0.140116] x86/fpu: xstate_offset[7]: 1408, xstate_sizes[7]: 1024
[    0.140895] x86/fpu: xstate_offset[9]: 2432, xstate_sizes[9]:    8
[    0.141116] x86/fpu: Enabled xstate features 0x2e7, context size is 2440 bytes, using 'compacted' format.
[    0.167196] Freeing SMP alternatives memory: 36K
[    0.167794] pid_max: default: 32768 minimum: 301
[    0.168390] Mount-cache hash table entries: 2048 (order: 2, 16384 bytes, linear)
[    0.169120] Mountpoint-cache hash table entries: 2048 (order: 2, 16384 bytes, linear)
[    0.171936] Running RCU synchronous self tests
[    0.172121] Running RCU synchronous self tests
[    0.173407] smpboot: CPU0: AMD Ryzen 9 7950X 16-Core Processor (family: 0x19, model: 0x61, stepping: 0x2)
[    0.174903] RCU Tasks: Setting shift to 5 and lim to 1 rcu_task_cb_adjust=1.
[    0.175175] RCU Tasks Rude: Setting shift to 5 and lim to 1 rcu_task_cb_adjust=1.
[    0.176192] RCU Tasks Trace: Setting shift to 5 and lim to 1 rcu_task_cb_adjust=1.
[    0.177179] Running RCU Tasks wait API self tests
[    0.285192] Running RCU Tasks Rude wait API self tests
[    0.285992] Running RCU Tasks Trace wait API self tests
[    0.286190] Performance Events: Fam17h+ core perfctr, AMD PMU driver.
[    0.287091] ... version:                0
[    0.287120] ... bit width:              48
[    0.287643] ... generic registers:      6
[    0.288120] ... value mask:             0000ffffffffffff
[    0.288799] ... max period:             00007fffffffffff
[    0.289120] ... fixed-purpose events:   0
[    0.289632] ... event mask:             000000000000003f
[    0.290453] signal: max sigframe size: 3376
[    0.291150] rcu: Hierarchical SRCU implementation.
[    0.291767] rcu: Max phase no-delay instances is 400.
[    0.292152] Callback from call_rcu_tasks_trace() invoked.
[    0.298943] smp: Bringing up secondary CPUs ...
[    0.299685] smpboot: x86: Booting SMP configuration:
[    0.300126] .... node  #0, CPUs:        #1  #2  #3  #4  #5  #6  #7  #8  #9 #10 #11 #12 #13 #14 #15 #16 #17 #18 #19 #20 #21 #22 #23 #24 #25 #26 #27 #28 #29 #30 #31
[    0.338309] smp: Brought up 1 node, 32 CPUs
[    0.339666] smpboot: Max logical packages: 1
[    0.340120] smpboot: Total of 32 processors activated (287458.30 BogoMIPS)
[    0.355131] devtmpfs: initialized
[    0.355841] x86/mm: Memory block size: 128MB
[    0.365637] Running RCU synchronous self tests
[    0.366161] Running RCU synchronous self tests
[    0.366891] clocksource: jiffies: mask: 0xffffffff max_cycles: 0xffffffff, max_idle_ns: 1911260446275000 ns
[    0.367211] futex hash table entries: 8192 (order: 8, 1048576 bytes, linear)
[    0.369010] PM: RTC time: 03:27:35, date: 2024-02-13
[    0.370674] NET: Registered PF_NETLINK/PF_ROUTE protocol family
[    0.372978] thermal_sys: Registered thermal governor 'step_wise'
[    0.372982] thermal_sys: Registered thermal governor 'user_space'
[    0.373206] cpuidle: using governor menu
[    0.376524] PCI: Using configuration type 1 for base access
[    0.377121] PCI: Using configuration type 1 for extended access
[    0.378119] kprobes: kprobe jump-optimization is enabled. All kprobes are optimized if possible.
[    0.382720] HugeTLB: registered 1.00 GiB page size, pre-allocated 0 pages
[    0.383121] HugeTLB: 16380 KiB vmemmap can be freed for a 1.00 GiB page
[    0.383983] HugeTLB: registered 2.00 MiB page size, pre-allocated 0 pages
[    0.385120] HugeTLB: 28 KiB vmemmap can be freed for a 2.00 MiB page
[    0.388308] ACPI: Added _OSI(Module Device)
[    0.388878] ACPI: Added _OSI(Processor Device)
[    0.390122] ACPI: Added _OSI(3.0 _SCP Extensions)
[    0.390748] ACPI: Added _OSI(Processor Aggregator Device)
[    0.400151] Callback from call_rcu_tasks_rude() invoked.
[    0.430674] ACPI: 1 ACPI AML tables successfully acquired and loaded
[    0.437545] ACPI: _OSC evaluation for CPUs failed, trying _PDC
[    0.442676] ACPI: Interpreter enabled
[    0.444292] ACPI: PM: (supports S0 S3 S4 S5)
[    0.445037] ACPI: Using IOAPIC for interrupt routing
[    0.445253] PCI: Using host bridge windows from ACPI; if necessary, use "pci=nocrs" and report a bug
[    0.447122] PCI: Using E820 reservations for host bridge windows
[    0.450369] ACPI: Enabled 2 GPEs in block 00 to 0F
[    0.501243] Callback from call_rcu_tasks() invoked.
[    0.529494] ACPI: PCI Root Bridge [PCI0] (domain 0000 [bus 00-ff])
[    0.530139] acpi PNP0A03:00: _OSC: OS supports [ExtendedConfig ASPM ClockPM Segments MSI HPX-Type3]
[    0.533553] PCI host bridge to bus 0000:00
[    0.534122] pci_bus 0000:00: root bus resource [io  0x0000-0x0cf7 window]
[    0.535043] pci_bus 0000:00: root bus resource [io  0x0d00-0xffff window]
[    0.535123] pci_bus 0000:00: root bus resource [mem 0x000a0000-0x000bffff window]
[    0.536123] pci_bus 0000:00: root bus resource [mem 0x40000000-0xfebfffff window]
[    0.537123] pci_bus 0000:00: root bus resource [mem 0x100000000-0x17fffffff window]
[    0.538124] pci_bus 0000:00: root bus resource [bus 00-ff]
[    0.539126] pci 0000:00:00.0: [8086:1237] type 00 class 0x060000 conventional PCI endpoint
[    0.542567] pci 0000:00:01.0: [8086:7000] type 00 class 0x060100 conventional PCI endpoint
[    0.544393] pci 0000:00:01.1: [8086:7010] type 00 class 0x010180 conventional PCI endpoint
[    0.548120] pci 0000:00:01.1: BAR 4 [io  0xc080-0xc08f]
[    0.549625] pci 0000:00:01.1: BAR 0 [io  0x01f0-0x01f7]: legacy IDE quirk
[    0.551121] pci 0000:00:01.1: BAR 1 [io  0x03f6]: legacy IDE quirk
[    0.551942] pci 0000:00:01.1: BAR 2 [io  0x0170-0x0177]: legacy IDE quirk
[    0.552120] pci 0000:00:01.1: BAR 3 [io  0x0376]: legacy IDE quirk
[    0.553924] pci 0000:00:01.3: [8086:7113] type 00 class 0x068000 conventional PCI endpoint
[    0.555430] pci 0000:00:01.3: quirk: [io  0x0600-0x063f] claimed by PIIX4 ACPI
[    0.557129] pci 0000:00:01.3: quirk: [io  0x0700-0x070f] claimed by PIIX4 SMB
[    0.559130] pci 0000:00:02.0: [1af4:1009] type 00 class 0x000200 conventional PCI endpoint
[    0.562120] pci 0000:00:02.0: BAR 0 [io  0xc000-0xc03f]
[    0.563776] pci 0000:00:02.0: BAR 1 [mem 0xfebfd000-0xfebfdfff]
[    0.570120] pci 0000:00:02.0: BAR 4 [mem 0xfebf4000-0xfebf7fff 64bit pref]
[    0.586528] pci 0000:00:03.0: [1af4:1009] type 00 class 0x000200 conventional PCI endpoint
[    0.589122] pci 0000:00:03.0: BAR 0 [io  0xc040-0xc07f]
[    0.591826] pci 0000:00:03.0: BAR 1 [mem 0xfebfe000-0xfebfefff]
[    0.596120] pci 0000:00:03.0: BAR 4 [mem 0xfebf8000-0xfebfbfff 64bit pref]
[    0.613071] pci 0000:00:04.0: [8086:25ab] type 00 class 0x088000 conventional PCI endpoint
[    0.614535] pci 0000:00:04.0: BAR 0 [mem 0xfebff000-0xfebff00f]
[    0.636378] ACPI: PCI: Interrupt link LNKA configured for IRQ 10
[    0.639293] ACPI: PCI: Interrupt link LNKB configured for IRQ 10
[    0.641270] ACPI: PCI: Interrupt link LNKC configured for IRQ 11
[    0.643213] ACPI: PCI: Interrupt link LNKD configured for IRQ 11
[    0.644594] ACPI: PCI: Interrupt link LNKS configured for IRQ 9
[    0.670019] iommu: Default domain type: Translated
[    0.670121] iommu: DMA domain TLB invalidation policy: lazy mode
[    0.672005] SCSI subsystem initialized
[    0.673552] pps_core: LinuxPPS API ver. 1 registered
[    0.674122] pps_core: Software ver. 5.3.6 - Copyright 2005-2007 Rodolfo Giometti <giometti@linux.it>
[    0.675150] PTP clock support registered
[    0.677395] Advanced Linux Sound Architecture Driver Initialized.
[    0.680132] NET: Registered PF_ATMPVC protocol family
[    0.680812] NET: Registered PF_ATMSVC protocol family
[    0.681162] PCI: Using ACPI for IRQ routing
[    0.682385] vgaarb: loaded
[    0.683356] hpet0: at MMIO 0xfed00000, IRQs 2, 8, 0
[    0.684121] hpet0: 3 comparators, 64-bit 100.000000 MHz counter
[    0.689925] clocksource: Switched to clocksource kvm-clock
[    0.692002] VFS: Disk quotas dquot_6.6.0
[    0.692743] VFS: Dquot-cache hash table entries: 512 (order 0, 4096 bytes)
[    0.694350] pnp: PnP ACPI init
[    0.698294] pnp: PnP ACPI: found 5 devices
[    0.716803] clocksource: acpi_pm: mask: 0xffffff max_cycles: 0xffffff, max_idle_ns: 2085701024 ns
[    0.718175] NET: Registered PF_INET protocol family
[    0.718988] IP idents hash table entries: 16384 (order: 5, 131072 bytes, linear)
[    0.721058] tcp_listen_portaddr_hash hash table entries: 512 (order: 3, 36864 bytes, linear)
[    0.722239] Table-perturb hash table entries: 65536 (order: 6, 262144 bytes, linear)
[    0.723429] TCP established hash table entries: 8192 (order: 4, 65536 bytes, linear)
[    0.724610] TCP bind hash table entries: 8192 (order: 8, 1179648 bytes, linear)
[    0.726182] TCP: Hash tables configured (established 8192 bind 8192)
[    0.727426] UDP hash table entries: 512 (order: 4, 81920 bytes, linear)
[    0.728537] UDP-Lite hash table entries: 512 (order: 4, 81920 bytes, linear)
[    0.729991] NET: Registered PF_UNIX/PF_LOCAL protocol family
[    0.730808] pci_bus 0000:00: resource 4 [io  0x0000-0x0cf7 window]
[    0.731649] pci_bus 0000:00: resource 5 [io  0x0d00-0xffff window]
[    0.732492] pci_bus 0000:00: resource 6 [mem 0x000a0000-0x000bffff window]
[    0.733421] pci_bus 0000:00: resource 7 [mem 0x40000000-0xfebfffff window]
[    0.734346] pci_bus 0000:00: resource 8 [mem 0x100000000-0x17fffffff window]
[    0.735637] pci 0000:00:01.0: PIIX3: Enabling Passive Release
[    0.736432] pci 0000:00:00.0: Limiting direct PCI/PCI transfers
[    0.737281] PCI: CLS 0 bytes, default 64
[    0.737933] kvm_intel: VMX not supported by CPU 9
[    0.738721] kvm_amd: TSC scaling supported
[    0.739315] kvm_amd: Nested Virtualization enabled
[    0.739973] kvm_amd: Nested Paging enabled
[    0.740602] kvm_amd: Virtual VMLOAD VMSAVE supported
[    0.741272] kvm_amd: Virtual GIF supported
[    0.741832] kvm_amd: Virtual NMI enabled
[    0.742359] kvm_amd: LBR virtualization supported
[    0.886552] workingset: timestamp_bits=56 max_order=18 bucket_order=0
[    0.887877] squashfs: version 4.0 (2009/01/31) Phillip Lougher
[    0.888925] fuse: init (API version 7.39)
[    0.889783] 9p: Installing v9fs 9p2000 file system support
[    0.890824] Key type asymmetric registered
[    0.891485] Block layer SCSI generic (bsg) driver version 0.4 loaded (major 249)
[    0.892609] io scheduler mq-deadline registered
[    0.893224] io scheduler kyber registered
[    0.896160] input: Power Button as /devices/LNXSYSTM:00/LNXPWRBN:00/input/input0
[    0.897723] ACPI: button: Power Button [PWRF]
[    0.898629] Warning: Processor Platform Limit event detected, but not handled.
[    0.899643] Consider compiling CPUfreq support into your kernel.
[    2.079596] ACPI: \_SB_.LNKB: Enabled at IRQ 10
[    3.163483] ACPI: \_SB_.LNKC: Enabled at IRQ 11
[    3.165494] Serial: 8250/16550 driver, 4 ports, IRQ sharing enabled
[    3.167209] 00:03: ttyS0 at I/O 0x3f8 (irq = 4, base_baud = 115200) is a 16550A
[    3.171672] Non-volatile memory driver v1.3
[    3.172233] Linux agpgart interface v0.103
[    3.173889] ACPI: bus type drm_connector registered
[    3.217913] loop: module loaded
[    3.222381] scsi host0: ata_piix
[    3.223924] scsi host1: ata_piix
[    3.224734] ata1: PATA max MWDMA2 cmd 0x1f0 ctl 0x3f6 bmdma 0xc080 irq 14 lpm-pol 0
[    3.225754] ata2: PATA max MWDMA2 cmd 0x170 ctl 0x376 bmdma 0xc088 irq 15 lpm-pol 0
[    3.229669] i8042: PNP: PS/2 Controller [PNP0303:KBD,PNP0f13:MOU] at 0x60,0x64 irq 1,12
[    3.231645] serio: i8042 KBD port at 0x60,0x64 irq 1
[    3.232344] serio: i8042 AUX port at 0x60,0x64 irq 12
[    3.234715] rtc_cmos 00:04: RTC can wake from S4
[    3.235793] input: AT Translated Set 2 keyboard as /devices/platform/i8042/serio0/input/input1
[    3.239205] rtc_cmos 00:04: registered as rtc0
[    3.239905] rtc_cmos 00:04: setting system clock to 2024-02-13T03:27:38 UTC (1707794858)
[    3.241200] rtc_cmos 00:04: alarms up to one day, y3k, 242 bytes nvram, hpet irqs
[    3.244609] i6300ESB timer 0000:00:04.0: initialized. heartbeat=30 sec (nowayout=0)
[    3.246289] device-mapper: ioctl: 4.48.0-ioctl (2023-03-01) initialised: dm-devel@redhat.com
[    3.248253] input: ImExPS/2 Generic Explorer Mouse as /devices/platform/i8042/serio1/input/input3
[    3.252201] NET: Registered PF_PACKET protocol family
[    3.253134] 9pnet: Installing 9P2000 support
[    3.256543] Key type dns_resolver registered
[    3.267920] IPI shorthand broadcast: enabled
[    3.310297] sched_clock: Marking stable (3300003896, 9509977)->(3326718248, -17204375)
[    3.311983] registered taskstats version 1
[    3.341207] PM:   Magic number: 12:193:462
[    3.341886] printk: legacy console [netcon0] enabled
[    3.342565] netconsole: network logging started
[    3.343603] ALSA device list:
[    3.344060]   No soundcards found.
[    3.380749] ata2: found unknown device (class 0)
[    3.381840] ata2.00: ATAPI: QEMU DVD-ROM, 2.5+, max UDMA/100
[    3.384706] scsi 1:0:0:0: CD-ROM            QEMU     QEMU DVD-ROM     2.5+ PQ: 0 ANSI: 5
[    3.393961] scsi 1:0:0:0: Attached scsi generic sg0 type 5
[    3.394992] md: Skipping autodetection of RAID arrays. (raid=autodetect will force)
[    3.396055] 9pnet_virtio: no channels available for device 
[    3.398097] VFS: Mounted root (9p filesystem) readonly on device 0:19.
[    3.399257] devtmpfs: mounted
[    3.408069] Freeing unused kernel image (initmem) memory: 5936K
[    3.408803] Write protecting the kernel read-only data: 53248k
[    3.410180] Freeing unused kernel image (rodata/data gap) memory: 156K
[    3.446809] x86/mm: Checked W+X mappings: passed, no W+X pages found.
[    3.447569] Run /usr/lib/python3.11/site-packages/virtme/guest/virtme-init as init process
[    3.509066] mount (268) used greatest stack depth: 26144 bytes left
[    3.677811] mount (282) used greatest stack depth: 25600 bytes left
[    3.713534] mount (286) used greatest stack depth: 25248 bytes left
[    3.740897] mkdir (287) used greatest stack depth: 25232 bytes left
[    3.960886] virtme-init: basic initialization done
[    3.973202] virtme-init: udevd not found
[    4.131241] virtme-init: Setting hostname to virtme-ng...
[    4.166719] ip (356) used greatest stack depth: 24080 bytes left
          _      _                                    
   __   _(_)_ __| |_ _ __ ___   ___       _ __   __ _ 
   \ \ / / |  __| __|  _   _ \ / _ \_____|  _ \ / _  |
    \ V /| | |  | |_| | | | | |  __/_____| | | | (_| |
     \_/ |_|_|   \__|_| |_| |_|\___|     |_| |_|\__  |
                                                |___/ 
   kernel version: 6.8.0-rc3-virtme x86_64

virtme-ng:/nipa-data/kernel# PS1='xx__-> '
xx__-> env
PWD=/nipa-data/kernel
HOME=/
TERM=xterm
SHLVL=2
XDG_RUNTIME_DIR=/run/user/0
PATH=/bin:/sbin:/usr/bin:/usr/sbin:/usr/local/bin
OLDPWD=/
_=/usr/bin/env
xx__-> 