No EFI environment detected.
early console in extract_kernel
input_data: 0x0000000002be42c4
input_len: 0x0000000000b5b3f1
output: 0x0000000001000000
output_len: 0x00000000026f82fc
kernel_total_size: 0x0000000002430000
needed_size: 0x0000000002800000
trampoline_32bit: 0x000000000009d000
Physical KASLR using RDRAND RDTSC...
Virtual KASLR using RDRAND RDTSC...

Decompressing Linux... Parsing ELF... Performing relocations... done.
Booting the kernel (entry_offset: 0x0000000000000000).
[    0.000000] Linux version 6.11.0-virtme (root@0adf3cff3fb3) (gcc (Ubuntu 13.2.0-23ubuntu4) 13.2.0, GNU ld (GNU Binutils for Ubuntu) 2.42) #1 SMP PREEMPT_DYNAMIC Thu Sep 26 06:13:11 UTC 2024
[    0.000000] Command line: virtme_hostname=virtme-ng nr_open=1048576 virtme_link_mods=/nipa-data/kernel/.virtme_mods/lib/modules/0.0.0 virtme_initmount0=nipa-data/kernel virtme_rw_overlay0=/etc virtme_rw_overlay1=/lib virtme_rw_overlay2=/home virtme_rw_overlay3=/opt virtme_rw_overlay4=/srv virtme_rw_overlay5=/usr virtme_rw_overlay6=/var console=hvc0 earlyprintk=serial,ttyS0,115200 virtme_console=ttyS0 psmouse.proto=exps TERM=xterm virtme_chdir=nipa-data/kernel virtme_root_user=1 rootfstype=9p rootflags=version=9p2000.L,trans=virtio,access=any raid=noautodetect ro init=/usr/lib/python3/dist-packages/virtme/guest/virtme-init
[    0.000000] x86/split lock detection: #DB: warning on user-space bus_locks
[    0.000000] BIOS-provided physical RAM map:
[    0.000000] BIOS-e820: [mem 0x0000000000000000-0x000000000009fbff] usable
[    0.000000] BIOS-e820: [mem 0x000000000009fc00-0x000000000009ffff] reserved
[    0.000000] BIOS-e820: [mem 0x00000000000f0000-0x00000000000fffff] reserved
[    0.000000] BIOS-e820: [mem 0x0000000000100000-0x000000003ffdffff] usable
[    0.000000] BIOS-e820: [mem 0x000000003ffe0000-0x000000003fffffff] reserved
[    0.000000] BIOS-e820: [mem 0x00000000feffc000-0x00000000feffffff] reserved
[    0.000000] BIOS-e820: [mem 0x00000000fffc0000-0x00000000ffffffff] reserved
[    0.000000] printk: legacy bootconsole [earlyser0] enabled
[    0.000000] NX (Execute Disable) protection: active
[    0.000000] APIC: Static calls initialized
[    0.000000] SMBIOS 3.0.0 present.
[    0.000000] DMI: QEMU Ubuntu 24.04 PC (i440FX + PIIX, 1996), BIOS 1.16.3-debian-1.16.3-2 04/01/2014
[    0.000000] DMI: Memory slots populated: 1/1
[    0.000000] Hypervisor detected: KVM
[    0.000000] kvm-clock: Using msrs 4b564d01 and 4b564d00
[    0.000001] kvm-clock: using sched offset of 1049524309 cycles
[    0.000756] clocksource: kvm-clock: mask: 0xffffffffffffffff max_cycles: 0x1cd42e4dffb, max_idle_ns: 881590591483 ns
[    0.003116] tsc: Detected 2000.000 MHz processor
[    0.004221] last_pfn = 0x3ffe0 max_arch_pfn = 0x10000000000
[    0.005084] MTRR map: 4 entries (3 fixed + 1 variable; max 19), built from 8 variable MTRRs
[    0.006296] x86/PAT: Configuration [0-7]: WB  WC  UC- UC  WB  WP  UC- WT  
Memory KASLR using RDRAND RDTSC...
[    0.015154] found SMP MP-table at [mem 0x000f5470-0x000f547f]
[    0.015997] Using GB pages for direct mapping
[    0.016793] ACPI: Early table checksum verification disabled
[    0.017612] ACPI: RSDP 0x00000000000F5290 000014 (v00 BOCHS )
[    0.018447] ACPI: RSDT 0x000000003FFE308E 000034 (v01 BOCHS  BXPC     00000001 BXPC 00000001)
[    0.019681] ACPI: FACP 0x000000003FFE2D8A 000074 (v01 BOCHS  BXPC     00000001 BXPC 00000001)
[    0.020914] ACPI: DSDT 0x000000003FFE0040 002D4A (v01 BOCHS  BXPC     00000001 BXPC 00000001)
[    0.022150] ACPI: FACS 0x000000003FFE0000 000040
[    0.022822] ACPI: APIC 0x000000003FFE2DFE 000230 (v03 BOCHS  BXPC     00000001 BXPC 00000001)
[    0.024052] ACPI: HPET 0x000000003FFE302E 000038 (v01 BOCHS  BXPC     00000001 BXPC 00000001)
[    0.025283] ACPI: WAET 0x000000003FFE3066 000028 (v01 BOCHS  BXPC     00000001 BXPC 00000001)
[    0.026515] ACPI: Reserving FACP table memory at [mem 0x3ffe2d8a-0x3ffe2dfd]
[    0.027528] ACPI: Reserving DSDT table memory at [mem 0x3ffe0040-0x3ffe2d89]
[    0.028541] ACPI: Reserving FACS table memory at [mem 0x3ffe0000-0x3ffe003f]
[    0.029554] ACPI: Reserving APIC table memory at [mem 0x3ffe2dfe-0x3ffe302d]
[    0.030576] ACPI: Reserving HPET table memory at [mem 0x3ffe302e-0x3ffe3065]
[    0.031590] ACPI: Reserving WAET table memory at [mem 0x3ffe3066-0x3ffe308d]
[    0.032953] No NUMA configuration found
[    0.033506] Faking a node at [mem 0x0000000000000000-0x000000003ffdffff]
[    0.034480] NODE_DATA(0) allocated [mem 0x3ffdb000-0x3ffdffff]
[    0.035465] Zone ranges:
[    0.035832]   DMA      [mem 0x0000000000001000-0x0000000000ffffff]
[    0.036723]   DMA32    [mem 0x0000000001000000-0x000000003ffdffff]
[    0.037615]   Normal   empty
[    0.038030]   Device   empty
[    0.038450] Movable zone start for each node
[    0.039065] Early memory node ranges
[    0.039579]   node   0: [mem 0x0000000000001000-0x000000000009efff]
[    0.040481]   node   0: [mem 0x0000000000100000-0x000000003ffdffff]
[    0.041383] Initmem setup node 0 [mem 0x0000000000001000-0x000000003ffdffff]
[    0.042796] On node 0, zone DMA: 1 pages in unavailable ranges
[    0.043669] On node 0, zone DMA: 97 pages in unavailable ranges
[    0.048097] On node 0, zone DMA32: 32 pages in unavailable ranges
[    0.049523] ACPI: PM-Timer IO Port: 0x608
[    0.050132] ACPI: LAPIC_NMI (acpi_id[0xff] dfl dfl lint[0x1])
[    0.051012] IOAPIC[0]: apic_id 0, version 17, address 0xfec00000, GSI 0-23
[    0.052005] ACPI: INT_SRC_OVR (bus 0 bus_irq 0 global_irq 2 dfl dfl)
[    0.052921] ACPI: INT_SRC_OVR (bus 0 bus_irq 5 global_irq 5 high level)
[    0.053874] ACPI: INT_SRC_OVR (bus 0 bus_irq 9 global_irq 9 high level)
[    0.054832] ACPI: INT_SRC_OVR (bus 0 bus_irq 10 global_irq 10 high level)
[    0.055809] ACPI: INT_SRC_OVR (bus 0 bus_irq 11 global_irq 11 high level)
[    0.056791] ACPI: Using ACPI (MADT) for SMP configuration information
[    0.057719] ACPI: HPET id: 0x8086a201 base: 0xfed00000
[    0.058467] TSC deadline timer available
[    0.059035] CPU topo: Max. logical packages:   1
[    0.059700] CPU topo: Max. logical dies:       1
[    0.060364] CPU topo: Max. dies per package:   1
[    0.061032] CPU topo: Max. threads per core:   1
[    0.061697] CPU topo: Num. cores per package:    56
[    0.062404] CPU topo: Num. threads per package:  56
[    0.063105] CPU topo: Allowing 56 present CPUs plus 0 hotplug CPUs
[    0.064018] kvm-guest: APIC: eoi() replaced with kvm_guest_apic_eoi_write()
[    0.065038] kvm-guest: KVM setup pv remote TLB flush
[    0.065760] kvm-guest: setup PV sched yield
[    0.066382] PM: hibernation: Registered nosave memory: [mem 0x00000000-0x00000fff]
[    0.067473] PM: hibernation: Registered nosave memory: [mem 0x0009f000-0x0009ffff]
[    0.068562] PM: hibernation: Registered nosave memory: [mem 0x000a0000-0x000effff]
[    0.069651] PM: hibernation: Registered nosave memory: [mem 0x000f0000-0x000fffff]
[    0.070746] [mem 0x40000000-0xfeffbfff] available for PCI devices
[    0.071626] Booting paravirtualized kernel on KVM
[    0.072305] clocksource: refined-jiffies: mask: 0xffffffff max_cycles: 0xffffffff, max_idle_ns: 1910969940391419 ns
[    0.081392] setup_percpu: NR_CPUS:64 nr_cpumask_bits:56 nr_cpu_ids:56 nr_node_ids:1
[    0.087318] percpu: Embedded 58 pages/cpu s198360 r8192 d31016 u262144
[    0.088384] Kernel command line: virtme_hostname=virtme-ng nr_open=1048576 virtme_link_mods=/nipa-data/kernel/.virtme_mods/lib/modules/0.0.0 virtme_initmount0=nipa-data/kernel virtme_rw_overlay0=/etc virtme_rw_overlay1=/lib virtme_rw_overlay2=/home virtme_rw_overlay3=/opt virtme_rw_overlay4=/srv virtme_rw_overlay5=/usr virtme_rw_overlay6=/var console=hvc0 earlyprintk=serial,ttyS0,115200 virtme_console=ttyS0 psmouse.proto=exps TERM=xterm virtme_chdir=nipa-data/kernel virtme_root_user=1 rootfstype=9p rootflags=version=9p2000.L,trans=virtio,access=any raid=noautodetect ro init=/usr/lib/python3/dist-packages/virtme/guest/virtme-init
[    0.096692] Unknown kernel command line parameters "virtme_hostname=virtme-ng nr_open=1048576 virtme_link_mods=/nipa-data/kernel/.virtme_mods/lib/modules/0.0.0 virtme_initmount0=nipa-data/kernel virtme_rw_overlay0=/etc virtme_rw_overlay1=/lib virtme_rw_overlay2=/home virtme_rw_overlay3=/opt virtme_rw_overlay4=/srv virtme_rw_overlay5=/usr virtme_rw_overlay6=/var virtme_console=ttyS0 virtme_chdir=nipa-data/kernel virtme_root_user=1", will be passed to user space.
[    0.102748] random: crng init done
[    0.103245] printk: log_buf_len individual max cpu contribution: 4096 bytes
[    0.104259] printk: log_buf_len total cpu_extra contributions: 225280 bytes
[    0.105272] printk: log_buf_len min size: 262144 bytes
[    0.106686] printk: log_buf_len: 524288 bytes
[    0.107350] printk: early log buf free: 254024(96%)
[    0.108520] Dentry cache hash table entries: 131072 (order: 8, 1048576 bytes, linear)
[    0.109716] Inode-cache hash table entries: 65536 (order: 7, 524288 bytes, linear)
[    0.111685] Fallback order for Node 0: 0 
[    0.111694] Built 1 zonelists, mobility grouping on.  Total pages: 262014
[    0.113198] Policy zone: DMA32
[    0.113623] mem auto-init: stack:all(zero), heap alloc:off, heap free:off
[    0.118266] SLUB: HWalign=64, Order=0-3, MinObjects=0, CPUs=56, Nodes=1
Poking KASLR using RDRAND RDTSC...
[    0.119710] ftrace: allocating 48270 entries in 189 pages
[    0.135214] ftrace: allocated 189 pages with 6 groups
[    0.137107] Dynamic Preempt: voluntary
[    0.138642] rcu: Preemptible hierarchical RCU implementation.
[    0.139461] rcu: RCU event tracing is enabled.
[    0.140087] rcu: RCU restricting CPUs from NR_CPUS=64 to nr_cpu_ids=56.
[    0.141014] Trampoline variant of Tasks RCU enabled.
[    0.141714] Rude variant of Tasks RCU enabled.
[    0.142350] Tracing variant of Tasks RCU enabled.
[    0.143012] rcu: RCU calculated value of scheduler-enlistment delay is 100 jiffies.
[    0.144070] rcu: Adjusting geometry for rcu_fanout_leaf=16, nr_cpu_ids=56
[    0.145061] RCU Tasks: Setting shift to 6 and lim to 1 rcu_task_cb_adjust=1.
[    0.146039] RCU Tasks Rude: Setting shift to 6 and lim to 1 rcu_task_cb_adjust=1.
[    0.147080] RCU Tasks Trace: Setting shift to 6 and lim to 1 rcu_task_cb_adjust=1.
[    0.151359] NR_IRQS: 4352, nr_irqs: 872, preallocated irqs: 16
[    0.152546] rcu: srcu_init: Setting srcu_struct sizes based on contention.
[    0.153810] Console: colour *CGA 80x25
[    0.154391] ACPI: Core revision 20240322
[    0.155105] clocksource: hpet: mask: 0xffffffff max_cycles: 0xffffffff, max_idle_ns: 19112604467 ns
[    0.156495] APIC: Switch to symmetric I/O mode setup
[    0.157252] APIC: Switched APIC routing to: physical flat
[    0.158059] kvm-guest: APIC: send_IPI_mask() replaced with kvm_send_ipi_mask()
[    0.159114] kvm-guest: APIC: send_IPI_mask_allbutself() replaced with kvm_send_ipi_mask_allbutself()
[    0.160392] kvm-guest: setup PV IPIs
[    0.162432] ..TIMER: vector=0x30 apic1=0 pin1=2 apic2=-1 pin2=-1
[    0.163829] clocksource: tsc-early: mask: 0xffffffffffffffff max_cycles: 0x39a85c9bff6, max_idle_ns: 881590591483 ns
[    0.166150] Calibrating delay loop (skipped) preset value.. 4000.00 BogoMIPS (lpj=2000000)
[    0.167366] x86/cpu: User Mode Instruction Prevention (UMIP) activated
[    0.168267] Last level iTLB entries: 4KB 0, 2MB 0, 4MB 0
[    0.169148] Last level dTLB entries: 4KB 0, 2MB 0, 4MB 0, 1GB 0
[    0.170165] Spectre V1 : Mitigation: usercopy/swapgs barriers and __user pointer sanitization
[    0.171155] Spectre V2 : Spectre BHI mitigation: SW BHB clearing on syscall and VM exit
[    0.172148] Spectre V2 : Mitigation: Enhanced / Automatic IBRS
[    0.173150] Spectre V2 : Spectre v2 / SpectreRSB mitigation: Filling RSB on context switch
[    0.174155] Spectre V2 : Spectre v2 / PBRSB-eIBRS: Retire a single CALL on VMEXIT
[    0.175161] Spectre V2 : mitigation: Enabling conditional Indirect Branch Prediction Barrier
[    0.176159] Speculative Store Bypass: Mitigation: Speculative Store Bypass disabled via prctl
[    0.177156] TAA: Mitigation: TSX disabled
[    0.179202] x86/fpu: Supporting XSAVE feature 0x001: 'x87 floating point registers'
[    0.180150] x86/fpu: Supporting XSAVE feature 0x002: 'SSE registers'
[    0.181155] x86/fpu: Supporting XSAVE feature 0x004: 'AVX registers'
[    0.182150] x86/fpu: Supporting XSAVE feature 0x020: 'AVX-512 opmask'
[    0.183155] x86/fpu: Supporting XSAVE feature 0x040: 'AVX-512 Hi256'
[    0.184155] x86/fpu: Supporting XSAVE feature 0x080: 'AVX-512 ZMM_Hi256'
[    0.185155] x86/fpu: Supporting XSAVE feature 0x200: 'Protection Keys User registers'
[    0.186155] x86/fpu: Supporting XSAVE feature 0x20000: 'AMX Tile config'
[    0.187155] x86/fpu: Supporting XSAVE feature 0x40000: 'AMX Tile data'
[    0.188156] x86/fpu: xstate_offset[2]:  576, xstate_sizes[2]:  256
[    0.189150] x86/fpu: xstate_offset[5]:  832, xstate_sizes[5]:   64
[    0.190155] x86/fpu: xstate_offset[6]:  896, xstate_sizes[6]:  512
[    0.191155] x86/fpu: xstate_offset[7]: 1408, xstate_sizes[7]: 1024
[    0.192155] x86/fpu: xstate_offset[9]: 2432, xstate_sizes[9]:    8
[    0.193155] x86/fpu: xstate_offset[17]: 2496, xstate_sizes[17]:   64
[    0.194155] x86/fpu: xstate_offset[18]: 2560, xstate_sizes[18]: 8192
[    0.195155] x86/fpu: Enabled xstate features 0x602e7, context size is 10752 bytes, using 'compacted' format.
[    0.225761] Freeing SMP alternatives memory: 40K
[    0.226151] pid_max: default: 57344 minimum: 448
[    0.227272] Mount-cache hash table entries: 2048 (order: 2, 16384 bytes, linear)
[    0.228161] Mountpoint-cache hash table entries: 2048 (order: 2, 16384 bytes, linear)
[    0.230383] smpboot: CPU0: Intel(R) Xeon(R) Platinum 8480+ (family: 0x6, model: 0x8f, stepping: 0x6)
[    0.231397] Performance Events: PEBS fmt0-, Sapphire Rapids events, full-width counters, Intel PMU driver.
[    0.232153] ... version:                2
[    0.232962] ... bit width:              48
[    0.233150] ... generic registers:      8
[    0.233956] ... value mask:             0000ffffffffffff
[    0.234150] ... max period:             00007fffffffffff
[    0.235150] ... fixed-purpose events:   3
[    0.235957] ... event mask:             00000007000000ff
[    0.236385] signal: max sigframe size: 11952
[    0.237177] rcu: Hierarchical SRCU implementation.
[    0.238142] rcu: Max phase no-delay instances is 400.
[    0.238186] Timer migration: 2 hierarchy levels; 8 children per group; 2 crossnode level
[    0.240221] smp: Bringing up secondary CPUs ...
[    0.241269] smpboot: x86: Booting SMP configuration:
[    0.242153] .... node  #0, CPUs:        #1  #2  #3  #4  #5  #6  #7  #8  #9 #10 #11 #12 #13 #14 #15 #16 #17 #18 #19 #20 #21 #22 #23 #24 #25 #26 #27 #28 #29 #30 #31 #32 #33 #34 #35 #36 #37 #38 #39 #40 #41 #42 #43 #44 #45 #46 #47 #48 #49 #50 #51 #52 #53 #54 #55
[    0.314381] smp: Brought up 1 node, 56 CPUs
[    0.316013] smpboot: Total of 56 processors activated (224000.00 BogoMIPS)
[    0.329196] Memory: 951188K/1048056K available (16384K kernel code, 2432K rwdata, 6236K rodata, 3104K init, 1932K bss, 72272K reserved, 0K cma-reserved)
[    0.330283] devtmpfs: initialized
[    0.331197] x86/mm: Memory block size: 128MB
[    0.333377] clocksource: jiffies: mask: 0xffffffff max_cycles: 0xffffffff, max_idle_ns: 1911260446275000 ns
[    0.334154] futex hash table entries: 16384 (order: 8, 1048576 bytes, linear)
[    0.335509] PM: RTC time: 06:13:58, date: 2024-09-26
[    0.338191] NET: Registered PF_NETLINK/PF_ROUTE protocol family
[    0.339343] thermal_sys: Registered thermal governor 'step_wise'
[    0.339345] thermal_sys: Registered thermal governor 'user_space'
[    0.340186] cpuidle: using governor menu
[    0.343467] PCI: Using configuration type 1 for base access
[    0.344245] kprobes: kprobe jump-optimization is enabled. All kprobes are optimized if possible.
[    0.387183] HugeTLB: registered 1.00 GiB page size, pre-allocated 0 pages
[    0.390155] HugeTLB: 16380 KiB vmemmap can be freed for a 1.00 GiB page
[    0.392154] HugeTLB: registered 2.00 MiB page size, pre-allocated 0 pages
[    0.394152] HugeTLB: 28 KiB vmemmap can be freed for a 2.00 MiB page
[    0.397282] ACPI: Added _OSI(Module Device)
[    0.398152] ACPI: Added _OSI(Processor Device)
[    0.399152] ACPI: Added _OSI(3.0 _SCP Extensions)
[    0.401152] ACPI: Added _OSI(Processor Aggregator Device)
[    0.403350] ACPI: 1 ACPI AML tables successfully acquired and loaded
[    0.409445] ACPI: Interpreter enabled
[    0.410165] ACPI: PM: (supports S0 S3 S4 S5)
[    0.411046] ACPI: Using IOAPIC for interrupt routing
[    0.412164] PCI: Using host bridge windows from ACPI; if necessary, use "pci=nocrs" and report a bug
[    0.413150] PCI: Using E820 reservations for host bridge windows
[    0.414274] ACPI: Enabled 2 GPEs in block 00 to 0F
[    0.418765] ACPI: PCI Root Bridge [PCI0] (domain 0000 [bus 00-ff])
[    0.420154] acpi PNP0A03:00: _OSC: OS supports [ASPM ClockPM Segments MSI HPX-Type3]
[    0.421151] acpi PNP0A03:00: _OSC: not requesting OS control; OS requires [ExtendedConfig ASPM ClockPM MSI]
[    0.423156] acpi PNP0A03:00: fail to add MMCONFIG information, can't access extended configuration space under this bridge
[    0.425256] PCI host bridge to bus 0000:00
[    0.426106] pci_bus 0000:00: root bus resource [io  0x0000-0x0cf7 window]
[    0.427150] pci_bus 0000:00: root bus resource [io  0x0d00-0xffff window]
[    0.428150] pci_bus 0000:00: root bus resource [mem 0x000a0000-0x000bffff window]
[    0.430151] pci_bus 0000:00: root bus resource [mem 0x40000000-0xfebfffff window]
[    0.431150] pci_bus 0000:00: root bus resource [mem 0x100000000-0x17fffffff window]
[    0.432150] pci_bus 0000:00: root bus resource [bus 00-ff]
[    0.433200] pci 0000:00:00.0: [8086:1237] type 00 class 0x060000 conventional PCI endpoint
[    0.435680] pci 0000:00:01.0: [8086:7000] type 00 class 0x060100 conventional PCI endpoint
[    0.437853] pci 0000:00:01.1: [8086:7010] type 00 class 0x010180 conventional PCI endpoint
[    0.442473] pci 0000:00:01.1: BAR 4 [io  0xc0c0-0xc0cf]
[    0.444847] pci 0000:00:01.1: BAR 0 [io  0x01f0-0x01f7]: legacy IDE quirk
[    0.446153] pci 0000:00:01.1: BAR 1 [io  0x03f6]: legacy IDE quirk
[    0.447150] pci 0000:00:01.1: BAR 2 [io  0x0170-0x0177]: legacy IDE quirk
[    0.448150] pci 0000:00:01.1: BAR 3 [io  0x0376]: legacy IDE quirk
[    0.450381] pci 0000:00:01.3: [8086:7113] type 00 class 0x068000 conventional PCI endpoint
[    0.451720] pci 0000:00:01.3: quirk: [io  0x0600-0x063f] claimed by PIIX4 ACPI
[    0.453160] pci 0000:00:01.3: quirk: [io  0x0700-0x070f] claimed by PIIX4 SMB
[    0.455523] pci 0000:00:02.0: [1af4:1009] type 00 class 0x000200 conventional PCI endpoint
[    0.457152] pci 0000:00:02.0: BAR 0 [io  0xc000-0xc03f]
[    0.460152] pci 0000:00:02.0: BAR 1 [mem 0xfebfc000-0xfebfcfff]
[    0.465155] pci 0000:00:02.0: BAR 4 [mem 0xfebf0000-0xfebf3fff 64bit pref]
[    0.468225] pci 0000:00:03.0: [1af4:1009] type 00 class 0x000200 conventional PCI endpoint
[    0.471152] pci 0000:00:03.0: BAR 0 [io  0xc040-0xc07f]
[    0.474152] pci 0000:00:03.0: BAR 1 [mem 0xfebfd000-0xfebfdfff]
[    0.478155] pci 0000:00:03.0: BAR 4 [mem 0xfebf4000-0xfebf7fff 64bit pref]
[    0.480975] pci 0000:00:04.0: [8086:25ab] type 00 class 0x088000 conventional PCI endpoint
[    0.483565] pci 0000:00:04.0: BAR 0 [mem 0xfebfe000-0xfebfe00f]
[    0.487586] pci 0000:00:05.0: [1af4:1003] type 00 class 0x078000 conventional PCI endpoint
[    0.490015] pci 0000:00:05.0: BAR 0 [io  0xc080-0xc0bf]
[    0.491947] pci 0000:00:05.0: BAR 1 [mem 0xfebff000-0xfebfffff]
[    0.497115] pci 0000:00:05.0: BAR 4 [mem 0xfebf8000-0xfebfbfff 64bit pref]
[    0.501147] ACPI: PCI: Interrupt link LNKA configured for IRQ 10
[    0.503289] ACPI: PCI: Interrupt link LNKB configured for IRQ 10
[    0.504272] ACPI: PCI: Interrupt link LNKC configured for IRQ 11
[    0.505272] ACPI: PCI: Interrupt link LNKD configured for IRQ 11
[    0.506235] ACPI: PCI: Interrupt link LNKS configured for IRQ 9
[    0.508918] iommu: Default domain type: Translated
[    0.510150] iommu: DMA domain TLB invalidation policy: lazy mode
[    0.511271] SCSI subsystem initialized
[    0.512207] pps_core: LinuxPPS API ver. 1 registered
[    0.513150] pps_core: Software ver. 5.3.6 - Copyright 2005-2007 Rodolfo Giometti <giometti@linux.it>
[    0.515152] PTP clock support registered
[    0.516209] Advanced Linux Sound Architecture Driver Initialized.
[    0.518803] NET: Registered PF_ATMPVC protocol family
[    0.520150] NET: Registered PF_ATMSVC protocol family
[    0.521154] PCI: Using ACPI for IRQ routing
[    0.522212] vgaarb: loaded
[    0.523297] hpet0: at MMIO 0xfed00000, IRQs 2, 8, 0
[    0.524156] hpet0: 3 comparators, 64-bit 100.000000 MHz counter
[    0.530645] clocksource: Switched to clocksource kvm-clock
[    0.532084] VFS: Disk quotas dquot_6.6.0
[    0.532924] VFS: Dquot-cache hash table entries: 512 (order 0, 4096 bytes)
[    0.534464] pnp: PnP ACPI init
[    0.536380] pnp: PnP ACPI: found 5 devices
[    0.553958] clocksource: acpi_pm: mask: 0xffffff max_cycles: 0xffffff, max_idle_ns: 2085701024 ns
[    0.556910] NET: Registered PF_INET protocol family
[    0.557969] IP idents hash table entries: 16384 (order: 5, 131072 bytes, linear)
[    0.559896] tcp_listen_portaddr_hash hash table entries: 512 (order: 1, 8192 bytes, linear)
[    0.561585] Table-perturb hash table entries: 65536 (order: 6, 262144 bytes, linear)
[    0.563140] TCP established hash table entries: 8192 (order: 4, 65536 bytes, linear)
[    0.564709] TCP bind hash table entries: 8192 (order: 6, 262144 bytes, linear)
[    0.566402] TCP: Hash tables configured (established 8192 bind 8192)
[    0.567856] UDP hash table entries: 512 (order: 2, 16384 bytes, linear)
[    0.569189] UDP-Lite hash table entries: 512 (order: 2, 16384 bytes, linear)
[    0.570673] NET: Registered PF_UNIX/PF_LOCAL protocol family
[    0.571828] pci_bus 0000:00: resource 4 [io  0x0000-0x0cf7 window]
[    0.573080] pci_bus 0000:00: resource 5 [io  0x0d00-0xffff window]
[    0.574320] pci_bus 0000:00: resource 6 [mem 0x000a0000-0x000bffff window]
[    0.575709] pci_bus 0000:00: resource 7 [mem 0x40000000-0xfebfffff window]
[    0.577095] pci_bus 0000:00: resource 8 [mem 0x100000000-0x17fffffff window]
[    0.578552] pci 0000:00:01.0: PIIX3: Enabling Passive Release
[    0.579725] pci 0000:00:00.0: Limiting direct PCI/PCI transfers
[    0.581003] PCI: CLS 0 bytes, default 64
[    0.597183] RAPL PMU: API unit is 2^-32 Joules, 1 fixed counters, 10737418240 ms ovfl timer
[    0.599107] RAPL PMU: hw unit of domain psys 2^-0 Joules
[    1.170145] kwatchdog (376) used greatest stack depth: 15760 bytes left
[    1.173218] kvm_amd: CPU 39 isn't AMD or Hygon
[    1.174139] clocksource: tsc: mask: 0xffffffffffffffff max_cycles: 0x39a85c9bff6, max_idle_ns: 881590591483 ns
[    1.271330] Initialise system trusted keyrings
[    1.273111] workingset: timestamp_bits=56 max_order=18 bucket_order=0
[    1.274786] squashfs: version 4.0 (2009/01/31) Phillip Lougher
[    1.276033] fuse: init (API version 7.40)
[    1.277019] 9p: Installing v9fs 9p2000 file system support
[    1.288842] Key type asymmetric registered
[    1.289666] Asymmetric key parser 'x509' registered
[    1.290661] Block layer SCSI generic (bsg) driver version 0.4 loaded (major 249)
[    1.292150] io scheduler mq-deadline registered
[    1.293055] io scheduler kyber registered
[    1.312265] input: Power Button as /devices/LNXSYSTM:00/LNXPWRBN:00/input/input0
[    1.314339] ACPI: button: Power Button [PWRF]
[    1.316551] Warning: Processor Platform Limit event detected, but not handled.
[    1.318960] Consider compiling CPUfreq support into your kernel.
[    1.355397] ACPI: \_SB_.LNKB: Enabled at IRQ 10
[    1.369744] ACPI: \_SB_.LNKC: Enabled at IRQ 11
[    1.383867] ACPI: \_SB_.LNKA: Enabled at IRQ 10
[    1.386258] Serial: 8250/16550 driver, 4 ports, IRQ sharing enabled
[    1.387749] 00:03: ttyS0 at I/O 0x3f8 (irq = 4, base_baud = 115200) is a 16550A
[    1.418627] Non-volatile memory driver v1.3
[    1.419547] Linux agpgart interface v0.103
[    1.421403] ACPI: bus type drm_connector registered
[    1.422423] printk: legacy console [hvc0] enabled
[    1.423541] printk: legacy bootconsole [earlyser0] disabled
          _      _                                    
   __   _(_)_ __| |_ _ __ ___   ___       _ __   __ _ 
   \ \ / / |  __| __|  _   _ \ / _ \_____|  _ \ / _  |
    \ V /| | |  | |_| | | | | |  __/_____| | | | (_| |
     \_/ |_|_|   \__|_| |_| |_|\___|     |_| |_|\__  |
                                                |___/ 
   kernel version: 6.11.0-virtme x86_64
   (CTRL+d to exit)

root@virtme-ng:/nipa-data/kernel# PS1='xx__-> '
xx__-> env
PWD=/nipa-data/kernel
nr_open=1048576
HOME=/
TERM=xterm
SHLVL=2
XDG_RUNTIME_DIR=/run/user/0
PATH=/bin:/sbin:/usr/bin:/usr/sbin:/usr/local/bin
OLDPWD=/
_=/bin/env
xx__-> 