No EFI environment detected.
early console in extract_kernel
input_data: 0x0000000002be92c4
input_len: 0x0000000000b456aa
output: 0x0000000001000000
output_len: 0x00000000026e765c
kernel_total_size: 0x0000000002430000
needed_size: 0x0000000002800000
trampoline_32bit: 0x0000000000000000
Physical KASLR using RDRAND RDTSC...
Virtual KASLR using RDRAND RDTSC...

Decompressing Linux... Parsing ELF... Performing relocations... done.
Booting the kernel (entry_offset: 0x0000000000000000).
[    0.000000] Linux version 6.10.0-rc5-virtme (root@a98be9780a37) (gcc (Alpine 13.2.1_git20240309) 13.2.1 20240309, GNU ld (GNU Binutils) 2.42) #1 SMP PREEMPT_DYNAMIC Sat Jun 29 21:06:12 UTC 2024
[    0.000000] Command line: virtme_hostname=virtme-ng nr_open=1048576 virtme_link_mods=/nipa-data/kernel/.virtme_mods/lib/modules/0.0.0 virtme_initmount0=nipa-data/kernel virtme_rw_overlay0=/etc virtme_rw_overlay1=/lib virtme_rw_overlay2=/home virtme_rw_overlay3=/opt virtme_rw_overlay4=/srv virtme_rw_overlay5=/usr virtme_rw_overlay6=/var console=hvc0 earlyprintk=serial,ttyS0,115200 virtme_console=ttyS0 psmouse.proto=exps TERM=xterm virtme_chdir=nipa-data/kernel virtme_root_user=1 rootfstype=9p rootflags=version=9p2000.L,trans=virtio,access=any raid=noautodetect ro init=/usr/lib/python3.12/site-packages/virtme/guest/virtme-init
[    0.000000] BIOS-provided physical RAM map:
[    0.000000] BIOS-e820: [mem 0x0000000000000000-0x000000000009fbff] usable
[    0.000000] BIOS-e820: [mem 0x000000000009fc00-0x000000000009ffff] reserved
[    0.000000] BIOS-e820: [mem 0x00000000000f0000-0x00000000000fffff] reserved
[    0.000000] BIOS-e820: [mem 0x0000000000100000-0x000000003ffdffff] usable
[    0.000000] BIOS-e820: [mem 0x000000003ffe0000-0x000000003fffffff] reserved
[    0.000000] BIOS-e820: [mem 0x00000000feffc000-0x00000000feffffff] reserved
[    0.000000] BIOS-e820: [mem 0x00000000fffc0000-0x00000000ffffffff] reserved
[    0.000000] BIOS-e820: [mem 0x000000fd00000000-0x000000ffffffffff] reserved
[    0.000000] printk: legacy bootconsole [earlyser0] enabled
[    0.000000] NX (Execute Disable) protection: active
[    0.000000] APIC: Static calls initialized
[    0.000000] SMBIOS 2.8 present.
[    0.000000] DMI: QEMU Standard PC (i440FX + PIIX, 1996), BIOS rel-1.16.3-0-ga6ed6b701f0a-prebuilt.qemu.org 04/01/2014
[    0.000000] DMI: Memory slots populated: 1/1
[    0.000000] Hypervisor detected: KVM
[    0.000000] kvm-clock: Using msrs 4b564d01 and 4b564d00
[    0.000000] kvm-clock: using sched offset of 261248534 cycles
[    0.000393] clocksource: kvm-clock: mask: 0xffffffffffffffff max_cycles: 0x1cd42e4dffb, max_idle_ns: 881590591483 ns
[    0.001617] tsc: Detected 4491.560 MHz processor
[    0.002231] last_pfn = 0x3ffe0 max_arch_pfn = 0x400000000
[    0.002662] MTRR map: 4 entries (3 fixed + 1 variable; max 19), built from 8 variable MTRRs
[    0.003300] x86/PAT: Configuration [0-7]: WB  WC  UC- UC  WB  WP  UC- WT  
Memory KASLR using RDRAND RDTSC...
[    0.005410] found SMP MP-table at [mem 0x000f5470-0x000f547f]
[    0.005849] Using GB pages for direct mapping
[    0.006210] ACPI: Early table checksum verification disabled
[    0.006638] ACPI: RSDP 0x00000000000F5290 000014 (v00 BOCHS )
[    0.007077] ACPI: RSDT 0x000000003FFE27BC 000034 (v01 BOCHS  BXPC     00000001 BXPC 00000001)
[    0.007724] ACPI: FACP 0x000000003FFE2578 000074 (v01 BOCHS  BXPC     00000001 BXPC 00000001)
[    0.008373] ACPI: DSDT 0x000000003FFE0040 002538 (v01 BOCHS  BXPC     00000001 BXPC 00000001)
[    0.009019] ACPI: FACS 0x000000003FFE0000 000040
[    0.009372] ACPI: APIC 0x000000003FFE25EC 000170 (v03 BOCHS  BXPC     00000001 BXPC 00000001)
[    0.010021] ACPI: HPET 0x000000003FFE275C 000038 (v01 BOCHS  BXPC     00000001 BXPC 00000001)
[    0.010667] ACPI: WAET 0x000000003FFE2794 000028 (v01 BOCHS  BXPC     00000001 BXPC 00000001)
[    0.011320] ACPI: Reserving FACP table memory at [mem 0x3ffe2578-0x3ffe25eb]
[    0.011853] ACPI: Reserving DSDT table memory at [mem 0x3ffe0040-0x3ffe2577]
[    0.012390] ACPI: Reserving FACS table memory at [mem 0x3ffe0000-0x3ffe003f]
[    0.012922] ACPI: Reserving APIC table memory at [mem 0x3ffe25ec-0x3ffe275b]
[    0.013455] ACPI: Reserving HPET table memory at [mem 0x3ffe275c-0x3ffe2793]
[    0.013988] ACPI: Reserving WAET table memory at [mem 0x3ffe2794-0x3ffe27bb]
[    0.014667] No NUMA configuration found
[    0.014961] Faking a node at [mem 0x0000000000000000-0x000000003ffdffff]
[    0.015468] NODE_DATA(0) allocated [mem 0x3ffdb000-0x3ffdffff]
[    0.015919] Zone ranges:
[    0.016113]   DMA      [mem 0x0000000000001000-0x0000000000ffffff]
[    0.016579]   DMA32    [mem 0x0000000001000000-0x000000003ffdffff]
[    0.017045]   Normal   empty
[    0.017262]   Device   empty
[    0.017478] Movable zone start for each node
[    0.017800] Early memory node ranges
[    0.018068]   node   0: [mem 0x0000000000001000-0x000000000009efff]
[    0.018540]   node   0: [mem 0x0000000000100000-0x000000003ffdffff]
[    0.019018] Initmem setup node 0 [mem 0x0000000000001000-0x000000003ffdffff]
[    0.019552] On node 0, zone DMA: 1 pages in unavailable ranges
[    0.020002] On node 0, zone DMA: 97 pages in unavailable ranges
[    0.021428] On node 0, zone DMA32: 32 pages in unavailable ranges
[    0.022099] ACPI: PM-Timer IO Port: 0x608
[    0.022404] ACPI: LAPIC_NMI (acpi_id[0xff] dfl dfl lint[0x1])
[    0.022853] IOAPIC[0]: apic_id 0, version 17, address 0xfec00000, GSI 0-23
[    0.023369] ACPI: INT_SRC_OVR (bus 0 bus_irq 0 global_irq 2 dfl dfl)
[    0.023845] ACPI: INT_SRC_OVR (bus 0 bus_irq 5 global_irq 5 high level)
[    0.024341] ACPI: INT_SRC_OVR (bus 0 bus_irq 9 global_irq 9 high level)
[    0.024837] ACPI: INT_SRC_OVR (bus 0 bus_irq 10 global_irq 10 high level)
[    0.025345] ACPI: INT_SRC_OVR (bus 0 bus_irq 11 global_irq 11 high level)
[    0.025854] ACPI: Using ACPI (MADT) for SMP configuration information
[    0.026335] ACPI: HPET id: 0x8086a201 base: 0xfed00000
[    0.026726] TSC deadline timer available
[    0.027021] CPU topo: Max. logical packages:   1
[    0.027366] CPU topo: Max. logical dies:       1
[    0.027711] CPU topo: Max. dies per package:   1
[    0.028059] CPU topo: Max. threads per core:   1
[    0.028405] CPU topo: Num. cores per package:    32
[    0.028771] CPU topo: Num. threads per package:  32
[    0.029141] CPU topo: Allowing 32 present CPUs plus 0 hotplug CPUs
[    0.029613] kvm-guest: APIC: eoi() replaced with kvm_guest_apic_eoi_write()
[    0.030143] kvm-guest: KVM setup pv remote TLB flush
[    0.030517] kvm-guest: setup PV sched yield
[    0.030838] PM: hibernation: Registered nosave memory: [mem 0x00000000-0x00000fff]
[    0.031409] PM: hibernation: Registered nosave memory: [mem 0x0009f000-0x0009ffff]
[    0.031976] PM: hibernation: Registered nosave memory: [mem 0x000a0000-0x000effff]
[    0.032542] PM: hibernation: Registered nosave memory: [mem 0x000f0000-0x000fffff]
[    0.033114] [mem 0x40000000-0xfeffbfff] available for PCI devices
[    0.033572] Booting paravirtualized kernel on KVM
[    0.033925] clocksource: refined-jiffies: mask: 0xffffffff max_cycles: 0xffffffff, max_idle_ns: 1910969940391419 ns
[    0.037613] setup_percpu: NR_CPUS:64 nr_cpumask_bits:32 nr_cpu_ids:32 nr_node_ids:1
[    0.038796] percpu: Embedded 58 pages/cpu s198872 r8192 d30504 u262144
[    0.039318] Kernel command line: virtme_hostname=virtme-ng nr_open=1048576 virtme_link_mods=/nipa-data/kernel/.virtme_mods/lib/modules/0.0.0 virtme_initmount0=nipa-data/kernel virtme_rw_overlay0=/etc virtme_rw_overlay1=/lib virtme_rw_overlay2=/home virtme_rw_overlay3=/opt virtme_rw_overlay4=/srv virtme_rw_overlay5=/usr virtme_rw_overlay6=/var console=hvc0 earlyprintk=serial,ttyS0,115200 virtme_console=ttyS0 psmouse.proto=exps TERM=xterm virtme_chdir=nipa-data/kernel virtme_root_user=1 rootfstype=9p rootflags=version=9p2000.L,trans=virtio,access=any raid=noautodetect ro init=/usr/lib/python3.12/site-packages/virtme/guest/virtme-init
[    0.043727] Unknown kernel command line parameters "virtme_hostname=virtme-ng nr_open=1048576 virtme_link_mods=/nipa-data/kernel/.virtme_mods/lib/modules/0.0.0 virtme_initmount0=nipa-data/kernel virtme_rw_overlay0=/etc virtme_rw_overlay1=/lib virtme_rw_overlay2=/home virtme_rw_overlay3=/opt virtme_rw_overlay4=/srv virtme_rw_overlay5=/usr virtme_rw_overlay6=/var virtme_console=ttyS0 virtme_chdir=nipa-data/kernel virtme_root_user=1", will be passed to user space.
[    0.047095] random: crng init done
[    0.047391] Dentry cache hash table entries: 131072 (order: 8, 1048576 bytes, linear)
[    0.048016] Inode-cache hash table entries: 65536 (order: 7, 524288 bytes, linear)
[    0.048689] Fallback order for Node 0: 0 
[    0.048692] Built 1 zonelists, mobility grouping on.  Total pages: 262014
[    0.049530] Policy zone: DMA32
[    0.049767] mem auto-init: stack:all(zero), heap alloc:off, heap free:off
[    0.051107] Memory: 984568K/1048056K available (16384K kernel code, 2423K rwdata, 6176K rodata, 3092K init, 1992K bss, 63228K reserved, 0K cma-reserved)
[    0.052195] SLUB: HWalign=64, Order=0-3, MinObjects=0, CPUs=32, Nodes=1
Poking KASLR using RDRAND RDTSC...
[    0.052968] ftrace: allocating 47885 entries in 188 pages
[    0.060224] ftrace: allocated 188 pages with 5 groups
[    0.061283] Dynamic Preempt: voluntary
[    0.061735] rcu: Preemptible hierarchical RCU implementation.
[    0.062183] rcu: RCU event tracing is enabled.
[    0.062534] rcu: RCU restricting CPUs from NR_CPUS=64 to nr_cpu_ids=32.
[    0.063060] Trampoline variant of Tasks RCU enabled.
[    0.063452] Rude variant of Tasks RCU enabled.
[    0.063803] Tracing variant of Tasks RCU enabled.
[    0.064175] rcu: RCU calculated value of scheduler-enlistment delay is 100 jiffies.
[    0.064771] rcu: Adjusting geometry for rcu_fanout_leaf=16, nr_cpu_ids=32
[    0.065308] RCU Tasks: Setting shift to 5 and lim to 1 rcu_task_cb_adjust=1.
[    0.065856] RCU Tasks Rude: Setting shift to 5 and lim to 1 rcu_task_cb_adjust=1.
[    0.066439] RCU Tasks Trace: Setting shift to 5 and lim to 1 rcu_task_cb_adjust=1.
[    0.068506] NR_IRQS: 4352, nr_irqs: 680, preallocated irqs: 16
[    0.069128] rcu: srcu_init: Setting srcu_struct sizes based on contention.
[    0.069806] Console: colour *CGA 80x25
[    0.070103] ACPI: Core revision 20240322
[    0.070477] clocksource: hpet: mask: 0xffffffff max_cycles: 0xffffffff, max_idle_ns: 19112604467 ns
[    0.071239] APIC: Switch to symmetric I/O mode setup
[    0.071635] APIC: Switched APIC routing to: physical flat
[    0.072048] kvm-guest: APIC: send_IPI_mask() replaced with kvm_send_ipi_mask()
[    0.072591] kvm-guest: APIC: send_IPI_mask_allbutself() replaced with kvm_send_ipi_mask_allbutself()
[    0.073292] kvm-guest: setup PV IPIs
[    0.074349] ..TIMER: vector=0x30 apic1=0 pin1=2 apic2=-1 pin2=-1
[    0.075168] tsc: Marking TSC unstable due to TSCs unsynchronized
[    0.075988] Calibrating delay loop (skipped) preset value.. 8983.12 BogoMIPS (lpj=4491560)
[    0.077049] x86/cpu: User Mode Instruction Prevention (UMIP) activated
[    0.078038] Last level iTLB entries: 4KB 512, 2MB 255, 4MB 127
[    0.078987] Last level dTLB entries: 4KB 512, 2MB 255, 4MB 127, 1GB 0
[    0.079991] Spectre V1 : Mitigation: usercopy/swapgs barriers and __user pointer sanitization
[    0.080990] Spectre V2 : Mitigation: Enhanced / Automatic IBRS
[    0.081987] Spectre V2 : Spectre v2 / SpectreRSB mitigation: Filling RSB on context switch
[    0.082988] Spectre V2 : mitigation: Enabling conditional Indirect Branch Prediction Barrier
[    0.083988] Speculative Store Bypass: Mitigation: Speculative Store Bypass disabled via prctl
[    0.084987] Speculative Return Stack Overflow: IBPB-extending microcode not applied!
[    0.085987] Speculative Return Stack Overflow: WARNING: See https://kernel.org/doc/html/latest/admin-guide/hw-vuln/srso.html for mitigation options.
[    0.085987] Speculative Return Stack Overflow: Vulnerable: Safe RET, no microcode
[    0.088002] x86/fpu: Supporting XSAVE feature 0x001: 'x87 floating point registers'
[    0.088987] x86/fpu: Supporting XSAVE feature 0x002: 'SSE registers'
[    0.089987] x86/fpu: Supporting XSAVE feature 0x004: 'AVX registers'
[    0.090987] x86/fpu: Supporting XSAVE feature 0x020: 'AVX-512 opmask'
[    0.091987] x86/fpu: Supporting XSAVE feature 0x040: 'AVX-512 Hi256'
[    0.092987] x86/fpu: Supporting XSAVE feature 0x080: 'AVX-512 ZMM_Hi256'
[    0.093987] x86/fpu: Supporting XSAVE feature 0x200: 'Protection Keys User registers'
[    0.094987] x86/fpu: xstate_offset[2]:  576, xstate_sizes[2]:  256
[    0.095987] x86/fpu: xstate_offset[5]:  832, xstate_sizes[5]:   64
[    0.096811] x86/fpu: xstate_offset[6]:  896, xstate_sizes[6]:  512
[    0.096987] x86/fpu: xstate_offset[7]: 1408, xstate_sizes[7]: 1024
[    0.097987] x86/fpu: xstate_offset[9]: 2432, xstate_sizes[9]:    8
[    0.098987] x86/fpu: Enabled xstate features 0x2e7, context size is 2440 bytes, using 'compacted' format.
[    0.116230] Freeing SMP alternatives memory: 40K
[    0.116845] pid_max: default: 32768 minimum: 301
[    0.117015] Mount-cache hash table entries: 2048 (order: 2, 16384 bytes, linear)
[    0.117988] Mountpoint-cache hash table entries: 2048 (order: 2, 16384 bytes, linear)
[    0.119158] smpboot: CPU0: AMD Ryzen 9 7950X 16-Core Processor (family: 0x19, model: 0x61, stepping: 0x2)
[    0.120110] Performance Events: Fam17h+ core perfctr, AMD PMU driver.
[    0.120983] ... version:                0
[    0.120989] ... bit width:              48
[    0.121527] ... generic registers:      6
[    0.121988] ... value mask:             0000ffffffffffff
[    0.122685] ... max period:             00007fffffffffff
[    0.122988] ... fixed-purpose events:   0
[    0.123513] ... event mask:             000000000000003f
[    0.124072] signal: max sigframe size: 3376
[    0.124646] rcu: Hierarchical SRCU implementation.
[    0.124989] rcu: Max phase no-delay instances is 400.
[    0.127957] smp: Bringing up secondary CPUs ...
[    0.128043] smpboot: x86: Booting SMP configuration:
[    0.128693] .... node  #0, CPUs:        #1  #2  #3  #4  #5  #6  #7  #8  #9 #10 #11 #12 #13 #14 #15 #16 #17 #18 #19 #20 #21 #22 #23 #24 #25 #26 #27 #28 #29 #30 #31
[    0.150039] smp: Brought up 1 node, 32 CPUs
[    0.151566] smpboot: Total of 32 processors activated (287459.84 BogoMIPS)
[    0.154054] devtmpfs: initialized
[    0.154481] x86/mm: Memory block size: 128MB
[    0.155742] clocksource: jiffies: mask: 0xffffffff max_cycles: 0xffffffff, max_idle_ns: 1911260446275000 ns
[    0.155992] futex hash table entries: 8192 (order: 7, 524288 bytes, linear)
[    0.157154] PM: RTC time: 21:06:40, date: 2024-06-29
[    0.158210] NET: Registered PF_NETLINK/PF_ROUTE protocol family
[    0.159158] thermal_sys: Registered thermal governor 'step_wise'
[    0.159160] thermal_sys: Registered thermal governor 'user_space'
[    0.160003] cpuidle: using governor menu
[    0.162069] PCI: Using configuration type 1 for base access
[    0.162836] PCI: Using configuration type 1 for extended access
[    0.163067] kprobes: kprobe jump-optimization is enabled. All kprobes are optimized if possible.
[    0.171990] HugeTLB: registered 1.00 GiB page size, pre-allocated 0 pages
[    0.172989] HugeTLB: 16380 KiB vmemmap can be freed for a 1.00 GiB page
[    0.173989] HugeTLB: registered 2.00 MiB page size, pre-allocated 0 pages
[    0.174988] HugeTLB: 28 KiB vmemmap can be freed for a 2.00 MiB page
[    0.179101] Demotion targets for Node 0: null
[    0.179101] ACPI: Added _OSI(Module Device)
[    0.179731] ACPI: Added _OSI(Processor Device)
[    0.180989] ACPI: Added _OSI(3.0 _SCP Extensions)
[    0.181760] ACPI: Added _OSI(Processor Aggregator Device)
[    0.183885] ACPI: 1 ACPI AML tables successfully acquired and loaded
[    0.186011] ACPI: _OSC evaluation for CPUs failed, trying _PDC
[    0.187161] ACPI: Interpreter enabled
[    0.187777] ACPI: PM: (supports S0 S3 S4 S5)
[    0.187989] ACPI: Using IOAPIC for interrupt routing
[    0.188806] PCI: Using host bridge windows from ACPI; if necessary, use "pci=nocrs" and report a bug
[    0.190989] PCI: Using E820 reservations for host bridge windows
[    0.192087] ACPI: Enabled 2 GPEs in block 00 to 0F
[    0.196200] ACPI: PCI Root Bridge [PCI0] (domain 0000 [bus 00-ff])
[    0.196993] acpi PNP0A03:00: _OSC: OS supports [ExtendedConfig ASPM ClockPM Segments MSI HPX-Type3]
[    0.198099] PCI host bridge to bus 0000:00
[    0.198772] pci_bus 0000:00: root bus resource [io  0x0000-0x0cf7 window]
[    0.199989] pci_bus 0000:00: root bus resource [io  0x0d00-0xffff window]
[    0.200989] pci_bus 0000:00: root bus resource [mem 0x000a0000-0x000bffff window]
[    0.201989] pci_bus 0000:00: root bus resource [mem 0x40000000-0xfebfffff window]
[    0.203989] pci_bus 0000:00: root bus resource [mem 0x100000000-0x17fffffff window]
[    0.204989] pci_bus 0000:00: root bus resource [bus 00-ff]
[    0.206004] pci 0000:00:00.0: [8086:1237] type 00 class 0x060000 conventional PCI endpoint
[    0.207299] pci 0000:00:01.0: [8086:7000] type 00 class 0x060100 conventional PCI endpoint
[    0.209382] pci 0000:00:01.1: [8086:7010] type 00 class 0x010180 conventional PCI endpoint
[    0.214342] pci 0000:00:01.1: BAR 4 [io  0xc0c0-0xc0cf]
[    0.216975] pci 0000:00:01.1: BAR 0 [io  0x01f0-0x01f7]: legacy IDE quirk
[    0.217989] pci 0000:00:01.1: BAR 1 [io  0x03f6]: legacy IDE quirk
[    0.218806] pci 0000:00:01.1: BAR 2 [io  0x0170-0x0177]: legacy IDE quirk
[    0.219989] pci 0000:00:01.1: BAR 3 [io  0x0376]: legacy IDE quirk
[    0.220916] pci 0000:00:01.3: [8086:7113] type 00 class 0x068000 conventional PCI endpoint
[    0.222235] pci 0000:00:01.3: quirk: [io  0x0600-0x063f] claimed by PIIX4 ACPI
[    0.222993] pci 0000:00:01.3: quirk: [io  0x0700-0x070f] claimed by PIIX4 SMB
[    0.224104] pci 0000:00:02.0: [1af4:1009] type 00 class 0x000200 conventional PCI endpoint
[    0.226989] pci 0000:00:02.0: BAR 0 [io  0xc000-0xc03f]
[    0.228746] pci 0000:00:02.0: BAR 1 [mem 0xfebfc000-0xfebfcfff]
[    0.233989] pci 0000:00:02.0: BAR 4 [mem 0xfebf0000-0xfebf3fff 64bit pref]
[    0.239631] pci 0000:00:03.0: [1af4:1009] type 00 class 0x000200 conventional PCI endpoint
[    0.241989] pci 0000:00:03.0: BAR 0 [io  0xc040-0xc07f]
[    0.243990] pci 0000:00:03.0: BAR 1 [mem 0xfebfd000-0xfebfdfff]
[    0.251618] pci 0000:00:03.0: BAR 4 [mem 0xfebf4000-0xfebf7fff 64bit pref]
[    0.254548] pci 0000:00:04.0: [8086:25ab] type 00 class 0x088000 conventional PCI endpoint
[    0.255549] pci 0000:00:04.0: BAR 0 [mem 0xfebfe000-0xfebfe00f]
[    0.260125] pci 0000:00:05.0: [1af4:1003] type 00 class 0x078000 conventional PCI endpoint
[    0.263989] pci 0000:00:05.0: BAR 0 [io  0xc080-0xc0bf]
[    0.265693] pci 0000:00:05.0: BAR 1 [mem 0xfebff000-0xfebfffff]
[    0.270989] pci 0000:00:05.0: BAR 4 [mem 0xfebf8000-0xfebfbfff 64bit pref]
[    0.275342] ACPI: PCI: Interrupt link LNKA configured for IRQ 10
[    0.276105] ACPI: PCI: Interrupt link LNKB configured for IRQ 10
[    0.277005] ACPI: PCI: Interrupt link LNKC configured for IRQ 11
[    0.277942] ACPI: PCI: Interrupt link LNKD configured for IRQ 11
[    0.279063] ACPI: PCI: Interrupt link LNKS configured for IRQ 9
[    0.280725] iommu: Default domain type: Translated
[    0.281989] iommu: DMA domain TLB invalidation policy: lazy mode
[    0.282827] SCSI subsystem initialized
[    0.283022] pps_core: LinuxPPS API ver. 1 registered
[    0.283662] pps_core: Software ver. 5.3.6 - Copyright 2005-2007 Rodolfo Giometti <giometti@linux.it>
[    0.284991] PTP clock support registered
[    0.286015] Advanced Linux Sound Architecture Driver Initialized.
[    0.286324] NET: Registered PF_ATMPVC protocol family
[    0.286977] NET: Registered PF_ATMSVC protocol family
[    0.287992] PCI: Using ACPI for IRQ routing
[    0.288631] vgaarb: loaded
[    0.289026] hpet0: at MMIO 0xfed00000, IRQs 2, 8, 0
[    0.289685] hpet0: 3 comparators, 64-bit 100.000000 MHz counter
[    0.294686] clocksource: Switched to clocksource kvm-clock
[    0.295518] VFS: Disk quotas dquot_6.6.0
[    0.296059] VFS: Dquot-cache hash table entries: 512 (order 0, 4096 bytes)
[    0.297012] pnp: PnP ACPI init
[    0.297628] pnp: PnP ACPI: found 5 devices
[    0.303503] clocksource: acpi_pm: mask: 0xffffff max_cycles: 0xffffff, max_idle_ns: 2085701024 ns
[    0.304697] NET: Registered PF_INET protocol family
[    0.305453] IP idents hash table entries: 16384 (order: 5, 131072 bytes, linear)
[    0.306598] tcp_listen_portaddr_hash hash table entries: 512 (order: 1, 8192 bytes, linear)
[    0.307721] Table-perturb hash table entries: 65536 (order: 6, 262144 bytes, linear)
[    0.308744] TCP established hash table entries: 8192 (order: 4, 65536 bytes, linear)
[    0.309769] TCP bind hash table entries: 8192 (order: 6, 262144 bytes, linear)
[    0.310716] TCP: Hash tables configured (established 8192 bind 8192)
[    0.311585] UDP hash table entries: 512 (order: 2, 16384 bytes, linear)
[    0.312459] UDP-Lite hash table entries: 512 (order: 2, 16384 bytes, linear)
[    0.313417] NET: Registered PF_UNIX/PF_LOCAL protocol family
[    0.314179] pci_bus 0000:00: resource 4 [io  0x0000-0x0cf7 window]
[    0.315009] pci_bus 0000:00: resource 5 [io  0x0d00-0xffff window]
[    0.315827] pci_bus 0000:00: resource 6 [mem 0x000a0000-0x000bffff window]
[    0.316726] pci_bus 0000:00: resource 7 [mem 0x40000000-0xfebfffff window]
[    0.317628] pci_bus 0000:00: resource 8 [mem 0x100000000-0x17fffffff window]
[    0.318594] pci 0000:00:01.0: PIIX3: Enabling Passive Release
[    0.319374] pci 0000:00:00.0: Limiting direct PCI/PCI transfers
[    0.320186] PCI: CLS 0 bytes, default 64
[    0.320762] kvm_intel: VMX not supported by CPU 28
[    0.321408] kvm_amd: TSC scaling supported
[    0.322012] kvm_amd: Nested Virtualization enabled
[    0.322808] kvm_amd: Nested Paging enabled
[    0.323494] kvm_amd: LBR virtualization supported
[    0.324516] kvm_amd: Virtual VMLOAD VMSAVE supported
[    0.325335] kvm_amd: Virtual GIF supported
[    0.326012] kvm_amd: Virtual NMI enabled
[    0.423207] Initialise system trusted keyrings
[    0.424040] workingset: timestamp_bits=56 max_order=18 bucket_order=0
[    0.425118] squashfs: version 4.0 (2009/01/31) Phillip Lougher
[    0.426078] fuse: init (API version 7.40)
[    0.426761] 9p: Installing v9fs 9p2000 file system support
[    0.436422] Key type asymmetric registered
[    0.437101] Asymmetric key parser 'x509' registered
[    0.437919] Block layer SCSI generic (bsg) driver version 0.4 loaded (major 249)
[    0.439140] io scheduler mq-deadline registered
[    0.439887] io scheduler kyber registered
[    0.441734] input: Power Button as /devices/LNXSYSTM:00/LNXPWRBN:00/input/input0
[    0.443046] ACPI: button: Power Button [PWRF]
[    0.443806] Warning: Processor Platform Limit event detected, but not handled.
[    0.444987] Consider compiling CPUfreq support into your kernel.
[    0.466238] ACPI: \_SB_.LNKB: Enabled at IRQ 10
[    0.487018] ACPI: \_SB_.LNKC: Enabled at IRQ 11
[    0.506631] ACPI: \_SB_.LNKA: Enabled at IRQ 10
[    0.507847] Serial: 8250/16550 driver, 4 ports, IRQ sharing enabled
[    0.508874] 00:03: ttyS0 at I/O 0x3f8 (irq = 4, base_baud = 115200) is a 16550A
[    0.559928] Non-volatile memory driver v1.3
[    0.560667] Linux agpgart interface v0.103
[    0.561393] printk: legacy console [hvc0] enabled
[    0.561458] ACPI: bus type drm_connector registered
[    0.562209] printk: legacy bootconsole [earlyser0] disabled
          _      _                                    
   __   _(_)_ __| |_ _ __ ___   ___       _ __   __ _ 
   \ \ / / |  __| __|  _   _ \ / _ \_____|  _ \ / _  |
    \ V /| | |  | |_| | | | | |  __/_____| | | | (_| |
     \_/ |_|_|   \__|_| |_| |_|\___|     |_| |_|\__  |
                                                |___/ 
   kernel version: 6.10.0-rc5-virtme x86_64
   (CTRL+d to exit)

virtme-ng:/nipa-data/kernel# PS1='xx__-> '
xx__-> env
PWD=/nipa-data/kernel
nr_open=1048576
HOME=/root
TERM=xterm
SHLVL=2
XDG_RUNTIME_DIR=/run/user/0
PATH=/bin:/sbin:/usr/bin:/usr/sbin:/usr/local/bin
OLDPWD=/
_=/usr/bin/env
xx__-> 