No EFI environment detected.
early console in extract_kernel
input_data: 0x0000000002be42c4
input_len: 0x0000000000b5bad4
output: 0x0000000001000000
output_len: 0x00000000026f82ac
kernel_total_size: 0x0000000002430000
needed_size: 0x0000000002800000
trampoline_32bit: 0x000000000009d000
Physical KASLR using RDRAND RDTSC...
Virtual KASLR using RDRAND RDTSC...

Decompressing Linux... Parsing ELF... Performing relocations... done.
Booting the kernel (entry_offset: 0x0000000000000000).
[    0.000000] Linux version 6.11.0-virtme (root@afba29d1c75d) (gcc (Ubuntu 13.2.0-23ubuntu4) 13.2.0, GNU ld (GNU Binutils for Ubuntu) 2.42) #1 SMP PREEMPT_DYNAMIC Sat Sep 21 18:07:17 UTC 2024
[    0.000000] Command line: virtme_hostname=virtme-ng nr_open=1048576 virtme_link_mods=/nipa-data/kernel/.virtme_mods/lib/modules/0.0.0 virtme_initmount0=nipa-data/kernel virtme_rw_overlay0=/etc virtme_rw_overlay1=/lib virtme_rw_overlay2=/home virtme_rw_overlay3=/opt virtme_rw_overlay4=/srv virtme_rw_overlay5=/usr virtme_rw_overlay6=/var console=hvc0 earlyprintk=serial,ttyS0,115200 virtme_console=ttyS0 psmouse.proto=exps TERM=xterm virtme_chdir=nipa-data/kernel virtme_root_user=1 rootfstype=9p rootflags=version=9p2000.L,trans=virtio,access=any raid=noautodetect ro init=/usr/lib/python3/dist-packages/virtme/guest/virtme-init
[    0.000000] x86/split lock detection: #DB: warning on user-space bus_locks
[    0.000000] BIOS-provided physical RAM map:
[    0.000000] BIOS-e820: [mem 0x0000000000000000-0x000000000009fbff] usable
[    0.000000] BIOS-e820: [mem 0x000000000009fc00-0x000000000009ffff] reserved
[    0.000000] BIOS-e820: [mem 0x00000000000f0000-0x00000000000fffff] reserved
[    0.000000] BIOS-e820: [mem 0x0000000000100000-0x000000003ffdffff] usable
[    0.000000] BIOS-e820: [mem 0x000000003ffe0000-0x000000003fffffff] reserved
[    0.000000] BIOS-e820: [mem 0x00000000feffc000-0x00000000feffffff] reserved
[    0.000000] BIOS-e820: [mem 0x00000000fffc0000-0x00000000ffffffff] reserved
[    0.000000] printk: legacy bootconsole [earlyser0] enabled
[    0.000000] NX (Execute Disable) protection: active
[    0.000000] APIC: Static calls initialized
[    0.000000] SMBIOS 3.0.0 present.
[    0.000000] DMI: QEMU Ubuntu 24.04 PC (i440FX + PIIX, 1996), BIOS 1.16.3-debian-1.16.3-2 04/01/2014
[    0.000000] DMI: Memory slots populated: 1/1
[    0.000000] Hypervisor detected: KVM
[    0.000000] kvm-clock: Using msrs 4b564d01 and 4b564d00
[    0.000001] kvm-clock: using sched offset of 967769024 cycles
[    0.000761] clocksource: kvm-clock: mask: 0xffffffffffffffff max_cycles: 0x1cd42e4dffb, max_idle_ns: 881590591483 ns
[    0.003130] tsc: Detected 2000.000 MHz processor
[    0.004254] last_pfn = 0x3ffe0 max_arch_pfn = 0x10000000000
[    0.005127] MTRR map: 4 entries (3 fixed + 1 variable; max 19), built from 8 variable MTRRs
[    0.006343] x86/PAT: Configuration [0-7]: WB  WC  UC- UC  WB  WP  UC- WT  
Memory KASLR using RDRAND RDTSC...
[    0.015759] found SMP MP-table at [mem 0x000f5470-0x000f547f]
[    0.016609] Using GB pages for direct mapping
[    0.017306] ACPI: Early table checksum verification disabled
[    0.018134] ACPI: RSDP 0x00000000000F5290 000014 (v00 BOCHS )
[    0.018980] ACPI: RSDT 0x000000003FFE308E 000034 (v01 BOCHS  BXPC     00000001 BXPC 00000001)
[    0.020224] ACPI: FACP 0x000000003FFE2D8A 000074 (v01 BOCHS  BXPC     00000001 BXPC 00000001)
[    0.021464] ACPI: DSDT 0x000000003FFE0040 002D4A (v01 BOCHS  BXPC     00000001 BXPC 00000001)
[    0.022707] ACPI: FACS 0x000000003FFE0000 000040
[    0.023380] ACPI: APIC 0x000000003FFE2DFE 000230 (v03 BOCHS  BXPC     00000001 BXPC 00000001)
[    0.024619] ACPI: HPET 0x000000003FFE302E 000038 (v01 BOCHS  BXPC     00000001 BXPC 00000001)
[    0.025859] ACPI: WAET 0x000000003FFE3066 000028 (v01 BOCHS  BXPC     00000001 BXPC 00000001)
[    0.027102] ACPI: Reserving FACP table memory at [mem 0x3ffe2d8a-0x3ffe2dfd]
[    0.028125] ACPI: Reserving DSDT table memory at [mem 0x3ffe0040-0x3ffe2d89]
[    0.029157] ACPI: Reserving FACS table memory at [mem 0x3ffe0000-0x3ffe003f]
[    0.030179] ACPI: Reserving APIC table memory at [mem 0x3ffe2dfe-0x3ffe302d]
[    0.031206] ACPI: Reserving HPET table memory at [mem 0x3ffe302e-0x3ffe3065]
[    0.032228] ACPI: Reserving WAET table memory at [mem 0x3ffe3066-0x3ffe308d]
[    0.033603] No NUMA configuration found
[    0.034160] Faking a node at [mem 0x0000000000000000-0x000000003ffdffff]
[    0.035141] NODE_DATA(0) allocated [mem 0x3ffdb000-0x3ffdffff]
[    0.036111] Zone ranges:
[    0.036481]   DMA      [mem 0x0000000000001000-0x0000000000ffffff]
[    0.037380]   DMA32    [mem 0x0000000001000000-0x000000003ffdffff]
[    0.038278]   Normal   empty
[    0.038701]   Device   empty
[    0.039120] Movable zone start for each node
[    0.039741] Early memory node ranges
[    0.040261]   node   0: [mem 0x0000000000001000-0x000000000009efff]
[    0.041174]   node   0: [mem 0x0000000000100000-0x000000003ffdffff]
[    0.042084] Initmem setup node 0 [mem 0x0000000000001000-0x000000003ffdffff]
[    0.043116] On node 0, zone DMA: 1 pages in unavailable ranges
[    0.043996] On node 0, zone DMA: 97 pages in unavailable ranges
[    0.048466] On node 0, zone DMA32: 32 pages in unavailable ranges
[    0.049901] ACPI: PM-Timer IO Port: 0x608
[    0.050507] ACPI: LAPIC_NMI (acpi_id[0xff] dfl dfl lint[0x1])
[    0.051404] IOAPIC[0]: apic_id 0, version 17, address 0xfec00000, GSI 0-23
[    0.052406] ACPI: INT_SRC_OVR (bus 0 bus_irq 0 global_irq 2 dfl dfl)
[    0.053331] ACPI: INT_SRC_OVR (bus 0 bus_irq 5 global_irq 5 high level)
[    0.054296] ACPI: INT_SRC_OVR (bus 0 bus_irq 9 global_irq 9 high level)
[    0.055262] ACPI: INT_SRC_OVR (bus 0 bus_irq 10 global_irq 10 high level)
[    0.056250] ACPI: INT_SRC_OVR (bus 0 bus_irq 11 global_irq 11 high level)
[    0.057241] ACPI: Using ACPI (MADT) for SMP configuration information
[    0.058176] ACPI: HPET id: 0x8086a201 base: 0xfed00000
[    0.058932] TSC deadline timer available
[    0.059506] CPU topo: Max. logical packages:   1
[    0.060188] CPU topo: Max. logical dies:       1
[    0.060857] CPU topo: Max. dies per package:   1
[    0.061531] CPU topo: Max. threads per core:   1
[    0.062203] CPU topo: Num. cores per package:    56
[    0.062917] CPU topo: Num. threads per package:  56
[    0.063626] CPU topo: Allowing 56 present CPUs plus 0 hotplug CPUs
[    0.064547] kvm-guest: APIC: eoi() replaced with kvm_guest_apic_eoi_write()
[    0.065577] kvm-guest: KVM setup pv remote TLB flush
[    0.066305] kvm-guest: setup PV sched yield
[    0.066922] PM: hibernation: Registered nosave memory: [mem 0x00000000-0x00000fff]
[    0.068022] PM: hibernation: Registered nosave memory: [mem 0x0009f000-0x0009ffff]
[    0.069121] PM: hibernation: Registered nosave memory: [mem 0x000a0000-0x000effff]
[    0.070219] PM: hibernation: Registered nosave memory: [mem 0x000f0000-0x000fffff]
[    0.071323] [mem 0x40000000-0xfeffbfff] available for PCI devices
[    0.072208] Booting paravirtualized kernel on KVM
[    0.072895] clocksource: refined-jiffies: mask: 0xffffffff max_cycles: 0xffffffff, max_idle_ns: 1910969940391419 ns
[    0.082033] setup_percpu: NR_CPUS:64 nr_cpumask_bits:56 nr_cpu_ids:56 nr_node_ids:1
[    0.087865] percpu: Embedded 58 pages/cpu s198360 r8192 d31016 u262144
[    0.088934] Kernel command line: virtme_hostname=virtme-ng nr_open=1048576 virtme_link_mods=/nipa-data/kernel/.virtme_mods/lib/modules/0.0.0 virtme_initmount0=nipa-data/kernel virtme_rw_overlay0=/etc virtme_rw_overlay1=/lib virtme_rw_overlay2=/home virtme_rw_overlay3=/opt virtme_rw_overlay4=/srv virtme_rw_overlay5=/usr virtme_rw_overlay6=/var console=hvc0 earlyprintk=serial,ttyS0,115200 virtme_console=ttyS0 psmouse.proto=exps TERM=xterm virtme_chdir=nipa-data/kernel virtme_root_user=1 rootfstype=9p rootflags=version=9p2000.L,trans=virtio,access=any raid=noautodetect ro init=/usr/lib/python3/dist-packages/virtme/guest/virtme-init
[    0.097361] Unknown kernel command line parameters "virtme_hostname=virtme-ng nr_open=1048576 virtme_link_mods=/nipa-data/kernel/.virtme_mods/lib/modules/0.0.0 virtme_initmount0=nipa-data/kernel virtme_rw_overlay0=/etc virtme_rw_overlay1=/lib virtme_rw_overlay2=/home virtme_rw_overlay3=/opt virtme_rw_overlay4=/srv virtme_rw_overlay5=/usr virtme_rw_overlay6=/var virtme_console=ttyS0 virtme_chdir=nipa-data/kernel virtme_root_user=1", will be passed to user space.
[    0.103481] random: crng init done
[    0.103984] printk: log_buf_len individual max cpu contribution: 4096 bytes
[    0.105011] printk: log_buf_len total cpu_extra contributions: 225280 bytes
[    0.106038] printk: log_buf_len min size: 262144 bytes
[    0.107423] printk: log_buf_len: 524288 bytes
[    0.108088] printk: early log buf free: 254024(96%)
[    0.109232] Dentry cache hash table entries: 131072 (order: 8, 1048576 bytes, linear)
[    0.110437] Inode-cache hash table entries: 65536 (order: 7, 524288 bytes, linear)
[    0.112460] Fallback order for Node 0: 0 
[    0.112469] Built 1 zonelists, mobility grouping on.  Total pages: 262014
[    0.113988] Policy zone: DMA32
[    0.114415] mem auto-init: stack:all(zero), heap alloc:off, heap free:off
[    0.118974] SLUB: HWalign=64, Order=0-3, MinObjects=0, CPUs=56, Nodes=1
Poking KASLR using RDRAND RDTSC...
[    0.120427] ftrace: allocating 48267 entries in 189 pages
[    0.135296] ftrace: allocated 189 pages with 6 groups
[    0.137139] Dynamic Preempt: voluntary
[    0.138655] rcu: Preemptible hierarchical RCU implementation.
[    0.139476] rcu: RCU event tracing is enabled.
[    0.140108] rcu: RCU restricting CPUs from NR_CPUS=64 to nr_cpu_ids=56.
[    0.141045] Trampoline variant of Tasks RCU enabled.
[    0.141749] Rude variant of Tasks RCU enabled.
[    0.142380] Tracing variant of Tasks RCU enabled.
[    0.143054] rcu: RCU calculated value of scheduler-enlistment delay is 100 jiffies.
[    0.144124] rcu: Adjusting geometry for rcu_fanout_leaf=16, nr_cpu_ids=56
[    0.145122] RCU Tasks: Setting shift to 6 and lim to 1 rcu_task_cb_adjust=1.
[    0.146112] RCU Tasks Rude: Setting shift to 6 and lim to 1 rcu_task_cb_adjust=1.
[    0.147167] RCU Tasks Trace: Setting shift to 6 and lim to 1 rcu_task_cb_adjust=1.
[    0.151384] NR_IRQS: 4352, nr_irqs: 872, preallocated irqs: 16
[    0.152578] rcu: srcu_init: Setting srcu_struct sizes based on contention.
[    0.153839] Console: colour *CGA 80x25
[    0.154419] ACPI: Core revision 20240322
[    0.155145] clocksource: hpet: mask: 0xffffffff max_cycles: 0xffffffff, max_idle_ns: 19112604467 ns
[    0.156544] APIC: Switch to symmetric I/O mode setup
[    0.157421] APIC: Switched APIC routing to: physical flat
[    0.158521] kvm-guest: APIC: send_IPI_mask() replaced with kvm_send_ipi_mask()
[    0.159650] kvm-guest: APIC: send_IPI_mask_allbutself() replaced with kvm_send_ipi_mask_allbutself()
[    0.161007] kvm-guest: setup PV IPIs
[    0.163052] ..TIMER: vector=0x30 apic1=0 pin1=2 apic2=-1 pin2=-1
[    0.164952] clocksource: tsc-early: mask: 0xffffffffffffffff max_cycles: 0x39a85c9bff6, max_idle_ns: 881590591483 ns
[    0.167331] Calibrating delay loop (skipped) preset value.. 4000.00 BogoMIPS (lpj=2000000)
[    0.168545] x86/cpu: User Mode Instruction Prevention (UMIP) activated
[    0.169451] Last level iTLB entries: 4KB 0, 2MB 0, 4MB 0
[    0.170327] Last level dTLB entries: 4KB 0, 2MB 0, 4MB 0, 1GB 0
[    0.171343] Spectre V1 : Mitigation: usercopy/swapgs barriers and __user pointer sanitization
[    0.172337] Spectre V2 : Spectre BHI mitigation: SW BHB clearing on syscall and VM exit
[    0.173333] Spectre V2 : Mitigation: Enhanced / Automatic IBRS
[    0.174334] Spectre V2 : Spectre v2 / SpectreRSB mitigation: Filling RSB on context switch
[    0.175334] Spectre V2 : Spectre v2 / PBRSB-eIBRS: Retire a single CALL on VMEXIT
[    0.176339] Spectre V2 : mitigation: Enabling conditional Indirect Branch Prediction Barrier
[    0.177337] Speculative Store Bypass: Mitigation: Speculative Store Bypass disabled via prctl
[    0.178334] TAA: Mitigation: TSX disabled
[    0.179420] x86/fpu: Supporting XSAVE feature 0x001: 'x87 floating point registers'
[    0.180334] x86/fpu: Supporting XSAVE feature 0x002: 'SSE registers'
[    0.181334] x86/fpu: Supporting XSAVE feature 0x004: 'AVX registers'
[    0.182334] x86/fpu: Supporting XSAVE feature 0x020: 'AVX-512 opmask'
[    0.183334] x86/fpu: Supporting XSAVE feature 0x040: 'AVX-512 Hi256'
[    0.184334] x86/fpu: Supporting XSAVE feature 0x080: 'AVX-512 ZMM_Hi256'
[    0.185333] x86/fpu: Supporting XSAVE feature 0x200: 'Protection Keys User registers'
[    0.186333] x86/fpu: Supporting XSAVE feature 0x20000: 'AMX Tile config'
[    0.187333] x86/fpu: Supporting XSAVE feature 0x40000: 'AMX Tile data'
[    0.188334] x86/fpu: xstate_offset[2]:  576, xstate_sizes[2]:  256
[    0.189334] x86/fpu: xstate_offset[5]:  832, xstate_sizes[5]:   64
[    0.190333] x86/fpu: xstate_offset[6]:  896, xstate_sizes[6]:  512
[    0.191334] x86/fpu: xstate_offset[7]: 1408, xstate_sizes[7]: 1024
[    0.192334] x86/fpu: xstate_offset[9]: 2432, xstate_sizes[9]:    8
[    0.193334] x86/fpu: xstate_offset[17]: 2496, xstate_sizes[17]:   64
[    0.194334] x86/fpu: xstate_offset[18]: 2560, xstate_sizes[18]: 8192
[    0.195334] x86/fpu: Enabled xstate features 0x602e7, context size is 10752 bytes, using 'compacted' format.
[    0.224816] Freeing SMP alternatives memory: 40K
[    0.225330] pid_max: default: 57344 minimum: 448
[    0.226455] Mount-cache hash table entries: 2048 (order: 2, 16384 bytes, linear)
[    0.227338] Mountpoint-cache hash table entries: 2048 (order: 2, 16384 bytes, linear)
[    0.228844] smpboot: CPU0: Intel(R) Xeon(R) Platinum 8480+ (family: 0x6, model: 0x8f, stepping: 0x6)
[    0.229574] Performance Events: PEBS fmt0-, Sapphire Rapids events, full-width counters, Intel PMU driver.
[    0.230333] ... version:                2
[    0.231142] ... bit width:              48
[    0.231329] ... generic registers:      8
[    0.232151] ... value mask:             0000ffffffffffff
[    0.232329] ... max period:             00007fffffffffff
[    0.233329] ... fixed-purpose events:   3
[    0.234140] ... event mask:             00000007000000ff
[    0.234568] signal: max sigframe size: 11952
[    0.235356] rcu: Hierarchical SRCU implementation.
[    0.236329] rcu: Max phase no-delay instances is 400.
[    0.237363] Timer migration: 2 hierarchy levels; 8 children per group; 2 crossnode level
[    0.239400] smp: Bringing up secondary CPUs ...
[    0.240449] smpboot: x86: Booting SMP configuration:
[    0.241331] .... node  #0, CPUs:        #1  #2  #3  #4  #5  #6  #7  #8  #9 #10 #11 #12 #13 #14 #15 #16 #17 #18 #19 #20 #21 #22 #23 #24 #25 #26 #27 #28 #29 #30 #31 #32 #33 #34 #35 #36 #37 #38 #39 #40 #41 #42 #43 #44 #45 #46 #47 #48 #49 #50 #51 #52 #53 #54 #55
[    0.295335] smp: Brought up 1 node, 56 CPUs
[    0.297210] smpboot: Total of 56 processors activated (224000.00 BogoMIPS)
[    0.307376] Memory: 951180K/1048056K available (16384K kernel code, 2432K rwdata, 6236K rodata, 3104K init, 1932K bss, 72280K reserved, 0K cma-reserved)
[    0.308466] devtmpfs: initialized
[    0.309380] x86/mm: Memory block size: 128MB
[    0.311610] clocksource: jiffies: mask: 0xffffffff max_cycles: 0xffffffff, max_idle_ns: 1911260446275000 ns
[    0.312333] futex hash table entries: 16384 (order: 8, 1048576 bytes, linear)
[    0.313648] PM: RTC time: 18:07:56, date: 2024-09-21
[    0.316316] NET: Registered PF_NETLINK/PF_ROUTE protocol family
[    0.316531] thermal_sys: Registered thermal governor 'step_wise'
[    0.316533] thermal_sys: Registered thermal governor 'user_space'
[    0.317364] cpuidle: using governor menu
[    0.321213] PCI: Using configuration type 1 for base access
[    0.321429] kprobes: kprobe jump-optimization is enabled. All kprobes are optimized if possible.
[    0.364658] HugeTLB: registered 1.00 GiB page size, pre-allocated 0 pages
[    0.367338] HugeTLB: 16380 KiB vmemmap can be freed for a 1.00 GiB page
[    0.370334] HugeTLB: registered 2.00 MiB page size, pre-allocated 0 pages
[    0.373332] HugeTLB: 28 KiB vmemmap can be freed for a 2.00 MiB page
[    0.375438] ACPI: Added _OSI(Module Device)
[    0.375438] ACPI: Added _OSI(Processor Device)
[    0.376242] ACPI: Added _OSI(3.0 _SCP Extensions)
[    0.377329] ACPI: Added _OSI(Processor Aggregator Device)
[    0.379035] ACPI: 1 ACPI AML tables successfully acquired and loaded
[    0.382578] ACPI: Interpreter enabled
[    0.383340] ACPI: PM: (supports S0 S3 S4 S5)
[    0.384222] ACPI: Using IOAPIC for interrupt routing
[    0.385341] PCI: Using host bridge windows from ACPI; if necessary, use "pci=nocrs" and report a bug
[    0.387329] PCI: Using E820 reservations for host bridge windows
[    0.388447] ACPI: Enabled 2 GPEs in block 00 to 0F
[    0.392912] ACPI: PCI Root Bridge [PCI0] (domain 0000 [bus 00-ff])
[    0.394332] acpi PNP0A03:00: _OSC: OS supports [ASPM ClockPM Segments MSI HPX-Type3]
[    0.395329] acpi PNP0A03:00: _OSC: not requesting OS control; OS requires [ExtendedConfig ASPM ClockPM MSI]
[    0.397335] acpi PNP0A03:00: fail to add MMCONFIG information, can't access extended configuration space under this bridge
[    0.399437] PCI host bridge to bus 0000:00
[    0.400285] pci_bus 0000:00: root bus resource [io  0x0000-0x0cf7 window]
[    0.402329] pci_bus 0000:00: root bus resource [io  0x0d00-0xffff window]
[    0.403329] pci_bus 0000:00: root bus resource [mem 0x000a0000-0x000bffff window]
[    0.405329] pci_bus 0000:00: root bus resource [mem 0x40000000-0xfebfffff window]
[    0.406329] pci_bus 0000:00: root bus resource [mem 0x100000000-0x17fffffff window]
[    0.408329] pci_bus 0000:00: root bus resource [bus 00-ff]
[    0.409377] pci 0000:00:00.0: [8086:1237] type 00 class 0x060000 conventional PCI endpoint
[    0.411849] pci 0000:00:01.0: [8086:7000] type 00 class 0x060100 conventional PCI endpoint
[    0.414011] pci 0000:00:01.1: [8086:7010] type 00 class 0x010180 conventional PCI endpoint
[    0.418641] pci 0000:00:01.1: BAR 4 [io  0xc0c0-0xc0cf]
[    0.421656] pci 0000:00:01.1: BAR 0 [io  0x01f0-0x01f7]: legacy IDE quirk
[    0.423332] pci 0000:00:01.1: BAR 1 [io  0x03f6]: legacy IDE quirk
[    0.424329] pci 0000:00:01.1: BAR 2 [io  0x0170-0x0177]: legacy IDE quirk
[    0.426329] pci 0000:00:01.1: BAR 3 [io  0x0376]: legacy IDE quirk
[    0.427555] pci 0000:00:01.3: [8086:7113] type 00 class 0x068000 conventional PCI endpoint
[    0.429878] pci 0000:00:01.3: quirk: [io  0x0600-0x063f] claimed by PIIX4 ACPI
[    0.431338] pci 0000:00:01.3: quirk: [io  0x0700-0x070f] claimed by PIIX4 SMB
[    0.432688] pci 0000:00:02.0: [1af4:1009] type 00 class 0x000200 conventional PCI endpoint
[    0.435331] pci 0000:00:02.0: BAR 0 [io  0xc000-0xc03f]
[    0.437331] pci 0000:00:02.0: BAR 1 [mem 0xfebfc000-0xfebfcfff]
[    0.444331] pci 0000:00:02.0: BAR 4 [mem 0xfebf0000-0xfebf3fff 64bit pref]
[    0.450419] pci 0000:00:03.0: [1af4:1009] type 00 class 0x000200 conventional PCI endpoint
[    0.452268] pci 0000:00:03.0: BAR 0 [io  0xc040-0xc07f]
[    0.454225] pci 0000:00:03.0: BAR 1 [mem 0xfebfd000-0xfebfdfff]
[    0.459331] pci 0000:00:03.0: BAR 4 [mem 0xfebf4000-0xfebf7fff 64bit pref]
[    0.465239] pci 0000:00:04.0: [8086:25ab] type 00 class 0x088000 conventional PCI endpoint
[    0.466766] pci 0000:00:04.0: BAR 0 [mem 0xfebfe000-0xfebfe00f]
[    0.470643] pci 0000:00:05.0: [1af4:1003] type 00 class 0x078000 conventional PCI endpoint
[    0.473286] pci 0000:00:05.0: BAR 0 [io  0xc080-0xc0bf]
[    0.475085] pci 0000:00:05.0: BAR 1 [mem 0xfebff000-0xfebfffff]
[    0.478332] pci 0000:00:05.0: BAR 4 [mem 0xfebf8000-0xfebfbfff 64bit pref]
[    0.482346] ACPI: PCI: Interrupt link LNKA configured for IRQ 10
[    0.483326] ACPI: PCI: Interrupt link LNKB configured for IRQ 10
[    0.485453] ACPI: PCI: Interrupt link LNKC configured for IRQ 11
[    0.486447] ACPI: PCI: Interrupt link LNKD configured for IRQ 11
[    0.487413] ACPI: PCI: Interrupt link LNKS configured for IRQ 9
[    0.490105] iommu: Default domain type: Translated
[    0.491329] iommu: DMA domain TLB invalidation policy: lazy mode
[    0.492455] SCSI subsystem initialized
[    0.493383] pps_core: LinuxPPS API ver. 1 registered
[    0.494329] pps_core: Software ver. 5.3.6 - Copyright 2005-2007 Rodolfo Giometti <giometti@linux.it>
[    0.496330] PTP clock support registered
[    0.497384] Advanced Linux Sound Architecture Driver Initialized.
[    0.500713] NET: Registered PF_ATMPVC protocol family
[    0.501329] NET: Registered PF_ATMSVC protocol family
[    0.502332] PCI: Using ACPI for IRQ routing
[    0.503392] vgaarb: loaded
[    0.504488] hpet0: at MMIO 0xfed00000, IRQs 2, 8, 0
[    0.505326] hpet0: 3 comparators, 64-bit 100.000000 MHz counter
[    0.512396] clocksource: Switched to clocksource kvm-clock
[    0.513839] VFS: Disk quotas dquot_6.6.0
[    0.514653] VFS: Dquot-cache hash table entries: 512 (order 0, 4096 bytes)
[    0.516171] pnp: PnP ACPI init
[    0.518070] pnp: PnP ACPI: found 5 devices
[    0.527818] clocksource: acpi_pm: mask: 0xffffff max_cycles: 0xffffff, max_idle_ns: 2085701024 ns
[    0.529636] NET: Registered PF_INET protocol family
[    0.530660] IP idents hash table entries: 16384 (order: 5, 131072 bytes, linear)
[    0.532561] tcp_listen_portaddr_hash hash table entries: 512 (order: 1, 8192 bytes, linear)
[    0.534249] Table-perturb hash table entries: 65536 (order: 6, 262144 bytes, linear)
[    0.535803] TCP established hash table entries: 8192 (order: 4, 65536 bytes, linear)
[    0.537358] TCP bind hash table entries: 8192 (order: 6, 262144 bytes, linear)
[    0.538842] TCP: Hash tables configured (established 8192 bind 8192)
[    0.540173] UDP hash table entries: 512 (order: 2, 16384 bytes, linear)
[    0.541491] UDP-Lite hash table entries: 512 (order: 2, 16384 bytes, linear)
[    0.542961] NET: Registered PF_UNIX/PF_LOCAL protocol family
[    0.544097] pci_bus 0000:00: resource 4 [io  0x0000-0x0cf7 window]
[    0.545332] pci_bus 0000:00: resource 5 [io  0x0d00-0xffff window]
[    0.546563] pci_bus 0000:00: resource 6 [mem 0x000a0000-0x000bffff window]
[    0.547927] pci_bus 0000:00: resource 7 [mem 0x40000000-0xfebfffff window]
[    0.549292] pci_bus 0000:00: resource 8 [mem 0x100000000-0x17fffffff window]
[    0.550732] pci 0000:00:01.0: PIIX3: Enabling Passive Release
[    0.551887] pci 0000:00:00.0: Limiting direct PCI/PCI transfers
[    0.553147] PCI: CLS 0 bytes, default 64
[    0.568138] RAPL PMU: API unit is 2^-32 Joules, 1 fixed counters, 10737418240 ms ovfl timer
[    0.569803] RAPL PMU: hw unit of domain psys 2^-0 Joules
[    0.928554] kvm_amd: CPU 25 isn't AMD or Hygon
[    0.929450] clocksource: tsc: mask: 0xffffffffffffffff max_cycles: 0x39a85c9bff6, max_idle_ns: 881590591483 ns
[    1.029440] Initialise system trusted keyrings
[    1.031706] workingset: timestamp_bits=56 max_order=18 bucket_order=0
[    1.033404] squashfs: version 4.0 (2009/01/31) Phillip Lougher
[    1.034634] fuse: init (API version 7.40)
[    1.035958] 9p: Installing v9fs 9p2000 file system support
[    1.048445] Key type asymmetric registered
[    1.049286] Asymmetric key parser 'x509' registered
[    1.050297] Block layer SCSI generic (bsg) driver version 0.4 loaded (major 249)
[    1.051792] io scheduler mq-deadline registered
[    1.052697] io scheduler kyber registered
[    1.069706] input: Power Button as /devices/LNXSYSTM:00/LNXPWRBN:00/input/input0
[    1.071590] ACPI: button: Power Button [PWRF]
[    1.073560] Warning: Processor Platform Limit event detected, but not handled.
[    1.076574] Consider compiling CPUfreq support into your kernel.
[    1.115022] ACPI: \_SB_.LNKB: Enabled at IRQ 10
[    1.129255] ACPI: \_SB_.LNKC: Enabled at IRQ 11
[    1.143279] ACPI: \_SB_.LNKA: Enabled at IRQ 10
[    1.145623] Serial: 8250/16550 driver, 4 ports, IRQ sharing enabled
[    1.147078] 00:03: ttyS0 at I/O 0x3f8 (irq = 4, base_baud = 115200) is a 16550A
[    1.186376] Non-volatile memory driver v1.3
[    1.187355] Linux agpgart interface v0.103
[    1.188788] ACPI: bus type drm_connector registered
[    1.189819] printk: legacy console [hvc0] enabled
[    1.191603] printk: legacy bootconsole [earlyser0] disabled
          _      _                                    
   __   _(_)_ __| |_ _ __ ___   ___       _ __   __ _ 
   \ \ / / |  __| __|  _   _ \ / _ \_____|  _ \ / _  |
    \ V /| | |  | |_| | | | | |  __/_____| | | | (_| |
     \_/ |_|_|   \__|_| |_| |_|\___|     |_| |_|\__  |
                                                |___/ 
   kernel version: 6.11.0-virtme x86_64
   (CTRL+d to exit)

root@virtme-ng:/nipa-data/kernel# PS1='xx__-> '
xx__-> env
PWD=/nipa-data/kernel
nr_open=1048576
HOME=/
TERM=xterm
SHLVL=2
XDG_RUNTIME_DIR=/run/user/0
PATH=/bin:/sbin:/usr/bin:/usr/sbin:/usr/local/bin
OLDPWD=/
_=/bin/env
xx__-> 