No EFI environment detected.
early console in extract_kernel
input_data: 0x00000000029f72b9
input_len: 0x0000000000ad70e0
output: 0x0000000001000000
output_len: 0x00000000024888ac
kernel_total_size: 0x0000000002230000
needed_size: 0x0000000002600000
trampoline_32bit: 0x0000000000000000
Physical KASLR using RDRAND RDTSC...
Virtual KASLR using RDRAND RDTSC...

Decompressing Linux... Parsing ELF... Performing relocations... done.
Booting the kernel (entry_offset: 0x0000000000000000).
[    0.000000] Linux version 6.8.0-rc6-virtme (root@9080d5be883a) (gcc (Alpine 13.2.1_git20231014) 13.2.1 20231014, GNU ld (GNU Binutils) 2.42) #1 SMP PREEMPT_DYNAMIC Sun Mar  3 15:06:11 UTC 2024
[    0.000000] Command line: virtme_hostname=virtme-ng virtme_link_mods=/nipa-data/kernel/.virtme_mods/lib/modules/0.0.0 virtme_initmount0=nipa-data/kernel virtme_rw_overlay0=/etc virtme_rw_overlay1=/lib virtme_rw_overlay2=/home virtme_rw_overlay3=/opt virtme_rw_overlay4=/srv virtme_rw_overlay5=/usr virtme_rw_overlay6=/var earlyprintk=serial,ttyS0,115200 console=ttyS0 psmouse.proto=exps TERM=xterm virtme_chdir=nipa-data/kernel virtme_root_user=1 rootfstype=9p rootflags=version=9p2000.L,trans=virtio,access=any raid=noautodetect ro init=/usr/lib/python3.11/site-packages/virtme/guest/virtme-init
[    0.000000] BIOS-provided physical RAM map:
[    0.000000] BIOS-e820: [mem 0x0000000000000000-0x000000000009fbff] usable
[    0.000000] BIOS-e820: [mem 0x000000000009fc00-0x000000000009ffff] reserved
[    0.000000] BIOS-e820: [mem 0x00000000000f0000-0x00000000000fffff] reserved
[    0.000000] BIOS-e820: [mem 0x0000000000100000-0x000000003ffdffff] usable
[    0.000000] BIOS-e820: [mem 0x000000003ffe0000-0x000000003fffffff] reserved
[    0.000000] BIOS-e820: [mem 0x00000000feffc000-0x00000000feffffff] reserved
[    0.000000] BIOS-e820: [mem 0x00000000fffc0000-0x00000000ffffffff] reserved
[    0.000000] BIOS-e820: [mem 0x000000fd00000000-0x000000ffffffffff] reserved
[    0.000000] printk: legacy bootconsole [earlyser0] enabled
[    0.000000] NX (Execute Disable) protection: active
[    0.000000] APIC: Static calls initialized
[    0.000000] SMBIOS 3.0.0 present.
[    0.000000] DMI: QEMU Standard PC (i440FX + PIIX, 1996), BIOS rel-1.16.3-0-ga6ed6b701f0a-prebuilt.qemu.org 04/01/2014
[    0.000000] Hypervisor detected: KVM
[    0.000000] kvm-clock: Using msrs 4b564d01 and 4b564d00
[    0.000000] kvm-clock: using sched offset of 248711049 cycles
[    0.000393] clocksource: kvm-clock: mask: 0xffffffffffffffff max_cycles: 0x1cd42e4dffb, max_idle_ns: 881590591483 ns
[    0.001622] tsc: Detected 4491.536 MHz processor
[    0.002372] last_pfn = 0x3ffe0 max_arch_pfn = 0x400000000
[    0.002894] MTRR map: 4 entries (3 fixed + 1 variable; max 19), built from 8 variable MTRRs
[    0.003657] x86/PAT: Configuration [0-7]: WB  WC  UC- UC  WB  WP  UC- WT  
Memory KASLR using RDRAND RDTSC...
[    0.005978] found SMP MP-table at [mem 0x000f5470-0x000f547f]
[    0.006421] Using GB pages for direct mapping
[    0.006809] ACPI: Early table checksum verification disabled
[    0.007236] ACPI: RSDP 0x00000000000F5290 000014 (v00 BOCHS )
[    0.007671] ACPI: RSDT 0x000000003FFE27B6 000034 (v01 BOCHS  BXPC     00000001 BXPC 00000001)
[    0.008320] ACPI: FACP 0x000000003FFE2572 000074 (v01 BOCHS  BXPC     00000001 BXPC 00000001)
[    0.008976] ACPI: DSDT 0x000000003FFE0040 002532 (v01 BOCHS  BXPC     00000001 BXPC 00000001)
[    0.009622] ACPI: FACS 0x000000003FFE0000 000040
[    0.009978] ACPI: APIC 0x000000003FFE25E6 000170 (v03 BOCHS  BXPC     00000001 BXPC 00000001)
[    0.010621] ACPI: HPET 0x000000003FFE2756 000038 (v01 BOCHS  BXPC     00000001 BXPC 00000001)
[    0.011275] ACPI: WAET 0x000000003FFE278E 000028 (v01 BOCHS  BXPC     00000001 BXPC 00000001)
[    0.011922] ACPI: Reserving FACP table memory at [mem 0x3ffe2572-0x3ffe25e5]
[    0.012451] ACPI: Reserving DSDT table memory at [mem 0x3ffe0040-0x3ffe2571]
[    0.012993] ACPI: Reserving FACS table memory at [mem 0x3ffe0000-0x3ffe003f]
[    0.013523] ACPI: Reserving APIC table memory at [mem 0x3ffe25e6-0x3ffe2755]
[    0.014067] ACPI: Reserving HPET table memory at [mem 0x3ffe2756-0x3ffe278d]
[    0.014596] ACPI: Reserving WAET table memory at [mem 0x3ffe278e-0x3ffe27b5]
[    0.015286] No NUMA configuration found
[    0.015574] Faking a node at [mem 0x0000000000000000-0x000000003ffdffff]
[    0.016084] NODE_DATA(0) allocated [mem 0x3ffdb000-0x3ffdffff]
[    0.016532] Zone ranges:
[    0.016728]   DMA      [mem 0x0000000000001000-0x0000000000ffffff]
[    0.017203]   DMA32    [mem 0x0000000001000000-0x000000003ffdffff]
[    0.017671]   Normal   empty
[    0.017894]   Device   empty
[    0.018110] Movable zone start for each node
[    0.018431] Early memory node ranges
[    0.018699]   node   0: [mem 0x0000000000001000-0x000000000009efff]
[    0.019179]   node   0: [mem 0x0000000000100000-0x000000003ffdffff]
[    0.019651] Initmem setup node 0 [mem 0x0000000000001000-0x000000003ffdffff]
[    0.020187] On node 0, zone DMA: 1 pages in unavailable ranges
[    0.020639] On node 0, zone DMA: 97 pages in unavailable ranges
[    0.022104] On node 0, zone DMA32: 32 pages in unavailable ranges
[    0.022766] ACPI: PM-Timer IO Port: 0x608
[    0.023074] ACPI: LAPIC_NMI (acpi_id[0xff] dfl dfl lint[0x1])
[    0.023523] IOAPIC[0]: apic_id 0, version 17, address 0xfec00000, GSI 0-23
[    0.024051] ACPI: INT_SRC_OVR (bus 0 bus_irq 0 global_irq 2 dfl dfl)
[    0.024528] ACPI: INT_SRC_OVR (bus 0 bus_irq 5 global_irq 5 high level)
[    0.025035] ACPI: INT_SRC_OVR (bus 0 bus_irq 9 global_irq 9 high level)
[    0.025531] ACPI: INT_SRC_OVR (bus 0 bus_irq 10 global_irq 10 high level)
[    0.026055] ACPI: INT_SRC_OVR (bus 0 bus_irq 11 global_irq 11 high level)
[    0.026568] ACPI: Using ACPI (MADT) for SMP configuration information
[    0.027059] ACPI: HPET id: 0x8086a201 base: 0xfed00000
[    0.027447] TSC deadline timer available
[    0.027751] smpboot: Allowing 32 CPUs, 0 hotplug CPUs
[    0.028142] kvm-guest: APIC: eoi() replaced with kvm_guest_apic_eoi_write()
[    0.028674] kvm-guest: KVM setup pv remote TLB flush
[    0.029058] kvm-guest: setup PV sched yield
[    0.029376] PM: hibernation: Registered nosave memory: [mem 0x00000000-0x00000fff]
[    0.029959] PM: hibernation: Registered nosave memory: [mem 0x0009f000-0x0009ffff]
[    0.030529] PM: hibernation: Registered nosave memory: [mem 0x000a0000-0x000effff]
[    0.031108] PM: hibernation: Registered nosave memory: [mem 0x000f0000-0x000fffff]
[    0.031677] [mem 0x40000000-0xfeffbfff] available for PCI devices
[    0.032145] Booting paravirtualized kernel on KVM
[    0.032499] clocksource: refined-jiffies: mask: 0xffffffff max_cycles: 0xffffffff, max_idle_ns: 1910969940391419 ns
[    0.036163] setup_percpu: NR_CPUS:64 nr_cpumask_bits:32 nr_cpu_ids:32 nr_node_ids:1
[    0.037358] percpu: Embedded 56 pages/cpu s191784 r8192 d29400 u262144
[    0.037899] Kernel command line: virtme_hostname=virtme-ng virtme_link_mods=/nipa-data/kernel/.virtme_mods/lib/modules/0.0.0 virtme_initmount0=nipa-data/kernel virtme_rw_overlay0=/etc virtme_rw_overlay1=/lib virtme_rw_overlay2=/home virtme_rw_overlay3=/opt virtme_rw_overlay4=/srv virtme_rw_overlay5=/usr virtme_rw_overlay6=/var earlyprintk=serial,ttyS0,115200 console=ttyS0 psmouse.proto=exps TERM=xterm virtme_chdir=nipa-data/kernel virtme_root_user=1 rootfstype=9p rootflags=version=9p2000.L,trans=virtio,access=any raid=noautodetect ro init=/usr/lib/python3.11/site-packages/virtme/guest/virtme-init
[    0.042084] Unknown kernel command line parameters "virtme_hostname=virtme-ng virtme_link_mods=/nipa-data/kernel/.virtme_mods/lib/modules/0.0.0 virtme_initmount0=nipa-data/kernel virtme_rw_overlay0=/etc virtme_rw_overlay1=/lib virtme_rw_overlay2=/home virtme_rw_overlay3=/opt virtme_rw_overlay4=/srv virtme_rw_overlay5=/usr virtme_rw_overlay6=/var virtme_chdir=nipa-data/kernel virtme_root_user=1", will be passed to user space.
[    0.045349] random: crng init done
[    0.045645] Dentry cache hash table entries: 131072 (order: 8, 1048576 bytes, linear)
[    0.046273] Inode-cache hash table entries: 65536 (order: 7, 524288 bytes, linear)
[    0.046952] Fallback order for Node 0: 0 
[    0.046955] Built 1 zonelists, mobility grouping on.  Total pages: 257760
[    0.047795] Policy zone: DMA32
[    0.048029] mem auto-init: stack:all(zero), heap alloc:off, heap free:off
[    0.049316] Memory: 986868K/1048056K available (16384K kernel code, 2351K rwdata, 5936K rodata, 2988K init, 2336K bss, 60928K reserved, 0K cma-reserved)
[    0.050422] SLUB: HWalign=64, Order=0-3, MinObjects=0, CPUs=32, Nodes=1
Poking KASLR using RDRAND RDTSC...
[    0.051191] ftrace: allocating 46307 entries in 181 pages
[    0.058219] ftrace: allocated 181 pages with 5 groups
[    0.059225] Dynamic Preempt: voluntary
[    0.059668] rcu: Preemptible hierarchical RCU implementation.
[    0.060124] rcu: RCU event tracing is enabled.
[    0.060473] rcu: RCU restricting CPUs from NR_CPUS=64 to nr_cpu_ids=32.
[    0.061005] Trampoline variant of Tasks RCU enabled.
[    0.061395] Rude variant of Tasks RCU enabled.
[    0.061762] Tracing variant of Tasks RCU enabled.
[    0.062134] rcu: RCU calculated value of scheduler-enlistment delay is 100 jiffies.
[    0.062733] rcu: Adjusting geometry for rcu_fanout_leaf=16, nr_cpu_ids=32
[    0.064535] NR_IRQS: 4352, nr_irqs: 680, preallocated irqs: 16
[    0.065263] rcu: srcu_init: Setting srcu_struct sizes based on contention.
[    0.065943] Console: colour *CGA 80x25
[    0.066249] printk: legacy console [ttyS0] enabled
[    0.066249] printk: legacy console [ttyS0] enabled
[    0.066993] printk: legacy bootconsole [earlyser0] disabled
[    0.066993] printk: legacy bootconsole [earlyser0] disabled
[    0.067866] ACPI: Core revision 20230628
[    0.068245] clocksource: hpet: mask: 0xffffffff max_cycles: 0xffffffff, max_idle_ns: 19112604467 ns
[    0.069020] APIC: Switch to symmetric I/O mode setup
[    0.069421] APIC: Switched APIC routing to: physical flat
[    0.069857] kvm-guest: APIC: send_IPI_mask() replaced with kvm_send_ipi_mask()
[    0.070410] kvm-guest: APIC: send_IPI_mask_allbutself() replaced with kvm_send_ipi_mask_allbutself()
[    0.071121] kvm-guest: setup PV IPIs
[    0.072207] ..TIMER: vector=0x30 apic1=0 pin1=2 apic2=-1 pin2=-1
[    0.073056] tsc: Marking TSC unstable due to TSCs unsynchronized
[    0.073923] Calibrating delay loop (skipped) preset value.. 8983.07 BogoMIPS (lpj=4491536)
[    0.074980] x86/cpu: User Mode Instruction Prevention (UMIP) activated
[    0.075972] Last level iTLB entries: 4KB 512, 2MB 255, 4MB 127
[    0.076768] Last level dTLB entries: 4KB 512, 2MB 255, 4MB 127, 1GB 0
[    0.076923] Spectre V1 : Mitigation: usercopy/swapgs barriers and __user pointer sanitization
[    0.077924] Spectre V2 : Mitigation: Enhanced / Automatic IBRS
[    0.078920] Spectre V2 : Spectre v2 / SpectreRSB mitigation: Filling RSB on context switch
[    0.079921] Spectre V2 : mitigation: Enabling conditional Indirect Branch Prediction Barrier
[    0.080921] Speculative Store Bypass: Mitigation: Speculative Store Bypass disabled via prctl
[    0.081920] Speculative Return Stack Overflow: IBPB-extending microcode not applied!
[    0.082920] Speculative Return Stack Overflow: WARNING: See https://kernel.org/doc/html/latest/admin-guide/hw-vuln/srso.html for mitigation options.
[    0.082920] Speculative Return Stack Overflow: Vulnerable: Safe RET, no microcode
[    0.084935] x86/fpu: Supporting XSAVE feature 0x001: 'x87 floating point registers'
[    0.085920] x86/fpu: Supporting XSAVE feature 0x002: 'SSE registers'
[    0.086920] x86/fpu: Supporting XSAVE feature 0x004: 'AVX registers'
[    0.087770] x86/fpu: Supporting XSAVE feature 0x020: 'AVX-512 opmask'
[    0.087920] x86/fpu: Supporting XSAVE feature 0x040: 'AVX-512 Hi256'
[    0.088920] x86/fpu: Supporting XSAVE feature 0x080: 'AVX-512 ZMM_Hi256'
[    0.089920] x86/fpu: Supporting XSAVE feature 0x200: 'Protection Keys User registers'
[    0.090920] x86/fpu: xstate_offset[2]:  576, xstate_sizes[2]:  256
[    0.091920] x86/fpu: xstate_offset[5]:  832, xstate_sizes[5]:   64
[    0.092920] x86/fpu: xstate_offset[6]:  896, xstate_sizes[6]:  512
[    0.093920] x86/fpu: xstate_offset[7]: 1408, xstate_sizes[7]: 1024
[    0.094734] x86/fpu: xstate_offset[9]: 2432, xstate_sizes[9]:    8
[    0.094920] x86/fpu: Enabled xstate features 0x2e7, context size is 2440 bytes, using 'compacted' format.
[    0.110857] Freeing SMP alternatives memory: 40K
[    0.110921] pid_max: default: 32768 minimum: 301
[    0.111945] Mount-cache hash table entries: 2048 (order: 2, 16384 bytes, linear)
[    0.112921] Mountpoint-cache hash table entries: 2048 (order: 2, 16384 bytes, linear)
[    0.114070] smpboot: CPU0: AMD Ryzen 9 7950X 16-Core Processor (family: 0x19, model: 0x61, stepping: 0x2)
[    0.115009] RCU Tasks: Setting shift to 5 and lim to 1 rcu_task_cb_adjust=1.
[    0.115930] RCU Tasks Rude: Setting shift to 5 and lim to 1 rcu_task_cb_adjust=1.
[    0.116928] RCU Tasks Trace: Setting shift to 5 and lim to 1 rcu_task_cb_adjust=1.
[    0.117931] Performance Events: Fam17h+ core perfctr, AMD PMU driver.
[    0.118807] ... version:                0
[    0.118922] ... bit width:              48
[    0.119476] ... generic registers:      6
[    0.119921] ... value mask:             0000ffffffffffff
[    0.120629] ... max period:             00007fffffffffff
[    0.120922] ... fixed-purpose events:   0
[    0.121452] ... event mask:             000000000000003f
[    0.121992] signal: max sigframe size: 3376
[    0.122565] rcu: Hierarchical SRCU implementation.
[    0.122922] rcu: Max phase no-delay instances is 400.
[    0.125962] smp: Bringing up secondary CPUs ...
[    0.126630] smpboot: x86: Booting SMP configuration:
[    0.126923] .... node  #0, CPUs:        #1  #2  #3  #4  #5  #6  #7  #8  #9 #10 #11 #12 #13 #14 #15 #16 #17 #18 #19 #20 #21 #22 #23 #24 #25 #26 #27 #28 #29 #30 #31
[    0.143062] smp: Brought up 1 node, 32 CPUs
[    0.144467] smpboot: Max logical packages: 1
[    0.144922] smpboot: Total of 32 processors activated (287458.30 BogoMIPS)
[    0.149990] devtmpfs: initialized
[    0.150951] x86/mm: Memory block size: 128MB
[    0.152605] clocksource: jiffies: mask: 0xffffffff max_cycles: 0xffffffff, max_idle_ns: 1911260446275000 ns
[    0.152925] futex hash table entries: 8192 (order: 7, 524288 bytes, linear)
[    0.154094] PM: RTC time: 15:06:41, date: 2024-03-03
[    0.155296] NET: Registered PF_NETLINK/PF_ROUTE protocol family
[    0.156080] thermal_sys: Registered thermal governor 'step_wise'
[    0.156081] thermal_sys: Registered thermal governor 'user_space'
[    0.156955] cpuidle: using governor menu
[    0.159174] PCI: Using configuration type 1 for base access
[    0.159922] PCI: Using configuration type 1 for extended access
[    0.160972] kprobes: kprobe jump-optimization is enabled. All kprobes are optimized if possible.
[    0.181142] HugeTLB: registered 1.00 GiB page size, pre-allocated 0 pages
[    0.181922] HugeTLB: 16380 KiB vmemmap can be freed for a 1.00 GiB page
[    0.182771] HugeTLB: registered 2.00 MiB page size, pre-allocated 0 pages
[    0.183921] HugeTLB: 28 KiB vmemmap can be freed for a 2.00 MiB page
[    0.184969] ACPI: Added _OSI(Module Device)
[    0.185526] ACPI: Added _OSI(Processor Device)
[    0.185922] ACPI: Added _OSI(3.0 _SCP Extensions)
[    0.186531] ACPI: Added _OSI(Processor Aggregator Device)
[    0.188619] ACPI: 1 ACPI AML tables successfully acquired and loaded
[    0.189937] ACPI: _OSC evaluation for CPUs failed, trying _PDC
[    0.191085] ACPI: Interpreter enabled
[    0.191576] ACPI: PM: (supports S0 S3 S4 S5)
[    0.191922] ACPI: Using IOAPIC for interrupt routing
[    0.192577] PCI: Using host bridge windows from ACPI; if necessary, use "pci=nocrs" and report a bug
[    0.193921] PCI: Using E820 reservations for host bridge windows
[    0.194780] ACPI: Enabled 2 GPEs in block 00 to 0F
[    0.197466] ACPI: PCI Root Bridge [PCI0] (domain 0000 [bus 00-ff])
[    0.198924] acpi PNP0A03:00: _OSC: OS supports [ExtendedConfig ASPM ClockPM Segments MSI HPX-Type3]
[    0.200007] PCI host bridge to bus 0000:00
[    0.200547] pci_bus 0000:00: root bus resource [io  0x0000-0x0cf7 window]
[    0.200922] pci_bus 0000:00: root bus resource [io  0x0d00-0xffff window]
[    0.201786] pci_bus 0000:00: root bus resource [mem 0x000a0000-0x000bffff window]
[    0.202922] pci_bus 0000:00: root bus resource [mem 0x40000000-0xfebfffff window]
[    0.203883] pci_bus 0000:00: root bus resource [mem 0x100000000-0x17fffffff window]
[    0.204922] pci_bus 0000:00: root bus resource [bus 00-ff]
[    0.205720] pci 0000:00:00.0: [8086:1237] type 00 class 0x060000 conventional PCI endpoint
[    0.207166] pci 0000:00:01.0: [8086:7000] type 00 class 0x060100 conventional PCI endpoint
[    0.208242] pci 0000:00:01.1: [8086:7010] type 00 class 0x010180 conventional PCI endpoint
[    0.211922] pci 0000:00:01.1: BAR 4 [io  0xc080-0xc08f]
[    0.213369] pci 0000:00:01.1: BAR 0 [io  0x01f0-0x01f7]: legacy IDE quirk
[    0.213922] pci 0000:00:01.1: BAR 1 [io  0x03f6]: legacy IDE quirk
[    0.214709] pci 0000:00:01.1: BAR 2 [io  0x0170-0x0177]: legacy IDE quirk
[    0.215921] pci 0000:00:01.1: BAR 3 [io  0x0376]: legacy IDE quirk
[    0.216815] pci 0000:00:01.3: [8086:7113] type 00 class 0x068000 conventional PCI endpoint
[    0.218158] pci 0000:00:01.3: quirk: [io  0x0600-0x063f] claimed by PIIX4 ACPI
[    0.218925] pci 0000:00:01.3: quirk: [io  0x0700-0x070f] claimed by PIIX4 SMB
[    0.221090] pci 0000:00:02.0: [1af4:1009] type 00 class 0x000200 conventional PCI endpoint
[    0.222922] pci 0000:00:02.0: BAR 0 [io  0xc000-0xc03f]
[    0.225526] pci 0000:00:02.0: BAR 1 [mem 0xfebfd000-0xfebfdfff]
[    0.229922] pci 0000:00:02.0: BAR 4 [mem 0xfebf4000-0xfebf7fff 64bit pref]
[    0.232477] pci 0000:00:03.0: [1af4:1009] type 00 class 0x000200 conventional PCI endpoint
[    0.234922] pci 0000:00:03.0: BAR 0 [io  0xc040-0xc07f]
[    0.237519] pci 0000:00:03.0: BAR 1 [mem 0xfebfe000-0xfebfefff]
[    0.241922] pci 0000:00:03.0: BAR 4 [mem 0xfebf8000-0xfebfbfff 64bit pref]
[    0.244478] pci 0000:00:04.0: [8086:25ab] type 00 class 0x088000 conventional PCI endpoint
[    0.246405] pci 0000:00:04.0: BAR 0 [mem 0xfebff000-0xfebff00f]
[    0.249912] ACPI: PCI: Interrupt link LNKA configured for IRQ 10
[    0.251031] ACPI: PCI: Interrupt link LNKB configured for IRQ 10
[    0.251907] ACPI: PCI: Interrupt link LNKC configured for IRQ 11
[    0.253034] ACPI: PCI: Interrupt link LNKD configured for IRQ 11
[    0.253873] ACPI: PCI: Interrupt link LNKS configured for IRQ 9
[    0.255801] iommu: Default domain type: Translated
[    0.256922] iommu: DMA domain TLB invalidation policy: lazy mode
[    0.257742] SCSI subsystem initialized
[    0.257951] pps_core: LinuxPPS API ver. 1 registered
[    0.258595] pps_core: Software ver. 5.3.6 - Copyright 2005-2007 Rodolfo Giometti <giometti@linux.it>
[    0.259924] PTP clock support registered
[    0.260443] Advanced Linux Sound Architecture Driver Initialized.
[    0.261322] NET: Registered PF_ATMPVC protocol family
[    0.261922] NET: Registered PF_ATMSVC protocol family
[    0.262582] PCI: Using ACPI for IRQ routing
[    0.264001] vgaarb: loaded
[    0.264281] hpet0: at MMIO 0xfed00000, IRQs 2, 8, 0
[    0.264922] hpet0: 3 comparators, 64-bit 100.000000 MHz counter
[    0.269169] clocksource: Switched to clocksource kvm-clock
[    0.269950] VFS: Disk quotas dquot_6.6.0
[    0.270167] VFS: Dquot-cache hash table entries: 512 (order 0, 4096 bytes)
[    0.271437] pnp: PnP ACPI init
[    0.272060] pnp: PnP ACPI: found 5 devices
[    0.279528] clocksource: acpi_pm: mask: 0xffffff max_cycles: 0xffffff, max_idle_ns: 2085701024 ns
[    0.280714] NET: Registered PF_INET protocol family
[    0.281446] IP idents hash table entries: 16384 (order: 5, 131072 bytes, linear)
[    0.282742] tcp_listen_portaddr_hash hash table entries: 512 (order: 1, 8192 bytes, linear)
[    0.283829] Table-perturb hash table entries: 65536 (order: 6, 262144 bytes, linear)
[    0.284826] TCP established hash table entries: 8192 (order: 4, 65536 bytes, linear)
[    0.285822] TCP bind hash table entries: 8192 (order: 6, 262144 bytes, linear)
[    0.286754] TCP: Hash tables configured (established 8192 bind 8192)
[    0.287585] UDP hash table entries: 512 (order: 2, 16384 bytes, linear)
[    0.288468] UDP-Lite hash table entries: 512 (order: 2, 16384 bytes, linear)
[    0.289397] NET: Registered PF_UNIX/PF_LOCAL protocol family
[    0.290130] pci_bus 0000:00: resource 4 [io  0x0000-0x0cf7 window]
[    0.290920] pci_bus 0000:00: resource 5 [io  0x0d00-0xffff window]
[    0.291722] pci_bus 0000:00: resource 6 [mem 0x000a0000-0x000bffff window]
[    0.292604] pci_bus 0000:00: resource 7 [mem 0x40000000-0xfebfffff window]
[    0.293492] pci_bus 0000:00: resource 8 [mem 0x100000000-0x17fffffff window]
[    0.294419] pci 0000:00:01.0: PIIX3: Enabling Passive Release
[    0.295163] pci 0000:00:00.0: Limiting direct PCI/PCI transfers
[    0.295959] PCI: CLS 0 bytes, default 64
[    0.296492] kvm_intel: VMX not supported by CPU 19
[    0.297124] kvm_amd: TSC scaling supported
[    0.297648] kvm_amd: Nested Virtualization enabled
[    0.298263] kvm_amd: Nested Paging enabled
[    0.298818] kvm_amd: Virtual VMLOAD VMSAVE supported
[    0.299461] kvm_amd: Virtual GIF supported
[    0.299993] kvm_amd: Virtual NMI enabled
[    0.300501] kvm_amd: LBR virtualization supported
[    0.387810] workingset: timestamp_bits=56 max_order=18 bucket_order=0
[    0.388702] squashfs: version 4.0 (2009/01/31) Phillip Lougher
[    0.389477] fuse: init (API version 7.39)
[    0.390044] 9p: Installing v9fs 9p2000 file system support
[    0.390806] Key type asymmetric registered
[    0.391354] Block layer SCSI generic (bsg) driver version 0.4 loaded (major 249)
[    0.392340] io scheduler mq-deadline registered
[    0.392938] io scheduler kyber registered
[    0.394414] input: Power Button as /devices/LNXSYSTM:00/LNXPWRBN:00/input/input0
[    0.395472] ACPI: button: Power Button [PWRF]
[    0.396068] Warning: Processor Platform Limit event detected, but not handled.
[    0.397020] Consider compiling CPUfreq support into your kernel.
[    0.414713] ACPI: \_SB_.LNKB: Enabled at IRQ 10
[    0.432492] ACPI: \_SB_.LNKC: Enabled at IRQ 11
[    0.433793] Serial: 8250/16550 driver, 4 ports, IRQ sharing enabled
[    0.434724] 00:03: ttyS0 at I/O 0x3f8 (irq = 4, base_baud = 115200) is a 16550A
[    0.436112] Non-volatile memory driver v1.3
[    0.436666] Linux agpgart interface v0.103
[    0.437239] ACPI: bus type drm_connector registered
[    0.441830] loop: module loaded
[    0.442854] scsi host0: ata_piix
[    0.443415] scsi host1: ata_piix
[    0.443852] ata1: PATA max MWDMA2 cmd 0x1f0 ctl 0x3f6 bmdma 0xc080 irq 14 lpm-pol 0
[    0.444840] ata2: PATA max MWDMA2 cmd 0x170 ctl 0x376 bmdma 0xc088 irq 15 lpm-pol 0
[    0.446060] i8042: PNP: PS/2 Controller [PNP0303:KBD,PNP0f13:MOU] at 0x60,0x64 irq 1,12
[    0.447691] serio: i8042 KBD port at 0x60,0x64 irq 1
[    0.448336] serio: i8042 AUX port at 0x60,0x64 irq 12
[    0.449087] rtc_cmos 00:04: RTC can wake from S4
[    0.450119] input: AT Translated Set 2 keyboard as /devices/platform/i8042/serio0/input/input1
[    0.451349] rtc_cmos 00:04: registered as rtc0
[    0.452272] rtc_cmos 00:04: setting system clock to 2024-03-03T15:06:41 UTC (1709478401)
[    0.453820] rtc_cmos 00:04: alarms up to one day, y3k, 242 bytes nvram, hpet irqs
[    0.454732] input: ImExPS/2 Generic Explorer Mouse as /devices/platform/i8042/serio1/input/input3
[    0.455440] i6300ESB timer 0000:00:04.0: initialized. heartbeat=30 sec (nowayout=0)
[    0.457289] device-mapper: ioctl: 4.48.0-ioctl (2023-03-01) initialised: dm-devel@redhat.com
[    0.458578] NET: Registered PF_PACKET protocol family
[    0.459310] 9pnet: Installing 9P2000 support
[    0.460683] Key type dns_resolver registered
[    0.462765] IPI shorthand broadcast: enabled
[    0.465250] sched_clock: Marking stable (460001237, 5104101)->(479053120, -13947782)
[    0.466633] registered taskstats version 1
[    0.468096] PM:   Magic number: 0:860:132
[    0.468645] acpi device:07: hash matches
[    0.469174] printk: legacy console [netcon0] enabled
[    0.469812] netconsole: network logging started
[    0.470463] ALSA device list:
[    0.470853]   No soundcards found.
[    0.598358] ata2: found unknown device (class 0)
[    0.599553] ata2.00: ATAPI: QEMU DVD-ROM, 2.5+, max UDMA/100
[    0.601311] scsi 1:0:0:0: CD-ROM            QEMU     QEMU DVD-ROM     2.5+ PQ: 0 ANSI: 5
[    0.609485] scsi 1:0:0:0: Attached scsi generic sg0 type 5
[    0.610317] md: Skipping autodetection of RAID arrays. (raid=autodetect will force)
[    0.611199] 9pnet_virtio: no channels available for device 
[    0.612394] VFS: Mounted root (9p filesystem) readonly on device 0:19.
[    0.613268] devtmpfs: mounted
[    0.614396] Freeing unused kernel image (initmem) memory: 2988K
[    0.624109] Write protecting the kernel read-only data: 22528k
[    0.625091] Freeing unused kernel image (rodata/data gap) memory: 208K
[    0.654353] x86/mm: Checked W+X mappings: passed, no W+X pages found.
[    0.655082] Run /usr/lib/python3.11/site-packages/virtme/guest/virtme-init as init process
[    0.677121] mount (240) used greatest stack depth: 13480 bytes left
[    0.734907] mount (258) used greatest stack depth: 13064 bytes left
[    0.798200] virtme-init: basic initialization done
[    0.802611] virtme-init: udevd not found
[    0.816033] modprobe (316) used greatest stack depth: 12984 bytes left
[    0.844771] virtme-init: Setting hostname to virtme-ng...
[    0.853869] ip (333) used greatest stack depth: 12360 bytes left
          _      _                                    
   __   _(_)_ __| |_ _ __ ___   ___       _ __   __ _ 
   \ \ / / |  __| __|  _   _ \ / _ \_____|  _ \ / _  |
    \ V /| | |  | |_| | | | | |  __/_____| | | | (_| |
     \_/ |_|_|   \__|_| |_| |_|\___|     |_| |_|\__  |
                                                |___/ 
   kernel version: 6.8.0-rc6-virtme x86_64

virtme-ng:/nipa-data/kernel# PS1='xx__-> '
xx__-> env
PWD=/nipa-data/kernel
HOME=/
TERM=xterm
SHLVL=2
XDG_RUNTIME_DIR=/run/user/0
PATH=/bin:/sbin:/usr/bin:/usr/sbin:/usr/local/bin
OLDPWD=/
_=/usr/bin/env
xx__-> 