No EFI environment detected.
early console in extract_kernel
input_data: 0x00000000029ea2c4
input_len: 0x0000000000b2b6fa
output: 0x0000000001000000
output_len: 0x00000000024d0168
kernel_total_size: 0x0000000002230000
needed_size: 0x0000000002600000
trampoline_32bit: 0x0000000000000000
Physical KASLR using RDRAND RDTSC...
Virtual KASLR using RDRAND RDTSC...

Decompressing Linux... Parsing ELF... Performing relocations... done.
Booting the kernel (entry_offset: 0x0000000000000000).
[    0.000000] Linux version 6.9.0-virtme (root@fb602d1d82fd) (gcc (Alpine 13.2.1_git20240309) 13.2.1 20240309, GNU ld (GNU Binutils) 2.42) #1 SMP PREEMPT_DYNAMIC Fri May 17 12:06:21 UTC 2024
[    0.000000] Command line: virtme_hostname=virtme-ng nr_open=1048576 virtme_link_mods=/nipa-data/kernel/.virtme_mods/lib/modules/0.0.0 virtme_initmount0=nipa-data/kernel virtme_rw_overlay0=/etc virtme_rw_overlay1=/lib virtme_rw_overlay2=/home virtme_rw_overlay3=/opt virtme_rw_overlay4=/srv virtme_rw_overlay5=/usr virtme_rw_overlay6=/var console=hvc0 earlyprintk=serial,ttyS0,115200 virtme_console=ttyS0 psmouse.proto=exps TERM=xterm virtme_chdir=nipa-data/kernel virtme_root_user=1 rootfstype=9p rootflags=version=9p2000.L,trans=virtio,access=any raid=noautodetect ro init=/usr/lib/python3.12/site-packages/virtme/guest/virtme-init
[    0.000000] BIOS-provided physical RAM map:
[    0.000000] BIOS-e820: [mem 0x0000000000000000-0x000000000009fbff] usable
[    0.000000] BIOS-e820: [mem 0x000000000009fc00-0x000000000009ffff] reserved
[    0.000000] BIOS-e820: [mem 0x00000000000f0000-0x00000000000fffff] reserved
[    0.000000] BIOS-e820: [mem 0x0000000000100000-0x000000003ffdffff] usable
[    0.000000] BIOS-e820: [mem 0x000000003ffe0000-0x000000003fffffff] reserved
[    0.000000] BIOS-e820: [mem 0x00000000feffc000-0x00000000feffffff] reserved
[    0.000000] BIOS-e820: [mem 0x00000000fffc0000-0x00000000ffffffff] reserved
[    0.000000] BIOS-e820: [mem 0x000000fd00000000-0x000000ffffffffff] reserved
[    0.000000] printk: legacy bootconsole [earlyser0] enabled
[    0.000000] NX (Execute Disable) protection: active
[    0.000000] APIC: Static calls initialized
[    0.000000] SMBIOS 2.8 present.
[    0.000000] DMI: QEMU Standard PC (i440FX + PIIX, 1996), BIOS rel-1.16.3-0-ga6ed6b701f0a-prebuilt.qemu.org 04/01/2014
[    0.000000] Hypervisor detected: KVM
[    0.000000] kvm-clock: Using msrs 4b564d01 and 4b564d00
[    0.000000] kvm-clock: using sched offset of 249126543 cycles
[    0.000469] clocksource: kvm-clock: mask: 0xffffffffffffffff max_cycles: 0x1cd42e4dffb, max_idle_ns: 881590591483 ns
[    0.001918] tsc: Detected 4491.556 MHz processor
[    0.002687] last_pfn = 0x3ffe0 max_arch_pfn = 0x400000000
[    0.003195] MTRR map: 4 entries (3 fixed + 1 variable; max 19), built from 8 variable MTRRs
[    0.003941] x86/PAT: Configuration [0-7]: WB  WC  UC- UC  WB  WP  UC- WT  
Memory KASLR using RDRAND RDTSC...
[    0.006340] found SMP MP-table at [mem 0x000f5470-0x000f547f]
[    0.006858] Using GB pages for direct mapping
[    0.007308] ACPI: Early table checksum verification disabled
[    0.007821] ACPI: RSDP 0x00000000000F5290 000014 (v00 BOCHS )
[    0.008342] ACPI: RSDT 0x000000003FFE27BC 000034 (v01 BOCHS  BXPC     00000001 BXPC 00000001)
[    0.009105] ACPI: FACP 0x000000003FFE2578 000074 (v01 BOCHS  BXPC     00000001 BXPC 00000001)
[    0.009877] ACPI: DSDT 0x000000003FFE0040 002538 (v01 BOCHS  BXPC     00000001 BXPC 00000001)
[    0.010640] ACPI: FACS 0x000000003FFE0000 000040
[    0.011051] ACPI: APIC 0x000000003FFE25EC 000170 (v03 BOCHS  BXPC     00000001 BXPC 00000001)
[    0.011817] ACPI: HPET 0x000000003FFE275C 000038 (v01 BOCHS  BXPC     00000001 BXPC 00000001)
[    0.012579] ACPI: WAET 0x000000003FFE2794 000028 (v01 BOCHS  BXPC     00000001 BXPC 00000001)
[    0.013341] ACPI: Reserving FACP table memory at [mem 0x3ffe2578-0x3ffe25eb]
[    0.013969] ACPI: Reserving DSDT table memory at [mem 0x3ffe0040-0x3ffe2577]
[    0.014603] ACPI: Reserving FACS table memory at [mem 0x3ffe0000-0x3ffe003f]
[    0.015231] ACPI: Reserving APIC table memory at [mem 0x3ffe25ec-0x3ffe275b]
[    0.015864] ACPI: Reserving HPET table memory at [mem 0x3ffe275c-0x3ffe2793]
[    0.016495] ACPI: Reserving WAET table memory at [mem 0x3ffe2794-0x3ffe27bb]
[    0.017299] No NUMA configuration found
[    0.017643] Faking a node at [mem 0x0000000000000000-0x000000003ffdffff]
[    0.018248] NODE_DATA(0) allocated [mem 0x3ffdb000-0x3ffdffff]
[    0.018781] Zone ranges:
[    0.019006]   DMA      [mem 0x0000000000001000-0x0000000000ffffff]
[    0.019561]   DMA32    [mem 0x0000000001000000-0x000000003ffdffff]
[    0.020113]   Normal   empty
[    0.020371]   Device   empty
[    0.020628] Movable zone start for each node
[    0.021008] Early memory node ranges
[    0.021328]   node   0: [mem 0x0000000000001000-0x000000000009efff]
[    0.021887]   node   0: [mem 0x0000000000100000-0x000000003ffdffff]
[    0.022447] Initmem setup node 0 [mem 0x0000000000001000-0x000000003ffdffff]
[    0.023077] On node 0, zone DMA: 1 pages in unavailable ranges
[    0.023613] On node 0, zone DMA: 97 pages in unavailable ranges
[    0.025279] On node 0, zone DMA32: 32 pages in unavailable ranges
[    0.026072] ACPI: PM-Timer IO Port: 0x608
[    0.026435] ACPI: LAPIC_NMI (acpi_id[0xff] dfl dfl lint[0x1])
[    0.026967] IOAPIC[0]: apic_id 0, version 17, address 0xfec00000, GSI 0-23
[    0.027596] ACPI: INT_SRC_OVR (bus 0 bus_irq 0 global_irq 2 dfl dfl)
[    0.028166] ACPI: INT_SRC_OVR (bus 0 bus_irq 5 global_irq 5 high level)
[    0.028760] ACPI: INT_SRC_OVR (bus 0 bus_irq 9 global_irq 9 high level)
[    0.029355] ACPI: INT_SRC_OVR (bus 0 bus_irq 10 global_irq 10 high level)
[    0.029959] ACPI: INT_SRC_OVR (bus 0 bus_irq 11 global_irq 11 high level)
[    0.030566] ACPI: Using ACPI (MADT) for SMP configuration information
[    0.031139] ACPI: HPET id: 0x8086a201 base: 0xfed00000
[    0.031610] TSC deadline timer available
[    0.031965] CPU topo: Max. logical packages:   1
[    0.032384] CPU topo: Max. logical dies:       1
[    0.032796] CPU topo: Max. dies per package:   1
[    0.033211] CPU topo: Max. threads per core:   1
[    0.033623] CPU topo: Num. cores per package:    32
[    0.034058] CPU topo: Num. threads per package:  32
[    0.034493] CPU topo: Allowing 32 present CPUs plus 0 hotplug CPUs
[    0.035057] kvm-guest: APIC: eoi() replaced with kvm_guest_apic_eoi_write()
[    0.035693] kvm-guest: KVM setup pv remote TLB flush
[    0.036139] kvm-guest: setup PV sched yield
[    0.036517] PM: hibernation: Registered nosave memory: [mem 0x00000000-0x00000fff]
[    0.037194] PM: hibernation: Registered nosave memory: [mem 0x0009f000-0x0009ffff]
[    0.037868] PM: hibernation: Registered nosave memory: [mem 0x000a0000-0x000effff]
[    0.038545] PM: hibernation: Registered nosave memory: [mem 0x000f0000-0x000fffff]
[    0.039222] [mem 0x40000000-0xfeffbfff] available for PCI devices
[    0.039772] Booting paravirtualized kernel on KVM
[    0.040196] clocksource: refined-jiffies: mask: 0xffffffff max_cycles: 0xffffffff, max_idle_ns: 1910969940391419 ns
[    0.044135] setup_percpu: NR_CPUS:64 nr_cpumask_bits:32 nr_cpu_ids:32 nr_node_ids:1
[    0.045574] percpu: Embedded 58 pages/cpu s198952 r8192 d30424 u262144
[    0.046200] Kernel command line: virtme_hostname=virtme-ng nr_open=1048576 virtme_link_mods=/nipa-data/kernel/.virtme_mods/lib/modules/0.0.0 virtme_initmount0=nipa-data/kernel virtme_rw_overlay0=/etc virtme_rw_overlay1=/lib virtme_rw_overlay2=/home virtme_rw_overlay3=/opt virtme_rw_overlay4=/srv virtme_rw_overlay5=/usr virtme_rw_overlay6=/var console=hvc0 earlyprintk=serial,ttyS0,115200 virtme_console=ttyS0 psmouse.proto=exps TERM=xterm virtme_chdir=nipa-data/kernel virtme_root_user=1 rootfstype=9p rootflags=version=9p2000.L,trans=virtio,access=any raid=noautodetect ro init=/usr/lib/python3.12/site-packages/virtme/guest/virtme-init
[    0.051505] Unknown kernel command line parameters "virtme_hostname=virtme-ng nr_open=1048576 virtme_link_mods=/nipa-data/kernel/.virtme_mods/lib/modules/0.0.0 virtme_initmount0=nipa-data/kernel virtme_rw_overlay0=/etc virtme_rw_overlay1=/lib virtme_rw_overlay2=/home virtme_rw_overlay3=/opt virtme_rw_overlay4=/srv virtme_rw_overlay5=/usr virtme_rw_overlay6=/var virtme_console=ttyS0 virtme_chdir=nipa-data/kernel virtme_root_user=1", will be passed to user space.
[    0.055471] random: crng init done
[    0.055820] Dentry cache hash table entries: 131072 (order: 8, 1048576 bytes, linear)
[    0.056566] Inode-cache hash table entries: 65536 (order: 7, 524288 bytes, linear)
[    0.057364] Fallback order for Node 0: 0 
[    0.057367] Built 1 zonelists, mobility grouping on.  Total pages: 257760
[    0.058368] Policy zone: DMA32
[    0.058647] mem auto-init: stack:all(zero), heap alloc:off, heap free:off
[    0.060090] Memory: 986612K/1048056K available (16384K kernel code, 2412K rwdata, 6124K rodata, 3060K init, 2080K bss, 61184K reserved, 0K cma-reserved)
[    0.061378] SLUB: HWalign=64, Order=0-3, MinObjects=0, CPUs=32, Nodes=1
Poking KASLR using RDRAND RDTSC...
[    0.062298] ftrace: allocating 47651 entries in 187 pages
[    0.069702] ftrace: allocated 187 pages with 6 groups
[    0.070784] Dynamic Preempt: voluntary
[    0.071277] rcu: Preemptible hierarchical RCU implementation.
[    0.071812] rcu: RCU event tracing is enabled.
[    0.072227] rcu: RCU restricting CPUs from NR_CPUS=64 to nr_cpu_ids=32.
[    0.072843] Trampoline variant of Tasks RCU enabled.
[    0.073308] Rude variant of Tasks RCU enabled.
[    0.073724] Tracing variant of Tasks RCU enabled.
[    0.074164] rcu: RCU calculated value of scheduler-enlistment delay is 100 jiffies.
[    0.074868] rcu: Adjusting geometry for rcu_fanout_leaf=16, nr_cpu_ids=32
[    0.075500] RCU Tasks: Setting shift to 5 and lim to 1 rcu_task_cb_adjust=1.
[    0.076147] RCU Tasks Rude: Setting shift to 5 and lim to 1 rcu_task_cb_adjust=1.
[    0.076830] RCU Tasks Trace: Setting shift to 5 and lim to 1 rcu_task_cb_adjust=1.
[    0.079383] NR_IRQS: 4352, nr_irqs: 680, preallocated irqs: 16
[    0.080096] rcu: srcu_init: Setting srcu_struct sizes based on contention.
[    0.080885] Console: colour *CGA 80x25
[    0.081237] ACPI: Core revision 20240322
[    0.081683] clocksource: hpet: mask: 0xffffffff max_cycles: 0xffffffff, max_idle_ns: 19112604467 ns
[    0.082581] APIC: Switch to symmetric I/O mode setup
[    0.083048] APIC: Switched APIC routing to: physical flat
[    0.083550] kvm-guest: APIC: send_IPI_mask() replaced with kvm_send_ipi_mask()
[    0.084180] kvm-guest: APIC: send_IPI_mask_allbutself() replaced with kvm_send_ipi_mask_allbutself()
[    0.084989] kvm-guest: setup PV IPIs
[    0.086221] ..TIMER: vector=0x30 apic1=0 pin1=2 apic2=-1 pin2=-1
[    0.087254] tsc: Marking TSC unstable due to TSCs unsynchronized
[    0.088273] Calibrating delay loop (skipped) preset value.. 8983.11 BogoMIPS (lpj=4491556)
[    0.089343] x86/cpu: User Mode Instruction Prevention (UMIP) activated
[    0.090331] Last level iTLB entries: 4KB 512, 2MB 255, 4MB 127
[    0.091272] Last level dTLB entries: 4KB 512, 2MB 255, 4MB 127, 1GB 0
[    0.092277] Spectre V1 : Mitigation: usercopy/swapgs barriers and __user pointer sanitization
[    0.093276] Spectre V2 : Mitigation: Enhanced / Automatic IBRS
[    0.094272] Spectre V2 : Spectre v2 / SpectreRSB mitigation: Filling RSB on context switch
[    0.095273] Spectre V2 : mitigation: Enabling conditional Indirect Branch Prediction Barrier
[    0.096274] Speculative Store Bypass: Mitigation: Speculative Store Bypass disabled via prctl
[    0.097272] Speculative Return Stack Overflow: IBPB-extending microcode not applied!
[    0.098272] Speculative Return Stack Overflow: WARNING: See https://kernel.org/doc/html/latest/admin-guide/hw-vuln/srso.html for mitigation options.
[    0.098273] Speculative Return Stack Overflow: Vulnerable: Safe RET, no microcode
[    0.101277] x86/fpu: Supporting XSAVE feature 0x001: 'x87 floating point registers'
[    0.102272] x86/fpu: Supporting XSAVE feature 0x002: 'SSE registers'
[    0.103272] x86/fpu: Supporting XSAVE feature 0x004: 'AVX registers'
[    0.104277] x86/fpu: Supporting XSAVE feature 0x020: 'AVX-512 opmask'
[    0.105273] x86/fpu: Supporting XSAVE feature 0x040: 'AVX-512 Hi256'
[    0.106272] x86/fpu: Supporting XSAVE feature 0x080: 'AVX-512 ZMM_Hi256'
[    0.107272] x86/fpu: Supporting XSAVE feature 0x200: 'Protection Keys User registers'
[    0.108273] x86/fpu: xstate_offset[2]:  576, xstate_sizes[2]:  256
[    0.109272] x86/fpu: xstate_offset[5]:  832, xstate_sizes[5]:   64
[    0.110272] x86/fpu: xstate_offset[6]:  896, xstate_sizes[6]:  512
[    0.111272] x86/fpu: xstate_offset[7]: 1408, xstate_sizes[7]: 1024
[    0.112272] x86/fpu: xstate_offset[9]: 2432, xstate_sizes[9]:    8
[    0.113272] x86/fpu: Enabled xstate features 0x2e7, context size is 2440 bytes, using 'compacted' format.
[    0.132009] Freeing SMP alternatives memory: 40K
[    0.132273] pid_max: default: 32768 minimum: 301
[    0.133303] Mount-cache hash table entries: 2048 (order: 2, 16384 bytes, linear)
[    0.134274] Mountpoint-cache hash table entries: 2048 (order: 2, 16384 bytes, linear)
[    0.135448] smpboot: CPU0: AMD Ryzen 9 7950X 16-Core Processor (family: 0x19, model: 0x61, stepping: 0x2)
[    0.136425] Performance Events: Fam17h+ core perfctr, AMD PMU driver.
[    0.137276] ... version:                0
[    0.137830] ... bit width:              48
[    0.138274] ... generic registers:      6
[    0.138802] ... value mask:             0000ffffffffffff
[    0.139274] ... max period:             00007fffffffffff
[    0.139969] ... fixed-purpose events:   0
[    0.140273] ... event mask:             000000000000003f
[    0.141080] signal: max sigframe size: 3376
[    0.141293] rcu: Hierarchical SRCU implementation.
[    0.141936] rcu: Max phase no-delay instances is 400.
[    0.144552] smp: Bringing up secondary CPUs ...
[    0.145220] smpboot: x86: Booting SMP configuration:
[    0.145275] .... node  #0, CPUs:        #1  #2  #3  #4  #5  #6  #7  #8  #9 #10 #11 #12 #13 #14 #15 #16 #17 #18 #19 #20 #21 #22 #23 #24 #25 #26 #27 #28 #29 #30 #31
[    0.161422] smp: Brought up 1 node, 32 CPUs
[    0.162989] smpboot: Total of 32 processors activated (287459.58 BogoMIPS)
[    0.166350] devtmpfs: initialized
[    0.167305] x86/mm: Memory block size: 128MB
[    0.169017] clocksource: jiffies: mask: 0xffffffff max_cycles: 0xffffffff, max_idle_ns: 1911260446275000 ns
[    0.169277] futex hash table entries: 8192 (order: 7, 524288 bytes, linear)
[    0.170462] PM: RTC time: 12:06:50, date: 2024-05-17
[    0.171800] NET: Registered PF_NETLINK/PF_ROUTE protocol family
[    0.172442] thermal_sys: Registered thermal governor 'step_wise'
[    0.172443] thermal_sys: Registered thermal governor 'user_space'
[    0.173286] cpuidle: using governor menu
[    0.175536] PCI: Using configuration type 1 for base access
[    0.176278] PCI: Using configuration type 1 for extended access
[    0.177366] kprobes: kprobe jump-optimization is enabled. All kprobes are optimized if possible.
[    0.193963] HugeTLB: registered 1.00 GiB page size, pre-allocated 0 pages
[    0.194274] HugeTLB: 16380 KiB vmemmap can be freed for a 1.00 GiB page
[    0.195274] HugeTLB: registered 2.00 MiB page size, pre-allocated 0 pages
[    0.196274] HugeTLB: 28 KiB vmemmap can be freed for a 2.00 MiB page
[    0.197330] Demotion targets for Node 0: null
[    0.198122] ACPI: Added _OSI(Module Device)
[    0.198275] ACPI: Added _OSI(Processor Device)
[    0.199025] ACPI: Added _OSI(3.0 _SCP Extensions)
[    0.199274] ACPI: Added _OSI(Processor Aggregator Device)
[    0.201102] ACPI: 1 ACPI AML tables successfully acquired and loaded
[    0.202297] ACPI: _OSC evaluation for CPUs failed, trying _PDC
[    0.203451] ACPI: Interpreter enabled
[    0.204081] ACPI: PM: (supports S0 S3 S4 S5)
[    0.204274] ACPI: Using IOAPIC for interrupt routing
[    0.205119] PCI: Using host bridge windows from ACPI; if necessary, use "pci=nocrs" and report a bug
[    0.205274] PCI: Using E820 reservations for host bridge windows
[    0.206381] ACPI: Enabled 2 GPEs in block 00 to 0F
[    0.210467] ACPI: PCI Root Bridge [PCI0] (domain 0000 [bus 00-ff])
[    0.211277] acpi PNP0A03:00: _OSC: OS supports [ExtendedConfig ASPM ClockPM Segments MSI HPX-Type3]
[    0.212387] PCI host bridge to bus 0000:00
[    0.213072] pci_bus 0000:00: root bus resource [io  0x0000-0x0cf7 window]
[    0.213274] pci_bus 0000:00: root bus resource [io  0x0d00-0xffff window]
[    0.214274] pci_bus 0000:00: root bus resource [mem 0x000a0000-0x000bffff window]
[    0.215274] pci_bus 0000:00: root bus resource [mem 0x40000000-0xfebfffff window]
[    0.216274] pci_bus 0000:00: root bus resource [mem 0x100000000-0x17fffffff window]
[    0.217274] pci_bus 0000:00: root bus resource [bus 00-ff]
[    0.218294] pci 0000:00:00.0: [8086:1237] type 00 class 0x060000 conventional PCI endpoint
[    0.219593] pci 0000:00:01.0: [8086:7000] type 00 class 0x060100 conventional PCI endpoint
[    0.220675] pci 0000:00:01.1: [8086:7010] type 00 class 0x010180 conventional PCI endpoint
[    0.224649] pci 0000:00:01.1: BAR 4 [io  0xc0c0-0xc0cf]
[    0.226290] pci 0000:00:01.1: BAR 0 [io  0x01f0-0x01f7]: legacy IDE quirk
[    0.227274] pci 0000:00:01.1: BAR 1 [io  0x03f6]: legacy IDE quirk
[    0.228274] pci 0000:00:01.1: BAR 2 [io  0x0170-0x0177]: legacy IDE quirk
[    0.229274] pci 0000:00:01.1: BAR 3 [io  0x0376]: legacy IDE quirk
[    0.230391] pci 0000:00:01.3: [8086:7113] type 00 class 0x068000 conventional PCI endpoint
[    0.231581] pci 0000:00:01.3: quirk: [io  0x0600-0x063f] claimed by PIIX4 ACPI
[    0.232279] pci 0000:00:01.3: quirk: [io  0x0700-0x070f] claimed by PIIX4 SMB
[    0.233483] pci 0000:00:02.0: [1af4:1009] type 00 class 0x000200 conventional PCI endpoint
[    0.236275] pci 0000:00:02.0: BAR 0 [io  0xc000-0xc03f]
[    0.238274] pci 0000:00:02.0: BAR 1 [mem 0xfebfc000-0xfebfcfff]
[    0.244274] pci 0000:00:02.0: BAR 4 [mem 0xfebf0000-0xfebf3fff 64bit pref]
[    0.248058] pci 0000:00:03.0: [1af4:1009] type 00 class 0x000200 conventional PCI endpoint
[    0.249274] pci 0000:00:03.0: BAR 0 [io  0xc040-0xc07f]
[    0.251274] pci 0000:00:03.0: BAR 1 [mem 0xfebfd000-0xfebfdfff]
[    0.254967] pci 0000:00:03.0: BAR 4 [mem 0xfebf4000-0xfebf7fff 64bit pref]
[    0.256845] pci 0000:00:04.0: [8086:25ab] type 00 class 0x088000 conventional PCI endpoint
[    0.257655] pci 0000:00:04.0: BAR 0 [mem 0xfebfe000-0xfebfe00f]
[    0.261174] pci 0000:00:05.0: [1af4:1003] type 00 class 0x078000 conventional PCI endpoint
[    0.262274] pci 0000:00:05.0: BAR 0 [io  0xc080-0xc0bf]
[    0.263980] pci 0000:00:05.0: BAR 1 [mem 0xfebff000-0xfebfffff]
[    0.267274] pci 0000:00:05.0: BAR 4 [mem 0xfebf8000-0xfebfbfff 64bit pref]
[    0.269756] ACPI: PCI: Interrupt link LNKA configured for IRQ 10
[    0.270392] ACPI: PCI: Interrupt link LNKB configured for IRQ 10
[    0.271308] ACPI: PCI: Interrupt link LNKC configured for IRQ 11
[    0.272224] ACPI: PCI: Interrupt link LNKD configured for IRQ 11
[    0.272352] ACPI: PCI: Interrupt link LNKS configured for IRQ 9
[    0.274186] iommu: Default domain type: Translated
[    0.274274] iommu: DMA domain TLB invalidation policy: lazy mode
[    0.275125] SCSI subsystem initialized
[    0.275310] pps_core: LinuxPPS API ver. 1 registered
[    0.275981] pps_core: Software ver. 5.3.6 - Copyright 2005-2007 Rodolfo Giometti <giometti@linux.it>
[    0.276276] PTP clock support registered
[    0.276815] Advanced Linux Sound Architecture Driver Initialized.
[    0.277582] NET: Registered PF_ATMPVC protocol family
[    0.278268] NET: Registered PF_ATMSVC protocol family
[    0.278278] PCI: Using ACPI for IRQ routing
[    0.278921] vgaarb: loaded
[    0.279312] hpet0: at MMIO 0xfed00000, IRQs 2, 8, 0
[    0.279965] hpet0: 3 comparators, 64-bit 100.000000 MHz counter
[    0.284676] clocksource: Switched to clocksource kvm-clock
[    0.285596] VFS: Disk quotas dquot_6.6.0
[    0.286334] VFS: Dquot-cache hash table entries: 512 (order 0, 4096 bytes)
[    0.287572] pnp: PnP ACPI init
[    0.288324] pnp: PnP ACPI: found 5 devices
[    0.296174] clocksource: acpi_pm: mask: 0xffffff max_cycles: 0xffffff, max_idle_ns: 2085701024 ns
[    0.297400] NET: Registered PF_INET protocol family
[    0.298101] IP idents hash table entries: 16384 (order: 5, 131072 bytes, linear)
[    0.299248] tcp_listen_portaddr_hash hash table entries: 512 (order: 1, 8192 bytes, linear)
[    0.300384] Table-perturb hash table entries: 65536 (order: 6, 262144 bytes, linear)
[    0.301425] TCP established hash table entries: 8192 (order: 4, 65536 bytes, linear)
[    0.302483] TCP bind hash table entries: 8192 (order: 6, 262144 bytes, linear)
[    0.303550] TCP: Hash tables configured (established 8192 bind 8192)
[    0.304421] UDP hash table entries: 512 (order: 2, 16384 bytes, linear)
[    0.305308] UDP-Lite hash table entries: 512 (order: 2, 16384 bytes, linear)
[    0.306298] NET: Registered PF_UNIX/PF_LOCAL protocol family
[    0.307135] pci_bus 0000:00: resource 4 [io  0x0000-0x0cf7 window]
[    0.307965] pci_bus 0000:00: resource 5 [io  0x0d00-0xffff window]
[    0.308780] pci_bus 0000:00: resource 6 [mem 0x000a0000-0x000bffff window]
[    0.309687] pci_bus 0000:00: resource 7 [mem 0x40000000-0xfebfffff window]
[    0.310592] pci_bus 0000:00: resource 8 [mem 0x100000000-0x17fffffff window]
[    0.311547] pci 0000:00:01.0: PIIX3: Enabling Passive Release
[    0.312318] pci 0000:00:00.0: Limiting direct PCI/PCI transfers
[    0.313142] PCI: CLS 0 bytes, default 64
[    0.313696] kvm_intel: VMX not supported by CPU 0
[    0.314330] kvm_amd: TSC scaling supported
[    0.314877] kvm_amd: Nested Virtualization enabled
[    0.315506] kvm_amd: Nested Paging enabled
[    0.316074] kvm_amd: Virtual VMLOAD VMSAVE supported
[    0.316733] kvm_amd: Virtual GIF supported
[    0.317277] kvm_amd: Virtual NMI enabled
[    0.317797] kvm_amd: LBR virtualization supported
[    0.405920] Initialise system trusted keyrings
[    0.406640] workingset: timestamp_bits=56 max_order=18 bucket_order=0
[    0.407562] squashfs: version 4.0 (2009/01/31) Phillip Lougher
[    0.408436] fuse: init (API version 7.40)
[    0.409021] 9p: Installing v9fs 9p2000 file system support
[    0.416572] Key type asymmetric registered
[    0.417143] Asymmetric key parser 'x509' registered
[    0.417814] Block layer SCSI generic (bsg) driver version 0.4 loaded (major 249)
[    0.419050] io scheduler mq-deadline registered
[    0.419833] io scheduler kyber registered
[    0.421640] input: Power Button as /devices/LNXSYSTM:00/LNXPWRBN:00/input/input0
[    0.422978] ACPI: button: Power Button [PWRF]
[    0.423763] Warning: Processor Platform Limit event detected, but not handled.
[    0.425005] Consider compiling CPUfreq support into your kernel.
[    0.447618] ACPI: \_SB_.LNKB: Enabled at IRQ 10
[    0.468907] ACPI: \_SB_.LNKC: Enabled at IRQ 11
[    0.486352] ACPI: \_SB_.LNKA: Enabled at IRQ 10
[    0.487639] Serial: 8250/16550 driver, 4 ports, IRQ sharing enabled
[    0.488627] 00:03: ttyS0 at I/O 0x3f8 (irq = 4, base_baud = 115200) is a 16550A
[    0.530604] Non-volatile memory driver v1.3
[    0.531370] Linux agpgart interface v0.103
[    0.531446] ACPI: bus type drm_connector registered
[    0.532967] printk: legacy console [hvc0] enabled
[    0.533785] printk: legacy bootconsole [earlyser0] disabled
          _      _                                    
   __   _(_)_ __| |_ _ __ ___   ___       _ __   __ _ 
   \ \ / / |  __| __|  _   _ \ / _ \_____|  _ \ / _  |
    \ V /| | |  | |_| | | | | |  __/_____| | | | (_| |
     \_/ |_|_|   \__|_| |_| |_|\___|     |_| |_|\__  |
                                                |___/ 
   kernel version: 6.9.0-virtme x86_64
   (CTRL+d to exit)

virtme-ng:/nipa-data/kernel# PS1='xx__-> '
xx__-> env
PWD=/nipa-data/kernel
nr_open=1048576
HOME=/root
TERM=xterm
SHLVL=2
XDG_RUNTIME_DIR=/run/user/0
PATH=/bin:/sbin:/usr/bin:/usr/sbin:/usr/local/bin
OLDPWD=/
_=/usr/bin/env
xx__-> 