No EFI environment detected.
early console in extract_kernel
input_data: 0x0000000004cb62c4
input_len: 0x00000000018d3053
output: 0x0000000001000000
output_len: 0x0000000005513718
kernel_total_size: 0x0000000005030000
needed_size: 0x0000000005600000
trampoline_32bit: 0x0000000000000000
Physical KASLR using RDRAND RDTSC...
Virtual KASLR using RDRAND RDTSC...

Decompressing Linux... Parsing ELF... Performing relocations... done.
Booting the kernel (entry_offset: 0x0000000000000000).
[    0.000000] Linux version 6.12.0-rc3-virtme (root@0305d1b95aeb) (gcc (Ubuntu 13.2.0-23ubuntu4) 13.2.0, GNU ld (GNU Binutils for Ubuntu) 2.42) #1 SMP PREEMPT_DYNAMIC Mon Oct 21 00:26:43 UTC 2024
[    0.000000] Command line: virtme_hostname=virtme-ng nr_open=1048576 virtme_link_mods=/nipa-data/kernel/.virtme_mods/lib/modules/0.0.0 virtme_initmount0=nipa-data/kernel virtme_rw_overlay0=/etc virtme_rw_overlay1=/lib virtme_rw_overlay2=/home virtme_rw_overlay3=/opt virtme_rw_overlay4=/srv virtme_rw_overlay5=/usr virtme_rw_overlay6=/var console=hvc0 earlyprintk=serial,ttyS0,115200 virtme_console=ttyS0 psmouse.proto=exps TERM=xterm virtme_chdir=nipa-data/kernel virtme_root_user=1 rootfstype=9p rootflags=version=9p2000.L,trans=virtio,access=any raid=noautodetect ro init=/usr/lib/python3/dist-packages/virtme/guest/virtme-init
[    0.000000] BIOS-provided physical RAM map:
[    0.000000] BIOS-e820: [mem 0x0000000000000000-0x000000000009fbff] usable
[    0.000000] BIOS-e820: [mem 0x000000000009fc00-0x000000000009ffff] reserved
[    0.000000] BIOS-e820: [mem 0x00000000000f0000-0x00000000000fffff] reserved
[    0.000000] BIOS-e820: [mem 0x0000000000100000-0x000000003ffdffff] usable
[    0.000000] BIOS-e820: [mem 0x000000003ffe0000-0x000000003fffffff] reserved
[    0.000000] BIOS-e820: [mem 0x00000000feffc000-0x00000000feffffff] reserved
[    0.000000] BIOS-e820: [mem 0x00000000fffc0000-0x00000000ffffffff] reserved
[    0.000000] BIOS-e820: [mem 0x000000fd00000000-0x000000ffffffffff] reserved
[    0.000000] printk: legacy bootconsole [earlyser0] enabled
[    0.000000] NX (Execute Disable) protection: active
[    0.000000] APIC: Static calls initialized
[    0.000000] SMBIOS 3.0.0 present.
[    0.000000] DMI: QEMU Ubuntu 24.04 PC (i440FX + PIIX, 1996), BIOS 1.16.3-debian-1.16.3-2 04/01/2014
[    0.000000] DMI: Memory slots populated: 1/1
[    0.000000] Hypervisor detected: KVM
[    0.000000] kvm-clock: Using msrs 4b564d01 and 4b564d00
[    0.000000] kvm-clock: using sched offset of 303727607 cycles
[    0.000355] clocksource: kvm-clock: mask: 0xffffffffffffffff max_cycles: 0x1cd42e4dffb, max_idle_ns: 881590591483 ns
[    0.001455] tsc: Detected 4491.560 MHz processor
[    0.002103] last_pfn = 0x3ffe0 max_arch_pfn = 0x400000000
[    0.002492] MTRR map: 4 entries (3 fixed + 1 variable; max 19), built from 8 variable MTRRs
[    0.003059] x86/PAT: Configuration [0-7]: WB  WC  UC- UC  WB  WP  UC- WT  
[    0.005008] found SMP MP-table at [mem 0x000f5470-0x000f547f]
[    0.005404] Using GB pages for direct mapping
[    0.005895] ACPI: Early table checksum verification disabled
[    0.006279] ACPI: RSDP 0x00000000000F5290 000014 (v00 BOCHS )
[    0.006671] ACPI: RSDT 0x000000003FFE27BC 000034 (v01 BOCHS  BXPC     00000001 BXPC 00000001)
[    0.007252] ACPI: FACP 0x000000003FFE2578 000074 (v01 BOCHS  BXPC     00000001 BXPC 00000001)
[    0.007836] ACPI: DSDT 0x000000003FFE0040 002538 (v01 BOCHS  BXPC     00000001 BXPC 00000001)
[    0.008416] ACPI: FACS 0x000000003FFE0000 000040
[    0.008730] ACPI: APIC 0x000000003FFE25EC 000170 (v03 BOCHS  BXPC     00000001 BXPC 00000001)
[    0.009309] ACPI: HPET 0x000000003FFE275C 000038 (v01 BOCHS  BXPC     00000001 BXPC 00000001)
[    0.009887] ACPI: WAET 0x000000003FFE2794 000028 (v01 BOCHS  BXPC     00000001 BXPC 00000001)
[    0.010466] ACPI: Reserving FACP table memory at [mem 0x3ffe2578-0x3ffe25eb]
[    0.010944] ACPI: Reserving DSDT table memory at [mem 0x3ffe0040-0x3ffe2577]
[    0.011421] ACPI: Reserving FACS table memory at [mem 0x3ffe0000-0x3ffe003f]
[    0.011902] ACPI: Reserving APIC table memory at [mem 0x3ffe25ec-0x3ffe275b]
[    0.012379] ACPI: Reserving HPET table memory at [mem 0x3ffe275c-0x3ffe2793]
[    0.012855] ACPI: Reserving WAET table memory at [mem 0x3ffe2794-0x3ffe27bb]
[    0.013518] No NUMA configuration found
[    0.013778] Faking a node at [mem 0x0000000000000000-0x000000003ffdffff]
[    0.014233] NODE_DATA(0) allocated [mem 0x3ffdb780-0x3ffdffff]
[    0.014643] Zone ranges:
[    0.014815]   DMA      [mem 0x0000000000001000-0x0000000000ffffff]
[    0.015234]   DMA32    [mem 0x0000000001000000-0x000000003ffdffff]
[    0.015653]   Normal   empty
[    0.015851]   Device   empty
[    0.016046] Movable zone start for each node
[    0.016335] Early memory node ranges
[    0.016576]   node   0: [mem 0x0000000000001000-0x000000000009efff]
[    0.017001]   node   0: [mem 0x0000000000100000-0x000000003ffdffff]
[    0.017425] Initmem setup node 0 [mem 0x0000000000001000-0x000000003ffdffff]
[    0.017907] On node 0, zone DMA: 1 pages in unavailable ranges
[    0.018356] On node 0, zone DMA: 97 pages in unavailable ranges
[    0.022982] On node 0, zone DMA32: 32 pages in unavailable ranges
[    0.032141] kasan: KernelAddressSanitizer initialized
[    0.032698] ACPI: PM-Timer IO Port: 0x608
[    0.032980] ACPI: LAPIC_NMI (acpi_id[0xff] dfl dfl lint[0x1])
[    0.033392] IOAPIC[0]: apic_id 0, version 17, address 0xfec00000, GSI 0-23
[    0.033860] ACPI: INT_SRC_OVR (bus 0 bus_irq 0 global_irq 2 dfl dfl)
[    0.034290] ACPI: INT_SRC_OVR (bus 0 bus_irq 5 global_irq 5 high level)
[    0.034738] ACPI: INT_SRC_OVR (bus 0 bus_irq 9 global_irq 9 high level)
[    0.035184] ACPI: INT_SRC_OVR (bus 0 bus_irq 10 global_irq 10 high level)
[    0.035643] ACPI: INT_SRC_OVR (bus 0 bus_irq 11 global_irq 11 high level)
[    0.036122] ACPI: Using ACPI (MADT) for SMP configuration information
[    0.036558] ACPI: HPET id: 0x8086a201 base: 0xfed00000
[    0.036907] TSC deadline timer available
[    0.037175] CPU topo: Max. logical packages:   1
[    0.037487] CPU topo: Max. logical dies:       1
[    0.037799] CPU topo: Max. dies per package:   1
[    0.038114] CPU topo: Max. threads per core:   1
[    0.038426] CPU topo: Num. cores per package:    32
[    0.038756] CPU topo: Num. threads per package:  32
[    0.039085] CPU topo: Allowing 32 present CPUs plus 0 hotplug CPUs
[    0.039518] kvm-guest: APIC: eoi() replaced with kvm_guest_apic_eoi_write()
[    0.040003] kvm-guest: KVM setup pv remote TLB flush
[    0.040340] kvm-guest: setup PV sched yield
[    0.040629] PM: hibernation: Registered nosave memory: [mem 0x00000000-0x00000fff]
[    0.041141] PM: hibernation: Registered nosave memory: [mem 0x0009f000-0x0009ffff]
[    0.041652] PM: hibernation: Registered nosave memory: [mem 0x000a0000-0x000effff]
[    0.042163] PM: hibernation: Registered nosave memory: [mem 0x000f0000-0x000fffff]
[    0.042676] [mem 0x40000000-0xfeffbfff] available for PCI devices
[    0.043088] Booting paravirtualized kernel on KVM
[    0.043407] clocksource: refined-jiffies: mask: 0xffffffff max_cycles: 0xffffffff, max_idle_ns: 1910969940391419 ns
[    0.052190] setup_percpu: NR_CPUS:64 nr_cpumask_bits:32 nr_cpu_ids:32 nr_node_ids:1
[    0.053945] percpu: Embedded 70 pages/cpu s248792 r8192 d29736 u524288
[    0.054452] Kernel command line: virtme_hostname=virtme-ng nr_open=1048576 virtme_link_mods=/nipa-data/kernel/.virtme_mods/lib/modules/0.0.0 virtme_initmount0=nipa-data/kernel virtme_rw_overlay0=/etc virtme_rw_overlay1=/lib virtme_rw_overlay2=/home virtme_rw_overlay3=/opt virtme_rw_overlay4=/srv virtme_rw_overlay5=/usr virtme_rw_overlay6=/var console=hvc0 earlyprintk=serial,ttyS0,115200 virtme_console=ttyS0 psmouse.proto=exps TERM=xterm virtme_chdir=nipa-data/kernel virtme_root_user=1 rootfstype=9p rootflags=version=9p2000.L,trans=virtio,access=any raid=noautodetect ro init=/usr/lib/python3/dist-packages/virtme/guest/virtme-init
[    0.058440] Unknown kernel command line parameters "virtme_hostname=virtme-ng nr_open=1048576 virtme_link_mods=/nipa-data/kernel/.virtme_mods/lib/modules/0.0.0 virtme_initmount0=nipa-data/kernel virtme_rw_overlay0=/etc virtme_rw_overlay1=/lib virtme_rw_overlay2=/home virtme_rw_overlay3=/opt virtme_rw_overlay4=/srv virtme_rw_overlay5=/usr virtme_rw_overlay6=/var virtme_console=ttyS0 virtme_chdir=nipa-data/kernel virtme_root_user=1", will be passed to user space.
[    0.061474] random: crng init done
[    0.061729] Dentry cache hash table entries: 131072 (order: 8, 1048576 bytes, linear)
[    0.062284] Inode-cache hash table entries: 65536 (order: 7, 524288 bytes, linear)
[    0.063222] Fallback order for Node 0: 0 
[    0.063227] Built 1 zonelists, mobility grouping on.  Total pages: 262014
[    0.063982] Policy zone: DMA32
[    0.064195] mem auto-init: stack:all(zero), heap alloc:off, heap free:off
[    0.064666] stackdepot: allocating hash table via alloc_large_system_hash
[    0.065138] stackdepot hash table entries: 1048576 (order: 12, 16777216 bytes, linear)
[    0.073192] SLUB: HWalign=64, Order=0-3, MinObjects=0, CPUs=32, Nodes=1
Poking KASLR using RDRAND RDTSC...
[    0.073948] ftrace: allocating 48615 entries in 190 pages
[    0.082452] ftrace: allocated 190 pages with 6 groups
[    0.083648] Dynamic Preempt: voluntary
[    0.084376] rcu: Preemptible hierarchical RCU implementation.
[    0.084774] rcu: RCU event tracing is enabled.
[    0.085087] rcu: RCU restricting CPUs from NR_CPUS=64 to nr_cpu_ids=32.
[    0.085550] Trampoline variant of Tasks RCU enabled.
[    0.085899] Rude variant of Tasks RCU enabled.
[    0.086211] Tracing variant of Tasks RCU enabled.
[    0.086542] rcu: RCU calculated value of scheduler-enlistment delay is 100 jiffies.
[    0.087070] rcu: Adjusting geometry for rcu_fanout_leaf=16, nr_cpu_ids=32
[    0.087605] RCU Tasks: Setting shift to 5 and lim to 1 rcu_task_cb_adjust=1 rcu_task_cpu_ids=32.
[    0.088216] RCU Tasks Rude: Setting shift to 5 and lim to 1 rcu_task_cb_adjust=1 rcu_task_cpu_ids=32.
[    0.088855] RCU Tasks Trace: Setting shift to 5 and lim to 1 rcu_task_cb_adjust=1 rcu_task_cpu_ids=32.
[    0.097670] NR_IRQS: 4352, nr_irqs: 680, preallocated irqs: 16
[    0.098318] rcu: srcu_init: Setting srcu_struct sizes based on contention.
[    0.099003] Console: colour *CGA 80x25
[    0.099292] ACPI: Core revision 20240827
[    0.099713] clocksource: hpet: mask: 0xffffffff max_cycles: 0xffffffff, max_idle_ns: 19112604467 ns
[    0.100428] APIC: Switch to symmetric I/O mode setup
[    0.100792] kvm-guest: APIC: send_IPI_mask() replaced with kvm_send_ipi_mask()
[    0.101291] kvm-guest: APIC: send_IPI_mask_allbutself() replaced with kvm_send_ipi_mask_allbutself()
[    0.101903] kvm-guest: setup PV IPIs
[    0.102984] ..TIMER: vector=0x30 apic1=0 pin1=2 apic2=-1 pin2=-1
[    0.103756] clocksource: tsc-early: mask: 0xffffffffffffffff max_cycles: 0x40be4320a4d, max_idle_ns: 440795288133 ns
[    0.105142] Calibrating delay loop (skipped) preset value.. 8983.12 BogoMIPS (lpj=4491560)
[    0.106205] x86/cpu: User Mode Instruction Prevention (UMIP) activated
[    0.107203] Last level iTLB entries: 4KB 512, 2MB 255, 4MB 127
[    0.108141] Last level dTLB entries: 4KB 512, 2MB 255, 4MB 127, 1GB 0
[    0.109145] Spectre V1 : Mitigation: usercopy/swapgs barriers and __user pointer sanitization
[    0.110145] Spectre V2 : Mitigation: Enhanced / Automatic IBRS
[    0.111140] Spectre V2 : Spectre v2 / SpectreRSB mitigation: Filling RSB on context switch
[    0.112142] Spectre V2 : mitigation: Enabling conditional Indirect Branch Prediction Barrier
[    0.113142] Speculative Store Bypass: Mitigation: Speculative Store Bypass disabled via prctl
[    0.114141] Speculative Return Stack Overflow: IBPB-extending microcode not applied!
[    0.115140] Speculative Return Stack Overflow: WARNING: See https://kernel.org/doc/html/latest/admin-guide/hw-vuln/srso.html for mitigation options.
[    0.115142] Speculative Return Stack Overflow: Vulnerable: Safe RET, no microcode
[    0.117155] x86/fpu: Supporting XSAVE feature 0x001: 'x87 floating point registers'
[    0.118140] x86/fpu: Supporting XSAVE feature 0x002: 'SSE registers'
[    0.119140] x86/fpu: Supporting XSAVE feature 0x004: 'AVX registers'
[    0.120140] x86/fpu: Supporting XSAVE feature 0x020: 'AVX-512 opmask'
[    0.121140] x86/fpu: Supporting XSAVE feature 0x040: 'AVX-512 Hi256'
[    0.121910] x86/fpu: Supporting XSAVE feature 0x080: 'AVX-512 ZMM_Hi256'
[    0.122140] x86/fpu: Supporting XSAVE feature 0x200: 'Protection Keys User registers'
[    0.123141] x86/fpu: xstate_offset[2]:  576, xstate_sizes[2]:  256
[    0.124140] x86/fpu: xstate_offset[5]:  832, xstate_sizes[5]:   64
[    0.125140] x86/fpu: xstate_offset[6]:  896, xstate_sizes[6]:  512
[    0.125889] x86/fpu: xstate_offset[7]: 1408, xstate_sizes[7]: 1024
[    0.126140] x86/fpu: xstate_offset[9]: 2432, xstate_sizes[9]:    8
[    0.127140] x86/fpu: Enabled xstate features 0x2e7, context size is 2440 bytes, using 'compacted' format.
[    0.148721] Freeing SMP alternatives memory: 40K
[    0.149141] pid_max: default: 32768 minimum: 301
[    0.149818] Mount-cache hash table entries: 2048 (order: 2, 16384 bytes, linear)
[    0.150142] Mountpoint-cache hash table entries: 2048 (order: 2, 16384 bytes, linear)
[    0.152469] smpboot: CPU0: AMD Ryzen 9 7950X 16-Core Processor (family: 0x19, model: 0x61, stepping: 0x2)
[    0.153602] Performance Events: Fam17h+ core perfctr, AMD PMU driver.
[    0.154145] ... version:                0
[    0.154632] ... bit width:              48
[    0.155129] ... generic registers:      6
[    0.155142] ... value mask:             0000ffffffffffff
[    0.155790] ... max period:             00007fffffffffff
[    0.156142] ... fixed-purpose events:   0
[    0.156628] ... event mask:             000000000000003f
[    0.157253] signal: max sigframe size: 3376
[    0.157806] rcu: Hierarchical SRCU implementation.
[    0.158143] rcu: Max phase no-delay instances is 400.
[    0.158845] Timer migration: 2 hierarchy levels; 8 children per group; 2 crossnode level
[    0.162926] smp: Bringing up secondary CPUs ...
[    0.163435] smpboot: x86: Booting SMP configuration:
[    0.164039] .... node  #0, CPUs:        #1  #2  #3  #4  #5  #6  #7  #8  #9 #10 #11 #12 #13 #14 #15 #16 #17 #18 #19 #20 #21 #22 #23 #24 #25 #26 #27 #28 #29 #30 #31
[    0.189264] smp: Brought up 1 node, 32 CPUs
[    0.190662] smpboot: Total of 32 processors activated (287459.84 BogoMIPS)
[    0.195201] Memory: 763412K/1048056K available (45056K kernel code, 11390K rwdata, 10012K rodata, 6004K init, 1784K bss, 269020K reserved, 0K cma-reserved)
[    0.196261] devtmpfs: initialized
[    0.196724] x86/mm: Memory block size: 128MB
[    0.203264] clocksource: jiffies: mask: 0xffffffff max_cycles: 0xffffffff, max_idle_ns: 1911260446275000 ns
[    0.204147] futex hash table entries: 8192 (order: 7, 524288 bytes, linear)
[    0.205302] PM: RTC time: 00:27:09, date: 2024-10-21
[    0.206581] NET: Registered PF_NETLINK/PF_ROUTE protocol family
[    0.207989] thermal_sys: Registered thermal governor 'step_wise'
[    0.207992] thermal_sys: Registered thermal governor 'user_space'
[    0.208169] cpuidle: using governor menu
[    0.210478] PCI: Using configuration type 1 for base access
[    0.211142] PCI: Using configuration type 1 for extended access
[    0.212001] kprobes: kprobe jump-optimization is enabled. All kprobes are optimized if possible.
[    0.224380] HugeTLB: registered 1.00 GiB page size, pre-allocated 0 pages
[    0.225143] HugeTLB: 16380 KiB vmemmap can be freed for a 1.00 GiB page
[    0.225951] HugeTLB: registered 2.00 MiB page size, pre-allocated 0 pages
[    0.227142] HugeTLB: 28 KiB vmemmap can be freed for a 2.00 MiB page
[    0.228461] ACPI: Added _OSI(Module Device)
[    0.228976] ACPI: Added _OSI(Processor Device)
[    0.229686] ACPI: Added _OSI(3.0 _SCP Extensions)
[    0.230142] ACPI: Added _OSI(Processor Aggregator Device)
[    0.252629] ACPI: 1 ACPI AML tables successfully acquired and loaded
[    0.256912] ACPI: Interpreter enabled
[    0.258198] ACPI: PM: (supports S0 S3 S4 S5)
[    0.258721] ACPI: Using IOAPIC for interrupt routing
[    0.259189] PCI: Using host bridge windows from ACPI; if necessary, use "pci=nocrs" and report a bug
[    0.260142] PCI: Using E820 reservations for host bridge windows
[    0.261877] ACPI: Enabled 2 GPEs in block 00 to 0F
[    0.306048] ACPI: PCI Root Bridge [PCI0] (domain 0000 [bus 00-ff])
[    0.307156] acpi PNP0A03:00: _OSC: OS supports [ExtendedConfig ASPM ClockPM Segments MSI HPX-Type3]
[    0.308606] PCI host bridge to bus 0000:00
[    0.309160] pci_bus 0000:00: root bus resource [io  0x0000-0x0cf7 window]
[    0.309987] pci_bus 0000:00: root bus resource [io  0x0d00-0xffff window]
[    0.311145] pci_bus 0000:00: root bus resource [mem 0x000a0000-0x000bffff window]
[    0.312057] pci_bus 0000:00: root bus resource [mem 0x40000000-0xfebfffff window]
[    0.312145] pci_bus 0000:00: root bus resource [mem 0x100000000-0x17fffffff window]
[    0.313077] pci_bus 0000:00: root bus resource [bus 00-ff]
[    0.314235] pci 0000:00:00.0: [8086:1237] type 00 class 0x060000 conventional PCI endpoint
[    0.315951] pci 0000:00:01.0: [8086:7000] type 00 class 0x060100 conventional PCI endpoint
[    0.317993] pci 0000:00:01.1: [8086:7010] type 00 class 0x010180 conventional PCI endpoint
[    0.320769] pci 0000:00:01.1: BAR 4 [io  0xc0c0-0xc0cf]
[    0.321802] pci 0000:00:01.1: BAR 0 [io  0x01f0-0x01f7]: legacy IDE quirk
[    0.323143] pci 0000:00:01.1: BAR 1 [io  0x03f6]: legacy IDE quirk
[    0.323893] pci 0000:00:01.1: BAR 2 [io  0x0170-0x0177]: legacy IDE quirk
[    0.324142] pci 0000:00:01.1: BAR 3 [io  0x0376]: legacy IDE quirk
[    0.325538] pci 0000:00:01.3: [8086:7113] type 00 class 0x068000 conventional PCI endpoint
[    0.327392] pci 0000:00:01.3: quirk: [io  0x0600-0x063f] claimed by PIIX4 ACPI
[    0.328146] pci 0000:00:01.3: quirk: [io  0x0700-0x070f] claimed by PIIX4 SMB
[    0.329812] pci 0000:00:02.0: [1af4:1009] type 00 class 0x000200 conventional PCI endpoint
[    0.330554] pci 0000:00:02.0: BAR 0 [io  0xc000-0xc03f]
[    0.332506] pci 0000:00:02.0: BAR 1 [mem 0xfebfc000-0xfebfcfff]
[    0.335143] pci 0000:00:02.0: BAR 4 [mem 0xfebf0000-0xfebf3fff 64bit pref]
[    0.347760] pci 0000:00:03.0: [1af4:1009] type 00 class 0x000200 conventional PCI endpoint
[    0.349524] pci 0000:00:03.0: BAR 0 [io  0xc040-0xc07f]
[    0.350486] pci 0000:00:03.0: BAR 1 [mem 0xfebfd000-0xfebfdfff]
[    0.352143] pci 0000:00:03.0: BAR 4 [mem 0xfebf4000-0xfebf7fff 64bit pref]
[    0.364065] pci 0000:00:04.0: [8086:25ab] type 00 class 0x088000 conventional PCI endpoint
[    0.365320] pci 0000:00:04.0: BAR 0 [mem 0xfebfe000-0xfebfe00f]
[    0.377136] pci 0000:00:05.0: [1af4:1003] type 00 class 0x078000 conventional PCI endpoint
[    0.378490] pci 0000:00:05.0: BAR 0 [io  0xc080-0xc0bf]
[    0.379292] pci 0000:00:05.0: BAR 1 [mem 0xfebff000-0xfebfffff]
[    0.380870] pci 0000:00:05.0: BAR 4 [mem 0xfebf8000-0xfebfbfff 64bit pref]
[    0.395195] ACPI: PCI: Interrupt link LNKA configured for IRQ 10
[    0.396809] ACPI: PCI: Interrupt link LNKB configured for IRQ 10
[    0.399004] ACPI: PCI: Interrupt link LNKC configured for IRQ 11
[    0.399997] ACPI: PCI: Interrupt link LNKD configured for IRQ 11
[    0.401500] ACPI: PCI: Interrupt link LNKS configured for IRQ 9
[    0.419249] iommu: Default domain type: Translated
[    0.419837] iommu: DMA domain TLB invalidation policy: lazy mode
[    0.420579] SCSI subsystem initialized
[    0.421351] pps_core: LinuxPPS API ver. 1 registered
[    0.421960] pps_core: Software ver. 5.3.6 - Copyright 2005-2007 Rodolfo Giometti <giometti@linux.it>
[    0.423155] PTP clock support registered
[    0.424262] Advanced Linux Sound Architecture Driver Initialized.
[    0.426159] NET: Registered PF_ATMPVC protocol family
[    0.426780] NET: Registered PF_ATMSVC protocol family
[    0.427177] PCI: Using ACPI for IRQ routing
[    0.428178] vgaarb: loaded
[    0.428257] hpet0: at MMIO 0xfed00000, IRQs 2, 8, 0
[    0.428861] hpet0: 3 comparators, 64-bit 100.000000 MHz counter
[    0.434327] clocksource: Switched to clocksource kvm-clock
[    0.435330] VFS: Disk quotas dquot_6.6.0
[    0.435846] VFS: Dquot-cache hash table entries: 512 (order 0, 4096 bytes)
[    0.441000] pnp: PnP ACPI init
[    0.444176] pnp: PnP ACPI: found 5 devices
[    0.455734] clocksource: acpi_pm: mask: 0xffffff max_cycles: 0xffffff, max_idle_ns: 2085701024 ns
[    0.456871] NET: Registered PF_INET protocol family
[    0.457501] IP idents hash table entries: 16384 (order: 5, 131072 bytes, linear)
[    0.458749] tcp_listen_portaddr_hash hash table entries: 512 (order: 1, 8192 bytes, linear)
[    0.459757] Table-perturb hash table entries: 65536 (order: 6, 262144 bytes, linear)
[    0.460706] TCP established hash table entries: 8192 (order: 4, 65536 bytes, linear)
[    0.461727] TCP bind hash table entries: 8192 (order: 6, 262144 bytes, linear)
[    0.462617] TCP: Hash tables configured (established 8192 bind 8192)
[    0.463540] UDP hash table entries: 512 (order: 2, 16384 bytes, linear)
[    0.464385] UDP-Lite hash table entries: 512 (order: 2, 16384 bytes, linear)
[    0.465429] NET: Registered PF_UNIX/PF_LOCAL protocol family
[    0.466121] pci_bus 0000:00: resource 4 [io  0x0000-0x0cf7 window]
[    0.466871] pci_bus 0000:00: resource 5 [io  0x0d00-0xffff window]
[    0.467613] pci_bus 0000:00: resource 6 [mem 0x000a0000-0x000bffff window]
[    0.468436] pci_bus 0000:00: resource 7 [mem 0x40000000-0xfebfffff window]
[    0.469254] pci_bus 0000:00: resource 8 [mem 0x100000000-0x17fffffff window]
[    0.470286] pci 0000:00:01.0: PIIX3: Enabling Passive Release
[    0.470982] pci 0000:00:00.0: Limiting direct PCI/PCI transfers
[    0.471730] PCI: CLS 0 bytes, default 64
[    0.472273] kvm_intel: VMX not supported by CPU 16
[    0.473004] kvm_amd: TSC scaling supported
[    0.473511] kvm_amd: Nested Virtualization enabled
[    0.474085] kvm_amd: Nested Paging enabled
[    0.474589] kvm_amd: LBR virtualization supported
[    0.475161] kvm_amd: Virtual VMLOAD VMSAVE supported
[    0.475758] kvm_amd: Virtual GIF supported
[    0.476246] kvm_amd: Virtual NMI enabled
[    0.507217] clocksource: tsc: mask: 0xffffffffffffffff max_cycles: 0x40be4320a4d, max_idle_ns: 440795288133 ns
[    0.525065] Initialise system trusted keyrings
[    0.525769] workingset: timestamp_bits=56 max_order=18 bucket_order=0
[    0.526662] squashfs: version 4.0 (2009/01/31) Phillip Lougher
[    0.527388] fuse: init (API version 7.41)
[    0.527995] 9p: Installing v9fs 9p2000 file system support
[    0.537483] Key type asymmetric registered
[    0.537988] Asymmetric key parser 'x509' registered
[    0.538648] Block layer SCSI generic (bsg) driver version 0.4 loaded (major 249)
[    0.539588] io scheduler mq-deadline registered
[    0.540140] io scheduler kyber registered
[    0.542826] input: Power Button as /devices/LNXSYSTM:00/LNXPWRBN:00/input/input0
[    0.543954] ACPI: button: Power Button [PWRF]
[    0.545805] Warning: Processor Platform Limit event detected, but not handled.
[    0.546728] Consider compiling CPUfreq support into your kernel.
[    1.331428] ACPI: \_SB_.LNKB: Enabled at IRQ 10
[    2.109857] ACPI: \_SB_.LNKC: Enabled at IRQ 11
[    2.887894] ACPI: \_SB_.LNKA: Enabled at IRQ 10
[    2.889263] Serial: 8250/16550 driver, 4 ports, IRQ sharing enabled
[    2.890362] 00:03: ttyS0 at I/O 0x3f8 (irq = 4, base_baud = 115200) is a 16550A
[    2.912499] Non-volatile memory driver v1.3
[    2.913029] Linux agpgart interface v0.103
[    2.913773] ACPI: bus type drm_connector registered
[    2.914406] printk: legacy console [hvc0] enabled
[    2.914995] printk: legacy bootconsole [earlyser0] disabled
          _      _                                    
   __   _(_)_ __| |_ _ __ ___   ___       _ __   __ _ 
   \ \ / / |  __| __|  _   _ \ / _ \_____|  _ \ / _  |
    \ V /| | |  | |_| | | | | |  __/_____| | | | (_| |
     \_/ |_|_|   \__|_| |_| |_|\___|     |_| |_|\__  |
                                                |___/ 
   kernel version: 6.12.0-rc3-virtme x86_64
   (CTRL+d to exit)

root@virtme-ng:/nipa-data/kernel# PS1='xx__-> '
xx__-> env
PWD=/nipa-data/kernel
nr_open=1048576
HOME=/
TERM=xterm
SHLVL=2
XDG_RUNTIME_DIR=/run/user/0
PATH=/bin:/sbin:/usr/bin:/usr/sbin:/usr/local/bin
OLDPWD=/
_=/bin/env
xx__-> 