No EFI environment detected.
early console in extract_kernel
input_data: 0x00000000029b42c4
input_len: 0x0000000000bd73e0
output: 0x0000000001000000
output_len: 0x0000000002545a00
kernel_total_size: 0x0000000002430000
needed_size: 0x0000000002600000
trampoline_32bit: 0x0000000000000000
Physical KASLR using RDRAND RDTSC...
Virtual KASLR using RDRAND RDTSC...

Decompressing Linux... Parsing ELF... Performing relocations... done.
Booting the kernel (entry_offset: 0x0000000000fd4578).
[    0.000000] Linux version 6.15.0-virtme (root@4b4374015140) (gcc (Ubuntu 13.3.0-6ubuntu2~24.04) 13.3.0, GNU ld (GNU Binutils for Ubuntu) 2.42) #1 SMP PREEMPT_DYNAMIC Sun Jun  8 15:06:02 UTC 2025
[    0.000000] Command line: virtme_hostname=virtme-ng nr_open=1048576 virtme_link_mods=/nipa-data/kernel/.virtme_mods/lib/modules/0.0.0 virtme_initmount0=nipa-data/kernel virtme_rw_overlay0=/etc virtme_rw_overlay1=/lib virtme_rw_overlay2=/home virtme_rw_overlay3=/opt virtme_rw_overlay4=/srv virtme_rw_overlay5=/usr virtme_rw_overlay6=/var console=hvc0 earlyprintk=serial,ttyS0,115200 virtme_console=ttyS0 psmouse.proto=exps TERM=xterm virtme_chdir=nipa-data/kernel virtme_root_user=1 rootfstype=9p rootflags=version=9p2000.L,trans=virtio,access=any raid=noautodetect ro init=/usr/lib/python3/dist-packages/virtme/guest/virtme-init
[    0.000000] BIOS-provided physical RAM map:
[    0.000000] BIOS-e820: [mem 0x0000000000000000-0x000000000009fbff] usable
[    0.000000] BIOS-e820: [mem 0x000000000009fc00-0x000000000009ffff] reserved
[    0.000000] BIOS-e820: [mem 0x00000000000f0000-0x00000000000fffff] reserved
[    0.000000] BIOS-e820: [mem 0x0000000000100000-0x000000003ffdffff] usable
[    0.000000] BIOS-e820: [mem 0x000000003ffe0000-0x000000003fffffff] reserved
[    0.000000] BIOS-e820: [mem 0x00000000feffc000-0x00000000feffffff] reserved
[    0.000000] BIOS-e820: [mem 0x00000000fffc0000-0x00000000ffffffff] reserved
[    0.000000] BIOS-e820: [mem 0x000000fd00000000-0x000000ffffffffff] reserved
[    0.000000] printk: legacy bootconsole [earlyser0] enabled
[    0.000000] NX (Execute Disable) protection: active
[    0.000000] APIC: Static calls initialized
[    0.000000] SMBIOS 3.0.0 present.
[    0.000000] DMI: QEMU Ubuntu 24.04 PC (i440FX + PIIX, 1996), BIOS 1.16.3-debian-1.16.3-2 04/01/2014
[    0.000000] DMI: Memory slots populated: 1/1
[    0.000000] Hypervisor detected: KVM
[    0.000000] kvm-clock: Using msrs 4b564d01 and 4b564d00
[    0.000000] kvm-clock: using sched offset of 231826339 cycles
[    0.000359] clocksource: kvm-clock: mask: 0xffffffffffffffff max_cycles: 0x1cd42e4dffb, max_idle_ns: 881590591483 ns
[    0.001476] tsc: Detected 4491.564 MHz processor
[    0.002037] last_pfn = 0x3ffe0 max_arch_pfn = 0x400000000
[    0.002429] MTRR map: 4 entries (3 fixed + 1 variable; max 19), built from 8 variable MTRRs
[    0.003001] x86/PAT: Configuration [0-7]: WB  WC  UC- UC  WB  WP  UC- WT  
Memory KASLR using RDRAND RDTSC...
[    0.004939] found SMP MP-table at [mem 0x000f5470-0x000f547f]
[    0.005341] Using GB pages for direct mapping
[    0.005688] ACPI: Early table checksum verification disabled
[    0.006075] ACPI: RSDP 0x00000000000F5290 000014 (v00 BOCHS )
[    0.006474] ACPI: RSDT 0x000000003FFE27BC 000034 (v01 BOCHS  BXPC     00000001 BXPC 00000001)
[    0.007060] ACPI: FACP 0x000000003FFE2578 000074 (v01 BOCHS  BXPC     00000001 BXPC 00000001)
[    0.007644] ACPI: DSDT 0x000000003FFE0040 002538 (v01 BOCHS  BXPC     00000001 BXPC 00000001)
[    0.008228] ACPI: FACS 0x000000003FFE0000 000040
[    0.008544] ACPI: APIC 0x000000003FFE25EC 000170 (v03 BOCHS  BXPC     00000001 BXPC 00000001)
[    0.009131] ACPI: HPET 0x000000003FFE275C 000038 (v01 BOCHS  BXPC     00000001 BXPC 00000001)
[    0.009715] ACPI: WAET 0x000000003FFE2794 000028 (v01 BOCHS  BXPC     00000001 BXPC 00000001)
[    0.010298] ACPI: Reserving FACP table memory at [mem 0x3ffe2578-0x3ffe25eb]
[    0.010780] ACPI: Reserving DSDT table memory at [mem 0x3ffe0040-0x3ffe2577]
[    0.011263] ACPI: Reserving FACS table memory at [mem 0x3ffe0000-0x3ffe003f]
[    0.011745] ACPI: Reserving APIC table memory at [mem 0x3ffe25ec-0x3ffe275b]
[    0.012228] ACPI: Reserving HPET table memory at [mem 0x3ffe275c-0x3ffe2793]
[    0.012710] ACPI: Reserving WAET table memory at [mem 0x3ffe2794-0x3ffe27bb]
[    0.013329] No NUMA configuration found
[    0.013595] Faking a node at [mem 0x0000000000000000-0x000000003ffdffff]
[    0.014053] NODE_DATA(0) allocated [mem 0x3ffdb740-0x3ffdffff]
[    0.014461] Zone ranges:
[    0.014634]   DMA      [mem 0x0000000000001000-0x0000000000ffffff]
[    0.015057]   DMA32    [mem 0x0000000001000000-0x000000003ffdffff]
[    0.015479]   Normal   empty
[    0.015675]   Device   empty
[    0.015871] Movable zone start for each node
[    0.016163] Early memory node ranges
[    0.016406]   node   0: [mem 0x0000000000001000-0x000000000009efff]
[    0.016834]   node   0: [mem 0x0000000000100000-0x000000003ffdffff]
[    0.017273] Initmem setup node 0 [mem 0x0000000000001000-0x000000003ffdffff]
[    0.017767] On node 0, zone DMA: 1 pages in unavailable ranges
[    0.018182] On node 0, zone DMA: 97 pages in unavailable ranges
[    0.019507] On node 0, zone DMA32: 32 pages in unavailable ranges
[    0.020113] ACPI: PM-Timer IO Port: 0x608
[    0.020393] ACPI: LAPIC_NMI (acpi_id[0xff] dfl dfl lint[0x1])
[    0.020800] IOAPIC[0]: apic_id 0, version 17, address 0xfec00000, GSI 0-23
[    0.021278] ACPI: INT_SRC_OVR (bus 0 bus_irq 0 global_irq 2 dfl dfl)
[    0.021712] ACPI: INT_SRC_OVR (bus 0 bus_irq 5 global_irq 5 high level)
[    0.022164] ACPI: INT_SRC_OVR (bus 0 bus_irq 9 global_irq 9 high level)
[    0.022615] ACPI: INT_SRC_OVR (bus 0 bus_irq 10 global_irq 10 high level)
[    0.023079] ACPI: INT_SRC_OVR (bus 0 bus_irq 11 global_irq 11 high level)
[    0.023544] ACPI: Using ACPI (MADT) for SMP configuration information
[    0.023983] ACPI: HPET id: 0x8086a201 base: 0xfed00000
[    0.024334] TSC deadline timer available
[    0.024604] CPU topo: Max. logical packages:   1
[    0.024919] CPU topo: Max. logical dies:       1
[    0.025236] CPU topo: Max. dies per package:   1
[    0.025556] CPU topo: Max. threads per core:   1
[    0.025869] CPU topo: Num. cores per package:    32
[    0.026200] CPU topo: Num. threads per package:  32
[    0.026536] CPU topo: Allowing 32 present CPUs plus 0 hotplug CPUs
[    0.026964] kvm-guest: APIC: eoi() replaced with kvm_guest_apic_eoi_write()
[    0.027445] kvm-guest: KVM setup pv remote TLB flush
[    0.027786] kvm-guest: setup PV sched yield
[    0.028074] PM: hibernation: Registered nosave memory: [mem 0x00000000-0x00000fff]
[    0.028593] PM: hibernation: Registered nosave memory: [mem 0x0009f000-0x000fffff]
[    0.029110] [mem 0x40000000-0xfeffbfff] available for PCI devices
[    0.029524] Booting paravirtualized kernel on KVM
[    0.029844] clocksource: refined-jiffies: mask: 0xffffffff max_cycles: 0xffffffff, max_idle_ns: 1910969940391419 ns
[    0.033232] setup_percpu: NR_CPUS:64 nr_cpumask_bits:32 nr_cpu_ids:32 nr_node_ids:1
[    0.034331] percpu: Embedded 53 pages/cpu s179544 r8192 d29352 u262144
[    0.034809] Kernel command line: virtme_hostname=virtme-ng nr_open=1048576 virtme_link_mods=/nipa-data/kernel/.virtme_mods/lib/modules/0.0.0 virtme_initmount0=nipa-data/kernel virtme_rw_overlay0=/etc virtme_rw_overlay1=/lib virtme_rw_overlay2=/home virtme_rw_overlay3=/opt virtme_rw_overlay4=/srv virtme_rw_overlay5=/usr virtme_rw_overlay6=/var console=hvc0 earlyprintk=serial,ttyS0,115200 virtme_console=ttyS0 psmouse.proto=exps TERM=xterm virtme_chdir=nipa-data/kernel virtme_root_user=1 rootfstype=9p rootflags=version=9p2000.L,trans=virtio,access=any raid=noautodetect ro init=/usr/lib/python3/dist-packages/virtme/guest/virtme-init
[    0.038788] Unknown kernel command line parameters "virtme_hostname=virtme-ng nr_open=1048576 virtme_link_mods=/nipa-data/kernel/.virtme_mods/lib/modules/0.0.0 virtme_initmount0=nipa-data/kernel virtme_rw_overlay0=/etc virtme_rw_overlay1=/lib virtme_rw_overlay2=/home virtme_rw_overlay3=/opt virtme_rw_overlay4=/srv virtme_rw_overlay5=/usr virtme_rw_overlay6=/var virtme_console=ttyS0 virtme_chdir=nipa-data/kernel virtme_root_user=1", will be passed to user space.
[    0.041837] random: crng init done
[    0.042075] printk: log buffer data + meta data: 262144 + 917504 = 1179648 bytes
[    0.042619] Dentry cache hash table entries: 131072 (order: 8, 1048576 bytes, linear)
[    0.043185] Inode-cache hash table entries: 65536 (order: 7, 524288 bytes, linear)
[    0.043803] Fallback order for Node 0: 0 
[    0.043805] Built 1 zonelists, mobility grouping on.  Total pages: 262014
[    0.044562] Policy zone: DMA32
[    0.044776] mem auto-init: stack:all(zero), heap alloc:off, heap free:off
[    0.045713] SLUB: HWalign=64, Order=0-3, MinObjects=0, CPUs=32, Nodes=1
Poking KASLR using RDRAND RDTSC...
[    0.052838] ftrace: allocating 49278 entries in 194 pages
[    0.053219] ftrace: allocated 194 pages with 3 groups
[    0.054152] Dynamic Preempt: voluntary
[    0.054533] rcu: Preemptible hierarchical RCU implementation.
[    0.054934] rcu: RCU event tracing is enabled.
[    0.055249] rcu: RCU restricting CPUs from NR_CPUS=64 to nr_cpu_ids=32.
[    0.055720] Trampoline variant of Tasks RCU enabled.
[    0.056073] Rude variant of Tasks RCU enabled.
[    0.056388] Tracing variant of Tasks RCU enabled.
[    0.056722] rcu: RCU calculated value of scheduler-enlistment delay is 100 jiffies.
[    0.057259] rcu: Adjusting geometry for rcu_fanout_leaf=16, nr_cpu_ids=32
[    0.057738] RCU Tasks: Setting shift to 5 and lim to 1 rcu_task_cb_adjust=1 rcu_task_cpu_ids=32.
[    0.058353] RCU Tasks Rude: Setting shift to 5 and lim to 1 rcu_task_cb_adjust=1 rcu_task_cpu_ids=32.
[    0.058998] RCU Tasks Trace: Setting shift to 5 and lim to 1 rcu_task_cb_adjust=1 rcu_task_cpu_ids=32.
[    0.061310] NR_IRQS: 4352, nr_irqs: 680, preallocated irqs: 16
[    0.061888] rcu: srcu_init: Setting srcu_struct sizes based on contention.
[    0.062502] Console: colour *CGA 80x25
[    0.062769] ACPI: Core revision 20250404
[    0.063104] clocksource: hpet: mask: 0xffffffff max_cycles: 0xffffffff, max_idle_ns: 19112604467 ns
[    0.063787] APIC: Switch to symmetric I/O mode setup
[    0.064271] x2apic enabled
[    0.064622] APIC: Switched APIC routing to: physical x2apic
[    0.065006] kvm-guest: APIC: send_IPI_mask() replaced with kvm_send_ipi_mask()
[    0.065512] kvm-guest: APIC: send_IPI_mask_allbutself() replaced with kvm_send_ipi_mask_allbutself()
[    0.066133] kvm-guest: setup PV IPIs
[    0.067079] ..TIMER: vector=0x30 apic1=0 pin1=2 apic2=-1 pin2=-1
[    0.067833] clocksource: tsc-early: mask: 0xffffffffffffffff max_cycles: 0x40be463295d, max_idle_ns: 440795209293 ns
[    0.069128] Calibrating delay loop (skipped) preset value.. 8983.12 BogoMIPS (lpj=4491564)
[    0.070188] x86/cpu: User Mode Instruction Prevention (UMIP) activated
[    0.071173] Last level iTLB entries: 4KB 512, 2MB 255, 4MB 127
[    0.071878] Last level dTLB entries: 4KB 512, 2MB 255, 4MB 127, 1GB 0
[    0.072134] Speculative Store Bypass: Mitigation: Speculative Store Bypass disabled via prctl
[    0.073127] Speculative Return Stack Overflow: IBPB-extending microcode not applied!
[    0.074127] Speculative Return Stack Overflow: WARNING: See https://kernel.org/doc/html/latest/admin-guide/hw-vuln/srso.html for mitigation options.
[    0.074128] Spectre V2 : Mitigation: Enhanced / Automatic IBRS
[    0.076127] Speculative Return Stack Overflow: Vulnerable: Safe RET, no microcode
[    0.077127] Spectre V1 : Mitigation: usercopy/swapgs barriers and __user pointer sanitization
[    0.078130] Spectre V2 : mitigation: Enabling conditional Indirect Branch Prediction Barrier
[    0.079141] x86/fpu: Supporting XSAVE feature 0x001: 'x87 floating point registers'
[    0.080127] x86/fpu: Supporting XSAVE feature 0x002: 'SSE registers'
[    0.080882] x86/fpu: Supporting XSAVE feature 0x004: 'AVX registers'
[    0.081127] x86/fpu: Supporting XSAVE feature 0x020: 'AVX-512 opmask'
[    0.082127] x86/fpu: Supporting XSAVE feature 0x040: 'AVX-512 Hi256'
[    0.083127] x86/fpu: Supporting XSAVE feature 0x080: 'AVX-512 ZMM_Hi256'
[    0.083920] x86/fpu: Supporting XSAVE feature 0x200: 'Protection Keys User registers'
[    0.084127] x86/fpu: xstate_offset[2]:  576, xstate_sizes[2]:  256
[    0.085127] x86/fpu: xstate_offset[5]:  832, xstate_sizes[5]:   64
[    0.086127] x86/fpu: xstate_offset[6]:  896, xstate_sizes[6]:  512
[    0.087127] x86/fpu: xstate_offset[7]: 1408, xstate_sizes[7]: 1024
[    0.087858] x86/fpu: xstate_offset[9]: 2432, xstate_sizes[9]:    8
[    0.088127] x86/fpu: Enabled xstate features 0x2e7, context size is 2440 bytes, using 'compacted' format.
[    0.104056] Freeing SMP alternatives memory: 44K
[    0.104129] pid_max: default: 32768 minimum: 301
[    0.105146] Mount-cache hash table entries: 2048 (order: 2, 16384 bytes, linear)
[    0.106024] Mountpoint-cache hash table entries: 2048 (order: 2, 16384 bytes, linear)
[    0.107161] smpboot: CPU0: AMD Ryzen 9 7950X 16-Core Processor (family: 0x19, model: 0x61, stepping: 0x2)
[    0.108223] Performance Events: Fam17h+ core perfctr, AMD PMU driver.
[    0.109013] ... version:                0
[    0.109129] ... bit width:              48
[    0.109614] ... generic registers:      6
[    0.110089] ... value mask:             0000ffffffffffff
[    0.110129] ... max period:             00007fffffffffff
[    0.110759] ... fixed-purpose events:   0
[    0.111128] ... event mask:             000000000000003f
[    0.111844] signal: max sigframe size: 3376
[    0.112142] rcu: Hierarchical SRCU implementation.
[    0.112710] rcu: Max phase no-delay instances is 400.
[    0.113151] Timer migration: 2 hierarchy levels; 8 children per group; 2 crossnode level
[    0.116182] smp: Bringing up secondary CPUs ...
[    0.116771] smpboot: x86: Booting SMP configuration:
[    0.117130] .... node  #0, CPUs:        #1  #2  #3  #4  #5  #6  #7  #8  #9 #10 #11 #12 #13 #14 #15 #16 #17 #18 #19 #20 #21 #22 #23 #24 #25 #26 #27 #28 #29 #30 #31
[    0.128216] smp: Brought up 1 node, 32 CPUs
[    0.129636] smpboot: Total of 32 processors activated (287460.09 BogoMIPS)
[    0.131229] Memory: 970984K/1048056K available (16210K kernel code, 2489K rwdata, 6512K rodata, 3216K init, 1608K bss, 62548K reserved, 0K cma-reserved)
[    0.132252] devtmpfs: initialized
[    0.132565] x86/mm: Memory block size: 128MB
[    0.133822] clocksource: jiffies: mask: 0xffffffff max_cycles: 0xffffffff, max_idle_ns: 1911260446275000 ns
[    0.134130] posixtimers hash table entries: 16384 (order: 6, 262144 bytes, linear)
[    0.135146] futex hash table entries: 8192 (524288 bytes on 1 NUMA nodes, total 512 KiB, linear).
[    0.136204] PM: RTC time: 15:06:19, date: 2025-06-08
[    0.137134] NET: Registered PF_NETLINK/PF_ROUTE protocol family
[    0.137995] thermal_sys: Registered thermal governor 'step_wise'
[    0.138004] cpuidle: using governor menu
[    0.139307] PCI: Using configuration type 1 for base access
[    0.140008] PCI: Using configuration type 1 for extended access
[    0.140195] kprobes: kprobe jump-optimization is enabled. All kprobes are optimized if possible.
[    0.144457] HugeTLB: allocation took 0ms with hugepage_allocation_threads=8
[    0.145158] HugeTLB: registered 1.00 GiB page size, pre-allocated 0 pages
[    0.146004] HugeTLB: 16380 KiB vmemmap can be freed for a 1.00 GiB page
[    0.146129] HugeTLB: registered 2.00 MiB page size, pre-allocated 0 pages
[    0.146967] HugeTLB: 28 KiB vmemmap can be freed for a 2.00 MiB page
[    0.148611] ACPI: Added _OSI(Module Device)
[    0.149127] ACPI: Added _OSI(Processor Device)
[    0.149679] ACPI: Added _OSI(Processor Aggregator Device)
[    0.150789] ACPI: 1 ACPI AML tables successfully acquired and loaded
[    0.155706] ACPI: Interpreter enabled
[    0.155749] ACPI: PM: (supports S0 S3 S4 S5)
[    0.156129] ACPI: Using IOAPIC for interrupt routing
[    0.156750] PCI: Using host bridge windows from ACPI; if necessary, use "pci=nocrs" and report a bug
[    0.158129] PCI: Using E820 reservations for host bridge windows
[    0.158952] ACPI: Enabled 2 GPEs in block 00 to 0F
[    0.161723] ACPI: PCI Root Bridge [PCI0] (domain 0000 [bus 00-ff])
[    0.163132] acpi PNP0A03:00: _OSC: OS supports [ExtendedConfig ASPM ClockPM Segments MSI HPX-Type3]
[    0.164216] PCI host bridge to bus 0000:00
[    0.164729] pci_bus 0000:00: root bus resource [io  0x0000-0x0cf7 window]
[    0.165129] pci_bus 0000:00: root bus resource [io  0x0d00-0xffff window]
[    0.165971] pci_bus 0000:00: root bus resource [mem 0x000a0000-0x000bffff window]
[    0.167129] pci_bus 0000:00: root bus resource [mem 0x40000000-0xfebfffff window]
[    0.168061] pci_bus 0000:00: root bus resource [mem 0x100000000-0x17fffffff window]
[    0.169129] pci_bus 0000:00: root bus resource [bus 00-ff]
[    0.169892] pci 0000:00:00.0: [8086:1237] type 00 class 0x060000 conventional PCI endpoint
[    0.171395] pci 0000:00:01.0: [8086:7000] type 00 class 0x060100 conventional PCI endpoint
[    0.172397] pci 0000:00:01.1: [8086:7010] type 00 class 0x010180 conventional PCI endpoint
[    0.173615] pci 0000:00:01.1: BAR 4 [io  0xc0c0-0xc0cf]
[    0.175147] pci 0000:00:01.1: BAR 0 [io  0x01f0-0x01f7]: legacy IDE quirk
[    0.175988] pci 0000:00:01.1: BAR 1 [io  0x03f6]: legacy IDE quirk
[    0.176129] pci 0000:00:01.1: BAR 2 [io  0x0170-0x0177]: legacy IDE quirk
[    0.176970] pci 0000:00:01.1: BAR 3 [io  0x0376]: legacy IDE quirk
[    0.178218] pci 0000:00:01.3: [8086:7113] type 00 class 0x068000 conventional PCI endpoint
[    0.179321] pci 0000:00:01.3: quirk: [io  0x0600-0x063f] claimed by PIIX4 ACPI
[    0.180133] pci 0000:00:01.3: quirk: [io  0x0700-0x070f] claimed by PIIX4 SMB
[    0.181181] pci 0000:00:02.0: [1af4:1009] type 00 class 0x000200 conventional PCI endpoint
[    0.183133] pci 0000:00:02.0: BAR 0 [io  0xc000-0xc03f]
[    0.183791] pci 0000:00:02.0: BAR 1 [mem 0xfebfc000-0xfebfcfff]
[    0.184143] pci 0000:00:02.0: BAR 4 [mem 0xfebf0000-0xfebf3fff 64bit pref]
[    0.185571] pci 0000:00:03.0: [1af4:1009] type 00 class 0x000200 conventional PCI endpoint
[    0.188133] pci 0000:00:03.0: BAR 0 [io  0xc040-0xc07f]
[    0.188786] pci 0000:00:03.0: BAR 1 [mem 0xfebfd000-0xfebfdfff]
[    0.189143] pci 0000:00:03.0: BAR 4 [mem 0xfebf4000-0xfebf7fff 64bit pref]
[    0.190518] pci 0000:00:04.0: [8086:25ab] type 00 class 0x088000 conventional PCI endpoint
[    0.192589] pci 0000:00:04.0: BAR 0 [mem 0xfebfe000-0xfebfe00f]
[    0.193532] pci 0000:00:05.0: [1af4:1003] type 00 class 0x078000 conventional PCI endpoint
[    0.195658] pci 0000:00:05.0: BAR 0 [io  0xc080-0xc0bf]
[    0.196133] pci 0000:00:05.0: BAR 1 [mem 0xfebff000-0xfebfffff]
[    0.196884] pci 0000:00:05.0: BAR 4 [mem 0xfebf8000-0xfebfbfff 64bit pref]
[    0.198845] ACPI: PCI: Interrupt link LNKA configured for IRQ 10
[    0.199231] ACPI: PCI: Interrupt link LNKB configured for IRQ 10
[    0.200079] ACPI: PCI: Interrupt link LNKC configured for IRQ 11
[    0.201222] ACPI: PCI: Interrupt link LNKD configured for IRQ 11
[    0.202036] ACPI: PCI: Interrupt link LNKS configured for IRQ 9
[    0.202947] iommu: Default domain type: Translated
[    0.204129] iommu: DMA domain TLB invalidation policy: lazy mode
[    0.205315] SCSI subsystem initialized
[    0.206136] pps_core: LinuxPPS API ver. 1 registered
[    0.206752] pps_core: Software ver. 5.3.6 - Copyright 2005-2007 Rodolfo Giometti <giometti@linux.it>
[    0.208131] PTP clock support registered
[    0.208633] Advanced Linux Sound Architecture Driver Initialized.
[    0.209387] NET: Registered PF_ATMPVC protocol family
[    0.210018] NET: Registered PF_ATMSVC protocol family
[    0.210134] PCI: Using ACPI for IRQ routing
[    0.211140] vgaarb: loaded
[    0.211481] hpet0: at MMIO 0xfed00000, IRQs 2, 8, 0
[    0.211748] hpet0: 3 comparators, 64-bit 100.000000 MHz counter
[    0.217206] clocksource: Switched to clocksource kvm-clock
[    0.217892] VFS: Disk quotas dquot_6.6.0
[    0.218387] VFS: Dquot-cache hash table entries: 512 (order 0, 4096 bytes)
[    0.219912] pnp: PnP ACPI init
[    0.220467] pnp: PnP ACPI: found 5 devices
[    0.226983] clocksource: acpi_pm: mask: 0xffffff max_cycles: 0xffffff, max_idle_ns: 2085701024 ns
[    0.228094] NET: Registered PF_INET protocol family
[    0.228707] IP idents hash table entries: 16384 (order: 5, 131072 bytes, linear)
[    0.229770] tcp_listen_portaddr_hash hash table entries: 512 (order: 1, 8192 bytes, linear)
[    0.230812] Table-perturb hash table entries: 65536 (order: 6, 262144 bytes, linear)
[    0.231788] TCP established hash table entries: 8192 (order: 4, 65536 bytes, linear)
[    0.232745] TCP bind hash table entries: 8192 (order: 6, 262144 bytes, linear)
[    0.233647] TCP: Hash tables configured (established 8192 bind 8192)
[    0.234452] UDP hash table entries: 512 (order: 3, 32768 bytes, linear)
[    0.235273] UDP-Lite hash table entries: 512 (order: 3, 32768 bytes, linear)
[    0.236171] NET: Registered PF_UNIX/PF_LOCAL protocol family
[    0.236879] pci_bus 0000:00: resource 4 [io  0x0000-0x0cf7 window]
[    0.237641] pci_bus 0000:00: resource 5 [io  0x0d00-0xffff window]
[    0.238405] pci_bus 0000:00: resource 6 [mem 0x000a0000-0x000bffff window]
[    0.239255] pci_bus 0000:00: resource 7 [mem 0x40000000-0xfebfffff window]
[    0.240107] pci_bus 0000:00: resource 8 [mem 0x100000000-0x17fffffff window]
[    0.240998] pci 0000:00:01.0: PIIX3: Enabling Passive Release
[    0.241709] pci 0000:00:00.0: Limiting direct PCI/PCI transfers
[    0.242474] PCI: CLS 0 bytes, default 64
[    0.243032] kvm_intel: VMX not supported by CPU 25
[    0.243632] kvm_amd: TSC scaling supported
[    0.244146] kvm_amd: Nested Virtualization enabled
[    0.244734] kvm_amd: Nested Paging enabled
[    0.245243] kvm_amd: LBR virtualization supported
[    0.245830] kvm_amd: Virtual GIF supported
[    0.246333] kvm_amd: Virtual NMI enabled
[    0.271892] clocksource: tsc: mask: 0xffffffffffffffff max_cycles: 0x40be463295d, max_idle_ns: 440795209293 ns
[    0.277917] Initialise system trusted keyrings
[    0.278523] workingset: timestamp_bits=56 max_order=18 bucket_order=0
[    0.279358] squashfs: version 4.0 (2009/01/31) Phillip Lougher
[    0.280104] fuse: init (API version 7.44)
[    0.280645] 9p: Installing v9fs 9p2000 file system support
[    0.287951] Key type asymmetric registered
[    0.288465] Asymmetric key parser 'x509' registered
[    0.289085] Block layer SCSI generic (bsg) driver version 0.4 loaded (major 249)
[    0.290025] io scheduler mq-deadline registered
[    0.290589] io scheduler kyber registered
[    0.292612] input: Power Button as /devices/LNXSYSTM:00/LNXPWRBN:00/input/input0
[    0.293601] ACPI: button: Power Button [PWRF]
[    0.294532] Warning: Processor Platform Limit event detected, but not handled.
[    0.295409] Consider compiling CPUfreq support into your kernel.
[    0.312516] ACPI: \_SB_.LNKB: Enabled at IRQ 10
[    0.328074] ACPI: \_SB_.LNKC: Enabled at IRQ 11
[    0.343562] ACPI: \_SB_.LNKA: Enabled at IRQ 10
[    0.344656] Serial: 8250/16550 driver, 4 ports, IRQ sharing enabled
[    0.345545] 00:03: ttyS0 at I/O 0x3f8 (irq = 4, base_baud = 115200) is a 16550A
[    0.366215] Non-volatile memory driver v1.3
[    0.366788] Linux agpgart interface v0.103
[    0.367303] printk: legacy console [hvc0] enabled
[    0.367341] ACPI: bus type drm_connector registered
[    0.367910] printk: legacy bootconsole [earlyser0] disabled
          _      _                                    
   __   _(_)_ __| |_ _ __ ___   ___       _ __   __ _ 
   \ \ / / |  __| __|  _   _ \ / _ \_____|  _ \ / _  |
    \ V /| | |  | |_| | | | | |  __/_____| | | | (_| |
     \_/ |_|_|   \__|_| |_| |_|\___|     |_| |_|\__  |
                                                |___/ 
   kernel version: 6.15.0-virtme x86_64
   (CTRL+d to exit)

root@virtme-ng:/nipa-data/kernel# PS1='xx__-> '
xx__-> env
PWD=/nipa-data/kernel
nr_open=1048576
HOME=/
TERM=xterm
SHLVL=2
XDG_RUNTIME_DIR=/run/user/0
PATH=/bin:/sbin:/usr/bin:/usr/sbin:/usr/local/bin
OLDPWD=/
_=/bin/env
xx__-> 