No EFI environment detected.
early console in extract_kernel
input_data: 0x0000000004cbb2c4
input_len: 0x000000000189b786
output: 0x0000000001000000
output_len: 0x00000000054e14b0
kernel_total_size: 0x0000000005030000
needed_size: 0x0000000005600000
trampoline_32bit: 0x000000000009d000
Physical KASLR using RDRAND RDTSC...
Virtual KASLR using RDRAND RDTSC...

Decompressing Linux... Parsing ELF... Performing relocations... done.
Booting the kernel (entry_offset: 0x0000000000000000).
[    0.000000] Linux version 6.11.0-rc7-virtme (root@ef6452d0f8c6) (gcc (Ubuntu 13.2.0-23ubuntu4) 13.2.0, GNU ld (GNU Binutils for Ubuntu) 2.42) #1 SMP PREEMPT_DYNAMIC Fri Sep 13 03:27:45 UTC 2024
[    0.000000] Command line: virtme_hostname=virtme-ng nr_open=1048576 virtme_link_mods=/nipa-data/kernel/.virtme_mods/lib/modules/0.0.0 virtme_initmount0=nipa-data/kernel virtme_rw_overlay0=/etc virtme_rw_overlay1=/lib virtme_rw_overlay2=/home virtme_rw_overlay3=/opt virtme_rw_overlay4=/srv virtme_rw_overlay5=/usr virtme_rw_overlay6=/var console=hvc0 earlyprintk=serial,ttyS0,115200 virtme_console=ttyS0 psmouse.proto=exps TERM=xterm virtme_chdir=nipa-data/kernel virtme_root_user=1 rootfstype=9p rootflags=version=9p2000.L,trans=virtio,access=any raid=noautodetect ro init=/usr/lib/python3/dist-packages/virtme/guest/virtme-init
[    0.000000] x86/split lock detection: #DB: warning on user-space bus_locks
[    0.000000] BIOS-provided physical RAM map:
[    0.000000] BIOS-e820: [mem 0x0000000000000000-0x000000000009fbff] usable
[    0.000000] BIOS-e820: [mem 0x000000000009fc00-0x000000000009ffff] reserved
[    0.000000] BIOS-e820: [mem 0x00000000000f0000-0x00000000000fffff] reserved
[    0.000000] BIOS-e820: [mem 0x0000000000100000-0x000000003ffdffff] usable
[    0.000000] BIOS-e820: [mem 0x000000003ffe0000-0x000000003fffffff] reserved
[    0.000000] BIOS-e820: [mem 0x00000000feffc000-0x00000000feffffff] reserved
[    0.000000] BIOS-e820: [mem 0x00000000fffc0000-0x00000000ffffffff] reserved
[    0.000000] printk: legacy bootconsole [earlyser0] enabled
[    0.000000] NX (Execute Disable) protection: active
[    0.000000] APIC: Static calls initialized
[    0.000000] SMBIOS 3.0.0 present.
[    0.000000] DMI: QEMU Ubuntu 24.04 PC (i440FX + PIIX, 1996), BIOS 1.16.3-debian-1.16.3-2 04/01/2014
[    0.000000] DMI: Memory slots populated: 1/1
[    0.000000] Hypervisor detected: KVM
[    0.000000] kvm-clock: Using msrs 4b564d01 and 4b564d00
[    0.000001] kvm-clock: using sched offset of 1298412501 cycles
[    0.000752] clocksource: kvm-clock: mask: 0xffffffffffffffff max_cycles: 0x1cd42e4dffb, max_idle_ns: 881590591483 ns
[    0.003101] tsc: Detected 2000.000 MHz processor
[    0.004366] last_pfn = 0x3ffe0 max_arch_pfn = 0x10000000000
[    0.005225] MTRR map: 4 entries (3 fixed + 1 variable; max 19), built from 8 variable MTRRs
[    0.006430] x86/PAT: Configuration [0-7]: WB  WC  UC- UC  WB  WP  UC- WT  
[    0.014302] found SMP MP-table at [mem 0x000f5470-0x000f547f]
[    0.015144] Using GB pages for direct mapping
[    0.016035] ACPI: Early table checksum verification disabled
[    0.016850] ACPI: RSDP 0x00000000000F5290 000014 (v00 BOCHS )
[    0.017681] ACPI: RSDT 0x000000003FFE308E 000034 (v01 BOCHS  BXPC     00000001 BXPC 00000001)
[    0.018917] ACPI: FACP 0x000000003FFE2D8A 000074 (v01 BOCHS  BXPC     00000001 BXPC 00000001)
[    0.020147] ACPI: DSDT 0x000000003FFE0040 002D4A (v01 BOCHS  BXPC     00000001 BXPC 00000001)
[    0.021372] ACPI: FACS 0x000000003FFE0000 000040
[    0.022043] ACPI: APIC 0x000000003FFE2DFE 000230 (v03 BOCHS  BXPC     00000001 BXPC 00000001)
[    0.023269] ACPI: HPET 0x000000003FFE302E 000038 (v01 BOCHS  BXPC     00000001 BXPC 00000001)
[    0.024496] ACPI: WAET 0x000000003FFE3066 000028 (v01 BOCHS  BXPC     00000001 BXPC 00000001)
[    0.025718] ACPI: Reserving FACP table memory at [mem 0x3ffe2d8a-0x3ffe2dfd]
[    0.026732] ACPI: Reserving DSDT table memory at [mem 0x3ffe0040-0x3ffe2d89]
[    0.027744] ACPI: Reserving FACS table memory at [mem 0x3ffe0000-0x3ffe003f]
[    0.028754] ACPI: Reserving APIC table memory at [mem 0x3ffe2dfe-0x3ffe302d]
[    0.029764] ACPI: Reserving HPET table memory at [mem 0x3ffe302e-0x3ffe3065]
[    0.030778] ACPI: Reserving WAET table memory at [mem 0x3ffe3066-0x3ffe308d]
[    0.032291] No NUMA configuration found
[    0.032843] Faking a node at [mem 0x0000000000000000-0x000000003ffdffff]
[    0.033807] NODE_DATA(0) allocated [mem 0x3ffdb000-0x3ffdffff]
[    0.034801] Zone ranges:
[    0.035166]   DMA      [mem 0x0000000000001000-0x0000000000ffffff]
[    0.036056]   DMA32    [mem 0x0000000001000000-0x000000003ffdffff]
[    0.036945]   Normal   empty
[    0.037360]   Device   empty
[    0.037775] Movable zone start for each node
[    0.038391] Early memory node ranges
[    0.038905]   node   0: [mem 0x0000000000001000-0x000000000009efff]
[    0.039817]   node   0: [mem 0x0000000000100000-0x000000003ffdffff]
[    0.040717] Initmem setup node 0 [mem 0x0000000000001000-0x000000003ffdffff]
[    0.041735] On node 0, zone DMA: 1 pages in unavailable ranges
[    0.042678] On node 0, zone DMA: 97 pages in unavailable ranges
[    0.052134] On node 0, zone DMA32: 32 pages in unavailable ranges
[    0.085319] kasan: KernelAddressSanitizer initialized
[    0.086596] ACPI: PM-Timer IO Port: 0x608
[    0.087205] ACPI: LAPIC_NMI (acpi_id[0xff] dfl dfl lint[0x1])
[    0.088085] IOAPIC[0]: apic_id 0, version 17, address 0xfec00000, GSI 0-23
[    0.089073] ACPI: INT_SRC_OVR (bus 0 bus_irq 0 global_irq 2 dfl dfl)
[    0.089991] ACPI: INT_SRC_OVR (bus 0 bus_irq 5 global_irq 5 high level)
[    0.090942] ACPI: INT_SRC_OVR (bus 0 bus_irq 9 global_irq 9 high level)
[    0.091889] ACPI: INT_SRC_OVR (bus 0 bus_irq 10 global_irq 10 high level)
[    0.092861] ACPI: INT_SRC_OVR (bus 0 bus_irq 11 global_irq 11 high level)
[    0.093839] ACPI: Using ACPI (MADT) for SMP configuration information
[    0.094767] ACPI: HPET id: 0x8086a201 base: 0xfed00000
[    0.095508] TSC deadline timer available
[    0.096074] CPU topo: Max. logical packages:   1
[    0.096740] CPU topo: Max. logical dies:       1
[    0.097404] CPU topo: Max. dies per package:   1
[    0.098072] CPU topo: Max. threads per core:   1
[    0.098736] CPU topo: Num. cores per package:    56
[    0.099436] CPU topo: Num. threads per package:  56
[    0.100135] CPU topo: Allowing 56 present CPUs plus 0 hotplug CPUs
[    0.101065] kvm-guest: APIC: eoi() replaced with kvm_guest_apic_eoi_write()
[    0.102164] kvm-guest: KVM setup pv remote TLB flush
[    0.102882] kvm-guest: setup PV sched yield
[    0.103490] PM: hibernation: Registered nosave memory: [mem 0x00000000-0x00000fff]
[    0.104577] PM: hibernation: Registered nosave memory: [mem 0x0009f000-0x0009ffff]
[    0.105662] PM: hibernation: Registered nosave memory: [mem 0x000a0000-0x000effff]
[    0.106749] PM: hibernation: Registered nosave memory: [mem 0x000f0000-0x000fffff]
[    0.107834] [mem 0x40000000-0xfeffbfff] available for PCI devices
[    0.108708] Booting paravirtualized kernel on KVM
[    0.109383] clocksource: refined-jiffies: mask: 0xffffffff max_cycles: 0xffffffff, max_idle_ns: 1910969940391419 ns
[    0.132007] setup_percpu: NR_CPUS:64 nr_cpumask_bits:56 nr_cpu_ids:56 nr_node_ids:1
[    0.142286] percpu: Embedded 70 pages/cpu s248024 r8192 d30504 u524288
[    0.143441] Kernel command line: virtme_hostname=virtme-ng nr_open=1048576 virtme_link_mods=/nipa-data/kernel/.virtme_mods/lib/modules/0.0.0 virtme_initmount0=nipa-data/kernel virtme_rw_overlay0=/etc virtme_rw_overlay1=/lib virtme_rw_overlay2=/home virtme_rw_overlay3=/opt virtme_rw_overlay4=/srv virtme_rw_overlay5=/usr virtme_rw_overlay6=/var console=hvc0 earlyprintk=serial,ttyS0,115200 virtme_console=ttyS0 psmouse.proto=exps TERM=xterm virtme_chdir=nipa-data/kernel virtme_root_user=1 rootfstype=9p rootflags=version=9p2000.L,trans=virtio,access=any raid=noautodetect ro init=/usr/lib/python3/dist-packages/virtme/guest/virtme-init
[    0.151843] Unknown kernel command line parameters "virtme_hostname=virtme-ng nr_open=1048576 virtme_link_mods=/nipa-data/kernel/.virtme_mods/lib/modules/0.0.0 virtme_initmount0=nipa-data/kernel virtme_rw_overlay0=/etc virtme_rw_overlay1=/lib virtme_rw_overlay2=/home virtme_rw_overlay3=/opt virtme_rw_overlay4=/srv virtme_rw_overlay5=/usr virtme_rw_overlay6=/var virtme_console=ttyS0 virtme_chdir=nipa-data/kernel virtme_root_user=1", will be passed to user space.
[    0.157810] random: crng init done
[    0.158310] printk: log_buf_len individual max cpu contribution: 4096 bytes
[    0.159325] printk: log_buf_len total cpu_extra contributions: 225280 bytes
[    0.160338] printk: log_buf_len min size: 262144 bytes
[    0.161965] printk: log_buf_len: 524288 bytes
[    0.162634] printk: early log buf free: 253864(96%)
[    0.163809] Dentry cache hash table entries: 131072 (order: 8, 1048576 bytes, linear)
[    0.165023] Inode-cache hash table entries: 65536 (order: 7, 524288 bytes, linear)
[    0.168714] Fallback order for Node 0: 0 
[    0.168730] Built 1 zonelists, mobility grouping on.  Total pages: 262014
[    0.170250] Policy zone: DMA32
[    0.170675] mem auto-init: stack:all(zero), heap alloc:off, heap free:off
[    0.171613] stackdepot: allocating hash table via alloc_large_system_hash
[    0.172553] stackdepot hash table entries: 1048576 (order: 12, 16777216 bytes, linear)
[    0.196820] SLUB: HWalign=64, Order=0-3, MinObjects=0, CPUs=56, Nodes=1
Poking KASLR using RDRAND RDTSC...
[    0.198357] ftrace: allocating 48403 entries in 190 pages
[    0.217851] ftrace: allocated 190 pages with 6 groups
[    0.220467] Dynamic Preempt: voluntary
[    0.223053] rcu: Preemptible hierarchical RCU implementation.
[    0.223871] rcu: RCU event tracing is enabled.
[    0.224498] rcu: RCU restricting CPUs from NR_CPUS=64 to nr_cpu_ids=56.
[    0.225426] Trampoline variant of Tasks RCU enabled.
[    0.226128] Rude variant of Tasks RCU enabled.
[    0.226755] Tracing variant of Tasks RCU enabled.
[    0.227418] rcu: RCU calculated value of scheduler-enlistment delay is 100 jiffies.
[    0.228476] rcu: Adjusting geometry for rcu_fanout_leaf=16, nr_cpu_ids=56
[    0.229725] RCU Tasks: Setting shift to 6 and lim to 1 rcu_task_cb_adjust=1.
[    0.230709] RCU Tasks Rude: Setting shift to 6 and lim to 1 rcu_task_cb_adjust=1.
[    0.231747] RCU Tasks Trace: Setting shift to 6 and lim to 1 rcu_task_cb_adjust=1.
[    0.252841] NR_IRQS: 4352, nr_irqs: 872, preallocated irqs: 16
[    0.254209] rcu: srcu_init: Setting srcu_struct sizes based on contention.
[    0.255644] Console: colour *CGA 80x25
[    0.256285] ACPI: Core revision 20240322
[    0.257184] clocksource: hpet: mask: 0xffffffff max_cycles: 0xffffffff, max_idle_ns: 19112604467 ns
[    0.258587] APIC: Switch to symmetric I/O mode setup
[    0.259462] APIC: Switched APIC routing to: physical flat
[    0.260571] kvm-guest: APIC: send_IPI_mask() replaced with kvm_send_ipi_mask()
[    0.262173] kvm-guest: APIC: send_IPI_mask_allbutself() replaced with kvm_send_ipi_mask_allbutself()
[    0.263497] kvm-guest: setup PV IPIs
[    0.266001] ..TIMER: vector=0x30 apic1=0 pin1=2 apic2=-1 pin2=-1
[    0.267348] clocksource: tsc-early: mask: 0xffffffffffffffff max_cycles: 0x39a85c9bff6, max_idle_ns: 881590591483 ns
[    0.269576] Calibrating delay loop (skipped) preset value.. 4000.00 BogoMIPS (lpj=2000000)
[    0.270797] x86/cpu: User Mode Instruction Prevention (UMIP) activated
[    0.271720] Last level iTLB entries: 4KB 0, 2MB 0, 4MB 0
[    0.272570] Last level dTLB entries: 4KB 0, 2MB 0, 4MB 0, 1GB 0
[    0.273593] Spectre V1 : Mitigation: usercopy/swapgs barriers and __user pointer sanitization
[    0.274578] Spectre V2 : Spectre BHI mitigation: SW BHB clearing on syscall and VM exit
[    0.275569] Spectre V2 : Mitigation: Enhanced / Automatic IBRS
[    0.276569] Spectre V2 : Spectre v2 / SpectreRSB mitigation: Filling RSB on context switch
[    0.277569] Spectre V2 : Spectre v2 / PBRSB-eIBRS: Retire a single CALL on VMEXIT
[    0.278572] Spectre V2 : mitigation: Enabling conditional Indirect Branch Prediction Barrier
[    0.279573] Speculative Store Bypass: Mitigation: Speculative Store Bypass disabled via prctl
[    0.280573] TAA: Mitigation: TSX disabled
[    0.281654] x86/fpu: Supporting XSAVE feature 0x001: 'x87 floating point registers'
[    0.282569] x86/fpu: Supporting XSAVE feature 0x002: 'SSE registers'
[    0.283572] x86/fpu: Supporting XSAVE feature 0x004: 'AVX registers'
[    0.284578] x86/fpu: Supporting XSAVE feature 0x020: 'AVX-512 opmask'
[    0.285572] x86/fpu: Supporting XSAVE feature 0x040: 'AVX-512 Hi256'
[    0.286577] x86/fpu: Supporting XSAVE feature 0x080: 'AVX-512 ZMM_Hi256'
[    0.287577] x86/fpu: Supporting XSAVE feature 0x200: 'Protection Keys User registers'
[    0.288577] x86/fpu: Supporting XSAVE feature 0x20000: 'AMX Tile config'
[    0.289573] x86/fpu: Supporting XSAVE feature 0x40000: 'AMX Tile data'
[    0.290578] x86/fpu: xstate_offset[2]:  576, xstate_sizes[2]:  256
[    0.291570] x86/fpu: xstate_offset[5]:  832, xstate_sizes[5]:   64
[    0.292569] x86/fpu: xstate_offset[6]:  896, xstate_sizes[6]:  512
[    0.293569] x86/fpu: xstate_offset[7]: 1408, xstate_sizes[7]: 1024
[    0.294569] x86/fpu: xstate_offset[9]: 2432, xstate_sizes[9]:    8
[    0.295569] x86/fpu: xstate_offset[17]: 2496, xstate_sizes[17]:   64
[    0.296569] x86/fpu: xstate_offset[18]: 2560, xstate_sizes[18]: 8192
[    0.297569] x86/fpu: Enabled xstate features 0x602e7, context size is 10752 bytes, using 'compacted' format.
[    0.341506] Freeing SMP alternatives memory: 40K
[    0.341571] pid_max: default: 57344 minimum: 448
[    0.343769] Mount-cache hash table entries: 2048 (order: 2, 16384 bytes, linear)
[    0.344573] Mountpoint-cache hash table entries: 2048 (order: 2, 16384 bytes, linear)
[    0.347115] smpboot: CPU0: Intel(R) Xeon(R) Platinum 8480+ (family: 0x6, model: 0x8f, stepping: 0x6)
[    0.348377] Performance Events: PEBS fmt0-, Sapphire Rapids events, full-width counters, Intel PMU driver.
[    0.348575] ... version:                2
[    0.349377] ... bit width:              48
[    0.349572] ... generic registers:      8
[    0.350379] ... value mask:             0000ffffffffffff
[    0.350571] ... max period:             00007fffffffffff
[    0.351571] ... fixed-purpose events:   3
[    0.352382] ... event mask:             00000007000000ff
[    0.352927] signal: max sigframe size: 11952
[    0.353640] rcu: Hierarchical SRCU implementation.
[    0.354572] rcu: Max phase no-delay instances is 400.
[    0.355681] Timer migration: 2 hierarchy levels; 8 children per group; 2 crossnode level
[    0.359207] smp: Bringing up secondary CPUs ...
[    0.359871] smpboot: x86: Booting SMP configuration:
[    0.360576] .... node  #0, CPUs:        #1  #2  #3  #4  #5  #6  #7  #8  #9 #10 #11 #12 #13 #14 #15 #16 #17 #18 #19 #20 #21 #22 #23 #24 #25 #26 #27 #28 #29 #30 #31 #32 #33 #34 #35 #36 #37 #38 #39 #40 #41 #42 #43 #44 #45 #46 #47 #48 #49 #50 #51 #52 #53 #54 #55
[    0.424451] smp: Brought up 1 node, 56 CPUs
[    0.425422] smpboot: Total of 56 processors activated (224000.00 BogoMIPS)
[    0.440087] Memory: 742832K/1048056K available (45056K kernel code, 11299K rwdata, 9932K rodata, 5956K init, 1960K bss, 280356K reserved, 0K cma-reserved)
[    0.441156] devtmpfs: initialized
[    0.441832] x86/mm: Memory block size: 128MB
[    0.451987] clocksource: jiffies: mask: 0xffffffff max_cycles: 0xffffffff, max_idle_ns: 1911260446275000 ns
[    0.452595] futex hash table entries: 16384 (order: 8, 1048576 bytes, linear)
[    0.454573] PM: RTC time: 03:28:30, date: 2024-09-13
[    0.458173] NET: Registered PF_NETLINK/PF_ROUTE protocol family
[    0.459759] thermal_sys: Registered thermal governor 'step_wise'
[    0.459763] thermal_sys: Registered thermal governor 'user_space'
[    0.460648] cpuidle: using governor menu
[    0.464547] PCI: Using configuration type 1 for base access
[    0.464747] kprobes: kprobe jump-optimization is enabled. All kprobes are optimized if possible.
[    0.513927] HugeTLB: registered 1.00 GiB page size, pre-allocated 0 pages
[    0.515581] HugeTLB: 16380 KiB vmemmap can be freed for a 1.00 GiB page
[    0.517575] HugeTLB: registered 2.00 MiB page size, pre-allocated 0 pages
[    0.519572] HugeTLB: 28 KiB vmemmap can be freed for a 2.00 MiB page
[    0.522754] ACPI: Added _OSI(Module Device)
[    0.523568] ACPI: Added _OSI(Processor Device)
[    0.524574] ACPI: Added _OSI(3.0 _SCP Extensions)
[    0.525553] ACPI: Added _OSI(Processor Aggregator Device)
[    0.556424] ACPI: 1 ACPI AML tables successfully acquired and loaded
[    0.567485] ACPI: Interpreter enabled
[    0.567651] ACPI: PM: (supports S0 S3 S4 S5)
[    0.568539] ACPI: Using IOAPIC for interrupt routing
[    0.569647] PCI: Using host bridge windows from ACPI; if necessary, use "pci=nocrs" and report a bug
[    0.571573] PCI: Using E820 reservations for host bridge windows
[    0.574036] ACPI: Enabled 2 GPEs in block 00 to 0F
[    0.635711] ACPI: PCI Root Bridge [PCI0] (domain 0000 [bus 00-ff])
[    0.636590] acpi PNP0A03:00: _OSC: OS supports [ASPM ClockPM Segments MSI HPX-Type3]
[    0.638573] acpi PNP0A03:00: _OSC: not requesting OS control; OS requires [ExtendedConfig ASPM ClockPM MSI]
[    0.640706] acpi PNP0A03:00: fail to add MMCONFIG information, can't access extended configuration space under this bridge
[    0.643014] PCI host bridge to bus 0000:00
[    0.643636] pci_bus 0000:00: root bus resource [io  0x0000-0x0cf7 window]
[    0.644575] pci_bus 0000:00: root bus resource [io  0x0d00-0xffff window]
[    0.645575] pci_bus 0000:00: root bus resource [mem 0x000a0000-0x000bffff window]
[    0.647575] pci_bus 0000:00: root bus resource [mem 0x40000000-0xfebfffff window]
[    0.648574] pci_bus 0000:00: root bus resource [mem 0x100000000-0x17fffffff window]
[    0.650575] pci_bus 0000:00: root bus resource [bus 00-ff]
[    0.651643] pci 0000:00:00.0: [8086:1237] type 00 class 0x060000 conventional PCI endpoint
[    0.653833] pci 0000:00:01.0: [8086:7000] type 00 class 0x060100 conventional PCI endpoint
[    0.656965] pci 0000:00:01.1: [8086:7010] type 00 class 0x010180 conventional PCI endpoint
[    0.661934] pci 0000:00:01.1: BAR 4 [io  0xc0c0-0xc0cf]
[    0.663953] pci 0000:00:01.1: BAR 0 [io  0x01f0-0x01f7]: legacy IDE quirk
[    0.665572] pci 0000:00:01.1: BAR 1 [io  0x03f6]: legacy IDE quirk
[    0.666572] pci 0000:00:01.1: BAR 2 [io  0x0170-0x0177]: legacy IDE quirk
[    0.668572] pci 0000:00:01.1: BAR 3 [io  0x0376]: legacy IDE quirk
[    0.671568] pci 0000:00:01.3: [8086:7113] type 00 class 0x068000 conventional PCI endpoint
[    0.674193] pci 0000:00:01.3: quirk: [io  0x0600-0x063f] claimed by PIIX4 ACPI
[    0.675582] pci 0000:00:01.3: quirk: [io  0x0700-0x070f] claimed by PIIX4 SMB
[    0.678610] pci 0000:00:02.0: [1af4:1009] type 00 class 0x000200 conventional PCI endpoint
[    0.682323] pci 0000:00:02.0: BAR 0 [io  0xc000-0xc03f]
[    0.684576] pci 0000:00:02.0: BAR 1 [mem 0xfebfc000-0xfebfcfff]
[    0.691576] pci 0000:00:02.0: BAR 4 [mem 0xfebf0000-0xfebf3fff 64bit pref]
[    0.708955] pci 0000:00:03.0: [1af4:1009] type 00 class 0x000200 conventional PCI endpoint
[    0.711575] pci 0000:00:03.0: BAR 0 [io  0xc040-0xc07f]
[    0.714576] pci 0000:00:03.0: BAR 1 [mem 0xfebfd000-0xfebfdfff]
[    0.718576] pci 0000:00:03.0: BAR 4 [mem 0xfebf4000-0xfebf7fff 64bit pref]
[    0.734026] pci 0000:00:04.0: [8086:25ab] type 00 class 0x088000 conventional PCI endpoint
[    0.737583] pci 0000:00:04.0: BAR 0 [mem 0xfebfe000-0xfebfe00f]
[    0.754495] pci 0000:00:05.0: [1af4:1003] type 00 class 0x078000 conventional PCI endpoint
[    0.757574] pci 0000:00:05.0: BAR 0 [io  0xc080-0xc0bf]
[    0.759574] pci 0000:00:05.0: BAR 1 [mem 0xfebff000-0xfebfffff]
[    0.764576] pci 0000:00:05.0: BAR 4 [mem 0xfebf8000-0xfebfbfff 64bit pref]
[    0.784485] ACPI: PCI: Interrupt link LNKA configured for IRQ 10
[    0.786658] ACPI: PCI: Interrupt link LNKB configured for IRQ 10
[    0.788632] ACPI: PCI: Interrupt link LNKC configured for IRQ 11
[    0.791612] ACPI: PCI: Interrupt link LNKD configured for IRQ 11
[    0.793013] ACPI: PCI: Interrupt link LNKS configured for IRQ 9
[    0.828448] iommu: Default domain type: Translated
[    0.829573] iommu: DMA domain TLB invalidation policy: lazy mode
[    0.832162] SCSI subsystem initialized
[    0.833853] pps_core: LinuxPPS API ver. 1 registered
[    0.834575] pps_core: Software ver. 5.3.6 - Copyright 2005-2007 Rodolfo Giometti <giometti@linux.it>
[    0.836588] PTP clock support registered
[    0.838734] Advanced Linux Sound Architecture Driver Initialized.
[    0.842406] NET: Registered PF_ATMPVC protocol family
[    0.843572] NET: Registered PF_ATMSVC protocol family
[    0.844603] PCI: Using ACPI for IRQ routing
[    0.846594] vgaarb: loaded
[    0.847790] hpet0: at MMIO 0xfed00000, IRQs 2, 8, 0
[    0.848572] hpet0: 3 comparators, 64-bit 100.000000 MHz counter
[    0.859141] clocksource: Switched to clocksource kvm-clock
[    0.860928] VFS: Disk quotas dquot_6.6.0
[    0.861774] VFS: Dquot-cache hash table entries: 512 (order 0, 4096 bytes)
[    0.867671] pnp: PnP ACPI init
[    0.873150] pnp: PnP ACPI: found 5 devices
[    0.892463] clocksource: acpi_pm: mask: 0xffffff max_cycles: 0xffffff, max_idle_ns: 2085701024 ns
[    0.894425] NET: Registered PF_INET protocol family
[    0.895513] IP idents hash table entries: 16384 (order: 5, 131072 bytes, linear)
[    0.897780] tcp_listen_portaddr_hash hash table entries: 512 (order: 1, 8192 bytes, linear)
[    0.899500] Table-perturb hash table entries: 65536 (order: 6, 262144 bytes, linear)
[    0.901104] TCP established hash table entries: 8192 (order: 4, 65536 bytes, linear)
[    0.902689] TCP bind hash table entries: 8192 (order: 6, 262144 bytes, linear)
[    0.904177] TCP: Hash tables configured (established 8192 bind 8192)
[    0.906151] UDP hash table entries: 512 (order: 2, 16384 bytes, linear)
[    0.907539] UDP-Lite hash table entries: 512 (order: 2, 16384 bytes, linear)
[    0.909406] NET: Registered PF_UNIX/PF_LOCAL protocol family
[    0.910585] pci_bus 0000:00: resource 4 [io  0x0000-0x0cf7 window]
[    0.911837] pci_bus 0000:00: resource 5 [io  0x0d00-0xffff window]
[    0.913082] pci_bus 0000:00: resource 6 [mem 0x000a0000-0x000bffff window]
[    0.914479] pci_bus 0000:00: resource 7 [mem 0x40000000-0xfebfffff window]
[    0.915864] pci_bus 0000:00: resource 8 [mem 0x100000000-0x17fffffff window]
[    0.917529] pci 0000:00:01.0: PIIX3: Enabling Passive Release
[    0.918701] pci 0000:00:00.0: Limiting direct PCI/PCI transfers
[    0.919991] PCI: CLS 0 bytes, default 64
[    0.938448] RAPL PMU: API unit is 2^-32 Joules, 1 fixed counters, 10737418240 ms ovfl timer
[    0.940416] RAPL PMU: hw unit of domain psys 2^-0 Joules
[    1.272455] kwatchdog (374) used greatest stack depth: 30696 bytes left
[    1.523293] kvm_amd: CPU 47 isn't AMD or Hygon
[    1.524241] clocksource: tsc: mask: 0xffffffffffffffff max_cycles: 0x39a85c9bff6, max_idle_ns: 881590591483 ns
[    1.678320] Initialise system trusted keyrings
[    1.680213] workingset: timestamp_bits=56 max_order=18 bucket_order=0
[    1.682052] squashfs: version 4.0 (2009/01/31) Phillip Lougher
[    1.683306] fuse: init (API version 7.40)
[    1.684867] 9p: Installing v9fs 9p2000 file system support
[    1.705071] Key type asymmetric registered
[    1.705932] Asymmetric key parser 'x509' registered
[    1.707025] Block layer SCSI generic (bsg) driver version 0.4 loaded (major 249)
[    1.708566] io scheduler mq-deadline registered
[    1.709503] io scheduler kyber registered
[    1.730758] input: Power Button as /devices/LNXSYSTM:00/LNXPWRBN:00/input/input0
[    1.732935] ACPI: button: Power Button [PWRF]
[    1.737003] Warning: Processor Platform Limit event detected, but not handled.
[    1.739896] Consider compiling CPUfreq support into your kernel.
[    2.655879] ACPI: \_SB_.LNKB: Enabled at IRQ 10
[    3.533297] ACPI: \_SB_.LNKC: Enabled at IRQ 11
[    4.340814] ACPI: \_SB_.LNKA: Enabled at IRQ 10
[    4.342552] Serial: 8250/16550 driver, 4 ports, IRQ sharing enabled
[    4.343522] 00:03: ttyS0 at I/O 0x3f8 (irq = 4, base_baud = 115200) is a 16550A
[    4.374095] Non-volatile memory driver v1.3
[    4.374586] Linux agpgart interface v0.103
[    4.375777] ACPI: bus type drm_connector registered
[    4.377362] printk: legacy console [hvc0] enabled
[    4.378379] printk: legacy bootconsole [earlyser0] disabled
          _      _                                    
   __   _(_)_ __| |_ _ __ ___   ___       _ __   __ _ 
   \ \ / / |  __| __|  _   _ \ / _ \_____|  _ \ / _  |
    \ V /| | |  | |_| | | | | |  __/_____| | | | (_| |
     \_/ |_|_|   \__|_| |_| |_|\___|     |_| |_|\__  |
                                                |___/ 
   kernel version: 6.11.0-rc7-virtme x86_64
   (CTRL+d to exit)

root@virtme-ng:/nipa-data/kernel# PS1='xx__-> '
xx__-> env
PWD=/nipa-data/kernel
nr_open=1048576
HOME=/
TERM=xterm
SHLVL=2
XDG_RUNTIME_DIR=/run/user/0
PATH=/bin:/sbin:/usr/bin:/usr/sbin:/usr/local/bin
OLDPWD=/
_=/bin/env
xx__-> 