No EFI environment detected.
early console in extract_kernel
input_data: 0x000000000306a2b9
input_len: 0x0000000000b79ddd
output: 0x0000000001000000
output_len: 0x000000000252a6b4
kernel_total_size: 0x0000000002c30000
needed_size: 0x0000000002e00000
trampoline_32bit: 0x0000000000000000
Physical KASLR using RDRAND RDTSC...
Virtual KASLR using RDRAND RDTSC...

Decompressing Linux... Parsing ELF... Performing relocations... done.
Booting the kernel (entry_offset: 0x0000000000000000).
[    0.000000] Linux version 6.7.0-virtme (root@ec8d4212074e) (gcc (Alpine 13.2.1_git20231014) 13.2.1 20231014, GNU ld (GNU Binutils) 2.41) #1 SMP PREEMPT_DYNAMIC Wed Jan 24 21:06:01 UTC 2024
[    0.000000] Command line: virtme_hostname=virtme-ng virtme_link_mods=/nipa-data/kernel/.virtme_mods/lib/modules/0.0.0 virtme_initmount0=nipa-data/kernel virtme_rw_overlay0=/etc virtme_rw_overlay1=/lib virtme_rw_overlay2=/home virtme_rw_overlay3=/opt virtme_rw_overlay4=/srv virtme_rw_overlay5=/usr virtme_rw_overlay6=/var earlyprintk=serial,ttyS0,115200 console=ttyS0 psmouse.proto=exps virtme_chdir=nipa-data/kernel virtme_root_user=1 rootfstype=9p rootflags=version=9p2000.L,trans=virtio,access=any raid=noautodetect ro init=/usr/lib/python3.11/site-packages/virtme/guest/virtme-init
[    0.000000] BIOS-provided physical RAM map:
[    0.000000] BIOS-e820: [mem 0x0000000000000000-0x000000000009fbff] usable
[    0.000000] BIOS-e820: [mem 0x000000000009fc00-0x000000000009ffff] reserved
[    0.000000] BIOS-e820: [mem 0x00000000000f0000-0x00000000000fffff] reserved
[    0.000000] BIOS-e820: [mem 0x0000000000100000-0x000000003ffdffff] usable
[    0.000000] BIOS-e820: [mem 0x000000003ffe0000-0x000000003fffffff] reserved
[    0.000000] BIOS-e820: [mem 0x00000000feffc000-0x00000000feffffff] reserved
[    0.000000] BIOS-e820: [mem 0x00000000fffc0000-0x00000000ffffffff] reserved
[    0.000000] BIOS-e820: [mem 0x000000fd00000000-0x000000ffffffffff] reserved
[    0.000000] printk: legacy bootconsole [earlyser0] enabled
[    0.000000] NX (Execute Disable) protection: active
[    0.000000] APIC: Static calls initialized
[    0.000000] SMBIOS 3.0.0 present.
[    0.000000] DMI: QEMU Standard PC (i440FX + PIIX, 1996), BIOS rel-1.16.3-0-ga6ed6b701f0a-prebuilt.qemu.org 04/01/2014
[    0.000000] Hypervisor detected: KVM
[    0.000000] kvm-clock: Using msrs 4b564d01 and 4b564d00
[    0.000000] kvm-clock: using sched offset of 257838886 cycles
[    0.000383] clocksource: kvm-clock: mask: 0xffffffffffffffff max_cycles: 0x1cd42e4dffb, max_idle_ns: 881590591483 ns
[    0.001581] tsc: Detected 4491.536 MHz processor
[    0.002178] last_pfn = 0x3ffe0 max_arch_pfn = 0x400000000
[    0.002599] MTRR map: 4 entries (3 fixed + 1 variable; max 19), built from 8 variable MTRRs
[    0.003214] x86/PAT: Configuration [0-7]: WB  WC  UC- UC  WB  WP  UC- WT  
Memory KASLR using RDRAND RDTSC...
[    0.005266] found SMP MP-table at [mem 0x000f5470-0x000f547f]
[    0.005694] Using GB pages for direct mapping
[    0.006086] ACPI: Early table checksum verification disabled
[    0.006506] ACPI: RSDP 0x00000000000F5290 000014 (v00 BOCHS )
[    0.006932] ACPI: RSDT 0x000000003FFE27B6 000034 (v01 BOCHS  BXPC     00000001 BXPC 00000001)
[    0.007563] ACPI: FACP 0x000000003FFE2572 000074 (v01 BOCHS  BXPC     00000001 BXPC 00000001)
[    0.008193] ACPI: DSDT 0x000000003FFE0040 002532 (v01 BOCHS  BXPC     00000001 BXPC 00000001)
[    0.008821] ACPI: FACS 0x000000003FFE0000 000040
[    0.009164] ACPI: APIC 0x000000003FFE25E6 000170 (v03 BOCHS  BXPC     00000001 BXPC 00000001)
[    0.009792] ACPI: HPET 0x000000003FFE2756 000038 (v01 BOCHS  BXPC     00000001 BXPC 00000001)
[    0.010419] ACPI: WAET 0x000000003FFE278E 000028 (v01 BOCHS  BXPC     00000001 BXPC 00000001)
[    0.011056] ACPI: Reserving FACP table memory at [mem 0x3ffe2572-0x3ffe25e5]
[    0.011580] ACPI: Reserving DSDT table memory at [mem 0x3ffe0040-0x3ffe2571]
[    0.012103] ACPI: Reserving FACS table memory at [mem 0x3ffe0000-0x3ffe003f]
[    0.012624] ACPI: Reserving APIC table memory at [mem 0x3ffe25e6-0x3ffe2755]
[    0.013148] ACPI: Reserving HPET table memory at [mem 0x3ffe2756-0x3ffe278d]
[    0.013671] ACPI: Reserving WAET table memory at [mem 0x3ffe278e-0x3ffe27b5]
[    0.014332] No NUMA configuration found
[    0.014614] Faking a node at [mem 0x0000000000000000-0x000000003ffdffff]
[    0.015106] NODE_DATA(0) allocated [mem 0x3ffdb000-0x3ffdffff]
[    0.015548] Zone ranges:
[    0.015735]   DMA      [mem 0x0000000000001000-0x0000000000ffffff]
[    0.016190]   DMA32    [mem 0x0000000001000000-0x000000003ffdffff]
[    0.016645]   Normal   empty
[    0.016859]   Device   empty
[    0.017075] Movable zone start for each node
[    0.017391] Early memory node ranges
[    0.017654]   node   0: [mem 0x0000000000001000-0x000000000009efff]
[    0.018115]   node   0: [mem 0x0000000000100000-0x000000003ffdffff]
[    0.018576] Initmem setup node 0 [mem 0x0000000000001000-0x000000003ffdffff]
[    0.019097] On node 0, zone DMA: 1 pages in unavailable ranges
[    0.019540] On node 0, zone DMA: 97 pages in unavailable ranges
[    0.020972] On node 0, zone DMA32: 32 pages in unavailable ranges
[    0.021626] ACPI: PM-Timer IO Port: 0x608
[    0.021926] ACPI: LAPIC_NMI (acpi_id[0xff] dfl dfl lint[0x1])
[    0.022369] IOAPIC[0]: apic_id 0, version 17, address 0xfec00000, GSI 0-23
[    0.022881] ACPI: INT_SRC_OVR (bus 0 bus_irq 0 global_irq 2 dfl dfl)
[    0.023351] ACPI: INT_SRC_OVR (bus 0 bus_irq 5 global_irq 5 high level)
[    0.023843] ACPI: INT_SRC_OVR (bus 0 bus_irq 9 global_irq 9 high level)
[    0.024337] ACPI: INT_SRC_OVR (bus 0 bus_irq 10 global_irq 10 high level)
[    0.024842] ACPI: INT_SRC_OVR (bus 0 bus_irq 11 global_irq 11 high level)
[    0.025353] ACPI: Using ACPI (MADT) for SMP configuration information
[    0.025832] ACPI: HPET id: 0x8086a201 base: 0xfed00000
[    0.026215] TSC deadline timer available
[    0.026507] smpboot: Allowing 32 CPUs, 0 hotplug CPUs
[    0.026898] kvm-guest: APIC: eoi() replaced with kvm_guest_apic_eoi_write()
[    0.027426] kvm-guest: KVM setup pv remote TLB flush
[    0.027800] kvm-guest: setup PV sched yield
[    0.028117] PM: hibernation: Registered nosave memory: [mem 0x00000000-0x00000fff]
[    0.028678] PM: hibernation: Registered nosave memory: [mem 0x0009f000-0x0009ffff]
[    0.029242] PM: hibernation: Registered nosave memory: [mem 0x000a0000-0x000effff]
[    0.029804] PM: hibernation: Registered nosave memory: [mem 0x000f0000-0x000fffff]
[    0.030366] [mem 0x40000000-0xfeffbfff] available for PCI devices
[    0.030818] Booting paravirtualized kernel on KVM
[    0.031168] clocksource: refined-jiffies: mask: 0xffffffff max_cycles: 0xffffffff, max_idle_ns: 1910969940391419 ns
[    0.034888] setup_percpu: NR_CPUS:64 nr_cpumask_bits:32 nr_cpu_ids:32 nr_node_ids:1
[    0.036087] percpu: Embedded 58 pages/cpu s199840 r8192 d29536 u262144
[    0.036609] Kernel command line: virtme_hostname=virtme-ng virtme_link_mods=/nipa-data/kernel/.virtme_mods/lib/modules/0.0.0 virtme_initmount0=nipa-data/kernel virtme_rw_overlay0=/etc virtme_rw_overlay1=/lib virtme_rw_overlay2=/home virtme_rw_overlay3=/opt virtme_rw_overlay4=/srv virtme_rw_overlay5=/usr virtme_rw_overlay6=/var earlyprintk=serial,ttyS0,115200 console=ttyS0 psmouse.proto=exps virtme_chdir=nipa-data/kernel virtme_root_user=1 rootfstype=9p rootflags=version=9p2000.L,trans=virtio,access=any raid=noautodetect ro init=/usr/lib/python3.11/site-packages/virtme/guest/virtme-init
[    0.040655] Unknown kernel command line parameters "virtme_hostname=virtme-ng virtme_link_mods=/nipa-data/kernel/.virtme_mods/lib/modules/0.0.0 virtme_initmount0=nipa-data/kernel virtme_rw_overlay0=/etc virtme_rw_overlay1=/lib virtme_rw_overlay2=/home virtme_rw_overlay3=/opt virtme_rw_overlay4=/srv virtme_rw_overlay5=/usr virtme_rw_overlay6=/var virtme_chdir=nipa-data/kernel virtme_root_user=1", will be passed to user space.
[    0.043755] random: crng init done
[    0.044045] Dentry cache hash table entries: 131072 (order: 8, 1048576 bytes, linear)
[    0.044661] Inode-cache hash table entries: 65536 (order: 7, 524288 bytes, linear)
[    0.045336] Fallback order for Node 0: 0 
[    0.045339] Built 1 zonelists, mobility grouping on.  Total pages: 257760
[    0.046160] Policy zone: DMA32
[    0.046397] mem auto-init: stack:all(zero), heap alloc:off, heap free:off
[    0.048592] Memory: 976376K/1048056K available (16384K kernel code, 2552K rwdata, 6056K rodata, 3152K init, 12020K bss, 71420K reserved, 0K cma-reserved)
[    0.049688] SLUB: HWalign=64, Order=0-3, MinObjects=0, CPUs=32, Nodes=1
Poking KASLR using RDRAND RDTSC...
[    0.050451] ftrace: allocating 46466 entries in 182 pages
[    0.057423] ftrace: allocated 182 pages with 5 groups
[    0.058583] Dynamic Preempt: voluntary
[    0.059048] Running RCU self tests
[    0.059301] Running RCU synchronous self tests
[    0.059642] rcu: Preemptible hierarchical RCU implementation.
[    0.060068] rcu: RCU event tracing is enabled.
[    0.060405] rcu: RCU lockdep checking is enabled.
[    0.060763] rcu: RCU restricting CPUs from NR_CPUS=64 to nr_cpu_ids=32.
[    0.061265] Trampoline variant of Tasks RCU enabled.
[    0.061639] Rude variant of Tasks RCU enabled.
[    0.061973] Tracing variant of Tasks RCU enabled.
[    0.062328] rcu: RCU calculated value of scheduler-enlistment delay is 100 jiffies.
[    0.062895] rcu: Adjusting geometry for rcu_fanout_leaf=16, nr_cpu_ids=32
[    0.063422] Running RCU synchronous self tests
[    0.065295] NR_IRQS: 4352, nr_irqs: 680, preallocated irqs: 16
[    0.065922] rcu: srcu_init: Setting srcu_struct sizes based on contention.
[    0.066637] Console: colour *CGA 80x25
[    0.066939] printk: legacy console [ttyS0] enabled
[    0.066939] printk: legacy console [ttyS0] enabled
[    0.067652] printk: legacy bootconsole [earlyser0] disabled
[    0.067652] printk: legacy bootconsole [earlyser0] disabled
[    0.068486] Lock dependency validator: Copyright (c) 2006 Red Hat, Inc., Ingo Molnar
[    0.069070] ... MAX_LOCKDEP_SUBCLASSES:  8
[    0.069378] ... MAX_LOCK_DEPTH:          48
[    0.069693] ... MAX_LOCKDEP_KEYS:        8192
[    0.070021] ... CLASSHASH_SIZE:          4096
[    0.070350] ... MAX_LOCKDEP_ENTRIES:     32768
[    0.070684] ... MAX_LOCKDEP_CHAINS:      65536
[    0.071018] ... CHAINHASH_SIZE:          32768
[    0.071351]  memory used by lock dependency info: 6429 kB
[    0.071754]  memory used for stack traces: 4224 kB
[    0.072110]  per task-struct memory footprint: 1920 bytes
[    0.072524] ACPI: Core revision 20230628
[    0.072913] clocksource: hpet: mask: 0xffffffff max_cycles: 0xffffffff, max_idle_ns: 19112604467 ns
[    0.073696] APIC: Switch to symmetric I/O mode setup
[    0.074080] APIC: Switched APIC routing to: physical flat
[    0.074485] kvm-guest: APIC: send_IPI_mask() replaced with kvm_send_ipi_mask()
[    0.075029] kvm-guest: APIC: send_IPI_mask_allbutself() replaced with kvm_send_ipi_mask_allbutself()
[    0.075716] kvm-guest: setup PV IPIs
[    0.076809] ..TIMER: vector=0x30 apic1=0 pin1=2 apic2=-1 pin2=-1
[    0.077611] tsc: Marking TSC unstable due to TSCs unsynchronized
[    0.078415] Calibrating delay loop (skipped) preset value.. 8983.07 BogoMIPS (lpj=4491536)
[    0.079467] x86/cpu: User Mode Instruction Prevention (UMIP) activated
[    0.080466] Last level iTLB entries: 4KB 512, 2MB 255, 4MB 127
[    0.081410] Last level dTLB entries: 4KB 512, 2MB 255, 4MB 127, 1GB 0
[    0.082414] Spectre V1 : Mitigation: usercopy/swapgs barriers and __user pointer sanitization
[    0.083414] Spectre V2 : Mitigation: Enhanced / Automatic IBRS
[    0.084410] Spectre V2 : Spectre v2 / SpectreRSB mitigation: Filling RSB on context switch
[    0.085412] Spectre V2 : mitigation: Enabling conditional Indirect Branch Prediction Barrier
[    0.086411] Speculative Store Bypass: Mitigation: Speculative Store Bypass disabled via prctl
[    0.087410] Speculative Return Stack Overflow: IBPB-extending microcode not applied!
[    0.088410] Speculative Return Stack Overflow: WARNING: See https://kernel.org/doc/html/latest/admin-guide/hw-vuln/srso.html for mitigation options.
[    0.088411] Speculative Return Stack Overflow: Vulnerable: Safe RET, no microcode
[    0.090428] x86/fpu: Supporting XSAVE feature 0x001: 'x87 floating point registers'
[    0.091410] x86/fpu: Supporting XSAVE feature 0x002: 'SSE registers'
[    0.092410] x86/fpu: Supporting XSAVE feature 0x004: 'AVX registers'
[    0.093410] x86/fpu: Supporting XSAVE feature 0x020: 'AVX-512 opmask'
[    0.094228] x86/fpu: Supporting XSAVE feature 0x040: 'AVX-512 Hi256'
[    0.094410] x86/fpu: Supporting XSAVE feature 0x080: 'AVX-512 ZMM_Hi256'
[    0.095410] x86/fpu: Supporting XSAVE feature 0x200: 'Protection Keys User registers'
[    0.096411] x86/fpu: xstate_offset[2]:  576, xstate_sizes[2]:  256
[    0.097410] x86/fpu: xstate_offset[5]:  832, xstate_sizes[5]:   64
[    0.098410] x86/fpu: xstate_offset[6]:  896, xstate_sizes[6]:  512
[    0.099410] x86/fpu: xstate_offset[7]: 1408, xstate_sizes[7]: 1024
[    0.100203] x86/fpu: xstate_offset[9]: 2432, xstate_sizes[9]:    8
[    0.100410] x86/fpu: Enabled xstate features 0x2e7, context size is 2440 bytes, using 'compacted' format.
[    0.119365] Freeing SMP alternatives memory: 36K
[    0.119412] pid_max: default: 32768 minimum: 301
[    0.120498] Mount-cache hash table entries: 2048 (order: 2, 16384 bytes, linear)
[    0.121413] Mountpoint-cache hash table entries: 2048 (order: 2, 16384 bytes, linear)
[    0.122956] Running RCU synchronous self tests
[    0.123413] Running RCU synchronous self tests
[    0.124543] smpboot: CPU0: AMD Ryzen 9 7950X 16-Core Processor (family: 0x19, model: 0x61, stepping: 0x2)
[    0.125783] RCU Tasks: Setting shift to 5 and lim to 1 rcu_task_cb_adjust=1.
[    0.126441] RCU Tasks Rude: Setting shift to 5 and lim to 1 rcu_task_cb_adjust=1.
[    0.127425] RCU Tasks Trace: Setting shift to 5 and lim to 1 rcu_task_cb_adjust=1.
[    0.128431] Running RCU Tasks wait API self tests
[    0.234500] Running RCU Tasks Rude wait API self tests
[    0.235472] Running RCU Tasks Trace wait API self tests
[    0.236392] Performance Events: Fam17h+ core perfctr, AMD PMU driver.
[    0.237421] ... version:                0
[    0.238074] ... bit width:              48
[    0.238414] ... generic registers:      6
[    0.239067] ... value mask:             0000ffffffffffff
[    0.239414] ... max period:             00007fffffffffff
[    0.240277] ... fixed-purpose events:   0
[    0.240415] ... event mask:             000000000000003f
[    0.241442] Callback from call_rcu_tasks_trace() invoked.
[    0.242459] signal: max sigframe size: 3376
[    0.243254] rcu: Hierarchical SRCU implementation.
[    0.243415] rcu: Max phase no-delay instances is 400.
[    0.248537] smp: Bringing up secondary CPUs ...
[    0.249663] smpboot: x86: Booting SMP configuration:
[    0.250418] .... node  #0, CPUs:        #1  #2  #3  #4  #5  #6  #7  #8  #9 #10 #11 #12 #13 #14 #15 #16 #17 #18 #19 #20 #21 #22 #23 #24 #25 #26 #27 #28 #29 #30 #31
[    0.279597] smp: Brought up 1 node, 32 CPUs
[    0.280959] smpboot: Max logical packages: 1
[    0.281413] smpboot: Total of 32 processors activated (287458.30 BogoMIPS)
[    0.288634] devtmpfs: initialized
[    0.289501] x86/mm: Memory block size: 128MB
[    0.292062] Running RCU synchronous self tests
[    0.292425] Running RCU synchronous self tests
[    0.293097] clocksource: jiffies: mask: 0xffffffff max_cycles: 0xffffffff, max_idle_ns: 1911260446275000 ns
[    0.293417] futex hash table entries: 8192 (order: 8, 1048576 bytes, linear)
[    0.294849] PM: RTC time: 21:06:34, date: 2024-01-24
[    0.296037] NET: Registered PF_NETLINK/PF_ROUTE protocol family
[    0.297002] thermal_sys: Registered thermal governor 'step_wise'
[    0.297005] thermal_sys: Registered thermal governor 'user_space'
[    0.297456] cpuidle: using governor menu
[    0.299791] PCI: Using configuration type 1 for base access
[    0.300414] PCI: Using configuration type 1 for extended access
[    0.301302] kprobes: kprobe jump-optimization is enabled. All kprobes are optimized if possible.
[    0.318121] HugeTLB: registered 1.00 GiB page size, pre-allocated 0 pages
[    0.318415] HugeTLB: 16380 KiB vmemmap can be freed for a 1.00 GiB page
[    0.319253] HugeTLB: registered 2.00 MiB page size, pre-allocated 0 pages
[    0.319413] HugeTLB: 28 KiB vmemmap can be freed for a 2.00 MiB page
[    0.320602] ACPI: Added _OSI(Module Device)
[    0.321153] ACPI: Added _OSI(Processor Device)
[    0.321415] ACPI: Added _OSI(3.0 _SCP Extensions)
[    0.322024] ACPI: Added _OSI(Processor Aggregator Device)
[    0.324444] ACPI: 1 ACPI AML tables successfully acquired and loaded
[    0.326496] ACPI: _OSC evaluation for CPUs failed, trying _PDC
[    0.327885] ACPI: Interpreter enabled
[    0.328413] ACPI: PM: (supports S0 S3 S4 S5)
[    0.328965] ACPI: Using IOAPIC for interrupt routing
[    0.329432] PCI: Using host bridge windows from ACPI; if necessary, use "pci=nocrs" and report a bug
[    0.330413] PCI: Using E820 reservations for host bridge windows
[    0.331478] ACPI: Enabled 2 GPEs in block 00 to 0F
[    0.342431] Callback from call_rcu_tasks_rude() invoked.
[    0.342537] ACPI: PCI Root Bridge [PCI0] (domain 0000 [bus 00-ff])
[    0.344419] acpi PNP0A03:00: _OSC: OS supports [ExtendedConfig ASPM ClockPM Segments MSI HPX-Type3]
[    0.346048] PCI host bridge to bus 0000:00
[    0.346415] pci_bus 0000:00: root bus resource [io  0x0000-0x0cf7 window]
[    0.347414] pci_bus 0000:00: root bus resource [io  0x0d00-0xffff window]
[    0.349415] pci_bus 0000:00: root bus resource [mem 0x000a0000-0x000bffff window]
[    0.350414] pci_bus 0000:00: root bus resource [mem 0x40000000-0xfebfffff window]
[    0.351414] pci_bus 0000:00: root bus resource [mem 0x100000000-0x17fffffff window]
[    0.352415] pci_bus 0000:00: root bus resource [bus 00-ff]
[    0.353510] pci 0000:00:00.0: [8086:1237] type 00 class 0x060000 conventional PCI endpoint
[    0.356028] pci 0000:00:01.0: [8086:7000] type 00 class 0x060100 conventional PCI endpoint
[    0.357953] pci 0000:00:01.1: [8086:7010] type 00 class 0x010180 conventional PCI endpoint
[    0.362414] pci 0000:00:01.1: BAR 4 [io  0xc080-0xc08f]
[    0.364419] pci 0000:00:01.1: BAR 0 [io  0x01f0-0x01f7]: legacy IDE quirk
[    0.367415] pci 0000:00:01.1: BAR 1 [io  0x03f6]: legacy IDE quirk
[    0.368414] pci 0000:00:01.1: BAR 2 [io  0x0170-0x0177]: legacy IDE quirk
[    0.369414] pci 0000:00:01.1: BAR 3 [io  0x0376]: legacy IDE quirk
[    0.370654] pci 0000:00:01.3: [8086:7113] type 00 class 0x068000 conventional PCI endpoint
[    0.371729] pci 0000:00:01.3: quirk: [io  0x0600-0x063f] claimed by PIIX4 ACPI
[    0.373420] pci 0000:00:01.3: quirk: [io  0x0700-0x070f] claimed by PIIX4 SMB
[    0.374751] pci 0000:00:02.0: [1af4:1009] type 00 class 0x000200 conventional PCI endpoint
[    0.378415] pci 0000:00:02.0: BAR 0 [io  0xc000-0xc03f]
[    0.380370] pci 0000:00:02.0: BAR 1 [mem 0xfebfd000-0xfebfdfff]
[    0.387415] pci 0000:00:02.0: BAR 4 [mem 0xfebf4000-0xfebf7fff 64bit pref]
[    0.392940] pci 0000:00:03.0: [1af4:1009] type 00 class 0x000200 conventional PCI endpoint
[    0.396361] pci 0000:00:03.0: BAR 0 [io  0xc040-0xc07f]
[    0.399414] pci 0000:00:03.0: BAR 1 [mem 0xfebfe000-0xfebfefff]
[    0.407415] pci 0000:00:03.0: BAR 4 [mem 0xfebf8000-0xfebfbfff 64bit pref]
[    0.413210] pci 0000:00:04.0: [8086:25ab] type 00 class 0x088000 conventional PCI endpoint
[    0.415000] pci 0000:00:04.0: BAR 0 [mem 0xfebff000-0xfebff00f]
[    0.421658] ACPI: PCI: Interrupt link LNKA configured for IRQ 10
[    0.423628] ACPI: PCI: Interrupt link LNKB configured for IRQ 10
[    0.424614] ACPI: PCI: Interrupt link LNKC configured for IRQ 11
[    0.425571] ACPI: PCI: Interrupt link LNKD configured for IRQ 11
[    0.426443] ACPI: PCI: Interrupt link LNKS configured for IRQ 9
[    0.429587] iommu: Default domain type: Translated
[    0.430209] iommu: DMA domain TLB invalidation policy: lazy mode
[    0.431702] SCSI subsystem initialized
[    0.432503] pps_core: LinuxPPS API ver. 1 registered
[    0.433415] pps_core: Software ver. 5.3.6 - Copyright 2005-2007 Rodolfo Giometti <giometti@linux.it>
[    0.434418] PTP clock support registered
[    0.435488] Advanced Linux Sound Architecture Driver Initialized.
[    0.436008] NET: Registered PF_ATMPVC protocol family
[    0.437414] NET: Registered PF_ATMSVC protocol family
[    0.438079] PCI: Using ACPI for IRQ routing
[    0.438570] vgaarb: loaded
[    0.439593] hpet0: at MMIO 0xfed00000, IRQs 2, 8, 0
[    0.439598] hpet0: 3 comparators, 64-bit 100.000000 MHz counter
[    0.442475] Callback from call_rcu_tasks() invoked.
[    0.444811] clocksource: Switched to clocksource kvm-clock
[    0.446183] VFS: Disk quotas dquot_6.6.0
[    0.446720] VFS: Dquot-cache hash table entries: 512 (order 0, 4096 bytes)
[    0.447738] pnp: PnP ACPI init
[    0.448679] pnp: PnP ACPI: found 5 devices
[    0.458676] clocksource: acpi_pm: mask: 0xffffff max_cycles: 0xffffff, max_idle_ns: 2085701024 ns
[    0.459854] NET: Registered PF_INET protocol family
[    0.460564] IP idents hash table entries: 16384 (order: 5, 131072 bytes, linear)
[    0.461808] tcp_listen_portaddr_hash hash table entries: 512 (order: 3, 36864 bytes, linear)
[    0.462911] Table-perturb hash table entries: 65536 (order: 6, 262144 bytes, linear)
[    0.463942] TCP established hash table entries: 8192 (order: 4, 65536 bytes, linear)
[    0.464994] TCP bind hash table entries: 8192 (order: 8, 1179648 bytes, linear)
[    0.466330] TCP: Hash tables configured (established 8192 bind 8192)
[    0.467258] UDP hash table entries: 512 (order: 4, 81920 bytes, linear)
[    0.468151] UDP-Lite hash table entries: 512 (order: 4, 81920 bytes, linear)
[    0.469220] NET: Registered PF_UNIX/PF_LOCAL protocol family
[    0.469979] pci_bus 0000:00: resource 4 [io  0x0000-0x0cf7 window]
[    0.470777] pci_bus 0000:00: resource 5 [io  0x0d00-0xffff window]
[    0.471572] pci_bus 0000:00: resource 6 [mem 0x000a0000-0x000bffff window]
[    0.472463] pci_bus 0000:00: resource 7 [mem 0x40000000-0xfebfffff window]
[    0.473357] pci_bus 0000:00: resource 8 [mem 0x100000000-0x17fffffff window]
[    0.474337] pci 0000:00:01.0: PIIX3: Enabling Passive Release
[    0.475082] pci 0000:00:00.0: Limiting direct PCI/PCI transfers
[    0.475873] PCI: CLS 0 bytes, default 64
[    0.476448] kvm_intel: VMX not supported by CPU 2
[    0.477252] kvm_amd: TSC scaling supported
[    0.477804] kvm_amd: Nested Virtualization enabled
[    0.478442] kvm_amd: Nested Paging enabled
[    0.478989] kvm_amd: Virtual VMLOAD VMSAVE supported
[    0.479644] kvm_amd: Virtual GIF supported
[    0.480174] kvm_amd: Virtual NMI enabled
[    0.480686] kvm_amd: LBR virtualization supported
[    0.589958] workingset: timestamp_bits=56 max_order=18 bucket_order=0
[    0.590921] squashfs: version 4.0 (2009/01/31) Phillip Lougher
[    0.591689] fuse: init (API version 7.39)
[    0.592303] 9p: Installing v9fs 9p2000 file system support
[    0.593108] Key type asymmetric registered
[    0.593667] Block layer SCSI generic (bsg) driver version 0.4 loaded (major 249)
[    0.594671] io scheduler mq-deadline registered
[    0.595257] io scheduler kyber registered
[    0.597180] input: Power Button as /devices/LNXSYSTM:00/LNXPWRBN:00/input/input0
[    0.598362] ACPI: button: Power Button [PWRF]
[    0.599026] Warning: Processor Platform Limit event detected, but not handled.
[    0.599947] Consider compiling CPUfreq support into your kernel.
[    0.673950] ACPI: \_SB_.LNKB: Enabled at IRQ 10
[    0.757298] ACPI: \_SB_.LNKC: Enabled at IRQ 11
[    0.758834] Serial: 8250/16550 driver, 4 ports, IRQ sharing enabled
[    0.760131] 00:03: ttyS0 at I/O 0x3f8 (irq = 4, base_baud = 115200) is a 16550A
[    0.762221] Non-volatile memory driver v1.3
[    0.762777] Linux agpgart interface v0.103
[    0.763476] ACPI: bus type drm_connector registered
[    0.776619] loop: module loaded
[    0.778456] scsi host0: ata_piix
[    0.779225] scsi host1: ata_piix
[    0.779708] ata1: PATA max MWDMA2 cmd 0x1f0 ctl 0x3f6 bmdma 0xc080 irq 14 lpm-pol 0
[    0.780695] ata2: PATA max MWDMA2 cmd 0x170 ctl 0x376 bmdma 0xc088 irq 15 lpm-pol 0
[    0.782373] i8042: PNP: PS/2 Controller [PNP0303:KBD,PNP0f13:MOU] at 0x60,0x64 irq 1,12
[    0.784153] serio: i8042 KBD port at 0x60,0x64 irq 1
[    0.784812] serio: i8042 AUX port at 0x60,0x64 irq 12
[    0.786039] rtc_cmos 00:04: RTC can wake from S4
[    0.787125] input: AT Translated Set 2 keyboard as /devices/platform/i8042/serio0/input/input1
[    0.788813] rtc_cmos 00:04: registered as rtc0
[    0.789459] rtc_cmos 00:04: setting system clock to 2024-01-24T21:06:34 UTC (1706130394)
[    0.790628] rtc_cmos 00:04: alarms up to one day, y3k, 242 bytes nvram, hpet irqs
[    0.792406] i6300ESB timer 0000:00:04.0: initialized. heartbeat=30 sec (nowayout=0)
[    0.793612] device-mapper: ioctl: 4.48.0-ioctl (2023-03-01) initialised: dm-devel@redhat.com
[    0.795749] NET: Registered PF_PACKET protocol family
[    0.796411] 9pnet: Installing 9P2000 support
[    0.798137] Key type dns_resolver registered
[    0.799318] input: ImExPS/2 Generic Explorer Mouse as /devices/platform/i8042/serio1/input/input3
[    0.802990] IPI shorthand broadcast: enabled
[    0.814075] sched_clock: Marking stable (806004268, 7971966)->(837765368, -23789134)
[    0.815824] registered taskstats version 1
[    0.822747] PM:   Magic number: 8:67:147
[    0.823500] acpi device:18: hash matches
[    0.824260] printk: legacy console [netcon0] enabled
[    0.825138] netconsole: network logging started
[    0.826191] ALSA device list:
[    0.826729]   No soundcards found.
[    0.938325] ata2: found unknown device (class 0)
[    0.939652] ata2.00: ATAPI: QEMU DVD-ROM, 2.5+, max UDMA/100
[    0.942005] scsi 1:0:0:0: CD-ROM            QEMU     QEMU DVD-ROM     2.5+ PQ: 0 ANSI: 5
[    0.950835] scsi 1:0:0:0: Attached scsi generic sg0 type 5
[    0.951849] md: Skipping autodetection of RAID arrays. (raid=autodetect will force)
[    0.953102] 9pnet_virtio: no channels available for device 
[    0.954711] VFS: Mounted root (9p filesystem) readonly on device 0:19.
[    0.955991] devtmpfs: mounted
[    0.958516] Freeing unused kernel image (initmem) memory: 3152K
[    0.964016] Write protecting the kernel read-only data: 22528k
[    0.965449] Freeing unused kernel image (rodata/data gap) memory: 88K
[    1.002232] x86/mm: Checked W+X mappings: passed, no W+X pages found.
[    1.003206] Run /usr/lib/python3.11/site-packages/virtme/guest/virtme-init as init process
[    1.029714] mount (268) used greatest stack depth: 12952 bytes left
[    1.100169] mount (277) used greatest stack depth: 12600 bytes left
[    1.154767] virtme-init (293) used greatest stack depth: 12344 bytes left
[    1.191471] virtme-init: basic initialization done
[    1.197795] virtme-init: udevd not found
[    1.260571] virtme-init: Setting hostname to virtme-ng...
[    1.274721] ip (331) used greatest stack depth: 12056 bytes left
          _      _                                    
   __   _(_)_ __| |_ _ __ ___   ___       _ __   __ _ 
   \ \ / / |  __| __|  _   _ \ / _ \_____|  _ \ / _  |
    \ V /| | |  | |_| | | | | |  __/_____| | | | (_| |
     \_/ |_|_|   \__|_| |_| |_|\___|     |_| |_|\__  |
                                                |___/ 
   kernel version: 6.7.0-virtme x86_64

virtme-ng:/nipa-data/kernel# PS1='xx__-> '
xx__-> 