No EFI environment detected.
early console in extract_kernel
input_data: 0x0000000004cb52c4
input_len: 0x00000000018718de
output: 0x0000000001000000
output_len: 0x00000000054b195c
kernel_total_size: 0x0000000005030000
needed_size: 0x0000000005600000
trampoline_32bit: 0x000000000009d000
Physical KASLR using RDRAND RDTSC...
Virtual KASLR using RDRAND RDTSC...

Decompressing Linux... Parsing ELF... Performing relocations... done.
Booting the kernel (entry_offset: 0x0000000000000000).
[    0.000000] Linux version 6.10.0-rc7-virtme (root@fa0b59c1fec0) (gcc (Ubuntu 13.2.0-23ubuntu4) 13.2.0, GNU ld (GNU Binutils for Ubuntu) 2.42) #1 SMP PREEMPT_DYNAMIC Mon Jul 15 12:27:41 UTC 2024
[    0.000000] Command line: virtme_hostname=virtme-ng nr_open=1048576 virtme_link_mods=/nipa-data/kernel/.virtme_mods/lib/modules/0.0.0 virtme_initmount0=nipa-data/kernel virtme_rw_overlay0=/etc virtme_rw_overlay1=/lib virtme_rw_overlay2=/home virtme_rw_overlay3=/opt virtme_rw_overlay4=/srv virtme_rw_overlay5=/usr virtme_rw_overlay6=/var console=hvc0 earlyprintk=serial,ttyS0,115200 virtme_console=ttyS0 psmouse.proto=exps TERM=xterm virtme_chdir=nipa-data/kernel virtme_root_user=1 rootfstype=9p rootflags=version=9p2000.L,trans=virtio,access=any raid=noautodetect ro init=/usr/lib/python3/dist-packages/virtme/guest/virtme-init
[    0.000000] x86/split lock detection: #DB: warning on user-space bus_locks
[    0.000000] BIOS-provided physical RAM map:
[    0.000000] BIOS-e820: [mem 0x0000000000000000-0x000000000009fbff] usable
[    0.000000] BIOS-e820: [mem 0x000000000009fc00-0x000000000009ffff] reserved
[    0.000000] BIOS-e820: [mem 0x00000000000f0000-0x00000000000fffff] reserved
[    0.000000] BIOS-e820: [mem 0x0000000000100000-0x000000003ffdffff] usable
[    0.000000] BIOS-e820: [mem 0x000000003ffe0000-0x000000003fffffff] reserved
[    0.000000] BIOS-e820: [mem 0x00000000feffc000-0x00000000feffffff] reserved
[    0.000000] BIOS-e820: [mem 0x00000000fffc0000-0x00000000ffffffff] reserved
[    0.000000] printk: legacy bootconsole [earlyser0] enabled
[    0.000000] NX (Execute Disable) protection: active
[    0.000000] APIC: Static calls initialized
[    0.000000] SMBIOS 3.0.0 present.
[    0.000000] DMI: QEMU Ubuntu 24.04 PC (i440FX + PIIX, 1996), BIOS 1.16.3-debian-1.16.3-2 04/01/2014
[    0.000000] DMI: Memory slots populated: 1/1
[    0.000000] Hypervisor detected: KVM
[    0.000000] kvm-clock: Using msrs 4b564d01 and 4b564d00
[    0.000001] kvm-clock: using sched offset of 1308214654 cycles
[    0.000768] clocksource: kvm-clock: mask: 0xffffffffffffffff max_cycles: 0x1cd42e4dffb, max_idle_ns: 881590591483 ns
[    0.003162] tsc: Detected 2000.000 MHz processor
[    0.004550] last_pfn = 0x3ffe0 max_arch_pfn = 0x10000000000
[    0.005426] MTRR map: 4 entries (3 fixed + 1 variable; max 19), built from 8 variable MTRRs
[    0.006649] x86/PAT: Configuration [0-7]: WB  WC  UC- UC  WB  WP  UC- WT  
[    0.015414] found SMP MP-table at [mem 0x000f5470-0x000f547f]
[    0.016273] Using GB pages for direct mapping
[    0.017134] ACPI: Early table checksum verification disabled
[    0.017967] ACPI: RSDP 0x00000000000F5290 000014 (v00 BOCHS )
[    0.018818] ACPI: RSDT 0x000000003FFE308E 000034 (v01 BOCHS  BXPC     00000001 BXPC 00000001)
[    0.020079] ACPI: FACP 0x000000003FFE2D8A 000074 (v01 BOCHS  BXPC     00000001 BXPC 00000001)
[    0.021337] ACPI: DSDT 0x000000003FFE0040 002D4A (v01 BOCHS  BXPC     00000001 BXPC 00000001)
[    0.022588] ACPI: FACS 0x000000003FFE0000 000040
[    0.023275] ACPI: APIC 0x000000003FFE2DFE 000230 (v03 BOCHS  BXPC     00000001 BXPC 00000001)
[    0.024528] ACPI: HPET 0x000000003FFE302E 000038 (v01 BOCHS  BXPC     00000001 BXPC 00000001)
[    0.025779] ACPI: WAET 0x000000003FFE3066 000028 (v01 BOCHS  BXPC     00000001 BXPC 00000001)
[    0.027036] ACPI: Reserving FACP table memory at [mem 0x3ffe2d8a-0x3ffe2dfd]
[    0.028066] ACPI: Reserving DSDT table memory at [mem 0x3ffe0040-0x3ffe2d89]
[    0.029094] ACPI: Reserving FACS table memory at [mem 0x3ffe0000-0x3ffe003f]
[    0.030122] ACPI: Reserving APIC table memory at [mem 0x3ffe2dfe-0x3ffe302d]
[    0.031155] ACPI: Reserving HPET table memory at [mem 0x3ffe302e-0x3ffe3065]
[    0.032185] ACPI: Reserving WAET table memory at [mem 0x3ffe3066-0x3ffe308d]
[    0.033723] No NUMA configuration found
[    0.034284] Faking a node at [mem 0x0000000000000000-0x000000003ffdffff]
[    0.035269] NODE_DATA(0) allocated [mem 0x3ffdb000-0x3ffdffff]
[    0.036280] Zone ranges:
[    0.036652]   DMA      [mem 0x0000000000001000-0x0000000000ffffff]
[    0.037557]   DMA32    [mem 0x0000000001000000-0x000000003ffdffff]
[    0.038462]   Normal   empty
[    0.038885]   Device   empty
[    0.039312] Movable zone start for each node
[    0.039936] Early memory node ranges
[    0.040459]   node   0: [mem 0x0000000000001000-0x000000000009efff]
[    0.041376]   node   0: [mem 0x0000000000100000-0x000000003ffdffff]
[    0.042292] Initmem setup node 0 [mem 0x0000000000001000-0x000000003ffdffff]
[    0.043332] On node 0, zone DMA: 1 pages in unavailable ranges
[    0.044286] On node 0, zone DMA: 97 pages in unavailable ranges
[    0.053791] On node 0, zone DMA32: 32 pages in unavailable ranges
[    0.087360] kasan: KernelAddressSanitizer initialized
[    0.088665] ACPI: PM-Timer IO Port: 0x608
[    0.089281] ACPI: LAPIC_NMI (acpi_id[0xff] dfl dfl lint[0x1])
[    0.090178] IOAPIC[0]: apic_id 0, version 17, address 0xfec00000, GSI 0-23
[    0.091196] ACPI: INT_SRC_OVR (bus 0 bus_irq 0 global_irq 2 dfl dfl)
[    0.092126] ACPI: INT_SRC_OVR (bus 0 bus_irq 5 global_irq 5 high level)
[    0.093092] ACPI: INT_SRC_OVR (bus 0 bus_irq 9 global_irq 9 high level)
[    0.094058] ACPI: INT_SRC_OVR (bus 0 bus_irq 10 global_irq 10 high level)
[    0.095054] ACPI: INT_SRC_OVR (bus 0 bus_irq 11 global_irq 11 high level)
[    0.096050] ACPI: Using ACPI (MADT) for SMP configuration information
[    0.096990] ACPI: HPET id: 0x8086a201 base: 0xfed00000
[    0.097744] TSC deadline timer available
[    0.098322] CPU topo: Max. logical packages:   1
[    0.099000] CPU topo: Max. logical dies:       1
[    0.099675] CPU topo: Max. dies per package:   1
[    0.100352] CPU topo: Max. threads per core:   1
[    0.101027] CPU topo: Num. cores per package:    56
[    0.101740] CPU topo: Num. threads per package:  56
[    0.102451] CPU topo: Allowing 56 present CPUs plus 0 hotplug CPUs
[    0.103465] kvm-guest: APIC: eoi() replaced with kvm_guest_apic_eoi_write()
[    0.104505] kvm-guest: KVM setup pv remote TLB flush
[    0.105235] kvm-guest: setup PV sched yield
[    0.105855] PM: hibernation: Registered nosave memory: [mem 0x00000000-0x00000fff]
[    0.106969] PM: hibernation: Registered nosave memory: [mem 0x0009f000-0x0009ffff]
[    0.108087] PM: hibernation: Registered nosave memory: [mem 0x000a0000-0x000effff]
[    0.109194] PM: hibernation: Registered nosave memory: [mem 0x000f0000-0x000fffff]
[    0.110300] [mem 0x40000000-0xfeffbfff] available for PCI devices
[    0.111195] Booting paravirtualized kernel on KVM
[    0.111884] clocksource: refined-jiffies: mask: 0xffffffff max_cycles: 0xffffffff, max_idle_ns: 1910969940391419 ns
[    0.134595] setup_percpu: NR_CPUS:64 nr_cpumask_bits:56 nr_cpu_ids:56 nr_node_ids:1
[    0.144987] percpu: Embedded 70 pages/cpu s248536 r8192 d29992 u524288
[    0.146154] Kernel command line: virtme_hostname=virtme-ng nr_open=1048576 virtme_link_mods=/nipa-data/kernel/.virtme_mods/lib/modules/0.0.0 virtme_initmount0=nipa-data/kernel virtme_rw_overlay0=/etc virtme_rw_overlay1=/lib virtme_rw_overlay2=/home virtme_rw_overlay3=/opt virtme_rw_overlay4=/srv virtme_rw_overlay5=/usr virtme_rw_overlay6=/var console=hvc0 earlyprintk=serial,ttyS0,115200 virtme_console=ttyS0 psmouse.proto=exps TERM=xterm virtme_chdir=nipa-data/kernel virtme_root_user=1 rootfstype=9p rootflags=version=9p2000.L,trans=virtio,access=any raid=noautodetect ro init=/usr/lib/python3/dist-packages/virtme/guest/virtme-init
[    0.154671] Unknown kernel command line parameters "virtme_hostname=virtme-ng nr_open=1048576 virtme_link_mods=/nipa-data/kernel/.virtme_mods/lib/modules/0.0.0 virtme_initmount0=nipa-data/kernel virtme_rw_overlay0=/etc virtme_rw_overlay1=/lib virtme_rw_overlay2=/home virtme_rw_overlay3=/opt virtme_rw_overlay4=/srv virtme_rw_overlay5=/usr virtme_rw_overlay6=/var virtme_console=ttyS0 virtme_chdir=nipa-data/kernel virtme_root_user=1", will be passed to user space.
[    0.160714] random: crng init done
[    0.161218] printk: log_buf_len individual max cpu contribution: 4096 bytes
[    0.162246] printk: log_buf_len total cpu_extra contributions: 225280 bytes
[    0.163275] printk: log_buf_len min size: 262144 bytes
[    0.164859] printk: log_buf_len: 524288 bytes
[    0.165527] printk: early log buf free: 253864(96%)
[    0.166704] Dentry cache hash table entries: 131072 (order: 8, 1048576 bytes, linear)
[    0.167944] Inode-cache hash table entries: 65536 (order: 7, 524288 bytes, linear)
[    0.171695] Fallback order for Node 0: 0 
[    0.171711] Built 1 zonelists, mobility grouping on.  Total pages: 262014
[    0.173249] Policy zone: DMA32
[    0.173678] mem auto-init: stack:all(zero), heap alloc:off, heap free:off
[    0.174628] stackdepot: allocating hash table via alloc_large_system_hash
[    0.175587] stackdepot hash table entries: 1048576 (order: 12, 16777216 bytes, linear)
[    0.199692] Memory: 767440K/1048056K available (45056K kernel code, 11219K rwdata, 9856K rodata, 5920K init, 2128K bss, 280416K reserved, 0K cma-reserved)
[    0.202176] SLUB: HWalign=64, Order=0-3, MinObjects=0, CPUs=56, Nodes=1
Poking KASLR using RDRAND RDTSC...
[    0.203701] ftrace: allocating 48052 entries in 188 pages
[    0.223308] ftrace: allocated 188 pages with 5 groups
[    0.225903] Dynamic Preempt: voluntary
[    0.228466] rcu: Preemptible hierarchical RCU implementation.
[    0.229277] rcu: RCU event tracing is enabled.
[    0.229911] rcu: RCU restricting CPUs from NR_CPUS=64 to nr_cpu_ids=56.
[    0.230862] Trampoline variant of Tasks RCU enabled.
[    0.231574] Rude variant of Tasks RCU enabled.
[    0.232206] Tracing variant of Tasks RCU enabled.
[    0.232875] rcu: RCU calculated value of scheduler-enlistment delay is 100 jiffies.
[    0.233947] rcu: Adjusting geometry for rcu_fanout_leaf=16, nr_cpu_ids=56
[    0.235204] RCU Tasks: Setting shift to 6 and lim to 1 rcu_task_cb_adjust=1.
[    0.236195] RCU Tasks Rude: Setting shift to 6 and lim to 1 rcu_task_cb_adjust=1.
[    0.237246] RCU Tasks Trace: Setting shift to 6 and lim to 1 rcu_task_cb_adjust=1.
[    0.258419] NR_IRQS: 4352, nr_irqs: 872, preallocated irqs: 16
[    0.259787] rcu: srcu_init: Setting srcu_struct sizes based on contention.
[    0.261221] Console: colour *CGA 80x25
[    0.261858] ACPI: Core revision 20240322
[    0.262782] clocksource: hpet: mask: 0xffffffff max_cycles: 0xffffffff, max_idle_ns: 19112604467 ns
[    0.264209] APIC: Switch to symmetric I/O mode setup
[    0.265096] APIC: Switched APIC routing to: physical flat
[    0.266168] kvm-guest: APIC: send_IPI_mask() replaced with kvm_send_ipi_mask()
[    0.267291] kvm-guest: APIC: send_IPI_mask_allbutself() replaced with kvm_send_ipi_mask_allbutself()
[    0.268883] kvm-guest: setup PV IPIs
[    0.271177] ..TIMER: vector=0x30 apic1=0 pin1=2 apic2=-1 pin2=-1
[    0.272658] clocksource: tsc-early: mask: 0xffffffffffffffff max_cycles: 0x39a85c9bff6, max_idle_ns: 881590591483 ns
[    0.275003] Calibrating delay loop (skipped) preset value.. 4000.00 BogoMIPS (lpj=2000000)
[    0.276225] x86/cpu: User Mode Instruction Prevention (UMIP) activated
[    0.277143] Last level iTLB entries: 4KB 0, 2MB 0, 4MB 0
[    0.277996] Last level dTLB entries: 4KB 0, 2MB 0, 4MB 0, 1GB 0
[    0.279019] Spectre V1 : Mitigation: usercopy/swapgs barriers and __user pointer sanitization
[    0.280005] Spectre V2 : Spectre BHI mitigation: SW BHB clearing on vm exit
[    0.281005] Spectre V2 : Spectre BHI mitigation: SW BHB clearing on syscall
[    0.282004] Spectre V2 : Mitigation: Enhanced / Automatic IBRS
[    0.283005] Spectre V2 : Spectre v2 / SpectreRSB mitigation: Filling RSB on context switch
[    0.285005] Spectre V2 : Spectre v2 / PBRSB-eIBRS: Retire a single CALL on VMEXIT
[    0.286013] Spectre V2 : mitigation: Enabling conditional Indirect Branch Prediction Barrier
[    0.287009] Speculative Store Bypass: Mitigation: Speculative Store Bypass disabled via prctl
[    0.287998] TAA: Mitigation: TSX disabled
[    0.289094] x86/fpu: Supporting XSAVE feature 0x001: 'x87 floating point registers'
[    0.290005] x86/fpu: Supporting XSAVE feature 0x002: 'SSE registers'
[    0.291005] x86/fpu: Supporting XSAVE feature 0x004: 'AVX registers'
[    0.292005] x86/fpu: Supporting XSAVE feature 0x020: 'AVX-512 opmask'
[    0.293005] x86/fpu: Supporting XSAVE feature 0x040: 'AVX-512 Hi256'
[    0.294005] x86/fpu: Supporting XSAVE feature 0x080: 'AVX-512 ZMM_Hi256'
[    0.295005] x86/fpu: Supporting XSAVE feature 0x200: 'Protection Keys User registers'
[    0.296005] x86/fpu: Supporting XSAVE feature 0x20000: 'AMX Tile config'
[    0.297005] x86/fpu: Supporting XSAVE feature 0x40000: 'AMX Tile data'
[    0.299002] x86/fpu: xstate_offset[2]:  576, xstate_sizes[2]:  256
[    0.300005] x86/fpu: xstate_offset[5]:  832, xstate_sizes[5]:   64
[    0.301005] x86/fpu: xstate_offset[6]:  896, xstate_sizes[6]:  512
[    0.302005] x86/fpu: xstate_offset[7]: 1408, xstate_sizes[7]: 1024
[    0.303005] x86/fpu: xstate_offset[9]: 2432, xstate_sizes[9]:    8
[    0.304005] x86/fpu: xstate_offset[17]: 2496, xstate_sizes[17]:   64
[    0.305005] x86/fpu: xstate_offset[18]: 2560, xstate_sizes[18]: 8192
[    0.306005] x86/fpu: Enabled xstate features 0x602e7, context size is 10752 bytes, using 'compacted' format.
[    0.350382] Freeing SMP alternatives memory: 40K
[    0.351000] pid_max: default: 57344 minimum: 448
[    0.353291] Mount-cache hash table entries: 2048 (order: 2, 16384 bytes, linear)
[    0.354010] Mountpoint-cache hash table entries: 2048 (order: 2, 16384 bytes, linear)
[    0.356825] smpboot: CPU0: Intel(R) Xeon(R) Platinum 8480+ (family: 0x6, model: 0x8f, stepping: 0x6)
[    0.357784] Performance Events: PEBS fmt0-, Sapphire Rapids events, full-width counters, Intel PMU driver.
[    0.358003] ... version:                2
[    0.358821] ... bit width:              48
[    0.358999] ... generic registers:      8
[    0.359814] ... value mask:             0000ffffffffffff
[    0.359998] ... max period:             00007fffffffffff
[    0.360998] ... fixed-purpose events:   3
[    0.361811] ... event mask:             00000007000000ff
[    0.362337] signal: max sigframe size: 11952
[    0.363070] rcu: Hierarchical SRCU implementation.
[    0.363999] rcu: Max phase no-delay instances is 400.
[    0.367735] smp: Bringing up secondary CPUs ...
[    0.368293] smpboot: x86: Booting SMP configuration:
[    0.369002] .... node  #0, CPUs:        #1  #2  #3  #4  #5  #6  #7  #8  #9 #10 #11 #12 #13 #14 #15 #16 #17 #18 #19 #20 #21 #22 #23 #24 #25 #26 #27 #28 #29 #30 #31 #32 #33 #34 #35 #36 #37 #38 #39 #40 #41 #42 #43 #44 #45 #46 #47 #48 #49 #50 #51 #52 #53 #54 #55
[    0.435724] smp: Brought up 1 node, 56 CPUs
[    0.436852] smpboot: Total of 56 processors activated (224000.00 BogoMIPS)
[    0.452999] devtmpfs: initialized
[    0.454161] x86/mm: Memory block size: 128MB
[    0.464414] clocksource: jiffies: mask: 0xffffffff max_cycles: 0xffffffff, max_idle_ns: 1911260446275000 ns
[    0.465024] futex hash table entries: 16384 (order: 8, 1048576 bytes, linear)
[    0.467002] PM: RTC time: 12:28:27, date: 2024-07-15
[    0.470812] NET: Registered PF_NETLINK/PF_ROUTE protocol family
[    0.472342] thermal_sys: Registered thermal governor 'step_wise'
[    0.472346] thermal_sys: Registered thermal governor 'user_space'
[    0.473082] cpuidle: using governor menu
[    0.477012] PCI: Using configuration type 1 for base access
[    0.478184] kprobes: kprobe jump-optimization is enabled. All kprobes are optimized if possible.
[    0.527418] HugeTLB: registered 1.00 GiB page size, pre-allocated 0 pages
[    0.529008] HugeTLB: 16380 KiB vmemmap can be freed for a 1.00 GiB page
[    0.531002] HugeTLB: registered 2.00 MiB page size, pre-allocated 0 pages
[    0.531999] HugeTLB: 28 KiB vmemmap can be freed for a 2.00 MiB page
[    0.535017] Demotion targets for Node 0: null
[    0.536538] ACPI: Added _OSI(Module Device)
[    0.536995] ACPI: Added _OSI(Processor Device)
[    0.539000] ACPI: Added _OSI(3.0 _SCP Extensions)
[    0.540000] ACPI: Added _OSI(Processor Aggregator Device)
[    0.573789] ACPI: 1 ACPI AML tables successfully acquired and loaded
[    0.579275] ACPI: _OSC evaluation for CPUs failed, trying _PDC
[    0.586049] ACPI: Interpreter enabled
[    0.586894] ACPI: PM: (supports S0 S3 S4 S5)
[    0.586999] ACPI: Using IOAPIC for interrupt routing
[    0.588071] PCI: Using host bridge windows from ACPI; if necessary, use "pci=nocrs" and report a bug
[    0.589998] PCI: Using E820 reservations for host bridge windows
[    0.592463] ACPI: Enabled 2 GPEs in block 00 to 0F
[    0.659473] ACPI: PCI Root Bridge [PCI0] (domain 0000 [bus 00-ff])
[    0.660016] acpi PNP0A03:00: _OSC: OS supports [ASPM ClockPM Segments MSI HPX-Type3]
[    0.662000] acpi PNP0A03:00: _OSC: not requesting OS control; OS requires [ExtendedConfig ASPM ClockPM MSI]
[    0.664133] acpi PNP0A03:00: fail to add MMCONFIG information, can't access extended configuration space under this bridge
[    0.666446] PCI host bridge to bus 0000:00
[    0.667003] pci_bus 0000:00: root bus resource [io  0x0000-0x0cf7 window]
[    0.668002] pci_bus 0000:00: root bus resource [io  0x0d00-0xffff window]
[    0.669001] pci_bus 0000:00: root bus resource [mem 0x000a0000-0x000bffff window]
[    0.671001] pci_bus 0000:00: root bus resource [mem 0x40000000-0xfebfffff window]
[    0.672001] pci_bus 0000:00: root bus resource [mem 0x100000000-0x17fffffff window]
[    0.673002] pci_bus 0000:00: root bus resource [bus 00-ff]
[    0.675127] pci 0000:00:00.0: [8086:1237] type 00 class 0x060000 conventional PCI endpoint
[    0.677256] pci 0000:00:01.0: [8086:7000] type 00 class 0x060100 conventional PCI endpoint
[    0.680377] pci 0000:00:01.1: [8086:7010] type 00 class 0x010180 conventional PCI endpoint
[    0.685348] pci 0000:00:01.1: BAR 4 [io  0xc0c0-0xc0cf]
[    0.688365] pci 0000:00:01.1: BAR 0 [io  0x01f0-0x01f7]: legacy IDE quirk
[    0.689999] pci 0000:00:01.1: BAR 1 [io  0x03f6]: legacy IDE quirk
[    0.690998] pci 0000:00:01.1: BAR 2 [io  0x0170-0x0177]: legacy IDE quirk
[    0.691998] pci 0000:00:01.1: BAR 3 [io  0x0376]: legacy IDE quirk
[    0.695993] pci 0000:00:01.3: [8086:7113] type 00 class 0x068000 conventional PCI endpoint
[    0.697610] pci 0000:00:01.3: quirk: [io  0x0600-0x063f] claimed by PIIX4 ACPI
[    0.699008] pci 0000:00:01.3: quirk: [io  0x0700-0x070f] claimed by PIIX4 SMB
[    0.702036] pci 0000:00:02.0: [1af4:1009] type 00 class 0x000200 conventional PCI endpoint
[    0.705764] pci 0000:00:02.0: BAR 0 [io  0xc000-0xc03f]
[    0.708002] pci 0000:00:02.0: BAR 1 [mem 0xfebfc000-0xfebfcfff]
[    0.714001] pci 0000:00:02.0: BAR 4 [mem 0xfebf0000-0xfebf3fff 64bit pref]
[    0.730065] pci 0000:00:03.0: [1af4:1009] type 00 class 0x000200 conventional PCI endpoint
[    0.732891] pci 0000:00:03.0: BAR 0 [io  0xc040-0xc07f]
[    0.734864] pci 0000:00:03.0: BAR 1 [mem 0xfebfd000-0xfebfdfff]
[    0.740004] pci 0000:00:03.0: BAR 4 [mem 0xfebf4000-0xfebf7fff 64bit pref]
[    0.755473] pci 0000:00:04.0: [8086:25ab] type 00 class 0x088000 conventional PCI endpoint
[    0.758651] pci 0000:00:04.0: BAR 0 [mem 0xfebfe000-0xfebfe00f]
[    0.775865] pci 0000:00:05.0: [1af4:1003] type 00 class 0x078000 conventional PCI endpoint
[    0.778966] pci 0000:00:05.0: BAR 0 [io  0xc080-0xc0bf]
[    0.781002] pci 0000:00:05.0: BAR 1 [mem 0xfebff000-0xfebfffff]
[    0.785001] pci 0000:00:05.0: BAR 4 [mem 0xfebf8000-0xfebfbfff 64bit pref]
[    0.805741] ACPI: PCI: Interrupt link LNKA configured for IRQ 10
[    0.808077] ACPI: PCI: Interrupt link LNKB configured for IRQ 10
[    0.810051] ACPI: PCI: Interrupt link LNKC configured for IRQ 11
[    0.812037] ACPI: PCI: Interrupt link LNKD configured for IRQ 11
[    0.814438] ACPI: PCI: Interrupt link LNKS configured for IRQ 9
[    0.849960] iommu: Default domain type: Translated
[    0.850999] iommu: DMA domain TLB invalidation policy: lazy mode
[    0.852581] SCSI subsystem initialized
[    0.854288] pps_core: LinuxPPS API ver. 1 registered
[    0.855001] pps_core: Software ver. 5.3.6 - Copyright 2005-2007 Rodolfo Giometti <giometti@linux.it>
[    0.856016] PTP clock support registered
[    0.859199] Advanced Linux Sound Architecture Driver Initialized.
[    0.862886] NET: Registered PF_ATMPVC protocol family
[    0.864000] NET: Registered PF_ATMSVC protocol family
[    0.865030] PCI: Using ACPI for IRQ routing
[    0.866119] vgaarb: loaded
[    0.867089] hpet0: at MMIO 0xfed00000, IRQs 2, 8, 0
[    0.868000] hpet0: 3 comparators, 64-bit 100.000000 MHz counter
[    0.873710] clocksource: Switched to clocksource kvm-clock
[    0.875649] VFS: Disk quotas dquot_6.6.0
[    0.876507] VFS: Dquot-cache hash table entries: 512 (order 0, 4096 bytes)
[    0.882549] pnp: PnP ACPI init
[    0.889449] pnp: PnP ACPI: found 5 devices
[    0.934689] clocksource: acpi_pm: mask: 0xffffff max_cycles: 0xffffff, max_idle_ns: 2085701024 ns
[    0.936729] NET: Registered PF_INET protocol family
[    0.937882] IP idents hash table entries: 16384 (order: 5, 131072 bytes, linear)
[    0.940207] tcp_listen_portaddr_hash hash table entries: 512 (order: 1, 8192 bytes, linear)
[    0.941957] Table-perturb hash table entries: 65536 (order: 6, 262144 bytes, linear)
[    0.943602] TCP established hash table entries: 8192 (order: 4, 65536 bytes, linear)
[    0.945240] TCP bind hash table entries: 8192 (order: 6, 262144 bytes, linear)
[    0.946775] TCP: Hash tables configured (established 8192 bind 8192)
[    0.948445] UDP hash table entries: 512 (order: 2, 16384 bytes, linear)
[    0.949843] UDP-Lite hash table entries: 512 (order: 2, 16384 bytes, linear)
[    0.951705] NET: Registered PF_UNIX/PF_LOCAL protocol family
[    0.952908] pci_bus 0000:00: resource 4 [io  0x0000-0x0cf7 window]
[    0.954197] pci_bus 0000:00: resource 5 [io  0x0d00-0xffff window]
[    0.955469] pci_bus 0000:00: resource 6 [mem 0x000a0000-0x000bffff window]
[    0.956892] pci_bus 0000:00: resource 7 [mem 0x40000000-0xfebfffff window]
[    0.958316] pci_bus 0000:00: resource 8 [mem 0x100000000-0x17fffffff window]
[    0.960022] pci 0000:00:01.0: PIIX3: Enabling Passive Release
[    0.961233] pci 0000:00:00.0: Limiting direct PCI/PCI transfers
[    0.962566] PCI: CLS 0 bytes, default 64
[    0.981136] RAPL PMU: API unit is 2^-32 Joules, 1 fixed counters, 10737418240 ms ovfl timer
[    0.983028] RAPL PMU: hw unit of domain psys 2^-0 Joules
[    1.244853] kvm_amd: CPU 2 isn't AMD or Hygon
[    1.245788] clocksource: tsc: mask: 0xffffffffffffffff max_cycles: 0x39a85c9bff6, max_idle_ns: 881590591483 ns
[    1.393076] Initialise system trusted keyrings
[    1.394934] workingset: timestamp_bits=56 max_order=18 bucket_order=0
[    1.396655] squashfs: version 4.0 (2009/01/31) Phillip Lougher
[    1.397932] fuse: init (API version 7.40)
[    1.399504] 9p: Installing v9fs 9p2000 file system support
[    1.419618] Key type asymmetric registered
[    1.420478] Asymmetric key parser 'x509' registered
[    1.421588] Block layer SCSI generic (bsg) driver version 0.4 loaded (major 249)
[    1.423152] io scheduler mq-deadline registered
[    1.424091] io scheduler kyber registered
[    1.444516] input: Power Button as /devices/LNXSYSTM:00/LNXPWRBN:00/input/input0
[    1.446889] ACPI: button: Power Button [PWRF]
[    1.448137] Warning: Processor Platform Limit event detected, but not handled.
[    1.449673] Consider compiling CPUfreq support into your kernel.
[    2.332166] ACPI: \_SB_.LNKB: Enabled at IRQ 10
[    3.206390] ACPI: \_SB_.LNKC: Enabled at IRQ 11
[    4.080459] ACPI: \_SB_.LNKA: Enabled at IRQ 10
[    4.083421] Serial: 8250/16550 driver, 4 ports, IRQ sharing enabled
[    4.085176] 00:03: ttyS0 at I/O 0x3f8 (irq = 4, base_baud = 115200) is a 16550A
[    4.124774] Non-volatile memory driver v1.3
[    4.125694] Linux agpgart interface v0.103
[    4.127273] ACPI: bus type drm_connector registered
[    4.130207] printk: legacy console [hvc0] enabled
[    4.131267] printk: legacy bootconsole [earlyser0] disabled
          _      _                                    
   __   _(_)_ __| |_ _ __ ___   ___       _ __   __ _ 
   \ \ / / |  __| __|  _   _ \ / _ \_____|  _ \ / _  |
    \ V /| | |  | |_| | | | | |  __/_____| | | | (_| |
     \_/ |_|_|   \__|_| |_| |_|\___|     |_| |_|\__  |
                                                |___/ 
   kernel version: 6.10.0-rc7-virtme x86_64
   (CTRL+d to exit)

root@virtme-ng:/nipa-data/kernel# PS1='xx__-> '
xx__-> env
PWD=/nipa-data/kernel
nr_open=1048576
HOME=/
TERM=xterm
SHLVL=2
XDG_RUNTIME_DIR=/run/user/0
PATH=/bin:/sbin:/usr/bin:/usr/sbin:/usr/local/bin
OLDPWD=/
_=/bin/env
xx__-> 