No EFI environment detected.
early console in extract_kernel
input_data: 0x00000000030692b9
input_len: 0x0000000000b7a377
output: 0x0000000001000000
output_len: 0x00000000025286bc
kernel_total_size: 0x0000000002c30000
needed_size: 0x0000000002e00000
trampoline_32bit: 0x0000000000000000
Physical KASLR using RDRAND RDTSC...
Virtual KASLR using RDRAND RDTSC...

Decompressing Linux... Parsing ELF... Performing relocations... done.
Booting the kernel (entry_offset: 0x0000000000000000).
[    0.000000] Linux version 6.7.0-virtme (root@1206d594019d) (gcc (Alpine 13.2.1_git20231014) 13.2.1 20231014, GNU ld (GNU Binutils) 2.41) #1 SMP PREEMPT_DYNAMIC Thu Jan 25 03:06:03 UTC 2024
[    0.000000] Command line: virtme_hostname=virtme-ng virtme_link_mods=/nipa-data/kernel/.virtme_mods/lib/modules/0.0.0 virtme_initmount0=nipa-data/kernel virtme_rw_overlay0=/etc virtme_rw_overlay1=/lib virtme_rw_overlay2=/home virtme_rw_overlay3=/opt virtme_rw_overlay4=/srv virtme_rw_overlay5=/usr virtme_rw_overlay6=/var earlyprintk=serial,ttyS0,115200 console=ttyS0 psmouse.proto=exps virtme_chdir=nipa-data/kernel virtme_root_user=1 rootfstype=9p rootflags=version=9p2000.L,trans=virtio,access=any raid=noautodetect ro init=/usr/lib/python3.11/site-packages/virtme/guest/virtme-init
[    0.000000] BIOS-provided physical RAM map:
[    0.000000] BIOS-e820: [mem 0x0000000000000000-0x000000000009fbff] usable
[    0.000000] BIOS-e820: [mem 0x000000000009fc00-0x000000000009ffff] reserved
[    0.000000] BIOS-e820: [mem 0x00000000000f0000-0x00000000000fffff] reserved
[    0.000000] BIOS-e820: [mem 0x0000000000100000-0x000000003ffdffff] usable
[    0.000000] BIOS-e820: [mem 0x000000003ffe0000-0x000000003fffffff] reserved
[    0.000000] BIOS-e820: [mem 0x00000000feffc000-0x00000000feffffff] reserved
[    0.000000] BIOS-e820: [mem 0x00000000fffc0000-0x00000000ffffffff] reserved
[    0.000000] BIOS-e820: [mem 0x000000fd00000000-0x000000ffffffffff] reserved
[    0.000000] printk: legacy bootconsole [earlyser0] enabled
[    0.000000] NX (Execute Disable) protection: active
[    0.000000] APIC: Static calls initialized
[    0.000000] SMBIOS 3.0.0 present.
[    0.000000] DMI: QEMU Standard PC (i440FX + PIIX, 1996), BIOS rel-1.16.3-0-ga6ed6b701f0a-prebuilt.qemu.org 04/01/2014
[    0.000000] Hypervisor detected: KVM
[    0.000000] kvm-clock: Using msrs 4b564d01 and 4b564d00
[    0.000001] kvm-clock: using sched offset of 246808801 cycles
[    0.000388] clocksource: kvm-clock: mask: 0xffffffffffffffff max_cycles: 0x1cd42e4dffb, max_idle_ns: 881590591483 ns
[    0.001584] tsc: Detected 4491.536 MHz processor
[    0.002192] last_pfn = 0x3ffe0 max_arch_pfn = 0x400000000
[    0.002611] MTRR map: 4 entries (3 fixed + 1 variable; max 19), built from 8 variable MTRRs
[    0.003280] x86/PAT: Configuration [0-7]: WB  WC  UC- UC  WB  WP  UC- WT  
Memory KASLR using RDRAND RDTSC...
[    0.005393] found SMP MP-table at [mem 0x000f5470-0x000f547f]
[    0.005817] Using GB pages for direct mapping
[    0.006213] ACPI: Early table checksum verification disabled
[    0.006626] ACPI: RSDP 0x00000000000F5290 000014 (v00 BOCHS )
[    0.007056] ACPI: RSDT 0x000000003FFE27B6 000034 (v01 BOCHS  BXPC     00000001 BXPC 00000001)
[    0.007681] ACPI: FACP 0x000000003FFE2572 000074 (v01 BOCHS  BXPC     00000001 BXPC 00000001)
[    0.008304] ACPI: DSDT 0x000000003FFE0040 002532 (v01 BOCHS  BXPC     00000001 BXPC 00000001)
[    0.008926] ACPI: FACS 0x000000003FFE0000 000040
[    0.009280] ACPI: APIC 0x000000003FFE25E6 000170 (v03 BOCHS  BXPC     00000001 BXPC 00000001)
[    0.009903] ACPI: HPET 0x000000003FFE2756 000038 (v01 BOCHS  BXPC     00000001 BXPC 00000001)
[    0.010540] ACPI: WAET 0x000000003FFE278E 000028 (v01 BOCHS  BXPC     00000001 BXPC 00000001)
[    0.011182] ACPI: Reserving FACP table memory at [mem 0x3ffe2572-0x3ffe25e5]
[    0.011696] ACPI: Reserving DSDT table memory at [mem 0x3ffe0040-0x3ffe2571]
[    0.012224] ACPI: Reserving FACS table memory at [mem 0x3ffe0000-0x3ffe003f]
[    0.012735] ACPI: Reserving APIC table memory at [mem 0x3ffe25e6-0x3ffe2755]
[    0.013245] ACPI: Reserving HPET table memory at [mem 0x3ffe2756-0x3ffe278d]
[    0.013755] ACPI: Reserving WAET table memory at [mem 0x3ffe278e-0x3ffe27b5]
[    0.014410] No NUMA configuration found
[    0.014688] Faking a node at [mem 0x0000000000000000-0x000000003ffdffff]
[    0.015182] NODE_DATA(0) allocated [mem 0x3ffdb000-0x3ffdffff]
[    0.015618] Zone ranges:
[    0.015802]   DMA      [mem 0x0000000000001000-0x0000000000ffffff]
[    0.016265]   DMA32    [mem 0x0000000001000000-0x000000003ffdffff]
[    0.016714]   Normal   empty
[    0.016923]   Device   empty
[    0.017141] Movable zone start for each node
[    0.017450] Early memory node ranges
[    0.017708]   node   0: [mem 0x0000000000001000-0x000000000009efff]
[    0.018205]   node   0: [mem 0x0000000000100000-0x000000003ffdffff]
[    0.018754] Initmem setup node 0 [mem 0x0000000000001000-0x000000003ffdffff]
[    0.019382] On node 0, zone DMA: 1 pages in unavailable ranges
[    0.019907] On node 0, zone DMA: 97 pages in unavailable ranges
[    0.021419] On node 0, zone DMA32: 32 pages in unavailable ranges
[    0.022073] ACPI: PM-Timer IO Port: 0x608
[    0.022372] ACPI: LAPIC_NMI (acpi_id[0xff] dfl dfl lint[0x1])
[    0.022812] IOAPIC[0]: apic_id 0, version 17, address 0xfec00000, GSI 0-23
[    0.023339] ACPI: INT_SRC_OVR (bus 0 bus_irq 0 global_irq 2 dfl dfl)
[    0.023802] ACPI: INT_SRC_OVR (bus 0 bus_irq 5 global_irq 5 high level)
[    0.024294] ACPI: INT_SRC_OVR (bus 0 bus_irq 9 global_irq 9 high level)
[    0.024779] ACPI: INT_SRC_OVR (bus 0 bus_irq 10 global_irq 10 high level)
[    0.025282] ACPI: INT_SRC_OVR (bus 0 bus_irq 11 global_irq 11 high level)
[    0.025778] ACPI: Using ACPI (MADT) for SMP configuration information
[    0.026253] ACPI: HPET id: 0x8086a201 base: 0xfed00000
[    0.026628] TSC deadline timer available
[    0.026913] smpboot: Allowing 32 CPUs, 0 hotplug CPUs
[    0.027309] kvm-guest: APIC: eoi() replaced with kvm_guest_apic_eoi_write()
[    0.027823] kvm-guest: KVM setup pv remote TLB flush
[    0.028191] kvm-guest: setup PV sched yield
[    0.028501] PM: hibernation: Registered nosave memory: [mem 0x00000000-0x00000fff]
[    0.029067] PM: hibernation: Registered nosave memory: [mem 0x0009f000-0x0009ffff]
[    0.029620] PM: hibernation: Registered nosave memory: [mem 0x000a0000-0x000effff]
[    0.030183] PM: hibernation: Registered nosave memory: [mem 0x000f0000-0x000fffff]
[    0.030736] [mem 0x40000000-0xfeffbfff] available for PCI devices
[    0.031190] Booting paravirtualized kernel on KVM
[    0.031532] clocksource: refined-jiffies: mask: 0xffffffff max_cycles: 0xffffffff, max_idle_ns: 1910969940391419 ns
[    0.035181] setup_percpu: NR_CPUS:64 nr_cpumask_bits:32 nr_cpu_ids:32 nr_node_ids:1
[    0.036296] percpu: Embedded 58 pages/cpu s199840 r8192 d29536 u262144
[    0.036809] Kernel command line: virtme_hostname=virtme-ng virtme_link_mods=/nipa-data/kernel/.virtme_mods/lib/modules/0.0.0 virtme_initmount0=nipa-data/kernel virtme_rw_overlay0=/etc virtme_rw_overlay1=/lib virtme_rw_overlay2=/home virtme_rw_overlay3=/opt virtme_rw_overlay4=/srv virtme_rw_overlay5=/usr virtme_rw_overlay6=/var earlyprintk=serial,ttyS0,115200 console=ttyS0 psmouse.proto=exps virtme_chdir=nipa-data/kernel virtme_root_user=1 rootfstype=9p rootflags=version=9p2000.L,trans=virtio,access=any raid=noautodetect ro init=/usr/lib/python3.11/site-packages/virtme/guest/virtme-init
[    0.040790] Unknown kernel command line parameters "virtme_hostname=virtme-ng virtme_link_mods=/nipa-data/kernel/.virtme_mods/lib/modules/0.0.0 virtme_initmount0=nipa-data/kernel virtme_rw_overlay0=/etc virtme_rw_overlay1=/lib virtme_rw_overlay2=/home virtme_rw_overlay3=/opt virtme_rw_overlay4=/srv virtme_rw_overlay5=/usr virtme_rw_overlay6=/var virtme_chdir=nipa-data/kernel virtme_root_user=1", will be passed to user space.
[    0.043832] random: crng init done
[    0.044119] Dentry cache hash table entries: 131072 (order: 8, 1048576 bytes, linear)
[    0.044748] Inode-cache hash table entries: 65536 (order: 7, 524288 bytes, linear)
[    0.045417] Fallback order for Node 0: 0 
[    0.045420] Built 1 zonelists, mobility grouping on.  Total pages: 257760
[    0.046244] Policy zone: DMA32
[    0.046473] mem auto-init: stack:all(zero), heap alloc:off, heap free:off
[    0.048509] Memory: 976388K/1048056K available (16384K kernel code, 2552K rwdata, 6056K rodata, 3148K init, 12028K bss, 71408K reserved, 0K cma-reserved)
[    0.049596] SLUB: HWalign=64, Order=0-3, MinObjects=0, CPUs=32, Nodes=1
Poking KASLR using RDRAND RDTSC...
[    0.050374] ftrace: allocating 46466 entries in 182 pages
[    0.057269] ftrace: allocated 182 pages with 5 groups
[    0.058440] Dynamic Preempt: voluntary
[    0.058916] Running RCU self tests
[    0.059190] Running RCU synchronous self tests
[    0.059528] rcu: Preemptible hierarchical RCU implementation.
[    0.059966] rcu: RCU event tracing is enabled.
[    0.060303] rcu: RCU lockdep checking is enabled.
[    0.060660] rcu: RCU restricting CPUs from NR_CPUS=64 to nr_cpu_ids=32.
[    0.061171] Trampoline variant of Tasks RCU enabled.
[    0.061547] Rude variant of Tasks RCU enabled.
[    0.061884] Tracing variant of Tasks RCU enabled.
[    0.062247] rcu: RCU calculated value of scheduler-enlistment delay is 100 jiffies.
[    0.062817] rcu: Adjusting geometry for rcu_fanout_leaf=16, nr_cpu_ids=32
[    0.063365] Running RCU synchronous self tests
[    0.065263] NR_IRQS: 4352, nr_irqs: 680, preallocated irqs: 16
[    0.065890] rcu: srcu_init: Setting srcu_struct sizes based on contention.
[    0.066613] Console: colour *CGA 80x25
[    0.066918] printk: legacy console [ttyS0] enabled
[    0.066918] printk: legacy console [ttyS0] enabled
[    0.067648] printk: legacy bootconsole [earlyser0] disabled
[    0.067648] printk: legacy bootconsole [earlyser0] disabled
[    0.068493] Lock dependency validator: Copyright (c) 2006 Red Hat, Inc., Ingo Molnar
[    0.069080] ... MAX_LOCKDEP_SUBCLASSES:  8
[    0.069389] ... MAX_LOCK_DEPTH:          48
[    0.069704] ... MAX_LOCKDEP_KEYS:        8192
[    0.070042] ... CLASSHASH_SIZE:          4096
[    0.070369] ... MAX_LOCKDEP_ENTRIES:     32768
[    0.070702] ... MAX_LOCKDEP_CHAINS:      65536
[    0.071050] ... CHAINHASH_SIZE:          32768
[    0.071385]  memory used by lock dependency info: 6429 kB
[    0.071790]  memory used for stack traces: 4224 kB
[    0.072155]  per task-struct memory footprint: 1920 bytes
[    0.072573] ACPI: Core revision 20230628
[    0.072979] clocksource: hpet: mask: 0xffffffff max_cycles: 0xffffffff, max_idle_ns: 19112604467 ns
[    0.073762] APIC: Switch to symmetric I/O mode setup
[    0.074162] APIC: Switched APIC routing to: physical flat
[    0.074569] kvm-guest: APIC: send_IPI_mask() replaced with kvm_send_ipi_mask()
[    0.075138] kvm-guest: APIC: send_IPI_mask_allbutself() replaced with kvm_send_ipi_mask_allbutself()
[    0.075828] kvm-guest: setup PV IPIs
[    0.076934] ..TIMER: vector=0x30 apic1=0 pin1=2 apic2=-1 pin2=-1
[    0.077764] tsc: Marking TSC unstable due to TSCs unsynchronized
[    0.078556] Calibrating delay loop (skipped) preset value.. 8983.07 BogoMIPS (lpj=4491536)
[    0.080557] x86/cpu: User Mode Instruction Prevention (UMIP) activated
[    0.081467] Last level iTLB entries: 4KB 512, 2MB 255, 4MB 127
[    0.081552] Last level dTLB entries: 4KB 512, 2MB 255, 4MB 127, 1GB 0
[    0.082555] Spectre V1 : Mitigation: usercopy/swapgs barriers and __user pointer sanitization
[    0.083555] Spectre V2 : Mitigation: Enhanced / Automatic IBRS
[    0.084551] Spectre V2 : Spectre v2 / SpectreRSB mitigation: Filling RSB on context switch
[    0.085555] Spectre V2 : mitigation: Enabling conditional Indirect Branch Prediction Barrier
[    0.086553] Speculative Store Bypass: Mitigation: Speculative Store Bypass disabled via prctl
[    0.087552] Speculative Return Stack Overflow: IBPB-extending microcode not applied!
[    0.088552] Speculative Return Stack Overflow: WARNING: See https://kernel.org/doc/html/latest/admin-guide/hw-vuln/srso.html for mitigation options.
[    0.088553] Speculative Return Stack Overflow: Vulnerable: Safe RET, no microcode
[    0.090583] x86/fpu: Supporting XSAVE feature 0x001: 'x87 floating point registers'
[    0.091552] x86/fpu: Supporting XSAVE feature 0x002: 'SSE registers'
[    0.092552] x86/fpu: Supporting XSAVE feature 0x004: 'AVX registers'
[    0.093552] x86/fpu: Supporting XSAVE feature 0x020: 'AVX-512 opmask'
[    0.094552] x86/fpu: Supporting XSAVE feature 0x040: 'AVX-512 Hi256'
[    0.095552] x86/fpu: Supporting XSAVE feature 0x080: 'AVX-512 ZMM_Hi256'
[    0.096552] x86/fpu: Supporting XSAVE feature 0x200: 'Protection Keys User registers'
[    0.097552] x86/fpu: xstate_offset[2]:  576, xstate_sizes[2]:  256
[    0.098552] x86/fpu: xstate_offset[5]:  832, xstate_sizes[5]:   64
[    0.099552] x86/fpu: xstate_offset[6]:  896, xstate_sizes[6]:  512
[    0.100552] x86/fpu: xstate_offset[7]: 1408, xstate_sizes[7]: 1024
[    0.101552] x86/fpu: xstate_offset[9]: 2432, xstate_sizes[9]:    8
[    0.102552] x86/fpu: Enabled xstate features 0x2e7, context size is 2440 bytes, using 'compacted' format.
[    0.120872] Freeing SMP alternatives memory: 36K
[    0.121467] pid_max: default: 32768 minimum: 301
[    0.121639] Mount-cache hash table entries: 2048 (order: 2, 16384 bytes, linear)
[    0.122553] Mountpoint-cache hash table entries: 2048 (order: 2, 16384 bytes, linear)
[    0.124710] Running RCU synchronous self tests
[    0.125281] Running RCU synchronous self tests
[    0.125716] smpboot: CPU0: AMD Ryzen 9 7950X 16-Core Processor (family: 0x19, model: 0x61, stepping: 0x2)
[    0.126924] RCU Tasks: Setting shift to 5 and lim to 1 rcu_task_cb_adjust=1.
[    0.127583] RCU Tasks Rude: Setting shift to 5 and lim to 1 rcu_task_cb_adjust=1.
[    0.128571] RCU Tasks Trace: Setting shift to 5 and lim to 1 rcu_task_cb_adjust=1.
[    0.129577] Running RCU Tasks wait API self tests
[    0.235623] Running RCU Tasks Rude wait API self tests
[    0.236575] Running RCU Tasks Trace wait API self tests
[    0.237476] Performance Events: Fam17h+ core perfctr, AMD PMU driver.
[    0.237562] ... version:                0
[    0.238209] ... bit width:              48
[    0.238555] ... generic registers:      6
[    0.239202] ... value mask:             0000ffffffffffff
[    0.239555] ... max period:             00007fffffffffff
[    0.240410] ... fixed-purpose events:   0
[    0.240555] ... event mask:             000000000000003f
[    0.241650] signal: max sigframe size: 3376
[    0.242434] rcu: Hierarchical SRCU implementation.
[    0.242559] rcu: Max phase no-delay instances is 400.
[    0.243418] Callback from call_rcu_tasks_trace() invoked.
[    0.247836] smp: Bringing up secondary CPUs ...
[    0.248921] smpboot: x86: Booting SMP configuration:
[    0.249564] .... node  #0, CPUs:        #1  #2  #3  #4  #5  #6  #7  #8  #9 #10 #11 #12 #13 #14 #15 #16 #17 #18 #19 #20 #21 #22 #23 #24 #25 #26 #27 #28 #29 #30 #31
[    0.273713] smp: Brought up 1 node, 32 CPUs
[    0.275099] smpboot: Max logical packages: 1
[    0.275554] smpboot: Total of 32 processors activated (287458.30 BogoMIPS)
[    0.283773] devtmpfs: initialized
[    0.284648] x86/mm: Memory block size: 128MB
[    0.287193] Running RCU synchronous self tests
[    0.287569] Running RCU synchronous self tests
[    0.288238] clocksource: jiffies: mask: 0xffffffff max_cycles: 0xffffffff, max_idle_ns: 1911260446275000 ns
[    0.288559] futex hash table entries: 8192 (order: 8, 1048576 bytes, linear)
[    0.289975] PM: RTC time: 03:06:36, date: 2024-01-25
[    0.291158] NET: Registered PF_NETLINK/PF_ROUTE protocol family
[    0.292162] thermal_sys: Registered thermal governor 'step_wise'
[    0.292164] thermal_sys: Registered thermal governor 'user_space'
[    0.292597] cpuidle: using governor menu
[    0.294929] PCI: Using configuration type 1 for base access
[    0.295554] PCI: Using configuration type 1 for extended access
[    0.296438] kprobes: kprobe jump-optimization is enabled. All kprobes are optimized if possible.
[    0.311224] HugeTLB: registered 1.00 GiB page size, pre-allocated 0 pages
[    0.311555] HugeTLB: 16380 KiB vmemmap can be freed for a 1.00 GiB page
[    0.312394] HugeTLB: registered 2.00 MiB page size, pre-allocated 0 pages
[    0.312554] HugeTLB: 28 KiB vmemmap can be freed for a 2.00 MiB page
[    0.315910] ACPI: Added _OSI(Module Device)
[    0.316556] ACPI: Added _OSI(Processor Device)
[    0.317121] ACPI: Added _OSI(3.0 _SCP Extensions)
[    0.317554] ACPI: Added _OSI(Processor Aggregator Device)
[    0.320279] ACPI: 1 ACPI AML tables successfully acquired and loaded
[    0.321640] ACPI: _OSC evaluation for CPUs failed, trying _PDC
[    0.323016] ACPI: Interpreter enabled
[    0.323538] ACPI: PM: (supports S0 S3 S4 S5)
[    0.323560] ACPI: Using IOAPIC for interrupt routing
[    0.324226] PCI: Using host bridge windows from ACPI; if necessary, use "pci=nocrs" and report a bug
[    0.324554] PCI: Using E820 reservations for host bridge windows
[    0.325598] ACPI: Enabled 2 GPEs in block 00 to 0F
[    0.334885] ACPI: PCI Root Bridge [PCI0] (domain 0000 [bus 00-ff])
[    0.335558] acpi PNP0A03:00: _OSC: OS supports [ExtendedConfig ASPM ClockPM Segments MSI HPX-Type3]
[    0.337034] PCI host bridge to bus 0000:00
[    0.337555] pci_bus 0000:00: root bus resource [io  0x0000-0x0cf7 window]
[    0.338422] pci_bus 0000:00: root bus resource [io  0x0d00-0xffff window]
[    0.338555] pci_bus 0000:00: root bus resource [mem 0x000a0000-0x000bffff window]
[    0.339503] pci_bus 0000:00: root bus resource [mem 0x40000000-0xfebfffff window]
[    0.340099] pci_bus 0000:00: root bus resource [mem 0x100000000-0x17fffffff window]
[    0.341558] pci_bus 0000:00: root bus resource [bus 00-ff]
[    0.342474] pci 0000:00:00.0: [8086:1237] type 00 class 0x060000 conventional PCI endpoint
[    0.343737] Callback from call_rcu_tasks_rude() invoked.
[    0.344254] pci 0000:00:01.0: [8086:7000] type 00 class 0x060100 conventional PCI endpoint
[    0.346028] pci 0000:00:01.1: [8086:7010] type 00 class 0x010180 conventional PCI endpoint
[    0.349800] pci 0000:00:01.1: BAR 4 [io  0xc080-0xc08f]
[    0.351272] pci 0000:00:01.1: BAR 0 [io  0x01f0-0x01f7]: legacy IDE quirk
[    0.351555] pci 0000:00:01.1: BAR 1 [io  0x03f6]: legacy IDE quirk
[    0.352390] pci 0000:00:01.1: BAR 2 [io  0x0170-0x0177]: legacy IDE quirk
[    0.353555] pci 0000:00:01.1: BAR 3 [io  0x0376]: legacy IDE quirk
[    0.354588] pci 0000:00:01.3: [8086:7113] type 00 class 0x068000 conventional PCI endpoint
[    0.355819] pci 0000:00:01.3: quirk: [io  0x0600-0x063f] claimed by PIIX4 ACPI
[    0.357560] pci 0000:00:01.3: quirk: [io  0x0700-0x070f] claimed by PIIX4 SMB
[    0.358831] pci 0000:00:02.0: [1af4:1009] type 00 class 0x000200 conventional PCI endpoint
[    0.361554] pci 0000:00:02.0: BAR 0 [io  0xc000-0xc03f]
[    0.364274] pci 0000:00:02.0: BAR 1 [mem 0xfebfd000-0xfebfdfff]
[    0.368554] pci 0000:00:02.0: BAR 4 [mem 0xfebf4000-0xfebf7fff 64bit pref]
[    0.372836] pci 0000:00:03.0: [1af4:1009] type 00 class 0x000200 conventional PCI endpoint
[    0.375554] pci 0000:00:03.0: BAR 0 [io  0xc040-0xc07f]
[    0.378218] pci 0000:00:03.0: BAR 1 [mem 0xfebfe000-0xfebfefff]
[    0.383554] pci 0000:00:03.0: BAR 4 [mem 0xfebf8000-0xfebfbfff 64bit pref]
[    0.387419] pci 0000:00:04.0: [8086:25ab] type 00 class 0x088000 conventional PCI endpoint
[    0.389102] pci 0000:00:04.0: BAR 0 [mem 0xfebff000-0xfebff00f]
[    0.395122] ACPI: PCI: Interrupt link LNKA configured for IRQ 10
[    0.396727] ACPI: PCI: Interrupt link LNKB configured for IRQ 10
[    0.397713] ACPI: PCI: Interrupt link LNKC configured for IRQ 11
[    0.398636] ACPI: PCI: Interrupt link LNKD configured for IRQ 11
[    0.399555] ACPI: PCI: Interrupt link LNKS configured for IRQ 9
[    0.402842] iommu: Default domain type: Translated
[    0.403492] iommu: DMA domain TLB invalidation policy: lazy mode
[    0.403860] SCSI subsystem initialized
[    0.404614] pps_core: LinuxPPS API ver. 1 registered
[    0.405287] pps_core: Software ver. 5.3.6 - Copyright 2005-2007 Rodolfo Giometti <giometti@linux.it>
[    0.406560] PTP clock support registered
[    0.407638] Advanced Linux Sound Architecture Driver Initialized.
[    0.409167] NET: Registered PF_ATMPVC protocol family
[    0.409555] NET: Registered PF_ATMSVC protocol family
[    0.410240] PCI: Using ACPI for IRQ routing
[    0.411689] vgaarb: loaded
[    0.411955] hpet0: at MMIO 0xfed00000, IRQs 2, 8, 0
[    0.412556] hpet0: 3 comparators, 64-bit 100.000000 MHz counter
[    0.417881] clocksource: Switched to clocksource kvm-clock
[    0.419227] VFS: Disk quotas dquot_6.6.0
[    0.419755] VFS: Dquot-cache hash table entries: 512 (order 0, 4096 bytes)
[    0.420789] pnp: PnP ACPI init
[    0.421753] pnp: PnP ACPI: found 5 devices
[    0.431935] clocksource: acpi_pm: mask: 0xffffff max_cycles: 0xffffff, max_idle_ns: 2085701024 ns
[    0.433122] NET: Registered PF_INET protocol family
[    0.433825] IP idents hash table entries: 16384 (order: 5, 131072 bytes, linear)
[    0.435069] tcp_listen_portaddr_hash hash table entries: 512 (order: 3, 36864 bytes, linear)
[    0.436201] Table-perturb hash table entries: 65536 (order: 6, 262144 bytes, linear)
[    0.437242] TCP established hash table entries: 8192 (order: 4, 65536 bytes, linear)
[    0.438303] TCP bind hash table entries: 8192 (order: 8, 1179648 bytes, linear)
[    0.439639] TCP: Hash tables configured (established 8192 bind 8192)
[    0.440581] UDP hash table entries: 512 (order: 4, 81920 bytes, linear)
[    0.441476] UDP-Lite hash table entries: 512 (order: 4, 81920 bytes, linear)
[    0.442543] NET: Registered PF_UNIX/PF_LOCAL protocol family
[    0.443689] pci_bus 0000:00: resource 4 [io  0x0000-0x0cf7 window]
[    0.443710] Callback from call_rcu_tasks() invoked.
[    0.444495] pci_bus 0000:00: resource 5 [io  0x0d00-0xffff window]
[    0.444497] pci_bus 0000:00: resource 6 [mem 0x000a0000-0x000bffff window]
[    0.444499] pci_bus 0000:00: resource 7 [mem 0x40000000-0xfebfffff window]
[    0.444501] pci_bus 0000:00: resource 8 [mem 0x100000000-0x17fffffff window]
[    0.448905] pci 0000:00:01.0: PIIX3: Enabling Passive Release
[    0.449654] pci 0000:00:00.0: Limiting direct PCI/PCI transfers
[    0.450454] PCI: CLS 0 bytes, default 64
[    0.451239] kvm_intel: VMX not supported by CPU 12
[    0.452024] kvm_amd: TSC scaling supported
[    0.452575] kvm_amd: Nested Virtualization enabled
[    0.453198] kvm_amd: Nested Paging enabled
[    0.453745] kvm_amd: Virtual VMLOAD VMSAVE supported
[    0.454394] kvm_amd: Virtual GIF supported
[    0.454926] kvm_amd: Virtual NMI enabled
[    0.455440] kvm_amd: LBR virtualization supported
[    0.568705] workingset: timestamp_bits=56 max_order=18 bucket_order=0
[    0.569954] squashfs: version 4.0 (2009/01/31) Phillip Lougher
[    0.570958] fuse: init (API version 7.39)
[    0.571730] 9p: Installing v9fs 9p2000 file system support
[    0.572796] Key type asymmetric registered
[    0.573518] Block layer SCSI generic (bsg) driver version 0.4 loaded (major 249)
[    0.574821] io scheduler mq-deadline registered
[    0.575585] io scheduler kyber registered
[    0.577879] input: Power Button as /devices/LNXSYSTM:00/LNXPWRBN:00/input/input0
[    0.579309] ACPI: button: Power Button [PWRF]
[    0.579995] Warning: Processor Platform Limit event detected, but not handled.
[    0.580953] Consider compiling CPUfreq support into your kernel.
[    0.657519] ACPI: \_SB_.LNKB: Enabled at IRQ 10
[    0.732462] ACPI: \_SB_.LNKC: Enabled at IRQ 11
[    0.734080] Serial: 8250/16550 driver, 4 ports, IRQ sharing enabled
[    0.735415] 00:03: ttyS0 at I/O 0x3f8 (irq = 4, base_baud = 115200) is a 16550A
[    0.737520] Non-volatile memory driver v1.3
[    0.738066] Linux agpgart interface v0.103
[    0.738756] ACPI: bus type drm_connector registered
[    0.752418] loop: module loaded
[    0.754221] scsi host0: ata_piix
[    0.754976] scsi host1: ata_piix
[    0.755488] ata1: PATA max MWDMA2 cmd 0x1f0 ctl 0x3f6 bmdma 0xc080 irq 14 lpm-pol 0
[    0.756509] ata2: PATA max MWDMA2 cmd 0x170 ctl 0x376 bmdma 0xc088 irq 15 lpm-pol 0
[    0.758254] i8042: PNP: PS/2 Controller [PNP0303:KBD,PNP0f13:MOU] at 0x60,0x64 irq 1,12
[    0.760210] serio: i8042 KBD port at 0x60,0x64 irq 1
[    0.760875] serio: i8042 AUX port at 0x60,0x64 irq 12
[    0.762175] rtc_cmos 00:04: RTC can wake from S4
[    0.763182] input: AT Translated Set 2 keyboard as /devices/platform/i8042/serio0/input/input1
[    0.765581] rtc_cmos 00:04: registered as rtc0
[    0.766317] rtc_cmos 00:04: setting system clock to 2024-01-25T03:06:36 UTC (1706151996)
[    0.767634] rtc_cmos 00:04: alarms up to one day, y3k, 242 bytes nvram, hpet irqs
[    0.769259] i6300ESB timer 0000:00:04.0: initialized. heartbeat=30 sec (nowayout=0)
[    0.770438] device-mapper: ioctl: 4.48.0-ioctl (2023-03-01) initialised: dm-devel@redhat.com
[    0.772263] input: ImExPS/2 Generic Explorer Mouse as /devices/platform/i8042/serio1/input/input3
[    0.774101] NET: Registered PF_PACKET protocol family
[    0.774951] 9pnet: Installing 9P2000 support
[    0.776918] Key type dns_resolver registered
[    0.781490] IPI shorthand broadcast: enabled
[    0.791513] sched_clock: Marking stable (782002468, 9130945)->(814143513, -23010100)
[    0.792849] registered taskstats version 1
[    0.798774] PM:   Magic number: 8:228:109
[    0.799396] printk: legacy console [netcon0] enabled
[    0.800053] netconsole: network logging started
[    0.800831] ALSA device list:
[    0.801250]   No soundcards found.
[    0.915289] ata2: found unknown device (class 0)
[    0.916475] ata2.00: ATAPI: QEMU DVD-ROM, 2.5+, max UDMA/100
[    0.918529] scsi 1:0:0:0: CD-ROM            QEMU     QEMU DVD-ROM     2.5+ PQ: 0 ANSI: 5
[    0.928013] scsi 1:0:0:0: Attached scsi generic sg0 type 5
[    0.929036] md: Skipping autodetection of RAID arrays. (raid=autodetect will force)
[    0.930262] 9pnet_virtio: no channels available for device 
[    0.931802] VFS: Mounted root (9p filesystem) readonly on device 0:19.
[    0.933030] devtmpfs: mounted
[    0.935498] Freeing unused kernel image (initmem) memory: 3148K
[    0.942170] Write protecting the kernel read-only data: 22528k
[    0.943513] Freeing unused kernel image (rodata/data gap) memory: 88K
[    0.974924] x86/mm: Checked W+X mappings: passed, no W+X pages found.
[    0.975683] Run /usr/lib/python3.11/site-packages/virtme/guest/virtme-init as init process
[    1.003953] mount (267) used greatest stack depth: 12952 bytes left
[    1.068158] mount (274) used greatest stack depth: 12856 bytes left
[    1.117905] uname (285) used greatest stack depth: 12632 bytes left
[    1.138079] virtme-init (292) used greatest stack depth: 12584 bytes left
[    1.141031] mount (294) used greatest stack depth: 12216 bytes left
[    1.176874] virtme-init: basic initialization done
[    1.183084] virtme-init: udevd not found
[    1.244752] virtme-init: Setting hostname to virtme-ng...
[    1.257779] ip (330) used greatest stack depth: 12056 bytes left
          _      _                                    
   __   _(_)_ __| |_ _ __ ___   ___       _ __   __ _ 
   \ \ / / |  __| __|  _   _ \ / _ \_____|  _ \ / _  |
    \ V /| | |  | |_| | | | | |  __/_____| | | | (_| |
     \_/ |_|_|   \__|_| |_| |_|\___|     |_| |_|\__  |
                                                |___/ 
   kernel version: 6.7.0-virtme x86_64

virtme-ng:/nipa-data/kernel# PS1='xx__-> '
xx__-> 