No EFI environment detected.
early console in extract_kernel
input_data: 0x00000000029ea2b9
input_len: 0x0000000000b26238
output: 0x0000000001000000
output_len: 0x00000000024ca83c
kernel_total_size: 0x0000000002230000
needed_size: 0x0000000002600000
trampoline_32bit: 0x0000000000000000
Physical KASLR using RDRAND RDTSC...
Virtual KASLR using RDRAND RDTSC...

Decompressing Linux... Parsing ELF... Performing relocations... done.
Booting the kernel (entry_offset: 0x0000000000000000).
[    0.000000] Linux version 6.9.0-rc6-virtme (root@2cdb995a7b20) (gcc (Alpine 13.2.1_git20240309) 13.2.1 20240309, GNU ld (GNU Binutils) 2.42) #1 SMP PREEMPT_DYNAMIC Tue May  7 12:06:19 UTC 2024
[    0.000000] Command line: virtme_hostname=virtme-ng nr_open=1048576 virtme_link_mods=/nipa-data/kernel/.virtme_mods/lib/modules/0.0.0 virtme_initmount0=nipa-data/kernel virtme_rw_overlay0=/etc virtme_rw_overlay1=/lib virtme_rw_overlay2=/home virtme_rw_overlay3=/opt virtme_rw_overlay4=/srv virtme_rw_overlay5=/usr virtme_rw_overlay6=/var console=hvc0 earlyprintk=serial,ttyS0,115200 virtme_console=ttyS0 psmouse.proto=exps TERM=xterm virtme_chdir=nipa-data/kernel virtme_root_user=1 rootfstype=9p rootflags=version=9p2000.L,trans=virtio,access=any raid=noautodetect ro init=/usr/lib/python3.12/site-packages/virtme/guest/virtme-init
[    0.000000] BIOS-provided physical RAM map:
[    0.000000] BIOS-e820: [mem 0x0000000000000000-0x000000000009fbff] usable
[    0.000000] BIOS-e820: [mem 0x000000000009fc00-0x000000000009ffff] reserved
[    0.000000] BIOS-e820: [mem 0x00000000000f0000-0x00000000000fffff] reserved
[    0.000000] BIOS-e820: [mem 0x0000000000100000-0x000000003ffdffff] usable
[    0.000000] BIOS-e820: [mem 0x000000003ffe0000-0x000000003fffffff] reserved
[    0.000000] BIOS-e820: [mem 0x00000000feffc000-0x00000000feffffff] reserved
[    0.000000] BIOS-e820: [mem 0x00000000fffc0000-0x00000000ffffffff] reserved
[    0.000000] BIOS-e820: [mem 0x000000fd00000000-0x000000ffffffffff] reserved
[    0.000000] printk: legacy bootconsole [earlyser0] enabled
[    0.000000] NX (Execute Disable) protection: active
[    0.000000] APIC: Static calls initialized
[    0.000000] SMBIOS 2.8 present.
[    0.000000] DMI: QEMU Standard PC (i440FX + PIIX, 1996), BIOS rel-1.16.3-0-ga6ed6b701f0a-prebuilt.qemu.org 04/01/2014
[    0.000000] Hypervisor detected: KVM
[    0.000000] kvm-clock: Using msrs 4b564d01 and 4b564d00
[    0.000000] kvm-clock: using sched offset of 270839109 cycles
[    0.000397] clocksource: kvm-clock: mask: 0xffffffffffffffff max_cycles: 0x1cd42e4dffb, max_idle_ns: 881590591483 ns
[    0.001655] tsc: Detected 4491.556 MHz processor
[    0.002288] last_pfn = 0x3ffe0 max_arch_pfn = 0x400000000
[    0.002726] MTRR map: 4 entries (3 fixed + 1 variable; max 19), built from 8 variable MTRRs
[    0.003372] x86/PAT: Configuration [0-7]: WB  WC  UC- UC  WB  WP  UC- WT  
Memory KASLR using RDRAND RDTSC...
[    0.005503] found SMP MP-table at [mem 0x000f5470-0x000f547f]
[    0.005962] Using GB pages for direct mapping
[    0.006336] ACPI: Early table checksum verification disabled
[    0.006773] ACPI: RSDP 0x00000000000F5290 000014 (v00 BOCHS )
[    0.007214] ACPI: RSDT 0x000000003FFE27BC 000034 (v01 BOCHS  BXPC     00000001 BXPC 00000001)
[    0.007872] ACPI: FACP 0x000000003FFE2578 000074 (v01 BOCHS  BXPC     00000001 BXPC 00000001)
[    0.008520] ACPI: DSDT 0x000000003FFE0040 002538 (v01 BOCHS  BXPC     00000001 BXPC 00000001)
[    0.009178] ACPI: FACS 0x000000003FFE0000 000040
[    0.009528] ACPI: APIC 0x000000003FFE25EC 000170 (v03 BOCHS  BXPC     00000001 BXPC 00000001)
[    0.010191] ACPI: HPET 0x000000003FFE275C 000038 (v01 BOCHS  BXPC     00000001 BXPC 00000001)
[    0.010844] ACPI: WAET 0x000000003FFE2794 000028 (v01 BOCHS  BXPC     00000001 BXPC 00000001)
[    0.011493] ACPI: Reserving FACP table memory at [mem 0x3ffe2578-0x3ffe25eb]
[    0.012038] ACPI: Reserving DSDT table memory at [mem 0x3ffe0040-0x3ffe2577]
[    0.012568] ACPI: Reserving FACS table memory at [mem 0x3ffe0000-0x3ffe003f]
[    0.013108] ACPI: Reserving APIC table memory at [mem 0x3ffe25ec-0x3ffe275b]
[    0.013714] ACPI: Reserving HPET table memory at [mem 0x3ffe275c-0x3ffe2793]
[    0.014308] ACPI: Reserving WAET table memory at [mem 0x3ffe2794-0x3ffe27bb]
[    0.014999] No NUMA configuration found
[    0.015294] Faking a node at [mem 0x0000000000000000-0x000000003ffdffff]
[    0.015809] NODE_DATA(0) allocated [mem 0x3ffdb000-0x3ffdffff]
[    0.016259] Zone ranges:
[    0.016450]   DMA      [mem 0x0000000000001000-0x0000000000ffffff]
[    0.016927]   DMA32    [mem 0x0000000001000000-0x000000003ffdffff]
[    0.017391]   Normal   empty
[    0.017607]   Device   empty
[    0.017837] Movable zone start for each node
[    0.018157] Early memory node ranges
[    0.018425]   node   0: [mem 0x0000000000001000-0x000000000009efff]
[    0.018939]   node   0: [mem 0x0000000000100000-0x000000003ffdffff]
[    0.019510] Initmem setup node 0 [mem 0x0000000000001000-0x000000003ffdffff]
[    0.020265] On node 0, zone DMA: 1 pages in unavailable ranges
[    0.020805] On node 0, zone DMA: 97 pages in unavailable ranges
[    0.022486] On node 0, zone DMA32: 32 pages in unavailable ranges
[    0.023302] ACPI: PM-Timer IO Port: 0x608
[    0.023672] ACPI: LAPIC_NMI (acpi_id[0xff] dfl dfl lint[0x1])
[    0.024218] IOAPIC[0]: apic_id 0, version 17, address 0xfec00000, GSI 0-23
[    0.024851] ACPI: INT_SRC_OVR (bus 0 bus_irq 0 global_irq 2 dfl dfl)
[    0.025432] ACPI: INT_SRC_OVR (bus 0 bus_irq 5 global_irq 5 high level)
[    0.026036] ACPI: INT_SRC_OVR (bus 0 bus_irq 9 global_irq 9 high level)
[    0.026642] ACPI: INT_SRC_OVR (bus 0 bus_irq 10 global_irq 10 high level)
[    0.027273] ACPI: INT_SRC_OVR (bus 0 bus_irq 11 global_irq 11 high level)
[    0.027896] ACPI: Using ACPI (MADT) for SMP configuration information
[    0.028484] ACPI: HPET id: 0x8086a201 base: 0xfed00000
[    0.028954] TSC deadline timer available
[    0.029313] CPU topo: Max. logical packages:   1
[    0.029732] CPU topo: Max. logical dies:       1
[    0.030151] CPU topo: Max. dies per package:   1
[    0.030573] CPU topo: Max. threads per core:   1
[    0.030993] CPU topo: Num. cores per package:    32
[    0.031444] CPU topo: Num. threads per package:  32
[    0.031891] CPU topo: Allowing 32 present CPUs plus 0 hotplug CPUs
[    0.032469] kvm-guest: APIC: eoi() replaced with kvm_guest_apic_eoi_write()
[    0.033117] kvm-guest: KVM setup pv remote TLB flush
[    0.033571] kvm-guest: setup PV sched yield
[    0.033960] PM: hibernation: Registered nosave memory: [mem 0x00000000-0x00000fff]
[    0.034651] PM: hibernation: Registered nosave memory: [mem 0x0009f000-0x0009ffff]
[    0.035348] PM: hibernation: Registered nosave memory: [mem 0x000a0000-0x000effff]
[    0.036046] PM: hibernation: Registered nosave memory: [mem 0x000f0000-0x000fffff]
[    0.036739] [mem 0x40000000-0xfeffbfff] available for PCI devices
[    0.037299] Booting paravirtualized kernel on KVM
[    0.037731] clocksource: refined-jiffies: mask: 0xffffffff max_cycles: 0xffffffff, max_idle_ns: 1910969940391419 ns
[    0.041941] setup_percpu: NR_CPUS:64 nr_cpumask_bits:32 nr_cpu_ids:32 nr_node_ids:1
[    0.043407] percpu: Embedded 58 pages/cpu s198952 r8192 d30424 u262144
[    0.044044] Kernel command line: virtme_hostname=virtme-ng nr_open=1048576 virtme_link_mods=/nipa-data/kernel/.virtme_mods/lib/modules/0.0.0 virtme_initmount0=nipa-data/kernel virtme_rw_overlay0=/etc virtme_rw_overlay1=/lib virtme_rw_overlay2=/home virtme_rw_overlay3=/opt virtme_rw_overlay4=/srv virtme_rw_overlay5=/usr virtme_rw_overlay6=/var console=hvc0 earlyprintk=serial,ttyS0,115200 virtme_console=ttyS0 psmouse.proto=exps TERM=xterm virtme_chdir=nipa-data/kernel virtme_root_user=1 rootfstype=9p rootflags=version=9p2000.L,trans=virtio,access=any raid=noautodetect ro init=/usr/lib/python3.12/site-packages/virtme/guest/virtme-init
[    0.049463] Unknown kernel command line parameters "virtme_hostname=virtme-ng nr_open=1048576 virtme_link_mods=/nipa-data/kernel/.virtme_mods/lib/modules/0.0.0 virtme_initmount0=nipa-data/kernel virtme_rw_overlay0=/etc virtme_rw_overlay1=/lib virtme_rw_overlay2=/home virtme_rw_overlay3=/opt virtme_rw_overlay4=/srv virtme_rw_overlay5=/usr virtme_rw_overlay6=/var virtme_console=ttyS0 virtme_chdir=nipa-data/kernel virtme_root_user=1", will be passed to user space.
[    0.053506] random: crng init done
[    0.053860] Dentry cache hash table entries: 131072 (order: 8, 1048576 bytes, linear)
[    0.054618] Inode-cache hash table entries: 65536 (order: 7, 524288 bytes, linear)
[    0.055444] Fallback order for Node 0: 0 
[    0.055447] Built 1 zonelists, mobility grouping on.  Total pages: 257760
[    0.056465] Policy zone: DMA32
[    0.056754] mem auto-init: stack:all(zero), heap alloc:off, heap free:off
[    0.058260] Memory: 986608K/1048056K available (16384K kernel code, 2404K rwdata, 6108K rodata, 3056K init, 2100K bss, 61188K reserved, 0K cma-reserved)
[    0.059584] SLUB: HWalign=64, Order=0-3, MinObjects=0, CPUs=32, Nodes=1
Poking KASLR using RDRAND RDTSC...
[    0.060520] ftrace: allocating 47619 entries in 187 pages
[    0.067955] ftrace: allocated 187 pages with 6 groups
[    0.069015] Dynamic Preempt: voluntary
[    0.069458] rcu: Preemptible hierarchical RCU implementation.
[    0.069917] rcu: RCU event tracing is enabled.
[    0.070273] rcu: RCU restricting CPUs from NR_CPUS=64 to nr_cpu_ids=32.
[    0.070794] Trampoline variant of Tasks RCU enabled.
[    0.071200] Rude variant of Tasks RCU enabled.
[    0.071552] Tracing variant of Tasks RCU enabled.
[    0.071933] rcu: RCU calculated value of scheduler-enlistment delay is 100 jiffies.
[    0.072529] rcu: Adjusting geometry for rcu_fanout_leaf=16, nr_cpu_ids=32
[    0.073084] RCU Tasks: Setting shift to 5 and lim to 1 rcu_task_cb_adjust=1.
[    0.073635] RCU Tasks Rude: Setting shift to 5 and lim to 1 rcu_task_cb_adjust=1.
[    0.074236] RCU Tasks Trace: Setting shift to 5 and lim to 1 rcu_task_cb_adjust=1.
[    0.076279] NR_IRQS: 4352, nr_irqs: 680, preallocated irqs: 16
[    0.076917] rcu: srcu_init: Setting srcu_struct sizes based on contention.
[    0.077607] Console: colour *CGA 80x25
[    0.077912] ACPI: Core revision 20230628
[    0.078291] clocksource: hpet: mask: 0xffffffff max_cycles: 0xffffffff, max_idle_ns: 19112604467 ns
[    0.079062] APIC: Switch to symmetric I/O mode setup
[    0.079469] APIC: Switched APIC routing to: physical flat
[    0.079885] kvm-guest: APIC: send_IPI_mask() replaced with kvm_send_ipi_mask()
[    0.080443] kvm-guest: APIC: send_IPI_mask_allbutself() replaced with kvm_send_ipi_mask_allbutself()
[    0.081174] kvm-guest: setup PV IPIs
[    0.082293] ..TIMER: vector=0x30 apic1=0 pin1=2 apic2=-1 pin2=-1
[    0.083353] tsc: Marking TSC unstable due to TSCs unsynchronized
[    0.084394] Calibrating delay loop (skipped) preset value.. 8983.11 BogoMIPS (lpj=4491556)
[    0.085454] x86/cpu: User Mode Instruction Prevention (UMIP) activated
[    0.086444] Last level iTLB entries: 4KB 512, 2MB 255, 4MB 127
[    0.087393] Last level dTLB entries: 4KB 512, 2MB 255, 4MB 127, 1GB 0
[    0.088397] Spectre V1 : Mitigation: usercopy/swapgs barriers and __user pointer sanitization
[    0.089396] Spectre V2 : Mitigation: Enhanced / Automatic IBRS
[    0.090392] Spectre V2 : Spectre v2 / SpectreRSB mitigation: Filling RSB on context switch
[    0.091394] Spectre V2 : mitigation: Enabling conditional Indirect Branch Prediction Barrier
[    0.092394] Speculative Store Bypass: Mitigation: Speculative Store Bypass disabled via prctl
[    0.093393] Speculative Return Stack Overflow: IBPB-extending microcode not applied!
[    0.094392] Speculative Return Stack Overflow: WARNING: See https://kernel.org/doc/html/latest/admin-guide/hw-vuln/srso.html for mitigation options.
[    0.094393] Speculative Return Stack Overflow: Vulnerable: Safe RET, no microcode
[    0.096408] x86/fpu: Supporting XSAVE feature 0x001: 'x87 floating point registers'
[    0.097392] x86/fpu: Supporting XSAVE feature 0x002: 'SSE registers'
[    0.098392] x86/fpu: Supporting XSAVE feature 0x004: 'AVX registers'
[    0.099238] x86/fpu: Supporting XSAVE feature 0x020: 'AVX-512 opmask'
[    0.099392] x86/fpu: Supporting XSAVE feature 0x040: 'AVX-512 Hi256'
[    0.100392] x86/fpu: Supporting XSAVE feature 0x080: 'AVX-512 ZMM_Hi256'
[    0.101392] x86/fpu: Supporting XSAVE feature 0x200: 'Protection Keys User registers'
[    0.102392] x86/fpu: xstate_offset[2]:  576, xstate_sizes[2]:  256
[    0.103392] x86/fpu: xstate_offset[5]:  832, xstate_sizes[5]:   64
[    0.104393] x86/fpu: xstate_offset[6]:  896, xstate_sizes[6]:  512
[    0.105392] x86/fpu: xstate_offset[7]: 1408, xstate_sizes[7]: 1024
[    0.106392] x86/fpu: xstate_offset[9]: 2432, xstate_sizes[9]:    8
[    0.107215] x86/fpu: Enabled xstate features 0x2e7, context size is 2440 bytes, using 'compacted' format.
[    0.122172] Freeing SMP alternatives memory: 40K
[    0.122393] pid_max: default: 32768 minimum: 301
[    0.123415] Mount-cache hash table entries: 2048 (order: 2, 16384 bytes, linear)
[    0.124393] Mountpoint-cache hash table entries: 2048 (order: 2, 16384 bytes, linear)
[    0.125551] smpboot: CPU0: AMD Ryzen 9 7950X 16-Core Processor (family: 0x19, model: 0x61, stepping: 0x2)
[    0.126504] Performance Events: Fam17h+ core perfctr, AMD PMU driver.
[    0.127398] ... version:                0
[    0.128076] ... bit width:              48
[    0.128395] ... generic registers:      6
[    0.129071] ... value mask:             0000ffffffffffff
[    0.129394] ... max period:             00007fffffffffff
[    0.130105] ... fixed-purpose events:   0
[    0.130394] ... event mask:             000000000000003f
[    0.131186] signal: max sigframe size: 3376
[    0.131412] rcu: Hierarchical SRCU implementation.
[    0.132038] rcu: Max phase no-delay instances is 400.
[    0.134648] smp: Bringing up secondary CPUs ...
[    0.135309] smpboot: x86: Booting SMP configuration:
[    0.135396] .... node  #0, CPUs:        #1  #2  #3  #4  #5  #6  #7  #8  #9 #10 #11 #12 #13 #14 #15 #16 #17 #18 #19 #20 #21 #22 #23 #24 #25 #26 #27 #28 #29 #30 #31
[    0.157446] smp: Brought up 1 node, 32 CPUs
[    0.159102] smpboot: Total of 32 processors activated (287459.58 BogoMIPS)
[    0.161464] devtmpfs: initialized
[    0.162424] x86/mm: Memory block size: 128MB
[    0.164229] clocksource: jiffies: mask: 0xffffffff max_cycles: 0xffffffff, max_idle_ns: 1911260446275000 ns
[    0.164398] futex hash table entries: 8192 (order: 7, 524288 bytes, linear)
[    0.165484] PM: RTC time: 12:06:47, date: 2024-05-07
[    0.166658] NET: Registered PF_NETLINK/PF_ROUTE protocol family
[    0.167560] thermal_sys: Registered thermal governor 'step_wise'
[    0.167561] thermal_sys: Registered thermal governor 'user_space'
[    0.168406] cpuidle: using governor menu
[    0.171589] PCI: Using configuration type 1 for base access
[    0.172395] PCI: Using configuration type 1 for extended access
[    0.173480] kprobes: kprobe jump-optimization is enabled. All kprobes are optimized if possible.
[    0.190543] HugeTLB: registered 1.00 GiB page size, pre-allocated 0 pages
[    0.191394] HugeTLB: 16380 KiB vmemmap can be freed for a 1.00 GiB page
[    0.192395] HugeTLB: registered 2.00 MiB page size, pre-allocated 0 pages
[    0.193394] HugeTLB: 28 KiB vmemmap can be freed for a 2.00 MiB page
[    0.194442] Demotion targets for Node 0: null
[    0.195215] ACPI: Added _OSI(Module Device)
[    0.195395] ACPI: Added _OSI(Processor Device)
[    0.196134] ACPI: Added _OSI(3.0 _SCP Extensions)
[    0.196395] ACPI: Added _OSI(Processor Aggregator Device)
[    0.198218] ACPI: 1 ACPI AML tables successfully acquired and loaded
[    0.199424] ACPI: _OSC evaluation for CPUs failed, trying _PDC
[    0.200571] ACPI: Interpreter enabled
[    0.201192] ACPI: PM: (supports S0 S3 S4 S5)
[    0.201394] ACPI: Using IOAPIC for interrupt routing
[    0.202236] PCI: Using host bridge windows from ACPI; if necessary, use "pci=nocrs" and report a bug
[    0.202394] PCI: Using E820 reservations for host bridge windows
[    0.203500] ACPI: Enabled 2 GPEs in block 00 to 0F
[    0.207691] ACPI: PCI Root Bridge [PCI0] (domain 0000 [bus 00-ff])
[    0.208398] acpi PNP0A03:00: _OSC: OS supports [ExtendedConfig ASPM ClockPM Segments MSI HPX-Type3]
[    0.209507] PCI host bridge to bus 0000:00
[    0.210193] pci_bus 0000:00: root bus resource [io  0x0000-0x0cf7 window]
[    0.210394] pci_bus 0000:00: root bus resource [io  0x0d00-0xffff window]
[    0.211395] pci_bus 0000:00: root bus resource [mem 0x000a0000-0x000bffff window]
[    0.212394] pci_bus 0000:00: root bus resource [mem 0x40000000-0xfebfffff window]
[    0.213394] pci_bus 0000:00: root bus resource [mem 0x100000000-0x17fffffff window]
[    0.214395] pci_bus 0000:00: root bus resource [bus 00-ff]
[    0.215423] pci 0000:00:00.0: [8086:1237] type 00 class 0x060000 conventional PCI endpoint
[    0.216711] pci 0000:00:01.0: [8086:7000] type 00 class 0x060100 conventional PCI endpoint
[    0.217792] pci 0000:00:01.1: [8086:7010] type 00 class 0x010180 conventional PCI endpoint
[    0.221764] pci 0000:00:01.1: BAR 4 [io  0xc0c0-0xc0cf]
[    0.223409] pci 0000:00:01.1: BAR 0 [io  0x01f0-0x01f7]: legacy IDE quirk
[    0.224396] pci 0000:00:01.1: BAR 1 [io  0x03f6]: legacy IDE quirk
[    0.225394] pci 0000:00:01.1: BAR 2 [io  0x0170-0x0177]: legacy IDE quirk
[    0.226394] pci 0000:00:01.1: BAR 3 [io  0x0376]: legacy IDE quirk
[    0.227508] pci 0000:00:01.3: [8086:7113] type 00 class 0x068000 conventional PCI endpoint
[    0.228698] pci 0000:00:01.3: quirk: [io  0x0600-0x063f] claimed by PIIX4 ACPI
[    0.229400] pci 0000:00:01.3: quirk: [io  0x0700-0x070f] claimed by PIIX4 SMB
[    0.230512] pci 0000:00:02.0: [1af4:1009] type 00 class 0x000200 conventional PCI endpoint
[    0.232395] pci 0000:00:02.0: BAR 0 [io  0xc000-0xc03f]
[    0.234114] pci 0000:00:02.0: BAR 1 [mem 0xfebfc000-0xfebfcfff]
[    0.237395] pci 0000:00:02.0: BAR 4 [mem 0xfebf0000-0xfebf3fff 64bit pref]
[    0.240026] pci 0000:00:03.0: [1af4:1009] type 00 class 0x000200 conventional PCI endpoint
[    0.241395] pci 0000:00:03.0: BAR 0 [io  0xc040-0xc07f]
[    0.243071] pci 0000:00:03.0: BAR 1 [mem 0xfebfd000-0xfebfdfff]
[    0.247061] pci 0000:00:03.0: BAR 4 [mem 0xfebf4000-0xfebf7fff 64bit pref]
[    0.248955] pci 0000:00:04.0: [8086:25ab] type 00 class 0x088000 conventional PCI endpoint
[    0.249910] pci 0000:00:04.0: BAR 0 [mem 0xfebfe000-0xfebfe00f]
[    0.253280] pci 0000:00:05.0: [1af4:1003] type 00 class 0x078000 conventional PCI endpoint
[    0.254394] pci 0000:00:05.0: BAR 0 [io  0xc080-0xc0bf]
[    0.256073] pci 0000:00:05.0: BAR 1 [mem 0xfebff000-0xfebfffff]
[    0.259394] pci 0000:00:05.0: BAR 4 [mem 0xfebf8000-0xfebfbfff 64bit pref]
[    0.262163] ACPI: PCI: Interrupt link LNKA configured for IRQ 10
[    0.262508] ACPI: PCI: Interrupt link LNKB configured for IRQ 10
[    0.263415] ACPI: PCI: Interrupt link LNKC configured for IRQ 11
[    0.264309] ACPI: PCI: Interrupt link LNKD configured for IRQ 11
[    0.264467] ACPI: PCI: Interrupt link LNKS configured for IRQ 9
[    0.266154] iommu: Default domain type: Translated
[    0.266394] iommu: DMA domain TLB invalidation policy: lazy mode
[    0.267252] SCSI subsystem initialized
[    0.267427] pps_core: LinuxPPS API ver. 1 registered
[    0.268086] pps_core: Software ver. 5.3.6 - Copyright 2005-2007 Rodolfo Giometti <giometti@linux.it>
[    0.268396] PTP clock support registered
[    0.268940] Advanced Linux Sound Architecture Driver Initialized.
[    0.269713] NET: Registered PF_ATMPVC protocol family
[    0.270392] NET: Registered PF_ATMSVC protocol family
[    0.270398] PCI: Using ACPI for IRQ routing
[    0.271037] vgaarb: loaded
[    0.271433] hpet0: at MMIO 0xfed00000, IRQs 2, 8, 0
[    0.272092] hpet0: 3 comparators, 64-bit 100.000000 MHz counter
[    0.275840] clocksource: Switched to clocksource kvm-clock
[    0.276682] VFS: Disk quotas dquot_6.6.0
[    0.276838] VFS: Dquot-cache hash table entries: 512 (order 0, 4096 bytes)
[    0.278250] pnp: PnP ACPI init
[    0.278837] pnp: PnP ACPI: found 5 devices
[    0.286929] clocksource: acpi_pm: mask: 0xffffff max_cycles: 0xffffff, max_idle_ns: 2085701024 ns
[    0.288140] NET: Registered PF_INET protocol family
[    0.288807] IP idents hash table entries: 16384 (order: 5, 131072 bytes, linear)
[    0.289955] tcp_listen_portaddr_hash hash table entries: 512 (order: 1, 8192 bytes, linear)
[    0.291077] Table-perturb hash table entries: 65536 (order: 6, 262144 bytes, linear)
[    0.292106] TCP established hash table entries: 8192 (order: 4, 65536 bytes, linear)
[    0.293127] TCP bind hash table entries: 8192 (order: 6, 262144 bytes, linear)
[    0.294189] TCP: Hash tables configured (established 8192 bind 8192)
[    0.295046] UDP hash table entries: 512 (order: 2, 16384 bytes, linear)
[    0.295914] UDP-Lite hash table entries: 512 (order: 2, 16384 bytes, linear)
[    0.296870] NET: Registered PF_UNIX/PF_LOCAL protocol family
[    0.297626] pci_bus 0000:00: resource 4 [io  0x0000-0x0cf7 window]
[    0.298443] pci_bus 0000:00: resource 5 [io  0x0d00-0xffff window]
[    0.299261] pci_bus 0000:00: resource 6 [mem 0x000a0000-0x000bffff window]
[    0.300167] pci_bus 0000:00: resource 7 [mem 0x40000000-0xfebfffff window]
[    0.301072] pci_bus 0000:00: resource 8 [mem 0x100000000-0x17fffffff window]
[    0.302022] pci 0000:00:01.0: PIIX3: Enabling Passive Release
[    0.302782] pci 0000:00:00.0: Limiting direct PCI/PCI transfers
[    0.303598] PCI: CLS 0 bytes, default 64
[    0.304165] kvm_intel: VMX not supported by CPU 0
[    0.304792] kvm_amd: TSC scaling supported
[    0.305340] kvm_amd: Nested Virtualization enabled
[    0.306118] kvm_amd: Nested Paging enabled
[    0.306661] kvm_amd: Virtual VMLOAD VMSAVE supported
[    0.307311] kvm_amd: Virtual GIF supported
[    0.307843] kvm_amd: Virtual NMI enabled
[    0.308369] kvm_amd: LBR virtualization supported
[    0.396957] Initialise system trusted keyrings
[    0.397642] workingset: timestamp_bits=56 max_order=18 bucket_order=0
[    0.398537] squashfs: version 4.0 (2009/01/31) Phillip Lougher
[    0.399324] fuse: init (API version 7.40)
[    0.399903] 9p: Installing v9fs 9p2000 file system support
[    0.407335] Key type asymmetric registered
[    0.407885] Asymmetric key parser 'x509' registered
[    0.408548] Block layer SCSI generic (bsg) driver version 0.4 loaded (major 249)
[    0.409542] io scheduler mq-deadline registered
[    0.410154] io scheduler kyber registered
[    0.411655] input: Power Button as /devices/LNXSYSTM:00/LNXPWRBN:00/input/input0
[    0.412697] ACPI: button: Power Button [PWRF]
[    0.413301] Warning: Processor Platform Limit event detected, but not handled.
[    0.414253] Consider compiling CPUfreq support into your kernel.
[    0.431746] ACPI: \_SB_.LNKB: Enabled at IRQ 10
[    0.448972] ACPI: \_SB_.LNKC: Enabled at IRQ 11
[    0.466216] ACPI: \_SB_.LNKA: Enabled at IRQ 10
[    0.467426] Serial: 8250/16550 driver, 4 ports, IRQ sharing enabled
[    0.468377] 00:03: ttyS0 at I/O 0x3f8 (irq = 4, base_baud = 115200) is a 16550A
[    0.504175] Non-volatile memory driver v1.3
[    0.504782] Linux agpgart interface v0.103
[    0.504827] ACPI: bus type drm_connector registered
[    0.506070] printk: legacy console [hvc0] enabled
[    0.506739] printk: legacy bootconsole [earlyser0] disabled
          _      _                                    
   __   _(_)_ __| |_ _ __ ___   ___       _ __   __ _ 
   \ \ / / |  __| __|  _   _ \ / _ \_____|  _ \ / _  |
    \ V /| | |  | |_| | | | | |  __/_____| | | | (_| |
     \_/ |_|_|   \__|_| |_| |_|\___|     |_| |_|\__  |
                                                |___/ 
   kernel version: 6.9.0-rc6-virtme x86_64
   (CTRL+d to exit)

virtme-ng:/nipa-data/kernel# PS1='xx__-> '
xx__-> env
PWD=/nipa-data/kernel
nr_open=1048576
HOME=/root
TERM=xterm
SHLVL=2
XDG_RUNTIME_DIR=/run/user/0
PATH=/bin:/sbin:/usr/bin:/usr/sbin:/usr/local/bin
OLDPWD=/
_=/usr/bin/env
xx__-> 