No EFI environment detected.
early console in extract_kernel
input_data: 0x0000000002be42c4
input_len: 0x0000000000b70b64
output: 0x0000000001000000
output_len: 0x000000000270cfac
kernel_total_size: 0x0000000002430000
needed_size: 0x0000000002800000
trampoline_32bit: 0x0000000000000000
Physical KASLR using RDRAND RDTSC...
Virtual KASLR using RDRAND RDTSC...

Decompressing Linux... Parsing ELF... Performing relocations... done.
Booting the kernel (entry_offset: 0x0000000000000000).
[    0.000000] Linux version 6.12.0-rc5-virtme (root@59ef21fb03ab) (gcc (Ubuntu 13.2.0-23ubuntu4) 13.2.0, GNU ld (GNU Binutils for Ubuntu) 2.42) #1 SMP PREEMPT_DYNAMIC Sun Nov  3 21:06:31 UTC 2024
[    0.000000] Command line: virtme_hostname=virtme-ng nr_open=1048576 virtme_link_mods=/nipa-data/kernel/.virtme_mods/lib/modules/0.0.0 virtme_initmount0=nipa-data/kernel virtme_rw_overlay0=/etc virtme_rw_overlay1=/lib virtme_rw_overlay2=/home virtme_rw_overlay3=/opt virtme_rw_overlay4=/srv virtme_rw_overlay5=/usr virtme_rw_overlay6=/var console=hvc0 earlyprintk=serial,ttyS0,115200 virtme_console=ttyS0 psmouse.proto=exps TERM=xterm virtme_chdir=nipa-data/kernel virtme_root_user=1 rootfstype=9p rootflags=version=9p2000.L,trans=virtio,access=any raid=noautodetect ro init=/usr/lib/python3/dist-packages/virtme/guest/virtme-init
[    0.000000] BIOS-provided physical RAM map:
[    0.000000] BIOS-e820: [mem 0x0000000000000000-0x000000000009fbff] usable
[    0.000000] BIOS-e820: [mem 0x000000000009fc00-0x000000000009ffff] reserved
[    0.000000] BIOS-e820: [mem 0x00000000000f0000-0x00000000000fffff] reserved
[    0.000000] BIOS-e820: [mem 0x0000000000100000-0x000000003ffdffff] usable
[    0.000000] BIOS-e820: [mem 0x000000003ffe0000-0x000000003fffffff] reserved
[    0.000000] BIOS-e820: [mem 0x00000000feffc000-0x00000000feffffff] reserved
[    0.000000] BIOS-e820: [mem 0x00000000fffc0000-0x00000000ffffffff] reserved
[    0.000000] BIOS-e820: [mem 0x000000fd00000000-0x000000ffffffffff] reserved
[    0.000000] printk: legacy bootconsole [earlyser0] enabled
[    0.000000] NX (Execute Disable) protection: active
[    0.000000] APIC: Static calls initialized
[    0.000000] SMBIOS 3.0.0 present.
[    0.000000] DMI: QEMU Ubuntu 24.04 PC (i440FX + PIIX, 1996), BIOS 1.16.3-debian-1.16.3-2 04/01/2014
[    0.000000] DMI: Memory slots populated: 1/1
[    0.000000] Hypervisor detected: KVM
[    0.000000] kvm-clock: Using msrs 4b564d01 and 4b564d00
[    0.000000] kvm-clock: using sched offset of 208451191 cycles
[    0.000346] clocksource: kvm-clock: mask: 0xffffffffffffffff max_cycles: 0x1cd42e4dffb, max_idle_ns: 881590591483 ns
[    0.001421] tsc: Detected 4491.560 MHz processor
[    0.001977] last_pfn = 0x3ffe0 max_arch_pfn = 0x400000000
[    0.002356] MTRR map: 4 entries (3 fixed + 1 variable; max 19), built from 8 variable MTRRs
[    0.002909] x86/PAT: Configuration [0-7]: WB  WC  UC- UC  WB  WP  UC- WT  
Memory KASLR using RDRAND RDTSC...
[    0.004807] found SMP MP-table at [mem 0x000f5470-0x000f547f]
[    0.005190] Using GB pages for direct mapping
[    0.005522] ACPI: Early table checksum verification disabled
[    0.005896] ACPI: RSDP 0x00000000000F5290 000014 (v00 BOCHS )
[    0.006280] ACPI: RSDT 0x000000003FFE27BC 000034 (v01 BOCHS  BXPC     00000001 BXPC 00000001)
[    0.006843] ACPI: FACP 0x000000003FFE2578 000074 (v01 BOCHS  BXPC     00000001 BXPC 00000001)
[    0.007406] ACPI: DSDT 0x000000003FFE0040 002538 (v01 BOCHS  BXPC     00000001 BXPC 00000001)
[    0.007971] ACPI: FACS 0x000000003FFE0000 000040
[    0.008276] ACPI: APIC 0x000000003FFE25EC 000170 (v03 BOCHS  BXPC     00000001 BXPC 00000001)
[    0.008838] ACPI: HPET 0x000000003FFE275C 000038 (v01 BOCHS  BXPC     00000001 BXPC 00000001)
[    0.009399] ACPI: WAET 0x000000003FFE2794 000028 (v01 BOCHS  BXPC     00000001 BXPC 00000001)
[    0.009960] ACPI: Reserving FACP table memory at [mem 0x3ffe2578-0x3ffe25eb]
[    0.010423] ACPI: Reserving DSDT table memory at [mem 0x3ffe0040-0x3ffe2577]
[    0.010886] ACPI: Reserving FACS table memory at [mem 0x3ffe0000-0x3ffe003f]
[    0.011349] ACPI: Reserving APIC table memory at [mem 0x3ffe25ec-0x3ffe275b]
[    0.011814] ACPI: Reserving HPET table memory at [mem 0x3ffe275c-0x3ffe2793]
[    0.012278] ACPI: Reserving WAET table memory at [mem 0x3ffe2794-0x3ffe27bb]
[    0.012869] No NUMA configuration found
[    0.013121] Faking a node at [mem 0x0000000000000000-0x000000003ffdffff]
[    0.013563] NODE_DATA(0) allocated [mem 0x3ffdb780-0x3ffdffff]
[    0.013955] Zone ranges:
[    0.014122]   DMA      [mem 0x0000000000001000-0x0000000000ffffff]
[    0.014529]   DMA32    [mem 0x0000000001000000-0x000000003ffdffff]
[    0.014936]   Normal   empty
[    0.015126]   Device   empty
[    0.015315] Movable zone start for each node
[    0.015596] Early memory node ranges
[    0.015833]   node   0: [mem 0x0000000000001000-0x000000000009efff]
[    0.016246]   node   0: [mem 0x0000000000100000-0x000000003ffdffff]
[    0.016660] Initmem setup node 0 [mem 0x0000000000001000-0x000000003ffdffff]
[    0.017126] On node 0, zone DMA: 1 pages in unavailable ranges
[    0.017518] On node 0, zone DMA: 97 pages in unavailable ranges
[    0.018879] On node 0, zone DMA32: 32 pages in unavailable ranges
[    0.019471] ACPI: PM-Timer IO Port: 0x608
[    0.019743] ACPI: LAPIC_NMI (acpi_id[0xff] dfl dfl lint[0x1])
[    0.020137] IOAPIC[0]: apic_id 0, version 17, address 0xfec00000, GSI 0-23
[    0.020592] ACPI: INT_SRC_OVR (bus 0 bus_irq 0 global_irq 2 dfl dfl)
[    0.021013] ACPI: INT_SRC_OVR (bus 0 bus_irq 5 global_irq 5 high level)
[    0.021453] ACPI: INT_SRC_OVR (bus 0 bus_irq 9 global_irq 9 high level)
[    0.021889] ACPI: INT_SRC_OVR (bus 0 bus_irq 10 global_irq 10 high level)
[    0.022335] ACPI: INT_SRC_OVR (bus 0 bus_irq 11 global_irq 11 high level)
[    0.022783] ACPI: Using ACPI (MADT) for SMP configuration information
[    0.023206] ACPI: HPET id: 0x8086a201 base: 0xfed00000
[    0.023545] TSC deadline timer available
[    0.023807] CPU topo: Max. logical packages:   1
[    0.024111] CPU topo: Max. logical dies:       1
[    0.024414] CPU topo: Max. dies per package:   1
[    0.024719] CPU topo: Max. threads per core:   1
[    0.025023] CPU topo: Num. cores per package:    32
[    0.025343] CPU topo: Num. threads per package:  32
[    0.025664] CPU topo: Allowing 32 present CPUs plus 0 hotplug CPUs
[    0.026076] kvm-guest: APIC: eoi() replaced with kvm_guest_apic_eoi_write()
[    0.026541] kvm-guest: KVM setup pv remote TLB flush
[    0.026869] kvm-guest: setup PV sched yield
[    0.027146] PM: hibernation: Registered nosave memory: [mem 0x00000000-0x00000fff]
[    0.027644] PM: hibernation: Registered nosave memory: [mem 0x0009f000-0x0009ffff]
[    0.028145] PM: hibernation: Registered nosave memory: [mem 0x000a0000-0x000effff]
[    0.028643] PM: hibernation: Registered nosave memory: [mem 0x000f0000-0x000fffff]
[    0.029141] [mem 0x40000000-0xfeffbfff] available for PCI devices
[    0.029543] Booting paravirtualized kernel on KVM
[    0.029852] clocksource: refined-jiffies: mask: 0xffffffff max_cycles: 0xffffffff, max_idle_ns: 1910969940391419 ns
[    0.033213] setup_percpu: NR_CPUS:64 nr_cpumask_bits:32 nr_cpu_ids:32 nr_node_ids:1
[    0.034321] percpu: Embedded 58 pages/cpu s199128 r8192 d30248 u262144
[    0.034783] Kernel command line: virtme_hostname=virtme-ng nr_open=1048576 virtme_link_mods=/nipa-data/kernel/.virtme_mods/lib/modules/0.0.0 virtme_initmount0=nipa-data/kernel virtme_rw_overlay0=/etc virtme_rw_overlay1=/lib virtme_rw_overlay2=/home virtme_rw_overlay3=/opt virtme_rw_overlay4=/srv virtme_rw_overlay5=/usr virtme_rw_overlay6=/var console=hvc0 earlyprintk=serial,ttyS0,115200 virtme_console=ttyS0 psmouse.proto=exps TERM=xterm virtme_chdir=nipa-data/kernel virtme_root_user=1 rootfstype=9p rootflags=version=9p2000.L,trans=virtio,access=any raid=noautodetect ro init=/usr/lib/python3/dist-packages/virtme/guest/virtme-init
[    0.038630] Unknown kernel command line parameters "virtme_hostname=virtme-ng nr_open=1048576 virtme_link_mods=/nipa-data/kernel/.virtme_mods/lib/modules/0.0.0 virtme_initmount0=nipa-data/kernel virtme_rw_overlay0=/etc virtme_rw_overlay1=/lib virtme_rw_overlay2=/home virtme_rw_overlay3=/opt virtme_rw_overlay4=/srv virtme_rw_overlay5=/usr virtme_rw_overlay6=/var virtme_console=ttyS0 virtme_chdir=nipa-data/kernel virtme_root_user=1", will be passed to user space.
[    0.041588] random: crng init done
[    0.041844] Dentry cache hash table entries: 131072 (order: 8, 1048576 bytes, linear)
[    0.042393] Inode-cache hash table entries: 65536 (order: 7, 524288 bytes, linear)
[    0.042985] Fallback order for Node 0: 0 
[    0.042988] Built 1 zonelists, mobility grouping on.  Total pages: 262014
[    0.043720] Policy zone: DMA32
[    0.043926] mem auto-init: stack:all(zero), heap alloc:off, heap free:off
[    0.044977] SLUB: HWalign=64, Order=0-3, MinObjects=0, CPUs=32, Nodes=1
Poking KASLR using RDRAND RDTSC...
[    0.045651] ftrace: allocating 48503 entries in 190 pages
[    0.052379] ftrace: allocated 190 pages with 6 groups
[    0.053266] Dynamic Preempt: voluntary
[    0.053639] rcu: Preemptible hierarchical RCU implementation.
[    0.054027] rcu: RCU event tracing is enabled.
[    0.054331] rcu: RCU restricting CPUs from NR_CPUS=64 to nr_cpu_ids=32.
[    0.054782] Trampoline variant of Tasks RCU enabled.
[    0.055121] Rude variant of Tasks RCU enabled.
[    0.055425] Tracing variant of Tasks RCU enabled.
[    0.055749] rcu: RCU calculated value of scheduler-enlistment delay is 100 jiffies.
[    0.056265] rcu: Adjusting geometry for rcu_fanout_leaf=16, nr_cpu_ids=32
[    0.056727] RCU Tasks: Setting shift to 5 and lim to 1 rcu_task_cb_adjust=1 rcu_task_cpu_ids=32.
[    0.057318] RCU Tasks Rude: Setting shift to 5 and lim to 1 rcu_task_cb_adjust=1 rcu_task_cpu_ids=32.
[    0.057938] RCU Tasks Trace: Setting shift to 5 and lim to 1 rcu_task_cb_adjust=1 rcu_task_cpu_ids=32.
[    0.059905] NR_IRQS: 4352, nr_irqs: 680, preallocated irqs: 16
[    0.060464] rcu: srcu_init: Setting srcu_struct sizes based on contention.
[    0.061060] Console: colour *CGA 80x25
[    0.061323] ACPI: Core revision 20240827
[    0.061650] clocksource: hpet: mask: 0xffffffff max_cycles: 0xffffffff, max_idle_ns: 19112604467 ns
[    0.062312] APIC: Switch to symmetric I/O mode setup
[    0.062671] kvm-guest: APIC: send_IPI_mask() replaced with kvm_send_ipi_mask()
[    0.063155] kvm-guest: APIC: send_IPI_mask_allbutself() replaced with kvm_send_ipi_mask_allbutself()
[    0.063761] kvm-guest: setup PV IPIs
[    0.064724] ..TIMER: vector=0x30 apic1=0 pin1=2 apic2=-1 pin2=-1
[    0.065469] clocksource: tsc-early: mask: 0xffffffffffffffff max_cycles: 0x40be4320a4d, max_idle_ns: 440795288133 ns
[    0.066744] Calibrating delay loop (skipped) preset value.. 8983.12 BogoMIPS (lpj=4491560)
[    0.067800] x86/cpu: User Mode Instruction Prevention (UMIP) activated
[    0.068789] Last level iTLB entries: 4KB 512, 2MB 255, 4MB 127
[    0.069743] Last level dTLB entries: 4KB 512, 2MB 255, 4MB 127, 1GB 0
[    0.070518] Spectre V1 : Mitigation: usercopy/swapgs barriers and __user pointer sanitization
[    0.070746] Spectre V2 : Mitigation: Enhanced / Automatic IBRS
[    0.071743] Spectre V2 : Spectre v2 / SpectreRSB mitigation: Filling RSB on context switch
[    0.072744] Spectre V2 : mitigation: Enabling conditional Indirect Branch Prediction Barrier
[    0.073744] Speculative Store Bypass: Mitigation: Speculative Store Bypass disabled via prctl
[    0.074743] Speculative Return Stack Overflow: IBPB-extending microcode not applied!
[    0.075743] Speculative Return Stack Overflow: WARNING: See https://kernel.org/doc/html/latest/admin-guide/hw-vuln/srso.html for mitigation options.
[    0.075743] Speculative Return Stack Overflow: Vulnerable: Safe RET, no microcode
[    0.077757] x86/fpu: Supporting XSAVE feature 0x001: 'x87 floating point registers'
[    0.078743] x86/fpu: Supporting XSAVE feature 0x002: 'SSE registers'
[    0.079496] x86/fpu: Supporting XSAVE feature 0x004: 'AVX registers'
[    0.079743] x86/fpu: Supporting XSAVE feature 0x020: 'AVX-512 opmask'
[    0.080743] x86/fpu: Supporting XSAVE feature 0x040: 'AVX-512 Hi256'
[    0.081743] x86/fpu: Supporting XSAVE feature 0x080: 'AVX-512 ZMM_Hi256'
[    0.082533] x86/fpu: Supporting XSAVE feature 0x200: 'Protection Keys User registers'
[    0.082743] x86/fpu: xstate_offset[2]:  576, xstate_sizes[2]:  256
[    0.083743] x86/fpu: xstate_offset[5]:  832, xstate_sizes[5]:   64
[    0.084743] x86/fpu: xstate_offset[6]:  896, xstate_sizes[6]:  512
[    0.085743] x86/fpu: xstate_offset[7]: 1408, xstate_sizes[7]: 1024
[    0.086473] x86/fpu: xstate_offset[9]: 2432, xstate_sizes[9]:    8
[    0.086743] x86/fpu: Enabled xstate features 0x2e7, context size is 2440 bytes, using 'compacted' format.
[    0.101725] Freeing SMP alternatives memory: 40K
[    0.101744] pid_max: default: 32768 minimum: 301
[    0.102761] Mount-cache hash table entries: 2048 (order: 2, 16384 bytes, linear)
[    0.103743] Mountpoint-cache hash table entries: 2048 (order: 2, 16384 bytes, linear)
[    0.104864] smpboot: CPU0: AMD Ryzen 9 7950X 16-Core Processor (family: 0x19, model: 0x61, stepping: 0x2)
[    0.105848] Performance Events: Fam17h+ core perfctr, AMD PMU driver.
[    0.106628] ... version:                0
[    0.106745] ... bit width:              48
[    0.107233] ... generic registers:      6
[    0.107711] ... value mask:             0000ffffffffffff
[    0.107744] ... max period:             00007fffffffffff
[    0.108371] ... fixed-purpose events:   0
[    0.108744] ... event mask:             000000000000003f
[    0.109441] signal: max sigframe size: 3376
[    0.109758] rcu: Hierarchical SRCU implementation.
[    0.110324] rcu: Max phase no-delay instances is 400.
[    0.110764] Timer migration: 2 hierarchy levels; 8 children per group; 2 crossnode level
[    0.113796] smp: Bringing up secondary CPUs ...
[    0.114383] smpboot: x86: Booting SMP configuration:
[    0.114746] .... node  #0, CPUs:        #1  #2  #3  #4  #5  #6  #7  #8  #9 #10 #11 #12 #13 #14 #15 #16 #17 #18 #19 #20 #21 #22 #23 #24 #25 #26 #27 #28 #29 #30 #31
[    0.126839] smp: Brought up 1 node, 32 CPUs
[    0.128247] smpboot: Total of 32 processors activated (287459.84 BogoMIPS)
[    0.130770] Memory: 970444K/1048056K available (16384K kernel code, 2449K rwdata, 6284K rodata, 3128K init, 1856K bss, 63188K reserved, 0K cma-reserved)
[    0.131849] devtmpfs: initialized
[    0.132164] x86/mm: Memory block size: 128MB
[    0.133412] clocksource: jiffies: mask: 0xffffffff max_cycles: 0xffffffff, max_idle_ns: 1911260446275000 ns
[    0.133746] futex hash table entries: 8192 (order: 7, 524288 bytes, linear)
[    0.134687] PM: RTC time: 21:06:53, date: 2024-11-03
[    0.135064] NET: Registered PF_NETLINK/PF_ROUTE protocol family
[    0.135855] thermal_sys: Registered thermal governor 'step_wise'
[    0.135856] thermal_sys: Registered thermal governor 'user_space'
[    0.136589] cpuidle: using governor menu
[    0.137923] PCI: Using configuration type 1 for base access
[    0.138744] PCI: Using configuration type 1 for extended access
[    0.139519] kprobes: kprobe jump-optimization is enabled. All kprobes are optimized if possible.
[    0.157948] HugeTLB: registered 1.00 GiB page size, pre-allocated 0 pages
[    0.158744] HugeTLB: 16380 KiB vmemmap can be freed for a 1.00 GiB page
[    0.159549] HugeTLB: registered 2.00 MiB page size, pre-allocated 0 pages
[    0.159744] HugeTLB: 28 KiB vmemmap can be freed for a 2.00 MiB page
[    0.160628] ACPI: Added _OSI(Module Device)
[    0.160745] ACPI: Added _OSI(Processor Device)
[    0.161280] ACPI: Added _OSI(3.0 _SCP Extensions)
[    0.161745] ACPI: Added _OSI(Processor Aggregator Device)
[    0.163041] ACPI: 1 ACPI AML tables successfully acquired and loaded
[    0.164102] ACPI: Interpreter enabled
[    0.164752] ACPI: PM: (supports S0 S3 S4 S5)
[    0.165266] ACPI: Using IOAPIC for interrupt routing
[    0.165755] PCI: Using host bridge windows from ACPI; if necessary, use "pci=nocrs" and report a bug
[    0.166744] PCI: Using E820 reservations for host bridge windows
[    0.167544] ACPI: Enabled 2 GPEs in block 00 to 0F
[    0.170154] ACPI: PCI Root Bridge [PCI0] (domain 0000 [bus 00-ff])
[    0.170746] acpi PNP0A03:00: _OSC: OS supports [ExtendedConfig ASPM ClockPM Segments MSI HPX-Type3]
[    0.171827] PCI host bridge to bus 0000:00
[    0.172322] pci_bus 0000:00: root bus resource [io  0x0000-0x0cf7 window]
[    0.172744] pci_bus 0000:00: root bus resource [io  0x0d00-0xffff window]
[    0.173557] pci_bus 0000:00: root bus resource [mem 0x000a0000-0x000bffff window]
[    0.173744] pci_bus 0000:00: root bus resource [mem 0x40000000-0xfebfffff window]
[    0.174639] pci_bus 0000:00: root bus resource [mem 0x100000000-0x17fffffff window]
[    0.174744] pci_bus 0000:00: root bus resource [bus 00-ff]
[    0.175481] pci 0000:00:00.0: [8086:1237] type 00 class 0x060000 conventional PCI endpoint
[    0.175977] pci 0000:00:01.0: [8086:7000] type 00 class 0x060100 conventional PCI endpoint
[    0.177037] pci 0000:00:01.1: [8086:7010] type 00 class 0x010180 conventional PCI endpoint
[    0.178914] pci 0000:00:01.1: BAR 4 [io  0xc0c0-0xc0cf]
[    0.180081] pci 0000:00:01.1: BAR 0 [io  0x01f0-0x01f7]: legacy IDE quirk
[    0.180745] pci 0000:00:01.1: BAR 1 [io  0x03f6]: legacy IDE quirk
[    0.181494] pci 0000:00:01.1: BAR 2 [io  0x0170-0x0177]: legacy IDE quirk
[    0.181744] pci 0000:00:01.1: BAR 3 [io  0x0376]: legacy IDE quirk
[    0.182575] pci 0000:00:01.3: [8086:7113] type 00 class 0x068000 conventional PCI endpoint
[    0.182967] pci 0000:00:01.3: quirk: [io  0x0600-0x063f] claimed by PIIX4 ACPI
[    0.183748] pci 0000:00:01.3: quirk: [io  0x0700-0x070f] claimed by PIIX4 SMB
[    0.184758] pci 0000:00:02.0: [1af4:1009] type 00 class 0x000200 conventional PCI endpoint
[    0.186135] pci 0000:00:02.0: BAR 0 [io  0xc000-0xc03f]
[    0.187046] pci 0000:00:02.0: BAR 1 [mem 0xfebfc000-0xfebfcfff]
[    0.189175] pci 0000:00:02.0: BAR 4 [mem 0xfebf0000-0xfebf3fff 64bit pref]
[    0.190609] pci 0000:00:03.0: [1af4:1009] type 00 class 0x000200 conventional PCI endpoint
[    0.191550] pci 0000:00:03.0: BAR 0 [io  0xc040-0xc07f]
[    0.192595] pci 0000:00:03.0: BAR 1 [mem 0xfebfd000-0xfebfdfff]
[    0.194745] pci 0000:00:03.0: BAR 4 [mem 0xfebf4000-0xfebf7fff 64bit pref]
[    0.196729] pci 0000:00:04.0: [8086:25ab] type 00 class 0x088000 conventional PCI endpoint
[    0.196893] pci 0000:00:04.0: BAR 0 [mem 0xfebfe000-0xfebfe00f]
[    0.198457] pci 0000:00:05.0: [1af4:1003] type 00 class 0x078000 conventional PCI endpoint
[    0.199079] pci 0000:00:05.0: BAR 0 [io  0xc080-0xc0bf]
[    0.199918] pci 0000:00:05.0: BAR 1 [mem 0xfebff000-0xfebfffff]
[    0.201642] pci 0000:00:05.0: BAR 4 [mem 0xfebf8000-0xfebfbfff 64bit pref]
[    0.203085] ACPI: PCI: Interrupt link LNKA configured for IRQ 10
[    0.203849] ACPI: PCI: Interrupt link LNKB configured for IRQ 10
[    0.204674] ACPI: PCI: Interrupt link LNKC configured for IRQ 11
[    0.204840] ACPI: PCI: Interrupt link LNKD configured for IRQ 11
[    0.205638] ACPI: PCI: Interrupt link LNKS configured for IRQ 9
[    0.206539] iommu: Default domain type: Translated
[    0.206744] iommu: DMA domain TLB invalidation policy: lazy mode
[    0.207511] SCSI subsystem initialized
[    0.207774] pps_core: LinuxPPS API ver. 1 registered
[    0.208378] pps_core: Software ver. 5.3.6 - Copyright 2005-2007 Rodolfo Giometti <giometti@linux.it>
[    0.208746] PTP clock support registered
[    0.209231] Advanced Linux Sound Architecture Driver Initialized.
[    0.209991] NET: Registered PF_ATMPVC protocol family
[    0.210607] NET: Registered PF_ATMSVC protocol family
[    0.210750] PCI: Using ACPI for IRQ routing
[    0.211329] vgaarb: loaded
[    0.211749] hpet0: at MMIO 0xfed00000, IRQs 2, 8, 0
[    0.212340] hpet0: 3 comparators, 64-bit 100.000000 MHz counter
[    0.217884] clocksource: Switched to clocksource kvm-clock
[    0.218638] VFS: Disk quotas dquot_6.6.0
[    0.219008] VFS: Dquot-cache hash table entries: 512 (order 0, 4096 bytes)
[    0.219873] pnp: PnP ACPI init
[    0.220403] pnp: PnP ACPI: found 5 devices
[    0.227672] clocksource: acpi_pm: mask: 0xffffff max_cycles: 0xffffff, max_idle_ns: 2085701024 ns
[    0.228749] NET: Registered PF_INET protocol family
[    0.229349] IP idents hash table entries: 16384 (order: 5, 131072 bytes, linear)
[    0.230371] tcp_listen_portaddr_hash hash table entries: 512 (order: 1, 8192 bytes, linear)
[    0.231382] Table-perturb hash table entries: 65536 (order: 6, 262144 bytes, linear)
[    0.232314] TCP established hash table entries: 8192 (order: 4, 65536 bytes, linear)
[    0.233340] TCP bind hash table entries: 8192 (order: 6, 262144 bytes, linear)
[    0.234219] TCP: Hash tables configured (established 8192 bind 8192)
[    0.235000] UDP hash table entries: 512 (order: 2, 16384 bytes, linear)
[    0.235791] UDP-Lite hash table entries: 512 (order: 2, 16384 bytes, linear)
[    0.236660] NET: Registered PF_UNIX/PF_LOCAL protocol family
[    0.237346] pci_bus 0000:00: resource 4 [io  0x0000-0x0cf7 window]
[    0.238093] pci_bus 0000:00: resource 5 [io  0x0d00-0xffff window]
[    0.238836] pci_bus 0000:00: resource 6 [mem 0x000a0000-0x000bffff window]
[    0.239659] pci_bus 0000:00: resource 7 [mem 0x40000000-0xfebfffff window]
[    0.240485] pci_bus 0000:00: resource 8 [mem 0x100000000-0x17fffffff window]
[    0.241354] pci 0000:00:01.0: PIIX3: Enabling Passive Release
[    0.242050] pci 0000:00:00.0: Limiting direct PCI/PCI transfers
[    0.242787] PCI: CLS 0 bytes, default 64
[    0.243300] kvm_intel: VMX not supported by CPU 0
[    0.243898] kvm_amd: TSC scaling supported
[    0.244386] kvm_amd: Nested Virtualization enabled
[    0.244967] kvm_amd: Nested Paging enabled
[    0.245456] kvm_amd: LBR virtualization supported
[    0.246036] kvm_amd: Virtual VMLOAD VMSAVE supported
[    0.246626] kvm_amd: Virtual GIF supported
[    0.247118] kvm_amd: Virtual NMI enabled
[    0.274126] clocksource: tsc: mask: 0xffffffffffffffff max_cycles: 0x40be4320a4d, max_idle_ns: 440795288133 ns
[    0.281299] Initialise system trusted keyrings
[    0.281912] workingset: timestamp_bits=56 max_order=18 bucket_order=0
[    0.282708] squashfs: version 4.0 (2009/01/31) Phillip Lougher
[    0.283427] fuse: init (API version 7.41)
[    0.283953] 9p: Installing v9fs 9p2000 file system support
[    0.290827] Key type asymmetric registered
[    0.291328] Asymmetric key parser 'x509' registered
[    0.291936] Block layer SCSI generic (bsg) driver version 0.4 loaded (major 249)
[    0.292848] io scheduler mq-deadline registered
[    0.293395] io scheduler kyber registered
[    0.295539] input: Power Button as /devices/LNXSYSTM:00/LNXPWRBN:00/input/input0
[    0.296484] ACPI: button: Power Button [PWRF]
[    0.297408] Warning: Processor Platform Limit event detected, but not handled.
[    0.298301] Consider compiling CPUfreq support into your kernel.
[    0.316317] ACPI: \_SB_.LNKB: Enabled at IRQ 10
[    0.332174] ACPI: \_SB_.LNKC: Enabled at IRQ 11
[    0.347958] ACPI: \_SB_.LNKA: Enabled at IRQ 10
[    0.349110] Serial: 8250/16550 driver, 4 ports, IRQ sharing enabled
[    0.350025] 00:03: ttyS0 at I/O 0x3f8 (irq = 4, base_baud = 115200) is a 16550A
[    0.372013] Non-volatile memory driver v1.3
[    0.372576] Linux agpgart interface v0.103
[    0.373103] printk: legacy console [hvc0] enabled
[    0.373700] printk: legacy bootconsole [earlyser0] disabled
          _      _                                    
   __   _(_)_ __| |_ _ __ ___   ___       _ __   __ _ 
   \ \ / / |  __| __|  _   _ \ / _ \_____|  _ \ / _  |
    \ V /| | |  | |_| | | | | |  __/_____| | | | (_| |
     \_/ |_|_|   \__|_| |_| |_|\___|     |_| |_|\__  |
                                                |___/ 
   kernel version: 6.12.0-rc5-virtme x86_64
   (CTRL+d to exit)

root@virtme-ng:/nipa-data/kernel# PS1='xx__-> '
xx__-> env
PWD=/nipa-data/kernel
nr_open=1048576
HOME=/
TERM=xterm
SHLVL=2
XDG_RUNTIME_DIR=/run/user/0
PATH=/bin:/sbin:/usr/bin:/usr/sbin:/usr/local/bin
OLDPWD=/
_=/bin/env
xx__-> 