No EFI environment detected.
early console in extract_kernel
input_data: 0x00000000029ee2b9
input_len: 0x0000000000b1f00e
output: 0x0000000001000000
output_len: 0x00000000024c7818
kernel_total_size: 0x0000000002230000
needed_size: 0x0000000002600000
trampoline_32bit: 0x0000000000000000
Physical KASLR using RDRAND RDTSC...
Virtual KASLR using RDRAND RDTSC...

Decompressing Linux... Parsing ELF... Performing relocations... done.
Booting the kernel (entry_offset: 0x0000000000000000).
[    0.000000] Linux version 6.9.0-rc2-virtme (root@360e2b397f53) (gcc (Alpine 13.2.1_git20240309) 13.2.1 20240309, GNU ld (GNU Binutils) 2.42) #1 SMP PREEMPT_DYNAMIC Sun Apr  7 18:06:04 UTC 2024
[    0.000000] Command line: virtme_hostname=virtme-ng nr_open=1048576 virtme_link_mods=/nipa-data/kernel/.virtme_mods/lib/modules/0.0.0 virtme_initmount0=nipa-data/kernel virtme_rw_overlay0=/etc virtme_rw_overlay1=/lib virtme_rw_overlay2=/home virtme_rw_overlay3=/opt virtme_rw_overlay4=/srv virtme_rw_overlay5=/usr virtme_rw_overlay6=/var console=hvc0 earlyprintk=serial,ttyS0,115200 virtme_console=ttyS0 psmouse.proto=exps TERM=xterm virtme_chdir=nipa-data/kernel virtme_root_user=1 rootfstype=9p rootflags=version=9p2000.L,trans=virtio,access=any raid=noautodetect ro init=/usr/lib/python3.11/site-packages/virtme/guest/virtme-init
[    0.000000] BIOS-provided physical RAM map:
[    0.000000] BIOS-e820: [mem 0x0000000000000000-0x000000000009fbff] usable
[    0.000000] BIOS-e820: [mem 0x000000000009fc00-0x000000000009ffff] reserved
[    0.000000] BIOS-e820: [mem 0x00000000000f0000-0x00000000000fffff] reserved
[    0.000000] BIOS-e820: [mem 0x0000000000100000-0x000000003ffdffff] usable
[    0.000000] BIOS-e820: [mem 0x000000003ffe0000-0x000000003fffffff] reserved
[    0.000000] BIOS-e820: [mem 0x00000000feffc000-0x00000000feffffff] reserved
[    0.000000] BIOS-e820: [mem 0x00000000fffc0000-0x00000000ffffffff] reserved
[    0.000000] BIOS-e820: [mem 0x000000fd00000000-0x000000ffffffffff] reserved
[    0.000000] printk: legacy bootconsole [earlyser0] enabled
[    0.000000] NX (Execute Disable) protection: active
[    0.000000] APIC: Static calls initialized
[    0.000000] SMBIOS 3.0.0 present.
[    0.000000] DMI: QEMU Standard PC (i440FX + PIIX, 1996), BIOS rel-1.16.3-0-ga6ed6b701f0a-prebuilt.qemu.org 04/01/2014
[    0.000000] Hypervisor detected: KVM
[    0.000000] kvm-clock: Using msrs 4b564d01 and 4b564d00
[    0.000000] kvm-clock: using sched offset of 241157025 cycles
[    0.000395] clocksource: kvm-clock: mask: 0xffffffffffffffff max_cycles: 0x1cd42e4dffb, max_idle_ns: 881590591483 ns
[    0.001655] tsc: Detected 4491.536 MHz processor
[    0.002434] last_pfn = 0x3ffe0 max_arch_pfn = 0x400000000
[    0.002903] MTRR map: 4 entries (3 fixed + 1 variable; max 19), built from 8 variable MTRRs
[    0.003551] x86/PAT: Configuration [0-7]: WB  WC  UC- UC  WB  WP  UC- WT  
Memory KASLR using RDRAND RDTSC...
[    0.005708] found SMP MP-table at [mem 0x000f5470-0x000f547f]
[    0.006157] Using GB pages for direct mapping
[    0.006530] ACPI: Early table checksum verification disabled
[    0.006964] ACPI: RSDP 0x00000000000F5290 000014 (v00 BOCHS )
[    0.007404] ACPI: RSDT 0x000000003FFE27BC 000034 (v01 BOCHS  BXPC     00000001 BXPC 00000001)
[    0.008078] ACPI: FACP 0x000000003FFE2578 000074 (v01 BOCHS  BXPC     00000001 BXPC 00000001)
[    0.008738] ACPI: DSDT 0x000000003FFE0040 002538 (v01 BOCHS  BXPC     00000001 BXPC 00000001)
[    0.009434] ACPI: FACS 0x000000003FFE0000 000040
[    0.009790] ACPI: APIC 0x000000003FFE25EC 000170 (v03 BOCHS  BXPC     00000001 BXPC 00000001)
[    0.010442] ACPI: HPET 0x000000003FFE275C 000038 (v01 BOCHS  BXPC     00000001 BXPC 00000001)
[    0.011098] ACPI: WAET 0x000000003FFE2794 000028 (v01 BOCHS  BXPC     00000001 BXPC 00000001)
[    0.011747] ACPI: Reserving FACP table memory at [mem 0x3ffe2578-0x3ffe25eb]
[    0.012286] ACPI: Reserving DSDT table memory at [mem 0x3ffe0040-0x3ffe2577]
[    0.012819] ACPI: Reserving FACS table memory at [mem 0x3ffe0000-0x3ffe003f]
[    0.013381] ACPI: Reserving APIC table memory at [mem 0x3ffe25ec-0x3ffe275b]
[    0.013911] ACPI: Reserving HPET table memory at [mem 0x3ffe275c-0x3ffe2793]
[    0.014441] ACPI: Reserving WAET table memory at [mem 0x3ffe2794-0x3ffe27bb]
[    0.015123] No NUMA configuration found
[    0.015411] Faking a node at [mem 0x0000000000000000-0x000000003ffdffff]
[    0.015914] NODE_DATA(0) allocated [mem 0x3ffdb000-0x3ffdffff]
[    0.016361] Zone ranges:
[    0.016551]   DMA      [mem 0x0000000000001000-0x0000000000ffffff]
[    0.017026]   DMA32    [mem 0x0000000001000000-0x000000003ffdffff]
[    0.017504]   Normal   empty
[    0.017720]   Device   empty
[    0.017935] Movable zone start for each node
[    0.018256] Early memory node ranges
[    0.018524]   node   0: [mem 0x0000000000001000-0x000000000009efff]
[    0.018995]   node   0: [mem 0x0000000000100000-0x000000003ffdffff]
[    0.019467] Initmem setup node 0 [mem 0x0000000000001000-0x000000003ffdffff]
[    0.020000] On node 0, zone DMA: 1 pages in unavailable ranges
[    0.020449] On node 0, zone DMA: 97 pages in unavailable ranges
[    0.021940] On node 0, zone DMA32: 32 pages in unavailable ranges
[    0.022614] ACPI: PM-Timer IO Port: 0x608
[    0.022921] ACPI: LAPIC_NMI (acpi_id[0xff] dfl dfl lint[0x1])
[    0.023370] IOAPIC[0]: apic_id 0, version 17, address 0xfec00000, GSI 0-23
[    0.023889] ACPI: INT_SRC_OVR (bus 0 bus_irq 0 global_irq 2 dfl dfl)
[    0.024367] ACPI: INT_SRC_OVR (bus 0 bus_irq 5 global_irq 5 high level)
[    0.024864] ACPI: INT_SRC_OVR (bus 0 bus_irq 9 global_irq 9 high level)
[    0.025397] ACPI: INT_SRC_OVR (bus 0 bus_irq 10 global_irq 10 high level)
[    0.025907] ACPI: INT_SRC_OVR (bus 0 bus_irq 11 global_irq 11 high level)
[    0.026417] ACPI: Using ACPI (MADT) for SMP configuration information
[    0.026899] ACPI: HPET id: 0x8086a201 base: 0xfed00000
[    0.027308] TSC deadline timer available
[    0.027605] CPU topo: Max. logical packages:   1
[    0.027951] CPU topo: Max. logical dies:       1
[    0.028296] CPU topo: Max. dies per package:   1
[    0.028644] CPU topo: Max. threads per core:  32
[    0.029000] CPU topo: Num. cores per package:     1
[    0.029365] CPU topo: Num. threads per package:  32
[    0.029729] CPU topo: Allowing 32 present CPUs plus 0 hotplug CPUs
[    0.030204] kvm-guest: APIC: eoi() replaced with kvm_guest_apic_eoi_write()
[    0.030735] kvm-guest: KVM setup pv remote TLB flush
[    0.031131] kvm-guest: setup PV sched yield
[    0.031449] PM: hibernation: Registered nosave memory: [mem 0x00000000-0x00000fff]
[    0.032018] PM: hibernation: Registered nosave memory: [mem 0x0009f000-0x0009ffff]
[    0.032585] PM: hibernation: Registered nosave memory: [mem 0x000a0000-0x000effff]
[    0.033164] PM: hibernation: Registered nosave memory: [mem 0x000f0000-0x000fffff]
[    0.033731] [mem 0x40000000-0xfeffbfff] available for PCI devices
[    0.034187] Booting paravirtualized kernel on KVM
[    0.034540] clocksource: refined-jiffies: mask: 0xffffffff max_cycles: 0xffffffff, max_idle_ns: 1910969940391419 ns
[    0.038415] setup_percpu: NR_CPUS:64 nr_cpumask_bits:32 nr_cpu_ids:32 nr_node_ids:1
[    0.039638] percpu: Embedded 58 pages/cpu s198952 r8192 d30424 u262144
[    0.040165] Kernel command line: virtme_hostname=virtme-ng nr_open=1048576 virtme_link_mods=/nipa-data/kernel/.virtme_mods/lib/modules/0.0.0 virtme_initmount0=nipa-data/kernel virtme_rw_overlay0=/etc virtme_rw_overlay1=/lib virtme_rw_overlay2=/home virtme_rw_overlay3=/opt virtme_rw_overlay4=/srv virtme_rw_overlay5=/usr virtme_rw_overlay6=/var console=hvc0 earlyprintk=serial,ttyS0,115200 virtme_console=ttyS0 psmouse.proto=exps TERM=xterm virtme_chdir=nipa-data/kernel virtme_root_user=1 rootfstype=9p rootflags=version=9p2000.L,trans=virtio,access=any raid=noautodetect ro init=/usr/lib/python3.11/site-packages/virtme/guest/virtme-init
[    0.044602] Unknown kernel command line parameters "virtme_hostname=virtme-ng nr_open=1048576 virtme_link_mods=/nipa-data/kernel/.virtme_mods/lib/modules/0.0.0 virtme_initmount0=nipa-data/kernel virtme_rw_overlay0=/etc virtme_rw_overlay1=/lib virtme_rw_overlay2=/home virtme_rw_overlay3=/opt virtme_rw_overlay4=/srv virtme_rw_overlay5=/usr virtme_rw_overlay6=/var virtme_console=ttyS0 virtme_chdir=nipa-data/kernel virtme_root_user=1", will be passed to user space.
[    0.047975] random: crng init done
[    0.048264] Dentry cache hash table entries: 131072 (order: 8, 1048576 bytes, linear)
[    0.048882] Inode-cache hash table entries: 65536 (order: 7, 524288 bytes, linear)
[    0.049554] Fallback order for Node 0: 0 
[    0.049556] Built 1 zonelists, mobility grouping on.  Total pages: 257760
[    0.050394] Policy zone: DMA32
[    0.050629] mem auto-init: stack:all(zero), heap alloc:off, heap free:off
[    0.051984] Memory: 986624K/1048056K available (16384K kernel code, 2401K rwdata, 6100K rodata, 3052K init, 2112K bss, 61172K reserved, 0K cma-reserved)
[    0.053058] SLUB: HWalign=64, Order=0-3, MinObjects=0, CPUs=32, Nodes=1
Poking KASLR using RDRAND RDTSC...
[    0.053821] ftrace: allocating 47531 entries in 186 pages
[    0.061033] ftrace: allocated 186 pages with 5 groups
[    0.062047] Dynamic Preempt: voluntary
[    0.062477] rcu: Preemptible hierarchical RCU implementation.
[    0.062919] rcu: RCU event tracing is enabled.
[    0.063289] rcu: RCU restricting CPUs from NR_CPUS=64 to nr_cpu_ids=32.
[    0.063802] Trampoline variant of Tasks RCU enabled.
[    0.064191] Rude variant of Tasks RCU enabled.
[    0.064540] Tracing variant of Tasks RCU enabled.
[    0.064909] rcu: RCU calculated value of scheduler-enlistment delay is 100 jiffies.
[    0.065498] rcu: Adjusting geometry for rcu_fanout_leaf=16, nr_cpu_ids=32
[    0.066024] RCU Tasks: Setting shift to 5 and lim to 1 rcu_task_cb_adjust=1.
[    0.066566] RCU Tasks Rude: Setting shift to 5 and lim to 1 rcu_task_cb_adjust=1.
[    0.067165] RCU Tasks Trace: Setting shift to 5 and lim to 1 rcu_task_cb_adjust=1.
[    0.069149] NR_IRQS: 4352, nr_irqs: 680, preallocated irqs: 16
[    0.069765] rcu: srcu_init: Setting srcu_struct sizes based on contention.
[    0.070425] Console: colour *CGA 80x25
[    0.070716] ACPI: Core revision 20230628
[    0.071106] clocksource: hpet: mask: 0xffffffff max_cycles: 0xffffffff, max_idle_ns: 19112604467 ns
[    0.071858] APIC: Switch to symmetric I/O mode setup
[    0.072266] APIC: Switched APIC routing to: physical flat
[    0.072676] kvm-guest: APIC: send_IPI_mask() replaced with kvm_send_ipi_mask()
[    0.073233] kvm-guest: APIC: send_IPI_mask_allbutself() replaced with kvm_send_ipi_mask_allbutself()
[    0.073939] kvm-guest: setup PV IPIs
[    0.075011] ..TIMER: vector=0x30 apic1=0 pin1=2 apic2=-1 pin2=-1
[    0.075838] tsc: Marking TSC unstable due to TSCs unsynchronized
[    0.076659] Calibrating delay loop (skipped) preset value.. 8983.07 BogoMIPS (lpj=4491536)
[    0.077718] x86/cpu: User Mode Instruction Prevention (UMIP) activated
[    0.078709] Last level iTLB entries: 4KB 512, 2MB 255, 4MB 127
[    0.079658] Last level dTLB entries: 4KB 512, 2MB 255, 4MB 127, 1GB 0
[    0.080661] Spectre V1 : Mitigation: usercopy/swapgs barriers and __user pointer sanitization
[    0.081661] Spectre V2 : Mitigation: Enhanced / Automatic IBRS
[    0.082657] Spectre V2 : Spectre v2 / SpectreRSB mitigation: Filling RSB on context switch
[    0.083659] Spectre V2 : mitigation: Enabling conditional Indirect Branch Prediction Barrier
[    0.084657] Spectre V2 : User space: Mitigation: STIBP always-on protection
[    0.085658] Speculative Store Bypass: Mitigation: Speculative Store Bypass disabled via prctl
[    0.086657] Speculative Return Stack Overflow: IBPB-extending microcode not applied!
[    0.087657] Speculative Return Stack Overflow: WARNING: See https://kernel.org/doc/html/latest/admin-guide/hw-vuln/srso.html for mitigation options.
[    0.087658] Speculative Return Stack Overflow: Vulnerable: Safe RET, no microcode
[    0.089677] x86/fpu: Supporting XSAVE feature 0x001: 'x87 floating point registers'
[    0.090658] x86/fpu: Supporting XSAVE feature 0x002: 'SSE registers'
[    0.091657] x86/fpu: Supporting XSAVE feature 0x004: 'AVX registers'
[    0.092657] x86/fpu: Supporting XSAVE feature 0x020: 'AVX-512 opmask'
[    0.093657] x86/fpu: Supporting XSAVE feature 0x040: 'AVX-512 Hi256'
[    0.094501] x86/fpu: Supporting XSAVE feature 0x080: 'AVX-512 ZMM_Hi256'
[    0.094657] x86/fpu: Supporting XSAVE feature 0x200: 'Protection Keys User registers'
[    0.095658] x86/fpu: xstate_offset[2]:  576, xstate_sizes[2]:  256
[    0.096657] x86/fpu: xstate_offset[5]:  832, xstate_sizes[5]:   64
[    0.097658] x86/fpu: xstate_offset[6]:  896, xstate_sizes[6]:  512
[    0.098657] x86/fpu: xstate_offset[7]: 1408, xstate_sizes[7]: 1024
[    0.099658] x86/fpu: xstate_offset[9]: 2432, xstate_sizes[9]:    8
[    0.100657] x86/fpu: Enabled xstate features 0x2e7, context size is 2440 bytes, using 'compacted' format.
[    0.116326] Freeing SMP alternatives memory: 40K
[    0.116658] pid_max: default: 32768 minimum: 301
[    0.117283] Mount-cache hash table entries: 2048 (order: 2, 16384 bytes, linear)
[    0.117658] Mountpoint-cache hash table entries: 2048 (order: 2, 16384 bytes, linear)
[    0.119769] smpboot: CPU0: AMD Ryzen 9 7950X 16-Core Processor (family: 0x19, model: 0x61, stepping: 0x2)
[    0.120772] Performance Events: Fam17h+ core perfctr, AMD PMU driver.
[    0.121637] ... version:                0
[    0.121659] ... bit width:              48
[    0.122195] ... generic registers:      6
[    0.122659] ... value mask:             0000ffffffffffff
[    0.123354] ... max period:             00007fffffffffff
[    0.123659] ... fixed-purpose events:   0
[    0.124180] ... event mask:             000000000000003f
[    0.124744] signal: max sigframe size: 3376
[    0.125303] rcu: Hierarchical SRCU implementation.
[    0.125659] rcu: Max phase no-delay instances is 400.
[    0.128558] smp: Bringing up secondary CPUs ...
[    0.128713] smpboot: x86: Booting SMP configuration:
[    0.129355] .... node  #0, CPUs:        #1  #2  #3  #4  #5  #6  #7  #8  #9 #10 #11 #12 #13 #14 #15 #16 #17 #18 #19 #20 #21 #22 #23 #24 #25 #26 #27 #28 #29 #30 #31
[    0.134932] Spectre V2 : Update user space SMT mitigation: STIBP always-on
[    0.148920] smp: Brought up 1 node, 32 CPUs
[    0.149633] smpboot: Total of 32 processors activated (287458.30 BogoMIPS)
[    0.151817] devtmpfs: initialized
[    0.152116] x86/mm: Memory block size: 128MB
[    0.153395] clocksource: jiffies: mask: 0xffffffff max_cycles: 0xffffffff, max_idle_ns: 1911260446275000 ns
[    0.153666] futex hash table entries: 8192 (order: 7, 524288 bytes, linear)
[    0.154655] PM: RTC time: 18:06:33, date: 2024-04-07
[    0.155679] NET: Registered PF_NETLINK/PF_ROUTE protocol family
[    0.156582] thermal_sys: Registered thermal governor 'step_wise'
[    0.156583] thermal_sys: Registered thermal governor 'user_space'
[    0.156668] cpuidle: using governor menu
[    0.158730] PCI: Using configuration type 1 for base access
[    0.159460] PCI: Using configuration type 1 for extended access
[    0.159700] kprobes: kprobe jump-optimization is enabled. All kprobes are optimized if possible.
[    0.160770] HugeTLB: registered 1.00 GiB page size, pre-allocated 0 pages
[    0.161659] HugeTLB: 16380 KiB vmemmap can be freed for a 1.00 GiB page
[    0.162518] HugeTLB: registered 2.00 MiB page size, pre-allocated 0 pages
[    0.162659] HugeTLB: 28 KiB vmemmap can be freed for a 2.00 MiB page
[    0.163510] Demotion targets for Node 0: null
[    0.163700] ACPI: Added _OSI(Module Device)
[    0.164239] ACPI: Added _OSI(Processor Device)
[    0.164659] ACPI: Added _OSI(3.0 _SCP Extensions)
[    0.165261] ACPI: Added _OSI(Processor Aggregator Device)
[    0.166363] ACPI: 1 ACPI AML tables successfully acquired and loaded
[    0.172678] ACPI: _OSC evaluation for CPUs failed, trying _PDC
[    0.173793] ACPI: Interpreter enabled
[    0.174276] ACPI: PM: (supports S0 S3 S4 S5)
[    0.174659] ACPI: Using IOAPIC for interrupt routing
[    0.175301] PCI: Using host bridge windows from ACPI; if necessary, use "pci=nocrs" and report a bug
[    0.175659] PCI: Using E820 reservations for host bridge windows
[    0.176506] ACPI: Enabled 2 GPEs in block 00 to 0F
[    0.179232] ACPI: PCI Root Bridge [PCI0] (domain 0000 [bus 00-ff])
[    0.179661] acpi PNP0A03:00: _OSC: OS supports [ExtendedConfig ASPM ClockPM Segments MSI HPX-Type3]
[    0.180748] PCI host bridge to bus 0000:00
[    0.181268] pci_bus 0000:00: root bus resource [io  0x0000-0x0cf7 window]
[    0.181659] pci_bus 0000:00: root bus resource [io  0x0d00-0xffff window]
[    0.182529] pci_bus 0000:00: root bus resource [mem 0x000a0000-0x000bffff window]
[    0.182659] pci_bus 0000:00: root bus resource [mem 0x40000000-0xfebfffff window]
[    0.183611] pci_bus 0000:00: root bus resource [mem 0x100000000-0x17fffffff window]
[    0.183660] pci_bus 0000:00: root bus resource [bus 00-ff]
[    0.184439] pci 0000:00:00.0: [8086:1237] type 00 class 0x060000 conventional PCI endpoint
[    0.184912] pci 0000:00:01.0: [8086:7000] type 00 class 0x060100 conventional PCI endpoint
[    0.185969] pci 0000:00:01.1: [8086:7010] type 00 class 0x010180 conventional PCI endpoint
[    0.189169] pci 0000:00:01.1: BAR 4 [io  0xc0c0-0xc0cf]
[    0.190637] pci 0000:00:01.1: BAR 0 [io  0x01f0-0x01f7]: legacy IDE quirk
[    0.190659] pci 0000:00:01.1: BAR 1 [io  0x03f6]: legacy IDE quirk
[    0.191442] pci 0000:00:01.1: BAR 2 [io  0x0170-0x0177]: legacy IDE quirk
[    0.191659] pci 0000:00:01.1: BAR 3 [io  0x0376]: legacy IDE quirk
[    0.192531] pci 0000:00:01.3: [8086:7113] type 00 class 0x068000 conventional PCI endpoint
[    0.192896] pci 0000:00:01.3: quirk: [io  0x0600-0x063f] claimed by PIIX4 ACPI
[    0.193663] pci 0000:00:01.3: quirk: [io  0x0700-0x070f] claimed by PIIX4 SMB
[    0.194727] pci 0000:00:02.0: [1af4:1009] type 00 class 0x000200 conventional PCI endpoint
[    0.196659] pci 0000:00:02.0: BAR 0 [io  0xc000-0xc03f]
[    0.198400] pci 0000:00:02.0: BAR 1 [mem 0xfebfc000-0xfebfcfff]
[    0.201659] pci 0000:00:02.0: BAR 4 [mem 0xfebf0000-0xfebf3fff 64bit pref]
[    0.203939] pci 0000:00:03.0: [1af4:1009] type 00 class 0x000200 conventional PCI endpoint
[    0.205660] pci 0000:00:03.0: BAR 0 [io  0xc040-0xc07f]
[    0.207659] pci 0000:00:03.0: BAR 1 [mem 0xfebfd000-0xfebfdfff]
[    0.211358] pci 0000:00:03.0: BAR 4 [mem 0xfebf4000-0xfebf7fff 64bit pref]
[    0.213212] pci 0000:00:04.0: [8086:25ab] type 00 class 0x088000 conventional PCI endpoint
[    0.214086] pci 0000:00:04.0: BAR 0 [mem 0xfebfe000-0xfebfe00f]
[    0.217553] pci 0000:00:05.0: [1af4:1003] type 00 class 0x078000 conventional PCI endpoint
[    0.218659] pci 0000:00:05.0: BAR 0 [io  0xc080-0xc0bf]
[    0.220342] pci 0000:00:05.0: BAR 1 [mem 0xfebff000-0xfebfffff]
[    0.223659] pci 0000:00:05.0: BAR 4 [mem 0xfebf8000-0xfebfbfff 64bit pref]
[    0.226098] ACPI: PCI: Interrupt link LNKA configured for IRQ 10
[    0.226774] ACPI: PCI: Interrupt link LNKB configured for IRQ 10
[    0.227626] ACPI: PCI: Interrupt link LNKC configured for IRQ 11
[    0.227755] ACPI: PCI: Interrupt link LNKD configured for IRQ 11
[    0.228585] ACPI: PCI: Interrupt link LNKS configured for IRQ 9
[    0.229531] iommu: Default domain type: Translated
[    0.229659] iommu: DMA domain TLB invalidation policy: lazy mode
[    0.230462] SCSI subsystem initialized
[    0.230694] pps_core: LinuxPPS API ver. 1 registered
[    0.231330] pps_core: Software ver. 5.3.6 - Copyright 2005-2007 Rodolfo Giometti <giometti@linux.it>
[    0.231661] PTP clock support registered
[    0.232165] Advanced Linux Sound Architecture Driver Initialized.
[    0.233069] NET: Registered PF_ATMPVC protocol family
[    0.233659] NET: Registered PF_ATMSVC protocol family
[    0.234308] PCI: Using ACPI for IRQ routing
[    0.234741] vgaarb: loaded
[    0.235006] hpet0: at MMIO 0xfed00000, IRQs 2, 8, 0
[    0.235659] hpet0: 3 comparators, 64-bit 100.000000 MHz counter
[    0.239281] clocksource: Switched to clocksource kvm-clock
[    0.240278] VFS: Disk quotas dquot_6.6.0
[    0.241085] VFS: Dquot-cache hash table entries: 512 (order 0, 4096 bytes)
[    0.241982] pnp: PnP ACPI init
[    0.242555] pnp: PnP ACPI: found 5 devices
[    0.249691] clocksource: acpi_pm: mask: 0xffffff max_cycles: 0xffffff, max_idle_ns: 2085701024 ns
[    0.250863] NET: Registered PF_INET protocol family
[    0.251503] IP idents hash table entries: 16384 (order: 5, 131072 bytes, linear)
[    0.252588] tcp_listen_portaddr_hash hash table entries: 512 (order: 1, 8192 bytes, linear)
[    0.253657] Table-perturb hash table entries: 65536 (order: 6, 262144 bytes, linear)
[    0.254661] TCP established hash table entries: 8192 (order: 4, 65536 bytes, linear)
[    0.255729] TCP bind hash table entries: 8192 (order: 6, 262144 bytes, linear)
[    0.256655] TCP: Hash tables configured (established 8192 bind 8192)
[    0.257478] UDP hash table entries: 512 (order: 2, 16384 bytes, linear)
[    0.258315] UDP-Lite hash table entries: 512 (order: 2, 16384 bytes, linear)
[    0.259239] NET: Registered PF_UNIX/PF_LOCAL protocol family
[    0.259972] pci_bus 0000:00: resource 4 [io  0x0000-0x0cf7 window]
[    0.260758] pci_bus 0000:00: resource 5 [io  0x0d00-0xffff window]
[    0.261545] pci_bus 0000:00: resource 6 [mem 0x000a0000-0x000bffff window]
[    0.262418] pci_bus 0000:00: resource 7 [mem 0x40000000-0xfebfffff window]
[    0.263287] pci_bus 0000:00: resource 8 [mem 0x100000000-0x17fffffff window]
[    0.264218] pci 0000:00:01.0: PIIX3: Enabling Passive Release
[    0.264954] pci 0000:00:00.0: Limiting direct PCI/PCI transfers
[    0.265743] PCI: CLS 0 bytes, default 64
[    0.266282] kvm_intel: VMX not supported by CPU 0
[    0.266903] kvm_amd: TSC scaling supported
[    0.267430] kvm_amd: Nested Virtualization enabled
[    0.268038] kvm_amd: Nested Paging enabled
[    0.268570] kvm_amd: Virtual VMLOAD VMSAVE supported
[    0.269197] kvm_amd: Virtual GIF supported
[    0.269721] kvm_amd: Virtual NMI enabled
[    0.270216] kvm_amd: LBR virtualization supported
[    0.363408] Initialise system trusted keyrings
[    0.364085] workingset: timestamp_bits=56 max_order=18 bucket_order=0
[    0.364964] squashfs: version 4.0 (2009/01/31) Phillip Lougher
[    0.365739] fuse: init (API version 7.40)
[    0.366306] 9p: Installing v9fs 9p2000 file system support
[    0.373680] Key type asymmetric registered
[    0.374216] Asymmetric key parser 'x509' registered
[    0.374865] Block layer SCSI generic (bsg) driver version 0.4 loaded (major 249)
[    0.375852] io scheduler mq-deadline registered
[    0.376453] io scheduler kyber registered
[    0.378042] input: Power Button as /devices/LNXSYSTM:00/LNXPWRBN:00/input/input0
[    0.379077] ACPI: button: Power Button [PWRF]
[    0.379688] Warning: Processor Platform Limit event detected, but not handled.
[    0.380642] Consider compiling CPUfreq support into your kernel.
[    0.398300] ACPI: \_SB_.LNKB: Enabled at IRQ 10
[    0.416836] ACPI: \_SB_.LNKC: Enabled at IRQ 11
[    0.438469] ACPI: \_SB_.LNKA: Enabled at IRQ 10
[    0.439993] Serial: 8250/16550 driver, 4 ports, IRQ sharing enabled
[    0.440942] 00:03: ttyS0 at I/O 0x3f8 (irq = 4, base_baud = 115200) is a 16550A
[    0.489579] Non-volatile memory driver v1.3
[    0.490138] Linux agpgart interface v0.103
[    0.490203] ACPI: bus type drm_connector registered
[    0.491315] printk: legacy console [hvc0] enabled
[    0.491937] printk: legacy bootconsole [earlyser0] disabled
          _      _                                    
   __   _(_)_ __| |_ _ __ ___   ___       _ __   __ _ 
   \ \ / / |  __| __|  _   _ \ / _ \_____|  _ \ / _  |
    \ V /| | |  | |_| | | | | |  __/_____| | | | (_| |
     \_/ |_|_|   \__|_| |_| |_|\___|     |_| |_|\__  |
                                                |___/ 
   kernel version: 6.9.0-rc2-virtme x86_64
   (CTRL+d to exit)

virtme-ng:/nipa-data/kernel# PS1='xx__-> '
xx__-> env
PWD=/nipa-data/kernel
nr_open=1048576
HOME=/root
TERM=xterm
SHLVL=2
XDG_RUNTIME_DIR=/run/user/0
PATH=/bin:/sbin:/usr/bin:/usr/sbin:/usr/local/bin
OLDPWD=/
_=/usr/bin/env
xx__-> 