No EFI environment detected.
early console in extract_kernel
input_data: 0x00000000030602b9
input_len: 0x0000000000b83466
output: 0x0000000001000000
output_len: 0x000000000252f3a8
kernel_total_size: 0x0000000002c30000
needed_size: 0x0000000002e00000
trampoline_32bit: 0x0000000000000000
Physical KASLR using RDRAND RDTSC...
Virtual KASLR using RDRAND RDTSC...

Decompressing Linux... Parsing ELF... Performing relocations... done.
Booting the kernel (entry_offset: 0x0000000000000000).
[    0.000000] Linux version 6.8.0-rc1-virtme (root@72dde253e0ba) (gcc (Alpine 13.2.1_git20231014) 13.2.1 20231014, GNU ld (GNU Binutils) 2.41) #1 SMP PREEMPT_DYNAMIC Thu Feb  1 12:06:11 UTC 2024
[    0.000000] Command line: virtme_hostname=virtme-ng virtme_link_mods=/nipa-data/kernel/.virtme_mods/lib/modules/0.0.0 virtme_initmount0=nipa-data/kernel virtme_rw_overlay0=/etc virtme_rw_overlay1=/lib virtme_rw_overlay2=/home virtme_rw_overlay3=/opt virtme_rw_overlay4=/srv virtme_rw_overlay5=/usr virtme_rw_overlay6=/var earlyprintk=serial,ttyS0,115200 console=ttyS0 psmouse.proto=exps virtme_chdir=nipa-data/kernel virtme_root_user=1 rootfstype=9p rootflags=version=9p2000.L,trans=virtio,access=any raid=noautodetect ro init=/usr/lib/python3.11/site-packages/virtme/guest/virtme-init
[    0.000000] BIOS-provided physical RAM map:
[    0.000000] BIOS-e820: [mem 0x0000000000000000-0x000000000009fbff] usable
[    0.000000] BIOS-e820: [mem 0x000000000009fc00-0x000000000009ffff] reserved
[    0.000000] BIOS-e820: [mem 0x00000000000f0000-0x00000000000fffff] reserved
[    0.000000] BIOS-e820: [mem 0x0000000000100000-0x000000003ffdffff] usable
[    0.000000] BIOS-e820: [mem 0x000000003ffe0000-0x000000003fffffff] reserved
[    0.000000] BIOS-e820: [mem 0x00000000feffc000-0x00000000feffffff] reserved
[    0.000000] BIOS-e820: [mem 0x00000000fffc0000-0x00000000ffffffff] reserved
[    0.000000] BIOS-e820: [mem 0x000000fd00000000-0x000000ffffffffff] reserved
[    0.000000] printk: legacy bootconsole [earlyser0] enabled
[    0.000000] NX (Execute Disable) protection: active
[    0.000000] APIC: Static calls initialized
[    0.000000] SMBIOS 3.0.0 present.
[    0.000000] DMI: QEMU Standard PC (i440FX + PIIX, 1996), BIOS rel-1.16.3-0-ga6ed6b701f0a-prebuilt.qemu.org 04/01/2014
[    0.000000] Hypervisor detected: KVM
[    0.000000] kvm-clock: Using msrs 4b564d01 and 4b564d00
[    0.000000] kvm-clock: using sched offset of 246751795 cycles
[    0.000389] clocksource: kvm-clock: mask: 0xffffffffffffffff max_cycles: 0x1cd42e4dffb, max_idle_ns: 881590591483 ns
[    0.001599] tsc: Detected 4491.536 MHz processor
[    0.002205] last_pfn = 0x3ffe0 max_arch_pfn = 0x400000000
[    0.002635] MTRR map: 4 entries (3 fixed + 1 variable; max 19), built from 8 variable MTRRs
[    0.003253] x86/PAT: Configuration [0-7]: WB  WC  UC- UC  WB  WP  UC- WT  
Memory KASLR using RDRAND RDTSC...
[    0.005321] found SMP MP-table at [mem 0x000f5470-0x000f547f]
[    0.005752] Using GB pages for direct mapping
[    0.006147] ACPI: Early table checksum verification disabled
[    0.006569] ACPI: RSDP 0x00000000000F5290 000014 (v00 BOCHS )
[    0.006994] ACPI: RSDT 0x000000003FFE27B6 000034 (v01 BOCHS  BXPC     00000001 BXPC 00000001)
[    0.007625] ACPI: FACP 0x000000003FFE2572 000074 (v01 BOCHS  BXPC     00000001 BXPC 00000001)
[    0.008253] ACPI: DSDT 0x000000003FFE0040 002532 (v01 BOCHS  BXPC     00000001 BXPC 00000001)
[    0.008879] ACPI: FACS 0x000000003FFE0000 000040
[    0.009219] ACPI: APIC 0x000000003FFE25E6 000170 (v03 BOCHS  BXPC     00000001 BXPC 00000001)
[    0.009845] ACPI: HPET 0x000000003FFE2756 000038 (v01 BOCHS  BXPC     00000001 BXPC 00000001)
[    0.010474] ACPI: WAET 0x000000003FFE278E 000028 (v01 BOCHS  BXPC     00000001 BXPC 00000001)
[    0.011102] ACPI: Reserving FACP table memory at [mem 0x3ffe2572-0x3ffe25e5]
[    0.011620] ACPI: Reserving DSDT table memory at [mem 0x3ffe0040-0x3ffe2571]
[    0.012139] ACPI: Reserving FACS table memory at [mem 0x3ffe0000-0x3ffe003f]
[    0.012657] ACPI: Reserving APIC table memory at [mem 0x3ffe25e6-0x3ffe2755]
[    0.013175] ACPI: Reserving HPET table memory at [mem 0x3ffe2756-0x3ffe278d]
[    0.013693] ACPI: Reserving WAET table memory at [mem 0x3ffe278e-0x3ffe27b5]
[    0.014355] No NUMA configuration found
[    0.014641] Faking a node at [mem 0x0000000000000000-0x000000003ffdffff]
[    0.015133] NODE_DATA(0) allocated [mem 0x3ffdb000-0x3ffdffff]
[    0.015601] Zone ranges:
[    0.015788]   DMA      [mem 0x0000000000001000-0x0000000000ffffff]
[    0.016276]   DMA32    [mem 0x0000000001000000-0x000000003ffdffff]
[    0.016765]   Normal   empty
[    0.016977]   Device   empty
[    0.017188] Movable zone start for each node
[    0.017501] Early memory node ranges
[    0.017764]   node   0: [mem 0x0000000000001000-0x000000000009efff]
[    0.018243]   node   0: [mem 0x0000000000100000-0x000000003ffdffff]
[    0.018705] Initmem setup node 0 [mem 0x0000000000001000-0x000000003ffdffff]
[    0.019224] On node 0, zone DMA: 1 pages in unavailable ranges
[    0.019665] On node 0, zone DMA: 97 pages in unavailable ranges
[    0.021021] On node 0, zone DMA32: 32 pages in unavailable ranges
[    0.021662] ACPI: PM-Timer IO Port: 0x608
[    0.021960] ACPI: LAPIC_NMI (acpi_id[0xff] dfl dfl lint[0x1])
[    0.022452] IOAPIC[0]: apic_id 0, version 17, address 0xfec00000, GSI 0-23
[    0.023009] ACPI: INT_SRC_OVR (bus 0 bus_irq 0 global_irq 2 dfl dfl)
[    0.023477] ACPI: INT_SRC_OVR (bus 0 bus_irq 5 global_irq 5 high level)
[    0.023960] ACPI: INT_SRC_OVR (bus 0 bus_irq 9 global_irq 9 high level)
[    0.024444] ACPI: INT_SRC_OVR (bus 0 bus_irq 10 global_irq 10 high level)
[    0.024939] ACPI: INT_SRC_OVR (bus 0 bus_irq 11 global_irq 11 high level)
[    0.025447] ACPI: Using ACPI (MADT) for SMP configuration information
[    0.025918] ACPI: HPET id: 0x8086a201 base: 0xfed00000
[    0.026297] TSC deadline timer available
[    0.026584] smpboot: Allowing 32 CPUs, 0 hotplug CPUs
[    0.026968] kvm-guest: APIC: eoi() replaced with kvm_guest_apic_eoi_write()
[    0.027485] kvm-guest: KVM setup pv remote TLB flush
[    0.027851] kvm-guest: setup PV sched yield
[    0.028164] PM: hibernation: Registered nosave memory: [mem 0x00000000-0x00000fff]
[    0.028721] PM: hibernation: Registered nosave memory: [mem 0x0009f000-0x0009ffff]
[    0.029278] PM: hibernation: Registered nosave memory: [mem 0x000a0000-0x000effff]
[    0.029833] PM: hibernation: Registered nosave memory: [mem 0x000f0000-0x000fffff]
[    0.030391] [mem 0x40000000-0xfeffbfff] available for PCI devices
[    0.030838] Booting paravirtualized kernel on KVM
[    0.031182] clocksource: refined-jiffies: mask: 0xffffffff max_cycles: 0xffffffff, max_idle_ns: 1910969940391419 ns
[    0.034833] setup_percpu: NR_CPUS:64 nr_cpumask_bits:32 nr_cpu_ids:32 nr_node_ids:1
[    0.035998] percpu: Embedded 58 pages/cpu s199840 r8192 d29536 u262144
[    0.036513] Kernel command line: virtme_hostname=virtme-ng virtme_link_mods=/nipa-data/kernel/.virtme_mods/lib/modules/0.0.0 virtme_initmount0=nipa-data/kernel virtme_rw_overlay0=/etc virtme_rw_overlay1=/lib virtme_rw_overlay2=/home virtme_rw_overlay3=/opt virtme_rw_overlay4=/srv virtme_rw_overlay5=/usr virtme_rw_overlay6=/var earlyprintk=serial,ttyS0,115200 console=ttyS0 psmouse.proto=exps virtme_chdir=nipa-data/kernel virtme_root_user=1 rootfstype=9p rootflags=version=9p2000.L,trans=virtio,access=any raid=noautodetect ro init=/usr/lib/python3.11/site-packages/virtme/guest/virtme-init
[    0.040496] Unknown kernel command line parameters "virtme_hostname=virtme-ng virtme_link_mods=/nipa-data/kernel/.virtme_mods/lib/modules/0.0.0 virtme_initmount0=nipa-data/kernel virtme_rw_overlay0=/etc virtme_rw_overlay1=/lib virtme_rw_overlay2=/home virtme_rw_overlay3=/opt virtme_rw_overlay4=/srv virtme_rw_overlay5=/usr virtme_rw_overlay6=/var virtme_chdir=nipa-data/kernel virtme_root_user=1", will be passed to user space.
[    0.043626] random: crng init done
[    0.043909] Dentry cache hash table entries: 131072 (order: 8, 1048576 bytes, linear)
[    0.044514] Inode-cache hash table entries: 65536 (order: 7, 524288 bytes, linear)
[    0.045182] Fallback order for Node 0: 0 
[    0.045185] Built 1 zonelists, mobility grouping on.  Total pages: 257760
[    0.045995] Policy zone: DMA32
[    0.046232] mem auto-init: stack:all(zero), heap alloc:off, heap free:off
[    0.048245] Memory: 976364K/1048056K available (16384K kernel code, 2558K rwdata, 6072K rodata, 3156K init, 12004K bss, 71432K reserved, 0K cma-reserved)
[    0.049387] SLUB: HWalign=64, Order=0-3, MinObjects=0, CPUs=32, Nodes=1
Poking KASLR using RDRAND RDTSC...
[    0.050157] ftrace: allocating 46550 entries in 182 pages
[    0.057221] ftrace: allocated 182 pages with 5 groups
[    0.058391] Dynamic Preempt: voluntary
[    0.058854] Running RCU self tests
[    0.059130] Running RCU synchronous self tests
[    0.059474] rcu: Preemptible hierarchical RCU implementation.
[    0.059910] rcu: RCU event tracing is enabled.
[    0.060250] rcu: RCU lockdep checking is enabled.
[    0.060609] rcu: RCU restricting CPUs from NR_CPUS=64 to nr_cpu_ids=32.
[    0.061113] Trampoline variant of Tasks RCU enabled.
[    0.061492] Rude variant of Tasks RCU enabled.
[    0.061832] Tracing variant of Tasks RCU enabled.
[    0.062256] rcu: RCU calculated value of scheduler-enlistment delay is 100 jiffies.
[    0.062950] rcu: Adjusting geometry for rcu_fanout_leaf=16, nr_cpu_ids=32
[    0.063597] Running RCU synchronous self tests
[    0.065652] NR_IRQS: 4352, nr_irqs: 680, preallocated irqs: 16
[    0.066297] rcu: srcu_init: Setting srcu_struct sizes based on contention.
[    0.067026] Console: colour *CGA 80x25
[    0.067335] printk: legacy console [ttyS0] enabled
[    0.067335] printk: legacy console [ttyS0] enabled
[    0.068067] printk: legacy bootconsole [earlyser0] disabled
[    0.068067] printk: legacy bootconsole [earlyser0] disabled
[    0.068912] Lock dependency validator: Copyright (c) 2006 Red Hat, Inc., Ingo Molnar
[    0.069505] ... MAX_LOCKDEP_SUBCLASSES:  8
[    0.069817] ... MAX_LOCK_DEPTH:          48
[    0.070140] ... MAX_LOCKDEP_KEYS:        8192
[    0.070596] ... CLASSHASH_SIZE:          4096
[    0.071006] ... MAX_LOCKDEP_ENTRIES:     32768
[    0.071422] ... MAX_LOCKDEP_CHAINS:      65536
[    0.071835] ... CHAINHASH_SIZE:          32768
[    0.072250]  memory used by lock dependency info: 6429 kB
[    0.072755]  memory used for stack traces: 4224 kB
[    0.073201]  per task-struct memory footprint: 1920 bytes
[    0.073737] ACPI: Core revision 20230628
[    0.074243] clocksource: hpet: mask: 0xffffffff max_cycles: 0xffffffff, max_idle_ns: 19112604467 ns
[    0.075231] APIC: Switch to symmetric I/O mode setup
[    0.075717] APIC: Switched APIC routing to: physical flat
[    0.076269] kvm-guest: APIC: send_IPI_mask() replaced with kvm_send_ipi_mask()
[    0.076944] kvm-guest: APIC: send_IPI_mask_allbutself() replaced with kvm_send_ipi_mask_allbutself()
[    0.077776] kvm-guest: setup PV IPIs
[    0.079191] ..TIMER: vector=0x30 apic1=0 pin1=2 apic2=-1 pin2=-1
[    0.080276] tsc: Marking TSC unstable due to TSCs unsynchronized
[    0.081351] Calibrating delay loop (skipped) preset value.. 8983.07 BogoMIPS (lpj=4491536)
[    0.082416] x86/cpu: User Mode Instruction Prevention (UMIP) activated
[    0.083421] Last level iTLB entries: 4KB 512, 2MB 255, 4MB 127
[    0.084343] Last level dTLB entries: 4KB 512, 2MB 255, 4MB 127, 1GB 0
[    0.085348] Spectre V1 : Mitigation: usercopy/swapgs barriers and __user pointer sanitization
[    0.086347] Spectre V2 : Mitigation: Enhanced / Automatic IBRS
[    0.087342] Spectre V2 : Spectre v2 / SpectreRSB mitigation: Filling RSB on context switch
[    0.088345] Spectre V2 : mitigation: Enabling conditional Indirect Branch Prediction Barrier
[    0.089344] Speculative Store Bypass: Mitigation: Speculative Store Bypass disabled via prctl
[    0.090343] Speculative Return Stack Overflow: IBPB-extending microcode not applied!
[    0.091342] Speculative Return Stack Overflow: WARNING: See https://kernel.org/doc/html/latest/admin-guide/hw-vuln/srso.html for mitigation options.
[    0.091344] Speculative Return Stack Overflow: Vulnerable: Safe RET, no microcode
[    0.093373] x86/fpu: Supporting XSAVE feature 0x001: 'x87 floating point registers'
[    0.094342] x86/fpu: Supporting XSAVE feature 0x002: 'SSE registers'
[    0.095342] x86/fpu: Supporting XSAVE feature 0x004: 'AVX registers'
[    0.096342] x86/fpu: Supporting XSAVE feature 0x020: 'AVX-512 opmask'
[    0.097342] x86/fpu: Supporting XSAVE feature 0x040: 'AVX-512 Hi256'
[    0.098342] x86/fpu: Supporting XSAVE feature 0x080: 'AVX-512 ZMM_Hi256'
[    0.099342] x86/fpu: Supporting XSAVE feature 0x200: 'Protection Keys User registers'
[    0.100342] x86/fpu: xstate_offset[2]:  576, xstate_sizes[2]:  256
[    0.101342] x86/fpu: xstate_offset[5]:  832, xstate_sizes[5]:   64
[    0.102157] x86/fpu: xstate_offset[6]:  896, xstate_sizes[6]:  512
[    0.102342] x86/fpu: xstate_offset[7]: 1408, xstate_sizes[7]: 1024
[    0.103342] x86/fpu: xstate_offset[9]: 2432, xstate_sizes[9]:    8
[    0.104341] x86/fpu: Enabled xstate features 0x2e7, context size is 2440 bytes, using 'compacted' format.
[    0.123729] Freeing SMP alternatives memory: 36K
[    0.124343] pid_max: default: 32768 minimum: 301
[    0.125054] Mount-cache hash table entries: 2048 (order: 2, 16384 bytes, linear)
[    0.125344] Mountpoint-cache hash table entries: 2048 (order: 2, 16384 bytes, linear)
[    0.127786] Running RCU synchronous self tests
[    0.128344] Running RCU synchronous self tests
[    0.129115] smpboot: CPU0: AMD Ryzen 9 7950X 16-Core Processor (family: 0x19, model: 0x61, stepping: 0x2)
[    0.129720] RCU Tasks: Setting shift to 5 and lim to 1 rcu_task_cb_adjust=1.
[    0.130384] RCU Tasks Rude: Setting shift to 5 and lim to 1 rcu_task_cb_adjust=1.
[    0.131385] RCU Tasks Trace: Setting shift to 5 and lim to 1 rcu_task_cb_adjust=1.
[    0.132381] Running RCU Tasks wait API self tests
[    0.237418] Running RCU Tasks Rude wait API self tests
[    0.238210] Running RCU Tasks Trace wait API self tests
[    0.238393] Performance Events: Fam17h+ core perfctr, AMD PMU driver.
[    0.239297] ... version:                0
[    0.239345] ... bit width:              48
[    0.239886] ... generic registers:      6
[    0.240344] ... value mask:             0000ffffffffffff
[    0.241043] ... max period:             00007fffffffffff
[    0.241344] ... fixed-purpose events:   0
[    0.241874] ... event mask:             000000000000003f
[    0.242535] signal: max sigframe size: 3376
[    0.243182] rcu: Hierarchical SRCU implementation.
[    0.243345] rcu: Max phase no-delay instances is 400.
[    0.245779] Callback from call_rcu_tasks_trace() invoked.
[    0.248177] smp: Bringing up secondary CPUs ...
[    0.248647] smpboot: x86: Booting SMP configuration:
[    0.249312] .... node  #0, CPUs:        #1  #2  #3  #4  #5  #6  #7  #8  #9 #10 #11 #12 #13 #14 #15 #16 #17 #18 #19 #20 #21 #22 #23 #24 #25 #26 #27 #28 #29 #30 #31
[    0.272515] smp: Brought up 1 node, 32 CPUs
[    0.274034] smpboot: Max logical packages: 1
[    0.274349] smpboot: Total of 32 processors activated (287458.30 BogoMIPS)
[    0.279563] devtmpfs: initialized
[    0.280439] x86/mm: Memory block size: 128MB
[    0.283001] Running RCU synchronous self tests
[    0.283361] Running RCU synchronous self tests
[    0.284054] clocksource: jiffies: mask: 0xffffffff max_cycles: 0xffffffff, max_idle_ns: 1911260446275000 ns
[    0.284351] futex hash table entries: 8192 (order: 8, 1048576 bytes, linear)
[    0.285791] PM: RTC time: 12:06:44, date: 2024-02-01
[    0.286986] NET: Registered PF_NETLINK/PF_ROUTE protocol family
[    0.288122] thermal_sys: Registered thermal governor 'step_wise'
[    0.288124] thermal_sys: Registered thermal governor 'user_space'
[    0.288412] cpuidle: using governor menu
[    0.291620] PCI: Using configuration type 1 for base access
[    0.292346] PCI: Using configuration type 1 for extended access
[    0.293503] kprobes: kprobe jump-optimization is enabled. All kprobes are optimized if possible.
[    0.310713] HugeTLB: registered 1.00 GiB page size, pre-allocated 0 pages
[    0.311344] HugeTLB: 16380 KiB vmemmap can be freed for a 1.00 GiB page
[    0.312207] HugeTLB: registered 2.00 MiB page size, pre-allocated 0 pages
[    0.312344] HugeTLB: 28 KiB vmemmap can be freed for a 2.00 MiB page
[    0.313765] ACPI: Added _OSI(Module Device)
[    0.314326] ACPI: Added _OSI(Processor Device)
[    0.314345] ACPI: Added _OSI(3.0 _SCP Extensions)
[    0.314964] ACPI: Added _OSI(Processor Aggregator Device)
[    0.319113] ACPI: 1 ACPI AML tables successfully acquired and loaded
[    0.320894] ACPI: _OSC evaluation for CPUs failed, trying _PDC
[    0.321859] ACPI: Interpreter enabled
[    0.322386] ACPI: PM: (supports S0 S3 S4 S5)
[    0.322948] ACPI: Using IOAPIC for interrupt routing
[    0.323365] PCI: Using host bridge windows from ACPI; if necessary, use "pci=nocrs" and report a bug
[    0.324344] PCI: Using E820 reservations for host bridge windows
[    0.325432] ACPI: Enabled 2 GPEs in block 00 to 0F
[    0.335440] ACPI: PCI Root Bridge [PCI0] (domain 0000 [bus 00-ff])
[    0.336277] acpi PNP0A03:00: _OSC: OS supports [ExtendedConfig ASPM ClockPM Segments MSI HPX-Type3]
[    0.336849] PCI host bridge to bus 0000:00
[    0.337345] pci_bus 0000:00: root bus resource [io  0x0000-0x0cf7 window]
[    0.338230] pci_bus 0000:00: root bus resource [io  0x0d00-0xffff window]
[    0.338345] pci_bus 0000:00: root bus resource [mem 0x000a0000-0x000bffff window]
[    0.339314] pci_bus 0000:00: root bus resource [mem 0x40000000-0xfebfffff window]
[    0.339345] pci_bus 0000:00: root bus resource [mem 0x100000000-0x17fffffff window]
[    0.340328] pci_bus 0000:00: root bus resource [bus 00-ff]
[    0.340491] pci 0000:00:00.0: [8086:1237] type 00 class 0x060000 conventional PCI endpoint
[    0.342321] pci 0000:00:01.0: [8086:7000] type 00 class 0x060100 conventional PCI endpoint
[    0.344907] pci 0000:00:01.1: [8086:7010] type 00 class 0x010180 conventional PCI endpoint
[    0.349698] pci 0000:00:01.1: BAR 4 [io  0xc080-0xc08f]
[    0.351698] pci 0000:00:01.1: BAR 0 [io  0x01f0-0x01f7]: legacy IDE quirk
[    0.352385] pci 0000:00:01.1: BAR 1 [io  0x03f6]: legacy IDE quirk
[    0.353345] pci 0000:00:01.1: BAR 2 [io  0x0170-0x0177]: legacy IDE quirk
[    0.355346] pci 0000:00:01.1: BAR 3 [io  0x0376]: legacy IDE quirk
[    0.357366] Callback from call_rcu_tasks_rude() invoked.
[    0.356741] pci 0000:00:01.3: [8086:7113] type 00 class 0x068000 conventional PCI endpoint
[    0.359669] pci 0000:00:01.3: quirk: [io  0x0600-0x063f] claimed by PIIX4 ACPI
[    0.360351] pci 0000:00:01.3: quirk: [io  0x0700-0x070f] claimed by PIIX4 SMB
[    0.361679] pci 0000:00:02.0: [1af4:1009] type 00 class 0x000200 conventional PCI endpoint
[    0.365346] pci 0000:00:02.0: BAR 0 [io  0xc000-0xc03f]
[    0.368296] pci 0000:00:02.0: BAR 1 [mem 0xfebfd000-0xfebfdfff]
[    0.374346] pci 0000:00:02.0: BAR 4 [mem 0xfebf4000-0xfebf7fff 64bit pref]
[    0.380622] pci 0000:00:03.0: [1af4:1009] type 00 class 0x000200 conventional PCI endpoint
[    0.383310] pci 0000:00:03.0: BAR 0 [io  0xc040-0xc07f]
[    0.386345] pci 0000:00:03.0: BAR 1 [mem 0xfebfe000-0xfebfefff]
[    0.393318] pci 0000:00:03.0: BAR 4 [mem 0xfebf8000-0xfebfbfff 64bit pref]
[    0.397830] pci 0000:00:04.0: [8086:25ab] type 00 class 0x088000 conventional PCI endpoint
[    0.400929] pci 0000:00:04.0: BAR 0 [mem 0xfebff000-0xfebff00f]
[    0.407215] ACPI: PCI: Interrupt link LNKA configured for IRQ 10
[    0.408516] ACPI: PCI: Interrupt link LNKB configured for IRQ 10
[    0.409557] ACPI: PCI: Interrupt link LNKC configured for IRQ 11
[    0.411507] ACPI: PCI: Interrupt link LNKD configured for IRQ 11
[    0.412375] ACPI: PCI: Interrupt link LNKS configured for IRQ 9
[    0.415658] iommu: Default domain type: Translated
[    0.416321] iommu: DMA domain TLB invalidation policy: lazy mode
[    0.417652] SCSI subsystem initialized
[    0.418393] pps_core: LinuxPPS API ver. 1 registered
[    0.419051] pps_core: Software ver. 5.3.6 - Copyright 2005-2007 Rodolfo Giometti <giometti@linux.it>
[    0.420350] PTP clock support registered
[    0.420913] Advanced Linux Sound Architecture Driver Initialized.
[    0.421973] NET: Registered PF_ATMPVC protocol family
[    0.423345] NET: Registered PF_ATMSVC protocol family
[    0.424025] PCI: Using ACPI for IRQ routing
[    0.424511] vgaarb: loaded
[    0.425538] hpet0: at MMIO 0xfed00000, IRQs 2, 8, 0
[    0.425543] hpet0: 3 comparators, 64-bit 100.000000 MHz counter
[    0.431759] clocksource: Switched to clocksource kvm-clock
[    0.433156] VFS: Disk quotas dquot_6.6.0
[    0.433729] VFS: Dquot-cache hash table entries: 512 (order 0, 4096 bytes)
[    0.434785] pnp: PnP ACPI init
[    0.435772] pnp: PnP ACPI: found 5 devices
[    0.445815] clocksource: acpi_pm: mask: 0xffffff max_cycles: 0xffffff, max_idle_ns: 2085701024 ns
[    0.447057] Callback from call_rcu_tasks() invoked.
[    0.447059] NET: Registered PF_INET protocol family
[    0.447796] IP idents hash table entries: 16384 (order: 5, 131072 bytes, linear)
[    0.449728] tcp_listen_portaddr_hash hash table entries: 512 (order: 3, 36864 bytes, linear)
[    0.451042] Table-perturb hash table entries: 65536 (order: 6, 262144 bytes, linear)
[    0.452424] TCP established hash table entries: 8192 (order: 4, 65536 bytes, linear)
[    0.453573] TCP bind hash table entries: 8192 (order: 8, 1179648 bytes, linear)
[    0.454974] TCP: Hash tables configured (established 8192 bind 8192)
[    0.455952] UDP hash table entries: 512 (order: 4, 81920 bytes, linear)
[    0.456894] UDP-Lite hash table entries: 512 (order: 4, 81920 bytes, linear)
[    0.457992] NET: Registered PF_UNIX/PF_LOCAL protocol family
[    0.458785] pci_bus 0000:00: resource 4 [io  0x0000-0x0cf7 window]
[    0.459630] pci_bus 0000:00: resource 5 [io  0x0d00-0xffff window]
[    0.460459] pci_bus 0000:00: resource 6 [mem 0x000a0000-0x000bffff window]
[    0.461378] pci_bus 0000:00: resource 7 [mem 0x40000000-0xfebfffff window]
[    0.462293] pci_bus 0000:00: resource 8 [mem 0x100000000-0x17fffffff window]
[    0.463334] pci 0000:00:01.0: PIIX3: Enabling Passive Release
[    0.464115] pci 0000:00:00.0: Limiting direct PCI/PCI transfers
[    0.464954] PCI: CLS 0 bytes, default 64
[    0.465548] kvm_intel: VMX not supported by CPU 5
[    0.466570] kvm_amd: TSC scaling supported
[    0.467130] kvm_amd: Nested Virtualization enabled
[    0.467798] kvm_amd: Nested Paging enabled
[    0.468376] kvm_amd: Virtual VMLOAD VMSAVE supported
[    0.469158] kvm_amd: Virtual GIF supported
[    0.469714] kvm_amd: Virtual NMI enabled
[    0.470238] kvm_amd: LBR virtualization supported
[    0.577803] workingset: timestamp_bits=56 max_order=18 bucket_order=0
[    0.579057] squashfs: version 4.0 (2009/01/31) Phillip Lougher
[    0.580069] fuse: init (API version 7.39)
[    0.580871] 9p: Installing v9fs 9p2000 file system support
[    0.581936] Key type asymmetric registered
[    0.582670] Block layer SCSI generic (bsg) driver version 0.4 loaded (major 249)
[    0.583992] io scheduler mq-deadline registered
[    0.584772] io scheduler kyber registered
[    0.587005] input: Power Button as /devices/LNXSYSTM:00/LNXPWRBN:00/input/input0
[    0.588565] ACPI: button: Power Button [PWRF]
[    0.589423] Warning: Processor Platform Limit event detected, but not handled.
[    0.590637] Consider compiling CPUfreq support into your kernel.
[    0.683995] ACPI: \_SB_.LNKB: Enabled at IRQ 10
[    0.762327] ACPI: \_SB_.LNKC: Enabled at IRQ 11
[    0.763797] Serial: 8250/16550 driver, 4 ports, IRQ sharing enabled
[    0.765224] 00:03: ttyS0 at I/O 0x3f8 (irq = 4, base_baud = 115200) is a 16550A
[    0.767631] Non-volatile memory driver v1.3
[    0.768318] Linux agpgart interface v0.103
[    0.769039] ACPI: bus type drm_connector registered
[    0.781677] loop: module loaded
[    0.783370] scsi host0: ata_piix
[    0.784097] scsi host1: ata_piix
[    0.784592] ata1: PATA max MWDMA2 cmd 0x1f0 ctl 0x3f6 bmdma 0xc080 irq 14 lpm-pol 0
[    0.785570] ata2: PATA max MWDMA2 cmd 0x170 ctl 0x376 bmdma 0xc088 irq 15 lpm-pol 0
[    0.787265] i8042: PNP: PS/2 Controller [PNP0303:KBD,PNP0f13:MOU] at 0x60,0x64 irq 1,12
[    0.788935] serio: i8042 KBD port at 0x60,0x64 irq 1
[    0.789601] serio: i8042 AUX port at 0x60,0x64 irq 12
[    0.791015] input: AT Translated Set 2 keyboard as /devices/platform/i8042/serio0/input/input1
[    0.791653] rtc_cmos 00:04: RTC can wake from S4
[    0.793892] rtc_cmos 00:04: registered as rtc0
[    0.795310] rtc_cmos 00:04: setting system clock to 2024-02-01T12:06:44 UTC (1706789204)
[    0.796148] input: ImExPS/2 Generic Explorer Mouse as /devices/platform/i8042/serio1/input/input3
[    0.797219] rtc_cmos 00:04: alarms up to one day, y3k, 242 bytes nvram, hpet irqs
[    0.800355] i6300ESB timer 0000:00:04.0: initialized. heartbeat=30 sec (nowayout=0)
[    0.801877] device-mapper: ioctl: 4.48.0-ioctl (2023-03-01) initialised: dm-devel@redhat.com
[    0.804328] NET: Registered PF_PACKET protocol family
[    0.805229] 9pnet: Installing 9P2000 support
[    0.807355] Key type dns_resolver registered
[    0.811488] IPI shorthand broadcast: enabled
[    0.822550] sched_clock: Marking stable (812003150, 10518023)->(848307613, -25786440)
[    0.824298] registered taskstats version 1
[    0.831186] PM:   Magic number: 12:385:126
[    0.831964] acpi device:01: hash matches
[    0.832730] printk: legacy console [netcon0] enabled
[    0.833608] netconsole: network logging started
[    0.834816] ALSA device list:
[    0.835345]   No soundcards found.
[    0.940673] ata2: found unknown device (class 0)
[    0.941778] ata2.00: ATAPI: QEMU DVD-ROM, 2.5+, max UDMA/100
[    0.943606] scsi 1:0:0:0: CD-ROM            QEMU     QEMU DVD-ROM     2.5+ PQ: 0 ANSI: 5
[    0.952346] scsi 1:0:0:0: Attached scsi generic sg0 type 5
[    0.953247] md: Skipping autodetection of RAID arrays. (raid=autodetect will force)
[    0.954553] 9pnet_virtio: no channels available for device 
[    0.956148] VFS: Mounted root (9p filesystem) readonly on device 0:19.
[    0.957417] devtmpfs: mounted
[    0.959926] Freeing unused kernel image (initmem) memory: 3156K
[    0.966570] Write protecting the kernel read-only data: 22528k
[    0.967996] Freeing unused kernel image (rodata/data gap) memory: 72K
[    1.005582] x86/mm: Checked W+X mappings: passed, no W+X pages found.
[    1.006580] Run /usr/lib/python3.11/site-packages/virtme/guest/virtme-init as init process
[    1.035693] mount (268) used greatest stack depth: 12984 bytes left
[    1.113845] mount (286) used greatest stack depth: 12584 bytes left
[    1.165600] virtme-init (316) used greatest stack depth: 12568 bytes left
[    1.169071] virtme-init (313) used greatest stack depth: 12424 bytes left
[    1.205131] virtme-init: basic initialization done
[    1.211303] virtme-init: udevd not found
[    1.270805] virtme-init: Setting hostname to virtme-ng...
[    1.284648] ip (359) used greatest stack depth: 12024 bytes left
          _      _                                    
   __   _(_)_ __| |_ _ __ ___   ___       _ __   __ _ 
   \ \ / / |  __| __|  _   _ \ / _ \_____|  _ \ / _  |
    \ V /| | |  | |_| | | | | |  __/_____| | | | (_| |
     \_/ |_|_|   \__|_| |_| |_|\___|     |_| |_|\__  |
                                                |___/ 
   kernel version: 6.8.0-rc1-virtme x86_64

virtme-ng:/nipa-data/kernel# PS1='xx__-> '
xx__-> 