No EFI environment detected.
early console in extract_kernel
input_data: 0x0000000004ab42c4
input_len: 0x00000000018ea491
output: 0x0000000001000000
output_len: 0x000000000532ab2c
kernel_total_size: 0x0000000005030000
needed_size: 0x0000000005400000
trampoline_32bit: 0x0000000000000000
Physical KASLR using RDRAND RDTSC...
Virtual KASLR using RDRAND RDTSC...

Decompressing Linux... Parsing ELF... Performing relocations... done.
Booting the kernel (entry_offset: 0x0000000000000000).
[    0.000000] Linux version 6.12.0-virtme (root@f2b7702f1631) (gcc (Ubuntu 13.2.0-23ubuntu4) 13.2.0, GNU ld (GNU Binutils for Ubuntu) 2.42) #1 SMP PREEMPT_DYNAMIC Wed Nov 27 03:26:47 UTC 2024
[    0.000000] Command line: virtme_hostname=virtme-ng nr_open=1048576 virtme_link_mods=/nipa-data/kernel/.virtme_mods/lib/modules/0.0.0 virtme_initmount0=nipa-data/kernel virtme_rw_overlay0=/etc virtme_rw_overlay1=/lib virtme_rw_overlay2=/home virtme_rw_overlay3=/opt virtme_rw_overlay4=/srv virtme_rw_overlay5=/usr virtme_rw_overlay6=/var console=hvc0 earlyprintk=serial,ttyS0,115200 virtme_console=ttyS0 psmouse.proto=exps TERM=xterm virtme_chdir=nipa-data/kernel virtme_root_user=1 rootfstype=9p rootflags=version=9p2000.L,trans=virtio,access=any raid=noautodetect ro init=/usr/lib/python3/dist-packages/virtme/guest/virtme-init
[    0.000000] BIOS-provided physical RAM map:
[    0.000000] BIOS-e820: [mem 0x0000000000000000-0x000000000009fbff] usable
[    0.000000] BIOS-e820: [mem 0x000000000009fc00-0x000000000009ffff] reserved
[    0.000000] BIOS-e820: [mem 0x00000000000f0000-0x00000000000fffff] reserved
[    0.000000] BIOS-e820: [mem 0x0000000000100000-0x000000003ffdffff] usable
[    0.000000] BIOS-e820: [mem 0x000000003ffe0000-0x000000003fffffff] reserved
[    0.000000] BIOS-e820: [mem 0x00000000feffc000-0x00000000feffffff] reserved
[    0.000000] BIOS-e820: [mem 0x00000000fffc0000-0x00000000ffffffff] reserved
[    0.000000] BIOS-e820: [mem 0x000000fd00000000-0x000000ffffffffff] reserved
[    0.000000] printk: legacy bootconsole [earlyser0] enabled
[    0.000000] NX (Execute Disable) protection: active
[    0.000000] APIC: Static calls initialized
[    0.000000] SMBIOS 3.0.0 present.
[    0.000000] DMI: QEMU Ubuntu 24.04 PC (i440FX + PIIX, 1996), BIOS 1.16.3-debian-1.16.3-2 04/01/2014
[    0.000000] DMI: Memory slots populated: 1/1
[    0.000000] Hypervisor detected: KVM
[    0.000000] kvm-clock: Using msrs 4b564d01 and 4b564d00
[    0.000000] kvm-clock: using sched offset of 279787671 cycles
[    0.000371] clocksource: kvm-clock: mask: 0xffffffffffffffff max_cycles: 0x1cd42e4dffb, max_idle_ns: 881590591483 ns
[    0.001524] tsc: Detected 4491.556 MHz processor
[    0.002188] last_pfn = 0x3ffe0 max_arch_pfn = 0x400000000
[    0.002594] MTRR map: 4 entries (3 fixed + 1 variable; max 19), built from 8 variable MTRRs
[    0.003186] x86/PAT: Configuration [0-7]: WB  WC  UC- UC  WB  WP  UC- WT  
[    0.005135] found SMP MP-table at [mem 0x000f5470-0x000f547f]
[    0.005551] Using GB pages for direct mapping
[    0.006055] ACPI: Early table checksum verification disabled
[    0.006455] ACPI: RSDP 0x00000000000F5290 000014 (v00 BOCHS )
[    0.006862] ACPI: RSDT 0x000000003FFE27BC 000034 (v01 BOCHS  BXPC     00000001 BXPC 00000001)
[    0.007471] ACPI: FACP 0x000000003FFE2578 000074 (v01 BOCHS  BXPC     00000001 BXPC 00000001)
[    0.008077] ACPI: DSDT 0x000000003FFE0040 002538 (v01 BOCHS  BXPC     00000001 BXPC 00000001)
[    0.008682] ACPI: FACS 0x000000003FFE0000 000040
[    0.009010] ACPI: APIC 0x000000003FFE25EC 000170 (v03 BOCHS  BXPC     00000001 BXPC 00000001)
[    0.009618] ACPI: HPET 0x000000003FFE275C 000038 (v01 BOCHS  BXPC     00000001 BXPC 00000001)
[    0.010231] ACPI: WAET 0x000000003FFE2794 000028 (v01 BOCHS  BXPC     00000001 BXPC 00000001)
[    0.010831] ACPI: Reserving FACP table memory at [mem 0x3ffe2578-0x3ffe25eb]
[    0.011328] ACPI: Reserving DSDT table memory at [mem 0x3ffe0040-0x3ffe2577]
[    0.011824] ACPI: Reserving FACS table memory at [mem 0x3ffe0000-0x3ffe003f]
[    0.012319] ACPI: Reserving APIC table memory at [mem 0x3ffe25ec-0x3ffe275b]
[    0.012815] ACPI: Reserving HPET table memory at [mem 0x3ffe275c-0x3ffe2793]
[    0.013311] ACPI: Reserving WAET table memory at [mem 0x3ffe2794-0x3ffe27bb]
[    0.013999] No NUMA configuration found
[    0.014270] Faking a node at [mem 0x0000000000000000-0x000000003ffdffff]
[    0.014744] NODE_DATA(0) allocated [mem 0x3ffdb780-0x3ffdffff]
[    0.015172] Zone ranges:
[    0.015350]   DMA      [mem 0x0000000000001000-0x0000000000ffffff]
[    0.015788]   DMA32    [mem 0x0000000001000000-0x000000003ffdffff]
[    0.016224]   Normal   empty
[    0.016428]   Device   empty
[    0.016632] Movable zone start for each node
[    0.016933] Early memory node ranges
[    0.017187]   node   0: [mem 0x0000000000001000-0x000000000009efff]
[    0.017630]   node   0: [mem 0x0000000000100000-0x000000003ffdffff]
[    0.018074] Initmem setup node 0 [mem 0x0000000000001000-0x000000003ffdffff]
[    0.018574] On node 0, zone DMA: 1 pages in unavailable ranges
[    0.019039] On node 0, zone DMA: 97 pages in unavailable ranges
[    0.023663] On node 0, zone DMA32: 32 pages in unavailable ranges
[    0.033212] kasan: KernelAddressSanitizer initialized
[    0.033766] ACPI: PM-Timer IO Port: 0x608
[    0.034035] ACPI: LAPIC_NMI (acpi_id[0xff] dfl dfl lint[0x1])
[    0.034425] IOAPIC[0]: apic_id 0, version 17, address 0xfec00000, GSI 0-23
[    0.034868] ACPI: INT_SRC_OVR (bus 0 bus_irq 0 global_irq 2 dfl dfl)
[    0.035276] ACPI: INT_SRC_OVR (bus 0 bus_irq 5 global_irq 5 high level)
[    0.035700] ACPI: INT_SRC_OVR (bus 0 bus_irq 9 global_irq 9 high level)
[    0.036124] ACPI: INT_SRC_OVR (bus 0 bus_irq 10 global_irq 10 high level)
[    0.036564] ACPI: INT_SRC_OVR (bus 0 bus_irq 11 global_irq 11 high level)
[    0.037003] ACPI: Using ACPI (MADT) for SMP configuration information
[    0.037418] ACPI: HPET id: 0x8086a201 base: 0xfed00000
[    0.037751] TSC deadline timer available
[    0.038010] CPU topo: Max. logical packages:   1
[    0.038308] CPU topo: Max. logical dies:       1
[    0.038606] CPU topo: Max. dies per package:   1
[    0.038906] CPU topo: Max. threads per core:   1
[    0.039204] CPU topo: Num. cores per package:    32
[    0.039518] CPU topo: Num. threads per package:  32
[    0.039832] CPU topo: Allowing 32 present CPUs plus 0 hotplug CPUs
[    0.040245] kvm-guest: APIC: eoi() replaced with kvm_guest_apic_eoi_write()
[    0.040706] kvm-guest: KVM setup pv remote TLB flush
[    0.041028] kvm-guest: setup PV sched yield
[    0.041304] PM: hibernation: Registered nosave memory: [mem 0x00000000-0x00000fff]
[    0.041795] PM: hibernation: Registered nosave memory: [mem 0x0009f000-0x0009ffff]
[    0.042300] PM: hibernation: Registered nosave memory: [mem 0x000a0000-0x000effff]
[    0.042804] PM: hibernation: Registered nosave memory: [mem 0x000f0000-0x000fffff]
[    0.043307] [mem 0x40000000-0xfeffbfff] available for PCI devices
[    0.043707] Booting paravirtualized kernel on KVM
[    0.044011] clocksource: refined-jiffies: mask: 0xffffffff max_cycles: 0xffffffff, max_idle_ns: 1910969940391419 ns
[    0.052367] setup_percpu: NR_CPUS:64 nr_cpumask_bits:32 nr_cpu_ids:32 nr_node_ids:1
[    0.054082] percpu: Embedded 70 pages/cpu s248280 r8192 d30248 u524288
[    0.054574] Kernel command line: virtme_hostname=virtme-ng nr_open=1048576 virtme_link_mods=/nipa-data/kernel/.virtme_mods/lib/modules/0.0.0 virtme_initmount0=nipa-data/kernel virtme_rw_overlay0=/etc virtme_rw_overlay1=/lib virtme_rw_overlay2=/home virtme_rw_overlay3=/opt virtme_rw_overlay4=/srv virtme_rw_overlay5=/usr virtme_rw_overlay6=/var console=hvc0 earlyprintk=serial,ttyS0,115200 virtme_console=ttyS0 psmouse.proto=exps TERM=xterm virtme_chdir=nipa-data/kernel virtme_root_user=1 rootfstype=9p rootflags=version=9p2000.L,trans=virtio,access=any raid=noautodetect ro init=/usr/lib/python3/dist-packages/virtme/guest/virtme-init
[    0.058446] Unknown kernel command line parameters "virtme_hostname=virtme-ng nr_open=1048576 virtme_link_mods=/nipa-data/kernel/.virtme_mods/lib/modules/0.0.0 virtme_initmount0=nipa-data/kernel virtme_rw_overlay0=/etc virtme_rw_overlay1=/lib virtme_rw_overlay2=/home virtme_rw_overlay3=/opt virtme_rw_overlay4=/srv virtme_rw_overlay5=/usr virtme_rw_overlay6=/var virtme_console=ttyS0 virtme_chdir=nipa-data/kernel virtme_root_user=1", will be passed to user space.
[    0.061370] random: crng init done
[    0.061598] printk: log buffer data + meta data: 262144 + 917504 = 1179648 bytes
[    0.062122] Dentry cache hash table entries: 131072 (order: 8, 1048576 bytes, linear)
[    0.062660] Inode-cache hash table entries: 65536 (order: 7, 524288 bytes, linear)
[    0.063576] Fallback order for Node 0: 0 
[    0.063580] Built 1 zonelists, mobility grouping on.  Total pages: 262014
[    0.064308] Policy zone: DMA32
[    0.064513] mem auto-init: stack:all(zero), heap alloc:off, heap free:off
[    0.064968] stackdepot: allocating hash table via alloc_large_system_hash
[    0.065423] stackdepot hash table entries: 1048576 (order: 12, 16777216 bytes, linear)
[    0.075958] SLUB: HWalign=64, Order=0-3, MinObjects=0, CPUs=32, Nodes=1
Poking KASLR using RDRAND RDTSC...
[    0.076685] ftrace: allocating 48757 entries in 191 pages
[    0.084968] ftrace: allocated 191 pages with 7 groups
[    0.086123] Dynamic Preempt: voluntary
[    0.086801] rcu: Preemptible hierarchical RCU implementation.
[    0.087185] rcu: RCU event tracing is enabled.
[    0.087486] rcu: RCU restricting CPUs from NR_CPUS=64 to nr_cpu_ids=32.
[    0.087933] Trampoline variant of Tasks RCU enabled.
[    0.088270] Rude variant of Tasks RCU enabled.
[    0.088572] Tracing variant of Tasks RCU enabled.
[    0.088891] rcu: RCU calculated value of scheduler-enlistment delay is 100 jiffies.
[    0.089403] rcu: Adjusting geometry for rcu_fanout_leaf=16, nr_cpu_ids=32
[    0.089932] RCU Tasks: Setting shift to 5 and lim to 1 rcu_task_cb_adjust=1 rcu_task_cpu_ids=32.
[    0.090520] RCU Tasks Rude: Setting shift to 5 and lim to 1 rcu_task_cb_adjust=1 rcu_task_cpu_ids=32.
[    0.091137] RCU Tasks Trace: Setting shift to 5 and lim to 1 rcu_task_cb_adjust=1 rcu_task_cpu_ids=32.
[    0.099637] NR_IRQS: 4352, nr_irqs: 680, preallocated irqs: 16
[    0.100273] rcu: srcu_init: Setting srcu_struct sizes based on contention.
[    0.100940] Console: colour *CGA 80x25
[    0.101222] ACPI: Core revision 20240827
[    0.101631] clocksource: hpet: mask: 0xffffffff max_cycles: 0xffffffff, max_idle_ns: 19112604467 ns
[    0.102318] APIC: Switch to symmetric I/O mode setup
[    0.102678] kvm-guest: APIC: send_IPI_mask() replaced with kvm_send_ipi_mask()
[    0.103166] kvm-guest: APIC: send_IPI_mask_allbutself() replaced with kvm_send_ipi_mask_allbutself()
[    0.103764] kvm-guest: setup PV IPIs
[    0.104819] ..TIMER: vector=0x30 apic1=0 pin1=2 apic2=-1 pin2=-1
[    0.105560] clocksource: tsc-early: mask: 0xffffffffffffffff max_cycles: 0x40be400eb43, max_idle_ns: 440795366972 ns
[    0.106839] Calibrating delay loop (skipped) preset value.. 8983.11 BogoMIPS (lpj=4491556)
[    0.107902] x86/cpu: User Mode Instruction Prevention (UMIP) activated
[    0.108894] Last level iTLB entries: 4KB 512, 2MB 255, 4MB 127
[    0.109838] Last level dTLB entries: 4KB 512, 2MB 255, 4MB 127, 1GB 0
[    0.110609] Spectre V1 : Mitigation: usercopy/swapgs barriers and __user pointer sanitization
[    0.110842] Spectre V2 : Mitigation: Enhanced / Automatic IBRS
[    0.111839] Spectre V2 : Spectre v2 / SpectreRSB mitigation: Filling RSB on context switch
[    0.112840] Spectre V2 : mitigation: Enabling conditional Indirect Branch Prediction Barrier
[    0.113840] Speculative Store Bypass: Mitigation: Speculative Store Bypass disabled via prctl
[    0.114838] Speculative Return Stack Overflow: IBPB-extending microcode not applied!
[    0.115838] Speculative Return Stack Overflow: WARNING: See https://kernel.org/doc/html/latest/admin-guide/hw-vuln/srso.html for mitigation options.
[    0.115839] Speculative Return Stack Overflow: Vulnerable: Safe RET, no microcode
[    0.117853] x86/fpu: Supporting XSAVE feature 0x001: 'x87 floating point registers'
[    0.118838] x86/fpu: Supporting XSAVE feature 0x002: 'SSE registers'
[    0.119576] x86/fpu: Supporting XSAVE feature 0x004: 'AVX registers'
[    0.119838] x86/fpu: Supporting XSAVE feature 0x020: 'AVX-512 opmask'
[    0.120838] x86/fpu: Supporting XSAVE feature 0x040: 'AVX-512 Hi256'
[    0.121838] x86/fpu: Supporting XSAVE feature 0x080: 'AVX-512 ZMM_Hi256'
[    0.122610] x86/fpu: Supporting XSAVE feature 0x200: 'Protection Keys User registers'
[    0.122838] x86/fpu: xstate_offset[2]:  576, xstate_sizes[2]:  256
[    0.123838] x86/fpu: xstate_offset[5]:  832, xstate_sizes[5]:   64
[    0.124838] x86/fpu: xstate_offset[6]:  896, xstate_sizes[6]:  512
[    0.125553] x86/fpu: xstate_offset[7]: 1408, xstate_sizes[7]: 1024
[    0.125838] x86/fpu: xstate_offset[9]: 2432, xstate_sizes[9]:    8
[    0.126838] x86/fpu: Enabled xstate features 0x2e7, context size is 2440 bytes, using 'compacted' format.
[    0.147699] Freeing SMP alternatives memory: 40K
[    0.147840] pid_max: default: 32768 minimum: 301
[    0.148913] Mount-cache hash table entries: 2048 (order: 2, 16384 bytes, linear)
[    0.149776] Mountpoint-cache hash table entries: 2048 (order: 2, 16384 bytes, linear)
[    0.151292] smpboot: CPU0: AMD Ryzen 9 7950X 16-Core Processor (family: 0x19, model: 0x61, stepping: 0x2)
[    0.152281] Performance Events: Fam17h+ core perfctr, AMD PMU driver.
[    0.152842] ... version:                0
[    0.153307] ... bit width:              48
[    0.153780] ... generic registers:      6
[    0.153840] ... value mask:             0000ffffffffffff
[    0.154454] ... max period:             00007fffffffffff
[    0.154840] ... fixed-purpose events:   0
[    0.155303] ... event mask:             000000000000003f
[    0.155945] signal: max sigframe size: 3376
[    0.156471] rcu: Hierarchical SRCU implementation.
[    0.156840] rcu: Max phase no-delay instances is 400.
[    0.157506] Timer migration: 2 hierarchy levels; 8 children per group; 2 crossnode level
[    0.161409] smp: Bringing up secondary CPUs ...
[    0.162013] smpboot: x86: Booting SMP configuration:
[    0.162588] .... node  #0, CPUs:        #1  #2  #3  #4  #5  #6  #7  #8  #9 #10 #11 #12 #13 #14 #15 #16 #17 #18 #19 #20 #21 #22 #23 #24 #25 #26 #27 #28 #29 #30 #31
[    0.184935] smp: Brought up 1 node, 32 CPUs
[    0.186340] smpboot: Total of 32 processors activated (287459.58 BogoMIPS)
[    0.189964] Memory: 763400K/1048056K available (45056K kernel code, 11432K rwdata, 10044K rodata, 6032K init, 1700K bss, 269016K reserved, 0K cma-reserved)
[    0.190960] devtmpfs: initialized
[    0.191392] x86/mm: Memory block size: 128MB
[    0.197536] clocksource: jiffies: mask: 0xffffffff max_cycles: 0xffffffff, max_idle_ns: 1911260446275000 ns
[    0.197845] futex hash table entries: 8192 (order: 7, 524288 bytes, linear)
[    0.198996] PM: RTC time: 03:27:15, date: 2024-11-27
[    0.200251] NET: Registered PF_NETLINK/PF_ROUTE protocol family
[    0.201664] thermal_sys: Registered thermal governor 'step_wise'
[    0.201667] thermal_sys: Registered thermal governor 'user_space'
[    0.201866] cpuidle: using governor menu
[    0.204075] PCI: Using configuration type 1 for base access
[    0.204745] PCI: Using configuration type 1 for extended access
[    0.204964] kprobes: kprobe jump-optimization is enabled. All kprobes are optimized if possible.
[    0.220017] HugeTLB: registered 1.00 GiB page size, pre-allocated 0 pages
[    0.220840] HugeTLB: 16380 KiB vmemmap can be freed for a 1.00 GiB page
[    0.221641] HugeTLB: registered 2.00 MiB page size, pre-allocated 0 pages
[    0.222840] HugeTLB: 28 KiB vmemmap can be freed for a 2.00 MiB page
[    0.224148] ACPI: Added _OSI(Module Device)
[    0.224660] ACPI: Added _OSI(Processor Device)
[    0.224840] ACPI: Added _OSI(3.0 _SCP Extensions)
[    0.225408] ACPI: Added _OSI(Processor Aggregator Device)
[    0.247379] ACPI: 1 ACPI AML tables successfully acquired and loaded
[    0.252637] ACPI: Interpreter enabled
[    0.252896] ACPI: PM: (supports S0 S3 S4 S5)
[    0.253412] ACPI: Using IOAPIC for interrupt routing
[    0.253885] PCI: Using host bridge windows from ACPI; if necessary, use "pci=nocrs" and report a bug
[    0.254840] PCI: Using E820 reservations for host bridge windows
[    0.256556] ACPI: Enabled 2 GPEs in block 00 to 0F
[    0.301551] ACPI: PCI Root Bridge [PCI0] (domain 0000 [bus 00-ff])
[    0.301854] acpi PNP0A03:00: _OSC: OS supports [ExtendedConfig ASPM ClockPM Segments MSI HPX-Type3]
[    0.303308] PCI host bridge to bus 0000:00
[    0.303858] pci_bus 0000:00: root bus resource [io  0x0000-0x0cf7 window]
[    0.304686] pci_bus 0000:00: root bus resource [io  0x0d00-0xffff window]
[    0.305842] pci_bus 0000:00: root bus resource [mem 0x000a0000-0x000bffff window]
[    0.306752] pci_bus 0000:00: root bus resource [mem 0x40000000-0xfebfffff window]
[    0.307842] pci_bus 0000:00: root bus resource [mem 0x100000000-0x17fffffff window]
[    0.308772] pci_bus 0000:00: root bus resource [bus 00-ff]
[    0.308933] pci 0000:00:00.0: [8086:1237] type 00 class 0x060000 conventional PCI endpoint
[    0.311654] pci 0000:00:01.0: [8086:7000] type 00 class 0x060100 conventional PCI endpoint
[    0.312692] pci 0000:00:01.1: [8086:7010] type 00 class 0x010180 conventional PCI endpoint
[    0.315472] pci 0000:00:01.1: BAR 4 [io  0xc0c0-0xc0cf]
[    0.317497] pci 0000:00:01.1: BAR 0 [io  0x01f0-0x01f7]: legacy IDE quirk
[    0.317840] pci 0000:00:01.1: BAR 1 [io  0x03f6]: legacy IDE quirk
[    0.318590] pci 0000:00:01.1: BAR 2 [io  0x0170-0x0177]: legacy IDE quirk
[    0.319840] pci 0000:00:01.1: BAR 3 [io  0x0376]: legacy IDE quirk
[    0.321239] pci 0000:00:01.3: [8086:7113] type 00 class 0x068000 conventional PCI endpoint
[    0.322090] pci 0000:00:01.3: quirk: [io  0x0600-0x063f] claimed by PIIX4 ACPI
[    0.322844] pci 0000:00:01.3: quirk: [io  0x0700-0x070f] claimed by PIIX4 SMB
[    0.324401] pci 0000:00:02.0: [1af4:1009] type 00 class 0x000200 conventional PCI endpoint
[    0.326197] pci 0000:00:02.0: BAR 0 [io  0xc000-0xc03f]
[    0.327034] pci 0000:00:02.0: BAR 1 [mem 0xfebfc000-0xfebfcfff]
[    0.329709] pci 0000:00:02.0: BAR 4 [mem 0xfebf0000-0xfebf3fff 64bit pref]
[    0.342521] pci 0000:00:03.0: [1af4:1009] type 00 class 0x000200 conventional PCI endpoint
[    0.344157] pci 0000:00:03.0: BAR 0 [io  0xc040-0xc07f]
[    0.344964] pci 0000:00:03.0: BAR 1 [mem 0xfebfd000-0xfebfdfff]
[    0.346466] pci 0000:00:03.0: BAR 4 [mem 0xfebf4000-0xfebf7fff 64bit pref]
[    0.357813] pci 0000:00:04.0: [8086:25ab] type 00 class 0x088000 conventional PCI endpoint
[    0.358985] pci 0000:00:04.0: BAR 0 [mem 0xfebfe000-0xfebfe00f]
[    0.370731] pci 0000:00:05.0: [1af4:1003] type 00 class 0x078000 conventional PCI endpoint
[    0.372123] pci 0000:00:05.0: BAR 0 [io  0xc080-0xc0bf]
[    0.372948] pci 0000:00:05.0: BAR 1 [mem 0xfebff000-0xfebfffff]
[    0.374308] pci 0000:00:05.0: BAR 4 [mem 0xfebf8000-0xfebfbfff 64bit pref]
[    0.388862] ACPI: PCI: Interrupt link LNKA configured for IRQ 10
[    0.390474] ACPI: PCI: Interrupt link LNKB configured for IRQ 10
[    0.391703] ACPI: PCI: Interrupt link LNKC configured for IRQ 11
[    0.393691] ACPI: PCI: Interrupt link LNKD configured for IRQ 11
[    0.394197] ACPI: PCI: Interrupt link LNKS configured for IRQ 9
[    0.411881] iommu: Default domain type: Translated
[    0.412473] iommu: DMA domain TLB invalidation policy: lazy mode
[    0.414274] SCSI subsystem initialized
[    0.415141] pps_core: LinuxPPS API ver. 1 registered
[    0.415748] pps_core: Software ver. 5.3.6 - Copyright 2005-2007 Rodolfo Giometti <giometti@linux.it>
[    0.416853] PTP clock support registered
[    0.417948] Advanced Linux Sound Architecture Driver Initialized.
[    0.418864] NET: Registered PF_ATMPVC protocol family
[    0.419484] NET: Registered PF_ATMSVC protocol family
[    0.420875] PCI: Using ACPI for IRQ routing
[    0.421513] vgaarb: loaded
[    0.421954] hpet0: at MMIO 0xfed00000, IRQs 2, 8, 0
[    0.422550] hpet0: 3 comparators, 64-bit 100.000000 MHz counter
[    0.426029] clocksource: Switched to clocksource kvm-clock
[    0.428022] VFS: Disk quotas dquot_6.6.0
[    0.428518] VFS: Dquot-cache hash table entries: 512 (order 0, 4096 bytes)
[    0.430008] pnp: PnP ACPI init
[    0.432593] pnp: PnP ACPI: found 5 devices
[    0.444160] clocksource: acpi_pm: mask: 0xffffff max_cycles: 0xffffff, max_idle_ns: 2085701024 ns
[    0.445301] NET: Registered PF_INET protocol family
[    0.445947] IP idents hash table entries: 16384 (order: 5, 131072 bytes, linear)
[    0.447238] tcp_listen_portaddr_hash hash table entries: 512 (order: 1, 8192 bytes, linear)
[    0.448263] Table-perturb hash table entries: 65536 (order: 6, 262144 bytes, linear)
[    0.449220] TCP established hash table entries: 8192 (order: 4, 65536 bytes, linear)
[    0.450161] TCP bind hash table entries: 8192 (order: 6, 262144 bytes, linear)
[    0.451125] TCP: Hash tables configured (established 8192 bind 8192)
[    0.452043] UDP hash table entries: 512 (order: 3, 32768 bytes, linear)
[    0.452884] UDP-Lite hash table entries: 512 (order: 3, 32768 bytes, linear)
[    0.453945] NET: Registered PF_UNIX/PF_LOCAL protocol family
[    0.454649] pci_bus 0000:00: resource 4 [io  0x0000-0x0cf7 window]
[    0.455407] pci_bus 0000:00: resource 5 [io  0x0d00-0xffff window]
[    0.456151] pci_bus 0000:00: resource 6 [mem 0x000a0000-0x000bffff window]
[    0.456980] pci_bus 0000:00: resource 7 [mem 0x40000000-0xfebfffff window]
[    0.457806] pci_bus 0000:00: resource 8 [mem 0x100000000-0x17fffffff window]
[    0.458842] pci 0000:00:01.0: PIIX3: Enabling Passive Release
[    0.459548] pci 0000:00:00.0: Limiting direct PCI/PCI transfers
[    0.460302] PCI: CLS 0 bytes, default 64
[    0.460969] kvm_intel: VMX not supported by CPU 28
[    0.461587] kvm_amd: TSC scaling supported
[    0.462078] kvm_amd: Nested Virtualization enabled
[    0.462658] kvm_amd: Nested Paging enabled
[    0.463157] kvm_amd: LBR virtualization supported
[    0.463732] kvm_amd: Virtual GIF supported
[    0.464224] kvm_amd: Virtual NMI enabled
[    0.494407] clocksource: tsc: mask: 0xffffffffffffffff max_cycles: 0x40be400eb43, max_idle_ns: 440795366972 ns
[    0.513559] Initialise system trusted keyrings
[    0.514270] workingset: timestamp_bits=56 max_order=18 bucket_order=0
[    0.515170] squashfs: version 4.0 (2009/01/31) Phillip Lougher
[    0.515895] fuse: init (API version 7.41)
[    0.516512] 9p: Installing v9fs 9p2000 file system support
[    0.525950] Key type asymmetric registered
[    0.526457] Asymmetric key parser 'x509' registered
[    0.527110] Block layer SCSI generic (bsg) driver version 0.4 loaded (major 249)
[    0.528052] io scheduler mq-deadline registered
[    0.528610] io scheduler kyber registered
[    0.531204] input: Power Button as /devices/LNXSYSTM:00/LNXPWRBN:00/input/input0
[    0.532318] ACPI: button: Power Button [PWRF]
[    0.534159] Warning: Processor Platform Limit event detected, but not handled.
[    0.535042] Consider compiling CPUfreq support into your kernel.
[    1.316438] ACPI: \_SB_.LNKB: Enabled at IRQ 10
[    2.109430] ACPI: \_SB_.LNKC: Enabled at IRQ 11
[    2.899994] ACPI: \_SB_.LNKA: Enabled at IRQ 10
[    2.901372] Serial: 8250/16550 driver, 4 ports, IRQ sharing enabled
[    2.902448] 00:03: ttyS0 at I/O 0x3f8 (irq = 4, base_baud = 115200) is a 16550A
[    2.941368] Non-volatile memory driver v1.3
[    2.941898] Linux agpgart interface v0.103
[    2.942604] ACPI: bus type drm_connector registered
[    2.943227] printk: legacy console [hvc0] enabled
[    2.943835] printk: legacy bootconsole [earlyser0] disabled
          _      _                                    
   __   _(_)_ __| |_ _ __ ___   ___       _ __   __ _ 
   \ \ / / |  __| __|  _   _ \ / _ \_____|  _ \ / _  |
    \ V /| | |  | |_| | | | | |  __/_____| | | | (_| |
     \_/ |_|_|   \__|_| |_| |_|\___|     |_| |_|\__  |
                                                |___/ 
   kernel version: 6.12.0-virtme x86_64
   (CTRL+d to exit)

root@virtme-ng:/nipa-data/kernel# PS1='xx__-> '
xx__-> env
PWD=/nipa-data/kernel
nr_open=1048576
HOME=/
TERM=xterm
SHLVL=2
XDG_RUNTIME_DIR=/run/user/0
PATH=/bin:/sbin:/usr/bin:/usr/sbin:/usr/local/bin
OLDPWD=/
_=/bin/env
xx__-> 