No EFI environment detected.
early console in extract_kernel
input_data: 0x0000000002bdf2c4
input_len: 0x0000000000b82f67
output: 0x0000000001000000
output_len: 0x000000000271aae0
kernel_total_size: 0x0000000002430000
needed_size: 0x0000000002800000
trampoline_32bit: 0x0000000000000000
Physical KASLR using RDRAND RDTSC...
Virtual KASLR using RDRAND RDTSC...

Decompressing Linux... Parsing ELF... Performing relocations... done.
Booting the kernel (entry_offset: 0x0000000000000000).
[    0.000000] Linux version 6.13.0-rc6-virtme (root@506c3ff29e5c) (gcc (Ubuntu 13.3.0-6ubuntu2~24.04) 13.3.0, GNU ld (GNU Binutils for Ubuntu) 2.42) #1 SMP PREEMPT_DYNAMIC Sat Jan 11 15:07:27 UTC 2025
[    0.000000] Command line: virtme_hostname=virtme-ng nr_open=1048576 virtme_link_mods=/nipa-data/kernel/.virtme_mods/lib/modules/0.0.0 virtme_initmount0=nipa-data/kernel virtme_rw_overlay0=/etc virtme_rw_overlay1=/lib virtme_rw_overlay2=/home virtme_rw_overlay3=/opt virtme_rw_overlay4=/srv virtme_rw_overlay5=/usr virtme_rw_overlay6=/var console=hvc0 earlyprintk=serial,ttyS0,115200 virtme_console=ttyS0 psmouse.proto=exps TERM=xterm virtme_chdir=nipa-data/kernel virtme_root_user=1 rootfstype=9p rootflags=version=9p2000.L,trans=virtio,access=any raid=noautodetect ro init=/usr/lib/python3/dist-packages/virtme/guest/virtme-init
[    0.000000] BIOS-provided physical RAM map:
[    0.000000] BIOS-e820: [mem 0x0000000000000000-0x000000000009fbff] usable
[    0.000000] BIOS-e820: [mem 0x000000000009fc00-0x000000000009ffff] reserved
[    0.000000] BIOS-e820: [mem 0x00000000000f0000-0x00000000000fffff] reserved
[    0.000000] BIOS-e820: [mem 0x0000000000100000-0x000000003ffdffff] usable
[    0.000000] BIOS-e820: [mem 0x000000003ffe0000-0x000000003fffffff] reserved
[    0.000000] BIOS-e820: [mem 0x00000000feffc000-0x00000000feffffff] reserved
[    0.000000] BIOS-e820: [mem 0x00000000fffc0000-0x00000000ffffffff] reserved
[    0.000000] BIOS-e820: [mem 0x000000fd00000000-0x000000ffffffffff] reserved
[    0.000000] printk: legacy bootconsole [earlyser0] enabled
[    0.000000] NX (Execute Disable) protection: active
[    0.000000] APIC: Static calls initialized
[    0.000000] SMBIOS 3.0.0 present.
[    0.000000] DMI: QEMU Ubuntu 24.04 PC (i440FX + PIIX, 1996), BIOS 1.16.3-debian-1.16.3-2 04/01/2014
[    0.000000] DMI: Memory slots populated: 1/1
[    0.000000] Hypervisor detected: KVM
[    0.000000] kvm-clock: Using msrs 4b564d01 and 4b564d00
[    0.000000] kvm-clock: using sched offset of 212288319 cycles
[    0.000359] clocksource: kvm-clock: mask: 0xffffffffffffffff max_cycles: 0x1cd42e4dffb, max_idle_ns: 881590591483 ns
[    0.001477] tsc: Detected 4491.556 MHz processor
[    0.002040] last_pfn = 0x3ffe0 max_arch_pfn = 0x400000000
[    0.002432] MTRR map: 4 entries (3 fixed + 1 variable; max 19), built from 8 variable MTRRs
[    0.003007] x86/PAT: Configuration [0-7]: WB  WC  UC- UC  WB  WP  UC- WT  
Memory KASLR using RDRAND RDTSC...
[    0.004939] found SMP MP-table at [mem 0x000f5470-0x000f547f]
[    0.005339] Using GB pages for direct mapping
[    0.005713] ACPI: Early table checksum verification disabled
[    0.006101] ACPI: RSDP 0x00000000000F5290 000014 (v00 BOCHS )
[    0.006496] ACPI: RSDT 0x000000003FFE27BC 000034 (v01 BOCHS  BXPC     00000001 BXPC 00000001)
[    0.007081] ACPI: FACP 0x000000003FFE2578 000074 (v01 BOCHS  BXPC     00000001 BXPC 00000001)
[    0.007671] ACPI: DSDT 0x000000003FFE0040 002538 (v01 BOCHS  BXPC     00000001 BXPC 00000001)
[    0.008254] ACPI: FACS 0x000000003FFE0000 000040
[    0.008571] ACPI: APIC 0x000000003FFE25EC 000170 (v03 BOCHS  BXPC     00000001 BXPC 00000001)
[    0.009153] ACPI: HPET 0x000000003FFE275C 000038 (v01 BOCHS  BXPC     00000001 BXPC 00000001)
[    0.009737] ACPI: WAET 0x000000003FFE2794 000028 (v01 BOCHS  BXPC     00000001 BXPC 00000001)
[    0.010319] ACPI: Reserving FACP table memory at [mem 0x3ffe2578-0x3ffe25eb]
[    0.010802] ACPI: Reserving DSDT table memory at [mem 0x3ffe0040-0x3ffe2577]
[    0.011287] ACPI: Reserving FACS table memory at [mem 0x3ffe0000-0x3ffe003f]
[    0.011769] ACPI: Reserving APIC table memory at [mem 0x3ffe25ec-0x3ffe275b]
[    0.012251] ACPI: Reserving HPET table memory at [mem 0x3ffe275c-0x3ffe2793]
[    0.012733] ACPI: Reserving WAET table memory at [mem 0x3ffe2794-0x3ffe27bb]
[    0.013346] No NUMA configuration found
[    0.013609] Faking a node at [mem 0x0000000000000000-0x000000003ffdffff]
[    0.014069] NODE_DATA(0) allocated [mem 0x3ffdb780-0x3ffdffff]
[    0.014475] Zone ranges:
[    0.014648]   DMA      [mem 0x0000000000001000-0x0000000000ffffff]
[    0.015071]   DMA32    [mem 0x0000000001000000-0x000000003ffdffff]
[    0.015498]   Normal   empty
[    0.015695]   Device   empty
[    0.015892] Movable zone start for each node
[    0.016184] Early memory node ranges
[    0.016429]   node   0: [mem 0x0000000000001000-0x000000000009efff]
[    0.016858]   node   0: [mem 0x0000000000100000-0x000000003ffdffff]
[    0.017288] Initmem setup node 0 [mem 0x0000000000001000-0x000000003ffdffff]
[    0.017772] On node 0, zone DMA: 1 pages in unavailable ranges
[    0.018179] On node 0, zone DMA: 97 pages in unavailable ranges
[    0.019535] On node 0, zone DMA32: 32 pages in unavailable ranges
[    0.020142] ACPI: PM-Timer IO Port: 0x608
[    0.020420] ACPI: LAPIC_NMI (acpi_id[0xff] dfl dfl lint[0x1])
[    0.020827] IOAPIC[0]: apic_id 0, version 17, address 0xfec00000, GSI 0-23
[    0.021298] ACPI: INT_SRC_OVR (bus 0 bus_irq 0 global_irq 2 dfl dfl)
[    0.021732] ACPI: INT_SRC_OVR (bus 0 bus_irq 5 global_irq 5 high level)
[    0.022184] ACPI: INT_SRC_OVR (bus 0 bus_irq 9 global_irq 9 high level)
[    0.022636] ACPI: INT_SRC_OVR (bus 0 bus_irq 10 global_irq 10 high level)
[    0.023099] ACPI: INT_SRC_OVR (bus 0 bus_irq 11 global_irq 11 high level)
[    0.023567] ACPI: Using ACPI (MADT) for SMP configuration information
[    0.024007] ACPI: HPET id: 0x8086a201 base: 0xfed00000
[    0.024358] TSC deadline timer available
[    0.024628] CPU topo: Max. logical packages:   1
[    0.024943] CPU topo: Max. logical dies:       1
[    0.025258] CPU topo: Max. dies per package:   1
[    0.025575] CPU topo: Max. threads per core:   1
[    0.025891] CPU topo: Num. cores per package:    32
[    0.026224] CPU topo: Num. threads per package:  32
[    0.026557] CPU topo: Allowing 32 present CPUs plus 0 hotplug CPUs
[    0.026985] kvm-guest: APIC: eoi() replaced with kvm_guest_apic_eoi_write()
[    0.027470] kvm-guest: KVM setup pv remote TLB flush
[    0.027810] kvm-guest: setup PV sched yield
[    0.028102] PM: hibernation: Registered nosave memory: [mem 0x00000000-0x00000fff]
[    0.028618] PM: hibernation: Registered nosave memory: [mem 0x0009f000-0x0009ffff]
[    0.029132] PM: hibernation: Registered nosave memory: [mem 0x000a0000-0x000effff]
[    0.029646] PM: hibernation: Registered nosave memory: [mem 0x000f0000-0x000fffff]
[    0.030160] [mem 0x40000000-0xfeffbfff] available for PCI devices
[    0.030574] Booting paravirtualized kernel on KVM
[    0.030894] clocksource: refined-jiffies: mask: 0xffffffff max_cycles: 0xffffffff, max_idle_ns: 1910969940391419 ns
[    0.034283] setup_percpu: NR_CPUS:64 nr_cpumask_bits:32 nr_cpu_ids:32 nr_node_ids:1
[    0.035419] percpu: Embedded 58 pages/cpu s198232 r8192 d31144 u262144
[    0.035900] Kernel command line: virtme_hostname=virtme-ng nr_open=1048576 virtme_link_mods=/nipa-data/kernel/.virtme_mods/lib/modules/0.0.0 virtme_initmount0=nipa-data/kernel virtme_rw_overlay0=/etc virtme_rw_overlay1=/lib virtme_rw_overlay2=/home virtme_rw_overlay3=/opt virtme_rw_overlay4=/srv virtme_rw_overlay5=/usr virtme_rw_overlay6=/var console=hvc0 earlyprintk=serial,ttyS0,115200 virtme_console=ttyS0 psmouse.proto=exps TERM=xterm virtme_chdir=nipa-data/kernel virtme_root_user=1 rootfstype=9p rootflags=version=9p2000.L,trans=virtio,access=any raid=noautodetect ro init=/usr/lib/python3/dist-packages/virtme/guest/virtme-init
[    0.039919] Unknown kernel command line parameters "virtme_hostname=virtme-ng nr_open=1048576 virtme_link_mods=/nipa-data/kernel/.virtme_mods/lib/modules/0.0.0 virtme_initmount0=nipa-data/kernel virtme_rw_overlay0=/etc virtme_rw_overlay1=/lib virtme_rw_overlay2=/home virtme_rw_overlay3=/opt virtme_rw_overlay4=/srv virtme_rw_overlay5=/usr virtme_rw_overlay6=/var virtme_console=ttyS0 virtme_chdir=nipa-data/kernel virtme_root_user=1", will be passed to user space.
[    0.042999] random: crng init done
[    0.043240] printk: log buffer data + meta data: 262144 + 917504 = 1179648 bytes
[    0.043790] Dentry cache hash table entries: 131072 (order: 8, 1048576 bytes, linear)
[    0.044363] Inode-cache hash table entries: 65536 (order: 7, 524288 bytes, linear)
[    0.044980] Fallback order for Node 0: 0 
[    0.044982] Built 1 zonelists, mobility grouping on.  Total pages: 262014
[    0.045743] Policy zone: DMA32
[    0.045958] mem auto-init: stack:all(zero), heap alloc:off, heap free:off
[    0.047044] SLUB: HWalign=64, Order=0-3, MinObjects=0, CPUs=32, Nodes=1
Poking KASLR using RDRAND RDTSC...
[    0.047749] ftrace: allocating 48697 entries in 191 pages
[    0.059506] ftrace: allocated 191 pages with 7 groups
[    0.060402] Dynamic Preempt: voluntary
[    0.060787] rcu: Preemptible hierarchical RCU implementation.
[    0.061191] rcu: RCU event tracing is enabled.
[    0.061508] rcu: RCU restricting CPUs from NR_CPUS=64 to nr_cpu_ids=32.
[    0.061978] Trampoline variant of Tasks RCU enabled.
[    0.062334] Rude variant of Tasks RCU enabled.
[    0.062651] Tracing variant of Tasks RCU enabled.
[    0.062987] rcu: RCU calculated value of scheduler-enlistment delay is 100 jiffies.
[    0.063525] rcu: Adjusting geometry for rcu_fanout_leaf=16, nr_cpu_ids=32
[    0.064005] RCU Tasks: Setting shift to 5 and lim to 1 rcu_task_cb_adjust=1 rcu_task_cpu_ids=32.
[    0.064622] RCU Tasks Rude: Setting shift to 5 and lim to 1 rcu_task_cb_adjust=1 rcu_task_cpu_ids=32.
[    0.065268] RCU Tasks Trace: Setting shift to 5 and lim to 1 rcu_task_cb_adjust=1 rcu_task_cpu_ids=32.
[    0.067628] NR_IRQS: 4352, nr_irqs: 680, preallocated irqs: 16
[    0.068204] rcu: srcu_init: Setting srcu_struct sizes based on contention.
[    0.068820] Console: colour *CGA 80x25
[    0.069089] ACPI: Core revision 20240827
[    0.069426] clocksource: hpet: mask: 0xffffffff max_cycles: 0xffffffff, max_idle_ns: 19112604467 ns
[    0.070120] APIC: Switch to symmetric I/O mode setup
[    0.070482] kvm-guest: APIC: send_IPI_mask() replaced with kvm_send_ipi_mask()
[    0.070985] kvm-guest: APIC: send_IPI_mask_allbutself() replaced with kvm_send_ipi_mask_allbutself()
[    0.071608] kvm-guest: setup PV IPIs
[    0.072593] ..TIMER: vector=0x30 apic1=0 pin1=2 apic2=-1 pin2=-1
[    0.073349] clocksource: tsc-early: mask: 0xffffffffffffffff max_cycles: 0x40be400eb43, max_idle_ns: 440795366972 ns
[    0.074644] Calibrating delay loop (skipped) preset value.. 8983.11 BogoMIPS (lpj=4491556)
[    0.075703] x86/cpu: User Mode Instruction Prevention (UMIP) activated
[    0.076689] Last level iTLB entries: 4KB 512, 2MB 255, 4MB 127
[    0.077643] Last level dTLB entries: 4KB 512, 2MB 255, 4MB 127, 1GB 0
[    0.078426] Spectre V1 : Mitigation: usercopy/swapgs barriers and __user pointer sanitization
[    0.078647] Spectre V2 : Mitigation: Enhanced / Automatic IBRS
[    0.079353] Spectre V2 : Spectre v2 / SpectreRSB mitigation: Filling RSB on context switch
[    0.079644] Spectre V2 : mitigation: Enabling conditional Indirect Branch Prediction Barrier
[    0.080644] Speculative Store Bypass: Mitigation: Speculative Store Bypass disabled via prctl
[    0.081643] Speculative Return Stack Overflow: IBPB-extending microcode not applied!
[    0.082643] Speculative Return Stack Overflow: WARNING: See https://kernel.org/doc/html/latest/admin-guide/hw-vuln/srso.html for mitigation options.
[    0.082644] Speculative Return Stack Overflow: Vulnerable: Safe RET, no microcode
[    0.084657] x86/fpu: Supporting XSAVE feature 0x001: 'x87 floating point registers'
[    0.085643] x86/fpu: Supporting XSAVE feature 0x002: 'SSE registers'
[    0.086643] x86/fpu: Supporting XSAVE feature 0x004: 'AVX registers'
[    0.087408] x86/fpu: Supporting XSAVE feature 0x020: 'AVX-512 opmask'
[    0.087643] x86/fpu: Supporting XSAVE feature 0x040: 'AVX-512 Hi256'
[    0.088643] x86/fpu: Supporting XSAVE feature 0x080: 'AVX-512 ZMM_Hi256'
[    0.089643] x86/fpu: Supporting XSAVE feature 0x200: 'Protection Keys User registers'
[    0.090643] x86/fpu: xstate_offset[2]:  576, xstate_sizes[2]:  256
[    0.091376] x86/fpu: xstate_offset[5]:  832, xstate_sizes[5]:   64
[    0.091643] x86/fpu: xstate_offset[6]:  896, xstate_sizes[6]:  512
[    0.092643] x86/fpu: xstate_offset[7]: 1408, xstate_sizes[7]: 1024
[    0.093643] x86/fpu: xstate_offset[9]: 2432, xstate_sizes[9]:    8
[    0.094377] x86/fpu: Enabled xstate features 0x2e7, context size is 2440 bytes, using 'compacted' format.
[    0.108080] Freeing SMP alternatives memory: 40K
[    0.108634] pid_max: default: 32768 minimum: 301
[    0.108662] Mount-cache hash table entries: 2048 (order: 2, 16384 bytes, linear)
[    0.109644] Mountpoint-cache hash table entries: 2048 (order: 2, 16384 bytes, linear)
[    0.110770] smpboot: CPU0: AMD Ryzen 9 7950X 16-Core Processor (family: 0x19, model: 0x61, stepping: 0x2)
[    0.111749] Performance Events: Fam17h+ core perfctr, AMD PMU driver.
[    0.112540] ... version:                0
[    0.112645] ... bit width:              48
[    0.113132] ... generic registers:      6
[    0.113608] ... value mask:             0000ffffffffffff
[    0.113645] ... max period:             00007fffffffffff
[    0.114275] ... fixed-purpose events:   0
[    0.114645] ... event mask:             000000000000003f
[    0.115357] signal: max sigframe size: 3376
[    0.115660] rcu: Hierarchical SRCU implementation.
[    0.116229] rcu: Max phase no-delay instances is 400.
[    0.116664] Timer migration: 2 hierarchy levels; 8 children per group; 2 crossnode level
[    0.119701] smp: Bringing up secondary CPUs ...
[    0.120293] smpboot: x86: Booting SMP configuration:
[    0.120646] .... node  #0, CPUs:        #1  #2  #3  #4  #5  #6  #7  #8  #9 #10 #11 #12 #13 #14 #15 #16 #17 #18 #19 #20 #21 #22 #23 #24 #25 #26 #27 #28 #29 #30 #31
[    0.132738] smp: Brought up 1 node, 32 CPUs
[    0.134146] smpboot: Total of 32 processors activated (287459.58 BogoMIPS)
[    0.136667] Memory: 970440K/1048056K available (16384K kernel code, 2473K rwdata, 6336K rodata, 3148K init, 1808K bss, 63180K reserved, 0K cma-reserved)
[    0.137756] devtmpfs: initialized
[    0.138063] x86/mm: Memory block size: 128MB
[    0.139310] clocksource: jiffies: mask: 0xffffffff max_cycles: 0xffffffff, max_idle_ns: 1911260446275000 ns
[    0.139646] futex hash table entries: 8192 (order: 7, 524288 bytes, linear)
[    0.140591] PM: RTC time: 15:07:44, date: 2025-01-11
[    0.140959] NET: Registered PF_NETLINK/PF_ROUTE protocol family
[    0.141755] thermal_sys: Registered thermal governor 'step_wise'
[    0.141756] thermal_sys: Registered thermal governor 'user_space'
[    0.142496] cpuidle: using governor menu
[    0.143826] PCI: Using configuration type 1 for base access
[    0.144645] PCI: Using configuration type 1 for extended access
[    0.145428] kprobes: kprobe jump-optimization is enabled. All kprobes are optimized if possible.
[    0.163791] HugeTLB: registered 1.00 GiB page size, pre-allocated 0 pages
[    0.164630] HugeTLB: 16380 KiB vmemmap can be freed for a 1.00 GiB page
[    0.164646] HugeTLB: registered 2.00 MiB page size, pre-allocated 0 pages
[    0.165462] HugeTLB: 28 KiB vmemmap can be freed for a 2.00 MiB page
[    0.165892] ACPI: Added _OSI(Module Device)
[    0.166401] ACPI: Added _OSI(Processor Device)
[    0.166645] ACPI: Added _OSI(3.0 _SCP Extensions)
[    0.167216] ACPI: Added _OSI(Processor Aggregator Device)
[    0.168291] ACPI: 1 ACPI AML tables successfully acquired and loaded
[    0.169022] ACPI: Interpreter enabled
[    0.169653] ACPI: PM: (supports S0 S3 S4 S5)
[    0.170173] ACPI: Using IOAPIC for interrupt routing
[    0.170651] PCI: Using host bridge windows from ACPI; if necessary, use "pci=nocrs" and report a bug
[    0.171645] PCI: Using E820 reservations for host bridge windows
[    0.172448] ACPI: Enabled 2 GPEs in block 00 to 0F
[    0.175163] ACPI: PCI Root Bridge [PCI0] (domain 0000 [bus 00-ff])
[    0.175647] acpi PNP0A03:00: _OSC: OS supports [ExtendedConfig ASPM ClockPM Segments MSI HPX-Type3]
[    0.176728] PCI host bridge to bus 0000:00
[    0.177232] pci_bus 0000:00: root bus resource [io  0x0000-0x0cf7 window]
[    0.177645] pci_bus 0000:00: root bus resource [io  0x0d00-0xffff window]
[    0.178462] pci_bus 0000:00: root bus resource [mem 0x000a0000-0x000bffff window]
[    0.178645] pci_bus 0000:00: root bus resource [mem 0x40000000-0xfebfffff window]
[    0.179558] pci_bus 0000:00: root bus resource [mem 0x100000000-0x17fffffff window]
[    0.179645] pci_bus 0000:00: root bus resource [bus 00-ff]
[    0.180386] pci 0000:00:00.0: [8086:1237] type 00 class 0x060000 conventional PCI endpoint
[    0.180876] pci 0000:00:01.0: [8086:7000] type 00 class 0x060100 conventional PCI endpoint
[    0.181954] pci 0000:00:01.1: [8086:7010] type 00 class 0x010180 conventional PCI endpoint
[    0.183766] pci 0000:00:01.1: BAR 4 [io  0xc0c0-0xc0cf]
[    0.184785] pci 0000:00:01.1: BAR 0 [io  0x01f0-0x01f7]: legacy IDE quirk
[    0.185615] pci 0000:00:01.1: BAR 1 [io  0x03f6]: legacy IDE quirk
[    0.185645] pci 0000:00:01.1: BAR 2 [io  0x0170-0x0177]: legacy IDE quirk
[    0.186465] pci 0000:00:01.1: BAR 3 [io  0x0376]: legacy IDE quirk
[    0.186730] pci 0000:00:01.3: [8086:7113] type 00 class 0x068000 conventional PCI endpoint
[    0.187875] pci 0000:00:01.3: quirk: [io  0x0600-0x063f] claimed by PIIX4 ACPI
[    0.188649] pci 0000:00:01.3: quirk: [io  0x0700-0x070f] claimed by PIIX4 SMB
[    0.189669] pci 0000:00:02.0: [1af4:1009] type 00 class 0x000200 conventional PCI endpoint
[    0.190998] pci 0000:00:02.0: BAR 0 [io  0xc000-0xc03f]
[    0.192011] pci 0000:00:02.0: BAR 1 [mem 0xfebfc000-0xfebfcfff]
[    0.193820] pci 0000:00:02.0: BAR 4 [mem 0xfebf0000-0xfebf3fff 64bit pref]
[    0.195992] pci 0000:00:03.0: [1af4:1009] type 00 class 0x000200 conventional PCI endpoint
[    0.197578] pci 0000:00:03.0: BAR 0 [io  0xc040-0xc07f]
[    0.198524] pci 0000:00:03.0: BAR 1 [mem 0xfebfd000-0xfebfdfff]
[    0.200645] pci 0000:00:03.0: BAR 4 [mem 0xfebf4000-0xfebf7fff 64bit pref]
[    0.202390] pci 0000:00:04.0: [8086:25ab] type 00 class 0x088000 conventional PCI endpoint
[    0.202790] pci 0000:00:04.0: BAR 0 [mem 0xfebfe000-0xfebfe00f]
[    0.204454] pci 0000:00:05.0: [1af4:1003] type 00 class 0x078000 conventional PCI endpoint
[    0.204977] pci 0000:00:05.0: BAR 0 [io  0xc080-0xc0bf]
[    0.205779] pci 0000:00:05.0: BAR 1 [mem 0xfebff000-0xfebfffff]
[    0.207186] pci 0000:00:05.0: BAR 4 [mem 0xfebf8000-0xfebfbfff 64bit pref]
[    0.209217] ACPI: PCI: Interrupt link LNKA configured for IRQ 10
[    0.209748] ACPI: PCI: Interrupt link LNKB configured for IRQ 10
[    0.210575] ACPI: PCI: Interrupt link LNKC configured for IRQ 11
[    0.210736] ACPI: PCI: Interrupt link LNKD configured for IRQ 11
[    0.211532] ACPI: PCI: Interrupt link LNKS configured for IRQ 9
[    0.212435] iommu: Default domain type: Translated
[    0.212645] iommu: DMA domain TLB invalidation policy: lazy mode
[    0.213417] SCSI subsystem initialized
[    0.213674] pps_core: LinuxPPS API ver. 1 registered
[    0.214277] pps_core: Software ver. 5.3.6 - Copyright 2005-2007 Rodolfo Giometti <giometti@linux.it>
[    0.214647] PTP clock support registered
[    0.215133] Advanced Linux Sound Architecture Driver Initialized.
[    0.215900] NET: Registered PF_ATMPVC protocol family
[    0.216532] NET: Registered PF_ATMSVC protocol family
[    0.216651] PCI: Using ACPI for IRQ routing
[    0.217235] vgaarb: loaded
[    0.217657] hpet0: at MMIO 0xfed00000, IRQs 2, 8, 0
[    0.218251] hpet0: 3 comparators, 64-bit 100.000000 MHz counter
[    0.221787] clocksource: Switched to clocksource kvm-clock
[    0.222538] VFS: Disk quotas dquot_6.6.0
[    0.222931] VFS: Dquot-cache hash table entries: 512 (order 0, 4096 bytes)
[    0.223808] pnp: PnP ACPI init
[    0.224347] pnp: PnP ACPI: found 5 devices
[    0.231602] clocksource: acpi_pm: mask: 0xffffff max_cycles: 0xffffff, max_idle_ns: 2085701024 ns
[    0.232693] NET: Registered PF_INET protocol family
[    0.233301] IP idents hash table entries: 16384 (order: 5, 131072 bytes, linear)
[    0.234336] tcp_listen_portaddr_hash hash table entries: 512 (order: 1, 8192 bytes, linear)
[    0.235358] Table-perturb hash table entries: 65536 (order: 6, 262144 bytes, linear)
[    0.236301] TCP established hash table entries: 8192 (order: 4, 65536 bytes, linear)
[    0.237240] TCP bind hash table entries: 8192 (order: 6, 262144 bytes, linear)
[    0.238217] TCP: Hash tables configured (established 8192 bind 8192)
[    0.239008] UDP hash table entries: 512 (order: 3, 32768 bytes, linear)
[    0.239803] UDP-Lite hash table entries: 512 (order: 3, 32768 bytes, linear)
[    0.240675] NET: Registered PF_UNIX/PF_LOCAL protocol family
[    0.241364] pci_bus 0000:00: resource 4 [io  0x0000-0x0cf7 window]
[    0.242108] pci_bus 0000:00: resource 5 [io  0x0d00-0xffff window]
[    0.242850] pci_bus 0000:00: resource 6 [mem 0x000a0000-0x000bffff window]
[    0.243679] pci_bus 0000:00: resource 7 [mem 0x40000000-0xfebfffff window]
[    0.244507] pci_bus 0000:00: resource 8 [mem 0x100000000-0x17fffffff window]
[    0.245377] pci 0000:00:01.0: PIIX3: Enabling Passive Release
[    0.246081] pci 0000:00:00.0: Limiting direct PCI/PCI transfers
[    0.246827] PCI: CLS 0 bytes, default 64
[    0.247357] kvm_intel: VMX not supported by CPU 0
[    0.247936] kvm_amd: TSC scaling supported
[    0.248433] kvm_amd: Nested Virtualization enabled
[    0.249010] kvm_amd: Nested Paging enabled
[    0.249503] kvm_amd: LBR virtualization supported
[    0.250097] kvm_amd: Virtual GIF supported
[    0.250591] kvm_amd: Virtual NMI enabled
[    0.277599] clocksource: tsc: mask: 0xffffffffffffffff max_cycles: 0x40be400eb43, max_idle_ns: 440795366972 ns
[    0.284806] Initialise system trusted keyrings
[    0.285425] workingset: timestamp_bits=56 max_order=18 bucket_order=0
[    0.286231] squashfs: version 4.0 (2009/01/31) Phillip Lougher
[    0.286946] fuse: init (API version 7.41)
[    0.287473] 9p: Installing v9fs 9p2000 file system support
[    0.294597] Key type asymmetric registered
[    0.295101] Asymmetric key parser 'x509' registered
[    0.295701] Block layer SCSI generic (bsg) driver version 0.4 loaded (major 249)
[    0.296615] io scheduler mq-deadline registered
[    0.297173] io scheduler kyber registered
[    0.299399] input: Power Button as /devices/LNXSYSTM:00/LNXPWRBN:00/input/input0
[    0.300352] ACPI: button: Power Button [PWRF]
[    0.301278] Warning: Processor Platform Limit event detected, but not handled.
[    0.302158] Consider compiling CPUfreq support into your kernel.
[    0.319498] ACPI: \_SB_.LNKB: Enabled at IRQ 10
[    0.334708] ACPI: \_SB_.LNKC: Enabled at IRQ 11
[    0.350002] ACPI: \_SB_.LNKA: Enabled at IRQ 10
[    0.351092] Serial: 8250/16550 driver, 4 ports, IRQ sharing enabled
[    0.351942] 00:03: ttyS0 at I/O 0x3f8 (irq = 4, base_baud = 115200) is a 16550A
[    0.372174] Non-volatile memory driver v1.3
[    0.372719] Linux agpgart interface v0.103
[    0.372772] ACPI: bus type drm_connector registered
[    0.373845] printk: legacy console [hvc0] enabled
[    0.374432] printk: legacy bootconsole [earlyser0] disabled
          _      _                                    
   __   _(_)_ __| |_ _ __ ___   ___       _ __   __ _ 
   \ \ / / |  __| __|  _   _ \ / _ \_____|  _ \ / _  |
    \ V /| | |  | |_| | | | | |  __/_____| | | | (_| |
     \_/ |_|_|   \__|_| |_| |_|\___|     |_| |_|\__  |
                                                |___/ 
   kernel version: 6.13.0-rc6-virtme x86_64
   (CTRL+d to exit)

root@virtme-ng:/nipa-data/kernel# PS1='xx__-> '
xx__-> env
PWD=/nipa-data/kernel
nr_open=1048576
HOME=/
TERM=xterm
SHLVL=2
XDG_RUNTIME_DIR=/run/user/0
PATH=/bin:/sbin:/usr/bin:/usr/sbin:/usr/local/bin
OLDPWD=/
_=/bin/env
xx__-> 