No EFI environment detected.
early console in extract_kernel
input_data: 0x0000000002be52c4
input_len: 0x0000000000b585d8
output: 0x0000000001000000
output_len: 0x00000000026f6084
kernel_total_size: 0x0000000002430000
needed_size: 0x0000000002800000
trampoline_32bit: 0x000000000009d000
Physical KASLR using RDRAND RDTSC...
Virtual KASLR using RDRAND RDTSC...

Decompressing Linux... Parsing ELF... Performing relocations... done.
Booting the kernel (entry_offset: 0x0000000000000000).
[    0.000000] Linux version 6.11.0-rc6-virtme (root@93e762873f42) (gcc (Ubuntu 13.2.0-23ubuntu4) 13.2.0, GNU ld (GNU Binutils for Ubuntu) 2.42) #1 SMP PREEMPT_DYNAMIC Sun Sep  8 15:07:20 UTC 2024
[    0.000000] Command line: virtme_hostname=virtme-ng nr_open=1048576 virtme_link_mods=/nipa-data/kernel/.virtme_mods/lib/modules/0.0.0 virtme_initmount0=nipa-data/kernel virtme_rw_overlay0=/etc virtme_rw_overlay1=/lib virtme_rw_overlay2=/home virtme_rw_overlay3=/opt virtme_rw_overlay4=/srv virtme_rw_overlay5=/usr virtme_rw_overlay6=/var console=hvc0 earlyprintk=serial,ttyS0,115200 virtme_console=ttyS0 psmouse.proto=exps TERM=xterm virtme_chdir=nipa-data/kernel virtme_root_user=1 rootfstype=9p rootflags=version=9p2000.L,trans=virtio,access=any raid=noautodetect ro init=/usr/lib/python3/dist-packages/virtme/guest/virtme-init
[    0.000000] x86/split lock detection: #DB: warning on user-space bus_locks
[    0.000000] BIOS-provided physical RAM map:
[    0.000000] BIOS-e820: [mem 0x0000000000000000-0x000000000009fbff] usable
[    0.000000] BIOS-e820: [mem 0x000000000009fc00-0x000000000009ffff] reserved
[    0.000000] BIOS-e820: [mem 0x00000000000f0000-0x00000000000fffff] reserved
[    0.000000] BIOS-e820: [mem 0x0000000000100000-0x000000003ffdffff] usable
[    0.000000] BIOS-e820: [mem 0x000000003ffe0000-0x000000003fffffff] reserved
[    0.000000] BIOS-e820: [mem 0x00000000feffc000-0x00000000feffffff] reserved
[    0.000000] BIOS-e820: [mem 0x00000000fffc0000-0x00000000ffffffff] reserved
[    0.000000] printk: legacy bootconsole [earlyser0] enabled
[    0.000000] NX (Execute Disable) protection: active
[    0.000000] APIC: Static calls initialized
[    0.000000] SMBIOS 3.0.0 present.
[    0.000000] DMI: QEMU Ubuntu 24.04 PC (i440FX + PIIX, 1996), BIOS 1.16.3-debian-1.16.3-2 04/01/2014
[    0.000000] DMI: Memory slots populated: 1/1
[    0.000000] Hypervisor detected: KVM
[    0.000000] kvm-clock: Using msrs 4b564d01 and 4b564d00
[    0.000001] kvm-clock: using sched offset of 1102337614 cycles
[    0.000757] clocksource: kvm-clock: mask: 0xffffffffffffffff max_cycles: 0x1cd42e4dffb, max_idle_ns: 881590591483 ns
[    0.003127] tsc: Detected 2000.000 MHz processor
[    0.004287] last_pfn = 0x3ffe0 max_arch_pfn = 0x10000000000
[    0.005152] MTRR map: 4 entries (3 fixed + 1 variable; max 19), built from 8 variable MTRRs
[    0.006367] x86/PAT: Configuration [0-7]: WB  WC  UC- UC  WB  WP  UC- WT  
Memory KASLR using RDRAND RDTSC...
[    0.015454] found SMP MP-table at [mem 0x000f5470-0x000f547f]
[    0.016298] Using GB pages for direct mapping
[    0.017014] ACPI: Early table checksum verification disabled
[    0.017840] ACPI: RSDP 0x00000000000F5290 000014 (v00 BOCHS )
[    0.018673] ACPI: RSDT 0x000000003FFE308E 000034 (v01 BOCHS  BXPC     00000001 BXPC 00000001)
[    0.019913] ACPI: FACP 0x000000003FFE2D8A 000074 (v01 BOCHS  BXPC     00000001 BXPC 00000001)
[    0.021148] ACPI: DSDT 0x000000003FFE0040 002D4A (v01 BOCHS  BXPC     00000001 BXPC 00000001)
[    0.022383] ACPI: FACS 0x000000003FFE0000 000040
[    0.023052] ACPI: APIC 0x000000003FFE2DFE 000230 (v03 BOCHS  BXPC     00000001 BXPC 00000001)
[    0.024284] ACPI: HPET 0x000000003FFE302E 000038 (v01 BOCHS  BXPC     00000001 BXPC 00000001)
[    0.025519] ACPI: WAET 0x000000003FFE3066 000028 (v01 BOCHS  BXPC     00000001 BXPC 00000001)
[    0.026750] ACPI: Reserving FACP table memory at [mem 0x3ffe2d8a-0x3ffe2dfd]
[    0.027769] ACPI: Reserving DSDT table memory at [mem 0x3ffe0040-0x3ffe2d89]
[    0.028787] ACPI: Reserving FACS table memory at [mem 0x3ffe0000-0x3ffe003f]
[    0.029808] ACPI: Reserving APIC table memory at [mem 0x3ffe2dfe-0x3ffe302d]
[    0.030826] ACPI: Reserving HPET table memory at [mem 0x3ffe302e-0x3ffe3065]
[    0.031845] ACPI: Reserving WAET table memory at [mem 0x3ffe3066-0x3ffe308d]
[    0.033212] No NUMA configuration found
[    0.033769] Faking a node at [mem 0x0000000000000000-0x000000003ffdffff]
[    0.034739] NODE_DATA(0) allocated [mem 0x3ffdb000-0x3ffdffff]
[    0.035700] Zone ranges:
[    0.036067]   DMA      [mem 0x0000000000001000-0x0000000000ffffff]
[    0.036960]   DMA32    [mem 0x0000000001000000-0x000000003ffdffff]
[    0.037859]   Normal   empty
[    0.038275]   Device   empty
[    0.038691] Movable zone start for each node
[    0.039306] Early memory node ranges
[    0.039822]   node   0: [mem 0x0000000000001000-0x000000000009efff]
[    0.040727]   node   0: [mem 0x0000000000100000-0x000000003ffdffff]
[    0.041635] Initmem setup node 0 [mem 0x0000000000001000-0x000000003ffdffff]
[    0.042658] On node 0, zone DMA: 1 pages in unavailable ranges
[    0.043532] On node 0, zone DMA: 97 pages in unavailable ranges
[    0.048014] On node 0, zone DMA32: 32 pages in unavailable ranges
[    0.049450] ACPI: PM-Timer IO Port: 0x608
[    0.050052] ACPI: LAPIC_NMI (acpi_id[0xff] dfl dfl lint[0x1])
[    0.050933] IOAPIC[0]: apic_id 0, version 17, address 0xfec00000, GSI 0-23
[    0.051929] ACPI: INT_SRC_OVR (bus 0 bus_irq 0 global_irq 2 dfl dfl)
[    0.052849] ACPI: INT_SRC_OVR (bus 0 bus_irq 5 global_irq 5 high level)
[    0.053811] ACPI: INT_SRC_OVR (bus 0 bus_irq 9 global_irq 9 high level)
[    0.054767] ACPI: INT_SRC_OVR (bus 0 bus_irq 10 global_irq 10 high level)
[    0.055748] ACPI: INT_SRC_OVR (bus 0 bus_irq 11 global_irq 11 high level)
[    0.056735] ACPI: Using ACPI (MADT) for SMP configuration information
[    0.057671] ACPI: HPET id: 0x8086a201 base: 0xfed00000
[    0.058416] TSC deadline timer available
[    0.058986] CPU topo: Max. logical packages:   1
[    0.059653] CPU topo: Max. logical dies:       1
[    0.060319] CPU topo: Max. dies per package:   1
[    0.060989] CPU topo: Max. threads per core:   1
[    0.061661] CPU topo: Num. cores per package:    56
[    0.062367] CPU topo: Num. threads per package:  56
[    0.063070] CPU topo: Allowing 56 present CPUs plus 0 hotplug CPUs
[    0.063987] kvm-guest: APIC: eoi() replaced with kvm_guest_apic_eoi_write()
[    0.065011] kvm-guest: KVM setup pv remote TLB flush
[    0.065738] kvm-guest: setup PV sched yield
[    0.066348] PM: hibernation: Registered nosave memory: [mem 0x00000000-0x00000fff]
[    0.067441] PM: hibernation: Registered nosave memory: [mem 0x0009f000-0x0009ffff]
[    0.068535] PM: hibernation: Registered nosave memory: [mem 0x000a0000-0x000effff]
[    0.069641] PM: hibernation: Registered nosave memory: [mem 0x000f0000-0x000fffff]
[    0.070735] [mem 0x40000000-0xfeffbfff] available for PCI devices
[    0.071616] Booting paravirtualized kernel on KVM
[    0.072296] clocksource: refined-jiffies: mask: 0xffffffff max_cycles: 0xffffffff, max_idle_ns: 1910969940391419 ns
[    0.081400] setup_percpu: NR_CPUS:64 nr_cpumask_bits:56 nr_cpu_ids:56 nr_node_ids:1
[    0.087234] percpu: Embedded 58 pages/cpu s198360 r8192 d31016 u262144
[    0.088308] Kernel command line: virtme_hostname=virtme-ng nr_open=1048576 virtme_link_mods=/nipa-data/kernel/.virtme_mods/lib/modules/0.0.0 virtme_initmount0=nipa-data/kernel virtme_rw_overlay0=/etc virtme_rw_overlay1=/lib virtme_rw_overlay2=/home virtme_rw_overlay3=/opt virtme_rw_overlay4=/srv virtme_rw_overlay5=/usr virtme_rw_overlay6=/var console=hvc0 earlyprintk=serial,ttyS0,115200 virtme_console=ttyS0 psmouse.proto=exps TERM=xterm virtme_chdir=nipa-data/kernel virtme_root_user=1 rootfstype=9p rootflags=version=9p2000.L,trans=virtio,access=any raid=noautodetect ro init=/usr/lib/python3/dist-packages/virtme/guest/virtme-init
[    0.096654] Unknown kernel command line parameters "virtme_hostname=virtme-ng nr_open=1048576 virtme_link_mods=/nipa-data/kernel/.virtme_mods/lib/modules/0.0.0 virtme_initmount0=nipa-data/kernel virtme_rw_overlay0=/etc virtme_rw_overlay1=/lib virtme_rw_overlay2=/home virtme_rw_overlay3=/opt virtme_rw_overlay4=/srv virtme_rw_overlay5=/usr virtme_rw_overlay6=/var virtme_console=ttyS0 virtme_chdir=nipa-data/kernel virtme_root_user=1", will be passed to user space.
[    0.102734] random: crng init done
[    0.103232] printk: log_buf_len individual max cpu contribution: 4096 bytes
[    0.104253] printk: log_buf_len total cpu_extra contributions: 225280 bytes
[    0.105273] printk: log_buf_len min size: 262144 bytes
[    0.106656] printk: log_buf_len: 524288 bytes
[    0.107324] printk: early log buf free: 254024(96%)
[    0.108471] Dentry cache hash table entries: 131072 (order: 8, 1048576 bytes, linear)
[    0.109688] Inode-cache hash table entries: 65536 (order: 7, 524288 bytes, linear)
[    0.111680] Fallback order for Node 0: 0 
[    0.111688] Built 1 zonelists, mobility grouping on.  Total pages: 262014
[    0.113200] Policy zone: DMA32
[    0.113634] mem auto-init: stack:all(zero), heap alloc:off, heap free:off
[    0.118154] SLUB: HWalign=64, Order=0-3, MinObjects=0, CPUs=56, Nodes=1
Poking KASLR using RDRAND RDTSC...
[    0.119603] ftrace: allocating 48234 entries in 189 pages
[    0.134490] ftrace: allocated 189 pages with 6 groups
[    0.136334] Dynamic Preempt: voluntary
[    0.137853] rcu: Preemptible hierarchical RCU implementation.
[    0.138687] rcu: RCU event tracing is enabled.
[    0.139316] rcu: RCU restricting CPUs from NR_CPUS=64 to nr_cpu_ids=56.
[    0.140247] Trampoline variant of Tasks RCU enabled.
[    0.140952] Rude variant of Tasks RCU enabled.
[    0.141592] Tracing variant of Tasks RCU enabled.
[    0.142259] rcu: RCU calculated value of scheduler-enlistment delay is 100 jiffies.
[    0.143323] rcu: Adjusting geometry for rcu_fanout_leaf=16, nr_cpu_ids=56
[    0.144317] RCU Tasks: Setting shift to 6 and lim to 1 rcu_task_cb_adjust=1.
[    0.145303] RCU Tasks Rude: Setting shift to 6 and lim to 1 rcu_task_cb_adjust=1.
[    0.146353] RCU Tasks Trace: Setting shift to 6 and lim to 1 rcu_task_cb_adjust=1.
[    0.150663] NR_IRQS: 4352, nr_irqs: 872, preallocated irqs: 16
[    0.151855] rcu: srcu_init: Setting srcu_struct sizes based on contention.
[    0.153104] Console: colour *CGA 80x25
[    0.153685] ACPI: Core revision 20240322
[    0.154402] clocksource: hpet: mask: 0xffffffff max_cycles: 0xffffffff, max_idle_ns: 19112604467 ns
[    0.155797] APIC: Switch to symmetric I/O mode setup
[    0.156680] APIC: Switched APIC routing to: physical flat
[    0.157758] kvm-guest: APIC: send_IPI_mask() replaced with kvm_send_ipi_mask()
[    0.158873] kvm-guest: APIC: send_IPI_mask_allbutself() replaced with kvm_send_ipi_mask_allbutself()
[    0.160446] kvm-guest: setup PV IPIs
[    0.162533] ..TIMER: vector=0x30 apic1=0 pin1=2 apic2=-1 pin2=-1
[    0.164482] clocksource: tsc-early: mask: 0xffffffffffffffff max_cycles: 0x39a85c9bff6, max_idle_ns: 881590591483 ns
[    0.167450] Calibrating delay loop (skipped) preset value.. 4000.00 BogoMIPS (lpj=2000000)
[    0.168687] x86/cpu: User Mode Instruction Prevention (UMIP) activated
[    0.169570] Last level iTLB entries: 4KB 0, 2MB 0, 4MB 0
[    0.170446] Last level dTLB entries: 4KB 0, 2MB 0, 4MB 0, 1GB 0
[    0.171462] Spectre V1 : Mitigation: usercopy/swapgs barriers and __user pointer sanitization
[    0.172452] Spectre V2 : Spectre BHI mitigation: SW BHB clearing on syscall and VM exit
[    0.173445] Spectre V2 : Mitigation: Enhanced / Automatic IBRS
[    0.174447] Spectre V2 : Spectre v2 / SpectreRSB mitigation: Filling RSB on context switch
[    0.175452] Spectre V2 : Spectre v2 / PBRSB-eIBRS: Retire a single CALL on VMEXIT
[    0.176458] Spectre V2 : mitigation: Enabling conditional Indirect Branch Prediction Barrier
[    0.177456] Speculative Store Bypass: Mitigation: Speculative Store Bypass disabled via prctl
[    0.178452] TAA: Mitigation: TSX disabled
[    0.179534] x86/fpu: Supporting XSAVE feature 0x001: 'x87 floating point registers'
[    0.180451] x86/fpu: Supporting XSAVE feature 0x002: 'SSE registers'
[    0.181452] x86/fpu: Supporting XSAVE feature 0x004: 'AVX registers'
[    0.182447] x86/fpu: Supporting XSAVE feature 0x020: 'AVX-512 opmask'
[    0.183452] x86/fpu: Supporting XSAVE feature 0x040: 'AVX-512 Hi256'
[    0.184452] x86/fpu: Supporting XSAVE feature 0x080: 'AVX-512 ZMM_Hi256'
[    0.185452] x86/fpu: Supporting XSAVE feature 0x200: 'Protection Keys User registers'
[    0.186452] x86/fpu: Supporting XSAVE feature 0x20000: 'AMX Tile config'
[    0.187452] x86/fpu: Supporting XSAVE feature 0x40000: 'AMX Tile data'
[    0.188452] x86/fpu: xstate_offset[2]:  576, xstate_sizes[2]:  256
[    0.189452] x86/fpu: xstate_offset[5]:  832, xstate_sizes[5]:   64
[    0.190452] x86/fpu: xstate_offset[6]:  896, xstate_sizes[6]:  512
[    0.191452] x86/fpu: xstate_offset[7]: 1408, xstate_sizes[7]: 1024
[    0.192452] x86/fpu: xstate_offset[9]: 2432, xstate_sizes[9]:    8
[    0.193451] x86/fpu: xstate_offset[17]: 2496, xstate_sizes[17]:   64
[    0.194452] x86/fpu: xstate_offset[18]: 2560, xstate_sizes[18]: 8192
[    0.195451] x86/fpu: Enabled xstate features 0x602e7, context size is 10752 bytes, using 'compacted' format.
[    0.225053] Freeing SMP alternatives memory: 40K
[    0.225448] pid_max: default: 57344 minimum: 448
[    0.226569] Mount-cache hash table entries: 2048 (order: 2, 16384 bytes, linear)
[    0.227478] Mountpoint-cache hash table entries: 2048 (order: 2, 16384 bytes, linear)
[    0.229749] smpboot: CPU0: Intel(R) Xeon(R) Platinum 8480+ (family: 0x6, model: 0x8f, stepping: 0x6)
[    0.230689] Performance Events: PEBS fmt0-, Sapphire Rapids events, full-width counters, Intel PMU driver.
[    0.231451] ... version:                2
[    0.232265] ... bit width:              48
[    0.232448] ... generic registers:      8
[    0.233257] ... value mask:             0000ffffffffffff
[    0.233447] ... max period:             00007fffffffffff
[    0.234447] ... fixed-purpose events:   3
[    0.235266] ... event mask:             00000007000000ff
[    0.235677] signal: max sigframe size: 11952
[    0.236475] rcu: Hierarchical SRCU implementation.
[    0.237437] rcu: Max phase no-delay instances is 400.
[    0.237483] Timer migration: 2 hierarchy levels; 8 children per group; 2 crossnode level
[    0.239516] smp: Bringing up secondary CPUs ...
[    0.240566] smpboot: x86: Booting SMP configuration:
[    0.241451] .... node  #0, CPUs:        #1  #2  #3  #4  #5  #6  #7  #8  #9 #10 #11 #12 #13 #14 #15 #16 #17 #18 #19 #20 #21 #22 #23 #24 #25 #26 #27 #28 #29 #30 #31 #32 #33 #34 #35 #36 #37 #38 #39 #40 #41 #42 #43 #44 #45 #46 #47 #48 #49 #50 #51 #52 #53 #54 #55
[    0.293360] smp: Brought up 1 node, 56 CPUs
[    0.294328] smpboot: Total of 56 processors activated (224000.00 BogoMIPS)
[    0.302492] Memory: 951180K/1048056K available (16384K kernel code, 2430K rwdata, 6232K rodata, 3100K init, 1940K bss, 72284K reserved, 0K cma-reserved)
[    0.303587] devtmpfs: initialized
[    0.304496] x86/mm: Memory block size: 128MB
[    0.306695] clocksource: jiffies: mask: 0xffffffff max_cycles: 0xffffffff, max_idle_ns: 1911260446275000 ns
[    0.307462] futex hash table entries: 16384 (order: 8, 1048576 bytes, linear)
[    0.308807] PM: RTC time: 15:07:59, date: 2024-09-08
[    0.311327] NET: Registered PF_NETLINK/PF_ROUTE protocol family
[    0.311636] thermal_sys: Registered thermal governor 'step_wise'
[    0.311637] thermal_sys: Registered thermal governor 'user_space'
[    0.312483] cpuidle: using governor menu
[    0.316652] PCI: Using configuration type 1 for base access
[    0.317548] kprobes: kprobe jump-optimization is enabled. All kprobes are optimized if possible.
[    0.361836] HugeTLB: registered 1.00 GiB page size, pre-allocated 0 pages
[    0.364450] HugeTLB: 16380 KiB vmemmap can be freed for a 1.00 GiB page
[    0.366450] HugeTLB: registered 2.00 MiB page size, pre-allocated 0 pages
[    0.368449] HugeTLB: 28 KiB vmemmap can be freed for a 2.00 MiB page
[    0.370576] ACPI: Added _OSI(Module Device)
[    0.371450] ACPI: Added _OSI(Processor Device)
[    0.373449] ACPI: Added _OSI(3.0 _SCP Extensions)
[    0.374449] ACPI: Added _OSI(Processor Aggregator Device)
[    0.376430] ACPI: 1 ACPI AML tables successfully acquired and loaded
[    0.381783] ACPI: Interpreter enabled
[    0.383465] ACPI: PM: (supports S0 S3 S4 S5)
[    0.384449] ACPI: Using IOAPIC for interrupt routing
[    0.385465] PCI: Using host bridge windows from ACPI; if necessary, use "pci=nocrs" and report a bug
[    0.388447] PCI: Using E820 reservations for host bridge windows
[    0.389559] ACPI: Enabled 2 GPEs in block 00 to 0F
[    0.394063] ACPI: PCI Root Bridge [PCI0] (domain 0000 [bus 00-ff])
[    0.395450] acpi PNP0A03:00: _OSC: OS supports [ASPM ClockPM Segments MSI HPX-Type3]
[    0.396448] acpi PNP0A03:00: _OSC: not requesting OS control; OS requires [ExtendedConfig ASPM ClockPM MSI]
[    0.398453] acpi PNP0A03:00: fail to add MMCONFIG information, can't access extended configuration space under this bridge
[    0.401554] PCI host bridge to bus 0000:00
[    0.402409] pci_bus 0000:00: root bus resource [io  0x0000-0x0cf7 window]
[    0.403448] pci_bus 0000:00: root bus resource [io  0x0d00-0xffff window]
[    0.404447] pci_bus 0000:00: root bus resource [mem 0x000a0000-0x000bffff window]
[    0.406447] pci_bus 0000:00: root bus resource [mem 0x40000000-0xfebfffff window]
[    0.408449] pci_bus 0000:00: root bus resource [mem 0x100000000-0x17fffffff window]
[    0.409448] pci_bus 0000:00: root bus resource [bus 00-ff]
[    0.410499] pci 0000:00:00.0: [8086:1237] type 00 class 0x060000 conventional PCI endpoint
[    0.412993] pci 0000:00:01.0: [8086:7000] type 00 class 0x060100 conventional PCI endpoint
[    0.415176] pci 0000:00:01.1: [8086:7010] type 00 class 0x010180 conventional PCI endpoint
[    0.420764] pci 0000:00:01.1: BAR 4 [io  0xc0c0-0xc0cf]
[    0.422814] pci 0000:00:01.1: BAR 0 [io  0x01f0-0x01f7]: legacy IDE quirk
[    0.424448] pci 0000:00:01.1: BAR 1 [io  0x03f6]: legacy IDE quirk
[    0.425447] pci 0000:00:01.1: BAR 2 [io  0x0170-0x0177]: legacy IDE quirk
[    0.426447] pci 0000:00:01.1: BAR 3 [io  0x0376]: legacy IDE quirk
[    0.428649] pci 0000:00:01.3: [8086:7113] type 00 class 0x068000 conventional PCI endpoint
[    0.432074] pci 0000:00:01.3: quirk: [io  0x0600-0x063f] claimed by PIIX4 ACPI
[    0.432458] pci 0000:00:01.3: quirk: [io  0x0700-0x070f] claimed by PIIX4 SMB
[    0.434876] pci 0000:00:02.0: [1af4:1009] type 00 class 0x000200 conventional PCI endpoint
[    0.437450] pci 0000:00:02.0: BAR 0 [io  0xc000-0xc03f]
[    0.439394] pci 0000:00:02.0: BAR 1 [mem 0xfebfc000-0xfebfcfff]
[    0.444318] pci 0000:00:02.0: BAR 4 [mem 0xfebf0000-0xfebf3fff 64bit pref]
[    0.448616] pci 0000:00:03.0: [1af4:1009] type 00 class 0x000200 conventional PCI endpoint
[    0.452452] pci 0000:00:03.0: BAR 0 [io  0xc040-0xc07f]
[    0.454155] pci 0000:00:03.0: BAR 1 [mem 0xfebfd000-0xfebfdfff]
[    0.459404] pci 0000:00:03.0: BAR 4 [mem 0xfebf4000-0xfebf7fff 64bit pref]
[    0.464407] pci 0000:00:04.0: [8086:25ab] type 00 class 0x088000 conventional PCI endpoint
[    0.465856] pci 0000:00:04.0: BAR 0 [mem 0xfebfe000-0xfebfe00f]
[    0.469899] pci 0000:00:05.0: [1af4:1003] type 00 class 0x078000 conventional PCI endpoint
[    0.474306] pci 0000:00:05.0: BAR 0 [io  0xc080-0xc0bf]
[    0.476195] pci 0000:00:05.0: BAR 1 [mem 0xfebff000-0xfebfffff]
[    0.480175] pci 0000:00:05.0: BAR 4 [mem 0xfebf8000-0xfebfbfff 64bit pref]
[    0.486680] ACPI: PCI: Interrupt link LNKA configured for IRQ 10
[    0.487592] ACPI: PCI: Interrupt link LNKB configured for IRQ 10
[    0.489575] ACPI: PCI: Interrupt link LNKC configured for IRQ 11
[    0.490567] ACPI: PCI: Interrupt link LNKD configured for IRQ 11
[    0.491532] ACPI: PCI: Interrupt link LNKS configured for IRQ 9
[    0.495216] iommu: Default domain type: Translated
[    0.495448] iommu: DMA domain TLB invalidation policy: lazy mode
[    0.497574] SCSI subsystem initialized
[    0.498484] pps_core: LinuxPPS API ver. 1 registered
[    0.499448] pps_core: Software ver. 5.3.6 - Copyright 2005-2007 Rodolfo Giometti <giometti@linux.it>
[    0.501449] PTP clock support registered
[    0.502510] Advanced Linux Sound Architecture Driver Initialized.
[    0.506067] NET: Registered PF_ATMPVC protocol family
[    0.506448] NET: Registered PF_ATMSVC protocol family
[    0.507452] PCI: Using ACPI for IRQ routing
[    0.509453] vgaarb: loaded
[    0.510051] hpet0: at MMIO 0xfed00000, IRQs 2, 8, 0
[    0.510447] hpet0: 3 comparators, 64-bit 100.000000 MHz counter
[    0.516750] clocksource: Switched to clocksource kvm-clock
[    0.517740] VFS: Disk quotas dquot_6.6.0
[    0.518973] VFS: Dquot-cache hash table entries: 512 (order 0, 4096 bytes)
[    0.520566] pnp: PnP ACPI init
[    0.522089] pnp: PnP ACPI: found 5 devices
[    0.531398] clocksource: acpi_pm: mask: 0xffffff max_cycles: 0xffffff, max_idle_ns: 2085701024 ns
[    0.533278] NET: Registered PF_INET protocol family
[    0.534337] IP idents hash table entries: 16384 (order: 5, 131072 bytes, linear)
[    0.536389] tcp_listen_portaddr_hash hash table entries: 512 (order: 1, 8192 bytes, linear)
[    0.538115] Table-perturb hash table entries: 65536 (order: 6, 262144 bytes, linear)
[    0.539710] TCP established hash table entries: 8192 (order: 4, 65536 bytes, linear)
[    0.541308] TCP bind hash table entries: 8192 (order: 6, 262144 bytes, linear)
[    0.542815] TCP: Hash tables configured (established 8192 bind 8192)
[    0.544192] UDP hash table entries: 512 (order: 2, 16384 bytes, linear)
[    0.545638] UDP-Lite hash table entries: 512 (order: 2, 16384 bytes, linear)
[    0.547268] NET: Registered PF_UNIX/PF_LOCAL protocol family
[    0.548457] pci_bus 0000:00: resource 4 [io  0x0000-0x0cf7 window]
[    0.549730] pci_bus 0000:00: resource 5 [io  0x0d00-0xffff window]
[    0.551000] pci_bus 0000:00: resource 6 [mem 0x000a0000-0x000bffff window]
[    0.552418] pci_bus 0000:00: resource 7 [mem 0x40000000-0xfebfffff window]
[    0.553830] pci_bus 0000:00: resource 8 [mem 0x100000000-0x17fffffff window]
[    0.555314] pci 0000:00:01.0: PIIX3: Enabling Passive Release
[    0.556504] pci 0000:00:00.0: Limiting direct PCI/PCI transfers
[    0.557807] PCI: CLS 0 bytes, default 64
[    0.574024] RAPL PMU: API unit is 2^-32 Joules, 1 fixed counters, 10737418240 ms ovfl timer
[    0.575987] RAPL PMU: hw unit of domain psys 2^-0 Joules
[    1.051325] kvm_amd: CPU 42 isn't AMD or Hygon
[    1.052267] clocksource: tsc: mask: 0xffffffffffffffff max_cycles: 0x39a85c9bff6, max_idle_ns: 881590591483 ns
[    1.159149] Initialise system trusted keyrings
[    1.160472] workingset: timestamp_bits=56 max_order=18 bucket_order=0
[    1.161891] squashfs: version 4.0 (2009/01/31) Phillip Lougher
[    1.163115] fuse: init (API version 7.40)
[    1.164250] 9p: Installing v9fs 9p2000 file system support
[    1.176407] Key type asymmetric registered
[    1.177265] Asymmetric key parser 'x509' registered
[    1.178289] Block layer SCSI generic (bsg) driver version 0.4 loaded (major 249)
[    1.179818] io scheduler mq-deadline registered
[    1.180753] io scheduler kyber registered
[    1.201073] input: Power Button as /devices/LNXSYSTM:00/LNXPWRBN:00/input/input0
[    1.203075] ACPI: button: Power Button [PWRF]
[    1.205081] Warning: Processor Platform Limit event detected, but not handled.
[    1.208649] Consider compiling CPUfreq support into your kernel.
[    1.246647] ACPI: \_SB_.LNKB: Enabled at IRQ 10
[    1.260952] ACPI: \_SB_.LNKC: Enabled at IRQ 11
[    1.275054] ACPI: \_SB_.LNKA: Enabled at IRQ 10
[    1.277446] Serial: 8250/16550 driver, 4 ports, IRQ sharing enabled
[    1.278933] 00:03: ttyS0 at I/O 0x3f8 (irq = 4, base_baud = 115200) is a 16550A
[    1.318903] Non-volatile memory driver v1.3
[    1.319928] Linux agpgart interface v0.103
[    1.321397] ACPI: bus type drm_connector registered
[    1.322443] printk: legacy console [hvc0] enabled
[    1.323554] printk: legacy bootconsole [earlyser0] disabled
          _      _                                    
   __   _(_)_ __| |_ _ __ ___   ___       _ __   __ _ 
   \ \ / / |  __| __|  _   _ \ / _ \_____|  _ \ / _  |
    \ V /| | |  | |_| | | | | |  __/_____| | | | (_| |
     \_/ |_|_|   \__|_| |_| |_|\___|     |_| |_|\__  |
                                                |___/ 
   kernel version: 6.11.0-rc6-virtme x86_64
   (CTRL+d to exit)

root@virtme-ng:/nipa-data/kernel# PS1='xx__-> '
xx__-> env
PWD=/nipa-data/kernel
nr_open=1048576
HOME=/
TERM=xterm
SHLVL=2
XDG_RUNTIME_DIR=/run/user/0
PATH=/bin:/sbin:/usr/bin:/usr/sbin:/usr/local/bin
OLDPWD=/
_=/bin/env
xx__-> 