No EFI environment detected.
early console in extract_kernel
input_data: 0x00000000029f72b9
input_len: 0x0000000000ad70d0
output: 0x0000000001000000
output_len: 0x00000000024888ac
kernel_total_size: 0x0000000002230000
needed_size: 0x0000000002600000
trampoline_32bit: 0x0000000000000000
Physical KASLR using RDRAND RDTSC...
Virtual KASLR using RDRAND RDTSC...

Decompressing Linux... Parsing ELF... Performing relocations... done.
Booting the kernel (entry_offset: 0x0000000000000000).
[    0.000000] Linux version 6.8.0-rc6-virtme (root@4afb4464f60a) (gcc (Alpine 13.2.1_git20231014) 13.2.1 20231014, GNU ld (GNU Binutils) 2.42) #1 SMP PREEMPT_DYNAMIC Sun Mar  3 12:06:06 UTC 2024
[    0.000000] Command line: virtme_hostname=virtme-ng virtme_link_mods=/nipa-data/kernel/.virtme_mods/lib/modules/0.0.0 virtme_initmount0=nipa-data/kernel virtme_rw_overlay0=/etc virtme_rw_overlay1=/lib virtme_rw_overlay2=/home virtme_rw_overlay3=/opt virtme_rw_overlay4=/srv virtme_rw_overlay5=/usr virtme_rw_overlay6=/var earlyprintk=serial,ttyS0,115200 console=ttyS0 psmouse.proto=exps TERM=xterm virtme_chdir=nipa-data/kernel virtme_root_user=1 rootfstype=9p rootflags=version=9p2000.L,trans=virtio,access=any raid=noautodetect ro init=/usr/lib/python3.11/site-packages/virtme/guest/virtme-init
[    0.000000] BIOS-provided physical RAM map:
[    0.000000] BIOS-e820: [mem 0x0000000000000000-0x000000000009fbff] usable
[    0.000000] BIOS-e820: [mem 0x000000000009fc00-0x000000000009ffff] reserved
[    0.000000] BIOS-e820: [mem 0x00000000000f0000-0x00000000000fffff] reserved
[    0.000000] BIOS-e820: [mem 0x0000000000100000-0x000000003ffdffff] usable
[    0.000000] BIOS-e820: [mem 0x000000003ffe0000-0x000000003fffffff] reserved
[    0.000000] BIOS-e820: [mem 0x00000000feffc000-0x00000000feffffff] reserved
[    0.000000] BIOS-e820: [mem 0x00000000fffc0000-0x00000000ffffffff] reserved
[    0.000000] BIOS-e820: [mem 0x000000fd00000000-0x000000ffffffffff] reserved
[    0.000000] printk: legacy bootconsole [earlyser0] enabled
[    0.000000] NX (Execute Disable) protection: active
[    0.000000] APIC: Static calls initialized
[    0.000000] SMBIOS 3.0.0 present.
[    0.000000] DMI: QEMU Standard PC (i440FX + PIIX, 1996), BIOS rel-1.16.3-0-ga6ed6b701f0a-prebuilt.qemu.org 04/01/2014
[    0.000000] Hypervisor detected: KVM
[    0.000000] kvm-clock: Using msrs 4b564d01 and 4b564d00
[    0.000000] kvm-clock: using sched offset of 251724417 cycles
[    0.000394] clocksource: kvm-clock: mask: 0xffffffffffffffff max_cycles: 0x1cd42e4dffb, max_idle_ns: 881590591483 ns
[    0.001610] tsc: Detected 4491.536 MHz processor
[    0.002224] last_pfn = 0x3ffe0 max_arch_pfn = 0x400000000
[    0.002653] MTRR map: 4 entries (3 fixed + 1 variable; max 19), built from 8 variable MTRRs
[    0.003279] x86/PAT: Configuration [0-7]: WB  WC  UC- UC  WB  WP  UC- WT  
Memory KASLR using RDRAND RDTSC...
[    0.005375] found SMP MP-table at [mem 0x000f5470-0x000f547f]
[    0.005808] Using GB pages for direct mapping
[    0.006171] ACPI: Early table checksum verification disabled
[    0.006594] ACPI: RSDP 0x00000000000F5290 000014 (v00 BOCHS )
[    0.007025] ACPI: RSDT 0x000000003FFE27B6 000034 (v01 BOCHS  BXPC     00000001 BXPC 00000001)
[    0.007663] ACPI: FACP 0x000000003FFE2572 000074 (v01 BOCHS  BXPC     00000001 BXPC 00000001)
[    0.008304] ACPI: DSDT 0x000000003FFE0040 002532 (v01 BOCHS  BXPC     00000001 BXPC 00000001)
[    0.008942] ACPI: FACS 0x000000003FFE0000 000040
[    0.009287] ACPI: APIC 0x000000003FFE25E6 000170 (v03 BOCHS  BXPC     00000001 BXPC 00000001)
[    0.009923] ACPI: HPET 0x000000003FFE2756 000038 (v01 BOCHS  BXPC     00000001 BXPC 00000001)
[    0.010559] ACPI: WAET 0x000000003FFE278E 000028 (v01 BOCHS  BXPC     00000001 BXPC 00000001)
[    0.011196] ACPI: Reserving FACP table memory at [mem 0x3ffe2572-0x3ffe25e5]
[    0.011722] ACPI: Reserving DSDT table memory at [mem 0x3ffe0040-0x3ffe2571]
[    0.012250] ACPI: Reserving FACS table memory at [mem 0x3ffe0000-0x3ffe003f]
[    0.012776] ACPI: Reserving APIC table memory at [mem 0x3ffe25e6-0x3ffe2755]
[    0.013303] ACPI: Reserving HPET table memory at [mem 0x3ffe2756-0x3ffe278d]
[    0.013829] ACPI: Reserving WAET table memory at [mem 0x3ffe278e-0x3ffe27b5]
[    0.014496] No NUMA configuration found
[    0.014782] Faking a node at [mem 0x0000000000000000-0x000000003ffdffff]
[    0.015282] NODE_DATA(0) allocated [mem 0x3ffdb000-0x3ffdffff]
[    0.015726] Zone ranges:
[    0.015915]   DMA      [mem 0x0000000000001000-0x0000000000ffffff]
[    0.016379]   DMA32    [mem 0x0000000001000000-0x000000003ffdffff]
[    0.016839]   Normal   empty
[    0.017053]   Device   empty
[    0.017267] Movable zone start for each node
[    0.017585] Early memory node ranges
[    0.017851]   node   0: [mem 0x0000000000001000-0x000000000009efff]
[    0.018318]   node   0: [mem 0x0000000000100000-0x000000003ffdffff]
[    0.018784] Initmem setup node 0 [mem 0x0000000000001000-0x000000003ffdffff]
[    0.019310] On node 0, zone DMA: 1 pages in unavailable ranges
[    0.019754] On node 0, zone DMA: 97 pages in unavailable ranges
[    0.021190] On node 0, zone DMA32: 32 pages in unavailable ranges
[    0.021840] ACPI: PM-Timer IO Port: 0x608
[    0.022142] ACPI: LAPIC_NMI (acpi_id[0xff] dfl dfl lint[0x1])
[    0.022587] IOAPIC[0]: apic_id 0, version 17, address 0xfec00000, GSI 0-23
[    0.023101] ACPI: INT_SRC_OVR (bus 0 bus_irq 0 global_irq 2 dfl dfl)
[    0.023575] ACPI: INT_SRC_OVR (bus 0 bus_irq 5 global_irq 5 high level)
[    0.024068] ACPI: INT_SRC_OVR (bus 0 bus_irq 9 global_irq 9 high level)
[    0.024562] ACPI: INT_SRC_OVR (bus 0 bus_irq 10 global_irq 10 high level)
[    0.025067] ACPI: INT_SRC_OVR (bus 0 bus_irq 11 global_irq 11 high level)
[    0.025574] ACPI: Using ACPI (MADT) for SMP configuration information
[    0.026056] ACPI: HPET id: 0x8086a201 base: 0xfed00000
[    0.026441] TSC deadline timer available
[    0.026733] smpboot: Allowing 32 CPUs, 0 hotplug CPUs
[    0.027118] kvm-guest: APIC: eoi() replaced with kvm_guest_apic_eoi_write()
[    0.027644] kvm-guest: KVM setup pv remote TLB flush
[    0.028015] kvm-guest: setup PV sched yield
[    0.028332] PM: hibernation: Registered nosave memory: [mem 0x00000000-0x00000fff]
[    0.028899] PM: hibernation: Registered nosave memory: [mem 0x0009f000-0x0009ffff]
[    0.029465] PM: hibernation: Registered nosave memory: [mem 0x000a0000-0x000effff]
[    0.030031] PM: hibernation: Registered nosave memory: [mem 0x000f0000-0x000fffff]
[    0.030597] [mem 0x40000000-0xfeffbfff] available for PCI devices
[    0.031052] Booting paravirtualized kernel on KVM
[    0.031403] clocksource: refined-jiffies: mask: 0xffffffff max_cycles: 0xffffffff, max_idle_ns: 1910969940391419 ns
[    0.035033] setup_percpu: NR_CPUS:64 nr_cpumask_bits:32 nr_cpu_ids:32 nr_node_ids:1
[    0.036202] percpu: Embedded 56 pages/cpu s191784 r8192 d29400 u262144
[    0.036721] Kernel command line: virtme_hostname=virtme-ng virtme_link_mods=/nipa-data/kernel/.virtme_mods/lib/modules/0.0.0 virtme_initmount0=nipa-data/kernel virtme_rw_overlay0=/etc virtme_rw_overlay1=/lib virtme_rw_overlay2=/home virtme_rw_overlay3=/opt virtme_rw_overlay4=/srv virtme_rw_overlay5=/usr virtme_rw_overlay6=/var earlyprintk=serial,ttyS0,115200 console=ttyS0 psmouse.proto=exps TERM=xterm virtme_chdir=nipa-data/kernel virtme_root_user=1 rootfstype=9p rootflags=version=9p2000.L,trans=virtio,access=any raid=noautodetect ro init=/usr/lib/python3.11/site-packages/virtme/guest/virtme-init
[    0.040840] Unknown kernel command line parameters "virtme_hostname=virtme-ng virtme_link_mods=/nipa-data/kernel/.virtme_mods/lib/modules/0.0.0 virtme_initmount0=nipa-data/kernel virtme_rw_overlay0=/etc virtme_rw_overlay1=/lib virtme_rw_overlay2=/home virtme_rw_overlay3=/opt virtme_rw_overlay4=/srv virtme_rw_overlay5=/usr virtme_rw_overlay6=/var virtme_chdir=nipa-data/kernel virtme_root_user=1", will be passed to user space.
[    0.043923] random: crng init done
[    0.044222] Dentry cache hash table entries: 131072 (order: 8, 1048576 bytes, linear)
[    0.044840] Inode-cache hash table entries: 65536 (order: 7, 524288 bytes, linear)
[    0.045506] Fallback order for Node 0: 0 
[    0.045509] Built 1 zonelists, mobility grouping on.  Total pages: 257760
[    0.046335] Policy zone: DMA32
[    0.046569] mem auto-init: stack:all(zero), heap alloc:off, heap free:off
[    0.047864] Memory: 986876K/1048056K available (16384K kernel code, 2351K rwdata, 5936K rodata, 2988K init, 2336K bss, 60920K reserved, 0K cma-reserved)
[    0.048944] SLUB: HWalign=64, Order=0-3, MinObjects=0, CPUs=32, Nodes=1
Poking KASLR using RDRAND RDTSC...
[    0.049702] ftrace: allocating 46307 entries in 181 pages
[    0.056641] ftrace: allocated 181 pages with 5 groups
[    0.057685] Dynamic Preempt: voluntary
[    0.058127] rcu: Preemptible hierarchical RCU implementation.
[    0.058570] rcu: RCU event tracing is enabled.
[    0.058918] rcu: RCU restricting CPUs from NR_CPUS=64 to nr_cpu_ids=32.
[    0.059434] Trampoline variant of Tasks RCU enabled.
[    0.059824] Rude variant of Tasks RCU enabled.
[    0.060182] Tracing variant of Tasks RCU enabled.
[    0.060553] rcu: RCU calculated value of scheduler-enlistment delay is 100 jiffies.
[    0.061144] rcu: Adjusting geometry for rcu_fanout_leaf=16, nr_cpu_ids=32
[    0.062964] NR_IRQS: 4352, nr_irqs: 680, preallocated irqs: 16
[    0.063696] rcu: srcu_init: Setting srcu_struct sizes based on contention.
[    0.064369] Console: colour *CGA 80x25
[    0.064675] printk: legacy console [ttyS0] enabled
[    0.064675] printk: legacy console [ttyS0] enabled
[    0.065412] printk: legacy bootconsole [earlyser0] disabled
[    0.065412] printk: legacy bootconsole [earlyser0] disabled
[    0.066274] ACPI: Core revision 20230628
[    0.066656] clocksource: hpet: mask: 0xffffffff max_cycles: 0xffffffff, max_idle_ns: 19112604467 ns
[    0.067424] APIC: Switch to symmetric I/O mode setup
[    0.067817] APIC: Switched APIC routing to: physical flat
[    0.068243] kvm-guest: APIC: send_IPI_mask() replaced with kvm_send_ipi_mask()
[    0.068793] kvm-guest: APIC: send_IPI_mask_allbutself() replaced with kvm_send_ipi_mask_allbutself()
[    0.069593] kvm-guest: setup PV IPIs
[    0.070870] ..TIMER: vector=0x30 apic1=0 pin1=2 apic2=-1 pin2=-1
[    0.071913] tsc: Marking TSC unstable due to TSCs unsynchronized
[    0.072754] Calibrating delay loop (skipped) preset value.. 8983.07 BogoMIPS (lpj=4491536)
[    0.073811] x86/cpu: User Mode Instruction Prevention (UMIP) activated
[    0.074804] Last level iTLB entries: 4KB 512, 2MB 255, 4MB 127
[    0.075751] Last level dTLB entries: 4KB 512, 2MB 255, 4MB 127, 1GB 0
[    0.076755] Spectre V1 : Mitigation: usercopy/swapgs barriers and __user pointer sanitization
[    0.077755] Spectre V2 : Mitigation: Enhanced / Automatic IBRS
[    0.078751] Spectre V2 : Spectre v2 / SpectreRSB mitigation: Filling RSB on context switch
[    0.079752] Spectre V2 : mitigation: Enabling conditional Indirect Branch Prediction Barrier
[    0.080752] Speculative Store Bypass: Mitigation: Speculative Store Bypass disabled via prctl
[    0.081752] Speculative Return Stack Overflow: IBPB-extending microcode not applied!
[    0.082751] Speculative Return Stack Overflow: WARNING: See https://kernel.org/doc/html/latest/admin-guide/hw-vuln/srso.html for mitigation options.
[    0.082752] Speculative Return Stack Overflow: Vulnerable: Safe RET, no microcode
[    0.084767] x86/fpu: Supporting XSAVE feature 0x001: 'x87 floating point registers'
[    0.085751] x86/fpu: Supporting XSAVE feature 0x002: 'SSE registers'
[    0.086751] x86/fpu: Supporting XSAVE feature 0x004: 'AVX registers'
[    0.087751] x86/fpu: Supporting XSAVE feature 0x020: 'AVX-512 opmask'
[    0.088751] x86/fpu: Supporting XSAVE feature 0x040: 'AVX-512 Hi256'
[    0.089751] x86/fpu: Supporting XSAVE feature 0x080: 'AVX-512 ZMM_Hi256'
[    0.090751] x86/fpu: Supporting XSAVE feature 0x200: 'Protection Keys User registers'
[    0.091751] x86/fpu: xstate_offset[2]:  576, xstate_sizes[2]:  256
[    0.092623] x86/fpu: xstate_offset[5]:  832, xstate_sizes[5]:   64
[    0.092752] x86/fpu: xstate_offset[6]:  896, xstate_sizes[6]:  512
[    0.093684] x86/fpu: xstate_offset[7]: 1408, xstate_sizes[7]: 1024
[    0.093752] x86/fpu: xstate_offset[9]: 2432, xstate_sizes[9]:    8
[    0.094751] x86/fpu: Enabled xstate features 0x2e7, context size is 2440 bytes, using 'compacted' format.
[    0.111166] Freeing SMP alternatives memory: 40K
[    0.111752] pid_max: default: 32768 minimum: 301
[    0.112385] Mount-cache hash table entries: 2048 (order: 2, 16384 bytes, linear)
[    0.112752] Mountpoint-cache hash table entries: 2048 (order: 2, 16384 bytes, linear)
[    0.113915] smpboot: CPU0: AMD Ryzen 9 7950X 16-Core Processor (family: 0x19, model: 0x61, stepping: 0x2)
[    0.114837] RCU Tasks: Setting shift to 5 and lim to 1 rcu_task_cb_adjust=1.
[    0.115759] RCU Tasks Rude: Setting shift to 5 and lim to 1 rcu_task_cb_adjust=1.
[    0.116747] RCU Tasks Trace: Setting shift to 5 and lim to 1 rcu_task_cb_adjust=1.
[    0.116761] Performance Events: Fam17h+ core perfctr, AMD PMU driver.
[    0.117627] ... version:                0
[    0.117753] ... bit width:              48
[    0.118296] ... generic registers:      6
[    0.118753] ... value mask:             0000ffffffffffff
[    0.119451] ... max period:             00007fffffffffff
[    0.119753] ... fixed-purpose events:   0
[    0.120280] ... event mask:             000000000000003f
[    0.120821] signal: max sigframe size: 3376
[    0.121387] rcu: Hierarchical SRCU implementation.
[    0.121753] rcu: Max phase no-delay instances is 400.
[    0.124783] smp: Bringing up secondary CPUs ...
[    0.125438] smpboot: x86: Booting SMP configuration:
[    0.125755] .... node  #0, CPUs:        #1  #2  #3  #4  #5  #6  #7  #8  #9 #10 #11 #12 #13 #14 #15 #16 #17 #18 #19 #20 #21 #22 #23 #24 #25 #26 #27 #28 #29 #30 #31
[    0.145821] smp: Brought up 1 node, 32 CPUs
[    0.147457] smpboot: Max logical packages: 1
[    0.147755] smpboot: Total of 32 processors activated (287458.30 BogoMIPS)
[    0.150862] devtmpfs: initialized
[    0.151788] x86/mm: Memory block size: 128MB
[    0.153829] clocksource: jiffies: mask: 0xffffffff max_cycles: 0xffffffff, max_idle_ns: 1911260446275000 ns
[    0.154758] futex hash table entries: 8192 (order: 7, 524288 bytes, linear)
[    0.155909] PM: RTC time: 12:06:35, date: 2024-03-03
[    0.157417] NET: Registered PF_NETLINK/PF_ROUTE protocol family
[    0.158915] thermal_sys: Registered thermal governor 'step_wise'
[    0.158917] thermal_sys: Registered thermal governor 'user_space'
[    0.159852] cpuidle: using governor menu
[    0.163049] PCI: Using configuration type 1 for base access
[    0.163755] PCI: Using configuration type 1 for extended access
[    0.164839] kprobes: kprobe jump-optimization is enabled. All kprobes are optimized if possible.
[    0.182023] HugeTLB: registered 1.00 GiB page size, pre-allocated 0 pages
[    0.182753] HugeTLB: 16380 KiB vmemmap can be freed for a 1.00 GiB page
[    0.183653] HugeTLB: registered 2.00 MiB page size, pre-allocated 0 pages
[    0.184753] HugeTLB: 28 KiB vmemmap can be freed for a 2.00 MiB page
[    0.185800] ACPI: Added _OSI(Module Device)
[    0.186370] ACPI: Added _OSI(Processor Device)
[    0.186753] ACPI: Added _OSI(3.0 _SCP Extensions)
[    0.187380] ACPI: Added _OSI(Processor Aggregator Device)
[    0.188470] ACPI: 1 ACPI AML tables successfully acquired and loaded
[    0.190773] ACPI: _OSC evaluation for CPUs failed, trying _PDC
[    0.191893] ACPI: Interpreter enabled
[    0.192395] ACPI: PM: (supports S0 S3 S4 S5)
[    0.192753] ACPI: Using IOAPIC for interrupt routing
[    0.193416] PCI: Using host bridge windows from ACPI; if necessary, use "pci=nocrs" and report a bug
[    0.194753] PCI: Using E820 reservations for host bridge windows
[    0.195632] ACPI: Enabled 2 GPEs in block 00 to 0F
[    0.198448] ACPI: PCI Root Bridge [PCI0] (domain 0000 [bus 00-ff])
[    0.199756] acpi PNP0A03:00: _OSC: OS supports [ExtendedConfig ASPM ClockPM Segments MSI HPX-Type3]
[    0.200847] PCI host bridge to bus 0000:00
[    0.201388] pci_bus 0000:00: root bus resource [io  0x0000-0x0cf7 window]
[    0.202753] pci_bus 0000:00: root bus resource [io  0x0d00-0xffff window]
[    0.203656] pci_bus 0000:00: root bus resource [mem 0x000a0000-0x000bffff window]
[    0.203753] pci_bus 0000:00: root bus resource [mem 0x40000000-0xfebfffff window]
[    0.204747] pci_bus 0000:00: root bus resource [mem 0x100000000-0x17fffffff window]
[    0.205753] pci_bus 0000:00: root bus resource [bus 00-ff]
[    0.206577] pci 0000:00:00.0: [8086:1237] type 00 class 0x060000 conventional PCI endpoint
[    0.208007] pci 0000:00:01.0: [8086:7000] type 00 class 0x060100 conventional PCI endpoint
[    0.210079] pci 0000:00:01.1: [8086:7010] type 00 class 0x010180 conventional PCI endpoint
[    0.212987] pci 0000:00:01.1: BAR 4 [io  0xc080-0xc08f]
[    0.214471] pci 0000:00:01.1: BAR 0 [io  0x01f0-0x01f7]: legacy IDE quirk
[    0.215754] pci 0000:00:01.1: BAR 1 [io  0x03f6]: legacy IDE quirk
[    0.216580] pci 0000:00:01.1: BAR 2 [io  0x0170-0x0177]: legacy IDE quirk
[    0.217753] pci 0000:00:01.1: BAR 3 [io  0x0376]: legacy IDE quirk
[    0.218681] pci 0000:00:01.3: [8086:7113] type 00 class 0x068000 conventional PCI endpoint
[    0.219998] pci 0000:00:01.3: quirk: [io  0x0600-0x063f] claimed by PIIX4 ACPI
[    0.221758] pci 0000:00:01.3: quirk: [io  0x0700-0x070f] claimed by PIIX4 SMB
[    0.222881] pci 0000:00:02.0: [1af4:1009] type 00 class 0x000200 conventional PCI endpoint
[    0.224754] pci 0000:00:02.0: BAR 0 [io  0xc000-0xc03f]
[    0.227408] pci 0000:00:02.0: BAR 1 [mem 0xfebfd000-0xfebfdfff]
[    0.231753] pci 0000:00:02.0: BAR 4 [mem 0xfebf4000-0xfebf7fff 64bit pref]
[    0.235379] pci 0000:00:03.0: [1af4:1009] type 00 class 0x000200 conventional PCI endpoint
[    0.237753] pci 0000:00:03.0: BAR 0 [io  0xc040-0xc07f]
[    0.239387] pci 0000:00:03.0: BAR 1 [mem 0xfebfe000-0xfebfefff]
[    0.244379] pci 0000:00:03.0: BAR 4 [mem 0xfebf8000-0xfebfbfff 64bit pref]
[    0.247316] pci 0000:00:04.0: [8086:25ab] type 00 class 0x088000 conventional PCI endpoint
[    0.249243] pci 0000:00:04.0: BAR 0 [mem 0xfebff000-0xfebff00f]
[    0.252773] ACPI: PCI: Interrupt link LNKA configured for IRQ 10
[    0.254867] ACPI: PCI: Interrupt link LNKB configured for IRQ 10
[    0.255777] ACPI: PCI: Interrupt link LNKC configured for IRQ 11
[    0.256669] ACPI: PCI: Interrupt link LNKD configured for IRQ 11
[    0.257826] ACPI: PCI: Interrupt link LNKS configured for IRQ 9
[    0.259591] iommu: Default domain type: Translated
[    0.259753] iommu: DMA domain TLB invalidation policy: lazy mode
[    0.260608] SCSI subsystem initialized
[    0.261783] pps_core: LinuxPPS API ver. 1 registered
[    0.262451] pps_core: Software ver. 5.3.6 - Copyright 2005-2007 Rodolfo Giometti <giometti@linux.it>
[    0.262756] PTP clock support registered
[    0.263776] Advanced Linux Sound Architecture Driver Initialized.
[    0.265074] NET: Registered PF_ATMPVC protocol family
[    0.265753] NET: Registered PF_ATMSVC protocol family
[    0.266427] PCI: Using ACPI for IRQ routing
[    0.266878] vgaarb: loaded
[    0.267806] hpet0: at MMIO 0xfed00000, IRQs 2, 8, 0
[    0.268753] hpet0: 3 comparators, 64-bit 100.000000 MHz counter
[    0.274341] clocksource: Switched to clocksource kvm-clock
[    0.275147] VFS: Disk quotas dquot_6.6.0
[    0.275339] VFS: Dquot-cache hash table entries: 512 (order 0, 4096 bytes)
[    0.276688] pnp: PnP ACPI init
[    0.277350] pnp: PnP ACPI: found 5 devices
[    0.284706] clocksource: acpi_pm: mask: 0xffffff max_cycles: 0xffffff, max_idle_ns: 2085701024 ns
[    0.285917] NET: Registered PF_INET protocol family
[    0.286589] IP idents hash table entries: 16384 (order: 5, 131072 bytes, linear)
[    0.287839] tcp_listen_portaddr_hash hash table entries: 512 (order: 1, 8192 bytes, linear)
[    0.288966] Table-perturb hash table entries: 65536 (order: 6, 262144 bytes, linear)
[    0.289999] TCP established hash table entries: 8192 (order: 4, 65536 bytes, linear)
[    0.291029] TCP bind hash table entries: 8192 (order: 6, 262144 bytes, linear)
[    0.291997] TCP: Hash tables configured (established 8192 bind 8192)
[    0.292864] UDP hash table entries: 512 (order: 2, 16384 bytes, linear)
[    0.293747] UDP-Lite hash table entries: 512 (order: 2, 16384 bytes, linear)
[    0.294703] NET: Registered PF_UNIX/PF_LOCAL protocol family
[    0.295454] pci_bus 0000:00: resource 4 [io  0x0000-0x0cf7 window]
[    0.296273] pci_bus 0000:00: resource 5 [io  0x0d00-0xffff window]
[    0.297096] pci_bus 0000:00: resource 6 [mem 0x000a0000-0x000bffff window]
[    0.298003] pci_bus 0000:00: resource 7 [mem 0x40000000-0xfebfffff window]
[    0.298910] pci_bus 0000:00: resource 8 [mem 0x100000000-0x17fffffff window]
[    0.299863] pci 0000:00:01.0: PIIX3: Enabling Passive Release
[    0.300648] pci 0000:00:00.0: Limiting direct PCI/PCI transfers
[    0.301458] PCI: CLS 0 bytes, default 64
[    0.302029] kvm_intel: VMX not supported by CPU 2
[    0.302671] kvm_amd: TSC scaling supported
[    0.303213] kvm_amd: Nested Virtualization enabled
[    0.303849] kvm_amd: Nested Paging enabled
[    0.304403] kvm_amd: Virtual VMLOAD VMSAVE supported
[    0.305063] kvm_amd: Virtual GIF supported
[    0.305606] kvm_amd: Virtual NMI enabled
[    0.306123] kvm_amd: LBR virtualization supported
[    0.400008] workingset: timestamp_bits=56 max_order=18 bucket_order=0
[    0.400914] squashfs: version 4.0 (2009/01/31) Phillip Lougher
[    0.401695] fuse: init (API version 7.39)
[    0.402269] 9p: Installing v9fs 9p2000 file system support
[    0.403025] Key type asymmetric registered
[    0.403580] Block layer SCSI generic (bsg) driver version 0.4 loaded (major 249)
[    0.404567] io scheduler mq-deadline registered
[    0.405170] io scheduler kyber registered
[    0.406674] input: Power Button as /devices/LNXSYSTM:00/LNXPWRBN:00/input/input0
[    0.407734] ACPI: button: Power Button [PWRF]
[    0.408382] Warning: Processor Platform Limit event detected, but not handled.
[    0.409353] Consider compiling CPUfreq support into your kernel.
[    0.427043] ACPI: \_SB_.LNKB: Enabled at IRQ 10
[    0.444563] ACPI: \_SB_.LNKC: Enabled at IRQ 11
[    0.445854] Serial: 8250/16550 driver, 4 ports, IRQ sharing enabled
[    0.446819] 00:03: ttyS0 at I/O 0x3f8 (irq = 4, base_baud = 115200) is a 16550A
[    0.448224] Non-volatile memory driver v1.3
[    0.448802] Linux agpgart interface v0.103
[    0.449387] ACPI: bus type drm_connector registered
[    0.454336] loop: module loaded
[    0.455534] scsi host0: ata_piix
[    0.456123] scsi host1: ata_piix
[    0.456592] ata1: PATA max MWDMA2 cmd 0x1f0 ctl 0x3f6 bmdma 0xc080 irq 14 lpm-pol 0
[    0.457615] ata2: PATA max MWDMA2 cmd 0x170 ctl 0x376 bmdma 0xc088 irq 15 lpm-pol 0
[    0.458862] i8042: PNP: PS/2 Controller [PNP0303:KBD,PNP0f13:MOU] at 0x60,0x64 irq 1,12
[    0.460592] serio: i8042 KBD port at 0x60,0x64 irq 1
[    0.461251] serio: i8042 AUX port at 0x60,0x64 irq 12
[    0.462005] rtc_cmos 00:04: RTC can wake from S4
[    0.462887] rtc_cmos 00:04: registered as rtc0
[    0.463600] rtc_cmos 00:04: setting system clock to 2024-03-03T12:06:35 UTC (1709467595)
[    0.464742] rtc_cmos 00:04: alarms up to one day, y3k, 242 bytes nvram, hpet irqs
[    0.465927] input: AT Translated Set 2 keyboard as /devices/platform/i8042/serio0/input/input1
[    0.466589] i6300ESB timer 0000:00:04.0: initialized. heartbeat=30 sec (nowayout=0)
[    0.468911] device-mapper: ioctl: 4.48.0-ioctl (2023-03-01) initialised: dm-devel@redhat.com
[    0.470762] NET: Registered PF_PACKET protocol family
[    0.470783] input: ImExPS/2 Generic Explorer Mouse as /devices/platform/i8042/serio1/input/input3
[    0.471422] 9pnet: Installing 9P2000 support
[    0.473999] Key type dns_resolver registered
[    0.476221] IPI shorthand broadcast: enabled
[    0.478761] sched_clock: Marking stable (474000912, 4511678)->(490319057, -11806467)
[    0.480005] registered taskstats version 1
[    0.481635] PM:   Magic number: 0:542:126
[    0.482188] acpi device:01: hash matches
[    0.482716] printk: legacy console [netcon0] enabled
[    0.483354] netconsole: network logging started
[    0.483979] ALSA device list:
[    0.484365]   No soundcards found.
[    0.612658] ata2: found unknown device (class 0)
[    0.613826] ata2.00: ATAPI: QEMU DVD-ROM, 2.5+, max UDMA/100
[    0.615461] scsi 1:0:0:0: CD-ROM            QEMU     QEMU DVD-ROM     2.5+ PQ: 0 ANSI: 5
[    0.623912] scsi 1:0:0:0: Attached scsi generic sg0 type 5
[    0.624807] md: Skipping autodetection of RAID arrays. (raid=autodetect will force)
[    0.625943] 9pnet_virtio: no channels available for device 
[    0.627141] VFS: Mounted root (9p filesystem) readonly on device 0:19.
[    0.628224] devtmpfs: mounted
[    0.629411] Freeing unused kernel image (initmem) memory: 2988K
[    0.638517] Write protecting the kernel read-only data: 22528k
[    0.639746] Freeing unused kernel image (rodata/data gap) memory: 208K
[    0.674726] x86/mm: Checked W+X mappings: passed, no W+X pages found.
[    0.675478] Run /usr/lib/python3.11/site-packages/virtme/guest/virtme-init as init process
[    0.693378] mount (243) used greatest stack depth: 13208 bytes left
[    0.722485] mount (253) used greatest stack depth: 13144 bytes left
[    0.741903] mount (261) used greatest stack depth: 13064 bytes left
[    0.797907] virtme-init: basic initialization done
[    0.801709] virtme-init: udevd not found
[    0.839856] virtme-init: Setting hostname to virtme-ng...
[    0.848965] ip (335) used greatest stack depth: 12864 bytes left
          _      _                                    
   __   _(_)_ __| |_ _ __ ___   ___       _ __   __ _ 
   \ \ / / |  __| __|  _   _ \ / _ \_____|  _ \ / _  |
    \ V /| | |  | |_| | | | | |  __/_____| | | | (_| |
     \_/ |_|_|   \__|_| |_| |_|\___|     |_| |_|\__  |
                                                |___/ 
   kernel version: 6.8.0-rc6-virtme x86_64

virtme-ng:/nipa-data/kernel# PS1='xx__-> '
xx__-> env
PWD=/nipa-data/kernel
HOME=/
TERM=xterm
SHLVL=2
XDG_RUNTIME_DIR=/run/user/0
PATH=/bin:/sbin:/usr/bin:/usr/sbin:/usr/local/bin
OLDPWD=/
_=/usr/bin/env
xx__-> 