No EFI environment detected.
early console in extract_kernel
input_data: 0x00000000029ba2c4
input_len: 0x0000000000bbd66c
output: 0x0000000001000000
output_len: 0x0000000002532214
kernel_total_size: 0x0000000002430000
needed_size: 0x0000000002600000
trampoline_32bit: 0x0000000000000000
Physical KASLR using RDRAND RDTSC...
Virtual KASLR using RDRAND RDTSC...

Decompressing Linux... Parsing ELF... Performing relocations... done.
Booting the kernel (entry_offset: 0x0000000000fb41c0).
[    0.000000] Linux version 6.15.0-rc2-virtme (root@94aa9cccc390) (gcc (Ubuntu 13.3.0-6ubuntu2~24.04) 13.3.0, GNU ld (GNU Binutils for Ubuntu) 2.42) #1 SMP PREEMPT_DYNAMIC Tue Apr 22 06:06:28 UTC 2025
[    0.000000] Command line: virtme_hostname=virtme-ng nr_open=1048576 virtme_link_mods=/nipa-data/kernel/.virtme_mods/lib/modules/0.0.0 virtme_initmount0=nipa-data/kernel virtme_rw_overlay0=/etc virtme_rw_overlay1=/lib virtme_rw_overlay2=/home virtme_rw_overlay3=/opt virtme_rw_overlay4=/srv virtme_rw_overlay5=/usr virtme_rw_overlay6=/var console=hvc0 earlyprintk=serial,ttyS0,115200 virtme_console=ttyS0 psmouse.proto=exps TERM=xterm virtme_chdir=nipa-data/kernel virtme_root_user=1 rootfstype=9p rootflags=version=9p2000.L,trans=virtio,access=any raid=noautodetect ro init=/usr/lib/python3/dist-packages/virtme/guest/virtme-init
[    0.000000] BIOS-provided physical RAM map:
[    0.000000] BIOS-e820: [mem 0x0000000000000000-0x000000000009fbff] usable
[    0.000000] BIOS-e820: [mem 0x000000000009fc00-0x000000000009ffff] reserved
[    0.000000] BIOS-e820: [mem 0x00000000000f0000-0x00000000000fffff] reserved
[    0.000000] BIOS-e820: [mem 0x0000000000100000-0x000000003ffdffff] usable
[    0.000000] BIOS-e820: [mem 0x000000003ffe0000-0x000000003fffffff] reserved
[    0.000000] BIOS-e820: [mem 0x00000000feffc000-0x00000000feffffff] reserved
[    0.000000] BIOS-e820: [mem 0x00000000fffc0000-0x00000000ffffffff] reserved
[    0.000000] BIOS-e820: [mem 0x000000fd00000000-0x000000ffffffffff] reserved
[    0.000000] printk: legacy bootconsole [earlyser0] enabled
[    0.000000] NX (Execute Disable) protection: active
[    0.000000] APIC: Static calls initialized
[    0.000000] SMBIOS 3.0.0 present.
[    0.000000] DMI: QEMU Ubuntu 24.04 PC (i440FX + PIIX, 1996), BIOS 1.16.3-debian-1.16.3-2 04/01/2014
[    0.000000] DMI: Memory slots populated: 1/1
[    0.000000] Hypervisor detected: KVM
[    0.000000] kvm-clock: Using msrs 4b564d01 and 4b564d00
[    0.000000] kvm-clock: using sched offset of 205653381 cycles
[    0.000372] clocksource: kvm-clock: mask: 0xffffffffffffffff max_cycles: 0x1cd42e4dffb, max_idle_ns: 881590591483 ns
[    0.001514] tsc: Detected 4491.524 MHz processor
[    0.002090] last_pfn = 0x3ffe0 max_arch_pfn = 0x400000000
[    0.002491] MTRR map: 4 entries (3 fixed + 1 variable; max 19), built from 8 variable MTRRs
[    0.003099] x86/PAT: Configuration [0-7]: WB  WC  UC- UC  WB  WP  UC- WT  
Memory KASLR using RDRAND RDTSC...
[    0.005072] found SMP MP-table at [mem 0x000f5470-0x000f547f]
[    0.005483] Using GB pages for direct mapping
[    0.005811] ACPI: Early table checksum verification disabled
[    0.006209] ACPI: RSDP 0x00000000000F5290 000014 (v00 BOCHS )
[    0.006614] ACPI: RSDT 0x000000003FFE27BC 000034 (v01 BOCHS  BXPC     00000001 BXPC 00000001)
[    0.007217] ACPI: FACP 0x000000003FFE2578 000074 (v01 BOCHS  BXPC     00000001 BXPC 00000001)
[    0.007816] ACPI: DSDT 0x000000003FFE0040 002538 (v01 BOCHS  BXPC     00000001 BXPC 00000001)
[    0.008414] ACPI: FACS 0x000000003FFE0000 000040
[    0.008739] ACPI: APIC 0x000000003FFE25EC 000170 (v03 BOCHS  BXPC     00000001 BXPC 00000001)
[    0.009338] ACPI: HPET 0x000000003FFE275C 000038 (v01 BOCHS  BXPC     00000001 BXPC 00000001)
[    0.009936] ACPI: WAET 0x000000003FFE2794 000028 (v01 BOCHS  BXPC     00000001 BXPC 00000001)
[    0.010535] ACPI: Reserving FACP table memory at [mem 0x3ffe2578-0x3ffe25eb]
[    0.011032] ACPI: Reserving DSDT table memory at [mem 0x3ffe0040-0x3ffe2577]
[    0.011530] ACPI: Reserving FACS table memory at [mem 0x3ffe0000-0x3ffe003f]
[    0.012024] ACPI: Reserving APIC table memory at [mem 0x3ffe25ec-0x3ffe275b]
[    0.012517] ACPI: Reserving HPET table memory at [mem 0x3ffe275c-0x3ffe2793]
[    0.013011] ACPI: Reserving WAET table memory at [mem 0x3ffe2794-0x3ffe27bb]
[    0.013641] No NUMA configuration found
[    0.013911] Faking a node at [mem 0x0000000000000000-0x000000003ffdffff]
[    0.014382] NODE_DATA(0) allocated [mem 0x3ffdb600-0x3ffdffff]
[    0.014799] Zone ranges:
[    0.014982]   DMA      [mem 0x0000000000001000-0x0000000000ffffff]
[    0.015416]   DMA32    [mem 0x0000000001000000-0x000000003ffdffff]
[    0.015850]   Normal   empty
[    0.016052]   Device   empty
[    0.016254] Movable zone start for each node
[    0.016554] Early memory node ranges
[    0.016804]   node   0: [mem 0x0000000000001000-0x000000000009efff]
[    0.017245]   node   0: [mem 0x0000000000100000-0x000000003ffdffff]
[    0.017685] Initmem setup node 0 [mem 0x0000000000001000-0x000000003ffdffff]
[    0.018255] On node 0, zone DMA: 1 pages in unavailable ranges
[    0.018672] On node 0, zone DMA: 97 pages in unavailable ranges
[    0.020053] On node 0, zone DMA32: 32 pages in unavailable ranges
[    0.020676] ACPI: PM-Timer IO Port: 0x608
[    0.020963] ACPI: LAPIC_NMI (acpi_id[0xff] dfl dfl lint[0x1])
[    0.021381] IOAPIC[0]: apic_id 0, version 17, address 0xfec00000, GSI 0-23
[    0.021864] ACPI: INT_SRC_OVR (bus 0 bus_irq 0 global_irq 2 dfl dfl)
[    0.022311] ACPI: INT_SRC_OVR (bus 0 bus_irq 5 global_irq 5 high level)
[    0.022776] ACPI: INT_SRC_OVR (bus 0 bus_irq 9 global_irq 9 high level)
[    0.023251] ACPI: INT_SRC_OVR (bus 0 bus_irq 10 global_irq 10 high level)
[    0.023728] ACPI: INT_SRC_OVR (bus 0 bus_irq 11 global_irq 11 high level)
[    0.024206] ACPI: Using ACPI (MADT) for SMP configuration information
[    0.024658] ACPI: HPET id: 0x8086a201 base: 0xfed00000
[    0.025020] TSC deadline timer available
[    0.025298] CPU topo: Max. logical packages:   1
[    0.025622] CPU topo: Max. logical dies:       1
[    0.025946] CPU topo: Max. dies per package:   1
[    0.026272] CPU topo: Max. threads per core:   1
[    0.026596] CPU topo: Num. cores per package:    32
[    0.026941] CPU topo: Num. threads per package:  32
[    0.027282] CPU topo: Allowing 32 present CPUs plus 0 hotplug CPUs
[    0.027721] kvm-guest: APIC: eoi() replaced with kvm_guest_apic_eoi_write()
[    0.028219] kvm-guest: KVM setup pv remote TLB flush
[    0.028569] kvm-guest: setup PV sched yield
[    0.028866] PM: hibernation: Registered nosave memory: [mem 0x00000000-0x00000fff]
[    0.029397] PM: hibernation: Registered nosave memory: [mem 0x0009f000-0x000fffff]
[    0.029928] [mem 0x40000000-0xfeffbfff] available for PCI devices
[    0.030356] Booting paravirtualized kernel on KVM
[    0.030686] clocksource: refined-jiffies: mask: 0xffffffff max_cycles: 0xffffffff, max_idle_ns: 1910969940391419 ns
[    0.034163] setup_percpu: NR_CPUS:64 nr_cpumask_bits:32 nr_cpu_ids:32 nr_node_ids:1
[    0.035275] percpu: Embedded 53 pages/cpu s178392 r8192 d30504 u262144
[    0.035763] Kernel command line: virtme_hostname=virtme-ng nr_open=1048576 virtme_link_mods=/nipa-data/kernel/.virtme_mods/lib/modules/0.0.0 virtme_initmount0=nipa-data/kernel virtme_rw_overlay0=/etc virtme_rw_overlay1=/lib virtme_rw_overlay2=/home virtme_rw_overlay3=/opt virtme_rw_overlay4=/srv virtme_rw_overlay5=/usr virtme_rw_overlay6=/var console=hvc0 earlyprintk=serial,ttyS0,115200 virtme_console=ttyS0 psmouse.proto=exps TERM=xterm virtme_chdir=nipa-data/kernel virtme_root_user=1 rootfstype=9p rootflags=version=9p2000.L,trans=virtio,access=any raid=noautodetect ro init=/usr/lib/python3/dist-packages/virtme/guest/virtme-init
[    0.039854] Unknown kernel command line parameters "virtme_hostname=virtme-ng nr_open=1048576 virtme_link_mods=/nipa-data/kernel/.virtme_mods/lib/modules/0.0.0 virtme_initmount0=nipa-data/kernel virtme_rw_overlay0=/etc virtme_rw_overlay1=/lib virtme_rw_overlay2=/home virtme_rw_overlay3=/opt virtme_rw_overlay4=/srv virtme_rw_overlay5=/usr virtme_rw_overlay6=/var virtme_console=ttyS0 virtme_chdir=nipa-data/kernel virtme_root_user=1", will be passed to user space.
[    0.042995] random: crng init done
[    0.043240] printk: log buffer data + meta data: 262144 + 917504 = 1179648 bytes
[    0.043802] Dentry cache hash table entries: 131072 (order: 8, 1048576 bytes, linear)
[    0.044383] Inode-cache hash table entries: 65536 (order: 7, 524288 bytes, linear)
[    0.045016] Fallback order for Node 0: 0 
[    0.045018] Built 1 zonelists, mobility grouping on.  Total pages: 262014
[    0.045797] Policy zone: DMA32
[    0.046018] mem auto-init: stack:all(zero), heap alloc:off, heap free:off
[    0.047032] SLUB: HWalign=64, Order=0-3, MinObjects=0, CPUs=32, Nodes=1
Poking KASLR using RDRAND RDTSC...
[    0.054321] ftrace: allocating 48743 entries in 192 pages
[    0.054711] ftrace: allocated 192 pages with 2 groups
[    0.055656] Dynamic Preempt: voluntary
[    0.056058] rcu: Preemptible hierarchical RCU implementation.
[    0.056472] rcu: RCU event tracing is enabled.
[    0.056796] rcu: RCU restricting CPUs from NR_CPUS=64 to nr_cpu_ids=32.
[    0.057276] Trampoline variant of Tasks RCU enabled.
[    0.057638] Rude variant of Tasks RCU enabled.
[    0.057963] Tracing variant of Tasks RCU enabled.
[    0.058309] rcu: RCU calculated value of scheduler-enlistment delay is 100 jiffies.
[    0.058858] rcu: Adjusting geometry for rcu_fanout_leaf=16, nr_cpu_ids=32
[    0.059370] RCU Tasks: Setting shift to 5 and lim to 1 rcu_task_cb_adjust=1 rcu_task_cpu_ids=32.
[    0.060003] RCU Tasks Rude: Setting shift to 5 and lim to 1 rcu_task_cb_adjust=1 rcu_task_cpu_ids=32.
[    0.060667] RCU Tasks Trace: Setting shift to 5 and lim to 1 rcu_task_cb_adjust=1 rcu_task_cpu_ids=32.
[    0.063101] NR_IRQS: 4352, nr_irqs: 680, preallocated irqs: 16
[    0.063690] rcu: srcu_init: Setting srcu_struct sizes based on contention.
[    0.064316] Console: colour *CGA 80x25
[    0.064589] ACPI: Core revision 20240827
[    0.064935] clocksource: hpet: mask: 0xffffffff max_cycles: 0xffffffff, max_idle_ns: 19112604467 ns
[    0.065636] APIC: Switch to symmetric I/O mode setup
[    0.066128] x2apic enabled
[    0.066490] APIC: Switched APIC routing to: physical x2apic
[    0.066899] kvm-guest: APIC: send_IPI_mask() replaced with kvm_send_ipi_mask()
[    0.067415] kvm-guest: APIC: send_IPI_mask_allbutself() replaced with kvm_send_ipi_mask_allbutself()
[    0.068054] kvm-guest: setup PV IPIs
[    0.069031] ..TIMER: vector=0x30 apic1=0 pin1=2 apic2=-1 pin2=-1
[    0.069812] clocksource: tsc-early: mask: 0xffffffffffffffff max_cycles: 0x40be215b5d9, max_idle_ns: 440795359804 ns
[    0.071149] Calibrating delay loop (skipped) preset value.. 8983.04 BogoMIPS (lpj=4491524)
[    0.072210] x86/cpu: User Mode Instruction Prevention (UMIP) activated
[    0.073195] Last level iTLB entries: 4KB 512, 2MB 255, 4MB 127
[    0.074148] Last level dTLB entries: 4KB 512, 2MB 255, 4MB 127, 1GB 0
[    0.075152] Spectre V1 : Mitigation: usercopy/swapgs barriers and __user pointer sanitization
[    0.076151] Spectre V2 : Mitigation: Enhanced / Automatic IBRS
[    0.076879] Spectre V2 : mitigation: Enabling conditional Indirect Branch Prediction Barrier
[    0.077150] Speculative Store Bypass: Mitigation: Speculative Store Bypass disabled via prctl
[    0.078148] Speculative Return Stack Overflow: IBPB-extending microcode not applied!
[    0.079148] Speculative Return Stack Overflow: WARNING: See https://kernel.org/doc/html/latest/admin-guide/hw-vuln/srso.html for mitigation options.
[    0.079149] Speculative Return Stack Overflow: Vulnerable: Safe RET, no microcode
[    0.081163] x86/fpu: Supporting XSAVE feature 0x001: 'x87 floating point registers'
[    0.082148] x86/fpu: Supporting XSAVE feature 0x002: 'SSE registers'
[    0.083148] x86/fpu: Supporting XSAVE feature 0x004: 'AVX registers'
[    0.084148] x86/fpu: Supporting XSAVE feature 0x020: 'AVX-512 opmask'
[    0.084932] x86/fpu: Supporting XSAVE feature 0x040: 'AVX-512 Hi256'
[    0.085148] x86/fpu: Supporting XSAVE feature 0x080: 'AVX-512 ZMM_Hi256'
[    0.086148] x86/fpu: Supporting XSAVE feature 0x200: 'Protection Keys User registers'
[    0.087149] x86/fpu: xstate_offset[2]:  576, xstate_sizes[2]:  256
[    0.088148] x86/fpu: xstate_offset[5]:  832, xstate_sizes[5]:   64
[    0.089148] x86/fpu: xstate_offset[6]:  896, xstate_sizes[6]:  512
[    0.089900] x86/fpu: xstate_offset[7]: 1408, xstate_sizes[7]: 1024
[    0.090148] x86/fpu: xstate_offset[9]: 2432, xstate_sizes[9]:    8
[    0.091148] x86/fpu: Enabled xstate features 0x2e7, context size is 2440 bytes, using 'compacted' format.
[    0.106768] Freeing SMP alternatives memory: 44K
[    0.107149] pid_max: default: 32768 minimum: 301
[    0.107731] Mount-cache hash table entries: 2048 (order: 2, 16384 bytes, linear)
[    0.108149] Mountpoint-cache hash table entries: 2048 (order: 2, 16384 bytes, linear)
[    0.109280] smpboot: CPU0: AMD Ryzen 9 7950X 16-Core Processor (family: 0x19, model: 0x61, stepping: 0x2)
[    0.110248] Performance Events: Fam17h+ core perfctr, AMD PMU driver.
[    0.111054] ... version:                0
[    0.111150] ... bit width:              48
[    0.111650] ... generic registers:      6
[    0.112139] ... value mask:             0000ffffffffffff
[    0.112150] ... max period:             00007fffffffffff
[    0.112802] ... fixed-purpose events:   0
[    0.113150] ... event mask:             000000000000003f
[    0.113872] signal: max sigframe size: 3376
[    0.114163] rcu: Hierarchical SRCU implementation.
[    0.114749] rcu: Max phase no-delay instances is 400.
[    0.115173] Timer migration: 2 hierarchy levels; 8 children per group; 2 crossnode level
[    0.118318] smp: Bringing up secondary CPUs ...
[    0.118925] smpboot: x86: Booting SMP configuration:
[    0.119151] .... node  #0, CPUs:        #1  #2  #3  #4  #5  #6  #7  #8  #9 #10 #11 #12 #13 #14 #15 #16 #17 #18 #19 #20 #21 #22 #23 #24 #25 #26 #27 #28 #29 #30 #31
[    0.130237] smp: Brought up 1 node, 32 CPUs
[    0.131667] smpboot: Total of 32 processors activated (287457.53 BogoMIPS)
[    0.133285] Memory: 971000K/1048056K available (16081K kernel code, 2477K rwdata, 6428K rodata, 3200K init, 1680K bss, 62536K reserved, 0K cma-reserved)
[    0.134257] devtmpfs: initialized
[    0.134593] x86/mm: Memory block size: 128MB
[    0.135865] clocksource: jiffies: mask: 0xffffffff max_cycles: 0xffffffff, max_idle_ns: 1911260446275000 ns
[    0.136151] posixtimers hash table entries: 16384 (order: 6, 262144 bytes, linear)
[    0.137099] futex hash table entries: 8192 (order: 7, 524288 bytes, linear)
[    0.137230] PM: RTC time: 06:06:45, date: 2025-04-22
[    0.138160] NET: Registered PF_NETLINK/PF_ROUTE protocol family
[    0.139033] thermal_sys: Registered thermal governor 'step_wise'
[    0.139043] cpuidle: using governor menu
[    0.140516] PCI: Using configuration type 1 for base access
[    0.141154] PCI: Using configuration type 1 for extended access
[    0.141950] kprobes: kprobe jump-optimization is enabled. All kprobes are optimized if possible.
[    0.149319] HugeTLB: allocation took 0ms with hugepage_allocation_threads=8
[    0.150178] HugeTLB: registered 1.00 GiB page size, pre-allocated 0 pages
[    0.151019] HugeTLB: 16380 KiB vmemmap can be freed for a 1.00 GiB page
[    0.152150] HugeTLB: registered 2.00 MiB page size, pre-allocated 0 pages
[    0.152988] HugeTLB: 28 KiB vmemmap can be freed for a 2.00 MiB page
[    0.157275] ACPI: Added _OSI(Module Device)
[    0.157804] ACPI: Added _OSI(Processor Device)
[    0.158150] ACPI: Added _OSI(3.0 _SCP Extensions)
[    0.158735] ACPI: Added _OSI(Processor Aggregator Device)
[    0.159799] ACPI: 1 ACPI AML tables successfully acquired and loaded
[    0.163550] ACPI: Interpreter enabled
[    0.164158] ACPI: PM: (supports S0 S3 S4 S5)
[    0.164689] ACPI: Using IOAPIC for interrupt routing
[    0.165158] PCI: Using host bridge windows from ACPI; if necessary, use "pci=nocrs" and report a bug
[    0.166150] PCI: Using E820 reservations for host bridge windows
[    0.166974] ACPI: Enabled 2 GPEs in block 00 to 0F
[    0.169772] ACPI: PCI Root Bridge [PCI0] (domain 0000 [bus 00-ff])
[    0.171152] acpi PNP0A03:00: _OSC: OS supports [ExtendedConfig ASPM ClockPM Segments MSI HPX-Type3]
[    0.172238] PCI host bridge to bus 0000:00
[    0.172744] pci_bus 0000:00: root bus resource [io  0x0000-0x0cf7 window]
[    0.173150] pci_bus 0000:00: root bus resource [io  0x0d00-0xffff window]
[    0.173990] pci_bus 0000:00: root bus resource [mem 0x000a0000-0x000bffff window]
[    0.175150] pci_bus 0000:00: root bus resource [mem 0x40000000-0xfebfffff window]
[    0.176081] pci_bus 0000:00: root bus resource [mem 0x100000000-0x17fffffff window]
[    0.177151] pci_bus 0000:00: root bus resource [bus 00-ff]
[    0.177908] pci 0000:00:00.0: [8086:1237] type 00 class 0x060000 conventional PCI endpoint
[    0.179420] pci 0000:00:01.0: [8086:7000] type 00 class 0x060100 conventional PCI endpoint
[    0.180421] pci 0000:00:01.1: [8086:7010] type 00 class 0x010180 conventional PCI endpoint
[    0.181644] pci 0000:00:01.1: BAR 4 [io  0xc0c0-0xc0cf]
[    0.182168] pci 0000:00:01.1: BAR 0 [io  0x01f0-0x01f7]: legacy IDE quirk
[    0.183017] pci 0000:00:01.1: BAR 1 [io  0x03f6]: legacy IDE quirk
[    0.184150] pci 0000:00:01.1: BAR 2 [io  0x0170-0x0177]: legacy IDE quirk
[    0.184996] pci 0000:00:01.1: BAR 3 [io  0x0376]: legacy IDE quirk
[    0.186244] pci 0000:00:01.3: [8086:7113] type 00 class 0x068000 conventional PCI endpoint
[    0.187346] pci 0000:00:01.3: quirk: [io  0x0600-0x063f] claimed by PIIX4 ACPI
[    0.188154] pci 0000:00:01.3: quirk: [io  0x0700-0x070f] claimed by PIIX4 SMB
[    0.189202] pci 0000:00:02.0: [1af4:1009] type 00 class 0x000200 conventional PCI endpoint
[    0.191155] pci 0000:00:02.0: BAR 0 [io  0xc000-0xc03f]
[    0.191808] pci 0000:00:02.0: BAR 1 [mem 0xfebfc000-0xfebfcfff]
[    0.193164] pci 0000:00:02.0: BAR 4 [mem 0xfebf0000-0xfebf3fff 64bit pref]
[    0.194742] pci 0000:00:03.0: [1af4:1009] type 00 class 0x000200 conventional PCI endpoint
[    0.195639] pci 0000:00:03.0: BAR 0 [io  0xc040-0xc07f]
[    0.196154] pci 0000:00:03.0: BAR 1 [mem 0xfebfd000-0xfebfdfff]
[    0.196900] pci 0000:00:03.0: BAR 4 [mem 0xfebf4000-0xfebf7fff 64bit pref]
[    0.198668] pci 0000:00:04.0: [8086:25ab] type 00 class 0x088000 conventional PCI endpoint
[    0.199443] pci 0000:00:04.0: BAR 0 [mem 0xfebfe000-0xfebfe00f]
[    0.200561] pci 0000:00:05.0: [1af4:1003] type 00 class 0x078000 conventional PCI endpoint
[    0.203154] pci 0000:00:05.0: BAR 0 [io  0xc080-0xc0bf]
[    0.203904] pci 0000:00:05.0: BAR 1 [mem 0xfebff000-0xfebfffff]
[    0.204164] pci 0000:00:05.0: BAR 4 [mem 0xfebf8000-0xfebfbfff 64bit pref]
[    0.205732] ACPI: PCI: Interrupt link LNKA configured for IRQ 10
[    0.207262] ACPI: PCI: Interrupt link LNKB configured for IRQ 10
[    0.208118] ACPI: PCI: Interrupt link LNKC configured for IRQ 11
[    0.209244] ACPI: PCI: Interrupt link LNKD configured for IRQ 11
[    0.210055] ACPI: PCI: Interrupt link LNKS configured for IRQ 9
[    0.210965] iommu: Default domain type: Translated
[    0.212151] iommu: DMA domain TLB invalidation policy: lazy mode
[    0.212947] SCSI subsystem initialized
[    0.213182] pps_core: LinuxPPS API ver. 1 registered
[    0.213808] pps_core: Software ver. 5.3.6 - Copyright 2005-2007 Rodolfo Giometti <giometti@linux.it>
[    0.215152] PTP clock support registered
[    0.215649] Advanced Linux Sound Architecture Driver Initialized.
[    0.216420] NET: Registered PF_ATMPVC protocol family
[    0.217053] NET: Registered PF_ATMSVC protocol family
[    0.218155] PCI: Using ACPI for IRQ routing
[    0.218764] vgaarb: loaded
[    0.219160] hpet0: at MMIO 0xfed00000, IRQs 2, 8, 0
[    0.219772] hpet0: 3 comparators, 64-bit 100.000000 MHz counter
[    0.223228] clocksource: Switched to clocksource kvm-clock
[    0.224013] VFS: Disk quotas dquot_6.6.0
[    0.224465] VFS: Dquot-cache hash table entries: 512 (order 0, 4096 bytes)
[    0.226001] pnp: PnP ACPI init
[    0.226562] pnp: PnP ACPI: found 5 devices
[    0.232442] clocksource: acpi_pm: mask: 0xffffff max_cycles: 0xffffff, max_idle_ns: 2085701024 ns
[    0.233552] NET: Registered PF_INET protocol family
[    0.234170] IP idents hash table entries: 16384 (order: 5, 131072 bytes, linear)
[    0.235226] tcp_listen_portaddr_hash hash table entries: 512 (order: 1, 8192 bytes, linear)
[    0.236265] Table-perturb hash table entries: 65536 (order: 6, 262144 bytes, linear)
[    0.237223] TCP established hash table entries: 8192 (order: 4, 65536 bytes, linear)
[    0.238180] TCP bind hash table entries: 8192 (order: 6, 262144 bytes, linear)
[    0.239077] TCP: Hash tables configured (established 8192 bind 8192)
[    0.239878] UDP hash table entries: 512 (order: 3, 32768 bytes, linear)
[    0.240703] UDP-Lite hash table entries: 512 (order: 3, 32768 bytes, linear)
[    0.241599] NET: Registered PF_UNIX/PF_LOCAL protocol family
[    0.242307] pci_bus 0000:00: resource 4 [io  0x0000-0x0cf7 window]
[    0.243077] pci_bus 0000:00: resource 5 [io  0x0d00-0xffff window]
[    0.243852] pci_bus 0000:00: resource 6 [mem 0x000a0000-0x000bffff window]
[    0.244702] pci_bus 0000:00: resource 7 [mem 0x40000000-0xfebfffff window]
[    0.245556] pci_bus 0000:00: resource 8 [mem 0x100000000-0x17fffffff window]
[    0.246451] pci 0000:00:01.0: PIIX3: Enabling Passive Release
[    0.247169] pci 0000:00:00.0: Limiting direct PCI/PCI transfers
[    0.247936] PCI: CLS 0 bytes, default 64
[    0.248474] kvm_intel: VMX not supported by CPU 16
[    0.249096] kvm_amd: TSC scaling supported
[    0.249602] kvm_amd: Nested Virtualization enabled
[    0.250204] kvm_amd: Nested Paging enabled
[    0.250707] kvm_amd: LBR virtualization supported
[    0.251294] kvm_amd: Virtual GIF supported
[    0.251799] kvm_amd: Virtual NMI enabled
[    0.277246] clocksource: tsc: mask: 0xffffffffffffffff max_cycles: 0x40be215b5d9, max_idle_ns: 440795359804 ns
[    0.283642] Initialise system trusted keyrings
[    0.284384] workingset: timestamp_bits=56 max_order=18 bucket_order=0
[    0.285209] squashfs: version 4.0 (2009/01/31) Phillip Lougher
[    0.285942] fuse: init (API version 7.43)
[    0.286470] 9p: Installing v9fs 9p2000 file system support
[    0.293736] Key type asymmetric registered
[    0.294254] Asymmetric key parser 'x509' registered
[    0.294870] Block layer SCSI generic (bsg) driver version 0.4 loaded (major 249)
[    0.295813] io scheduler mq-deadline registered
[    0.296389] io scheduler kyber registered
[    0.298281] input: Power Button as /devices/LNXSYSTM:00/LNXPWRBN:00/input/input0
[    0.299276] ACPI: button: Power Button [PWRF]
[    0.300220] Warning: Processor Platform Limit event detected, but not handled.
[    0.301133] Consider compiling CPUfreq support into your kernel.
[    0.318700] ACPI: \_SB_.LNKB: Enabled at IRQ 10
[    0.334552] ACPI: \_SB_.LNKC: Enabled at IRQ 11
[    0.350362] ACPI: \_SB_.LNKA: Enabled at IRQ 10
[    0.351415] Serial: 8250/16550 driver, 4 ports, IRQ sharing enabled
[    0.352307] 00:03: ttyS0 at I/O 0x3f8 (irq = 4, base_baud = 115200) is a 16550A
[    0.393776] Non-volatile memory driver v1.3
[    0.394301] Linux agpgart interface v0.103
[    0.394849] ACPI: bus type drm_connector registered
[    0.395870] printk: legacy console [hvc0] enabled
[    0.396468] printk: legacy bootconsole [earlyser0] disabled
          _      _                                    
   __   _(_)_ __| |_ _ __ ___   ___       _ __   __ _ 
   \ \ / / |  __| __|  _   _ \ / _ \_____|  _ \ / _  |
    \ V /| | |  | |_| | | | | |  __/_____| | | | (_| |
     \_/ |_|_|   \__|_| |_| |_|\___|     |_| |_|\__  |
                                                |___/ 
   kernel version: 6.15.0-rc2-virtme x86_64
   (CTRL+d to exit)

root@virtme-ng:/nipa-data/kernel# PS1='xx__-> '
xx__-> env
PWD=/nipa-data/kernel
nr_open=1048576
HOME=/
TERM=xterm
SHLVL=2
XDG_RUNTIME_DIR=/run/user/0
PATH=/bin:/sbin:/usr/bin:/usr/sbin:/usr/local/bin
OLDPWD=/
_=/bin/env
xx__-> 