No EFI environment detected.
early console in extract_kernel
input_data: 0x0000000004cb82c4
input_len: 0x00000000018d6462
output: 0x0000000001000000
output_len: 0x0000000005518e94
kernel_total_size: 0x0000000005030000
needed_size: 0x0000000005600000
trampoline_32bit: 0x0000000000000000
Physical KASLR using RDRAND RDTSC...
Virtual KASLR using RDRAND RDTSC...

Decompressing Linux... Parsing ELF... Performing relocations... done.
Booting the kernel (entry_offset: 0x0000000000000000).
[    0.000000] Linux version 6.12.0-rc4-virtme (root@9c554d05ed37) (gcc (Ubuntu 13.2.0-23ubuntu4) 13.2.0, GNU ld (GNU Binutils for Ubuntu) 2.42) #1 SMP PREEMPT_DYNAMIC Tue Oct 29 06:26:33 UTC 2024
[    0.000000] Command line: virtme_hostname=virtme-ng nr_open=1048576 virtme_link_mods=/nipa-data/kernel/.virtme_mods/lib/modules/0.0.0 virtme_initmount0=nipa-data/kernel virtme_rw_overlay0=/etc virtme_rw_overlay1=/lib virtme_rw_overlay2=/home virtme_rw_overlay3=/opt virtme_rw_overlay4=/srv virtme_rw_overlay5=/usr virtme_rw_overlay6=/var console=hvc0 earlyprintk=serial,ttyS0,115200 virtme_console=ttyS0 psmouse.proto=exps TERM=xterm virtme_chdir=nipa-data/kernel virtme_root_user=1 rootfstype=9p rootflags=version=9p2000.L,trans=virtio,access=any raid=noautodetect ro init=/usr/lib/python3/dist-packages/virtme/guest/virtme-init
[    0.000000] BIOS-provided physical RAM map:
[    0.000000] BIOS-e820: [mem 0x0000000000000000-0x000000000009fbff] usable
[    0.000000] BIOS-e820: [mem 0x000000000009fc00-0x000000000009ffff] reserved
[    0.000000] BIOS-e820: [mem 0x00000000000f0000-0x00000000000fffff] reserved
[    0.000000] BIOS-e820: [mem 0x0000000000100000-0x000000003ffdffff] usable
[    0.000000] BIOS-e820: [mem 0x000000003ffe0000-0x000000003fffffff] reserved
[    0.000000] BIOS-e820: [mem 0x00000000feffc000-0x00000000feffffff] reserved
[    0.000000] BIOS-e820: [mem 0x00000000fffc0000-0x00000000ffffffff] reserved
[    0.000000] BIOS-e820: [mem 0x000000fd00000000-0x000000ffffffffff] reserved
[    0.000000] printk: legacy bootconsole [earlyser0] enabled
[    0.000000] NX (Execute Disable) protection: active
[    0.000000] APIC: Static calls initialized
[    0.000000] SMBIOS 3.0.0 present.
[    0.000000] DMI: QEMU Ubuntu 24.04 PC (i440FX + PIIX, 1996), BIOS 1.16.3-debian-1.16.3-2 04/01/2014
[    0.000000] DMI: Memory slots populated: 1/1
[    0.000000] Hypervisor detected: KVM
[    0.000000] kvm-clock: Using msrs 4b564d01 and 4b564d00
[    0.000000] kvm-clock: using sched offset of 289995434 cycles
[    0.000344] clocksource: kvm-clock: mask: 0xffffffffffffffff max_cycles: 0x1cd42e4dffb, max_idle_ns: 881590591483 ns
[    0.001411] tsc: Detected 4491.560 MHz processor
[    0.002038] last_pfn = 0x3ffe0 max_arch_pfn = 0x400000000
[    0.002415] MTRR map: 4 entries (3 fixed + 1 variable; max 19), built from 8 variable MTRRs
[    0.002964] x86/PAT: Configuration [0-7]: WB  WC  UC- UC  WB  WP  UC- WT  
[    0.004842] found SMP MP-table at [mem 0x000f5470-0x000f547f]
[    0.005226] Using GB pages for direct mapping
[    0.005786] ACPI: Early table checksum verification disabled
[    0.006159] ACPI: RSDP 0x00000000000F5290 000014 (v00 BOCHS )
[    0.006538] ACPI: RSDT 0x000000003FFE27BC 000034 (v01 BOCHS  BXPC     00000001 BXPC 00000001)
[    0.007099] ACPI: FACP 0x000000003FFE2578 000074 (v01 BOCHS  BXPC     00000001 BXPC 00000001)
[    0.007661] ACPI: DSDT 0x000000003FFE0040 002538 (v01 BOCHS  BXPC     00000001 BXPC 00000001)
[    0.008221] ACPI: FACS 0x000000003FFE0000 000040
[    0.008526] ACPI: APIC 0x000000003FFE25EC 000170 (v03 BOCHS  BXPC     00000001 BXPC 00000001)
[    0.009089] ACPI: HPET 0x000000003FFE275C 000038 (v01 BOCHS  BXPC     00000001 BXPC 00000001)
[    0.009649] ACPI: WAET 0x000000003FFE2794 000028 (v01 BOCHS  BXPC     00000001 BXPC 00000001)
[    0.010209] ACPI: Reserving FACP table memory at [mem 0x3ffe2578-0x3ffe25eb]
[    0.010671] ACPI: Reserving DSDT table memory at [mem 0x3ffe0040-0x3ffe2577]
[    0.011132] ACPI: Reserving FACS table memory at [mem 0x3ffe0000-0x3ffe003f]
[    0.011594] ACPI: Reserving APIC table memory at [mem 0x3ffe25ec-0x3ffe275b]
[    0.012056] ACPI: Reserving HPET table memory at [mem 0x3ffe275c-0x3ffe2793]
[    0.012518] ACPI: Reserving WAET table memory at [mem 0x3ffe2794-0x3ffe27bb]
[    0.013166] No NUMA configuration found
[    0.013422] Faking a node at [mem 0x0000000000000000-0x000000003ffdffff]
[    0.013861] NODE_DATA(0) allocated [mem 0x3ffdb780-0x3ffdffff]
[    0.014257] Zone ranges:
[    0.014428]   DMA      [mem 0x0000000000001000-0x0000000000ffffff]
[    0.014835]   DMA32    [mem 0x0000000001000000-0x000000003ffdffff]
[    0.015243]   Normal   empty
[    0.015433]   Device   empty
[    0.015623] Movable zone start for each node
[    0.015903] Early memory node ranges
[    0.016138]   node   0: [mem 0x0000000000001000-0x000000000009efff]
[    0.016554]   node   0: [mem 0x0000000000100000-0x000000003ffdffff]
[    0.016966] Initmem setup node 0 [mem 0x0000000000001000-0x000000003ffdffff]
[    0.017431] On node 0, zone DMA: 1 pages in unavailable ranges
[    0.017868] On node 0, zone DMA: 97 pages in unavailable ranges
[    0.022453] On node 0, zone DMA32: 32 pages in unavailable ranges
[    0.031377] kasan: KernelAddressSanitizer initialized
[    0.031920] ACPI: PM-Timer IO Port: 0x608
[    0.032194] ACPI: LAPIC_NMI (acpi_id[0xff] dfl dfl lint[0x1])
[    0.032590] IOAPIC[0]: apic_id 0, version 17, address 0xfec00000, GSI 0-23
[    0.033053] ACPI: INT_SRC_OVR (bus 0 bus_irq 0 global_irq 2 dfl dfl)
[    0.033470] ACPI: INT_SRC_OVR (bus 0 bus_irq 5 global_irq 5 high level)
[    0.033904] ACPI: INT_SRC_OVR (bus 0 bus_irq 9 global_irq 9 high level)
[    0.034338] ACPI: INT_SRC_OVR (bus 0 bus_irq 10 global_irq 10 high level)
[    0.034783] ACPI: INT_SRC_OVR (bus 0 bus_irq 11 global_irq 11 high level)
[    0.035230] ACPI: Using ACPI (MADT) for SMP configuration information
[    0.035651] ACPI: HPET id: 0x8086a201 base: 0xfed00000
[    0.035989] TSC deadline timer available
[    0.036255] CPU topo: Max. logical packages:   1
[    0.036558] CPU topo: Max. logical dies:       1
[    0.036860] CPU topo: Max. dies per package:   1
[    0.037173] CPU topo: Max. threads per core:   1
[    0.037476] CPU topo: Num. cores per package:    32
[    0.037796] CPU topo: Num. threads per package:  32
[    0.038116] CPU topo: Allowing 32 present CPUs plus 0 hotplug CPUs
[    0.038536] kvm-guest: APIC: eoi() replaced with kvm_guest_apic_eoi_write()
[    0.039008] kvm-guest: KVM setup pv remote TLB flush
[    0.039334] kvm-guest: setup PV sched yield
[    0.039615] PM: hibernation: Registered nosave memory: [mem 0x00000000-0x00000fff]
[    0.040110] PM: hibernation: Registered nosave memory: [mem 0x0009f000-0x0009ffff]
[    0.040605] PM: hibernation: Registered nosave memory: [mem 0x000a0000-0x000effff]
[    0.041104] PM: hibernation: Registered nosave memory: [mem 0x000f0000-0x000fffff]
[    0.041599] [mem 0x40000000-0xfeffbfff] available for PCI devices
[    0.041999] Booting paravirtualized kernel on KVM
[    0.042308] clocksource: refined-jiffies: mask: 0xffffffff max_cycles: 0xffffffff, max_idle_ns: 1910969940391419 ns
[    0.050858] setup_percpu: NR_CPUS:64 nr_cpumask_bits:32 nr_cpu_ids:32 nr_node_ids:1
[    0.052573] percpu: Embedded 70 pages/cpu s248792 r8192 d29736 u524288
[    0.053067] Kernel command line: virtme_hostname=virtme-ng nr_open=1048576 virtme_link_mods=/nipa-data/kernel/.virtme_mods/lib/modules/0.0.0 virtme_initmount0=nipa-data/kernel virtme_rw_overlay0=/etc virtme_rw_overlay1=/lib virtme_rw_overlay2=/home virtme_rw_overlay3=/opt virtme_rw_overlay4=/srv virtme_rw_overlay5=/usr virtme_rw_overlay6=/var console=hvc0 earlyprintk=serial,ttyS0,115200 virtme_console=ttyS0 psmouse.proto=exps TERM=xterm virtme_chdir=nipa-data/kernel virtme_root_user=1 rootfstype=9p rootflags=version=9p2000.L,trans=virtio,access=any raid=noautodetect ro init=/usr/lib/python3/dist-packages/virtme/guest/virtme-init
[    0.056947] Unknown kernel command line parameters "virtme_hostname=virtme-ng nr_open=1048576 virtme_link_mods=/nipa-data/kernel/.virtme_mods/lib/modules/0.0.0 virtme_initmount0=nipa-data/kernel virtme_rw_overlay0=/etc virtme_rw_overlay1=/lib virtme_rw_overlay2=/home virtme_rw_overlay3=/opt virtme_rw_overlay4=/srv virtme_rw_overlay5=/usr virtme_rw_overlay6=/var virtme_console=ttyS0 virtme_chdir=nipa-data/kernel virtme_root_user=1", will be passed to user space.
[    0.059881] random: crng init done
[    0.060129] Dentry cache hash table entries: 131072 (order: 8, 1048576 bytes, linear)
[    0.060667] Inode-cache hash table entries: 65536 (order: 7, 524288 bytes, linear)
[    0.061592] Fallback order for Node 0: 0 
[    0.061596] Built 1 zonelists, mobility grouping on.  Total pages: 262014
[    0.062323] Policy zone: DMA32
[    0.062529] mem auto-init: stack:all(zero), heap alloc:off, heap free:off
[    0.062985] stackdepot: allocating hash table via alloc_large_system_hash
[    0.063443] stackdepot hash table entries: 1048576 (order: 12, 16777216 bytes, linear)
[    0.071398] SLUB: HWalign=64, Order=0-3, MinObjects=0, CPUs=32, Nodes=1
Poking KASLR using RDRAND RDTSC...
[    0.072128] ftrace: allocating 48630 entries in 190 pages
[    0.080399] ftrace: allocated 190 pages with 6 groups
[    0.081555] Dynamic Preempt: voluntary
[    0.082236] rcu: Preemptible hierarchical RCU implementation.
[    0.082622] rcu: RCU event tracing is enabled.
[    0.082924] rcu: RCU restricting CPUs from NR_CPUS=64 to nr_cpu_ids=32.
[    0.083370] Trampoline variant of Tasks RCU enabled.
[    0.083706] Rude variant of Tasks RCU enabled.
[    0.084007] Tracing variant of Tasks RCU enabled.
[    0.084325] rcu: RCU calculated value of scheduler-enlistment delay is 100 jiffies.
[    0.084834] rcu: Adjusting geometry for rcu_fanout_leaf=16, nr_cpu_ids=32
[    0.085351] RCU Tasks: Setting shift to 5 and lim to 1 rcu_task_cb_adjust=1 rcu_task_cpu_ids=32.
[    0.085938] RCU Tasks Rude: Setting shift to 5 and lim to 1 rcu_task_cb_adjust=1 rcu_task_cpu_ids=32.
[    0.086553] RCU Tasks Trace: Setting shift to 5 and lim to 1 rcu_task_cb_adjust=1 rcu_task_cpu_ids=32.
[    0.095122] NR_IRQS: 4352, nr_irqs: 680, preallocated irqs: 16
[    0.095754] rcu: srcu_init: Setting srcu_struct sizes based on contention.
[    0.096417] Console: colour *CGA 80x25
[    0.096701] ACPI: Core revision 20240827
[    0.097109] clocksource: hpet: mask: 0xffffffff max_cycles: 0xffffffff, max_idle_ns: 19112604467 ns
[    0.097777] APIC: Switch to symmetric I/O mode setup
[    0.098129] kvm-guest: APIC: send_IPI_mask() replaced with kvm_send_ipi_mask()
[    0.098614] kvm-guest: APIC: send_IPI_mask_allbutself() replaced with kvm_send_ipi_mask_allbutself()
[    0.099210] kvm-guest: setup PV IPIs
[    0.100268] ..TIMER: vector=0x30 apic1=0 pin1=2 apic2=-1 pin2=-1
[    0.101070] clocksource: tsc-early: mask: 0xffffffffffffffff max_cycles: 0x40be4320a4d, max_idle_ns: 440795288133 ns
[    0.102358] Calibrating delay loop (skipped) preset value.. 8983.12 BogoMIPS (lpj=4491560)
[    0.103419] x86/cpu: User Mode Instruction Prevention (UMIP) activated
[    0.104414] Last level iTLB entries: 4KB 512, 2MB 255, 4MB 127
[    0.105357] Last level dTLB entries: 4KB 512, 2MB 255, 4MB 127, 1GB 0
[    0.106133] Spectre V1 : Mitigation: usercopy/swapgs barriers and __user pointer sanitization
[    0.107361] Spectre V2 : Mitigation: Enhanced / Automatic IBRS
[    0.108058] Spectre V2 : Spectre v2 / SpectreRSB mitigation: Filling RSB on context switch
[    0.108359] Spectre V2 : mitigation: Enabling conditional Indirect Branch Prediction Barrier
[    0.109359] Speculative Store Bypass: Mitigation: Speculative Store Bypass disabled via prctl
[    0.110357] Speculative Return Stack Overflow: IBPB-extending microcode not applied!
[    0.111357] Speculative Return Stack Overflow: WARNING: See https://kernel.org/doc/html/latest/admin-guide/hw-vuln/srso.html for mitigation options.
[    0.111358] Speculative Return Stack Overflow: Vulnerable: Safe RET, no microcode
[    0.113371] x86/fpu: Supporting XSAVE feature 0x001: 'x87 floating point registers'
[    0.114357] x86/fpu: Supporting XSAVE feature 0x002: 'SSE registers'
[    0.115102] x86/fpu: Supporting XSAVE feature 0x004: 'AVX registers'
[    0.115357] x86/fpu: Supporting XSAVE feature 0x020: 'AVX-512 opmask'
[    0.116357] x86/fpu: Supporting XSAVE feature 0x040: 'AVX-512 Hi256'
[    0.117357] x86/fpu: Supporting XSAVE feature 0x080: 'AVX-512 ZMM_Hi256'
[    0.118357] x86/fpu: Supporting XSAVE feature 0x200: 'Protection Keys User registers'
[    0.119276] x86/fpu: xstate_offset[2]:  576, xstate_sizes[2]:  256
[    0.119357] x86/fpu: xstate_offset[5]:  832, xstate_sizes[5]:   64
[    0.120357] x86/fpu: xstate_offset[6]:  896, xstate_sizes[6]:  512
[    0.121357] x86/fpu: xstate_offset[7]: 1408, xstate_sizes[7]: 1024
[    0.122082] x86/fpu: xstate_offset[9]: 2432, xstate_sizes[9]:    8
[    0.122357] x86/fpu: Enabled xstate features 0x2e7, context size is 2440 bytes, using 'compacted' format.
[    0.144021] Freeing SMP alternatives memory: 40K
[    0.144358] pid_max: default: 32768 minimum: 301
[    0.145032] Mount-cache hash table entries: 2048 (order: 2, 16384 bytes, linear)
[    0.145358] Mountpoint-cache hash table entries: 2048 (order: 2, 16384 bytes, linear)
[    0.147749] smpboot: CPU0: AMD Ryzen 9 7950X 16-Core Processor (family: 0x19, model: 0x61, stepping: 0x2)
[    0.148809] Performance Events: Fam17h+ core perfctr, AMD PMU driver.
[    0.149361] ... version:                0
[    0.149847] ... bit width:              48
[    0.150339] ... generic registers:      6
[    0.150358] ... value mask:             0000ffffffffffff
[    0.150994] ... max period:             00007fffffffffff
[    0.151359] ... fixed-purpose events:   0
[    0.151848] ... event mask:             000000000000003f
[    0.152467] signal: max sigframe size: 3376
[    0.153018] rcu: Hierarchical SRCU implementation.
[    0.153359] rcu: Max phase no-delay instances is 400.
[    0.154045] Timer migration: 2 hierarchy levels; 8 children per group; 2 crossnode level
[    0.157995] smp: Bringing up secondary CPUs ...
[    0.158638] smpboot: x86: Booting SMP configuration:
[    0.159235] .... node  #0, CPUs:        #1  #2  #3  #4  #5  #6  #7  #8  #9 #10 #11 #12 #13 #14 #15 #16 #17 #18 #19 #20 #21 #22 #23 #24 #25 #26 #27 #28 #29 #30 #31
[    0.182463] smp: Brought up 1 node, 32 CPUs
[    0.183864] smpboot: Total of 32 processors activated (287459.84 BogoMIPS)
[    0.187478] Memory: 763396K/1048056K available (45056K kernel code, 11401K rwdata, 10016K rodata, 6008K init, 1764K bss, 269032K reserved, 0K cma-reserved)
[    0.188476] devtmpfs: initialized
[    0.188932] x86/mm: Memory block size: 128MB
[    0.195360] clocksource: jiffies: mask: 0xffffffff max_cycles: 0xffffffff, max_idle_ns: 1911260446275000 ns
[    0.196364] futex hash table entries: 8192 (order: 7, 524288 bytes, linear)
[    0.197522] PM: RTC time: 06:26:56, date: 2024-10-29
[    0.198722] NET: Registered PF_NETLINK/PF_ROUTE protocol family
[    0.200178] thermal_sys: Registered thermal governor 'step_wise'
[    0.200181] thermal_sys: Registered thermal governor 'user_space'
[    0.200386] cpuidle: using governor menu
[    0.202624] PCI: Using configuration type 1 for base access
[    0.203311] PCI: Using configuration type 1 for extended access
[    0.203481] kprobes: kprobe jump-optimization is enabled. All kprobes are optimized if possible.
[    0.217534] HugeTLB: registered 1.00 GiB page size, pre-allocated 0 pages
[    0.218359] HugeTLB: 16380 KiB vmemmap can be freed for a 1.00 GiB page
[    0.219180] HugeTLB: registered 2.00 MiB page size, pre-allocated 0 pages
[    0.219359] HugeTLB: 28 KiB vmemmap can be freed for a 2.00 MiB page
[    0.221665] ACPI: Added _OSI(Module Device)
[    0.222190] ACPI: Added _OSI(Processor Device)
[    0.222359] ACPI: Added _OSI(3.0 _SCP Extensions)
[    0.222941] ACPI: Added _OSI(Processor Aggregator Device)
[    0.245271] ACPI: 1 ACPI AML tables successfully acquired and loaded
[    0.250088] ACPI: Interpreter enabled
[    0.250417] ACPI: PM: (supports S0 S3 S4 S5)
[    0.250942] ACPI: Using IOAPIC for interrupt routing
[    0.251405] PCI: Using host bridge windows from ACPI; if necessary, use "pci=nocrs" and report a bug
[    0.253359] PCI: Using E820 reservations for host bridge windows
[    0.255096] ACPI: Enabled 2 GPEs in block 00 to 0F
[    0.299572] ACPI: PCI Root Bridge [PCI0] (domain 0000 [bus 00-ff])
[    0.300347] acpi PNP0A03:00: _OSC: OS supports [ExtendedConfig ASPM ClockPM Segments MSI HPX-Type3]
[    0.301827] PCI host bridge to bus 0000:00
[    0.302382] pci_bus 0000:00: root bus resource [io  0x0000-0x0cf7 window]
[    0.303217] pci_bus 0000:00: root bus resource [io  0x0d00-0xffff window]
[    0.304361] pci_bus 0000:00: root bus resource [mem 0x000a0000-0x000bffff window]
[    0.305275] pci_bus 0000:00: root bus resource [mem 0x40000000-0xfebfffff window]
[    0.306361] pci_bus 0000:00: root bus resource [mem 0x100000000-0x17fffffff window]
[    0.307305] pci_bus 0000:00: root bus resource [bus 00-ff]
[    0.307456] pci 0000:00:00.0: [8086:1237] type 00 class 0x060000 conventional PCI endpoint
[    0.309169] pci 0000:00:01.0: [8086:7000] type 00 class 0x060100 conventional PCI endpoint
[    0.311219] pci 0000:00:01.1: [8086:7010] type 00 class 0x010180 conventional PCI endpoint
[    0.314030] pci 0000:00:01.1: BAR 4 [io  0xc0c0-0xc0cf]
[    0.315043] pci 0000:00:01.1: BAR 0 [io  0x01f0-0x01f7]: legacy IDE quirk
[    0.316359] pci 0000:00:01.1: BAR 1 [io  0x03f6]: legacy IDE quirk
[    0.317112] pci 0000:00:01.1: BAR 2 [io  0x0170-0x0177]: legacy IDE quirk
[    0.317359] pci 0000:00:01.1: BAR 3 [io  0x0376]: legacy IDE quirk
[    0.318768] pci 0000:00:01.3: [8086:7113] type 00 class 0x068000 conventional PCI endpoint
[    0.320609] pci 0000:00:01.3: quirk: [io  0x0600-0x063f] claimed by PIIX4 ACPI
[    0.321363] pci 0000:00:01.3: quirk: [io  0x0700-0x070f] claimed by PIIX4 SMB
[    0.322934] pci 0000:00:02.0: [1af4:1009] type 00 class 0x000200 conventional PCI endpoint
[    0.324784] pci 0000:00:02.0: BAR 0 [io  0xc000-0xc03f]
[    0.325729] pci 0000:00:02.0: BAR 1 [mem 0xfebfc000-0xfebfcfff]
[    0.328359] pci 0000:00:02.0: BAR 4 [mem 0xfebf0000-0xfebf3fff 64bit pref]
[    0.341834] pci 0000:00:03.0: [1af4:1009] type 00 class 0x000200 conventional PCI endpoint
[    0.342758] pci 0000:00:03.0: BAR 0 [io  0xc040-0xc07f]
[    0.343716] pci 0000:00:03.0: BAR 1 [mem 0xfebfd000-0xfebfdfff]
[    0.345360] pci 0000:00:03.0: BAR 4 [mem 0xfebf4000-0xfebf7fff 64bit pref]
[    0.357226] pci 0000:00:04.0: [8086:25ab] type 00 class 0x088000 conventional PCI endpoint
[    0.358544] pci 0000:00:04.0: BAR 0 [mem 0xfebfe000-0xfebfe00f]
[    0.370494] pci 0000:00:05.0: [1af4:1003] type 00 class 0x078000 conventional PCI endpoint
[    0.371716] pci 0000:00:05.0: BAR 0 [io  0xc080-0xc0bf]
[    0.372649] pci 0000:00:05.0: BAR 1 [mem 0xfebff000-0xfebfffff]
[    0.374243] pci 0000:00:05.0: BAR 4 [mem 0xfebf8000-0xfebfbfff 64bit pref]
[    0.389572] ACPI: PCI: Interrupt link LNKA configured for IRQ 10
[    0.391202] ACPI: PCI: Interrupt link LNKB configured for IRQ 10
[    0.392231] ACPI: PCI: Interrupt link LNKC configured for IRQ 11
[    0.394226] ACPI: PCI: Interrupt link LNKD configured for IRQ 11
[    0.394728] ACPI: PCI: Interrupt link LNKS configured for IRQ 9
[    0.412616] iommu: Default domain type: Translated
[    0.413209] iommu: DMA domain TLB invalidation policy: lazy mode
[    0.414801] SCSI subsystem initialized
[    0.415565] pps_core: LinuxPPS API ver. 1 registered
[    0.416178] pps_core: Software ver. 5.3.6 - Copyright 2005-2007 Rodolfo Giometti <giometti@linux.it>
[    0.417372] PTP clock support registered
[    0.418482] Advanced Linux Sound Architecture Driver Initialized.
[    0.420384] NET: Registered PF_ATMPVC protocol family
[    0.421004] NET: Registered PF_ATMSVC protocol family
[    0.421394] PCI: Using ACPI for IRQ routing
[    0.422397] vgaarb: loaded
[    0.422477] hpet0: at MMIO 0xfed00000, IRQs 2, 8, 0
[    0.423084] hpet0: 3 comparators, 64-bit 100.000000 MHz counter
[    0.429564] clocksource: Switched to clocksource kvm-clock
[    0.430571] VFS: Disk quotas dquot_6.6.0
[    0.431069] VFS: Dquot-cache hash table entries: 512 (order 0, 4096 bytes)
[    0.432574] pnp: PnP ACPI init
[    0.439145] pnp: PnP ACPI: found 5 devices
[    0.451232] clocksource: acpi_pm: mask: 0xffffff max_cycles: 0xffffff, max_idle_ns: 2085701024 ns
[    0.452377] NET: Registered PF_INET protocol family
[    0.453005] IP idents hash table entries: 16384 (order: 5, 131072 bytes, linear)
[    0.454268] tcp_listen_portaddr_hash hash table entries: 512 (order: 1, 8192 bytes, linear)
[    0.455291] Table-perturb hash table entries: 65536 (order: 6, 262144 bytes, linear)
[    0.456247] TCP established hash table entries: 8192 (order: 4, 65536 bytes, linear)
[    0.457279] TCP bind hash table entries: 8192 (order: 6, 262144 bytes, linear)
[    0.458168] TCP: Hash tables configured (established 8192 bind 8192)
[    0.459086] UDP hash table entries: 512 (order: 2, 16384 bytes, linear)
[    0.459928] UDP-Lite hash table entries: 512 (order: 2, 16384 bytes, linear)
[    0.460991] NET: Registered PF_UNIX/PF_LOCAL protocol family
[    0.461700] pci_bus 0000:00: resource 4 [io  0x0000-0x0cf7 window]
[    0.462453] pci_bus 0000:00: resource 5 [io  0x0d00-0xffff window]
[    0.463204] pci_bus 0000:00: resource 6 [mem 0x000a0000-0x000bffff window]
[    0.464032] pci_bus 0000:00: resource 7 [mem 0x40000000-0xfebfffff window]
[    0.464865] pci_bus 0000:00: resource 8 [mem 0x100000000-0x17fffffff window]
[    0.465908] pci 0000:00:01.0: PIIX3: Enabling Passive Release
[    0.466612] pci 0000:00:00.0: Limiting direct PCI/PCI transfers
[    0.467377] PCI: CLS 0 bytes, default 64
[    0.468046] kvm_intel: VMX not supported by CPU 16
[    0.468664] kvm_amd: TSC scaling supported
[    0.469164] kvm_amd: Nested Virtualization enabled
[    0.469741] kvm_amd: Nested Paging enabled
[    0.470240] kvm_amd: LBR virtualization supported
[    0.470827] kvm_amd: Virtual VMLOAD VMSAVE supported
[    0.471432] kvm_amd: Virtual GIF supported
[    0.471922] kvm_amd: Virtual NMI enabled
[    0.504303] clocksource: tsc: mask: 0xffffffffffffffff max_cycles: 0x40be4320a4d, max_idle_ns: 440795288133 ns
[    0.523624] Initialise system trusted keyrings
[    0.524281] workingset: timestamp_bits=56 max_order=18 bucket_order=0
[    0.525173] squashfs: version 4.0 (2009/01/31) Phillip Lougher
[    0.525895] fuse: init (API version 7.41)
[    0.526515] 9p: Installing v9fs 9p2000 file system support
[    0.536062] Key type asymmetric registered
[    0.536573] Asymmetric key parser 'x509' registered
[    0.537230] Block layer SCSI generic (bsg) driver version 0.4 loaded (major 249)
[    0.538165] io scheduler mq-deadline registered
[    0.538722] io scheduler kyber registered
[    0.541206] input: Power Button as /devices/LNXSYSTM:00/LNXPWRBN:00/input/input0
[    0.542353] ACPI: button: Power Button [PWRF]
[    0.544222] Warning: Processor Platform Limit event detected, but not handled.
[    0.545109] Consider compiling CPUfreq support into your kernel.
[    1.344278] ACPI: \_SB_.LNKB: Enabled at IRQ 10
[    2.144084] ACPI: \_SB_.LNKC: Enabled at IRQ 11
[    2.943704] ACPI: \_SB_.LNKA: Enabled at IRQ 10
[    2.945034] Serial: 8250/16550 driver, 4 ports, IRQ sharing enabled
[    2.946152] 00:03: ttyS0 at I/O 0x3f8 (irq = 4, base_baud = 115200) is a 16550A
[    2.969470] Non-volatile memory driver v1.3
[    2.970017] Linux agpgart interface v0.103
[    2.970779] ACPI: bus type drm_connector registered
[    2.971413] printk: legacy console [hvc0] enabled
[    2.972008] printk: legacy bootconsole [earlyser0] disabled
          _      _                                    
   __   _(_)_ __| |_ _ __ ___   ___       _ __   __ _ 
   \ \ / / |  __| __|  _   _ \ / _ \_____|  _ \ / _  |
    \ V /| | |  | |_| | | | | |  __/_____| | | | (_| |
     \_/ |_|_|   \__|_| |_| |_|\___|     |_| |_|\__  |
                                                |___/ 
   kernel version: 6.12.0-rc4-virtme x86_64
   (CTRL+d to exit)

root@virtme-ng:/nipa-data/kernel# PS1='xx__-> '
xx__-> env
PWD=/nipa-data/kernel
nr_open=1048576
HOME=/
TERM=xterm
SHLVL=2
XDG_RUNTIME_DIR=/run/user/0
PATH=/bin:/sbin:/usr/bin:/usr/sbin:/usr/local/bin
OLDPWD=/
_=/bin/env
xx__-> 