No EFI environment detected.
early console in extract_kernel
input_data: 0x00000000029b62c4
input_len: 0x0000000000bcd5b2
output: 0x0000000001000000
output_len: 0x000000000253dd10
kernel_total_size: 0x0000000002430000
needed_size: 0x0000000002600000
trampoline_32bit: 0x0000000000000000
Physical KASLR using RDRAND RDTSC...
Virtual KASLR using RDRAND RDTSC...

Decompressing Linux... Parsing ELF... Performing relocations... done.
Booting the kernel (entry_offset: 0x0000000000fc9588).
[    0.000000] Linux version 6.15.0-virtme (root@ea939e6c0c7b) (gcc (Ubuntu 13.3.0-6ubuntu2~24.04) 13.3.0, GNU ld (GNU Binutils for Ubuntu) 2.42) #1 SMP PREEMPT_DYNAMIC Thu Jun  5 06:05:24 UTC 2025
[    0.000000] Command line: virtme_hostname=virtme-ng nr_open=1048576 virtme_link_mods=/nipa-data/kernel/.virtme_mods/lib/modules/0.0.0 virtme_initmount0=nipa-data/kernel virtme_rw_overlay0=/etc virtme_rw_overlay1=/lib virtme_rw_overlay2=/home virtme_rw_overlay3=/opt virtme_rw_overlay4=/srv virtme_rw_overlay5=/usr virtme_rw_overlay6=/var console=hvc0 earlyprintk=serial,ttyS0,115200 virtme_console=ttyS0 psmouse.proto=exps TERM=xterm virtme_chdir=nipa-data/kernel virtme_root_user=1 rootfstype=9p rootflags=version=9p2000.L,trans=virtio,access=any raid=noautodetect ro init=/usr/lib/python3/dist-packages/virtme/guest/virtme-init
[    0.000000] BIOS-provided physical RAM map:
[    0.000000] BIOS-e820: [mem 0x0000000000000000-0x000000000009fbff] usable
[    0.000000] BIOS-e820: [mem 0x000000000009fc00-0x000000000009ffff] reserved
[    0.000000] BIOS-e820: [mem 0x00000000000f0000-0x00000000000fffff] reserved
[    0.000000] BIOS-e820: [mem 0x0000000000100000-0x000000003ffdffff] usable
[    0.000000] BIOS-e820: [mem 0x000000003ffe0000-0x000000003fffffff] reserved
[    0.000000] BIOS-e820: [mem 0x00000000feffc000-0x00000000feffffff] reserved
[    0.000000] BIOS-e820: [mem 0x00000000fffc0000-0x00000000ffffffff] reserved
[    0.000000] BIOS-e820: [mem 0x000000fd00000000-0x000000ffffffffff] reserved
[    0.000000] printk: legacy bootconsole [earlyser0] enabled
[    0.000000] NX (Execute Disable) protection: active
[    0.000000] APIC: Static calls initialized
[    0.000000] SMBIOS 3.0.0 present.
[    0.000000] DMI: QEMU Ubuntu 24.04 PC (i440FX + PIIX, 1996), BIOS 1.16.3-debian-1.16.3-2 04/01/2014
[    0.000000] DMI: Memory slots populated: 1/1
[    0.000000] Hypervisor detected: KVM
[    0.000000] kvm-clock: Using msrs 4b564d01 and 4b564d00
[    0.000000] kvm-clock: using sched offset of 210791414 cycles
[    0.000364] clocksource: kvm-clock: mask: 0xffffffffffffffff max_cycles: 0x1cd42e4dffb, max_idle_ns: 881590591483 ns
[    0.001496] tsc: Detected 4491.564 MHz processor
[    0.002074] last_pfn = 0x3ffe0 max_arch_pfn = 0x400000000
[    0.002475] MTRR map: 4 entries (3 fixed + 1 variable; max 19), built from 8 variable MTRRs
[    0.003057] x86/PAT: Configuration [0-7]: WB  WC  UC- UC  WB  WP  UC- WT  
Memory KASLR using RDRAND RDTSC...
[    0.005025] found SMP MP-table at [mem 0x000f5470-0x000f547f]
[    0.005428] Using GB pages for direct mapping
[    0.005773] ACPI: Early table checksum verification disabled
[    0.006170] ACPI: RSDP 0x00000000000F5290 000014 (v00 BOCHS )
[    0.006574] ACPI: RSDT 0x000000003FFE27BC 000034 (v01 BOCHS  BXPC     00000001 BXPC 00000001)
[    0.007168] ACPI: FACP 0x000000003FFE2578 000074 (v01 BOCHS  BXPC     00000001 BXPC 00000001)
[    0.007768] ACPI: DSDT 0x000000003FFE0040 002538 (v01 BOCHS  BXPC     00000001 BXPC 00000001)
[    0.008362] ACPI: FACS 0x000000003FFE0000 000040
[    0.008684] ACPI: APIC 0x000000003FFE25EC 000170 (v03 BOCHS  BXPC     00000001 BXPC 00000001)
[    0.009278] ACPI: HPET 0x000000003FFE275C 000038 (v01 BOCHS  BXPC     00000001 BXPC 00000001)
[    0.009877] ACPI: WAET 0x000000003FFE2794 000028 (v01 BOCHS  BXPC     00000001 BXPC 00000001)
[    0.010471] ACPI: Reserving FACP table memory at [mem 0x3ffe2578-0x3ffe25eb]
[    0.010962] ACPI: Reserving DSDT table memory at [mem 0x3ffe0040-0x3ffe2577]
[    0.011453] ACPI: Reserving FACS table memory at [mem 0x3ffe0000-0x3ffe003f]
[    0.011944] ACPI: Reserving APIC table memory at [mem 0x3ffe25ec-0x3ffe275b]
[    0.012438] ACPI: Reserving HPET table memory at [mem 0x3ffe275c-0x3ffe2793]
[    0.012927] ACPI: Reserving WAET table memory at [mem 0x3ffe2794-0x3ffe27bb]
[    0.013553] No NUMA configuration found
[    0.013823] Faking a node at [mem 0x0000000000000000-0x000000003ffdffff]
[    0.014293] NODE_DATA(0) allocated [mem 0x3ffdb740-0x3ffdffff]
[    0.014709] Zone ranges:
[    0.014885]   DMA      [mem 0x0000000000001000-0x0000000000ffffff]
[    0.015316]   DMA32    [mem 0x0000000001000000-0x000000003ffdffff]
[    0.015746]   Normal   empty
[    0.015947]   Device   empty
[    0.016147] Movable zone start for each node
[    0.016447] Early memory node ranges
[    0.016695]   node   0: [mem 0x0000000000001000-0x000000000009efff]
[    0.017129]   node   0: [mem 0x0000000000100000-0x000000003ffdffff]
[    0.017563] Initmem setup node 0 [mem 0x0000000000001000-0x000000003ffdffff]
[    0.018055] On node 0, zone DMA: 1 pages in unavailable ranges
[    0.018467] On node 0, zone DMA: 97 pages in unavailable ranges
[    0.019818] On node 0, zone DMA32: 32 pages in unavailable ranges
[    0.020434] ACPI: PM-Timer IO Port: 0x608
[    0.020718] ACPI: LAPIC_NMI (acpi_id[0xff] dfl dfl lint[0x1])
[    0.021131] IOAPIC[0]: apic_id 0, version 17, address 0xfec00000, GSI 0-23
[    0.021608] ACPI: INT_SRC_OVR (bus 0 bus_irq 0 global_irq 2 dfl dfl)
[    0.022051] ACPI: INT_SRC_OVR (bus 0 bus_irq 5 global_irq 5 high level)
[    0.022509] ACPI: INT_SRC_OVR (bus 0 bus_irq 9 global_irq 9 high level)
[    0.022968] ACPI: INT_SRC_OVR (bus 0 bus_irq 10 global_irq 10 high level)
[    0.023438] ACPI: INT_SRC_OVR (bus 0 bus_irq 11 global_irq 11 high level)
[    0.023909] ACPI: Using ACPI (MADT) for SMP configuration information
[    0.024355] ACPI: HPET id: 0x8086a201 base: 0xfed00000
[    0.024712] TSC deadline timer available
[    0.024987] CPU topo: Max. logical packages:   1
[    0.025306] CPU topo: Max. logical dies:       1
[    0.025626] CPU topo: Max. dies per package:   1
[    0.025949] CPU topo: Max. threads per core:   1
[    0.026269] CPU topo: Num. cores per package:    32
[    0.026608] CPU topo: Num. threads per package:  32
[    0.026946] CPU topo: Allowing 32 present CPUs plus 0 hotplug CPUs
[    0.027381] kvm-guest: APIC: eoi() replaced with kvm_guest_apic_eoi_write()
[    0.027869] kvm-guest: KVM setup pv remote TLB flush
[    0.028214] kvm-guest: setup PV sched yield
[    0.028507] PM: hibernation: Registered nosave memory: [mem 0x00000000-0x00000fff]
[    0.029032] PM: hibernation: Registered nosave memory: [mem 0x0009f000-0x000fffff]
[    0.029557] [mem 0x40000000-0xfeffbfff] available for PCI devices
[    0.029982] Booting paravirtualized kernel on KVM
[    0.030308] clocksource: refined-jiffies: mask: 0xffffffff max_cycles: 0xffffffff, max_idle_ns: 1910969940391419 ns
[    0.033771] setup_percpu: NR_CPUS:64 nr_cpumask_bits:32 nr_cpu_ids:32 nr_node_ids:1
[    0.034887] percpu: Embedded 53 pages/cpu s179544 r8192 d29352 u262144
[    0.035374] Kernel command line: virtme_hostname=virtme-ng nr_open=1048576 virtme_link_mods=/nipa-data/kernel/.virtme_mods/lib/modules/0.0.0 virtme_initmount0=nipa-data/kernel virtme_rw_overlay0=/etc virtme_rw_overlay1=/lib virtme_rw_overlay2=/home virtme_rw_overlay3=/opt virtme_rw_overlay4=/srv virtme_rw_overlay5=/usr virtme_rw_overlay6=/var console=hvc0 earlyprintk=serial,ttyS0,115200 virtme_console=ttyS0 psmouse.proto=exps TERM=xterm virtme_chdir=nipa-data/kernel virtme_root_user=1 rootfstype=9p rootflags=version=9p2000.L,trans=virtio,access=any raid=noautodetect ro init=/usr/lib/python3/dist-packages/virtme/guest/virtme-init
[    0.039417] Unknown kernel command line parameters "virtme_hostname=virtme-ng nr_open=1048576 virtme_link_mods=/nipa-data/kernel/.virtme_mods/lib/modules/0.0.0 virtme_initmount0=nipa-data/kernel virtme_rw_overlay0=/etc virtme_rw_overlay1=/lib virtme_rw_overlay2=/home virtme_rw_overlay3=/opt virtme_rw_overlay4=/srv virtme_rw_overlay5=/usr virtme_rw_overlay6=/var virtme_console=ttyS0 virtme_chdir=nipa-data/kernel virtme_root_user=1", will be passed to user space.
[    0.042515] random: crng init done
[    0.042757] printk: log buffer data + meta data: 262144 + 917504 = 1179648 bytes
[    0.043310] Dentry cache hash table entries: 131072 (order: 8, 1048576 bytes, linear)
[    0.043886] Inode-cache hash table entries: 65536 (order: 7, 524288 bytes, linear)
[    0.044518] Fallback order for Node 0: 0 
[    0.044520] Built 1 zonelists, mobility grouping on.  Total pages: 262014
[    0.045288] Policy zone: DMA32
[    0.045505] mem auto-init: stack:all(zero), heap alloc:off, heap free:off
[    0.046471] SLUB: HWalign=64, Order=0-3, MinObjects=0, CPUs=32, Nodes=1
Poking KASLR using RDRAND RDTSC...
[    0.053737] ftrace: allocating 49131 entries in 192 pages
[    0.054125] ftrace: allocated 192 pages with 2 groups
[    0.055086] Dynamic Preempt: voluntary
[    0.055473] rcu: Preemptible hierarchical RCU implementation.
[    0.055882] rcu: RCU event tracing is enabled.
[    0.056204] rcu: RCU restricting CPUs from NR_CPUS=64 to nr_cpu_ids=32.
[    0.056679] Trampoline variant of Tasks RCU enabled.
[    0.057038] Rude variant of Tasks RCU enabled.
[    0.057359] Tracing variant of Tasks RCU enabled.
[    0.057700] rcu: RCU calculated value of scheduler-enlistment delay is 100 jiffies.
[    0.058245] rcu: Adjusting geometry for rcu_fanout_leaf=16, nr_cpu_ids=32
[    0.058737] RCU Tasks: Setting shift to 5 and lim to 1 rcu_task_cb_adjust=1 rcu_task_cpu_ids=32.
[    0.059364] RCU Tasks Rude: Setting shift to 5 and lim to 1 rcu_task_cb_adjust=1 rcu_task_cpu_ids=32.
[    0.060021] RCU Tasks Trace: Setting shift to 5 and lim to 1 rcu_task_cb_adjust=1 rcu_task_cpu_ids=32.
[    0.062501] NR_IRQS: 4352, nr_irqs: 680, preallocated irqs: 16
[    0.063081] rcu: srcu_init: Setting srcu_struct sizes based on contention.
[    0.063703] Console: colour *CGA 80x25
[    0.063975] ACPI: Core revision 20250404
[    0.064316] clocksource: hpet: mask: 0xffffffff max_cycles: 0xffffffff, max_idle_ns: 19112604467 ns
[    0.065013] APIC: Switch to symmetric I/O mode setup
[    0.065500] x2apic enabled
[    0.065866] APIC: Switched APIC routing to: physical x2apic
[    0.066260] kvm-guest: APIC: send_IPI_mask() replaced with kvm_send_ipi_mask()
[    0.066769] kvm-guest: APIC: send_IPI_mask_allbutself() replaced with kvm_send_ipi_mask_allbutself()
[    0.067396] kvm-guest: setup PV IPIs
[    0.068368] ..TIMER: vector=0x30 apic1=0 pin1=2 apic2=-1 pin2=-1
[    0.069143] clocksource: tsc-early: mask: 0xffffffffffffffff max_cycles: 0x40be463295d, max_idle_ns: 440795209293 ns
[    0.070467] Calibrating delay loop (skipped) preset value.. 8983.12 BogoMIPS (lpj=4491564)
[    0.071528] x86/cpu: User Mode Instruction Prevention (UMIP) activated
[    0.072513] Last level iTLB entries: 4KB 512, 2MB 255, 4MB 127
[    0.073466] Last level dTLB entries: 4KB 512, 2MB 255, 4MB 127, 1GB 0
[    0.074272] Speculative Store Bypass: Mitigation: Speculative Store Bypass disabled via prctl
[    0.074466] Speculative Return Stack Overflow: IBPB-extending microcode not applied!
[    0.075466] Speculative Return Stack Overflow: WARNING: See https://kernel.org/doc/html/latest/admin-guide/hw-vuln/srso.html for mitigation options.
[    0.075466] Spectre V2 : Mitigation: Enhanced / Automatic IBRS
[    0.077466] Speculative Return Stack Overflow: Vulnerable: Safe RET, no microcode
[    0.078466] Spectre V1 : Mitigation: usercopy/swapgs barriers and __user pointer sanitization
[    0.079469] Spectre V2 : mitigation: Enabling conditional Indirect Branch Prediction Barrier
[    0.080481] x86/fpu: Supporting XSAVE feature 0x001: 'x87 floating point registers'
[    0.081466] x86/fpu: Supporting XSAVE feature 0x002: 'SSE registers'
[    0.082466] x86/fpu: Supporting XSAVE feature 0x004: 'AVX registers'
[    0.083466] x86/fpu: Supporting XSAVE feature 0x020: 'AVX-512 opmask'
[    0.084245] x86/fpu: Supporting XSAVE feature 0x040: 'AVX-512 Hi256'
[    0.084466] x86/fpu: Supporting XSAVE feature 0x080: 'AVX-512 ZMM_Hi256'
[    0.085466] x86/fpu: Supporting XSAVE feature 0x200: 'Protection Keys User registers'
[    0.086466] x86/fpu: xstate_offset[2]:  576, xstate_sizes[2]:  256
[    0.087466] x86/fpu: xstate_offset[5]:  832, xstate_sizes[5]:   64
[    0.088217] x86/fpu: xstate_offset[6]:  896, xstate_sizes[6]:  512
[    0.088466] x86/fpu: xstate_offset[7]: 1408, xstate_sizes[7]: 1024
[    0.089466] x86/fpu: xstate_offset[9]: 2432, xstate_sizes[9]:    8
[    0.090466] x86/fpu: Enabled xstate features 0x2e7, context size is 2440 bytes, using 'compacted' format.
[    0.106452] Freeing SMP alternatives memory: 44K
[    0.106467] pid_max: default: 32768 minimum: 301
[    0.107486] Mount-cache hash table entries: 2048 (order: 2, 16384 bytes, linear)
[    0.108467] Mountpoint-cache hash table entries: 2048 (order: 2, 16384 bytes, linear)
[    0.109611] smpboot: CPU0: AMD Ryzen 9 7950X 16-Core Processor (family: 0x19, model: 0x61, stepping: 0x2)
[    0.110566] Performance Events: Fam17h+ core perfctr, AMD PMU driver.
[    0.111371] ... version:                0
[    0.111468] ... bit width:              48
[    0.111965] ... generic registers:      6
[    0.112452] ... value mask:             0000ffffffffffff
[    0.112468] ... max period:             00007fffffffffff
[    0.113112] ... fixed-purpose events:   0
[    0.113468] ... event mask:             000000000000003f
[    0.114206] signal: max sigframe size: 3376
[    0.114481] rcu: Hierarchical SRCU implementation.
[    0.115064] rcu: Max phase no-delay instances is 400.
[    0.115492] Timer migration: 2 hierarchy levels; 8 children per group; 2 crossnode level
[    0.118656] smp: Bringing up secondary CPUs ...
[    0.119260] smpboot: x86: Booting SMP configuration:
[    0.119469] .... node  #0, CPUs:        #1  #2  #3  #4  #5  #6  #7  #8  #9 #10 #11 #12 #13 #14 #15 #16 #17 #18 #19 #20 #21 #22 #23 #24 #25 #26 #27 #28 #29 #30 #31
[    0.130554] smp: Brought up 1 node, 32 CPUs
[    0.131979] smpboot: Total of 32 processors activated (287460.09 BogoMIPS)
[    0.133573] Memory: 970992K/1048056K available (16166K kernel code, 2479K rwdata, 6468K rodata, 3212K init, 1636K bss, 62544K reserved, 0K cma-reserved)
[    0.134583] devtmpfs: initialized
[    0.134905] x86/mm: Memory block size: 128MB
[    0.136171] clocksource: jiffies: mask: 0xffffffff max_cycles: 0xffffffff, max_idle_ns: 1911260446275000 ns
[    0.136474] posixtimers hash table entries: 16384 (order: 6, 262144 bytes, linear)
[    0.137409] futex hash table entries: 8192 (524288 bytes on 1 NUMA nodes, total 512 KiB, linear).
[    0.137539] PM: RTC time: 06:08:16, date: 2025-06-05
[    0.138464] NET: Registered PF_NETLINK/PF_ROUTE protocol family
[    0.139333] thermal_sys: Registered thermal governor 'step_wise'
[    0.139343] cpuidle: using governor menu
[    0.140658] PCI: Using configuration type 1 for base access
[    0.141347] PCI: Using configuration type 1 for extended access
[    0.141532] kprobes: kprobe jump-optimization is enabled. All kprobes are optimized if possible.
[    0.160560] HugeTLB: allocation took 0ms with hugepage_allocation_threads=8
[    0.161449] HugeTLB: registered 1.00 GiB page size, pre-allocated 0 pages
[    0.161468] HugeTLB: 16380 KiB vmemmap can be freed for a 1.00 GiB page
[    0.162277] HugeTLB: registered 2.00 MiB page size, pre-allocated 0 pages
[    0.162468] HugeTLB: 28 KiB vmemmap can be freed for a 2.00 MiB page
[    0.163711] ACPI: Added _OSI(Module Device)
[    0.164228] ACPI: Added _OSI(Processor Device)
[    0.164468] ACPI: Added _OSI(Processor Aggregator Device)
[    0.165781] ACPI: 1 ACPI AML tables successfully acquired and loaded
[    0.166893] ACPI: Interpreter enabled
[    0.167476] ACPI: PM: (supports S0 S3 S4 S5)
[    0.168006] ACPI: Using IOAPIC for interrupt routing
[    0.168475] PCI: Using host bridge windows from ACPI; if necessary, use "pci=nocrs" and report a bug
[    0.169468] PCI: Using E820 reservations for host bridge windows
[    0.170290] ACPI: Enabled 2 GPEs in block 00 to 0F
[    0.173083] ACPI: PCI Root Bridge [PCI0] (domain 0000 [bus 00-ff])
[    0.173470] acpi PNP0A03:00: _OSC: OS supports [ExtendedConfig ASPM ClockPM Segments MSI HPX-Type3]
[    0.174555] PCI host bridge to bus 0000:00
[    0.175060] pci_bus 0000:00: root bus resource [io  0x0000-0x0cf7 window]
[    0.175468] pci_bus 0000:00: root bus resource [io  0x0d00-0xffff window]
[    0.176308] pci_bus 0000:00: root bus resource [mem 0x000a0000-0x000bffff window]
[    0.176468] pci_bus 0000:00: root bus resource [mem 0x40000000-0xfebfffff window]
[    0.177383] pci_bus 0000:00: root bus resource [mem 0x100000000-0x17fffffff window]
[    0.177468] pci_bus 0000:00: root bus resource [bus 00-ff]
[    0.178230] pci 0000:00:00.0: [8086:1237] type 00 class 0x060000 conventional PCI endpoint
[    0.178735] pci 0000:00:01.0: [8086:7000] type 00 class 0x060100 conventional PCI endpoint
[    0.179735] pci 0000:00:01.1: [8086:7010] type 00 class 0x010180 conventional PCI endpoint
[    0.180883] pci 0000:00:01.1: BAR 4 [io  0xc0c0-0xc0cf]
[    0.181486] pci 0000:00:01.1: BAR 0 [io  0x01f0-0x01f7]: legacy IDE quirk
[    0.182321] pci 0000:00:01.1: BAR 1 [io  0x03f6]: legacy IDE quirk
[    0.182468] pci 0000:00:01.1: BAR 2 [io  0x0170-0x0177]: legacy IDE quirk
[    0.183299] pci 0000:00:01.1: BAR 3 [io  0x0376]: legacy IDE quirk
[    0.183556] pci 0000:00:01.3: [8086:7113] type 00 class 0x068000 conventional PCI endpoint
[    0.184660] pci 0000:00:01.3: quirk: [io  0x0600-0x063f] claimed by PIIX4 ACPI
[    0.185472] pci 0000:00:01.3: quirk: [io  0x0700-0x070f] claimed by PIIX4 SMB
[    0.186513] pci 0000:00:02.0: [1af4:1009] type 00 class 0x000200 conventional PCI endpoint
[    0.188302] pci 0000:00:02.0: BAR 0 [io  0xc000-0xc03f]
[    0.188472] pci 0000:00:02.0: BAR 1 [mem 0xfebfc000-0xfebfcfff]
[    0.189211] pci 0000:00:02.0: BAR 4 [mem 0xfebf0000-0xfebf3fff 64bit pref]
[    0.190254] pci 0000:00:03.0: [1af4:1009] type 00 class 0x000200 conventional PCI endpoint
[    0.191027] pci 0000:00:03.0: BAR 0 [io  0xc040-0xc07f]
[    0.191472] pci 0000:00:03.0: BAR 1 [mem 0xfebfd000-0xfebfdfff]
[    0.192214] pci 0000:00:03.0: BAR 4 [mem 0xfebf4000-0xfebf7fff 64bit pref]
[    0.192993] pci 0000:00:04.0: [8086:25ab] type 00 class 0x088000 conventional PCI endpoint
[    0.193841] pci 0000:00:04.0: BAR 0 [mem 0xfebfe000-0xfebfe00f]
[    0.194868] pci 0000:00:05.0: [1af4:1003] type 00 class 0x078000 conventional PCI endpoint
[    0.196265] pci 0000:00:05.0: BAR 0 [io  0xc080-0xc0bf]
[    0.196472] pci 0000:00:05.0: BAR 1 [mem 0xfebff000-0xfebfffff]
[    0.197471] pci 0000:00:05.0: BAR 4 [mem 0xfebf8000-0xfebfbfff 64bit pref]
[    0.199030] ACPI: PCI: Interrupt link LNKA configured for IRQ 10
[    0.199574] ACPI: PCI: Interrupt link LNKB configured for IRQ 10
[    0.200413] ACPI: PCI: Interrupt link LNKC configured for IRQ 11
[    0.200562] ACPI: PCI: Interrupt link LNKD configured for IRQ 11
[    0.201367] ACPI: PCI: Interrupt link LNKS configured for IRQ 9
[    0.202277] iommu: Default domain type: Translated
[    0.202468] iommu: DMA domain TLB invalidation policy: lazy mode
[    0.203507] SCSI subsystem initialized
[    0.204498] pps_core: LinuxPPS API ver. 1 registered
[    0.205147] pps_core: Software ver. 5.3.6 - Copyright 2005-2007 Rodolfo Giometti <giometti@linux.it>
[    0.205470] PTP clock support registered
[    0.205971] Advanced Linux Sound Architecture Driver Initialized.
[    0.206720] NET: Registered PF_ATMPVC protocol family
[    0.207343] NET: Registered PF_ATMSVC protocol family
[    0.207473] PCI: Using ACPI for IRQ routing
[    0.208066] vgaarb: loaded
[    0.208066] hpet0: at MMIO 0xfed00000, IRQs 2, 8, 0
[    0.209070] hpet0: 3 comparators, 64-bit 100.000000 MHz counter
[    0.212538] clocksource: Switched to clocksource kvm-clock
[    0.213283] VFS: Disk quotas dquot_6.6.0
[    0.213711] VFS: Dquot-cache hash table entries: 512 (order 0, 4096 bytes)
[    0.215124] pnp: PnP ACPI init
[    0.215675] pnp: PnP ACPI: found 5 devices
[    0.222167] clocksource: acpi_pm: mask: 0xffffff max_cycles: 0xffffff, max_idle_ns: 2085701024 ns
[    0.223276] NET: Registered PF_INET protocol family
[    0.223887] IP idents hash table entries: 16384 (order: 5, 131072 bytes, linear)
[    0.224949] tcp_listen_portaddr_hash hash table entries: 512 (order: 1, 8192 bytes, linear)
[    0.225973] Table-perturb hash table entries: 65536 (order: 6, 262144 bytes, linear)
[    0.226922] TCP established hash table entries: 8192 (order: 4, 65536 bytes, linear)
[    0.227869] TCP bind hash table entries: 8192 (order: 6, 262144 bytes, linear)
[    0.228761] TCP: Hash tables configured (established 8192 bind 8192)
[    0.229559] UDP hash table entries: 512 (order: 3, 32768 bytes, linear)
[    0.230371] UDP-Lite hash table entries: 512 (order: 3, 32768 bytes, linear)
[    0.231269] NET: Registered PF_UNIX/PF_LOCAL protocol family
[    0.231975] pci_bus 0000:00: resource 4 [io  0x0000-0x0cf7 window]
[    0.232727] pci_bus 0000:00: resource 5 [io  0x0d00-0xffff window]
[    0.233485] pci_bus 0000:00: resource 6 [mem 0x000a0000-0x000bffff window]
[    0.234326] pci_bus 0000:00: resource 7 [mem 0x40000000-0xfebfffff window]
[    0.235170] pci_bus 0000:00: resource 8 [mem 0x100000000-0x17fffffff window]
[    0.236053] pci 0000:00:01.0: PIIX3: Enabling Passive Release
[    0.236756] pci 0000:00:00.0: Limiting direct PCI/PCI transfers
[    0.237514] PCI: CLS 0 bytes, default 64
[    0.238065] kvm_intel: VMX not supported by CPU 0
[    0.238646] kvm_amd: TSC scaling supported
[    0.239154] kvm_amd: Nested Virtualization enabled
[    0.239737] kvm_amd: Nested Paging enabled
[    0.240243] kvm_amd: LBR virtualization supported
[    0.240824] kvm_amd: Virtual GIF supported
[    0.241328] kvm_amd: Virtual NMI enabled
[    0.262180] ------------[ cut here ]------------
[    0.262781] WARNING: CPU: 0 PID: 1 at ./arch/x86/include/asm/kvm-x86-ops.h:130 kvm_x86_vendor_init+0x18af/0x1a90
[    0.264082] Modules linked in:
[    0.264463] CPU: 0 UID: 0 PID: 1 Comm: swapper/0 Not tainted 6.15.0-virtme #1 PREEMPT(voluntary) 
[    0.265574] Hardware name: QEMU Ubuntu 24.04 PC (i440FX + PIIX, 1996), BIOS 1.16.3-debian-1.16.3-2 04/01/2014
[    0.266813] RIP: 0010:kvm_x86_vendor_init+0x18af/0x1a90
[    0.267470] Code: e9 e7 f6 ff ff 90 0f 0b 90 e9 01 f7 ff ff 90 0f 0b 90 e9 1b f7 ff ff 90 0f 0b 90 e9 35 f7 ff ff 90 0f 0b 90 e9 4f f7 ff ff 90 <0f> 0b 90 e9 83 f7 ff ff 90 0f 0b 90 e9 39 f8 ff ff 90 0f 0b 90 e9
[    0.269806] RSP: 0018:ffffaea580013e10 EFLAGS: 00010246
[    0.270459] RAX: ffffffff89e46c40 RBX: ffffffff8813aae0 RCX: 0000000000000020
[    0.271350] RDX: 0000000000000000 RSI: ffffffff88bc7a78 RDI: ffffffff89580e40
[    0.272240] RBP: ffffaea580013e78 R08: ffff9dbb7e62b848 R09: ffffffff89666650
[    0.273130] R10: 0000000000000000 R11: ffffffff89e5a800 R12: 0000000000000004
[    0.274017] R13: 0000000000000000 R14: ffffffff89bbda60 R15: 0000000000000000
[    0.274906] FS:  0000000000000000(0000) GS:ffff9dbbf47d1000(0000) knlGS:0000000000000000
[    0.275916] CS:  0010 DS: 0000 ES: 0000 CR0: 0000000080050033
[    0.276627] CR2: ffff9dbb7be01000 CR3: 000000003b240000 CR4: 0000000000750ef0
[    0.277517] PKRU: 55555554
[    0.277852] Call Trace:
[    0.278162]  <TASK>
[    0.278422]  ? __pfx_svm_init+0x10/0x10
[    0.278900]  svm_init+0x53/0xc0
[    0.279292]  ? srso_alias_return_thunk+0x5/0xfbef5
[    0.279884]  do_one_initcall+0x57/0x230
[    0.280365]  kernel_init_freeable+0x19e/0x2d0
[    0.280909]  ? __pfx_kernel_init+0x10/0x10
[    0.281415]  kernel_init+0x1a/0x1c0
[    0.281846]  ret_from_fork+0x82/0xf0
[    0.282294]  ? __pfx_kernel_init+0x10/0x10
[    0.282800]  ret_from_fork_asm+0x1a/0x30
[    0.283294]  </TASK>
[    0.283564] ---[ end trace 0000000000000000 ]---
[    0.288720] clocksource: tsc: mask: 0xffffffffffffffff max_cycles: 0x40be463295d, max_idle_ns: 440795209293 ns
[    0.294271] Initialise system trusted keyrings
[    0.294851] workingset: timestamp_bits=56 max_order=18 bucket_order=0
[    0.295686] squashfs: version 4.0 (2009/01/31) Phillip Lougher
[    0.296417] fuse: init (API version 7.43)
[    0.296948] 9p: Installing v9fs 9p2000 file system support
[    0.304230] Key type asymmetric registered
[    0.304738] Asymmetric key parser 'x509' registered
[    0.305352] Block layer SCSI generic (bsg) driver version 0.4 loaded (major 249)
[    0.306279] io scheduler mq-deadline registered
[    0.306838] io scheduler kyber registered
[    0.308741] input: Power Button as /devices/LNXSYSTM:00/LNXPWRBN:00/input/input0
[    0.309706] ACPI: button: Power Button [PWRF]
[    0.310623] Warning: Processor Platform Limit event detected, but not handled.
[    0.311519] Consider compiling CPUfreq support into your kernel.
[    0.328824] ACPI: \_SB_.LNKB: Enabled at IRQ 10
[    0.344564] ACPI: \_SB_.LNKC: Enabled at IRQ 11
[    0.360250] ACPI: \_SB_.LNKA: Enabled at IRQ 10
[    0.361338] Serial: 8250/16550 driver, 4 ports, IRQ sharing enabled
[    0.362218] 00:03: ttyS0 at I/O 0x3f8 (irq = 4, base_baud = 115200) is a 16550A
[    0.381396] Non-volatile memory driver v1.3
[    0.381960] Linux agpgart interface v0.103
[    0.382468] printk: legacy console [hvc0] enabled
[    0.382522] ACPI: bus type drm_connector registered
[    0.383069] printk: legacy bootconsole [earlyser0] disabled
          _      _                                    
   __   _(_)_ __| |_ _ __ ___   ___       _ __   __ _ 
   \ \ / / |  __| __|  _   _ \ / _ \_____|  _ \ / _  |
    \ V /| | |  | |_| | | | | |  __/_____| | | | (_| |
     \_/ |_|_|   \__|_| |_| |_|\___|     |_| |_|\__  |
                                                |___/ 
   kernel version: 6.15.0-virtme x86_64
   (CTRL+d to exit)

root@virtme-ng:/nipa-data/kernel# PS1='xx__-> '
xx__-> env
PWD=/nipa-data/kernel
nr_open=1048576
HOME=/
TERM=xterm
SHLVL=2
XDG_RUNTIME_DIR=/run/user/0
PATH=/bin:/sbin:/usr/bin:/usr/sbin:/usr/local/bin
OLDPWD=/
_=/bin/env
xx__-> 