No EFI environment detected.
early console in extract_kernel
input_data: 0x0000000004ab52c4
input_len: 0x000000000191ce89
output: 0x0000000001000000
output_len: 0x000000000535dfc4
kernel_total_size: 0x0000000005030000
needed_size: 0x0000000005400000
trampoline_32bit: 0x0000000000000000
Physical KASLR using RDRAND RDTSC...
Virtual KASLR using RDRAND RDTSC...

Decompressing Linux... Parsing ELF... Performing relocations... done.
Booting the kernel (entry_offset: 0x0000000002b3a790).
[    0.000000] Linux version 6.14.0-rc4-virtme (root@3103109e8134) (gcc (Ubuntu 13.3.0-6ubuntu2~24.04) 13.3.0, GNU ld (GNU Binutils for Ubuntu) 2.42) #1 SMP PREEMPT_DYNAMIC Sat Mar  1 18:26:14 UTC 2025
[    0.000000] Command line: virtme_hostname=virtme-ng nr_open=1048576 virtme_link_mods=/nipa-data/kernel/.virtme_mods/lib/modules/0.0.0 virtme_initmount0=nipa-data/kernel virtme_rw_overlay0=/etc virtme_rw_overlay1=/lib virtme_rw_overlay2=/home virtme_rw_overlay3=/opt virtme_rw_overlay4=/srv virtme_rw_overlay5=/usr virtme_rw_overlay6=/var console=hvc0 earlyprintk=serial,ttyS0,115200 virtme_console=ttyS0 psmouse.proto=exps TERM=xterm virtme_chdir=nipa-data/kernel virtme_root_user=1 rootfstype=9p rootflags=version=9p2000.L,trans=virtio,access=any raid=noautodetect ro init=/usr/lib/python3/dist-packages/virtme/guest/virtme-init
[    0.000000] BIOS-provided physical RAM map:
[    0.000000] BIOS-e820: [mem 0x0000000000000000-0x000000000009fbff] usable
[    0.000000] BIOS-e820: [mem 0x000000000009fc00-0x000000000009ffff] reserved
[    0.000000] BIOS-e820: [mem 0x00000000000f0000-0x00000000000fffff] reserved
[    0.000000] BIOS-e820: [mem 0x0000000000100000-0x000000003ffdffff] usable
[    0.000000] BIOS-e820: [mem 0x000000003ffe0000-0x000000003fffffff] reserved
[    0.000000] BIOS-e820: [mem 0x00000000feffc000-0x00000000feffffff] reserved
[    0.000000] BIOS-e820: [mem 0x00000000fffc0000-0x00000000ffffffff] reserved
[    0.000000] BIOS-e820: [mem 0x000000fd00000000-0x000000ffffffffff] reserved
[    0.000000] printk: legacy bootconsole [earlyser0] enabled
[    0.000000] NX (Execute Disable) protection: active
[    0.000000] APIC: Static calls initialized
[    0.000000] SMBIOS 3.0.0 present.
[    0.000000] DMI: QEMU Ubuntu 24.04 PC (i440FX + PIIX, 1996), BIOS 1.16.3-debian-1.16.3-2 04/01/2014
[    0.000000] DMI: Memory slots populated: 1/1
[    0.000000] Hypervisor detected: KVM
[    0.000000] kvm-clock: Using msrs 4b564d01 and 4b564d00
[    0.000000] kvm-clock: using sched offset of 283807730 cycles
[    0.000361] clocksource: kvm-clock: mask: 0xffffffffffffffff max_cycles: 0x1cd42e4dffb, max_idle_ns: 881590591483 ns
[    0.001486] tsc: Detected 4491.560 MHz processor
[    0.002132] last_pfn = 0x3ffe0 max_arch_pfn = 0x400000000
[    0.002525] MTRR map: 4 entries (3 fixed + 1 variable; max 19), built from 8 variable MTRRs
[    0.003098] x86/PAT: Configuration [0-7]: WB  WC  UC- UC  WB  WP  UC- WT  
[    0.004971] found SMP MP-table at [mem 0x000f5470-0x000f547f]
[    0.005383] Using GB pages for direct mapping
[    0.005970] ACPI: Early table checksum verification disabled
[    0.006359] ACPI: RSDP 0x00000000000F5290 000014 (v00 BOCHS )
[    0.006755] ACPI: RSDT 0x000000003FFE27BC 000034 (v01 BOCHS  BXPC     00000001 BXPC 00000001)
[    0.007348] ACPI: FACP 0x000000003FFE2578 000074 (v01 BOCHS  BXPC     00000001 BXPC 00000001)
[    0.007942] ACPI: DSDT 0x000000003FFE0040 002538 (v01 BOCHS  BXPC     00000001 BXPC 00000001)
[    0.008526] ACPI: FACS 0x000000003FFE0000 000040
[    0.008844] ACPI: APIC 0x000000003FFE25EC 000170 (v03 BOCHS  BXPC     00000001 BXPC 00000001)
[    0.009432] ACPI: HPET 0x000000003FFE275C 000038 (v01 BOCHS  BXPC     00000001 BXPC 00000001)
[    0.010017] ACPI: WAET 0x000000003FFE2794 000028 (v01 BOCHS  BXPC     00000001 BXPC 00000001)
[    0.010602] ACPI: Reserving FACP table memory at [mem 0x3ffe2578-0x3ffe25eb]
[    0.011086] ACPI: Reserving DSDT table memory at [mem 0x3ffe0040-0x3ffe2577]
[    0.011571] ACPI: Reserving FACS table memory at [mem 0x3ffe0000-0x3ffe003f]
[    0.012053] ACPI: Reserving APIC table memory at [mem 0x3ffe25ec-0x3ffe275b]
[    0.012535] ACPI: Reserving HPET table memory at [mem 0x3ffe275c-0x3ffe2793]
[    0.013017] ACPI: Reserving WAET table memory at [mem 0x3ffe2794-0x3ffe27bb]
[    0.013687] No NUMA configuration found
[    0.013954] Faking a node at [mem 0x0000000000000000-0x000000003ffdffff]
[    0.014413] NODE_DATA(0) allocated [mem 0x3ffdb780-0x3ffdffff]
[    0.014826] Zone ranges:
[    0.014999]   DMA      [mem 0x0000000000001000-0x0000000000ffffff]
[    0.015422]   DMA32    [mem 0x0000000001000000-0x000000003ffdffff]
[    0.015844]   Normal   empty
[    0.016041]   Device   empty
[    0.016238] Movable zone start for each node
[    0.016528] Early memory node ranges
[    0.016772]   node   0: [mem 0x0000000000001000-0x000000000009efff]
[    0.017201]   node   0: [mem 0x0000000000100000-0x000000003ffdffff]
[    0.017630] Initmem setup node 0 [mem 0x0000000000001000-0x000000003ffdffff]
[    0.018114] On node 0, zone DMA: 1 pages in unavailable ranges
[    0.018563] On node 0, zone DMA: 97 pages in unavailable ranges
[    0.023126] On node 0, zone DMA32: 32 pages in unavailable ranges
[    0.032087] kasan: KernelAddressSanitizer initialized
[    0.032660] ACPI: PM-Timer IO Port: 0x608
[    0.032948] ACPI: LAPIC_NMI (acpi_id[0xff] dfl dfl lint[0x1])
[    0.033373] IOAPIC[0]: apic_id 0, version 17, address 0xfec00000, GSI 0-23
[    0.033849] ACPI: INT_SRC_OVR (bus 0 bus_irq 0 global_irq 2 dfl dfl)
[    0.034288] ACPI: INT_SRC_OVR (bus 0 bus_irq 5 global_irq 5 high level)
[    0.034744] ACPI: INT_SRC_OVR (bus 0 bus_irq 9 global_irq 9 high level)
[    0.035201] ACPI: INT_SRC_OVR (bus 0 bus_irq 10 global_irq 10 high level)
[    0.035669] ACPI: INT_SRC_OVR (bus 0 bus_irq 11 global_irq 11 high level)
[    0.036139] ACPI: Using ACPI (MADT) for SMP configuration information
[    0.036583] ACPI: HPET id: 0x8086a201 base: 0xfed00000
[    0.036939] TSC deadline timer available
[    0.037225] CPU topo: Max. logical packages:   1
[    0.037543] CPU topo: Max. logical dies:       1
[    0.037861] CPU topo: Max. dies per package:   1
[    0.038181] CPU topo: Max. threads per core:   1
[    0.038499] CPU topo: Num. cores per package:    32
[    0.038835] CPU topo: Num. threads per package:  32
[    0.039171] CPU topo: Allowing 32 present CPUs plus 0 hotplug CPUs
[    0.039610] kvm-guest: APIC: eoi() replaced with kvm_guest_apic_eoi_write()
[    0.040108] kvm-guest: KVM setup pv remote TLB flush
[    0.040453] kvm-guest: setup PV sched yield
[    0.040750] PM: hibernation: Registered nosave memory: [mem 0x00000000-0x00000fff]
[    0.041276] PM: hibernation: Registered nosave memory: [mem 0x0009f000-0x0009ffff]
[    0.041799] PM: hibernation: Registered nosave memory: [mem 0x000a0000-0x000effff]
[    0.042322] PM: hibernation: Registered nosave memory: [mem 0x000f0000-0x000fffff]
[    0.042847] [mem 0x40000000-0xfeffbfff] available for PCI devices
[    0.043271] Booting paravirtualized kernel on KVM
[    0.043597] clocksource: refined-jiffies: mask: 0xffffffff max_cycles: 0xffffffff, max_idle_ns: 1910969940391419 ns
[    0.052017] setup_percpu: NR_CPUS:64 nr_cpumask_bits:32 nr_cpu_ids:32 nr_node_ids:1
[    0.053754] percpu: Embedded 70 pages/cpu s247960 r8192 d30568 u524288
[    0.054276] Kernel command line: virtme_hostname=virtme-ng nr_open=1048576 virtme_link_mods=/nipa-data/kernel/.virtme_mods/lib/modules/0.0.0 virtme_initmount0=nipa-data/kernel virtme_rw_overlay0=/etc virtme_rw_overlay1=/lib virtme_rw_overlay2=/home virtme_rw_overlay3=/opt virtme_rw_overlay4=/srv virtme_rw_overlay5=/usr virtme_rw_overlay6=/var console=hvc0 earlyprintk=serial,ttyS0,115200 virtme_console=ttyS0 psmouse.proto=exps TERM=xterm virtme_chdir=nipa-data/kernel virtme_root_user=1 rootfstype=9p rootflags=version=9p2000.L,trans=virtio,access=any raid=noautodetect ro init=/usr/lib/python3/dist-packages/virtme/guest/virtme-init
[    0.058337] Unknown kernel command line parameters "virtme_hostname=virtme-ng nr_open=1048576 virtme_link_mods=/nipa-data/kernel/.virtme_mods/lib/modules/0.0.0 virtme_initmount0=nipa-data/kernel virtme_rw_overlay0=/etc virtme_rw_overlay1=/lib virtme_rw_overlay2=/home virtme_rw_overlay3=/opt virtme_rw_overlay4=/srv virtme_rw_overlay5=/usr virtme_rw_overlay6=/var virtme_console=ttyS0 virtme_chdir=nipa-data/kernel virtme_root_user=1", will be passed to user space.
[    0.061398] random: crng init done
[    0.061638] printk: log buffer data + meta data: 262144 + 917504 = 1179648 bytes
[    0.062183] Dentry cache hash table entries: 131072 (order: 8, 1048576 bytes, linear)
[    0.062746] Inode-cache hash table entries: 65536 (order: 7, 524288 bytes, linear)
[    0.063663] Fallback order for Node 0: 0 
[    0.063667] Built 1 zonelists, mobility grouping on.  Total pages: 262014
[    0.064429] Policy zone: DMA32
[    0.064645] mem auto-init: stack:all(zero), heap alloc:off, heap free:off
[    0.065123] stackdepot: allocating hash table via alloc_large_system_hash
[    0.065604] stackdepot hash table entries: 1048576 (order: 12, 16777216 bytes, linear)
[    0.073479] SLUB: HWalign=64, Order=0-3, MinObjects=0, CPUs=32, Nodes=1
Poking KASLR using RDRAND RDTSC...
[    0.074241] ftrace: allocating 49095 entries in 192 pages
[    0.091468] ftrace: allocated 192 pages with 2 groups
[    0.092647] Dynamic Preempt: voluntary
[    0.093344] rcu: Preemptible hierarchical RCU implementation.
[    0.093745] rcu: RCU event tracing is enabled.
[    0.094061] rcu: RCU restricting CPUs from NR_CPUS=64 to nr_cpu_ids=32.
[    0.094529] Trampoline variant of Tasks RCU enabled.
[    0.094881] Rude variant of Tasks RCU enabled.
[    0.095201] Tracing variant of Tasks RCU enabled.
[    0.095536] rcu: RCU calculated value of scheduler-enlistment delay is 100 jiffies.
[    0.096075] rcu: Adjusting geometry for rcu_fanout_leaf=16, nr_cpu_ids=32
[    0.096610] RCU Tasks: Setting shift to 5 and lim to 1 rcu_task_cb_adjust=1 rcu_task_cpu_ids=32.
[    0.097228] RCU Tasks Rude: Setting shift to 5 and lim to 1 rcu_task_cb_adjust=1 rcu_task_cpu_ids=32.
[    0.097871] RCU Tasks Trace: Setting shift to 5 and lim to 1 rcu_task_cb_adjust=1 rcu_task_cpu_ids=32.
[    0.107276] NR_IRQS: 4352, nr_irqs: 680, preallocated irqs: 16
[    0.107935] rcu: srcu_init: Setting srcu_struct sizes based on contention.
[    0.108627] Console: colour *CGA 80x25
[    0.108920] ACPI: Core revision 20240827
[    0.109352] clocksource: hpet: mask: 0xffffffff max_cycles: 0xffffffff, max_idle_ns: 19112604467 ns
[    0.110057] APIC: Switch to symmetric I/O mode setup
[    0.110429] kvm-guest: APIC: send_IPI_mask() replaced with kvm_send_ipi_mask()
[    0.110937] kvm-guest: APIC: send_IPI_mask_allbutself() replaced with kvm_send_ipi_mask_allbutself()
[    0.111562] kvm-guest: setup PV IPIs
[    0.112685] ..TIMER: vector=0x30 apic1=0 pin1=2 apic2=-1 pin2=-1
[    0.113457] clocksource: tsc-early: mask: 0xffffffffffffffff max_cycles: 0x40be4320a4d, max_idle_ns: 440795288133 ns
[    0.114764] Calibrating delay loop (skipped) preset value.. 8983.12 BogoMIPS (lpj=4491560)
[    0.115828] x86/cpu: User Mode Instruction Prevention (UMIP) activated
[    0.116819] Last level iTLB entries: 4KB 512, 2MB 255, 4MB 127
[    0.117763] Last level dTLB entries: 4KB 512, 2MB 255, 4MB 127, 1GB 0
[    0.118767] Spectre V1 : Mitigation: usercopy/swapgs barriers and __user pointer sanitization
[    0.119767] Spectre V2 : Mitigation: Enhanced / Automatic IBRS
[    0.120476] Spectre V2 : Spectre v2 / SpectreRSB mitigation: Filling RSB on context switch
[    0.120764] Spectre V2 : mitigation: Enabling conditional Indirect Branch Prediction Barrier
[    0.121765] Speculative Store Bypass: Mitigation: Speculative Store Bypass disabled via prctl
[    0.122763] Speculative Return Stack Overflow: IBPB-extending microcode not applied!
[    0.123763] Speculative Return Stack Overflow: WARNING: See https://kernel.org/doc/html/latest/admin-guide/hw-vuln/srso.html for mitigation options.
[    0.123764] Speculative Return Stack Overflow: Vulnerable: Safe RET, no microcode
[    0.125777] x86/fpu: Supporting XSAVE feature 0x001: 'x87 floating point registers'
[    0.126763] x86/fpu: Supporting XSAVE feature 0x002: 'SSE registers'
[    0.127763] x86/fpu: Supporting XSAVE feature 0x004: 'AVX registers'
[    0.128763] x86/fpu: Supporting XSAVE feature 0x020: 'AVX-512 opmask'
[    0.129533] x86/fpu: Supporting XSAVE feature 0x040: 'AVX-512 Hi256'
[    0.129763] x86/fpu: Supporting XSAVE feature 0x080: 'AVX-512 ZMM_Hi256'
[    0.130763] x86/fpu: Supporting XSAVE feature 0x200: 'Protection Keys User registers'
[    0.131763] x86/fpu: xstate_offset[2]:  576, xstate_sizes[2]:  256
[    0.132763] x86/fpu: xstate_offset[5]:  832, xstate_sizes[5]:   64
[    0.133511] x86/fpu: xstate_offset[6]:  896, xstate_sizes[6]:  512
[    0.133763] x86/fpu: xstate_offset[7]: 1408, xstate_sizes[7]: 1024
[    0.134763] x86/fpu: xstate_offset[9]: 2432, xstate_sizes[9]:    8
[    0.135763] x86/fpu: Enabled xstate features 0x2e7, context size is 2440 bytes, using 'compacted' format.
[    0.156982] Freeing SMP alternatives memory: 40K
[    0.157542] pid_max: default: 32768 minimum: 301
[    0.157877] Mount-cache hash table entries: 2048 (order: 2, 16384 bytes, linear)
[    0.158764] Mountpoint-cache hash table entries: 2048 (order: 2, 16384 bytes, linear)
[    0.160369] smpboot: CPU0: AMD Ryzen 9 7950X 16-Core Processor (family: 0x19, model: 0x61, stepping: 0x2)
[    0.161213] Performance Events: Fam17h+ core perfctr, AMD PMU driver.
[    0.161767] ... version:                0
[    0.162245] ... bit width:              48
[    0.162733] ... generic registers:      6
[    0.162764] ... value mask:             0000ffffffffffff
[    0.163414] ... max period:             00007fffffffffff
[    0.163765] ... fixed-purpose events:   0
[    0.164242] ... event mask:             000000000000003f
[    0.164871] signal: max sigframe size: 3376
[    0.165416] rcu: Hierarchical SRCU implementation.
[    0.165765] rcu: Max phase no-delay instances is 400.
[    0.166452] Timer migration: 2 hierarchy levels; 8 children per group; 2 crossnode level
[    0.170422] smp: Bringing up secondary CPUs ...
[    0.170940] smpboot: x86: Booting SMP configuration:
[    0.171533] .... node  #0, CPUs:        #1  #2  #3  #4  #5  #6  #7  #8  #9 #10 #11 #12 #13 #14 #15 #16 #17 #18 #19 #20 #21 #22 #23 #24 #25 #26 #27 #28 #29 #30 #31
[    0.195838] smp: Brought up 1 node, 32 CPUs
[    0.197273] smpboot: Total of 32 processors activated (287459.84 BogoMIPS)
[    0.200890] Memory: 763136K/1048056K available (44267K kernel code, 11500K rwdata, 10160K rodata, 6120K init, 1516K bss, 269024K reserved, 0K cma-reserved)
[    0.201878] devtmpfs: initialized
[    0.202407] x86/mm: Memory block size: 128MB
[    0.208503] clocksource: jiffies: mask: 0xffffffff max_cycles: 0xffffffff, max_idle_ns: 1911260446275000 ns
[    0.208770] futex hash table entries: 8192 (order: 7, 524288 bytes, linear)
[    0.209973] PM: RTC time: 18:26:41, date: 2025-03-01
[    0.211263] NET: Registered PF_NETLINK/PF_ROUTE protocol family
[    0.212621] thermal_sys: Registered thermal governor 'step_wise'
[    0.212649] cpuidle: using governor menu
[    0.214406] PCI: Using configuration type 1 for base access
[    0.214765] PCI: Using configuration type 1 for extended access
[    0.215622] kprobes: kprobe jump-optimization is enabled. All kprobes are optimized if possible.
[    0.230893] HugeTLB: registered 1.00 GiB page size, pre-allocated 0 pages
[    0.231766] HugeTLB: 16380 KiB vmemmap can be freed for a 1.00 GiB page
[    0.232586] HugeTLB: registered 2.00 MiB page size, pre-allocated 0 pages
[    0.233765] HugeTLB: 28 KiB vmemmap can be freed for a 2.00 MiB page
[    0.235128] ACPI: Added _OSI(Module Device)
[    0.235766] ACPI: Added _OSI(Processor Device)
[    0.236322] ACPI: Added _OSI(3.0 _SCP Extensions)
[    0.236765] ACPI: Added _OSI(Processor Aggregator Device)
[    0.259852] ACPI: 1 ACPI AML tables successfully acquired and loaded
[    0.264546] ACPI: Interpreter enabled
[    0.264823] ACPI: PM: (supports S0 S3 S4 S5)
[    0.265349] ACPI: Using IOAPIC for interrupt routing
[    0.265816] PCI: Using host bridge windows from ACPI; if necessary, use "pci=nocrs" and report a bug
[    0.266765] PCI: Using E820 reservations for host bridge windows
[    0.268521] ACPI: Enabled 2 GPEs in block 00 to 0F
[    0.314878] ACPI: PCI Root Bridge [PCI0] (domain 0000 [bus 00-ff])
[    0.315662] acpi PNP0A03:00: _OSC: OS supports [ExtendedConfig ASPM ClockPM Segments MSI HPX-Type3]
[    0.317238] PCI host bridge to bus 0000:00
[    0.317799] pci_bus 0000:00: root bus resource [io  0x0000-0x0cf7 window]
[    0.318644] pci_bus 0000:00: root bus resource [io  0x0d00-0xffff window]
[    0.319767] pci_bus 0000:00: root bus resource [mem 0x000a0000-0x000bffff window]
[    0.320689] pci_bus 0000:00: root bus resource [mem 0x40000000-0xfebfffff window]
[    0.320767] pci_bus 0000:00: root bus resource [mem 0x100000000-0x17fffffff window]
[    0.321768] pci_bus 0000:00: root bus resource [bus 00-ff]
[    0.322538] pci 0000:00:00.0: [8086:1237] type 00 class 0x060000 conventional PCI endpoint
[    0.324618] pci 0000:00:01.0: [8086:7000] type 00 class 0x060100 conventional PCI endpoint
[    0.326590] pci 0000:00:01.1: [8086:7010] type 00 class 0x010180 conventional PCI endpoint
[    0.328216] pci 0000:00:01.1: BAR 4 [io  0xc0c0-0xc0cf]
[    0.328783] pci 0000:00:01.1: BAR 0 [io  0x01f0-0x01f7]: legacy IDE quirk
[    0.329615] pci 0000:00:01.1: BAR 1 [io  0x03f6]: legacy IDE quirk
[    0.330765] pci 0000:00:01.1: BAR 2 [io  0x0170-0x0177]: legacy IDE quirk
[    0.331599] pci 0000:00:01.1: BAR 3 [io  0x0376]: legacy IDE quirk
[    0.332409] pci 0000:00:01.3: [8086:7113] type 00 class 0x068000 conventional PCI endpoint
[    0.333991] pci 0000:00:01.3: quirk: [io  0x0600-0x063f] claimed by PIIX4 ACPI
[    0.334769] pci 0000:00:01.3: quirk: [io  0x0700-0x070f] claimed by PIIX4 SMB
[    0.336344] pci 0000:00:02.0: [1af4:1009] type 00 class 0x000200 conventional PCI endpoint
[    0.338770] pci 0000:00:02.0: BAR 0 [io  0xc000-0xc03f]
[    0.339422] pci 0000:00:02.0: BAR 1 [mem 0xfebfc000-0xfebfcfff]
[    0.339779] pci 0000:00:02.0: BAR 4 [mem 0xfebf0000-0xfebf3fff 64bit pref]
[    0.351513] pci 0000:00:03.0: [1af4:1009] type 00 class 0x000200 conventional PCI endpoint
[    0.353769] pci 0000:00:03.0: BAR 0 [io  0xc040-0xc07f]
[    0.354434] pci 0000:00:03.0: BAR 1 [mem 0xfebfd000-0xfebfdfff]
[    0.354779] pci 0000:00:03.0: BAR 4 [mem 0xfebf4000-0xfebf7fff 64bit pref]
[    0.366457] pci 0000:00:04.0: [8086:25ab] type 00 class 0x088000 conventional PCI endpoint
[    0.368017] pci 0000:00:04.0: BAR 0 [mem 0xfebfe000-0xfebfe00f]
[    0.379539] pci 0000:00:05.0: [1af4:1003] type 00 class 0x078000 conventional PCI endpoint
[    0.381223] pci 0000:00:05.0: BAR 0 [io  0xc080-0xc0bf]
[    0.381769] pci 0000:00:05.0: BAR 1 [mem 0xfebff000-0xfebfffff]
[    0.382518] pci 0000:00:05.0: BAR 4 [mem 0xfebf8000-0xfebfbfff 64bit pref]
[    0.396044] ACPI: PCI: Interrupt link LNKA configured for IRQ 10
[    0.398669] ACPI: PCI: Interrupt link LNKB configured for IRQ 10
[    0.399642] ACPI: PCI: Interrupt link LNKC configured for IRQ 11
[    0.401638] ACPI: PCI: Interrupt link LNKD configured for IRQ 11
[    0.402130] ACPI: PCI: Interrupt link LNKS configured for IRQ 9
[    0.421253] iommu: Default domain type: Translated
[    0.421765] iommu: DMA domain TLB invalidation policy: lazy mode
[    0.422968] SCSI subsystem initialized
[    0.423496] pps_core: LinuxPPS API ver. 1 registered
[    0.424379] pps_core: Software ver. 5.3.6 - Copyright 2005-2007 Rodolfo Giometti <giometti@linux.it>
[    0.424778] PTP clock support registered
[    0.425888] Advanced Linux Sound Architecture Driver Initialized.
[    0.427850] NET: Registered PF_ATMPVC protocol family
[    0.428477] NET: Registered PF_ATMSVC protocol family
[    0.428803] PCI: Using ACPI for IRQ routing
[    0.429798] vgaarb: loaded
[    0.430883] hpet0: at MMIO 0xfed00000, IRQs 2, 8, 0
[    0.431492] hpet0: 3 comparators, 64-bit 100.000000 MHz counter
[    0.437084] clocksource: Switched to clocksource kvm-clock
[    0.438004] VFS: Disk quotas dquot_6.6.0
[    0.438509] VFS: Dquot-cache hash table entries: 512 (order 0, 4096 bytes)
[    0.440067] pnp: PnP ACPI init
[    0.442738] pnp: PnP ACPI: found 5 devices
[    0.454684] clocksource: acpi_pm: mask: 0xffffff max_cycles: 0xffffff, max_idle_ns: 2085701024 ns
[    0.455845] NET: Registered PF_INET protocol family
[    0.456505] IP idents hash table entries: 16384 (order: 5, 131072 bytes, linear)
[    0.457817] tcp_listen_portaddr_hash hash table entries: 512 (order: 1, 8192 bytes, linear)
[    0.458861] Table-perturb hash table entries: 65536 (order: 6, 262144 bytes, linear)
[    0.459837] TCP established hash table entries: 8192 (order: 4, 65536 bytes, linear)
[    0.460805] TCP bind hash table entries: 8192 (order: 6, 262144 bytes, linear)
[    0.461738] TCP: Hash tables configured (established 8192 bind 8192)
[    0.462772] UDP hash table entries: 512 (order: 3, 32768 bytes, linear)
[    0.463628] UDP-Lite hash table entries: 512 (order: 3, 32768 bytes, linear)
[    0.464716] NET: Registered PF_UNIX/PF_LOCAL protocol family
[    0.465442] pci_bus 0000:00: resource 4 [io  0x0000-0x0cf7 window]
[    0.466202] pci_bus 0000:00: resource 5 [io  0x0d00-0xffff window]
[    0.466967] pci_bus 0000:00: resource 6 [mem 0x000a0000-0x000bffff window]
[    0.467818] pci_bus 0000:00: resource 7 [mem 0x40000000-0xfebfffff window]
[    0.468669] pci_bus 0000:00: resource 8 [mem 0x100000000-0x17fffffff window]
[    0.469739] pci 0000:00:01.0: PIIX3: Enabling Passive Release
[    0.470456] pci 0000:00:00.0: Limiting direct PCI/PCI transfers
[    0.471221] PCI: CLS 0 bytes, default 64
[    0.471788] kvm_intel: VMX not supported by CPU 21
[    0.472546] kvm_amd: TSC scaling supported
[    0.473055] kvm_amd: Nested Virtualization enabled
[    0.473657] kvm_amd: Nested Paging enabled
[    0.474159] kvm_amd: LBR virtualization supported
[    0.474751] kvm_amd: Virtual GIF supported
[    0.475253] kvm_amd: Virtual NMI enabled
[    0.511563] clocksource: tsc: mask: 0xffffffffffffffff max_cycles: 0x40be4320a4d, max_idle_ns: 440795288133 ns
[    0.530719] Initialise system trusted keyrings
[    0.531434] workingset: timestamp_bits=56 max_order=18 bucket_order=0
[    0.532349] squashfs: version 4.0 (2009/01/31) Phillip Lougher
[    0.533093] fuse: init (API version 7.42)
[    0.533733] 9p: Installing v9fs 9p2000 file system support
[    0.543475] Key type asymmetric registered
[    0.543986] Asymmetric key parser 'x509' registered
[    0.544651] Block layer SCSI generic (bsg) driver version 0.4 loaded (major 249)
[    0.545623] io scheduler mq-deadline registered
[    0.546184] io scheduler kyber registered
[    0.548836] input: Power Button as /devices/LNXSYSTM:00/LNXPWRBN:00/input/input0
[    0.550005] ACPI: button: Power Button [PWRF]
[    0.551913] Warning: Processor Platform Limit event detected, but not handled.
[    0.552791] Consider compiling CPUfreq support into your kernel.
[    1.359854] ACPI: \_SB_.LNKB: Enabled at IRQ 10
[    2.158010] ACPI: \_SB_.LNKC: Enabled at IRQ 11
[    2.956189] ACPI: \_SB_.LNKA: Enabled at IRQ 10
[    2.957536] Serial: 8250/16550 driver, 4 ports, IRQ sharing enabled
[    2.958632] 00:03: ttyS0 at I/O 0x3f8 (irq = 4, base_baud = 115200) is a 16550A
[    2.983767] Non-volatile memory driver v1.3
[    2.984293] Linux agpgart interface v0.103
[    2.984983] ACPI: bus type drm_connector registered
[    2.985620] printk: legacy console [hvc0] enabled
[    2.986207] printk: legacy bootconsole [earlyser0] disabled
          _      _                                    
   __   _(_)_ __| |_ _ __ ___   ___       _ __   __ _ 
   \ \ / / |  __| __|  _   _ \ / _ \_____|  _ \ / _  |
    \ V /| | |  | |_| | | | | |  __/_____| | | | (_| |
     \_/ |_|_|   \__|_| |_| |_|\___|     |_| |_|\__  |
                                                |___/ 
   kernel version: 6.14.0-rc4-virtme x86_64
   (CTRL+d to exit)

root@virtme-ng:/nipa-data/kernel# PS1='xx__-> '
xx__-> env
PWD=/nipa-data/kernel
nr_open=1048576
HOME=/
TERM=xterm
SHLVL=2
XDG_RUNTIME_DIR=/run/user/0
PATH=/bin:/sbin:/usr/bin:/usr/sbin:/usr/local/bin
OLDPWD=/
_=/bin/env
xx__-> 