No EFI environment detected.
early console in extract_kernel
input_data: 0x0000000004cba2c4
input_len: 0x00000000018c886c
output: 0x0000000001000000
output_len: 0x000000000550d1bc
kernel_total_size: 0x0000000005030000
needed_size: 0x0000000005600000
trampoline_32bit: 0x000000000009d000
Physical KASLR using RDRAND RDTSC...
Virtual KASLR using RDRAND RDTSC...

Decompressing Linux... Parsing ELF... Performing relocations... done.
Booting the kernel (entry_offset: 0x0000000000000000).
[    0.000000] Linux version 6.11.0-virtme (root@118f71304ead) (gcc (Ubuntu 13.2.0-23ubuntu4) 13.2.0, GNU ld (GNU Binutils for Ubuntu) 2.42) #1 SMP PREEMPT_DYNAMIC Mon Sep 30 00:34:20 UTC 2024
[    0.000000] Command line: virtme_hostname=virtme-ng nr_open=1048576 virtme_link_mods=/nipa-data/kernel/.virtme_mods/lib/modules/0.0.0 virtme_initmount0=nipa-data/kernel virtme_rw_overlay0=/etc virtme_rw_overlay1=/lib virtme_rw_overlay2=/home virtme_rw_overlay3=/opt virtme_rw_overlay4=/srv virtme_rw_overlay5=/usr virtme_rw_overlay6=/var console=hvc0 earlyprintk=serial,ttyS0,115200 virtme_console=ttyS0 psmouse.proto=exps TERM=xterm virtme_chdir=nipa-data/kernel virtme_root_user=1 rootfstype=9p rootflags=version=9p2000.L,trans=virtio,access=any raid=noautodetect ro init=/usr/lib/python3/dist-packages/virtme/guest/virtme-init
[    0.000000] x86/split lock detection: #DB: warning on user-space bus_locks
[    0.000000] BIOS-provided physical RAM map:
[    0.000000] BIOS-e820: [mem 0x0000000000000000-0x000000000009fbff] usable
[    0.000000] BIOS-e820: [mem 0x000000000009fc00-0x000000000009ffff] reserved
[    0.000000] BIOS-e820: [mem 0x00000000000f0000-0x00000000000fffff] reserved
[    0.000000] BIOS-e820: [mem 0x0000000000100000-0x000000003ffdffff] usable
[    0.000000] BIOS-e820: [mem 0x000000003ffe0000-0x000000003fffffff] reserved
[    0.000000] BIOS-e820: [mem 0x00000000feffc000-0x00000000feffffff] reserved
[    0.000000] BIOS-e820: [mem 0x00000000fffc0000-0x00000000ffffffff] reserved
[    0.000000] printk: legacy bootconsole [earlyser0] enabled
[    0.000000] NX (Execute Disable) protection: active
[    0.000000] APIC: Static calls initialized
[    0.000000] SMBIOS 3.0.0 present.
[    0.000000] DMI: QEMU Ubuntu 24.04 PC (i440FX + PIIX, 1996), BIOS 1.16.3-debian-1.16.3-2 04/01/2014
[    0.000000] DMI: Memory slots populated: 1/1
[    0.000000] Hypervisor detected: KVM
[    0.000000] kvm-clock: Using msrs 4b564d01 and 4b564d00
[    0.000001] kvm-clock: using sched offset of 1218459378 cycles
[    0.000755] clocksource: kvm-clock: mask: 0xffffffffffffffff max_cycles: 0x1cd42e4dffb, max_idle_ns: 881590591483 ns
[    0.003104] tsc: Detected 2000.000 MHz processor
[    0.004453] last_pfn = 0x3ffe0 max_arch_pfn = 0x10000000000
[    0.005314] MTRR map: 4 entries (3 fixed + 1 variable; max 19), built from 8 variable MTRRs
[    0.006515] x86/PAT: Configuration [0-7]: WB  WC  UC- UC  WB  WP  UC- WT  
[    0.013839] found SMP MP-table at [mem 0x000f5470-0x000f547f]
[    0.014683] Using GB pages for direct mapping
[    0.015828] ACPI: Early table checksum verification disabled
[    0.016645] ACPI: RSDP 0x00000000000F5290 000014 (v00 BOCHS )
[    0.017477] ACPI: RSDT 0x000000003FFE308E 000034 (v01 BOCHS  BXPC     00000001 BXPC 00000001)
[    0.018711] ACPI: FACP 0x000000003FFE2D8A 000074 (v01 BOCHS  BXPC     00000001 BXPC 00000001)
[    0.019948] ACPI: DSDT 0x000000003FFE0040 002D4A (v01 BOCHS  BXPC     00000001 BXPC 00000001)
[    0.021179] ACPI: FACS 0x000000003FFE0000 000040
[    0.021846] ACPI: APIC 0x000000003FFE2DFE 000230 (v03 BOCHS  BXPC     00000001 BXPC 00000001)
[    0.023075] ACPI: HPET 0x000000003FFE302E 000038 (v01 BOCHS  BXPC     00000001 BXPC 00000001)
[    0.024308] ACPI: WAET 0x000000003FFE3066 000028 (v01 BOCHS  BXPC     00000001 BXPC 00000001)
[    0.025544] ACPI: Reserving FACP table memory at [mem 0x3ffe2d8a-0x3ffe2dfd]
[    0.026555] ACPI: Reserving DSDT table memory at [mem 0x3ffe0040-0x3ffe2d89]
[    0.027570] ACPI: Reserving FACS table memory at [mem 0x3ffe0000-0x3ffe003f]
[    0.028581] ACPI: Reserving APIC table memory at [mem 0x3ffe2dfe-0x3ffe302d]
[    0.029592] ACPI: Reserving HPET table memory at [mem 0x3ffe302e-0x3ffe3065]
[    0.030602] ACPI: Reserving WAET table memory at [mem 0x3ffe3066-0x3ffe308d]
[    0.032118] No NUMA configuration found
[    0.032670] Faking a node at [mem 0x0000000000000000-0x000000003ffdffff]
[    0.033635] NODE_DATA(0) allocated [mem 0x3ffdb780-0x3ffdffff]
[    0.034632] Zone ranges:
[    0.034998]   DMA      [mem 0x0000000000001000-0x0000000000ffffff]
[    0.035892]   DMA32    [mem 0x0000000001000000-0x000000003ffdffff]
[    0.036782]   Normal   empty
[    0.037198]   Device   empty
[    0.037613] Movable zone start for each node
[    0.038227] Early memory node ranges
[    0.038740]   node   0: [mem 0x0000000000001000-0x000000000009efff]
[    0.039645]   node   0: [mem 0x0000000000100000-0x000000003ffdffff]
[    0.040546] Initmem setup node 0 [mem 0x0000000000001000-0x000000003ffdffff]
[    0.041566] On node 0, zone DMA: 1 pages in unavailable ranges
[    0.042504] On node 0, zone DMA: 97 pages in unavailable ranges
[    0.052223] On node 0, zone DMA32: 32 pages in unavailable ranges
[    0.085495] kasan: KernelAddressSanitizer initialized
[    0.086781] ACPI: PM-Timer IO Port: 0x608
[    0.087394] ACPI: LAPIC_NMI (acpi_id[0xff] dfl dfl lint[0x1])
[    0.088278] IOAPIC[0]: apic_id 0, version 17, address 0xfec00000, GSI 0-23
[    0.089293] ACPI: INT_SRC_OVR (bus 0 bus_irq 0 global_irq 2 dfl dfl)
[    0.090207] ACPI: INT_SRC_OVR (bus 0 bus_irq 5 global_irq 5 high level)
[    0.091160] ACPI: INT_SRC_OVR (bus 0 bus_irq 9 global_irq 9 high level)
[    0.092112] ACPI: INT_SRC_OVR (bus 0 bus_irq 10 global_irq 10 high level)
[    0.093087] ACPI: INT_SRC_OVR (bus 0 bus_irq 11 global_irq 11 high level)
[    0.094068] ACPI: Using ACPI (MADT) for SMP configuration information
[    0.094993] ACPI: HPET id: 0x8086a201 base: 0xfed00000
[    0.095740] TSC deadline timer available
[    0.096307] CPU topo: Max. logical packages:   1
[    0.096971] CPU topo: Max. logical dies:       1
[    0.097633] CPU topo: Max. dies per package:   1
[    0.098300] CPU topo: Max. threads per core:   1
[    0.098964] CPU topo: Num. cores per package:    56
[    0.099670] CPU topo: Num. threads per package:  56
[    0.100371] CPU topo: Allowing 56 present CPUs plus 0 hotplug CPUs
[    0.101289] kvm-guest: APIC: eoi() replaced with kvm_guest_apic_eoi_write()
[    0.102311] kvm-guest: KVM setup pv remote TLB flush
[    0.103029] kvm-guest: setup PV sched yield
[    0.103722] PM: hibernation: Registered nosave memory: [mem 0x00000000-0x00000fff]
[    0.104809] PM: hibernation: Registered nosave memory: [mem 0x0009f000-0x0009ffff]
[    0.105895] PM: hibernation: Registered nosave memory: [mem 0x000a0000-0x000effff]
[    0.106980] PM: hibernation: Registered nosave memory: [mem 0x000f0000-0x000fffff]
[    0.108072] [mem 0x40000000-0xfeffbfff] available for PCI devices
[    0.108947] Booting paravirtualized kernel on KVM
[    0.109624] clocksource: refined-jiffies: mask: 0xffffffff max_cycles: 0xffffffff, max_idle_ns: 1910969940391419 ns
[    0.132356] setup_percpu: NR_CPUS:64 nr_cpumask_bits:56 nr_cpu_ids:56 nr_node_ids:1
[    0.142682] percpu: Embedded 70 pages/cpu s248792 r8192 d29736 u524288
[    0.143861] Kernel command line: virtme_hostname=virtme-ng nr_open=1048576 virtme_link_mods=/nipa-data/kernel/.virtme_mods/lib/modules/0.0.0 virtme_initmount0=nipa-data/kernel virtme_rw_overlay0=/etc virtme_rw_overlay1=/lib virtme_rw_overlay2=/home virtme_rw_overlay3=/opt virtme_rw_overlay4=/srv virtme_rw_overlay5=/usr virtme_rw_overlay6=/var console=hvc0 earlyprintk=serial,ttyS0,115200 virtme_console=ttyS0 psmouse.proto=exps TERM=xterm virtme_chdir=nipa-data/kernel virtme_root_user=1 rootfstype=9p rootflags=version=9p2000.L,trans=virtio,access=any raid=noautodetect ro init=/usr/lib/python3/dist-packages/virtme/guest/virtme-init
[    0.152276] Unknown kernel command line parameters "virtme_hostname=virtme-ng nr_open=1048576 virtme_link_mods=/nipa-data/kernel/.virtme_mods/lib/modules/0.0.0 virtme_initmount0=nipa-data/kernel virtme_rw_overlay0=/etc virtme_rw_overlay1=/lib virtme_rw_overlay2=/home virtme_rw_overlay3=/opt virtme_rw_overlay4=/srv virtme_rw_overlay5=/usr virtme_rw_overlay6=/var virtme_console=ttyS0 virtme_chdir=nipa-data/kernel virtme_root_user=1", will be passed to user space.
[    0.158239] random: crng init done
[    0.158737] printk: log_buf_len individual max cpu contribution: 4096 bytes
[    0.159758] printk: log_buf_len total cpu_extra contributions: 225280 bytes
[    0.160771] printk: log_buf_len min size: 262144 bytes
[    0.162344] printk: log_buf_len: 524288 bytes
[    0.163001] printk: early log buf free: 253864(96%)
[    0.164171] Dentry cache hash table entries: 131072 (order: 8, 1048576 bytes, linear)
[    0.165381] Inode-cache hash table entries: 65536 (order: 7, 524288 bytes, linear)
[    0.169151] Fallback order for Node 0: 0 
[    0.169167] Built 1 zonelists, mobility grouping on.  Total pages: 262014
[    0.170679] Policy zone: DMA32
[    0.171103] mem auto-init: stack:all(zero), heap alloc:off, heap free:off
[    0.172046] stackdepot: allocating hash table via alloc_large_system_hash
[    0.172986] stackdepot hash table entries: 1048576 (order: 12, 16777216 bytes, linear)
[    0.197369] SLUB: HWalign=64, Order=0-3, MinObjects=0, CPUs=56, Nodes=1
Poking KASLR using RDRAND RDTSC...
[    0.198887] ftrace: allocating 48543 entries in 190 pages
[    0.218594] ftrace: allocated 190 pages with 6 groups
[    0.221221] Dynamic Preempt: voluntary
[    0.223783] rcu: Preemptible hierarchical RCU implementation.
[    0.224584] rcu: RCU event tracing is enabled.
[    0.225211] rcu: RCU restricting CPUs from NR_CPUS=64 to nr_cpu_ids=56.
[    0.226139] Trampoline variant of Tasks RCU enabled.
[    0.226838] Rude variant of Tasks RCU enabled.
[    0.227468] Tracing variant of Tasks RCU enabled.
[    0.228131] rcu: RCU calculated value of scheduler-enlistment delay is 100 jiffies.
[    0.229187] rcu: Adjusting geometry for rcu_fanout_leaf=16, nr_cpu_ids=56
[    0.230428] RCU Tasks: Setting shift to 6 and lim to 1 rcu_task_cb_adjust=1 rcu_task_cpu_ids=56.
[    0.231652] RCU Tasks Rude: Setting shift to 6 and lim to 1 rcu_task_cb_adjust=1 rcu_task_cpu_ids=56.
[    0.232934] RCU Tasks Trace: Setting shift to 6 and lim to 1 rcu_task_cb_adjust=1 rcu_task_cpu_ids=56.
[    0.254544] NR_IRQS: 4352, nr_irqs: 872, preallocated irqs: 16
[    0.255892] rcu: srcu_init: Setting srcu_struct sizes based on contention.
[    0.257314] Console: colour *CGA 80x25
[    0.257949] ACPI: Core revision 20240827
[    0.258851] clocksource: hpet: mask: 0xffffffff max_cycles: 0xffffffff, max_idle_ns: 19112604467 ns
[    0.260254] APIC: Switch to symmetric I/O mode setup
[    0.261134] kvm-guest: APIC: send_IPI_mask() replaced with kvm_send_ipi_mask()
[    0.262475] kvm-guest: APIC: send_IPI_mask_allbutself() replaced with kvm_send_ipi_mask_allbutself()
[    0.264134] kvm-guest: setup PV IPIs
[    0.266382] ..TIMER: vector=0x30 apic1=0 pin1=2 apic2=-1 pin2=-1
[    0.268260] clocksource: tsc-early: mask: 0xffffffffffffffff max_cycles: 0x39a85c9bff6, max_idle_ns: 881590591483 ns
[    0.271239] Calibrating delay loop (skipped) preset value.. 4000.00 BogoMIPS (lpj=2000000)
[    0.272470] x86/cpu: User Mode Instruction Prevention (UMIP) activated
[    0.274356] Last level iTLB entries: 4KB 0, 2MB 0, 4MB 0
[    0.275232] Last level dTLB entries: 4KB 0, 2MB 0, 4MB 0, 1GB 0
[    0.276258] Spectre V1 : Mitigation: usercopy/swapgs barriers and __user pointer sanitization
[    0.277241] Spectre V2 : Spectre BHI mitigation: SW BHB clearing on syscall and VM exit
[    0.278232] Spectre V2 : Mitigation: Enhanced / Automatic IBRS
[    0.279242] Spectre V2 : Spectre v2 / SpectreRSB mitigation: Filling RSB on context switch
[    0.280242] Spectre V2 : Spectre v2 / PBRSB-eIBRS: Retire a single CALL on VMEXIT
[    0.281250] Spectre V2 : mitigation: Enabling conditional Indirect Branch Prediction Barrier
[    0.282247] Speculative Store Bypass: Mitigation: Speculative Store Bypass disabled via prctl
[    0.283234] TAA: Mitigation: TSX disabled
[    0.284250] x86/fpu: Supporting XSAVE feature 0x001: 'x87 floating point registers'
[    0.285232] x86/fpu: Supporting XSAVE feature 0x002: 'SSE registers'
[    0.286232] x86/fpu: Supporting XSAVE feature 0x004: 'AVX registers'
[    0.287232] x86/fpu: Supporting XSAVE feature 0x020: 'AVX-512 opmask'
[    0.288232] x86/fpu: Supporting XSAVE feature 0x040: 'AVX-512 Hi256'
[    0.289232] x86/fpu: Supporting XSAVE feature 0x080: 'AVX-512 ZMM_Hi256'
[    0.290232] x86/fpu: Supporting XSAVE feature 0x200: 'Protection Keys User registers'
[    0.291232] x86/fpu: Supporting XSAVE feature 0x20000: 'AMX Tile config'
[    0.292242] x86/fpu: Supporting XSAVE feature 0x40000: 'AMX Tile data'
[    0.293234] x86/fpu: xstate_offset[2]:  576, xstate_sizes[2]:  256
[    0.294232] x86/fpu: xstate_offset[5]:  832, xstate_sizes[5]:   64
[    0.295232] x86/fpu: xstate_offset[6]:  896, xstate_sizes[6]:  512
[    0.296232] x86/fpu: xstate_offset[7]: 1408, xstate_sizes[7]: 1024
[    0.297232] x86/fpu: xstate_offset[9]: 2432, xstate_sizes[9]:    8
[    0.298232] x86/fpu: xstate_offset[17]: 2496, xstate_sizes[17]:   64
[    0.299242] x86/fpu: xstate_offset[18]: 2560, xstate_sizes[18]: 8192
[    0.300242] x86/fpu: Enabled xstate features 0x602e7, context size is 10752 bytes, using 'compacted' format.
[    0.344781] Freeing SMP alternatives memory: 40K
[    0.345234] pid_max: default: 57344 minimum: 448
[    0.346500] Mount-cache hash table entries: 2048 (order: 2, 16384 bytes, linear)
[    0.347247] Mountpoint-cache hash table entries: 2048 (order: 2, 16384 bytes, linear)
[    0.350914] smpboot: CPU0: Intel(R) Xeon(R) Platinum 8480+ (family: 0x6, model: 0x8f, stepping: 0x6)
[    0.352041] Performance Events: PEBS fmt0-, Sapphire Rapids events, full-width counters, Intel PMU driver.
[    0.352239] ... version:                2
[    0.353052] ... bit width:              48
[    0.353235] ... generic registers:      8
[    0.354036] ... value mask:             0000ffffffffffff
[    0.354234] ... max period:             00007fffffffffff
[    0.355234] ... fixed-purpose events:   3
[    0.356033] ... event mask:             00000007000000ff
[    0.356577] signal: max sigframe size: 11952
[    0.357307] rcu: Hierarchical SRCU implementation.
[    0.358235] rcu: Max phase no-delay instances is 400.
[    0.359347] Timer migration: 2 hierarchy levels; 8 children per group; 2 crossnode level
[    0.363246] smp: Bringing up secondary CPUs ...
[    0.364500] smpboot: x86: Booting SMP configuration:
[    0.365236] .... node  #0, CPUs:        #1  #2  #3  #4  #5  #6  #7  #8  #9 #10 #11 #12 #13 #14 #15 #16 #17 #18 #19 #20 #21 #22 #23 #24 #25 #26 #27 #28 #29 #30 #31 #32 #33 #34 #35 #36 #37 #38 #39 #40 #41 #42 #43 #44 #45 #46 #47 #48 #49 #50 #51 #52 #53 #54 #55
[    0.501315] smp: Brought up 1 node, 56 CPUs
[    0.503092] smpboot: Total of 56 processors activated (224000.00 BogoMIPS)
[    0.522473] Memory: 742724K/1048056K available (45056K kernel code, 11383K rwdata, 10000K rodata, 5996K init, 1808K bss, 280396K reserved, 0K cma-reserved)
[    0.524234] devtmpfs: initialized
[    0.525510] x86/mm: Memory block size: 128MB
[    0.535643] clocksource: jiffies: mask: 0xffffffff max_cycles: 0xffffffff, max_idle_ns: 1911260446275000 ns
[    0.536258] futex hash table entries: 16384 (order: 8, 1048576 bytes, linear)
[    0.538237] PM: RTC time: 00:35:14, date: 2024-09-30
[    0.542134] NET: Registered PF_NETLINK/PF_ROUTE protocol family
[    0.543413] thermal_sys: Registered thermal governor 'step_wise'
[    0.543419] thermal_sys: Registered thermal governor 'user_space'
[    0.544356] cpuidle: using governor menu
[    0.548407] PCI: Using configuration type 1 for base access
[    0.549424] kprobes: kprobe jump-optimization is enabled. All kprobes are optimized if possible.
[    0.563625] HugeTLB: registered 1.00 GiB page size, pre-allocated 0 pages
[    0.565237] HugeTLB: 16380 KiB vmemmap can be freed for a 1.00 GiB page
[    0.568240] HugeTLB: registered 2.00 MiB page size, pre-allocated 0 pages
[    0.571238] HugeTLB: 28 KiB vmemmap can be freed for a 2.00 MiB page
[    0.580813] ACPI: Added _OSI(Module Device)
[    0.581236] ACPI: Added _OSI(Processor Device)
[    0.582163] ACPI: Added _OSI(3.0 _SCP Extensions)
[    0.583235] ACPI: Added _OSI(Processor Aggregator Device)
[    0.615461] ACPI: 1 ACPI AML tables successfully acquired and loaded
[    0.626404] ACPI: Interpreter enabled
[    0.627230] ACPI: PM: (supports S0 S3 S4 S5)
[    0.628235] ACPI: Using IOAPIC for interrupt routing
[    0.629311] PCI: Using host bridge windows from ACPI; if necessary, use "pci=nocrs" and report a bug
[    0.631236] PCI: Using E820 reservations for host bridge windows
[    0.633703] ACPI: Enabled 2 GPEs in block 00 to 0F
[    0.696321] ACPI: PCI Root Bridge [PCI0] (domain 0000 [bus 00-ff])
[    0.697253] acpi PNP0A03:00: _OSC: OS supports [ASPM ClockPM Segments MSI HPX-Type3]
[    0.698237] acpi PNP0A03:00: _OSC: not requesting OS control; OS requires [ExtendedConfig ASPM ClockPM MSI]
[    0.700367] acpi PNP0A03:00: fail to add MMCONFIG information, can't access extended configuration space under this bridge
[    0.702682] PCI host bridge to bus 0000:00
[    0.704297] pci_bus 0000:00: root bus resource [io  0x0000-0x0cf7 window]
[    0.705238] pci_bus 0000:00: root bus resource [io  0x0d00-0xffff window]
[    0.706238] pci_bus 0000:00: root bus resource [mem 0x000a0000-0x000bffff window]
[    0.708238] pci_bus 0000:00: root bus resource [mem 0x40000000-0xfebfffff window]
[    0.709237] pci_bus 0000:00: root bus resource [mem 0x100000000-0x17fffffff window]
[    0.711239] pci_bus 0000:00: root bus resource [bus 00-ff]
[    0.712306] pci 0000:00:00.0: [8086:1237] type 00 class 0x060000 conventional PCI endpoint
[    0.714506] pci 0000:00:01.0: [8086:7000] type 00 class 0x060100 conventional PCI endpoint
[    0.717636] pci 0000:00:01.1: [8086:7010] type 00 class 0x010180 conventional PCI endpoint
[    0.722576] pci 0000:00:01.1: BAR 4 [io  0xc0c0-0xc0cf]
[    0.724604] pci 0000:00:01.1: BAR 0 [io  0x01f0-0x01f7]: legacy IDE quirk
[    0.725235] pci 0000:00:01.1: BAR 1 [io  0x03f6]: legacy IDE quirk
[    0.726235] pci 0000:00:01.1: BAR 2 [io  0x0170-0x0177]: legacy IDE quirk
[    0.728235] pci 0000:00:01.1: BAR 3 [io  0x0376]: legacy IDE quirk
[    0.731237] pci 0000:00:01.3: [8086:7113] type 00 class 0x068000 conventional PCI endpoint
[    0.732861] pci 0000:00:01.3: quirk: [io  0x0600-0x063f] claimed by PIIX4 ACPI
[    0.734245] pci 0000:00:01.3: quirk: [io  0x0700-0x070f] claimed by PIIX4 SMB
[    0.736274] pci 0000:00:02.0: [1af4:1009] type 00 class 0x000200 conventional PCI endpoint
[    0.740989] pci 0000:00:02.0: BAR 0 [io  0xc000-0xc03f]
[    0.742237] pci 0000:00:02.0: BAR 1 [mem 0xfebfc000-0xfebfcfff]
[    0.748239] pci 0000:00:02.0: BAR 4 [mem 0xfebf0000-0xfebf3fff 64bit pref]
[    0.763314] pci 0000:00:03.0: [1af4:1009] type 00 class 0x000200 conventional PCI endpoint
[    0.765172] pci 0000:00:03.0: BAR 0 [io  0xc040-0xc07f]
[    0.767761] pci 0000:00:03.0: BAR 1 [mem 0xfebfd000-0xfebfdfff]
[    0.771723] pci 0000:00:03.0: BAR 4 [mem 0xfebf4000-0xfebf7fff 64bit pref]
[    0.785067] pci 0000:00:04.0: [8086:25ab] type 00 class 0x088000 conventional PCI endpoint
[    0.786871] pci 0000:00:04.0: BAR 0 [mem 0xfebfe000-0xfebfe00f]
[    0.802736] pci 0000:00:05.0: [1af4:1003] type 00 class 0x078000 conventional PCI endpoint
[    0.805175] pci 0000:00:05.0: BAR 0 [io  0xc080-0xc0bf]
[    0.806237] pci 0000:00:05.0: BAR 1 [mem 0xfebff000-0xfebfffff]
[    0.811238] pci 0000:00:05.0: BAR 4 [mem 0xfebf8000-0xfebfbfff 64bit pref]
[    0.828523] ACPI: PCI: Interrupt link LNKA configured for IRQ 10
[    0.831329] ACPI: PCI: Interrupt link LNKB configured for IRQ 10
[    0.833285] ACPI: PCI: Interrupt link LNKC configured for IRQ 11
[    0.835279] ACPI: PCI: Interrupt link LNKD configured for IRQ 11
[    0.836681] ACPI: PCI: Interrupt link LNKS configured for IRQ 9
[    0.868230] iommu: Default domain type: Translated
[    0.869235] iommu: DMA domain TLB invalidation policy: lazy mode
[    0.871822] SCSI subsystem initialized
[    0.872527] pps_core: LinuxPPS API ver. 1 registered
[    0.874238] pps_core: Software ver. 5.3.6 - Copyright 2005-2007 Rodolfo Giometti <giometti@linux.it>
[    0.875252] PTP clock support registered
[    0.878385] Advanced Linux Sound Architecture Driver Initialized.
[    0.881944] NET: Registered PF_ATMPVC protocol family
[    0.882235] NET: Registered PF_ATMSVC protocol family
[    0.883264] PCI: Using ACPI for IRQ routing
[    0.885358] vgaarb: loaded
[    0.886451] hpet0: at MMIO 0xfed00000, IRQs 2, 8, 0
[    0.887235] hpet0: 3 comparators, 64-bit 100.000000 MHz counter
[    0.891683] clocksource: Switched to clocksource kvm-clock
[    0.893463] VFS: Disk quotas dquot_6.6.0
[    0.894340] VFS: Dquot-cache hash table entries: 512 (order 0, 4096 bytes)
[    0.898089] pnp: PnP ACPI init
[    0.901676] pnp: PnP ACPI: found 5 devices
[    0.936510] clocksource: acpi_pm: mask: 0xffffff max_cycles: 0xffffff, max_idle_ns: 2085701024 ns
[    0.938485] NET: Registered PF_INET protocol family
[    0.939940] IP idents hash table entries: 16384 (order: 5, 131072 bytes, linear)
[    0.942287] tcp_listen_portaddr_hash hash table entries: 512 (order: 1, 8192 bytes, linear)
[    0.944020] Table-perturb hash table entries: 65536 (order: 6, 262144 bytes, linear)
[    0.945638] TCP established hash table entries: 8192 (order: 4, 65536 bytes, linear)
[    0.947250] TCP bind hash table entries: 8192 (order: 6, 262144 bytes, linear)
[    0.948750] TCP: Hash tables configured (established 8192 bind 8192)
[    0.950362] UDP hash table entries: 512 (order: 2, 16384 bytes, linear)
[    0.951717] UDP-Lite hash table entries: 512 (order: 2, 16384 bytes, linear)
[    0.953551] NET: Registered PF_UNIX/PF_LOCAL protocol family
[    0.954734] pci_bus 0000:00: resource 4 [io  0x0000-0x0cf7 window]
[    0.956005] pci_bus 0000:00: resource 5 [io  0x0d00-0xffff window]
[    0.957264] pci_bus 0000:00: resource 6 [mem 0x000a0000-0x000bffff window]
[    0.958653] pci_bus 0000:00: resource 7 [mem 0x40000000-0xfebfffff window]
[    0.960066] pci_bus 0000:00: resource 8 [mem 0x100000000-0x17fffffff window]
[    0.961718] pci 0000:00:01.0: PIIX3: Enabling Passive Release
[    0.962902] pci 0000:00:00.0: Limiting direct PCI/PCI transfers
[    0.964214] PCI: CLS 0 bytes, default 64
[    0.982304] RAPL PMU: API unit is 2^-32 Joules, 1 fixed counters, 10737418240 ms ovfl timer
[    0.984099] RAPL PMU: hw unit of domain psys 2^-0 Joules
[    1.274887] kwatchdog (376) used greatest stack depth: 30016 bytes left
[    1.620306] kvm_amd: CPU 2 isn't AMD or Hygon
[    1.621250] clocksource: tsc: mask: 0xffffffffffffffff max_cycles: 0x39a85c9bff6, max_idle_ns: 881590591483 ns
[    1.783797] Initialise system trusted keyrings
[    1.785554] workingset: timestamp_bits=56 max_order=18 bucket_order=0
[    1.787100] squashfs: version 4.0 (2009/01/31) Phillip Lougher
[    1.788320] fuse: init (API version 7.41)
[    1.789645] 9p: Installing v9fs 9p2000 file system support
[    1.809470] Key type asymmetric registered
[    1.810290] Asymmetric key parser 'x509' registered
[    1.811349] Block layer SCSI generic (bsg) driver version 0.4 loaded (major 249)
[    1.812868] io scheduler mq-deadline registered
[    1.813783] io scheduler kyber registered
[    1.834326] input: Power Button as /devices/LNXSYSTM:00/LNXPWRBN:00/input/input0
[    1.836490] ACPI: button: Power Button [PWRF]
[    1.840548] Warning: Processor Platform Limit event detected, but not handled.
[    1.843877] Consider compiling CPUfreq support into your kernel.
[    2.756225] ACPI: \_SB_.LNKB: Enabled at IRQ 10
[    3.631248] ACPI: \_SB_.LNKC: Enabled at IRQ 11
[    4.506121] ACPI: \_SB_.LNKA: Enabled at IRQ 10
[    4.509105] Serial: 8250/16550 driver, 4 ports, IRQ sharing enabled
[    4.510884] 00:03: ttyS0 at I/O 0x3f8 (irq = 4, base_baud = 115200) is a 16550A
[    4.552246] Non-volatile memory driver v1.3
[    4.553154] Linux agpgart interface v0.103
[    4.555282] ACPI: bus type drm_connector registered
[    4.559134] printk: legacy console [hvc0] enabled
[    4.560200] printk: legacy bootconsole [earlyser0] disabled
          _      _                                    
   __   _(_)_ __| |_ _ __ ___   ___       _ __   __ _ 
   \ \ / / |  __| __|  _   _ \ / _ \_____|  _ \ / _  |
    \ V /| | |  | |_| | | | | |  __/_____| | | | (_| |
     \_/ |_|_|   \__|_| |_| |_|\___|     |_| |_|\__  |
                                                |___/ 
   kernel version: 6.11.0-virtme x86_64
   (CTRL+d to exit)

root@virtme-ng:/nipa-data/kernel# PS1='xx__-> '
xx__-> env
PWD=/nipa-data/kernel
nr_open=1048576
HOME=/
TERM=xterm
SHLVL=2
XDG_RUNTIME_DIR=/run/user/0
PATH=/bin:/sbin:/usr/bin:/usr/sbin:/usr/local/bin
OLDPWD=/
_=/bin/env
xx__-> 