No EFI environment detected.
early console in extract_kernel
input_data: 0x00000000029b82c4
input_len: 0x0000000000bbf98a
output: 0x0000000001000000
output_len: 0x0000000002531f8c
kernel_total_size: 0x0000000002430000
needed_size: 0x0000000002600000
trampoline_32bit: 0x0000000000000000
Physical KASLR using RDRAND RDTSC...
Virtual KASLR using RDRAND RDTSC...

Decompressing Linux... Parsing ELF... Performing relocations... done.
Booting the kernel (entry_offset: 0x0000000000fb7140).
[    0.000000] Linux version 6.15.0-rc5-virtme (root@a4e84625aa34) (gcc (Ubuntu 13.3.0-6ubuntu2~24.04) 13.3.0, GNU ld (GNU Binutils for Ubuntu) 2.42) #1 SMP PREEMPT_DYNAMIC Tue May 13 18:06:22 UTC 2025
[    0.000000] Command line: virtme_hostname=virtme-ng nr_open=1048576 virtme_link_mods=/nipa-data/kernel/.virtme_mods/lib/modules/0.0.0 virtme_initmount0=nipa-data/kernel virtme_rw_overlay0=/etc virtme_rw_overlay1=/lib virtme_rw_overlay2=/home virtme_rw_overlay3=/opt virtme_rw_overlay4=/srv virtme_rw_overlay5=/usr virtme_rw_overlay6=/var console=hvc0 earlyprintk=serial,ttyS0,115200 virtme_console=ttyS0 psmouse.proto=exps TERM=xterm virtme_chdir=nipa-data/kernel virtme_root_user=1 rootfstype=9p rootflags=version=9p2000.L,trans=virtio,access=any raid=noautodetect ro init=/usr/lib/python3/dist-packages/virtme/guest/virtme-init
[    0.000000] BIOS-provided physical RAM map:
[    0.000000] BIOS-e820: [mem 0x0000000000000000-0x000000000009fbff] usable
[    0.000000] BIOS-e820: [mem 0x000000000009fc00-0x000000000009ffff] reserved
[    0.000000] BIOS-e820: [mem 0x00000000000f0000-0x00000000000fffff] reserved
[    0.000000] BIOS-e820: [mem 0x0000000000100000-0x000000003ffdffff] usable
[    0.000000] BIOS-e820: [mem 0x000000003ffe0000-0x000000003fffffff] reserved
[    0.000000] BIOS-e820: [mem 0x00000000feffc000-0x00000000feffffff] reserved
[    0.000000] BIOS-e820: [mem 0x00000000fffc0000-0x00000000ffffffff] reserved
[    0.000000] BIOS-e820: [mem 0x000000fd00000000-0x000000ffffffffff] reserved
[    0.000000] printk: legacy bootconsole [earlyser0] enabled
[    0.000000] NX (Execute Disable) protection: active
[    0.000000] APIC: Static calls initialized
[    0.000000] SMBIOS 3.0.0 present.
[    0.000000] DMI: QEMU Ubuntu 24.04 PC (i440FX + PIIX, 1996), BIOS 1.16.3-debian-1.16.3-2 04/01/2014
[    0.000000] DMI: Memory slots populated: 1/1
[    0.000000] Hypervisor detected: KVM
[    0.000000] kvm-clock: Using msrs 4b564d01 and 4b564d00
[    0.000000] kvm-clock: using sched offset of 224816415 cycles
[    0.000369] clocksource: kvm-clock: mask: 0xffffffffffffffff max_cycles: 0x1cd42e4dffb, max_idle_ns: 881590591483 ns
[    0.001516] tsc: Detected 4491.560 MHz processor
[    0.002099] last_pfn = 0x3ffe0 max_arch_pfn = 0x400000000
[    0.002499] MTRR map: 4 entries (3 fixed + 1 variable; max 19), built from 8 variable MTRRs
[    0.003086] x86/PAT: Configuration [0-7]: WB  WC  UC- UC  WB  WP  UC- WT  
Memory KASLR using RDRAND RDTSC...
[    0.005051] found SMP MP-table at [mem 0x000f5470-0x000f547f]
[    0.005459] Using GB pages for direct mapping
[    0.005796] ACPI: Early table checksum verification disabled
[    0.006195] ACPI: RSDP 0x00000000000F5290 000014 (v00 BOCHS )
[    0.006599] ACPI: RSDT 0x000000003FFE27BC 000034 (v01 BOCHS  BXPC     00000001 BXPC 00000001)
[    0.007198] ACPI: FACP 0x000000003FFE2578 000074 (v01 BOCHS  BXPC     00000001 BXPC 00000001)
[    0.007796] ACPI: DSDT 0x000000003FFE0040 002538 (v01 BOCHS  BXPC     00000001 BXPC 00000001)
[    0.008394] ACPI: FACS 0x000000003FFE0000 000040
[    0.008718] ACPI: APIC 0x000000003FFE25EC 000170 (v03 BOCHS  BXPC     00000001 BXPC 00000001)
[    0.009316] ACPI: HPET 0x000000003FFE275C 000038 (v01 BOCHS  BXPC     00000001 BXPC 00000001)
[    0.009915] ACPI: WAET 0x000000003FFE2794 000028 (v01 BOCHS  BXPC     00000001 BXPC 00000001)
[    0.010511] ACPI: Reserving FACP table memory at [mem 0x3ffe2578-0x3ffe25eb]
[    0.011004] ACPI: Reserving DSDT table memory at [mem 0x3ffe0040-0x3ffe2577]
[    0.011496] ACPI: Reserving FACS table memory at [mem 0x3ffe0000-0x3ffe003f]
[    0.011989] ACPI: Reserving APIC table memory at [mem 0x3ffe25ec-0x3ffe275b]
[    0.012482] ACPI: Reserving HPET table memory at [mem 0x3ffe275c-0x3ffe2793]
[    0.012974] ACPI: Reserving WAET table memory at [mem 0x3ffe2794-0x3ffe27bb]
[    0.013603] No NUMA configuration found
[    0.013872] Faking a node at [mem 0x0000000000000000-0x000000003ffdffff]
[    0.014343] NODE_DATA(0) allocated [mem 0x3ffdb600-0x3ffdffff]
[    0.014761] Zone ranges:
[    0.014939]   DMA      [mem 0x0000000000001000-0x0000000000ffffff]
[    0.015373]   DMA32    [mem 0x0000000001000000-0x000000003ffdffff]
[    0.015807]   Normal   empty
[    0.016010]   Device   empty
[    0.016212] Movable zone start for each node
[    0.016511] Early memory node ranges
[    0.016761]   node   0: [mem 0x0000000000001000-0x000000000009efff]
[    0.017201]   node   0: [mem 0x0000000000100000-0x000000003ffdffff]
[    0.017641] Initmem setup node 0 [mem 0x0000000000001000-0x000000003ffdffff]
[    0.018139] On node 0, zone DMA: 1 pages in unavailable ranges
[    0.018556] On node 0, zone DMA: 97 pages in unavailable ranges
[    0.019913] On node 0, zone DMA32: 32 pages in unavailable ranges
[    0.020534] ACPI: PM-Timer IO Port: 0x608
[    0.020819] ACPI: LAPIC_NMI (acpi_id[0xff] dfl dfl lint[0x1])
[    0.021237] IOAPIC[0]: apic_id 0, version 17, address 0xfec00000, GSI 0-23
[    0.021718] ACPI: INT_SRC_OVR (bus 0 bus_irq 0 global_irq 2 dfl dfl)
[    0.022166] ACPI: INT_SRC_OVR (bus 0 bus_irq 5 global_irq 5 high level)
[    0.022629] ACPI: INT_SRC_OVR (bus 0 bus_irq 9 global_irq 9 high level)
[    0.023092] ACPI: INT_SRC_OVR (bus 0 bus_irq 10 global_irq 10 high level)
[    0.023567] ACPI: INT_SRC_OVR (bus 0 bus_irq 11 global_irq 11 high level)
[    0.024043] ACPI: Using ACPI (MADT) for SMP configuration information
[    0.024493] ACPI: HPET id: 0x8086a201 base: 0xfed00000
[    0.024854] TSC deadline timer available
[    0.025131] CPU topo: Max. logical packages:   1
[    0.025454] CPU topo: Max. logical dies:       1
[    0.025776] CPU topo: Max. dies per package:   1
[    0.026106] CPU topo: Max. threads per core:   1
[    0.026427] CPU topo: Num. cores per package:    32
[    0.026767] CPU topo: Num. threads per package:  32
[    0.027106] CPU topo: Allowing 32 present CPUs plus 0 hotplug CPUs
[    0.027543] kvm-guest: APIC: eoi() replaced with kvm_guest_apic_eoi_write()
[    0.028034] kvm-guest: KVM setup pv remote TLB flush
[    0.028381] kvm-guest: setup PV sched yield
[    0.028675] PM: hibernation: Registered nosave memory: [mem 0x00000000-0x00000fff]
[    0.029209] PM: hibernation: Registered nosave memory: [mem 0x0009f000-0x000fffff]
[    0.029740] [mem 0x40000000-0xfeffbfff] available for PCI devices
[    0.030169] Booting paravirtualized kernel on KVM
[    0.030498] clocksource: refined-jiffies: mask: 0xffffffff max_cycles: 0xffffffff, max_idle_ns: 1910969940391419 ns
[    0.033952] setup_percpu: NR_CPUS:64 nr_cpumask_bits:32 nr_cpu_ids:32 nr_node_ids:1
[    0.035069] percpu: Embedded 53 pages/cpu s178392 r8192 d30504 u262144
[    0.035555] Kernel command line: virtme_hostname=virtme-ng nr_open=1048576 virtme_link_mods=/nipa-data/kernel/.virtme_mods/lib/modules/0.0.0 virtme_initmount0=nipa-data/kernel virtme_rw_overlay0=/etc virtme_rw_overlay1=/lib virtme_rw_overlay2=/home virtme_rw_overlay3=/opt virtme_rw_overlay4=/srv virtme_rw_overlay5=/usr virtme_rw_overlay6=/var console=hvc0 earlyprintk=serial,ttyS0,115200 virtme_console=ttyS0 psmouse.proto=exps TERM=xterm virtme_chdir=nipa-data/kernel virtme_root_user=1 rootfstype=9p rootflags=version=9p2000.L,trans=virtio,access=any raid=noautodetect ro init=/usr/lib/python3/dist-packages/virtme/guest/virtme-init
[    0.039632] Unknown kernel command line parameters "virtme_hostname=virtme-ng nr_open=1048576 virtme_link_mods=/nipa-data/kernel/.virtme_mods/lib/modules/0.0.0 virtme_initmount0=nipa-data/kernel virtme_rw_overlay0=/etc virtme_rw_overlay1=/lib virtme_rw_overlay2=/home virtme_rw_overlay3=/opt virtme_rw_overlay4=/srv virtme_rw_overlay5=/usr virtme_rw_overlay6=/var virtme_console=ttyS0 virtme_chdir=nipa-data/kernel virtme_root_user=1", will be passed to user space.
[    0.042761] random: crng init done
[    0.043006] printk: log buffer data + meta data: 262144 + 917504 = 1179648 bytes
[    0.043567] Dentry cache hash table entries: 131072 (order: 8, 1048576 bytes, linear)
[    0.044152] Inode-cache hash table entries: 65536 (order: 7, 524288 bytes, linear)
[    0.044783] Fallback order for Node 0: 0 
[    0.044785] Built 1 zonelists, mobility grouping on.  Total pages: 262014
[    0.045559] Policy zone: DMA32
[    0.045778] mem auto-init: stack:all(zero), heap alloc:off, heap free:off
[    0.046782] SLUB: HWalign=64, Order=0-3, MinObjects=0, CPUs=32, Nodes=1
Poking KASLR using RDRAND RDTSC...
[    0.054030] ftrace: allocating 48779 entries in 192 pages
[    0.054419] ftrace: allocated 192 pages with 2 groups
[    0.055346] Dynamic Preempt: voluntary
[    0.055738] rcu: Preemptible hierarchical RCU implementation.
[    0.056151] rcu: RCU event tracing is enabled.
[    0.056476] rcu: RCU restricting CPUs from NR_CPUS=64 to nr_cpu_ids=32.
[    0.056955] Trampoline variant of Tasks RCU enabled.
[    0.057316] Rude variant of Tasks RCU enabled.
[    0.057640] Tracing variant of Tasks RCU enabled.
[    0.057986] rcu: RCU calculated value of scheduler-enlistment delay is 100 jiffies.
[    0.058538] rcu: Adjusting geometry for rcu_fanout_leaf=16, nr_cpu_ids=32
[    0.059032] RCU Tasks: Setting shift to 5 and lim to 1 rcu_task_cb_adjust=1 rcu_task_cpu_ids=32.
[    0.059666] RCU Tasks Rude: Setting shift to 5 and lim to 1 rcu_task_cb_adjust=1 rcu_task_cpu_ids=32.
[    0.060328] RCU Tasks Trace: Setting shift to 5 and lim to 1 rcu_task_cb_adjust=1 rcu_task_cpu_ids=32.
[    0.062719] NR_IRQS: 4352, nr_irqs: 680, preallocated irqs: 16
[    0.063308] rcu: srcu_init: Setting srcu_struct sizes based on contention.
[    0.063936] Console: colour *CGA 80x25
[    0.064210] ACPI: Core revision 20240827
[    0.064565] clocksource: hpet: mask: 0xffffffff max_cycles: 0xffffffff, max_idle_ns: 19112604467 ns
[    0.065266] APIC: Switch to symmetric I/O mode setup
[    0.065766] x2apic enabled
[    0.066136] APIC: Switched APIC routing to: physical x2apic
[    0.066531] kvm-guest: APIC: send_IPI_mask() replaced with kvm_send_ipi_mask()
[    0.067042] kvm-guest: APIC: send_IPI_mask_allbutself() replaced with kvm_send_ipi_mask_allbutself()
[    0.067678] kvm-guest: setup PV IPIs
[    0.068649] ..TIMER: vector=0x30 apic1=0 pin1=2 apic2=-1 pin2=-1
[    0.069422] clocksource: tsc-early: mask: 0xffffffffffffffff max_cycles: 0x40be4320a4d, max_idle_ns: 440795288133 ns
[    0.070752] Calibrating delay loop (skipped) preset value.. 8983.12 BogoMIPS (lpj=4491560)
[    0.071812] x86/cpu: User Mode Instruction Prevention (UMIP) activated
[    0.072799] Last level iTLB entries: 4KB 512, 2MB 255, 4MB 127
[    0.073751] Last level dTLB entries: 4KB 512, 2MB 255, 4MB 127, 1GB 0
[    0.074557] Spectre V1 : Mitigation: usercopy/swapgs barriers and __user pointer sanitization
[    0.075755] Spectre V2 : Mitigation: Enhanced / Automatic IBRS
[    0.076479] Spectre V2 : mitigation: Enabling conditional Indirect Branch Prediction Barrier
[    0.076752] Speculative Store Bypass: Mitigation: Speculative Store Bypass disabled via prctl
[    0.077751] Speculative Return Stack Overflow: IBPB-extending microcode not applied!
[    0.078751] Speculative Return Stack Overflow: WARNING: See https://kernel.org/doc/html/latest/admin-guide/hw-vuln/srso.html for mitigation options.
[    0.078752] Speculative Return Stack Overflow: Vulnerable: Safe RET, no microcode
[    0.080766] x86/fpu: Supporting XSAVE feature 0x001: 'x87 floating point registers'
[    0.081751] x86/fpu: Supporting XSAVE feature 0x002: 'SSE registers'
[    0.082751] x86/fpu: Supporting XSAVE feature 0x004: 'AVX registers'
[    0.083751] x86/fpu: Supporting XSAVE feature 0x020: 'AVX-512 opmask'
[    0.084533] x86/fpu: Supporting XSAVE feature 0x040: 'AVX-512 Hi256'
[    0.084751] x86/fpu: Supporting XSAVE feature 0x080: 'AVX-512 ZMM_Hi256'
[    0.085751] x86/fpu: Supporting XSAVE feature 0x200: 'Protection Keys User registers'
[    0.086751] x86/fpu: xstate_offset[2]:  576, xstate_sizes[2]:  256
[    0.087751] x86/fpu: xstate_offset[5]:  832, xstate_sizes[5]:   64
[    0.088502] x86/fpu: xstate_offset[6]:  896, xstate_sizes[6]:  512
[    0.088751] x86/fpu: xstate_offset[7]: 1408, xstate_sizes[7]: 1024
[    0.089751] x86/fpu: xstate_offset[9]: 2432, xstate_sizes[9]:    8
[    0.090751] x86/fpu: Enabled xstate features 0x2e7, context size is 2440 bytes, using 'compacted' format.
[    0.106106] Freeing SMP alternatives memory: 44K
[    0.106672] pid_max: default: 32768 minimum: 301
[    0.106771] Mount-cache hash table entries: 2048 (order: 2, 16384 bytes, linear)
[    0.107752] Mountpoint-cache hash table entries: 2048 (order: 2, 16384 bytes, linear)
[    0.108885] smpboot: CPU0: AMD Ryzen 9 7950X 16-Core Processor (family: 0x19, model: 0x61, stepping: 0x2)
[    0.109850] Performance Events: Fam17h+ core perfctr, AMD PMU driver.
[    0.110654] ... version:                0
[    0.110753] ... bit width:              48
[    0.111251] ... generic registers:      6
[    0.111737] ... value mask:             0000ffffffffffff
[    0.111753] ... max period:             00007fffffffffff
[    0.112399] ... fixed-purpose events:   0
[    0.112753] ... event mask:             000000000000003f
[    0.113475] signal: max sigframe size: 3376
[    0.113766] rcu: Hierarchical SRCU implementation.
[    0.114349] rcu: Max phase no-delay instances is 400.
[    0.114775] Timer migration: 2 hierarchy levels; 8 children per group; 2 crossnode level
[    0.117809] smp: Bringing up secondary CPUs ...
[    0.118415] smpboot: x86: Booting SMP configuration:
[    0.118754] .... node  #0, CPUs:        #1  #2  #3  #4  #5  #6  #7  #8  #9 #10 #11 #12 #13 #14 #15 #16 #17 #18 #19 #20 #21 #22 #23 #24 #25 #26 #27 #28 #29 #30 #31
[    0.142843] smp: Brought up 1 node, 32 CPUs
[    0.144270] smpboot: Total of 32 processors activated (287459.84 BogoMIPS)
[    0.145892] Memory: 970996K/1048056K available (16093K kernel code, 2477K rwdata, 6436K rodata, 3196K init, 1680K bss, 62544K reserved, 0K cma-reserved)
[    0.146856] devtmpfs: initialized
[    0.147210] x86/mm: Memory block size: 128MB
[    0.148464] clocksource: jiffies: mask: 0xffffffff max_cycles: 0xffffffff, max_idle_ns: 1911260446275000 ns
[    0.148754] posixtimers hash table entries: 16384 (order: 6, 262144 bytes, linear)
[    0.149720] futex hash table entries: 8192 (order: 7, 524288 bytes, linear)
[    0.149876] PM: RTC time: 18:06:39, date: 2025-05-13
[    0.150816] NET: Registered PF_NETLINK/PF_ROUTE protocol family
[    0.151693] thermal_sys: Registered thermal governor 'step_wise'
[    0.151702] cpuidle: using governor menu
[    0.153126] PCI: Using configuration type 1 for base access
[    0.153757] PCI: Using configuration type 1 for extended access
[    0.154560] kprobes: kprobe jump-optimization is enabled. All kprobes are optimized if possible.
[    0.169794] HugeTLB: allocation took 0ms with hugepage_allocation_threads=8
[    0.170685] HugeTLB: registered 1.00 GiB page size, pre-allocated 0 pages
[    0.170753] HugeTLB: 16380 KiB vmemmap can be freed for a 1.00 GiB page
[    0.171561] HugeTLB: registered 2.00 MiB page size, pre-allocated 0 pages
[    0.171753] HugeTLB: 28 KiB vmemmap can be freed for a 2.00 MiB page
[    0.175797] ACPI: Added _OSI(Module Device)
[    0.176324] ACPI: Added _OSI(Processor Device)
[    0.176753] ACPI: Added _OSI(3.0 _SCP Extensions)
[    0.177340] ACPI: Added _OSI(Processor Aggregator Device)
[    0.178403] ACPI: 1 ACPI AML tables successfully acquired and loaded
[    0.179148] ACPI: Interpreter enabled
[    0.179761] ACPI: PM: (supports S0 S3 S4 S5)
[    0.180290] ACPI: Using IOAPIC for interrupt routing
[    0.180760] PCI: Using host bridge windows from ACPI; if necessary, use "pci=nocrs" and report a bug
[    0.181753] PCI: Using E820 reservations for host bridge windows
[    0.182576] ACPI: Enabled 2 GPEs in block 00 to 0F
[    0.185368] ACPI: PCI Root Bridge [PCI0] (domain 0000 [bus 00-ff])
[    0.185756] acpi PNP0A03:00: _OSC: OS supports [ExtendedConfig ASPM ClockPM Segments MSI HPX-Type3]
[    0.186840] PCI host bridge to bus 0000:00
[    0.187344] pci_bus 0000:00: root bus resource [io  0x0000-0x0cf7 window]
[    0.187753] pci_bus 0000:00: root bus resource [io  0x0d00-0xffff window]
[    0.188591] pci_bus 0000:00: root bus resource [mem 0x000a0000-0x000bffff window]
[    0.188753] pci_bus 0000:00: root bus resource [mem 0x40000000-0xfebfffff window]
[    0.189668] pci_bus 0000:00: root bus resource [mem 0x100000000-0x17fffffff window]
[    0.189753] pci_bus 0000:00: root bus resource [bus 00-ff]
[    0.190506] pci 0000:00:00.0: [8086:1237] type 00 class 0x060000 conventional PCI endpoint
[    0.191026] pci 0000:00:01.0: [8086:7000] type 00 class 0x060100 conventional PCI endpoint
[    0.192021] pci 0000:00:01.1: [8086:7010] type 00 class 0x010180 conventional PCI endpoint
[    0.193142] pci 0000:00:01.1: BAR 4 [io  0xc0c0-0xc0cf]
[    0.193771] pci 0000:00:01.1: BAR 0 [io  0x01f0-0x01f7]: legacy IDE quirk
[    0.194607] pci 0000:00:01.1: BAR 1 [io  0x03f6]: legacy IDE quirk
[    0.194753] pci 0000:00:01.1: BAR 2 [io  0x0170-0x0177]: legacy IDE quirk
[    0.195590] pci 0000:00:01.1: BAR 3 [io  0x0376]: legacy IDE quirk
[    0.195843] pci 0000:00:01.3: [8086:7113] type 00 class 0x068000 conventional PCI endpoint
[    0.196947] pci 0000:00:01.3: quirk: [io  0x0600-0x063f] claimed by PIIX4 ACPI
[    0.197757] pci 0000:00:01.3: quirk: [io  0x0700-0x070f] claimed by PIIX4 SMB
[    0.198805] pci 0000:00:02.0: [1af4:1009] type 00 class 0x000200 conventional PCI endpoint
[    0.200514] pci 0000:00:02.0: BAR 0 [io  0xc000-0xc03f]
[    0.200757] pci 0000:00:02.0: BAR 1 [mem 0xfebfc000-0xfebfcfff]
[    0.201497] pci 0000:00:02.0: BAR 4 [mem 0xfebf0000-0xfebf3fff 64bit pref]
[    0.202528] pci 0000:00:03.0: [1af4:1009] type 00 class 0x000200 conventional PCI endpoint
[    0.203283] pci 0000:00:03.0: BAR 0 [io  0xc040-0xc07f]
[    0.203757] pci 0000:00:03.0: BAR 1 [mem 0xfebfd000-0xfebfdfff]
[    0.204506] pci 0000:00:03.0: BAR 4 [mem 0xfebf4000-0xfebf7fff 64bit pref]
[    0.205267] pci 0000:00:04.0: [8086:25ab] type 00 class 0x088000 conventional PCI endpoint
[    0.206096] pci 0000:00:04.0: BAR 0 [mem 0xfebfe000-0xfebfe00f]
[    0.207152] pci 0000:00:05.0: [1af4:1003] type 00 class 0x078000 conventional PCI endpoint
[    0.208472] pci 0000:00:05.0: BAR 0 [io  0xc080-0xc0bf]
[    0.208757] pci 0000:00:05.0: BAR 1 [mem 0xfebff000-0xfebfffff]
[    0.209756] pci 0000:00:05.0: BAR 4 [mem 0xfebf8000-0xfebfbfff 64bit pref]
[    0.211324] ACPI: PCI: Interrupt link LNKA configured for IRQ 10
[    0.211859] ACPI: PCI: Interrupt link LNKB configured for IRQ 10
[    0.212688] ACPI: PCI: Interrupt link LNKC configured for IRQ 11
[    0.212849] ACPI: PCI: Interrupt link LNKD configured for IRQ 11
[    0.213652] ACPI: PCI: Interrupt link LNKS configured for IRQ 9
[    0.214556] iommu: Default domain type: Translated
[    0.214753] iommu: DMA domain TLB invalidation policy: lazy mode
[    0.215540] SCSI subsystem initialized
[    0.215784] pps_core: LinuxPPS API ver. 1 registered
[    0.216399] pps_core: Software ver. 5.3.6 - Copyright 2005-2007 Rodolfo Giometti <giometti@linux.it>
[    0.216755] PTP clock support registered
[    0.217258] Advanced Linux Sound Architecture Driver Initialized.
[    0.218001] NET: Registered PF_ATMPVC protocol family
[    0.218631] NET: Registered PF_ATMSVC protocol family
[    0.218759] PCI: Using ACPI for IRQ routing
[    0.219354] vgaarb: loaded
[    0.219770] hpet0: at MMIO 0xfed00000, IRQs 2, 8, 0
[    0.220375] hpet0: 3 comparators, 64-bit 100.000000 MHz counter
[    0.225841] clocksource: Switched to clocksource kvm-clock
[    0.226591] VFS: Disk quotas dquot_6.6.0
[    0.227004] VFS: Dquot-cache hash table entries: 512 (order 0, 4096 bytes)
[    0.228421] pnp: PnP ACPI init
[    0.228987] pnp: PnP ACPI: found 5 devices
[    0.235720] clocksource: acpi_pm: mask: 0xffffff max_cycles: 0xffffff, max_idle_ns: 2085701024 ns
[    0.236821] NET: Registered PF_INET protocol family
[    0.237522] IP idents hash table entries: 16384 (order: 5, 131072 bytes, linear)
[    0.238597] tcp_listen_portaddr_hash hash table entries: 512 (order: 1, 8192 bytes, linear)
[    0.239632] Table-perturb hash table entries: 65536 (order: 6, 262144 bytes, linear)
[    0.240592] TCP established hash table entries: 8192 (order: 4, 65536 bytes, linear)
[    0.241548] TCP bind hash table entries: 8192 (order: 6, 262144 bytes, linear)
[    0.242445] TCP: Hash tables configured (established 8192 bind 8192)
[    0.243243] UDP hash table entries: 512 (order: 3, 32768 bytes, linear)
[    0.244061] UDP-Lite hash table entries: 512 (order: 3, 32768 bytes, linear)
[    0.244953] NET: Registered PF_UNIX/PF_LOCAL protocol family
[    0.245652] pci_bus 0000:00: resource 4 [io  0x0000-0x0cf7 window]
[    0.246416] pci_bus 0000:00: resource 5 [io  0x0d00-0xffff window]
[    0.247178] pci_bus 0000:00: resource 6 [mem 0x000a0000-0x000bffff window]
[    0.248024] pci_bus 0000:00: resource 7 [mem 0x40000000-0xfebfffff window]
[    0.248866] pci_bus 0000:00: resource 8 [mem 0x100000000-0x17fffffff window]
[    0.249756] pci 0000:00:01.0: PIIX3: Enabling Passive Release
[    0.250471] pci 0000:00:00.0: Limiting direct PCI/PCI transfers
[    0.251233] PCI: CLS 0 bytes, default 64
[    0.251786] kvm_intel: VMX not supported by CPU 0
[    0.252381] kvm_amd: TSC scaling supported
[    0.252884] kvm_amd: Nested Virtualization enabled
[    0.253477] kvm_amd: Nested Paging enabled
[    0.253984] kvm_amd: LBR virtualization supported
[    0.254572] kvm_amd: Virtual GIF supported
[    0.255077] kvm_amd: Virtual NMI enabled
[    0.280735] clocksource: tsc: mask: 0xffffffffffffffff max_cycles: 0x40be4320a4d, max_idle_ns: 440795288133 ns
[    0.287459] Initialise system trusted keyrings
[    0.288077] workingset: timestamp_bits=56 max_order=18 bucket_order=0
[    0.288894] squashfs: version 4.0 (2009/01/31) Phillip Lougher
[    0.289625] fuse: init (API version 7.43)
[    0.290163] 9p: Installing v9fs 9p2000 file system support
[    0.297245] Key type asymmetric registered
[    0.297761] Asymmetric key parser 'x509' registered
[    0.298383] Block layer SCSI generic (bsg) driver version 0.4 loaded (major 249)
[    0.299318] io scheduler mq-deadline registered
[    0.299883] io scheduler kyber registered
[    0.301836] input: Power Button as /devices/LNXSYSTM:00/LNXPWRBN:00/input/input0
[    0.302803] ACPI: button: Power Button [PWRF]
[    0.303714] Warning: Processor Platform Limit event detected, but not handled.
[    0.304613] Consider compiling CPUfreq support into your kernel.
[    0.321827] ACPI: \_SB_.LNKB: Enabled at IRQ 10
[    0.337389] ACPI: \_SB_.LNKC: Enabled at IRQ 11
[    0.352840] ACPI: \_SB_.LNKA: Enabled at IRQ 10
[    0.353915] Serial: 8250/16550 driver, 4 ports, IRQ sharing enabled
[    0.354806] 00:03: ttyS0 at I/O 0x3f8 (irq = 4, base_baud = 115200) is a 16550A
[    0.376822] Non-volatile memory driver v1.3
[    0.377359] Linux agpgart interface v0.103
[    0.377875] printk: legacy console [hvc0] enabled
[    0.377964] ACPI: bus type drm_connector registered
[    0.378504] printk: legacy bootconsole [earlyser0] disabled
          _      _                                    
   __   _(_)_ __| |_ _ __ ___   ___       _ __   __ _ 
   \ \ / / |  __| __|  _   _ \ / _ \_____|  _ \ / _  |
    \ V /| | |  | |_| | | | | |  __/_____| | | | (_| |
     \_/ |_|_|   \__|_| |_| |_|\___|     |_| |_|\__  |
                                                |___/ 
   kernel version: 6.15.0-rc5-virtme x86_64
   (CTRL+d to exit)

root@virtme-ng:/nipa-data/kernel# PS1='xx__-> '
xx__-> env
PWD=/nipa-data/kernel
nr_open=1048576
HOME=/
TERM=xterm
SHLVL=2
XDG_RUNTIME_DIR=/run/user/0
PATH=/bin:/sbin:/usr/bin:/usr/sbin:/usr/local/bin
OLDPWD=/
_=/bin/env
xx__-> 