No EFI environment detected.
early console in extract_kernel
input_data: 0x00000000029b42c4
input_len: 0x0000000000bd7194
output: 0x0000000001000000
output_len: 0x0000000002545a08
kernel_total_size: 0x0000000002430000
needed_size: 0x0000000002600000
trampoline_32bit: 0x0000000000000000
Physical KASLR using RDRAND RDTSC...
Virtual KASLR using RDRAND RDTSC...

Decompressing Linux... Parsing ELF... Performing relocations... done.
Booting the kernel (entry_offset: 0x0000000000fd5578).
[    0.000000] Linux version 6.15.0-virtme (root@4d97046f0896) (gcc (Ubuntu 13.3.0-6ubuntu2~24.04) 13.3.0, GNU ld (GNU Binutils for Ubuntu) 2.42) #1 SMP PREEMPT_DYNAMIC Tue Jun 10 12:05:45 UTC 2025
[    0.000000] Command line: virtme_hostname=virtme-ng nr_open=1048576 virtme_link_mods=/nipa-data/kernel/.virtme_mods/lib/modules/0.0.0 virtme_initmount0=nipa-data/kernel virtme_rw_overlay0=/etc virtme_rw_overlay1=/lib virtme_rw_overlay2=/home virtme_rw_overlay3=/opt virtme_rw_overlay4=/srv virtme_rw_overlay5=/usr virtme_rw_overlay6=/var console=hvc0 earlyprintk=serial,ttyS0,115200 virtme_console=ttyS0 psmouse.proto=exps TERM=xterm virtme_chdir=nipa-data/kernel virtme_root_user=1 rootfstype=9p rootflags=version=9p2000.L,trans=virtio,access=any raid=noautodetect ro init=/usr/lib/python3/dist-packages/virtme/guest/virtme-init
[    0.000000] BIOS-provided physical RAM map:
[    0.000000] BIOS-e820: [mem 0x0000000000000000-0x000000000009fbff] usable
[    0.000000] BIOS-e820: [mem 0x000000000009fc00-0x000000000009ffff] reserved
[    0.000000] BIOS-e820: [mem 0x00000000000f0000-0x00000000000fffff] reserved
[    0.000000] BIOS-e820: [mem 0x0000000000100000-0x000000003ffdffff] usable
[    0.000000] BIOS-e820: [mem 0x000000003ffe0000-0x000000003fffffff] reserved
[    0.000000] BIOS-e820: [mem 0x00000000feffc000-0x00000000feffffff] reserved
[    0.000000] BIOS-e820: [mem 0x00000000fffc0000-0x00000000ffffffff] reserved
[    0.000000] BIOS-e820: [mem 0x000000fd00000000-0x000000ffffffffff] reserved
[    0.000000] printk: legacy bootconsole [earlyser0] enabled
[    0.000000] NX (Execute Disable) protection: active
[    0.000000] APIC: Static calls initialized
[    0.000000] SMBIOS 3.0.0 present.
[    0.000000] DMI: QEMU Ubuntu 24.04 PC (i440FX + PIIX, 1996), BIOS 1.16.3-debian-1.16.3-2 04/01/2014
[    0.000000] DMI: Memory slots populated: 1/1
[    0.000000] Hypervisor detected: KVM
[    0.000000] kvm-clock: Using msrs 4b564d01 and 4b564d00
[    0.000000] kvm-clock: using sched offset of 205560778 cycles
[    0.000368] clocksource: kvm-clock: mask: 0xffffffffffffffff max_cycles: 0x1cd42e4dffb, max_idle_ns: 881590591483 ns
[    0.001509] tsc: Detected 4491.564 MHz processor
[    0.002085] last_pfn = 0x3ffe0 max_arch_pfn = 0x400000000
[    0.002488] MTRR map: 4 entries (3 fixed + 1 variable; max 19), built from 8 variable MTRRs
[    0.003077] x86/PAT: Configuration [0-7]: WB  WC  UC- UC  WB  WP  UC- WT  
Memory KASLR using RDRAND RDTSC...
[    0.005056] found SMP MP-table at [mem 0x000f5470-0x000f547f]
[    0.005462] Using GB pages for direct mapping
[    0.005799] ACPI: Early table checksum verification disabled
[    0.006196] ACPI: RSDP 0x00000000000F5290 000014 (v00 BOCHS )
[    0.006600] ACPI: RSDT 0x000000003FFE27BC 000034 (v01 BOCHS  BXPC     00000001 BXPC 00000001)
[    0.007202] ACPI: FACP 0x000000003FFE2578 000074 (v01 BOCHS  BXPC     00000001 BXPC 00000001)
[    0.007802] ACPI: DSDT 0x000000003FFE0040 002538 (v01 BOCHS  BXPC     00000001 BXPC 00000001)
[    0.008401] ACPI: FACS 0x000000003FFE0000 000040
[    0.008725] ACPI: APIC 0x000000003FFE25EC 000170 (v03 BOCHS  BXPC     00000001 BXPC 00000001)
[    0.009323] ACPI: HPET 0x000000003FFE275C 000038 (v01 BOCHS  BXPC     00000001 BXPC 00000001)
[    0.009922] ACPI: WAET 0x000000003FFE2794 000028 (v01 BOCHS  BXPC     00000001 BXPC 00000001)
[    0.010519] ACPI: Reserving FACP table memory at [mem 0x3ffe2578-0x3ffe25eb]
[    0.011015] ACPI: Reserving DSDT table memory at [mem 0x3ffe0040-0x3ffe2577]
[    0.011510] ACPI: Reserving FACS table memory at [mem 0x3ffe0000-0x3ffe003f]
[    0.012005] ACPI: Reserving APIC table memory at [mem 0x3ffe25ec-0x3ffe275b]
[    0.012499] ACPI: Reserving HPET table memory at [mem 0x3ffe275c-0x3ffe2793]
[    0.012993] ACPI: Reserving WAET table memory at [mem 0x3ffe2794-0x3ffe27bb]
[    0.013624] No NUMA configuration found
[    0.013893] Faking a node at [mem 0x0000000000000000-0x000000003ffdffff]
[    0.014365] NODE_DATA(0) allocated [mem 0x3ffdb740-0x3ffdffff]
[    0.014786] Zone ranges:
[    0.014963]   DMA      [mem 0x0000000000001000-0x0000000000ffffff]
[    0.015397]   DMA32    [mem 0x0000000001000000-0x000000003ffdffff]
[    0.015831]   Normal   empty
[    0.016033]   Device   empty
[    0.016235] Movable zone start for each node
[    0.016534] Early memory node ranges
[    0.016785]   node   0: [mem 0x0000000000001000-0x000000000009efff]
[    0.017225]   node   0: [mem 0x0000000000100000-0x000000003ffdffff]
[    0.017664] Initmem setup node 0 [mem 0x0000000000001000-0x000000003ffdffff]
[    0.018160] On node 0, zone DMA: 1 pages in unavailable ranges
[    0.018576] On node 0, zone DMA: 97 pages in unavailable ranges
[    0.019967] On node 0, zone DMA32: 32 pages in unavailable ranges
[    0.020588] ACPI: PM-Timer IO Port: 0x608
[    0.020873] ACPI: LAPIC_NMI (acpi_id[0xff] dfl dfl lint[0x1])
[    0.021288] IOAPIC[0]: apic_id 0, version 17, address 0xfec00000, GSI 0-23
[    0.021774] ACPI: INT_SRC_OVR (bus 0 bus_irq 0 global_irq 2 dfl dfl)
[    0.022221] ACPI: INT_SRC_OVR (bus 0 bus_irq 5 global_irq 5 high level)
[    0.022691] ACPI: INT_SRC_OVR (bus 0 bus_irq 9 global_irq 9 high level)
[    0.023153] ACPI: INT_SRC_OVR (bus 0 bus_irq 10 global_irq 10 high level)
[    0.023627] ACPI: INT_SRC_OVR (bus 0 bus_irq 11 global_irq 11 high level)
[    0.024102] ACPI: Using ACPI (MADT) for SMP configuration information
[    0.024551] ACPI: HPET id: 0x8086a201 base: 0xfed00000
[    0.024911] TSC deadline timer available
[    0.025187] CPU topo: Max. logical packages:   1
[    0.025509] CPU topo: Max. logical dies:       1
[    0.025831] CPU topo: Max. dies per package:   1
[    0.026155] CPU topo: Max. threads per core:   1
[    0.026477] CPU topo: Num. cores per package:    32
[    0.026820] CPU topo: Num. threads per package:  32
[    0.027160] CPU topo: Allowing 32 present CPUs plus 0 hotplug CPUs
[    0.027597] kvm-guest: APIC: eoi() replaced with kvm_guest_apic_eoi_write()
[    0.028089] kvm-guest: KVM setup pv remote TLB flush
[    0.028437] kvm-guest: setup PV sched yield
[    0.028731] PM: hibernation: Registered nosave memory: [mem 0x00000000-0x00000fff]
[    0.029259] PM: hibernation: Registered nosave memory: [mem 0x0009f000-0x000fffff]
[    0.029788] [mem 0x40000000-0xfeffbfff] available for PCI devices
[    0.030213] Booting paravirtualized kernel on KVM
[    0.030541] clocksource: refined-jiffies: mask: 0xffffffff max_cycles: 0xffffffff, max_idle_ns: 1910969940391419 ns
[    0.034040] setup_percpu: NR_CPUS:64 nr_cpumask_bits:32 nr_cpu_ids:32 nr_node_ids:1
[    0.035161] percpu: Embedded 53 pages/cpu s179544 r8192 d29352 u262144
[    0.035650] Kernel command line: virtme_hostname=virtme-ng nr_open=1048576 virtme_link_mods=/nipa-data/kernel/.virtme_mods/lib/modules/0.0.0 virtme_initmount0=nipa-data/kernel virtme_rw_overlay0=/etc virtme_rw_overlay1=/lib virtme_rw_overlay2=/home virtme_rw_overlay3=/opt virtme_rw_overlay4=/srv virtme_rw_overlay5=/usr virtme_rw_overlay6=/var console=hvc0 earlyprintk=serial,ttyS0,115200 virtme_console=ttyS0 psmouse.proto=exps TERM=xterm virtme_chdir=nipa-data/kernel virtme_root_user=1 rootfstype=9p rootflags=version=9p2000.L,trans=virtio,access=any raid=noautodetect ro init=/usr/lib/python3/dist-packages/virtme/guest/virtme-init
[    0.039723] Unknown kernel command line parameters "virtme_hostname=virtme-ng nr_open=1048576 virtme_link_mods=/nipa-data/kernel/.virtme_mods/lib/modules/0.0.0 virtme_initmount0=nipa-data/kernel virtme_rw_overlay0=/etc virtme_rw_overlay1=/lib virtme_rw_overlay2=/home virtme_rw_overlay3=/opt virtme_rw_overlay4=/srv virtme_rw_overlay5=/usr virtme_rw_overlay6=/var virtme_console=ttyS0 virtme_chdir=nipa-data/kernel virtme_root_user=1", will be passed to user space.
[    0.042854] random: crng init done
[    0.043098] printk: log buffer data + meta data: 262144 + 917504 = 1179648 bytes
[    0.043656] Dentry cache hash table entries: 131072 (order: 8, 1048576 bytes, linear)
[    0.044237] Inode-cache hash table entries: 65536 (order: 7, 524288 bytes, linear)
[    0.044874] Fallback order for Node 0: 0 
[    0.044876] Built 1 zonelists, mobility grouping on.  Total pages: 262014
[    0.045650] Policy zone: DMA32
[    0.045869] mem auto-init: stack:all(zero), heap alloc:off, heap free:off
[    0.046837] SLUB: HWalign=64, Order=0-3, MinObjects=0, CPUs=32, Nodes=1
Poking KASLR using RDRAND RDTSC...
[    0.054224] ftrace: allocating 49280 entries in 194 pages
[    0.054612] ftrace: allocated 194 pages with 3 groups
[    0.055563] Dynamic Preempt: voluntary
[    0.055958] rcu: Preemptible hierarchical RCU implementation.
[    0.056370] rcu: RCU event tracing is enabled.
[    0.056698] rcu: RCU restricting CPUs from NR_CPUS=64 to nr_cpu_ids=32.
[    0.057181] Trampoline variant of Tasks RCU enabled.
[    0.057543] Rude variant of Tasks RCU enabled.
[    0.057868] Tracing variant of Tasks RCU enabled.
[    0.058211] rcu: RCU calculated value of scheduler-enlistment delay is 100 jiffies.
[    0.058764] rcu: Adjusting geometry for rcu_fanout_leaf=16, nr_cpu_ids=32
[    0.059257] RCU Tasks: Setting shift to 5 and lim to 1 rcu_task_cb_adjust=1 rcu_task_cpu_ids=32.
[    0.059889] RCU Tasks Rude: Setting shift to 5 and lim to 1 rcu_task_cb_adjust=1 rcu_task_cpu_ids=32.
[    0.060551] RCU Tasks Trace: Setting shift to 5 and lim to 1 rcu_task_cb_adjust=1 rcu_task_cpu_ids=32.
[    0.062922] NR_IRQS: 4352, nr_irqs: 680, preallocated irqs: 16
[    0.063503] rcu: srcu_init: Setting srcu_struct sizes based on contention.
[    0.064133] Console: colour *CGA 80x25
[    0.064407] ACPI: Core revision 20250404
[    0.064751] clocksource: hpet: mask: 0xffffffff max_cycles: 0xffffffff, max_idle_ns: 19112604467 ns
[    0.065454] APIC: Switch to symmetric I/O mode setup
[    0.065951] x2apic enabled
[    0.066312] APIC: Switched APIC routing to: physical x2apic
[    0.066725] kvm-guest: APIC: send_IPI_mask() replaced with kvm_send_ipi_mask()
[    0.067236] kvm-guest: APIC: send_IPI_mask_allbutself() replaced with kvm_send_ipi_mask_allbutself()
[    0.067868] kvm-guest: setup PV IPIs
[    0.068840] ..TIMER: vector=0x30 apic1=0 pin1=2 apic2=-1 pin2=-1
[    0.069616] clocksource: tsc-early: mask: 0xffffffffffffffff max_cycles: 0x40be463295d, max_idle_ns: 440795209293 ns
[    0.070947] Calibrating delay loop (skipped) preset value.. 8983.12 BogoMIPS (lpj=4491564)
[    0.072009] x86/cpu: User Mode Instruction Prevention (UMIP) activated
[    0.072993] Last level iTLB entries: 4KB 512, 2MB 255, 4MB 127
[    0.073945] Last level dTLB entries: 4KB 512, 2MB 255, 4MB 127, 1GB 0
[    0.074952] Speculative Store Bypass: Mitigation: Speculative Store Bypass disabled via prctl
[    0.075946] Speculative Return Stack Overflow: IBPB-extending microcode not applied!
[    0.076945] Speculative Return Stack Overflow: WARNING: See https://kernel.org/doc/html/latest/admin-guide/hw-vuln/srso.html for mitigation options.
[    0.076946] Spectre V2 : Mitigation: Enhanced / Automatic IBRS
[    0.078945] Speculative Return Stack Overflow: Vulnerable: Safe RET, no microcode
[    0.079945] Spectre V1 : Mitigation: usercopy/swapgs barriers and __user pointer sanitization
[    0.080948] Spectre V2 : mitigation: Enabling conditional Indirect Branch Prediction Barrier
[    0.081961] x86/fpu: Supporting XSAVE feature 0x001: 'x87 floating point registers'
[    0.082945] x86/fpu: Supporting XSAVE feature 0x002: 'SSE registers'
[    0.083945] x86/fpu: Supporting XSAVE feature 0x004: 'AVX registers'
[    0.084945] x86/fpu: Supporting XSAVE feature 0x020: 'AVX-512 opmask'
[    0.085732] x86/fpu: Supporting XSAVE feature 0x040: 'AVX-512 Hi256'
[    0.085945] x86/fpu: Supporting XSAVE feature 0x080: 'AVX-512 ZMM_Hi256'
[    0.086946] x86/fpu: Supporting XSAVE feature 0x200: 'Protection Keys User registers'
[    0.087946] x86/fpu: xstate_offset[2]:  576, xstate_sizes[2]:  256
[    0.088945] x86/fpu: xstate_offset[5]:  832, xstate_sizes[5]:   64
[    0.089945] x86/fpu: xstate_offset[6]:  896, xstate_sizes[6]:  512
[    0.090700] x86/fpu: xstate_offset[7]: 1408, xstate_sizes[7]: 1024
[    0.090945] x86/fpu: xstate_offset[9]: 2432, xstate_sizes[9]:    8
[    0.091945] x86/fpu: Enabled xstate features 0x2e7, context size is 2440 bytes, using 'compacted' format.
[    0.107886] Freeing SMP alternatives memory: 44K
[    0.107947] pid_max: default: 32768 minimum: 301
[    0.108965] Mount-cache hash table entries: 2048 (order: 2, 16384 bytes, linear)
[    0.109946] Mountpoint-cache hash table entries: 2048 (order: 2, 16384 bytes, linear)
[    0.111087] smpboot: CPU0: AMD Ryzen 9 7950X 16-Core Processor (family: 0x19, model: 0x61, stepping: 0x2)
[    0.112044] Performance Events: Fam17h+ core perfctr, AMD PMU driver.
[    0.112855] ... version:                0
[    0.112947] ... bit width:              48
[    0.113447] ... generic registers:      6
[    0.113937] ... value mask:             0000ffffffffffff
[    0.113947] ... max period:             00007fffffffffff
[    0.114597] ... fixed-purpose events:   0
[    0.114947] ... event mask:             000000000000003f
[    0.115686] signal: max sigframe size: 3376
[    0.115960] rcu: Hierarchical SRCU implementation.
[    0.116546] rcu: Max phase no-delay instances is 400.
[    0.116970] Timer migration: 2 hierarchy levels; 8 children per group; 2 crossnode level
[    0.120106] smp: Bringing up secondary CPUs ...
[    0.120713] smpboot: x86: Booting SMP configuration:
[    0.120949] .... node  #0, CPUs:        #1  #2  #3  #4  #5  #6  #7  #8  #9 #10 #11 #12 #13 #14 #15 #16 #17 #18 #19 #20 #21 #22 #23 #24 #25 #26 #27 #28 #29 #30 #31
[    0.132032] smp: Brought up 1 node, 32 CPUs
[    0.133464] smpboot: Total of 32 processors activated (287460.09 BogoMIPS)
[    0.135053] Memory: 970988K/1048056K available (16214K kernel code, 2489K rwdata, 6512K rodata, 3216K init, 1608K bss, 62548K reserved, 0K cma-reserved)
[    0.136064] devtmpfs: initialized
[    0.136389] x86/mm: Memory block size: 128MB
[    0.137654] clocksource: jiffies: mask: 0xffffffff max_cycles: 0xffffffff, max_idle_ns: 1911260446275000 ns
[    0.137948] posixtimers hash table entries: 16384 (order: 6, 262144 bytes, linear)
[    0.138890] futex hash table entries: 8192 (524288 bytes on 1 NUMA nodes, total 512 KiB, linear).
[    0.139025] PM: RTC time: 12:06:02, date: 2025-06-10
[    0.139955] NET: Registered PF_NETLINK/PF_ROUTE protocol family
[    0.140824] thermal_sys: Registered thermal governor 'step_wise'
[    0.140834] cpuidle: using governor menu
[    0.142134] PCI: Using configuration type 1 for base access
[    0.142834] PCI: Using configuration type 1 for extended access
[    0.143013] kprobes: kprobe jump-optimization is enabled. All kprobes are optimized if possible.
[    0.150970] HugeTLB: allocation took 0ms with hugepage_allocation_threads=8
[    0.151880] HugeTLB: registered 1.00 GiB page size, pre-allocated 0 pages
[    0.152947] HugeTLB: 16380 KiB vmemmap can be freed for a 1.00 GiB page
[    0.153765] HugeTLB: registered 2.00 MiB page size, pre-allocated 0 pages
[    0.154947] HugeTLB: 28 KiB vmemmap can be freed for a 2.00 MiB page
[    0.159419] ACPI: Added _OSI(Module Device)
[    0.159943] ACPI: Added _OSI(Processor Device)
[    0.160501] ACPI: Added _OSI(Processor Aggregator Device)
[    0.161613] ACPI: 1 ACPI AML tables successfully acquired and loaded
[    0.163415] ACPI: Interpreter enabled
[    0.163497] ACPI: PM: (supports S0 S3 S4 S5)
[    0.163947] ACPI: Using IOAPIC for interrupt routing
[    0.164578] PCI: Using host bridge windows from ACPI; if necessary, use "pci=nocrs" and report a bug
[    0.165947] PCI: Using E820 reservations for host bridge windows
[    0.166784] ACPI: Enabled 2 GPEs in block 00 to 0F
[    0.170590] ACPI: PCI Root Bridge [PCI0] (domain 0000 [bus 00-ff])
[    0.170949] acpi PNP0A03:00: _OSC: OS supports [ExtendedConfig ASPM ClockPM Segments MSI HPX-Type3]
[    0.172034] PCI host bridge to bus 0000:00
[    0.172542] pci_bus 0000:00: root bus resource [io  0x0000-0x0cf7 window]
[    0.173948] pci_bus 0000:00: root bus resource [io  0x0d00-0xffff window]
[    0.174792] pci_bus 0000:00: root bus resource [mem 0x000a0000-0x000bffff window]
[    0.174947] pci_bus 0000:00: root bus resource [mem 0x40000000-0xfebfffff window]
[    0.175880] pci_bus 0000:00: root bus resource [mem 0x100000000-0x17fffffff window]
[    0.176947] pci_bus 0000:00: root bus resource [bus 00-ff]
[    0.177713] pci 0000:00:00.0: [8086:1237] type 00 class 0x060000 conventional PCI endpoint
[    0.179212] pci 0000:00:01.0: [8086:7000] type 00 class 0x060100 conventional PCI endpoint
[    0.180216] pci 0000:00:01.1: [8086:7010] type 00 class 0x010180 conventional PCI endpoint
[    0.182438] pci 0000:00:01.1: BAR 4 [io  0xc0c0-0xc0cf]
[    0.182965] pci 0000:00:01.1: BAR 0 [io  0x01f0-0x01f7]: legacy IDE quirk
[    0.183807] pci 0000:00:01.1: BAR 1 [io  0x03f6]: legacy IDE quirk
[    0.184947] pci 0000:00:01.1: BAR 2 [io  0x0170-0x0177]: legacy IDE quirk
[    0.185800] pci 0000:00:01.1: BAR 3 [io  0x0376]: legacy IDE quirk
[    0.186043] pci 0000:00:01.3: [8086:7113] type 00 class 0x068000 conventional PCI endpoint
[    0.187139] pci 0000:00:01.3: quirk: [io  0x0600-0x063f] claimed by PIIX4 ACPI
[    0.187951] pci 0000:00:01.3: quirk: [io  0x0700-0x070f] claimed by PIIX4 SMB
[    0.188996] pci 0000:00:02.0: [1af4:1009] type 00 class 0x000200 conventional PCI endpoint
[    0.191952] pci 0000:00:02.0: BAR 0 [io  0xc000-0xc03f]
[    0.192611] pci 0000:00:02.0: BAR 1 [mem 0xfebfc000-0xfebfcfff]
[    0.192961] pci 0000:00:02.0: BAR 4 [mem 0xfebf0000-0xfebf3fff 64bit pref]
[    0.194534] pci 0000:00:03.0: [1af4:1009] type 00 class 0x000200 conventional PCI endpoint
[    0.196509] pci 0000:00:03.0: BAR 0 [io  0xc040-0xc07f]
[    0.196951] pci 0000:00:03.0: BAR 1 [mem 0xfebfd000-0xfebfdfff]
[    0.197703] pci 0000:00:03.0: BAR 4 [mem 0xfebf4000-0xfebf7fff 64bit pref]
[    0.198467] pci 0000:00:04.0: [8086:25ab] type 00 class 0x088000 conventional PCI endpoint
[    0.200261] pci 0000:00:04.0: BAR 0 [mem 0xfebfe000-0xfebfe00f]
[    0.201350] pci 0000:00:05.0: [1af4:1003] type 00 class 0x078000 conventional PCI endpoint
[    0.204186] pci 0000:00:05.0: BAR 0 [io  0xc080-0xc0bf]
[    0.204842] pci 0000:00:05.0: BAR 1 [mem 0xfebff000-0xfebfffff]
[    0.204961] pci 0000:00:05.0: BAR 4 [mem 0xfebf8000-0xfebfbfff 64bit pref]
[    0.206521] ACPI: PCI: Interrupt link LNKA configured for IRQ 10
[    0.208054] ACPI: PCI: Interrupt link LNKB configured for IRQ 10
[    0.208897] ACPI: PCI: Interrupt link LNKC configured for IRQ 11
[    0.209041] ACPI: PCI: Interrupt link LNKD configured for IRQ 11
[    0.209855] ACPI: PCI: Interrupt link LNKS configured for IRQ 9
[    0.211766] iommu: Default domain type: Translated
[    0.211947] iommu: DMA domain TLB invalidation policy: lazy mode
[    0.213992] SCSI subsystem initialized
[    0.214469] pps_core: LinuxPPS API ver. 1 registered
[    0.214947] pps_core: Software ver. 5.3.6 - Copyright 2005-2007 Rodolfo Giometti <giometti@linux.it>
[    0.215949] PTP clock support registered
[    0.216964] Advanced Linux Sound Architecture Driver Initialized.
[    0.217226] NET: Registered PF_ATMPVC protocol family
[    0.217861] NET: Registered PF_ATMSVC protocol family
[    0.218952] PCI: Using ACPI for IRQ routing
[    0.219559] vgaarb: loaded
[    0.219959] hpet0: at MMIO 0xfed00000, IRQs 2, 8, 0
[    0.220570] hpet0: 3 comparators, 64-bit 100.000000 MHz counter
[    0.226151] clocksource: Switched to clocksource kvm-clock
[    0.226808] VFS: Disk quotas dquot_6.6.0
[    0.227316] VFS: Dquot-cache hash table entries: 512 (order 0, 4096 bytes)
[    0.228747] pnp: PnP ACPI init
[    0.229317] pnp: PnP ACPI: found 5 devices
[    0.235125] clocksource: acpi_pm: mask: 0xffffff max_cycles: 0xffffff, max_idle_ns: 2085701024 ns
[    0.236242] NET: Registered PF_INET protocol family
[    0.236861] IP idents hash table entries: 16384 (order: 5, 131072 bytes, linear)
[    0.237917] tcp_listen_portaddr_hash hash table entries: 512 (order: 1, 8192 bytes, linear)
[    0.238957] Table-perturb hash table entries: 65536 (order: 6, 262144 bytes, linear)
[    0.239914] TCP established hash table entries: 8192 (order: 4, 65536 bytes, linear)
[    0.240981] TCP bind hash table entries: 8192 (order: 6, 262144 bytes, linear)
[    0.241878] TCP: Hash tables configured (established 8192 bind 8192)
[    0.242680] UDP hash table entries: 512 (order: 3, 32768 bytes, linear)
[    0.243511] UDP-Lite hash table entries: 512 (order: 3, 32768 bytes, linear)
[    0.244416] NET: Registered PF_UNIX/PF_LOCAL protocol family
[    0.245127] pci_bus 0000:00: resource 4 [io  0x0000-0x0cf7 window]
[    0.245893] pci_bus 0000:00: resource 5 [io  0x0d00-0xffff window]
[    0.246660] pci_bus 0000:00: resource 6 [mem 0x000a0000-0x000bffff window]
[    0.247513] pci_bus 0000:00: resource 7 [mem 0x40000000-0xfebfffff window]
[    0.248368] pci_bus 0000:00: resource 8 [mem 0x100000000-0x17fffffff window]
[    0.249264] pci 0000:00:01.0: PIIX3: Enabling Passive Release
[    0.249983] pci 0000:00:00.0: Limiting direct PCI/PCI transfers
[    0.250748] PCI: CLS 0 bytes, default 64
[    0.251307] kvm_intel: VMX not supported by CPU 16
[    0.251908] kvm_amd: TSC scaling supported
[    0.252430] kvm_amd: Nested Virtualization enabled
[    0.253028] kvm_amd: Nested Paging enabled
[    0.253571] kvm_amd: LBR virtualization supported
[    0.254163] kvm_amd: Virtual GIF supported
[    0.254670] kvm_amd: Virtual NMI enabled
[    0.280676] clocksource: tsc: mask: 0xffffffffffffffff max_cycles: 0x40be463295d, max_idle_ns: 440795209293 ns
[    0.286410] Initialise system trusted keyrings
[    0.287033] workingset: timestamp_bits=56 max_order=18 bucket_order=0
[    0.287864] squashfs: version 4.0 (2009/01/31) Phillip Lougher
[    0.288619] fuse: init (API version 7.44)
[    0.289156] 9p: Installing v9fs 9p2000 file system support
[    0.296582] Key type asymmetric registered
[    0.297105] Asymmetric key parser 'x509' registered
[    0.297726] Block layer SCSI generic (bsg) driver version 0.4 loaded (major 249)
[    0.298669] io scheduler mq-deadline registered
[    0.299247] io scheduler kyber registered
[    0.301178] input: Power Button as /devices/LNXSYSTM:00/LNXPWRBN:00/input/input0
[    0.302172] ACPI: button: Power Button [PWRF]
[    0.303118] Warning: Processor Platform Limit event detected, but not handled.
[    0.304036] Consider compiling CPUfreq support into your kernel.
[    0.321506] ACPI: \_SB_.LNKB: Enabled at IRQ 10
[    0.337198] ACPI: \_SB_.LNKC: Enabled at IRQ 11
[    0.352817] ACPI: \_SB_.LNKA: Enabled at IRQ 10
[    0.353888] Serial: 8250/16550 driver, 4 ports, IRQ sharing enabled
[    0.354781] 00:03: ttyS0 at I/O 0x3f8 (irq = 4, base_baud = 115200) is a 16550A
[    0.374538] Non-volatile memory driver v1.3
[    0.375069] Linux agpgart interface v0.103
[    0.375620] ACPI: bus type drm_connector registered
[    0.376719] printk: legacy console [hvc0] enabled
[    0.377326] printk: legacy bootconsole [earlyser0] disabled
          _      _                                    
   __   _(_)_ __| |_ _ __ ___   ___       _ __   __ _ 
   \ \ / / |  __| __|  _   _ \ / _ \_____|  _ \ / _  |
    \ V /| | |  | |_| | | | | |  __/_____| | | | (_| |
     \_/ |_|_|   \__|_| |_| |_|\___|     |_| |_|\__  |
                                                |___/ 
   kernel version: 6.15.0-virtme x86_64
   (CTRL+d to exit)

root@virtme-ng:/nipa-data/kernel# PS1='xx__-> '
xx__-> env
PWD=/nipa-data/kernel
nr_open=1048576
HOME=/
TERM=xterm
SHLVL=2
XDG_RUNTIME_DIR=/run/user/0
PATH=/bin:/sbin:/usr/bin:/usr/sbin:/usr/local/bin
OLDPWD=/
_=/bin/env
xx__-> 