No EFI environment detected.
early console in extract_kernel
input_data: 0x00000000029ee2b9
input_len: 0x0000000000b1e71e
output: 0x0000000001000000
output_len: 0x00000000024c7750
kernel_total_size: 0x0000000002230000
needed_size: 0x0000000002600000
trampoline_32bit: 0x0000000000000000
Physical KASLR using RDRAND RDTSC...
Virtual KASLR using RDRAND RDTSC...

Decompressing Linux... Parsing ELF... Performing relocations... done.
Booting the kernel (entry_offset: 0x0000000000000000).
[    0.000000] Linux version 6.9.0-rc1-virtme (root@b2cbffe55e78) (gcc (Alpine 13.2.1_git20240309) 13.2.1 20240309, GNU ld (GNU Binutils) 2.42) #1 SMP PREEMPT_DYNAMIC Wed Apr  3 03:06:14 UTC 2024
[    0.000000] Command line: virtme_hostname=virtme-ng nr_open=1048576 virtme_link_mods=/nipa-data/kernel/.virtme_mods/lib/modules/0.0.0 virtme_initmount0=nipa-data/kernel virtme_rw_overlay0=/etc virtme_rw_overlay1=/lib virtme_rw_overlay2=/home virtme_rw_overlay3=/opt virtme_rw_overlay4=/srv virtme_rw_overlay5=/usr virtme_rw_overlay6=/var console=hvc0 earlyprintk=serial,ttyS0,115200 virtme_console=ttyS0 psmouse.proto=exps TERM=xterm virtme_chdir=nipa-data/kernel virtme_root_user=1 rootfstype=9p rootflags=version=9p2000.L,trans=virtio,access=any raid=noautodetect ro init=/usr/lib/python3.11/site-packages/virtme/guest/virtme-init
[    0.000000] BIOS-provided physical RAM map:
[    0.000000] BIOS-e820: [mem 0x0000000000000000-0x000000000009fbff] usable
[    0.000000] BIOS-e820: [mem 0x000000000009fc00-0x000000000009ffff] reserved
[    0.000000] BIOS-e820: [mem 0x00000000000f0000-0x00000000000fffff] reserved
[    0.000000] BIOS-e820: [mem 0x0000000000100000-0x000000003ffdffff] usable
[    0.000000] BIOS-e820: [mem 0x000000003ffe0000-0x000000003fffffff] reserved
[    0.000000] BIOS-e820: [mem 0x00000000feffc000-0x00000000feffffff] reserved
[    0.000000] BIOS-e820: [mem 0x00000000fffc0000-0x00000000ffffffff] reserved
[    0.000000] BIOS-e820: [mem 0x000000fd00000000-0x000000ffffffffff] reserved
[    0.000000] printk: legacy bootconsole [earlyser0] enabled
[    0.000000] NX (Execute Disable) protection: active
[    0.000000] APIC: Static calls initialized
[    0.000000] SMBIOS 3.0.0 present.
[    0.000000] DMI: QEMU Standard PC (i440FX + PIIX, 1996), BIOS rel-1.16.3-0-ga6ed6b701f0a-prebuilt.qemu.org 04/01/2014
[    0.000000] Hypervisor detected: KVM
[    0.000000] kvm-clock: Using msrs 4b564d01 and 4b564d00
[    0.000000] kvm-clock: using sched offset of 254898951 cycles
[    0.000392] clocksource: kvm-clock: mask: 0xffffffffffffffff max_cycles: 0x1cd42e4dffb, max_idle_ns: 881590591483 ns
[    0.001611] tsc: Detected 4491.536 MHz processor
[    0.002224] last_pfn = 0x3ffe0 max_arch_pfn = 0x400000000
[    0.002652] MTRR map: 4 entries (3 fixed + 1 variable; max 19), built from 8 variable MTRRs
[    0.003277] x86/PAT: Configuration [0-7]: WB  WC  UC- UC  WB  WP  UC- WT  
Memory KASLR using RDRAND RDTSC...
[    0.005362] found SMP MP-table at [mem 0x000f5470-0x000f547f]
[    0.005798] Using GB pages for direct mapping
[    0.006187] ACPI: Early table checksum verification disabled
[    0.006613] ACPI: RSDP 0x00000000000F5290 000014 (v00 BOCHS )
[    0.007044] ACPI: RSDT 0x000000003FFE27BC 000034 (v01 BOCHS  BXPC     00000001 BXPC 00000001)
[    0.007686] ACPI: FACP 0x000000003FFE2578 000074 (v01 BOCHS  BXPC     00000001 BXPC 00000001)
[    0.008328] ACPI: DSDT 0x000000003FFE0040 002538 (v01 BOCHS  BXPC     00000001 BXPC 00000001)
[    0.008965] ACPI: FACS 0x000000003FFE0000 000040
[    0.009310] ACPI: APIC 0x000000003FFE25EC 000170 (v03 BOCHS  BXPC     00000001 BXPC 00000001)
[    0.009946] ACPI: HPET 0x000000003FFE275C 000038 (v01 BOCHS  BXPC     00000001 BXPC 00000001)
[    0.010583] ACPI: WAET 0x000000003FFE2794 000028 (v01 BOCHS  BXPC     00000001 BXPC 00000001)
[    0.011219] ACPI: Reserving FACP table memory at [mem 0x3ffe2578-0x3ffe25eb]
[    0.011746] ACPI: Reserving DSDT table memory at [mem 0x3ffe0040-0x3ffe2577]
[    0.012275] ACPI: Reserving FACS table memory at [mem 0x3ffe0000-0x3ffe003f]
[    0.012801] ACPI: Reserving APIC table memory at [mem 0x3ffe25ec-0x3ffe275b]
[    0.013327] ACPI: Reserving HPET table memory at [mem 0x3ffe275c-0x3ffe2793]
[    0.013853] ACPI: Reserving WAET table memory at [mem 0x3ffe2794-0x3ffe27bb]
[    0.014522] No NUMA configuration found
[    0.014809] Faking a node at [mem 0x0000000000000000-0x000000003ffdffff]
[    0.015308] NODE_DATA(0) allocated [mem 0x3ffdb000-0x3ffdffff]
[    0.015758] Zone ranges:
[    0.015949]   DMA      [mem 0x0000000000001000-0x0000000000ffffff]
[    0.016413]   DMA32    [mem 0x0000000001000000-0x000000003ffdffff]
[    0.016877]   Normal   empty
[    0.017092]   Device   empty
[    0.017308] Movable zone start for each node
[    0.017627] Early memory node ranges
[    0.017894]   node   0: [mem 0x0000000000001000-0x000000000009efff]
[    0.018364]   node   0: [mem 0x0000000000100000-0x000000003ffdffff]
[    0.018832] Initmem setup node 0 [mem 0x0000000000001000-0x000000003ffdffff]
[    0.019359] On node 0, zone DMA: 1 pages in unavailable ranges
[    0.019805] On node 0, zone DMA: 97 pages in unavailable ranges
[    0.021242] On node 0, zone DMA32: 32 pages in unavailable ranges
[    0.021904] ACPI: PM-Timer IO Port: 0x608
[    0.022208] ACPI: LAPIC_NMI (acpi_id[0xff] dfl dfl lint[0x1])
[    0.022653] IOAPIC[0]: apic_id 0, version 17, address 0xfec00000, GSI 0-23
[    0.023169] ACPI: INT_SRC_OVR (bus 0 bus_irq 0 global_irq 2 dfl dfl)
[    0.023643] ACPI: INT_SRC_OVR (bus 0 bus_irq 5 global_irq 5 high level)
[    0.024139] ACPI: INT_SRC_OVR (bus 0 bus_irq 9 global_irq 9 high level)
[    0.024637] ACPI: INT_SRC_OVR (bus 0 bus_irq 10 global_irq 10 high level)
[    0.025143] ACPI: INT_SRC_OVR (bus 0 bus_irq 11 global_irq 11 high level)
[    0.025660] ACPI: Using ACPI (MADT) for SMP configuration information
[    0.026143] ACPI: HPET id: 0x8086a201 base: 0xfed00000
[    0.026529] TSC deadline timer available
[    0.026826] CPU topo: Max. logical packages:   1
[    0.027172] CPU topo: Max. logical dies:       1
[    0.027518] CPU topo: Max. dies per package:   1
[    0.027865] CPU topo: Max. threads per core:  32
[    0.028214] CPU topo: Num. cores per package:     1
[    0.028579] CPU topo: Num. threads per package:  32
[    0.028944] CPU topo: Allowing 32 present CPUs plus 0 hotplug CPUs
[    0.029416] kvm-guest: APIC: eoi() replaced with kvm_guest_apic_eoi_write()
[    0.029948] kvm-guest: KVM setup pv remote TLB flush
[    0.030322] kvm-guest: setup PV sched yield
[    0.030638] PM: hibernation: Registered nosave memory: [mem 0x00000000-0x00000fff]
[    0.031204] PM: hibernation: Registered nosave memory: [mem 0x0009f000-0x0009ffff]
[    0.031770] PM: hibernation: Registered nosave memory: [mem 0x000a0000-0x000effff]
[    0.032339] PM: hibernation: Registered nosave memory: [mem 0x000f0000-0x000fffff]
[    0.032907] [mem 0x40000000-0xfeffbfff] available for PCI devices
[    0.033360] Booting paravirtualized kernel on KVM
[    0.033710] clocksource: refined-jiffies: mask: 0xffffffff max_cycles: 0xffffffff, max_idle_ns: 1910969940391419 ns
[    0.037526] setup_percpu: NR_CPUS:64 nr_cpumask_bits:32 nr_cpu_ids:32 nr_node_ids:1
[    0.038718] percpu: Embedded 58 pages/cpu s199016 r8192 d30360 u262144
[    0.039238] Kernel command line: virtme_hostname=virtme-ng nr_open=1048576 virtme_link_mods=/nipa-data/kernel/.virtme_mods/lib/modules/0.0.0 virtme_initmount0=nipa-data/kernel virtme_rw_overlay0=/etc virtme_rw_overlay1=/lib virtme_rw_overlay2=/home virtme_rw_overlay3=/opt virtme_rw_overlay4=/srv virtme_rw_overlay5=/usr virtme_rw_overlay6=/var console=hvc0 earlyprintk=serial,ttyS0,115200 virtme_console=ttyS0 psmouse.proto=exps TERM=xterm virtme_chdir=nipa-data/kernel virtme_root_user=1 rootfstype=9p rootflags=version=9p2000.L,trans=virtio,access=any raid=noautodetect ro init=/usr/lib/python3.11/site-packages/virtme/guest/virtme-init
[    0.043604] Unknown kernel command line parameters "virtme_hostname=virtme-ng nr_open=1048576 virtme_link_mods=/nipa-data/kernel/.virtme_mods/lib/modules/0.0.0 virtme_initmount0=nipa-data/kernel virtme_rw_overlay0=/etc virtme_rw_overlay1=/lib virtme_rw_overlay2=/home virtme_rw_overlay3=/opt virtme_rw_overlay4=/srv virtme_rw_overlay5=/usr virtme_rw_overlay6=/var virtme_console=ttyS0 virtme_chdir=nipa-data/kernel virtme_root_user=1", will be passed to user space.
[    0.046931] random: crng init done
[    0.047223] Dentry cache hash table entries: 131072 (order: 8, 1048576 bytes, linear)
[    0.047839] Inode-cache hash table entries: 65536 (order: 7, 524288 bytes, linear)
[    0.048507] Fallback order for Node 0: 0 
[    0.048509] Built 1 zonelists, mobility grouping on.  Total pages: 257760
[    0.049342] Policy zone: DMA32
[    0.049581] mem auto-init: stack:all(zero), heap alloc:off, heap free:off
[    0.050901] Memory: 986612K/1048056K available (16384K kernel code, 2401K rwdata, 6100K rodata, 3052K init, 2112K bss, 61184K reserved, 0K cma-reserved)
[    0.051986] SLUB: HWalign=64, Order=0-3, MinObjects=0, CPUs=32, Nodes=1
Poking KASLR using RDRAND RDTSC...
[    0.052754] ftrace: allocating 47517 entries in 186 pages
[    0.060037] ftrace: allocated 186 pages with 5 groups
[    0.061050] Dynamic Preempt: voluntary
[    0.061472] rcu: Preemptible hierarchical RCU implementation.
[    0.061924] rcu: RCU event tracing is enabled.
[    0.062274] rcu: RCU restricting CPUs from NR_CPUS=64 to nr_cpu_ids=32.
[    0.062794] Trampoline variant of Tasks RCU enabled.
[    0.063185] Rude variant of Tasks RCU enabled.
[    0.063535] Tracing variant of Tasks RCU enabled.
[    0.063906] rcu: RCU calculated value of scheduler-enlistment delay is 100 jiffies.
[    0.064504] rcu: Adjusting geometry for rcu_fanout_leaf=16, nr_cpu_ids=32
[    0.065040] RCU Tasks: Setting shift to 5 and lim to 1 rcu_task_cb_adjust=1.
[    0.065591] RCU Tasks Rude: Setting shift to 5 and lim to 1 rcu_task_cb_adjust=1.
[    0.066170] RCU Tasks Trace: Setting shift to 5 and lim to 1 rcu_task_cb_adjust=1.
[    0.068191] NR_IRQS: 4352, nr_irqs: 680, preallocated irqs: 16
[    0.068811] rcu: srcu_init: Setting srcu_struct sizes based on contention.
[    0.069476] Console: colour *CGA 80x25
[    0.069772] ACPI: Core revision 20230628
[    0.070140] clocksource: hpet: mask: 0xffffffff max_cycles: 0xffffffff, max_idle_ns: 19112604467 ns
[    0.070894] APIC: Switch to symmetric I/O mode setup
[    0.071288] APIC: Switched APIC routing to: physical flat
[    0.071702] kvm-guest: APIC: send_IPI_mask() replaced with kvm_send_ipi_mask()
[    0.072254] kvm-guest: APIC: send_IPI_mask_allbutself() replaced with kvm_send_ipi_mask_allbutself()
[    0.072965] kvm-guest: setup PV IPIs
[    0.074035] ..TIMER: vector=0x30 apic1=0 pin1=2 apic2=-1 pin2=-1
[    0.074855] tsc: Marking TSC unstable due to TSCs unsynchronized
[    0.075681] Calibrating delay loop (skipped) preset value.. 8983.07 BogoMIPS (lpj=4491536)
[    0.076740] x86/cpu: User Mode Instruction Prevention (UMIP) activated
[    0.077730] Last level iTLB entries: 4KB 512, 2MB 255, 4MB 127
[    0.078680] Last level dTLB entries: 4KB 512, 2MB 255, 4MB 127, 1GB 0
[    0.079683] Spectre V1 : Mitigation: usercopy/swapgs barriers and __user pointer sanitization
[    0.080683] Spectre V2 : Mitigation: Enhanced / Automatic IBRS
[    0.081680] Spectre V2 : Spectre v2 / SpectreRSB mitigation: Filling RSB on context switch
[    0.082681] Spectre V2 : mitigation: Enabling conditional Indirect Branch Prediction Barrier
[    0.083680] Spectre V2 : User space: Mitigation: STIBP always-on protection
[    0.084681] Speculative Store Bypass: Mitigation: Speculative Store Bypass disabled via prctl
[    0.085680] Speculative Return Stack Overflow: IBPB-extending microcode not applied!
[    0.086680] Speculative Return Stack Overflow: WARNING: See https://kernel.org/doc/html/latest/admin-guide/hw-vuln/srso.html for mitigation options.
[    0.086680] Speculative Return Stack Overflow: Vulnerable: Safe RET, no microcode
[    0.088695] x86/fpu: Supporting XSAVE feature 0x001: 'x87 floating point registers'
[    0.089680] x86/fpu: Supporting XSAVE feature 0x002: 'SSE registers'
[    0.090680] x86/fpu: Supporting XSAVE feature 0x004: 'AVX registers'
[    0.091680] x86/fpu: Supporting XSAVE feature 0x020: 'AVX-512 opmask'
[    0.092680] x86/fpu: Supporting XSAVE feature 0x040: 'AVX-512 Hi256'
[    0.093680] x86/fpu: Supporting XSAVE feature 0x080: 'AVX-512 ZMM_Hi256'
[    0.094680] x86/fpu: Supporting XSAVE feature 0x200: 'Protection Keys User registers'
[    0.095680] x86/fpu: xstate_offset[2]:  576, xstate_sizes[2]:  256
[    0.096680] x86/fpu: xstate_offset[5]:  832, xstate_sizes[5]:   64
[    0.097680] x86/fpu: xstate_offset[6]:  896, xstate_sizes[6]:  512
[    0.098503] x86/fpu: xstate_offset[7]: 1408, xstate_sizes[7]: 1024
[    0.098680] x86/fpu: xstate_offset[9]: 2432, xstate_sizes[9]:    8
[    0.099680] x86/fpu: Enabled xstate features 0x2e7, context size is 2440 bytes, using 'compacted' format.
[    0.116088] Freeing SMP alternatives memory: 40K
[    0.116680] pid_max: default: 32768 minimum: 301
[    0.117304] Mount-cache hash table entries: 2048 (order: 2, 16384 bytes, linear)
[    0.117681] Mountpoint-cache hash table entries: 2048 (order: 2, 16384 bytes, linear)
[    0.118839] smpboot: CPU0: AMD Ryzen 9 7950X 16-Core Processor (family: 0x19, model: 0x61, stepping: 0x2)
[    0.119794] Performance Events: Fam17h+ core perfctr, AMD PMU driver.
[    0.120657] ... version:                0
[    0.120682] ... bit width:              48
[    0.121214] ... generic registers:      6
[    0.121681] ... value mask:             0000ffffffffffff
[    0.122375] ... max period:             00007fffffffffff
[    0.122681] ... fixed-purpose events:   0
[    0.123203] ... event mask:             000000000000003f
[    0.123764] signal: max sigframe size: 3376
[    0.124324] rcu: Hierarchical SRCU implementation.
[    0.124681] rcu: Max phase no-delay instances is 400.
[    0.127622] smp: Bringing up secondary CPUs ...
[    0.127736] smpboot: x86: Booting SMP configuration:
[    0.128383] .... node  #0, CPUs:        #1  #2  #3  #4  #5  #6  #7  #8  #9 #10 #11 #12 #13 #14 #15 #16 #17 #18 #19 #20 #21 #22 #23 #24 #25 #26 #27 #28 #29 #30 #31
[    0.137018] Spectre V2 : Update user space SMT mitigation: STIBP always-on
[    0.153819] smp: Brought up 1 node, 32 CPUs
[    0.154408] smpboot: Total of 32 processors activated (287458.30 BogoMIPS)
[    0.163834] devtmpfs: initialized
[    0.164695] x86/mm: Memory block size: 128MB
[    0.166074] clocksource: jiffies: mask: 0xffffffff max_cycles: 0xffffffff, max_idle_ns: 1911260446275000 ns
[    0.166683] futex hash table entries: 8192 (order: 7, 524288 bytes, linear)
[    0.167718] PM: RTC time: 03:06:44, date: 2024-04-03
[    0.168793] NET: Registered PF_NETLINK/PF_ROUTE protocol family
[    0.169764] thermal_sys: Registered thermal governor 'step_wise'
[    0.169765] thermal_sys: Registered thermal governor 'user_space'
[    0.170608] cpuidle: using governor menu
[    0.171969] PCI: Using configuration type 1 for base access
[    0.172682] PCI: Using configuration type 1 for extended access
[    0.173526] kprobes: kprobe jump-optimization is enabled. All kprobes are optimized if possible.
[    0.173777] HugeTLB: registered 1.00 GiB page size, pre-allocated 0 pages
[    0.174682] HugeTLB: 16380 KiB vmemmap can be freed for a 1.00 GiB page
[    0.175581] HugeTLB: registered 2.00 MiB page size, pre-allocated 0 pages
[    0.175681] HugeTLB: 28 KiB vmemmap can be freed for a 2.00 MiB page
[    0.176579] Demotion targets for Node 0: null
[    0.176718] ACPI: Added _OSI(Module Device)
[    0.177290] ACPI: Added _OSI(Processor Device)
[    0.177682] ACPI: Added _OSI(3.0 _SCP Extensions)
[    0.178311] ACPI: Added _OSI(Processor Aggregator Device)
[    0.179430] ACPI: 1 ACPI AML tables successfully acquired and loaded
[    0.186687] ACPI: _OSC evaluation for CPUs failed, trying _PDC
[    0.187632] ACPI: Interpreter enabled
[    0.187690] ACPI: PM: (supports S0 S3 S4 S5)
[    0.188266] ACPI: Using IOAPIC for interrupt routing
[    0.188689] PCI: Using host bridge windows from ACPI; if necessary, use "pci=nocrs" and report a bug
[    0.189681] PCI: Using E820 reservations for host bridge windows
[    0.190586] ACPI: Enabled 2 GPEs in block 00 to 0F
[    0.193389] ACPI: PCI Root Bridge [PCI0] (domain 0000 [bus 00-ff])
[    0.193684] acpi PNP0A03:00: _OSC: OS supports [ExtendedConfig ASPM ClockPM Segments MSI HPX-Type3]
[    0.194774] PCI host bridge to bus 0000:00
[    0.195320] pci_bus 0000:00: root bus resource [io  0x0000-0x0cf7 window]
[    0.195682] pci_bus 0000:00: root bus resource [io  0x0d00-0xffff window]
[    0.196603] pci_bus 0000:00: root bus resource [mem 0x000a0000-0x000bffff window]
[    0.196682] pci_bus 0000:00: root bus resource [mem 0x40000000-0xfebfffff window]
[    0.197681] pci_bus 0000:00: root bus resource [mem 0x100000000-0x17fffffff window]
[    0.198682] pci_bus 0000:00: root bus resource [bus 00-ff]
[    0.199522] pci 0000:00:00.0: [8086:1237] type 00 class 0x060000 conventional PCI endpoint
[    0.199943] pci 0000:00:01.0: [8086:7000] type 00 class 0x060100 conventional PCI endpoint
[    0.201010] pci 0000:00:01.1: [8086:7010] type 00 class 0x010180 conventional PCI endpoint
[    0.204221] pci 0000:00:01.1: BAR 4 [io  0xc0c0-0xc0cf]
[    0.205620] pci 0000:00:01.1: BAR 0 [io  0x01f0-0x01f7]: legacy IDE quirk
[    0.205681] pci 0000:00:01.1: BAR 1 [io  0x03f6]: legacy IDE quirk
[    0.206515] pci 0000:00:01.1: BAR 2 [io  0x0170-0x0177]: legacy IDE quirk
[    0.206681] pci 0000:00:01.1: BAR 3 [io  0x0376]: legacy IDE quirk
[    0.207611] pci 0000:00:01.3: [8086:7113] type 00 class 0x068000 conventional PCI endpoint
[    0.207932] pci 0000:00:01.3: quirk: [io  0x0600-0x063f] claimed by PIIX4 ACPI
[    0.208686] pci 0000:00:01.3: quirk: [io  0x0700-0x070f] claimed by PIIX4 SMB
[    0.209843] pci 0000:00:02.0: [1af4:1009] type 00 class 0x000200 conventional PCI endpoint
[    0.211682] pci 0000:00:02.0: BAR 0 [io  0xc000-0xc03f]
[    0.213422] pci 0000:00:02.0: BAR 1 [mem 0xfebfc000-0xfebfcfff]
[    0.216682] pci 0000:00:02.0: BAR 4 [mem 0xfebf0000-0xfebf3fff 64bit pref]
[    0.219929] pci 0000:00:03.0: [1af4:1009] type 00 class 0x000200 conventional PCI endpoint
[    0.221682] pci 0000:00:03.0: BAR 0 [io  0xc040-0xc07f]
[    0.223411] pci 0000:00:03.0: BAR 1 [mem 0xfebfd000-0xfebfdfff]
[    0.227280] pci 0000:00:03.0: BAR 4 [mem 0xfebf4000-0xfebf7fff 64bit pref]
[    0.229264] pci 0000:00:04.0: [8086:25ab] type 00 class 0x088000 conventional PCI endpoint
[    0.230252] pci 0000:00:04.0: BAR 0 [mem 0xfebfe000-0xfebfe00f]
[    0.234108] pci 0000:00:05.0: [1af4:1003] type 00 class 0x078000 conventional PCI endpoint
[    0.235682] pci 0000:00:05.0: BAR 0 [io  0xc080-0xc0bf]
[    0.237432] pci 0000:00:05.0: BAR 1 [mem 0xfebff000-0xfebfffff]
[    0.240682] pci 0000:00:05.0: BAR 4 [mem 0xfebf8000-0xfebfbfff 64bit pref]
[    0.243472] ACPI: PCI: Interrupt link LNKA configured for IRQ 10
[    0.243796] ACPI: PCI: Interrupt link LNKB configured for IRQ 10
[    0.244692] ACPI: PCI: Interrupt link LNKC configured for IRQ 11
[    0.245628] ACPI: PCI: Interrupt link LNKD configured for IRQ 11
[    0.245755] ACPI: PCI: Interrupt link LNKS configured for IRQ 9
[    0.247463] iommu: Default domain type: Translated
[    0.247681] iommu: DMA domain TLB invalidation policy: lazy mode
[    0.248533] SCSI subsystem initialized
[    0.248714] pps_core: LinuxPPS API ver. 1 registered
[    0.249371] pps_core: Software ver. 5.3.6 - Copyright 2005-2007 Rodolfo Giometti <giometti@linux.it>
[    0.249684] PTP clock support registered
[    0.250215] Advanced Linux Sound Architecture Driver Initialized.
[    0.251016] NET: Registered PF_ATMPVC protocol family
[    0.251682] NET: Registered PF_ATMSVC protocol family
[    0.252361] PCI: Using ACPI for IRQ routing
[    0.252766] vgaarb: loaded
[    0.253045] hpet0: at MMIO 0xfed00000, IRQs 2, 8, 0
[    0.253682] hpet0: 3 comparators, 64-bit 100.000000 MHz counter
[    0.257565] clocksource: Switched to clocksource kvm-clock
[    0.258875] VFS: Disk quotas dquot_6.6.0
[    0.259428] VFS: Dquot-cache hash table entries: 512 (order 0, 4096 bytes)
[    0.260389] pnp: PnP ACPI init
[    0.260993] pnp: PnP ACPI: found 5 devices
[    0.268504] clocksource: acpi_pm: mask: 0xffffff max_cycles: 0xffffff, max_idle_ns: 2085701024 ns
[    0.269743] NET: Registered PF_INET protocol family
[    0.270423] IP idents hash table entries: 16384 (order: 5, 131072 bytes, linear)
[    0.271582] tcp_listen_portaddr_hash hash table entries: 512 (order: 1, 8192 bytes, linear)
[    0.272742] Table-perturb hash table entries: 65536 (order: 6, 262144 bytes, linear)
[    0.273799] TCP established hash table entries: 8192 (order: 4, 65536 bytes, linear)
[    0.274849] TCP bind hash table entries: 8192 (order: 6, 262144 bytes, linear)
[    0.275839] TCP: Hash tables configured (established 8192 bind 8192)
[    0.276715] UDP hash table entries: 512 (order: 2, 16384 bytes, linear)
[    0.277610] UDP-Lite hash table entries: 512 (order: 2, 16384 bytes, linear)
[    0.278591] NET: Registered PF_UNIX/PF_LOCAL protocol family
[    0.279365] pci_bus 0000:00: resource 4 [io  0x0000-0x0cf7 window]
[    0.280200] pci_bus 0000:00: resource 5 [io  0x0d00-0xffff window]
[    0.281033] pci_bus 0000:00: resource 6 [mem 0x000a0000-0x000bffff window]
[    0.281959] pci_bus 0000:00: resource 7 [mem 0x40000000-0xfebfffff window]
[    0.282890] pci_bus 0000:00: resource 8 [mem 0x100000000-0x17fffffff window]
[    0.283872] pci 0000:00:01.0: PIIX3: Enabling Passive Release
[    0.284654] pci 0000:00:00.0: Limiting direct PCI/PCI transfers
[    0.285494] PCI: CLS 0 bytes, default 64
[    0.286059] kvm_intel: VMX not supported by CPU 0
[    0.286714] kvm_amd: TSC scaling supported
[    0.287270] kvm_amd: Nested Virtualization enabled
[    0.287928] kvm_amd: Nested Paging enabled
[    0.288491] kvm_amd: Virtual VMLOAD VMSAVE supported
[    0.289161] kvm_amd: Virtual GIF supported
[    0.289718] kvm_amd: Virtual NMI enabled
[    0.290242] kvm_amd: LBR virtualization supported
[    0.392315] Initialise system trusted keyrings
[    0.393038] workingset: timestamp_bits=56 max_order=18 bucket_order=0
[    0.393943] squashfs: version 4.0 (2009/01/31) Phillip Lougher
[    0.394742] fuse: init (API version 7.40)
[    0.395323] 9p: Installing v9fs 9p2000 file system support
[    0.402884] Key type asymmetric registered
[    0.403446] Asymmetric key parser 'x509' registered
[    0.404113] Block layer SCSI generic (bsg) driver version 0.4 loaded (major 249)
[    0.405133] io scheduler mq-deadline registered
[    0.405742] io scheduler kyber registered
[    0.407279] input: Power Button as /devices/LNXSYSTM:00/LNXPWRBN:00/input/input0
[    0.408350] ACPI: button: Power Button [PWRF]
[    0.408956] Warning: Processor Platform Limit event detected, but not handled.
[    0.409931] Consider compiling CPUfreq support into your kernel.
[    0.427640] ACPI: \_SB_.LNKB: Enabled at IRQ 10
[    0.445146] ACPI: \_SB_.LNKC: Enabled at IRQ 11
[    0.462462] ACPI: \_SB_.LNKA: Enabled at IRQ 10
[    0.463760] Serial: 8250/16550 driver, 4 ports, IRQ sharing enabled
[    0.464720] 00:03: ttyS0 at I/O 0x3f8 (irq = 4, base_baud = 115200) is a 16550A
[    0.506185] Non-volatile memory driver v1.3
[    0.506832] Linux agpgart interface v0.103
[    0.506906] ACPI: bus type drm_connector registered
[    0.508190] printk: legacy console [hvc0] enabled
[    0.508948] printk: legacy bootconsole [earlyser0] disabled
          _      _                                    
   __   _(_)_ __| |_ _ __ ___   ___       _ __   __ _ 
   \ \ / / |  __| __|  _   _ \ / _ \_____|  _ \ / _  |
    \ V /| | |  | |_| | | | | |  __/_____| | | | (_| |
     \_/ |_|_|   \__|_| |_| |_|\___|     |_| |_|\__  |
                                                |___/ 
   kernel version: 6.9.0-rc1-virtme x86_64
   (CTRL+d to exit)

virtme-ng:/nipa-data/kernel# PS1='xx__-> '
xx__-> env
PWD=/nipa-data/kernel
nr_open=1048576
HOME=/root
TERM=xterm
SHLVL=2
XDG_RUNTIME_DIR=/run/user/0
PATH=/bin:/sbin:/usr/bin:/usr/sbin:/usr/local/bin
OLDPWD=/
_=/usr/bin/env
xx__-> 