No EFI environment detected.
early console in extract_kernel
input_data: 0x00000000030622b9
input_len: 0x0000000000b812e3
output: 0x0000000001000000
output_len: 0x000000000252f288
kernel_total_size: 0x0000000002c30000
needed_size: 0x0000000002e00000
trampoline_32bit: 0x0000000000000000
Physical KASLR using RDRAND RDTSC...
Virtual KASLR using RDRAND RDTSC...

Decompressing Linux... Parsing ELF... Performing relocations... done.
Booting the kernel (entry_offset: 0x0000000000000000).
[    0.000000] Linux version 6.8.0-rc1-virtme (root@8772645b516a) (gcc (Alpine 13.2.1_git20231014) 13.2.1 20231014, GNU ld (GNU Binutils) 2.41) #1 SMP PREEMPT_DYNAMIC Mon Jan 29 21:06:06 UTC 2024
[    0.000000] Command line: virtme_hostname=virtme-ng virtme_link_mods=/nipa-data/kernel/.virtme_mods/lib/modules/0.0.0 virtme_initmount0=nipa-data/kernel virtme_rw_overlay0=/etc virtme_rw_overlay1=/lib virtme_rw_overlay2=/home virtme_rw_overlay3=/opt virtme_rw_overlay4=/srv virtme_rw_overlay5=/usr virtme_rw_overlay6=/var earlyprintk=serial,ttyS0,115200 console=ttyS0 psmouse.proto=exps virtme_chdir=nipa-data/kernel virtme_root_user=1 rootfstype=9p rootflags=version=9p2000.L,trans=virtio,access=any raid=noautodetect ro init=/usr/lib/python3.11/site-packages/virtme/guest/virtme-init
[    0.000000] BIOS-provided physical RAM map:
[    0.000000] BIOS-e820: [mem 0x0000000000000000-0x000000000009fbff] usable
[    0.000000] BIOS-e820: [mem 0x000000000009fc00-0x000000000009ffff] reserved
[    0.000000] BIOS-e820: [mem 0x00000000000f0000-0x00000000000fffff] reserved
[    0.000000] BIOS-e820: [mem 0x0000000000100000-0x000000003ffdffff] usable
[    0.000000] BIOS-e820: [mem 0x000000003ffe0000-0x000000003fffffff] reserved
[    0.000000] BIOS-e820: [mem 0x00000000feffc000-0x00000000feffffff] reserved
[    0.000000] BIOS-e820: [mem 0x00000000fffc0000-0x00000000ffffffff] reserved
[    0.000000] BIOS-e820: [mem 0x000000fd00000000-0x000000ffffffffff] reserved
[    0.000000] printk: legacy bootconsole [earlyser0] enabled
[    0.000000] NX (Execute Disable) protection: active
[    0.000000] APIC: Static calls initialized
[    0.000000] SMBIOS 3.0.0 present.
[    0.000000] DMI: QEMU Standard PC (i440FX + PIIX, 1996), BIOS rel-1.16.3-0-ga6ed6b701f0a-prebuilt.qemu.org 04/01/2014
[    0.000000] Hypervisor detected: KVM
[    0.000000] kvm-clock: Using msrs 4b564d01 and 4b564d00
[    0.000001] kvm-clock: using sched offset of 261181882 cycles
[    0.000464] clocksource: kvm-clock: mask: 0xffffffffffffffff max_cycles: 0x1cd42e4dffb, max_idle_ns: 881590591483 ns
[    0.001709] tsc: Detected 4491.536 MHz processor
[    0.002314] last_pfn = 0x3ffe0 max_arch_pfn = 0x400000000
[    0.002733] MTRR map: 4 entries (3 fixed + 1 variable; max 19), built from 8 variable MTRRs
[    0.003348] x86/PAT: Configuration [0-7]: WB  WC  UC- UC  WB  WP  UC- WT  
Memory KASLR using RDRAND RDTSC...
[    0.005409] found SMP MP-table at [mem 0x000f5470-0x000f547f]
[    0.005836] Using GB pages for direct mapping
[    0.006209] ACPI: Early table checksum verification disabled
[    0.006633] ACPI: RSDP 0x00000000000F5290 000014 (v00 BOCHS )
[    0.007062] ACPI: RSDT 0x000000003FFE27B6 000034 (v01 BOCHS  BXPC     00000001 BXPC 00000001)
[    0.007706] ACPI: FACP 0x000000003FFE2572 000074 (v01 BOCHS  BXPC     00000001 BXPC 00000001)
[    0.008347] ACPI: DSDT 0x000000003FFE0040 002532 (v01 BOCHS  BXPC     00000001 BXPC 00000001)
[    0.008982] ACPI: FACS 0x000000003FFE0000 000040
[    0.009331] ACPI: APIC 0x000000003FFE25E6 000170 (v03 BOCHS  BXPC     00000001 BXPC 00000001)
[    0.009970] ACPI: HPET 0x000000003FFE2756 000038 (v01 BOCHS  BXPC     00000001 BXPC 00000001)
[    0.010613] ACPI: WAET 0x000000003FFE278E 000028 (v01 BOCHS  BXPC     00000001 BXPC 00000001)
[    0.011253] ACPI: Reserving FACP table memory at [mem 0x3ffe2572-0x3ffe25e5]
[    0.011785] ACPI: Reserving DSDT table memory at [mem 0x3ffe0040-0x3ffe2571]
[    0.012314] ACPI: Reserving FACS table memory at [mem 0x3ffe0000-0x3ffe003f]
[    0.012837] ACPI: Reserving APIC table memory at [mem 0x3ffe25e6-0x3ffe2755]
[    0.013365] ACPI: Reserving HPET table memory at [mem 0x3ffe2756-0x3ffe278d]
[    0.013892] ACPI: Reserving WAET table memory at [mem 0x3ffe278e-0x3ffe27b5]
[    0.014570] No NUMA configuration found
[    0.014856] Faking a node at [mem 0x0000000000000000-0x000000003ffdffff]
[    0.015358] NODE_DATA(0) allocated [mem 0x3ffdb000-0x3ffdffff]
[    0.015814] Zone ranges:
[    0.016004]   DMA      [mem 0x0000000000001000-0x0000000000ffffff]
[    0.016473]   DMA32    [mem 0x0000000001000000-0x000000003ffdffff]
[    0.016925]   Normal   empty
[    0.017136]   Device   empty
[    0.017352] Movable zone start for each node
[    0.017664] Early memory node ranges
[    0.017924]   node   0: [mem 0x0000000000001000-0x000000000009efff]
[    0.018392]   node   0: [mem 0x0000000000100000-0x000000003ffdffff]
[    0.018850] Initmem setup node 0 [mem 0x0000000000001000-0x000000003ffdffff]
[    0.019373] On node 0, zone DMA: 1 pages in unavailable ranges
[    0.019819] On node 0, zone DMA: 97 pages in unavailable ranges
[    0.021226] On node 0, zone DMA32: 32 pages in unavailable ranges
[    0.021864] ACPI: PM-Timer IO Port: 0x608
[    0.022160] ACPI: LAPIC_NMI (acpi_id[0xff] dfl dfl lint[0x1])
[    0.022609] IOAPIC[0]: apic_id 0, version 17, address 0xfec00000, GSI 0-23
[    0.023116] ACPI: INT_SRC_OVR (bus 0 bus_irq 0 global_irq 2 dfl dfl)
[    0.023673] ACPI: INT_SRC_OVR (bus 0 bus_irq 5 global_irq 5 high level)
[    0.024259] ACPI: INT_SRC_OVR (bus 0 bus_irq 9 global_irq 9 high level)
[    0.024844] ACPI: INT_SRC_OVR (bus 0 bus_irq 10 global_irq 10 high level)
[    0.025449] ACPI: INT_SRC_OVR (bus 0 bus_irq 11 global_irq 11 high level)
[    0.026055] ACPI: Using ACPI (MADT) for SMP configuration information
[    0.026628] ACPI: HPET id: 0x8086a201 base: 0xfed00000
[    0.027068] TSC deadline timer available
[    0.027365] smpboot: Allowing 32 CPUs, 0 hotplug CPUs
[    0.027757] kvm-guest: APIC: eoi() replaced with kvm_guest_apic_eoi_write()
[    0.028281] kvm-guest: KVM setup pv remote TLB flush
[    0.028650] kvm-guest: setup PV sched yield
[    0.028961] PM: hibernation: Registered nosave memory: [mem 0x00000000-0x00000fff]
[    0.029520] PM: hibernation: Registered nosave memory: [mem 0x0009f000-0x0009ffff]
[    0.030079] PM: hibernation: Registered nosave memory: [mem 0x000a0000-0x000effff]
[    0.030659] PM: hibernation: Registered nosave memory: [mem 0x000f0000-0x000fffff]
[    0.031217] [mem 0x40000000-0xfeffbfff] available for PCI devices
[    0.031674] Booting paravirtualized kernel on KVM
[    0.032018] clocksource: refined-jiffies: mask: 0xffffffff max_cycles: 0xffffffff, max_idle_ns: 1910969940391419 ns
[    0.035714] setup_percpu: NR_CPUS:64 nr_cpumask_bits:32 nr_cpu_ids:32 nr_node_ids:1
[    0.036916] percpu: Embedded 58 pages/cpu s199840 r8192 d29536 u262144
[    0.037437] Kernel command line: virtme_hostname=virtme-ng virtme_link_mods=/nipa-data/kernel/.virtme_mods/lib/modules/0.0.0 virtme_initmount0=nipa-data/kernel virtme_rw_overlay0=/etc virtme_rw_overlay1=/lib virtme_rw_overlay2=/home virtme_rw_overlay3=/opt virtme_rw_overlay4=/srv virtme_rw_overlay5=/usr virtme_rw_overlay6=/var earlyprintk=serial,ttyS0,115200 console=ttyS0 psmouse.proto=exps virtme_chdir=nipa-data/kernel virtme_root_user=1 rootfstype=9p rootflags=version=9p2000.L,trans=virtio,access=any raid=noautodetect ro init=/usr/lib/python3.11/site-packages/virtme/guest/virtme-init
[    0.041475] Unknown kernel command line parameters "virtme_hostname=virtme-ng virtme_link_mods=/nipa-data/kernel/.virtme_mods/lib/modules/0.0.0 virtme_initmount0=nipa-data/kernel virtme_rw_overlay0=/etc virtme_rw_overlay1=/lib virtme_rw_overlay2=/home virtme_rw_overlay3=/opt virtme_rw_overlay4=/srv virtme_rw_overlay5=/usr virtme_rw_overlay6=/var virtme_chdir=nipa-data/kernel virtme_root_user=1", will be passed to user space.
[    0.044566] random: crng init done
[    0.044868] Dentry cache hash table entries: 131072 (order: 8, 1048576 bytes, linear)
[    0.045477] Inode-cache hash table entries: 65536 (order: 7, 524288 bytes, linear)
[    0.046144] Fallback order for Node 0: 0 
[    0.046147] Built 1 zonelists, mobility grouping on.  Total pages: 257760
[    0.046963] Policy zone: DMA32
[    0.047193] mem auto-init: stack:all(zero), heap alloc:off, heap free:off
[    0.049252] Memory: 976372K/1048056K available (16384K kernel code, 2556K rwdata, 6072K rodata, 3160K init, 12004K bss, 71424K reserved, 0K cma-reserved)
[    0.050332] SLUB: HWalign=64, Order=0-3, MinObjects=0, CPUs=32, Nodes=1
Poking KASLR using RDRAND RDTSC...
[    0.051116] ftrace: allocating 46542 entries in 182 pages
[    0.058019] ftrace: allocated 182 pages with 5 groups
[    0.059226] Dynamic Preempt: voluntary
[    0.059722] Running RCU self tests
[    0.059980] Running RCU synchronous self tests
[    0.060318] rcu: Preemptible hierarchical RCU implementation.
[    0.060765] rcu: RCU event tracing is enabled.
[    0.061107] rcu: RCU lockdep checking is enabled.
[    0.061468] rcu: RCU restricting CPUs from NR_CPUS=64 to nr_cpu_ids=32.
[    0.061970] Trampoline variant of Tasks RCU enabled.
[    0.062348] Rude variant of Tasks RCU enabled.
[    0.062700] Tracing variant of Tasks RCU enabled.
[    0.063064] rcu: RCU calculated value of scheduler-enlistment delay is 100 jiffies.
[    0.063642] rcu: Adjusting geometry for rcu_fanout_leaf=16, nr_cpu_ids=32
[    0.064175] Running RCU synchronous self tests
[    0.066092] NR_IRQS: 4352, nr_irqs: 680, preallocated irqs: 16
[    0.066724] rcu: srcu_init: Setting srcu_struct sizes based on contention.
[    0.067440] Console: colour *CGA 80x25
[    0.067748] printk: legacy console [ttyS0] enabled
[    0.067748] printk: legacy console [ttyS0] enabled
[    0.068462] printk: legacy bootconsole [earlyser0] disabled
[    0.068462] printk: legacy bootconsole [earlyser0] disabled
[    0.069309] Lock dependency validator: Copyright (c) 2006 Red Hat, Inc., Ingo Molnar
[    0.069916] ... MAX_LOCKDEP_SUBCLASSES:  8
[    0.070226] ... MAX_LOCK_DEPTH:          48
[    0.070543] ... MAX_LOCKDEP_KEYS:        8192
[    0.070880] ... CLASSHASH_SIZE:          4096
[    0.071213] ... MAX_LOCKDEP_ENTRIES:     32768
[    0.071548] ... MAX_LOCKDEP_CHAINS:      65536
[    0.071885] ... CHAINHASH_SIZE:          32768
[    0.072219]  memory used by lock dependency info: 6429 kB
[    0.072628]  memory used for stack traces: 4224 kB
[    0.073007]  per task-struct memory footprint: 1920 bytes
[    0.073427] ACPI: Core revision 20230628
[    0.073824] clocksource: hpet: mask: 0xffffffff max_cycles: 0xffffffff, max_idle_ns: 19112604467 ns
[    0.074630] APIC: Switch to symmetric I/O mode setup
[    0.075022] APIC: Switched APIC routing to: physical flat
[    0.075432] kvm-guest: APIC: send_IPI_mask() replaced with kvm_send_ipi_mask()
[    0.075997] kvm-guest: APIC: send_IPI_mask_allbutself() replaced with kvm_send_ipi_mask_allbutself()
[    0.076687] kvm-guest: setup PV IPIs
[    0.077803] ..TIMER: vector=0x30 apic1=0 pin1=2 apic2=-1 pin2=-1
[    0.078619] tsc: Marking TSC unstable due to TSCs unsynchronized
[    0.079408] Calibrating delay loop (skipped) preset value.. 8983.07 BogoMIPS (lpj=4491536)
[    0.081415] x86/cpu: User Mode Instruction Prevention (UMIP) activated
[    0.082344] Last level iTLB entries: 4KB 512, 2MB 255, 4MB 127
[    0.082403] Last level dTLB entries: 4KB 512, 2MB 255, 4MB 127, 1GB 0
[    0.083407] Spectre V1 : Mitigation: usercopy/swapgs barriers and __user pointer sanitization
[    0.084407] Spectre V2 : Mitigation: Enhanced / Automatic IBRS
[    0.085403] Spectre V2 : Spectre v2 / SpectreRSB mitigation: Filling RSB on context switch
[    0.086405] Spectre V2 : mitigation: Enabling conditional Indirect Branch Prediction Barrier
[    0.087404] Speculative Store Bypass: Mitigation: Speculative Store Bypass disabled via prctl
[    0.088403] Speculative Return Stack Overflow: IBPB-extending microcode not applied!
[    0.089403] Speculative Return Stack Overflow: WARNING: See https://kernel.org/doc/html/latest/admin-guide/hw-vuln/srso.html for mitigation options.
[    0.089404] Speculative Return Stack Overflow: Vulnerable: Safe RET, no microcode
[    0.091423] x86/fpu: Supporting XSAVE feature 0x001: 'x87 floating point registers'
[    0.092403] x86/fpu: Supporting XSAVE feature 0x002: 'SSE registers'
[    0.093403] x86/fpu: Supporting XSAVE feature 0x004: 'AVX registers'
[    0.094403] x86/fpu: Supporting XSAVE feature 0x020: 'AVX-512 opmask'
[    0.095403] x86/fpu: Supporting XSAVE feature 0x040: 'AVX-512 Hi256'
[    0.096403] x86/fpu: Supporting XSAVE feature 0x080: 'AVX-512 ZMM_Hi256'
[    0.097273] x86/fpu: Supporting XSAVE feature 0x200: 'Protection Keys User registers'
[    0.097403] x86/fpu: xstate_offset[2]:  576, xstate_sizes[2]:  256
[    0.098403] x86/fpu: xstate_offset[5]:  832, xstate_sizes[5]:   64
[    0.099403] x86/fpu: xstate_offset[6]:  896, xstate_sizes[6]:  512
[    0.100403] x86/fpu: xstate_offset[7]: 1408, xstate_sizes[7]: 1024
[    0.101403] x86/fpu: xstate_offset[9]: 2432, xstate_sizes[9]:    8
[    0.102403] x86/fpu: Enabled xstate features 0x2e7, context size is 2440 bytes, using 'compacted' format.
[    0.121073] Freeing SMP alternatives memory: 36K
[    0.121405] pid_max: default: 32768 minimum: 301
[    0.122075] Mount-cache hash table entries: 2048 (order: 2, 16384 bytes, linear)
[    0.122405] Mountpoint-cache hash table entries: 2048 (order: 2, 16384 bytes, linear)
[    0.124886] Running RCU synchronous self tests
[    0.125406] Running RCU synchronous self tests
[    0.126129] smpboot: CPU0: AMD Ryzen 9 7950X 16-Core Processor (family: 0x19, model: 0x61, stepping: 0x2)
[    0.126769] RCU Tasks: Setting shift to 5 and lim to 1 rcu_task_cb_adjust=1.
[    0.127437] RCU Tasks Rude: Setting shift to 5 and lim to 1 rcu_task_cb_adjust=1.
[    0.128424] RCU Tasks Trace: Setting shift to 5 and lim to 1 rcu_task_cb_adjust=1.
[    0.129421] Running RCU Tasks wait API self tests
[    0.236491] Running RCU Tasks Rude wait API self tests
[    0.237460] Running RCU Tasks Trace wait API self tests
[    0.238367] Performance Events: Fam17h+ core perfctr, AMD PMU driver.
[    0.239413] ... version:                0
[    0.240061] ... bit width:              48
[    0.240407] ... generic registers:      6
[    0.241061] ... value mask:             0000ffffffffffff
[    0.241407] ... max period:             00007fffffffffff
[    0.242265] ... fixed-purpose events:   0
[    0.242407] ... event mask:             000000000000003f
[    0.243430] Callback from call_rcu_tasks_trace() invoked.
[    0.244426] signal: max sigframe size: 3376
[    0.245078] rcu: Hierarchical SRCU implementation.
[    0.245407] rcu: Max phase no-delay instances is 400.
[    0.250034] smp: Bringing up secondary CPUs ...
[    0.250700] smpboot: x86: Booting SMP configuration:
[    0.251356] .... node  #0, CPUs:        #1  #2  #3  #4  #5  #6  #7  #8  #9 #10 #11 #12 #13 #14 #15 #16 #17 #18 #19 #20 #21 #22 #23 #24 #25 #26 #27 #28 #29 #30 #31
[    0.277582] smp: Brought up 1 node, 32 CPUs
[    0.278957] smpboot: Max logical packages: 1
[    0.279406] smpboot: Total of 32 processors activated (287458.30 BogoMIPS)
[    0.288625] devtmpfs: initialized
[    0.289494] x86/mm: Memory block size: 128MB
[    0.292010] Running RCU synchronous self tests
[    0.292418] Running RCU synchronous self tests
[    0.293078] clocksource: jiffies: mask: 0xffffffff max_cycles: 0xffffffff, max_idle_ns: 1911260446275000 ns
[    0.293409] futex hash table entries: 8192 (order: 8, 1048576 bytes, linear)
[    0.294845] PM: RTC time: 21:06:40, date: 2024-01-29
[    0.296079] NET: Registered PF_NETLINK/PF_ROUTE protocol family
[    0.296981] thermal_sys: Registered thermal governor 'step_wise'
[    0.296982] thermal_sys: Registered thermal governor 'user_space'
[    0.297447] cpuidle: using governor menu
[    0.299781] PCI: Using configuration type 1 for base access
[    0.300406] PCI: Using configuration type 1 for extended access
[    0.301284] kprobes: kprobe jump-optimization is enabled. All kprobes are optimized if possible.
[    0.315612] HugeTLB: registered 1.00 GiB page size, pre-allocated 0 pages
[    0.316406] HugeTLB: 16380 KiB vmemmap can be freed for a 1.00 GiB page
[    0.317246] HugeTLB: registered 2.00 MiB page size, pre-allocated 0 pages
[    0.317406] HugeTLB: 28 KiB vmemmap can be freed for a 2.00 MiB page
[    0.318596] ACPI: Added _OSI(Module Device)
[    0.319137] ACPI: Added _OSI(Processor Device)
[    0.319408] ACPI: Added _OSI(3.0 _SCP Extensions)
[    0.320011] ACPI: Added _OSI(Processor Aggregator Device)
[    0.322413] ACPI: 1 ACPI AML tables successfully acquired and loaded
[    0.324491] ACPI: _OSC evaluation for CPUs failed, trying _PDC
[    0.325915] ACPI: Interpreter enabled
[    0.326428] ACPI: PM: (supports S0 S3 S4 S5)
[    0.326985] ACPI: Using IOAPIC for interrupt routing
[    0.327424] PCI: Using host bridge windows from ACPI; if necessary, use "pci=nocrs" and report a bug
[    0.328406] PCI: Using E820 reservations for host bridge windows
[    0.329461] ACPI: Enabled 2 GPEs in block 00 to 0F
[    0.338705] ACPI: PCI Root Bridge [PCI0] (domain 0000 [bus 00-ff])
[    0.339410] acpi PNP0A03:00: _OSC: OS supports [ExtendedConfig ASPM ClockPM Segments MSI HPX-Type3]
[    0.341822] PCI host bridge to bus 0000:00
[    0.341802] Callback from call_rcu_tasks_rude() invoked.
[    0.342382] pci_bus 0000:00: root bus resource [io  0x0000-0x0cf7 window]
[    0.343288] pci_bus 0000:00: root bus resource [io  0x0d00-0xffff window]
[    0.343408] pci_bus 0000:00: root bus resource [mem 0x000a0000-0x000bffff window]
[    0.344364] pci_bus 0000:00: root bus resource [mem 0x40000000-0xfebfffff window]
[    0.344407] pci_bus 0000:00: root bus resource [mem 0x100000000-0x17fffffff window]
[    0.345390] pci_bus 0000:00: root bus resource [bus 00-ff]
[    0.345561] pci 0000:00:00.0: [8086:1237] type 00 class 0x060000 conventional PCI endpoint
[    0.346930] pci 0000:00:01.0: [8086:7000] type 00 class 0x060100 conventional PCI endpoint
[    0.347847] pci 0000:00:01.1: [8086:7010] type 00 class 0x010180 conventional PCI endpoint
[    0.350666] pci 0000:00:01.1: BAR 4 [io  0xc080-0xc08f]
[    0.352378] pci 0000:00:01.1: BAR 0 [io  0x01f0-0x01f7]: legacy IDE quirk
[    0.352408] pci 0000:00:01.1: BAR 1 [io  0x03f6]: legacy IDE quirk
[    0.353264] pci 0000:00:01.1: BAR 2 [io  0x0170-0x0177]: legacy IDE quirk
[    0.353406] pci 0000:00:01.1: BAR 3 [io  0x0376]: legacy IDE quirk
[    0.354428] pci 0000:00:01.3: [8086:7113] type 00 class 0x068000 conventional PCI endpoint
[    0.355707] pci 0000:00:01.3: quirk: [io  0x0600-0x063f] claimed by PIIX4 ACPI
[    0.356412] pci 0000:00:01.3: quirk: [io  0x0700-0x070f] claimed by PIIX4 SMB
[    0.357590] pci 0000:00:02.0: [1af4:1009] type 00 class 0x000200 conventional PCI endpoint
[    0.359406] pci 0000:00:02.0: BAR 0 [io  0xc000-0xc03f]
[    0.361033] pci 0000:00:02.0: BAR 1 [mem 0xfebfd000-0xfebfdfff]
[    0.364406] pci 0000:00:02.0: BAR 4 [mem 0xfebf4000-0xfebf7fff 64bit pref]
[    0.367617] pci 0000:00:03.0: [1af4:1009] type 00 class 0x000200 conventional PCI endpoint
[    0.369407] pci 0000:00:03.0: BAR 0 [io  0xc040-0xc07f]
[    0.371024] pci 0000:00:03.0: BAR 1 [mem 0xfebfe000-0xfebfefff]
[    0.374407] pci 0000:00:03.0: BAR 4 [mem 0xfebf8000-0xfebfbfff 64bit pref]
[    0.377548] pci 0000:00:04.0: [8086:25ab] type 00 class 0x088000 conventional PCI endpoint
[    0.378886] pci 0000:00:04.0: BAR 0 [mem 0xfebff000-0xfebff00f]
[    0.384086] ACPI: PCI: Interrupt link LNKA configured for IRQ 10
[    0.384571] ACPI: PCI: Interrupt link LNKB configured for IRQ 10
[    0.385487] ACPI: PCI: Interrupt link LNKC configured for IRQ 11
[    0.386414] ACPI: PCI: Interrupt link LNKD configured for IRQ 11
[    0.387281] ACPI: PCI: Interrupt link LNKS configured for IRQ 9
[    0.389769] iommu: Default domain type: Translated
[    0.390383] iommu: DMA domain TLB invalidation policy: lazy mode
[    0.390699] SCSI subsystem initialized
[    0.391217] pps_core: LinuxPPS API ver. 1 registered
[    0.391408] pps_core: Software ver. 5.3.6 - Copyright 2005-2007 Rodolfo Giometti <giometti@linux.it>
[    0.392412] PTP clock support registered
[    0.392962] Advanced Linux Sound Architecture Driver Initialized.
[    0.393978] NET: Registered PF_ATMPVC protocol family
[    0.394407] NET: Registered PF_ATMSVC protocol family
[    0.395078] PCI: Using ACPI for IRQ routing
[    0.395571] vgaarb: loaded
[    0.395796] hpet0: at MMIO 0xfed00000, IRQs 2, 8, 0
[    0.396408] hpet0: 3 comparators, 64-bit 100.000000 MHz counter
[    0.399887] clocksource: Switched to clocksource kvm-clock
[    0.400896] VFS: Disk quotas dquot_6.6.0
[    0.401821] VFS: Dquot-cache hash table entries: 512 (order 0, 4096 bytes)
[    0.402859] pnp: PnP ACPI init
[    0.403815] pnp: PnP ACPI: found 5 devices
[    0.413731] clocksource: acpi_pm: mask: 0xffffff max_cycles: 0xffffff, max_idle_ns: 2085701024 ns
[    0.414930] NET: Registered PF_INET protocol family
[    0.415647] IP idents hash table entries: 16384 (order: 5, 131072 bytes, linear)
[    0.416895] tcp_listen_portaddr_hash hash table entries: 512 (order: 3, 36864 bytes, linear)
[    0.418010] Table-perturb hash table entries: 65536 (order: 6, 262144 bytes, linear)
[    0.419052] TCP established hash table entries: 8192 (order: 4, 65536 bytes, linear)
[    0.420110] TCP bind hash table entries: 8192 (order: 8, 1179648 bytes, linear)
[    0.421465] TCP: Hash tables configured (established 8192 bind 8192)
[    0.422401] UDP hash table entries: 512 (order: 4, 81920 bytes, linear)
[    0.423301] UDP-Lite hash table entries: 512 (order: 4, 81920 bytes, linear)
[    0.424366] NET: Registered PF_UNIX/PF_LOCAL protocol family
[    0.425118] pci_bus 0000:00: resource 4 [io  0x0000-0x0cf7 window]
[    0.425920] pci_bus 0000:00: resource 5 [io  0x0d00-0xffff window]
[    0.426852] pci_bus 0000:00: resource 6 [mem 0x000a0000-0x000bffff window]
[    0.427742] pci_bus 0000:00: resource 7 [mem 0x40000000-0xfebfffff window]
[    0.428628] pci_bus 0000:00: resource 8 [mem 0x100000000-0x17fffffff window]
[    0.429610] pci 0000:00:01.0: PIIX3: Enabling Passive Release
[    0.430358] pci 0000:00:00.0: Limiting direct PCI/PCI transfers
[    0.431176] PCI: CLS 0 bytes, default 64
[    0.431744] kvm_intel: VMX not supported by CPU 0
[    0.432701] kvm_amd: TSC scaling supported
[    0.433250] kvm_amd: Nested Virtualization enabled
[    0.433867] kvm_amd: Nested Paging enabled
[    0.434431] kvm_amd: Virtual VMLOAD VMSAVE supported
[    0.435072] kvm_amd: Virtual GIF supported
[    0.435614] kvm_amd: Virtual NMI enabled
[    0.436115] kvm_amd: LBR virtualization supported
[    0.444305] Callback from call_rcu_tasks() invoked.
[    0.539470] workingset: timestamp_bits=56 max_order=18 bucket_order=0
[    0.540441] squashfs: version 4.0 (2009/01/31) Phillip Lougher
[    0.541218] fuse: init (API version 7.39)
[    0.541817] 9p: Installing v9fs 9p2000 file system support
[    0.542647] Key type asymmetric registered
[    0.543214] Block layer SCSI generic (bsg) driver version 0.4 loaded (major 249)
[    0.544232] io scheduler mq-deadline registered
[    0.544816] io scheduler kyber registered
[    0.546748] input: Power Button as /devices/LNXSYSTM:00/LNXPWRBN:00/input/input0
[    0.547909] ACPI: button: Power Button [PWRF]
[    0.548579] Warning: Processor Platform Limit event detected, but not handled.
[    0.549510] Consider compiling CPUfreq support into your kernel.
[    0.621249] ACPI: \_SB_.LNKB: Enabled at IRQ 10
[    0.691897] ACPI: \_SB_.LNKC: Enabled at IRQ 11
[    0.693273] Serial: 8250/16550 driver, 4 ports, IRQ sharing enabled
[    0.694469] 00:03: ttyS0 at I/O 0x3f8 (irq = 4, base_baud = 115200) is a 16550A
[    0.696498] Non-volatile memory driver v1.3
[    0.697036] Linux agpgart interface v0.103
[    0.697704] ACPI: bus type drm_connector registered
[    0.710758] loop: module loaded
[    0.712451] scsi host0: ata_piix
[    0.713193] scsi host1: ata_piix
[    0.713676] ata1: PATA max MWDMA2 cmd 0x1f0 ctl 0x3f6 bmdma 0xc080 irq 14 lpm-pol 0
[    0.714671] ata2: PATA max MWDMA2 cmd 0x170 ctl 0x376 bmdma 0xc088 irq 15 lpm-pol 0
[    0.716376] i8042: PNP: PS/2 Controller [PNP0303:KBD,PNP0f13:MOU] at 0x60,0x64 irq 1,12
[    0.718097] serio: i8042 KBD port at 0x60,0x64 irq 1
[    0.718779] serio: i8042 AUX port at 0x60,0x64 irq 12
[    0.720010] rtc_cmos 00:04: RTC can wake from S4
[    0.720936] input: AT Translated Set 2 keyboard as /devices/platform/i8042/serio0/input/input1
[    0.722733] rtc_cmos 00:04: registered as rtc0
[    0.723373] rtc_cmos 00:04: setting system clock to 2024-01-29T21:06:40 UTC (1706562400)
[    0.724501] rtc_cmos 00:04: alarms up to one day, y3k, 242 bytes nvram, hpet irqs
[    0.726218] i6300ESB timer 0000:00:04.0: initialized. heartbeat=30 sec (nowayout=0)
[    0.727398] device-mapper: ioctl: 4.48.0-ioctl (2023-03-01) initialised: dm-devel@redhat.com
[    0.729395] NET: Registered PF_PACKET protocol family
[    0.730055] 9pnet: Installing 9P2000 support
[    0.731678] Key type dns_resolver registered
[    0.733361] input: ImExPS/2 Generic Explorer Mouse as /devices/platform/i8042/serio1/input/input3
[    0.737311] IPI shorthand broadcast: enabled
[    0.745599] sched_clock: Marking stable (736002110, 9154459)->(794454314, -49297745)
[    0.746886] registered taskstats version 1
[    0.752129] PM:   Magic number: 8:442:147
[    0.752702] acpi device:18: hash matches
[    0.753257] printk: legacy console [netcon0] enabled
[    0.753893] netconsole: network logging started
[    0.754629] ALSA device list:
[    0.755011]   No soundcards found.
[    0.868289] ata2: found unknown device (class 0)
[    0.869442] ata2.00: ATAPI: QEMU DVD-ROM, 2.5+, max UDMA/100
[    0.871350] scsi 1:0:0:0: CD-ROM            QEMU     QEMU DVD-ROM     2.5+ PQ: 0 ANSI: 5
[    0.879968] scsi 1:0:0:0: Attached scsi generic sg0 type 5
[    0.880744] md: Skipping autodetection of RAID arrays. (raid=autodetect will force)
[    0.881955] 9pnet_virtio: no channels available for device 
[    0.883483] VFS: Mounted root (9p filesystem) readonly on device 0:19.
[    0.884635] devtmpfs: mounted
[    0.887047] Freeing unused kernel image (initmem) memory: 3160K
[    0.894192] Write protecting the kernel read-only data: 22528k
[    0.895556] Freeing unused kernel image (rodata/data gap) memory: 72K
[    0.931602] x86/mm: Checked W+X mappings: passed, no W+X pages found.
[    0.932555] Run /usr/lib/python3.11/site-packages/virtme/guest/virtme-init as init process
[    0.960137] mount (265) used greatest stack depth: 12984 bytes left
[    1.037912] mount (283) used greatest stack depth: 12584 bytes left
[    1.098194] virtme-init (314) used greatest stack depth: 12568 bytes left
[    1.102477] virtme-init (311) used greatest stack depth: 12424 bytes left
[    1.138294] virtme-init: basic initialization done
[    1.144477] virtme-init: udevd not found
[    1.204059] virtme-init: Setting hostname to virtme-ng...
[    1.217835] ip (356) used greatest stack depth: 12056 bytes left
          _      _                                    
   __   _(_)_ __| |_ _ __ ___   ___       _ __   __ _ 
   \ \ / / |  __| __|  _   _ \ / _ \_____|  _ \ / _  |
    \ V /| | |  | |_| | | | | |  __/_____| | | | (_| |
     \_/ |_|_|   \__|_| |_| |_|\___|     |_| |_|\__  |
                                                |___/ 
   kernel version: 6.8.0-rc1-virtme x86_64

virtme-ng:/nipa-data/kernel# PS1='xx__-> '
xx__-> 