No EFI environment detected.
early console in extract_kernel
input_data: 0x0000000002be52c4
input_len: 0x0000000000b6f95f
output: 0x0000000001000000
output_len: 0x000000000270ce24
kernel_total_size: 0x0000000002430000
needed_size: 0x0000000002800000
trampoline_32bit: 0x0000000000000000
Physical KASLR using RDRAND RDTSC...
Virtual KASLR using RDRAND RDTSC...

Decompressing Linux... Parsing ELF... Performing relocations... done.
Booting the kernel (entry_offset: 0x0000000000000000).
[    0.000000] Linux version 6.12.0-rc5-virtme (root@65e58a1293ca) (gcc (Ubuntu 13.2.0-23ubuntu4) 13.2.0, GNU ld (GNU Binutils for Ubuntu) 2.42) #1 SMP PREEMPT_DYNAMIC Thu Nov  7 09:05:57 UTC 2024
[    0.000000] Command line: virtme_hostname=virtme-ng nr_open=1048576 virtme_link_mods=/nipa-data/kernel/.virtme_mods/lib/modules/0.0.0 virtme_initmount0=nipa-data/kernel virtme_rw_overlay0=/etc virtme_rw_overlay1=/lib virtme_rw_overlay2=/home virtme_rw_overlay3=/opt virtme_rw_overlay4=/srv virtme_rw_overlay5=/usr virtme_rw_overlay6=/var console=hvc0 earlyprintk=serial,ttyS0,115200 virtme_console=ttyS0 psmouse.proto=exps TERM=xterm virtme_chdir=nipa-data/kernel virtme_root_user=1 rootfstype=9p rootflags=version=9p2000.L,trans=virtio,access=any raid=noautodetect ro init=/usr/lib/python3/dist-packages/virtme/guest/virtme-init
[    0.000000] BIOS-provided physical RAM map:
[    0.000000] BIOS-e820: [mem 0x0000000000000000-0x000000000009fbff] usable
[    0.000000] BIOS-e820: [mem 0x000000000009fc00-0x000000000009ffff] reserved
[    0.000000] BIOS-e820: [mem 0x00000000000f0000-0x00000000000fffff] reserved
[    0.000000] BIOS-e820: [mem 0x0000000000100000-0x000000003ffdffff] usable
[    0.000000] BIOS-e820: [mem 0x000000003ffe0000-0x000000003fffffff] reserved
[    0.000000] BIOS-e820: [mem 0x00000000feffc000-0x00000000feffffff] reserved
[    0.000000] BIOS-e820: [mem 0x00000000fffc0000-0x00000000ffffffff] reserved
[    0.000000] BIOS-e820: [mem 0x000000fd00000000-0x000000ffffffffff] reserved
[    0.000000] printk: legacy bootconsole [earlyser0] enabled
[    0.000000] NX (Execute Disable) protection: active
[    0.000000] APIC: Static calls initialized
[    0.000000] SMBIOS 3.0.0 present.
[    0.000000] DMI: QEMU Ubuntu 24.04 PC (i440FX + PIIX, 1996), BIOS 1.16.3-debian-1.16.3-2 04/01/2014
[    0.000000] DMI: Memory slots populated: 1/1
[    0.000000] Hypervisor detected: KVM
[    0.000000] kvm-clock: Using msrs 4b564d01 and 4b564d00
[    0.000000] kvm-clock: using sched offset of 216764502 cycles
[    0.000341] clocksource: kvm-clock: mask: 0xffffffffffffffff max_cycles: 0x1cd42e4dffb, max_idle_ns: 881590591483 ns
[    0.001401] tsc: Detected 4491.560 MHz processor
[    0.001951] last_pfn = 0x3ffe0 max_arch_pfn = 0x400000000
[    0.002333] MTRR map: 4 entries (3 fixed + 1 variable; max 19), built from 8 variable MTRRs
[    0.002886] x86/PAT: Configuration [0-7]: WB  WC  UC- UC  WB  WP  UC- WT  
Memory KASLR using RDRAND RDTSC...
[    0.004779] found SMP MP-table at [mem 0x000f5470-0x000f547f]
[    0.005155] Using GB pages for direct mapping
[    0.005491] ACPI: Early table checksum verification disabled
[    0.005859] ACPI: RSDP 0x00000000000F5290 000014 (v00 BOCHS )
[    0.006248] ACPI: RSDT 0x000000003FFE27BC 000034 (v01 BOCHS  BXPC     00000001 BXPC 00000001)
[    0.006813] ACPI: FACP 0x000000003FFE2578 000074 (v01 BOCHS  BXPC     00000001 BXPC 00000001)
[    0.007377] ACPI: DSDT 0x000000003FFE0040 002538 (v01 BOCHS  BXPC     00000001 BXPC 00000001)
[    0.007941] ACPI: FACS 0x000000003FFE0000 000040
[    0.008241] ACPI: APIC 0x000000003FFE25EC 000170 (v03 BOCHS  BXPC     00000001 BXPC 00000001)
[    0.008795] ACPI: HPET 0x000000003FFE275C 000038 (v01 BOCHS  BXPC     00000001 BXPC 00000001)
[    0.009350] ACPI: WAET 0x000000003FFE2794 000028 (v01 BOCHS  BXPC     00000001 BXPC 00000001)
[    0.009904] ACPI: Reserving FACP table memory at [mem 0x3ffe2578-0x3ffe25eb]
[    0.010365] ACPI: Reserving DSDT table memory at [mem 0x3ffe0040-0x3ffe2577]
[    0.010822] ACPI: Reserving FACS table memory at [mem 0x3ffe0000-0x3ffe003f]
[    0.011280] ACPI: Reserving APIC table memory at [mem 0x3ffe25ec-0x3ffe275b]
[    0.011738] ACPI: Reserving HPET table memory at [mem 0x3ffe275c-0x3ffe2793]
[    0.012195] ACPI: Reserving WAET table memory at [mem 0x3ffe2794-0x3ffe27bb]
[    0.012778] No NUMA configuration found
[    0.013027] Faking a node at [mem 0x0000000000000000-0x000000003ffdffff]
[    0.013462] NODE_DATA(0) allocated [mem 0x3ffdb780-0x3ffdffff]
[    0.013849] Zone ranges:
[    0.014013]   DMA      [mem 0x0000000000001000-0x0000000000ffffff]
[    0.014417]   DMA32    [mem 0x0000000001000000-0x000000003ffdffff]
[    0.014818]   Normal   empty
[    0.015005]   Device   empty
[    0.015192] Movable zone start for each node
[    0.015468] Early memory node ranges
[    0.015708]   node   0: [mem 0x0000000000001000-0x000000000009efff]
[    0.016122]   node   0: [mem 0x0000000000100000-0x000000003ffdffff]
[    0.016536] Initmem setup node 0 [mem 0x0000000000001000-0x000000003ffdffff]
[    0.017002] On node 0, zone DMA: 1 pages in unavailable ranges
[    0.017389] On node 0, zone DMA: 97 pages in unavailable ranges
[    0.018741] On node 0, zone DMA32: 32 pages in unavailable ranges
[    0.019319] ACPI: PM-Timer IO Port: 0x608
[    0.019584] ACPI: LAPIC_NMI (acpi_id[0xff] dfl dfl lint[0x1])
[    0.019971] IOAPIC[0]: apic_id 0, version 17, address 0xfec00000, GSI 0-23
[    0.020419] ACPI: INT_SRC_OVR (bus 0 bus_irq 0 global_irq 2 dfl dfl)
[    0.020843] ACPI: INT_SRC_OVR (bus 0 bus_irq 5 global_irq 5 high level)
[    0.021281] ACPI: INT_SRC_OVR (bus 0 bus_irq 9 global_irq 9 high level)
[    0.021719] ACPI: INT_SRC_OVR (bus 0 bus_irq 10 global_irq 10 high level)
[    0.022172] ACPI: INT_SRC_OVR (bus 0 bus_irq 11 global_irq 11 high level)
[    0.022622] ACPI: Using ACPI (MADT) for SMP configuration information
[    0.023049] ACPI: HPET id: 0x8086a201 base: 0xfed00000
[    0.023390] TSC deadline timer available
[    0.023651] CPU topo: Max. logical packages:   1
[    0.023957] CPU topo: Max. logical dies:       1
[    0.024263] CPU topo: Max. dies per package:   1
[    0.024571] CPU topo: Max. threads per core:   1
[    0.024877] CPU topo: Num. cores per package:    32
[    0.025200] CPU topo: Num. threads per package:  32
[    0.025522] CPU topo: Allowing 32 present CPUs plus 0 hotplug CPUs
[    0.025939] kvm-guest: APIC: eoi() replaced with kvm_guest_apic_eoi_write()
[    0.026424] kvm-guest: KVM setup pv remote TLB flush
[    0.026754] kvm-guest: setup PV sched yield
[    0.027033] PM: hibernation: Registered nosave memory: [mem 0x00000000-0x00000fff]
[    0.027534] PM: hibernation: Registered nosave memory: [mem 0x0009f000-0x0009ffff]
[    0.028035] PM: hibernation: Registered nosave memory: [mem 0x000a0000-0x000effff]
[    0.028535] PM: hibernation: Registered nosave memory: [mem 0x000f0000-0x000fffff]
[    0.029036] [mem 0x40000000-0xfeffbfff] available for PCI devices
[    0.029439] Booting paravirtualized kernel on KVM
[    0.029750] clocksource: refined-jiffies: mask: 0xffffffff max_cycles: 0xffffffff, max_idle_ns: 1910969940391419 ns
[    0.033149] setup_percpu: NR_CPUS:64 nr_cpumask_bits:32 nr_cpu_ids:32 nr_node_ids:1
[    0.034248] percpu: Embedded 58 pages/cpu s198552 r8192 d30824 u262144
[    0.034701] Kernel command line: virtme_hostname=virtme-ng nr_open=1048576 virtme_link_mods=/nipa-data/kernel/.virtme_mods/lib/modules/0.0.0 virtme_initmount0=nipa-data/kernel virtme_rw_overlay0=/etc virtme_rw_overlay1=/lib virtme_rw_overlay2=/home virtme_rw_overlay3=/opt virtme_rw_overlay4=/srv virtme_rw_overlay5=/usr virtme_rw_overlay6=/var console=hvc0 earlyprintk=serial,ttyS0,115200 virtme_console=ttyS0 psmouse.proto=exps TERM=xterm virtme_chdir=nipa-data/kernel virtme_root_user=1 rootfstype=9p rootflags=version=9p2000.L,trans=virtio,access=any raid=noautodetect ro init=/usr/lib/python3/dist-packages/virtme/guest/virtme-init
[    0.038495] Unknown kernel command line parameters "virtme_hostname=virtme-ng nr_open=1048576 virtme_link_mods=/nipa-data/kernel/.virtme_mods/lib/modules/0.0.0 virtme_initmount0=nipa-data/kernel virtme_rw_overlay0=/etc virtme_rw_overlay1=/lib virtme_rw_overlay2=/home virtme_rw_overlay3=/opt virtme_rw_overlay4=/srv virtme_rw_overlay5=/usr virtme_rw_overlay6=/var virtme_console=ttyS0 virtme_chdir=nipa-data/kernel virtme_root_user=1", will be passed to user space.
[    0.041417] random: crng init done
[    0.041673] Dentry cache hash table entries: 131072 (order: 8, 1048576 bytes, linear)
[    0.042216] Inode-cache hash table entries: 65536 (order: 7, 524288 bytes, linear)
[    0.042807] Fallback order for Node 0: 0 
[    0.042810] Built 1 zonelists, mobility grouping on.  Total pages: 262014
[    0.043527] Policy zone: DMA32
[    0.043730] mem auto-init: stack:all(zero), heap alloc:off, heap free:off
[    0.044819] SLUB: HWalign=64, Order=0-3, MinObjects=0, CPUs=32, Nodes=1
Poking KASLR using RDRAND RDTSC...
[    0.045487] ftrace: allocating 48477 entries in 190 pages
[    0.052164] ftrace: allocated 190 pages with 6 groups
[    0.053047] Dynamic Preempt: voluntary
[    0.053416] rcu: Preemptible hierarchical RCU implementation.
[    0.053797] rcu: RCU event tracing is enabled.
[    0.054104] rcu: RCU restricting CPUs from NR_CPUS=64 to nr_cpu_ids=32.
[    0.054548] Trampoline variant of Tasks RCU enabled.
[    0.054882] Rude variant of Tasks RCU enabled.
[    0.055181] Tracing variant of Tasks RCU enabled.
[    0.055498] rcu: RCU calculated value of scheduler-enlistment delay is 100 jiffies.
[    0.056010] rcu: Adjusting geometry for rcu_fanout_leaf=16, nr_cpu_ids=32
[    0.056468] RCU Tasks: Setting shift to 5 and lim to 1 rcu_task_cb_adjust=1 rcu_task_cpu_ids=32.
[    0.057053] RCU Tasks Rude: Setting shift to 5 and lim to 1 rcu_task_cb_adjust=1 rcu_task_cpu_ids=32.
[    0.057667] RCU Tasks Trace: Setting shift to 5 and lim to 1 rcu_task_cb_adjust=1 rcu_task_cpu_ids=32.
[    0.059669] NR_IRQS: 4352, nr_irqs: 680, preallocated irqs: 16
[    0.060228] rcu: srcu_init: Setting srcu_struct sizes based on contention.
[    0.060828] Console: colour *CGA 80x25
[    0.061088] ACPI: Core revision 20240827
[    0.061414] clocksource: hpet: mask: 0xffffffff max_cycles: 0xffffffff, max_idle_ns: 19112604467 ns
[    0.062083] APIC: Switch to symmetric I/O mode setup
[    0.062435] kvm-guest: APIC: send_IPI_mask() replaced with kvm_send_ipi_mask()
[    0.062921] kvm-guest: APIC: send_IPI_mask_allbutself() replaced with kvm_send_ipi_mask_allbutself()
[    0.063524] kvm-guest: setup PV IPIs
[    0.064496] ..TIMER: vector=0x30 apic1=0 pin1=2 apic2=-1 pin2=-1
[    0.065257] clocksource: tsc-early: mask: 0xffffffffffffffff max_cycles: 0x40be4320a4d, max_idle_ns: 440795288133 ns
[    0.066564] Calibrating delay loop (skipped) preset value.. 8983.12 BogoMIPS (lpj=4491560)
[    0.067623] x86/cpu: User Mode Instruction Prevention (UMIP) activated
[    0.068610] Last level iTLB entries: 4KB 512, 2MB 255, 4MB 127
[    0.069563] Last level dTLB entries: 4KB 512, 2MB 255, 4MB 127, 1GB 0
[    0.070333] Spectre V1 : Mitigation: usercopy/swapgs barriers and __user pointer sanitization
[    0.070566] Spectre V2 : Mitigation: Enhanced / Automatic IBRS
[    0.071563] Spectre V2 : Spectre v2 / SpectreRSB mitigation: Filling RSB on context switch
[    0.072564] Spectre V2 : mitigation: Enabling conditional Indirect Branch Prediction Barrier
[    0.073564] Speculative Store Bypass: Mitigation: Speculative Store Bypass disabled via prctl
[    0.074563] Speculative Return Stack Overflow: IBPB-extending microcode not applied!
[    0.075563] Speculative Return Stack Overflow: WARNING: See https://kernel.org/doc/html/latest/admin-guide/hw-vuln/srso.html for mitigation options.
[    0.075564] Speculative Return Stack Overflow: Vulnerable: Safe RET, no microcode
[    0.077577] x86/fpu: Supporting XSAVE feature 0x001: 'x87 floating point registers'
[    0.078563] x86/fpu: Supporting XSAVE feature 0x002: 'SSE registers'
[    0.079322] x86/fpu: Supporting XSAVE feature 0x004: 'AVX registers'
[    0.079563] x86/fpu: Supporting XSAVE feature 0x020: 'AVX-512 opmask'
[    0.080563] x86/fpu: Supporting XSAVE feature 0x040: 'AVX-512 Hi256'
[    0.081563] x86/fpu: Supporting XSAVE feature 0x080: 'AVX-512 ZMM_Hi256'
[    0.082563] x86/fpu: Supporting XSAVE feature 0x200: 'Protection Keys User registers'
[    0.083563] x86/fpu: xstate_offset[2]:  576, xstate_sizes[2]:  256
[    0.084286] x86/fpu: xstate_offset[5]:  832, xstate_sizes[5]:   64
[    0.084563] x86/fpu: xstate_offset[6]:  896, xstate_sizes[6]:  512
[    0.085563] x86/fpu: xstate_offset[7]: 1408, xstate_sizes[7]: 1024
[    0.086563] x86/fpu: xstate_offset[9]: 2432, xstate_sizes[9]:    8
[    0.087298] x86/fpu: Enabled xstate features 0x2e7, context size is 2440 bytes, using 'compacted' format.
[    0.101780] Freeing SMP alternatives memory: 40K
[    0.102323] pid_max: default: 32768 minimum: 301
[    0.102582] Mount-cache hash table entries: 2048 (order: 2, 16384 bytes, linear)
[    0.103564] Mountpoint-cache hash table entries: 2048 (order: 2, 16384 bytes, linear)
[    0.104688] smpboot: CPU0: AMD Ryzen 9 7950X 16-Core Processor (family: 0x19, model: 0x61, stepping: 0x2)
[    0.105670] Performance Events: Fam17h+ core perfctr, AMD PMU driver.
[    0.106422] ... version:                0
[    0.106565] ... bit width:              48
[    0.107029] ... generic registers:      6
[    0.107484] ... value mask:             0000ffffffffffff
[    0.107564] ... max period:             00007fffffffffff
[    0.108168] ... fixed-purpose events:   0
[    0.108564] ... event mask:             000000000000003f
[    0.109237] signal: max sigframe size: 3376
[    0.109579] rcu: Hierarchical SRCU implementation.
[    0.110124] rcu: Max phase no-delay instances is 400.
[    0.110584] Timer migration: 2 hierarchy levels; 8 children per group; 2 crossnode level
[    0.113558] smp: Bringing up secondary CPUs ...
[    0.113611] smpboot: x86: Booting SMP configuration:
[    0.114175] .... node  #0, CPUs:        #1  #2  #3  #4  #5  #6  #7  #8  #9 #10 #11 #12 #13 #14 #15 #16 #17 #18 #19 #20 #21 #22 #23 #24 #25 #26 #27 #28 #29 #30 #31
[    0.126662] smp: Brought up 1 node, 32 CPUs
[    0.128047] smpboot: Total of 32 processors activated (287459.84 BogoMIPS)
[    0.130584] Memory: 970440K/1048056K available (16384K kernel code, 2449K rwdata, 6280K rodata, 3132K init, 1856K bss, 63192K reserved, 0K cma-reserved)
[    0.131666] devtmpfs: initialized
[    0.131970] x86/mm: Memory block size: 128MB
[    0.133229] clocksource: jiffies: mask: 0xffffffff max_cycles: 0xffffffff, max_idle_ns: 1911260446275000 ns
[    0.133567] futex hash table entries: 8192 (order: 7, 524288 bytes, linear)
[    0.134437] PM: RTC time: 09:06:15, date: 2024-11-07
[    0.134876] NET: Registered PF_NETLINK/PF_ROUTE protocol family
[    0.135675] thermal_sys: Registered thermal governor 'step_wise'
[    0.135676] thermal_sys: Registered thermal governor 'user_space'
[    0.136389] cpuidle: using governor menu
[    0.137742] PCI: Using configuration type 1 for base access
[    0.138565] PCI: Using configuration type 1 for extended access
[    0.139316] kprobes: kprobe jump-optimization is enabled. All kprobes are optimized if possible.
[    0.157821] HugeTLB: registered 1.00 GiB page size, pre-allocated 0 pages
[    0.158565] HugeTLB: 16380 KiB vmemmap can be freed for a 1.00 GiB page
[    0.159337] HugeTLB: registered 2.00 MiB page size, pre-allocated 0 pages
[    0.159564] HugeTLB: 28 KiB vmemmap can be freed for a 2.00 MiB page
[    0.160544] ACPI: Added _OSI(Module Device)
[    0.160565] ACPI: Added _OSI(Processor Device)
[    0.161087] ACPI: Added _OSI(3.0 _SCP Extensions)
[    0.161565] ACPI: Added _OSI(Processor Aggregator Device)
[    0.162842] ACPI: 1 ACPI AML tables successfully acquired and loaded
[    0.163948] ACPI: Interpreter enabled
[    0.164573] ACPI: PM: (supports S0 S3 S4 S5)
[    0.165073] ACPI: Using IOAPIC for interrupt routing
[    0.165571] PCI: Using host bridge windows from ACPI; if necessary, use "pci=nocrs" and report a bug
[    0.166564] PCI: Using E820 reservations for host bridge windows
[    0.167342] ACPI: Enabled 2 GPEs in block 00 to 0F
[    0.169945] ACPI: PCI Root Bridge [PCI0] (domain 0000 [bus 00-ff])
[    0.170567] acpi PNP0A03:00: _OSC: OS supports [ExtendedConfig ASPM ClockPM Segments MSI HPX-Type3]
[    0.171649] PCI host bridge to bus 0000:00
[    0.172132] pci_bus 0000:00: root bus resource [io  0x0000-0x0cf7 window]
[    0.172565] pci_bus 0000:00: root bus resource [io  0x0d00-0xffff window]
[    0.173358] pci_bus 0000:00: root bus resource [mem 0x000a0000-0x000bffff window]
[    0.173565] pci_bus 0000:00: root bus resource [mem 0x40000000-0xfebfffff window]
[    0.174430] pci_bus 0000:00: root bus resource [mem 0x100000000-0x17fffffff window]
[    0.174565] pci_bus 0000:00: root bus resource [bus 00-ff]
[    0.175281] pci 0000:00:00.0: [8086:1237] type 00 class 0x060000 conventional PCI endpoint
[    0.175787] pci 0000:00:01.0: [8086:7000] type 00 class 0x060100 conventional PCI endpoint
[    0.176836] pci 0000:00:01.1: [8086:7010] type 00 class 0x010180 conventional PCI endpoint
[    0.178690] pci 0000:00:01.1: BAR 4 [io  0xc0c0-0xc0cf]
[    0.179912] pci 0000:00:01.1: BAR 0 [io  0x01f0-0x01f7]: legacy IDE quirk
[    0.180565] pci 0000:00:01.1: BAR 1 [io  0x03f6]: legacy IDE quirk
[    0.181292] pci 0000:00:01.1: BAR 2 [io  0x0170-0x0177]: legacy IDE quirk
[    0.181565] pci 0000:00:01.1: BAR 3 [io  0x0376]: legacy IDE quirk
[    0.182360] pci 0000:00:01.3: [8086:7113] type 00 class 0x068000 conventional PCI endpoint
[    0.182770] pci 0000:00:01.3: quirk: [io  0x0600-0x063f] claimed by PIIX4 ACPI
[    0.183568] pci 0000:00:01.3: quirk: [io  0x0700-0x070f] claimed by PIIX4 SMB
[    0.184554] pci 0000:00:02.0: [1af4:1009] type 00 class 0x000200 conventional PCI endpoint
[    0.184949] pci 0000:00:02.0: BAR 0 [io  0xc000-0xc03f]
[    0.185774] pci 0000:00:02.0: BAR 1 [mem 0xfebfc000-0xfebfcfff]
[    0.188012] pci 0000:00:02.0: BAR 4 [mem 0xfebf0000-0xfebf3fff 64bit pref]
[    0.189344] pci 0000:00:03.0: [1af4:1009] type 00 class 0x000200 conventional PCI endpoint
[    0.189958] pci 0000:00:03.0: BAR 0 [io  0xc040-0xc07f]
[    0.190920] pci 0000:00:03.0: BAR 1 [mem 0xfebfd000-0xfebfdfff]
[    0.193565] pci 0000:00:03.0: BAR 4 [mem 0xfebf4000-0xfebf7fff 64bit pref]
[    0.195464] pci 0000:00:04.0: [8086:25ab] type 00 class 0x088000 conventional PCI endpoint
[    0.195706] pci 0000:00:04.0: BAR 0 [mem 0xfebfe000-0xfebfe00f]
[    0.197279] pci 0000:00:05.0: [1af4:1003] type 00 class 0x078000 conventional PCI endpoint
[    0.197849] pci 0000:00:05.0: BAR 0 [io  0xc080-0xc0bf]
[    0.198565] pci 0000:00:05.0: BAR 1 [mem 0xfebff000-0xfebfffff]
[    0.200043] pci 0000:00:05.0: BAR 4 [mem 0xfebf8000-0xfebfbfff 64bit pref]
[    0.201623] ACPI: PCI: Interrupt link LNKA configured for IRQ 10
[    0.202436] ACPI: PCI: Interrupt link LNKB configured for IRQ 10
[    0.202658] ACPI: PCI: Interrupt link LNKC configured for IRQ 11
[    0.203655] ACPI: PCI: Interrupt link LNKD configured for IRQ 11
[    0.204422] ACPI: PCI: Interrupt link LNKS configured for IRQ 9
[    0.205366] iommu: Default domain type: Translated
[    0.205565] iommu: DMA domain TLB invalidation policy: lazy mode
[    0.206311] SCSI subsystem initialized
[    0.206592] pps_core: LinuxPPS API ver. 1 registered
[    0.207175] pps_core: Software ver. 5.3.6 - Copyright 2005-2007 Rodolfo Giometti <giometti@linux.it>
[    0.207567] PTP clock support registered
[    0.208034] Advanced Linux Sound Architecture Driver Initialized.
[    0.208799] NET: Registered PF_ATMPVC protocol family
[    0.209396] NET: Registered PF_ATMSVC protocol family
[    0.209570] PCI: Using ACPI for IRQ routing
[    0.210122] vgaarb: loaded
[    0.210122] hpet0: at MMIO 0xfed00000, IRQs 2, 8, 0
[    0.210565] hpet0: 3 comparators, 64-bit 100.000000 MHz counter
[    0.213709] clocksource: Switched to clocksource kvm-clock
[    0.214441] VFS: Disk quotas dquot_6.6.0
[    0.214786] VFS: Dquot-cache hash table entries: 512 (order 0, 4096 bytes)
[    0.215642] pnp: PnP ACPI init
[    0.216165] pnp: PnP ACPI: found 5 devices
[    0.223188] clocksource: acpi_pm: mask: 0xffffff max_cycles: 0xffffff, max_idle_ns: 2085701024 ns
[    0.224237] NET: Registered PF_INET protocol family
[    0.224817] IP idents hash table entries: 16384 (order: 5, 131072 bytes, linear)
[    0.225812] tcp_listen_portaddr_hash hash table entries: 512 (order: 1, 8192 bytes, linear)
[    0.226792] Table-perturb hash table entries: 65536 (order: 6, 262144 bytes, linear)
[    0.227695] TCP established hash table entries: 8192 (order: 4, 65536 bytes, linear)
[    0.228682] TCP bind hash table entries: 8192 (order: 6, 262144 bytes, linear)
[    0.229543] TCP: Hash tables configured (established 8192 bind 8192)
[    0.230296] UDP hash table entries: 512 (order: 2, 16384 bytes, linear)
[    0.231060] UDP-Lite hash table entries: 512 (order: 2, 16384 bytes, linear)
[    0.231891] NET: Registered PF_UNIX/PF_LOCAL protocol family
[    0.232541] pci_bus 0000:00: resource 4 [io  0x0000-0x0cf7 window]
[    0.233251] pci_bus 0000:00: resource 5 [io  0x0d00-0xffff window]
[    0.233959] pci_bus 0000:00: resource 6 [mem 0x000a0000-0x000bffff window]
[    0.234748] pci_bus 0000:00: resource 7 [mem 0x40000000-0xfebfffff window]
[    0.235538] pci_bus 0000:00: resource 8 [mem 0x100000000-0x17fffffff window]
[    0.236369] pci 0000:00:01.0: PIIX3: Enabling Passive Release
[    0.237034] pci 0000:00:00.0: Limiting direct PCI/PCI transfers
[    0.237742] PCI: CLS 0 bytes, default 64
[    0.238236] kvm_intel: VMX not supported by CPU 0
[    0.238783] kvm_amd: TSC scaling supported
[    0.239257] kvm_amd: Nested Virtualization enabled
[    0.239804] kvm_amd: Nested Paging enabled
[    0.240277] kvm_amd: LBR virtualization supported
[    0.240843] kvm_amd: Virtual VMLOAD VMSAVE supported
[    0.241421] kvm_amd: Virtual GIF supported
[    0.241893] kvm_amd: Virtual NMI enabled
[    0.283067] clocksource: tsc: mask: 0xffffffffffffffff max_cycles: 0x40be4320a4d, max_idle_ns: 440795288133 ns
[    0.289942] Initialise system trusted keyrings
[    0.290520] workingset: timestamp_bits=56 max_order=18 bucket_order=0
[    0.291297] squashfs: version 4.0 (2009/01/31) Phillip Lougher
[    0.291990] fuse: init (API version 7.41)
[    0.292488] 9p: Installing v9fs 9p2000 file system support
[    0.299299] Key type asymmetric registered
[    0.299780] Asymmetric key parser 'x509' registered
[    0.300363] Block layer SCSI generic (bsg) driver version 0.4 loaded (major 249)
[    0.301259] io scheduler mq-deadline registered
[    0.301791] io scheduler kyber registered
[    0.303847] input: Power Button as /devices/LNXSYSTM:00/LNXPWRBN:00/input/input0
[    0.304760] ACPI: button: Power Button [PWRF]
[    0.305663] Warning: Processor Platform Limit event detected, but not handled.
[    0.306506] Consider compiling CPUfreq support into your kernel.
[    0.324020] ACPI: \_SB_.LNKB: Enabled at IRQ 10
[    0.339326] ACPI: \_SB_.LNKC: Enabled at IRQ 11
[    0.354607] ACPI: \_SB_.LNKA: Enabled at IRQ 10
[    0.355598] Serial: 8250/16550 driver, 4 ports, IRQ sharing enabled
[    0.356420] 00:03: ttyS0 at I/O 0x3f8 (irq = 4, base_baud = 115200) is a 16550A
[    0.374506] Non-volatile memory driver v1.3
[    0.375035] Linux agpgart interface v0.103
[    0.375603] printk: legacy console [hvc0] enabled
[    0.376215] printk: legacy bootconsole [earlyser0] disabled
          _      _                                    
   __   _(_)_ __| |_ _ __ ___   ___       _ __   __ _ 
   \ \ / / |  __| __|  _   _ \ / _ \_____|  _ \ / _  |
    \ V /| | |  | |_| | | | | |  __/_____| | | | (_| |
     \_/ |_|_|   \__|_| |_| |_|\___|     |_| |_|\__  |
                                                |___/ 
   kernel version: 6.12.0-rc5-virtme x86_64
   (CTRL+d to exit)

root@virtme-ng:/nipa-data/kernel# PS1='xx__-> '
xx__-> env
PWD=/nipa-data/kernel
nr_open=1048576
HOME=/
TERM=xterm
SHLVL=2
XDG_RUNTIME_DIR=/run/user/0
PATH=/bin:/sbin:/usr/bin:/usr/sbin:/usr/local/bin
OLDPWD=/
_=/bin/env
xx__-> 