No EFI environment detected.
early console in extract_kernel
input_data: 0x0000000004ab32c4
input_len: 0x0000000001863126
output: 0x0000000001000000
output_len: 0x00000000052a310c
kernel_total_size: 0x0000000004e30000
needed_size: 0x0000000005400000
trampoline_32bit: 0x0000000000000000
Physical KASLR using RDRAND RDTSC...
Virtual KASLR using RDRAND RDTSC...

Decompressing Linux... Parsing ELF... Performing relocations... done.
Booting the kernel (entry_offset: 0x0000000000000000).
[    0.000000] Linux version 6.10.0-rc4-virtme (root@9745b5ae8ad5) (gcc (Alpine 13.2.1_git20240309) 13.2.1 20240309, GNU ld (GNU Binutils) 2.42) #1 SMP PREEMPT_DYNAMIC Wed Jun 26 00:25:43 UTC 2024
[    0.000000] Command line: virtme_hostname=virtme-ng nr_open=1048576 virtme_link_mods=/nipa-data/kernel/.virtme_mods/lib/modules/0.0.0 virtme_initmount0=nipa-data/kernel virtme_rw_overlay0=/etc virtme_rw_overlay1=/lib virtme_rw_overlay2=/home virtme_rw_overlay3=/opt virtme_rw_overlay4=/srv virtme_rw_overlay5=/usr virtme_rw_overlay6=/var console=hvc0 earlyprintk=serial,ttyS0,115200 virtme_console=ttyS0 psmouse.proto=exps TERM=xterm virtme_chdir=nipa-data/kernel virtme_root_user=1 rootfstype=9p rootflags=version=9p2000.L,trans=virtio,access=any raid=noautodetect ro init=/usr/lib/python3.12/site-packages/virtme/guest/virtme-init
[    0.000000] BIOS-provided physical RAM map:
[    0.000000] BIOS-e820: [mem 0x0000000000000000-0x000000000009fbff] usable
[    0.000000] BIOS-e820: [mem 0x000000000009fc00-0x000000000009ffff] reserved
[    0.000000] BIOS-e820: [mem 0x00000000000f0000-0x00000000000fffff] reserved
[    0.000000] BIOS-e820: [mem 0x0000000000100000-0x000000003ffdffff] usable
[    0.000000] BIOS-e820: [mem 0x000000003ffe0000-0x000000003fffffff] reserved
[    0.000000] BIOS-e820: [mem 0x00000000feffc000-0x00000000feffffff] reserved
[    0.000000] BIOS-e820: [mem 0x00000000fffc0000-0x00000000ffffffff] reserved
[    0.000000] BIOS-e820: [mem 0x000000fd00000000-0x000000ffffffffff] reserved
[    0.000000] printk: legacy bootconsole [earlyser0] enabled
[    0.000000] NX (Execute Disable) protection: active
[    0.000000] APIC: Static calls initialized
[    0.000000] SMBIOS 2.8 present.
[    0.000000] DMI: QEMU Standard PC (i440FX + PIIX, 1996), BIOS rel-1.16.3-0-ga6ed6b701f0a-prebuilt.qemu.org 04/01/2014
[    0.000000] DMI: Memory slots populated: 1/1
[    0.000000] Hypervisor detected: KVM
[    0.000000] kvm-clock: Using msrs 4b564d01 and 4b564d00
[    0.000000] kvm-clock: using sched offset of 304185757 cycles
[    0.000364] clocksource: kvm-clock: mask: 0xffffffffffffffff max_cycles: 0x1cd42e4dffb, max_idle_ns: 881590591483 ns
[    0.001491] tsc: Detected 4491.560 MHz processor
[    0.002144] last_pfn = 0x3ffe0 max_arch_pfn = 0x400000000
[    0.002541] MTRR map: 4 entries (3 fixed + 1 variable; max 19), built from 8 variable MTRRs
[    0.003123] x86/PAT: Configuration [0-7]: WB  WC  UC- UC  WB  WP  UC- WT  
[    0.005010] found SMP MP-table at [mem 0x000f5470-0x000f547f]
[    0.005413] Using GB pages for direct mapping
[    0.005865] ACPI: Early table checksum verification disabled
[    0.006260] ACPI: RSDP 0x00000000000F5290 000014 (v00 BOCHS )
[    0.006661] ACPI: RSDT 0x000000003FFE27BC 000034 (v01 BOCHS  BXPC     00000001 BXPC 00000001)
[    0.007255] ACPI: FACP 0x000000003FFE2578 000074 (v01 BOCHS  BXPC     00000001 BXPC 00000001)
[    0.007851] ACPI: DSDT 0x000000003FFE0040 002538 (v01 BOCHS  BXPC     00000001 BXPC 00000001)
[    0.008444] ACPI: FACS 0x000000003FFE0000 000040
[    0.008766] ACPI: APIC 0x000000003FFE25EC 000170 (v03 BOCHS  BXPC     00000001 BXPC 00000001)
[    0.009359] ACPI: HPET 0x000000003FFE275C 000038 (v01 BOCHS  BXPC     00000001 BXPC 00000001)
[    0.009957] ACPI: WAET 0x000000003FFE2794 000028 (v01 BOCHS  BXPC     00000001 BXPC 00000001)
[    0.010550] ACPI: Reserving FACP table memory at [mem 0x3ffe2578-0x3ffe25eb]
[    0.011039] ACPI: Reserving DSDT table memory at [mem 0x3ffe0040-0x3ffe2577]
[    0.011531] ACPI: Reserving FACS table memory at [mem 0x3ffe0000-0x3ffe003f]
[    0.012018] ACPI: Reserving APIC table memory at [mem 0x3ffe25ec-0x3ffe275b]
[    0.012504] ACPI: Reserving HPET table memory at [mem 0x3ffe275c-0x3ffe2793]
[    0.012990] ACPI: Reserving WAET table memory at [mem 0x3ffe2794-0x3ffe27bb]
[    0.013661] No NUMA configuration found
[    0.013929] Faking a node at [mem 0x0000000000000000-0x000000003ffdffff]
[    0.014393] NODE_DATA(0) allocated [mem 0x3ffdb000-0x3ffdffff]
[    0.014811] Zone ranges:
[    0.014986]   DMA      [mem 0x0000000000001000-0x0000000000ffffff]
[    0.015414]   DMA32    [mem 0x0000000001000000-0x000000003ffdffff]
[    0.015841]   Normal   empty
[    0.016041]   Device   empty
[    0.016240] Movable zone start for each node
[    0.016536] Early memory node ranges
[    0.016783]   node   0: [mem 0x0000000000001000-0x000000000009efff]
[    0.017216]   node   0: [mem 0x0000000000100000-0x000000003ffdffff]
[    0.017649] Initmem setup node 0 [mem 0x0000000000001000-0x000000003ffdffff]
[    0.018142] On node 0, zone DMA: 1 pages in unavailable ranges
[    0.018599] On node 0, zone DMA: 97 pages in unavailable ranges
[    0.023071] On node 0, zone DMA32: 32 pages in unavailable ranges
[    0.031940] kasan: KernelAddressSanitizer initialized
[    0.032514] ACPI: PM-Timer IO Port: 0x608
[    0.032803] ACPI: LAPIC_NMI (acpi_id[0xff] dfl dfl lint[0x1])
[    0.033221] IOAPIC[0]: apic_id 0, version 17, address 0xfec00000, GSI 0-23
[    0.033699] ACPI: INT_SRC_OVR (bus 0 bus_irq 0 global_irq 2 dfl dfl)
[    0.034150] ACPI: INT_SRC_OVR (bus 0 bus_irq 5 global_irq 5 high level)
[    0.034609] ACPI: INT_SRC_OVR (bus 0 bus_irq 9 global_irq 9 high level)
[    0.035067] ACPI: INT_SRC_OVR (bus 0 bus_irq 10 global_irq 10 high level)
[    0.035537] ACPI: INT_SRC_OVR (bus 0 bus_irq 11 global_irq 11 high level)
[    0.036009] ACPI: Using ACPI (MADT) for SMP configuration information
[    0.036457] ACPI: HPET id: 0x8086a201 base: 0xfed00000
[    0.036814] TSC deadline timer available
[    0.037089] CPU topo: Max. logical packages:   1
[    0.037409] CPU topo: Max. logical dies:       1
[    0.037732] CPU topo: Max. dies per package:   1
[    0.038055] CPU topo: Max. threads per core:   1
[    0.038375] CPU topo: Num. cores per package:    32
[    0.038717] CPU topo: Num. threads per package:  32
[    0.039055] CPU topo: Allowing 32 present CPUs plus 0 hotplug CPUs
[    0.039497] kvm-guest: APIC: eoi() replaced with kvm_guest_apic_eoi_write()
[    0.039991] kvm-guest: KVM setup pv remote TLB flush
[    0.040337] kvm-guest: setup PV sched yield
[    0.040633] PM: hibernation: Registered nosave memory: [mem 0x00000000-0x00000fff]
[    0.041158] PM: hibernation: Registered nosave memory: [mem 0x0009f000-0x0009ffff]
[    0.041682] PM: hibernation: Registered nosave memory: [mem 0x000a0000-0x000effff]
[    0.042209] PM: hibernation: Registered nosave memory: [mem 0x000f0000-0x000fffff]
[    0.042737] [mem 0x40000000-0xfeffbfff] available for PCI devices
[    0.043159] Booting paravirtualized kernel on KVM
[    0.043485] clocksource: refined-jiffies: mask: 0xffffffff max_cycles: 0xffffffff, max_idle_ns: 1910969940391419 ns
[    0.051752] setup_percpu: NR_CPUS:64 nr_cpumask_bits:32 nr_cpu_ids:32 nr_node_ids:1
[    0.053511] percpu: Embedded 70 pages/cpu s248536 r8192 d29992 u524288
[    0.054031] Kernel command line: virtme_hostname=virtme-ng nr_open=1048576 virtme_link_mods=/nipa-data/kernel/.virtme_mods/lib/modules/0.0.0 virtme_initmount0=nipa-data/kernel virtme_rw_overlay0=/etc virtme_rw_overlay1=/lib virtme_rw_overlay2=/home virtme_rw_overlay3=/opt virtme_rw_overlay4=/srv virtme_rw_overlay5=/usr virtme_rw_overlay6=/var console=hvc0 earlyprintk=serial,ttyS0,115200 virtme_console=ttyS0 psmouse.proto=exps TERM=xterm virtme_chdir=nipa-data/kernel virtme_root_user=1 rootfstype=9p rootflags=version=9p2000.L,trans=virtio,access=any raid=noautodetect ro init=/usr/lib/python3.12/site-packages/virtme/guest/virtme-init
[    0.058153] Unknown kernel command line parameters "virtme_hostname=virtme-ng nr_open=1048576 virtme_link_mods=/nipa-data/kernel/.virtme_mods/lib/modules/0.0.0 virtme_initmount0=nipa-data/kernel virtme_rw_overlay0=/etc virtme_rw_overlay1=/lib virtme_rw_overlay2=/home virtme_rw_overlay3=/opt virtme_rw_overlay4=/srv virtme_rw_overlay5=/usr virtme_rw_overlay6=/var virtme_console=ttyS0 virtme_chdir=nipa-data/kernel virtme_root_user=1", will be passed to user space.
[    0.061252] random: crng init done
[    0.061605] Dentry cache hash table entries: 131072 (order: 8, 1048576 bytes, linear)
[    0.062184] Inode-cache hash table entries: 65536 (order: 7, 524288 bytes, linear)
[    0.063131] Fallback order for Node 0: 0 
[    0.063135] Built 1 zonelists, mobility grouping on.  Total pages: 262014
[    0.063904] Policy zone: DMA32
[    0.064121] mem auto-init: stack:all(zero), heap alloc:off, heap free:off
[    0.064604] stackdepot: allocating hash table via alloc_large_system_hash
[    0.065087] stackdepot hash table entries: 1048576 (order: 12, 16777216 bytes, linear)
[    0.072819] Memory: 781028K/1048056K available (43008K kernel code, 11212K rwdata, 9836K rodata, 5912K init, 2184K bss, 266772K reserved, 0K cma-reserved)
[    0.073973] SLUB: HWalign=64, Order=0-3, MinObjects=0, CPUs=32, Nodes=1
Poking KASLR using RDRAND RDTSC...
[    0.074715] ftrace: allocating 47965 entries in 188 pages
[    0.082936] ftrace: allocated 188 pages with 5 groups
[    0.084095] Dynamic Preempt: voluntary
[    0.084800] rcu: Preemptible hierarchical RCU implementation.
[    0.085206] rcu: RCU event tracing is enabled.
[    0.085526] rcu: RCU restricting CPUs from NR_CPUS=64 to nr_cpu_ids=32.
[    0.086008] Trampoline variant of Tasks RCU enabled.
[    0.086366] Rude variant of Tasks RCU enabled.
[    0.086690] Tracing variant of Tasks RCU enabled.
[    0.087028] rcu: RCU calculated value of scheduler-enlistment delay is 100 jiffies.
[    0.087566] rcu: Adjusting geometry for rcu_fanout_leaf=16, nr_cpu_ids=32
[    0.088107] RCU Tasks: Setting shift to 5 and lim to 1 rcu_task_cb_adjust=1.
[    0.088607] RCU Tasks Rude: Setting shift to 5 and lim to 1 rcu_task_cb_adjust=1.
[    0.089136] RCU Tasks Trace: Setting shift to 5 and lim to 1 rcu_task_cb_adjust=1.
[    0.097484] NR_IRQS: 4352, nr_irqs: 680, preallocated irqs: 16
[    0.098153] rcu: srcu_init: Setting srcu_struct sizes based on contention.
[    0.098851] Console: colour *CGA 80x25
[    0.099164] ACPI: Core revision 20240322
[    0.099592] clocksource: hpet: mask: 0xffffffff max_cycles: 0xffffffff, max_idle_ns: 19112604467 ns
[    0.100308] APIC: Switch to symmetric I/O mode setup
[    0.100689] APIC: Switched APIC routing to: physical flat
[    0.101075] kvm-guest: APIC: send_IPI_mask() replaced with kvm_send_ipi_mask()
[    0.101586] kvm-guest: APIC: send_IPI_mask_allbutself() replaced with kvm_send_ipi_mask_allbutself()
[    0.102278] kvm-guest: setup PV IPIs
[    0.103370] ..TIMER: vector=0x30 apic1=0 pin1=2 apic2=-1 pin2=-1
[    0.104130] tsc: Marking TSC unstable due to TSCs unsynchronized
[    0.104893] Calibrating delay loop (skipped) preset value.. 8983.12 BogoMIPS (lpj=4491560)
[    0.105953] x86/cpu: User Mode Instruction Prevention (UMIP) activated
[    0.106947] Last level iTLB entries: 4KB 512, 2MB 255, 4MB 127
[    0.107891] Last level dTLB entries: 4KB 512, 2MB 255, 4MB 127, 1GB 0
[    0.108896] Spectre V1 : Mitigation: usercopy/swapgs barriers and __user pointer sanitization
[    0.109895] Spectre V2 : Mitigation: Enhanced / Automatic IBRS
[    0.110614] Spectre V2 : Spectre v2 / SpectreRSB mitigation: Filling RSB on context switch
[    0.110893] Spectre V2 : mitigation: Enabling conditional Indirect Branch Prediction Barrier
[    0.112891] Speculative Store Bypass: Mitigation: Speculative Store Bypass disabled via prctl
[    0.113891] Speculative Return Stack Overflow: IBPB-extending microcode not applied!
[    0.114891] Speculative Return Stack Overflow: WARNING: See https://kernel.org/doc/html/latest/admin-guide/hw-vuln/srso.html for mitigation options.
[    0.114892] Speculative Return Stack Overflow: Vulnerable: Safe RET, no microcode
[    0.116906] x86/fpu: Supporting XSAVE feature 0x001: 'x87 floating point registers'
[    0.117891] x86/fpu: Supporting XSAVE feature 0x002: 'SSE registers'
[    0.118891] x86/fpu: Supporting XSAVE feature 0x004: 'AVX registers'
[    0.119891] x86/fpu: Supporting XSAVE feature 0x020: 'AVX-512 opmask'
[    0.120664] x86/fpu: Supporting XSAVE feature 0x040: 'AVX-512 Hi256'
[    0.120891] x86/fpu: Supporting XSAVE feature 0x080: 'AVX-512 ZMM_Hi256'
[    0.121891] x86/fpu: Supporting XSAVE feature 0x200: 'Protection Keys User registers'
[    0.122891] x86/fpu: xstate_offset[2]:  576, xstate_sizes[2]:  256
[    0.123891] x86/fpu: xstate_offset[5]:  832, xstate_sizes[5]:   64
[    0.124633] x86/fpu: xstate_offset[6]:  896, xstate_sizes[6]:  512
[    0.124891] x86/fpu: xstate_offset[7]: 1408, xstate_sizes[7]: 1024
[    0.125891] x86/fpu: xstate_offset[9]: 2432, xstate_sizes[9]:    8
[    0.126891] x86/fpu: Enabled xstate features 0x2e7, context size is 2440 bytes, using 'compacted' format.
[    0.147596] Freeing SMP alternatives memory: 40K
[    0.147892] pid_max: default: 32768 minimum: 301
[    0.148561] Mount-cache hash table entries: 2048 (order: 2, 16384 bytes, linear)
[    0.148892] Mountpoint-cache hash table entries: 2048 (order: 2, 16384 bytes, linear)
[    0.151297] smpboot: CPU0: AMD Ryzen 9 7950X 16-Core Processor (family: 0x19, model: 0x61, stepping: 0x2)
[    0.152323] Performance Events: Fam17h+ core perfctr, AMD PMU driver.
[    0.152895] ... version:                0
[    0.153378] ... bit width:              48
[    0.153874] ... generic registers:      6
[    0.153893] ... value mask:             0000ffffffffffff
[    0.154530] ... max period:             00007fffffffffff
[    0.154893] ... fixed-purpose events:   0
[    0.155374] ... event mask:             000000000000003f
[    0.156003] signal: max sigframe size: 3376
[    0.156549] rcu: Hierarchical SRCU implementation.
[    0.156894] rcu: Max phase no-delay instances is 400.
[    0.161156] smp: Bringing up secondary CPUs ...
[    0.161945] smpboot: x86: Booting SMP configuration:
[    0.162544] .... node  #0, CPUs:        #1  #2  #3  #4  #5  #6  #7  #8  #9 #10 #11 #12 #13 #14 #15 #16 #17 #18 #19 #20 #21 #22 #23 #24 #25 #26 #27 #28 #29 #30 #31
[    0.178991] smp: Brought up 1 node, 32 CPUs
[    0.180401] smpboot: Total of 32 processors activated (287459.84 BogoMIPS)
[    0.185005] devtmpfs: initialized
[    0.185466] x86/mm: Memory block size: 128MB
[    0.191544] clocksource: jiffies: mask: 0xffffffff max_cycles: 0xffffffff, max_idle_ns: 1911260446275000 ns
[    0.191962] futex hash table entries: 8192 (order: 7, 524288 bytes, linear)
[    0.193119] PM: RTC time: 00:26:14, date: 2024-06-26
[    0.194372] NET: Registered PF_NETLINK/PF_ROUTE protocol family
[    0.195742] thermal_sys: Registered thermal governor 'step_wise'
[    0.195745] thermal_sys: Registered thermal governor 'user_space'
[    0.195919] cpuidle: using governor menu
[    0.198115] PCI: Using configuration type 1 for base access
[    0.198800] PCI: Using configuration type 1 for extended access
[    0.199016] kprobes: kprobe jump-optimization is enabled. All kprobes are optimized if possible.
[    0.215924] HugeTLB: registered 1.00 GiB page size, pre-allocated 0 pages
[    0.216790] HugeTLB: 16380 KiB vmemmap can be freed for a 1.00 GiB page
[    0.216894] HugeTLB: registered 2.00 MiB page size, pre-allocated 0 pages
[    0.217735] HugeTLB: 28 KiB vmemmap can be freed for a 2.00 MiB page
[    0.219127] Demotion targets for Node 0: null
[    0.220229] ACPI: Added _OSI(Module Device)
[    0.220759] ACPI: Added _OSI(Processor Device)
[    0.220893] ACPI: Added _OSI(3.0 _SCP Extensions)
[    0.221477] ACPI: Added _OSI(Processor Aggregator Device)
[    0.246017] ACPI: 1 ACPI AML tables successfully acquired and loaded
[    0.248064] ACPI: _OSC evaluation for CPUs failed, trying _PDC
[    0.251087] ACPI: Interpreter enabled
[    0.251601] ACPI: PM: (supports S0 S3 S4 S5)
[    0.251893] ACPI: Using IOAPIC for interrupt routing
[    0.252561] PCI: Using host bridge windows from ACPI; if necessary, use "pci=nocrs" and report a bug
[    0.253893] PCI: Using E820 reservations for host bridge windows
[    0.255690] ACPI: Enabled 2 GPEs in block 00 to 0F
[    0.302903] ACPI: PCI Root Bridge [PCI0] (domain 0000 [bus 00-ff])
[    0.303699] acpi PNP0A03:00: _OSC: OS supports [ExtendedConfig ASPM ClockPM Segments MSI HPX-Type3]
[    0.305382] PCI host bridge to bus 0000:00
[    0.305896] pci_bus 0000:00: root bus resource [io  0x0000-0x0cf7 window]
[    0.306748] pci_bus 0000:00: root bus resource [io  0x0d00-0xffff window]
[    0.306895] pci_bus 0000:00: root bus resource [mem 0x000a0000-0x000bffff window]
[    0.307824] pci_bus 0000:00: root bus resource [mem 0x40000000-0xfebfffff window]
[    0.308896] pci_bus 0000:00: root bus resource [mem 0x100000000-0x17fffffff window]
[    0.309855] pci_bus 0000:00: root bus resource [bus 00-ff]
[    0.311036] pci 0000:00:00.0: [8086:1237] type 00 class 0x060000 conventional PCI endpoint
[    0.312738] pci 0000:00:01.0: [8086:7000] type 00 class 0x060100 conventional PCI endpoint
[    0.314782] pci 0000:00:01.1: [8086:7010] type 00 class 0x010180 conventional PCI endpoint
[    0.317894] pci 0000:00:01.1: BAR 4 [io  0xc0c0-0xc0cf]
[    0.319367] pci 0000:00:01.1: BAR 0 [io  0x01f0-0x01f7]: legacy IDE quirk
[    0.320894] pci 0000:00:01.1: BAR 1 [io  0x03f6]: legacy IDE quirk
[    0.321663] pci 0000:00:01.1: BAR 2 [io  0x0170-0x0177]: legacy IDE quirk
[    0.321893] pci 0000:00:01.1: BAR 3 [io  0x0376]: legacy IDE quirk
[    0.323348] pci 0000:00:01.3: [8086:7113] type 00 class 0x068000 conventional PCI endpoint
[    0.325150] pci 0000:00:01.3: quirk: [io  0x0600-0x063f] claimed by PIIX4 ACPI
[    0.325897] pci 0000:00:01.3: quirk: [io  0x0700-0x070f] claimed by PIIX4 SMB
[    0.328621] pci 0000:00:02.0: [1af4:1009] type 00 class 0x000200 conventional PCI endpoint
[    0.330894] pci 0000:00:02.0: BAR 0 [io  0xc000-0xc03f]
[    0.332570] pci 0000:00:02.0: BAR 1 [mem 0xfebfc000-0xfebfcfff]
[    0.336893] pci 0000:00:02.0: BAR 4 [mem 0xfebf0000-0xfebf3fff 64bit pref]
[    0.352124] pci 0000:00:03.0: [1af4:1009] type 00 class 0x000200 conventional PCI endpoint
[    0.353894] pci 0000:00:03.0: BAR 0 [io  0xc040-0xc07f]
[    0.356556] pci 0000:00:03.0: BAR 1 [mem 0xfebfd000-0xfebfdfff]
[    0.361588] pci 0000:00:03.0: BAR 4 [mem 0xfebf4000-0xfebf7fff 64bit pref]
[    0.375084] pci 0000:00:04.0: [8086:25ab] type 00 class 0x088000 conventional PCI endpoint
[    0.377273] pci 0000:00:04.0: BAR 0 [mem 0xfebfe000-0xfebfe00f]
[    0.391725] pci 0000:00:05.0: [1af4:1003] type 00 class 0x078000 conventional PCI endpoint
[    0.393894] pci 0000:00:05.0: BAR 0 [io  0xc080-0xc0bf]
[    0.395588] pci 0000:00:05.0: BAR 1 [mem 0xfebff000-0xfebfffff]
[    0.400894] pci 0000:00:05.0: BAR 4 [mem 0xfebf8000-0xfebfbfff 64bit pref]
[    0.418195] ACPI: PCI: Interrupt link LNKA configured for IRQ 10
[    0.419815] ACPI: PCI: Interrupt link LNKB configured for IRQ 10
[    0.420802] ACPI: PCI: Interrupt link LNKC configured for IRQ 11
[    0.422807] ACPI: PCI: Interrupt link LNKD configured for IRQ 11
[    0.424270] ACPI: PCI: Interrupt link LNKS configured for IRQ 9
[    0.442972] iommu: Default domain type: Translated
[    0.443575] iommu: DMA domain TLB invalidation policy: lazy mode
[    0.444348] SCSI subsystem initialized
[    0.445109] pps_core: LinuxPPS API ver. 1 registered
[    0.445736] pps_core: Software ver. 5.3.6 - Copyright 2005-2007 Rodolfo Giometti <giometti@linux.it>
[    0.446907] PTP clock support registered
[    0.448018] Advanced Linux Sound Architecture Driver Initialized.
[    0.449930] NET: Registered PF_ATMPVC protocol family
[    0.450571] NET: Registered PF_ATMSVC protocol family
[    0.450916] PCI: Using ACPI for IRQ routing
[    0.451926] vgaarb: loaded
[    0.452007] hpet0: at MMIO 0xfed00000, IRQs 2, 8, 0
[    0.452627] hpet0: 3 comparators, 64-bit 100.000000 MHz counter
[    0.457088] clocksource: Switched to clocksource kvm-clock
[    0.458083] VFS: Disk quotas dquot_6.6.0
[    0.458600] VFS: Dquot-cache hash table entries: 512 (order 0, 4096 bytes)
[    0.460156] pnp: PnP ACPI init
[    0.462877] pnp: PnP ACPI: found 5 devices
[    0.474793] clocksource: acpi_pm: mask: 0xffffff max_cycles: 0xffffff, max_idle_ns: 2085701024 ns
[    0.475963] NET: Registered PF_INET protocol family
[    0.476627] IP idents hash table entries: 16384 (order: 5, 131072 bytes, linear)
[    0.477937] tcp_listen_portaddr_hash hash table entries: 512 (order: 1, 8192 bytes, linear)
[    0.478990] Table-perturb hash table entries: 65536 (order: 6, 262144 bytes, linear)
[    0.479975] TCP established hash table entries: 8192 (order: 4, 65536 bytes, linear)
[    0.481033] TCP bind hash table entries: 8192 (order: 6, 262144 bytes, linear)
[    0.481951] TCP: Hash tables configured (established 8192 bind 8192)
[    0.482904] UDP hash table entries: 512 (order: 2, 16384 bytes, linear)
[    0.483768] UDP-Lite hash table entries: 512 (order: 2, 16384 bytes, linear)
[    0.484869] NET: Registered PF_UNIX/PF_LOCAL protocol family
[    0.485596] pci_bus 0000:00: resource 4 [io  0x0000-0x0cf7 window]
[    0.486374] pci_bus 0000:00: resource 5 [io  0x0d00-0xffff window]
[    0.487141] pci_bus 0000:00: resource 6 [mem 0x000a0000-0x000bffff window]
[    0.487999] pci_bus 0000:00: resource 7 [mem 0x40000000-0xfebfffff window]
[    0.488859] pci_bus 0000:00: resource 8 [mem 0x100000000-0x17fffffff window]
[    0.489960] pci 0000:00:01.0: PIIX3: Enabling Passive Release
[    0.490680] pci 0000:00:00.0: Limiting direct PCI/PCI transfers
[    0.491457] PCI: CLS 0 bytes, default 64
[    0.492012] kvm_intel: VMX not supported by CPU 23
[    0.492639] kvm_amd: TSC scaling supported
[    0.493149] kvm_amd: Nested Virtualization enabled
[    0.493751] kvm_amd: Nested Paging enabled
[    0.494266] kvm_amd: LBR virtualization supported
[    0.494858] kvm_amd: Virtual VMLOAD VMSAVE supported
[    0.495476] kvm_amd: Virtual GIF supported
[    0.495980] kvm_amd: Virtual NMI enabled
[    0.543212] Initialise system trusted keyrings
[    0.543910] workingset: timestamp_bits=56 max_order=18 bucket_order=0
[    0.544840] squashfs: version 4.0 (2009/01/31) Phillip Lougher
[    0.545595] fuse: init (API version 7.40)
[    0.546231] 9p: Installing v9fs 9p2000 file system support
[    0.556108] Key type asymmetric registered
[    0.556633] Asymmetric key parser 'x509' registered
[    0.557303] Block layer SCSI generic (bsg) driver version 0.4 loaded (major 249)
[    0.558269] io scheduler mq-deadline registered
[    0.558843] io scheduler kyber registered
[    0.561312] input: Power Button as /devices/LNXSYSTM:00/LNXPWRBN:00/input/input0
[    0.562469] ACPI: button: Power Button [PWRF]
[    0.563124] Warning: Processor Platform Limit event detected, but not handled.
[    0.564043] Consider compiling CPUfreq support into your kernel.
[    1.391941] ACPI: \_SB_.LNKB: Enabled at IRQ 10
[    2.214376] ACPI: \_SB_.LNKC: Enabled at IRQ 11
[    3.036140] ACPI: \_SB_.LNKA: Enabled at IRQ 10
[    3.037541] Serial: 8250/16550 driver, 4 ports, IRQ sharing enabled
[    3.038664] 00:03: ttyS0 at I/O 0x3f8 (irq = 4, base_baud = 115200) is a 16550A
[    3.060429] Non-volatile memory driver v1.3
[    3.060966] Linux agpgart interface v0.103
[    3.061516] printk: legacy console [hvc0] enabled
[    3.061668] ACPI: bus type drm_connector registered
          _      _                                    
   __   _(_)_ __| |_ _ __ ___   ___       _ __   __ _ 
   \ \ / / |  __| __|  _   _ \ / _ \_____|  _ \ / _  |
    \ V /| | |  | |_| | | | | |  __/_____| | | | (_| |
     \_/ |_|_|   \__|_| |_| |_|\___|     |_| |_|\__  |
                                                |___/ 
   kernel version: 6.10.0-rc4-virtme x86_64
   (CTRL+d to exit)

virtme-ng:/nipa-data/kernel# PS1='xx__-> '
xx__-> env
PWD=/nipa-data/kernel
nr_open=1048576
HOME=/root
TERM=xterm
SHLVL=2
XDG_RUNTIME_DIR=/run/user/0
PATH=/bin:/sbin:/usr/bin:/usr/sbin:/usr/local/bin
OLDPWD=/
_=/usr/bin/env
xx__-> 