No EFI environment detected.
early console in extract_kernel
input_data: 0x0000000004cb72c4
input_len: 0x00000000018d14ce
output: 0x0000000001000000
output_len: 0x0000000005512584
kernel_total_size: 0x0000000005030000
needed_size: 0x0000000005600000
trampoline_32bit: 0x0000000000000000
Physical KASLR using RDRAND RDTSC...
Virtual KASLR using RDRAND RDTSC...

Decompressing Linux... Parsing ELF... Performing relocations... done.
Booting the kernel (entry_offset: 0x0000000000000000).
[    0.000000] Linux version 6.12.0-rc2-virtme (root@0434727255a2) (gcc (Ubuntu 13.2.0-23ubuntu4) 13.2.0, GNU ld (GNU Binutils for Ubuntu) 2.42) #1 SMP PREEMPT_DYNAMIC Fri Oct 11 00:26:21 UTC 2024
[    0.000000] Command line: virtme_hostname=virtme-ng nr_open=1048576 virtme_link_mods=/nipa-data/kernel/.virtme_mods/lib/modules/0.0.0 virtme_initmount0=nipa-data/kernel virtme_rw_overlay0=/etc virtme_rw_overlay1=/lib virtme_rw_overlay2=/home virtme_rw_overlay3=/opt virtme_rw_overlay4=/srv virtme_rw_overlay5=/usr virtme_rw_overlay6=/var console=hvc0 earlyprintk=serial,ttyS0,115200 virtme_console=ttyS0 psmouse.proto=exps TERM=xterm virtme_chdir=nipa-data/kernel virtme_root_user=1 rootfstype=9p rootflags=version=9p2000.L,trans=virtio,access=any raid=noautodetect ro init=/usr/lib/python3/dist-packages/virtme/guest/virtme-init
[    0.000000] BIOS-provided physical RAM map:
[    0.000000] BIOS-e820: [mem 0x0000000000000000-0x000000000009fbff] usable
[    0.000000] BIOS-e820: [mem 0x000000000009fc00-0x000000000009ffff] reserved
[    0.000000] BIOS-e820: [mem 0x00000000000f0000-0x00000000000fffff] reserved
[    0.000000] BIOS-e820: [mem 0x0000000000100000-0x000000003ffdffff] usable
[    0.000000] BIOS-e820: [mem 0x000000003ffe0000-0x000000003fffffff] reserved
[    0.000000] BIOS-e820: [mem 0x00000000feffc000-0x00000000feffffff] reserved
[    0.000000] BIOS-e820: [mem 0x00000000fffc0000-0x00000000ffffffff] reserved
[    0.000000] BIOS-e820: [mem 0x000000fd00000000-0x000000ffffffffff] reserved
[    0.000000] printk: legacy bootconsole [earlyser0] enabled
[    0.000000] NX (Execute Disable) protection: active
[    0.000000] APIC: Static calls initialized
[    0.000000] SMBIOS 3.0.0 present.
[    0.000000] DMI: QEMU Ubuntu 24.04 PC (i440FX + PIIX, 1996), BIOS 1.16.3-debian-1.16.3-2 04/01/2014
[    0.000000] DMI: Memory slots populated: 1/1
[    0.000000] Hypervisor detected: KVM
[    0.000000] kvm-clock: Using msrs 4b564d01 and 4b564d00
[    0.000000] kvm-clock: using sched offset of 277964363 cycles
[    0.000342] clocksource: kvm-clock: mask: 0xffffffffffffffff max_cycles: 0x1cd42e4dffb, max_idle_ns: 881590591483 ns
[    0.001405] tsc: Detected 4491.560 MHz processor
[    0.002029] last_pfn = 0x3ffe0 max_arch_pfn = 0x400000000
[    0.002404] MTRR map: 4 entries (3 fixed + 1 variable; max 19), built from 8 variable MTRRs
[    0.002950] x86/PAT: Configuration [0-7]: WB  WC  UC- UC  WB  WP  UC- WT  
[    0.004822] found SMP MP-table at [mem 0x000f5470-0x000f547f]
[    0.005203] Using GB pages for direct mapping
[    0.005675] ACPI: Early table checksum verification disabled
[    0.006045] ACPI: RSDP 0x00000000000F5290 000014 (v00 BOCHS )
[    0.006426] ACPI: RSDT 0x000000003FFE27BC 000034 (v01 BOCHS  BXPC     00000001 BXPC 00000001)
[    0.006983] ACPI: FACP 0x000000003FFE2578 000074 (v01 BOCHS  BXPC     00000001 BXPC 00000001)
[    0.007546] ACPI: DSDT 0x000000003FFE0040 002538 (v01 BOCHS  BXPC     00000001 BXPC 00000001)
[    0.008105] ACPI: FACS 0x000000003FFE0000 000040
[    0.008408] ACPI: APIC 0x000000003FFE25EC 000170 (v03 BOCHS  BXPC     00000001 BXPC 00000001)
[    0.008968] ACPI: HPET 0x000000003FFE275C 000038 (v01 BOCHS  BXPC     00000001 BXPC 00000001)
[    0.009529] ACPI: WAET 0x000000003FFE2794 000028 (v01 BOCHS  BXPC     00000001 BXPC 00000001)
[    0.010083] ACPI: Reserving FACP table memory at [mem 0x3ffe2578-0x3ffe25eb]
[    0.010540] ACPI: Reserving DSDT table memory at [mem 0x3ffe0040-0x3ffe2577]
[    0.010998] ACPI: Reserving FACS table memory at [mem 0x3ffe0000-0x3ffe003f]
[    0.011455] ACPI: Reserving APIC table memory at [mem 0x3ffe25ec-0x3ffe275b]
[    0.011912] ACPI: Reserving HPET table memory at [mem 0x3ffe275c-0x3ffe2793]
[    0.012369] ACPI: Reserving WAET table memory at [mem 0x3ffe2794-0x3ffe27bb]
[    0.013008] No NUMA configuration found
[    0.013258] Faking a node at [mem 0x0000000000000000-0x000000003ffdffff]
[    0.013695] NODE_DATA(0) allocated [mem 0x3ffdb780-0x3ffdffff]
[    0.014089] Zone ranges:
[    0.014254]   DMA      [mem 0x0000000000001000-0x0000000000ffffff]
[    0.014662]   DMA32    [mem 0x0000000001000000-0x000000003ffdffff]
[    0.015067]   Normal   empty
[    0.015255]   Device   empty
[    0.015449] Movable zone start for each node
[    0.015726] Early memory node ranges
[    0.015959]   node   0: [mem 0x0000000000001000-0x000000000009efff]
[    0.016366]   node   0: [mem 0x0000000000100000-0x000000003ffdffff]
[    0.016777] Initmem setup node 0 [mem 0x0000000000001000-0x000000003ffdffff]
[    0.017239] On node 0, zone DMA: 1 pages in unavailable ranges
[    0.017670] On node 0, zone DMA: 97 pages in unavailable ranges
[    0.022073] On node 0, zone DMA32: 32 pages in unavailable ranges
[    0.030899] kasan: KernelAddressSanitizer initialized
[    0.031441] ACPI: PM-Timer IO Port: 0x608
[    0.031714] ACPI: LAPIC_NMI (acpi_id[0xff] dfl dfl lint[0x1])
[    0.032109] IOAPIC[0]: apic_id 0, version 17, address 0xfec00000, GSI 0-23
[    0.032564] ACPI: INT_SRC_OVR (bus 0 bus_irq 0 global_irq 2 dfl dfl)
[    0.032980] ACPI: INT_SRC_OVR (bus 0 bus_irq 5 global_irq 5 high level)
[    0.033412] ACPI: INT_SRC_OVR (bus 0 bus_irq 9 global_irq 9 high level)
[    0.033844] ACPI: INT_SRC_OVR (bus 0 bus_irq 10 global_irq 10 high level)
[    0.034286] ACPI: INT_SRC_OVR (bus 0 bus_irq 11 global_irq 11 high level)
[    0.034731] ACPI: Using ACPI (MADT) for SMP configuration information
[    0.035151] ACPI: HPET id: 0x8086a201 base: 0xfed00000
[    0.035492] TSC deadline timer available
[    0.035749] CPU topo: Max. logical packages:   1
[    0.036048] CPU topo: Max. logical dies:       1
[    0.036348] CPU topo: Max. dies per package:   1
[    0.036662] CPU topo: Max. threads per core:   1
[    0.036970] CPU topo: Num. cores per package:    32
[    0.037293] CPU topo: Num. threads per package:  32
[    0.037615] CPU topo: Allowing 32 present CPUs plus 0 hotplug CPUs
[    0.038038] kvm-guest: APIC: eoi() replaced with kvm_guest_apic_eoi_write()
[    0.038514] kvm-guest: KVM setup pv remote TLB flush
[    0.038838] kvm-guest: setup PV sched yield
[    0.039116] PM: hibernation: Registered nosave memory: [mem 0x00000000-0x00000fff]
[    0.039608] PM: hibernation: Registered nosave memory: [mem 0x0009f000-0x0009ffff]
[    0.040100] PM: hibernation: Registered nosave memory: [mem 0x000a0000-0x000effff]
[    0.040594] PM: hibernation: Registered nosave memory: [mem 0x000f0000-0x000fffff]
[    0.041087] [mem 0x40000000-0xfeffbfff] available for PCI devices
[    0.041484] Booting paravirtualized kernel on KVM
[    0.041791] clocksource: refined-jiffies: mask: 0xffffffff max_cycles: 0xffffffff, max_idle_ns: 1910969940391419 ns
[    0.050283] setup_percpu: NR_CPUS:64 nr_cpumask_bits:32 nr_cpu_ids:32 nr_node_ids:1
[    0.052007] percpu: Embedded 70 pages/cpu s248792 r8192 d29736 u524288
[    0.052505] Kernel command line: virtme_hostname=virtme-ng nr_open=1048576 virtme_link_mods=/nipa-data/kernel/.virtme_mods/lib/modules/0.0.0 virtme_initmount0=nipa-data/kernel virtme_rw_overlay0=/etc virtme_rw_overlay1=/lib virtme_rw_overlay2=/home virtme_rw_overlay3=/opt virtme_rw_overlay4=/srv virtme_rw_overlay5=/usr virtme_rw_overlay6=/var console=hvc0 earlyprintk=serial,ttyS0,115200 virtme_console=ttyS0 psmouse.proto=exps TERM=xterm virtme_chdir=nipa-data/kernel virtme_root_user=1 rootfstype=9p rootflags=version=9p2000.L,trans=virtio,access=any raid=noautodetect ro init=/usr/lib/python3/dist-packages/virtme/guest/virtme-init
[    0.056387] Unknown kernel command line parameters "virtme_hostname=virtme-ng nr_open=1048576 virtme_link_mods=/nipa-data/kernel/.virtme_mods/lib/modules/0.0.0 virtme_initmount0=nipa-data/kernel virtme_rw_overlay0=/etc virtme_rw_overlay1=/lib virtme_rw_overlay2=/home virtme_rw_overlay3=/opt virtme_rw_overlay4=/srv virtme_rw_overlay5=/usr virtme_rw_overlay6=/var virtme_console=ttyS0 virtme_chdir=nipa-data/kernel virtme_root_user=1", will be passed to user space.
[    0.059317] random: crng init done
[    0.059568] Dentry cache hash table entries: 131072 (order: 8, 1048576 bytes, linear)
[    0.060106] Inode-cache hash table entries: 65536 (order: 7, 524288 bytes, linear)
[    0.061026] Fallback order for Node 0: 0 
[    0.061030] Built 1 zonelists, mobility grouping on.  Total pages: 262014
[    0.061755] Policy zone: DMA32
[    0.061960] mem auto-init: stack:all(zero), heap alloc:off, heap free:off
[    0.062415] stackdepot: allocating hash table via alloc_large_system_hash
[    0.062871] stackdepot hash table entries: 1048576 (order: 12, 16777216 bytes, linear)
[    0.070759] SLUB: HWalign=64, Order=0-3, MinObjects=0, CPUs=32, Nodes=1
Poking KASLR using RDRAND RDTSC...
[    0.071492] ftrace: allocating 48609 entries in 190 pages
[    0.079860] ftrace: allocated 190 pages with 6 groups
[    0.081028] Dynamic Preempt: voluntary
[    0.081707] rcu: Preemptible hierarchical RCU implementation.
[    0.082088] rcu: RCU event tracing is enabled.
[    0.082387] rcu: RCU restricting CPUs from NR_CPUS=64 to nr_cpu_ids=32.
[    0.082831] Trampoline variant of Tasks RCU enabled.
[    0.083164] Rude variant of Tasks RCU enabled.
[    0.083468] Tracing variant of Tasks RCU enabled.
[    0.083786] rcu: RCU calculated value of scheduler-enlistment delay is 100 jiffies.
[    0.084295] rcu: Adjusting geometry for rcu_fanout_leaf=16, nr_cpu_ids=32
[    0.084825] RCU Tasks: Setting shift to 5 and lim to 1 rcu_task_cb_adjust=1 rcu_task_cpu_ids=32.
[    0.085409] RCU Tasks Rude: Setting shift to 5 and lim to 1 rcu_task_cb_adjust=1 rcu_task_cpu_ids=32.
[    0.086021] RCU Tasks Trace: Setting shift to 5 and lim to 1 rcu_task_cb_adjust=1 rcu_task_cpu_ids=32.
[    0.094564] NR_IRQS: 4352, nr_irqs: 680, preallocated irqs: 16
[    0.095200] rcu: srcu_init: Setting srcu_struct sizes based on contention.
[    0.095869] Console: colour *CGA 80x25
[    0.096151] ACPI: Core revision 20240827
[    0.096568] clocksource: hpet: mask: 0xffffffff max_cycles: 0xffffffff, max_idle_ns: 19112604467 ns
[    0.097242] APIC: Switch to symmetric I/O mode setup
[    0.097599] kvm-guest: APIC: send_IPI_mask() replaced with kvm_send_ipi_mask()
[    0.098087] kvm-guest: APIC: send_IPI_mask_allbutself() replaced with kvm_send_ipi_mask_allbutself()
[    0.098697] kvm-guest: setup PV IPIs
[    0.099754] ..TIMER: vector=0x30 apic1=0 pin1=2 apic2=-1 pin2=-1
[    0.100505] clocksource: tsc-early: mask: 0xffffffffffffffff max_cycles: 0x40be4320a4d, max_idle_ns: 440795288133 ns
[    0.101848] Calibrating delay loop (skipped) preset value.. 8983.12 BogoMIPS (lpj=4491560)
[    0.102909] x86/cpu: User Mode Instruction Prevention (UMIP) activated
[    0.103903] Last level iTLB entries: 4KB 512, 2MB 255, 4MB 127
[    0.104847] Last level dTLB entries: 4KB 512, 2MB 255, 4MB 127, 1GB 0
[    0.105851] Spectre V1 : Mitigation: usercopy/swapgs barriers and __user pointer sanitization
[    0.106851] Spectre V2 : Mitigation: Enhanced / Automatic IBRS
[    0.107551] Spectre V2 : Spectre v2 / SpectreRSB mitigation: Filling RSB on context switch
[    0.107848] Spectre V2 : mitigation: Enabling conditional Indirect Branch Prediction Barrier
[    0.108849] Speculative Store Bypass: Mitigation: Speculative Store Bypass disabled via prctl
[    0.109847] Speculative Return Stack Overflow: IBPB-extending microcode not applied!
[    0.110847] Speculative Return Stack Overflow: WARNING: See https://kernel.org/doc/html/latest/admin-guide/hw-vuln/srso.html for mitigation options.
[    0.110848] Speculative Return Stack Overflow: Vulnerable: Safe RET, no microcode
[    0.112861] x86/fpu: Supporting XSAVE feature 0x001: 'x87 floating point registers'
[    0.113847] x86/fpu: Supporting XSAVE feature 0x002: 'SSE registers'
[    0.114594] x86/fpu: Supporting XSAVE feature 0x004: 'AVX registers'
[    0.114847] x86/fpu: Supporting XSAVE feature 0x020: 'AVX-512 opmask'
[    0.115847] x86/fpu: Supporting XSAVE feature 0x040: 'AVX-512 Hi256'
[    0.116847] x86/fpu: Supporting XSAVE feature 0x080: 'AVX-512 ZMM_Hi256'
[    0.117847] x86/fpu: Supporting XSAVE feature 0x200: 'Protection Keys User registers'
[    0.118768] x86/fpu: xstate_offset[2]:  576, xstate_sizes[2]:  256
[    0.118847] x86/fpu: xstate_offset[5]:  832, xstate_sizes[5]:   64
[    0.119847] x86/fpu: xstate_offset[6]:  896, xstate_sizes[6]:  512
[    0.120847] x86/fpu: xstate_offset[7]: 1408, xstate_sizes[7]: 1024
[    0.121574] x86/fpu: xstate_offset[9]: 2432, xstate_sizes[9]:    8
[    0.121847] x86/fpu: Enabled xstate features 0x2e7, context size is 2440 bytes, using 'compacted' format.
[    0.143640] Freeing SMP alternatives memory: 40K
[    0.143849] pid_max: default: 32768 minimum: 301
[    0.144859] Mount-cache hash table entries: 2048 (order: 2, 16384 bytes, linear)
[    0.145724] Mountpoint-cache hash table entries: 2048 (order: 2, 16384 bytes, linear)
[    0.147241] smpboot: CPU0: AMD Ryzen 9 7950X 16-Core Processor (family: 0x19, model: 0x61, stepping: 0x2)
[    0.148295] Performance Events: Fam17h+ core perfctr, AMD PMU driver.
[    0.148851] ... version:                0
[    0.149322] ... bit width:              48
[    0.149809] ... generic registers:      6
[    0.149848] ... value mask:             0000ffffffffffff
[    0.150479] ... max period:             00007fffffffffff
[    0.150848] ... fixed-purpose events:   0
[    0.151316] ... event mask:             000000000000003f
[    0.151956] signal: max sigframe size: 3376
[    0.152491] rcu: Hierarchical SRCU implementation.
[    0.152849] rcu: Max phase no-delay instances is 400.
[    0.153522] Timer migration: 2 hierarchy levels; 8 children per group; 2 crossnode level
[    0.157481] smp: Bringing up secondary CPUs ...
[    0.158132] smpboot: x86: Booting SMP configuration:
[    0.158723] .... node  #0, CPUs:        #1  #2  #3  #4  #5  #6  #7  #8  #9 #10 #11 #12 #13 #14 #15 #16 #17 #18 #19 #20 #21 #22 #23 #24 #25 #26 #27 #28 #29 #30 #31
[    0.182947] smp: Brought up 1 node, 32 CPUs
[    0.184349] smpboot: Total of 32 processors activated (287459.84 BogoMIPS)
[    0.187977] Memory: 763424K/1048056K available (45056K kernel code, 11389K rwdata, 10012K rodata, 6000K init, 1788K bss, 269008K reserved, 0K cma-reserved)
[    0.188979] devtmpfs: initialized
[    0.189408] x86/mm: Memory block size: 128MB
[    0.195476] clocksource: jiffies: mask: 0xffffffff max_cycles: 0xffffffff, max_idle_ns: 1911260446275000 ns
[    0.195853] futex hash table entries: 8192 (order: 7, 524288 bytes, linear)
[    0.196975] PM: RTC time: 00:26:46, date: 2024-10-11
[    0.198290] NET: Registered PF_NETLINK/PF_ROUTE protocol family
[    0.199660] thermal_sys: Registered thermal governor 'step_wise'
[    0.199662] thermal_sys: Registered thermal governor 'user_space'
[    0.199874] cpuidle: using governor menu
[    0.202135] PCI: Using configuration type 1 for base access
[    0.202801] PCI: Using configuration type 1 for extended access
[    0.202971] kprobes: kprobe jump-optimization is enabled. All kprobes are optimized if possible.
[    0.222068] HugeTLB: registered 1.00 GiB page size, pre-allocated 0 pages
[    0.222849] HugeTLB: 16380 KiB vmemmap can be freed for a 1.00 GiB page
[    0.223664] HugeTLB: registered 2.00 MiB page size, pre-allocated 0 pages
[    0.223848] HugeTLB: 28 KiB vmemmap can be freed for a 2.00 MiB page
[    0.225308] ACPI: Added _OSI(Module Device)
[    0.225824] ACPI: Added _OSI(Processor Device)
[    0.226850] ACPI: Added _OSI(3.0 _SCP Extensions)
[    0.227423] ACPI: Added _OSI(Processor Aggregator Device)
[    0.251791] ACPI: 1 ACPI AML tables successfully acquired and loaded
[    0.256551] ACPI: Interpreter enabled
[    0.256904] ACPI: PM: (supports S0 S3 S4 S5)
[    0.257421] ACPI: Using IOAPIC for interrupt routing
[    0.257894] PCI: Using host bridge windows from ACPI; if necessary, use "pci=nocrs" and report a bug
[    0.258848] PCI: Using E820 reservations for host bridge windows
[    0.260580] ACPI: Enabled 2 GPEs in block 00 to 0F
[    0.305744] ACPI: PCI Root Bridge [PCI0] (domain 0000 [bus 00-ff])
[    0.305862] acpi PNP0A03:00: _OSC: OS supports [ExtendedConfig ASPM ClockPM Segments MSI HPX-Type3]
[    0.308319] PCI host bridge to bus 0000:00
[    0.308871] pci_bus 0000:00: root bus resource [io  0x0000-0x0cf7 window]
[    0.309700] pci_bus 0000:00: root bus resource [io  0x0d00-0xffff window]
[    0.309851] pci_bus 0000:00: root bus resource [mem 0x000a0000-0x000bffff window]
[    0.310772] pci_bus 0000:00: root bus resource [mem 0x40000000-0xfebfffff window]
[    0.311851] pci_bus 0000:00: root bus resource [mem 0x100000000-0x17fffffff window]
[    0.312783] pci_bus 0000:00: root bus resource [bus 00-ff]
[    0.313941] pci 0000:00:00.0: [8086:1237] type 00 class 0x060000 conventional PCI endpoint
[    0.315660] pci 0000:00:01.0: [8086:7000] type 00 class 0x060100 conventional PCI endpoint
[    0.317704] pci 0000:00:01.1: [8086:7010] type 00 class 0x010180 conventional PCI endpoint
[    0.319512] pci 0000:00:01.1: BAR 4 [io  0xc0c0-0xc0cf]
[    0.321531] pci 0000:00:01.1: BAR 0 [io  0x01f0-0x01f7]: legacy IDE quirk
[    0.321849] pci 0000:00:01.1: BAR 1 [io  0x03f6]: legacy IDE quirk
[    0.322605] pci 0000:00:01.1: BAR 2 [io  0x0170-0x0177]: legacy IDE quirk
[    0.323849] pci 0000:00:01.1: BAR 3 [io  0x0376]: legacy IDE quirk
[    0.325248] pci 0000:00:01.3: [8086:7113] type 00 class 0x068000 conventional PCI endpoint
[    0.326098] pci 0000:00:01.3: quirk: [io  0x0600-0x063f] claimed by PIIX4 ACPI
[    0.326853] pci 0000:00:01.3: quirk: [io  0x0700-0x070f] claimed by PIIX4 SMB
[    0.328423] pci 0000:00:02.0: [1af4:1009] type 00 class 0x000200 conventional PCI endpoint
[    0.330266] pci 0000:00:02.0: BAR 0 [io  0xc000-0xc03f]
[    0.331221] pci 0000:00:02.0: BAR 1 [mem 0xfebfc000-0xfebfcfff]
[    0.334849] pci 0000:00:02.0: BAR 4 [mem 0xfebf0000-0xfebf3fff 64bit pref]
[    0.347465] pci 0000:00:03.0: [1af4:1009] type 00 class 0x000200 conventional PCI endpoint
[    0.349240] pci 0000:00:03.0: BAR 0 [io  0xc040-0xc07f]
[    0.350187] pci 0000:00:03.0: BAR 1 [mem 0xfebfd000-0xfebfdfff]
[    0.351849] pci 0000:00:03.0: BAR 4 [mem 0xfebf4000-0xfebf7fff 64bit pref]
[    0.363739] pci 0000:00:04.0: [8086:25ab] type 00 class 0x088000 conventional PCI endpoint
[    0.365029] pci 0000:00:04.0: BAR 0 [mem 0xfebfe000-0xfebfe00f]
[    0.376904] pci 0000:00:05.0: [1af4:1003] type 00 class 0x078000 conventional PCI endpoint
[    0.378207] pci 0000:00:05.0: BAR 0 [io  0xc080-0xc0bf]
[    0.379144] pci 0000:00:05.0: BAR 1 [mem 0xfebff000-0xfebfffff]
[    0.380705] pci 0000:00:05.0: BAR 4 [mem 0xfebf8000-0xfebfbfff 64bit pref]
[    0.394990] ACPI: PCI: Interrupt link LNKA configured for IRQ 10
[    0.396576] ACPI: PCI: Interrupt link LNKB configured for IRQ 10
[    0.397712] ACPI: PCI: Interrupt link LNKC configured for IRQ 11
[    0.399710] ACPI: PCI: Interrupt link LNKD configured for IRQ 11
[    0.401212] ACPI: PCI: Interrupt link LNKS configured for IRQ 9
[    0.419055] iommu: Default domain type: Translated
[    0.419643] iommu: DMA domain TLB invalidation policy: lazy mode
[    0.420275] SCSI subsystem initialized
[    0.421041] pps_core: LinuxPPS API ver. 1 registered
[    0.421649] pps_core: Software ver. 5.3.6 - Copyright 2005-2007 Rodolfo Giometti <giometti@linux.it>
[    0.422862] PTP clock support registered
[    0.423986] Advanced Linux Sound Architecture Driver Initialized.
[    0.425874] NET: Registered PF_ATMPVC protocol family
[    0.426489] NET: Registered PF_ATMSVC protocol family
[    0.426883] PCI: Using ACPI for IRQ routing
[    0.427886] vgaarb: loaded
[    0.427960] hpet0: at MMIO 0xfed00000, IRQs 2, 8, 0
[    0.428563] hpet0: 3 comparators, 64-bit 100.000000 MHz counter
[    0.433043] clocksource: Switched to clocksource kvm-clock
[    0.437097] VFS: Disk quotas dquot_6.6.0
[    0.437594] VFS: Dquot-cache hash table entries: 512 (order 0, 4096 bytes)
[    0.439101] pnp: PnP ACPI init
[    0.441697] pnp: PnP ACPI: found 5 devices
[    0.453384] clocksource: acpi_pm: mask: 0xffffff max_cycles: 0xffffff, max_idle_ns: 2085701024 ns
[    0.454522] NET: Registered PF_INET protocol family
[    0.455152] IP idents hash table entries: 16384 (order: 5, 131072 bytes, linear)
[    0.456441] tcp_listen_portaddr_hash hash table entries: 512 (order: 1, 8192 bytes, linear)
[    0.457461] Table-perturb hash table entries: 65536 (order: 6, 262144 bytes, linear)
[    0.458414] TCP established hash table entries: 8192 (order: 4, 65536 bytes, linear)
[    0.459380] TCP bind hash table entries: 8192 (order: 6, 262144 bytes, linear)
[    0.460265] TCP: Hash tables configured (established 8192 bind 8192)
[    0.461189] UDP hash table entries: 512 (order: 2, 16384 bytes, linear)
[    0.462018] UDP-Lite hash table entries: 512 (order: 2, 16384 bytes, linear)
[    0.463079] NET: Registered PF_UNIX/PF_LOCAL protocol family
[    0.463783] pci_bus 0000:00: resource 4 [io  0x0000-0x0cf7 window]
[    0.464537] pci_bus 0000:00: resource 5 [io  0x0d00-0xffff window]
[    0.465292] pci_bus 0000:00: resource 6 [mem 0x000a0000-0x000bffff window]
[    0.466118] pci_bus 0000:00: resource 7 [mem 0x40000000-0xfebfffff window]
[    0.466951] pci_bus 0000:00: resource 8 [mem 0x100000000-0x17fffffff window]
[    0.467989] pci 0000:00:01.0: PIIX3: Enabling Passive Release
[    0.468691] pci 0000:00:00.0: Limiting direct PCI/PCI transfers
[    0.469444] PCI: CLS 0 bytes, default 64
[    0.469988] kvm_intel: VMX not supported by CPU 5
[    0.470711] kvm_amd: TSC scaling supported
[    0.471218] kvm_amd: Nested Virtualization enabled
[    0.471795] kvm_amd: Nested Paging enabled
[    0.472294] kvm_amd: LBR virtualization supported
[    0.472871] kvm_amd: Virtual VMLOAD VMSAVE supported
[    0.473472] kvm_amd: Virtual GIF supported
[    0.473963] kvm_amd: Virtual NMI enabled
[    0.504989] clocksource: tsc: mask: 0xffffffffffffffff max_cycles: 0x40be4320a4d, max_idle_ns: 440795288133 ns
[    0.523988] Initialise system trusted keyrings
[    0.524660] workingset: timestamp_bits=56 max_order=18 bucket_order=0
[    0.525553] squashfs: version 4.0 (2009/01/31) Phillip Lougher
[    0.526282] fuse: init (API version 7.41)
[    0.526904] 9p: Installing v9fs 9p2000 file system support
[    0.536434] Key type asymmetric registered
[    0.536938] Asymmetric key parser 'x509' registered
[    0.537592] Block layer SCSI generic (bsg) driver version 0.4 loaded (major 249)
[    0.538531] io scheduler mq-deadline registered
[    0.539084] io scheduler kyber registered
[    0.541493] input: Power Button as /devices/LNXSYSTM:00/LNXPWRBN:00/input/input0
[    0.542620] ACPI: button: Power Button [PWRF]
[    0.544448] Warning: Processor Platform Limit event detected, but not handled.
[    0.545341] Consider compiling CPUfreq support into your kernel.
[    1.331331] ACPI: \_SB_.LNKB: Enabled at IRQ 10
[    2.110345] ACPI: \_SB_.LNKC: Enabled at IRQ 11
[    2.894227] ACPI: \_SB_.LNKA: Enabled at IRQ 10
[    2.895654] Serial: 8250/16550 driver, 4 ports, IRQ sharing enabled
[    2.896763] 00:03: ttyS0 at I/O 0x3f8 (irq = 4, base_baud = 115200) is a 16550A
[    2.921165] Non-volatile memory driver v1.3
[    2.921714] Linux agpgart interface v0.103
[    2.922498] ACPI: bus type drm_connector registered
[    2.923147] printk: legacy console [hvc0] enabled
[    2.923749] printk: legacy bootconsole [earlyser0] disabled
          _      _                                    
   __   _(_)_ __| |_ _ __ ___   ___       _ __   __ _ 
   \ \ / / |  __| __|  _   _ \ / _ \_____|  _ \ / _  |
    \ V /| | |  | |_| | | | | |  __/_____| | | | (_| |
     \_/ |_|_|   \__|_| |_| |_|\___|     |_| |_|\__  |
                                                |___/ 
   kernel version: 6.12.0-rc2-virtme x86_64
   (CTRL+d to exit)

root@virtme-ng:/nipa-data/kernel# PS1='xx__-> '
xx__-> env
PWD=/nipa-data/kernel
nr_open=1048576
HOME=/
TERM=xterm
SHLVL=2
XDG_RUNTIME_DIR=/run/user/0
PATH=/bin:/sbin:/usr/bin:/usr/sbin:/usr/local/bin
OLDPWD=/
_=/bin/env
xx__-> 