No EFI environment detected.
early console in extract_kernel
input_data: 0x0000000004c872c4
input_len: 0x0000000001976e09
output: 0x0000000001000000
output_len: 0x00000000055877f4
kernel_total_size: 0x0000000005230000
needed_size: 0x0000000005600000
trampoline_32bit: 0x0000000000000000
Physical KASLR using RDRAND RDTSC...
Virtual KASLR using RDRAND RDTSC...

Decompressing Linux... Parsing ELF... Performing relocations... done.
Booting the kernel (entry_offset: 0x0000000002bc3f80).
[    0.000000] Linux version 6.15.0-rc4-virtme (root@fd4ea53948a3) (gcc (Ubuntu 13.3.0-6ubuntu2~24.04) 13.3.0, GNU ld (GNU Binutils for Ubuntu) 2.42) #1 SMP PREEMPT_DYNAMIC Sun May  4 15:27:07 UTC 2025
[    0.000000] Command line: virtme_hostname=virtme-ng nr_open=1048576 virtme_link_mods=/nipa-data/kernel/.virtme_mods/lib/modules/0.0.0 virtme_initmount0=nipa-data/kernel virtme_rw_overlay0=/etc virtme_rw_overlay1=/lib virtme_rw_overlay2=/home virtme_rw_overlay3=/opt virtme_rw_overlay4=/srv virtme_rw_overlay5=/usr virtme_rw_overlay6=/var console=hvc0 earlyprintk=serial,ttyS0,115200 virtme_console=ttyS0 psmouse.proto=exps TERM=xterm virtme_chdir=nipa-data/kernel virtme_root_user=1 rootfstype=9p rootflags=version=9p2000.L,trans=virtio,access=any raid=noautodetect ro init=/usr/lib/python3/dist-packages/virtme/guest/virtme-init
[    0.000000] BIOS-provided physical RAM map:
[    0.000000] BIOS-e820: [mem 0x0000000000000000-0x000000000009fbff] usable
[    0.000000] BIOS-e820: [mem 0x000000000009fc00-0x000000000009ffff] reserved
[    0.000000] BIOS-e820: [mem 0x00000000000f0000-0x00000000000fffff] reserved
[    0.000000] BIOS-e820: [mem 0x0000000000100000-0x000000003ffdffff] usable
[    0.000000] BIOS-e820: [mem 0x000000003ffe0000-0x000000003fffffff] reserved
[    0.000000] BIOS-e820: [mem 0x00000000feffc000-0x00000000feffffff] reserved
[    0.000000] BIOS-e820: [mem 0x00000000fffc0000-0x00000000ffffffff] reserved
[    0.000000] BIOS-e820: [mem 0x000000fd00000000-0x000000ffffffffff] reserved
[    0.000000] printk: legacy bootconsole [earlyser0] enabled
[    0.000000] NX (Execute Disable) protection: active
[    0.000000] APIC: Static calls initialized
[    0.000000] SMBIOS 3.0.0 present.
[    0.000000] DMI: QEMU Ubuntu 24.04 PC (i440FX + PIIX, 1996), BIOS 1.16.3-debian-1.16.3-2 04/01/2014
[    0.000000] DMI: Memory slots populated: 1/1
[    0.000000] Hypervisor detected: KVM
[    0.000000] kvm-clock: Using msrs 4b564d01 and 4b564d00
[    0.000000] kvm-clock: using sched offset of 242399062 cycles
[    0.000371] clocksource: kvm-clock: mask: 0xffffffffffffffff max_cycles: 0x1cd42e4dffb, max_idle_ns: 881590591483 ns
[    0.001526] tsc: Detected 4491.540 MHz processor
[    0.002200] last_pfn = 0x3ffe0 max_arch_pfn = 0x400000000
[    0.002603] MTRR map: 4 entries (3 fixed + 1 variable; max 19), built from 8 variable MTRRs
[    0.003198] x86/PAT: Configuration [0-7]: WB  WC  UC- UC  WB  WP  UC- WT  
[    0.005139] found SMP MP-table at [mem 0x000f5470-0x000f547f]
[    0.005548] Using GB pages for direct mapping
[    0.006009] ACPI: Early table checksum verification disabled
[    0.006408] ACPI: RSDP 0x00000000000F5290 000014 (v00 BOCHS )
[    0.006815] ACPI: RSDT 0x000000003FFE27BC 000034 (v01 BOCHS  BXPC     00000001 BXPC 00000001)
[    0.007420] ACPI: FACP 0x000000003FFE2578 000074 (v01 BOCHS  BXPC     00000001 BXPC 00000001)
[    0.008025] ACPI: DSDT 0x000000003FFE0040 002538 (v01 BOCHS  BXPC     00000001 BXPC 00000001)
[    0.008627] ACPI: FACS 0x000000003FFE0000 000040
[    0.008954] ACPI: APIC 0x000000003FFE25EC 000170 (v03 BOCHS  BXPC     00000001 BXPC 00000001)
[    0.009559] ACPI: HPET 0x000000003FFE275C 000038 (v01 BOCHS  BXPC     00000001 BXPC 00000001)
[    0.010163] ACPI: WAET 0x000000003FFE2794 000028 (v01 BOCHS  BXPC     00000001 BXPC 00000001)
[    0.010763] ACPI: Reserving FACP table memory at [mem 0x3ffe2578-0x3ffe25eb]
[    0.011266] ACPI: Reserving DSDT table memory at [mem 0x3ffe0040-0x3ffe2577]
[    0.011762] ACPI: Reserving FACS table memory at [mem 0x3ffe0000-0x3ffe003f]
[    0.012260] ACPI: Reserving APIC table memory at [mem 0x3ffe25ec-0x3ffe275b]
[    0.012755] ACPI: Reserving HPET table memory at [mem 0x3ffe275c-0x3ffe2793]
[    0.013252] ACPI: Reserving WAET table memory at [mem 0x3ffe2794-0x3ffe27bb]
[    0.013943] No NUMA configuration found
[    0.014216] Faking a node at [mem 0x0000000000000000-0x000000003ffdffff]
[    0.014689] NODE_DATA(0) allocated [mem 0x3ffdb600-0x3ffdffff]
[    0.015120] Zone ranges:
[    0.015299]   DMA      [mem 0x0000000000001000-0x0000000000ffffff]
[    0.015734]   DMA32    [mem 0x0000000001000000-0x000000003ffdffff]
[    0.016173]   Normal   empty
[    0.016376]   Device   empty
[    0.016579] Movable zone start for each node
[    0.016879] Early memory node ranges
[    0.017133]   node   0: [mem 0x0000000000001000-0x000000000009efff]
[    0.017575]   node   0: [mem 0x0000000000100000-0x000000003ffdffff]
[    0.018019] Initmem setup node 0 [mem 0x0000000000001000-0x000000003ffdffff]
[    0.018520] On node 0, zone DMA: 1 pages in unavailable ranges
[    0.018987] On node 0, zone DMA: 97 pages in unavailable ranges
[    0.023596] On node 0, zone DMA32: 32 pages in unavailable ranges
[    0.032851] kasan: KernelAddressSanitizer initialized
[    0.033442] ACPI: PM-Timer IO Port: 0x608
[    0.033737] ACPI: LAPIC_NMI (acpi_id[0xff] dfl dfl lint[0x1])
[    0.034166] IOAPIC[0]: apic_id 0, version 17, address 0xfec00000, GSI 0-23
[    0.034651] ACPI: INT_SRC_OVR (bus 0 bus_irq 0 global_irq 2 dfl dfl)
[    0.035102] ACPI: INT_SRC_OVR (bus 0 bus_irq 5 global_irq 5 high level)
[    0.035568] ACPI: INT_SRC_OVR (bus 0 bus_irq 9 global_irq 9 high level)
[    0.036038] ACPI: INT_SRC_OVR (bus 0 bus_irq 10 global_irq 10 high level)
[    0.036515] ACPI: INT_SRC_OVR (bus 0 bus_irq 11 global_irq 11 high level)
[    0.036999] ACPI: Using ACPI (MADT) for SMP configuration information
[    0.037452] ACPI: HPET id: 0x8086a201 base: 0xfed00000
[    0.037816] TSC deadline timer available
[    0.038098] CPU topo: Max. logical packages:   1
[    0.038422] CPU topo: Max. logical dies:       1
[    0.038747] CPU topo: Max. dies per package:   1
[    0.039078] CPU topo: Max. threads per core:   1
[    0.039403] CPU topo: Num. cores per package:    32
[    0.039746] CPU topo: Num. threads per package:  32
[    0.040092] CPU topo: Allowing 32 present CPUs plus 0 hotplug CPUs
[    0.040542] kvm-guest: APIC: eoi() replaced with kvm_guest_apic_eoi_write()
[    0.041047] kvm-guest: KVM setup pv remote TLB flush
[    0.041397] kvm-guest: setup PV sched yield
[    0.041698] PM: hibernation: Registered nosave memory: [mem 0x00000000-0x00000fff]
[    0.042239] PM: hibernation: Registered nosave memory: [mem 0x0009f000-0x000fffff]
[    0.042772] [mem 0x40000000-0xfeffbfff] available for PCI devices
[    0.043203] Booting paravirtualized kernel on KVM
[    0.043535] clocksource: refined-jiffies: mask: 0xffffffff max_cycles: 0xffffffff, max_idle_ns: 1910969940391419 ns
[    0.052330] setup_percpu: NR_CPUS:64 nr_cpumask_bits:32 nr_cpu_ids:32 nr_node_ids:1
[    0.054091] percpu: Embedded 65 pages/cpu s228056 r8192 d29992 u524288
[    0.054623] Kernel command line: virtme_hostname=virtme-ng nr_open=1048576 virtme_link_mods=/nipa-data/kernel/.virtme_mods/lib/modules/0.0.0 virtme_initmount0=nipa-data/kernel virtme_rw_overlay0=/etc virtme_rw_overlay1=/lib virtme_rw_overlay2=/home virtme_rw_overlay3=/opt virtme_rw_overlay4=/srv virtme_rw_overlay5=/usr virtme_rw_overlay6=/var console=hvc0 earlyprintk=serial,ttyS0,115200 virtme_console=ttyS0 psmouse.proto=exps TERM=xterm virtme_chdir=nipa-data/kernel virtme_root_user=1 rootfstype=9p rootflags=version=9p2000.L,trans=virtio,access=any raid=noautodetect ro init=/usr/lib/python3/dist-packages/virtme/guest/virtme-init
[    0.058797] Unknown kernel command line parameters "virtme_hostname=virtme-ng nr_open=1048576 virtme_link_mods=/nipa-data/kernel/.virtme_mods/lib/modules/0.0.0 virtme_initmount0=nipa-data/kernel virtme_rw_overlay0=/etc virtme_rw_overlay1=/lib virtme_rw_overlay2=/home virtme_rw_overlay3=/opt virtme_rw_overlay4=/srv virtme_rw_overlay5=/usr virtme_rw_overlay6=/var virtme_console=ttyS0 virtme_chdir=nipa-data/kernel virtme_root_user=1", will be passed to user space.
[    0.061943] random: crng init done
[    0.062193] printk: log buffer data + meta data: 262144 + 917504 = 1179648 bytes
[    0.062746] Dentry cache hash table entries: 131072 (order: 8, 1048576 bytes, linear)
[    0.063327] Inode-cache hash table entries: 65536 (order: 7, 524288 bytes, linear)
[    0.064284] Fallback order for Node 0: 0 
[    0.064288] Built 1 zonelists, mobility grouping on.  Total pages: 262014
[    0.065072] Policy zone: DMA32
[    0.065293] mem auto-init: stack:all(zero), heap alloc:off, heap free:off
[    0.065783] stackdepot: allocating hash table via alloc_large_system_hash
[    0.066277] stackdepot hash table entries: 1048576 (order: 12, 16777216 bytes, linear)
[    0.074366] SLUB: HWalign=64, Order=0-3, MinObjects=0, CPUs=32, Nodes=1
Poking KASLR using RDRAND RDTSC...
[    0.083827] ftrace: allocating 48941 entries in 192 pages
[    0.084223] ftrace: allocated 192 pages with 2 groups
[    0.085472] Dynamic Preempt: voluntary
[    0.086219] rcu: Preemptible hierarchical RCU implementation.
[    0.086634] rcu: RCU event tracing is enabled.
[    0.086960] rcu: RCU restricting CPUs from NR_CPUS=64 to nr_cpu_ids=32.
[    0.087451] Trampoline variant of Tasks RCU enabled.
[    0.087816] Rude variant of Tasks RCU enabled.
[    0.088147] Tracing variant of Tasks RCU enabled.
[    0.088495] rcu: RCU calculated value of scheduler-enlistment delay is 100 jiffies.
[    0.089048] rcu: Adjusting geometry for rcu_fanout_leaf=16, nr_cpu_ids=32
[    0.089607] RCU Tasks: Setting shift to 5 and lim to 1 rcu_task_cb_adjust=1 rcu_task_cpu_ids=32.
[    0.090244] RCU Tasks Rude: Setting shift to 5 and lim to 1 rcu_task_cb_adjust=1 rcu_task_cpu_ids=32.
[    0.090909] RCU Tasks Trace: Setting shift to 5 and lim to 1 rcu_task_cb_adjust=1 rcu_task_cpu_ids=32.
[    0.101211] NR_IRQS: 4352, nr_irqs: 680, preallocated irqs: 16
[    0.101882] rcu: srcu_init: Setting srcu_struct sizes based on contention.
[    0.102780] Console: colour *CGA 80x25
[    0.103136] ACPI: Core revision 20240827
[    0.103581] clocksource: hpet: mask: 0xffffffff max_cycles: 0xffffffff, max_idle_ns: 19112604467 ns
[    0.104309] APIC: Switch to symmetric I/O mode setup
[    0.104811] x2apic enabled
[    0.105199] APIC: Switched APIC routing to: physical x2apic
[    0.105600] kvm-guest: APIC: send_IPI_mask() replaced with kvm_send_ipi_mask()
[    0.106121] kvm-guest: APIC: send_IPI_mask_allbutself() replaced with kvm_send_ipi_mask_allbutself()
[    0.106755] kvm-guest: setup PV IPIs
[    0.107838] ..TIMER: vector=0x30 apic1=0 pin1=2 apic2=-1 pin2=-1
[    0.108626] clocksource: tsc-early: mask: 0xffffffffffffffff max_cycles: 0x40be2faf0ae, max_idle_ns: 440795257074 ns
[    0.109968] Calibrating delay loop (skipped) preset value.. 8983.08 BogoMIPS (lpj=4491540)
[    0.111034] x86/cpu: User Mode Instruction Prevention (UMIP) activated
[    0.112026] Last level iTLB entries: 4KB 512, 2MB 255, 4MB 127
[    0.112966] Last level dTLB entries: 4KB 512, 2MB 255, 4MB 127, 1GB 0
[    0.113971] Spectre V1 : Mitigation: usercopy/swapgs barriers and __user pointer sanitization
[    0.114970] Spectre V2 : Mitigation: Enhanced / Automatic IBRS
[    0.115969] Spectre V2 : mitigation: Enabling conditional Indirect Branch Prediction Barrier
[    0.116968] Speculative Store Bypass: Mitigation: Speculative Store Bypass disabled via prctl
[    0.117967] Speculative Return Stack Overflow: IBPB-extending microcode not applied!
[    0.118966] Speculative Return Stack Overflow: WARNING: See https://kernel.org/doc/html/latest/admin-guide/hw-vuln/srso.html for mitigation options.
[    0.118969] Speculative Return Stack Overflow: Vulnerable: Safe RET, no microcode
[    0.120981] x86/fpu: Supporting XSAVE feature 0x001: 'x87 floating point registers'
[    0.121966] x86/fpu: Supporting XSAVE feature 0x002: 'SSE registers'
[    0.122966] x86/fpu: Supporting XSAVE feature 0x004: 'AVX registers'
[    0.123966] x86/fpu: Supporting XSAVE feature 0x020: 'AVX-512 opmask'
[    0.124966] x86/fpu: Supporting XSAVE feature 0x040: 'AVX-512 Hi256'
[    0.125966] x86/fpu: Supporting XSAVE feature 0x080: 'AVX-512 ZMM_Hi256'
[    0.126797] x86/fpu: Supporting XSAVE feature 0x200: 'Protection Keys User registers'
[    0.126967] x86/fpu: xstate_offset[2]:  576, xstate_sizes[2]:  256
[    0.127966] x86/fpu: xstate_offset[5]:  832, xstate_sizes[5]:   64
[    0.128966] x86/fpu: xstate_offset[6]:  896, xstate_sizes[6]:  512
[    0.129966] x86/fpu: xstate_offset[7]: 1408, xstate_sizes[7]: 1024
[    0.130966] x86/fpu: xstate_offset[9]: 2432, xstate_sizes[9]:    8
[    0.131733] x86/fpu: Enabled xstate features 0x2e7, context size is 2440 bytes, using 'compacted' format.
[    0.153770] Freeing SMP alternatives memory: 40K
[    0.153968] pid_max: default: 32768 minimum: 301
[    0.155075] Mount-cache hash table entries: 2048 (order: 2, 16384 bytes, linear)
[    0.155968] Mountpoint-cache hash table entries: 2048 (order: 2, 16384 bytes, linear)
[    0.157635] smpboot: CPU0: AMD Ryzen 9 7950X 16-Core Processor (family: 0x19, model: 0x61, stepping: 0x2)
[    0.158417] Performance Events: Fam17h+ core perfctr, AMD PMU driver.
[    0.158970] ... version:                0
[    0.159467] ... bit width:              48
[    0.159968] ... generic registers:      6
[    0.160468] ... value mask:             0000ffffffffffff
[    0.160968] ... max period:             00007fffffffffff
[    0.161629] ... fixed-purpose events:   0
[    0.161968] ... event mask:             000000000000003f
[    0.162782] signal: max sigframe size: 3376
[    0.163014] rcu: Hierarchical SRCU implementation.
[    0.163606] rcu: Max phase no-delay instances is 400.
[    0.164055] Timer migration: 2 hierarchy levels; 8 children per group; 2 crossnode level
[    0.168881] smp: Bringing up secondary CPUs ...
[    0.169158] smpboot: x86: Booting SMP configuration:
[    0.169776] .... node  #0, CPUs:        #1  #2  #3  #4  #5  #6  #7  #8  #9 #10 #11 #12 #13 #14 #15 #16 #17 #18 #19 #20 #21 #22 #23 #24 #25 #26 #27 #28 #29 #30 #31
[    0.195084] smp: Brought up 1 node, 32 CPUs
[    0.196500] smpboot: Total of 32 processors activated (287458.56 BogoMIPS)
[    0.201077] Memory: 761600K/1048056K available (44816K kernel code, 11587K rwdata, 10272K rodata, 6156K init, 1324K bss, 270676K reserved, 0K cma-reserved)
[    0.202103] devtmpfs: initialized
[    0.203013] x86/mm: Memory block size: 128MB
[    0.210228] clocksource: jiffies: mask: 0xffffffff max_cycles: 0xffffffff, max_idle_ns: 1911260446275000 ns
[    0.210972] posixtimers hash table entries: 16384 (order: 6, 262144 bytes, linear)
[    0.211940] futex hash table entries: 8192 (order: 7, 524288 bytes, linear)
[    0.212355] PM: RTC time: 15:27:29, date: 2025-05-04
[    0.213767] NET: Registered PF_NETLINK/PF_ROUTE protocol family
[    0.214869] thermal_sys: Registered thermal governor 'step_wise'
[    0.214900] cpuidle: using governor menu
[    0.216969] PCI: Using configuration type 1 for base access
[    0.217676] PCI: Using configuration type 1 for extended access
[    0.218112] kprobes: kprobe jump-optimization is enabled. All kprobes are optimized if possible.
[    0.234044] HugeTLB: allocation took 0ms with hugepage_allocation_threads=8
[    0.234956] HugeTLB: registered 1.00 GiB page size, pre-allocated 0 pages
[    0.234968] HugeTLB: 16380 KiB vmemmap can be freed for a 1.00 GiB page
[    0.235970] HugeTLB: registered 2.00 MiB page size, pre-allocated 0 pages
[    0.236969] HugeTLB: 28 KiB vmemmap can be freed for a 2.00 MiB page
[    0.238345] ACPI: Added _OSI(Module Device)
[    0.238969] ACPI: Added _OSI(Processor Device)
[    0.239521] ACPI: Added _OSI(3.0 _SCP Extensions)
[    0.239969] ACPI: Added _OSI(Processor Aggregator Device)
[    0.265388] ACPI: 1 ACPI AML tables successfully acquired and loaded
[    0.270985] ACPI: Interpreter enabled
[    0.271501] ACPI: PM: (supports S0 S3 S4 S5)
[    0.271968] ACPI: Using IOAPIC for interrupt routing
[    0.272626] PCI: Using host bridge windows from ACPI; if necessary, use "pci=nocrs" and report a bug
[    0.273968] PCI: Using E820 reservations for host bridge windows
[    0.275824] ACPI: Enabled 2 GPEs in block 00 to 0F
[    0.325363] ACPI: PCI Root Bridge [PCI0] (domain 0000 [bus 00-ff])
[    0.325982] acpi PNP0A03:00: _OSC: OS supports [ExtendedConfig ASPM ClockPM Segments MSI HPX-Type3]
[    0.327517] PCI host bridge to bus 0000:00
[    0.328026] pci_bus 0000:00: root bus resource [io  0x0000-0x0cf7 window]
[    0.328862] pci_bus 0000:00: root bus resource [io  0x0d00-0xffff window]
[    0.329971] pci_bus 0000:00: root bus resource [mem 0x000a0000-0x000bffff window]
[    0.330896] pci_bus 0000:00: root bus resource [mem 0x40000000-0xfebfffff window]
[    0.331971] pci_bus 0000:00: root bus resource [mem 0x100000000-0x17fffffff window]
[    0.332920] pci_bus 0000:00: root bus resource [bus 00-ff]
[    0.334067] pci 0000:00:00.0: [8086:1237] type 00 class 0x060000 conventional PCI endpoint
[    0.335901] pci 0000:00:01.0: [8086:7000] type 00 class 0x060100 conventional PCI endpoint
[    0.337879] pci 0000:00:01.1: [8086:7010] type 00 class 0x010180 conventional PCI endpoint
[    0.339405] pci 0000:00:01.1: BAR 4 [io  0xc0c0-0xc0cf]
[    0.339988] pci 0000:00:01.1: BAR 0 [io  0x01f0-0x01f7]: legacy IDE quirk
[    0.340824] pci 0000:00:01.1: BAR 1 [io  0x03f6]: legacy IDE quirk
[    0.340968] pci 0000:00:01.1: BAR 2 [io  0x0170-0x0177]: legacy IDE quirk
[    0.341801] pci 0000:00:01.1: BAR 3 [io  0x0376]: legacy IDE quirk
[    0.343691] pci 0000:00:01.3: [8086:7113] type 00 class 0x068000 conventional PCI endpoint
[    0.345191] pci 0000:00:01.3: quirk: [io  0x0600-0x063f] claimed by PIIX4 ACPI
[    0.345973] pci 0000:00:01.3: quirk: [io  0x0700-0x070f] claimed by PIIX4 SMB
[    0.347624] pci 0000:00:02.0: [1af4:1009] type 00 class 0x000200 conventional PCI endpoint
[    0.349968] pci 0000:00:02.0: BAR 0 [io  0xc000-0xc03f]
[    0.350613] pci 0000:00:02.0: BAR 1 [mem 0xfebfc000-0xfebfcfff]
[    0.350983] pci 0000:00:02.0: BAR 4 [mem 0xfebf0000-0xfebf3fff 64bit pref]
[    0.363881] pci 0000:00:03.0: [1af4:1009] type 00 class 0x000200 conventional PCI endpoint
[    0.365973] pci 0000:00:03.0: BAR 0 [io  0xc040-0xc07f]
[    0.366624] pci 0000:00:03.0: BAR 1 [mem 0xfebfd000-0xfebfdfff]
[    0.366984] pci 0000:00:03.0: BAR 4 [mem 0xfebf4000-0xfebf7fff 64bit pref]
[    0.379962] pci 0000:00:04.0: [8086:25ab] type 00 class 0x088000 conventional PCI endpoint
[    0.381326] pci 0000:00:04.0: BAR 0 [mem 0xfebfe000-0xfebfe00f]
[    0.393808] pci 0000:00:05.0: [1af4:1003] type 00 class 0x078000 conventional PCI endpoint
[    0.395725] pci 0000:00:05.0: BAR 0 [io  0xc080-0xc0bf]
[    0.396974] pci 0000:00:05.0: BAR 1 [mem 0xfebff000-0xfebfffff]
[    0.397718] pci 0000:00:05.0: BAR 4 [mem 0xfebf8000-0xfebfbfff 64bit pref]
[    0.412372] ACPI: PCI: Interrupt link LNKA configured for IRQ 10
[    0.413949] ACPI: PCI: Interrupt link LNKB configured for IRQ 10
[    0.415933] ACPI: PCI: Interrupt link LNKC configured for IRQ 11
[    0.417924] ACPI: PCI: Interrupt link LNKD configured for IRQ 11
[    0.419366] ACPI: PCI: Interrupt link LNKS configured for IRQ 9
[    0.439189] iommu: Default domain type: Translated
[    0.439785] iommu: DMA domain TLB invalidation policy: lazy mode
[    0.440443] SCSI subsystem initialized
[    0.441198] pps_core: LinuxPPS API ver. 1 registered
[    0.441899] pps_core: Software ver. 5.3.6 - Copyright 2005-2007 Rodolfo Giometti <giometti@linux.it>
[    0.442986] PTP clock support registered
[    0.444118] Advanced Linux Sound Architecture Driver Initialized.
[    0.446127] NET: Registered PF_ATMPVC protocol family
[    0.446748] NET: Registered PF_ATMSVC protocol family
[    0.447007] PCI: Using ACPI for IRQ routing
[    0.447701] vgaarb: loaded
[    0.449093] hpet0: at MMIO 0xfed00000, IRQs 2, 8, 0
[    0.449704] hpet0: 3 comparators, 64-bit 100.000000 MHz counter
[    0.453545] clocksource: Switched to clocksource kvm-clock
[    0.458002] VFS: Disk quotas dquot_6.6.0
[    0.458498] VFS: Dquot-cache hash table entries: 512 (order 0, 4096 bytes)
[    0.460226] pnp: PnP ACPI init
[    0.463097] pnp: PnP ACPI: found 5 devices
[    0.473830] clocksource: acpi_pm: mask: 0xffffff max_cycles: 0xffffff, max_idle_ns: 2085701024 ns
[    0.474965] NET: Registered PF_INET protocol family
[    0.475600] IP idents hash table entries: 16384 (order: 5, 131072 bytes, linear)
[    0.476890] tcp_listen_portaddr_hash hash table entries: 512 (order: 1, 8192 bytes, linear)
[    0.477923] Table-perturb hash table entries: 65536 (order: 6, 262144 bytes, linear)
[    0.478883] TCP established hash table entries: 8192 (order: 4, 65536 bytes, linear)
[    0.479831] TCP bind hash table entries: 8192 (order: 6, 262144 bytes, linear)
[    0.480716] TCP: Hash tables configured (established 8192 bind 8192)
[    0.481745] UDP hash table entries: 512 (order: 3, 32768 bytes, linear)
[    0.482547] UDP-Lite hash table entries: 512 (order: 3, 32768 bytes, linear)
[    0.483637] NET: Registered PF_UNIX/PF_LOCAL protocol family
[    0.484333] pci_bus 0000:00: resource 4 [io  0x0000-0x0cf7 window]
[    0.485087] pci_bus 0000:00: resource 5 [io  0x0d00-0xffff window]
[    0.485839] pci_bus 0000:00: resource 6 [mem 0x000a0000-0x000bffff window]
[    0.486668] pci_bus 0000:00: resource 7 [mem 0x40000000-0xfebfffff window]
[    0.487488] pci_bus 0000:00: resource 8 [mem 0x100000000-0x17fffffff window]
[    0.488544] pci 0000:00:01.0: PIIX3: Enabling Passive Release
[    0.489240] pci 0000:00:00.0: Limiting direct PCI/PCI transfers
[    0.489992] PCI: CLS 0 bytes, default 64
[    0.490586] kvm_intel: VMX not supported by CPU 25
[    0.491185] kvm_amd: TSC scaling supported
[    0.491686] kvm_amd: Nested Virtualization enabled
[    0.492258] kvm_amd: Nested Paging enabled
[    0.492757] kvm_amd: LBR virtualization supported
[    0.493328] kvm_amd: Virtual GIF supported
[    0.493827] kvm_amd: Virtual NMI enabled
[    0.537826] clocksource: tsc: mask: 0xffffffffffffffff max_cycles: 0x40be2faf0ae, max_idle_ns: 440795257074 ns
[    0.555844] Initialise system trusted keyrings
[    0.556484] workingset: timestamp_bits=56 max_order=18 bucket_order=0
[    0.557408] squashfs: version 4.0 (2009/01/31) Phillip Lougher
[    0.558145] fuse: init (API version 7.43)
[    0.558768] 9p: Installing v9fs 9p2000 file system support
[    0.568742] Key type asymmetric registered
[    0.569251] Asymmetric key parser 'x509' registered
[    0.569914] Block layer SCSI generic (bsg) driver version 0.4 loaded (major 249)
[    0.570854] io scheduler mq-deadline registered
[    0.571400] io scheduler kyber registered
[    0.573816] input: Power Button as /devices/LNXSYSTM:00/LNXPWRBN:00/input/input0
[    0.574963] ACPI: button: Power Button [PWRF]
[    0.576872] Warning: Processor Platform Limit event detected, but not handled.
[    0.577801] Consider compiling CPUfreq support into your kernel.
[    1.452400] ACPI: \_SB_.LNKB: Enabled at IRQ 10
[    2.320226] ACPI: \_SB_.LNKC: Enabled at IRQ 11
[    3.216760] ACPI: \_SB_.LNKA: Enabled at IRQ 10
[    3.218201] Serial: 8250/16550 driver, 4 ports, IRQ sharing enabled
[    3.219353] 00:03: ttyS0 at I/O 0x3f8 (irq = 4, base_baud = 115200) is a 16550A
[    3.235080] Non-volatile memory driver v1.3
[    3.235634] Linux agpgart interface v0.103
[    3.236429] ACPI: bus type drm_connector registered
[    3.237824] printk: legacy console [hvc0] enabled
[    3.238434] printk: legacy bootconsole [earlyser0] disabled
          _      _                                    
   __   _(_)_ __| |_ _ __ ___   ___       _ __   __ _ 
   \ \ / / |  __| __|  _   _ \ / _ \_____|  _ \ / _  |
    \ V /| | |  | |_| | | | | |  __/_____| | | | (_| |
     \_/ |_|_|   \__|_| |_| |_|\___|     |_| |_|\__  |
                                                |___/ 
   kernel version: 6.15.0-rc4-virtme x86_64
   (CTRL+d to exit)

root@virtme-ng:/nipa-data/kernel# PS1='xx__-> '
xx__-> env
PWD=/nipa-data/kernel
nr_open=1048576
HOME=/
TERM=xterm
SHLVL=2
XDG_RUNTIME_DIR=/run/user/0
PATH=/bin:/sbin:/usr/bin:/usr/sbin:/usr/local/bin
OLDPWD=/
_=/bin/env
xx__-> 