No EFI environment detected.
early console in extract_kernel
input_data: 0x000000000513e2b9
input_len: 0x00000000018a4f70
output: 0x0000000001000000
output_len: 0x00000000053fa3a0
kernel_total_size: 0x0000000005a30000
needed_size: 0x0000000005c00000
trampoline_32bit: 0x0000000000000000
Physical KASLR using RDRAND RDTSC...
Virtual KASLR using RDRAND RDTSC...

Decompressing Linux... Parsing ELF... Performing relocations... done.
Booting the kernel (entry_offset: 0x0000000000000000).
[    0.000000] Linux version 6.8.0-rc3-virtme (root@e864da927ccb) (gcc (Alpine 13.2.1_git20231014) 13.2.1 20231014, GNU ld (GNU Binutils) 2.41) #1 SMP PREEMPT_DYNAMIC Tue Feb 13 00:26:43 UTC 2024
[    0.000000] Command line: virtme_hostname=virtme-ng virtme_link_mods=/nipa-data/kernel/.virtme_mods/lib/modules/0.0.0 virtme_initmount0=nipa-data/kernel virtme_rw_overlay0=/etc virtme_rw_overlay1=/lib virtme_rw_overlay2=/home virtme_rw_overlay3=/opt virtme_rw_overlay4=/srv virtme_rw_overlay5=/usr virtme_rw_overlay6=/var earlyprintk=serial,ttyS0,115200 console=ttyS0 psmouse.proto=exps TERM=xterm virtme_chdir=nipa-data/kernel virtme_root_user=1 rootfstype=9p rootflags=version=9p2000.L,trans=virtio,access=any raid=noautodetect ro init=/usr/lib/python3.11/site-packages/virtme/guest/virtme-init
[    0.000000] BIOS-provided physical RAM map:
[    0.000000] BIOS-e820: [mem 0x0000000000000000-0x000000000009fbff] usable
[    0.000000] BIOS-e820: [mem 0x000000000009fc00-0x000000000009ffff] reserved
[    0.000000] BIOS-e820: [mem 0x00000000000f0000-0x00000000000fffff] reserved
[    0.000000] BIOS-e820: [mem 0x0000000000100000-0x000000003ffdffff] usable
[    0.000000] BIOS-e820: [mem 0x000000003ffe0000-0x000000003fffffff] reserved
[    0.000000] BIOS-e820: [mem 0x00000000feffc000-0x00000000feffffff] reserved
[    0.000000] BIOS-e820: [mem 0x00000000fffc0000-0x00000000ffffffff] reserved
[    0.000000] BIOS-e820: [mem 0x000000fd00000000-0x000000ffffffffff] reserved
[    0.000000] printk: legacy bootconsole [earlyser0] enabled
[    0.000000] NX (Execute Disable) protection: active
[    0.000000] APIC: Static calls initialized
[    0.000000] SMBIOS 3.0.0 present.
[    0.000000] DMI: QEMU Standard PC (i440FX + PIIX, 1996), BIOS rel-1.16.3-0-ga6ed6b701f0a-prebuilt.qemu.org 04/01/2014
[    0.000000] Hypervisor detected: KVM
[    0.000000] kvm-clock: Using msrs 4b564d01 and 4b564d00
[    0.000001] kvm-clock: using sched offset of 379672405 cycles
[    0.000404] clocksource: kvm-clock: mask: 0xffffffffffffffff max_cycles: 0x1cd42e4dffb, max_idle_ns: 881590591483 ns
[    0.001652] tsc: Detected 4491.536 MHz processor
[    0.002403] last_pfn = 0x3ffe0 max_arch_pfn = 0x400000000
[    0.002839] MTRR map: 4 entries (3 fixed + 1 variable; max 19), built from 8 variable MTRRs
[    0.003481] x86/PAT: Configuration [0-7]: WB  WC  UC- UC  WB  WP  UC- WT  
[    0.005550] found SMP MP-table at [mem 0x000f5470-0x000f547f]
[    0.005996] Using GB pages for direct mapping
[    0.006621] ACPI: Early table checksum verification disabled
[    0.007058] ACPI: RSDP 0x00000000000F5290 000014 (v00 BOCHS )
[    0.007497] ACPI: RSDT 0x000000003FFE27B6 000034 (v01 BOCHS  BXPC     00000001 BXPC 00000001)
[    0.008156] ACPI: FACP 0x000000003FFE2572 000074 (v01 BOCHS  BXPC     00000001 BXPC 00000001)
[    0.008804] ACPI: DSDT 0x000000003FFE0040 002532 (v01 BOCHS  BXPC     00000001 BXPC 00000001)
[    0.009461] ACPI: FACS 0x000000003FFE0000 000040
[    0.009811] ACPI: APIC 0x000000003FFE25E6 000170 (v03 BOCHS  BXPC     00000001 BXPC 00000001)
[    0.010463] ACPI: HPET 0x000000003FFE2756 000038 (v01 BOCHS  BXPC     00000001 BXPC 00000001)
[    0.011120] ACPI: WAET 0x000000003FFE278E 000028 (v01 BOCHS  BXPC     00000001 BXPC 00000001)
[    0.011767] ACPI: Reserving FACP table memory at [mem 0x3ffe2572-0x3ffe25e5]
[    0.012306] ACPI: Reserving DSDT table memory at [mem 0x3ffe0040-0x3ffe2571]
[    0.012842] ACPI: Reserving FACS table memory at [mem 0x3ffe0000-0x3ffe003f]
[    0.013384] ACPI: Reserving APIC table memory at [mem 0x3ffe25e6-0x3ffe2755]
[    0.013917] ACPI: Reserving HPET table memory at [mem 0x3ffe2756-0x3ffe278d]
[    0.014460] ACPI: Reserving WAET table memory at [mem 0x3ffe278e-0x3ffe27b5]
[    0.015243] No NUMA configuration found
[    0.015536] Faking a node at [mem 0x0000000000000000-0x000000003ffdffff]
[    0.016050] NODE_DATA(0) allocated [mem 0x3ffdb000-0x3ffdffff]
[    0.016510] Zone ranges:
[    0.016701]   DMA      [mem 0x0000000000001000-0x0000000000ffffff]
[    0.017185]   DMA32    [mem 0x0000000001000000-0x000000003ffdffff]
[    0.017652]   Normal   empty
[    0.017871]   Device   empty
[    0.018100] Movable zone start for each node
[    0.018422] Early memory node ranges
[    0.018692]   node   0: [mem 0x0000000000001000-0x000000000009efff]
[    0.019175]   node   0: [mem 0x0000000000100000-0x000000003ffdffff]
[    0.019651] Initmem setup node 0 [mem 0x0000000000001000-0x000000003ffdffff]
[    0.020303] On node 0, zone DMA: 1 pages in unavailable ranges
[    0.020815] On node 0, zone DMA: 97 pages in unavailable ranges
[    0.025610] On node 0, zone DMA32: 32 pages in unavailable ranges
[    0.035813] kasan: KernelAddressSanitizer initialized
[    0.036446] ACPI: PM-Timer IO Port: 0x608
[    0.036765] ACPI: LAPIC_NMI (acpi_id[0xff] dfl dfl lint[0x1])
[    0.037237] IOAPIC[0]: apic_id 0, version 17, address 0xfec00000, GSI 0-23
[    0.037760] ACPI: INT_SRC_OVR (bus 0 bus_irq 0 global_irq 2 dfl dfl)
[    0.038247] ACPI: INT_SRC_OVR (bus 0 bus_irq 5 global_irq 5 high level)
[    0.038747] ACPI: INT_SRC_OVR (bus 0 bus_irq 9 global_irq 9 high level)
[    0.039257] ACPI: INT_SRC_OVR (bus 0 bus_irq 10 global_irq 10 high level)
[    0.039766] ACPI: INT_SRC_OVR (bus 0 bus_irq 11 global_irq 11 high level)
[    0.040284] ACPI: Using ACPI (MADT) for SMP configuration information
[    0.040773] ACPI: HPET id: 0x8086a201 base: 0xfed00000
[    0.041164] TSC deadline timer available
[    0.041471] smpboot: Allowing 32 CPUs, 0 hotplug CPUs
[    0.041880] kvm-guest: APIC: eoi() replaced with kvm_guest_apic_eoi_write()
[    0.042429] kvm-guest: KVM setup pv remote TLB flush
[    0.042805] kvm-guest: setup PV sched yield
[    0.043131] PM: hibernation: Registered nosave memory: [mem 0x00000000-0x00000fff]
[    0.043706] PM: hibernation: Registered nosave memory: [mem 0x0009f000-0x0009ffff]
[    0.044279] PM: hibernation: Registered nosave memory: [mem 0x000a0000-0x000effff]
[    0.044850] PM: hibernation: Registered nosave memory: [mem 0x000f0000-0x000fffff]
[    0.045428] [mem 0x40000000-0xfeffbfff] available for PCI devices
[    0.045886] Booting paravirtualized kernel on KVM
[    0.046247] clocksource: refined-jiffies: mask: 0xffffffff max_cycles: 0xffffffff, max_idle_ns: 1910969940391419 ns
[    0.055225] setup_percpu: NR_CPUS:64 nr_cpumask_bits:32 nr_cpu_ids:32 nr_node_ids:1
[    0.057073] percpu: Embedded 70 pages/cpu s249696 r8192 d28832 u524288
[    0.057657] Kernel command line: virtme_hostname=virtme-ng virtme_link_mods=/nipa-data/kernel/.virtme_mods/lib/modules/0.0.0 virtme_initmount0=nipa-data/kernel virtme_rw_overlay0=/etc virtme_rw_overlay1=/lib virtme_rw_overlay2=/home virtme_rw_overlay3=/opt virtme_rw_overlay4=/srv virtme_rw_overlay5=/usr virtme_rw_overlay6=/var earlyprintk=serial,ttyS0,115200 console=ttyS0 psmouse.proto=exps TERM=xterm virtme_chdir=nipa-data/kernel virtme_root_user=1 rootfstype=9p rootflags=version=9p2000.L,trans=virtio,access=any raid=noautodetect ro init=/usr/lib/python3.11/site-packages/virtme/guest/virtme-init
[    0.061883] Unknown kernel command line parameters "virtme_hostname=virtme-ng virtme_link_mods=/nipa-data/kernel/.virtme_mods/lib/modules/0.0.0 virtme_initmount0=nipa-data/kernel virtme_rw_overlay0=/etc virtme_rw_overlay1=/lib virtme_rw_overlay2=/home virtme_rw_overlay3=/opt virtme_rw_overlay4=/srv virtme_rw_overlay5=/usr virtme_rw_overlay6=/var virtme_chdir=nipa-data/kernel virtme_root_user=1", will be passed to user space.
[    0.065060] random: crng init done
[    0.065436] Dentry cache hash table entries: 131072 (order: 8, 1048576 bytes, linear)
[    0.066064] Inode-cache hash table entries: 65536 (order: 7, 524288 bytes, linear)
[    0.067104] Fallback order for Node 0: 0 
[    0.067110] Built 1 zonelists, mobility grouping on.  Total pages: 257760
[    0.067965] Policy zone: DMA32
[    0.068209] mem auto-init: stack:all(zero), heap alloc:off, heap free:off
[    0.068739] stackdepot: allocating hash table via alloc_large_system_hash
[    0.069288] stackdepot hash table entries: 1048576 (order: 12, 16777216 bytes, linear)
[    0.084013] Memory: 767248K/1048056K available (43008K kernel code, 12324K rwdata, 10088K rodata, 5936K init, 13344K bss, 280552K reserved, 0K cma-reserved)
[    0.085385] SLUB: HWalign=64, Order=0-3, MinObjects=0, CPUs=32, Nodes=1
Poking KASLR using RDRAND RDTSC...
[    0.086234] ftrace: allocating 46722 entries in 183 pages
[    0.095085] ftrace: allocated 183 pages with 6 groups
[    0.096788] Dynamic Preempt: voluntary
[    0.097616] Running RCU self tests
[    0.097881] Running RCU synchronous self tests
[    0.098253] rcu: Preemptible hierarchical RCU implementation.
[    0.098696] rcu: RCU event tracing is enabled.
[    0.099046] rcu: RCU lockdep checking is enabled.
[    0.099425] rcu: RCU restricting CPUs from NR_CPUS=64 to nr_cpu_ids=32.
[    0.099943] Trampoline variant of Tasks RCU enabled.
[    0.100338] Rude variant of Tasks RCU enabled.
[    0.100687] Tracing variant of Tasks RCU enabled.
[    0.101108] rcu: RCU calculated value of scheduler-enlistment delay is 100 jiffies.
[    0.101700] rcu: Adjusting geometry for rcu_fanout_leaf=16, nr_cpu_ids=32
[    0.102341] Running RCU synchronous self tests
[    0.111654] NR_IRQS: 4352, nr_irqs: 680, preallocated irqs: 16
[    0.112415] rcu: srcu_init: Setting srcu_struct sizes based on contention.
[    0.113291] Console: colour *CGA 80x25
[    0.113616] printk: legacy console [ttyS0] enabled
[    0.113616] printk: legacy console [ttyS0] enabled
[    0.114361] printk: legacy bootconsole [earlyser0] disabled
[    0.114361] printk: legacy bootconsole [earlyser0] disabled
[    0.115236] Lock dependency validator: Copyright (c) 2006 Red Hat, Inc., Ingo Molnar
[    0.115839] ... MAX_LOCKDEP_SUBCLASSES:  8
[    0.116162] ... MAX_LOCK_DEPTH:          48
[    0.116491] ... MAX_LOCKDEP_KEYS:        8192
[    0.116836] ... CLASSHASH_SIZE:          4096
[    0.117178] ... MAX_LOCKDEP_ENTRIES:     32768
[    0.117527] ... MAX_LOCKDEP_CHAINS:      65536
[    0.117876] ... CHAINHASH_SIZE:          32768
[    0.118225]  memory used by lock dependency info: 6429 kB
[    0.118647]  memory used for stack traces: 4224 kB
[    0.119023]  per task-struct memory footprint: 1920 bytes
[    0.119499] ACPI: Core revision 20230628
[    0.120062] clocksource: hpet: mask: 0xffffffff max_cycles: 0xffffffff, max_idle_ns: 19112604467 ns
[    0.120915] APIC: Switch to symmetric I/O mode setup
[    0.121326] APIC: Switched APIC routing to: physical flat
[    0.121754] kvm-guest: APIC: send_IPI_mask() replaced with kvm_send_ipi_mask()
[    0.122323] kvm-guest: APIC: send_IPI_mask_allbutself() replaced with kvm_send_ipi_mask_allbutself()
[    0.123045] kvm-guest: setup PV IPIs
[    0.124333] ..TIMER: vector=0x30 apic1=0 pin1=2 apic2=-1 pin2=-1
[    0.125183] tsc: Marking TSC unstable due to TSCs unsynchronized
[    0.126024] Calibrating delay loop (skipped) preset value.. 8983.07 BogoMIPS (lpj=4491536)
[    0.127079] x86/cpu: User Mode Instruction Prevention (UMIP) activated
[    0.128085] Last level iTLB entries: 4KB 512, 2MB 255, 4MB 127
[    0.129016] Last level dTLB entries: 4KB 512, 2MB 255, 4MB 127, 1GB 0
[    0.130022] Spectre V1 : Mitigation: usercopy/swapgs barriers and __user pointer sanitization
[    0.131020] Spectre V2 : Mitigation: Enhanced / Automatic IBRS
[    0.131805] Spectre V2 : Spectre v2 / SpectreRSB mitigation: Filling RSB on context switch
[    0.132019] Spectre V2 : mitigation: Enabling conditional Indirect Branch Prediction Barrier
[    0.133018] Speculative Store Bypass: Mitigation: Speculative Store Bypass disabled via prctl
[    0.134017] Speculative Return Stack Overflow: IBPB-extending microcode not applied!
[    0.135016] Speculative Return Stack Overflow: WARNING: See https://kernel.org/doc/html/latest/admin-guide/hw-vuln/srso.html for mitigation options.
[    0.135018] Speculative Return Stack Overflow: Vulnerable: Safe RET, no microcode
[    0.137038] x86/fpu: Supporting XSAVE feature 0x001: 'x87 floating point registers'
[    0.138016] x86/fpu: Supporting XSAVE feature 0x002: 'SSE registers'
[    0.139016] x86/fpu: Supporting XSAVE feature 0x004: 'AVX registers'
[    0.140016] x86/fpu: Supporting XSAVE feature 0x020: 'AVX-512 opmask'
[    0.140864] x86/fpu: Supporting XSAVE feature 0x040: 'AVX-512 Hi256'
[    0.141016] x86/fpu: Supporting XSAVE feature 0x080: 'AVX-512 ZMM_Hi256'
[    0.142016] x86/fpu: Supporting XSAVE feature 0x200: 'Protection Keys User registers'
[    0.143016] x86/fpu: xstate_offset[2]:  576, xstate_sizes[2]:  256
[    0.144016] x86/fpu: xstate_offset[5]:  832, xstate_sizes[5]:   64
[    0.145016] x86/fpu: xstate_offset[6]:  896, xstate_sizes[6]:  512
[    0.146016] x86/fpu: xstate_offset[7]: 1408, xstate_sizes[7]: 1024
[    0.147016] x86/fpu: xstate_offset[9]: 2432, xstate_sizes[9]:    8
[    0.147836] x86/fpu: Enabled xstate features 0x2e7, context size is 2440 bytes, using 'compacted' format.
[    0.173548] Freeing SMP alternatives memory: 36K
[    0.174019] pid_max: default: 32768 minimum: 301
[    0.175110] Mount-cache hash table entries: 2048 (order: 2, 16384 bytes, linear)
[    0.176019] Mountpoint-cache hash table entries: 2048 (order: 2, 16384 bytes, linear)
[    0.178536] Running RCU synchronous self tests
[    0.179021] Running RCU synchronous self tests
[    0.180076] smpboot: CPU0: AMD Ryzen 9 7950X 16-Core Processor (family: 0x19, model: 0x61, stepping: 0x2)
[    0.181838] RCU Tasks: Setting shift to 5 and lim to 1 rcu_task_cb_adjust=1.
[    0.182077] RCU Tasks Rude: Setting shift to 5 and lim to 1 rcu_task_cb_adjust=1.
[    0.183096] RCU Tasks Trace: Setting shift to 5 and lim to 1 rcu_task_cb_adjust=1.
[    0.184081] Running RCU Tasks wait API self tests
[    0.290154] Running RCU Tasks Rude wait API self tests
[    0.291181] Running RCU Tasks Trace wait API self tests
[    0.292124] Performance Events: Fam17h+ core perfctr, AMD PMU driver.
[    0.293032] ... version:                0
[    0.293710] ... bit width:              48
[    0.294021] ... generic registers:      6
[    0.294700] ... value mask:             0000ffffffffffff
[    0.295021] ... max period:             00007fffffffffff
[    0.295914] ... fixed-purpose events:   0
[    0.296021] ... event mask:             000000000000003f
[    0.297376] signal: max sigframe size: 3376
[    0.298075] Callback from call_rcu_tasks_trace() invoked.
[    0.299230] rcu: Hierarchical SRCU implementation.
[    0.300022] rcu: Max phase no-delay instances is 400.
[    0.309353] smp: Bringing up secondary CPUs ...
[    0.310795] smpboot: x86: Booting SMP configuration:
[    0.311030] .... node  #0, CPUs:        #1  #2  #3  #4  #5  #6  #7  #8  #9 #10 #11 #12 #13 #14 #15 #16 #17 #18 #19 #20 #21 #22 #23 #24 #25 #26 #27 #28 #29 #30 #31
[    0.353196] smp: Brought up 1 node, 32 CPUs
[    0.354619] smpboot: Max logical packages: 1
[    0.355020] smpboot: Total of 32 processors activated (287458.30 BogoMIPS)
[    0.365447] devtmpfs: initialized
[    0.366290] x86/mm: Memory block size: 128MB
[    0.377480] Running RCU synchronous self tests
[    0.378129] Running RCU synchronous self tests
[    0.378891] clocksource: jiffies: mask: 0xffffffff max_cycles: 0xffffffff, max_idle_ns: 1911260446275000 ns
[    0.380030] futex hash table entries: 8192 (order: 8, 1048576 bytes, linear)
[    0.381941] PM: RTC time: 00:27:23, date: 2024-02-13
[    0.383702] NET: Registered PF_NETLINK/PF_ROUTE protocol family
[    0.385947] thermal_sys: Registered thermal governor 'step_wise'
[    0.385952] thermal_sys: Registered thermal governor 'user_space'
[    0.386114] cpuidle: using governor menu
[    0.389500] PCI: Using configuration type 1 for base access
[    0.390020] PCI: Using configuration type 1 for extended access
[    0.391063] kprobes: kprobe jump-optimization is enabled. All kprobes are optimized if possible.
[    0.396390] HugeTLB: registered 1.00 GiB page size, pre-allocated 0 pages
[    0.397023] HugeTLB: 16380 KiB vmemmap can be freed for a 1.00 GiB page
[    0.399022] HugeTLB: registered 2.00 MiB page size, pre-allocated 0 pages
[    0.400020] HugeTLB: 28 KiB vmemmap can be freed for a 2.00 MiB page
[    0.403578] ACPI: Added _OSI(Module Device)
[    0.404023] ACPI: Added _OSI(Processor Device)
[    0.404783] ACPI: Added _OSI(3.0 _SCP Extensions)
[    0.406024] ACPI: Added _OSI(Processor Aggregator Device)
[    0.408571] Callback from call_rcu_tasks_rude() invoked.
[    0.447895] ACPI: 1 ACPI AML tables successfully acquired and loaded
[    0.452342] ACPI: _OSC evaluation for CPUs failed, trying _PDC
[    0.456445] ACPI: Interpreter enabled
[    0.457095] ACPI: PM: (supports S0 S3 S4 S5)
[    0.457682] ACPI: Using IOAPIC for interrupt routing
[    0.458115] PCI: Using host bridge windows from ACPI; if necessary, use "pci=nocrs" and report a bug
[    0.460020] PCI: Using E820 reservations for host bridge windows
[    0.462527] ACPI: Enabled 2 GPEs in block 00 to 0F
[    0.514125] Callback from call_rcu_tasks() invoked.
[    0.533211] ACPI: PCI Root Bridge [PCI0] (domain 0000 [bus 00-ff])
[    0.534043] acpi PNP0A03:00: _OSC: OS supports [ExtendedConfig ASPM ClockPM Segments MSI HPX-Type3]
[    0.536462] PCI host bridge to bus 0000:00
[    0.537025] pci_bus 0000:00: root bus resource [io  0x0000-0x0cf7 window]
[    0.537947] pci_bus 0000:00: root bus resource [io  0x0d00-0xffff window]
[    0.539023] pci_bus 0000:00: root bus resource [mem 0x000a0000-0x000bffff window]
[    0.540023] pci_bus 0000:00: root bus resource [mem 0x40000000-0xfebfffff window]
[    0.541025] pci_bus 0000:00: root bus resource [mem 0x100000000-0x17fffffff window]
[    0.542024] pci_bus 0000:00: root bus resource [bus 00-ff]
[    0.543034] pci 0000:00:00.0: [8086:1237] type 00 class 0x060000 conventional PCI endpoint
[    0.545477] pci 0000:00:01.0: [8086:7000] type 00 class 0x060100 conventional PCI endpoint
[    0.548299] pci 0000:00:01.1: [8086:7010] type 00 class 0x010180 conventional PCI endpoint
[    0.551020] pci 0000:00:01.1: BAR 4 [io  0xc080-0xc08f]
[    0.553528] pci 0000:00:01.1: BAR 0 [io  0x01f0-0x01f7]: legacy IDE quirk
[    0.554021] pci 0000:00:01.1: BAR 1 [io  0x03f6]: legacy IDE quirk
[    0.554855] pci 0000:00:01.1: BAR 2 [io  0x0170-0x0177]: legacy IDE quirk
[    0.556020] pci 0000:00:01.1: BAR 3 [io  0x0376]: legacy IDE quirk
[    0.557859] pci 0000:00:01.3: [8086:7113] type 00 class 0x068000 conventional PCI endpoint
[    0.559335] pci 0000:00:01.3: quirk: [io  0x0600-0x063f] claimed by PIIX4 ACPI
[    0.561026] pci 0000:00:01.3: quirk: [io  0x0700-0x070f] claimed by PIIX4 SMB
[    0.563028] pci 0000:00:02.0: [1af4:1009] type 00 class 0x000200 conventional PCI endpoint
[    0.565020] pci 0000:00:02.0: BAR 0 [io  0xc000-0xc03f]
[    0.567708] pci 0000:00:02.0: BAR 1 [mem 0xfebfd000-0xfebfdfff]
[    0.572749] pci 0000:00:02.0: BAR 4 [mem 0xfebf4000-0xfebf7fff 64bit pref]
[    0.589405] pci 0000:00:03.0: [1af4:1009] type 00 class 0x000200 conventional PCI endpoint
[    0.592020] pci 0000:00:03.0: BAR 0 [io  0xc040-0xc07f]
[    0.593702] pci 0000:00:03.0: BAR 1 [mem 0xfebfe000-0xfebfefff]
[    0.599020] pci 0000:00:03.0: BAR 4 [mem 0xfebf8000-0xfebfbfff 64bit pref]
[    0.615038] pci 0000:00:04.0: [8086:25ab] type 00 class 0x088000 conventional PCI endpoint
[    0.616416] pci 0000:00:04.0: BAR 0 [mem 0xfebff000-0xfebff00f]
[    0.639102] ACPI: PCI: Interrupt link LNKA configured for IRQ 10
[    0.641154] ACPI: PCI: Interrupt link LNKB configured for IRQ 10
[    0.643137] ACPI: PCI: Interrupt link LNKC configured for IRQ 11
[    0.645108] ACPI: PCI: Interrupt link LNKD configured for IRQ 11
[    0.646411] ACPI: PCI: Interrupt link LNKS configured for IRQ 9
[    0.671727] iommu: Default domain type: Translated
[    0.672020] iommu: DMA domain TLB invalidation policy: lazy mode
[    0.673848] SCSI subsystem initialized
[    0.675441] pps_core: LinuxPPS API ver. 1 registered
[    0.676022] pps_core: Software ver. 5.3.6 - Copyright 2005-2007 Rodolfo Giometti <giometti@linux.it>
[    0.677046] PTP clock support registered
[    0.678277] Advanced Linux Sound Architecture Driver Initialized.
[    0.681078] NET: Registered PF_ATMPVC protocol family
[    0.681769] NET: Registered PF_ATMSVC protocol family
[    0.683068] PCI: Using ACPI for IRQ routing
[    0.684254] vgaarb: loaded
[    0.685234] hpet0: at MMIO 0xfed00000, IRQs 2, 8, 0
[    0.685245] hpet0: 3 comparators, 64-bit 100.000000 MHz counter
[    0.691533] clocksource: Switched to clocksource kvm-clock
[    0.694099] VFS: Disk quotas dquot_6.6.0
[    0.694846] VFS: Dquot-cache hash table entries: 512 (order 0, 4096 bytes)
[    0.696625] pnp: PnP ACPI init
[    0.701984] pnp: PnP ACPI: found 5 devices
[    0.721962] clocksource: acpi_pm: mask: 0xffffff max_cycles: 0xffffff, max_idle_ns: 2085701024 ns
[    0.723301] NET: Registered PF_INET protocol family
[    0.724052] IP idents hash table entries: 16384 (order: 5, 131072 bytes, linear)
[    0.726058] tcp_listen_portaddr_hash hash table entries: 512 (order: 3, 36864 bytes, linear)
[    0.727224] Table-perturb hash table entries: 65536 (order: 6, 262144 bytes, linear)
[    0.728346] TCP established hash table entries: 8192 (order: 4, 65536 bytes, linear)
[    0.729567] TCP bind hash table entries: 8192 (order: 8, 1179648 bytes, linear)
[    0.731122] TCP: Hash tables configured (established 8192 bind 8192)
[    0.732330] UDP hash table entries: 512 (order: 4, 81920 bytes, linear)
[    0.733273] UDP-Lite hash table entries: 512 (order: 4, 81920 bytes, linear)
[    0.734722] NET: Registered PF_UNIX/PF_LOCAL protocol family
[    0.735527] pci_bus 0000:00: resource 4 [io  0x0000-0x0cf7 window]
[    0.736356] pci_bus 0000:00: resource 5 [io  0x0d00-0xffff window]
[    0.737190] pci_bus 0000:00: resource 6 [mem 0x000a0000-0x000bffff window]
[    0.738111] pci_bus 0000:00: resource 7 [mem 0x40000000-0xfebfffff window]
[    0.739028] pci_bus 0000:00: resource 8 [mem 0x100000000-0x17fffffff window]
[    0.740318] pci 0000:00:01.0: PIIX3: Enabling Passive Release
[    0.741106] pci 0000:00:00.0: Limiting direct PCI/PCI transfers
[    0.741948] PCI: CLS 0 bytes, default 64
[    0.742593] kvm_intel: VMX not supported by CPU 6
[    0.743795] kvm_amd: TSC scaling supported
[    0.744387] kvm_amd: Nested Virtualization enabled
[    0.745027] kvm_amd: Nested Paging enabled
[    0.745620] kvm_amd: Virtual VMLOAD VMSAVE supported
[    0.746299] kvm_amd: Virtual GIF supported
[    0.746847] kvm_amd: Virtual NMI enabled
[    0.747384] kvm_amd: LBR virtualization supported
[    0.873881] workingset: timestamp_bits=56 max_order=18 bucket_order=0
[    0.875077] squashfs: version 4.0 (2009/01/31) Phillip Lougher
[    0.875912] fuse: init (API version 7.39)
[    0.876725] 9p: Installing v9fs 9p2000 file system support
[    0.877765] Key type asymmetric registered
[    0.878433] Block layer SCSI generic (bsg) driver version 0.4 loaded (major 249)
[    0.879535] io scheduler mq-deadline registered
[    0.880155] io scheduler kyber registered
[    0.882874] input: Power Button as /devices/LNXSYSTM:00/LNXPWRBN:00/input/input0
[    0.884613] ACPI: button: Power Button [PWRF]
[    0.885501] Warning: Processor Platform Limit event detected, but not handled.
[    0.886481] Consider compiling CPUfreq support into your kernel.
[    1.984056] ACPI: \_SB_.LNKB: Enabled at IRQ 10
[    3.079278] ACPI: \_SB_.LNKC: Enabled at IRQ 11
[    3.081345] Serial: 8250/16550 driver, 4 ports, IRQ sharing enabled
[    3.083085] 00:03: ttyS0 at I/O 0x3f8 (irq = 4, base_baud = 115200) is a 16550A
[    3.088744] Non-volatile memory driver v1.3
[    3.089335] Linux agpgart interface v0.103
[    3.090316] ACPI: bus type drm_connector registered
[    3.134956] loop: module loaded
[    3.139616] scsi host0: ata_piix
[    3.141208] scsi host1: ata_piix
[    3.142025] ata1: PATA max MWDMA2 cmd 0x1f0 ctl 0x3f6 bmdma 0xc080 irq 14 lpm-pol 0
[    3.143071] ata2: PATA max MWDMA2 cmd 0x170 ctl 0x376 bmdma 0xc088 irq 15 lpm-pol 0
[    3.147089] i8042: PNP: PS/2 Controller [PNP0303:KBD,PNP0f13:MOU] at 0x60,0x64 irq 1,12
[    3.149130] serio: i8042 KBD port at 0x60,0x64 irq 1
[    3.149867] serio: i8042 AUX port at 0x60,0x64 irq 12
[    3.152854] input: AT Translated Set 2 keyboard as /devices/platform/i8042/serio0/input/input1
[    3.155219] rtc_cmos 00:04: RTC can wake from S4
[    3.157845] rtc_cmos 00:04: registered as rtc0
[    3.158646] rtc_cmos 00:04: setting system clock to 2024-02-13T00:27:26 UTC (1707784046)
[    3.159979] rtc_cmos 00:04: alarms up to one day, y3k, 242 bytes nvram, hpet irqs
[    3.163056] i6300ESB timer 0000:00:04.0: initialized. heartbeat=30 sec (nowayout=0)
[    3.164714] device-mapper: ioctl: 4.48.0-ioctl (2023-03-01) initialised: dm-devel@redhat.com
[    3.167771] input: ImExPS/2 Generic Explorer Mouse as /devices/platform/i8042/serio1/input/input3
[    3.170746] NET: Registered PF_PACKET protocol family
[    3.171490] 9pnet: Installing 9P2000 support
[    3.174182] Key type dns_resolver registered
[    3.185372] IPI shorthand broadcast: enabled
[    3.224018] sched_clock: Marking stable (3214003721, 9060753)->(3241990413, -18925939)
[    3.225768] registered taskstats version 1
[    3.257501] PM:   Magic number: 12:872:455
[    3.258204] printk: legacy console [netcon0] enabled
[    3.258869] netconsole: network logging started
[    3.259943] ALSA device list:
[    3.260449]   No soundcards found.
[    3.297350] ata2: found unknown device (class 0)
[    3.298452] ata2.00: ATAPI: QEMU DVD-ROM, 2.5+, max UDMA/100
[    3.300965] scsi 1:0:0:0: CD-ROM            QEMU     QEMU DVD-ROM     2.5+ PQ: 0 ANSI: 5
[    3.310886] scsi 1:0:0:0: Attached scsi generic sg0 type 5
[    3.312246] md: Skipping autodetection of RAID arrays. (raid=autodetect will force)
[    3.313321] 9pnet_virtio: no channels available for device 
[    3.315468] VFS: Mounted root (9p filesystem) readonly on device 0:19.
[    3.316678] devtmpfs: mounted
[    3.325838] Freeing unused kernel image (initmem) memory: 5936K
[    3.326578] Write protecting the kernel read-only data: 53248k
[    3.327966] Freeing unused kernel image (rodata/data gap) memory: 152K
[    3.366850] x86/mm: Checked W+X mappings: passed, no W+X pages found.
[    3.367622] Run /usr/lib/python3.11/site-packages/virtme/guest/virtme-init as init process
[    3.435076] mount (268) used greatest stack depth: 26144 bytes left
[    3.597632] mount (282) used greatest stack depth: 25600 bytes left
[    3.640734] mount (286) used greatest stack depth: 25248 bytes left
[    3.873958] virtme-init: basic initialization done
[    3.889205] virtme-init: udevd not found
[    3.995006] mount (349) used greatest stack depth: 25232 bytes left
[    4.046299] virtme-init: Setting hostname to virtme-ng...
[    4.079302] ip (356) used greatest stack depth: 24080 bytes left
          _      _                                    
   __   _(_)_ __| |_ _ __ ___   ___       _ __   __ _ 
   \ \ / / |  __| __|  _   _ \ / _ \_____|  _ \ / _  |
    \ V /| | |  | |_| | | | | |  __/_____| | | | (_| |
     \_/ |_|_|   \__|_| |_| |_|\___|     |_| |_|\__  |
                                                |___/ 
   kernel version: 6.8.0-rc3-virtme x86_64

virtme-ng:/nipa-data/kernel# PS1='xx__-> '
xx__-> env
PWD=/nipa-data/kernel
HOME=/
TERM=xterm
SHLVL=2
XDG_RUNTIME_DIR=/run/user/0
PATH=/bin:/sbin:/usr/bin:/usr/sbin:/usr/local/bin
OLDPWD=/
_=/usr/bin/env
xx__-> 