No EFI environment detected.
early console in extract_kernel
input_data: 0x00000000029f52b9
input_len: 0x0000000000ad85f2
output: 0x0000000001000000
output_len: 0x0000000002488ab0
kernel_total_size: 0x0000000002230000
needed_size: 0x0000000002600000
trampoline_32bit: 0x0000000000000000
Physical KASLR using RDRAND RDTSC...
Virtual KASLR using RDRAND RDTSC...

Decompressing Linux... Parsing ELF... Performing relocations... done.
Booting the kernel (entry_offset: 0x0000000000000000).
[    0.000000] Linux version 6.8.0-rc7-virtme (root@36c89ce9bb4c) (gcc (Alpine 13.2.1_git20231014) 13.2.1 20231014, GNU ld (GNU Binutils) 2.42) #1 SMP PREEMPT_DYNAMIC Fri Mar  8 06:07:29 UTC 2024
[    0.000000] Command line: virtme_hostname=virtme-ng nr_open=1048576 virtme_link_mods=/nipa-data/kernel/.virtme_mods/lib/modules/0.0.0 virtme_initmount0=nipa-data/kernel virtme_rw_overlay0=/etc virtme_rw_overlay1=/lib virtme_rw_overlay2=/home virtme_rw_overlay3=/opt virtme_rw_overlay4=/srv virtme_rw_overlay5=/usr virtme_rw_overlay6=/var console=hvc0 earlyprintk=serial,ttyS0,115200 virtme_console=ttyS0 psmouse.proto=exps TERM=xterm virtme_chdir=nipa-data/kernel virtme_root_user=1 rootfstype=9p rootflags=version=9p2000.L,trans=virtio,access=any raid=noautodetect ro init=/usr/lib/python3.11/site-packages/virtme/guest/virtme-init
[    0.000000] BIOS-provided physical RAM map:
[    0.000000] BIOS-e820: [mem 0x0000000000000000-0x000000000009fbff] usable
[    0.000000] BIOS-e820: [mem 0x000000000009fc00-0x000000000009ffff] reserved
[    0.000000] BIOS-e820: [mem 0x00000000000f0000-0x00000000000fffff] reserved
[    0.000000] BIOS-e820: [mem 0x0000000000100000-0x000000003ffdffff] usable
[    0.000000] BIOS-e820: [mem 0x000000003ffe0000-0x000000003fffffff] reserved
[    0.000000] BIOS-e820: [mem 0x00000000feffc000-0x00000000feffffff] reserved
[    0.000000] BIOS-e820: [mem 0x00000000fffc0000-0x00000000ffffffff] reserved
[    0.000000] BIOS-e820: [mem 0x000000fd00000000-0x000000ffffffffff] reserved
[    0.000000] printk: legacy bootconsole [earlyser0] enabled
[    0.000000] NX (Execute Disable) protection: active
[    0.000000] APIC: Static calls initialized
[    0.000000] SMBIOS 3.0.0 present.
[    0.000000] DMI: QEMU Standard PC (i440FX + PIIX, 1996), BIOS rel-1.16.3-0-ga6ed6b701f0a-prebuilt.qemu.org 04/01/2014
[    0.000000] Hypervisor detected: KVM
[    0.000000] kvm-clock: Using msrs 4b564d01 and 4b564d00
[    0.000000] kvm-clock: using sched offset of 253040965 cycles
[    0.000474] clocksource: kvm-clock: mask: 0xffffffffffffffff max_cycles: 0x1cd42e4dffb, max_idle_ns: 881590591483 ns
[    0.001752] tsc: Detected 4491.556 MHz processor
[    0.002367] last_pfn = 0x3ffe0 max_arch_pfn = 0x400000000
[    0.002798] MTRR map: 4 entries (3 fixed + 1 variable; max 19), built from 8 variable MTRRs
[    0.003419] x86/PAT: Configuration [0-7]: WB  WC  UC- UC  WB  WP  UC- WT  
Memory KASLR using RDRAND RDTSC...
[    0.005539] found SMP MP-table at [mem 0x000f5470-0x000f547f]
[    0.005971] Using GB pages for direct mapping
[    0.006339] ACPI: Early table checksum verification disabled
[    0.006770] ACPI: RSDP 0x00000000000F5290 000014 (v00 BOCHS )
[    0.007193] ACPI: RSDT 0x000000003FFE27BC 000034 (v01 BOCHS  BXPC     00000001 BXPC 00000001)
[    0.007830] ACPI: FACP 0x000000003FFE2578 000074 (v01 BOCHS  BXPC     00000001 BXPC 00000001)
[    0.008462] ACPI: DSDT 0x000000003FFE0040 002538 (v01 BOCHS  BXPC     00000001 BXPC 00000001)
[    0.009092] ACPI: FACS 0x000000003FFE0000 000040
[    0.009441] ACPI: APIC 0x000000003FFE25EC 000170 (v03 BOCHS  BXPC     00000001 BXPC 00000001)
[    0.010067] ACPI: HPET 0x000000003FFE275C 000038 (v01 BOCHS  BXPC     00000001 BXPC 00000001)
[    0.010704] ACPI: WAET 0x000000003FFE2794 000028 (v01 BOCHS  BXPC     00000001 BXPC 00000001)
[    0.011328] ACPI: Reserving FACP table memory at [mem 0x3ffe2578-0x3ffe25eb]
[    0.011849] ACPI: Reserving DSDT table memory at [mem 0x3ffe0040-0x3ffe2577]
[    0.012364] ACPI: Reserving FACS table memory at [mem 0x3ffe0000-0x3ffe003f]
[    0.012890] ACPI: Reserving APIC table memory at [mem 0x3ffe25ec-0x3ffe275b]
[    0.013416] ACPI: Reserving HPET table memory at [mem 0x3ffe275c-0x3ffe2793]
[    0.013931] ACPI: Reserving WAET table memory at [mem 0x3ffe2794-0x3ffe27bb]
[    0.014605] No NUMA configuration found
[    0.014886] Faking a node at [mem 0x0000000000000000-0x000000003ffdffff]
[    0.015377] NODE_DATA(0) allocated [mem 0x3ffdb000-0x3ffdffff]
[    0.015866] Zone ranges:
[    0.016051]   DMA      [mem 0x0000000000001000-0x0000000000ffffff]
[    0.016511]   DMA32    [mem 0x0000000001000000-0x000000003ffdffff]
[    0.016970]   Normal   empty
[    0.017180]   Device   empty
[    0.017395] Movable zone start for each node
[    0.017715] Early memory node ranges
[    0.017977]   node   0: [mem 0x0000000000001000-0x000000000009efff]
[    0.018452]   node   0: [mem 0x0000000000100000-0x000000003ffdffff]
[    0.018915] Initmem setup node 0 [mem 0x0000000000001000-0x000000003ffdffff]
[    0.019469] On node 0, zone DMA: 1 pages in unavailable ranges
[    0.019963] On node 0, zone DMA: 97 pages in unavailable ranges
[    0.021392] On node 0, zone DMA32: 32 pages in unavailable ranges
[    0.022049] ACPI: PM-Timer IO Port: 0x608
[    0.022361] ACPI: LAPIC_NMI (acpi_id[0xff] dfl dfl lint[0x1])
[    0.022805] IOAPIC[0]: apic_id 0, version 17, address 0xfec00000, GSI 0-23
[    0.023319] ACPI: INT_SRC_OVR (bus 0 bus_irq 0 global_irq 2 dfl dfl)
[    0.023792] ACPI: INT_SRC_OVR (bus 0 bus_irq 5 global_irq 5 high level)
[    0.024284] ACPI: INT_SRC_OVR (bus 0 bus_irq 9 global_irq 9 high level)
[    0.024771] ACPI: INT_SRC_OVR (bus 0 bus_irq 10 global_irq 10 high level)
[    0.025291] ACPI: INT_SRC_OVR (bus 0 bus_irq 11 global_irq 11 high level)
[    0.025793] ACPI: Using ACPI (MADT) for SMP configuration information
[    0.026278] ACPI: HPET id: 0x8086a201 base: 0xfed00000
[    0.026658] TSC deadline timer available
[    0.026945] smpboot: Allowing 32 CPUs, 0 hotplug CPUs
[    0.027338] kvm-guest: APIC: eoi() replaced with kvm_guest_apic_eoi_write()
[    0.027860] kvm-guest: KVM setup pv remote TLB flush
[    0.028232] kvm-guest: setup PV sched yield
[    0.028543] PM: hibernation: Registered nosave memory: [mem 0x00000000-0x00000fff]
[    0.029102] PM: hibernation: Registered nosave memory: [mem 0x0009f000-0x0009ffff]
[    0.029665] PM: hibernation: Registered nosave memory: [mem 0x000a0000-0x000effff]
[    0.030228] PM: hibernation: Registered nosave memory: [mem 0x000f0000-0x000fffff]
[    0.030784] [mem 0x40000000-0xfeffbfff] available for PCI devices
[    0.031240] Booting paravirtualized kernel on KVM
[    0.031586] clocksource: refined-jiffies: mask: 0xffffffff max_cycles: 0xffffffff, max_idle_ns: 1910969940391419 ns
[    0.035344] setup_percpu: NR_CPUS:64 nr_cpumask_bits:32 nr_cpu_ids:32 nr_node_ids:1
[    0.036750] percpu: Embedded 56 pages/cpu s191784 r8192 d29400 u262144
[    0.037278] Kernel command line: virtme_hostname=virtme-ng nr_open=1048576 virtme_link_mods=/nipa-data/kernel/.virtme_mods/lib/modules/0.0.0 virtme_initmount0=nipa-data/kernel virtme_rw_overlay0=/etc virtme_rw_overlay1=/lib virtme_rw_overlay2=/home virtme_rw_overlay3=/opt virtme_rw_overlay4=/srv virtme_rw_overlay5=/usr virtme_rw_overlay6=/var console=hvc0 earlyprintk=serial,ttyS0,115200 virtme_console=ttyS0 psmouse.proto=exps TERM=xterm virtme_chdir=nipa-data/kernel virtme_root_user=1 rootfstype=9p rootflags=version=9p2000.L,trans=virtio,access=any raid=noautodetect ro init=/usr/lib/python3.11/site-packages/virtme/guest/virtme-init
[    0.041637] Unknown kernel command line parameters "virtme_hostname=virtme-ng nr_open=1048576 virtme_link_mods=/nipa-data/kernel/.virtme_mods/lib/modules/0.0.0 virtme_initmount0=nipa-data/kernel virtme_rw_overlay0=/etc virtme_rw_overlay1=/lib virtme_rw_overlay2=/home virtme_rw_overlay3=/opt virtme_rw_overlay4=/srv virtme_rw_overlay5=/usr virtme_rw_overlay6=/var virtme_console=ttyS0 virtme_chdir=nipa-data/kernel virtme_root_user=1", will be passed to user space.
[    0.044967] random: crng init done
[    0.045261] Dentry cache hash table entries: 131072 (order: 8, 1048576 bytes, linear)
[    0.045868] Inode-cache hash table entries: 65536 (order: 7, 524288 bytes, linear)
[    0.046542] Fallback order for Node 0: 0 
[    0.046545] Built 1 zonelists, mobility grouping on.  Total pages: 257760
[    0.047367] Policy zone: DMA32
[    0.047597] mem auto-init: stack:all(zero), heap alloc:off, heap free:off
[    0.048924] Memory: 986868K/1048056K available (16384K kernel code, 2351K rwdata, 5936K rodata, 2988K init, 2336K bss, 60928K reserved, 0K cma-reserved)
[    0.049996] SLUB: HWalign=64, Order=0-3, MinObjects=0, CPUs=32, Nodes=1
Poking KASLR using RDRAND RDTSC...
[    0.050745] ftrace: allocating 46324 entries in 181 pages
[    0.057897] ftrace: allocated 181 pages with 5 groups
[    0.058917] Dynamic Preempt: voluntary
[    0.059330] rcu: Preemptible hierarchical RCU implementation.
[    0.059762] rcu: RCU event tracing is enabled.
[    0.060101] rcu: RCU restricting CPUs from NR_CPUS=64 to nr_cpu_ids=32.
[    0.060613] Trampoline variant of Tasks RCU enabled.
[    0.060997] Rude variant of Tasks RCU enabled.
[    0.061352] Tracing variant of Tasks RCU enabled.
[    0.061712] rcu: RCU calculated value of scheduler-enlistment delay is 100 jiffies.
[    0.062317] rcu: Adjusting geometry for rcu_fanout_leaf=16, nr_cpu_ids=32
[    0.064271] NR_IRQS: 4352, nr_irqs: 680, preallocated irqs: 16
[    0.064974] rcu: srcu_init: Setting srcu_struct sizes based on contention.
[    0.065644] Console: colour *CGA 80x25
[    0.065933] ACPI: Core revision 20230628
[    0.066304] clocksource: hpet: mask: 0xffffffff max_cycles: 0xffffffff, max_idle_ns: 19112604467 ns
[    0.067044] APIC: Switch to symmetric I/O mode setup
[    0.067438] APIC: Switched APIC routing to: physical flat
[    0.067842] kvm-guest: APIC: send_IPI_mask() replaced with kvm_send_ipi_mask()
[    0.068384] kvm-guest: APIC: send_IPI_mask_allbutself() replaced with kvm_send_ipi_mask_allbutself()
[    0.069084] kvm-guest: setup PV IPIs
[    0.070141] ..TIMER: vector=0x30 apic1=0 pin1=2 apic2=-1 pin2=-1
[    0.070961] tsc: Marking TSC unstable due to TSCs unsynchronized
[    0.071784] Calibrating delay loop (skipped) preset value.. 8983.11 BogoMIPS (lpj=4491556)
[    0.072842] x86/cpu: User Mode Instruction Prevention (UMIP) activated
[    0.073834] Last level iTLB entries: 4KB 512, 2MB 255, 4MB 127
[    0.074783] Last level dTLB entries: 4KB 512, 2MB 255, 4MB 127, 1GB 0
[    0.075786] Spectre V1 : Mitigation: usercopy/swapgs barriers and __user pointer sanitization
[    0.076787] Spectre V2 : Mitigation: Enhanced / Automatic IBRS
[    0.077562] Spectre V2 : Spectre v2 / SpectreRSB mitigation: Filling RSB on context switch
[    0.077784] Spectre V2 : mitigation: Enabling conditional Indirect Branch Prediction Barrier
[    0.078785] Speculative Store Bypass: Mitigation: Speculative Store Bypass disabled via prctl
[    0.079783] Speculative Return Stack Overflow: IBPB-extending microcode not applied!
[    0.080782] Speculative Return Stack Overflow: WARNING: See https://kernel.org/doc/html/latest/admin-guide/hw-vuln/srso.html for mitigation options.
[    0.080783] Speculative Return Stack Overflow: Vulnerable: Safe RET, no microcode
[    0.082798] x86/fpu: Supporting XSAVE feature 0x001: 'x87 floating point registers'
[    0.083782] x86/fpu: Supporting XSAVE feature 0x002: 'SSE registers'
[    0.084782] x86/fpu: Supporting XSAVE feature 0x004: 'AVX registers'
[    0.085782] x86/fpu: Supporting XSAVE feature 0x020: 'AVX-512 opmask'
[    0.086782] x86/fpu: Supporting XSAVE feature 0x040: 'AVX-512 Hi256'
[    0.087782] x86/fpu: Supporting XSAVE feature 0x080: 'AVX-512 ZMM_Hi256'
[    0.088782] x86/fpu: Supporting XSAVE feature 0x200: 'Protection Keys User registers'
[    0.089782] x86/fpu: xstate_offset[2]:  576, xstate_sizes[2]:  256
[    0.090588] x86/fpu: xstate_offset[5]:  832, xstate_sizes[5]:   64
[    0.090782] x86/fpu: xstate_offset[6]:  896, xstate_sizes[6]:  512
[    0.091782] x86/fpu: xstate_offset[7]: 1408, xstate_sizes[7]: 1024
[    0.092782] x86/fpu: xstate_offset[9]: 2432, xstate_sizes[9]:    8
[    0.093782] x86/fpu: Enabled xstate features 0x2e7, context size is 2440 bytes, using 'compacted' format.
[    0.109908] Freeing SMP alternatives memory: 40K
[    0.110512] pid_max: default: 32768 minimum: 301
[    0.110812] Mount-cache hash table entries: 2048 (order: 2, 16384 bytes, linear)
[    0.111784] Mountpoint-cache hash table entries: 2048 (order: 2, 16384 bytes, linear)
[    0.112941] smpboot: CPU0: AMD Ryzen 9 7950X 16-Core Processor (family: 0x19, model: 0x61, stepping: 0x2)
[    0.113877] RCU Tasks: Setting shift to 5 and lim to 1 rcu_task_cb_adjust=1.
[    0.114767] RCU Tasks Rude: Setting shift to 5 and lim to 1 rcu_task_cb_adjust=1.
[    0.114795] RCU Tasks Trace: Setting shift to 5 and lim to 1 rcu_task_cb_adjust=1.
[    0.115740] Performance Events: Fam17h+ core perfctr, AMD PMU driver.
[    0.115786] ... version:                0
[    0.116285] ... bit width:              48
[    0.116784] ... generic registers:      6
[    0.117280] ... value mask:             0000ffffffffffff
[    0.117784] ... max period:             00007fffffffffff
[    0.118446] ... fixed-purpose events:   0
[    0.118784] ... event mask:             000000000000003f
[    0.119513] signal: max sigframe size: 3376
[    0.119800] rcu: Hierarchical SRCU implementation.
[    0.120395] rcu: Max phase no-delay instances is 400.
[    0.123081] smp: Bringing up secondary CPUs ...
[    0.123704] smpboot: x86: Booting SMP configuration:
[    0.123785] .... node  #0, CPUs:        #1  #2  #3  #4  #5  #6  #7  #8  #9 #10 #11 #12 #13 #14 #15 #16 #17 #18 #19 #20 #21 #22 #23 #24 #25 #26 #27 #28 #29 #30 #31
[    0.144936] smp: Brought up 1 node, 32 CPUs
[    0.146398] smpboot: Max logical packages: 1
[    0.146785] smpboot: Total of 32 processors activated (287459.58 BogoMIPS)
[    0.150840] devtmpfs: initialized
[    0.151325] x86/mm: Memory block size: 128MB
[    0.152849] clocksource: jiffies: mask: 0xffffffff max_cycles: 0xffffffff, max_idle_ns: 1911260446275000 ns
[    0.153787] futex hash table entries: 8192 (order: 7, 524288 bytes, linear)
[    0.154842] PM: RTC time: 06:07:58, date: 2024-03-08
[    0.155809] NET: Registered PF_NETLINK/PF_ROUTE protocol family
[    0.156702] thermal_sys: Registered thermal governor 'step_wise'
[    0.156703] thermal_sys: Registered thermal governor 'user_space'
[    0.156812] cpuidle: using governor menu
[    0.158905] PCI: Using configuration type 1 for base access
[    0.159638] PCI: Using configuration type 1 for extended access
[    0.159849] kprobes: kprobe jump-optimization is enabled. All kprobes are optimized if possible.
[    0.175179] HugeTLB: registered 1.00 GiB page size, pre-allocated 0 pages
[    0.175784] HugeTLB: 16380 KiB vmemmap can be freed for a 1.00 GiB page
[    0.176623] HugeTLB: registered 2.00 MiB page size, pre-allocated 0 pages
[    0.176784] HugeTLB: 28 KiB vmemmap can be freed for a 2.00 MiB page
[    0.177825] ACPI: Added _OSI(Module Device)
[    0.178359] ACPI: Added _OSI(Processor Device)
[    0.178784] ACPI: Added _OSI(3.0 _SCP Extensions)
[    0.179383] ACPI: Added _OSI(Processor Aggregator Device)
[    0.180485] ACPI: 1 ACPI AML tables successfully acquired and loaded
[    0.182975] ACPI: _OSC evaluation for CPUs failed, trying _PDC
[    0.182975] ACPI: Interpreter enabled
[    0.183411] ACPI: PM: (supports S0 S3 S4 S5)
[    0.184784] ACPI: Using IOAPIC for interrupt routing
[    0.185437] PCI: Using host bridge windows from ACPI; if necessary, use "pci=nocrs" and report a bug
[    0.185784] PCI: Using E820 reservations for host bridge windows
[    0.186654] ACPI: Enabled 2 GPEs in block 00 to 0F
[    0.190388] ACPI: PCI Root Bridge [PCI0] (domain 0000 [bus 00-ff])
[    0.190786] acpi PNP0A03:00: _OSC: OS supports [ExtendedConfig ASPM ClockPM Segments MSI HPX-Type3]
[    0.192876] PCI host bridge to bus 0000:00
[    0.193414] pci_bus 0000:00: root bus resource [io  0x0000-0x0cf7 window]
[    0.193784] pci_bus 0000:00: root bus resource [io  0x0d00-0xffff window]
[    0.194667] pci_bus 0000:00: root bus resource [mem 0x000a0000-0x000bffff window]
[    0.195785] pci_bus 0000:00: root bus resource [mem 0x40000000-0xfebfffff window]
[    0.196757] pci_bus 0000:00: root bus resource [mem 0x100000000-0x17fffffff window]
[    0.197784] pci_bus 0000:00: root bus resource [bus 00-ff]
[    0.198592] pci 0000:00:00.0: [8086:1237] type 00 class 0x060000 conventional PCI endpoint
[    0.200044] pci 0000:00:01.0: [8086:7000] type 00 class 0x060100 conventional PCI endpoint
[    0.201098] pci 0000:00:01.1: [8086:7010] type 00 class 0x010180 conventional PCI endpoint
[    0.205288] pci 0000:00:01.1: BAR 4 [io  0xc0c0-0xc0cf]
[    0.206761] pci 0000:00:01.1: BAR 0 [io  0x01f0-0x01f7]: legacy IDE quirk
[    0.207784] pci 0000:00:01.1: BAR 1 [io  0x03f6]: legacy IDE quirk
[    0.208585] pci 0000:00:01.1: BAR 2 [io  0x0170-0x0177]: legacy IDE quirk
[    0.208784] pci 0000:00:01.1: BAR 3 [io  0x0376]: legacy IDE quirk
[    0.209683] pci 0000:00:01.3: [8086:7113] type 00 class 0x068000 conventional PCI endpoint
[    0.211028] pci 0000:00:01.3: quirk: [io  0x0600-0x063f] claimed by PIIX4 ACPI
[    0.213789] pci 0000:00:01.3: quirk: [io  0x0700-0x070f] claimed by PIIX4 SMB
[    0.214880] pci 0000:00:02.0: [1af4:1009] type 00 class 0x000200 conventional PCI endpoint
[    0.216784] pci 0000:00:02.0: BAR 0 [io  0xc000-0xc03f]
[    0.218558] pci 0000:00:02.0: BAR 1 [mem 0xfebfc000-0xfebfcfff]
[    0.225415] pci 0000:00:02.0: BAR 4 [mem 0xfebf0000-0xfebf3fff 64bit pref]
[    0.228405] pci 0000:00:03.0: [1af4:1009] type 00 class 0x000200 conventional PCI endpoint
[    0.230784] pci 0000:00:03.0: BAR 0 [io  0xc040-0xc07f]
[    0.232462] pci 0000:00:03.0: BAR 1 [mem 0xfebfd000-0xfebfdfff]
[    0.238784] pci 0000:00:03.0: BAR 4 [mem 0xfebf4000-0xfebf7fff 64bit pref]
[    0.241029] pci 0000:00:04.0: [8086:25ab] type 00 class 0x088000 conventional PCI endpoint
[    0.243339] pci 0000:00:04.0: BAR 0 [mem 0xfebfe000-0xfebfe00f]
[    0.248775] pci 0000:00:05.0: [1af4:1003] type 00 class 0x078000 conventional PCI endpoint
[    0.250784] pci 0000:00:05.0: BAR 0 [io  0xc080-0xc0bf]
[    0.252502] pci 0000:00:05.0: BAR 1 [mem 0xfebff000-0xfebfffff]
[    0.257785] pci 0000:00:05.0: BAR 4 [mem 0xfebf8000-0xfebfbfff 64bit pref]
[    0.262542] ACPI: PCI: Interrupt link LNKA configured for IRQ 10
[    0.262898] ACPI: PCI: Interrupt link LNKB configured for IRQ 10
[    0.263772] ACPI: PCI: Interrupt link LNKC configured for IRQ 11
[    0.264881] ACPI: PCI: Interrupt link LNKD configured for IRQ 11
[    0.265727] ACPI: PCI: Interrupt link LNKS configured for IRQ 9
[    0.267682] iommu: Default domain type: Translated
[    0.267784] iommu: DMA domain TLB invalidation policy: lazy mode
[    0.268607] SCSI subsystem initialized
[    0.269813] pps_core: LinuxPPS API ver. 1 registered
[    0.270448] pps_core: Software ver. 5.3.6 - Copyright 2005-2007 Rodolfo Giometti <giometti@linux.it>
[    0.270786] PTP clock support registered
[    0.271811] Advanced Linux Sound Architecture Driver Initialized.
[    0.273083] NET: Registered PF_ATMPVC protocol family
[    0.273749] NET: Registered PF_ATMSVC protocol family
[    0.273788] PCI: Using ACPI for IRQ routing
[    0.274412] vgaarb: loaded
[    0.274824] hpet0: at MMIO 0xfed00000, IRQs 2, 8, 0
[    0.275451] hpet0: 3 comparators, 64-bit 100.000000 MHz counter
[    0.281420] clocksource: Switched to clocksource kvm-clock
[    0.282283] VFS: Disk quotas dquot_6.6.0
[    0.282831] VFS: Dquot-cache hash table entries: 512 (order 0, 4096 bytes)
[    0.283788] pnp: PnP ACPI init
[    0.284373] pnp: PnP ACPI: found 5 devices
[    0.290603] clocksource: acpi_pm: mask: 0xffffff max_cycles: 0xffffff, max_idle_ns: 2085701024 ns
[    0.291786] NET: Registered PF_INET protocol family
[    0.292432] IP idents hash table entries: 16384 (order: 5, 131072 bytes, linear)
[    0.293535] tcp_listen_portaddr_hash hash table entries: 512 (order: 1, 8192 bytes, linear)
[    0.294615] Table-perturb hash table entries: 65536 (order: 6, 262144 bytes, linear)
[    0.295629] TCP established hash table entries: 8192 (order: 4, 65536 bytes, linear)
[    0.296634] TCP bind hash table entries: 8192 (order: 6, 262144 bytes, linear)
[    0.297576] TCP: Hash tables configured (established 8192 bind 8192)
[    0.298500] UDP hash table entries: 512 (order: 2, 16384 bytes, linear)
[    0.299367] UDP-Lite hash table entries: 512 (order: 2, 16384 bytes, linear)
[    0.300308] NET: Registered PF_UNIX/PF_LOCAL protocol family
[    0.301044] pci_bus 0000:00: resource 4 [io  0x0000-0x0cf7 window]
[    0.301850] pci_bus 0000:00: resource 5 [io  0x0d00-0xffff window]
[    0.302649] pci_bus 0000:00: resource 6 [mem 0x000a0000-0x000bffff window]
[    0.303560] pci_bus 0000:00: resource 7 [mem 0x40000000-0xfebfffff window]
[    0.304444] pci_bus 0000:00: resource 8 [mem 0x100000000-0x17fffffff window]
[    0.305371] pci 0000:00:01.0: PIIX3: Enabling Passive Release
[    0.306111] pci 0000:00:00.0: Limiting direct PCI/PCI transfers
[    0.306909] PCI: CLS 0 bytes, default 64
[    0.307474] kvm_intel: VMX not supported by CPU 1
[    0.308089] kvm_amd: TSC scaling supported
[    0.308627] kvm_amd: Nested Virtualization enabled
[    0.309241] kvm_amd: Nested Paging enabled
[    0.310282] kvm_amd: Virtual VMLOAD VMSAVE supported
[    0.310917] kvm_amd: Virtual GIF supported
[    0.311448] kvm_amd: Virtual NMI enabled
[    0.311947] kvm_amd: LBR virtualization supported
[    0.406012] workingset: timestamp_bits=56 max_order=18 bucket_order=0
[    0.406898] squashfs: version 4.0 (2009/01/31) Phillip Lougher
[    0.407680] fuse: init (API version 7.39)
[    0.408225] 9p: Installing v9fs 9p2000 file system support
[    0.408974] Key type asymmetric registered
[    0.409523] Block layer SCSI generic (bsg) driver version 0.4 loaded (major 249)
[    0.410502] io scheduler mq-deadline registered
[    0.411093] io scheduler kyber registered
[    0.412479] input: Power Button as /devices/LNXSYSTM:00/LNXPWRBN:00/input/input0
[    0.413533] ACPI: button: Power Button [PWRF]
[    0.414127] Warning: Processor Platform Limit event detected, but not handled.
[    0.415069] Consider compiling CPUfreq support into your kernel.
[    0.432120] ACPI: \_SB_.LNKB: Enabled at IRQ 10
[    0.448769] ACPI: \_SB_.LNKC: Enabled at IRQ 11
[    0.465427] ACPI: \_SB_.LNKA: Enabled at IRQ 10
[    0.466587] Serial: 8250/16550 driver, 4 ports, IRQ sharing enabled
[    0.467511] 00:03: ttyS0 at I/O 0x3f8 (irq = 4, base_baud = 115200) is a 16550A
[    0.513241] Non-volatile memory driver v1.3
[    0.513816] Linux agpgart interface v0.103
[    0.514431] printk: legacy console [hvc0] enabled
[    0.514464] ACPI: bus type drm_connector registered
[    0.515080] printk: legacy bootconsole [earlyser0] disabled
          _      _                                    
   __   _(_)_ __| |_ _ __ ___   ___       _ __   __ _ 
   \ \ / / |  __| __|  _   _ \ / _ \_____|  _ \ / _  |
    \ V /| | |  | |_| | | | | |  __/_____| | | | (_| |
     \_/ |_|_|   \__|_| |_| |_|\___|     |_| |_|\__  |
                                                |___/ 
   kernel version: 6.8.0-rc7-virtme x86_64
   (CTRL+d to exit)

virtme-ng:/nipa-data/kernel# PS1='xx__-> '
xx__-> env
PWD=/nipa-data/kernel
nr_open=1048576
HOME=/
TERM=xterm
SHLVL=2
XDG_RUNTIME_DIR=/run/user/0
PATH=/bin:/sbin:/usr/bin:/usr/sbin:/usr/local/bin
OLDPWD=/
_=/usr/bin/env
xx__-> 