No EFI environment detected.
early console in extract_kernel
input_data: 0x0000000004cbd2c4
input_len: 0x00000000018951df
output: 0x0000000001000000
output_len: 0x00000000054dc8a4
kernel_total_size: 0x0000000005030000
needed_size: 0x0000000005600000
trampoline_32bit: 0x000000000009d000
Physical KASLR using RDRAND RDTSC...
Virtual KASLR using RDRAND RDTSC...

Decompressing Linux... Parsing ELF... Performing relocations... done.
Booting the kernel (entry_offset: 0x0000000000000000).
[    0.000000] Linux version 6.11.0-rc1-virtme (root@d538b85731fe) (gcc (Ubuntu 13.2.0-23ubuntu4) 13.2.0, GNU ld (GNU Binutils for Ubuntu) 2.42) #1 SMP PREEMPT_DYNAMIC Tue Aug  6 18:27:34 UTC 2024
[    0.000000] Command line: virtme_hostname=virtme-ng nr_open=1048576 virtme_link_mods=/nipa-data/kernel/.virtme_mods/lib/modules/0.0.0 virtme_initmount0=nipa-data/kernel virtme_rw_overlay0=/etc virtme_rw_overlay1=/lib virtme_rw_overlay2=/home virtme_rw_overlay3=/opt virtme_rw_overlay4=/srv virtme_rw_overlay5=/usr virtme_rw_overlay6=/var console=hvc0 earlyprintk=serial,ttyS0,115200 virtme_console=ttyS0 psmouse.proto=exps TERM=xterm virtme_chdir=nipa-data/kernel virtme_root_user=1 rootfstype=9p rootflags=version=9p2000.L,trans=virtio,access=any raid=noautodetect ro init=/usr/lib/python3/dist-packages/virtme/guest/virtme-init
[    0.000000] x86/split lock detection: #DB: warning on user-space bus_locks
[    0.000000] BIOS-provided physical RAM map:
[    0.000000] BIOS-e820: [mem 0x0000000000000000-0x000000000009fbff] usable
[    0.000000] BIOS-e820: [mem 0x000000000009fc00-0x000000000009ffff] reserved
[    0.000000] BIOS-e820: [mem 0x00000000000f0000-0x00000000000fffff] reserved
[    0.000000] BIOS-e820: [mem 0x0000000000100000-0x000000003ffdffff] usable
[    0.000000] BIOS-e820: [mem 0x000000003ffe0000-0x000000003fffffff] reserved
[    0.000000] BIOS-e820: [mem 0x00000000feffc000-0x00000000feffffff] reserved
[    0.000000] BIOS-e820: [mem 0x00000000fffc0000-0x00000000ffffffff] reserved
[    0.000000] printk: legacy bootconsole [earlyser0] enabled
[    0.000000] NX (Execute Disable) protection: active
[    0.000000] APIC: Static calls initialized
[    0.000000] SMBIOS 3.0.0 present.
[    0.000000] DMI: QEMU Ubuntu 24.04 PC (i440FX + PIIX, 1996), BIOS 1.16.3-debian-1.16.3-2 04/01/2014
[    0.000000] DMI: Memory slots populated: 1/1
[    0.000000] Hypervisor detected: KVM
[    0.000000] kvm-clock: Using msrs 4b564d01 and 4b564d00
[    0.000001] kvm-clock: using sched offset of 1111470476 cycles
[    0.000766] clocksource: kvm-clock: mask: 0xffffffffffffffff max_cycles: 0x1cd42e4dffb, max_idle_ns: 881590591483 ns
[    0.003156] tsc: Detected 2000.000 MHz processor
[    0.004442] last_pfn = 0x3ffe0 max_arch_pfn = 0x10000000000
[    0.005318] MTRR map: 4 entries (3 fixed + 1 variable; max 19), built from 8 variable MTRRs
[    0.006544] x86/PAT: Configuration [0-7]: WB  WC  UC- UC  WB  WP  UC- WT  
[    0.016084] found SMP MP-table at [mem 0x000f5470-0x000f547f]
[    0.016942] Using GB pages for direct mapping
[    0.017850] ACPI: Early table checksum verification disabled
[    0.018685] ACPI: RSDP 0x00000000000F5290 000014 (v00 BOCHS )
[    0.019531] ACPI: RSDT 0x000000003FFE308E 000034 (v01 BOCHS  BXPC     00000001 BXPC 00000001)
[    0.020786] ACPI: FACP 0x000000003FFE2D8A 000074 (v01 BOCHS  BXPC     00000001 BXPC 00000001)
[    0.022046] ACPI: DSDT 0x000000003FFE0040 002D4A (v01 BOCHS  BXPC     00000001 BXPC 00000001)
[    0.023295] ACPI: FACS 0x000000003FFE0000 000040
[    0.023974] ACPI: APIC 0x000000003FFE2DFE 000230 (v03 BOCHS  BXPC     00000001 BXPC 00000001)
[    0.025223] ACPI: HPET 0x000000003FFE302E 000038 (v01 BOCHS  BXPC     00000001 BXPC 00000001)
[    0.026476] ACPI: WAET 0x000000003FFE3066 000028 (v01 BOCHS  BXPC     00000001 BXPC 00000001)
[    0.027733] ACPI: Reserving FACP table memory at [mem 0x3ffe2d8a-0x3ffe2dfd]
[    0.028764] ACPI: Reserving DSDT table memory at [mem 0x3ffe0040-0x3ffe2d89]
[    0.029794] ACPI: Reserving FACS table memory at [mem 0x3ffe0000-0x3ffe003f]
[    0.030827] ACPI: Reserving APIC table memory at [mem 0x3ffe2dfe-0x3ffe302d]
[    0.031857] ACPI: Reserving HPET table memory at [mem 0x3ffe302e-0x3ffe3065]
[    0.032887] ACPI: Reserving WAET table memory at [mem 0x3ffe3066-0x3ffe308d]
[    0.034433] No NUMA configuration found
[    0.034996] Faking a node at [mem 0x0000000000000000-0x000000003ffdffff]
[    0.035978] NODE_DATA(0) allocated [mem 0x3ffdb000-0x3ffdffff]
[    0.036993] Zone ranges:
[    0.037365]   DMA      [mem 0x0000000000001000-0x0000000000ffffff]
[    0.038275]   DMA32    [mem 0x0000000001000000-0x000000003ffdffff]
[    0.039182]   Normal   empty
[    0.039605]   Device   empty
[    0.040028] Movable zone start for each node
[    0.040653] Early memory node ranges
[    0.041177]   node   0: [mem 0x0000000000001000-0x000000000009efff]
[    0.042106]   node   0: [mem 0x0000000000100000-0x000000003ffdffff]
[    0.043025] Initmem setup node 0 [mem 0x0000000000001000-0x000000003ffdffff]
[    0.044063] On node 0, zone DMA: 1 pages in unavailable ranges
[    0.045020] On node 0, zone DMA: 97 pages in unavailable ranges
[    0.054550] On node 0, zone DMA32: 32 pages in unavailable ranges
[    0.088404] kasan: KernelAddressSanitizer initialized
[    0.089723] ACPI: PM-Timer IO Port: 0x608
[    0.090352] ACPI: LAPIC_NMI (acpi_id[0xff] dfl dfl lint[0x1])
[    0.091253] IOAPIC[0]: apic_id 0, version 17, address 0xfec00000, GSI 0-23
[    0.092262] ACPI: INT_SRC_OVR (bus 0 bus_irq 0 global_irq 2 dfl dfl)
[    0.093193] ACPI: INT_SRC_OVR (bus 0 bus_irq 5 global_irq 5 high level)
[    0.094166] ACPI: INT_SRC_OVR (bus 0 bus_irq 9 global_irq 9 high level)
[    0.095133] ACPI: INT_SRC_OVR (bus 0 bus_irq 10 global_irq 10 high level)
[    0.096125] ACPI: INT_SRC_OVR (bus 0 bus_irq 11 global_irq 11 high level)
[    0.097123] ACPI: Using ACPI (MADT) for SMP configuration information
[    0.098069] ACPI: HPET id: 0x8086a201 base: 0xfed00000
[    0.098828] TSC deadline timer available
[    0.099406] CPU topo: Max. logical packages:   1
[    0.100082] CPU topo: Max. logical dies:       1
[    0.100757] CPU topo: Max. dies per package:   1
[    0.101435] CPU topo: Max. threads per core:   1
[    0.102196] CPU topo: Num. cores per package:    56
[    0.102910] CPU topo: Num. threads per package:  56
[    0.103623] CPU topo: Allowing 56 present CPUs plus 0 hotplug CPUs
[    0.104559] kvm-guest: APIC: eoi() replaced with kvm_guest_apic_eoi_write()
[    0.105601] kvm-guest: KVM setup pv remote TLB flush
[    0.106338] kvm-guest: setup PV sched yield
[    0.106960] PM: hibernation: Registered nosave memory: [mem 0x00000000-0x00000fff]
[    0.108070] PM: hibernation: Registered nosave memory: [mem 0x0009f000-0x0009ffff]
[    0.109176] PM: hibernation: Registered nosave memory: [mem 0x000a0000-0x000effff]
[    0.110289] PM: hibernation: Registered nosave memory: [mem 0x000f0000-0x000fffff]
[    0.111396] [mem 0x40000000-0xfeffbfff] available for PCI devices
[    0.112288] Booting paravirtualized kernel on KVM
[    0.112978] clocksource: refined-jiffies: mask: 0xffffffff max_cycles: 0xffffffff, max_idle_ns: 1910969940391419 ns
[    0.135632] setup_percpu: NR_CPUS:64 nr_cpumask_bits:56 nr_cpu_ids:56 nr_node_ids:1
[    0.146145] percpu: Embedded 70 pages/cpu s248408 r8192 d30120 u524288
[    0.147317] Kernel command line: virtme_hostname=virtme-ng nr_open=1048576 virtme_link_mods=/nipa-data/kernel/.virtme_mods/lib/modules/0.0.0 virtme_initmount0=nipa-data/kernel virtme_rw_overlay0=/etc virtme_rw_overlay1=/lib virtme_rw_overlay2=/home virtme_rw_overlay3=/opt virtme_rw_overlay4=/srv virtme_rw_overlay5=/usr virtme_rw_overlay6=/var console=hvc0 earlyprintk=serial,ttyS0,115200 virtme_console=ttyS0 psmouse.proto=exps TERM=xterm virtme_chdir=nipa-data/kernel virtme_root_user=1 rootfstype=9p rootflags=version=9p2000.L,trans=virtio,access=any raid=noautodetect ro init=/usr/lib/python3/dist-packages/virtme/guest/virtme-init
[    0.155877] Unknown kernel command line parameters "virtme_hostname=virtme-ng nr_open=1048576 virtme_link_mods=/nipa-data/kernel/.virtme_mods/lib/modules/0.0.0 virtme_initmount0=nipa-data/kernel virtme_rw_overlay0=/etc virtme_rw_overlay1=/lib virtme_rw_overlay2=/home virtme_rw_overlay3=/opt virtme_rw_overlay4=/srv virtme_rw_overlay5=/usr virtme_rw_overlay6=/var virtme_console=ttyS0 virtme_chdir=nipa-data/kernel virtme_root_user=1", will be passed to user space.
[    0.161944] random: crng init done
[    0.162457] printk: log_buf_len individual max cpu contribution: 4096 bytes
[    0.163492] printk: log_buf_len total cpu_extra contributions: 225280 bytes
[    0.164523] printk: log_buf_len min size: 262144 bytes
[    0.166183] printk: log_buf_len: 524288 bytes
[    0.166855] printk: early log buf free: 253864(96%)
[    0.168059] Dentry cache hash table entries: 131072 (order: 8, 1048576 bytes, linear)
[    0.169302] Inode-cache hash table entries: 65536 (order: 7, 524288 bytes, linear)
[    0.173097] Fallback order for Node 0: 0 
[    0.173113] Built 1 zonelists, mobility grouping on.  Total pages: 262014
[    0.174669] Policy zone: DMA32
[    0.175100] mem auto-init: stack:all(zero), heap alloc:off, heap free:off
[    0.176055] stackdepot: allocating hash table via alloc_large_system_hash
[    0.177014] stackdepot hash table entries: 1048576 (order: 12, 16777216 bytes, linear)
[    0.201607] SLUB: HWalign=64, Order=0-3, MinObjects=0, CPUs=56, Nodes=1
Poking KASLR using RDRAND RDTSC...
[    0.203174] ftrace: allocating 48380 entries in 189 pages
[    0.223475] ftrace: allocated 189 pages with 6 groups
[    0.226144] Dynamic Preempt: voluntary
[    0.228677] rcu: Preemptible hierarchical RCU implementation.
[    0.229495] rcu: RCU event tracing is enabled.
[    0.230138] rcu: RCU restricting CPUs from NR_CPUS=64 to nr_cpu_ids=56.
[    0.231085] Trampoline variant of Tasks RCU enabled.
[    0.231797] Rude variant of Tasks RCU enabled.
[    0.232434] Tracing variant of Tasks RCU enabled.
[    0.233108] rcu: RCU calculated value of scheduler-enlistment delay is 100 jiffies.
[    0.234189] rcu: Adjusting geometry for rcu_fanout_leaf=16, nr_cpu_ids=56
[    0.235439] RCU Tasks: Setting shift to 6 and lim to 1 rcu_task_cb_adjust=1.
[    0.236435] RCU Tasks Rude: Setting shift to 6 and lim to 1 rcu_task_cb_adjust=1.
[    0.237491] RCU Tasks Trace: Setting shift to 6 and lim to 1 rcu_task_cb_adjust=1.
[    0.258752] NR_IRQS: 4352, nr_irqs: 872, preallocated irqs: 16
[    0.260115] rcu: srcu_init: Setting srcu_struct sizes based on contention.
[    0.261570] Console: colour *CGA 80x25
[    0.262226] ACPI: Core revision 20240322
[    0.263152] clocksource: hpet: mask: 0xffffffff max_cycles: 0xffffffff, max_idle_ns: 19112604467 ns
[    0.264578] APIC: Switch to symmetric I/O mode setup
[    0.265357] APIC: Switched APIC routing to: physical flat
[    0.266178] kvm-guest: APIC: send_IPI_mask() replaced with kvm_send_ipi_mask()
[    0.267218] kvm-guest: APIC: send_IPI_mask_allbutself() replaced with kvm_send_ipi_mask_allbutself()
[    0.268515] kvm-guest: setup PV IPIs
[    0.270790] ..TIMER: vector=0x30 apic1=0 pin1=2 apic2=-1 pin2=-1
[    0.272138] clocksource: tsc-early: mask: 0xffffffffffffffff max_cycles: 0x39a85c9bff6, max_idle_ns: 881590591483 ns
[    0.274474] Calibrating delay loop (skipped) preset value.. 4000.00 BogoMIPS (lpj=2000000)
[    0.275712] x86/cpu: User Mode Instruction Prevention (UMIP) activated
[    0.276615] Last level iTLB entries: 4KB 0, 2MB 0, 4MB 0
[    0.277469] Last level dTLB entries: 4KB 0, 2MB 0, 4MB 0, 1GB 0
[    0.278492] Spectre V1 : Mitigation: usercopy/swapgs barriers and __user pointer sanitization
[    0.279479] Spectre V2 : Spectre BHI mitigation: SW BHB clearing on syscall and VM exit
[    0.280470] Spectre V2 : Mitigation: Enhanced / Automatic IBRS
[    0.281470] Spectre V2 : Spectre v2 / SpectreRSB mitigation: Filling RSB on context switch
[    0.282472] Spectre V2 : Spectre v2 / PBRSB-eIBRS: Retire a single CALL on VMEXIT
[    0.283487] Spectre V2 : mitigation: Enabling conditional Indirect Branch Prediction Barrier
[    0.284483] Speculative Store Bypass: Mitigation: Speculative Store Bypass disabled via prctl
[    0.285479] TAA: Mitigation: TSX disabled
[    0.286571] x86/fpu: Supporting XSAVE feature 0x001: 'x87 floating point registers'
[    0.287479] x86/fpu: Supporting XSAVE feature 0x002: 'SSE registers'
[    0.288478] x86/fpu: Supporting XSAVE feature 0x004: 'AVX registers'
[    0.289472] x86/fpu: Supporting XSAVE feature 0x020: 'AVX-512 opmask'
[    0.290478] x86/fpu: Supporting XSAVE feature 0x040: 'AVX-512 Hi256'
[    0.291478] x86/fpu: Supporting XSAVE feature 0x080: 'AVX-512 ZMM_Hi256'
[    0.292478] x86/fpu: Supporting XSAVE feature 0x200: 'Protection Keys User registers'
[    0.293478] x86/fpu: Supporting XSAVE feature 0x20000: 'AMX Tile config'
[    0.294478] x86/fpu: Supporting XSAVE feature 0x40000: 'AMX Tile data'
[    0.295479] x86/fpu: xstate_offset[2]:  576, xstate_sizes[2]:  256
[    0.296479] x86/fpu: xstate_offset[5]:  832, xstate_sizes[5]:   64
[    0.297479] x86/fpu: xstate_offset[6]:  896, xstate_sizes[6]:  512
[    0.298471] x86/fpu: xstate_offset[7]: 1408, xstate_sizes[7]: 1024
[    0.299472] x86/fpu: xstate_offset[9]: 2432, xstate_sizes[9]:    8
[    0.300479] x86/fpu: xstate_offset[17]: 2496, xstate_sizes[17]:   64
[    0.301473] x86/fpu: xstate_offset[18]: 2560, xstate_sizes[18]: 8192
[    0.302478] x86/fpu: Enabled xstate features 0x602e7, context size is 10752 bytes, using 'compacted' format.
[    0.347436] Freeing SMP alternatives memory: 40K
[    0.347473] pid_max: default: 57344 minimum: 448
[    0.348772] Mount-cache hash table entries: 2048 (order: 2, 16384 bytes, linear)
[    0.349484] Mountpoint-cache hash table entries: 2048 (order: 2, 16384 bytes, linear)
[    0.352402] smpboot: CPU0: Intel(R) Xeon(R) Platinum 8480+ (family: 0x6, model: 0x8f, stepping: 0x6)
[    0.353266] Performance Events: PEBS fmt0-, Sapphire Rapids events, full-width counters, Intel PMU driver.
[    0.353477] ... version:                2
[    0.354295] ... bit width:              48
[    0.354472] ... generic registers:      8
[    0.355283] ... value mask:             0000ffffffffffff
[    0.355471] ... max period:             00007fffffffffff
[    0.356471] ... fixed-purpose events:   3
[    0.357289] ... event mask:             00000007000000ff
[    0.357816] signal: max sigframe size: 11952
[    0.358543] rcu: Hierarchical SRCU implementation.
[    0.359472] rcu: Max phase no-delay instances is 400.
[    0.360590] Timer migration: 2 hierarchy levels; 8 children per group; 2 crossnode level
[    0.364143] smp: Bringing up secondary CPUs ...
[    0.364770] smpboot: x86: Booting SMP configuration:
[    0.365476] .... node  #0, CPUs:        #1  #2  #3  #4  #5  #6  #7  #8  #9 #10 #11 #12 #13 #14 #15 #16 #17 #18 #19 #20 #21 #22 #23 #24 #25 #26 #27 #28 #29 #30 #31 #32 #33 #34 #35 #36 #37 #38 #39 #40 #41 #42 #43 #44 #45 #46 #47 #48 #49 #50 #51 #52 #53 #54 #55
[    0.429998] smp: Brought up 1 node, 56 CPUs
[    0.431312] smpboot: Total of 56 processors activated (224000.00 BogoMIPS)
[    0.447742] Memory: 742652K/1048056K available (45056K kernel code, 11290K rwdata, 9924K rodata, 5952K init, 1976K bss, 280344K reserved, 0K cma-reserved)
[    0.452484] devtmpfs: initialized
[    0.453872] x86/mm: Memory block size: 128MB
[    0.464967] clocksource: jiffies: mask: 0xffffffff max_cycles: 0xffffffff, max_idle_ns: 1911260446275000 ns
[    0.466499] futex hash table entries: 16384 (order: 8, 1048576 bytes, linear)
[    0.469603] PM: RTC time: 18:28:19, date: 2024-08-06
[    0.473869] NET: Registered PF_NETLINK/PF_ROUTE protocol family
[    0.475684] thermal_sys: Registered thermal governor 'step_wise'
[    0.475689] thermal_sys: Registered thermal governor 'user_space'
[    0.477534] cpuidle: using governor menu
[    0.482881] PCI: Using configuration type 1 for base access
[    0.484547] kprobes: kprobe jump-optimization is enabled. All kprobes are optimized if possible.
[    0.489753] HugeTLB: registered 1.00 GiB page size, pre-allocated 0 pages
[    0.491476] HugeTLB: 16380 KiB vmemmap can be freed for a 1.00 GiB page
[    0.493474] HugeTLB: registered 2.00 MiB page size, pre-allocated 0 pages
[    0.495473] HugeTLB: 28 KiB vmemmap can be freed for a 2.00 MiB page
[    0.498510] ACPI: Added _OSI(Module Device)
[    0.499452] ACPI: Added _OSI(Processor Device)
[    0.500474] ACPI: Added _OSI(3.0 _SCP Extensions)
[    0.501472] ACPI: Added _OSI(Processor Aggregator Device)
[    0.531364] ACPI: 1 ACPI AML tables successfully acquired and loaded
[    0.541631] ACPI: Interpreter enabled
[    0.542506] ACPI: PM: (supports S0 S3 S4 S5)
[    0.543383] ACPI: Using IOAPIC for interrupt routing
[    0.544546] PCI: Using host bridge windows from ACPI; if necessary, use "pci=nocrs" and report a bug
[    0.546473] PCI: Using E820 reservations for host bridge windows
[    0.548931] ACPI: Enabled 2 GPEs in block 00 to 0F
[    0.610342] ACPI: PCI Root Bridge [PCI0] (domain 0000 [bus 00-ff])
[    0.611490] acpi PNP0A03:00: _OSC: OS supports [ASPM ClockPM Segments MSI HPX-Type3]
[    0.612473] acpi PNP0A03:00: _OSC: not requesting OS control; OS requires [ExtendedConfig ASPM ClockPM MSI]
[    0.614606] acpi PNP0A03:00: fail to add MMCONFIG information, can't access extended configuration space under this bridge
[    0.616913] PCI host bridge to bus 0000:00
[    0.618537] pci_bus 0000:00: root bus resource [io  0x0000-0x0cf7 window]
[    0.619475] pci_bus 0000:00: root bus resource [io  0x0d00-0xffff window]
[    0.620475] pci_bus 0000:00: root bus resource [mem 0x000a0000-0x000bffff window]
[    0.621475] pci_bus 0000:00: root bus resource [mem 0x40000000-0xfebfffff window]
[    0.623475] pci_bus 0000:00: root bus resource [mem 0x100000000-0x17fffffff window]
[    0.624475] pci_bus 0000:00: root bus resource [bus 00-ff]
[    0.625543] pci 0000:00:00.0: [8086:1237] type 00 class 0x060000 conventional PCI endpoint
[    0.628717] pci 0000:00:01.0: [8086:7000] type 00 class 0x060100 conventional PCI endpoint
[    0.630850] pci 0000:00:01.1: [8086:7010] type 00 class 0x010180 conventional PCI endpoint
[    0.635811] pci 0000:00:01.1: BAR 4 [io  0xc0c0-0xc0cf]
[    0.637834] pci 0000:00:01.1: BAR 0 [io  0x01f0-0x01f7]: legacy IDE quirk
[    0.639472] pci 0000:00:01.1: BAR 1 [io  0x03f6]: legacy IDE quirk
[    0.640472] pci 0000:00:01.1: BAR 2 [io  0x0170-0x0177]: legacy IDE quirk
[    0.641472] pci 0000:00:01.1: BAR 3 [io  0x0376]: legacy IDE quirk
[    0.644458] pci 0000:00:01.3: [8086:7113] type 00 class 0x068000 conventional PCI endpoint
[    0.646106] pci 0000:00:01.3: quirk: [io  0x0600-0x063f] claimed by PIIX4 ACPI
[    0.647482] pci 0000:00:01.3: quirk: [io  0x0700-0x070f] claimed by PIIX4 SMB
[    0.650510] pci 0000:00:02.0: [1af4:1009] type 00 class 0x000200 conventional PCI endpoint
[    0.654226] pci 0000:00:02.0: BAR 0 [io  0xc000-0xc03f]
[    0.655474] pci 0000:00:02.0: BAR 1 [mem 0xfebfc000-0xfebfcfff]
[    0.661475] pci 0000:00:02.0: BAR 4 [mem 0xfebf0000-0xfebf3fff 64bit pref]
[    0.676468] pci 0000:00:03.0: [1af4:1009] type 00 class 0x000200 conventional PCI endpoint
[    0.679417] pci 0000:00:03.0: BAR 0 [io  0xc040-0xc07f]
[    0.681341] pci 0000:00:03.0: BAR 1 [mem 0xfebfd000-0xfebfdfff]
[    0.687481] pci 0000:00:03.0: BAR 4 [mem 0xfebf4000-0xfebf7fff 64bit pref]
[    0.705924] pci 0000:00:04.0: [8086:25ab] type 00 class 0x088000 conventional PCI endpoint
[    0.707934] pci 0000:00:04.0: BAR 0 [mem 0xfebfe000-0xfebfe00f]
[    0.723007] pci 0000:00:05.0: [1af4:1003] type 00 class 0x078000 conventional PCI endpoint
[    0.725352] pci 0000:00:05.0: BAR 0 [io  0xc080-0xc0bf]
[    0.727277] pci 0000:00:05.0: BAR 1 [mem 0xfebff000-0xfebfffff]
[    0.730477] pci 0000:00:05.0: BAR 4 [mem 0xfebf8000-0xfebfbfff 64bit pref]
[    0.745983] ACPI: PCI: Interrupt link LNKA configured for IRQ 10
[    0.748557] ACPI: PCI: Interrupt link LNKB configured for IRQ 10
[    0.750521] ACPI: PCI: Interrupt link LNKC configured for IRQ 11
[    0.752517] ACPI: PCI: Interrupt link LNKD configured for IRQ 11
[    0.753909] ACPI: PCI: Interrupt link LNKS configured for IRQ 9
[    0.786365] iommu: Default domain type: Translated
[    0.786472] iommu: DMA domain TLB invalidation policy: lazy mode
[    0.789053] SCSI subsystem initialized
[    0.790642] pps_core: LinuxPPS API ver. 1 registered
[    0.791475] pps_core: Software ver. 5.3.6 - Copyright 2005-2007 Rodolfo Giometti <giometti@linux.it>
[    0.793492] PTP clock support registered
[    0.795643] Advanced Linux Sound Architecture Driver Initialized.
[    0.799251] NET: Registered PF_ATMPVC protocol family
[    0.799472] NET: Registered PF_ATMSVC protocol family
[    0.800504] PCI: Using ACPI for IRQ routing
[    0.802591] vgaarb: loaded
[    0.803783] hpet0: at MMIO 0xfed00000, IRQs 2, 8, 0
[    0.805482] hpet0: 3 comparators, 64-bit 100.000000 MHz counter
[    0.809127] clocksource: Switched to clocksource kvm-clock
[    0.810442] VFS: Disk quotas dquot_6.6.0
[    0.811308] VFS: Dquot-cache hash table entries: 512 (order 0, 4096 bytes)
[    0.816819] pnp: PnP ACPI init
[    0.822743] pnp: PnP ACPI: found 5 devices
[    0.852889] clocksource: acpi_pm: mask: 0xffffff max_cycles: 0xffffff, max_idle_ns: 2085701024 ns
[    0.854899] NET: Registered PF_INET protocol family
[    0.856008] IP idents hash table entries: 16384 (order: 5, 131072 bytes, linear)
[    0.858278] tcp_listen_portaddr_hash hash table entries: 512 (order: 1, 8192 bytes, linear)
[    0.860005] Table-perturb hash table entries: 65536 (order: 6, 262144 bytes, linear)
[    0.861624] TCP established hash table entries: 8192 (order: 4, 65536 bytes, linear)
[    0.863230] TCP bind hash table entries: 8192 (order: 6, 262144 bytes, linear)
[    0.865104] TCP: Hash tables configured (established 8192 bind 8192)
[    0.866784] UDP hash table entries: 512 (order: 2, 16384 bytes, linear)
[    0.868149] UDP-Lite hash table entries: 512 (order: 2, 16384 bytes, linear)
[    0.870034] NET: Registered PF_UNIX/PF_LOCAL protocol family
[    0.871238] pci_bus 0000:00: resource 4 [io  0x0000-0x0cf7 window]
[    0.872532] pci_bus 0000:00: resource 5 [io  0x0d00-0xffff window]
[    0.873803] pci_bus 0000:00: resource 6 [mem 0x000a0000-0x000bffff window]
[    0.875219] pci_bus 0000:00: resource 7 [mem 0x40000000-0xfebfffff window]
[    0.876634] pci_bus 0000:00: resource 8 [mem 0x100000000-0x17fffffff window]
[    0.878329] pci 0000:00:01.0: PIIX3: Enabling Passive Release
[    0.879530] pci 0000:00:00.0: Limiting direct PCI/PCI transfers
[    0.880877] PCI: CLS 0 bytes, default 64
[    0.899366] RAPL PMU: API unit is 2^-32 Joules, 1 fixed counters, 10737418240 ms ovfl timer
[    0.901272] RAPL PMU: hw unit of domain psys 2^-0 Joules
[    1.277225] kwatchdog (374) used greatest stack depth: 30696 bytes left
[    1.492139] kvm_amd: CPU 19 isn't AMD or Hygon
[    1.493104] clocksource: tsc: mask: 0xffffffffffffffff max_cycles: 0x39a85c9bff6, max_idle_ns: 881590591483 ns
[    1.647864] Initialise system trusted keyrings
[    1.649576] workingset: timestamp_bits=56 max_order=18 bucket_order=0
[    1.651139] squashfs: version 4.0 (2009/01/31) Phillip Lougher
[    1.652389] fuse: init (API version 7.40)
[    1.653893] 9p: Installing v9fs 9p2000 file system support
[    1.674017] Key type asymmetric registered
[    1.674875] Asymmetric key parser 'x509' registered
[    1.675965] Block layer SCSI generic (bsg) driver version 0.4 loaded (major 249)
[    1.677516] io scheduler mq-deadline registered
[    1.678449] io scheduler kyber registered
[    1.698270] input: Power Button as /devices/LNXSYSTM:00/LNXPWRBN:00/input/input0
[    1.700655] ACPI: button: Power Button [PWRF]
[    1.704923] Warning: Processor Platform Limit event detected, but not handled.
[    1.707745] Consider compiling CPUfreq support into your kernel.
[    2.628956] ACPI: \_SB_.LNKB: Enabled at IRQ 10
[    3.512582] ACPI: \_SB_.LNKC: Enabled at IRQ 11
[    4.345624] ACPI: \_SB_.LNKA: Enabled at IRQ 10
[    4.347760] Serial: 8250/16550 driver, 4 ports, IRQ sharing enabled
[    4.349064] 00:03: ttyS0 at I/O 0x3f8 (irq = 4, base_baud = 115200) is a 16550A
[    4.378942] Non-volatile memory driver v1.3
[    4.379501] Linux agpgart interface v0.103
[    4.380472] ACPI: bus type drm_connector registered
[    4.383113] printk: legacy console [hvc0] enabled
[    4.384186] printk: legacy bootconsole [earlyser0] disabled
          _      _                                    
   __   _(_)_ __| |_ _ __ ___   ___       _ __   __ _ 
   \ \ / / |  __| __|  _   _ \ / _ \_____|  _ \ / _  |
    \ V /| | |  | |_| | | | | |  __/_____| | | | (_| |
     \_/ |_|_|   \__|_| |_| |_|\___|     |_| |_|\__  |
                                                |___/ 
   kernel version: 6.11.0-rc1-virtme x86_64
   (CTRL+d to exit)

root@virtme-ng:/nipa-data/kernel# PS1='xx__-> '
xx__-> env
PWD=/nipa-data/kernel
nr_open=1048576
HOME=/
TERM=xterm
SHLVL=2
XDG_RUNTIME_DIR=/run/user/0
PATH=/bin:/sbin:/usr/bin:/usr/sbin:/usr/local/bin
OLDPWD=/
_=/bin/env
xx__-> 