No EFI environment detected.
early console in extract_kernel
input_data: 0x0000000004ab02c4
input_len: 0x00000000018fc4c6
output: 0x0000000001000000
output_len: 0x0000000005338d90
kernel_total_size: 0x0000000005030000
needed_size: 0x0000000005400000
trampoline_32bit: 0x0000000000000000
Physical KASLR using RDRAND RDTSC...
Virtual KASLR using RDRAND RDTSC...

Decompressing Linux... Parsing ELF... Performing relocations... done.
Booting the kernel (entry_offset: 0x0000000000000000).
[    0.000000] Linux version 6.13.0-rc2-virtme (root@51bdbdbc2813) (gcc (Ubuntu 13.3.0-6ubuntu2~24.04) 13.3.0, GNU ld (GNU Binutils for Ubuntu) 2.42) #1 SMP PREEMPT_DYNAMIC Tue Dec 17 00:27:20 UTC 2024
[    0.000000] Command line: virtme_hostname=virtme-ng nr_open=1048576 virtme_link_mods=/nipa-data/kernel/.virtme_mods/lib/modules/0.0.0 virtme_initmount0=nipa-data/kernel virtme_rw_overlay0=/etc virtme_rw_overlay1=/lib virtme_rw_overlay2=/home virtme_rw_overlay3=/opt virtme_rw_overlay4=/srv virtme_rw_overlay5=/usr virtme_rw_overlay6=/var console=hvc0 earlyprintk=serial,ttyS0,115200 virtme_console=ttyS0 psmouse.proto=exps TERM=xterm virtme_chdir=nipa-data/kernel virtme_root_user=1 rootfstype=9p rootflags=version=9p2000.L,trans=virtio,access=any raid=noautodetect ro init=/usr/lib/python3/dist-packages/virtme/guest/virtme-init
[    0.000000] BIOS-provided physical RAM map:
[    0.000000] BIOS-e820: [mem 0x0000000000000000-0x000000000009fbff] usable
[    0.000000] BIOS-e820: [mem 0x000000000009fc00-0x000000000009ffff] reserved
[    0.000000] BIOS-e820: [mem 0x00000000000f0000-0x00000000000fffff] reserved
[    0.000000] BIOS-e820: [mem 0x0000000000100000-0x000000003ffdffff] usable
[    0.000000] BIOS-e820: [mem 0x000000003ffe0000-0x000000003fffffff] reserved
[    0.000000] BIOS-e820: [mem 0x00000000feffc000-0x00000000feffffff] reserved
[    0.000000] BIOS-e820: [mem 0x00000000fffc0000-0x00000000ffffffff] reserved
[    0.000000] BIOS-e820: [mem 0x000000fd00000000-0x000000ffffffffff] reserved
[    0.000000] printk: legacy bootconsole [earlyser0] enabled
[    0.000000] NX (Execute Disable) protection: active
[    0.000000] APIC: Static calls initialized
[    0.000000] SMBIOS 3.0.0 present.
[    0.000000] DMI: QEMU Ubuntu 24.04 PC (i440FX + PIIX, 1996), BIOS 1.16.3-debian-1.16.3-2 04/01/2014
[    0.000000] DMI: Memory slots populated: 1/1
[    0.000000] Hypervisor detected: KVM
[    0.000000] kvm-clock: Using msrs 4b564d01 and 4b564d00
[    0.000000] kvm-clock: using sched offset of 336478894 cycles
[    0.000366] clocksource: kvm-clock: mask: 0xffffffffffffffff max_cycles: 0x1cd42e4dffb, max_idle_ns: 881590591483 ns
[    0.001506] tsc: Detected 4491.556 MHz processor
[    0.002164] last_pfn = 0x3ffe0 max_arch_pfn = 0x400000000
[    0.002563] MTRR map: 4 entries (3 fixed + 1 variable; max 19), built from 8 variable MTRRs
[    0.003147] x86/PAT: Configuration [0-7]: WB  WC  UC- UC  WB  WP  UC- WT  
[    0.005067] found SMP MP-table at [mem 0x000f5470-0x000f547f]
[    0.005472] Using GB pages for direct mapping
[    0.005966] ACPI: Early table checksum verification disabled
[    0.006362] ACPI: RSDP 0x00000000000F5290 000014 (v00 BOCHS )
[    0.006764] ACPI: RSDT 0x000000003FFE27BC 000034 (v01 BOCHS  BXPC     00000001 BXPC 00000001)
[    0.007364] ACPI: FACP 0x000000003FFE2578 000074 (v01 BOCHS  BXPC     00000001 BXPC 00000001)
[    0.007960] ACPI: DSDT 0x000000003FFE0040 002538 (v01 BOCHS  BXPC     00000001 BXPC 00000001)
[    0.008555] ACPI: FACS 0x000000003FFE0000 000040
[    0.008879] ACPI: APIC 0x000000003FFE25EC 000170 (v03 BOCHS  BXPC     00000001 BXPC 00000001)
[    0.009474] ACPI: HPET 0x000000003FFE275C 000038 (v01 BOCHS  BXPC     00000001 BXPC 00000001)
[    0.010069] ACPI: WAET 0x000000003FFE2794 000028 (v01 BOCHS  BXPC     00000001 BXPC 00000001)
[    0.010663] ACPI: Reserving FACP table memory at [mem 0x3ffe2578-0x3ffe25eb]
[    0.011156] ACPI: Reserving DSDT table memory at [mem 0x3ffe0040-0x3ffe2577]
[    0.011647] ACPI: Reserving FACS table memory at [mem 0x3ffe0000-0x3ffe003f]
[    0.012136] ACPI: Reserving APIC table memory at [mem 0x3ffe25ec-0x3ffe275b]
[    0.012626] ACPI: Reserving HPET table memory at [mem 0x3ffe275c-0x3ffe2793]
[    0.013119] ACPI: Reserving WAET table memory at [mem 0x3ffe2794-0x3ffe27bb]
[    0.013793] No NUMA configuration found
[    0.014059] Faking a node at [mem 0x0000000000000000-0x000000003ffdffff]
[    0.014524] NODE_DATA(0) allocated [mem 0x3ffdb780-0x3ffdffff]
[    0.014944] Zone ranges:
[    0.015123]   DMA      [mem 0x0000000000001000-0x0000000000ffffff]
[    0.015552]   DMA32    [mem 0x0000000001000000-0x000000003ffdffff]
[    0.015982]   Normal   empty
[    0.016183]   Device   empty
[    0.016383] Movable zone start for each node
[    0.016679] Early memory node ranges
[    0.016927]   node   0: [mem 0x0000000000001000-0x000000000009efff]
[    0.017362]   node   0: [mem 0x0000000000100000-0x000000003ffdffff]
[    0.017796] Initmem setup node 0 [mem 0x0000000000001000-0x000000003ffdffff]
[    0.018288] On node 0, zone DMA: 1 pages in unavailable ranges
[    0.018747] On node 0, zone DMA: 97 pages in unavailable ranges
[    0.023291] On node 0, zone DMA32: 32 pages in unavailable ranges
[    0.032264] kasan: KernelAddressSanitizer initialized
[    0.032839] ACPI: PM-Timer IO Port: 0x608
[    0.033128] ACPI: LAPIC_NMI (acpi_id[0xff] dfl dfl lint[0x1])
[    0.033548] IOAPIC[0]: apic_id 0, version 17, address 0xfec00000, GSI 0-23
[    0.034025] ACPI: INT_SRC_OVR (bus 0 bus_irq 0 global_irq 2 dfl dfl)
[    0.034467] ACPI: INT_SRC_OVR (bus 0 bus_irq 5 global_irq 5 high level)
[    0.034926] ACPI: INT_SRC_OVR (bus 0 bus_irq 9 global_irq 9 high level)
[    0.035393] ACPI: INT_SRC_OVR (bus 0 bus_irq 10 global_irq 10 high level)
[    0.035864] ACPI: INT_SRC_OVR (bus 0 bus_irq 11 global_irq 11 high level)
[    0.036336] ACPI: Using ACPI (MADT) for SMP configuration information
[    0.036783] ACPI: HPET id: 0x8086a201 base: 0xfed00000
[    0.037141] TSC deadline timer available
[    0.037415] CPU topo: Max. logical packages:   1
[    0.037735] CPU topo: Max. logical dies:       1
[    0.038054] CPU topo: Max. dies per package:   1
[    0.038376] CPU topo: Max. threads per core:   1
[    0.038696] CPU topo: Num. cores per package:    32
[    0.039034] CPU topo: Num. threads per package:  32
[    0.039373] CPU topo: Allowing 32 present CPUs plus 0 hotplug CPUs
[    0.039815] kvm-guest: APIC: eoi() replaced with kvm_guest_apic_eoi_write()
[    0.040310] kvm-guest: KVM setup pv remote TLB flush
[    0.040655] kvm-guest: setup PV sched yield
[    0.040951] PM: hibernation: Registered nosave memory: [mem 0x00000000-0x00000fff]
[    0.041475] PM: hibernation: Registered nosave memory: [mem 0x0009f000-0x0009ffff]
[    0.041999] PM: hibernation: Registered nosave memory: [mem 0x000a0000-0x000effff]
[    0.042523] PM: hibernation: Registered nosave memory: [mem 0x000f0000-0x000fffff]
[    0.043047] [mem 0x40000000-0xfeffbfff] available for PCI devices
[    0.043472] Booting paravirtualized kernel on KVM
[    0.043798] clocksource: refined-jiffies: mask: 0xffffffff max_cycles: 0xffffffff, max_idle_ns: 1910969940391419 ns
[    0.052392] setup_percpu: NR_CPUS:64 nr_cpumask_bits:32 nr_cpu_ids:32 nr_node_ids:1
[    0.054147] percpu: Embedded 70 pages/cpu s247896 r8192 d30632 u524288
[    0.054668] Kernel command line: virtme_hostname=virtme-ng nr_open=1048576 virtme_link_mods=/nipa-data/kernel/.virtme_mods/lib/modules/0.0.0 virtme_initmount0=nipa-data/kernel virtme_rw_overlay0=/etc virtme_rw_overlay1=/lib virtme_rw_overlay2=/home virtme_rw_overlay3=/opt virtme_rw_overlay4=/srv virtme_rw_overlay5=/usr virtme_rw_overlay6=/var console=hvc0 earlyprintk=serial,ttyS0,115200 virtme_console=ttyS0 psmouse.proto=exps TERM=xterm virtme_chdir=nipa-data/kernel virtme_root_user=1 rootfstype=9p rootflags=version=9p2000.L,trans=virtio,access=any raid=noautodetect ro init=/usr/lib/python3/dist-packages/virtme/guest/virtme-init
[    0.058786] Unknown kernel command line parameters "virtme_hostname=virtme-ng nr_open=1048576 virtme_link_mods=/nipa-data/kernel/.virtme_mods/lib/modules/0.0.0 virtme_initmount0=nipa-data/kernel virtme_rw_overlay0=/etc virtme_rw_overlay1=/lib virtme_rw_overlay2=/home virtme_rw_overlay3=/opt virtme_rw_overlay4=/srv virtme_rw_overlay5=/usr virtme_rw_overlay6=/var virtme_console=ttyS0 virtme_chdir=nipa-data/kernel virtme_root_user=1", will be passed to user space.
[    0.061902] random: crng init done
[    0.062145] printk: log buffer data + meta data: 262144 + 917504 = 1179648 bytes
[    0.062704] Dentry cache hash table entries: 131072 (order: 8, 1048576 bytes, linear)
[    0.063289] Inode-cache hash table entries: 65536 (order: 7, 524288 bytes, linear)
[    0.064242] Fallback order for Node 0: 0 
[    0.064246] Built 1 zonelists, mobility grouping on.  Total pages: 262014
[    0.065016] Policy zone: DMA32
[    0.065238] mem auto-init: stack:all(zero), heap alloc:off, heap free:off
[    0.065724] stackdepot: allocating hash table via alloc_large_system_hash
[    0.066210] stackdepot hash table entries: 1048576 (order: 12, 16777216 bytes, linear)
[    0.074201] SLUB: HWalign=64, Order=0-3, MinObjects=0, CPUs=32, Nodes=1
Poking KASLR using RDRAND RDTSC...
[    0.074978] ftrace: allocating 48885 entries in 191 pages
[    0.092049] ftrace: allocated 191 pages with 7 groups
[    0.093246] Dynamic Preempt: voluntary
[    0.093952] rcu: Preemptible hierarchical RCU implementation.
[    0.094364] rcu: RCU event tracing is enabled.
[    0.094683] rcu: RCU restricting CPUs from NR_CPUS=64 to nr_cpu_ids=32.
[    0.095162] Trampoline variant of Tasks RCU enabled.
[    0.095525] Rude variant of Tasks RCU enabled.
[    0.095846] Tracing variant of Tasks RCU enabled.
[    0.096187] rcu: RCU calculated value of scheduler-enlistment delay is 100 jiffies.
[    0.096734] rcu: Adjusting geometry for rcu_fanout_leaf=16, nr_cpu_ids=32
[    0.097278] RCU Tasks: Setting shift to 5 and lim to 1 rcu_task_cb_adjust=1 rcu_task_cpu_ids=32.
[    0.097904] RCU Tasks Rude: Setting shift to 5 and lim to 1 rcu_task_cb_adjust=1 rcu_task_cpu_ids=32.
[    0.098565] RCU Tasks Trace: Setting shift to 5 and lim to 1 rcu_task_cb_adjust=1 rcu_task_cpu_ids=32.
[    0.107436] NR_IRQS: 4352, nr_irqs: 680, preallocated irqs: 16
[    0.108104] rcu: srcu_init: Setting srcu_struct sizes based on contention.
[    0.108808] Console: colour *CGA 80x25
[    0.109105] ACPI: Core revision 20240827
[    0.109535] clocksource: hpet: mask: 0xffffffff max_cycles: 0xffffffff, max_idle_ns: 19112604467 ns
[    0.110248] APIC: Switch to symmetric I/O mode setup
[    0.110618] kvm-guest: APIC: send_IPI_mask() replaced with kvm_send_ipi_mask()
[    0.111139] kvm-guest: APIC: send_IPI_mask_allbutself() replaced with kvm_send_ipi_mask_allbutself()
[    0.111774] kvm-guest: setup PV IPIs
[    0.112870] ..TIMER: vector=0x30 apic1=0 pin1=2 apic2=-1 pin2=-1
[    0.113654] clocksource: tsc-early: mask: 0xffffffffffffffff max_cycles: 0x40be400eb43, max_idle_ns: 440795366972 ns
[    0.114984] Calibrating delay loop (skipped) preset value.. 8983.11 BogoMIPS (lpj=4491556)
[    0.116048] x86/cpu: User Mode Instruction Prevention (UMIP) activated
[    0.117041] Last level iTLB entries: 4KB 512, 2MB 255, 4MB 127
[    0.117983] Last level dTLB entries: 4KB 512, 2MB 255, 4MB 127, 1GB 0
[    0.118987] Spectre V1 : Mitigation: usercopy/swapgs barriers and __user pointer sanitization
[    0.119987] Spectre V2 : Mitigation: Enhanced / Automatic IBRS
[    0.120983] Spectre V2 : Spectre v2 / SpectreRSB mitigation: Filling RSB on context switch
[    0.121984] Spectre V2 : mitigation: Enabling conditional Indirect Branch Prediction Barrier
[    0.122985] Speculative Store Bypass: Mitigation: Speculative Store Bypass disabled via prctl
[    0.123983] Speculative Return Stack Overflow: IBPB-extending microcode not applied!
[    0.124983] Speculative Return Stack Overflow: WARNING: See https://kernel.org/doc/html/latest/admin-guide/hw-vuln/srso.html for mitigation options.
[    0.124984] Speculative Return Stack Overflow: Vulnerable: Safe RET, no microcode
[    0.126998] x86/fpu: Supporting XSAVE feature 0x001: 'x87 floating point registers'
[    0.127983] x86/fpu: Supporting XSAVE feature 0x002: 'SSE registers'
[    0.128983] x86/fpu: Supporting XSAVE feature 0x004: 'AVX registers'
[    0.129983] x86/fpu: Supporting XSAVE feature 0x020: 'AVX-512 opmask'
[    0.130983] x86/fpu: Supporting XSAVE feature 0x040: 'AVX-512 Hi256'
[    0.131983] x86/fpu: Supporting XSAVE feature 0x080: 'AVX-512 ZMM_Hi256'
[    0.132792] x86/fpu: Supporting XSAVE feature 0x200: 'Protection Keys User registers'
[    0.132983] x86/fpu: xstate_offset[2]:  576, xstate_sizes[2]:  256
[    0.133983] x86/fpu: xstate_offset[5]:  832, xstate_sizes[5]:   64
[    0.134983] x86/fpu: xstate_offset[6]:  896, xstate_sizes[6]:  512
[    0.135983] x86/fpu: xstate_offset[7]: 1408, xstate_sizes[7]: 1024
[    0.136727] x86/fpu: xstate_offset[9]: 2432, xstate_sizes[9]:    8
[    0.136983] x86/fpu: Enabled xstate features 0x2e7, context size is 2440 bytes, using 'compacted' format.
[    0.158762] Freeing SMP alternatives memory: 40K
[    0.158985] pid_max: default: 32768 minimum: 301
[    0.160038] Mount-cache hash table entries: 2048 (order: 2, 16384 bytes, linear)
[    0.160935] Mountpoint-cache hash table entries: 2048 (order: 2, 16384 bytes, linear)
[    0.162520] smpboot: CPU0: AMD Ryzen 9 7950X 16-Core Processor (family: 0x19, model: 0x61, stepping: 0x2)
[    0.163441] Performance Events: Fam17h+ core perfctr, AMD PMU driver.
[    0.163988] ... version:                0
[    0.164473] ... bit width:              48
[    0.164968] ... generic registers:      6
[    0.164984] ... value mask:             0000ffffffffffff
[    0.165626] ... max period:             00007fffffffffff
[    0.165984] ... fixed-purpose events:   0
[    0.166474] ... event mask:             000000000000003f
[    0.167094] signal: max sigframe size: 3376
[    0.167645] rcu: Hierarchical SRCU implementation.
[    0.167985] rcu: Max phase no-delay instances is 400.
[    0.168678] Timer migration: 2 hierarchy levels; 8 children per group; 2 crossnode level
[    0.172660] smp: Bringing up secondary CPUs ...
[    0.173163] smpboot: x86: Booting SMP configuration:
[    0.173765] .... node  #0, CPUs:        #1  #2  #3  #4  #5  #6  #7  #8  #9 #10 #11 #12 #13 #14 #15 #16 #17 #18 #19 #20 #21 #22 #23 #24 #25 #26 #27 #28 #29 #30 #31
[    0.197085] smp: Brought up 1 node, 32 CPUs
[    0.198496] smpboot: Total of 32 processors activated (287459.58 BogoMIPS)
[    0.202111] Memory: 763404K/1048056K available (45056K kernel code, 11459K rwdata, 10080K rodata, 6048K init, 1648K bss, 269008K reserved, 0K cma-reserved)
[    0.203098] devtmpfs: initialized
[    0.203549] x86/mm: Memory block size: 128MB
[    0.210011] clocksource: jiffies: mask: 0xffffffff max_cycles: 0xffffffff, max_idle_ns: 1911260446275000 ns
[    0.210989] futex hash table entries: 8192 (order: 7, 524288 bytes, linear)
[    0.212178] PM: RTC time: 00:27:43, date: 2024-12-17
[    0.213434] NET: Registered PF_NETLINK/PF_ROUTE protocol family
[    0.214812] thermal_sys: Registered thermal governor 'step_wise'
[    0.214814] thermal_sys: Registered thermal governor 'user_space'
[    0.215016] cpuidle: using governor menu
[    0.217255] PCI: Using configuration type 1 for base access
[    0.217940] PCI: Using configuration type 1 for extended access
[    0.218109] kprobes: kprobe jump-optimization is enabled. All kprobes are optimized if possible.
[    0.232478] HugeTLB: registered 1.00 GiB page size, pre-allocated 0 pages
[    0.232985] HugeTLB: 16380 KiB vmemmap can be freed for a 1.00 GiB page
[    0.233797] HugeTLB: registered 2.00 MiB page size, pre-allocated 0 pages
[    0.234985] HugeTLB: 28 KiB vmemmap can be freed for a 2.00 MiB page
[    0.236306] ACPI: Added _OSI(Module Device)
[    0.236824] ACPI: Added _OSI(Processor Device)
[    0.236985] ACPI: Added _OSI(3.0 _SCP Extensions)
[    0.237565] ACPI: Added _OSI(Processor Aggregator Device)
[    0.260834] ACPI: 1 ACPI AML tables successfully acquired and loaded
[    0.264762] ACPI: Interpreter enabled
[    0.266043] ACPI: PM: (supports S0 S3 S4 S5)
[    0.266560] ACPI: Using IOAPIC for interrupt routing
[    0.267031] PCI: Using host bridge windows from ACPI; if necessary, use "pci=nocrs" and report a bug
[    0.267984] PCI: Using E820 reservations for host bridge windows
[    0.269713] ACPI: Enabled 2 GPEs in block 00 to 0F
[    0.313931] ACPI: PCI Root Bridge [PCI0] (domain 0000 [bus 00-ff])
[    0.314998] acpi PNP0A03:00: _OSC: OS supports [ExtendedConfig ASPM ClockPM Segments MSI HPX-Type3]
[    0.316458] PCI host bridge to bus 0000:00
[    0.317010] pci_bus 0000:00: root bus resource [io  0x0000-0x0cf7 window]
[    0.317838] pci_bus 0000:00: root bus resource [io  0x0d00-0xffff window]
[    0.318987] pci_bus 0000:00: root bus resource [mem 0x000a0000-0x000bffff window]
[    0.319897] pci_bus 0000:00: root bus resource [mem 0x40000000-0xfebfffff window]
[    0.320987] pci_bus 0000:00: root bus resource [mem 0x100000000-0x17fffffff window]
[    0.321920] pci_bus 0000:00: root bus resource [bus 00-ff]
[    0.322078] pci 0000:00:00.0: [8086:1237] type 00 class 0x060000 conventional PCI endpoint
[    0.324797] pci 0000:00:01.0: [8086:7000] type 00 class 0x060100 conventional PCI endpoint
[    0.325846] pci 0000:00:01.1: [8086:7010] type 00 class 0x010180 conventional PCI endpoint
[    0.328692] pci 0000:00:01.1: BAR 4 [io  0xc0c0-0xc0cf]
[    0.330735] pci 0000:00:01.1: BAR 0 [io  0x01f0-0x01f7]: legacy IDE quirk
[    0.330985] pci 0000:00:01.1: BAR 1 [io  0x03f6]: legacy IDE quirk
[    0.331739] pci 0000:00:01.1: BAR 2 [io  0x0170-0x0177]: legacy IDE quirk
[    0.332985] pci 0000:00:01.1: BAR 3 [io  0x0376]: legacy IDE quirk
[    0.334386] pci 0000:00:01.3: [8086:7113] type 00 class 0x068000 conventional PCI endpoint
[    0.335237] pci 0000:00:01.3: quirk: [io  0x0600-0x063f] claimed by PIIX4 ACPI
[    0.335989] pci 0000:00:01.3: quirk: [io  0x0700-0x070f] claimed by PIIX4 SMB
[    0.337546] pci 0000:00:02.0: [1af4:1009] type 00 class 0x000200 conventional PCI endpoint
[    0.339360] pci 0000:00:02.0: BAR 0 [io  0xc000-0xc03f]
[    0.340338] pci 0000:00:02.0: BAR 1 [mem 0xfebfc000-0xfebfcfff]
[    0.343986] pci 0000:00:02.0: BAR 4 [mem 0xfebf0000-0xfebf3fff 64bit pref]
[    0.356208] pci 0000:00:03.0: [1af4:1009] type 00 class 0x000200 conventional PCI endpoint
[    0.357300] pci 0000:00:03.0: BAR 0 [io  0xc040-0xc07f]
[    0.358112] pci 0000:00:03.0: BAR 1 [mem 0xfebfd000-0xfebfdfff]
[    0.359616] pci 0000:00:03.0: BAR 4 [mem 0xfebf4000-0xfebf7fff 64bit pref]
[    0.371982] pci 0000:00:04.0: [8086:25ab] type 00 class 0x088000 conventional PCI endpoint
[    0.373124] pci 0000:00:04.0: BAR 0 [mem 0xfebfe000-0xfebfe00f]
[    0.384914] pci 0000:00:05.0: [1af4:1003] type 00 class 0x078000 conventional PCI endpoint
[    0.386267] pci 0000:00:05.0: BAR 0 [io  0xc080-0xc0bf]
[    0.387092] pci 0000:00:05.0: BAR 1 [mem 0xfebff000-0xfebfffff]
[    0.388614] pci 0000:00:05.0: BAR 4 [mem 0xfebf8000-0xfebfbfff 64bit pref]
[    0.402124] ACPI: PCI: Interrupt link LNKA configured for IRQ 10
[    0.403723] ACPI: PCI: Interrupt link LNKB configured for IRQ 10
[    0.405854] ACPI: PCI: Interrupt link LNKC configured for IRQ 11
[    0.406847] ACPI: PCI: Interrupt link LNKD configured for IRQ 11
[    0.408350] ACPI: PCI: Interrupt link LNKS configured for IRQ 9
[    0.426212] iommu: Default domain type: Translated
[    0.426805] iommu: DMA domain TLB invalidation policy: lazy mode
[    0.428418] SCSI subsystem initialized
[    0.429253] pps_core: LinuxPPS API ver. 1 registered
[    0.429863] pps_core: Software ver. 5.3.6 - Copyright 2005-2007 Rodolfo Giometti <giometti@linux.it>
[    0.430999] PTP clock support registered
[    0.431552] Advanced Linux Sound Architecture Driver Initialized.
[    0.433059] NET: Registered PF_ATMPVC protocol family
[    0.433676] NET: Registered PF_ATMSVC protocol family
[    0.435020] PCI: Using ACPI for IRQ routing
[    0.435653] vgaarb: loaded
[    0.436096] hpet0: at MMIO 0xfed00000, IRQs 2, 8, 0
[    0.436699] hpet0: 3 comparators, 64-bit 100.000000 MHz counter
[    0.441183] clocksource: Switched to clocksource kvm-clock
[    0.442161] VFS: Disk quotas dquot_6.6.0
[    0.442658] VFS: Dquot-cache hash table entries: 512 (order 0, 4096 bytes)
[    0.444151] pnp: PnP ACPI init
[    0.446767] pnp: PnP ACPI: found 5 devices
[    0.458405] clocksource: acpi_pm: mask: 0xffffff max_cycles: 0xffffff, max_idle_ns: 2085701024 ns
[    0.459551] NET: Registered PF_INET protocol family
[    0.460172] IP idents hash table entries: 16384 (order: 5, 131072 bytes, linear)
[    0.461426] tcp_listen_portaddr_hash hash table entries: 512 (order: 1, 8192 bytes, linear)
[    0.462438] Table-perturb hash table entries: 65536 (order: 6, 262144 bytes, linear)
[    0.463389] TCP established hash table entries: 8192 (order: 4, 65536 bytes, linear)
[    0.464322] TCP bind hash table entries: 8192 (order: 6, 262144 bytes, linear)
[    0.465202] TCP: Hash tables configured (established 8192 bind 8192)
[    0.466125] UDP hash table entries: 512 (order: 3, 32768 bytes, linear)
[    0.466957] UDP-Lite hash table entries: 512 (order: 3, 32768 bytes, linear)
[    0.468014] NET: Registered PF_UNIX/PF_LOCAL protocol family
[    0.468717] pci_bus 0000:00: resource 4 [io  0x0000-0x0cf7 window]
[    0.469461] pci_bus 0000:00: resource 5 [io  0x0d00-0xffff window]
[    0.470203] pci_bus 0000:00: resource 6 [mem 0x000a0000-0x000bffff window]
[    0.471032] pci_bus 0000:00: resource 7 [mem 0x40000000-0xfebfffff window]
[    0.471859] pci_bus 0000:00: resource 8 [mem 0x100000000-0x17fffffff window]
[    0.472891] pci 0000:00:01.0: PIIX3: Enabling Passive Release
[    0.473589] pci 0000:00:00.0: Limiting direct PCI/PCI transfers
[    0.474360] PCI: CLS 0 bytes, default 64
[    0.475027] kvm_intel: VMX not supported by CPU 20
[    0.475637] kvm_amd: TSC scaling supported
[    0.476130] kvm_amd: Nested Virtualization enabled
[    0.476708] kvm_amd: Nested Paging enabled
[    0.477200] kvm_amd: LBR virtualization supported
[    0.477781] kvm_amd: Virtual GIF supported
[    0.478271] kvm_amd: Virtual NMI enabled
[    0.509901] clocksource: tsc: mask: 0xffffffffffffffff max_cycles: 0x40be400eb43, max_idle_ns: 440795366972 ns
[    0.529090] Initialise system trusted keyrings
[    0.529950] workingset: timestamp_bits=56 max_order=18 bucket_order=0
[    0.530845] squashfs: version 4.0 (2009/01/31) Phillip Lougher
[    0.531574] fuse: init (API version 7.41)
[    0.532191] 9p: Installing v9fs 9p2000 file system support
[    0.541682] Key type asymmetric registered
[    0.542187] Asymmetric key parser 'x509' registered
[    0.542845] Block layer SCSI generic (bsg) driver version 0.4 loaded (major 249)
[    0.543782] io scheduler mq-deadline registered
[    0.544331] io scheduler kyber registered
[    0.546995] input: Power Button as /devices/LNXSYSTM:00/LNXPWRBN:00/input/input0
[    0.548130] ACPI: button: Power Button [PWRF]
[    0.549996] Warning: Processor Platform Limit event detected, but not handled.
[    0.550891] Consider compiling CPUfreq support into your kernel.
[    1.344677] ACPI: \_SB_.LNKB: Enabled at IRQ 10
[    2.132396] ACPI: \_SB_.LNKC: Enabled at IRQ 11
[    2.920345] ACPI: \_SB_.LNKA: Enabled at IRQ 10
[    2.921682] Serial: 8250/16550 driver, 4 ports, IRQ sharing enabled
[    2.922759] 00:03: ttyS0 at I/O 0x3f8 (irq = 4, base_baud = 115200) is a 16550A
[    2.943339] Non-volatile memory driver v1.3
[    2.943892] Linux agpgart interface v0.103
[    2.944558] ACPI: bus type drm_connector registered
[    2.945175] printk: legacy console [hvc0] enabled
[    2.945782] printk: legacy bootconsole [earlyser0] disabled
          _      _                                    
   __   _(_)_ __| |_ _ __ ___   ___       _ __   __ _ 
   \ \ / / |  __| __|  _   _ \ / _ \_____|  _ \ / _  |
    \ V /| | |  | |_| | | | | |  __/_____| | | | (_| |
     \_/ |_|_|   \__|_| |_| |_|\___|     |_| |_|\__  |
                                                |___/ 
   kernel version: 6.13.0-rc2-virtme x86_64
   (CTRL+d to exit)

root@virtme-ng:/nipa-data/kernel# PS1='xx__-> '
xx__-> env
PWD=/nipa-data/kernel
nr_open=1048576
HOME=/
TERM=xterm
SHLVL=2
XDG_RUNTIME_DIR=/run/user/0
PATH=/bin:/sbin:/usr/bin:/usr/sbin:/usr/local/bin
OLDPWD=/
_=/bin/env
xx__-> 