No EFI environment detected.
early console in extract_kernel
input_data: 0x0000000004c852c4
input_len: 0x000000000197b9b7
output: 0x0000000001000000
output_len: 0x000000000558af48
kernel_total_size: 0x0000000005230000
needed_size: 0x0000000005600000
trampoline_32bit: 0x0000000000000000
Physical KASLR using RDRAND RDTSC...
Virtual KASLR using RDRAND RDTSC...

Decompressing Linux... Parsing ELF... Performing relocations... done.
Booting the kernel (entry_offset: 0x0000000002bcb410).
[    0.000000] Linux version 6.15.0-rc7-virtme (root@1f563445f819) (gcc (Ubuntu 13.3.0-6ubuntu2~24.04) 13.3.0, GNU ld (GNU Binutils for Ubuntu) 2.42) #1 SMP PREEMPT_DYNAMIC Mon May 26 06:25:48 UTC 2025
[    0.000000] Command line: virtme_hostname=virtme-ng nr_open=1048576 virtme_link_mods=/nipa-data/kernel/.virtme_mods/lib/modules/0.0.0 virtme_initmount0=nipa-data/kernel virtme_rw_overlay0=/etc virtme_rw_overlay1=/lib virtme_rw_overlay2=/home virtme_rw_overlay3=/opt virtme_rw_overlay4=/srv virtme_rw_overlay5=/usr virtme_rw_overlay6=/var console=hvc0 earlyprintk=serial,ttyS0,115200 virtme_console=ttyS0 psmouse.proto=exps TERM=xterm virtme_chdir=nipa-data/kernel virtme_root_user=1 rootfstype=9p rootflags=version=9p2000.L,trans=virtio,access=any raid=noautodetect ro init=/usr/lib/python3/dist-packages/virtme/guest/virtme-init
[    0.000000] BIOS-provided physical RAM map:
[    0.000000] BIOS-e820: [mem 0x0000000000000000-0x000000000009fbff] usable
[    0.000000] BIOS-e820: [mem 0x000000000009fc00-0x000000000009ffff] reserved
[    0.000000] BIOS-e820: [mem 0x00000000000f0000-0x00000000000fffff] reserved
[    0.000000] BIOS-e820: [mem 0x0000000000100000-0x000000003ffdffff] usable
[    0.000000] BIOS-e820: [mem 0x000000003ffe0000-0x000000003fffffff] reserved
[    0.000000] BIOS-e820: [mem 0x00000000feffc000-0x00000000feffffff] reserved
[    0.000000] BIOS-e820: [mem 0x00000000fffc0000-0x00000000ffffffff] reserved
[    0.000000] BIOS-e820: [mem 0x000000fd00000000-0x000000ffffffffff] reserved
[    0.000000] printk: legacy bootconsole [earlyser0] enabled
[    0.000000] NX (Execute Disable) protection: active
[    0.000000] APIC: Static calls initialized
[    0.000000] SMBIOS 3.0.0 present.
[    0.000000] DMI: QEMU Ubuntu 24.04 PC (i440FX + PIIX, 1996), BIOS 1.16.3-debian-1.16.3-2 04/01/2014
[    0.000000] DMI: Memory slots populated: 1/1
[    0.000000] Hypervisor detected: KVM
[    0.000000] kvm-clock: Using msrs 4b564d01 and 4b564d00
[    0.000000] kvm-clock: using sched offset of 322521830 cycles
[    0.000356] clocksource: kvm-clock: mask: 0xffffffffffffffff max_cycles: 0x1cd42e4dffb, max_idle_ns: 881590591483 ns
[    0.001462] tsc: Detected 4491.564 MHz processor
[    0.002104] last_pfn = 0x3ffe0 max_arch_pfn = 0x400000000
[    0.002494] MTRR map: 4 entries (3 fixed + 1 variable; max 19), built from 8 variable MTRRs
[    0.003062] x86/PAT: Configuration [0-7]: WB  WC  UC- UC  WB  WP  UC- WT  
[    0.004910] found SMP MP-table at [mem 0x000f5470-0x000f547f]
[    0.005306] Using GB pages for direct mapping
[    0.005748] ACPI: Early table checksum verification disabled
[    0.006134] ACPI: RSDP 0x00000000000F5290 000014 (v00 BOCHS )
[    0.006527] ACPI: RSDT 0x000000003FFE27BC 000034 (v01 BOCHS  BXPC     00000001 BXPC 00000001)
[    0.007110] ACPI: FACP 0x000000003FFE2578 000074 (v01 BOCHS  BXPC     00000001 BXPC 00000001)
[    0.007692] ACPI: DSDT 0x000000003FFE0040 002538 (v01 BOCHS  BXPC     00000001 BXPC 00000001)
[    0.008275] ACPI: FACS 0x000000003FFE0000 000040
[    0.008593] ACPI: APIC 0x000000003FFE25EC 000170 (v03 BOCHS  BXPC     00000001 BXPC 00000001)
[    0.009174] ACPI: HPET 0x000000003FFE275C 000038 (v01 BOCHS  BXPC     00000001 BXPC 00000001)
[    0.009757] ACPI: WAET 0x000000003FFE2794 000028 (v01 BOCHS  BXPC     00000001 BXPC 00000001)
[    0.010340] ACPI: Reserving FACP table memory at [mem 0x3ffe2578-0x3ffe25eb]
[    0.010820] ACPI: Reserving DSDT table memory at [mem 0x3ffe0040-0x3ffe2577]
[    0.011302] ACPI: Reserving FACS table memory at [mem 0x3ffe0000-0x3ffe003f]
[    0.011779] ACPI: Reserving APIC table memory at [mem 0x3ffe25ec-0x3ffe275b]
[    0.012256] ACPI: Reserving HPET table memory at [mem 0x3ffe275c-0x3ffe2793]
[    0.012736] ACPI: Reserving WAET table memory at [mem 0x3ffe2794-0x3ffe27bb]
[    0.013400] No NUMA configuration found
[    0.013660] Faking a node at [mem 0x0000000000000000-0x000000003ffdffff]
[    0.014115] NODE_DATA(0) allocated [mem 0x3ffdb600-0x3ffdffff]
[    0.014526] Zone ranges:
[    0.014698]   DMA      [mem 0x0000000000001000-0x0000000000ffffff]
[    0.015116]   DMA32    [mem 0x0000000001000000-0x000000003ffdffff]
[    0.015535]   Normal   empty
[    0.015731]   Device   empty
[    0.015926] Movable zone start for each node
[    0.016216] Early memory node ranges
[    0.016457]   node   0: [mem 0x0000000000001000-0x000000000009efff]
[    0.016884]   node   0: [mem 0x0000000000100000-0x000000003ffdffff]
[    0.017309] Initmem setup node 0 [mem 0x0000000000001000-0x000000003ffdffff]
[    0.017791] On node 0, zone DMA: 1 pages in unavailable ranges
[    0.018238] On node 0, zone DMA: 97 pages in unavailable ranges
[    0.022669] On node 0, zone DMA32: 32 pages in unavailable ranges
[    0.031574] kasan: KernelAddressSanitizer initialized
[    0.032137] ACPI: PM-Timer IO Port: 0x608
[    0.032423] ACPI: LAPIC_NMI (acpi_id[0xff] dfl dfl lint[0x1])
[    0.032850] IOAPIC[0]: apic_id 0, version 17, address 0xfec00000, GSI 0-23
[    0.033318] ACPI: INT_SRC_OVR (bus 0 bus_irq 0 global_irq 2 dfl dfl)
[    0.033749] ACPI: INT_SRC_OVR (bus 0 bus_irq 5 global_irq 5 high level)
[    0.034199] ACPI: INT_SRC_OVR (bus 0 bus_irq 9 global_irq 9 high level)
[    0.034648] ACPI: INT_SRC_OVR (bus 0 bus_irq 10 global_irq 10 high level)
[    0.035109] ACPI: INT_SRC_OVR (bus 0 bus_irq 11 global_irq 11 high level)
[    0.035571] ACPI: Using ACPI (MADT) for SMP configuration information
[    0.036008] ACPI: HPET id: 0x8086a201 base: 0xfed00000
[    0.036359] TSC deadline timer available
[    0.036630] CPU topo: Max. logical packages:   1
[    0.036943] CPU topo: Max. logical dies:       1
[    0.037257] CPU topo: Max. dies per package:   1
[    0.037579] CPU topo: Max. threads per core:   1
[    0.037893] CPU topo: Num. cores per package:    32
[    0.038224] CPU topo: Num. threads per package:  32
[    0.038555] CPU topo: Allowing 32 present CPUs plus 0 hotplug CPUs
[    0.038989] kvm-guest: APIC: eoi() replaced with kvm_guest_apic_eoi_write()
[    0.039473] kvm-guest: KVM setup pv remote TLB flush
[    0.039812] kvm-guest: setup PV sched yield
[    0.040102] PM: hibernation: Registered nosave memory: [mem 0x00000000-0x00000fff]
[    0.040621] PM: hibernation: Registered nosave memory: [mem 0x0009f000-0x000fffff]
[    0.041133] [mem 0x40000000-0xfeffbfff] available for PCI devices
[    0.041545] Booting paravirtualized kernel on KVM
[    0.041863] clocksource: refined-jiffies: mask: 0xffffffff max_cycles: 0xffffffff, max_idle_ns: 1910969940391419 ns
[    0.050278] setup_percpu: NR_CPUS:64 nr_cpumask_bits:32 nr_cpu_ids:32 nr_node_ids:1
[    0.051993] percpu: Embedded 65 pages/cpu s228056 r8192 d29992 u524288
[    0.052513] Kernel command line: virtme_hostname=virtme-ng nr_open=1048576 virtme_link_mods=/nipa-data/kernel/.virtme_mods/lib/modules/0.0.0 virtme_initmount0=nipa-data/kernel virtme_rw_overlay0=/etc virtme_rw_overlay1=/lib virtme_rw_overlay2=/home virtme_rw_overlay3=/opt virtme_rw_overlay4=/srv virtme_rw_overlay5=/usr virtme_rw_overlay6=/var console=hvc0 earlyprintk=serial,ttyS0,115200 virtme_console=ttyS0 psmouse.proto=exps TERM=xterm virtme_chdir=nipa-data/kernel virtme_root_user=1 rootfstype=9p rootflags=version=9p2000.L,trans=virtio,access=any raid=noautodetect ro init=/usr/lib/python3/dist-packages/virtme/guest/virtme-init
[    0.056529] Unknown kernel command line parameters "virtme_hostname=virtme-ng nr_open=1048576 virtme_link_mods=/nipa-data/kernel/.virtme_mods/lib/modules/0.0.0 virtme_initmount0=nipa-data/kernel virtme_rw_overlay0=/etc virtme_rw_overlay1=/lib virtme_rw_overlay2=/home virtme_rw_overlay3=/opt virtme_rw_overlay4=/srv virtme_rw_overlay5=/usr virtme_rw_overlay6=/var virtme_console=ttyS0 virtme_chdir=nipa-data/kernel virtme_root_user=1", will be passed to user space.
[    0.059567] random: crng init done
[    0.059805] printk: log buffer data + meta data: 262144 + 917504 = 1179648 bytes
[    0.060344] Dentry cache hash table entries: 131072 (order: 8, 1048576 bytes, linear)
[    0.060905] Inode-cache hash table entries: 65536 (order: 7, 524288 bytes, linear)
[    0.061816] Fallback order for Node 0: 0 
[    0.061819] Built 1 zonelists, mobility grouping on.  Total pages: 262014
[    0.062571] Policy zone: DMA32
[    0.062786] mem auto-init: stack:all(zero), heap alloc:off, heap free:off
[    0.063257] stackdepot: allocating hash table via alloc_large_system_hash
[    0.063735] stackdepot hash table entries: 1048576 (order: 12, 16777216 bytes, linear)
[    0.071702] SLUB: HWalign=64, Order=0-3, MinObjects=0, CPUs=32, Nodes=1
Poking KASLR using RDRAND RDTSC...
[    0.080811] ftrace: allocating 48967 entries in 192 pages
[    0.081187] ftrace: allocated 192 pages with 2 groups
[    0.082395] Dynamic Preempt: voluntary
[    0.083105] rcu: Preemptible hierarchical RCU implementation.
[    0.083502] rcu: RCU event tracing is enabled.
[    0.083815] rcu: RCU restricting CPUs from NR_CPUS=64 to nr_cpu_ids=32.
[    0.084278] Trampoline variant of Tasks RCU enabled.
[    0.084629] Rude variant of Tasks RCU enabled.
[    0.084941] Tracing variant of Tasks RCU enabled.
[    0.085271] rcu: RCU calculated value of scheduler-enlistment delay is 100 jiffies.
[    0.085798] rcu: Adjusting geometry for rcu_fanout_leaf=16, nr_cpu_ids=32
[    0.086332] RCU Tasks: Setting shift to 5 and lim to 1 rcu_task_cb_adjust=1 rcu_task_cpu_ids=32.
[    0.086940] RCU Tasks Rude: Setting shift to 5 and lim to 1 rcu_task_cb_adjust=1 rcu_task_cpu_ids=32.
[    0.087578] RCU Tasks Trace: Setting shift to 5 and lim to 1 rcu_task_cb_adjust=1 rcu_task_cpu_ids=32.
[    0.097415] NR_IRQS: 4352, nr_irqs: 680, preallocated irqs: 16
[    0.098070] rcu: srcu_init: Setting srcu_struct sizes based on contention.
[    0.098936] Console: colour *CGA 80x25
[    0.099227] ACPI: Core revision 20240827
[    0.099656] clocksource: hpet: mask: 0xffffffff max_cycles: 0xffffffff, max_idle_ns: 19112604467 ns
[    0.100352] APIC: Switch to symmetric I/O mode setup
[    0.100905] x2apic enabled
[    0.101279] APIC: Switched APIC routing to: physical x2apic
[    0.101681] kvm-guest: APIC: send_IPI_mask() replaced with kvm_send_ipi_mask()
[    0.102191] kvm-guest: APIC: send_IPI_mask_allbutself() replaced with kvm_send_ipi_mask_allbutself()
[    0.102812] kvm-guest: setup PV IPIs
[    0.103855] ..TIMER: vector=0x30 apic1=0 pin1=2 apic2=-1 pin2=-1
[    0.104617] clocksource: tsc-early: mask: 0xffffffffffffffff max_cycles: 0x40be463295d, max_idle_ns: 440795209293 ns
[    0.105912] Calibrating delay loop (skipped) preset value.. 8983.12 BogoMIPS (lpj=4491564)
[    0.106975] x86/cpu: User Mode Instruction Prevention (UMIP) activated
[    0.107967] Last level iTLB entries: 4KB 512, 2MB 255, 4MB 127
[    0.108911] Last level dTLB entries: 4KB 512, 2MB 255, 4MB 127, 1GB 0
[    0.109915] Spectre V1 : Mitigation: usercopy/swapgs barriers and __user pointer sanitization
[    0.110914] Spectre V2 : Mitigation: Enhanced / Automatic IBRS
[    0.111622] Spectre V2 : mitigation: Enabling conditional Indirect Branch Prediction Barrier
[    0.111912] Speculative Store Bypass: Mitigation: Speculative Store Bypass disabled via prctl
[    0.112911] Speculative Return Stack Overflow: IBPB-extending microcode not applied!
[    0.113910] Speculative Return Stack Overflow: WARNING: See https://kernel.org/doc/html/latest/admin-guide/hw-vuln/srso.html for mitigation options.
[    0.113913] Speculative Return Stack Overflow: Vulnerable: Safe RET, no microcode
[    0.115924] x86/fpu: Supporting XSAVE feature 0x001: 'x87 floating point registers'
[    0.116910] x86/fpu: Supporting XSAVE feature 0x002: 'SSE registers'
[    0.117910] x86/fpu: Supporting XSAVE feature 0x004: 'AVX registers'
[    0.118659] x86/fpu: Supporting XSAVE feature 0x020: 'AVX-512 opmask'
[    0.118910] x86/fpu: Supporting XSAVE feature 0x040: 'AVX-512 Hi256'
[    0.119910] x86/fpu: Supporting XSAVE feature 0x080: 'AVX-512 ZMM_Hi256'
[    0.120911] x86/fpu: Supporting XSAVE feature 0x200: 'Protection Keys User registers'
[    0.121911] x86/fpu: xstate_offset[2]:  576, xstate_sizes[2]:  256
[    0.122640] x86/fpu: xstate_offset[5]:  832, xstate_sizes[5]:   64
[    0.122910] x86/fpu: xstate_offset[6]:  896, xstate_sizes[6]:  512
[    0.123910] x86/fpu: xstate_offset[7]: 1408, xstate_sizes[7]: 1024
[    0.124910] x86/fpu: xstate_offset[9]: 2432, xstate_sizes[9]:    8
[    0.125639] x86/fpu: Enabled xstate features 0x2e7, context size is 2440 bytes, using 'compacted' format.
[    0.146995] Freeing SMP alternatives memory: 40K
[    0.147547] pid_max: default: 32768 minimum: 301
[    0.148032] Mount-cache hash table entries: 2048 (order: 2, 16384 bytes, linear)
[    0.148912] Mountpoint-cache hash table entries: 2048 (order: 2, 16384 bytes, linear)
[    0.150551] smpboot: CPU0: AMD Ryzen 9 7950X 16-Core Processor (family: 0x19, model: 0x61, stepping: 0x2)
[    0.151349] Performance Events: Fam17h+ core perfctr, AMD PMU driver.
[    0.151914] ... version:                0
[    0.152388] ... bit width:              48
[    0.152872] ... generic registers:      6
[    0.152912] ... value mask:             0000ffffffffffff
[    0.153541] ... max period:             00007fffffffffff
[    0.153912] ... fixed-purpose events:   0
[    0.154390] ... event mask:             000000000000003f
[    0.155062] signal: max sigframe size: 3376
[    0.155600] rcu: Hierarchical SRCU implementation.
[    0.155913] rcu: Max phase no-delay instances is 400.
[    0.156601] Timer migration: 2 hierarchy levels; 8 children per group; 2 crossnode level
[    0.160711] smp: Bringing up secondary CPUs ...
[    0.161095] smpboot: x86: Booting SMP configuration:
[    0.161681] .... node  #0, CPUs:        #1  #2  #3  #4  #5  #6  #7  #8  #9 #10 #11 #12 #13 #14 #15 #16 #17 #18 #19 #20 #21 #22 #23 #24 #25 #26 #27 #28 #29 #30 #31
[    0.200031] smp: Brought up 1 node, 32 CPUs
[    0.201427] smpboot: Total of 32 processors activated (287460.09 BogoMIPS)
[    0.211118] Memory: 761568K/1048056K available (44846K kernel code, 11593K rwdata, 10280K rodata, 6156K init, 1312K bss, 270704K reserved, 0K cma-reserved)
[    0.212041] devtmpfs: initialized
[    0.212657] x86/mm: Memory block size: 128MB
[    0.219201] clocksource: jiffies: mask: 0xffffffff max_cycles: 0xffffffff, max_idle_ns: 1911260446275000 ns
[    0.219916] posixtimers hash table entries: 16384 (order: 6, 262144 bytes, linear)
[    0.220868] futex hash table entries: 8192 (order: 7, 524288 bytes, linear)
[    0.221284] PM: RTC time: 06:26:09, date: 2025-05-26
[    0.222855] NET: Registered PF_NETLINK/PF_ROUTE protocol family
[    0.223791] thermal_sys: Registered thermal governor 'step_wise'
[    0.223820] cpuidle: using governor menu
[    0.225989] PCI: Using configuration type 1 for base access
[    0.226676] PCI: Using configuration type 1 for extended access
[    0.227049] kprobes: kprobe jump-optimization is enabled. All kprobes are optimized if possible.
[    0.244997] HugeTLB: allocation took 0ms with hugepage_allocation_threads=8
[    0.245943] HugeTLB: registered 1.00 GiB page size, pre-allocated 0 pages
[    0.246779] HugeTLB: 16380 KiB vmemmap can be freed for a 1.00 GiB page
[    0.246913] HugeTLB: registered 2.00 MiB page size, pre-allocated 0 pages
[    0.247739] HugeTLB: 28 KiB vmemmap can be freed for a 2.00 MiB page
[    0.248263] ACPI: Added _OSI(Module Device)
[    0.248913] ACPI: Added _OSI(Processor Device)
[    0.249458] ACPI: Added _OSI(3.0 _SCP Extensions)
[    0.249913] ACPI: Added _OSI(Processor Aggregator Device)
[    0.275350] ACPI: 1 ACPI AML tables successfully acquired and loaded
[    0.279797] ACPI: Interpreter enabled
[    0.279975] ACPI: PM: (supports S0 S3 S4 S5)
[    0.280497] ACPI: Using IOAPIC for interrupt routing
[    0.280962] PCI: Using host bridge windows from ACPI; if necessary, use "pci=nocrs" and report a bug
[    0.281912] PCI: Using E820 reservations for host bridge windows
[    0.283768] ACPI: Enabled 2 GPEs in block 00 to 0F
[    0.333492] ACPI: PCI Root Bridge [PCI0] (domain 0000 [bus 00-ff])
[    0.333928] acpi PNP0A03:00: _OSC: OS supports [ExtendedConfig ASPM ClockPM Segments MSI HPX-Type3]
[    0.335426] PCI host bridge to bus 0000:00
[    0.335969] pci_bus 0000:00: root bus resource [io  0x0000-0x0cf7 window]
[    0.336805] pci_bus 0000:00: root bus resource [io  0x0d00-0xffff window]
[    0.336915] pci_bus 0000:00: root bus resource [mem 0x000a0000-0x000bffff window]
[    0.337834] pci_bus 0000:00: root bus resource [mem 0x40000000-0xfebfffff window]
[    0.337915] pci_bus 0000:00: root bus resource [mem 0x100000000-0x17fffffff window]
[    0.338848] pci_bus 0000:00: root bus resource [bus 00-ff]
[    0.339006] pci 0000:00:00.0: [8086:1237] type 00 class 0x060000 conventional PCI endpoint
[    0.340831] pci 0000:00:01.0: [8086:7000] type 00 class 0x060100 conventional PCI endpoint
[    0.341804] pci 0000:00:01.1: [8086:7010] type 00 class 0x010180 conventional PCI endpoint
[    0.342272] pci 0000:00:01.1: BAR 4 [io  0xc0c0-0xc0cf]
[    0.342927] pci 0000:00:01.1: BAR 0 [io  0x01f0-0x01f7]: legacy IDE quirk
[    0.343763] pci 0000:00:01.1: BAR 1 [io  0x03f6]: legacy IDE quirk
[    0.343913] pci 0000:00:01.1: BAR 2 [io  0x0170-0x0177]: legacy IDE quirk
[    0.344734] pci 0000:00:01.1: BAR 3 [io  0x0376]: legacy IDE quirk
[    0.345631] pci 0000:00:01.3: [8086:7113] type 00 class 0x068000 conventional PCI endpoint
[    0.346132] pci 0000:00:01.3: quirk: [io  0x0600-0x063f] claimed by PIIX4 ACPI
[    0.346917] pci 0000:00:01.3: quirk: [io  0x0700-0x070f] claimed by PIIX4 SMB
[    0.348562] pci 0000:00:02.0: [1af4:1009] type 00 class 0x000200 conventional PCI endpoint
[    0.349626] pci 0000:00:02.0: BAR 0 [io  0xc000-0xc03f]
[    0.349917] pci 0000:00:02.0: BAR 1 [mem 0xfebfc000-0xfebfcfff]
[    0.350664] pci 0000:00:02.0: BAR 4 [mem 0xfebf0000-0xfebf3fff 64bit pref]
[    0.363005] pci 0000:00:03.0: [1af4:1009] type 00 class 0x000200 conventional PCI endpoint
[    0.364800] pci 0000:00:03.0: BAR 0 [io  0xc040-0xc07f]
[    0.364917] pci 0000:00:03.0: BAR 1 [mem 0xfebfd000-0xfebfdfff]
[    0.365663] pci 0000:00:03.0: BAR 4 [mem 0xfebf4000-0xfebf7fff 64bit pref]
[    0.377905] pci 0000:00:04.0: [8086:25ab] type 00 class 0x088000 conventional PCI endpoint
[    0.378248] pci 0000:00:04.0: BAR 0 [mem 0xfebfe000-0xfebfe00f]
[    0.390797] pci 0000:00:05.0: [1af4:1003] type 00 class 0x078000 conventional PCI endpoint
[    0.391577] pci 0000:00:05.0: BAR 0 [io  0xc080-0xc0bf]
[    0.391917] pci 0000:00:05.0: BAR 1 [mem 0xfebff000-0xfebfffff]
[    0.392660] pci 0000:00:05.0: BAR 4 [mem 0xfebf8000-0xfebfbfff 64bit pref]
[    0.407359] ACPI: PCI: Interrupt link LNKA configured for IRQ 10
[    0.408899] ACPI: PCI: Interrupt link LNKB configured for IRQ 10
[    0.409871] ACPI: PCI: Interrupt link LNKC configured for IRQ 11
[    0.410868] ACPI: PCI: Interrupt link LNKD configured for IRQ 11
[    0.411317] ACPI: PCI: Interrupt link LNKS configured for IRQ 9
[    0.431207] iommu: Default domain type: Translated
[    0.431797] iommu: DMA domain TLB invalidation policy: lazy mode
[    0.432373] SCSI subsystem initialized
[    0.433140] pps_core: LinuxPPS API ver. 1 registered
[    0.433770] pps_core: Software ver. 5.3.6 - Copyright 2005-2007 Rodolfo Giometti <giometti@linux.it>
[    0.433928] PTP clock support registered
[    0.434485] Advanced Linux Sound Architecture Driver Initialized.
[    0.435947] NET: Registered PF_ATMPVC protocol family
[    0.436565] NET: Registered PF_ATMSVC protocol family
[    0.436951] PCI: Using ACPI for IRQ routing
[    0.437600] vgaarb: loaded
[    0.438027] hpet0: at MMIO 0xfed00000, IRQs 2, 8, 0
[    0.438634] hpet0: 3 comparators, 64-bit 100.000000 MHz counter
[    0.442383] clocksource: Switched to clocksource kvm-clock
[    0.443372] VFS: Disk quotas dquot_6.6.0
[    0.443871] VFS: Dquot-cache hash table entries: 512 (order 0, 4096 bytes)
[    0.445561] pnp: PnP ACPI init
[    0.448424] pnp: PnP ACPI: found 5 devices
[    0.460339] clocksource: acpi_pm: mask: 0xffffff max_cycles: 0xffffff, max_idle_ns: 2085701024 ns
[    0.461490] NET: Registered PF_INET protocol family
[    0.462128] IP idents hash table entries: 16384 (order: 5, 131072 bytes, linear)
[    0.463409] tcp_listen_portaddr_hash hash table entries: 512 (order: 1, 8192 bytes, linear)
[    0.464459] Table-perturb hash table entries: 65536 (order: 6, 262144 bytes, linear)
[    0.465429] TCP established hash table entries: 8192 (order: 4, 65536 bytes, linear)
[    0.466377] TCP bind hash table entries: 8192 (order: 6, 262144 bytes, linear)
[    0.467356] TCP: Hash tables configured (established 8192 bind 8192)
[    0.468298] UDP hash table entries: 512 (order: 3, 32768 bytes, linear)
[    0.469112] UDP-Lite hash table entries: 512 (order: 3, 32768 bytes, linear)
[    0.470188] NET: Registered PF_UNIX/PF_LOCAL protocol family
[    0.470898] pci_bus 0000:00: resource 4 [io  0x0000-0x0cf7 window]
[    0.471654] pci_bus 0000:00: resource 5 [io  0x0d00-0xffff window]
[    0.472405] pci_bus 0000:00: resource 6 [mem 0x000a0000-0x000bffff window]
[    0.473235] pci_bus 0000:00: resource 7 [mem 0x40000000-0xfebfffff window]
[    0.474071] pci_bus 0000:00: resource 8 [mem 0x100000000-0x17fffffff window]
[    0.475132] pci 0000:00:01.0: PIIX3: Enabling Passive Release
[    0.475840] pci 0000:00:00.0: Limiting direct PCI/PCI transfers
[    0.476597] PCI: CLS 0 bytes, default 64
[    0.477315] kvm_intel: VMX not supported by CPU 0
[    0.477918] kvm_amd: TSC scaling supported
[    0.478422] kvm_amd: Nested Virtualization enabled
[    0.479001] kvm_amd: Nested Paging enabled
[    0.479501] kvm_amd: LBR virtualization supported
[    0.480082] kvm_amd: Virtual GIF supported
[    0.480582] kvm_amd: Virtual NMI enabled
[    0.513043] clocksource: tsc: mask: 0xffffffffffffffff max_cycles: 0x40be463295d, max_idle_ns: 440795209293 ns
[    0.532503] Initialise system trusted keyrings
[    0.533191] workingset: timestamp_bits=56 max_order=18 bucket_order=0
[    0.534109] squashfs: version 4.0 (2009/01/31) Phillip Lougher
[    0.534844] fuse: init (API version 7.43)
[    0.535479] 9p: Installing v9fs 9p2000 file system support
[    0.545005] Key type asymmetric registered
[    0.545517] Asymmetric key parser 'x509' registered
[    0.546179] Block layer SCSI generic (bsg) driver version 0.4 loaded (major 249)
[    0.547124] io scheduler mq-deadline registered
[    0.547688] io scheduler kyber registered
[    0.550094] input: Power Button as /devices/LNXSYSTM:00/LNXPWRBN:00/input/input0
[    0.551220] ACPI: button: Power Button [PWRF]
[    0.553147] Warning: Processor Platform Limit event detected, but not handled.
[    0.554045] Consider compiling CPUfreq support into your kernel.
[    1.457337] ACPI: \_SB_.LNKB: Enabled at IRQ 10
[    2.351735] ACPI: \_SB_.LNKC: Enabled at IRQ 11
[    3.246485] ACPI: \_SB_.LNKA: Enabled at IRQ 10
[    3.247927] Serial: 8250/16550 driver, 4 ports, IRQ sharing enabled
[    3.249062] 00:03: ttyS0 at I/O 0x3f8 (irq = 4, base_baud = 115200) is a 16550A
[    3.278263] Non-volatile memory driver v1.3
[    3.278813] Linux agpgart interface v0.103
[    3.279583] ACPI: bus type drm_connector registered
[    3.280204] printk: legacy console [hvc0] enabled
[    3.280811] printk: legacy bootconsole [earlyser0] disabled
          _      _                                    
   __   _(_)_ __| |_ _ __ ___   ___       _ __   __ _ 
   \ \ / / |  __| __|  _   _ \ / _ \_____|  _ \ / _  |
    \ V /| | |  | |_| | | | | |  __/_____| | | | (_| |
     \_/ |_|_|   \__|_| |_| |_|\___|     |_| |_|\__  |
                                                |___/ 
   kernel version: 6.15.0-rc7-virtme x86_64
   (CTRL+d to exit)

root@virtme-ng:/nipa-data/kernel# PS1='xx__-> '
xx__-> env
PWD=/nipa-data/kernel
nr_open=1048576
HOME=/
TERM=xterm
SHLVL=2
XDG_RUNTIME_DIR=/run/user/0
PATH=/bin:/sbin:/usr/bin:/usr/sbin:/usr/local/bin
OLDPWD=/
_=/bin/env
xx__-> 