No EFI environment detected.
early console in extract_kernel
input_data: 0x00000000029f82b9
input_len: 0x0000000000ad5690
output: 0x0000000001000000
output_len: 0x0000000002488690
kernel_total_size: 0x0000000002230000
needed_size: 0x0000000002600000
trampoline_32bit: 0x0000000000000000
Physical KASLR using RDRAND RDTSC...
Virtual KASLR using RDRAND RDTSC...

Decompressing Linux... Parsing ELF... Performing relocations... done.
Booting the kernel (entry_offset: 0x0000000000000000).
[    0.000000] Linux version 6.8.0-rc4-virtme (root@3218b58d09c2) (gcc (Alpine 13.2.1_git20231014) 13.2.1 20231014, GNU ld (GNU Binutils) 2.42) #1 SMP PREEMPT_DYNAMIC Tue Feb 20 09:06:07 UTC 2024
[    0.000000] Command line: virtme_hostname=virtme-ng virtme_link_mods=/nipa-data/kernel/.virtme_mods/lib/modules/0.0.0 virtme_initmount0=nipa-data/kernel virtme_rw_overlay0=/etc virtme_rw_overlay1=/lib virtme_rw_overlay2=/home virtme_rw_overlay3=/opt virtme_rw_overlay4=/srv virtme_rw_overlay5=/usr virtme_rw_overlay6=/var earlyprintk=serial,ttyS0,115200 console=ttyS0 psmouse.proto=exps TERM=xterm virtme_chdir=nipa-data/kernel virtme_root_user=1 rootfstype=9p rootflags=version=9p2000.L,trans=virtio,access=any raid=noautodetect ro init=/usr/lib/python3.11/site-packages/virtme/guest/virtme-init
[    0.000000] BIOS-provided physical RAM map:
[    0.000000] BIOS-e820: [mem 0x0000000000000000-0x000000000009fbff] usable
[    0.000000] BIOS-e820: [mem 0x000000000009fc00-0x000000000009ffff] reserved
[    0.000000] BIOS-e820: [mem 0x00000000000f0000-0x00000000000fffff] reserved
[    0.000000] BIOS-e820: [mem 0x0000000000100000-0x000000003ffdffff] usable
[    0.000000] BIOS-e820: [mem 0x000000003ffe0000-0x000000003fffffff] reserved
[    0.000000] BIOS-e820: [mem 0x00000000feffc000-0x00000000feffffff] reserved
[    0.000000] BIOS-e820: [mem 0x00000000fffc0000-0x00000000ffffffff] reserved
[    0.000000] BIOS-e820: [mem 0x000000fd00000000-0x000000ffffffffff] reserved
[    0.000000] printk: legacy bootconsole [earlyser0] enabled
[    0.000000] NX (Execute Disable) protection: active
[    0.000000] APIC: Static calls initialized
[    0.000000] SMBIOS 3.0.0 present.
[    0.000000] DMI: QEMU Standard PC (i440FX + PIIX, 1996), BIOS rel-1.16.3-0-ga6ed6b701f0a-prebuilt.qemu.org 04/01/2014
[    0.000000] Hypervisor detected: KVM
[    0.000000] kvm-clock: Using msrs 4b564d01 and 4b564d00
[    0.000000] kvm-clock: using sched offset of 252898735 cycles
[    0.000393] clocksource: kvm-clock: mask: 0xffffffffffffffff max_cycles: 0x1cd42e4dffb, max_idle_ns: 881590591483 ns
[    0.001618] tsc: Detected 4491.536 MHz processor
[    0.002227] last_pfn = 0x3ffe0 max_arch_pfn = 0x400000000
[    0.002658] MTRR map: 4 entries (3 fixed + 1 variable; max 19), built from 8 variable MTRRs
[    0.003289] x86/PAT: Configuration [0-7]: WB  WC  UC- UC  WB  WP  UC- WT  
Memory KASLR using RDRAND RDTSC...
[    0.005389] found SMP MP-table at [mem 0x000f5470-0x000f547f]
[    0.005828] Using GB pages for direct mapping
[    0.006185] ACPI: Early table checksum verification disabled
[    0.006612] ACPI: RSDP 0x00000000000F5290 000014 (v00 BOCHS )
[    0.007045] ACPI: RSDT 0x000000003FFE27B6 000034 (v01 BOCHS  BXPC     00000001 BXPC 00000001)
[    0.007686] ACPI: FACP 0x000000003FFE2572 000074 (v01 BOCHS  BXPC     00000001 BXPC 00000001)
[    0.008325] ACPI: DSDT 0x000000003FFE0040 002532 (v01 BOCHS  BXPC     00000001 BXPC 00000001)
[    0.008966] ACPI: FACS 0x000000003FFE0000 000040
[    0.009313] ACPI: APIC 0x000000003FFE25E6 000170 (v03 BOCHS  BXPC     00000001 BXPC 00000001)
[    0.009954] ACPI: HPET 0x000000003FFE2756 000038 (v01 BOCHS  BXPC     00000001 BXPC 00000001)
[    0.010592] ACPI: WAET 0x000000003FFE278E 000028 (v01 BOCHS  BXPC     00000001 BXPC 00000001)
[    0.011232] ACPI: Reserving FACP table memory at [mem 0x3ffe2572-0x3ffe25e5]
[    0.011763] ACPI: Reserving DSDT table memory at [mem 0x3ffe0040-0x3ffe2571]
[    0.012291] ACPI: Reserving FACS table memory at [mem 0x3ffe0000-0x3ffe003f]
[    0.012817] ACPI: Reserving APIC table memory at [mem 0x3ffe25e6-0x3ffe2755]
[    0.013346] ACPI: Reserving HPET table memory at [mem 0x3ffe2756-0x3ffe278d]
[    0.013873] ACPI: Reserving WAET table memory at [mem 0x3ffe278e-0x3ffe27b5]
[    0.014546] No NUMA configuration found
[    0.014833] Faking a node at [mem 0x0000000000000000-0x000000003ffdffff]
[    0.015336] NODE_DATA(0) allocated [mem 0x3ffdb000-0x3ffdffff]
[    0.015782] Zone ranges:
[    0.015971]   DMA      [mem 0x0000000000001000-0x0000000000ffffff]
[    0.016434]   DMA32    [mem 0x0000000001000000-0x000000003ffdffff]
[    0.016896]   Normal   empty
[    0.017114]   Device   empty
[    0.017329] Movable zone start for each node
[    0.017648] Early memory node ranges
[    0.017915]   node   0: [mem 0x0000000000001000-0x000000000009efff]
[    0.018383]   node   0: [mem 0x0000000000100000-0x000000003ffdffff]
[    0.018850] Initmem setup node 0 [mem 0x0000000000001000-0x000000003ffdffff]
[    0.019377] On node 0, zone DMA: 1 pages in unavailable ranges
[    0.019820] On node 0, zone DMA: 97 pages in unavailable ranges
[    0.021215] On node 0, zone DMA32: 32 pages in unavailable ranges
[    0.021866] ACPI: PM-Timer IO Port: 0x608
[    0.022169] ACPI: LAPIC_NMI (acpi_id[0xff] dfl dfl lint[0x1])
[    0.022615] IOAPIC[0]: apic_id 0, version 17, address 0xfec00000, GSI 0-23
[    0.023130] ACPI: INT_SRC_OVR (bus 0 bus_irq 0 global_irq 2 dfl dfl)
[    0.023605] ACPI: INT_SRC_OVR (bus 0 bus_irq 5 global_irq 5 high level)
[    0.024100] ACPI: INT_SRC_OVR (bus 0 bus_irq 9 global_irq 9 high level)
[    0.024594] ACPI: INT_SRC_OVR (bus 0 bus_irq 10 global_irq 10 high level)
[    0.025108] ACPI: INT_SRC_OVR (bus 0 bus_irq 11 global_irq 11 high level)
[    0.025619] ACPI: Using ACPI (MADT) for SMP configuration information
[    0.026106] ACPI: HPET id: 0x8086a201 base: 0xfed00000
[    0.026491] TSC deadline timer available
[    0.026783] smpboot: Allowing 32 CPUs, 0 hotplug CPUs
[    0.027169] kvm-guest: APIC: eoi() replaced with kvm_guest_apic_eoi_write()
[    0.027698] kvm-guest: KVM setup pv remote TLB flush
[    0.028072] kvm-guest: setup PV sched yield
[    0.028388] PM: hibernation: Registered nosave memory: [mem 0x00000000-0x00000fff]
[    0.028956] PM: hibernation: Registered nosave memory: [mem 0x0009f000-0x0009ffff]
[    0.029523] PM: hibernation: Registered nosave memory: [mem 0x000a0000-0x000effff]
[    0.030088] PM: hibernation: Registered nosave memory: [mem 0x000f0000-0x000fffff]
[    0.030654] [mem 0x40000000-0xfeffbfff] available for PCI devices
[    0.031109] Booting paravirtualized kernel on KVM
[    0.031462] clocksource: refined-jiffies: mask: 0xffffffff max_cycles: 0xffffffff, max_idle_ns: 1910969940391419 ns
[    0.035115] setup_percpu: NR_CPUS:64 nr_cpumask_bits:32 nr_cpu_ids:32 nr_node_ids:1
[    0.036301] percpu: Embedded 56 pages/cpu s191784 r8192 d29400 u262144
[    0.036824] Kernel command line: virtme_hostname=virtme-ng virtme_link_mods=/nipa-data/kernel/.virtme_mods/lib/modules/0.0.0 virtme_initmount0=nipa-data/kernel virtme_rw_overlay0=/etc virtme_rw_overlay1=/lib virtme_rw_overlay2=/home virtme_rw_overlay3=/opt virtme_rw_overlay4=/srv virtme_rw_overlay5=/usr virtme_rw_overlay6=/var earlyprintk=serial,ttyS0,115200 console=ttyS0 psmouse.proto=exps TERM=xterm virtme_chdir=nipa-data/kernel virtme_root_user=1 rootfstype=9p rootflags=version=9p2000.L,trans=virtio,access=any raid=noautodetect ro init=/usr/lib/python3.11/site-packages/virtme/guest/virtme-init
[    0.041009] Unknown kernel command line parameters "virtme_hostname=virtme-ng virtme_link_mods=/nipa-data/kernel/.virtme_mods/lib/modules/0.0.0 virtme_initmount0=nipa-data/kernel virtme_rw_overlay0=/etc virtme_rw_overlay1=/lib virtme_rw_overlay2=/home virtme_rw_overlay3=/opt virtme_rw_overlay4=/srv virtme_rw_overlay5=/usr virtme_rw_overlay6=/var virtme_chdir=nipa-data/kernel virtme_root_user=1", will be passed to user space.
[    0.044356] random: crng init done
[    0.044688] Dentry cache hash table entries: 131072 (order: 8, 1048576 bytes, linear)
[    0.045327] Inode-cache hash table entries: 65536 (order: 7, 524288 bytes, linear)
[    0.046010] Fallback order for Node 0: 0 
[    0.046012] Built 1 zonelists, mobility grouping on.  Total pages: 257760
[    0.046851] Policy zone: DMA32
[    0.047086] mem auto-init: stack:all(zero), heap alloc:off, heap free:off
[    0.048362] Memory: 986880K/1048056K available (16384K kernel code, 2349K rwdata, 5932K rodata, 2992K init, 2336K bss, 60916K reserved, 0K cma-reserved)
[    0.049457] SLUB: HWalign=64, Order=0-3, MinObjects=0, CPUs=32, Nodes=1
Poking KASLR using RDRAND RDTSC...
[    0.050226] ftrace: allocating 46287 entries in 181 pages
[    0.057294] ftrace: allocated 181 pages with 5 groups
[    0.058307] Dynamic Preempt: voluntary
[    0.058725] rcu: Preemptible hierarchical RCU implementation.
[    0.059180] rcu: RCU event tracing is enabled.
[    0.059528] rcu: RCU restricting CPUs from NR_CPUS=64 to nr_cpu_ids=32.
[    0.060049] Trampoline variant of Tasks RCU enabled.
[    0.060437] Rude variant of Tasks RCU enabled.
[    0.060789] Tracing variant of Tasks RCU enabled.
[    0.061161] rcu: RCU calculated value of scheduler-enlistment delay is 100 jiffies.
[    0.061749] rcu: Adjusting geometry for rcu_fanout_leaf=16, nr_cpu_ids=32
[    0.063587] NR_IRQS: 4352, nr_irqs: 680, preallocated irqs: 16
[    0.064295] rcu: srcu_init: Setting srcu_struct sizes based on contention.
[    0.064969] Console: colour *CGA 80x25
[    0.065273] printk: legacy console [ttyS0] enabled
[    0.065273] printk: legacy console [ttyS0] enabled
[    0.066014] printk: legacy bootconsole [earlyser0] disabled
[    0.066014] printk: legacy bootconsole [earlyser0] disabled
[    0.066887] ACPI: Core revision 20230628
[    0.067265] clocksource: hpet: mask: 0xffffffff max_cycles: 0xffffffff, max_idle_ns: 19112604467 ns
[    0.068041] APIC: Switch to symmetric I/O mode setup
[    0.068435] APIC: Switched APIC routing to: physical flat
[    0.068862] kvm-guest: APIC: send_IPI_mask() replaced with kvm_send_ipi_mask()
[    0.069414] kvm-guest: APIC: send_IPI_mask_allbutself() replaced with kvm_send_ipi_mask_allbutself()
[    0.070133] kvm-guest: setup PV IPIs
[    0.071217] ..TIMER: vector=0x30 apic1=0 pin1=2 apic2=-1 pin2=-1
[    0.072050] tsc: Marking TSC unstable due to TSCs unsynchronized
[    0.072869] Calibrating delay loop (skipped) preset value.. 8983.07 BogoMIPS (lpj=4491536)
[    0.074904] x86/cpu: User Mode Instruction Prevention (UMIP) activated
[    0.075836] Last level iTLB entries: 4KB 512, 2MB 255, 4MB 127
[    0.075867] Last level dTLB entries: 4KB 512, 2MB 255, 4MB 127, 1GB 0
[    0.076870] Spectre V1 : Mitigation: usercopy/swapgs barriers and __user pointer sanitization
[    0.077871] Spectre V2 : Mitigation: Enhanced / Automatic IBRS
[    0.078867] Spectre V2 : Spectre v2 / SpectreRSB mitigation: Filling RSB on context switch
[    0.079868] Spectre V2 : mitigation: Enabling conditional Indirect Branch Prediction Barrier
[    0.080868] Speculative Store Bypass: Mitigation: Speculative Store Bypass disabled via prctl
[    0.081867] Speculative Return Stack Overflow: IBPB-extending microcode not applied!
[    0.082867] Speculative Return Stack Overflow: WARNING: See https://kernel.org/doc/html/latest/admin-guide/hw-vuln/srso.html for mitigation options.
[    0.082867] Speculative Return Stack Overflow: Vulnerable: Safe RET, no microcode
[    0.084882] x86/fpu: Supporting XSAVE feature 0x001: 'x87 floating point registers'
[    0.085867] x86/fpu: Supporting XSAVE feature 0x002: 'SSE registers'
[    0.086714] x86/fpu: Supporting XSAVE feature 0x004: 'AVX registers'
[    0.086867] x86/fpu: Supporting XSAVE feature 0x020: 'AVX-512 opmask'
[    0.087867] x86/fpu: Supporting XSAVE feature 0x040: 'AVX-512 Hi256'
[    0.088867] x86/fpu: Supporting XSAVE feature 0x080: 'AVX-512 ZMM_Hi256'
[    0.089867] x86/fpu: Supporting XSAVE feature 0x200: 'Protection Keys User registers'
[    0.090867] x86/fpu: xstate_offset[2]:  576, xstate_sizes[2]:  256
[    0.091867] x86/fpu: xstate_offset[5]:  832, xstate_sizes[5]:   64
[    0.092867] x86/fpu: xstate_offset[6]:  896, xstate_sizes[6]:  512
[    0.093867] x86/fpu: xstate_offset[7]: 1408, xstate_sizes[7]: 1024
[    0.094691] x86/fpu: xstate_offset[9]: 2432, xstate_sizes[9]:    8
[    0.094867] x86/fpu: Enabled xstate features 0x2e7, context size is 2440 bytes, using 'compacted' format.
[    0.111384] Freeing SMP alternatives memory: 40K
[    0.111867] pid_max: default: 32768 minimum: 301
[    0.112504] Mount-cache hash table entries: 2048 (order: 2, 16384 bytes, linear)
[    0.112868] Mountpoint-cache hash table entries: 2048 (order: 2, 16384 bytes, linear)
[    0.114021] smpboot: CPU0: AMD Ryzen 9 7950X 16-Core Processor (family: 0x19, model: 0x61, stepping: 0x2)
[    0.114956] RCU Tasks: Setting shift to 5 and lim to 1 rcu_task_cb_adjust=1.
[    0.115876] RCU Tasks Rude: Setting shift to 5 and lim to 1 rcu_task_cb_adjust=1.
[    0.116872] RCU Tasks Trace: Setting shift to 5 and lim to 1 rcu_task_cb_adjust=1.
[    0.117879] Performance Events: Fam17h+ core perfctr, AMD PMU driver.
[    0.118756] ... version:                0
[    0.118868] ... bit width:              48
[    0.119409] ... generic registers:      6
[    0.119868] ... value mask:             0000ffffffffffff
[    0.120567] ... max period:             00007fffffffffff
[    0.120868] ... fixed-purpose events:   0
[    0.121398] ... event mask:             000000000000003f
[    0.121939] signal: max sigframe size: 3376
[    0.122511] rcu: Hierarchical SRCU implementation.
[    0.122869] rcu: Max phase no-delay instances is 400.
[    0.125901] smp: Bringing up secondary CPUs ...
[    0.126558] smpboot: x86: Booting SMP configuration:
[    0.126870] .... node  #0, CPUs:        #1  #2  #3  #4  #5  #6  #7  #8  #9 #10 #11 #12 #13 #14 #15 #16 #17 #18 #19 #20 #21 #22 #23 #24 #25 #26 #27 #28 #29 #30 #31
[    0.145870] smp: Brought up 1 node, 32 CPUs
[    0.147435] smpboot: Max logical packages: 1
[    0.147869] smpboot: Total of 32 processors activated (287458.30 BogoMIPS)
[    0.151925] devtmpfs: initialized
[    0.152348] x86/mm: Memory block size: 128MB
[    0.153620] clocksource: jiffies: mask: 0xffffffff max_cycles: 0xffffffff, max_idle_ns: 1911260446275000 ns
[    0.153870] futex hash table entries: 8192 (order: 7, 524288 bytes, linear)
[    0.154946] PM: RTC time: 09:06:41, date: 2024-02-20
[    0.155973] NET: Registered PF_NETLINK/PF_ROUTE protocol family
[    0.156901] thermal_sys: Registered thermal governor 'step_wise'
[    0.156902] thermal_sys: Registered thermal governor 'user_space'
[    0.157737] cpuidle: using governor menu
[    0.159094] PCI: Using configuration type 1 for base access
[    0.159869] PCI: Using configuration type 1 for extended access
[    0.160732] kprobes: kprobe jump-optimization is enabled. All kprobes are optimized if possible.
[    0.175583] HugeTLB: registered 1.00 GiB page size, pre-allocated 0 pages
[    0.175869] HugeTLB: 16380 KiB vmemmap can be freed for a 1.00 GiB page
[    0.176741] HugeTLB: registered 2.00 MiB page size, pre-allocated 0 pages
[    0.176868] HugeTLB: 28 KiB vmemmap can be freed for a 2.00 MiB page
[    0.180282] ACPI: Added _OSI(Module Device)
[    0.180869] ACPI: Added _OSI(Processor Device)
[    0.181467] ACPI: Added _OSI(3.0 _SCP Extensions)
[    0.181868] ACPI: Added _OSI(Processor Aggregator Device)
[    0.183328] ACPI: 1 ACPI AML tables successfully acquired and loaded
[    0.184416] ACPI: _OSC evaluation for CPUs failed, trying _PDC
[    0.185006] ACPI: Interpreter enabled
[    0.185506] ACPI: PM: (supports S0 S3 S4 S5)
[    0.185869] ACPI: Using IOAPIC for interrupt routing
[    0.186551] PCI: Using host bridge windows from ACPI; if necessary, use "pci=nocrs" and report a bug
[    0.186868] PCI: Using E820 reservations for host bridge windows
[    0.187758] ACPI: Enabled 2 GPEs in block 00 to 0F
[    0.190544] ACPI: PCI Root Bridge [PCI0] (domain 0000 [bus 00-ff])
[    0.190871] acpi PNP0A03:00: _OSC: OS supports [ExtendedConfig ASPM ClockPM Segments MSI HPX-Type3]
[    0.191959] PCI host bridge to bus 0000:00
[    0.192516] pci_bus 0000:00: root bus resource [io  0x0000-0x0cf7 window]
[    0.192869] pci_bus 0000:00: root bus resource [io  0x0d00-0xffff window]
[    0.193769] pci_bus 0000:00: root bus resource [mem 0x000a0000-0x000bffff window]
[    0.193868] pci_bus 0000:00: root bus resource [mem 0x40000000-0xfebfffff window]
[    0.194865] pci_bus 0000:00: root bus resource [mem 0x100000000-0x17fffffff window]
[    0.195869] pci_bus 0000:00: root bus resource [bus 00-ff]
[    0.196688] pci 0000:00:00.0: [8086:1237] type 00 class 0x060000 conventional PCI endpoint
[    0.197127] pci 0000:00:01.0: [8086:7000] type 00 class 0x060100 conventional PCI endpoint
[    0.198189] pci 0000:00:01.1: [8086:7010] type 00 class 0x010180 conventional PCI endpoint
[    0.200869] pci 0000:00:01.1: BAR 4 [io  0xc080-0xc08f]
[    0.202326] pci 0000:00:01.1: BAR 0 [io  0x01f0-0x01f7]: legacy IDE quirk
[    0.202869] pci 0000:00:01.1: BAR 1 [io  0x03f6]: legacy IDE quirk
[    0.203707] pci 0000:00:01.1: BAR 2 [io  0x0170-0x0177]: legacy IDE quirk
[    0.203868] pci 0000:00:01.1: BAR 3 [io  0x0376]: legacy IDE quirk
[    0.204798] pci 0000:00:01.3: [8086:7113] type 00 class 0x068000 conventional PCI endpoint
[    0.205119] pci 0000:00:01.3: quirk: [io  0x0600-0x063f] claimed by PIIX4 ACPI
[    0.205873] pci 0000:00:01.3: quirk: [io  0x0700-0x070f] claimed by PIIX4 SMB
[    0.207001] pci 0000:00:02.0: [1af4:1009] type 00 class 0x000200 conventional PCI endpoint
[    0.208869] pci 0000:00:02.0: BAR 0 [io  0xc000-0xc03f]
[    0.210536] pci 0000:00:02.0: BAR 1 [mem 0xfebfd000-0xfebfdfff]
[    0.214410] pci 0000:00:02.0: BAR 4 [mem 0xfebf4000-0xfebf7fff 64bit pref]
[    0.216494] pci 0000:00:03.0: [1af4:1009] type 00 class 0x000200 conventional PCI endpoint
[    0.217869] pci 0000:00:03.0: BAR 0 [io  0xc040-0xc07f]
[    0.219540] pci 0000:00:03.0: BAR 1 [mem 0xfebfe000-0xfebfefff]
[    0.223540] pci 0000:00:03.0: BAR 4 [mem 0xfebf8000-0xfebfbfff 64bit pref]
[    0.225425] pci 0000:00:04.0: [8086:25ab] type 00 class 0x088000 conventional PCI endpoint
[    0.226399] pci 0000:00:04.0: BAR 0 [mem 0xfebff000-0xfebff00f]
[    0.230258] ACPI: PCI: Interrupt link LNKA configured for IRQ 10
[    0.230990] ACPI: PCI: Interrupt link LNKB configured for IRQ 10
[    0.231906] ACPI: PCI: Interrupt link LNKC configured for IRQ 11
[    0.232802] ACPI: PCI: Interrupt link LNKD configured for IRQ 11
[    0.232942] ACPI: PCI: Interrupt link LNKS configured for IRQ 9
[    0.234650] iommu: Default domain type: Translated
[    0.234869] iommu: DMA domain TLB invalidation policy: lazy mode
[    0.235717] SCSI subsystem initialized
[    0.235906] pps_core: LinuxPPS API ver. 1 registered
[    0.236577] pps_core: Software ver. 5.3.6 - Copyright 2005-2007 Rodolfo Giometti <giometti@linux.it>
[    0.236871] PTP clock support registered
[    0.237424] Advanced Linux Sound Architecture Driver Initialized.
[    0.238194] NET: Registered PF_ATMPVC protocol family
[    0.238869] NET: Registered PF_ATMSVC protocol family
[    0.239549] PCI: Using ACPI for IRQ routing
[    0.239944] vgaarb: loaded
[    0.240247] hpet0: at MMIO 0xfed00000, IRQs 2, 8, 0
[    0.240869] hpet0: 3 comparators, 64-bit 100.000000 MHz counter
[    0.244259] clocksource: Switched to clocksource kvm-clock
[    0.245257] VFS: Disk quotas dquot_6.6.0
[    0.246173] VFS: Dquot-cache hash table entries: 512 (order 0, 4096 bytes)
[    0.247156] pnp: PnP ACPI init
[    0.247770] pnp: PnP ACPI: found 5 devices
[    0.254636] clocksource: acpi_pm: mask: 0xffffff max_cycles: 0xffffff, max_idle_ns: 2085701024 ns
[    0.255851] NET: Registered PF_INET protocol family
[    0.256620] IP idents hash table entries: 16384 (order: 5, 131072 bytes, linear)
[    0.257768] tcp_listen_portaddr_hash hash table entries: 512 (order: 1, 8192 bytes, linear)
[    0.258890] Table-perturb hash table entries: 65536 (order: 6, 262144 bytes, linear)
[    0.259927] TCP established hash table entries: 8192 (order: 4, 65536 bytes, linear)
[    0.260986] TCP bind hash table entries: 8192 (order: 6, 262144 bytes, linear)
[    0.261955] TCP: Hash tables configured (established 8192 bind 8192)
[    0.262816] UDP hash table entries: 512 (order: 2, 16384 bytes, linear)
[    0.263695] UDP-Lite hash table entries: 512 (order: 2, 16384 bytes, linear)
[    0.264655] NET: Registered PF_UNIX/PF_LOCAL protocol family
[    0.265415] pci_bus 0000:00: resource 4 [io  0x0000-0x0cf7 window]
[    0.266238] pci_bus 0000:00: resource 5 [io  0x0d00-0xffff window]
[    0.267059] pci_bus 0000:00: resource 6 [mem 0x000a0000-0x000bffff window]
[    0.267960] pci_bus 0000:00: resource 7 [mem 0x40000000-0xfebfffff window]
[    0.268877] pci_bus 0000:00: resource 8 [mem 0x100000000-0x17fffffff window]
[    0.269831] pci 0000:00:01.0: PIIX3: Enabling Passive Release
[    0.270597] pci 0000:00:00.0: Limiting direct PCI/PCI transfers
[    0.271414] PCI: CLS 0 bytes, default 64
[    0.271981] kvm_intel: VMX not supported by CPU 0
[    0.272622] kvm_amd: TSC scaling supported
[    0.273173] kvm_amd: Nested Virtualization enabled
[    0.273804] kvm_amd: Nested Paging enabled
[    0.274360] kvm_amd: Virtual VMLOAD VMSAVE supported
[    0.275016] kvm_amd: Virtual GIF supported
[    0.275565] kvm_amd: Virtual NMI enabled
[    0.276091] kvm_amd: LBR virtualization supported
[    0.366983] workingset: timestamp_bits=56 max_order=18 bucket_order=0
[    0.367915] squashfs: version 4.0 (2009/01/31) Phillip Lougher
[    0.368725] fuse: init (API version 7.39)
[    0.369316] 9p: Installing v9fs 9p2000 file system support
[    0.370097] Key type asymmetric registered
[    0.370663] Block layer SCSI generic (bsg) driver version 0.4 loaded (major 249)
[    0.371685] io scheduler mq-deadline registered
[    0.372309] io scheduler kyber registered
[    0.373862] input: Power Button as /devices/LNXSYSTM:00/LNXPWRBN:00/input/input0
[    0.374937] ACPI: button: Power Button [PWRF]
[    0.375563] Warning: Processor Platform Limit event detected, but not handled.
[    0.376550] Consider compiling CPUfreq support into your kernel.
[    0.394558] ACPI: \_SB_.LNKB: Enabled at IRQ 10
[    0.412174] ACPI: \_SB_.LNKC: Enabled at IRQ 11
[    0.413472] Serial: 8250/16550 driver, 4 ports, IRQ sharing enabled
[    0.414448] 00:03: ttyS0 at I/O 0x3f8 (irq = 4, base_baud = 115200) is a 16550A
[    0.415837] Non-volatile memory driver v1.3
[    0.416419] Linux agpgart interface v0.103
[    0.417018] ACPI: bus type drm_connector registered
[    0.421938] loop: module loaded
[    0.422980] scsi host0: ata_piix
[    0.423545] scsi host1: ata_piix
[    0.423997] ata1: PATA max MWDMA2 cmd 0x1f0 ctl 0x3f6 bmdma 0xc080 irq 14 lpm-pol 0
[    0.425023] ata2: PATA max MWDMA2 cmd 0x170 ctl 0x376 bmdma 0xc088 irq 15 lpm-pol 0
[    0.426251] i8042: PNP: PS/2 Controller [PNP0303:KBD,PNP0f13:MOU] at 0x60,0x64 irq 1,12
[    0.427982] serio: i8042 KBD port at 0x60,0x64 irq 1
[    0.428654] serio: i8042 AUX port at 0x60,0x64 irq 12
[    0.429459] rtc_cmos 00:04: RTC can wake from S4
[    0.430504] input: AT Translated Set 2 keyboard as /devices/platform/i8042/serio0/input/input1
[    0.431759] rtc_cmos 00:04: registered as rtc0
[    0.432425] rtc_cmos 00:04: setting system clock to 2024-02-20T09:06:41 UTC (1708420001)
[    0.433541] rtc_cmos 00:04: alarms up to one day, y3k, 242 bytes nvram, hpet irqs
[    0.434896] i6300ESB timer 0000:00:04.0: initialized. heartbeat=30 sec (nowayout=0)
[    0.435985] device-mapper: ioctl: 4.48.0-ioctl (2023-03-01) initialised: dm-devel@redhat.com
[    0.437393] NET: Registered PF_PACKET protocol family
[    0.438081] 9pnet: Installing 9P2000 support
[    0.439366] Key type dns_resolver registered
[    0.441310] input: ImExPS/2 Generic Explorer Mouse as /devices/platform/i8042/serio1/input/input3
[    0.443061] IPI shorthand broadcast: enabled
[    0.445564] sched_clock: Marking stable (440000910, 5030513)->(485305198, -40273775)
[    0.446968] registered taskstats version 1
[    0.448546] PM:   Magic number: 12:495:121
[    0.449130] printk: legacy console [netcon0] enabled
[    0.449783] netconsole: network logging started
[    0.450424] ALSA device list:
[    0.450820]   No soundcards found.
[    0.581361] ata2: found unknown device (class 0)
[    0.582607] ata2.00: ATAPI: QEMU DVD-ROM, 2.5+, max UDMA/100
[    0.584389] scsi 1:0:0:0: CD-ROM            QEMU     QEMU DVD-ROM     2.5+ PQ: 0 ANSI: 5
[    0.592484] scsi 1:0:0:0: Attached scsi generic sg0 type 5
[    0.593304] md: Skipping autodetection of RAID arrays. (raid=autodetect will force)
[    0.594209] 9pnet_virtio: no channels available for device 
[    0.595246] VFS: Mounted root (9p filesystem) readonly on device 0:19.
[    0.596142] devtmpfs: mounted
[    0.597095] Freeing unused kernel image (initmem) memory: 2992K
[    0.607036] Write protecting the kernel read-only data: 22528k
[    0.607986] Freeing unused kernel image (rodata/data gap) memory: 212K
[    0.638299] x86/mm: Checked W+X mappings: passed, no W+X pages found.
[    0.639060] Run /usr/lib/python3.11/site-packages/virtme/guest/virtme-init as init process
[    0.657986] mount (236) used greatest stack depth: 13480 bytes left
[    0.690983] mount (246) used greatest stack depth: 13208 bytes left
[    0.700922] mount (250) used greatest stack depth: 13144 bytes left
[    0.710334] mount (254) used greatest stack depth: 13064 bytes left
[    0.769102] virtme-init: basic initialization done
[    0.772941] virtme-init: udevd not found
[    0.810688] virtme-init: Setting hostname to virtme-ng...
[    0.819952] ip (332) used greatest stack depth: 12360 bytes left
          _      _                                    
   __   _(_)_ __| |_ _ __ ___   ___       _ __   __ _ 
   \ \ / / |  __| __|  _   _ \ / _ \_____|  _ \ / _  |
    \ V /| | |  | |_| | | | | |  __/_____| | | | (_| |
     \_/ |_|_|   \__|_| |_| |_|\___|     |_| |_|\__  |
                                                |___/ 
   kernel version: 6.8.0-rc4-virtme x86_64

virtme-ng:/nipa-data/kernel# PS1='xx__-> '
xx__-> env
PWD=/nipa-data/kernel
HOME=/
TERM=xterm
SHLVL=2
XDG_RUNTIME_DIR=/run/user/0
PATH=/bin:/sbin:/usr/bin:/usr/sbin:/usr/local/bin
OLDPWD=/
_=/usr/bin/env
xx__-> 