No EFI environment detected.
early console in extract_kernel
input_data: 0x0000000004ab02c4
input_len: 0x000000000185c36e
output: 0x0000000001000000
output_len: 0x0000000005298f58
kernel_total_size: 0x0000000004e30000
needed_size: 0x0000000005400000
trampoline_32bit: 0x0000000000000000
Physical KASLR using RDRAND RDTSC...
Virtual KASLR using RDRAND RDTSC...

Decompressing Linux... Parsing ELF... Performing relocations... done.
Booting the kernel (entry_offset: 0x0000000000000000).
[    0.000000] Linux version 6.9.0-virtme (root@924ca6ce302e) (gcc (Alpine 13.2.1_git20240309) 13.2.1 20240309, GNU ld (GNU Binutils) 2.42) #1 SMP PREEMPT_DYNAMIC Fri May 31 15:27:06 UTC 2024
[    0.000000] Command line: virtme_hostname=virtme-ng nr_open=1048576 virtme_link_mods=/nipa-data/kernel/.virtme_mods/lib/modules/0.0.0 virtme_initmount0=nipa-data/kernel virtme_rw_overlay0=/etc virtme_rw_overlay1=/lib virtme_rw_overlay2=/home virtme_rw_overlay3=/opt virtme_rw_overlay4=/srv virtme_rw_overlay5=/usr virtme_rw_overlay6=/var console=hvc0 earlyprintk=serial,ttyS0,115200 virtme_console=ttyS0 psmouse.proto=exps TERM=xterm virtme_chdir=nipa-data/kernel virtme_root_user=1 rootfstype=9p rootflags=version=9p2000.L,trans=virtio,access=any raid=noautodetect ro init=/usr/lib/python3.12/site-packages/virtme/guest/virtme-init
[    0.000000] BIOS-provided physical RAM map:
[    0.000000] BIOS-e820: [mem 0x0000000000000000-0x000000000009fbff] usable
[    0.000000] BIOS-e820: [mem 0x000000000009fc00-0x000000000009ffff] reserved
[    0.000000] BIOS-e820: [mem 0x00000000000f0000-0x00000000000fffff] reserved
[    0.000000] BIOS-e820: [mem 0x0000000000100000-0x000000003ffdffff] usable
[    0.000000] BIOS-e820: [mem 0x000000003ffe0000-0x000000003fffffff] reserved
[    0.000000] BIOS-e820: [mem 0x00000000feffc000-0x00000000feffffff] reserved
[    0.000000] BIOS-e820: [mem 0x00000000fffc0000-0x00000000ffffffff] reserved
[    0.000000] BIOS-e820: [mem 0x000000fd00000000-0x000000ffffffffff] reserved
[    0.000000] printk: legacy bootconsole [earlyser0] enabled
[    0.000000] NX (Execute Disable) protection: active
[    0.000000] APIC: Static calls initialized
[    0.000000] SMBIOS 2.8 present.
[    0.000000] DMI: QEMU Standard PC (i440FX + PIIX, 1996), BIOS rel-1.16.3-0-ga6ed6b701f0a-prebuilt.qemu.org 04/01/2014
[    0.000000] DMI: Memory slots populated: 1/1
[    0.000000] Hypervisor detected: KVM
[    0.000000] kvm-clock: Using msrs 4b564d01 and 4b564d00
[    0.000000] kvm-clock: using sched offset of 336594954 cycles
[    0.000486] clocksource: kvm-clock: mask: 0xffffffffffffffff max_cycles: 0x1cd42e4dffb, max_idle_ns: 881590591483 ns
[    0.002002] tsc: Detected 4491.556 MHz processor
[    0.002908] last_pfn = 0x3ffe0 max_arch_pfn = 0x400000000
[    0.003441] MTRR map: 4 entries (3 fixed + 1 variable; max 19), built from 8 variable MTRRs
[    0.004221] x86/PAT: Configuration [0-7]: WB  WC  UC- UC  WB  WP  UC- WT  
[    0.006572] found SMP MP-table at [mem 0x000f5470-0x000f547f]
[    0.007113] Using GB pages for direct mapping
[    0.007703] ACPI: Early table checksum verification disabled
[    0.008230] ACPI: RSDP 0x00000000000F5290 000014 (v00 BOCHS )
[    0.008766] ACPI: RSDT 0x000000003FFE27BC 000034 (v01 BOCHS  BXPC     00000001 BXPC 00000001)
[    0.009560] ACPI: FACP 0x000000003FFE2578 000074 (v01 BOCHS  BXPC     00000001 BXPC 00000001)
[    0.010361] ACPI: DSDT 0x000000003FFE0040 002538 (v01 BOCHS  BXPC     00000001 BXPC 00000001)
[    0.011156] ACPI: FACS 0x000000003FFE0000 000040
[    0.011587] ACPI: APIC 0x000000003FFE25EC 000170 (v03 BOCHS  BXPC     00000001 BXPC 00000001)
[    0.012378] ACPI: HPET 0x000000003FFE275C 000038 (v01 BOCHS  BXPC     00000001 BXPC 00000001)
[    0.013163] ACPI: WAET 0x000000003FFE2794 000028 (v01 BOCHS  BXPC     00000001 BXPC 00000001)
[    0.013946] ACPI: Reserving FACP table memory at [mem 0x3ffe2578-0x3ffe25eb]
[    0.014586] ACPI: Reserving DSDT table memory at [mem 0x3ffe0040-0x3ffe2577]
[    0.015220] ACPI: Reserving FACS table memory at [mem 0x3ffe0000-0x3ffe003f]
[    0.015855] ACPI: Reserving APIC table memory at [mem 0x3ffe25ec-0x3ffe275b]
[    0.016501] ACPI: Reserving HPET table memory at [mem 0x3ffe275c-0x3ffe2793]
[    0.017145] ACPI: Reserving WAET table memory at [mem 0x3ffe2794-0x3ffe27bb]
[    0.018142] No NUMA configuration found
[    0.018427] Faking a node at [mem 0x0000000000000000-0x000000003ffdffff]
[    0.018923] NODE_DATA(0) allocated [mem 0x3ffdb000-0x3ffdffff]
[    0.019369] Zone ranges:
[    0.019554]   DMA      [mem 0x0000000000001000-0x0000000000ffffff]
[    0.020007]   DMA32    [mem 0x0000000001000000-0x000000003ffdffff]
[    0.020459]   Normal   empty
[    0.020670]   Device   empty
[    0.020882] Movable zone start for each node
[    0.021194] Early memory node ranges
[    0.021481]   node   0: [mem 0x0000000000001000-0x000000000009efff]
[    0.021946]   node   0: [mem 0x0000000000100000-0x000000003ffdffff]
[    0.022405] Initmem setup node 0 [mem 0x0000000000001000-0x000000003ffdffff]
[    0.022926] On node 0, zone DMA: 1 pages in unavailable ranges
[    0.023410] On node 0, zone DMA: 97 pages in unavailable ranges
[    0.028485] On node 0, zone DMA32: 32 pages in unavailable ranges
[    0.039173] kasan: KernelAddressSanitizer initialized
[    0.039927] ACPI: PM-Timer IO Port: 0x608
[    0.040306] ACPI: LAPIC_NMI (acpi_id[0xff] dfl dfl lint[0x1])
[    0.040860] IOAPIC[0]: apic_id 0, version 17, address 0xfec00000, GSI 0-23
[    0.041493] ACPI: INT_SRC_OVR (bus 0 bus_irq 0 global_irq 2 dfl dfl)
[    0.042091] ACPI: INT_SRC_OVR (bus 0 bus_irq 5 global_irq 5 high level)
[    0.042698] ACPI: INT_SRC_OVR (bus 0 bus_irq 9 global_irq 9 high level)
[    0.043304] ACPI: INT_SRC_OVR (bus 0 bus_irq 10 global_irq 10 high level)
[    0.043926] ACPI: INT_SRC_OVR (bus 0 bus_irq 11 global_irq 11 high level)
[    0.044552] ACPI: Using ACPI (MADT) for SMP configuration information
[    0.045143] ACPI: HPET id: 0x8086a201 base: 0xfed00000
[    0.045618] TSC deadline timer available
[    0.046008] CPU topo: Max. logical packages:   1
[    0.046435] CPU topo: Max. logical dies:       1
[    0.046858] CPU topo: Max. dies per package:   1
[    0.047283] CPU topo: Max. threads per core:   1
[    0.047705] CPU topo: Num. cores per package:    32
[    0.048149] CPU topo: Num. threads per package:  32
[    0.048596] CPU topo: Allowing 32 present CPUs plus 0 hotplug CPUs
[    0.049180] kvm-guest: APIC: eoi() replaced with kvm_guest_apic_eoi_write()
[    0.049838] kvm-guest: KVM setup pv remote TLB flush
[    0.050295] kvm-guest: setup PV sched yield
[    0.050686] PM: hibernation: Registered nosave memory: [mem 0x00000000-0x00000fff]
[    0.051382] PM: hibernation: Registered nosave memory: [mem 0x0009f000-0x0009ffff]
[    0.052073] PM: hibernation: Registered nosave memory: [mem 0x000a0000-0x000effff]
[    0.052764] PM: hibernation: Registered nosave memory: [mem 0x000f0000-0x000fffff]
[    0.053457] [mem 0x40000000-0xfeffbfff] available for PCI devices
[    0.054019] Booting paravirtualized kernel on KVM
[    0.054451] clocksource: refined-jiffies: mask: 0xffffffff max_cycles: 0xffffffff, max_idle_ns: 1910969940391419 ns
[    0.063829] setup_percpu: NR_CPUS:64 nr_cpumask_bits:32 nr_cpu_ids:32 nr_node_ids:1
[    0.066051] percpu: Embedded 70 pages/cpu s248552 r8192 d29976 u524288
[    0.066720] Kernel command line: virtme_hostname=virtme-ng nr_open=1048576 virtme_link_mods=/nipa-data/kernel/.virtme_mods/lib/modules/0.0.0 virtme_initmount0=nipa-data/kernel virtme_rw_overlay0=/etc virtme_rw_overlay1=/lib virtme_rw_overlay2=/home virtme_rw_overlay3=/opt virtme_rw_overlay4=/srv virtme_rw_overlay5=/usr virtme_rw_overlay6=/var console=hvc0 earlyprintk=serial,ttyS0,115200 virtme_console=ttyS0 psmouse.proto=exps TERM=xterm virtme_chdir=nipa-data/kernel virtme_root_user=1 rootfstype=9p rootflags=version=9p2000.L,trans=virtio,access=any raid=noautodetect ro init=/usr/lib/python3.12/site-packages/virtme/guest/virtme-init
[    0.072094] Unknown kernel command line parameters "virtme_hostname=virtme-ng nr_open=1048576 virtme_link_mods=/nipa-data/kernel/.virtme_mods/lib/modules/0.0.0 virtme_initmount0=nipa-data/kernel virtme_rw_overlay0=/etc virtme_rw_overlay1=/lib virtme_rw_overlay2=/home virtme_rw_overlay3=/opt virtme_rw_overlay4=/srv virtme_rw_overlay5=/usr virtme_rw_overlay6=/var virtme_console=ttyS0 virtme_chdir=nipa-data/kernel virtme_root_user=1", will be passed to user space.
[    0.076092] random: crng init done
[    0.076538] Dentry cache hash table entries: 131072 (order: 8, 1048576 bytes, linear)
[    0.077287] Inode-cache hash table entries: 65536 (order: 7, 524288 bytes, linear)
[    0.078519] Fallback order for Node 0: 0 
[    0.078525] Built 1 zonelists, mobility grouping on.  Total pages: 262014
[    0.079530] Policy zone: DMA32
[    0.079815] mem auto-init: stack:all(zero), heap alloc:off, heap free:off, mlocked free:off
[    0.080591] stackdepot: allocating hash table via alloc_large_system_hash
[    0.081227] stackdepot hash table entries: 1048576 (order: 12, 16777216 bytes, linear)
[    0.090168] Memory: 781044K/1048056K available (43008K kernel code, 11191K rwdata, 9824K rodata, 5908K init, 2220K bss, 266756K reserved, 0K cma-reserved)
[    0.091405] SLUB: HWalign=64, Order=0-3, MinObjects=0, CPUs=32, Nodes=1
Poking KASLR using RDRAND RDTSC...
[    0.092193] ftrace: allocating 47914 entries in 188 pages
[    0.100754] ftrace: allocated 188 pages with 5 groups
[    0.101977] Dynamic Preempt: voluntary
[    0.102732] rcu: Preemptible hierarchical RCU implementation.
[    0.103173] rcu: RCU event tracing is enabled.
[    0.103518] rcu: RCU restricting CPUs from NR_CPUS=64 to nr_cpu_ids=32.
[    0.104031] Trampoline variant of Tasks RCU enabled.
[    0.104415] Rude variant of Tasks RCU enabled.
[    0.104773] Tracing variant of Tasks RCU enabled.
[    0.105137] rcu: RCU calculated value of scheduler-enlistment delay is 100 jiffies.
[    0.105754] rcu: Adjusting geometry for rcu_fanout_leaf=16, nr_cpu_ids=32
[    0.106340] RCU Tasks: Setting shift to 5 and lim to 1 rcu_task_cb_adjust=1.
[    0.106877] RCU Tasks Rude: Setting shift to 5 and lim to 1 rcu_task_cb_adjust=1.
[    0.107447] RCU Tasks Trace: Setting shift to 5 and lim to 1 rcu_task_cb_adjust=1.
[    0.116145] NR_IRQS: 4352, nr_irqs: 680, preallocated irqs: 16
[    0.116843] rcu: srcu_init: Setting srcu_struct sizes based on contention.
[    0.117596] Console: colour *CGA 80x25
[    0.117936] ACPI: Core revision 20240322
[    0.118384] clocksource: hpet: mask: 0xffffffff max_cycles: 0xffffffff, max_idle_ns: 19112604467 ns
[    0.119132] APIC: Switch to symmetric I/O mode setup
[    0.119508] APIC: Switched APIC routing to: physical flat
[    0.119914] kvm-guest: APIC: send_IPI_mask() replaced with kvm_send_ipi_mask()
[    0.120451] kvm-guest: APIC: send_IPI_mask_allbutself() replaced with kvm_send_ipi_mask_allbutself()
[    0.121155] kvm-guest: setup PV IPIs
[    0.122322] ..TIMER: vector=0x30 apic1=0 pin1=2 apic2=-1 pin2=-1
[    0.123121] tsc: Marking TSC unstable due to TSCs unsynchronized
[    0.123903] Calibrating delay loop (skipped) preset value.. 8983.11 BogoMIPS (lpj=4491556)
[    0.124967] x86/cpu: User Mode Instruction Prevention (UMIP) activated
[    0.125962] Last level iTLB entries: 4KB 512, 2MB 255, 4MB 127
[    0.126901] Last level dTLB entries: 4KB 512, 2MB 255, 4MB 127, 1GB 0
[    0.127906] Spectre V1 : Mitigation: usercopy/swapgs barriers and __user pointer sanitization
[    0.128905] Spectre V2 : Mitigation: Enhanced / Automatic IBRS
[    0.129902] Spectre V2 : Spectre v2 / SpectreRSB mitigation: Filling RSB on context switch
[    0.130904] Spectre V2 : mitigation: Enabling conditional Indirect Branch Prediction Barrier
[    0.131903] Speculative Store Bypass: Mitigation: Speculative Store Bypass disabled via prctl
[    0.132902] Speculative Return Stack Overflow: IBPB-extending microcode not applied!
[    0.133901] Speculative Return Stack Overflow: WARNING: See https://kernel.org/doc/html/latest/admin-guide/hw-vuln/srso.html for mitigation options.
[    0.133903] Speculative Return Stack Overflow: Vulnerable: Safe RET, no microcode
[    0.135917] x86/fpu: Supporting XSAVE feature 0x001: 'x87 floating point registers'
[    0.136902] x86/fpu: Supporting XSAVE feature 0x002: 'SSE registers'
[    0.137901] x86/fpu: Supporting XSAVE feature 0x004: 'AVX registers'
[    0.138901] x86/fpu: Supporting XSAVE feature 0x020: 'AVX-512 opmask'
[    0.139901] x86/fpu: Supporting XSAVE feature 0x040: 'AVX-512 Hi256'
[    0.140901] x86/fpu: Supporting XSAVE feature 0x080: 'AVX-512 ZMM_Hi256'
[    0.141901] x86/fpu: Supporting XSAVE feature 0x200: 'Protection Keys User registers'
[    0.142901] x86/fpu: xstate_offset[2]:  576, xstate_sizes[2]:  256
[    0.143688] x86/fpu: xstate_offset[5]:  832, xstate_sizes[5]:   64
[    0.143901] x86/fpu: xstate_offset[6]:  896, xstate_sizes[6]:  512
[    0.144901] x86/fpu: xstate_offset[7]: 1408, xstate_sizes[7]: 1024
[    0.145901] x86/fpu: xstate_offset[9]: 2432, xstate_sizes[9]:    8
[    0.146901] x86/fpu: Enabled xstate features 0x2e7, context size is 2440 bytes, using 'compacted' format.
[    0.172331] Freeing SMP alternatives memory: 40K
[    0.172902] pid_max: default: 32768 minimum: 301
[    0.174065] Mount-cache hash table entries: 2048 (order: 2, 16384 bytes, linear)
[    0.174903] Mountpoint-cache hash table entries: 2048 (order: 2, 16384 bytes, linear)
[    0.177459] smpboot: CPU0: AMD Ryzen 9 7950X 16-Core Processor (family: 0x19, model: 0x61, stepping: 0x2)
[    0.178524] Performance Events: Fam17h+ core perfctr, AMD PMU driver.
[    0.178906] ... version:                0
[    0.179568] ... bit width:              48
[    0.179903] ... generic registers:      6
[    0.180562] ... value mask:             0000ffffffffffff
[    0.180903] ... max period:             00007fffffffffff
[    0.181776] ... fixed-purpose events:   0
[    0.181903] ... event mask:             000000000000003f
[    0.182950] signal: max sigframe size: 3376
[    0.183696] rcu: Hierarchical SRCU implementation.
[    0.183904] rcu: Max phase no-delay instances is 400.
[    0.190366] smp: Bringing up secondary CPUs ...
[    0.191185] smpboot: x86: Booting SMP configuration:
[    0.191838] .... node  #0, CPUs:        #1  #2  #3  #4  #5  #6  #7  #8  #9 #10 #11 #12 #13 #14 #15 #16 #17 #18 #19 #20 #21 #22 #23 #24 #25 #26 #27 #28 #29 #30 #31
[    0.214018] smp: Brought up 1 node, 32 CPUs
[    0.215456] smpboot: Total of 32 processors activated (287459.58 BogoMIPS)
[    0.220159] devtmpfs: initialized
[    0.221080] x86/mm: Memory block size: 128MB
[    0.228063] clocksource: jiffies: mask: 0xffffffff max_cycles: 0xffffffff, max_idle_ns: 1911260446275000 ns
[    0.228908] futex hash table entries: 8192 (order: 7, 524288 bytes, linear)
[    0.230159] PM: RTC time: 15:27:46, date: 2024-05-31
[    0.231822] NET: Registered PF_NETLINK/PF_ROUTE protocol family
[    0.232806] thermal_sys: Registered thermal governor 'step_wise'
[    0.232808] thermal_sys: Registered thermal governor 'user_space'
[    0.232932] cpuidle: using governor menu
[    0.235355] PCI: Using configuration type 1 for base access
[    0.235903] PCI: Using configuration type 1 for extended access
[    0.236823] kprobes: kprobe jump-optimization is enabled. All kprobes are optimized if possible.
[    0.253047] HugeTLB: registered 1.00 GiB page size, pre-allocated 0 pages
[    0.253904] HugeTLB: 16380 KiB vmemmap can be freed for a 1.00 GiB page
[    0.254904] HugeTLB: registered 2.00 MiB page size, pre-allocated 0 pages
[    0.256903] HugeTLB: 28 KiB vmemmap can be freed for a 2.00 MiB page
[    0.258230] Demotion targets for Node 0: null
[    0.259344] ACPI: Added _OSI(Module Device)
[    0.259904] ACPI: Added _OSI(Processor Device)
[    0.260646] ACPI: Added _OSI(3.0 _SCP Extensions)
[    0.261904] ACPI: Added _OSI(Processor Aggregator Device)
[    0.295749] ACPI: 1 ACPI AML tables successfully acquired and loaded
[    0.299144] ACPI: _OSC evaluation for CPUs failed, trying _PDC
[    0.303804] ACPI: Interpreter enabled
[    0.303989] ACPI: PM: (supports S0 S3 S4 S5)
[    0.304712] ACPI: Using IOAPIC for interrupt routing
[    0.305973] PCI: Using host bridge windows from ACPI; if necessary, use "pci=nocrs" and report a bug
[    0.306903] PCI: Using E820 reservations for host bridge windows
[    0.309409] ACPI: Enabled 2 GPEs in block 00 to 0F
[    0.367553] ACPI: PCI Root Bridge [PCI0] (domain 0000 [bus 00-ff])
[    0.367918] acpi PNP0A03:00: _OSC: OS supports [ExtendedConfig ASPM ClockPM Segments MSI HPX-Type3]
[    0.369418] PCI host bridge to bus 0000:00
[    0.370906] pci_bus 0000:00: root bus resource [io  0x0000-0x0cf7 window]
[    0.371796] pci_bus 0000:00: root bus resource [io  0x0d00-0xffff window]
[    0.371905] pci_bus 0000:00: root bus resource [mem 0x000a0000-0x000bffff window]
[    0.372885] pci_bus 0000:00: root bus resource [mem 0x40000000-0xfebfffff window]
[    0.373907] pci_bus 0000:00: root bus resource [mem 0x100000000-0x17fffffff window]
[    0.374900] pci_bus 0000:00: root bus resource [bus 00-ff]
[    0.375768] pci 0000:00:00.0: [8086:1237] type 00 class 0x060000 conventional PCI endpoint
[    0.377818] pci 0000:00:01.0: [8086:7000] type 00 class 0x060100 conventional PCI endpoint
[    0.379836] pci 0000:00:01.1: [8086:7010] type 00 class 0x010180 conventional PCI endpoint
[    0.384161] pci 0000:00:01.1: BAR 4 [io  0xc0c0-0xc0cf]
[    0.385647] pci 0000:00:01.1: BAR 0 [io  0x01f0-0x01f7]: legacy IDE quirk
[    0.385903] pci 0000:00:01.1: BAR 1 [io  0x03f6]: legacy IDE quirk
[    0.386709] pci 0000:00:01.1: BAR 2 [io  0x0170-0x0177]: legacy IDE quirk
[    0.387903] pci 0000:00:01.1: BAR 3 [io  0x0376]: legacy IDE quirk
[    0.389412] pci 0000:00:01.3: [8086:7113] type 00 class 0x068000 conventional PCI endpoint
[    0.391171] pci 0000:00:01.3: quirk: [io  0x0600-0x063f] claimed by PIIX4 ACPI
[    0.392907] pci 0000:00:01.3: quirk: [io  0x0700-0x070f] claimed by PIIX4 SMB
[    0.394601] pci 0000:00:02.0: [1af4:1009] type 00 class 0x000200 conventional PCI endpoint
[    0.396903] pci 0000:00:02.0: BAR 0 [io  0xc000-0xc03f]
[    0.398610] pci 0000:00:02.0: BAR 1 [mem 0xfebfc000-0xfebfcfff]
[    0.404427] pci 0000:00:02.0: BAR 4 [mem 0xfebf0000-0xfebf3fff 64bit pref]
[    0.418423] pci 0000:00:03.0: [1af4:1009] type 00 class 0x000200 conventional PCI endpoint
[    0.420903] pci 0000:00:03.0: BAR 0 [io  0xc040-0xc07f]
[    0.422615] pci 0000:00:03.0: BAR 1 [mem 0xfebfd000-0xfebfdfff]
[    0.428639] pci 0000:00:03.0: BAR 4 [mem 0xfebf4000-0xfebf7fff 64bit pref]
[    0.442830] pci 0000:00:04.0: [8086:25ab] type 00 class 0x088000 conventional PCI endpoint
[    0.444363] pci 0000:00:04.0: BAR 0 [mem 0xfebfe000-0xfebfe00f]
[    0.460076] pci 0000:00:05.0: [1af4:1003] type 00 class 0x078000 conventional PCI endpoint
[    0.461904] pci 0000:00:05.0: BAR 0 [io  0xc080-0xc0bf]
[    0.464623] pci 0000:00:05.0: BAR 1 [mem 0xfebff000-0xfebfffff]
[    0.470448] pci 0000:00:05.0: BAR 4 [mem 0xfebf8000-0xfebfbfff 64bit pref]
[    0.487113] ACPI: PCI: Interrupt link LNKA configured for IRQ 10
[    0.488860] ACPI: PCI: Interrupt link LNKB configured for IRQ 10
[    0.490852] ACPI: PCI: Interrupt link LNKC configured for IRQ 11
[    0.491838] ACPI: PCI: Interrupt link LNKD configured for IRQ 11
[    0.493295] ACPI: PCI: Interrupt link LNKS configured for IRQ 9
[    0.512593] iommu: Default domain type: Translated
[    0.513903] iommu: DMA domain TLB invalidation policy: lazy mode
[    0.515144] SCSI subsystem initialized
[    0.516004] pps_core: LinuxPPS API ver. 1 registered
[    0.516643] pps_core: Software ver. 5.3.6 - Copyright 2005-2007 Rodolfo Giometti <giometti@linux.it>
[    0.517917] PTP clock support registered
[    0.518504] Advanced Linux Sound Architecture Driver Initialized.
[    0.520034] NET: Registered PF_ATMPVC protocol family
[    0.520686] NET: Registered PF_ATMSVC protocol family
[    0.521928] PCI: Using ACPI for IRQ routing
[    0.522604] vgaarb: loaded
[    0.523031] hpet0: at MMIO 0xfed00000, IRQs 2, 8, 0
[    0.523660] hpet0: 3 comparators, 64-bit 100.000000 MHz counter
[    0.529408] clocksource: Switched to clocksource kvm-clock
[    0.530710] VFS: Disk quotas dquot_6.6.0
[    0.531232] VFS: Dquot-cache hash table entries: 512 (order 0, 4096 bytes)
[    0.532935] pnp: PnP ACPI init
[    0.535746] pnp: PnP ACPI: found 5 devices
[    0.548450] clocksource: acpi_pm: mask: 0xffffff max_cycles: 0xffffff, max_idle_ns: 2085701024 ns
[    0.549686] NET: Registered PF_INET protocol family
[    0.550353] IP idents hash table entries: 16384 (order: 5, 131072 bytes, linear)
[    0.551699] tcp_listen_portaddr_hash hash table entries: 512 (order: 1, 8192 bytes, linear)
[    0.552781] Table-perturb hash table entries: 65536 (order: 6, 262144 bytes, linear)
[    0.553791] TCP established hash table entries: 8192 (order: 4, 65536 bytes, linear)
[    0.554865] TCP bind hash table entries: 8192 (order: 6, 262144 bytes, linear)
[    0.555797] TCP: Hash tables configured (established 8192 bind 8192)
[    0.556787] UDP hash table entries: 512 (order: 2, 16384 bytes, linear)
[    0.557722] UDP-Lite hash table entries: 512 (order: 2, 16384 bytes, linear)
[    0.558960] NET: Registered PF_UNIX/PF_LOCAL protocol family
[    0.559930] pci_bus 0000:00: resource 4 [io  0x0000-0x0cf7 window]
[    0.560935] pci_bus 0000:00: resource 5 [io  0x0d00-0xffff window]
[    0.561744] pci_bus 0000:00: resource 6 [mem 0x000a0000-0x000bffff window]
[    0.562635] pci_bus 0000:00: resource 7 [mem 0x40000000-0xfebfffff window]
[    0.563518] pci_bus 0000:00: resource 8 [mem 0x100000000-0x17fffffff window]
[    0.564667] pci 0000:00:01.0: PIIX3: Enabling Passive Release
[    0.565432] pci 0000:00:00.0: Limiting direct PCI/PCI transfers
[    0.566250] PCI: CLS 0 bytes, default 64
[    0.566845] kvm_intel: VMX not supported by CPU 1
[    0.567474] kvm_amd: TSC scaling supported
[    0.568017] kvm_amd: Nested Virtualization enabled
[    0.568663] kvm_amd: Nested Paging enabled
[    0.569225] kvm_amd: Virtual VMLOAD VMSAVE supported
[    0.569880] kvm_amd: Virtual GIF supported
[    0.570401] kvm_amd: Virtual NMI enabled
[    0.570916] kvm_amd: LBR virtualization supported
[    0.681571] Initialise system trusted keyrings
[    0.682438] workingset: timestamp_bits=56 max_order=18 bucket_order=0
[    0.683403] squashfs: version 4.0 (2009/01/31) Phillip Lougher
[    0.684186] fuse: init (API version 7.40)
[    0.684869] 9p: Installing v9fs 9p2000 file system support
[    0.695154] Key type asymmetric registered
[    0.695690] Asymmetric key parser 'x509' registered
[    0.696373] Block layer SCSI generic (bsg) driver version 0.4 loaded (major 249)
[    0.697353] io scheduler mq-deadline registered
[    0.697933] io scheduler kyber registered
[    0.699963] input: Power Button as /devices/LNXSYSTM:00/LNXPWRBN:00/input/input0
[    0.701159] ACPI: button: Power Button [PWRF]
[    0.701848] Warning: Processor Platform Limit event detected, but not handled.
[    0.702774] Consider compiling CPUfreq support into your kernel.
[    1.658059] ACPI: \_SB_.LNKB: Enabled at IRQ 10
[    2.625461] ACPI: \_SB_.LNKC: Enabled at IRQ 11
[    3.604475] ACPI: \_SB_.LNKA: Enabled at IRQ 10
[    3.606033] Serial: 8250/16550 driver, 4 ports, IRQ sharing enabled
[    3.607205] 00:03: ttyS0 at I/O 0x3f8 (irq = 4, base_baud = 115200) is a 16550A
[    3.647021] Non-volatile memory driver v1.3
[    3.647764] Linux agpgart interface v0.103
[    3.648453] printk: legacy console [hvc0] enabled
[    3.648700] ACPI: bus type drm_connector registered
[    3.649120] printk: legacy bootconsole [earlyser0] disabled
          _      _                                    
   __   _(_)_ __| |_ _ __ ___   ___       _ __   __ _ 
   \ \ / / |  __| __|  _   _ \ / _ \_____|  _ \ / _  |
    \ V /| | |  | |_| | | | | |  __/_____| | | | (_| |
     \_/ |_|_|   \__|_| |_| |_|\___|     |_| |_|\__  |
                                                |___/ 
   kernel version: 6.9.0-virtme x86_64
   (CTRL+d to exit)

virtme-ng:/nipa-data/kernel# PS1='xx__-> '
xx__-> env
PWD=/nipa-data/kernel
nr_open=1048576
HOME=/root
TERM=xterm
SHLVL=2
XDG_RUNTIME_DIR=/run/user/0
PATH=/bin:/sbin:/usr/bin:/usr/sbin:/usr/local/bin
OLDPWD=/
_=/usr/bin/env
xx__-> 