No EFI environment detected.
early console in extract_kernel
input_data: 0x00000000030612b9
input_len: 0x0000000000b81f82
output: 0x0000000001000000
output_len: 0x000000000252f288
kernel_total_size: 0x0000000002c30000
needed_size: 0x0000000002e00000
trampoline_32bit: 0x0000000000000000
Physical KASLR using RDRAND RDTSC...
Virtual KASLR using RDRAND RDTSC...

Decompressing Linux... Parsing ELF... Performing relocations... done.
Booting the kernel (entry_offset: 0x0000000000000000).
[    0.000000] Linux version 6.8.0-rc1-virtme (root@7ec2ccbf4049) (gcc (Alpine 13.2.1_git20231014) 13.2.1 20231014, GNU ld (GNU Binutils) 2.41) #1 SMP PREEMPT_DYNAMIC Tue Jan 30 03:06:41 UTC 2024
[    0.000000] Command line: virtme_hostname=virtme-ng virtme_link_mods=/nipa-data/kernel/.virtme_mods/lib/modules/0.0.0 virtme_initmount0=nipa-data/kernel virtme_rw_overlay0=/etc virtme_rw_overlay1=/lib virtme_rw_overlay2=/home virtme_rw_overlay3=/opt virtme_rw_overlay4=/srv virtme_rw_overlay5=/usr virtme_rw_overlay6=/var earlyprintk=serial,ttyS0,115200 console=ttyS0 psmouse.proto=exps virtme_chdir=nipa-data/kernel virtme_root_user=1 rootfstype=9p rootflags=version=9p2000.L,trans=virtio,access=any raid=noautodetect ro init=/usr/lib/python3.11/site-packages/virtme/guest/virtme-init
[    0.000000] BIOS-provided physical RAM map:
[    0.000000] BIOS-e820: [mem 0x0000000000000000-0x000000000009fbff] usable
[    0.000000] BIOS-e820: [mem 0x000000000009fc00-0x000000000009ffff] reserved
[    0.000000] BIOS-e820: [mem 0x00000000000f0000-0x00000000000fffff] reserved
[    0.000000] BIOS-e820: [mem 0x0000000000100000-0x000000003ffdffff] usable
[    0.000000] BIOS-e820: [mem 0x000000003ffe0000-0x000000003fffffff] reserved
[    0.000000] BIOS-e820: [mem 0x00000000feffc000-0x00000000feffffff] reserved
[    0.000000] BIOS-e820: [mem 0x00000000fffc0000-0x00000000ffffffff] reserved
[    0.000000] BIOS-e820: [mem 0x000000fd00000000-0x000000ffffffffff] reserved
[    0.000000] printk: legacy bootconsole [earlyser0] enabled
[    0.000000] NX (Execute Disable) protection: active
[    0.000000] APIC: Static calls initialized
[    0.000000] SMBIOS 3.0.0 present.
[    0.000000] DMI: QEMU Standard PC (i440FX + PIIX, 1996), BIOS rel-1.16.3-0-ga6ed6b701f0a-prebuilt.qemu.org 04/01/2014
[    0.000000] Hypervisor detected: KVM
[    0.000000] kvm-clock: Using msrs 4b564d01 and 4b564d00
[    0.000001] kvm-clock: using sched offset of 238354642 cycles
[    0.000389] clocksource: kvm-clock: mask: 0xffffffffffffffff max_cycles: 0x1cd42e4dffb, max_idle_ns: 881590591483 ns
[    0.001578] tsc: Detected 4491.536 MHz processor
[    0.002176] last_pfn = 0x3ffe0 max_arch_pfn = 0x400000000
[    0.002615] MTRR map: 4 entries (3 fixed + 1 variable; max 19), built from 8 variable MTRRs
[    0.003228] x86/PAT: Configuration [0-7]: WB  WC  UC- UC  WB  WP  UC- WT  
Memory KASLR using RDRAND RDTSC...
[    0.005465] found SMP MP-table at [mem 0x000f5470-0x000f547f]
[    0.005892] Using GB pages for direct mapping
[    0.006294] ACPI: Early table checksum verification disabled
[    0.006725] ACPI: RSDP 0x00000000000F5290 000014 (v00 BOCHS )
[    0.007147] ACPI: RSDT 0x000000003FFE27B6 000034 (v01 BOCHS  BXPC     00000001 BXPC 00000001)
[    0.007777] ACPI: FACP 0x000000003FFE2572 000074 (v01 BOCHS  BXPC     00000001 BXPC 00000001)
[    0.008414] ACPI: DSDT 0x000000003FFE0040 002532 (v01 BOCHS  BXPC     00000001 BXPC 00000001)
[    0.009041] ACPI: FACS 0x000000003FFE0000 000040
[    0.009390] ACPI: APIC 0x000000003FFE25E6 000170 (v03 BOCHS  BXPC     00000001 BXPC 00000001)
[    0.010013] ACPI: HPET 0x000000003FFE2756 000038 (v01 BOCHS  BXPC     00000001 BXPC 00000001)
[    0.010651] ACPI: WAET 0x000000003FFE278E 000028 (v01 BOCHS  BXPC     00000001 BXPC 00000001)
[    0.011277] ACPI: Reserving FACP table memory at [mem 0x3ffe2572-0x3ffe25e5]
[    0.011801] ACPI: Reserving DSDT table memory at [mem 0x3ffe0040-0x3ffe2571]
[    0.012325] ACPI: Reserving FACS table memory at [mem 0x3ffe0000-0x3ffe003f]
[    0.012839] ACPI: Reserving APIC table memory at [mem 0x3ffe25e6-0x3ffe2755]
[    0.013363] ACPI: Reserving HPET table memory at [mem 0x3ffe2756-0x3ffe278d]
[    0.013876] ACPI: Reserving WAET table memory at [mem 0x3ffe278e-0x3ffe27b5]
[    0.014540] No NUMA configuration found
[    0.014821] Faking a node at [mem 0x0000000000000000-0x000000003ffdffff]
[    0.015312] NODE_DATA(0) allocated [mem 0x3ffdb000-0x3ffdffff]
[    0.015753] Zone ranges:
[    0.015937]   DMA      [mem 0x0000000000001000-0x0000000000ffffff]
[    0.016396]   DMA32    [mem 0x0000000001000000-0x000000003ffdffff]
[    0.016846]   Normal   empty
[    0.017057]   Device   empty
[    0.017267] Movable zone start for each node
[    0.017588] Early memory node ranges
[    0.017849]   node   0: [mem 0x0000000000001000-0x000000000009efff]
[    0.018310]   node   0: [mem 0x0000000000100000-0x000000003ffdffff]
[    0.018774] Initmem setup node 0 [mem 0x0000000000001000-0x000000003ffdffff]
[    0.019291] On node 0, zone DMA: 1 pages in unavailable ranges
[    0.019735] On node 0, zone DMA: 97 pages in unavailable ranges
[    0.021116] On node 0, zone DMA32: 32 pages in unavailable ranges
[    0.021764] ACPI: PM-Timer IO Port: 0x608
[    0.022059] ACPI: LAPIC_NMI (acpi_id[0xff] dfl dfl lint[0x1])
[    0.022502] IOAPIC[0]: apic_id 0, version 17, address 0xfec00000, GSI 0-23
[    0.023010] ACPI: INT_SRC_OVR (bus 0 bus_irq 0 global_irq 2 dfl dfl)
[    0.023477] ACPI: INT_SRC_OVR (bus 0 bus_irq 5 global_irq 5 high level)
[    0.023957] ACPI: INT_SRC_OVR (bus 0 bus_irq 9 global_irq 9 high level)
[    0.024455] ACPI: INT_SRC_OVR (bus 0 bus_irq 10 global_irq 10 high level)
[    0.024952] ACPI: INT_SRC_OVR (bus 0 bus_irq 11 global_irq 11 high level)
[    0.025461] ACPI: Using ACPI (MADT) for SMP configuration information
[    0.025930] ACPI: HPET id: 0x8086a201 base: 0xfed00000
[    0.026309] TSC deadline timer available
[    0.026604] smpboot: Allowing 32 CPUs, 0 hotplug CPUs
[    0.026988] kvm-guest: APIC: eoi() replaced with kvm_guest_apic_eoi_write()
[    0.027515] kvm-guest: KVM setup pv remote TLB flush
[    0.027879] kvm-guest: setup PV sched yield
[    0.028191] PM: hibernation: Registered nosave memory: [mem 0x00000000-0x00000fff]
[    0.028752] PM: hibernation: Registered nosave memory: [mem 0x0009f000-0x0009ffff]
[    0.029308] PM: hibernation: Registered nosave memory: [mem 0x000a0000-0x000effff]
[    0.029865] PM: hibernation: Registered nosave memory: [mem 0x000f0000-0x000fffff]
[    0.030424] [mem 0x40000000-0xfeffbfff] available for PCI devices
[    0.030872] Booting paravirtualized kernel on KVM
[    0.031217] clocksource: refined-jiffies: mask: 0xffffffff max_cycles: 0xffffffff, max_idle_ns: 1910969940391419 ns
[    0.034962] setup_percpu: NR_CPUS:64 nr_cpumask_bits:32 nr_cpu_ids:32 nr_node_ids:1
[    0.036254] percpu: Embedded 58 pages/cpu s199840 r8192 d29536 u262144
[    0.036781] Kernel command line: virtme_hostname=virtme-ng virtme_link_mods=/nipa-data/kernel/.virtme_mods/lib/modules/0.0.0 virtme_initmount0=nipa-data/kernel virtme_rw_overlay0=/etc virtme_rw_overlay1=/lib virtme_rw_overlay2=/home virtme_rw_overlay3=/opt virtme_rw_overlay4=/srv virtme_rw_overlay5=/usr virtme_rw_overlay6=/var earlyprintk=serial,ttyS0,115200 console=ttyS0 psmouse.proto=exps virtme_chdir=nipa-data/kernel virtme_root_user=1 rootfstype=9p rootflags=version=9p2000.L,trans=virtio,access=any raid=noautodetect ro init=/usr/lib/python3.11/site-packages/virtme/guest/virtme-init
[    0.040764] Unknown kernel command line parameters "virtme_hostname=virtme-ng virtme_link_mods=/nipa-data/kernel/.virtme_mods/lib/modules/0.0.0 virtme_initmount0=nipa-data/kernel virtme_rw_overlay0=/etc virtme_rw_overlay1=/lib virtme_rw_overlay2=/home virtme_rw_overlay3=/opt virtme_rw_overlay4=/srv virtme_rw_overlay5=/usr virtme_rw_overlay6=/var virtme_chdir=nipa-data/kernel virtme_root_user=1", will be passed to user space.
[    0.043810] random: crng init done
[    0.044092] Dentry cache hash table entries: 131072 (order: 8, 1048576 bytes, linear)
[    0.044706] Inode-cache hash table entries: 65536 (order: 7, 524288 bytes, linear)
[    0.045379] Fallback order for Node 0: 0 
[    0.045382] Built 1 zonelists, mobility grouping on.  Total pages: 257760
[    0.046195] Policy zone: DMA32
[    0.046431] mem auto-init: stack:all(zero), heap alloc:off, heap free:off
[    0.048455] Memory: 976380K/1048056K available (16384K kernel code, 2556K rwdata, 6072K rodata, 3160K init, 12004K bss, 71416K reserved, 0K cma-reserved)
[    0.049555] SLUB: HWalign=64, Order=0-3, MinObjects=0, CPUs=32, Nodes=1
Poking KASLR using RDRAND RDTSC...
[    0.050340] ftrace: allocating 46542 entries in 182 pages
[    0.057504] ftrace: allocated 182 pages with 5 groups
[    0.058689] Dynamic Preempt: voluntary
[    0.059166] Running RCU self tests
[    0.059435] Running RCU synchronous self tests
[    0.059781] rcu: Preemptible hierarchical RCU implementation.
[    0.060219] rcu: RCU event tracing is enabled.
[    0.060575] rcu: RCU lockdep checking is enabled.
[    0.060940] rcu: RCU restricting CPUs from NR_CPUS=64 to nr_cpu_ids=32.
[    0.061464] Trampoline variant of Tasks RCU enabled.
[    0.061847] Rude variant of Tasks RCU enabled.
[    0.062190] Tracing variant of Tasks RCU enabled.
[    0.062570] rcu: RCU calculated value of scheduler-enlistment delay is 100 jiffies.
[    0.063151] rcu: Adjusting geometry for rcu_fanout_leaf=16, nr_cpu_ids=32
[    0.063704] Running RCU synchronous self tests
[    0.065653] NR_IRQS: 4352, nr_irqs: 680, preallocated irqs: 16
[    0.066295] rcu: srcu_init: Setting srcu_struct sizes based on contention.
[    0.067025] Console: colour *CGA 80x25
[    0.067345] printk: legacy console [ttyS0] enabled
[    0.067345] printk: legacy console [ttyS0] enabled
[    0.068076] printk: legacy bootconsole [earlyser0] disabled
[    0.068076] printk: legacy bootconsole [earlyser0] disabled
[    0.068941] Lock dependency validator: Copyright (c) 2006 Red Hat, Inc., Ingo Molnar
[    0.069540] ... MAX_LOCKDEP_SUBCLASSES:  8
[    0.069854] ... MAX_LOCK_DEPTH:          48
[    0.070175] ... MAX_LOCKDEP_KEYS:        8192
[    0.070518] ... CLASSHASH_SIZE:          4096
[    0.070854] ... MAX_LOCKDEP_ENTRIES:     32768
[    0.071195] ... MAX_LOCKDEP_CHAINS:      65536
[    0.071541] ... CHAINHASH_SIZE:          32768
[    0.071882]  memory used by lock dependency info: 6429 kB
[    0.072294]  memory used for stack traces: 4224 kB
[    0.072673]  per task-struct memory footprint: 1920 bytes
[    0.073099] ACPI: Core revision 20230628
[    0.073503] clocksource: hpet: mask: 0xffffffff max_cycles: 0xffffffff, max_idle_ns: 19112604467 ns
[    0.074300] APIC: Switch to symmetric I/O mode setup
[    0.074703] APIC: Switched APIC routing to: physical flat
[    0.075119] kvm-guest: APIC: send_IPI_mask() replaced with kvm_send_ipi_mask()
[    0.075671] kvm-guest: APIC: send_IPI_mask_allbutself() replaced with kvm_send_ipi_mask_allbutself()
[    0.076379] kvm-guest: setup PV IPIs
[    0.077502] ..TIMER: vector=0x30 apic1=0 pin1=2 apic2=-1 pin2=-1
[    0.078334] tsc: Marking TSC unstable due to TSCs unsynchronized
[    0.079136] Calibrating delay loop (skipped) preset value.. 8983.07 BogoMIPS (lpj=4491536)
[    0.081193] x86/cpu: User Mode Instruction Prevention (UMIP) activated
[    0.082116] Last level iTLB entries: 4KB 512, 2MB 255, 4MB 127
[    0.082131] Last level dTLB entries: 4KB 512, 2MB 255, 4MB 127, 1GB 0
[    0.083135] Spectre V1 : Mitigation: usercopy/swapgs barriers and __user pointer sanitization
[    0.084135] Spectre V2 : Mitigation: Enhanced / Automatic IBRS
[    0.085131] Spectre V2 : Spectre v2 / SpectreRSB mitigation: Filling RSB on context switch
[    0.086132] Spectre V2 : mitigation: Enabling conditional Indirect Branch Prediction Barrier
[    0.087133] Speculative Store Bypass: Mitigation: Speculative Store Bypass disabled via prctl
[    0.088131] Speculative Return Stack Overflow: IBPB-extending microcode not applied!
[    0.089131] Speculative Return Stack Overflow: WARNING: See https://kernel.org/doc/html/latest/admin-guide/hw-vuln/srso.html for mitigation options.
[    0.089132] Speculative Return Stack Overflow: Vulnerable: Safe RET, no microcode
[    0.091155] x86/fpu: Supporting XSAVE feature 0x001: 'x87 floating point registers'
[    0.092131] x86/fpu: Supporting XSAVE feature 0x002: 'SSE registers'
[    0.093131] x86/fpu: Supporting XSAVE feature 0x004: 'AVX registers'
[    0.093945] x86/fpu: Supporting XSAVE feature 0x020: 'AVX-512 opmask'
[    0.094131] x86/fpu: Supporting XSAVE feature 0x040: 'AVX-512 Hi256'
[    0.095131] x86/fpu: Supporting XSAVE feature 0x080: 'AVX-512 ZMM_Hi256'
[    0.096131] x86/fpu: Supporting XSAVE feature 0x200: 'Protection Keys User registers'
[    0.097131] x86/fpu: xstate_offset[2]:  576, xstate_sizes[2]:  256
[    0.098131] x86/fpu: xstate_offset[5]:  832, xstate_sizes[5]:   64
[    0.099131] x86/fpu: xstate_offset[6]:  896, xstate_sizes[6]:  512
[    0.099918] x86/fpu: xstate_offset[7]: 1408, xstate_sizes[7]: 1024
[    0.100131] x86/fpu: xstate_offset[9]: 2432, xstate_sizes[9]:    8
[    0.101131] x86/fpu: Enabled xstate features 0x2e7, context size is 2440 bytes, using 'compacted' format.
[    0.121527] Freeing SMP alternatives memory: 36K
[    0.122133] pid_max: default: 32768 minimum: 301
[    0.122816] Mount-cache hash table entries: 2048 (order: 2, 16384 bytes, linear)
[    0.123133] Mountpoint-cache hash table entries: 2048 (order: 2, 16384 bytes, linear)
[    0.125387] Running RCU synchronous self tests
[    0.125965] Running RCU synchronous self tests
[    0.126294] smpboot: CPU0: AMD Ryzen 9 7950X 16-Core Processor (family: 0x19, model: 0x61, stepping: 0x2)
[    0.127491] RCU Tasks: Setting shift to 5 and lim to 1 rcu_task_cb_adjust=1.
[    0.128163] RCU Tasks Rude: Setting shift to 5 and lim to 1 rcu_task_cb_adjust=1.
[    0.129163] RCU Tasks Trace: Setting shift to 5 and lim to 1 rcu_task_cb_adjust=1.
[    0.130177] Running RCU Tasks wait API self tests
[    0.236205] Running RCU Tasks Rude wait API self tests
[    0.236988] Running RCU Tasks Trace wait API self tests
[    0.237181] Performance Events: Fam17h+ core perfctr, AMD PMU driver.
[    0.238068] ... version:                0
[    0.238134] ... bit width:              48
[    0.238660] ... generic registers:      6
[    0.239135] ... value mask:             0000ffffffffffff
[    0.240002] ... max period:             00007fffffffffff
[    0.240135] ... fixed-purpose events:   0
[    0.240649] ... event mask:             000000000000003f
[    0.241319] signal: max sigframe size: 3376
[    0.241955] rcu: Hierarchical SRCU implementation.
[    0.242135] rcu: Max phase no-delay instances is 400.
[    0.244499] Callback from call_rcu_tasks_trace() invoked.
[    0.246922] smp: Bringing up secondary CPUs ...
[    0.247425] smpboot: x86: Booting SMP configuration:
[    0.248076] .... node  #0, CPUs:        #1  #2  #3  #4  #5  #6  #7  #8  #9 #10 #11 #12 #13 #14 #15 #16 #17 #18 #19 #20 #21 #22 #23 #24 #25 #26 #27 #28 #29 #30 #31
[    0.277185] smp: Brought up 1 node, 32 CPUs
[    0.278824] smpboot: Max logical packages: 1
[    0.279138] smpboot: Total of 32 processors activated (287458.30 BogoMIPS)
[    0.284400] devtmpfs: initialized
[    0.285242] x86/mm: Memory block size: 128MB
[    0.288451] Running RCU synchronous self tests
[    0.289151] Running RCU synchronous self tests
[    0.289976] clocksource: jiffies: mask: 0xffffffff max_cycles: 0xffffffff, max_idle_ns: 1911260446275000 ns
[    0.290138] futex hash table entries: 8192 (order: 8, 1048576 bytes, linear)
[    0.291758] PM: RTC time: 03:07:17, date: 2024-01-30
[    0.292870] NET: Registered PF_NETLINK/PF_ROUTE protocol family
[    0.293880] thermal_sys: Registered thermal governor 'step_wise'
[    0.293883] thermal_sys: Registered thermal governor 'user_space'
[    0.294194] cpuidle: using governor menu
[    0.297326] PCI: Using configuration type 1 for base access
[    0.298135] PCI: Using configuration type 1 for extended access
[    0.299249] kprobes: kprobe jump-optimization is enabled. All kprobes are optimized if possible.
[    0.314404] HugeTLB: registered 1.00 GiB page size, pre-allocated 0 pages
[    0.315134] HugeTLB: 16380 KiB vmemmap can be freed for a 1.00 GiB page
[    0.315987] HugeTLB: registered 2.00 MiB page size, pre-allocated 0 pages
[    0.317134] HugeTLB: 28 KiB vmemmap can be freed for a 2.00 MiB page
[    0.318334] ACPI: Added _OSI(Module Device)
[    0.318887] ACPI: Added _OSI(Processor Device)
[    0.319134] ACPI: Added _OSI(3.0 _SCP Extensions)
[    0.319741] ACPI: Added _OSI(Processor Aggregator Device)
[    0.323152] ACPI: 1 ACPI AML tables successfully acquired and loaded
[    0.325288] ACPI: _OSC evaluation for CPUs failed, trying _PDC
[    0.326649] ACPI: Interpreter enabled
[    0.327173] ACPI: PM: (supports S0 S3 S4 S5)
[    0.327731] ACPI: Using IOAPIC for interrupt routing
[    0.328151] PCI: Using host bridge windows from ACPI; if necessary, use "pci=nocrs" and report a bug
[    0.329134] PCI: Using E820 reservations for host bridge windows
[    0.330215] ACPI: Enabled 2 GPEs in block 00 to 0F
[    0.340165] ACPI: PCI Root Bridge [PCI0] (domain 0000 [bus 00-ff])
[    0.341148] acpi PNP0A03:00: _OSC: OS supports [ExtendedConfig ASPM ClockPM Segments MSI HPX-Type3]
[    0.341608] Callback from call_rcu_tasks_rude() invoked.
[    0.342641] PCI host bridge to bus 0000:00
[    0.343135] pci_bus 0000:00: root bus resource [io  0x0000-0x0cf7 window]
[    0.344022] pci_bus 0000:00: root bus resource [io  0x0d00-0xffff window]
[    0.345134] pci_bus 0000:00: root bus resource [mem 0x000a0000-0x000bffff window]
[    0.346115] pci_bus 0000:00: root bus resource [mem 0x40000000-0xfebfffff window]
[    0.347136] pci_bus 0000:00: root bus resource [mem 0x100000000-0x17fffffff window]
[    0.348130] pci_bus 0000:00: root bus resource [bus 00-ff]
[    0.348282] pci 0000:00:00.0: [8086:1237] type 00 class 0x060000 conventional PCI endpoint
[    0.350642] pci 0000:00:01.0: [8086:7000] type 00 class 0x060100 conventional PCI endpoint
[    0.351569] pci 0000:00:01.1: [8086:7010] type 00 class 0x010180 conventional PCI endpoint
[    0.355378] pci 0000:00:01.1: BAR 4 [io  0xc080-0xc08f]
[    0.356814] pci 0000:00:01.1: BAR 0 [io  0x01f0-0x01f7]: legacy IDE quirk
[    0.358135] pci 0000:00:01.1: BAR 1 [io  0x03f6]: legacy IDE quirk
[    0.358954] pci 0000:00:01.1: BAR 2 [io  0x0170-0x0177]: legacy IDE quirk
[    0.359134] pci 0000:00:01.1: BAR 3 [io  0x0376]: legacy IDE quirk
[    0.360150] pci 0000:00:01.3: [8086:7113] type 00 class 0x068000 conventional PCI endpoint
[    0.362396] pci 0000:00:01.3: quirk: [io  0x0600-0x063f] claimed by PIIX4 ACPI
[    0.363138] pci 0000:00:01.3: quirk: [io  0x0700-0x070f] claimed by PIIX4 SMB
[    0.364959] pci 0000:00:02.0: [1af4:1009] type 00 class 0x000200 conventional PCI endpoint
[    0.367134] pci 0000:00:02.0: BAR 0 [io  0xc000-0xc03f]
[    0.368754] pci 0000:00:02.0: BAR 1 [mem 0xfebfd000-0xfebfdfff]
[    0.373134] pci 0000:00:02.0: BAR 4 [mem 0xfebf4000-0xfebf7fff 64bit pref]
[    0.377349] pci 0000:00:03.0: [1af4:1009] type 00 class 0x000200 conventional PCI endpoint
[    0.380134] pci 0000:00:03.0: BAR 0 [io  0xc040-0xc07f]
[    0.381741] pci 0000:00:03.0: BAR 1 [mem 0xfebfe000-0xfebfefff]
[    0.386134] pci 0000:00:03.0: BAR 4 [mem 0xfebf8000-0xfebfbfff 64bit pref]
[    0.389261] pci 0000:00:04.0: [8086:25ab] type 00 class 0x088000 conventional PCI endpoint
[    0.391622] pci 0000:00:04.0: BAR 0 [mem 0xfebff000-0xfebff00f]
[    0.396060] ACPI: PCI: Interrupt link LNKA configured for IRQ 10
[    0.397318] ACPI: PCI: Interrupt link LNKB configured for IRQ 10
[    0.398214] ACPI: PCI: Interrupt link LNKC configured for IRQ 11
[    0.399158] ACPI: PCI: Interrupt link LNKD configured for IRQ 11
[    0.400053] ACPI: PCI: Interrupt link LNKS configured for IRQ 9
[    0.403894] iommu: Default domain type: Translated
[    0.404135] iommu: DMA domain TLB invalidation policy: lazy mode
[    0.406211] SCSI subsystem initialized
[    0.406739] pps_core: LinuxPPS API ver. 1 registered
[    0.407136] pps_core: Software ver. 5.3.6 - Copyright 2005-2007 Rodolfo Giometti <giometti@linux.it>
[    0.408139] PTP clock support registered
[    0.409210] Advanced Linux Sound Architecture Driver Initialized.
[    0.410833] NET: Registered PF_ATMPVC protocol family
[    0.411135] NET: Registered PF_ATMSVC protocol family
[    0.411805] PCI: Using ACPI for IRQ routing
[    0.413291] vgaarb: loaded
[    0.413521] hpet0: at MMIO 0xfed00000, IRQs 2, 8, 0
[    0.414135] hpet0: 3 comparators, 64-bit 100.000000 MHz counter
[    0.418733] clocksource: Switched to clocksource kvm-clock
[    0.419869] VFS: Disk quotas dquot_6.6.0
[    0.420633] VFS: Dquot-cache hash table entries: 512 (order 0, 4096 bytes)
[    0.421670] pnp: PnP ACPI init
[    0.422623] pnp: PnP ACPI: found 5 devices
[    0.431844] clocksource: acpi_pm: mask: 0xffffff max_cycles: 0xffffff, max_idle_ns: 2085701024 ns
[    0.433036] NET: Registered PF_INET protocol family
[    0.433753] IP idents hash table entries: 16384 (order: 5, 131072 bytes, linear)
[    0.435048] tcp_listen_portaddr_hash hash table entries: 512 (order: 3, 36864 bytes, linear)
[    0.436157] Table-perturb hash table entries: 65536 (order: 6, 262144 bytes, linear)
[    0.437158] TCP established hash table entries: 8192 (order: 4, 65536 bytes, linear)
[    0.438205] TCP bind hash table entries: 8192 (order: 8, 1179648 bytes, linear)
[    0.439564] TCP: Hash tables configured (established 8192 bind 8192)
[    0.440503] UDP hash table entries: 512 (order: 4, 81920 bytes, linear)
[    0.441405] UDP-Lite hash table entries: 512 (order: 4, 81920 bytes, linear)
[    0.442459] NET: Registered PF_UNIX/PF_LOCAL protocol family
[    0.443204] pci_bus 0000:00: resource 4 [io  0x0000-0x0cf7 window]
[    0.444014] pci_bus 0000:00: resource 5 [io  0x0d00-0xffff window]
[    0.444828] pci_bus 0000:00: resource 6 [mem 0x000a0000-0x000bffff window]
[    0.445721] pci_bus 0000:00: resource 7 [mem 0x40000000-0xfebfffff window]
[    0.446606] pci_bus 0000:00: resource 8 [mem 0x100000000-0x17fffffff window]
[    0.447561] Callback from call_rcu_tasks() invoked.
[    0.447599] pci 0000:00:01.0: PIIX3: Enabling Passive Release
[    0.448963] pci 0000:00:00.0: Limiting direct PCI/PCI transfers
[    0.449771] PCI: CLS 0 bytes, default 64
[    0.450348] kvm_intel: VMX not supported by CPU 1
[    0.451103] kvm_amd: TSC scaling supported
[    0.451652] kvm_amd: Nested Virtualization enabled
[    0.452273] kvm_amd: Nested Paging enabled
[    0.452827] kvm_amd: Virtual VMLOAD VMSAVE supported
[    0.453474] kvm_amd: Virtual GIF supported
[    0.453997] kvm_amd: Virtual NMI enabled
[    0.454511] kvm_amd: LBR virtualization supported
[    0.556069] workingset: timestamp_bits=56 max_order=18 bucket_order=0
[    0.557311] squashfs: version 4.0 (2009/01/31) Phillip Lougher
[    0.558316] fuse: init (API version 7.39)
[    0.559095] 9p: Installing v9fs 9p2000 file system support
[    0.560148] Key type asymmetric registered
[    0.560881] Block layer SCSI generic (bsg) driver version 0.4 loaded (major 249)
[    0.562190] io scheduler mq-deadline registered
[    0.562957] io scheduler kyber registered
[    0.565175] input: Power Button as /devices/LNXSYSTM:00/LNXPWRBN:00/input/input0
[    0.566712] ACPI: button: Power Button [PWRF]
[    0.567593] Warning: Processor Platform Limit event detected, but not handled.
[    0.568820] Consider compiling CPUfreq support into your kernel.
[    0.644461] ACPI: \_SB_.LNKB: Enabled at IRQ 10
[    0.721275] ACPI: \_SB_.LNKC: Enabled at IRQ 11
[    0.722740] Serial: 8250/16550 driver, 4 ports, IRQ sharing enabled
[    0.723906] 00:03: ttyS0 at I/O 0x3f8 (irq = 4, base_baud = 115200) is a 16550A
[    0.725936] Non-volatile memory driver v1.3
[    0.726498] Linux agpgart interface v0.103
[    0.727153] ACPI: bus type drm_connector registered
[    0.740177] loop: module loaded
[    0.741898] scsi host0: ata_piix
[    0.742641] scsi host1: ata_piix
[    0.743132] ata1: PATA max MWDMA2 cmd 0x1f0 ctl 0x3f6 bmdma 0xc080 irq 14 lpm-pol 0
[    0.744119] ata2: PATA max MWDMA2 cmd 0x170 ctl 0x376 bmdma 0xc088 irq 15 lpm-pol 0
[    0.745773] i8042: PNP: PS/2 Controller [PNP0303:KBD,PNP0f13:MOU] at 0x60,0x64 irq 1,12
[    0.747638] serio: i8042 KBD port at 0x60,0x64 irq 1
[    0.748312] serio: i8042 AUX port at 0x60,0x64 irq 12
[    0.749541] rtc_cmos 00:04: RTC can wake from S4
[    0.750442] input: AT Translated Set 2 keyboard as /devices/platform/i8042/serio0/input/input1
[    0.752326] rtc_cmos 00:04: registered as rtc0
[    0.752978] rtc_cmos 00:04: setting system clock to 2024-01-30T03:07:17 UTC (1706584037)
[    0.754322] rtc_cmos 00:04: alarms up to one day, y3k, 242 bytes nvram, hpet irqs
[    0.756616] i6300ESB timer 0000:00:04.0: initialized. heartbeat=30 sec (nowayout=0)
[    0.758125] device-mapper: ioctl: 4.48.0-ioctl (2023-03-01) initialised: dm-devel@redhat.com
[    0.760434] NET: Registered PF_PACKET protocol family
[    0.761275] 9pnet: Installing 9P2000 support
[    0.763211] Key type dns_resolver registered
[    0.765270] input: ImExPS/2 Generic Explorer Mouse as /devices/platform/i8042/serio1/input/input3
[    0.767852] IPI shorthand broadcast: enabled
[    0.776922] sched_clock: Marking stable (767002249, 9298219)->(798155645, -21855177)
[    0.778330] registered taskstats version 1
[    0.784558] PM:   Magic number: 8:603:109
[    0.785356] printk: legacy console [netcon0] enabled
[    0.786198] netconsole: network logging started
[    0.787165] ALSA device list:
[    0.787735]   No soundcards found.
[    0.899596] ata2: found unknown device (class 0)
[    0.900919] ata2.00: ATAPI: QEMU DVD-ROM, 2.5+, max UDMA/100
[    0.903144] scsi 1:0:0:0: CD-ROM            QEMU     QEMU DVD-ROM     2.5+ PQ: 0 ANSI: 5
[    0.912087] scsi 1:0:0:0: Attached scsi generic sg0 type 5
[    0.913067] md: Skipping autodetection of RAID arrays. (raid=autodetect will force)
[    0.914345] 9pnet_virtio: no channels available for device 
[    0.915897] VFS: Mounted root (9p filesystem) readonly on device 0:19.
[    0.917127] devtmpfs: mounted
[    0.919649] Freeing unused kernel image (initmem) memory: 3160K
[    0.926343] Write protecting the kernel read-only data: 22528k
[    0.927732] Freeing unused kernel image (rodata/data gap) memory: 72K
[    0.963358] x86/mm: Checked W+X mappings: passed, no W+X pages found.
[    0.964210] Run /usr/lib/python3.11/site-packages/virtme/guest/virtme-init as init process
[    0.991039] mount (267) used greatest stack depth: 12984 bytes left
[    1.062336] mount (285) used greatest stack depth: 12584 bytes left
[    1.113357] virtme-init (316) used greatest stack depth: 12568 bytes left
[    1.116558] virtme-init (313) used greatest stack depth: 12424 bytes left
[    1.151858] virtme-init: basic initialization done
[    1.157385] virtme-init: udevd not found
[    1.213864] virtme-init: Setting hostname to virtme-ng...
[    1.226948] ip (358) used greatest stack depth: 12056 bytes left
          _      _                                    
   __   _(_)_ __| |_ _ __ ___   ___       _ __   __ _ 
   \ \ / / |  __| __|  _   _ \ / _ \_____|  _ \ / _  |
    \ V /| | |  | |_| | | | | |  __/_____| | | | (_| |
     \_/ |_|_|   \__|_| |_| |_|\___|     |_| |_|\__  |
                                                |___/ 
   kernel version: 6.8.0-rc1-virtme x86_64

virtme-ng:/nipa-data/kernel# PS1='xx__-> '
xx__-> 