No EFI environment detected.
early console in extract_kernel
input_data: 0x00000000029f02b9
input_len: 0x0000000000b1f1e2
output: 0x0000000001000000
output_len: 0x00000000024c9adc
kernel_total_size: 0x0000000002230000
needed_size: 0x0000000002600000
trampoline_32bit: 0x0000000000000000
Physical KASLR using RDRAND RDTSC...
Virtual KASLR using RDRAND RDTSC...

Decompressing Linux... Parsing ELF... Performing relocations... done.
Booting the kernel (entry_offset: 0x0000000000000000).
[    0.000000] Linux version 6.9.0-rc2-virtme (root@8f60719d08c9) (gcc (Alpine 13.2.1_git20240309) 13.2.1 20240309, GNU ld (GNU Binutils) 2.42) #1 SMP PREEMPT_DYNAMIC Wed Apr 10 21:06:02 UTC 2024
[    0.000000] Command line: virtme_hostname=virtme-ng nr_open=1048576 virtme_link_mods=/nipa-data/kernel/.virtme_mods/lib/modules/0.0.0 virtme_initmount0=nipa-data/kernel virtme_rw_overlay0=/etc virtme_rw_overlay1=/lib virtme_rw_overlay2=/home virtme_rw_overlay3=/opt virtme_rw_overlay4=/srv virtme_rw_overlay5=/usr virtme_rw_overlay6=/var console=hvc0 earlyprintk=serial,ttyS0,115200 virtme_console=ttyS0 psmouse.proto=exps TERM=xterm virtme_chdir=nipa-data/kernel virtme_root_user=1 rootfstype=9p rootflags=version=9p2000.L,trans=virtio,access=any raid=noautodetect ro init=/usr/lib/python3.11/site-packages/virtme/guest/virtme-init
[    0.000000] BIOS-provided physical RAM map:
[    0.000000] BIOS-e820: [mem 0x0000000000000000-0x000000000009fbff] usable
[    0.000000] BIOS-e820: [mem 0x000000000009fc00-0x000000000009ffff] reserved
[    0.000000] BIOS-e820: [mem 0x00000000000f0000-0x00000000000fffff] reserved
[    0.000000] BIOS-e820: [mem 0x0000000000100000-0x000000003ffdffff] usable
[    0.000000] BIOS-e820: [mem 0x000000003ffe0000-0x000000003fffffff] reserved
[    0.000000] BIOS-e820: [mem 0x00000000feffc000-0x00000000feffffff] reserved
[    0.000000] BIOS-e820: [mem 0x00000000fffc0000-0x00000000ffffffff] reserved
[    0.000000] BIOS-e820: [mem 0x000000fd00000000-0x000000ffffffffff] reserved
[    0.000000] printk: legacy bootconsole [earlyser0] enabled
[    0.000000] NX (Execute Disable) protection: active
[    0.000000] APIC: Static calls initialized
[    0.000000] SMBIOS 3.0.0 present.
[    0.000000] DMI: QEMU Standard PC (i440FX + PIIX, 1996), BIOS rel-1.16.3-0-ga6ed6b701f0a-prebuilt.qemu.org 04/01/2014
[    0.000000] Hypervisor detected: KVM
[    0.000000] kvm-clock: Using msrs 4b564d01 and 4b564d00
[    0.000000] kvm-clock: using sched offset of 252665703 cycles
[    0.000388] clocksource: kvm-clock: mask: 0xffffffffffffffff max_cycles: 0x1cd42e4dffb, max_idle_ns: 881590591483 ns
[    0.001601] tsc: Detected 4491.536 MHz processor
[    0.002214] last_pfn = 0x3ffe0 max_arch_pfn = 0x400000000
[    0.002639] MTRR map: 4 entries (3 fixed + 1 variable; max 19), built from 8 variable MTRRs
[    0.003260] x86/PAT: Configuration [0-7]: WB  WC  UC- UC  WB  WP  UC- WT  
Memory KASLR using RDRAND RDTSC...
[    0.005348] found SMP MP-table at [mem 0x000f5470-0x000f547f]
[    0.005782] Using GB pages for direct mapping
[    0.006154] ACPI: Early table checksum verification disabled
[    0.006578] ACPI: RSDP 0x00000000000F5290 000014 (v00 BOCHS )
[    0.007010] ACPI: RSDT 0x000000003FFE27BC 000034 (v01 BOCHS  BXPC     00000001 BXPC 00000001)
[    0.007653] ACPI: FACP 0x000000003FFE2578 000074 (v01 BOCHS  BXPC     00000001 BXPC 00000001)
[    0.008295] ACPI: DSDT 0x000000003FFE0040 002538 (v01 BOCHS  BXPC     00000001 BXPC 00000001)
[    0.008938] ACPI: FACS 0x000000003FFE0000 000040
[    0.009285] ACPI: APIC 0x000000003FFE25EC 000170 (v03 BOCHS  BXPC     00000001 BXPC 00000001)
[    0.009925] ACPI: HPET 0x000000003FFE275C 000038 (v01 BOCHS  BXPC     00000001 BXPC 00000001)
[    0.010565] ACPI: WAET 0x000000003FFE2794 000028 (v01 BOCHS  BXPC     00000001 BXPC 00000001)
[    0.011204] ACPI: Reserving FACP table memory at [mem 0x3ffe2578-0x3ffe25eb]
[    0.011732] ACPI: Reserving DSDT table memory at [mem 0x3ffe0040-0x3ffe2577]
[    0.012260] ACPI: Reserving FACS table memory at [mem 0x3ffe0000-0x3ffe003f]
[    0.012791] ACPI: Reserving APIC table memory at [mem 0x3ffe25ec-0x3ffe275b]
[    0.013318] ACPI: Reserving HPET table memory at [mem 0x3ffe275c-0x3ffe2793]
[    0.013844] ACPI: Reserving WAET table memory at [mem 0x3ffe2794-0x3ffe27bb]
[    0.014516] No NUMA configuration found
[    0.014803] Faking a node at [mem 0x0000000000000000-0x000000003ffdffff]
[    0.015304] NODE_DATA(0) allocated [mem 0x3ffdb000-0x3ffdffff]
[    0.015749] Zone ranges:
[    0.015939]   DMA      [mem 0x0000000000001000-0x0000000000ffffff]
[    0.016401]   DMA32    [mem 0x0000000001000000-0x000000003ffdffff]
[    0.016866]   Normal   empty
[    0.017082]   Device   empty
[    0.017299] Movable zone start for each node
[    0.017619] Early memory node ranges
[    0.017887]   node   0: [mem 0x0000000000001000-0x000000000009efff]
[    0.018356]   node   0: [mem 0x0000000000100000-0x000000003ffdffff]
[    0.018825] Initmem setup node 0 [mem 0x0000000000001000-0x000000003ffdffff]
[    0.019354] On node 0, zone DMA: 1 pages in unavailable ranges
[    0.019801] On node 0, zone DMA: 97 pages in unavailable ranges
[    0.021255] On node 0, zone DMA32: 32 pages in unavailable ranges
[    0.021918] ACPI: PM-Timer IO Port: 0x608
[    0.022222] ACPI: LAPIC_NMI (acpi_id[0xff] dfl dfl lint[0x1])
[    0.022667] IOAPIC[0]: apic_id 0, version 17, address 0xfec00000, GSI 0-23
[    0.023184] ACPI: INT_SRC_OVR (bus 0 bus_irq 0 global_irq 2 dfl dfl)
[    0.023660] ACPI: INT_SRC_OVR (bus 0 bus_irq 5 global_irq 5 high level)
[    0.024162] ACPI: INT_SRC_OVR (bus 0 bus_irq 9 global_irq 9 high level)
[    0.024660] ACPI: INT_SRC_OVR (bus 0 bus_irq 10 global_irq 10 high level)
[    0.025182] ACPI: INT_SRC_OVR (bus 0 bus_irq 11 global_irq 11 high level)
[    0.025700] ACPI: Using ACPI (MADT) for SMP configuration information
[    0.026187] ACPI: HPET id: 0x8086a201 base: 0xfed00000
[    0.026577] TSC deadline timer available
[    0.026876] CPU topo: Max. logical packages:   1
[    0.027226] CPU topo: Max. logical dies:       1
[    0.027575] CPU topo: Max. dies per package:   1
[    0.027928] CPU topo: Max. threads per core:  32
[    0.028283] CPU topo: Num. cores per package:     1
[    0.028657] CPU topo: Num. threads per package:  32
[    0.029033] CPU topo: Allowing 32 present CPUs plus 0 hotplug CPUs
[    0.029513] kvm-guest: APIC: eoi() replaced with kvm_guest_apic_eoi_write()
[    0.030058] kvm-guest: KVM setup pv remote TLB flush
[    0.030434] kvm-guest: setup PV sched yield
[    0.030752] PM: hibernation: Registered nosave memory: [mem 0x00000000-0x00000fff]
[    0.031331] PM: hibernation: Registered nosave memory: [mem 0x0009f000-0x0009ffff]
[    0.031905] PM: hibernation: Registered nosave memory: [mem 0x000a0000-0x000effff]
[    0.032475] PM: hibernation: Registered nosave memory: [mem 0x000f0000-0x000fffff]
[    0.033057] [mem 0x40000000-0xfeffbfff] available for PCI devices
[    0.033520] Booting paravirtualized kernel on KVM
[    0.033878] clocksource: refined-jiffies: mask: 0xffffffff max_cycles: 0xffffffff, max_idle_ns: 1910969940391419 ns
[    0.037728] setup_percpu: NR_CPUS:64 nr_cpumask_bits:32 nr_cpu_ids:32 nr_node_ids:1
[    0.038903] percpu: Embedded 58 pages/cpu s198952 r8192 d30424 u262144
[    0.039490] Kernel command line: virtme_hostname=virtme-ng nr_open=1048576 virtme_link_mods=/nipa-data/kernel/.virtme_mods/lib/modules/0.0.0 virtme_initmount0=nipa-data/kernel virtme_rw_overlay0=/etc virtme_rw_overlay1=/lib virtme_rw_overlay2=/home virtme_rw_overlay3=/opt virtme_rw_overlay4=/srv virtme_rw_overlay5=/usr virtme_rw_overlay6=/var console=hvc0 earlyprintk=serial,ttyS0,115200 virtme_console=ttyS0 psmouse.proto=exps TERM=xterm virtme_chdir=nipa-data/kernel virtme_root_user=1 rootfstype=9p rootflags=version=9p2000.L,trans=virtio,access=any raid=noautodetect ro init=/usr/lib/python3.11/site-packages/virtme/guest/virtme-init
[    0.043892] Unknown kernel command line parameters "virtme_hostname=virtme-ng nr_open=1048576 virtme_link_mods=/nipa-data/kernel/.virtme_mods/lib/modules/0.0.0 virtme_initmount0=nipa-data/kernel virtme_rw_overlay0=/etc virtme_rw_overlay1=/lib virtme_rw_overlay2=/home virtme_rw_overlay3=/opt virtme_rw_overlay4=/srv virtme_rw_overlay5=/usr virtme_rw_overlay6=/var virtme_console=ttyS0 virtme_chdir=nipa-data/kernel virtme_root_user=1", will be passed to user space.
[    0.047233] random: crng init done
[    0.047526] Dentry cache hash table entries: 131072 (order: 8, 1048576 bytes, linear)
[    0.048148] Inode-cache hash table entries: 65536 (order: 7, 524288 bytes, linear)
[    0.048821] Fallback order for Node 0: 0 
[    0.048824] Built 1 zonelists, mobility grouping on.  Total pages: 257760
[    0.049685] Policy zone: DMA32
[    0.049921] mem auto-init: stack:all(zero), heap alloc:off, heap free:off
[    0.051225] Memory: 986612K/1048056K available (16384K kernel code, 2407K rwdata, 6104K rodata, 3052K init, 2104K bss, 61184K reserved, 0K cma-reserved)
[    0.052299] SLUB: HWalign=64, Order=0-3, MinObjects=0, CPUs=32, Nodes=1
Poking KASLR using RDRAND RDTSC...
[    0.053066] ftrace: allocating 47542 entries in 186 pages
[    0.060286] ftrace: allocated 186 pages with 5 groups
[    0.061331] Dynamic Preempt: voluntary
[    0.061768] rcu: Preemptible hierarchical RCU implementation.
[    0.062209] rcu: RCU event tracing is enabled.
[    0.062555] rcu: RCU restricting CPUs from NR_CPUS=64 to nr_cpu_ids=32.
[    0.063069] Trampoline variant of Tasks RCU enabled.
[    0.063456] Rude variant of Tasks RCU enabled.
[    0.063803] Tracing variant of Tasks RCU enabled.
[    0.064170] rcu: RCU calculated value of scheduler-enlistment delay is 100 jiffies.
[    0.064760] rcu: Adjusting geometry for rcu_fanout_leaf=16, nr_cpu_ids=32
[    0.065285] RCU Tasks: Setting shift to 5 and lim to 1 rcu_task_cb_adjust=1.
[    0.065828] RCU Tasks Rude: Setting shift to 5 and lim to 1 rcu_task_cb_adjust=1.
[    0.066402] RCU Tasks Trace: Setting shift to 5 and lim to 1 rcu_task_cb_adjust=1.
[    0.068454] NR_IRQS: 4352, nr_irqs: 680, preallocated irqs: 16
[    0.069073] rcu: srcu_init: Setting srcu_struct sizes based on contention.
[    0.069731] Console: colour *CGA 80x25
[    0.070023] ACPI: Core revision 20230628
[    0.070388] clocksource: hpet: mask: 0xffffffff max_cycles: 0xffffffff, max_idle_ns: 19112604467 ns
[    0.071138] APIC: Switch to symmetric I/O mode setup
[    0.071530] APIC: Switched APIC routing to: physical flat
[    0.071940] kvm-guest: APIC: send_IPI_mask() replaced with kvm_send_ipi_mask()
[    0.072497] kvm-guest: APIC: send_IPI_mask_allbutself() replaced with kvm_send_ipi_mask_allbutself()
[    0.073201] kvm-guest: setup PV IPIs
[    0.074262] ..TIMER: vector=0x30 apic1=0 pin1=2 apic2=-1 pin2=-1
[    0.075067] tsc: Marking TSC unstable due to TSCs unsynchronized
[    0.075877] Calibrating delay loop (skipped) preset value.. 8983.07 BogoMIPS (lpj=4491536)
[    0.076935] x86/cpu: User Mode Instruction Prevention (UMIP) activated
[    0.077925] Last level iTLB entries: 4KB 512, 2MB 255, 4MB 127
[    0.078875] Last level dTLB entries: 4KB 512, 2MB 255, 4MB 127, 1GB 0
[    0.079878] Spectre V1 : Mitigation: usercopy/swapgs barriers and __user pointer sanitization
[    0.080878] Spectre V2 : Mitigation: Enhanced / Automatic IBRS
[    0.081875] Spectre V2 : Spectre v2 / SpectreRSB mitigation: Filling RSB on context switch
[    0.082876] Spectre V2 : mitigation: Enabling conditional Indirect Branch Prediction Barrier
[    0.083875] Spectre V2 : User space: Mitigation: STIBP always-on protection
[    0.084876] Speculative Store Bypass: Mitigation: Speculative Store Bypass disabled via prctl
[    0.085875] Speculative Return Stack Overflow: IBPB-extending microcode not applied!
[    0.086875] Speculative Return Stack Overflow: WARNING: See https://kernel.org/doc/html/latest/admin-guide/hw-vuln/srso.html for mitigation options.
[    0.086876] Speculative Return Stack Overflow: Vulnerable: Safe RET, no microcode
[    0.088890] x86/fpu: Supporting XSAVE feature 0x001: 'x87 floating point registers'
[    0.089875] x86/fpu: Supporting XSAVE feature 0x002: 'SSE registers'
[    0.090875] x86/fpu: Supporting XSAVE feature 0x004: 'AVX registers'
[    0.091875] x86/fpu: Supporting XSAVE feature 0x020: 'AVX-512 opmask'
[    0.092875] x86/fpu: Supporting XSAVE feature 0x040: 'AVX-512 Hi256'
[    0.093698] x86/fpu: Supporting XSAVE feature 0x080: 'AVX-512 ZMM_Hi256'
[    0.093875] x86/fpu: Supporting XSAVE feature 0x200: 'Protection Keys User registers'
[    0.094875] x86/fpu: xstate_offset[2]:  576, xstate_sizes[2]:  256
[    0.095875] x86/fpu: xstate_offset[5]:  832, xstate_sizes[5]:   64
[    0.096875] x86/fpu: xstate_offset[6]:  896, xstate_sizes[6]:  512
[    0.097875] x86/fpu: xstate_offset[7]: 1408, xstate_sizes[7]: 1024
[    0.098875] x86/fpu: xstate_offset[9]: 2432, xstate_sizes[9]:    8
[    0.099674] x86/fpu: Enabled xstate features 0x2e7, context size is 2440 bytes, using 'compacted' format.
[    0.115437] Freeing SMP alternatives memory: 40K
[    0.115876] pid_max: default: 32768 minimum: 301
[    0.116502] Mount-cache hash table entries: 2048 (order: 2, 16384 bytes, linear)
[    0.116876] Mountpoint-cache hash table entries: 2048 (order: 2, 16384 bytes, linear)
[    0.118064] smpboot: CPU0: AMD Ryzen 9 7950X 16-Core Processor (family: 0x19, model: 0x61, stepping: 0x2)
[    0.118994] Performance Events: Fam17h+ core perfctr, AMD PMU driver.
[    0.119853] ... version:                0
[    0.119877] ... bit width:              48
[    0.120407] ... generic registers:      6
[    0.120876] ... value mask:             0000ffffffffffff
[    0.121564] ... max period:             00007fffffffffff
[    0.121876] ... fixed-purpose events:   0
[    0.122396] ... event mask:             000000000000003f
[    0.122961] signal: max sigframe size: 3376
[    0.123520] rcu: Hierarchical SRCU implementation.
[    0.123877] rcu: Max phase no-delay instances is 400.
[    0.126774] smp: Bringing up secondary CPUs ...
[    0.126931] smpboot: x86: Booting SMP configuration:
[    0.127575] .... node  #0, CPUs:        #1  #2  #3  #4  #5  #6  #7  #8  #9 #10 #11 #12 #13 #14 #15 #16 #17 #18 #19 #20 #21 #22 #23 #24 #25 #26 #27 #28 #29 #30 #31
[    0.132081] Spectre V2 : Update user space SMT mitigation: STIBP always-on
[    0.146034] smp: Brought up 1 node, 32 CPUs
[    0.146878] smpboot: Total of 32 processors activated (287458.30 BogoMIPS)
[    0.149067] devtmpfs: initialized
[    0.149909] x86/mm: Memory block size: 128MB
[    0.151618] clocksource: jiffies: mask: 0xffffffff max_cycles: 0xffffffff, max_idle_ns: 1911260446275000 ns
[    0.151880] futex hash table entries: 8192 (order: 7, 524288 bytes, linear)
[    0.153019] PM: RTC time: 21:06:32, date: 2024-04-10
[    0.154337] NET: Registered PF_NETLINK/PF_ROUTE protocol family
[    0.155040] thermal_sys: Registered thermal governor 'step_wise'
[    0.155041] thermal_sys: Registered thermal governor 'user_space'
[    0.155891] cpuidle: using governor menu
[    0.158157] PCI: Using configuration type 1 for base access
[    0.158878] PCI: Using configuration type 1 for extended access
[    0.159917] kprobes: kprobe jump-optimization is enabled. All kprobes are optimized if possible.
[    0.161006] HugeTLB: registered 1.00 GiB page size, pre-allocated 0 pages
[    0.161877] HugeTLB: 16380 KiB vmemmap can be freed for a 1.00 GiB page
[    0.162877] HugeTLB: registered 2.00 MiB page size, pre-allocated 0 pages
[    0.163877] HugeTLB: 28 KiB vmemmap can be freed for a 2.00 MiB page
[    0.164927] Demotion targets for Node 0: null
[    0.165646] ACPI: Added _OSI(Module Device)
[    0.165877] ACPI: Added _OSI(Processor Device)
[    0.166613] ACPI: Added _OSI(3.0 _SCP Extensions)
[    0.166877] ACPI: Added _OSI(Processor Aggregator Device)
[    0.168710] ACPI: 1 ACPI AML tables successfully acquired and loaded
[    0.173906] ACPI: _OSC evaluation for CPUs failed, trying _PDC
[    0.175010] ACPI: Interpreter enabled
[    0.175499] ACPI: PM: (supports S0 S3 S4 S5)
[    0.175877] ACPI: Using IOAPIC for interrupt routing
[    0.176518] PCI: Using host bridge windows from ACPI; if necessary, use "pci=nocrs" and report a bug
[    0.176877] PCI: Using E820 reservations for host bridge windows
[    0.177740] ACPI: Enabled 2 GPEs in block 00 to 0F
[    0.180451] ACPI: PCI Root Bridge [PCI0] (domain 0000 [bus 00-ff])
[    0.180880] acpi PNP0A03:00: _OSC: OS supports [ExtendedConfig ASPM ClockPM Segments MSI HPX-Type3]
[    0.181967] PCI host bridge to bus 0000:00
[    0.182506] pci_bus 0000:00: root bus resource [io  0x0000-0x0cf7 window]
[    0.182877] pci_bus 0000:00: root bus resource [io  0x0d00-0xffff window]
[    0.183857] pci_bus 0000:00: root bus resource [mem 0x000a0000-0x000bffff window]
[    0.183877] pci_bus 0000:00: root bus resource [mem 0x40000000-0xfebfffff window]
[    0.184814] pci_bus 0000:00: root bus resource [mem 0x100000000-0x17fffffff window]
[    0.184877] pci_bus 0000:00: root bus resource [bus 00-ff]
[    0.185650] pci 0000:00:00.0: [8086:1237] type 00 class 0x060000 conventional PCI endpoint
[    0.186124] pci 0000:00:01.0: [8086:7000] type 00 class 0x060100 conventional PCI endpoint
[    0.187187] pci 0000:00:01.1: [8086:7010] type 00 class 0x010180 conventional PCI endpoint
[    0.190127] pci 0000:00:01.1: BAR 4 [io  0xc0c0-0xc0cf]
[    0.191598] pci 0000:00:01.1: BAR 0 [io  0x01f0-0x01f7]: legacy IDE quirk
[    0.191877] pci 0000:00:01.1: BAR 1 [io  0x03f6]: legacy IDE quirk
[    0.192877] pci 0000:00:01.1: BAR 2 [io  0x0170-0x0177]: legacy IDE quirk
[    0.193728] pci 0000:00:01.1: BAR 3 [io  0x0376]: legacy IDE quirk
[    0.193968] pci 0000:00:01.3: [8086:7113] type 00 class 0x068000 conventional PCI endpoint
[    0.195110] pci 0000:00:01.3: quirk: [io  0x0600-0x063f] claimed by PIIX4 ACPI
[    0.195880] pci 0000:00:01.3: quirk: [io  0x0700-0x070f] claimed by PIIX4 SMB
[    0.196929] pci 0000:00:02.0: [1af4:1009] type 00 class 0x000200 conventional PCI endpoint
[    0.198877] pci 0000:00:02.0: BAR 0 [io  0xc000-0xc03f]
[    0.200584] pci 0000:00:02.0: BAR 1 [mem 0xfebfc000-0xfebfcfff]
[    0.203877] pci 0000:00:02.0: BAR 4 [mem 0xfebf0000-0xfebf3fff 64bit pref]
[    0.206170] pci 0000:00:03.0: [1af4:1009] type 00 class 0x000200 conventional PCI endpoint
[    0.207877] pci 0000:00:03.0: BAR 0 [io  0xc040-0xc07f]
[    0.210387] pci 0000:00:03.0: BAR 1 [mem 0xfebfd000-0xfebfdfff]
[    0.216877] pci 0000:00:03.0: BAR 4 [mem 0xfebf4000-0xfebf7fff 64bit pref]
[    0.220567] pci 0000:00:04.0: [8086:25ab] type 00 class 0x088000 conventional PCI endpoint
[    0.221527] pci 0000:00:04.0: BAR 0 [mem 0xfebfe000-0xfebfe00f]
[    0.226393] pci 0000:00:05.0: [1af4:1003] type 00 class 0x078000 conventional PCI endpoint
[    0.229720] pci 0000:00:05.0: BAR 0 [io  0xc080-0xc0bf]
[    0.231878] pci 0000:00:05.0: BAR 1 [mem 0xfebff000-0xfebfffff]
[    0.237861] pci 0000:00:05.0: BAR 4 [mem 0xfebf8000-0xfebfbfff 64bit pref]
[    0.239837] ACPI: PCI: Interrupt link LNKA configured for IRQ 10
[    0.240019] ACPI: PCI: Interrupt link LNKB configured for IRQ 10
[    0.241010] ACPI: PCI: Interrupt link LNKC configured for IRQ 11
[    0.242004] ACPI: PCI: Interrupt link LNKD configured for IRQ 11
[    0.242971] ACPI: PCI: Interrupt link LNKS configured for IRQ 9
[    0.245016] iommu: Default domain type: Translated
[    0.245816] iommu: DMA domain TLB invalidation policy: lazy mode
[    0.245944] SCSI subsystem initialized
[    0.246583] pps_core: LinuxPPS API ver. 1 registered
[    0.246878] pps_core: Software ver. 5.3.6 - Copyright 2005-2007 Rodolfo Giometti <giometti@linux.it>
[    0.247880] PTP clock support registered
[    0.248549] Advanced Linux Sound Architecture Driver Initialized.
[    0.249235] NET: Registered PF_ATMPVC protocol family
[    0.249877] NET: Registered PF_ATMSVC protocol family
[    0.250716] PCI: Using ACPI for IRQ routing
[    0.250981] vgaarb: loaded
[    0.251365] hpet0: at MMIO 0xfed00000, IRQs 2, 8, 0
[    0.251878] hpet0: 3 comparators, 64-bit 100.000000 MHz counter
[    0.257623] clocksource: Switched to clocksource kvm-clock
[    0.258443] VFS: Disk quotas dquot_6.6.0
[    0.258993] VFS: Dquot-cache hash table entries: 512 (order 0, 4096 bytes)
[    0.259895] pnp: PnP ACPI init
[    0.260467] pnp: PnP ACPI: found 5 devices
[    0.267820] clocksource: acpi_pm: mask: 0xffffff max_cycles: 0xffffff, max_idle_ns: 2085701024 ns
[    0.268961] NET: Registered PF_INET protocol family
[    0.269597] IP idents hash table entries: 16384 (order: 5, 131072 bytes, linear)
[    0.270700] tcp_listen_portaddr_hash hash table entries: 512 (order: 1, 8192 bytes, linear)
[    0.271742] Table-perturb hash table entries: 65536 (order: 6, 262144 bytes, linear)
[    0.272708] TCP established hash table entries: 8192 (order: 4, 65536 bytes, linear)
[    0.273674] TCP bind hash table entries: 8192 (order: 6, 262144 bytes, linear)
[    0.274606] TCP: Hash tables configured (established 8192 bind 8192)
[    0.275415] UDP hash table entries: 512 (order: 2, 16384 bytes, linear)
[    0.276232] UDP-Lite hash table entries: 512 (order: 2, 16384 bytes, linear)
[    0.277137] NET: Registered PF_UNIX/PF_LOCAL protocol family
[    0.277845] pci_bus 0000:00: resource 4 [io  0x0000-0x0cf7 window]
[    0.279191] pci_bus 0000:00: resource 5 [io  0x0d00-0xffff window]
[    0.279959] pci_bus 0000:00: resource 6 [mem 0x000a0000-0x000bffff window]
[    0.280812] pci_bus 0000:00: resource 7 [mem 0x40000000-0xfebfffff window]
[    0.281671] pci_bus 0000:00: resource 8 [mem 0x100000000-0x17fffffff window]
[    0.282590] pci 0000:00:01.0: PIIX3: Enabling Passive Release
[    0.283309] pci 0000:00:00.0: Limiting direct PCI/PCI transfers
[    0.284073] PCI: CLS 0 bytes, default 64
[    0.284594] kvm_intel: VMX not supported by CPU 26
[    0.285200] kvm_amd: TSC scaling supported
[    0.285711] kvm_amd: Nested Virtualization enabled
[    0.286330] kvm_amd: Nested Paging enabled
[    0.286843] kvm_amd: Virtual VMLOAD VMSAVE supported
[    0.287460] kvm_amd: Virtual GIF supported
[    0.287964] kvm_amd: Virtual NMI enabled
[    0.288452] kvm_amd: LBR virtualization supported
[    0.381648] Initialise system trusted keyrings
[    0.382322] workingset: timestamp_bits=56 max_order=18 bucket_order=0
[    0.383164] squashfs: version 4.0 (2009/01/31) Phillip Lougher
[    0.383914] fuse: init (API version 7.40)
[    0.384461] 9p: Installing v9fs 9p2000 file system support
[    0.391608] Key type asymmetric registered
[    0.392123] Asymmetric key parser 'x509' registered
[    0.392749] Block layer SCSI generic (bsg) driver version 0.4 loaded (major 249)
[    0.393694] io scheduler mq-deadline registered
[    0.394261] io scheduler kyber registered
[    0.395859] input: Power Button as /devices/LNXSYSTM:00/LNXPWRBN:00/input/input0
[    0.396880] ACPI: button: Power Button [PWRF]
[    0.397469] Warning: Processor Platform Limit event detected, but not handled.
[    0.398371] Consider compiling CPUfreq support into your kernel.
[    0.415429] ACPI: \_SB_.LNKB: Enabled at IRQ 10
[    0.432196] ACPI: \_SB_.LNKC: Enabled at IRQ 11
[    0.448976] ACPI: \_SB_.LNKA: Enabled at IRQ 10
[    0.450166] Serial: 8250/16550 driver, 4 ports, IRQ sharing enabled
[    0.451068] 00:03: ttyS0 at I/O 0x3f8 (irq = 4, base_baud = 115200) is a 16550A
[    0.518816] Non-volatile memory driver v1.3
[    0.519387] Linux agpgart interface v0.103
[    0.519433] ACPI: bus type drm_connector registered
[    0.520608] printk: legacy console [hvc0] enabled
[    0.521265] printk: legacy bootconsole [earlyser0] disabled
          _      _                                    
   __   _(_)_ __| |_ _ __ ___   ___       _ __   __ _ 
   \ \ / / |  __| __|  _   _ \ / _ \_____|  _ \ / _  |
    \ V /| | |  | |_| | | | | |  __/_____| | | | (_| |
     \_/ |_|_|   \__|_| |_| |_|\___|     |_| |_|\__  |
                                                |___/ 
   kernel version: 6.9.0-rc2-virtme x86_64
   (CTRL+d to exit)

virtme-ng:/nipa-data/kernel# PS1='xx__-> '
xx__-> env
PWD=/nipa-data/kernel
nr_open=1048576
HOME=/root
TERM=xterm
SHLVL=2
XDG_RUNTIME_DIR=/run/user/0
PATH=/bin:/sbin:/usr/bin:/usr/sbin:/usr/local/bin
OLDPWD=/
_=/usr/bin/env
xx__-> 