No EFI environment detected.
early console in extract_kernel
input_data: 0x0000000004abb2b9
input_len: 0x000000000181d315
output: 0x0000000001000000
output_len: 0x0000000005265038
kernel_total_size: 0x0000000004e30000
needed_size: 0x0000000005400000
trampoline_32bit: 0x0000000000000000
Physical KASLR using RDRAND RDTSC...
Virtual KASLR using RDRAND RDTSC...

Decompressing Linux... Parsing ELF... Performing relocations... done.
Booting the kernel (entry_offset: 0x0000000000000000).
[    0.000000] Linux version 6.9.0-rc2-virtme (root@0372d775f9de) (gcc (Alpine 13.2.1_git20240309) 13.2.1 20240309, GNU ld (GNU Binutils) 2.42) #1 SMP PREEMPT_DYNAMIC Wed Apr 10 15:26:37 UTC 2024
[    0.000000] Command line: virtme_hostname=virtme-ng nr_open=1048576 virtme_link_mods=/nipa-data/kernel/.virtme_mods/lib/modules/0.0.0 virtme_initmount0=nipa-data/kernel virtme_rw_overlay0=/etc virtme_rw_overlay1=/lib virtme_rw_overlay2=/home virtme_rw_overlay3=/opt virtme_rw_overlay4=/srv virtme_rw_overlay5=/usr virtme_rw_overlay6=/var console=hvc0 earlyprintk=serial,ttyS0,115200 virtme_console=ttyS0 psmouse.proto=exps TERM=xterm virtme_chdir=nipa-data/kernel virtme_root_user=1 rootfstype=9p rootflags=version=9p2000.L,trans=virtio,access=any raid=noautodetect ro init=/usr/lib/python3.11/site-packages/virtme/guest/virtme-init
[    0.000000] BIOS-provided physical RAM map:
[    0.000000] BIOS-e820: [mem 0x0000000000000000-0x000000000009fbff] usable
[    0.000000] BIOS-e820: [mem 0x000000000009fc00-0x000000000009ffff] reserved
[    0.000000] BIOS-e820: [mem 0x00000000000f0000-0x00000000000fffff] reserved
[    0.000000] BIOS-e820: [mem 0x0000000000100000-0x000000003ffdffff] usable
[    0.000000] BIOS-e820: [mem 0x000000003ffe0000-0x000000003fffffff] reserved
[    0.000000] BIOS-e820: [mem 0x00000000feffc000-0x00000000feffffff] reserved
[    0.000000] BIOS-e820: [mem 0x00000000fffc0000-0x00000000ffffffff] reserved
[    0.000000] BIOS-e820: [mem 0x000000fd00000000-0x000000ffffffffff] reserved
[    0.000000] printk: legacy bootconsole [earlyser0] enabled
[    0.000000] NX (Execute Disable) protection: active
[    0.000000] APIC: Static calls initialized
[    0.000000] SMBIOS 3.0.0 present.
[    0.000000] DMI: QEMU Standard PC (i440FX + PIIX, 1996), BIOS rel-1.16.3-0-ga6ed6b701f0a-prebuilt.qemu.org 04/01/2014
[    0.000000] Hypervisor detected: KVM
[    0.000000] kvm-clock: Using msrs 4b564d01 and 4b564d00
[    0.000000] kvm-clock: using sched offset of 377597972 cycles
[    0.000388] clocksource: kvm-clock: mask: 0xffffffffffffffff max_cycles: 0x1cd42e4dffb, max_idle_ns: 881590591483 ns
[    0.001588] tsc: Detected 4491.536 MHz processor
[    0.002286] last_pfn = 0x3ffe0 max_arch_pfn = 0x400000000
[    0.002708] MTRR map: 4 entries (3 fixed + 1 variable; max 19), built from 8 variable MTRRs
[    0.003323] x86/PAT: Configuration [0-7]: WB  WC  UC- UC  WB  WP  UC- WT  
[    0.005334] found SMP MP-table at [mem 0x000f5470-0x000f547f]
[    0.005765] Using GB pages for direct mapping
[    0.006319] ACPI: Early table checksum verification disabled
[    0.006737] ACPI: RSDP 0x00000000000F5290 000014 (v00 BOCHS )
[    0.007164] ACPI: RSDT 0x000000003FFE27BC 000034 (v01 BOCHS  BXPC     00000001 BXPC 00000001)
[    0.007796] ACPI: FACP 0x000000003FFE2578 000074 (v01 BOCHS  BXPC     00000001 BXPC 00000001)
[    0.008439] ACPI: DSDT 0x000000003FFE0040 002538 (v01 BOCHS  BXPC     00000001 BXPC 00000001)
[    0.009068] ACPI: FACS 0x000000003FFE0000 000040
[    0.009410] ACPI: APIC 0x000000003FFE25EC 000170 (v03 BOCHS  BXPC     00000001 BXPC 00000001)
[    0.010041] ACPI: HPET 0x000000003FFE275C 000038 (v01 BOCHS  BXPC     00000001 BXPC 00000001)
[    0.010670] ACPI: WAET 0x000000003FFE2794 000028 (v01 BOCHS  BXPC     00000001 BXPC 00000001)
[    0.011300] ACPI: Reserving FACP table memory at [mem 0x3ffe2578-0x3ffe25eb]
[    0.011821] ACPI: Reserving DSDT table memory at [mem 0x3ffe0040-0x3ffe2577]
[    0.012351] ACPI: Reserving FACS table memory at [mem 0x3ffe0000-0x3ffe003f]
[    0.012874] ACPI: Reserving APIC table memory at [mem 0x3ffe25ec-0x3ffe275b]
[    0.013398] ACPI: Reserving HPET table memory at [mem 0x3ffe275c-0x3ffe2793]
[    0.013921] ACPI: Reserving WAET table memory at [mem 0x3ffe2794-0x3ffe27bb]
[    0.014648] No NUMA configuration found
[    0.014931] Faking a node at [mem 0x0000000000000000-0x000000003ffdffff]
[    0.015429] NODE_DATA(0) allocated [mem 0x3ffdb000-0x3ffdffff]
[    0.015881] Zone ranges:
[    0.016076]   DMA      [mem 0x0000000000001000-0x0000000000ffffff]
[    0.016537]   DMA32    [mem 0x0000000001000000-0x000000003ffdffff]
[    0.016997]   Normal   empty
[    0.017213]   Device   empty
[    0.017427] Movable zone start for each node
[    0.017742] Early memory node ranges
[    0.018005]   node   0: [mem 0x0000000000001000-0x000000000009efff]
[    0.018474]   node   0: [mem 0x0000000000100000-0x000000003ffdffff]
[    0.018942] Initmem setup node 0 [mem 0x0000000000001000-0x000000003ffdffff]
[    0.019474] On node 0, zone DMA: 1 pages in unavailable ranges
[    0.019978] On node 0, zone DMA: 97 pages in unavailable ranges
[    0.024772] On node 0, zone DMA32: 32 pages in unavailable ranges
[    0.034242] kasan: KernelAddressSanitizer initialized
[    0.034850] ACPI: PM-Timer IO Port: 0x608
[    0.035164] ACPI: LAPIC_NMI (acpi_id[0xff] dfl dfl lint[0x1])
[    0.035610] IOAPIC[0]: apic_id 0, version 17, address 0xfec00000, GSI 0-23
[    0.036144] ACPI: INT_SRC_OVR (bus 0 bus_irq 0 global_irq 2 dfl dfl)
[    0.036612] ACPI: INT_SRC_OVR (bus 0 bus_irq 5 global_irq 5 high level)
[    0.037109] ACPI: INT_SRC_OVR (bus 0 bus_irq 9 global_irq 9 high level)
[    0.037596] ACPI: INT_SRC_OVR (bus 0 bus_irq 10 global_irq 10 high level)
[    0.038114] ACPI: INT_SRC_OVR (bus 0 bus_irq 11 global_irq 11 high level)
[    0.038614] ACPI: Using ACPI (MADT) for SMP configuration information
[    0.039098] ACPI: HPET id: 0x8086a201 base: 0xfed00000
[    0.039478] TSC deadline timer available
[    0.039768] CPU topo: Max. logical packages:   1
[    0.040124] CPU topo: Max. logical dies:       1
[    0.040464] CPU topo: Max. dies per package:   1
[    0.040806] CPU topo: Max. threads per core:  32
[    0.041155] CPU topo: Num. cores per package:     1
[    0.041517] CPU topo: Num. threads per package:  32
[    0.041872] CPU topo: Allowing 32 present CPUs plus 0 hotplug CPUs
[    0.042347] kvm-guest: APIC: eoi() replaced with kvm_guest_apic_eoi_write()
[    0.042867] kvm-guest: KVM setup pv remote TLB flush
[    0.043249] kvm-guest: setup PV sched yield
[    0.043561] PM: hibernation: Registered nosave memory: [mem 0x00000000-0x00000fff]
[    0.044131] PM: hibernation: Registered nosave memory: [mem 0x0009f000-0x0009ffff]
[    0.044684] PM: hibernation: Registered nosave memory: [mem 0x000a0000-0x000effff]
[    0.045244] PM: hibernation: Registered nosave memory: [mem 0x000f0000-0x000fffff]
[    0.045798] [mem 0x40000000-0xfeffbfff] available for PCI devices
[    0.046253] Booting paravirtualized kernel on KVM
[    0.046602] clocksource: refined-jiffies: mask: 0xffffffff max_cycles: 0xffffffff, max_idle_ns: 1910969940391419 ns
[    0.055414] setup_percpu: NR_CPUS:64 nr_cpumask_bits:32 nr_cpu_ids:32 nr_node_ids:1
[    0.057232] percpu: Embedded 70 pages/cpu s248616 r8192 d29912 u524288
[    0.057782] Kernel command line: virtme_hostname=virtme-ng nr_open=1048576 virtme_link_mods=/nipa-data/kernel/.virtme_mods/lib/modules/0.0.0 virtme_initmount0=nipa-data/kernel virtme_rw_overlay0=/etc virtme_rw_overlay1=/lib virtme_rw_overlay2=/home virtme_rw_overlay3=/opt virtme_rw_overlay4=/srv virtme_rw_overlay5=/usr virtme_rw_overlay6=/var console=hvc0 earlyprintk=serial,ttyS0,115200 virtme_console=ttyS0 psmouse.proto=exps TERM=xterm virtme_chdir=nipa-data/kernel virtme_root_user=1 rootfstype=9p rootflags=version=9p2000.L,trans=virtio,access=any raid=noautodetect ro init=/usr/lib/python3.11/site-packages/virtme/guest/virtme-init
[    0.062286] Unknown kernel command line parameters "virtme_hostname=virtme-ng nr_open=1048576 virtme_link_mods=/nipa-data/kernel/.virtme_mods/lib/modules/0.0.0 virtme_initmount0=nipa-data/kernel virtme_rw_overlay0=/etc virtme_rw_overlay1=/lib virtme_rw_overlay2=/home virtme_rw_overlay3=/opt virtme_rw_overlay4=/srv virtme_rw_overlay5=/usr virtme_rw_overlay6=/var virtme_console=ttyS0 virtme_chdir=nipa-data/kernel virtme_root_user=1", will be passed to user space.
[    0.065712] random: crng init done
[    0.066024] Dentry cache hash table entries: 131072 (order: 8, 1048576 bytes, linear)
[    0.066790] Inode-cache hash table entries: 65536 (order: 7, 524288 bytes, linear)
[    0.068070] Fallback order for Node 0: 0 
[    0.068078] Built 1 zonelists, mobility grouping on.  Total pages: 257760
[    0.069106] Policy zone: DMA32
[    0.069396] mem auto-init: stack:all(zero), heap alloc:off, heap free:off
[    0.070040] stackdepot: allocating hash table via alloc_large_system_hash
[    0.070684] stackdepot hash table entries: 1048576 (order: 12, 16777216 bytes, linear)
[    0.080276] Memory: 781040K/1048056K available (43008K kernel code, 11123K rwdata, 9740K rodata, 5832K init, 2408K bss, 266760K reserved, 0K cma-reserved)
[    0.081786] SLUB: HWalign=64, Order=0-3, MinObjects=0, CPUs=32, Nodes=1
Poking KASLR using RDRAND RDTSC...
[    0.082755] ftrace: allocating 47677 entries in 187 pages
[    0.091849] ftrace: allocated 187 pages with 6 groups
[    0.093111] Dynamic Preempt: voluntary
[    0.093866] rcu: Preemptible hierarchical RCU implementation.
[    0.094318] rcu: RCU event tracing is enabled.
[    0.094665] rcu: RCU restricting CPUs from NR_CPUS=64 to nr_cpu_ids=32.
[    0.095194] Trampoline variant of Tasks RCU enabled.
[    0.095581] Rude variant of Tasks RCU enabled.
[    0.095929] Tracing variant of Tasks RCU enabled.
[    0.096300] rcu: RCU calculated value of scheduler-enlistment delay is 100 jiffies.
[    0.096881] rcu: Adjusting geometry for rcu_fanout_leaf=16, nr_cpu_ids=32
[    0.097444] RCU Tasks: Setting shift to 5 and lim to 1 rcu_task_cb_adjust=1.
[    0.097994] RCU Tasks Rude: Setting shift to 5 and lim to 1 rcu_task_cb_adjust=1.
[    0.098567] RCU Tasks Trace: Setting shift to 5 and lim to 1 rcu_task_cb_adjust=1.
[    0.107495] NR_IRQS: 4352, nr_irqs: 680, preallocated irqs: 16
[    0.108207] rcu: srcu_init: Setting srcu_struct sizes based on contention.
[    0.108918] Console: colour *CGA 80x25
[    0.109218] ACPI: Core revision 20230628
[    0.109654] clocksource: hpet: mask: 0xffffffff max_cycles: 0xffffffff, max_idle_ns: 19112604467 ns
[    0.110380] APIC: Switch to symmetric I/O mode setup
[    0.110745] APIC: Switched APIC routing to: physical flat
[    0.111137] kvm-guest: APIC: send_IPI_mask() replaced with kvm_send_ipi_mask()
[    0.111658] kvm-guest: APIC: send_IPI_mask_allbutself() replaced with kvm_send_ipi_mask_allbutself()
[    0.112323] kvm-guest: setup PV IPIs
[    0.113457] ..TIMER: vector=0x30 apic1=0 pin1=2 apic2=-1 pin2=-1
[    0.114253] tsc: Marking TSC unstable due to TSCs unsynchronized
[    0.115055] Calibrating delay loop (skipped) preset value.. 8983.07 BogoMIPS (lpj=4491536)
[    0.116115] x86/cpu: User Mode Instruction Prevention (UMIP) activated
[    0.117111] Last level iTLB entries: 4KB 512, 2MB 255, 4MB 127
[    0.118050] Last level dTLB entries: 4KB 512, 2MB 255, 4MB 127, 1GB 0
[    0.119055] Spectre V1 : Mitigation: usercopy/swapgs barriers and __user pointer sanitization
[    0.120055] Spectre V2 : Mitigation: Enhanced / Automatic IBRS
[    0.121050] Spectre V2 : Spectre v2 / SpectreRSB mitigation: Filling RSB on context switch
[    0.122052] Spectre V2 : mitigation: Enabling conditional Indirect Branch Prediction Barrier
[    0.123050] Spectre V2 : User space: Mitigation: STIBP always-on protection
[    0.124053] Speculative Store Bypass: Mitigation: Speculative Store Bypass disabled via prctl
[    0.125051] Speculative Return Stack Overflow: IBPB-extending microcode not applied!
[    0.126050] Speculative Return Stack Overflow: WARNING: See https://kernel.org/doc/html/latest/admin-guide/hw-vuln/srso.html for mitigation options.
[    0.126052] Speculative Return Stack Overflow: Vulnerable: Safe RET, no microcode
[    0.128067] x86/fpu: Supporting XSAVE feature 0x001: 'x87 floating point registers'
[    0.129051] x86/fpu: Supporting XSAVE feature 0x002: 'SSE registers'
[    0.130050] x86/fpu: Supporting XSAVE feature 0x004: 'AVX registers'
[    0.130859] x86/fpu: Supporting XSAVE feature 0x020: 'AVX-512 opmask'
[    0.131051] x86/fpu: Supporting XSAVE feature 0x040: 'AVX-512 Hi256'
[    0.132050] x86/fpu: Supporting XSAVE feature 0x080: 'AVX-512 ZMM_Hi256'
[    0.133051] x86/fpu: Supporting XSAVE feature 0x200: 'Protection Keys User registers'
[    0.134051] x86/fpu: xstate_offset[2]:  576, xstate_sizes[2]:  256
[    0.135051] x86/fpu: xstate_offset[5]:  832, xstate_sizes[5]:   64
[    0.136051] x86/fpu: xstate_offset[6]:  896, xstate_sizes[6]:  512
[    0.136850] x86/fpu: xstate_offset[7]: 1408, xstate_sizes[7]: 1024
[    0.137051] x86/fpu: xstate_offset[9]: 2432, xstate_sizes[9]:    8
[    0.138051] x86/fpu: Enabled xstate features 0x2e7, context size is 2440 bytes, using 'compacted' format.
[    0.161283] Freeing SMP alternatives memory: 40K
[    0.161900] pid_max: default: 32768 minimum: 301
[    0.162210] Mount-cache hash table entries: 2048 (order: 2, 16384 bytes, linear)
[    0.163053] Mountpoint-cache hash table entries: 2048 (order: 2, 16384 bytes, linear)
[    0.165402] smpboot: CPU0: AMD Ryzen 9 7950X 16-Core Processor (family: 0x19, model: 0x61, stepping: 0x2)
[    0.166520] Performance Events: Fam17h+ core perfctr, AMD PMU driver.
[    0.167056] ... version:                0
[    0.167569] ... bit width:              48
[    0.168052] ... generic registers:      6
[    0.168564] ... value mask:             0000ffffffffffff
[    0.169054] ... max period:             00007fffffffffff
[    0.169929] ... fixed-purpose events:   0
[    0.170053] ... event mask:             000000000000003f
[    0.171108] signal: max sigframe size: 3376
[    0.171861] rcu: Hierarchical SRCU implementation.
[    0.172054] rcu: Max phase no-delay instances is 400.
[    0.178489] smp: Bringing up secondary CPUs ...
[    0.179297] smpboot: x86: Booting SMP configuration:
[    0.180055] .... node  #0, CPUs:        #1  #2  #3  #4  #5  #6  #7  #8  #9 #10 #11 #12 #13 #14 #15 #16 #17 #18 #19 #20 #21 #22 #23 #24 #25 #26 #27 #28 #29 #30 #31
[    0.190446] Spectre V2 : Update user space SMT mitigation: STIBP always-on
[    0.209248] smp: Brought up 1 node, 32 CPUs
[    0.210056] smpboot: Total of 32 processors activated (287458.30 BogoMIPS)
[    0.226242] devtmpfs: initialized
[    0.227214] x86/mm: Memory block size: 128MB
[    0.236414] clocksource: jiffies: mask: 0xffffffff max_cycles: 0xffffffff, max_idle_ns: 1911260446275000 ns
[    0.237061] futex hash table entries: 8192 (order: 7, 524288 bytes, linear)
[    0.238590] PM: RTC time: 15:27:14, date: 2024-04-10
[    0.240054] NET: Registered PF_NETLINK/PF_ROUTE protocol family
[    0.241675] thermal_sys: Registered thermal governor 'step_wise'
[    0.241677] thermal_sys: Registered thermal governor 'user_space'
[    0.242079] cpuidle: using governor menu
[    0.244595] PCI: Using configuration type 1 for base access
[    0.245053] PCI: Using configuration type 1 for extended access
[    0.245917] kprobes: kprobe jump-optimization is enabled. All kprobes are optimized if possible.
[    0.246203] HugeTLB: registered 1.00 GiB page size, pre-allocated 0 pages
[    0.247053] HugeTLB: 16380 KiB vmemmap can be freed for a 1.00 GiB page
[    0.247904] HugeTLB: registered 2.00 MiB page size, pre-allocated 0 pages
[    0.248052] HugeTLB: 28 KiB vmemmap can be freed for a 2.00 MiB page
[    0.249111] Demotion targets for Node 0: null
[    0.250339] ACPI: Added _OSI(Module Device)
[    0.250887] ACPI: Added _OSI(Processor Device)
[    0.251053] ACPI: Added _OSI(3.0 _SCP Extensions)
[    0.251683] ACPI: Added _OSI(Processor Aggregator Device)
[    0.275884] ACPI: 1 ACPI AML tables successfully acquired and loaded
[    0.277758] ACPI: _OSC evaluation for CPUs failed, trying _PDC
[    0.280318] ACPI: Interpreter enabled
[    0.280861] ACPI: PM: (supports S0 S3 S4 S5)
[    0.281055] ACPI: Using IOAPIC for interrupt routing
[    0.281752] PCI: Using host bridge windows from ACPI; if necessary, use "pci=nocrs" and report a bug
[    0.282052] PCI: Using E820 reservations for host bridge windows
[    0.283922] ACPI: Enabled 2 GPEs in block 00 to 0F
[    0.337381] ACPI: PCI Root Bridge [PCI0] (domain 0000 [bus 00-ff])
[    0.338073] acpi PNP0A03:00: _OSC: OS supports [ExtendedConfig ASPM ClockPM Segments MSI HPX-Type3]
[    0.339747] PCI host bridge to bus 0000:00
[    0.340057] pci_bus 0000:00: root bus resource [io  0x0000-0x0cf7 window]
[    0.341057] pci_bus 0000:00: root bus resource [io  0x0d00-0xffff window]
[    0.342056] pci_bus 0000:00: root bus resource [mem 0x000a0000-0x000bffff window]
[    0.343056] pci_bus 0000:00: root bus resource [mem 0x40000000-0xfebfffff window]
[    0.344057] pci_bus 0000:00: root bus resource [mem 0x100000000-0x17fffffff window]
[    0.345057] pci_bus 0000:00: root bus resource [bus 00-ff]
[    0.346182] pci 0000:00:00.0: [8086:1237] type 00 class 0x060000 conventional PCI endpoint
[    0.348234] pci 0000:00:01.0: [8086:7000] type 00 class 0x060100 conventional PCI endpoint
[    0.350293] pci 0000:00:01.1: [8086:7010] type 00 class 0x010180 conventional PCI endpoint
[    0.354443] pci 0000:00:01.1: BAR 4 [io  0xc0c0-0xc0cf]
[    0.356453] pci 0000:00:01.1: BAR 0 [io  0x01f0-0x01f7]: legacy IDE quirk
[    0.357054] pci 0000:00:01.1: BAR 1 [io  0x03f6]: legacy IDE quirk
[    0.358053] pci 0000:00:01.1: BAR 2 [io  0x0170-0x0177]: legacy IDE quirk
[    0.359053] pci 0000:00:01.1: BAR 3 [io  0x0376]: legacy IDE quirk
[    0.361630] pci 0000:00:01.3: [8086:7113] type 00 class 0x068000 conventional PCI endpoint
[    0.362321] pci 0000:00:01.3: quirk: [io  0x0600-0x063f] claimed by PIIX4 ACPI
[    0.363058] pci 0000:00:01.3: quirk: [io  0x0700-0x070f] claimed by PIIX4 SMB
[    0.364730] pci 0000:00:02.0: [1af4:1009] type 00 class 0x000200 conventional PCI endpoint
[    0.366054] pci 0000:00:02.0: BAR 0 [io  0xc000-0xc03f]
[    0.367724] pci 0000:00:02.0: BAR 1 [mem 0xfebfc000-0xfebfcfff]
[    0.371721] pci 0000:00:02.0: BAR 4 [mem 0xfebf0000-0xfebf3fff 64bit pref]
[    0.384757] pci 0000:00:03.0: [1af4:1009] type 00 class 0x000200 conventional PCI endpoint
[    0.386054] pci 0000:00:03.0: BAR 0 [io  0xc040-0xc07f]
[    0.387747] pci 0000:00:03.0: BAR 1 [mem 0xfebfd000-0xfebfdfff]
[    0.391053] pci 0000:00:03.0: BAR 4 [mem 0xfebf4000-0xfebf7fff 64bit pref]
[    0.404529] pci 0000:00:04.0: [8086:25ab] type 00 class 0x088000 conventional PCI endpoint
[    0.405420] pci 0000:00:04.0: BAR 0 [mem 0xfebfe000-0xfebfe00f]
[    0.419920] pci 0000:00:05.0: [1af4:1003] type 00 class 0x078000 conventional PCI endpoint
[    0.421053] pci 0000:00:05.0: BAR 0 [io  0xc080-0xc0bf]
[    0.422735] pci 0000:00:05.0: BAR 1 [mem 0xfebff000-0xfebfffff]
[    0.426955] pci 0000:00:05.0: BAR 4 [mem 0xfebf8000-0xfebfbfff 64bit pref]
[    0.447292] ACPI: PCI: Interrupt link LNKA configured for IRQ 10
[    0.449345] ACPI: PCI: Interrupt link LNKB configured for IRQ 10
[    0.451019] ACPI: PCI: Interrupt link LNKC configured for IRQ 11
[    0.452013] ACPI: PCI: Interrupt link LNKD configured for IRQ 11
[    0.452454] ACPI: PCI: Interrupt link LNKS configured for IRQ 9
[    0.471623] iommu: Default domain type: Translated
[    0.472053] iommu: DMA domain TLB invalidation policy: lazy mode
[    0.473285] SCSI subsystem initialized
[    0.474149] pps_core: LinuxPPS API ver. 1 registered
[    0.474794] pps_core: Software ver. 5.3.6 - Copyright 2005-2007 Rodolfo Giometti <giometti@linux.it>
[    0.475066] PTP clock support registered
[    0.475647] Advanced Linux Sound Architecture Driver Initialized.
[    0.477232] NET: Registered PF_ATMPVC protocol family
[    0.477890] NET: Registered PF_ATMSVC protocol family
[    0.478077] PCI: Using ACPI for IRQ routing
[    0.478762] vgaarb: loaded
[    0.479180] hpet0: at MMIO 0xfed00000, IRQs 2, 8, 0
[    0.479811] hpet0: 3 comparators, 64-bit 100.000000 MHz counter
[    0.483658] clocksource: Switched to clocksource kvm-clock
[    0.484655] VFS: Disk quotas dquot_6.6.0
[    0.485515] VFS: Dquot-cache hash table entries: 512 (order 0, 4096 bytes)
[    0.486596] pnp: PnP ACPI init
[    0.489459] pnp: PnP ACPI: found 5 devices
[    0.502055] clocksource: acpi_pm: mask: 0xffffff max_cycles: 0xffffff, max_idle_ns: 2085701024 ns
[    0.503308] NET: Registered PF_INET protocol family
[    0.503994] IP idents hash table entries: 16384 (order: 5, 131072 bytes, linear)
[    0.505361] tcp_listen_portaddr_hash hash table entries: 512 (order: 1, 8192 bytes, linear)
[    0.506465] Table-perturb hash table entries: 65536 (order: 6, 262144 bytes, linear)
[    0.507488] TCP established hash table entries: 8192 (order: 4, 65536 bytes, linear)
[    0.508586] TCP bind hash table entries: 8192 (order: 6, 262144 bytes, linear)
[    0.509533] TCP: Hash tables configured (established 8192 bind 8192)
[    0.510532] UDP hash table entries: 512 (order: 2, 16384 bytes, linear)
[    0.511385] UDP-Lite hash table entries: 512 (order: 2, 16384 bytes, linear)
[    0.512508] NET: Registered PF_UNIX/PF_LOCAL protocol family
[    0.513250] pci_bus 0000:00: resource 4 [io  0x0000-0x0cf7 window]
[    0.514045] pci_bus 0000:00: resource 5 [io  0x0d00-0xffff window]
[    0.514853] pci_bus 0000:00: resource 6 [mem 0x000a0000-0x000bffff window]
[    0.515739] pci_bus 0000:00: resource 7 [mem 0x40000000-0xfebfffff window]
[    0.516625] pci_bus 0000:00: resource 8 [mem 0x100000000-0x17fffffff window]
[    0.517748] pci 0000:00:01.0: PIIX3: Enabling Passive Release
[    0.518505] pci 0000:00:00.0: Limiting direct PCI/PCI transfers
[    0.519305] PCI: CLS 0 bytes, default 64
[    0.519880] kvm_intel: VMX not supported by CPU 0
[    0.520524] kvm_amd: TSC scaling supported
[    0.521055] kvm_amd: Nested Virtualization enabled
[    0.521759] kvm_amd: Nested Paging enabled
[    0.522483] kvm_amd: Virtual VMLOAD VMSAVE supported
[    0.523320] kvm_amd: Virtual GIF supported
[    0.524014] kvm_amd: Virtual NMI enabled
[    0.524681] kvm_amd: LBR virtualization supported
[    0.640507] Initialise system trusted keyrings
[    0.641249] workingset: timestamp_bits=56 max_order=18 bucket_order=0
[    0.642220] squashfs: version 4.0 (2009/01/31) Phillip Lougher
[    0.643009] fuse: init (API version 7.40)
[    0.643710] 9p: Installing v9fs 9p2000 file system support
[    0.653925] Key type asymmetric registered
[    0.654487] Asymmetric key parser 'x509' registered
[    0.655179] Block layer SCSI generic (bsg) driver version 0.4 loaded (major 249)
[    0.656203] io scheduler mq-deadline registered
[    0.656811] io scheduler kyber registered
[    0.658918] input: Power Button as /devices/LNXSYSTM:00/LNXPWRBN:00/input/input0
[    0.660468] ACPI: button: Power Button [PWRF]
[    0.661370] Warning: Processor Platform Limit event detected, but not handled.
[    0.662597] Consider compiling CPUfreq support into your kernel.
[    1.534749] ACPI: \_SB_.LNKB: Enabled at IRQ 10
[    2.386573] ACPI: \_SB_.LNKC: Enabled at IRQ 11
[    3.255927] ACPI: \_SB_.LNKA: Enabled at IRQ 10
[    3.257500] Serial: 8250/16550 driver, 4 ports, IRQ sharing enabled
[    3.258645] 00:03: ttyS0 at I/O 0x3f8 (irq = 4, base_baud = 115200) is a 16550A
[    3.296575] Non-volatile memory driver v1.3
[    3.297132] Linux agpgart interface v0.103
[    3.297848] ACPI: bus type drm_connector registered
[    3.298507] printk: legacy console [hvc0] enabled
[    3.299366] printk: legacy bootconsole [earlyser0] disabled
          _      _                                    
   __   _(_)_ __| |_ _ __ ___   ___       _ __   __ _ 
   \ \ / / |  __| __|  _   _ \ / _ \_____|  _ \ / _  |
    \ V /| | |  | |_| | | | | |  __/_____| | | | (_| |
     \_/ |_|_|   \__|_| |_| |_|\___|     |_| |_|\__  |
                                                |___/ 
   kernel version: 6.9.0-rc2-virtme x86_64
   (CTRL+d to exit)

virtme-ng:/nipa-data/kernel# PS1='xx__-> '
xx__-> env
PWD=/nipa-data/kernel
nr_open=1048576
HOME=/root
TERM=xterm
SHLVL=2
XDG_RUNTIME_DIR=/run/user/0
PATH=/bin:/sbin:/usr/bin:/usr/sbin:/usr/local/bin
OLDPWD=/
_=/usr/bin/env
xx__-> 