No EFI environment detected.
early console in extract_kernel
input_data: 0x0000000004c8b2c4
input_len: 0x000000000199594c
output: 0x0000000001000000
output_len: 0x00000000055aac88
kernel_total_size: 0x0000000005230000
needed_size: 0x0000000005600000
trampoline_32bit: 0x0000000000000000
Physical KASLR using RDRAND RDTSC...
Virtual KASLR using RDRAND RDTSC...

Decompressing Linux... Parsing ELF... Performing relocations... done.
Booting the kernel (entry_offset: 0x0000000002bfacf0).
[    0.000000] Linux version 6.15.0-virtme (root@464d107d4428) (gcc (Ubuntu 13.3.0-6ubuntu2~24.04) 13.3.0, GNU ld (GNU Binutils for Ubuntu) 2.42) #1 SMP PREEMPT_DYNAMIC Fri May 30 03:26:07 UTC 2025
[    0.000000] Command line: virtme_hostname=virtme-ng nr_open=1048576 virtme_link_mods=/nipa-data/kernel/.virtme_mods/lib/modules/0.0.0 virtme_initmount0=nipa-data/kernel virtme_rw_overlay0=/etc virtme_rw_overlay1=/lib virtme_rw_overlay2=/home virtme_rw_overlay3=/opt virtme_rw_overlay4=/srv virtme_rw_overlay5=/usr virtme_rw_overlay6=/var console=hvc0 earlyprintk=serial,ttyS0,115200 virtme_console=ttyS0 psmouse.proto=exps TERM=xterm virtme_chdir=nipa-data/kernel virtme_root_user=1 rootfstype=9p rootflags=version=9p2000.L,trans=virtio,access=any raid=noautodetect ro init=/usr/lib/python3/dist-packages/virtme/guest/virtme-init
[    0.000000] BIOS-provided physical RAM map:
[    0.000000] BIOS-e820: [mem 0x0000000000000000-0x000000000009fbff] usable
[    0.000000] BIOS-e820: [mem 0x000000000009fc00-0x000000000009ffff] reserved
[    0.000000] BIOS-e820: [mem 0x00000000000f0000-0x00000000000fffff] reserved
[    0.000000] BIOS-e820: [mem 0x0000000000100000-0x000000003ffdffff] usable
[    0.000000] BIOS-e820: [mem 0x000000003ffe0000-0x000000003fffffff] reserved
[    0.000000] BIOS-e820: [mem 0x00000000feffc000-0x00000000feffffff] reserved
[    0.000000] BIOS-e820: [mem 0x00000000fffc0000-0x00000000ffffffff] reserved
[    0.000000] BIOS-e820: [mem 0x000000fd00000000-0x000000ffffffffff] reserved
[    0.000000] printk: legacy bootconsole [earlyser0] enabled
[    0.000000] NX (Execute Disable) protection: active
[    0.000000] APIC: Static calls initialized
[    0.000000] SMBIOS 3.0.0 present.
[    0.000000] DMI: QEMU Ubuntu 24.04 PC (i440FX + PIIX, 1996), BIOS 1.16.3-debian-1.16.3-2 04/01/2014
[    0.000000] DMI: Memory slots populated: 1/1
[    0.000000] Hypervisor detected: KVM
[    0.000000] kvm-clock: Using msrs 4b564d01 and 4b564d00
[    0.000000] kvm-clock: using sched offset of 308426366 cycles
[    0.000361] clocksource: kvm-clock: mask: 0xffffffffffffffff max_cycles: 0x1cd42e4dffb, max_idle_ns: 881590591483 ns
[    0.001480] tsc: Detected 4491.564 MHz processor
[    0.002130] last_pfn = 0x3ffe0 max_arch_pfn = 0x400000000
[    0.002526] MTRR map: 4 entries (3 fixed + 1 variable; max 19), built from 8 variable MTRRs
[    0.003102] x86/PAT: Configuration [0-7]: WB  WC  UC- UC  WB  WP  UC- WT  
[    0.004996] found SMP MP-table at [mem 0x000f5470-0x000f547f]
[    0.005396] Using GB pages for direct mapping
[    0.005842] ACPI: Early table checksum verification disabled
[    0.006231] ACPI: RSDP 0x00000000000F5290 000014 (v00 BOCHS )
[    0.006635] ACPI: RSDT 0x000000003FFE27BC 000034 (v01 BOCHS  BXPC     00000001 BXPC 00000001)
[    0.007228] ACPI: FACP 0x000000003FFE2578 000074 (v01 BOCHS  BXPC     00000001 BXPC 00000001)
[    0.007823] ACPI: DSDT 0x000000003FFE0040 002538 (v01 BOCHS  BXPC     00000001 BXPC 00000001)
[    0.008413] ACPI: FACS 0x000000003FFE0000 000040
[    0.008732] ACPI: APIC 0x000000003FFE25EC 000170 (v03 BOCHS  BXPC     00000001 BXPC 00000001)
[    0.009318] ACPI: HPET 0x000000003FFE275C 000038 (v01 BOCHS  BXPC     00000001 BXPC 00000001)
[    0.009904] ACPI: WAET 0x000000003FFE2794 000028 (v01 BOCHS  BXPC     00000001 BXPC 00000001)
[    0.010490] ACPI: Reserving FACP table memory at [mem 0x3ffe2578-0x3ffe25eb]
[    0.010975] ACPI: Reserving DSDT table memory at [mem 0x3ffe0040-0x3ffe2577]
[    0.011459] ACPI: Reserving FACS table memory at [mem 0x3ffe0000-0x3ffe003f]
[    0.011942] ACPI: Reserving APIC table memory at [mem 0x3ffe25ec-0x3ffe275b]
[    0.012424] ACPI: Reserving HPET table memory at [mem 0x3ffe275c-0x3ffe2793]
[    0.012908] ACPI: Reserving WAET table memory at [mem 0x3ffe2794-0x3ffe27bb]
[    0.013581] No NUMA configuration found
[    0.013845] Faking a node at [mem 0x0000000000000000-0x000000003ffdffff]
[    0.014307] NODE_DATA(0) allocated [mem 0x3ffdb740-0x3ffdffff]
[    0.014724] Zone ranges:
[    0.014898]   DMA      [mem 0x0000000000001000-0x0000000000ffffff]
[    0.015323]   DMA32    [mem 0x0000000001000000-0x000000003ffdffff]
[    0.015747]   Normal   empty
[    0.015946]   Device   empty
[    0.016144] Movable zone start for each node
[    0.016437] Early memory node ranges
[    0.016682]   node   0: [mem 0x0000000000001000-0x000000000009efff]
[    0.017112]   node   0: [mem 0x0000000000100000-0x000000003ffdffff]
[    0.017542] Initmem setup node 0 [mem 0x0000000000001000-0x000000003ffdffff]
[    0.018114] On node 0, zone DMA: 1 pages in unavailable ranges
[    0.018573] On node 0, zone DMA: 97 pages in unavailable ranges
[    0.023082] On node 0, zone DMA32: 32 pages in unavailable ranges
[    0.032024] kasan: KernelAddressSanitizer initialized
[    0.032593] ACPI: PM-Timer IO Port: 0x608
[    0.032881] ACPI: LAPIC_NMI (acpi_id[0xff] dfl dfl lint[0x1])
[    0.033296] IOAPIC[0]: apic_id 0, version 17, address 0xfec00000, GSI 0-23
[    0.033768] ACPI: INT_SRC_OVR (bus 0 bus_irq 0 global_irq 2 dfl dfl)
[    0.034204] ACPI: INT_SRC_OVR (bus 0 bus_irq 5 global_irq 5 high level)
[    0.034662] ACPI: INT_SRC_OVR (bus 0 bus_irq 9 global_irq 9 high level)
[    0.035117] ACPI: INT_SRC_OVR (bus 0 bus_irq 10 global_irq 10 high level)
[    0.035581] ACPI: INT_SRC_OVR (bus 0 bus_irq 11 global_irq 11 high level)
[    0.036047] ACPI: Using ACPI (MADT) for SMP configuration information
[    0.036487] ACPI: HPET id: 0x8086a201 base: 0xfed00000
[    0.036842] TSC deadline timer available
[    0.037112] CPU topo: Max. logical packages:   1
[    0.037428] CPU topo: Max. logical dies:       1
[    0.037744] CPU topo: Max. dies per package:   1
[    0.038062] CPU topo: Max. threads per core:   1
[    0.038379] CPU topo: Num. cores per package:    32
[    0.038715] CPU topo: Num. threads per package:  32
[    0.039049] CPU topo: Allowing 32 present CPUs plus 0 hotplug CPUs
[    0.039486] kvm-guest: APIC: eoi() replaced with kvm_guest_apic_eoi_write()
[    0.039976] kvm-guest: KVM setup pv remote TLB flush
[    0.040317] kvm-guest: setup PV sched yield
[    0.040610] PM: hibernation: Registered nosave memory: [mem 0x00000000-0x00000fff]
[    0.041129] PM: hibernation: Registered nosave memory: [mem 0x0009f000-0x000fffff]
[    0.041649] [mem 0x40000000-0xfeffbfff] available for PCI devices
[    0.042067] Booting paravirtualized kernel on KVM
[    0.042391] clocksource: refined-jiffies: mask: 0xffffffff max_cycles: 0xffffffff, max_idle_ns: 1910969940391419 ns
[    0.050937] setup_percpu: NR_CPUS:64 nr_cpumask_bits:32 nr_cpu_ids:32 nr_node_ids:1
[    0.052674] percpu: Embedded 65 pages/cpu s229208 r8192 d28840 u524288
[    0.053194] Kernel command line: virtme_hostname=virtme-ng nr_open=1048576 virtme_link_mods=/nipa-data/kernel/.virtme_mods/lib/modules/0.0.0 virtme_initmount0=nipa-data/kernel virtme_rw_overlay0=/etc virtme_rw_overlay1=/lib virtme_rw_overlay2=/home virtme_rw_overlay3=/opt virtme_rw_overlay4=/srv virtme_rw_overlay5=/usr virtme_rw_overlay6=/var console=hvc0 earlyprintk=serial,ttyS0,115200 virtme_console=ttyS0 psmouse.proto=exps TERM=xterm virtme_chdir=nipa-data/kernel virtme_root_user=1 rootfstype=9p rootflags=version=9p2000.L,trans=virtio,access=any raid=noautodetect ro init=/usr/lib/python3/dist-packages/virtme/guest/virtme-init
[    0.057268] Unknown kernel command line parameters "virtme_hostname=virtme-ng nr_open=1048576 virtme_link_mods=/nipa-data/kernel/.virtme_mods/lib/modules/0.0.0 virtme_initmount0=nipa-data/kernel virtme_rw_overlay0=/etc virtme_rw_overlay1=/lib virtme_rw_overlay2=/home virtme_rw_overlay3=/opt virtme_rw_overlay4=/srv virtme_rw_overlay5=/usr virtme_rw_overlay6=/var virtme_console=ttyS0 virtme_chdir=nipa-data/kernel virtme_root_user=1", will be passed to user space.
[    0.060357] random: crng init done
[    0.060597] printk: log buffer data + meta data: 262144 + 917504 = 1179648 bytes
[    0.061136] Dentry cache hash table entries: 131072 (order: 8, 1048576 bytes, linear)
[    0.061698] Inode-cache hash table entries: 65536 (order: 7, 524288 bytes, linear)
[    0.062634] Fallback order for Node 0: 0 
[    0.062639] Built 1 zonelists, mobility grouping on.  Total pages: 262014
[    0.063403] Policy zone: DMA32
[    0.063619] mem auto-init: stack:all(zero), heap alloc:off, heap free:off
[    0.064096] stackdepot: allocating hash table via alloc_large_system_hash
[    0.064575] stackdepot hash table entries: 1048576 (order: 12, 16777216 bytes, linear)
[    0.072589] SLUB: HWalign=64, Order=0-3, MinObjects=0, CPUs=32, Nodes=1
Poking KASLR using RDRAND RDTSC...
[    0.081737] ftrace: allocating 49186 entries in 194 pages
[    0.082116] ftrace: allocated 194 pages with 3 groups
[    0.083342] Dynamic Preempt: voluntary
[    0.084065] rcu: Preemptible hierarchical RCU implementation.
[    0.084469] rcu: RCU event tracing is enabled.
[    0.084786] rcu: RCU restricting CPUs from NR_CPUS=64 to nr_cpu_ids=32.
[    0.085257] Trampoline variant of Tasks RCU enabled.
[    0.085610] Rude variant of Tasks RCU enabled.
[    0.085927] Tracing variant of Tasks RCU enabled.
[    0.086262] rcu: RCU calculated value of scheduler-enlistment delay is 100 jiffies.
[    0.086802] rcu: Adjusting geometry for rcu_fanout_leaf=16, nr_cpu_ids=32
[    0.087346] RCU Tasks: Setting shift to 5 and lim to 1 rcu_task_cb_adjust=1 rcu_task_cpu_ids=32.
[    0.087964] RCU Tasks Rude: Setting shift to 5 and lim to 1 rcu_task_cb_adjust=1 rcu_task_cpu_ids=32.
[    0.088612] RCU Tasks Trace: Setting shift to 5 and lim to 1 rcu_task_cb_adjust=1 rcu_task_cpu_ids=32.
[    0.098582] NR_IRQS: 4352, nr_irqs: 680, preallocated irqs: 16
[    0.099247] rcu: srcu_init: Setting srcu_struct sizes based on contention.
[    0.100120] Console: colour *CGA 80x25
[    0.100416] ACPI: Core revision 20250404
[    0.100848] clocksource: hpet: mask: 0xffffffff max_cycles: 0xffffffff, max_idle_ns: 19112604467 ns
[    0.101551] APIC: Switch to symmetric I/O mode setup
[    0.102056] x2apic enabled
[    0.102430] APIC: Switched APIC routing to: physical x2apic
[    0.102865] kvm-guest: APIC: send_IPI_mask() replaced with kvm_send_ipi_mask()
[    0.103375] kvm-guest: APIC: send_IPI_mask_allbutself() replaced with kvm_send_ipi_mask_allbutself()
[    0.104007] kvm-guest: setup PV IPIs
[    0.105064] ..TIMER: vector=0x30 apic1=0 pin1=2 apic2=-1 pin2=-1
[    0.105833] clocksource: tsc-early: mask: 0xffffffffffffffff max_cycles: 0x40be463295d, max_idle_ns: 440795209293 ns
[    0.107153] Calibrating delay loop (skipped) preset value.. 8983.12 BogoMIPS (lpj=4491564)
[    0.108217] x86/cpu: User Mode Instruction Prevention (UMIP) activated
[    0.109209] Last level iTLB entries: 4KB 512, 2MB 255, 4MB 127
[    0.110151] Last level dTLB entries: 4KB 512, 2MB 255, 4MB 127, 1GB 0
[    0.111162] Speculative Store Bypass: Mitigation: Speculative Store Bypass disabled via prctl
[    0.112151] Speculative Return Stack Overflow: IBPB-extending microcode not applied!
[    0.113151] Speculative Return Stack Overflow: WARNING: See https://kernel.org/doc/html/latest/admin-guide/hw-vuln/srso.html for mitigation options.
[    0.113152] Spectre V2 : Mitigation: Enhanced / Automatic IBRS
[    0.115151] Speculative Return Stack Overflow: Vulnerable: Safe RET, no microcode
[    0.116151] Spectre V1 : Mitigation: usercopy/swapgs barriers and __user pointer sanitization
[    0.117155] Spectre V2 : mitigation: Enabling conditional Indirect Branch Prediction Barrier
[    0.118168] x86/fpu: Supporting XSAVE feature 0x001: 'x87 floating point registers'
[    0.119151] x86/fpu: Supporting XSAVE feature 0x002: 'SSE registers'
[    0.120151] x86/fpu: Supporting XSAVE feature 0x004: 'AVX registers'
[    0.121151] x86/fpu: Supporting XSAVE feature 0x020: 'AVX-512 opmask'
[    0.121923] x86/fpu: Supporting XSAVE feature 0x040: 'AVX-512 Hi256'
[    0.122151] x86/fpu: Supporting XSAVE feature 0x080: 'AVX-512 ZMM_Hi256'
[    0.123151] x86/fpu: Supporting XSAVE feature 0x200: 'Protection Keys User registers'
[    0.124151] x86/fpu: xstate_offset[2]:  576, xstate_sizes[2]:  256
[    0.125151] x86/fpu: xstate_offset[5]:  832, xstate_sizes[5]:   64
[    0.125892] x86/fpu: xstate_offset[6]:  896, xstate_sizes[6]:  512
[    0.126151] x86/fpu: xstate_offset[7]: 1408, xstate_sizes[7]: 1024
[    0.127151] x86/fpu: xstate_offset[9]: 2432, xstate_sizes[9]:    8
[    0.128151] x86/fpu: Enabled xstate features 0x2e7, context size is 2440 bytes, using 'compacted' format.
[    0.150467] Freeing SMP alternatives memory: 40K
[    0.151030] pid_max: default: 32768 minimum: 301
[    0.151274] Mount-cache hash table entries: 2048 (order: 2, 16384 bytes, linear)
[    0.152152] Mountpoint-cache hash table entries: 2048 (order: 2, 16384 bytes, linear)
[    0.154237] smpboot: CPU0: AMD Ryzen 9 7950X 16-Core Processor (family: 0x19, model: 0x61, stepping: 0x2)
[    0.155589] Performance Events: Fam17h+ core perfctr, AMD PMU driver.
[    0.156154] ... version:                0
[    0.156635] ... bit width:              48
[    0.157125] ... generic registers:      6
[    0.157153] ... value mask:             0000ffffffffffff
[    0.157788] ... max period:             00007fffffffffff
[    0.158153] ... fixed-purpose events:   0
[    0.158632] ... event mask:             000000000000003f
[    0.159327] signal: max sigframe size: 3376
[    0.159874] rcu: Hierarchical SRCU implementation.
[    0.160153] rcu: Max phase no-delay instances is 400.
[    0.160850] Timer migration: 2 hierarchy levels; 8 children per group; 2 crossnode level
[    0.165015] smp: Bringing up secondary CPUs ...
[    0.165337] smpboot: x86: Booting SMP configuration:
[    0.165932] .... node  #0, CPUs:        #1  #2  #3  #4  #5  #6  #7  #8  #9 #10 #11 #12 #13 #14 #15 #16 #17 #18 #19 #20 #21 #22 #23 #24 #25 #26 #27 #28 #29 #30 #31
[    0.182244] smp: Brought up 1 node, 32 CPUs
[    0.183661] smpboot: Total of 32 processors activated (287460.09 BogoMIPS)
[    0.187361] Memory: 761604K/1048056K available (45036K kernel code, 11643K rwdata, 10312K rodata, 6184K init, 1196K bss, 270664K reserved, 0K cma-reserved)
[    0.188277] devtmpfs: initialized
[    0.189165] x86/mm: Memory block size: 128MB
[    0.195768] clocksource: jiffies: mask: 0xffffffff max_cycles: 0xffffffff, max_idle_ns: 1911260446275000 ns
[    0.197162] posixtimers hash table entries: 16384 (order: 6, 262144 bytes, linear)
[    0.198166] futex hash table entries: 8192 (524288 bytes on 1 NUMA nodes, total 512 KiB, linear).
[    0.199471] PM: RTC time: 03:26:29, date: 2025-05-30
[    0.200881] NET: Registered PF_NETLINK/PF_ROUTE protocol family
[    0.202018] thermal_sys: Registered thermal governor 'step_wise'
[    0.202047] cpuidle: using governor menu
[    0.203673] PCI: Using configuration type 1 for base access
[    0.204153] PCI: Using configuration type 1 for extended access
[    0.205008] kprobes: kprobe jump-optimization is enabled. All kprobes are optimized if possible.
[    0.217388] HugeTLB: allocation took 0ms with hugepage_allocation_threads=8
[    0.218186] HugeTLB: registered 1.00 GiB page size, pre-allocated 0 pages
[    0.219153] HugeTLB: 16380 KiB vmemmap can be freed for a 1.00 GiB page
[    0.220154] HugeTLB: registered 2.00 MiB page size, pre-allocated 0 pages
[    0.221153] HugeTLB: 28 KiB vmemmap can be freed for a 2.00 MiB page
[    0.223175] ACPI: Added _OSI(Module Device)
[    0.223698] ACPI: Added _OSI(Processor Device)
[    0.224153] ACPI: Added _OSI(Processor Aggregator Device)
[    0.249143] ACPI: 1 ACPI AML tables successfully acquired and loaded
[    0.254130] ACPI: Interpreter enabled
[    0.255216] ACPI: PM: (supports S0 S3 S4 S5)
[    0.255738] ACPI: Using IOAPIC for interrupt routing
[    0.256204] PCI: Using host bridge windows from ACPI; if necessary, use "pci=nocrs" and report a bug
[    0.257153] PCI: Using E820 reservations for host bridge windows
[    0.258989] ACPI: Enabled 2 GPEs in block 00 to 0F
[    0.309197] ACPI: PCI Root Bridge [PCI0] (domain 0000 [bus 00-ff])
[    0.309977] acpi PNP0A03:00: _OSC: OS supports [ExtendedConfig ASPM ClockPM Segments MSI HPX-Type3]
[    0.310667] PCI host bridge to bus 0000:00
[    0.312209] pci_bus 0000:00: root bus resource [io  0x0000-0x0cf7 window]
[    0.313047] pci_bus 0000:00: root bus resource [io  0x0d00-0xffff window]
[    0.313156] pci_bus 0000:00: root bus resource [mem 0x000a0000-0x000bffff window]
[    0.314082] pci_bus 0000:00: root bus resource [mem 0x40000000-0xfebfffff window]
[    0.315156] pci_bus 0000:00: root bus resource [mem 0x100000000-0x17fffffff window]
[    0.316095] pci_bus 0000:00: root bus resource [bus 00-ff]
[    0.317248] pci 0000:00:00.0: [8086:1237] type 00 class 0x060000 conventional PCI endpoint
[    0.319069] pci 0000:00:01.0: [8086:7000] type 00 class 0x060100 conventional PCI endpoint
[    0.321048] pci 0000:00:01.1: [8086:7010] type 00 class 0x010180 conventional PCI endpoint
[    0.322585] pci 0000:00:01.1: BAR 4 [io  0xc0c0-0xc0cf]
[    0.323171] pci 0000:00:01.1: BAR 0 [io  0x01f0-0x01f7]: legacy IDE quirk
[    0.323999] pci 0000:00:01.1: BAR 1 [io  0x03f6]: legacy IDE quirk
[    0.324153] pci 0000:00:01.1: BAR 2 [io  0x0170-0x0177]: legacy IDE quirk
[    0.324984] pci 0000:00:01.1: BAR 3 [io  0x0376]: legacy IDE quirk
[    0.326868] pci 0000:00:01.3: [8086:7113] type 00 class 0x068000 conventional PCI endpoint
[    0.328368] pci 0000:00:01.3: quirk: [io  0x0600-0x063f] claimed by PIIX4 ACPI
[    0.329157] pci 0000:00:01.3: quirk: [io  0x0700-0x070f] claimed by PIIX4 SMB
[    0.330799] pci 0000:00:02.0: [1af4:1009] type 00 class 0x000200 conventional PCI endpoint
[    0.332158] pci 0000:00:02.0: BAR 0 [io  0xc000-0xc03f]
[    0.332806] pci 0000:00:02.0: BAR 1 [mem 0xfebfc000-0xfebfcfff]
[    0.334168] pci 0000:00:02.0: BAR 4 [mem 0xfebf0000-0xfebf3fff 64bit pref]
[    0.346969] pci 0000:00:03.0: [1af4:1009] type 00 class 0x000200 conventional PCI endpoint
[    0.349158] pci 0000:00:03.0: BAR 0 [io  0xc040-0xc07f]
[    0.349810] pci 0000:00:03.0: BAR 1 [mem 0xfebfd000-0xfebfdfff]
[    0.350168] pci 0000:00:03.0: BAR 4 [mem 0xfebf4000-0xfebf7fff 64bit pref]
[    0.362888] pci 0000:00:04.0: [8086:25ab] type 00 class 0x088000 conventional PCI endpoint
[    0.364491] pci 0000:00:04.0: BAR 0 [mem 0xfebfe000-0xfebfe00f]
[    0.376900] pci 0000:00:05.0: [1af4:1003] type 00 class 0x078000 conventional PCI endpoint
[    0.378826] pci 0000:00:05.0: BAR 0 [io  0xc080-0xc0bf]
[    0.379157] pci 0000:00:05.0: BAR 1 [mem 0xfebff000-0xfebfffff]
[    0.379900] pci 0000:00:05.0: BAR 4 [mem 0xfebf8000-0xfebfbfff 64bit pref]
[    0.395448] ACPI: PCI: Interrupt link LNKA configured for IRQ 10
[    0.397125] ACPI: PCI: Interrupt link LNKB configured for IRQ 10
[    0.398112] ACPI: PCI: Interrupt link LNKC configured for IRQ 11
[    0.400111] ACPI: PCI: Interrupt link LNKD configured for IRQ 11
[    0.401547] ACPI: PCI: Interrupt link LNKS configured for IRQ 9
[    0.421323] iommu: Default domain type: Translated
[    0.421926] iommu: DMA domain TLB invalidation policy: lazy mode
[    0.424460] SCSI subsystem initialized
[    0.425263] pps_core: LinuxPPS API ver. 1 registered
[    0.425879] pps_core: Software ver. 5.3.6 - Copyright 2005-2007 Rodolfo Giometti <giometti@linux.it>
[    0.427169] PTP clock support registered
[    0.428283] Advanced Linux Sound Architecture Driver Initialized.
[    0.430311] NET: Registered PF_ATMPVC protocol family
[    0.430937] NET: Registered PF_ATMSVC protocol family
[    0.431191] PCI: Using ACPI for IRQ routing
[    0.432189] vgaarb: loaded
[    0.432270] hpet0: at MMIO 0xfed00000, IRQs 2, 8, 0
[    0.432884] hpet0: 3 comparators, 64-bit 100.000000 MHz counter
[    0.438286] clocksource: Switched to clocksource kvm-clock
[    0.439399] VFS: Disk quotas dquot_6.6.0
[    0.439903] VFS: Dquot-cache hash table entries: 512 (order 0, 4096 bytes)
[    0.441553] pnp: PnP ACPI init
[    0.444414] pnp: PnP ACPI: found 5 devices
[    0.456464] clocksource: acpi_pm: mask: 0xffffff max_cycles: 0xffffff, max_idle_ns: 2085701024 ns
[    0.457608] NET: Registered PF_INET protocol family
[    0.458253] IP idents hash table entries: 16384 (order: 5, 131072 bytes, linear)
[    0.459517] tcp_listen_portaddr_hash hash table entries: 512 (order: 1, 8192 bytes, linear)
[    0.460548] Table-perturb hash table entries: 65536 (order: 6, 262144 bytes, linear)
[    0.461526] TCP established hash table entries: 8192 (order: 4, 65536 bytes, linear)
[    0.462484] TCP bind hash table entries: 8192 (order: 6, 262144 bytes, linear)
[    0.463397] TCP: Hash tables configured (established 8192 bind 8192)
[    0.464356] UDP hash table entries: 512 (order: 3, 32768 bytes, linear)
[    0.465200] UDP-Lite hash table entries: 512 (order: 3, 32768 bytes, linear)
[    0.466283] NET: Registered PF_UNIX/PF_LOCAL protocol family
[    0.466993] pci_bus 0000:00: resource 4 [io  0x0000-0x0cf7 window]
[    0.467745] pci_bus 0000:00: resource 5 [io  0x0d00-0xffff window]
[    0.468495] pci_bus 0000:00: resource 6 [mem 0x000a0000-0x000bffff window]
[    0.469327] pci_bus 0000:00: resource 7 [mem 0x40000000-0xfebfffff window]
[    0.470161] pci_bus 0000:00: resource 8 [mem 0x100000000-0x17fffffff window]
[    0.471220] pci 0000:00:01.0: PIIX3: Enabling Passive Release
[    0.471924] pci 0000:00:00.0: Limiting direct PCI/PCI transfers
[    0.472680] PCI: CLS 0 bytes, default 64
[    0.473276] kvm_intel: VMX not supported by CPU 26
[    0.474054] kvm_amd: TSC scaling supported
[    0.474564] kvm_amd: Nested Virtualization enabled
[    0.475155] kvm_amd: Nested Paging enabled
[    0.475658] kvm_amd: LBR virtualization supported
[    0.476243] kvm_amd: Virtual GIF supported
[    0.476743] kvm_amd: Virtual NMI enabled
[    0.504986] clocksource: tsc: mask: 0xffffffffffffffff max_cycles: 0x40be463295d, max_idle_ns: 440795209293 ns
[    0.523163] Initialise system trusted keyrings
[    0.523879] workingset: timestamp_bits=56 max_order=18 bucket_order=0
[    0.524801] squashfs: version 4.0 (2009/01/31) Phillip Lougher
[    0.525539] fuse: init (API version 7.43)
[    0.526168] 9p: Installing v9fs 9p2000 file system support
[    0.536069] Key type asymmetric registered
[    0.536592] Asymmetric key parser 'x509' registered
[    0.537259] Block layer SCSI generic (bsg) driver version 0.4 loaded (major 249)
[    0.538210] io scheduler mq-deadline registered
[    0.538778] io scheduler kyber registered
[    0.541187] input: Power Button as /devices/LNXSYSTM:00/LNXPWRBN:00/input/input0
[    0.542342] ACPI: button: Power Button [PWRF]
[    0.544305] Warning: Processor Platform Limit event detected, but not handled.
[    0.545266] Consider compiling CPUfreq support into your kernel.
[    1.424844] ACPI: \_SB_.LNKB: Enabled at IRQ 10
[    2.296170] ACPI: \_SB_.LNKC: Enabled at IRQ 11
[    3.185201] ACPI: \_SB_.LNKA: Enabled at IRQ 10
[    3.186556] Serial: 8250/16550 driver, 4 ports, IRQ sharing enabled
[    3.187640] 00:03: ttyS0 at I/O 0x3f8 (irq = 4, base_baud = 115200) is a 16550A
[    3.211226] Non-volatile memory driver v1.3
[    3.211762] Linux agpgart interface v0.103
[    3.212475] printk: legacy console [hvc0] enabled
[    3.212486] ACPI: bus type drm_connector registered
[    3.213085] printk: legacy bootconsole [earlyser0] disabled
          _      _                                    
   __   _(_)_ __| |_ _ __ ___   ___       _ __   __ _ 
   \ \ / / |  __| __|  _   _ \ / _ \_____|  _ \ / _  |
    \ V /| | |  | |_| | | | | |  __/_____| | | | (_| |
     \_/ |_|_|   \__|_| |_| |_|\___|     |_| |_|\__  |
                                                |___/ 
   kernel version: 6.15.0-virtme x86_64
   (CTRL+d to exit)

root@virtme-ng:/nipa-data/kernel# PS1='xx__-> '
xx__-> env
PWD=/nipa-data/kernel
nr_open=1048576
HOME=/
TERM=xterm
SHLVL=2
XDG_RUNTIME_DIR=/run/user/0
PATH=/bin:/sbin:/usr/bin:/usr/sbin:/usr/local/bin
OLDPWD=/
_=/bin/env
xx__-> 