No EFI environment detected.
early console in extract_kernel
input_data: 0x00000000030602b9
input_len: 0x0000000000b83289
output: 0x0000000001000000
output_len: 0x000000000252f394
kernel_total_size: 0x0000000002c30000
needed_size: 0x0000000002e00000
trampoline_32bit: 0x0000000000000000
Physical KASLR using RDRAND RDTSC...
Virtual KASLR using RDRAND RDTSC...

Decompressing Linux... Parsing ELF... Performing relocations... done.
Booting the kernel (entry_offset: 0x0000000000000000).
[    0.000000] Linux version 6.8.0-rc3-virtme (root@4e0143c68b42) (gcc (Alpine 13.2.1_git20231014) 13.2.1 20231014, GNU ld (GNU Binutils) 2.41) #1 SMP PREEMPT_DYNAMIC Sun Feb 11 03:07:13 UTC 2024
[    0.000000] Command line: virtme_hostname=virtme-ng virtme_link_mods=/nipa-data/kernel/.virtme_mods/lib/modules/0.0.0 virtme_initmount0=nipa-data/kernel virtme_rw_overlay0=/etc virtme_rw_overlay1=/lib virtme_rw_overlay2=/home virtme_rw_overlay3=/opt virtme_rw_overlay4=/srv virtme_rw_overlay5=/usr virtme_rw_overlay6=/var earlyprintk=serial,ttyS0,115200 console=ttyS0 psmouse.proto=exps TERM=xterm virtme_chdir=nipa-data/kernel virtme_root_user=1 rootfstype=9p rootflags=version=9p2000.L,trans=virtio,access=any raid=noautodetect ro init=/usr/lib/python3.11/site-packages/virtme/guest/virtme-init
[    0.000000] BIOS-provided physical RAM map:
[    0.000000] BIOS-e820: [mem 0x0000000000000000-0x000000000009fbff] usable
[    0.000000] BIOS-e820: [mem 0x000000000009fc00-0x000000000009ffff] reserved
[    0.000000] BIOS-e820: [mem 0x00000000000f0000-0x00000000000fffff] reserved
[    0.000000] BIOS-e820: [mem 0x0000000000100000-0x000000003ffdffff] usable
[    0.000000] BIOS-e820: [mem 0x000000003ffe0000-0x000000003fffffff] reserved
[    0.000000] BIOS-e820: [mem 0x00000000feffc000-0x00000000feffffff] reserved
[    0.000000] BIOS-e820: [mem 0x00000000fffc0000-0x00000000ffffffff] reserved
[    0.000000] BIOS-e820: [mem 0x000000fd00000000-0x000000ffffffffff] reserved
[    0.000000] printk: legacy bootconsole [earlyser0] enabled
[    0.000000] NX (Execute Disable) protection: active
[    0.000000] APIC: Static calls initialized
[    0.000000] SMBIOS 3.0.0 present.
[    0.000000] DMI: QEMU Standard PC (i440FX + PIIX, 1996), BIOS rel-1.16.3-0-ga6ed6b701f0a-prebuilt.qemu.org 04/01/2014
[    0.000000] Hypervisor detected: KVM
[    0.000000] kvm-clock: Using msrs 4b564d01 and 4b564d00
[    0.000001] kvm-clock: using sched offset of 265365321 cycles
[    0.000462] clocksource: kvm-clock: mask: 0xffffffffffffffff max_cycles: 0x1cd42e4dffb, max_idle_ns: 881590591483 ns
[    0.001895] tsc: Detected 4491.536 MHz processor
[    0.002645] last_pfn = 0x3ffe0 max_arch_pfn = 0x400000000
[    0.003151] MTRR map: 4 entries (3 fixed + 1 variable; max 19), built from 8 variable MTRRs
[    0.003888] x86/PAT: Configuration [0-7]: WB  WC  UC- UC  WB  WP  UC- WT  
Memory KASLR using RDRAND RDTSC...
[    0.006241] found SMP MP-table at [mem 0x000f5470-0x000f547f]
[    0.006681] Using GB pages for direct mapping
[    0.007064] ACPI: Early table checksum verification disabled
[    0.007479] ACPI: RSDP 0x00000000000F5290 000014 (v00 BOCHS )
[    0.007902] ACPI: RSDT 0x000000003FFE27B6 000034 (v01 BOCHS  BXPC     00000001 BXPC 00000001)
[    0.008528] ACPI: FACP 0x000000003FFE2572 000074 (v01 BOCHS  BXPC     00000001 BXPC 00000001)
[    0.009152] ACPI: DSDT 0x000000003FFE0040 002532 (v01 BOCHS  BXPC     00000001 BXPC 00000001)
[    0.009776] ACPI: FACS 0x000000003FFE0000 000040
[    0.010117] ACPI: APIC 0x000000003FFE25E6 000170 (v03 BOCHS  BXPC     00000001 BXPC 00000001)
[    0.010740] ACPI: HPET 0x000000003FFE2756 000038 (v01 BOCHS  BXPC     00000001 BXPC 00000001)
[    0.011363] ACPI: WAET 0x000000003FFE278E 000028 (v01 BOCHS  BXPC     00000001 BXPC 00000001)
[    0.011986] ACPI: Reserving FACP table memory at [mem 0x3ffe2572-0x3ffe25e5]
[    0.012499] ACPI: Reserving DSDT table memory at [mem 0x3ffe0040-0x3ffe2571]
[    0.013013] ACPI: Reserving FACS table memory at [mem 0x3ffe0000-0x3ffe003f]
[    0.013526] ACPI: Reserving APIC table memory at [mem 0x3ffe25e6-0x3ffe2755]
[    0.014041] ACPI: Reserving HPET table memory at [mem 0x3ffe2756-0x3ffe278d]
[    0.014555] ACPI: Reserving WAET table memory at [mem 0x3ffe278e-0x3ffe27b5]
[    0.015214] No NUMA configuration found
[    0.015494] Faking a node at [mem 0x0000000000000000-0x000000003ffdffff]
[    0.015983] NODE_DATA(0) allocated [mem 0x3ffdb000-0x3ffdffff]
[    0.016422] Zone ranges:
[    0.016607]   DMA      [mem 0x0000000000001000-0x0000000000ffffff]
[    0.017072]   DMA32    [mem 0x0000000001000000-0x000000003ffdffff]
[    0.017523]   Normal   empty
[    0.017735]   Device   empty
[    0.017949] Movable zone start for each node
[    0.018264] Early memory node ranges
[    0.018524]   node   0: [mem 0x0000000000001000-0x000000000009efff]
[    0.018986]   node   0: [mem 0x0000000000100000-0x000000003ffdffff]
[    0.019443] Initmem setup node 0 [mem 0x0000000000001000-0x000000003ffdffff]
[    0.020008] On node 0, zone DMA: 1 pages in unavailable ranges
[    0.020532] On node 0, zone DMA: 97 pages in unavailable ranges
[    0.022163] On node 0, zone DMA32: 32 pages in unavailable ranges
[    0.022929] ACPI: PM-Timer IO Port: 0x608
[    0.023283] ACPI: LAPIC_NMI (acpi_id[0xff] dfl dfl lint[0x1])
[    0.023808] IOAPIC[0]: apic_id 0, version 17, address 0xfec00000, GSI 0-23
[    0.024411] ACPI: INT_SRC_OVR (bus 0 bus_irq 0 global_irq 2 dfl dfl)
[    0.024970] ACPI: INT_SRC_OVR (bus 0 bus_irq 5 global_irq 5 high level)
[    0.025548] ACPI: INT_SRC_OVR (bus 0 bus_irq 9 global_irq 9 high level)
[    0.026129] ACPI: INT_SRC_OVR (bus 0 bus_irq 10 global_irq 10 high level)
[    0.026720] ACPI: INT_SRC_OVR (bus 0 bus_irq 11 global_irq 11 high level)
[    0.027315] ACPI: Using ACPI (MADT) for SMP configuration information
[    0.027878] ACPI: HPET id: 0x8086a201 base: 0xfed00000
[    0.028328] TSC deadline timer available
[    0.028671] smpboot: Allowing 32 CPUs, 0 hotplug CPUs
[    0.029132] kvm-guest: APIC: eoi() replaced with kvm_guest_apic_eoi_write()
[    0.029753] kvm-guest: KVM setup pv remote TLB flush
[    0.030198] kvm-guest: setup PV sched yield
[    0.030572] PM: hibernation: Registered nosave memory: [mem 0x00000000-0x00000fff]
[    0.031232] PM: hibernation: Registered nosave memory: [mem 0x0009f000-0x0009ffff]
[    0.031894] PM: hibernation: Registered nosave memory: [mem 0x000a0000-0x000effff]
[    0.032554] PM: hibernation: Registered nosave memory: [mem 0x000f0000-0x000fffff]
[    0.033217] [mem 0x40000000-0xfeffbfff] available for PCI devices
[    0.033749] Booting paravirtualized kernel on KVM
[    0.034166] clocksource: refined-jiffies: mask: 0xffffffff max_cycles: 0xffffffff, max_idle_ns: 1910969940391419 ns
[    0.038219] setup_percpu: NR_CPUS:64 nr_cpumask_bits:32 nr_cpu_ids:32 nr_node_ids:1
[    0.039435] percpu: Embedded 58 pages/cpu s199840 r8192 d29536 u262144
[    0.039961] Kernel command line: virtme_hostname=virtme-ng virtme_link_mods=/nipa-data/kernel/.virtme_mods/lib/modules/0.0.0 virtme_initmount0=nipa-data/kernel virtme_rw_overlay0=/etc virtme_rw_overlay1=/lib virtme_rw_overlay2=/home virtme_rw_overlay3=/opt virtme_rw_overlay4=/srv virtme_rw_overlay5=/usr virtme_rw_overlay6=/var earlyprintk=serial,ttyS0,115200 console=ttyS0 psmouse.proto=exps TERM=xterm virtme_chdir=nipa-data/kernel virtme_root_user=1 rootfstype=9p rootflags=version=9p2000.L,trans=virtio,access=any raid=noautodetect ro init=/usr/lib/python3.11/site-packages/virtme/guest/virtme-init
[    0.044062] Unknown kernel command line parameters "virtme_hostname=virtme-ng virtme_link_mods=/nipa-data/kernel/.virtme_mods/lib/modules/0.0.0 virtme_initmount0=nipa-data/kernel virtme_rw_overlay0=/etc virtme_rw_overlay1=/lib virtme_rw_overlay2=/home virtme_rw_overlay3=/opt virtme_rw_overlay4=/srv virtme_rw_overlay5=/usr virtme_rw_overlay6=/var virtme_chdir=nipa-data/kernel virtme_root_user=1", will be passed to user space.
[    0.047132] random: crng init done
[    0.047414] Dentry cache hash table entries: 131072 (order: 8, 1048576 bytes, linear)
[    0.048028] Inode-cache hash table entries: 65536 (order: 7, 524288 bytes, linear)
[    0.048695] Fallback order for Node 0: 0 
[    0.048698] Built 1 zonelists, mobility grouping on.  Total pages: 257760
[    0.049520] Policy zone: DMA32
[    0.049752] mem auto-init: stack:all(zero), heap alloc:off, heap free:off
[    0.051688] Memory: 976388K/1048056K available (16384K kernel code, 2558K rwdata, 6072K rodata, 3156K init, 12004K bss, 71408K reserved, 0K cma-reserved)
[    0.052784] SLUB: HWalign=64, Order=0-3, MinObjects=0, CPUs=32, Nodes=1
Poking KASLR using RDRAND RDTSC...
[    0.053570] ftrace: allocating 46554 entries in 182 pages
[    0.060555] ftrace: allocated 182 pages with 5 groups
[    0.061747] Dynamic Preempt: voluntary
[    0.062244] Running RCU self tests
[    0.062504] Running RCU synchronous self tests
[    0.062850] rcu: Preemptible hierarchical RCU implementation.
[    0.063290] rcu: RCU event tracing is enabled.
[    0.063635] rcu: RCU lockdep checking is enabled.
[    0.064001] rcu: RCU restricting CPUs from NR_CPUS=64 to nr_cpu_ids=32.
[    0.064513] Trampoline variant of Tasks RCU enabled.
[    0.064898] Rude variant of Tasks RCU enabled.
[    0.065243] Tracing variant of Tasks RCU enabled.
[    0.065608] rcu: RCU calculated value of scheduler-enlistment delay is 100 jiffies.
[    0.066215] rcu: Adjusting geometry for rcu_fanout_leaf=16, nr_cpu_ids=32
[    0.066758] Running RCU synchronous self tests
[    0.068673] NR_IRQS: 4352, nr_irqs: 680, preallocated irqs: 16
[    0.069315] rcu: srcu_init: Setting srcu_struct sizes based on contention.
[    0.070046] Console: colour *CGA 80x25
[    0.070358] printk: legacy console [ttyS0] enabled
[    0.070358] printk: legacy console [ttyS0] enabled
[    0.071091] printk: legacy bootconsole [earlyser0] disabled
[    0.071091] printk: legacy bootconsole [earlyser0] disabled
[    0.071963] Lock dependency validator: Copyright (c) 2006 Red Hat, Inc., Ingo Molnar
[    0.072563] ... MAX_LOCKDEP_SUBCLASSES:  8
[    0.072879] ... MAX_LOCK_DEPTH:          48
[    0.073202] ... MAX_LOCKDEP_KEYS:        8192
[    0.073542] ... CLASSHASH_SIZE:          4096
[    0.073879] ... MAX_LOCKDEP_ENTRIES:     32768
[    0.074227] ... MAX_LOCKDEP_CHAINS:      65536
[    0.074569] ... CHAINHASH_SIZE:          32768
[    0.074911]  memory used by lock dependency info: 6429 kB
[    0.075325]  memory used for stack traces: 4224 kB
[    0.075696]  per task-struct memory footprint: 1920 bytes
[    0.076146] ACPI: Core revision 20230628
[    0.076548] clocksource: hpet: mask: 0xffffffff max_cycles: 0xffffffff, max_idle_ns: 19112604467 ns
[    0.077356] APIC: Switch to symmetric I/O mode setup
[    0.077751] APIC: Switched APIC routing to: physical flat
[    0.078185] kvm-guest: APIC: send_IPI_mask() replaced with kvm_send_ipi_mask()
[    0.078746] kvm-guest: APIC: send_IPI_mask_allbutself() replaced with kvm_send_ipi_mask_allbutself()
[    0.079455] kvm-guest: setup PV IPIs
[    0.080631] ..TIMER: vector=0x30 apic1=0 pin1=2 apic2=-1 pin2=-1
[    0.081481] tsc: Marking TSC unstable due to TSCs unsynchronized
[    0.082333] Calibrating delay loop (skipped) preset value.. 8983.07 BogoMIPS (lpj=4491536)
[    0.083386] x86/cpu: User Mode Instruction Prevention (UMIP) activated
[    0.084385] Last level iTLB entries: 4KB 512, 2MB 255, 4MB 127
[    0.085155] Last level dTLB entries: 4KB 512, 2MB 255, 4MB 127, 1GB 0
[    0.085331] Spectre V1 : Mitigation: usercopy/swapgs barriers and __user pointer sanitization
[    0.086330] Spectre V2 : Mitigation: Enhanced / Automatic IBRS
[    0.087327] Spectre V2 : Spectre v2 / SpectreRSB mitigation: Filling RSB on context switch
[    0.088329] Spectre V2 : mitigation: Enabling conditional Indirect Branch Prediction Barrier
[    0.089329] Speculative Store Bypass: Mitigation: Speculative Store Bypass disabled via prctl
[    0.090327] Speculative Return Stack Overflow: IBPB-extending microcode not applied!
[    0.091327] Speculative Return Stack Overflow: WARNING: See https://kernel.org/doc/html/latest/admin-guide/hw-vuln/srso.html for mitigation options.
[    0.091328] Speculative Return Stack Overflow: Vulnerable: Safe RET, no microcode
[    0.094333] x86/fpu: Supporting XSAVE feature 0x001: 'x87 floating point registers'
[    0.095327] x86/fpu: Supporting XSAVE feature 0x002: 'SSE registers'
[    0.096162] x86/fpu: Supporting XSAVE feature 0x004: 'AVX registers'
[    0.096327] x86/fpu: Supporting XSAVE feature 0x020: 'AVX-512 opmask'
[    0.097327] x86/fpu: Supporting XSAVE feature 0x040: 'AVX-512 Hi256'
[    0.098327] x86/fpu: Supporting XSAVE feature 0x080: 'AVX-512 ZMM_Hi256'
[    0.099327] x86/fpu: Supporting XSAVE feature 0x200: 'Protection Keys User registers'
[    0.100327] x86/fpu: xstate_offset[2]:  576, xstate_sizes[2]:  256
[    0.101327] x86/fpu: xstate_offset[5]:  832, xstate_sizes[5]:   64
[    0.102128] x86/fpu: xstate_offset[6]:  896, xstate_sizes[6]:  512
[    0.102327] x86/fpu: xstate_offset[7]: 1408, xstate_sizes[7]: 1024
[    0.103327] x86/fpu: xstate_offset[9]: 2432, xstate_sizes[9]:    8
[    0.104327] x86/fpu: Enabled xstate features 0x2e7, context size is 2440 bytes, using 'compacted' format.
[    0.123691] Freeing SMP alternatives memory: 36K
[    0.124314] pid_max: default: 32768 minimum: 301
[    0.124417] Mount-cache hash table entries: 2048 (order: 2, 16384 bytes, linear)
[    0.125330] Mountpoint-cache hash table entries: 2048 (order: 2, 16384 bytes, linear)
[    0.127612] Running RCU synchronous self tests
[    0.128200] Running RCU synchronous self tests
[    0.128493] smpboot: CPU0: AMD Ryzen 9 7950X 16-Core Processor (family: 0x19, model: 0x61, stepping: 0x2)
[    0.129686] RCU Tasks: Setting shift to 5 and lim to 1 rcu_task_cb_adjust=1.
[    0.130360] RCU Tasks Rude: Setting shift to 5 and lim to 1 rcu_task_cb_adjust=1.
[    0.131369] RCU Tasks Trace: Setting shift to 5 and lim to 1 rcu_task_cb_adjust=1.
[    0.132367] Running RCU Tasks wait API self tests
[    0.238398] Running RCU Tasks Rude wait API self tests
[    0.239179] Running RCU Tasks Trace wait API self tests
[    0.239378] Performance Events: Fam17h+ core perfctr, AMD PMU driver.
[    0.240268] ... version:                0
[    0.240331] ... bit width:              48
[    0.240951] ... generic registers:      6
[    0.241330] ... value mask:             0000ffffffffffff
[    0.242006] ... max period:             00007fffffffffff
[    0.242330] ... fixed-purpose events:   0
[    0.242844] ... event mask:             000000000000003f
[    0.243516] signal: max sigframe size: 3376
[    0.244138] rcu: Hierarchical SRCU implementation.
[    0.244331] rcu: Max phase no-delay instances is 400.
[    0.246669] Callback from call_rcu_tasks_trace() invoked.
[    0.249092] smp: Bringing up secondary CPUs ...
[    0.249614] smpboot: x86: Booting SMP configuration:
[    0.250255] .... node  #0, CPUs:        #1  #2  #3  #4  #5  #6  #7  #8  #9 #10 #11 #12 #13 #14 #15 #16 #17 #18 #19 #20 #21 #22 #23 #24 #25 #26 #27 #28 #29 #30 #31
[    0.281501] smp: Brought up 1 node, 32 CPUs
[    0.283054] smpboot: Max logical packages: 1
[    0.283331] smpboot: Total of 32 processors activated (287458.30 BogoMIPS)
[    0.288553] devtmpfs: initialized
[    0.289422] x86/mm: Memory block size: 128MB
[    0.292021] Running RCU synchronous self tests
[    0.292357] Running RCU synchronous self tests
[    0.293052] clocksource: jiffies: mask: 0xffffffff max_cycles: 0xffffffff, max_idle_ns: 1911260446275000 ns
[    0.293336] futex hash table entries: 8192 (order: 8, 1048576 bytes, linear)
[    0.294775] PM: RTC time: 03:07:46, date: 2024-02-11
[    0.295950] NET: Registered PF_NETLINK/PF_ROUTE protocol family
[    0.296948] thermal_sys: Registered thermal governor 'step_wise'
[    0.296950] thermal_sys: Registered thermal governor 'user_space'
[    0.297386] cpuidle: using governor menu
[    0.299692] PCI: Using configuration type 1 for base access
[    0.300330] PCI: Using configuration type 1 for extended access
[    0.301249] kprobes: kprobe jump-optimization is enabled. All kprobes are optimized if possible.
[    0.316456] HugeTLB: registered 1.00 GiB page size, pre-allocated 0 pages
[    0.317330] HugeTLB: 16380 KiB vmemmap can be freed for a 1.00 GiB page
[    0.318213] HugeTLB: registered 2.00 MiB page size, pre-allocated 0 pages
[    0.318331] HugeTLB: 28 KiB vmemmap can be freed for a 2.00 MiB page
[    0.322527] ACPI: Added _OSI(Module Device)
[    0.323102] ACPI: Added _OSI(Processor Device)
[    0.323332] ACPI: Added _OSI(3.0 _SCP Extensions)
[    0.323962] ACPI: Added _OSI(Processor Aggregator Device)
[    0.326431] ACPI: 1 ACPI AML tables successfully acquired and loaded
[    0.328421] ACPI: _OSC evaluation for CPUs failed, trying _PDC
[    0.329852] ACPI: Interpreter enabled
[    0.330370] ACPI: PM: (supports S0 S3 S4 S5)
[    0.330938] ACPI: Using IOAPIC for interrupt routing
[    0.331350] PCI: Using host bridge windows from ACPI; if necessary, use "pci=nocrs" and report a bug
[    0.332330] PCI: Using E820 reservations for host bridge windows
[    0.333424] ACPI: Enabled 2 GPEs in block 00 to 0F
[    0.344543] ACPI: PCI Root Bridge [PCI0] (domain 0000 [bus 00-ff])
[    0.345336] acpi PNP0A03:00: _OSC: OS supports [ExtendedConfig ASPM ClockPM Segments MSI HPX-Type3]
[    0.346348] Callback from call_rcu_tasks_rude() invoked.
[    0.346988] PCI host bridge to bus 0000:00
[    0.348333] pci_bus 0000:00: root bus resource [io  0x0000-0x0cf7 window]
[    0.349331] pci_bus 0000:00: root bus resource [io  0x0d00-0xffff window]
[    0.350331] pci_bus 0000:00: root bus resource [mem 0x000a0000-0x000bffff window]
[    0.351333] pci_bus 0000:00: root bus resource [mem 0x40000000-0xfebfffff window]
[    0.353332] pci_bus 0000:00: root bus resource [mem 0x100000000-0x17fffffff window]
[    0.354331] pci_bus 0000:00: root bus resource [bus 00-ff]
[    0.355423] pci 0000:00:00.0: [8086:1237] type 00 class 0x060000 conventional PCI endpoint
[    0.356944] pci 0000:00:01.0: [8086:7000] type 00 class 0x060100 conventional PCI endpoint
[    0.358869] pci 0000:00:01.1: [8086:7010] type 00 class 0x010180 conventional PCI endpoint
[    0.362565] pci 0000:00:01.1: BAR 4 [io  0xc080-0xc08f]
[    0.364016] pci 0000:00:01.1: BAR 0 [io  0x01f0-0x01f7]: legacy IDE quirk
[    0.365331] pci 0000:00:01.1: BAR 1 [io  0x03f6]: legacy IDE quirk
[    0.366134] pci 0000:00:01.1: BAR 2 [io  0x0170-0x0177]: legacy IDE quirk
[    0.368330] pci 0000:00:01.1: BAR 3 [io  0x0376]: legacy IDE quirk
[    0.369341] pci 0000:00:01.3: [8086:7113] type 00 class 0x068000 conventional PCI endpoint
[    0.370586] pci 0000:00:01.3: quirk: [io  0x0600-0x063f] claimed by PIIX4 ACPI
[    0.371334] pci 0000:00:01.3: quirk: [io  0x0700-0x070f] claimed by PIIX4 SMB
[    0.372530] pci 0000:00:02.0: [1af4:1009] type 00 class 0x000200 conventional PCI endpoint
[    0.375330] pci 0000:00:02.0: BAR 0 [io  0xc000-0xc03f]
[    0.377015] pci 0000:00:02.0: BAR 1 [mem 0xfebfd000-0xfebfdfff]
[    0.381982] pci 0000:00:02.0: BAR 4 [mem 0xfebf4000-0xfebf7fff 64bit pref]
[    0.385533] pci 0000:00:03.0: [1af4:1009] type 00 class 0x000200 conventional PCI endpoint
[    0.387331] pci 0000:00:03.0: BAR 0 [io  0xc040-0xc07f]
[    0.390840] pci 0000:00:03.0: BAR 1 [mem 0xfebfe000-0xfebfefff]
[    0.395331] pci 0000:00:03.0: BAR 4 [mem 0xfebf8000-0xfebfbfff 64bit pref]
[    0.399112] pci 0000:00:04.0: [8086:25ab] type 00 class 0x088000 conventional PCI endpoint
[    0.400842] pci 0000:00:04.0: BAR 0 [mem 0xfebff000-0xfebff00f]
[    0.406321] ACPI: PCI: Interrupt link LNKA configured for IRQ 10
[    0.407499] ACPI: PCI: Interrupt link LNKB configured for IRQ 10
[    0.408411] ACPI: PCI: Interrupt link LNKC configured for IRQ 11
[    0.409356] ACPI: PCI: Interrupt link LNKD configured for IRQ 11
[    0.410242] ACPI: PCI: Interrupt link LNKS configured for IRQ 9
[    0.414188] iommu: Default domain type: Translated
[    0.414331] iommu: DMA domain TLB invalidation policy: lazy mode
[    0.415407] SCSI subsystem initialized
[    0.416423] pps_core: LinuxPPS API ver. 1 registered
[    0.417332] pps_core: Software ver. 5.3.6 - Copyright 2005-2007 Rodolfo Giometti <giometti@linux.it>
[    0.418338] PTP clock support registered
[    0.419423] Advanced Linux Sound Architecture Driver Initialized.
[    0.421022] NET: Registered PF_ATMPVC protocol family
[    0.422332] NET: Registered PF_ATMSVC protocol family
[    0.423173] PCI: Using ACPI for IRQ routing
[    0.424353] vgaarb: loaded
[    0.424841] hpet0: at MMIO 0xfed00000, IRQs 2, 8, 0
[    0.425333] hpet0: 3 comparators, 64-bit 100.000000 MHz counter
[    0.432514] clocksource: Switched to clocksource kvm-clock
[    0.434125] VFS: Disk quotas dquot_6.6.0
[    0.434802] VFS: Dquot-cache hash table entries: 512 (order 0, 4096 bytes)
[    0.436114] pnp: PnP ACPI init
[    0.437311] pnp: PnP ACPI: found 5 devices
[    0.446536] Callback from call_rcu_tasks() invoked.
[    0.448131] clocksource: acpi_pm: mask: 0xffffff max_cycles: 0xffffff, max_idle_ns: 2085701024 ns
[    0.449695] NET: Registered PF_INET protocol family
[    0.450598] IP idents hash table entries: 16384 (order: 5, 131072 bytes, linear)
[    0.452190] tcp_listen_portaddr_hash hash table entries: 512 (order: 3, 36864 bytes, linear)
[    0.453615] Table-perturb hash table entries: 65536 (order: 6, 262144 bytes, linear)
[    0.454956] TCP established hash table entries: 8192 (order: 4, 65536 bytes, linear)
[    0.456295] TCP bind hash table entries: 8192 (order: 8, 1179648 bytes, linear)
[    0.457985] TCP: Hash tables configured (established 8192 bind 8192)
[    0.459146] UDP hash table entries: 512 (order: 4, 81920 bytes, linear)
[    0.460056] UDP-Lite hash table entries: 512 (order: 4, 81920 bytes, linear)
[    0.461135] NET: Registered PF_UNIX/PF_LOCAL protocol family
[    0.461897] pci_bus 0000:00: resource 4 [io  0x0000-0x0cf7 window]
[    0.462716] pci_bus 0000:00: resource 5 [io  0x0d00-0xffff window]
[    0.463530] pci_bus 0000:00: resource 6 [mem 0x000a0000-0x000bffff window]
[    0.464425] pci_bus 0000:00: resource 7 [mem 0x40000000-0xfebfffff window]
[    0.465434] pci_bus 0000:00: resource 8 [mem 0x100000000-0x17fffffff window]
[    0.466692] pci 0000:00:01.0: PIIX3: Enabling Passive Release
[    0.467538] pci 0000:00:00.0: Limiting direct PCI/PCI transfers
[    0.468345] PCI: CLS 0 bytes, default 64
[    0.468919] kvm_intel: VMX not supported by CPU 2
[    0.469885] kvm_amd: TSC scaling supported
[    0.470435] kvm_amd: Nested Virtualization enabled
[    0.471083] kvm_amd: Nested Paging enabled
[    0.471644] kvm_amd: Virtual VMLOAD VMSAVE supported
[    0.472297] kvm_amd: Virtual GIF supported
[    0.472834] kvm_amd: Virtual NMI enabled
[    0.473348] kvm_amd: LBR virtualization supported
[    0.571177] workingset: timestamp_bits=56 max_order=18 bucket_order=0
[    0.572144] squashfs: version 4.0 (2009/01/31) Phillip Lougher
[    0.572922] fuse: init (API version 7.39)
[    0.573534] 9p: Installing v9fs 9p2000 file system support
[    0.574335] Key type asymmetric registered
[    0.574898] Block layer SCSI generic (bsg) driver version 0.4 loaded (major 249)
[    0.575915] io scheduler mq-deadline registered
[    0.576509] io scheduler kyber registered
[    0.578363] input: Power Button as /devices/LNXSYSTM:00/LNXPWRBN:00/input/input0
[    0.579556] ACPI: button: Power Button [PWRF]
[    0.580217] Warning: Processor Platform Limit event detected, but not handled.
[    0.581156] Consider compiling CPUfreq support into your kernel.
[    0.653942] ACPI: \_SB_.LNKB: Enabled at IRQ 10
[    0.725804] ACPI: \_SB_.LNKC: Enabled at IRQ 11
[    0.727306] Serial: 8250/16550 driver, 4 ports, IRQ sharing enabled
[    0.728535] 00:03: ttyS0 at I/O 0x3f8 (irq = 4, base_baud = 115200) is a 16550A
[    0.730590] Non-volatile memory driver v1.3
[    0.731139] Linux agpgart interface v0.103
[    0.731835] ACPI: bus type drm_connector registered
[    0.745704] loop: module loaded
[    0.747526] scsi host0: ata_piix
[    0.748421] scsi host1: ata_piix
[    0.749053] ata1: PATA max MWDMA2 cmd 0x1f0 ctl 0x3f6 bmdma 0xc080 irq 14 lpm-pol 0
[    0.750054] ata2: PATA max MWDMA2 cmd 0x170 ctl 0x376 bmdma 0xc088 irq 15 lpm-pol 0
[    0.751927] i8042: PNP: PS/2 Controller [PNP0303:KBD,PNP0f13:MOU] at 0x60,0x64 irq 1,12
[    0.753670] serio: i8042 KBD port at 0x60,0x64 irq 1
[    0.754349] serio: i8042 AUX port at 0x60,0x64 irq 12
[    0.755594] rtc_cmos 00:04: RTC can wake from S4
[    0.756667] input: AT Translated Set 2 keyboard as /devices/platform/i8042/serio0/input/input1
[    0.758407] rtc_cmos 00:04: registered as rtc0
[    0.759054] rtc_cmos 00:04: setting system clock to 2024-02-11T03:07:46 UTC (1707620866)
[    0.760241] rtc_cmos 00:04: alarms up to one day, y3k, 242 bytes nvram, hpet irqs
[    0.762104] i6300ESB timer 0000:00:04.0: initialized. heartbeat=30 sec (nowayout=0)
[    0.763261] device-mapper: ioctl: 4.48.0-ioctl (2023-03-01) initialised: dm-devel@redhat.com
[    0.765187] NET: Registered PF_PACKET protocol family
[    0.765864] 9pnet: Installing 9P2000 support
[    0.767464] Key type dns_resolver registered
[    0.769029] input: ImExPS/2 Generic Explorer Mouse as /devices/platform/i8042/serio1/input/input3
[    0.773074] IPI shorthand broadcast: enabled
[    0.781466] sched_clock: Marking stable (772002513, 8480291)->(798311748, -17828944)
[    0.782779] registered taskstats version 1
[    0.788056] PM:   Magic number: 12:181:108
[    0.788700] printk: legacy console [netcon0] enabled
[    0.789341] netconsole: network logging started
[    0.790118] ALSA device list:
[    0.790612]   No soundcards found.
[    0.909678] ata2: found unknown device (class 0)
[    0.911031] ata2.00: ATAPI: QEMU DVD-ROM, 2.5+, max UDMA/100
[    0.913209] scsi 1:0:0:0: CD-ROM            QEMU     QEMU DVD-ROM     2.5+ PQ: 0 ANSI: 5
[    0.921188] scsi 1:0:0:0: Attached scsi generic sg0 type 5
[    0.921963] md: Skipping autodetection of RAID arrays. (raid=autodetect will force)
[    0.922892] 9pnet_virtio: no channels available for device 
[    0.924164] VFS: Mounted root (9p filesystem) readonly on device 0:19.
[    0.925144] devtmpfs: mounted
[    0.927059] Freeing unused kernel image (initmem) memory: 3156K
[    0.935507] Write protecting the kernel read-only data: 22528k
[    0.936597] Freeing unused kernel image (rodata/data gap) memory: 72K
[    0.966689] x86/mm: Checked W+X mappings: passed, no W+X pages found.
[    0.967432] Run /usr/lib/python3.11/site-packages/virtme/guest/virtme-init as init process
[    0.995989] mount (267) used greatest stack depth: 12984 bytes left
[    1.072561] mount (285) used greatest stack depth: 12584 bytes left
[    1.128645] virtme-init (324) used greatest stack depth: 12568 bytes left
[    1.165345] virtme-init: basic initialization done
[    1.170815] virtme-init: udevd not found
[    1.187785] modprobe (344) used greatest stack depth: 12440 bytes left
[    1.228979] virtme-init: Setting hostname to virtme-ng...
[    1.241775] ip (358) used greatest stack depth: 12056 bytes left
          _      _                                    
   __   _(_)_ __| |_ _ __ ___   ___       _ __   __ _ 
   \ \ / / |  __| __|  _   _ \ / _ \_____|  _ \ / _  |
    \ V /| | |  | |_| | | | | |  __/_____| | | | (_| |
     \_/ |_|_|   \__|_| |_| |_|\___|     |_| |_|\__  |
                                                |___/ 
   kernel version: 6.8.0-rc3-virtme x86_64

virtme-ng:/nipa-data/kernel# PS1='xx__-> '
xx__-> env
PWD=/nipa-data/kernel
HOME=/
TERM=xterm
SHLVL=2
XDG_RUNTIME_DIR=/run/user/0
PATH=/bin:/sbin:/usr/bin:/usr/sbin:/usr/local/bin
OLDPWD=/
_=/usr/bin/env
xx__-> 