No EFI environment detected.
early console in extract_kernel
input_data: 0x0000000002be62c4
input_len: 0x0000000000b6dbc9
output: 0x0000000001000000
output_len: 0x000000000270bd14
kernel_total_size: 0x0000000002430000
needed_size: 0x0000000002800000
trampoline_32bit: 0x0000000000000000
Physical KASLR using RDRAND RDTSC...
Virtual KASLR using RDRAND RDTSC...

Decompressing Linux... Parsing ELF... Performing relocations... done.
Booting the kernel (entry_offset: 0x0000000000000000).
[    0.000000] Linux version 6.12.0-rc2-virtme (root@cc4ff0836d5f) (gcc (Ubuntu 13.2.0-23ubuntu4) 13.2.0, GNU ld (GNU Binutils for Ubuntu) 2.42) #1 SMP PREEMPT_DYNAMIC Sat Oct 12 18:05:59 UTC 2024
[    0.000000] Command line: virtme_hostname=virtme-ng nr_open=1048576 virtme_link_mods=/nipa-data/kernel/.virtme_mods/lib/modules/0.0.0 virtme_initmount0=nipa-data/kernel virtme_rw_overlay0=/etc virtme_rw_overlay1=/lib virtme_rw_overlay2=/home virtme_rw_overlay3=/opt virtme_rw_overlay4=/srv virtme_rw_overlay5=/usr virtme_rw_overlay6=/var console=hvc0 earlyprintk=serial,ttyS0,115200 virtme_console=ttyS0 psmouse.proto=exps TERM=xterm virtme_chdir=nipa-data/kernel virtme_root_user=1 rootfstype=9p rootflags=version=9p2000.L,trans=virtio,access=any raid=noautodetect ro init=/usr/lib/python3/dist-packages/virtme/guest/virtme-init
[    0.000000] BIOS-provided physical RAM map:
[    0.000000] BIOS-e820: [mem 0x0000000000000000-0x000000000009fbff] usable
[    0.000000] BIOS-e820: [mem 0x000000000009fc00-0x000000000009ffff] reserved
[    0.000000] BIOS-e820: [mem 0x00000000000f0000-0x00000000000fffff] reserved
[    0.000000] BIOS-e820: [mem 0x0000000000100000-0x000000003ffdffff] usable
[    0.000000] BIOS-e820: [mem 0x000000003ffe0000-0x000000003fffffff] reserved
[    0.000000] BIOS-e820: [mem 0x00000000feffc000-0x00000000feffffff] reserved
[    0.000000] BIOS-e820: [mem 0x00000000fffc0000-0x00000000ffffffff] reserved
[    0.000000] BIOS-e820: [mem 0x000000fd00000000-0x000000ffffffffff] reserved
[    0.000000] printk: legacy bootconsole [earlyser0] enabled
[    0.000000] NX (Execute Disable) protection: active
[    0.000000] APIC: Static calls initialized
[    0.000000] SMBIOS 3.0.0 present.
[    0.000000] DMI: QEMU Ubuntu 24.04 PC (i440FX + PIIX, 1996), BIOS 1.16.3-debian-1.16.3-2 04/01/2014
[    0.000000] DMI: Memory slots populated: 1/1
[    0.000000] Hypervisor detected: KVM
[    0.000000] kvm-clock: Using msrs 4b564d01 and 4b564d00
[    0.000000] kvm-clock: using sched offset of 237521587 cycles
[    0.000352] clocksource: kvm-clock: mask: 0xffffffffffffffff max_cycles: 0x1cd42e4dffb, max_idle_ns: 881590591483 ns
[    0.001446] tsc: Detected 4491.560 MHz processor
[    0.002014] last_pfn = 0x3ffe0 max_arch_pfn = 0x400000000
[    0.002401] MTRR map: 4 entries (3 fixed + 1 variable; max 19), built from 8 variable MTRRs
[    0.002963] x86/PAT: Configuration [0-7]: WB  WC  UC- UC  WB  WP  UC- WT  
Memory KASLR using RDRAND RDTSC...
[    0.004909] found SMP MP-table at [mem 0x000f5470-0x000f547f]
[    0.005298] Using GB pages for direct mapping
[    0.005617] ACPI: Early table checksum verification disabled
[    0.005997] ACPI: RSDP 0x00000000000F5290 000014 (v00 BOCHS )
[    0.006389] ACPI: RSDT 0x000000003FFE27BC 000034 (v01 BOCHS  BXPC     00000001 BXPC 00000001)
[    0.006960] ACPI: FACP 0x000000003FFE2578 000074 (v01 BOCHS  BXPC     00000001 BXPC 00000001)
[    0.007575] ACPI: DSDT 0x000000003FFE0040 002538 (v01 BOCHS  BXPC     00000001 BXPC 00000001)
[    0.008148] ACPI: FACS 0x000000003FFE0000 000040
[    0.008458] ACPI: APIC 0x000000003FFE25EC 000170 (v03 BOCHS  BXPC     00000001 BXPC 00000001)
[    0.009030] ACPI: HPET 0x000000003FFE275C 000038 (v01 BOCHS  BXPC     00000001 BXPC 00000001)
[    0.009603] ACPI: WAET 0x000000003FFE2794 000028 (v01 BOCHS  BXPC     00000001 BXPC 00000001)
[    0.010175] ACPI: Reserving FACP table memory at [mem 0x3ffe2578-0x3ffe25eb]
[    0.010648] ACPI: Reserving DSDT table memory at [mem 0x3ffe0040-0x3ffe2577]
[    0.011125] ACPI: Reserving FACS table memory at [mem 0x3ffe0000-0x3ffe003f]
[    0.011597] ACPI: Reserving APIC table memory at [mem 0x3ffe25ec-0x3ffe275b]
[    0.012069] ACPI: Reserving HPET table memory at [mem 0x3ffe275c-0x3ffe2793]
[    0.012541] ACPI: Reserving WAET table memory at [mem 0x3ffe2794-0x3ffe27bb]
[    0.013145] No NUMA configuration found
[    0.013402] Faking a node at [mem 0x0000000000000000-0x000000003ffdffff]
[    0.013853] NODE_DATA(0) allocated [mem 0x3ffdb780-0x3ffdffff]
[    0.014253] Zone ranges:
[    0.014423]   DMA      [mem 0x0000000000001000-0x0000000000ffffff]
[    0.014838]   DMA32    [mem 0x0000000001000000-0x000000003ffdffff]
[    0.015256]   Normal   empty
[    0.015449]   Device   empty
[    0.015642] Movable zone start for each node
[    0.015928] Early memory node ranges
[    0.016168]   node   0: [mem 0x0000000000001000-0x000000000009efff]
[    0.016592]   node   0: [mem 0x0000000000100000-0x000000003ffdffff]
[    0.017010] Initmem setup node 0 [mem 0x0000000000001000-0x000000003ffdffff]
[    0.017483] On node 0, zone DMA: 1 pages in unavailable ranges
[    0.017914] On node 0, zone DMA: 97 pages in unavailable ranges
[    0.019511] On node 0, zone DMA32: 32 pages in unavailable ranges
[    0.020104] ACPI: PM-Timer IO Port: 0x608
[    0.020380] ACPI: LAPIC_NMI (acpi_id[0xff] dfl dfl lint[0x1])
[    0.020780] IOAPIC[0]: apic_id 0, version 17, address 0xfec00000, GSI 0-23
[    0.021243] ACPI: INT_SRC_OVR (bus 0 bus_irq 0 global_irq 2 dfl dfl)
[    0.021670] ACPI: INT_SRC_OVR (bus 0 bus_irq 5 global_irq 5 high level)
[    0.022114] ACPI: INT_SRC_OVR (bus 0 bus_irq 9 global_irq 9 high level)
[    0.022562] ACPI: INT_SRC_OVR (bus 0 bus_irq 10 global_irq 10 high level)
[    0.023016] ACPI: INT_SRC_OVR (bus 0 bus_irq 11 global_irq 11 high level)
[    0.023473] ACPI: Using ACPI (MADT) for SMP configuration information
[    0.023903] ACPI: HPET id: 0x8086a201 base: 0xfed00000
[    0.024247] TSC deadline timer available
[    0.024511] CPU topo: Max. logical packages:   1
[    0.024820] CPU topo: Max. logical dies:       1
[    0.025128] CPU topo: Max. dies per package:   1
[    0.025438] CPU topo: Max. threads per core:   1
[    0.025747] CPU topo: Num. cores per package:    32
[    0.026072] CPU topo: Num. threads per package:  32
[    0.026398] CPU topo: Allowing 32 present CPUs plus 0 hotplug CPUs
[    0.026816] kvm-guest: APIC: eoi() replaced with kvm_guest_apic_eoi_write()
[    0.027291] kvm-guest: KVM setup pv remote TLB flush
[    0.027623] kvm-guest: setup PV sched yield
[    0.027905] PM: hibernation: Registered nosave memory: [mem 0x00000000-0x00000fff]
[    0.028411] PM: hibernation: Registered nosave memory: [mem 0x0009f000-0x0009ffff]
[    0.028917] PM: hibernation: Registered nosave memory: [mem 0x000a0000-0x000effff]
[    0.029422] PM: hibernation: Registered nosave memory: [mem 0x000f0000-0x000fffff]
[    0.029928] [mem 0x40000000-0xfeffbfff] available for PCI devices
[    0.030335] Booting paravirtualized kernel on KVM
[    0.030650] clocksource: refined-jiffies: mask: 0xffffffff max_cycles: 0xffffffff, max_idle_ns: 1910969940391419 ns
[    0.034099] setup_percpu: NR_CPUS:64 nr_cpumask_bits:32 nr_cpu_ids:32 nr_node_ids:1
[    0.035200] percpu: Embedded 58 pages/cpu s199128 r8192 d30248 u262144
[    0.035673] Kernel command line: virtme_hostname=virtme-ng nr_open=1048576 virtme_link_mods=/nipa-data/kernel/.virtme_mods/lib/modules/0.0.0 virtme_initmount0=nipa-data/kernel virtme_rw_overlay0=/etc virtme_rw_overlay1=/lib virtme_rw_overlay2=/home virtme_rw_overlay3=/opt virtme_rw_overlay4=/srv virtme_rw_overlay5=/usr virtme_rw_overlay6=/var console=hvc0 earlyprintk=serial,ttyS0,115200 virtme_console=ttyS0 psmouse.proto=exps TERM=xterm virtme_chdir=nipa-data/kernel virtme_root_user=1 rootfstype=9p rootflags=version=9p2000.L,trans=virtio,access=any raid=noautodetect ro init=/usr/lib/python3/dist-packages/virtme/guest/virtme-init
[    0.039581] Unknown kernel command line parameters "virtme_hostname=virtme-ng nr_open=1048576 virtme_link_mods=/nipa-data/kernel/.virtme_mods/lib/modules/0.0.0 virtme_initmount0=nipa-data/kernel virtme_rw_overlay0=/etc virtme_rw_overlay1=/lib virtme_rw_overlay2=/home virtme_rw_overlay3=/opt virtme_rw_overlay4=/srv virtme_rw_overlay5=/usr virtme_rw_overlay6=/var virtme_console=ttyS0 virtme_chdir=nipa-data/kernel virtme_root_user=1", will be passed to user space.
[    0.042581] random: crng init done
[    0.042841] Dentry cache hash table entries: 131072 (order: 8, 1048576 bytes, linear)
[    0.043400] Inode-cache hash table entries: 65536 (order: 7, 524288 bytes, linear)
[    0.044004] Fallback order for Node 0: 0 
[    0.044007] Built 1 zonelists, mobility grouping on.  Total pages: 262014
[    0.044751] Policy zone: DMA32
[    0.044961] mem auto-init: stack:all(zero), heap alloc:off, heap free:off
[    0.045985] SLUB: HWalign=64, Order=0-3, MinObjects=0, CPUs=32, Nodes=1
Poking KASLR using RDRAND RDTSC...
[    0.046674] ftrace: allocating 48477 entries in 190 pages
[    0.053552] ftrace: allocated 190 pages with 6 groups
[    0.054457] Dynamic Preempt: voluntary
[    0.054836] rcu: Preemptible hierarchical RCU implementation.
[    0.055232] rcu: RCU event tracing is enabled.
[    0.055540] rcu: RCU restricting CPUs from NR_CPUS=64 to nr_cpu_ids=32.
[    0.055998] Trampoline variant of Tasks RCU enabled.
[    0.056342] Rude variant of Tasks RCU enabled.
[    0.056656] Tracing variant of Tasks RCU enabled.
[    0.056984] rcu: RCU calculated value of scheduler-enlistment delay is 100 jiffies.
[    0.057508] rcu: Adjusting geometry for rcu_fanout_leaf=16, nr_cpu_ids=32
[    0.057979] RCU Tasks: Setting shift to 5 and lim to 1 rcu_task_cb_adjust=1 rcu_task_cpu_ids=32.
[    0.058582] RCU Tasks Rude: Setting shift to 5 and lim to 1 rcu_task_cb_adjust=1 rcu_task_cpu_ids=32.
[    0.059216] RCU Tasks Trace: Setting shift to 5 and lim to 1 rcu_task_cb_adjust=1 rcu_task_cpu_ids=32.
[    0.061245] NR_IRQS: 4352, nr_irqs: 680, preallocated irqs: 16
[    0.061808] rcu: srcu_init: Setting srcu_struct sizes based on contention.
[    0.062410] Console: colour *CGA 80x25
[    0.062678] ACPI: Core revision 20240827
[    0.063009] clocksource: hpet: mask: 0xffffffff max_cycles: 0xffffffff, max_idle_ns: 19112604467 ns
[    0.063690] APIC: Switch to symmetric I/O mode setup
[    0.064045] kvm-guest: APIC: send_IPI_mask() replaced with kvm_send_ipi_mask()
[    0.064539] kvm-guest: APIC: send_IPI_mask_allbutself() replaced with kvm_send_ipi_mask_allbutself()
[    0.065146] kvm-guest: setup PV IPIs
[    0.066131] ..TIMER: vector=0x30 apic1=0 pin1=2 apic2=-1 pin2=-1
[    0.066891] clocksource: tsc-early: mask: 0xffffffffffffffff max_cycles: 0x40be4320a4d, max_idle_ns: 440795288133 ns
[    0.068203] Calibrating delay loop (skipped) preset value.. 8983.12 BogoMIPS (lpj=4491560)
[    0.069262] x86/cpu: User Mode Instruction Prevention (UMIP) activated
[    0.070249] Last level iTLB entries: 4KB 512, 2MB 255, 4MB 127
[    0.071202] Last level dTLB entries: 4KB 512, 2MB 255, 4MB 127, 1GB 0
[    0.071997] Spectre V1 : Mitigation: usercopy/swapgs barriers and __user pointer sanitization
[    0.072205] Spectre V2 : Mitigation: Enhanced / Automatic IBRS
[    0.072918] Spectre V2 : Spectre v2 / SpectreRSB mitigation: Filling RSB on context switch
[    0.073203] Spectre V2 : mitigation: Enabling conditional Indirect Branch Prediction Barrier
[    0.074203] Speculative Store Bypass: Mitigation: Speculative Store Bypass disabled via prctl
[    0.075202] Speculative Return Stack Overflow: IBPB-extending microcode not applied!
[    0.076202] Speculative Return Stack Overflow: WARNING: See https://kernel.org/doc/html/latest/admin-guide/hw-vuln/srso.html for mitigation options.
[    0.076202] Speculative Return Stack Overflow: Vulnerable: Safe RET, no microcode
[    0.078216] x86/fpu: Supporting XSAVE feature 0x001: 'x87 floating point registers'
[    0.079202] x86/fpu: Supporting XSAVE feature 0x002: 'SSE registers'
[    0.080202] x86/fpu: Supporting XSAVE feature 0x004: 'AVX registers'
[    0.080967] x86/fpu: Supporting XSAVE feature 0x020: 'AVX-512 opmask'
[    0.081202] x86/fpu: Supporting XSAVE feature 0x040: 'AVX-512 Hi256'
[    0.082202] x86/fpu: Supporting XSAVE feature 0x080: 'AVX-512 ZMM_Hi256'
[    0.083202] x86/fpu: Supporting XSAVE feature 0x200: 'Protection Keys User registers'
[    0.084202] x86/fpu: xstate_offset[2]:  576, xstate_sizes[2]:  256
[    0.085202] x86/fpu: xstate_offset[5]:  832, xstate_sizes[5]:   64
[    0.085950] x86/fpu: xstate_offset[6]:  896, xstate_sizes[6]:  512
[    0.086202] x86/fpu: xstate_offset[7]: 1408, xstate_sizes[7]: 1024
[    0.087202] x86/fpu: xstate_offset[9]: 2432, xstate_sizes[9]:    8
[    0.088202] x86/fpu: Enabled xstate features 0x2e7, context size is 2440 bytes, using 'compacted' format.
[    0.103163] Freeing SMP alternatives memory: 40K
[    0.103203] pid_max: default: 32768 minimum: 301
[    0.104226] Mount-cache hash table entries: 2048 (order: 2, 16384 bytes, linear)
[    0.105203] Mountpoint-cache hash table entries: 2048 (order: 2, 16384 bytes, linear)
[    0.106336] smpboot: CPU0: AMD Ryzen 9 7950X 16-Core Processor (family: 0x19, model: 0x61, stepping: 0x2)
[    0.107313] Performance Events: Fam17h+ core perfctr, AMD PMU driver.
[    0.108111] ... version:                0
[    0.108204] ... bit width:              48
[    0.108697] ... generic registers:      6
[    0.109185] ... value mask:             0000ffffffffffff
[    0.109203] ... max period:             00007fffffffffff
[    0.109843] ... fixed-purpose events:   0
[    0.110203] ... event mask:             000000000000003f
[    0.110921] signal: max sigframe size: 3376
[    0.111218] rcu: Hierarchical SRCU implementation.
[    0.111795] rcu: Max phase no-delay instances is 400.
[    0.112224] Timer migration: 2 hierarchy levels; 8 children per group; 2 crossnode level
[    0.115265] smp: Bringing up secondary CPUs ...
[    0.115866] smpboot: x86: Booting SMP configuration:
[    0.116205] .... node  #0, CPUs:        #1  #2  #3  #4  #5  #6  #7  #8  #9 #10 #11 #12 #13 #14 #15 #16 #17 #18 #19 #20 #21 #22 #23 #24 #25 #26 #27 #28 #29 #30 #31
[    0.131299] smp: Brought up 1 node, 32 CPUs
[    0.132711] smpboot: Total of 32 processors activated (287459.84 BogoMIPS)
[    0.135220] Memory: 970444K/1048056K available (16384K kernel code, 2449K rwdata, 6284K rodata, 3128K init, 1860K bss, 63188K reserved, 0K cma-reserved)
[    0.136313] devtmpfs: initialized
[    0.136631] x86/mm: Memory block size: 128MB
[    0.137894] clocksource: jiffies: mask: 0xffffffff max_cycles: 0xffffffff, max_idle_ns: 1911260446275000 ns
[    0.138209] futex hash table entries: 8192 (order: 7, 524288 bytes, linear)
[    0.139117] PM: RTC time: 18:06:19, date: 2024-10-12
[    0.139515] NET: Registered PF_NETLINK/PF_ROUTE protocol family
[    0.140320] thermal_sys: Registered thermal governor 'step_wise'
[    0.140322] thermal_sys: Registered thermal governor 'user_space'
[    0.141065] cpuidle: using governor menu
[    0.142389] PCI: Using configuration type 1 for base access
[    0.143209] PCI: Using configuration type 1 for extended access
[    0.144000] kprobes: kprobe jump-optimization is enabled. All kprobes are optimized if possible.
[    0.151333] HugeTLB: registered 1.00 GiB page size, pre-allocated 0 pages
[    0.152194] HugeTLB: 16380 KiB vmemmap can be freed for a 1.00 GiB page
[    0.153204] HugeTLB: registered 2.00 MiB page size, pre-allocated 0 pages
[    0.154048] HugeTLB: 28 KiB vmemmap can be freed for a 2.00 MiB page
[    0.154325] ACPI: Added _OSI(Module Device)
[    0.154847] ACPI: Added _OSI(Processor Device)
[    0.156204] ACPI: Added _OSI(3.0 _SCP Extensions)
[    0.156786] ACPI: Added _OSI(Processor Aggregator Device)
[    0.157864] ACPI: 1 ACPI AML tables successfully acquired and loaded
[    0.160348] ACPI: Interpreter enabled
[    0.160817] ACPI: PM: (supports S0 S3 S4 S5)
[    0.161204] ACPI: Using IOAPIC for interrupt routing
[    0.161830] PCI: Using host bridge windows from ACPI; if necessary, use "pci=nocrs" and report a bug
[    0.163203] PCI: Using E820 reservations for host bridge windows
[    0.164029] ACPI: Enabled 2 GPEs in block 00 to 0F
[    0.166691] ACPI: PCI Root Bridge [PCI0] (domain 0000 [bus 00-ff])
[    0.167206] acpi PNP0A03:00: _OSC: OS supports [ExtendedConfig ASPM ClockPM Segments MSI HPX-Type3]
[    0.168293] PCI host bridge to bus 0000:00
[    0.168802] pci_bus 0000:00: root bus resource [io  0x0000-0x0cf7 window]
[    0.170204] pci_bus 0000:00: root bus resource [io  0x0d00-0xffff window]
[    0.171043] pci_bus 0000:00: root bus resource [mem 0x000a0000-0x000bffff window]
[    0.172204] pci_bus 0000:00: root bus resource [mem 0x40000000-0xfebfffff window]
[    0.173129] pci_bus 0000:00: root bus resource [mem 0x100000000-0x17fffffff window]
[    0.173204] pci_bus 0000:00: root bus resource [bus 00-ff]
[    0.173961] pci 0000:00:00.0: [8086:1237] type 00 class 0x060000 conventional PCI endpoint
[    0.175441] pci 0000:00:01.0: [8086:7000] type 00 class 0x060100 conventional PCI endpoint
[    0.176505] pci 0000:00:01.1: [8086:7010] type 00 class 0x010180 conventional PCI endpoint
[    0.179868] pci 0000:00:01.1: BAR 4 [io  0xc0c0-0xc0cf]
[    0.180506] pci 0000:00:01.1: BAR 0 [io  0x01f0-0x01f7]: legacy IDE quirk
[    0.182204] pci 0000:00:01.1: BAR 1 [io  0x03f6]: legacy IDE quirk
[    0.182964] pci 0000:00:01.1: BAR 2 [io  0x0170-0x0177]: legacy IDE quirk
[    0.183203] pci 0000:00:01.1: BAR 3 [io  0x0376]: legacy IDE quirk
[    0.184053] pci 0000:00:01.3: [8086:7113] type 00 class 0x068000 conventional PCI endpoint
[    0.185436] pci 0000:00:01.3: quirk: [io  0x0600-0x063f] claimed by PIIX4 ACPI
[    0.186207] pci 0000:00:01.3: quirk: [io  0x0700-0x070f] claimed by PIIX4 SMB
[    0.187238] pci 0000:00:02.0: [1af4:1009] type 00 class 0x000200 conventional PCI endpoint
[    0.188599] pci 0000:00:02.0: BAR 0 [io  0xc000-0xc03f]
[    0.190164] pci 0000:00:02.0: BAR 1 [mem 0xfebfc000-0xfebfcfff]
[    0.192204] pci 0000:00:02.0: BAR 4 [mem 0xfebf0000-0xfebf3fff 64bit pref]
[    0.195287] pci 0000:00:03.0: [1af4:1009] type 00 class 0x000200 conventional PCI endpoint
[    0.197174] pci 0000:00:03.0: BAR 0 [io  0xc040-0xc07f]
[    0.198076] pci 0000:00:03.0: BAR 1 [mem 0xfebfd000-0xfebfdfff]
[    0.201204] pci 0000:00:03.0: BAR 4 [mem 0xfebf4000-0xfebf7fff 64bit pref]
[    0.202839] pci 0000:00:04.0: [8086:25ab] type 00 class 0x088000 conventional PCI endpoint
[    0.204349] pci 0000:00:04.0: BAR 0 [mem 0xfebfe000-0xfebfe00f]
[    0.206160] pci 0000:00:05.0: [1af4:1003] type 00 class 0x078000 conventional PCI endpoint
[    0.207632] pci 0000:00:05.0: BAR 0 [io  0xc080-0xc0bf]
[    0.208571] pci 0000:00:05.0: BAR 1 [mem 0xfebff000-0xfebfffff]
[    0.211666] pci 0000:00:05.0: BAR 4 [mem 0xfebf8000-0xfebfbfff 64bit pref]
[    0.213144] ACPI: PCI: Interrupt link LNKA configured for IRQ 10
[    0.214308] ACPI: PCI: Interrupt link LNKB configured for IRQ 10
[    0.215146] ACPI: PCI: Interrupt link LNKC configured for IRQ 11
[    0.216296] ACPI: PCI: Interrupt link LNKD configured for IRQ 11
[    0.217108] ACPI: PCI: Interrupt link LNKS configured for IRQ 9
[    0.218010] iommu: Default domain type: Translated
[    0.219204] iommu: DMA domain TLB invalidation policy: lazy mode
[    0.219994] SCSI subsystem initialized
[    0.220233] pps_core: LinuxPPS API ver. 1 registered
[    0.220852] pps_core: Software ver. 5.3.6 - Copyright 2005-2007 Rodolfo Giometti <giometti@linux.it>
[    0.222206] PTP clock support registered
[    0.222700] Advanced Linux Sound Architecture Driver Initialized.
[    0.223465] NET: Registered PF_ATMPVC protocol family
[    0.224091] NET: Registered PF_ATMSVC protocol family
[    0.225209] PCI: Using ACPI for IRQ routing
[    0.225813] vgaarb: loaded
[    0.226220] hpet0: at MMIO 0xfed00000, IRQs 2, 8, 0
[    0.226822] hpet0: 3 comparators, 64-bit 100.000000 MHz counter
[    0.232349] clocksource: Switched to clocksource kvm-clock
[    0.233135] VFS: Disk quotas dquot_6.6.0
[    0.233500] VFS: Dquot-cache hash table entries: 512 (order 0, 4096 bytes)
[    0.235011] pnp: PnP ACPI init
[    0.235568] pnp: PnP ACPI: found 5 devices
[    0.241352] clocksource: acpi_pm: mask: 0xffffff max_cycles: 0xffffff, max_idle_ns: 2085701024 ns
[    0.242462] NET: Registered PF_INET protocol family
[    0.243077] IP idents hash table entries: 16384 (order: 5, 131072 bytes, linear)
[    0.244132] tcp_listen_portaddr_hash hash table entries: 512 (order: 1, 8192 bytes, linear)
[    0.245169] Table-perturb hash table entries: 65536 (order: 6, 262144 bytes, linear)
[    0.246128] TCP established hash table entries: 8192 (order: 4, 65536 bytes, linear)
[    0.247084] TCP bind hash table entries: 8192 (order: 6, 262144 bytes, linear)
[    0.247977] TCP: Hash tables configured (established 8192 bind 8192)
[    0.248773] UDP hash table entries: 512 (order: 2, 16384 bytes, linear)
[    0.249590] UDP-Lite hash table entries: 512 (order: 2, 16384 bytes, linear)
[    0.250480] NET: Registered PF_UNIX/PF_LOCAL protocol family
[    0.251182] pci_bus 0000:00: resource 4 [io  0x0000-0x0cf7 window]
[    0.251942] pci_bus 0000:00: resource 5 [io  0x0d00-0xffff window]
[    0.252704] pci_bus 0000:00: resource 6 [mem 0x000a0000-0x000bffff window]
[    0.253551] pci_bus 0000:00: resource 7 [mem 0x40000000-0xfebfffff window]
[    0.254396] pci_bus 0000:00: resource 8 [mem 0x100000000-0x17fffffff window]
[    0.255283] pci 0000:00:01.0: PIIX3: Enabling Passive Release
[    0.255994] pci 0000:00:00.0: Limiting direct PCI/PCI transfers
[    0.256753] PCI: CLS 0 bytes, default 64
[    0.257279] kvm_intel: VMX not supported by CPU 30
[    0.257875] kvm_amd: TSC scaling supported
[    0.258384] kvm_amd: Nested Virtualization enabled
[    0.258974] kvm_amd: Nested Paging enabled
[    0.259476] kvm_amd: LBR virtualization supported
[    0.260086] kvm_amd: Virtual VMLOAD VMSAVE supported
[    0.260696] kvm_amd: Virtual GIF supported
[    0.261209] kvm_amd: Virtual NMI enabled
[    0.287977] clocksource: tsc: mask: 0xffffffffffffffff max_cycles: 0x40be4320a4d, max_idle_ns: 440795288133 ns
[    0.294385] Initialise system trusted keyrings
[    0.295010] workingset: timestamp_bits=56 max_order=18 bucket_order=0
[    0.295830] squashfs: version 4.0 (2009/01/31) Phillip Lougher
[    0.296571] fuse: init (API version 7.41)
[    0.297209] 9p: Installing v9fs 9p2000 file system support
[    0.304166] Key type asymmetric registered
[    0.304680] Asymmetric key parser 'x509' registered
[    0.305298] Block layer SCSI generic (bsg) driver version 0.4 loaded (major 249)
[    0.306243] io scheduler mq-deadline registered
[    0.306805] io scheduler kyber registered
[    0.308959] input: Power Button as /devices/LNXSYSTM:00/LNXPWRBN:00/input/input0
[    0.309955] ACPI: button: Power Button [PWRF]
[    0.310934] Warning: Processor Platform Limit event detected, but not handled.
[    0.311843] Consider compiling CPUfreq support into your kernel.
[    0.329400] ACPI: \_SB_.LNKB: Enabled at IRQ 10
[    0.345305] ACPI: \_SB_.LNKC: Enabled at IRQ 11
[    0.361136] ACPI: \_SB_.LNKA: Enabled at IRQ 10
[    0.362230] Serial: 8250/16550 driver, 4 ports, IRQ sharing enabled
[    0.363118] 00:03: ttyS0 at I/O 0x3f8 (irq = 4, base_baud = 115200) is a 16550A
[    0.382695] Non-volatile memory driver v1.3
[    0.383252] Linux agpgart interface v0.103
[    0.383780] printk: legacy console [hvc0] enabled
[    0.384386] printk: legacy bootconsole [earlyser0] disabled
          _      _                                    
   __   _(_)_ __| |_ _ __ ___   ___       _ __   __ _ 
   \ \ / / |  __| __|  _   _ \ / _ \_____|  _ \ / _  |
    \ V /| | |  | |_| | | | | |  __/_____| | | | (_| |
     \_/ |_|_|   \__|_| |_| |_|\___|     |_| |_|\__  |
                                                |___/ 
   kernel version: 6.12.0-rc2-virtme x86_64
   (CTRL+d to exit)

root@virtme-ng:/nipa-data/kernel# PS1='xx__-> '
xx__-> env
PWD=/nipa-data/kernel
nr_open=1048576
HOME=/
TERM=xterm
SHLVL=2
XDG_RUNTIME_DIR=/run/user/0
PATH=/bin:/sbin:/usr/bin:/usr/sbin:/usr/local/bin
OLDPWD=/
_=/bin/env
xx__-> 