No EFI environment detected.
early console in extract_kernel
input_data: 0x0000000002be02c4
input_len: 0x0000000000b8f9e9
output: 0x0000000001000000
output_len: 0x0000000002728730
kernel_total_size: 0x0000000002430000
needed_size: 0x0000000002800000
trampoline_32bit: 0x0000000000000000
Physical KASLR using RDRAND RDTSC...
Virtual KASLR using RDRAND RDTSC...

Decompressing Linux... Parsing ELF... Performing relocations... done.
Booting the kernel (entry_offset: 0x0000000000000000).
[    0.000000] Linux version 6.13.0-virtme (root@4555614eef82) (gcc (Ubuntu 13.3.0-6ubuntu2~24.04) 13.3.0, GNU ld (GNU Binutils for Ubuntu) 2.42) #1 SMP PREEMPT_DYNAMIC Thu Jan 23 03:07:18 UTC 2025
[    0.000000] Command line: virtme_hostname=virtme-ng nr_open=1048576 virtme_link_mods=/nipa-data/kernel/.virtme_mods/lib/modules/0.0.0 virtme_initmount0=nipa-data/kernel virtme_rw_overlay0=/etc virtme_rw_overlay1=/lib virtme_rw_overlay2=/home virtme_rw_overlay3=/opt virtme_rw_overlay4=/srv virtme_rw_overlay5=/usr virtme_rw_overlay6=/var console=hvc0 earlyprintk=serial,ttyS0,115200 virtme_console=ttyS0 psmouse.proto=exps TERM=xterm virtme_chdir=nipa-data/kernel virtme_root_user=1 rootfstype=9p rootflags=version=9p2000.L,trans=virtio,access=any raid=noautodetect ro init=/usr/lib/python3/dist-packages/virtme/guest/virtme-init
[    0.000000] BIOS-provided physical RAM map:
[    0.000000] BIOS-e820: [mem 0x0000000000000000-0x000000000009fbff] usable
[    0.000000] BIOS-e820: [mem 0x000000000009fc00-0x000000000009ffff] reserved
[    0.000000] BIOS-e820: [mem 0x00000000000f0000-0x00000000000fffff] reserved
[    0.000000] BIOS-e820: [mem 0x0000000000100000-0x000000003ffdffff] usable
[    0.000000] BIOS-e820: [mem 0x000000003ffe0000-0x000000003fffffff] reserved
[    0.000000] BIOS-e820: [mem 0x00000000feffc000-0x00000000feffffff] reserved
[    0.000000] BIOS-e820: [mem 0x00000000fffc0000-0x00000000ffffffff] reserved
[    0.000000] BIOS-e820: [mem 0x000000fd00000000-0x000000ffffffffff] reserved
[    0.000000] printk: legacy bootconsole [earlyser0] enabled
[    0.000000] NX (Execute Disable) protection: active
[    0.000000] APIC: Static calls initialized
[    0.000000] SMBIOS 3.0.0 present.
[    0.000000] DMI: QEMU Ubuntu 24.04 PC (i440FX + PIIX, 1996), BIOS 1.16.3-debian-1.16.3-2 04/01/2014
[    0.000000] DMI: Memory slots populated: 1/1
[    0.000000] Hypervisor detected: KVM
[    0.000000] kvm-clock: Using msrs 4b564d01 and 4b564d00
[    0.000000] kvm-clock: using sched offset of 185877452 cycles
[    0.000343] clocksource: kvm-clock: mask: 0xffffffffffffffff max_cycles: 0x1cd42e4dffb, max_idle_ns: 881590591483 ns
[    0.001413] tsc: Detected 4491.556 MHz processor
[    0.001961] last_pfn = 0x3ffe0 max_arch_pfn = 0x400000000
[    0.002338] MTRR map: 4 entries (3 fixed + 1 variable; max 19), built from 8 variable MTRRs
[    0.002887] x86/PAT: Configuration [0-7]: WB  WC  UC- UC  WB  WP  UC- WT  
Memory KASLR using RDRAND RDTSC...
[    0.004770] found SMP MP-table at [mem 0x000f5470-0x000f547f]
[    0.005153] Using GB pages for direct mapping
[    0.005476] ACPI: Early table checksum verification disabled
[    0.005847] ACPI: RSDP 0x00000000000F5290 000014 (v00 BOCHS )
[    0.006226] ACPI: RSDT 0x000000003FFE27BC 000034 (v01 BOCHS  BXPC     00000001 BXPC 00000001)
[    0.006788] ACPI: FACP 0x000000003FFE2578 000074 (v01 BOCHS  BXPC     00000001 BXPC 00000001)
[    0.007351] ACPI: DSDT 0x000000003FFE0040 002538 (v01 BOCHS  BXPC     00000001 BXPC 00000001)
[    0.007911] ACPI: FACS 0x000000003FFE0000 000040
[    0.008215] ACPI: APIC 0x000000003FFE25EC 000170 (v03 BOCHS  BXPC     00000001 BXPC 00000001)
[    0.008775] ACPI: HPET 0x000000003FFE275C 000038 (v01 BOCHS  BXPC     00000001 BXPC 00000001)
[    0.009337] ACPI: WAET 0x000000003FFE2794 000028 (v01 BOCHS  BXPC     00000001 BXPC 00000001)
[    0.009896] ACPI: Reserving FACP table memory at [mem 0x3ffe2578-0x3ffe25eb]
[    0.010360] ACPI: Reserving DSDT table memory at [mem 0x3ffe0040-0x3ffe2577]
[    0.010822] ACPI: Reserving FACS table memory at [mem 0x3ffe0000-0x3ffe003f]
[    0.011284] ACPI: Reserving APIC table memory at [mem 0x3ffe25ec-0x3ffe275b]
[    0.011746] ACPI: Reserving HPET table memory at [mem 0x3ffe275c-0x3ffe2793]
[    0.012207] ACPI: Reserving WAET table memory at [mem 0x3ffe2794-0x3ffe27bb]
[    0.012791] No NUMA configuration found
[    0.013045] Faking a node at [mem 0x0000000000000000-0x000000003ffdffff]
[    0.013484] NODE_DATA(0) allocated [mem 0x3ffdb780-0x3ffdffff]
[    0.013874] Zone ranges:
[    0.014040]   DMA      [mem 0x0000000000001000-0x0000000000ffffff]
[    0.014446]   DMA32    [mem 0x0000000001000000-0x000000003ffdffff]
[    0.014855]   Normal   empty
[    0.015044]   Device   empty
[    0.015232] Movable zone start for each node
[    0.015510] Early memory node ranges
[    0.015744]   node   0: [mem 0x0000000000001000-0x000000000009efff]
[    0.016153]   node   0: [mem 0x0000000000100000-0x000000003ffdffff]
[    0.016563] Initmem setup node 0 [mem 0x0000000000001000-0x000000003ffdffff]
[    0.017027] On node 0, zone DMA: 1 pages in unavailable ranges
[    0.017416] On node 0, zone DMA: 97 pages in unavailable ranges
[    0.018713] On node 0, zone DMA32: 32 pages in unavailable ranges
[    0.019286] ACPI: PM-Timer IO Port: 0x608
[    0.019552] ACPI: LAPIC_NMI (acpi_id[0xff] dfl dfl lint[0x1])
[    0.019945] IOAPIC[0]: apic_id 0, version 17, address 0xfec00000, GSI 0-23
[    0.020397] ACPI: INT_SRC_OVR (bus 0 bus_irq 0 global_irq 2 dfl dfl)
[    0.020818] ACPI: INT_SRC_OVR (bus 0 bus_irq 5 global_irq 5 high level)
[    0.021253] ACPI: INT_SRC_OVR (bus 0 bus_irq 9 global_irq 9 high level)
[    0.021685] ACPI: INT_SRC_OVR (bus 0 bus_irq 10 global_irq 10 high level)
[    0.022128] ACPI: INT_SRC_OVR (bus 0 bus_irq 11 global_irq 11 high level)
[    0.022572] ACPI: Using ACPI (MADT) for SMP configuration information
[    0.022993] ACPI: HPET id: 0x8086a201 base: 0xfed00000
[    0.023329] TSC deadline timer available
[    0.023587] CPU topo: Max. logical packages:   1
[    0.023889] CPU topo: Max. logical dies:       1
[    0.024191] CPU topo: Max. dies per package:   1
[    0.024494] CPU topo: Max. threads per core:   1
[    0.024795] CPU topo: Num. cores per package:    32
[    0.025116] CPU topo: Num. threads per package:  32
[    0.025434] CPU topo: Allowing 32 present CPUs plus 0 hotplug CPUs
[    0.025844] kvm-guest: APIC: eoi() replaced with kvm_guest_apic_eoi_write()
[    0.026306] kvm-guest: KVM setup pv remote TLB flush
[    0.026632] kvm-guest: setup PV sched yield
[    0.026911] PM: hibernation: Registered nosave memory: [mem 0x00000000-0x00000fff]
[    0.027404] PM: hibernation: Registered nosave memory: [mem 0x0009f000-0x0009ffff]
[    0.027900] PM: hibernation: Registered nosave memory: [mem 0x000a0000-0x000effff]
[    0.028394] PM: hibernation: Registered nosave memory: [mem 0x000f0000-0x000fffff]
[    0.028888] [mem 0x40000000-0xfeffbfff] available for PCI devices
[    0.029289] Booting paravirtualized kernel on KVM
[    0.029596] clocksource: refined-jiffies: mask: 0xffffffff max_cycles: 0xffffffff, max_idle_ns: 1910969940391419 ns
[    0.032966] setup_percpu: NR_CPUS:64 nr_cpumask_bits:32 nr_cpu_ids:32 nr_node_ids:1
[    0.034042] percpu: Embedded 58 pages/cpu s198232 r8192 d31144 u262144
[    0.034502] Kernel command line: virtme_hostname=virtme-ng nr_open=1048576 virtme_link_mods=/nipa-data/kernel/.virtme_mods/lib/modules/0.0.0 virtme_initmount0=nipa-data/kernel virtme_rw_overlay0=/etc virtme_rw_overlay1=/lib virtme_rw_overlay2=/home virtme_rw_overlay3=/opt virtme_rw_overlay4=/srv virtme_rw_overlay5=/usr virtme_rw_overlay6=/var console=hvc0 earlyprintk=serial,ttyS0,115200 virtme_console=ttyS0 psmouse.proto=exps TERM=xterm virtme_chdir=nipa-data/kernel virtme_root_user=1 rootfstype=9p rootflags=version=9p2000.L,trans=virtio,access=any raid=noautodetect ro init=/usr/lib/python3/dist-packages/virtme/guest/virtme-init
[    0.038336] Unknown kernel command line parameters "virtme_hostname=virtme-ng nr_open=1048576 virtme_link_mods=/nipa-data/kernel/.virtme_mods/lib/modules/0.0.0 virtme_initmount0=nipa-data/kernel virtme_rw_overlay0=/etc virtme_rw_overlay1=/lib virtme_rw_overlay2=/home virtme_rw_overlay3=/opt virtme_rw_overlay4=/srv virtme_rw_overlay5=/usr virtme_rw_overlay6=/var virtme_console=ttyS0 virtme_chdir=nipa-data/kernel virtme_root_user=1", will be passed to user space.
[    0.041297] random: crng init done
[    0.041526] printk: log buffer data + meta data: 262144 + 917504 = 1179648 bytes
[    0.042049] Dentry cache hash table entries: 131072 (order: 8, 1048576 bytes, linear)
[    0.042594] Inode-cache hash table entries: 65536 (order: 7, 524288 bytes, linear)
[    0.043184] Fallback order for Node 0: 0 
[    0.043186] Built 1 zonelists, mobility grouping on.  Total pages: 262014
[    0.043915] Policy zone: DMA32
[    0.044120] mem auto-init: stack:all(zero), heap alloc:off, heap free:off
[    0.045105] SLUB: HWalign=64, Order=0-3, MinObjects=0, CPUs=32, Nodes=1
Poking KASLR using RDRAND RDTSC...
[    0.045778] ftrace: allocating 48790 entries in 191 pages
[    0.057374] ftrace: allocated 191 pages with 7 groups
[    0.058244] Dynamic Preempt: voluntary
[    0.058619] rcu: Preemptible hierarchical RCU implementation.
[    0.059006] rcu: RCU event tracing is enabled.
[    0.059311] rcu: RCU restricting CPUs from NR_CPUS=64 to nr_cpu_ids=32.
[    0.059762] Trampoline variant of Tasks RCU enabled.
[    0.060101] Rude variant of Tasks RCU enabled.
[    0.060405] Tracing variant of Tasks RCU enabled.
[    0.060727] rcu: RCU calculated value of scheduler-enlistment delay is 100 jiffies.
[    0.061245] rcu: Adjusting geometry for rcu_fanout_leaf=16, nr_cpu_ids=32
[    0.061706] RCU Tasks: Setting shift to 5 and lim to 1 rcu_task_cb_adjust=1 rcu_task_cpu_ids=32.
[    0.062300] RCU Tasks Rude: Setting shift to 5 and lim to 1 rcu_task_cb_adjust=1 rcu_task_cpu_ids=32.
[    0.062922] RCU Tasks Trace: Setting shift to 5 and lim to 1 rcu_task_cb_adjust=1 rcu_task_cpu_ids=32.
[    0.065253] NR_IRQS: 4352, nr_irqs: 680, preallocated irqs: 16
[    0.065808] rcu: srcu_init: Setting srcu_struct sizes based on contention.
[    0.066406] Console: colour *CGA 80x25
[    0.066665] ACPI: Core revision 20240827
[    0.066990] clocksource: hpet: mask: 0xffffffff max_cycles: 0xffffffff, max_idle_ns: 19112604467 ns
[    0.067652] APIC: Switch to symmetric I/O mode setup
[    0.068010] kvm-guest: APIC: send_IPI_mask() replaced with kvm_send_ipi_mask()
[    0.068493] kvm-guest: APIC: send_IPI_mask_allbutself() replaced with kvm_send_ipi_mask_allbutself()
[    0.069095] kvm-guest: setup PV IPIs
[    0.070061] ..TIMER: vector=0x30 apic1=0 pin1=2 apic2=-1 pin2=-1
[    0.070800] clocksource: tsc-early: mask: 0xffffffffffffffff max_cycles: 0x40be400eb43, max_idle_ns: 440795366972 ns
[    0.072065] Calibrating delay loop (skipped) preset value.. 8983.11 BogoMIPS (lpj=4491556)
[    0.073124] x86/cpu: User Mode Instruction Prevention (UMIP) activated
[    0.074111] Last level iTLB entries: 4KB 512, 2MB 255, 4MB 127
[    0.075064] Last level dTLB entries: 4KB 512, 2MB 255, 4MB 127, 1GB 0
[    0.075829] Spectre V1 : Mitigation: usercopy/swapgs barriers and __user pointer sanitization
[    0.076067] Spectre V2 : Mitigation: Enhanced / Automatic IBRS
[    0.077064] Spectre V2 : Spectre v2 / SpectreRSB mitigation: Filling RSB on context switch
[    0.078065] Spectre V2 : mitigation: Enabling conditional Indirect Branch Prediction Barrier
[    0.079065] Speculative Store Bypass: Mitigation: Speculative Store Bypass disabled via prctl
[    0.080064] Speculative Return Stack Overflow: IBPB-extending microcode not applied!
[    0.081064] Speculative Return Stack Overflow: WARNING: See https://kernel.org/doc/html/latest/admin-guide/hw-vuln/srso.html for mitigation options.
[    0.081065] Speculative Return Stack Overflow: Vulnerable: Safe RET, no microcode
[    0.083079] x86/fpu: Supporting XSAVE feature 0x001: 'x87 floating point registers'
[    0.083973] x86/fpu: Supporting XSAVE feature 0x002: 'SSE registers'
[    0.084064] x86/fpu: Supporting XSAVE feature 0x004: 'AVX registers'
[    0.085064] x86/fpu: Supporting XSAVE feature 0x020: 'AVX-512 opmask'
[    0.086064] x86/fpu: Supporting XSAVE feature 0x040: 'AVX-512 Hi256'
[    0.086800] x86/fpu: Supporting XSAVE feature 0x080: 'AVX-512 ZMM_Hi256'
[    0.087064] x86/fpu: Supporting XSAVE feature 0x200: 'Protection Keys User registers'
[    0.088065] x86/fpu: xstate_offset[2]:  576, xstate_sizes[2]:  256
[    0.089064] x86/fpu: xstate_offset[5]:  832, xstate_sizes[5]:   64
[    0.090064] x86/fpu: xstate_offset[6]:  896, xstate_sizes[6]:  512
[    0.090785] x86/fpu: xstate_offset[7]: 1408, xstate_sizes[7]: 1024
[    0.091064] x86/fpu: xstate_offset[9]: 2432, xstate_sizes[9]:    8
[    0.092064] x86/fpu: Enabled xstate features 0x2e7, context size is 2440 bytes, using 'compacted' format.
[    0.106750] Freeing SMP alternatives memory: 40K
[    0.107065] pid_max: default: 32768 minimum: 301
[    0.107623] Mount-cache hash table entries: 2048 (order: 2, 16384 bytes, linear)
[    0.108065] Mountpoint-cache hash table entries: 2048 (order: 2, 16384 bytes, linear)
[    0.109188] smpboot: CPU0: AMD Ryzen 9 7950X 16-Core Processor (family: 0x19, model: 0x61, stepping: 0x2)
[    0.110173] Performance Events: Fam17h+ core perfctr, AMD PMU driver.
[    0.110942] ... version:                0
[    0.111066] ... bit width:              48
[    0.111547] ... generic registers:      6
[    0.112012] ... value mask:             0000ffffffffffff
[    0.112066] ... max period:             00007fffffffffff
[    0.112683] ... fixed-purpose events:   0
[    0.113066] ... event mask:             000000000000003f
[    0.113752] signal: max sigframe size: 3376
[    0.114081] rcu: Hierarchical SRCU implementation.
[    0.114643] rcu: Max phase no-delay instances is 400.
[    0.115086] Timer migration: 2 hierarchy levels; 8 children per group; 2 crossnode level
[    0.118101] smp: Bringing up secondary CPUs ...
[    0.118684] smpboot: x86: Booting SMP configuration:
[    0.119067] .... node  #0, CPUs:        #1  #2  #3  #4  #5  #6  #7  #8  #9 #10 #11 #12 #13 #14 #15 #16 #17 #18 #19 #20 #21 #22 #23 #24 #25 #26 #27 #28 #29 #30 #31
[    0.131158] smp: Brought up 1 node, 32 CPUs
[    0.132564] smpboot: Total of 32 processors activated (287459.58 BogoMIPS)
[    0.135095] Memory: 970448K/1048056K available (16384K kernel code, 2473K rwdata, 6360K rodata, 3188K init, 1756K bss, 63176K reserved, 0K cma-reserved)
[    0.136177] devtmpfs: initialized
[    0.136477] x86/mm: Memory block size: 128MB
[    0.137693] clocksource: jiffies: mask: 0xffffffff max_cycles: 0xffffffff, max_idle_ns: 1911260446275000 ns
[    0.138067] futex hash table entries: 8192 (order: 7, 524288 bytes, linear)
[    0.138998] PM: RTC time: 03:07:36, date: 2025-01-23
[    0.139383] NET: Registered PF_NETLINK/PF_ROUTE protocol family
[    0.140176] thermal_sys: Registered thermal governor 'step_wise'
[    0.140177] thermal_sys: Registered thermal governor 'user_space'
[    0.140900] cpuidle: using governor menu
[    0.142247] PCI: Using configuration type 1 for base access
[    0.143066] PCI: Using configuration type 1 for extended access
[    0.143830] kprobes: kprobe jump-optimization is enabled. All kprobes are optimized if possible.
[    0.162189] HugeTLB: registered 1.00 GiB page size, pre-allocated 0 pages
[    0.163006] HugeTLB: 16380 KiB vmemmap can be freed for a 1.00 GiB page
[    0.163066] HugeTLB: registered 2.00 MiB page size, pre-allocated 0 pages
[    0.163872] HugeTLB: 28 KiB vmemmap can be freed for a 2.00 MiB page
[    0.164187] ACPI: Added _OSI(Module Device)
[    0.164683] ACPI: Added _OSI(Processor Device)
[    0.165066] ACPI: Added _OSI(3.0 _SCP Extensions)
[    0.165622] ACPI: Added _OSI(Processor Aggregator Device)
[    0.166715] ACPI: 1 ACPI AML tables successfully acquired and loaded
[    0.167436] ACPI: Interpreter enabled
[    0.168074] ACPI: PM: (supports S0 S3 S4 S5)
[    0.168582] ACPI: Using IOAPIC for interrupt routing
[    0.169073] PCI: Using host bridge windows from ACPI; if necessary, use "pci=nocrs" and report a bug
[    0.170066] PCI: Using E820 reservations for host bridge windows
[    0.170854] ACPI: Enabled 2 GPEs in block 00 to 0F
[    0.173566] ACPI: PCI Root Bridge [PCI0] (domain 0000 [bus 00-ff])
[    0.174067] acpi PNP0A03:00: _OSC: OS supports [ExtendedConfig ASPM ClockPM Segments MSI HPX-Type3]
[    0.175150] PCI host bridge to bus 0000:00
[    0.175643] pci_bus 0000:00: root bus resource [io  0x0000-0x0cf7 window]
[    0.176066] pci_bus 0000:00: root bus resource [io  0x0d00-0xffff window]
[    0.176875] pci_bus 0000:00: root bus resource [mem 0x000a0000-0x000bffff window]
[    0.177066] pci_bus 0000:00: root bus resource [mem 0x40000000-0xfebfffff window]
[    0.177956] pci_bus 0000:00: root bus resource [mem 0x100000000-0x17fffffff window]
[    0.178066] pci_bus 0000:00: root bus resource [bus 00-ff]
[    0.178787] pci 0000:00:00.0: [8086:1237] type 00 class 0x060000 conventional PCI endpoint
[    0.179286] pci 0000:00:01.0: [8086:7000] type 00 class 0x060100 conventional PCI endpoint
[    0.180343] pci 0000:00:01.1: [8086:7010] type 00 class 0x010180 conventional PCI endpoint
[    0.182182] pci 0000:00:01.1: BAR 4 [io  0xc0c0-0xc0cf]
[    0.183525] pci 0000:00:01.1: BAR 0 [io  0x01f0-0x01f7]: legacy IDE quirk
[    0.184066] pci 0000:00:01.1: BAR 1 [io  0x03f6]: legacy IDE quirk
[    0.184796] pci 0000:00:01.1: BAR 2 [io  0x0170-0x0177]: legacy IDE quirk
[    0.185066] pci 0000:00:01.1: BAR 3 [io  0x0376]: legacy IDE quirk
[    0.185891] pci 0000:00:01.3: [8086:7113] type 00 class 0x068000 conventional PCI endpoint
[    0.186278] pci 0000:00:01.3: quirk: [io  0x0600-0x063f] claimed by PIIX4 ACPI
[    0.187069] pci 0000:00:01.3: quirk: [io  0x0700-0x070f] claimed by PIIX4 SMB
[    0.188058] pci 0000:00:02.0: [1af4:1009] type 00 class 0x000200 conventional PCI endpoint
[    0.188467] pci 0000:00:02.0: BAR 0 [io  0xc000-0xc03f]
[    0.189360] pci 0000:00:02.0: BAR 1 [mem 0xfebfc000-0xfebfcfff]
[    0.191326] pci 0000:00:02.0: BAR 4 [mem 0xfebf0000-0xfebf3fff 64bit pref]
[    0.192898] pci 0000:00:03.0: [1af4:1009] type 00 class 0x000200 conventional PCI endpoint
[    0.193491] pci 0000:00:03.0: BAR 0 [io  0xc040-0xc07f]
[    0.194943] pci 0000:00:03.0: BAR 1 [mem 0xfebfd000-0xfebfdfff]
[    0.197066] pci 0000:00:03.0: BAR 4 [mem 0xfebf4000-0xfebf7fff 64bit pref]
[    0.199336] pci 0000:00:04.0: [8086:25ab] type 00 class 0x088000 conventional PCI endpoint
[    0.200208] pci 0000:00:04.0: BAR 0 [mem 0xfebfe000-0xfebfe00f]
[    0.201847] pci 0000:00:05.0: [1af4:1003] type 00 class 0x078000 conventional PCI endpoint
[    0.202336] pci 0000:00:05.0: BAR 0 [io  0xc080-0xc0bf]
[    0.203227] pci 0000:00:05.0: BAR 1 [mem 0xfebff000-0xfebfffff]
[    0.204715] pci 0000:00:05.0: BAR 4 [mem 0xfebf8000-0xfebfbfff 64bit pref]
[    0.205987] ACPI: PCI: Interrupt link LNKA configured for IRQ 10
[    0.206168] ACPI: PCI: Interrupt link LNKB configured for IRQ 10
[    0.207162] ACPI: PCI: Interrupt link LNKC configured for IRQ 11
[    0.207967] ACPI: PCI: Interrupt link LNKD configured for IRQ 11
[    0.208132] ACPI: PCI: Interrupt link LNKS configured for IRQ 9
[    0.209597] iommu: Default domain type: Translated
[    0.210066] iommu: DMA domain TLB invalidation policy: lazy mode
[    0.210823] SCSI subsystem initialized
[    0.211094] pps_core: LinuxPPS API ver. 1 registered
[    0.211685] pps_core: Software ver. 5.3.6 - Copyright 2005-2007 Rodolfo Giometti <giometti@linux.it>
[    0.212068] PTP clock support registered
[    0.212554] Advanced Linux Sound Architecture Driver Initialized.
[    0.213323] NET: Registered PF_ATMPVC protocol family
[    0.213926] NET: Registered PF_ATMSVC protocol family
[    0.214072] PCI: Using ACPI for IRQ routing
[    0.214638] vgaarb: loaded
[    0.214638] hpet0: at MMIO 0xfed00000, IRQs 2, 8, 0
[    0.215647] hpet0: 3 comparators, 64-bit 100.000000 MHz counter
[    0.221215] clocksource: Switched to clocksource kvm-clock
[    0.221938] VFS: Disk quotas dquot_6.6.0
[    0.222271] VFS: Dquot-cache hash table entries: 512 (order 0, 4096 bytes)
[    0.223648] pnp: PnP ACPI init
[    0.224187] pnp: PnP ACPI: found 5 devices
[    0.230987] clocksource: acpi_pm: mask: 0xffffff max_cycles: 0xffffff, max_idle_ns: 2085701024 ns
[    0.232056] NET: Registered PF_INET protocol family
[    0.232647] IP idents hash table entries: 16384 (order: 5, 131072 bytes, linear)
[    0.233671] tcp_listen_portaddr_hash hash table entries: 512 (order: 1, 8192 bytes, linear)
[    0.234674] Table-perturb hash table entries: 65536 (order: 6, 262144 bytes, linear)
[    0.235600] TCP established hash table entries: 8192 (order: 4, 65536 bytes, linear)
[    0.236522] TCP bind hash table entries: 8192 (order: 6, 262144 bytes, linear)
[    0.237475] TCP: Hash tables configured (established 8192 bind 8192)
[    0.238246] UDP hash table entries: 512 (order: 3, 32768 bytes, linear)
[    0.239032] UDP-Lite hash table entries: 512 (order: 3, 32768 bytes, linear)
[    0.239886] NET: Registered PF_UNIX/PF_LOCAL protocol family
[    0.240552] pci_bus 0000:00: resource 4 [io  0x0000-0x0cf7 window]
[    0.241278] pci_bus 0000:00: resource 5 [io  0x0d00-0xffff window]
[    0.242003] pci_bus 0000:00: resource 6 [mem 0x000a0000-0x000bffff window]
[    0.242809] pci_bus 0000:00: resource 7 [mem 0x40000000-0xfebfffff window]
[    0.243613] pci_bus 0000:00: resource 8 [mem 0x100000000-0x17fffffff window]
[    0.244460] pci 0000:00:01.0: PIIX3: Enabling Passive Release
[    0.245139] pci 0000:00:00.0: Limiting direct PCI/PCI transfers
[    0.245866] PCI: CLS 0 bytes, default 64
[    0.246398] kvm_intel: VMX not supported by CPU 0
[    0.246967] kvm_amd: TSC scaling supported
[    0.247449] kvm_amd: Nested Virtualization enabled
[    0.248013] kvm_amd: Nested Paging enabled
[    0.248492] kvm_amd: LBR virtualization supported
[    0.249050] kvm_amd: Virtual GIF supported
[    0.249528] kvm_amd: Virtual NMI enabled
[    0.277140] clocksource: tsc: mask: 0xffffffffffffffff max_cycles: 0x40be400eb43, max_idle_ns: 440795366972 ns
[    0.284563] Initialise system trusted keyrings
[    0.285151] workingset: timestamp_bits=56 max_order=18 bucket_order=0
[    0.285943] squashfs: version 4.0 (2009/01/31) Phillip Lougher
[    0.286638] fuse: init (API version 7.41)
[    0.287158] 9p: Installing v9fs 9p2000 file system support
[    0.294304] Key type asymmetric registered
[    0.294796] Asymmetric key parser 'x509' registered
[    0.295384] Block layer SCSI generic (bsg) driver version 0.4 loaded (major 249)
[    0.296275] io scheduler mq-deadline registered
[    0.296821] io scheduler kyber registered
[    0.298983] input: Power Button as /devices/LNXSYSTM:00/LNXPWRBN:00/input/input0
[    0.299913] ACPI: button: Power Button [PWRF]
[    0.300788] Warning: Processor Platform Limit event detected, but not handled.
[    0.301640] Consider compiling CPUfreq support into your kernel.
[    0.318870] ACPI: \_SB_.LNKB: Enabled at IRQ 10
[    0.334136] ACPI: \_SB_.LNKC: Enabled at IRQ 11
[    0.349341] ACPI: \_SB_.LNKA: Enabled at IRQ 10
[    0.350348] Serial: 8250/16550 driver, 4 ports, IRQ sharing enabled
[    0.351192] 00:03: ttyS0 at I/O 0x3f8 (irq = 4, base_baud = 115200) is a 16550A
[    0.372461] Non-volatile memory driver v1.3
[    0.373011] Linux agpgart interface v0.103
[    0.373510] printk: legacy console [hvc0] enabled
[    0.373558] ACPI: bus type drm_connector registered
[    0.374100] printk: legacy bootconsole [earlyser0] disabled
          _      _                                    
   __   _(_)_ __| |_ _ __ ___   ___       _ __   __ _ 
   \ \ / / |  __| __|  _   _ \ / _ \_____|  _ \ / _  |
    \ V /| | |  | |_| | | | | |  __/_____| | | | (_| |
     \_/ |_|_|   \__|_| |_| |_|\___|     |_| |_|\__  |
                                                |___/ 
   kernel version: 6.13.0-virtme x86_64
   (CTRL+d to exit)

root@virtme-ng:/nipa-data/kernel# PS1='xx__-> '
xx__-> env
PWD=/nipa-data/kernel
nr_open=1048576
HOME=/
TERM=xterm
SHLVL=2
XDG_RUNTIME_DIR=/run/user/0
PATH=/bin:/sbin:/usr/bin:/usr/sbin:/usr/local/bin
OLDPWD=/
_=/bin/env
xx__-> 