No EFI environment detected.
early console in extract_kernel
input_data: 0x0000000004ab42b9
input_len: 0x0000000001826c12
output: 0x0000000001000000
output_len: 0x00000000052683dc
kernel_total_size: 0x0000000004e30000
needed_size: 0x0000000005400000
trampoline_32bit: 0x0000000000000000
Physical KASLR using RDRAND RDTSC...
Virtual KASLR using RDRAND RDTSC...

Decompressing Linux... Parsing ELF... Performing relocations... done.
Booting the kernel (entry_offset: 0x0000000000000000).
[    0.000000] Linux version 6.9.0-rc5-virtme (root@d9cd844bc0b3) (gcc (Alpine 13.2.1_git20240309) 13.2.1 20240309, GNU ld (GNU Binutils) 2.42) #1 SMP PREEMPT_DYNAMIC Fri Apr 26 12:26:39 UTC 2024
[    0.000000] Command line: virtme_hostname=virtme-ng nr_open=1048576 virtme_link_mods=/nipa-data/kernel/.virtme_mods/lib/modules/0.0.0 virtme_initmount0=nipa-data/kernel virtme_rw_overlay0=/etc virtme_rw_overlay1=/lib virtme_rw_overlay2=/home virtme_rw_overlay3=/opt virtme_rw_overlay4=/srv virtme_rw_overlay5=/usr virtme_rw_overlay6=/var console=hvc0 earlyprintk=serial,ttyS0,115200 virtme_console=ttyS0 psmouse.proto=exps TERM=xterm virtme_chdir=nipa-data/kernel virtme_root_user=1 rootfstype=9p rootflags=version=9p2000.L,trans=virtio,access=any raid=noautodetect ro init=/usr/lib/python3.12/site-packages/virtme/guest/virtme-init
[    0.000000] BIOS-provided physical RAM map:
[    0.000000] BIOS-e820: [mem 0x0000000000000000-0x000000000009fbff] usable
[    0.000000] BIOS-e820: [mem 0x000000000009fc00-0x000000000009ffff] reserved
[    0.000000] BIOS-e820: [mem 0x00000000000f0000-0x00000000000fffff] reserved
[    0.000000] BIOS-e820: [mem 0x0000000000100000-0x000000003ffdffff] usable
[    0.000000] BIOS-e820: [mem 0x000000003ffe0000-0x000000003fffffff] reserved
[    0.000000] BIOS-e820: [mem 0x00000000feffc000-0x00000000feffffff] reserved
[    0.000000] BIOS-e820: [mem 0x00000000fffc0000-0x00000000ffffffff] reserved
[    0.000000] BIOS-e820: [mem 0x000000fd00000000-0x000000ffffffffff] reserved
[    0.000000] printk: legacy bootconsole [earlyser0] enabled
[    0.000000] NX (Execute Disable) protection: active
[    0.000000] APIC: Static calls initialized
[    0.000000] SMBIOS 3.0.0 present.
[    0.000000] DMI: QEMU Standard PC (i440FX + PIIX, 1996), BIOS rel-1.16.3-0-ga6ed6b701f0a-prebuilt.qemu.org 04/01/2014
[    0.000000] Hypervisor detected: KVM
[    0.000000] kvm-clock: Using msrs 4b564d01 and 4b564d00
[    0.000000] kvm-clock: using sched offset of 364514672 cycles
[    0.000387] clocksource: kvm-clock: mask: 0xffffffffffffffff max_cycles: 0x1cd42e4dffb, max_idle_ns: 881590591483 ns
[    0.001589] tsc: Detected 4491.556 MHz processor
[    0.002291] last_pfn = 0x3ffe0 max_arch_pfn = 0x400000000
[    0.002719] MTRR map: 4 entries (3 fixed + 1 variable; max 19), built from 8 variable MTRRs
[    0.003343] x86/PAT: Configuration [0-7]: WB  WC  UC- UC  WB  WP  UC- WT  
[    0.005373] found SMP MP-table at [mem 0x000f5470-0x000f547f]
[    0.005807] Using GB pages for direct mapping
[    0.006290] ACPI: Early table checksum verification disabled
[    0.006712] ACPI: RSDP 0x00000000000F5290 000014 (v00 BOCHS )
[    0.007143] ACPI: RSDT 0x000000003FFE27BC 000034 (v01 BOCHS  BXPC     00000001 BXPC 00000001)
[    0.007778] ACPI: FACP 0x000000003FFE2578 000074 (v01 BOCHS  BXPC     00000001 BXPC 00000001)
[    0.008415] ACPI: DSDT 0x000000003FFE0040 002538 (v01 BOCHS  BXPC     00000001 BXPC 00000001)
[    0.009049] ACPI: FACS 0x000000003FFE0000 000040
[    0.009393] ACPI: APIC 0x000000003FFE25EC 000170 (v03 BOCHS  BXPC     00000001 BXPC 00000001)
[    0.010029] ACPI: HPET 0x000000003FFE275C 000038 (v01 BOCHS  BXPC     00000001 BXPC 00000001)
[    0.010658] ACPI: WAET 0x000000003FFE2794 000028 (v01 BOCHS  BXPC     00000001 BXPC 00000001)
[    0.011291] ACPI: Reserving FACP table memory at [mem 0x3ffe2578-0x3ffe25eb]
[    0.011809] ACPI: Reserving DSDT table memory at [mem 0x3ffe0040-0x3ffe2577]
[    0.012328] ACPI: Reserving FACS table memory at [mem 0x3ffe0000-0x3ffe003f]
[    0.012843] ACPI: Reserving APIC table memory at [mem 0x3ffe25ec-0x3ffe275b]
[    0.013357] ACPI: Reserving HPET table memory at [mem 0x3ffe275c-0x3ffe2793]
[    0.013872] ACPI: Reserving WAET table memory at [mem 0x3ffe2794-0x3ffe27bb]
[    0.014582] No NUMA configuration found
[    0.014865] Faking a node at [mem 0x0000000000000000-0x000000003ffdffff]
[    0.015356] NODE_DATA(0) allocated [mem 0x3ffdb000-0x3ffdffff]
[    0.015798] Zone ranges:
[    0.015984]   DMA      [mem 0x0000000000001000-0x0000000000ffffff]
[    0.016435]   DMA32    [mem 0x0000000001000000-0x000000003ffdffff]
[    0.016887]   Normal   empty
[    0.017098]   Device   empty
[    0.017309] Movable zone start for each node
[    0.017621] Early memory node ranges
[    0.017882]   node   0: [mem 0x0000000000001000-0x000000000009efff]
[    0.018340]   node   0: [mem 0x0000000000100000-0x000000003ffdffff]
[    0.018800] Initmem setup node 0 [mem 0x0000000000001000-0x000000003ffdffff]
[    0.019321] On node 0, zone DMA: 1 pages in unavailable ranges
[    0.019806] On node 0, zone DMA: 97 pages in unavailable ranges
[    0.024518] On node 0, zone DMA32: 32 pages in unavailable ranges
[    0.033963] kasan: KernelAddressSanitizer initialized
[    0.034561] ACPI: PM-Timer IO Port: 0x608
[    0.034868] ACPI: LAPIC_NMI (acpi_id[0xff] dfl dfl lint[0x1])
[    0.035308] IOAPIC[0]: apic_id 0, version 17, address 0xfec00000, GSI 0-23
[    0.035806] ACPI: INT_SRC_OVR (bus 0 bus_irq 0 global_irq 2 dfl dfl)
[    0.036267] ACPI: INT_SRC_OVR (bus 0 bus_irq 5 global_irq 5 high level)
[    0.036746] ACPI: INT_SRC_OVR (bus 0 bus_irq 9 global_irq 9 high level)
[    0.037226] ACPI: INT_SRC_OVR (bus 0 bus_irq 10 global_irq 10 high level)
[    0.037717] ACPI: INT_SRC_OVR (bus 0 bus_irq 11 global_irq 11 high level)
[    0.038211] ACPI: Using ACPI (MADT) for SMP configuration information
[    0.038677] ACPI: HPET id: 0x8086a201 base: 0xfed00000
[    0.039055] TSC deadline timer available
[    0.039341] CPU topo: Max. logical packages:   1
[    0.039675] CPU topo: Max. logical dies:       1
[    0.040009] CPU topo: Max. dies per package:   1
[    0.040356] CPU topo: Max. threads per core:   1
[    0.040701] CPU topo: Num. cores per package:    32
[    0.041060] CPU topo: Num. threads per package:  32
[    0.041414] CPU topo: Allowing 32 present CPUs plus 0 hotplug CPUs
[    0.041878] kvm-guest: APIC: eoi() replaced with kvm_guest_apic_eoi_write()
[    0.042399] kvm-guest: KVM setup pv remote TLB flush
[    0.042766] kvm-guest: setup PV sched yield
[    0.043078] PM: hibernation: Registered nosave memory: [mem 0x00000000-0x00000fff]
[    0.043629] PM: hibernation: Registered nosave memory: [mem 0x0009f000-0x0009ffff]
[    0.044178] PM: hibernation: Registered nosave memory: [mem 0x000a0000-0x000effff]
[    0.044728] PM: hibernation: Registered nosave memory: [mem 0x000f0000-0x000fffff]
[    0.045280] [mem 0x40000000-0xfeffbfff] available for PCI devices
[    0.045725] Booting paravirtualized kernel on KVM
[    0.046071] clocksource: refined-jiffies: mask: 0xffffffff max_cycles: 0xffffffff, max_idle_ns: 1910969940391419 ns
[    0.054721] setup_percpu: NR_CPUS:64 nr_cpumask_bits:32 nr_cpu_ids:32 nr_node_ids:1
[    0.056518] percpu: Embedded 70 pages/cpu s248616 r8192 d29912 u524288
[    0.057055] Kernel command line: virtme_hostname=virtme-ng nr_open=1048576 virtme_link_mods=/nipa-data/kernel/.virtme_mods/lib/modules/0.0.0 virtme_initmount0=nipa-data/kernel virtme_rw_overlay0=/etc virtme_rw_overlay1=/lib virtme_rw_overlay2=/home virtme_rw_overlay3=/opt virtme_rw_overlay4=/srv virtme_rw_overlay5=/usr virtme_rw_overlay6=/var console=hvc0 earlyprintk=serial,ttyS0,115200 virtme_console=ttyS0 psmouse.proto=exps TERM=xterm virtme_chdir=nipa-data/kernel virtme_root_user=1 rootfstype=9p rootflags=version=9p2000.L,trans=virtio,access=any raid=noautodetect ro init=/usr/lib/python3.12/site-packages/virtme/guest/virtme-init
[    0.061376] Unknown kernel command line parameters "virtme_hostname=virtme-ng nr_open=1048576 virtme_link_mods=/nipa-data/kernel/.virtme_mods/lib/modules/0.0.0 virtme_initmount0=nipa-data/kernel virtme_rw_overlay0=/etc virtme_rw_overlay1=/lib virtme_rw_overlay2=/home virtme_rw_overlay3=/opt virtme_rw_overlay4=/srv virtme_rw_overlay5=/usr virtme_rw_overlay6=/var virtme_console=ttyS0 virtme_chdir=nipa-data/kernel virtme_root_user=1", will be passed to user space.
[    0.064620] random: crng init done
[    0.065004] Dentry cache hash table entries: 131072 (order: 8, 1048576 bytes, linear)
[    0.065603] Inode-cache hash table entries: 65536 (order: 7, 524288 bytes, linear)
[    0.066698] Fallback order for Node 0: 0 
[    0.066703] Built 1 zonelists, mobility grouping on.  Total pages: 257760
[    0.067519] Policy zone: DMA32
[    0.067750] mem auto-init: stack:all(zero), heap alloc:off, heap free:off
[    0.068260] stackdepot: allocating hash table via alloc_large_system_hash
[    0.068770] stackdepot hash table entries: 1048576 (order: 12, 16777216 bytes, linear)
[    0.076626] Memory: 781024K/1048056K available (43008K kernel code, 11128K rwdata, 9744K rodata, 5836K init, 2396K bss, 266776K reserved, 0K cma-reserved)
[    0.077848] SLUB: HWalign=64, Order=0-3, MinObjects=0, CPUs=32, Nodes=1
Poking KASLR using RDRAND RDTSC...
[    0.078635] ftrace: allocating 47715 entries in 187 pages
[    0.087570] ftrace: allocated 187 pages with 6 groups
[    0.088827] Dynamic Preempt: voluntary
[    0.089580] rcu: Preemptible hierarchical RCU implementation.
[    0.090014] rcu: RCU event tracing is enabled.
[    0.090355] rcu: RCU restricting CPUs from NR_CPUS=64 to nr_cpu_ids=32.
[    0.090861] Trampoline variant of Tasks RCU enabled.
[    0.091239] Rude variant of Tasks RCU enabled.
[    0.091579] Tracing variant of Tasks RCU enabled.
[    0.091938] rcu: RCU calculated value of scheduler-enlistment delay is 100 jiffies.
[    0.092512] rcu: Adjusting geometry for rcu_fanout_leaf=16, nr_cpu_ids=32
[    0.093057] RCU Tasks: Setting shift to 5 and lim to 1 rcu_task_cb_adjust=1.
[    0.093589] RCU Tasks Rude: Setting shift to 5 and lim to 1 rcu_task_cb_adjust=1.
[    0.094153] RCU Tasks Trace: Setting shift to 5 and lim to 1 rcu_task_cb_adjust=1.
[    0.102804] NR_IRQS: 4352, nr_irqs: 680, preallocated irqs: 16
[    0.103506] rcu: srcu_init: Setting srcu_struct sizes based on contention.
[    0.104237] Console: colour *CGA 80x25
[    0.104542] ACPI: Core revision 20230628
[    0.104988] clocksource: hpet: mask: 0xffffffff max_cycles: 0xffffffff, max_idle_ns: 19112604467 ns
[    0.105736] APIC: Switch to symmetric I/O mode setup
[    0.106111] APIC: Switched APIC routing to: physical flat
[    0.106514] kvm-guest: APIC: send_IPI_mask() replaced with kvm_send_ipi_mask()
[    0.107062] kvm-guest: APIC: send_IPI_mask_allbutself() replaced with kvm_send_ipi_mask_allbutself()
[    0.107761] kvm-guest: setup PV IPIs
[    0.108897] ..TIMER: vector=0x30 apic1=0 pin1=2 apic2=-1 pin2=-1
[    0.109693] tsc: Marking TSC unstable due to TSCs unsynchronized
[    0.110497] Calibrating delay loop (skipped) preset value.. 8983.11 BogoMIPS (lpj=4491556)
[    0.111560] x86/cpu: User Mode Instruction Prevention (UMIP) activated
[    0.112555] Last level iTLB entries: 4KB 512, 2MB 255, 4MB 127
[    0.113495] Last level dTLB entries: 4KB 512, 2MB 255, 4MB 127, 1GB 0
[    0.114500] Spectre V1 : Mitigation: usercopy/swapgs barriers and __user pointer sanitization
[    0.115499] Spectre V2 : Mitigation: Enhanced / Automatic IBRS
[    0.116495] Spectre V2 : Spectre v2 / SpectreRSB mitigation: Filling RSB on context switch
[    0.117497] Spectre V2 : mitigation: Enabling conditional Indirect Branch Prediction Barrier
[    0.118497] Speculative Store Bypass: Mitigation: Speculative Store Bypass disabled via prctl
[    0.119495] Speculative Return Stack Overflow: IBPB-extending microcode not applied!
[    0.120495] Speculative Return Stack Overflow: WARNING: See https://kernel.org/doc/html/latest/admin-guide/hw-vuln/srso.html for mitigation options.
[    0.120496] Speculative Return Stack Overflow: Vulnerable: Safe RET, no microcode
[    0.122511] x86/fpu: Supporting XSAVE feature 0x001: 'x87 floating point registers'
[    0.123495] x86/fpu: Supporting XSAVE feature 0x002: 'SSE registers'
[    0.124495] x86/fpu: Supporting XSAVE feature 0x004: 'AVX registers'
[    0.125495] x86/fpu: Supporting XSAVE feature 0x020: 'AVX-512 opmask'
[    0.126314] x86/fpu: Supporting XSAVE feature 0x040: 'AVX-512 Hi256'
[    0.126495] x86/fpu: Supporting XSAVE feature 0x080: 'AVX-512 ZMM_Hi256'
[    0.127495] x86/fpu: Supporting XSAVE feature 0x200: 'Protection Keys User registers'
[    0.128495] x86/fpu: xstate_offset[2]:  576, xstate_sizes[2]:  256
[    0.129495] x86/fpu: xstate_offset[5]:  832, xstate_sizes[5]:   64
[    0.130495] x86/fpu: xstate_offset[6]:  896, xstate_sizes[6]:  512
[    0.131495] x86/fpu: xstate_offset[7]: 1408, xstate_sizes[7]: 1024
[    0.132279] x86/fpu: xstate_offset[9]: 2432, xstate_sizes[9]:    8
[    0.132495] x86/fpu: Enabled xstate features 0x2e7, context size is 2440 bytes, using 'compacted' format.
[    0.155080] Freeing SMP alternatives memory: 40K
[    0.155497] pid_max: default: 32768 minimum: 301
[    0.156230] Mount-cache hash table entries: 2048 (order: 2, 16384 bytes, linear)
[    0.156497] Mountpoint-cache hash table entries: 2048 (order: 2, 16384 bytes, linear)
[    0.159140] smpboot: CPU0: AMD Ryzen 9 7950X 16-Core Processor (family: 0x19, model: 0x61, stepping: 0x2)
[    0.159952] Performance Events: Fam17h+ core perfctr, AMD PMU driver.
[    0.160500] ... version:                0
[    0.161015] ... bit width:              48
[    0.161497] ... generic registers:      6
[    0.162004] ... value mask:             0000ffffffffffff
[    0.162497] ... max period:             00007fffffffffff
[    0.163170] ... fixed-purpose events:   0
[    0.163497] ... event mask:             000000000000003f
[    0.164294] signal: max sigframe size: 3376
[    0.164550] rcu: Hierarchical SRCU implementation.
[    0.165169] rcu: Max phase no-delay instances is 400.
[    0.169677] smp: Bringing up secondary CPUs ...
[    0.170461] smpboot: x86: Booting SMP configuration:
[    0.170499] .... node  #0, CPUs:        #1  #2  #3  #4  #5  #6  #7  #8  #9 #10 #11 #12 #13 #14 #15 #16 #17 #18 #19 #20 #21 #22 #23 #24 #25 #26 #27 #28 #29 #30 #31
[    0.204555] smp: Brought up 1 node, 32 CPUs
[    0.206182] smpboot: Total of 32 processors activated (287459.58 BogoMIPS)
[    0.217829] devtmpfs: initialized
[    0.218730] x86/mm: Memory block size: 128MB
[    0.227851] clocksource: jiffies: mask: 0xffffffff max_cycles: 0xffffffff, max_idle_ns: 1911260446275000 ns
[    0.228504] futex hash table entries: 8192 (order: 7, 524288 bytes, linear)
[    0.229926] PM: RTC time: 12:27:16, date: 2024-04-26
[    0.231542] NET: Registered PF_NETLINK/PF_ROUTE protocol family
[    0.233717] thermal_sys: Registered thermal governor 'step_wise'
[    0.233719] thermal_sys: Registered thermal governor 'user_space'
[    0.234536] cpuidle: using governor menu
[    0.237874] PCI: Using configuration type 1 for base access
[    0.238498] PCI: Using configuration type 1 for extended access
[    0.239670] kprobes: kprobe jump-optimization is enabled. All kprobes are optimized if possible.
[    0.249901] HugeTLB: registered 1.00 GiB page size, pre-allocated 0 pages
[    0.250499] HugeTLB: 16380 KiB vmemmap can be freed for a 1.00 GiB page
[    0.251499] HugeTLB: registered 2.00 MiB page size, pre-allocated 0 pages
[    0.252498] HugeTLB: 28 KiB vmemmap can be freed for a 2.00 MiB page
[    0.257611] Demotion targets for Node 0: null
[    0.257862] ACPI: Added _OSI(Module Device)
[    0.258413] ACPI: Added _OSI(Processor Device)
[    0.259498] ACPI: Added _OSI(3.0 _SCP Extensions)
[    0.260105] ACPI: Added _OSI(Processor Aggregator Device)
[    0.287631] ACPI: 1 ACPI AML tables successfully acquired and loaded
[    0.291730] ACPI: _OSC evaluation for CPUs failed, trying _PDC
[    0.295592] ACPI: Interpreter enabled
[    0.296300] ACPI: PM: (supports S0 S3 S4 S5)
[    0.297498] ACPI: Using IOAPIC for interrupt routing
[    0.298389] PCI: Using host bridge windows from ACPI; if necessary, use "pci=nocrs" and report a bug
[    0.299498] PCI: Using E820 reservations for host bridge windows
[    0.301975] ACPI: Enabled 2 GPEs in block 00 to 0F
[    0.367509] ACPI: PCI Root Bridge [PCI0] (domain 0000 [bus 00-ff])
[    0.369518] acpi PNP0A03:00: _OSC: OS supports [ExtendedConfig ASPM ClockPM Segments MSI HPX-Type3]
[    0.371181] PCI host bridge to bus 0000:00
[    0.371502] pci_bus 0000:00: root bus resource [io  0x0000-0x0cf7 window]
[    0.373502] pci_bus 0000:00: root bus resource [io  0x0d00-0xffff window]
[    0.374501] pci_bus 0000:00: root bus resource [mem 0x000a0000-0x000bffff window]
[    0.375501] pci_bus 0000:00: root bus resource [mem 0x40000000-0xfebfffff window]
[    0.376501] pci_bus 0000:00: root bus resource [mem 0x100000000-0x17fffffff window]
[    0.377502] pci_bus 0000:00: root bus resource [bus 00-ff]
[    0.378597] pci 0000:00:00.0: [8086:1237] type 00 class 0x060000 conventional PCI endpoint
[    0.381651] pci 0000:00:01.0: [8086:7000] type 00 class 0x060100 conventional PCI endpoint
[    0.383700] pci 0000:00:01.1: [8086:7010] type 00 class 0x010180 conventional PCI endpoint
[    0.388870] pci 0000:00:01.1: BAR 4 [io  0xc0c0-0xc0cf]
[    0.391888] pci 0000:00:01.1: BAR 0 [io  0x01f0-0x01f7]: legacy IDE quirk
[    0.392499] pci 0000:00:01.1: BAR 1 [io  0x03f6]: legacy IDE quirk
[    0.393498] pci 0000:00:01.1: BAR 2 [io  0x0170-0x0177]: legacy IDE quirk
[    0.394498] pci 0000:00:01.1: BAR 3 [io  0x0376]: legacy IDE quirk
[    0.396517] pci 0000:00:01.3: [8086:7113] type 00 class 0x068000 conventional PCI endpoint
[    0.398832] pci 0000:00:01.3: quirk: [io  0x0600-0x063f] claimed by PIIX4 ACPI
[    0.399503] pci 0000:00:01.3: quirk: [io  0x0700-0x070f] claimed by PIIX4 SMB
[    0.401482] pci 0000:00:02.0: [1af4:1009] type 00 class 0x000200 conventional PCI endpoint
[    0.405498] pci 0000:00:02.0: BAR 0 [io  0xc000-0xc03f]
[    0.407498] pci 0000:00:02.0: BAR 1 [mem 0xfebfc000-0xfebfcfff]
[    0.414498] pci 0000:00:02.0: BAR 4 [mem 0xfebf0000-0xfebf3fff 64bit pref]
[    0.435166] pci 0000:00:03.0: [1af4:1009] type 00 class 0x000200 conventional PCI endpoint
[    0.438493] pci 0000:00:03.0: BAR 0 [io  0xc040-0xc07f]
[    0.441483] pci 0000:00:03.0: BAR 1 [mem 0xfebfd000-0xfebfdfff]
[    0.447498] pci 0000:00:03.0: BAR 4 [mem 0xfebf4000-0xfebf7fff 64bit pref]
[    0.468049] pci 0000:00:04.0: [8086:25ab] type 00 class 0x088000 conventional PCI endpoint
[    0.469050] pci 0000:00:04.0: BAR 0 [mem 0xfebfe000-0xfebfe00f]
[    0.484798] pci 0000:00:05.0: [1af4:1003] type 00 class 0x078000 conventional PCI endpoint
[    0.488499] pci 0000:00:05.0: BAR 0 [io  0xc080-0xc0bf]
[    0.491498] pci 0000:00:05.0: BAR 1 [mem 0xfebff000-0xfebfffff]
[    0.498472] pci 0000:00:05.0: BAR 4 [mem 0xfebf8000-0xfebfbfff 64bit pref]
[    0.521143] ACPI: PCI: Interrupt link LNKA configured for IRQ 10
[    0.523785] ACPI: PCI: Interrupt link LNKB configured for IRQ 10
[    0.525765] ACPI: PCI: Interrupt link LNKC configured for IRQ 11
[    0.527760] ACPI: PCI: Interrupt link LNKD configured for IRQ 11
[    0.529022] ACPI: PCI: Interrupt link LNKS configured for IRQ 9
[    0.555803] iommu: Default domain type: Translated
[    0.556498] iommu: DMA domain TLB invalidation policy: lazy mode
[    0.558120] SCSI subsystem initialized
[    0.559792] pps_core: LinuxPPS API ver. 1 registered
[    0.560499] pps_core: Software ver. 5.3.6 - Copyright 2005-2007 Rodolfo Giometti <giometti@linux.it>
[    0.561513] PTP clock support registered
[    0.562620] Advanced Linux Sound Architecture Driver Initialized.
[    0.564653] NET: Registered PF_ATMPVC protocol family
[    0.565300] NET: Registered PF_ATMSVC protocol family
[    0.565522] PCI: Using ACPI for IRQ routing
[    0.566545] vgaarb: loaded
[    0.566618] hpet0: at MMIO 0xfed00000, IRQs 2, 8, 0
[    0.567249] hpet0: 3 comparators, 64-bit 100.000000 MHz counter
[    0.571937] clocksource: Switched to clocksource kvm-clock
[    0.572941] VFS: Disk quotas dquot_6.6.0
[    0.573711] VFS: Dquot-cache hash table entries: 512 (order 0, 4096 bytes)
[    0.574785] pnp: PnP ACPI init
[    0.581520] pnp: PnP ACPI: found 5 devices
[    0.594776] clocksource: acpi_pm: mask: 0xffffff max_cycles: 0xffffff, max_idle_ns: 2085701024 ns
[    0.596013] NET: Registered PF_INET protocol family
[    0.596689] IP idents hash table entries: 16384 (order: 5, 131072 bytes, linear)
[    0.598036] tcp_listen_portaddr_hash hash table entries: 512 (order: 1, 8192 bytes, linear)
[    0.599120] Table-perturb hash table entries: 65536 (order: 6, 262144 bytes, linear)
[    0.600136] TCP established hash table entries: 8192 (order: 4, 65536 bytes, linear)
[    0.601138] TCP bind hash table entries: 8192 (order: 6, 262144 bytes, linear)
[    0.602161] TCP: Hash tables configured (established 8192 bind 8192)
[    0.603158] UDP hash table entries: 512 (order: 2, 16384 bytes, linear)
[    0.604063] UDP-Lite hash table entries: 512 (order: 2, 16384 bytes, linear)
[    0.605196] NET: Registered PF_UNIX/PF_LOCAL protocol family
[    0.605950] pci_bus 0000:00: resource 4 [io  0x0000-0x0cf7 window]
[    0.606751] pci_bus 0000:00: resource 5 [io  0x0d00-0xffff window]
[    0.607554] pci_bus 0000:00: resource 6 [mem 0x000a0000-0x000bffff window]
[    0.608439] pci_bus 0000:00: resource 7 [mem 0x40000000-0xfebfffff window]
[    0.609333] pci_bus 0000:00: resource 8 [mem 0x100000000-0x17fffffff window]
[    0.610452] pci 0000:00:01.0: PIIX3: Enabling Passive Release
[    0.611207] pci 0000:00:00.0: Limiting direct PCI/PCI transfers
[    0.612016] PCI: CLS 0 bytes, default 64
[    0.612726] kvm_intel: VMX not supported by CPU 6
[    0.613369] kvm_amd: TSC scaling supported
[    0.613914] kvm_amd: Nested Virtualization enabled
[    0.614537] kvm_amd: Nested Paging enabled
[    0.615090] kvm_amd: Virtual VMLOAD VMSAVE supported
[    0.615735] kvm_amd: Virtual GIF supported
[    0.616262] kvm_amd: Virtual NMI enabled
[    0.616771] kvm_amd: LBR virtualization supported
[    0.729759] Initialise system trusted keyrings
[    0.730495] workingset: timestamp_bits=56 max_order=18 bucket_order=0
[    0.731435] squashfs: version 4.0 (2009/01/31) Phillip Lougher
[    0.732211] fuse: init (API version 7.40)
[    0.732863] 9p: Installing v9fs 9p2000 file system support
[    0.742850] Key type asymmetric registered
[    0.743389] Asymmetric key parser 'x509' registered
[    0.744087] Block layer SCSI generic (bsg) driver version 0.4 loaded (major 249)
[    0.745080] io scheduler mq-deadline registered
[    0.745672] io scheduler kyber registered
[    0.747659] input: Power Button as /devices/LNXSYSTM:00/LNXPWRBN:00/input/input0
[    0.748849] ACPI: button: Power Button [PWRF]
[    0.749537] Warning: Processor Platform Limit event detected, but not handled.
[    0.750473] Consider compiling CPUfreq support into your kernel.
[    1.594941] ACPI: \_SB_.LNKB: Enabled at IRQ 10
[    2.430864] ACPI: \_SB_.LNKC: Enabled at IRQ 11
[    3.268368] ACPI: \_SB_.LNKA: Enabled at IRQ 10
[    3.269934] Serial: 8250/16550 driver, 4 ports, IRQ sharing enabled
[    3.271096] 00:03: ttyS0 at I/O 0x3f8 (irq = 4, base_baud = 115200) is a 16550A
[    3.317009] Non-volatile memory driver v1.3
[    3.317619] Linux agpgart interface v0.103
[    3.318148] printk: legacy console [hvc0] enabled
[    3.318317] ACPI: bus type drm_connector registered
[    3.318768] printk: legacy bootconsole [earlyser0] disabled
          _      _                                    
   __   _(_)_ __| |_ _ __ ___   ___       _ __   __ _ 
   \ \ / / |  __| __|  _   _ \ / _ \_____|  _ \ / _  |
    \ V /| | |  | |_| | | | | |  __/_____| | | | (_| |
     \_/ |_|_|   \__|_| |_| |_|\___|     |_| |_|\__  |
                                                |___/ 
   kernel version: 6.9.0-rc5-virtme x86_64
   (CTRL+d to exit)

virtme-ng:/nipa-data/kernel# PS1='xx__-> '
xx__-> env
PWD=/nipa-data/kernel
nr_open=1048576
HOME=/root
TERM=xterm
SHLVL=2
XDG_RUNTIME_DIR=/run/user/0
PATH=/bin:/sbin:/usr/bin:/usr/sbin:/usr/local/bin
OLDPWD=/
_=/usr/bin/env
xx__-> 