No EFI environment detected.
early console in extract_kernel
input_data: 0x00000000029b82c4
input_len: 0x0000000000bbfb25
output: 0x0000000001000000
output_len: 0x000000000253213c
kernel_total_size: 0x0000000002430000
needed_size: 0x0000000002600000
trampoline_32bit: 0x0000000000000000
Physical KASLR using RDRAND RDTSC...
Virtual KASLR using RDRAND RDTSC...

Decompressing Linux... Parsing ELF... Performing relocations... done.
Booting the kernel (entry_offset: 0x0000000000fb75d0).
[    0.000000] Linux version 6.15.0-rc6-virtme (root@628170c52ced) (gcc (Ubuntu 13.3.0-6ubuntu2~24.04) 13.3.0, GNU ld (GNU Binutils for Ubuntu) 2.42) #1 SMP PREEMPT_DYNAMIC Thu May 22 09:05:37 UTC 2025
[    0.000000] Command line: virtme_hostname=virtme-ng nr_open=1048576 virtme_link_mods=/nipa-data/kernel/.virtme_mods/lib/modules/0.0.0 virtme_initmount0=nipa-data/kernel virtme_rw_overlay0=/etc virtme_rw_overlay1=/lib virtme_rw_overlay2=/home virtme_rw_overlay3=/opt virtme_rw_overlay4=/srv virtme_rw_overlay5=/usr virtme_rw_overlay6=/var console=hvc0 earlyprintk=serial,ttyS0,115200 virtme_console=ttyS0 psmouse.proto=exps TERM=xterm virtme_chdir=nipa-data/kernel virtme_root_user=1 rootfstype=9p rootflags=version=9p2000.L,trans=virtio,access=any raid=noautodetect ro init=/usr/lib/python3/dist-packages/virtme/guest/virtme-init
[    0.000000] BIOS-provided physical RAM map:
[    0.000000] BIOS-e820: [mem 0x0000000000000000-0x000000000009fbff] usable
[    0.000000] BIOS-e820: [mem 0x000000000009fc00-0x000000000009ffff] reserved
[    0.000000] BIOS-e820: [mem 0x00000000000f0000-0x00000000000fffff] reserved
[    0.000000] BIOS-e820: [mem 0x0000000000100000-0x000000003ffdffff] usable
[    0.000000] BIOS-e820: [mem 0x000000003ffe0000-0x000000003fffffff] reserved
[    0.000000] BIOS-e820: [mem 0x00000000feffc000-0x00000000feffffff] reserved
[    0.000000] BIOS-e820: [mem 0x00000000fffc0000-0x00000000ffffffff] reserved
[    0.000000] BIOS-e820: [mem 0x000000fd00000000-0x000000ffffffffff] reserved
[    0.000000] printk: legacy bootconsole [earlyser0] enabled
[    0.000000] NX (Execute Disable) protection: active
[    0.000000] APIC: Static calls initialized
[    0.000000] SMBIOS 3.0.0 present.
[    0.000000] DMI: QEMU Ubuntu 24.04 PC (i440FX + PIIX, 1996), BIOS 1.16.3-debian-1.16.3-2 04/01/2014
[    0.000000] DMI: Memory slots populated: 1/1
[    0.000000] Hypervisor detected: KVM
[    0.000000] kvm-clock: Using msrs 4b564d01 and 4b564d00
[    0.000000] kvm-clock: using sched offset of 215843675 cycles
[    0.000369] clocksource: kvm-clock: mask: 0xffffffffffffffff max_cycles: 0x1cd42e4dffb, max_idle_ns: 881590591483 ns
[    0.001518] tsc: Detected 4491.564 MHz processor
[    0.002096] last_pfn = 0x3ffe0 max_arch_pfn = 0x400000000
[    0.002503] MTRR map: 4 entries (3 fixed + 1 variable; max 19), built from 8 variable MTRRs
[    0.003094] x86/PAT: Configuration [0-7]: WB  WC  UC- UC  WB  WP  UC- WT  
Memory KASLR using RDRAND RDTSC...
[    0.005073] found SMP MP-table at [mem 0x000f5470-0x000f547f]
[    0.005481] Using GB pages for direct mapping
[    0.005816] ACPI: Early table checksum verification disabled
[    0.006216] ACPI: RSDP 0x00000000000F5290 000014 (v00 BOCHS )
[    0.006623] ACPI: RSDT 0x000000003FFE27BC 000034 (v01 BOCHS  BXPC     00000001 BXPC 00000001)
[    0.007226] ACPI: FACP 0x000000003FFE2578 000074 (v01 BOCHS  BXPC     00000001 BXPC 00000001)
[    0.007828] ACPI: DSDT 0x000000003FFE0040 002538 (v01 BOCHS  BXPC     00000001 BXPC 00000001)
[    0.008429] ACPI: FACS 0x000000003FFE0000 000040
[    0.008757] ACPI: APIC 0x000000003FFE25EC 000170 (v03 BOCHS  BXPC     00000001 BXPC 00000001)
[    0.009358] ACPI: HPET 0x000000003FFE275C 000038 (v01 BOCHS  BXPC     00000001 BXPC 00000001)
[    0.009960] ACPI: WAET 0x000000003FFE2794 000028 (v01 BOCHS  BXPC     00000001 BXPC 00000001)
[    0.010561] ACPI: Reserving FACP table memory at [mem 0x3ffe2578-0x3ffe25eb]
[    0.011058] ACPI: Reserving DSDT table memory at [mem 0x3ffe0040-0x3ffe2577]
[    0.011554] ACPI: Reserving FACS table memory at [mem 0x3ffe0000-0x3ffe003f]
[    0.012050] ACPI: Reserving APIC table memory at [mem 0x3ffe25ec-0x3ffe275b]
[    0.012546] ACPI: Reserving HPET table memory at [mem 0x3ffe275c-0x3ffe2793]
[    0.013045] ACPI: Reserving WAET table memory at [mem 0x3ffe2794-0x3ffe27bb]
[    0.013678] No NUMA configuration found
[    0.013948] Faking a node at [mem 0x0000000000000000-0x000000003ffdffff]
[    0.014422] NODE_DATA(0) allocated [mem 0x3ffdb600-0x3ffdffff]
[    0.014842] Zone ranges:
[    0.015020]   DMA      [mem 0x0000000000001000-0x0000000000ffffff]
[    0.015456]   DMA32    [mem 0x0000000001000000-0x000000003ffdffff]
[    0.015893]   Normal   empty
[    0.016096]   Device   empty
[    0.016299] Movable zone start for each node
[    0.016600] Early memory node ranges
[    0.016854]   node   0: [mem 0x0000000000001000-0x000000000009efff]
[    0.017296]   node   0: [mem 0x0000000000100000-0x000000003ffdffff]
[    0.017739] Initmem setup node 0 [mem 0x0000000000001000-0x000000003ffdffff]
[    0.018237] On node 0, zone DMA: 1 pages in unavailable ranges
[    0.018655] On node 0, zone DMA: 97 pages in unavailable ranges
[    0.020025] On node 0, zone DMA32: 32 pages in unavailable ranges
[    0.020652] ACPI: PM-Timer IO Port: 0x608
[    0.020941] ACPI: LAPIC_NMI (acpi_id[0xff] dfl dfl lint[0x1])
[    0.021360] IOAPIC[0]: apic_id 0, version 17, address 0xfec00000, GSI 0-23
[    0.021845] ACPI: INT_SRC_OVR (bus 0 bus_irq 0 global_irq 2 dfl dfl)
[    0.022293] ACPI: INT_SRC_OVR (bus 0 bus_irq 5 global_irq 5 high level)
[    0.022759] ACPI: INT_SRC_OVR (bus 0 bus_irq 9 global_irq 9 high level)
[    0.023225] ACPI: INT_SRC_OVR (bus 0 bus_irq 10 global_irq 10 high level)
[    0.023703] ACPI: INT_SRC_OVR (bus 0 bus_irq 11 global_irq 11 high level)
[    0.024182] ACPI: Using ACPI (MADT) for SMP configuration information
[    0.024638] ACPI: HPET id: 0x8086a201 base: 0xfed00000
[    0.025001] TSC deadline timer available
[    0.025282] CPU topo: Max. logical packages:   1
[    0.025606] CPU topo: Max. logical dies:       1
[    0.025930] CPU topo: Max. dies per package:   1
[    0.026260] CPU topo: Max. threads per core:   1
[    0.026586] CPU topo: Num. cores per package:    32
[    0.026929] CPU topo: Num. threads per package:  32
[    0.027273] CPU topo: Allowing 32 present CPUs plus 0 hotplug CPUs
[    0.027715] kvm-guest: APIC: eoi() replaced with kvm_guest_apic_eoi_write()
[    0.028212] kvm-guest: KVM setup pv remote TLB flush
[    0.028566] kvm-guest: setup PV sched yield
[    0.028867] PM: hibernation: Registered nosave memory: [mem 0x00000000-0x00000fff]
[    0.029400] PM: hibernation: Registered nosave memory: [mem 0x0009f000-0x000fffff]
[    0.029932] [mem 0x40000000-0xfeffbfff] available for PCI devices
[    0.030359] Booting paravirtualized kernel on KVM
[    0.030689] clocksource: refined-jiffies: mask: 0xffffffff max_cycles: 0xffffffff, max_idle_ns: 1910969940391419 ns
[    0.034179] setup_percpu: NR_CPUS:64 nr_cpumask_bits:32 nr_cpu_ids:32 nr_node_ids:1
[    0.035295] percpu: Embedded 53 pages/cpu s178392 r8192 d30504 u262144
[    0.035785] Kernel command line: virtme_hostname=virtme-ng nr_open=1048576 virtme_link_mods=/nipa-data/kernel/.virtme_mods/lib/modules/0.0.0 virtme_initmount0=nipa-data/kernel virtme_rw_overlay0=/etc virtme_rw_overlay1=/lib virtme_rw_overlay2=/home virtme_rw_overlay3=/opt virtme_rw_overlay4=/srv virtme_rw_overlay5=/usr virtme_rw_overlay6=/var console=hvc0 earlyprintk=serial,ttyS0,115200 virtme_console=ttyS0 psmouse.proto=exps TERM=xterm virtme_chdir=nipa-data/kernel virtme_root_user=1 rootfstype=9p rootflags=version=9p2000.L,trans=virtio,access=any raid=noautodetect ro init=/usr/lib/python3/dist-packages/virtme/guest/virtme-init
[    0.039888] Unknown kernel command line parameters "virtme_hostname=virtme-ng nr_open=1048576 virtme_link_mods=/nipa-data/kernel/.virtme_mods/lib/modules/0.0.0 virtme_initmount0=nipa-data/kernel virtme_rw_overlay0=/etc virtme_rw_overlay1=/lib virtme_rw_overlay2=/home virtme_rw_overlay3=/opt virtme_rw_overlay4=/srv virtme_rw_overlay5=/usr virtme_rw_overlay6=/var virtme_console=ttyS0 virtme_chdir=nipa-data/kernel virtme_root_user=1", will be passed to user space.
[    0.043021] random: crng init done
[    0.043265] printk: log buffer data + meta data: 262144 + 917504 = 1179648 bytes
[    0.043827] Dentry cache hash table entries: 131072 (order: 8, 1048576 bytes, linear)
[    0.044408] Inode-cache hash table entries: 65536 (order: 7, 524288 bytes, linear)
[    0.045040] Fallback order for Node 0: 0 
[    0.045042] Built 1 zonelists, mobility grouping on.  Total pages: 262014
[    0.045819] Policy zone: DMA32
[    0.046039] mem auto-init: stack:all(zero), heap alloc:off, heap free:off
[    0.047051] SLUB: HWalign=64, Order=0-3, MinObjects=0, CPUs=32, Nodes=1
Poking KASLR using RDRAND RDTSC...
[    0.054356] ftrace: allocating 48782 entries in 192 pages
[    0.054746] ftrace: allocated 192 pages with 2 groups
[    0.055680] Dynamic Preempt: voluntary
[    0.056078] rcu: Preemptible hierarchical RCU implementation.
[    0.056496] rcu: RCU event tracing is enabled.
[    0.056825] rcu: RCU restricting CPUs from NR_CPUS=64 to nr_cpu_ids=32.
[    0.057311] Trampoline variant of Tasks RCU enabled.
[    0.057674] Rude variant of Tasks RCU enabled.
[    0.058001] Tracing variant of Tasks RCU enabled.
[    0.058346] rcu: RCU calculated value of scheduler-enlistment delay is 100 jiffies.
[    0.058898] rcu: Adjusting geometry for rcu_fanout_leaf=16, nr_cpu_ids=32
[    0.059396] RCU Tasks: Setting shift to 5 and lim to 1 rcu_task_cb_adjust=1 rcu_task_cpu_ids=32.
[    0.060032] RCU Tasks Rude: Setting shift to 5 and lim to 1 rcu_task_cb_adjust=1 rcu_task_cpu_ids=32.
[    0.060704] RCU Tasks Trace: Setting shift to 5 and lim to 1 rcu_task_cb_adjust=1 rcu_task_cpu_ids=32.
[    0.063083] NR_IRQS: 4352, nr_irqs: 680, preallocated irqs: 16
[    0.063669] rcu: srcu_init: Setting srcu_struct sizes based on contention.
[    0.064296] Console: colour *CGA 80x25
[    0.064569] ACPI: Core revision 20240827
[    0.064918] clocksource: hpet: mask: 0xffffffff max_cycles: 0xffffffff, max_idle_ns: 19112604467 ns
[    0.065623] APIC: Switch to symmetric I/O mode setup
[    0.066125] x2apic enabled
[    0.066489] APIC: Switched APIC routing to: physical x2apic
[    0.066885] kvm-guest: APIC: send_IPI_mask() replaced with kvm_send_ipi_mask()
[    0.067398] kvm-guest: APIC: send_IPI_mask_allbutself() replaced with kvm_send_ipi_mask_allbutself()
[    0.068031] kvm-guest: setup PV IPIs
[    0.069010] ..TIMER: vector=0x30 apic1=0 pin1=2 apic2=-1 pin2=-1
[    0.069788] clocksource: tsc-early: mask: 0xffffffffffffffff max_cycles: 0x40be463295d, max_idle_ns: 440795209293 ns
[    0.071119] Calibrating delay loop (skipped) preset value.. 8983.12 BogoMIPS (lpj=4491564)
[    0.072179] x86/cpu: User Mode Instruction Prevention (UMIP) activated
[    0.073166] Last level iTLB entries: 4KB 512, 2MB 255, 4MB 127
[    0.074118] Last level dTLB entries: 4KB 512, 2MB 255, 4MB 127, 1GB 0
[    0.075121] Spectre V1 : Mitigation: usercopy/swapgs barriers and __user pointer sanitization
[    0.076121] Spectre V2 : Mitigation: Enhanced / Automatic IBRS
[    0.076848] Spectre V2 : mitigation: Enabling conditional Indirect Branch Prediction Barrier
[    0.077119] Speculative Store Bypass: Mitigation: Speculative Store Bypass disabled via prctl
[    0.078118] Speculative Return Stack Overflow: IBPB-extending microcode not applied!
[    0.079083] Speculative Return Stack Overflow: WARNING: See https://kernel.org/doc/html/latest/admin-guide/hw-vuln/srso.html for mitigation options.
[    0.079084] Speculative Return Stack Overflow: Vulnerable: Safe RET, no microcode
[    0.080133] x86/fpu: Supporting XSAVE feature 0x001: 'x87 floating point registers'
[    0.081118] x86/fpu: Supporting XSAVE feature 0x002: 'SSE registers'
[    0.082118] x86/fpu: Supporting XSAVE feature 0x004: 'AVX registers'
[    0.083118] x86/fpu: Supporting XSAVE feature 0x020: 'AVX-512 opmask'
[    0.083912] x86/fpu: Supporting XSAVE feature 0x040: 'AVX-512 Hi256'
[    0.084118] x86/fpu: Supporting XSAVE feature 0x080: 'AVX-512 ZMM_Hi256'
[    0.085118] x86/fpu: Supporting XSAVE feature 0x200: 'Protection Keys User registers'
[    0.086118] x86/fpu: xstate_offset[2]:  576, xstate_sizes[2]:  256
[    0.087118] x86/fpu: xstate_offset[5]:  832, xstate_sizes[5]:   64
[    0.088118] x86/fpu: xstate_offset[6]:  896, xstate_sizes[6]:  512
[    0.088880] x86/fpu: xstate_offset[7]: 1408, xstate_sizes[7]: 1024
[    0.089118] x86/fpu: xstate_offset[9]: 2432, xstate_sizes[9]:    8
[    0.090118] x86/fpu: Enabled xstate features 0x2e7, context size is 2440 bytes, using 'compacted' format.
[    0.105943] Freeing SMP alternatives memory: 44K
[    0.106119] pid_max: default: 32768 minimum: 301
[    0.107128] Mount-cache hash table entries: 2048 (order: 2, 16384 bytes, linear)
[    0.108032] Mountpoint-cache hash table entries: 2048 (order: 2, 16384 bytes, linear)
[    0.109153] smpboot: CPU0: AMD Ryzen 9 7950X 16-Core Processor (family: 0x19, model: 0x61, stepping: 0x2)
[    0.110218] Performance Events: Fam17h+ core perfctr, AMD PMU driver.
[    0.111037] ... version:                0
[    0.111120] ... bit width:              48
[    0.111624] ... generic registers:      6
[    0.112116] ... value mask:             0000ffffffffffff
[    0.112772] ... max period:             00007fffffffffff
[    0.113120] ... fixed-purpose events:   0
[    0.113610] ... event mask:             000000000000003f
[    0.114201] signal: max sigframe size: 3376
[    0.114728] rcu: Hierarchical SRCU implementation.
[    0.115120] rcu: Max phase no-delay instances is 400.
[    0.115775] Timer migration: 2 hierarchy levels; 8 children per group; 2 crossnode level
[    0.118174] smp: Bringing up secondary CPUs ...
[    0.118782] smpboot: x86: Booting SMP configuration:
[    0.119121] .... node  #0, CPUs:        #1  #2  #3  #4  #5  #6  #7  #8  #9 #10 #11 #12 #13 #14 #15 #16 #17 #18 #19 #20 #21 #22 #23 #24 #25 #26 #27 #28 #29 #30 #31
[    0.130209] smp: Brought up 1 node, 32 CPUs
[    0.131643] smpboot: Total of 32 processors activated (287460.09 BogoMIPS)
[    0.133256] Memory: 971008K/1048056K available (16094K kernel code, 2479K rwdata, 6436K rodata, 3196K init, 1680K bss, 62536K reserved, 0K cma-reserved)
[    0.134222] devtmpfs: initialized
[    0.134565] x86/mm: Memory block size: 128MB
[    0.135823] clocksource: jiffies: mask: 0xffffffff max_cycles: 0xffffffff, max_idle_ns: 1911260446275000 ns
[    0.136121] posixtimers hash table entries: 16384 (order: 6, 262144 bytes, linear)
[    0.137090] futex hash table entries: 8192 (order: 7, 524288 bytes, linear)
[    0.137245] PM: RTC time: 09:05:54, date: 2025-05-22
[    0.138187] NET: Registered PF_NETLINK/PF_ROUTE protocol family
[    0.139072] thermal_sys: Registered thermal governor 'step_wise'
[    0.139081] cpuidle: using governor menu
[    0.140484] PCI: Using configuration type 1 for base access
[    0.141123] PCI: Using configuration type 1 for extended access
[    0.141927] kprobes: kprobe jump-optimization is enabled. All kprobes are optimized if possible.
[    0.156927] HugeTLB: allocation took 0ms with hugepage_allocation_threads=8
[    0.157145] HugeTLB: registered 1.00 GiB page size, pre-allocated 0 pages
[    0.157983] HugeTLB: 16380 KiB vmemmap can be freed for a 1.00 GiB page
[    0.158120] HugeTLB: registered 2.00 MiB page size, pre-allocated 0 pages
[    0.158956] HugeTLB: 28 KiB vmemmap can be freed for a 2.00 MiB page
[    0.159174] ACPI: Added _OSI(Module Device)
[    0.159684] ACPI: Added _OSI(Processor Device)
[    0.160120] ACPI: Added _OSI(3.0 _SCP Extensions)
[    0.160704] ACPI: Added _OSI(Processor Aggregator Device)
[    0.161769] ACPI: 1 ACPI AML tables successfully acquired and loaded
[    0.162499] ACPI: Interpreter enabled
[    0.163128] ACPI: PM: (supports S0 S3 S4 S5)
[    0.163663] ACPI: Using IOAPIC for interrupt routing
[    0.164128] PCI: Using host bridge windows from ACPI; if necessary, use "pci=nocrs" and report a bug
[    0.165120] PCI: Using E820 reservations for host bridge windows
[    0.165950] ACPI: Enabled 2 GPEs in block 00 to 0F
[    0.168736] ACPI: PCI Root Bridge [PCI0] (domain 0000 [bus 00-ff])
[    0.169122] acpi PNP0A03:00: _OSC: OS supports [ExtendedConfig ASPM ClockPM Segments MSI HPX-Type3]
[    0.170207] PCI host bridge to bus 0000:00
[    0.170717] pci_bus 0000:00: root bus resource [io  0x0000-0x0cf7 window]
[    0.171120] pci_bus 0000:00: root bus resource [io  0x0d00-0xffff window]
[    0.171965] pci_bus 0000:00: root bus resource [mem 0x000a0000-0x000bffff window]
[    0.172120] pci_bus 0000:00: root bus resource [mem 0x40000000-0xfebfffff window]
[    0.173039] pci_bus 0000:00: root bus resource [mem 0x100000000-0x17fffffff window]
[    0.173120] pci_bus 0000:00: root bus resource [bus 00-ff]
[    0.173877] pci 0000:00:00.0: [8086:1237] type 00 class 0x060000 conventional PCI endpoint
[    0.174394] pci 0000:00:01.0: [8086:7000] type 00 class 0x060100 conventional PCI endpoint
[    0.175388] pci 0000:00:01.1: [8086:7010] type 00 class 0x010180 conventional PCI endpoint
[    0.176498] pci 0000:00:01.1: BAR 4 [io  0xc0c0-0xc0cf]
[    0.177138] pci 0000:00:01.1: BAR 0 [io  0x01f0-0x01f7]: legacy IDE quirk
[    0.177989] pci 0000:00:01.1: BAR 1 [io  0x03f6]: legacy IDE quirk
[    0.178120] pci 0000:00:01.1: BAR 2 [io  0x0170-0x0177]: legacy IDE quirk
[    0.178957] pci 0000:00:01.1: BAR 3 [io  0x0376]: legacy IDE quirk
[    0.179208] pci 0000:00:01.3: [8086:7113] type 00 class 0x068000 conventional PCI endpoint
[    0.180319] pci 0000:00:01.3: quirk: [io  0x0600-0x063f] claimed by PIIX4 ACPI
[    0.181124] pci 0000:00:01.3: quirk: [io  0x0700-0x070f] claimed by PIIX4 SMB
[    0.182179] pci 0000:00:02.0: [1af4:1009] type 00 class 0x000200 conventional PCI endpoint
[    0.183889] pci 0000:00:02.0: BAR 0 [io  0xc000-0xc03f]
[    0.184124] pci 0000:00:02.0: BAR 1 [mem 0xfebfc000-0xfebfcfff]
[    0.184877] pci 0000:00:02.0: BAR 4 [mem 0xfebf0000-0xfebf3fff 64bit pref]
[    0.185884] pci 0000:00:03.0: [1af4:1009] type 00 class 0x000200 conventional PCI endpoint
[    0.186667] pci 0000:00:03.0: BAR 0 [io  0xc040-0xc07f]
[    0.187124] pci 0000:00:03.0: BAR 1 [mem 0xfebfd000-0xfebfdfff]
[    0.187868] pci 0000:00:03.0: BAR 4 [mem 0xfebf4000-0xfebf7fff 64bit pref]
[    0.188640] pci 0000:00:04.0: [8086:25ab] type 00 class 0x088000 conventional PCI endpoint
[    0.189462] pci 0000:00:04.0: BAR 0 [mem 0xfebfe000-0xfebfe00f]
[    0.190519] pci 0000:00:05.0: [1af4:1003] type 00 class 0x078000 conventional PCI endpoint
[    0.191841] pci 0000:00:05.0: BAR 0 [io  0xc080-0xc0bf]
[    0.192124] pci 0000:00:05.0: BAR 1 [mem 0xfebff000-0xfebfffff]
[    0.193118] pci 0000:00:05.0: BAR 4 [mem 0xfebf8000-0xfebfbfff 64bit pref]
[    0.193841] ACPI: PCI: Interrupt link LNKA configured for IRQ 10
[    0.194225] ACPI: PCI: Interrupt link LNKB configured for IRQ 10
[    0.195077] ACPI: PCI: Interrupt link LNKC configured for IRQ 11
[    0.195214] ACPI: PCI: Interrupt link LNKD configured for IRQ 11
[    0.196020] ACPI: PCI: Interrupt link LNKS configured for IRQ 9
[    0.196931] iommu: Default domain type: Translated
[    0.197120] iommu: DMA domain TLB invalidation policy: lazy mode
[    0.197903] SCSI subsystem initialized
[    0.198149] pps_core: LinuxPPS API ver. 1 registered
[    0.198766] pps_core: Software ver. 5.3.6 - Copyright 2005-2007 Rodolfo Giometti <giometti@linux.it>
[    0.199122] PTP clock support registered
[    0.199615] Advanced Linux Sound Architecture Driver Initialized.
[    0.200365] NET: Registered PF_ATMPVC protocol family
[    0.200995] NET: Registered PF_ATMSVC protocol family
[    0.201125] PCI: Using ACPI for IRQ routing
[    0.201717] vgaarb: loaded
[    0.202135] hpet0: at MMIO 0xfed00000, IRQs 2, 8, 0
[    0.202740] hpet0: 3 comparators, 64-bit 100.000000 MHz counter
[    0.206197] clocksource: Switched to clocksource kvm-clock
[    0.206901] VFS: Disk quotas dquot_6.6.0
[    0.207418] VFS: Dquot-cache hash table entries: 512 (order 0, 4096 bytes)
[    0.208407] pnp: PnP ACPI init
[    0.208969] pnp: PnP ACPI: found 5 devices
[    0.215686] clocksource: acpi_pm: mask: 0xffffff max_cycles: 0xffffff, max_idle_ns: 2085701024 ns
[    0.216801] NET: Registered PF_INET protocol family
[    0.217421] IP idents hash table entries: 16384 (order: 5, 131072 bytes, linear)
[    0.218481] tcp_listen_portaddr_hash hash table entries: 512 (order: 1, 8192 bytes, linear)
[    0.219520] Table-perturb hash table entries: 65536 (order: 6, 262144 bytes, linear)
[    0.220482] TCP established hash table entries: 8192 (order: 4, 65536 bytes, linear)
[    0.221441] TCP bind hash table entries: 8192 (order: 6, 262144 bytes, linear)
[    0.222340] TCP: Hash tables configured (established 8192 bind 8192)
[    0.223145] UDP hash table entries: 512 (order: 3, 32768 bytes, linear)
[    0.223964] UDP-Lite hash table entries: 512 (order: 3, 32768 bytes, linear)
[    0.224854] NET: Registered PF_UNIX/PF_LOCAL protocol family
[    0.225559] pci_bus 0000:00: resource 4 [io  0x0000-0x0cf7 window]
[    0.226324] pci_bus 0000:00: resource 5 [io  0x0d00-0xffff window]
[    0.227089] pci_bus 0000:00: resource 6 [mem 0x000a0000-0x000bffff window]
[    0.227933] pci_bus 0000:00: resource 7 [mem 0x40000000-0xfebfffff window]
[    0.228783] pci_bus 0000:00: resource 8 [mem 0x100000000-0x17fffffff window]
[    0.229673] pci 0000:00:01.0: PIIX3: Enabling Passive Release
[    0.230388] pci 0000:00:00.0: Limiting direct PCI/PCI transfers
[    0.231154] PCI: CLS 0 bytes, default 64
[    0.231691] kvm_intel: VMX not supported by CPU 0
[    0.232305] kvm_amd: TSC scaling supported
[    0.232810] kvm_amd: Nested Virtualization enabled
[    0.233406] kvm_amd: Nested Paging enabled
[    0.233911] kvm_amd: LBR virtualization supported
[    0.234501] kvm_amd: Virtual GIF supported
[    0.235009] kvm_amd: Virtual NMI enabled
[    0.260315] clocksource: tsc: mask: 0xffffffffffffffff max_cycles: 0x40be463295d, max_idle_ns: 440795209293 ns
[    0.266817] Initialise system trusted keyrings
[    0.267437] workingset: timestamp_bits=56 max_order=18 bucket_order=0
[    0.268271] squashfs: version 4.0 (2009/01/31) Phillip Lougher
[    0.269008] fuse: init (API version 7.43)
[    0.269541] 9p: Installing v9fs 9p2000 file system support
[    0.276871] Key type asymmetric registered
[    0.277389] Asymmetric key parser 'x509' registered
[    0.278008] Block layer SCSI generic (bsg) driver version 0.4 loaded (major 249)
[    0.278939] io scheduler mq-deadline registered
[    0.279509] io scheduler kyber registered
[    0.281376] input: Power Button as /devices/LNXSYSTM:00/LNXPWRBN:00/input/input0
[    0.282346] ACPI: button: Power Button [PWRF]
[    0.283260] Warning: Processor Platform Limit event detected, but not handled.
[    0.284166] Consider compiling CPUfreq support into your kernel.
[    0.301519] ACPI: \_SB_.LNKB: Enabled at IRQ 10
[    0.317220] ACPI: \_SB_.LNKC: Enabled at IRQ 11
[    0.332848] ACPI: \_SB_.LNKA: Enabled at IRQ 10
[    0.333934] Serial: 8250/16550 driver, 4 ports, IRQ sharing enabled
[    0.334829] 00:03: ttyS0 at I/O 0x3f8 (irq = 4, base_baud = 115200) is a 16550A
[    0.357635] Non-volatile memory driver v1.3
[    0.358215] Linux agpgart interface v0.103
[    0.358297] ACPI: bus type drm_connector registered
[    0.359380] printk: legacy console [hvc0] enabled
[    0.359966] printk: legacy bootconsole [earlyser0] disabled
          _      _                                    
   __   _(_)_ __| |_ _ __ ___   ___       _ __   __ _ 
   \ \ / / |  __| __|  _   _ \ / _ \_____|  _ \ / _  |
    \ V /| | |  | |_| | | | | |  __/_____| | | | (_| |
     \_/ |_|_|   \__|_| |_| |_|\___|     |_| |_|\__  |
                                                |___/ 
   kernel version: 6.15.0-rc6-virtme x86_64
   (CTRL+d to exit)

root@virtme-ng:/nipa-data/kernel# PS1='xx__-> '
xx__-> env
PWD=/nipa-data/kernel
nr_open=1048576
HOME=/
TERM=xterm
SHLVL=2
XDG_RUNTIME_DIR=/run/user/0
PATH=/bin:/sbin:/usr/bin:/usr/sbin:/usr/local/bin
OLDPWD=/
_=/bin/env
xx__-> 