No EFI environment detected.
early console in extract_kernel
input_data: 0x0000000004cc32c4
input_len: 0x000000000188e027
output: 0x0000000001000000
output_len: 0x00000000054db3dc
kernel_total_size: 0x0000000005030000
needed_size: 0x0000000005600000
trampoline_32bit: 0x000000000009d000
Physical KASLR using RDRAND RDTSC...
Virtual KASLR using RDRAND RDTSC...

Decompressing Linux... Parsing ELF... Performing relocations... done.
Booting the kernel (entry_offset: 0x0000000000000000).
[    0.000000] Linux version 6.10.0-virtme (root@64711df0eddc) (gcc (Ubuntu 13.2.0-23ubuntu4) 13.2.0, GNU ld (GNU Binutils for Ubuntu) 2.42) #1 SMP PREEMPT_DYNAMIC Mon Jul 29 21:27:31 UTC 2024
[    0.000000] Command line: virtme_hostname=virtme-ng nr_open=1048576 virtme_link_mods=/nipa-data/kernel/.virtme_mods/lib/modules/0.0.0 virtme_initmount0=nipa-data/kernel virtme_rw_overlay0=/etc virtme_rw_overlay1=/lib virtme_rw_overlay2=/home virtme_rw_overlay3=/opt virtme_rw_overlay4=/srv virtme_rw_overlay5=/usr virtme_rw_overlay6=/var console=hvc0 earlyprintk=serial,ttyS0,115200 virtme_console=ttyS0 psmouse.proto=exps TERM=xterm virtme_chdir=nipa-data/kernel virtme_root_user=1 rootfstype=9p rootflags=version=9p2000.L,trans=virtio,access=any raid=noautodetect ro init=/usr/lib/python3/dist-packages/virtme/guest/virtme-init
[    0.000000] x86/split lock detection: #DB: warning on user-space bus_locks
[    0.000000] BIOS-provided physical RAM map:
[    0.000000] BIOS-e820: [mem 0x0000000000000000-0x000000000009fbff] usable
[    0.000000] BIOS-e820: [mem 0x000000000009fc00-0x000000000009ffff] reserved
[    0.000000] BIOS-e820: [mem 0x00000000000f0000-0x00000000000fffff] reserved
[    0.000000] BIOS-e820: [mem 0x0000000000100000-0x000000003ffdffff] usable
[    0.000000] BIOS-e820: [mem 0x000000003ffe0000-0x000000003fffffff] reserved
[    0.000000] BIOS-e820: [mem 0x00000000feffc000-0x00000000feffffff] reserved
[    0.000000] BIOS-e820: [mem 0x00000000fffc0000-0x00000000ffffffff] reserved
[    0.000000] printk: legacy bootconsole [earlyser0] enabled
[    0.000000] NX (Execute Disable) protection: active
[    0.000000] APIC: Static calls initialized
[    0.000000] SMBIOS 3.0.0 present.
[    0.000000] DMI: QEMU Ubuntu 24.04 PC (i440FX + PIIX, 1996), BIOS 1.16.3-debian-1.16.3-2 04/01/2014
[    0.000000] DMI: Memory slots populated: 1/1
[    0.000000] Hypervisor detected: KVM
[    0.000000] kvm-clock: Using msrs 4b564d01 and 4b564d00
[    0.000001] kvm-clock: using sched offset of 945282147 cycles
[    0.000771] clocksource: kvm-clock: mask: 0xffffffffffffffff max_cycles: 0x1cd42e4dffb, max_idle_ns: 881590591483 ns
[    0.003164] tsc: Detected 2000.000 MHz processor
[    0.004473] last_pfn = 0x3ffe0 max_arch_pfn = 0x10000000000
[    0.005354] MTRR map: 4 entries (3 fixed + 1 variable; max 19), built from 8 variable MTRRs
[    0.006587] x86/PAT: Configuration [0-7]: WB  WC  UC- UC  WB  WP  UC- WT  
[    0.016136] found SMP MP-table at [mem 0x000f5470-0x000f547f]
[    0.016999] Using GB pages for direct mapping
[    0.017914] ACPI: Early table checksum verification disabled
[    0.018751] ACPI: RSDP 0x00000000000F5290 000014 (v00 BOCHS )
[    0.019606] ACPI: RSDT 0x000000003FFE308E 000034 (v01 BOCHS  BXPC     00000001 BXPC 00000001)
[    0.020869] ACPI: FACP 0x000000003FFE2D8A 000074 (v01 BOCHS  BXPC     00000001 BXPC 00000001)
[    0.022141] ACPI: DSDT 0x000000003FFE0040 002D4A (v01 BOCHS  BXPC     00000001 BXPC 00000001)
[    0.023398] ACPI: FACS 0x000000003FFE0000 000040
[    0.024082] ACPI: APIC 0x000000003FFE2DFE 000230 (v03 BOCHS  BXPC     00000001 BXPC 00000001)
[    0.025339] ACPI: HPET 0x000000003FFE302E 000038 (v01 BOCHS  BXPC     00000001 BXPC 00000001)
[    0.026600] ACPI: WAET 0x000000003FFE3066 000028 (v01 BOCHS  BXPC     00000001 BXPC 00000001)
[    0.027855] ACPI: Reserving FACP table memory at [mem 0x3ffe2d8a-0x3ffe2dfd]
[    0.028891] ACPI: Reserving DSDT table memory at [mem 0x3ffe0040-0x3ffe2d89]
[    0.029929] ACPI: Reserving FACS table memory at [mem 0x3ffe0000-0x3ffe003f]
[    0.030964] ACPI: Reserving APIC table memory at [mem 0x3ffe2dfe-0x3ffe302d]
[    0.031999] ACPI: Reserving HPET table memory at [mem 0x3ffe302e-0x3ffe3065]
[    0.033034] ACPI: Reserving WAET table memory at [mem 0x3ffe3066-0x3ffe308d]
[    0.034580] No NUMA configuration found
[    0.035144] Faking a node at [mem 0x0000000000000000-0x000000003ffdffff]
[    0.036128] NODE_DATA(0) allocated [mem 0x3ffdb000-0x3ffdffff]
[    0.037147] Zone ranges:
[    0.037523]   DMA      [mem 0x0000000000001000-0x0000000000ffffff]
[    0.038436]   DMA32    [mem 0x0000000001000000-0x000000003ffdffff]
[    0.039345]   Normal   empty
[    0.039769]   Device   empty
[    0.040192] Movable zone start for each node
[    0.040819] Early memory node ranges
[    0.041344]   node   0: [mem 0x0000000000001000-0x000000000009efff]
[    0.042268]   node   0: [mem 0x0000000000100000-0x000000003ffdffff]
[    0.043200] Initmem setup node 0 [mem 0x0000000000001000-0x000000003ffdffff]
[    0.044244] On node 0, zone DMA: 1 pages in unavailable ranges
[    0.045200] On node 0, zone DMA: 97 pages in unavailable ranges
[    0.054714] On node 0, zone DMA32: 32 pages in unavailable ranges
[    0.088702] kasan: KernelAddressSanitizer initialized
[    0.090016] ACPI: PM-Timer IO Port: 0x608
[    0.090638] ACPI: LAPIC_NMI (acpi_id[0xff] dfl dfl lint[0x1])
[    0.091542] IOAPIC[0]: apic_id 0, version 17, address 0xfec00000, GSI 0-23
[    0.092555] ACPI: INT_SRC_OVR (bus 0 bus_irq 0 global_irq 2 dfl dfl)
[    0.093487] ACPI: INT_SRC_OVR (bus 0 bus_irq 5 global_irq 5 high level)
[    0.094462] ACPI: INT_SRC_OVR (bus 0 bus_irq 9 global_irq 9 high level)
[    0.095432] ACPI: INT_SRC_OVR (bus 0 bus_irq 10 global_irq 10 high level)
[    0.096427] ACPI: INT_SRC_OVR (bus 0 bus_irq 11 global_irq 11 high level)
[    0.097429] ACPI: Using ACPI (MADT) for SMP configuration information
[    0.098378] ACPI: HPET id: 0x8086a201 base: 0xfed00000
[    0.099136] TSC deadline timer available
[    0.099716] CPU topo: Max. logical packages:   1
[    0.100393] CPU topo: Max. logical dies:       1
[    0.101071] CPU topo: Max. dies per package:   1
[    0.101751] CPU topo: Max. threads per core:   1
[    0.102520] CPU topo: Num. cores per package:    56
[    0.103237] CPU topo: Num. threads per package:  56
[    0.103959] CPU topo: Allowing 56 present CPUs plus 0 hotplug CPUs
[    0.104907] kvm-guest: APIC: eoi() replaced with kvm_guest_apic_eoi_write()
[    0.105956] kvm-guest: KVM setup pv remote TLB flush
[    0.106687] kvm-guest: setup PV sched yield
[    0.107308] PM: hibernation: Registered nosave memory: [mem 0x00000000-0x00000fff]
[    0.108419] PM: hibernation: Registered nosave memory: [mem 0x0009f000-0x0009ffff]
[    0.109528] PM: hibernation: Registered nosave memory: [mem 0x000a0000-0x000effff]
[    0.110640] PM: hibernation: Registered nosave memory: [mem 0x000f0000-0x000fffff]
[    0.111747] [mem 0x40000000-0xfeffbfff] available for PCI devices
[    0.112639] Booting paravirtualized kernel on KVM
[    0.113328] clocksource: refined-jiffies: mask: 0xffffffff max_cycles: 0xffffffff, max_idle_ns: 1910969940391419 ns
[    0.135922] setup_percpu: NR_CPUS:64 nr_cpumask_bits:56 nr_cpu_ids:56 nr_node_ids:1
[    0.146409] percpu: Embedded 70 pages/cpu s248408 r8192 d30120 u524288
[    0.147575] Kernel command line: virtme_hostname=virtme-ng nr_open=1048576 virtme_link_mods=/nipa-data/kernel/.virtme_mods/lib/modules/0.0.0 virtme_initmount0=nipa-data/kernel virtme_rw_overlay0=/etc virtme_rw_overlay1=/lib virtme_rw_overlay2=/home virtme_rw_overlay3=/opt virtme_rw_overlay4=/srv virtme_rw_overlay5=/usr virtme_rw_overlay6=/var console=hvc0 earlyprintk=serial,ttyS0,115200 virtme_console=ttyS0 psmouse.proto=exps TERM=xterm virtme_chdir=nipa-data/kernel virtme_root_user=1 rootfstype=9p rootflags=version=9p2000.L,trans=virtio,access=any raid=noautodetect ro init=/usr/lib/python3/dist-packages/virtme/guest/virtme-init
[    0.156157] Unknown kernel command line parameters "virtme_hostname=virtme-ng nr_open=1048576 virtme_link_mods=/nipa-data/kernel/.virtme_mods/lib/modules/0.0.0 virtme_initmount0=nipa-data/kernel virtme_rw_overlay0=/etc virtme_rw_overlay1=/lib virtme_rw_overlay2=/home virtme_rw_overlay3=/opt virtme_rw_overlay4=/srv virtme_rw_overlay5=/usr virtme_rw_overlay6=/var virtme_console=ttyS0 virtme_chdir=nipa-data/kernel virtme_root_user=1", will be passed to user space.
[    0.162250] random: crng init done
[    0.162757] printk: log_buf_len individual max cpu contribution: 4096 bytes
[    0.163793] printk: log_buf_len total cpu_extra contributions: 225280 bytes
[    0.164828] printk: log_buf_len min size: 262144 bytes
[    0.166424] printk: log_buf_len: 524288 bytes
[    0.167100] printk: early log buf free: 253864(96%)
[    0.168277] Dentry cache hash table entries: 131072 (order: 8, 1048576 bytes, linear)
[    0.169515] Inode-cache hash table entries: 65536 (order: 7, 524288 bytes, linear)
[    0.173347] Fallback order for Node 0: 0 
[    0.173364] Built 1 zonelists, mobility grouping on.  Total pages: 262014
[    0.174930] Policy zone: DMA32
[    0.175364] mem auto-init: stack:all(zero), heap alloc:off, heap free:off
[    0.176323] stackdepot: allocating hash table via alloc_large_system_hash
[    0.177287] stackdepot hash table entries: 1048576 (order: 12, 16777216 bytes, linear)
[    0.201817] SLUB: HWalign=64, Order=0-3, MinObjects=0, CPUs=56, Nodes=1
Poking KASLR using RDRAND RDTSC...
[    0.203387] ftrace: allocating 48352 entries in 189 pages
[    0.223723] ftrace: allocated 189 pages with 6 groups
[    0.226396] Dynamic Preempt: voluntary
[    0.228955] rcu: Preemptible hierarchical RCU implementation.
[    0.229773] rcu: RCU event tracing is enabled.
[    0.230418] rcu: RCU restricting CPUs from NR_CPUS=64 to nr_cpu_ids=56.
[    0.231364] Trampoline variant of Tasks RCU enabled.
[    0.232074] Rude variant of Tasks RCU enabled.
[    0.232712] Tracing variant of Tasks RCU enabled.
[    0.233385] rcu: RCU calculated value of scheduler-enlistment delay is 100 jiffies.
[    0.234465] rcu: Adjusting geometry for rcu_fanout_leaf=16, nr_cpu_ids=56
[    0.235719] RCU Tasks: Setting shift to 6 and lim to 1 rcu_task_cb_adjust=1.
[    0.236718] RCU Tasks Rude: Setting shift to 6 and lim to 1 rcu_task_cb_adjust=1.
[    0.237776] RCU Tasks Trace: Setting shift to 6 and lim to 1 rcu_task_cb_adjust=1.
[    0.258932] NR_IRQS: 4352, nr_irqs: 872, preallocated irqs: 16
[    0.260308] rcu: srcu_init: Setting srcu_struct sizes based on contention.
[    0.261767] Console: colour *CGA 80x25
[    0.262420] ACPI: Core revision 20240322
[    0.263344] clocksource: hpet: mask: 0xffffffff max_cycles: 0xffffffff, max_idle_ns: 19112604467 ns
[    0.264768] APIC: Switch to symmetric I/O mode setup
[    0.265541] APIC: Switched APIC routing to: physical flat
[    0.266365] kvm-guest: APIC: send_IPI_mask() replaced with kvm_send_ipi_mask()
[    0.267407] kvm-guest: APIC: send_IPI_mask_allbutself() replaced with kvm_send_ipi_mask_allbutself()
[    0.268703] kvm-guest: setup PV IPIs
[    0.270935] ..TIMER: vector=0x30 apic1=0 pin1=2 apic2=-1 pin2=-1
[    0.272300] clocksource: tsc-early: mask: 0xffffffffffffffff max_cycles: 0x39a85c9bff6, max_idle_ns: 881590591483 ns
[    0.274654] Calibrating delay loop (skipped) preset value.. 4000.00 BogoMIPS (lpj=2000000)
[    0.275890] x86/cpu: User Mode Instruction Prevention (UMIP) activated
[    0.276794] Last level iTLB entries: 4KB 0, 2MB 0, 4MB 0
[    0.277649] Last level dTLB entries: 4KB 0, 2MB 0, 4MB 0, 1GB 0
[    0.278671] Spectre V1 : Mitigation: usercopy/swapgs barriers and __user pointer sanitization
[    0.280649] Spectre V2 : Spectre BHI mitigation: SW BHB clearing on syscall and VM exit
[    0.281653] Spectre V2 : Mitigation: Enhanced / Automatic IBRS
[    0.282658] Spectre V2 : Spectre v2 / SpectreRSB mitigation: Filling RSB on context switch
[    0.283658] Spectre V2 : Spectre v2 / PBRSB-eIBRS: Retire a single CALL on VMEXIT
[    0.284667] Spectre V2 : mitigation: Enabling conditional Indirect Branch Prediction Barrier
[    0.285663] Speculative Store Bypass: Mitigation: Speculative Store Bypass disabled via prctl
[    0.286659] TAA: Mitigation: TSX disabled
[    0.288726] x86/fpu: Supporting XSAVE feature 0x001: 'x87 floating point registers'
[    0.289650] x86/fpu: Supporting XSAVE feature 0x002: 'SSE registers'
[    0.290658] x86/fpu: Supporting XSAVE feature 0x004: 'AVX registers'
[    0.291659] x86/fpu: Supporting XSAVE feature 0x020: 'AVX-512 opmask'
[    0.292658] x86/fpu: Supporting XSAVE feature 0x040: 'AVX-512 Hi256'
[    0.293658] x86/fpu: Supporting XSAVE feature 0x080: 'AVX-512 ZMM_Hi256'
[    0.294659] x86/fpu: Supporting XSAVE feature 0x200: 'Protection Keys User registers'
[    0.295659] x86/fpu: Supporting XSAVE feature 0x20000: 'AMX Tile config'
[    0.296658] x86/fpu: Supporting XSAVE feature 0x40000: 'AMX Tile data'
[    0.297659] x86/fpu: xstate_offset[2]:  576, xstate_sizes[2]:  256
[    0.298658] x86/fpu: xstate_offset[5]:  832, xstate_sizes[5]:   64
[    0.299659] x86/fpu: xstate_offset[6]:  896, xstate_sizes[6]:  512
[    0.300653] x86/fpu: xstate_offset[7]: 1408, xstate_sizes[7]: 1024
[    0.301649] x86/fpu: xstate_offset[9]: 2432, xstate_sizes[9]:    8
[    0.302649] x86/fpu: xstate_offset[17]: 2496, xstate_sizes[17]:   64
[    0.303649] x86/fpu: xstate_offset[18]: 2560, xstate_sizes[18]: 8192
[    0.304650] x86/fpu: Enabled xstate features 0x602e7, context size is 10752 bytes, using 'compacted' format.
[    0.350195] Freeing SMP alternatives memory: 40K
[    0.350654] pid_max: default: 57344 minimum: 448
[    0.351979] Mount-cache hash table entries: 2048 (order: 2, 16384 bytes, linear)
[    0.352664] Mountpoint-cache hash table entries: 2048 (order: 2, 16384 bytes, linear)
[    0.355648] smpboot: CPU0: Intel(R) Xeon(R) Platinum 8480+ (family: 0x6, model: 0x8f, stepping: 0x6)
[    0.356441] Performance Events: PEBS fmt0-, Sapphire Rapids events, full-width counters, Intel PMU driver.
[    0.356657] ... version:                2
[    0.357484] ... bit width:              48
[    0.357652] ... generic registers:      8
[    0.358462] ... value mask:             0000ffffffffffff
[    0.358652] ... max period:             00007fffffffffff
[    0.359652] ... fixed-purpose events:   3
[    0.360461] ... event mask:             00000007000000ff
[    0.361004] signal: max sigframe size: 11952
[    0.361721] rcu: Hierarchical SRCU implementation.
[    0.362652] rcu: Max phase no-delay instances is 400.
[    0.366395] smp: Bringing up secondary CPUs ...
[    0.366945] smpboot: x86: Booting SMP configuration:
[    0.367656] .... node  #0, CPUs:        #1  #2  #3  #4  #5  #6  #7  #8  #9 #10 #11 #12 #13 #14 #15 #16 #17 #18 #19 #20 #21 #22 #23 #24 #25 #26 #27 #28 #29 #30 #31 #32 #33 #34 #35 #36 #37 #38 #39 #40 #41 #42 #43 #44 #45 #46 #47 #48 #49 #50 #51 #52 #53 #54 #55
[    0.431437] smp: Brought up 1 node, 56 CPUs
[    0.433504] smpboot: Total of 56 processors activated (224000.00 BogoMIPS)
[    0.446879] Memory: 742804K/1048056K available (45056K kernel code, 11291K rwdata, 9916K rodata, 5952K init, 1980K bss, 280356K reserved, 0K cma-reserved)
[    0.448652] devtmpfs: initialized
[    0.449756] x86/mm: Memory block size: 128MB
[    0.460054] clocksource: jiffies: mask: 0xffffffff max_cycles: 0xffffffff, max_idle_ns: 1911260446275000 ns
[    0.460679] futex hash table entries: 16384 (order: 8, 1048576 bytes, linear)
[    0.462654] PM: RTC time: 21:28:16, date: 2024-07-29
[    0.467052] NET: Registered PF_NETLINK/PF_ROUTE protocol family
[    0.468828] thermal_sys: Registered thermal governor 'step_wise'
[    0.468833] thermal_sys: Registered thermal governor 'user_space'
[    0.469725] cpuidle: using governor menu
[    0.474119] PCI: Using configuration type 1 for base access
[    0.474836] kprobes: kprobe jump-optimization is enabled. All kprobes are optimized if possible.
[    0.522073] HugeTLB: registered 1.00 GiB page size, pre-allocated 0 pages
[    0.523655] HugeTLB: 16380 KiB vmemmap can be freed for a 1.00 GiB page
[    0.525653] HugeTLB: registered 2.00 MiB page size, pre-allocated 0 pages
[    0.526651] HugeTLB: 28 KiB vmemmap can be freed for a 2.00 MiB page
[    0.529742] ACPI: Added _OSI(Module Device)
[    0.530654] ACPI: Added _OSI(Processor Device)
[    0.531568] ACPI: Added _OSI(3.0 _SCP Extensions)
[    0.532652] ACPI: Added _OSI(Processor Aggregator Device)
[    0.562537] ACPI: 1 ACPI AML tables successfully acquired and loaded
[    0.573648] ACPI: Interpreter enabled
[    0.574732] ACPI: PM: (supports S0 S3 S4 S5)
[    0.575593] ACPI: Using IOAPIC for interrupt routing
[    0.576727] PCI: Using host bridge windows from ACPI; if necessary, use "pci=nocrs" and report a bug
[    0.578653] PCI: Using E820 reservations for host bridge windows
[    0.581115] ACPI: Enabled 2 GPEs in block 00 to 0F
[    0.643661] ACPI: PCI Root Bridge [PCI0] (domain 0000 [bus 00-ff])
[    0.644670] acpi PNP0A03:00: _OSC: OS supports [ASPM ClockPM Segments MSI HPX-Type3]
[    0.645653] acpi PNP0A03:00: _OSC: not requesting OS control; OS requires [ExtendedConfig ASPM ClockPM MSI]
[    0.647784] acpi PNP0A03:00: fail to add MMCONFIG information, can't access extended configuration space under this bridge
[    0.650091] PCI host bridge to bus 0000:00
[    0.650715] pci_bus 0000:00: root bus resource [io  0x0000-0x0cf7 window]
[    0.652655] pci_bus 0000:00: root bus resource [io  0x0d00-0xffff window]
[    0.653655] pci_bus 0000:00: root bus resource [mem 0x000a0000-0x000bffff window]
[    0.654655] pci_bus 0000:00: root bus resource [mem 0x40000000-0xfebfffff window]
[    0.656655] pci_bus 0000:00: root bus resource [mem 0x100000000-0x17fffffff window]
[    0.657655] pci_bus 0000:00: root bus resource [bus 00-ff]
[    0.658721] pci 0000:00:00.0: [8086:1237] type 00 class 0x060000 conventional PCI endpoint
[    0.660890] pci 0000:00:01.0: [8086:7000] type 00 class 0x060100 conventional PCI endpoint
[    0.664017] pci 0000:00:01.1: [8086:7010] type 00 class 0x010180 conventional PCI endpoint
[    0.667982] pci 0000:00:01.1: BAR 4 [io  0xc0c0-0xc0cf]
[    0.670339] pci 0000:00:01.1: BAR 0 [io  0x01f0-0x01f7]: legacy IDE quirk
[    0.671653] pci 0000:00:01.1: BAR 1 [io  0x03f6]: legacy IDE quirk
[    0.672652] pci 0000:00:01.1: BAR 2 [io  0x0170-0x0177]: legacy IDE quirk
[    0.673652] pci 0000:00:01.1: BAR 3 [io  0x0376]: legacy IDE quirk
[    0.677657] pci 0000:00:01.3: [8086:7113] type 00 class 0x068000 conventional PCI endpoint
[    0.679260] pci 0000:00:01.3: quirk: [io  0x0600-0x063f] claimed by PIIX4 ACPI
[    0.680662] pci 0000:00:01.3: quirk: [io  0x0700-0x070f] claimed by PIIX4 SMB
[    0.682671] pci 0000:00:02.0: [1af4:1009] type 00 class 0x000200 conventional PCI endpoint
[    0.685664] pci 0000:00:02.0: BAR 0 [io  0xc000-0xc03f]
[    0.688656] pci 0000:00:02.0: BAR 1 [mem 0xfebfc000-0xfebfcfff]
[    0.693654] pci 0000:00:02.0: BAR 4 [mem 0xfebf0000-0xfebf3fff 64bit pref]
[    0.709749] pci 0000:00:03.0: [1af4:1009] type 00 class 0x000200 conventional PCI endpoint
[    0.711574] pci 0000:00:03.0: BAR 0 [io  0xc040-0xc07f]
[    0.713510] pci 0000:00:03.0: BAR 1 [mem 0xfebfd000-0xfebfdfff]
[    0.717658] pci 0000:00:03.0: BAR 4 [mem 0xfebf4000-0xfebf7fff 64bit pref]
[    0.731648] pci 0000:00:04.0: [8086:25ab] type 00 class 0x088000 conventional PCI endpoint
[    0.734663] pci 0000:00:04.0: BAR 0 [mem 0xfebfe000-0xfebfe00f]
[    0.750326] pci 0000:00:05.0: [1af4:1003] type 00 class 0x078000 conventional PCI endpoint
[    0.752655] pci 0000:00:05.0: BAR 0 [io  0xc080-0xc0bf]
[    0.754654] pci 0000:00:05.0: BAR 1 [mem 0xfebff000-0xfebfffff]
[    0.758629] pci 0000:00:05.0: BAR 4 [mem 0xfebf8000-0xfebfbfff 64bit pref]
[    0.777392] ACPI: PCI: Interrupt link LNKA configured for IRQ 10
[    0.778732] ACPI: PCI: Interrupt link LNKB configured for IRQ 10
[    0.780702] ACPI: PCI: Interrupt link LNKC configured for IRQ 11
[    0.782699] ACPI: PCI: Interrupt link LNKD configured for IRQ 11
[    0.785087] ACPI: PCI: Interrupt link LNKS configured for IRQ 9
[    0.816430] iommu: Default domain type: Translated
[    0.817652] iommu: DMA domain TLB invalidation policy: lazy mode
[    0.819231] SCSI subsystem initialized
[    0.820932] pps_core: LinuxPPS API ver. 1 registered
[    0.821655] pps_core: Software ver. 5.3.6 - Copyright 2005-2007 Rodolfo Giometti <giometti@linux.it>
[    0.823668] PTP clock support registered
[    0.825859] Advanced Linux Sound Architecture Driver Initialized.
[    0.829011] NET: Registered PF_ATMPVC protocol family
[    0.829653] NET: Registered PF_ATMSVC protocol family
[    0.830683] PCI: Using ACPI for IRQ routing
[    0.832675] vgaarb: loaded
[    0.833872] hpet0: at MMIO 0xfed00000, IRQs 2, 8, 0
[    0.834652] hpet0: 3 comparators, 64-bit 100.000000 MHz counter
[    0.838086] clocksource: Switched to clocksource kvm-clock
[    0.840037] VFS: Disk quotas dquot_6.6.0
[    0.840898] VFS: Dquot-cache hash table entries: 512 (order 0, 4096 bytes)
[    0.847309] pnp: PnP ACPI init
[    0.852633] pnp: PnP ACPI: found 5 devices
[    0.876701] clocksource: acpi_pm: mask: 0xffffff max_cycles: 0xffffff, max_idle_ns: 2085701024 ns
[    0.878870] NET: Registered PF_INET protocol family
[    0.879962] IP idents hash table entries: 16384 (order: 5, 131072 bytes, linear)
[    0.882207] tcp_listen_portaddr_hash hash table entries: 512 (order: 1, 8192 bytes, linear)
[    0.883914] Table-perturb hash table entries: 65536 (order: 6, 262144 bytes, linear)
[    0.885513] TCP established hash table entries: 8192 (order: 4, 65536 bytes, linear)
[    0.887093] TCP bind hash table entries: 8192 (order: 6, 262144 bytes, linear)
[    0.888920] TCP: Hash tables configured (established 8192 bind 8192)
[    0.890576] UDP hash table entries: 512 (order: 2, 16384 bytes, linear)
[    0.891924] UDP-Lite hash table entries: 512 (order: 2, 16384 bytes, linear)
[    0.893765] NET: Registered PF_UNIX/PF_LOCAL protocol family
[    0.894939] pci_bus 0000:00: resource 4 [io  0x0000-0x0cf7 window]
[    0.896188] pci_bus 0000:00: resource 5 [io  0x0d00-0xffff window]
[    0.897419] pci_bus 0000:00: resource 6 [mem 0x000a0000-0x000bffff window]
[    0.898794] pci_bus 0000:00: resource 7 [mem 0x40000000-0xfebfffff window]
[    0.900175] pci_bus 0000:00: resource 8 [mem 0x100000000-0x17fffffff window]
[    0.901826] pci 0000:00:01.0: PIIX3: Enabling Passive Release
[    0.902994] pci 0000:00:00.0: Limiting direct PCI/PCI transfers
[    0.904286] PCI: CLS 0 bytes, default 64
[    0.924201] RAPL PMU: API unit is 2^-32 Joules, 1 fixed counters, 10737418240 ms ovfl timer
[    0.926241] RAPL PMU: hw unit of domain psys 2^-0 Joules
[    1.277861] kwatchdog (374) used greatest stack depth: 30696 bytes left
[    1.527381] kvm_amd: CPU 36 isn't AMD or Hygon
[    1.528296] clocksource: tsc: mask: 0xffffffffffffffff max_cycles: 0x39a85c9bff6, max_idle_ns: 881590591483 ns
[    1.677412] Initialise system trusted keyrings
[    1.679060] workingset: timestamp_bits=56 max_order=18 bucket_order=0
[    1.680566] squashfs: version 4.0 (2009/01/31) Phillip Lougher
[    1.681768] fuse: init (API version 7.40)
[    1.683270] 9p: Installing v9fs 9p2000 file system support
[    1.703377] Key type asymmetric registered
[    1.704208] Asymmetric key parser 'x509' registered
[    1.705270] Block layer SCSI generic (bsg) driver version 0.4 loaded (major 249)
[    1.706800] io scheduler mq-deadline registered
[    1.707726] io scheduler kyber registered
[    1.726065] input: Power Button as /devices/LNXSYSTM:00/LNXPWRBN:00/input/input0
[    1.728008] ACPI: button: Power Button [PWRF]
[    1.732044] Warning: Processor Platform Limit event detected, but not handled.
[    1.735863] Consider compiling CPUfreq support into your kernel.
[    2.657774] ACPI: \_SB_.LNKB: Enabled at IRQ 10
[    3.541054] ACPI: \_SB_.LNKC: Enabled at IRQ 11
[    4.346659] ACPI: \_SB_.LNKA: Enabled at IRQ 10
[    4.348707] Serial: 8250/16550 driver, 4 ports, IRQ sharing enabled
[    4.349981] 00:03: ttyS0 at I/O 0x3f8 (irq = 4, base_baud = 115200) is a 16550A
[    4.377780] Non-volatile memory driver v1.3
[    4.378257] Linux agpgart interface v0.103
[    4.378835] ACPI: bus type drm_connector registered
[    4.380934] printk: legacy console [hvc0] enabled
[    4.382377] printk: legacy bootconsole [earlyser0] disabled
          _      _                                    
   __   _(_)_ __| |_ _ __ ___   ___       _ __   __ _ 
   \ \ / / |  __| __|  _   _ \ / _ \_____|  _ \ / _  |
    \ V /| | |  | |_| | | | | |  __/_____| | | | (_| |
     \_/ |_|_|   \__|_| |_| |_|\___|     |_| |_|\__  |
                                                |___/ 
   kernel version: 6.10.0-virtme x86_64
   (CTRL+d to exit)

root@virtme-ng:/nipa-data/kernel# PS1='xx__-> '
xx__-> env
PWD=/nipa-data/kernel
nr_open=1048576
HOME=/
TERM=xterm
SHLVL=2
XDG_RUNTIME_DIR=/run/user/0
PATH=/bin:/sbin:/usr/bin:/usr/sbin:/usr/local/bin
OLDPWD=/
_=/bin/env
xx__-> 