No EFI environment detected.
early console in extract_kernel
input_data: 0x0000000004c862c4
input_len: 0x000000000197a8cd
output: 0x0000000001000000
output_len: 0x000000000558aeec
kernel_total_size: 0x0000000005230000
needed_size: 0x0000000005600000
trampoline_32bit: 0x0000000000000000
Physical KASLR using RDRAND RDTSC...
Virtual KASLR using RDRAND RDTSC...

Decompressing Linux... Parsing ELF... Performing relocations... done.
Booting the kernel (entry_offset: 0x0000000002bca410).
[    0.000000] Linux version 6.15.0-rc6-virtme (root@625f48421024) (gcc (Ubuntu 13.3.0-6ubuntu2~24.04) 13.3.0, GNU ld (GNU Binutils for Ubuntu) 2.42) #1 SMP PREEMPT_DYNAMIC Fri May 16 09:27:19 UTC 2025
[    0.000000] Command line: virtme_hostname=virtme-ng nr_open=1048576 virtme_link_mods=/nipa-data/kernel/.virtme_mods/lib/modules/0.0.0 virtme_initmount0=nipa-data/kernel virtme_rw_overlay0=/etc virtme_rw_overlay1=/lib virtme_rw_overlay2=/home virtme_rw_overlay3=/opt virtme_rw_overlay4=/srv virtme_rw_overlay5=/usr virtme_rw_overlay6=/var console=hvc0 earlyprintk=serial,ttyS0,115200 virtme_console=ttyS0 psmouse.proto=exps TERM=xterm virtme_chdir=nipa-data/kernel virtme_root_user=1 rootfstype=9p rootflags=version=9p2000.L,trans=virtio,access=any raid=noautodetect ro init=/usr/lib/python3/dist-packages/virtme/guest/virtme-init
[    0.000000] BIOS-provided physical RAM map:
[    0.000000] BIOS-e820: [mem 0x0000000000000000-0x000000000009fbff] usable
[    0.000000] BIOS-e820: [mem 0x000000000009fc00-0x000000000009ffff] reserved
[    0.000000] BIOS-e820: [mem 0x00000000000f0000-0x00000000000fffff] reserved
[    0.000000] BIOS-e820: [mem 0x0000000000100000-0x000000003ffdffff] usable
[    0.000000] BIOS-e820: [mem 0x000000003ffe0000-0x000000003fffffff] reserved
[    0.000000] BIOS-e820: [mem 0x00000000feffc000-0x00000000feffffff] reserved
[    0.000000] BIOS-e820: [mem 0x00000000fffc0000-0x00000000ffffffff] reserved
[    0.000000] BIOS-e820: [mem 0x000000fd00000000-0x000000ffffffffff] reserved
[    0.000000] printk: legacy bootconsole [earlyser0] enabled
[    0.000000] NX (Execute Disable) protection: active
[    0.000000] APIC: Static calls initialized
[    0.000000] SMBIOS 3.0.0 present.
[    0.000000] DMI: QEMU Ubuntu 24.04 PC (i440FX + PIIX, 1996), BIOS 1.16.3-debian-1.16.3-2 04/01/2014
[    0.000000] DMI: Memory slots populated: 1/1
[    0.000000] Hypervisor detected: KVM
[    0.000000] kvm-clock: Using msrs 4b564d01 and 4b564d00
[    0.000000] kvm-clock: using sched offset of 325724745 cycles
[    0.000372] clocksource: kvm-clock: mask: 0xffffffffffffffff max_cycles: 0x1cd42e4dffb, max_idle_ns: 881590591483 ns
[    0.001526] tsc: Detected 4491.560 MHz processor
[    0.002196] last_pfn = 0x3ffe0 max_arch_pfn = 0x400000000
[    0.002603] MTRR map: 4 entries (3 fixed + 1 variable; max 19), built from 8 variable MTRRs
[    0.003196] x86/PAT: Configuration [0-7]: WB  WC  UC- UC  WB  WP  UC- WT  
[    0.005121] found SMP MP-table at [mem 0x000f5470-0x000f547f]
[    0.005536] Using GB pages for direct mapping
[    0.005997] ACPI: Early table checksum verification disabled
[    0.006400] ACPI: RSDP 0x00000000000F5290 000014 (v00 BOCHS )
[    0.006810] ACPI: RSDT 0x000000003FFE27BC 000034 (v01 BOCHS  BXPC     00000001 BXPC 00000001)
[    0.007422] ACPI: FACP 0x000000003FFE2578 000074 (v01 BOCHS  BXPC     00000001 BXPC 00000001)
[    0.008030] ACPI: DSDT 0x000000003FFE0040 002538 (v01 BOCHS  BXPC     00000001 BXPC 00000001)
[    0.008635] ACPI: FACS 0x000000003FFE0000 000040
[    0.008964] ACPI: APIC 0x000000003FFE25EC 000170 (v03 BOCHS  BXPC     00000001 BXPC 00000001)
[    0.009570] ACPI: HPET 0x000000003FFE275C 000038 (v01 BOCHS  BXPC     00000001 BXPC 00000001)
[    0.010177] ACPI: WAET 0x000000003FFE2794 000028 (v01 BOCHS  BXPC     00000001 BXPC 00000001)
[    0.010782] ACPI: Reserving FACP table memory at [mem 0x3ffe2578-0x3ffe25eb]
[    0.011285] ACPI: Reserving DSDT table memory at [mem 0x3ffe0040-0x3ffe2577]
[    0.011787] ACPI: Reserving FACS table memory at [mem 0x3ffe0000-0x3ffe003f]
[    0.012288] ACPI: Reserving APIC table memory at [mem 0x3ffe25ec-0x3ffe275b]
[    0.012789] ACPI: Reserving HPET table memory at [mem 0x3ffe275c-0x3ffe2793]
[    0.013290] ACPI: Reserving WAET table memory at [mem 0x3ffe2794-0x3ffe27bb]
[    0.013988] No NUMA configuration found
[    0.014261] Faking a node at [mem 0x0000000000000000-0x000000003ffdffff]
[    0.014738] NODE_DATA(0) allocated [mem 0x3ffdb600-0x3ffdffff]
[    0.015169] Zone ranges:
[    0.015364]   DMA      [mem 0x0000000000001000-0x0000000000ffffff]
[    0.015803]   DMA32    [mem 0x0000000001000000-0x000000003ffdffff]
[    0.016243]   Normal   empty
[    0.016448]   Device   empty
[    0.016653] Movable zone start for each node
[    0.016956] Early memory node ranges
[    0.017210]   node   0: [mem 0x0000000000001000-0x000000000009efff]
[    0.017656]   node   0: [mem 0x0000000000100000-0x000000003ffdffff]
[    0.018102] Initmem setup node 0 [mem 0x0000000000001000-0x000000003ffdffff]
[    0.018606] On node 0, zone DMA: 1 pages in unavailable ranges
[    0.019075] On node 0, zone DMA: 97 pages in unavailable ranges
[    0.023621] On node 0, zone DMA32: 32 pages in unavailable ranges
[    0.032854] kasan: KernelAddressSanitizer initialized
[    0.033443] ACPI: PM-Timer IO Port: 0x608
[    0.033741] ACPI: LAPIC_NMI (acpi_id[0xff] dfl dfl lint[0x1])
[    0.034170] IOAPIC[0]: apic_id 0, version 17, address 0xfec00000, GSI 0-23
[    0.034660] ACPI: INT_SRC_OVR (bus 0 bus_irq 0 global_irq 2 dfl dfl)
[    0.035112] ACPI: INT_SRC_OVR (bus 0 bus_irq 5 global_irq 5 high level)
[    0.035587] ACPI: INT_SRC_OVR (bus 0 bus_irq 9 global_irq 9 high level)
[    0.036056] ACPI: INT_SRC_OVR (bus 0 bus_irq 10 global_irq 10 high level)
[    0.036537] ACPI: INT_SRC_OVR (bus 0 bus_irq 11 global_irq 11 high level)
[    0.037021] ACPI: Using ACPI (MADT) for SMP configuration information
[    0.037478] ACPI: HPET id: 0x8086a201 base: 0xfed00000
[    0.037844] TSC deadline timer available
[    0.038132] CPU topo: Max. logical packages:   1
[    0.038461] CPU topo: Max. logical dies:       1
[    0.038788] CPU topo: Max. dies per package:   1
[    0.039125] CPU topo: Max. threads per core:   1
[    0.039455] CPU topo: Num. cores per package:    32
[    0.039802] CPU topo: Num. threads per package:  32
[    0.040147] CPU topo: Allowing 32 present CPUs plus 0 hotplug CPUs
[    0.040601] kvm-guest: APIC: eoi() replaced with kvm_guest_apic_eoi_write()
[    0.041109] kvm-guest: KVM setup pv remote TLB flush
[    0.041462] kvm-guest: setup PV sched yield
[    0.041765] PM: hibernation: Registered nosave memory: [mem 0x00000000-0x00000fff]
[    0.042303] PM: hibernation: Registered nosave memory: [mem 0x0009f000-0x000fffff]
[    0.042841] [mem 0x40000000-0xfeffbfff] available for PCI devices
[    0.043275] Booting paravirtualized kernel on KVM
[    0.043612] clocksource: refined-jiffies: mask: 0xffffffff max_cycles: 0xffffffff, max_idle_ns: 1910969940391419 ns
[    0.052458] setup_percpu: NR_CPUS:64 nr_cpumask_bits:32 nr_cpu_ids:32 nr_node_ids:1
[    0.054266] percpu: Embedded 65 pages/cpu s228056 r8192 d29992 u524288
[    0.054805] Kernel command line: virtme_hostname=virtme-ng nr_open=1048576 virtme_link_mods=/nipa-data/kernel/.virtme_mods/lib/modules/0.0.0 virtme_initmount0=nipa-data/kernel virtme_rw_overlay0=/etc virtme_rw_overlay1=/lib virtme_rw_overlay2=/home virtme_rw_overlay3=/opt virtme_rw_overlay4=/srv virtme_rw_overlay5=/usr virtme_rw_overlay6=/var console=hvc0 earlyprintk=serial,ttyS0,115200 virtme_console=ttyS0 psmouse.proto=exps TERM=xterm virtme_chdir=nipa-data/kernel virtme_root_user=1 rootfstype=9p rootflags=version=9p2000.L,trans=virtio,access=any raid=noautodetect ro init=/usr/lib/python3/dist-packages/virtme/guest/virtme-init
[    0.058996] Unknown kernel command line parameters "virtme_hostname=virtme-ng nr_open=1048576 virtme_link_mods=/nipa-data/kernel/.virtme_mods/lib/modules/0.0.0 virtme_initmount0=nipa-data/kernel virtme_rw_overlay0=/etc virtme_rw_overlay1=/lib virtme_rw_overlay2=/home virtme_rw_overlay3=/opt virtme_rw_overlay4=/srv virtme_rw_overlay5=/usr virtme_rw_overlay6=/var virtme_console=ttyS0 virtme_chdir=nipa-data/kernel virtme_root_user=1", will be passed to user space.
[    0.062163] random: crng init done
[    0.062411] printk: log buffer data + meta data: 262144 + 917504 = 1179648 bytes
[    0.062970] Dentry cache hash table entries: 131072 (order: 8, 1048576 bytes, linear)
[    0.063555] Inode-cache hash table entries: 65536 (order: 7, 524288 bytes, linear)
[    0.064504] Fallback order for Node 0: 0 
[    0.064508] Built 1 zonelists, mobility grouping on.  Total pages: 262014
[    0.065297] Policy zone: DMA32
[    0.065520] mem auto-init: stack:all(zero), heap alloc:off, heap free:off
[    0.066014] stackdepot: allocating hash table via alloc_large_system_hash
[    0.066510] stackdepot hash table entries: 1048576 (order: 12, 16777216 bytes, linear)
[    0.074678] SLUB: HWalign=64, Order=0-3, MinObjects=0, CPUs=32, Nodes=1
Poking KASLR using RDRAND RDTSC...
[    0.084107] ftrace: allocating 48965 entries in 192 pages
[    0.084501] ftrace: allocated 192 pages with 2 groups
[    0.085766] Dynamic Preempt: voluntary
[    0.086511] rcu: Preemptible hierarchical RCU implementation.
[    0.086930] rcu: RCU event tracing is enabled.
[    0.087259] rcu: RCU restricting CPUs from NR_CPUS=64 to nr_cpu_ids=32.
[    0.087755] Trampoline variant of Tasks RCU enabled.
[    0.088123] Rude variant of Tasks RCU enabled.
[    0.088453] Tracing variant of Tasks RCU enabled.
[    0.088805] rcu: RCU calculated value of scheduler-enlistment delay is 100 jiffies.
[    0.089360] rcu: Adjusting geometry for rcu_fanout_leaf=16, nr_cpu_ids=32
[    0.089924] RCU Tasks: Setting shift to 5 and lim to 1 rcu_task_cb_adjust=1 rcu_task_cpu_ids=32.
[    0.090565] RCU Tasks Rude: Setting shift to 5 and lim to 1 rcu_task_cb_adjust=1 rcu_task_cpu_ids=32.
[    0.091236] RCU Tasks Trace: Setting shift to 5 and lim to 1 rcu_task_cb_adjust=1 rcu_task_cpu_ids=32.
[    0.101457] NR_IRQS: 4352, nr_irqs: 680, preallocated irqs: 16
[    0.102132] rcu: srcu_init: Setting srcu_struct sizes based on contention.
[    0.103026] Console: colour *CGA 80x25
[    0.103382] ACPI: Core revision 20240827
[    0.103828] clocksource: hpet: mask: 0xffffffff max_cycles: 0xffffffff, max_idle_ns: 19112604467 ns
[    0.104556] APIC: Switch to symmetric I/O mode setup
[    0.105064] x2apic enabled
[    0.105446] APIC: Switched APIC routing to: physical x2apic
[    0.105849] kvm-guest: APIC: send_IPI_mask() replaced with kvm_send_ipi_mask()
[    0.106373] kvm-guest: APIC: send_IPI_mask_allbutself() replaced with kvm_send_ipi_mask_allbutself()
[    0.107012] kvm-guest: setup PV IPIs
[    0.108100] ..TIMER: vector=0x30 apic1=0 pin1=2 apic2=-1 pin2=-1
[    0.108891] clocksource: tsc-early: mask: 0xffffffffffffffff max_cycles: 0x40be4320a4d, max_idle_ns: 440795288133 ns
[    0.110241] Calibrating delay loop (skipped) preset value.. 8983.12 BogoMIPS (lpj=4491560)
[    0.111306] x86/cpu: User Mode Instruction Prevention (UMIP) activated
[    0.112298] Last level iTLB entries: 4KB 512, 2MB 255, 4MB 127
[    0.113239] Last level dTLB entries: 4KB 512, 2MB 255, 4MB 127, 1GB 0
[    0.114244] Spectre V1 : Mitigation: usercopy/swapgs barriers and __user pointer sanitization
[    0.115244] Spectre V2 : Mitigation: Enhanced / Automatic IBRS
[    0.116242] Spectre V2 : mitigation: Enabling conditional Indirect Branch Prediction Barrier
[    0.117241] Speculative Store Bypass: Mitigation: Speculative Store Bypass disabled via prctl
[    0.118240] Speculative Return Stack Overflow: IBPB-extending microcode not applied!
[    0.119239] Speculative Return Stack Overflow: WARNING: See https://kernel.org/doc/html/latest/admin-guide/hw-vuln/srso.html for mitigation options.
[    0.119241] Speculative Return Stack Overflow: Vulnerable: Safe RET, no microcode
[    0.121196] x86/fpu: Supporting XSAVE feature 0x001: 'x87 floating point registers'
[    0.121239] x86/fpu: Supporting XSAVE feature 0x002: 'SSE registers'
[    0.122239] x86/fpu: Supporting XSAVE feature 0x004: 'AVX registers'
[    0.123239] x86/fpu: Supporting XSAVE feature 0x020: 'AVX-512 opmask'
[    0.124239] x86/fpu: Supporting XSAVE feature 0x040: 'AVX-512 Hi256'
[    0.125239] x86/fpu: Supporting XSAVE feature 0x080: 'AVX-512 ZMM_Hi256'
[    0.126065] x86/fpu: Supporting XSAVE feature 0x200: 'Protection Keys User registers'
[    0.126240] x86/fpu: xstate_offset[2]:  576, xstate_sizes[2]:  256
[    0.127239] x86/fpu: xstate_offset[5]:  832, xstate_sizes[5]:   64
[    0.128239] x86/fpu: xstate_offset[6]:  896, xstate_sizes[6]:  512
[    0.129239] x86/fpu: xstate_offset[7]: 1408, xstate_sizes[7]: 1024
[    0.130239] x86/fpu: xstate_offset[9]: 2432, xstate_sizes[9]:    8
[    0.131000] x86/fpu: Enabled xstate features 0x2e7, context size is 2440 bytes, using 'compacted' format.
[    0.153425] Freeing SMP alternatives memory: 40K
[    0.154002] pid_max: default: 32768 minimum: 301
[    0.154366] Mount-cache hash table entries: 2048 (order: 2, 16384 bytes, linear)
[    0.155241] Mountpoint-cache hash table entries: 2048 (order: 2, 16384 bytes, linear)
[    0.157295] smpboot: CPU0: AMD Ryzen 9 7950X 16-Core Processor (family: 0x19, model: 0x61, stepping: 0x2)
[    0.158699] Performance Events: Fam17h+ core perfctr, AMD PMU driver.
[    0.159243] ... version:                0
[    0.159737] ... bit width:              48
[    0.160239] ... generic registers:      6
[    0.160241] ... value mask:             0000ffffffffffff
[    0.160895] ... max period:             00007fffffffffff
[    0.161241] ... fixed-purpose events:   0
[    0.161737] ... event mask:             000000000000003f
[    0.162399] signal: max sigframe size: 3376
[    0.162960] rcu: Hierarchical SRCU implementation.
[    0.163242] rcu: Max phase no-delay instances is 400.
[    0.163961] Timer migration: 2 hierarchy levels; 8 children per group; 2 crossnode level
[    0.168248] smp: Bringing up secondary CPUs ...
[    0.169005] smpboot: x86: Booting SMP configuration:
[    0.169243] .... node  #0, CPUs:        #1  #2  #3  #4  #5  #6  #7  #8  #9 #10 #11 #12 #13 #14 #15 #16 #17 #18 #19 #20 #21 #22 #23 #24 #25 #26 #27 #28 #29 #30 #31
[    0.195342] smp: Brought up 1 node, 32 CPUs
[    0.196768] smpboot: Total of 32 processors activated (287459.84 BogoMIPS)
[    0.201294] Memory: 761604K/1048056K available (44842K kernel code, 11592K rwdata, 10280K rodata, 6156K init, 1312K bss, 270672K reserved, 0K cma-reserved)
[    0.202376] devtmpfs: initialized
[    0.203289] x86/mm: Memory block size: 128MB
[    0.210448] clocksource: jiffies: mask: 0xffffffff max_cycles: 0xffffffff, max_idle_ns: 1911260446275000 ns
[    0.211245] posixtimers hash table entries: 16384 (order: 6, 262144 bytes, linear)
[    0.212209] futex hash table entries: 8192 (order: 7, 524288 bytes, linear)
[    0.212624] PM: RTC time: 09:27:41, date: 2025-05-16
[    0.214025] NET: Registered PF_NETLINK/PF_ROUTE protocol family
[    0.215143] thermal_sys: Registered thermal governor 'step_wise'
[    0.215173] cpuidle: using governor menu
[    0.217033] PCI: Using configuration type 1 for base access
[    0.217242] PCI: Using configuration type 1 for extended access
[    0.218122] kprobes: kprobe jump-optimization is enabled. All kprobes are optimized if possible.
[    0.230438] HugeTLB: allocation took 0ms with hugepage_allocation_threads=8
[    0.231272] HugeTLB: registered 1.00 GiB page size, pre-allocated 0 pages
[    0.232120] HugeTLB: 16380 KiB vmemmap can be freed for a 1.00 GiB page
[    0.233242] HugeTLB: registered 2.00 MiB page size, pre-allocated 0 pages
[    0.234093] HugeTLB: 28 KiB vmemmap can be freed for a 2.00 MiB page
[    0.235602] ACPI: Added _OSI(Module Device)
[    0.235602] ACPI: Added _OSI(Processor Device)
[    0.235813] ACPI: Added _OSI(3.0 _SCP Extensions)
[    0.237242] ACPI: Added _OSI(Processor Aggregator Device)
[    0.263450] ACPI: 1 ACPI AML tables successfully acquired and loaded
[    0.268298] ACPI: Interpreter enabled
[    0.268832] ACPI: PM: (supports S0 S3 S4 S5)
[    0.269242] ACPI: Using IOAPIC for interrupt routing
[    0.269924] PCI: Using host bridge windows from ACPI; if necessary, use "pci=nocrs" and report a bug
[    0.271241] PCI: Using E820 reservations for host bridge windows
[    0.273157] ACPI: Enabled 2 GPEs in block 00 to 0F
[    0.324279] ACPI: PCI Root Bridge [PCI0] (domain 0000 [bus 00-ff])
[    0.325103] acpi PNP0A03:00: _OSC: OS supports [ExtendedConfig ASPM ClockPM Segments MSI HPX-Type3]
[    0.326771] PCI host bridge to bus 0000:00
[    0.327299] pci_bus 0000:00: root bus resource [io  0x0000-0x0cf7 window]
[    0.328157] pci_bus 0000:00: root bus resource [io  0x0d00-0xffff window]
[    0.329244] pci_bus 0000:00: root bus resource [mem 0x000a0000-0x000bffff window]
[    0.330184] pci_bus 0000:00: root bus resource [mem 0x40000000-0xfebfffff window]
[    0.331244] pci_bus 0000:00: root bus resource [mem 0x100000000-0x17fffffff window]
[    0.332207] pci_bus 0000:00: root bus resource [bus 00-ff]
[    0.333339] pci 0000:00:00.0: [8086:1237] type 00 class 0x060000 conventional PCI endpoint
[    0.335183] pci 0000:00:01.0: [8086:7000] type 00 class 0x060100 conventional PCI endpoint
[    0.337165] pci 0000:00:01.1: [8086:7010] type 00 class 0x010180 conventional PCI endpoint
[    0.338700] pci 0000:00:01.1: BAR 4 [io  0xc0c0-0xc0cf]
[    0.339260] pci 0000:00:01.1: BAR 0 [io  0x01f0-0x01f7]: legacy IDE quirk
[    0.340114] pci 0000:00:01.1: BAR 1 [io  0x03f6]: legacy IDE quirk
[    0.341241] pci 0000:00:01.1: BAR 2 [io  0x0170-0x0177]: legacy IDE quirk
[    0.342086] pci 0000:00:01.1: BAR 3 [io  0x0376]: legacy IDE quirk
[    0.342978] pci 0000:00:01.3: [8086:7113] type 00 class 0x068000 conventional PCI endpoint
[    0.344463] pci 0000:00:01.3: quirk: [io  0x0600-0x063f] claimed by PIIX4 ACPI
[    0.345246] pci 0000:00:01.3: quirk: [io  0x0700-0x070f] claimed by PIIX4 SMB
[    0.346934] pci 0000:00:02.0: [1af4:1009] type 00 class 0x000200 conventional PCI endpoint
[    0.349246] pci 0000:00:02.0: BAR 0 [io  0xc000-0xc03f]
[    0.349907] pci 0000:00:02.0: BAR 1 [mem 0xfebfc000-0xfebfcfff]
[    0.350256] pci 0000:00:02.0: BAR 4 [mem 0xfebf0000-0xfebf3fff 64bit pref]
[    0.363499] pci 0000:00:03.0: [1af4:1009] type 00 class 0x000200 conventional PCI endpoint
[    0.366246] pci 0000:00:03.0: BAR 0 [io  0xc040-0xc07f]
[    0.366903] pci 0000:00:03.0: BAR 1 [mem 0xfebfd000-0xfebfdfff]
[    0.367256] pci 0000:00:03.0: BAR 4 [mem 0xfebf4000-0xfebf7fff 64bit pref]
[    0.380664] pci 0000:00:04.0: [8086:25ab] type 00 class 0x088000 conventional PCI endpoint
[    0.382617] pci 0000:00:04.0: BAR 0 [mem 0xfebfe000-0xfebfe00f]
[    0.395417] pci 0000:00:05.0: [1af4:1003] type 00 class 0x078000 conventional PCI endpoint
[    0.397026] pci 0000:00:05.0: BAR 0 [io  0xc080-0xc0bf]
[    0.397246] pci 0000:00:05.0: BAR 1 [mem 0xfebff000-0xfebfffff]
[    0.398001] pci 0000:00:05.0: BAR 4 [mem 0xfebf8000-0xfebfbfff 64bit pref]
[    0.414068] ACPI: PCI: Interrupt link LNKA configured for IRQ 10
[    0.416252] ACPI: PCI: Interrupt link LNKB configured for IRQ 10
[    0.418001] ACPI: PCI: Interrupt link LNKC configured for IRQ 11
[    0.419228] ACPI: PCI: Interrupt link LNKD configured for IRQ 11
[    0.420649] ACPI: PCI: Interrupt link LNKS configured for IRQ 9
[    0.441195] iommu: Default domain type: Translated
[    0.441242] iommu: DMA domain TLB invalidation policy: lazy mode
[    0.442521] SCSI subsystem initialized
[    0.443338] pps_core: LinuxPPS API ver. 1 registered
[    0.443959] pps_core: Software ver. 5.3.6 - Copyright 2005-2007 Rodolfo Giometti <giometti@linux.it>
[    0.445257] PTP clock support registered
[    0.446371] Advanced Linux Sound Architecture Driver Initialized.
[    0.448415] NET: Registered PF_ATMPVC protocol family
[    0.449054] NET: Registered PF_ATMSVC protocol family
[    0.449280] PCI: Using ACPI for IRQ routing
[    0.450282] vgaarb: loaded
[    0.451365] hpet0: at MMIO 0xfed00000, IRQs 2, 8, 0
[    0.451979] hpet0: 3 comparators, 64-bit 100.000000 MHz counter
[    0.455775] clocksource: Switched to clocksource kvm-clock
[    0.456759] VFS: Disk quotas dquot_6.6.0
[    0.457268] VFS: Dquot-cache hash table entries: 512 (order 0, 4096 bytes)
[    0.458922] pnp: PnP ACPI init
[    0.461884] pnp: PnP ACPI: found 5 devices
[    0.473950] clocksource: acpi_pm: mask: 0xffffff max_cycles: 0xffffff, max_idle_ns: 2085701024 ns
[    0.475125] NET: Registered PF_INET protocol family
[    0.475867] IP idents hash table entries: 16384 (order: 5, 131072 bytes, linear)
[    0.477189] tcp_listen_portaddr_hash hash table entries: 512 (order: 1, 8192 bytes, linear)
[    0.478237] Table-perturb hash table entries: 65536 (order: 6, 262144 bytes, linear)
[    0.479228] TCP established hash table entries: 8192 (order: 4, 65536 bytes, linear)
[    0.480208] TCP bind hash table entries: 8192 (order: 6, 262144 bytes, linear)
[    0.481122] TCP: Hash tables configured (established 8192 bind 8192)
[    0.482085] UDP hash table entries: 512 (order: 3, 32768 bytes, linear)
[    0.482950] UDP-Lite hash table entries: 512 (order: 3, 32768 bytes, linear)
[    0.484068] NET: Registered PF_UNIX/PF_LOCAL protocol family
[    0.484795] pci_bus 0000:00: resource 4 [io  0x0000-0x0cf7 window]
[    0.485563] pci_bus 0000:00: resource 5 [io  0x0d00-0xffff window]
[    0.486334] pci_bus 0000:00: resource 6 [mem 0x000a0000-0x000bffff window]
[    0.487191] pci_bus 0000:00: resource 7 [mem 0x40000000-0xfebfffff window]
[    0.488050] pci_bus 0000:00: resource 8 [mem 0x100000000-0x17fffffff window]
[    0.489140] pci 0000:00:01.0: PIIX3: Enabling Passive Release
[    0.489863] pci 0000:00:00.0: Limiting direct PCI/PCI transfers
[    0.490639] PCI: CLS 0 bytes, default 64
[    0.491243] kvm_intel: VMX not supported by CPU 19
[    0.492012] kvm_amd: TSC scaling supported
[    0.492521] kvm_amd: Nested Virtualization enabled
[    0.493123] kvm_amd: Nested Paging enabled
[    0.493636] kvm_amd: LBR virtualization supported
[    0.494229] kvm_amd: Virtual GIF supported
[    0.494742] kvm_amd: Virtual NMI enabled
[    0.523774] clocksource: tsc: mask: 0xffffffffffffffff max_cycles: 0x40be4320a4d, max_idle_ns: 440795288133 ns
[    0.543817] Initialise system trusted keyrings
[    0.544661] workingset: timestamp_bits=56 max_order=18 bucket_order=0
[    0.545588] squashfs: version 4.0 (2009/01/31) Phillip Lougher
[    0.546341] fuse: init (API version 7.43)
[    0.546997] 9p: Installing v9fs 9p2000 file system support
[    0.556735] Key type asymmetric registered
[    0.557252] Asymmetric key parser 'x509' registered
[    0.557930] Block layer SCSI generic (bsg) driver version 0.4 loaded (major 249)
[    0.558894] io scheduler mq-deadline registered
[    0.559467] io scheduler kyber registered
[    0.561921] input: Power Button as /devices/LNXSYSTM:00/LNXPWRBN:00/input/input0
[    0.563098] ACPI: button: Power Button [PWRF]
[    0.565100] Warning: Processor Platform Limit event detected, but not handled.
[    0.566019] Consider compiling CPUfreq support into your kernel.
[    1.477242] ACPI: \_SB_.LNKB: Enabled at IRQ 10
[    2.382404] ACPI: \_SB_.LNKC: Enabled at IRQ 11
[    3.287783] ACPI: \_SB_.LNKA: Enabled at IRQ 10
[    3.289178] Serial: 8250/16550 driver, 4 ports, IRQ sharing enabled
[    3.290301] 00:03: ttyS0 at I/O 0x3f8 (irq = 4, base_baud = 115200) is a 16550A
[    3.313907] Non-volatile memory driver v1.3
[    3.314459] Linux agpgart interface v0.103
[    3.315153] printk: legacy console [hvc0] enabled
[    3.315209] ACPI: bus type drm_connector registered
[    3.315777] printk: legacy bootconsole [earlyser0] disabled
          _      _                                    
   __   _(_)_ __| |_ _ __ ___   ___       _ __   __ _ 
   \ \ / / |  __| __|  _   _ \ / _ \_____|  _ \ / _  |
    \ V /| | |  | |_| | | | | |  __/_____| | | | (_| |
     \_/ |_|_|   \__|_| |_| |_|\___|     |_| |_|\__  |
                                                |___/ 
   kernel version: 6.15.0-rc6-virtme x86_64
   (CTRL+d to exit)

root@virtme-ng:/nipa-data/kernel# PS1='xx__-> '
xx__-> env
PWD=/nipa-data/kernel
nr_open=1048576
HOME=/
TERM=xterm
SHLVL=2
XDG_RUNTIME_DIR=/run/user/0
PATH=/bin:/sbin:/usr/bin:/usr/sbin:/usr/local/bin
OLDPWD=/
_=/bin/env
xx__-> 