No EFI environment detected.
early console in extract_kernel
input_data: 0x0000000004ab52c4
input_len: 0x000000000191cc78
output: 0x0000000001000000
output_len: 0x000000000535e03c
kernel_total_size: 0x0000000005030000
needed_size: 0x0000000005400000
trampoline_32bit: 0x0000000000000000
Physical KASLR using RDRAND RDTSC...
Virtual KASLR using RDRAND RDTSC...

Decompressing Linux... Parsing ELF... Performing relocations... done.
Booting the kernel (entry_offset: 0x0000000002b3a790).
[    0.000000] Linux version 6.14.0-rc4-virtme (root@1a61c1374315) (gcc (Ubuntu 13.3.0-6ubuntu2~24.04) 13.3.0, GNU ld (GNU Binutils for Ubuntu) 2.42) #1 SMP PREEMPT_DYNAMIC Mon Mar  3 03:26:34 UTC 2025
[    0.000000] Command line: virtme_hostname=virtme-ng nr_open=1048576 virtme_link_mods=/nipa-data/kernel/.virtme_mods/lib/modules/0.0.0 virtme_initmount0=nipa-data/kernel virtme_rw_overlay0=/etc virtme_rw_overlay1=/lib virtme_rw_overlay2=/home virtme_rw_overlay3=/opt virtme_rw_overlay4=/srv virtme_rw_overlay5=/usr virtme_rw_overlay6=/var console=hvc0 earlyprintk=serial,ttyS0,115200 virtme_console=ttyS0 psmouse.proto=exps TERM=xterm virtme_chdir=nipa-data/kernel virtme_root_user=1 rootfstype=9p rootflags=version=9p2000.L,trans=virtio,access=any raid=noautodetect ro init=/usr/lib/python3/dist-packages/virtme/guest/virtme-init
[    0.000000] BIOS-provided physical RAM map:
[    0.000000] BIOS-e820: [mem 0x0000000000000000-0x000000000009fbff] usable
[    0.000000] BIOS-e820: [mem 0x000000000009fc00-0x000000000009ffff] reserved
[    0.000000] BIOS-e820: [mem 0x00000000000f0000-0x00000000000fffff] reserved
[    0.000000] BIOS-e820: [mem 0x0000000000100000-0x000000003ffdffff] usable
[    0.000000] BIOS-e820: [mem 0x000000003ffe0000-0x000000003fffffff] reserved
[    0.000000] BIOS-e820: [mem 0x00000000feffc000-0x00000000feffffff] reserved
[    0.000000] BIOS-e820: [mem 0x00000000fffc0000-0x00000000ffffffff] reserved
[    0.000000] BIOS-e820: [mem 0x000000fd00000000-0x000000ffffffffff] reserved
[    0.000000] printk: legacy bootconsole [earlyser0] enabled
[    0.000000] NX (Execute Disable) protection: active
[    0.000000] APIC: Static calls initialized
[    0.000000] SMBIOS 3.0.0 present.
[    0.000000] DMI: QEMU Ubuntu 24.04 PC (i440FX + PIIX, 1996), BIOS 1.16.3-debian-1.16.3-2 04/01/2014
[    0.000000] DMI: Memory slots populated: 1/1
[    0.000000] Hypervisor detected: KVM
[    0.000000] kvm-clock: Using msrs 4b564d01 and 4b564d00
[    0.000000] kvm-clock: using sched offset of 304822481 cycles
[    0.000362] clocksource: kvm-clock: mask: 0xffffffffffffffff max_cycles: 0x1cd42e4dffb, max_idle_ns: 881590591483 ns
[    0.001486] tsc: Detected 4491.560 MHz processor
[    0.002138] last_pfn = 0x3ffe0 max_arch_pfn = 0x400000000
[    0.002535] MTRR map: 4 entries (3 fixed + 1 variable; max 19), built from 8 variable MTRRs
[    0.003117] x86/PAT: Configuration [0-7]: WB  WC  UC- UC  WB  WP  UC- WT  
[    0.005012] found SMP MP-table at [mem 0x000f5470-0x000f547f]
[    0.005412] Using GB pages for direct mapping
[    0.006004] ACPI: Early table checksum verification disabled
[    0.006394] ACPI: RSDP 0x00000000000F5290 000014 (v00 BOCHS )
[    0.006793] ACPI: RSDT 0x000000003FFE27BC 000034 (v01 BOCHS  BXPC     00000001 BXPC 00000001)
[    0.007385] ACPI: FACP 0x000000003FFE2578 000074 (v01 BOCHS  BXPC     00000001 BXPC 00000001)
[    0.007982] ACPI: DSDT 0x000000003FFE0040 002538 (v01 BOCHS  BXPC     00000001 BXPC 00000001)
[    0.008573] ACPI: FACS 0x000000003FFE0000 000040
[    0.008904] ACPI: APIC 0x000000003FFE25EC 000170 (v03 BOCHS  BXPC     00000001 BXPC 00000001)
[    0.009492] ACPI: HPET 0x000000003FFE275C 000038 (v01 BOCHS  BXPC     00000001 BXPC 00000001)
[    0.010080] ACPI: WAET 0x000000003FFE2794 000028 (v01 BOCHS  BXPC     00000001 BXPC 00000001)
[    0.010668] ACPI: Reserving FACP table memory at [mem 0x3ffe2578-0x3ffe25eb]
[    0.011168] ACPI: Reserving DSDT table memory at [mem 0x3ffe0040-0x3ffe2577]
[    0.011652] ACPI: Reserving FACS table memory at [mem 0x3ffe0000-0x3ffe003f]
[    0.012137] ACPI: Reserving APIC table memory at [mem 0x3ffe25ec-0x3ffe275b]
[    0.012622] ACPI: Reserving HPET table memory at [mem 0x3ffe275c-0x3ffe2793]
[    0.013106] ACPI: Reserving WAET table memory at [mem 0x3ffe2794-0x3ffe27bb]
[    0.013775] No NUMA configuration found
[    0.014040] Faking a node at [mem 0x0000000000000000-0x000000003ffdffff]
[    0.014503] NODE_DATA(0) allocated [mem 0x3ffdb780-0x3ffdffff]
[    0.014921] Zone ranges:
[    0.015098]   DMA      [mem 0x0000000000001000-0x0000000000ffffff]
[    0.015525]   DMA32    [mem 0x0000000001000000-0x000000003ffdffff]
[    0.015952]   Normal   empty
[    0.016151]   Device   empty
[    0.016349] Movable zone start for each node
[    0.016643] Early memory node ranges
[    0.016889]   node   0: [mem 0x0000000000001000-0x000000000009efff]
[    0.017321]   node   0: [mem 0x0000000000100000-0x000000003ffdffff]
[    0.017753] Initmem setup node 0 [mem 0x0000000000001000-0x000000003ffdffff]
[    0.018242] On node 0, zone DMA: 1 pages in unavailable ranges
[    0.018697] On node 0, zone DMA: 97 pages in unavailable ranges
[    0.023230] On node 0, zone DMA32: 32 pages in unavailable ranges
[    0.032262] kasan: KernelAddressSanitizer initialized
[    0.032831] ACPI: PM-Timer IO Port: 0x608
[    0.033118] ACPI: LAPIC_NMI (acpi_id[0xff] dfl dfl lint[0x1])
[    0.033535] IOAPIC[0]: apic_id 0, version 17, address 0xfec00000, GSI 0-23
[    0.034010] ACPI: INT_SRC_OVR (bus 0 bus_irq 0 global_irq 2 dfl dfl)
[    0.034449] ACPI: INT_SRC_OVR (bus 0 bus_irq 5 global_irq 5 high level)
[    0.034904] ACPI: INT_SRC_OVR (bus 0 bus_irq 9 global_irq 9 high level)
[    0.035364] ACPI: INT_SRC_OVR (bus 0 bus_irq 10 global_irq 10 high level)
[    0.035831] ACPI: INT_SRC_OVR (bus 0 bus_irq 11 global_irq 11 high level)
[    0.036300] ACPI: Using ACPI (MADT) for SMP configuration information
[    0.036744] ACPI: HPET id: 0x8086a201 base: 0xfed00000
[    0.037099] TSC deadline timer available
[    0.037372] CPU topo: Max. logical packages:   1
[    0.037690] CPU topo: Max. logical dies:       1
[    0.038007] CPU topo: Max. dies per package:   1
[    0.038328] CPU topo: Max. threads per core:   1
[    0.038646] CPU topo: Num. cores per package:    32
[    0.038984] CPU topo: Num. threads per package:  32
[    0.039320] CPU topo: Allowing 32 present CPUs plus 0 hotplug CPUs
[    0.039759] kvm-guest: APIC: eoi() replaced with kvm_guest_apic_eoi_write()
[    0.040252] kvm-guest: KVM setup pv remote TLB flush
[    0.040596] kvm-guest: setup PV sched yield
[    0.040891] PM: hibernation: Registered nosave memory: [mem 0x00000000-0x00000fff]
[    0.041413] PM: hibernation: Registered nosave memory: [mem 0x0009f000-0x0009ffff]
[    0.041934] PM: hibernation: Registered nosave memory: [mem 0x000a0000-0x000effff]
[    0.042455] PM: hibernation: Registered nosave memory: [mem 0x000f0000-0x000fffff]
[    0.042979] [mem 0x40000000-0xfeffbfff] available for PCI devices
[    0.043400] Booting paravirtualized kernel on KVM
[    0.043725] clocksource: refined-jiffies: mask: 0xffffffff max_cycles: 0xffffffff, max_idle_ns: 1910969940391419 ns
[    0.052174] setup_percpu: NR_CPUS:64 nr_cpumask_bits:32 nr_cpu_ids:32 nr_node_ids:1
[    0.053929] percpu: Embedded 70 pages/cpu s247960 r8192 d30568 u524288
[    0.054445] Kernel command line: virtme_hostname=virtme-ng nr_open=1048576 virtme_link_mods=/nipa-data/kernel/.virtme_mods/lib/modules/0.0.0 virtme_initmount0=nipa-data/kernel virtme_rw_overlay0=/etc virtme_rw_overlay1=/lib virtme_rw_overlay2=/home virtme_rw_overlay3=/opt virtme_rw_overlay4=/srv virtme_rw_overlay5=/usr virtme_rw_overlay6=/var console=hvc0 earlyprintk=serial,ttyS0,115200 virtme_console=ttyS0 psmouse.proto=exps TERM=xterm virtme_chdir=nipa-data/kernel virtme_root_user=1 rootfstype=9p rootflags=version=9p2000.L,trans=virtio,access=any raid=noautodetect ro init=/usr/lib/python3/dist-packages/virtme/guest/virtme-init
[    0.058514] Unknown kernel command line parameters "virtme_hostname=virtme-ng nr_open=1048576 virtme_link_mods=/nipa-data/kernel/.virtme_mods/lib/modules/0.0.0 virtme_initmount0=nipa-data/kernel virtme_rw_overlay0=/etc virtme_rw_overlay1=/lib virtme_rw_overlay2=/home virtme_rw_overlay3=/opt virtme_rw_overlay4=/srv virtme_rw_overlay5=/usr virtme_rw_overlay6=/var virtme_console=ttyS0 virtme_chdir=nipa-data/kernel virtme_root_user=1", will be passed to user space.
[    0.061594] random: crng init done
[    0.061835] printk: log buffer data + meta data: 262144 + 917504 = 1179648 bytes
[    0.062379] Dentry cache hash table entries: 131072 (order: 8, 1048576 bytes, linear)
[    0.062945] Inode-cache hash table entries: 65536 (order: 7, 524288 bytes, linear)
[    0.063895] Fallback order for Node 0: 0 
[    0.063899] Built 1 zonelists, mobility grouping on.  Total pages: 262014
[    0.064665] Policy zone: DMA32
[    0.064882] mem auto-init: stack:all(zero), heap alloc:off, heap free:off
[    0.065362] stackdepot: allocating hash table via alloc_large_system_hash
[    0.065844] stackdepot hash table entries: 1048576 (order: 12, 16777216 bytes, linear)
[    0.073778] SLUB: HWalign=64, Order=0-3, MinObjects=0, CPUs=32, Nodes=1
Poking KASLR using RDRAND RDTSC...
[    0.074547] ftrace: allocating 49095 entries in 192 pages
[    0.091645] ftrace: allocated 192 pages with 2 groups
[    0.092823] Dynamic Preempt: voluntary
[    0.093517] rcu: Preemptible hierarchical RCU implementation.
[    0.093927] rcu: RCU event tracing is enabled.
[    0.094246] rcu: RCU restricting CPUs from NR_CPUS=64 to nr_cpu_ids=32.
[    0.094718] Trampoline variant of Tasks RCU enabled.
[    0.095082] Rude variant of Tasks RCU enabled.
[    0.095401] Tracing variant of Tasks RCU enabled.
[    0.095739] rcu: RCU calculated value of scheduler-enlistment delay is 100 jiffies.
[    0.096281] rcu: Adjusting geometry for rcu_fanout_leaf=16, nr_cpu_ids=32
[    0.096821] RCU Tasks: Setting shift to 5 and lim to 1 rcu_task_cb_adjust=1 rcu_task_cpu_ids=32.
[    0.097440] RCU Tasks Rude: Setting shift to 5 and lim to 1 rcu_task_cb_adjust=1 rcu_task_cpu_ids=32.
[    0.098096] RCU Tasks Trace: Setting shift to 5 and lim to 1 rcu_task_cb_adjust=1 rcu_task_cpu_ids=32.
[    0.107507] NR_IRQS: 4352, nr_irqs: 680, preallocated irqs: 16
[    0.108176] rcu: srcu_init: Setting srcu_struct sizes based on contention.
[    0.108873] Console: colour *CGA 80x25
[    0.109173] ACPI: Core revision 20240827
[    0.109597] clocksource: hpet: mask: 0xffffffff max_cycles: 0xffffffff, max_idle_ns: 19112604467 ns
[    0.110313] APIC: Switch to symmetric I/O mode setup
[    0.110690] kvm-guest: APIC: send_IPI_mask() replaced with kvm_send_ipi_mask()
[    0.111208] kvm-guest: APIC: send_IPI_mask_allbutself() replaced with kvm_send_ipi_mask_allbutself()
[    0.111837] kvm-guest: setup PV IPIs
[    0.112945] ..TIMER: vector=0x30 apic1=0 pin1=2 apic2=-1 pin2=-1
[    0.113716] clocksource: tsc-early: mask: 0xffffffffffffffff max_cycles: 0x40be4320a4d, max_idle_ns: 440795288133 ns
[    0.115039] Calibrating delay loop (skipped) preset value.. 8983.12 BogoMIPS (lpj=4491560)
[    0.116104] x86/cpu: User Mode Instruction Prevention (UMIP) activated
[    0.117094] Last level iTLB entries: 4KB 512, 2MB 255, 4MB 127
[    0.118037] Last level dTLB entries: 4KB 512, 2MB 255, 4MB 127, 1GB 0
[    0.119042] Spectre V1 : Mitigation: usercopy/swapgs barriers and __user pointer sanitization
[    0.120041] Spectre V2 : Mitigation: Enhanced / Automatic IBRS
[    0.121037] Spectre V2 : Spectre v2 / SpectreRSB mitigation: Filling RSB on context switch
[    0.122039] Spectre V2 : mitigation: Enabling conditional Indirect Branch Prediction Barrier
[    0.123040] Speculative Store Bypass: Mitigation: Speculative Store Bypass disabled via prctl
[    0.124038] Speculative Return Stack Overflow: IBPB-extending microcode not applied!
[    0.125037] Speculative Return Stack Overflow: WARNING: See https://kernel.org/doc/html/latest/admin-guide/hw-vuln/srso.html for mitigation options.
[    0.125039] Speculative Return Stack Overflow: Vulnerable: Safe RET, no microcode
[    0.127052] x86/fpu: Supporting XSAVE feature 0x001: 'x87 floating point registers'
[    0.128037] x86/fpu: Supporting XSAVE feature 0x002: 'SSE registers'
[    0.129037] x86/fpu: Supporting XSAVE feature 0x004: 'AVX registers'
[    0.130037] x86/fpu: Supporting XSAVE feature 0x020: 'AVX-512 opmask'
[    0.131037] x86/fpu: Supporting XSAVE feature 0x040: 'AVX-512 Hi256'
[    0.131815] x86/fpu: Supporting XSAVE feature 0x080: 'AVX-512 ZMM_Hi256'
[    0.132037] x86/fpu: Supporting XSAVE feature 0x200: 'Protection Keys User registers'
[    0.133038] x86/fpu: xstate_offset[2]:  576, xstate_sizes[2]:  256
[    0.134037] x86/fpu: xstate_offset[5]:  832, xstate_sizes[5]:   64
[    0.135037] x86/fpu: xstate_offset[6]:  896, xstate_sizes[6]:  512
[    0.135782] x86/fpu: xstate_offset[7]: 1408, xstate_sizes[7]: 1024
[    0.136037] x86/fpu: xstate_offset[9]: 2432, xstate_sizes[9]:    8
[    0.137037] x86/fpu: Enabled xstate features 0x2e7, context size is 2440 bytes, using 'compacted' format.
[    0.158857] Freeing SMP alternatives memory: 40K
[    0.159039] pid_max: default: 32768 minimum: 301
[    0.160112] Mount-cache hash table entries: 2048 (order: 2, 16384 bytes, linear)
[    0.161000] Mountpoint-cache hash table entries: 2048 (order: 2, 16384 bytes, linear)
[    0.162562] smpboot: CPU0: AMD Ryzen 9 7950X 16-Core Processor (family: 0x19, model: 0x61, stepping: 0x2)
[    0.163489] Performance Events: Fam17h+ core perfctr, AMD PMU driver.
[    0.164042] ... version:                0
[    0.164524] ... bit width:              48
[    0.165017] ... generic registers:      6
[    0.165039] ... value mask:             0000ffffffffffff
[    0.165676] ... max period:             00007fffffffffff
[    0.166039] ... fixed-purpose events:   0
[    0.166520] ... event mask:             000000000000003f
[    0.167148] signal: max sigframe size: 3376
[    0.167695] rcu: Hierarchical SRCU implementation.
[    0.168040] rcu: Max phase no-delay instances is 400.
[    0.168732] Timer migration: 2 hierarchy levels; 8 children per group; 2 crossnode level
[    0.172726] smp: Bringing up secondary CPUs ...
[    0.173215] smpboot: x86: Booting SMP configuration:
[    0.173815] .... node  #0, CPUs:        #1  #2  #3  #4  #5  #6  #7  #8  #9 #10 #11 #12 #13 #14 #15 #16 #17 #18 #19 #20 #21 #22 #23 #24 #25 #26 #27 #28 #29 #30 #31
[    0.196152] smp: Brought up 1 node, 32 CPUs
[    0.197547] smpboot: Total of 32 processors activated (287459.84 BogoMIPS)
[    0.201151] Memory: 763140K/1048056K available (44267K kernel code, 11500K rwdata, 10160K rodata, 6120K init, 1516K bss, 269020K reserved, 0K cma-reserved)
[    0.202155] devtmpfs: initialized
[    0.202677] x86/mm: Memory block size: 128MB
[    0.209064] clocksource: jiffies: mask: 0xffffffff max_cycles: 0xffffffff, max_idle_ns: 1911260446275000 ns
[    0.210050] futex hash table entries: 8192 (order: 7, 524288 bytes, linear)
[    0.211257] PM: RTC time: 03:26:56, date: 2025-03-03
[    0.212596] NET: Registered PF_NETLINK/PF_ROUTE protocol family
[    0.213893] thermal_sys: Registered thermal governor 'step_wise'
[    0.213921] cpuidle: using governor menu
[    0.215639] PCI: Using configuration type 1 for base access
[    0.216040] PCI: Using configuration type 1 for extended access
[    0.216889] kprobes: kprobe jump-optimization is enabled. All kprobes are optimized if possible.
[    0.217317] HugeTLB: registered 1.00 GiB page size, pre-allocated 0 pages
[    0.218040] HugeTLB: 16380 KiB vmemmap can be freed for a 1.00 GiB page
[    0.218846] HugeTLB: registered 2.00 MiB page size, pre-allocated 0 pages
[    0.219039] HugeTLB: 28 KiB vmemmap can be freed for a 2.00 MiB page
[    0.220371] ACPI: Added _OSI(Module Device)
[    0.220888] ACPI: Added _OSI(Processor Device)
[    0.221040] ACPI: Added _OSI(3.0 _SCP Extensions)
[    0.221613] ACPI: Added _OSI(Processor Aggregator Device)
[    0.243840] ACPI: 1 ACPI AML tables successfully acquired and loaded
[    0.247639] ACPI: Interpreter enabled
[    0.248097] ACPI: PM: (supports S0 S3 S4 S5)
[    0.248618] ACPI: Using IOAPIC for interrupt routing
[    0.249084] PCI: Using host bridge windows from ACPI; if necessary, use "pci=nocrs" and report a bug
[    0.250039] PCI: Using E820 reservations for host bridge windows
[    0.251783] ACPI: Enabled 2 GPEs in block 00 to 0F
[    0.296341] ACPI: PCI Root Bridge [PCI0] (domain 0000 [bus 00-ff])
[    0.297053] acpi PNP0A03:00: _OSC: OS supports [ExtendedConfig ASPM ClockPM Segments MSI HPX-Type3]
[    0.298508] PCI host bridge to bus 0000:00
[    0.299069] pci_bus 0000:00: root bus resource [io  0x0000-0x0cf7 window]
[    0.299900] pci_bus 0000:00: root bus resource [io  0x0d00-0xffff window]
[    0.300042] pci_bus 0000:00: root bus resource [mem 0x000a0000-0x000bffff window]
[    0.300960] pci_bus 0000:00: root bus resource [mem 0x40000000-0xfebfffff window]
[    0.301042] pci_bus 0000:00: root bus resource [mem 0x100000000-0x17fffffff window]
[    0.301979] pci_bus 0000:00: root bus resource [bus 00-ff]
[    0.302138] pci 0000:00:00.0: [8086:1237] type 00 class 0x060000 conventional PCI endpoint
[    0.303877] pci 0000:00:01.0: [8086:7000] type 00 class 0x060100 conventional PCI endpoint
[    0.304863] pci 0000:00:01.1: [8086:7010] type 00 class 0x010180 conventional PCI endpoint
[    0.305437] pci 0000:00:01.1: BAR 4 [io  0xc0c0-0xc0cf]
[    0.306057] pci 0000:00:01.1: BAR 0 [io  0x01f0-0x01f7]: legacy IDE quirk
[    0.306888] pci 0000:00:01.1: BAR 1 [io  0x03f6]: legacy IDE quirk
[    0.307040] pci 0000:00:01.1: BAR 2 [io  0x0170-0x0177]: legacy IDE quirk
[    0.307867] pci 0000:00:01.1: BAR 3 [io  0x0376]: legacy IDE quirk
[    0.308672] pci 0000:00:01.3: [8086:7113] type 00 class 0x068000 conventional PCI endpoint
[    0.309256] pci 0000:00:01.3: quirk: [io  0x0600-0x063f] claimed by PIIX4 ACPI
[    0.310043] pci 0000:00:01.3: quirk: [io  0x0700-0x070f] claimed by PIIX4 SMB
[    0.311599] pci 0000:00:02.0: [1af4:1009] type 00 class 0x000200 conventional PCI endpoint
[    0.312799] pci 0000:00:02.0: BAR 0 [io  0xc000-0xc03f]
[    0.313044] pci 0000:00:02.0: BAR 1 [mem 0xfebfc000-0xfebfcfff]
[    0.313776] pci 0000:00:02.0: BAR 4 [mem 0xfebf0000-0xfebf3fff 64bit pref]
[    0.324801] pci 0000:00:03.0: [1af4:1009] type 00 class 0x000200 conventional PCI endpoint
[    0.325830] pci 0000:00:03.0: BAR 0 [io  0xc040-0xc07f]
[    0.326044] pci 0000:00:03.0: BAR 1 [mem 0xfebfd000-0xfebfdfff]
[    0.326784] pci 0000:00:03.0: BAR 4 [mem 0xfebf4000-0xfebf7fff 64bit pref]
[    0.337729] pci 0000:00:04.0: [8086:25ab] type 00 class 0x088000 conventional PCI endpoint
[    0.338320] pci 0000:00:04.0: BAR 0 [mem 0xfebfe000-0xfebfe00f]
[    0.349601] pci 0000:00:05.0: [1af4:1003] type 00 class 0x078000 conventional PCI endpoint
[    0.350543] pci 0000:00:05.0: BAR 0 [io  0xc080-0xc0bf]
[    0.351044] pci 0000:00:05.0: BAR 1 [mem 0xfebff000-0xfebfffff]
[    0.351801] pci 0000:00:05.0: BAR 4 [mem 0xfebf8000-0xfebfbfff 64bit pref]
[    0.364967] ACPI: PCI: Interrupt link LNKA configured for IRQ 10
[    0.365924] ACPI: PCI: Interrupt link LNKB configured for IRQ 10
[    0.366909] ACPI: PCI: Interrupt link LNKC configured for IRQ 11
[    0.367903] ACPI: PCI: Interrupt link LNKD configured for IRQ 11
[    0.368399] ACPI: PCI: Interrupt link LNKS configured for IRQ 9
[    0.386318] iommu: Default domain type: Translated
[    0.386920] iommu: DMA domain TLB invalidation policy: lazy mode
[    0.387463] SCSI subsystem initialized
[    0.388234] pps_core: LinuxPPS API ver. 1 registered
[    0.388846] pps_core: Software ver. 5.3.6 - Copyright 2005-2007 Rodolfo Giometti <giometti@linux.it>
[    0.389053] PTP clock support registered
[    0.389629] Advanced Linux Sound Architecture Driver Initialized.
[    0.391023] NET: Registered PF_ATMPVC protocol family
[    0.391040] NET: Registered PF_ATMSVC protocol family
[    0.391696] PCI: Using ACPI for IRQ routing
[    0.392166] vgaarb: loaded
[    0.392421] hpet0: at MMIO 0xfed00000, IRQs 2, 8, 0
[    0.393040] hpet0: 3 comparators, 64-bit 100.000000 MHz counter
[    0.398541] clocksource: Switched to clocksource kvm-clock
[    0.399402] VFS: Disk quotas dquot_6.6.0
[    0.399898] VFS: Dquot-cache hash table entries: 512 (order 0, 4096 bytes)
[    0.404974] pnp: PnP ACPI init
[    0.407590] pnp: PnP ACPI: found 5 devices
[    0.420059] clocksource: acpi_pm: mask: 0xffffff max_cycles: 0xffffff, max_idle_ns: 2085701024 ns
[    0.421199] NET: Registered PF_INET protocol family
[    0.421836] IP idents hash table entries: 16384 (order: 5, 131072 bytes, linear)
[    0.423117] tcp_listen_portaddr_hash hash table entries: 512 (order: 1, 8192 bytes, linear)
[    0.424151] Table-perturb hash table entries: 65536 (order: 6, 262144 bytes, linear)
[    0.425113] TCP established hash table entries: 8192 (order: 4, 65536 bytes, linear)
[    0.426066] TCP bind hash table entries: 8192 (order: 6, 262144 bytes, linear)
[    0.427039] TCP: Hash tables configured (established 8192 bind 8192)
[    0.427987] UDP hash table entries: 512 (order: 3, 32768 bytes, linear)
[    0.428802] UDP-Lite hash table entries: 512 (order: 3, 32768 bytes, linear)
[    0.429864] NET: Registered PF_UNIX/PF_LOCAL protocol family
[    0.430574] pci_bus 0000:00: resource 4 [io  0x0000-0x0cf7 window]
[    0.431324] pci_bus 0000:00: resource 5 [io  0x0d00-0xffff window]
[    0.432080] pci_bus 0000:00: resource 6 [mem 0x000a0000-0x000bffff window]
[    0.432919] pci_bus 0000:00: resource 7 [mem 0x40000000-0xfebfffff window]
[    0.433757] pci_bus 0000:00: resource 8 [mem 0x100000000-0x17fffffff window]
[    0.434800] pci 0000:00:01.0: PIIX3: Enabling Passive Release
[    0.435506] pci 0000:00:00.0: Limiting direct PCI/PCI transfers
[    0.436264] PCI: CLS 0 bytes, default 64
[    0.436948] kvm_intel: VMX not supported by CPU 0
[    0.437553] kvm_amd: TSC scaling supported
[    0.438052] kvm_amd: Nested Virtualization enabled
[    0.438638] kvm_amd: Nested Paging enabled
[    0.439135] kvm_amd: LBR virtualization supported
[    0.439719] kvm_amd: Virtual GIF supported
[    0.440218] kvm_amd: Virtual NMI enabled
[    0.475574] clocksource: tsc: mask: 0xffffffffffffffff max_cycles: 0x40be4320a4d, max_idle_ns: 440795288133 ns
[    0.494010] Initialise system trusted keyrings
[    0.494658] workingset: timestamp_bits=56 max_order=18 bucket_order=0
[    0.495557] squashfs: version 4.0 (2009/01/31) Phillip Lougher
[    0.496290] fuse: init (API version 7.42)
[    0.496924] 9p: Installing v9fs 9p2000 file system support
[    0.506470] Key type asymmetric registered
[    0.506977] Asymmetric key parser 'x509' registered
[    0.507637] Block layer SCSI generic (bsg) driver version 0.4 loaded (major 249)
[    0.508581] io scheduler mq-deadline registered
[    0.509137] io scheduler kyber registered
[    0.511814] input: Power Button as /devices/LNXSYSTM:00/LNXPWRBN:00/input/input0
[    0.512918] ACPI: button: Power Button [PWRF]
[    0.514781] Warning: Processor Platform Limit event detected, but not handled.
[    0.515670] Consider compiling CPUfreq support into your kernel.
[    1.304895] ACPI: \_SB_.LNKB: Enabled at IRQ 10
[    2.105570] ACPI: \_SB_.LNKC: Enabled at IRQ 11
[    2.906486] ACPI: \_SB_.LNKA: Enabled at IRQ 10
[    2.907842] Serial: 8250/16550 driver, 4 ports, IRQ sharing enabled
[    2.908964] 00:03: ttyS0 at I/O 0x3f8 (irq = 4, base_baud = 115200) is a 16550A
[    2.934475] Non-volatile memory driver v1.3
[    2.935012] Linux agpgart interface v0.103
[    2.935652] printk: legacy console [hvc0] enabled
[    2.935695] ACPI: bus type drm_connector registered
[    2.936252] printk: legacy bootconsole [earlyser0] disabled
          _      _                                    
   __   _(_)_ __| |_ _ __ ___   ___       _ __   __ _ 
   \ \ / / |  __| __|  _   _ \ / _ \_____|  _ \ / _  |
    \ V /| | |  | |_| | | | | |  __/_____| | | | (_| |
     \_/ |_|_|   \__|_| |_| |_|\___|     |_| |_|\__  |
                                                |___/ 
   kernel version: 6.14.0-rc4-virtme x86_64
   (CTRL+d to exit)

root@virtme-ng:/nipa-data/kernel# PS1='xx__-> '
xx__-> env
PWD=/nipa-data/kernel
nr_open=1048576
HOME=/
TERM=xterm
SHLVL=2
XDG_RUNTIME_DIR=/run/user/0
PATH=/bin:/sbin:/usr/bin:/usr/sbin:/usr/local/bin
OLDPWD=/
_=/bin/env
xx__-> 