[    1.493490] GACT probability on
[    1.541134] Mirror/redirect action on
[    1.690687] Simple TC action Loaded
[    2.004325] u32 classifier
[    2.004354]     Performance counters on
[    2.004382]     input device check on
[    2.004409]     Actions configured
[    4.210971] netem: version 1.3
[    6.912916] sch_tbf: burst 1500 is lower than device dummy1id6430 mtu (1514) !
[    6.950863] sch_tbf: burst 1500 is lower than device dummy1id0518 mtu (1514) !
[    6.986460] sch_tbf: burst 1500 is lower than device dummy1id320a mtu (1514) !
[    7.022223] sch_tbf: burst 1500 is lower than device dummy1id239b mtu (1514) !
[    7.060570] sch_tbf: burst 1500 is lower than device dummy1idc975 mtu (1514) !
[    7.097668] sch_tbf: burst 1500 is lower than device dummy1id948c mtu (1514) !
[    7.134018] sch_tbf: burst 1500 is lower than device dummy1id3549 mtu (1514) !
[    7.145658] sch_tbf: burst 1500 is lower than device dummy1id3549 mtu (1514) !
[    7.188417] sch_tbf: burst 1500 is lower than device dummy1idf948 mtu (1514) !
[    7.199420] sch_tbf: burst 1500 is lower than device dummy1idf948 mtu (1514) !
[    9.293143] tc (2418) used greatest stack depth: 12040 bytes left
[    9.465676] v0p0id5993: entered promiscuous mode
[    9.506401] v0p0id5993: left promiscuous mode
[    9.526726] v0p0id5993: entered promiscuous mode
[    9.543386] v0p0id5993: left promiscuous mode
[    9.563711] v0p0id5993: entered promiscuous mode
[    9.594783] v0p0id5993: left promiscuous mode
[    9.618754] v0p0id5993: entered promiscuous mode
[    9.638492] v0p0id5993: left promiscuous mode
[    9.661534] v0p0id5993: entered promiscuous mode
[    9.696008] v0p0id5993: left promiscuous mode
[    9.721482] v0p0id5993: entered promiscuous mode
[    9.738822] v0p0id5993: left promiscuous mode
[    9.765750] v0p0id5993: entered promiscuous mode
[    9.789625] v0p0id5993: left promiscuous mode
[    9.809579] v0p0id5993: entered promiscuous mode
[    9.838039] v0p0id5993: left promiscuous mode
[    9.858770] v0p0id5993: entered promiscuous mode
[    9.888959] v0p0id5993: left promiscuous mode
[    9.912555] v0p0id5993: entered promiscuous mode
[    9.941829] v0p0id5993: left promiscuous mode
[    9.962656] v0p0id5993: entered promiscuous mode
[    9.985269] v0p0id5993: left promiscuous mode
[   10.006562] v0p0id5993: entered promiscuous mode
[   10.011754] v0p0id5993: left promiscuous mode
[   10.037291] v0p0id5993: entered promiscuous mode
[   10.061120] v0p0id5993: left promiscuous mode
[   10.061572] v0p0id5993: entered promiscuous mode
[   10.086557] v0p0id5993: left promiscuous mode
[   10.087580] v0p0id5993: entered promiscuous mode
[   10.117245] v0p0id5993: left promiscuous mode
[   10.137759] v0p0id5993: entered promiscuous mode
[   10.165092] v0p0id5993: left promiscuous mode
[   10.186589] v0p0id5993: entered promiscuous mode
[   10.209454] v0p0id5993: left promiscuous mode
[   10.232828] v0p0id5993: entered promiscuous mode
[   10.258386] v0p0id5993: left promiscuous mode
[   10.284748] v0p0id5993: entered promiscuous mode
[   10.308278] v0p0id5993: left promiscuous mode
[   10.327733] v0p0id5993: entered promiscuous mode
[   10.358945] v0p0id5993: left promiscuous mode
[   10.382555] v0p0id5993: entered promiscuous mode
[   10.407940] v0p0id5993: left promiscuous mode
[   10.408388] v0p0id5993: entered promiscuous mode
[   10.431935] v0p0id5993: left promiscuous mode
[   18.517635] v0p0id3992: entered promiscuous mode
[   18.564056] v0p0id3992: left promiscuous mode
[   18.583104] v0p0id3992: entered promiscuous mode
[   18.606002] v0p0id3992: left promiscuous mode
[   20.459692] modprobe: page allocation failure: order:6, mode:0x40dc0(GFP_KERNEL|__GFP_COMP|__GFP_ZERO), nodemask=(null),cpuset=/,mems_allowed=0
[   20.459797] CPU: 9 PID: 6216 Comm: modprobe Not tainted 6.9.0-rc6-virtme #1
[   20.459846] Hardware name: QEMU Standard PC (i440FX + PIIX, 1996), BIOS rel-1.16.3-0-ga6ed6b701f0a-prebuilt.qemu.org 04/01/2014
[   20.459921] Call Trace:
[   20.459946]  <TASK>
[   20.459972]  dump_stack_lvl+0x53/0x70
[   20.460005]  warn_alloc+0x164/0x1d0
[   20.460040]  ? __cond_resched+0x35/0x50
[   20.460070]  ? srso_alias_return_thunk+0x5/0xfbef5
[   20.460105]  ? __alloc_pages_direct_compact+0x1c8/0x260
[   20.460141]  __alloc_pages+0x105a/0x10d0
[   20.460170]  ? srso_alias_return_thunk+0x5/0xfbef5
[   20.460206]  ? v9fs_alloc_rdir_buf.isra.0+0x28/0x40
[   20.460240]  __kmalloc_large_node+0x6f/0x120
[   20.460275]  __kmalloc+0x253/0x310
[   20.460303]  ? v9fs_alloc_rdir_buf.isra.0+0x28/0x40
[   20.460336]  v9fs_alloc_rdir_buf.isra.0+0x28/0x40
[   20.460371]  v9fs_dir_readdir_dotl+0x69/0x170
[   20.460409]  iterate_dir+0x85/0x130
[   20.460438]  ovl_iterate+0x17b/0x310
[   20.460469]  ? __pfx_ovl_iterate+0x10/0x10
[   20.460496]  wrap_directory_iterator+0x48/0x70
[   20.460531]  iterate_dir+0x85/0x130
[   20.460558]  __x64_sys_getdents64+0x88/0x130
[   20.460592]  ? __pfx_filldir64+0x10/0x10
[   20.460620]  do_syscall_64+0x9d/0x1a0
[   20.460648]  entry_SYSCALL_64_after_hwframe+0x77/0x7f
[   20.460682] RIP: 0033:0x7f987b9d015a
[   20.460709] Code: 48 01 f0 0f b7 48 10 01 ca 41 89 50 0c 48 8b 50 08 49 89 10 5b c3 48 63 7f 08 49 8d 70 18 b8 d9 00 00 00 ba 00 08 00 00 0f 05 <48> 89 c3 85 c0 7e 12 41 89 40 10 31 d2 31 c0 41 c7 40 0c 00 00 00
[   20.460810] RSP: 002b:00007fff5b2a3a60 EFLAGS: 00000246 ORIG_RAX: 00000000000000d9
[   20.460858] RAX: ffffffffffffffda RBX: 0000558beaab435d RCX: 00007f987b9d015a
[   20.460906] RDX: 0000000000000800 RSI: 00007f987b462038 RDI: 0000000000000000
[   20.460953] RBP: 0000000000000000 R08: 00007f987b462020 R09: 0000000000000000
[   20.461001] R10: 0000000000002000 R11: 0000000000000246 R12: 0000558beaab9ac0
[   20.461052] R13: 00007f987b462020 R14: 0000000000000000 R15: 00007f987b8fc8e0
[   20.461104]  </TASK>
[   20.461132] Mem-Info:
[   20.461153] active_anon:23 inactive_anon:42352 isolated_anon:0
[   20.461153]  active_file:1395 inactive_file:1510 isolated_file:0
[   20.461153]  unevictable:0 dirty:0 writeback:0
[   20.461153]  slab_reclaimable:5061 slab_unreclaimable:64299
[   20.461153]  mapped:2386 shmem:9 pagetables:510
[   20.461153]  sec_pagetables:0 bounce:0
[   20.461153]  kernel_misc_reclaimable:0
[   20.461153]  free:6480 free_pcp:233 free_cma:0
[   20.461377] Node 0 active_anon:92kB inactive_anon:169408kB active_file:5580kB inactive_file:6040kB unevictable:0kB isolated(anon):0kB isolated(file):0kB mapped:9544kB dirty:0kB writeback:0kB shmem:36kB writeback_tmp:0kB kernel_stack:6372kB pagetables:2040kB sec_pagetables:0kB all_unreclaimable? no
[   20.461552] Node 0 DMA free:3968kB boost:0kB min:60kB low:72kB high:84kB reserved_highatomic:0KB active_anon:0kB inactive_anon:148kB active_file:120kB inactive_file:0kB unevictable:0kB writepending:0kB present:15992kB managed:15360kB mlocked:0kB bounce:0kB free_pcp:0kB local_pcp:0kB free_cma:0kB
[   20.461699] lowmem_reserve[]: 0 948 948 948 948
[   20.461739] Node 0 DMA32 free:20948kB boost:0kB min:3908kB low:4884kB high:5860kB reserved_highatomic:0KB active_anon:92kB inactive_anon:169432kB active_file:5428kB inactive_file:6020kB unevictable:0kB writepending:0kB present:1032064kB managed:974648kB mlocked:0kB bounce:0kB free_pcp:1840kB local_pcp:0kB free_cma:0kB
[   20.461910] lowmem_reserve[]: 0 0 0 0 0
[   20.461940] Node 0 DMA: 11*4kB (UM) 7*8kB (UM) 3*16kB (UM) 9*32kB (UME) 5*64kB (M) 3*128kB (UME) 3*256kB (ME) 2*512kB (ME) 1*1024kB (E) 0*2048kB 0*4096kB = 3956kB
[   20.462041] Node 0 DMA32: 1434*4kB (UME) 811*8kB (UME) 274*16kB (UME) 77*32kB (UME) 21*64kB (UME) 5*128kB (UME) 0*256kB 0*512kB 0*1024kB 0*2048kB 0*4096kB = 21056kB
[   20.462143] Node 0 hugepages_total=0 hugepages_free=0 hugepages_surp=0 hugepages_size=1048576kB
[   20.462202] Node 0 hugepages_total=0 hugepages_free=0 hugepages_surp=0 hugepages_size=2048kB
[   20.462264] 2971 total pagecache pages
[   20.462292] 0 pages in swap cache
[   20.462326] Free swap  = 0kB
[   20.462360] Total swap = 0kB
[   20.462389] 262014 pages RAM
[   20.462423] 0 pages HighMem/MovableOnly
[   20.462463] 14512 pages reserved
[   20.729489] unregister_netdevice: waiting for lo to become free. Usage count = 5
[   21.483648] python3 invoked oom-killer: gfp_mask=0x140cca(GFP_HIGHUSER_MOVABLE|__GFP_COMP), order=0, oom_score_adj=0
[   21.483789] CPU: 3 PID: 6350 Comm: python3 Not tainted 6.9.0-rc6-virtme #1
[   21.483867] Hardware name: QEMU Standard PC (i440FX + PIIX, 1996), BIOS rel-1.16.3-0-ga6ed6b701f0a-prebuilt.qemu.org 04/01/2014
[   21.483963] Call Trace:
[   21.483996]  <TASK>
[   21.484023]  dump_stack_lvl+0x53/0x70
[   21.484070]  dump_header+0x50/0x3a0
[   21.484111]  ? srso_alias_return_thunk+0x5/0xfbef5
[   21.484175]  ? __free_one_page+0x59/0x420
[   21.484224]  ? srso_alias_return_thunk+0x5/0xfbef5
[   21.484286]  ? srso_alias_return_thunk+0x5/0xfbef5
[   21.484343]  ? srso_alias_return_thunk+0x5/0xfbef5
[   21.484401]  ? ___ratelimit+0xa7/0x110
[   21.484441]  oom_kill_process+0x2f3/0x4b0
[   21.484497]  ? srso_alias_return_thunk+0x5/0xfbef5
[   21.484556]  out_of_memory+0xf1/0x700
[   21.484601]  __alloc_pages+0xdbc/0x10d0
[   21.484652]  alloc_pages_mpol+0x4c/0xf0
[   21.484704]  __filemap_get_folio+0xc3/0x220
[   21.484749]  filemap_fault+0x150/0xa70
[   21.484798]  __do_fault+0x2e/0xb0
[   21.484841]  __handle_mm_fault+0x6f6/0xd40
[   21.484892]  handle_mm_fault+0xbb/0x1e0
[   21.484930]  do_user_addr_fault+0x170/0x640
[   21.484972]  exc_page_fault+0x6b/0x150
[   21.485015]  asm_exc_page_fault+0x26/0x30
[   21.485056] RIP: 0033:0x7f2995ad41cd
[   21.485105] Code: Unable to access opcode bytes at 0x7f2995ad41a3.
[   21.485176] RSP: 002b:00007fff386d64d0 EFLAGS: 00010206
[   21.485213] RAX: 00007f2995f099c0 RBX: 00007f2991dd3140 RCX: 0000000000000000
[   21.485291] RDX: 00007f2995f099c0 RSI: 00007f2995f099c0 RDI: 00007f2995f82688
[   21.485360] RBP: 0000000000000000 R08: 0000000000000005 R09: a1b99b16a154ea83
[   21.485445] R10: 00007f29958d27f2 R11: 0000000000000000 R12: 00007f299534f420
[   21.485527] R13: 0000000000000000 R14: 00007f2995f82688 R15: 00007f29950fbc80
[   21.485591]  </TASK>
[   21.485634] Mem-Info:
[   21.485669] active_anon:23 inactive_anon:42366 isolated_anon:0
[   21.485669]  active_file:10 inactive_file:29 isolated_file:0
[   21.485669]  unevictable:0 dirty:0 writeback:0
[   21.485669]  slab_reclaimable:4928 slab_unreclaimable:66002
[   21.485669]  mapped:17 shmem:9 pagetables:555
[   21.485669]  sec_pagetables:0 bounce:0
[   21.485669]  kernel_misc_reclaimable:0
[   21.485669]  free:3542 free_pcp:169 free_cma:0
[   21.486057] Node 0 active_anon:92kB inactive_anon:169464kB active_file:40kB inactive_file:116kB unevictable:0kB isolated(anon):0kB isolated(file):0kB mapped:68kB dirty:0kB writeback:0kB shmem:36kB writeback_tmp:0kB kernel_stack:6316kB pagetables:2220kB sec_pagetables:0kB all_unreclaimable? no
[   21.486322] Node 0 DMA free:3840kB boost:0kB min:60kB low:72kB high:84kB reserved_highatomic:0KB active_anon:0kB inactive_anon:24kB active_file:4kB inactive_file:0kB unevictable:0kB writepending:0kB present:15992kB managed:15360kB mlocked:0kB bounce:0kB free_pcp:0kB local_pcp:0kB free_cma:0kB
[   21.486606] lowmem_reserve[]: 0 948 948 948 948
[   21.486659] Node 0 DMA32 free:10328kB boost:0kB min:3908kB low:4884kB high:5860kB reserved_highatomic:0KB active_anon:92kB inactive_anon:169552kB active_file:0kB inactive_file:100kB unevictable:0kB writepending:0kB present:1032064kB managed:974648kB mlocked:0kB bounce:0kB free_pcp:808kB local_pcp:0kB free_cma:0kB
[   21.486962] lowmem_reserve[]: 0 0 0 0 0
[   21.487020] Node 0 DMA: 7*4kB (UM) 7*8kB (UM) 7*16kB (UM) 6*32kB (UM) 4*64kB (UM) 3*128kB (UM) 1*256kB (M) 1*512kB (U) 2*1024kB (UM) 0*2048kB 0*4096kB = 3844kB
[   21.487202] Node 0 DMA32: 945*4kB (UME) 561*8kB (UME) 113*16kB (UME) 7*32kB (U) 1*64kB (U) 0*128kB 0*256kB 0*512kB 0*1024kB 0*2048kB 0*4096kB = 10364kB
[   21.487365] Node 0 hugepages_total=0 hugepages_free=0 hugepages_surp=0 hugepages_size=1048576kB
[   21.487475] Node 0 hugepages_total=0 hugepages_free=0 hugepages_surp=0 hugepages_size=2048kB
[   21.487610] 95 total pagecache pages
[   21.487657] 0 pages in swap cache
[   21.487721] Free swap  = 0kB
[   21.487785] Total swap = 0kB
[   21.487848] 262014 pages RAM
[   21.487905] 0 pages HighMem/MovableOnly
[   21.487972] 14512 pages reserved
[   21.488033] Unreclaimable slab info:
[   21.488096] Name                      Used          Total
[   21.488164] nf_conntrack               8KB          8KB
[   21.488241] p9_req_t                 255KB        255KB
[   21.488300] bio-120                    4KB          4KB
[   21.488369] bio-248                    8KB          8KB
[   21.488442] mqueue_inode_cache         31KB         31KB
[   21.488517] RAW                       95KB         95KB
[   21.488597] TCP                      214KB        214KB
[   21.488661] hugetlbfs_inode_cache         31KB         31KB
[   21.488753] bio-240                    8KB          8KB
[   21.488833] request_queue             31KB         31KB
[   21.488919] bio-184                    7KB          7KB
[   21.489005] skbuff_small_head        504KB        504KB
[   21.489076] skbuff_head_cache        256KB        256KB
[   21.489139] seq_file                 127KB        127KB
[   21.489215] shmem_inode_cache       1183KB       1183KB
[   21.489304] kernfs_node_cache      30549KB      30592KB
[   21.489362] filp                     264KB        264KB
[   21.489442] net_namespace           1856KB       1856KB
[   21.489528] vma_lock                 434KB        434KB
[   21.489604] vm_area_struct          1323KB       1323KB
[   21.489681] files_cache             1012KB       1012KB
[   21.489757] signal_cache            1657KB       1657KB
[   21.489827] sighand_cache           1732KB       1732KB
[   21.489902] task_struct             3375KB       3375KB
[   21.489980] anon_vma                 626KB        633KB
[   21.490049] Acpi-State               135KB        135KB
[   21.490127] shared_policy_node         31KB         31KB
[   21.490210] ftrace_event_field        227KB        227KB
[   21.490266] task_group              1275KB       1275KB
[   21.490341] mm_struct               1008KB       1008KB
[   21.490422] vmap_area                399KB        527KB
[   21.490503] kmalloc-8k             22360KB      22360KB
[   21.490582] kmalloc-4k             42948KB      42956KB
[   21.490646] kmalloc-2k             31640KB      31640KB
[   21.490720] kmalloc-1k              5348KB       5348KB
[   21.490789] kmalloc-512            29107KB      29264KB
[   21.490852] kmalloc-256             4643KB       4704KB
[   21.490923] kmalloc-192             7745KB       7745KB
[   21.491002] kmalloc-128              996KB        996KB
[   21.491099] kmalloc-96               839KB        866KB
[   21.491172] kmalloc-64              1649KB       1652KB
[   21.491237] kmalloc-32               376KB        396KB
[   21.491299] kmalloc-16               456KB        456KB
[   21.491371] kmalloc-8                226KB        228KB
[   21.491438] kmem_cache_node            8KB          8KB
[   21.491502] kmem_cache                32KB         32KB
[   21.491570] Tasks state (memory values in pages):
[   21.491632] [  pid  ]   uid  tgid total_vm      rss rss_anon rss_file rss_shmem pgtables_bytes swapents oom_score_adj name
[   21.491776] [    358]     0   358      654      256      128      128         0    49152        0             0 bash
[   21.491875] [    363]     0   363      323      192       64      128         0    45056        0             0 make
[   21.492006] [    374]     0   374      407       64        0       64         0    49152        0             0 sh
[   21.492128] [    375]     0   375      314      192       64      128         0    45056        0             0 make
[   21.492255] [    376]     0   376      413      128        0      128         0    40960        0             0 sh
[   21.492376] [    398]     0   398      413       64        0       64         0    40960        0             0 sh
[   21.492493] [    399]     0   399      413       64        0       64         0    40960        0             0 sh
[   21.492618] [    400]     0   400      413       64        0       64         0    40960        0             0 sh
[   21.492743] [    401]     0   401      413       64        0       64         0    40960        0             0 sh
[   21.492881] [    402]     0   402      413       64        0       64         0    40960        0             0 sh
[   21.493007] [    403]     0   403      413       64        0       64         0    40960        0             0 sh
[   21.493135] [    404]     0   404     1588      704      384      320         0    53248        0             0 perl
[   21.493251] [    405]     0   405     1633      256      128      128         0    57344        0             0 /usr/bin/timeou
[   21.493391] [    408]     0   408     1633      256      128      128         0    53248        0             0 /usr/bin/timeou
[   21.493543] [    409]     0   409      412      128        0      128         0    40960        0             0 tdc.sh
[   21.493662] [    536]     0   536    18558    13215    12831      384         0   192512        0             0 python3
[   21.493775] [    540]     0   540    17345    13173    12981      192         0   176128        0             0 python3
[   21.493896] [    541]     0   541    17734    13814    13366      448         0   180224        0             0 python3
[   21.494019] [    542]     0   542    17413    13367    13175      192         0   176128        0             0 python3
[   21.494129] [    543]     0   543    17679    13623    13495      128         0   180224        0             0 python3
[   21.494248] [    552]     0   552      776      128        0      128         0    49152        0             0 ip
[   21.494375] [    553]     0   553      776      128        0      128         0    40960        0             0 ip
[   21.494515] [    554]     0   554      776      128        0      128         0    45056        0             0 ip
[   21.494621] [    686]     0   686      776      128        0      128         0    45056        0             0 ip
[   21.494746] [   6350]     0  6350    17679    13690    13626       64         0   180224        0             0 python3
[   21.494870] [   6351]     0  6351      556        0        0        0         0    45056        0             0 ip
[   21.494996] oom-kill:constraint=CONSTRAINT_NONE,nodemask=(null),cpuset=/,mems_allowed=0,task=python3,pid=541,uid=0
[   21.495121] Out of memory: Killed process 541 (python3) total-vm:70936kB, anon-rss:53464kB, file-rss:1792kB, shmem-rss:0kB, UID:0 pgtables:176kB oom_score_adj:0
[   21.497595] python3 (541) used greatest stack depth: 11344 bytes left
[   30.897495] unregister_netdevice: waiting for lo to become free. Usage count = 5
[   41.137479] unregister_netdevice: waiting for lo to become free. Usage count = 5
[   51.377503] unregister_netdevice: waiting for lo to become free. Usage count = 5
[   61.617496] unregister_netdevice: waiting for lo to become free. Usage count = 5
[   71.857487] unregister_netdevice: waiting for lo to become free. Usage count = 5
[   82.097497] unregister_netdevice: waiting for lo to become free. Usage count = 5
[   92.337495] unregister_netdevice: waiting for lo to become free. Usage count = 5
[  102.577489] unregister_netdevice: waiting for lo to become free. Usage count = 5
[  112.817471] unregister_netdevice: waiting for lo to become free. Usage count = 5
[  123.057515] unregister_netdevice: waiting for lo to become free. Usage count = 5
[  133.297502] unregister_netdevice: waiting for lo to become free. Usage count = 5
[  143.537516] unregister_netdevice: waiting for lo to become free. Usage count = 5
[  153.777507] unregister_netdevice: waiting for lo to become free. Usage count = 5
[  164.017502] unregister_netdevice: waiting for lo to become free. Usage count = 5
[  174.257498] unregister_netdevice: waiting for lo to become free. Usage count = 5
[  184.497480] unregister_netdevice: waiting for lo to become free. Usage count = 5
[  194.737501] unregister_netdevice: waiting for lo to become free. Usage count = 5
[  204.977502] unregister_netdevice: waiting for lo to become free. Usage count = 5
[  215.217506] unregister_netdevice: waiting for lo to become free. Usage count = 5
[  225.457507] unregister_netdevice: waiting for lo to become free. Usage count = 5
[  235.697502] unregister_netdevice: waiting for lo to become free. Usage count = 5
[  245.937503] unregister_netdevice: waiting for lo to become free. Usage count = 5
[  256.177473] unregister_netdevice: waiting for lo to become free. Usage count = 5
[  266.417499] unregister_netdevice: waiting for lo to become free. Usage count = 5
[  276.657493] unregister_netdevice: waiting for lo to become free. Usage count = 5
[  286.897483] unregister_netdevice: waiting for lo to become free. Usage count = 5
[  297.137498] unregister_netdevice: waiting for lo to become free. Usage count = 5
[  307.377494] unregister_netdevice: waiting for lo to become free. Usage count = 5
[  317.617507] unregister_netdevice: waiting for lo to become free. Usage count = 5
[  327.857507] unregister_netdevice: waiting for lo to become free. Usage count = 5
[  338.097515] unregister_netdevice: waiting for lo to become free. Usage count = 5
[  348.337510] unregister_netdevice: waiting for lo to become free. Usage count = 5
[  358.577483] unregister_netdevice: waiting for lo to become free. Usage count = 5
[  368.817510] unregister_netdevice: waiting for lo to become free. Usage count = 5
[  379.057510] unregister_netdevice: waiting for lo to become free. Usage count = 5
[  389.297500] unregister_netdevice: waiting for lo to become free. Usage count = 5
[  399.537478] unregister_netdevice: waiting for lo to become free. Usage count = 5
[  409.777501] unregister_netdevice: waiting for lo to become free. Usage count = 5
[  420.017495] unregister_netdevice: waiting for lo to become free. Usage count = 5
[  430.257500] unregister_netdevice: waiting for lo to become free. Usage count = 5
[  440.497506] unregister_netdevice: waiting for lo to become free. Usage count = 5
[  450.737510] unregister_netdevice: waiting for lo to become free. Usage count = 5
[  460.977502] unregister_netdevice: waiting for lo to become free. Usage count = 5
[  471.217501] unregister_netdevice: waiting for lo to become free. Usage count = 5
[  481.457499] unregister_netdevice: waiting for lo to become free. Usage count = 5
[  491.697498] unregister_netdevice: waiting for lo to become free. Usage count = 5
[  501.937499] unregister_netdevice: waiting for lo to become free. Usage count = 5
[  512.177516] unregister_netdevice: waiting for lo to become free. Usage count = 5
[  522.417503] unregister_netdevice: waiting for lo to become free. Usage count = 5
[  532.657495] unregister_netdevice: waiting for lo to become free. Usage count = 5
[  542.897476] unregister_netdevice: waiting for lo to become free. Usage count = 5
[  553.137508] unregister_netdevice: waiting for lo to become free. Usage count = 5
[  563.377502] unregister_netdevice: waiting for lo to become free. Usage count = 5
[  573.617504] unregister_netdevice: waiting for lo to become free. Usage count = 5
[  583.857502] unregister_netdevice: waiting for lo to become free. Usage count = 5
[  594.097505] unregister_netdevice: waiting for lo to become free. Usage count = 5
[  604.337505] unregister_netdevice: waiting for lo to become free. Usage count = 5
[  614.577475] unregister_netdevice: waiting for lo to become free. Usage count = 5
[  624.817512] unregister_netdevice: waiting for lo to become free. Usage count = 5
[  635.057509] unregister_netdevice: waiting for lo to become free. Usage count = 5
[  645.297477] unregister_netdevice: waiting for lo to become free. Usage count = 5
[  655.537490] unregister_netdevice: waiting for lo to become free. Usage count = 5
[  665.777492] unregister_netdevice: waiting for lo to become free. Usage count = 5
[  676.017489] unregister_netdevice: waiting for lo to become free. Usage count = 5
[  686.257492] unregister_netdevice: waiting for lo to become free. Usage count = 5
[  696.497492] unregister_netdevice: waiting for lo to become free. Usage count = 5
[  706.737504] unregister_netdevice: waiting for lo to become free. Usage count = 5
[  716.977501] unregister_netdevice: waiting for lo to become free. Usage count = 5
[  727.217496] unregister_netdevice: waiting for lo to become free. Usage count = 5
[  737.457498] unregister_netdevice: waiting for lo to become free. Usage count = 5
[  747.697492] unregister_netdevice: waiting for lo to become free. Usage count = 5
[  757.937482] unregister_netdevice: waiting for lo to become free. Usage count = 5
[  768.177503] unregister_netdevice: waiting for lo to become free. Usage count = 5
[  778.417514] unregister_netdevice: waiting for lo to become free. Usage count = 5
[  788.657505] unregister_netdevice: waiting for lo to become free. Usage count = 5
[  798.897493] unregister_netdevice: waiting for lo to become free. Usage count = 5
[  809.137504] unregister_netdevice: waiting for lo to become free. Usage count = 5
[  819.377504] unregister_netdevice: waiting for lo to become free. Usage count = 5
[  829.617486] unregister_netdevice: waiting for lo to become free. Usage count = 5
[  839.857498] unregister_netdevice: waiting for lo to become free. Usage count = 5
[  850.097494] unregister_netdevice: waiting for lo to become free. Usage count = 5
[  860.337507] unregister_netdevice: waiting for lo to become free. Usage count = 5
[  870.577514] unregister_netdevice: waiting for lo to become free. Usage count = 5
[  880.817504] unregister_netdevice: waiting for lo to become free. Usage count = 5
[  891.057485] unregister_netdevice: waiting for lo to become free. Usage count = 5
[  901.297476] unregister_netdevice: waiting for lo to become free. Usage count = 5
