No EFI environment detected.
early console in extract_kernel
input_data: 0x0000000002be52c4
input_len: 0x0000000000b6b03c
output: 0x0000000001000000
output_len: 0x0000000002708bb0
kernel_total_size: 0x0000000002430000
needed_size: 0x0000000002800000
trampoline_32bit: 0x000000000009d000
Physical KASLR using RDRAND RDTSC...
Virtual KASLR using RDRAND RDTSC...

Decompressing Linux... Parsing ELF... Performing relocations... done.
Booting the kernel (entry_offset: 0x0000000000000000).
[    0.000000] Linux version 6.11.0-virtme (root@f6bb6c394014) (gcc (Ubuntu 13.2.0-23ubuntu4) 13.2.0, GNU ld (GNU Binutils for Ubuntu) 2.42) #1 SMP PREEMPT_DYNAMIC Tue Oct  1 06:12:57 UTC 2024
[    0.000000] Command line: virtme_hostname=virtme-ng nr_open=1048576 virtme_link_mods=/nipa-data/kernel/.virtme_mods/lib/modules/0.0.0 virtme_initmount0=nipa-data/kernel virtme_rw_overlay0=/etc virtme_rw_overlay1=/lib virtme_rw_overlay2=/home virtme_rw_overlay3=/opt virtme_rw_overlay4=/srv virtme_rw_overlay5=/usr virtme_rw_overlay6=/var console=hvc0 earlyprintk=serial,ttyS0,115200 virtme_console=ttyS0 psmouse.proto=exps TERM=xterm virtme_chdir=nipa-data/kernel virtme_root_user=1 rootfstype=9p rootflags=version=9p2000.L,trans=virtio,access=any raid=noautodetect ro init=/usr/lib/python3/dist-packages/virtme/guest/virtme-init
[    0.000000] x86/split lock detection: #DB: warning on user-space bus_locks
[    0.000000] BIOS-provided physical RAM map:
[    0.000000] BIOS-e820: [mem 0x0000000000000000-0x000000000009fbff] usable
[    0.000000] BIOS-e820: [mem 0x000000000009fc00-0x000000000009ffff] reserved
[    0.000000] BIOS-e820: [mem 0x00000000000f0000-0x00000000000fffff] reserved
[    0.000000] BIOS-e820: [mem 0x0000000000100000-0x000000003ffdffff] usable
[    0.000000] BIOS-e820: [mem 0x000000003ffe0000-0x000000003fffffff] reserved
[    0.000000] BIOS-e820: [mem 0x00000000feffc000-0x00000000feffffff] reserved
[    0.000000] BIOS-e820: [mem 0x00000000fffc0000-0x00000000ffffffff] reserved
[    0.000000] printk: legacy bootconsole [earlyser0] enabled
[    0.000000] NX (Execute Disable) protection: active
[    0.000000] APIC: Static calls initialized
[    0.000000] SMBIOS 3.0.0 present.
[    0.000000] DMI: QEMU Ubuntu 24.04 PC (i440FX + PIIX, 1996), BIOS 1.16.3-debian-1.16.3-2 04/01/2014
[    0.000000] DMI: Memory slots populated: 1/1
[    0.000000] Hypervisor detected: KVM
[    0.000000] kvm-clock: Using msrs 4b564d01 and 4b564d00
[    0.000001] kvm-clock: using sched offset of 937114493 cycles
[    0.000763] clocksource: kvm-clock: mask: 0xffffffffffffffff max_cycles: 0x1cd42e4dffb, max_idle_ns: 881590591483 ns
[    0.003128] tsc: Detected 2000.000 MHz processor
[    0.004326] last_pfn = 0x3ffe0 max_arch_pfn = 0x10000000000
[    0.005198] MTRR map: 4 entries (3 fixed + 1 variable; max 19), built from 8 variable MTRRs
[    0.006412] x86/PAT: Configuration [0-7]: WB  WC  UC- UC  WB  WP  UC- WT  
Memory KASLR using RDRAND RDTSC...
[    0.015562] found SMP MP-table at [mem 0x000f5470-0x000f547f]
[    0.016409] Using GB pages for direct mapping
[    0.017118] ACPI: Early table checksum verification disabled
[    0.017942] ACPI: RSDP 0x00000000000F5290 000014 (v00 BOCHS )
[    0.018780] ACPI: RSDT 0x000000003FFE308E 000034 (v01 BOCHS  BXPC     00000001 BXPC 00000001)
[    0.020053] ACPI: FACP 0x000000003FFE2D8A 000074 (v01 BOCHS  BXPC     00000001 BXPC 00000001)
[    0.021306] ACPI: DSDT 0x000000003FFE0040 002D4A (v01 BOCHS  BXPC     00000001 BXPC 00000001)
[    0.022547] ACPI: FACS 0x000000003FFE0000 000040
[    0.023235] ACPI: APIC 0x000000003FFE2DFE 000230 (v03 BOCHS  BXPC     00000001 BXPC 00000001)
[    0.024506] ACPI: HPET 0x000000003FFE302E 000038 (v01 BOCHS  BXPC     00000001 BXPC 00000001)
[    0.025748] ACPI: WAET 0x000000003FFE3066 000028 (v01 BOCHS  BXPC     00000001 BXPC 00000001)
[    0.026985] ACPI: Reserving FACP table memory at [mem 0x3ffe2d8a-0x3ffe2dfd]
[    0.028008] ACPI: Reserving DSDT table memory at [mem 0x3ffe0040-0x3ffe2d89]
[    0.029032] ACPI: Reserving FACS table memory at [mem 0x3ffe0000-0x3ffe003f]
[    0.030058] ACPI: Reserving APIC table memory at [mem 0x3ffe2dfe-0x3ffe302d]
[    0.031093] ACPI: Reserving HPET table memory at [mem 0x3ffe302e-0x3ffe3065]
[    0.032116] ACPI: Reserving WAET table memory at [mem 0x3ffe3066-0x3ffe308d]
[    0.033492] No NUMA configuration found
[    0.034049] Faking a node at [mem 0x0000000000000000-0x000000003ffdffff]
[    0.035025] NODE_DATA(0) allocated [mem 0x3ffdb780-0x3ffdffff]
[    0.036011] Zone ranges:
[    0.036380]   DMA      [mem 0x0000000000001000-0x0000000000ffffff]
[    0.037290]   DMA32    [mem 0x0000000001000000-0x000000003ffdffff]
[    0.038213]   Normal   empty
[    0.038643]   Device   empty
[    0.039062] Movable zone start for each node
[    0.039682] Early memory node ranges
[    0.040208]   node   0: [mem 0x0000000000001000-0x000000000009efff]
[    0.041123]   node   0: [mem 0x0000000000100000-0x000000003ffdffff]
[    0.042038] Initmem setup node 0 [mem 0x0000000000001000-0x000000003ffdffff]
[    0.043096] On node 0, zone DMA: 1 pages in unavailable ranges
[    0.043978] On node 0, zone DMA: 97 pages in unavailable ranges
[    0.048393] On node 0, zone DMA32: 32 pages in unavailable ranges
[    0.049840] ACPI: PM-Timer IO Port: 0x608
[    0.050445] ACPI: LAPIC_NMI (acpi_id[0xff] dfl dfl lint[0x1])
[    0.051330] IOAPIC[0]: apic_id 0, version 17, address 0xfec00000, GSI 0-23
[    0.052331] ACPI: INT_SRC_OVR (bus 0 bus_irq 0 global_irq 2 dfl dfl)
[    0.053257] ACPI: INT_SRC_OVR (bus 0 bus_irq 5 global_irq 5 high level)
[    0.054231] ACPI: INT_SRC_OVR (bus 0 bus_irq 9 global_irq 9 high level)
[    0.055204] ACPI: INT_SRC_OVR (bus 0 bus_irq 10 global_irq 10 high level)
[    0.056190] ACPI: INT_SRC_OVR (bus 0 bus_irq 11 global_irq 11 high level)
[    0.057183] ACPI: Using ACPI (MADT) for SMP configuration information
[    0.058118] ACPI: HPET id: 0x8086a201 base: 0xfed00000
[    0.058869] TSC deadline timer available
[    0.059451] CPU topo: Max. logical packages:   1
[    0.060122] CPU topo: Max. logical dies:       1
[    0.060796] CPU topo: Max. dies per package:   1
[    0.061469] CPU topo: Max. threads per core:   1
[    0.062140] CPU topo: Num. cores per package:    56
[    0.062858] CPU topo: Num. threads per package:  56
[    0.063565] CPU topo: Allowing 56 present CPUs plus 0 hotplug CPUs
[    0.064484] kvm-guest: APIC: eoi() replaced with kvm_guest_apic_eoi_write()
[    0.065531] kvm-guest: KVM setup pv remote TLB flush
[    0.066258] kvm-guest: setup PV sched yield
[    0.066872] PM: hibernation: Registered nosave memory: [mem 0x00000000-0x00000fff]
[    0.067971] PM: hibernation: Registered nosave memory: [mem 0x0009f000-0x0009ffff]
[    0.069108] PM: hibernation: Registered nosave memory: [mem 0x000a0000-0x000effff]
[    0.070208] PM: hibernation: Registered nosave memory: [mem 0x000f0000-0x000fffff]
[    0.071334] [mem 0x40000000-0xfeffbfff] available for PCI devices
[    0.072230] Booting paravirtualized kernel on KVM
[    0.072921] clocksource: refined-jiffies: mask: 0xffffffff max_cycles: 0xffffffff, max_idle_ns: 1910969940391419 ns
[    0.082621] setup_percpu: NR_CPUS:64 nr_cpumask_bits:56 nr_cpu_ids:56 nr_node_ids:1
[    0.088349] percpu: Embedded 58 pages/cpu s199128 r8192 d30248 u262144
[    0.089434] Kernel command line: virtme_hostname=virtme-ng nr_open=1048576 virtme_link_mods=/nipa-data/kernel/.virtme_mods/lib/modules/0.0.0 virtme_initmount0=nipa-data/kernel virtme_rw_overlay0=/etc virtme_rw_overlay1=/lib virtme_rw_overlay2=/home virtme_rw_overlay3=/opt virtme_rw_overlay4=/srv virtme_rw_overlay5=/usr virtme_rw_overlay6=/var console=hvc0 earlyprintk=serial,ttyS0,115200 virtme_console=ttyS0 psmouse.proto=exps TERM=xterm virtme_chdir=nipa-data/kernel virtme_root_user=1 rootfstype=9p rootflags=version=9p2000.L,trans=virtio,access=any raid=noautodetect ro init=/usr/lib/python3/dist-packages/virtme/guest/virtme-init
[    0.097827] Unknown kernel command line parameters "virtme_hostname=virtme-ng nr_open=1048576 virtme_link_mods=/nipa-data/kernel/.virtme_mods/lib/modules/0.0.0 virtme_initmount0=nipa-data/kernel virtme_rw_overlay0=/etc virtme_rw_overlay1=/lib virtme_rw_overlay2=/home virtme_rw_overlay3=/opt virtme_rw_overlay4=/srv virtme_rw_overlay5=/usr virtme_rw_overlay6=/var virtme_console=ttyS0 virtme_chdir=nipa-data/kernel virtme_root_user=1", will be passed to user space.
[    0.103958] random: crng init done
[    0.104461] printk: log_buf_len individual max cpu contribution: 4096 bytes
[    0.105526] printk: log_buf_len total cpu_extra contributions: 225280 bytes
[    0.106553] printk: log_buf_len min size: 262144 bytes
[    0.107930] printk: log_buf_len: 524288 bytes
[    0.108596] printk: early log buf free: 254024(96%)
[    0.109768] Dentry cache hash table entries: 131072 (order: 8, 1048576 bytes, linear)
[    0.110969] Inode-cache hash table entries: 65536 (order: 7, 524288 bytes, linear)
[    0.112962] Fallback order for Node 0: 0 
[    0.112970] Built 1 zonelists, mobility grouping on.  Total pages: 262014
[    0.114482] Policy zone: DMA32
[    0.114908] mem auto-init: stack:all(zero), heap alloc:off, heap free:off
[    0.119376] SLUB: HWalign=64, Order=0-3, MinObjects=0, CPUs=56, Nodes=1
Poking KASLR using RDRAND RDTSC...
[    0.120842] ftrace: allocating 48394 entries in 190 pages
[    0.135251] ftrace: allocated 190 pages with 6 groups
[    0.137099] Dynamic Preempt: voluntary
[    0.138590] rcu: Preemptible hierarchical RCU implementation.
[    0.139413] rcu: RCU event tracing is enabled.
[    0.140060] rcu: RCU restricting CPUs from NR_CPUS=64 to nr_cpu_ids=56.
[    0.141004] Trampoline variant of Tasks RCU enabled.
[    0.141711] Rude variant of Tasks RCU enabled.
[    0.142343] Tracing variant of Tasks RCU enabled.
[    0.143011] rcu: RCU calculated value of scheduler-enlistment delay is 100 jiffies.
[    0.144091] rcu: Adjusting geometry for rcu_fanout_leaf=16, nr_cpu_ids=56
[    0.145090] RCU Tasks: Setting shift to 6 and lim to 1 rcu_task_cb_adjust=1 rcu_task_cpu_ids=56.
[    0.146323] RCU Tasks Rude: Setting shift to 6 and lim to 1 rcu_task_cb_adjust=1 rcu_task_cpu_ids=56.
[    0.147632] RCU Tasks Trace: Setting shift to 6 and lim to 1 rcu_task_cb_adjust=1 rcu_task_cpu_ids=56.
[    0.152273] NR_IRQS: 4352, nr_irqs: 872, preallocated irqs: 16
[    0.153468] rcu: srcu_init: Setting srcu_struct sizes based on contention.
[    0.154726] Console: colour *CGA 80x25
[    0.155300] ACPI: Core revision 20240827
[    0.156026] clocksource: hpet: mask: 0xffffffff max_cycles: 0xffffffff, max_idle_ns: 19112604467 ns
[    0.157428] APIC: Switch to symmetric I/O mode setup
[    0.158313] kvm-guest: APIC: send_IPI_mask() replaced with kvm_send_ipi_mask()
[    0.159667] kvm-guest: APIC: send_IPI_mask_allbutself() replaced with kvm_send_ipi_mask_allbutself()
[    0.161010] kvm-guest: setup PV IPIs
[    0.163041] ..TIMER: vector=0x30 apic1=0 pin1=2 apic2=-1 pin2=-1
[    0.164346] clocksource: tsc-early: mask: 0xffffffffffffffff max_cycles: 0x39a85c9bff6, max_idle_ns: 881590591483 ns
[    0.167274] Calibrating delay loop (skipped) preset value.. 4000.00 BogoMIPS (lpj=2000000)
[    0.168486] x86/cpu: User Mode Instruction Prevention (UMIP) activated
[    0.169397] Last level iTLB entries: 4KB 0, 2MB 0, 4MB 0
[    0.170269] Last level dTLB entries: 4KB 0, 2MB 0, 4MB 0, 1GB 0
[    0.171286] Spectre V1 : Mitigation: usercopy/swapgs barriers and __user pointer sanitization
[    0.172276] Spectre V2 : Spectre BHI mitigation: SW BHB clearing on syscall and VM exit
[    0.173269] Spectre V2 : Mitigation: Enhanced / Automatic IBRS
[    0.174271] Spectre V2 : Spectre v2 / SpectreRSB mitigation: Filling RSB on context switch
[    0.175275] Spectre V2 : Spectre v2 / PBRSB-eIBRS: Retire a single CALL on VMEXIT
[    0.176281] Spectre V2 : mitigation: Enabling conditional Indirect Branch Prediction Barrier
[    0.177279] Speculative Store Bypass: Mitigation: Speculative Store Bypass disabled via prctl
[    0.178270] TAA: Mitigation: TSX disabled
[    0.179358] x86/fpu: Supporting XSAVE feature 0x001: 'x87 floating point registers'
[    0.180276] x86/fpu: Supporting XSAVE feature 0x002: 'SSE registers'
[    0.181275] x86/fpu: Supporting XSAVE feature 0x004: 'AVX registers'
[    0.182276] x86/fpu: Supporting XSAVE feature 0x020: 'AVX-512 opmask'
[    0.183276] x86/fpu: Supporting XSAVE feature 0x040: 'AVX-512 Hi256'
[    0.184276] x86/fpu: Supporting XSAVE feature 0x080: 'AVX-512 ZMM_Hi256'
[    0.185276] x86/fpu: Supporting XSAVE feature 0x200: 'Protection Keys User registers'
[    0.186276] x86/fpu: Supporting XSAVE feature 0x20000: 'AMX Tile config'
[    0.187269] x86/fpu: Supporting XSAVE feature 0x40000: 'AMX Tile data'
[    0.188269] x86/fpu: xstate_offset[2]:  576, xstate_sizes[2]:  256
[    0.189269] x86/fpu: xstate_offset[5]:  832, xstate_sizes[5]:   64
[    0.190269] x86/fpu: xstate_offset[6]:  896, xstate_sizes[6]:  512
[    0.191269] x86/fpu: xstate_offset[7]: 1408, xstate_sizes[7]: 1024
[    0.192269] x86/fpu: xstate_offset[9]: 2432, xstate_sizes[9]:    8
[    0.193269] x86/fpu: xstate_offset[17]: 2496, xstate_sizes[17]:   64
[    0.194269] x86/fpu: xstate_offset[18]: 2560, xstate_sizes[18]: 8192
[    0.195269] x86/fpu: Enabled xstate features 0x602e7, context size is 10752 bytes, using 'compacted' format.
[    0.223869] Freeing SMP alternatives memory: 40K
[    0.224270] pid_max: default: 57344 minimum: 448
[    0.225383] Mount-cache hash table entries: 2048 (order: 2, 16384 bytes, linear)
[    0.226272] Mountpoint-cache hash table entries: 2048 (order: 2, 16384 bytes, linear)
[    0.227743] smpboot: CPU0: Intel(R) Xeon(R) Platinum 8480+ (family: 0x6, model: 0x8f, stepping: 0x6)
[    0.228513] Performance Events: PEBS fmt0-, Sapphire Rapids events, full-width counters, Intel PMU driver.
[    0.229275] ... version:                2
[    0.230092] ... bit width:              48
[    0.230271] ... generic registers:      8
[    0.231082] ... value mask:             0000ffffffffffff
[    0.231271] ... max period:             00007fffffffffff
[    0.232271] ... fixed-purpose events:   3
[    0.233079] ... event mask:             00000007000000ff
[    0.233498] signal: max sigframe size: 11952
[    0.234299] rcu: Hierarchical SRCU implementation.
[    0.235271] rcu: Max phase no-delay instances is 400.
[    0.236307] Timer migration: 2 hierarchy levels; 8 children per group; 2 crossnode level
[    0.238339] smp: Bringing up secondary CPUs ...
[    0.239393] smpboot: x86: Booting SMP configuration:
[    0.240274] .... node  #0, CPUs:        #1  #2  #3  #4  #5  #6  #7  #8  #9 #10 #11 #12 #13 #14 #15 #16 #17 #18 #19 #20 #21 #22 #23 #24 #25 #26 #27 #28 #29 #30 #31 #32 #33 #34 #35 #36 #37 #38 #39 #40 #41 #42 #43 #44 #45 #46 #47 #48 #49 #50 #51 #52 #53 #54 #55
[    0.354603] smp: Brought up 1 node, 56 CPUs
[    0.356140] smpboot: Total of 56 processors activated (224000.00 BogoMIPS)
[    0.369321] Memory: 951180K/1048056K available (16384K kernel code, 2449K rwdata, 6272K rodata, 3124K init, 1872K bss, 72272K reserved, 0K cma-reserved)
[    0.370403] devtmpfs: initialized
[    0.371321] x86/mm: Memory block size: 128MB
[    0.373527] clocksource: jiffies: mask: 0xffffffff max_cycles: 0xffffffff, max_idle_ns: 1911260446275000 ns
[    0.374275] futex hash table entries: 16384 (order: 8, 1048576 bytes, linear)
[    0.375613] PM: RTC time: 06:13:44, date: 2024-10-01
[    0.377942] NET: Registered PF_NETLINK/PF_ROUTE protocol family
[    0.378477] thermal_sys: Registered thermal governor 'step_wise'
[    0.378478] thermal_sys: Registered thermal governor 'user_space'
[    0.379311] cpuidle: using governor menu
[    0.382870] PCI: Using configuration type 1 for base access
[    0.383365] kprobes: kprobe jump-optimization is enabled. All kprobes are optimized if possible.
[    0.414904] HugeTLB: registered 1.00 GiB page size, pre-allocated 0 pages
[    0.417275] HugeTLB: 16380 KiB vmemmap can be freed for a 1.00 GiB page
[    0.419274] HugeTLB: registered 2.00 MiB page size, pre-allocated 0 pages
[    0.421273] HugeTLB: 28 KiB vmemmap can be freed for a 2.00 MiB page
[    0.424407] ACPI: Added _OSI(Module Device)
[    0.425274] ACPI: Added _OSI(Processor Device)
[    0.427273] ACPI: Added _OSI(3.0 _SCP Extensions)
[    0.429273] ACPI: Added _OSI(Processor Aggregator Device)
[    0.431436] ACPI: 1 ACPI AML tables successfully acquired and loaded
[    0.436658] ACPI: Interpreter enabled
[    0.437291] ACPI: PM: (supports S0 S3 S4 S5)
[    0.439274] ACPI: Using IOAPIC for interrupt routing
[    0.440290] PCI: Using host bridge windows from ACPI; if necessary, use "pci=nocrs" and report a bug
[    0.442271] PCI: Using E820 reservations for host bridge windows
[    0.444382] ACPI: Enabled 2 GPEs in block 00 to 0F
[    0.447268] ACPI: PCI Root Bridge [PCI0] (domain 0000 [bus 00-ff])
[    0.449275] acpi PNP0A03:00: _OSC: OS supports [ASPM ClockPM Segments MSI HPX-Type3]
[    0.451272] acpi PNP0A03:00: _OSC: not requesting OS control; OS requires [ExtendedConfig ASPM ClockPM MSI]
[    0.452277] acpi PNP0A03:00: fail to add MMCONFIG information, can't access extended configuration space under this bridge
[    0.454381] PCI host bridge to bus 0000:00
[    0.455237] pci_bus 0000:00: root bus resource [io  0x0000-0x0cf7 window]
[    0.456271] pci_bus 0000:00: root bus resource [io  0x0d00-0xffff window]
[    0.458271] pci_bus 0000:00: root bus resource [mem 0x000a0000-0x000bffff window]
[    0.459271] pci_bus 0000:00: root bus resource [mem 0x40000000-0xfebfffff window]
[    0.460271] pci_bus 0000:00: root bus resource [mem 0x100000000-0x17fffffff window]
[    0.462271] pci_bus 0000:00: root bus resource [bus 00-ff]
[    0.463322] pci 0000:00:00.0: [8086:1237] type 00 class 0x060000 conventional PCI endpoint
[    0.465804] pci 0000:00:01.0: [8086:7000] type 00 class 0x060100 conventional PCI endpoint
[    0.466979] pci 0000:00:01.1: [8086:7010] type 00 class 0x010180 conventional PCI endpoint
[    0.472574] pci 0000:00:01.1: BAR 4 [io  0xc0c0-0xc0cf]
[    0.475082] pci 0000:00:01.1: BAR 0 [io  0x01f0-0x01f7]: legacy IDE quirk
[    0.476273] pci 0000:00:01.1: BAR 1 [io  0x03f6]: legacy IDE quirk
[    0.477271] pci 0000:00:01.1: BAR 2 [io  0x0170-0x0177]: legacy IDE quirk
[    0.478271] pci 0000:00:01.1: BAR 3 [io  0x0376]: legacy IDE quirk
[    0.479503] pci 0000:00:01.3: [8086:7113] type 00 class 0x068000 conventional PCI endpoint
[    0.481842] pci 0000:00:01.3: quirk: [io  0x0600-0x063f] claimed by PIIX4 ACPI
[    0.483281] pci 0000:00:01.3: quirk: [io  0x0700-0x070f] claimed by PIIX4 SMB
[    0.484643] pci 0000:00:02.0: [1af4:1009] type 00 class 0x000200 conventional PCI endpoint
[    0.487272] pci 0000:00:02.0: BAR 0 [io  0xc000-0xc03f]
[    0.490273] pci 0000:00:02.0: BAR 1 [mem 0xfebfc000-0xfebfcfff]
[    0.494275] pci 0000:00:02.0: BAR 4 [mem 0xfebf0000-0xfebf3fff 64bit pref]
[    0.498437] pci 0000:00:03.0: [1af4:1009] type 00 class 0x000200 conventional PCI endpoint
[    0.502235] pci 0000:00:03.0: BAR 0 [io  0xc040-0xc07f]
[    0.504011] pci 0000:00:03.0: BAR 1 [mem 0xfebfd000-0xfebfdfff]
[    0.508242] pci 0000:00:03.0: BAR 4 [mem 0xfebf4000-0xfebf7fff 64bit pref]
[    0.513177] pci 0000:00:04.0: [8086:25ab] type 00 class 0x088000 conventional PCI endpoint
[    0.515782] pci 0000:00:04.0: BAR 0 [mem 0xfebfe000-0xfebfe00f]
[    0.518653] pci 0000:00:05.0: [1af4:1003] type 00 class 0x078000 conventional PCI endpoint
[    0.521272] pci 0000:00:05.0: BAR 0 [io  0xc080-0xc0bf]
[    0.524114] pci 0000:00:05.0: BAR 1 [mem 0xfebff000-0xfebfffff]
[    0.527275] pci 0000:00:05.0: BAR 4 [mem 0xfebf8000-0xfebfbfff 64bit pref]
[    0.530363] ACPI: PCI: Interrupt link LNKA configured for IRQ 10
[    0.533560] ACPI: PCI: Interrupt link LNKB configured for IRQ 10
[    0.534407] ACPI: PCI: Interrupt link LNKC configured for IRQ 11
[    0.535400] ACPI: PCI: Interrupt link LNKD configured for IRQ 11
[    0.537359] ACPI: PCI: Interrupt link LNKS configured for IRQ 9
[    0.540124] iommu: Default domain type: Translated
[    0.540271] iommu: DMA domain TLB invalidation policy: lazy mode
[    0.541395] SCSI subsystem initialized
[    0.543313] pps_core: LinuxPPS API ver. 1 registered
[    0.544272] pps_core: Software ver. 5.3.6 - Copyright 2005-2007 Rodolfo Giometti <giometti@linux.it>
[    0.545273] PTP clock support registered
[    0.546333] Advanced Linux Sound Architecture Driver Initialized.
[    0.548711] NET: Registered PF_ATMPVC protocol family
[    0.550272] NET: Registered PF_ATMSVC protocol family
[    0.551275] PCI: Using ACPI for IRQ routing
[    0.552331] vgaarb: loaded
[    0.553427] hpet0: at MMIO 0xfed00000, IRQs 2, 8, 0
[    0.554268] hpet0: 3 comparators, 64-bit 100.000000 MHz counter
[    0.561136] clocksource: Switched to clocksource kvm-clock
[    0.561963] VFS: Disk quotas dquot_6.6.0
[    0.562818] VFS: Dquot-cache hash table entries: 512 (order 0, 4096 bytes)
[    0.564417] pnp: PnP ACPI init
[    0.566360] pnp: PnP ACPI: found 5 devices
[    0.579089] clocksource: acpi_pm: mask: 0xffffff max_cycles: 0xffffff, max_idle_ns: 2085701024 ns
[    0.581028] NET: Registered PF_INET protocol family
[    0.582073] IP idents hash table entries: 16384 (order: 5, 131072 bytes, linear)
[    0.584019] tcp_listen_portaddr_hash hash table entries: 512 (order: 1, 8192 bytes, linear)
[    0.585725] Table-perturb hash table entries: 65536 (order: 6, 262144 bytes, linear)
[    0.587286] TCP established hash table entries: 8192 (order: 4, 65536 bytes, linear)
[    0.588863] TCP bind hash table entries: 8192 (order: 6, 262144 bytes, linear)
[    0.590347] TCP: Hash tables configured (established 8192 bind 8192)
[    0.591690] UDP hash table entries: 512 (order: 2, 16384 bytes, linear)
[    0.593027] UDP-Lite hash table entries: 512 (order: 2, 16384 bytes, linear)
[    0.594500] NET: Registered PF_UNIX/PF_LOCAL protocol family
[    0.595651] pci_bus 0000:00: resource 4 [io  0x0000-0x0cf7 window]
[    0.596895] pci_bus 0000:00: resource 5 [io  0x0d00-0xffff window]
[    0.598132] pci_bus 0000:00: resource 6 [mem 0x000a0000-0x000bffff window]
[    0.599513] pci_bus 0000:00: resource 7 [mem 0x40000000-0xfebfffff window]
[    0.600899] pci_bus 0000:00: resource 8 [mem 0x100000000-0x17fffffff window]
[    0.602351] pci 0000:00:01.0: PIIX3: Enabling Passive Release
[    0.603520] pci 0000:00:00.0: Limiting direct PCI/PCI transfers
[    0.604806] PCI: CLS 0 bytes, default 64
[    0.620818] RAPL PMU: API unit is 2^-32 Joules, 1 fixed counters, 10737418240 ms ovfl timer
[    0.622780] RAPL PMU: hw unit of domain psys 2^-0 Joules
[    1.170569] kwatchdog (375) used greatest stack depth: 15512 bytes left
[    1.201759] kvm_amd: CPU 32 isn't AMD or Hygon
[    1.202942] clocksource: tsc: mask: 0xffffffffffffffff max_cycles: 0x39a85c9bff6, max_idle_ns: 881590591483 ns
[    1.313359] Initialise system trusted keyrings
[    1.314984] workingset: timestamp_bits=56 max_order=18 bucket_order=0
[    1.316396] squashfs: version 4.0 (2009/01/31) Phillip Lougher
[    1.317628] fuse: init (API version 7.41)
[    1.318734] 9p: Installing v9fs 9p2000 file system support
[    1.330754] Key type asymmetric registered
[    1.331614] Asymmetric key parser 'x509' registered
[    1.332652] Block layer SCSI generic (bsg) driver version 0.4 loaded (major 249)
[    1.334209] io scheduler mq-deadline registered
[    1.335131] io scheduler kyber registered
[    1.352191] input: Power Button as /devices/LNXSYSTM:00/LNXPWRBN:00/input/input0
[    1.354281] ACPI: button: Power Button [PWRF]
[    1.356655] Warning: Processor Platform Limit event detected, but not handled.
[    1.359540] Consider compiling CPUfreq support into your kernel.
[    1.394066] ACPI: \_SB_.LNKB: Enabled at IRQ 10
[    1.408332] ACPI: \_SB_.LNKC: Enabled at IRQ 11
[    1.422414] ACPI: \_SB_.LNKA: Enabled at IRQ 10
[    1.424777] Serial: 8250/16550 driver, 4 ports, IRQ sharing enabled
[    1.426247] 00:03: ttyS0 at I/O 0x3f8 (irq = 4, base_baud = 115200) is a 16550A
[    1.469991] Non-volatile memory driver v1.3
[    1.471024] Linux agpgart interface v0.103
[    1.472533] ACPI: bus type drm_connector registered
[    1.475073] printk: legacy console [hvc0] enabled
[    1.476315] printk: legacy bootconsole [earlyser0] disabled
          _      _                                    
   __   _(_)_ __| |_ _ __ ___   ___       _ __   __ _ 
   \ \ / / |  __| __|  _   _ \ / _ \_____|  _ \ / _  |
    \ V /| | |  | |_| | | | | |  __/_____| | | | (_| |
     \_/ |_|_|   \__|_| |_| |_|\___|     |_| |_|\__  |
                                                |___/ 
   kernel version: 6.11.0-virtme x86_64
   (CTRL+d to exit)

root@virtme-ng:/nipa-data/kernel# PS1='xx__-> '
xx__-> env
PWD=/nipa-data/kernel
nr_open=1048576
HOME=/
TERM=xterm
SHLVL=2
XDG_RUNTIME_DIR=/run/user/0
PATH=/bin:/sbin:/usr/bin:/usr/sbin:/usr/local/bin
OLDPWD=/
_=/bin/env
xx__-> 