No EFI environment detected.
early console in extract_kernel
input_data: 0x0000000002be52c4
input_len: 0x0000000000b6fe74
output: 0x0000000001000000
output_len: 0x000000000270cfcc
kernel_total_size: 0x0000000002430000
needed_size: 0x0000000002800000
trampoline_32bit: 0x0000000000000000
Physical KASLR using RDRAND RDTSC...
Virtual KASLR using RDRAND RDTSC...

Decompressing Linux... Parsing ELF... Performing relocations... done.
Booting the kernel (entry_offset: 0x0000000000000000).
[    0.000000] Linux version 6.12.0-rc5-virtme (root@acd597658f56) (gcc (Ubuntu 13.2.0-23ubuntu4) 13.2.0, GNU ld (GNU Binutils for Ubuntu) 2.42) #1 SMP PREEMPT_DYNAMIC Sat Nov  2 12:06:00 UTC 2024
[    0.000000] Command line: virtme_hostname=virtme-ng nr_open=1048576 virtme_link_mods=/nipa-data/kernel/.virtme_mods/lib/modules/0.0.0 virtme_initmount0=nipa-data/kernel virtme_rw_overlay0=/etc virtme_rw_overlay1=/lib virtme_rw_overlay2=/home virtme_rw_overlay3=/opt virtme_rw_overlay4=/srv virtme_rw_overlay5=/usr virtme_rw_overlay6=/var console=hvc0 earlyprintk=serial,ttyS0,115200 virtme_console=ttyS0 psmouse.proto=exps TERM=xterm virtme_chdir=nipa-data/kernel virtme_root_user=1 rootfstype=9p rootflags=version=9p2000.L,trans=virtio,access=any raid=noautodetect ro init=/usr/lib/python3/dist-packages/virtme/guest/virtme-init
[    0.000000] BIOS-provided physical RAM map:
[    0.000000] BIOS-e820: [mem 0x0000000000000000-0x000000000009fbff] usable
[    0.000000] BIOS-e820: [mem 0x000000000009fc00-0x000000000009ffff] reserved
[    0.000000] BIOS-e820: [mem 0x00000000000f0000-0x00000000000fffff] reserved
[    0.000000] BIOS-e820: [mem 0x0000000000100000-0x000000003ffdffff] usable
[    0.000000] BIOS-e820: [mem 0x000000003ffe0000-0x000000003fffffff] reserved
[    0.000000] BIOS-e820: [mem 0x00000000feffc000-0x00000000feffffff] reserved
[    0.000000] BIOS-e820: [mem 0x00000000fffc0000-0x00000000ffffffff] reserved
[    0.000000] BIOS-e820: [mem 0x000000fd00000000-0x000000ffffffffff] reserved
[    0.000000] printk: legacy bootconsole [earlyser0] enabled
[    0.000000] NX (Execute Disable) protection: active
[    0.000000] APIC: Static calls initialized
[    0.000000] SMBIOS 3.0.0 present.
[    0.000000] DMI: QEMU Ubuntu 24.04 PC (i440FX + PIIX, 1996), BIOS 1.16.3-debian-1.16.3-2 04/01/2014
[    0.000000] DMI: Memory slots populated: 1/1
[    0.000000] Hypervisor detected: KVM
[    0.000000] kvm-clock: Using msrs 4b564d01 and 4b564d00
[    0.000000] kvm-clock: using sched offset of 189699366 cycles
[    0.000348] clocksource: kvm-clock: mask: 0xffffffffffffffff max_cycles: 0x1cd42e4dffb, max_idle_ns: 881590591483 ns
[    0.001428] tsc: Detected 4491.560 MHz processor
[    0.001994] last_pfn = 0x3ffe0 max_arch_pfn = 0x400000000
[    0.002374] MTRR map: 4 entries (3 fixed + 1 variable; max 19), built from 8 variable MTRRs
[    0.002928] x86/PAT: Configuration [0-7]: WB  WC  UC- UC  WB  WP  UC- WT  
Memory KASLR using RDRAND RDTSC...
[    0.004850] found SMP MP-table at [mem 0x000f5470-0x000f547f]
[    0.005233] Using GB pages for direct mapping
[    0.005560] ACPI: Early table checksum verification disabled
[    0.005935] ACPI: RSDP 0x00000000000F5290 000014 (v00 BOCHS )
[    0.006316] ACPI: RSDT 0x000000003FFE27BC 000034 (v01 BOCHS  BXPC     00000001 BXPC 00000001)
[    0.006882] ACPI: FACP 0x000000003FFE2578 000074 (v01 BOCHS  BXPC     00000001 BXPC 00000001)
[    0.007448] ACPI: DSDT 0x000000003FFE0040 002538 (v01 BOCHS  BXPC     00000001 BXPC 00000001)
[    0.008014] ACPI: FACS 0x000000003FFE0000 000040
[    0.008320] ACPI: APIC 0x000000003FFE25EC 000170 (v03 BOCHS  BXPC     00000001 BXPC 00000001)
[    0.008884] ACPI: HPET 0x000000003FFE275C 000038 (v01 BOCHS  BXPC     00000001 BXPC 00000001)
[    0.009450] ACPI: WAET 0x000000003FFE2794 000028 (v01 BOCHS  BXPC     00000001 BXPC 00000001)
[    0.010014] ACPI: Reserving FACP table memory at [mem 0x3ffe2578-0x3ffe25eb]
[    0.010479] ACPI: Reserving DSDT table memory at [mem 0x3ffe0040-0x3ffe2577]
[    0.010945] ACPI: Reserving FACS table memory at [mem 0x3ffe0000-0x3ffe003f]
[    0.011410] ACPI: Reserving APIC table memory at [mem 0x3ffe25ec-0x3ffe275b]
[    0.011876] ACPI: Reserving HPET table memory at [mem 0x3ffe275c-0x3ffe2793]
[    0.012343] ACPI: Reserving WAET table memory at [mem 0x3ffe2794-0x3ffe27bb]
[    0.012936] No NUMA configuration found
[    0.013189] Faking a node at [mem 0x0000000000000000-0x000000003ffdffff]
[    0.013632] NODE_DATA(0) allocated [mem 0x3ffdb780-0x3ffdffff]
[    0.014026] Zone ranges:
[    0.014193]   DMA      [mem 0x0000000000001000-0x0000000000ffffff]
[    0.014601]   DMA32    [mem 0x0000000001000000-0x000000003ffdffff]
[    0.015010]   Normal   empty
[    0.015200]   Device   empty
[    0.015390] Movable zone start for each node
[    0.015672] Early memory node ranges
[    0.015907]   node   0: [mem 0x0000000000001000-0x000000000009efff]
[    0.016328]   node   0: [mem 0x0000000000100000-0x000000003ffdffff]
[    0.016742] Initmem setup node 0 [mem 0x0000000000001000-0x000000003ffdffff]
[    0.017212] On node 0, zone DMA: 1 pages in unavailable ranges
[    0.017604] On node 0, zone DMA: 97 pages in unavailable ranges
[    0.019029] On node 0, zone DMA32: 32 pages in unavailable ranges
[    0.019617] ACPI: PM-Timer IO Port: 0x608
[    0.019885] ACPI: LAPIC_NMI (acpi_id[0xff] dfl dfl lint[0x1])
[    0.020282] IOAPIC[0]: apic_id 0, version 17, address 0xfec00000, GSI 0-23
[    0.020738] ACPI: INT_SRC_OVR (bus 0 bus_irq 0 global_irq 2 dfl dfl)
[    0.021161] ACPI: INT_SRC_OVR (bus 0 bus_irq 5 global_irq 5 high level)
[    0.021596] ACPI: INT_SRC_OVR (bus 0 bus_irq 9 global_irq 9 high level)
[    0.022031] ACPI: INT_SRC_OVR (bus 0 bus_irq 10 global_irq 10 high level)
[    0.022477] ACPI: INT_SRC_OVR (bus 0 bus_irq 11 global_irq 11 high level)
[    0.022924] ACPI: Using ACPI (MADT) for SMP configuration information
[    0.023347] ACPI: HPET id: 0x8086a201 base: 0xfed00000
[    0.023686] TSC deadline timer available
[    0.023946] CPU topo: Max. logical packages:   1
[    0.024252] CPU topo: Max. logical dies:       1
[    0.024555] CPU topo: Max. dies per package:   1
[    0.024859] CPU topo: Max. threads per core:   1
[    0.025163] CPU topo: Num. cores per package:    32
[    0.025483] CPU topo: Num. threads per package:  32
[    0.025803] CPU topo: Allowing 32 present CPUs plus 0 hotplug CPUs
[    0.026216] kvm-guest: APIC: eoi() replaced with kvm_guest_apic_eoi_write()
[    0.026681] kvm-guest: KVM setup pv remote TLB flush
[    0.027009] kvm-guest: setup PV sched yield
[    0.027287] PM: hibernation: Registered nosave memory: [mem 0x00000000-0x00000fff]
[    0.027785] PM: hibernation: Registered nosave memory: [mem 0x0009f000-0x0009ffff]
[    0.028285] PM: hibernation: Registered nosave memory: [mem 0x000a0000-0x000effff]
[    0.028783] PM: hibernation: Registered nosave memory: [mem 0x000f0000-0x000fffff]
[    0.029281] [mem 0x40000000-0xfeffbfff] available for PCI devices
[    0.029683] Booting paravirtualized kernel on KVM
[    0.029993] clocksource: refined-jiffies: mask: 0xffffffff max_cycles: 0xffffffff, max_idle_ns: 1910969940391419 ns
[    0.033390] setup_percpu: NR_CPUS:64 nr_cpumask_bits:32 nr_cpu_ids:32 nr_node_ids:1
[    0.034512] percpu: Embedded 58 pages/cpu s199128 r8192 d30248 u262144
[    0.034974] Kernel command line: virtme_hostname=virtme-ng nr_open=1048576 virtme_link_mods=/nipa-data/kernel/.virtme_mods/lib/modules/0.0.0 virtme_initmount0=nipa-data/kernel virtme_rw_overlay0=/etc virtme_rw_overlay1=/lib virtme_rw_overlay2=/home virtme_rw_overlay3=/opt virtme_rw_overlay4=/srv virtme_rw_overlay5=/usr virtme_rw_overlay6=/var console=hvc0 earlyprintk=serial,ttyS0,115200 virtme_console=ttyS0 psmouse.proto=exps TERM=xterm virtme_chdir=nipa-data/kernel virtme_root_user=1 rootfstype=9p rootflags=version=9p2000.L,trans=virtio,access=any raid=noautodetect ro init=/usr/lib/python3/dist-packages/virtme/guest/virtme-init
[    0.038817] Unknown kernel command line parameters "virtme_hostname=virtme-ng nr_open=1048576 virtme_link_mods=/nipa-data/kernel/.virtme_mods/lib/modules/0.0.0 virtme_initmount0=nipa-data/kernel virtme_rw_overlay0=/etc virtme_rw_overlay1=/lib virtme_rw_overlay2=/home virtme_rw_overlay3=/opt virtme_rw_overlay4=/srv virtme_rw_overlay5=/usr virtme_rw_overlay6=/var virtme_console=ttyS0 virtme_chdir=nipa-data/kernel virtme_root_user=1", will be passed to user space.
[    0.041773] random: crng init done
[    0.042030] Dentry cache hash table entries: 131072 (order: 8, 1048576 bytes, linear)
[    0.042578] Inode-cache hash table entries: 65536 (order: 7, 524288 bytes, linear)
[    0.043171] Fallback order for Node 0: 0 
[    0.043173] Built 1 zonelists, mobility grouping on.  Total pages: 262014
[    0.043901] Policy zone: DMA32
[    0.044110] mem auto-init: stack:all(zero), heap alloc:off, heap free:off
[    0.045176] SLUB: HWalign=64, Order=0-3, MinObjects=0, CPUs=32, Nodes=1
Poking KASLR using RDRAND RDTSC...
[    0.045848] ftrace: allocating 48503 entries in 190 pages
[    0.052559] ftrace: allocated 190 pages with 6 groups
[    0.053471] Dynamic Preempt: voluntary
[    0.053843] rcu: Preemptible hierarchical RCU implementation.
[    0.054227] rcu: RCU event tracing is enabled.
[    0.054528] rcu: RCU restricting CPUs from NR_CPUS=64 to nr_cpu_ids=32.
[    0.054974] Trampoline variant of Tasks RCU enabled.
[    0.055310] Rude variant of Tasks RCU enabled.
[    0.055611] Tracing variant of Tasks RCU enabled.
[    0.055929] rcu: RCU calculated value of scheduler-enlistment delay is 100 jiffies.
[    0.056447] rcu: Adjusting geometry for rcu_fanout_leaf=16, nr_cpu_ids=32
[    0.056906] RCU Tasks: Setting shift to 5 and lim to 1 rcu_task_cb_adjust=1 rcu_task_cpu_ids=32.
[    0.057494] RCU Tasks Rude: Setting shift to 5 and lim to 1 rcu_task_cb_adjust=1 rcu_task_cpu_ids=32.
[    0.058110] RCU Tasks Trace: Setting shift to 5 and lim to 1 rcu_task_cb_adjust=1 rcu_task_cpu_ids=32.
[    0.060124] NR_IRQS: 4352, nr_irqs: 680, preallocated irqs: 16
[    0.060675] rcu: srcu_init: Setting srcu_struct sizes based on contention.
[    0.061269] Console: colour *CGA 80x25
[    0.061526] ACPI: Core revision 20240827
[    0.061854] clocksource: hpet: mask: 0xffffffff max_cycles: 0xffffffff, max_idle_ns: 19112604467 ns
[    0.062521] APIC: Switch to symmetric I/O mode setup
[    0.062876] kvm-guest: APIC: send_IPI_mask() replaced with kvm_send_ipi_mask()
[    0.063362] kvm-guest: APIC: send_IPI_mask_allbutself() replaced with kvm_send_ipi_mask_allbutself()
[    0.063953] kvm-guest: setup PV IPIs
[    0.064914] ..TIMER: vector=0x30 apic1=0 pin1=2 apic2=-1 pin2=-1
[    0.065657] clocksource: tsc-early: mask: 0xffffffffffffffff max_cycles: 0x40be4320a4d, max_idle_ns: 440795288133 ns
[    0.066930] Calibrating delay loop (skipped) preset value.. 8983.12 BogoMIPS (lpj=4491560)
[    0.068000] x86/cpu: User Mode Instruction Prevention (UMIP) activated
[    0.068976] Last level iTLB entries: 4KB 512, 2MB 255, 4MB 127
[    0.069929] Last level dTLB entries: 4KB 512, 2MB 255, 4MB 127, 1GB 0
[    0.070708] Spectre V1 : Mitigation: usercopy/swapgs barriers and __user pointer sanitization
[    0.070932] Spectre V2 : Mitigation: Enhanced / Automatic IBRS
[    0.071928] Spectre V2 : Spectre v2 / SpectreRSB mitigation: Filling RSB on context switch
[    0.072929] Spectre V2 : mitigation: Enabling conditional Indirect Branch Prediction Barrier
[    0.073930] Speculative Store Bypass: Mitigation: Speculative Store Bypass disabled via prctl
[    0.074929] Speculative Return Stack Overflow: IBPB-extending microcode not applied!
[    0.075928] Speculative Return Stack Overflow: WARNING: See https://kernel.org/doc/html/latest/admin-guide/hw-vuln/srso.html for mitigation options.
[    0.075929] Speculative Return Stack Overflow: Vulnerable: Safe RET, no microcode
[    0.077943] x86/fpu: Supporting XSAVE feature 0x001: 'x87 floating point registers'
[    0.078928] x86/fpu: Supporting XSAVE feature 0x002: 'SSE registers'
[    0.079685] x86/fpu: Supporting XSAVE feature 0x004: 'AVX registers'
[    0.079929] x86/fpu: Supporting XSAVE feature 0x020: 'AVX-512 opmask'
[    0.080928] x86/fpu: Supporting XSAVE feature 0x040: 'AVX-512 Hi256'
[    0.081928] x86/fpu: Supporting XSAVE feature 0x080: 'AVX-512 ZMM_Hi256'
[    0.082720] x86/fpu: Supporting XSAVE feature 0x200: 'Protection Keys User registers'
[    0.082929] x86/fpu: xstate_offset[2]:  576, xstate_sizes[2]:  256
[    0.083928] x86/fpu: xstate_offset[5]:  832, xstate_sizes[5]:   64
[    0.084928] x86/fpu: xstate_offset[6]:  896, xstate_sizes[6]:  512
[    0.085928] x86/fpu: xstate_offset[7]: 1408, xstate_sizes[7]: 1024
[    0.086659] x86/fpu: xstate_offset[9]: 2432, xstate_sizes[9]:    8
[    0.086928] x86/fpu: Enabled xstate features 0x2e7, context size is 2440 bytes, using 'compacted' format.
[    0.102373] Freeing SMP alternatives memory: 40K
[    0.102923] pid_max: default: 32768 minimum: 301
[    0.102952] Mount-cache hash table entries: 2048 (order: 2, 16384 bytes, linear)
[    0.103929] Mountpoint-cache hash table entries: 2048 (order: 2, 16384 bytes, linear)
[    0.105059] smpboot: CPU0: AMD Ryzen 9 7950X 16-Core Processor (family: 0x19, model: 0x61, stepping: 0x2)
[    0.106036] Performance Events: Fam17h+ core perfctr, AMD PMU driver.
[    0.106824] ... version:                0
[    0.106931] ... bit width:              48
[    0.107415] ... generic registers:      6
[    0.107891] ... value mask:             0000ffffffffffff
[    0.107930] ... max period:             00007fffffffffff
[    0.108556] ... fixed-purpose events:   0
[    0.108930] ... event mask:             000000000000003f
[    0.109628] signal: max sigframe size: 3376
[    0.109945] rcu: Hierarchical SRCU implementation.
[    0.110510] rcu: Max phase no-delay instances is 400.
[    0.110950] Timer migration: 2 hierarchy levels; 8 children per group; 2 crossnode level
[    0.113990] smp: Bringing up secondary CPUs ...
[    0.114574] smpboot: x86: Booting SMP configuration:
[    0.114931] .... node  #0, CPUs:        #1  #2  #3  #4  #5  #6  #7  #8  #9 #10 #11 #12 #13 #14 #15 #16 #17 #18 #19 #20 #21 #22 #23 #24 #25 #26 #27 #28 #29 #30 #31
[    0.127021] smp: Brought up 1 node, 32 CPUs
[    0.128428] smpboot: Total of 32 processors activated (287459.84 BogoMIPS)
[    0.130947] Memory: 970456K/1048056K available (16384K kernel code, 2449K rwdata, 6284K rodata, 3128K init, 1856K bss, 63176K reserved, 0K cma-reserved)
[    0.132045] devtmpfs: initialized
[    0.132347] x86/mm: Memory block size: 128MB
[    0.133599] clocksource: jiffies: mask: 0xffffffff max_cycles: 0xffffffff, max_idle_ns: 1911260446275000 ns
[    0.133932] futex hash table entries: 8192 (order: 7, 524288 bytes, linear)
[    0.134868] PM: RTC time: 12:06:20, date: 2024-11-02
[    0.135259] NET: Registered PF_NETLINK/PF_ROUTE protocol family
[    0.136046] thermal_sys: Registered thermal governor 'step_wise'
[    0.136047] thermal_sys: Registered thermal governor 'user_space'
[    0.136781] cpuidle: using governor menu
[    0.138110] PCI: Using configuration type 1 for base access
[    0.138930] PCI: Using configuration type 1 for extended access
[    0.139707] kprobes: kprobe jump-optimization is enabled. All kprobes are optimized if possible.
[    0.158081] HugeTLB: registered 1.00 GiB page size, pre-allocated 0 pages
[    0.158911] HugeTLB: 16380 KiB vmemmap can be freed for a 1.00 GiB page
[    0.158931] HugeTLB: registered 2.00 MiB page size, pre-allocated 0 pages
[    0.159742] HugeTLB: 28 KiB vmemmap can be freed for a 2.00 MiB page
[    0.161357] ACPI: Added _OSI(Module Device)
[    0.161870] ACPI: Added _OSI(Processor Device)
[    0.161931] ACPI: Added _OSI(3.0 _SCP Extensions)
[    0.162500] ACPI: Added _OSI(Processor Aggregator Device)
[    0.163577] ACPI: 1 ACPI AML tables successfully acquired and loaded
[    0.164292] ACPI: Interpreter enabled
[    0.164938] ACPI: PM: (supports S0 S3 S4 S5)
[    0.165452] ACPI: Using IOAPIC for interrupt routing
[    0.165936] PCI: Using host bridge windows from ACPI; if necessary, use "pci=nocrs" and report a bug
[    0.166930] PCI: Using E820 reservations for host bridge windows
[    0.167734] ACPI: Enabled 2 GPEs in block 00 to 0F
[    0.170337] ACPI: PCI Root Bridge [PCI0] (domain 0000 [bus 00-ff])
[    0.170932] acpi PNP0A03:00: _OSC: OS supports [ExtendedConfig ASPM ClockPM Segments MSI HPX-Type3]
[    0.172014] PCI host bridge to bus 0000:00
[    0.172504] pci_bus 0000:00: root bus resource [io  0x0000-0x0cf7 window]
[    0.172930] pci_bus 0000:00: root bus resource [io  0x0d00-0xffff window]
[    0.173748] pci_bus 0000:00: root bus resource [mem 0x000a0000-0x000bffff window]
[    0.173930] pci_bus 0000:00: root bus resource [mem 0x40000000-0xfebfffff window]
[    0.174827] pci_bus 0000:00: root bus resource [mem 0x100000000-0x17fffffff window]
[    0.174930] pci_bus 0000:00: root bus resource [bus 00-ff]
[    0.175662] pci 0000:00:00.0: [8086:1237] type 00 class 0x060000 conventional PCI endpoint
[    0.176159] pci 0000:00:01.0: [8086:7000] type 00 class 0x060100 conventional PCI endpoint
[    0.177222] pci 0000:00:01.1: [8086:7010] type 00 class 0x010180 conventional PCI endpoint
[    0.179045] pci 0000:00:01.1: BAR 4 [io  0xc0c0-0xc0cf]
[    0.180557] pci 0000:00:01.1: BAR 0 [io  0x01f0-0x01f7]: legacy IDE quirk
[    0.180930] pci 0000:00:01.1: BAR 1 [io  0x03f6]: legacy IDE quirk
[    0.181667] pci 0000:00:01.1: BAR 2 [io  0x0170-0x0177]: legacy IDE quirk
[    0.181930] pci 0000:00:01.1: BAR 3 [io  0x0376]: legacy IDE quirk
[    0.182759] pci 0000:00:01.3: [8086:7113] type 00 class 0x068000 conventional PCI endpoint
[    0.183153] pci 0000:00:01.3: quirk: [io  0x0600-0x063f] claimed by PIIX4 ACPI
[    0.183934] pci 0000:00:01.3: quirk: [io  0x0700-0x070f] claimed by PIIX4 SMB
[    0.184934] pci 0000:00:02.0: [1af4:1009] type 00 class 0x000200 conventional PCI endpoint
[    0.186401] pci 0000:00:02.0: BAR 0 [io  0xc000-0xc03f]
[    0.187287] pci 0000:00:02.0: BAR 1 [mem 0xfebfc000-0xfebfcfff]
[    0.189423] pci 0000:00:02.0: BAR 4 [mem 0xfebf0000-0xfebf3fff 64bit pref]
[    0.190830] pci 0000:00:03.0: [1af4:1009] type 00 class 0x000200 conventional PCI endpoint
[    0.191847] pci 0000:00:03.0: BAR 0 [io  0xc040-0xc07f]
[    0.192761] pci 0000:00:03.0: BAR 1 [mem 0xfebfd000-0xfebfdfff]
[    0.194931] pci 0000:00:03.0: BAR 4 [mem 0xfebf4000-0xfebf7fff 64bit pref]
[    0.197438] pci 0000:00:04.0: [8086:25ab] type 00 class 0x088000 conventional PCI endpoint
[    0.198104] pci 0000:00:04.0: BAR 0 [mem 0xfebfe000-0xfebfe00f]
[    0.199855] pci 0000:00:05.0: [1af4:1003] type 00 class 0x078000 conventional PCI endpoint
[    0.200362] pci 0000:00:05.0: BAR 0 [io  0xc080-0xc0bf]
[    0.201282] pci 0000:00:05.0: BAR 1 [mem 0xfebff000-0xfebfffff]
[    0.202931] pci 0000:00:05.0: BAR 4 [mem 0xfebf8000-0xfebfbfff 64bit pref]
[    0.204618] ACPI: PCI: Interrupt link LNKA configured for IRQ 10
[    0.205035] ACPI: PCI: Interrupt link LNKB configured for IRQ 10
[    0.205849] ACPI: PCI: Interrupt link LNKC configured for IRQ 11
[    0.206020] ACPI: PCI: Interrupt link LNKD configured for IRQ 11
[    0.206805] ACPI: PCI: Interrupt link LNKS configured for IRQ 9
[    0.207713] iommu: Default domain type: Translated
[    0.207931] iommu: DMA domain TLB invalidation policy: lazy mode
[    0.208692] SCSI subsystem initialized
[    0.208957] pps_core: LinuxPPS API ver. 1 registered
[    0.209551] pps_core: Software ver. 5.3.6 - Copyright 2005-2007 Rodolfo Giometti <giometti@linux.it>
[    0.209932] PTP clock support registered
[    0.210426] Advanced Linux Sound Architecture Driver Initialized.
[    0.211277] NET: Registered PF_ATMPVC protocol family
[    0.211927] NET: Registered PF_ATMSVC protocol family
[    0.212541] PCI: Using ACPI for IRQ routing
[    0.213006] vgaarb: loaded
[    0.213271] hpet0: at MMIO 0xfed00000, IRQs 2, 8, 0
[    0.213931] hpet0: 3 comparators, 64-bit 100.000000 MHz counter
[    0.219071] clocksource: Switched to clocksource kvm-clock
[    0.219832] VFS: Disk quotas dquot_6.6.0
[    0.220666] VFS: Dquot-cache hash table entries: 512 (order 0, 4096 bytes)
[    0.221534] pnp: PnP ACPI init
[    0.222068] pnp: PnP ACPI: found 5 devices
[    0.229259] clocksource: acpi_pm: mask: 0xffffff max_cycles: 0xffffff, max_idle_ns: 2085701024 ns
[    0.230333] NET: Registered PF_INET protocol family
[    0.230931] IP idents hash table entries: 16384 (order: 5, 131072 bytes, linear)
[    0.231952] tcp_listen_portaddr_hash hash table entries: 512 (order: 1, 8192 bytes, linear)
[    0.232955] Table-perturb hash table entries: 65536 (order: 6, 262144 bytes, linear)
[    0.233891] TCP established hash table entries: 8192 (order: 4, 65536 bytes, linear)
[    0.234913] TCP bind hash table entries: 8192 (order: 6, 262144 bytes, linear)
[    0.235788] TCP: Hash tables configured (established 8192 bind 8192)
[    0.236561] UDP hash table entries: 512 (order: 2, 16384 bytes, linear)
[    0.237356] UDP-Lite hash table entries: 512 (order: 2, 16384 bytes, linear)
[    0.238228] NET: Registered PF_UNIX/PF_LOCAL protocol family
[    0.238914] pci_bus 0000:00: resource 4 [io  0x0000-0x0cf7 window]
[    0.239656] pci_bus 0000:00: resource 5 [io  0x0d00-0xffff window]
[    0.240400] pci_bus 0000:00: resource 6 [mem 0x000a0000-0x000bffff window]
[    0.241230] pci_bus 0000:00: resource 7 [mem 0x40000000-0xfebfffff window]
[    0.242054] pci_bus 0000:00: resource 8 [mem 0x100000000-0x17fffffff window]
[    0.242918] pci 0000:00:01.0: PIIX3: Enabling Passive Release
[    0.243608] pci 0000:00:00.0: Limiting direct PCI/PCI transfers
[    0.244350] PCI: CLS 0 bytes, default 64
[    0.244862] kvm_intel: VMX not supported by CPU 0
[    0.245432] kvm_amd: TSC scaling supported
[    0.245925] kvm_amd: Nested Virtualization enabled
[    0.246496] kvm_amd: Nested Paging enabled
[    0.246989] kvm_amd: LBR virtualization supported
[    0.247584] kvm_amd: Virtual VMLOAD VMSAVE supported
[    0.248185] kvm_amd: Virtual GIF supported
[    0.248672] kvm_amd: Virtual NMI enabled
[    0.275531] clocksource: tsc: mask: 0xffffffffffffffff max_cycles: 0x40be4320a4d, max_idle_ns: 440795288133 ns
[    0.282807] Initialise system trusted keyrings
[    0.283428] workingset: timestamp_bits=56 max_order=18 bucket_order=0
[    0.284237] squashfs: version 4.0 (2009/01/31) Phillip Lougher
[    0.284948] fuse: init (API version 7.41)
[    0.285465] 9p: Installing v9fs 9p2000 file system support
[    0.292378] Key type asymmetric registered
[    0.292881] Asymmetric key parser 'x509' registered
[    0.293478] Block layer SCSI generic (bsg) driver version 0.4 loaded (major 249)
[    0.294394] io scheduler mq-deadline registered
[    0.294946] io scheduler kyber registered
[    0.297099] input: Power Button as /devices/LNXSYSTM:00/LNXPWRBN:00/input/input0
[    0.298050] ACPI: button: Power Button [PWRF]
[    0.298973] Warning: Processor Platform Limit event detected, but not handled.
[    0.299857] Consider compiling CPUfreq support into your kernel.
[    0.318011] ACPI: \_SB_.LNKB: Enabled at IRQ 10
[    0.333985] ACPI: \_SB_.LNKC: Enabled at IRQ 11
[    0.349869] ACPI: \_SB_.LNKA: Enabled at IRQ 10
[    0.351013] Serial: 8250/16550 driver, 4 ports, IRQ sharing enabled
[    0.351921] 00:03: ttyS0 at I/O 0x3f8 (irq = 4, base_baud = 115200) is a 16550A
[    0.373807] Non-volatile memory driver v1.3
[    0.374365] Linux agpgart interface v0.103
[    0.374897] printk: legacy console [hvc0] enabled
[    0.375485] printk: legacy bootconsole [earlyser0] disabled
          _      _                                    
   __   _(_)_ __| |_ _ __ ___   ___       _ __   __ _ 
   \ \ / / |  __| __|  _   _ \ / _ \_____|  _ \ / _  |
    \ V /| | |  | |_| | | | | |  __/_____| | | | (_| |
     \_/ |_|_|   \__|_| |_| |_|\___|     |_| |_|\__  |
                                                |___/ 
   kernel version: 6.12.0-rc5-virtme x86_64
   (CTRL+d to exit)

root@virtme-ng:/nipa-data/kernel# PS1='xx__-> '
xx__-> env
PWD=/nipa-data/kernel
nr_open=1048576
HOME=/
TERM=xterm
SHLVL=2
XDG_RUNTIME_DIR=/run/user/0
PATH=/bin:/sbin:/usr/bin:/usr/sbin:/usr/local/bin
OLDPWD=/
_=/bin/env
xx__-> 