No EFI environment detected.
early console in extract_kernel
input_data: 0x000000000306a2b9
input_len: 0x0000000000b7949f
output: 0x0000000001000000
output_len: 0x000000000252a6b8
kernel_total_size: 0x0000000002c30000
needed_size: 0x0000000002e00000
trampoline_32bit: 0x0000000000000000
Physical KASLR using RDTSC...
Virtual KASLR using RDTSC...

Decompressing Linux... Parsing ELF... Performing relocations... done.
Booting the kernel (entry_offset: 0x0000000000000000).
[    0.000000] Linux version 6.7.0-virtme (root@8827950d8381) (gcc (Alpine 13.2.1_git20231014) 13.2.1 20231014, GNU ld (GNU Binutils) 2.41) #1 SMP PREEMPT_DYNAMIC Fri Jan 19 16:18:17 UTC 2024
[    0.000000] Command line: virtme_hostname=virtme-ng virtme_link_mods=/nipa-data/kernel/.virtme_mods/lib/modules/0.0.0 virtme_rw_overlay0=/etc virtme_rw_overlay1=/lib virtme_rw_overlay2=/home virtme_rw_overlay3=/opt virtme_rw_overlay4=/srv virtme_rw_overlay5=/usr virtme_rw_overlay6=/var earlyprintk=serial,ttyS0,115200 console=ttyS0 psmouse.proto=exps TERM=xterm virtme_chdir=nipa-data/kernel virtme_root_user=1 rootfstype=9p rootflags=version=9p2000.L,trans=virtio,access=any raid=noautodetect ro init=/usr/lib/python3.11/site-packages/virtme/guest/virtme-init
[    0.000000] BIOS-provided physical RAM map:
[    0.000000] BIOS-e820: [mem 0x0000000000000000-0x000000000009fbff] usable
[    0.000000] BIOS-e820: [mem 0x000000000009fc00-0x000000000009ffff] reserved
[    0.000000] BIOS-e820: [mem 0x00000000000f0000-0x00000000000fffff] reserved
[    0.000000] BIOS-e820: [mem 0x0000000000100000-0x000000003ffdffff] usable
[    0.000000] BIOS-e820: [mem 0x000000003ffe0000-0x000000003fffffff] reserved
[    0.000000] BIOS-e820: [mem 0x00000000fffc0000-0x00000000ffffffff] reserved
[    0.000000] BIOS-e820: [mem 0x000000fd00000000-0x000000ffffffffff] reserved
[    0.000000] printk: legacy bootconsole [earlyser0] enabled
[    0.000000] NX (Execute Disable) protection: active
[    0.000000] APIC: Static calls initialized
[    0.000000] SMBIOS 3.0.0 present.
[    0.000000] DMI: QEMU Standard PC (i440FX + PIIX, 1996), BIOS rel-1.16.3-0-ga6ed6b701f0a-prebuilt.qemu.org 04/01/2014
[    0.000000] tsc: Fast TSC calibration using PIT
[    0.000000] tsc: Detected 2000.136 MHz processor
[    0.018152] last_pfn = 0x3ffe0 max_arch_pfn = 0x400000000
[    0.021848] MTRR map: 4 entries (3 fixed + 1 variable; max 19), built from 8 variable MTRRs
[    0.024016] x86/PAT: Configuration [0-7]: WB  WC  UC- UC  WB  WP  UC- WT  
Memory KASLR using RDTSC...
[    0.054665] found SMP MP-table at [mem 0x000f5480-0x000f548f]
[    0.077037] ACPI: Early table checksum verification disabled
[    0.083204] ACPI: RSDP 0x00000000000F52A0 000014 (v00 BOCHS )
[    0.084014] ACPI: RSDT 0x000000003FFE3082 000034 (v01 BOCHS  BXPC     00000001 BXPC 00000001)
[    0.089105] ACPI: FACP 0x000000003FFE2D7E 000074 (v01 BOCHS  BXPC     00000001 BXPC 00000001)
[    0.090567] ACPI: DSDT 0x000000003FFE0040 002D3E (v01 BOCHS  BXPC     00000001 BXPC 00000001)
[    0.091059] ACPI: FACS 0x000000003FFE0000 000040
[    0.091378] ACPI: APIC 0x000000003FFE2DF2 000230 (v03 BOCHS  BXPC     00000001 BXPC 00000001)
[    0.091735] ACPI: HPET 0x000000003FFE3022 000038 (v01 BOCHS  BXPC     00000001 BXPC 00000001)
[    0.092100] ACPI: WAET 0x000000003FFE305A 000028 (v01 BOCHS  BXPC     00000001 BXPC 00000001)
[    0.092562] ACPI: Reserving FACP table memory at [mem 0x3ffe2d7e-0x3ffe2df1]
[    0.092901] ACPI: Reserving DSDT table memory at [mem 0x3ffe0040-0x3ffe2d7d]
[    0.093168] ACPI: Reserving FACS table memory at [mem 0x3ffe0000-0x3ffe003f]
[    0.093433] ACPI: Reserving APIC table memory at [mem 0x3ffe2df2-0x3ffe3021]
[    0.093696] ACPI: Reserving HPET table memory at [mem 0x3ffe3022-0x3ffe3059]
[    0.093958] ACPI: Reserving WAET table memory at [mem 0x3ffe305a-0x3ffe3081]
[    0.103511] No NUMA configuration found
[    0.103778] Faking a node at [mem 0x0000000000000000-0x000000003ffdffff]
[    0.104875] NODE_DATA(0) allocated [mem 0x3ffdb000-0x3ffdffff]
[    0.115171] Zone ranges:
[    0.115393]   DMA      [mem 0x0000000000001000-0x0000000000ffffff]
[    0.115756]   DMA32    [mem 0x0000000001000000-0x000000003ffdffff]
[    0.116006]   Normal   empty
[    0.116163]   Device   empty
[    0.116302] Movable zone start for each node
[    0.116510] Early memory node ranges
[    0.116697]   node   0: [mem 0x0000000000001000-0x000000000009efff]
[    0.117922]   node   0: [mem 0x0000000000100000-0x000000003ffdffff]
[    0.118587] Initmem setup node 0 [mem 0x0000000000001000-0x000000003ffdffff]
[    0.122099] On node 0, zone DMA: 1 pages in unavailable ranges
[    0.124390] On node 0, zone DMA: 97 pages in unavailable ranges
[    0.511286] On node 0, zone DMA32: 32 pages in unavailable ranges
[    0.513500] ACPI: PM-Timer IO Port: 0x608
[    0.514768] ACPI: LAPIC_NMI (acpi_id[0xff] dfl dfl lint[0x1])
[    0.516148] IOAPIC[0]: apic_id 0, version 32, address 0xfec00000, GSI 0-23
[    0.516665] ACPI: INT_SRC_OVR (bus 0 bus_irq 0 global_irq 2 dfl dfl)
[    0.517745] ACPI: INT_SRC_OVR (bus 0 bus_irq 5 global_irq 5 high level)
[    0.518091] ACPI: INT_SRC_OVR (bus 0 bus_irq 9 global_irq 9 high level)
[    0.518887] ACPI: INT_SRC_OVR (bus 0 bus_irq 10 global_irq 10 high level)
[    0.519162] ACPI: INT_SRC_OVR (bus 0 bus_irq 11 global_irq 11 high level)
[    0.519745] ACPI: Using ACPI (MADT) for SMP configuration information
[    0.520057] ACPI: HPET id: 0x8086a201 base: 0xfed00000
[    0.520710] smpboot: Allowing 56 CPUs, 0 hotplug CPUs
[    0.523480] PM: hibernation: Registered nosave memory: [mem 0x00000000-0x00000fff]
[    0.523834] PM: hibernation: Registered nosave memory: [mem 0x0009f000-0x0009ffff]
[    0.524153] PM: hibernation: Registered nosave memory: [mem 0x000a0000-0x000effff]
[    0.524413] PM: hibernation: Registered nosave memory: [mem 0x000f0000-0x000fffff]
[    0.524889] [mem 0x40000000-0xfffbffff] available for PCI devices
[    0.525607] Booting paravirtualized kernel on bare hardware
[    0.527939] clocksource: refined-jiffies: mask: 0xffffffff max_cycles: 0xffffffff, max_idle_ns: 1910969940391419 ns
[    0.545091] setup_percpu: NR_CPUS:64 nr_cpumask_bits:56 nr_cpu_ids:56 nr_node_ids:1
[    0.555594] percpu: Embedded 58 pages/cpu s199840 r8192 d29536 u262144
[    0.560907] Kernel command line: virtme_hostname=virtme-ng virtme_link_mods=/nipa-data/kernel/.virtme_mods/lib/modules/0.0.0 virtme_rw_overlay0=/etc virtme_rw_overlay1=/lib virtme_rw_overlay2=/home virtme_rw_overlay3=/opt virtme_rw_overlay4=/srv virtme_rw_overlay5=/usr virtme_rw_overlay6=/var earlyprintk=serial,ttyS0,115200 console=ttyS0 psmouse.proto=exps TERM=xterm virtme_chdir=nipa-data/kernel virtme_root_user=1 rootfstype=9p rootflags=version=9p2000.L,trans=virtio,access=any raid=noautodetect ro init=/usr/lib/python3.11/site-packages/virtme/guest/virtme-init
[    0.568378] Unknown kernel command line parameters "virtme_hostname=virtme-ng virtme_link_mods=/nipa-data/kernel/.virtme_mods/lib/modules/0.0.0 virtme_rw_overlay0=/etc virtme_rw_overlay1=/lib virtme_rw_overlay2=/home virtme_rw_overlay3=/opt virtme_rw_overlay4=/srv virtme_rw_overlay5=/usr virtme_rw_overlay6=/var virtme_chdir=nipa-data/kernel virtme_root_user=1", will be passed to user space.
[    0.569790] printk: log_buf_len individual max cpu contribution: 4096 bytes
[    0.570112] printk: log_buf_len total cpu_extra contributions: 225280 bytes
[    0.570362] printk: log_buf_len min size: 262144 bytes
[    0.573050] printk: log_buf_len: 524288 bytes
[    0.573280] printk: early log buf free: 255112(97%)
[    0.574277] Dentry cache hash table entries: 131072 (order: 8, 1048576 bytes, linear)
[    0.574829] Inode-cache hash table entries: 65536 (order: 7, 524288 bytes, linear)
[    0.596778] Fallback order for Node 0: 0 
[    0.599476] Built 1 zonelists, mobility grouping on.  Total pages: 257760
[    0.599945] Policy zone: DMA32
[    0.600632] mem auto-init: stack:all(zero), heap alloc:off, heap free:off
[    0.642590] Memory: 968324K/1048056K available (16384K kernel code, 2552K rwdata, 6056K rodata, 3152K init, 12020K bss, 79472K reserved, 0K cma-reserved)
[    0.656846] SLUB: HWalign=64, Order=0-3, MinObjects=0, CPUs=56, Nodes=1
Poking KASLR using RDTSC...
[    0.669362] ftrace: allocating 46462 entries in 182 pages
[    0.861421] ftrace: allocated 182 pages with 5 groups
[    0.897972] Dynamic Preempt: voluntary
[    0.914945] Running RCU self tests
[    0.915145] Running RCU synchronous self tests
[    0.918177] rcu: Preemptible hierarchical RCU implementation.
[    0.918429] rcu: RCU event tracing is enabled.
[    0.918614] rcu: RCU lockdep checking is enabled.
[    0.918810] rcu: RCU restricting CPUs from NR_CPUS=64 to nr_cpu_ids=56.
[    0.919233] Trampoline variant of Tasks RCU enabled.
[    0.919429] Rude variant of Tasks RCU enabled.
[    0.919606] Tracing variant of Tasks RCU enabled.
[    0.920785] rcu: RCU calculated value of scheduler-enlistment delay is 100 jiffies.
[    0.921110] rcu: Adjusting geometry for rcu_fanout_leaf=16, nr_cpu_ids=56
[    0.925931] Running RCU synchronous self tests
[    0.965035] NR_IRQS: 4352, nr_irqs: 872, preallocated irqs: 16
[    0.995920] rcu: srcu_init: Setting srcu_struct sizes based on contention.
[    1.023358] Console: colour *CGA 80x25
[    1.031119] printk: legacy console [ttyS0] enabled
[    1.031119] printk: legacy console [ttyS0] enabled
[    1.032630] printk: legacy bootconsole [earlyser0] disabled
[    1.032630] printk: legacy bootconsole [earlyser0] disabled
[    1.034360] Lock dependency validator: Copyright (c) 2006 Red Hat, Inc., Ingo Molnar
[    1.034746] ... MAX_LOCKDEP_SUBCLASSES:  8
[    1.034937] ... MAX_LOCK_DEPTH:          48
[    1.035141] ... MAX_LOCKDEP_KEYS:        8192
[    1.035325] ... CLASSHASH_SIZE:          4096
[    1.035505] ... MAX_LOCKDEP_ENTRIES:     32768
[    1.035691] ... MAX_LOCKDEP_CHAINS:      65536
[    1.035873] ... CHAINHASH_SIZE:          32768
[    1.036050]  memory used by lock dependency info: 6429 kB
[    1.036267]  memory used for stack traces: 4224 kB
[    1.036458]  per task-struct memory footprint: 1920 bytes
[    1.039254] ACPI: Core revision 20230628
[    1.055346] clocksource: hpet: mask: 0xffffffff max_cycles: 0xffffffff, max_idle_ns: 19112604467 ns
[    1.085951] APIC: Switch to symmetric I/O mode setup
[    1.086846] APIC: Switched APIC routing to: physical flat
[    1.099969] ..TIMER: vector=0x30 apic1=0 pin1=2 apic2=-1 pin2=-1
[    1.106910] tsc: Marking TSC unstable due to TSCs unsynchronized
[    1.111021] Calibrating delay loop (skipped), value calculated using timer frequency.. 4000.27 BogoMIPS (lpj=2000136)
[    1.123476] process: using AMD E400 aware idle routine
[    1.124438] Last level iTLB entries: 4KB 512, 2MB 255, 4MB 127
[    1.124685] Last level dTLB entries: 4KB 512, 2MB 255, 4MB 127, 1GB 0
[    1.127534] Spectre V1 : Mitigation: usercopy/swapgs barriers and __user pointer sanitization
[    1.128061] Spectre V2 : Mitigation: Retpolines
[    1.128254] Spectre V2 : Spectre v2 / SpectreRSB mitigation: Filling RSB on context switch
[    1.128458] Spectre V2 : Spectre v2 / SpectreRSB : Filling RSB on VMEXIT
[    1.134585] x86/fpu: x87 FPU will use FXSAVE
[    1.954136] Freeing SMP alternatives memory: 36K
[    1.955779] pid_max: default: 57344 minimum: 448
[    1.981063] Mount-cache hash table entries: 2048 (order: 2, 16384 bytes, linear)
[    1.981534] Mountpoint-cache hash table entries: 2048 (order: 2, 16384 bytes, linear)
[    2.058864] Running RCU synchronous self tests
[    2.059719] Running RCU synchronous self tests
[    2.211403] smpboot: CPU0: AMD QEMU Virtual CPU version 2.5+ (family: 0xf, model: 0x6b, stepping: 0x1)
[    2.227608] RCU Tasks: Setting shift to 6 and lim to 1 rcu_task_cb_adjust=1.
[    2.228439] RCU Tasks Rude: Setting shift to 6 and lim to 1 rcu_task_cb_adjust=1.
[    2.229499] RCU Tasks Trace: Setting shift to 6 and lim to 1 rcu_task_cb_adjust=1.
[    2.230230] Running RCU Tasks wait API self tests
[    2.339155] Running RCU Tasks Rude wait API self tests
[    2.340917] Running RCU Tasks Trace wait API self tests
[    2.342022] Performance Events: PMU not available due to virtualization, using software events only.
[    2.345657] signal: max sigframe size: 1440
[    2.347696] Callback from call_rcu_tasks_trace() invoked.
[    2.348224] rcu: Hierarchical SRCU implementation.
[    2.348438] rcu: Max phase no-delay instances is 400.
[    2.370963] smp: Bringing up secondary CPUs ...
[    2.381504] smpboot: x86: Booting SMP configuration:
[    2.381755] .... node  #0, CPUs:        #1  #2  #3  #4  #5  #6  #7  #8  #9 #10 #11 #12 #13 #14 #15 #16 #17 #18 #19 #20 #21 #22 #23
[    2.444597] Callback from call_rcu_tasks_rude() invoked.
[    2.449793]  #24 #25 #26 #27 #28 #29 #30 #31 #32 #33 #34 #35 #36 #37 #38 #39 #40 #41 #42 #43 #44 #45 #46 #47 #48 #49 #50 #51 #52
[    2.545702] Callback from call_rcu_tasks() invoked.
[    2.548753]  #53 #54 #55
[    0.083137] calibrate_delay_direct() dropping max bogoMips estimate 3 = 3000206
[    0.083137] calibrate_delay_direct() dropping max bogoMips estimate 0 = 2617002
[    6.004638] smp: Brought up 1 node, 56 CPUs
[    6.005156] smpboot: Max logical packages: 1
[    6.005735] smpboot: Total of 56 processors activated (224062.46 BogoMIPS)
[    6.101601] devtmpfs: initialized
[    6.118498] x86/mm: Memory block size: 128MB
[    6.171600] Running RCU synchronous self tests
[    6.172486] Running RCU synchronous self tests
[    6.177529] clocksource: jiffies: mask: 0xffffffff max_cycles: 0xffffffff, max_idle_ns: 1911260446275000 ns
[    6.178754] futex hash table entries: 16384 (order: 9, 2097152 bytes, linear)
[    6.195591] PM: RTC time: 16:19:17, date: 2024-01-19
[    6.233962] NET: Registered PF_NETLINK/PF_ROUTE protocol family
[    6.264168] thermal_sys: Registered thermal governor 'step_wise'
[    6.264318] thermal_sys: Registered thermal governor 'user_space'
[    6.266219] cpuidle: using governor menu
[    6.281908] PCI: Using configuration type 1 for base access
[    6.284581] mtrr: your CPUs had inconsistent fixed MTRR settings
[    6.285089] mtrr: your CPUs had inconsistent variable MTRR settings
[    6.285449] mtrr: your CPUs had inconsistent MTRRdefType settings
[    6.286040] mtrr: probably your BIOS does not setup all CPUs.
[    6.286273] mtrr: corrected configuration.
[    6.291633] kprobes: kprobe jump-optimization is enabled. All kprobes are optimized if possible.
[    6.368832] HugeTLB: registered 2.00 MiB page size, pre-allocated 0 pages
[    6.369090] HugeTLB: 28 KiB vmemmap can be freed for a 2.00 MiB page
[    6.386663] ACPI: Added _OSI(Module Device)
[    6.386831] ACPI: Added _OSI(Processor Device)
[    6.386965] ACPI: Added _OSI(3.0 _SCP Extensions)
[    6.387095] ACPI: Added _OSI(Processor Aggregator Device)
[    6.427041] ACPI: 1 ACPI AML tables successfully acquired and loaded
[    6.463070] ACPI: _OSC evaluation for CPUs failed, trying _PDC
[    6.470741] ACPI: Interpreter enabled
[    6.474563] ACPI: PM: (supports S0 S3 S4 S5)
[    6.474795] ACPI: Using IOAPIC for interrupt routing
[    6.475642] PCI: Using host bridge windows from ACPI; if necessary, use "pci=nocrs" and report a bug
[    6.475901] PCI: Using E820 reservations for host bridge windows
[    6.479933] ACPI: Enabled 2 GPEs in block 00 to 0F
[    6.614117] ACPI: PCI Root Bridge [PCI0] (domain 0000 [bus 00-ff])
[    6.616581] acpi PNP0A03:00: _OSC: OS supports [ASPM ClockPM Segments MSI HPX-Type3]
[    6.617056] acpi PNP0A03:00: _OSC: not requesting OS control; OS requires [ExtendedConfig ASPM ClockPM MSI]
[    6.620430] acpi PNP0A03:00: fail to add MMCONFIG information, can't access extended configuration space under this bridge
[    6.629747] PCI host bridge to bus 0000:00
[    6.630462] pci_bus 0000:00: root bus resource [io  0x0000-0x0cf7 window]
[    6.630786] pci_bus 0000:00: root bus resource [io  0x0d00-0xffff window]
[    6.630979] pci_bus 0000:00: root bus resource [mem 0x000a0000-0x000bffff window]
[    6.631428] pci_bus 0000:00: root bus resource [mem 0x40000000-0xfebfffff window]
[    6.631644] pci_bus 0000:00: root bus resource [mem 0x100000000-0x17fffffff window]
[    6.632580] pci_bus 0000:00: root bus resource [bus 00-ff]
[    6.638632] pci 0000:00:00.0: [8086:1237] type 00 class 0x060000 conventional PCI endpoint
[    6.651595] pci 0000:00:01.0: [8086:7000] type 00 class 0x060100 conventional PCI endpoint
[    6.653676] pci 0000:00:01.1: [8086:7010] type 00 class 0x010180 conventional PCI endpoint
[    6.666723] pci 0000:00:01.1: BAR 4 [io  0xc040-0xc04f]
[    6.678547] pci 0000:00:01.1: BAR 0 [io  0x01f0-0x01f7]: legacy IDE quirk
[    6.678797] pci 0000:00:01.1: BAR 1 [io  0x03f6]: legacy IDE quirk
[    6.679005] pci 0000:00:01.1: BAR 2 [io  0x0170-0x0177]: legacy IDE quirk
[    6.679441] pci 0000:00:01.1: BAR 3 [io  0x0376]: legacy IDE quirk
[    6.682221] pci 0000:00:01.3: [8086:7113] type 00 class 0x068000 conventional PCI endpoint
[    6.684604] pci 0000:00:01.3: quirk: [io  0x0600-0x063f] claimed by PIIX4 ACPI
[    6.684849] pci 0000:00:01.3: quirk: [io  0x0700-0x070f] claimed by PIIX4 SMB
[    6.687235] pci 0000:00:02.0: [1af4:1009] type 00 class 0x000200 conventional PCI endpoint
[    6.690403] pci 0000:00:02.0: BAR 0 [io  0xc000-0xc03f]
[    6.696403] pci 0000:00:02.0: BAR 1 [mem 0xfebfe000-0xfebfefff]
[    6.707403] pci 0000:00:02.0: BAR 4 [mem 0xfebf8000-0xfebfbfff 64bit pref]
[    6.728255] pci 0000:00:03.0: [8086:25ab] type 00 class 0x088000 conventional PCI endpoint
[    6.731448] pci 0000:00:03.0: BAR 0 [mem 0xfebff000-0xfebff00f]
[    6.772108] ACPI: PCI: Interrupt link LNKA configured for IRQ 10
[    6.773974] ACPI: PCI: Interrupt link LNKB configured for IRQ 10
[    6.775243] ACPI: PCI: Interrupt link LNKC configured for IRQ 11
[    6.776739] ACPI: PCI: Interrupt link LNKD configured for IRQ 11
[    6.777453] ACPI: PCI: Interrupt link LNKS configured for IRQ 9
[    6.824461] iommu: Default domain type: Translated
[    6.824781] iommu: DMA domain TLB invalidation policy: lazy mode
[    6.836528] SCSI subsystem initialized
[    6.842996] pps_core: LinuxPPS API ver. 1 registered
[    6.843430] pps_core: Software ver. 5.3.6 - Copyright 2005-2007 Rodolfo Giometti <giometti@linux.it>
[    6.843906] PTP clock support registered
[    6.849699] Advanced Linux Sound Architecture Driver Initialized.
[    6.883519] NET: Registered PF_ATMPVC protocol family
[    6.883711] NET: Registered PF_ATMSVC protocol family
[    6.884097] PCI: Using ACPI for IRQ routing
[    6.894867] vgaarb: loaded
[    6.901112] hpet: 3 channels of 0 reserved for per-cpu timers
[    6.902819] hpet0: at MMIO 0xfed00000, IRQs 2, 8, 0
[    6.903107] hpet0: 3 comparators, 64-bit 100.000000 MHz counter
[    6.912403] clocksource: Switched to clocksource hpet
[    6.953729] VFS: Disk quotas dquot_6.6.0
[    6.954558] VFS: Dquot-cache hash table entries: 512 (order 0, 4096 bytes)
[    6.961707] pnp: PnP ACPI init
[    6.976770] pnp: PnP ACPI: found 5 devices
[    7.053057] clocksource: acpi_pm: mask: 0xffffff max_cycles: 0xffffff, max_idle_ns: 2085701024 ns
[    7.056834] NET: Registered PF_INET protocol family
[    7.062611] IP idents hash table entries: 16384 (order: 5, 131072 bytes, linear)
[    7.085389] tcp_listen_portaddr_hash hash table entries: 512 (order: 3, 36864 bytes, linear)
[    7.086548] Table-perturb hash table entries: 65536 (order: 6, 262144 bytes, linear)
[    7.086973] TCP established hash table entries: 8192 (order: 4, 65536 bytes, linear)
[    7.088412] TCP bind hash table entries: 8192 (order: 8, 1179648 bytes, linear)
[    7.092414] TCP: Hash tables configured (established 8192 bind 8192)
[    7.099106] UDP hash table entries: 512 (order: 4, 81920 bytes, linear)
[    7.100390] UDP-Lite hash table entries: 512 (order: 4, 81920 bytes, linear)
[    7.110922] NET: Registered PF_UNIX/PF_LOCAL protocol family
[    7.118348] pci_bus 0000:00: resource 4 [io  0x0000-0x0cf7 window]
[    7.118533] pci_bus 0000:00: resource 5 [io  0x0d00-0xffff window]
[    7.118660] pci_bus 0000:00: resource 6 [mem 0x000a0000-0x000bffff window]
[    7.118802] pci_bus 0000:00: resource 7 [mem 0x40000000-0xfebfffff window]
[    7.118936] pci_bus 0000:00: resource 8 [mem 0x100000000-0x17fffffff window]
[    7.119846] pci 0000:00:01.0: PIIX3: Enabling Passive Release
[    7.120429] pci 0000:00:00.0: Limiting direct PCI/PCI transfers
[    7.120672] PCI: CLS 0 bytes, default 64
[    7.123863] kvm_intel: VMX not supported by CPU 27
[    7.127991] kvm_amd: Nested Virtualization enabled
[    7.128967] kvm_amd: Nested Paging disabled
[    7.129912] kvm_amd: PMU virtualization is disabled
[    8.288420] workingset: timestamp_bits=56 max_order=18 bucket_order=0
[    8.291934] squashfs: version 4.0 (2009/01/31) Phillip Lougher
[    8.293316] fuse: init (API version 7.39)
[    8.295650] 9p: Installing v9fs 9p2000 file system support
[    8.299373] Key type asymmetric registered
[    8.299825] Block layer SCSI generic (bsg) driver version 0.4 loaded (major 249)
[    8.302429] io scheduler mq-deadline registered
[    8.302605] io scheduler kyber registered
[    8.351489] input: Power Button as /devices/LNXSYSTM:00/LNXPWRBN:00/input/input0
[    8.357269] ACPI: button: Power Button [PWRF]
[    8.360054] Warning: Processor Platform Limit event detected, but not handled.
[    8.360341] Consider compiling CPUfreq support into your kernel.
[    8.918838] ACPI: \_SB_.LNKB: Enabled at IRQ 10
[    8.933282] Serial: 8250/16550 driver, 4 ports, IRQ sharing enabled
[    8.939711] 00:03: ttyS0 at I/O 0x3f8 (irq = 4, base_baud = 115200) is a 16550A
[    8.951384] Non-volatile memory driver v1.3
[    8.951547] Linux agpgart interface v0.103
[    8.955607] ACPI: bus type drm_connector registered
[    9.259063] loop: module loaded
[    9.289601] scsi host0: ata_piix
[    9.295324] scsi host1: ata_piix
[    9.296478] ata1: PATA max MWDMA2 cmd 0x1f0 ctl 0x3f6 bmdma 0xc040 irq 14 lpm-pol 0
[    9.296957] ata2: PATA max MWDMA2 cmd 0x170 ctl 0x376 bmdma 0xc048 irq 15 lpm-pol 0
[    9.308121] i8042: PNP: PS/2 Controller [PNP0303:KBD,PNP0f13:MOU] at 0x60,0x64 irq 1,12
[    9.314768] serio: i8042 KBD port at 0x60,0x64 irq 1
[    9.315547] serio: i8042 AUX port at 0x60,0x64 irq 12
[    9.322956] rtc_cmos 00:04: RTC can wake from S4
[    9.329667] input: AT Translated Set 2 keyboard as /devices/platform/i8042/serio0/input/input1
[    9.334862] rtc_cmos 00:04: registered as rtc0
[    9.336095] rtc_cmos 00:04: setting system clock to 2024-01-19T16:19:21 UTC (1705681161)
[    9.340943] rtc_cmos 00:04: alarms up to one day, y3k, 242 bytes nvram, hpet irqs
[    9.341897] fail to initialize ptp_kvm
[    9.349545] i6300ESB timer 0000:00:03.0: initialized. heartbeat=30 sec (nowayout=0)
[    9.353143] device-mapper: ioctl: 4.48.0-ioctl (2023-03-01) initialised: dm-devel@redhat.com
[    9.358688] input: ImExPS/2 Generic Explorer Mouse as /devices/platform/i8042/serio1/input/input3
[    9.377505] NET: Registered PF_PACKET protocol family
[    9.378549] 9pnet: Installing 9P2000 support
[    9.392495] Key type dns_resolver registered
[    9.468298] ata2: found unknown device (class 0)
[    9.478676] ata2.00: ATAPI: QEMU DVD-ROM, 2.5+, max UDMA/100
[    9.566416] IPI shorthand broadcast: enabled
[    9.579725] scsi 1:0:0:0: CD-ROM            QEMU     QEMU DVD-ROM     2.5+ PQ: 0 ANSI: 5
[    9.614710] scsi 1:0:0:0: Attached scsi generic sg0 type 5
[    9.622710] registered taskstats version 1
[    9.659311] PM:   Magic number: 8:365:338
[    9.659653] tty tty59: hash matches
[    9.660980] printk: legacy console [netcon0] enabled
[    9.661253] netconsole: network logging started
[    9.665219] Unstable clock detected, switching default tracing clock to "global"
[    9.665219] If you want to keep using the local clock, then add:
[    9.665219]   "trace_clock=local"
[    9.665219] on the kernel command line
[    9.667228] ALSA device list:
[    9.667363]   No soundcards found.
[    9.677129] md: Skipping autodetection of RAID arrays. (raid=autodetect will force)
[    9.680090] 9pnet_virtio: no channels available for device 
[    9.692750] VFS: Mounted root (9p filesystem) readonly on device 0:18.
[    9.696251] devtmpfs: mounted
[   11.041065] Freeing unused kernel image (initmem) memory: 3152K
[   11.041909] Write protecting the kernel read-only data: 22528k
[   11.049791] Freeing unused kernel image (rodata/data gap) memory: 88K
[   11.230078] x86/mm: Checked W+X mappings: passed, no W+X pages found.
[   11.231386] Run /usr/lib/python3.11/site-packages/virtme/guest/virtme-init as init process
[   11.881154] mount (438) used greatest stack depth: 13240 bytes left
[   11.981473] mount (439) used greatest stack depth: 13000 bytes left
[   13.973107] mount (447) used greatest stack depth: 12856 bytes left
[   14.253767] mkdir (452) used greatest stack depth: 12744 bytes left
[   14.897908] virtme-init (464) used greatest stack depth: 12664 bytes left
[   14.898559] virtme-init (467) used greatest stack depth: 12344 bytes left
[   15.389688] virtme-init: basic initialization done
[   15.557787] virtme-init: udevd not found
[   16.456654] virtme-init: Setting hostname to virtme-ng...
[   16.601500] ip (501) used greatest stack depth: 12024 bytes left
          _      _                                    
   __   _(_)_ __| |_ _ __ ___   ___       _ __   __ _ 
   \ \ / / |  __| __|  _   _ \ / _ \_____|  _ \ / _  |
    \ V /| | |  | |_| | | | | |  __/_____| | | | (_| |
     \_/ |_|_|   \__|_| |_| |_|\___|     |_| |_|\__  |
                                                |___/ 
   kernel version: 6.7.0-virtme x86_64

virtme-ng:/nipa-data/kernel# PS1='xx__-> '
xx__-> 