No EFI environment detected.
early console in extract_kernel
input_data: 0x0000000004c8a2c4
input_len: 0x00000000019763f7
output: 0x0000000001000000
output_len: 0x0000000005589c44
kernel_total_size: 0x0000000005230000
needed_size: 0x0000000005600000
trampoline_32bit: 0x0000000000000000
Physical KASLR using RDRAND RDTSC...
Virtual KASLR using RDRAND RDTSC...

Decompressing Linux... Parsing ELF... Performing relocations... done.
Booting the kernel (entry_offset: 0x0000000002bc1f80).
[    0.000000] Linux version 6.15.0-rc2-virtme (root@b3af7151276b) (gcc (Ubuntu 13.3.0-6ubuntu2~24.04) 13.3.0, GNU ld (GNU Binutils for Ubuntu) 2.42) #1 SMP PREEMPT_DYNAMIC Tue Apr 22 00:26:30 UTC 2025
[    0.000000] Command line: virtme_hostname=virtme-ng nr_open=1048576 virtme_link_mods=/nipa-data/kernel/.virtme_mods/lib/modules/0.0.0 virtme_initmount0=nipa-data/kernel virtme_rw_overlay0=/etc virtme_rw_overlay1=/lib virtme_rw_overlay2=/home virtme_rw_overlay3=/opt virtme_rw_overlay4=/srv virtme_rw_overlay5=/usr virtme_rw_overlay6=/var console=hvc0 earlyprintk=serial,ttyS0,115200 virtme_console=ttyS0 psmouse.proto=exps TERM=xterm virtme_chdir=nipa-data/kernel virtme_root_user=1 rootfstype=9p rootflags=version=9p2000.L,trans=virtio,access=any raid=noautodetect ro init=/usr/lib/python3/dist-packages/virtme/guest/virtme-init
[    0.000000] BIOS-provided physical RAM map:
[    0.000000] BIOS-e820: [mem 0x0000000000000000-0x000000000009fbff] usable
[    0.000000] BIOS-e820: [mem 0x000000000009fc00-0x000000000009ffff] reserved
[    0.000000] BIOS-e820: [mem 0x00000000000f0000-0x00000000000fffff] reserved
[    0.000000] BIOS-e820: [mem 0x0000000000100000-0x000000003ffdffff] usable
[    0.000000] BIOS-e820: [mem 0x000000003ffe0000-0x000000003fffffff] reserved
[    0.000000] BIOS-e820: [mem 0x00000000feffc000-0x00000000feffffff] reserved
[    0.000000] BIOS-e820: [mem 0x00000000fffc0000-0x00000000ffffffff] reserved
[    0.000000] BIOS-e820: [mem 0x000000fd00000000-0x000000ffffffffff] reserved
[    0.000000] printk: legacy bootconsole [earlyser0] enabled
[    0.000000] NX (Execute Disable) protection: active
[    0.000000] APIC: Static calls initialized
[    0.000000] SMBIOS 3.0.0 present.
[    0.000000] DMI: QEMU Ubuntu 24.04 PC (i440FX + PIIX, 1996), BIOS 1.16.3-debian-1.16.3-2 04/01/2014
[    0.000000] DMI: Memory slots populated: 1/1
[    0.000000] Hypervisor detected: KVM
[    0.000000] kvm-clock: Using msrs 4b564d01 and 4b564d00
[    0.000000] kvm-clock: using sched offset of 311539254 cycles
[    0.000359] clocksource: kvm-clock: mask: 0xffffffffffffffff max_cycles: 0x1cd42e4dffb, max_idle_ns: 881590591483 ns
[    0.001474] tsc: Detected 4491.524 MHz processor
[    0.002121] last_pfn = 0x3ffe0 max_arch_pfn = 0x400000000
[    0.002514] MTRR map: 4 entries (3 fixed + 1 variable; max 19), built from 8 variable MTRRs
[    0.003088] x86/PAT: Configuration [0-7]: WB  WC  UC- UC  WB  WP  UC- WT  
[    0.004961] found SMP MP-table at [mem 0x000f5470-0x000f547f]
[    0.005360] Using GB pages for direct mapping
[    0.005809] ACPI: Early table checksum verification disabled
[    0.006200] ACPI: RSDP 0x00000000000F5290 000014 (v00 BOCHS )
[    0.006594] ACPI: RSDT 0x000000003FFE27BC 000034 (v01 BOCHS  BXPC     00000001 BXPC 00000001)
[    0.007179] ACPI: FACP 0x000000003FFE2578 000074 (v01 BOCHS  BXPC     00000001 BXPC 00000001)
[    0.007763] ACPI: DSDT 0x000000003FFE0040 002538 (v01 BOCHS  BXPC     00000001 BXPC 00000001)
[    0.008348] ACPI: FACS 0x000000003FFE0000 000040
[    0.008665] ACPI: APIC 0x000000003FFE25EC 000170 (v03 BOCHS  BXPC     00000001 BXPC 00000001)
[    0.009248] ACPI: HPET 0x000000003FFE275C 000038 (v01 BOCHS  BXPC     00000001 BXPC 00000001)
[    0.009831] ACPI: WAET 0x000000003FFE2794 000028 (v01 BOCHS  BXPC     00000001 BXPC 00000001)
[    0.010413] ACPI: Reserving FACP table memory at [mem 0x3ffe2578-0x3ffe25eb]
[    0.010893] ACPI: Reserving DSDT table memory at [mem 0x3ffe0040-0x3ffe2577]
[    0.011374] ACPI: Reserving FACS table memory at [mem 0x3ffe0000-0x3ffe003f]
[    0.011854] ACPI: Reserving APIC table memory at [mem 0x3ffe25ec-0x3ffe275b]
[    0.012336] ACPI: Reserving HPET table memory at [mem 0x3ffe275c-0x3ffe2793]
[    0.012815] ACPI: Reserving WAET table memory at [mem 0x3ffe2794-0x3ffe27bb]
[    0.013483] No NUMA configuration found
[    0.013745] Faking a node at [mem 0x0000000000000000-0x000000003ffdffff]
[    0.014204] NODE_DATA(0) allocated [mem 0x3ffdb600-0x3ffdffff]
[    0.014616] Zone ranges:
[    0.014789]   DMA      [mem 0x0000000000001000-0x0000000000ffffff]
[    0.015211]   DMA32    [mem 0x0000000001000000-0x000000003ffdffff]
[    0.015633]   Normal   empty
[    0.015830]   Device   empty
[    0.016029] Movable zone start for each node
[    0.016319] Early memory node ranges
[    0.016562]   node   0: [mem 0x0000000000001000-0x000000000009efff]
[    0.016990]   node   0: [mem 0x0000000000100000-0x000000003ffdffff]
[    0.017417] Initmem setup node 0 [mem 0x0000000000001000-0x000000003ffdffff]
[    0.017903] On node 0, zone DMA: 1 pages in unavailable ranges
[    0.018351] On node 0, zone DMA: 97 pages in unavailable ranges
[    0.022642] On node 0, zone DMA32: 32 pages in unavailable ranges
[    0.031641] kasan: KernelAddressSanitizer initialized
[    0.032220] ACPI: PM-Timer IO Port: 0x608
[    0.032507] ACPI: LAPIC_NMI (acpi_id[0xff] dfl dfl lint[0x1])
[    0.032924] IOAPIC[0]: apic_id 0, version 17, address 0xfec00000, GSI 0-23
[    0.033396] ACPI: INT_SRC_OVR (bus 0 bus_irq 0 global_irq 2 dfl dfl)
[    0.033832] ACPI: INT_SRC_OVR (bus 0 bus_irq 5 global_irq 5 high level)
[    0.034285] ACPI: INT_SRC_OVR (bus 0 bus_irq 9 global_irq 9 high level)
[    0.034738] ACPI: INT_SRC_OVR (bus 0 bus_irq 10 global_irq 10 high level)
[    0.035203] ACPI: INT_SRC_OVR (bus 0 bus_irq 11 global_irq 11 high level)
[    0.035671] ACPI: Using ACPI (MADT) for SMP configuration information
[    0.036118] ACPI: HPET id: 0x8086a201 base: 0xfed00000
[    0.036469] TSC deadline timer available
[    0.036747] CPU topo: Max. logical packages:   1
[    0.037061] CPU topo: Max. logical dies:       1
[    0.037376] CPU topo: Max. dies per package:   1
[    0.037700] CPU topo: Max. threads per core:   1
[    0.038016] CPU topo: Num. cores per package:    32
[    0.038348] CPU topo: Num. threads per package:  32
[    0.038680] CPU topo: Allowing 32 present CPUs plus 0 hotplug CPUs
[    0.039117] kvm-guest: APIC: eoi() replaced with kvm_guest_apic_eoi_write()
[    0.039603] kvm-guest: KVM setup pv remote TLB flush
[    0.039946] kvm-guest: setup PV sched yield
[    0.040236] PM: hibernation: Registered nosave memory: [mem 0x00000000-0x00000fff]
[    0.040752] PM: hibernation: Registered nosave memory: [mem 0x0009f000-0x000fffff]
[    0.041269] [mem 0x40000000-0xfeffbfff] available for PCI devices
[    0.041685] Booting paravirtualized kernel on KVM
[    0.042007] clocksource: refined-jiffies: mask: 0xffffffff max_cycles: 0xffffffff, max_idle_ns: 1910969940391419 ns
[    0.050495] setup_percpu: NR_CPUS:64 nr_cpumask_bits:32 nr_cpu_ids:32 nr_node_ids:1
[    0.052227] percpu: Embedded 65 pages/cpu s228056 r8192 d29992 u524288
[    0.052747] Kernel command line: virtme_hostname=virtme-ng nr_open=1048576 virtme_link_mods=/nipa-data/kernel/.virtme_mods/lib/modules/0.0.0 virtme_initmount0=nipa-data/kernel virtme_rw_overlay0=/etc virtme_rw_overlay1=/lib virtme_rw_overlay2=/home virtme_rw_overlay3=/opt virtme_rw_overlay4=/srv virtme_rw_overlay5=/usr virtme_rw_overlay6=/var console=hvc0 earlyprintk=serial,ttyS0,115200 virtme_console=ttyS0 psmouse.proto=exps TERM=xterm virtme_chdir=nipa-data/kernel virtme_root_user=1 rootfstype=9p rootflags=version=9p2000.L,trans=virtio,access=any raid=noautodetect ro init=/usr/lib/python3/dist-packages/virtme/guest/virtme-init
[    0.056830] Unknown kernel command line parameters "virtme_hostname=virtme-ng nr_open=1048576 virtme_link_mods=/nipa-data/kernel/.virtme_mods/lib/modules/0.0.0 virtme_initmount0=nipa-data/kernel virtme_rw_overlay0=/etc virtme_rw_overlay1=/lib virtme_rw_overlay2=/home virtme_rw_overlay3=/opt virtme_rw_overlay4=/srv virtme_rw_overlay5=/usr virtme_rw_overlay6=/var virtme_console=ttyS0 virtme_chdir=nipa-data/kernel virtme_root_user=1", will be passed to user space.
[    0.059889] random: crng init done
[    0.060131] printk: log buffer data + meta data: 262144 + 917504 = 1179648 bytes
[    0.060670] Dentry cache hash table entries: 131072 (order: 8, 1048576 bytes, linear)
[    0.061235] Inode-cache hash table entries: 65536 (order: 7, 524288 bytes, linear)
[    0.062158] Fallback order for Node 0: 0 
[    0.062162] Built 1 zonelists, mobility grouping on.  Total pages: 262014
[    0.062919] Policy zone: DMA32
[    0.063133] mem auto-init: stack:all(zero), heap alloc:off, heap free:off
[    0.063609] stackdepot: allocating hash table via alloc_large_system_hash
[    0.064094] stackdepot hash table entries: 1048576 (order: 12, 16777216 bytes, linear)
[    0.071979] SLUB: HWalign=64, Order=0-3, MinObjects=0, CPUs=32, Nodes=1
Poking KASLR using RDRAND RDTSC...
[    0.081126] ftrace: allocating 48927 entries in 192 pages
[    0.081503] ftrace: allocated 192 pages with 2 groups
[    0.082703] Dynamic Preempt: voluntary
[    0.083417] rcu: Preemptible hierarchical RCU implementation.
[    0.083817] rcu: RCU event tracing is enabled.
[    0.084135] rcu: RCU restricting CPUs from NR_CPUS=64 to nr_cpu_ids=32.
[    0.084601] Trampoline variant of Tasks RCU enabled.
[    0.084953] Rude variant of Tasks RCU enabled.
[    0.085272] Tracing variant of Tasks RCU enabled.
[    0.085607] rcu: RCU calculated value of scheduler-enlistment delay is 100 jiffies.
[    0.086141] rcu: Adjusting geometry for rcu_fanout_leaf=16, nr_cpu_ids=32
[    0.086682] RCU Tasks: Setting shift to 5 and lim to 1 rcu_task_cb_adjust=1 rcu_task_cpu_ids=32.
[    0.087298] RCU Tasks Rude: Setting shift to 5 and lim to 1 rcu_task_cb_adjust=1 rcu_task_cpu_ids=32.
[    0.087947] RCU Tasks Trace: Setting shift to 5 and lim to 1 rcu_task_cb_adjust=1 rcu_task_cpu_ids=32.
[    0.097784] NR_IRQS: 4352, nr_irqs: 680, preallocated irqs: 16
[    0.098446] rcu: srcu_init: Setting srcu_struct sizes based on contention.
[    0.099317] Console: colour *CGA 80x25
[    0.099610] ACPI: Core revision 20240827
[    0.100043] clocksource: hpet: mask: 0xffffffff max_cycles: 0xffffffff, max_idle_ns: 19112604467 ns
[    0.100744] APIC: Switch to symmetric I/O mode setup
[    0.101244] x2apic enabled
[    0.101613] APIC: Switched APIC routing to: physical x2apic
[    0.102012] kvm-guest: APIC: send_IPI_mask() replaced with kvm_send_ipi_mask()
[    0.102521] kvm-guest: APIC: send_IPI_mask_allbutself() replaced with kvm_send_ipi_mask_allbutself()
[    0.103149] kvm-guest: setup PV IPIs
[    0.104244] ..TIMER: vector=0x30 apic1=0 pin1=2 apic2=-1 pin2=-1
[    0.105019] clocksource: tsc-early: mask: 0xffffffffffffffff max_cycles: 0x40be215b5d9, max_idle_ns: 440795359804 ns
[    0.106340] Calibrating delay loop (skipped) preset value.. 8983.04 BogoMIPS (lpj=4491524)
[    0.107403] x86/cpu: User Mode Instruction Prevention (UMIP) activated
[    0.108396] Last level iTLB entries: 4KB 512, 2MB 255, 4MB 127
[    0.109339] Last level dTLB entries: 4KB 512, 2MB 255, 4MB 127, 1GB 0
[    0.110343] Spectre V1 : Mitigation: usercopy/swapgs barriers and __user pointer sanitization
[    0.111343] Spectre V2 : Mitigation: Enhanced / Automatic IBRS
[    0.112052] Spectre V2 : mitigation: Enabling conditional Indirect Branch Prediction Barrier
[    0.112341] Speculative Store Bypass: Mitigation: Speculative Store Bypass disabled via prctl
[    0.113339] Speculative Return Stack Overflow: IBPB-extending microcode not applied!
[    0.114339] Speculative Return Stack Overflow: WARNING: See https://kernel.org/doc/html/latest/admin-guide/hw-vuln/srso.html for mitigation options.
[    0.114341] Speculative Return Stack Overflow: Vulnerable: Safe RET, no microcode
[    0.116353] x86/fpu: Supporting XSAVE feature 0x001: 'x87 floating point registers'
[    0.117339] x86/fpu: Supporting XSAVE feature 0x002: 'SSE registers'
[    0.118339] x86/fpu: Supporting XSAVE feature 0x004: 'AVX registers'
[    0.119091] x86/fpu: Supporting XSAVE feature 0x020: 'AVX-512 opmask'
[    0.119339] x86/fpu: Supporting XSAVE feature 0x040: 'AVX-512 Hi256'
[    0.120339] x86/fpu: Supporting XSAVE feature 0x080: 'AVX-512 ZMM_Hi256'
[    0.121339] x86/fpu: Supporting XSAVE feature 0x200: 'Protection Keys User registers'
[    0.122339] x86/fpu: xstate_offset[2]:  576, xstate_sizes[2]:  256
[    0.123071] x86/fpu: xstate_offset[5]:  832, xstate_sizes[5]:   64
[    0.123339] x86/fpu: xstate_offset[6]:  896, xstate_sizes[6]:  512
[    0.124339] x86/fpu: xstate_offset[7]: 1408, xstate_sizes[7]: 1024
[    0.125339] x86/fpu: xstate_offset[9]: 2432, xstate_sizes[9]:    8
[    0.126072] x86/fpu: Enabled xstate features 0x2e7, context size is 2440 bytes, using 'compacted' format.
[    0.146567] Freeing SMP alternatives memory: 40K
[    0.147123] pid_max: default: 32768 minimum: 301
[    0.147463] Mount-cache hash table entries: 2048 (order: 2, 16384 bytes, linear)
[    0.148340] Mountpoint-cache hash table entries: 2048 (order: 2, 16384 bytes, linear)
[    0.149978] smpboot: CPU0: AMD Ryzen 9 7950X 16-Core Processor (family: 0x19, model: 0x61, stepping: 0x2)
[    0.150770] Performance Events: Fam17h+ core perfctr, AMD PMU driver.
[    0.151342] ... version:                0
[    0.151826] ... bit width:              48
[    0.152316] ... generic registers:      6
[    0.152340] ... value mask:             0000ffffffffffff
[    0.152983] ... max period:             00007fffffffffff
[    0.153340] ... fixed-purpose events:   0
[    0.153817] ... event mask:             000000000000003f
[    0.154487] signal: max sigframe size: 3376
[    0.155031] rcu: Hierarchical SRCU implementation.
[    0.155341] rcu: Max phase no-delay instances is 400.
[    0.156035] Timer migration: 2 hierarchy levels; 8 children per group; 2 crossnode level
[    0.160109] smp: Bringing up secondary CPUs ...
[    0.160524] smpboot: x86: Booting SMP configuration:
[    0.161118] .... node  #0, CPUs:        #1  #2  #3  #4  #5  #6  #7  #8  #9 #10 #11 #12 #13 #14 #15 #16 #17 #18 #19 #20 #21 #22 #23 #24 #25 #26 #27 #28 #29 #30 #31
[    0.189437] smp: Brought up 1 node, 32 CPUs
[    0.190847] smpboot: Total of 32 processors activated (287457.53 BogoMIPS)
[    0.195164] Memory: 761336K/1048056K available (44808K kernel code, 11596K rwdata, 10272K rodata, 6156K init, 1316K bss, 270684K reserved, 0K cma-reserved)
[    0.195465] devtmpfs: initialized
[    0.196081] x86/mm: Memory block size: 128MB
[    0.202574] clocksource: jiffies: mask: 0xffffffff max_cycles: 0xffffffff, max_idle_ns: 1911260446275000 ns
[    0.203344] posixtimers hash table entries: 16384 (order: 6, 262144 bytes, linear)
[    0.204277] futex hash table entries: 8192 (order: 7, 524288 bytes, linear)
[    0.204703] PM: RTC time: 00:26:51, date: 2025-04-22
[    0.206105] NET: Registered PF_NETLINK/PF_ROUTE protocol family
[    0.207203] thermal_sys: Registered thermal governor 'step_wise'
[    0.207232] cpuidle: using governor menu
[    0.209079] PCI: Using configuration type 1 for base access
[    0.209341] PCI: Using configuration type 1 for extended access
[    0.210197] kprobes: kprobe jump-optimization is enabled. All kprobes are optimized if possible.
[    0.226546] HugeTLB: allocation took 0ms with hugepage_allocation_threads=8
[    0.227371] HugeTLB: registered 1.00 GiB page size, pre-allocated 0 pages
[    0.228203] HugeTLB: 16380 KiB vmemmap can be freed for a 1.00 GiB page
[    0.228341] HugeTLB: registered 2.00 MiB page size, pre-allocated 0 pages
[    0.229172] HugeTLB: 28 KiB vmemmap can be freed for a 2.00 MiB page
[    0.229678] ACPI: Added _OSI(Module Device)
[    0.230342] ACPI: Added _OSI(Processor Device)
[    0.230899] ACPI: Added _OSI(3.0 _SCP Extensions)
[    0.231341] ACPI: Added _OSI(Processor Aggregator Device)
[    0.256171] ACPI: 1 ACPI AML tables successfully acquired and loaded
[    0.260162] ACPI: Interpreter enabled
[    0.260402] ACPI: PM: (supports S0 S3 S4 S5)
[    0.260924] ACPI: Using IOAPIC for interrupt routing
[    0.261390] PCI: Using host bridge windows from ACPI; if necessary, use "pci=nocrs" and report a bug
[    0.262340] PCI: Using E820 reservations for host bridge windows
[    0.264182] ACPI: Enabled 2 GPEs in block 00 to 0F
[    0.313272] ACPI: PCI Root Bridge [PCI0] (domain 0000 [bus 00-ff])
[    0.313355] acpi PNP0A03:00: _OSC: OS supports [ExtendedConfig ASPM ClockPM Segments MSI HPX-Type3]
[    0.314857] PCI host bridge to bus 0000:00
[    0.315397] pci_bus 0000:00: root bus resource [io  0x0000-0x0cf7 window]
[    0.316263] pci_bus 0000:00: root bus resource [io  0x0d00-0xffff window]
[    0.316343] pci_bus 0000:00: root bus resource [mem 0x000a0000-0x000bffff window]
[    0.317257] pci_bus 0000:00: root bus resource [mem 0x40000000-0xfebfffff window]
[    0.317344] pci_bus 0000:00: root bus resource [mem 0x100000000-0x17fffffff window]
[    0.318275] pci_bus 0000:00: root bus resource [bus 00-ff]
[    0.318434] pci 0000:00:00.0: [8086:1237] type 00 class 0x060000 conventional PCI endpoint
[    0.320250] pci 0000:00:01.0: [8086:7000] type 00 class 0x060100 conventional PCI endpoint
[    0.321227] pci 0000:00:01.1: [8086:7010] type 00 class 0x010180 conventional PCI endpoint
[    0.321737] pci 0000:00:01.1: BAR 4 [io  0xc0c0-0xc0cf]
[    0.322359] pci 0000:00:01.1: BAR 0 [io  0x01f0-0x01f7]: legacy IDE quirk
[    0.323190] pci 0000:00:01.1: BAR 1 [io  0x03f6]: legacy IDE quirk
[    0.323341] pci 0000:00:01.1: BAR 2 [io  0x0170-0x0177]: legacy IDE quirk
[    0.324168] pci 0000:00:01.1: BAR 3 [io  0x0376]: legacy IDE quirk
[    0.325045] pci 0000:00:01.3: [8086:7113] type 00 class 0x068000 conventional PCI endpoint
[    0.325555] pci 0000:00:01.3: quirk: [io  0x0600-0x063f] claimed by PIIX4 ACPI
[    0.326345] pci 0000:00:01.3: quirk: [io  0x0700-0x070f] claimed by PIIX4 SMB
[    0.327972] pci 0000:00:02.0: [1af4:1009] type 00 class 0x000200 conventional PCI endpoint
[    0.329084] pci 0000:00:02.0: BAR 0 [io  0xc000-0xc03f]
[    0.329345] pci 0000:00:02.0: BAR 1 [mem 0xfebfc000-0xfebfcfff]
[    0.330079] pci 0000:00:02.0: BAR 4 [mem 0xfebf0000-0xfebf3fff 64bit pref]
[    0.342281] pci 0000:00:03.0: [1af4:1009] type 00 class 0x000200 conventional PCI endpoint
[    0.343116] pci 0000:00:03.0: BAR 0 [io  0xc040-0xc07f]
[    0.343345] pci 0000:00:03.0: BAR 1 [mem 0xfebfd000-0xfebfdfff]
[    0.344078] pci 0000:00:03.0: BAR 4 [mem 0xfebf4000-0xfebf7fff 64bit pref]
[    0.356274] pci 0000:00:04.0: [8086:25ab] type 00 class 0x088000 conventional PCI endpoint
[    0.356735] pci 0000:00:04.0: BAR 0 [mem 0xfebfe000-0xfebfe00f]
[    0.369074] pci 0000:00:05.0: [1af4:1003] type 00 class 0x078000 conventional PCI endpoint
[    0.370122] pci 0000:00:05.0: BAR 0 [io  0xc080-0xc0bf]
[    0.370351] pci 0000:00:05.0: BAR 1 [mem 0xfebff000-0xfebfffff]
[    0.371087] pci 0000:00:05.0: BAR 4 [mem 0xfebf8000-0xfebfbfff 64bit pref]
[    0.385589] ACPI: PCI: Interrupt link LNKA configured for IRQ 10
[    0.387316] ACPI: PCI: Interrupt link LNKB configured for IRQ 10
[    0.388293] ACPI: PCI: Interrupt link LNKC configured for IRQ 11
[    0.389292] ACPI: PCI: Interrupt link LNKD configured for IRQ 11
[    0.389733] ACPI: PCI: Interrupt link LNKS configured for IRQ 9
[    0.409510] iommu: Default domain type: Translated
[    0.410106] iommu: DMA domain TLB invalidation policy: lazy mode
[    0.410798] SCSI subsystem initialized
[    0.411570] pps_core: LinuxPPS API ver. 1 registered
[    0.412181] pps_core: Software ver. 5.3.6 - Copyright 2005-2007 Rodolfo Giometti <giometti@linux.it>
[    0.412356] PTP clock support registered
[    0.412910] Advanced Linux Sound Architecture Driver Initialized.
[    0.414387] NET: Registered PF_ATMPVC protocol family
[    0.415007] NET: Registered PF_ATMSVC protocol family
[    0.415379] PCI: Using ACPI for IRQ routing
[    0.416016] vgaarb: loaded
[    0.416457] hpet0: at MMIO 0xfed00000, IRQs 2, 8, 0
[    0.417066] hpet0: 3 comparators, 64-bit 100.000000 MHz counter
[    0.420465] clocksource: Switched to clocksource kvm-clock
[    0.421814] VFS: Disk quotas dquot_6.6.0
[    0.422461] VFS: Dquot-cache hash table entries: 512 (order 0, 4096 bytes)
[    0.424720] pnp: PnP ACPI init
[    0.428464] pnp: PnP ACPI: found 5 devices
[    0.440085] clocksource: acpi_pm: mask: 0xffffff max_cycles: 0xffffff, max_idle_ns: 2085701024 ns
[    0.441238] NET: Registered PF_INET protocol family
[    0.441881] IP idents hash table entries: 16384 (order: 5, 131072 bytes, linear)
[    0.443157] tcp_listen_portaddr_hash hash table entries: 512 (order: 1, 8192 bytes, linear)
[    0.444192] Table-perturb hash table entries: 65536 (order: 6, 262144 bytes, linear)
[    0.445159] TCP established hash table entries: 8192 (order: 4, 65536 bytes, linear)
[    0.446115] TCP bind hash table entries: 8192 (order: 6, 262144 bytes, linear)
[    0.447098] TCP: Hash tables configured (established 8192 bind 8192)
[    0.448048] UDP hash table entries: 512 (order: 3, 32768 bytes, linear)
[    0.448868] UDP-Lite hash table entries: 512 (order: 3, 32768 bytes, linear)
[    0.449944] NET: Registered PF_UNIX/PF_LOCAL protocol family
[    0.450656] pci_bus 0000:00: resource 4 [io  0x0000-0x0cf7 window]
[    0.451416] pci_bus 0000:00: resource 5 [io  0x0d00-0xffff window]
[    0.452171] pci_bus 0000:00: resource 6 [mem 0x000a0000-0x000bffff window]
[    0.453013] pci_bus 0000:00: resource 7 [mem 0x40000000-0xfebfffff window]
[    0.453852] pci_bus 0000:00: resource 8 [mem 0x100000000-0x17fffffff window]
[    0.454914] pci 0000:00:01.0: PIIX3: Enabling Passive Release
[    0.455619] pci 0000:00:00.0: Limiting direct PCI/PCI transfers
[    0.456375] PCI: CLS 0 bytes, default 64
[    0.456967] kvm_intel: VMX not supported by CPU 0
[    0.457693] kvm_amd: TSC scaling supported
[    0.458192] kvm_amd: Nested Virtualization enabled
[    0.458780] kvm_amd: Nested Paging enabled
[    0.459277] kvm_amd: LBR virtualization supported
[    0.459861] kvm_amd: Virtual GIF supported
[    0.460360] kvm_amd: Virtual NMI enabled
[    0.489698] clocksource: tsc: mask: 0xffffffffffffffff max_cycles: 0x40be215b5d9, max_idle_ns: 440795359804 ns
[    0.508768] Initialise system trusted keyrings
[    0.509443] workingset: timestamp_bits=56 max_order=18 bucket_order=0
[    0.510335] squashfs: version 4.0 (2009/01/31) Phillip Lougher
[    0.511066] fuse: init (API version 7.43)
[    0.511690] 9p: Installing v9fs 9p2000 file system support
[    0.521332] Key type asymmetric registered
[    0.521843] Asymmetric key parser 'x509' registered
[    0.522508] Block layer SCSI generic (bsg) driver version 0.4 loaded (major 249)
[    0.523450] io scheduler mq-deadline registered
[    0.524005] io scheduler kyber registered
[    0.526471] input: Power Button as /devices/LNXSYSTM:00/LNXPWRBN:00/input/input0
[    0.527581] ACPI: button: Power Button [PWRF]
[    0.529482] Warning: Processor Platform Limit event detected, but not handled.
[    0.530362] Consider compiling CPUfreq support into your kernel.
[    1.409844] ACPI: \_SB_.LNKB: Enabled at IRQ 10
[    2.288051] ACPI: \_SB_.LNKC: Enabled at IRQ 11
[    3.165539] ACPI: \_SB_.LNKA: Enabled at IRQ 10
[    3.167006] Serial: 8250/16550 driver, 4 ports, IRQ sharing enabled
[    3.168124] 00:03: ttyS0 at I/O 0x3f8 (irq = 4, base_baud = 115200) is a 16550A
[    3.190504] Non-volatile memory driver v1.3
[    3.191033] Linux agpgart interface v0.103
[    3.191718] ACPI: bus type drm_connector registered
[    3.192357] printk: legacy console [hvc0] enabled
[    3.192970] printk: legacy bootconsole [earlyser0] disabled
          _      _                                    
   __   _(_)_ __| |_ _ __ ___   ___       _ __   __ _ 
   \ \ / / |  __| __|  _   _ \ / _ \_____|  _ \ / _  |
    \ V /| | |  | |_| | | | | |  __/_____| | | | (_| |
     \_/ |_|_|   \__|_| |_| |_|\___|     |_| |_|\__  |
                                                |___/ 
   kernel version: 6.15.0-rc2-virtme x86_64
   (CTRL+d to exit)

root@virtme-ng:/nipa-data/kernel# PS1='xx__-> '
xx__-> env
PWD=/nipa-data/kernel
nr_open=1048576
HOME=/
TERM=xterm
SHLVL=2
XDG_RUNTIME_DIR=/run/user/0
PATH=/bin:/sbin:/usr/bin:/usr/sbin:/usr/local/bin
OLDPWD=/
_=/bin/env
xx__-> 