No EFI environment detected.
early console in extract_kernel
input_data: 0x00000000029e92b9
input_len: 0x0000000000b26a98
output: 0x0000000001000000
output_len: 0x00000000024ca844
kernel_total_size: 0x0000000002230000
needed_size: 0x0000000002600000
trampoline_32bit: 0x0000000000000000
Physical KASLR using RDRAND RDTSC...
Virtual KASLR using RDRAND RDTSC...

Decompressing Linux... Parsing ELF... Performing relocations... done.
Booting the kernel (entry_offset: 0x0000000000000000).
[    0.000000] Linux version 6.9.0-rc6-virtme (root@3bc2901f8af8) (gcc (Alpine 13.2.1_git20240309) 13.2.1 20240309, GNU ld (GNU Binutils) 2.42) #1 SMP PREEMPT_DYNAMIC Thu May  9 03:06:28 UTC 2024
[    0.000000] Command line: virtme_hostname=virtme-ng nr_open=1048576 virtme_link_mods=/nipa-data/kernel/.virtme_mods/lib/modules/0.0.0 virtme_initmount0=nipa-data/kernel virtme_rw_overlay0=/etc virtme_rw_overlay1=/lib virtme_rw_overlay2=/home virtme_rw_overlay3=/opt virtme_rw_overlay4=/srv virtme_rw_overlay5=/usr virtme_rw_overlay6=/var console=hvc0 earlyprintk=serial,ttyS0,115200 virtme_console=ttyS0 psmouse.proto=exps TERM=xterm virtme_chdir=nipa-data/kernel virtme_root_user=1 rootfstype=9p rootflags=version=9p2000.L,trans=virtio,access=any raid=noautodetect ro init=/usr/lib/python3.12/site-packages/virtme/guest/virtme-init
[    0.000000] BIOS-provided physical RAM map:
[    0.000000] BIOS-e820: [mem 0x0000000000000000-0x000000000009fbff] usable
[    0.000000] BIOS-e820: [mem 0x000000000009fc00-0x000000000009ffff] reserved
[    0.000000] BIOS-e820: [mem 0x00000000000f0000-0x00000000000fffff] reserved
[    0.000000] BIOS-e820: [mem 0x0000000000100000-0x000000003ffdffff] usable
[    0.000000] BIOS-e820: [mem 0x000000003ffe0000-0x000000003fffffff] reserved
[    0.000000] BIOS-e820: [mem 0x00000000feffc000-0x00000000feffffff] reserved
[    0.000000] BIOS-e820: [mem 0x00000000fffc0000-0x00000000ffffffff] reserved
[    0.000000] BIOS-e820: [mem 0x000000fd00000000-0x000000ffffffffff] reserved
[    0.000000] printk: legacy bootconsole [earlyser0] enabled
[    0.000000] NX (Execute Disable) protection: active
[    0.000000] APIC: Static calls initialized
[    0.000000] SMBIOS 2.8 present.
[    0.000000] DMI: QEMU Standard PC (i440FX + PIIX, 1996), BIOS rel-1.16.3-0-ga6ed6b701f0a-prebuilt.qemu.org 04/01/2014
[    0.000000] Hypervisor detected: KVM
[    0.000000] kvm-clock: Using msrs 4b564d01 and 4b564d00
[    0.000000] kvm-clock: using sched offset of 262341476 cycles
[    0.000482] clocksource: kvm-clock: mask: 0xffffffffffffffff max_cycles: 0x1cd42e4dffb, max_idle_ns: 881590591483 ns
[    0.001975] tsc: Detected 4491.556 MHz processor
[    0.002753] last_pfn = 0x3ffe0 max_arch_pfn = 0x400000000
[    0.003278] MTRR map: 4 entries (3 fixed + 1 variable; max 19), built from 8 variable MTRRs
[    0.004051] x86/PAT: Configuration [0-7]: WB  WC  UC- UC  WB  WP  UC- WT  
Memory KASLR using RDRAND RDTSC...
[    0.006544] found SMP MP-table at [mem 0x000f5470-0x000f547f]
[    0.007082] Using GB pages for direct mapping
[    0.007528] ACPI: Early table checksum verification disabled
[    0.007989] ACPI: RSDP 0x00000000000F5290 000014 (v00 BOCHS )
[    0.008431] ACPI: RSDT 0x000000003FFE27BC 000034 (v01 BOCHS  BXPC     00000001 BXPC 00000001)
[    0.009099] ACPI: FACP 0x000000003FFE2578 000074 (v01 BOCHS  BXPC     00000001 BXPC 00000001)
[    0.009752] ACPI: DSDT 0x000000003FFE0040 002538 (v01 BOCHS  BXPC     00000001 BXPC 00000001)
[    0.010404] ACPI: FACS 0x000000003FFE0000 000040
[    0.010758] ACPI: APIC 0x000000003FFE25EC 000170 (v03 BOCHS  BXPC     00000001 BXPC 00000001)
[    0.011410] ACPI: HPET 0x000000003FFE275C 000038 (v01 BOCHS  BXPC     00000001 BXPC 00000001)
[    0.012066] ACPI: WAET 0x000000003FFE2794 000028 (v01 BOCHS  BXPC     00000001 BXPC 00000001)
[    0.012718] ACPI: Reserving FACP table memory at [mem 0x3ffe2578-0x3ffe25eb]
[    0.013257] ACPI: Reserving DSDT table memory at [mem 0x3ffe0040-0x3ffe2577]
[    0.013795] ACPI: Reserving FACS table memory at [mem 0x3ffe0000-0x3ffe003f]
[    0.014333] ACPI: Reserving APIC table memory at [mem 0x3ffe25ec-0x3ffe275b]
[    0.014871] ACPI: Reserving HPET table memory at [mem 0x3ffe275c-0x3ffe2793]
[    0.015408] ACPI: Reserving WAET table memory at [mem 0x3ffe2794-0x3ffe27bb]
[    0.016229] No NUMA configuration found
[    0.016585] Faking a node at [mem 0x0000000000000000-0x000000003ffdffff]
[    0.017201] NODE_DATA(0) allocated [mem 0x3ffdb000-0x3ffdffff]
[    0.017753] Zone ranges:
[    0.017985]   DMA      [mem 0x0000000000001000-0x0000000000ffffff]
[    0.018553]   DMA32    [mem 0x0000000001000000-0x000000003ffdffff]
[    0.019119]   Normal   empty
[    0.019383]   Device   empty
[    0.019651] Movable zone start for each node
[    0.020040] Early memory node ranges
[    0.020365]   node   0: [mem 0x0000000000001000-0x000000000009efff]
[    0.020938]   node   0: [mem 0x0000000000100000-0x000000003ffdffff]
[    0.021515] Initmem setup node 0 [mem 0x0000000000001000-0x000000003ffdffff]
[    0.022160] On node 0, zone DMA: 1 pages in unavailable ranges
[    0.022703] On node 0, zone DMA: 97 pages in unavailable ranges
[    0.024428] On node 0, zone DMA32: 32 pages in unavailable ranges
[    0.025243] ACPI: PM-Timer IO Port: 0x608
[    0.025615] ACPI: LAPIC_NMI (acpi_id[0xff] dfl dfl lint[0x1])
[    0.026157] IOAPIC[0]: apic_id 0, version 17, address 0xfec00000, GSI 0-23
[    0.026785] ACPI: INT_SRC_OVR (bus 0 bus_irq 0 global_irq 2 dfl dfl)
[    0.027364] ACPI: INT_SRC_OVR (bus 0 bus_irq 5 global_irq 5 high level)
[    0.027973] ACPI: INT_SRC_OVR (bus 0 bus_irq 9 global_irq 9 high level)
[    0.028579] ACPI: INT_SRC_OVR (bus 0 bus_irq 10 global_irq 10 high level)
[    0.029195] ACPI: INT_SRC_OVR (bus 0 bus_irq 11 global_irq 11 high level)
[    0.029816] ACPI: Using ACPI (MADT) for SMP configuration information
[    0.030403] ACPI: HPET id: 0x8086a201 base: 0xfed00000
[    0.030874] TSC deadline timer available
[    0.031233] CPU topo: Max. logical packages:   1
[    0.031662] CPU topo: Max. logical dies:       1
[    0.032082] CPU topo: Max. dies per package:   1
[    0.032505] CPU topo: Max. threads per core:   1
[    0.032925] CPU topo: Num. cores per package:    32
[    0.033370] CPU topo: Num. threads per package:  32
[    0.033817] CPU topo: Allowing 32 present CPUs plus 0 hotplug CPUs
[    0.034396] kvm-guest: APIC: eoi() replaced with kvm_guest_apic_eoi_write()
[    0.035046] kvm-guest: KVM setup pv remote TLB flush
[    0.035506] kvm-guest: setup PV sched yield
[    0.035890] PM: hibernation: Registered nosave memory: [mem 0x00000000-0x00000fff]
[    0.036581] PM: hibernation: Registered nosave memory: [mem 0x0009f000-0x0009ffff]
[    0.037271] PM: hibernation: Registered nosave memory: [mem 0x000a0000-0x000effff]
[    0.037961] PM: hibernation: Registered nosave memory: [mem 0x000f0000-0x000fffff]
[    0.038652] [mem 0x40000000-0xfeffbfff] available for PCI devices
[    0.039208] Booting paravirtualized kernel on KVM
[    0.039648] clocksource: refined-jiffies: mask: 0xffffffff max_cycles: 0xffffffff, max_idle_ns: 1910969940391419 ns
[    0.043833] setup_percpu: NR_CPUS:64 nr_cpumask_bits:32 nr_cpu_ids:32 nr_node_ids:1
[    0.045281] percpu: Embedded 58 pages/cpu s198952 r8192 d30424 u262144
[    0.045917] Kernel command line: virtme_hostname=virtme-ng nr_open=1048576 virtme_link_mods=/nipa-data/kernel/.virtme_mods/lib/modules/0.0.0 virtme_initmount0=nipa-data/kernel virtme_rw_overlay0=/etc virtme_rw_overlay1=/lib virtme_rw_overlay2=/home virtme_rw_overlay3=/opt virtme_rw_overlay4=/srv virtme_rw_overlay5=/usr virtme_rw_overlay6=/var console=hvc0 earlyprintk=serial,ttyS0,115200 virtme_console=ttyS0 psmouse.proto=exps TERM=xterm virtme_chdir=nipa-data/kernel virtme_root_user=1 rootfstype=9p rootflags=version=9p2000.L,trans=virtio,access=any raid=noautodetect ro init=/usr/lib/python3.12/site-packages/virtme/guest/virtme-init
[    0.051321] Unknown kernel command line parameters "virtme_hostname=virtme-ng nr_open=1048576 virtme_link_mods=/nipa-data/kernel/.virtme_mods/lib/modules/0.0.0 virtme_initmount0=nipa-data/kernel virtme_rw_overlay0=/etc virtme_rw_overlay1=/lib virtme_rw_overlay2=/home virtme_rw_overlay3=/opt virtme_rw_overlay4=/srv virtme_rw_overlay5=/usr virtme_rw_overlay6=/var virtme_console=ttyS0 virtme_chdir=nipa-data/kernel virtme_root_user=1", will be passed to user space.
[    0.055349] random: crng init done
[    0.055705] Dentry cache hash table entries: 131072 (order: 8, 1048576 bytes, linear)
[    0.056462] Inode-cache hash table entries: 65536 (order: 7, 524288 bytes, linear)
[    0.057279] Fallback order for Node 0: 0 
[    0.057283] Built 1 zonelists, mobility grouping on.  Total pages: 257760
[    0.058296] Policy zone: DMA32
[    0.058583] mem auto-init: stack:all(zero), heap alloc:off, heap free:off
[    0.060170] Memory: 986624K/1048056K available (16384K kernel code, 2403K rwdata, 6108K rodata, 3056K init, 2100K bss, 61172K reserved, 0K cma-reserved)
[    0.061488] SLUB: HWalign=64, Order=0-3, MinObjects=0, CPUs=32, Nodes=1
Poking KASLR using RDRAND RDTSC...
[    0.062427] ftrace: allocating 47622 entries in 187 pages
[    0.070150] ftrace: allocated 187 pages with 6 groups
[    0.071324] Dynamic Preempt: voluntary
[    0.071844] rcu: Preemptible hierarchical RCU implementation.
[    0.072386] rcu: RCU event tracing is enabled.
[    0.072815] rcu: RCU restricting CPUs from NR_CPUS=64 to nr_cpu_ids=32.
[    0.073444] Trampoline variant of Tasks RCU enabled.
[    0.073920] Rude variant of Tasks RCU enabled.
[    0.074344] Tracing variant of Tasks RCU enabled.
[    0.074794] rcu: RCU calculated value of scheduler-enlistment delay is 100 jiffies.
[    0.075518] rcu: Adjusting geometry for rcu_fanout_leaf=16, nr_cpu_ids=32
[    0.076164] RCU Tasks: Setting shift to 5 and lim to 1 rcu_task_cb_adjust=1.
[    0.076828] RCU Tasks Rude: Setting shift to 5 and lim to 1 rcu_task_cb_adjust=1.
[    0.077529] RCU Tasks Trace: Setting shift to 5 and lim to 1 rcu_task_cb_adjust=1.
[    0.080273] NR_IRQS: 4352, nr_irqs: 680, preallocated irqs: 16
[    0.081006] rcu: srcu_init: Setting srcu_struct sizes based on contention.
[    0.081813] Console: colour *CGA 80x25
[    0.082170] ACPI: Core revision 20230628
[    0.082619] clocksource: hpet: mask: 0xffffffff max_cycles: 0xffffffff, max_idle_ns: 19112604467 ns
[    0.083541] APIC: Switch to symmetric I/O mode setup
[    0.084016] APIC: Switched APIC routing to: physical flat
[    0.084519] kvm-guest: APIC: send_IPI_mask() replaced with kvm_send_ipi_mask()
[    0.085163] kvm-guest: APIC: send_IPI_mask_allbutself() replaced with kvm_send_ipi_mask_allbutself()
[    0.085987] kvm-guest: setup PV IPIs
[    0.087252] ..TIMER: vector=0x30 apic1=0 pin1=2 apic2=-1 pin2=-1
[    0.088311] tsc: Marking TSC unstable due to TSCs unsynchronized
[    0.089348] Calibrating delay loop (skipped) preset value.. 8983.11 BogoMIPS (lpj=4491556)
[    0.090420] x86/cpu: User Mode Instruction Prevention (UMIP) activated
[    0.091407] Last level iTLB entries: 4KB 512, 2MB 255, 4MB 127
[    0.092347] Last level dTLB entries: 4KB 512, 2MB 255, 4MB 127, 1GB 0
[    0.093352] Spectre V1 : Mitigation: usercopy/swapgs barriers and __user pointer sanitization
[    0.094352] Spectre V2 : Mitigation: Enhanced / Automatic IBRS
[    0.095347] Spectre V2 : Spectre v2 / SpectreRSB mitigation: Filling RSB on context switch
[    0.096349] Spectre V2 : mitigation: Enabling conditional Indirect Branch Prediction Barrier
[    0.097349] Speculative Store Bypass: Mitigation: Speculative Store Bypass disabled via prctl
[    0.098347] Speculative Return Stack Overflow: IBPB-extending microcode not applied!
[    0.099347] Speculative Return Stack Overflow: WARNING: See https://kernel.org/doc/html/latest/admin-guide/hw-vuln/srso.html for mitigation options.
[    0.099348] Speculative Return Stack Overflow: Vulnerable: Safe RET, no microcode
[    0.101368] x86/fpu: Supporting XSAVE feature 0x001: 'x87 floating point registers'
[    0.102347] x86/fpu: Supporting XSAVE feature 0x002: 'SSE registers'
[    0.103347] x86/fpu: Supporting XSAVE feature 0x004: 'AVX registers'
[    0.104347] x86/fpu: Supporting XSAVE feature 0x020: 'AVX-512 opmask'
[    0.105347] x86/fpu: Supporting XSAVE feature 0x040: 'AVX-512 Hi256'
[    0.106347] x86/fpu: Supporting XSAVE feature 0x080: 'AVX-512 ZMM_Hi256'
[    0.107347] x86/fpu: Supporting XSAVE feature 0x200: 'Protection Keys User registers'
[    0.108348] x86/fpu: xstate_offset[2]:  576, xstate_sizes[2]:  256
[    0.109347] x86/fpu: xstate_offset[5]:  832, xstate_sizes[5]:   64
[    0.110347] x86/fpu: xstate_offset[6]:  896, xstate_sizes[6]:  512
[    0.111347] x86/fpu: xstate_offset[7]: 1408, xstate_sizes[7]: 1024
[    0.112347] x86/fpu: xstate_offset[9]: 2432, xstate_sizes[9]:    8
[    0.113348] x86/fpu: Enabled xstate features 0x2e7, context size is 2440 bytes, using 'compacted' format.
[    0.129747] Freeing SMP alternatives memory: 40K
[    0.130348] pid_max: default: 32768 minimum: 301
[    0.130990] Mount-cache hash table entries: 2048 (order: 2, 16384 bytes, linear)
[    0.131348] Mountpoint-cache hash table entries: 2048 (order: 2, 16384 bytes, linear)
[    0.132539] smpboot: CPU0: AMD Ryzen 9 7950X 16-Core Processor (family: 0x19, model: 0x61, stepping: 0x2)
[    0.133471] Performance Events: Fam17h+ core perfctr, AMD PMU driver.
[    0.134352] ... version:                0
[    0.134882] ... bit width:              48
[    0.135349] ... generic registers:      6
[    0.135896] ... value mask:             0000ffffffffffff
[    0.136349] ... max period:             00007fffffffffff
[    0.137079] ... fixed-purpose events:   0
[    0.137349] ... event mask:             000000000000003f
[    0.138149] signal: max sigframe size: 3376
[    0.138369] rcu: Hierarchical SRCU implementation.
[    0.139025] rcu: Max phase no-delay instances is 400.
[    0.141704] smp: Bringing up secondary CPUs ...
[    0.142375] smpboot: x86: Booting SMP configuration:
[    0.143058] .... node  #0, CPUs:        #1  #2  #3  #4  #5  #6  #7  #8  #9 #10 #11 #12 #13 #14 #15 #16 #17 #18 #19 #20 #21 #22 #23 #24 #25 #26 #27 #28 #29 #30 #31
[    0.179507] smp: Brought up 1 node, 32 CPUs
[    0.180900] smpboot: Total of 32 processors activated (287459.58 BogoMIPS)
[    0.186419] devtmpfs: initialized
[    0.186817] x86/mm: Memory block size: 128MB
[    0.188162] clocksource: jiffies: mask: 0xffffffff max_cycles: 0xffffffff, max_idle_ns: 1911260446275000 ns
[    0.188351] futex hash table entries: 8192 (order: 7, 524288 bytes, linear)
[    0.189321] PM: RTC time: 03:06:58, date: 2024-05-09
[    0.189705] NET: Registered PF_NETLINK/PF_ROUTE protocol family
[    0.190472] thermal_sys: Registered thermal governor 'step_wise'
[    0.190473] thermal_sys: Registered thermal governor 'user_space'
[    0.191267] cpuidle: using governor menu
[    0.192593] PCI: Using configuration type 1 for base access
[    0.193351] PCI: Using configuration type 1 for extended access
[    0.194165] kprobes: kprobe jump-optimization is enabled. All kprobes are optimized if possible.
[    0.212219] HugeTLB: registered 1.00 GiB page size, pre-allocated 0 pages
[    0.212349] HugeTLB: 16380 KiB vmemmap can be freed for a 1.00 GiB page
[    0.213195] HugeTLB: registered 2.00 MiB page size, pre-allocated 0 pages
[    0.213348] HugeTLB: 28 KiB vmemmap can be freed for a 2.00 MiB page
[    0.214198] Demotion targets for Node 0: null
[    0.214390] ACPI: Added _OSI(Module Device)
[    0.214914] ACPI: Added _OSI(Processor Device)
[    0.215349] ACPI: Added _OSI(3.0 _SCP Extensions)
[    0.215943] ACPI: Added _OSI(Processor Aggregator Device)
[    0.217054] ACPI: 1 ACPI AML tables successfully acquired and loaded
[    0.217878] ACPI: _OSC evaluation for CPUs failed, trying _PDC
[    0.218482] ACPI: Interpreter enabled
[    0.218967] ACPI: PM: (supports S0 S3 S4 S5)
[    0.219349] ACPI: Using IOAPIC for interrupt routing
[    0.219993] PCI: Using host bridge windows from ACPI; if necessary, use "pci=nocrs" and report a bug
[    0.220348] PCI: Using E820 reservations for host bridge windows
[    0.221194] ACPI: Enabled 2 GPEs in block 00 to 0F
[    0.223894] ACPI: PCI Root Bridge [PCI0] (domain 0000 [bus 00-ff])
[    0.224352] acpi PNP0A03:00: _OSC: OS supports [ExtendedConfig ASPM ClockPM Segments MSI HPX-Type3]
[    0.225435] PCI host bridge to bus 0000:00
[    0.225965] pci_bus 0000:00: root bus resource [io  0x0000-0x0cf7 window]
[    0.226349] pci_bus 0000:00: root bus resource [io  0x0d00-0xffff window]
[    0.227206] pci_bus 0000:00: root bus resource [mem 0x000a0000-0x000bffff window]
[    0.227349] pci_bus 0000:00: root bus resource [mem 0x40000000-0xfebfffff window]
[    0.228309] pci_bus 0000:00: root bus resource [mem 0x100000000-0x17fffffff window]
[    0.228349] pci_bus 0000:00: root bus resource [bus 00-ff]
[    0.229128] pci 0000:00:00.0: [8086:1237] type 00 class 0x060000 conventional PCI endpoint
[    0.229598] pci 0000:00:01.0: [8086:7000] type 00 class 0x060100 conventional PCI endpoint
[    0.230663] pci 0000:00:01.1: [8086:7010] type 00 class 0x010180 conventional PCI endpoint
[    0.233590] pci 0000:00:01.1: BAR 4 [io  0xc0c0-0xc0cf]
[    0.235093] pci 0000:00:01.1: BAR 0 [io  0x01f0-0x01f7]: legacy IDE quirk
[    0.235349] pci 0000:00:01.1: BAR 1 [io  0x03f6]: legacy IDE quirk
[    0.236130] pci 0000:00:01.1: BAR 2 [io  0x0170-0x0177]: legacy IDE quirk
[    0.236349] pci 0000:00:01.1: BAR 3 [io  0x0376]: legacy IDE quirk
[    0.237227] pci 0000:00:01.3: [8086:7113] type 00 class 0x068000 conventional PCI endpoint
[    0.237592] pci 0000:00:01.3: quirk: [io  0x0600-0x063f] claimed by PIIX4 ACPI
[    0.238353] pci 0000:00:01.3: quirk: [io  0x0700-0x070f] claimed by PIIX4 SMB
[    0.239517] pci 0000:00:02.0: [1af4:1009] type 00 class 0x000200 conventional PCI endpoint
[    0.241349] pci 0000:00:02.0: BAR 0 [io  0xc000-0xc03f]
[    0.243023] pci 0000:00:02.0: BAR 1 [mem 0xfebfc000-0xfebfcfff]
[    0.246349] pci 0000:00:02.0: BAR 4 [mem 0xfebf0000-0xfebf3fff 64bit pref]
[    0.248967] pci 0000:00:03.0: [1af4:1009] type 00 class 0x000200 conventional PCI endpoint
[    0.250349] pci 0000:00:03.0: BAR 0 [io  0xc040-0xc07f]
[    0.251990] pci 0000:00:03.0: BAR 1 [mem 0xfebfd000-0xfebfdfff]
[    0.255846] pci 0000:00:03.0: BAR 4 [mem 0xfebf4000-0xfebf7fff 64bit pref]
[    0.257895] pci 0000:00:04.0: [8086:25ab] type 00 class 0x088000 conventional PCI endpoint
[    0.258856] pci 0000:00:04.0: BAR 0 [mem 0xfebfe000-0xfebfe00f]
[    0.262205] pci 0000:00:05.0: [1af4:1003] type 00 class 0x078000 conventional PCI endpoint
[    0.263789] pci 0000:00:05.0: BAR 0 [io  0xc080-0xc0bf]
[    0.265349] pci 0000:00:05.0: BAR 1 [mem 0xfebff000-0xfebfffff]
[    0.268989] pci 0000:00:05.0: BAR 4 [mem 0xfebf8000-0xfebfbfff 64bit pref]
[    0.271105] ACPI: PCI: Interrupt link LNKA configured for IRQ 10
[    0.271459] ACPI: PCI: Interrupt link LNKB configured for IRQ 10
[    0.272339] ACPI: PCI: Interrupt link LNKC configured for IRQ 11
[    0.272444] ACPI: PCI: Interrupt link LNKD configured for IRQ 11
[    0.273278] ACPI: PCI: Interrupt link LNKS configured for IRQ 9
[    0.274232] iommu: Default domain type: Translated
[    0.274349] iommu: DMA domain TLB invalidation policy: lazy mode
[    0.275173] SCSI subsystem initialized
[    0.275380] pps_core: LinuxPPS API ver. 1 registered
[    0.276024] pps_core: Software ver. 5.3.6 - Copyright 2005-2007 Rodolfo Giometti <giometti@linux.it>
[    0.276352] PTP clock support registered
[    0.276873] Advanced Linux Sound Architecture Driver Initialized.
[    0.277659] NET: Registered PF_ATMPVC protocol family
[    0.278322] NET: Registered PF_ATMSVC protocol family
[    0.278352] PCI: Using ACPI for IRQ routing
[    0.278968] vgaarb: loaded
[    0.279389] hpet0: at MMIO 0xfed00000, IRQs 2, 8, 0
[    0.280033] hpet0: 3 comparators, 64-bit 100.000000 MHz counter
[    0.283800] clocksource: Switched to clocksource kvm-clock
[    0.284616] VFS: Disk quotas dquot_6.6.0
[    0.284798] VFS: Dquot-cache hash table entries: 512 (order 0, 4096 bytes)
[    0.286090] pnp: PnP ACPI init
[    0.286677] pnp: PnP ACPI: found 5 devices
[    0.294674] clocksource: acpi_pm: mask: 0xffffff max_cycles: 0xffffff, max_idle_ns: 2085701024 ns
[    0.295850] NET: Registered PF_INET protocol family
[    0.296491] IP idents hash table entries: 16384 (order: 5, 131072 bytes, linear)
[    0.297599] tcp_listen_portaddr_hash hash table entries: 512 (order: 1, 8192 bytes, linear)
[    0.298679] Table-perturb hash table entries: 65536 (order: 6, 262144 bytes, linear)
[    0.299832] TCP established hash table entries: 8192 (order: 4, 65536 bytes, linear)
[    0.301095] TCP bind hash table entries: 8192 (order: 6, 262144 bytes, linear)
[    0.302287] TCP: Hash tables configured (established 8192 bind 8192)
[    0.303345] UDP hash table entries: 512 (order: 2, 16384 bytes, linear)
[    0.304424] UDP-Lite hash table entries: 512 (order: 2, 16384 bytes, linear)
[    0.305601] NET: Registered PF_UNIX/PF_LOCAL protocol family
[    0.306536] pci_bus 0000:00: resource 4 [io  0x0000-0x0cf7 window]
[    0.307545] pci_bus 0000:00: resource 5 [io  0x0d00-0xffff window]
[    0.308558] pci_bus 0000:00: resource 6 [mem 0x000a0000-0x000bffff window]
[    0.309680] pci_bus 0000:00: resource 7 [mem 0x40000000-0xfebfffff window]
[    0.310815] pci_bus 0000:00: resource 8 [mem 0x100000000-0x17fffffff window]
[    0.311993] pci 0000:00:01.0: PIIX3: Enabling Passive Release
[    0.312939] pci 0000:00:00.0: Limiting direct PCI/PCI transfers
[    0.313952] PCI: CLS 0 bytes, default 64
[    0.314665] kvm_intel: VMX not supported by CPU 0
[    0.315459] kvm_amd: TSC scaling supported
[    0.316132] kvm_amd: Nested Virtualization enabled
[    0.316922] kvm_amd: Nested Paging enabled
[    0.317705] kvm_amd: Virtual VMLOAD VMSAVE supported
[    0.318518] kvm_amd: Virtual GIF supported
[    0.319191] kvm_amd: Virtual NMI enabled
[    0.319834] kvm_amd: LBR virtualization supported
[    0.414995] Initialise system trusted keyrings
[    0.415643] workingset: timestamp_bits=56 max_order=18 bucket_order=0
[    0.416498] squashfs: version 4.0 (2009/01/31) Phillip Lougher
[    0.417259] fuse: init (API version 7.40)
[    0.417830] 9p: Installing v9fs 9p2000 file system support
[    0.424980] Key type asymmetric registered
[    0.425511] Asymmetric key parser 'x509' registered
[    0.426163] Block layer SCSI generic (bsg) driver version 0.4 loaded (major 249)
[    0.427137] io scheduler mq-deadline registered
[    0.427724] io scheduler kyber registered
[    0.429274] input: Power Button as /devices/LNXSYSTM:00/LNXPWRBN:00/input/input0
[    0.430289] ACPI: button: Power Button [PWRF]
[    0.430887] Warning: Processor Platform Limit event detected, but not handled.
[    0.431815] Consider compiling CPUfreq support into your kernel.
[    0.448783] ACPI: \_SB_.LNKB: Enabled at IRQ 10
[    0.465355] ACPI: \_SB_.LNKC: Enabled at IRQ 11
[    0.481928] ACPI: \_SB_.LNKA: Enabled at IRQ 10
[    0.483140] Serial: 8250/16550 driver, 4 ports, IRQ sharing enabled
[    0.484074] 00:03: ttyS0 at I/O 0x3f8 (irq = 4, base_baud = 115200) is a 16550A
[    0.520467] Non-volatile memory driver v1.3
[    0.521034] Linux agpgart interface v0.103
[    0.521577] printk: legacy console [hvc0] enabled
[    0.521615] ACPI: bus type drm_connector registered
[    0.522389] printk: legacy bootconsole [earlyser0] disabled
          _      _                                    
   __   _(_)_ __| |_ _ __ ___   ___       _ __   __ _ 
   \ \ / / |  __| __|  _   _ \ / _ \_____|  _ \ / _  |
    \ V /| | |  | |_| | | | | |  __/_____| | | | (_| |
     \_/ |_|_|   \__|_| |_| |_|\___|     |_| |_|\__  |
                                                |___/ 
   kernel version: 6.9.0-rc6-virtme x86_64
   (CTRL+d to exit)

virtme-ng:/nipa-data/kernel# PS1='xx__-> '
xx__-> env
PWD=/nipa-data/kernel
nr_open=1048576
HOME=/root
TERM=xterm
SHLVL=2
XDG_RUNTIME_DIR=/run/user/0
PATH=/bin:/sbin:/usr/bin:/usr/sbin:/usr/local/bin
OLDPWD=/
_=/usr/bin/env
xx__-> 