No EFI environment detected.
early console in extract_kernel
input_data: 0x0000000002be02c4
input_len: 0x0000000000b8221a
output: 0x0000000001000000
output_len: 0x000000000271aa50
kernel_total_size: 0x0000000002430000
needed_size: 0x0000000002800000
trampoline_32bit: 0x0000000000000000
Physical KASLR using RDRAND RDTSC...
Virtual KASLR using RDRAND RDTSC...

Decompressing Linux... Parsing ELF... Performing relocations... done.
Booting the kernel (entry_offset: 0x0000000000000000).
[    0.000000] Linux version 6.13.0-rc3-virtme (root@062f4d635961) (gcc (Ubuntu 13.3.0-6ubuntu2~24.04) 13.3.0, GNU ld (GNU Binutils for Ubuntu) 2.42) #1 SMP PREEMPT_DYNAMIC Fri Jan  3 09:07:02 UTC 2025
[    0.000000] Command line: virtme_hostname=virtme-ng nr_open=1048576 virtme_link_mods=/nipa-data/kernel/.virtme_mods/lib/modules/0.0.0 virtme_initmount0=nipa-data/kernel virtme_rw_overlay0=/etc virtme_rw_overlay1=/lib virtme_rw_overlay2=/home virtme_rw_overlay3=/opt virtme_rw_overlay4=/srv virtme_rw_overlay5=/usr virtme_rw_overlay6=/var console=hvc0 earlyprintk=serial,ttyS0,115200 virtme_console=ttyS0 psmouse.proto=exps TERM=xterm virtme_chdir=nipa-data/kernel virtme_root_user=1 rootfstype=9p rootflags=version=9p2000.L,trans=virtio,access=any raid=noautodetect ro init=/usr/lib/python3/dist-packages/virtme/guest/virtme-init
[    0.000000] BIOS-provided physical RAM map:
[    0.000000] BIOS-e820: [mem 0x0000000000000000-0x000000000009fbff] usable
[    0.000000] BIOS-e820: [mem 0x000000000009fc00-0x000000000009ffff] reserved
[    0.000000] BIOS-e820: [mem 0x00000000000f0000-0x00000000000fffff] reserved
[    0.000000] BIOS-e820: [mem 0x0000000000100000-0x000000003ffdffff] usable
[    0.000000] BIOS-e820: [mem 0x000000003ffe0000-0x000000003fffffff] reserved
[    0.000000] BIOS-e820: [mem 0x00000000feffc000-0x00000000feffffff] reserved
[    0.000000] BIOS-e820: [mem 0x00000000fffc0000-0x00000000ffffffff] reserved
[    0.000000] BIOS-e820: [mem 0x000000fd00000000-0x000000ffffffffff] reserved
[    0.000000] printk: legacy bootconsole [earlyser0] enabled
[    0.000000] NX (Execute Disable) protection: active
[    0.000000] APIC: Static calls initialized
[    0.000000] SMBIOS 3.0.0 present.
[    0.000000] DMI: QEMU Ubuntu 24.04 PC (i440FX + PIIX, 1996), BIOS 1.16.3-debian-1.16.3-2 04/01/2014
[    0.000000] DMI: Memory slots populated: 1/1
[    0.000000] Hypervisor detected: KVM
[    0.000000] kvm-clock: Using msrs 4b564d01 and 4b564d00
[    0.000000] kvm-clock: using sched offset of 193322030 cycles
[    0.000345] clocksource: kvm-clock: mask: 0xffffffffffffffff max_cycles: 0x1cd42e4dffb, max_idle_ns: 881590591483 ns
[    0.001427] tsc: Detected 4491.556 MHz processor
[    0.001977] last_pfn = 0x3ffe0 max_arch_pfn = 0x400000000
[    0.002356] MTRR map: 4 entries (3 fixed + 1 variable; max 19), built from 8 variable MTRRs
[    0.002909] x86/PAT: Configuration [0-7]: WB  WC  UC- UC  WB  WP  UC- WT  
Memory KASLR using RDRAND RDTSC...
[    0.004811] found SMP MP-table at [mem 0x000f5470-0x000f547f]
[    0.005194] Using GB pages for direct mapping
[    0.005510] ACPI: Early table checksum verification disabled
[    0.005884] ACPI: RSDP 0x00000000000F5290 000014 (v00 BOCHS )
[    0.006265] ACPI: RSDT 0x000000003FFE27BC 000034 (v01 BOCHS  BXPC     00000001 BXPC 00000001)
[    0.006830] ACPI: FACP 0x000000003FFE2578 000074 (v01 BOCHS  BXPC     00000001 BXPC 00000001)
[    0.007395] ACPI: DSDT 0x000000003FFE0040 002538 (v01 BOCHS  BXPC     00000001 BXPC 00000001)
[    0.007959] ACPI: FACS 0x000000003FFE0000 000040
[    0.008268] ACPI: APIC 0x000000003FFE25EC 000170 (v03 BOCHS  BXPC     00000001 BXPC 00000001)
[    0.008835] ACPI: HPET 0x000000003FFE275C 000038 (v01 BOCHS  BXPC     00000001 BXPC 00000001)
[    0.009400] ACPI: WAET 0x000000003FFE2794 000028 (v01 BOCHS  BXPC     00000001 BXPC 00000001)
[    0.009964] ACPI: Reserving FACP table memory at [mem 0x3ffe2578-0x3ffe25eb]
[    0.010430] ACPI: Reserving DSDT table memory at [mem 0x3ffe0040-0x3ffe2577]
[    0.010896] ACPI: Reserving FACS table memory at [mem 0x3ffe0000-0x3ffe003f]
[    0.011362] ACPI: Reserving APIC table memory at [mem 0x3ffe25ec-0x3ffe275b]
[    0.011827] ACPI: Reserving HPET table memory at [mem 0x3ffe275c-0x3ffe2793]
[    0.012293] ACPI: Reserving WAET table memory at [mem 0x3ffe2794-0x3ffe27bb]
[    0.012886] No NUMA configuration found
[    0.013140] Faking a node at [mem 0x0000000000000000-0x000000003ffdffff]
[    0.013585] NODE_DATA(0) allocated [mem 0x3ffdb780-0x3ffdffff]
[    0.013979] Zone ranges:
[    0.014150]   DMA      [mem 0x0000000000001000-0x0000000000ffffff]
[    0.014559]   DMA32    [mem 0x0000000001000000-0x000000003ffdffff]
[    0.014967]   Normal   empty
[    0.015158]   Device   empty
[    0.015348] Movable zone start for each node
[    0.015630] Early memory node ranges
[    0.015866]   node   0: [mem 0x0000000000001000-0x000000000009efff]
[    0.016285]   node   0: [mem 0x0000000000100000-0x000000003ffdffff]
[    0.016703] Initmem setup node 0 [mem 0x0000000000001000-0x000000003ffdffff]
[    0.017175] On node 0, zone DMA: 1 pages in unavailable ranges
[    0.017568] On node 0, zone DMA: 97 pages in unavailable ranges
[    0.018882] On node 0, zone DMA32: 32 pages in unavailable ranges
[    0.019467] ACPI: PM-Timer IO Port: 0x608
[    0.019736] ACPI: LAPIC_NMI (acpi_id[0xff] dfl dfl lint[0x1])
[    0.020132] IOAPIC[0]: apic_id 0, version 17, address 0xfec00000, GSI 0-23
[    0.020592] ACPI: INT_SRC_OVR (bus 0 bus_irq 0 global_irq 2 dfl dfl)
[    0.021014] ACPI: INT_SRC_OVR (bus 0 bus_irq 5 global_irq 5 high level)
[    0.021454] ACPI: INT_SRC_OVR (bus 0 bus_irq 9 global_irq 9 high level)
[    0.021890] ACPI: INT_SRC_OVR (bus 0 bus_irq 10 global_irq 10 high level)
[    0.022338] ACPI: INT_SRC_OVR (bus 0 bus_irq 11 global_irq 11 high level)
[    0.022786] ACPI: Using ACPI (MADT) for SMP configuration information
[    0.023211] ACPI: HPET id: 0x8086a201 base: 0xfed00000
[    0.023551] TSC deadline timer available
[    0.023811] CPU topo: Max. logical packages:   1
[    0.024116] CPU topo: Max. logical dies:       1
[    0.024422] CPU topo: Max. dies per package:   1
[    0.024728] CPU topo: Max. threads per core:   1
[    0.025032] CPU topo: Num. cores per package:    32
[    0.025353] CPU topo: Num. threads per package:  32
[    0.025674] CPU topo: Allowing 32 present CPUs plus 0 hotplug CPUs
[    0.026088] kvm-guest: APIC: eoi() replaced with kvm_guest_apic_eoi_write()
[    0.026553] kvm-guest: KVM setup pv remote TLB flush
[    0.026881] kvm-guest: setup PV sched yield
[    0.027159] PM: hibernation: Registered nosave memory: [mem 0x00000000-0x00000fff]
[    0.027659] PM: hibernation: Registered nosave memory: [mem 0x0009f000-0x0009ffff]
[    0.028159] PM: hibernation: Registered nosave memory: [mem 0x000a0000-0x000effff]
[    0.028660] PM: hibernation: Registered nosave memory: [mem 0x000f0000-0x000fffff]
[    0.029159] [mem 0x40000000-0xfeffbfff] available for PCI devices
[    0.029561] Booting paravirtualized kernel on KVM
[    0.029871] clocksource: refined-jiffies: mask: 0xffffffff max_cycles: 0xffffffff, max_idle_ns: 1910969940391419 ns
[    0.033231] setup_percpu: NR_CPUS:64 nr_cpumask_bits:32 nr_cpu_ids:32 nr_node_ids:1
[    0.034309] percpu: Embedded 58 pages/cpu s198232 r8192 d31144 u262144
[    0.034770] Kernel command line: virtme_hostname=virtme-ng nr_open=1048576 virtme_link_mods=/nipa-data/kernel/.virtme_mods/lib/modules/0.0.0 virtme_initmount0=nipa-data/kernel virtme_rw_overlay0=/etc virtme_rw_overlay1=/lib virtme_rw_overlay2=/home virtme_rw_overlay3=/opt virtme_rw_overlay4=/srv virtme_rw_overlay5=/usr virtme_rw_overlay6=/var console=hvc0 earlyprintk=serial,ttyS0,115200 virtme_console=ttyS0 psmouse.proto=exps TERM=xterm virtme_chdir=nipa-data/kernel virtme_root_user=1 rootfstype=9p rootflags=version=9p2000.L,trans=virtio,access=any raid=noautodetect ro init=/usr/lib/python3/dist-packages/virtme/guest/virtme-init
[    0.038629] Unknown kernel command line parameters "virtme_hostname=virtme-ng nr_open=1048576 virtme_link_mods=/nipa-data/kernel/.virtme_mods/lib/modules/0.0.0 virtme_initmount0=nipa-data/kernel virtme_rw_overlay0=/etc virtme_rw_overlay1=/lib virtme_rw_overlay2=/home virtme_rw_overlay3=/opt virtme_rw_overlay4=/srv virtme_rw_overlay5=/usr virtme_rw_overlay6=/var virtme_console=ttyS0 virtme_chdir=nipa-data/kernel virtme_root_user=1", will be passed to user space.
[    0.041590] random: crng init done
[    0.041821] printk: log buffer data + meta data: 262144 + 917504 = 1179648 bytes
[    0.042347] Dentry cache hash table entries: 131072 (order: 8, 1048576 bytes, linear)
[    0.042895] Inode-cache hash table entries: 65536 (order: 7, 524288 bytes, linear)
[    0.043487] Fallback order for Node 0: 0 
[    0.043489] Built 1 zonelists, mobility grouping on.  Total pages: 262014
[    0.044221] Policy zone: DMA32
[    0.044431] mem auto-init: stack:all(zero), heap alloc:off, heap free:off
[    0.045413] SLUB: HWalign=64, Order=0-3, MinObjects=0, CPUs=32, Nodes=1
Poking KASLR using RDRAND RDTSC...
[    0.046090] ftrace: allocating 48688 entries in 191 pages
[    0.057712] ftrace: allocated 191 pages with 7 groups
[    0.058577] Dynamic Preempt: voluntary
[    0.058959] rcu: Preemptible hierarchical RCU implementation.
[    0.059347] rcu: RCU event tracing is enabled.
[    0.059651] rcu: RCU restricting CPUs from NR_CPUS=64 to nr_cpu_ids=32.
[    0.060100] Trampoline variant of Tasks RCU enabled.
[    0.060442] Rude variant of Tasks RCU enabled.
[    0.060746] Tracing variant of Tasks RCU enabled.
[    0.061068] rcu: RCU calculated value of scheduler-enlistment delay is 100 jiffies.
[    0.061589] rcu: Adjusting geometry for rcu_fanout_leaf=16, nr_cpu_ids=32
[    0.062058] RCU Tasks: Setting shift to 5 and lim to 1 rcu_task_cb_adjust=1 rcu_task_cpu_ids=32.
[    0.062652] RCU Tasks Rude: Setting shift to 5 and lim to 1 rcu_task_cb_adjust=1 rcu_task_cpu_ids=32.
[    0.063279] RCU Tasks Trace: Setting shift to 5 and lim to 1 rcu_task_cb_adjust=1 rcu_task_cpu_ids=32.
[    0.065660] NR_IRQS: 4352, nr_irqs: 680, preallocated irqs: 16
[    0.066219] rcu: srcu_init: Setting srcu_struct sizes based on contention.
[    0.066818] Console: colour *CGA 80x25
[    0.067077] ACPI: Core revision 20240827
[    0.067405] clocksource: hpet: mask: 0xffffffff max_cycles: 0xffffffff, max_idle_ns: 19112604467 ns
[    0.068069] APIC: Switch to symmetric I/O mode setup
[    0.068435] kvm-guest: APIC: send_IPI_mask() replaced with kvm_send_ipi_mask()
[    0.068919] kvm-guest: APIC: send_IPI_mask_allbutself() replaced with kvm_send_ipi_mask_allbutself()
[    0.069518] kvm-guest: setup PV IPIs
[    0.070486] ..TIMER: vector=0x30 apic1=0 pin1=2 apic2=-1 pin2=-1
[    0.071227] clocksource: tsc-early: mask: 0xffffffffffffffff max_cycles: 0x40be400eb43, max_idle_ns: 440795366972 ns
[    0.072500] Calibrating delay loop (skipped) preset value.. 8983.11 BogoMIPS (lpj=4491556)
[    0.073558] x86/cpu: User Mode Instruction Prevention (UMIP) activated
[    0.074545] Last level iTLB entries: 4KB 512, 2MB 255, 4MB 127
[    0.075499] Last level dTLB entries: 4KB 512, 2MB 255, 4MB 127, 1GB 0
[    0.076266] Spectre V1 : Mitigation: usercopy/swapgs barriers and __user pointer sanitization
[    0.076502] Spectre V2 : Mitigation: Enhanced / Automatic IBRS
[    0.077499] Spectre V2 : Spectre v2 / SpectreRSB mitigation: Filling RSB on context switch
[    0.078500] Spectre V2 : mitigation: Enabling conditional Indirect Branch Prediction Barrier
[    0.079500] Speculative Store Bypass: Mitigation: Speculative Store Bypass disabled via prctl
[    0.080499] Speculative Return Stack Overflow: IBPB-extending microcode not applied!
[    0.081499] Speculative Return Stack Overflow: WARNING: See https://kernel.org/doc/html/latest/admin-guide/hw-vuln/srso.html for mitigation options.
[    0.081499] Speculative Return Stack Overflow: Vulnerable: Safe RET, no microcode
[    0.083501] x86/fpu: Supporting XSAVE feature 0x001: 'x87 floating point registers'
[    0.084396] x86/fpu: Supporting XSAVE feature 0x002: 'SSE registers'
[    0.084499] x86/fpu: Supporting XSAVE feature 0x004: 'AVX registers'
[    0.085499] x86/fpu: Supporting XSAVE feature 0x020: 'AVX-512 opmask'
[    0.086499] x86/fpu: Supporting XSAVE feature 0x040: 'AVX-512 Hi256'
[    0.087238] x86/fpu: Supporting XSAVE feature 0x080: 'AVX-512 ZMM_Hi256'
[    0.087499] x86/fpu: Supporting XSAVE feature 0x200: 'Protection Keys User registers'
[    0.088499] x86/fpu: xstate_offset[2]:  576, xstate_sizes[2]:  256
[    0.089499] x86/fpu: xstate_offset[5]:  832, xstate_sizes[5]:   64
[    0.090499] x86/fpu: xstate_offset[6]:  896, xstate_sizes[6]:  512
[    0.091220] x86/fpu: xstate_offset[7]: 1408, xstate_sizes[7]: 1024
[    0.091499] x86/fpu: xstate_offset[9]: 2432, xstate_sizes[9]:    8
[    0.092499] x86/fpu: Enabled xstate features 0x2e7, context size is 2440 bytes, using 'compacted' format.
[    0.107012] Freeing SMP alternatives memory: 40K
[    0.107500] pid_max: default: 32768 minimum: 301
[    0.108058] Mount-cache hash table entries: 2048 (order: 2, 16384 bytes, linear)
[    0.108500] Mountpoint-cache hash table entries: 2048 (order: 2, 16384 bytes, linear)
[    0.109623] smpboot: CPU0: AMD Ryzen 9 7950X 16-Core Processor (family: 0x19, model: 0x61, stepping: 0x2)
[    0.110604] Performance Events: Fam17h+ core perfctr, AMD PMU driver.
[    0.111379] ... version:                0
[    0.111501] ... bit width:              48
[    0.111979] ... generic registers:      6
[    0.112445] ... value mask:             0000ffffffffffff
[    0.112501] ... max period:             00007fffffffffff
[    0.113119] ... fixed-purpose events:   0
[    0.113500] ... event mask:             000000000000003f
[    0.114193] signal: max sigframe size: 3376
[    0.114515] rcu: Hierarchical SRCU implementation.
[    0.115073] rcu: Max phase no-delay instances is 400.
[    0.115521] Timer migration: 2 hierarchy levels; 8 children per group; 2 crossnode level
[    0.118487] smp: Bringing up secondary CPUs ...
[    0.118552] smpboot: x86: Booting SMP configuration:
[    0.119127] .... node  #0, CPUs:        #1  #2  #3  #4  #5  #6  #7  #8  #9 #10 #11 #12 #13 #14 #15 #16 #17 #18 #19 #20 #21 #22 #23 #24 #25 #26 #27 #28 #29 #30 #31
[    0.131611] smp: Brought up 1 node, 32 CPUs
[    0.132995] smpboot: Total of 32 processors activated (287459.58 BogoMIPS)
[    0.135528] Memory: 970436K/1048056K available (16384K kernel code, 2472K rwdata, 6336K rodata, 3148K init, 1808K bss, 63184K reserved, 0K cma-reserved)
[    0.136608] devtmpfs: initialized
[    0.136913] x86/mm: Memory block size: 128MB
[    0.138175] clocksource: jiffies: mask: 0xffffffff max_cycles: 0xffffffff, max_idle_ns: 1911260446275000 ns
[    0.138502] futex hash table entries: 8192 (order: 7, 524288 bytes, linear)
[    0.139431] PM: RTC time: 09:07:21, date: 2025-01-03
[    0.139829] NET: Registered PF_NETLINK/PF_ROUTE protocol family
[    0.140611] thermal_sys: Registered thermal governor 'step_wise'
[    0.140612] thermal_sys: Registered thermal governor 'user_space'
[    0.141343] cpuidle: using governor menu
[    0.142688] PCI: Using configuration type 1 for base access
[    0.143501] PCI: Using configuration type 1 for extended access
[    0.144263] kprobes: kprobe jump-optimization is enabled. All kprobes are optimized if possible.
[    0.159502] HugeTLB: registered 1.00 GiB page size, pre-allocated 0 pages
[    0.160319] HugeTLB: 16380 KiB vmemmap can be freed for a 1.00 GiB page
[    0.160501] HugeTLB: registered 2.00 MiB page size, pre-allocated 0 pages
[    0.161303] HugeTLB: 28 KiB vmemmap can be freed for a 2.00 MiB page
[    0.161751] ACPI: Added _OSI(Module Device)
[    0.162248] ACPI: Added _OSI(Processor Device)
[    0.162501] ACPI: Added _OSI(3.0 _SCP Extensions)
[    0.163059] ACPI: Added _OSI(Processor Aggregator Device)
[    0.164142] ACPI: 1 ACPI AML tables successfully acquired and loaded
[    0.167437] ACPI: Interpreter enabled
[    0.167510] ACPI: PM: (supports S0 S3 S4 S5)
[    0.168043] ACPI: Using IOAPIC for interrupt routing
[    0.168512] PCI: Using host bridge windows from ACPI; if necessary, use "pci=nocrs" and report a bug
[    0.169501] PCI: Using E820 reservations for host bridge windows
[    0.170329] ACPI: Enabled 2 GPEs in block 00 to 0F
[    0.173980] ACPI: PCI Root Bridge [PCI0] (domain 0000 [bus 00-ff])
[    0.174503] acpi PNP0A03:00: _OSC: OS supports [ExtendedConfig ASPM ClockPM Segments MSI HPX-Type3]
[    0.175587] PCI host bridge to bus 0000:00
[    0.176095] pci_bus 0000:00: root bus resource [io  0x0000-0x0cf7 window]
[    0.177501] pci_bus 0000:00: root bus resource [io  0x0d00-0xffff window]
[    0.178345] pci_bus 0000:00: root bus resource [mem 0x000a0000-0x000bffff window]
[    0.178501] pci_bus 0000:00: root bus resource [mem 0x40000000-0xfebfffff window]
[    0.179434] pci_bus 0000:00: root bus resource [mem 0x100000000-0x17fffffff window]
[    0.180501] pci_bus 0000:00: root bus resource [bus 00-ff]
[    0.181267] pci 0000:00:00.0: [8086:1237] type 00 class 0x060000 conventional PCI endpoint
[    0.182746] pci 0000:00:01.0: [8086:7000] type 00 class 0x060100 conventional PCI endpoint
[    0.183806] pci 0000:00:01.1: [8086:7010] type 00 class 0x010180 conventional PCI endpoint
[    0.187163] pci 0000:00:01.1: BAR 4 [io  0xc0c0-0xc0cf]
[    0.187786] pci 0000:00:01.1: BAR 0 [io  0x01f0-0x01f7]: legacy IDE quirk
[    0.188501] pci 0000:00:01.1: BAR 1 [io  0x03f6]: legacy IDE quirk
[    0.189270] pci 0000:00:01.1: BAR 2 [io  0x0170-0x0177]: legacy IDE quirk
[    0.190501] pci 0000:00:01.1: BAR 3 [io  0x0376]: legacy IDE quirk
[    0.191356] pci 0000:00:01.3: [8086:7113] type 00 class 0x068000 conventional PCI endpoint
[    0.192733] pci 0000:00:01.3: quirk: [io  0x0600-0x063f] claimed by PIIX4 ACPI
[    0.193505] pci 0000:00:01.3: quirk: [io  0x0700-0x070f] claimed by PIIX4 SMB
[    0.194543] pci 0000:00:02.0: [1af4:1009] type 00 class 0x000200 conventional PCI endpoint
[    0.196086] pci 0000:00:02.0: BAR 0 [io  0xc000-0xc03f]
[    0.197142] pci 0000:00:02.0: BAR 1 [mem 0xfebfc000-0xfebfcfff]
[    0.199963] pci 0000:00:02.0: BAR 4 [mem 0xfebf0000-0xfebf3fff 64bit pref]
[    0.201983] pci 0000:00:03.0: [1af4:1009] type 00 class 0x000200 conventional PCI endpoint
[    0.204456] pci 0000:00:03.0: BAR 0 [io  0xc040-0xc07f]
[    0.205396] pci 0000:00:03.0: BAR 1 [mem 0xfebfd000-0xfebfdfff]
[    0.208174] pci 0000:00:03.0: BAR 4 [mem 0xfebf4000-0xfebf7fff 64bit pref]
[    0.210251] pci 0000:00:04.0: [8086:25ab] type 00 class 0x088000 conventional PCI endpoint
[    0.210685] pci 0000:00:04.0: BAR 0 [mem 0xfebfe000-0xfebfe00f]
[    0.212654] pci 0000:00:05.0: [1af4:1003] type 00 class 0x078000 conventional PCI endpoint
[    0.214875] pci 0000:00:05.0: BAR 0 [io  0xc080-0xc0bf]
[    0.215803] pci 0000:00:05.0: BAR 1 [mem 0xfebff000-0xfebfffff]
[    0.218401] pci 0000:00:05.0: BAR 4 [mem 0xfebf8000-0xfebfbfff 64bit pref]
[    0.220463] ACPI: PCI: Interrupt link LNKA configured for IRQ 10
[    0.221610] ACPI: PCI: Interrupt link LNKB configured for IRQ 10
[    0.222458] ACPI: PCI: Interrupt link LNKC configured for IRQ 11
[    0.222594] ACPI: PCI: Interrupt link LNKD configured for IRQ 11
[    0.223403] ACPI: PCI: Interrupt link LNKS configured for IRQ 9
[    0.225330] iommu: Default domain type: Translated
[    0.226501] iommu: DMA domain TLB invalidation policy: lazy mode
[    0.227292] SCSI subsystem initialized
[    0.227527] pps_core: LinuxPPS API ver. 1 registered
[    0.228139] pps_core: Software ver. 5.3.6 - Copyright 2005-2007 Rodolfo Giometti <giometti@linux.it>
[    0.229503] PTP clock support registered
[    0.230008] Advanced Linux Sound Architecture Driver Initialized.
[    0.230756] NET: Registered PF_ATMPVC protocol family
[    0.231387] NET: Registered PF_ATMSVC protocol family
[    0.231507] PCI: Using ACPI for IRQ routing
[    0.232512] vgaarb: loaded
[    0.232852] hpet0: at MMIO 0xfed00000, IRQs 2, 8, 0
[    0.233140] hpet0: 3 comparators, 64-bit 100.000000 MHz counter
[    0.237899] clocksource: Switched to clocksource kvm-clock
[    0.238474] VFS: Disk quotas dquot_6.6.0
[    0.238996] VFS: Dquot-cache hash table entries: 512 (order 0, 4096 bytes)
[    0.239885] pnp: PnP ACPI init
[    0.240430] pnp: PnP ACPI: found 5 devices
[    0.247543] clocksource: acpi_pm: mask: 0xffffff max_cycles: 0xffffff, max_idle_ns: 2085701024 ns
[    0.248658] NET: Registered PF_INET protocol family
[    0.249280] IP idents hash table entries: 16384 (order: 5, 131072 bytes, linear)
[    0.250337] tcp_listen_portaddr_hash hash table entries: 512 (order: 1, 8192 bytes, linear)
[    0.251379] Table-perturb hash table entries: 65536 (order: 6, 262144 bytes, linear)
[    0.252342] TCP established hash table entries: 8192 (order: 4, 65536 bytes, linear)
[    0.253306] TCP bind hash table entries: 8192 (order: 6, 262144 bytes, linear)
[    0.254206] TCP: Hash tables configured (established 8192 bind 8192)
[    0.255105] UDP hash table entries: 512 (order: 3, 32768 bytes, linear)
[    0.255926] UDP-Lite hash table entries: 512 (order: 3, 32768 bytes, linear)
[    0.256825] NET: Registered PF_UNIX/PF_LOCAL protocol family
[    0.257527] pci_bus 0000:00: resource 4 [io  0x0000-0x0cf7 window]
[    0.258292] pci_bus 0000:00: resource 5 [io  0x0d00-0xffff window]
[    0.259058] pci_bus 0000:00: resource 6 [mem 0x000a0000-0x000bffff window]
[    0.259909] pci_bus 0000:00: resource 7 [mem 0x40000000-0xfebfffff window]
[    0.260754] pci_bus 0000:00: resource 8 [mem 0x100000000-0x17fffffff window]
[    0.261650] pci 0000:00:01.0: PIIX3: Enabling Passive Release
[    0.262368] pci 0000:00:00.0: Limiting direct PCI/PCI transfers
[    0.263135] PCI: CLS 0 bytes, default 64
[    0.263673] kvm_intel: VMX not supported by CPU 28
[    0.264303] kvm_amd: TSC scaling supported
[    0.264823] kvm_amd: Nested Virtualization enabled
[    0.265412] kvm_amd: Nested Paging enabled
[    0.265921] kvm_amd: LBR virtualization supported
[    0.266503] kvm_amd: Virtual GIF supported
[    0.267011] kvm_amd: Virtual NMI enabled
[    0.303882] clocksource: tsc: mask: 0xffffffffffffffff max_cycles: 0x40be400eb43, max_idle_ns: 440795366972 ns
[    0.311493] Initialise system trusted keyrings
[    0.312171] workingset: timestamp_bits=56 max_order=18 bucket_order=0
[    0.313013] squashfs: version 4.0 (2009/01/31) Phillip Lougher
[    0.313752] fuse: init (API version 7.41)
[    0.314309] 9p: Installing v9fs 9p2000 file system support
[    0.321580] Key type asymmetric registered
[    0.322100] Asymmetric key parser 'x509' registered
[    0.322718] Block layer SCSI generic (bsg) driver version 0.4 loaded (major 249)
[    0.323663] io scheduler mq-deadline registered
[    0.324236] io scheduler kyber registered
[    0.326472] input: Power Button as /devices/LNXSYSTM:00/LNXPWRBN:00/input/input0
[    0.327493] ACPI: button: Power Button [PWRF]
[    0.328483] Warning: Processor Platform Limit event detected, but not handled.
[    0.329356] Consider compiling CPUfreq support into your kernel.
[    0.346962] ACPI: \_SB_.LNKB: Enabled at IRQ 10
[    0.362613] ACPI: \_SB_.LNKC: Enabled at IRQ 11
[    0.378217] ACPI: \_SB_.LNKA: Enabled at IRQ 10
[    0.379300] Serial: 8250/16550 driver, 4 ports, IRQ sharing enabled
[    0.380189] 00:03: ttyS0 at I/O 0x3f8 (irq = 4, base_baud = 115200) is a 16550A
[    0.402934] Non-volatile memory driver v1.3
[    0.403492] Linux agpgart interface v0.103
[    0.404020] printk: legacy console [hvc0] enabled
[    0.404056] ACPI: bus type drm_connector registered
[    0.404607] printk: legacy bootconsole [earlyser0] disabled
          _      _                                    
   __   _(_)_ __| |_ _ __ ___   ___       _ __   __ _ 
   \ \ / / |  __| __|  _   _ \ / _ \_____|  _ \ / _  |
    \ V /| | |  | |_| | | | | |  __/_____| | | | (_| |
     \_/ |_|_|   \__|_| |_| |_|\___|     |_| |_|\__  |
                                                |___/ 
   kernel version: 6.13.0-rc3-virtme x86_64
   (CTRL+d to exit)

root@virtme-ng:/nipa-data/kernel# PS1='xx__-> '
xx__-> env
PWD=/nipa-data/kernel
nr_open=1048576
HOME=/
TERM=xterm
SHLVL=2
XDG_RUNTIME_DIR=/run/user/0
PATH=/bin:/sbin:/usr/bin:/usr/sbin:/usr/local/bin
OLDPWD=/
_=/bin/env
xx__-> 