No EFI environment detected.
early console in extract_kernel
input_data: 0x0000000002be12c4
input_len: 0x0000000000b8e805
output: 0x0000000001000000
output_len: 0x0000000002727c9c
kernel_total_size: 0x0000000002430000
needed_size: 0x0000000002800000
trampoline_32bit: 0x0000000000000000
Physical KASLR using RDRAND RDTSC...
Virtual KASLR using RDRAND RDTSC...

Decompressing Linux... Parsing ELF... Performing relocations... done.
Booting the kernel (entry_offset: 0x0000000000f89e80).
[    0.000000] Linux version 6.14.0-rc1-virtme (root@8fd137de6187) (gcc (Ubuntu 13.3.0-6ubuntu2~24.04) 13.3.0, GNU ld (GNU Binutils for Ubuntu) 2.42) #1 SMP PREEMPT_DYNAMIC Thu Feb 13 12:06:53 UTC 2025
[    0.000000] Command line: virtme_hostname=virtme-ng nr_open=1048576 virtme_link_mods=/nipa-data/kernel/.virtme_mods/lib/modules/0.0.0 virtme_initmount0=nipa-data/kernel virtme_rw_overlay0=/etc virtme_rw_overlay1=/lib virtme_rw_overlay2=/home virtme_rw_overlay3=/opt virtme_rw_overlay4=/srv virtme_rw_overlay5=/usr virtme_rw_overlay6=/var console=hvc0 earlyprintk=serial,ttyS0,115200 virtme_console=ttyS0 psmouse.proto=exps TERM=xterm virtme_chdir=nipa-data/kernel virtme_root_user=1 rootfstype=9p rootflags=version=9p2000.L,trans=virtio,access=any raid=noautodetect ro init=/usr/lib/python3/dist-packages/virtme/guest/virtme-init
[    0.000000] BIOS-provided physical RAM map:
[    0.000000] BIOS-e820: [mem 0x0000000000000000-0x000000000009fbff] usable
[    0.000000] BIOS-e820: [mem 0x000000000009fc00-0x000000000009ffff] reserved
[    0.000000] BIOS-e820: [mem 0x00000000000f0000-0x00000000000fffff] reserved
[    0.000000] BIOS-e820: [mem 0x0000000000100000-0x000000003ffdffff] usable
[    0.000000] BIOS-e820: [mem 0x000000003ffe0000-0x000000003fffffff] reserved
[    0.000000] BIOS-e820: [mem 0x00000000feffc000-0x00000000feffffff] reserved
[    0.000000] BIOS-e820: [mem 0x00000000fffc0000-0x00000000ffffffff] reserved
[    0.000000] BIOS-e820: [mem 0x000000fd00000000-0x000000ffffffffff] reserved
[    0.000000] printk: legacy bootconsole [earlyser0] enabled
[    0.000000] NX (Execute Disable) protection: active
[    0.000000] APIC: Static calls initialized
[    0.000000] SMBIOS 3.0.0 present.
[    0.000000] DMI: QEMU Ubuntu 24.04 PC (i440FX + PIIX, 1996), BIOS 1.16.3-debian-1.16.3-2 04/01/2014
[    0.000000] DMI: Memory slots populated: 1/1
[    0.000000] Hypervisor detected: KVM
[    0.000000] kvm-clock: Using msrs 4b564d01 and 4b564d00
[    0.000000] kvm-clock: using sched offset of 205756198 cycles
[    0.000350] clocksource: kvm-clock: mask: 0xffffffffffffffff max_cycles: 0x1cd42e4dffb, max_idle_ns: 881590591483 ns
[    0.001442] tsc: Detected 4491.560 MHz processor
[    0.001996] last_pfn = 0x3ffe0 max_arch_pfn = 0x400000000
[    0.002378] MTRR map: 4 entries (3 fixed + 1 variable; max 19), built from 8 variable MTRRs
[    0.002943] x86/PAT: Configuration [0-7]: WB  WC  UC- UC  WB  WP  UC- WT  
Memory KASLR using RDRAND RDTSC...
[    0.004852] found SMP MP-table at [mem 0x000f5470-0x000f547f]
[    0.005239] Using GB pages for direct mapping
[    0.005567] ACPI: Early table checksum verification disabled
[    0.005946] ACPI: RSDP 0x00000000000F5290 000014 (v00 BOCHS )
[    0.006331] ACPI: RSDT 0x000000003FFE27BC 000034 (v01 BOCHS  BXPC     00000001 BXPC 00000001)
[    0.006905] ACPI: FACP 0x000000003FFE2578 000074 (v01 BOCHS  BXPC     00000001 BXPC 00000001)
[    0.007476] ACPI: DSDT 0x000000003FFE0040 002538 (v01 BOCHS  BXPC     00000001 BXPC 00000001)
[    0.008049] ACPI: FACS 0x000000003FFE0000 000040
[    0.008358] ACPI: APIC 0x000000003FFE25EC 000170 (v03 BOCHS  BXPC     00000001 BXPC 00000001)
[    0.008927] ACPI: HPET 0x000000003FFE275C 000038 (v01 BOCHS  BXPC     00000001 BXPC 00000001)
[    0.009496] ACPI: WAET 0x000000003FFE2794 000028 (v01 BOCHS  BXPC     00000001 BXPC 00000001)
[    0.010066] ACPI: Reserving FACP table memory at [mem 0x3ffe2578-0x3ffe25eb]
[    0.010536] ACPI: Reserving DSDT table memory at [mem 0x3ffe0040-0x3ffe2577]
[    0.011006] ACPI: Reserving FACS table memory at [mem 0x3ffe0000-0x3ffe003f]
[    0.011476] ACPI: Reserving APIC table memory at [mem 0x3ffe25ec-0x3ffe275b]
[    0.011949] ACPI: Reserving HPET table memory at [mem 0x3ffe275c-0x3ffe2793]
[    0.012418] ACPI: Reserving WAET table memory at [mem 0x3ffe2794-0x3ffe27bb]
[    0.013017] No NUMA configuration found
[    0.013273] Faking a node at [mem 0x0000000000000000-0x000000003ffdffff]
[    0.013723] NODE_DATA(0) allocated [mem 0x3ffdb780-0x3ffdffff]
[    0.014127] Zone ranges:
[    0.014296]   DMA      [mem 0x0000000000001000-0x0000000000ffffff]
[    0.014709]   DMA32    [mem 0x0000000001000000-0x000000003ffdffff]
[    0.015122]   Normal   empty
[    0.015315]   Device   empty
[    0.015507] Movable zone start for each node
[    0.015812] Early memory node ranges
[    0.016053]   node   0: [mem 0x0000000000001000-0x000000000009efff]
[    0.016476]   node   0: [mem 0x0000000000100000-0x000000003ffdffff]
[    0.016898] Initmem setup node 0 [mem 0x0000000000001000-0x000000003ffdffff]
[    0.017375] On node 0, zone DMA: 1 pages in unavailable ranges
[    0.017778] On node 0, zone DMA: 97 pages in unavailable ranges
[    0.019109] On node 0, zone DMA32: 32 pages in unavailable ranges
[    0.019708] ACPI: PM-Timer IO Port: 0x608
[    0.019980] ACPI: LAPIC_NMI (acpi_id[0xff] dfl dfl lint[0x1])
[    0.020378] IOAPIC[0]: apic_id 0, version 17, address 0xfec00000, GSI 0-23
[    0.020838] ACPI: INT_SRC_OVR (bus 0 bus_irq 0 global_irq 2 dfl dfl)
[    0.021263] ACPI: INT_SRC_OVR (bus 0 bus_irq 5 global_irq 5 high level)
[    0.021709] ACPI: INT_SRC_OVR (bus 0 bus_irq 9 global_irq 9 high level)
[    0.022149] ACPI: INT_SRC_OVR (bus 0 bus_irq 10 global_irq 10 high level)
[    0.022600] ACPI: INT_SRC_OVR (bus 0 bus_irq 11 global_irq 11 high level)
[    0.023052] ACPI: Using ACPI (MADT) for SMP configuration information
[    0.023480] ACPI: HPET id: 0x8086a201 base: 0xfed00000
[    0.023826] TSC deadline timer available
[    0.024089] CPU topo: Max. logical packages:   1
[    0.024396] CPU topo: Max. logical dies:       1
[    0.024702] CPU topo: Max. dies per package:   1
[    0.025011] CPU topo: Max. threads per core:   1
[    0.025318] CPU topo: Num. cores per package:    32
[    0.025642] CPU topo: Num. threads per package:  32
[    0.025966] CPU topo: Allowing 32 present CPUs plus 0 hotplug CPUs
[    0.026383] kvm-guest: APIC: eoi() replaced with kvm_guest_apic_eoi_write()
[    0.026852] kvm-guest: KVM setup pv remote TLB flush
[    0.027183] kvm-guest: setup PV sched yield
[    0.027464] PM: hibernation: Registered nosave memory: [mem 0x00000000-0x00000fff]
[    0.027970] PM: hibernation: Registered nosave memory: [mem 0x0009f000-0x0009ffff]
[    0.028473] PM: hibernation: Registered nosave memory: [mem 0x000a0000-0x000effff]
[    0.028975] PM: hibernation: Registered nosave memory: [mem 0x000f0000-0x000fffff]
[    0.029478] [mem 0x40000000-0xfeffbfff] available for PCI devices
[    0.029883] Booting paravirtualized kernel on KVM
[    0.030196] clocksource: refined-jiffies: mask: 0xffffffff max_cycles: 0xffffffff, max_idle_ns: 1910969940391419 ns
[    0.033539] setup_percpu: NR_CPUS:64 nr_cpumask_bits:32 nr_cpu_ids:32 nr_node_ids:1
[    0.034644] percpu: Embedded 58 pages/cpu s198360 r8192 d31016 u262144
[    0.035110] Kernel command line: virtme_hostname=virtme-ng nr_open=1048576 virtme_link_mods=/nipa-data/kernel/.virtme_mods/lib/modules/0.0.0 virtme_initmount0=nipa-data/kernel virtme_rw_overlay0=/etc virtme_rw_overlay1=/lib virtme_rw_overlay2=/home virtme_rw_overlay3=/opt virtme_rw_overlay4=/srv virtme_rw_overlay5=/usr virtme_rw_overlay6=/var console=hvc0 earlyprintk=serial,ttyS0,115200 virtme_console=ttyS0 psmouse.proto=exps TERM=xterm virtme_chdir=nipa-data/kernel virtme_root_user=1 rootfstype=9p rootflags=version=9p2000.L,trans=virtio,access=any raid=noautodetect ro init=/usr/lib/python3/dist-packages/virtme/guest/virtme-init
[    0.039014] Unknown kernel command line parameters "virtme_hostname=virtme-ng nr_open=1048576 virtme_link_mods=/nipa-data/kernel/.virtme_mods/lib/modules/0.0.0 virtme_initmount0=nipa-data/kernel virtme_rw_overlay0=/etc virtme_rw_overlay1=/lib virtme_rw_overlay2=/home virtme_rw_overlay3=/opt virtme_rw_overlay4=/srv virtme_rw_overlay5=/usr virtme_rw_overlay6=/var virtme_console=ttyS0 virtme_chdir=nipa-data/kernel virtme_root_user=1", will be passed to user space.
[    0.042000] random: crng init done
[    0.042233] printk: log buffer data + meta data: 262144 + 917504 = 1179648 bytes
[    0.042763] Dentry cache hash table entries: 131072 (order: 8, 1048576 bytes, linear)
[    0.043317] Inode-cache hash table entries: 65536 (order: 7, 524288 bytes, linear)
[    0.043918] Fallback order for Node 0: 0 
[    0.043920] Built 1 zonelists, mobility grouping on.  Total pages: 262014
[    0.044661] Policy zone: DMA32
[    0.044870] mem auto-init: stack:all(zero), heap alloc:off, heap free:off
[    0.045854] SLUB: HWalign=64, Order=0-3, MinObjects=0, CPUs=32, Nodes=1
Poking KASLR using RDRAND RDTSC...
[    0.046537] ftrace: allocating 48928 entries in 192 pages
[    0.058135] ftrace: allocated 192 pages with 2 groups
[    0.059032] Dynamic Preempt: voluntary
[    0.059416] rcu: Preemptible hierarchical RCU implementation.
[    0.059820] rcu: RCU event tracing is enabled.
[    0.060127] rcu: RCU restricting CPUs from NR_CPUS=64 to nr_cpu_ids=32.
[    0.060581] Trampoline variant of Tasks RCU enabled.
[    0.060928] Rude variant of Tasks RCU enabled.
[    0.061236] Tracing variant of Tasks RCU enabled.
[    0.061565] rcu: RCU calculated value of scheduler-enlistment delay is 100 jiffies.
[    0.062086] rcu: Adjusting geometry for rcu_fanout_leaf=16, nr_cpu_ids=32
[    0.062553] RCU Tasks: Setting shift to 5 and lim to 1 rcu_task_cb_adjust=1 rcu_task_cpu_ids=32.
[    0.063152] RCU Tasks Rude: Setting shift to 5 and lim to 1 rcu_task_cb_adjust=1 rcu_task_cpu_ids=32.
[    0.063801] RCU Tasks Trace: Setting shift to 5 and lim to 1 rcu_task_cb_adjust=1 rcu_task_cpu_ids=32.
[    0.066164] NR_IRQS: 4352, nr_irqs: 680, preallocated irqs: 16
[    0.066723] rcu: srcu_init: Setting srcu_struct sizes based on contention.
[    0.067328] Console: colour *CGA 80x25
[    0.067589] ACPI: Core revision 20240827
[    0.067927] clocksource: hpet: mask: 0xffffffff max_cycles: 0xffffffff, max_idle_ns: 19112604467 ns
[    0.068600] APIC: Switch to symmetric I/O mode setup
[    0.068966] kvm-guest: APIC: send_IPI_mask() replaced with kvm_send_ipi_mask()
[    0.069455] kvm-guest: APIC: send_IPI_mask_allbutself() replaced with kvm_send_ipi_mask_allbutself()
[    0.070066] kvm-guest: setup PV IPIs
[    0.071038] ..TIMER: vector=0x30 apic1=0 pin1=2 apic2=-1 pin2=-1
[    0.071789] clocksource: tsc-early: mask: 0xffffffffffffffff max_cycles: 0x40be4320a4d, max_idle_ns: 440795288133 ns
[    0.073089] Calibrating delay loop (skipped) preset value.. 8983.12 BogoMIPS (lpj=4491560)
[    0.074148] x86/cpu: User Mode Instruction Prevention (UMIP) activated
[    0.075133] Last level iTLB entries: 4KB 512, 2MB 255, 4MB 127
[    0.076088] Last level dTLB entries: 4KB 512, 2MB 255, 4MB 127, 1GB 0
[    0.076860] Spectre V1 : Mitigation: usercopy/swapgs barriers and __user pointer sanitization
[    0.077091] Spectre V2 : Mitigation: Enhanced / Automatic IBRS
[    0.078088] Spectre V2 : Spectre v2 / SpectreRSB mitigation: Filling RSB on context switch
[    0.079089] Spectre V2 : mitigation: Enabling conditional Indirect Branch Prediction Barrier
[    0.080089] Speculative Store Bypass: Mitigation: Speculative Store Bypass disabled via prctl
[    0.081088] Speculative Return Stack Overflow: IBPB-extending microcode not applied!
[    0.082088] Speculative Return Stack Overflow: WARNING: See https://kernel.org/doc/html/latest/admin-guide/hw-vuln/srso.html for mitigation options.
[    0.082088] Speculative Return Stack Overflow: Vulnerable: Safe RET, no microcode
[    0.084102] x86/fpu: Supporting XSAVE feature 0x001: 'x87 floating point registers'
[    0.085088] x86/fpu: Supporting XSAVE feature 0x002: 'SSE registers'
[    0.085837] x86/fpu: Supporting XSAVE feature 0x004: 'AVX registers'
[    0.086088] x86/fpu: Supporting XSAVE feature 0x020: 'AVX-512 opmask'
[    0.087088] x86/fpu: Supporting XSAVE feature 0x040: 'AVX-512 Hi256'
[    0.088088] x86/fpu: Supporting XSAVE feature 0x080: 'AVX-512 ZMM_Hi256'
[    0.089088] x86/fpu: Supporting XSAVE feature 0x200: 'Protection Keys User registers'
[    0.090088] x86/fpu: xstate_offset[2]:  576, xstate_sizes[2]:  256
[    0.090821] x86/fpu: xstate_offset[5]:  832, xstate_sizes[5]:   64
[    0.091088] x86/fpu: xstate_offset[6]:  896, xstate_sizes[6]:  512
[    0.092088] x86/fpu: xstate_offset[7]: 1408, xstate_sizes[7]: 1024
[    0.092818] x86/fpu: xstate_offset[9]: 2432, xstate_sizes[9]:    8
[    0.093088] x86/fpu: Enabled xstate features 0x2e7, context size is 2440 bytes, using 'compacted' format.
[    0.108773] Freeing SMP alternatives memory: 40K
[    0.109089] pid_max: default: 32768 minimum: 301
[    0.109650] Mount-cache hash table entries: 2048 (order: 2, 16384 bytes, linear)
[    0.110089] Mountpoint-cache hash table entries: 2048 (order: 2, 16384 bytes, linear)
[    0.111222] smpboot: CPU0: AMD Ryzen 9 7950X 16-Core Processor (family: 0x19, model: 0x61, stepping: 0x2)
[    0.112195] Performance Events: Fam17h+ core perfctr, AMD PMU driver.
[    0.112974] ... version:                0
[    0.113090] ... bit width:              48
[    0.113574] ... generic registers:      6
[    0.114052] ... value mask:             0000ffffffffffff
[    0.114089] ... max period:             00007fffffffffff
[    0.114719] ... fixed-purpose events:   0
[    0.115089] ... event mask:             000000000000003f
[    0.115783] signal: max sigframe size: 3376
[    0.116104] rcu: Hierarchical SRCU implementation.
[    0.116667] rcu: Max phase no-delay instances is 400.
[    0.117109] Timer migration: 2 hierarchy levels; 8 children per group; 2 crossnode level
[    0.120131] smp: Bringing up secondary CPUs ...
[    0.120714] smpboot: x86: Booting SMP configuration:
[    0.121091] .... node  #0, CPUs:        #1  #2  #3  #4  #5  #6  #7  #8  #9 #10 #11 #12 #13 #14 #15 #16 #17 #18 #19 #20 #21 #22 #23 #24 #25 #26 #27 #28 #29 #30 #31
[    0.133180] smp: Brought up 1 node, 32 CPUs
[    0.134590] smpboot: Total of 32 processors activated (287459.84 BogoMIPS)
[    0.137110] Memory: 970432K/1048056K available (15912K kernel code, 2461K rwdata, 6364K rodata, 3192K init, 1760K bss, 63184K reserved, 0K cma-reserved)
[    0.138210] devtmpfs: initialized
[    0.138509] x86/mm: Memory block size: 128MB
[    0.139725] clocksource: jiffies: mask: 0xffffffff max_cycles: 0xffffffff, max_idle_ns: 1911260446275000 ns
[    0.140091] futex hash table entries: 8192 (order: 7, 524288 bytes, linear)
[    0.141039] PM: RTC time: 12:07:13, date: 2025-02-13
[    0.141411] NET: Registered PF_NETLINK/PF_ROUTE protocol family
[    0.142208] thermal_sys: Registered thermal governor 'step_wise'
[    0.142221] cpuidle: using governor menu
[    0.144149] PCI: Using configuration type 1 for base access
[    0.144824] PCI: Using configuration type 1 for extended access
[    0.145155] kprobes: kprobe jump-optimization is enabled. All kprobes are optimized if possible.
[    0.161184] HugeTLB: registered 1.00 GiB page size, pre-allocated 0 pages
[    0.162089] HugeTLB: 16380 KiB vmemmap can be freed for a 1.00 GiB page
[    0.162880] HugeTLB: registered 2.00 MiB page size, pre-allocated 0 pages
[    0.163089] HugeTLB: 28 KiB vmemmap can be freed for a 2.00 MiB page
[    0.163909] ACPI: Added _OSI(Module Device)
[    0.164090] ACPI: Added _OSI(Processor Device)
[    0.164622] ACPI: Added _OSI(3.0 _SCP Extensions)
[    0.165089] ACPI: Added _OSI(Processor Aggregator Device)
[    0.166388] ACPI: 1 ACPI AML tables successfully acquired and loaded
[    0.167457] ACPI: Interpreter enabled
[    0.168097] ACPI: PM: (supports S0 S3 S4 S5)
[    0.168611] ACPI: Using IOAPIC for interrupt routing
[    0.169096] PCI: Using host bridge windows from ACPI; if necessary, use "pci=nocrs" and report a bug
[    0.170089] PCI: Using E820 reservations for host bridge windows
[    0.170890] ACPI: Enabled 2 GPEs in block 00 to 0F
[    0.173598] ACPI: PCI Root Bridge [PCI0] (domain 0000 [bus 00-ff])
[    0.174092] acpi PNP0A03:00: _OSC: OS supports [ExtendedConfig ASPM ClockPM Segments MSI HPX-Type3]
[    0.175175] PCI host bridge to bus 0000:00
[    0.175669] pci_bus 0000:00: root bus resource [io  0x0000-0x0cf7 window]
[    0.176090] pci_bus 0000:00: root bus resource [io  0x0d00-0xffff window]
[    0.176914] pci_bus 0000:00: root bus resource [mem 0x000a0000-0x000bffff window]
[    0.177090] pci_bus 0000:00: root bus resource [mem 0x40000000-0xfebfffff window]
[    0.177981] pci_bus 0000:00: root bus resource [mem 0x100000000-0x17fffffff window]
[    0.178090] pci_bus 0000:00: root bus resource [bus 00-ff]
[    0.178840] pci 0000:00:00.0: [8086:1237] type 00 class 0x060000 conventional PCI endpoint
[    0.179344] pci 0000:00:01.0: [8086:7000] type 00 class 0x060100 conventional PCI endpoint
[    0.180342] pci 0000:00:01.1: [8086:7010] type 00 class 0x010180 conventional PCI endpoint
[    0.181474] pci 0000:00:01.1: BAR 4 [io  0xc0c0-0xc0cf]
[    0.182107] pci 0000:00:01.1: BAR 0 [io  0x01f0-0x01f7]: legacy IDE quirk
[    0.182921] pci 0000:00:01.1: BAR 1 [io  0x03f6]: legacy IDE quirk
[    0.183089] pci 0000:00:01.1: BAR 2 [io  0x0170-0x0177]: legacy IDE quirk
[    0.183899] pci 0000:00:01.1: BAR 3 [io  0x0376]: legacy IDE quirk
[    0.184172] pci 0000:00:01.3: [8086:7113] type 00 class 0x068000 conventional PCI endpoint
[    0.185278] pci 0000:00:01.3: quirk: [io  0x0600-0x063f] claimed by PIIX4 ACPI
[    0.186093] pci 0000:00:01.3: quirk: [io  0x0700-0x070f] claimed by PIIX4 SMB
[    0.187093] pci 0000:00:02.0: [1af4:1009] type 00 class 0x000200 conventional PCI endpoint
[    0.188826] pci 0000:00:02.0: BAR 0 [io  0xc000-0xc03f]
[    0.189093] pci 0000:00:02.0: BAR 1 [mem 0xfebfc000-0xfebfcfff]
[    0.189815] pci 0000:00:02.0: BAR 4 [mem 0xfebf0000-0xfebf3fff 64bit pref]
[    0.190648] pci 0000:00:03.0: [1af4:1009] type 00 class 0x000200 conventional PCI endpoint
[    0.191612] pci 0000:00:03.0: BAR 0 [io  0xc040-0xc07f]
[    0.192094] pci 0000:00:03.0: BAR 1 [mem 0xfebfd000-0xfebfdfff]
[    0.192819] pci 0000:00:03.0: BAR 4 [mem 0xfebf4000-0xfebf7fff 64bit pref]
[    0.193586] pci 0000:00:04.0: [8086:25ab] type 00 class 0x088000 conventional PCI endpoint
[    0.194423] pci 0000:00:04.0: BAR 0 [mem 0xfebfe000-0xfebfe00f]
[    0.195479] pci 0000:00:05.0: [1af4:1003] type 00 class 0x078000 conventional PCI endpoint
[    0.196778] pci 0000:00:05.0: BAR 0 [io  0xc080-0xc0bf]
[    0.197094] pci 0000:00:05.0: BAR 1 [mem 0xfebff000-0xfebfffff]
[    0.197819] pci 0000:00:05.0: BAR 4 [mem 0xfebf8000-0xfebfbfff 64bit pref]
[    0.198775] ACPI: PCI: Interrupt link LNKA configured for IRQ 10
[    0.199194] ACPI: PCI: Interrupt link LNKB configured for IRQ 10
[    0.200014] ACPI: PCI: Interrupt link LNKC configured for IRQ 11
[    0.200181] ACPI: PCI: Interrupt link LNKD configured for IRQ 11
[    0.200964] ACPI: PCI: Interrupt link LNKS configured for IRQ 9
[    0.201859] iommu: Default domain type: Translated
[    0.202090] iommu: DMA domain TLB invalidation policy: lazy mode
[    0.202852] SCSI subsystem initialized
[    0.203116] pps_core: LinuxPPS API ver. 1 registered
[    0.203715] pps_core: Software ver. 5.3.6 - Copyright 2005-2007 Rodolfo Giometti <giometti@linux.it>
[    0.204091] PTP clock support registered
[    0.204573] Advanced Linux Sound Architecture Driver Initialized.
[    0.205344] NET: Registered PF_ATMPVC protocol family
[    0.205964] NET: Registered PF_ATMSVC protocol family
[    0.206096] PCI: Using ACPI for IRQ routing
[    0.206670] vgaarb: loaded
[    0.207094] hpet0: at MMIO 0xfed00000, IRQs 2, 8, 0
[    0.207680] hpet0: 3 comparators, 64-bit 100.000000 MHz counter
[    0.212230] clocksource: Switched to clocksource kvm-clock
[    0.212980] VFS: Disk quotas dquot_6.6.0
[    0.213820] VFS: Dquot-cache hash table entries: 512 (order 0, 4096 bytes)
[    0.214695] pnp: PnP ACPI init
[    0.215227] pnp: PnP ACPI: found 5 devices
[    0.222188] clocksource: acpi_pm: mask: 0xffffff max_cycles: 0xffffff, max_idle_ns: 2085701024 ns
[    0.223270] NET: Registered PF_INET protocol family
[    0.223870] IP idents hash table entries: 16384 (order: 5, 131072 bytes, linear)
[    0.224902] tcp_listen_portaddr_hash hash table entries: 512 (order: 1, 8192 bytes, linear)
[    0.225908] Table-perturb hash table entries: 65536 (order: 6, 262144 bytes, linear)
[    0.226835] TCP established hash table entries: 8192 (order: 4, 65536 bytes, linear)
[    0.227771] TCP bind hash table entries: 8192 (order: 6, 262144 bytes, linear)
[    0.228732] TCP: Hash tables configured (established 8192 bind 8192)
[    0.229514] UDP hash table entries: 512 (order: 3, 32768 bytes, linear)
[    0.230308] UDP-Lite hash table entries: 512 (order: 3, 32768 bytes, linear)
[    0.231176] NET: Registered PF_UNIX/PF_LOCAL protocol family
[    0.231859] pci_bus 0000:00: resource 4 [io  0x0000-0x0cf7 window]
[    0.232601] pci_bus 0000:00: resource 5 [io  0x0d00-0xffff window]
[    0.233343] pci_bus 0000:00: resource 6 [mem 0x000a0000-0x000bffff window]
[    0.234167] pci_bus 0000:00: resource 7 [mem 0x40000000-0xfebfffff window]
[    0.234991] pci_bus 0000:00: resource 8 [mem 0x100000000-0x17fffffff window]
[    0.235861] pci 0000:00:01.0: PIIX3: Enabling Passive Release
[    0.236555] pci 0000:00:00.0: Limiting direct PCI/PCI transfers
[    0.237296] PCI: CLS 0 bytes, default 64
[    0.237813] kvm_intel: VMX not supported by CPU 0
[    0.238413] kvm_amd: TSC scaling supported
[    0.238909] kvm_amd: Nested Virtualization enabled
[    0.239484] kvm_amd: Nested Paging enabled
[    0.239977] kvm_amd: LBR virtualization supported
[    0.240543] kvm_amd: Virtual GIF supported
[    0.241039] kvm_amd: Virtual NMI enabled
[    0.268863] clocksource: tsc: mask: 0xffffffffffffffff max_cycles: 0x40be4320a4d, max_idle_ns: 440795288133 ns
[    0.276401] Initialise system trusted keyrings
[    0.277034] workingset: timestamp_bits=56 max_order=18 bucket_order=0
[    0.277828] squashfs: version 4.0 (2009/01/31) Phillip Lougher
[    0.278546] fuse: init (API version 7.42)
[    0.279072] 9p: Installing v9fs 9p2000 file system support
[    0.286183] Key type asymmetric registered
[    0.286679] Asymmetric key parser 'x509' registered
[    0.287284] Block layer SCSI generic (bsg) driver version 0.4 loaded (major 249)
[    0.288197] io scheduler mq-deadline registered
[    0.288741] io scheduler kyber registered
[    0.290875] input: Power Button as /devices/LNXSYSTM:00/LNXPWRBN:00/input/input0
[    0.291819] ACPI: button: Power Button [PWRF]
[    0.292705] Warning: Processor Platform Limit event detected, but not handled.
[    0.293579] Consider compiling CPUfreq support into your kernel.
[    0.310721] ACPI: \_SB_.LNKB: Enabled at IRQ 10
[    0.326043] ACPI: \_SB_.LNKC: Enabled at IRQ 11
[    0.341237] ACPI: \_SB_.LNKA: Enabled at IRQ 10
[    0.342288] Serial: 8250/16550 driver, 4 ports, IRQ sharing enabled
[    0.343145] 00:03: ttyS0 at I/O 0x3f8 (irq = 4, base_baud = 115200) is a 16550A
[    0.365378] Non-volatile memory driver v1.3
[    0.365920] Linux agpgart interface v0.103
[    0.366431] printk: legacy console [hvc0] enabled
[    0.366477] ACPI: bus type drm_connector registered
[    0.367018] printk: legacy bootconsole [earlyser0] disabled
          _      _                                    
   __   _(_)_ __| |_ _ __ ___   ___       _ __   __ _ 
   \ \ / / |  __| __|  _   _ \ / _ \_____|  _ \ / _  |
    \ V /| | |  | |_| | | | | |  __/_____| | | | (_| |
     \_/ |_|_|   \__|_| |_| |_|\___|     |_| |_|\__  |
                                                |___/ 
   kernel version: 6.14.0-rc1-virtme x86_64
   (CTRL+d to exit)

root@virtme-ng:/nipa-data/kernel# PS1='xx__-> '
xx__-> env
PWD=/nipa-data/kernel
nr_open=1048576
HOME=/
TERM=xterm
SHLVL=2
XDG_RUNTIME_DIR=/run/user/0
PATH=/bin:/sbin:/usr/bin:/usr/sbin:/usr/local/bin
OLDPWD=/
_=/bin/env
xx__-> 