No EFI environment detected.
early console in extract_kernel
input_data: 0x00000000029ba2c4
input_len: 0x0000000000bbd67d
output: 0x0000000001000000
output_len: 0x0000000002532214
kernel_total_size: 0x0000000002430000
needed_size: 0x0000000002600000
trampoline_32bit: 0x0000000000000000
Physical KASLR using RDRAND RDTSC...
Virtual KASLR using RDRAND RDTSC...

Decompressing Linux... Parsing ELF... Performing relocations... done.
Booting the kernel (entry_offset: 0x0000000000fb41c0).
[    0.000000] Linux version 6.15.0-rc2-virtme (root@c845852769c2) (gcc (Ubuntu 13.3.0-6ubuntu2~24.04) 13.3.0, GNU ld (GNU Binutils for Ubuntu) 2.42) #1 SMP PREEMPT_DYNAMIC Tue Apr 22 18:06:20 UTC 2025
[    0.000000] Command line: virtme_hostname=virtme-ng nr_open=1048576 virtme_link_mods=/nipa-data/kernel/.virtme_mods/lib/modules/0.0.0 virtme_initmount0=nipa-data/kernel virtme_rw_overlay0=/etc virtme_rw_overlay1=/lib virtme_rw_overlay2=/home virtme_rw_overlay3=/opt virtme_rw_overlay4=/srv virtme_rw_overlay5=/usr virtme_rw_overlay6=/var console=hvc0 earlyprintk=serial,ttyS0,115200 virtme_console=ttyS0 psmouse.proto=exps TERM=xterm virtme_chdir=nipa-data/kernel virtme_root_user=1 rootfstype=9p rootflags=version=9p2000.L,trans=virtio,access=any raid=noautodetect ro init=/usr/lib/python3/dist-packages/virtme/guest/virtme-init
[    0.000000] BIOS-provided physical RAM map:
[    0.000000] BIOS-e820: [mem 0x0000000000000000-0x000000000009fbff] usable
[    0.000000] BIOS-e820: [mem 0x000000000009fc00-0x000000000009ffff] reserved
[    0.000000] BIOS-e820: [mem 0x00000000000f0000-0x00000000000fffff] reserved
[    0.000000] BIOS-e820: [mem 0x0000000000100000-0x000000003ffdffff] usable
[    0.000000] BIOS-e820: [mem 0x000000003ffe0000-0x000000003fffffff] reserved
[    0.000000] BIOS-e820: [mem 0x00000000feffc000-0x00000000feffffff] reserved
[    0.000000] BIOS-e820: [mem 0x00000000fffc0000-0x00000000ffffffff] reserved
[    0.000000] BIOS-e820: [mem 0x000000fd00000000-0x000000ffffffffff] reserved
[    0.000000] printk: legacy bootconsole [earlyser0] enabled
[    0.000000] NX (Execute Disable) protection: active
[    0.000000] APIC: Static calls initialized
[    0.000000] SMBIOS 3.0.0 present.
[    0.000000] DMI: QEMU Ubuntu 24.04 PC (i440FX + PIIX, 1996), BIOS 1.16.3-debian-1.16.3-2 04/01/2014
[    0.000000] DMI: Memory slots populated: 1/1
[    0.000000] Hypervisor detected: KVM
[    0.000000] kvm-clock: Using msrs 4b564d01 and 4b564d00
[    0.000000] kvm-clock: using sched offset of 201288321 cycles
[    0.000359] clocksource: kvm-clock: mask: 0xffffffffffffffff max_cycles: 0x1cd42e4dffb, max_idle_ns: 881590591483 ns
[    0.001479] tsc: Detected 4491.524 MHz processor
[    0.002047] last_pfn = 0x3ffe0 max_arch_pfn = 0x400000000
[    0.002439] MTRR map: 4 entries (3 fixed + 1 variable; max 19), built from 8 variable MTRRs
[    0.003018] x86/PAT: Configuration [0-7]: WB  WC  UC- UC  WB  WP  UC- WT  
Memory KASLR using RDRAND RDTSC...
[    0.004941] found SMP MP-table at [mem 0x000f5470-0x000f547f]
[    0.005336] Using GB pages for direct mapping
[    0.005695] ACPI: Early table checksum verification disabled
[    0.006085] ACPI: RSDP 0x00000000000F5290 000014 (v00 BOCHS )
[    0.006481] ACPI: RSDT 0x000000003FFE27BC 000034 (v01 BOCHS  BXPC     00000001 BXPC 00000001)
[    0.007066] ACPI: FACP 0x000000003FFE2578 000074 (v01 BOCHS  BXPC     00000001 BXPC 00000001)
[    0.007652] ACPI: DSDT 0x000000003FFE0040 002538 (v01 BOCHS  BXPC     00000001 BXPC 00000001)
[    0.008236] ACPI: FACS 0x000000003FFE0000 000040
[    0.008553] ACPI: APIC 0x000000003FFE25EC 000170 (v03 BOCHS  BXPC     00000001 BXPC 00000001)
[    0.009137] ACPI: HPET 0x000000003FFE275C 000038 (v01 BOCHS  BXPC     00000001 BXPC 00000001)
[    0.009721] ACPI: WAET 0x000000003FFE2794 000028 (v01 BOCHS  BXPC     00000001 BXPC 00000001)
[    0.010307] ACPI: Reserving FACP table memory at [mem 0x3ffe2578-0x3ffe25eb]
[    0.010790] ACPI: Reserving DSDT table memory at [mem 0x3ffe0040-0x3ffe2577]
[    0.011272] ACPI: Reserving FACS table memory at [mem 0x3ffe0000-0x3ffe003f]
[    0.011754] ACPI: Reserving APIC table memory at [mem 0x3ffe25ec-0x3ffe275b]
[    0.012236] ACPI: Reserving HPET table memory at [mem 0x3ffe275c-0x3ffe2793]
[    0.012717] ACPI: Reserving WAET table memory at [mem 0x3ffe2794-0x3ffe27bb]
[    0.013331] No NUMA configuration found
[    0.013594] Faking a node at [mem 0x0000000000000000-0x000000003ffdffff]
[    0.014055] NODE_DATA(0) allocated [mem 0x3ffdb600-0x3ffdffff]
[    0.014463] Zone ranges:
[    0.014636]   DMA      [mem 0x0000000000001000-0x0000000000ffffff]
[    0.015059]   DMA32    [mem 0x0000000001000000-0x000000003ffdffff]
[    0.015482]   Normal   empty
[    0.015679]   Device   empty
[    0.015876] Movable zone start for each node
[    0.016168] Early memory node ranges
[    0.016412]   node   0: [mem 0x0000000000001000-0x000000000009efff]
[    0.016842]   node   0: [mem 0x0000000000100000-0x000000003ffdffff]
[    0.017271] Initmem setup node 0 [mem 0x0000000000001000-0x000000003ffdffff]
[    0.017755] On node 0, zone DMA: 1 pages in unavailable ranges
[    0.018164] On node 0, zone DMA: 97 pages in unavailable ranges
[    0.019492] On node 0, zone DMA32: 32 pages in unavailable ranges
[    0.020095] ACPI: PM-Timer IO Port: 0x608
[    0.020374] ACPI: LAPIC_NMI (acpi_id[0xff] dfl dfl lint[0x1])
[    0.020778] IOAPIC[0]: apic_id 0, version 17, address 0xfec00000, GSI 0-23
[    0.021247] ACPI: INT_SRC_OVR (bus 0 bus_irq 0 global_irq 2 dfl dfl)
[    0.021681] ACPI: INT_SRC_OVR (bus 0 bus_irq 5 global_irq 5 high level)
[    0.022134] ACPI: INT_SRC_OVR (bus 0 bus_irq 9 global_irq 9 high level)
[    0.022585] ACPI: INT_SRC_OVR (bus 0 bus_irq 10 global_irq 10 high level)
[    0.023047] ACPI: INT_SRC_OVR (bus 0 bus_irq 11 global_irq 11 high level)
[    0.023510] ACPI: Using ACPI (MADT) for SMP configuration information
[    0.023948] ACPI: HPET id: 0x8086a201 base: 0xfed00000
[    0.024299] TSC deadline timer available
[    0.024567] CPU topo: Max. logical packages:   1
[    0.024882] CPU topo: Max. logical dies:       1
[    0.025195] CPU topo: Max. dies per package:   1
[    0.025511] CPU topo: Max. threads per core:   1
[    0.025828] CPU topo: Num. cores per package:    32
[    0.026160] CPU topo: Num. threads per package:  32
[    0.026491] CPU topo: Allowing 32 present CPUs plus 0 hotplug CPUs
[    0.026918] kvm-guest: APIC: eoi() replaced with kvm_guest_apic_eoi_write()
[    0.027399] kvm-guest: KVM setup pv remote TLB flush
[    0.027738] kvm-guest: setup PV sched yield
[    0.028025] PM: hibernation: Registered nosave memory: [mem 0x00000000-0x00000fff]
[    0.028541] PM: hibernation: Registered nosave memory: [mem 0x0009f000-0x000fffff]
[    0.029058] [mem 0x40000000-0xfeffbfff] available for PCI devices
[    0.029473] Booting paravirtualized kernel on KVM
[    0.029793] clocksource: refined-jiffies: mask: 0xffffffff max_cycles: 0xffffffff, max_idle_ns: 1910969940391419 ns
[    0.033169] setup_percpu: NR_CPUS:64 nr_cpumask_bits:32 nr_cpu_ids:32 nr_node_ids:1
[    0.034252] percpu: Embedded 53 pages/cpu s178392 r8192 d30504 u262144
[    0.034728] Kernel command line: virtme_hostname=virtme-ng nr_open=1048576 virtme_link_mods=/nipa-data/kernel/.virtme_mods/lib/modules/0.0.0 virtme_initmount0=nipa-data/kernel virtme_rw_overlay0=/etc virtme_rw_overlay1=/lib virtme_rw_overlay2=/home virtme_rw_overlay3=/opt virtme_rw_overlay4=/srv virtme_rw_overlay5=/usr virtme_rw_overlay6=/var console=hvc0 earlyprintk=serial,ttyS0,115200 virtme_console=ttyS0 psmouse.proto=exps TERM=xterm virtme_chdir=nipa-data/kernel virtme_root_user=1 rootfstype=9p rootflags=version=9p2000.L,trans=virtio,access=any raid=noautodetect ro init=/usr/lib/python3/dist-packages/virtme/guest/virtme-init
[    0.038716] Unknown kernel command line parameters "virtme_hostname=virtme-ng nr_open=1048576 virtme_link_mods=/nipa-data/kernel/.virtme_mods/lib/modules/0.0.0 virtme_initmount0=nipa-data/kernel virtme_rw_overlay0=/etc virtme_rw_overlay1=/lib virtme_rw_overlay2=/home virtme_rw_overlay3=/opt virtme_rw_overlay4=/srv virtme_rw_overlay5=/usr virtme_rw_overlay6=/var virtme_console=ttyS0 virtme_chdir=nipa-data/kernel virtme_root_user=1", will be passed to user space.
[    0.041782] random: crng init done
[    0.042021] printk: log buffer data + meta data: 262144 + 917504 = 1179648 bytes
[    0.042566] Dentry cache hash table entries: 131072 (order: 8, 1048576 bytes, linear)
[    0.043132] Inode-cache hash table entries: 65536 (order: 7, 524288 bytes, linear)
[    0.043745] Fallback order for Node 0: 0 
[    0.043748] Built 1 zonelists, mobility grouping on.  Total pages: 262014
[    0.044504] Policy zone: DMA32
[    0.044718] mem auto-init: stack:all(zero), heap alloc:off, heap free:off
[    0.045710] SLUB: HWalign=64, Order=0-3, MinObjects=0, CPUs=32, Nodes=1
Poking KASLR using RDRAND RDTSC...
[    0.052787] ftrace: allocating 48743 entries in 192 pages
[    0.053164] ftrace: allocated 192 pages with 2 groups
[    0.054073] Dynamic Preempt: voluntary
[    0.054455] rcu: Preemptible hierarchical RCU implementation.
[    0.054856] rcu: RCU event tracing is enabled.
[    0.055171] rcu: RCU restricting CPUs from NR_CPUS=64 to nr_cpu_ids=32.
[    0.055637] Trampoline variant of Tasks RCU enabled.
[    0.055987] Rude variant of Tasks RCU enabled.
[    0.056302] Tracing variant of Tasks RCU enabled.
[    0.056635] rcu: RCU calculated value of scheduler-enlistment delay is 100 jiffies.
[    0.057166] rcu: Adjusting geometry for rcu_fanout_leaf=16, nr_cpu_ids=32
[    0.057643] RCU Tasks: Setting shift to 5 and lim to 1 rcu_task_cb_adjust=1 rcu_task_cpu_ids=32.
[    0.058260] RCU Tasks Rude: Setting shift to 5 and lim to 1 rcu_task_cb_adjust=1 rcu_task_cpu_ids=32.
[    0.058902] RCU Tasks Trace: Setting shift to 5 and lim to 1 rcu_task_cb_adjust=1 rcu_task_cpu_ids=32.
[    0.061248] NR_IRQS: 4352, nr_irqs: 680, preallocated irqs: 16
[    0.061824] rcu: srcu_init: Setting srcu_struct sizes based on contention.
[    0.062438] Console: colour *CGA 80x25
[    0.062705] ACPI: Core revision 20240827
[    0.063040] clocksource: hpet: mask: 0xffffffff max_cycles: 0xffffffff, max_idle_ns: 19112604467 ns
[    0.063723] APIC: Switch to symmetric I/O mode setup
[    0.064211] x2apic enabled
[    0.064564] APIC: Switched APIC routing to: physical x2apic
[    0.064959] kvm-guest: APIC: send_IPI_mask() replaced with kvm_send_ipi_mask()
[    0.065461] kvm-guest: APIC: send_IPI_mask_allbutself() replaced with kvm_send_ipi_mask_allbutself()
[    0.066100] kvm-guest: setup PV IPIs
[    0.067067] ..TIMER: vector=0x30 apic1=0 pin1=2 apic2=-1 pin2=-1
[    0.067834] clocksource: tsc-early: mask: 0xffffffffffffffff max_cycles: 0x40be215b5d9, max_idle_ns: 440795359804 ns
[    0.069123] Calibrating delay loop (skipped) preset value.. 8983.04 BogoMIPS (lpj=4491524)
[    0.070181] x86/cpu: User Mode Instruction Prevention (UMIP) activated
[    0.071168] Last level iTLB entries: 4KB 512, 2MB 255, 4MB 127
[    0.072122] Last level dTLB entries: 4KB 512, 2MB 255, 4MB 127, 1GB 0
[    0.072904] Spectre V1 : Mitigation: usercopy/swapgs barriers and __user pointer sanitization
[    0.073126] Spectre V2 : Mitigation: Enhanced / Automatic IBRS
[    0.074124] Spectre V2 : mitigation: Enabling conditional Indirect Branch Prediction Barrier
[    0.075124] Speculative Store Bypass: Mitigation: Speculative Store Bypass disabled via prctl
[    0.076123] Speculative Return Stack Overflow: IBPB-extending microcode not applied!
[    0.077122] Speculative Return Stack Overflow: WARNING: See https://kernel.org/doc/html/latest/admin-guide/hw-vuln/srso.html for mitigation options.
[    0.077123] Speculative Return Stack Overflow: Vulnerable: Safe RET, no microcode
[    0.079136] x86/fpu: Supporting XSAVE feature 0x001: 'x87 floating point registers'
[    0.080122] x86/fpu: Supporting XSAVE feature 0x002: 'SSE registers'
[    0.080876] x86/fpu: Supporting XSAVE feature 0x004: 'AVX registers'
[    0.081122] x86/fpu: Supporting XSAVE feature 0x020: 'AVX-512 opmask'
[    0.082122] x86/fpu: Supporting XSAVE feature 0x040: 'AVX-512 Hi256'
[    0.083122] x86/fpu: Supporting XSAVE feature 0x080: 'AVX-512 ZMM_Hi256'
[    0.084122] x86/fpu: Supporting XSAVE feature 0x200: 'Protection Keys User registers'
[    0.085053] x86/fpu: xstate_offset[2]:  576, xstate_sizes[2]:  256
[    0.085122] x86/fpu: xstate_offset[5]:  832, xstate_sizes[5]:   64
[    0.086122] x86/fpu: xstate_offset[6]:  896, xstate_sizes[6]:  512
[    0.087122] x86/fpu: xstate_offset[7]: 1408, xstate_sizes[7]: 1024
[    0.087855] x86/fpu: xstate_offset[9]: 2432, xstate_sizes[9]:    8
[    0.088122] x86/fpu: Enabled xstate features 0x2e7, context size is 2440 bytes, using 'compacted' format.
[    0.103686] Freeing SMP alternatives memory: 44K
[    0.104124] pid_max: default: 32768 minimum: 301
[    0.104690] Mount-cache hash table entries: 2048 (order: 2, 16384 bytes, linear)
[    0.105123] Mountpoint-cache hash table entries: 2048 (order: 2, 16384 bytes, linear)
[    0.106251] smpboot: CPU0: AMD Ryzen 9 7950X 16-Core Processor (family: 0x19, model: 0x61, stepping: 0x2)
[    0.107220] Performance Events: Fam17h+ core perfctr, AMD PMU driver.
[    0.108006] ... version:                0
[    0.108124] ... bit width:              48
[    0.108614] ... generic registers:      6
[    0.109096] ... value mask:             0000ffffffffffff
[    0.109124] ... max period:             00007fffffffffff
[    0.109761] ... fixed-purpose events:   0
[    0.110124] ... event mask:             000000000000003f
[    0.110832] signal: max sigframe size: 3376
[    0.111138] rcu: Hierarchical SRCU implementation.
[    0.111708] rcu: Max phase no-delay instances is 400.
[    0.112147] Timer migration: 2 hierarchy levels; 8 children per group; 2 crossnode level
[    0.115178] smp: Bringing up secondary CPUs ...
[    0.115769] smpboot: x86: Booting SMP configuration:
[    0.116125] .... node  #0, CPUs:        #1  #2  #3  #4  #5  #6  #7  #8  #9 #10 #11 #12 #13 #14 #15 #16 #17 #18 #19 #20 #21 #22 #23 #24 #25 #26 #27 #28 #29 #30 #31
[    0.127212] smp: Brought up 1 node, 32 CPUs
[    0.128629] smpboot: Total of 32 processors activated (287457.53 BogoMIPS)
[    0.130255] Memory: 970996K/1048056K available (16081K kernel code, 2477K rwdata, 6428K rodata, 3200K init, 1680K bss, 62540K reserved, 0K cma-reserved)
[    0.131233] devtmpfs: initialized
[    0.131558] x86/mm: Memory block size: 128MB
[    0.132813] clocksource: jiffies: mask: 0xffffffff max_cycles: 0xffffffff, max_idle_ns: 1911260446275000 ns
[    0.133129] posixtimers hash table entries: 16384 (order: 6, 262144 bytes, linear)
[    0.134078] futex hash table entries: 8192 (order: 7, 524288 bytes, linear)
[    0.134240] PM: RTC time: 18:06:38, date: 2025-04-22
[    0.135146] NET: Registered PF_NETLINK/PF_ROUTE protocol family
[    0.136002] thermal_sys: Registered thermal governor 'step_wise'
[    0.136011] cpuidle: using governor menu
[    0.137483] PCI: Using configuration type 1 for base access
[    0.138125] PCI: Using configuration type 1 for extended access
[    0.138907] kprobes: kprobe jump-optimization is enabled. All kprobes are optimized if possible.
[    0.153760] HugeTLB: allocation took 0ms with hugepage_allocation_threads=8
[    0.154151] HugeTLB: registered 1.00 GiB page size, pre-allocated 0 pages
[    0.154977] HugeTLB: 16380 KiB vmemmap can be freed for a 1.00 GiB page
[    0.155125] HugeTLB: registered 2.00 MiB page size, pre-allocated 0 pages
[    0.155948] HugeTLB: 28 KiB vmemmap can be freed for a 2.00 MiB page
[    0.156187] ACPI: Added _OSI(Module Device)
[    0.156668] ACPI: Added _OSI(Processor Device)
[    0.157125] ACPI: Added _OSI(3.0 _SCP Extensions)
[    0.157702] ACPI: Added _OSI(Processor Aggregator Device)
[    0.158762] ACPI: 1 ACPI AML tables successfully acquired and loaded
[    0.159500] ACPI: Interpreter enabled
[    0.160132] ACPI: PM: (supports S0 S3 S4 S5)
[    0.160658] ACPI: Using IOAPIC for interrupt routing
[    0.161132] PCI: Using host bridge windows from ACPI; if necessary, use "pci=nocrs" and report a bug
[    0.162124] PCI: Using E820 reservations for host bridge windows
[    0.162939] ACPI: Enabled 2 GPEs in block 00 to 0F
[    0.165688] ACPI: PCI Root Bridge [PCI0] (domain 0000 [bus 00-ff])
[    0.166126] acpi PNP0A03:00: _OSC: OS supports [ExtendedConfig ASPM ClockPM Segments MSI HPX-Type3]
[    0.167211] PCI host bridge to bus 0000:00
[    0.167716] pci_bus 0000:00: root bus resource [io  0x0000-0x0cf7 window]
[    0.168124] pci_bus 0000:00: root bus resource [io  0x0d00-0xffff window]
[    0.168944] pci_bus 0000:00: root bus resource [mem 0x000a0000-0x000bffff window]
[    0.169124] pci_bus 0000:00: root bus resource [mem 0x40000000-0xfebfffff window]
[    0.170030] pci_bus 0000:00: root bus resource [mem 0x100000000-0x17fffffff window]
[    0.170124] pci_bus 0000:00: root bus resource [bus 00-ff]
[    0.170865] pci 0000:00:00.0: [8086:1237] type 00 class 0x060000 conventional PCI endpoint
[    0.171384] pci 0000:00:01.0: [8086:7000] type 00 class 0x060100 conventional PCI endpoint
[    0.172386] pci 0000:00:01.1: [8086:7010] type 00 class 0x010180 conventional PCI endpoint
[    0.173523] pci 0000:00:01.1: BAR 4 [io  0xc0c0-0xc0cf]
[    0.174142] pci 0000:00:01.1: BAR 0 [io  0x01f0-0x01f7]: legacy IDE quirk
[    0.174968] pci 0000:00:01.1: BAR 1 [io  0x03f6]: legacy IDE quirk
[    0.175124] pci 0000:00:01.1: BAR 2 [io  0x0170-0x0177]: legacy IDE quirk
[    0.175947] pci 0000:00:01.1: BAR 3 [io  0x0376]: legacy IDE quirk
[    0.176212] pci 0000:00:01.3: [8086:7113] type 00 class 0x068000 conventional PCI endpoint
[    0.177314] pci 0000:00:01.3: quirk: [io  0x0600-0x063f] claimed by PIIX4 ACPI
[    0.178128] pci 0000:00:01.3: quirk: [io  0x0700-0x070f] claimed by PIIX4 SMB
[    0.179158] pci 0000:00:02.0: [1af4:1009] type 00 class 0x000200 conventional PCI endpoint
[    0.180902] pci 0000:00:02.0: BAR 0 [io  0xc000-0xc03f]
[    0.181128] pci 0000:00:02.0: BAR 1 [mem 0xfebfc000-0xfebfcfff]
[    0.181862] pci 0000:00:02.0: BAR 4 [mem 0xfebf0000-0xfebf3fff 64bit pref]
[    0.182693] pci 0000:00:03.0: [1af4:1009] type 00 class 0x000200 conventional PCI endpoint
[    0.183655] pci 0000:00:03.0: BAR 0 [io  0xc040-0xc07f]
[    0.184128] pci 0000:00:03.0: BAR 1 [mem 0xfebfd000-0xfebfdfff]
[    0.184861] pci 0000:00:03.0: BAR 4 [mem 0xfebf4000-0xfebf7fff 64bit pref]
[    0.185636] pci 0000:00:04.0: [8086:25ab] type 00 class 0x088000 conventional PCI endpoint
[    0.186472] pci 0000:00:04.0: BAR 0 [mem 0xfebfe000-0xfebfe00f]
[    0.187516] pci 0000:00:05.0: [1af4:1003] type 00 class 0x078000 conventional PCI endpoint
[    0.188838] pci 0000:00:05.0: BAR 0 [io  0xc080-0xc0bf]
[    0.189128] pci 0000:00:05.0: BAR 1 [mem 0xfebff000-0xfebfffff]
[    0.189858] pci 0000:00:05.0: BAR 4 [mem 0xfebf8000-0xfebfbfff 64bit pref]
[    0.190851] ACPI: PCI: Interrupt link LNKA configured for IRQ 10
[    0.191227] ACPI: PCI: Interrupt link LNKB configured for IRQ 10
[    0.192052] ACPI: PCI: Interrupt link LNKC configured for IRQ 11
[    0.192216] ACPI: PCI: Interrupt link LNKD configured for IRQ 11
[    0.193008] ACPI: PCI: Interrupt link LNKS configured for IRQ 9
[    0.193918] iommu: Default domain type: Translated
[    0.194124] iommu: DMA domain TLB invalidation policy: lazy mode
[    0.194892] SCSI subsystem initialized
[    0.195154] pps_core: LinuxPPS API ver. 1 registered
[    0.195760] pps_core: Software ver. 5.3.6 - Copyright 2005-2007 Rodolfo Giometti <giometti@linux.it>
[    0.196126] PTP clock support registered
[    0.196655] Advanced Linux Sound Architecture Driver Initialized.
[    0.197368] NET: Registered PF_ATMPVC protocol family
[    0.197985] NET: Registered PF_ATMSVC protocol family
[    0.198130] PCI: Using ACPI for IRQ routing
[    0.198720] vgaarb: loaded
[    0.198720] hpet0: at MMIO 0xfed00000, IRQs 2, 8, 0
[    0.199720] hpet0: 3 comparators, 64-bit 100.000000 MHz counter
[    0.204200] clocksource: Switched to clocksource kvm-clock
[    0.204941] VFS: Disk quotas dquot_6.6.0
[    0.205883] VFS: Dquot-cache hash table entries: 512 (order 0, 4096 bytes)
[    0.206760] pnp: PnP ACPI init
[    0.207309] pnp: PnP ACPI: found 5 devices
[    0.214258] clocksource: acpi_pm: mask: 0xffffff max_cycles: 0xffffff, max_idle_ns: 2085701024 ns
[    0.215351] NET: Registered PF_INET protocol family
[    0.216058] IP idents hash table entries: 16384 (order: 5, 131072 bytes, linear)
[    0.217097] tcp_listen_portaddr_hash hash table entries: 512 (order: 1, 8192 bytes, linear)
[    0.218124] Table-perturb hash table entries: 65536 (order: 6, 262144 bytes, linear)
[    0.219061] TCP established hash table entries: 8192 (order: 4, 65536 bytes, linear)
[    0.219994] TCP bind hash table entries: 8192 (order: 6, 262144 bytes, linear)
[    0.220865] TCP: Hash tables configured (established 8192 bind 8192)
[    0.221638] UDP hash table entries: 512 (order: 3, 32768 bytes, linear)
[    0.222439] UDP-Lite hash table entries: 512 (order: 3, 32768 bytes, linear)
[    0.223315] NET: Registered PF_UNIX/PF_LOCAL protocol family
[    0.224005] pci_bus 0000:00: resource 4 [io  0x0000-0x0cf7 window]
[    0.224748] pci_bus 0000:00: resource 5 [io  0x0d00-0xffff window]
[    0.225495] pci_bus 0000:00: resource 6 [mem 0x000a0000-0x000bffff window]
[    0.226328] pci_bus 0000:00: resource 7 [mem 0x40000000-0xfebfffff window]
[    0.227161] pci_bus 0000:00: resource 8 [mem 0x100000000-0x17fffffff window]
[    0.228028] pci 0000:00:01.0: PIIX3: Enabling Passive Release
[    0.228719] pci 0000:00:00.0: Limiting direct PCI/PCI transfers
[    0.229468] PCI: CLS 0 bytes, default 64
[    0.229996] kvm_intel: VMX not supported by CPU 0
[    0.230568] kvm_amd: TSC scaling supported
[    0.231067] kvm_amd: Nested Virtualization enabled
[    0.231643] kvm_amd: Nested Paging enabled
[    0.232145] kvm_amd: LBR virtualization supported
[    0.232713] kvm_amd: Virtual GIF supported
[    0.233207] kvm_amd: Virtual NMI enabled
[    0.258706] clocksource: tsc: mask: 0xffffffffffffffff max_cycles: 0x40be215b5d9, max_idle_ns: 440795359804 ns
[    0.265351] Initialise system trusted keyrings
[    0.265970] workingset: timestamp_bits=56 max_order=18 bucket_order=0
[    0.266777] squashfs: version 4.0 (2009/01/31) Phillip Lougher
[    0.267499] fuse: init (API version 7.43)
[    0.268028] 9p: Installing v9fs 9p2000 file system support
[    0.275126] Key type asymmetric registered
[    0.275628] Asymmetric key parser 'x509' registered
[    0.276236] Block layer SCSI generic (bsg) driver version 0.4 loaded (major 249)
[    0.277153] io scheduler mq-deadline registered
[    0.277706] io scheduler kyber registered
[    0.279563] input: Power Button as /devices/LNXSYSTM:00/LNXPWRBN:00/input/input0
[    0.280513] ACPI: button: Power Button [PWRF]
[    0.281416] Warning: Processor Platform Limit event detected, but not handled.
[    0.282301] Consider compiling CPUfreq support into your kernel.
[    0.299397] ACPI: \_SB_.LNKB: Enabled at IRQ 10
[    0.314805] ACPI: \_SB_.LNKC: Enabled at IRQ 11
[    0.330136] ACPI: \_SB_.LNKA: Enabled at IRQ 10
[    0.331187] Serial: 8250/16550 driver, 4 ports, IRQ sharing enabled
[    0.332048] 00:03: ttyS0 at I/O 0x3f8 (irq = 4, base_baud = 115200) is a 16550A
[    0.351670] Non-volatile memory driver v1.3
[    0.352220] Linux agpgart interface v0.103
[    0.352735] printk: legacy console [hvc0] enabled
[    0.352755] ACPI: bus type drm_connector registered
[    0.353327] printk: legacy bootconsole [earlyser0] disabled
          _      _                                    
   __   _(_)_ __| |_ _ __ ___   ___       _ __   __ _ 
   \ \ / / |  __| __|  _   _ \ / _ \_____|  _ \ / _  |
    \ V /| | |  | |_| | | | | |  __/_____| | | | (_| |
     \_/ |_|_|   \__|_| |_| |_|\___|     |_| |_|\__  |
                                                |___/ 
   kernel version: 6.15.0-rc2-virtme x86_64
   (CTRL+d to exit)

root@virtme-ng:/nipa-data/kernel# PS1='xx__-> '
xx__-> env
PWD=/nipa-data/kernel
nr_open=1048576
HOME=/
TERM=xterm
SHLVL=2
XDG_RUNTIME_DIR=/run/user/0
PATH=/bin:/sbin:/usr/bin:/usr/sbin:/usr/local/bin
OLDPWD=/
_=/bin/env
xx__-> 