No EFI environment detected.
early console in extract_kernel
input_data: 0x00000000029ea2b9
input_len: 0x0000000000b257e8
output: 0x0000000001000000
output_len: 0x00000000024ca78c
kernel_total_size: 0x0000000002230000
needed_size: 0x0000000002600000
trampoline_32bit: 0x0000000000000000
Physical KASLR using RDRAND RDTSC...
Virtual KASLR using RDRAND RDTSC...

Decompressing Linux... Parsing ELF... Performing relocations... done.
Booting the kernel (entry_offset: 0x0000000000000000).
[    0.000000] Linux version 6.9.0-rc6-virtme (root@13c9935512e7) (gcc (Alpine 13.2.1_git20240309) 13.2.1 20240309, GNU ld (GNU Binutils) 2.42) #1 SMP PREEMPT_DYNAMIC Fri May  3 00:06:17 UTC 2024
[    0.000000] Command line: virtme_hostname=virtme-ng nr_open=1048576 virtme_link_mods=/nipa-data/kernel/.virtme_mods/lib/modules/0.0.0 virtme_initmount0=nipa-data/kernel virtme_rw_overlay0=/etc virtme_rw_overlay1=/lib virtme_rw_overlay2=/home virtme_rw_overlay3=/opt virtme_rw_overlay4=/srv virtme_rw_overlay5=/usr virtme_rw_overlay6=/var console=hvc0 earlyprintk=serial,ttyS0,115200 virtme_console=ttyS0 psmouse.proto=exps TERM=xterm virtme_chdir=nipa-data/kernel virtme_root_user=1 rootfstype=9p rootflags=version=9p2000.L,trans=virtio,access=any raid=noautodetect ro init=/usr/lib/python3.12/site-packages/virtme/guest/virtme-init
[    0.000000] BIOS-provided physical RAM map:
[    0.000000] BIOS-e820: [mem 0x0000000000000000-0x000000000009fbff] usable
[    0.000000] BIOS-e820: [mem 0x000000000009fc00-0x000000000009ffff] reserved
[    0.000000] BIOS-e820: [mem 0x00000000000f0000-0x00000000000fffff] reserved
[    0.000000] BIOS-e820: [mem 0x0000000000100000-0x000000003ffdffff] usable
[    0.000000] BIOS-e820: [mem 0x000000003ffe0000-0x000000003fffffff] reserved
[    0.000000] BIOS-e820: [mem 0x00000000feffc000-0x00000000feffffff] reserved
[    0.000000] BIOS-e820: [mem 0x00000000fffc0000-0x00000000ffffffff] reserved
[    0.000000] BIOS-e820: [mem 0x000000fd00000000-0x000000ffffffffff] reserved
[    0.000000] printk: legacy bootconsole [earlyser0] enabled
[    0.000000] NX (Execute Disable) protection: active
[    0.000000] APIC: Static calls initialized
[    0.000000] SMBIOS 2.8 present.
[    0.000000] DMI: QEMU Standard PC (i440FX + PIIX, 1996), BIOS rel-1.16.3-0-ga6ed6b701f0a-prebuilt.qemu.org 04/01/2014
[    0.000000] Hypervisor detected: KVM
[    0.000000] kvm-clock: Using msrs 4b564d01 and 4b564d00
[    0.000000] kvm-clock: using sched offset of 235724129 cycles
[    0.000397] clocksource: kvm-clock: mask: 0xffffffffffffffff max_cycles: 0x1cd42e4dffb, max_idle_ns: 881590591483 ns
[    0.001639] tsc: Detected 4491.556 MHz processor
[    0.002258] last_pfn = 0x3ffe0 max_arch_pfn = 0x400000000
[    0.002695] MTRR map: 4 entries (3 fixed + 1 variable; max 19), built from 8 variable MTRRs
[    0.003334] x86/PAT: Configuration [0-7]: WB  WC  UC- UC  WB  WP  UC- WT  
Memory KASLR using RDRAND RDTSC...
[    0.005455] found SMP MP-table at [mem 0x000f5470-0x000f547f]
[    0.005900] Using GB pages for direct mapping
[    0.006261] ACPI: Early table checksum verification disabled
[    0.006692] ACPI: RSDP 0x00000000000F5290 000014 (v00 BOCHS )
[    0.007130] ACPI: RSDT 0x000000003FFE27BC 000034 (v01 BOCHS  BXPC     00000001 BXPC 00000001)
[    0.007778] ACPI: FACP 0x000000003FFE2578 000074 (v01 BOCHS  BXPC     00000001 BXPC 00000001)
[    0.008424] ACPI: DSDT 0x000000003FFE0040 002538 (v01 BOCHS  BXPC     00000001 BXPC 00000001)
[    0.009069] ACPI: FACS 0x000000003FFE0000 000040
[    0.009421] ACPI: APIC 0x000000003FFE25EC 000170 (v03 BOCHS  BXPC     00000001 BXPC 00000001)
[    0.010066] ACPI: HPET 0x000000003FFE275C 000038 (v01 BOCHS  BXPC     00000001 BXPC 00000001)
[    0.010712] ACPI: WAET 0x000000003FFE2794 000028 (v01 BOCHS  BXPC     00000001 BXPC 00000001)
[    0.011358] ACPI: Reserving FACP table memory at [mem 0x3ffe2578-0x3ffe25eb]
[    0.011893] ACPI: Reserving DSDT table memory at [mem 0x3ffe0040-0x3ffe2577]
[    0.012427] ACPI: Reserving FACS table memory at [mem 0x3ffe0000-0x3ffe003f]
[    0.012959] ACPI: Reserving APIC table memory at [mem 0x3ffe25ec-0x3ffe275b]
[    0.013493] ACPI: Reserving HPET table memory at [mem 0x3ffe275c-0x3ffe2793]
[    0.014024] ACPI: Reserving WAET table memory at [mem 0x3ffe2794-0x3ffe27bb]
[    0.014703] No NUMA configuration found
[    0.014992] Faking a node at [mem 0x0000000000000000-0x000000003ffdffff]
[    0.015500] NODE_DATA(0) allocated [mem 0x3ffdb000-0x3ffdffff]
[    0.015952] Zone ranges:
[    0.016144]   DMA      [mem 0x0000000000001000-0x0000000000ffffff]
[    0.016611]   DMA32    [mem 0x0000000001000000-0x000000003ffdffff]
[    0.017078]   Normal   empty
[    0.017295]   Device   empty
[    0.017517] Movable zone start for each node
[    0.017840] Early memory node ranges
[    0.018109]   node   0: [mem 0x0000000000001000-0x000000000009efff]
[    0.018586]   node   0: [mem 0x0000000000100000-0x000000003ffdffff]
[    0.019064] Initmem setup node 0 [mem 0x0000000000001000-0x000000003ffdffff]
[    0.019605] On node 0, zone DMA: 1 pages in unavailable ranges
[    0.020060] On node 0, zone DMA: 97 pages in unavailable ranges
[    0.021502] On node 0, zone DMA32: 32 pages in unavailable ranges
[    0.022175] ACPI: PM-Timer IO Port: 0x608
[    0.022483] ACPI: LAPIC_NMI (acpi_id[0xff] dfl dfl lint[0x1])
[    0.022935] IOAPIC[0]: apic_id 0, version 17, address 0xfec00000, GSI 0-23
[    0.023458] ACPI: INT_SRC_OVR (bus 0 bus_irq 0 global_irq 2 dfl dfl)
[    0.023939] ACPI: INT_SRC_OVR (bus 0 bus_irq 5 global_irq 5 high level)
[    0.024439] ACPI: INT_SRC_OVR (bus 0 bus_irq 9 global_irq 9 high level)
[    0.024940] ACPI: INT_SRC_OVR (bus 0 bus_irq 10 global_irq 10 high level)
[    0.025457] ACPI: INT_SRC_OVR (bus 0 bus_irq 11 global_irq 11 high level)
[    0.025972] ACPI: Using ACPI (MADT) for SMP configuration information
[    0.026458] ACPI: HPET id: 0x8086a201 base: 0xfed00000
[    0.026848] TSC deadline timer available
[    0.027147] CPU topo: Max. logical packages:   1
[    0.027497] CPU topo: Max. logical dies:       1
[    0.027846] CPU topo: Max. dies per package:   1
[    0.028198] CPU topo: Max. threads per core:   1
[    0.028548] CPU topo: Num. cores per package:    32
[    0.028917] CPU topo: Num. threads per package:  32
[    0.029285] CPU topo: Allowing 32 present CPUs plus 0 hotplug CPUs
[    0.029765] kvm-guest: APIC: eoi() replaced with kvm_guest_apic_eoi_write()
[    0.030299] kvm-guest: KVM setup pv remote TLB flush
[    0.030677] kvm-guest: setup PV sched yield
[    0.030996] PM: hibernation: Registered nosave memory: [mem 0x00000000-0x00000fff]
[    0.031570] PM: hibernation: Registered nosave memory: [mem 0x0009f000-0x0009ffff]
[    0.032143] PM: hibernation: Registered nosave memory: [mem 0x000a0000-0x000effff]
[    0.032716] PM: hibernation: Registered nosave memory: [mem 0x000f0000-0x000fffff]
[    0.033289] [mem 0x40000000-0xfeffbfff] available for PCI devices
[    0.033753] Booting paravirtualized kernel on KVM
[    0.034109] clocksource: refined-jiffies: mask: 0xffffffff max_cycles: 0xffffffff, max_idle_ns: 1910969940391419 ns
[    0.037981] setup_percpu: NR_CPUS:64 nr_cpumask_bits:32 nr_cpu_ids:32 nr_node_ids:1
[    0.039220] percpu: Embedded 58 pages/cpu s198952 r8192 d30424 u262144
[    0.039752] Kernel command line: virtme_hostname=virtme-ng nr_open=1048576 virtme_link_mods=/nipa-data/kernel/.virtme_mods/lib/modules/0.0.0 virtme_initmount0=nipa-data/kernel virtme_rw_overlay0=/etc virtme_rw_overlay1=/lib virtme_rw_overlay2=/home virtme_rw_overlay3=/opt virtme_rw_overlay4=/srv virtme_rw_overlay5=/usr virtme_rw_overlay6=/var console=hvc0 earlyprintk=serial,ttyS0,115200 virtme_console=ttyS0 psmouse.proto=exps TERM=xterm virtme_chdir=nipa-data/kernel virtme_root_user=1 rootfstype=9p rootflags=version=9p2000.L,trans=virtio,access=any raid=noautodetect ro init=/usr/lib/python3.12/site-packages/virtme/guest/virtme-init
[    0.044268] Unknown kernel command line parameters "virtme_hostname=virtme-ng nr_open=1048576 virtme_link_mods=/nipa-data/kernel/.virtme_mods/lib/modules/0.0.0 virtme_initmount0=nipa-data/kernel virtme_rw_overlay0=/etc virtme_rw_overlay1=/lib virtme_rw_overlay2=/home virtme_rw_overlay3=/opt virtme_rw_overlay4=/srv virtme_rw_overlay5=/usr virtme_rw_overlay6=/var virtme_console=ttyS0 virtme_chdir=nipa-data/kernel virtme_root_user=1", will be passed to user space.
[    0.047690] random: crng init done
[    0.047999] Dentry cache hash table entries: 131072 (order: 8, 1048576 bytes, linear)
[    0.048629] Inode-cache hash table entries: 65536 (order: 7, 524288 bytes, linear)
[    0.049325] Fallback order for Node 0: 0 
[    0.049327] Built 1 zonelists, mobility grouping on.  Total pages: 257760
[    0.050187] Policy zone: DMA32
[    0.050425] mem auto-init: stack:all(zero), heap alloc:off, heap free:off
[    0.051760] Memory: 986612K/1048056K available (16384K kernel code, 2403K rwdata, 6108K rodata, 3056K init, 2100K bss, 61184K reserved, 0K cma-reserved)
[    0.052892] SLUB: HWalign=64, Order=0-3, MinObjects=0, CPUs=32, Nodes=1
Poking KASLR using RDRAND RDTSC...
[    0.053866] ftrace: allocating 47620 entries in 187 pages
[    0.061465] ftrace: allocated 187 pages with 6 groups
[    0.062670] Dynamic Preempt: voluntary
[    0.063193] rcu: Preemptible hierarchical RCU implementation.
[    0.063745] rcu: RCU event tracing is enabled.
[    0.064179] rcu: RCU restricting CPUs from NR_CPUS=64 to nr_cpu_ids=32.
[    0.064828] Trampoline variant of Tasks RCU enabled.
[    0.065318] Rude variant of Tasks RCU enabled.
[    0.065761] Tracing variant of Tasks RCU enabled.
[    0.066226] rcu: RCU calculated value of scheduler-enlistment delay is 100 jiffies.
[    0.066977] rcu: Adjusting geometry for rcu_fanout_leaf=16, nr_cpu_ids=32
[    0.067645] RCU Tasks: Setting shift to 5 and lim to 1 rcu_task_cb_adjust=1.
[    0.068331] RCU Tasks Rude: Setting shift to 5 and lim to 1 rcu_task_cb_adjust=1.
[    0.069046] RCU Tasks Trace: Setting shift to 5 and lim to 1 rcu_task_cb_adjust=1.
[    0.071770] NR_IRQS: 4352, nr_irqs: 680, preallocated irqs: 16
[    0.072516] rcu: srcu_init: Setting srcu_struct sizes based on contention.
[    0.073345] Console: colour *CGA 80x25
[    0.073723] ACPI: Core revision 20230628
[    0.074188] clocksource: hpet: mask: 0xffffffff max_cycles: 0xffffffff, max_idle_ns: 19112604467 ns
[    0.075136] APIC: Switch to symmetric I/O mode setup
[    0.075636] APIC: Switched APIC routing to: physical flat
[    0.076184] kvm-guest: APIC: send_IPI_mask() replaced with kvm_send_ipi_mask()
[    0.076878] kvm-guest: APIC: send_IPI_mask_allbutself() replaced with kvm_send_ipi_mask_allbutself()
[    0.077725] kvm-guest: setup PV IPIs
[    0.079011] ..TIMER: vector=0x30 apic1=0 pin1=2 apic2=-1 pin2=-1
[    0.080090] tsc: Marking TSC unstable due to TSCs unsynchronized
[    0.081183] Calibrating delay loop (skipped) preset value.. 8983.11 BogoMIPS (lpj=4491556)
[    0.082257] x86/cpu: User Mode Instruction Prevention (UMIP) activated
[    0.083242] Last level iTLB entries: 4KB 512, 2MB 255, 4MB 127
[    0.084182] Last level dTLB entries: 4KB 512, 2MB 255, 4MB 127, 1GB 0
[    0.085186] Spectre V1 : Mitigation: usercopy/swapgs barriers and __user pointer sanitization
[    0.086186] Spectre V2 : Mitigation: Enhanced / Automatic IBRS
[    0.087182] Spectre V2 : Spectre v2 / SpectreRSB mitigation: Filling RSB on context switch
[    0.089183] Spectre V2 : mitigation: Enabling conditional Indirect Branch Prediction Barrier
[    0.090184] Speculative Store Bypass: Mitigation: Speculative Store Bypass disabled via prctl
[    0.091182] Speculative Return Stack Overflow: IBPB-extending microcode not applied!
[    0.092182] Speculative Return Stack Overflow: WARNING: See https://kernel.org/doc/html/latest/admin-guide/hw-vuln/srso.html for mitigation options.
[    0.092183] Speculative Return Stack Overflow: Vulnerable: Safe RET, no microcode
[    0.094201] x86/fpu: Supporting XSAVE feature 0x001: 'x87 floating point registers'
[    0.095182] x86/fpu: Supporting XSAVE feature 0x002: 'SSE registers'
[    0.096182] x86/fpu: Supporting XSAVE feature 0x004: 'AVX registers'
[    0.097182] x86/fpu: Supporting XSAVE feature 0x020: 'AVX-512 opmask'
[    0.098182] x86/fpu: Supporting XSAVE feature 0x040: 'AVX-512 Hi256'
[    0.099182] x86/fpu: Supporting XSAVE feature 0x080: 'AVX-512 ZMM_Hi256'
[    0.100182] x86/fpu: Supporting XSAVE feature 0x200: 'Protection Keys User registers'
[    0.101182] x86/fpu: xstate_offset[2]:  576, xstate_sizes[2]:  256
[    0.102182] x86/fpu: xstate_offset[5]:  832, xstate_sizes[5]:   64
[    0.103182] x86/fpu: xstate_offset[6]:  896, xstate_sizes[6]:  512
[    0.104007] x86/fpu: xstate_offset[7]: 1408, xstate_sizes[7]: 1024
[    0.104182] x86/fpu: xstate_offset[9]: 2432, xstate_sizes[9]:    8
[    0.105181] x86/fpu: Enabled xstate features 0x2e7, context size is 2440 bytes, using 'compacted' format.
[    0.122171] Freeing SMP alternatives memory: 40K
[    0.122183] pid_max: default: 32768 minimum: 301
[    0.123215] Mount-cache hash table entries: 2048 (order: 2, 16384 bytes, linear)
[    0.124183] Mountpoint-cache hash table entries: 2048 (order: 2, 16384 bytes, linear)
[    0.125381] smpboot: CPU0: AMD Ryzen 9 7950X 16-Core Processor (family: 0x19, model: 0x61, stepping: 0x2)
[    0.126299] Performance Events: Fam17h+ core perfctr, AMD PMU driver.
[    0.127186] ... version:                0
[    0.127718] ... bit width:              48
[    0.128183] ... generic registers:      6
[    0.128709] ... value mask:             0000ffffffffffff
[    0.129183] ... max period:             00007fffffffffff
[    0.129899] ... fixed-purpose events:   0
[    0.130183] ... event mask:             000000000000003f
[    0.130989] signal: max sigframe size: 3376
[    0.131201] rcu: Hierarchical SRCU implementation.
[    0.131841] rcu: Max phase no-delay instances is 400.
[    0.134499] smp: Bringing up secondary CPUs ...
[    0.135187] smpboot: x86: Booting SMP configuration:
[    0.135865] .... node  #0, CPUs:        #1  #2  #3  #4  #5  #6  #7  #8  #9 #10 #11 #12 #13 #14 #15 #16 #17 #18 #19 #20 #21 #22 #23 #24 #25 #26 #27 #28 #29 #30 #31
[    0.152376] smp: Brought up 1 node, 32 CPUs
[    0.153724] smpboot: Total of 32 processors activated (287459.58 BogoMIPS)
[    0.157250] devtmpfs: initialized
[    0.157640] x86/mm: Memory block size: 128MB
[    0.158996] clocksource: jiffies: mask: 0xffffffff max_cycles: 0xffffffff, max_idle_ns: 1911260446275000 ns
[    0.159185] futex hash table entries: 8192 (order: 7, 524288 bytes, linear)
[    0.160153] PM: RTC time: 00:06:48, date: 2024-05-03
[    0.160556] NET: Registered PF_NETLINK/PF_ROUTE protocol family
[    0.161303] thermal_sys: Registered thermal governor 'step_wise'
[    0.161305] thermal_sys: Registered thermal governor 'user_space'
[    0.162095] cpuidle: using governor menu
[    0.163445] PCI: Using configuration type 1 for base access
[    0.164190] PCI: Using configuration type 1 for extended access
[    0.165005] kprobes: kprobe jump-optimization is enabled. All kprobes are optimized if possible.
[    0.179469] HugeTLB: registered 1.00 GiB page size, pre-allocated 0 pages
[    0.180183] HugeTLB: 16380 KiB vmemmap can be freed for a 1.00 GiB page
[    0.181029] HugeTLB: registered 2.00 MiB page size, pre-allocated 0 pages
[    0.181183] HugeTLB: 28 KiB vmemmap can be freed for a 2.00 MiB page
[    0.182039] Demotion targets for Node 0: null
[    0.182218] ACPI: Added _OSI(Module Device)
[    0.182760] ACPI: Added _OSI(Processor Device)
[    0.183183] ACPI: Added _OSI(3.0 _SCP Extensions)
[    0.183787] ACPI: Added _OSI(Processor Aggregator Device)
[    0.184878] ACPI: 1 ACPI AML tables successfully acquired and loaded
[    0.185736] ACPI: _OSC evaluation for CPUs failed, trying _PDC
[    0.186316] ACPI: Interpreter enabled
[    0.186789] ACPI: PM: (supports S0 S3 S4 S5)
[    0.187183] ACPI: Using IOAPIC for interrupt routing
[    0.187828] PCI: Using host bridge windows from ACPI; if necessary, use "pci=nocrs" and report a bug
[    0.188183] PCI: Using E820 reservations for host bridge windows
[    0.189028] ACPI: Enabled 2 GPEs in block 00 to 0F
[    0.191851] ACPI: PCI Root Bridge [PCI0] (domain 0000 [bus 00-ff])
[    0.192186] acpi PNP0A03:00: _OSC: OS supports [ExtendedConfig ASPM ClockPM Segments MSI HPX-Type3]
[    0.193270] PCI host bridge to bus 0000:00
[    0.193790] pci_bus 0000:00: root bus resource [io  0x0000-0x0cf7 window]
[    0.194183] pci_bus 0000:00: root bus resource [io  0x0d00-0xffff window]
[    0.195051] pci_bus 0000:00: root bus resource [mem 0x000a0000-0x000bffff window]
[    0.195183] pci_bus 0000:00: root bus resource [mem 0x40000000-0xfebfffff window]
[    0.196138] pci_bus 0000:00: root bus resource [mem 0x100000000-0x17fffffff window]
[    0.196183] pci_bus 0000:00: root bus resource [bus 00-ff]
[    0.196966] pci 0000:00:00.0: [8086:1237] type 00 class 0x060000 conventional PCI endpoint
[    0.197432] pci 0000:00:01.0: [8086:7000] type 00 class 0x060100 conventional PCI endpoint
[    0.198501] pci 0000:00:01.1: [8086:7010] type 00 class 0x010180 conventional PCI endpoint
[    0.201422] pci 0000:00:01.1: BAR 4 [io  0xc0c0-0xc0cf]
[    0.202922] pci 0000:00:01.1: BAR 0 [io  0x01f0-0x01f7]: legacy IDE quirk
[    0.203184] pci 0000:00:01.1: BAR 1 [io  0x03f6]: legacy IDE quirk
[    0.203974] pci 0000:00:01.1: BAR 2 [io  0x0170-0x0177]: legacy IDE quirk
[    0.204183] pci 0000:00:01.1: BAR 3 [io  0x0376]: legacy IDE quirk
[    0.205065] pci 0000:00:01.3: [8086:7113] type 00 class 0x068000 conventional PCI endpoint
[    0.205423] pci 0000:00:01.3: quirk: [io  0x0600-0x063f] claimed by PIIX4 ACPI
[    0.206187] pci 0000:00:01.3: quirk: [io  0x0700-0x070f] claimed by PIIX4 SMB
[    0.207347] pci 0000:00:02.0: [1af4:1009] type 00 class 0x000200 conventional PCI endpoint
[    0.209183] pci 0000:00:02.0: BAR 0 [io  0xc000-0xc03f]
[    0.210888] pci 0000:00:02.0: BAR 1 [mem 0xfebfc000-0xfebfcfff]
[    0.214183] pci 0000:00:02.0: BAR 4 [mem 0xfebf0000-0xfebf3fff 64bit pref]
[    0.216804] pci 0000:00:03.0: [1af4:1009] type 00 class 0x000200 conventional PCI endpoint
[    0.218183] pci 0000:00:03.0: BAR 0 [io  0xc040-0xc07f]
[    0.219889] pci 0000:00:03.0: BAR 1 [mem 0xfebfd000-0xfebfdfff]
[    0.224184] pci 0000:00:03.0: BAR 4 [mem 0xfebf4000-0xfebf7fff 64bit pref]
[    0.226447] pci 0000:00:04.0: [8086:25ab] type 00 class 0x088000 conventional PCI endpoint
[    0.227726] pci 0000:00:04.0: BAR 0 [mem 0xfebfe000-0xfebfe00f]
[    0.231076] pci 0000:00:05.0: [1af4:1003] type 00 class 0x078000 conventional PCI endpoint
[    0.232184] pci 0000:00:05.0: BAR 0 [io  0xc080-0xc0bf]
[    0.233884] pci 0000:00:05.0: BAR 1 [mem 0xfebff000-0xfebfffff]
[    0.237184] pci 0000:00:05.0: BAR 4 [mem 0xfebf8000-0xfebfbfff 64bit pref]
[    0.240446] ACPI: PCI: Interrupt link LNKA configured for IRQ 10
[    0.241292] ACPI: PCI: Interrupt link LNKB configured for IRQ 10
[    0.242179] ACPI: PCI: Interrupt link LNKC configured for IRQ 11
[    0.242280] ACPI: PCI: Interrupt link LNKD configured for IRQ 11
[    0.243116] ACPI: PCI: Interrupt link LNKS configured for IRQ 9
[    0.244077] iommu: Default domain type: Translated
[    0.244183] iommu: DMA domain TLB invalidation policy: lazy mode
[    0.245003] SCSI subsystem initialized
[    0.245215] pps_core: LinuxPPS API ver. 1 registered
[    0.245859] pps_core: Software ver. 5.3.6 - Copyright 2005-2007 Rodolfo Giometti <giometti@linux.it>
[    0.246185] PTP clock support registered
[    0.246715] Advanced Linux Sound Architecture Driver Initialized.
[    0.247501] NET: Registered PF_ATMPVC protocol family
[    0.248146] NET: Registered PF_ATMSVC protocol family
[    0.248187] PCI: Using ACPI for IRQ routing
[    0.248799] vgaarb: loaded
[    0.249228] hpet0: at MMIO 0xfed00000, IRQs 2, 8, 0
[    0.249862] hpet0: 3 comparators, 64-bit 100.000000 MHz counter
[    0.254991] clocksource: Switched to clocksource kvm-clock
[    0.255818] VFS: Disk quotas dquot_6.6.0
[    0.256391] VFS: Dquot-cache hash table entries: 512 (order 0, 4096 bytes)
[    0.257307] pnp: PnP ACPI init
[    0.257877] pnp: PnP ACPI: found 5 devices
[    0.265508] clocksource: acpi_pm: mask: 0xffffff max_cycles: 0xffffff, max_idle_ns: 2085701024 ns
[    0.266670] NET: Registered PF_INET protocol family
[    0.267310] IP idents hash table entries: 16384 (order: 5, 131072 bytes, linear)
[    0.268405] tcp_listen_portaddr_hash hash table entries: 512 (order: 1, 8192 bytes, linear)
[    0.269468] Table-perturb hash table entries: 65536 (order: 6, 262144 bytes, linear)
[    0.270457] TCP established hash table entries: 8192 (order: 4, 65536 bytes, linear)
[    0.271464] TCP bind hash table entries: 8192 (order: 6, 262144 bytes, linear)
[    0.272485] TCP: Hash tables configured (established 8192 bind 8192)
[    0.273313] UDP hash table entries: 512 (order: 2, 16384 bytes, linear)
[    0.274158] UDP-Lite hash table entries: 512 (order: 2, 16384 bytes, linear)
[    0.275081] NET: Registered PF_UNIX/PF_LOCAL protocol family
[    0.275808] pci_bus 0000:00: resource 4 [io  0x0000-0x0cf7 window]
[    0.276597] pci_bus 0000:00: resource 5 [io  0x0d00-0xffff window]
[    0.277384] pci_bus 0000:00: resource 6 [mem 0x000a0000-0x000bffff window]
[    0.278259] pci_bus 0000:00: resource 7 [mem 0x40000000-0xfebfffff window]
[    0.279133] pci_bus 0000:00: resource 8 [mem 0x100000000-0x17fffffff window]
[    0.280056] pci 0000:00:01.0: PIIX3: Enabling Passive Release
[    0.280789] pci 0000:00:00.0: Limiting direct PCI/PCI transfers
[    0.281577] PCI: CLS 0 bytes, default 64
[    0.282125] kvm_intel: VMX not supported by CPU 0
[    0.282739] kvm_amd: TSC scaling supported
[    0.283271] kvm_amd: Nested Virtualization enabled
[    0.284218] kvm_amd: Nested Paging enabled
[    0.284743] kvm_amd: Virtual VMLOAD VMSAVE supported
[    0.285379] kvm_amd: Virtual GIF supported
[    0.285894] kvm_amd: Virtual NMI enabled
[    0.286392] kvm_amd: LBR virtualization supported
[    0.380022] Initialise system trusted keyrings
[    0.380680] workingset: timestamp_bits=56 max_order=18 bucket_order=0
[    0.381551] squashfs: version 4.0 (2009/01/31) Phillip Lougher
[    0.382320] fuse: init (API version 7.40)
[    0.382879] 9p: Installing v9fs 9p2000 file system support
[    0.390060] Key type asymmetric registered
[    0.390591] Asymmetric key parser 'x509' registered
[    0.391237] Block layer SCSI generic (bsg) driver version 0.4 loaded (major 249)
[    0.392208] io scheduler mq-deadline registered
[    0.392789] io scheduler kyber registered
[    0.394341] input: Power Button as /devices/LNXSYSTM:00/LNXPWRBN:00/input/input0
[    0.395348] ACPI: button: Power Button [PWRF]
[    0.395934] Warning: Processor Platform Limit event detected, but not handled.
[    0.396864] Consider compiling CPUfreq support into your kernel.
[    0.413996] ACPI: \_SB_.LNKB: Enabled at IRQ 10
[    0.430929] ACPI: \_SB_.LNKC: Enabled at IRQ 11
[    0.447871] ACPI: \_SB_.LNKA: Enabled at IRQ 10
[    0.449058] Serial: 8250/16550 driver, 4 ports, IRQ sharing enabled
[    0.449976] 00:03: ttyS0 at I/O 0x3f8 (irq = 4, base_baud = 115200) is a 16550A
[    0.481578] Non-volatile memory driver v1.3
[    0.482380] Linux agpgart interface v0.103
[    0.482423] ACPI: bus type drm_connector registered
[    0.483545] printk: legacy console [hvc0] enabled
[    0.484150] printk: legacy bootconsole [earlyser0] disabled
          _      _                                    
   __   _(_)_ __| |_ _ __ ___   ___       _ __   __ _ 
   \ \ / / |  __| __|  _   _ \ / _ \_____|  _ \ / _  |
    \ V /| | |  | |_| | | | | |  __/_____| | | | (_| |
     \_/ |_|_|   \__|_| |_| |_|\___|     |_| |_|\__  |
                                                |___/ 
   kernel version: 6.9.0-rc6-virtme x86_64
   (CTRL+d to exit)

virtme-ng:/nipa-data/kernel# PS1='xx__-> '
xx__-> env
PWD=/nipa-data/kernel
nr_open=1048576
HOME=/root
TERM=xterm
SHLVL=2
XDG_RUNTIME_DIR=/run/user/0
PATH=/bin:/sbin:/usr/bin:/usr/sbin:/usr/local/bin
OLDPWD=/
_=/usr/bin/env
xx__-> 