No EFI environment detected.
early console in extract_kernel
input_data: 0x00000000030612b9
input_len: 0x0000000000b82dca
output: 0x0000000001000000
output_len: 0x000000000252f348
kernel_total_size: 0x0000000002c30000
needed_size: 0x0000000002e00000
trampoline_32bit: 0x0000000000000000
Physical KASLR using RDRAND RDTSC...
Virtual KASLR using RDRAND RDTSC...

Decompressing Linux... Parsing ELF... Performing relocations... done.
Booting the kernel (entry_offset: 0x0000000000000000).
[    0.000000] Linux version 6.8.0-rc3-virtme (root@0c52e4282f3f) (gcc (Alpine 13.2.1_git20231014) 13.2.1 20231014, GNU ld (GNU Binutils) 2.41) #1 SMP PREEMPT_DYNAMIC Fri Feb  9 06:06:08 UTC 2024
[    0.000000] Command line: virtme_hostname=virtme-ng virtme_link_mods=/nipa-data/kernel/.virtme_mods/lib/modules/0.0.0 virtme_initmount0=nipa-data/kernel virtme_rw_overlay0=/etc virtme_rw_overlay1=/lib virtme_rw_overlay2=/home virtme_rw_overlay3=/opt virtme_rw_overlay4=/srv virtme_rw_overlay5=/usr virtme_rw_overlay6=/var earlyprintk=serial,ttyS0,115200 console=ttyS0 psmouse.proto=exps virtme_chdir=nipa-data/kernel virtme_root_user=1 rootfstype=9p rootflags=version=9p2000.L,trans=virtio,access=any raid=noautodetect ro init=/usr/lib/python3.11/site-packages/virtme/guest/virtme-init
[    0.000000] BIOS-provided physical RAM map:
[    0.000000] BIOS-e820: [mem 0x0000000000000000-0x000000000009fbff] usable
[    0.000000] BIOS-e820: [mem 0x000000000009fc00-0x000000000009ffff] reserved
[    0.000000] BIOS-e820: [mem 0x00000000000f0000-0x00000000000fffff] reserved
[    0.000000] BIOS-e820: [mem 0x0000000000100000-0x000000003ffdffff] usable
[    0.000000] BIOS-e820: [mem 0x000000003ffe0000-0x000000003fffffff] reserved
[    0.000000] BIOS-e820: [mem 0x00000000feffc000-0x00000000feffffff] reserved
[    0.000000] BIOS-e820: [mem 0x00000000fffc0000-0x00000000ffffffff] reserved
[    0.000000] BIOS-e820: [mem 0x000000fd00000000-0x000000ffffffffff] reserved
[    0.000000] printk: legacy bootconsole [earlyser0] enabled
[    0.000000] NX (Execute Disable) protection: active
[    0.000000] APIC: Static calls initialized
[    0.000000] SMBIOS 3.0.0 present.
[    0.000000] DMI: QEMU Standard PC (i440FX + PIIX, 1996), BIOS rel-1.16.3-0-ga6ed6b701f0a-prebuilt.qemu.org 04/01/2014
[    0.000000] Hypervisor detected: KVM
[    0.000000] kvm-clock: Using msrs 4b564d01 and 4b564d00
[    0.000000] kvm-clock: using sched offset of 254355295 cycles
[    0.000395] clocksource: kvm-clock: mask: 0xffffffffffffffff max_cycles: 0x1cd42e4dffb, max_idle_ns: 881590591483 ns
[    0.001680] tsc: Detected 4491.536 MHz processor
[    0.002303] last_pfn = 0x3ffe0 max_arch_pfn = 0x400000000
[    0.002737] MTRR map: 4 entries (3 fixed + 1 variable; max 19), built from 8 variable MTRRs
[    0.003368] x86/PAT: Configuration [0-7]: WB  WC  UC- UC  WB  WP  UC- WT  
Memory KASLR using RDRAND RDTSC...
[    0.005483] found SMP MP-table at [mem 0x000f5470-0x000f547f]
[    0.005926] Using GB pages for direct mapping
[    0.006316] ACPI: Early table checksum verification disabled
[    0.006745] ACPI: RSDP 0x00000000000F5290 000014 (v00 BOCHS )
[    0.007189] ACPI: RSDT 0x000000003FFE27B6 000034 (v01 BOCHS  BXPC     00000001 BXPC 00000001)
[    0.007843] ACPI: FACP 0x000000003FFE2572 000074 (v01 BOCHS  BXPC     00000001 BXPC 00000001)
[    0.008489] ACPI: DSDT 0x000000003FFE0040 002532 (v01 BOCHS  BXPC     00000001 BXPC 00000001)
[    0.009135] ACPI: FACS 0x000000003FFE0000 000040
[    0.009484] ACPI: APIC 0x000000003FFE25E6 000170 (v03 BOCHS  BXPC     00000001 BXPC 00000001)
[    0.010129] ACPI: HPET 0x000000003FFE2756 000038 (v01 BOCHS  BXPC     00000001 BXPC 00000001)
[    0.010792] ACPI: WAET 0x000000003FFE278E 000028 (v01 BOCHS  BXPC     00000001 BXPC 00000001)
[    0.011436] ACPI: Reserving FACP table memory at [mem 0x3ffe2572-0x3ffe25e5]
[    0.011968] ACPI: Reserving DSDT table memory at [mem 0x3ffe0040-0x3ffe2571]
[    0.012500] ACPI: Reserving FACS table memory at [mem 0x3ffe0000-0x3ffe003f]
[    0.013031] ACPI: Reserving APIC table memory at [mem 0x3ffe25e6-0x3ffe2755]
[    0.013563] ACPI: Reserving HPET table memory at [mem 0x3ffe2756-0x3ffe278d]
[    0.014096] ACPI: Reserving WAET table memory at [mem 0x3ffe278e-0x3ffe27b5]
[    0.014772] No NUMA configuration found
[    0.015062] Faking a node at [mem 0x0000000000000000-0x000000003ffdffff]
[    0.015571] NODE_DATA(0) allocated [mem 0x3ffdb000-0x3ffdffff]
[    0.016024] Zone ranges:
[    0.016215]   DMA      [mem 0x0000000000001000-0x0000000000ffffff]
[    0.016684]   DMA32    [mem 0x0000000001000000-0x000000003ffdffff]
[    0.017152]   Normal   empty
[    0.017370]   Device   empty
[    0.017588] Movable zone start for each node
[    0.017913] Early memory node ranges
[    0.018182]   node   0: [mem 0x0000000000001000-0x000000000009efff]
[    0.018655]   node   0: [mem 0x0000000000100000-0x000000003ffdffff]
[    0.019127] Initmem setup node 0 [mem 0x0000000000001000-0x000000003ffdffff]
[    0.019662] On node 0, zone DMA: 1 pages in unavailable ranges
[    0.020114] On node 0, zone DMA: 97 pages in unavailable ranges
[    0.021516] On node 0, zone DMA32: 32 pages in unavailable ranges
[    0.022175] ACPI: PM-Timer IO Port: 0x608
[    0.022481] ACPI: LAPIC_NMI (acpi_id[0xff] dfl dfl lint[0x1])
[    0.022933] IOAPIC[0]: apic_id 0, version 17, address 0xfec00000, GSI 0-23
[    0.023455] ACPI: INT_SRC_OVR (bus 0 bus_irq 0 global_irq 2 dfl dfl)
[    0.023956] ACPI: INT_SRC_OVR (bus 0 bus_irq 5 global_irq 5 high level)
[    0.024456] ACPI: INT_SRC_OVR (bus 0 bus_irq 9 global_irq 9 high level)
[    0.024956] ACPI: INT_SRC_OVR (bus 0 bus_irq 10 global_irq 10 high level)
[    0.025468] ACPI: INT_SRC_OVR (bus 0 bus_irq 11 global_irq 11 high level)
[    0.025990] ACPI: Using ACPI (MADT) for SMP configuration information
[    0.026475] ACPI: HPET id: 0x8086a201 base: 0xfed00000
[    0.026864] TSC deadline timer available
[    0.027159] smpboot: Allowing 32 CPUs, 0 hotplug CPUs
[    0.027585] kvm-guest: APIC: eoi() replaced with kvm_guest_apic_eoi_write()
[    0.028125] kvm-guest: KVM setup pv remote TLB flush
[    0.028501] kvm-guest: setup PV sched yield
[    0.028822] PM: hibernation: Registered nosave memory: [mem 0x00000000-0x00000fff]
[    0.029393] PM: hibernation: Registered nosave memory: [mem 0x0009f000-0x0009ffff]
[    0.029978] PM: hibernation: Registered nosave memory: [mem 0x000a0000-0x000effff]
[    0.030551] PM: hibernation: Registered nosave memory: [mem 0x000f0000-0x000fffff]
[    0.031121] [mem 0x40000000-0xfeffbfff] available for PCI devices
[    0.031599] Booting paravirtualized kernel on KVM
[    0.031954] clocksource: refined-jiffies: mask: 0xffffffff max_cycles: 0xffffffff, max_idle_ns: 1910969940391419 ns
[    0.035709] setup_percpu: NR_CPUS:64 nr_cpumask_bits:32 nr_cpu_ids:32 nr_node_ids:1
[    0.036907] percpu: Embedded 58 pages/cpu s199840 r8192 d29536 u262144
[    0.037435] Kernel command line: virtme_hostname=virtme-ng virtme_link_mods=/nipa-data/kernel/.virtme_mods/lib/modules/0.0.0 virtme_initmount0=nipa-data/kernel virtme_rw_overlay0=/etc virtme_rw_overlay1=/lib virtme_rw_overlay2=/home virtme_rw_overlay3=/opt virtme_rw_overlay4=/srv virtme_rw_overlay5=/usr virtme_rw_overlay6=/var earlyprintk=serial,ttyS0,115200 console=ttyS0 psmouse.proto=exps virtme_chdir=nipa-data/kernel virtme_root_user=1 rootfstype=9p rootflags=version=9p2000.L,trans=virtio,access=any raid=noautodetect ro init=/usr/lib/python3.11/site-packages/virtme/guest/virtme-init
[    0.041514] Unknown kernel command line parameters "virtme_hostname=virtme-ng virtme_link_mods=/nipa-data/kernel/.virtme_mods/lib/modules/0.0.0 virtme_initmount0=nipa-data/kernel virtme_rw_overlay0=/etc virtme_rw_overlay1=/lib virtme_rw_overlay2=/home virtme_rw_overlay3=/opt virtme_rw_overlay4=/srv virtme_rw_overlay5=/usr virtme_rw_overlay6=/var virtme_chdir=nipa-data/kernel virtme_root_user=1", will be passed to user space.
[    0.044638] random: crng init done
[    0.044933] Dentry cache hash table entries: 131072 (order: 8, 1048576 bytes, linear)
[    0.045560] Inode-cache hash table entries: 65536 (order: 7, 524288 bytes, linear)
[    0.046249] Fallback order for Node 0: 0 
[    0.046252] Built 1 zonelists, mobility grouping on.  Total pages: 257760
[    0.047107] Policy zone: DMA32
[    0.047344] mem auto-init: stack:all(zero), heap alloc:off, heap free:off
[    0.049367] Memory: 976380K/1048056K available (16384K kernel code, 2558K rwdata, 6072K rodata, 3156K init, 12004K bss, 71416K reserved, 0K cma-reserved)
[    0.050486] SLUB: HWalign=64, Order=0-3, MinObjects=0, CPUs=32, Nodes=1
Poking KASLR using RDRAND RDTSC...
[    0.051275] ftrace: allocating 46566 entries in 182 pages
[    0.058366] ftrace: allocated 182 pages with 5 groups
[    0.059619] Dynamic Preempt: voluntary
[    0.060129] Running RCU self tests
[    0.060396] Running RCU synchronous self tests
[    0.060747] rcu: Preemptible hierarchical RCU implementation.
[    0.061193] rcu: RCU event tracing is enabled.
[    0.061555] rcu: RCU lockdep checking is enabled.
[    0.061931] rcu: RCU restricting CPUs from NR_CPUS=64 to nr_cpu_ids=32.
[    0.062452] Trampoline variant of Tasks RCU enabled.
[    0.062844] Rude variant of Tasks RCU enabled.
[    0.063196] Tracing variant of Tasks RCU enabled.
[    0.063567] rcu: RCU calculated value of scheduler-enlistment delay is 100 jiffies.
[    0.064162] rcu: Adjusting geometry for rcu_fanout_leaf=16, nr_cpu_ids=32
[    0.064713] Running RCU synchronous self tests
[    0.066679] NR_IRQS: 4352, nr_irqs: 680, preallocated irqs: 16
[    0.067323] rcu: srcu_init: Setting srcu_struct sizes based on contention.
[    0.068064] Console: colour *CGA 80x25
[    0.068381] printk: legacy console [ttyS0] enabled
[    0.068381] printk: legacy console [ttyS0] enabled
[    0.069126] printk: legacy bootconsole [earlyser0] disabled
[    0.069126] printk: legacy bootconsole [earlyser0] disabled
[    0.069996] Lock dependency validator: Copyright (c) 2006 Red Hat, Inc., Ingo Molnar
[    0.070597] ... MAX_LOCKDEP_SUBCLASSES:  8
[    0.070917] ... MAX_LOCK_DEPTH:          48
[    0.071244] ... MAX_LOCKDEP_KEYS:        8192
[    0.071584] ... CLASSHASH_SIZE:          4096
[    0.071925] ... MAX_LOCKDEP_ENTRIES:     32768
[    0.072272] ... MAX_LOCKDEP_CHAINS:      65536
[    0.072619] ... CHAINHASH_SIZE:          32768
[    0.072964]  memory used by lock dependency info: 6429 kB
[    0.073383]  memory used for stack traces: 4224 kB
[    0.073759]  per task-struct memory footprint: 1920 bytes
[    0.074190] ACPI: Core revision 20230628
[    0.074595] clocksource: hpet: mask: 0xffffffff max_cycles: 0xffffffff, max_idle_ns: 19112604467 ns
[    0.075417] APIC: Switch to symmetric I/O mode setup
[    0.075825] APIC: Switched APIC routing to: physical flat
[    0.076250] kvm-guest: APIC: send_IPI_mask() replaced with kvm_send_ipi_mask()
[    0.076811] kvm-guest: APIC: send_IPI_mask_allbutself() replaced with kvm_send_ipi_mask_allbutself()
[    0.077529] kvm-guest: setup PV IPIs
[    0.078666] ..TIMER: vector=0x30 apic1=0 pin1=2 apic2=-1 pin2=-1
[    0.079511] tsc: Marking TSC unstable due to TSCs unsynchronized
[    0.080321] Calibrating delay loop (skipped) preset value.. 8983.07 BogoMIPS (lpj=4491536)
[    0.081377] x86/cpu: User Mode Instruction Prevention (UMIP) activated
[    0.082375] Last level iTLB entries: 4KB 512, 2MB 255, 4MB 127
[    0.083157] Last level dTLB entries: 4KB 512, 2MB 255, 4MB 127, 1GB 0
[    0.083320] Spectre V1 : Mitigation: usercopy/swapgs barriers and __user pointer sanitization
[    0.084320] Spectre V2 : Mitigation: Enhanced / Automatic IBRS
[    0.085316] Spectre V2 : Spectre v2 / SpectreRSB mitigation: Filling RSB on context switch
[    0.086319] Spectre V2 : mitigation: Enabling conditional Indirect Branch Prediction Barrier
[    0.087318] Speculative Store Bypass: Mitigation: Speculative Store Bypass disabled via prctl
[    0.088317] Speculative Return Stack Overflow: IBPB-extending microcode not applied!
[    0.089316] Speculative Return Stack Overflow: WARNING: See https://kernel.org/doc/html/latest/admin-guide/hw-vuln/srso.html for mitigation options.
[    0.089317] Speculative Return Stack Overflow: Vulnerable: Safe RET, no microcode
[    0.091337] x86/fpu: Supporting XSAVE feature 0x001: 'x87 floating point registers'
[    0.092317] x86/fpu: Supporting XSAVE feature 0x002: 'SSE registers'
[    0.093317] x86/fpu: Supporting XSAVE feature 0x004: 'AVX registers'
[    0.094317] x86/fpu: Supporting XSAVE feature 0x020: 'AVX-512 opmask'
[    0.095317] x86/fpu: Supporting XSAVE feature 0x040: 'AVX-512 Hi256'
[    0.096160] x86/fpu: Supporting XSAVE feature 0x080: 'AVX-512 ZMM_Hi256'
[    0.096317] x86/fpu: Supporting XSAVE feature 0x200: 'Protection Keys User registers'
[    0.097317] x86/fpu: xstate_offset[2]:  576, xstate_sizes[2]:  256
[    0.098317] x86/fpu: xstate_offset[5]:  832, xstate_sizes[5]:   64
[    0.099317] x86/fpu: xstate_offset[6]:  896, xstate_sizes[6]:  512
[    0.100317] x86/fpu: xstate_offset[7]: 1408, xstate_sizes[7]: 1024
[    0.101317] x86/fpu: xstate_offset[9]: 2432, xstate_sizes[9]:    8
[    0.102317] x86/fpu: Enabled xstate features 0x2e7, context size is 2440 bytes, using 'compacted' format.
[    0.121508] Freeing SMP alternatives memory: 36K
[    0.122122] pid_max: default: 32768 minimum: 301
[    0.122399] Mount-cache hash table entries: 2048 (order: 2, 16384 bytes, linear)
[    0.123319] Mountpoint-cache hash table entries: 2048 (order: 2, 16384 bytes, linear)
[    0.125444] Running RCU synchronous self tests
[    0.126035] Running RCU synchronous self tests
[    0.126483] smpboot: CPU0: AMD Ryzen 9 7950X 16-Core Processor (family: 0x19, model: 0x61, stepping: 0x2)
[    0.127688] RCU Tasks: Setting shift to 5 and lim to 1 rcu_task_cb_adjust=1.
[    0.128349] RCU Tasks Rude: Setting shift to 5 and lim to 1 rcu_task_cb_adjust=1.
[    0.129356] RCU Tasks Trace: Setting shift to 5 and lim to 1 rcu_task_cb_adjust=1.
[    0.130354] Running RCU Tasks wait API self tests
[    0.237404] Running RCU Tasks Rude wait API self tests
[    0.238412] Running RCU Tasks Trace wait API self tests
[    0.239347] Performance Events: Fam17h+ core perfctr, AMD PMU driver.
[    0.240327] ... version:                0
[    0.241000] ... bit width:              48
[    0.241320] ... generic registers:      6
[    0.241993] ... value mask:             0000ffffffffffff
[    0.242320] ... max period:             00007fffffffffff
[    0.243213] ... fixed-purpose events:   0
[    0.243320] ... event mask:             000000000000003f
[    0.244474] signal: max sigframe size: 3376
[    0.245293] rcu: Hierarchical SRCU implementation.
[    0.245325] rcu: Max phase no-delay instances is 400.
[    0.246218] Callback from call_rcu_tasks_trace() invoked.
[    0.250807] smp: Bringing up secondary CPUs ...
[    0.251699] smpboot: x86: Booting SMP configuration:
[    0.252325] .... node  #0, CPUs:        #1  #2  #3  #4  #5  #6  #7  #8  #9 #10 #11 #12 #13 #14 #15 #16 #17 #18 #19 #20 #21 #22 #23 #24 #25 #26 #27 #28 #29 #30 #31
[    0.279498] smp: Brought up 1 node, 32 CPUs
[    0.280881] smpboot: Max logical packages: 1
[    0.281320] smpboot: Total of 32 processors activated (287458.30 BogoMIPS)
[    0.291568] devtmpfs: initialized
[    0.292430] x86/mm: Memory block size: 128MB
[    0.295690] Running RCU synchronous self tests
[    0.296335] Running RCU synchronous self tests
[    0.297160] clocksource: jiffies: mask: 0xffffffff max_cycles: 0xffffffff, max_idle_ns: 1911260446275000 ns
[    0.297325] futex hash table entries: 8192 (order: 8, 1048576 bytes, linear)
[    0.298955] PM: RTC time: 06:06:44, date: 2024-02-09
[    0.300094] NET: Registered PF_NETLINK/PF_ROUTE protocol family
[    0.301086] thermal_sys: Registered thermal governor 'step_wise'
[    0.301088] thermal_sys: Registered thermal governor 'user_space'
[    0.301373] cpuidle: using governor menu
[    0.304508] PCI: Using configuration type 1 for base access
[    0.305320] PCI: Using configuration type 1 for extended access
[    0.306426] kprobes: kprobe jump-optimization is enabled. All kprobes are optimized if possible.
[    0.321012] HugeTLB: registered 1.00 GiB page size, pre-allocated 0 pages
[    0.322320] HugeTLB: 16380 KiB vmemmap can be freed for a 1.00 GiB page
[    0.323193] HugeTLB: registered 2.00 MiB page size, pre-allocated 0 pages
[    0.323319] HugeTLB: 28 KiB vmemmap can be freed for a 2.00 MiB page
[    0.325532] ACPI: Added _OSI(Module Device)
[    0.325532] ACPI: Added _OSI(Processor Device)
[    0.325903] ACPI: Added _OSI(3.0 _SCP Extensions)
[    0.327320] ACPI: Added _OSI(Processor Aggregator Device)
[    0.330127] ACPI: 1 ACPI AML tables successfully acquired and loaded
[    0.332388] ACPI: _OSC evaluation for CPUs failed, trying _PDC
[    0.333834] ACPI: Interpreter enabled
[    0.334372] ACPI: PM: (supports S0 S3 S4 S5)
[    0.335082] ACPI: Using IOAPIC for interrupt routing
[    0.335344] PCI: Using host bridge windows from ACPI; if necessary, use "pci=nocrs" and report a bug
[    0.337320] PCI: Using E820 reservations for host bridge windows
[    0.338667] ACPI: Enabled 2 GPEs in block 00 to 0F
[    0.342874] Callback from call_rcu_tasks_rude() invoked.
[    0.349541] ACPI: PCI Root Bridge [PCI0] (domain 0000 [bus 00-ff])
[    0.351325] acpi PNP0A03:00: _OSC: OS supports [ExtendedConfig ASPM ClockPM Segments MSI HPX-Type3]
[    0.352945] PCI host bridge to bus 0000:00
[    0.353321] pci_bus 0000:00: root bus resource [io  0x0000-0x0cf7 window]
[    0.355321] pci_bus 0000:00: root bus resource [io  0x0d00-0xffff window]
[    0.356320] pci_bus 0000:00: root bus resource [mem 0x000a0000-0x000bffff window]
[    0.357320] pci_bus 0000:00: root bus resource [mem 0x40000000-0xfebfffff window]
[    0.358320] pci_bus 0000:00: root bus resource [mem 0x100000000-0x17fffffff window]
[    0.359321] pci_bus 0000:00: root bus resource [bus 00-ff]
[    0.360410] pci 0000:00:00.0: [8086:1237] type 00 class 0x060000 conventional PCI endpoint
[    0.362933] pci 0000:00:01.0: [8086:7000] type 00 class 0x060100 conventional PCI endpoint
[    0.364860] pci 0000:00:01.1: [8086:7010] type 00 class 0x010180 conventional PCI endpoint
[    0.369320] pci 0000:00:01.1: BAR 4 [io  0xc080-0xc08f]
[    0.372597] pci 0000:00:01.1: BAR 0 [io  0x01f0-0x01f7]: legacy IDE quirk
[    0.373321] pci 0000:00:01.1: BAR 1 [io  0x03f6]: legacy IDE quirk
[    0.374320] pci 0000:00:01.1: BAR 2 [io  0x0170-0x0177]: legacy IDE quirk
[    0.375320] pci 0000:00:01.1: BAR 3 [io  0x0376]: legacy IDE quirk
[    0.376567] pci 0000:00:01.3: [8086:7113] type 00 class 0x068000 conventional PCI endpoint
[    0.378636] pci 0000:00:01.3: quirk: [io  0x0600-0x063f] claimed by PIIX4 ACPI
[    0.379325] pci 0000:00:01.3: quirk: [io  0x0700-0x070f] claimed by PIIX4 SMB
[    0.381650] pci 0000:00:02.0: [1af4:1009] type 00 class 0x000200 conventional PCI endpoint
[    0.384321] pci 0000:00:02.0: BAR 0 [io  0xc000-0xc03f]
[    0.387265] pci 0000:00:02.0: BAR 1 [mem 0xfebfd000-0xfebfdfff]
[    0.394099] pci 0000:00:02.0: BAR 4 [mem 0xfebf4000-0xfebf7fff 64bit pref]
[    0.398583] pci 0000:00:03.0: [1af4:1009] type 00 class 0x000200 conventional PCI endpoint
[    0.400320] pci 0000:00:03.0: BAR 0 [io  0xc040-0xc07f]
[    0.403129] pci 0000:00:03.0: BAR 1 [mem 0xfebfe000-0xfebfefff]
[    0.407320] pci 0000:00:03.0: BAR 4 [mem 0xfebf8000-0xfebfbfff 64bit pref]
[    0.411104] pci 0000:00:04.0: [8086:25ab] type 00 class 0x088000 conventional PCI endpoint
[    0.412828] pci 0000:00:04.0: BAR 0 [mem 0xfebff000-0xfebff00f]
[    0.418552] ACPI: PCI: Interrupt link LNKA configured for IRQ 10
[    0.419485] ACPI: PCI: Interrupt link LNKB configured for IRQ 10
[    0.420402] ACPI: PCI: Interrupt link LNKC configured for IRQ 11
[    0.421347] ACPI: PCI: Interrupt link LNKD configured for IRQ 11
[    0.422235] ACPI: PCI: Interrupt link LNKS configured for IRQ 9
[    0.424739] iommu: Default domain type: Translated
[    0.426320] iommu: DMA domain TLB invalidation policy: lazy mode
[    0.427407] SCSI subsystem initialized
[    0.427954] pps_core: LinuxPPS API ver. 1 registered
[    0.428321] pps_core: Software ver. 5.3.6 - Copyright 2005-2007 Rodolfo Giometti <giometti@linux.it>
[    0.429325] PTP clock support registered
[    0.430396] Advanced Linux Sound Architecture Driver Initialized.
[    0.431929] NET: Registered PF_ATMPVC protocol family
[    0.432320] NET: Registered PF_ATMSVC protocol family
[    0.432995] PCI: Using ACPI for IRQ routing
[    0.434339] vgaarb: loaded
[    0.434713] hpet0: at MMIO 0xfed00000, IRQs 2, 8, 0
[    0.435321] hpet0: 3 comparators, 64-bit 100.000000 MHz counter
[    0.439668] clocksource: Switched to clocksource kvm-clock
[    0.440862] VFS: Disk quotas dquot_6.6.0
[    0.441568] VFS: Dquot-cache hash table entries: 512 (order 0, 4096 bytes)
[    0.442829] pnp: PnP ACPI init
[    0.444063] pnp: PnP ACPI: found 5 devices
[    0.444804] Callback from call_rcu_tasks() invoked.
[    0.454442] clocksource: acpi_pm: mask: 0xffffff max_cycles: 0xffffff, max_idle_ns: 2085701024 ns
[    0.455981] NET: Registered PF_INET protocol family
[    0.456882] IP idents hash table entries: 16384 (order: 5, 131072 bytes, linear)
[    0.458518] tcp_listen_portaddr_hash hash table entries: 512 (order: 3, 36864 bytes, linear)
[    0.459936] Table-perturb hash table entries: 65536 (order: 6, 262144 bytes, linear)
[    0.461203] TCP established hash table entries: 8192 (order: 4, 65536 bytes, linear)
[    0.462522] TCP bind hash table entries: 8192 (order: 8, 1179648 bytes, linear)
[    0.464166] TCP: Hash tables configured (established 8192 bind 8192)
[    0.465327] UDP hash table entries: 512 (order: 4, 81920 bytes, linear)
[    0.466438] UDP-Lite hash table entries: 512 (order: 4, 81920 bytes, linear)
[    0.467752] NET: Registered PF_UNIX/PF_LOCAL protocol family
[    0.468711] pci_bus 0000:00: resource 4 [io  0x0000-0x0cf7 window]
[    0.469724] pci_bus 0000:00: resource 5 [io  0x0d00-0xffff window]
[    0.470739] pci_bus 0000:00: resource 6 [mem 0x000a0000-0x000bffff window]
[    0.471862] pci_bus 0000:00: resource 7 [mem 0x40000000-0xfebfffff window]
[    0.472983] pci_bus 0000:00: resource 8 [mem 0x100000000-0x17fffffff window]
[    0.474687] pci 0000:00:01.0: PIIX3: Enabling Passive Release
[    0.475648] pci 0000:00:00.0: Limiting direct PCI/PCI transfers
[    0.476664] PCI: CLS 0 bytes, default 64
[    0.477379] kvm_intel: VMX not supported by CPU 2
[    0.478394] kvm_amd: TSC scaling supported
[    0.479095] kvm_amd: Nested Virtualization enabled
[    0.479889] kvm_amd: Nested Paging enabled
[    0.480593] kvm_amd: Virtual VMLOAD VMSAVE supported
[    0.481410] kvm_amd: Virtual GIF supported
[    0.482089] kvm_amd: Virtual NMI enabled
[    0.482751] kvm_amd: LBR virtualization supported
[    0.587797] workingset: timestamp_bits=56 max_order=18 bucket_order=0
[    0.589055] squashfs: version 4.0 (2009/01/31) Phillip Lougher
[    0.590066] fuse: init (API version 7.39)
[    0.590858] 9p: Installing v9fs 9p2000 file system support
[    0.591917] Key type asymmetric registered
[    0.592650] Block layer SCSI generic (bsg) driver version 0.4 loaded (major 249)
[    0.593978] io scheduler mq-deadline registered
[    0.594754] io scheduler kyber registered
[    0.596962] input: Power Button as /devices/LNXSYSTM:00/LNXPWRBN:00/input/input0
[    0.598501] ACPI: button: Power Button [PWRF]
[    0.599365] Warning: Processor Platform Limit event detected, but not handled.
[    0.600582] Consider compiling CPUfreq support into your kernel.
[    0.680090] ACPI: \_SB_.LNKB: Enabled at IRQ 10
[    0.752716] ACPI: \_SB_.LNKC: Enabled at IRQ 11
[    0.754194] Serial: 8250/16550 driver, 4 ports, IRQ sharing enabled
[    0.755409] 00:03: ttyS0 at I/O 0x3f8 (irq = 4, base_baud = 115200) is a 16550A
[    0.757466] Non-volatile memory driver v1.3
[    0.758026] Linux agpgart interface v0.103
[    0.758720] ACPI: bus type drm_connector registered
[    0.772080] loop: module loaded
[    0.773832] scsi host0: ata_piix
[    0.774576] scsi host1: ata_piix
[    0.775073] ata1: PATA max MWDMA2 cmd 0x1f0 ctl 0x3f6 bmdma 0xc080 irq 14 lpm-pol 0
[    0.776069] ata2: PATA max MWDMA2 cmd 0x170 ctl 0x376 bmdma 0xc088 irq 15 lpm-pol 0
[    0.777718] i8042: PNP: PS/2 Controller [PNP0303:KBD,PNP0f13:MOU] at 0x60,0x64 irq 1,12
[    0.779571] serio: i8042 KBD port at 0x60,0x64 irq 1
[    0.780232] serio: i8042 AUX port at 0x60,0x64 irq 12
[    0.781413] rtc_cmos 00:04: RTC can wake from S4
[    0.782430] input: AT Translated Set 2 keyboard as /devices/platform/i8042/serio0/input/input1
[    0.784180] rtc_cmos 00:04: registered as rtc0
[    0.784823] rtc_cmos 00:04: setting system clock to 2024-02-09T06:06:44 UTC (1707458804)
[    0.785968] rtc_cmos 00:04: alarms up to one day, y3k, 242 bytes nvram, hpet irqs
[    0.787728] i6300ESB timer 0000:00:04.0: initialized. heartbeat=30 sec (nowayout=0)
[    0.788943] device-mapper: ioctl: 4.48.0-ioctl (2023-03-01) initialised: dm-devel@redhat.com
[    0.790805] NET: Registered PF_PACKET protocol family
[    0.791471] 9pnet: Installing 9P2000 support
[    0.793025] Key type dns_resolver registered
[    0.794539] input: ImExPS/2 Generic Explorer Mouse as /devices/platform/i8042/serio1/input/input3
[    0.797371] IPI shorthand broadcast: enabled
[    0.805716] sched_clock: Marking stable (796002593, 9450616)->(824429616, -18976407)
[    0.807116] registered taskstats version 1
[    0.812280] PM:   Magic number: 12:349:114
[    0.812885] printk: legacy console [netcon0] enabled
[    0.813551] netconsole: network logging started
[    0.814281] ALSA device list:
[    0.814676]   No soundcards found.
[    0.932642] ata2: found unknown device (class 0)
[    0.934030] ata2.00: ATAPI: QEMU DVD-ROM, 2.5+, max UDMA/100
[    0.936227] scsi 1:0:0:0: CD-ROM            QEMU     QEMU DVD-ROM     2.5+ PQ: 0 ANSI: 5
[    0.944166] scsi 1:0:0:0: Attached scsi generic sg0 type 5
[    0.944947] md: Skipping autodetection of RAID arrays. (raid=autodetect will force)
[    0.945871] 9pnet_virtio: no channels available for device 
[    0.947191] VFS: Mounted root (9p filesystem) readonly on device 0:19.
[    0.948185] devtmpfs: mounted
[    0.950139] Freeing unused kernel image (initmem) memory: 3156K
[    0.958472] Write protecting the kernel read-only data: 22528k
[    0.959609] Freeing unused kernel image (rodata/data gap) memory: 72K
[    0.988927] x86/mm: Checked W+X mappings: passed, no W+X pages found.
[    0.989655] Run /usr/lib/python3.11/site-packages/virtme/guest/virtme-init as init process
[    1.019115] mount (266) used greatest stack depth: 12984 bytes left
[    1.090879] mount (284) used greatest stack depth: 12584 bytes left
[    1.145293] virtme-init (316) used greatest stack depth: 12328 bytes left
[    1.181145] virtme-init: basic initialization done
[    1.186729] virtme-init: udevd not found
[    1.241797] virtme-init: Setting hostname to virtme-ng...
[    1.254159] ip (358) used greatest stack depth: 12056 bytes left
          _      _                                    
   __   _(_)_ __| |_ _ __ ___   ___       _ __   __ _ 
   \ \ / / |  __| __|  _   _ \ / _ \_____|  _ \ / _  |
    \ V /| | |  | |_| | | | | |  __/_____| | | | (_| |
     \_/ |_|_|   \__|_| |_| |_|\___|     |_| |_|\__  |
                                                |___/ 
   kernel version: 6.8.0-rc3-virtme x86_64

virtme-ng:/nipa-data/kernel# PS1='xx__-> '
xx__-> env
PWD=/nipa-data/kernel
HOME=/
TERM=linux
SHLVL=2
XDG_RUNTIME_DIR=/run/user/0
PATH=/bin:/sbin:/usr/bin:/usr/sbin:/usr/local/bin
OLDPWD=/
_=/usr/bin/env
xx__-> 