No EFI environment detected.
early console in extract_kernel
input_data: 0x000000000513f2b9
input_len: 0x00000000018a4d7e
output: 0x0000000001000000
output_len: 0x00000000053fa368
kernel_total_size: 0x0000000005a30000
needed_size: 0x0000000005c00000
trampoline_32bit: 0x0000000000000000
Physical KASLR using RDRAND RDTSC...
Virtual KASLR using RDRAND RDTSC...

Decompressing Linux... Parsing ELF... Performing relocations... done.
Booting the kernel (entry_offset: 0x0000000000000000).
[    0.000000] Linux version 6.8.0-rc3-virtme (root@6b6ee0432a56) (gcc (Alpine 13.2.1_git20231014) 13.2.1 20231014, GNU ld (GNU Binutils) 2.41) #1 SMP PREEMPT_DYNAMIC Tue Feb 13 21:26:46 UTC 2024
[    0.000000] Command line: virtme_hostname=virtme-ng virtme_link_mods=/nipa-data/kernel/.virtme_mods/lib/modules/0.0.0 virtme_initmount0=nipa-data/kernel virtme_rw_overlay0=/etc virtme_rw_overlay1=/lib virtme_rw_overlay2=/home virtme_rw_overlay3=/opt virtme_rw_overlay4=/srv virtme_rw_overlay5=/usr virtme_rw_overlay6=/var earlyprintk=serial,ttyS0,115200 console=ttyS0 psmouse.proto=exps TERM=xterm virtme_chdir=nipa-data/kernel virtme_root_user=1 rootfstype=9p rootflags=version=9p2000.L,trans=virtio,access=any raid=noautodetect ro init=/usr/lib/python3.11/site-packages/virtme/guest/virtme-init
[    0.000000] BIOS-provided physical RAM map:
[    0.000000] BIOS-e820: [mem 0x0000000000000000-0x000000000009fbff] usable
[    0.000000] BIOS-e820: [mem 0x000000000009fc00-0x000000000009ffff] reserved
[    0.000000] BIOS-e820: [mem 0x00000000000f0000-0x00000000000fffff] reserved
[    0.000000] BIOS-e820: [mem 0x0000000000100000-0x000000003ffdffff] usable
[    0.000000] BIOS-e820: [mem 0x000000003ffe0000-0x000000003fffffff] reserved
[    0.000000] BIOS-e820: [mem 0x00000000feffc000-0x00000000feffffff] reserved
[    0.000000] BIOS-e820: [mem 0x00000000fffc0000-0x00000000ffffffff] reserved
[    0.000000] BIOS-e820: [mem 0x000000fd00000000-0x000000ffffffffff] reserved
[    0.000000] printk: legacy bootconsole [earlyser0] enabled
[    0.000000] NX (Execute Disable) protection: active
[    0.000000] APIC: Static calls initialized
[    0.000000] SMBIOS 3.0.0 present.
[    0.000000] DMI: QEMU Standard PC (i440FX + PIIX, 1996), BIOS rel-1.16.3-0-ga6ed6b701f0a-prebuilt.qemu.org 04/01/2014
[    0.000000] Hypervisor detected: KVM
[    0.000000] kvm-clock: Using msrs 4b564d01 and 4b564d00
[    0.000001] kvm-clock: using sched offset of 307696342 cycles
[    0.000381] clocksource: kvm-clock: mask: 0xffffffffffffffff max_cycles: 0x1cd42e4dffb, max_idle_ns: 881590591483 ns
[    0.001563] tsc: Detected 4491.536 MHz processor
[    0.002265] last_pfn = 0x3ffe0 max_arch_pfn = 0x400000000
[    0.002682] MTRR map: 4 entries (3 fixed + 1 variable; max 19), built from 8 variable MTRRs
[    0.003287] x86/PAT: Configuration [0-7]: WB  WC  UC- UC  WB  WP  UC- WT  
[    0.005256] found SMP MP-table at [mem 0x000f5470-0x000f547f]
[    0.005679] Using GB pages for direct mapping
[    0.006265] ACPI: Early table checksum verification disabled
[    0.006676] ACPI: RSDP 0x00000000000F5290 000014 (v00 BOCHS )
[    0.007097] ACPI: RSDT 0x000000003FFE27B6 000034 (v01 BOCHS  BXPC     00000001 BXPC 00000001)
[    0.007719] ACPI: FACP 0x000000003FFE2572 000074 (v01 BOCHS  BXPC     00000001 BXPC 00000001)
[    0.008341] ACPI: DSDT 0x000000003FFE0040 002532 (v01 BOCHS  BXPC     00000001 BXPC 00000001)
[    0.009079] ACPI: FACS 0x000000003FFE0000 000040
[    0.009494] ACPI: APIC 0x000000003FFE25E6 000170 (v03 BOCHS  BXPC     00000001 BXPC 00000001)
[    0.010246] ACPI: HPET 0x000000003FFE2756 000038 (v01 BOCHS  BXPC     00000001 BXPC 00000001)
[    0.010894] ACPI: WAET 0x000000003FFE278E 000028 (v01 BOCHS  BXPC     00000001 BXPC 00000001)
[    0.011518] ACPI: Reserving FACP table memory at [mem 0x3ffe2572-0x3ffe25e5]
[    0.012028] ACPI: Reserving DSDT table memory at [mem 0x3ffe0040-0x3ffe2571]
[    0.012546] ACPI: Reserving FACS table memory at [mem 0x3ffe0000-0x3ffe003f]
[    0.013056] ACPI: Reserving APIC table memory at [mem 0x3ffe25e6-0x3ffe2755]
[    0.013570] ACPI: Reserving HPET table memory at [mem 0x3ffe2756-0x3ffe278d]
[    0.014079] ACPI: Reserving WAET table memory at [mem 0x3ffe278e-0x3ffe27b5]
[    0.014834] No NUMA configuration found
[    0.015113] Faking a node at [mem 0x0000000000000000-0x000000003ffdffff]
[    0.015605] NODE_DATA(0) allocated [mem 0x3ffdb000-0x3ffdffff]
[    0.016046] Zone ranges:
[    0.016229]   DMA      [mem 0x0000000000001000-0x0000000000ffffff]
[    0.016688]   DMA32    [mem 0x0000000001000000-0x000000003ffdffff]
[    0.017136]   Normal   empty
[    0.017346]   Device   empty
[    0.017561] Movable zone start for each node
[    0.017870] Early memory node ranges
[    0.018129]   node   0: [mem 0x0000000000001000-0x000000000009efff]
[    0.018611]   node   0: [mem 0x0000000000100000-0x000000003ffdffff]
[    0.019078] Initmem setup node 0 [mem 0x0000000000001000-0x000000003ffdffff]
[    0.019592] On node 0, zone DMA: 1 pages in unavailable ranges
[    0.020077] On node 0, zone DMA: 97 pages in unavailable ranges
[    0.024649] On node 0, zone DMA32: 32 pages in unavailable ranges
[    0.034030] kasan: KernelAddressSanitizer initialized
[    0.034627] ACPI: PM-Timer IO Port: 0x608
[    0.034925] ACPI: LAPIC_NMI (acpi_id[0xff] dfl dfl lint[0x1])
[    0.035372] IOAPIC[0]: apic_id 0, version 17, address 0xfec00000, GSI 0-23
[    0.035875] ACPI: INT_SRC_OVR (bus 0 bus_irq 0 global_irq 2 dfl dfl)
[    0.036336] ACPI: INT_SRC_OVR (bus 0 bus_irq 5 global_irq 5 high level)
[    0.036823] ACPI: INT_SRC_OVR (bus 0 bus_irq 9 global_irq 9 high level)
[    0.037302] ACPI: INT_SRC_OVR (bus 0 bus_irq 10 global_irq 10 high level)
[    0.037792] ACPI: INT_SRC_OVR (bus 0 bus_irq 11 global_irq 11 high level)
[    0.038284] ACPI: Using ACPI (MADT) for SMP configuration information
[    0.038751] ACPI: HPET id: 0x8086a201 base: 0xfed00000
[    0.039125] TSC deadline timer available
[    0.039410] smpboot: Allowing 32 CPUs, 0 hotplug CPUs
[    0.039801] kvm-guest: APIC: eoi() replaced with kvm_guest_apic_eoi_write()
[    0.040319] kvm-guest: KVM setup pv remote TLB flush
[    0.040686] kvm-guest: setup PV sched yield
[    0.041001] PM: hibernation: Registered nosave memory: [mem 0x00000000-0x00000fff]
[    0.041553] PM: hibernation: Registered nosave memory: [mem 0x0009f000-0x0009ffff]
[    0.042105] PM: hibernation: Registered nosave memory: [mem 0x000a0000-0x000effff]
[    0.042655] PM: hibernation: Registered nosave memory: [mem 0x000f0000-0x000fffff]
[    0.043206] [mem 0x40000000-0xfeffbfff] available for PCI devices
[    0.043654] Booting paravirtualized kernel on KVM
[    0.043998] clocksource: refined-jiffies: mask: 0xffffffff max_cycles: 0xffffffff, max_idle_ns: 1910969940391419 ns
[    0.052687] setup_percpu: NR_CPUS:64 nr_cpumask_bits:32 nr_cpu_ids:32 nr_node_ids:1
[    0.054476] percpu: Embedded 70 pages/cpu s249696 r8192 d28832 u524288
[    0.055032] Kernel command line: virtme_hostname=virtme-ng virtme_link_mods=/nipa-data/kernel/.virtme_mods/lib/modules/0.0.0 virtme_initmount0=nipa-data/kernel virtme_rw_overlay0=/etc virtme_rw_overlay1=/lib virtme_rw_overlay2=/home virtme_rw_overlay3=/opt virtme_rw_overlay4=/srv virtme_rw_overlay5=/usr virtme_rw_overlay6=/var earlyprintk=serial,ttyS0,115200 console=ttyS0 psmouse.proto=exps TERM=xterm virtme_chdir=nipa-data/kernel virtme_root_user=1 rootfstype=9p rootflags=version=9p2000.L,trans=virtio,access=any raid=noautodetect ro init=/usr/lib/python3.11/site-packages/virtme/guest/virtme-init
[    0.059087] Unknown kernel command line parameters "virtme_hostname=virtme-ng virtme_link_mods=/nipa-data/kernel/.virtme_mods/lib/modules/0.0.0 virtme_initmount0=nipa-data/kernel virtme_rw_overlay0=/etc virtme_rw_overlay1=/lib virtme_rw_overlay2=/home virtme_rw_overlay3=/opt virtme_rw_overlay4=/srv virtme_rw_overlay5=/usr virtme_rw_overlay6=/var virtme_chdir=nipa-data/kernel virtme_root_user=1", will be passed to user space.
[    0.062127] random: crng init done
[    0.062424] Dentry cache hash table entries: 131072 (order: 8, 1048576 bytes, linear)
[    0.063032] Inode-cache hash table entries: 65536 (order: 7, 524288 bytes, linear)
[    0.064100] Fallback order for Node 0: 0 
[    0.064108] Built 1 zonelists, mobility grouping on.  Total pages: 257760
[    0.064921] Policy zone: DMA32
[    0.065151] mem auto-init: stack:all(zero), heap alloc:off, heap free:off
[    0.065658] stackdepot: allocating hash table via alloc_large_system_hash
[    0.066163] stackdepot hash table entries: 1048576 (order: 12, 16777216 bytes, linear)
[    0.081085] Memory: 767212K/1048056K available (43008K kernel code, 12323K rwdata, 10088K rodata, 5936K init, 13344K bss, 280588K reserved, 0K cma-reserved)
[    0.082396] SLUB: HWalign=64, Order=0-3, MinObjects=0, CPUs=32, Nodes=1
Poking KASLR using RDRAND RDTSC...
[    0.083223] ftrace: allocating 46738 entries in 183 pages
[    0.091842] ftrace: allocated 183 pages with 6 groups
[    0.093487] Dynamic Preempt: voluntary
[    0.094280] Running RCU self tests
[    0.094540] Running RCU synchronous self tests
[    0.094891] rcu: Preemptible hierarchical RCU implementation.
[    0.095324] rcu: RCU event tracing is enabled.
[    0.095665] rcu: RCU lockdep checking is enabled.
[    0.096029] rcu: RCU restricting CPUs from NR_CPUS=64 to nr_cpu_ids=32.
[    0.096537] Trampoline variant of Tasks RCU enabled.
[    0.096917] Rude variant of Tasks RCU enabled.
[    0.097259] Tracing variant of Tasks RCU enabled.
[    0.097621] rcu: RCU calculated value of scheduler-enlistment delay is 100 jiffies.
[    0.098198] rcu: Adjusting geometry for rcu_fanout_leaf=16, nr_cpu_ids=32
[    0.098821] Running RCU synchronous self tests
[    0.107879] NR_IRQS: 4352, nr_irqs: 680, preallocated irqs: 16
[    0.108630] rcu: srcu_init: Setting srcu_struct sizes based on contention.
[    0.109488] Console: colour *CGA 80x25
[    0.109801] printk: legacy console [ttyS0] enabled
[    0.109801] printk: legacy console [ttyS0] enabled
[    0.110518] printk: legacy bootconsole [earlyser0] disabled
[    0.110518] printk: legacy bootconsole [earlyser0] disabled
[    0.111364] Lock dependency validator: Copyright (c) 2006 Red Hat, Inc., Ingo Molnar
[    0.111943] ... MAX_LOCKDEP_SUBCLASSES:  8
[    0.112254] ... MAX_LOCK_DEPTH:          48
[    0.112578] ... MAX_LOCKDEP_KEYS:        8192
[    0.112906] ... CLASSHASH_SIZE:          4096
[    0.113234] ... MAX_LOCKDEP_ENTRIES:     32768
[    0.113569] ... MAX_LOCKDEP_CHAINS:      65536
[    0.113904] ... CHAINHASH_SIZE:          32768
[    0.114240]  memory used by lock dependency info: 6429 kB
[    0.114645]  memory used for stack traces: 4224 kB
[    0.115007]  per task-struct memory footprint: 1920 bytes
[    0.115458] ACPI: Core revision 20230628
[    0.115998] clocksource: hpet: mask: 0xffffffff max_cycles: 0xffffffff, max_idle_ns: 19112604467 ns
[    0.116825] APIC: Switch to symmetric I/O mode setup
[    0.117225] APIC: Switched APIC routing to: physical flat
[    0.117637] kvm-guest: APIC: send_IPI_mask() replaced with kvm_send_ipi_mask()
[    0.118180] kvm-guest: APIC: send_IPI_mask_allbutself() replaced with kvm_send_ipi_mask_allbutself()
[    0.118861] kvm-guest: setup PV IPIs
[    0.120104] ..TIMER: vector=0x30 apic1=0 pin1=2 apic2=-1 pin2=-1
[    0.120922] tsc: Marking TSC unstable due to TSCs unsynchronized
[    0.121708] Calibrating delay loop (skipped) preset value.. 8983.07 BogoMIPS (lpj=4491536)
[    0.122763] x86/cpu: User Mode Instruction Prevention (UMIP) activated
[    0.123745] Last level iTLB entries: 4KB 512, 2MB 255, 4MB 127
[    0.124504] Last level dTLB entries: 4KB 512, 2MB 255, 4MB 127, 1GB 0
[    0.124705] Spectre V1 : Mitigation: usercopy/swapgs barriers and __user pointer sanitization
[    0.125704] Spectre V2 : Mitigation: Enhanced / Automatic IBRS
[    0.126700] Spectre V2 : Spectre v2 / SpectreRSB mitigation: Filling RSB on context switch
[    0.127703] Spectre V2 : mitigation: Enabling conditional Indirect Branch Prediction Barrier
[    0.128702] Speculative Store Bypass: Mitigation: Speculative Store Bypass disabled via prctl
[    0.129701] Speculative Return Stack Overflow: IBPB-extending microcode not applied!
[    0.130701] Speculative Return Stack Overflow: WARNING: See https://kernel.org/doc/html/latest/admin-guide/hw-vuln/srso.html for mitigation options.
[    0.130702] Speculative Return Stack Overflow: Vulnerable: Safe RET, no microcode
[    0.132722] x86/fpu: Supporting XSAVE feature 0x001: 'x87 floating point registers'
[    0.133700] x86/fpu: Supporting XSAVE feature 0x002: 'SSE registers'
[    0.134700] x86/fpu: Supporting XSAVE feature 0x004: 'AVX registers'
[    0.135700] x86/fpu: Supporting XSAVE feature 0x020: 'AVX-512 opmask'
[    0.136700] x86/fpu: Supporting XSAVE feature 0x040: 'AVX-512 Hi256'
[    0.137510] x86/fpu: Supporting XSAVE feature 0x080: 'AVX-512 ZMM_Hi256'
[    0.137700] x86/fpu: Supporting XSAVE feature 0x200: 'Protection Keys User registers'
[    0.138701] x86/fpu: xstate_offset[2]:  576, xstate_sizes[2]:  256
[    0.139700] x86/fpu: xstate_offset[5]:  832, xstate_sizes[5]:   64
[    0.140700] x86/fpu: xstate_offset[6]:  896, xstate_sizes[6]:  512
[    0.141700] x86/fpu: xstate_offset[7]: 1408, xstate_sizes[7]: 1024
[    0.142700] x86/fpu: xstate_offset[9]: 2432, xstate_sizes[9]:    8
[    0.143496] x86/fpu: Enabled xstate features 0x2e7, context size is 2440 bytes, using 'compacted' format.
[    0.168322] Freeing SMP alternatives memory: 36K
[    0.168703] pid_max: default: 32768 minimum: 301
[    0.169847] Mount-cache hash table entries: 2048 (order: 2, 16384 bytes, linear)
[    0.170704] Mountpoint-cache hash table entries: 2048 (order: 2, 16384 bytes, linear)
[    0.173184] Running RCU synchronous self tests
[    0.173705] Running RCU synchronous self tests
[    0.174596] smpboot: CPU0: AMD Ryzen 9 7950X 16-Core Processor (family: 0x19, model: 0x61, stepping: 0x2)
[    0.175507] RCU Tasks: Setting shift to 5 and lim to 1 rcu_task_cb_adjust=1.
[    0.175762] RCU Tasks Rude: Setting shift to 5 and lim to 1 rcu_task_cb_adjust=1.
[    0.176781] RCU Tasks Trace: Setting shift to 5 and lim to 1 rcu_task_cb_adjust=1.
[    0.177769] Running RCU Tasks wait API self tests
[    0.278834] Running RCU Tasks Rude wait API self tests
[    0.279860] Running RCU Tasks Trace wait API self tests
[    0.280799] Performance Events: Fam17h+ core perfctr, AMD PMU driver.
[    0.281713] ... version:                0
[    0.282370] ... bit width:              48
[    0.282705] ... generic registers:      6
[    0.283362] ... value mask:             0000ffffffffffff
[    0.283705] ... max period:             00007fffffffffff
[    0.284568] ... fixed-purpose events:   0
[    0.284705] ... event mask:             000000000000003f
[    0.286003] signal: max sigframe size: 3376
[    0.286747] Callback from call_rcu_tasks_trace() invoked.
[    0.287832] rcu: Hierarchical SRCU implementation.
[    0.288614] rcu: Max phase no-delay instances is 400.
[    0.296782] smp: Bringing up secondary CPUs ...
[    0.298322] smpboot: x86: Booting SMP configuration:
[    0.298711] .... node  #0, CPUs:        #1  #2  #3  #4  #5  #6  #7  #8  #9 #10 #11 #12 #13 #14 #15 #16 #17 #18 #19 #20 #21 #22 #23 #24 #25 #26 #27 #28 #29 #30 #31
[    0.338883] smp: Brought up 1 node, 32 CPUs
[    0.340249] smpboot: Max logical packages: 1
[    0.340704] smpboot: Total of 32 processors activated (287458.30 BogoMIPS)
[    0.348966] devtmpfs: initialized
[    0.349987] x86/mm: Memory block size: 128MB
[    0.360211] Running RCU synchronous self tests
[    0.360726] Running RCU synchronous self tests
[    0.361453] clocksource: jiffies: mask: 0xffffffff max_cycles: 0xffffffff, max_idle_ns: 1911260446275000 ns
[    0.361713] futex hash table entries: 8192 (order: 8, 1048576 bytes, linear)
[    0.363511] PM: RTC time: 21:27:27, date: 2024-02-13
[    0.365271] NET: Registered PF_NETLINK/PF_ROUTE protocol family
[    0.367529] thermal_sys: Registered thermal governor 'step_wise'
[    0.367533] thermal_sys: Registered thermal governor 'user_space'
[    0.367795] cpuidle: using governor menu
[    0.371031] PCI: Using configuration type 1 for base access
[    0.371705] PCI: Using configuration type 1 for extended access
[    0.372704] kprobes: kprobe jump-optimization is enabled. All kprobes are optimized if possible.
[    0.376803] HugeTLB: registered 1.00 GiB page size, pre-allocated 0 pages
[    0.377704] HugeTLB: 16380 KiB vmemmap can be freed for a 1.00 GiB page
[    0.378705] HugeTLB: registered 2.00 MiB page size, pre-allocated 0 pages
[    0.379704] HugeTLB: 28 KiB vmemmap can be freed for a 2.00 MiB page
[    0.384892] ACPI: Added _OSI(Module Device)
[    0.385707] ACPI: Added _OSI(Processor Device)
[    0.386433] ACPI: Added _OSI(3.0 _SCP Extensions)
[    0.386716] ACPI: Added _OSI(Processor Aggregator Device)
[    0.391955] Callback from call_rcu_tasks_rude() invoked.
[    0.418300] ACPI: 1 ACPI AML tables successfully acquired and loaded
[    0.422045] ACPI: _OSC evaluation for CPUs failed, trying _PDC
[    0.425960] ACPI: Interpreter enabled
[    0.426567] ACPI: PM: (supports S0 S3 S4 S5)
[    0.426699] ACPI: Using IOAPIC for interrupt routing
[    0.428798] PCI: Using host bridge windows from ACPI; if necessary, use "pci=nocrs" and report a bug
[    0.429703] PCI: Using E820 reservations for host bridge windows
[    0.432080] ACPI: Enabled 2 GPEs in block 00 to 0F
[    0.494839] Callback from call_rcu_tasks() invoked.
[    0.498891] ACPI: PCI Root Bridge [PCI0] (domain 0000 [bus 00-ff])
[    0.499722] acpi PNP0A03:00: _OSC: OS supports [ExtendedConfig ASPM ClockPM Segments MSI HPX-Type3]
[    0.502096] PCI host bridge to bus 0000:00
[    0.502641] pci_bus 0000:00: root bus resource [io  0x0000-0x0cf7 window]
[    0.503708] pci_bus 0000:00: root bus resource [io  0x0d00-0xffff window]
[    0.504585] pci_bus 0000:00: root bus resource [mem 0x000a0000-0x000bffff window]
[    0.504707] pci_bus 0000:00: root bus resource [mem 0x40000000-0xfebfffff window]
[    0.505675] pci_bus 0000:00: root bus resource [mem 0x100000000-0x17fffffff window]
[    0.506708] pci_bus 0000:00: root bus resource [bus 00-ff]
[    0.507683] pci 0000:00:00.0: [8086:1237] type 00 class 0x060000 conventional PCI endpoint
[    0.510108] pci 0000:00:01.0: [8086:7000] type 00 class 0x060100 conventional PCI endpoint
[    0.512901] pci 0000:00:01.1: [8086:7010] type 00 class 0x010180 conventional PCI endpoint
[    0.515704] pci 0000:00:01.1: BAR 4 [io  0xc080-0xc08f]
[    0.517194] pci 0000:00:01.1: BAR 0 [io  0x01f0-0x01f7]: legacy IDE quirk
[    0.518705] pci 0000:00:01.1: BAR 1 [io  0x03f6]: legacy IDE quirk
[    0.519504] pci 0000:00:01.1: BAR 2 [io  0x0170-0x0177]: legacy IDE quirk
[    0.520706] pci 0000:00:01.1: BAR 3 [io  0x0376]: legacy IDE quirk
[    0.521445] pci 0000:00:01.3: [8086:7113] type 00 class 0x068000 conventional PCI endpoint
[    0.522816] pci 0000:00:01.3: quirk: [io  0x0600-0x063f] claimed by PIIX4 ACPI
[    0.524710] pci 0000:00:01.3: quirk: [io  0x0700-0x070f] claimed by PIIX4 SMB
[    0.526634] pci 0000:00:02.0: [1af4:1009] type 00 class 0x000200 conventional PCI endpoint
[    0.528704] pci 0000:00:02.0: BAR 0 [io  0xc000-0xc03f]
[    0.531313] pci 0000:00:02.0: BAR 1 [mem 0xfebfd000-0xfebfdfff]
[    0.536170] pci 0000:00:02.0: BAR 4 [mem 0xfebf4000-0xfebf7fff 64bit pref]
[    0.551257] pci 0000:00:03.0: [1af4:1009] type 00 class 0x000200 conventional PCI endpoint
[    0.553704] pci 0000:00:03.0: BAR 0 [io  0xc040-0xc07f]
[    0.555329] pci 0000:00:03.0: BAR 1 [mem 0xfebfe000-0xfebfefff]
[    0.560704] pci 0000:00:03.0: BAR 4 [mem 0xfebf8000-0xfebfbfff 64bit pref]
[    0.576326] pci 0000:00:04.0: [8086:25ab] type 00 class 0x088000 conventional PCI endpoint
[    0.578057] pci 0000:00:04.0: BAR 0 [mem 0xfebff000-0xfebff00f]
[    0.598445] ACPI: PCI: Interrupt link LNKA configured for IRQ 10
[    0.599873] ACPI: PCI: Interrupt link LNKB configured for IRQ 10
[    0.601773] ACPI: PCI: Interrupt link LNKC configured for IRQ 11
[    0.603653] ACPI: PCI: Interrupt link LNKD configured for IRQ 11
[    0.605171] ACPI: PCI: Interrupt link LNKS configured for IRQ 9
[    0.629614] iommu: Default domain type: Translated
[    0.630705] iommu: DMA domain TLB invalidation policy: lazy mode
[    0.632508] SCSI subsystem initialized
[    0.633110] pps_core: LinuxPPS API ver. 1 registered
[    0.633706] pps_core: Software ver. 5.3.6 - Copyright 2005-2007 Rodolfo Giometti <giometti@linux.it>
[    0.635730] PTP clock support registered
[    0.636940] Advanced Linux Sound Architecture Driver Initialized.
[    0.639605] NET: Registered PF_ATMPVC protocol family
[    0.639705] NET: Registered PF_ATMSVC protocol family
[    0.640412] PCI: Using ACPI for IRQ routing
[    0.641989] vgaarb: loaded
[    0.642918] hpet0: at MMIO 0xfed00000, IRQs 2, 8, 0
[    0.643567] hpet0: 3 comparators, 64-bit 100.000000 MHz counter
[    0.651970] clocksource: Switched to clocksource kvm-clock
[    0.654701] VFS: Disk quotas dquot_6.6.0
[    0.655420] VFS: Dquot-cache hash table entries: 512 (order 0, 4096 bytes)
[    0.657120] pnp: PnP ACPI init
[    0.662180] pnp: PnP ACPI: found 5 devices
[    0.683432] clocksource: acpi_pm: mask: 0xffffff max_cycles: 0xffffff, max_idle_ns: 2085701024 ns
[    0.684744] NET: Registered PF_INET protocol family
[    0.685662] IP idents hash table entries: 16384 (order: 5, 131072 bytes, linear)
[    0.687592] tcp_listen_portaddr_hash hash table entries: 512 (order: 3, 36864 bytes, linear)
[    0.688722] Table-perturb hash table entries: 65536 (order: 6, 262144 bytes, linear)
[    0.689820] TCP established hash table entries: 8192 (order: 4, 65536 bytes, linear)
[    0.690931] TCP bind hash table entries: 8192 (order: 8, 1179648 bytes, linear)
[    0.692436] TCP: Hash tables configured (established 8192 bind 8192)
[    0.693620] UDP hash table entries: 512 (order: 4, 81920 bytes, linear)
[    0.694526] UDP-Lite hash table entries: 512 (order: 4, 81920 bytes, linear)
[    0.695935] NET: Registered PF_UNIX/PF_LOCAL protocol family
[    0.696733] pci_bus 0000:00: resource 4 [io  0x0000-0x0cf7 window]
[    0.697535] pci_bus 0000:00: resource 5 [io  0x0d00-0xffff window]
[    0.698343] pci_bus 0000:00: resource 6 [mem 0x000a0000-0x000bffff window]
[    0.699227] pci_bus 0000:00: resource 7 [mem 0x40000000-0xfebfffff window]
[    0.700123] pci_bus 0000:00: resource 8 [mem 0x100000000-0x17fffffff window]
[    0.701360] pci 0000:00:01.0: PIIX3: Enabling Passive Release
[    0.702113] pci 0000:00:00.0: Limiting direct PCI/PCI transfers
[    0.702928] PCI: CLS 0 bytes, default 64
[    0.703546] kvm_intel: VMX not supported by CPU 19
[    0.704263] kvm_amd: TSC scaling supported
[    0.704828] kvm_amd: Nested Virtualization enabled
[    0.705460] kvm_amd: Nested Paging enabled
[    0.706502] kvm_amd: Virtual VMLOAD VMSAVE supported
[    0.707166] kvm_amd: Virtual GIF supported
[    0.707718] kvm_amd: Virtual NMI enabled
[    0.708223] kvm_amd: LBR virtualization supported
[    0.842890] workingset: timestamp_bits=56 max_order=18 bucket_order=0
[    0.844379] squashfs: version 4.0 (2009/01/31) Phillip Lougher
[    0.845447] fuse: init (API version 7.39)
[    0.846464] 9p: Installing v9fs 9p2000 file system support
[    0.847742] Key type asymmetric registered
[    0.848540] Block layer SCSI generic (bsg) driver version 0.4 loaded (major 249)
[    0.849915] io scheduler mq-deadline registered
[    0.850688] io scheduler kyber registered
[    0.853884] input: Power Button as /devices/LNXSYSTM:00/LNXPWRBN:00/input/input0
[    0.856082] ACPI: button: Power Button [PWRF]
[    0.857176] Warning: Processor Platform Limit event detected, but not handled.
[    0.858398] Consider compiling CPUfreq support into your kernel.
[    1.923871] ACPI: \_SB_.LNKB: Enabled at IRQ 10
[    2.960368] ACPI: \_SB_.LNKC: Enabled at IRQ 11
[    2.962333] Serial: 8250/16550 driver, 4 ports, IRQ sharing enabled
[    2.964014] 00:03: ttyS0 at I/O 0x3f8 (irq = 4, base_baud = 115200) is a 16550A
[    2.969321] Non-volatile memory driver v1.3
[    2.969887] Linux agpgart interface v0.103
[    2.970812] ACPI: bus type drm_connector registered
[    3.015198] loop: module loaded
[    3.019708] scsi host0: ata_piix
[    3.021250] scsi host1: ata_piix
[    3.022036] ata1: PATA max MWDMA2 cmd 0x1f0 ctl 0x3f6 bmdma 0xc080 irq 14 lpm-pol 0
[    3.023045] ata2: PATA max MWDMA2 cmd 0x170 ctl 0x376 bmdma 0xc088 irq 15 lpm-pol 0
[    3.027019] i8042: PNP: PS/2 Controller [PNP0303:KBD,PNP0f13:MOU] at 0x60,0x64 irq 1,12
[    3.028995] serio: i8042 KBD port at 0x60,0x64 irq 1
[    3.029699] serio: i8042 AUX port at 0x60,0x64 irq 12
[    3.031490] rtc_cmos 00:04: RTC can wake from S4
[    3.033931] input: AT Translated Set 2 keyboard as /devices/platform/i8042/serio0/input/input1
[    3.036280] rtc_cmos 00:04: registered as rtc0
[    3.037503] rtc_cmos 00:04: setting system clock to 2024-02-13T21:27:30 UTC (1707859650)
[    3.039995] rtc_cmos 00:04: alarms up to one day, y3k, 242 bytes nvram, hpet irqs
[    3.040341] input: ImExPS/2 Generic Explorer Mouse as /devices/platform/i8042/serio1/input/input3
[    3.043042] i6300ESB timer 0000:00:04.0: initialized. heartbeat=30 sec (nowayout=0)
[    3.044972] device-mapper: ioctl: 4.48.0-ioctl (2023-03-01) initialised: dm-devel@redhat.com
[    3.049050] NET: Registered PF_PACKET protocol family
[    3.049935] 9pnet: Installing 9P2000 support
[    3.053350] Key type dns_resolver registered
[    3.064342] IPI shorthand broadcast: enabled
[    3.101509] sched_clock: Marking stable (3091003370, 9547989)->(3121611951, -21060592)
[    3.103158] registered taskstats version 1
[    3.142294] PM:   Magic number: 12:107:500
[    3.143192] printk: legacy console [netcon0] enabled
[    3.144048] netconsole: network logging started
[    3.145370] ALSA device list:
[    3.146613]   No soundcards found.
[    3.182694] ata2: found unknown device (class 0)
[    3.183917] ata2.00: ATAPI: QEMU DVD-ROM, 2.5+, max UDMA/100
[    3.186498] scsi 1:0:0:0: CD-ROM            QEMU     QEMU DVD-ROM     2.5+ PQ: 0 ANSI: 5
[    3.196326] scsi 1:0:0:0: Attached scsi generic sg0 type 5
[    3.197576] md: Skipping autodetection of RAID arrays. (raid=autodetect will force)
[    3.199024] 9pnet_virtio: no channels available for device 
[    3.201092] VFS: Mounted root (9p filesystem) readonly on device 0:19.
[    3.202271] devtmpfs: mounted
[    3.210894] Freeing unused kernel image (initmem) memory: 5936K
[    3.214597] Write protecting the kernel read-only data: 53248k
[    3.215986] Freeing unused kernel image (rodata/data gap) memory: 152K
[    3.252627] x86/mm: Checked W+X mappings: passed, no W+X pages found.
[    3.253389] Run /usr/lib/python3.11/site-packages/virtme/guest/virtme-init as init process
[    3.321098] mount (266) used greatest stack depth: 26144 bytes left
[    3.512599] mkdir (281) used greatest stack depth: 25600 bytes left
[    3.531749] mount (283) used greatest stack depth: 25104 bytes left
[    3.782087] virtme-init: basic initialization done
[    3.796203] virtme-init: udevd not found
[    3.955939] virtme-init: Setting hostname to virtme-ng...
[    3.994146] ip (352) used greatest stack depth: 24080 bytes left
          _      _                                    
   __   _(_)_ __| |_ _ __ ___   ___       _ __   __ _ 
   \ \ / / |  __| __|  _   _ \ / _ \_____|  _ \ / _  |
    \ V /| | |  | |_| | | | | |  __/_____| | | | (_| |
     \_/ |_|_|   \__|_| |_| |_|\___|     |_| |_|\__  |
                                                |___/ 
   kernel version: 6.8.0-rc3-virtme x86_64

virtme-ng:/nipa-data/kernel# PS1='xx__-> '
xx__-> env
PWD=/nipa-data/kernel
HOME=/
TERM=xterm
SHLVL=2
XDG_RUNTIME_DIR=/run/user/0
PATH=/bin:/sbin:/usr/bin:/usr/sbin:/usr/local/bin
OLDPWD=/
_=/usr/bin/env
xx__-> 