No EFI environment detected.
early console in extract_kernel
input_data: 0x00000000029f82b9
input_len: 0x0000000000ad5685
output: 0x0000000001000000
output_len: 0x0000000002488688
kernel_total_size: 0x0000000002230000
needed_size: 0x0000000002600000
trampoline_32bit: 0x0000000000000000
Physical KASLR using RDRAND RDTSC...
Virtual KASLR using RDRAND RDTSC...

Decompressing Linux... Parsing ELF... Performing relocations... done.
Booting the kernel (entry_offset: 0x0000000000000000).
[    0.000000] Linux version 6.8.0-rc4-virtme (root@4a92c1bfdd3d) (gcc (Alpine 13.2.1_git20231014) 13.2.1 20231014, GNU ld (GNU Binutils) 2.42) #1 SMP PREEMPT_DYNAMIC Tue Feb 20 00:06:12 UTC 2024
[    0.000000] Command line: virtme_hostname=virtme-ng virtme_link_mods=/nipa-data/kernel/.virtme_mods/lib/modules/0.0.0 virtme_initmount0=nipa-data/kernel virtme_rw_overlay0=/etc virtme_rw_overlay1=/lib virtme_rw_overlay2=/home virtme_rw_overlay3=/opt virtme_rw_overlay4=/srv virtme_rw_overlay5=/usr virtme_rw_overlay6=/var earlyprintk=serial,ttyS0,115200 console=ttyS0 psmouse.proto=exps TERM=xterm virtme_chdir=nipa-data/kernel virtme_root_user=1 rootfstype=9p rootflags=version=9p2000.L,trans=virtio,access=any raid=noautodetect ro init=/usr/lib/python3.11/site-packages/virtme/guest/virtme-init
[    0.000000] BIOS-provided physical RAM map:
[    0.000000] BIOS-e820: [mem 0x0000000000000000-0x000000000009fbff] usable
[    0.000000] BIOS-e820: [mem 0x000000000009fc00-0x000000000009ffff] reserved
[    0.000000] BIOS-e820: [mem 0x00000000000f0000-0x00000000000fffff] reserved
[    0.000000] BIOS-e820: [mem 0x0000000000100000-0x000000003ffdffff] usable
[    0.000000] BIOS-e820: [mem 0x000000003ffe0000-0x000000003fffffff] reserved
[    0.000000] BIOS-e820: [mem 0x00000000feffc000-0x00000000feffffff] reserved
[    0.000000] BIOS-e820: [mem 0x00000000fffc0000-0x00000000ffffffff] reserved
[    0.000000] BIOS-e820: [mem 0x000000fd00000000-0x000000ffffffffff] reserved
[    0.000000] printk: legacy bootconsole [earlyser0] enabled
[    0.000000] NX (Execute Disable) protection: active
[    0.000000] APIC: Static calls initialized
[    0.000000] SMBIOS 3.0.0 present.
[    0.000000] DMI: QEMU Standard PC (i440FX + PIIX, 1996), BIOS rel-1.16.3-0-ga6ed6b701f0a-prebuilt.qemu.org 04/01/2014
[    0.000000] Hypervisor detected: KVM
[    0.000000] kvm-clock: Using msrs 4b564d01 and 4b564d00
[    0.000000] kvm-clock: using sched offset of 199120185 cycles
[    0.000397] clocksource: kvm-clock: mask: 0xffffffffffffffff max_cycles: 0x1cd42e4dffb, max_idle_ns: 881590591483 ns
[    0.001621] tsc: Detected 4491.536 MHz processor
[    0.002230] last_pfn = 0x3ffe0 max_arch_pfn = 0x400000000
[    0.002662] MTRR map: 4 entries (3 fixed + 1 variable; max 19), built from 8 variable MTRRs
[    0.003295] x86/PAT: Configuration [0-7]: WB  WC  UC- UC  WB  WP  UC- WT  
Memory KASLR using RDRAND RDTSC...
[    0.005405] found SMP MP-table at [mem 0x000f5470-0x000f547f]
[    0.005844] Using GB pages for direct mapping
[    0.006230] ACPI: Early table checksum verification disabled
[    0.006657] ACPI: RSDP 0x00000000000F5290 000014 (v00 BOCHS )
[    0.007091] ACPI: RSDT 0x000000003FFE27B6 000034 (v01 BOCHS  BXPC     00000001 BXPC 00000001)
[    0.007737] ACPI: FACP 0x000000003FFE2572 000074 (v01 BOCHS  BXPC     00000001 BXPC 00000001)
[    0.008384] ACPI: DSDT 0x000000003FFE0040 002532 (v01 BOCHS  BXPC     00000001 BXPC 00000001)
[    0.009025] ACPI: FACS 0x000000003FFE0000 000040
[    0.009372] ACPI: APIC 0x000000003FFE25E6 000170 (v03 BOCHS  BXPC     00000001 BXPC 00000001)
[    0.010013] ACPI: HPET 0x000000003FFE2756 000038 (v01 BOCHS  BXPC     00000001 BXPC 00000001)
[    0.010655] ACPI: WAET 0x000000003FFE278E 000028 (v01 BOCHS  BXPC     00000001 BXPC 00000001)
[    0.011296] ACPI: Reserving FACP table memory at [mem 0x3ffe2572-0x3ffe25e5]
[    0.011824] ACPI: Reserving DSDT table memory at [mem 0x3ffe0040-0x3ffe2571]
[    0.012356] ACPI: Reserving FACS table memory at [mem 0x3ffe0000-0x3ffe003f]
[    0.012887] ACPI: Reserving APIC table memory at [mem 0x3ffe25e6-0x3ffe2755]
[    0.013415] ACPI: Reserving HPET table memory at [mem 0x3ffe2756-0x3ffe278d]
[    0.013943] ACPI: Reserving WAET table memory at [mem 0x3ffe278e-0x3ffe27b5]
[    0.014616] No NUMA configuration found
[    0.014904] Faking a node at [mem 0x0000000000000000-0x000000003ffdffff]
[    0.015408] NODE_DATA(0) allocated [mem 0x3ffdb000-0x3ffdffff]
[    0.015856] Zone ranges:
[    0.016046]   DMA      [mem 0x0000000000001000-0x0000000000ffffff]
[    0.016514]   DMA32    [mem 0x0000000001000000-0x000000003ffdffff]
[    0.016978]   Normal   empty
[    0.017194]   Device   empty
[    0.017410] Movable zone start for each node
[    0.017731] Early memory node ranges
[    0.018000]   node   0: [mem 0x0000000000001000-0x000000000009efff]
[    0.018470]   node   0: [mem 0x0000000000100000-0x000000003ffdffff]
[    0.018940] Initmem setup node 0 [mem 0x0000000000001000-0x000000003ffdffff]
[    0.019470] On node 0, zone DMA: 1 pages in unavailable ranges
[    0.019917] On node 0, zone DMA: 97 pages in unavailable ranges
[    0.021353] On node 0, zone DMA32: 32 pages in unavailable ranges
[    0.022007] ACPI: PM-Timer IO Port: 0x608
[    0.022311] ACPI: LAPIC_NMI (acpi_id[0xff] dfl dfl lint[0x1])
[    0.022757] IOAPIC[0]: apic_id 0, version 17, address 0xfec00000, GSI 0-23
[    0.023275] ACPI: INT_SRC_OVR (bus 0 bus_irq 0 global_irq 2 dfl dfl)
[    0.023752] ACPI: INT_SRC_OVR (bus 0 bus_irq 5 global_irq 5 high level)
[    0.024261] ACPI: INT_SRC_OVR (bus 0 bus_irq 9 global_irq 9 high level)
[    0.024758] ACPI: INT_SRC_OVR (bus 0 bus_irq 10 global_irq 10 high level)
[    0.025267] ACPI: INT_SRC_OVR (bus 0 bus_irq 11 global_irq 11 high level)
[    0.025778] ACPI: Using ACPI (MADT) for SMP configuration information
[    0.026262] ACPI: HPET id: 0x8086a201 base: 0xfed00000
[    0.026648] TSC deadline timer available
[    0.026943] smpboot: Allowing 32 CPUs, 0 hotplug CPUs
[    0.027330] kvm-guest: APIC: eoi() replaced with kvm_guest_apic_eoi_write()
[    0.027861] kvm-guest: KVM setup pv remote TLB flush
[    0.028244] kvm-guest: setup PV sched yield
[    0.028561] PM: hibernation: Registered nosave memory: [mem 0x00000000-0x00000fff]
[    0.029131] PM: hibernation: Registered nosave memory: [mem 0x0009f000-0x0009ffff]
[    0.029701] PM: hibernation: Registered nosave memory: [mem 0x000a0000-0x000effff]
[    0.030275] PM: hibernation: Registered nosave memory: [mem 0x000f0000-0x000fffff]
[    0.030848] [mem 0x40000000-0xfeffbfff] available for PCI devices
[    0.031311] Booting paravirtualized kernel on KVM
[    0.031667] clocksource: refined-jiffies: mask: 0xffffffff max_cycles: 0xffffffff, max_idle_ns: 1910969940391419 ns
[    0.035369] setup_percpu: NR_CPUS:64 nr_cpumask_bits:32 nr_cpu_ids:32 nr_node_ids:1
[    0.036523] percpu: Embedded 56 pages/cpu s191784 r8192 d29400 u262144
[    0.037048] Kernel command line: virtme_hostname=virtme-ng virtme_link_mods=/nipa-data/kernel/.virtme_mods/lib/modules/0.0.0 virtme_initmount0=nipa-data/kernel virtme_rw_overlay0=/etc virtme_rw_overlay1=/lib virtme_rw_overlay2=/home virtme_rw_overlay3=/opt virtme_rw_overlay4=/srv virtme_rw_overlay5=/usr virtme_rw_overlay6=/var earlyprintk=serial,ttyS0,115200 console=ttyS0 psmouse.proto=exps TERM=xterm virtme_chdir=nipa-data/kernel virtme_root_user=1 rootfstype=9p rootflags=version=9p2000.L,trans=virtio,access=any raid=noautodetect ro init=/usr/lib/python3.11/site-packages/virtme/guest/virtme-init
[    0.041218] Unknown kernel command line parameters "virtme_hostname=virtme-ng virtme_link_mods=/nipa-data/kernel/.virtme_mods/lib/modules/0.0.0 virtme_initmount0=nipa-data/kernel virtme_rw_overlay0=/etc virtme_rw_overlay1=/lib virtme_rw_overlay2=/home virtme_rw_overlay3=/opt virtme_rw_overlay4=/srv virtme_rw_overlay5=/usr virtme_rw_overlay6=/var virtme_chdir=nipa-data/kernel virtme_root_user=1", will be passed to user space.
[    0.044344] random: crng init done
[    0.044639] Dentry cache hash table entries: 131072 (order: 8, 1048576 bytes, linear)
[    0.045266] Inode-cache hash table entries: 65536 (order: 7, 524288 bytes, linear)
[    0.045938] Fallback order for Node 0: 0 
[    0.045940] Built 1 zonelists, mobility grouping on.  Total pages: 257760
[    0.046776] Policy zone: DMA32
[    0.047012] mem auto-init: stack:all(zero), heap alloc:off, heap free:off
[    0.048337] Memory: 986880K/1048056K available (16384K kernel code, 2349K rwdata, 5932K rodata, 2992K init, 2336K bss, 60916K reserved, 0K cma-reserved)
[    0.049417] SLUB: HWalign=64, Order=0-3, MinObjects=0, CPUs=32, Nodes=1
Poking KASLR using RDRAND RDTSC...
[    0.050182] ftrace: allocating 46287 entries in 181 pages
[    0.057077] ftrace: allocated 181 pages with 5 groups
[    0.058131] Dynamic Preempt: voluntary
[    0.058565] rcu: Preemptible hierarchical RCU implementation.
[    0.059013] rcu: RCU event tracing is enabled.
[    0.059366] rcu: RCU restricting CPUs from NR_CPUS=64 to nr_cpu_ids=32.
[    0.059888] Trampoline variant of Tasks RCU enabled.
[    0.060288] Rude variant of Tasks RCU enabled.
[    0.060641] Tracing variant of Tasks RCU enabled.
[    0.061014] rcu: RCU calculated value of scheduler-enlistment delay is 100 jiffies.
[    0.061608] rcu: Adjusting geometry for rcu_fanout_leaf=16, nr_cpu_ids=32
[    0.063473] NR_IRQS: 4352, nr_irqs: 680, preallocated irqs: 16
[    0.064202] rcu: srcu_init: Setting srcu_struct sizes based on contention.
[    0.064871] Console: colour *CGA 80x25
[    0.065179] printk: legacy console [ttyS0] enabled
[    0.065179] printk: legacy console [ttyS0] enabled
[    0.065923] printk: legacy bootconsole [earlyser0] disabled
[    0.065923] printk: legacy bootconsole [earlyser0] disabled
[    0.066797] ACPI: Core revision 20230628
[    0.067180] clocksource: hpet: mask: 0xffffffff max_cycles: 0xffffffff, max_idle_ns: 19112604467 ns
[    0.067951] APIC: Switch to symmetric I/O mode setup
[    0.068378] APIC: Switched APIC routing to: physical flat
[    0.068805] kvm-guest: APIC: send_IPI_mask() replaced with kvm_send_ipi_mask()
[    0.069364] kvm-guest: APIC: send_IPI_mask_allbutself() replaced with kvm_send_ipi_mask_allbutself()
[    0.070081] kvm-guest: setup PV IPIs
[    0.071176] ..TIMER: vector=0x30 apic1=0 pin1=2 apic2=-1 pin2=-1
[    0.072024] tsc: Marking TSC unstable due to TSCs unsynchronized
[    0.072855] Calibrating delay loop (skipped) preset value.. 8983.07 BogoMIPS (lpj=4491536)
[    0.073913] x86/cpu: User Mode Instruction Prevention (UMIP) activated
[    0.074906] Last level iTLB entries: 4KB 512, 2MB 255, 4MB 127
[    0.075700] Last level dTLB entries: 4KB 512, 2MB 255, 4MB 127, 1GB 0
[    0.075856] Spectre V1 : Mitigation: usercopy/swapgs barriers and __user pointer sanitization
[    0.076857] Spectre V2 : Mitigation: Enhanced / Automatic IBRS
[    0.077853] Spectre V2 : Spectre v2 / SpectreRSB mitigation: Filling RSB on context switch
[    0.078854] Spectre V2 : mitigation: Enabling conditional Indirect Branch Prediction Barrier
[    0.079855] Speculative Store Bypass: Mitigation: Speculative Store Bypass disabled via prctl
[    0.080853] Speculative Return Stack Overflow: IBPB-extending microcode not applied!
[    0.081853] Speculative Return Stack Overflow: WARNING: See https://kernel.org/doc/html/latest/admin-guide/hw-vuln/srso.html for mitigation options.
[    0.081854] Speculative Return Stack Overflow: Vulnerable: Safe RET, no microcode
[    0.083875] x86/fpu: Supporting XSAVE feature 0x001: 'x87 floating point registers'
[    0.084854] x86/fpu: Supporting XSAVE feature 0x002: 'SSE registers'
[    0.085854] x86/fpu: Supporting XSAVE feature 0x004: 'AVX registers'
[    0.086853] x86/fpu: Supporting XSAVE feature 0x020: 'AVX-512 opmask'
[    0.087853] x86/fpu: Supporting XSAVE feature 0x040: 'AVX-512 Hi256'
[    0.088853] x86/fpu: Supporting XSAVE feature 0x080: 'AVX-512 ZMM_Hi256'
[    0.089853] x86/fpu: Supporting XSAVE feature 0x200: 'Protection Keys User registers'
[    0.090854] x86/fpu: xstate_offset[2]:  576, xstate_sizes[2]:  256
[    0.091673] x86/fpu: xstate_offset[5]:  832, xstate_sizes[5]:   64
[    0.091853] x86/fpu: xstate_offset[6]:  896, xstate_sizes[6]:  512
[    0.092853] x86/fpu: xstate_offset[7]: 1408, xstate_sizes[7]: 1024
[    0.093853] x86/fpu: xstate_offset[9]: 2432, xstate_sizes[9]:    8
[    0.094853] x86/fpu: Enabled xstate features 0x2e7, context size is 2440 bytes, using 'compacted' format.
[    0.110755] Freeing SMP alternatives memory: 40K
[    0.110854] pid_max: default: 32768 minimum: 301
[    0.111881] Mount-cache hash table entries: 2048 (order: 2, 16384 bytes, linear)
[    0.112854] Mountpoint-cache hash table entries: 2048 (order: 2, 16384 bytes, linear)
[    0.114009] smpboot: CPU0: AMD Ryzen 9 7950X 16-Core Processor (family: 0x19, model: 0x61, stepping: 0x2)
[    0.114944] RCU Tasks: Setting shift to 5 and lim to 1 rcu_task_cb_adjust=1.
[    0.115862] RCU Tasks Rude: Setting shift to 5 and lim to 1 rcu_task_cb_adjust=1.
[    0.116858] RCU Tasks Trace: Setting shift to 5 and lim to 1 rcu_task_cb_adjust=1.
[    0.117863] Performance Events: Fam17h+ core perfctr, AMD PMU driver.
[    0.118735] ... version:                0
[    0.118855] ... bit width:              48
[    0.119398] ... generic registers:      6
[    0.119855] ... value mask:             0000ffffffffffff
[    0.120559] ... max period:             00007fffffffffff
[    0.120855] ... fixed-purpose events:   0
[    0.121387] ... event mask:             000000000000003f
[    0.121925] signal: max sigframe size: 3376
[    0.122495] rcu: Hierarchical SRCU implementation.
[    0.122855] rcu: Max phase no-delay instances is 400.
[    0.125883] smp: Bringing up secondary CPUs ...
[    0.126540] smpboot: x86: Booting SMP configuration:
[    0.126856] .... node  #0, CPUs:        #1  #2  #3  #4  #5  #6  #7  #8  #9 #10 #11 #12 #13 #14 #15 #16 #17 #18 #19 #20 #21 #22 #23 #24 #25 #26 #27 #28 #29 #30 #31
[    0.148016] smp: Brought up 1 node, 32 CPUs
[    0.149563] smpboot: Max logical packages: 1
[    0.149856] smpboot: Total of 32 processors activated (287458.30 BogoMIPS)
[    0.153927] devtmpfs: initialized
[    0.154882] x86/mm: Memory block size: 128MB
[    0.156548] clocksource: jiffies: mask: 0xffffffff max_cycles: 0xffffffff, max_idle_ns: 1911260446275000 ns
[    0.156859] futex hash table entries: 8192 (order: 7, 524288 bytes, linear)
[    0.158038] PM: RTC time: 00:06:45, date: 2024-02-20
[    0.159253] NET: Registered PF_NETLINK/PF_ROUTE protocol family
[    0.160010] thermal_sys: Registered thermal governor 'step_wise'
[    0.160011] thermal_sys: Registered thermal governor 'user_space'
[    0.160884] cpuidle: using governor menu
[    0.163118] PCI: Using configuration type 1 for base access
[    0.163862] PCI: Using configuration type 1 for extended access
[    0.164898] kprobes: kprobe jump-optimization is enabled. All kprobes are optimized if possible.
[    0.172169] HugeTLB: registered 1.00 GiB page size, pre-allocated 0 pages
[    0.172856] HugeTLB: 16380 KiB vmemmap can be freed for a 1.00 GiB page
[    0.174856] HugeTLB: registered 2.00 MiB page size, pre-allocated 0 pages
[    0.175855] HugeTLB: 28 KiB vmemmap can be freed for a 2.00 MiB page
[    0.177250] ACPI: Added _OSI(Module Device)
[    0.177862] ACPI: Added _OSI(Processor Device)
[    0.178606] ACPI: Added _OSI(3.0 _SCP Extensions)
[    0.179856] ACPI: Added _OSI(Processor Aggregator Device)
[    0.181644] ACPI: 1 ACPI AML tables successfully acquired and loaded
[    0.182888] ACPI: _OSC evaluation for CPUs failed, trying _PDC
[    0.184033] ACPI: Interpreter enabled
[    0.184651] ACPI: PM: (supports S0 S3 S4 S5)
[    0.185856] ACPI: Using IOAPIC for interrupt routing
[    0.186697] PCI: Using host bridge windows from ACPI; if necessary, use "pci=nocrs" and report a bug
[    0.187856] PCI: Using E820 reservations for host bridge windows
[    0.188966] ACPI: Enabled 2 GPEs in block 00 to 0F
[    0.192993] ACPI: PCI Root Bridge [PCI0] (domain 0000 [bus 00-ff])
[    0.193859] acpi PNP0A03:00: _OSC: OS supports [ExtendedConfig ASPM ClockPM Segments MSI HPX-Type3]
[    0.195970] PCI host bridge to bus 0000:00
[    0.196659] pci_bus 0000:00: root bus resource [io  0x0000-0x0cf7 window]
[    0.197856] pci_bus 0000:00: root bus resource [io  0x0d00-0xffff window]
[    0.198856] pci_bus 0000:00: root bus resource [mem 0x000a0000-0x000bffff window]
[    0.199856] pci_bus 0000:00: root bus resource [mem 0x40000000-0xfebfffff window]
[    0.201856] pci_bus 0000:00: root bus resource [mem 0x100000000-0x17fffffff window]
[    0.202856] pci_bus 0000:00: root bus resource [bus 00-ff]
[    0.203884] pci 0000:00:00.0: [8086:1237] type 00 class 0x060000 conventional PCI endpoint
[    0.205297] pci 0000:00:01.0: [8086:7000] type 00 class 0x060100 conventional PCI endpoint
[    0.207255] pci 0000:00:01.1: [8086:7010] type 00 class 0x010180 conventional PCI endpoint
[    0.211843] pci 0000:00:01.1: BAR 4 [io  0xc080-0xc08f]
[    0.214651] pci 0000:00:01.1: BAR 0 [io  0x01f0-0x01f7]: legacy IDE quirk
[    0.215856] pci 0000:00:01.1: BAR 1 [io  0x03f6]: legacy IDE quirk
[    0.216855] pci 0000:00:01.1: BAR 2 [io  0x0170-0x0177]: legacy IDE quirk
[    0.217856] pci 0000:00:01.1: BAR 3 [io  0x0376]: legacy IDE quirk
[    0.218973] pci 0000:00:01.3: [8086:7113] type 00 class 0x068000 conventional PCI endpoint
[    0.221156] pci 0000:00:01.3: quirk: [io  0x0600-0x063f] claimed by PIIX4 ACPI
[    0.221862] pci 0000:00:01.3: quirk: [io  0x0700-0x070f] claimed by PIIX4 SMB
[    0.222998] pci 0000:00:02.0: [1af4:1009] type 00 class 0x000200 conventional PCI endpoint
[    0.225856] pci 0000:00:02.0: BAR 0 [io  0xc000-0xc03f]
[    0.227483] pci 0000:00:02.0: BAR 1 [mem 0xfebfd000-0xfebfdfff]
[    0.231856] pci 0000:00:02.0: BAR 4 [mem 0xfebf4000-0xfebf7fff 64bit pref]
[    0.236465] pci 0000:00:03.0: [1af4:1009] type 00 class 0x000200 conventional PCI endpoint
[    0.238856] pci 0000:00:03.0: BAR 0 [io  0xc040-0xc07f]
[    0.240464] pci 0000:00:03.0: BAR 1 [mem 0xfebfe000-0xfebfefff]
[    0.244856] pci 0000:00:03.0: BAR 4 [mem 0xfebf8000-0xfebfbfff 64bit pref]
[    0.248866] pci 0000:00:04.0: [8086:25ab] type 00 class 0x088000 conventional PCI endpoint
[    0.250324] pci 0000:00:04.0: BAR 0 [mem 0xfebff000-0xfebff00f]
[    0.253844] ACPI: PCI: Interrupt link LNKA configured for IRQ 10
[    0.254964] ACPI: PCI: Interrupt link LNKB configured for IRQ 10
[    0.255835] ACPI: PCI: Interrupt link LNKC configured for IRQ 11
[    0.256951] ACPI: PCI: Interrupt link LNKD configured for IRQ 11
[    0.257801] ACPI: PCI: Interrupt link LNKS configured for IRQ 9
[    0.259726] iommu: Default domain type: Translated
[    0.259856] iommu: DMA domain TLB invalidation policy: lazy mode
[    0.260680] SCSI subsystem initialized
[    0.261886] pps_core: LinuxPPS API ver. 1 registered
[    0.262529] pps_core: Software ver. 5.3.6 - Copyright 2005-2007 Rodolfo Giometti <giometti@linux.it>
[    0.262857] PTP clock support registered
[    0.263876] Advanced Linux Sound Architecture Driver Initialized.
[    0.265147] NET: Registered PF_ATMPVC protocol family
[    0.265814] NET: Registered PF_ATMSVC protocol family
[    0.266859] PCI: Using ACPI for IRQ routing
[    0.267468] vgaarb: loaded
[    0.267891] hpet0: at MMIO 0xfed00000, IRQs 2, 8, 0
[    0.268515] hpet0: 3 comparators, 64-bit 100.000000 MHz counter
[    0.274180] clocksource: Switched to clocksource kvm-clock
[    0.274948] VFS: Disk quotas dquot_6.6.0
[    0.275498] VFS: Dquot-cache hash table entries: 512 (order 0, 4096 bytes)
[    0.276432] pnp: PnP ACPI init
[    0.277014] pnp: PnP ACPI: found 5 devices
[    0.284546] clocksource: acpi_pm: mask: 0xffffff max_cycles: 0xffffff, max_idle_ns: 2085701024 ns
[    0.285728] NET: Registered PF_INET protocol family
[    0.286383] IP idents hash table entries: 16384 (order: 5, 131072 bytes, linear)
[    0.287488] tcp_listen_portaddr_hash hash table entries: 512 (order: 1, 8192 bytes, linear)
[    0.288578] Table-perturb hash table entries: 65536 (order: 6, 262144 bytes, linear)
[    0.289577] TCP established hash table entries: 8192 (order: 4, 65536 bytes, linear)
[    0.290616] TCP bind hash table entries: 8192 (order: 6, 262144 bytes, linear)
[    0.291636] TCP: Hash tables configured (established 8192 bind 8192)
[    0.292474] UDP hash table entries: 512 (order: 2, 16384 bytes, linear)
[    0.293326] UDP-Lite hash table entries: 512 (order: 2, 16384 bytes, linear)
[    0.294262] NET: Registered PF_UNIX/PF_LOCAL protocol family
[    0.294991] pci_bus 0000:00: resource 4 [io  0x0000-0x0cf7 window]
[    0.295787] pci_bus 0000:00: resource 5 [io  0x0d00-0xffff window]
[    0.296583] pci_bus 0000:00: resource 6 [mem 0x000a0000-0x000bffff window]
[    0.297467] pci_bus 0000:00: resource 7 [mem 0x40000000-0xfebfffff window]
[    0.298361] pci_bus 0000:00: resource 8 [mem 0x100000000-0x17fffffff window]
[    0.299301] pci 0000:00:01.0: PIIX3: Enabling Passive Release
[    0.300041] pci 0000:00:00.0: Limiting direct PCI/PCI transfers
[    0.300836] PCI: CLS 0 bytes, default 64
[    0.301369] kvm_intel: VMX not supported by CPU 17
[    0.301994] kvm_amd: TSC scaling supported
[    0.302527] kvm_amd: Nested Virtualization enabled
[    0.303149] kvm_amd: Nested Paging enabled
[    0.303682] kvm_amd: Virtual VMLOAD VMSAVE supported
[    0.304324] kvm_amd: Virtual GIF supported
[    0.304852] kvm_amd: Virtual NMI enabled
[    0.305363] kvm_amd: LBR virtualization supported
[    0.391691] workingset: timestamp_bits=56 max_order=18 bucket_order=0
[    0.392590] squashfs: version 4.0 (2009/01/31) Phillip Lougher
[    0.393375] fuse: init (API version 7.39)
[    0.393955] 9p: Installing v9fs 9p2000 file system support
[    0.394714] Key type asymmetric registered
[    0.395268] Block layer SCSI generic (bsg) driver version 0.4 loaded (major 249)
[    0.396245] io scheduler mq-deadline registered
[    0.396838] io scheduler kyber registered
[    0.398316] input: Power Button as /devices/LNXSYSTM:00/LNXPWRBN:00/input/input0
[    0.399361] ACPI: button: Power Button [PWRF]
[    0.399951] Warning: Processor Platform Limit event detected, but not handled.
[    0.400881] Consider compiling CPUfreq support into your kernel.
[    0.417876] ACPI: \_SB_.LNKB: Enabled at IRQ 10
[    0.434488] ACPI: \_SB_.LNKC: Enabled at IRQ 11
[    0.435789] Serial: 8250/16550 driver, 4 ports, IRQ sharing enabled
[    0.436723] 00:03: ttyS0 at I/O 0x3f8 (irq = 4, base_baud = 115200) is a 16550A
[    0.438138] Non-volatile memory driver v1.3
[    0.438683] Linux agpgart interface v0.103
[    0.439255] ACPI: bus type drm_connector registered
[    0.443801] loop: module loaded
[    0.444882] scsi host0: ata_piix
[    0.445463] scsi host1: ata_piix
[    0.445898] ata1: PATA max MWDMA2 cmd 0x1f0 ctl 0x3f6 bmdma 0xc080 irq 14 lpm-pol 0
[    0.446890] ata2: PATA max MWDMA2 cmd 0x170 ctl 0x376 bmdma 0xc088 irq 15 lpm-pol 0
[    0.448149] i8042: PNP: PS/2 Controller [PNP0303:KBD,PNP0f13:MOU] at 0x60,0x64 irq 1,12
[    0.449811] serio: i8042 KBD port at 0x60,0x64 irq 1
[    0.450474] serio: i8042 AUX port at 0x60,0x64 irq 12
[    0.451257] rtc_cmos 00:04: RTC can wake from S4
[    0.452271] input: AT Translated Set 2 keyboard as /devices/platform/i8042/serio0/input/input1
[    0.453494] rtc_cmos 00:04: registered as rtc0
[    0.454143] rtc_cmos 00:04: setting system clock to 2024-02-20T00:06:45 UTC (1708387605)
[    0.455231] rtc_cmos 00:04: alarms up to one day, y3k, 242 bytes nvram, hpet irqs
[    0.456553] i6300ESB timer 0000:00:04.0: initialized. heartbeat=30 sec (nowayout=0)
[    0.457619] device-mapper: ioctl: 4.48.0-ioctl (2023-03-01) initialised: dm-devel@redhat.com
[    0.458921] NET: Registered PF_PACKET protocol family
[    0.459588] 9pnet: Installing 9P2000 support
[    0.460833] Key type dns_resolver registered
[    0.462927] input: ImExPS/2 Generic Explorer Mouse as /devices/platform/i8042/serio1/input/input3
[    0.464409] IPI shorthand broadcast: enabled
[    0.466871] sched_clock: Marking stable (461000764, 5110192)->(480105588, -13994632)
[    0.468085] registered taskstats version 1
[    0.469789] PM:   Magic number: 12:538:102
[    0.470359] printk: legacy console [netcon0] enabled
[    0.470997] netconsole: network logging started
[    0.471618] ALSA device list:
[    0.472007]   No soundcards found.
[    0.605273] ata2: found unknown device (class 0)
[    0.606539] ata2.00: ATAPI: QEMU DVD-ROM, 2.5+, max UDMA/100
[    0.608357] scsi 1:0:0:0: CD-ROM            QEMU     QEMU DVD-ROM     2.5+ PQ: 0 ANSI: 5
[    0.616556] scsi 1:0:0:0: Attached scsi generic sg0 type 5
[    0.617446] md: Skipping autodetection of RAID arrays. (raid=autodetect will force)
[    0.618323] 9pnet_virtio: no channels available for device 
[    0.619314] VFS: Mounted root (9p filesystem) readonly on device 0:19.
[    0.620183] devtmpfs: mounted
[    0.621095] Freeing unused kernel image (initmem) memory: 2992K
[    0.631114] Write protecting the kernel read-only data: 22528k
[    0.632038] Freeing unused kernel image (rodata/data gap) memory: 212K
[    0.660844] x86/mm: Checked W+X mappings: passed, no W+X pages found.
[    0.661562] Run /usr/lib/python3.11/site-packages/virtme/guest/virtme-init as init process
[    0.679102] mount (239) used greatest stack depth: 13480 bytes left
[    0.725785] mount (257) used greatest stack depth: 13064 bytes left
[    0.743630] mount (273) used greatest stack depth: 12904 bytes left
[    0.781458] virtme-init: basic initialization done
[    0.785265] virtme-init: udevd not found
[    0.824611] virtme-init: Setting hostname to virtme-ng...
[    0.832734] ip (336) used greatest stack depth: 12360 bytes left
          _      _                                    
   __   _(_)_ __| |_ _ __ ___   ___       _ __   __ _ 
   \ \ / / |  __| __|  _   _ \ / _ \_____|  _ \ / _  |
    \ V /| | |  | |_| | | | | |  __/_____| | | | (_| |
     \_/ |_|_|   \__|_| |_| |_|\___|     |_| |_|\__  |
                                                |___/ 
   kernel version: 6.8.0-rc4-virtme x86_64

virtme-ng:/nipa-data/kernel# PS1='xx__-> '
xx__-> env
PWD=/nipa-data/kernel
HOME=/
TERM=xterm
SHLVL=2
XDG_RUNTIME_DIR=/run/user/0
PATH=/bin:/sbin:/usr/bin:/usr/sbin:/usr/local/bin
OLDPWD=/
_=/usr/bin/env
xx__-> 