No EFI environment detected.
early console in extract_kernel
input_data: 0x0000000004e862c4
input_len: 0x00000000019b6e01
output: 0x0000000001000000
output_len: 0x00000000057c4f0c
kernel_total_size: 0x0000000005430000
needed_size: 0x0000000005800000
trampoline_32bit: 0x0000000000000000
Physical KASLR using RDRAND RDTSC...
Virtual KASLR using RDRAND RDTSC...

Decompressing Linux... Parsing ELF... Performing relocations... done.
Booting the kernel (entry_offset: 0x0000000002c31838).
[    0.000000] Linux version 6.15.0-virtme (root@99508cb86990) (gcc (Ubuntu 13.3.0-6ubuntu2~24.04) 13.3.0, GNU ld (GNU Binutils for Ubuntu) 2.42) #1 SMP PREEMPT_DYNAMIC Wed Jun 11 09:26:13 UTC 2025
[    0.000000] Command line: virtme_hostname=virtme-ng nr_open=1048576 virtme_link_mods=/nipa-data/kernel/.virtme_mods/lib/modules/0.0.0 virtme_initmount0=nipa-data/kernel virtme_rw_overlay0=/etc virtme_rw_overlay1=/lib virtme_rw_overlay2=/home virtme_rw_overlay3=/opt virtme_rw_overlay4=/srv virtme_rw_overlay5=/usr virtme_rw_overlay6=/var console=hvc0 earlyprintk=serial,ttyS0,115200 virtme_console=ttyS0 psmouse.proto=exps TERM=xterm virtme_chdir=nipa-data/kernel virtme_root_user=1 rootfstype=9p rootflags=version=9p2000.L,trans=virtio,access=any raid=noautodetect ro init=/usr/lib/python3/dist-packages/virtme/guest/virtme-init
[    0.000000] BIOS-provided physical RAM map:
[    0.000000] BIOS-e820: [mem 0x0000000000000000-0x000000000009fbff] usable
[    0.000000] BIOS-e820: [mem 0x000000000009fc00-0x000000000009ffff] reserved
[    0.000000] BIOS-e820: [mem 0x00000000000f0000-0x00000000000fffff] reserved
[    0.000000] BIOS-e820: [mem 0x0000000000100000-0x000000003ffdffff] usable
[    0.000000] BIOS-e820: [mem 0x000000003ffe0000-0x000000003fffffff] reserved
[    0.000000] BIOS-e820: [mem 0x00000000feffc000-0x00000000feffffff] reserved
[    0.000000] BIOS-e820: [mem 0x00000000fffc0000-0x00000000ffffffff] reserved
[    0.000000] BIOS-e820: [mem 0x000000fd00000000-0x000000ffffffffff] reserved
[    0.000000] printk: legacy bootconsole [earlyser0] enabled
[    0.000000] NX (Execute Disable) protection: active
[    0.000000] APIC: Static calls initialized
[    0.000000] SMBIOS 3.0.0 present.
[    0.000000] DMI: QEMU Ubuntu 24.04 PC (i440FX + PIIX, 1996), BIOS 1.16.3-debian-1.16.3-2 04/01/2014
[    0.000000] DMI: Memory slots populated: 1/1
[    0.000000] Hypervisor detected: KVM
[    0.000000] kvm-clock: Using msrs 4b564d01 and 4b564d00
[    0.000000] kvm-clock: using sched offset of 319251089 cycles
[    0.000371] clocksource: kvm-clock: mask: 0xffffffffffffffff max_cycles: 0x1cd42e4dffb, max_idle_ns: 881590591483 ns
[    0.001522] tsc: Detected 4491.564 MHz processor
[    0.002192] last_pfn = 0x3ffe0 max_arch_pfn = 0x400000000
[    0.002598] MTRR map: 4 entries (3 fixed + 1 variable; max 19), built from 8 variable MTRRs
[    0.003190] x86/PAT: Configuration [0-7]: WB  WC  UC- UC  WB  WP  UC- WT  
[    0.005128] found SMP MP-table at [mem 0x000f5470-0x000f547f]
[    0.005541] Using GB pages for direct mapping
[    0.006041] ACPI: Early table checksum verification disabled
[    0.006442] ACPI: RSDP 0x00000000000F5290 000014 (v00 BOCHS )
[    0.006851] ACPI: RSDT 0x000000003FFE27BC 000034 (v01 BOCHS  BXPC     00000001 BXPC 00000001)
[    0.007460] ACPI: FACP 0x000000003FFE2578 000074 (v01 BOCHS  BXPC     00000001 BXPC 00000001)
[    0.008066] ACPI: DSDT 0x000000003FFE0040 002538 (v01 BOCHS  BXPC     00000001 BXPC 00000001)
[    0.008671] ACPI: FACS 0x000000003FFE0000 000040
[    0.009000] ACPI: APIC 0x000000003FFE25EC 000170 (v03 BOCHS  BXPC     00000001 BXPC 00000001)
[    0.009605] ACPI: HPET 0x000000003FFE275C 000038 (v01 BOCHS  BXPC     00000001 BXPC 00000001)
[    0.010209] ACPI: WAET 0x000000003FFE2794 000028 (v01 BOCHS  BXPC     00000001 BXPC 00000001)
[    0.010813] ACPI: Reserving FACP table memory at [mem 0x3ffe2578-0x3ffe25eb]
[    0.011312] ACPI: Reserving DSDT table memory at [mem 0x3ffe0040-0x3ffe2577]
[    0.011812] ACPI: Reserving FACS table memory at [mem 0x3ffe0000-0x3ffe003f]
[    0.012310] ACPI: Reserving APIC table memory at [mem 0x3ffe25ec-0x3ffe275b]
[    0.012808] ACPI: Reserving HPET table memory at [mem 0x3ffe275c-0x3ffe2793]
[    0.013305] ACPI: Reserving WAET table memory at [mem 0x3ffe2794-0x3ffe27bb]
[    0.013997] No NUMA configuration found
[    0.014269] Faking a node at [mem 0x0000000000000000-0x000000003ffdffff]
[    0.014744] NODE_DATA(0) allocated [mem 0x3ffdb740-0x3ffdffff]
[    0.015174] Zone ranges:
[    0.015353]   DMA      [mem 0x0000000000001000-0x0000000000ffffff]
[    0.015794]   DMA32    [mem 0x0000000001000000-0x000000003ffdffff]
[    0.016231]   Normal   empty
[    0.016436]   Device   empty
[    0.016640] Movable zone start for each node
[    0.016941] Early memory node ranges
[    0.017194]   node   0: [mem 0x0000000000001000-0x000000000009efff]
[    0.017637]   node   0: [mem 0x0000000000100000-0x000000003ffdffff]
[    0.018081] Initmem setup node 0 [mem 0x0000000000001000-0x000000003ffdffff]
[    0.018584] On node 0, zone DMA: 1 pages in unavailable ranges
[    0.019050] On node 0, zone DMA: 97 pages in unavailable ranges
[    0.023583] On node 0, zone DMA32: 32 pages in unavailable ranges
[    0.032930] kasan: KernelAddressSanitizer initialized
[    0.033518] ACPI: PM-Timer IO Port: 0x608
[    0.033814] ACPI: LAPIC_NMI (acpi_id[0xff] dfl dfl lint[0x1])
[    0.034244] IOAPIC[0]: apic_id 0, version 17, address 0xfec00000, GSI 0-23
[    0.034732] ACPI: INT_SRC_OVR (bus 0 bus_irq 0 global_irq 2 dfl dfl)
[    0.035182] ACPI: INT_SRC_OVR (bus 0 bus_irq 5 global_irq 5 high level)
[    0.035670] ACPI: INT_SRC_OVR (bus 0 bus_irq 9 global_irq 9 high level)
[    0.036138] ACPI: INT_SRC_OVR (bus 0 bus_irq 10 global_irq 10 high level)
[    0.036617] ACPI: INT_SRC_OVR (bus 0 bus_irq 11 global_irq 11 high level)
[    0.037097] ACPI: Using ACPI (MADT) for SMP configuration information
[    0.037552] ACPI: HPET id: 0x8086a201 base: 0xfed00000
[    0.037916] TSC deadline timer available
[    0.038204] CPU topo: Max. logical packages:   1
[    0.038530] CPU topo: Max. logical dies:       1
[    0.038856] CPU topo: Max. dies per package:   1
[    0.039191] CPU topo: Max. threads per core:   1
[    0.039521] CPU topo: Num. cores per package:    32
[    0.039865] CPU topo: Num. threads per package:  32
[    0.040210] CPU topo: Allowing 32 present CPUs plus 0 hotplug CPUs
[    0.040660] kvm-guest: APIC: eoi() replaced with kvm_guest_apic_eoi_write()
[    0.041165] kvm-guest: KVM setup pv remote TLB flush
[    0.041517] kvm-guest: setup PV sched yield
[    0.041820] PM: hibernation: Registered nosave memory: [mem 0x00000000-0x00000fff]
[    0.042356] PM: hibernation: Registered nosave memory: [mem 0x0009f000-0x000fffff]
[    0.042891] [mem 0x40000000-0xfeffbfff] available for PCI devices
[    0.043322] Booting paravirtualized kernel on KVM
[    0.043658] clocksource: refined-jiffies: mask: 0xffffffff max_cycles: 0xffffffff, max_idle_ns: 1910969940391419 ns
[    0.052557] setup_percpu: NR_CPUS:64 nr_cpumask_bits:32 nr_cpu_ids:32 nr_node_ids:1
[    0.054351] percpu: Embedded 65 pages/cpu s229208 r8192 d28840 u524288
[    0.054888] Kernel command line: virtme_hostname=virtme-ng nr_open=1048576 virtme_link_mods=/nipa-data/kernel/.virtme_mods/lib/modules/0.0.0 virtme_initmount0=nipa-data/kernel virtme_rw_overlay0=/etc virtme_rw_overlay1=/lib virtme_rw_overlay2=/home virtme_rw_overlay3=/opt virtme_rw_overlay4=/srv virtme_rw_overlay5=/usr virtme_rw_overlay6=/var console=hvc0 earlyprintk=serial,ttyS0,115200 virtme_console=ttyS0 psmouse.proto=exps TERM=xterm virtme_chdir=nipa-data/kernel virtme_root_user=1 rootfstype=9p rootflags=version=9p2000.L,trans=virtio,access=any raid=noautodetect ro init=/usr/lib/python3/dist-packages/virtme/guest/virtme-init
[    0.059056] Unknown kernel command line parameters "virtme_hostname=virtme-ng nr_open=1048576 virtme_link_mods=/nipa-data/kernel/.virtme_mods/lib/modules/0.0.0 virtme_initmount0=nipa-data/kernel virtme_rw_overlay0=/etc virtme_rw_overlay1=/lib virtme_rw_overlay2=/home virtme_rw_overlay3=/opt virtme_rw_overlay4=/srv virtme_rw_overlay5=/usr virtme_rw_overlay6=/var virtme_console=ttyS0 virtme_chdir=nipa-data/kernel virtme_root_user=1", will be passed to user space.
[    0.062210] random: crng init done
[    0.062458] printk: log buffer data + meta data: 262144 + 917504 = 1179648 bytes
[    0.063015] Dentry cache hash table entries: 131072 (order: 8, 1048576 bytes, linear)
[    0.063691] Inode-cache hash table entries: 65536 (order: 7, 524288 bytes, linear)
[    0.064996] Fallback order for Node 0: 0 
[    0.065000] Built 1 zonelists, mobility grouping on.  Total pages: 262014
[    0.065786] Policy zone: DMA32
[    0.066008] mem auto-init: stack:all(zero), heap alloc:off, heap free:off
[    0.066503] stackdepot: allocating hash table via alloc_large_system_hash
[    0.066998] stackdepot hash table entries: 1048576 (order: 12, 16777216 bytes, linear)
[    0.074820] SLUB: HWalign=64, Order=0-3, MinObjects=0, CPUs=32, Nodes=1
Poking KASLR using RDRAND RDTSC...
[    0.084290] ftrace: allocating 49466 entries in 196 pages
[    0.084682] ftrace: allocated 196 pages with 3 groups
[    0.085932] Dynamic Preempt: voluntary
[    0.086676] rcu: Preemptible hierarchical RCU implementation.
[    0.087093] rcu: RCU event tracing is enabled.
[    0.087423] rcu: RCU restricting CPUs from NR_CPUS=64 to nr_cpu_ids=32.
[    0.087909] Trampoline variant of Tasks RCU enabled.
[    0.088274] Rude variant of Tasks RCU enabled.
[    0.088601] Tracing variant of Tasks RCU enabled.
[    0.088947] rcu: RCU calculated value of scheduler-enlistment delay is 100 jiffies.
[    0.089500] rcu: Adjusting geometry for rcu_fanout_leaf=16, nr_cpu_ids=32
[    0.090062] RCU Tasks: Setting shift to 5 and lim to 1 rcu_task_cb_adjust=1 rcu_task_cpu_ids=32.
[    0.090700] RCU Tasks Rude: Setting shift to 5 and lim to 1 rcu_task_cb_adjust=1 rcu_task_cpu_ids=32.
[    0.091369] RCU Tasks Trace: Setting shift to 5 and lim to 1 rcu_task_cb_adjust=1 rcu_task_cpu_ids=32.
[    0.101549] NR_IRQS: 4352, nr_irqs: 680, preallocated irqs: 16
[    0.102222] rcu: srcu_init: Setting srcu_struct sizes based on contention.
[    0.103112] Console: colour *CGA 80x25
[    0.103460] ACPI: Core revision 20250404
[    0.103902] clocksource: hpet: mask: 0xffffffff max_cycles: 0xffffffff, max_idle_ns: 19112604467 ns
[    0.104625] APIC: Switch to symmetric I/O mode setup
[    0.105130] x2apic enabled
[    0.105511] APIC: Switched APIC routing to: physical x2apic
[    0.105911] kvm-guest: APIC: send_IPI_mask() replaced with kvm_send_ipi_mask()
[    0.106432] kvm-guest: APIC: send_IPI_mask_allbutself() replaced with kvm_send_ipi_mask_allbutself()
[    0.107070] kvm-guest: setup PV IPIs
[    0.108155] ..TIMER: vector=0x30 apic1=0 pin1=2 apic2=-1 pin2=-1
[    0.108948] clocksource: tsc-early: mask: 0xffffffffffffffff max_cycles: 0x40be463295d, max_idle_ns: 440795209293 ns
[    0.110296] Calibrating delay loop (skipped) preset value.. 8983.12 BogoMIPS (lpj=4491564)
[    0.111365] x86/cpu: User Mode Instruction Prevention (UMIP) activated
[    0.112352] Last level iTLB entries: 4KB 512, 2MB 255, 4MB 127
[    0.113294] Last level dTLB entries: 4KB 512, 2MB 255, 4MB 127, 1GB 0
[    0.114304] Speculative Store Bypass: Mitigation: Speculative Store Bypass disabled via prctl
[    0.115294] Speculative Return Stack Overflow: IBPB-extending microcode not applied!
[    0.116294] Speculative Return Stack Overflow: WARNING: See https://kernel.org/doc/html/latest/admin-guide/hw-vuln/srso.html for mitigation options.
[    0.116295] Spectre V2 : Mitigation: Enhanced / Automatic IBRS
[    0.118025] Speculative Return Stack Overflow: Vulnerable: Safe RET, no microcode
[    0.118294] Spectre V1 : Mitigation: usercopy/swapgs barriers and __user pointer sanitization
[    0.119298] Spectre V2 : mitigation: Enabling conditional Indirect Branch Prediction Barrier
[    0.120310] x86/fpu: Supporting XSAVE feature 0x001: 'x87 floating point registers'
[    0.121294] x86/fpu: Supporting XSAVE feature 0x002: 'SSE registers'
[    0.122294] x86/fpu: Supporting XSAVE feature 0x004: 'AVX registers'
[    0.123294] x86/fpu: Supporting XSAVE feature 0x020: 'AVX-512 opmask'
[    0.124294] x86/fpu: Supporting XSAVE feature 0x040: 'AVX-512 Hi256'
[    0.125294] x86/fpu: Supporting XSAVE feature 0x080: 'AVX-512 ZMM_Hi256'
[    0.126118] x86/fpu: Supporting XSAVE feature 0x200: 'Protection Keys User registers'
[    0.126294] x86/fpu: xstate_offset[2]:  576, xstate_sizes[2]:  256
[    0.127294] x86/fpu: xstate_offset[5]:  832, xstate_sizes[5]:   64
[    0.128294] x86/fpu: xstate_offset[6]:  896, xstate_sizes[6]:  512
[    0.129294] x86/fpu: xstate_offset[7]: 1408, xstate_sizes[7]: 1024
[    0.130053] x86/fpu: xstate_offset[9]: 2432, xstate_sizes[9]:    8
[    0.130294] x86/fpu: Enabled xstate features 0x2e7, context size is 2440 bytes, using 'compacted' format.
[    0.152910] Freeing SMP alternatives memory: 40K
[    0.153296] pid_max: default: 32768 minimum: 301
[    0.153991] Mount-cache hash table entries: 2048 (order: 2, 16384 bytes, linear)
[    0.154296] Mountpoint-cache hash table entries: 2048 (order: 2, 16384 bytes, linear)
[    0.156776] smpboot: CPU0: AMD Ryzen 9 7950X 16-Core Processor (family: 0x19, model: 0x61, stepping: 0x2)
[    0.157747] Performance Events: Fam17h+ core perfctr, AMD PMU driver.
[    0.158298] ... version:                0
[    0.158791] ... bit width:              48
[    0.159296] ... generic registers:      6
[    0.159789] ... value mask:             0000ffffffffffff
[    0.160296] ... max period:             00007fffffffffff
[    0.160949] ... fixed-purpose events:   0
[    0.161296] ... event mask:             000000000000003f
[    0.162138] signal: max sigframe size: 3376
[    0.162344] rcu: Hierarchical SRCU implementation.
[    0.162936] rcu: Max phase no-delay instances is 400.
[    0.163382] Timer migration: 2 hierarchy levels; 8 children per group; 2 crossnode level
[    0.168308] smp: Bringing up secondary CPUs ...
[    0.169062] smpboot: x86: Booting SMP configuration:
[    0.169298] .... node  #0, CPUs:        #1  #2  #3  #4  #5  #6  #7  #8  #9 #10 #11 #12 #13 #14 #15 #16 #17 #18 #19 #20 #21 #22 #23 #24 #25 #26 #27 #28 #29 #30 #31
[    0.185397] smp: Brought up 1 node, 32 CPUs
[    0.186824] smpboot: Total of 32 processors activated (287460.09 BogoMIPS)
[    0.190505] Memory: 759260K/1048056K available (45254K kernel code, 11687K rwdata, 10392K rodata, 6200K init, 1104K bss, 273000K reserved, 0K cma-reserved)
[    0.191425] devtmpfs: initialized
[    0.192330] x86/mm: Memory block size: 128MB
[    0.199354] clocksource: jiffies: mask: 0xffffffff max_cycles: 0xffffffff, max_idle_ns: 1911260446275000 ns
[    0.200305] posixtimers hash table entries: 16384 (order: 6, 262144 bytes, linear)
[    0.201330] futex hash table entries: 8192 (524288 bytes on 1 NUMA nodes, total 512 KiB, linear).
[    0.202627] PM: RTC time: 09:26:35, date: 2025-06-11
[    0.204057] NET: Registered PF_NETLINK/PF_ROUTE protocol family
[    0.205176] thermal_sys: Registered thermal governor 'step_wise'
[    0.205207] cpuidle: using governor menu
[    0.206810] PCI: Using configuration type 1 for base access
[    0.207296] PCI: Using configuration type 1 for extended access
[    0.208167] kprobes: kprobe jump-optimization is enabled. All kprobes are optimized if possible.
[    0.224334] HugeTLB: allocation took 0ms with hugepage_allocation_threads=8
[    0.225328] HugeTLB: registered 1.00 GiB page size, pre-allocated 0 pages
[    0.226160] HugeTLB: 16380 KiB vmemmap can be freed for a 1.00 GiB page
[    0.226296] HugeTLB: registered 2.00 MiB page size, pre-allocated 0 pages
[    0.227124] HugeTLB: 28 KiB vmemmap can be freed for a 2.00 MiB page
[    0.229471] ACPI: Added _OSI(Module Device)
[    0.229990] ACPI: Added _OSI(Processor Device)
[    0.230296] ACPI: Added _OSI(Processor Aggregator Device)
[    0.255161] ACPI: 1 ACPI AML tables successfully acquired and loaded
[    0.260234] ACPI: Interpreter enabled
[    0.260357] ACPI: PM: (supports S0 S3 S4 S5)
[    0.260876] ACPI: Using IOAPIC for interrupt routing
[    0.261347] PCI: Using host bridge windows from ACPI; if necessary, use "pci=nocrs" and report a bug
[    0.263296] PCI: Using E820 reservations for host bridge windows
[    0.265127] ACPI: Enabled 2 GPEs in block 00 to 0F
[    0.314003] ACPI: PCI Root Bridge [PCI0] (domain 0000 [bus 00-ff])
[    0.315310] acpi PNP0A03:00: _OSC: OS supports [ExtendedConfig ASPM ClockPM Segments MSI HPX-Type3]
[    0.316804] PCI host bridge to bus 0000:00
[    0.317352] pci_bus 0000:00: root bus resource [io  0x0000-0x0cf7 window]
[    0.318214] pci_bus 0000:00: root bus resource [io  0x0d00-0xffff window]
[    0.318299] pci_bus 0000:00: root bus resource [mem 0x000a0000-0x000bffff window]
[    0.319212] pci_bus 0000:00: root bus resource [mem 0x40000000-0xfebfffff window]
[    0.320299] pci_bus 0000:00: root bus resource [mem 0x100000000-0x17fffffff window]
[    0.321237] pci_bus 0000:00: root bus resource [bus 00-ff]
[    0.322393] pci 0000:00:00.0: [8086:1237] type 00 class 0x060000 conventional PCI endpoint
[    0.324200] pci 0000:00:01.0: [8086:7000] type 00 class 0x060100 conventional PCI endpoint
[    0.326190] pci 0000:00:01.1: [8086:7010] type 00 class 0x010180 conventional PCI endpoint
[    0.327754] pci 0000:00:01.1: BAR 4 [io  0xc0c0-0xc0cf]
[    0.328315] pci 0000:00:01.1: BAR 0 [io  0x01f0-0x01f7]: legacy IDE quirk
[    0.329142] pci 0000:00:01.1: BAR 1 [io  0x03f6]: legacy IDE quirk
[    0.329296] pci 0000:00:01.1: BAR 2 [io  0x0170-0x0177]: legacy IDE quirk
[    0.330131] pci 0000:00:01.1: BAR 3 [io  0x0376]: legacy IDE quirk
[    0.332009] pci 0000:00:01.3: [8086:7113] type 00 class 0x068000 conventional PCI endpoint
[    0.333523] pci 0000:00:01.3: quirk: [io  0x0600-0x063f] claimed by PIIX4 ACPI
[    0.334300] pci 0000:00:01.3: quirk: [io  0x0700-0x070f] claimed by PIIX4 SMB
[    0.335925] pci 0000:00:02.0: [1af4:1009] type 00 class 0x000200 conventional PCI endpoint
[    0.338301] pci 0000:00:02.0: BAR 0 [io  0xc000-0xc03f]
[    0.338945] pci 0000:00:02.0: BAR 1 [mem 0xfebfc000-0xfebfcfff]
[    0.339310] pci 0000:00:02.0: BAR 4 [mem 0xfebf0000-0xfebf3fff 64bit pref]
[    0.352023] pci 0000:00:03.0: [1af4:1009] type 00 class 0x000200 conventional PCI endpoint
[    0.354301] pci 0000:00:03.0: BAR 0 [io  0xc040-0xc07f]
[    0.354951] pci 0000:00:03.0: BAR 1 [mem 0xfebfd000-0xfebfdfff]
[    0.355310] pci 0000:00:03.0: BAR 4 [mem 0xfebf4000-0xfebf7fff 64bit pref]
[    0.367956] pci 0000:00:04.0: [8086:25ab] type 00 class 0x088000 conventional PCI endpoint
[    0.369669] pci 0000:00:04.0: BAR 0 [mem 0xfebfe000-0xfebfe00f]
[    0.381999] pci 0000:00:05.0: [1af4:1003] type 00 class 0x078000 conventional PCI endpoint
[    0.384039] pci 0000:00:05.0: BAR 0 [io  0xc080-0xc0bf]
[    0.384300] pci 0000:00:05.0: BAR 1 [mem 0xfebff000-0xfebfffff]
[    0.385034] pci 0000:00:05.0: BAR 4 [mem 0xfebf8000-0xfebfbfff 64bit pref]
[    0.400554] ACPI: PCI: Interrupt link LNKA configured for IRQ 10
[    0.402275] ACPI: PCI: Interrupt link LNKB configured for IRQ 10
[    0.403248] ACPI: PCI: Interrupt link LNKC configured for IRQ 11
[    0.405248] ACPI: PCI: Interrupt link LNKD configured for IRQ 11
[    0.406693] ACPI: PCI: Interrupt link LNKS configured for IRQ 9
[    0.426383] iommu: Default domain type: Translated
[    0.426974] iommu: DMA domain TLB invalidation policy: lazy mode
[    0.429654] SCSI subsystem initialized
[    0.430461] pps_core: LinuxPPS API ver. 1 registered
[    0.431074] pps_core: Software ver. 5.3.6 - Copyright 2005-2007 Rodolfo Giometti <giometti@linux.it>
[    0.432313] PTP clock support registered
[    0.433464] Advanced Linux Sound Architecture Driver Initialized.
[    0.435448] NET: Registered PF_ATMPVC protocol family
[    0.436068] NET: Registered PF_ATMSVC protocol family
[    0.436333] PCI: Using ACPI for IRQ routing
[    0.437331] vgaarb: loaded
[    0.437416] hpet0: at MMIO 0xfed00000, IRQs 2, 8, 0
[    0.438023] hpet0: 3 comparators, 64-bit 100.000000 MHz counter
[    0.443428] clocksource: Switched to clocksource kvm-clock
[    0.444604] VFS: Disk quotas dquot_6.6.0
[    0.445097] VFS: Dquot-cache hash table entries: 512 (order 0, 4096 bytes)
[    0.446726] pnp: PnP ACPI init
[    0.449576] pnp: PnP ACPI: found 5 devices
[    0.461369] clocksource: acpi_pm: mask: 0xffffff max_cycles: 0xffffff, max_idle_ns: 2085701024 ns
[    0.462521] NET: Registered PF_INET protocol family
[    0.463162] IP idents hash table entries: 16384 (order: 5, 131072 bytes, linear)
[    0.464424] tcp_listen_portaddr_hash hash table entries: 512 (order: 1, 8192 bytes, linear)
[    0.465466] Table-perturb hash table entries: 65536 (order: 6, 262144 bytes, linear)
[    0.466430] TCP established hash table entries: 8192 (order: 4, 65536 bytes, linear)
[    0.467369] TCP bind hash table entries: 8192 (order: 6, 262144 bytes, linear)
[    0.468248] TCP: Hash tables configured (established 8192 bind 8192)
[    0.469178] UDP hash table entries: 512 (order: 3, 32768 bytes, linear)
[    0.470005] UDP-Lite hash table entries: 512 (order: 3, 32768 bytes, linear)
[    0.471081] NET: Registered PF_UNIX/PF_LOCAL protocol family
[    0.471788] pci_bus 0000:00: resource 4 [io  0x0000-0x0cf7 window]
[    0.472533] pci_bus 0000:00: resource 5 [io  0x0d00-0xffff window]
[    0.473289] pci_bus 0000:00: resource 6 [mem 0x000a0000-0x000bffff window]
[    0.474118] pci_bus 0000:00: resource 7 [mem 0x40000000-0xfebfffff window]
[    0.474947] pci_bus 0000:00: resource 8 [mem 0x100000000-0x17fffffff window]
[    0.475998] pci 0000:00:01.0: PIIX3: Enabling Passive Release
[    0.476695] pci 0000:00:00.0: Limiting direct PCI/PCI transfers
[    0.477443] PCI: CLS 0 bytes, default 64
[    0.478048] kvm_intel: VMX not supported by CPU 21
[    0.478781] kvm_amd: TSC scaling supported
[    0.479276] kvm_amd: Nested Virtualization enabled
[    0.479860] kvm_amd: Nested Paging enabled
[    0.480353] kvm_amd: LBR virtualization supported
[    0.480933] kvm_amd: Virtual GIF supported
[    0.481439] kvm_amd: Virtual NMI enabled
[    0.510305] clocksource: tsc: mask: 0xffffffffffffffff max_cycles: 0x40be463295d, max_idle_ns: 440795209293 ns
[    0.526776] Initialise system trusted keyrings
[    0.527669] workingset: timestamp_bits=56 max_order=18 bucket_order=0
[    0.528570] squashfs: version 4.0 (2009/01/31) Phillip Lougher
[    0.529298] fuse: init (API version 7.44)
[    0.529928] 9p: Installing v9fs 9p2000 file system support
[    0.539741] Key type asymmetric registered
[    0.540248] Asymmetric key parser 'x509' registered
[    0.540912] Block layer SCSI generic (bsg) driver version 0.4 loaded (major 249)
[    0.541851] io scheduler mq-deadline registered
[    0.542409] io scheduler kyber registered
[    0.544901] input: Power Button as /devices/LNXSYSTM:00/LNXPWRBN:00/input/input0
[    0.546057] ACPI: button: Power Button [PWRF]
[    0.547969] Warning: Processor Platform Limit event detected, but not handled.
[    0.548876] Consider compiling CPUfreq support into your kernel.
[    1.424460] ACPI: \_SB_.LNKB: Enabled at IRQ 10
[    2.310855] ACPI: \_SB_.LNKC: Enabled at IRQ 11
[    3.199572] ACPI: \_SB_.LNKA: Enabled at IRQ 10
[    3.200982] Serial: 8250/16550 driver, 4 ports, IRQ sharing enabled
[    3.202105] 00:03: ttyS0 at I/O 0x3f8 (irq = 4, base_baud = 115200) is a 16550A
[    3.235712] Non-volatile memory driver v1.3
[    3.236253] Linux agpgart interface v0.103
[    3.236923] printk: legacy console [hvc0] enabled
[    3.237008] ACPI: bus type drm_connector registered
[    3.237536] printk: legacy bootconsole [earlyser0] disabled
          _      _                                    
   __   _(_)_ __| |_ _ __ ___   ___       _ __   __ _ 
   \ \ / / |  __| __|  _   _ \ / _ \_____|  _ \ / _  |
    \ V /| | |  | |_| | | | | |  __/_____| | | | (_| |
     \_/ |_|_|   \__|_| |_| |_|\___|     |_| |_|\__  |
                                                |___/ 
   kernel version: 6.15.0-virtme x86_64
   (CTRL+d to exit)

root@virtme-ng:/nipa-data/kernel# PS1='xx__-> '
xx__-> env
PWD=/nipa-data/kernel
nr_open=1048576
HOME=/
TERM=xterm
SHLVL=2
XDG_RUNTIME_DIR=/run/user/0
PATH=/bin:/sbin:/usr/bin:/usr/sbin:/usr/local/bin
OLDPWD=/
_=/bin/env
xx__-> 