No EFI environment detected.
early console in extract_kernel
input_data: 0x0000000004c892c4
input_len: 0x0000000001973f5b
output: 0x0000000001000000
output_len: 0x0000000005586754
kernel_total_size: 0x0000000005230000
needed_size: 0x0000000005600000
trampoline_32bit: 0x0000000000000000
Physical KASLR using RDRAND RDTSC...
Virtual KASLR using RDRAND RDTSC...

Decompressing Linux... Parsing ELF... Performing relocations... done.
Booting the kernel (entry_offset: 0x0000000002bbcf80).
[    0.000000] Linux version 6.15.0-rc1-virtme (root@e6cd527c09e4) (gcc (Ubuntu 13.3.0-6ubuntu2~24.04) 13.3.0, GNU ld (GNU Binutils for Ubuntu) 2.42) #1 SMP PREEMPT_DYNAMIC Sat Apr 12 09:26:52 UTC 2025
[    0.000000] Command line: virtme_hostname=virtme-ng nr_open=1048576 virtme_link_mods=/nipa-data/kernel/.virtme_mods/lib/modules/0.0.0 virtme_initmount0=nipa-data/kernel virtme_rw_overlay0=/etc virtme_rw_overlay1=/lib virtme_rw_overlay2=/home virtme_rw_overlay3=/opt virtme_rw_overlay4=/srv virtme_rw_overlay5=/usr virtme_rw_overlay6=/var console=hvc0 earlyprintk=serial,ttyS0,115200 virtme_console=ttyS0 psmouse.proto=exps TERM=xterm virtme_chdir=nipa-data/kernel virtme_root_user=1 rootfstype=9p rootflags=version=9p2000.L,trans=virtio,access=any raid=noautodetect ro init=/usr/lib/python3/dist-packages/virtme/guest/virtme-init
[    0.000000] BIOS-provided physical RAM map:
[    0.000000] BIOS-e820: [mem 0x0000000000000000-0x000000000009fbff] usable
[    0.000000] BIOS-e820: [mem 0x000000000009fc00-0x000000000009ffff] reserved
[    0.000000] BIOS-e820: [mem 0x00000000000f0000-0x00000000000fffff] reserved
[    0.000000] BIOS-e820: [mem 0x0000000000100000-0x000000003ffdffff] usable
[    0.000000] BIOS-e820: [mem 0x000000003ffe0000-0x000000003fffffff] reserved
[    0.000000] BIOS-e820: [mem 0x00000000feffc000-0x00000000feffffff] reserved
[    0.000000] BIOS-e820: [mem 0x00000000fffc0000-0x00000000ffffffff] reserved
[    0.000000] BIOS-e820: [mem 0x000000fd00000000-0x000000ffffffffff] reserved
[    0.000000] printk: legacy bootconsole [earlyser0] enabled
[    0.000000] NX (Execute Disable) protection: active
[    0.000000] APIC: Static calls initialized
[    0.000000] SMBIOS 3.0.0 present.
[    0.000000] DMI: QEMU Ubuntu 24.04 PC (i440FX + PIIX, 1996), BIOS 1.16.3-debian-1.16.3-2 04/01/2014
[    0.000000] DMI: Memory slots populated: 1/1
[    0.000000] Hypervisor detected: KVM
[    0.000000] kvm-clock: Using msrs 4b564d01 and 4b564d00
[    0.000000] kvm-clock: using sched offset of 345371450 cycles
[    0.000370] clocksource: kvm-clock: mask: 0xffffffffffffffff max_cycles: 0x1cd42e4dffb, max_idle_ns: 881590591483 ns
[    0.001516] tsc: Detected 4491.524 MHz processor
[    0.002182] last_pfn = 0x3ffe0 max_arch_pfn = 0x400000000
[    0.002586] MTRR map: 4 entries (3 fixed + 1 variable; max 19), built from 8 variable MTRRs
[    0.003180] x86/PAT: Configuration [0-7]: WB  WC  UC- UC  WB  WP  UC- WT  
[    0.005102] found SMP MP-table at [mem 0x000f5470-0x000f547f]
[    0.005512] Using GB pages for direct mapping
[    0.005971] ACPI: Early table checksum verification disabled
[    0.006371] ACPI: RSDP 0x00000000000F5290 000014 (v00 BOCHS )
[    0.006779] ACPI: RSDT 0x000000003FFE27BC 000034 (v01 BOCHS  BXPC     00000001 BXPC 00000001)
[    0.007387] ACPI: FACP 0x000000003FFE2578 000074 (v01 BOCHS  BXPC     00000001 BXPC 00000001)
[    0.007991] ACPI: DSDT 0x000000003FFE0040 002538 (v01 BOCHS  BXPC     00000001 BXPC 00000001)
[    0.008595] ACPI: FACS 0x000000003FFE0000 000040
[    0.008923] ACPI: APIC 0x000000003FFE25EC 000170 (v03 BOCHS  BXPC     00000001 BXPC 00000001)
[    0.009524] ACPI: HPET 0x000000003FFE275C 000038 (v01 BOCHS  BXPC     00000001 BXPC 00000001)
[    0.010127] ACPI: WAET 0x000000003FFE2794 000028 (v01 BOCHS  BXPC     00000001 BXPC 00000001)
[    0.010730] ACPI: Reserving FACP table memory at [mem 0x3ffe2578-0x3ffe25eb]
[    0.011228] ACPI: Reserving DSDT table memory at [mem 0x3ffe0040-0x3ffe2577]
[    0.011725] ACPI: Reserving FACS table memory at [mem 0x3ffe0000-0x3ffe003f]
[    0.012223] ACPI: Reserving APIC table memory at [mem 0x3ffe25ec-0x3ffe275b]
[    0.012719] ACPI: Reserving HPET table memory at [mem 0x3ffe275c-0x3ffe2793]
[    0.013216] ACPI: Reserving WAET table memory at [mem 0x3ffe2794-0x3ffe27bb]
[    0.013903] No NUMA configuration found
[    0.014174] Faking a node at [mem 0x0000000000000000-0x000000003ffdffff]
[    0.014648] NODE_DATA(0) allocated [mem 0x3ffdb600-0x3ffdffff]
[    0.015078] Zone ranges:
[    0.015257]   DMA      [mem 0x0000000000001000-0x0000000000ffffff]
[    0.015694]   DMA32    [mem 0x0000000001000000-0x000000003ffdffff]
[    0.016130]   Normal   empty
[    0.016333]   Device   empty
[    0.016537] Movable zone start for each node
[    0.016837] Early memory node ranges
[    0.017088]   node   0: [mem 0x0000000000001000-0x000000000009efff]
[    0.017529]   node   0: [mem 0x0000000000100000-0x000000003ffdffff]
[    0.017971] Initmem setup node 0 [mem 0x0000000000001000-0x000000003ffdffff]
[    0.018471] On node 0, zone DMA: 1 pages in unavailable ranges
[    0.018937] On node 0, zone DMA: 97 pages in unavailable ranges
[    0.023509] On node 0, zone DMA32: 32 pages in unavailable ranges
[    0.032679] kasan: KernelAddressSanitizer initialized
[    0.033260] ACPI: PM-Timer IO Port: 0x608
[    0.033554] ACPI: LAPIC_NMI (acpi_id[0xff] dfl dfl lint[0x1])
[    0.033980] IOAPIC[0]: apic_id 0, version 17, address 0xfec00000, GSI 0-23
[    0.034463] ACPI: INT_SRC_OVR (bus 0 bus_irq 0 global_irq 2 dfl dfl)
[    0.034909] ACPI: INT_SRC_OVR (bus 0 bus_irq 5 global_irq 5 high level)
[    0.035384] ACPI: INT_SRC_OVR (bus 0 bus_irq 9 global_irq 9 high level)
[    0.035849] ACPI: INT_SRC_OVR (bus 0 bus_irq 10 global_irq 10 high level)
[    0.036328] ACPI: INT_SRC_OVR (bus 0 bus_irq 11 global_irq 11 high level)
[    0.036807] ACPI: Using ACPI (MADT) for SMP configuration information
[    0.037263] ACPI: HPET id: 0x8086a201 base: 0xfed00000
[    0.037625] TSC deadline timer available
[    0.037910] CPU topo: Max. logical packages:   1
[    0.038234] CPU topo: Max. logical dies:       1
[    0.038557] CPU topo: Max. dies per package:   1
[    0.038890] CPU topo: Max. threads per core:   1
[    0.039216] CPU topo: Num. cores per package:    32
[    0.039558] CPU topo: Num. threads per package:  32
[    0.039899] CPU topo: Allowing 32 present CPUs plus 0 hotplug CPUs
[    0.040354] kvm-guest: APIC: eoi() replaced with kvm_guest_apic_eoi_write()
[    0.040856] kvm-guest: KVM setup pv remote TLB flush
[    0.041210] kvm-guest: setup PV sched yield
[    0.041508] PM: hibernation: Registered nosave memory: [mem 0x00000000-0x00000fff]
[    0.042040] PM: hibernation: Registered nosave memory: [mem 0x0009f000-0x0009ffff]
[    0.042572] PM: hibernation: Registered nosave memory: [mem 0x000a0000-0x000effff]
[    0.043104] PM: hibernation: Registered nosave memory: [mem 0x000f0000-0x000fffff]
[    0.043634] [mem 0x40000000-0xfeffbfff] available for PCI devices
[    0.044060] Booting paravirtualized kernel on KVM
[    0.044390] clocksource: refined-jiffies: mask: 0xffffffff max_cycles: 0xffffffff, max_idle_ns: 1910969940391419 ns
[    0.053114] setup_percpu: NR_CPUS:64 nr_cpumask_bits:32 nr_cpu_ids:32 nr_node_ids:1
[    0.054887] percpu: Embedded 65 pages/cpu s228056 r8192 d29992 u524288
[    0.055420] Kernel command line: virtme_hostname=virtme-ng nr_open=1048576 virtme_link_mods=/nipa-data/kernel/.virtme_mods/lib/modules/0.0.0 virtme_initmount0=nipa-data/kernel virtme_rw_overlay0=/etc virtme_rw_overlay1=/lib virtme_rw_overlay2=/home virtme_rw_overlay3=/opt virtme_rw_overlay4=/srv virtme_rw_overlay5=/usr virtme_rw_overlay6=/var console=hvc0 earlyprintk=serial,ttyS0,115200 virtme_console=ttyS0 psmouse.proto=exps TERM=xterm virtme_chdir=nipa-data/kernel virtme_root_user=1 rootfstype=9p rootflags=version=9p2000.L,trans=virtio,access=any raid=noautodetect ro init=/usr/lib/python3/dist-packages/virtme/guest/virtme-init
[    0.059574] Unknown kernel command line parameters "virtme_hostname=virtme-ng nr_open=1048576 virtme_link_mods=/nipa-data/kernel/.virtme_mods/lib/modules/0.0.0 virtme_initmount0=nipa-data/kernel virtme_rw_overlay0=/etc virtme_rw_overlay1=/lib virtme_rw_overlay2=/home virtme_rw_overlay3=/opt virtme_rw_overlay4=/srv virtme_rw_overlay5=/usr virtme_rw_overlay6=/var virtme_console=ttyS0 virtme_chdir=nipa-data/kernel virtme_root_user=1", will be passed to user space.
[    0.062714] random: crng init done
[    0.062967] printk: log buffer data + meta data: 262144 + 917504 = 1179648 bytes
[    0.063525] Dentry cache hash table entries: 131072 (order: 8, 1048576 bytes, linear)
[    0.064108] Inode-cache hash table entries: 65536 (order: 7, 524288 bytes, linear)
[    0.065050] Fallback order for Node 0: 0 
[    0.065054] Built 1 zonelists, mobility grouping on.  Total pages: 262014
[    0.065833] Policy zone: DMA32
[    0.066058] mem auto-init: stack:all(zero), heap alloc:off, heap free:off
[    0.066551] stackdepot: allocating hash table via alloc_large_system_hash
[    0.067047] stackdepot hash table entries: 1048576 (order: 12, 16777216 bytes, linear)
[    0.075155] SLUB: HWalign=64, Order=0-3, MinObjects=0, CPUs=32, Nodes=1
Poking KASLR using RDRAND RDTSC...
[    0.084524] ftrace: allocating 48916 entries in 192 pages
[    0.084923] ftrace: allocated 192 pages with 2 groups
[    0.086168] Dynamic Preempt: voluntary
[    0.086913] rcu: Preemptible hierarchical RCU implementation.
[    0.087332] rcu: RCU event tracing is enabled.
[    0.087659] rcu: RCU restricting CPUs from NR_CPUS=64 to nr_cpu_ids=32.
[    0.088142] Trampoline variant of Tasks RCU enabled.
[    0.088506] Rude variant of Tasks RCU enabled.
[    0.088832] Tracing variant of Tasks RCU enabled.
[    0.089178] rcu: RCU calculated value of scheduler-enlistment delay is 100 jiffies.
[    0.089730] rcu: Adjusting geometry for rcu_fanout_leaf=16, nr_cpu_ids=32
[    0.090290] RCU Tasks: Setting shift to 5 and lim to 1 rcu_task_cb_adjust=1 rcu_task_cpu_ids=32.
[    0.090927] RCU Tasks Rude: Setting shift to 5 and lim to 1 rcu_task_cb_adjust=1 rcu_task_cpu_ids=32.
[    0.091596] RCU Tasks Trace: Setting shift to 5 and lim to 1 rcu_task_cb_adjust=1 rcu_task_cpu_ids=32.
[    0.101771] NR_IRQS: 4352, nr_irqs: 680, preallocated irqs: 16
[    0.102442] rcu: srcu_init: Setting srcu_struct sizes based on contention.
[    0.103385] Console: colour *CGA 80x25
[    0.103687] ACPI: Core revision 20240827
[    0.104131] clocksource: hpet: mask: 0xffffffff max_cycles: 0xffffffff, max_idle_ns: 19112604467 ns
[    0.104846] APIC: Switch to symmetric I/O mode setup
[    0.105332] x2apic enabled
[    0.105712] APIC: Switched APIC routing to: physical x2apic
[    0.106119] kvm-guest: APIC: send_IPI_mask() replaced with kvm_send_ipi_mask()
[    0.106641] kvm-guest: APIC: send_IPI_mask_allbutself() replaced with kvm_send_ipi_mask_allbutself()
[    0.107291] kvm-guest: setup PV IPIs
[    0.108363] ..TIMER: vector=0x30 apic1=0 pin1=2 apic2=-1 pin2=-1
[    0.109150] clocksource: tsc-early: mask: 0xffffffffffffffff max_cycles: 0x40be215b5d9, max_idle_ns: 440795359804 ns
[    0.110498] Calibrating delay loop (skipped) preset value.. 8983.04 BogoMIPS (lpj=4491524)
[    0.111564] x86/cpu: User Mode Instruction Prevention (UMIP) activated
[    0.112554] Last level iTLB entries: 4KB 512, 2MB 255, 4MB 127
[    0.113496] Last level dTLB entries: 4KB 512, 2MB 255, 4MB 127, 1GB 0
[    0.114501] Spectre V1 : Mitigation: usercopy/swapgs barriers and __user pointer sanitization
[    0.115501] Spectre V2 : Mitigation: Enhanced / Automatic IBRS
[    0.116496] Spectre V2 : Spectre v2 / SpectreRSB mitigation: Filling RSB on context switch
[    0.117499] Spectre V2 : mitigation: Enabling conditional Indirect Branch Prediction Barrier
[    0.118499] Speculative Store Bypass: Mitigation: Speculative Store Bypass disabled via prctl
[    0.119497] Speculative Return Stack Overflow: IBPB-extending microcode not applied!
[    0.120496] Speculative Return Stack Overflow: WARNING: See https://kernel.org/doc/html/latest/admin-guide/hw-vuln/srso.html for mitigation options.
[    0.120498] Speculative Return Stack Overflow: Vulnerable: Safe RET, no microcode
[    0.122511] x86/fpu: Supporting XSAVE feature 0x001: 'x87 floating point registers'
[    0.123496] x86/fpu: Supporting XSAVE feature 0x002: 'SSE registers'
[    0.124496] x86/fpu: Supporting XSAVE feature 0x004: 'AVX registers'
[    0.125496] x86/fpu: Supporting XSAVE feature 0x020: 'AVX-512 opmask'
[    0.126496] x86/fpu: Supporting XSAVE feature 0x040: 'AVX-512 Hi256'
[    0.127496] x86/fpu: Supporting XSAVE feature 0x080: 'AVX-512 ZMM_Hi256'
[    0.128319] x86/fpu: Supporting XSAVE feature 0x200: 'Protection Keys User registers'
[    0.128497] x86/fpu: xstate_offset[2]:  576, xstate_sizes[2]:  256
[    0.129496] x86/fpu: xstate_offset[5]:  832, xstate_sizes[5]:   64
[    0.130496] x86/fpu: xstate_offset[6]:  896, xstate_sizes[6]:  512
[    0.131496] x86/fpu: xstate_offset[7]: 1408, xstate_sizes[7]: 1024
[    0.132251] x86/fpu: xstate_offset[9]: 2432, xstate_sizes[9]:    8
[    0.132496] x86/fpu: Enabled xstate features 0x2e7, context size is 2440 bytes, using 'compacted' format.
[    0.155051] Freeing SMP alternatives memory: 40K
[    0.155498] pid_max: default: 32768 minimum: 301
[    0.156189] Mount-cache hash table entries: 2048 (order: 2, 16384 bytes, linear)
[    0.156498] Mountpoint-cache hash table entries: 2048 (order: 2, 16384 bytes, linear)
[    0.158901] smpboot: CPU0: AMD Ryzen 9 7950X 16-Core Processor (family: 0x19, model: 0x61, stepping: 0x2)
[    0.159946] Performance Events: Fam17h+ core perfctr, AMD PMU driver.
[    0.160500] ... version:                0
[    0.160991] ... bit width:              48
[    0.161494] ... generic registers:      6
[    0.161987] ... value mask:             0000ffffffffffff
[    0.162498] ... max period:             00007fffffffffff
[    0.163152] ... fixed-purpose events:   0
[    0.163498] ... event mask:             000000000000003f
[    0.164301] signal: max sigframe size: 3376
[    0.164545] rcu: Hierarchical SRCU implementation.
[    0.165133] rcu: Max phase no-delay instances is 400.
[    0.165583] Timer migration: 2 hierarchy levels; 8 children per group; 2 crossnode level
[    0.170390] smp: Bringing up secondary CPUs ...
[    0.170686] smpboot: x86: Booting SMP configuration:
[    0.171296] .... node  #0, CPUs:        #1  #2  #3  #4  #5  #6  #7  #8  #9 #10 #11 #12 #13 #14 #15 #16 #17 #18 #19 #20 #21 #22 #23 #24 #25 #26 #27 #28 #29 #30 #31
[    0.202596] smp: Brought up 1 node, 32 CPUs
[    0.204026] smpboot: Total of 32 processors activated (287457.53 BogoMIPS)
[    0.208547] Memory: 761380K/1048056K available (44788K kernel code, 11591K rwdata, 10268K rodata, 6148K init, 1328K bss, 270640K reserved, 0K cma-reserved)
[    0.209626] devtmpfs: initialized
[    0.210530] x86/mm: Memory block size: 128MB
[    0.217597] clocksource: jiffies: mask: 0xffffffff max_cycles: 0xffffffff, max_idle_ns: 1911260446275000 ns
[    0.218502] posixtimers hash table entries: 16384 (order: 6, 262144 bytes, linear)
[    0.219470] futex hash table entries: 8192 (order: 7, 524288 bytes, linear)
[    0.219879] PM: RTC time: 09:27:14, date: 2025-04-12
[    0.221304] NET: Registered PF_NETLINK/PF_ROUTE protocol family
[    0.222394] thermal_sys: Registered thermal governor 'step_wise'
[    0.222424] cpuidle: using governor menu
[    0.224227] PCI: Using configuration type 1 for base access
[    0.224499] PCI: Using configuration type 1 for extended access
[    0.225379] kprobes: kprobe jump-optimization is enabled. All kprobes are optimized if possible.
[    0.241106] HugeTLB: allocation took 0ms with hugepage_allocation_threads=8
[    0.241528] HugeTLB: registered 1.00 GiB page size, pre-allocated 0 pages
[    0.242500] HugeTLB: 16380 KiB vmemmap can be freed for a 1.00 GiB page
[    0.243499] HugeTLB: registered 2.00 MiB page size, pre-allocated 0 pages
[    0.244356] HugeTLB: 28 KiB vmemmap can be freed for a 2.00 MiB page
[    0.245857] ACPI: Added _OSI(Module Device)
[    0.246499] ACPI: Added _OSI(Processor Device)
[    0.247054] ACPI: Added _OSI(3.0 _SCP Extensions)
[    0.247499] ACPI: Added _OSI(Processor Aggregator Device)
[    0.273028] ACPI: 1 ACPI AML tables successfully acquired and loaded
[    0.277518] ACPI: Interpreter enabled
[    0.278040] ACPI: PM: (supports S0 S3 S4 S5)
[    0.279501] ACPI: Using IOAPIC for interrupt routing
[    0.280165] PCI: Using host bridge windows from ACPI; if necessary, use "pci=nocrs" and report a bug
[    0.280498] PCI: Using E820 reservations for host bridge windows
[    0.282385] ACPI: Enabled 2 GPEs in block 00 to 0F
[    0.333788] ACPI: PCI Root Bridge [PCI0] (domain 0000 [bus 00-ff])
[    0.334513] acpi PNP0A03:00: _OSC: OS supports [ExtendedConfig ASPM ClockPM Segments MSI HPX-Type3]
[    0.336024] PCI host bridge to bus 0000:00
[    0.336556] pci_bus 0000:00: root bus resource [io  0x0000-0x0cf7 window]
[    0.337400] pci_bus 0000:00: root bus resource [io  0x0d00-0xffff window]
[    0.338501] pci_bus 0000:00: root bus resource [mem 0x000a0000-0x000bffff window]
[    0.339430] pci_bus 0000:00: root bus resource [mem 0x40000000-0xfebfffff window]
[    0.340501] pci_bus 0000:00: root bus resource [mem 0x100000000-0x17fffffff window]
[    0.341453] pci_bus 0000:00: root bus resource [bus 00-ff]
[    0.341595] pci 0000:00:00.0: [8086:1237] type 00 class 0x060000 conventional PCI endpoint
[    0.343429] pci 0000:00:01.0: [8086:7000] type 00 class 0x060100 conventional PCI endpoint
[    0.345412] pci 0000:00:01.1: [8086:7010] type 00 class 0x010180 conventional PCI endpoint
[    0.346974] pci 0000:00:01.1: BAR 4 [io  0xc0c0-0xc0cf]
[    0.348517] pci 0000:00:01.1: BAR 0 [io  0x01f0-0x01f7]: legacy IDE quirk
[    0.349359] pci 0000:00:01.1: BAR 1 [io  0x03f6]: legacy IDE quirk
[    0.349499] pci 0000:00:01.1: BAR 2 [io  0x0170-0x0177]: legacy IDE quirk
[    0.350345] pci 0000:00:01.1: BAR 3 [io  0x0376]: legacy IDE quirk
[    0.352221] pci 0000:00:01.3: [8086:7113] type 00 class 0x068000 conventional PCI endpoint
[    0.353721] pci 0000:00:01.3: quirk: [io  0x0600-0x063f] claimed by PIIX4 ACPI
[    0.354503] pci 0000:00:01.3: quirk: [io  0x0700-0x070f] claimed by PIIX4 SMB
[    0.356162] pci 0000:00:02.0: [1af4:1009] type 00 class 0x000200 conventional PCI endpoint
[    0.357503] pci 0000:00:02.0: BAR 0 [io  0xc000-0xc03f]
[    0.358160] pci 0000:00:02.0: BAR 1 [mem 0xfebfc000-0xfebfcfff]
[    0.359513] pci 0000:00:02.0: BAR 4 [mem 0xfebf0000-0xfebf3fff 64bit pref]
[    0.372623] pci 0000:00:03.0: [1af4:1009] type 00 class 0x000200 conventional PCI endpoint
[    0.374503] pci 0000:00:03.0: BAR 0 [io  0xc040-0xc07f]
[    0.375162] pci 0000:00:03.0: BAR 1 [mem 0xfebfd000-0xfebfdfff]
[    0.376513] pci 0000:00:03.0: BAR 4 [mem 0xfebf4000-0xfebf7fff 64bit pref]
[    0.389572] pci 0000:00:04.0: [8086:25ab] type 00 class 0x088000 conventional PCI endpoint
[    0.390883] pci 0000:00:04.0: BAR 0 [mem 0xfebfe000-0xfebfe00f]
[    0.403575] pci 0000:00:05.0: [1af4:1003] type 00 class 0x078000 conventional PCI endpoint
[    0.405291] pci 0000:00:05.0: BAR 0 [io  0xc080-0xc0bf]
[    0.405503] pci 0000:00:05.0: BAR 1 [mem 0xfebff000-0xfebfffff]
[    0.406258] pci 0000:00:05.0: BAR 4 [mem 0xfebf8000-0xfebfbfff 64bit pref]
[    0.422159] ACPI: PCI: Interrupt link LNKA configured for IRQ 10
[    0.423501] ACPI: PCI: Interrupt link LNKB configured for IRQ 10
[    0.425242] ACPI: PCI: Interrupt link LNKC configured for IRQ 11
[    0.427479] ACPI: PCI: Interrupt link LNKD configured for IRQ 11
[    0.428909] ACPI: PCI: Interrupt link LNKS configured for IRQ 9
[    0.449156] iommu: Default domain type: Translated
[    0.449499] iommu: DMA domain TLB invalidation policy: lazy mode
[    0.450730] SCSI subsystem initialized
[    0.451575] pps_core: LinuxPPS API ver. 1 registered
[    0.452194] pps_core: Software ver. 5.3.6 - Copyright 2005-2007 Rodolfo Giometti <giometti@linux.it>
[    0.453514] PTP clock support registered
[    0.454614] Advanced Linux Sound Architecture Driver Initialized.
[    0.456654] NET: Registered PF_ATMPVC protocol family
[    0.457288] NET: Registered PF_ATMSVC protocol family
[    0.457537] PCI: Using ACPI for IRQ routing
[    0.458537] vgaarb: loaded
[    0.458618] hpet0: at MMIO 0xfed00000, IRQs 2, 8, 0
[    0.459228] hpet0: 3 comparators, 64-bit 100.000000 MHz counter
[    0.464637] clocksource: Switched to clocksource kvm-clock
[    0.465835] VFS: Disk quotas dquot_6.6.0
[    0.466336] VFS: Dquot-cache hash table entries: 512 (order 0, 4096 bytes)
[    0.467963] pnp: PnP ACPI init
[    0.470864] pnp: PnP ACPI: found 5 devices
[    0.482788] clocksource: acpi_pm: mask: 0xffffff max_cycles: 0xffffff, max_idle_ns: 2085701024 ns
[    0.483952] NET: Registered PF_INET protocol family
[    0.484688] IP idents hash table entries: 16384 (order: 5, 131072 bytes, linear)
[    0.485991] tcp_listen_portaddr_hash hash table entries: 512 (order: 1, 8192 bytes, linear)
[    0.487033] Table-perturb hash table entries: 65536 (order: 6, 262144 bytes, linear)
[    0.488012] TCP established hash table entries: 8192 (order: 4, 65536 bytes, linear)
[    0.488977] TCP bind hash table entries: 8192 (order: 6, 262144 bytes, linear)
[    0.489884] TCP: Hash tables configured (established 8192 bind 8192)
[    0.490838] UDP hash table entries: 512 (order: 3, 32768 bytes, linear)
[    0.491689] UDP-Lite hash table entries: 512 (order: 3, 32768 bytes, linear)
[    0.492790] NET: Registered PF_UNIX/PF_LOCAL protocol family
[    0.493508] pci_bus 0000:00: resource 4 [io  0x0000-0x0cf7 window]
[    0.494278] pci_bus 0000:00: resource 5 [io  0x0d00-0xffff window]
[    0.495043] pci_bus 0000:00: resource 6 [mem 0x000a0000-0x000bffff window]
[    0.495894] pci_bus 0000:00: resource 7 [mem 0x40000000-0xfebfffff window]
[    0.496747] pci_bus 0000:00: resource 8 [mem 0x100000000-0x17fffffff window]
[    0.497829] pci 0000:00:01.0: PIIX3: Enabling Passive Release
[    0.498540] pci 0000:00:00.0: Limiting direct PCI/PCI transfers
[    0.499309] PCI: CLS 0 bytes, default 64
[    0.499911] kvm_intel: VMX not supported by CPU 11
[    0.500524] kvm_amd: TSC scaling supported
[    0.501038] kvm_amd: Nested Virtualization enabled
[    0.501632] kvm_amd: Nested Paging enabled
[    0.502141] kvm_amd: LBR virtualization supported
[    0.502735] kvm_amd: Virtual GIF supported
[    0.503239] kvm_amd: Virtual NMI enabled
[    0.532271] clocksource: tsc: mask: 0xffffffffffffffff max_cycles: 0x40be215b5d9, max_idle_ns: 440795359804 ns
[    0.551573] Initialise system trusted keyrings
[    0.552297] workingset: timestamp_bits=56 max_order=18 bucket_order=0
[    0.553221] squashfs: version 4.0 (2009/01/31) Phillip Lougher
[    0.553970] fuse: init (API version 7.43)
[    0.554618] 9p: Installing v9fs 9p2000 file system support
[    0.564381] Key type asymmetric registered
[    0.564902] Asymmetric key parser 'x509' registered
[    0.565579] Block layer SCSI generic (bsg) driver version 0.4 loaded (major 249)
[    0.566537] io scheduler mq-deadline registered
[    0.567114] io scheduler kyber registered
[    0.569574] input: Power Button as /devices/LNXSYSTM:00/LNXPWRBN:00/input/input0
[    0.570728] ACPI: button: Power Button [PWRF]
[    0.572705] Warning: Processor Platform Limit event detected, but not handled.
[    0.573616] Consider compiling CPUfreq support into your kernel.
[    1.477315] ACPI: \_SB_.LNKB: Enabled at IRQ 10
[    2.375236] ACPI: \_SB_.LNKC: Enabled at IRQ 11
[    3.272657] ACPI: \_SB_.LNKA: Enabled at IRQ 10
[    3.274045] Serial: 8250/16550 driver, 4 ports, IRQ sharing enabled
[    3.275163] 00:03: ttyS0 at I/O 0x3f8 (irq = 4, base_baud = 115200) is a 16550A
[    3.300370] Non-volatile memory driver v1.3
[    3.300908] Linux agpgart interface v0.103
[    3.301607] ACPI: bus type drm_connector registered
[    3.302230] printk: legacy console [hvc0] enabled
[    3.302835] printk: legacy bootconsole [earlyser0] disabled
          _      _                                    
   __   _(_)_ __| |_ _ __ ___   ___       _ __   __ _ 
   \ \ / / |  __| __|  _   _ \ / _ \_____|  _ \ / _  |
    \ V /| | |  | |_| | | | | |  __/_____| | | | (_| |
     \_/ |_|_|   \__|_| |_| |_|\___|     |_| |_|\__  |
                                                |___/ 
   kernel version: 6.15.0-rc1-virtme x86_64
   (CTRL+d to exit)

root@virtme-ng:/nipa-data/kernel# PS1='xx__-> '
xx__-> env
PWD=/nipa-data/kernel
nr_open=1048576
HOME=/
TERM=xterm
SHLVL=2
XDG_RUNTIME_DIR=/run/user/0
PATH=/bin:/sbin:/usr/bin:/usr/sbin:/usr/local/bin
OLDPWD=/
_=/bin/env
xx__-> 