No EFI environment detected.
early console in extract_kernel
input_data: 0x0000000004ab92b9
input_len: 0x000000000181bb62
output: 0x0000000001000000
output_len: 0x0000000005261a50
kernel_total_size: 0x0000000004e30000
needed_size: 0x0000000005400000
trampoline_32bit: 0x0000000000000000
Physical KASLR using RDRAND RDTSC...
Virtual KASLR using RDRAND RDTSC...

Decompressing Linux... Parsing ELF... Performing relocations... done.
Booting the kernel (entry_offset: 0x0000000000000000).
[    0.000000] Linux version 6.9.0-rc1-virtme (root@d1c2c05aee67) (gcc (Alpine 13.2.1_git20240309) 13.2.1 20240309, GNU ld (GNU Binutils) 2.42) #1 SMP PREEMPT_DYNAMIC Tue Apr  2 03:26:57 UTC 2024
[    0.000000] Command line: virtme_hostname=virtme-ng nr_open=1048576 virtme_link_mods=/nipa-data/kernel/.virtme_mods/lib/modules/0.0.0 virtme_initmount0=nipa-data/kernel virtme_rw_overlay0=/etc virtme_rw_overlay1=/lib virtme_rw_overlay2=/home virtme_rw_overlay3=/opt virtme_rw_overlay4=/srv virtme_rw_overlay5=/usr virtme_rw_overlay6=/var console=hvc0 earlyprintk=serial,ttyS0,115200 virtme_console=ttyS0 psmouse.proto=exps TERM=xterm virtme_chdir=nipa-data/kernel virtme_root_user=1 rootfstype=9p rootflags=version=9p2000.L,trans=virtio,access=any raid=noautodetect ro init=/usr/lib/python3.11/site-packages/virtme/guest/virtme-init
[    0.000000] BIOS-provided physical RAM map:
[    0.000000] BIOS-e820: [mem 0x0000000000000000-0x000000000009fbff] usable
[    0.000000] BIOS-e820: [mem 0x000000000009fc00-0x000000000009ffff] reserved
[    0.000000] BIOS-e820: [mem 0x00000000000f0000-0x00000000000fffff] reserved
[    0.000000] BIOS-e820: [mem 0x0000000000100000-0x000000003ffdffff] usable
[    0.000000] BIOS-e820: [mem 0x000000003ffe0000-0x000000003fffffff] reserved
[    0.000000] BIOS-e820: [mem 0x00000000feffc000-0x00000000feffffff] reserved
[    0.000000] BIOS-e820: [mem 0x00000000fffc0000-0x00000000ffffffff] reserved
[    0.000000] BIOS-e820: [mem 0x000000fd00000000-0x000000ffffffffff] reserved
[    0.000000] printk: legacy bootconsole [earlyser0] enabled
[    0.000000] NX (Execute Disable) protection: active
[    0.000000] APIC: Static calls initialized
[    0.000000] SMBIOS 3.0.0 present.
[    0.000000] DMI: QEMU Standard PC (i440FX + PIIX, 1996), BIOS rel-1.16.3-0-ga6ed6b701f0a-prebuilt.qemu.org 04/01/2014
[    0.000000] Hypervisor detected: KVM
[    0.000000] kvm-clock: Using msrs 4b564d01 and 4b564d00
[    0.000000] kvm-clock: using sched offset of 353886800 cycles
[    0.000381] clocksource: kvm-clock: mask: 0xffffffffffffffff max_cycles: 0x1cd42e4dffb, max_idle_ns: 881590591483 ns
[    0.001559] tsc: Detected 4491.536 MHz processor
[    0.002245] last_pfn = 0x3ffe0 max_arch_pfn = 0x400000000
[    0.002665] MTRR map: 4 entries (3 fixed + 1 variable; max 19), built from 8 variable MTRRs
[    0.003268] x86/PAT: Configuration [0-7]: WB  WC  UC- UC  WB  WP  UC- WT  
[    0.005261] found SMP MP-table at [mem 0x000f5470-0x000f547f]
[    0.005684] Using GB pages for direct mapping
[    0.006156] ACPI: Early table checksum verification disabled
[    0.006570] ACPI: RSDP 0x00000000000F5290 000014 (v00 BOCHS )
[    0.006990] ACPI: RSDT 0x000000003FFE27BC 000034 (v01 BOCHS  BXPC     00000001 BXPC 00000001)
[    0.007612] ACPI: FACP 0x000000003FFE2578 000074 (v01 BOCHS  BXPC     00000001 BXPC 00000001)
[    0.008233] ACPI: DSDT 0x000000003FFE0040 002538 (v01 BOCHS  BXPC     00000001 BXPC 00000001)
[    0.008850] ACPI: FACS 0x000000003FFE0000 000040
[    0.009185] ACPI: APIC 0x000000003FFE25EC 000170 (v03 BOCHS  BXPC     00000001 BXPC 00000001)
[    0.009810] ACPI: HPET 0x000000003FFE275C 000038 (v01 BOCHS  BXPC     00000001 BXPC 00000001)
[    0.010427] ACPI: WAET 0x000000003FFE2794 000028 (v01 BOCHS  BXPC     00000001 BXPC 00000001)
[    0.011046] ACPI: Reserving FACP table memory at [mem 0x3ffe2578-0x3ffe25eb]
[    0.011556] ACPI: Reserving DSDT table memory at [mem 0x3ffe0040-0x3ffe2577]
[    0.012066] ACPI: Reserving FACS table memory at [mem 0x3ffe0000-0x3ffe003f]
[    0.012575] ACPI: Reserving APIC table memory at [mem 0x3ffe25ec-0x3ffe275b]
[    0.013084] ACPI: Reserving HPET table memory at [mem 0x3ffe275c-0x3ffe2793]
[    0.013593] ACPI: Reserving WAET table memory at [mem 0x3ffe2794-0x3ffe27bb]
[    0.014298] No NUMA configuration found
[    0.014580] Faking a node at [mem 0x0000000000000000-0x000000003ffdffff]
[    0.015066] NODE_DATA(0) allocated [mem 0x3ffdb000-0x3ffdffff]
[    0.015518] Zone ranges:
[    0.015701]   DMA      [mem 0x0000000000001000-0x0000000000ffffff]
[    0.016148]   DMA32    [mem 0x0000000001000000-0x000000003ffdffff]
[    0.016593]   Normal   empty
[    0.016801]   Device   empty
[    0.017009] Movable zone start for each node
[    0.017317] Early memory node ranges
[    0.017574]   node   0: [mem 0x0000000000001000-0x000000000009efff]
[    0.018026]   node   0: [mem 0x0000000000100000-0x000000003ffdffff]
[    0.018481] Initmem setup node 0 [mem 0x0000000000001000-0x000000003ffdffff]
[    0.018994] On node 0, zone DMA: 1 pages in unavailable ranges
[    0.019472] On node 0, zone DMA: 97 pages in unavailable ranges
[    0.024086] On node 0, zone DMA32: 32 pages in unavailable ranges
[    0.033512] kasan: KernelAddressSanitizer initialized
[    0.034107] ACPI: PM-Timer IO Port: 0x608
[    0.034407] ACPI: LAPIC_NMI (acpi_id[0xff] dfl dfl lint[0x1])
[    0.034850] IOAPIC[0]: apic_id 0, version 17, address 0xfec00000, GSI 0-23
[    0.035347] ACPI: INT_SRC_OVR (bus 0 bus_irq 0 global_irq 2 dfl dfl)
[    0.035808] ACPI: INT_SRC_OVR (bus 0 bus_irq 5 global_irq 5 high level)
[    0.036286] ACPI: INT_SRC_OVR (bus 0 bus_irq 9 global_irq 9 high level)
[    0.036764] ACPI: INT_SRC_OVR (bus 0 bus_irq 10 global_irq 10 high level)
[    0.037253] ACPI: INT_SRC_OVR (bus 0 bus_irq 11 global_irq 11 high level)
[    0.037745] ACPI: Using ACPI (MADT) for SMP configuration information
[    0.038210] ACPI: HPET id: 0x8086a201 base: 0xfed00000
[    0.038587] TSC deadline timer available
[    0.038873] CPU topo: Max. logical packages:   1
[    0.039206] CPU topo: Max. logical dies:       1
[    0.039539] CPU topo: Max. dies per package:   1
[    0.039875] CPU topo: Max. threads per core:  32
[    0.040209] CPU topo: Num. cores per package:     1
[    0.040561] CPU topo: Num. threads per package:  32
[    0.040913] CPU topo: Allowing 32 present CPUs plus 0 hotplug CPUs
[    0.041376] kvm-guest: APIC: eoi() replaced with kvm_guest_apic_eoi_write()
[    0.041890] kvm-guest: KVM setup pv remote TLB flush
[    0.042250] kvm-guest: setup PV sched yield
[    0.042563] PM: hibernation: Registered nosave memory: [mem 0x00000000-0x00000fff]
[    0.043110] PM: hibernation: Registered nosave memory: [mem 0x0009f000-0x0009ffff]
[    0.043655] PM: hibernation: Registered nosave memory: [mem 0x000a0000-0x000effff]
[    0.044199] PM: hibernation: Registered nosave memory: [mem 0x000f0000-0x000fffff]
[    0.044745] [mem 0x40000000-0xfeffbfff] available for PCI devices
[    0.045184] Booting paravirtualized kernel on KVM
[    0.045523] clocksource: refined-jiffies: mask: 0xffffffff max_cycles: 0xffffffff, max_idle_ns: 1910969940391419 ns
[    0.054129] setup_percpu: NR_CPUS:64 nr_cpumask_bits:32 nr_cpu_ids:32 nr_node_ids:1
[    0.055925] percpu: Embedded 70 pages/cpu s248680 r8192 d29848 u524288
[    0.056457] Kernel command line: virtme_hostname=virtme-ng nr_open=1048576 virtme_link_mods=/nipa-data/kernel/.virtme_mods/lib/modules/0.0.0 virtme_initmount0=nipa-data/kernel virtme_rw_overlay0=/etc virtme_rw_overlay1=/lib virtme_rw_overlay2=/home virtme_rw_overlay3=/opt virtme_rw_overlay4=/srv virtme_rw_overlay5=/usr virtme_rw_overlay6=/var console=hvc0 earlyprintk=serial,ttyS0,115200 virtme_console=ttyS0 psmouse.proto=exps TERM=xterm virtme_chdir=nipa-data/kernel virtme_root_user=1 rootfstype=9p rootflags=version=9p2000.L,trans=virtio,access=any raid=noautodetect ro init=/usr/lib/python3.11/site-packages/virtme/guest/virtme-init
[    0.060758] Unknown kernel command line parameters "virtme_hostname=virtme-ng nr_open=1048576 virtme_link_mods=/nipa-data/kernel/.virtme_mods/lib/modules/0.0.0 virtme_initmount0=nipa-data/kernel virtme_rw_overlay0=/etc virtme_rw_overlay1=/lib virtme_rw_overlay2=/home virtme_rw_overlay3=/opt virtme_rw_overlay4=/srv virtme_rw_overlay5=/usr virtme_rw_overlay6=/var virtme_console=ttyS0 virtme_chdir=nipa-data/kernel virtme_root_user=1", will be passed to user space.
[    0.064011] random: crng init done
[    0.064298] Dentry cache hash table entries: 131072 (order: 8, 1048576 bytes, linear)
[    0.064902] Inode-cache hash table entries: 65536 (order: 7, 524288 bytes, linear)
[    0.065901] Fallback order for Node 0: 0 
[    0.065905] Built 1 zonelists, mobility grouping on.  Total pages: 257760
[    0.066714] Policy zone: DMA32
[    0.066943] mem auto-init: stack:all(zero), heap alloc:off, heap free:off
[    0.067448] stackdepot: allocating hash table via alloc_large_system_hash
[    0.067955] stackdepot hash table entries: 1048576 (order: 12, 16777216 bytes, linear)
[    0.075871] Memory: 781040K/1048056K available (43008K kernel code, 11114K rwdata, 9732K rodata, 5832K init, 2420K bss, 266760K reserved, 0K cma-reserved)
[    0.077069] SLUB: HWalign=64, Order=0-3, MinObjects=0, CPUs=32, Nodes=1
Poking KASLR using RDRAND RDTSC...
[    0.077846] ftrace: allocating 47652 entries in 187 pages
[    0.086415] ftrace: allocated 187 pages with 6 groups
[    0.087644] Dynamic Preempt: voluntary
[    0.088417] rcu: Preemptible hierarchical RCU implementation.
[    0.088846] rcu: RCU event tracing is enabled.
[    0.089182] rcu: RCU restricting CPUs from NR_CPUS=64 to nr_cpu_ids=32.
[    0.089681] Trampoline variant of Tasks RCU enabled.
[    0.090055] Rude variant of Tasks RCU enabled.
[    0.090391] Tracing variant of Tasks RCU enabled.
[    0.090750] rcu: RCU calculated value of scheduler-enlistment delay is 100 jiffies.
[    0.091316] rcu: Adjusting geometry for rcu_fanout_leaf=16, nr_cpu_ids=32
[    0.091855] RCU Tasks: Setting shift to 5 and lim to 1 rcu_task_cb_adjust=1.
[    0.092379] RCU Tasks Rude: Setting shift to 5 and lim to 1 rcu_task_cb_adjust=1.
[    0.092941] RCU Tasks Trace: Setting shift to 5 and lim to 1 rcu_task_cb_adjust=1.
[    0.101462] NR_IRQS: 4352, nr_irqs: 680, preallocated irqs: 16
[    0.102149] rcu: srcu_init: Setting srcu_struct sizes based on contention.
[    0.102911] Console: colour *CGA 80x25
[    0.103213] ACPI: Core revision 20230628
[    0.103650] clocksource: hpet: mask: 0xffffffff max_cycles: 0xffffffff, max_idle_ns: 19112604467 ns
[    0.104387] APIC: Switch to symmetric I/O mode setup
[    0.104755] APIC: Switched APIC routing to: physical flat
[    0.105151] kvm-guest: APIC: send_IPI_mask() replaced with kvm_send_ipi_mask()
[    0.105674] kvm-guest: APIC: send_IPI_mask_allbutself() replaced with kvm_send_ipi_mask_allbutself()
[    0.106340] kvm-guest: setup PV IPIs
[    0.107470] ..TIMER: vector=0x30 apic1=0 pin1=2 apic2=-1 pin2=-1
[    0.108255] tsc: Marking TSC unstable due to TSCs unsynchronized
[    0.109049] Calibrating delay loop (skipped) preset value.. 8983.07 BogoMIPS (lpj=4491536)
[    0.110106] x86/cpu: User Mode Instruction Prevention (UMIP) activated
[    0.111103] Last level iTLB entries: 4KB 512, 2MB 255, 4MB 127
[    0.112045] Last level dTLB entries: 4KB 512, 2MB 255, 4MB 127, 1GB 0
[    0.113049] Spectre V1 : Mitigation: usercopy/swapgs barriers and __user pointer sanitization
[    0.114049] Spectre V2 : Mitigation: Enhanced / Automatic IBRS
[    0.115045] Spectre V2 : Spectre v2 / SpectreRSB mitigation: Filling RSB on context switch
[    0.116047] Spectre V2 : mitigation: Enabling conditional Indirect Branch Prediction Barrier
[    0.117045] Spectre V2 : User space: Mitigation: STIBP always-on protection
[    0.118047] Speculative Store Bypass: Mitigation: Speculative Store Bypass disabled via prctl
[    0.119045] Speculative Return Stack Overflow: IBPB-extending microcode not applied!
[    0.120045] Speculative Return Stack Overflow: WARNING: See https://kernel.org/doc/html/latest/admin-guide/hw-vuln/srso.html for mitigation options.
[    0.120046] Speculative Return Stack Overflow: Vulnerable: Safe RET, no microcode
[    0.122063] x86/fpu: Supporting XSAVE feature 0x001: 'x87 floating point registers'
[    0.123045] x86/fpu: Supporting XSAVE feature 0x002: 'SSE registers'
[    0.123839] x86/fpu: Supporting XSAVE feature 0x004: 'AVX registers'
[    0.124045] x86/fpu: Supporting XSAVE feature 0x020: 'AVX-512 opmask'
[    0.125045] x86/fpu: Supporting XSAVE feature 0x040: 'AVX-512 Hi256'
[    0.126045] x86/fpu: Supporting XSAVE feature 0x080: 'AVX-512 ZMM_Hi256'
[    0.127045] x86/fpu: Supporting XSAVE feature 0x200: 'Protection Keys User registers'
[    0.128045] x86/fpu: xstate_offset[2]:  576, xstate_sizes[2]:  256
[    0.128817] x86/fpu: xstate_offset[5]:  832, xstate_sizes[5]:   64
[    0.129045] x86/fpu: xstate_offset[6]:  896, xstate_sizes[6]:  512
[    0.130045] x86/fpu: xstate_offset[7]: 1408, xstate_sizes[7]: 1024
[    0.131045] x86/fpu: xstate_offset[9]: 2432, xstate_sizes[9]:    8
[    0.132045] x86/fpu: Enabled xstate features 0x2e7, context size is 2440 bytes, using 'compacted' format.
[    0.154346] Freeing SMP alternatives memory: 40K
[    0.154939] pid_max: default: 32768 minimum: 301
[    0.155183] Mount-cache hash table entries: 2048 (order: 2, 16384 bytes, linear)
[    0.156046] Mountpoint-cache hash table entries: 2048 (order: 2, 16384 bytes, linear)
[    0.158279] smpboot: CPU0: AMD Ryzen 9 7950X 16-Core Processor (family: 0x19, model: 0x61, stepping: 0x2)
[    0.159498] Performance Events: Fam17h+ core perfctr, AMD PMU driver.
[    0.160049] ... version:                0
[    0.160552] ... bit width:              48
[    0.161046] ... generic registers:      6
[    0.161552] ... value mask:             0000ffffffffffff
[    0.162046] ... max period:             00007fffffffffff
[    0.162713] ... fixed-purpose events:   0
[    0.163046] ... event mask:             000000000000003f
[    0.163835] signal: max sigframe size: 3376
[    0.164094] rcu: Hierarchical SRCU implementation.
[    0.164710] rcu: Max phase no-delay instances is 400.
[    0.169125] smp: Bringing up secondary CPUs ...
[    0.169894] smpboot: x86: Booting SMP configuration:
[    0.170048] .... node  #0, CPUs:        #1  #2  #3  #4  #5  #6  #7  #8  #9 #10 #11 #12 #13 #14 #15 #16 #17 #18 #19 #20 #21 #22 #23 #24 #25 #26 #27 #28 #29 #30 #31
[    0.179200] Spectre V2 : Update user space SMT mitigation: STIBP always-on
[    0.193199] smp: Brought up 1 node, 32 CPUs
[    0.194048] smpboot: Total of 32 processors activated (287458.30 BogoMIPS)
[    0.200515] devtmpfs: initialized
[    0.201184] x86/mm: Memory block size: 128MB
[    0.208201] clocksource: jiffies: mask: 0xffffffff max_cycles: 0xffffffff, max_idle_ns: 1911260446275000 ns
[    0.209053] futex hash table entries: 8192 (order: 7, 524288 bytes, linear)
[    0.210402] PM: RTC time: 03:27:34, date: 2024-04-02
[    0.211888] NET: Registered PF_NETLINK/PF_ROUTE protocol family
[    0.212887] thermal_sys: Registered thermal governor 'step_wise'
[    0.212890] thermal_sys: Registered thermal governor 'user_space'
[    0.213072] cpuidle: using governor menu
[    0.215550] PCI: Using configuration type 1 for base access
[    0.216047] PCI: Using configuration type 1 for extended access
[    0.216920] kprobes: kprobe jump-optimization is enabled. All kprobes are optimized if possible.
[    0.217201] HugeTLB: registered 1.00 GiB page size, pre-allocated 0 pages
[    0.218047] HugeTLB: 16380 KiB vmemmap can be freed for a 1.00 GiB page
[    0.218923] HugeTLB: registered 2.00 MiB page size, pre-allocated 0 pages
[    0.219047] HugeTLB: 28 KiB vmemmap can be freed for a 2.00 MiB page
[    0.220115] Demotion targets for Node 0: null
[    0.221353] ACPI: Added _OSI(Module Device)
[    0.221902] ACPI: Added _OSI(Processor Device)
[    0.222047] ACPI: Added _OSI(3.0 _SCP Extensions)
[    0.222667] ACPI: Added _OSI(Processor Aggregator Device)
[    0.252707] ACPI: 1 ACPI AML tables successfully acquired and loaded
[    0.255596] ACPI: _OSC evaluation for CPUs failed, trying _PDC
[    0.259173] ACPI: Interpreter enabled
[    0.259876] ACPI: PM: (supports S0 S3 S4 S5)
[    0.260048] ACPI: Using IOAPIC for interrupt routing
[    0.260951] PCI: Using host bridge windows from ACPI; if necessary, use "pci=nocrs" and report a bug
[    0.261048] PCI: Using E820 reservations for host bridge windows
[    0.263249] ACPI: Enabled 2 GPEs in block 00 to 0F
[    0.312060] ACPI: PCI Root Bridge [PCI0] (domain 0000 [bus 00-ff])
[    0.312891] acpi PNP0A03:00: _OSC: OS supports [ExtendedConfig ASPM ClockPM Segments MSI HPX-Type3]
[    0.313568] PCI host bridge to bus 0000:00
[    0.314051] pci_bus 0000:00: root bus resource [io  0x0000-0x0cf7 window]
[    0.314996] pci_bus 0000:00: root bus resource [io  0x0d00-0xffff window]
[    0.315050] pci_bus 0000:00: root bus resource [mem 0x000a0000-0x000bffff window]
[    0.316027] pci_bus 0000:00: root bus resource [mem 0x40000000-0xfebfffff window]
[    0.316050] pci_bus 0000:00: root bus resource [mem 0x100000000-0x17fffffff window]
[    0.317044] pci_bus 0000:00: root bus resource [bus 00-ff]
[    0.317199] pci 0000:00:00.0: [8086:1237] type 00 class 0x060000 conventional PCI endpoint
[    0.318947] pci 0000:00:01.0: [8086:7000] type 00 class 0x060100 conventional PCI endpoint
[    0.319977] pci 0000:00:01.1: [8086:7010] type 00 class 0x010180 conventional PCI endpoint
[    0.322286] pci 0000:00:01.1: BAR 4 [io  0xc0c0-0xc0cf]
[    0.323790] pci 0000:00:01.1: BAR 0 [io  0x01f0-0x01f7]: legacy IDE quirk
[    0.324048] pci 0000:00:01.1: BAR 1 [io  0x03f6]: legacy IDE quirk
[    0.324864] pci 0000:00:01.1: BAR 2 [io  0x0170-0x0177]: legacy IDE quirk
[    0.325047] pci 0000:00:01.1: BAR 3 [io  0x0376]: legacy IDE quirk
[    0.326725] pci 0000:00:01.3: [8086:7113] type 00 class 0x068000 conventional PCI endpoint
[    0.327392] pci 0000:00:01.3: quirk: [io  0x0600-0x063f] claimed by PIIX4 ACPI
[    0.328054] pci 0000:00:01.3: quirk: [io  0x0700-0x070f] claimed by PIIX4 SMB
[    0.330044] pci 0000:00:02.0: [1af4:1009] type 00 class 0x000200 conventional PCI endpoint
[    0.332048] pci 0000:00:02.0: BAR 0 [io  0xc000-0xc03f]
[    0.333783] pci 0000:00:02.0: BAR 1 [mem 0xfebfc000-0xfebfcfff]
[    0.337047] pci 0000:00:02.0: BAR 4 [mem 0xfebf0000-0xfebf3fff 64bit pref]
[    0.350360] pci 0000:00:03.0: [1af4:1009] type 00 class 0x000200 conventional PCI endpoint
[    0.352048] pci 0000:00:03.0: BAR 0 [io  0xc040-0xc07f]
[    0.354048] pci 0000:00:03.0: BAR 1 [mem 0xfebfd000-0xfebfdfff]
[    0.360048] pci 0000:00:03.0: BAR 4 [mem 0xfebf4000-0xfebf7fff 64bit pref]
[    0.378014] pci 0000:00:04.0: [8086:25ab] type 00 class 0x088000 conventional PCI endpoint
[    0.378850] pci 0000:00:04.0: BAR 0 [mem 0xfebfe000-0xfebfe00f]
[    0.399015] pci 0000:00:05.0: [1af4:1003] type 00 class 0x078000 conventional PCI endpoint
[    0.400048] pci 0000:00:05.0: BAR 0 [io  0xc080-0xc0bf]
[    0.402049] pci 0000:00:05.0: BAR 1 [mem 0xfebff000-0xfebfffff]
[    0.408901] pci 0000:00:05.0: BAR 4 [mem 0xfebf8000-0xfebfbfff 64bit pref]
[    0.426828] ACPI: PCI: Interrupt link LNKA configured for IRQ 10
[    0.428006] ACPI: PCI: Interrupt link LNKB configured for IRQ 10
[    0.429005] ACPI: PCI: Interrupt link LNKC configured for IRQ 11
[    0.429984] ACPI: PCI: Interrupt link LNKD configured for IRQ 11
[    0.430442] ACPI: PCI: Interrupt link LNKS configured for IRQ 9
[    0.454299] iommu: Default domain type: Translated
[    0.455047] iommu: DMA domain TLB invalidation policy: lazy mode
[    0.456690] SCSI subsystem initialized
[    0.457456] pps_core: LinuxPPS API ver. 1 registered
[    0.458049] pps_core: Software ver. 5.3.6 - Copyright 2005-2007 Rodolfo Giometti <giometti@linux.it>
[    0.459067] PTP clock support registered
[    0.460211] Advanced Linux Sound Architecture Driver Initialized.
[    0.462554] NET: Registered PF_ATMPVC protocol family
[    0.463048] NET: Registered PF_ATMSVC protocol family
[    0.463919] PCI: Using ACPI for IRQ routing
[    0.464231] vgaarb: loaded
[    0.464534] hpet0: at MMIO 0xfed00000, IRQs 2, 8, 0
[    0.465048] hpet0: 3 comparators, 64-bit 100.000000 MHz counter
[    0.468734] clocksource: Switched to clocksource kvm-clock
[    0.470294] VFS: Disk quotas dquot_6.6.0
[    0.470980] VFS: Dquot-cache hash table entries: 512 (order 0, 4096 bytes)
[    0.472384] pnp: PnP ACPI init
[    0.476269] pnp: PnP ACPI: found 5 devices
[    0.491085] clocksource: acpi_pm: mask: 0xffffff max_cycles: 0xffffff, max_idle_ns: 2085701024 ns
[    0.492707] NET: Registered PF_INET protocol family
[    0.493603] IP idents hash table entries: 16384 (order: 5, 131072 bytes, linear)
[    0.495394] tcp_listen_portaddr_hash hash table entries: 512 (order: 1, 8192 bytes, linear)
[    0.496530] Table-perturb hash table entries: 65536 (order: 6, 262144 bytes, linear)
[    0.497573] TCP established hash table entries: 8192 (order: 4, 65536 bytes, linear)
[    0.498694] TCP bind hash table entries: 8192 (order: 6, 262144 bytes, linear)
[    0.499665] TCP: Hash tables configured (established 8192 bind 8192)
[    0.500682] UDP hash table entries: 512 (order: 2, 16384 bytes, linear)
[    0.501550] UDP-Lite hash table entries: 512 (order: 2, 16384 bytes, linear)
[    0.502685] NET: Registered PF_UNIX/PF_LOCAL protocol family
[    0.503446] pci_bus 0000:00: resource 4 [io  0x0000-0x0cf7 window]
[    0.504255] pci_bus 0000:00: resource 5 [io  0x0d00-0xffff window]
[    0.505133] pci_bus 0000:00: resource 6 [mem 0x000a0000-0x000bffff window]
[    0.506021] pci_bus 0000:00: resource 7 [mem 0x40000000-0xfebfffff window]
[    0.506907] pci_bus 0000:00: resource 8 [mem 0x100000000-0x17fffffff window]
[    0.508122] pci 0000:00:01.0: PIIX3: Enabling Passive Release
[    0.509072] pci 0000:00:00.0: Limiting direct PCI/PCI transfers
[    0.510053] PCI: CLS 0 bytes, default 64
[    0.510621] kvm_intel: VMX not supported by CPU 0
[    0.511257] kvm_amd: TSC scaling supported
[    0.511797] kvm_amd: Nested Virtualization enabled
[    0.512406] kvm_amd: Nested Paging enabled
[    0.512951] kvm_amd: Virtual VMLOAD VMSAVE supported
[    0.513585] kvm_amd: Virtual GIF supported
[    0.514123] kvm_amd: Virtual NMI enabled
[    0.514623] kvm_amd: LBR virtualization supported
[    0.622596] Initialise system trusted keyrings
[    0.623363] workingset: timestamp_bits=56 max_order=18 bucket_order=0
[    0.624308] squashfs: version 4.0 (2009/01/31) Phillip Lougher
[    0.625082] fuse: init (API version 7.40)
[    0.625754] 9p: Installing v9fs 9p2000 file system support
[    0.639745] Key type asymmetric registered
[    0.640461] Asymmetric key parser 'x509' registered
[    0.641388] Block layer SCSI generic (bsg) driver version 0.4 loaded (major 249)
[    0.642699] io scheduler mq-deadline registered
[    0.643479] io scheduler kyber registered
[    0.645982] input: Power Button as /devices/LNXSYSTM:00/LNXPWRBN:00/input/input0
[    0.647526] ACPI: button: Power Button [PWRF]
[    0.648436] Warning: Processor Platform Limit event detected, but not handled.
[    0.649657] Consider compiling CPUfreq support into your kernel.
[    1.507215] ACPI: \_SB_.LNKB: Enabled at IRQ 10
[    2.410828] ACPI: \_SB_.LNKC: Enabled at IRQ 11
[    3.334498] ACPI: \_SB_.LNKA: Enabled at IRQ 10
[    3.336084] Serial: 8250/16550 driver, 4 ports, IRQ sharing enabled
[    3.337244] 00:03: ttyS0 at I/O 0x3f8 (irq = 4, base_baud = 115200) is a 16550A
[    3.367680] Non-volatile memory driver v1.3
[    3.368417] Linux agpgart interface v0.103
[    3.369104] printk: legacy console [hvc0] enabled
[    3.369354] ACPI: bus type drm_connector registered
[    3.369742] printk: legacy bootconsole [earlyser0] disabled
          _      _                                    
   __   _(_)_ __| |_ _ __ ___   ___       _ __   __ _ 
   \ \ / / |  __| __|  _   _ \ / _ \_____|  _ \ / _  |
    \ V /| | |  | |_| | | | | |  __/_____| | | | (_| |
     \_/ |_|_|   \__|_| |_| |_|\___|     |_| |_|\__  |
                                                |___/ 
   kernel version: 6.9.0-rc1-virtme x86_64
   (CTRL+d to exit)

virtme-ng:/nipa-data/kernel# PS1='xx__-> '
xx__-> env
PWD=/nipa-data/kernel
nr_open=1048576
HOME=/
TERM=xterm
SHLVL=2
XDG_RUNTIME_DIR=/run/user/0
PATH=/bin:/sbin:/usr/bin:/usr/sbin:/usr/local/bin
OLDPWD=/
_=/usr/bin/env
xx__-> 