No EFI environment detected.
early console in extract_kernel
input_data: 0x00000000029b42c4
input_len: 0x0000000000bd721d
output: 0x0000000001000000
output_len: 0x0000000002545a04
kernel_total_size: 0x0000000002430000
needed_size: 0x0000000002600000
trampoline_32bit: 0x0000000000000000
Physical KASLR using RDRAND RDTSC...
Virtual KASLR using RDRAND RDTSC...

Decompressing Linux... Parsing ELF... Performing relocations... done.
Booting the kernel (entry_offset: 0x0000000000fd5578).
[    0.000000] Linux version 6.15.0-virtme (root@99fdca15a40f) (gcc (Ubuntu 13.3.0-6ubuntu2~24.04) 13.3.0, GNU ld (GNU Binutils for Ubuntu) 2.42) #1 SMP PREEMPT_DYNAMIC Tue Jun 10 09:05:59 UTC 2025
[    0.000000] Command line: virtme_hostname=virtme-ng nr_open=1048576 virtme_link_mods=/nipa-data/kernel/.virtme_mods/lib/modules/0.0.0 virtme_initmount0=nipa-data/kernel virtme_rw_overlay0=/etc virtme_rw_overlay1=/lib virtme_rw_overlay2=/home virtme_rw_overlay3=/opt virtme_rw_overlay4=/srv virtme_rw_overlay5=/usr virtme_rw_overlay6=/var console=hvc0 earlyprintk=serial,ttyS0,115200 virtme_console=ttyS0 psmouse.proto=exps TERM=xterm virtme_chdir=nipa-data/kernel virtme_root_user=1 rootfstype=9p rootflags=version=9p2000.L,trans=virtio,access=any raid=noautodetect ro init=/usr/lib/python3/dist-packages/virtme/guest/virtme-init
[    0.000000] BIOS-provided physical RAM map:
[    0.000000] BIOS-e820: [mem 0x0000000000000000-0x000000000009fbff] usable
[    0.000000] BIOS-e820: [mem 0x000000000009fc00-0x000000000009ffff] reserved
[    0.000000] BIOS-e820: [mem 0x00000000000f0000-0x00000000000fffff] reserved
[    0.000000] BIOS-e820: [mem 0x0000000000100000-0x000000003ffdffff] usable
[    0.000000] BIOS-e820: [mem 0x000000003ffe0000-0x000000003fffffff] reserved
[    0.000000] BIOS-e820: [mem 0x00000000feffc000-0x00000000feffffff] reserved
[    0.000000] BIOS-e820: [mem 0x00000000fffc0000-0x00000000ffffffff] reserved
[    0.000000] BIOS-e820: [mem 0x000000fd00000000-0x000000ffffffffff] reserved
[    0.000000] printk: legacy bootconsole [earlyser0] enabled
[    0.000000] NX (Execute Disable) protection: active
[    0.000000] APIC: Static calls initialized
[    0.000000] SMBIOS 3.0.0 present.
[    0.000000] DMI: QEMU Ubuntu 24.04 PC (i440FX + PIIX, 1996), BIOS 1.16.3-debian-1.16.3-2 04/01/2014
[    0.000000] DMI: Memory slots populated: 1/1
[    0.000000] Hypervisor detected: KVM
[    0.000000] kvm-clock: Using msrs 4b564d01 and 4b564d00
[    0.000000] kvm-clock: using sched offset of 220668721 cycles
[    0.000361] clocksource: kvm-clock: mask: 0xffffffffffffffff max_cycles: 0x1cd42e4dffb, max_idle_ns: 881590591483 ns
[    0.001481] tsc: Detected 4491.564 MHz processor
[    0.002046] last_pfn = 0x3ffe0 max_arch_pfn = 0x400000000
[    0.002440] MTRR map: 4 entries (3 fixed + 1 variable; max 19), built from 8 variable MTRRs
[    0.003017] x86/PAT: Configuration [0-7]: WB  WC  UC- UC  WB  WP  UC- WT  
Memory KASLR using RDRAND RDTSC...
[    0.004955] found SMP MP-table at [mem 0x000f5470-0x000f547f]
[    0.005357] Using GB pages for direct mapping
[    0.005684] ACPI: Early table checksum verification disabled
[    0.006073] ACPI: RSDP 0x00000000000F5290 000014 (v00 BOCHS )
[    0.006468] ACPI: RSDT 0x000000003FFE27BC 000034 (v01 BOCHS  BXPC     00000001 BXPC 00000001)
[    0.007056] ACPI: FACP 0x000000003FFE2578 000074 (v01 BOCHS  BXPC     00000001 BXPC 00000001)
[    0.007642] ACPI: DSDT 0x000000003FFE0040 002538 (v01 BOCHS  BXPC     00000001 BXPC 00000001)
[    0.008228] ACPI: FACS 0x000000003FFE0000 000040
[    0.008548] ACPI: APIC 0x000000003FFE25EC 000170 (v03 BOCHS  BXPC     00000001 BXPC 00000001)
[    0.009141] ACPI: HPET 0x000000003FFE275C 000038 (v01 BOCHS  BXPC     00000001 BXPC 00000001)
[    0.009731] ACPI: WAET 0x000000003FFE2794 000028 (v01 BOCHS  BXPC     00000001 BXPC 00000001)
[    0.010323] ACPI: Reserving FACP table memory at [mem 0x3ffe2578-0x3ffe25eb]
[    0.010805] ACPI: Reserving DSDT table memory at [mem 0x3ffe0040-0x3ffe2577]
[    0.011287] ACPI: Reserving FACS table memory at [mem 0x3ffe0000-0x3ffe003f]
[    0.011769] ACPI: Reserving APIC table memory at [mem 0x3ffe25ec-0x3ffe275b]
[    0.012251] ACPI: Reserving HPET table memory at [mem 0x3ffe275c-0x3ffe2793]
[    0.012736] ACPI: Reserving WAET table memory at [mem 0x3ffe2794-0x3ffe27bb]
[    0.013357] No NUMA configuration found
[    0.013619] Faking a node at [mem 0x0000000000000000-0x000000003ffdffff]
[    0.014078] NODE_DATA(0) allocated [mem 0x3ffdb740-0x3ffdffff]
[    0.014485] Zone ranges:
[    0.014658]   DMA      [mem 0x0000000000001000-0x0000000000ffffff]
[    0.015080]   DMA32    [mem 0x0000000001000000-0x000000003ffdffff]
[    0.015503]   Normal   empty
[    0.015699]   Device   empty
[    0.015896] Movable zone start for each node
[    0.016187] Early memory node ranges
[    0.016431]   node   0: [mem 0x0000000000001000-0x000000000009efff]
[    0.016860]   node   0: [mem 0x0000000000100000-0x000000003ffdffff]
[    0.017288] Initmem setup node 0 [mem 0x0000000000001000-0x000000003ffdffff]
[    0.017770] On node 0, zone DMA: 1 pages in unavailable ranges
[    0.018176] On node 0, zone DMA: 97 pages in unavailable ranges
[    0.019485] On node 0, zone DMA32: 32 pages in unavailable ranges
[    0.020090] ACPI: PM-Timer IO Port: 0x608
[    0.020369] ACPI: LAPIC_NMI (acpi_id[0xff] dfl dfl lint[0x1])
[    0.020778] IOAPIC[0]: apic_id 0, version 17, address 0xfec00000, GSI 0-23
[    0.021248] ACPI: INT_SRC_OVR (bus 0 bus_irq 0 global_irq 2 dfl dfl)
[    0.021683] ACPI: INT_SRC_OVR (bus 0 bus_irq 5 global_irq 5 high level)
[    0.022134] ACPI: INT_SRC_OVR (bus 0 bus_irq 9 global_irq 9 high level)
[    0.022586] ACPI: INT_SRC_OVR (bus 0 bus_irq 10 global_irq 10 high level)
[    0.023048] ACPI: INT_SRC_OVR (bus 0 bus_irq 11 global_irq 11 high level)
[    0.023511] ACPI: Using ACPI (MADT) for SMP configuration information
[    0.023949] ACPI: HPET id: 0x8086a201 base: 0xfed00000
[    0.024300] TSC deadline timer available
[    0.024572] CPU topo: Max. logical packages:   1
[    0.024887] CPU topo: Max. logical dies:       1
[    0.025201] CPU topo: Max. dies per package:   1
[    0.025518] CPU topo: Max. threads per core:   1
[    0.025833] CPU topo: Num. cores per package:    32
[    0.026166] CPU topo: Num. threads per package:  32
[    0.026498] CPU topo: Allowing 32 present CPUs plus 0 hotplug CPUs
[    0.026926] kvm-guest: APIC: eoi() replaced with kvm_guest_apic_eoi_write()
[    0.027405] kvm-guest: KVM setup pv remote TLB flush
[    0.027745] kvm-guest: setup PV sched yield
[    0.028032] PM: hibernation: Registered nosave memory: [mem 0x00000000-0x00000fff]
[    0.028551] PM: hibernation: Registered nosave memory: [mem 0x0009f000-0x000fffff]
[    0.029068] [mem 0x40000000-0xfeffbfff] available for PCI devices
[    0.029483] Booting paravirtualized kernel on KVM
[    0.029804] clocksource: refined-jiffies: mask: 0xffffffff max_cycles: 0xffffffff, max_idle_ns: 1910969940391419 ns
[    0.033223] setup_percpu: NR_CPUS:64 nr_cpumask_bits:32 nr_cpu_ids:32 nr_node_ids:1
[    0.034326] percpu: Embedded 53 pages/cpu s179544 r8192 d29352 u262144
[    0.034806] Kernel command line: virtme_hostname=virtme-ng nr_open=1048576 virtme_link_mods=/nipa-data/kernel/.virtme_mods/lib/modules/0.0.0 virtme_initmount0=nipa-data/kernel virtme_rw_overlay0=/etc virtme_rw_overlay1=/lib virtme_rw_overlay2=/home virtme_rw_overlay3=/opt virtme_rw_overlay4=/srv virtme_rw_overlay5=/usr virtme_rw_overlay6=/var console=hvc0 earlyprintk=serial,ttyS0,115200 virtme_console=ttyS0 psmouse.proto=exps TERM=xterm virtme_chdir=nipa-data/kernel virtme_root_user=1 rootfstype=9p rootflags=version=9p2000.L,trans=virtio,access=any raid=noautodetect ro init=/usr/lib/python3/dist-packages/virtme/guest/virtme-init
[    0.038799] Unknown kernel command line parameters "virtme_hostname=virtme-ng nr_open=1048576 virtme_link_mods=/nipa-data/kernel/.virtme_mods/lib/modules/0.0.0 virtme_initmount0=nipa-data/kernel virtme_rw_overlay0=/etc virtme_rw_overlay1=/lib virtme_rw_overlay2=/home virtme_rw_overlay3=/opt virtme_rw_overlay4=/srv virtme_rw_overlay5=/usr virtme_rw_overlay6=/var virtme_console=ttyS0 virtme_chdir=nipa-data/kernel virtme_root_user=1", will be passed to user space.
[    0.041868] random: crng init done
[    0.042106] printk: log buffer data + meta data: 262144 + 917504 = 1179648 bytes
[    0.042649] Dentry cache hash table entries: 131072 (order: 8, 1048576 bytes, linear)
[    0.043215] Inode-cache hash table entries: 65536 (order: 7, 524288 bytes, linear)
[    0.043833] Fallback order for Node 0: 0 
[    0.043835] Built 1 zonelists, mobility grouping on.  Total pages: 262014
[    0.044595] Policy zone: DMA32
[    0.044808] mem auto-init: stack:all(zero), heap alloc:off, heap free:off
[    0.045752] SLUB: HWalign=64, Order=0-3, MinObjects=0, CPUs=32, Nodes=1
Poking KASLR using RDRAND RDTSC...
[    0.052913] ftrace: allocating 49279 entries in 194 pages
[    0.053292] ftrace: allocated 194 pages with 3 groups
[    0.054237] Dynamic Preempt: voluntary
[    0.054623] rcu: Preemptible hierarchical RCU implementation.
[    0.055025] rcu: RCU event tracing is enabled.
[    0.055341] rcu: RCU restricting CPUs from NR_CPUS=64 to nr_cpu_ids=32.
[    0.055808] Trampoline variant of Tasks RCU enabled.
[    0.056160] Rude variant of Tasks RCU enabled.
[    0.056475] Tracing variant of Tasks RCU enabled.
[    0.056811] rcu: RCU calculated value of scheduler-enlistment delay is 100 jiffies.
[    0.057344] rcu: Adjusting geometry for rcu_fanout_leaf=16, nr_cpu_ids=32
[    0.057822] RCU Tasks: Setting shift to 5 and lim to 1 rcu_task_cb_adjust=1 rcu_task_cpu_ids=32.
[    0.058435] RCU Tasks Rude: Setting shift to 5 and lim to 1 rcu_task_cb_adjust=1 rcu_task_cpu_ids=32.
[    0.059081] RCU Tasks Trace: Setting shift to 5 and lim to 1 rcu_task_cb_adjust=1 rcu_task_cpu_ids=32.
[    0.061405] NR_IRQS: 4352, nr_irqs: 680, preallocated irqs: 16
[    0.061975] rcu: srcu_init: Setting srcu_struct sizes based on contention.
[    0.062589] Console: colour *CGA 80x25
[    0.062856] ACPI: Core revision 20250404
[    0.063193] clocksource: hpet: mask: 0xffffffff max_cycles: 0xffffffff, max_idle_ns: 19112604467 ns
[    0.063880] APIC: Switch to symmetric I/O mode setup
[    0.064367] x2apic enabled
[    0.064739] APIC: Switched APIC routing to: physical x2apic
[    0.065127] kvm-guest: APIC: send_IPI_mask() replaced with kvm_send_ipi_mask()
[    0.065627] kvm-guest: APIC: send_IPI_mask_allbutself() replaced with kvm_send_ipi_mask_allbutself()
[    0.066245] kvm-guest: setup PV IPIs
[    0.067201] ..TIMER: vector=0x30 apic1=0 pin1=2 apic2=-1 pin2=-1
[    0.067958] clocksource: tsc-early: mask: 0xffffffffffffffff max_cycles: 0x40be463295d, max_idle_ns: 440795209293 ns
[    0.069261] Calibrating delay loop (skipped) preset value.. 8983.12 BogoMIPS (lpj=4491564)
[    0.070321] x86/cpu: User Mode Instruction Prevention (UMIP) activated
[    0.071306] Last level iTLB entries: 4KB 512, 2MB 255, 4MB 127
[    0.072260] Last level dTLB entries: 4KB 512, 2MB 255, 4MB 127, 1GB 0
[    0.073055] Speculative Store Bypass: Mitigation: Speculative Store Bypass disabled via prctl
[    0.073260] Speculative Return Stack Overflow: IBPB-extending microcode not applied!
[    0.074260] Speculative Return Stack Overflow: WARNING: See https://kernel.org/doc/html/latest/admin-guide/hw-vuln/srso.html for mitigation options.
[    0.074261] Spectre V2 : Mitigation: Enhanced / Automatic IBRS
[    0.076260] Speculative Return Stack Overflow: Vulnerable: Safe RET, no microcode
[    0.077260] Spectre V1 : Mitigation: usercopy/swapgs barriers and __user pointer sanitization
[    0.078262] Spectre V2 : mitigation: Enabling conditional Indirect Branch Prediction Barrier
[    0.079274] x86/fpu: Supporting XSAVE feature 0x001: 'x87 floating point registers'
[    0.080260] x86/fpu: Supporting XSAVE feature 0x002: 'SSE registers'
[    0.081014] x86/fpu: Supporting XSAVE feature 0x004: 'AVX registers'
[    0.081260] x86/fpu: Supporting XSAVE feature 0x020: 'AVX-512 opmask'
[    0.082260] x86/fpu: Supporting XSAVE feature 0x040: 'AVX-512 Hi256'
[    0.083260] x86/fpu: Supporting XSAVE feature 0x080: 'AVX-512 ZMM_Hi256'
[    0.084260] x86/fpu: Supporting XSAVE feature 0x200: 'Protection Keys User registers'
[    0.085260] x86/fpu: xstate_offset[2]:  576, xstate_sizes[2]:  256
[    0.085997] x86/fpu: xstate_offset[5]:  832, xstate_sizes[5]:   64
[    0.086260] x86/fpu: xstate_offset[6]:  896, xstate_sizes[6]:  512
[    0.087260] x86/fpu: xstate_offset[7]: 1408, xstate_sizes[7]: 1024
[    0.088260] x86/fpu: xstate_offset[9]: 2432, xstate_sizes[9]:    8
[    0.088996] x86/fpu: Enabled xstate features 0x2e7, context size is 2440 bytes, using 'compacted' format.
[    0.104631] Freeing SMP alternatives memory: 44K
[    0.105187] pid_max: default: 32768 minimum: 301
[    0.105278] Mount-cache hash table entries: 2048 (order: 2, 16384 bytes, linear)
[    0.106261] Mountpoint-cache hash table entries: 2048 (order: 2, 16384 bytes, linear)
[    0.107398] smpboot: CPU0: AMD Ryzen 9 7950X 16-Core Processor (family: 0x19, model: 0x61, stepping: 0x2)
[    0.108357] Performance Events: Fam17h+ core perfctr, AMD PMU driver.
[    0.109148] ... version:                0
[    0.109262] ... bit width:              48
[    0.109752] ... generic registers:      6
[    0.110230] ... value mask:             0000ffffffffffff
[    0.110261] ... max period:             00007fffffffffff
[    0.110897] ... fixed-purpose events:   0
[    0.111261] ... event mask:             000000000000003f
[    0.111981] signal: max sigframe size: 3376
[    0.112275] rcu: Hierarchical SRCU implementation.
[    0.112847] rcu: Max phase no-delay instances is 400.
[    0.113284] Timer migration: 2 hierarchy levels; 8 children per group; 2 crossnode level
[    0.116315] smp: Bringing up secondary CPUs ...
[    0.116911] smpboot: x86: Booting SMP configuration:
[    0.117263] .... node  #0, CPUs:        #1  #2  #3  #4  #5  #6  #7  #8  #9 #10 #11 #12 #13 #14 #15 #16 #17 #18 #19 #20 #21 #22 #23 #24 #25 #26 #27 #28 #29 #30 #31
[    0.128353] smp: Brought up 1 node, 32 CPUs
[    0.129778] smpboot: Total of 32 processors activated (287460.09 BogoMIPS)
[    0.131365] Memory: 970988K/1048056K available (16214K kernel code, 2489K rwdata, 6512K rodata, 3216K init, 1608K bss, 62544K reserved, 0K cma-reserved)
[    0.132383] devtmpfs: initialized
[    0.132695] x86/mm: Memory block size: 128MB
[    0.133961] clocksource: jiffies: mask: 0xffffffff max_cycles: 0xffffffff, max_idle_ns: 1911260446275000 ns
[    0.134267] posixtimers hash table entries: 16384 (order: 6, 262144 bytes, linear)
[    0.135286] futex hash table entries: 8192 (524288 bytes on 1 NUMA nodes, total 512 KiB, linear).
[    0.136333] PM: RTC time: 09:06:16, date: 2025-06-10
[    0.137267] NET: Registered PF_NETLINK/PF_ROUTE protocol family
[    0.138123] thermal_sys: Registered thermal governor 'step_wise'
[    0.138133] cpuidle: using governor menu
[    0.139448] PCI: Using configuration type 1 for base access
[    0.140136] PCI: Using configuration type 1 for extended access
[    0.140325] kprobes: kprobe jump-optimization is enabled. All kprobes are optimized if possible.
[    0.156018] HugeTLB: allocation took 0ms with hugepage_allocation_threads=8
[    0.156289] HugeTLB: registered 1.00 GiB page size, pre-allocated 0 pages
[    0.157110] HugeTLB: 16380 KiB vmemmap can be freed for a 1.00 GiB page
[    0.157261] HugeTLB: registered 2.00 MiB page size, pre-allocated 0 pages
[    0.158090] HugeTLB: 28 KiB vmemmap can be freed for a 2.00 MiB page
[    0.158845] ACPI: Added _OSI(Module Device)
[    0.159263] ACPI: Added _OSI(Processor Device)
[    0.159803] ACPI: Added _OSI(Processor Aggregator Device)
[    0.160901] ACPI: 1 ACPI AML tables successfully acquired and loaded
[    0.162686] ACPI: Interpreter enabled
[    0.163146] ACPI: PM: (supports S0 S3 S4 S5)
[    0.163262] ACPI: Using IOAPIC for interrupt routing
[    0.163876] PCI: Using host bridge windows from ACPI; if necessary, use "pci=nocrs" and report a bug
[    0.164262] PCI: Using E820 reservations for host bridge windows
[    0.165073] ACPI: Enabled 2 GPEs in block 00 to 0F
[    0.167830] ACPI: PCI Root Bridge [PCI0] (domain 0000 [bus 00-ff])
[    0.168264] acpi PNP0A03:00: _OSC: OS supports [ExtendedConfig ASPM ClockPM Segments MSI HPX-Type3]
[    0.169346] PCI host bridge to bus 0000:00
[    0.169852] pci_bus 0000:00: root bus resource [io  0x0000-0x0cf7 window]
[    0.170262] pci_bus 0000:00: root bus resource [io  0x0d00-0xffff window]
[    0.171086] pci_bus 0000:00: root bus resource [mem 0x000a0000-0x000bffff window]
[    0.171261] pci_bus 0000:00: root bus resource [mem 0x40000000-0xfebfffff window]
[    0.172164] pci_bus 0000:00: root bus resource [mem 0x100000000-0x17fffffff window]
[    0.172262] pci_bus 0000:00: root bus resource [bus 00-ff]
[    0.173017] pci 0000:00:00.0: [8086:1237] type 00 class 0x060000 conventional PCI endpoint
[    0.173520] pci 0000:00:01.0: [8086:7000] type 00 class 0x060100 conventional PCI endpoint
[    0.174524] pci 0000:00:01.1: [8086:7010] type 00 class 0x010180 conventional PCI endpoint
[    0.175665] pci 0000:00:01.1: BAR 4 [io  0xc0c0-0xc0cf]
[    0.176279] pci 0000:00:01.1: BAR 0 [io  0x01f0-0x01f7]: legacy IDE quirk
[    0.177104] pci 0000:00:01.1: BAR 1 [io  0x03f6]: legacy IDE quirk
[    0.177261] pci 0000:00:01.1: BAR 2 [io  0x0170-0x0177]: legacy IDE quirk
[    0.178081] pci 0000:00:01.1: BAR 3 [io  0x0376]: legacy IDE quirk
[    0.178354] pci 0000:00:01.3: [8086:7113] type 00 class 0x068000 conventional PCI endpoint
[    0.179450] pci 0000:00:01.3: quirk: [io  0x0600-0x063f] claimed by PIIX4 ACPI
[    0.180265] pci 0000:00:01.3: quirk: [io  0x0700-0x070f] claimed by PIIX4 SMB
[    0.181286] pci 0000:00:02.0: [1af4:1009] type 00 class 0x000200 conventional PCI endpoint
[    0.183110] pci 0000:00:02.0: BAR 0 [io  0xc000-0xc03f]
[    0.183266] pci 0000:00:02.0: BAR 1 [mem 0xfebfc000-0xfebfcfff]
[    0.184002] pci 0000:00:02.0: BAR 4 [mem 0xfebf0000-0xfebf3fff 64bit pref]
[    0.184845] pci 0000:00:03.0: [1af4:1009] type 00 class 0x000200 conventional PCI endpoint
[    0.185813] pci 0000:00:03.0: BAR 0 [io  0xc040-0xc07f]
[    0.186266] pci 0000:00:03.0: BAR 1 [mem 0xfebfd000-0xfebfdfff]
[    0.186999] pci 0000:00:03.0: BAR 4 [mem 0xfebf4000-0xfebf7fff 64bit pref]
[    0.187776] pci 0000:00:04.0: [8086:25ab] type 00 class 0x088000 conventional PCI endpoint
[    0.188624] pci 0000:00:04.0: BAR 0 [mem 0xfebfe000-0xfebfe00f]
[    0.189659] pci 0000:00:05.0: [1af4:1003] type 00 class 0x078000 conventional PCI endpoint
[    0.191018] pci 0000:00:05.0: BAR 0 [io  0xc080-0xc0bf]
[    0.191266] pci 0000:00:05.0: BAR 1 [mem 0xfebff000-0xfebfffff]
[    0.192259] pci 0000:00:05.0: BAR 4 [mem 0xfebf8000-0xfebfbfff 64bit pref]
[    0.192972] ACPI: PCI: Interrupt link LNKA configured for IRQ 10
[    0.193365] ACPI: PCI: Interrupt link LNKB configured for IRQ 10
[    0.194193] ACPI: PCI: Interrupt link LNKC configured for IRQ 11
[    0.194354] ACPI: PCI: Interrupt link LNKD configured for IRQ 11
[    0.195148] ACPI: PCI: Interrupt link LNKS configured for IRQ 9
[    0.196063] iommu: Default domain type: Translated
[    0.196262] iommu: DMA domain TLB invalidation policy: lazy mode
[    0.197301] SCSI subsystem initialized
[    0.197772] pps_core: LinuxPPS API ver. 1 registered
[    0.198262] pps_core: Software ver. 5.3.6 - Copyright 2005-2007 Rodolfo Giometti <giometti@linux.it>
[    0.199263] PTP clock support registered
[    0.199758] Advanced Linux Sound Architecture Driver Initialized.
[    0.200515] NET: Registered PF_ATMPVC protocol family
[    0.201131] NET: Registered PF_ATMSVC protocol family
[    0.201268] PCI: Using ACPI for IRQ routing
[    0.201853] vgaarb: loaded
[    0.202261] hpet0: at MMIO 0xfed00000, IRQs 2, 8, 0
[    0.202860] hpet0: 3 comparators, 64-bit 100.000000 MHz counter
[    0.207338] clocksource: Switched to clocksource kvm-clock
[    0.208097] VFS: Disk quotas dquot_6.6.0
[    0.209009] VFS: Dquot-cache hash table entries: 512 (order 0, 4096 bytes)
[    0.209889] pnp: PnP ACPI init
[    0.210428] pnp: PnP ACPI: found 5 devices
[    0.217271] clocksource: acpi_pm: mask: 0xffffff max_cycles: 0xffffff, max_idle_ns: 2085701024 ns
[    0.218366] NET: Registered PF_INET protocol family
[    0.218975] IP idents hash table entries: 16384 (order: 5, 131072 bytes, linear)
[    0.220005] tcp_listen_portaddr_hash hash table entries: 512 (order: 1, 8192 bytes, linear)
[    0.221032] Table-perturb hash table entries: 65536 (order: 6, 262144 bytes, linear)
[    0.221980] TCP established hash table entries: 8192 (order: 4, 65536 bytes, linear)
[    0.222926] TCP bind hash table entries: 8192 (order: 6, 262144 bytes, linear)
[    0.223812] TCP: Hash tables configured (established 8192 bind 8192)
[    0.224599] UDP hash table entries: 512 (order: 3, 32768 bytes, linear)
[    0.225410] UDP-Lite hash table entries: 512 (order: 3, 32768 bytes, linear)
[    0.226292] NET: Registered PF_UNIX/PF_LOCAL protocol family
[    0.226988] pci_bus 0000:00: resource 4 [io  0x0000-0x0cf7 window]
[    0.227736] pci_bus 0000:00: resource 5 [io  0x0d00-0xffff window]
[    0.228488] pci_bus 0000:00: resource 6 [mem 0x000a0000-0x000bffff window]
[    0.229328] pci_bus 0000:00: resource 7 [mem 0x40000000-0xfebfffff window]
[    0.230164] pci_bus 0000:00: resource 8 [mem 0x100000000-0x17fffffff window]
[    0.231042] pci 0000:00:01.0: PIIX3: Enabling Passive Release
[    0.231745] pci 0000:00:00.0: Limiting direct PCI/PCI transfers
[    0.232494] PCI: CLS 0 bytes, default 64
[    0.233046] kvm_intel: VMX not supported by CPU 0
[    0.233622] kvm_amd: TSC scaling supported
[    0.234129] kvm_amd: Nested Virtualization enabled
[    0.234713] kvm_amd: Nested Paging enabled
[    0.235214] kvm_amd: LBR virtualization supported
[    0.235783] kvm_amd: Virtual GIF supported
[    0.236281] kvm_amd: Virtual NMI enabled
[    0.261955] clocksource: tsc: mask: 0xffffffffffffffff max_cycles: 0x40be463295d, max_idle_ns: 440795209293 ns
[    0.268344] Initialise system trusted keyrings
[    0.268961] workingset: timestamp_bits=56 max_order=18 bucket_order=0
[    0.269769] squashfs: version 4.0 (2009/01/31) Phillip Lougher
[    0.270496] fuse: init (API version 7.44)
[    0.271027] 9p: Installing v9fs 9p2000 file system support
[    0.278308] Key type asymmetric registered
[    0.278819] Asymmetric key parser 'x509' registered
[    0.279427] Block layer SCSI generic (bsg) driver version 0.4 loaded (major 249)
[    0.280351] io scheduler mq-deadline registered
[    0.280914] io scheduler kyber registered
[    0.282747] input: Power Button as /devices/LNXSYSTM:00/LNXPWRBN:00/input/input0
[    0.283706] ACPI: button: Power Button [PWRF]
[    0.284609] Warning: Processor Platform Limit event detected, but not handled.
[    0.285499] Consider compiling CPUfreq support into your kernel.
[    0.302520] ACPI: \_SB_.LNKB: Enabled at IRQ 10
[    0.317850] ACPI: \_SB_.LNKC: Enabled at IRQ 11
[    0.333092] ACPI: \_SB_.LNKA: Enabled at IRQ 10
[    0.334174] Serial: 8250/16550 driver, 4 ports, IRQ sharing enabled
[    0.335043] 00:03: ttyS0 at I/O 0x3f8 (irq = 4, base_baud = 115200) is a 16550A
[    0.354727] Non-volatile memory driver v1.3
[    0.355265] Linux agpgart interface v0.103
[    0.355329] ACPI: bus type drm_connector registered
[    0.356387] printk: legacy console [hvc0] enabled
[    0.356974] printk: legacy bootconsole [earlyser0] disabled
          _      _                                    
   __   _(_)_ __| |_ _ __ ___   ___       _ __   __ _ 
   \ \ / / |  __| __|  _   _ \ / _ \_____|  _ \ / _  |
    \ V /| | |  | |_| | | | | |  __/_____| | | | (_| |
     \_/ |_|_|   \__|_| |_| |_|\___|     |_| |_|\__  |
                                                |___/ 
   kernel version: 6.15.0-virtme x86_64
   (CTRL+d to exit)

root@virtme-ng:/nipa-data/kernel# PS1='xx__-> '
xx__-> env
PWD=/nipa-data/kernel
nr_open=1048576
HOME=/
TERM=xterm
SHLVL=2
XDG_RUNTIME_DIR=/run/user/0
PATH=/bin:/sbin:/usr/bin:/usr/sbin:/usr/local/bin
OLDPWD=/
_=/bin/env
xx__-> 