No EFI environment detected.
early console in extract_kernel
input_data: 0x0000000004cbb2c4
input_len: 0x000000000189b8ff
output: 0x0000000001000000
output_len: 0x00000000054e14d4
kernel_total_size: 0x0000000005030000
needed_size: 0x0000000005600000
trampoline_32bit: 0x000000000009d000
Physical KASLR using RDRAND RDTSC...
Virtual KASLR using RDRAND RDTSC...

Decompressing Linux... Parsing ELF... Performing relocations... done.
Booting the kernel (entry_offset: 0x0000000000000000).
[    0.000000] Linux version 6.11.0-virtme (root@ad47fe9f97ba) (gcc (Ubuntu 13.2.0-23ubuntu4) 13.2.0, GNU ld (GNU Binutils for Ubuntu) 2.42) #1 SMP PREEMPT_DYNAMIC Thu Sep 19 03:27:39 UTC 2024
[    0.000000] Command line: virtme_hostname=virtme-ng nr_open=1048576 virtme_link_mods=/nipa-data/kernel/.virtme_mods/lib/modules/0.0.0 virtme_initmount0=nipa-data/kernel virtme_rw_overlay0=/etc virtme_rw_overlay1=/lib virtme_rw_overlay2=/home virtme_rw_overlay3=/opt virtme_rw_overlay4=/srv virtme_rw_overlay5=/usr virtme_rw_overlay6=/var console=hvc0 earlyprintk=serial,ttyS0,115200 virtme_console=ttyS0 psmouse.proto=exps TERM=xterm virtme_chdir=nipa-data/kernel virtme_root_user=1 rootfstype=9p rootflags=version=9p2000.L,trans=virtio,access=any raid=noautodetect ro init=/usr/lib/python3/dist-packages/virtme/guest/virtme-init
[    0.000000] x86/split lock detection: #DB: warning on user-space bus_locks
[    0.000000] BIOS-provided physical RAM map:
[    0.000000] BIOS-e820: [mem 0x0000000000000000-0x000000000009fbff] usable
[    0.000000] BIOS-e820: [mem 0x000000000009fc00-0x000000000009ffff] reserved
[    0.000000] BIOS-e820: [mem 0x00000000000f0000-0x00000000000fffff] reserved
[    0.000000] BIOS-e820: [mem 0x0000000000100000-0x000000003ffdffff] usable
[    0.000000] BIOS-e820: [mem 0x000000003ffe0000-0x000000003fffffff] reserved
[    0.000000] BIOS-e820: [mem 0x00000000feffc000-0x00000000feffffff] reserved
[    0.000000] BIOS-e820: [mem 0x00000000fffc0000-0x00000000ffffffff] reserved
[    0.000000] printk: legacy bootconsole [earlyser0] enabled
[    0.000000] NX (Execute Disable) protection: active
[    0.000000] APIC: Static calls initialized
[    0.000000] SMBIOS 3.0.0 present.
[    0.000000] DMI: QEMU Ubuntu 24.04 PC (i440FX + PIIX, 1996), BIOS 1.16.3-debian-1.16.3-2 04/01/2014
[    0.000000] DMI: Memory slots populated: 1/1
[    0.000000] Hypervisor detected: KVM
[    0.000000] kvm-clock: Using msrs 4b564d01 and 4b564d00
[    0.000001] kvm-clock: using sched offset of 1327018131 cycles
[    0.000750] clocksource: kvm-clock: mask: 0xffffffffffffffff max_cycles: 0x1cd42e4dffb, max_idle_ns: 881590591483 ns
[    0.003092] tsc: Detected 2000.000 MHz processor
[    0.004424] last_pfn = 0x3ffe0 max_arch_pfn = 0x10000000000
[    0.005282] MTRR map: 4 entries (3 fixed + 1 variable; max 19), built from 8 variable MTRRs
[    0.006483] x86/PAT: Configuration [0-7]: WB  WC  UC- UC  WB  WP  UC- WT  
[    0.013680] found SMP MP-table at [mem 0x000f5470-0x000f547f]
[    0.014526] Using GB pages for direct mapping
[    0.015433] ACPI: Early table checksum verification disabled
[    0.016246] ACPI: RSDP 0x00000000000F5290 000014 (v00 BOCHS )
[    0.017075] ACPI: RSDT 0x000000003FFE308E 000034 (v01 BOCHS  BXPC     00000001 BXPC 00000001)
[    0.018311] ACPI: FACP 0x000000003FFE2D8A 000074 (v01 BOCHS  BXPC     00000001 BXPC 00000001)
[    0.019550] ACPI: DSDT 0x000000003FFE0040 002D4A (v01 BOCHS  BXPC     00000001 BXPC 00000001)
[    0.020772] ACPI: FACS 0x000000003FFE0000 000040
[    0.021436] ACPI: APIC 0x000000003FFE2DFE 000230 (v03 BOCHS  BXPC     00000001 BXPC 00000001)
[    0.022663] ACPI: HPET 0x000000003FFE302E 000038 (v01 BOCHS  BXPC     00000001 BXPC 00000001)
[    0.023884] ACPI: WAET 0x000000003FFE3066 000028 (v01 BOCHS  BXPC     00000001 BXPC 00000001)
[    0.025104] ACPI: Reserving FACP table memory at [mem 0x3ffe2d8a-0x3ffe2dfd]
[    0.026112] ACPI: Reserving DSDT table memory at [mem 0x3ffe0040-0x3ffe2d89]
[    0.027123] ACPI: Reserving FACS table memory at [mem 0x3ffe0000-0x3ffe003f]
[    0.028130] ACPI: Reserving APIC table memory at [mem 0x3ffe2dfe-0x3ffe302d]
[    0.029136] ACPI: Reserving HPET table memory at [mem 0x3ffe302e-0x3ffe3065]
[    0.030143] ACPI: Reserving WAET table memory at [mem 0x3ffe3066-0x3ffe308d]
[    0.031652] No NUMA configuration found
[    0.032201] Faking a node at [mem 0x0000000000000000-0x000000003ffdffff]
[    0.033160] NODE_DATA(0) allocated [mem 0x3ffdb000-0x3ffdffff]
[    0.034153] Zone ranges:
[    0.034520]   DMA      [mem 0x0000000000001000-0x0000000000ffffff]
[    0.035405]   DMA32    [mem 0x0000000001000000-0x000000003ffdffff]
[    0.036289]   Normal   empty
[    0.036701]   Device   empty
[    0.037114] Movable zone start for each node
[    0.037724] Early memory node ranges
[    0.038234]   node   0: [mem 0x0000000000001000-0x000000000009efff]
[    0.039138]   node   0: [mem 0x0000000000100000-0x000000003ffdffff]
[    0.040034] Initmem setup node 0 [mem 0x0000000000001000-0x000000003ffdffff]
[    0.041049] On node 0, zone DMA: 1 pages in unavailable ranges
[    0.041982] On node 0, zone DMA: 97 pages in unavailable ranges
[    0.051512] On node 0, zone DMA32: 32 pages in unavailable ranges
[    0.085343] kasan: KernelAddressSanitizer initialized
[    0.086619] ACPI: PM-Timer IO Port: 0x608
[    0.087227] ACPI: LAPIC_NMI (acpi_id[0xff] dfl dfl lint[0x1])
[    0.088111] IOAPIC[0]: apic_id 0, version 17, address 0xfec00000, GSI 0-23
[    0.089097] ACPI: INT_SRC_OVR (bus 0 bus_irq 0 global_irq 2 dfl dfl)
[    0.090007] ACPI: INT_SRC_OVR (bus 0 bus_irq 5 global_irq 5 high level)
[    0.090957] ACPI: INT_SRC_OVR (bus 0 bus_irq 9 global_irq 9 high level)
[    0.091903] ACPI: INT_SRC_OVR (bus 0 bus_irq 10 global_irq 10 high level)
[    0.092874] ACPI: INT_SRC_OVR (bus 0 bus_irq 11 global_irq 11 high level)
[    0.093850] ACPI: Using ACPI (MADT) for SMP configuration information
[    0.094773] ACPI: HPET id: 0x8086a201 base: 0xfed00000
[    0.095510] TSC deadline timer available
[    0.096074] CPU topo: Max. logical packages:   1
[    0.096733] CPU topo: Max. logical dies:       1
[    0.097391] CPU topo: Max. dies per package:   1
[    0.098059] CPU topo: Max. threads per core:   1
[    0.098725] CPU topo: Num. cores per package:    56
[    0.099424] CPU topo: Num. threads per package:  56
[    0.100121] CPU topo: Allowing 56 present CPUs plus 0 hotplug CPUs
[    0.101036] kvm-guest: APIC: eoi() replaced with kvm_guest_apic_eoi_write()
[    0.102055] kvm-guest: KVM setup pv remote TLB flush
[    0.102855] kvm-guest: setup PV sched yield
[    0.103463] PM: hibernation: Registered nosave memory: [mem 0x00000000-0x00000fff]
[    0.104549] PM: hibernation: Registered nosave memory: [mem 0x0009f000-0x0009ffff]
[    0.105633] PM: hibernation: Registered nosave memory: [mem 0x000a0000-0x000effff]
[    0.106721] PM: hibernation: Registered nosave memory: [mem 0x000f0000-0x000fffff]
[    0.107814] [mem 0x40000000-0xfeffbfff] available for PCI devices
[    0.108687] Booting paravirtualized kernel on KVM
[    0.109368] clocksource: refined-jiffies: mask: 0xffffffff max_cycles: 0xffffffff, max_idle_ns: 1910969940391419 ns
[    0.132083] setup_percpu: NR_CPUS:64 nr_cpumask_bits:56 nr_cpu_ids:56 nr_node_ids:1
[    0.142553] percpu: Embedded 70 pages/cpu s248024 r8192 d30504 u524288
[    0.143705] Kernel command line: virtme_hostname=virtme-ng nr_open=1048576 virtme_link_mods=/nipa-data/kernel/.virtme_mods/lib/modules/0.0.0 virtme_initmount0=nipa-data/kernel virtme_rw_overlay0=/etc virtme_rw_overlay1=/lib virtme_rw_overlay2=/home virtme_rw_overlay3=/opt virtme_rw_overlay4=/srv virtme_rw_overlay5=/usr virtme_rw_overlay6=/var console=hvc0 earlyprintk=serial,ttyS0,115200 virtme_console=ttyS0 psmouse.proto=exps TERM=xterm virtme_chdir=nipa-data/kernel virtme_root_user=1 rootfstype=9p rootflags=version=9p2000.L,trans=virtio,access=any raid=noautodetect ro init=/usr/lib/python3/dist-packages/virtme/guest/virtme-init
[    0.152090] Unknown kernel command line parameters "virtme_hostname=virtme-ng nr_open=1048576 virtme_link_mods=/nipa-data/kernel/.virtme_mods/lib/modules/0.0.0 virtme_initmount0=nipa-data/kernel virtme_rw_overlay0=/etc virtme_rw_overlay1=/lib virtme_rw_overlay2=/home virtme_rw_overlay3=/opt virtme_rw_overlay4=/srv virtme_rw_overlay5=/usr virtme_rw_overlay6=/var virtme_console=ttyS0 virtme_chdir=nipa-data/kernel virtme_root_user=1", will be passed to user space.
[    0.158037] random: crng init done
[    0.158540] printk: log_buf_len individual max cpu contribution: 4096 bytes
[    0.159552] printk: log_buf_len total cpu_extra contributions: 225280 bytes
[    0.160562] printk: log_buf_len min size: 262144 bytes
[    0.162136] printk: log_buf_len: 524288 bytes
[    0.162803] printk: early log buf free: 253864(96%)
[    0.163964] Dentry cache hash table entries: 131072 (order: 8, 1048576 bytes, linear)
[    0.165175] Inode-cache hash table entries: 65536 (order: 7, 524288 bytes, linear)
[    0.168871] Fallback order for Node 0: 0 
[    0.168887] Built 1 zonelists, mobility grouping on.  Total pages: 262014
[    0.170405] Policy zone: DMA32
[    0.170837] mem auto-init: stack:all(zero), heap alloc:off, heap free:off
[    0.171806] stackdepot: allocating hash table via alloc_large_system_hash
[    0.172746] stackdepot hash table entries: 1048576 (order: 12, 16777216 bytes, linear)
[    0.197383] SLUB: HWalign=64, Order=0-3, MinObjects=0, CPUs=56, Nodes=1
Poking KASLR using RDRAND RDTSC...
[    0.198917] ftrace: allocating 48402 entries in 190 pages
[    0.219048] ftrace: allocated 190 pages with 6 groups
[    0.221694] Dynamic Preempt: voluntary
[    0.224240] rcu: Preemptible hierarchical RCU implementation.
[    0.225043] rcu: RCU event tracing is enabled.
[    0.225668] rcu: RCU restricting CPUs from NR_CPUS=64 to nr_cpu_ids=56.
[    0.226597] Trampoline variant of Tasks RCU enabled.
[    0.227292] Rude variant of Tasks RCU enabled.
[    0.227917] Tracing variant of Tasks RCU enabled.
[    0.228576] rcu: RCU calculated value of scheduler-enlistment delay is 100 jiffies.
[    0.229630] rcu: Adjusting geometry for rcu_fanout_leaf=16, nr_cpu_ids=56
[    0.230864] RCU Tasks: Setting shift to 6 and lim to 1 rcu_task_cb_adjust=1.
[    0.231840] RCU Tasks Rude: Setting shift to 6 and lim to 1 rcu_task_cb_adjust=1.
[    0.232885] RCU Tasks Trace: Setting shift to 6 and lim to 1 rcu_task_cb_adjust=1.
[    0.254034] NR_IRQS: 4352, nr_irqs: 872, preallocated irqs: 16
[    0.255411] rcu: srcu_init: Setting srcu_struct sizes based on contention.
[    0.256851] Console: colour *CGA 80x25
[    0.257479] ACPI: Core revision 20240322
[    0.258392] clocksource: hpet: mask: 0xffffffff max_cycles: 0xffffffff, max_idle_ns: 19112604467 ns
[    0.259794] APIC: Switch to symmetric I/O mode setup
[    0.260673] APIC: Switched APIC routing to: physical flat
[    0.261740] kvm-guest: APIC: send_IPI_mask() replaced with kvm_send_ipi_mask()
[    0.262833] kvm-guest: APIC: send_IPI_mask_allbutself() replaced with kvm_send_ipi_mask_allbutself()
[    0.264223] kvm-guest: setup PV IPIs
[    0.266417] ..TIMER: vector=0x30 apic1=0 pin1=2 apic2=-1 pin2=-1
[    0.267836] clocksource: tsc-early: mask: 0xffffffffffffffff max_cycles: 0x39a85c9bff6, max_idle_ns: 881590591483 ns
[    0.270858] Calibrating delay loop (skipped) preset value.. 4000.00 BogoMIPS (lpj=2000000)
[    0.273984] x86/cpu: User Mode Instruction Prevention (UMIP) activated
[    0.274999] Last level iTLB entries: 4KB 0, 2MB 0, 4MB 0
[    0.275843] Last level dTLB entries: 4KB 0, 2MB 0, 4MB 0, 1GB 0
[    0.276866] Spectre V1 : Mitigation: usercopy/swapgs barriers and __user pointer sanitization
[    0.277852] Spectre V2 : Spectre BHI mitigation: SW BHB clearing on syscall and VM exit
[    0.278843] Spectre V2 : Mitigation: Enhanced / Automatic IBRS
[    0.279843] Spectre V2 : Spectre v2 / SpectreRSB mitigation: Filling RSB on context switch
[    0.280846] Spectre V2 : Spectre v2 / PBRSB-eIBRS: Retire a single CALL on VMEXIT
[    0.281861] Spectre V2 : mitigation: Enabling conditional Indirect Branch Prediction Barrier
[    0.282857] Speculative Store Bypass: Mitigation: Speculative Store Bypass disabled via prctl
[    0.283853] TAA: Mitigation: TSX disabled
[    0.284942] x86/fpu: Supporting XSAVE feature 0x001: 'x87 floating point registers'
[    0.285852] x86/fpu: Supporting XSAVE feature 0x002: 'SSE registers'
[    0.286852] x86/fpu: Supporting XSAVE feature 0x004: 'AVX registers'
[    0.287852] x86/fpu: Supporting XSAVE feature 0x020: 'AVX-512 opmask'
[    0.288852] x86/fpu: Supporting XSAVE feature 0x040: 'AVX-512 Hi256'
[    0.289852] x86/fpu: Supporting XSAVE feature 0x080: 'AVX-512 ZMM_Hi256'
[    0.290846] x86/fpu: Supporting XSAVE feature 0x200: 'Protection Keys User registers'
[    0.291852] x86/fpu: Supporting XSAVE feature 0x20000: 'AMX Tile config'
[    0.292847] x86/fpu: Supporting XSAVE feature 0x40000: 'AMX Tile data'
[    0.293853] x86/fpu: xstate_offset[2]:  576, xstate_sizes[2]:  256
[    0.294852] x86/fpu: xstate_offset[5]:  832, xstate_sizes[5]:   64
[    0.295853] x86/fpu: xstate_offset[6]:  896, xstate_sizes[6]:  512
[    0.296852] x86/fpu: xstate_offset[7]: 1408, xstate_sizes[7]: 1024
[    0.297844] x86/fpu: xstate_offset[9]: 2432, xstate_sizes[9]:    8
[    0.298846] x86/fpu: xstate_offset[17]: 2496, xstate_sizes[17]:   64
[    0.299852] x86/fpu: xstate_offset[18]: 2560, xstate_sizes[18]: 8192
[    0.300846] x86/fpu: Enabled xstate features 0x602e7, context size is 10752 bytes, using 'compacted' format.
[    0.346727] Freeing SMP alternatives memory: 40K
[    0.346853] pid_max: default: 57344 minimum: 448
[    0.349114] Mount-cache hash table entries: 2048 (order: 2, 16384 bytes, linear)
[    0.349851] Mountpoint-cache hash table entries: 2048 (order: 2, 16384 bytes, linear)
[    0.352715] smpboot: CPU0: Intel(R) Xeon(R) Platinum 8480+ (family: 0x6, model: 0x8f, stepping: 0x6)
[    0.353680] Performance Events: PEBS fmt0-, Sapphire Rapids events, full-width counters, Intel PMU driver.
[    0.353850] ... version:                2
[    0.354644] ... bit width:              48
[    0.354846] ... generic registers:      8
[    0.355642] ... value mask:             0000ffffffffffff
[    0.355845] ... max period:             00007fffffffffff
[    0.356845] ... fixed-purpose events:   3
[    0.357637] ... event mask:             00000007000000ff
[    0.358210] signal: max sigframe size: 11952
[    0.358916] rcu: Hierarchical SRCU implementation.
[    0.359846] rcu: Max phase no-delay instances is 400.
[    0.360958] Timer migration: 2 hierarchy levels; 8 children per group; 2 crossnode level
[    0.364531] smp: Bringing up secondary CPUs ...
[    0.365142] smpboot: x86: Booting SMP configuration:
[    0.365850] .... node  #0, CPUs:        #1  #2  #3  #4  #5  #6  #7  #8  #9 #10 #11 #12 #13 #14 #15 #16 #17 #18 #19 #20 #21 #22 #23 #24 #25 #26 #27 #28 #29 #30 #31 #32 #33 #34 #35 #36 #37 #38 #39 #40 #41 #42 #43 #44 #45 #46 #47 #48 #49 #50 #51 #52 #53 #54 #55
[    0.430144] smp: Brought up 1 node, 56 CPUs
[    0.431697] smpboot: Total of 56 processors activated (224000.00 BogoMIPS)
[    0.445082] Memory: 742828K/1048056K available (45056K kernel code, 11300K rwdata, 9932K rodata, 5956K init, 1960K bss, 280360K reserved, 0K cma-reserved)
[    0.446845] devtmpfs: initialized
[    0.447917] x86/mm: Memory block size: 128MB
[    0.458254] clocksource: jiffies: mask: 0xffffffff max_cycles: 0xffffffff, max_idle_ns: 1911260446275000 ns
[    0.458868] futex hash table entries: 16384 (order: 8, 1048576 bytes, linear)
[    0.460847] PM: RTC time: 03:28:25, date: 2024-09-19
[    0.464732] NET: Registered PF_NETLINK/PF_ROUTE protocol family
[    0.466035] thermal_sys: Registered thermal governor 'step_wise'
[    0.466039] thermal_sys: Registered thermal governor 'user_space'
[    0.466921] cpuidle: using governor menu
[    0.470312] PCI: Using configuration type 1 for base access
[    0.471028] kprobes: kprobe jump-optimization is enabled. All kprobes are optimized if possible.
[    0.518350] HugeTLB: registered 1.00 GiB page size, pre-allocated 0 pages
[    0.520850] HugeTLB: 16380 KiB vmemmap can be freed for a 1.00 GiB page
[    0.522850] HugeTLB: registered 2.00 MiB page size, pre-allocated 0 pages
[    0.524847] HugeTLB: 28 KiB vmemmap can be freed for a 2.00 MiB page
[    0.529253] ACPI: Added _OSI(Module Device)
[    0.529848] ACPI: Added _OSI(Processor Device)
[    0.530779] ACPI: Added _OSI(3.0 _SCP Extensions)
[    0.531846] ACPI: Added _OSI(Processor Aggregator Device)
[    0.562375] ACPI: 1 ACPI AML tables successfully acquired and loaded
[    0.573829] ACPI: Interpreter enabled
[    0.574924] ACPI: PM: (supports S0 S3 S4 S5)
[    0.575795] ACPI: Using IOAPIC for interrupt routing
[    0.575914] PCI: Using host bridge windows from ACPI; if necessary, use "pci=nocrs" and report a bug
[    0.577847] PCI: Using E820 reservations for host bridge windows
[    0.580293] ACPI: Enabled 2 GPEs in block 00 to 0F
[    0.648111] ACPI: PCI Root Bridge [PCI0] (domain 0000 [bus 00-ff])
[    0.649863] acpi PNP0A03:00: _OSC: OS supports [ASPM ClockPM Segments MSI HPX-Type3]
[    0.650847] acpi PNP0A03:00: _OSC: not requesting OS control; OS requires [ExtendedConfig ASPM ClockPM MSI]
[    0.652978] acpi PNP0A03:00: fail to add MMCONFIG information, can't access extended configuration space under this bridge
[    0.656293] PCI host bridge to bus 0000:00
[    0.656910] pci_bus 0000:00: root bus resource [io  0x0000-0x0cf7 window]
[    0.657849] pci_bus 0000:00: root bus resource [io  0x0d00-0xffff window]
[    0.659849] pci_bus 0000:00: root bus resource [mem 0x000a0000-0x000bffff window]
[    0.660848] pci_bus 0000:00: root bus resource [mem 0x40000000-0xfebfffff window]
[    0.662848] pci_bus 0000:00: root bus resource [mem 0x100000000-0x17fffffff window]
[    0.663849] pci_bus 0000:00: root bus resource [bus 00-ff]
[    0.664917] pci 0000:00:00.0: [8086:1237] type 00 class 0x060000 conventional PCI endpoint
[    0.668083] pci 0000:00:01.0: [8086:7000] type 00 class 0x060100 conventional PCI endpoint
[    0.670217] pci 0000:00:01.1: [8086:7010] type 00 class 0x010180 conventional PCI endpoint
[    0.675172] pci 0000:00:01.1: BAR 4 [io  0xc0c0-0xc0cf]
[    0.677221] pci 0000:00:01.1: BAR 0 [io  0x01f0-0x01f7]: legacy IDE quirk
[    0.678846] pci 0000:00:01.1: BAR 1 [io  0x03f6]: legacy IDE quirk
[    0.679845] pci 0000:00:01.1: BAR 2 [io  0x0170-0x0177]: legacy IDE quirk
[    0.680845] pci 0000:00:01.1: BAR 3 [io  0x0376]: legacy IDE quirk
[    0.683822] pci 0000:00:01.3: [8086:7113] type 00 class 0x068000 conventional PCI endpoint
[    0.686452] pci 0000:00:01.3: quirk: [io  0x0600-0x063f] claimed by PIIX4 ACPI
[    0.687856] pci 0000:00:01.3: quirk: [io  0x0700-0x070f] claimed by PIIX4 SMB
[    0.689865] pci 0000:00:02.0: [1af4:1009] type 00 class 0x000200 conventional PCI endpoint
[    0.693632] pci 0000:00:02.0: BAR 0 [io  0xc000-0xc03f]
[    0.695849] pci 0000:00:02.0: BAR 1 [mem 0xfebfc000-0xfebfcfff]
[    0.702849] pci 0000:00:02.0: BAR 4 [mem 0xfebf0000-0xfebf3fff 64bit pref]
[    0.720002] pci 0000:00:03.0: [1af4:1009] type 00 class 0x000200 conventional PCI endpoint
[    0.721848] pci 0000:00:03.0: BAR 0 [io  0xc040-0xc07f]
[    0.725348] pci 0000:00:03.0: BAR 1 [mem 0xfebfd000-0xfebfdfff]
[    0.728850] pci 0000:00:03.0: BAR 4 [mem 0xfebf4000-0xfebf7fff 64bit pref]
[    0.744321] pci 0000:00:04.0: [8086:25ab] type 00 class 0x088000 conventional PCI endpoint
[    0.746504] pci 0000:00:04.0: BAR 0 [mem 0xfebfe000-0xfebfe00f]
[    0.763732] pci 0000:00:05.0: [1af4:1003] type 00 class 0x078000 conventional PCI endpoint
[    0.766848] pci 0000:00:05.0: BAR 0 [io  0xc080-0xc0bf]
[    0.768848] pci 0000:00:05.0: BAR 1 [mem 0xfebff000-0xfebfffff]
[    0.772849] pci 0000:00:05.0: BAR 4 [mem 0xfebf8000-0xfebfbfff 64bit pref]
[    0.790842] ACPI: PCI: Interrupt link LNKA configured for IRQ 10
[    0.793926] ACPI: PCI: Interrupt link LNKB configured for IRQ 10
[    0.795899] ACPI: PCI: Interrupt link LNKC configured for IRQ 11
[    0.797882] ACPI: PCI: Interrupt link LNKD configured for IRQ 11
[    0.799282] ACPI: PCI: Interrupt link LNKS configured for IRQ 9
[    0.831649] iommu: Default domain type: Translated
[    0.831846] iommu: DMA domain TLB invalidation policy: lazy mode
[    0.834433] SCSI subsystem initialized
[    0.835131] pps_core: LinuxPPS API ver. 1 registered
[    0.835848] pps_core: Software ver. 5.3.6 - Copyright 2005-2007 Rodolfo Giometti <giometti@linux.it>
[    0.837861] PTP clock support registered
[    0.839906] Advanced Linux Sound Architecture Driver Initialized.
[    0.843379] NET: Registered PF_ATMPVC protocol family
[    0.843846] NET: Registered PF_ATMSVC protocol family
[    0.844877] PCI: Using ACPI for IRQ routing
[    0.846427] vgaarb: loaded
[    0.848079] hpet0: at MMIO 0xfed00000, IRQs 2, 8, 0
[    0.848846] hpet0: 3 comparators, 64-bit 100.000000 MHz counter
[    0.855060] clocksource: Switched to clocksource kvm-clock
[    0.856837] VFS: Disk quotas dquot_6.6.0
[    0.857689] VFS: Dquot-cache hash table entries: 512 (order 0, 4096 bytes)
[    0.865461] pnp: PnP ACPI init
[    0.868936] pnp: PnP ACPI: found 5 devices
[    0.881407] clocksource: acpi_pm: mask: 0xffffff max_cycles: 0xffffff, max_idle_ns: 2085701024 ns
[    0.883330] NET: Registered PF_INET protocol family
[    0.884406] IP idents hash table entries: 16384 (order: 5, 131072 bytes, linear)
[    0.886651] tcp_listen_portaddr_hash hash table entries: 512 (order: 1, 8192 bytes, linear)
[    0.888359] Table-perturb hash table entries: 65536 (order: 6, 262144 bytes, linear)
[    0.889942] TCP established hash table entries: 8192 (order: 4, 65536 bytes, linear)
[    0.891518] TCP bind hash table entries: 8192 (order: 6, 262144 bytes, linear)
[    0.892994] TCP: Hash tables configured (established 8192 bind 8192)
[    0.894605] UDP hash table entries: 512 (order: 2, 16384 bytes, linear)
[    0.895951] UDP-Lite hash table entries: 512 (order: 2, 16384 bytes, linear)
[    0.897764] NET: Registered PF_UNIX/PF_LOCAL protocol family
[    0.898937] pci_bus 0000:00: resource 4 [io  0x0000-0x0cf7 window]
[    0.900184] pci_bus 0000:00: resource 5 [io  0x0d00-0xffff window]
[    0.901421] pci_bus 0000:00: resource 6 [mem 0x000a0000-0x000bffff window]
[    0.902800] pci_bus 0000:00: resource 7 [mem 0x40000000-0xfebfffff window]
[    0.904180] pci_bus 0000:00: resource 8 [mem 0x100000000-0x17fffffff window]
[    0.905822] pci 0000:00:01.0: PIIX3: Enabling Passive Release
[    0.906982] pci 0000:00:00.0: Limiting direct PCI/PCI transfers
[    0.908275] PCI: CLS 0 bytes, default 64
[    0.925459] RAPL PMU: API unit is 2^-32 Joules, 1 fixed counters, 10737418240 ms ovfl timer
[    0.927375] RAPL PMU: hw unit of domain psys 2^-0 Joules
[    1.274047] kwatchdog (374) used greatest stack depth: 30696 bytes left
[    1.510840] kvm_amd: CPU 16 isn't AMD or Hygon
[    1.511771] clocksource: tsc: mask: 0xffffffffffffffff max_cycles: 0x39a85c9bff6, max_idle_ns: 881590591483 ns
[    1.640331] Initialise system trusted keyrings
[    1.641991] workingset: timestamp_bits=56 max_order=18 bucket_order=0
[    1.643508] squashfs: version 4.0 (2009/01/31) Phillip Lougher
[    1.644711] fuse: init (API version 7.40)
[    1.645706] 9p: Installing v9fs 9p2000 file system support
[    1.665570] Key type asymmetric registered
[    1.666396] Asymmetric key parser 'x509' registered
[    1.667463] Block layer SCSI generic (bsg) driver version 0.4 loaded (major 249)
[    1.668992] io scheduler mq-deadline registered
[    1.669907] io scheduler kyber registered
[    1.690961] input: Power Button as /devices/LNXSYSTM:00/LNXPWRBN:00/input/input0
[    1.693537] ACPI: button: Power Button [PWRF]
[    1.697538] Warning: Processor Platform Limit event detected, but not handled.
[    1.700071] Consider compiling CPUfreq support into your kernel.
[    2.607630] ACPI: \_SB_.LNKB: Enabled at IRQ 10
[    3.478784] ACPI: \_SB_.LNKC: Enabled at IRQ 11
[    4.349906] ACPI: \_SB_.LNKA: Enabled at IRQ 10
[    4.352485] Serial: 8250/16550 driver, 4 ports, IRQ sharing enabled
[    4.354205] 00:03: ttyS0 at I/O 0x3f8 (irq = 4, base_baud = 115200) is a 16550A
[    4.387390] Non-volatile memory driver v1.3
[    4.388330] Linux agpgart interface v0.103
[    4.389792] ACPI: bus type drm_connector registered
[    4.392082] printk: legacy console [hvc0] enabled
[    4.393139] printk: legacy bootconsole [earlyser0] disabled
          _      _                                    
   __   _(_)_ __| |_ _ __ ___   ___       _ __   __ _ 
   \ \ / / |  __| __|  _   _ \ / _ \_____|  _ \ / _  |
    \ V /| | |  | |_| | | | | |  __/_____| | | | (_| |
     \_/ |_|_|   \__|_| |_| |_|\___|     |_| |_|\__  |
                                                |___/ 
   kernel version: 6.11.0-virtme x86_64
   (CTRL+d to exit)

root@virtme-ng:/nipa-data/kernel# PS1='xx__-> '
xx__-> env
PWD=/nipa-data/kernel
nr_open=1048576
HOME=/
TERM=xterm
SHLVL=2
XDG_RUNTIME_DIR=/run/user/0
PATH=/bin:/sbin:/usr/bin:/usr/sbin:/usr/local/bin
OLDPWD=/
_=/bin/env
xx__-> 