No EFI environment detected.
early console in extract_kernel
input_data: 0x0000000004cb72c4
input_len: 0x00000000018d54ad
output: 0x0000000001000000
output_len: 0x0000000005516a4c
kernel_total_size: 0x0000000005030000
needed_size: 0x0000000005600000
trampoline_32bit: 0x0000000000000000
Physical KASLR using RDRAND RDTSC...
Virtual KASLR using RDRAND RDTSC...

Decompressing Linux... Parsing ELF... Performing relocations... done.
Booting the kernel (entry_offset: 0x0000000000000000).
[    0.000000] Linux version 6.12.0-rc5-virtme (root@9ee9108a3b11) (gcc (Ubuntu 13.2.0-23ubuntu4) 13.2.0, GNU ld (GNU Binutils for Ubuntu) 2.42) #1 SMP PREEMPT_DYNAMIC Wed Nov  6 09:26:31 UTC 2024
[    0.000000] Command line: virtme_hostname=virtme-ng nr_open=1048576 virtme_link_mods=/nipa-data/kernel/.virtme_mods/lib/modules/0.0.0 virtme_initmount0=nipa-data/kernel virtme_rw_overlay0=/etc virtme_rw_overlay1=/lib virtme_rw_overlay2=/home virtme_rw_overlay3=/opt virtme_rw_overlay4=/srv virtme_rw_overlay5=/usr virtme_rw_overlay6=/var console=hvc0 earlyprintk=serial,ttyS0,115200 virtme_console=ttyS0 psmouse.proto=exps TERM=xterm virtme_chdir=nipa-data/kernel virtme_root_user=1 rootfstype=9p rootflags=version=9p2000.L,trans=virtio,access=any raid=noautodetect ro init=/usr/lib/python3/dist-packages/virtme/guest/virtme-init
[    0.000000] BIOS-provided physical RAM map:
[    0.000000] BIOS-e820: [mem 0x0000000000000000-0x000000000009fbff] usable
[    0.000000] BIOS-e820: [mem 0x000000000009fc00-0x000000000009ffff] reserved
[    0.000000] BIOS-e820: [mem 0x00000000000f0000-0x00000000000fffff] reserved
[    0.000000] BIOS-e820: [mem 0x0000000000100000-0x000000003ffdffff] usable
[    0.000000] BIOS-e820: [mem 0x000000003ffe0000-0x000000003fffffff] reserved
[    0.000000] BIOS-e820: [mem 0x00000000feffc000-0x00000000feffffff] reserved
[    0.000000] BIOS-e820: [mem 0x00000000fffc0000-0x00000000ffffffff] reserved
[    0.000000] BIOS-e820: [mem 0x000000fd00000000-0x000000ffffffffff] reserved
[    0.000000] printk: legacy bootconsole [earlyser0] enabled
[    0.000000] NX (Execute Disable) protection: active
[    0.000000] APIC: Static calls initialized
[    0.000000] SMBIOS 3.0.0 present.
[    0.000000] DMI: QEMU Ubuntu 24.04 PC (i440FX + PIIX, 1996), BIOS 1.16.3-debian-1.16.3-2 04/01/2014
[    0.000000] DMI: Memory slots populated: 1/1
[    0.000000] Hypervisor detected: KVM
[    0.000000] kvm-clock: Using msrs 4b564d01 and 4b564d00
[    0.000000] kvm-clock: using sched offset of 305822303 cycles
[    0.000344] clocksource: kvm-clock: mask: 0xffffffffffffffff max_cycles: 0x1cd42e4dffb, max_idle_ns: 881590591483 ns
[    0.001413] tsc: Detected 4491.560 MHz processor
[    0.002038] last_pfn = 0x3ffe0 max_arch_pfn = 0x400000000
[    0.002413] MTRR map: 4 entries (3 fixed + 1 variable; max 19), built from 8 variable MTRRs
[    0.002958] x86/PAT: Configuration [0-7]: WB  WC  UC- UC  WB  WP  UC- WT  
[    0.004849] found SMP MP-table at [mem 0x000f5470-0x000f547f]
[    0.005230] Using GB pages for direct mapping
[    0.005702] ACPI: Early table checksum verification disabled
[    0.006076] ACPI: RSDP 0x00000000000F5290 000014 (v00 BOCHS )
[    0.006451] ACPI: RSDT 0x000000003FFE27BC 000034 (v01 BOCHS  BXPC     00000001 BXPC 00000001)
[    0.007013] ACPI: FACP 0x000000003FFE2578 000074 (v01 BOCHS  BXPC     00000001 BXPC 00000001)
[    0.007574] ACPI: DSDT 0x000000003FFE0040 002538 (v01 BOCHS  BXPC     00000001 BXPC 00000001)
[    0.008131] ACPI: FACS 0x000000003FFE0000 000040
[    0.008434] ACPI: APIC 0x000000003FFE25EC 000170 (v03 BOCHS  BXPC     00000001 BXPC 00000001)
[    0.008995] ACPI: HPET 0x000000003FFE275C 000038 (v01 BOCHS  BXPC     00000001 BXPC 00000001)
[    0.009548] ACPI: WAET 0x000000003FFE2794 000028 (v01 BOCHS  BXPC     00000001 BXPC 00000001)
[    0.010103] ACPI: Reserving FACP table memory at [mem 0x3ffe2578-0x3ffe25eb]
[    0.010560] ACPI: Reserving DSDT table memory at [mem 0x3ffe0040-0x3ffe2577]
[    0.011016] ACPI: Reserving FACS table memory at [mem 0x3ffe0000-0x3ffe003f]
[    0.011473] ACPI: Reserving APIC table memory at [mem 0x3ffe25ec-0x3ffe275b]
[    0.011931] ACPI: Reserving HPET table memory at [mem 0x3ffe275c-0x3ffe2793]
[    0.012390] ACPI: Reserving WAET table memory at [mem 0x3ffe2794-0x3ffe27bb]
[    0.013029] No NUMA configuration found
[    0.013278] Faking a node at [mem 0x0000000000000000-0x000000003ffdffff]
[    0.013716] NODE_DATA(0) allocated [mem 0x3ffdb780-0x3ffdffff]
[    0.014109] Zone ranges:
[    0.014274]   DMA      [mem 0x0000000000001000-0x0000000000ffffff]
[    0.014675]   DMA32    [mem 0x0000000001000000-0x000000003ffdffff]
[    0.015077]   Normal   empty
[    0.015265]   Device   empty
[    0.015452] Movable zone start for each node
[    0.015731] Early memory node ranges
[    0.015962]   node   0: [mem 0x0000000000001000-0x000000000009efff]
[    0.016369]   node   0: [mem 0x0000000000100000-0x000000003ffdffff]
[    0.016776] Initmem setup node 0 [mem 0x0000000000001000-0x000000003ffdffff]
[    0.017237] On node 0, zone DMA: 1 pages in unavailable ranges
[    0.017670] On node 0, zone DMA: 97 pages in unavailable ranges
[    0.022196] On node 0, zone DMA32: 32 pages in unavailable ranges
[    0.031078] kasan: KernelAddressSanitizer initialized
[    0.031622] ACPI: PM-Timer IO Port: 0x608
[    0.031894] ACPI: LAPIC_NMI (acpi_id[0xff] dfl dfl lint[0x1])
[    0.032289] IOAPIC[0]: apic_id 0, version 17, address 0xfec00000, GSI 0-23
[    0.032739] ACPI: INT_SRC_OVR (bus 0 bus_irq 0 global_irq 2 dfl dfl)
[    0.033154] ACPI: INT_SRC_OVR (bus 0 bus_irq 5 global_irq 5 high level)
[    0.033586] ACPI: INT_SRC_OVR (bus 0 bus_irq 9 global_irq 9 high level)
[    0.034018] ACPI: INT_SRC_OVR (bus 0 bus_irq 10 global_irq 10 high level)
[    0.034460] ACPI: INT_SRC_OVR (bus 0 bus_irq 11 global_irq 11 high level)
[    0.034905] ACPI: Using ACPI (MADT) for SMP configuration information
[    0.035326] ACPI: HPET id: 0x8086a201 base: 0xfed00000
[    0.035677] TSC deadline timer available
[    0.035935] CPU topo: Max. logical packages:   1
[    0.036236] CPU topo: Max. logical dies:       1
[    0.036537] CPU topo: Max. dies per package:   1
[    0.036841] CPU topo: Max. threads per core:   1
[    0.037143] CPU topo: Num. cores per package:    32
[    0.037462] CPU topo: Num. threads per package:  32
[    0.037780] CPU topo: Allowing 32 present CPUs plus 0 hotplug CPUs
[    0.038196] kvm-guest: APIC: eoi() replaced with kvm_guest_apic_eoi_write()
[    0.038663] kvm-guest: KVM setup pv remote TLB flush
[    0.038989] kvm-guest: setup PV sched yield
[    0.039268] PM: hibernation: Registered nosave memory: [mem 0x00000000-0x00000fff]
[    0.039765] PM: hibernation: Registered nosave memory: [mem 0x0009f000-0x0009ffff]
[    0.040258] PM: hibernation: Registered nosave memory: [mem 0x000a0000-0x000effff]
[    0.040750] PM: hibernation: Registered nosave memory: [mem 0x000f0000-0x000fffff]
[    0.041244] [mem 0x40000000-0xfeffbfff] available for PCI devices
[    0.041641] Booting paravirtualized kernel on KVM
[    0.041949] clocksource: refined-jiffies: mask: 0xffffffff max_cycles: 0xffffffff, max_idle_ns: 1910969940391419 ns
[    0.050470] setup_percpu: NR_CPUS:64 nr_cpumask_bits:32 nr_cpu_ids:32 nr_node_ids:1
[    0.052190] percpu: Embedded 70 pages/cpu s248216 r8192 d30312 u524288
[    0.052680] Kernel command line: virtme_hostname=virtme-ng nr_open=1048576 virtme_link_mods=/nipa-data/kernel/.virtme_mods/lib/modules/0.0.0 virtme_initmount0=nipa-data/kernel virtme_rw_overlay0=/etc virtme_rw_overlay1=/lib virtme_rw_overlay2=/home virtme_rw_overlay3=/opt virtme_rw_overlay4=/srv virtme_rw_overlay5=/usr virtme_rw_overlay6=/var console=hvc0 earlyprintk=serial,ttyS0,115200 virtme_console=ttyS0 psmouse.proto=exps TERM=xterm virtme_chdir=nipa-data/kernel virtme_root_user=1 rootfstype=9p rootflags=version=9p2000.L,trans=virtio,access=any raid=noautodetect ro init=/usr/lib/python3/dist-packages/virtme/guest/virtme-init
[    0.056536] Unknown kernel command line parameters "virtme_hostname=virtme-ng nr_open=1048576 virtme_link_mods=/nipa-data/kernel/.virtme_mods/lib/modules/0.0.0 virtme_initmount0=nipa-data/kernel virtme_rw_overlay0=/etc virtme_rw_overlay1=/lib virtme_rw_overlay2=/home virtme_rw_overlay3=/opt virtme_rw_overlay4=/srv virtme_rw_overlay5=/usr virtme_rw_overlay6=/var virtme_console=ttyS0 virtme_chdir=nipa-data/kernel virtme_root_user=1", will be passed to user space.
[    0.059456] random: crng init done
[    0.059709] Dentry cache hash table entries: 131072 (order: 8, 1048576 bytes, linear)
[    0.060246] Inode-cache hash table entries: 65536 (order: 7, 524288 bytes, linear)
[    0.061163] Fallback order for Node 0: 0 
[    0.061167] Built 1 zonelists, mobility grouping on.  Total pages: 262014
[    0.061888] Policy zone: DMA32
[    0.062097] mem auto-init: stack:all(zero), heap alloc:off, heap free:off
[    0.062552] stackdepot: allocating hash table via alloc_large_system_hash
[    0.063007] stackdepot hash table entries: 1048576 (order: 12, 16777216 bytes, linear)
[    0.071012] SLUB: HWalign=64, Order=0-3, MinObjects=0, CPUs=32, Nodes=1
Poking KASLR using RDRAND RDTSC...
[    0.071741] ftrace: allocating 48624 entries in 190 pages
[    0.080028] ftrace: allocated 190 pages with 6 groups
[    0.081175] Dynamic Preempt: voluntary
[    0.081857] rcu: Preemptible hierarchical RCU implementation.
[    0.082238] rcu: RCU event tracing is enabled.
[    0.082537] rcu: RCU restricting CPUs from NR_CPUS=64 to nr_cpu_ids=32.
[    0.082980] Trampoline variant of Tasks RCU enabled.
[    0.083318] Rude variant of Tasks RCU enabled.
[    0.083626] Tracing variant of Tasks RCU enabled.
[    0.083944] rcu: RCU calculated value of scheduler-enlistment delay is 100 jiffies.
[    0.084451] rcu: Adjusting geometry for rcu_fanout_leaf=16, nr_cpu_ids=32
[    0.084966] RCU Tasks: Setting shift to 5 and lim to 1 rcu_task_cb_adjust=1 rcu_task_cpu_ids=32.
[    0.085551] RCU Tasks Rude: Setting shift to 5 and lim to 1 rcu_task_cb_adjust=1 rcu_task_cpu_ids=32.
[    0.086165] RCU Tasks Trace: Setting shift to 5 and lim to 1 rcu_task_cb_adjust=1 rcu_task_cpu_ids=32.
[    0.094714] NR_IRQS: 4352, nr_irqs: 680, preallocated irqs: 16
[    0.095346] rcu: srcu_init: Setting srcu_struct sizes based on contention.
[    0.096016] Console: colour *CGA 80x25
[    0.096300] ACPI: Core revision 20240827
[    0.096707] clocksource: hpet: mask: 0xffffffff max_cycles: 0xffffffff, max_idle_ns: 19112604467 ns
[    0.097380] APIC: Switch to symmetric I/O mode setup
[    0.097716] kvm-guest: APIC: send_IPI_mask() replaced with kvm_send_ipi_mask()
[    0.098200] kvm-guest: APIC: send_IPI_mask_allbutself() replaced with kvm_send_ipi_mask_allbutself()
[    0.098795] kvm-guest: setup PV IPIs
[    0.099857] ..TIMER: vector=0x30 apic1=0 pin1=2 apic2=-1 pin2=-1
[    0.100604] clocksource: tsc-early: mask: 0xffffffffffffffff max_cycles: 0x40be4320a4d, max_idle_ns: 440795288133 ns
[    0.101880] Calibrating delay loop (skipped) preset value.. 8983.12 BogoMIPS (lpj=4491560)
[    0.102941] x86/cpu: User Mode Instruction Prevention (UMIP) activated
[    0.103936] Last level iTLB entries: 4KB 512, 2MB 255, 4MB 127
[    0.104879] Last level dTLB entries: 4KB 512, 2MB 255, 4MB 127, 1GB 0
[    0.105658] Spectre V1 : Mitigation: usercopy/swapgs barriers and __user pointer sanitization
[    0.105883] Spectre V2 : Mitigation: Enhanced / Automatic IBRS
[    0.106878] Spectre V2 : Spectre v2 / SpectreRSB mitigation: Filling RSB on context switch
[    0.107880] Spectre V2 : mitigation: Enabling conditional Indirect Branch Prediction Barrier
[    0.108880] Speculative Store Bypass: Mitigation: Speculative Store Bypass disabled via prctl
[    0.109879] Speculative Return Stack Overflow: IBPB-extending microcode not applied!
[    0.110878] Speculative Return Stack Overflow: WARNING: See https://kernel.org/doc/html/latest/admin-guide/hw-vuln/srso.html for mitigation options.
[    0.110880] Speculative Return Stack Overflow: Vulnerable: Safe RET, no microcode
[    0.112893] x86/fpu: Supporting XSAVE feature 0x001: 'x87 floating point registers'
[    0.113878] x86/fpu: Supporting XSAVE feature 0x002: 'SSE registers'
[    0.114623] x86/fpu: Supporting XSAVE feature 0x004: 'AVX registers'
[    0.114879] x86/fpu: Supporting XSAVE feature 0x020: 'AVX-512 opmask'
[    0.115878] x86/fpu: Supporting XSAVE feature 0x040: 'AVX-512 Hi256'
[    0.116878] x86/fpu: Supporting XSAVE feature 0x080: 'AVX-512 ZMM_Hi256'
[    0.117663] x86/fpu: Supporting XSAVE feature 0x200: 'Protection Keys User registers'
[    0.117879] x86/fpu: xstate_offset[2]:  576, xstate_sizes[2]:  256
[    0.118879] x86/fpu: xstate_offset[5]:  832, xstate_sizes[5]:   64
[    0.119878] x86/fpu: xstate_offset[6]:  896, xstate_sizes[6]:  512
[    0.120878] x86/fpu: xstate_offset[7]: 1408, xstate_sizes[7]: 1024
[    0.121603] x86/fpu: xstate_offset[9]: 2432, xstate_sizes[9]:    8
[    0.121878] x86/fpu: Enabled xstate features 0x2e7, context size is 2440 bytes, using 'compacted' format.
[    0.143949] Freeing SMP alternatives memory: 40K
[    0.144494] pid_max: default: 32768 minimum: 301
[    0.144992] Mount-cache hash table entries: 2048 (order: 2, 16384 bytes, linear)
[    0.145880] Mountpoint-cache hash table entries: 2048 (order: 2, 16384 bytes, linear)
[    0.147485] smpboot: CPU0: AMD Ryzen 9 7950X 16-Core Processor (family: 0x19, model: 0x61, stepping: 0x2)
[    0.148334] Performance Events: Fam17h+ core perfctr, AMD PMU driver.
[    0.148883] ... version:                0
[    0.149352] ... bit width:              48
[    0.149835] ... generic registers:      6
[    0.149880] ... value mask:             0000ffffffffffff
[    0.150505] ... max period:             00007fffffffffff
[    0.150880] ... fixed-purpose events:   0
[    0.151352] ... event mask:             000000000000003f
[    0.151987] signal: max sigframe size: 3376
[    0.152519] rcu: Hierarchical SRCU implementation.
[    0.152881] rcu: Max phase no-delay instances is 400.
[    0.153556] Timer migration: 2 hierarchy levels; 8 children per group; 2 crossnode level
[    0.157526] smp: Bringing up secondary CPUs ...
[    0.158153] smpboot: x86: Booting SMP configuration:
[    0.158735] .... node  #0, CPUs:        #1  #2  #3  #4  #5  #6  #7  #8  #9 #10 #11 #12 #13 #14 #15 #16 #17 #18 #19 #20 #21 #22 #23 #24 #25 #26 #27 #28 #29 #30 #31
[    0.182987] smp: Brought up 1 node, 32 CPUs
[    0.184377] smpboot: Total of 32 processors activated (287459.84 BogoMIPS)
[    0.187996] Memory: 763416K/1048056K available (45056K kernel code, 11392K rwdata, 10016K rodata, 6012K init, 1772K bss, 269016K reserved, 0K cma-reserved)
[    0.188996] devtmpfs: initialized
[    0.189445] x86/mm: Memory block size: 128MB
[    0.195535] clocksource: jiffies: mask: 0xffffffff max_cycles: 0xffffffff, max_idle_ns: 1911260446275000 ns
[    0.195886] futex hash table entries: 8192 (order: 7, 524288 bytes, linear)
[    0.197048] PM: RTC time: 09:26:55, date: 2024-11-06
[    0.198299] NET: Registered PF_NETLINK/PF_ROUTE protocol family
[    0.199707] thermal_sys: Registered thermal governor 'step_wise'
[    0.199709] thermal_sys: Registered thermal governor 'user_space'
[    0.199907] cpuidle: using governor menu
[    0.202149] PCI: Using configuration type 1 for base access
[    0.202823] PCI: Using configuration type 1 for extended access
[    0.203005] kprobes: kprobe jump-optimization is enabled. All kprobes are optimized if possible.
[    0.220964] HugeTLB: registered 1.00 GiB page size, pre-allocated 0 pages
[    0.221881] HugeTLB: 16380 KiB vmemmap can be freed for a 1.00 GiB page
[    0.222669] HugeTLB: registered 2.00 MiB page size, pre-allocated 0 pages
[    0.222880] HugeTLB: 28 KiB vmemmap can be freed for a 2.00 MiB page
[    0.224176] ACPI: Added _OSI(Module Device)
[    0.224703] ACPI: Added _OSI(Processor Device)
[    0.224881] ACPI: Added _OSI(3.0 _SCP Extensions)
[    0.225445] ACPI: Added _OSI(Processor Aggregator Device)
[    0.247824] ACPI: 1 ACPI AML tables successfully acquired and loaded
[    0.251519] ACPI: Interpreter enabled
[    0.251936] ACPI: PM: (supports S0 S3 S4 S5)
[    0.252450] ACPI: Using IOAPIC for interrupt routing
[    0.252927] PCI: Using host bridge windows from ACPI; if necessary, use "pci=nocrs" and report a bug
[    0.253880] PCI: Using E820 reservations for host bridge windows
[    0.255601] ACPI: Enabled 2 GPEs in block 00 to 0F
[    0.300232] ACPI: PCI Root Bridge [PCI0] (domain 0000 [bus 00-ff])
[    0.300894] acpi PNP0A03:00: _OSC: OS supports [ExtendedConfig ASPM ClockPM Segments MSI HPX-Type3]
[    0.302363] PCI host bridge to bus 0000:00
[    0.302904] pci_bus 0000:00: root bus resource [io  0x0000-0x0cf7 window]
[    0.303716] pci_bus 0000:00: root bus resource [io  0x0d00-0xffff window]
[    0.303883] pci_bus 0000:00: root bus resource [mem 0x000a0000-0x000bffff window]
[    0.304770] pci_bus 0000:00: root bus resource [mem 0x40000000-0xfebfffff window]
[    0.304883] pci_bus 0000:00: root bus resource [mem 0x100000000-0x17fffffff window]
[    0.305792] pci_bus 0000:00: root bus resource [bus 00-ff]
[    0.305971] pci 0000:00:00.0: [8086:1237] type 00 class 0x060000 conventional PCI endpoint
[    0.307686] pci 0000:00:01.0: [8086:7000] type 00 class 0x060100 conventional PCI endpoint
[    0.308728] pci 0000:00:01.1: [8086:7010] type 00 class 0x010180 conventional PCI endpoint
[    0.309985] pci 0000:00:01.1: BAR 4 [io  0xc0c0-0xc0cf]
[    0.311052] pci 0000:00:01.1: BAR 0 [io  0x01f0-0x01f7]: legacy IDE quirk
[    0.311862] pci 0000:00:01.1: BAR 1 [io  0x03f6]: legacy IDE quirk
[    0.311881] pci 0000:00:01.1: BAR 2 [io  0x0170-0x0177]: legacy IDE quirk
[    0.312683] pci 0000:00:01.1: BAR 3 [io  0x0376]: legacy IDE quirk
[    0.313542] pci 0000:00:01.3: [8086:7113] type 00 class 0x068000 conventional PCI endpoint
[    0.314125] pci 0000:00:01.3: quirk: [io  0x0600-0x063f] claimed by PIIX4 ACPI
[    0.314884] pci 0000:00:01.3: quirk: [io  0x0700-0x070f] claimed by PIIX4 SMB
[    0.316423] pci 0000:00:02.0: [1af4:1009] type 00 class 0x000200 conventional PCI endpoint
[    0.317232] pci 0000:00:02.0: BAR 0 [io  0xc000-0xc03f]
[    0.318072] pci 0000:00:02.0: BAR 1 [mem 0xfebfc000-0xfebfcfff]
[    0.320710] pci 0000:00:02.0: BAR 4 [mem 0xfebf0000-0xfebf3fff 64bit pref]
[    0.332461] pci 0000:00:03.0: [1af4:1009] type 00 class 0x000200 conventional PCI endpoint
[    0.333211] pci 0000:00:03.0: BAR 0 [io  0xc040-0xc07f]
[    0.334009] pci 0000:00:03.0: BAR 1 [mem 0xfebfd000-0xfebfdfff]
[    0.335451] pci 0000:00:03.0: BAR 4 [mem 0xfebf4000-0xfebf7fff 64bit pref]
[    0.346871] pci 0000:00:04.0: [8086:25ab] type 00 class 0x088000 conventional PCI endpoint
[    0.347020] pci 0000:00:04.0: BAR 0 [mem 0xfebfe000-0xfebfe00f]
[    0.358816] pci 0000:00:05.0: [1af4:1003] type 00 class 0x078000 conventional PCI endpoint
[    0.359158] pci 0000:00:05.0: BAR 0 [io  0xc080-0xc0bf]
[    0.359992] pci 0000:00:05.0: BAR 1 [mem 0xfebff000-0xfebfffff]
[    0.361551] pci 0000:00:05.0: BAR 4 [mem 0xfebf8000-0xfebfbfff 64bit pref]
[    0.375383] ACPI: PCI: Interrupt link LNKA configured for IRQ 10
[    0.376768] ACPI: PCI: Interrupt link LNKB configured for IRQ 10
[    0.377754] ACPI: PCI: Interrupt link LNKC configured for IRQ 11
[    0.378747] ACPI: PCI: Interrupt link LNKD configured for IRQ 11
[    0.379246] ACPI: PCI: Interrupt link LNKS configured for IRQ 9
[    0.397128] iommu: Default domain type: Translated
[    0.397705] iommu: DMA domain TLB invalidation policy: lazy mode
[    0.398410] SCSI subsystem initialized
[    0.399090] pps_core: LinuxPPS API ver. 1 registered
[    0.399684] pps_core: Software ver. 5.3.6 - Copyright 2005-2007 Rodolfo Giometti <giometti@linux.it>
[    0.399895] PTP clock support registered
[    0.400437] Advanced Linux Sound Architecture Driver Initialized.
[    0.401889] NET: Registered PF_ATMPVC protocol family
[    0.402497] NET: Registered PF_ATMSVC protocol family
[    0.402916] PCI: Using ACPI for IRQ routing
[    0.403543] vgaarb: loaded
[    0.403995] hpet0: at MMIO 0xfed00000, IRQs 2, 8, 0
[    0.404585] hpet0: 3 comparators, 64-bit 100.000000 MHz counter
[    0.409362] clocksource: Switched to clocksource kvm-clock
[    0.410144] VFS: Disk quotas dquot_6.6.0
[    0.410625] VFS: Dquot-cache hash table entries: 512 (order 0, 4096 bytes)
[    0.412106] pnp: PnP ACPI init
[    0.414712] pnp: PnP ACPI: found 5 devices
[    0.426526] clocksource: acpi_pm: mask: 0xffffff max_cycles: 0xffffff, max_idle_ns: 2085701024 ns
[    0.427639] NET: Registered PF_INET protocol family
[    0.428263] IP idents hash table entries: 16384 (order: 5, 131072 bytes, linear)
[    0.429509] tcp_listen_portaddr_hash hash table entries: 512 (order: 1, 8192 bytes, linear)
[    0.430517] Table-perturb hash table entries: 65536 (order: 6, 262144 bytes, linear)
[    0.431459] TCP established hash table entries: 8192 (order: 4, 65536 bytes, linear)
[    0.432385] TCP bind hash table entries: 8192 (order: 6, 262144 bytes, linear)
[    0.433340] TCP: Hash tables configured (established 8192 bind 8192)
[    0.434246] UDP hash table entries: 512 (order: 2, 16384 bytes, linear)
[    0.435032] UDP-Lite hash table entries: 512 (order: 2, 16384 bytes, linear)
[    0.436072] NET: Registered PF_UNIX/PF_LOCAL protocol family
[    0.436758] pci_bus 0000:00: resource 4 [io  0x0000-0x0cf7 window]
[    0.437499] pci_bus 0000:00: resource 5 [io  0x0d00-0xffff window]
[    0.438235] pci_bus 0000:00: resource 6 [mem 0x000a0000-0x000bffff window]
[    0.439049] pci_bus 0000:00: resource 7 [mem 0x40000000-0xfebfffff window]
[    0.439868] pci_bus 0000:00: resource 8 [mem 0x100000000-0x17fffffff window]
[    0.440893] pci 0000:00:01.0: PIIX3: Enabling Passive Release
[    0.441583] pci 0000:00:00.0: Limiting direct PCI/PCI transfers
[    0.442322] PCI: CLS 0 bytes, default 64
[    0.442855] kvm_intel: VMX not supported by CPU 0
[    0.443602] kvm_amd: TSC scaling supported
[    0.444096] kvm_amd: Nested Virtualization enabled
[    0.444660] kvm_amd: Nested Paging enabled
[    0.445161] kvm_amd: LBR virtualization supported
[    0.445725] kvm_amd: Virtual VMLOAD VMSAVE supported
[    0.446314] kvm_amd: Virtual GIF supported
[    0.446795] kvm_amd: Virtual NMI enabled
[    0.482773] clocksource: tsc: mask: 0xffffffffffffffff max_cycles: 0x40be4320a4d, max_idle_ns: 440795288133 ns
[    0.501770] Initialise system trusted keyrings
[    0.502434] workingset: timestamp_bits=56 max_order=18 bucket_order=0
[    0.503307] squashfs: version 4.0 (2009/01/31) Phillip Lougher
[    0.504017] fuse: init (API version 7.41)
[    0.504623] 9p: Installing v9fs 9p2000 file system support
[    0.514115] Key type asymmetric registered
[    0.514609] Asymmetric key parser 'x509' registered
[    0.515257] Block layer SCSI generic (bsg) driver version 0.4 loaded (major 249)
[    0.516173] io scheduler mq-deadline registered
[    0.516720] io scheduler kyber registered
[    0.519346] input: Power Button as /devices/LNXSYSTM:00/LNXPWRBN:00/input/input0
[    0.520418] ACPI: button: Power Button [PWRF]
[    0.522242] Warning: Processor Platform Limit event detected, but not handled.
[    0.523111] Consider compiling CPUfreq support into your kernel.
[    1.335734] ACPI: \_SB_.LNKB: Enabled at IRQ 10
[    2.141899] ACPI: \_SB_.LNKC: Enabled at IRQ 11
[    2.947199] ACPI: \_SB_.LNKA: Enabled at IRQ 10
[    2.948499] Serial: 8250/16550 driver, 4 ports, IRQ sharing enabled
[    2.949624] 00:03: ttyS0 at I/O 0x3f8 (irq = 4, base_baud = 115200) is a 16550A
[    2.971547] Non-volatile memory driver v1.3
[    2.972084] Linux agpgart interface v0.103
[    2.972826] ACPI: bus type drm_connector registered
[    2.975510] printk: legacy console [hvc0] enabled
[    2.976154] printk: legacy bootconsole [earlyser0] disabled
          _      _                                    
   __   _(_)_ __| |_ _ __ ___   ___       _ __   __ _ 
   \ \ / / |  __| __|  _   _ \ / _ \_____|  _ \ / _  |
    \ V /| | |  | |_| | | | | |  __/_____| | | | (_| |
     \_/ |_|_|   \__|_| |_| |_|\___|     |_| |_|\__  |
                                                |___/ 
   kernel version: 6.12.0-rc5-virtme x86_64
   (CTRL+d to exit)

root@virtme-ng:/nipa-data/kernel# PS1='xx__-> '
xx__-> env
PWD=/nipa-data/kernel
nr_open=1048576
HOME=/
TERM=xterm
SHLVL=2
XDG_RUNTIME_DIR=/run/user/0
PATH=/bin:/sbin:/usr/bin:/usr/sbin:/usr/local/bin
OLDPWD=/
_=/bin/env
xx__-> 