No EFI environment detected.
early console in extract_kernel
input_data: 0x0000000004c892c4
input_len: 0x0000000001970d34
output: 0x0000000001000000
output_len: 0x00000000055843e0
kernel_total_size: 0x0000000005230000
needed_size: 0x0000000005600000
trampoline_32bit: 0x0000000000000000
Physical KASLR using RDRAND RDTSC...
Virtual KASLR using RDRAND RDTSC...

Decompressing Linux... Parsing ELF... Performing relocations... done.
Booting the kernel (entry_offset: 0x0000000002bb9030).
[    0.000000] Linux version 6.14.0-virtme (root@dbe5e0fcb898) (gcc (Ubuntu 13.3.0-6ubuntu2~24.04) 13.3.0, GNU ld (GNU Binutils for Ubuntu) 2.42) #1 SMP PREEMPT_DYNAMIC Fri Apr  4 09:26:51 UTC 2025
[    0.000000] Command line: virtme_hostname=virtme-ng nr_open=1048576 virtme_link_mods=/nipa-data/kernel/.virtme_mods/lib/modules/0.0.0 virtme_initmount0=nipa-data/kernel virtme_rw_overlay0=/etc virtme_rw_overlay1=/lib virtme_rw_overlay2=/home virtme_rw_overlay3=/opt virtme_rw_overlay4=/srv virtme_rw_overlay5=/usr virtme_rw_overlay6=/var console=hvc0 earlyprintk=serial,ttyS0,115200 virtme_console=ttyS0 psmouse.proto=exps TERM=xterm virtme_chdir=nipa-data/kernel virtme_root_user=1 rootfstype=9p rootflags=version=9p2000.L,trans=virtio,access=any raid=noautodetect ro init=/usr/lib/python3/dist-packages/virtme/guest/virtme-init
[    0.000000] BIOS-provided physical RAM map:
[    0.000000] BIOS-e820: [mem 0x0000000000000000-0x000000000009fbff] usable
[    0.000000] BIOS-e820: [mem 0x000000000009fc00-0x000000000009ffff] reserved
[    0.000000] BIOS-e820: [mem 0x00000000000f0000-0x00000000000fffff] reserved
[    0.000000] BIOS-e820: [mem 0x0000000000100000-0x000000003ffdffff] usable
[    0.000000] BIOS-e820: [mem 0x000000003ffe0000-0x000000003fffffff] reserved
[    0.000000] BIOS-e820: [mem 0x00000000feffc000-0x00000000feffffff] reserved
[    0.000000] BIOS-e820: [mem 0x00000000fffc0000-0x00000000ffffffff] reserved
[    0.000000] BIOS-e820: [mem 0x000000fd00000000-0x000000ffffffffff] reserved
[    0.000000] printk: legacy bootconsole [earlyser0] enabled
[    0.000000] NX (Execute Disable) protection: active
[    0.000000] APIC: Static calls initialized
[    0.000000] SMBIOS 3.0.0 present.
[    0.000000] DMI: QEMU Ubuntu 24.04 PC (i440FX + PIIX, 1996), BIOS 1.16.3-debian-1.16.3-2 04/01/2014
[    0.000000] DMI: Memory slots populated: 1/1
[    0.000000] Hypervisor detected: KVM
[    0.000000] kvm-clock: Using msrs 4b564d01 and 4b564d00
[    0.000000] kvm-clock: using sched offset of 298447463 cycles
[    0.000363] clocksource: kvm-clock: mask: 0xffffffffffffffff max_cycles: 0x1cd42e4dffb, max_idle_ns: 881590591483 ns
[    0.001489] tsc: Detected 4491.524 MHz processor
[    0.002139] last_pfn = 0x3ffe0 max_arch_pfn = 0x400000000
[    0.002535] MTRR map: 4 entries (3 fixed + 1 variable; max 19), built from 8 variable MTRRs
[    0.003113] x86/PAT: Configuration [0-7]: WB  WC  UC- UC  WB  WP  UC- WT  
[    0.004996] found SMP MP-table at [mem 0x000f5470-0x000f547f]
[    0.005402] Using GB pages for direct mapping
[    0.005850] ACPI: Early table checksum verification disabled
[    0.006246] ACPI: RSDP 0x00000000000F5290 000014 (v00 BOCHS )
[    0.006651] ACPI: RSDT 0x000000003FFE27BC 000034 (v01 BOCHS  BXPC     00000001 BXPC 00000001)
[    0.007248] ACPI: FACP 0x000000003FFE2578 000074 (v01 BOCHS  BXPC     00000001 BXPC 00000001)
[    0.007849] ACPI: DSDT 0x000000003FFE0040 002538 (v01 BOCHS  BXPC     00000001 BXPC 00000001)
[    0.008447] ACPI: FACS 0x000000003FFE0000 000040
[    0.008768] ACPI: APIC 0x000000003FFE25EC 000170 (v03 BOCHS  BXPC     00000001 BXPC 00000001)
[    0.009380] ACPI: HPET 0x000000003FFE275C 000038 (v01 BOCHS  BXPC     00000001 BXPC 00000001)
[    0.009967] ACPI: WAET 0x000000003FFE2794 000028 (v01 BOCHS  BXPC     00000001 BXPC 00000001)
[    0.010555] ACPI: Reserving FACP table memory at [mem 0x3ffe2578-0x3ffe25eb]
[    0.011040] ACPI: Reserving DSDT table memory at [mem 0x3ffe0040-0x3ffe2577]
[    0.011524] ACPI: Reserving FACS table memory at [mem 0x3ffe0000-0x3ffe003f]
[    0.012007] ACPI: Reserving APIC table memory at [mem 0x3ffe25ec-0x3ffe275b]
[    0.012491] ACPI: Reserving HPET table memory at [mem 0x3ffe275c-0x3ffe2793]
[    0.012974] ACPI: Reserving WAET table memory at [mem 0x3ffe2794-0x3ffe27bb]
[    0.013647] No NUMA configuration found
[    0.013912] Faking a node at [mem 0x0000000000000000-0x000000003ffdffff]
[    0.014374] NODE_DATA(0) allocated [mem 0x3ffdb600-0x3ffdffff]
[    0.014791] Zone ranges:
[    0.014965]   DMA      [mem 0x0000000000001000-0x0000000000ffffff]
[    0.015391]   DMA32    [mem 0x0000000001000000-0x000000003ffdffff]
[    0.015816]   Normal   empty
[    0.016015]   Device   empty
[    0.016213] Movable zone start for each node
[    0.016507] Early memory node ranges
[    0.016752]   node   0: [mem 0x0000000000001000-0x000000000009efff]
[    0.017184]   node   0: [mem 0x0000000000100000-0x000000003ffdffff]
[    0.017618] Initmem setup node 0 [mem 0x0000000000001000-0x000000003ffdffff]
[    0.018106] On node 0, zone DMA: 1 pages in unavailable ranges
[    0.018558] On node 0, zone DMA: 97 pages in unavailable ranges
[    0.022882] On node 0, zone DMA32: 32 pages in unavailable ranges
[    0.031622] kasan: KernelAddressSanitizer initialized
[    0.032192] ACPI: PM-Timer IO Port: 0x608
[    0.032480] ACPI: LAPIC_NMI (acpi_id[0xff] dfl dfl lint[0x1])
[    0.032899] IOAPIC[0]: apic_id 0, version 17, address 0xfec00000, GSI 0-23
[    0.033381] ACPI: INT_SRC_OVR (bus 0 bus_irq 0 global_irq 2 dfl dfl)
[    0.033819] ACPI: INT_SRC_OVR (bus 0 bus_irq 5 global_irq 5 high level)
[    0.034274] ACPI: INT_SRC_OVR (bus 0 bus_irq 9 global_irq 9 high level)
[    0.034729] ACPI: INT_SRC_OVR (bus 0 bus_irq 10 global_irq 10 high level)
[    0.035195] ACPI: INT_SRC_OVR (bus 0 bus_irq 11 global_irq 11 high level)
[    0.035664] ACPI: Using ACPI (MADT) for SMP configuration information
[    0.036106] ACPI: HPET id: 0x8086a201 base: 0xfed00000
[    0.036460] TSC deadline timer available
[    0.036732] CPU topo: Max. logical packages:   1
[    0.037049] CPU topo: Max. logical dies:       1
[    0.037369] CPU topo: Max. dies per package:   1
[    0.037688] CPU topo: Max. threads per core:   1
[    0.038006] CPU topo: Num. cores per package:    32
[    0.038341] CPU topo: Num. threads per package:  32
[    0.038675] CPU topo: Allowing 32 present CPUs plus 0 hotplug CPUs
[    0.039114] kvm-guest: APIC: eoi() replaced with kvm_guest_apic_eoi_write()
[    0.039604] kvm-guest: KVM setup pv remote TLB flush
[    0.039947] kvm-guest: setup PV sched yield
[    0.040240] PM: hibernation: Registered nosave memory: [mem 0x00000000-0x00000fff]
[    0.040761] PM: hibernation: Registered nosave memory: [mem 0x0009f000-0x0009ffff]
[    0.041294] PM: hibernation: Registered nosave memory: [mem 0x000a0000-0x000effff]
[    0.041814] PM: hibernation: Registered nosave memory: [mem 0x000f0000-0x000fffff]
[    0.042334] [mem 0x40000000-0xfeffbfff] available for PCI devices
[    0.042753] Booting paravirtualized kernel on KVM
[    0.043077] clocksource: refined-jiffies: mask: 0xffffffff max_cycles: 0xffffffff, max_idle_ns: 1910969940391419 ns
[    0.051563] setup_percpu: NR_CPUS:64 nr_cpumask_bits:32 nr_cpu_ids:32 nr_node_ids:1
[    0.053298] percpu: Embedded 65 pages/cpu s228056 r8192 d29992 u524288
[    0.053818] Kernel command line: virtme_hostname=virtme-ng nr_open=1048576 virtme_link_mods=/nipa-data/kernel/.virtme_mods/lib/modules/0.0.0 virtme_initmount0=nipa-data/kernel virtme_rw_overlay0=/etc virtme_rw_overlay1=/lib virtme_rw_overlay2=/home virtme_rw_overlay3=/opt virtme_rw_overlay4=/srv virtme_rw_overlay5=/usr virtme_rw_overlay6=/var console=hvc0 earlyprintk=serial,ttyS0,115200 virtme_console=ttyS0 psmouse.proto=exps TERM=xterm virtme_chdir=nipa-data/kernel virtme_root_user=1 rootfstype=9p rootflags=version=9p2000.L,trans=virtio,access=any raid=noautodetect ro init=/usr/lib/python3/dist-packages/virtme/guest/virtme-init
[    0.057896] Unknown kernel command line parameters "virtme_hostname=virtme-ng nr_open=1048576 virtme_link_mods=/nipa-data/kernel/.virtme_mods/lib/modules/0.0.0 virtme_initmount0=nipa-data/kernel virtme_rw_overlay0=/etc virtme_rw_overlay1=/lib virtme_rw_overlay2=/home virtme_rw_overlay3=/opt virtme_rw_overlay4=/srv virtme_rw_overlay5=/usr virtme_rw_overlay6=/var virtme_console=ttyS0 virtme_chdir=nipa-data/kernel virtme_root_user=1", will be passed to user space.
[    0.060973] random: crng init done
[    0.061214] printk: log buffer data + meta data: 262144 + 917504 = 1179648 bytes
[    0.061783] Dentry cache hash table entries: 131072 (order: 8, 1048576 bytes, linear)
[    0.062452] Inode-cache hash table entries: 65536 (order: 7, 524288 bytes, linear)
[    0.063433] Fallback order for Node 0: 0 
[    0.063438] Built 1 zonelists, mobility grouping on.  Total pages: 262014
[    0.064201] Policy zone: DMA32
[    0.064417] mem auto-init: stack:all(zero), heap alloc:off, heap free:off
[    0.064896] stackdepot: allocating hash table via alloc_large_system_hash
[    0.065380] stackdepot hash table entries: 1048576 (order: 12, 16777216 bytes, linear)
[    0.073328] SLUB: HWalign=64, Order=0-3, MinObjects=0, CPUs=32, Nodes=1
Poking KASLR using RDRAND RDTSC...
[    0.082436] ftrace: allocating 48895 entries in 192 pages
[    0.082817] ftrace: allocated 192 pages with 2 groups
[    0.084015] Dynamic Preempt: voluntary
[    0.084728] rcu: Preemptible hierarchical RCU implementation.
[    0.085132] rcu: RCU event tracing is enabled.
[    0.085452] rcu: RCU restricting CPUs from NR_CPUS=64 to nr_cpu_ids=32.
[    0.085921] Trampoline variant of Tasks RCU enabled.
[    0.086274] Rude variant of Tasks RCU enabled.
[    0.086597] Tracing variant of Tasks RCU enabled.
[    0.086933] rcu: RCU calculated value of scheduler-enlistment delay is 100 jiffies.
[    0.087472] rcu: Adjusting geometry for rcu_fanout_leaf=16, nr_cpu_ids=32
[    0.088017] RCU Tasks: Setting shift to 5 and lim to 1 rcu_task_cb_adjust=1 rcu_task_cpu_ids=32.
[    0.088637] RCU Tasks Rude: Setting shift to 5 and lim to 1 rcu_task_cb_adjust=1 rcu_task_cpu_ids=32.
[    0.089297] RCU Tasks Trace: Setting shift to 5 and lim to 1 rcu_task_cb_adjust=1 rcu_task_cpu_ids=32.
[    0.099169] NR_IRQS: 4352, nr_irqs: 680, preallocated irqs: 16
[    0.099829] rcu: srcu_init: Setting srcu_struct sizes based on contention.
[    0.100697] Console: colour *CGA 80x25
[    0.100990] ACPI: Core revision 20240827
[    0.101466] clocksource: hpet: mask: 0xffffffff max_cycles: 0xffffffff, max_idle_ns: 19112604467 ns
[    0.102172] APIC: Switch to symmetric I/O mode setup
[    0.102672] x2apic enabled
[    0.103046] APIC: Switched APIC routing to: physical x2apic
[    0.103445] kvm-guest: APIC: send_IPI_mask() replaced with kvm_send_ipi_mask()
[    0.103955] kvm-guest: APIC: send_IPI_mask_allbutself() replaced with kvm_send_ipi_mask_allbutself()
[    0.104585] kvm-guest: setup PV IPIs
[    0.105652] ..TIMER: vector=0x30 apic1=0 pin1=2 apic2=-1 pin2=-1
[    0.106418] clocksource: tsc-early: mask: 0xffffffffffffffff max_cycles: 0x40be215b5d9, max_idle_ns: 440795359804 ns
[    0.107722] Calibrating delay loop (skipped) preset value.. 8983.04 BogoMIPS (lpj=4491524)
[    0.108785] x86/cpu: User Mode Instruction Prevention (UMIP) activated
[    0.109777] Last level iTLB entries: 4KB 512, 2MB 255, 4MB 127
[    0.110721] Last level dTLB entries: 4KB 512, 2MB 255, 4MB 127, 1GB 0
[    0.111726] Spectre V1 : Mitigation: usercopy/swapgs barriers and __user pointer sanitization
[    0.112725] Spectre V2 : Mitigation: Enhanced / Automatic IBRS
[    0.113436] Spectre V2 : Spectre v2 / SpectreRSB mitigation: Filling RSB on context switch
[    0.113723] Spectre V2 : mitigation: Enabling conditional Indirect Branch Prediction Barrier
[    0.114723] Speculative Store Bypass: Mitigation: Speculative Store Bypass disabled via prctl
[    0.115721] Speculative Return Stack Overflow: IBPB-extending microcode not applied!
[    0.116721] Speculative Return Stack Overflow: WARNING: See https://kernel.org/doc/html/latest/admin-guide/hw-vuln/srso.html for mitigation options.
[    0.116723] Speculative Return Stack Overflow: Vulnerable: Safe RET, no microcode
[    0.118735] x86/fpu: Supporting XSAVE feature 0x001: 'x87 floating point registers'
[    0.119721] x86/fpu: Supporting XSAVE feature 0x002: 'SSE registers'
[    0.120721] x86/fpu: Supporting XSAVE feature 0x004: 'AVX registers'
[    0.121480] x86/fpu: Supporting XSAVE feature 0x020: 'AVX-512 opmask'
[    0.121721] x86/fpu: Supporting XSAVE feature 0x040: 'AVX-512 Hi256'
[    0.122721] x86/fpu: Supporting XSAVE feature 0x080: 'AVX-512 ZMM_Hi256'
[    0.123721] x86/fpu: Supporting XSAVE feature 0x200: 'Protection Keys User registers'
[    0.124721] x86/fpu: xstate_offset[2]:  576, xstate_sizes[2]:  256
[    0.125721] x86/fpu: xstate_offset[5]:  832, xstate_sizes[5]:   64
[    0.126467] x86/fpu: xstate_offset[6]:  896, xstate_sizes[6]:  512
[    0.126721] x86/fpu: xstate_offset[7]: 1408, xstate_sizes[7]: 1024
[    0.127721] x86/fpu: xstate_offset[9]: 2432, xstate_sizes[9]:    8
[    0.128721] x86/fpu: Enabled xstate features 0x2e7, context size is 2440 bytes, using 'compacted' format.
[    0.150203] Freeing SMP alternatives memory: 40K
[    0.150723] pid_max: default: 32768 minimum: 301
[    0.151402] Mount-cache hash table entries: 2048 (order: 2, 16384 bytes, linear)
[    0.151722] Mountpoint-cache hash table entries: 2048 (order: 2, 16384 bytes, linear)
[    0.153965] smpboot: CPU0: AMD Ryzen 9 7950X 16-Core Processor (family: 0x19, model: 0x61, stepping: 0x2)
[    0.155162] Performance Events: Fam17h+ core perfctr, AMD PMU driver.
[    0.155724] ... version:                0
[    0.156222] ... bit width:              48
[    0.156716] ... generic registers:      6
[    0.156722] ... value mask:             0000ffffffffffff
[    0.157357] ... max period:             00007fffffffffff
[    0.157722] ... fixed-purpose events:   0
[    0.158201] ... event mask:             000000000000003f
[    0.158871] signal: max sigframe size: 3376
[    0.159418] rcu: Hierarchical SRCU implementation.
[    0.159723] rcu: Max phase no-delay instances is 400.
[    0.160421] Timer migration: 2 hierarchy levels; 8 children per group; 2 crossnode level
[    0.164536] smp: Bringing up secondary CPUs ...
[    0.164908] smpboot: x86: Booting SMP configuration:
[    0.165500] .... node  #0, CPUs:        #1  #2  #3  #4  #5  #6  #7  #8  #9 #10 #11 #12 #13 #14 #15 #16 #17 #18 #19 #20 #21 #22 #23 #24 #25 #26 #27 #28 #29 #30 #31
[    0.193819] smp: Brought up 1 node, 32 CPUs
[    0.195237] smpboot: Total of 32 processors activated (287457.53 BogoMIPS)
[    0.198926] Memory: 761352K/1048056K available (44773K kernel code, 11587K rwdata, 10264K rodata, 6148K init, 1336K bss, 270668K reserved, 0K cma-reserved)
[    0.199844] devtmpfs: initialized
[    0.200465] x86/mm: Memory block size: 128MB
[    0.207029] clocksource: jiffies: mask: 0xffffffff max_cycles: 0xffffffff, max_idle_ns: 1911260446275000 ns
[    0.207732] posixtimers hash table entries: 16384 (order: 6, 262144 bytes, linear)
[    0.208663] futex hash table entries: 8192 (order: 7, 524288 bytes, linear)
[    0.209092] PM: RTC time: 09:27:17, date: 2025-04-04
[    0.210506] NET: Registered PF_NETLINK/PF_ROUTE protocol family
[    0.211596] thermal_sys: Registered thermal governor 'step_wise'
[    0.211624] cpuidle: using governor menu
[    0.213444] PCI: Using configuration type 1 for base access
[    0.213724] PCI: Using configuration type 1 for extended access
[    0.214577] kprobes: kprobe jump-optimization is enabled. All kprobes are optimized if possible.
[    0.229844] HugeTLB: allocation took 0ms with hugepage_allocation_threads=8
[    0.230756] HugeTLB: registered 1.00 GiB page size, pre-allocated 0 pages
[    0.231565] HugeTLB: 16380 KiB vmemmap can be freed for a 1.00 GiB page
[    0.231723] HugeTLB: registered 2.00 MiB page size, pre-allocated 0 pages
[    0.232527] HugeTLB: 28 KiB vmemmap can be freed for a 2.00 MiB page
[    0.234162] ACPI: Added _OSI(Module Device)
[    0.234725] ACPI: Added _OSI(Processor Device)
[    0.235254] ACPI: Added _OSI(3.0 _SCP Extensions)
[    0.235723] ACPI: Added _OSI(Processor Aggregator Device)
[    0.260799] ACPI: 1 ACPI AML tables successfully acquired and loaded
[    0.265656] ACPI: Interpreter enabled
[    0.266786] ACPI: PM: (supports S0 S3 S4 S5)
[    0.267295] ACPI: Using IOAPIC for interrupt routing
[    0.267772] PCI: Using host bridge windows from ACPI; if necessary, use "pci=nocrs" and report a bug
[    0.268722] PCI: Using E820 reservations for host bridge windows
[    0.270562] ACPI: Enabled 2 GPEs in block 00 to 0F
[    0.319962] ACPI: PCI Root Bridge [PCI0] (domain 0000 [bus 00-ff])
[    0.320724] acpi PNP0A03:00: _OSC: OS supports [ExtendedConfig ASPM ClockPM Segments MSI HPX-Type3]
[    0.323231] PCI host bridge to bus 0000:00
[    0.323776] pci_bus 0000:00: root bus resource [io  0x0000-0x0cf7 window]
[    0.324601] pci_bus 0000:00: root bus resource [io  0x0d00-0xffff window]
[    0.324726] pci_bus 0000:00: root bus resource [mem 0x000a0000-0x000bffff window]
[    0.325624] pci_bus 0000:00: root bus resource [mem 0x40000000-0xfebfffff window]
[    0.326725] pci_bus 0000:00: root bus resource [mem 0x100000000-0x17fffffff window]
[    0.327636] pci_bus 0000:00: root bus resource [bus 00-ff]
[    0.328811] pci 0000:00:00.0: [8086:1237] type 00 class 0x060000 conventional PCI endpoint
[    0.330631] pci 0000:00:01.0: [8086:7000] type 00 class 0x060100 conventional PCI endpoint
[    0.332602] pci 0000:00:01.1: [8086:7010] type 00 class 0x010180 conventional PCI endpoint
[    0.333171] pci 0000:00:01.1: BAR 4 [io  0xc0c0-0xc0cf]
[    0.333740] pci 0000:00:01.1: BAR 0 [io  0x01f0-0x01f7]: legacy IDE quirk
[    0.334549] pci 0000:00:01.1: BAR 1 [io  0x03f6]: legacy IDE quirk
[    0.335723] pci 0000:00:01.1: BAR 2 [io  0x0170-0x0177]: legacy IDE quirk
[    0.336529] pci 0000:00:01.1: BAR 3 [io  0x0376]: legacy IDE quirk
[    0.338433] pci 0000:00:01.3: [8086:7113] type 00 class 0x068000 conventional PCI endpoint
[    0.338929] pci 0000:00:01.3: quirk: [io  0x0600-0x063f] claimed by PIIX4 ACPI
[    0.339726] pci 0000:00:01.3: quirk: [io  0x0700-0x070f] claimed by PIIX4 SMB
[    0.341338] pci 0000:00:02.0: [1af4:1009] type 00 class 0x000200 conventional PCI endpoint
[    0.343727] pci 0000:00:02.0: BAR 0 [io  0xc000-0xc03f]
[    0.344355] pci 0000:00:02.0: BAR 1 [mem 0xfebfc000-0xfebfcfff]
[    0.344739] pci 0000:00:02.0: BAR 4 [mem 0xfebf0000-0xfebf3fff 64bit pref]
[    0.357561] pci 0000:00:03.0: [1af4:1009] type 00 class 0x000200 conventional PCI endpoint
[    0.359727] pci 0000:00:03.0: BAR 0 [io  0xc040-0xc07f]
[    0.360355] pci 0000:00:03.0: BAR 1 [mem 0xfebfd000-0xfebfdfff]
[    0.360736] pci 0000:00:03.0: BAR 4 [mem 0xfebf4000-0xfebf7fff 64bit pref]
[    0.373480] pci 0000:00:04.0: [8086:25ab] type 00 class 0x088000 conventional PCI endpoint
[    0.375093] pci 0000:00:04.0: BAR 0 [mem 0xfebfe000-0xfebfe00f]
[    0.387552] pci 0000:00:05.0: [1af4:1003] type 00 class 0x078000 conventional PCI endpoint
[    0.389467] pci 0000:00:05.0: BAR 0 [io  0xc080-0xc0bf]
[    0.390727] pci 0000:00:05.0: BAR 1 [mem 0xfebff000-0xfebfffff]
[    0.391442] pci 0000:00:05.0: BAR 4 [mem 0xfebf8000-0xfebfbfff 64bit pref]
[    0.406110] ACPI: PCI: Interrupt link LNKA configured for IRQ 10
[    0.407701] ACPI: PCI: Interrupt link LNKB configured for IRQ 10
[    0.409688] ACPI: PCI: Interrupt link LNKC configured for IRQ 11
[    0.411675] ACPI: PCI: Interrupt link LNKD configured for IRQ 11
[    0.412120] ACPI: PCI: Interrupt link LNKS configured for IRQ 9
[    0.432139] iommu: Default domain type: Translated
[    0.432723] iommu: DMA domain TLB invalidation policy: lazy mode
[    0.433915] SCSI subsystem initialized
[    0.434949] pps_core: LinuxPPS API ver. 1 registered
[    0.435723] pps_core: Software ver. 5.3.6 - Copyright 2005-2007 Rodolfo Giometti <giometti@linux.it>
[    0.436737] PTP clock support registered
[    0.437851] Advanced Linux Sound Architecture Driver Initialized.
[    0.439872] NET: Registered PF_ATMPVC protocol family
[    0.440475] NET: Registered PF_ATMSVC protocol family
[    0.440760] PCI: Using ACPI for IRQ routing
[    0.441429] vgaarb: loaded
[    0.441841] hpet0: at MMIO 0xfed00000, IRQs 2, 8, 0
[    0.442430] hpet0: 3 comparators, 64-bit 100.000000 MHz counter
[    0.447983] clocksource: Switched to clocksource kvm-clock
[    0.449095] VFS: Disk quotas dquot_6.6.0
[    0.449607] VFS: Dquot-cache hash table entries: 512 (order 0, 4096 bytes)
[    0.451198] pnp: PnP ACPI init
[    0.454044] pnp: PnP ACPI: found 5 devices
[    0.464748] clocksource: acpi_pm: mask: 0xffffff max_cycles: 0xffffff, max_idle_ns: 2085701024 ns
[    0.465860] NET: Registered PF_INET protocol family
[    0.466483] IP idents hash table entries: 16384 (order: 5, 131072 bytes, linear)
[    0.467731] tcp_listen_portaddr_hash hash table entries: 512 (order: 1, 8192 bytes, linear)
[    0.468728] Table-perturb hash table entries: 65536 (order: 6, 262144 bytes, linear)
[    0.469664] TCP established hash table entries: 8192 (order: 4, 65536 bytes, linear)
[    0.470583] TCP bind hash table entries: 8192 (order: 6, 262144 bytes, linear)
[    0.471528] TCP: Hash tables configured (established 8192 bind 8192)
[    0.472444] UDP hash table entries: 512 (order: 3, 32768 bytes, linear)
[    0.473239] UDP-Lite hash table entries: 512 (order: 3, 32768 bytes, linear)
[    0.474295] NET: Registered PF_UNIX/PF_LOCAL protocol family
[    0.474984] pci_bus 0000:00: resource 4 [io  0x0000-0x0cf7 window]
[    0.475715] pci_bus 0000:00: resource 5 [io  0x0d00-0xffff window]
[    0.476447] pci_bus 0000:00: resource 6 [mem 0x000a0000-0x000bffff window]
[    0.477255] pci_bus 0000:00: resource 7 [mem 0x40000000-0xfebfffff window]
[    0.478067] pci_bus 0000:00: resource 8 [mem 0x100000000-0x17fffffff window]
[    0.479103] pci 0000:00:01.0: PIIX3: Enabling Passive Release
[    0.479788] pci 0000:00:00.0: Limiting direct PCI/PCI transfers
[    0.480522] PCI: CLS 0 bytes, default 64
[    0.481237] kvm_intel: VMX not supported by CPU 16
[    0.481832] kvm_amd: TSC scaling supported
[    0.482317] kvm_amd: Nested Virtualization enabled
[    0.482881] kvm_amd: Nested Paging enabled
[    0.483366] kvm_amd: LBR virtualization supported
[    0.483933] kvm_amd: Virtual GIF supported
[    0.484422] kvm_amd: Virtual NMI enabled
[    0.513493] clocksource: tsc: mask: 0xffffffffffffffff max_cycles: 0x40be215b5d9, max_idle_ns: 440795359804 ns
[    0.532550] Initialise system trusted keyrings
[    0.533206] workingset: timestamp_bits=56 max_order=18 bucket_order=0
[    0.534088] squashfs: version 4.0 (2009/01/31) Phillip Lougher
[    0.534799] fuse: init (API version 7.42)
[    0.535409] 9p: Installing v9fs 9p2000 file system support
[    0.544981] Key type asymmetric registered
[    0.545480] Asymmetric key parser 'x509' registered
[    0.546122] Block layer SCSI generic (bsg) driver version 0.4 loaded (major 249)
[    0.547037] io scheduler mq-deadline registered
[    0.547586] io scheduler kyber registered
[    0.549969] input: Power Button as /devices/LNXSYSTM:00/LNXPWRBN:00/input/input0
[    0.551082] ACPI: button: Power Button [PWRF]
[    0.552994] Warning: Processor Platform Limit event detected, but not handled.
[    0.554302] Consider compiling CPUfreq support into your kernel.
[    1.441048] ACPI: \_SB_.LNKB: Enabled at IRQ 10
[    2.321314] ACPI: \_SB_.LNKC: Enabled at IRQ 11
[    3.200750] ACPI: \_SB_.LNKA: Enabled at IRQ 10
[    3.201990] Serial: 8250/16550 driver, 4 ports, IRQ sharing enabled
[    3.203243] 00:03: ttyS0 at I/O 0x3f8 (irq = 4, base_baud = 115200) is a 16550A
[    3.227443] Non-volatile memory driver v1.3
[    3.227933] Linux agpgart interface v0.103
[    3.228600] ACPI: bus type drm_connector registered
[    3.229874] printk: legacy console [hvc0] enabled
[    3.230492] printk: legacy bootconsole [earlyser0] disabled
          _      _                                    
   __   _(_)_ __| |_ _ __ ___   ___       _ __   __ _ 
   \ \ / / |  __| __|  _   _ \ / _ \_____|  _ \ / _  |
    \ V /| | |  | |_| | | | | |  __/_____| | | | (_| |
     \_/ |_|_|   \__|_| |_| |_|\___|     |_| |_|\__  |
                                                |___/ 
   kernel version: 6.14.0-virtme x86_64
   (CTRL+d to exit)

root@virtme-ng:/nipa-data/kernel# PS1='xx__-> '
xx__-> env
PWD=/nipa-data/kernel
nr_open=1048576
HOME=/
TERM=xterm
SHLVL=2
XDG_RUNTIME_DIR=/run/user/0
PATH=/bin:/sbin:/usr/bin:/usr/sbin:/usr/local/bin
OLDPWD=/
_=/bin/env
xx__-> 