No EFI environment detected.
early console in extract_kernel
input_data: 0x0000000004cb72c4
input_len: 0x000000000186fbed
output: 0x0000000001000000
output_len: 0x00000000054b1848
kernel_total_size: 0x0000000005030000
needed_size: 0x0000000005600000
trampoline_32bit: 0x000000000009d000
Physical KASLR using RDRAND RDTSC...
Virtual KASLR using RDRAND RDTSC...

Decompressing Linux... Parsing ELF... Performing relocations... done.
Booting the kernel (entry_offset: 0x0000000000000000).
[    0.000000] Linux version 6.10.0-rc7-virtme (root@3213088288a7) (gcc (Ubuntu 13.2.0-23ubuntu4) 13.2.0, GNU ld (GNU Binutils for Ubuntu) 2.42) #1 SMP PREEMPT_DYNAMIC Sat Jul 13 03:27:34 UTC 2024
[    0.000000] Command line: virtme_hostname=virtme-ng nr_open=1048576 virtme_link_mods=/nipa-data/kernel/.virtme_mods/lib/modules/0.0.0 virtme_initmount0=nipa-data/kernel virtme_rw_overlay0=/etc virtme_rw_overlay1=/lib virtme_rw_overlay2=/home virtme_rw_overlay3=/opt virtme_rw_overlay4=/srv virtme_rw_overlay5=/usr virtme_rw_overlay6=/var console=hvc0 earlyprintk=serial,ttyS0,115200 virtme_console=ttyS0 psmouse.proto=exps TERM=xterm virtme_chdir=nipa-data/kernel virtme_root_user=1 rootfstype=9p rootflags=version=9p2000.L,trans=virtio,access=any raid=noautodetect ro init=/usr/lib/python3/dist-packages/virtme/guest/virtme-init
[    0.000000] x86/split lock detection: #DB: warning on user-space bus_locks
[    0.000000] BIOS-provided physical RAM map:
[    0.000000] BIOS-e820: [mem 0x0000000000000000-0x000000000009fbff] usable
[    0.000000] BIOS-e820: [mem 0x000000000009fc00-0x000000000009ffff] reserved
[    0.000000] BIOS-e820: [mem 0x00000000000f0000-0x00000000000fffff] reserved
[    0.000000] BIOS-e820: [mem 0x0000000000100000-0x000000003ffdffff] usable
[    0.000000] BIOS-e820: [mem 0x000000003ffe0000-0x000000003fffffff] reserved
[    0.000000] BIOS-e820: [mem 0x00000000feffc000-0x00000000feffffff] reserved
[    0.000000] BIOS-e820: [mem 0x00000000fffc0000-0x00000000ffffffff] reserved
[    0.000000] printk: legacy bootconsole [earlyser0] enabled
[    0.000000] NX (Execute Disable) protection: active
[    0.000000] APIC: Static calls initialized
[    0.000000] SMBIOS 3.0.0 present.
[    0.000000] DMI: QEMU Ubuntu 24.04 PC (i440FX + PIIX, 1996), BIOS 1.16.3-debian-1.16.3-2 04/01/2014
[    0.000000] DMI: Memory slots populated: 1/1
[    0.000000] Hypervisor detected: KVM
[    0.000000] kvm-clock: Using msrs 4b564d01 and 4b564d00
[    0.000001] kvm-clock: using sched offset of 1225803990 cycles
[    0.000753] clocksource: kvm-clock: mask: 0xffffffffffffffff max_cycles: 0x1cd42e4dffb, max_idle_ns: 881590591483 ns
[    0.003091] tsc: Detected 2000.000 MHz processor
[    0.004391] last_pfn = 0x3ffe0 max_arch_pfn = 0x10000000000
[    0.005251] MTRR map: 4 entries (3 fixed + 1 variable; max 19), built from 8 variable MTRRs
[    0.006450] x86/PAT: Configuration [0-7]: WB  WC  UC- UC  WB  WP  UC- WT  
[    0.013566] found SMP MP-table at [mem 0x000f5470-0x000f547f]
[    0.014407] Using GB pages for direct mapping
[    0.015247] ACPI: Early table checksum verification disabled
[    0.016065] ACPI: RSDP 0x00000000000F5290 000014 (v00 BOCHS )
[    0.016899] ACPI: RSDT 0x000000003FFE308E 000034 (v01 BOCHS  BXPC     00000001 BXPC 00000001)
[    0.018130] ACPI: FACP 0x000000003FFE2D8A 000074 (v01 BOCHS  BXPC     00000001 BXPC 00000001)
[    0.019365] ACPI: DSDT 0x000000003FFE0040 002D4A (v01 BOCHS  BXPC     00000001 BXPC 00000001)
[    0.020596] ACPI: FACS 0x000000003FFE0000 000040
[    0.021264] ACPI: APIC 0x000000003FFE2DFE 000230 (v03 BOCHS  BXPC     00000001 BXPC 00000001)
[    0.022492] ACPI: HPET 0x000000003FFE302E 000038 (v01 BOCHS  BXPC     00000001 BXPC 00000001)
[    0.023718] ACPI: WAET 0x000000003FFE3066 000028 (v01 BOCHS  BXPC     00000001 BXPC 00000001)
[    0.024947] ACPI: Reserving FACP table memory at [mem 0x3ffe2d8a-0x3ffe2dfd]
[    0.025956] ACPI: Reserving DSDT table memory at [mem 0x3ffe0040-0x3ffe2d89]
[    0.026964] ACPI: Reserving FACS table memory at [mem 0x3ffe0000-0x3ffe003f]
[    0.027976] ACPI: Reserving APIC table memory at [mem 0x3ffe2dfe-0x3ffe302d]
[    0.028984] ACPI: Reserving HPET table memory at [mem 0x3ffe302e-0x3ffe3065]
[    0.029992] ACPI: Reserving WAET table memory at [mem 0x3ffe3066-0x3ffe308d]
[    0.031500] No NUMA configuration found
[    0.032054] Faking a node at [mem 0x0000000000000000-0x000000003ffdffff]
[    0.033016] NODE_DATA(0) allocated [mem 0x3ffdb000-0x3ffdffff]
[    0.034010] Zone ranges:
[    0.034375]   DMA      [mem 0x0000000000001000-0x0000000000ffffff]
[    0.035261]   DMA32    [mem 0x0000000001000000-0x000000003ffdffff]
[    0.036153]   Normal   empty
[    0.036568]   Device   empty
[    0.036982] Movable zone start for each node
[    0.037593] Early memory node ranges
[    0.038107]   node   0: [mem 0x0000000000001000-0x000000000009efff]
[    0.039013]   node   0: [mem 0x0000000000100000-0x000000003ffdffff]
[    0.039917] Initmem setup node 0 [mem 0x0000000000001000-0x000000003ffdffff]
[    0.040932] On node 0, zone DMA: 1 pages in unavailable ranges
[    0.041869] On node 0, zone DMA: 97 pages in unavailable ranges
[    0.051368] On node 0, zone DMA32: 32 pages in unavailable ranges
[    0.084753] kasan: KernelAddressSanitizer initialized
[    0.086020] ACPI: PM-Timer IO Port: 0x608
[    0.086624] ACPI: LAPIC_NMI (acpi_id[0xff] dfl dfl lint[0x1])
[    0.087503] IOAPIC[0]: apic_id 0, version 17, address 0xfec00000, GSI 0-23
[    0.088496] ACPI: INT_SRC_OVR (bus 0 bus_irq 0 global_irq 2 dfl dfl)
[    0.089411] ACPI: INT_SRC_OVR (bus 0 bus_irq 5 global_irq 5 high level)
[    0.090364] ACPI: INT_SRC_OVR (bus 0 bus_irq 9 global_irq 9 high level)
[    0.091316] ACPI: INT_SRC_OVR (bus 0 bus_irq 10 global_irq 10 high level)
[    0.092296] ACPI: INT_SRC_OVR (bus 0 bus_irq 11 global_irq 11 high level)
[    0.093277] ACPI: Using ACPI (MADT) for SMP configuration information
[    0.094203] ACPI: HPET id: 0x8086a201 base: 0xfed00000
[    0.094948] TSC deadline timer available
[    0.095515] CPU topo: Max. logical packages:   1
[    0.096183] CPU topo: Max. logical dies:       1
[    0.096848] CPU topo: Max. dies per package:   1
[    0.097517] CPU topo: Max. threads per core:   1
[    0.098182] CPU topo: Num. cores per package:    56
[    0.098886] CPU topo: Num. threads per package:  56
[    0.099591] CPU topo: Allowing 56 present CPUs plus 0 hotplug CPUs
[    0.100521] kvm-guest: APIC: eoi() replaced with kvm_guest_apic_eoi_write()
[    0.101544] kvm-guest: KVM setup pv remote TLB flush
[    0.102259] kvm-guest: setup PV sched yield
[    0.102868] PM: hibernation: Registered nosave memory: [mem 0x00000000-0x00000fff]
[    0.104060] PM: hibernation: Registered nosave memory: [mem 0x0009f000-0x0009ffff]
[    0.105157] PM: hibernation: Registered nosave memory: [mem 0x000a0000-0x000effff]
[    0.106245] PM: hibernation: Registered nosave memory: [mem 0x000f0000-0x000fffff]
[    0.107335] [mem 0x40000000-0xfeffbfff] available for PCI devices
[    0.108219] Booting paravirtualized kernel on KVM
[    0.108897] clocksource: refined-jiffies: mask: 0xffffffff max_cycles: 0xffffffff, max_idle_ns: 1910969940391419 ns
[    0.131537] setup_percpu: NR_CPUS:64 nr_cpumask_bits:56 nr_cpu_ids:56 nr_node_ids:1
[    0.141904] percpu: Embedded 70 pages/cpu s248536 r8192 d29992 u524288
[    0.143047] Kernel command line: virtme_hostname=virtme-ng nr_open=1048576 virtme_link_mods=/nipa-data/kernel/.virtme_mods/lib/modules/0.0.0 virtme_initmount0=nipa-data/kernel virtme_rw_overlay0=/etc virtme_rw_overlay1=/lib virtme_rw_overlay2=/home virtme_rw_overlay3=/opt virtme_rw_overlay4=/srv virtme_rw_overlay5=/usr virtme_rw_overlay6=/var console=hvc0 earlyprintk=serial,ttyS0,115200 virtme_console=ttyS0 psmouse.proto=exps TERM=xterm virtme_chdir=nipa-data/kernel virtme_root_user=1 rootfstype=9p rootflags=version=9p2000.L,trans=virtio,access=any raid=noautodetect ro init=/usr/lib/python3/dist-packages/virtme/guest/virtme-init
[    0.151389] Unknown kernel command line parameters "virtme_hostname=virtme-ng nr_open=1048576 virtme_link_mods=/nipa-data/kernel/.virtme_mods/lib/modules/0.0.0 virtme_initmount0=nipa-data/kernel virtme_rw_overlay0=/etc virtme_rw_overlay1=/lib virtme_rw_overlay2=/home virtme_rw_overlay3=/opt virtme_rw_overlay4=/srv virtme_rw_overlay5=/usr virtme_rw_overlay6=/var virtme_console=ttyS0 virtme_chdir=nipa-data/kernel virtme_root_user=1", will be passed to user space.
[    0.157321] random: crng init done
[    0.157816] printk: log_buf_len individual max cpu contribution: 4096 bytes
[    0.158828] printk: log_buf_len total cpu_extra contributions: 225280 bytes
[    0.159841] printk: log_buf_len min size: 262144 bytes
[    0.161465] printk: log_buf_len: 524288 bytes
[    0.162122] printk: early log buf free: 253864(96%)
[    0.163307] Dentry cache hash table entries: 131072 (order: 8, 1048576 bytes, linear)
[    0.164532] Inode-cache hash table entries: 65536 (order: 7, 524288 bytes, linear)
[    0.168184] Fallback order for Node 0: 0 
[    0.168200] Built 1 zonelists, mobility grouping on.  Total pages: 262014
[    0.169698] Policy zone: DMA32
[    0.170120] mem auto-init: stack:all(zero), heap alloc:off, heap free:off
[    0.171053] stackdepot: allocating hash table via alloc_large_system_hash
[    0.171993] stackdepot hash table entries: 1048576 (order: 12, 16777216 bytes, linear)
[    0.196149] Memory: 767420K/1048056K available (45056K kernel code, 11218K rwdata, 9856K rodata, 5920K init, 2128K bss, 280436K reserved, 0K cma-reserved)
[    0.198550] SLUB: HWalign=64, Order=0-3, MinObjects=0, CPUs=56, Nodes=1
Poking KASLR using RDRAND RDTSC...
[    0.200044] ftrace: allocating 48040 entries in 188 pages
[    0.220055] ftrace: allocated 188 pages with 5 groups
[    0.222683] Dynamic Preempt: voluntary
[    0.225246] rcu: Preemptible hierarchical RCU implementation.
[    0.226047] rcu: RCU event tracing is enabled.
[    0.226672] rcu: RCU restricting CPUs from NR_CPUS=64 to nr_cpu_ids=56.
[    0.227600] Trampoline variant of Tasks RCU enabled.
[    0.228298] Rude variant of Tasks RCU enabled.
[    0.228918] Tracing variant of Tasks RCU enabled.
[    0.229575] rcu: RCU calculated value of scheduler-enlistment delay is 100 jiffies.
[    0.230627] rcu: Adjusting geometry for rcu_fanout_leaf=16, nr_cpu_ids=56
[    0.231861] RCU Tasks: Setting shift to 6 and lim to 1 rcu_task_cb_adjust=1.
[    0.232836] RCU Tasks Rude: Setting shift to 6 and lim to 1 rcu_task_cb_adjust=1.
[    0.233866] RCU Tasks Trace: Setting shift to 6 and lim to 1 rcu_task_cb_adjust=1.
[    0.254986] NR_IRQS: 4352, nr_irqs: 872, preallocated irqs: 16
[    0.256330] rcu: srcu_init: Setting srcu_struct sizes based on contention.
[    0.257735] Console: colour *CGA 80x25
[    0.258351] ACPI: Core revision 20240322
[    0.259258] clocksource: hpet: mask: 0xffffffff max_cycles: 0xffffffff, max_idle_ns: 19112604467 ns
[    0.260655] APIC: Switch to symmetric I/O mode setup
[    0.261531] APIC: Switched APIC routing to: physical flat
[    0.262596] kvm-guest: APIC: send_IPI_mask() replaced with kvm_send_ipi_mask()
[    0.263646] kvm-guest: APIC: send_IPI_mask_allbutself() replaced with kvm_send_ipi_mask_allbutself()
[    0.265015] kvm-guest: setup PV IPIs
[    0.267203] ..TIMER: vector=0x30 apic1=0 pin1=2 apic2=-1 pin2=-1
[    0.268585] clocksource: tsc-early: mask: 0xffffffffffffffff max_cycles: 0x39a85c9bff6, max_idle_ns: 881590591483 ns
[    0.271551] Calibrating delay loop (skipped) preset value.. 4000.00 BogoMIPS (lpj=2000000)
[    0.272767] x86/cpu: User Mode Instruction Prevention (UMIP) activated
[    0.273698] Last level iTLB entries: 4KB 0, 2MB 0, 4MB 0
[    0.274544] Last level dTLB entries: 4KB 0, 2MB 0, 4MB 0, 1GB 0
[    0.275567] Spectre V1 : Mitigation: usercopy/swapgs barriers and __user pointer sanitization
[    0.276553] Spectre V2 : Spectre BHI mitigation: SW BHB clearing on vm exit
[    0.277547] Spectre V2 : Spectre BHI mitigation: SW BHB clearing on syscall
[    0.278552] Spectre V2 : Mitigation: Enhanced / Automatic IBRS
[    0.279545] Spectre V2 : Spectre v2 / SpectreRSB mitigation: Filling RSB on context switch
[    0.280544] Spectre V2 : Spectre v2 / PBRSB-eIBRS: Retire a single CALL on VMEXIT
[    0.281552] Spectre V2 : mitigation: Enabling conditional Indirect Branch Prediction Barrier
[    0.282557] Speculative Store Bypass: Mitigation: Speculative Store Bypass disabled via prctl
[    0.283553] TAA: Mitigation: TSX disabled
[    0.284633] x86/fpu: Supporting XSAVE feature 0x001: 'x87 floating point registers'
[    0.285544] x86/fpu: Supporting XSAVE feature 0x002: 'SSE registers'
[    0.286544] x86/fpu: Supporting XSAVE feature 0x004: 'AVX registers'
[    0.287544] x86/fpu: Supporting XSAVE feature 0x020: 'AVX-512 opmask'
[    0.288544] x86/fpu: Supporting XSAVE feature 0x040: 'AVX-512 Hi256'
[    0.289544] x86/fpu: Supporting XSAVE feature 0x080: 'AVX-512 ZMM_Hi256'
[    0.290544] x86/fpu: Supporting XSAVE feature 0x200: 'Protection Keys User registers'
[    0.291544] x86/fpu: Supporting XSAVE feature 0x20000: 'AMX Tile config'
[    0.292544] x86/fpu: Supporting XSAVE feature 0x40000: 'AMX Tile data'
[    0.293544] x86/fpu: xstate_offset[2]:  576, xstate_sizes[2]:  256
[    0.294544] x86/fpu: xstate_offset[5]:  832, xstate_sizes[5]:   64
[    0.295544] x86/fpu: xstate_offset[6]:  896, xstate_sizes[6]:  512
[    0.296544] x86/fpu: xstate_offset[7]: 1408, xstate_sizes[7]: 1024
[    0.297544] x86/fpu: xstate_offset[9]: 2432, xstate_sizes[9]:    8
[    0.298544] x86/fpu: xstate_offset[17]: 2496, xstate_sizes[17]:   64
[    0.299544] x86/fpu: xstate_offset[18]: 2560, xstate_sizes[18]: 8192
[    0.300544] x86/fpu: Enabled xstate features 0x602e7, context size is 10752 bytes, using 'compacted' format.
[    0.346101] Freeing SMP alternatives memory: 40K
[    0.346545] pid_max: default: 57344 minimum: 448
[    0.347822] Mount-cache hash table entries: 2048 (order: 2, 16384 bytes, linear)
[    0.348547] Mountpoint-cache hash table entries: 2048 (order: 2, 16384 bytes, linear)
[    0.350859] smpboot: CPU0: Intel(R) Xeon(R) Platinum 8480+ (family: 0x6, model: 0x8f, stepping: 0x6)
[    0.352319] Performance Events: PEBS fmt0-, Sapphire Rapids events, full-width counters, Intel PMU driver.
[    0.352550] ... version:                2
[    0.353345] ... bit width:              48
[    0.353546] ... generic registers:      8
[    0.354348] ... value mask:             0000ffffffffffff
[    0.354546] ... max period:             00007fffffffffff
[    0.355546] ... fixed-purpose events:   3
[    0.356345] ... event mask:             00000007000000ff
[    0.356877] signal: max sigframe size: 11952
[    0.357618] rcu: Hierarchical SRCU implementation.
[    0.358546] rcu: Max phase no-delay instances is 400.
[    0.362255] smp: Bringing up secondary CPUs ...
[    0.362833] smpboot: x86: Booting SMP configuration:
[    0.363550] .... node  #0, CPUs:        #1  #2  #3  #4  #5  #6  #7  #8  #9 #10 #11 #12 #13 #14 #15 #16 #17 #18 #19 #20 #21 #22 #23 #24 #25 #26 #27 #28 #29 #30 #31 #32 #33 #34 #35 #36 #37 #38 #39 #40 #41 #42 #43 #44 #45 #46 #47 #48 #49 #50 #51 #52 #53 #54 #55
[    0.428161] smp: Brought up 1 node, 56 CPUs
[    0.429423] smpboot: Total of 56 processors activated (224000.00 BogoMIPS)
[    0.445101] devtmpfs: initialized
[    0.445811] x86/mm: Memory block size: 128MB
[    0.455948] clocksource: jiffies: mask: 0xffffffff max_cycles: 0xffffffff, max_idle_ns: 1911260446275000 ns
[    0.456572] futex hash table entries: 16384 (order: 8, 1048576 bytes, linear)
[    0.458549] PM: RTC time: 03:28:19, date: 2024-07-13
[    0.463036] NET: Registered PF_NETLINK/PF_ROUTE protocol family
[    0.464956] thermal_sys: Registered thermal governor 'step_wise'
[    0.464961] thermal_sys: Registered thermal governor 'user_space'
[    0.465617] cpuidle: using governor menu
[    0.469860] PCI: Using configuration type 1 for base access
[    0.470732] kprobes: kprobe jump-optimization is enabled. All kprobes are optimized if possible.
[    0.519193] HugeTLB: registered 1.00 GiB page size, pre-allocated 0 pages
[    0.521551] HugeTLB: 16380 KiB vmemmap can be freed for a 1.00 GiB page
[    0.522548] HugeTLB: registered 2.00 MiB page size, pre-allocated 0 pages
[    0.524546] HugeTLB: 28 KiB vmemmap can be freed for a 2.00 MiB page
[    0.526569] Demotion targets for Node 0: null
[    0.528311] ACPI: Added _OSI(Module Device)
[    0.528542] ACPI: Added _OSI(Processor Device)
[    0.530548] ACPI: Added _OSI(3.0 _SCP Extensions)
[    0.531547] ACPI: Added _OSI(Processor Aggregator Device)
[    0.562867] ACPI: 1 ACPI AML tables successfully acquired and loaded
[    0.569711] ACPI: _OSC evaluation for CPUs failed, trying _PDC
[    0.575620] ACPI: Interpreter enabled
[    0.576448] ACPI: PM: (supports S0 S3 S4 S5)
[    0.577547] ACPI: Using IOAPIC for interrupt routing
[    0.578617] PCI: Using host bridge windows from ACPI; if necessary, use "pci=nocrs" and report a bug
[    0.579546] PCI: Using E820 reservations for host bridge windows
[    0.582011] ACPI: Enabled 2 GPEs in block 00 to 0F
[    0.644980] ACPI: PCI Root Bridge [PCI0] (domain 0000 [bus 00-ff])
[    0.646564] acpi PNP0A03:00: _OSC: OS supports [ASPM ClockPM Segments MSI HPX-Type3]
[    0.647548] acpi PNP0A03:00: _OSC: not requesting OS control; OS requires [ExtendedConfig ASPM ClockPM MSI]
[    0.649687] acpi PNP0A03:00: fail to add MMCONFIG information, can't access extended configuration space under this bridge
[    0.651990] PCI host bridge to bus 0000:00
[    0.652550] pci_bus 0000:00: root bus resource [io  0x0000-0x0cf7 window]
[    0.653549] pci_bus 0000:00: root bus resource [io  0x0d00-0xffff window]
[    0.654549] pci_bus 0000:00: root bus resource [mem 0x000a0000-0x000bffff window]
[    0.656550] pci_bus 0000:00: root bus resource [mem 0x40000000-0xfebfffff window]
[    0.657549] pci_bus 0000:00: root bus resource [mem 0x100000000-0x17fffffff window]
[    0.658550] pci_bus 0000:00: root bus resource [bus 00-ff]
[    0.660673] pci 0000:00:00.0: [8086:1237] type 00 class 0x060000 conventional PCI endpoint
[    0.662794] pci 0000:00:01.0: [8086:7000] type 00 class 0x060100 conventional PCI endpoint
[    0.665916] pci 0000:00:01.1: [8086:7010] type 00 class 0x010180 conventional PCI endpoint
[    0.670881] pci 0000:00:01.1: BAR 4 [io  0xc0c0-0xc0cf]
[    0.672903] pci 0000:00:01.1: BAR 0 [io  0x01f0-0x01f7]: legacy IDE quirk
[    0.673546] pci 0000:00:01.1: BAR 1 [io  0x03f6]: legacy IDE quirk
[    0.674546] pci 0000:00:01.1: BAR 2 [io  0x0170-0x0177]: legacy IDE quirk
[    0.676546] pci 0000:00:01.1: BAR 3 [io  0x0376]: legacy IDE quirk
[    0.679540] pci 0000:00:01.3: [8086:7113] type 00 class 0x068000 conventional PCI endpoint
[    0.681164] pci 0000:00:01.3: quirk: [io  0x0600-0x063f] claimed by PIIX4 ACPI
[    0.682556] pci 0000:00:01.3: quirk: [io  0x0700-0x070f] claimed by PIIX4 SMB
[    0.684593] pci 0000:00:02.0: [1af4:1009] type 00 class 0x000200 conventional PCI endpoint
[    0.687549] pci 0000:00:02.0: BAR 0 [io  0xc000-0xc03f]
[    0.689470] pci 0000:00:02.0: BAR 1 [mem 0xfebfc000-0xfebfcfff]
[    0.694550] pci 0000:00:02.0: BAR 4 [mem 0xfebf0000-0xfebf3fff 64bit pref]
[    0.709622] pci 0000:00:03.0: [1af4:1009] type 00 class 0x000200 conventional PCI endpoint
[    0.712428] pci 0000:00:03.0: BAR 0 [io  0xc040-0xc07f]
[    0.713353] pci 0000:00:03.0: BAR 1 [mem 0xfebfd000-0xfebfdfff]
[    0.717552] pci 0000:00:03.0: BAR 4 [mem 0xfebf4000-0xfebf7fff 64bit pref]
[    0.731299] pci 0000:00:04.0: [8086:25ab] type 00 class 0x088000 conventional PCI endpoint
[    0.732938] pci 0000:00:04.0: BAR 0 [mem 0xfebfe000-0xfebfe00f]
[    0.747143] pci 0000:00:05.0: [1af4:1003] type 00 class 0x078000 conventional PCI endpoint
[    0.749427] pci 0000:00:05.0: BAR 0 [io  0xc080-0xc0bf]
[    0.751392] pci 0000:00:05.0: BAR 1 [mem 0xfebff000-0xfebfffff]
[    0.755552] pci 0000:00:05.0: BAR 4 [mem 0xfebf8000-0xfebfbfff 64bit pref]
[    0.770954] ACPI: PCI: Interrupt link LNKA configured for IRQ 10
[    0.773638] ACPI: PCI: Interrupt link LNKB configured for IRQ 10
[    0.775596] ACPI: PCI: Interrupt link LNKC configured for IRQ 11
[    0.777589] ACPI: PCI: Interrupt link LNKD configured for IRQ 11
[    0.778987] ACPI: PCI: Interrupt link LNKS configured for IRQ 9
[    0.810880] iommu: Default domain type: Translated
[    0.811546] iommu: DMA domain TLB invalidation policy: lazy mode
[    0.813133] SCSI subsystem initialized
[    0.814836] pps_core: LinuxPPS API ver. 1 registered
[    0.815549] pps_core: Software ver. 5.3.6 - Copyright 2005-2007 Rodolfo Giometti <giometti@linux.it>
[    0.817564] PTP clock support registered
[    0.818852] Advanced Linux Sound Architecture Driver Initialized.
[    0.821542] NET: Registered PF_ATMPVC protocol family
[    0.823549] NET: Registered PF_ATMSVC protocol family
[    0.824585] PCI: Using ACPI for IRQ routing
[    0.825710] vgaarb: loaded
[    0.826756] hpet0: at MMIO 0xfed00000, IRQs 2, 8, 0
[    0.827548] hpet0: 3 comparators, 64-bit 100.000000 MHz counter
[    0.836535] clocksource: Switched to clocksource kvm-clock
[    0.838396] VFS: Disk quotas dquot_6.6.0
[    0.839216] VFS: Dquot-cache hash table entries: 512 (order 0, 4096 bytes)
[    0.847944] pnp: PnP ACPI init
[    0.853165] pnp: PnP ACPI: found 5 devices
[    0.874268] clocksource: acpi_pm: mask: 0xffffff max_cycles: 0xffffff, max_idle_ns: 2085701024 ns
[    0.876209] NET: Registered PF_INET protocol family
[    0.877301] IP idents hash table entries: 16384 (order: 5, 131072 bytes, linear)
[    0.879609] tcp_listen_portaddr_hash hash table entries: 512 (order: 1, 8192 bytes, linear)
[    0.881305] Table-perturb hash table entries: 65536 (order: 6, 262144 bytes, linear)
[    0.882908] TCP established hash table entries: 8192 (order: 4, 65536 bytes, linear)
[    0.884845] TCP bind hash table entries: 8192 (order: 6, 262144 bytes, linear)
[    0.886343] TCP: Hash tables configured (established 8192 bind 8192)
[    0.887967] UDP hash table entries: 512 (order: 2, 16384 bytes, linear)
[    0.889314] UDP-Lite hash table entries: 512 (order: 2, 16384 bytes, linear)
[    0.891155] NET: Registered PF_UNIX/PF_LOCAL protocol family
[    0.892333] pci_bus 0000:00: resource 4 [io  0x0000-0x0cf7 window]
[    0.893574] pci_bus 0000:00: resource 5 [io  0x0d00-0xffff window]
[    0.894809] pci_bus 0000:00: resource 6 [mem 0x000a0000-0x000bffff window]
[    0.896187] pci_bus 0000:00: resource 7 [mem 0x40000000-0xfebfffff window]
[    0.897562] pci_bus 0000:00: resource 8 [mem 0x100000000-0x17fffffff window]
[    0.899226] pci 0000:00:01.0: PIIX3: Enabling Passive Release
[    0.900402] pci 0000:00:00.0: Limiting direct PCI/PCI transfers
[    0.901691] PCI: CLS 0 bytes, default 64
[    0.921129] RAPL PMU: API unit is 2^-32 Joules, 1 fixed counters, 10737418240 ms ovfl timer
[    0.923076] RAPL PMU: hw unit of domain psys 2^-0 Joules
[    1.274255] kwatchdog (373) used greatest stack depth: 30696 bytes left
[    1.517576] kvm_amd: CPU 31 isn't AMD or Hygon
[    1.518704] clocksource: tsc: mask: 0xffffffffffffffff max_cycles: 0x39a85c9bff6, max_idle_ns: 881590591483 ns
[    1.677491] Initialise system trusted keyrings
[    1.679343] workingset: timestamp_bits=56 max_order=18 bucket_order=0
[    1.681079] squashfs: version 4.0 (2009/01/31) Phillip Lougher
[    1.682288] fuse: init (API version 7.40)
[    1.683807] 9p: Installing v9fs 9p2000 file system support
[    1.703924] Key type asymmetric registered
[    1.704784] Asymmetric key parser 'x509' registered
[    1.705861] Block layer SCSI generic (bsg) driver version 0.4 loaded (major 249)
[    1.707395] io scheduler mq-deadline registered
[    1.708335] io scheduler kyber registered
[    1.727987] input: Power Button as /devices/LNXSYSTM:00/LNXPWRBN:00/input/input0
[    1.730103] ACPI: button: Power Button [PWRF]
[    1.731151] Warning: Processor Platform Limit event detected, but not handled.
[    1.732618] Consider compiling CPUfreq support into your kernel.
[    2.619576] ACPI: \_SB_.LNKB: Enabled at IRQ 10
[    3.498507] ACPI: \_SB_.LNKC: Enabled at IRQ 11
[    4.288590] ACPI: \_SB_.LNKA: Enabled at IRQ 10
[    4.290419] Serial: 8250/16550 driver, 4 ports, IRQ sharing enabled
[    4.291365] 00:03: ttyS0 at I/O 0x3f8 (irq = 4, base_baud = 115200) is a 16550A
[    4.319222] Non-volatile memory driver v1.3
[    4.319711] Linux agpgart interface v0.103
[    4.320300] ACPI: bus type drm_connector registered
[    4.322817] printk: legacy console [hvc0] enabled
[    4.323863] printk: legacy bootconsole [earlyser0] disabled
          _      _                                    
   __   _(_)_ __| |_ _ __ ___   ___       _ __   __ _ 
   \ \ / / |  __| __|  _   _ \ / _ \_____|  _ \ / _  |
    \ V /| | |  | |_| | | | | |  __/_____| | | | (_| |
     \_/ |_|_|   \__|_| |_| |_|\___|     |_| |_|\__  |
                                                |___/ 
   kernel version: 6.10.0-rc7-virtme x86_64
   (CTRL+d to exit)

hroot@virtme-ng:/nipa-data/kernel# PS1='xx__-> '
xx__-> env
PWD=/nipa-data/kernel
nr_open=1048576
HOME=/
TERM=xterm
SHLVL=2
XDG_RUNTIME_DIR=/run/user/0
PATH=/bin:/sbin:/usr/bin:/usr/sbin:/usr/local/bin
OLDPWD=/
_=/bin/env
xx__-> 