No EFI environment detected.
early console in extract_kernel
input_data: 0x0000000004ab32c4
input_len: 0x0000000001916b22
output: 0x0000000001000000
output_len: 0x0000000005356430
kernel_total_size: 0x0000000005030000
needed_size: 0x0000000005400000
trampoline_32bit: 0x0000000000000000
Physical KASLR using RDRAND RDTSC...
Virtual KASLR using RDRAND RDTSC...

Decompressing Linux... Parsing ELF... Performing relocations... done.
Booting the kernel (entry_offset: 0x0000000002b30780).
[    0.000000] Linux version 6.13.0-virtme (root@8cb9619279fb) (gcc (Ubuntu 13.3.0-6ubuntu2~24.04) 13.3.0, GNU ld (GNU Binutils for Ubuntu) 2.42) #1 SMP PREEMPT_DYNAMIC Sun Feb  2 00:27:15 UTC 2025
[    0.000000] Command line: virtme_hostname=virtme-ng nr_open=1048576 virtme_link_mods=/nipa-data/kernel/.virtme_mods/lib/modules/0.0.0 virtme_initmount0=nipa-data/kernel virtme_rw_overlay0=/etc virtme_rw_overlay1=/lib virtme_rw_overlay2=/home virtme_rw_overlay3=/opt virtme_rw_overlay4=/srv virtme_rw_overlay5=/usr virtme_rw_overlay6=/var console=hvc0 earlyprintk=serial,ttyS0,115200 virtme_console=ttyS0 psmouse.proto=exps TERM=xterm virtme_chdir=nipa-data/kernel virtme_root_user=1 rootfstype=9p rootflags=version=9p2000.L,trans=virtio,access=any raid=noautodetect ro init=/usr/lib/python3/dist-packages/virtme/guest/virtme-init
[    0.000000] BIOS-provided physical RAM map:
[    0.000000] BIOS-e820: [mem 0x0000000000000000-0x000000000009fbff] usable
[    0.000000] BIOS-e820: [mem 0x000000000009fc00-0x000000000009ffff] reserved
[    0.000000] BIOS-e820: [mem 0x00000000000f0000-0x00000000000fffff] reserved
[    0.000000] BIOS-e820: [mem 0x0000000000100000-0x000000003ffdffff] usable
[    0.000000] BIOS-e820: [mem 0x000000003ffe0000-0x000000003fffffff] reserved
[    0.000000] BIOS-e820: [mem 0x00000000feffc000-0x00000000feffffff] reserved
[    0.000000] BIOS-e820: [mem 0x00000000fffc0000-0x00000000ffffffff] reserved
[    0.000000] BIOS-e820: [mem 0x000000fd00000000-0x000000ffffffffff] reserved
[    0.000000] printk: legacy bootconsole [earlyser0] enabled
[    0.000000] NX (Execute Disable) protection: active
[    0.000000] APIC: Static calls initialized
[    0.000000] SMBIOS 3.0.0 present.
[    0.000000] DMI: QEMU Ubuntu 24.04 PC (i440FX + PIIX, 1996), BIOS 1.16.3-debian-1.16.3-2 04/01/2014
[    0.000000] DMI: Memory slots populated: 1/1
[    0.000000] Hypervisor detected: KVM
[    0.000000] kvm-clock: Using msrs 4b564d01 and 4b564d00
[    0.000000] kvm-clock: using sched offset of 304872314 cycles
[    0.000373] clocksource: kvm-clock: mask: 0xffffffffffffffff max_cycles: 0x1cd42e4dffb, max_idle_ns: 881590591483 ns
[    0.001543] tsc: Detected 4491.560 MHz processor
[    0.002211] last_pfn = 0x3ffe0 max_arch_pfn = 0x400000000
[    0.002619] MTRR map: 4 entries (3 fixed + 1 variable; max 19), built from 8 variable MTRRs
[    0.003214] x86/PAT: Configuration [0-7]: WB  WC  UC- UC  WB  WP  UC- WT  
[    0.005185] found SMP MP-table at [mem 0x000f5470-0x000f547f]
[    0.005601] Using GB pages for direct mapping
[    0.006107] ACPI: Early table checksum verification disabled
[    0.006512] ACPI: RSDP 0x00000000000F5290 000014 (v00 BOCHS )
[    0.006923] ACPI: RSDT 0x000000003FFE27BC 000034 (v01 BOCHS  BXPC     00000001 BXPC 00000001)
[    0.007534] ACPI: FACP 0x000000003FFE2578 000074 (v01 BOCHS  BXPC     00000001 BXPC 00000001)
[    0.008143] ACPI: DSDT 0x000000003FFE0040 002538 (v01 BOCHS  BXPC     00000001 BXPC 00000001)
[    0.008753] ACPI: FACS 0x000000003FFE0000 000040
[    0.009086] ACPI: APIC 0x000000003FFE25EC 000170 (v03 BOCHS  BXPC     00000001 BXPC 00000001)
[    0.009695] ACPI: HPET 0x000000003FFE275C 000038 (v01 BOCHS  BXPC     00000001 BXPC 00000001)
[    0.010303] ACPI: WAET 0x000000003FFE2794 000028 (v01 BOCHS  BXPC     00000001 BXPC 00000001)
[    0.010911] ACPI: Reserving FACP table memory at [mem 0x3ffe2578-0x3ffe25eb]
[    0.011412] ACPI: Reserving DSDT table memory at [mem 0x3ffe0040-0x3ffe2577]
[    0.011913] ACPI: Reserving FACS table memory at [mem 0x3ffe0000-0x3ffe003f]
[    0.012414] ACPI: Reserving APIC table memory at [mem 0x3ffe25ec-0x3ffe275b]
[    0.012916] ACPI: Reserving HPET table memory at [mem 0x3ffe275c-0x3ffe2793]
[    0.013418] ACPI: Reserving WAET table memory at [mem 0x3ffe2794-0x3ffe27bb]
[    0.014110] No NUMA configuration found
[    0.014383] Faking a node at [mem 0x0000000000000000-0x000000003ffdffff]
[    0.014861] NODE_DATA(0) allocated [mem 0x3ffdb780-0x3ffdffff]
[    0.015292] Zone ranges:
[    0.015472]   DMA      [mem 0x0000000000001000-0x0000000000ffffff]
[    0.015913]   DMA32    [mem 0x0000000001000000-0x000000003ffdffff]
[    0.016354]   Normal   empty
[    0.016560]   Device   empty
[    0.016766] Movable zone start for each node
[    0.017076] Early memory node ranges
[    0.017330]   node   0: [mem 0x0000000000001000-0x000000000009efff]
[    0.017777]   node   0: [mem 0x0000000000100000-0x000000003ffdffff]
[    0.018224] Initmem setup node 0 [mem 0x0000000000001000-0x000000003ffdffff]
[    0.018730] On node 0, zone DMA: 1 pages in unavailable ranges
[    0.019200] On node 0, zone DMA: 97 pages in unavailable ranges
[    0.023742] On node 0, zone DMA32: 32 pages in unavailable ranges
[    0.032946] kasan: KernelAddressSanitizer initialized
[    0.033535] ACPI: PM-Timer IO Port: 0x608
[    0.033830] ACPI: LAPIC_NMI (acpi_id[0xff] dfl dfl lint[0x1])
[    0.034262] IOAPIC[0]: apic_id 0, version 17, address 0xfec00000, GSI 0-23
[    0.034752] ACPI: INT_SRC_OVR (bus 0 bus_irq 0 global_irq 2 dfl dfl)
[    0.035205] ACPI: INT_SRC_OVR (bus 0 bus_irq 5 global_irq 5 high level)
[    0.035677] ACPI: INT_SRC_OVR (bus 0 bus_irq 9 global_irq 9 high level)
[    0.036148] ACPI: INT_SRC_OVR (bus 0 bus_irq 10 global_irq 10 high level)
[    0.036631] ACPI: INT_SRC_OVR (bus 0 bus_irq 11 global_irq 11 high level)
[    0.037119] ACPI: Using ACPI (MADT) for SMP configuration information
[    0.037576] ACPI: HPET id: 0x8086a201 base: 0xfed00000
[    0.037943] TSC deadline timer available
[    0.038232] CPU topo: Max. logical packages:   1
[    0.038560] CPU topo: Max. logical dies:       1
[    0.038888] CPU topo: Max. dies per package:   1
[    0.039226] CPU topo: Max. threads per core:   1
[    0.039554] CPU topo: Num. cores per package:    32
[    0.039901] CPU topo: Num. threads per package:  32
[    0.040247] CPU topo: Allowing 32 present CPUs plus 0 hotplug CPUs
[    0.040701] kvm-guest: APIC: eoi() replaced with kvm_guest_apic_eoi_write()
[    0.041215] kvm-guest: KVM setup pv remote TLB flush
[    0.041570] kvm-guest: setup PV sched yield
[    0.041875] PM: hibernation: Registered nosave memory: [mem 0x00000000-0x00000fff]
[    0.042414] PM: hibernation: Registered nosave memory: [mem 0x0009f000-0x0009ffff]
[    0.042951] PM: hibernation: Registered nosave memory: [mem 0x000a0000-0x000effff]
[    0.043488] PM: hibernation: Registered nosave memory: [mem 0x000f0000-0x000fffff]
[    0.044026] [mem 0x40000000-0xfeffbfff] available for PCI devices
[    0.044459] Booting paravirtualized kernel on KVM
[    0.044794] clocksource: refined-jiffies: mask: 0xffffffff max_cycles: 0xffffffff, max_idle_ns: 1910969940391419 ns
[    0.053598] setup_percpu: NR_CPUS:64 nr_cpumask_bits:32 nr_cpu_ids:32 nr_node_ids:1
[    0.055421] percpu: Embedded 70 pages/cpu s247832 r8192 d30696 u524288
[    0.055953] Kernel command line: virtme_hostname=virtme-ng nr_open=1048576 virtme_link_mods=/nipa-data/kernel/.virtme_mods/lib/modules/0.0.0 virtme_initmount0=nipa-data/kernel virtme_rw_overlay0=/etc virtme_rw_overlay1=/lib virtme_rw_overlay2=/home virtme_rw_overlay3=/opt virtme_rw_overlay4=/srv virtme_rw_overlay5=/usr virtme_rw_overlay6=/var console=hvc0 earlyprintk=serial,ttyS0,115200 virtme_console=ttyS0 psmouse.proto=exps TERM=xterm virtme_chdir=nipa-data/kernel virtme_root_user=1 rootfstype=9p rootflags=version=9p2000.L,trans=virtio,access=any raid=noautodetect ro init=/usr/lib/python3/dist-packages/virtme/guest/virtme-init
[    0.060164] Unknown kernel command line parameters "virtme_hostname=virtme-ng nr_open=1048576 virtme_link_mods=/nipa-data/kernel/.virtme_mods/lib/modules/0.0.0 virtme_initmount0=nipa-data/kernel virtme_rw_overlay0=/etc virtme_rw_overlay1=/lib virtme_rw_overlay2=/home virtme_rw_overlay3=/opt virtme_rw_overlay4=/srv virtme_rw_overlay5=/usr virtme_rw_overlay6=/var virtme_console=ttyS0 virtme_chdir=nipa-data/kernel virtme_root_user=1", will be passed to user space.
[    0.063339] random: crng init done
[    0.063587] printk: log buffer data + meta data: 262144 + 917504 = 1179648 bytes
[    0.064156] Dentry cache hash table entries: 131072 (order: 8, 1048576 bytes, linear)
[    0.064743] Inode-cache hash table entries: 65536 (order: 7, 524288 bytes, linear)
[    0.065748] Fallback order for Node 0: 0 
[    0.065753] Built 1 zonelists, mobility grouping on.  Total pages: 262014
[    0.066541] Policy zone: DMA32
[    0.066765] mem auto-init: stack:all(zero), heap alloc:off, heap free:off
[    0.067260] stackdepot: allocating hash table via alloc_large_system_hash
[    0.067756] stackdepot hash table entries: 1048576 (order: 12, 16777216 bytes, linear)
[    0.075852] SLUB: HWalign=64, Order=0-3, MinObjects=0, CPUs=32, Nodes=1
Poking KASLR using RDRAND RDTSC...
[    0.076648] ftrace: allocating 49041 entries in 192 pages
[    0.094337] ftrace: allocated 192 pages with 2 groups
[    0.095554] Dynamic Preempt: voluntary
[    0.096269] rcu: Preemptible hierarchical RCU implementation.
[    0.096688] rcu: RCU event tracing is enabled.
[    0.097024] rcu: RCU restricting CPUs from NR_CPUS=64 to nr_cpu_ids=32.
[    0.097512] Trampoline variant of Tasks RCU enabled.
[    0.097885] Rude variant of Tasks RCU enabled.
[    0.098216] Tracing variant of Tasks RCU enabled.
[    0.098565] rcu: RCU calculated value of scheduler-enlistment delay is 100 jiffies.
[    0.099126] rcu: Adjusting geometry for rcu_fanout_leaf=16, nr_cpu_ids=32
[    0.099685] RCU Tasks: Setting shift to 5 and lim to 1 rcu_task_cb_adjust=1 rcu_task_cpu_ids=32.
[    0.100327] RCU Tasks Rude: Setting shift to 5 and lim to 1 rcu_task_cb_adjust=1 rcu_task_cpu_ids=32.
[    0.101133] RCU Tasks Trace: Setting shift to 5 and lim to 1 rcu_task_cb_adjust=1 rcu_task_cpu_ids=32.
[    0.110565] NR_IRQS: 4352, nr_irqs: 680, preallocated irqs: 16
[    0.111211] rcu: srcu_init: Setting srcu_struct sizes based on contention.
[    0.111893] Console: colour *CGA 80x25
[    0.112176] ACPI: Core revision 20240827
[    0.112585] clocksource: hpet: mask: 0xffffffff max_cycles: 0xffffffff, max_idle_ns: 19112604467 ns
[    0.113256] APIC: Switch to symmetric I/O mode setup
[    0.113598] kvm-guest: APIC: send_IPI_mask() replaced with kvm_send_ipi_mask()
[    0.114084] kvm-guest: APIC: send_IPI_mask_allbutself() replaced with kvm_send_ipi_mask_allbutself()
[    0.114677] kvm-guest: setup PV IPIs
[    0.115719] ..TIMER: vector=0x30 apic1=0 pin1=2 apic2=-1 pin2=-1
[    0.116465] clocksource: tsc-early: mask: 0xffffffffffffffff max_cycles: 0x40be4320a4d, max_idle_ns: 440795288133 ns
[    0.117756] Calibrating delay loop (skipped) preset value.. 8983.12 BogoMIPS (lpj=4491560)
[    0.118819] x86/cpu: User Mode Instruction Prevention (UMIP) activated
[    0.119811] Last level iTLB entries: 4KB 512, 2MB 255, 4MB 127
[    0.120754] Last level dTLB entries: 4KB 512, 2MB 255, 4MB 127, 1GB 0
[    0.121534] Spectre V1 : Mitigation: usercopy/swapgs barriers and __user pointer sanitization
[    0.121759] Spectre V2 : Mitigation: Enhanced / Automatic IBRS
[    0.122754] Spectre V2 : Spectre v2 / SpectreRSB mitigation: Filling RSB on context switch
[    0.123756] Spectre V2 : mitigation: Enabling conditional Indirect Branch Prediction Barrier
[    0.124756] Speculative Store Bypass: Mitigation: Speculative Store Bypass disabled via prctl
[    0.125755] Speculative Return Stack Overflow: IBPB-extending microcode not applied!
[    0.126754] Speculative Return Stack Overflow: WARNING: See https://kernel.org/doc/html/latest/admin-guide/hw-vuln/srso.html for mitigation options.
[    0.126756] Speculative Return Stack Overflow: Vulnerable: Safe RET, no microcode
[    0.128769] x86/fpu: Supporting XSAVE feature 0x001: 'x87 floating point registers'
[    0.129754] x86/fpu: Supporting XSAVE feature 0x002: 'SSE registers'
[    0.130495] x86/fpu: Supporting XSAVE feature 0x004: 'AVX registers'
[    0.130754] x86/fpu: Supporting XSAVE feature 0x020: 'AVX-512 opmask'
[    0.131754] x86/fpu: Supporting XSAVE feature 0x040: 'AVX-512 Hi256'
[    0.132754] x86/fpu: Supporting XSAVE feature 0x080: 'AVX-512 ZMM_Hi256'
[    0.133533] x86/fpu: Supporting XSAVE feature 0x200: 'Protection Keys User registers'
[    0.133755] x86/fpu: xstate_offset[2]:  576, xstate_sizes[2]:  256
[    0.134754] x86/fpu: xstate_offset[5]:  832, xstate_sizes[5]:   64
[    0.135754] x86/fpu: xstate_offset[6]:  896, xstate_sizes[6]:  512
[    0.136754] x86/fpu: xstate_offset[7]: 1408, xstate_sizes[7]: 1024
[    0.137470] x86/fpu: xstate_offset[9]: 2432, xstate_sizes[9]:    8
[    0.137754] x86/fpu: Enabled xstate features 0x2e7, context size is 2440 bytes, using 'compacted' format.
[    0.161482] Freeing SMP alternatives memory: 40K
[    0.161757] pid_max: default: 32768 minimum: 301
[    0.162419] Mount-cache hash table entries: 2048 (order: 2, 16384 bytes, linear)
[    0.162756] Mountpoint-cache hash table entries: 2048 (order: 2, 16384 bytes, linear)
[    0.165122] smpboot: CPU0: AMD Ryzen 9 7950X 16-Core Processor (family: 0x19, model: 0x61, stepping: 0x2)
[    0.166213] Performance Events: Fam17h+ core perfctr, AMD PMU driver.
[    0.166759] ... version:                0
[    0.167226] ... bit width:              48
[    0.167706] ... generic registers:      6
[    0.167756] ... value mask:             0000ffffffffffff
[    0.168375] ... max period:             00007fffffffffff
[    0.168756] ... fixed-purpose events:   0
[    0.169223] ... event mask:             000000000000003f
[    0.169860] signal: max sigframe size: 3376
[    0.170392] rcu: Hierarchical SRCU implementation.
[    0.170757] rcu: Max phase no-delay instances is 400.
[    0.171431] Timer migration: 2 hierarchy levels; 8 children per group; 2 crossnode level
[    0.175575] smp: Bringing up secondary CPUs ...
[    0.175933] smpboot: x86: Booting SMP configuration:
[    0.176514] .... node  #0, CPUs:        #1  #2  #3  #4  #5  #6  #7  #8  #9 #10 #11 #12 #13 #14 #15 #16 #17 #18 #19 #20 #21 #22 #23 #24 #25 #26 #27 #28 #29 #30 #31
[    0.202862] smp: Brought up 1 node, 32 CPUs
[    0.204270] smpboot: Total of 32 processors activated (287459.84 BogoMIPS)
[    0.208763] Memory: 763144K/1048056K available (44227K kernel code, 11489K rwdata, 10156K rodata, 6108K init, 1544K bss, 269016K reserved, 0K cma-reserved)
[    0.209878] devtmpfs: initialized
[    0.210327] x86/mm: Memory block size: 128MB
[    0.216436] clocksource: jiffies: mask: 0xffffffff max_cycles: 0xffffffff, max_idle_ns: 1911260446275000 ns
[    0.216761] futex hash table entries: 8192 (order: 7, 524288 bytes, linear)
[    0.217968] PM: RTC time: 00:27:42, date: 2025-02-02
[    0.219285] NET: Registered PF_NETLINK/PF_ROUTE protocol family
[    0.220615] thermal_sys: Registered thermal governor 'step_wise'
[    0.220642] cpuidle: using governor menu
[    0.222390] PCI: Using configuration type 1 for base access
[    0.222757] PCI: Using configuration type 1 for extended access
[    0.223617] kprobes: kprobe jump-optimization is enabled. All kprobes are optimized if possible.
[    0.238118] HugeTLB: registered 1.00 GiB page size, pre-allocated 0 pages
[    0.238757] HugeTLB: 16380 KiB vmemmap can be freed for a 1.00 GiB page
[    0.239588] HugeTLB: registered 2.00 MiB page size, pre-allocated 0 pages
[    0.240756] HugeTLB: 28 KiB vmemmap can be freed for a 2.00 MiB page
[    0.242119] ACPI: Added _OSI(Module Device)
[    0.242757] ACPI: Added _OSI(Processor Device)
[    0.243321] ACPI: Added _OSI(3.0 _SCP Extensions)
[    0.243757] ACPI: Added _OSI(Processor Aggregator Device)
[    0.267101] ACPI: 1 ACPI AML tables successfully acquired and loaded
[    0.271584] ACPI: Interpreter enabled
[    0.272816] ACPI: PM: (supports S0 S3 S4 S5)
[    0.273360] ACPI: Using IOAPIC for interrupt routing
[    0.273807] PCI: Using host bridge windows from ACPI; if necessary, use "pci=nocrs" and report a bug
[    0.274756] PCI: Using E820 reservations for host bridge windows
[    0.276547] ACPI: Enabled 2 GPEs in block 00 to 0F
[    0.323151] ACPI: PCI Root Bridge [PCI0] (domain 0000 [bus 00-ff])
[    0.323770] acpi PNP0A03:00: _OSC: OS supports [ExtendedConfig ASPM ClockPM Segments MSI HPX-Type3]
[    0.325238] PCI host bridge to bus 0000:00
[    0.325807] pci_bus 0000:00: root bus resource [io  0x0000-0x0cf7 window]
[    0.326666] pci_bus 0000:00: root bus resource [io  0x0d00-0xffff window]
[    0.327759] pci_bus 0000:00: root bus resource [mem 0x000a0000-0x000bffff window]
[    0.328699] pci_bus 0000:00: root bus resource [mem 0x40000000-0xfebfffff window]
[    0.329759] pci_bus 0000:00: root bus resource [mem 0x100000000-0x17fffffff window]
[    0.330760] pci_bus 0000:00: root bus resource [bus 00-ff]
[    0.331541] pci 0000:00:00.0: [8086:1237] type 00 class 0x060000 conventional PCI endpoint
[    0.332609] pci 0000:00:01.0: [8086:7000] type 00 class 0x060100 conventional PCI endpoint
[    0.334599] pci 0000:00:01.1: [8086:7010] type 00 class 0x010180 conventional PCI endpoint
[    0.336222] pci 0000:00:01.1: BAR 4 [io  0xc0c0-0xc0cf]
[    0.336775] pci 0000:00:01.1: BAR 0 [io  0x01f0-0x01f7]: legacy IDE quirk
[    0.337630] pci 0000:00:01.1: BAR 1 [io  0x03f6]: legacy IDE quirk
[    0.338757] pci 0000:00:01.1: BAR 2 [io  0x0170-0x0177]: legacy IDE quirk
[    0.339604] pci 0000:00:01.1: BAR 3 [io  0x0376]: legacy IDE quirk
[    0.341413] pci 0000:00:01.3: [8086:7113] type 00 class 0x068000 conventional PCI endpoint
[    0.341977] pci 0000:00:01.3: quirk: [io  0x0600-0x063f] claimed by PIIX4 ACPI
[    0.342761] pci 0000:00:01.3: quirk: [io  0x0700-0x070f] claimed by PIIX4 SMB
[    0.344366] pci 0000:00:02.0: [1af4:1009] type 00 class 0x000200 conventional PCI endpoint
[    0.346761] pci 0000:00:02.0: BAR 0 [io  0xc000-0xc03f]
[    0.347421] pci 0000:00:02.0: BAR 1 [mem 0xfebfc000-0xfebfcfff]
[    0.347771] pci 0000:00:02.0: BAR 4 [mem 0xfebf0000-0xfebf3fff 64bit pref]
[    0.359630] pci 0000:00:03.0: [1af4:1009] type 00 class 0x000200 conventional PCI endpoint
[    0.361767] pci 0000:00:03.0: BAR 0 [io  0xc040-0xc07f]
[    0.362430] pci 0000:00:03.0: BAR 1 [mem 0xfebfd000-0xfebfdfff]
[    0.363771] pci 0000:00:03.0: BAR 4 [mem 0xfebf4000-0xfebf7fff 64bit pref]
[    0.375548] pci 0000:00:04.0: [8086:25ab] type 00 class 0x088000 conventional PCI endpoint
[    0.377297] pci 0000:00:04.0: BAR 0 [mem 0xfebfe000-0xfebfe00f]
[    0.388638] pci 0000:00:05.0: [1af4:1003] type 00 class 0x078000 conventional PCI endpoint
[    0.390521] pci 0000:00:05.0: BAR 0 [io  0xc080-0xc0bf]
[    0.390761] pci 0000:00:05.0: BAR 1 [mem 0xfebff000-0xfebfffff]
[    0.391521] pci 0000:00:05.0: BAR 4 [mem 0xfebf8000-0xfebfbfff 64bit pref]
[    0.405928] ACPI: PCI: Interrupt link LNKA configured for IRQ 10
[    0.407608] ACPI: PCI: Interrupt link LNKB configured for IRQ 10
[    0.409644] ACPI: PCI: Interrupt link LNKC configured for IRQ 11
[    0.410644] ACPI: PCI: Interrupt link LNKD configured for IRQ 11
[    0.412125] ACPI: PCI: Interrupt link LNKS configured for IRQ 9
[    0.430481] iommu: Default domain type: Translated
[    0.430757] iommu: DMA domain TLB invalidation policy: lazy mode
[    0.431972] SCSI subsystem initialized
[    0.432801] pps_core: LinuxPPS API ver. 1 registered
[    0.433392] pps_core: Software ver. 5.3.6 - Copyright 2005-2007 Rodolfo Giometti <giometti@linux.it>
[    0.434771] PTP clock support registered
[    0.435883] Advanced Linux Sound Architecture Driver Initialized.
[    0.437883] NET: Registered PF_ATMPVC protocol family
[    0.438522] NET: Registered PF_ATMSVC protocol family
[    0.438793] PCI: Using ACPI for IRQ routing
[    0.439790] vgaarb: loaded
[    0.439872] hpet0: at MMIO 0xfed00000, IRQs 2, 8, 0
[    0.440492] hpet0: 3 comparators, 64-bit 100.000000 MHz counter
[    0.447155] clocksource: Switched to clocksource kvm-clock
[    0.447981] VFS: Disk quotas dquot_6.6.0
[    0.448492] VFS: Dquot-cache hash table entries: 512 (order 0, 4096 bytes)
[    0.450057] pnp: PnP ACPI init
[    0.452727] pnp: PnP ACPI: found 5 devices
[    0.464480] clocksource: acpi_pm: mask: 0xffffff max_cycles: 0xffffff, max_idle_ns: 2085701024 ns
[    0.465652] NET: Registered PF_INET protocol family
[    0.466306] IP idents hash table entries: 16384 (order: 5, 131072 bytes, linear)
[    0.467610] tcp_listen_portaddr_hash hash table entries: 512 (order: 1, 8192 bytes, linear)
[    0.468666] Table-perturb hash table entries: 65536 (order: 6, 262144 bytes, linear)
[    0.469653] TCP established hash table entries: 8192 (order: 4, 65536 bytes, linear)
[    0.470636] TCP bind hash table entries: 8192 (order: 6, 262144 bytes, linear)
[    0.471547] TCP: Hash tables configured (established 8192 bind 8192)
[    0.472586] UDP hash table entries: 512 (order: 3, 32768 bytes, linear)
[    0.473447] UDP-Lite hash table entries: 512 (order: 3, 32768 bytes, linear)
[    0.474546] NET: Registered PF_UNIX/PF_LOCAL protocol family
[    0.475271] pci_bus 0000:00: resource 4 [io  0x0000-0x0cf7 window]
[    0.476038] pci_bus 0000:00: resource 5 [io  0x0d00-0xffff window]
[    0.476810] pci_bus 0000:00: resource 6 [mem 0x000a0000-0x000bffff window]
[    0.477667] pci_bus 0000:00: resource 7 [mem 0x40000000-0xfebfffff window]
[    0.478537] pci_bus 0000:00: resource 8 [mem 0x100000000-0x17fffffff window]
[    0.479603] pci 0000:00:01.0: PIIX3: Enabling Passive Release
[    0.480330] pci 0000:00:00.0: Limiting direct PCI/PCI transfers
[    0.481107] PCI: CLS 0 bytes, default 64
[    0.481679] kvm_intel: VMX not supported by CPU 12
[    0.482433] kvm_amd: TSC scaling supported
[    0.482942] kvm_amd: Nested Virtualization enabled
[    0.483548] kvm_amd: Nested Paging enabled
[    0.484056] kvm_amd: LBR virtualization supported
[    0.484657] kvm_amd: Virtual GIF supported
[    0.485169] kvm_amd: Virtual NMI enabled
[    0.539426] clocksource: tsc: mask: 0xffffffffffffffff max_cycles: 0x40be4320a4d, max_idle_ns: 440795288133 ns
[    0.557563] Initialise system trusted keyrings
[    0.558264] workingset: timestamp_bits=56 max_order=18 bucket_order=0
[    0.559196] squashfs: version 4.0 (2009/01/31) Phillip Lougher
[    0.559950] fuse: init (API version 7.42)
[    0.560598] 9p: Installing v9fs 9p2000 file system support
[    0.570420] Key type asymmetric registered
[    0.570942] Asymmetric key parser 'x509' registered
[    0.571625] Block layer SCSI generic (bsg) driver version 0.4 loaded (major 249)
[    0.572597] io scheduler mq-deadline registered
[    0.573173] io scheduler kyber registered
[    0.575826] input: Power Button as /devices/LNXSYSTM:00/LNXPWRBN:00/input/input0
[    0.576991] ACPI: button: Power Button [PWRF]
[    0.578894] Warning: Processor Platform Limit event detected, but not handled.
[    0.579777] Consider compiling CPUfreq support into your kernel.
[    1.379945] ACPI: \_SB_.LNKB: Enabled at IRQ 10
[    2.160178] ACPI: \_SB_.LNKC: Enabled at IRQ 11
[    2.936839] ACPI: \_SB_.LNKA: Enabled at IRQ 10
[    2.938182] Serial: 8250/16550 driver, 4 ports, IRQ sharing enabled
[    2.939265] 00:03: ttyS0 at I/O 0x3f8 (irq = 4, base_baud = 115200) is a 16550A
[    2.963728] Non-volatile memory driver v1.3
[    2.964279] Linux agpgart interface v0.103
[    2.964830] printk: legacy console [hvc0] enabled
[    2.964960] ACPI: bus type drm_connector registered
[    2.965430] printk: legacy bootconsole [earlyser0] disabled
          _      _                                    
   __   _(_)_ __| |_ _ __ ___   ___       _ __   __ _ 
   \ \ / / |  __| __|  _   _ \ / _ \_____|  _ \ / _  |
    \ V /| | |  | |_| | | | | |  __/_____| | | | (_| |
     \_/ |_|_|   \__|_| |_| |_|\___|     |_| |_|\__  |
                                                |___/ 
   kernel version: 6.13.0-virtme x86_64
   (CTRL+d to exit)

root@virtme-ng:/nipa-data/kernel# PS1='xx__-> '
xx__-> env
PWD=/nipa-data/kernel
nr_open=1048576
HOME=/
TERM=xterm
SHLVL=2
XDG_RUNTIME_DIR=/run/user/0
PATH=/bin:/sbin:/usr/bin:/usr/sbin:/usr/local/bin
OLDPWD=/
_=/bin/env
xx__-> 