No EFI environment detected.
early console in extract_kernel
input_data: 0x00000000029f92b9
input_len: 0x0000000000ad4c11
output: 0x0000000001000000
output_len: 0x0000000002488698
kernel_total_size: 0x0000000002230000
needed_size: 0x0000000002600000
trampoline_32bit: 0x0000000000000000
Physical KASLR using RDRAND RDTSC...
Virtual KASLR using RDRAND RDTSC...

Decompressing Linux... Parsing ELF... Performing relocations... done.
Booting the kernel (entry_offset: 0x0000000000000000).
[    0.000000] Linux version 6.8.0-rc4-virtme (root@b90644704656) (gcc (Alpine 13.2.1_git20231014) 13.2.1 20231014, GNU ld (GNU Binutils) 2.41) #1 SMP PREEMPT_DYNAMIC Mon Feb 19 00:06:09 UTC 2024
[    0.000000] Command line: virtme_hostname=virtme-ng virtme_link_mods=/nipa-data/kernel/.virtme_mods/lib/modules/0.0.0 virtme_initmount0=nipa-data/kernel virtme_rw_overlay0=/etc virtme_rw_overlay1=/lib virtme_rw_overlay2=/home virtme_rw_overlay3=/opt virtme_rw_overlay4=/srv virtme_rw_overlay5=/usr virtme_rw_overlay6=/var earlyprintk=serial,ttyS0,115200 console=ttyS0 psmouse.proto=exps TERM=xterm virtme_chdir=nipa-data/kernel virtme_root_user=1 rootfstype=9p rootflags=version=9p2000.L,trans=virtio,access=any raid=noautodetect ro init=/usr/lib/python3.11/site-packages/virtme/guest/virtme-init
[    0.000000] BIOS-provided physical RAM map:
[    0.000000] BIOS-e820: [mem 0x0000000000000000-0x000000000009fbff] usable
[    0.000000] BIOS-e820: [mem 0x000000000009fc00-0x000000000009ffff] reserved
[    0.000000] BIOS-e820: [mem 0x00000000000f0000-0x00000000000fffff] reserved
[    0.000000] BIOS-e820: [mem 0x0000000000100000-0x000000003ffdffff] usable
[    0.000000] BIOS-e820: [mem 0x000000003ffe0000-0x000000003fffffff] reserved
[    0.000000] BIOS-e820: [mem 0x00000000feffc000-0x00000000feffffff] reserved
[    0.000000] BIOS-e820: [mem 0x00000000fffc0000-0x00000000ffffffff] reserved
[    0.000000] BIOS-e820: [mem 0x000000fd00000000-0x000000ffffffffff] reserved
[    0.000000] printk: legacy bootconsole [earlyser0] enabled
[    0.000000] NX (Execute Disable) protection: active
[    0.000000] APIC: Static calls initialized
[    0.000000] SMBIOS 3.0.0 present.
[    0.000000] DMI: QEMU Standard PC (i440FX + PIIX, 1996), BIOS rel-1.16.3-0-ga6ed6b701f0a-prebuilt.qemu.org 04/01/2014
[    0.000000] Hypervisor detected: KVM
[    0.000000] kvm-clock: Using msrs 4b564d01 and 4b564d00
[    0.000000] kvm-clock: using sched offset of 232749630 cycles
[    0.000383] clocksource: kvm-clock: mask: 0xffffffffffffffff max_cycles: 0x1cd42e4dffb, max_idle_ns: 881590591483 ns
[    0.001568] tsc: Detected 4491.536 MHz processor
[    0.002159] last_pfn = 0x3ffe0 max_arch_pfn = 0x400000000
[    0.002578] MTRR map: 4 entries (3 fixed + 1 variable; max 19), built from 8 variable MTRRs
[    0.003194] x86/PAT: Configuration [0-7]: WB  WC  UC- UC  WB  WP  UC- WT  
Memory KASLR using RDRAND RDTSC...
[    0.005238] found SMP MP-table at [mem 0x000f5470-0x000f547f]
[    0.005660] Using GB pages for direct mapping
[    0.006025] ACPI: Early table checksum verification disabled
[    0.006439] ACPI: RSDP 0x00000000000F5290 000014 (v00 BOCHS )
[    0.006862] ACPI: RSDT 0x000000003FFE27B6 000034 (v01 BOCHS  BXPC     00000001 BXPC 00000001)
[    0.007490] ACPI: FACP 0x000000003FFE2572 000074 (v01 BOCHS  BXPC     00000001 BXPC 00000001)
[    0.008114] ACPI: DSDT 0x000000003FFE0040 002532 (v01 BOCHS  BXPC     00000001 BXPC 00000001)
[    0.008737] ACPI: FACS 0x000000003FFE0000 000040
[    0.009074] ACPI: APIC 0x000000003FFE25E6 000170 (v03 BOCHS  BXPC     00000001 BXPC 00000001)
[    0.009697] ACPI: HPET 0x000000003FFE2756 000038 (v01 BOCHS  BXPC     00000001 BXPC 00000001)
[    0.010320] ACPI: WAET 0x000000003FFE278E 000028 (v01 BOCHS  BXPC     00000001 BXPC 00000001)
[    0.010946] ACPI: Reserving FACP table memory at [mem 0x3ffe2572-0x3ffe25e5]
[    0.011464] ACPI: Reserving DSDT table memory at [mem 0x3ffe0040-0x3ffe2571]
[    0.011980] ACPI: Reserving FACS table memory at [mem 0x3ffe0000-0x3ffe003f]
[    0.012497] ACPI: Reserving APIC table memory at [mem 0x3ffe25e6-0x3ffe2755]
[    0.013013] ACPI: Reserving HPET table memory at [mem 0x3ffe2756-0x3ffe278d]
[    0.013528] ACPI: Reserving WAET table memory at [mem 0x3ffe278e-0x3ffe27b5]
[    0.014188] No NUMA configuration found
[    0.014468] Faking a node at [mem 0x0000000000000000-0x000000003ffdffff]
[    0.014962] NODE_DATA(0) allocated [mem 0x3ffdb000-0x3ffdffff]
[    0.015398] Zone ranges:
[    0.015582]   DMA      [mem 0x0000000000001000-0x0000000000ffffff]
[    0.016033]   DMA32    [mem 0x0000000001000000-0x000000003ffdffff]
[    0.016490]   Normal   empty
[    0.016701]   Device   empty
[    0.016913] Movable zone start for each node
[    0.017227] Early memory node ranges
[    0.017490]   node   0: [mem 0x0000000000001000-0x000000000009efff]
[    0.017952]   node   0: [mem 0x0000000000100000-0x000000003ffdffff]
[    0.018417] Initmem setup node 0 [mem 0x0000000000001000-0x000000003ffdffff]
[    0.018941] On node 0, zone DMA: 1 pages in unavailable ranges
[    0.019379] On node 0, zone DMA: 97 pages in unavailable ranges
[    0.020827] On node 0, zone DMA32: 32 pages in unavailable ranges
[    0.021472] ACPI: PM-Timer IO Port: 0x608
[    0.021774] ACPI: LAPIC_NMI (acpi_id[0xff] dfl dfl lint[0x1])
[    0.022216] IOAPIC[0]: apic_id 0, version 17, address 0xfec00000, GSI 0-23
[    0.022727] ACPI: INT_SRC_OVR (bus 0 bus_irq 0 global_irq 2 dfl dfl)
[    0.023203] ACPI: INT_SRC_OVR (bus 0 bus_irq 5 global_irq 5 high level)
[    0.023694] ACPI: INT_SRC_OVR (bus 0 bus_irq 9 global_irq 9 high level)
[    0.024184] ACPI: INT_SRC_OVR (bus 0 bus_irq 10 global_irq 10 high level)
[    0.024688] ACPI: INT_SRC_OVR (bus 0 bus_irq 11 global_irq 11 high level)
[    0.025197] ACPI: Using ACPI (MADT) for SMP configuration information
[    0.025673] ACPI: HPET id: 0x8086a201 base: 0xfed00000
[    0.026054] TSC deadline timer available
[    0.026341] smpboot: Allowing 32 CPUs, 0 hotplug CPUs
[    0.026722] kvm-guest: APIC: eoi() replaced with kvm_guest_apic_eoi_write()
[    0.027246] kvm-guest: KVM setup pv remote TLB flush
[    0.027615] kvm-guest: setup PV sched yield
[    0.027926] PM: hibernation: Registered nosave memory: [mem 0x00000000-0x00000fff]
[    0.028484] PM: hibernation: Registered nosave memory: [mem 0x0009f000-0x0009ffff]
[    0.029041] PM: hibernation: Registered nosave memory: [mem 0x000a0000-0x000effff]
[    0.029602] PM: hibernation: Registered nosave memory: [mem 0x000f0000-0x000fffff]
[    0.030159] [mem 0x40000000-0xfeffbfff] available for PCI devices
[    0.030608] Booting paravirtualized kernel on KVM
[    0.030957] clocksource: refined-jiffies: mask: 0xffffffff max_cycles: 0xffffffff, max_idle_ns: 1910969940391419 ns
[    0.034558] setup_percpu: NR_CPUS:64 nr_cpumask_bits:32 nr_cpu_ids:32 nr_node_ids:1
[    0.035751] percpu: Embedded 56 pages/cpu s191784 r8192 d29400 u262144
[    0.036262] Kernel command line: virtme_hostname=virtme-ng virtme_link_mods=/nipa-data/kernel/.virtme_mods/lib/modules/0.0.0 virtme_initmount0=nipa-data/kernel virtme_rw_overlay0=/etc virtme_rw_overlay1=/lib virtme_rw_overlay2=/home virtme_rw_overlay3=/opt virtme_rw_overlay4=/srv virtme_rw_overlay5=/usr virtme_rw_overlay6=/var earlyprintk=serial,ttyS0,115200 console=ttyS0 psmouse.proto=exps TERM=xterm virtme_chdir=nipa-data/kernel virtme_root_user=1 rootfstype=9p rootflags=version=9p2000.L,trans=virtio,access=any raid=noautodetect ro init=/usr/lib/python3.11/site-packages/virtme/guest/virtme-init
[    0.040361] Unknown kernel command line parameters "virtme_hostname=virtme-ng virtme_link_mods=/nipa-data/kernel/.virtme_mods/lib/modules/0.0.0 virtme_initmount0=nipa-data/kernel virtme_rw_overlay0=/etc virtme_rw_overlay1=/lib virtme_rw_overlay2=/home virtme_rw_overlay3=/opt virtme_rw_overlay4=/srv virtme_rw_overlay5=/usr virtme_rw_overlay6=/var virtme_chdir=nipa-data/kernel virtme_root_user=1", will be passed to user space.
[    0.043415] random: crng init done
[    0.043700] Dentry cache hash table entries: 131072 (order: 8, 1048576 bytes, linear)
[    0.044310] Inode-cache hash table entries: 65536 (order: 7, 524288 bytes, linear)
[    0.044967] Fallback order for Node 0: 0 
[    0.044969] Built 1 zonelists, mobility grouping on.  Total pages: 257760
[    0.045791] Policy zone: DMA32
[    0.046027] mem auto-init: stack:all(zero), heap alloc:off, heap free:off
[    0.047326] Memory: 986888K/1048056K available (16384K kernel code, 2349K rwdata, 5932K rodata, 2992K init, 2336K bss, 60908K reserved, 0K cma-reserved)
[    0.048388] SLUB: HWalign=64, Order=0-3, MinObjects=0, CPUs=32, Nodes=1
Poking KASLR using RDRAND RDTSC...
[    0.049135] ftrace: allocating 46289 entries in 181 pages
[    0.056008] ftrace: allocated 181 pages with 5 groups
[    0.056996] Dynamic Preempt: voluntary
[    0.057404] rcu: Preemptible hierarchical RCU implementation.
[    0.057842] rcu: RCU event tracing is enabled.
[    0.058191] rcu: RCU restricting CPUs from NR_CPUS=64 to nr_cpu_ids=32.
[    0.058700] Trampoline variant of Tasks RCU enabled.
[    0.059087] Rude variant of Tasks RCU enabled.
[    0.059434] Tracing variant of Tasks RCU enabled.
[    0.059798] rcu: RCU calculated value of scheduler-enlistment delay is 100 jiffies.
[    0.060384] rcu: Adjusting geometry for rcu_fanout_leaf=16, nr_cpu_ids=32
[    0.062182] NR_IRQS: 4352, nr_irqs: 680, preallocated irqs: 16
[    0.062872] rcu: srcu_init: Setting srcu_struct sizes based on contention.
[    0.063526] Console: colour *CGA 80x25
[    0.063824] printk: legacy console [ttyS0] enabled
[    0.063824] printk: legacy console [ttyS0] enabled
[    0.064549] printk: legacy bootconsole [earlyser0] disabled
[    0.064549] printk: legacy bootconsole [earlyser0] disabled
[    0.065396] ACPI: Core revision 20230628
[    0.065766] clocksource: hpet: mask: 0xffffffff max_cycles: 0xffffffff, max_idle_ns: 19112604467 ns
[    0.066515] APIC: Switch to symmetric I/O mode setup
[    0.066911] APIC: Switched APIC routing to: physical flat
[    0.067325] kvm-guest: APIC: send_IPI_mask() replaced with kvm_send_ipi_mask()
[    0.067870] kvm-guest: APIC: send_IPI_mask_allbutself() replaced with kvm_send_ipi_mask_allbutself()
[    0.068576] kvm-guest: setup PV IPIs
[    0.069639] ..TIMER: vector=0x30 apic1=0 pin1=2 apic2=-1 pin2=-1
[    0.070448] tsc: Marking TSC unstable due to TSCs unsynchronized
[    0.071267] Calibrating delay loop (skipped) preset value.. 8983.07 BogoMIPS (lpj=4491536)
[    0.072322] x86/cpu: User Mode Instruction Prevention (UMIP) activated
[    0.073315] Last level iTLB entries: 4KB 512, 2MB 255, 4MB 127
[    0.074264] Last level dTLB entries: 4KB 512, 2MB 255, 4MB 127, 1GB 0
[    0.075267] Spectre V1 : Mitigation: usercopy/swapgs barriers and __user pointer sanitization
[    0.076267] Spectre V2 : Mitigation: Enhanced / Automatic IBRS
[    0.077264] Spectre V2 : Spectre v2 / SpectreRSB mitigation: Filling RSB on context switch
[    0.078265] Spectre V2 : mitigation: Enabling conditional Indirect Branch Prediction Barrier
[    0.079265] Speculative Store Bypass: Mitigation: Speculative Store Bypass disabled via prctl
[    0.080264] Speculative Return Stack Overflow: IBPB-extending microcode not applied!
[    0.081264] Speculative Return Stack Overflow: WARNING: See https://kernel.org/doc/html/latest/admin-guide/hw-vuln/srso.html for mitigation options.
[    0.081264] Speculative Return Stack Overflow: Vulnerable: Safe RET, no microcode
[    0.083279] x86/fpu: Supporting XSAVE feature 0x001: 'x87 floating point registers'
[    0.084264] x86/fpu: Supporting XSAVE feature 0x002: 'SSE registers'
[    0.085264] x86/fpu: Supporting XSAVE feature 0x004: 'AVX registers'
[    0.086264] x86/fpu: Supporting XSAVE feature 0x020: 'AVX-512 opmask'
[    0.087264] x86/fpu: Supporting XSAVE feature 0x040: 'AVX-512 Hi256'
[    0.088079] x86/fpu: Supporting XSAVE feature 0x080: 'AVX-512 ZMM_Hi256'
[    0.088264] x86/fpu: Supporting XSAVE feature 0x200: 'Protection Keys User registers'
[    0.089264] x86/fpu: xstate_offset[2]:  576, xstate_sizes[2]:  256
[    0.090264] x86/fpu: xstate_offset[5]:  832, xstate_sizes[5]:   64
[    0.091264] x86/fpu: xstate_offset[6]:  896, xstate_sizes[6]:  512
[    0.092264] x86/fpu: xstate_offset[7]: 1408, xstate_sizes[7]: 1024
[    0.093264] x86/fpu: xstate_offset[9]: 2432, xstate_sizes[9]:    8
[    0.094061] x86/fpu: Enabled xstate features 0x2e7, context size is 2440 bytes, using 'compacted' format.
[    0.109527] Freeing SMP alternatives memory: 40K
[    0.110265] pid_max: default: 32768 minimum: 301
[    0.111080] Mount-cache hash table entries: 2048 (order: 2, 16384 bytes, linear)
[    0.111266] Mountpoint-cache hash table entries: 2048 (order: 2, 16384 bytes, linear)
[    0.112467] smpboot: CPU0: AMD Ryzen 9 7950X 16-Core Processor (family: 0x19, model: 0x61, stepping: 0x2)
[    0.113375] RCU Tasks: Setting shift to 5 and lim to 1 rcu_task_cb_adjust=1.
[    0.114276] RCU Tasks Rude: Setting shift to 5 and lim to 1 rcu_task_cb_adjust=1.
[    0.115278] RCU Tasks Trace: Setting shift to 5 and lim to 1 rcu_task_cb_adjust=1.
[    0.116276] Performance Events: Fam17h+ core perfctr, AMD PMU driver.
[    0.117269] ... version:                0
[    0.117942] ... bit width:              48
[    0.118266] ... generic registers:      6
[    0.118937] ... value mask:             0000ffffffffffff
[    0.119266] ... max period:             00007fffffffffff
[    0.120154] ... fixed-purpose events:   0
[    0.120266] ... event mask:             000000000000003f
[    0.121244] signal: max sigframe size: 3376
[    0.121290] rcu: Hierarchical SRCU implementation.
[    0.122093] rcu: Max phase no-delay instances is 400.
[    0.125200] smp: Bringing up secondary CPUs ...
[    0.125336] smpboot: x86: Booting SMP configuration:
[    0.126170] .... node  #0, CPUs:        #1  #2  #3  #4  #5  #6  #7  #8  #9 #10 #11 #12 #13 #14 #15 #16 #17 #18 #19 #20 #21 #22 #23 #24 #25 #26 #27 #28 #29 #30 #31
[    0.144422] smp: Brought up 1 node, 32 CPUs
[    0.145976] smpboot: Max logical packages: 1
[    0.146267] smpboot: Total of 32 processors activated (287458.30 BogoMIPS)
[    0.152339] devtmpfs: initialized
[    0.153294] x86/mm: Memory block size: 128MB
[    0.154990] clocksource: jiffies: mask: 0xffffffff max_cycles: 0xffffffff, max_idle_ns: 1911260446275000 ns
[    0.155269] futex hash table entries: 8192 (order: 7, 524288 bytes, linear)
[    0.156462] PM: RTC time: 00:06:43, date: 2024-02-19
[    0.157695] NET: Registered PF_NETLINK/PF_ROUTE protocol family
[    0.158436] thermal_sys: Registered thermal governor 'step_wise'
[    0.158437] thermal_sys: Registered thermal governor 'user_space'
[    0.159297] cpuidle: using governor menu
[    0.161545] PCI: Using configuration type 1 for base access
[    0.162270] PCI: Using configuration type 1 for extended access
[    0.163353] kprobes: kprobe jump-optimization is enabled. All kprobes are optimized if possible.
[    0.180268] HugeTLB: registered 1.00 GiB page size, pre-allocated 0 pages
[    0.181266] HugeTLB: 16380 KiB vmemmap can be freed for a 1.00 GiB page
[    0.182267] HugeTLB: registered 2.00 MiB page size, pre-allocated 0 pages
[    0.183267] HugeTLB: 28 KiB vmemmap can be freed for a 2.00 MiB page
[    0.184366] ACPI: Added _OSI(Module Device)
[    0.185028] ACPI: Added _OSI(Processor Device)
[    0.185267] ACPI: Added _OSI(3.0 _SCP Extensions)
[    0.186065] ACPI: Added _OSI(Processor Aggregator Device)
[    0.187184] ACPI: 1 ACPI AML tables successfully acquired and loaded
[    0.188290] ACPI: _OSC evaluation for CPUs failed, trying _PDC
[    0.189445] ACPI: Interpreter enabled
[    0.190076] ACPI: PM: (supports S0 S3 S4 S5)
[    0.190267] ACPI: Using IOAPIC for interrupt routing
[    0.191119] PCI: Using host bridge windows from ACPI; if necessary, use "pci=nocrs" and report a bug
[    0.191266] PCI: Using E820 reservations for host bridge windows
[    0.192378] ACPI: Enabled 2 GPEs in block 00 to 0F
[    0.196473] ACPI: PCI Root Bridge [PCI0] (domain 0000 [bus 00-ff])
[    0.197270] acpi PNP0A03:00: _OSC: OS supports [ExtendedConfig ASPM ClockPM Segments MSI HPX-Type3]
[    0.198379] PCI host bridge to bus 0000:00
[    0.199076] pci_bus 0000:00: root bus resource [io  0x0000-0x0cf7 window]
[    0.199267] pci_bus 0000:00: root bus resource [io  0x0d00-0xffff window]
[    0.200267] pci_bus 0000:00: root bus resource [mem 0x000a0000-0x000bffff window]
[    0.201266] pci_bus 0000:00: root bus resource [mem 0x40000000-0xfebfffff window]
[    0.202266] pci_bus 0000:00: root bus resource [mem 0x100000000-0x17fffffff window]
[    0.203266] pci_bus 0000:00: root bus resource [bus 00-ff]
[    0.204102] pci 0000:00:00.0: [8086:1237] type 00 class 0x060000 conventional PCI endpoint
[    0.204527] pci 0000:00:01.0: [8086:7000] type 00 class 0x060100 conventional PCI endpoint
[    0.205588] pci 0000:00:01.1: [8086:7010] type 00 class 0x010180 conventional PCI endpoint
[    0.208508] pci 0000:00:01.1: BAR 4 [io  0xc080-0xc08f]
[    0.209992] pci 0000:00:01.1: BAR 0 [io  0x01f0-0x01f7]: legacy IDE quirk
[    0.210267] pci 0000:00:01.1: BAR 1 [io  0x03f6]: legacy IDE quirk
[    0.211089] pci 0000:00:01.1: BAR 2 [io  0x0170-0x0177]: legacy IDE quirk
[    0.211266] pci 0000:00:01.1: BAR 3 [io  0x0376]: legacy IDE quirk
[    0.212195] pci 0000:00:01.3: [8086:7113] type 00 class 0x068000 conventional PCI endpoint
[    0.212511] pci 0000:00:01.3: quirk: [io  0x0600-0x063f] claimed by PIIX4 ACPI
[    0.213270] pci 0000:00:01.3: quirk: [io  0x0700-0x070f] claimed by PIIX4 SMB
[    0.214397] pci 0000:00:02.0: [1af4:1009] type 00 class 0x000200 conventional PCI endpoint
[    0.216267] pci 0000:00:02.0: BAR 0 [io  0xc000-0xc03f]
[    0.217922] pci 0000:00:02.0: BAR 1 [mem 0xfebfd000-0xfebfdfff]
[    0.221266] pci 0000:00:02.0: BAR 4 [mem 0xfebf4000-0xfebf7fff 64bit pref]
[    0.223539] pci 0000:00:03.0: [1af4:1009] type 00 class 0x000200 conventional PCI endpoint
[    0.225266] pci 0000:00:03.0: BAR 0 [io  0xc040-0xc07f]
[    0.227266] pci 0000:00:03.0: BAR 1 [mem 0xfebfe000-0xfebfefff]
[    0.230937] pci 0000:00:03.0: BAR 4 [mem 0xfebf8000-0xfebfbfff 64bit pref]
[    0.232823] pci 0000:00:04.0: [8086:25ab] type 00 class 0x088000 conventional PCI endpoint
[    0.234436] pci 0000:00:04.0: BAR 0 [mem 0xfebff000-0xfebff00f]
[    0.238871] ACPI: PCI: Interrupt link LNKA configured for IRQ 10
[    0.239381] ACPI: PCI: Interrupt link LNKB configured for IRQ 10
[    0.240298] ACPI: PCI: Interrupt link LNKC configured for IRQ 11
[    0.241206] ACPI: PCI: Interrupt link LNKD configured for IRQ 11
[    0.241341] ACPI: PCI: Interrupt link LNKS configured for IRQ 9
[    0.243480] iommu: Default domain type: Translated
[    0.244132] iommu: DMA domain TLB invalidation policy: lazy mode
[    0.244321] SCSI subsystem initialized
[    0.244860] pps_core: LinuxPPS API ver. 1 registered
[    0.245267] pps_core: Software ver. 5.3.6 - Copyright 2005-2007 Rodolfo Giometti <giometti@linux.it>
[    0.246269] PTP clock support registered
[    0.246820] Advanced Linux Sound Architecture Driver Initialized.
[    0.247575] NET: Registered PF_ATMPVC protocol family
[    0.248259] NET: Registered PF_ATMSVC protocol family
[    0.248271] PCI: Using ACPI for IRQ routing
[    0.248910] vgaarb: loaded
[    0.249312] hpet0: at MMIO 0xfed00000, IRQs 2, 8, 0
[    0.249962] hpet0: 3 comparators, 64-bit 100.000000 MHz counter
[    0.255586] clocksource: Switched to clocksource kvm-clock
[    0.256445] VFS: Disk quotas dquot_6.6.0
[    0.256583] VFS: Dquot-cache hash table entries: 512 (order 0, 4096 bytes)
[    0.257994] pnp: PnP ACPI init
[    0.258612] pnp: PnP ACPI: found 5 devices
[    0.266940] clocksource: acpi_pm: mask: 0xffffff max_cycles: 0xffffff, max_idle_ns: 2085701024 ns
[    0.268169] NET: Registered PF_INET protocol family
[    0.268843] IP idents hash table entries: 16384 (order: 5, 131072 bytes, linear)
[    0.270001] tcp_listen_portaddr_hash hash table entries: 512 (order: 1, 8192 bytes, linear)
[    0.271171] Table-perturb hash table entries: 65536 (order: 6, 262144 bytes, linear)
[    0.272218] TCP established hash table entries: 8192 (order: 4, 65536 bytes, linear)
[    0.273351] TCP bind hash table entries: 8192 (order: 6, 262144 bytes, linear)
[    0.274321] TCP: Hash tables configured (established 8192 bind 8192)
[    0.275189] UDP hash table entries: 512 (order: 2, 16384 bytes, linear)
[    0.276084] UDP-Lite hash table entries: 512 (order: 2, 16384 bytes, linear)
[    0.277051] NET: Registered PF_UNIX/PF_LOCAL protocol family
[    0.277814] pci_bus 0000:00: resource 4 [io  0x0000-0x0cf7 window]
[    0.278656] pci_bus 0000:00: resource 5 [io  0x0d00-0xffff window]
[    0.279482] pci_bus 0000:00: resource 6 [mem 0x000a0000-0x000bffff window]
[    0.280392] pci_bus 0000:00: resource 7 [mem 0x40000000-0xfebfffff window]
[    0.281311] pci_bus 0000:00: resource 8 [mem 0x100000000-0x17fffffff window]
[    0.282277] pci 0000:00:01.0: PIIX3: Enabling Passive Release
[    0.283052] pci 0000:00:00.0: Limiting direct PCI/PCI transfers
[    0.283877] PCI: CLS 0 bytes, default 64
[    0.284447] kvm_intel: VMX not supported by CPU 0
[    0.285102] kvm_amd: TSC scaling supported
[    0.285662] kvm_amd: Nested Virtualization enabled
[    0.286304] kvm_amd: Nested Paging enabled
[    0.286875] kvm_amd: Virtual VMLOAD VMSAVE supported
[    0.287543] kvm_amd: Virtual GIF supported
[    0.288241] kvm_amd: Virtual NMI enabled
[    0.288914] kvm_amd: LBR virtualization supported
[    0.383321] workingset: timestamp_bits=56 max_order=18 bucket_order=0
[    0.384536] squashfs: version 4.0 (2009/01/31) Phillip Lougher
[    0.385583] fuse: init (API version 7.39)
[    0.386348] 9p: Installing v9fs 9p2000 file system support
[    0.387353] Key type asymmetric registered
[    0.388092] Block layer SCSI generic (bsg) driver version 0.4 loaded (major 249)
[    0.389388] io scheduler mq-deadline registered
[    0.390179] io scheduler kyber registered
[    0.392004] input: Power Button as /devices/LNXSYSTM:00/LNXPWRBN:00/input/input0
[    0.393355] ACPI: button: Power Button [PWRF]
[    0.394140] Warning: Processor Platform Limit event detected, but not handled.
[    0.395380] Consider compiling CPUfreq support into your kernel.
[    0.417693] ACPI: \_SB_.LNKB: Enabled at IRQ 10
[    0.439852] ACPI: \_SB_.LNKC: Enabled at IRQ 11
[    0.441569] Serial: 8250/16550 driver, 4 ports, IRQ sharing enabled
[    0.442834] 00:03: ttyS0 at I/O 0x3f8 (irq = 4, base_baud = 115200) is a 16550A
[    0.444636] Non-volatile memory driver v1.3
[    0.445380] Linux agpgart interface v0.103
[    0.446148] ACPI: bus type drm_connector registered
[    0.451854] loop: module loaded
[    0.453244] scsi host0: ata_piix
[    0.453976] scsi host1: ata_piix
[    0.454548] ata1: PATA max MWDMA2 cmd 0x1f0 ctl 0x3f6 bmdma 0xc080 irq 14 lpm-pol 0
[    0.455848] ata2: PATA max MWDMA2 cmd 0x170 ctl 0x376 bmdma 0xc088 irq 15 lpm-pol 0
[    0.457417] i8042: PNP: PS/2 Controller [PNP0303:KBD,PNP0f13:MOU] at 0x60,0x64 irq 1,12
[    0.459477] serio: i8042 KBD port at 0x60,0x64 irq 1
[    0.460332] serio: i8042 AUX port at 0x60,0x64 irq 12
[    0.461342] rtc_cmos 00:04: RTC can wake from S4
[    0.462602] input: AT Translated Set 2 keyboard as /devices/platform/i8042/serio0/input/input1
[    0.464210] rtc_cmos 00:04: registered as rtc0
[    0.465007] rtc_cmos 00:04: setting system clock to 2024-02-19T00:06:43 UTC (1708301203)
[    0.466422] rtc_cmos 00:04: alarms up to one day, y3k, 242 bytes nvram, hpet irqs
[    0.468107] i6300ESB timer 0000:00:04.0: initialized. heartbeat=30 sec (nowayout=0)
[    0.469468] device-mapper: ioctl: 4.48.0-ioctl (2023-03-01) initialised: dm-devel@redhat.com
[    0.471364] NET: Registered PF_PACKET protocol family
[    0.472206] 9pnet: Installing 9P2000 support
[    0.474360] input: ImExPS/2 Generic Explorer Mouse as /devices/platform/i8042/serio1/input/input3
[    0.475958] Key type dns_resolver registered
[    0.478448] IPI shorthand broadcast: enabled
[    0.481017] sched_clock: Marking stable (477001595, 3866324)->(524250851, -43382932)
[    0.482262] registered taskstats version 1
[    0.483828] PM:   Magic number: 12:463:102
[    0.484415] printk: legacy console [netcon0] enabled
[    0.485089] netconsole: network logging started
[    0.485735] ALSA device list:
[    0.486150]   No soundcards found.
[    0.611153] ata2: found unknown device (class 0)
[    0.612423] ata2.00: ATAPI: QEMU DVD-ROM, 2.5+, max UDMA/100
[    0.614212] scsi 1:0:0:0: CD-ROM            QEMU     QEMU DVD-ROM     2.5+ PQ: 0 ANSI: 5
[    0.622293] scsi 1:0:0:0: Attached scsi generic sg0 type 5
[    0.623002] md: Skipping autodetection of RAID arrays. (raid=autodetect will force)
[    0.623915] 9pnet_virtio: no channels available for device 
[    0.624925] VFS: Mounted root (9p filesystem) readonly on device 0:19.
[    0.625808] devtmpfs: mounted
[    0.626773] Freeing unused kernel image (initmem) memory: 2992K
[    0.632873] Write protecting the kernel read-only data: 22528k
[    0.633953] Freeing unused kernel image (rodata/data gap) memory: 212K
[    0.663893] x86/mm: Checked W+X mappings: passed, no W+X pages found.
[    0.664631] Run /usr/lib/python3.11/site-packages/virtme/guest/virtme-init as init process
[    0.687515] mount (236) used greatest stack depth: 13480 bytes left
[    0.746319] mount (254) used greatest stack depth: 13064 bytes left
[    0.812308] virtme-init: basic initialization done
[    0.817081] virtme-init: udevd not found
[    0.831664] modprobe (315) used greatest stack depth: 12984 bytes left
[    0.863343] virtme-init: Setting hostname to virtme-ng...
[    0.873247] ip (330) used greatest stack depth: 12360 bytes left
          _      _                                    
   __   _(_)_ __| |_ _ __ ___   ___       _ __   __ _ 
   \ \ / / |  __| __|  _   _ \ / _ \_____|  _ \ / _  |
    \ V /| | |  | |_| | | | | |  __/_____| | | | (_| |
     \_/ |_|_|   \__|_| |_| |_|\___|     |_| |_|\__  |
                                                |___/ 
   kernel version: 6.8.0-rc4-virtme x86_64

virtme-ng:/nipa-data/kernel# PS1='xx__-> '
xx__-> env
PWD=/nipa-data/kernel
HOME=/
TERM=xterm
SHLVL=2
XDG_RUNTIME_DIR=/run/user/0
PATH=/bin:/sbin:/usr/bin:/usr/sbin:/usr/local/bin
OLDPWD=/
_=/usr/bin/env
xx__-> 