No EFI environment detected.
early console in extract_kernel
input_data: 0x0000000004ab82b9
input_len: 0x000000000181db79
output: 0x0000000001000000
output_len: 0x0000000005262bec
kernel_total_size: 0x0000000004e30000
needed_size: 0x0000000005400000
trampoline_32bit: 0x0000000000000000
Physical KASLR using RDRAND RDTSC...
Virtual KASLR using RDRAND RDTSC...

Decompressing Linux... Parsing ELF... Performing relocations... done.
Booting the kernel (entry_offset: 0x0000000000000000).
[    0.000000] Linux version 6.9.0-rc2-virtme (root@e609a6570fe9) (gcc (Alpine 13.2.1_git20240309) 13.2.1 20240309, GNU ld (GNU Binutils) 2.42) #1 SMP PREEMPT_DYNAMIC Sun Apr  7 09:26:36 UTC 2024
[    0.000000] Command line: virtme_hostname=virtme-ng nr_open=1048576 virtme_link_mods=/nipa-data/kernel/.virtme_mods/lib/modules/0.0.0 virtme_initmount0=nipa-data/kernel virtme_rw_overlay0=/etc virtme_rw_overlay1=/lib virtme_rw_overlay2=/home virtme_rw_overlay3=/opt virtme_rw_overlay4=/srv virtme_rw_overlay5=/usr virtme_rw_overlay6=/var console=hvc0 earlyprintk=serial,ttyS0,115200 virtme_console=ttyS0 psmouse.proto=exps TERM=xterm virtme_chdir=nipa-data/kernel virtme_root_user=1 rootfstype=9p rootflags=version=9p2000.L,trans=virtio,access=any raid=noautodetect ro init=/usr/lib/python3.11/site-packages/virtme/guest/virtme-init
[    0.000000] BIOS-provided physical RAM map:
[    0.000000] BIOS-e820: [mem 0x0000000000000000-0x000000000009fbff] usable
[    0.000000] BIOS-e820: [mem 0x000000000009fc00-0x000000000009ffff] reserved
[    0.000000] BIOS-e820: [mem 0x00000000000f0000-0x00000000000fffff] reserved
[    0.000000] BIOS-e820: [mem 0x0000000000100000-0x000000003ffdffff] usable
[    0.000000] BIOS-e820: [mem 0x000000003ffe0000-0x000000003fffffff] reserved
[    0.000000] BIOS-e820: [mem 0x00000000feffc000-0x00000000feffffff] reserved
[    0.000000] BIOS-e820: [mem 0x00000000fffc0000-0x00000000ffffffff] reserved
[    0.000000] BIOS-e820: [mem 0x000000fd00000000-0x000000ffffffffff] reserved
[    0.000000] printk: legacy bootconsole [earlyser0] enabled
[    0.000000] NX (Execute Disable) protection: active
[    0.000000] APIC: Static calls initialized
[    0.000000] SMBIOS 3.0.0 present.
[    0.000000] DMI: QEMU Standard PC (i440FX + PIIX, 1996), BIOS rel-1.16.3-0-ga6ed6b701f0a-prebuilt.qemu.org 04/01/2014
[    0.000000] Hypervisor detected: KVM
[    0.000000] kvm-clock: Using msrs 4b564d01 and 4b564d00
[    0.000001] kvm-clock: using sched offset of 361605032 cycles
[    0.000481] clocksource: kvm-clock: mask: 0xffffffffffffffff max_cycles: 0x1cd42e4dffb, max_idle_ns: 881590591483 ns
[    0.001968] tsc: Detected 4491.536 MHz processor
[    0.002837] last_pfn = 0x3ffe0 max_arch_pfn = 0x400000000
[    0.003363] MTRR map: 4 entries (3 fixed + 1 variable; max 19), built from 8 variable MTRRs
[    0.004128] x86/PAT: Configuration [0-7]: WB  WC  UC- UC  WB  WP  UC- WT  
[    0.006484] found SMP MP-table at [mem 0x000f5470-0x000f547f]
[    0.007021] Using GB pages for direct mapping
[    0.007606] ACPI: Early table checksum verification disabled
[    0.008123] ACPI: RSDP 0x00000000000F5290 000014 (v00 BOCHS )
[    0.008651] ACPI: RSDT 0x000000003FFE27BC 000034 (v01 BOCHS  BXPC     00000001 BXPC 00000001)
[    0.009447] ACPI: FACP 0x000000003FFE2578 000074 (v01 BOCHS  BXPC     00000001 BXPC 00000001)
[    0.010239] ACPI: DSDT 0x000000003FFE0040 002538 (v01 BOCHS  BXPC     00000001 BXPC 00000001)
[    0.011018] ACPI: FACS 0x000000003FFE0000 000040
[    0.011445] ACPI: APIC 0x000000003FFE25EC 000170 (v03 BOCHS  BXPC     00000001 BXPC 00000001)
[    0.012231] ACPI: HPET 0x000000003FFE275C 000038 (v01 BOCHS  BXPC     00000001 BXPC 00000001)
[    0.013017] ACPI: WAET 0x000000003FFE2794 000028 (v01 BOCHS  BXPC     00000001 BXPC 00000001)
[    0.013793] ACPI: Reserving FACP table memory at [mem 0x3ffe2578-0x3ffe25eb]
[    0.014437] ACPI: Reserving DSDT table memory at [mem 0x3ffe0040-0x3ffe2577]
[    0.015078] ACPI: Reserving FACS table memory at [mem 0x3ffe0000-0x3ffe003f]
[    0.015718] ACPI: Reserving APIC table memory at [mem 0x3ffe25ec-0x3ffe275b]
[    0.016358] ACPI: Reserving HPET table memory at [mem 0x3ffe275c-0x3ffe2793]
[    0.017002] ACPI: Reserving WAET table memory at [mem 0x3ffe2794-0x3ffe27bb]
[    0.017925] No NUMA configuration found
[    0.018275] Faking a node at [mem 0x0000000000000000-0x000000003ffdffff]
[    0.018893] NODE_DATA(0) allocated [mem 0x3ffdb000-0x3ffdffff]
[    0.019357] Zone ranges:
[    0.019544]   DMA      [mem 0x0000000000001000-0x0000000000ffffff]
[    0.020008]   DMA32    [mem 0x0000000001000000-0x000000003ffdffff]
[    0.020461]   Normal   empty
[    0.020673]   Device   empty
[    0.020891] Movable zone start for each node
[    0.021203] Early memory node ranges
[    0.021465]   node   0: [mem 0x0000000000001000-0x000000000009efff]
[    0.021924]   node   0: [mem 0x0000000000100000-0x000000003ffdffff]
[    0.022381] Initmem setup node 0 [mem 0x0000000000001000-0x000000003ffdffff]
[    0.022899] On node 0, zone DMA: 1 pages in unavailable ranges
[    0.023386] On node 0, zone DMA: 97 pages in unavailable ranges
[    0.028386] On node 0, zone DMA32: 32 pages in unavailable ranges
[    0.039167] kasan: KernelAddressSanitizer initialized
[    0.039780] ACPI: PM-Timer IO Port: 0x608
[    0.040094] ACPI: LAPIC_NMI (acpi_id[0xff] dfl dfl lint[0x1])
[    0.040536] IOAPIC[0]: apic_id 0, version 17, address 0xfec00000, GSI 0-23
[    0.041064] ACPI: INT_SRC_OVR (bus 0 bus_irq 0 global_irq 2 dfl dfl)
[    0.041530] ACPI: INT_SRC_OVR (bus 0 bus_irq 5 global_irq 5 high level)
[    0.042043] ACPI: INT_SRC_OVR (bus 0 bus_irq 9 global_irq 9 high level)
[    0.042526] ACPI: INT_SRC_OVR (bus 0 bus_irq 10 global_irq 10 high level)
[    0.043032] ACPI: INT_SRC_OVR (bus 0 bus_irq 11 global_irq 11 high level)
[    0.043529] ACPI: Using ACPI (MADT) for SMP configuration information
[    0.044010] ACPI: HPET id: 0x8086a201 base: 0xfed00000
[    0.044391] TSC deadline timer available
[    0.044680] CPU topo: Max. logical packages:   1
[    0.045041] CPU topo: Max. logical dies:       1
[    0.045376] CPU topo: Max. dies per package:   1
[    0.045714] CPU topo: Max. threads per core:  32
[    0.046108] CPU topo: Num. cores per package:     1
[    0.046530] CPU topo: Num. threads per package:  32
[    0.046894] CPU topo: Allowing 32 present CPUs plus 0 hotplug CPUs
[    0.047361] kvm-guest: APIC: eoi() replaced with kvm_guest_apic_eoi_write()
[    0.047882] kvm-guest: KVM setup pv remote TLB flush
[    0.048247] kvm-guest: setup PV sched yield
[    0.048560] PM: hibernation: Registered nosave memory: [mem 0x00000000-0x00000fff]
[    0.049120] PM: hibernation: Registered nosave memory: [mem 0x0009f000-0x0009ffff]
[    0.049672] PM: hibernation: Registered nosave memory: [mem 0x000a0000-0x000effff]
[    0.050223] PM: hibernation: Registered nosave memory: [mem 0x000f0000-0x000fffff]
[    0.050774] [mem 0x40000000-0xfeffbfff] available for PCI devices
[    0.051217] Booting paravirtualized kernel on KVM
[    0.051560] clocksource: refined-jiffies: mask: 0xffffffff max_cycles: 0xffffffff, max_idle_ns: 1910969940391419 ns
[    0.060222] setup_percpu: NR_CPUS:64 nr_cpumask_bits:32 nr_cpu_ids:32 nr_node_ids:1
[    0.062027] percpu: Embedded 70 pages/cpu s248616 r8192 d29912 u524288
[    0.062564] Kernel command line: virtme_hostname=virtme-ng nr_open=1048576 virtme_link_mods=/nipa-data/kernel/.virtme_mods/lib/modules/0.0.0 virtme_initmount0=nipa-data/kernel virtme_rw_overlay0=/etc virtme_rw_overlay1=/lib virtme_rw_overlay2=/home virtme_rw_overlay3=/opt virtme_rw_overlay4=/srv virtme_rw_overlay5=/usr virtme_rw_overlay6=/var console=hvc0 earlyprintk=serial,ttyS0,115200 virtme_console=ttyS0 psmouse.proto=exps TERM=xterm virtme_chdir=nipa-data/kernel virtme_root_user=1 rootfstype=9p rootflags=version=9p2000.L,trans=virtio,access=any raid=noautodetect ro init=/usr/lib/python3.11/site-packages/virtme/guest/virtme-init
[    0.066881] Unknown kernel command line parameters "virtme_hostname=virtme-ng nr_open=1048576 virtme_link_mods=/nipa-data/kernel/.virtme_mods/lib/modules/0.0.0 virtme_initmount0=nipa-data/kernel virtme_rw_overlay0=/etc virtme_rw_overlay1=/lib virtme_rw_overlay2=/home virtme_rw_overlay3=/opt virtme_rw_overlay4=/srv virtme_rw_overlay5=/usr virtme_rw_overlay6=/var virtme_console=ttyS0 virtme_chdir=nipa-data/kernel virtme_root_user=1", will be passed to user space.
[    0.070147] random: crng init done
[    0.070435] Dentry cache hash table entries: 131072 (order: 8, 1048576 bytes, linear)
[    0.071040] Inode-cache hash table entries: 65536 (order: 7, 524288 bytes, linear)
[    0.072054] Fallback order for Node 0: 0 
[    0.072058] Built 1 zonelists, mobility grouping on.  Total pages: 257760
[    0.072868] Policy zone: DMA32
[    0.073097] mem auto-init: stack:all(zero), heap alloc:off, heap free:off
[    0.073604] stackdepot: allocating hash table via alloc_large_system_hash
[    0.074111] stackdepot hash table entries: 1048576 (order: 12, 16777216 bytes, linear)
[    0.082110] Memory: 781040K/1048056K available (43008K kernel code, 11115K rwdata, 9736K rodata, 5832K init, 2416K bss, 266760K reserved, 0K cma-reserved)
[    0.083308] SLUB: HWalign=64, Order=0-3, MinObjects=0, CPUs=32, Nodes=1
Poking KASLR using RDRAND RDTSC...
[    0.084084] ftrace: allocating 47666 entries in 187 pages
[    0.092724] ftrace: allocated 187 pages with 6 groups
[    0.093959] Dynamic Preempt: voluntary
[    0.094704] rcu: Preemptible hierarchical RCU implementation.
[    0.095131] rcu: RCU event tracing is enabled.
[    0.095466] rcu: RCU restricting CPUs from NR_CPUS=64 to nr_cpu_ids=32.
[    0.095963] Trampoline variant of Tasks RCU enabled.
[    0.096338] Rude variant of Tasks RCU enabled.
[    0.096674] Tracing variant of Tasks RCU enabled.
[    0.097038] rcu: RCU calculated value of scheduler-enlistment delay is 100 jiffies.
[    0.097609] rcu: Adjusting geometry for rcu_fanout_leaf=16, nr_cpu_ids=32
[    0.098150] RCU Tasks: Setting shift to 5 and lim to 1 rcu_task_cb_adjust=1.
[    0.098680] RCU Tasks Rude: Setting shift to 5 and lim to 1 rcu_task_cb_adjust=1.
[    0.099251] RCU Tasks Trace: Setting shift to 5 and lim to 1 rcu_task_cb_adjust=1.
[    0.107893] NR_IRQS: 4352, nr_irqs: 680, preallocated irqs: 16
[    0.108594] rcu: srcu_init: Setting srcu_struct sizes based on contention.
[    0.109312] Console: colour *CGA 80x25
[    0.109615] ACPI: Core revision 20230628
[    0.110057] clocksource: hpet: mask: 0xffffffff max_cycles: 0xffffffff, max_idle_ns: 19112604467 ns
[    0.110801] APIC: Switch to symmetric I/O mode setup
[    0.111172] APIC: Switched APIC routing to: physical flat
[    0.111573] kvm-guest: APIC: send_IPI_mask() replaced with kvm_send_ipi_mask()
[    0.112103] kvm-guest: APIC: send_IPI_mask_allbutself() replaced with kvm_send_ipi_mask_allbutself()
[    0.112796] kvm-guest: setup PV IPIs
[    0.113916] ..TIMER: vector=0x30 apic1=0 pin1=2 apic2=-1 pin2=-1
[    0.114710] tsc: Marking TSC unstable due to TSCs unsynchronized
[    0.115516] Calibrating delay loop (skipped) preset value.. 8983.07 BogoMIPS (lpj=4491536)
[    0.116576] x86/cpu: User Mode Instruction Prevention (UMIP) activated
[    0.117571] Last level iTLB entries: 4KB 512, 2MB 255, 4MB 127
[    0.118512] Last level dTLB entries: 4KB 512, 2MB 255, 4MB 127, 1GB 0
[    0.119517] Spectre V1 : Mitigation: usercopy/swapgs barriers and __user pointer sanitization
[    0.120517] Spectre V2 : Mitigation: Enhanced / Automatic IBRS
[    0.121512] Spectre V2 : Spectre v2 / SpectreRSB mitigation: Filling RSB on context switch
[    0.122514] Spectre V2 : mitigation: Enabling conditional Indirect Branch Prediction Barrier
[    0.123512] Spectre V2 : User space: Mitigation: STIBP always-on protection
[    0.124514] Speculative Store Bypass: Mitigation: Speculative Store Bypass disabled via prctl
[    0.125513] Speculative Return Stack Overflow: IBPB-extending microcode not applied!
[    0.126512] Speculative Return Stack Overflow: WARNING: See https://kernel.org/doc/html/latest/admin-guide/hw-vuln/srso.html for mitigation options.
[    0.126514] Speculative Return Stack Overflow: Vulnerable: Safe RET, no microcode
[    0.128529] x86/fpu: Supporting XSAVE feature 0x001: 'x87 floating point registers'
[    0.129512] x86/fpu: Supporting XSAVE feature 0x002: 'SSE registers'
[    0.130512] x86/fpu: Supporting XSAVE feature 0x004: 'AVX registers'
[    0.131512] x86/fpu: Supporting XSAVE feature 0x020: 'AVX-512 opmask'
[    0.132334] x86/fpu: Supporting XSAVE feature 0x040: 'AVX-512 Hi256'
[    0.132512] x86/fpu: Supporting XSAVE feature 0x080: 'AVX-512 ZMM_Hi256'
[    0.133512] x86/fpu: Supporting XSAVE feature 0x200: 'Protection Keys User registers'
[    0.134513] x86/fpu: xstate_offset[2]:  576, xstate_sizes[2]:  256
[    0.135512] x86/fpu: xstate_offset[5]:  832, xstate_sizes[5]:   64
[    0.136512] x86/fpu: xstate_offset[6]:  896, xstate_sizes[6]:  512
[    0.137305] x86/fpu: xstate_offset[7]: 1408, xstate_sizes[7]: 1024
[    0.137512] x86/fpu: xstate_offset[9]: 2432, xstate_sizes[9]:    8
[    0.138512] x86/fpu: Enabled xstate features 0x2e7, context size is 2440 bytes, using 'compacted' format.
[    0.160741] Freeing SMP alternatives memory: 40K
[    0.161329] pid_max: default: 32768 minimum: 301
[    0.161648] Mount-cache hash table entries: 2048 (order: 2, 16384 bytes, linear)
[    0.162514] Mountpoint-cache hash table entries: 2048 (order: 2, 16384 bytes, linear)
[    0.164694] smpboot: CPU0: AMD Ryzen 9 7950X 16-Core Processor (family: 0x19, model: 0x61, stepping: 0x2)
[    0.165956] Performance Events: Fam17h+ core perfctr, AMD PMU driver.
[    0.166517] ... version:                0
[    0.167026] ... bit width:              48
[    0.167514] ... generic registers:      6
[    0.168023] ... value mask:             0000ffffffffffff
[    0.168514] ... max period:             00007fffffffffff
[    0.169186] ... fixed-purpose events:   0
[    0.169514] ... event mask:             000000000000003f
[    0.170301] signal: max sigframe size: 3376
[    0.170560] rcu: Hierarchical SRCU implementation.
[    0.171168] rcu: Max phase no-delay instances is 400.
[    0.175553] smp: Bringing up secondary CPUs ...
[    0.176305] smpboot: x86: Booting SMP configuration:
[    0.176516] .... node  #0, CPUs:        #1  #2  #3  #4  #5  #6  #7  #8  #9 #10 #11 #12 #13 #14 #15 #16 #17 #18 #19 #20 #21 #22 #23 #24 #25 #26 #27 #28 #29 #30 #31
[    0.188529] Spectre V2 : Update user space SMT mitigation: STIBP always-on
[    0.209661] smp: Brought up 1 node, 32 CPUs
[    0.210515] smpboot: Total of 32 processors activated (287458.30 BogoMIPS)
[    0.215531] devtmpfs: initialized
[    0.216083] x86/mm: Memory block size: 128MB
[    0.222745] clocksource: jiffies: mask: 0xffffffff max_cycles: 0xffffffff, max_idle_ns: 1911260446275000 ns
[    0.223520] futex hash table entries: 8192 (order: 7, 524288 bytes, linear)
[    0.224839] PM: RTC time: 09:27:14, date: 2024-04-07
[    0.226249] NET: Registered PF_NETLINK/PF_ROUTE protocol family
[    0.227315] thermal_sys: Registered thermal governor 'step_wise'
[    0.227317] thermal_sys: Registered thermal governor 'user_space'
[    0.227538] cpuidle: using governor menu
[    0.229895] PCI: Using configuration type 1 for base access
[    0.230515] PCI: Using configuration type 1 for extended access
[    0.231353] kprobes: kprobe jump-optimization is enabled. All kprobes are optimized if possible.
[    0.231660] HugeTLB: registered 1.00 GiB page size, pre-allocated 0 pages
[    0.232515] HugeTLB: 16380 KiB vmemmap can be freed for a 1.00 GiB page
[    0.233366] HugeTLB: registered 2.00 MiB page size, pre-allocated 0 pages
[    0.233514] HugeTLB: 28 KiB vmemmap can be freed for a 2.00 MiB page
[    0.234555] Demotion targets for Node 0: null
[    0.235723] ACPI: Added _OSI(Module Device)
[    0.236272] ACPI: Added _OSI(Processor Device)
[    0.236515] ACPI: Added _OSI(3.0 _SCP Extensions)
[    0.237122] ACPI: Added _OSI(Processor Aggregator Device)
[    0.261185] ACPI: 1 ACPI AML tables successfully acquired and loaded
[    0.263106] ACPI: _OSC evaluation for CPUs failed, trying _PDC
[    0.265762] ACPI: Interpreter enabled
[    0.266303] ACPI: PM: (supports S0 S3 S4 S5)
[    0.266515] ACPI: Using IOAPIC for interrupt routing
[    0.267205] PCI: Using host bridge windows from ACPI; if necessary, use "pci=nocrs" and report a bug
[    0.267514] PCI: Using E820 reservations for host bridge windows
[    0.269355] ACPI: Enabled 2 GPEs in block 00 to 0F
[    0.316885] ACPI: PCI Root Bridge [PCI0] (domain 0000 [bus 00-ff])
[    0.317529] acpi PNP0A03:00: _OSC: OS supports [ExtendedConfig ASPM ClockPM Segments MSI HPX-Type3]
[    0.319022] PCI host bridge to bus 0000:00
[    0.319518] pci_bus 0000:00: root bus resource [io  0x0000-0x0cf7 window]
[    0.320394] pci_bus 0000:00: root bus resource [io  0x0d00-0xffff window]
[    0.320517] pci_bus 0000:00: root bus resource [mem 0x000a0000-0x000bffff window]
[    0.321471] pci_bus 0000:00: root bus resource [mem 0x40000000-0xfebfffff window]
[    0.321517] pci_bus 0000:00: root bus resource [mem 0x100000000-0x17fffffff window]
[    0.322485] pci_bus 0000:00: root bus resource [bus 00-ff]
[    0.322660] pci 0000:00:00.0: [8086:1237] type 00 class 0x060000 conventional PCI endpoint
[    0.324380] pci 0000:00:01.0: [8086:7000] type 00 class 0x060100 conventional PCI endpoint
[    0.325410] pci 0000:00:01.1: [8086:7010] type 00 class 0x010180 conventional PCI endpoint
[    0.327515] pci 0000:00:01.1: BAR 4 [io  0xc0c0-0xc0cf]
[    0.328995] pci 0000:00:01.1: BAR 0 [io  0x01f0-0x01f7]: legacy IDE quirk
[    0.329515] pci 0000:00:01.1: BAR 1 [io  0x03f6]: legacy IDE quirk
[    0.330306] pci 0000:00:01.1: BAR 2 [io  0x0170-0x0177]: legacy IDE quirk
[    0.330514] pci 0000:00:01.1: BAR 3 [io  0x0376]: legacy IDE quirk
[    0.331987] pci 0000:00:01.3: [8086:7113] type 00 class 0x068000 conventional PCI endpoint
[    0.332783] pci 0000:00:01.3: quirk: [io  0x0600-0x063f] claimed by PIIX4 ACPI
[    0.333519] pci 0000:00:01.3: quirk: [io  0x0700-0x070f] claimed by PIIX4 SMB
[    0.335169] pci 0000:00:02.0: [1af4:1009] type 00 class 0x000200 conventional PCI endpoint
[    0.336515] pci 0000:00:02.0: BAR 0 [io  0xc000-0xc03f]
[    0.338183] pci 0000:00:02.0: BAR 1 [mem 0xfebfc000-0xfebfcfff]
[    0.341515] pci 0000:00:02.0: BAR 4 [mem 0xfebf0000-0xfebf3fff 64bit pref]
[    0.355052] pci 0000:00:03.0: [1af4:1009] type 00 class 0x000200 conventional PCI endpoint
[    0.356515] pci 0000:00:03.0: BAR 0 [io  0xc040-0xc07f]
[    0.358183] pci 0000:00:03.0: BAR 1 [mem 0xfebfd000-0xfebfdfff]
[    0.362188] pci 0000:00:03.0: BAR 4 [mem 0xfebf4000-0xfebf7fff 64bit pref]
[    0.375363] pci 0000:00:04.0: [8086:25ab] type 00 class 0x088000 conventional PCI endpoint
[    0.375917] pci 0000:00:04.0: BAR 0 [mem 0xfebfe000-0xfebfe00f]
[    0.390256] pci 0000:00:05.0: [1af4:1003] type 00 class 0x078000 conventional PCI endpoint
[    0.391515] pci 0000:00:05.0: BAR 0 [io  0xc080-0xc0bf]
[    0.393173] pci 0000:00:05.0: BAR 1 [mem 0xfebff000-0xfebfffff]
[    0.396515] pci 0000:00:05.0: BAR 4 [mem 0xfebf8000-0xfebfbfff 64bit pref]
[    0.412371] ACPI: PCI: Interrupt link LNKA configured for IRQ 10
[    0.413455] ACPI: PCI: Interrupt link LNKB configured for IRQ 10
[    0.414441] ACPI: PCI: Interrupt link LNKC configured for IRQ 11
[    0.415430] ACPI: PCI: Interrupt link LNKD configured for IRQ 11
[    0.415906] ACPI: PCI: Interrupt link LNKS configured for IRQ 9
[    0.435036] iommu: Default domain type: Translated
[    0.435514] iommu: DMA domain TLB invalidation policy: lazy mode
[    0.436773] SCSI subsystem initialized
[    0.437732] pps_core: LinuxPPS API ver. 1 registered
[    0.438386] pps_core: Software ver. 5.3.6 - Copyright 2005-2007 Rodolfo Giometti <giometti@linux.it>
[    0.438529] PTP clock support registered
[    0.439118] Advanced Linux Sound Architecture Driver Initialized.
[    0.440651] NET: Registered PF_ATMPVC protocol family
[    0.441311] NET: Registered PF_ATMSVC protocol family
[    0.441539] PCI: Using ACPI for IRQ routing
[    0.442222] vgaarb: loaded
[    0.442635] hpet0: at MMIO 0xfed00000, IRQs 2, 8, 0
[    0.443271] hpet0: 3 comparators, 64-bit 100.000000 MHz counter
[    0.450413] clocksource: Switched to clocksource kvm-clock
[    0.451788] VFS: Disk quotas dquot_6.6.0
[    0.452314] VFS: Dquot-cache hash table entries: 512 (order 0, 4096 bytes)
[    0.453402] pnp: PnP ACPI init
[    0.456222] pnp: PnP ACPI: found 5 devices
[    0.468923] clocksource: acpi_pm: mask: 0xffffff max_cycles: 0xffffff, max_idle_ns: 2085701024 ns
[    0.470539] NET: Registered PF_INET protocol family
[    0.471419] IP idents hash table entries: 16384 (order: 5, 131072 bytes, linear)
[    0.473193] tcp_listen_portaddr_hash hash table entries: 512 (order: 1, 8192 bytes, linear)
[    0.474603] Table-perturb hash table entries: 65536 (order: 6, 262144 bytes, linear)
[    0.475924] TCP established hash table entries: 8192 (order: 4, 65536 bytes, linear)
[    0.477328] TCP bind hash table entries: 8192 (order: 6, 262144 bytes, linear)
[    0.478552] TCP: Hash tables configured (established 8192 bind 8192)
[    0.479837] UDP hash table entries: 512 (order: 2, 16384 bytes, linear)
[    0.480951] UDP-Lite hash table entries: 512 (order: 2, 16384 bytes, linear)
[    0.482428] NET: Registered PF_UNIX/PF_LOCAL protocol family
[    0.483410] pci_bus 0000:00: resource 4 [io  0x0000-0x0cf7 window]
[    0.484440] pci_bus 0000:00: resource 5 [io  0x0d00-0xffff window]
[    0.485469] pci_bus 0000:00: resource 6 [mem 0x000a0000-0x000bffff window]
[    0.486614] pci_bus 0000:00: resource 7 [mem 0x40000000-0xfebfffff window]
[    0.487751] pci_bus 0000:00: resource 8 [mem 0x100000000-0x17fffffff window]
[    0.489193] pci 0000:00:01.0: PIIX3: Enabling Passive Release
[    0.490151] pci 0000:00:00.0: Limiting direct PCI/PCI transfers
[    0.491178] PCI: CLS 0 bytes, default 64
[    0.491750] kvm_intel: VMX not supported by CPU 0
[    0.492398] kvm_amd: TSC scaling supported
[    0.492922] kvm_amd: Nested Virtualization enabled
[    0.493548] kvm_amd: Nested Paging enabled
[    0.494092] kvm_amd: Virtual VMLOAD VMSAVE supported
[    0.494758] kvm_amd: Virtual GIF supported
[    0.495300] kvm_amd: Virtual NMI enabled
[    0.495803] kvm_amd: LBR virtualization supported
[    0.599714] Initialise system trusted keyrings
[    0.600420] workingset: timestamp_bits=56 max_order=18 bucket_order=0
[    0.601359] squashfs: version 4.0 (2009/01/31) Phillip Lougher
[    0.602135] fuse: init (API version 7.40)
[    0.602793] 9p: Installing v9fs 9p2000 file system support
[    0.612835] Key type asymmetric registered
[    0.613372] Asymmetric key parser 'x509' registered
[    0.614067] Block layer SCSI generic (bsg) driver version 0.4 loaded (major 249)
[    0.615066] io scheduler mq-deadline registered
[    0.615661] io scheduler kyber registered
[    0.617610] input: Power Button as /devices/LNXSYSTM:00/LNXPWRBN:00/input/input0
[    0.618780] ACPI: button: Power Button [PWRF]
[    0.619473] Warning: Processor Platform Limit event detected, but not handled.
[    0.620413] Consider compiling CPUfreq support into your kernel.
[    1.466986] ACPI: \_SB_.LNKB: Enabled at IRQ 10
[    2.330599] ACPI: \_SB_.LNKC: Enabled at IRQ 11
[    3.171500] ACPI: \_SB_.LNKA: Enabled at IRQ 10
[    3.173119] Serial: 8250/16550 driver, 4 ports, IRQ sharing enabled
[    3.174246] 00:03: ttyS0 at I/O 0x3f8 (irq = 4, base_baud = 115200) is a 16550A
[    3.212804] Non-volatile memory driver v1.3
[    3.213369] Linux agpgart interface v0.103
[    3.213924] printk: legacy console [hvc0] enabled
[    3.214086] ACPI: bus type drm_connector registered
[    3.214586] printk: legacy bootconsole [earlyser0] disabled
          _      _                                    
   __   _(_)_ __| |_ _ __ ___   ___       _ __   __ _ 
   \ \ / / |  __| __|  _   _ \ / _ \_____|  _ \ / _  |
    \ V /| | |  | |_| | | | | |  __/_____| | | | (_| |
     \_/ |_|_|   \__|_| |_| |_|\___|     |_| |_|\__  |
                                                |___/ 
   kernel version: 6.9.0-rc2-virtme x86_64
   (CTRL+d to exit)

virtme-ng:/nipa-data/kernel# PS1='xx__-> '
xx__-> env
PWD=/nipa-data/kernel
nr_open=1048576
HOME=/root
TERM=xterm
SHLVL=2
XDG_RUNTIME_DIR=/run/user/0
PATH=/bin:/sbin:/usr/bin:/usr/sbin:/usr/local/bin
OLDPWD=/
_=/usr/bin/env
xx__-> 