No EFI environment detected.
early console in extract_kernel
input_data: 0x0000000004b132b9
input_len: 0x00000000017c1280
output: 0x0000000001000000
output_len: 0x0000000005261b28
kernel_total_size: 0x0000000004e30000
needed_size: 0x0000000005400000
trampoline_32bit: 0x0000000000000000
Physical KASLR using RDRAND RDTSC...
Virtual KASLR using RDRAND RDTSC...

Decompressing Linux... Parsing ELF... Performing relocations... done.
Booting the kernel (entry_offset: 0x0000000000000000).
[    0.000000] Linux version 6.8.0-rc6-virtme (root@a7a2806b77f7) (gcc (Alpine 13.2.1_git20231014) 13.2.1 20231014, GNU ld (GNU Binutils) 2.42) #1 SMP PREEMPT_DYNAMIC Mon Mar  4 06:26:44 UTC 2024
[    0.000000] Command line: virtme_hostname=virtme-ng virtme_link_mods=/nipa-data/kernel/.virtme_mods/lib/modules/0.0.0 virtme_initmount0=nipa-data/kernel virtme_rw_overlay0=/etc virtme_rw_overlay1=/lib virtme_rw_overlay2=/home virtme_rw_overlay3=/opt virtme_rw_overlay4=/srv virtme_rw_overlay5=/usr virtme_rw_overlay6=/var earlyprintk=serial,ttyS0,115200 console=ttyS0 psmouse.proto=exps TERM=xterm virtme_chdir=nipa-data/kernel virtme_root_user=1 rootfstype=9p rootflags=version=9p2000.L,trans=virtio,access=any raid=noautodetect ro init=/usr/lib/python3.11/site-packages/virtme/guest/virtme-init
[    0.000000] BIOS-provided physical RAM map:
[    0.000000] BIOS-e820: [mem 0x0000000000000000-0x000000000009fbff] usable
[    0.000000] BIOS-e820: [mem 0x000000000009fc00-0x000000000009ffff] reserved
[    0.000000] BIOS-e820: [mem 0x00000000000f0000-0x00000000000fffff] reserved
[    0.000000] BIOS-e820: [mem 0x0000000000100000-0x000000003ffdffff] usable
[    0.000000] BIOS-e820: [mem 0x000000003ffe0000-0x000000003fffffff] reserved
[    0.000000] BIOS-e820: [mem 0x00000000feffc000-0x00000000feffffff] reserved
[    0.000000] BIOS-e820: [mem 0x00000000fffc0000-0x00000000ffffffff] reserved
[    0.000000] BIOS-e820: [mem 0x000000fd00000000-0x000000ffffffffff] reserved
[    0.000000] printk: legacy bootconsole [earlyser0] enabled
[    0.000000] NX (Execute Disable) protection: active
[    0.000000] APIC: Static calls initialized
[    0.000000] SMBIOS 3.0.0 present.
[    0.000000] DMI: QEMU Standard PC (i440FX + PIIX, 1996), BIOS rel-1.16.3-0-ga6ed6b701f0a-prebuilt.qemu.org 04/01/2014
[    0.000000] Hypervisor detected: KVM
[    0.000000] kvm-clock: Using msrs 4b564d01 and 4b564d00
[    0.000000] kvm-clock: using sched offset of 344097288 cycles
[    0.000385] clocksource: kvm-clock: mask: 0xffffffffffffffff max_cycles: 0x1cd42e4dffb, max_idle_ns: 881590591483 ns
[    0.001598] tsc: Detected 4491.536 MHz processor
[    0.002314] last_pfn = 0x3ffe0 max_arch_pfn = 0x400000000
[    0.002747] MTRR map: 4 entries (3 fixed + 1 variable; max 19), built from 8 variable MTRRs
[    0.003362] x86/PAT: Configuration [0-7]: WB  WC  UC- UC  WB  WP  UC- WT  
[    0.005406] found SMP MP-table at [mem 0x000f5470-0x000f547f]
[    0.005844] Using GB pages for direct mapping
[    0.006323] ACPI: Early table checksum verification disabled
[    0.006750] ACPI: RSDP 0x00000000000F5290 000014 (v00 BOCHS )
[    0.007176] ACPI: RSDT 0x000000003FFE27B6 000034 (v01 BOCHS  BXPC     00000001 BXPC 00000001)
[    0.007818] ACPI: FACP 0x000000003FFE2572 000074 (v01 BOCHS  BXPC     00000001 BXPC 00000001)
[    0.008455] ACPI: DSDT 0x000000003FFE0040 002532 (v01 BOCHS  BXPC     00000001 BXPC 00000001)
[    0.009086] ACPI: FACS 0x000000003FFE0000 000040
[    0.009429] ACPI: APIC 0x000000003FFE25E6 000170 (v03 BOCHS  BXPC     00000001 BXPC 00000001)
[    0.010061] ACPI: HPET 0x000000003FFE2756 000038 (v01 BOCHS  BXPC     00000001 BXPC 00000001)
[    0.010692] ACPI: WAET 0x000000003FFE278E 000028 (v01 BOCHS  BXPC     00000001 BXPC 00000001)
[    0.011315] ACPI: Reserving FACP table memory at [mem 0x3ffe2572-0x3ffe25e5]
[    0.011843] ACPI: Reserving DSDT table memory at [mem 0x3ffe0040-0x3ffe2571]
[    0.012358] ACPI: Reserving FACS table memory at [mem 0x3ffe0000-0x3ffe003f]
[    0.012877] ACPI: Reserving APIC table memory at [mem 0x3ffe25e6-0x3ffe2755]
[    0.013394] ACPI: Reserving HPET table memory at [mem 0x3ffe2756-0x3ffe278d]
[    0.013914] ACPI: Reserving WAET table memory at [mem 0x3ffe278e-0x3ffe27b5]
[    0.014639] No NUMA configuration found
[    0.014921] Faking a node at [mem 0x0000000000000000-0x000000003ffdffff]
[    0.015413] NODE_DATA(0) allocated [mem 0x3ffdb000-0x3ffdffff]
[    0.015865] Zone ranges:
[    0.016050]   DMA      [mem 0x0000000000001000-0x0000000000ffffff]
[    0.016501]   DMA32    [mem 0x0000000001000000-0x000000003ffdffff]
[    0.016958]   Normal   empty
[    0.017168]   Device   empty
[    0.017382] Movable zone start for each node
[    0.017703] Early memory node ranges
[    0.017964]   node   0: [mem 0x0000000000001000-0x000000000009efff]
[    0.018425]   node   0: [mem 0x0000000000100000-0x000000003ffdffff]
[    0.018887] Initmem setup node 0 [mem 0x0000000000001000-0x000000003ffdffff]
[    0.019404] On node 0, zone DMA: 1 pages in unavailable ranges
[    0.019894] On node 0, zone DMA: 97 pages in unavailable ranges
[    0.024503] On node 0, zone DMA32: 32 pages in unavailable ranges
[    0.034101] kasan: KernelAddressSanitizer initialized
[    0.034721] ACPI: PM-Timer IO Port: 0x608
[    0.035023] ACPI: LAPIC_NMI (acpi_id[0xff] dfl dfl lint[0x1])
[    0.035469] IOAPIC[0]: apic_id 0, version 17, address 0xfec00000, GSI 0-23
[    0.035983] ACPI: INT_SRC_OVR (bus 0 bus_irq 0 global_irq 2 dfl dfl)
[    0.036448] ACPI: INT_SRC_OVR (bus 0 bus_irq 5 global_irq 5 high level)
[    0.036936] ACPI: INT_SRC_OVR (bus 0 bus_irq 9 global_irq 9 high level)
[    0.037427] ACPI: INT_SRC_OVR (bus 0 bus_irq 10 global_irq 10 high level)
[    0.037928] ACPI: INT_SRC_OVR (bus 0 bus_irq 11 global_irq 11 high level)
[    0.038425] ACPI: Using ACPI (MADT) for SMP configuration information
[    0.038907] ACPI: HPET id: 0x8086a201 base: 0xfed00000
[    0.039287] TSC deadline timer available
[    0.039575] smpboot: Allowing 32 CPUs, 0 hotplug CPUs
[    0.039966] kvm-guest: APIC: eoi() replaced with kvm_guest_apic_eoi_write()
[    0.040487] kvm-guest: KVM setup pv remote TLB flush
[    0.040857] kvm-guest: setup PV sched yield
[    0.041168] PM: hibernation: Registered nosave memory: [mem 0x00000000-0x00000fff]
[    0.041733] PM: hibernation: Registered nosave memory: [mem 0x0009f000-0x0009ffff]
[    0.042286] PM: hibernation: Registered nosave memory: [mem 0x000a0000-0x000effff]
[    0.042848] PM: hibernation: Registered nosave memory: [mem 0x000f0000-0x000fffff]
[    0.043404] [mem 0x40000000-0xfeffbfff] available for PCI devices
[    0.043863] Booting paravirtualized kernel on KVM
[    0.044208] clocksource: refined-jiffies: mask: 0xffffffff max_cycles: 0xffffffff, max_idle_ns: 1910969940391419 ns
[    0.052843] setup_percpu: NR_CPUS:64 nr_cpumask_bits:32 nr_cpu_ids:32 nr_node_ids:1
[    0.054698] percpu: Embedded 68 pages/cpu s241448 r8192 d28888 u524288
[    0.055352] Kernel command line: virtme_hostname=virtme-ng virtme_link_mods=/nipa-data/kernel/.virtme_mods/lib/modules/0.0.0 virtme_initmount0=nipa-data/kernel virtme_rw_overlay0=/etc virtme_rw_overlay1=/lib virtme_rw_overlay2=/home virtme_rw_overlay3=/opt virtme_rw_overlay4=/srv virtme_rw_overlay5=/usr virtme_rw_overlay6=/var earlyprintk=serial,ttyS0,115200 console=ttyS0 psmouse.proto=exps TERM=xterm virtme_chdir=nipa-data/kernel virtme_root_user=1 rootfstype=9p rootflags=version=9p2000.L,trans=virtio,access=any raid=noautodetect ro init=/usr/lib/python3.11/site-packages/virtme/guest/virtme-init
[    0.059639] Unknown kernel command line parameters "virtme_hostname=virtme-ng virtme_link_mods=/nipa-data/kernel/.virtme_mods/lib/modules/0.0.0 virtme_initmount0=nipa-data/kernel virtme_rw_overlay0=/etc virtme_rw_overlay1=/lib virtme_rw_overlay2=/home virtme_rw_overlay3=/opt virtme_rw_overlay4=/srv virtme_rw_overlay5=/usr virtme_rw_overlay6=/var virtme_chdir=nipa-data/kernel virtme_root_user=1", will be passed to user space.
[    0.062686] random: crng init done
[    0.063054] Dentry cache hash table entries: 131072 (order: 8, 1048576 bytes, linear)
[    0.063665] Inode-cache hash table entries: 65536 (order: 7, 524288 bytes, linear)
[    0.064668] Fallback order for Node 0: 0 
[    0.064673] Built 1 zonelists, mobility grouping on.  Total pages: 257760
[    0.065494] Policy zone: DMA32
[    0.065730] mem auto-init: stack:all(zero), heap alloc:off, heap free:off
[    0.066239] stackdepot: allocating hash table via alloc_large_system_hash
[    0.066755] stackdepot hash table entries: 1048576 (order: 12, 16777216 bytes, linear)
[    0.074727] Memory: 781296K/1048056K available (43008K kernel code, 11330K rwdata, 9568K rodata, 5740K init, 2432K bss, 266504K reserved, 0K cma-reserved)
[    0.075958] SLUB: HWalign=64, Order=0-3, MinObjects=0, CPUs=32, Nodes=1
Poking KASLR using RDRAND RDTSC...
[    0.076722] ftrace: allocating 46477 entries in 182 pages
[    0.085284] ftrace: allocated 182 pages with 5 groups
[    0.086496] Dynamic Preempt: voluntary
[    0.087118] rcu: Preemptible hierarchical RCU implementation.
[    0.087552] rcu: RCU event tracing is enabled.
[    0.087902] rcu: RCU restricting CPUs from NR_CPUS=64 to nr_cpu_ids=32.
[    0.088402] Trampoline variant of Tasks RCU enabled.
[    0.088786] Rude variant of Tasks RCU enabled.
[    0.089125] Tracing variant of Tasks RCU enabled.
[    0.089487] rcu: RCU calculated value of scheduler-enlistment delay is 100 jiffies.
[    0.090072] rcu: Adjusting geometry for rcu_fanout_leaf=16, nr_cpu_ids=32
[    0.098640] NR_IRQS: 4352, nr_irqs: 680, preallocated irqs: 16
[    0.099317] rcu: srcu_init: Setting srcu_struct sizes based on contention.
[    0.100041] Console: colour *CGA 80x25
[    0.100343] printk: legacy console [ttyS0] enabled
[    0.100343] printk: legacy console [ttyS0] enabled
[    0.101071] printk: legacy bootconsole [earlyser0] disabled
[    0.101071] printk: legacy bootconsole [earlyser0] disabled
[    0.101947] ACPI: Core revision 20230628
[    0.102404] clocksource: hpet: mask: 0xffffffff max_cycles: 0xffffffff, max_idle_ns: 19112604467 ns
[    0.103171] APIC: Switch to symmetric I/O mode setup
[    0.103556] APIC: Switched APIC routing to: physical flat
[    0.103978] kvm-guest: APIC: send_IPI_mask() replaced with kvm_send_ipi_mask()
[    0.104528] kvm-guest: APIC: send_IPI_mask_allbutself() replaced with kvm_send_ipi_mask_allbutself()
[    0.105232] kvm-guest: setup PV IPIs
[    0.106434] ..TIMER: vector=0x30 apic1=0 pin1=2 apic2=-1 pin2=-1
[    0.107258] tsc: Marking TSC unstable due to TSCs unsynchronized
[    0.108047] Calibrating delay loop (skipped) preset value.. 8983.07 BogoMIPS (lpj=4491536)
[    0.110104] x86/cpu: User Mode Instruction Prevention (UMIP) activated
[    0.111021] Last level iTLB entries: 4KB 512, 2MB 255, 4MB 127
[    0.111044] Last level dTLB entries: 4KB 512, 2MB 255, 4MB 127, 1GB 0
[    0.112047] Spectre V1 : Mitigation: usercopy/swapgs barriers and __user pointer sanitization
[    0.113048] Spectre V2 : Mitigation: Enhanced / Automatic IBRS
[    0.114044] Spectre V2 : Spectre v2 / SpectreRSB mitigation: Filling RSB on context switch
[    0.115046] Spectre V2 : mitigation: Enabling conditional Indirect Branch Prediction Barrier
[    0.116046] Speculative Store Bypass: Mitigation: Speculative Store Bypass disabled via prctl
[    0.117044] Speculative Return Stack Overflow: IBPB-extending microcode not applied!
[    0.118044] Speculative Return Stack Overflow: WARNING: See https://kernel.org/doc/html/latest/admin-guide/hw-vuln/srso.html for mitigation options.
[    0.118045] Speculative Return Stack Overflow: Vulnerable: Safe RET, no microcode
[    0.120060] x86/fpu: Supporting XSAVE feature 0x001: 'x87 floating point registers'
[    0.121044] x86/fpu: Supporting XSAVE feature 0x002: 'SSE registers'
[    0.122044] x86/fpu: Supporting XSAVE feature 0x004: 'AVX registers'
[    0.123044] x86/fpu: Supporting XSAVE feature 0x020: 'AVX-512 opmask'
[    0.124044] x86/fpu: Supporting XSAVE feature 0x040: 'AVX-512 Hi256'
[    0.125044] x86/fpu: Supporting XSAVE feature 0x080: 'AVX-512 ZMM_Hi256'
[    0.125906] x86/fpu: Supporting XSAVE feature 0x200: 'Protection Keys User registers'
[    0.126044] x86/fpu: xstate_offset[2]:  576, xstate_sizes[2]:  256
[    0.127044] x86/fpu: xstate_offset[5]:  832, xstate_sizes[5]:   64
[    0.128044] x86/fpu: xstate_offset[6]:  896, xstate_sizes[6]:  512
[    0.129044] x86/fpu: xstate_offset[7]: 1408, xstate_sizes[7]: 1024
[    0.130044] x86/fpu: xstate_offset[9]: 2432, xstate_sizes[9]:    8
[    0.131044] x86/fpu: Enabled xstate features 0x2e7, context size is 2440 bytes, using 'compacted' format.
[    0.152923] Freeing SMP alternatives memory: 36K
[    0.153045] pid_max: default: 32768 minimum: 301
[    0.154193] Mount-cache hash table entries: 2048 (order: 2, 16384 bytes, linear)
[    0.155045] Mountpoint-cache hash table entries: 2048 (order: 2, 16384 bytes, linear)
[    0.156692] smpboot: CPU0: AMD Ryzen 9 7950X 16-Core Processor (family: 0x19, model: 0x61, stepping: 0x2)
[    0.157370] RCU Tasks: Setting shift to 5 and lim to 1 rcu_task_cb_adjust=1.
[    0.158069] RCU Tasks Rude: Setting shift to 5 and lim to 1 rcu_task_cb_adjust=1.
[    0.159070] RCU Tasks Trace: Setting shift to 5 and lim to 1 rcu_task_cb_adjust=1.
[    0.160072] Performance Events: Fam17h+ core perfctr, AMD PMU driver.
[    0.160947] ... version:                0
[    0.161046] ... bit width:              48
[    0.161584] ... generic registers:      6
[    0.162045] ... value mask:             0000ffffffffffff
[    0.162744] ... max period:             00007fffffffffff
[    0.163045] ... fixed-purpose events:   0
[    0.163575] ... event mask:             000000000000003f
[    0.164147] signal: max sigframe size: 3376
[    0.164745] rcu: Hierarchical SRCU implementation.
[    0.165046] rcu: Max phase no-delay instances is 400.
[    0.169972] smp: Bringing up secondary CPUs ...
[    0.170232] smpboot: x86: Booting SMP configuration:
[    0.170889] .... node  #0, CPUs:        #1  #2  #3  #4  #5  #6  #7  #8  #9 #10 #11 #12 #13 #14 #15 #16 #17 #18 #19 #20 #21 #22 #23 #24 #25 #26 #27 #28 #29 #30 #31
[    0.195212] smp: Brought up 1 node, 32 CPUs
[    0.196759] smpboot: Max logical packages: 1
[    0.197047] smpboot: Total of 32 processors activated (287458.30 BogoMIPS)
[    0.203292] devtmpfs: initialized
[    0.204217] x86/mm: Memory block size: 128MB
[    0.213392] clocksource: jiffies: mask: 0xffffffff max_cycles: 0xffffffff, max_idle_ns: 1911260446275000 ns
[    0.214052] futex hash table entries: 8192 (order: 7, 524288 bytes, linear)
[    0.215483] PM: RTC time: 06:27:20, date: 2024-03-04
[    0.217083] NET: Registered PF_NETLINK/PF_ROUTE protocol family
[    0.219113] thermal_sys: Registered thermal governor 'step_wise'
[    0.219116] thermal_sys: Registered thermal governor 'user_space'
[    0.220123] cpuidle: using governor menu
[    0.223455] PCI: Using configuration type 1 for base access
[    0.224046] PCI: Using configuration type 1 for extended access
[    0.225181] kprobes: kprobe jump-optimization is enabled. All kprobes are optimized if possible.
[    0.231570] HugeTLB: registered 1.00 GiB page size, pre-allocated 0 pages
[    0.232046] HugeTLB: 16380 KiB vmemmap can be freed for a 1.00 GiB page
[    0.232941] HugeTLB: registered 2.00 MiB page size, pre-allocated 0 pages
[    0.234046] HugeTLB: 28 KiB vmemmap can be freed for a 2.00 MiB page
[    0.236373] ACPI: Added _OSI(Module Device)
[    0.237047] ACPI: Added _OSI(Processor Device)
[    0.237644] ACPI: Added _OSI(3.0 _SCP Extensions)
[    0.238046] ACPI: Added _OSI(Processor Aggregator Device)
[    0.263222] ACPI: 1 ACPI AML tables successfully acquired and loaded
[    0.266251] ACPI: _OSC evaluation for CPUs failed, trying _PDC
[    0.269407] ACPI: Interpreter enabled
[    0.269963] ACPI: PM: (supports S0 S3 S4 S5)
[    0.270046] ACPI: Using IOAPIC for interrupt routing
[    0.270763] PCI: Using host bridge windows from ACPI; if necessary, use "pci=nocrs" and report a bug
[    0.272045] PCI: Using E820 reservations for host bridge windows
[    0.274000] ACPI: Enabled 2 GPEs in block 00 to 0F
[    0.328663] ACPI: PCI Root Bridge [PCI0] (domain 0000 [bus 00-ff])
[    0.330068] acpi PNP0A03:00: _OSC: OS supports [ExtendedConfig ASPM ClockPM Segments MSI HPX-Type3]
[    0.331780] PCI host bridge to bus 0000:00
[    0.333051] pci_bus 0000:00: root bus resource [io  0x0000-0x0cf7 window]
[    0.334050] pci_bus 0000:00: root bus resource [io  0x0d00-0xffff window]
[    0.335050] pci_bus 0000:00: root bus resource [mem 0x000a0000-0x000bffff window]
[    0.336050] pci_bus 0000:00: root bus resource [mem 0x40000000-0xfebfffff window]
[    0.338050] pci_bus 0000:00: root bus resource [mem 0x100000000-0x17fffffff window]
[    0.339051] pci_bus 0000:00: root bus resource [bus 00-ff]
[    0.340204] pci 0000:00:00.0: [8086:1237] type 00 class 0x060000 conventional PCI endpoint
[    0.343257] pci 0000:00:01.0: [8086:7000] type 00 class 0x060100 conventional PCI endpoint
[    0.345332] pci 0000:00:01.1: [8086:7010] type 00 class 0x010180 conventional PCI endpoint
[    0.350047] pci 0000:00:01.1: BAR 4 [io  0xc080-0xc08f]
[    0.353062] pci 0000:00:01.1: BAR 0 [io  0x01f0-0x01f7]: legacy IDE quirk
[    0.354047] pci 0000:00:01.1: BAR 1 [io  0x03f6]: legacy IDE quirk
[    0.355046] pci 0000:00:01.1: BAR 2 [io  0x0170-0x0177]: legacy IDE quirk
[    0.356046] pci 0000:00:01.1: BAR 3 [io  0x0376]: legacy IDE quirk
[    0.358109] pci 0000:00:01.3: [8086:7113] type 00 class 0x068000 conventional PCI endpoint
[    0.360393] pci 0000:00:01.3: quirk: [io  0x0600-0x063f] claimed by PIIX4 ACPI
[    0.361052] pci 0000:00:01.3: quirk: [io  0x0700-0x070f] claimed by PIIX4 SMB
[    0.363070] pci 0000:00:02.0: [1af4:1009] type 00 class 0x000200 conventional PCI endpoint
[    0.367047] pci 0000:00:02.0: BAR 0 [io  0xc000-0xc03f]
[    0.369971] pci 0000:00:02.0: BAR 1 [mem 0xfebfd000-0xfebfdfff]
[    0.376047] pci 0000:00:02.0: BAR 4 [mem 0xfebf4000-0xfebf7fff 64bit pref]
[    0.396282] pci 0000:00:03.0: [1af4:1009] type 00 class 0x000200 conventional PCI endpoint
[    0.399047] pci 0000:00:03.0: BAR 0 [io  0xc040-0xc07f]
[    0.401046] pci 0000:00:03.0: BAR 1 [mem 0xfebfe000-0xfebfefff]
[    0.405683] pci 0000:00:03.0: BAR 4 [mem 0xfebf8000-0xfebfbfff 64bit pref]
[    0.419702] pci 0000:00:04.0: [8086:25ab] type 00 class 0x088000 conventional PCI endpoint
[    0.421394] pci 0000:00:04.0: BAR 0 [mem 0xfebff000-0xfebff00f]
[    0.438284] ACPI: PCI: Interrupt link LNKA configured for IRQ 10
[    0.440025] ACPI: PCI: Interrupt link LNKB configured for IRQ 10
[    0.442013] ACPI: PCI: Interrupt link LNKC configured for IRQ 11
[    0.444220] ACPI: PCI: Interrupt link LNKD configured for IRQ 11
[    0.445429] ACPI: PCI: Interrupt link LNKS configured for IRQ 9
[    0.465318] iommu: Default domain type: Translated
[    0.465970] iommu: DMA domain TLB invalidation policy: lazy mode
[    0.466531] SCSI subsystem initialized
[    0.468282] pps_core: LinuxPPS API ver. 1 registered
[    0.469047] pps_core: Software ver. 5.3.6 - Copyright 2005-2007 Rodolfo Giometti <giometti@linux.it>
[    0.470063] PTP clock support registered
[    0.471179] Advanced Linux Sound Architecture Driver Initialized.
[    0.473140] NET: Registered PF_ATMPVC protocol family
[    0.473822] NET: Registered PF_ATMSVC protocol family
[    0.474071] PCI: Using ACPI for IRQ routing
[    0.475103] vgaarb: loaded
[    0.475174] hpet0: at MMIO 0xfed00000, IRQs 2, 8, 0
[    0.475840] hpet0: 3 comparators, 64-bit 100.000000 MHz counter
[    0.482810] clocksource: Switched to clocksource kvm-clock
[    0.483700] VFS: Disk quotas dquot_6.6.0
[    0.484251] VFS: Dquot-cache hash table entries: 512 (order 0, 4096 bytes)
[    0.485446] pnp: PnP ACPI init
[    0.488539] pnp: PnP ACPI: found 5 devices
[    0.500763] clocksource: acpi_pm: mask: 0xffffff max_cycles: 0xffffff, max_idle_ns: 2085701024 ns
[    0.502051] NET: Registered PF_INET protocol family
[    0.502750] IP idents hash table entries: 16384 (order: 5, 131072 bytes, linear)
[    0.504175] tcp_listen_portaddr_hash hash table entries: 512 (order: 1, 8192 bytes, linear)
[    0.505303] Table-perturb hash table entries: 65536 (order: 6, 262144 bytes, linear)
[    0.506343] TCP established hash table entries: 8192 (order: 4, 65536 bytes, linear)
[    0.507379] TCP bind hash table entries: 8192 (order: 6, 262144 bytes, linear)
[    0.508350] TCP: Hash tables configured (established 8192 bind 8192)
[    0.509377] UDP hash table entries: 512 (order: 2, 16384 bytes, linear)
[    0.510264] UDP-Lite hash table entries: 512 (order: 2, 16384 bytes, linear)
[    0.511433] NET: Registered PF_UNIX/PF_LOCAL protocol family
[    0.512208] pci_bus 0000:00: resource 4 [io  0x0000-0x0cf7 window]
[    0.513032] pci_bus 0000:00: resource 5 [io  0x0d00-0xffff window]
[    0.513853] pci_bus 0000:00: resource 6 [mem 0x000a0000-0x000bffff window]
[    0.514763] pci_bus 0000:00: resource 7 [mem 0x40000000-0xfebfffff window]
[    0.515674] pci_bus 0000:00: resource 8 [mem 0x100000000-0x17fffffff window]
[    0.516826] pci 0000:00:01.0: PIIX3: Enabling Passive Release
[    0.517598] pci 0000:00:00.0: Limiting direct PCI/PCI transfers
[    0.518424] PCI: CLS 0 bytes, default 64
[    0.518998] kvm_intel: VMX not supported by CPU 29
[    0.519675] kvm_amd: TSC scaling supported
[    0.520225] kvm_amd: Nested Virtualization enabled
[    0.520868] kvm_amd: Nested Paging enabled
[    0.521435] kvm_amd: Virtual VMLOAD VMSAVE supported
[    0.522092] kvm_amd: Virtual GIF supported
[    0.522641] kvm_amd: Virtual NMI enabled
[    0.523161] kvm_amd: LBR virtualization supported
[    0.632675] workingset: timestamp_bits=56 max_order=18 bucket_order=0
[    0.633687] squashfs: version 4.0 (2009/01/31) Phillip Lougher
[    0.634472] fuse: init (API version 7.39)
[    0.635138] 9p: Installing v9fs 9p2000 file system support
[    0.635962] Key type asymmetric registered
[    0.636544] Block layer SCSI generic (bsg) driver version 0.4 loaded (major 249)
[    0.637537] io scheduler mq-deadline registered
[    0.638122] io scheduler kyber registered
[    0.640016] input: Power Button as /devices/LNXSYSTM:00/LNXPWRBN:00/input/input0
[    0.641266] ACPI: button: Power Button [PWRF]
[    0.641960] Warning: Processor Platform Limit event detected, but not handled.
[    0.642895] Consider compiling CPUfreq support into your kernel.
[    1.498232] ACPI: \_SB_.LNKB: Enabled at IRQ 10
[    2.348273] ACPI: \_SB_.LNKC: Enabled at IRQ 11
[    2.349934] Serial: 8250/16550 driver, 4 ports, IRQ sharing enabled
[    2.351327] 00:03: ttyS0 at I/O 0x3f8 (irq = 4, base_baud = 115200) is a 16550A
[    2.353980] Non-volatile memory driver v1.3
[    2.354533] Linux agpgart interface v0.103
[    2.355243] ACPI: bus type drm_connector registered
[    2.376922] loop: module loaded
[    2.379702] scsi host0: ata_piix
[    2.380627] scsi host1: ata_piix
[    2.381286] ata1: PATA max MWDMA2 cmd 0x1f0 ctl 0x3f6 bmdma 0xc080 irq 14 lpm-pol 0
[    2.382275] ata2: PATA max MWDMA2 cmd 0x170 ctl 0x376 bmdma 0xc088 irq 15 lpm-pol 0
[    2.384866] i8042: PNP: PS/2 Controller [PNP0303:KBD,PNP0f13:MOU] at 0x60,0x64 irq 1,12
[    2.386617] serio: i8042 KBD port at 0x60,0x64 irq 1
[    2.387274] serio: i8042 AUX port at 0x60,0x64 irq 12
[    2.388495] rtc_cmos 00:04: RTC can wake from S4
[    2.389482] input: AT Translated Set 2 keyboard as /devices/platform/i8042/serio0/input/input1
[    2.391302] rtc_cmos 00:04: registered as rtc0
[    2.392262] rtc_cmos 00:04: setting system clock to 2024-03-04T06:27:22 UTC (1709533642)
[    2.394012] rtc_cmos 00:04: alarms up to one day, y3k, 242 bytes nvram, hpet irqs
[    2.394309] input: ImExPS/2 Generic Explorer Mouse as /devices/platform/i8042/serio1/input/input3
[    2.395770] i6300ESB timer 0000:00:04.0: initialized. heartbeat=30 sec (nowayout=0)
[    2.397472] device-mapper: ioctl: 4.48.0-ioctl (2023-03-01) initialised: dm-devel@redhat.com
[    2.399430] NET: Registered PF_PACKET protocol family
[    2.400219] 9pnet: Installing 9P2000 support
[    2.402137] Key type dns_resolver registered
[    2.408377] IPI shorthand broadcast: enabled
[    2.429299] sched_clock: Marking stable (2424001086, 5194211)->(2441687650, -12492353)
[    2.430797] registered taskstats version 1
[    2.445684] PM:   Magic number: 0:840:467
[    2.446281] printk: legacy console [netcon0] enabled
[    2.446926] netconsole: network logging started
[    2.447680] ALSA device list:
[    2.448067]   No soundcards found.
[    2.536519] ata2: found unknown device (class 0)
[    2.537727] ata2.00: ATAPI: QEMU DVD-ROM, 2.5+, max UDMA/100
[    2.539777] scsi 1:0:0:0: CD-ROM            QEMU     QEMU DVD-ROM     2.5+ PQ: 0 ANSI: 5
[    2.549038] scsi 1:0:0:0: Attached scsi generic sg0 type 5
[    2.550062] md: Skipping autodetection of RAID arrays. (raid=autodetect will force)
[    2.551007] 9pnet_virtio: no channels available for device 
[    2.552414] VFS: Mounted root (9p filesystem) readonly on device 0:19.
[    2.553390] devtmpfs: mounted
[    2.558327] Freeing unused kernel image (initmem) memory: 5740K
[    2.563205] Write protecting the kernel read-only data: 53248k
[    2.564290] Freeing unused kernel image (rodata/data gap) memory: 672K
[    2.600167] x86/mm: Checked W+X mappings: passed, no W+X pages found.
[    2.600929] Run /usr/lib/python3.11/site-packages/virtme/guest/virtme-init as init process
[    2.643265] mount (268) used greatest stack depth: 26752 bytes left
[    2.741881] mount (282) used greatest stack depth: 26672 bytes left
[    2.769855] mount (286) used greatest stack depth: 25984 bytes left
[    2.900132] virtme-init: basic initialization done
[    2.907608] virtme-init: udevd not found
[    2.992063] virtme-init: Setting hostname to virtme-ng...
[    3.010976] ip (359) used greatest stack depth: 24408 bytes left
          _      _                                    
   __   _(_)_ __| |_ _ __ ___   ___       _ __   __ _ 
   \ \ / / |  __| __|  _   _ \ / _ \_____|  _ \ / _  |
    \ V /| | |  | |_| | | | | |  __/_____| | | | (_| |
     \_/ |_|_|   \__|_| |_| |_|\___|     |_| |_|\__  |
                                                |___/ 
   kernel version: 6.8.0-rc6-virtme x86_64

virtme-ng:/nipa-data/kernel# PS1='xx__-> '
xx__-> env
PWD=/nipa-data/kernel
HOME=/
TERM=xterm
SHLVL=2
XDG_RUNTIME_DIR=/run/user/0
PATH=/bin:/sbin:/usr/bin:/usr/sbin:/usr/local/bin
OLDPWD=/
_=/usr/bin/env
xx__-> 