No EFI environment detected.
early console in extract_kernel
input_data: 0x0000000004cba2c4
input_len: 0x000000000186c89e
output: 0x0000000001000000
output_len: 0x00000000054b19e4
kernel_total_size: 0x0000000005030000
needed_size: 0x0000000005600000
trampoline_32bit: 0x0000000000000000
Physical KASLR using RDRAND RDTSC...
Virtual KASLR using RDRAND RDTSC...

Decompressing Linux... Parsing ELF... Performing relocations... done.
Booting the kernel (entry_offset: 0x0000000000000000).
[    0.000000] Linux version 6.10.0-rc5-virtme (root@528b72f30d49) (gcc (Alpine 13.2.1_git20240309) 13.2.1 20240309, GNU ld (GNU Binutils) 2.42) #1 SMP PREEMPT_DYNAMIC Mon Jul  1 21:26:55 UTC 2024
[    0.000000] Command line: virtme_hostname=virtme-ng nr_open=1048576 virtme_link_mods=/nipa-data/kernel/.virtme_mods/lib/modules/0.0.0 virtme_initmount0=nipa-data/kernel virtme_rw_overlay0=/etc virtme_rw_overlay1=/lib virtme_rw_overlay2=/home virtme_rw_overlay3=/opt virtme_rw_overlay4=/srv virtme_rw_overlay5=/usr virtme_rw_overlay6=/var console=hvc0 earlyprintk=serial,ttyS0,115200 virtme_console=ttyS0 psmouse.proto=exps TERM=xterm virtme_chdir=nipa-data/kernel virtme_root_user=1 rootfstype=9p rootflags=version=9p2000.L,trans=virtio,access=any raid=noautodetect ro init=/usr/lib/python3.12/site-packages/virtme/guest/virtme-init
[    0.000000] BIOS-provided physical RAM map:
[    0.000000] BIOS-e820: [mem 0x0000000000000000-0x000000000009fbff] usable
[    0.000000] BIOS-e820: [mem 0x000000000009fc00-0x000000000009ffff] reserved
[    0.000000] BIOS-e820: [mem 0x00000000000f0000-0x00000000000fffff] reserved
[    0.000000] BIOS-e820: [mem 0x0000000000100000-0x000000003ffdffff] usable
[    0.000000] BIOS-e820: [mem 0x000000003ffe0000-0x000000003fffffff] reserved
[    0.000000] BIOS-e820: [mem 0x00000000feffc000-0x00000000feffffff] reserved
[    0.000000] BIOS-e820: [mem 0x00000000fffc0000-0x00000000ffffffff] reserved
[    0.000000] BIOS-e820: [mem 0x000000fd00000000-0x000000ffffffffff] reserved
[    0.000000] printk: legacy bootconsole [earlyser0] enabled
[    0.000000] NX (Execute Disable) protection: active
[    0.000000] APIC: Static calls initialized
[    0.000000] SMBIOS 2.8 present.
[    0.000000] DMI: QEMU Standard PC (i440FX + PIIX, 1996), BIOS rel-1.16.3-0-ga6ed6b701f0a-prebuilt.qemu.org 04/01/2014
[    0.000000] DMI: Memory slots populated: 1/1
[    0.000000] Hypervisor detected: KVM
[    0.000000] kvm-clock: Using msrs 4b564d01 and 4b564d00
[    0.000000] kvm-clock: using sched offset of 341935799 cycles
[    0.000399] clocksource: kvm-clock: mask: 0xffffffffffffffff max_cycles: 0x1cd42e4dffb, max_idle_ns: 881590591483 ns
[    0.001637] tsc: Detected 4491.560 MHz processor
[    0.002356] last_pfn = 0x3ffe0 max_arch_pfn = 0x400000000
[    0.002793] MTRR map: 4 entries (3 fixed + 1 variable; max 19), built from 8 variable MTRRs
[    0.003428] x86/PAT: Configuration [0-7]: WB  WC  UC- UC  WB  WP  UC- WT  
[    0.005499] found SMP MP-table at [mem 0x000f5470-0x000f547f]
[    0.005944] Using GB pages for direct mapping
[    0.006443] ACPI: Early table checksum verification disabled
[    0.006877] ACPI: RSDP 0x00000000000F5290 000014 (v00 BOCHS )
[    0.007319] ACPI: RSDT 0x000000003FFE27BC 000034 (v01 BOCHS  BXPC     00000001 BXPC 00000001)
[    0.007972] ACPI: FACP 0x000000003FFE2578 000074 (v01 BOCHS  BXPC     00000001 BXPC 00000001)
[    0.008623] ACPI: DSDT 0x000000003FFE0040 002538 (v01 BOCHS  BXPC     00000001 BXPC 00000001)
[    0.009270] ACPI: FACS 0x000000003FFE0000 000040
[    0.009623] ACPI: APIC 0x000000003FFE25EC 000170 (v03 BOCHS  BXPC     00000001 BXPC 00000001)
[    0.010273] ACPI: HPET 0x000000003FFE275C 000038 (v01 BOCHS  BXPC     00000001 BXPC 00000001)
[    0.010920] ACPI: WAET 0x000000003FFE2794 000028 (v01 BOCHS  BXPC     00000001 BXPC 00000001)
[    0.011568] ACPI: Reserving FACP table memory at [mem 0x3ffe2578-0x3ffe25eb]
[    0.012103] ACPI: Reserving DSDT table memory at [mem 0x3ffe0040-0x3ffe2577]
[    0.012639] ACPI: Reserving FACS table memory at [mem 0x3ffe0000-0x3ffe003f]
[    0.013174] ACPI: Reserving APIC table memory at [mem 0x3ffe25ec-0x3ffe275b]
[    0.013709] ACPI: Reserving HPET table memory at [mem 0x3ffe275c-0x3ffe2793]
[    0.014245] ACPI: Reserving WAET table memory at [mem 0x3ffe2794-0x3ffe27bb]
[    0.014983] No NUMA configuration found
[    0.015274] Faking a node at [mem 0x0000000000000000-0x000000003ffdffff]
[    0.015783] NODE_DATA(0) allocated [mem 0x3ffdb000-0x3ffdffff]
[    0.016242] Zone ranges:
[    0.016434]   DMA      [mem 0x0000000000001000-0x0000000000ffffff]
[    0.016903]   DMA32    [mem 0x0000000001000000-0x000000003ffdffff]
[    0.017371]   Normal   empty
[    0.017590]   Device   empty
[    0.017808] Movable zone start for each node
[    0.018135] Early memory node ranges
[    0.018406]   node   0: [mem 0x0000000000001000-0x000000000009efff]
[    0.018881]   node   0: [mem 0x0000000000100000-0x000000003ffdffff]
[    0.019356] Initmem setup node 0 [mem 0x0000000000001000-0x000000003ffdffff]
[    0.019899] On node 0, zone DMA: 1 pages in unavailable ranges
[    0.020397] On node 0, zone DMA: 97 pages in unavailable ranges
[    0.025162] On node 0, zone DMA32: 32 pages in unavailable ranges
[    0.034705] kasan: KernelAddressSanitizer initialized
[    0.035330] ACPI: PM-Timer IO Port: 0x608
[    0.035645] ACPI: LAPIC_NMI (acpi_id[0xff] dfl dfl lint[0x1])
[    0.036104] IOAPIC[0]: apic_id 0, version 17, address 0xfec00000, GSI 0-23
[    0.036628] ACPI: INT_SRC_OVR (bus 0 bus_irq 0 global_irq 2 dfl dfl)
[    0.037110] ACPI: INT_SRC_OVR (bus 0 bus_irq 5 global_irq 5 high level)
[    0.037612] ACPI: INT_SRC_OVR (bus 0 bus_irq 9 global_irq 9 high level)
[    0.038122] ACPI: INT_SRC_OVR (bus 0 bus_irq 10 global_irq 10 high level)
[    0.038639] ACPI: INT_SRC_OVR (bus 0 bus_irq 11 global_irq 11 high level)
[    0.039159] ACPI: Using ACPI (MADT) for SMP configuration information
[    0.039647] ACPI: HPET id: 0x8086a201 base: 0xfed00000
[    0.040038] TSC deadline timer available
[    0.040337] CPU topo: Max. logical packages:   1
[    0.040687] CPU topo: Max. logical dies:       1
[    0.041036] CPU topo: Max. dies per package:   1
[    0.041388] CPU topo: Max. threads per core:   1
[    0.041736] CPU topo: Num. cores per package:    32
[    0.042109] CPU topo: Num. threads per package:  32
[    0.042479] CPU topo: Allowing 32 present CPUs plus 0 hotplug CPUs
[    0.042961] kvm-guest: APIC: eoi() replaced with kvm_guest_apic_eoi_write()
[    0.043497] kvm-guest: KVM setup pv remote TLB flush
[    0.043872] kvm-guest: setup PV sched yield
[    0.044193] PM: hibernation: Registered nosave memory: [mem 0x00000000-0x00000fff]
[    0.044764] PM: hibernation: Registered nosave memory: [mem 0x0009f000-0x0009ffff]
[    0.045333] PM: hibernation: Registered nosave memory: [mem 0x000a0000-0x000effff]
[    0.045902] PM: hibernation: Registered nosave memory: [mem 0x000f0000-0x000fffff]
[    0.046475] [mem 0x40000000-0xfeffbfff] available for PCI devices
[    0.046932] Booting paravirtualized kernel on KVM
[    0.047287] clocksource: refined-jiffies: mask: 0xffffffff max_cycles: 0xffffffff, max_idle_ns: 1910969940391419 ns
[    0.056499] setup_percpu: NR_CPUS:64 nr_cpumask_bits:32 nr_cpu_ids:32 nr_node_ids:1
[    0.058361] percpu: Embedded 70 pages/cpu s248536 r8192 d29992 u524288
[    0.058919] Kernel command line: virtme_hostname=virtme-ng nr_open=1048576 virtme_link_mods=/nipa-data/kernel/.virtme_mods/lib/modules/0.0.0 virtme_initmount0=nipa-data/kernel virtme_rw_overlay0=/etc virtme_rw_overlay1=/lib virtme_rw_overlay2=/home virtme_rw_overlay3=/opt virtme_rw_overlay4=/srv virtme_rw_overlay5=/usr virtme_rw_overlay6=/var console=hvc0 earlyprintk=serial,ttyS0,115200 virtme_console=ttyS0 psmouse.proto=exps TERM=xterm virtme_chdir=nipa-data/kernel virtme_root_user=1 rootfstype=9p rootflags=version=9p2000.L,trans=virtio,access=any raid=noautodetect ro init=/usr/lib/python3.12/site-packages/virtme/guest/virtme-init
[    0.063428] Unknown kernel command line parameters "virtme_hostname=virtme-ng nr_open=1048576 virtme_link_mods=/nipa-data/kernel/.virtme_mods/lib/modules/0.0.0 virtme_initmount0=nipa-data/kernel virtme_rw_overlay0=/etc virtme_rw_overlay1=/lib virtme_rw_overlay2=/home virtme_rw_overlay3=/opt virtme_rw_overlay4=/srv virtme_rw_overlay5=/usr virtme_rw_overlay6=/var virtme_console=ttyS0 virtme_chdir=nipa-data/kernel virtme_root_user=1", will be passed to user space.
[    0.066805] random: crng init done
[    0.067104] Dentry cache hash table entries: 131072 (order: 8, 1048576 bytes, linear)
[    0.067735] Inode-cache hash table entries: 65536 (order: 7, 524288 bytes, linear)
[    0.068759] Fallback order for Node 0: 0 
[    0.068763] Built 1 zonelists, mobility grouping on.  Total pages: 262014
[    0.069603] Policy zone: DMA32
[    0.069841] mem auto-init: stack:all(zero), heap alloc:off, heap free:off
[    0.070371] stackdepot: allocating hash table via alloc_large_system_hash
[    0.070898] stackdepot hash table entries: 1048576 (order: 12, 16777216 bytes, linear)
[    0.078957] Memory: 778732K/1048056K available (45056K kernel code, 11218K rwdata, 9852K rodata, 5920K init, 2128K bss, 269068K reserved, 0K cma-reserved)
[    0.080210] SLUB: HWalign=64, Order=0-3, MinObjects=0, CPUs=32, Nodes=1
Poking KASLR using RDRAND RDTSC...
[    0.081026] ftrace: allocating 48032 entries in 188 pages
[    0.090003] ftrace: allocated 188 pages with 5 groups
[    0.091282] Dynamic Preempt: voluntary
[    0.092064] rcu: Preemptible hierarchical RCU implementation.
[    0.092511] rcu: RCU event tracing is enabled.
[    0.092862] rcu: RCU restricting CPUs from NR_CPUS=64 to nr_cpu_ids=32.
[    0.093383] Trampoline variant of Tasks RCU enabled.
[    0.093775] Rude variant of Tasks RCU enabled.
[    0.094133] Tracing variant of Tasks RCU enabled.
[    0.094504] rcu: RCU calculated value of scheduler-enlistment delay is 100 jiffies.
[    0.095112] rcu: Adjusting geometry for rcu_fanout_leaf=16, nr_cpu_ids=32
[    0.095707] RCU Tasks: Setting shift to 5 and lim to 1 rcu_task_cb_adjust=1.
[    0.096253] RCU Tasks Rude: Setting shift to 5 and lim to 1 rcu_task_cb_adjust=1.
[    0.096831] RCU Tasks Trace: Setting shift to 5 and lim to 1 rcu_task_cb_adjust=1.
[    0.106051] NR_IRQS: 4352, nr_irqs: 680, preallocated irqs: 16
[    0.106795] rcu: srcu_init: Setting srcu_struct sizes based on contention.
[    0.107554] Console: colour *CGA 80x25
[    0.107892] ACPI: Core revision 20240322
[    0.108349] clocksource: hpet: mask: 0xffffffff max_cycles: 0xffffffff, max_idle_ns: 19112604467 ns
[    0.109126] APIC: Switch to symmetric I/O mode setup
[    0.109533] APIC: Switched APIC routing to: physical flat
[    0.109948] kvm-guest: APIC: send_IPI_mask() replaced with kvm_send_ipi_mask()
[    0.110509] kvm-guest: APIC: send_IPI_mask_allbutself() replaced with kvm_send_ipi_mask_allbutself()
[    0.111210] kvm-guest: setup PV IPIs
[    0.112386] ..TIMER: vector=0x30 apic1=0 pin1=2 apic2=-1 pin2=-1
[    0.113221] tsc: Marking TSC unstable due to TSCs unsynchronized
[    0.114055] Calibrating delay loop (skipped) preset value.. 8983.12 BogoMIPS (lpj=4491560)
[    0.115120] x86/cpu: User Mode Instruction Prevention (UMIP) activated
[    0.116117] Last level iTLB entries: 4KB 512, 2MB 255, 4MB 127
[    0.116913] Last level dTLB entries: 4KB 512, 2MB 255, 4MB 127, 1GB 0
[    0.117059] Spectre V1 : Mitigation: usercopy/swapgs barriers and __user pointer sanitization
[    0.118058] Spectre V2 : Mitigation: Enhanced / Automatic IBRS
[    0.118857] Spectre V2 : Spectre v2 / SpectreRSB mitigation: Filling RSB on context switch
[    0.119058] Spectre V2 : mitigation: Enabling conditional Indirect Branch Prediction Barrier
[    0.120055] Speculative Store Bypass: Mitigation: Speculative Store Bypass disabled via prctl
[    0.121054] Speculative Return Stack Overflow: IBPB-extending microcode not applied!
[    0.122052] Speculative Return Stack Overflow: WARNING: See https://kernel.org/doc/html/latest/admin-guide/hw-vuln/srso.html for mitigation options.
[    0.122054] Speculative Return Stack Overflow: Vulnerable: Safe RET, no microcode
[    0.124069] x86/fpu: Supporting XSAVE feature 0x001: 'x87 floating point registers'
[    0.125052] x86/fpu: Supporting XSAVE feature 0x002: 'SSE registers'
[    0.126052] x86/fpu: Supporting XSAVE feature 0x004: 'AVX registers'
[    0.127053] x86/fpu: Supporting XSAVE feature 0x020: 'AVX-512 opmask'
[    0.127909] x86/fpu: Supporting XSAVE feature 0x040: 'AVX-512 Hi256'
[    0.128053] x86/fpu: Supporting XSAVE feature 0x080: 'AVX-512 ZMM_Hi256'
[    0.129053] x86/fpu: Supporting XSAVE feature 0x200: 'Protection Keys User registers'
[    0.130054] x86/fpu: xstate_offset[2]:  576, xstate_sizes[2]:  256
[    0.131052] x86/fpu: xstate_offset[5]:  832, xstate_sizes[5]:   64
[    0.132052] x86/fpu: xstate_offset[6]:  896, xstate_sizes[6]:  512
[    0.132873] x86/fpu: xstate_offset[7]: 1408, xstate_sizes[7]: 1024
[    0.133053] x86/fpu: xstate_offset[9]: 2432, xstate_sizes[9]:    8
[    0.134053] x86/fpu: Enabled xstate features 0x2e7, context size is 2440 bytes, using 'compacted' format.
[    0.158452] Freeing SMP alternatives memory: 40K
[    0.159053] pid_max: default: 32768 minimum: 301
[    0.159954] Mount-cache hash table entries: 2048 (order: 2, 16384 bytes, linear)
[    0.160055] Mountpoint-cache hash table entries: 2048 (order: 2, 16384 bytes, linear)
[    0.162273] smpboot: CPU0: AMD Ryzen 9 7950X 16-Core Processor (family: 0x19, model: 0x61, stepping: 0x2)
[    0.163545] Performance Events: Fam17h+ core perfctr, AMD PMU driver.
[    0.164057] ... version:                0
[    0.164611] ... bit width:              48
[    0.165055] ... generic registers:      6
[    0.165593] ... value mask:             0000ffffffffffff
[    0.166055] ... max period:             00007fffffffffff
[    0.166761] ... fixed-purpose events:   0
[    0.167054] ... event mask:             000000000000003f
[    0.167896] signal: max sigframe size: 3376
[    0.168105] rcu: Hierarchical SRCU implementation.
[    0.168757] rcu: Max phase no-delay instances is 400.
[    0.173735] smp: Bringing up secondary CPUs ...
[    0.174401] smpboot: x86: Booting SMP configuration:
[    0.175057] .... node  #0, CPUs:        #1  #2  #3  #4  #5  #6  #7  #8  #9 #10 #11 #12 #13 #14 #15 #16 #17 #18 #19 #20 #21 #22 #23 #24 #25 #26 #27 #28 #29 #30 #31
[    0.206230] smp: Brought up 1 node, 32 CPUs
[    0.207611] smpboot: Total of 32 processors activated (287459.84 BogoMIPS)
[    0.213313] devtmpfs: initialized
[    0.214242] x86/mm: Memory block size: 128MB
[    0.221311] clocksource: jiffies: mask: 0xffffffff max_cycles: 0xffffffff, max_idle_ns: 1911260446275000 ns
[    0.222134] futex hash table entries: 8192 (order: 7, 524288 bytes, linear)
[    0.223439] PM: RTC time: 21:27:33, date: 2024-07-01
[    0.225000] NET: Registered PF_NETLINK/PF_ROUTE protocol family
[    0.226006] thermal_sys: Registered thermal governor 'step_wise'
[    0.226008] thermal_sys: Registered thermal governor 'user_space'
[    0.226094] cpuidle: using governor menu
[    0.228546] PCI: Using configuration type 1 for base access
[    0.229055] PCI: Using configuration type 1 for extended access
[    0.229990] kprobes: kprobe jump-optimization is enabled. All kprobes are optimized if possible.
[    0.246191] HugeTLB: registered 1.00 GiB page size, pre-allocated 0 pages
[    0.247055] HugeTLB: 16380 KiB vmemmap can be freed for a 1.00 GiB page
[    0.247953] HugeTLB: registered 2.00 MiB page size, pre-allocated 0 pages
[    0.249055] HugeTLB: 28 KiB vmemmap can be freed for a 2.00 MiB page
[    0.250382] Demotion targets for Node 0: null
[    0.251508] ACPI: Added _OSI(Module Device)
[    0.252055] ACPI: Added _OSI(Processor Device)
[    0.252636] ACPI: Added _OSI(3.0 _SCP Extensions)
[    0.253054] ACPI: Added _OSI(Processor Aggregator Device)
[    0.278239] ACPI: 1 ACPI AML tables successfully acquired and loaded
[    0.281263] ACPI: _OSC evaluation for CPUs failed, trying _PDC
[    0.284355] ACPI: Interpreter enabled
[    0.284894] ACPI: PM: (supports S0 S3 S4 S5)
[    0.286055] ACPI: Using IOAPIC for interrupt routing
[    0.286750] PCI: Using host bridge windows from ACPI; if necessary, use "pci=nocrs" and report a bug
[    0.288054] PCI: Using E820 reservations for host bridge windows
[    0.289923] ACPI: Enabled 2 GPEs in block 00 to 0F
[    0.338481] ACPI: PCI Root Bridge [PCI0] (domain 0000 [bus 00-ff])
[    0.339069] acpi PNP0A03:00: _OSC: OS supports [ExtendedConfig ASPM ClockPM Segments MSI HPX-Type3]
[    0.340579] PCI host bridge to bus 0000:00
[    0.342058] pci_bus 0000:00: root bus resource [io  0x0000-0x0cf7 window]
[    0.342965] pci_bus 0000:00: root bus resource [io  0x0d00-0xffff window]
[    0.343058] pci_bus 0000:00: root bus resource [mem 0x000a0000-0x000bffff window]
[    0.344058] pci_bus 0000:00: root bus resource [mem 0x40000000-0xfebfffff window]
[    0.345058] pci_bus 0000:00: root bus resource [mem 0x100000000-0x17fffffff window]
[    0.346058] pci_bus 0000:00: root bus resource [bus 00-ff]
[    0.346957] pci 0000:00:00.0: [8086:1237] type 00 class 0x060000 conventional PCI endpoint
[    0.348995] pci 0000:00:01.0: [8086:7000] type 00 class 0x060100 conventional PCI endpoint
[    0.352309] pci 0000:00:01.1: [8086:7010] type 00 class 0x010180 conventional PCI endpoint
[    0.357437] pci 0000:00:01.1: BAR 4 [io  0xc0c0-0xc0cf]
[    0.359451] pci 0000:00:01.1: BAR 0 [io  0x01f0-0x01f7]: legacy IDE quirk
[    0.360056] pci 0000:00:01.1: BAR 1 [io  0x03f6]: legacy IDE quirk
[    0.361055] pci 0000:00:01.1: BAR 2 [io  0x0170-0x0177]: legacy IDE quirk
[    0.363055] pci 0000:00:01.1: BAR 3 [io  0x0376]: legacy IDE quirk
[    0.365951] pci 0000:00:01.3: [8086:7113] type 00 class 0x068000 conventional PCI endpoint
[    0.367395] pci 0000:00:01.3: quirk: [io  0x0600-0x063f] claimed by PIIX4 ACPI
[    0.369061] pci 0000:00:01.3: quirk: [io  0x0700-0x070f] claimed by PIIX4 SMB
[    0.371056] pci 0000:00:02.0: [1af4:1009] type 00 class 0x000200 conventional PCI endpoint
[    0.374056] pci 0000:00:02.0: BAR 0 [io  0xc000-0xc03f]
[    0.377055] pci 0000:00:02.0: BAR 1 [mem 0xfebfc000-0xfebfcfff]
[    0.383055] pci 0000:00:02.0: BAR 4 [mem 0xfebf0000-0xfebf3fff 64bit pref]
[    0.398713] pci 0000:00:03.0: [1af4:1009] type 00 class 0x000200 conventional PCI endpoint
[    0.401055] pci 0000:00:03.0: BAR 0 [io  0xc040-0xc07f]
[    0.403767] pci 0000:00:03.0: BAR 1 [mem 0xfebfd000-0xfebfdfff]
[    0.409672] pci 0000:00:03.0: BAR 4 [mem 0xfebf4000-0xfebf7fff 64bit pref]
[    0.423784] pci 0000:00:04.0: [8086:25ab] type 00 class 0x088000 conventional PCI endpoint
[    0.424538] pci 0000:00:04.0: BAR 0 [mem 0xfebfe000-0xfebfe00f]
[    0.440875] pci 0000:00:05.0: [1af4:1003] type 00 class 0x078000 conventional PCI endpoint
[    0.443055] pci 0000:00:05.0: BAR 0 [io  0xc080-0xc0bf]
[    0.445787] pci 0000:00:05.0: BAR 1 [mem 0xfebff000-0xfebfffff]
[    0.451056] pci 0000:00:05.0: BAR 4 [mem 0xfebf8000-0xfebfbfff 64bit pref]
[    0.469474] ACPI: PCI: Interrupt link LNKA configured for IRQ 10
[    0.471033] ACPI: PCI: Interrupt link LNKB configured for IRQ 10
[    0.473341] ACPI: PCI: Interrupt link LNKC configured for IRQ 11
[    0.475331] ACPI: PCI: Interrupt link LNKD configured for IRQ 11
[    0.476583] ACPI: PCI: Interrupt link LNKS configured for IRQ 9
[    0.502522] iommu: Default domain type: Translated
[    0.503055] iommu: DMA domain TLB invalidation policy: lazy mode
[    0.504334] SCSI subsystem initialized
[    0.505217] pps_core: LinuxPPS API ver. 1 registered
[    0.505868] pps_core: Software ver. 5.3.6 - Copyright 2005-2007 Rodolfo Giometti <giometti@linux.it>
[    0.507069] PTP clock support registered
[    0.508185] Advanced Linux Sound Architecture Driver Initialized.
[    0.510248] NET: Registered PF_ATMPVC protocol family
[    0.510911] NET: Registered PF_ATMSVC protocol family
[    0.511088] PCI: Using ACPI for IRQ routing
[    0.512102] vgaarb: loaded
[    0.513226] hpet0: at MMIO 0xfed00000, IRQs 2, 8, 0
[    0.514055] hpet0: 3 comparators, 64-bit 100.000000 MHz counter
[    0.523329] clocksource: Switched to clocksource kvm-clock
[    0.524655] VFS: Disk quotas dquot_6.6.0
[    0.525206] VFS: Dquot-cache hash table entries: 512 (order 0, 4096 bytes)
[    0.530066] pnp: PnP ACPI init
[    0.534017] pnp: PnP ACPI: found 5 devices
[    0.547341] clocksource: acpi_pm: mask: 0xffffff max_cycles: 0xffffff, max_idle_ns: 2085701024 ns
[    0.548620] NET: Registered PF_INET protocol family
[    0.549353] IP idents hash table entries: 16384 (order: 5, 131072 bytes, linear)
[    0.550779] tcp_listen_portaddr_hash hash table entries: 512 (order: 1, 8192 bytes, linear)
[    0.551931] Table-perturb hash table entries: 65536 (order: 6, 262144 bytes, linear)
[    0.552999] TCP established hash table entries: 8192 (order: 4, 65536 bytes, linear)
[    0.554042] TCP bind hash table entries: 8192 (order: 6, 262144 bytes, linear)
[    0.555020] TCP: Hash tables configured (established 8192 bind 8192)
[    0.556057] UDP hash table entries: 512 (order: 2, 16384 bytes, linear)
[    0.556970] UDP-Lite hash table entries: 512 (order: 2, 16384 bytes, linear)
[    0.558149] NET: Registered PF_UNIX/PF_LOCAL protocol family
[    0.558936] pci_bus 0000:00: resource 4 [io  0x0000-0x0cf7 window]
[    0.559756] pci_bus 0000:00: resource 5 [io  0x0d00-0xffff window]
[    0.560599] pci_bus 0000:00: resource 6 [mem 0x000a0000-0x000bffff window]
[    0.561523] pci_bus 0000:00: resource 7 [mem 0x40000000-0xfebfffff window]
[    0.562606] pci_bus 0000:00: resource 8 [mem 0x100000000-0x17fffffff window]
[    0.564100] pci 0000:00:01.0: PIIX3: Enabling Passive Release
[    0.565080] pci 0000:00:00.0: Limiting direct PCI/PCI transfers
[    0.565924] PCI: CLS 0 bytes, default 64
[    0.566526] kvm_intel: VMX not supported by CPU 1
[    0.567205] kvm_amd: TSC scaling supported
[    0.567753] kvm_amd: Nested Virtualization enabled
[    0.568411] kvm_amd: Nested Paging enabled
[    0.568995] kvm_amd: LBR virtualization supported
[    0.569762] kvm_amd: Virtual VMLOAD VMSAVE supported
[    0.570428] kvm_amd: Virtual GIF supported
[    0.570984] kvm_amd: Virtual NMI enabled
[    0.689664] Initialise system trusted keyrings
[    0.690624] workingset: timestamp_bits=56 max_order=18 bucket_order=0
[    0.691902] squashfs: version 4.0 (2009/01/31) Phillip Lougher
[    0.692945] fuse: init (API version 7.40)
[    0.693851] 9p: Installing v9fs 9p2000 file system support
[    0.708688] Key type asymmetric registered
[    0.709405] Asymmetric key parser 'x509' registered
[    0.710327] Block layer SCSI generic (bsg) driver version 0.4 loaded (major 249)
[    0.711629] io scheduler mq-deadline registered
[    0.712410] io scheduler kyber registered
[    0.714946] input: Power Button as /devices/LNXSYSTM:00/LNXPWRBN:00/input/input0
[    0.716533] ACPI: button: Power Button [PWRF]
[    0.717445] Warning: Processor Platform Limit event detected, but not handled.
[    0.718692] Consider compiling CPUfreq support into your kernel.
[    1.639762] ACPI: \_SB_.LNKB: Enabled at IRQ 10
[    2.519875] ACPI: \_SB_.LNKC: Enabled at IRQ 11
[    3.395377] ACPI: \_SB_.LNKA: Enabled at IRQ 10
[    3.397100] Serial: 8250/16550 driver, 4 ports, IRQ sharing enabled
[    3.398321] 00:03: ttyS0 at I/O 0x3f8 (irq = 4, base_baud = 115200) is a 16550A
[    3.471295] Non-volatile memory driver v1.3
[    3.471902] Linux agpgart interface v0.103
[    3.472476] printk: legacy console [hvc0] enabled
[    3.472643] ACPI: bus type drm_connector registered
[    3.473140] printk: legacy bootconsole [earlyser0] disabled
          _      _                                    
   __   _(_)_ __| |_ _ __ ___   ___       _ __   __ _ 
   \ \ / / |  __| __|  _   _ \ / _ \_____|  _ \ / _  |
    \ V /| | |  | |_| | | | | |  __/_____| | | | (_| |
     \_/ |_|_|   \__|_| |_| |_|\___|     |_| |_|\__  |
                                                |___/ 
   kernel version: 6.10.0-rc5-virtme x86_64
   (CTRL+d to exit)

virtme-ng:/nipa-data/kernel# PS1='xx__-> '
xx__-> env
PWD=/nipa-data/kernel
nr_open=1048576
HOME=/root
TERM=xterm
SHLVL=2
XDG_RUNTIME_DIR=/run/user/0
PATH=/bin:/sbin:/usr/bin:/usr/sbin:/usr/local/bin
OLDPWD=/
_=/usr/bin/env
xx__-> 