No EFI environment detected.
early console in extract_kernel
input_data: 0x0000000004ab22c4
input_len: 0x0000000001922c49
output: 0x0000000001000000
output_len: 0x0000000005361590
kernel_total_size: 0x0000000005030000
needed_size: 0x0000000005400000
trampoline_32bit: 0x0000000000000000
Physical KASLR using RDRAND RDTSC...
Virtual KASLR using RDRAND RDTSC...

Decompressing Linux... Parsing ELF... Performing relocations... done.
Booting the kernel (entry_offset: 0x0000000002b44810).
[    0.000000] Linux version 6.14.0-rc7-virtme (root@b8267b7f54a4) (gcc (Ubuntu 13.3.0-6ubuntu2~24.04) 13.3.0, GNU ld (GNU Binutils for Ubuntu) 2.42) #1 SMP PREEMPT_DYNAMIC Mon Mar 24 06:26:01 UTC 2025
[    0.000000] Command line: virtme_hostname=virtme-ng nr_open=1048576 virtme_link_mods=/nipa-data/kernel/.virtme_mods/lib/modules/0.0.0 virtme_initmount0=nipa-data/kernel virtme_rw_overlay0=/etc virtme_rw_overlay1=/lib virtme_rw_overlay2=/home virtme_rw_overlay3=/opt virtme_rw_overlay4=/srv virtme_rw_overlay5=/usr virtme_rw_overlay6=/var console=hvc0 earlyprintk=serial,ttyS0,115200 virtme_console=ttyS0 psmouse.proto=exps TERM=xterm virtme_chdir=nipa-data/kernel virtme_root_user=1 rootfstype=9p rootflags=version=9p2000.L,trans=virtio,access=any raid=noautodetect ro init=/usr/lib/python3/dist-packages/virtme/guest/virtme-init
[    0.000000] BIOS-provided physical RAM map:
[    0.000000] BIOS-e820: [mem 0x0000000000000000-0x000000000009fbff] usable
[    0.000000] BIOS-e820: [mem 0x000000000009fc00-0x000000000009ffff] reserved
[    0.000000] BIOS-e820: [mem 0x00000000000f0000-0x00000000000fffff] reserved
[    0.000000] BIOS-e820: [mem 0x0000000000100000-0x000000003ffdffff] usable
[    0.000000] BIOS-e820: [mem 0x000000003ffe0000-0x000000003fffffff] reserved
[    0.000000] BIOS-e820: [mem 0x00000000feffc000-0x00000000feffffff] reserved
[    0.000000] BIOS-e820: [mem 0x00000000fffc0000-0x00000000ffffffff] reserved
[    0.000000] BIOS-e820: [mem 0x000000fd00000000-0x000000ffffffffff] reserved
[    0.000000] printk: legacy bootconsole [earlyser0] enabled
[    0.000000] NX (Execute Disable) protection: active
[    0.000000] APIC: Static calls initialized
[    0.000000] SMBIOS 3.0.0 present.
[    0.000000] DMI: QEMU Ubuntu 24.04 PC (i440FX + PIIX, 1996), BIOS 1.16.3-debian-1.16.3-2 04/01/2014
[    0.000000] DMI: Memory slots populated: 1/1
[    0.000000] Hypervisor detected: KVM
[    0.000000] kvm-clock: Using msrs 4b564d01 and 4b564d00
[    0.000000] kvm-clock: using sched offset of 312888477 cycles
[    0.000370] clocksource: kvm-clock: mask: 0xffffffffffffffff max_cycles: 0x1cd42e4dffb, max_idle_ns: 881590591483 ns
[    0.001517] tsc: Detected 4491.560 MHz processor
[    0.002179] last_pfn = 0x3ffe0 max_arch_pfn = 0x400000000
[    0.002583] MTRR map: 4 entries (3 fixed + 1 variable; max 19), built from 8 variable MTRRs
[    0.003173] x86/PAT: Configuration [0-7]: WB  WC  UC- UC  WB  WP  UC- WT  
[    0.005111] found SMP MP-table at [mem 0x000f5470-0x000f547f]
[    0.005518] Using GB pages for direct mapping
[    0.006014] ACPI: Early table checksum verification disabled
[    0.006411] ACPI: RSDP 0x00000000000F5290 000014 (v00 BOCHS )
[    0.006817] ACPI: RSDT 0x000000003FFE27BC 000034 (v01 BOCHS  BXPC     00000001 BXPC 00000001)
[    0.007418] ACPI: FACP 0x000000003FFE2578 000074 (v01 BOCHS  BXPC     00000001 BXPC 00000001)
[    0.008022] ACPI: DSDT 0x000000003FFE0040 002538 (v01 BOCHS  BXPC     00000001 BXPC 00000001)
[    0.008621] ACPI: FACS 0x000000003FFE0000 000040
[    0.008946] ACPI: APIC 0x000000003FFE25EC 000170 (v03 BOCHS  BXPC     00000001 BXPC 00000001)
[    0.009545] ACPI: HPET 0x000000003FFE275C 000038 (v01 BOCHS  BXPC     00000001 BXPC 00000001)
[    0.010145] ACPI: WAET 0x000000003FFE2794 000028 (v01 BOCHS  BXPC     00000001 BXPC 00000001)
[    0.010743] ACPI: Reserving FACP table memory at [mem 0x3ffe2578-0x3ffe25eb]
[    0.011237] ACPI: Reserving DSDT table memory at [mem 0x3ffe0040-0x3ffe2577]
[    0.011733] ACPI: Reserving FACS table memory at [mem 0x3ffe0000-0x3ffe003f]
[    0.012227] ACPI: Reserving APIC table memory at [mem 0x3ffe25ec-0x3ffe275b]
[    0.012721] ACPI: Reserving HPET table memory at [mem 0x3ffe275c-0x3ffe2793]
[    0.013214] ACPI: Reserving WAET table memory at [mem 0x3ffe2794-0x3ffe27bb]
[    0.013897] No NUMA configuration found
[    0.014166] Faking a node at [mem 0x0000000000000000-0x000000003ffdffff]
[    0.014638] NODE_DATA(0) allocated [mem 0x3ffdb780-0x3ffdffff]
[    0.015063] Zone ranges:
[    0.015241]   DMA      [mem 0x0000000000001000-0x0000000000ffffff]
[    0.015678]   DMA32    [mem 0x0000000001000000-0x000000003ffdffff]
[    0.016111]   Normal   empty
[    0.016313]   Device   empty
[    0.016515] Movable zone start for each node
[    0.016814] Early memory node ranges
[    0.017064]   node   0: [mem 0x0000000000001000-0x000000000009efff]
[    0.017504]   node   0: [mem 0x0000000000100000-0x000000003ffdffff]
[    0.017945] Initmem setup node 0 [mem 0x0000000000001000-0x000000003ffdffff]
[    0.018444] On node 0, zone DMA: 1 pages in unavailable ranges
[    0.018910] On node 0, zone DMA: 97 pages in unavailable ranges
[    0.023465] On node 0, zone DMA32: 32 pages in unavailable ranges
[    0.032491] kasan: KernelAddressSanitizer initialized
[    0.033070] ACPI: PM-Timer IO Port: 0x608
[    0.033363] ACPI: LAPIC_NMI (acpi_id[0xff] dfl dfl lint[0x1])
[    0.033787] IOAPIC[0]: apic_id 0, version 17, address 0xfec00000, GSI 0-23
[    0.034272] ACPI: INT_SRC_OVR (bus 0 bus_irq 0 global_irq 2 dfl dfl)
[    0.034718] ACPI: INT_SRC_OVR (bus 0 bus_irq 5 global_irq 5 high level)
[    0.035182] ACPI: INT_SRC_OVR (bus 0 bus_irq 9 global_irq 9 high level)
[    0.035651] ACPI: INT_SRC_OVR (bus 0 bus_irq 10 global_irq 10 high level)
[    0.036127] ACPI: INT_SRC_OVR (bus 0 bus_irq 11 global_irq 11 high level)
[    0.036605] ACPI: Using ACPI (MADT) for SMP configuration information
[    0.037056] ACPI: HPET id: 0x8086a201 base: 0xfed00000
[    0.037419] TSC deadline timer available
[    0.037703] CPU topo: Max. logical packages:   1
[    0.038027] CPU topo: Max. logical dies:       1
[    0.038351] CPU topo: Max. dies per package:   1
[    0.038684] CPU topo: Max. threads per core:   1
[    0.039012] CPU topo: Num. cores per package:    32
[    0.039353] CPU topo: Num. threads per package:  32
[    0.039695] CPU topo: Allowing 32 present CPUs plus 0 hotplug CPUs
[    0.040141] kvm-guest: APIC: eoi() replaced with kvm_guest_apic_eoi_write()
[    0.040639] kvm-guest: KVM setup pv remote TLB flush
[    0.040987] kvm-guest: setup PV sched yield
[    0.041287] PM: hibernation: Registered nosave memory: [mem 0x00000000-0x00000fff]
[    0.041816] PM: hibernation: Registered nosave memory: [mem 0x0009f000-0x0009ffff]
[    0.042345] PM: hibernation: Registered nosave memory: [mem 0x000a0000-0x000effff]
[    0.042874] PM: hibernation: Registered nosave memory: [mem 0x000f0000-0x000fffff]
[    0.043404] [mem 0x40000000-0xfeffbfff] available for PCI devices
[    0.043831] Booting paravirtualized kernel on KVM
[    0.044159] clocksource: refined-jiffies: mask: 0xffffffff max_cycles: 0xffffffff, max_idle_ns: 1910969940391419 ns
[    0.052822] setup_percpu: NR_CPUS:64 nr_cpumask_bits:32 nr_cpu_ids:32 nr_node_ids:1
[    0.054584] percpu: Embedded 70 pages/cpu s247960 r8192 d30568 u524288
[    0.055116] Kernel command line: virtme_hostname=virtme-ng nr_open=1048576 virtme_link_mods=/nipa-data/kernel/.virtme_mods/lib/modules/0.0.0 virtme_initmount0=nipa-data/kernel virtme_rw_overlay0=/etc virtme_rw_overlay1=/lib virtme_rw_overlay2=/home virtme_rw_overlay3=/opt virtme_rw_overlay4=/srv virtme_rw_overlay5=/usr virtme_rw_overlay6=/var console=hvc0 earlyprintk=serial,ttyS0,115200 virtme_console=ttyS0 psmouse.proto=exps TERM=xterm virtme_chdir=nipa-data/kernel virtme_root_user=1 rootfstype=9p rootflags=version=9p2000.L,trans=virtio,access=any raid=noautodetect ro init=/usr/lib/python3/dist-packages/virtme/guest/virtme-init
[    0.059273] Unknown kernel command line parameters "virtme_hostname=virtme-ng nr_open=1048576 virtme_link_mods=/nipa-data/kernel/.virtme_mods/lib/modules/0.0.0 virtme_initmount0=nipa-data/kernel virtme_rw_overlay0=/etc virtme_rw_overlay1=/lib virtme_rw_overlay2=/home virtme_rw_overlay3=/opt virtme_rw_overlay4=/srv virtme_rw_overlay5=/usr virtme_rw_overlay6=/var virtme_console=ttyS0 virtme_chdir=nipa-data/kernel virtme_root_user=1", will be passed to user space.
[    0.062411] random: crng init done
[    0.062657] printk: log buffer data + meta data: 262144 + 917504 = 1179648 bytes
[    0.063209] Dentry cache hash table entries: 131072 (order: 8, 1048576 bytes, linear)
[    0.063789] Inode-cache hash table entries: 65536 (order: 7, 524288 bytes, linear)
[    0.064741] Fallback order for Node 0: 0 
[    0.064746] Built 1 zonelists, mobility grouping on.  Total pages: 262014
[    0.065528] Policy zone: DMA32
[    0.065749] mem auto-init: stack:all(zero), heap alloc:off, heap free:off
[    0.066239] stackdepot: allocating hash table via alloc_large_system_hash
[    0.066730] stackdepot hash table entries: 1048576 (order: 12, 16777216 bytes, linear)
[    0.074712] SLUB: HWalign=64, Order=0-3, MinObjects=0, CPUs=32, Nodes=1
Poking KASLR using RDRAND RDTSC...
[    0.075493] ftrace: allocating 49134 entries in 192 pages
[    0.092961] ftrace: allocated 192 pages with 2 groups
[    0.094168] Dynamic Preempt: voluntary
[    0.094871] rcu: Preemptible hierarchical RCU implementation.
[    0.095284] rcu: RCU event tracing is enabled.
[    0.095612] rcu: RCU restricting CPUs from NR_CPUS=64 to nr_cpu_ids=32.
[    0.096099] Trampoline variant of Tasks RCU enabled.
[    0.096463] Rude variant of Tasks RCU enabled.
[    0.096790] Tracing variant of Tasks RCU enabled.
[    0.097139] rcu: RCU calculated value of scheduler-enlistment delay is 100 jiffies.
[    0.097688] rcu: Adjusting geometry for rcu_fanout_leaf=16, nr_cpu_ids=32
[    0.098241] RCU Tasks: Setting shift to 5 and lim to 1 rcu_task_cb_adjust=1 rcu_task_cpu_ids=32.
[    0.098874] RCU Tasks Rude: Setting shift to 5 and lim to 1 rcu_task_cb_adjust=1 rcu_task_cpu_ids=32.
[    0.099541] RCU Tasks Trace: Setting shift to 5 and lim to 1 rcu_task_cb_adjust=1 rcu_task_cpu_ids=32.
[    0.109073] NR_IRQS: 4352, nr_irqs: 680, preallocated irqs: 16
[    0.109739] rcu: srcu_init: Setting srcu_struct sizes based on contention.
[    0.110452] Console: colour *CGA 80x25
[    0.110754] ACPI: Core revision 20240827
[    0.111189] clocksource: hpet: mask: 0xffffffff max_cycles: 0xffffffff, max_idle_ns: 19112604467 ns
[    0.111919] APIC: Switch to symmetric I/O mode setup
[    0.112302] kvm-guest: APIC: send_IPI_mask() replaced with kvm_send_ipi_mask()
[    0.112823] kvm-guest: APIC: send_IPI_mask_allbutself() replaced with kvm_send_ipi_mask_allbutself()
[    0.113457] kvm-guest: setup PV IPIs
[    0.114550] ..TIMER: vector=0x30 apic1=0 pin1=2 apic2=-1 pin2=-1
[    0.115347] clocksource: tsc-early: mask: 0xffffffffffffffff max_cycles: 0x40be4320a4d, max_idle_ns: 440795288133 ns
[    0.116688] Calibrating delay loop (skipped) preset value.. 8983.12 BogoMIPS (lpj=4491560)
[    0.117751] x86/cpu: User Mode Instruction Prevention (UMIP) activated
[    0.118744] Last level iTLB entries: 4KB 512, 2MB 255, 4MB 127
[    0.119686] Last level dTLB entries: 4KB 512, 2MB 255, 4MB 127, 1GB 0
[    0.120690] Spectre V1 : Mitigation: usercopy/swapgs barriers and __user pointer sanitization
[    0.121690] Spectre V2 : Mitigation: Enhanced / Automatic IBRS
[    0.122686] Spectre V2 : Spectre v2 / SpectreRSB mitigation: Filling RSB on context switch
[    0.123688] Spectre V2 : mitigation: Enabling conditional Indirect Branch Prediction Barrier
[    0.124688] Speculative Store Bypass: Mitigation: Speculative Store Bypass disabled via prctl
[    0.125686] Speculative Return Stack Overflow: IBPB-extending microcode not applied!
[    0.126686] Speculative Return Stack Overflow: WARNING: See https://kernel.org/doc/html/latest/admin-guide/hw-vuln/srso.html for mitigation options.
[    0.126687] Speculative Return Stack Overflow: Vulnerable: Safe RET, no microcode
[    0.128700] x86/fpu: Supporting XSAVE feature 0x001: 'x87 floating point registers'
[    0.129686] x86/fpu: Supporting XSAVE feature 0x002: 'SSE registers'
[    0.130686] x86/fpu: Supporting XSAVE feature 0x004: 'AVX registers'
[    0.131686] x86/fpu: Supporting XSAVE feature 0x020: 'AVX-512 opmask'
[    0.132686] x86/fpu: Supporting XSAVE feature 0x040: 'AVX-512 Hi256'
[    0.133686] x86/fpu: Supporting XSAVE feature 0x080: 'AVX-512 ZMM_Hi256'
[    0.134501] x86/fpu: Supporting XSAVE feature 0x200: 'Protection Keys User registers'
[    0.134686] x86/fpu: xstate_offset[2]:  576, xstate_sizes[2]:  256
[    0.135686] x86/fpu: xstate_offset[5]:  832, xstate_sizes[5]:   64
[    0.136686] x86/fpu: xstate_offset[6]:  896, xstate_sizes[6]:  512
[    0.137686] x86/fpu: xstate_offset[7]: 1408, xstate_sizes[7]: 1024
[    0.138437] x86/fpu: xstate_offset[9]: 2432, xstate_sizes[9]:    8
[    0.138686] x86/fpu: Enabled xstate features 0x2e7, context size is 2440 bytes, using 'compacted' format.
[    0.161659] Freeing SMP alternatives memory: 40K
[    0.161688] pid_max: default: 32768 minimum: 301
[    0.162806] Mount-cache hash table entries: 2048 (order: 2, 16384 bytes, linear)
[    0.163687] Mountpoint-cache hash table entries: 2048 (order: 2, 16384 bytes, linear)
[    0.165299] smpboot: CPU0: AMD Ryzen 9 7950X 16-Core Processor (family: 0x19, model: 0x61, stepping: 0x2)
[    0.166171] Performance Events: Fam17h+ core perfctr, AMD PMU driver.
[    0.166690] ... version:                0
[    0.167182] ... bit width:              48
[    0.167681] ... generic registers:      6
[    0.167688] ... value mask:             0000ffffffffffff
[    0.168334] ... max period:             00007fffffffffff
[    0.168687] ... fixed-purpose events:   0
[    0.169175] ... event mask:             000000000000003f
[    0.169796] signal: max sigframe size: 3376
[    0.170351] rcu: Hierarchical SRCU implementation.
[    0.170688] rcu: Max phase no-delay instances is 400.
[    0.171391] Timer migration: 2 hierarchy levels; 8 children per group; 2 crossnode level
[    0.175329] smp: Bringing up secondary CPUs ...
[    0.175866] smpboot: x86: Booting SMP configuration:
[    0.176471] .... node  #0, CPUs:        #1  #2  #3  #4  #5  #6  #7  #8  #9 #10 #11 #12 #13 #14 #15 #16 #17 #18 #19 #20 #21 #22 #23 #24 #25 #26 #27 #28 #29 #30 #31
[    0.201787] smp: Brought up 1 node, 32 CPUs
[    0.203203] smpboot: Total of 32 processors activated (287459.84 BogoMIPS)
[    0.207716] Memory: 762904K/1048056K available (44307K kernel code, 11504K rwdata, 10168K rodata, 6116K init, 1504K bss, 269012K reserved, 0K cma-reserved)
[    0.208801] devtmpfs: initialized
[    0.209323] x86/mm: Memory block size: 128MB
[    0.215795] clocksource: jiffies: mask: 0xffffffff max_cycles: 0xffffffff, max_idle_ns: 1911260446275000 ns
[    0.216693] futex hash table entries: 8192 (order: 7, 524288 bytes, linear)
[    0.217897] PM: RTC time: 06:26:23, date: 2025-03-24
[    0.219220] NET: Registered PF_NETLINK/PF_ROUTE protocol family
[    0.220553] thermal_sys: Registered thermal governor 'step_wise'
[    0.220580] cpuidle: using governor menu
[    0.222303] PCI: Using configuration type 1 for base access
[    0.222690] PCI: Using configuration type 1 for extended access
[    0.223548] kprobes: kprobe jump-optimization is enabled. All kprobes are optimized if possible.
[    0.236823] HugeTLB: registered 1.00 GiB page size, pre-allocated 0 pages
[    0.237688] HugeTLB: 16380 KiB vmemmap can be freed for a 1.00 GiB page
[    0.238512] HugeTLB: registered 2.00 MiB page size, pre-allocated 0 pages
[    0.238688] HugeTLB: 28 KiB vmemmap can be freed for a 2.00 MiB page
[    0.241089] ACPI: Added _OSI(Module Device)
[    0.241688] ACPI: Added _OSI(Processor Device)
[    0.242236] ACPI: Added _OSI(3.0 _SCP Extensions)
[    0.242688] ACPI: Added _OSI(Processor Aggregator Device)
[    0.265161] ACPI: 1 ACPI AML tables successfully acquired and loaded
[    0.269417] ACPI: Interpreter enabled
[    0.269743] ACPI: PM: (supports S0 S3 S4 S5)
[    0.270268] ACPI: Using IOAPIC for interrupt routing
[    0.270734] PCI: Using host bridge windows from ACPI; if necessary, use "pci=nocrs" and report a bug
[    0.272689] PCI: Using E820 reservations for host bridge windows
[    0.274433] ACPI: Enabled 2 GPEs in block 00 to 0F
[    0.318721] ACPI: PCI Root Bridge [PCI0] (domain 0000 [bus 00-ff])
[    0.319493] acpi PNP0A03:00: _OSC: OS supports [ExtendedConfig ASPM ClockPM Segments MSI HPX-Type3]
[    0.321150] PCI host bridge to bus 0000:00
[    0.321703] pci_bus 0000:00: root bus resource [io  0x0000-0x0cf7 window]
[    0.322543] pci_bus 0000:00: root bus resource [io  0x0d00-0xffff window]
[    0.323690] pci_bus 0000:00: root bus resource [mem 0x000a0000-0x000bffff window]
[    0.324605] pci_bus 0000:00: root bus resource [mem 0x40000000-0xfebfffff window]
[    0.324690] pci_bus 0000:00: root bus resource [mem 0x100000000-0x17fffffff window]
[    0.325624] pci_bus 0000:00: root bus resource [bus 00-ff]
[    0.326780] pci 0000:00:00.0: [8086:1237] type 00 class 0x060000 conventional PCI endpoint
[    0.328527] pci 0000:00:01.0: [8086:7000] type 00 class 0x060100 conventional PCI endpoint
[    0.330509] pci 0000:00:01.1: [8086:7010] type 00 class 0x010180 conventional PCI endpoint
[    0.332125] pci 0000:00:01.1: BAR 4 [io  0xc0c0-0xc0cf]
[    0.332706] pci 0000:00:01.1: BAR 0 [io  0x01f0-0x01f7]: legacy IDE quirk
[    0.333533] pci 0000:00:01.1: BAR 1 [io  0x03f6]: legacy IDE quirk
[    0.334688] pci 0000:00:01.1: BAR 2 [io  0x0170-0x0177]: legacy IDE quirk
[    0.335514] pci 0000:00:01.1: BAR 3 [io  0x0376]: legacy IDE quirk
[    0.336322] pci 0000:00:01.3: [8086:7113] type 00 class 0x068000 conventional PCI endpoint
[    0.337900] pci 0000:00:01.3: quirk: [io  0x0600-0x063f] claimed by PIIX4 ACPI
[    0.338692] pci 0000:00:01.3: quirk: [io  0x0700-0x070f] claimed by PIIX4 SMB
[    0.340252] pci 0000:00:02.0: [1af4:1009] type 00 class 0x000200 conventional PCI endpoint
[    0.341693] pci 0000:00:02.0: BAR 0 [io  0xc000-0xc03f]
[    0.342339] pci 0000:00:02.0: BAR 1 [mem 0xfebfc000-0xfebfcfff]
[    0.343702] pci 0000:00:02.0: BAR 4 [mem 0xfebf0000-0xfebf3fff 64bit pref]
[    0.355247] pci 0000:00:03.0: [1af4:1009] type 00 class 0x000200 conventional PCI endpoint
[    0.356692] pci 0000:00:03.0: BAR 0 [io  0xc040-0xc07f]
[    0.357345] pci 0000:00:03.0: BAR 1 [mem 0xfebfd000-0xfebfdfff]
[    0.358702] pci 0000:00:03.0: BAR 4 [mem 0xfebf4000-0xfebf7fff 64bit pref]
[    0.370181] pci 0000:00:04.0: [8086:25ab] type 00 class 0x088000 conventional PCI endpoint
[    0.370935] pci 0000:00:04.0: BAR 0 [mem 0xfebfe000-0xfebfe00f]
[    0.382147] pci 0000:00:05.0: [1af4:1003] type 00 class 0x078000 conventional PCI endpoint
[    0.384144] pci 0000:00:05.0: BAR 0 [io  0xc080-0xc0bf]
[    0.384692] pci 0000:00:05.0: BAR 1 [mem 0xfebff000-0xfebfffff]
[    0.385428] pci 0000:00:05.0: BAR 4 [mem 0xfebf8000-0xfebfbfff 64bit pref]
[    0.399458] ACPI: PCI: Interrupt link LNKA configured for IRQ 10
[    0.400561] ACPI: PCI: Interrupt link LNKB configured for IRQ 10
[    0.402553] ACPI: PCI: Interrupt link LNKC configured for IRQ 11
[    0.403543] ACPI: PCI: Interrupt link LNKD configured for IRQ 11
[    0.405046] ACPI: PCI: Interrupt link LNKS configured for IRQ 9
[    0.422737] iommu: Default domain type: Translated
[    0.423328] iommu: DMA domain TLB invalidation policy: lazy mode
[    0.424114] SCSI subsystem initialized
[    0.424886] pps_core: LinuxPPS API ver. 1 registered
[    0.425493] pps_core: Software ver. 5.3.6 - Copyright 2005-2007 Rodolfo Giometti <giometti@linux.it>
[    0.426702] PTP clock support registered
[    0.427804] Advanced Linux Sound Architecture Driver Initialized.
[    0.429739] NET: Registered PF_ATMPVC protocol family
[    0.430367] NET: Registered PF_ATMSVC protocol family
[    0.430722] PCI: Using ACPI for IRQ routing
[    0.431729] vgaarb: loaded
[    0.431800] hpet0: at MMIO 0xfed00000, IRQs 2, 8, 0
[    0.432494] hpet0: 3 comparators, 64-bit 100.000000 MHz counter
[    0.437024] clocksource: Switched to clocksource kvm-clock
[    0.438046] VFS: Disk quotas dquot_6.6.0
[    0.438553] VFS: Dquot-cache hash table entries: 512 (order 0, 4096 bytes)
[    0.441497] pnp: PnP ACPI init
[    0.444333] pnp: PnP ACPI: found 5 devices
[    0.456300] clocksource: acpi_pm: mask: 0xffffff max_cycles: 0xffffff, max_idle_ns: 2085701024 ns
[    0.457484] NET: Registered PF_INET protocol family
[    0.458155] IP idents hash table entries: 16384 (order: 5, 131072 bytes, linear)
[    0.459482] tcp_listen_portaddr_hash hash table entries: 512 (order: 1, 8192 bytes, linear)
[    0.460537] Table-perturb hash table entries: 65536 (order: 6, 262144 bytes, linear)
[    0.461525] TCP established hash table entries: 8192 (order: 4, 65536 bytes, linear)
[    0.462507] TCP bind hash table entries: 8192 (order: 6, 262144 bytes, linear)
[    0.463415] TCP: Hash tables configured (established 8192 bind 8192)
[    0.464363] UDP hash table entries: 512 (order: 3, 32768 bytes, linear)
[    0.465201] UDP-Lite hash table entries: 512 (order: 3, 32768 bytes, linear)
[    0.466298] NET: Registered PF_UNIX/PF_LOCAL protocol family
[    0.467030] pci_bus 0000:00: resource 4 [io  0x0000-0x0cf7 window]
[    0.467806] pci_bus 0000:00: resource 5 [io  0x0d00-0xffff window]
[    0.468581] pci_bus 0000:00: resource 6 [mem 0x000a0000-0x000bffff window]
[    0.469437] pci_bus 0000:00: resource 7 [mem 0x40000000-0xfebfffff window]
[    0.470305] pci_bus 0000:00: resource 8 [mem 0x100000000-0x17fffffff window]
[    0.471376] pci 0000:00:01.0: PIIX3: Enabling Passive Release
[    0.472105] pci 0000:00:00.0: Limiting direct PCI/PCI transfers
[    0.472887] PCI: CLS 0 bytes, default 64
[    0.473476] kvm_intel: VMX not supported by CPU 24
[    0.474272] kvm_amd: TSC scaling supported
[    0.474797] kvm_amd: Nested Virtualization enabled
[    0.475392] kvm_amd: Nested Paging enabled
[    0.475909] kvm_amd: LBR virtualization supported
[    0.476524] kvm_amd: Virtual GIF supported
[    0.477032] kvm_amd: Virtual NMI enabled
[    0.521280] clocksource: tsc: mask: 0xffffffffffffffff max_cycles: 0x40be4320a4d, max_idle_ns: 440795288133 ns
[    0.540439] Initialise system trusted keyrings
[    0.541291] workingset: timestamp_bits=56 max_order=18 bucket_order=0
[    0.542227] squashfs: version 4.0 (2009/01/31) Phillip Lougher
[    0.542987] fuse: init (API version 7.42)
[    0.543628] 9p: Installing v9fs 9p2000 file system support
[    0.553379] Key type asymmetric registered
[    0.553910] Asymmetric key parser 'x509' registered
[    0.554587] Block layer SCSI generic (bsg) driver version 0.4 loaded (major 249)
[    0.555557] io scheduler mq-deadline registered
[    0.556132] io scheduler kyber registered
[    0.558756] input: Power Button as /devices/LNXSYSTM:00/LNXPWRBN:00/input/input0
[    0.559928] ACPI: button: Power Button [PWRF]
[    0.561832] Warning: Processor Platform Limit event detected, but not handled.
[    0.563085] Consider compiling CPUfreq support into your kernel.
[    1.367004] ACPI: \_SB_.LNKB: Enabled at IRQ 10
[    2.161451] ACPI: \_SB_.LNKC: Enabled at IRQ 11
[    2.942420] ACPI: \_SB_.LNKA: Enabled at IRQ 10
[    2.943828] Serial: 8250/16550 driver, 4 ports, IRQ sharing enabled
[    2.944918] 00:03: ttyS0 at I/O 0x3f8 (irq = 4, base_baud = 115200) is a 16550A
[    2.968851] Non-volatile memory driver v1.3
[    2.969408] Linux agpgart interface v0.103
[    2.970100] ACPI: bus type drm_connector registered
[    2.970727] printk: legacy console [hvc0] enabled
[    2.971349] printk: legacy bootconsole [earlyser0] disabled
          _      _                                    
   __   _(_)_ __| |_ _ __ ___   ___       _ __   __ _ 
   \ \ / / |  __| __|  _   _ \ / _ \_____|  _ \ / _  |
    \ V /| | |  | |_| | | | | |  __/_____| | | | (_| |
     \_/ |_|_|   \__|_| |_| |_|\___|     |_| |_|\__  |
                                                |___/ 
   kernel version: 6.14.0-rc7-virtme x86_64
   (CTRL+d to exit)

root@virtme-ng:/nipa-data/kernel# PS1='xx__-> '
xx__-> env
PWD=/nipa-data/kernel
nr_open=1048576
HOME=/
TERM=xterm
SHLVL=2
XDG_RUNTIME_DIR=/run/user/0
PATH=/bin:/sbin:/usr/bin:/usr/sbin:/usr/local/bin
OLDPWD=/
_=/bin/env
xx__-> 