No EFI environment detected.
early console in extract_kernel
input_data: 0x0000000004c882c4
input_len: 0x0000000001974428
output: 0x0000000001000000
output_len: 0x0000000005586738
kernel_total_size: 0x0000000005230000
needed_size: 0x0000000005600000
trampoline_32bit: 0x0000000000000000
Physical KASLR using RDRAND RDTSC...
Virtual KASLR using RDRAND RDTSC...

Decompressing Linux... Parsing ELF... Performing relocations... done.
Booting the kernel (entry_offset: 0x0000000002bbcf80).
[    0.000000] Linux version 6.15.0-rc1-virtme (root@8db821412dd0) (gcc (Ubuntu 13.3.0-6ubuntu2~24.04) 13.3.0, GNU ld (GNU Binutils for Ubuntu) 2.42) #1 SMP PREEMPT_DYNAMIC Fri Apr 11 03:26:23 UTC 2025
[    0.000000] Command line: virtme_hostname=virtme-ng nr_open=1048576 virtme_link_mods=/nipa-data/kernel/.virtme_mods/lib/modules/0.0.0 virtme_initmount0=nipa-data/kernel virtme_rw_overlay0=/etc virtme_rw_overlay1=/lib virtme_rw_overlay2=/home virtme_rw_overlay3=/opt virtme_rw_overlay4=/srv virtme_rw_overlay5=/usr virtme_rw_overlay6=/var console=hvc0 earlyprintk=serial,ttyS0,115200 virtme_console=ttyS0 psmouse.proto=exps TERM=xterm virtme_chdir=nipa-data/kernel virtme_root_user=1 rootfstype=9p rootflags=version=9p2000.L,trans=virtio,access=any raid=noautodetect ro init=/usr/lib/python3/dist-packages/virtme/guest/virtme-init
[    0.000000] BIOS-provided physical RAM map:
[    0.000000] BIOS-e820: [mem 0x0000000000000000-0x000000000009fbff] usable
[    0.000000] BIOS-e820: [mem 0x000000000009fc00-0x000000000009ffff] reserved
[    0.000000] BIOS-e820: [mem 0x00000000000f0000-0x00000000000fffff] reserved
[    0.000000] BIOS-e820: [mem 0x0000000000100000-0x000000003ffdffff] usable
[    0.000000] BIOS-e820: [mem 0x000000003ffe0000-0x000000003fffffff] reserved
[    0.000000] BIOS-e820: [mem 0x00000000feffc000-0x00000000feffffff] reserved
[    0.000000] BIOS-e820: [mem 0x00000000fffc0000-0x00000000ffffffff] reserved
[    0.000000] BIOS-e820: [mem 0x000000fd00000000-0x000000ffffffffff] reserved
[    0.000000] printk: legacy bootconsole [earlyser0] enabled
[    0.000000] NX (Execute Disable) protection: active
[    0.000000] APIC: Static calls initialized
[    0.000000] SMBIOS 3.0.0 present.
[    0.000000] DMI: QEMU Ubuntu 24.04 PC (i440FX + PIIX, 1996), BIOS 1.16.3-debian-1.16.3-2 04/01/2014
[    0.000000] DMI: Memory slots populated: 1/1
[    0.000000] Hypervisor detected: KVM
[    0.000000] kvm-clock: Using msrs 4b564d01 and 4b564d00
[    0.000000] kvm-clock: using sched offset of 300610318 cycles
[    0.000371] clocksource: kvm-clock: mask: 0xffffffffffffffff max_cycles: 0x1cd42e4dffb, max_idle_ns: 881590591483 ns
[    0.001525] tsc: Detected 4491.524 MHz processor
[    0.002196] last_pfn = 0x3ffe0 max_arch_pfn = 0x400000000
[    0.002603] MTRR map: 4 entries (3 fixed + 1 variable; max 19), built from 8 variable MTRRs
[    0.003195] x86/PAT: Configuration [0-7]: WB  WC  UC- UC  WB  WP  UC- WT  
[    0.005133] found SMP MP-table at [mem 0x000f5470-0x000f547f]
[    0.005546] Using GB pages for direct mapping
[    0.006007] ACPI: Early table checksum verification disabled
[    0.006409] ACPI: RSDP 0x00000000000F5290 000014 (v00 BOCHS )
[    0.006818] ACPI: RSDT 0x000000003FFE27BC 000034 (v01 BOCHS  BXPC     00000001 BXPC 00000001)
[    0.007425] ACPI: FACP 0x000000003FFE2578 000074 (v01 BOCHS  BXPC     00000001 BXPC 00000001)
[    0.008033] ACPI: DSDT 0x000000003FFE0040 002538 (v01 BOCHS  BXPC     00000001 BXPC 00000001)
[    0.008638] ACPI: FACS 0x000000003FFE0000 000040
[    0.008967] ACPI: APIC 0x000000003FFE25EC 000170 (v03 BOCHS  BXPC     00000001 BXPC 00000001)
[    0.009578] ACPI: HPET 0x000000003FFE275C 000038 (v01 BOCHS  BXPC     00000001 BXPC 00000001)
[    0.010180] ACPI: WAET 0x000000003FFE2794 000028 (v01 BOCHS  BXPC     00000001 BXPC 00000001)
[    0.010782] ACPI: Reserving FACP table memory at [mem 0x3ffe2578-0x3ffe25eb]
[    0.011278] ACPI: Reserving DSDT table memory at [mem 0x3ffe0040-0x3ffe2577]
[    0.011774] ACPI: Reserving FACS table memory at [mem 0x3ffe0000-0x3ffe003f]
[    0.012271] ACPI: Reserving APIC table memory at [mem 0x3ffe25ec-0x3ffe275b]
[    0.012767] ACPI: Reserving HPET table memory at [mem 0x3ffe275c-0x3ffe2793]
[    0.013276] ACPI: Reserving WAET table memory at [mem 0x3ffe2794-0x3ffe27bb]
[    0.013966] No NUMA configuration found
[    0.014236] Faking a node at [mem 0x0000000000000000-0x000000003ffdffff]
[    0.014710] NODE_DATA(0) allocated [mem 0x3ffdb600-0x3ffdffff]
[    0.015137] Zone ranges:
[    0.015316]   DMA      [mem 0x0000000000001000-0x0000000000ffffff]
[    0.015753]   DMA32    [mem 0x0000000001000000-0x000000003ffdffff]
[    0.016189]   Normal   empty
[    0.016393]   Device   empty
[    0.016596] Movable zone start for each node
[    0.016896] Early memory node ranges
[    0.017151]   node   0: [mem 0x0000000000001000-0x000000000009efff]
[    0.017593]   node   0: [mem 0x0000000000100000-0x000000003ffdffff]
[    0.018035] Initmem setup node 0 [mem 0x0000000000001000-0x000000003ffdffff]
[    0.018536] On node 0, zone DMA: 1 pages in unavailable ranges
[    0.019002] On node 0, zone DMA: 97 pages in unavailable ranges
[    0.023577] On node 0, zone DMA32: 32 pages in unavailable ranges
[    0.032780] kasan: KernelAddressSanitizer initialized
[    0.033383] ACPI: PM-Timer IO Port: 0x608
[    0.033680] ACPI: LAPIC_NMI (acpi_id[0xff] dfl dfl lint[0x1])
[    0.034109] IOAPIC[0]: apic_id 0, version 17, address 0xfec00000, GSI 0-23
[    0.034597] ACPI: INT_SRC_OVR (bus 0 bus_irq 0 global_irq 2 dfl dfl)
[    0.035048] ACPI: INT_SRC_OVR (bus 0 bus_irq 5 global_irq 5 high level)
[    0.035517] ACPI: INT_SRC_OVR (bus 0 bus_irq 9 global_irq 9 high level)
[    0.035985] ACPI: INT_SRC_OVR (bus 0 bus_irq 10 global_irq 10 high level)
[    0.036466] ACPI: INT_SRC_OVR (bus 0 bus_irq 11 global_irq 11 high level)
[    0.036948] ACPI: Using ACPI (MADT) for SMP configuration information
[    0.037407] ACPI: HPET id: 0x8086a201 base: 0xfed00000
[    0.037773] TSC deadline timer available
[    0.038053] CPU topo: Max. logical packages:   1
[    0.038381] CPU topo: Max. logical dies:       1
[    0.038708] CPU topo: Max. dies per package:   1
[    0.039039] CPU topo: Max. threads per core:   1
[    0.039366] CPU topo: Num. cores per package:    32
[    0.039712] CPU topo: Num. threads per package:  32
[    0.040057] CPU topo: Allowing 32 present CPUs plus 0 hotplug CPUs
[    0.040510] kvm-guest: APIC: eoi() replaced with kvm_guest_apic_eoi_write()
[    0.041014] kvm-guest: KVM setup pv remote TLB flush
[    0.041370] kvm-guest: setup PV sched yield
[    0.041675] PM: hibernation: Registered nosave memory: [mem 0x00000000-0x00000fff]
[    0.042209] PM: hibernation: Registered nosave memory: [mem 0x0009f000-0x0009ffff]
[    0.042742] PM: hibernation: Registered nosave memory: [mem 0x000a0000-0x000effff]
[    0.043275] PM: hibernation: Registered nosave memory: [mem 0x000f0000-0x000fffff]
[    0.043809] [mem 0x40000000-0xfeffbfff] available for PCI devices
[    0.044239] Booting paravirtualized kernel on KVM
[    0.044572] clocksource: refined-jiffies: mask: 0xffffffff max_cycles: 0xffffffff, max_idle_ns: 1910969940391419 ns
[    0.053339] setup_percpu: NR_CPUS:64 nr_cpumask_bits:32 nr_cpu_ids:32 nr_node_ids:1
[    0.055144] percpu: Embedded 65 pages/cpu s228056 r8192 d29992 u524288
[    0.055678] Kernel command line: virtme_hostname=virtme-ng nr_open=1048576 virtme_link_mods=/nipa-data/kernel/.virtme_mods/lib/modules/0.0.0 virtme_initmount0=nipa-data/kernel virtme_rw_overlay0=/etc virtme_rw_overlay1=/lib virtme_rw_overlay2=/home virtme_rw_overlay3=/opt virtme_rw_overlay4=/srv virtme_rw_overlay5=/usr virtme_rw_overlay6=/var console=hvc0 earlyprintk=serial,ttyS0,115200 virtme_console=ttyS0 psmouse.proto=exps TERM=xterm virtme_chdir=nipa-data/kernel virtme_root_user=1 rootfstype=9p rootflags=version=9p2000.L,trans=virtio,access=any raid=noautodetect ro init=/usr/lib/python3/dist-packages/virtme/guest/virtme-init
[    0.059853] Unknown kernel command line parameters "virtme_hostname=virtme-ng nr_open=1048576 virtme_link_mods=/nipa-data/kernel/.virtme_mods/lib/modules/0.0.0 virtme_initmount0=nipa-data/kernel virtme_rw_overlay0=/etc virtme_rw_overlay1=/lib virtme_rw_overlay2=/home virtme_rw_overlay3=/opt virtme_rw_overlay4=/srv virtme_rw_overlay5=/usr virtme_rw_overlay6=/var virtme_console=ttyS0 virtme_chdir=nipa-data/kernel virtme_root_user=1", will be passed to user space.
[    0.063020] random: crng init done
[    0.063268] printk: log buffer data + meta data: 262144 + 917504 = 1179648 bytes
[    0.063827] Dentry cache hash table entries: 131072 (order: 8, 1048576 bytes, linear)
[    0.064409] Inode-cache hash table entries: 65536 (order: 7, 524288 bytes, linear)
[    0.065364] Fallback order for Node 0: 0 
[    0.065368] Built 1 zonelists, mobility grouping on.  Total pages: 262014
[    0.066150] Policy zone: DMA32
[    0.066371] mem auto-init: stack:all(zero), heap alloc:off, heap free:off
[    0.066869] stackdepot: allocating hash table via alloc_large_system_hash
[    0.067363] stackdepot hash table entries: 1048576 (order: 12, 16777216 bytes, linear)
[    0.075491] SLUB: HWalign=64, Order=0-3, MinObjects=0, CPUs=32, Nodes=1
Poking KASLR using RDRAND RDTSC...
[    0.084954] ftrace: allocating 48913 entries in 192 pages
[    0.085350] ftrace: allocated 192 pages with 2 groups
[    0.086590] Dynamic Preempt: voluntary
[    0.087333] rcu: Preemptible hierarchical RCU implementation.
[    0.087749] rcu: RCU event tracing is enabled.
[    0.088076] rcu: RCU restricting CPUs from NR_CPUS=64 to nr_cpu_ids=32.
[    0.088564] Trampoline variant of Tasks RCU enabled.
[    0.088929] Rude variant of Tasks RCU enabled.
[    0.089260] Tracing variant of Tasks RCU enabled.
[    0.089606] rcu: RCU calculated value of scheduler-enlistment delay is 100 jiffies.
[    0.090162] rcu: Adjusting geometry for rcu_fanout_leaf=16, nr_cpu_ids=32
[    0.090724] RCU Tasks: Setting shift to 5 and lim to 1 rcu_task_cb_adjust=1 rcu_task_cpu_ids=32.
[    0.091364] RCU Tasks Rude: Setting shift to 5 and lim to 1 rcu_task_cb_adjust=1 rcu_task_cpu_ids=32.
[    0.092035] RCU Tasks Trace: Setting shift to 5 and lim to 1 rcu_task_cb_adjust=1 rcu_task_cpu_ids=32.
[    0.102240] NR_IRQS: 4352, nr_irqs: 680, preallocated irqs: 16
[    0.102912] rcu: srcu_init: Setting srcu_struct sizes based on contention.
[    0.103805] Console: colour *CGA 80x25
[    0.104104] ACPI: Core revision 20240827
[    0.104542] clocksource: hpet: mask: 0xffffffff max_cycles: 0xffffffff, max_idle_ns: 19112604467 ns
[    0.105263] APIC: Switch to symmetric I/O mode setup
[    0.105759] x2apic enabled
[    0.106140] APIC: Switched APIC routing to: physical x2apic
[    0.106552] kvm-guest: APIC: send_IPI_mask() replaced with kvm_send_ipi_mask()
[    0.107075] kvm-guest: APIC: send_IPI_mask_allbutself() replaced with kvm_send_ipi_mask_allbutself()
[    0.107716] kvm-guest: setup PV IPIs
[    0.108807] ..TIMER: vector=0x30 apic1=0 pin1=2 apic2=-1 pin2=-1
[    0.109612] clocksource: tsc-early: mask: 0xffffffffffffffff max_cycles: 0x40be215b5d9, max_idle_ns: 440795359804 ns
[    0.110960] Calibrating delay loop (skipped) preset value.. 8983.04 BogoMIPS (lpj=4491524)
[    0.112025] x86/cpu: User Mode Instruction Prevention (UMIP) activated
[    0.113017] Last level iTLB entries: 4KB 512, 2MB 255, 4MB 127
[    0.113958] Last level dTLB entries: 4KB 512, 2MB 255, 4MB 127, 1GB 0
[    0.114963] Spectre V1 : Mitigation: usercopy/swapgs barriers and __user pointer sanitization
[    0.115962] Spectre V2 : Mitigation: Enhanced / Automatic IBRS
[    0.116958] Spectre V2 : Spectre v2 / SpectreRSB mitigation: Filling RSB on context switch
[    0.117961] Spectre V2 : mitigation: Enabling conditional Indirect Branch Prediction Barrier
[    0.118960] Speculative Store Bypass: Mitigation: Speculative Store Bypass disabled via prctl
[    0.119959] Speculative Return Stack Overflow: IBPB-extending microcode not applied!
[    0.120958] Speculative Return Stack Overflow: WARNING: See https://kernel.org/doc/html/latest/admin-guide/hw-vuln/srso.html for mitigation options.
[    0.120960] Speculative Return Stack Overflow: Vulnerable: Safe RET, no microcode
[    0.122973] x86/fpu: Supporting XSAVE feature 0x001: 'x87 floating point registers'
[    0.123958] x86/fpu: Supporting XSAVE feature 0x002: 'SSE registers'
[    0.124741] x86/fpu: Supporting XSAVE feature 0x004: 'AVX registers'
[    0.124958] x86/fpu: Supporting XSAVE feature 0x020: 'AVX-512 opmask'
[    0.125958] x86/fpu: Supporting XSAVE feature 0x040: 'AVX-512 Hi256'
[    0.126958] x86/fpu: Supporting XSAVE feature 0x080: 'AVX-512 ZMM_Hi256'
[    0.127958] x86/fpu: Supporting XSAVE feature 0x200: 'Protection Keys User registers'
[    0.128959] x86/fpu: xstate_offset[2]:  576, xstate_sizes[2]:  256
[    0.129719] x86/fpu: xstate_offset[5]:  832, xstate_sizes[5]:   64
[    0.129958] x86/fpu: xstate_offset[6]:  896, xstate_sizes[6]:  512
[    0.130958] x86/fpu: xstate_offset[7]: 1408, xstate_sizes[7]: 1024
[    0.131958] x86/fpu: xstate_offset[9]: 2432, xstate_sizes[9]:    8
[    0.132721] x86/fpu: Enabled xstate features 0x2e7, context size is 2440 bytes, using 'compacted' format.
[    0.153832] Freeing SMP alternatives memory: 40K
[    0.153960] pid_max: default: 32768 minimum: 301
[    0.155082] Mount-cache hash table entries: 2048 (order: 2, 16384 bytes, linear)
[    0.155960] Mountpoint-cache hash table entries: 2048 (order: 2, 16384 bytes, linear)
[    0.157625] smpboot: CPU0: AMD Ryzen 9 7950X 16-Core Processor (family: 0x19, model: 0x61, stepping: 0x2)
[    0.158411] Performance Events: Fam17h+ core perfctr, AMD PMU driver.
[    0.158962] ... version:                0
[    0.159456] ... bit width:              48
[    0.159958] ... generic registers:      6
[    0.159960] ... value mask:             0000ffffffffffff
[    0.160615] ... max period:             00007fffffffffff
[    0.160960] ... fixed-purpose events:   0
[    0.161454] ... event mask:             000000000000003f
[    0.162111] signal: max sigframe size: 3376
[    0.162673] rcu: Hierarchical SRCU implementation.
[    0.162961] rcu: Max phase no-delay instances is 400.
[    0.163681] Timer migration: 2 hierarchy levels; 8 children per group; 2 crossnode level
[    0.167885] smp: Bringing up secondary CPUs ...
[    0.168163] smpboot: x86: Booting SMP configuration:
[    0.168776] .... node  #0, CPUs:        #1  #2  #3  #4  #5  #6  #7  #8  #9 #10 #11 #12 #13 #14 #15 #16 #17 #18 #19 #20 #21 #22 #23 #24 #25 #26 #27 #28 #29 #30 #31
[    0.201964] smp: Brought up 1 node, 32 CPUs
[    0.203485] smpboot: Total of 32 processors activated (287457.53 BogoMIPS)
[    0.207168] Memory: 761348K/1048056K available (44788K kernel code, 11591K rwdata, 10268K rodata, 6148K init, 1328K bss, 270672K reserved, 0K cma-reserved)
[    0.208085] devtmpfs: initialized
[    0.208992] x86/mm: Memory block size: 128MB
[    0.216048] clocksource: jiffies: mask: 0xffffffff max_cycles: 0xffffffff, max_idle_ns: 1911260446275000 ns
[    0.216964] posixtimers hash table entries: 16384 (order: 6, 262144 bytes, linear)
[    0.217935] futex hash table entries: 8192 (order: 7, 524288 bytes, linear)
[    0.218343] PM: RTC time: 03:26:45, date: 2025-04-11
[    0.219788] NET: Registered PF_NETLINK/PF_ROUTE protocol family
[    0.220852] thermal_sys: Registered thermal governor 'step_wise'
[    0.220882] cpuidle: using governor menu
[    0.222969] PCI: Using configuration type 1 for base access
[    0.223670] PCI: Using configuration type 1 for extended access
[    0.224099] kprobes: kprobe jump-optimization is enabled. All kprobes are optimized if possible.
[    0.237155] HugeTLB: allocation took 0ms with hugepage_allocation_threads=8
[    0.237994] HugeTLB: registered 1.00 GiB page size, pre-allocated 0 pages
[    0.238846] HugeTLB: 16380 KiB vmemmap can be freed for a 1.00 GiB page
[    0.239961] HugeTLB: registered 2.00 MiB page size, pre-allocated 0 pages
[    0.240816] HugeTLB: 28 KiB vmemmap can be freed for a 2.00 MiB page
[    0.242323] ACPI: Added _OSI(Module Device)
[    0.242323] ACPI: Added _OSI(Processor Device)
[    0.242523] ACPI: Added _OSI(3.0 _SCP Extensions)
[    0.243960] ACPI: Added _OSI(Processor Aggregator Device)
[    0.269978] ACPI: 1 ACPI AML tables successfully acquired and loaded
[    0.275068] ACPI: Interpreter enabled
[    0.275597] ACPI: PM: (supports S0 S3 S4 S5)
[    0.275961] ACPI: Using IOAPIC for interrupt routing
[    0.276639] PCI: Using host bridge windows from ACPI; if necessary, use "pci=nocrs" and report a bug
[    0.277960] PCI: Using E820 reservations for host bridge windows
[    0.279867] ACPI: Enabled 2 GPEs in block 00 to 0F
[    0.330599] ACPI: PCI Root Bridge [PCI0] (domain 0000 [bus 00-ff])
[    0.331975] acpi PNP0A03:00: _OSC: OS supports [ExtendedConfig ASPM ClockPM Segments MSI HPX-Type3]
[    0.333486] PCI host bridge to bus 0000:00
[    0.334018] pci_bus 0000:00: root bus resource [io  0x0000-0x0cf7 window]
[    0.334867] pci_bus 0000:00: root bus resource [io  0x0d00-0xffff window]
[    0.335963] pci_bus 0000:00: root bus resource [mem 0x000a0000-0x000bffff window]
[    0.336903] pci_bus 0000:00: root bus resource [mem 0x40000000-0xfebfffff window]
[    0.336963] pci_bus 0000:00: root bus resource [mem 0x100000000-0x17fffffff window]
[    0.337920] pci_bus 0000:00: root bus resource [bus 00-ff]
[    0.339057] pci 0000:00:00.0: [8086:1237] type 00 class 0x060000 conventional PCI endpoint
[    0.340900] pci 0000:00:01.0: [8086:7000] type 00 class 0x060100 conventional PCI endpoint
[    0.342875] pci 0000:00:01.1: [8086:7010] type 00 class 0x010180 conventional PCI endpoint
[    0.344428] pci 0000:00:01.1: BAR 4 [io  0xc0c0-0xc0cf]
[    0.344979] pci 0000:00:01.1: BAR 0 [io  0x01f0-0x01f7]: legacy IDE quirk
[    0.345825] pci 0000:00:01.1: BAR 1 [io  0x03f6]: legacy IDE quirk
[    0.346960] pci 0000:00:01.1: BAR 2 [io  0x0170-0x0177]: legacy IDE quirk
[    0.347804] pci 0000:00:01.1: BAR 3 [io  0x0376]: legacy IDE quirk
[    0.349690] pci 0000:00:01.3: [8086:7113] type 00 class 0x068000 conventional PCI endpoint
[    0.350181] pci 0000:00:01.3: quirk: [io  0x0600-0x063f] claimed by PIIX4 ACPI
[    0.350964] pci 0000:00:01.3: quirk: [io  0x0700-0x070f] claimed by PIIX4 SMB
[    0.352644] pci 0000:00:02.0: [1af4:1009] type 00 class 0x000200 conventional PCI endpoint
[    0.354965] pci 0000:00:02.0: BAR 0 [io  0xc000-0xc03f]
[    0.355626] pci 0000:00:02.0: BAR 1 [mem 0xfebfc000-0xfebfcfff]
[    0.356975] pci 0000:00:02.0: BAR 4 [mem 0xfebf0000-0xfebf3fff 64bit pref]
[    0.370164] pci 0000:00:03.0: [1af4:1009] type 00 class 0x000200 conventional PCI endpoint
[    0.371965] pci 0000:00:03.0: BAR 0 [io  0xc040-0xc07f]
[    0.372629] pci 0000:00:03.0: BAR 1 [mem 0xfebfd000-0xfebfdfff]
[    0.372975] pci 0000:00:03.0: BAR 4 [mem 0xfebf4000-0xfebf7fff 64bit pref]
[    0.386128] pci 0000:00:04.0: [8086:25ab] type 00 class 0x088000 conventional PCI endpoint
[    0.388347] pci 0000:00:04.0: BAR 0 [mem 0xfebfe000-0xfebfe00f]
[    0.401075] pci 0000:00:05.0: [1af4:1003] type 00 class 0x078000 conventional PCI endpoint
[    0.402747] pci 0000:00:05.0: BAR 0 [io  0xc080-0xc0bf]
[    0.402965] pci 0000:00:05.0: BAR 1 [mem 0xfebff000-0xfebfffff]
[    0.403723] pci 0000:00:05.0: BAR 4 [mem 0xfebf8000-0xfebfbfff 64bit pref]
[    0.419687] ACPI: PCI: Interrupt link LNKA configured for IRQ 10
[    0.420965] ACPI: PCI: Interrupt link LNKB configured for IRQ 10
[    0.422709] ACPI: PCI: Interrupt link LNKC configured for IRQ 11
[    0.424954] ACPI: PCI: Interrupt link LNKD configured for IRQ 11
[    0.426371] ACPI: PCI: Interrupt link LNKS configured for IRQ 9
[    0.446670] iommu: Default domain type: Translated
[    0.446961] iommu: DMA domain TLB invalidation policy: lazy mode
[    0.448199] SCSI subsystem initialized
[    0.449049] pps_core: LinuxPPS API ver. 1 registered
[    0.449677] pps_core: Software ver. 5.3.6 - Copyright 2005-2007 Rodolfo Giometti <giometti@linux.it>
[    0.450975] PTP clock support registered
[    0.452087] Advanced Linux Sound Architecture Driver Initialized.
[    0.454152] NET: Registered PF_ATMPVC protocol family
[    0.454790] NET: Registered PF_ATMSVC protocol family
[    0.454999] PCI: Using ACPI for IRQ routing
[    0.455994] vgaarb: loaded
[    0.456085] hpet0: at MMIO 0xfed00000, IRQs 2, 8, 0
[    0.456702] hpet0: 3 comparators, 64-bit 100.000000 MHz counter
[    0.461259] clocksource: Switched to clocksource kvm-clock
[    0.462426] VFS: Disk quotas dquot_6.6.0
[    0.462939] VFS: Dquot-cache hash table entries: 512 (order 0, 4096 bytes)
[    0.465225] pnp: PnP ACPI init
[    0.468198] pnp: PnP ACPI: found 5 devices
[    0.479952] clocksource: acpi_pm: mask: 0xffffff max_cycles: 0xffffff, max_idle_ns: 2085701024 ns
[    0.481119] NET: Registered PF_INET protocol family
[    0.481858] IP idents hash table entries: 16384 (order: 5, 131072 bytes, linear)
[    0.483165] tcp_listen_portaddr_hash hash table entries: 512 (order: 1, 8192 bytes, linear)
[    0.484220] Table-perturb hash table entries: 65536 (order: 6, 262144 bytes, linear)
[    0.485203] TCP established hash table entries: 8192 (order: 4, 65536 bytes, linear)
[    0.486174] TCP bind hash table entries: 8192 (order: 6, 262144 bytes, linear)
[    0.487083] TCP: Hash tables configured (established 8192 bind 8192)
[    0.488045] UDP hash table entries: 512 (order: 3, 32768 bytes, linear)
[    0.488881] UDP-Lite hash table entries: 512 (order: 3, 32768 bytes, linear)
[    0.489978] NET: Registered PF_UNIX/PF_LOCAL protocol family
[    0.490707] pci_bus 0000:00: resource 4 [io  0x0000-0x0cf7 window]
[    0.491474] pci_bus 0000:00: resource 5 [io  0x0d00-0xffff window]
[    0.492265] pci_bus 0000:00: resource 6 [mem 0x000a0000-0x000bffff window]
[    0.493121] pci_bus 0000:00: resource 7 [mem 0x40000000-0xfebfffff window]
[    0.493978] pci_bus 0000:00: resource 8 [mem 0x100000000-0x17fffffff window]
[    0.495063] pci 0000:00:01.0: PIIX3: Enabling Passive Release
[    0.495783] pci 0000:00:00.0: Limiting direct PCI/PCI transfers
[    0.496563] PCI: CLS 0 bytes, default 64
[    0.497165] kvm_intel: VMX not supported by CPU 0
[    0.497908] kvm_amd: TSC scaling supported
[    0.498417] kvm_amd: Nested Virtualization enabled
[    0.499016] kvm_amd: Nested Paging enabled
[    0.499526] kvm_amd: LBR virtualization supported
[    0.500128] kvm_amd: Virtual GIF supported
[    0.500640] kvm_amd: Virtual NMI enabled
[    0.535747] clocksource: tsc: mask: 0xffffffffffffffff max_cycles: 0x40be215b5d9, max_idle_ns: 440795359804 ns
[    0.555498] Initialise system trusted keyrings
[    0.556253] workingset: timestamp_bits=56 max_order=18 bucket_order=0
[    0.557182] squashfs: version 4.0 (2009/01/31) Phillip Lougher
[    0.557940] fuse: init (API version 7.43)
[    0.558601] 9p: Installing v9fs 9p2000 file system support
[    0.568556] Key type asymmetric registered
[    0.569076] Asymmetric key parser 'x509' registered
[    0.569762] Block layer SCSI generic (bsg) driver version 0.4 loaded (major 249)
[    0.570728] io scheduler mq-deadline registered
[    0.571293] io scheduler kyber registered
[    0.573737] input: Power Button as /devices/LNXSYSTM:00/LNXPWRBN:00/input/input0
[    0.574876] ACPI: button: Power Button [PWRF]
[    0.576831] Warning: Processor Platform Limit event detected, but not handled.
[    0.577742] Consider compiling CPUfreq support into your kernel.
[    1.486816] ACPI: \_SB_.LNKB: Enabled at IRQ 10
[    2.391075] ACPI: \_SB_.LNKC: Enabled at IRQ 11
[    3.295003] ACPI: \_SB_.LNKA: Enabled at IRQ 10
[    3.296375] Serial: 8250/16550 driver, 4 ports, IRQ sharing enabled
[    3.297503] 00:03: ttyS0 at I/O 0x3f8 (irq = 4, base_baud = 115200) is a 16550A
[    3.322481] Non-volatile memory driver v1.3
[    3.323036] Linux agpgart interface v0.103
[    3.323725] ACPI: bus type drm_connector registered
[    3.324351] printk: legacy console [hvc0] enabled
[    3.324952] printk: legacy bootconsole [earlyser0] disabled
          _      _                                    
   __   _(_)_ __| |_ _ __ ___   ___       _ __   __ _ 
   \ \ / / |  __| __|  _   _ \ / _ \_____|  _ \ / _  |
    \ V /| | |  | |_| | | | | |  __/_____| | | | (_| |
     \_/ |_|_|   \__|_| |_| |_|\___|     |_| |_|\__  |
                                                |___/ 
   kernel version: 6.15.0-rc1-virtme x86_64
   (CTRL+d to exit)

root@virtme-ng:/nipa-data/kernel# PS1='xx__-> '
xx__-> env
PWD=/nipa-data/kernel
nr_open=1048576
HOME=/
TERM=xterm
SHLVL=2
XDG_RUNTIME_DIR=/run/user/0
PATH=/bin:/sbin:/usr/bin:/usr/sbin:/usr/local/bin
OLDPWD=/
_=/bin/env
xx__-> 