No EFI environment detected.
early console in extract_kernel
input_data: 0x0000000002be52c4
input_len: 0x0000000000b6b1a4
output: 0x0000000001000000
output_len: 0x0000000002708ad4
kernel_total_size: 0x0000000002430000
needed_size: 0x0000000002800000
trampoline_32bit: 0x0000000000000000
Physical KASLR using RDRAND RDTSC...
Virtual KASLR using RDRAND RDTSC...

Decompressing Linux... Parsing ELF... Performing relocations... done.
Booting the kernel (entry_offset: 0x0000000000000000).
[    0.000000] Linux version 6.12.0-rc1-virtme (root@50ec62669d88) (gcc (Ubuntu 13.2.0-23ubuntu4) 13.2.0, GNU ld (GNU Binutils for Ubuntu) 2.42) #1 SMP PREEMPT_DYNAMIC Tue Oct  8 21:24:06 UTC 2024
[    0.000000] Command line: virtme_hostname=virtme-ng nr_open=1048576 virtme_link_mods=/nipa-data/kernel/.virtme_mods/lib/modules/0.0.0 virtme_initmount0=nipa-data/kernel virtme_rw_overlay0=/etc virtme_rw_overlay1=/lib virtme_rw_overlay2=/home virtme_rw_overlay3=/opt virtme_rw_overlay4=/srv virtme_rw_overlay5=/usr virtme_rw_overlay6=/var console=hvc0 earlyprintk=serial,ttyS0,115200 virtme_console=ttyS0 psmouse.proto=exps TERM=xterm virtme_chdir=nipa-data/kernel virtme_root_user=1 rootfstype=9p rootflags=version=9p2000.L,trans=virtio,access=any raid=noautodetect ro init=/usr/lib/python3/dist-packages/virtme/guest/virtme-init
[    0.000000] BIOS-provided physical RAM map:
[    0.000000] BIOS-e820: [mem 0x0000000000000000-0x000000000009fbff] usable
[    0.000000] BIOS-e820: [mem 0x000000000009fc00-0x000000000009ffff] reserved
[    0.000000] BIOS-e820: [mem 0x00000000000f0000-0x00000000000fffff] reserved
[    0.000000] BIOS-e820: [mem 0x0000000000100000-0x000000003ffdffff] usable
[    0.000000] BIOS-e820: [mem 0x000000003ffe0000-0x000000003fffffff] reserved
[    0.000000] BIOS-e820: [mem 0x00000000feffc000-0x00000000feffffff] reserved
[    0.000000] BIOS-e820: [mem 0x00000000fffc0000-0x00000000ffffffff] reserved
[    0.000000] BIOS-e820: [mem 0x000000fd00000000-0x000000ffffffffff] reserved
[    0.000000] printk: legacy bootconsole [earlyser0] enabled
[    0.000000] NX (Execute Disable) protection: active
[    0.000000] APIC: Static calls initialized
[    0.000000] SMBIOS 3.0.0 present.
[    0.000000] DMI: QEMU Ubuntu 24.04 PC (i440FX + PIIX, 1996), BIOS 1.16.3-debian-1.16.3-2 04/01/2014
[    0.000000] DMI: Memory slots populated: 1/1
[    0.000000] Hypervisor detected: KVM
[    0.000000] kvm-clock: Using msrs 4b564d01 and 4b564d00
[    0.000000] kvm-clock: using sched offset of 196368654 cycles
[    0.000350] clocksource: kvm-clock: mask: 0xffffffffffffffff max_cycles: 0x1cd42e4dffb, max_idle_ns: 881590591483 ns
[    0.001455] tsc: Detected 4491.560 MHz processor
[    0.002023] last_pfn = 0x3ffe0 max_arch_pfn = 0x400000000
[    0.002408] MTRR map: 4 entries (3 fixed + 1 variable; max 19), built from 8 variable MTRRs
[    0.002968] x86/PAT: Configuration [0-7]: WB  WC  UC- UC  WB  WP  UC- WT  
Memory KASLR using RDRAND RDTSC...
[    0.004904] found SMP MP-table at [mem 0x000f5470-0x000f547f]
[    0.005295] Using GB pages for direct mapping
[    0.005638] ACPI: Early table checksum verification disabled
[    0.006017] ACPI: RSDP 0x00000000000F5290 000014 (v00 BOCHS )
[    0.006403] ACPI: RSDT 0x000000003FFE27BC 000034 (v01 BOCHS  BXPC     00000001 BXPC 00000001)
[    0.006974] ACPI: FACP 0x000000003FFE2578 000074 (v01 BOCHS  BXPC     00000001 BXPC 00000001)
[    0.007544] ACPI: DSDT 0x000000003FFE0040 002538 (v01 BOCHS  BXPC     00000001 BXPC 00000001)
[    0.008114] ACPI: FACS 0x000000003FFE0000 000040
[    0.008422] ACPI: APIC 0x000000003FFE25EC 000170 (v03 BOCHS  BXPC     00000001 BXPC 00000001)
[    0.008991] ACPI: HPET 0x000000003FFE275C 000038 (v01 BOCHS  BXPC     00000001 BXPC 00000001)
[    0.009563] ACPI: WAET 0x000000003FFE2794 000028 (v01 BOCHS  BXPC     00000001 BXPC 00000001)
[    0.010132] ACPI: Reserving FACP table memory at [mem 0x3ffe2578-0x3ffe25eb]
[    0.010601] ACPI: Reserving DSDT table memory at [mem 0x3ffe0040-0x3ffe2577]
[    0.011071] ACPI: Reserving FACS table memory at [mem 0x3ffe0000-0x3ffe003f]
[    0.011540] ACPI: Reserving APIC table memory at [mem 0x3ffe25ec-0x3ffe275b]
[    0.012009] ACPI: Reserving HPET table memory at [mem 0x3ffe275c-0x3ffe2793]
[    0.012478] ACPI: Reserving WAET table memory at [mem 0x3ffe2794-0x3ffe27bb]
[    0.013076] No NUMA configuration found
[    0.013335] Faking a node at [mem 0x0000000000000000-0x000000003ffdffff]
[    0.013783] NODE_DATA(0) allocated [mem 0x3ffdb780-0x3ffdffff]
[    0.014181] Zone ranges:
[    0.014350]   DMA      [mem 0x0000000000001000-0x0000000000ffffff]
[    0.014763]   DMA32    [mem 0x0000000001000000-0x000000003ffdffff]
[    0.015176]   Normal   empty
[    0.015368]   Device   empty
[    0.015560] Movable zone start for each node
[    0.015845] Early memory node ranges
[    0.016084]   node   0: [mem 0x0000000000001000-0x000000000009efff]
[    0.016502]   node   0: [mem 0x0000000000100000-0x000000003ffdffff]
[    0.016921] Initmem setup node 0 [mem 0x0000000000001000-0x000000003ffdffff]
[    0.017401] On node 0, zone DMA: 1 pages in unavailable ranges
[    0.017800] On node 0, zone DMA: 97 pages in unavailable ranges
[    0.019150] On node 0, zone DMA32: 32 pages in unavailable ranges
[    0.019746] ACPI: PM-Timer IO Port: 0x608
[    0.020019] ACPI: LAPIC_NMI (acpi_id[0xff] dfl dfl lint[0x1])
[    0.020419] IOAPIC[0]: apic_id 0, version 17, address 0xfec00000, GSI 0-23
[    0.020884] ACPI: INT_SRC_OVR (bus 0 bus_irq 0 global_irq 2 dfl dfl)
[    0.021311] ACPI: INT_SRC_OVR (bus 0 bus_irq 5 global_irq 5 high level)
[    0.021752] ACPI: INT_SRC_OVR (bus 0 bus_irq 9 global_irq 9 high level)
[    0.022194] ACPI: INT_SRC_OVR (bus 0 bus_irq 10 global_irq 10 high level)
[    0.022647] ACPI: INT_SRC_OVR (bus 0 bus_irq 11 global_irq 11 high level)
[    0.023101] ACPI: Using ACPI (MADT) for SMP configuration information
[    0.023532] ACPI: HPET id: 0x8086a201 base: 0xfed00000
[    0.023877] TSC deadline timer available
[    0.024141] CPU topo: Max. logical packages:   1
[    0.024449] CPU topo: Max. logical dies:       1
[    0.024758] CPU topo: Max. dies per package:   1
[    0.025068] CPU topo: Max. threads per core:   1
[    0.025379] CPU topo: Num. cores per package:    32
[    0.025704] CPU topo: Num. threads per package:  32
[    0.026030] CPU topo: Allowing 32 present CPUs plus 0 hotplug CPUs
[    0.026449] kvm-guest: APIC: eoi() replaced with kvm_guest_apic_eoi_write()
[    0.026922] kvm-guest: KVM setup pv remote TLB flush
[    0.027256] kvm-guest: setup PV sched yield
[    0.027538] PM: hibernation: Registered nosave memory: [mem 0x00000000-0x00000fff]
[    0.028044] PM: hibernation: Registered nosave memory: [mem 0x0009f000-0x0009ffff]
[    0.028549] PM: hibernation: Registered nosave memory: [mem 0x000a0000-0x000effff]
[    0.029053] PM: hibernation: Registered nosave memory: [mem 0x000f0000-0x000fffff]
[    0.029560] [mem 0x40000000-0xfeffbfff] available for PCI devices
[    0.029966] Booting paravirtualized kernel on KVM
[    0.030280] clocksource: refined-jiffies: mask: 0xffffffff max_cycles: 0xffffffff, max_idle_ns: 1910969940391419 ns
[    0.033743] setup_percpu: NR_CPUS:64 nr_cpumask_bits:32 nr_cpu_ids:32 nr_node_ids:1
[    0.034837] percpu: Embedded 58 pages/cpu s199128 r8192 d30248 u262144
[    0.035302] Kernel command line: virtme_hostname=virtme-ng nr_open=1048576 virtme_link_mods=/nipa-data/kernel/.virtme_mods/lib/modules/0.0.0 virtme_initmount0=nipa-data/kernel virtme_rw_overlay0=/etc virtme_rw_overlay1=/lib virtme_rw_overlay2=/home virtme_rw_overlay3=/opt virtme_rw_overlay4=/srv virtme_rw_overlay5=/usr virtme_rw_overlay6=/var console=hvc0 earlyprintk=serial,ttyS0,115200 virtme_console=ttyS0 psmouse.proto=exps TERM=xterm virtme_chdir=nipa-data/kernel virtme_root_user=1 rootfstype=9p rootflags=version=9p2000.L,trans=virtio,access=any raid=noautodetect ro init=/usr/lib/python3/dist-packages/virtme/guest/virtme-init
[    0.039176] Unknown kernel command line parameters "virtme_hostname=virtme-ng nr_open=1048576 virtme_link_mods=/nipa-data/kernel/.virtme_mods/lib/modules/0.0.0 virtme_initmount0=nipa-data/kernel virtme_rw_overlay0=/etc virtme_rw_overlay1=/lib virtme_rw_overlay2=/home virtme_rw_overlay3=/opt virtme_rw_overlay4=/srv virtme_rw_overlay5=/usr virtme_rw_overlay6=/var virtme_console=ttyS0 virtme_chdir=nipa-data/kernel virtme_root_user=1", will be passed to user space.
[    0.042162] random: crng init done
[    0.042421] Dentry cache hash table entries: 131072 (order: 8, 1048576 bytes, linear)
[    0.042974] Inode-cache hash table entries: 65536 (order: 7, 524288 bytes, linear)
[    0.043574] Fallback order for Node 0: 0 
[    0.043577] Built 1 zonelists, mobility grouping on.  Total pages: 262014
[    0.044317] Policy zone: DMA32
[    0.044525] mem auto-init: stack:all(zero), heap alloc:off, heap free:off
[    0.045537] SLUB: HWalign=64, Order=0-3, MinObjects=0, CPUs=32, Nodes=1
Poking KASLR using RDRAND RDTSC...
[    0.046221] ftrace: allocating 48424 entries in 190 pages
[    0.053073] ftrace: allocated 190 pages with 6 groups
[    0.053963] Dynamic Preempt: voluntary
[    0.054342] rcu: Preemptible hierarchical RCU implementation.
[    0.054733] rcu: RCU event tracing is enabled.
[    0.055040] rcu: RCU restricting CPUs from NR_CPUS=64 to nr_cpu_ids=32.
[    0.055494] Trampoline variant of Tasks RCU enabled.
[    0.055841] Rude variant of Tasks RCU enabled.
[    0.056149] Tracing variant of Tasks RCU enabled.
[    0.056475] rcu: RCU calculated value of scheduler-enlistment delay is 100 jiffies.
[    0.056996] rcu: Adjusting geometry for rcu_fanout_leaf=16, nr_cpu_ids=32
[    0.057469] RCU Tasks: Setting shift to 5 and lim to 1 rcu_task_cb_adjust=1 rcu_task_cpu_ids=32.
[    0.058069] RCU Tasks Rude: Setting shift to 5 and lim to 1 rcu_task_cb_adjust=1 rcu_task_cpu_ids=32.
[    0.058698] RCU Tasks Trace: Setting shift to 5 and lim to 1 rcu_task_cb_adjust=1 rcu_task_cpu_ids=32.
[    0.060714] NR_IRQS: 4352, nr_irqs: 680, preallocated irqs: 16
[    0.061276] rcu: srcu_init: Setting srcu_struct sizes based on contention.
[    0.061878] Console: colour *CGA 80x25
[    0.062139] ACPI: Core revision 20240827
[    0.062469] clocksource: hpet: mask: 0xffffffff max_cycles: 0xffffffff, max_idle_ns: 19112604467 ns
[    0.063140] APIC: Switch to symmetric I/O mode setup
[    0.063501] kvm-guest: APIC: send_IPI_mask() replaced with kvm_send_ipi_mask()
[    0.063992] kvm-guest: APIC: send_IPI_mask_allbutself() replaced with kvm_send_ipi_mask_allbutself()
[    0.064595] kvm-guest: setup PV IPIs
[    0.065587] ..TIMER: vector=0x30 apic1=0 pin1=2 apic2=-1 pin2=-1
[    0.066348] clocksource: tsc-early: mask: 0xffffffffffffffff max_cycles: 0x40be4320a4d, max_idle_ns: 440795288133 ns
[    0.067651] Calibrating delay loop (skipped) preset value.. 8983.12 BogoMIPS (lpj=4491560)
[    0.068709] x86/cpu: User Mode Instruction Prevention (UMIP) activated
[    0.069697] Last level iTLB entries: 4KB 512, 2MB 255, 4MB 127
[    0.070650] Last level dTLB entries: 4KB 512, 2MB 255, 4MB 127, 1GB 0
[    0.071437] Spectre V1 : Mitigation: usercopy/swapgs barriers and __user pointer sanitization
[    0.071654] Spectre V2 : Mitigation: Enhanced / Automatic IBRS
[    0.072363] Spectre V2 : Spectre v2 / SpectreRSB mitigation: Filling RSB on context switch
[    0.072651] Spectre V2 : mitigation: Enabling conditional Indirect Branch Prediction Barrier
[    0.073651] Speculative Store Bypass: Mitigation: Speculative Store Bypass disabled via prctl
[    0.074650] Speculative Return Stack Overflow: IBPB-extending microcode not applied!
[    0.075650] Speculative Return Stack Overflow: WARNING: See https://kernel.org/doc/html/latest/admin-guide/hw-vuln/srso.html for mitigation options.
[    0.075651] Speculative Return Stack Overflow: Vulnerable: Safe RET, no microcode
[    0.077664] x86/fpu: Supporting XSAVE feature 0x001: 'x87 floating point registers'
[    0.078650] x86/fpu: Supporting XSAVE feature 0x002: 'SSE registers'
[    0.079650] x86/fpu: Supporting XSAVE feature 0x004: 'AVX registers'
[    0.080411] x86/fpu: Supporting XSAVE feature 0x020: 'AVX-512 opmask'
[    0.080650] x86/fpu: Supporting XSAVE feature 0x040: 'AVX-512 Hi256'
[    0.081650] x86/fpu: Supporting XSAVE feature 0x080: 'AVX-512 ZMM_Hi256'
[    0.082650] x86/fpu: Supporting XSAVE feature 0x200: 'Protection Keys User registers'
[    0.083651] x86/fpu: xstate_offset[2]:  576, xstate_sizes[2]:  256
[    0.084390] x86/fpu: xstate_offset[5]:  832, xstate_sizes[5]:   64
[    0.084650] x86/fpu: xstate_offset[6]:  896, xstate_sizes[6]:  512
[    0.085650] x86/fpu: xstate_offset[7]: 1408, xstate_sizes[7]: 1024
[    0.086650] x86/fpu: xstate_offset[9]: 2432, xstate_sizes[9]:    8
[    0.087391] x86/fpu: Enabled xstate features 0x2e7, context size is 2440 bytes, using 'compacted' format.
[    0.101212] Freeing SMP alternatives memory: 40K
[    0.101651] pid_max: default: 32768 minimum: 301
[    0.102223] Mount-cache hash table entries: 2048 (order: 2, 16384 bytes, linear)
[    0.102651] Mountpoint-cache hash table entries: 2048 (order: 2, 16384 bytes, linear)
[    0.103778] smpboot: CPU0: AMD Ryzen 9 7950X 16-Core Processor (family: 0x19, model: 0x61, stepping: 0x2)
[    0.104758] Performance Events: Fam17h+ core perfctr, AMD PMU driver.
[    0.105551] ... version:                0
[    0.105652] ... bit width:              48
[    0.106144] ... generic registers:      6
[    0.106624] ... value mask:             0000ffffffffffff
[    0.106652] ... max period:             00007fffffffffff
[    0.107289] ... fixed-purpose events:   0
[    0.107652] ... event mask:             000000000000003f
[    0.108361] signal: max sigframe size: 3376
[    0.108667] rcu: Hierarchical SRCU implementation.
[    0.109242] rcu: Max phase no-delay instances is 400.
[    0.109672] Timer migration: 2 hierarchy levels; 8 children per group; 2 crossnode level
[    0.112712] smp: Bringing up secondary CPUs ...
[    0.113307] smpboot: x86: Booting SMP configuration:
[    0.113653] .... node  #0, CPUs:        #1  #2  #3  #4  #5  #6  #7  #8  #9 #10 #11 #12 #13 #14 #15 #16 #17 #18 #19 #20 #21 #22 #23 #24 #25 #26 #27 #28 #29 #30 #31
[    0.125747] smp: Brought up 1 node, 32 CPUs
[    0.127159] smpboot: Total of 32 processors activated (287459.84 BogoMIPS)
[    0.129668] Memory: 970444K/1048056K available (16384K kernel code, 2449K rwdata, 6276K rodata, 3124K init, 1872K bss, 63188K reserved, 0K cma-reserved)
[    0.130770] devtmpfs: initialized
[    0.131076] x86/mm: Memory block size: 128MB
[    0.132331] clocksource: jiffies: mask: 0xffffffff max_cycles: 0xffffffff, max_idle_ns: 1911260446275000 ns
[    0.132654] futex hash table entries: 8192 (order: 7, 524288 bytes, linear)
[    0.133602] PM: RTC time: 21:24:26, date: 2024-10-08
[    0.133993] NET: Registered PF_NETLINK/PF_ROUTE protocol family
[    0.134763] thermal_sys: Registered thermal governor 'step_wise'
[    0.134764] thermal_sys: Registered thermal governor 'user_space'
[    0.135516] cpuidle: using governor menu
[    0.136837] PCI: Using configuration type 1 for base access
[    0.137652] PCI: Using configuration type 1 for extended access
[    0.138437] kprobes: kprobe jump-optimization is enabled. All kprobes are optimized if possible.
[    0.153682] HugeTLB: registered 1.00 GiB page size, pre-allocated 0 pages
[    0.154515] HugeTLB: 16380 KiB vmemmap can be freed for a 1.00 GiB page
[    0.154652] HugeTLB: registered 2.00 MiB page size, pre-allocated 0 pages
[    0.155472] HugeTLB: 28 KiB vmemmap can be freed for a 2.00 MiB page
[    0.155719] ACPI: Added _OSI(Module Device)
[    0.156195] ACPI: Added _OSI(Processor Device)
[    0.156652] ACPI: Added _OSI(3.0 _SCP Extensions)
[    0.157223] ACPI: Added _OSI(Processor Aggregator Device)
[    0.158306] ACPI: 1 ACPI AML tables successfully acquired and loaded
[    0.159017] ACPI: Interpreter enabled
[    0.159666] ACPI: PM: (supports S0 S3 S4 S5)
[    0.160186] ACPI: Using IOAPIC for interrupt routing
[    0.160658] PCI: Using host bridge windows from ACPI; if necessary, use "pci=nocrs" and report a bug
[    0.161652] PCI: Using E820 reservations for host bridge windows
[    0.162461] ACPI: Enabled 2 GPEs in block 00 to 0F
[    0.165110] ACPI: PCI Root Bridge [PCI0] (domain 0000 [bus 00-ff])
[    0.165654] acpi PNP0A03:00: _OSC: OS supports [ExtendedConfig ASPM ClockPM Segments MSI HPX-Type3]
[    0.166741] PCI host bridge to bus 0000:00
[    0.167243] pci_bus 0000:00: root bus resource [io  0x0000-0x0cf7 window]
[    0.167652] pci_bus 0000:00: root bus resource [io  0x0d00-0xffff window]
[    0.168471] pci_bus 0000:00: root bus resource [mem 0x000a0000-0x000bffff window]
[    0.168652] pci_bus 0000:00: root bus resource [mem 0x40000000-0xfebfffff window]
[    0.169561] pci_bus 0000:00: root bus resource [mem 0x100000000-0x17fffffff window]
[    0.169652] pci_bus 0000:00: root bus resource [bus 00-ff]
[    0.170392] pci 0000:00:00.0: [8086:1237] type 00 class 0x060000 conventional PCI endpoint
[    0.170883] pci 0000:00:01.0: [8086:7000] type 00 class 0x060100 conventional PCI endpoint
[    0.171951] pci 0000:00:01.1: [8086:7010] type 00 class 0x010180 conventional PCI endpoint
[    0.173778] pci 0000:00:01.1: BAR 4 [io  0xc0c0-0xc0cf]
[    0.175059] pci 0000:00:01.1: BAR 0 [io  0x01f0-0x01f7]: legacy IDE quirk
[    0.175652] pci 0000:00:01.1: BAR 1 [io  0x03f6]: legacy IDE quirk
[    0.176405] pci 0000:00:01.1: BAR 2 [io  0x0170-0x0177]: legacy IDE quirk
[    0.176652] pci 0000:00:01.1: BAR 3 [io  0x0376]: legacy IDE quirk
[    0.177485] pci 0000:00:01.3: [8086:7113] type 00 class 0x068000 conventional PCI endpoint
[    0.177876] pci 0000:00:01.3: quirk: [io  0x0600-0x063f] claimed by PIIX4 ACPI
[    0.178656] pci 0000:00:01.3: quirk: [io  0x0700-0x070f] claimed by PIIX4 SMB
[    0.179676] pci 0000:00:02.0: [1af4:1009] type 00 class 0x000200 conventional PCI endpoint
[    0.181067] pci 0000:00:02.0: BAR 0 [io  0xc000-0xc03f]
[    0.182076] pci 0000:00:02.0: BAR 1 [mem 0xfebfc000-0xfebfcfff]
[    0.184138] pci 0000:00:02.0: BAR 4 [mem 0xfebf0000-0xfebf3fff 64bit pref]
[    0.186004] pci 0000:00:03.0: [1af4:1009] type 00 class 0x000200 conventional PCI endpoint
[    0.187587] pci 0000:00:03.0: BAR 0 [io  0xc040-0xc07f]
[    0.188545] pci 0000:00:03.0: BAR 1 [mem 0xfebfd000-0xfebfdfff]
[    0.190652] pci 0000:00:03.0: BAR 4 [mem 0xfebf4000-0xfebf7fff 64bit pref]
[    0.192498] pci 0000:00:04.0: [8086:25ab] type 00 class 0x088000 conventional PCI endpoint
[    0.192809] pci 0000:00:04.0: BAR 0 [mem 0xfebfe000-0xfebfe00f]
[    0.194653] pci 0000:00:05.0: [1af4:1003] type 00 class 0x078000 conventional PCI endpoint
[    0.196062] pci 0000:00:05.0: BAR 0 [io  0xc080-0xc0bf]
[    0.196998] pci 0000:00:05.0: BAR 1 [mem 0xfebff000-0xfebfffff]
[    0.198652] pci 0000:00:05.0: BAR 4 [mem 0xfebf8000-0xfebfbfff 64bit pref]
[    0.201348] ACPI: PCI: Interrupt link LNKA configured for IRQ 10
[    0.201757] ACPI: PCI: Interrupt link LNKB configured for IRQ 10
[    0.202579] ACPI: PCI: Interrupt link LNKC configured for IRQ 11
[    0.202744] ACPI: PCI: Interrupt link LNKD configured for IRQ 11
[    0.203546] ACPI: PCI: Interrupt link LNKS configured for IRQ 9
[    0.204456] iommu: Default domain type: Translated
[    0.204652] iommu: DMA domain TLB invalidation policy: lazy mode
[    0.205425] SCSI subsystem initialized
[    0.205680] pps_core: LinuxPPS API ver. 1 registered
[    0.206289] pps_core: Software ver. 5.3.6 - Copyright 2005-2007 Rodolfo Giometti <giometti@linux.it>
[    0.206654] PTP clock support registered
[    0.207153] Advanced Linux Sound Architecture Driver Initialized.
[    0.208005] NET: Registered PF_ATMPVC protocol family
[    0.208631] NET: Registered PF_ATMSVC protocol family
[    0.208656] PCI: Using ACPI for IRQ routing
[    0.209238] vgaarb: loaded
[    0.209238] hpet0: at MMIO 0xfed00000, IRQs 2, 8, 0
[    0.210244] hpet0: 3 comparators, 64-bit 100.000000 MHz counter
[    0.216089] clocksource: Switched to clocksource kvm-clock
[    0.216552] VFS: Disk quotas dquot_6.6.0
[    0.217039] VFS: Dquot-cache hash table entries: 512 (order 0, 4096 bytes)
[    0.217904] pnp: PnP ACPI init
[    0.218442] pnp: PnP ACPI: found 5 devices
[    0.226133] clocksource: acpi_pm: mask: 0xffffff max_cycles: 0xffffff, max_idle_ns: 2085701024 ns
[    0.227219] NET: Registered PF_INET protocol family
[    0.227822] IP idents hash table entries: 16384 (order: 5, 131072 bytes, linear)
[    0.228863] tcp_listen_portaddr_hash hash table entries: 512 (order: 1, 8192 bytes, linear)
[    0.229882] Table-perturb hash table entries: 65536 (order: 6, 262144 bytes, linear)
[    0.230824] TCP established hash table entries: 8192 (order: 4, 65536 bytes, linear)
[    0.231768] TCP bind hash table entries: 8192 (order: 6, 262144 bytes, linear)
[    0.232739] TCP: Hash tables configured (established 8192 bind 8192)
[    0.233529] UDP hash table entries: 512 (order: 2, 16384 bytes, linear)
[    0.234334] UDP-Lite hash table entries: 512 (order: 2, 16384 bytes, linear)
[    0.235211] NET: Registered PF_UNIX/PF_LOCAL protocol family
[    0.235905] pci_bus 0000:00: resource 4 [io  0x0000-0x0cf7 window]
[    0.236649] pci_bus 0000:00: resource 5 [io  0x0d00-0xffff window]
[    0.237399] pci_bus 0000:00: resource 6 [mem 0x000a0000-0x000bffff window]
[    0.238239] pci_bus 0000:00: resource 7 [mem 0x40000000-0xfebfffff window]
[    0.239078] pci_bus 0000:00: resource 8 [mem 0x100000000-0x17fffffff window]
[    0.239955] pci 0000:00:01.0: PIIX3: Enabling Passive Release
[    0.240651] pci 0000:00:00.0: Limiting direct PCI/PCI transfers
[    0.241400] PCI: CLS 0 bytes, default 64
[    0.241939] kvm_intel: VMX not supported by CPU 0
[    0.242516] kvm_amd: TSC scaling supported
[    0.243023] kvm_amd: Nested Virtualization enabled
[    0.243601] kvm_amd: Nested Paging enabled
[    0.244117] kvm_amd: LBR virtualization supported
[    0.244690] kvm_amd: Virtual VMLOAD VMSAVE supported
[    0.245292] kvm_amd: Virtual GIF supported
[    0.245785] kvm_amd: Virtual NMI enabled
[    0.274147] clocksource: tsc: mask: 0xffffffffffffffff max_cycles: 0x40be4320a4d, max_idle_ns: 440795288133 ns
[    0.280892] Initialise system trusted keyrings
[    0.281491] workingset: timestamp_bits=56 max_order=18 bucket_order=0
[    0.282305] squashfs: version 4.0 (2009/01/31) Phillip Lougher
[    0.283029] fuse: init (API version 7.41)
[    0.283555] 9p: Installing v9fs 9p2000 file system support
[    0.290592] Key type asymmetric registered
[    0.291101] Asymmetric key parser 'x509' registered
[    0.291705] Block layer SCSI generic (bsg) driver version 0.4 loaded (major 249)
[    0.292628] io scheduler mq-deadline registered
[    0.293190] io scheduler kyber registered
[    0.295511] input: Power Button as /devices/LNXSYSTM:00/LNXPWRBN:00/input/input0
[    0.296471] ACPI: button: Power Button [PWRF]
[    0.297407] Warning: Processor Platform Limit event detected, but not handled.
[    0.298293] Consider compiling CPUfreq support into your kernel.
[    0.315563] ACPI: \_SB_.LNKB: Enabled at IRQ 10
[    0.330777] ACPI: \_SB_.LNKC: Enabled at IRQ 11
[    0.346055] ACPI: \_SB_.LNKA: Enabled at IRQ 10
[    0.347164] Serial: 8250/16550 driver, 4 ports, IRQ sharing enabled
[    0.348041] 00:03: ttyS0 at I/O 0x3f8 (irq = 4, base_baud = 115200) is a 16550A
[    0.369629] Non-volatile memory driver v1.3
[    0.370194] Linux agpgart interface v0.103
[    0.370722] printk: legacy console [hvc0] enabled
[    0.370793] ACPI: bus type drm_connector registered
[    0.371303] printk: legacy bootconsole [earlyser0] disabled
          _      _                                    
   __   _(_)_ __| |_ _ __ ___   ___       _ __   __ _ 
   \ \ / / |  __| __|  _   _ \ / _ \_____|  _ \ / _  |
    \ V /| | |  | |_| | | | | |  __/_____| | | | (_| |
     \_/ |_|_|   \__|_| |_| |_|\___|     |_| |_|\__  |
                                                |___/ 
   kernel version: 6.12.0-rc1-virtme x86_64
   (CTRL+d to exit)

root@virtme-ng:/nipa-data/kernel# PS1='xx__-> '
xx__-> env
PWD=/nipa-data/kernel
nr_open=1048576
HOME=/
TERM=xterm
SHLVL=2
XDG_RUNTIME_DIR=/run/user/0
PATH=/bin:/sbin:/usr/bin:/usr/sbin:/usr/local/bin
OLDPWD=/
_=/bin/env
xx__-> 