No EFI environment detected.
early console in extract_kernel
input_data: 0x00000000030602b9
input_len: 0x0000000000b82f15
output: 0x0000000001000000
output_len: 0x000000000252f3f8
kernel_total_size: 0x0000000002c30000
needed_size: 0x0000000002e00000
trampoline_32bit: 0x0000000000000000
Physical KASLR using RDRAND RDTSC...
Virtual KASLR using RDRAND RDTSC...

Decompressing Linux... Parsing ELF... Performing relocations... done.
Booting the kernel (entry_offset: 0x0000000000000000).
[    0.000000] Linux version 6.8.0-rc3-virtme (root@84aa13e4752e) (gcc (Alpine 13.2.1_git20231014) 13.2.1 20231014, GNU ld (GNU Binutils) 2.41) #1 SMP PREEMPT_DYNAMIC Thu Feb 15 18:06:56 UTC 2024
[    0.000000] Command line: virtme_hostname=virtme-ng virtme_link_mods=/nipa-data/kernel/.virtme_mods/lib/modules/0.0.0 virtme_initmount0=nipa-data/kernel virtme_rw_overlay0=/etc virtme_rw_overlay1=/lib virtme_rw_overlay2=/home virtme_rw_overlay3=/opt virtme_rw_overlay4=/srv virtme_rw_overlay5=/usr virtme_rw_overlay6=/var earlyprintk=serial,ttyS0,115200 console=ttyS0 psmouse.proto=exps TERM=xterm virtme_chdir=nipa-data/kernel virtme_root_user=1 rootfstype=9p rootflags=version=9p2000.L,trans=virtio,access=any raid=noautodetect ro init=/usr/lib/python3.11/site-packages/virtme/guest/virtme-init
[    0.000000] BIOS-provided physical RAM map:
[    0.000000] BIOS-e820: [mem 0x0000000000000000-0x000000000009fbff] usable
[    0.000000] BIOS-e820: [mem 0x000000000009fc00-0x000000000009ffff] reserved
[    0.000000] BIOS-e820: [mem 0x00000000000f0000-0x00000000000fffff] reserved
[    0.000000] BIOS-e820: [mem 0x0000000000100000-0x000000003ffdffff] usable
[    0.000000] BIOS-e820: [mem 0x000000003ffe0000-0x000000003fffffff] reserved
[    0.000000] BIOS-e820: [mem 0x00000000feffc000-0x00000000feffffff] reserved
[    0.000000] BIOS-e820: [mem 0x00000000fffc0000-0x00000000ffffffff] reserved
[    0.000000] BIOS-e820: [mem 0x000000fd00000000-0x000000ffffffffff] reserved
[    0.000000] printk: legacy bootconsole [earlyser0] enabled
[    0.000000] NX (Execute Disable) protection: active
[    0.000000] APIC: Static calls initialized
[    0.000000] SMBIOS 3.0.0 present.
[    0.000000] DMI: QEMU Standard PC (i440FX + PIIX, 1996), BIOS rel-1.16.3-0-ga6ed6b701f0a-prebuilt.qemu.org 04/01/2014
[    0.000000] Hypervisor detected: KVM
[    0.000000] kvm-clock: Using msrs 4b564d01 and 4b564d00
[    0.000000] kvm-clock: using sched offset of 219763018 cycles
[    0.000393] clocksource: kvm-clock: mask: 0xffffffffffffffff max_cycles: 0x1cd42e4dffb, max_idle_ns: 881590591483 ns
[    0.001610] tsc: Detected 4491.536 MHz processor
[    0.002222] last_pfn = 0x3ffe0 max_arch_pfn = 0x400000000
[    0.002651] MTRR map: 4 entries (3 fixed + 1 variable; max 19), built from 8 variable MTRRs
[    0.003275] x86/PAT: Configuration [0-7]: WB  WC  UC- UC  WB  WP  UC- WT  
Memory KASLR using RDRAND RDTSC...
[    0.005358] found SMP MP-table at [mem 0x000f5470-0x000f547f]
[    0.005792] Using GB pages for direct mapping
[    0.006193] ACPI: Early table checksum verification disabled
[    0.006619] ACPI: RSDP 0x00000000000F5290 000014 (v00 BOCHS )
[    0.007050] ACPI: RSDT 0x000000003FFE27B6 000034 (v01 BOCHS  BXPC     00000001 BXPC 00000001)
[    0.007688] ACPI: FACP 0x000000003FFE2572 000074 (v01 BOCHS  BXPC     00000001 BXPC 00000001)
[    0.008326] ACPI: DSDT 0x000000003FFE0040 002532 (v01 BOCHS  BXPC     00000001 BXPC 00000001)
[    0.008960] ACPI: FACS 0x000000003FFE0000 000040
[    0.009304] ACPI: APIC 0x000000003FFE25E6 000170 (v03 BOCHS  BXPC     00000001 BXPC 00000001)
[    0.009938] ACPI: HPET 0x000000003FFE2756 000038 (v01 BOCHS  BXPC     00000001 BXPC 00000001)
[    0.010574] ACPI: WAET 0x000000003FFE278E 000028 (v01 BOCHS  BXPC     00000001 BXPC 00000001)
[    0.011211] ACPI: Reserving FACP table memory at [mem 0x3ffe2572-0x3ffe25e5]
[    0.011738] ACPI: Reserving DSDT table memory at [mem 0x3ffe0040-0x3ffe2571]
[    0.012265] ACPI: Reserving FACS table memory at [mem 0x3ffe0000-0x3ffe003f]
[    0.012791] ACPI: Reserving APIC table memory at [mem 0x3ffe25e6-0x3ffe2755]
[    0.013317] ACPI: Reserving HPET table memory at [mem 0x3ffe2756-0x3ffe278d]
[    0.013840] ACPI: Reserving WAET table memory at [mem 0x3ffe278e-0x3ffe27b5]
[    0.014509] No NUMA configuration found
[    0.014796] Faking a node at [mem 0x0000000000000000-0x000000003ffdffff]
[    0.015297] NODE_DATA(0) allocated [mem 0x3ffdb000-0x3ffdffff]
[    0.015744] Zone ranges:
[    0.015933]   DMA      [mem 0x0000000000001000-0x0000000000ffffff]
[    0.016398]   DMA32    [mem 0x0000000001000000-0x000000003ffdffff]
[    0.016860]   Normal   empty
[    0.017075]   Device   empty
[    0.017290] Movable zone start for each node
[    0.017609] Early memory node ranges
[    0.017876]   node   0: [mem 0x0000000000001000-0x000000000009efff]
[    0.018344]   node   0: [mem 0x0000000000100000-0x000000003ffdffff]
[    0.018812] Initmem setup node 0 [mem 0x0000000000001000-0x000000003ffdffff]
[    0.019341] On node 0, zone DMA: 1 pages in unavailable ranges
[    0.019788] On node 0, zone DMA: 97 pages in unavailable ranges
[    0.021250] On node 0, zone DMA32: 32 pages in unavailable ranges
[    0.021900] ACPI: PM-Timer IO Port: 0x608
[    0.022202] ACPI: LAPIC_NMI (acpi_id[0xff] dfl dfl lint[0x1])
[    0.022646] IOAPIC[0]: apic_id 0, version 17, address 0xfec00000, GSI 0-23
[    0.023160] ACPI: INT_SRC_OVR (bus 0 bus_irq 0 global_irq 2 dfl dfl)
[    0.023635] ACPI: INT_SRC_OVR (bus 0 bus_irq 5 global_irq 5 high level)
[    0.024133] ACPI: INT_SRC_OVR (bus 0 bus_irq 9 global_irq 9 high level)
[    0.024626] ACPI: INT_SRC_OVR (bus 0 bus_irq 10 global_irq 10 high level)
[    0.025132] ACPI: INT_SRC_OVR (bus 0 bus_irq 11 global_irq 11 high level)
[    0.025644] ACPI: Using ACPI (MADT) for SMP configuration information
[    0.026123] ACPI: HPET id: 0x8086a201 base: 0xfed00000
[    0.026508] TSC deadline timer available
[    0.026800] smpboot: Allowing 32 CPUs, 0 hotplug CPUs
[    0.027190] kvm-guest: APIC: eoi() replaced with kvm_guest_apic_eoi_write()
[    0.027717] kvm-guest: KVM setup pv remote TLB flush
[    0.028092] kvm-guest: setup PV sched yield
[    0.028409] PM: hibernation: Registered nosave memory: [mem 0x00000000-0x00000fff]
[    0.028974] PM: hibernation: Registered nosave memory: [mem 0x0009f000-0x0009ffff]
[    0.029537] PM: hibernation: Registered nosave memory: [mem 0x000a0000-0x000effff]
[    0.030101] PM: hibernation: Registered nosave memory: [mem 0x000f0000-0x000fffff]
[    0.030665] [mem 0x40000000-0xfeffbfff] available for PCI devices
[    0.031119] Booting paravirtualized kernel on KVM
[    0.031470] clocksource: refined-jiffies: mask: 0xffffffff max_cycles: 0xffffffff, max_idle_ns: 1910969940391419 ns
[    0.035201] setup_percpu: NR_CPUS:64 nr_cpumask_bits:32 nr_cpu_ids:32 nr_node_ids:1
[    0.036356] percpu: Embedded 58 pages/cpu s199904 r8192 d29472 u262144
[    0.036880] Kernel command line: virtme_hostname=virtme-ng virtme_link_mods=/nipa-data/kernel/.virtme_mods/lib/modules/0.0.0 virtme_initmount0=nipa-data/kernel virtme_rw_overlay0=/etc virtme_rw_overlay1=/lib virtme_rw_overlay2=/home virtme_rw_overlay3=/opt virtme_rw_overlay4=/srv virtme_rw_overlay5=/usr virtme_rw_overlay6=/var earlyprintk=serial,ttyS0,115200 console=ttyS0 psmouse.proto=exps TERM=xterm virtme_chdir=nipa-data/kernel virtme_root_user=1 rootfstype=9p rootflags=version=9p2000.L,trans=virtio,access=any raid=noautodetect ro init=/usr/lib/python3.11/site-packages/virtme/guest/virtme-init
[    0.041004] Unknown kernel command line parameters "virtme_hostname=virtme-ng virtme_link_mods=/nipa-data/kernel/.virtme_mods/lib/modules/0.0.0 virtme_initmount0=nipa-data/kernel virtme_rw_overlay0=/etc virtme_rw_overlay1=/lib virtme_rw_overlay2=/home virtme_rw_overlay3=/opt virtme_rw_overlay4=/srv virtme_rw_overlay5=/usr virtme_rw_overlay6=/var virtme_chdir=nipa-data/kernel virtme_root_user=1", will be passed to user space.
[    0.044096] random: crng init done
[    0.044388] Dentry cache hash table entries: 131072 (order: 8, 1048576 bytes, linear)
[    0.045008] Inode-cache hash table entries: 65536 (order: 7, 524288 bytes, linear)
[    0.045686] Fallback order for Node 0: 0 
[    0.045689] Built 1 zonelists, mobility grouping on.  Total pages: 257760
[    0.046518] Policy zone: DMA32
[    0.046751] mem auto-init: stack:all(zero), heap alloc:off, heap free:off
[    0.048753] Memory: 976372K/1048056K available (16384K kernel code, 2558K rwdata, 6072K rodata, 3156K init, 12004K bss, 71424K reserved, 0K cma-reserved)
[    0.049857] SLUB: HWalign=64, Order=0-3, MinObjects=0, CPUs=32, Nodes=1
Poking KASLR using RDRAND RDTSC...
[    0.050642] ftrace: allocating 46573 entries in 182 pages
[    0.057722] ftrace: allocated 182 pages with 5 groups
[    0.058950] Dynamic Preempt: voluntary
[    0.059441] Running RCU self tests
[    0.059707] Running RCU synchronous self tests
[    0.060057] rcu: Preemptible hierarchical RCU implementation.
[    0.060503] rcu: RCU event tracing is enabled.
[    0.060852] rcu: RCU lockdep checking is enabled.
[    0.061221] rcu: RCU restricting CPUs from NR_CPUS=64 to nr_cpu_ids=32.
[    0.061738] Trampoline variant of Tasks RCU enabled.
[    0.062127] Rude variant of Tasks RCU enabled.
[    0.062476] Tracing variant of Tasks RCU enabled.
[    0.062844] rcu: RCU calculated value of scheduler-enlistment delay is 100 jiffies.
[    0.063435] rcu: Adjusting geometry for rcu_fanout_leaf=16, nr_cpu_ids=32
[    0.063981] Running RCU synchronous self tests
[    0.065940] NR_IRQS: 4352, nr_irqs: 680, preallocated irqs: 16
[    0.066579] rcu: srcu_init: Setting srcu_struct sizes based on contention.
[    0.067302] Console: colour *CGA 80x25
[    0.067614] printk: legacy console [ttyS0] enabled
[    0.067614] printk: legacy console [ttyS0] enabled
[    0.068350] printk: legacy bootconsole [earlyser0] disabled
[    0.068350] printk: legacy bootconsole [earlyser0] disabled
[    0.069210] Lock dependency validator: Copyright (c) 2006 Red Hat, Inc., Ingo Molnar
[    0.069805] ... MAX_LOCKDEP_SUBCLASSES:  8
[    0.070122] ... MAX_LOCK_DEPTH:          48
[    0.070445] ... MAX_LOCKDEP_KEYS:        8192
[    0.070782] ... CLASSHASH_SIZE:          4096
[    0.071118] ... MAX_LOCKDEP_ENTRIES:     32768
[    0.071460] ... MAX_LOCKDEP_CHAINS:      65536
[    0.071803] ... CHAINHASH_SIZE:          32768
[    0.072149]  memory used by lock dependency info: 6429 kB
[    0.072564]  memory used for stack traces: 4224 kB
[    0.072932]  per task-struct memory footprint: 1920 bytes
[    0.073360] ACPI: Core revision 20230628
[    0.073767] clocksource: hpet: mask: 0xffffffff max_cycles: 0xffffffff, max_idle_ns: 19112604467 ns
[    0.074571] APIC: Switch to symmetric I/O mode setup
[    0.074968] APIC: Switched APIC routing to: physical flat
[    0.075400] kvm-guest: APIC: send_IPI_mask() replaced with kvm_send_ipi_mask()
[    0.075952] kvm-guest: APIC: send_IPI_mask_allbutself() replaced with kvm_send_ipi_mask_allbutself()
[    0.076660] kvm-guest: setup PV IPIs
[    0.077780] ..TIMER: vector=0x30 apic1=0 pin1=2 apic2=-1 pin2=-1
[    0.078607] tsc: Marking TSC unstable due to TSCs unsynchronized
[    0.079410] Calibrating delay loop (skipped) preset value.. 8983.07 BogoMIPS (lpj=4491536)
[    0.080465] x86/cpu: User Mode Instruction Prevention (UMIP) activated
[    0.081418] Last level iTLB entries: 4KB 512, 2MB 255, 4MB 127
[    0.082196] Last level dTLB entries: 4KB 512, 2MB 255, 4MB 127, 1GB 0
[    0.082410] Spectre V1 : Mitigation: usercopy/swapgs barriers and __user pointer sanitization
[    0.083410] Spectre V2 : Mitigation: Enhanced / Automatic IBRS
[    0.084406] Spectre V2 : Spectre v2 / SpectreRSB mitigation: Filling RSB on context switch
[    0.085408] Spectre V2 : mitigation: Enabling conditional Indirect Branch Prediction Barrier
[    0.086408] Speculative Store Bypass: Mitigation: Speculative Store Bypass disabled via prctl
[    0.087407] Speculative Return Stack Overflow: IBPB-extending microcode not applied!
[    0.088406] Speculative Return Stack Overflow: WARNING: See https://kernel.org/doc/html/latest/admin-guide/hw-vuln/srso.html for mitigation options.
[    0.088407] Speculative Return Stack Overflow: Vulnerable: Safe RET, no microcode
[    0.090425] x86/fpu: Supporting XSAVE feature 0x001: 'x87 floating point registers'
[    0.091406] x86/fpu: Supporting XSAVE feature 0x002: 'SSE registers'
[    0.092406] x86/fpu: Supporting XSAVE feature 0x004: 'AVX registers'
[    0.093406] x86/fpu: Supporting XSAVE feature 0x020: 'AVX-512 opmask'
[    0.094406] x86/fpu: Supporting XSAVE feature 0x040: 'AVX-512 Hi256'
[    0.095406] x86/fpu: Supporting XSAVE feature 0x080: 'AVX-512 ZMM_Hi256'
[    0.096406] x86/fpu: Supporting XSAVE feature 0x200: 'Protection Keys User registers'
[    0.097407] x86/fpu: xstate_offset[2]:  576, xstate_sizes[2]:  256
[    0.098406] x86/fpu: xstate_offset[5]:  832, xstate_sizes[5]:   64
[    0.099407] x86/fpu: xstate_offset[6]:  896, xstate_sizes[6]:  512
[    0.100222] x86/fpu: xstate_offset[7]: 1408, xstate_sizes[7]: 1024
[    0.100406] x86/fpu: xstate_offset[9]: 2432, xstate_sizes[9]:    8
[    0.101406] x86/fpu: Enabled xstate features 0x2e7, context size is 2440 bytes, using 'compacted' format.
[    0.120929] Freeing SMP alternatives memory: 36K
[    0.121408] pid_max: default: 32768 minimum: 301
[    0.122103] Mount-cache hash table entries: 2048 (order: 2, 16384 bytes, linear)
[    0.122409] Mountpoint-cache hash table entries: 2048 (order: 2, 16384 bytes, linear)
[    0.124877] Running RCU synchronous self tests
[    0.125409] Running RCU synchronous self tests
[    0.126164] smpboot: CPU0: AMD Ryzen 9 7950X 16-Core Processor (family: 0x19, model: 0x61, stepping: 0x2)
[    0.126778] RCU Tasks: Setting shift to 5 and lim to 1 rcu_task_cb_adjust=1.
[    0.127442] RCU Tasks Rude: Setting shift to 5 and lim to 1 rcu_task_cb_adjust=1.
[    0.128447] RCU Tasks Trace: Setting shift to 5 and lim to 1 rcu_task_cb_adjust=1.
[    0.129445] Running RCU Tasks wait API self tests
[    0.236451] Running RCU Tasks Rude wait API self tests
[    0.237221] Running RCU Tasks Trace wait API self tests
[    0.237453] Performance Events: Fam17h+ core perfctr, AMD PMU driver.
[    0.238349] ... version:                0
[    0.238410] ... bit width:              48
[    0.238950] ... generic registers:      6
[    0.239409] ... value mask:             0000ffffffffffff
[    0.240109] ... max period:             00007fffffffffff
[    0.240409] ... fixed-purpose events:   0
[    0.240936] ... event mask:             000000000000003f
[    0.241598] signal: max sigframe size: 3376
[    0.242232] rcu: Hierarchical SRCU implementation.
[    0.242410] rcu: Max phase no-delay instances is 400.
[    0.244837] Callback from call_rcu_tasks_trace() invoked.
[    0.247267] smp: Bringing up secondary CPUs ...
[    0.247720] smpboot: x86: Booting SMP configuration:
[    0.248385] .... node  #0, CPUs:        #1  #2  #3  #4  #5  #6  #7  #8  #9 #10 #11 #12 #13 #14 #15 #16 #17 #18 #19 #20 #21 #22 #23 #24 #25 #26 #27 #28 #29 #30 #31
[    0.274584] smp: Brought up 1 node, 32 CPUs
[    0.275972] smpboot: Max logical packages: 1
[    0.276410] smpboot: Total of 32 processors activated (287458.30 BogoMIPS)
[    0.281627] devtmpfs: initialized
[    0.282501] x86/mm: Memory block size: 128MB
[    0.285107] Running RCU synchronous self tests
[    0.285421] Running RCU synchronous self tests
[    0.286118] clocksource: jiffies: mask: 0xffffffff max_cycles: 0xffffffff, max_idle_ns: 1911260446275000 ns
[    0.286413] futex hash table entries: 8192 (order: 8, 1048576 bytes, linear)
[    0.287875] PM: RTC time: 18:07:29, date: 2024-02-15
[    0.289033] NET: Registered PF_NETLINK/PF_ROUTE protocol family
[    0.290011] thermal_sys: Registered thermal governor 'step_wise'
[    0.290013] thermal_sys: Registered thermal governor 'user_space'
[    0.290453] cpuidle: using governor menu
[    0.292767] PCI: Using configuration type 1 for base access
[    0.293410] PCI: Using configuration type 1 for extended access
[    0.294322] kprobes: kprobe jump-optimization is enabled. All kprobes are optimized if possible.
[    0.312349] HugeTLB: registered 1.00 GiB page size, pre-allocated 0 pages
[    0.312409] HugeTLB: 16380 KiB vmemmap can be freed for a 1.00 GiB page
[    0.313288] HugeTLB: registered 2.00 MiB page size, pre-allocated 0 pages
[    0.313409] HugeTLB: 28 KiB vmemmap can be freed for a 2.00 MiB page
[    0.314794] ACPI: Added _OSI(Module Device)
[    0.315351] ACPI: Added _OSI(Processor Device)
[    0.315410] ACPI: Added _OSI(3.0 _SCP Extensions)
[    0.316035] ACPI: Added _OSI(Processor Aggregator Device)
[    0.318595] ACPI: 1 ACPI AML tables successfully acquired and loaded
[    0.320995] ACPI: _OSC evaluation for CPUs failed, trying _PDC
[    0.321928] ACPI: Interpreter enabled
[    0.322450] ACPI: PM: (supports S0 S3 S4 S5)
[    0.323037] ACPI: Using IOAPIC for interrupt routing
[    0.323430] PCI: Using host bridge windows from ACPI; if necessary, use "pci=nocrs" and report a bug
[    0.324409] PCI: Using E820 reservations for host bridge windows
[    0.325504] ACPI: Enabled 2 GPEs in block 00 to 0F
[    0.335182] ACPI: PCI Root Bridge [PCI0] (domain 0000 [bus 00-ff])
[    0.335413] acpi PNP0A03:00: _OSC: OS supports [ExtendedConfig ASPM ClockPM Segments MSI HPX-Type3]
[    0.336907] PCI host bridge to bus 0000:00
[    0.337410] pci_bus 0000:00: root bus resource [io  0x0000-0x0cf7 window]
[    0.338309] pci_bus 0000:00: root bus resource [io  0x0d00-0xffff window]
[    0.338410] pci_bus 0000:00: root bus resource [mem 0x000a0000-0x000bffff window]
[    0.339392] pci_bus 0000:00: root bus resource [mem 0x40000000-0xfebfffff window]
[    0.339409] pci_bus 0000:00: root bus resource [mem 0x100000000-0x17fffffff window]
[    0.341072] pci_bus 0000:00: root bus resource [bus 00-ff]
[    0.341440] Callback from call_rcu_tasks_rude() invoked.
[    0.342310] pci 0000:00:00.0: [8086:1237] type 00 class 0x060000 conventional PCI endpoint
[    0.342917] pci 0000:00:01.0: [8086:7000] type 00 class 0x060100 conventional PCI endpoint
[    0.343860] pci 0000:00:01.1: [8086:7010] type 00 class 0x010180 conventional PCI endpoint
[    0.346656] pci 0000:00:01.1: BAR 4 [io  0xc080-0xc08f]
[    0.348141] pci 0000:00:01.1: BAR 0 [io  0x01f0-0x01f7]: legacy IDE quirk
[    0.348410] pci 0000:00:01.1: BAR 1 [io  0x03f6]: legacy IDE quirk
[    0.349231] pci 0000:00:01.1: BAR 2 [io  0x0170-0x0177]: legacy IDE quirk
[    0.349409] pci 0000:00:01.1: BAR 3 [io  0x0376]: legacy IDE quirk
[    0.350435] pci 0000:00:01.3: [8086:7113] type 00 class 0x068000 conventional PCI endpoint
[    0.351672] pci 0000:00:01.3: quirk: [io  0x0600-0x063f] claimed by PIIX4 ACPI
[    0.352414] pci 0000:00:01.3: quirk: [io  0x0700-0x070f] claimed by PIIX4 SMB
[    0.353640] pci 0000:00:02.0: [1af4:1009] type 00 class 0x000200 conventional PCI endpoint
[    0.355410] pci 0000:00:02.0: BAR 0 [io  0xc000-0xc03f]
[    0.357085] pci 0000:00:02.0: BAR 1 [mem 0xfebfd000-0xfebfdfff]
[    0.360960] pci 0000:00:02.0: BAR 4 [mem 0xfebf4000-0xfebf7fff 64bit pref]
[    0.363675] pci 0000:00:03.0: [1af4:1009] type 00 class 0x000200 conventional PCI endpoint
[    0.365410] pci 0000:00:03.0: BAR 0 [io  0xc040-0xc07f]
[    0.367087] pci 0000:00:03.0: BAR 1 [mem 0xfebfe000-0xfebfefff]
[    0.371082] pci 0000:00:03.0: BAR 4 [mem 0xfebf8000-0xfebfbfff 64bit pref]
[    0.373578] pci 0000:00:04.0: [8086:25ab] type 00 class 0x088000 conventional PCI endpoint
[    0.374928] pci 0000:00:04.0: BAR 0 [mem 0xfebff000-0xfebff00f]
[    0.380463] ACPI: PCI: Interrupt link LNKA configured for IRQ 10
[    0.381462] ACPI: PCI: Interrupt link LNKB configured for IRQ 10
[    0.382435] ACPI: PCI: Interrupt link LNKC configured for IRQ 11
[    0.383401] ACPI: PCI: Interrupt link LNKD configured for IRQ 11
[    0.383510] ACPI: PCI: Interrupt link LNKS configured for IRQ 9
[    0.386767] iommu: Default domain type: Translated
[    0.387409] iommu: DMA domain TLB invalidation policy: lazy mode
[    0.388535] SCSI subsystem initialized
[    0.389081] pps_core: LinuxPPS API ver. 1 registered
[    0.389411] pps_core: Software ver. 5.3.6 - Copyright 2005-2007 Rodolfo Giometti <giometti@linux.it>
[    0.390414] PTP clock support registered
[    0.390991] Advanced Linux Sound Architecture Driver Initialized.
[    0.392120] NET: Registered PF_ATMPVC protocol family
[    0.392410] NET: Registered PF_ATMSVC protocol family
[    0.393096] PCI: Using ACPI for IRQ routing
[    0.393579] vgaarb: loaded
[    0.393811] hpet0: at MMIO 0xfed00000, IRQs 2, 8, 0
[    0.394411] hpet0: 3 comparators, 64-bit 100.000000 MHz counter
[    0.398121] clocksource: Switched to clocksource kvm-clock
[    0.401156] VFS: Disk quotas dquot_6.6.0
[    0.401723] VFS: Dquot-cache hash table entries: 512 (order 0, 4096 bytes)
[    0.402766] pnp: PnP ACPI init
[    0.403739] pnp: PnP ACPI: found 5 devices
[    0.413253] clocksource: acpi_pm: mask: 0xffffff max_cycles: 0xffffff, max_idle_ns: 2085701024 ns
[    0.414495] NET: Registered PF_INET protocol family
[    0.415202] IP idents hash table entries: 16384 (order: 5, 131072 bytes, linear)
[    0.416483] tcp_listen_portaddr_hash hash table entries: 512 (order: 3, 36864 bytes, linear)
[    0.417622] Table-perturb hash table entries: 65536 (order: 6, 262144 bytes, linear)
[    0.418682] TCP established hash table entries: 8192 (order: 4, 65536 bytes, linear)
[    0.419761] TCP bind hash table entries: 8192 (order: 8, 1179648 bytes, linear)
[    0.421127] TCP: Hash tables configured (established 8192 bind 8192)
[    0.422090] UDP hash table entries: 512 (order: 4, 81920 bytes, linear)
[    0.423413] UDP-Lite hash table entries: 512 (order: 4, 81920 bytes, linear)
[    0.424499] NET: Registered PF_UNIX/PF_LOCAL protocol family
[    0.425267] pci_bus 0000:00: resource 4 [io  0x0000-0x0cf7 window]
[    0.426093] pci_bus 0000:00: resource 5 [io  0x0d00-0xffff window]
[    0.426915] pci_bus 0000:00: resource 6 [mem 0x000a0000-0x000bffff window]
[    0.427839] pci_bus 0000:00: resource 7 [mem 0x40000000-0xfebfffff window]
[    0.428753] pci_bus 0000:00: resource 8 [mem 0x100000000-0x17fffffff window]
[    0.429765] pci 0000:00:01.0: PIIX3: Enabling Passive Release
[    0.430536] pci 0000:00:00.0: Limiting direct PCI/PCI transfers
[    0.431367] PCI: CLS 0 bytes, default 64
[    0.431949] kvm_intel: VMX not supported by CPU 0
[    0.432918] kvm_amd: TSC scaling supported
[    0.433487] kvm_amd: Nested Virtualization enabled
[    0.434122] kvm_amd: Nested Paging enabled
[    0.434696] kvm_amd: Virtual VMLOAD VMSAVE supported
[    0.435361] kvm_amd: Virtual GIF supported
[    0.435900] kvm_amd: Virtual NMI enabled
[    0.436425] kvm_amd: LBR virtualization supported
[    0.444974] Callback from call_rcu_tasks() invoked.
[    0.543739] workingset: timestamp_bits=56 max_order=18 bucket_order=0
[    0.544754] squashfs: version 4.0 (2009/01/31) Phillip Lougher
[    0.545568] fuse: init (API version 7.39)
[    0.546203] 9p: Installing v9fs 9p2000 file system support
[    0.547086] Key type asymmetric registered
[    0.547746] Block layer SCSI generic (bsg) driver version 0.4 loaded (major 249)
[    0.548824] io scheduler mq-deadline registered
[    0.549444] io scheduler kyber registered
[    0.551418] input: Power Button as /devices/LNXSYSTM:00/LNXPWRBN:00/input/input0
[    0.552622] ACPI: button: Power Button [PWRF]
[    0.553320] Warning: Processor Platform Limit event detected, but not handled.
[    0.554296] Consider compiling CPUfreq support into your kernel.
[    0.632473] ACPI: \_SB_.LNKB: Enabled at IRQ 10
[    0.708562] ACPI: \_SB_.LNKC: Enabled at IRQ 11
[    0.710123] Serial: 8250/16550 driver, 4 ports, IRQ sharing enabled
[    0.711408] 00:03: ttyS0 at I/O 0x3f8 (irq = 4, base_baud = 115200) is a 16550A
[    0.713493] Non-volatile memory driver v1.3
[    0.714097] Linux agpgart interface v0.103
[    0.714981] ACPI: bus type drm_connector registered
[    0.728755] loop: module loaded
[    0.730568] scsi host0: ata_piix
[    0.731350] scsi host1: ata_piix
[    0.731848] ata1: PATA max MWDMA2 cmd 0x1f0 ctl 0x3f6 bmdma 0xc080 irq 14 lpm-pol 0
[    0.733142] ata2: PATA max MWDMA2 cmd 0x170 ctl 0x376 bmdma 0xc088 irq 15 lpm-pol 0
[    0.735151] i8042: PNP: PS/2 Controller [PNP0303:KBD,PNP0f13:MOU] at 0x60,0x64 irq 1,12
[    0.736928] serio: i8042 KBD port at 0x60,0x64 irq 1
[    0.737626] serio: i8042 AUX port at 0x60,0x64 irq 12
[    0.738861] rtc_cmos 00:04: RTC can wake from S4
[    0.740015] input: AT Translated Set 2 keyboard as /devices/platform/i8042/serio0/input/input1
[    0.741782] rtc_cmos 00:04: registered as rtc0
[    0.742463] rtc_cmos 00:04: setting system clock to 2024-02-15T18:07:29 UTC (1708020449)
[    0.743670] rtc_cmos 00:04: alarms up to one day, y3k, 242 bytes nvram, hpet irqs
[    0.745626] i6300ESB timer 0000:00:04.0: initialized. heartbeat=30 sec (nowayout=0)
[    0.747054] device-mapper: ioctl: 4.48.0-ioctl (2023-03-01) initialised: dm-devel@redhat.com
[    0.749351] NET: Registered PF_PACKET protocol family
[    0.750220] 9pnet: Installing 9P2000 support
[    0.751901] Key type dns_resolver registered
[    0.753053] input: ImExPS/2 Generic Explorer Mouse as /devices/platform/i8042/serio1/input/input3
[    0.757470] IPI shorthand broadcast: enabled
[    0.766080] sched_clock: Marking stable (756002064, 9296516)->(806024663, -40726083)
[    0.767590] registered taskstats version 1
[    0.773407] PM:   Magic number: 12:77:140
[    0.773975] acpi device:11: hash matches
[    0.774564] printk: legacy console [netcon0] enabled
[    0.775224] netconsole: network logging started
[    0.776012] ALSA device list:
[    0.776744]   No soundcards found.
[    0.892496] ata2: found unknown device (class 0)
[    0.893897] ata2.00: ATAPI: QEMU DVD-ROM, 2.5+, max UDMA/100
[    0.896102] scsi 1:0:0:0: CD-ROM            QEMU     QEMU DVD-ROM     2.5+ PQ: 0 ANSI: 5
[    0.905035] scsi 1:0:0:0: Attached scsi generic sg0 type 5
[    0.905834] md: Skipping autodetection of RAID arrays. (raid=autodetect will force)
[    0.906830] 9pnet_virtio: no channels available for device 
[    0.908186] VFS: Mounted root (9p filesystem) readonly on device 0:19.
[    0.909164] devtmpfs: mounted
[    0.911089] Freeing unused kernel image (initmem) memory: 3156K
[    0.919332] Write protecting the kernel read-only data: 22528k
[    0.920475] Freeing unused kernel image (rodata/data gap) memory: 72K
[    0.949752] x86/mm: Checked W+X mappings: passed, no W+X pages found.
[    0.950478] Run /usr/lib/python3.11/site-packages/virtme/guest/virtme-init as init process
[    0.975636] mount (266) used greatest stack depth: 12984 bytes left
[    1.053915] mount (284) used greatest stack depth: 12584 bytes left
[    1.112821] virtme-init (312) used greatest stack depth: 12424 bytes left
[    1.147988] virtme-init: basic initialization done
[    1.153790] virtme-init: udevd not found
[    1.213213] virtme-init: Setting hostname to virtme-ng...
[    1.226504] ip (357) used greatest stack depth: 12056 bytes left
          _      _                                    
   __   _(_)_ __| |_ _ __ ___   ___       _ __   __ _ 
   \ \ / / |  __| __|  _   _ \ / _ \_____|  _ \ / _  |
    \ V /| | |  | |_| | | | | |  __/_____| | | | (_| |
     \_/ |_|_|   \__|_| |_| |_|\___|     |_| |_|\__  |
                                                |___/ 
   kernel version: 6.8.0-rc3-virtme x86_64

virtme-ng:/nipa-data/kernel# PS1='xx__-> '
xx__-> env
PWD=/nipa-data/kernel
HOME=/
TERM=xterm
SHLVL=2
XDG_RUNTIME_DIR=/run/user/0
PATH=/bin:/sbin:/usr/bin:/usr/sbin:/usr/local/bin
OLDPWD=/
_=/usr/bin/env
xx__-> 