No EFI environment detected.
early console in extract_kernel
input_data: 0x0000000002be32c4
input_len: 0x0000000000b711cb
output: 0x0000000001000000
output_len: 0x000000000270cf04
kernel_total_size: 0x0000000002430000
needed_size: 0x0000000002800000
trampoline_32bit: 0x0000000000000000
Physical KASLR using RDRAND RDTSC...
Virtual KASLR using RDRAND RDTSC...

Decompressing Linux... Parsing ELF... Performing relocations... done.
Booting the kernel (entry_offset: 0x0000000000000000).
[    0.000000] Linux version 6.12.0-rc6-virtme (root@f1ea014acf97) (gcc (Ubuntu 13.2.0-23ubuntu4) 13.2.0, GNU ld (GNU Binutils for Ubuntu) 2.42) #1 SMP PREEMPT_DYNAMIC Tue Nov 12 21:05:57 UTC 2024
[    0.000000] Command line: virtme_hostname=virtme-ng nr_open=1048576 virtme_link_mods=/nipa-data/kernel/.virtme_mods/lib/modules/0.0.0 virtme_initmount0=nipa-data/kernel virtme_rw_overlay0=/etc virtme_rw_overlay1=/lib virtme_rw_overlay2=/home virtme_rw_overlay3=/opt virtme_rw_overlay4=/srv virtme_rw_overlay5=/usr virtme_rw_overlay6=/var console=hvc0 earlyprintk=serial,ttyS0,115200 virtme_console=ttyS0 psmouse.proto=exps TERM=xterm virtme_chdir=nipa-data/kernel virtme_root_user=1 rootfstype=9p rootflags=version=9p2000.L,trans=virtio,access=any raid=noautodetect ro init=/usr/lib/python3/dist-packages/virtme/guest/virtme-init
[    0.000000] BIOS-provided physical RAM map:
[    0.000000] BIOS-e820: [mem 0x0000000000000000-0x000000000009fbff] usable
[    0.000000] BIOS-e820: [mem 0x000000000009fc00-0x000000000009ffff] reserved
[    0.000000] BIOS-e820: [mem 0x00000000000f0000-0x00000000000fffff] reserved
[    0.000000] BIOS-e820: [mem 0x0000000000100000-0x000000003ffdffff] usable
[    0.000000] BIOS-e820: [mem 0x000000003ffe0000-0x000000003fffffff] reserved
[    0.000000] BIOS-e820: [mem 0x00000000feffc000-0x00000000feffffff] reserved
[    0.000000] BIOS-e820: [mem 0x00000000fffc0000-0x00000000ffffffff] reserved
[    0.000000] BIOS-e820: [mem 0x000000fd00000000-0x000000ffffffffff] reserved
[    0.000000] printk: legacy bootconsole [earlyser0] enabled
[    0.000000] NX (Execute Disable) protection: active
[    0.000000] APIC: Static calls initialized
[    0.000000] SMBIOS 3.0.0 present.
[    0.000000] DMI: QEMU Ubuntu 24.04 PC (i440FX + PIIX, 1996), BIOS 1.16.3-debian-1.16.3-2 04/01/2014
[    0.000000] DMI: Memory slots populated: 1/1
[    0.000000] Hypervisor detected: KVM
[    0.000000] kvm-clock: Using msrs 4b564d01 and 4b564d00
[    0.000000] kvm-clock: using sched offset of 217049296 cycles
[    0.000351] clocksource: kvm-clock: mask: 0xffffffffffffffff max_cycles: 0x1cd42e4dffb, max_idle_ns: 881590591483 ns
[    0.001443] tsc: Detected 4491.560 MHz processor
[    0.002012] last_pfn = 0x3ffe0 max_arch_pfn = 0x400000000
[    0.002397] MTRR map: 4 entries (3 fixed + 1 variable; max 19), built from 8 variable MTRRs
[    0.002961] x86/PAT: Configuration [0-7]: WB  WC  UC- UC  WB  WP  UC- WT  
Memory KASLR using RDRAND RDTSC...
[    0.004908] found SMP MP-table at [mem 0x000f5470-0x000f547f]
[    0.005295] Using GB pages for direct mapping
[    0.005664] ACPI: Early table checksum verification disabled
[    0.006043] ACPI: RSDP 0x00000000000F5290 000014 (v00 BOCHS )
[    0.006429] ACPI: RSDT 0x000000003FFE27BC 000034 (v01 BOCHS  BXPC     00000001 BXPC 00000001)
[    0.007004] ACPI: FACP 0x000000003FFE2578 000074 (v01 BOCHS  BXPC     00000001 BXPC 00000001)
[    0.007576] ACPI: DSDT 0x000000003FFE0040 002538 (v01 BOCHS  BXPC     00000001 BXPC 00000001)
[    0.008147] ACPI: FACS 0x000000003FFE0000 000040
[    0.008457] ACPI: APIC 0x000000003FFE25EC 000170 (v03 BOCHS  BXPC     00000001 BXPC 00000001)
[    0.009029] ACPI: HPET 0x000000003FFE275C 000038 (v01 BOCHS  BXPC     00000001 BXPC 00000001)
[    0.009600] ACPI: WAET 0x000000003FFE2794 000028 (v01 BOCHS  BXPC     00000001 BXPC 00000001)
[    0.010171] ACPI: Reserving FACP table memory at [mem 0x3ffe2578-0x3ffe25eb]
[    0.010658] ACPI: Reserving DSDT table memory at [mem 0x3ffe0040-0x3ffe2577]
[    0.011129] ACPI: Reserving FACS table memory at [mem 0x3ffe0000-0x3ffe003f]
[    0.011599] ACPI: Reserving APIC table memory at [mem 0x3ffe25ec-0x3ffe275b]
[    0.012069] ACPI: Reserving HPET table memory at [mem 0x3ffe275c-0x3ffe2793]
[    0.012539] ACPI: Reserving WAET table memory at [mem 0x3ffe2794-0x3ffe27bb]
[    0.013140] No NUMA configuration found
[    0.013396] Faking a node at [mem 0x0000000000000000-0x000000003ffdffff]
[    0.013844] NODE_DATA(0) allocated [mem 0x3ffdb780-0x3ffdffff]
[    0.014242] Zone ranges:
[    0.014411]   DMA      [mem 0x0000000000001000-0x0000000000ffffff]
[    0.014826]   DMA32    [mem 0x0000000001000000-0x000000003ffdffff]
[    0.015238]   Normal   empty
[    0.015430]   Device   empty
[    0.015622] Movable zone start for each node
[    0.015907] Early memory node ranges
[    0.016145]   node   0: [mem 0x0000000000001000-0x000000000009efff]
[    0.016564]   node   0: [mem 0x0000000000100000-0x000000003ffdffff]
[    0.016982] Initmem setup node 0 [mem 0x0000000000001000-0x000000003ffdffff]
[    0.017453] On node 0, zone DMA: 1 pages in unavailable ranges
[    0.017851] On node 0, zone DMA: 97 pages in unavailable ranges
[    0.019225] On node 0, zone DMA32: 32 pages in unavailable ranges
[    0.019818] ACPI: PM-Timer IO Port: 0x608
[    0.020089] ACPI: LAPIC_NMI (acpi_id[0xff] dfl dfl lint[0x1])
[    0.020487] IOAPIC[0]: apic_id 0, version 17, address 0xfec00000, GSI 0-23
[    0.020947] ACPI: INT_SRC_OVR (bus 0 bus_irq 0 global_irq 2 dfl dfl)
[    0.021371] ACPI: INT_SRC_OVR (bus 0 bus_irq 5 global_irq 5 high level)
[    0.021813] ACPI: INT_SRC_OVR (bus 0 bus_irq 9 global_irq 9 high level)
[    0.022255] ACPI: INT_SRC_OVR (bus 0 bus_irq 10 global_irq 10 high level)
[    0.022711] ACPI: INT_SRC_OVR (bus 0 bus_irq 11 global_irq 11 high level)
[    0.023166] ACPI: Using ACPI (MADT) for SMP configuration information
[    0.023596] ACPI: HPET id: 0x8086a201 base: 0xfed00000
[    0.023940] TSC deadline timer available
[    0.024204] CPU topo: Max. logical packages:   1
[    0.024513] CPU topo: Max. logical dies:       1
[    0.024821] CPU topo: Max. dies per package:   1
[    0.025131] CPU topo: Max. threads per core:   1
[    0.025439] CPU topo: Num. cores per package:    32
[    0.025765] CPU topo: Num. threads per package:  32
[    0.026090] CPU topo: Allowing 32 present CPUs plus 0 hotplug CPUs
[    0.026509] kvm-guest: APIC: eoi() replaced with kvm_guest_apic_eoi_write()
[    0.026984] kvm-guest: KVM setup pv remote TLB flush
[    0.027317] kvm-guest: setup PV sched yield
[    0.027599] PM: hibernation: Registered nosave memory: [mem 0x00000000-0x00000fff]
[    0.028105] PM: hibernation: Registered nosave memory: [mem 0x0009f000-0x0009ffff]
[    0.028611] PM: hibernation: Registered nosave memory: [mem 0x000a0000-0x000effff]
[    0.029120] PM: hibernation: Registered nosave memory: [mem 0x000f0000-0x000fffff]
[    0.029623] [mem 0x40000000-0xfeffbfff] available for PCI devices
[    0.030028] Booting paravirtualized kernel on KVM
[    0.030342] clocksource: refined-jiffies: mask: 0xffffffff max_cycles: 0xffffffff, max_idle_ns: 1910969940391419 ns
[    0.033789] setup_percpu: NR_CPUS:64 nr_cpumask_bits:32 nr_cpu_ids:32 nr_node_ids:1
[    0.034893] percpu: Embedded 58 pages/cpu s198552 r8192 d30824 u262144
[    0.035359] Kernel command line: virtme_hostname=virtme-ng nr_open=1048576 virtme_link_mods=/nipa-data/kernel/.virtme_mods/lib/modules/0.0.0 virtme_initmount0=nipa-data/kernel virtme_rw_overlay0=/etc virtme_rw_overlay1=/lib virtme_rw_overlay2=/home virtme_rw_overlay3=/opt virtme_rw_overlay4=/srv virtme_rw_overlay5=/usr virtme_rw_overlay6=/var console=hvc0 earlyprintk=serial,ttyS0,115200 virtme_console=ttyS0 psmouse.proto=exps TERM=xterm virtme_chdir=nipa-data/kernel virtme_root_user=1 rootfstype=9p rootflags=version=9p2000.L,trans=virtio,access=any raid=noautodetect ro init=/usr/lib/python3/dist-packages/virtme/guest/virtme-init
[    0.039258] Unknown kernel command line parameters "virtme_hostname=virtme-ng nr_open=1048576 virtme_link_mods=/nipa-data/kernel/.virtme_mods/lib/modules/0.0.0 virtme_initmount0=nipa-data/kernel virtme_rw_overlay0=/etc virtme_rw_overlay1=/lib virtme_rw_overlay2=/home virtme_rw_overlay3=/opt virtme_rw_overlay4=/srv virtme_rw_overlay5=/usr virtme_rw_overlay6=/var virtme_console=ttyS0 virtme_chdir=nipa-data/kernel virtme_root_user=1", will be passed to user space.
[    0.042251] random: crng init done
[    0.042512] Dentry cache hash table entries: 131072 (order: 8, 1048576 bytes, linear)
[    0.043073] Inode-cache hash table entries: 65536 (order: 7, 524288 bytes, linear)
[    0.043675] Fallback order for Node 0: 0 
[    0.043677] Built 1 zonelists, mobility grouping on.  Total pages: 262014
[    0.044420] Policy zone: DMA32
[    0.044629] mem auto-init: stack:all(zero), heap alloc:off, heap free:off
[    0.045679] SLUB: HWalign=64, Order=0-3, MinObjects=0, CPUs=32, Nodes=1
Poking KASLR using RDRAND RDTSC...
[    0.046363] ftrace: allocating 48490 entries in 190 pages
[    0.053305] ftrace: allocated 190 pages with 6 groups
[    0.054204] Dynamic Preempt: voluntary
[    0.054583] rcu: Preemptible hierarchical RCU implementation.
[    0.054974] rcu: RCU event tracing is enabled.
[    0.055287] rcu: RCU restricting CPUs from NR_CPUS=64 to nr_cpu_ids=32.
[    0.055744] Trampoline variant of Tasks RCU enabled.
[    0.056089] Rude variant of Tasks RCU enabled.
[    0.056397] Tracing variant of Tasks RCU enabled.
[    0.056725] rcu: RCU calculated value of scheduler-enlistment delay is 100 jiffies.
[    0.057246] rcu: Adjusting geometry for rcu_fanout_leaf=16, nr_cpu_ids=32
[    0.057715] RCU Tasks: Setting shift to 5 and lim to 1 rcu_task_cb_adjust=1 rcu_task_cpu_ids=32.
[    0.058316] RCU Tasks Rude: Setting shift to 5 and lim to 1 rcu_task_cb_adjust=1 rcu_task_cpu_ids=32.
[    0.058949] RCU Tasks Trace: Setting shift to 5 and lim to 1 rcu_task_cb_adjust=1 rcu_task_cpu_ids=32.
[    0.060992] NR_IRQS: 4352, nr_irqs: 680, preallocated irqs: 16
[    0.061560] rcu: srcu_init: Setting srcu_struct sizes based on contention.
[    0.062162] Console: colour *CGA 80x25
[    0.062423] ACPI: Core revision 20240827
[    0.062771] clocksource: hpet: mask: 0xffffffff max_cycles: 0xffffffff, max_idle_ns: 19112604467 ns
[    0.063444] APIC: Switch to symmetric I/O mode setup
[    0.063806] kvm-guest: APIC: send_IPI_mask() replaced with kvm_send_ipi_mask()
[    0.064297] kvm-guest: APIC: send_IPI_mask_allbutself() replaced with kvm_send_ipi_mask_allbutself()
[    0.064901] kvm-guest: setup PV IPIs
[    0.065878] ..TIMER: vector=0x30 apic1=0 pin1=2 apic2=-1 pin2=-1
[    0.066649] clocksource: tsc-early: mask: 0xffffffffffffffff max_cycles: 0x40be4320a4d, max_idle_ns: 440795288133 ns
[    0.067955] Calibrating delay loop (skipped) preset value.. 8983.12 BogoMIPS (lpj=4491560)
[    0.069013] x86/cpu: User Mode Instruction Prevention (UMIP) activated
[    0.070002] Last level iTLB entries: 4KB 512, 2MB 255, 4MB 127
[    0.070954] Last level dTLB entries: 4KB 512, 2MB 255, 4MB 127, 1GB 0
[    0.071743] Spectre V1 : Mitigation: usercopy/swapgs barriers and __user pointer sanitization
[    0.071957] Spectre V2 : Mitigation: Enhanced / Automatic IBRS
[    0.072669] Spectre V2 : Spectre v2 / SpectreRSB mitigation: Filling RSB on context switch
[    0.072955] Spectre V2 : mitigation: Enabling conditional Indirect Branch Prediction Barrier
[    0.073955] Speculative Store Bypass: Mitigation: Speculative Store Bypass disabled via prctl
[    0.074954] Speculative Return Stack Overflow: IBPB-extending microcode not applied!
[    0.075954] Speculative Return Stack Overflow: WARNING: See https://kernel.org/doc/html/latest/admin-guide/hw-vuln/srso.html for mitigation options.
[    0.075954] Speculative Return Stack Overflow: Vulnerable: Safe RET, no microcode
[    0.077968] x86/fpu: Supporting XSAVE feature 0x001: 'x87 floating point registers'
[    0.078954] x86/fpu: Supporting XSAVE feature 0x002: 'SSE registers'
[    0.079954] x86/fpu: Supporting XSAVE feature 0x004: 'AVX registers'
[    0.080720] x86/fpu: Supporting XSAVE feature 0x020: 'AVX-512 opmask'
[    0.080954] x86/fpu: Supporting XSAVE feature 0x040: 'AVX-512 Hi256'
[    0.081954] x86/fpu: Supporting XSAVE feature 0x080: 'AVX-512 ZMM_Hi256'
[    0.082954] x86/fpu: Supporting XSAVE feature 0x200: 'Protection Keys User registers'
[    0.083954] x86/fpu: xstate_offset[2]:  576, xstate_sizes[2]:  256
[    0.084954] x86/fpu: xstate_offset[5]:  832, xstate_sizes[5]:   64
[    0.085701] x86/fpu: xstate_offset[6]:  896, xstate_sizes[6]:  512
[    0.085954] x86/fpu: xstate_offset[7]: 1408, xstate_sizes[7]: 1024
[    0.086954] x86/fpu: xstate_offset[9]: 2432, xstate_sizes[9]:    8
[    0.087954] x86/fpu: Enabled xstate features 0x2e7, context size is 2440 bytes, using 'compacted' format.
[    0.102862] Freeing SMP alternatives memory: 40K
[    0.102955] pid_max: default: 32768 minimum: 301
[    0.103972] Mount-cache hash table entries: 2048 (order: 2, 16384 bytes, linear)
[    0.104866] Mountpoint-cache hash table entries: 2048 (order: 2, 16384 bytes, linear)
[    0.106015] smpboot: CPU0: AMD Ryzen 9 7950X 16-Core Processor (family: 0x19, model: 0x61, stepping: 0x2)
[    0.107061] Performance Events: Fam17h+ core perfctr, AMD PMU driver.
[    0.107859] ... version:                0
[    0.107956] ... bit width:              48
[    0.108449] ... generic registers:      6
[    0.108955] ... value mask:             0000ffffffffffff
[    0.109595] ... max period:             00007fffffffffff
[    0.109955] ... fixed-purpose events:   0
[    0.110439] ... event mask:             000000000000003f
[    0.111027] signal: max sigframe size: 3376
[    0.111546] rcu: Hierarchical SRCU implementation.
[    0.111956] rcu: Max phase no-delay instances is 400.
[    0.112594] Timer migration: 2 hierarchy levels; 8 children per group; 2 crossnode level
[    0.115012] smp: Bringing up secondary CPUs ...
[    0.115613] smpboot: x86: Booting SMP configuration:
[    0.115957] .... node  #0, CPUs:        #1  #2  #3  #4  #5  #6  #7  #8  #9 #10 #11 #12 #13 #14 #15 #16 #17 #18 #19 #20 #21 #22 #23 #24 #25 #26 #27 #28 #29 #30 #31
[    0.134052] smp: Brought up 1 node, 32 CPUs
[    0.135471] smpboot: Total of 32 processors activated (287459.84 BogoMIPS)
[    0.137974] Memory: 970440K/1048056K available (16384K kernel code, 2449K rwdata, 6284K rodata, 3128K init, 1856K bss, 63192K reserved, 0K cma-reserved)
[    0.139073] devtmpfs: initialized
[    0.139385] x86/mm: Memory block size: 128MB
[    0.140663] clocksource: jiffies: mask: 0xffffffff max_cycles: 0xffffffff, max_idle_ns: 1911260446275000 ns
[    0.140957] futex hash table entries: 8192 (order: 7, 524288 bytes, linear)
[    0.141872] PM: RTC time: 21:06:14, date: 2024-11-12
[    0.142280] NET: Registered PF_NETLINK/PF_ROUTE protocol family
[    0.143077] thermal_sys: Registered thermal governor 'step_wise'
[    0.143079] thermal_sys: Registered thermal governor 'user_space'
[    0.143824] cpuidle: using governor menu
[    0.145140] PCI: Using configuration type 1 for base access
[    0.145956] PCI: Using configuration type 1 for extended access
[    0.146746] kprobes: kprobe jump-optimization is enabled. All kprobes are optimized if possible.
[    0.162580] HugeTLB: registered 1.00 GiB page size, pre-allocated 0 pages
[    0.162956] HugeTLB: 16380 KiB vmemmap can be freed for a 1.00 GiB page
[    0.163765] HugeTLB: registered 2.00 MiB page size, pre-allocated 0 pages
[    0.163955] HugeTLB: 28 KiB vmemmap can be freed for a 2.00 MiB page
[    0.164993] ACPI: Added _OSI(Module Device)
[    0.165508] ACPI: Added _OSI(Processor Device)
[    0.165956] ACPI: Added _OSI(3.0 _SCP Extensions)
[    0.166530] ACPI: Added _OSI(Processor Aggregator Device)
[    0.167612] ACPI: 1 ACPI AML tables successfully acquired and loaded
[    0.169241] ACPI: Interpreter enabled
[    0.169701] ACPI: PM: (supports S0 S3 S4 S5)
[    0.169956] ACPI: Using IOAPIC for interrupt routing
[    0.170575] PCI: Using host bridge windows from ACPI; if necessary, use "pci=nocrs" and report a bug
[    0.170955] PCI: Using E820 reservations for host bridge windows
[    0.171766] ACPI: Enabled 2 GPEs in block 00 to 0F
[    0.174414] ACPI: PCI Root Bridge [PCI0] (domain 0000 [bus 00-ff])
[    0.174958] acpi PNP0A03:00: _OSC: OS supports [ExtendedConfig ASPM ClockPM Segments MSI HPX-Type3]
[    0.176040] PCI host bridge to bus 0000:00
[    0.176540] pci_bus 0000:00: root bus resource [io  0x0000-0x0cf7 window]
[    0.176956] pci_bus 0000:00: root bus resource [io  0x0d00-0xffff window]
[    0.177791] pci_bus 0000:00: root bus resource [mem 0x000a0000-0x000bffff window]
[    0.177956] pci_bus 0000:00: root bus resource [mem 0x40000000-0xfebfffff window]
[    0.178864] pci_bus 0000:00: root bus resource [mem 0x100000000-0x17fffffff window]
[    0.178956] pci_bus 0000:00: root bus resource [bus 00-ff]
[    0.179713] pci 0000:00:00.0: [8086:1237] type 00 class 0x060000 conventional PCI endpoint
[    0.180198] pci 0000:00:01.0: [8086:7000] type 00 class 0x060100 conventional PCI endpoint
[    0.181253] pci 0000:00:01.1: [8086:7010] type 00 class 0x010180 conventional PCI endpoint
[    0.183070] pci 0000:00:01.1: BAR 4 [io  0xc0c0-0xc0cf]
[    0.184300] pci 0000:00:01.1: BAR 0 [io  0x01f0-0x01f7]: legacy IDE quirk
[    0.184956] pci 0000:00:01.1: BAR 1 [io  0x03f6]: legacy IDE quirk
[    0.185709] pci 0000:00:01.1: BAR 2 [io  0x0170-0x0177]: legacy IDE quirk
[    0.185956] pci 0000:00:01.1: BAR 3 [io  0x0376]: legacy IDE quirk
[    0.186789] pci 0000:00:01.3: [8086:7113] type 00 class 0x068000 conventional PCI endpoint
[    0.187181] pci 0000:00:01.3: quirk: [io  0x0600-0x063f] claimed by PIIX4 ACPI
[    0.187959] pci 0000:00:01.3: quirk: [io  0x0700-0x070f] claimed by PIIX4 SMB
[    0.188993] pci 0000:00:02.0: [1af4:1009] type 00 class 0x000200 conventional PCI endpoint
[    0.190404] pci 0000:00:02.0: BAR 0 [io  0xc000-0xc03f]
[    0.191657] pci 0000:00:02.0: BAR 1 [mem 0xfebfc000-0xfebfcfff]
[    0.192956] pci 0000:00:02.0: BAR 4 [mem 0xfebf0000-0xfebf3fff 64bit pref]
[    0.194960] pci 0000:00:03.0: [1af4:1009] type 00 class 0x000200 conventional PCI endpoint
[    0.196881] pci 0000:00:03.0: BAR 0 [io  0xc040-0xc07f]
[    0.197822] pci 0000:00:03.0: BAR 1 [mem 0xfebfd000-0xfebfdfff]
[    0.200159] pci 0000:00:03.0: BAR 4 [mem 0xfebf4000-0xfebf7fff 64bit pref]
[    0.201804] pci 0000:00:04.0: [8086:25ab] type 00 class 0x088000 conventional PCI endpoint
[    0.202121] pci 0000:00:04.0: BAR 0 [mem 0xfebfe000-0xfebfe00f]
[    0.204004] pci 0000:00:05.0: [1af4:1003] type 00 class 0x078000 conventional PCI endpoint
[    0.205388] pci 0000:00:05.0: BAR 0 [io  0xc080-0xc0bf]
[    0.206333] pci 0000:00:05.0: BAR 1 [mem 0xfebff000-0xfebfffff]
[    0.208405] pci 0000:00:05.0: BAR 4 [mem 0xfebf8000-0xfebfbfff 64bit pref]
[    0.210105] ACPI: PCI: Interrupt link LNKA configured for IRQ 10
[    0.210957] ACPI: PCI: Interrupt link LNKB configured for IRQ 10
[    0.211779] ACPI: PCI: Interrupt link LNKC configured for IRQ 11
[    0.212048] ACPI: PCI: Interrupt link LNKD configured for IRQ 11
[    0.212847] ACPI: PCI: Interrupt link LNKS configured for IRQ 9
[    0.213751] iommu: Default domain type: Translated
[    0.213956] iommu: DMA domain TLB invalidation policy: lazy mode
[    0.214738] SCSI subsystem initialized
[    0.214987] pps_core: LinuxPPS API ver. 1 registered
[    0.215588] pps_core: Software ver. 5.3.6 - Copyright 2005-2007 Rodolfo Giometti <giometti@linux.it>
[    0.215957] PTP clock support registered
[    0.216453] Advanced Linux Sound Architecture Driver Initialized.
[    0.217218] NET: Registered PF_ATMPVC protocol family
[    0.217835] NET: Registered PF_ATMSVC protocol family
[    0.217961] PCI: Using ACPI for IRQ routing
[    0.218550] vgaarb: loaded
[    0.218982] hpet0: at MMIO 0xfed00000, IRQs 2, 8, 0
[    0.219596] hpet0: 3 comparators, 64-bit 100.000000 MHz counter
[    0.224529] clocksource: Switched to clocksource kvm-clock
[    0.224883] VFS: Disk quotas dquot_6.6.0
[    0.225402] VFS: Dquot-cache hash table entries: 512 (order 0, 4096 bytes)
[    0.226286] pnp: PnP ACPI init
[    0.226830] pnp: PnP ACPI: found 5 devices
[    0.233892] clocksource: acpi_pm: mask: 0xffffff max_cycles: 0xffffff, max_idle_ns: 2085701024 ns
[    0.235003] NET: Registered PF_INET protocol family
[    0.235606] IP idents hash table entries: 16384 (order: 5, 131072 bytes, linear)
[    0.236638] tcp_listen_portaddr_hash hash table entries: 512 (order: 1, 8192 bytes, linear)
[    0.237658] Table-perturb hash table entries: 65536 (order: 6, 262144 bytes, linear)
[    0.238611] TCP established hash table entries: 8192 (order: 4, 65536 bytes, linear)
[    0.239649] TCP bind hash table entries: 8192 (order: 6, 262144 bytes, linear)
[    0.240536] TCP: Hash tables configured (established 8192 bind 8192)
[    0.241326] UDP hash table entries: 512 (order: 3, 32768 bytes, linear)
[    0.242135] UDP-Lite hash table entries: 512 (order: 3, 32768 bytes, linear)
[    0.243021] NET: Registered PF_UNIX/PF_LOCAL protocol family
[    0.243711] pci_bus 0000:00: resource 4 [io  0x0000-0x0cf7 window]
[    0.244464] pci_bus 0000:00: resource 5 [io  0x0d00-0xffff window]
[    0.245218] pci_bus 0000:00: resource 6 [mem 0x000a0000-0x000bffff window]
[    0.246054] pci_bus 0000:00: resource 7 [mem 0x40000000-0xfebfffff window]
[    0.246889] pci_bus 0000:00: resource 8 [mem 0x100000000-0x17fffffff window]
[    0.247769] pci 0000:00:01.0: PIIX3: Enabling Passive Release
[    0.248473] pci 0000:00:00.0: Limiting direct PCI/PCI transfers
[    0.249228] PCI: CLS 0 bytes, default 64
[    0.249745] kvm_intel: VMX not supported by CPU 0
[    0.250367] kvm_amd: TSC scaling supported
[    0.250864] kvm_amd: Nested Virtualization enabled
[    0.251454] kvm_amd: Nested Paging enabled
[    0.251956] kvm_amd: LBR virtualization supported
[    0.252534] kvm_amd: Virtual VMLOAD VMSAVE supported
[    0.253139] kvm_amd: Virtual GIF supported
[    0.253638] kvm_amd: Virtual NMI enabled
[    0.286967] clocksource: tsc: mask: 0xffffffffffffffff max_cycles: 0x40be4320a4d, max_idle_ns: 440795288133 ns
[    0.293675] Initialise system trusted keyrings
[    0.294288] workingset: timestamp_bits=56 max_order=18 bucket_order=0
[    0.295112] squashfs: version 4.0 (2009/01/31) Phillip Lougher
[    0.295830] fuse: init (API version 7.41)
[    0.296362] 9p: Installing v9fs 9p2000 file system support
[    0.303384] Key type asymmetric registered
[    0.303891] Asymmetric key parser 'x509' registered
[    0.304508] Block layer SCSI generic (bsg) driver version 0.4 loaded (major 249)
[    0.305428] io scheduler mq-deadline registered
[    0.305987] io scheduler kyber registered
[    0.308102] input: Power Button as /devices/LNXSYSTM:00/LNXPWRBN:00/input/input0
[    0.309064] ACPI: button: Power Button [PWRF]
[    0.310007] Warning: Processor Platform Limit event detected, but not handled.
[    0.310894] Consider compiling CPUfreq support into your kernel.
[    0.328544] ACPI: \_SB_.LNKB: Enabled at IRQ 10
[    0.344156] ACPI: \_SB_.LNKC: Enabled at IRQ 11
[    0.359769] ACPI: \_SB_.LNKA: Enabled at IRQ 10
[    0.360886] Serial: 8250/16550 driver, 4 ports, IRQ sharing enabled
[    0.361780] 00:03: ttyS0 at I/O 0x3f8 (irq = 4, base_baud = 115200) is a 16550A
[    0.388754] Non-volatile memory driver v1.3
[    0.389307] Linux agpgart interface v0.103
[    0.389834] printk: legacy console [hvc0] enabled
[    0.389852] ACPI: bus type drm_connector registered
[    0.390441] printk: legacy bootconsole [earlyser0] disabled
          _      _                                    
   __   _(_)_ __| |_ _ __ ___   ___       _ __   __ _ 
   \ \ / / |  __| __|  _   _ \ / _ \_____|  _ \ / _  |
    \ V /| | |  | |_| | | | | |  __/_____| | | | (_| |
     \_/ |_|_|   \__|_| |_| |_|\___|     |_| |_|\__  |
                                                |___/ 
   kernel version: 6.12.0-rc6-virtme x86_64
   (CTRL+d to exit)

root@virtme-ng:/nipa-data/kernel# PS1='xx__-> '
xx__-> env
PWD=/nipa-data/kernel
nr_open=1048576
HOME=/
TERM=xterm
SHLVL=2
XDG_RUNTIME_DIR=/run/user/0
PATH=/bin:/sbin:/usr/bin:/usr/sbin:/usr/local/bin
OLDPWD=/
_=/bin/env
xx__-> 