No EFI environment detected.
early console in extract_kernel
input_data: 0x0000000004cbb2c4
input_len: 0x000000000189b8ba
output: 0x0000000001000000
output_len: 0x00000000054e147c
kernel_total_size: 0x0000000005030000
needed_size: 0x0000000005600000
trampoline_32bit: 0x000000000009d000
Physical KASLR using RDRAND RDTSC...
Virtual KASLR using RDRAND RDTSC...

Decompressing Linux... Parsing ELF... Performing relocations... done.
Booting the kernel (entry_offset: 0x0000000000000000).
[    0.000000] Linux version 6.11.0-rc5-virtme (root@65a423772d89) (gcc (Ubuntu 13.2.0-23ubuntu4) 13.2.0, GNU ld (GNU Binutils for Ubuntu) 2.42) #1 SMP PREEMPT_DYNAMIC Sun Sep  1 18:27:30 UTC 2024
[    0.000000] Command line: virtme_hostname=virtme-ng nr_open=1048576 virtme_link_mods=/nipa-data/kernel/.virtme_mods/lib/modules/0.0.0 virtme_initmount0=nipa-data/kernel virtme_rw_overlay0=/etc virtme_rw_overlay1=/lib virtme_rw_overlay2=/home virtme_rw_overlay3=/opt virtme_rw_overlay4=/srv virtme_rw_overlay5=/usr virtme_rw_overlay6=/var console=hvc0 earlyprintk=serial,ttyS0,115200 virtme_console=ttyS0 psmouse.proto=exps TERM=xterm virtme_chdir=nipa-data/kernel virtme_root_user=1 rootfstype=9p rootflags=version=9p2000.L,trans=virtio,access=any raid=noautodetect ro init=/usr/lib/python3/dist-packages/virtme/guest/virtme-init
[    0.000000] x86/split lock detection: #DB: warning on user-space bus_locks
[    0.000000] BIOS-provided physical RAM map:
[    0.000000] BIOS-e820: [mem 0x0000000000000000-0x000000000009fbff] usable
[    0.000000] BIOS-e820: [mem 0x000000000009fc00-0x000000000009ffff] reserved
[    0.000000] BIOS-e820: [mem 0x00000000000f0000-0x00000000000fffff] reserved
[    0.000000] BIOS-e820: [mem 0x0000000000100000-0x000000003ffdffff] usable
[    0.000000] BIOS-e820: [mem 0x000000003ffe0000-0x000000003fffffff] reserved
[    0.000000] BIOS-e820: [mem 0x00000000feffc000-0x00000000feffffff] reserved
[    0.000000] BIOS-e820: [mem 0x00000000fffc0000-0x00000000ffffffff] reserved
[    0.000000] printk: legacy bootconsole [earlyser0] enabled
[    0.000000] NX (Execute Disable) protection: active
[    0.000000] APIC: Static calls initialized
[    0.000000] SMBIOS 3.0.0 present.
[    0.000000] DMI: QEMU Ubuntu 24.04 PC (i440FX + PIIX, 1996), BIOS 1.16.3-debian-1.16.3-2 04/01/2014
[    0.000000] DMI: Memory slots populated: 1/1
[    0.000000] Hypervisor detected: KVM
[    0.000000] kvm-clock: Using msrs 4b564d01 and 4b564d00
[    0.000001] kvm-clock: using sched offset of 954852251 cycles
[    0.000748] clocksource: kvm-clock: mask: 0xffffffffffffffff max_cycles: 0x1cd42e4dffb, max_idle_ns: 881590591483 ns
[    0.003070] tsc: Detected 2000.000 MHz processor
[    0.004310] last_pfn = 0x3ffe0 max_arch_pfn = 0x10000000000
[    0.005164] MTRR map: 4 entries (3 fixed + 1 variable; max 19), built from 8 variable MTRRs
[    0.006361] x86/PAT: Configuration [0-7]: WB  WC  UC- UC  WB  WP  UC- WT  
[    0.013511] found SMP MP-table at [mem 0x000f5470-0x000f547f]
[    0.014356] Using GB pages for direct mapping
[    0.015278] ACPI: Early table checksum verification disabled
[    0.016092] ACPI: RSDP 0x00000000000F5290 000014 (v00 BOCHS )
[    0.016923] ACPI: RSDT 0x000000003FFE308E 000034 (v01 BOCHS  BXPC     00000001 BXPC 00000001)
[    0.018157] ACPI: FACP 0x000000003FFE2D8A 000074 (v01 BOCHS  BXPC     00000001 BXPC 00000001)
[    0.019382] ACPI: DSDT 0x000000003FFE0040 002D4A (v01 BOCHS  BXPC     00000001 BXPC 00000001)
[    0.020602] ACPI: FACS 0x000000003FFE0000 000040
[    0.021265] ACPI: APIC 0x000000003FFE2DFE 000230 (v03 BOCHS  BXPC     00000001 BXPC 00000001)
[    0.022486] ACPI: HPET 0x000000003FFE302E 000038 (v01 BOCHS  BXPC     00000001 BXPC 00000001)
[    0.023704] ACPI: WAET 0x000000003FFE3066 000028 (v01 BOCHS  BXPC     00000001 BXPC 00000001)
[    0.024922] ACPI: Reserving FACP table memory at [mem 0x3ffe2d8a-0x3ffe2dfd]
[    0.025933] ACPI: Reserving DSDT table memory at [mem 0x3ffe0040-0x3ffe2d89]
[    0.026946] ACPI: Reserving FACS table memory at [mem 0x3ffe0000-0x3ffe003f]
[    0.027950] ACPI: Reserving APIC table memory at [mem 0x3ffe2dfe-0x3ffe302d]
[    0.028954] ACPI: Reserving HPET table memory at [mem 0x3ffe302e-0x3ffe3065]
[    0.029964] ACPI: Reserving WAET table memory at [mem 0x3ffe3066-0x3ffe308d]
[    0.031467] No NUMA configuration found
[    0.032014] Faking a node at [mem 0x0000000000000000-0x000000003ffdffff]
[    0.032972] NODE_DATA(0) allocated [mem 0x3ffdb000-0x3ffdffff]
[    0.033975] Zone ranges:
[    0.034338]   DMA      [mem 0x0000000000001000-0x0000000000ffffff]
[    0.035221]   DMA32    [mem 0x0000000001000000-0x000000003ffdffff]
[    0.036103]   Normal   empty
[    0.036515]   Device   empty
[    0.036927] Movable zone start for each node
[    0.037536] Early memory node ranges
[    0.038052]   node   0: [mem 0x0000000000001000-0x000000000009efff]
[    0.038947]   node   0: [mem 0x0000000000100000-0x000000003ffdffff]
[    0.039844] Initmem setup node 0 [mem 0x0000000000001000-0x000000003ffdffff]
[    0.040856] On node 0, zone DMA: 1 pages in unavailable ranges
[    0.041788] On node 0, zone DMA: 97 pages in unavailable ranges
[    0.051337] On node 0, zone DMA32: 32 pages in unavailable ranges
[    0.085565] kasan: KernelAddressSanitizer initialized
[    0.086839] ACPI: PM-Timer IO Port: 0x608
[    0.087443] ACPI: LAPIC_NMI (acpi_id[0xff] dfl dfl lint[0x1])
[    0.088332] IOAPIC[0]: apic_id 0, version 17, address 0xfec00000, GSI 0-23
[    0.089317] ACPI: INT_SRC_OVR (bus 0 bus_irq 0 global_irq 2 dfl dfl)
[    0.090230] ACPI: INT_SRC_OVR (bus 0 bus_irq 5 global_irq 5 high level)
[    0.091174] ACPI: INT_SRC_OVR (bus 0 bus_irq 9 global_irq 9 high level)
[    0.092120] ACPI: INT_SRC_OVR (bus 0 bus_irq 10 global_irq 10 high level)
[    0.093086] ACPI: INT_SRC_OVR (bus 0 bus_irq 11 global_irq 11 high level)
[    0.094064] ACPI: Using ACPI (MADT) for SMP configuration information
[    0.094981] ACPI: HPET id: 0x8086a201 base: 0xfed00000
[    0.095718] TSC deadline timer available
[    0.096282] CPU topo: Max. logical packages:   1
[    0.096943] CPU topo: Max. logical dies:       1
[    0.097601] CPU topo: Max. dies per package:   1
[    0.098269] CPU topo: Max. threads per core:   1
[    0.098929] CPU topo: Num. cores per package:    56
[    0.099625] CPU topo: Num. threads per package:  56
[    0.100320] CPU topo: Allowing 56 present CPUs plus 0 hotplug CPUs
[    0.101232] kvm-guest: APIC: eoi() replaced with kvm_guest_apic_eoi_write()
[    0.102339] kvm-guest: KVM setup pv remote TLB flush
[    0.103059] kvm-guest: setup PV sched yield
[    0.103667] PM: hibernation: Registered nosave memory: [mem 0x00000000-0x00000fff]
[    0.104751] PM: hibernation: Registered nosave memory: [mem 0x0009f000-0x0009ffff]
[    0.105830] PM: hibernation: Registered nosave memory: [mem 0x000a0000-0x000effff]
[    0.106913] PM: hibernation: Registered nosave memory: [mem 0x000f0000-0x000fffff]
[    0.107993] [mem 0x40000000-0xfeffbfff] available for PCI devices
[    0.108863] Booting paravirtualized kernel on KVM
[    0.109534] clocksource: refined-jiffies: mask: 0xffffffff max_cycles: 0xffffffff, max_idle_ns: 1910969940391419 ns
[    0.132197] setup_percpu: NR_CPUS:64 nr_cpumask_bits:56 nr_cpu_ids:56 nr_node_ids:1
[    0.142840] percpu: Embedded 70 pages/cpu s248408 r8192 d30120 u524288
[    0.143991] Kernel command line: virtme_hostname=virtme-ng nr_open=1048576 virtme_link_mods=/nipa-data/kernel/.virtme_mods/lib/modules/0.0.0 virtme_initmount0=nipa-data/kernel virtme_rw_overlay0=/etc virtme_rw_overlay1=/lib virtme_rw_overlay2=/home virtme_rw_overlay3=/opt virtme_rw_overlay4=/srv virtme_rw_overlay5=/usr virtme_rw_overlay6=/var console=hvc0 earlyprintk=serial,ttyS0,115200 virtme_console=ttyS0 psmouse.proto=exps TERM=xterm virtme_chdir=nipa-data/kernel virtme_root_user=1 rootfstype=9p rootflags=version=9p2000.L,trans=virtio,access=any raid=noautodetect ro init=/usr/lib/python3/dist-packages/virtme/guest/virtme-init
[    0.152361] Unknown kernel command line parameters "virtme_hostname=virtme-ng nr_open=1048576 virtme_link_mods=/nipa-data/kernel/.virtme_mods/lib/modules/0.0.0 virtme_initmount0=nipa-data/kernel virtme_rw_overlay0=/etc virtme_rw_overlay1=/lib virtme_rw_overlay2=/home virtme_rw_overlay3=/opt virtme_rw_overlay4=/srv virtme_rw_overlay5=/usr virtme_rw_overlay6=/var virtme_console=ttyS0 virtme_chdir=nipa-data/kernel virtme_root_user=1", will be passed to user space.
[    0.158285] random: crng init done
[    0.158777] printk: log_buf_len individual max cpu contribution: 4096 bytes
[    0.159783] printk: log_buf_len total cpu_extra contributions: 225280 bytes
[    0.160789] printk: log_buf_len min size: 262144 bytes
[    0.162440] printk: log_buf_len: 524288 bytes
[    0.163098] printk: early log buf free: 253864(96%)
[    0.164284] Dentry cache hash table entries: 131072 (order: 8, 1048576 bytes, linear)
[    0.165501] Inode-cache hash table entries: 65536 (order: 7, 524288 bytes, linear)
[    0.169203] Fallback order for Node 0: 0 
[    0.169218] Built 1 zonelists, mobility grouping on.  Total pages: 262014
[    0.170729] Policy zone: DMA32
[    0.171152] mem auto-init: stack:all(zero), heap alloc:off, heap free:off
[    0.172083] stackdepot: allocating hash table via alloc_large_system_hash
[    0.173017] stackdepot hash table entries: 1048576 (order: 12, 16777216 bytes, linear)
[    0.197912] SLUB: HWalign=64, Order=0-3, MinObjects=0, CPUs=56, Nodes=1
Poking KASLR using RDRAND RDTSC...
[    0.199446] ftrace: allocating 48418 entries in 190 pages
[    0.219795] ftrace: allocated 190 pages with 6 groups
[    0.222470] Dynamic Preempt: voluntary
[    0.225026] rcu: Preemptible hierarchical RCU implementation.
[    0.225827] rcu: RCU event tracing is enabled.
[    0.226453] rcu: RCU restricting CPUs from NR_CPUS=64 to nr_cpu_ids=56.
[    0.227374] Trampoline variant of Tasks RCU enabled.
[    0.228067] Rude variant of Tasks RCU enabled.
[    0.228688] Tracing variant of Tasks RCU enabled.
[    0.229346] rcu: RCU calculated value of scheduler-enlistment delay is 100 jiffies.
[    0.230399] rcu: Adjusting geometry for rcu_fanout_leaf=16, nr_cpu_ids=56
[    0.231632] RCU Tasks: Setting shift to 6 and lim to 1 rcu_task_cb_adjust=1.
[    0.232604] RCU Tasks Rude: Setting shift to 6 and lim to 1 rcu_task_cb_adjust=1.
[    0.233634] RCU Tasks Trace: Setting shift to 6 and lim to 1 rcu_task_cb_adjust=1.
[    0.254881] NR_IRQS: 4352, nr_irqs: 872, preallocated irqs: 16
[    0.256236] rcu: srcu_init: Setting srcu_struct sizes based on contention.
[    0.257680] Console: colour *CGA 80x25
[    0.258320] ACPI: Core revision 20240322
[    0.259225] clocksource: hpet: mask: 0xffffffff max_cycles: 0xffffffff, max_idle_ns: 19112604467 ns
[    0.260615] APIC: Switch to symmetric I/O mode setup
[    0.261489] APIC: Switched APIC routing to: physical flat
[    0.262583] kvm-guest: APIC: send_IPI_mask() replaced with kvm_send_ipi_mask()
[    0.263626] kvm-guest: APIC: send_IPI_mask_allbutself() replaced with kvm_send_ipi_mask_allbutself()
[    0.265521] kvm-guest: setup PV IPIs
[    0.268079] ..TIMER: vector=0x30 apic1=0 pin1=2 apic2=-1 pin2=-1
[    0.269469] clocksource: tsc-early: mask: 0xffffffffffffffff max_cycles: 0x39a85c9bff6, max_idle_ns: 881590591483 ns
[    0.272512] Calibrating delay loop (skipped) preset value.. 4000.00 BogoMIPS (lpj=2000000)
[    0.274562] x86/cpu: User Mode Instruction Prevention (UMIP) activated
[    0.275661] Last level iTLB entries: 4KB 0, 2MB 0, 4MB 0
[    0.276505] Last level dTLB entries: 4KB 0, 2MB 0, 4MB 0, 1GB 0
[    0.277529] Spectre V1 : Mitigation: usercopy/swapgs barriers and __user pointer sanitization
[    0.278514] Spectre V2 : Spectre BHI mitigation: SW BHB clearing on syscall and VM exit
[    0.279505] Spectre V2 : Mitigation: Enhanced / Automatic IBRS
[    0.280508] Spectre V2 : Spectre v2 / SpectreRSB mitigation: Filling RSB on context switch
[    0.281505] Spectre V2 : Spectre v2 / PBRSB-eIBRS: Retire a single CALL on VMEXIT
[    0.282522] Spectre V2 : mitigation: Enabling conditional Indirect Branch Prediction Barrier
[    0.283511] Speculative Store Bypass: Mitigation: Speculative Store Bypass disabled via prctl
[    0.284506] TAA: Mitigation: TSX disabled
[    0.285595] x86/fpu: Supporting XSAVE feature 0x001: 'x87 floating point registers'
[    0.286505] x86/fpu: Supporting XSAVE feature 0x002: 'SSE registers'
[    0.287505] x86/fpu: Supporting XSAVE feature 0x004: 'AVX registers'
[    0.288505] x86/fpu: Supporting XSAVE feature 0x020: 'AVX-512 opmask'
[    0.289505] x86/fpu: Supporting XSAVE feature 0x040: 'AVX-512 Hi256'
[    0.290505] x86/fpu: Supporting XSAVE feature 0x080: 'AVX-512 ZMM_Hi256'
[    0.291505] x86/fpu: Supporting XSAVE feature 0x200: 'Protection Keys User registers'
[    0.292505] x86/fpu: Supporting XSAVE feature 0x20000: 'AMX Tile config'
[    0.293505] x86/fpu: Supporting XSAVE feature 0x40000: 'AMX Tile data'
[    0.294506] x86/fpu: xstate_offset[2]:  576, xstate_sizes[2]:  256
[    0.295508] x86/fpu: xstate_offset[5]:  832, xstate_sizes[5]:   64
[    0.296505] x86/fpu: xstate_offset[6]:  896, xstate_sizes[6]:  512
[    0.297505] x86/fpu: xstate_offset[7]: 1408, xstate_sizes[7]: 1024
[    0.298514] x86/fpu: xstate_offset[9]: 2432, xstate_sizes[9]:    8
[    0.299514] x86/fpu: xstate_offset[17]: 2496, xstate_sizes[17]:   64
[    0.300514] x86/fpu: xstate_offset[18]: 2560, xstate_sizes[18]: 8192
[    0.301514] x86/fpu: Enabled xstate features 0x602e7, context size is 10752 bytes, using 'compacted' format.
[    0.346244] Freeing SMP alternatives memory: 40K
[    0.346506] pid_max: default: 57344 minimum: 448
[    0.348518] Mount-cache hash table entries: 2048 (order: 2, 16384 bytes, linear)
[    0.349508] Mountpoint-cache hash table entries: 2048 (order: 2, 16384 bytes, linear)
[    0.351868] smpboot: CPU0: Intel(R) Xeon(R) Platinum 8480+ (family: 0x6, model: 0x8f, stepping: 0x6)
[    0.353299] Performance Events: PEBS fmt0-, Sapphire Rapids events, full-width counters, Intel PMU driver.
[    0.353512] ... version:                2
[    0.354316] ... bit width:              48
[    0.354507] ... generic registers:      8
[    0.355312] ... value mask:             0000ffffffffffff
[    0.355507] ... max period:             00007fffffffffff
[    0.356507] ... fixed-purpose events:   3
[    0.357313] ... event mask:             00000007000000ff
[    0.357852] signal: max sigframe size: 11952
[    0.358578] rcu: Hierarchical SRCU implementation.
[    0.359508] rcu: Max phase no-delay instances is 400.
[    0.360620] Timer migration: 2 hierarchy levels; 8 children per group; 2 crossnode level
[    0.364194] smp: Bringing up secondary CPUs ...
[    0.364823] smpboot: x86: Booting SMP configuration:
[    0.365512] .... node  #0, CPUs:        #1  #2  #3  #4  #5  #6  #7  #8  #9 #10 #11 #12 #13 #14 #15 #16 #17 #18 #19 #20 #21 #22 #23 #24 #25 #26 #27 #28 #29 #30 #31 #32 #33 #34 #35 #36 #37 #38 #39 #40 #41 #42 #43 #44 #45 #46 #47 #48 #49 #50 #51 #52 #53 #54 #55
[    0.430319] smp: Brought up 1 node, 56 CPUs
[    0.431360] smpboot: Total of 56 processors activated (224000.00 BogoMIPS)
[    0.446044] Memory: 742844K/1048056K available (45056K kernel code, 11299K rwdata, 9932K rodata, 5956K init, 1960K bss, 280344K reserved, 0K cma-reserved)
[    0.447507] devtmpfs: initialized
[    0.448554] x86/mm: Memory block size: 128MB
[    0.458911] clocksource: jiffies: mask: 0xffffffff max_cycles: 0xffffffff, max_idle_ns: 1911260446275000 ns
[    0.459531] futex hash table entries: 16384 (order: 8, 1048576 bytes, linear)
[    0.461509] PM: RTC time: 18:28:16, date: 2024-09-01
[    0.465888] NET: Registered PF_NETLINK/PF_ROUTE protocol family
[    0.467696] thermal_sys: Registered thermal governor 'step_wise'
[    0.467701] thermal_sys: Registered thermal governor 'user_space'
[    0.468584] cpuidle: using governor menu
[    0.473076] PCI: Using configuration type 1 for base access
[    0.473709] kprobes: kprobe jump-optimization is enabled. All kprobes are optimized if possible.
[    0.520979] HugeTLB: registered 1.00 GiB page size, pre-allocated 0 pages
[    0.523513] HugeTLB: 16380 KiB vmemmap can be freed for a 1.00 GiB page
[    0.525510] HugeTLB: registered 2.00 MiB page size, pre-allocated 0 pages
[    0.526508] HugeTLB: 28 KiB vmemmap can be freed for a 2.00 MiB page
[    0.530241] ACPI: Added _OSI(Module Device)
[    0.531512] ACPI: Added _OSI(Processor Device)
[    0.532509] ACPI: Added _OSI(3.0 _SCP Extensions)
[    0.533509] ACPI: Added _OSI(Processor Aggregator Device)
[    0.568766] ACPI: 1 ACPI AML tables successfully acquired and loaded
[    0.579411] ACPI: Interpreter enabled
[    0.579587] ACPI: PM: (supports S0 S3 S4 S5)
[    0.580478] ACPI: Using IOAPIC for interrupt routing
[    0.581583] PCI: Using host bridge windows from ACPI; if necessary, use "pci=nocrs" and report a bug
[    0.583509] PCI: Using E820 reservations for host bridge windows
[    0.585976] ACPI: Enabled 2 GPEs in block 00 to 0F
[    0.648119] ACPI: PCI Root Bridge [PCI0] (domain 0000 [bus 00-ff])
[    0.648503] acpi PNP0A03:00: _OSC: OS supports [ASPM ClockPM Segments MSI HPX-Type3]
[    0.651509] acpi PNP0A03:00: _OSC: not requesting OS control; OS requires [ExtendedConfig ASPM ClockPM MSI]
[    0.652642] acpi PNP0A03:00: fail to add MMCONFIG information, can't access extended configuration space under this bridge
[    0.654947] PCI host bridge to bus 0000:00
[    0.656573] pci_bus 0000:00: root bus resource [io  0x0000-0x0cf7 window]
[    0.657511] pci_bus 0000:00: root bus resource [io  0x0d00-0xffff window]
[    0.658511] pci_bus 0000:00: root bus resource [mem 0x000a0000-0x000bffff window]
[    0.660510] pci_bus 0000:00: root bus resource [mem 0x40000000-0xfebfffff window]
[    0.661510] pci_bus 0000:00: root bus resource [mem 0x100000000-0x17fffffff window]
[    0.662511] pci_bus 0000:00: root bus resource [bus 00-ff]
[    0.663579] pci 0000:00:00.0: [8086:1237] type 00 class 0x060000 conventional PCI endpoint
[    0.666751] pci 0000:00:01.0: [8086:7000] type 00 class 0x060100 conventional PCI endpoint
[    0.669888] pci 0000:00:01.1: [8086:7010] type 00 class 0x010180 conventional PCI endpoint
[    0.673858] pci 0000:00:01.1: BAR 4 [io  0xc0c0-0xc0cf]
[    0.675884] pci 0000:00:01.1: BAR 0 [io  0x01f0-0x01f7]: legacy IDE quirk
[    0.676503] pci 0000:00:01.1: BAR 1 [io  0x03f6]: legacy IDE quirk
[    0.678508] pci 0000:00:01.1: BAR 2 [io  0x0170-0x0177]: legacy IDE quirk
[    0.679507] pci 0000:00:01.1: BAR 3 [io  0x0376]: legacy IDE quirk
[    0.683501] pci 0000:00:01.3: [8086:7113] type 00 class 0x068000 conventional PCI endpoint
[    0.684864] pci 0000:00:01.3: quirk: [io  0x0600-0x063f] claimed by PIIX4 ACPI
[    0.686518] pci 0000:00:01.3: quirk: [io  0x0700-0x070f] claimed by PIIX4 SMB
[    0.688545] pci 0000:00:02.0: [1af4:1009] type 00 class 0x000200 conventional PCI endpoint
[    0.692299] pci 0000:00:02.0: BAR 0 [io  0xc000-0xc03f]
[    0.694510] pci 0000:00:02.0: BAR 1 [mem 0xfebfc000-0xfebfcfff]
[    0.700511] pci 0000:00:02.0: BAR 4 [mem 0xfebf0000-0xfebf3fff 64bit pref]
[    0.715761] pci 0000:00:03.0: [1af4:1009] type 00 class 0x000200 conventional PCI endpoint
[    0.718510] pci 0000:00:03.0: BAR 0 [io  0xc040-0xc07f]
[    0.720999] pci 0000:00:03.0: BAR 1 [mem 0xfebfd000-0xfebfdfff]
[    0.724511] pci 0000:00:03.0: BAR 4 [mem 0xfebf4000-0xfebf7fff 64bit pref]
[    0.739085] pci 0000:00:04.0: [8086:25ab] type 00 class 0x088000 conventional PCI endpoint
[    0.741201] pci 0000:00:04.0: BAR 0 [mem 0xfebfe000-0xfebfe00f]
[    0.757185] pci 0000:00:05.0: [1af4:1003] type 00 class 0x078000 conventional PCI endpoint
[    0.759510] pci 0000:00:05.0: BAR 0 [io  0xc080-0xc0bf]
[    0.761510] pci 0000:00:05.0: BAR 1 [mem 0xfebff000-0xfebfffff]
[    0.765511] pci 0000:00:05.0: BAR 4 [mem 0xfebf8000-0xfebfbfff 64bit pref]
[    0.784172] ACPI: PCI: Interrupt link LNKA configured for IRQ 10
[    0.786587] ACPI: PCI: Interrupt link LNKB configured for IRQ 10
[    0.788565] ACPI: PCI: Interrupt link LNKC configured for IRQ 11
[    0.790552] ACPI: PCI: Interrupt link LNKD configured for IRQ 11
[    0.791941] ACPI: PCI: Interrupt link LNKS configured for IRQ 9
[    0.823788] iommu: Default domain type: Translated
[    0.824503] iommu: DMA domain TLB invalidation policy: lazy mode
[    0.827093] SCSI subsystem initialized
[    0.828571] pps_core: LinuxPPS API ver. 1 registered
[    0.829507] pps_core: Software ver. 5.3.6 - Copyright 2005-2007 Rodolfo Giometti <giometti@linux.it>
[    0.830523] PTP clock support registered
[    0.832757] Advanced Linux Sound Architecture Driver Initialized.
[    0.835503] NET: Registered PF_ATMPVC protocol family
[    0.837509] NET: Registered PF_ATMSVC protocol family
[    0.838539] PCI: Using ACPI for IRQ routing
[    0.839667] vgaarb: loaded
[    0.840728] hpet0: at MMIO 0xfed00000, IRQs 2, 8, 0
[    0.841507] hpet0: 3 comparators, 64-bit 100.000000 MHz counter
[    0.849112] clocksource: Switched to clocksource kvm-clock
[    0.850503] VFS: Disk quotas dquot_6.6.0
[    0.851374] VFS: Dquot-cache hash table entries: 512 (order 0, 4096 bytes)
[    0.853724] pnp: PnP ACPI init
[    0.857201] pnp: PnP ACPI: found 5 devices
[    0.884018] clocksource: acpi_pm: mask: 0xffffff max_cycles: 0xffffff, max_idle_ns: 2085701024 ns
[    0.886014] NET: Registered PF_INET protocol family
[    0.887118] IP idents hash table entries: 16384 (order: 5, 131072 bytes, linear)
[    0.889394] tcp_listen_portaddr_hash hash table entries: 512 (order: 1, 8192 bytes, linear)
[    0.891131] Table-perturb hash table entries: 65536 (order: 6, 262144 bytes, linear)
[    0.892753] TCP established hash table entries: 8192 (order: 4, 65536 bytes, linear)
[    0.894376] TCP bind hash table entries: 8192 (order: 6, 262144 bytes, linear)
[    0.895891] TCP: Hash tables configured (established 8192 bind 8192)
[    0.897546] UDP hash table entries: 512 (order: 2, 16384 bytes, linear)
[    0.898918] UDP-Lite hash table entries: 512 (order: 2, 16384 bytes, linear)
[    0.900766] NET: Registered PF_UNIX/PF_LOCAL protocol family
[    0.901966] pci_bus 0000:00: resource 4 [io  0x0000-0x0cf7 window]
[    0.903246] pci_bus 0000:00: resource 5 [io  0x0d00-0xffff window]
[    0.904515] pci_bus 0000:00: resource 6 [mem 0x000a0000-0x000bffff window]
[    0.905927] pci_bus 0000:00: resource 7 [mem 0x40000000-0xfebfffff window]
[    0.907341] pci_bus 0000:00: resource 8 [mem 0x100000000-0x17fffffff window]
[    0.909024] pci 0000:00:01.0: PIIX3: Enabling Passive Release
[    0.910214] pci 0000:00:00.0: Limiting direct PCI/PCI transfers
[    0.911529] PCI: CLS 0 bytes, default 64
[    0.930424] RAPL PMU: API unit is 2^-32 Joules, 1 fixed counters, 10737418240 ms ovfl timer
[    0.932359] RAPL PMU: hw unit of domain psys 2^-0 Joules
[    1.277041] kwatchdog (373) used greatest stack depth: 30696 bytes left
[    1.517221] kvm_amd: CPU 18 isn't AMD or Hygon
[    1.518156] clocksource: tsc: mask: 0xffffffffffffffff max_cycles: 0x39a85c9bff6, max_idle_ns: 881590591483 ns
[    1.668491] Initialise system trusted keyrings
[    1.670306] workingset: timestamp_bits=56 max_order=18 bucket_order=0
[    1.672092] squashfs: version 4.0 (2009/01/31) Phillip Lougher
[    1.673353] fuse: init (API version 7.40)
[    1.674908] 9p: Installing v9fs 9p2000 file system support
[    1.695039] Key type asymmetric registered
[    1.695896] Asymmetric key parser 'x509' registered
[    1.696978] Block layer SCSI generic (bsg) driver version 0.4 loaded (major 249)
[    1.698539] io scheduler mq-deadline registered
[    1.699473] io scheduler kyber registered
[    1.722342] input: Power Button as /devices/LNXSYSTM:00/LNXPWRBN:00/input/input0
[    1.724504] ACPI: button: Power Button [PWRF]
[    1.728559] Warning: Processor Platform Limit event detected, but not handled.
[    1.731729] Consider compiling CPUfreq support into your kernel.
[    2.652291] ACPI: \_SB_.LNKB: Enabled at IRQ 10
[    3.532441] ACPI: \_SB_.LNKC: Enabled at IRQ 11
[    4.199137] ACPI: \_SB_.LNKA: Enabled at IRQ 10
[    4.200805] Serial: 8250/16550 driver, 4 ports, IRQ sharing enabled
[    4.201753] 00:03: ttyS0 at I/O 0x3f8 (irq = 4, base_baud = 115200) is a 16550A
[    4.227613] Non-volatile memory driver v1.3
[    4.228087] Linux agpgart interface v0.103
[    4.229027] ACPI: bus type drm_connector registered
[    4.230964] printk: legacy console [hvc0] enabled
[    4.232028] printk: legacy bootconsole [earlyser0] disabled
          _      _                                    
   __   _(_)_ __| |_ _ __ ___   ___       _ __   __ _ 
   \ \ / / |  __| __|  _   _ \ / _ \_____|  _ \ / _  |
    \ V /| | |  | |_| | | | | |  __/_____| | | | (_| |
     \_/ |_|_|   \__|_| |_| |_|\___|     |_| |_|\__  |
                                                |___/ 
   kernel version: 6.11.0-rc5-virtme x86_64
   (CTRL+d to exit)

root@virtme-ng:/nipa-data/kernel# PS1='xx__-> '
xx__-> env
PWD=/nipa-data/kernel
nr_open=1048576
HOME=/
TERM=xterm
SHLVL=2
XDG_RUNTIME_DIR=/run/user/0
PATH=/bin:/sbin:/usr/bin:/usr/sbin:/usr/local/bin
OLDPWD=/
_=/bin/env
xx__-> 