No EFI environment detected.
early console in extract_kernel
input_data: 0x0000000004ab72b9
input_len: 0x000000000181ef1c
output: 0x0000000001000000
output_len: 0x0000000005262e28
kernel_total_size: 0x0000000004e30000
needed_size: 0x0000000005400000
trampoline_32bit: 0x0000000000000000
Physical KASLR using RDRAND RDTSC...
Virtual KASLR using RDRAND RDTSC...

Decompressing Linux... Parsing ELF... Performing relocations... done.
Booting the kernel (entry_offset: 0x0000000000000000).
[    0.000000] Linux version 6.9.0-rc2-virtme (root@c13706bfa9ac) (gcc (Alpine 13.2.1_git20240309) 13.2.1 20240309, GNU ld (GNU Binutils) 2.42) #1 SMP PREEMPT_DYNAMIC Mon Apr  8 12:26:34 UTC 2024
[    0.000000] Command line: virtme_hostname=virtme-ng nr_open=1048576 virtme_link_mods=/nipa-data/kernel/.virtme_mods/lib/modules/0.0.0 virtme_initmount0=nipa-data/kernel virtme_rw_overlay0=/etc virtme_rw_overlay1=/lib virtme_rw_overlay2=/home virtme_rw_overlay3=/opt virtme_rw_overlay4=/srv virtme_rw_overlay5=/usr virtme_rw_overlay6=/var console=hvc0 earlyprintk=serial,ttyS0,115200 virtme_console=ttyS0 psmouse.proto=exps TERM=xterm virtme_chdir=nipa-data/kernel virtme_root_user=1 rootfstype=9p rootflags=version=9p2000.L,trans=virtio,access=any raid=noautodetect ro init=/usr/lib/python3.11/site-packages/virtme/guest/virtme-init
[    0.000000] BIOS-provided physical RAM map:
[    0.000000] BIOS-e820: [mem 0x0000000000000000-0x000000000009fbff] usable
[    0.000000] BIOS-e820: [mem 0x000000000009fc00-0x000000000009ffff] reserved
[    0.000000] BIOS-e820: [mem 0x00000000000f0000-0x00000000000fffff] reserved
[    0.000000] BIOS-e820: [mem 0x0000000000100000-0x000000003ffdffff] usable
[    0.000000] BIOS-e820: [mem 0x000000003ffe0000-0x000000003fffffff] reserved
[    0.000000] BIOS-e820: [mem 0x00000000feffc000-0x00000000feffffff] reserved
[    0.000000] BIOS-e820: [mem 0x00000000fffc0000-0x00000000ffffffff] reserved
[    0.000000] BIOS-e820: [mem 0x000000fd00000000-0x000000ffffffffff] reserved
[    0.000000] printk: legacy bootconsole [earlyser0] enabled
[    0.000000] NX (Execute Disable) protection: active
[    0.000000] APIC: Static calls initialized
[    0.000000] SMBIOS 3.0.0 present.
[    0.000000] DMI: QEMU Standard PC (i440FX + PIIX, 1996), BIOS rel-1.16.3-0-ga6ed6b701f0a-prebuilt.qemu.org 04/01/2014
[    0.000000] Hypervisor detected: KVM
[    0.000000] kvm-clock: Using msrs 4b564d01 and 4b564d00
[    0.000000] kvm-clock: using sched offset of 364117978 cycles
[    0.000405] clocksource: kvm-clock: mask: 0xffffffffffffffff max_cycles: 0x1cd42e4dffb, max_idle_ns: 881590591483 ns
[    0.001636] tsc: Detected 4491.536 MHz processor
[    0.002362] last_pfn = 0x3ffe0 max_arch_pfn = 0x400000000
[    0.002790] MTRR map: 4 entries (3 fixed + 1 variable; max 19), built from 8 variable MTRRs
[    0.003441] x86/PAT: Configuration [0-7]: WB  WC  UC- UC  WB  WP  UC- WT  
[    0.005491] found SMP MP-table at [mem 0x000f5470-0x000f547f]
[    0.005929] Using GB pages for direct mapping
[    0.006431] ACPI: Early table checksum verification disabled
[    0.006855] ACPI: RSDP 0x00000000000F5290 000014 (v00 BOCHS )
[    0.007315] ACPI: RSDT 0x000000003FFE27BC 000034 (v01 BOCHS  BXPC     00000001 BXPC 00000001)
[    0.007958] ACPI: FACP 0x000000003FFE2578 000074 (v01 BOCHS  BXPC     00000001 BXPC 00000001)
[    0.008627] ACPI: DSDT 0x000000003FFE0040 002538 (v01 BOCHS  BXPC     00000001 BXPC 00000001)
[    0.009280] ACPI: FACS 0x000000003FFE0000 000040
[    0.009628] ACPI: APIC 0x000000003FFE25EC 000170 (v03 BOCHS  BXPC     00000001 BXPC 00000001)
[    0.010282] ACPI: HPET 0x000000003FFE275C 000038 (v01 BOCHS  BXPC     00000001 BXPC 00000001)
[    0.010926] ACPI: WAET 0x000000003FFE2794 000028 (v01 BOCHS  BXPC     00000001 BXPC 00000001)
[    0.011587] ACPI: Reserving FACP table memory at [mem 0x3ffe2578-0x3ffe25eb]
[    0.012128] ACPI: Reserving DSDT table memory at [mem 0x3ffe0040-0x3ffe2577]
[    0.012657] ACPI: Reserving FACS table memory at [mem 0x3ffe0000-0x3ffe003f]
[    0.013203] ACPI: Reserving APIC table memory at [mem 0x3ffe25ec-0x3ffe275b]
[    0.013829] ACPI: Reserving HPET table memory at [mem 0x3ffe275c-0x3ffe2793]
[    0.014398] ACPI: Reserving WAET table memory at [mem 0x3ffe2794-0x3ffe27bb]
[    0.015144] No NUMA configuration found
[    0.015432] Faking a node at [mem 0x0000000000000000-0x000000003ffdffff]
[    0.015936] NODE_DATA(0) allocated [mem 0x3ffdb000-0x3ffdffff]
[    0.016391] Zone ranges:
[    0.016580]   DMA      [mem 0x0000000000001000-0x0000000000ffffff]
[    0.017045]   DMA32    [mem 0x0000000001000000-0x000000003ffdffff]
[    0.017509]   Normal   empty
[    0.017727]   Device   empty
[    0.017944] Movable zone start for each node
[    0.018266] Early memory node ranges
[    0.018535]   node   0: [mem 0x0000000000001000-0x000000000009efff]
[    0.019013]   node   0: [mem 0x0000000000100000-0x000000003ffdffff]
[    0.019483] Initmem setup node 0 [mem 0x0000000000001000-0x000000003ffdffff]
[    0.020015] On node 0, zone DMA: 1 pages in unavailable ranges
[    0.020513] On node 0, zone DMA: 97 pages in unavailable ranges
[    0.025396] On node 0, zone DMA32: 32 pages in unavailable ranges
[    0.034865] kasan: KernelAddressSanitizer initialized
[    0.035490] ACPI: PM-Timer IO Port: 0x608
[    0.035803] ACPI: LAPIC_NMI (acpi_id[0xff] dfl dfl lint[0x1])
[    0.036266] IOAPIC[0]: apic_id 0, version 17, address 0xfec00000, GSI 0-23
[    0.036790] ACPI: INT_SRC_OVR (bus 0 bus_irq 0 global_irq 2 dfl dfl)
[    0.037271] ACPI: INT_SRC_OVR (bus 0 bus_irq 5 global_irq 5 high level)
[    0.037772] ACPI: INT_SRC_OVR (bus 0 bus_irq 9 global_irq 9 high level)
[    0.038275] ACPI: INT_SRC_OVR (bus 0 bus_irq 10 global_irq 10 high level)
[    0.038791] ACPI: INT_SRC_OVR (bus 0 bus_irq 11 global_irq 11 high level)
[    0.039317] ACPI: Using ACPI (MADT) for SMP configuration information
[    0.039803] ACPI: HPET id: 0x8086a201 base: 0xfed00000
[    0.040206] TSC deadline timer available
[    0.040504] CPU topo: Max. logical packages:   1
[    0.040852] CPU topo: Max. logical dies:       1
[    0.041204] CPU topo: Max. dies per package:   1
[    0.041556] CPU topo: Max. threads per core:  32
[    0.041906] CPU topo: Num. cores per package:     1
[    0.042276] CPU topo: Num. threads per package:  32
[    0.042645] CPU topo: Allowing 32 present CPUs plus 0 hotplug CPUs
[    0.043139] kvm-guest: APIC: eoi() replaced with kvm_guest_apic_eoi_write()
[    0.043679] kvm-guest: KVM setup pv remote TLB flush
[    0.044063] kvm-guest: setup PV sched yield
[    0.044475] PM: hibernation: Registered nosave memory: [mem 0x00000000-0x00000fff]
[    0.045167] PM: hibernation: Registered nosave memory: [mem 0x0009f000-0x0009ffff]
[    0.045736] PM: hibernation: Registered nosave memory: [mem 0x000a0000-0x000effff]
[    0.046307] PM: hibernation: Registered nosave memory: [mem 0x000f0000-0x000fffff]
[    0.046880] [mem 0x40000000-0xfeffbfff] available for PCI devices
[    0.047353] Booting paravirtualized kernel on KVM
[    0.047711] clocksource: refined-jiffies: mask: 0xffffffff max_cycles: 0xffffffff, max_idle_ns: 1910969940391419 ns
[    0.056737] setup_percpu: NR_CPUS:64 nr_cpumask_bits:32 nr_cpu_ids:32 nr_node_ids:1
[    0.058568] percpu: Embedded 70 pages/cpu s248616 r8192 d29912 u524288
[    0.059130] Kernel command line: virtme_hostname=virtme-ng nr_open=1048576 virtme_link_mods=/nipa-data/kernel/.virtme_mods/lib/modules/0.0.0 virtme_initmount0=nipa-data/kernel virtme_rw_overlay0=/etc virtme_rw_overlay1=/lib virtme_rw_overlay2=/home virtme_rw_overlay3=/opt virtme_rw_overlay4=/srv virtme_rw_overlay5=/usr virtme_rw_overlay6=/var console=hvc0 earlyprintk=serial,ttyS0,115200 virtme_console=ttyS0 psmouse.proto=exps TERM=xterm virtme_chdir=nipa-data/kernel virtme_root_user=1 rootfstype=9p rootflags=version=9p2000.L,trans=virtio,access=any raid=noautodetect ro init=/usr/lib/python3.11/site-packages/virtme/guest/virtme-init
[    0.063595] Unknown kernel command line parameters "virtme_hostname=virtme-ng nr_open=1048576 virtme_link_mods=/nipa-data/kernel/.virtme_mods/lib/modules/0.0.0 virtme_initmount0=nipa-data/kernel virtme_rw_overlay0=/etc virtme_rw_overlay1=/lib virtme_rw_overlay2=/home virtme_rw_overlay3=/opt virtme_rw_overlay4=/srv virtme_rw_overlay5=/usr virtme_rw_overlay6=/var virtme_console=ttyS0 virtme_chdir=nipa-data/kernel virtme_root_user=1", will be passed to user space.
[    0.066961] random: crng init done
[    0.067268] Dentry cache hash table entries: 131072 (order: 8, 1048576 bytes, linear)
[    0.067905] Inode-cache hash table entries: 65536 (order: 7, 524288 bytes, linear)
[    0.068939] Fallback order for Node 0: 0 
[    0.068944] Built 1 zonelists, mobility grouping on.  Total pages: 257760
[    0.069786] Policy zone: DMA32
[    0.070024] mem auto-init: stack:all(zero), heap alloc:off, heap free:off
[    0.070553] stackdepot: allocating hash table via alloc_large_system_hash
[    0.071099] stackdepot hash table entries: 1048576 (order: 12, 16777216 bytes, linear)
[    0.079369] Memory: 781056K/1048056K available (43008K kernel code, 11118K rwdata, 9736K rodata, 5832K init, 2416K bss, 266744K reserved, 0K cma-reserved)
[    0.080638] SLUB: HWalign=64, Order=0-3, MinObjects=0, CPUs=32, Nodes=1
Poking KASLR using RDRAND RDTSC...
[    0.081444] ftrace: allocating 47667 entries in 187 pages
[    0.090319] ftrace: allocated 187 pages with 6 groups
[    0.091607] Dynamic Preempt: voluntary
[    0.092387] rcu: Preemptible hierarchical RCU implementation.
[    0.092835] rcu: RCU event tracing is enabled.
[    0.093186] rcu: RCU restricting CPUs from NR_CPUS=64 to nr_cpu_ids=32.
[    0.093721] Trampoline variant of Tasks RCU enabled.
[    0.094114] Rude variant of Tasks RCU enabled.
[    0.094466] Tracing variant of Tasks RCU enabled.
[    0.094863] rcu: RCU calculated value of scheduler-enlistment delay is 100 jiffies.
[    0.095458] rcu: Adjusting geometry for rcu_fanout_leaf=16, nr_cpu_ids=32
[    0.096135] RCU Tasks: Setting shift to 5 and lim to 1 rcu_task_cb_adjust=1.
[    0.096725] RCU Tasks Rude: Setting shift to 5 and lim to 1 rcu_task_cb_adjust=1.
[    0.097304] RCU Tasks Trace: Setting shift to 5 and lim to 1 rcu_task_cb_adjust=1.
[    0.107300] NR_IRQS: 4352, nr_irqs: 680, preallocated irqs: 16
[    0.108135] rcu: srcu_init: Setting srcu_struct sizes based on contention.
[    0.109010] Console: colour *CGA 80x25
[    0.109390] ACPI: Core revision 20230628
[    0.109938] clocksource: hpet: mask: 0xffffffff max_cycles: 0xffffffff, max_idle_ns: 19112604467 ns
[    0.110846] APIC: Switch to symmetric I/O mode setup
[    0.111311] APIC: Switched APIC routing to: physical flat
[    0.111806] kvm-guest: APIC: send_IPI_mask() replaced with kvm_send_ipi_mask()
[    0.112445] kvm-guest: APIC: send_IPI_mask_allbutself() replaced with kvm_send_ipi_mask_allbutself()
[    0.113275] kvm-guest: setup PV IPIs
[    0.114639] ..TIMER: vector=0x30 apic1=0 pin1=2 apic2=-1 pin2=-1
[    0.115692] tsc: Marking TSC unstable due to TSCs unsynchronized
[    0.116732] Calibrating delay loop (skipped) preset value.. 8983.07 BogoMIPS (lpj=4491536)
[    0.117804] x86/cpu: User Mode Instruction Prevention (UMIP) activated
[    0.118800] Last level iTLB entries: 4KB 512, 2MB 255, 4MB 127
[    0.119728] Last level dTLB entries: 4KB 512, 2MB 255, 4MB 127, 1GB 0
[    0.120733] Spectre V1 : Mitigation: usercopy/swapgs barriers and __user pointer sanitization
[    0.121733] Spectre V2 : Mitigation: Enhanced / Automatic IBRS
[    0.122728] Spectre V2 : Spectre v2 / SpectreRSB mitigation: Filling RSB on context switch
[    0.123731] Spectre V2 : mitigation: Enabling conditional Indirect Branch Prediction Barrier
[    0.124728] Spectre V2 : User space: Mitigation: STIBP always-on protection
[    0.125730] Speculative Store Bypass: Mitigation: Speculative Store Bypass disabled via prctl
[    0.126728] Speculative Return Stack Overflow: IBPB-extending microcode not applied!
[    0.127728] Speculative Return Stack Overflow: WARNING: See https://kernel.org/doc/html/latest/admin-guide/hw-vuln/srso.html for mitigation options.
[    0.127730] Speculative Return Stack Overflow: Vulnerable: Safe RET, no microcode
[    0.129749] x86/fpu: Supporting XSAVE feature 0x001: 'x87 floating point registers'
[    0.130728] x86/fpu: Supporting XSAVE feature 0x002: 'SSE registers'
[    0.131728] x86/fpu: Supporting XSAVE feature 0x004: 'AVX registers'
[    0.132728] x86/fpu: Supporting XSAVE feature 0x020: 'AVX-512 opmask'
[    0.133728] x86/fpu: Supporting XSAVE feature 0x040: 'AVX-512 Hi256'
[    0.134728] x86/fpu: Supporting XSAVE feature 0x080: 'AVX-512 ZMM_Hi256'
[    0.135728] x86/fpu: Supporting XSAVE feature 0x200: 'Protection Keys User registers'
[    0.136729] x86/fpu: xstate_offset[2]:  576, xstate_sizes[2]:  256
[    0.137728] x86/fpu: xstate_offset[5]:  832, xstate_sizes[5]:   64
[    0.138728] x86/fpu: xstate_offset[6]:  896, xstate_sizes[6]:  512
[    0.139555] x86/fpu: xstate_offset[7]: 1408, xstate_sizes[7]: 1024
[    0.139728] x86/fpu: xstate_offset[9]: 2432, xstate_sizes[9]:    8
[    0.140727] x86/fpu: Enabled xstate features 0x2e7, context size is 2440 bytes, using 'compacted' format.
[    0.164005] Freeing SMP alternatives memory: 40K
[    0.164638] pid_max: default: 32768 minimum: 301
[    0.164875] Mount-cache hash table entries: 2048 (order: 2, 16384 bytes, linear)
[    0.165730] Mountpoint-cache hash table entries: 2048 (order: 2, 16384 bytes, linear)
[    0.168217] smpboot: CPU0: AMD Ryzen 9 7950X 16-Core Processor (family: 0x19, model: 0x61, stepping: 0x2)
[    0.169205] Performance Events: Fam17h+ core perfctr, AMD PMU driver.
[    0.169733] ... version:                0
[    0.170269] ... bit width:              48
[    0.170729] ... generic registers:      6
[    0.171266] ... value mask:             0000ffffffffffff
[    0.171729] ... max period:             00007fffffffffff
[    0.172453] ... fixed-purpose events:   0
[    0.172729] ... event mask:             000000000000003f
[    0.173554] signal: max sigframe size: 3376
[    0.173780] rcu: Hierarchical SRCU implementation.
[    0.174422] rcu: Max phase no-delay instances is 400.
[    0.179059] smp: Bringing up secondary CPUs ...
[    0.179860] smpboot: x86: Booting SMP configuration:
[    0.180524] .... node  #0, CPUs:        #1  #2  #3  #4  #5  #6  #7  #8  #9 #10 #11 #12 #13 #14 #15 #16 #17 #18 #19 #20 #21 #22 #23 #24 #25 #26 #27 #28 #29 #30 #31
[    0.197978] Spectre V2 : Update user space SMT mitigation: STIBP always-on
[    0.214027] smp: Brought up 1 node, 32 CPUs
[    0.214731] smpboot: Total of 32 processors activated (287458.30 BogoMIPS)
[    0.222909] devtmpfs: initialized
[    0.223762] x86/mm: Memory block size: 128MB
[    0.230989] clocksource: jiffies: mask: 0xffffffff max_cycles: 0xffffffff, max_idle_ns: 1911260446275000 ns
[    0.231736] futex hash table entries: 8192 (order: 7, 524288 bytes, linear)
[    0.233154] PM: RTC time: 12:27:12, date: 2024-04-08
[    0.234697] NET: Registered PF_NETLINK/PF_ROUTE protocol family
[    0.235826] thermal_sys: Registered thermal governor 'step_wise'
[    0.235829] thermal_sys: Registered thermal governor 'user_space'
[    0.236761] cpuidle: using governor menu
[    0.240005] PCI: Using configuration type 1 for base access
[    0.240731] PCI: Using configuration type 1 for extended access
[    0.241805] kprobes: kprobe jump-optimization is enabled. All kprobes are optimized if possible.
[    0.242926] HugeTLB: registered 1.00 GiB page size, pre-allocated 0 pages
[    0.243730] HugeTLB: 16380 KiB vmemmap can be freed for a 1.00 GiB page
[    0.244730] HugeTLB: registered 2.00 MiB page size, pre-allocated 0 pages
[    0.245729] HugeTLB: 28 KiB vmemmap can be freed for a 2.00 MiB page
[    0.247032] Demotion targets for Node 0: null
[    0.248147] ACPI: Added _OSI(Module Device)
[    0.248731] ACPI: Added _OSI(Processor Device)
[    0.249478] ACPI: Added _OSI(3.0 _SCP Extensions)
[    0.249730] ACPI: Added _OSI(Processor Aggregator Device)
[    0.282538] ACPI: 1 ACPI AML tables successfully acquired and loaded
[    0.285238] ACPI: _OSC evaluation for CPUs failed, trying _PDC
[    0.288760] ACPI: Interpreter enabled
[    0.289442] ACPI: PM: (supports S0 S3 S4 S5)
[    0.289730] ACPI: Using IOAPIC for interrupt routing
[    0.290603] PCI: Using host bridge windows from ACPI; if necessary, use "pci=nocrs" and report a bug
[    0.290730] PCI: Using E820 reservations for host bridge windows
[    0.292720] ACPI: Enabled 2 GPEs in block 00 to 0F
[    0.342167] ACPI: PCI Root Bridge [PCI0] (domain 0000 [bus 00-ff])
[    0.342744] acpi PNP0A03:00: _OSC: OS supports [ExtendedConfig ASPM ClockPM Segments MSI HPX-Type3]
[    0.344230] PCI host bridge to bus 0000:00
[    0.344732] pci_bus 0000:00: root bus resource [io  0x0000-0x0cf7 window]
[    0.345594] pci_bus 0000:00: root bus resource [io  0x0d00-0xffff window]
[    0.345731] pci_bus 0000:00: root bus resource [mem 0x000a0000-0x000bffff window]
[    0.346683] pci_bus 0000:00: root bus resource [mem 0x40000000-0xfebfffff window]
[    0.346731] pci_bus 0000:00: root bus resource [mem 0x100000000-0x17fffffff window]
[    0.347700] pci_bus 0000:00: root bus resource [bus 00-ff]
[    0.347873] pci 0000:00:00.0: [8086:1237] type 00 class 0x060000 conventional PCI endpoint
[    0.349589] pci 0000:00:01.0: [8086:7000] type 00 class 0x060100 conventional PCI endpoint
[    0.350621] pci 0000:00:01.1: [8086:7010] type 00 class 0x010180 conventional PCI endpoint
[    0.352730] pci 0000:00:01.1: BAR 4 [io  0xc0c0-0xc0cf]
[    0.354202] pci 0000:00:01.1: BAR 0 [io  0x01f0-0x01f7]: legacy IDE quirk
[    0.354730] pci 0000:00:01.1: BAR 1 [io  0x03f6]: legacy IDE quirk
[    0.355516] pci 0000:00:01.1: BAR 2 [io  0x0170-0x0177]: legacy IDE quirk
[    0.355729] pci 0000:00:01.1: BAR 3 [io  0x0376]: legacy IDE quirk
[    0.357212] pci 0000:00:01.3: [8086:7113] type 00 class 0x068000 conventional PCI endpoint
[    0.357992] pci 0000:00:01.3: quirk: [io  0x0600-0x063f] claimed by PIIX4 ACPI
[    0.358733] pci 0000:00:01.3: quirk: [io  0x0700-0x070f] claimed by PIIX4 SMB
[    0.360471] pci 0000:00:02.0: [1af4:1009] type 00 class 0x000200 conventional PCI endpoint
[    0.361730] pci 0000:00:02.0: BAR 0 [io  0xc000-0xc03f]
[    0.363442] pci 0000:00:02.0: BAR 1 [mem 0xfebfc000-0xfebfcfff]
[    0.367326] pci 0000:00:02.0: BAR 4 [mem 0xfebf0000-0xfebf3fff 64bit pref]
[    0.380099] pci 0000:00:03.0: [1af4:1009] type 00 class 0x000200 conventional PCI endpoint
[    0.381730] pci 0000:00:03.0: BAR 0 [io  0xc040-0xc07f]
[    0.383442] pci 0000:00:03.0: BAR 1 [mem 0xfebfd000-0xfebfdfff]
[    0.387453] pci 0000:00:03.0: BAR 4 [mem 0xfebf4000-0xfebf7fff 64bit pref]
[    0.400627] pci 0000:00:04.0: [8086:25ab] type 00 class 0x088000 conventional PCI endpoint
[    0.401167] pci 0000:00:04.0: BAR 0 [mem 0xfebfe000-0xfebfe00f]
[    0.415706] pci 0000:00:05.0: [1af4:1003] type 00 class 0x078000 conventional PCI endpoint
[    0.416730] pci 0000:00:05.0: BAR 0 [io  0xc080-0xc0bf]
[    0.418434] pci 0000:00:05.0: BAR 1 [mem 0xfebff000-0xfebfffff]
[    0.421730] pci 0000:00:05.0: BAR 4 [mem 0xfebf8000-0xfebfbfff 64bit pref]
[    0.437513] ACPI: PCI: Interrupt link LNKA configured for IRQ 10
[    0.438661] ACPI: PCI: Interrupt link LNKB configured for IRQ 10
[    0.439646] ACPI: PCI: Interrupt link LNKC configured for IRQ 11
[    0.440642] ACPI: PCI: Interrupt link LNKD configured for IRQ 11
[    0.441110] ACPI: PCI: Interrupt link LNKS configured for IRQ 9
[    0.460112] iommu: Default domain type: Translated
[    0.460725] iommu: DMA domain TLB invalidation policy: lazy mode
[    0.461953] SCSI subsystem initialized
[    0.462826] pps_core: LinuxPPS API ver. 1 registered
[    0.463455] pps_core: Software ver. 5.3.6 - Copyright 2005-2007 Rodolfo Giometti <giometti@linux.it>
[    0.463742] PTP clock support registered
[    0.464325] Advanced Linux Sound Architecture Driver Initialized.
[    0.465826] NET: Registered PF_ATMPVC protocol family
[    0.466471] NET: Registered PF_ATMSVC protocol family
[    0.466754] PCI: Using ACPI for IRQ routing
[    0.467873] vgaarb: loaded
[    0.468110] hpet0: at MMIO 0xfed00000, IRQs 2, 8, 0
[    0.468730] hpet0: 3 comparators, 64-bit 100.000000 MHz counter
[    0.472232] clocksource: Switched to clocksource kvm-clock
[    0.473229] VFS: Disk quotas dquot_6.6.0
[    0.473933] VFS: Dquot-cache hash table entries: 512 (order 0, 4096 bytes)
[    0.475112] pnp: PnP ACPI init
[    0.477928] pnp: PnP ACPI: found 5 devices
[    0.490181] clocksource: acpi_pm: mask: 0xffffff max_cycles: 0xffffff, max_idle_ns: 2085701024 ns
[    0.491397] NET: Registered PF_INET protocol family
[    0.492145] IP idents hash table entries: 16384 (order: 5, 131072 bytes, linear)
[    0.493488] tcp_listen_portaddr_hash hash table entries: 512 (order: 1, 8192 bytes, linear)
[    0.494554] Table-perturb hash table entries: 65536 (order: 6, 262144 bytes, linear)
[    0.495559] TCP established hash table entries: 8192 (order: 4, 65536 bytes, linear)
[    0.496550] TCP bind hash table entries: 8192 (order: 6, 262144 bytes, linear)
[    0.497484] TCP: Hash tables configured (established 8192 bind 8192)
[    0.498457] UDP hash table entries: 512 (order: 2, 16384 bytes, linear)
[    0.499303] UDP-Lite hash table entries: 512 (order: 2, 16384 bytes, linear)
[    0.500411] NET: Registered PF_UNIX/PF_LOCAL protocol family
[    0.501151] pci_bus 0000:00: resource 4 [io  0x0000-0x0cf7 window]
[    0.501939] pci_bus 0000:00: resource 5 [io  0x0d00-0xffff window]
[    0.502728] pci_bus 0000:00: resource 6 [mem 0x000a0000-0x000bffff window]
[    0.503599] pci_bus 0000:00: resource 7 [mem 0x40000000-0xfebfffff window]
[    0.504469] pci_bus 0000:00: resource 8 [mem 0x100000000-0x17fffffff window]
[    0.505575] pci 0000:00:01.0: PIIX3: Enabling Passive Release
[    0.506310] pci 0000:00:00.0: Limiting direct PCI/PCI transfers
[    0.507105] PCI: CLS 0 bytes, default 64
[    0.507662] kvm_intel: VMX not supported by CPU 0
[    0.508293] kvm_amd: TSC scaling supported
[    0.508813] kvm_amd: Nested Virtualization enabled
[    0.509429] kvm_amd: Nested Paging enabled
[    0.509968] kvm_amd: Virtual VMLOAD VMSAVE supported
[    0.510593] kvm_amd: Virtual GIF supported
[    0.511113] kvm_amd: Virtual NMI enabled
[    0.511607] kvm_amd: LBR virtualization supported
[    0.627047] Initialise system trusted keyrings
[    0.627772] workingset: timestamp_bits=56 max_order=18 bucket_order=0
[    0.628722] squashfs: version 4.0 (2009/01/31) Phillip Lougher
[    0.629519] fuse: init (API version 7.40)
[    0.630284] 9p: Installing v9fs 9p2000 file system support
[    0.643604] Key type asymmetric registered
[    0.644303] Asymmetric key parser 'x509' registered
[    0.645198] Block layer SCSI generic (bsg) driver version 0.4 loaded (major 249)
[    0.646476] io scheduler mq-deadline registered
[    0.647236] io scheduler kyber registered
[    0.649462] input: Power Button as /devices/LNXSYSTM:00/LNXPWRBN:00/input/input0
[    0.650977] ACPI: button: Power Button [PWRF]
[    0.651843] Warning: Processor Platform Limit event detected, but not handled.
[    0.653035] Consider compiling CPUfreq support into your kernel.
[    1.561972] ACPI: \_SB_.LNKB: Enabled at IRQ 10
[    2.477988] ACPI: \_SB_.LNKC: Enabled at IRQ 11
[    3.318269] ACPI: \_SB_.LNKA: Enabled at IRQ 10
[    3.319866] Serial: 8250/16550 driver, 4 ports, IRQ sharing enabled
[    3.321014] 00:03: ttyS0 at I/O 0x3f8 (irq = 4, base_baud = 115200) is a 16550A
[    3.359472] Non-volatile memory driver v1.3
[    3.360034] Linux agpgart interface v0.103
[    3.360604] printk: legacy console [hvc0] enabled
          _      _                                    
   __   _(_)_ __| |_ _ __ ___   ___       _ __   __ _ 
   \ \ / / |  __| __|  _   _ \ / _ \_____|  _ \ / _  |
    \ V /| | |  | |_| | | | | |  __/_____| | | | (_| |
     \_/ |_|_|   \__|_| |_| |_|\___|     |_| |_|\__  |
                                                |___/ 
   kernel version: 6.9.0-rc2-virtme x86_64
   (CTRL+d to exit)

virtme-ng:/nipa-data/kernel# PS1='xx__-> '
xx__-> env
PWD=/nipa-data/kernel
nr_open=1048576
HOME=/root
TERM=xterm
SHLVL=2
XDG_RUNTIME_DIR=/run/user/0
PATH=/bin:/sbin:/usr/bin:/usr/sbin:/usr/local/bin
OLDPWD=/
_=/usr/bin/env
xx__-> 