No EFI environment detected.
early console in extract_kernel
input_data: 0x00000000030622b9
input_len: 0x0000000000b81d75
output: 0x0000000001000000
output_len: 0x000000000252f288
kernel_total_size: 0x0000000002c30000
needed_size: 0x0000000002e00000
trampoline_32bit: 0x0000000000000000
Physical KASLR using RDRAND RDTSC...
Virtual KASLR using RDRAND RDTSC...

Decompressing Linux... Parsing ELF... Performing relocations... done.
Booting the kernel (entry_offset: 0x0000000000000000).
[    0.000000] Linux version 6.8.0-rc1-virtme (root@3901f09ce84f) (gcc (Alpine 13.2.1_git20231014) 13.2.1 20231014, GNU ld (GNU Binutils) 2.41) #1 SMP PREEMPT_DYNAMIC Tue Jan 30 12:06:52 UTC 2024
[    0.000000] Command line: virtme_hostname=virtme-ng virtme_link_mods=/nipa-data/kernel/.virtme_mods/lib/modules/0.0.0 virtme_initmount0=nipa-data/kernel virtme_rw_overlay0=/etc virtme_rw_overlay1=/lib virtme_rw_overlay2=/home virtme_rw_overlay3=/opt virtme_rw_overlay4=/srv virtme_rw_overlay5=/usr virtme_rw_overlay6=/var earlyprintk=serial,ttyS0,115200 console=ttyS0 psmouse.proto=exps virtme_chdir=nipa-data/kernel virtme_root_user=1 rootfstype=9p rootflags=version=9p2000.L,trans=virtio,access=any raid=noautodetect ro init=/usr/lib/python3.11/site-packages/virtme/guest/virtme-init
[    0.000000] BIOS-provided physical RAM map:
[    0.000000] BIOS-e820: [mem 0x0000000000000000-0x000000000009fbff] usable
[    0.000000] BIOS-e820: [mem 0x000000000009fc00-0x000000000009ffff] reserved
[    0.000000] BIOS-e820: [mem 0x00000000000f0000-0x00000000000fffff] reserved
[    0.000000] BIOS-e820: [mem 0x0000000000100000-0x000000003ffdffff] usable
[    0.000000] BIOS-e820: [mem 0x000000003ffe0000-0x000000003fffffff] reserved
[    0.000000] BIOS-e820: [mem 0x00000000feffc000-0x00000000feffffff] reserved
[    0.000000] BIOS-e820: [mem 0x00000000fffc0000-0x00000000ffffffff] reserved
[    0.000000] BIOS-e820: [mem 0x000000fd00000000-0x000000ffffffffff] reserved
[    0.000000] printk: legacy bootconsole [earlyser0] enabled
[    0.000000] NX (Execute Disable) protection: active
[    0.000000] APIC: Static calls initialized
[    0.000000] SMBIOS 3.0.0 present.
[    0.000000] DMI: QEMU Standard PC (i440FX + PIIX, 1996), BIOS rel-1.16.3-0-ga6ed6b701f0a-prebuilt.qemu.org 04/01/2014
[    0.000000] Hypervisor detected: KVM
[    0.000000] kvm-clock: Using msrs 4b564d01 and 4b564d00
[    0.000000] kvm-clock: using sched offset of 238648284 cycles
[    0.000397] clocksource: kvm-clock: mask: 0xffffffffffffffff max_cycles: 0x1cd42e4dffb, max_idle_ns: 881590591483 ns
[    0.001619] tsc: Detected 4491.536 MHz processor
[    0.002237] last_pfn = 0x3ffe0 max_arch_pfn = 0x400000000
[    0.002667] MTRR map: 4 entries (3 fixed + 1 variable; max 19), built from 8 variable MTRRs
[    0.003314] x86/PAT: Configuration [0-7]: WB  WC  UC- UC  WB  WP  UC- WT  
Memory KASLR using RDRAND RDTSC...
[    0.005413] found SMP MP-table at [mem 0x000f5470-0x000f547f]
[    0.005852] Using GB pages for direct mapping
[    0.006263] ACPI: Early table checksum verification disabled
[    0.006687] ACPI: RSDP 0x00000000000F5290 000014 (v00 BOCHS )
[    0.007154] ACPI: RSDT 0x000000003FFE27B6 000034 (v01 BOCHS  BXPC     00000001 BXPC 00000001)
[    0.007795] ACPI: FACP 0x000000003FFE2572 000074 (v01 BOCHS  BXPC     00000001 BXPC 00000001)
[    0.008434] ACPI: DSDT 0x000000003FFE0040 002532 (v01 BOCHS  BXPC     00000001 BXPC 00000001)
[    0.009072] ACPI: FACS 0x000000003FFE0000 000040
[    0.009418] ACPI: APIC 0x000000003FFE25E6 000170 (v03 BOCHS  BXPC     00000001 BXPC 00000001)
[    0.010060] ACPI: HPET 0x000000003FFE2756 000038 (v01 BOCHS  BXPC     00000001 BXPC 00000001)
[    0.010697] ACPI: WAET 0x000000003FFE278E 000028 (v01 BOCHS  BXPC     00000001 BXPC 00000001)
[    0.011353] ACPI: Reserving FACP table memory at [mem 0x3ffe2572-0x3ffe25e5]
[    0.011881] ACPI: Reserving DSDT table memory at [mem 0x3ffe0040-0x3ffe2571]
[    0.012407] ACPI: Reserving FACS table memory at [mem 0x3ffe0000-0x3ffe003f]
[    0.012947] ACPI: Reserving APIC table memory at [mem 0x3ffe25e6-0x3ffe2755]
[    0.013474] ACPI: Reserving HPET table memory at [mem 0x3ffe2756-0x3ffe278d]
[    0.014017] ACPI: Reserving WAET table memory at [mem 0x3ffe278e-0x3ffe27b5]
[    0.014691] No NUMA configuration found
[    0.015017] Faking a node at [mem 0x0000000000000000-0x000000003ffdffff]
[    0.015625] NODE_DATA(0) allocated [mem 0x3ffdb000-0x3ffdffff]
[    0.016167] Zone ranges:
[    0.016396]   DMA      [mem 0x0000000000001000-0x0000000000ffffff]
[    0.016941]   DMA32    [mem 0x0000000001000000-0x000000003ffdffff]
[    0.017405]   Normal   empty
[    0.017620]   Device   empty
[    0.017840] Movable zone start for each node
[    0.018168] Early memory node ranges
[    0.018435]   node   0: [mem 0x0000000000001000-0x000000000009efff]
[    0.018909]   node   0: [mem 0x0000000000100000-0x000000003ffdffff]
[    0.019380] Initmem setup node 0 [mem 0x0000000000001000-0x000000003ffdffff]
[    0.019921] On node 0, zone DMA: 1 pages in unavailable ranges
[    0.020371] On node 0, zone DMA: 97 pages in unavailable ranges
[    0.021841] On node 0, zone DMA32: 32 pages in unavailable ranges
[    0.022511] ACPI: PM-Timer IO Port: 0x608
[    0.022813] ACPI: LAPIC_NMI (acpi_id[0xff] dfl dfl lint[0x1])
[    0.023352] IOAPIC[0]: apic_id 0, version 17, address 0xfec00000, GSI 0-23
[    0.023978] ACPI: INT_SRC_OVR (bus 0 bus_irq 0 global_irq 2 dfl dfl)
[    0.024554] ACPI: INT_SRC_OVR (bus 0 bus_irq 5 global_irq 5 high level)
[    0.025092] ACPI: INT_SRC_OVR (bus 0 bus_irq 9 global_irq 9 high level)
[    0.025591] ACPI: INT_SRC_OVR (bus 0 bus_irq 10 global_irq 10 high level)
[    0.026112] ACPI: INT_SRC_OVR (bus 0 bus_irq 11 global_irq 11 high level)
[    0.026622] ACPI: Using ACPI (MADT) for SMP configuration information
[    0.027110] ACPI: HPET id: 0x8086a201 base: 0xfed00000
[    0.027495] TSC deadline timer available
[    0.027788] smpboot: Allowing 32 CPUs, 0 hotplug CPUs
[    0.028190] kvm-guest: APIC: eoi() replaced with kvm_guest_apic_eoi_write()
[    0.028716] kvm-guest: KVM setup pv remote TLB flush
[    0.029096] kvm-guest: setup PV sched yield
[    0.029413] PM: hibernation: Registered nosave memory: [mem 0x00000000-0x00000fff]
[    0.029988] PM: hibernation: Registered nosave memory: [mem 0x0009f000-0x0009ffff]
[    0.030558] PM: hibernation: Registered nosave memory: [mem 0x000a0000-0x000effff]
[    0.031139] PM: hibernation: Registered nosave memory: [mem 0x000f0000-0x000fffff]
[    0.031705] [mem 0x40000000-0xfeffbfff] available for PCI devices
[    0.032171] Booting paravirtualized kernel on KVM
[    0.032523] clocksource: refined-jiffies: mask: 0xffffffff max_cycles: 0xffffffff, max_idle_ns: 1910969940391419 ns
[    0.036282] setup_percpu: NR_CPUS:64 nr_cpumask_bits:32 nr_cpu_ids:32 nr_node_ids:1
[    0.037475] percpu: Embedded 58 pages/cpu s199840 r8192 d29536 u262144
[    0.038063] Kernel command line: virtme_hostname=virtme-ng virtme_link_mods=/nipa-data/kernel/.virtme_mods/lib/modules/0.0.0 virtme_initmount0=nipa-data/kernel virtme_rw_overlay0=/etc virtme_rw_overlay1=/lib virtme_rw_overlay2=/home virtme_rw_overlay3=/opt virtme_rw_overlay4=/srv virtme_rw_overlay5=/usr virtme_rw_overlay6=/var earlyprintk=serial,ttyS0,115200 console=ttyS0 psmouse.proto=exps virtme_chdir=nipa-data/kernel virtme_root_user=1 rootfstype=9p rootflags=version=9p2000.L,trans=virtio,access=any raid=noautodetect ro init=/usr/lib/python3.11/site-packages/virtme/guest/virtme-init
[    0.042380] Unknown kernel command line parameters "virtme_hostname=virtme-ng virtme_link_mods=/nipa-data/kernel/.virtme_mods/lib/modules/0.0.0 virtme_initmount0=nipa-data/kernel virtme_rw_overlay0=/etc virtme_rw_overlay1=/lib virtme_rw_overlay2=/home virtme_rw_overlay3=/opt virtme_rw_overlay4=/srv virtme_rw_overlay5=/usr virtme_rw_overlay6=/var virtme_chdir=nipa-data/kernel virtme_root_user=1", will be passed to user space.
[    0.045491] random: crng init done
[    0.045791] Dentry cache hash table entries: 131072 (order: 8, 1048576 bytes, linear)
[    0.046413] Inode-cache hash table entries: 65536 (order: 7, 524288 bytes, linear)
[    0.047098] Fallback order for Node 0: 0 
[    0.047100] Built 1 zonelists, mobility grouping on.  Total pages: 257760
[    0.047932] Policy zone: DMA32
[    0.048166] mem auto-init: stack:all(zero), heap alloc:off, heap free:off
[    0.050271] Memory: 976384K/1048056K available (16384K kernel code, 2556K rwdata, 6072K rodata, 3160K init, 12004K bss, 71412K reserved, 0K cma-reserved)
[    0.051381] SLUB: HWalign=64, Order=0-3, MinObjects=0, CPUs=32, Nodes=1
Poking KASLR using RDRAND RDTSC...
[    0.052267] ftrace: allocating 46542 entries in 182 pages
[    0.059579] ftrace: allocated 182 pages with 5 groups
[    0.060828] Dynamic Preempt: voluntary
[    0.061326] Running RCU self tests
[    0.061588] Running RCU synchronous self tests
[    0.061950] rcu: Preemptible hierarchical RCU implementation.
[    0.062389] rcu: RCU event tracing is enabled.
[    0.062735] rcu: RCU lockdep checking is enabled.
[    0.063112] rcu: RCU restricting CPUs from NR_CPUS=64 to nr_cpu_ids=32.
[    0.063625] Trampoline variant of Tasks RCU enabled.
[    0.064021] Rude variant of Tasks RCU enabled.
[    0.064372] Tracing variant of Tasks RCU enabled.
[    0.064739] rcu: RCU calculated value of scheduler-enlistment delay is 100 jiffies.
[    0.065335] rcu: Adjusting geometry for rcu_fanout_leaf=16, nr_cpu_ids=32
[    0.065899] Running RCU synchronous self tests
[    0.067910] NR_IRQS: 4352, nr_irqs: 680, preallocated irqs: 16
[    0.068673] rcu: srcu_init: Setting srcu_struct sizes based on contention.
[    0.069547] Console: colour *CGA 80x25
[    0.069876] printk: legacy console [ttyS0] enabled
[    0.069876] printk: legacy console [ttyS0] enabled
[    0.070615] printk: legacy bootconsole [earlyser0] disabled
[    0.070615] printk: legacy bootconsole [earlyser0] disabled
[    0.071494] Lock dependency validator: Copyright (c) 2006 Red Hat, Inc., Ingo Molnar
[    0.072104] ... MAX_LOCKDEP_SUBCLASSES:  8
[    0.072424] ... MAX_LOCK_DEPTH:          48
[    0.072752] ... MAX_LOCKDEP_KEYS:        8192
[    0.073095] ... CLASSHASH_SIZE:          4096
[    0.073435] ... MAX_LOCKDEP_ENTRIES:     32768
[    0.073795] ... MAX_LOCKDEP_CHAINS:      65536
[    0.074142] ... CHAINHASH_SIZE:          32768
[    0.074489]  memory used by lock dependency info: 6429 kB
[    0.074916]  memory used for stack traces: 4224 kB
[    0.075289]  per task-struct memory footprint: 1920 bytes
[    0.075723] ACPI: Core revision 20230628
[    0.076142] clocksource: hpet: mask: 0xffffffff max_cycles: 0xffffffff, max_idle_ns: 19112604467 ns
[    0.076964] APIC: Switch to symmetric I/O mode setup
[    0.077364] APIC: Switched APIC routing to: physical flat
[    0.077803] kvm-guest: APIC: send_IPI_mask() replaced with kvm_send_ipi_mask()
[    0.078374] kvm-guest: APIC: send_IPI_mask_allbutself() replaced with kvm_send_ipi_mask_allbutself()
[    0.079097] kvm-guest: setup PV IPIs
[    0.080239] ..TIMER: vector=0x30 apic1=0 pin1=2 apic2=-1 pin2=-1
[    0.081092] tsc: Marking TSC unstable due to TSCs unsynchronized
[    0.081951] Calibrating delay loop (skipped) preset value.. 8983.07 BogoMIPS (lpj=4491536)
[    0.083006] x86/cpu: User Mode Instruction Prevention (UMIP) activated
[    0.084005] Last level iTLB entries: 4KB 512, 2MB 255, 4MB 127
[    0.084947] Last level dTLB entries: 4KB 512, 2MB 255, 4MB 127, 1GB 0
[    0.085832] Spectre V1 : Mitigation: usercopy/swapgs barriers and __user pointer sanitization
[    0.085950] Spectre V2 : Mitigation: Enhanced / Automatic IBRS
[    0.086738] Spectre V2 : Spectre v2 / SpectreRSB mitigation: Filling RSB on context switch
[    0.086948] Spectre V2 : mitigation: Enabling conditional Indirect Branch Prediction Barrier
[    0.087948] Speculative Store Bypass: Mitigation: Speculative Store Bypass disabled via prctl
[    0.088946] Speculative Return Stack Overflow: IBPB-extending microcode not applied!
[    0.089946] Speculative Return Stack Overflow: WARNING: See https://kernel.org/doc/html/latest/admin-guide/hw-vuln/srso.html for mitigation options.
[    0.089947] Speculative Return Stack Overflow: Vulnerable: Safe RET, no microcode
[    0.091968] x86/fpu: Supporting XSAVE feature 0x001: 'x87 floating point registers'
[    0.092946] x86/fpu: Supporting XSAVE feature 0x002: 'SSE registers'
[    0.093946] x86/fpu: Supporting XSAVE feature 0x004: 'AVX registers'
[    0.094946] x86/fpu: Supporting XSAVE feature 0x020: 'AVX-512 opmask'
[    0.095946] x86/fpu: Supporting XSAVE feature 0x040: 'AVX-512 Hi256'
[    0.096947] x86/fpu: Supporting XSAVE feature 0x080: 'AVX-512 ZMM_Hi256'
[    0.097946] x86/fpu: Supporting XSAVE feature 0x200: 'Protection Keys User registers'
[    0.098947] x86/fpu: xstate_offset[2]:  576, xstate_sizes[2]:  256
[    0.099946] x86/fpu: xstate_offset[5]:  832, xstate_sizes[5]:   64
[    0.100946] x86/fpu: xstate_offset[6]:  896, xstate_sizes[6]:  512
[    0.101770] x86/fpu: xstate_offset[7]: 1408, xstate_sizes[7]: 1024
[    0.101946] x86/fpu: xstate_offset[9]: 2432, xstate_sizes[9]:    8
[    0.102946] x86/fpu: Enabled xstate features 0x2e7, context size is 2440 bytes, using 'compacted' format.
[    0.122544] Freeing SMP alternatives memory: 36K
[    0.122948] pid_max: default: 32768 minimum: 301
[    0.123637] Mount-cache hash table entries: 2048 (order: 2, 16384 bytes, linear)
[    0.123948] Mountpoint-cache hash table entries: 2048 (order: 2, 16384 bytes, linear)
[    0.126465] Running RCU synchronous self tests
[    0.126949] Running RCU synchronous self tests
[    0.127698] smpboot: CPU0: AMD Ryzen 9 7950X 16-Core Processor (family: 0x19, model: 0x61, stepping: 0x2)
[    0.128316] RCU Tasks: Setting shift to 5 and lim to 1 rcu_task_cb_adjust=1.
[    0.128981] RCU Tasks Rude: Setting shift to 5 and lim to 1 rcu_task_cb_adjust=1.
[    0.129986] RCU Tasks Trace: Setting shift to 5 and lim to 1 rcu_task_cb_adjust=1.
[    0.130985] Running RCU Tasks wait API self tests
[    0.237993] Running RCU Tasks Rude wait API self tests
[    0.238757] Running RCU Tasks Trace wait API self tests
[    0.238994] Performance Events: Fam17h+ core perfctr, AMD PMU driver.
[    0.239890] ... version:                0
[    0.239949] ... bit width:              48
[    0.240487] ... generic registers:      6
[    0.240949] ... value mask:             0000ffffffffffff
[    0.241640] ... max period:             00007fffffffffff
[    0.241949] ... fixed-purpose events:   0
[    0.242473] ... event mask:             000000000000003f
[    0.243137] signal: max sigframe size: 3376
[    0.243769] rcu: Hierarchical SRCU implementation.
[    0.243950] rcu: Max phase no-delay instances is 400.
[    0.246329] Callback from call_rcu_tasks_trace() invoked.
[    0.248814] smp: Bringing up secondary CPUs ...
[    0.249257] smpboot: x86: Booting SMP configuration:
[    0.249918] .... node  #0, CPUs:        #1  #2  #3  #4  #5  #6  #7  #8  #9 #10 #11 #12 #13 #14 #15 #16 #17 #18 #19 #20 #21 #22 #23 #24 #25 #26 #27 #28 #29 #30 #31
[    0.277110] smp: Brought up 1 node, 32 CPUs
[    0.278533] smpboot: Max logical packages: 1
[    0.278949] smpboot: Total of 32 processors activated (287458.30 BogoMIPS)
[    0.286171] devtmpfs: initialized
[    0.287041] x86/mm: Memory block size: 128MB
[    0.290189] Running RCU synchronous self tests
[    0.290963] Running RCU synchronous self tests
[    0.291648] clocksource: jiffies: mask: 0xffffffff max_cycles: 0xffffffff, max_idle_ns: 1911260446275000 ns
[    0.291953] futex hash table entries: 8192 (order: 8, 1048576 bytes, linear)
[    0.293399] PM: RTC time: 12:07:25, date: 2024-01-30
[    0.294554] NET: Registered PF_NETLINK/PF_ROUTE protocol family
[    0.295567] thermal_sys: Registered thermal governor 'step_wise'
[    0.295569] thermal_sys: Registered thermal governor 'user_space'
[    0.296001] cpuidle: using governor menu
[    0.298318] PCI: Using configuration type 1 for base access
[    0.298950] PCI: Using configuration type 1 for extended access
[    0.299867] kprobes: kprobe jump-optimization is enabled. All kprobes are optimized if possible.
[    0.315159] HugeTLB: registered 1.00 GiB page size, pre-allocated 0 pages
[    0.315951] HugeTLB: 16380 KiB vmemmap can be freed for a 1.00 GiB page
[    0.316842] HugeTLB: registered 2.00 MiB page size, pre-allocated 0 pages
[    0.316949] HugeTLB: 28 KiB vmemmap can be freed for a 2.00 MiB page
[    0.318157] ACPI: Added _OSI(Module Device)
[    0.318725] ACPI: Added _OSI(Processor Device)
[    0.318951] ACPI: Added _OSI(3.0 _SCP Extensions)
[    0.319584] ACPI: Added _OSI(Processor Aggregator Device)
[    0.322047] ACPI: 1 ACPI AML tables successfully acquired and loaded
[    0.324032] ACPI: _OSC evaluation for CPUs failed, trying _PDC
[    0.325478] ACPI: Interpreter enabled
[    0.325990] ACPI: PM: (supports S0 S3 S4 S5)
[    0.326576] ACPI: Using IOAPIC for interrupt routing
[    0.326970] PCI: Using host bridge windows from ACPI; if necessary, use "pci=nocrs" and report a bug
[    0.327949] PCI: Using E820 reservations for host bridge windows
[    0.329063] ACPI: Enabled 2 GPEs in block 00 to 0F
[    0.339183] ACPI: PCI Root Bridge [PCI0] (domain 0000 [bus 00-ff])
[    0.339952] acpi PNP0A03:00: _OSC: OS supports [ExtendedConfig ASPM ClockPM Segments MSI HPX-Type3]
[    0.341446] PCI host bridge to bus 0000:00
[    0.342462] pci_bus 0000:00: root bus resource [io  0x0000-0x0cf7 window]
[    0.343366] pci_bus 0000:00: root bus resource [io  0x0d00-0xffff window]
[    0.343959] pci_bus 0000:00: root bus resource [mem 0x000a0000-0x000bffff window]
[    0.343973] Callback from call_rcu_tasks_rude() invoked.
[    0.343959] pci_bus 0000:00: root bus resource [mem 0x40000000-0xfebfffff window]
[    0.343959] pci_bus 0000:00: root bus resource [mem 0x100000000-0x17fffffff window]
[    0.343959] pci_bus 0000:00: root bus resource [bus 00-ff]
[    0.344407] pci 0000:00:00.0: [8086:1237] type 00 class 0x060000 conventional PCI endpoint
[    0.349474] pci 0000:00:01.0: [8086:7000] type 00 class 0x060100 conventional PCI endpoint
[    0.351385] pci 0000:00:01.1: [8086:7010] type 00 class 0x010180 conventional PCI endpoint
[    0.354172] pci 0000:00:01.1: BAR 4 [io  0xc080-0xc08f]
[    0.356645] pci 0000:00:01.1: BAR 0 [io  0x01f0-0x01f7]: legacy IDE quirk
[    0.356949] pci 0000:00:01.1: BAR 1 [io  0x03f6]: legacy IDE quirk
[    0.357747] pci 0000:00:01.1: BAR 2 [io  0x0170-0x0177]: legacy IDE quirk
[    0.358949] pci 0000:00:01.1: BAR 3 [io  0x0376]: legacy IDE quirk
[    0.359944] pci 0000:00:01.3: [8086:7113] type 00 class 0x068000 conventional PCI endpoint
[    0.361214] pci 0000:00:01.3: quirk: [io  0x0600-0x063f] claimed by PIIX4 ACPI
[    0.362954] pci 0000:00:01.3: quirk: [io  0x0700-0x070f] claimed by PIIX4 SMB
[    0.364163] pci 0000:00:02.0: [1af4:1009] type 00 class 0x000200 conventional PCI endpoint
[    0.366949] pci 0000:00:02.0: BAR 0 [io  0xc000-0xc03f]
[    0.368629] pci 0000:00:02.0: BAR 1 [mem 0xfebfd000-0xfebfdfff]
[    0.372950] pci 0000:00:02.0: BAR 4 [mem 0xfebf4000-0xfebf7fff 64bit pref]
[    0.377147] pci 0000:00:03.0: [1af4:1009] type 00 class 0x000200 conventional PCI endpoint
[    0.379951] pci 0000:00:03.0: BAR 0 [io  0xc040-0xc07f]
[    0.381587] pci 0000:00:03.0: BAR 1 [mem 0xfebfe000-0xfebfefff]
[    0.387657] pci 0000:00:03.0: BAR 4 [mem 0xfebf8000-0xfebfbfff 64bit pref]
[    0.391087] pci 0000:00:04.0: [8086:25ab] type 00 class 0x088000 conventional PCI endpoint
[    0.392463] pci 0000:00:04.0: BAR 0 [mem 0xfebff000-0xfebff00f]
[    0.398644] ACPI: PCI: Interrupt link LNKA configured for IRQ 10
[    0.400118] ACPI: PCI: Interrupt link LNKB configured for IRQ 10
[    0.401040] ACPI: PCI: Interrupt link LNKC configured for IRQ 11
[    0.402003] ACPI: PCI: Interrupt link LNKD configured for IRQ 11
[    0.402895] ACPI: PCI: Interrupt link LNKS configured for IRQ 9
[    0.405352] iommu: Default domain type: Translated
[    0.405949] iommu: DMA domain TLB invalidation policy: lazy mode
[    0.407025] SCSI subsystem initialized
[    0.408045] pps_core: LinuxPPS API ver. 1 registered
[    0.408953] pps_core: Software ver. 5.3.6 - Copyright 2005-2007 Rodolfo Giometti <giometti@linux.it>
[    0.409956] PTP clock support registered
[    0.411026] Advanced Linux Sound Architecture Driver Initialized.
[    0.412528] NET: Registered PF_ATMPVC protocol family
[    0.412950] NET: Registered PF_ATMSVC protocol family
[    0.413619] PCI: Using ACPI for IRQ routing
[    0.415049] vgaarb: loaded
[    0.415334] hpet0: at MMIO 0xfed00000, IRQs 2, 8, 0
[    0.415951] hpet0: 3 comparators, 64-bit 100.000000 MHz counter
[    0.424678] clocksource: Switched to clocksource kvm-clock
[    0.425735] VFS: Disk quotas dquot_6.6.0
[    0.426266] VFS: Dquot-cache hash table entries: 512 (order 0, 4096 bytes)
[    0.427303] pnp: PnP ACPI init
[    0.428320] pnp: PnP ACPI: found 5 devices
[    0.438195] clocksource: acpi_pm: mask: 0xffffff max_cycles: 0xffffff, max_idle_ns: 2085701024 ns
[    0.439387] NET: Registered PF_INET protocol family
[    0.440109] IP idents hash table entries: 16384 (order: 5, 131072 bytes, linear)
[    0.441367] tcp_listen_portaddr_hash hash table entries: 512 (order: 3, 36864 bytes, linear)
[    0.442484] Table-perturb hash table entries: 65536 (order: 6, 262144 bytes, linear)
[    0.443542] TCP established hash table entries: 8192 (order: 4, 65536 bytes, linear)
[    0.444608] TCP bind hash table entries: 8192 (order: 8, 1179648 bytes, linear)
[    0.445722] Callback from call_rcu_tasks() invoked.
[    0.445978] TCP: Hash tables configured (established 8192 bind 8192)
[    0.447777] UDP hash table entries: 512 (order: 4, 81920 bytes, linear)
[    0.448689] UDP-Lite hash table entries: 512 (order: 4, 81920 bytes, linear)
[    0.449759] NET: Registered PF_UNIX/PF_LOCAL protocol family
[    0.450507] pci_bus 0000:00: resource 4 [io  0x0000-0x0cf7 window]
[    0.451325] pci_bus 0000:00: resource 5 [io  0x0d00-0xffff window]
[    0.452138] pci_bus 0000:00: resource 6 [mem 0x000a0000-0x000bffff window]
[    0.453033] pci_bus 0000:00: resource 7 [mem 0x40000000-0xfebfffff window]
[    0.453933] pci_bus 0000:00: resource 8 [mem 0x100000000-0x17fffffff window]
[    0.455030] pci 0000:00:01.0: PIIX3: Enabling Passive Release
[    0.455831] pci 0000:00:00.0: Limiting direct PCI/PCI transfers
[    0.456644] PCI: CLS 0 bytes, default 64
[    0.457206] kvm_intel: VMX not supported by CPU 2
[    0.458126] kvm_amd: TSC scaling supported
[    0.458676] kvm_amd: Nested Virtualization enabled
[    0.459295] kvm_amd: Nested Paging enabled
[    0.459861] kvm_amd: Virtual VMLOAD VMSAVE supported
[    0.460501] kvm_amd: Virtual GIF supported
[    0.461037] kvm_amd: Virtual NMI enabled
[    0.461544] kvm_amd: LBR virtualization supported
[    0.565879] workingset: timestamp_bits=56 max_order=18 bucket_order=0
[    0.566858] squashfs: version 4.0 (2009/01/31) Phillip Lougher
[    0.567657] fuse: init (API version 7.39)
[    0.568265] 9p: Installing v9fs 9p2000 file system support
[    0.569192] Key type asymmetric registered
[    0.569781] Block layer SCSI generic (bsg) driver version 0.4 loaded (major 249)
[    0.570816] io scheduler mq-deadline registered
[    0.571419] io scheduler kyber registered
[    0.573303] input: Power Button as /devices/LNXSYSTM:00/LNXPWRBN:00/input/input0
[    0.574515] ACPI: button: Power Button [PWRF]
[    0.575204] Warning: Processor Platform Limit event detected, but not handled.
[    0.576170] Consider compiling CPUfreq support into your kernel.
[    0.650288] ACPI: \_SB_.LNKB: Enabled at IRQ 10
[    0.721861] ACPI: \_SB_.LNKC: Enabled at IRQ 11
[    0.723263] Serial: 8250/16550 driver, 4 ports, IRQ sharing enabled
[    0.724474] 00:03: ttyS0 at I/O 0x3f8 (irq = 4, base_baud = 115200) is a 16550A
[    0.726484] Non-volatile memory driver v1.3
[    0.727044] Linux agpgart interface v0.103
[    0.727735] ACPI: bus type drm_connector registered
[    0.740697] loop: module loaded
[    0.742417] scsi host0: ata_piix
[    0.743163] scsi host1: ata_piix
[    0.743664] ata1: PATA max MWDMA2 cmd 0x1f0 ctl 0x3f6 bmdma 0xc080 irq 14 lpm-pol 0
[    0.744644] ata2: PATA max MWDMA2 cmd 0x170 ctl 0x376 bmdma 0xc088 irq 15 lpm-pol 0
[    0.746324] i8042: PNP: PS/2 Controller [PNP0303:KBD,PNP0f13:MOU] at 0x60,0x64 irq 1,12
[    0.748057] serio: i8042 KBD port at 0x60,0x64 irq 1
[    0.748730] serio: i8042 AUX port at 0x60,0x64 irq 12
[    0.749777] rtc_cmos 00:04: RTC can wake from S4
[    0.751266] input: AT Translated Set 2 keyboard as /devices/platform/i8042/serio0/input/input1
[    0.752707] rtc_cmos 00:04: registered as rtc0
[    0.753344] rtc_cmos 00:04: setting system clock to 2024-01-30T12:07:25 UTC (1706616445)
[    0.754477] rtc_cmos 00:04: alarms up to one day, y3k, 242 bytes nvram, hpet irqs
[    0.756213] i6300ESB timer 0000:00:04.0: initialized. heartbeat=30 sec (nowayout=0)
[    0.757481] device-mapper: ioctl: 4.48.0-ioctl (2023-03-01) initialised: dm-devel@redhat.com
[    0.759323] NET: Registered PF_PACKET protocol family
[    0.759987] 9pnet: Installing 9P2000 support
[    0.761567] Key type dns_resolver registered
[    0.763392] input: ImExPS/2 Generic Explorer Mouse as /devices/platform/i8042/serio1/input/input3
[    0.767065] IPI shorthand broadcast: enabled
[    0.775545] sched_clock: Marking stable (766001273, 8624974)->(796953254, -22327007)
[    0.776898] registered taskstats version 1
[    0.782338] PM:   Magic number: 8:560:128
[    0.782906] net dummy0: hash matches
[    0.783423] acpi device:03: hash matches
[    0.783989] printk: legacy console [netcon0] enabled
[    0.784663] netconsole: network logging started
[    0.785407] ALSA device list:
[    0.785854]   No soundcards found.
[    0.901814] ata2: found unknown device (class 0)
[    0.903160] ata2.00: ATAPI: QEMU DVD-ROM, 2.5+, max UDMA/100
[    0.905346] scsi 1:0:0:0: CD-ROM            QEMU     QEMU DVD-ROM     2.5+ PQ: 0 ANSI: 5
[    0.914386] scsi 1:0:0:0: Attached scsi generic sg0 type 5
[    0.915369] md: Skipping autodetection of RAID arrays. (raid=autodetect will force)
[    0.916405] 9pnet_virtio: no channels available for device 
[    0.917776] VFS: Mounted root (9p filesystem) readonly on device 0:19.
[    0.918777] devtmpfs: mounted
[    0.920768] Freeing unused kernel image (initmem) memory: 3160K
[    0.925661] Write protecting the kernel read-only data: 22528k
[    0.926857] Freeing unused kernel image (rodata/data gap) memory: 72K
[    0.957830] x86/mm: Checked W+X mappings: passed, no W+X pages found.
[    0.958573] Run /usr/lib/python3.11/site-packages/virtme/guest/virtme-init as init process
[    0.986022] mount (268) used greatest stack depth: 12984 bytes left
[    1.045926] mount (282) used greatest stack depth: 12616 bytes left
[    1.059330] mount (285) used greatest stack depth: 12584 bytes left
[    1.113754] virtme-init (315) used greatest stack depth: 12568 bytes left
[    1.117015] virtme-init (312) used greatest stack depth: 12424 bytes left
[    1.152817] virtme-init: basic initialization done
[    1.158910] virtme-init: udevd not found
[    1.217596] virtme-init: Setting hostname to virtme-ng...
[    1.230181] ip (359) used greatest stack depth: 12056 bytes left
          _      _                                    
   __   _(_)_ __| |_ _ __ ___   ___       _ __   __ _ 
   \ \ / / |  __| __|  _   _ \ / _ \_____|  _ \ / _  |
    \ V /| | |  | |_| | | | | |  __/_____| | | | (_| |
     \_/ |_|_|   \__|_| |_| |_|\___|     |_| |_|\__  |
                                                |___/ 
   kernel version: 6.8.0-rc1-virtme x86_64

virtme-ng:/nipa-data/kernel# PS1='xx__-> '
xx__-> 