No EFI environment detected.
early console in extract_kernel
input_data: 0x0000000004ab52c4
input_len: 0x00000000019198c3
output: 0x0000000001000000
output_len: 0x000000000535a8f4
kernel_total_size: 0x0000000005030000
needed_size: 0x0000000005400000
trampoline_32bit: 0x0000000000000000
Physical KASLR using RDRAND RDTSC...
Virtual KASLR using RDRAND RDTSC...

Decompressing Linux... Parsing ELF... Performing relocations... done.
Booting the kernel (entry_offset: 0x0000000002b35780).
[    0.000000] Linux version 6.14.0-rc2-virtme (root@40845bfbb9a0) (gcc (Ubuntu 13.3.0-6ubuntu2~24.04) 13.3.0, GNU ld (GNU Binutils for Ubuntu) 2.42) #1 SMP PREEMPT_DYNAMIC Wed Feb 19 21:26:28 UTC 2025
[    0.000000] Command line: virtme_hostname=virtme-ng nr_open=1048576 virtme_link_mods=/nipa-data/kernel/.virtme_mods/lib/modules/0.0.0 virtme_initmount0=nipa-data/kernel virtme_rw_overlay0=/etc virtme_rw_overlay1=/lib virtme_rw_overlay2=/home virtme_rw_overlay3=/opt virtme_rw_overlay4=/srv virtme_rw_overlay5=/usr virtme_rw_overlay6=/var console=hvc0 earlyprintk=serial,ttyS0,115200 virtme_console=ttyS0 psmouse.proto=exps TERM=xterm virtme_chdir=nipa-data/kernel virtme_root_user=1 rootfstype=9p rootflags=version=9p2000.L,trans=virtio,access=any raid=noautodetect ro init=/usr/lib/python3/dist-packages/virtme/guest/virtme-init
[    0.000000] BIOS-provided physical RAM map:
[    0.000000] BIOS-e820: [mem 0x0000000000000000-0x000000000009fbff] usable
[    0.000000] BIOS-e820: [mem 0x000000000009fc00-0x000000000009ffff] reserved
[    0.000000] BIOS-e820: [mem 0x00000000000f0000-0x00000000000fffff] reserved
[    0.000000] BIOS-e820: [mem 0x0000000000100000-0x000000003ffdffff] usable
[    0.000000] BIOS-e820: [mem 0x000000003ffe0000-0x000000003fffffff] reserved
[    0.000000] BIOS-e820: [mem 0x00000000feffc000-0x00000000feffffff] reserved
[    0.000000] BIOS-e820: [mem 0x00000000fffc0000-0x00000000ffffffff] reserved
[    0.000000] BIOS-e820: [mem 0x000000fd00000000-0x000000ffffffffff] reserved
[    0.000000] printk: legacy bootconsole [earlyser0] enabled
[    0.000000] NX (Execute Disable) protection: active
[    0.000000] APIC: Static calls initialized
[    0.000000] SMBIOS 3.0.0 present.
[    0.000000] DMI: QEMU Ubuntu 24.04 PC (i440FX + PIIX, 1996), BIOS 1.16.3-debian-1.16.3-2 04/01/2014
[    0.000000] DMI: Memory slots populated: 1/1
[    0.000000] Hypervisor detected: KVM
[    0.000000] kvm-clock: Using msrs 4b564d01 and 4b564d00
[    0.000000] kvm-clock: using sched offset of 299755648 cycles
[    0.000363] clocksource: kvm-clock: mask: 0xffffffffffffffff max_cycles: 0x1cd42e4dffb, max_idle_ns: 881590591483 ns
[    0.001491] tsc: Detected 4491.560 MHz processor
[    0.002138] last_pfn = 0x3ffe0 max_arch_pfn = 0x400000000
[    0.002533] MTRR map: 4 entries (3 fixed + 1 variable; max 19), built from 8 variable MTRRs
[    0.003108] x86/PAT: Configuration [0-7]: WB  WC  UC- UC  WB  WP  UC- WT  
[    0.005007] found SMP MP-table at [mem 0x000f5470-0x000f547f]
[    0.005408] Using GB pages for direct mapping
[    0.005898] ACPI: Early table checksum verification disabled
[    0.006288] ACPI: RSDP 0x00000000000F5290 000014 (v00 BOCHS )
[    0.006685] ACPI: RSDT 0x000000003FFE27BC 000034 (v01 BOCHS  BXPC     00000001 BXPC 00000001)
[    0.007275] ACPI: FACP 0x000000003FFE2578 000074 (v01 BOCHS  BXPC     00000001 BXPC 00000001)
[    0.007865] ACPI: DSDT 0x000000003FFE0040 002538 (v01 BOCHS  BXPC     00000001 BXPC 00000001)
[    0.008452] ACPI: FACS 0x000000003FFE0000 000040
[    0.008772] ACPI: APIC 0x000000003FFE25EC 000170 (v03 BOCHS  BXPC     00000001 BXPC 00000001)
[    0.009359] ACPI: HPET 0x000000003FFE275C 000038 (v01 BOCHS  BXPC     00000001 BXPC 00000001)
[    0.009949] ACPI: WAET 0x000000003FFE2794 000028 (v01 BOCHS  BXPC     00000001 BXPC 00000001)
[    0.010535] ACPI: Reserving FACP table memory at [mem 0x3ffe2578-0x3ffe25eb]
[    0.011018] ACPI: Reserving DSDT table memory at [mem 0x3ffe0040-0x3ffe2577]
[    0.011502] ACPI: Reserving FACS table memory at [mem 0x3ffe0000-0x3ffe003f]
[    0.011986] ACPI: Reserving APIC table memory at [mem 0x3ffe25ec-0x3ffe275b]
[    0.012472] ACPI: Reserving HPET table memory at [mem 0x3ffe275c-0x3ffe2793]
[    0.012956] ACPI: Reserving WAET table memory at [mem 0x3ffe2794-0x3ffe27bb]
[    0.013633] No NUMA configuration found
[    0.013897] Faking a node at [mem 0x0000000000000000-0x000000003ffdffff]
[    0.014359] NODE_DATA(0) allocated [mem 0x3ffdb780-0x3ffdffff]
[    0.014775] Zone ranges:
[    0.014949]   DMA      [mem 0x0000000000001000-0x0000000000ffffff]
[    0.015375]   DMA32    [mem 0x0000000001000000-0x000000003ffdffff]
[    0.015800]   Normal   empty
[    0.015998]   Device   empty
[    0.016197] Movable zone start for each node
[    0.016490] Early memory node ranges
[    0.016735]   node   0: [mem 0x0000000000001000-0x000000000009efff]
[    0.017166]   node   0: [mem 0x0000000000100000-0x000000003ffdffff]
[    0.017601] Initmem setup node 0 [mem 0x0000000000001000-0x000000003ffdffff]
[    0.018086] On node 0, zone DMA: 1 pages in unavailable ranges
[    0.018537] On node 0, zone DMA: 97 pages in unavailable ranges
[    0.023029] On node 0, zone DMA32: 32 pages in unavailable ranges
[    0.031976] kasan: KernelAddressSanitizer initialized
[    0.032542] ACPI: PM-Timer IO Port: 0x608
[    0.032827] ACPI: LAPIC_NMI (acpi_id[0xff] dfl dfl lint[0x1])
[    0.033244] IOAPIC[0]: apic_id 0, version 17, address 0xfec00000, GSI 0-23
[    0.033724] ACPI: INT_SRC_OVR (bus 0 bus_irq 0 global_irq 2 dfl dfl)
[    0.034161] ACPI: INT_SRC_OVR (bus 0 bus_irq 5 global_irq 5 high level)
[    0.034616] ACPI: INT_SRC_OVR (bus 0 bus_irq 9 global_irq 9 high level)
[    0.035070] ACPI: INT_SRC_OVR (bus 0 bus_irq 10 global_irq 10 high level)
[    0.035536] ACPI: INT_SRC_OVR (bus 0 bus_irq 11 global_irq 11 high level)
[    0.036004] ACPI: Using ACPI (MADT) for SMP configuration information
[    0.036446] ACPI: HPET id: 0x8086a201 base: 0xfed00000
[    0.036800] TSC deadline timer available
[    0.037073] CPU topo: Max. logical packages:   1
[    0.037390] CPU topo: Max. logical dies:       1
[    0.037709] CPU topo: Max. dies per package:   1
[    0.038029] CPU topo: Max. threads per core:   1
[    0.038347] CPU topo: Num. cores per package:    32
[    0.038682] CPU topo: Num. threads per package:  32
[    0.039017] CPU topo: Allowing 32 present CPUs plus 0 hotplug CPUs
[    0.039456] kvm-guest: APIC: eoi() replaced with kvm_guest_apic_eoi_write()
[    0.039946] kvm-guest: KVM setup pv remote TLB flush
[    0.040289] kvm-guest: setup PV sched yield
[    0.040581] PM: hibernation: Registered nosave memory: [mem 0x00000000-0x00000fff]
[    0.041101] PM: hibernation: Registered nosave memory: [mem 0x0009f000-0x0009ffff]
[    0.041626] PM: hibernation: Registered nosave memory: [mem 0x000a0000-0x000effff]
[    0.042143] PM: hibernation: Registered nosave memory: [mem 0x000f0000-0x000fffff]
[    0.042660] [mem 0x40000000-0xfeffbfff] available for PCI devices
[    0.043077] Booting paravirtualized kernel on KVM
[    0.043399] clocksource: refined-jiffies: mask: 0xffffffff max_cycles: 0xffffffff, max_idle_ns: 1910969940391419 ns
[    0.051819] setup_percpu: NR_CPUS:64 nr_cpumask_bits:32 nr_cpu_ids:32 nr_node_ids:1
[    0.053559] percpu: Embedded 70 pages/cpu s247896 r8192 d30632 u524288
[    0.054076] Kernel command line: virtme_hostname=virtme-ng nr_open=1048576 virtme_link_mods=/nipa-data/kernel/.virtme_mods/lib/modules/0.0.0 virtme_initmount0=nipa-data/kernel virtme_rw_overlay0=/etc virtme_rw_overlay1=/lib virtme_rw_overlay2=/home virtme_rw_overlay3=/opt virtme_rw_overlay4=/srv virtme_rw_overlay5=/usr virtme_rw_overlay6=/var console=hvc0 earlyprintk=serial,ttyS0,115200 virtme_console=ttyS0 psmouse.proto=exps TERM=xterm virtme_chdir=nipa-data/kernel virtme_root_user=1 rootfstype=9p rootflags=version=9p2000.L,trans=virtio,access=any raid=noautodetect ro init=/usr/lib/python3/dist-packages/virtme/guest/virtme-init
[    0.058139] Unknown kernel command line parameters "virtme_hostname=virtme-ng nr_open=1048576 virtme_link_mods=/nipa-data/kernel/.virtme_mods/lib/modules/0.0.0 virtme_initmount0=nipa-data/kernel virtme_rw_overlay0=/etc virtme_rw_overlay1=/lib virtme_rw_overlay2=/home virtme_rw_overlay3=/opt virtme_rw_overlay4=/srv virtme_rw_overlay5=/usr virtme_rw_overlay6=/var virtme_console=ttyS0 virtme_chdir=nipa-data/kernel virtme_root_user=1", will be passed to user space.
[    0.061209] random: crng init done
[    0.061450] printk: log buffer data + meta data: 262144 + 917504 = 1179648 bytes
[    0.062007] Dentry cache hash table entries: 131072 (order: 8, 1048576 bytes, linear)
[    0.062571] Inode-cache hash table entries: 65536 (order: 7, 524288 bytes, linear)
[    0.063518] Fallback order for Node 0: 0 
[    0.063522] Built 1 zonelists, mobility grouping on.  Total pages: 262014
[    0.064284] Policy zone: DMA32
[    0.064500] mem auto-init: stack:all(zero), heap alloc:off, heap free:off
[    0.064978] stackdepot: allocating hash table via alloc_large_system_hash
[    0.065458] stackdepot hash table entries: 1048576 (order: 12, 16777216 bytes, linear)
[    0.073349] SLUB: HWalign=64, Order=0-3, MinObjects=0, CPUs=32, Nodes=1
Poking KASLR using RDRAND RDTSC...
[    0.074121] ftrace: allocating 49060 entries in 192 pages
[    0.091170] ftrace: allocated 192 pages with 2 groups
[    0.092343] Dynamic Preempt: voluntary
[    0.093032] rcu: Preemptible hierarchical RCU implementation.
[    0.093441] rcu: RCU event tracing is enabled.
[    0.093776] rcu: RCU restricting CPUs from NR_CPUS=64 to nr_cpu_ids=32.
[    0.094245] Trampoline variant of Tasks RCU enabled.
[    0.094603] Rude variant of Tasks RCU enabled.
[    0.094920] Tracing variant of Tasks RCU enabled.
[    0.095256] rcu: RCU calculated value of scheduler-enlistment delay is 100 jiffies.
[    0.095795] rcu: Adjusting geometry for rcu_fanout_leaf=16, nr_cpu_ids=32
[    0.096332] RCU Tasks: Setting shift to 5 and lim to 1 rcu_task_cb_adjust=1 rcu_task_cpu_ids=32.
[    0.096949] RCU Tasks Rude: Setting shift to 5 and lim to 1 rcu_task_cb_adjust=1 rcu_task_cpu_ids=32.
[    0.097597] RCU Tasks Trace: Setting shift to 5 and lim to 1 rcu_task_cb_adjust=1 rcu_task_cpu_ids=32.
[    0.106847] NR_IRQS: 4352, nr_irqs: 680, preallocated irqs: 16
[    0.107492] rcu: srcu_init: Setting srcu_struct sizes based on contention.
[    0.108160] Console: colour *CGA 80x25
[    0.108447] ACPI: Core revision 20240827
[    0.108856] clocksource: hpet: mask: 0xffffffff max_cycles: 0xffffffff, max_idle_ns: 19112604467 ns
[    0.109543] APIC: Switch to symmetric I/O mode setup
[    0.109890] kvm-guest: APIC: send_IPI_mask() replaced with kvm_send_ipi_mask()
[    0.110379] kvm-guest: APIC: send_IPI_mask_allbutself() replaced with kvm_send_ipi_mask_allbutself()
[    0.110981] kvm-guest: setup PV IPIs
[    0.112047] ..TIMER: vector=0x30 apic1=0 pin1=2 apic2=-1 pin2=-1
[    0.112803] clocksource: tsc-early: mask: 0xffffffffffffffff max_cycles: 0x40be4320a4d, max_idle_ns: 440795288133 ns
[    0.114104] Calibrating delay loop (skipped) preset value.. 8983.12 BogoMIPS (lpj=4491560)
[    0.115168] x86/cpu: User Mode Instruction Prevention (UMIP) activated
[    0.116158] Last level iTLB entries: 4KB 512, 2MB 255, 4MB 127
[    0.117103] Last level dTLB entries: 4KB 512, 2MB 255, 4MB 127, 1GB 0
[    0.117880] Spectre V1 : Mitigation: usercopy/swapgs barriers and __user pointer sanitization
[    0.119107] Spectre V2 : Mitigation: Enhanced / Automatic IBRS
[    0.119802] Spectre V2 : Spectre v2 / SpectreRSB mitigation: Filling RSB on context switch
[    0.120105] Spectre V2 : mitigation: Enabling conditional Indirect Branch Prediction Barrier
[    0.121105] Speculative Store Bypass: Mitigation: Speculative Store Bypass disabled via prctl
[    0.122103] Speculative Return Stack Overflow: IBPB-extending microcode not applied!
[    0.123103] Speculative Return Stack Overflow: WARNING: See https://kernel.org/doc/html/latest/admin-guide/hw-vuln/srso.html for mitigation options.
[    0.123104] Speculative Return Stack Overflow: Vulnerable: Safe RET, no microcode
[    0.125117] x86/fpu: Supporting XSAVE feature 0x001: 'x87 floating point registers'
[    0.126103] x86/fpu: Supporting XSAVE feature 0x002: 'SSE registers'
[    0.126846] x86/fpu: Supporting XSAVE feature 0x004: 'AVX registers'
[    0.127103] x86/fpu: Supporting XSAVE feature 0x020: 'AVX-512 opmask'
[    0.128103] x86/fpu: Supporting XSAVE feature 0x040: 'AVX-512 Hi256'
[    0.129103] x86/fpu: Supporting XSAVE feature 0x080: 'AVX-512 ZMM_Hi256'
[    0.130103] x86/fpu: Supporting XSAVE feature 0x200: 'Protection Keys User registers'
[    0.131017] x86/fpu: xstate_offset[2]:  576, xstate_sizes[2]:  256
[    0.131103] x86/fpu: xstate_offset[5]:  832, xstate_sizes[5]:   64
[    0.132103] x86/fpu: xstate_offset[6]:  896, xstate_sizes[6]:  512
[    0.133103] x86/fpu: xstate_offset[7]: 1408, xstate_sizes[7]: 1024
[    0.133821] x86/fpu: xstate_offset[9]: 2432, xstate_sizes[9]:    8
[    0.134103] x86/fpu: Enabled xstate features 0x2e7, context size is 2440 bytes, using 'compacted' format.
[    0.155675] Freeing SMP alternatives memory: 40K
[    0.156105] pid_max: default: 32768 minimum: 301
[    0.156759] Mount-cache hash table entries: 2048 (order: 2, 16384 bytes, linear)
[    0.157104] Mountpoint-cache hash table entries: 2048 (order: 2, 16384 bytes, linear)
[    0.159315] smpboot: CPU0: AMD Ryzen 9 7950X 16-Core Processor (family: 0x19, model: 0x61, stepping: 0x2)
[    0.160550] Performance Events: Fam17h+ core perfctr, AMD PMU driver.
[    0.161107] ... version:                0
[    0.161574] ... bit width:              48
[    0.162051] ... generic registers:      6
[    0.162105] ... value mask:             0000ffffffffffff
[    0.162722] ... max period:             00007fffffffffff
[    0.163105] ... fixed-purpose events:   0
[    0.163570] ... event mask:             000000000000003f
[    0.164215] signal: max sigframe size: 3376
[    0.164748] rcu: Hierarchical SRCU implementation.
[    0.165105] rcu: Max phase no-delay instances is 400.
[    0.165778] Timer migration: 2 hierarchy levels; 8 children per group; 2 crossnode level
[    0.169761] smp: Bringing up secondary CPUs ...
[    0.170280] smpboot: x86: Booting SMP configuration:
[    0.170870] .... node  #0, CPUs:        #1  #2  #3  #4  #5  #6  #7  #8  #9 #10 #11 #12 #13 #14 #15 #16 #17 #18 #19 #20 #21 #22 #23 #24 #25 #26 #27 #28 #29 #30 #31
[    0.194212] smp: Brought up 1 node, 32 CPUs
[    0.195610] smpboot: Total of 32 processors activated (287459.84 BogoMIPS)
[    0.199234] Memory: 763108K/1048056K available (44247K kernel code, 11493K rwdata, 10152K rodata, 6116K init, 1528K bss, 269052K reserved, 0K cma-reserved)
[    0.200221] devtmpfs: initialized
[    0.200674] x86/mm: Memory block size: 128MB
[    0.206818] clocksource: jiffies: mask: 0xffffffff max_cycles: 0xffffffff, max_idle_ns: 1911260446275000 ns
[    0.207110] futex hash table entries: 8192 (order: 7, 524288 bytes, linear)
[    0.208300] PM: RTC time: 21:26:55, date: 2025-02-19
[    0.209618] NET: Registered PF_NETLINK/PF_ROUTE protocol family
[    0.210969] thermal_sys: Registered thermal governor 'step_wise'
[    0.210997] cpuidle: using governor menu
[    0.212754] PCI: Using configuration type 1 for base access
[    0.213105] PCI: Using configuration type 1 for extended access
[    0.213957] kprobes: kprobe jump-optimization is enabled. All kprobes are optimized if possible.
[    0.230743] HugeTLB: registered 1.00 GiB page size, pre-allocated 0 pages
[    0.231106] HugeTLB: 16380 KiB vmemmap can be freed for a 1.00 GiB page
[    0.231907] HugeTLB: registered 2.00 MiB page size, pre-allocated 0 pages
[    0.232105] HugeTLB: 28 KiB vmemmap can be freed for a 2.00 MiB page
[    0.233416] ACPI: Added _OSI(Module Device)
[    0.233932] ACPI: Added _OSI(Processor Device)
[    0.234106] ACPI: Added _OSI(3.0 _SCP Extensions)
[    0.234674] ACPI: Added _OSI(Processor Aggregator Device)
[    0.256959] ACPI: 1 ACPI AML tables successfully acquired and loaded
[    0.260699] ACPI: Interpreter enabled
[    0.261162] ACPI: PM: (supports S0 S3 S4 S5)
[    0.261680] ACPI: Using IOAPIC for interrupt routing
[    0.262151] PCI: Using host bridge windows from ACPI; if necessary, use "pci=nocrs" and report a bug
[    0.263105] PCI: Using E820 reservations for host bridge windows
[    0.264837] ACPI: Enabled 2 GPEs in block 00 to 0F
[    0.308989] ACPI: PCI Root Bridge [PCI0] (domain 0000 [bus 00-ff])
[    0.309119] acpi PNP0A03:00: _OSC: OS supports [ExtendedConfig ASPM ClockPM Segments MSI HPX-Type3]
[    0.310570] PCI host bridge to bus 0000:00
[    0.311126] pci_bus 0000:00: root bus resource [io  0x0000-0x0cf7 window]
[    0.311956] pci_bus 0000:00: root bus resource [io  0x0d00-0xffff window]
[    0.312107] pci_bus 0000:00: root bus resource [mem 0x000a0000-0x000bffff window]
[    0.313014] pci_bus 0000:00: root bus resource [mem 0x40000000-0xfebfffff window]
[    0.313108] pci_bus 0000:00: root bus resource [mem 0x100000000-0x17fffffff window]
[    0.314040] pci_bus 0000:00: root bus resource [bus 00-ff]
[    0.314198] pci 0000:00:00.0: [8086:1237] type 00 class 0x060000 conventional PCI endpoint
[    0.315936] pci 0000:00:01.0: [8086:7000] type 00 class 0x060100 conventional PCI endpoint
[    0.316924] pci 0000:00:01.1: [8086:7010] type 00 class 0x010180 conventional PCI endpoint
[    0.317469] pci 0000:00:01.1: BAR 4 [io  0xc0c0-0xc0cf]
[    0.318119] pci 0000:00:01.1: BAR 0 [io  0x01f0-0x01f7]: legacy IDE quirk
[    0.318949] pci 0000:00:01.1: BAR 1 [io  0x03f6]: legacy IDE quirk
[    0.319105] pci 0000:00:01.1: BAR 2 [io  0x0170-0x0177]: legacy IDE quirk
[    0.319925] pci 0000:00:01.1: BAR 3 [io  0x0376]: legacy IDE quirk
[    0.320747] pci 0000:00:01.3: [8086:7113] type 00 class 0x068000 conventional PCI endpoint
[    0.321318] pci 0000:00:01.3: quirk: [io  0x0600-0x063f] claimed by PIIX4 ACPI
[    0.322109] pci 0000:00:01.3: quirk: [io  0x0700-0x070f] claimed by PIIX4 SMB
[    0.323670] pci 0000:00:02.0: [1af4:1009] type 00 class 0x000200 conventional PCI endpoint
[    0.324860] pci 0000:00:02.0: BAR 0 [io  0xc000-0xc03f]
[    0.325109] pci 0000:00:02.0: BAR 1 [mem 0xfebfc000-0xfebfcfff]
[    0.325842] pci 0000:00:02.0: BAR 4 [mem 0xfebf0000-0xfebf3fff 64bit pref]
[    0.336837] pci 0000:00:03.0: [1af4:1009] type 00 class 0x000200 conventional PCI endpoint
[    0.337924] pci 0000:00:03.0: BAR 0 [io  0xc040-0xc07f]
[    0.338110] pci 0000:00:03.0: BAR 1 [mem 0xfebfd000-0xfebfdfff]
[    0.338838] pci 0000:00:03.0: BAR 4 [mem 0xfebf4000-0xfebf7fff 64bit pref]
[    0.349772] pci 0000:00:04.0: [8086:25ab] type 00 class 0x088000 conventional PCI endpoint
[    0.350344] pci 0000:00:04.0: BAR 0 [mem 0xfebfe000-0xfebfe00f]
[    0.361566] pci 0000:00:05.0: [1af4:1003] type 00 class 0x078000 conventional PCI endpoint
[    0.362529] pci 0000:00:05.0: BAR 0 [io  0xc080-0xc0bf]
[    0.363110] pci 0000:00:05.0: BAR 1 [mem 0xfebff000-0xfebfffff]
[    0.363842] pci 0000:00:05.0: BAR 4 [mem 0xfebf8000-0xfebfbfff 64bit pref]
[    0.376991] ACPI: PCI: Interrupt link LNKA configured for IRQ 10
[    0.377981] ACPI: PCI: Interrupt link LNKB configured for IRQ 10
[    0.378969] ACPI: PCI: Interrupt link LNKC configured for IRQ 11
[    0.379960] ACPI: PCI: Interrupt link LNKD configured for IRQ 11
[    0.380462] ACPI: PCI: Interrupt link LNKS configured for IRQ 9
[    0.398128] iommu: Default domain type: Translated
[    0.398781] iommu: DMA domain TLB invalidation policy: lazy mode
[    0.399532] SCSI subsystem initialized
[    0.400309] pps_core: LinuxPPS API ver. 1 registered
[    0.400918] pps_core: Software ver. 5.3.6 - Copyright 2005-2007 Rodolfo Giometti <giometti@linux.it>
[    0.401118] PTP clock support registered
[    0.401669] Advanced Linux Sound Architecture Driver Initialized.
[    0.403154] NET: Registered PF_ATMPVC protocol family
[    0.403772] NET: Registered PF_ATMSVC protocol family
[    0.404141] PCI: Using ACPI for IRQ routing
[    0.404777] vgaarb: loaded
[    0.405215] hpet0: at MMIO 0xfed00000, IRQs 2, 8, 0
[    0.405816] hpet0: 3 comparators, 64-bit 100.000000 MHz counter
[    0.410616] clocksource: Switched to clocksource kvm-clock
[    0.411442] VFS: Disk quotas dquot_6.6.0
[    0.411933] VFS: Dquot-cache hash table entries: 512 (order 0, 4096 bytes)
[    0.413448] pnp: PnP ACPI init
[    0.416026] pnp: PnP ACPI: found 5 devices
[    0.427845] clocksource: acpi_pm: mask: 0xffffff max_cycles: 0xffffff, max_idle_ns: 2085701024 ns
[    0.428975] NET: Registered PF_INET protocol family
[    0.429607] IP idents hash table entries: 16384 (order: 5, 131072 bytes, linear)
[    0.430858] tcp_listen_portaddr_hash hash table entries: 512 (order: 1, 8192 bytes, linear)
[    0.431885] Table-perturb hash table entries: 65536 (order: 6, 262144 bytes, linear)
[    0.432841] TCP established hash table entries: 8192 (order: 4, 65536 bytes, linear)
[    0.433875] TCP bind hash table entries: 8192 (order: 6, 262144 bytes, linear)
[    0.434761] TCP: Hash tables configured (established 8192 bind 8192)
[    0.435684] UDP hash table entries: 512 (order: 3, 32768 bytes, linear)
[    0.436523] UDP-Lite hash table entries: 512 (order: 3, 32768 bytes, linear)
[    0.437581] NET: Registered PF_UNIX/PF_LOCAL protocol family
[    0.438298] pci_bus 0000:00: resource 4 [io  0x0000-0x0cf7 window]
[    0.439042] pci_bus 0000:00: resource 5 [io  0x0d00-0xffff window]
[    0.439789] pci_bus 0000:00: resource 6 [mem 0x000a0000-0x000bffff window]
[    0.440621] pci_bus 0000:00: resource 7 [mem 0x40000000-0xfebfffff window]
[    0.441453] pci_bus 0000:00: resource 8 [mem 0x100000000-0x17fffffff window]
[    0.442490] pci 0000:00:01.0: PIIX3: Enabling Passive Release
[    0.443190] pci 0000:00:00.0: Limiting direct PCI/PCI transfers
[    0.443941] PCI: CLS 0 bytes, default 64
[    0.444493] kvm_intel: VMX not supported by CPU 0
[    0.445081] kvm_amd: TSC scaling supported
[    0.445581] kvm_amd: Nested Virtualization enabled
[    0.446164] kvm_amd: Nested Paging enabled
[    0.446658] kvm_amd: LBR virtualization supported
[    0.447365] kvm_amd: Virtual GIF supported
[    0.447859] kvm_amd: Virtual NMI enabled
[    0.490024] clocksource: tsc: mask: 0xffffffffffffffff max_cycles: 0x40be4320a4d, max_idle_ns: 440795288133 ns
[    0.508558] Initialise system trusted keyrings
[    0.509262] workingset: timestamp_bits=56 max_order=18 bucket_order=0
[    0.510166] squashfs: version 4.0 (2009/01/31) Phillip Lougher
[    0.510893] fuse: init (API version 7.42)
[    0.511517] 9p: Installing v9fs 9p2000 file system support
[    0.520998] Key type asymmetric registered
[    0.521513] Asymmetric key parser 'x509' registered
[    0.522181] Block layer SCSI generic (bsg) driver version 0.4 loaded (major 249)
[    0.523117] io scheduler mq-deadline registered
[    0.523680] io scheduler kyber registered
[    0.526166] input: Power Button as /devices/LNXSYSTM:00/LNXPWRBN:00/input/input0
[    0.527256] ACPI: button: Power Button [PWRF]
[    0.529088] Warning: Processor Platform Limit event detected, but not handled.
[    0.529980] Consider compiling CPUfreq support into your kernel.
[    1.317797] ACPI: \_SB_.LNKB: Enabled at IRQ 10
[    2.098710] ACPI: \_SB_.LNKC: Enabled at IRQ 11
[    2.878251] ACPI: \_SB_.LNKA: Enabled at IRQ 10
[    2.879601] Serial: 8250/16550 driver, 4 ports, IRQ sharing enabled
[    2.880687] 00:03: ttyS0 at I/O 0x3f8 (irq = 4, base_baud = 115200) is a 16550A
[    2.904066] Non-volatile memory driver v1.3
[    2.904611] Linux agpgart interface v0.103
[    2.905258] printk: legacy console [hvc0] enabled
[    2.905283] ACPI: bus type drm_connector registered
[    2.905866] printk: legacy bootconsole [earlyser0] disabled
          _      _                                    
   __   _(_)_ __| |_ _ __ ___   ___       _ __   __ _ 
   \ \ / / |  __| __|  _   _ \ / _ \_____|  _ \ / _  |
    \ V /| | |  | |_| | | | | |  __/_____| | | | (_| |
     \_/ |_|_|   \__|_| |_| |_|\___|     |_| |_|\__  |
                                                |___/ 
   kernel version: 6.14.0-rc2-virtme x86_64
   (CTRL+d to exit)

root@virtme-ng:/nipa-data/kernel# PS1='xx__-> '
xx__-> env
PWD=/nipa-data/kernel
nr_open=1048576
HOME=/
TERM=xterm
SHLVL=2
XDG_RUNTIME_DIR=/run/user/0
PATH=/bin:/sbin:/usr/bin:/usr/sbin:/usr/local/bin
OLDPWD=/
_=/bin/env
xx__-> 