No EFI environment detected.
early console in extract_kernel
input_data: 0x0000000002be52c4
input_len: 0x0000000000b58d75
output: 0x0000000001000000
output_len: 0x00000000026f6074
kernel_total_size: 0x0000000002430000
needed_size: 0x0000000002800000
trampoline_32bit: 0x000000000009d000
Physical KASLR using RDRAND RDTSC...
Virtual KASLR using RDRAND RDTSC...

Decompressing Linux... Parsing ELF... Performing relocations... done.
Booting the kernel (entry_offset: 0x0000000000000000).
[    0.000000] Linux version 6.11.0-rc5-virtme (root@3331f3182764) (gcc (Ubuntu 13.2.0-23ubuntu4) 13.2.0, GNU ld (GNU Binutils for Ubuntu) 2.42) #1 SMP PREEMPT_DYNAMIC Thu Sep  5 21:07:31 UTC 2024
[    0.000000] Command line: virtme_hostname=virtme-ng nr_open=1048576 virtme_link_mods=/nipa-data/kernel/.virtme_mods/lib/modules/0.0.0 virtme_initmount0=nipa-data/kernel virtme_rw_overlay0=/etc virtme_rw_overlay1=/lib virtme_rw_overlay2=/home virtme_rw_overlay3=/opt virtme_rw_overlay4=/srv virtme_rw_overlay5=/usr virtme_rw_overlay6=/var console=hvc0 earlyprintk=serial,ttyS0,115200 virtme_console=ttyS0 psmouse.proto=exps TERM=xterm virtme_chdir=nipa-data/kernel virtme_root_user=1 rootfstype=9p rootflags=version=9p2000.L,trans=virtio,access=any raid=noautodetect ro init=/usr/lib/python3/dist-packages/virtme/guest/virtme-init
[    0.000000] x86/split lock detection: #DB: warning on user-space bus_locks
[    0.000000] BIOS-provided physical RAM map:
[    0.000000] BIOS-e820: [mem 0x0000000000000000-0x000000000009fbff] usable
[    0.000000] BIOS-e820: [mem 0x000000000009fc00-0x000000000009ffff] reserved
[    0.000000] BIOS-e820: [mem 0x00000000000f0000-0x00000000000fffff] reserved
[    0.000000] BIOS-e820: [mem 0x0000000000100000-0x000000003ffdffff] usable
[    0.000000] BIOS-e820: [mem 0x000000003ffe0000-0x000000003fffffff] reserved
[    0.000000] BIOS-e820: [mem 0x00000000feffc000-0x00000000feffffff] reserved
[    0.000000] BIOS-e820: [mem 0x00000000fffc0000-0x00000000ffffffff] reserved
[    0.000000] printk: legacy bootconsole [earlyser0] enabled
[    0.000000] NX (Execute Disable) protection: active
[    0.000000] APIC: Static calls initialized
[    0.000000] SMBIOS 3.0.0 present.
[    0.000000] DMI: QEMU Ubuntu 24.04 PC (i440FX + PIIX, 1996), BIOS 1.16.3-debian-1.16.3-2 04/01/2014
[    0.000000] DMI: Memory slots populated: 1/1
[    0.000000] Hypervisor detected: KVM
[    0.000000] kvm-clock: Using msrs 4b564d01 and 4b564d00
[    0.000001] kvm-clock: using sched offset of 1090093014 cycles
[    0.000752] clocksource: kvm-clock: mask: 0xffffffffffffffff max_cycles: 0x1cd42e4dffb, max_idle_ns: 881590591483 ns
[    0.003093] tsc: Detected 2000.000 MHz processor
[    0.004220] last_pfn = 0x3ffe0 max_arch_pfn = 0x10000000000
[    0.005081] MTRR map: 4 entries (3 fixed + 1 variable; max 19), built from 8 variable MTRRs
[    0.006277] x86/PAT: Configuration [0-7]: WB  WC  UC- UC  WB  WP  UC- WT  
Memory KASLR using RDRAND RDTSC...
[    0.014041] found SMP MP-table at [mem 0x000f5470-0x000f547f]
[    0.014878] Using GB pages for direct mapping
[    0.015618] ACPI: Early table checksum verification disabled
[    0.016431] ACPI: RSDP 0x00000000000F5290 000014 (v00 BOCHS )
[    0.017259] ACPI: RSDT 0x000000003FFE308E 000034 (v01 BOCHS  BXPC     00000001 BXPC 00000001)
[    0.018489] ACPI: FACP 0x000000003FFE2D8A 000074 (v01 BOCHS  BXPC     00000001 BXPC 00000001)
[    0.019712] ACPI: DSDT 0x000000003FFE0040 002D4A (v01 BOCHS  BXPC     00000001 BXPC 00000001)
[    0.020935] ACPI: FACS 0x000000003FFE0000 000040
[    0.021596] ACPI: APIC 0x000000003FFE2DFE 000230 (v03 BOCHS  BXPC     00000001 BXPC 00000001)
[    0.022816] ACPI: HPET 0x000000003FFE302E 000038 (v01 BOCHS  BXPC     00000001 BXPC 00000001)
[    0.024036] ACPI: WAET 0x000000003FFE3066 000028 (v01 BOCHS  BXPC     00000001 BXPC 00000001)
[    0.025255] ACPI: Reserving FACP table memory at [mem 0x3ffe2d8a-0x3ffe2dfd]
[    0.026262] ACPI: Reserving DSDT table memory at [mem 0x3ffe0040-0x3ffe2d89]
[    0.027267] ACPI: Reserving FACS table memory at [mem 0x3ffe0000-0x3ffe003f]
[    0.028275] ACPI: Reserving APIC table memory at [mem 0x3ffe2dfe-0x3ffe302d]
[    0.029282] ACPI: Reserving HPET table memory at [mem 0x3ffe302e-0x3ffe3065]
[    0.030288] ACPI: Reserving WAET table memory at [mem 0x3ffe3066-0x3ffe308d]
[    0.031639] No NUMA configuration found
[    0.032186] Faking a node at [mem 0x0000000000000000-0x000000003ffdffff]
[    0.033147] NODE_DATA(0) allocated [mem 0x3ffdb000-0x3ffdffff]
[    0.034100] Zone ranges:
[    0.034462]   DMA      [mem 0x0000000000001000-0x0000000000ffffff]
[    0.035346]   DMA32    [mem 0x0000000001000000-0x000000003ffdffff]
[    0.036233]   Normal   empty
[    0.036644]   Device   empty
[    0.037055] Movable zone start for each node
[    0.037665] Early memory node ranges
[    0.038174]   node   0: [mem 0x0000000000001000-0x000000000009efff]
[    0.039069]   node   0: [mem 0x0000000000100000-0x000000003ffdffff]
[    0.039964] Initmem setup node 0 [mem 0x0000000000001000-0x000000003ffdffff]
[    0.040975] On node 0, zone DMA: 1 pages in unavailable ranges
[    0.041841] On node 0, zone DMA: 97 pages in unavailable ranges
[    0.046252] On node 0, zone DMA32: 32 pages in unavailable ranges
[    0.047657] ACPI: PM-Timer IO Port: 0x608
[    0.048258] ACPI: LAPIC_NMI (acpi_id[0xff] dfl dfl lint[0x1])
[    0.049142] IOAPIC[0]: apic_id 0, version 17, address 0xfec00000, GSI 0-23
[    0.050125] ACPI: INT_SRC_OVR (bus 0 bus_irq 0 global_irq 2 dfl dfl)
[    0.051031] ACPI: INT_SRC_OVR (bus 0 bus_irq 5 global_irq 5 high level)
[    0.051974] ACPI: INT_SRC_OVR (bus 0 bus_irq 9 global_irq 9 high level)
[    0.052923] ACPI: INT_SRC_OVR (bus 0 bus_irq 10 global_irq 10 high level)
[    0.053894] ACPI: INT_SRC_OVR (bus 0 bus_irq 11 global_irq 11 high level)
[    0.054868] ACPI: Using ACPI (MADT) for SMP configuration information
[    0.055786] ACPI: HPET id: 0x8086a201 base: 0xfed00000
[    0.056524] TSC deadline timer available
[    0.057087] CPU topo: Max. logical packages:   1
[    0.057744] CPU topo: Max. logical dies:       1
[    0.058402] CPU topo: Max. dies per package:   1
[    0.059063] CPU topo: Max. threads per core:   1
[    0.059720] CPU topo: Num. cores per package:    56
[    0.060420] CPU topo: Num. threads per package:  56
[    0.061116] CPU topo: Allowing 56 present CPUs plus 0 hotplug CPUs
[    0.062021] kvm-guest: APIC: eoi() replaced with kvm_guest_apic_eoi_write()
[    0.063031] kvm-guest: KVM setup pv remote TLB flush
[    0.063744] kvm-guest: setup PV sched yield
[    0.064351] PM: hibernation: Registered nosave memory: [mem 0x00000000-0x00000fff]
[    0.065433] PM: hibernation: Registered nosave memory: [mem 0x0009f000-0x0009ffff]
[    0.066513] PM: hibernation: Registered nosave memory: [mem 0x000a0000-0x000effff]
[    0.067592] PM: hibernation: Registered nosave memory: [mem 0x000f0000-0x000fffff]
[    0.068677] [mem 0x40000000-0xfeffbfff] available for PCI devices
[    0.069552] Booting paravirtualized kernel on KVM
[    0.070223] clocksource: refined-jiffies: mask: 0xffffffff max_cycles: 0xffffffff, max_idle_ns: 1910969940391419 ns
[    0.079294] setup_percpu: NR_CPUS:64 nr_cpumask_bits:56 nr_cpu_ids:56 nr_node_ids:1
[    0.085017] percpu: Embedded 58 pages/cpu s198360 r8192 d31016 u262144
[    0.086072] Kernel command line: virtme_hostname=virtme-ng nr_open=1048576 virtme_link_mods=/nipa-data/kernel/.virtme_mods/lib/modules/0.0.0 virtme_initmount0=nipa-data/kernel virtme_rw_overlay0=/etc virtme_rw_overlay1=/lib virtme_rw_overlay2=/home virtme_rw_overlay3=/opt virtme_rw_overlay4=/srv virtme_rw_overlay5=/usr virtme_rw_overlay6=/var console=hvc0 earlyprintk=serial,ttyS0,115200 virtme_console=ttyS0 psmouse.proto=exps TERM=xterm virtme_chdir=nipa-data/kernel virtme_root_user=1 rootfstype=9p rootflags=version=9p2000.L,trans=virtio,access=any raid=noautodetect ro init=/usr/lib/python3/dist-packages/virtme/guest/virtme-init
[    0.094332] Unknown kernel command line parameters "virtme_hostname=virtme-ng nr_open=1048576 virtme_link_mods=/nipa-data/kernel/.virtme_mods/lib/modules/0.0.0 virtme_initmount0=nipa-data/kernel virtme_rw_overlay0=/etc virtme_rw_overlay1=/lib virtme_rw_overlay2=/home virtme_rw_overlay3=/opt virtme_rw_overlay4=/srv virtme_rw_overlay5=/usr virtme_rw_overlay6=/var virtme_console=ttyS0 virtme_chdir=nipa-data/kernel virtme_root_user=1", will be passed to user space.
[    0.100340] random: crng init done
[    0.100835] printk: log_buf_len individual max cpu contribution: 4096 bytes
[    0.101843] printk: log_buf_len total cpu_extra contributions: 225280 bytes
[    0.102851] printk: log_buf_len min size: 262144 bytes
[    0.104205] printk: log_buf_len: 524288 bytes
[    0.104865] printk: early log buf free: 254024(96%)
[    0.105995] Dentry cache hash table entries: 131072 (order: 8, 1048576 bytes, linear)
[    0.107183] Inode-cache hash table entries: 65536 (order: 7, 524288 bytes, linear)
[    0.109112] Fallback order for Node 0: 0 
[    0.109120] Built 1 zonelists, mobility grouping on.  Total pages: 262014
[    0.110622] Policy zone: DMA32
[    0.111050] mem auto-init: stack:all(zero), heap alloc:off, heap free:off
[    0.115508] SLUB: HWalign=64, Order=0-3, MinObjects=0, CPUs=56, Nodes=1
Poking KASLR using RDRAND RDTSC...
[    0.116948] ftrace: allocating 48231 entries in 189 pages
[    0.131412] ftrace: allocated 189 pages with 6 groups
[    0.133234] Dynamic Preempt: voluntary
[    0.134694] rcu: Preemptible hierarchical RCU implementation.
[    0.135504] rcu: RCU event tracing is enabled.
[    0.136127] rcu: RCU restricting CPUs from NR_CPUS=64 to nr_cpu_ids=56.
[    0.137054] Trampoline variant of Tasks RCU enabled.
[    0.137747] Rude variant of Tasks RCU enabled.
[    0.138369] Tracing variant of Tasks RCU enabled.
[    0.139028] rcu: RCU calculated value of scheduler-enlistment delay is 100 jiffies.
[    0.140079] rcu: Adjusting geometry for rcu_fanout_leaf=16, nr_cpu_ids=56
[    0.141066] RCU Tasks: Setting shift to 6 and lim to 1 rcu_task_cb_adjust=1.
[    0.142067] RCU Tasks Rude: Setting shift to 6 and lim to 1 rcu_task_cb_adjust=1.
[    0.143101] RCU Tasks Trace: Setting shift to 6 and lim to 1 rcu_task_cb_adjust=1.
[    0.147288] NR_IRQS: 4352, nr_irqs: 872, preallocated irqs: 16
[    0.148451] rcu: srcu_init: Setting srcu_struct sizes based on contention.
[    0.149686] Console: colour *CGA 80x25
[    0.150251] ACPI: Core revision 20240322
[    0.150958] clocksource: hpet: mask: 0xffffffff max_cycles: 0xffffffff, max_idle_ns: 19112604467 ns
[    0.152337] APIC: Switch to symmetric I/O mode setup
[    0.153204] APIC: Switched APIC routing to: physical flat
[    0.154246] kvm-guest: APIC: send_IPI_mask() replaced with kvm_send_ipi_mask()
[    0.155281] kvm-guest: APIC: send_IPI_mask_allbutself() replaced with kvm_send_ipi_mask_allbutself()
[    0.156862] kvm-guest: setup PV IPIs
[    0.158854] ..TIMER: vector=0x30 apic1=0 pin1=2 apic2=-1 pin2=-1
[    0.160282] clocksource: tsc-early: mask: 0xffffffffffffffff max_cycles: 0x39a85c9bff6, max_idle_ns: 881590591483 ns
[    0.163609] Calibrating delay loop (skipped) preset value.. 4000.00 BogoMIPS (lpj=2000000)
[    0.164825] x86/cpu: User Mode Instruction Prevention (UMIP) activated
[    0.165726] Last level iTLB entries: 4KB 0, 2MB 0, 4MB 0
[    0.166611] Last level dTLB entries: 4KB 0, 2MB 0, 4MB 0, 1GB 0
[    0.167627] Spectre V1 : Mitigation: usercopy/swapgs barriers and __user pointer sanitization
[    0.168611] Spectre V2 : Spectre BHI mitigation: SW BHB clearing on syscall and VM exit
[    0.169604] Spectre V2 : Mitigation: Enhanced / Automatic IBRS
[    0.170604] Spectre V2 : Spectre v2 / SpectreRSB mitigation: Filling RSB on context switch
[    0.171611] Spectre V2 : Spectre v2 / PBRSB-eIBRS: Retire a single CALL on VMEXIT
[    0.172616] Spectre V2 : mitigation: Enabling conditional Indirect Branch Prediction Barrier
[    0.173614] Speculative Store Bypass: Mitigation: Speculative Store Bypass disabled via prctl
[    0.174612] TAA: Mitigation: TSX disabled
[    0.175696] x86/fpu: Supporting XSAVE feature 0x001: 'x87 floating point registers'
[    0.176611] x86/fpu: Supporting XSAVE feature 0x002: 'SSE registers'
[    0.177611] x86/fpu: Supporting XSAVE feature 0x004: 'AVX registers'
[    0.178611] x86/fpu: Supporting XSAVE feature 0x020: 'AVX-512 opmask'
[    0.179611] x86/fpu: Supporting XSAVE feature 0x040: 'AVX-512 Hi256'
[    0.180611] x86/fpu: Supporting XSAVE feature 0x080: 'AVX-512 ZMM_Hi256'
[    0.181611] x86/fpu: Supporting XSAVE feature 0x200: 'Protection Keys User registers'
[    0.182611] x86/fpu: Supporting XSAVE feature 0x20000: 'AMX Tile config'
[    0.183611] x86/fpu: Supporting XSAVE feature 0x40000: 'AMX Tile data'
[    0.184611] x86/fpu: xstate_offset[2]:  576, xstate_sizes[2]:  256
[    0.185611] x86/fpu: xstate_offset[5]:  832, xstate_sizes[5]:   64
[    0.186611] x86/fpu: xstate_offset[6]:  896, xstate_sizes[6]:  512
[    0.187611] x86/fpu: xstate_offset[7]: 1408, xstate_sizes[7]: 1024
[    0.188611] x86/fpu: xstate_offset[9]: 2432, xstate_sizes[9]:    8
[    0.189611] x86/fpu: xstate_offset[17]: 2496, xstate_sizes[17]:   64
[    0.190611] x86/fpu: xstate_offset[18]: 2560, xstate_sizes[18]: 8192
[    0.191611] x86/fpu: Enabled xstate features 0x602e7, context size is 10752 bytes, using 'compacted' format.
[    0.220490] Freeing SMP alternatives memory: 40K
[    0.220612] pid_max: default: 57344 minimum: 448
[    0.221726] Mount-cache hash table entries: 2048 (order: 2, 16384 bytes, linear)
[    0.222616] Mountpoint-cache hash table entries: 2048 (order: 2, 16384 bytes, linear)
[    0.224849] smpboot: CPU0: Intel(R) Xeon(R) Platinum 8480+ (family: 0x6, model: 0x8f, stepping: 0x6)
[    0.225840] Performance Events: PEBS fmt0-, Sapphire Rapids events, full-width counters, Intel PMU driver.
[    0.226610] ... version:                2
[    0.227417] ... bit width:              48
[    0.227606] ... generic registers:      8
[    0.228411] ... value mask:             0000ffffffffffff
[    0.228606] ... max period:             00007fffffffffff
[    0.229606] ... fixed-purpose events:   3
[    0.230406] ... event mask:             00000007000000ff
[    0.230829] signal: max sigframe size: 11952
[    0.231632] rcu: Hierarchical SRCU implementation.
[    0.232595] rcu: Max phase no-delay instances is 400.
[    0.232640] Timer migration: 2 hierarchy levels; 8 children per group; 2 crossnode level
[    0.234673] smp: Bringing up secondary CPUs ...
[    0.235726] smpboot: x86: Booting SMP configuration:
[    0.236610] .... node  #0, CPUs:        #1  #2  #3  #4  #5  #6  #7  #8  #9 #10 #11 #12 #13 #14 #15 #16 #17 #18 #19 #20 #21 #22 #23 #24 #25 #26 #27 #28 #29 #30 #31 #32 #33 #34 #35 #36 #37 #38 #39 #40 #41 #42 #43 #44 #45 #46 #47 #48 #49 #50 #51 #52 #53 #54 #55
[    0.292427] smp: Brought up 1 node, 56 CPUs
[    0.293473] smpboot: Total of 56 processors activated (224000.00 BogoMIPS)
[    0.304652] Memory: 951188K/1048056K available (16384K kernel code, 2430K rwdata, 6232K rodata, 3100K init, 1940K bss, 72272K reserved, 0K cma-reserved)
[    0.305754] devtmpfs: initialized
[    0.306629] x86/mm: Memory block size: 128MB
[    0.308786] clocksource: jiffies: mask: 0xffffffff max_cycles: 0xffffffff, max_idle_ns: 1911260446275000 ns
[    0.309612] futex hash table entries: 16384 (order: 8, 1048576 bytes, linear)
[    0.310945] PM: RTC time: 21:08:10, date: 2024-09-05
[    0.313577] NET: Registered PF_NETLINK/PF_ROUTE protocol family
[    0.313793] thermal_sys: Registered thermal governor 'step_wise'
[    0.313794] thermal_sys: Registered thermal governor 'user_space'
[    0.314638] cpuidle: using governor menu
[    0.317516] PCI: Using configuration type 1 for base access
[    0.317695] kprobes: kprobe jump-optimization is enabled. All kprobes are optimized if possible.
[    0.352070] HugeTLB: registered 1.00 GiB page size, pre-allocated 0 pages
[    0.354614] HugeTLB: 16380 KiB vmemmap can be freed for a 1.00 GiB page
[    0.356609] HugeTLB: registered 2.00 MiB page size, pre-allocated 0 pages
[    0.358608] HugeTLB: 28 KiB vmemmap can be freed for a 2.00 MiB page
[    0.360842] ACPI: Added _OSI(Module Device)
[    0.361607] ACPI: Added _OSI(Processor Device)
[    0.362531] ACPI: Added _OSI(3.0 _SCP Extensions)
[    0.363607] ACPI: Added _OSI(Processor Aggregator Device)
[    0.365305] ACPI: 1 ACPI AML tables successfully acquired and loaded
[    0.368850] ACPI: Interpreter enabled
[    0.369619] ACPI: PM: (supports S0 S3 S4 S5)
[    0.370497] ACPI: Using IOAPIC for interrupt routing
[    0.371619] PCI: Using host bridge windows from ACPI; if necessary, use "pci=nocrs" and report a bug
[    0.373607] PCI: Using E820 reservations for host bridge windows
[    0.374715] ACPI: Enabled 2 GPEs in block 00 to 0F
[    0.377603] ACPI: PCI Root Bridge [PCI0] (domain 0000 [bus 00-ff])
[    0.379611] acpi PNP0A03:00: _OSC: OS supports [ASPM ClockPM Segments MSI HPX-Type3]
[    0.381608] acpi PNP0A03:00: _OSC: not requesting OS control; OS requires [ExtendedConfig ASPM ClockPM MSI]
[    0.382613] acpi PNP0A03:00: fail to add MMCONFIG information, can't access extended configuration space under this bridge
[    0.384713] PCI host bridge to bus 0000:00
[    0.385553] pci_bus 0000:00: root bus resource [io  0x0000-0x0cf7 window]
[    0.387607] pci_bus 0000:00: root bus resource [io  0x0d00-0xffff window]
[    0.388606] pci_bus 0000:00: root bus resource [mem 0x000a0000-0x000bffff window]
[    0.389606] pci_bus 0000:00: root bus resource [mem 0x40000000-0xfebfffff window]
[    0.391606] pci_bus 0000:00: root bus resource [mem 0x100000000-0x17fffffff window]
[    0.393607] pci_bus 0000:00: root bus resource [bus 00-ff]
[    0.394657] pci 0000:00:00.0: [8086:1237] type 00 class 0x060000 conventional PCI endpoint
[    0.396143] pci 0000:00:01.0: [8086:7000] type 00 class 0x060100 conventional PCI endpoint
[    0.399305] pci 0000:00:01.1: [8086:7010] type 00 class 0x010180 conventional PCI endpoint
[    0.403608] pci 0000:00:01.1: BAR 4 [io  0xc0c0-0xc0cf]
[    0.405958] pci 0000:00:01.1: BAR 0 [io  0x01f0-0x01f7]: legacy IDE quirk
[    0.408618] pci 0000:00:01.1: BAR 1 [io  0x03f6]: legacy IDE quirk
[    0.409607] pci 0000:00:01.1: BAR 2 [io  0x0170-0x0177]: legacy IDE quirk
[    0.411606] pci 0000:00:01.1: BAR 3 [io  0x0376]: legacy IDE quirk
[    0.412842] pci 0000:00:01.3: [8086:7113] type 00 class 0x068000 conventional PCI endpoint
[    0.415176] pci 0000:00:01.3: quirk: [io  0x0600-0x063f] claimed by PIIX4 ACPI
[    0.416616] pci 0000:00:01.3: quirk: [io  0x0700-0x070f] claimed by PIIX4 SMB
[    0.418977] pci 0000:00:02.0: [1af4:1009] type 00 class 0x000200 conventional PCI endpoint
[    0.421609] pci 0000:00:02.0: BAR 0 [io  0xc000-0xc03f]
[    0.423523] pci 0000:00:02.0: BAR 1 [mem 0xfebfc000-0xfebfcfff]
[    0.429115] pci 0000:00:02.0: BAR 4 [mem 0xfebf0000-0xfebf3fff 64bit pref]
[    0.432608] pci 0000:00:03.0: [1af4:1009] type 00 class 0x000200 conventional PCI endpoint
[    0.434441] pci 0000:00:03.0: BAR 0 [io  0xc040-0xc07f]
[    0.437609] pci 0000:00:03.0: BAR 1 [mem 0xfebfd000-0xfebfdfff]
[    0.443013] pci 0000:00:03.0: BAR 4 [mem 0xfebf4000-0xfebf7fff 64bit pref]
[    0.446339] pci 0000:00:04.0: [8086:25ab] type 00 class 0x088000 conventional PCI endpoint
[    0.448028] pci 0000:00:04.0: BAR 0 [mem 0xfebfe000-0xfebfe00f]
[    0.453179] pci 0000:00:05.0: [1af4:1003] type 00 class 0x078000 conventional PCI endpoint
[    0.455523] pci 0000:00:05.0: BAR 0 [io  0xc080-0xc0bf]
[    0.457340] pci 0000:00:05.0: BAR 1 [mem 0xfebff000-0xfebfffff]
[    0.462610] pci 0000:00:05.0: BAR 4 [mem 0xfebf8000-0xfebfbfff 64bit pref]
[    0.468866] ACPI: PCI: Interrupt link LNKA configured for IRQ 10
[    0.469746] ACPI: PCI: Interrupt link LNKB configured for IRQ 10
[    0.471730] ACPI: PCI: Interrupt link LNKC configured for IRQ 11
[    0.472726] ACPI: PCI: Interrupt link LNKD configured for IRQ 11
[    0.473692] ACPI: PCI: Interrupt link LNKS configured for IRQ 9
[    0.477367] iommu: Default domain type: Translated
[    0.477606] iommu: DMA domain TLB invalidation policy: lazy mode
[    0.478732] SCSI subsystem initialized
[    0.479646] pps_core: LinuxPPS API ver. 1 registered
[    0.480607] pps_core: Software ver. 5.3.6 - Copyright 2005-2007 Rodolfo Giometti <giometti@linux.it>
[    0.482608] PTP clock support registered
[    0.483676] Advanced Linux Sound Architecture Driver Initialized.
[    0.486724] NET: Registered PF_ATMPVC protocol family
[    0.487607] NET: Registered PF_ATMSVC protocol family
[    0.488610] PCI: Using ACPI for IRQ routing
[    0.489658] vgaarb: loaded
[    0.490716] hpet0: at MMIO 0xfed00000, IRQs 2, 8, 0
[    0.491610] hpet0: 3 comparators, 64-bit 100.000000 MHz counter
[    0.498846] clocksource: Switched to clocksource kvm-clock
[    0.500298] VFS: Disk quotas dquot_6.6.0
[    0.501107] VFS: Dquot-cache hash table entries: 512 (order 0, 4096 bytes)
[    0.502683] pnp: PnP ACPI init
[    0.504190] pnp: PnP ACPI: found 5 devices
[    0.518337] clocksource: acpi_pm: mask: 0xffffff max_cycles: 0xffffff, max_idle_ns: 2085701024 ns
[    0.520249] NET: Registered PF_INET protocol family
[    0.521313] IP idents hash table entries: 16384 (order: 5, 131072 bytes, linear)
[    0.523272] tcp_listen_portaddr_hash hash table entries: 512 (order: 1, 8192 bytes, linear)
[    0.525795] Table-perturb hash table entries: 65536 (order: 6, 262144 bytes, linear)
[    0.527450] TCP established hash table entries: 8192 (order: 4, 65536 bytes, linear)
[    0.529107] TCP bind hash table entries: 8192 (order: 6, 262144 bytes, linear)
[    0.530584] TCP: Hash tables configured (established 8192 bind 8192)
[    0.531926] UDP hash table entries: 512 (order: 2, 16384 bytes, linear)
[    0.533260] UDP-Lite hash table entries: 512 (order: 2, 16384 bytes, linear)
[    0.534832] NET: Registered PF_UNIX/PF_LOCAL protocol family
[    0.536113] pci_bus 0000:00: resource 4 [io  0x0000-0x0cf7 window]
[    0.537410] pci_bus 0000:00: resource 5 [io  0x0d00-0xffff window]
[    0.538646] pci_bus 0000:00: resource 6 [mem 0x000a0000-0x000bffff window]
[    0.540028] pci_bus 0000:00: resource 7 [mem 0x40000000-0xfebfffff window]
[    0.541409] pci_bus 0000:00: resource 8 [mem 0x100000000-0x17fffffff window]
[    0.542856] pci 0000:00:01.0: PIIX3: Enabling Passive Release
[    0.544028] pci 0000:00:00.0: Limiting direct PCI/PCI transfers
[    0.545310] PCI: CLS 0 bytes, default 64
[    0.560753] RAPL PMU: API unit is 2^-32 Joules, 1 fixed counters, 10737418240 ms ovfl timer
[    0.562434] RAPL PMU: hw unit of domain psys 2^-0 Joules
[    1.133019] kvm_amd: CPU 55 isn't AMD or Hygon
[    1.133938] clocksource: tsc: mask: 0xffffffffffffffff max_cycles: 0x39a85c9bff6, max_idle_ns: 881590591483 ns
[    1.245929] Initialise system trusted keyrings
[    1.247306] workingset: timestamp_bits=56 max_order=18 bucket_order=0
[    1.248696] squashfs: version 4.0 (2009/01/31) Phillip Lougher
[    1.249897] fuse: init (API version 7.40)
[    1.250995] 9p: Installing v9fs 9p2000 file system support
[    1.263559] Key type asymmetric registered
[    1.264404] Asymmetric key parser 'x509' registered
[    1.265407] Block layer SCSI generic (bsg) driver version 0.4 loaded (major 249)
[    1.266891] io scheduler mq-deadline registered
[    1.267798] io scheduler kyber registered
[    1.286991] input: Power Button as /devices/LNXSYSTM:00/LNXPWRBN:00/input/input0
[    1.288989] ACPI: button: Power Button [PWRF]
[    1.290976] Warning: Processor Platform Limit event detected, but not handled.
[    1.294140] Consider compiling CPUfreq support into your kernel.
[    1.333036] ACPI: \_SB_.LNKB: Enabled at IRQ 10
[    1.347248] ACPI: \_SB_.LNKC: Enabled at IRQ 11
[    1.361296] ACPI: \_SB_.LNKA: Enabled at IRQ 10
[    1.363600] Serial: 8250/16550 driver, 4 ports, IRQ sharing enabled
[    1.365062] 00:03: ttyS0 at I/O 0x3f8 (irq = 4, base_baud = 115200) is a 16550A
[    1.410412] Non-volatile memory driver v1.3
[    1.411394] Linux agpgart interface v0.103
[    1.412825] ACPI: bus type drm_connector registered
[    1.413868] printk: legacy console [hvc0] enabled
[    1.415689] printk: legacy bootconsole [earlyser0] disabled
          _      _                                    
   __   _(_)_ __| |_ _ __ ___   ___       _ __   __ _ 
   \ \ / / |  __| __|  _   _ \ / _ \_____|  _ \ / _  |
    \ V /| | |  | |_| | | | | |  __/_____| | | | (_| |
     \_/ |_|_|   \__|_| |_| |_|\___|     |_| |_|\__  |
                                                |___/ 
   kernel version: 6.11.0-rc5-virtme x86_64
   (CTRL+d to exit)

root@virtme-ng:/nipa-data/kernel# PS1='xx__-> '
xx__-> env
PWD=/nipa-data/kernel
nr_open=1048576
HOME=/
TERM=xterm
SHLVL=2
XDG_RUNTIME_DIR=/run/user/0
PATH=/bin:/sbin:/usr/bin:/usr/sbin:/usr/local/bin
OLDPWD=/
_=/bin/env
xx__-> 