No EFI environment detected.
early console in extract_kernel
input_data: 0x0000000002be02c4
input_len: 0x0000000000b91575
output: 0x0000000001000000
output_len: 0x0000000002729ef0
kernel_total_size: 0x0000000002430000
needed_size: 0x0000000002800000
trampoline_32bit: 0x0000000000000000
Physical KASLR using RDRAND RDTSC...
Virtual KASLR using RDRAND RDTSC...

Decompressing Linux... Parsing ELF... Performing relocations... done.
Booting the kernel (entry_offset: 0x0000000000f8be90).
[    0.000000] Linux version 6.14.0-rc4-virtme (root@c36988b1ed6a) (gcc (Ubuntu 13.3.0-6ubuntu2~24.04) 13.3.0, GNU ld (GNU Binutils for Ubuntu) 2.42) #1 SMP PREEMPT_DYNAMIC Thu Mar  6 00:06:20 UTC 2025
[    0.000000] Command line: virtme_hostname=virtme-ng nr_open=1048576 virtme_link_mods=/nipa-data/kernel/.virtme_mods/lib/modules/0.0.0 virtme_initmount0=nipa-data/kernel virtme_rw_overlay0=/etc virtme_rw_overlay1=/lib virtme_rw_overlay2=/home virtme_rw_overlay3=/opt virtme_rw_overlay4=/srv virtme_rw_overlay5=/usr virtme_rw_overlay6=/var console=hvc0 earlyprintk=serial,ttyS0,115200 virtme_console=ttyS0 psmouse.proto=exps TERM=xterm virtme_chdir=nipa-data/kernel virtme_root_user=1 rootfstype=9p rootflags=version=9p2000.L,trans=virtio,access=any raid=noautodetect ro init=/usr/lib/python3/dist-packages/virtme/guest/virtme-init
[    0.000000] BIOS-provided physical RAM map:
[    0.000000] BIOS-e820: [mem 0x0000000000000000-0x000000000009fbff] usable
[    0.000000] BIOS-e820: [mem 0x000000000009fc00-0x000000000009ffff] reserved
[    0.000000] BIOS-e820: [mem 0x00000000000f0000-0x00000000000fffff] reserved
[    0.000000] BIOS-e820: [mem 0x0000000000100000-0x000000003ffdffff] usable
[    0.000000] BIOS-e820: [mem 0x000000003ffe0000-0x000000003fffffff] reserved
[    0.000000] BIOS-e820: [mem 0x00000000feffc000-0x00000000feffffff] reserved
[    0.000000] BIOS-e820: [mem 0x00000000fffc0000-0x00000000ffffffff] reserved
[    0.000000] BIOS-e820: [mem 0x000000fd00000000-0x000000ffffffffff] reserved
[    0.000000] printk: legacy bootconsole [earlyser0] enabled
[    0.000000] NX (Execute Disable) protection: active
[    0.000000] APIC: Static calls initialized
[    0.000000] SMBIOS 3.0.0 present.
[    0.000000] DMI: QEMU Ubuntu 24.04 PC (i440FX + PIIX, 1996), BIOS 1.16.3-debian-1.16.3-2 04/01/2014
[    0.000000] DMI: Memory slots populated: 1/1
[    0.000000] Hypervisor detected: KVM
[    0.000000] kvm-clock: Using msrs 4b564d01 and 4b564d00
[    0.000000] kvm-clock: using sched offset of 207376046 cycles
[    0.000343] clocksource: kvm-clock: mask: 0xffffffffffffffff max_cycles: 0x1cd42e4dffb, max_idle_ns: 881590591483 ns
[    0.001409] tsc: Detected 4491.560 MHz processor
[    0.001956] last_pfn = 0x3ffe0 max_arch_pfn = 0x400000000
[    0.002336] MTRR map: 4 entries (3 fixed + 1 variable; max 19), built from 8 variable MTRRs
[    0.002883] x86/PAT: Configuration [0-7]: WB  WC  UC- UC  WB  WP  UC- WT  
Memory KASLR using RDRAND RDTSC...
[    0.004771] found SMP MP-table at [mem 0x000f5470-0x000f547f]
[    0.005151] Using GB pages for direct mapping
[    0.005459] ACPI: Early table checksum verification disabled
[    0.005833] ACPI: RSDP 0x00000000000F5290 000014 (v00 BOCHS )
[    0.006210] ACPI: RSDT 0x000000003FFE27BC 000034 (v01 BOCHS  BXPC     00000001 BXPC 00000001)
[    0.006771] ACPI: FACP 0x000000003FFE2578 000074 (v01 BOCHS  BXPC     00000001 BXPC 00000001)
[    0.007327] ACPI: DSDT 0x000000003FFE0040 002538 (v01 BOCHS  BXPC     00000001 BXPC 00000001)
[    0.007899] ACPI: FACS 0x000000003FFE0000 000040
[    0.008202] ACPI: APIC 0x000000003FFE25EC 000170 (v03 BOCHS  BXPC     00000001 BXPC 00000001)
[    0.008762] ACPI: HPET 0x000000003FFE275C 000038 (v01 BOCHS  BXPC     00000001 BXPC 00000001)
[    0.009320] ACPI: WAET 0x000000003FFE2794 000028 (v01 BOCHS  BXPC     00000001 BXPC 00000001)
[    0.009880] ACPI: Reserving FACP table memory at [mem 0x3ffe2578-0x3ffe25eb]
[    0.010340] ACPI: Reserving DSDT table memory at [mem 0x3ffe0040-0x3ffe2577]
[    0.010799] ACPI: Reserving FACS table memory at [mem 0x3ffe0000-0x3ffe003f]
[    0.011258] ACPI: Reserving APIC table memory at [mem 0x3ffe25ec-0x3ffe275b]
[    0.011717] ACPI: Reserving HPET table memory at [mem 0x3ffe275c-0x3ffe2793]
[    0.012175] ACPI: Reserving WAET table memory at [mem 0x3ffe2794-0x3ffe27bb]
[    0.012756] No NUMA configuration found
[    0.013006] Faking a node at [mem 0x0000000000000000-0x000000003ffdffff]
[    0.013443] NODE_DATA(0) allocated [mem 0x3ffdb780-0x3ffdffff]
[    0.013831] Zone ranges:
[    0.013996]   DMA      [mem 0x0000000000001000-0x0000000000ffffff]
[    0.014402]   DMA32    [mem 0x0000000001000000-0x000000003ffdffff]
[    0.014804]   Normal   empty
[    0.014991]   Device   empty
[    0.015178] Movable zone start for each node
[    0.015456] Early memory node ranges
[    0.015688]   node   0: [mem 0x0000000000001000-0x000000000009efff]
[    0.016096]   node   0: [mem 0x0000000000100000-0x000000003ffdffff]
[    0.016504] Initmem setup node 0 [mem 0x0000000000001000-0x000000003ffdffff]
[    0.016965] On node 0, zone DMA: 1 pages in unavailable ranges
[    0.017353] On node 0, zone DMA: 97 pages in unavailable ranges
[    0.018678] On node 0, zone DMA32: 32 pages in unavailable ranges
[    0.019250] ACPI: PM-Timer IO Port: 0x608
[    0.019516] ACPI: LAPIC_NMI (acpi_id[0xff] dfl dfl lint[0x1])
[    0.019910] IOAPIC[0]: apic_id 0, version 17, address 0xfec00000, GSI 0-23
[    0.020361] ACPI: INT_SRC_OVR (bus 0 bus_irq 0 global_irq 2 dfl dfl)
[    0.020780] ACPI: INT_SRC_OVR (bus 0 bus_irq 5 global_irq 5 high level)
[    0.021212] ACPI: INT_SRC_OVR (bus 0 bus_irq 9 global_irq 9 high level)
[    0.021643] ACPI: INT_SRC_OVR (bus 0 bus_irq 10 global_irq 10 high level)
[    0.022088] ACPI: INT_SRC_OVR (bus 0 bus_irq 11 global_irq 11 high level)
[    0.022533] ACPI: Using ACPI (MADT) for SMP configuration information
[    0.022950] ACPI: HPET id: 0x8086a201 base: 0xfed00000
[    0.023284] TSC deadline timer available
[    0.023540] CPU topo: Max. logical packages:   1
[    0.023840] CPU topo: Max. logical dies:       1
[    0.024139] CPU topo: Max. dies per package:   1
[    0.024440] CPU topo: Max. threads per core:   1
[    0.024739] CPU topo: Num. cores per package:    32
[    0.025055] CPU topo: Num. threads per package:  32
[    0.025371] CPU topo: Allowing 32 present CPUs plus 0 hotplug CPUs
[    0.025778] kvm-guest: APIC: eoi() replaced with kvm_guest_apic_eoi_write()
[    0.026236] kvm-guest: KVM setup pv remote TLB flush
[    0.026561] kvm-guest: setup PV sched yield
[    0.026834] PM: hibernation: Registered nosave memory: [mem 0x00000000-0x00000fff]
[    0.027325] PM: hibernation: Registered nosave memory: [mem 0x0009f000-0x0009ffff]
[    0.027816] PM: hibernation: Registered nosave memory: [mem 0x000a0000-0x000effff]
[    0.028308] PM: hibernation: Registered nosave memory: [mem 0x000f0000-0x000fffff]
[    0.028799] [mem 0x40000000-0xfeffbfff] available for PCI devices
[    0.029195] Booting paravirtualized kernel on KVM
[    0.029500] clocksource: refined-jiffies: mask: 0xffffffff max_cycles: 0xffffffff, max_idle_ns: 1910969940391419 ns
[    0.032822] setup_percpu: NR_CPUS:64 nr_cpumask_bits:32 nr_cpu_ids:32 nr_node_ids:1
[    0.033897] percpu: Embedded 58 pages/cpu s198360 r8192 d31016 u262144
[    0.034355] Kernel command line: virtme_hostname=virtme-ng nr_open=1048576 virtme_link_mods=/nipa-data/kernel/.virtme_mods/lib/modules/0.0.0 virtme_initmount0=nipa-data/kernel virtme_rw_overlay0=/etc virtme_rw_overlay1=/lib virtme_rw_overlay2=/home virtme_rw_overlay3=/opt virtme_rw_overlay4=/srv virtme_rw_overlay5=/usr virtme_rw_overlay6=/var console=hvc0 earlyprintk=serial,ttyS0,115200 virtme_console=ttyS0 psmouse.proto=exps TERM=xterm virtme_chdir=nipa-data/kernel virtme_root_user=1 rootfstype=9p rootflags=version=9p2000.L,trans=virtio,access=any raid=noautodetect ro init=/usr/lib/python3/dist-packages/virtme/guest/virtme-init
[    0.038167] Unknown kernel command line parameters "virtme_hostname=virtme-ng nr_open=1048576 virtme_link_mods=/nipa-data/kernel/.virtme_mods/lib/modules/0.0.0 virtme_initmount0=nipa-data/kernel virtme_rw_overlay0=/etc virtme_rw_overlay1=/lib virtme_rw_overlay2=/home virtme_rw_overlay3=/opt virtme_rw_overlay4=/srv virtme_rw_overlay5=/usr virtme_rw_overlay6=/var virtme_console=ttyS0 virtme_chdir=nipa-data/kernel virtme_root_user=1", will be passed to user space.
[    0.041090] random: crng init done
[    0.041317] printk: log buffer data + meta data: 262144 + 917504 = 1179648 bytes
[    0.041838] Dentry cache hash table entries: 131072 (order: 8, 1048576 bytes, linear)
[    0.042383] Inode-cache hash table entries: 65536 (order: 7, 524288 bytes, linear)
[    0.042973] Fallback order for Node 0: 0 
[    0.042975] Built 1 zonelists, mobility grouping on.  Total pages: 262014
[    0.043695] Policy zone: DMA32
[    0.043899] mem auto-init: stack:all(zero), heap alloc:off, heap free:off
[    0.044876] SLUB: HWalign=64, Order=0-3, MinObjects=0, CPUs=32, Nodes=1
Poking KASLR using RDRAND RDTSC...
[    0.045541] ftrace: allocating 48971 entries in 192 pages
[    0.057100] ftrace: allocated 192 pages with 2 groups
[    0.057965] Dynamic Preempt: voluntary
[    0.058337] rcu: Preemptible hierarchical RCU implementation.
[    0.058725] rcu: RCU event tracing is enabled.
[    0.059027] rcu: RCU restricting CPUs from NR_CPUS=64 to nr_cpu_ids=32.
[    0.059475] Trampoline variant of Tasks RCU enabled.
[    0.059815] Rude variant of Tasks RCU enabled.
[    0.060116] Tracing variant of Tasks RCU enabled.
[    0.060433] rcu: RCU calculated value of scheduler-enlistment delay is 100 jiffies.
[    0.060946] rcu: Adjusting geometry for rcu_fanout_leaf=16, nr_cpu_ids=32
[    0.061404] RCU Tasks: Setting shift to 5 and lim to 1 rcu_task_cb_adjust=1 rcu_task_cpu_ids=32.
[    0.061994] RCU Tasks Rude: Setting shift to 5 and lim to 1 rcu_task_cb_adjust=1 rcu_task_cpu_ids=32.
[    0.062615] RCU Tasks Trace: Setting shift to 5 and lim to 1 rcu_task_cb_adjust=1 rcu_task_cpu_ids=32.
[    0.064936] NR_IRQS: 4352, nr_irqs: 680, preallocated irqs: 16
[    0.065486] rcu: srcu_init: Setting srcu_struct sizes based on contention.
[    0.066079] Console: colour *CGA 80x25
[    0.066341] ACPI: Core revision 20240827
[    0.066663] clocksource: hpet: mask: 0xffffffff max_cycles: 0xffffffff, max_idle_ns: 19112604467 ns
[    0.067322] APIC: Switch to symmetric I/O mode setup
[    0.067675] kvm-guest: APIC: send_IPI_mask() replaced with kvm_send_ipi_mask()
[    0.068154] kvm-guest: APIC: send_IPI_mask_allbutself() replaced with kvm_send_ipi_mask_allbutself()
[    0.068744] kvm-guest: setup PV IPIs
[    0.069718] ..TIMER: vector=0x30 apic1=0 pin1=2 apic2=-1 pin2=-1
[    0.070464] clocksource: tsc-early: mask: 0xffffffffffffffff max_cycles: 0x40be4320a4d, max_idle_ns: 440795288133 ns
[    0.071726] Calibrating delay loop (skipped) preset value.. 8983.12 BogoMIPS (lpj=4491560)
[    0.072784] x86/cpu: User Mode Instruction Prevention (UMIP) activated
[    0.073771] Last level iTLB entries: 4KB 512, 2MB 255, 4MB 127
[    0.074462] Last level dTLB entries: 4KB 512, 2MB 255, 4MB 127, 1GB 0
[    0.074728] Spectre V1 : Mitigation: usercopy/swapgs barriers and __user pointer sanitization
[    0.075728] Spectre V2 : Mitigation: Enhanced / Automatic IBRS
[    0.076724] Spectre V2 : Spectre v2 / SpectreRSB mitigation: Filling RSB on context switch
[    0.077726] Spectre V2 : mitigation: Enabling conditional Indirect Branch Prediction Barrier
[    0.078726] Speculative Store Bypass: Mitigation: Speculative Store Bypass disabled via prctl
[    0.079725] Speculative Return Stack Overflow: IBPB-extending microcode not applied!
[    0.080724] Speculative Return Stack Overflow: WARNING: See https://kernel.org/doc/html/latest/admin-guide/hw-vuln/srso.html for mitigation options.
[    0.080725] Speculative Return Stack Overflow: Vulnerable: Safe RET, no microcode
[    0.082623] x86/fpu: Supporting XSAVE feature 0x001: 'x87 floating point registers'
[    0.082725] x86/fpu: Supporting XSAVE feature 0x002: 'SSE registers'
[    0.083724] x86/fpu: Supporting XSAVE feature 0x004: 'AVX registers'
[    0.084724] x86/fpu: Supporting XSAVE feature 0x020: 'AVX-512 opmask'
[    0.085724] x86/fpu: Supporting XSAVE feature 0x040: 'AVX-512 Hi256'
[    0.086458] x86/fpu: Supporting XSAVE feature 0x080: 'AVX-512 ZMM_Hi256'
[    0.086724] x86/fpu: Supporting XSAVE feature 0x200: 'Protection Keys User registers'
[    0.087725] x86/fpu: xstate_offset[2]:  576, xstate_sizes[2]:  256
[    0.088725] x86/fpu: xstate_offset[5]:  832, xstate_sizes[5]:   64
[    0.089442] x86/fpu: xstate_offset[6]:  896, xstate_sizes[6]:  512
[    0.089724] x86/fpu: xstate_offset[7]: 1408, xstate_sizes[7]: 1024
[    0.090724] x86/fpu: xstate_offset[9]: 2432, xstate_sizes[9]:    8
[    0.091725] x86/fpu: Enabled xstate features 0x2e7, context size is 2440 bytes, using 'compacted' format.
[    0.106415] Freeing SMP alternatives memory: 40K
[    0.106726] pid_max: default: 32768 minimum: 301
[    0.107290] Mount-cache hash table entries: 2048 (order: 2, 16384 bytes, linear)
[    0.107725] Mountpoint-cache hash table entries: 2048 (order: 2, 16384 bytes, linear)
[    0.108850] smpboot: CPU0: AMD Ryzen 9 7950X 16-Core Processor (family: 0x19, model: 0x61, stepping: 0x2)
[    0.109831] Performance Events: Fam17h+ core perfctr, AMD PMU driver.
[    0.110615] ... version:                0
[    0.110726] ... bit width:              48
[    0.111210] ... generic registers:      6
[    0.111683] ... value mask:             0000ffffffffffff
[    0.111726] ... max period:             00007fffffffffff
[    0.112359] ... fixed-purpose events:   0
[    0.112726] ... event mask:             000000000000003f
[    0.113423] signal: max sigframe size: 3376
[    0.113741] rcu: Hierarchical SRCU implementation.
[    0.114307] rcu: Max phase no-delay instances is 400.
[    0.114747] Timer migration: 2 hierarchy levels; 8 children per group; 2 crossnode level
[    0.117758] smp: Bringing up secondary CPUs ...
[    0.118345] smpboot: x86: Booting SMP configuration:
[    0.118727] .... node  #0, CPUs:        #1  #2  #3  #4  #5  #6  #7  #8  #9 #10 #11 #12 #13 #14 #15 #16 #17 #18 #19 #20 #21 #22 #23 #24 #25 #26 #27 #28 #29 #30 #31
[    0.130817] smp: Brought up 1 node, 32 CPUs
[    0.132229] smpboot: Total of 32 processors activated (287459.84 BogoMIPS)
[    0.134751] Memory: 970428K/1048056K available (15920K kernel code, 2462K rwdata, 6368K rodata, 3192K init, 1752K bss, 63188K reserved, 0K cma-reserved)
[    0.135833] devtmpfs: initialized
[    0.136153] x86/mm: Memory block size: 128MB
[    0.137352] clocksource: jiffies: mask: 0xffffffff max_cycles: 0xffffffff, max_idle_ns: 1911260446275000 ns
[    0.137727] futex hash table entries: 8192 (order: 7, 524288 bytes, linear)
[    0.138633] PM: RTC time: 00:06:36, date: 2025-03-06
[    0.139050] NET: Registered PF_NETLINK/PF_ROUTE protocol family
[    0.139843] thermal_sys: Registered thermal governor 'step_wise'
[    0.139852] cpuidle: using governor menu
[    0.141789] PCI: Using configuration type 1 for base access
[    0.142484] PCI: Using configuration type 1 for extended access
[    0.142786] kprobes: kprobe jump-optimization is enabled. All kprobes are optimized if possible.
[    0.159016] HugeTLB: registered 1.00 GiB page size, pre-allocated 0 pages
[    0.159726] HugeTLB: 16380 KiB vmemmap can be freed for a 1.00 GiB page
[    0.160528] HugeTLB: registered 2.00 MiB page size, pre-allocated 0 pages
[    0.160726] HugeTLB: 28 KiB vmemmap can be freed for a 2.00 MiB page
[    0.161722] ACPI: Added _OSI(Module Device)
[    0.161727] ACPI: Added _OSI(Processor Device)
[    0.162272] ACPI: Added _OSI(3.0 _SCP Extensions)
[    0.162726] ACPI: Added _OSI(Processor Aggregator Device)
[    0.164024] ACPI: 1 ACPI AML tables successfully acquired and loaded
[    0.166038] ACPI: Interpreter enabled
[    0.166491] ACPI: PM: (supports S0 S3 S4 S5)
[    0.166727] ACPI: Using IOAPIC for interrupt routing
[    0.167331] PCI: Using host bridge windows from ACPI; if necessary, use "pci=nocrs" and report a bug
[    0.167726] PCI: Using E820 reservations for host bridge windows
[    0.168537] ACPI: Enabled 2 GPEs in block 00 to 0F
[    0.171217] ACPI: PCI Root Bridge [PCI0] (domain 0000 [bus 00-ff])
[    0.171728] acpi PNP0A03:00: _OSC: OS supports [ExtendedConfig ASPM ClockPM Segments MSI HPX-Type3]
[    0.172810] PCI host bridge to bus 0000:00
[    0.173311] pci_bus 0000:00: root bus resource [io  0x0000-0x0cf7 window]
[    0.173727] pci_bus 0000:00: root bus resource [io  0x0d00-0xffff window]
[    0.174550] pci_bus 0000:00: root bus resource [mem 0x000a0000-0x000bffff window]
[    0.174726] pci_bus 0000:00: root bus resource [mem 0x40000000-0xfebfffff window]
[    0.175632] pci_bus 0000:00: root bus resource [mem 0x100000000-0x17fffffff window]
[    0.175726] pci_bus 0000:00: root bus resource [bus 00-ff]
[    0.176470] pci 0000:00:00.0: [8086:1237] type 00 class 0x060000 conventional PCI endpoint
[    0.176981] pci 0000:00:01.0: [8086:7000] type 00 class 0x060100 conventional PCI endpoint
[    0.177982] pci 0000:00:01.1: [8086:7010] type 00 class 0x010180 conventional PCI endpoint
[    0.179100] pci 0000:00:01.1: BAR 4 [io  0xc0c0-0xc0cf]
[    0.179744] pci 0000:00:01.1: BAR 0 [io  0x01f0-0x01f7]: legacy IDE quirk
[    0.180567] pci 0000:00:01.1: BAR 1 [io  0x03f6]: legacy IDE quirk
[    0.180726] pci 0000:00:01.1: BAR 2 [io  0x0170-0x0177]: legacy IDE quirk
[    0.181546] pci 0000:00:01.1: BAR 3 [io  0x0376]: legacy IDE quirk
[    0.181809] pci 0000:00:01.3: [8086:7113] type 00 class 0x068000 conventional PCI endpoint
[    0.182915] pci 0000:00:01.3: quirk: [io  0x0600-0x063f] claimed by PIIX4 ACPI
[    0.183730] pci 0000:00:01.3: quirk: [io  0x0700-0x070f] claimed by PIIX4 SMB
[    0.184747] pci 0000:00:02.0: [1af4:1009] type 00 class 0x000200 conventional PCI endpoint
[    0.186466] pci 0000:00:02.0: BAR 0 [io  0xc000-0xc03f]
[    0.186730] pci 0000:00:02.0: BAR 1 [mem 0xfebfc000-0xfebfcfff]
[    0.187464] pci 0000:00:02.0: BAR 4 [mem 0xfebf0000-0xfebf3fff 64bit pref]
[    0.188449] pci 0000:00:03.0: [1af4:1009] type 00 class 0x000200 conventional PCI endpoint
[    0.189251] pci 0000:00:03.0: BAR 0 [io  0xc040-0xc07f]
[    0.189730] pci 0000:00:03.0: BAR 1 [mem 0xfebfd000-0xfebfdfff]
[    0.190459] pci 0000:00:03.0: BAR 4 [mem 0xfebf4000-0xfebf7fff 64bit pref]
[    0.191229] pci 0000:00:04.0: [8086:25ab] type 00 class 0x088000 conventional PCI endpoint
[    0.192063] pci 0000:00:04.0: BAR 0 [mem 0xfebfe000-0xfebfe00f]
[    0.193111] pci 0000:00:05.0: [1af4:1003] type 00 class 0x078000 conventional PCI endpoint
[    0.194434] pci 0000:00:05.0: BAR 0 [io  0xc080-0xc0bf]
[    0.194731] pci 0000:00:05.0: BAR 1 [mem 0xfebff000-0xfebfffff]
[    0.195462] pci 0000:00:05.0: BAR 4 [mem 0xfebf8000-0xfebfbfff 64bit pref]
[    0.196416] ACPI: PCI: Interrupt link LNKA configured for IRQ 10
[    0.196829] ACPI: PCI: Interrupt link LNKB configured for IRQ 10
[    0.197652] ACPI: PCI: Interrupt link LNKC configured for IRQ 11
[    0.197817] ACPI: PCI: Interrupt link LNKD configured for IRQ 11
[    0.198614] ACPI: PCI: Interrupt link LNKS configured for IRQ 9
[    0.199495] iommu: Default domain type: Translated
[    0.199727] iommu: DMA domain TLB invalidation policy: lazy mode
[    0.200497] SCSI subsystem initialized
[    0.200754] pps_core: LinuxPPS API ver. 1 registered
[    0.201354] pps_core: Software ver. 5.3.6 - Copyright 2005-2007 Rodolfo Giometti <giometti@linux.it>
[    0.201728] PTP clock support registered
[    0.202252] Advanced Linux Sound Architecture Driver Initialized.
[    0.202980] NET: Registered PF_ATMPVC protocol family
[    0.203594] NET: Registered PF_ATMSVC protocol family
[    0.203731] PCI: Using ACPI for IRQ routing
[    0.204316] vgaarb: loaded
[    0.204726] hpet0: at MMIO 0xfed00000, IRQs 2, 8, 0
[    0.205321] hpet0: 3 comparators, 64-bit 100.000000 MHz counter
[    0.209988] clocksource: Switched to clocksource kvm-clock
[    0.210580] VFS: Disk quotas dquot_6.6.0
[    0.211090] VFS: Dquot-cache hash table entries: 512 (order 0, 4096 bytes)
[    0.211972] pnp: PnP ACPI init
[    0.212501] pnp: PnP ACPI: found 5 devices
[    0.219420] clocksource: acpi_pm: mask: 0xffffff max_cycles: 0xffffff, max_idle_ns: 2085701024 ns
[    0.220509] NET: Registered PF_INET protocol family
[    0.221125] IP idents hash table entries: 16384 (order: 5, 131072 bytes, linear)
[    0.222159] tcp_listen_portaddr_hash hash table entries: 512 (order: 1, 8192 bytes, linear)
[    0.223176] Table-perturb hash table entries: 65536 (order: 6, 262144 bytes, linear)
[    0.224119] TCP established hash table entries: 8192 (order: 4, 65536 bytes, linear)
[    0.225064] TCP bind hash table entries: 8192 (order: 6, 262144 bytes, linear)
[    0.226032] TCP: Hash tables configured (established 8192 bind 8192)
[    0.226821] UDP hash table entries: 512 (order: 3, 32768 bytes, linear)
[    0.227620] UDP-Lite hash table entries: 512 (order: 3, 32768 bytes, linear)
[    0.228498] NET: Registered PF_UNIX/PF_LOCAL protocol family
[    0.229190] pci_bus 0000:00: resource 4 [io  0x0000-0x0cf7 window]
[    0.229931] pci_bus 0000:00: resource 5 [io  0x0d00-0xffff window]
[    0.230665] pci_bus 0000:00: resource 6 [mem 0x000a0000-0x000bffff window]
[    0.231497] pci_bus 0000:00: resource 7 [mem 0x40000000-0xfebfffff window]
[    0.232322] pci_bus 0000:00: resource 8 [mem 0x100000000-0x17fffffff window]
[    0.233204] pci 0000:00:01.0: PIIX3: Enabling Passive Release
[    0.233900] pci 0000:00:00.0: Limiting direct PCI/PCI transfers
[    0.234637] PCI: CLS 0 bytes, default 64
[    0.235159] kvm_intel: VMX not supported by CPU 0
[    0.235729] kvm_amd: TSC scaling supported
[    0.236230] kvm_amd: Nested Virtualization enabled
[    0.236806] kvm_amd: Nested Paging enabled
[    0.237301] kvm_amd: LBR virtualization supported
[    0.237873] kvm_amd: Virtual GIF supported
[    0.238361] kvm_amd: Virtual NMI enabled
[    0.266926] clocksource: tsc: mask: 0xffffffffffffffff max_cycles: 0x40be4320a4d, max_idle_ns: 440795288133 ns
[    0.274194] Initialise system trusted keyrings
[    0.274793] workingset: timestamp_bits=56 max_order=18 bucket_order=0
[    0.275596] squashfs: version 4.0 (2009/01/31) Phillip Lougher
[    0.276324] fuse: init (API version 7.42)
[    0.276849] 9p: Installing v9fs 9p2000 file system support
[    0.283725] Key type asymmetric registered
[    0.284230] Asymmetric key parser 'x509' registered
[    0.284833] Block layer SCSI generic (bsg) driver version 0.4 loaded (major 249)
[    0.285748] io scheduler mq-deadline registered
[    0.286306] io scheduler kyber registered
[    0.288537] input: Power Button as /devices/LNXSYSTM:00/LNXPWRBN:00/input/input0
[    0.289499] ACPI: button: Power Button [PWRF]
[    0.290382] Warning: Processor Platform Limit event detected, but not handled.
[    0.291262] Consider compiling CPUfreq support into your kernel.
[    0.308531] ACPI: \_SB_.LNKB: Enabled at IRQ 10
[    0.323680] ACPI: \_SB_.LNKC: Enabled at IRQ 11
[    0.338689] ACPI: \_SB_.LNKA: Enabled at IRQ 10
[    0.339740] Serial: 8250/16550 driver, 4 ports, IRQ sharing enabled
[    0.340597] 00:03: ttyS0 at I/O 0x3f8 (irq = 4, base_baud = 115200) is a 16550A
[    0.363188] Non-volatile memory driver v1.3
[    0.363724] Linux agpgart interface v0.103
[    0.364238] printk: legacy console [hvc0] enabled
[    0.364286] ACPI: bus type drm_connector registered
[    0.364830] printk: legacy bootconsole [earlyser0] disabled
          _      _                                    
   __   _(_)_ __| |_ _ __ ___   ___       _ __   __ _ 
   \ \ / / |  __| __|  _   _ \ / _ \_____|  _ \ / _  |
    \ V /| | |  | |_| | | | | |  __/_____| | | | (_| |
     \_/ |_|_|   \__|_| |_| |_|\___|     |_| |_|\__  |
                                                |___/ 
   kernel version: 6.14.0-rc4-virtme x86_64
   (CTRL+d to exit)

root@virtme-ng:/nipa-data/kernel# PS1='xx__-> '
xx__-> env
PWD=/nipa-data/kernel
nr_open=1048576
HOME=/
TERM=xterm
SHLVL=2
XDG_RUNTIME_DIR=/run/user/0
PATH=/bin:/sbin:/usr/bin:/usr/sbin:/usr/local/bin
OLDPWD=/
_=/bin/env
xx__-> 