No EFI environment detected.
early console in extract_kernel
input_data: 0x0000000004ab32c4
input_len: 0x00000000018fdedd
output: 0x0000000001000000
output_len: 0x000000000533d758
kernel_total_size: 0x0000000005030000
needed_size: 0x0000000005400000
trampoline_32bit: 0x0000000000000000
Physical KASLR using RDRAND RDTSC...
Virtual KASLR using RDRAND RDTSC...

Decompressing Linux... Parsing ELF... Performing relocations... done.
Booting the kernel (entry_offset: 0x0000000000000000).
[    0.000000] Linux version 6.13.0-rc5-virtme (root@505476389d9b) (gcc (Ubuntu 13.3.0-6ubuntu2~24.04) 13.3.0, GNU ld (GNU Binutils for Ubuntu) 2.42) #1 SMP PREEMPT_DYNAMIC Sat Jan  4 21:27:52 UTC 2025
[    0.000000] Command line: virtme_hostname=virtme-ng nr_open=1048576 virtme_link_mods=/nipa-data/kernel/.virtme_mods/lib/modules/0.0.0 virtme_initmount0=nipa-data/kernel virtme_rw_overlay0=/etc virtme_rw_overlay1=/lib virtme_rw_overlay2=/home virtme_rw_overlay3=/opt virtme_rw_overlay4=/srv virtme_rw_overlay5=/usr virtme_rw_overlay6=/var console=hvc0 earlyprintk=serial,ttyS0,115200 virtme_console=ttyS0 psmouse.proto=exps TERM=xterm virtme_chdir=nipa-data/kernel virtme_root_user=1 rootfstype=9p rootflags=version=9p2000.L,trans=virtio,access=any raid=noautodetect ro init=/usr/lib/python3/dist-packages/virtme/guest/virtme-init
[    0.000000] BIOS-provided physical RAM map:
[    0.000000] BIOS-e820: [mem 0x0000000000000000-0x000000000009fbff] usable
[    0.000000] BIOS-e820: [mem 0x000000000009fc00-0x000000000009ffff] reserved
[    0.000000] BIOS-e820: [mem 0x00000000000f0000-0x00000000000fffff] reserved
[    0.000000] BIOS-e820: [mem 0x0000000000100000-0x000000003ffdffff] usable
[    0.000000] BIOS-e820: [mem 0x000000003ffe0000-0x000000003fffffff] reserved
[    0.000000] BIOS-e820: [mem 0x00000000feffc000-0x00000000feffffff] reserved
[    0.000000] BIOS-e820: [mem 0x00000000fffc0000-0x00000000ffffffff] reserved
[    0.000000] BIOS-e820: [mem 0x000000fd00000000-0x000000ffffffffff] reserved
[    0.000000] printk: legacy bootconsole [earlyser0] enabled
[    0.000000] NX (Execute Disable) protection: active
[    0.000000] APIC: Static calls initialized
[    0.000000] SMBIOS 3.0.0 present.
[    0.000000] DMI: QEMU Ubuntu 24.04 PC (i440FX + PIIX, 1996), BIOS 1.16.3-debian-1.16.3-2 04/01/2014
[    0.000000] DMI: Memory slots populated: 1/1
[    0.000000] Hypervisor detected: KVM
[    0.000000] kvm-clock: Using msrs 4b564d01 and 4b564d00
[    0.000000] kvm-clock: using sched offset of 324514526 cycles
[    0.000372] clocksource: kvm-clock: mask: 0xffffffffffffffff max_cycles: 0x1cd42e4dffb, max_idle_ns: 881590591483 ns
[    0.001523] tsc: Detected 4491.556 MHz processor
[    0.002192] last_pfn = 0x3ffe0 max_arch_pfn = 0x400000000
[    0.002598] MTRR map: 4 entries (3 fixed + 1 variable; max 19), built from 8 variable MTRRs
[    0.003190] x86/PAT: Configuration [0-7]: WB  WC  UC- UC  WB  WP  UC- WT  
[    0.005116] found SMP MP-table at [mem 0x000f5470-0x000f547f]
[    0.005529] Using GB pages for direct mapping
[    0.006033] ACPI: Early table checksum verification disabled
[    0.006432] ACPI: RSDP 0x00000000000F5290 000014 (v00 BOCHS )
[    0.006846] ACPI: RSDT 0x000000003FFE27BC 000034 (v01 BOCHS  BXPC     00000001 BXPC 00000001)
[    0.007452] ACPI: FACP 0x000000003FFE2578 000074 (v01 BOCHS  BXPC     00000001 BXPC 00000001)
[    0.008061] ACPI: DSDT 0x000000003FFE0040 002538 (v01 BOCHS  BXPC     00000001 BXPC 00000001)
[    0.008668] ACPI: FACS 0x000000003FFE0000 000040
[    0.009000] ACPI: APIC 0x000000003FFE25EC 000170 (v03 BOCHS  BXPC     00000001 BXPC 00000001)
[    0.009603] ACPI: HPET 0x000000003FFE275C 000038 (v01 BOCHS  BXPC     00000001 BXPC 00000001)
[    0.010206] ACPI: WAET 0x000000003FFE2794 000028 (v01 BOCHS  BXPC     00000001 BXPC 00000001)
[    0.010808] ACPI: Reserving FACP table memory at [mem 0x3ffe2578-0x3ffe25eb]
[    0.011305] ACPI: Reserving DSDT table memory at [mem 0x3ffe0040-0x3ffe2577]
[    0.011802] ACPI: Reserving FACS table memory at [mem 0x3ffe0000-0x3ffe003f]
[    0.012298] ACPI: Reserving APIC table memory at [mem 0x3ffe25ec-0x3ffe275b]
[    0.012797] ACPI: Reserving HPET table memory at [mem 0x3ffe275c-0x3ffe2793]
[    0.013294] ACPI: Reserving WAET table memory at [mem 0x3ffe2794-0x3ffe27bb]
[    0.013980] No NUMA configuration found
[    0.014251] Faking a node at [mem 0x0000000000000000-0x000000003ffdffff]
[    0.014725] NODE_DATA(0) allocated [mem 0x3ffdb780-0x3ffdffff]
[    0.015151] Zone ranges:
[    0.015330]   DMA      [mem 0x0000000000001000-0x0000000000ffffff]
[    0.015768]   DMA32    [mem 0x0000000001000000-0x000000003ffdffff]
[    0.016204]   Normal   empty
[    0.016412]   Device   empty
[    0.016618] Movable zone start for each node
[    0.016920] Early memory node ranges
[    0.017172]   node   0: [mem 0x0000000000001000-0x000000000009efff]
[    0.017615]   node   0: [mem 0x0000000000100000-0x000000003ffdffff]
[    0.018056] Initmem setup node 0 [mem 0x0000000000001000-0x000000003ffdffff]
[    0.018557] On node 0, zone DMA: 1 pages in unavailable ranges
[    0.019023] On node 0, zone DMA: 97 pages in unavailable ranges
[    0.023620] On node 0, zone DMA32: 32 pages in unavailable ranges
[    0.032649] kasan: KernelAddressSanitizer initialized
[    0.033236] ACPI: PM-Timer IO Port: 0x608
[    0.033531] ACPI: LAPIC_NMI (acpi_id[0xff] dfl dfl lint[0x1])
[    0.033961] IOAPIC[0]: apic_id 0, version 17, address 0xfec00000, GSI 0-23
[    0.034449] ACPI: INT_SRC_OVR (bus 0 bus_irq 0 global_irq 2 dfl dfl)
[    0.034900] ACPI: INT_SRC_OVR (bus 0 bus_irq 5 global_irq 5 high level)
[    0.035370] ACPI: INT_SRC_OVR (bus 0 bus_irq 9 global_irq 9 high level)
[    0.035838] ACPI: INT_SRC_OVR (bus 0 bus_irq 10 global_irq 10 high level)
[    0.036320] ACPI: INT_SRC_OVR (bus 0 bus_irq 11 global_irq 11 high level)
[    0.036806] ACPI: Using ACPI (MADT) for SMP configuration information
[    0.037263] ACPI: HPET id: 0x8086a201 base: 0xfed00000
[    0.037629] TSC deadline timer available
[    0.037916] CPU topo: Max. logical packages:   1
[    0.038243] CPU topo: Max. logical dies:       1
[    0.038570] CPU topo: Max. dies per package:   1
[    0.038903] CPU topo: Max. threads per core:   1
[    0.039230] CPU topo: Num. cores per package:    32
[    0.039574] CPU topo: Num. threads per package:  32
[    0.039918] CPU topo: Allowing 32 present CPUs plus 0 hotplug CPUs
[    0.040369] kvm-guest: APIC: eoi() replaced with kvm_guest_apic_eoi_write()
[    0.040880] kvm-guest: KVM setup pv remote TLB flush
[    0.041233] kvm-guest: setup PV sched yield
[    0.041535] PM: hibernation: Registered nosave memory: [mem 0x00000000-0x00000fff]
[    0.042074] PM: hibernation: Registered nosave memory: [mem 0x0009f000-0x0009ffff]
[    0.042606] PM: hibernation: Registered nosave memory: [mem 0x000a0000-0x000effff]
[    0.043139] PM: hibernation: Registered nosave memory: [mem 0x000f0000-0x000fffff]
[    0.043672] [mem 0x40000000-0xfeffbfff] available for PCI devices
[    0.044102] Booting paravirtualized kernel on KVM
[    0.044437] clocksource: refined-jiffies: mask: 0xffffffff max_cycles: 0xffffffff, max_idle_ns: 1910969940391419 ns
[    0.053169] setup_percpu: NR_CPUS:64 nr_cpumask_bits:32 nr_cpu_ids:32 nr_node_ids:1
[    0.054988] percpu: Embedded 70 pages/cpu s247896 r8192 d30632 u524288
[    0.055517] Kernel command line: virtme_hostname=virtme-ng nr_open=1048576 virtme_link_mods=/nipa-data/kernel/.virtme_mods/lib/modules/0.0.0 virtme_initmount0=nipa-data/kernel virtme_rw_overlay0=/etc virtme_rw_overlay1=/lib virtme_rw_overlay2=/home virtme_rw_overlay3=/opt virtme_rw_overlay4=/srv virtme_rw_overlay5=/usr virtme_rw_overlay6=/var console=hvc0 earlyprintk=serial,ttyS0,115200 virtme_console=ttyS0 psmouse.proto=exps TERM=xterm virtme_chdir=nipa-data/kernel virtme_root_user=1 rootfstype=9p rootflags=version=9p2000.L,trans=virtio,access=any raid=noautodetect ro init=/usr/lib/python3/dist-packages/virtme/guest/virtme-init
[    0.059696] Unknown kernel command line parameters "virtme_hostname=virtme-ng nr_open=1048576 virtme_link_mods=/nipa-data/kernel/.virtme_mods/lib/modules/0.0.0 virtme_initmount0=nipa-data/kernel virtme_rw_overlay0=/etc virtme_rw_overlay1=/lib virtme_rw_overlay2=/home virtme_rw_overlay3=/opt virtme_rw_overlay4=/srv virtme_rw_overlay5=/usr virtme_rw_overlay6=/var virtme_console=ttyS0 virtme_chdir=nipa-data/kernel virtme_root_user=1", will be passed to user space.
[    0.062859] random: crng init done
[    0.063107] printk: log buffer data + meta data: 262144 + 917504 = 1179648 bytes
[    0.063681] Dentry cache hash table entries: 131072 (order: 8, 1048576 bytes, linear)
[    0.064278] Inode-cache hash table entries: 65536 (order: 7, 524288 bytes, linear)
[    0.065250] Fallback order for Node 0: 0 
[    0.065255] Built 1 zonelists, mobility grouping on.  Total pages: 262014
[    0.066044] Policy zone: DMA32
[    0.066267] mem auto-init: stack:all(zero), heap alloc:off, heap free:off
[    0.066762] stackdepot: allocating hash table via alloc_large_system_hash
[    0.067260] stackdepot hash table entries: 1048576 (order: 12, 16777216 bytes, linear)
[    0.075364] SLUB: HWalign=64, Order=0-3, MinObjects=0, CPUs=32, Nodes=1
Poking KASLR using RDRAND RDTSC...
[    0.076154] ftrace: allocating 48828 entries in 191 pages
[    0.093608] ftrace: allocated 191 pages with 7 groups
[    0.094821] Dynamic Preempt: voluntary
[    0.095534] rcu: Preemptible hierarchical RCU implementation.
[    0.095953] rcu: RCU event tracing is enabled.
[    0.096281] rcu: RCU restricting CPUs from NR_CPUS=64 to nr_cpu_ids=32.
[    0.096771] Trampoline variant of Tasks RCU enabled.
[    0.097137] Rude variant of Tasks RCU enabled.
[    0.097466] Tracing variant of Tasks RCU enabled.
[    0.097813] rcu: RCU calculated value of scheduler-enlistment delay is 100 jiffies.
[    0.098369] rcu: Adjusting geometry for rcu_fanout_leaf=16, nr_cpu_ids=32
[    0.098926] RCU Tasks: Setting shift to 5 and lim to 1 rcu_task_cb_adjust=1 rcu_task_cpu_ids=32.
[    0.099565] RCU Tasks Rude: Setting shift to 5 and lim to 1 rcu_task_cb_adjust=1 rcu_task_cpu_ids=32.
[    0.100234] RCU Tasks Trace: Setting shift to 5 and lim to 1 rcu_task_cb_adjust=1 rcu_task_cpu_ids=32.
[    0.109670] NR_IRQS: 4352, nr_irqs: 680, preallocated irqs: 16
[    0.110336] rcu: srcu_init: Setting srcu_struct sizes based on contention.
[    0.111043] Console: colour *CGA 80x25
[    0.111344] ACPI: Core revision 20240827
[    0.111777] clocksource: hpet: mask: 0xffffffff max_cycles: 0xffffffff, max_idle_ns: 19112604467 ns
[    0.112506] APIC: Switch to symmetric I/O mode setup
[    0.112886] kvm-guest: APIC: send_IPI_mask() replaced with kvm_send_ipi_mask()
[    0.113407] kvm-guest: APIC: send_IPI_mask_allbutself() replaced with kvm_send_ipi_mask_allbutself()
[    0.114043] kvm-guest: setup PV IPIs
[    0.115143] ..TIMER: vector=0x30 apic1=0 pin1=2 apic2=-1 pin2=-1
[    0.115929] clocksource: tsc-early: mask: 0xffffffffffffffff max_cycles: 0x40be400eb43, max_idle_ns: 440795366972 ns
[    0.117286] Calibrating delay loop (skipped) preset value.. 8983.11 BogoMIPS (lpj=4491556)
[    0.118350] x86/cpu: User Mode Instruction Prevention (UMIP) activated
[    0.119341] Last level iTLB entries: 4KB 512, 2MB 255, 4MB 127
[    0.120284] Last level dTLB entries: 4KB 512, 2MB 255, 4MB 127, 1GB 0
[    0.121289] Spectre V1 : Mitigation: usercopy/swapgs barriers and __user pointer sanitization
[    0.122288] Spectre V2 : Mitigation: Enhanced / Automatic IBRS
[    0.123284] Spectre V2 : Spectre v2 / SpectreRSB mitigation: Filling RSB on context switch
[    0.124286] Spectre V2 : mitigation: Enabling conditional Indirect Branch Prediction Barrier
[    0.125286] Speculative Store Bypass: Mitigation: Speculative Store Bypass disabled via prctl
[    0.126285] Speculative Return Stack Overflow: IBPB-extending microcode not applied!
[    0.127284] Speculative Return Stack Overflow: WARNING: See https://kernel.org/doc/html/latest/admin-guide/hw-vuln/srso.html for mitigation options.
[    0.127285] Speculative Return Stack Overflow: Vulnerable: Safe RET, no microcode
[    0.129299] x86/fpu: Supporting XSAVE feature 0x001: 'x87 floating point registers'
[    0.130284] x86/fpu: Supporting XSAVE feature 0x002: 'SSE registers'
[    0.131062] x86/fpu: Supporting XSAVE feature 0x004: 'AVX registers'
[    0.131284] x86/fpu: Supporting XSAVE feature 0x020: 'AVX-512 opmask'
[    0.132284] x86/fpu: Supporting XSAVE feature 0x040: 'AVX-512 Hi256'
[    0.133284] x86/fpu: Supporting XSAVE feature 0x080: 'AVX-512 ZMM_Hi256'
[    0.134284] x86/fpu: Supporting XSAVE feature 0x200: 'Protection Keys User registers'
[    0.135244] x86/fpu: xstate_offset[2]:  576, xstate_sizes[2]:  256
[    0.135284] x86/fpu: xstate_offset[5]:  832, xstate_sizes[5]:   64
[    0.136284] x86/fpu: xstate_offset[6]:  896, xstate_sizes[6]:  512
[    0.137284] x86/fpu: xstate_offset[7]: 1408, xstate_sizes[7]: 1024
[    0.138284] x86/fpu: xstate_offset[9]: 2432, xstate_sizes[9]:    8
[    0.139042] x86/fpu: Enabled xstate features 0x2e7, context size is 2440 bytes, using 'compacted' format.
[    0.159186] Freeing SMP alternatives memory: 40K
[    0.159286] pid_max: default: 32768 minimum: 301
[    0.160403] Mount-cache hash table entries: 2048 (order: 2, 16384 bytes, linear)
[    0.161285] Mountpoint-cache hash table entries: 2048 (order: 2, 16384 bytes, linear)
[    0.162904] smpboot: CPU0: AMD Ryzen 9 7950X 16-Core Processor (family: 0x19, model: 0x61, stepping: 0x2)
[    0.163749] Performance Events: Fam17h+ core perfctr, AMD PMU driver.
[    0.164289] ... version:                0
[    0.164781] ... bit width:              48
[    0.165282] ... generic registers:      6
[    0.165777] ... value mask:             0000ffffffffffff
[    0.166286] ... max period:             00007fffffffffff
[    0.166936] ... fixed-purpose events:   0
[    0.167286] ... event mask:             000000000000003f
[    0.168048] signal: max sigframe size: 3376
[    0.168331] rcu: Hierarchical SRCU implementation.
[    0.168920] rcu: Max phase no-delay instances is 400.
[    0.169361] Timer migration: 2 hierarchy levels; 8 children per group; 2 crossnode level
[    0.174049] smp: Bringing up secondary CPUs ...
[    0.174473] smpboot: x86: Booting SMP configuration:
[    0.175081] .... node  #0, CPUs:        #1  #2  #3  #4  #5  #6  #7  #8  #9 #10 #11 #12 #13 #14 #15 #16 #17 #18 #19 #20 #21 #22 #23 #24 #25 #26 #27 #28 #29 #30 #31
[    0.199384] smp: Brought up 1 node, 32 CPUs
[    0.200807] smpboot: Total of 32 processors activated (287459.58 BogoMIPS)
[    0.205336] Memory: 763404K/1048056K available (45056K kernel code, 11469K rwdata, 10092K rodata, 6052K init, 1632K bss, 269008K reserved, 0K cma-reserved)
[    0.206403] devtmpfs: initialized
[    0.206868] x86/mm: Memory block size: 128MB
[    0.213409] clocksource: jiffies: mask: 0xffffffff max_cycles: 0xffffffff, max_idle_ns: 1911260446275000 ns
[    0.214291] futex hash table entries: 8192 (order: 7, 524288 bytes, linear)
[    0.215508] PM: RTC time: 21:28:19, date: 2025-01-04
[    0.216803] NET: Registered PF_NETLINK/PF_ROUTE protocol family
[    0.218124] thermal_sys: Registered thermal governor 'step_wise'
[    0.218126] thermal_sys: Registered thermal governor 'user_space'
[    0.218313] cpuidle: using governor menu
[    0.220605] PCI: Using configuration type 1 for base access
[    0.221286] PCI: Using configuration type 1 for extended access
[    0.222151] kprobes: kprobe jump-optimization is enabled. All kprobes are optimized if possible.
[    0.234488] HugeTLB: registered 1.00 GiB page size, pre-allocated 0 pages
[    0.235287] HugeTLB: 16380 KiB vmemmap can be freed for a 1.00 GiB page
[    0.236113] HugeTLB: registered 2.00 MiB page size, pre-allocated 0 pages
[    0.237286] HugeTLB: 28 KiB vmemmap can be freed for a 2.00 MiB page
[    0.238618] ACPI: Added _OSI(Module Device)
[    0.239287] ACPI: Added _OSI(Processor Device)
[    0.239843] ACPI: Added _OSI(3.0 _SCP Extensions)
[    0.240286] ACPI: Added _OSI(Processor Aggregator Device)
[    0.263589] ACPI: 1 ACPI AML tables successfully acquired and loaded
[    0.268110] ACPI: Interpreter enabled
[    0.268345] ACPI: PM: (supports S0 S3 S4 S5)
[    0.268878] ACPI: Using IOAPIC for interrupt routing
[    0.270334] PCI: Using host bridge windows from ACPI; if necessary, use "pci=nocrs" and report a bug
[    0.271286] PCI: Using E820 reservations for host bridge windows
[    0.273069] ACPI: Enabled 2 GPEs in block 00 to 0F
[    0.318449] ACPI: PCI Root Bridge [PCI0] (domain 0000 [bus 00-ff])
[    0.319244] acpi PNP0A03:00: _OSC: OS supports [ExtendedConfig ASPM ClockPM Segments MSI HPX-Type3]
[    0.320763] PCI host bridge to bus 0000:00
[    0.321323] pci_bus 0000:00: root bus resource [io  0x0000-0x0cf7 window]
[    0.322171] pci_bus 0000:00: root bus resource [io  0x0d00-0xffff window]
[    0.323289] pci_bus 0000:00: root bus resource [mem 0x000a0000-0x000bffff window]
[    0.324221] pci_bus 0000:00: root bus resource [mem 0x40000000-0xfebfffff window]
[    0.325289] pci_bus 0000:00: root bus resource [mem 0x100000000-0x17fffffff window]
[    0.326267] pci_bus 0000:00: root bus resource [bus 00-ff]
[    0.326382] pci 0000:00:00.0: [8086:1237] type 00 class 0x060000 conventional PCI endpoint
[    0.329119] pci 0000:00:01.0: [8086:7000] type 00 class 0x060100 conventional PCI endpoint
[    0.330170] pci 0000:00:01.1: [8086:7010] type 00 class 0x010180 conventional PCI endpoint
[    0.332970] pci 0000:00:01.1: BAR 4 [io  0xc0c0-0xc0cf]
[    0.334998] pci 0000:00:01.1: BAR 0 [io  0x01f0-0x01f7]: legacy IDE quirk
[    0.335287] pci 0000:00:01.1: BAR 1 [io  0x03f6]: legacy IDE quirk
[    0.336053] pci 0000:00:01.1: BAR 2 [io  0x0170-0x0177]: legacy IDE quirk
[    0.337286] pci 0000:00:01.1: BAR 3 [io  0x0376]: legacy IDE quirk
[    0.338728] pci 0000:00:01.3: [8086:7113] type 00 class 0x068000 conventional PCI endpoint
[    0.339540] pci 0000:00:01.3: quirk: [io  0x0600-0x063f] claimed by PIIX4 ACPI
[    0.341290] pci 0000:00:01.3: quirk: [io  0x0700-0x070f] claimed by PIIX4 SMB
[    0.342887] pci 0000:00:02.0: [1af4:1009] type 00 class 0x000200 conventional PCI endpoint
[    0.343713] pci 0000:00:02.0: BAR 0 [io  0xc000-0xc03f]
[    0.344667] pci 0000:00:02.0: BAR 1 [mem 0xfebfc000-0xfebfcfff]
[    0.348287] pci 0000:00:02.0: BAR 4 [mem 0xfebf0000-0xfebf3fff 64bit pref]
[    0.360764] pci 0000:00:03.0: [1af4:1009] type 00 class 0x000200 conventional PCI endpoint
[    0.362686] pci 0000:00:03.0: BAR 0 [io  0xc040-0xc07f]
[    0.363638] pci 0000:00:03.0: BAR 1 [mem 0xfebfd000-0xfebfdfff]
[    0.365286] pci 0000:00:03.0: BAR 4 [mem 0xfebf4000-0xfebf7fff 64bit pref]
[    0.377432] pci 0000:00:04.0: [8086:25ab] type 00 class 0x088000 conventional PCI endpoint
[    0.378464] pci 0000:00:04.0: BAR 0 [mem 0xfebfe000-0xfebfe00f]
[    0.390672] pci 0000:00:05.0: [1af4:1003] type 00 class 0x078000 conventional PCI endpoint
[    0.392640] pci 0000:00:05.0: BAR 0 [io  0xc080-0xc0bf]
[    0.393577] pci 0000:00:05.0: BAR 1 [mem 0xfebff000-0xfebfffff]
[    0.395170] pci 0000:00:05.0: BAR 4 [mem 0xfebf8000-0xfebfbfff 64bit pref]
[    0.409777] ACPI: PCI: Interrupt link LNKA configured for IRQ 10
[    0.411194] ACPI: PCI: Interrupt link LNKB configured for IRQ 10
[    0.413178] ACPI: PCI: Interrupt link LNKC configured for IRQ 11
[    0.414173] ACPI: PCI: Interrupt link LNKD configured for IRQ 11
[    0.415665] ACPI: PCI: Interrupt link LNKS configured for IRQ 9
[    0.433922] iommu: Default domain type: Translated
[    0.434286] iommu: DMA domain TLB invalidation policy: lazy mode
[    0.435485] SCSI subsystem initialized
[    0.436334] pps_core: LinuxPPS API ver. 1 registered
[    0.436908] pps_core: Software ver. 5.3.6 - Copyright 2005-2007 Rodolfo Giometti <giometti@linux.it>
[    0.438301] PTP clock support registered
[    0.439407] Advanced Linux Sound Architecture Driver Initialized.
[    0.441373] NET: Registered PF_ATMPVC protocol family
[    0.442009] NET: Registered PF_ATMSVC protocol family
[    0.442323] PCI: Using ACPI for IRQ routing
[    0.443323] vgaarb: loaded
[    0.443401] hpet0: at MMIO 0xfed00000, IRQs 2, 8, 0
[    0.444014] hpet0: 3 comparators, 64-bit 100.000000 MHz counter
[    0.448478] clocksource: Switched to clocksource kvm-clock
[    0.449587] VFS: Disk quotas dquot_6.6.0
[    0.450094] VFS: Dquot-cache hash table entries: 512 (order 0, 4096 bytes)
[    0.455065] pnp: PnP ACPI init
[    0.458723] pnp: PnP ACPI: found 5 devices
[    0.470602] clocksource: acpi_pm: mask: 0xffffff max_cycles: 0xffffff, max_idle_ns: 2085701024 ns
[    0.471769] NET: Registered PF_INET protocol family
[    0.472416] IP idents hash table entries: 16384 (order: 5, 131072 bytes, linear)
[    0.473716] tcp_listen_portaddr_hash hash table entries: 512 (order: 1, 8192 bytes, linear)
[    0.474768] Table-perturb hash table entries: 65536 (order: 6, 262144 bytes, linear)
[    0.475746] TCP established hash table entries: 8192 (order: 4, 65536 bytes, linear)
[    0.476802] TCP bind hash table entries: 8192 (order: 6, 262144 bytes, linear)
[    0.477711] TCP: Hash tables configured (established 8192 bind 8192)
[    0.478658] UDP hash table entries: 512 (order: 3, 32768 bytes, linear)
[    0.479514] UDP-Lite hash table entries: 512 (order: 3, 32768 bytes, linear)
[    0.480604] NET: Registered PF_UNIX/PF_LOCAL protocol family
[    0.481321] pci_bus 0000:00: resource 4 [io  0x0000-0x0cf7 window]
[    0.482091] pci_bus 0000:00: resource 5 [io  0x0d00-0xffff window]
[    0.482861] pci_bus 0000:00: resource 6 [mem 0x000a0000-0x000bffff window]
[    0.483715] pci_bus 0000:00: resource 7 [mem 0x40000000-0xfebfffff window]
[    0.484568] pci_bus 0000:00: resource 8 [mem 0x100000000-0x17fffffff window]
[    0.485632] pci 0000:00:01.0: PIIX3: Enabling Passive Release
[    0.486349] pci 0000:00:00.0: Limiting direct PCI/PCI transfers
[    0.487123] PCI: CLS 0 bytes, default 64
[    0.487820] kvm_intel: VMX not supported by CPU 6
[    0.488426] kvm_amd: TSC scaling supported
[    0.488947] kvm_amd: Nested Virtualization enabled
[    0.489547] kvm_amd: Nested Paging enabled
[    0.490052] kvm_amd: LBR virtualization supported
[    0.490653] kvm_amd: Virtual GIF supported
[    0.491156] kvm_amd: Virtual NMI enabled
[    0.522921] clocksource: tsc: mask: 0xffffffffffffffff max_cycles: 0x40be400eb43, max_idle_ns: 440795366972 ns
[    0.542232] Initialise system trusted keyrings
[    0.542969] workingset: timestamp_bits=56 max_order=18 bucket_order=0
[    0.543885] squashfs: version 4.0 (2009/01/31) Phillip Lougher
[    0.544634] fuse: init (API version 7.41)
[    0.545267] 9p: Installing v9fs 9p2000 file system support
[    0.555025] Key type asymmetric registered
[    0.555551] Asymmetric key parser 'x509' registered
[    0.556221] Block layer SCSI generic (bsg) driver version 0.4 loaded (major 249)
[    0.557183] io scheduler mq-deadline registered
[    0.557760] io scheduler kyber registered
[    0.560395] input: Power Button as /devices/LNXSYSTM:00/LNXPWRBN:00/input/input0
[    0.561562] ACPI: button: Power Button [PWRF]
[    0.563467] Warning: Processor Platform Limit event detected, but not handled.
[    0.564376] Consider compiling CPUfreq support into your kernel.
[    1.373693] ACPI: \_SB_.LNKB: Enabled at IRQ 10
[    2.176278] ACPI: \_SB_.LNKC: Enabled at IRQ 11
[    2.979004] ACPI: \_SB_.LNKA: Enabled at IRQ 10
[    2.980339] Serial: 8250/16550 driver, 4 ports, IRQ sharing enabled
[    2.981448] 00:03: ttyS0 at I/O 0x3f8 (irq = 4, base_baud = 115200) is a 16550A
[    3.005930] Non-volatile memory driver v1.3
[    3.006490] Linux agpgart interface v0.103
[    3.007185] ACPI: bus type drm_connector registered
[    3.007822] printk: legacy console [hvc0] enabled
[    3.008419] printk: legacy bootconsole [earlyser0] disabled
          _      _                                    
   __   _(_)_ __| |_ _ __ ___   ___       _ __   __ _ 
   \ \ / / |  __| __|  _   _ \ / _ \_____|  _ \ / _  |
    \ V /| | |  | |_| | | | | |  __/_____| | | | (_| |
     \_/ |_|_|   \__|_| |_| |_|\___|     |_| |_|\__  |
                                                |___/ 
   kernel version: 6.13.0-rc5-virtme x86_64
   (CTRL+d to exit)

root@virtme-ng:/nipa-data/kernel# PS1='xx__-> '
xx__-> env
PWD=/nipa-data/kernel
nr_open=1048576
HOME=/
TERM=xterm
SHLVL=2
XDG_RUNTIME_DIR=/run/user/0
PATH=/bin:/sbin:/usr/bin:/usr/sbin:/usr/local/bin
OLDPWD=/
_=/bin/env
xx__-> 