No EFI environment detected.
early console in extract_kernel
input_data: 0x0000000002be72c4
input_len: 0x0000000000b568c9
output: 0x0000000001000000
output_len: 0x00000000026f5e7c
kernel_total_size: 0x0000000002430000
needed_size: 0x0000000002800000
trampoline_32bit: 0x000000000009d000
Physical KASLR using RDRAND RDTSC...
Virtual KASLR using RDRAND RDTSC...

Decompressing Linux... Parsing ELF... Performing relocations... done.
Booting the kernel (entry_offset: 0x0000000000000000).
[    0.000000] Linux version 6.11.0-rc1-virtme (root@d3ff7f3e0bca) (gcc (Ubuntu 13.2.0-23ubuntu4) 13.2.0, GNU ld (GNU Binutils for Ubuntu) 2.42) #1 SMP PREEMPT_DYNAMIC Sat Aug  3 21:07:14 UTC 2024
[    0.000000] Command line: virtme_hostname=virtme-ng nr_open=1048576 virtme_link_mods=/nipa-data/kernel/.virtme_mods/lib/modules/0.0.0 virtme_initmount0=nipa-data/kernel virtme_rw_overlay0=/etc virtme_rw_overlay1=/lib virtme_rw_overlay2=/home virtme_rw_overlay3=/opt virtme_rw_overlay4=/srv virtme_rw_overlay5=/usr virtme_rw_overlay6=/var console=hvc0 earlyprintk=serial,ttyS0,115200 virtme_console=ttyS0 psmouse.proto=exps TERM=xterm virtme_chdir=nipa-data/kernel virtme_root_user=1 rootfstype=9p rootflags=version=9p2000.L,trans=virtio,access=any raid=noautodetect ro init=/usr/lib/python3/dist-packages/virtme/guest/virtme-init
[    0.000000] x86/split lock detection: #DB: warning on user-space bus_locks
[    0.000000] BIOS-provided physical RAM map:
[    0.000000] BIOS-e820: [mem 0x0000000000000000-0x000000000009fbff] usable
[    0.000000] BIOS-e820: [mem 0x000000000009fc00-0x000000000009ffff] reserved
[    0.000000] BIOS-e820: [mem 0x00000000000f0000-0x00000000000fffff] reserved
[    0.000000] BIOS-e820: [mem 0x0000000000100000-0x000000003ffdffff] usable
[    0.000000] BIOS-e820: [mem 0x000000003ffe0000-0x000000003fffffff] reserved
[    0.000000] BIOS-e820: [mem 0x00000000feffc000-0x00000000feffffff] reserved
[    0.000000] BIOS-e820: [mem 0x00000000fffc0000-0x00000000ffffffff] reserved
[    0.000000] printk: legacy bootconsole [earlyser0] enabled
[    0.000000] NX (Execute Disable) protection: active
[    0.000000] APIC: Static calls initialized
[    0.000000] SMBIOS 3.0.0 present.
[    0.000000] DMI: QEMU Ubuntu 24.04 PC (i440FX + PIIX, 1996), BIOS 1.16.3-debian-1.16.3-2 04/01/2014
[    0.000000] DMI: Memory slots populated: 1/1
[    0.000000] Hypervisor detected: KVM
[    0.000000] kvm-clock: Using msrs 4b564d01 and 4b564d00
[    0.000001] kvm-clock: using sched offset of 996446917 cycles
[    0.000793] clocksource: kvm-clock: mask: 0xffffffffffffffff max_cycles: 0x1cd42e4dffb, max_idle_ns: 881590591483 ns
[    0.003258] tsc: Detected 2000.000 MHz processor
[    0.004426] last_pfn = 0x3ffe0 max_arch_pfn = 0x10000000000
[    0.005327] MTRR map: 4 entries (3 fixed + 1 variable; max 19), built from 8 variable MTRRs
[    0.006590] x86/PAT: Configuration [0-7]: WB  WC  UC- UC  WB  WP  UC- WT  
Memory KASLR using RDRAND RDTSC...
[    0.014800] found SMP MP-table at [mem 0x000f5470-0x000f547f]
[    0.015684] Using GB pages for direct mapping
[    0.016413] ACPI: Early table checksum verification disabled
[    0.017270] ACPI: RSDP 0x00000000000F5290 000014 (v00 BOCHS )
[    0.018140] ACPI: RSDT 0x000000003FFE308E 000034 (v01 BOCHS  BXPC     00000001 BXPC 00000001)
[    0.019432] ACPI: FACP 0x000000003FFE2D8A 000074 (v01 BOCHS  BXPC     00000001 BXPC 00000001)
[    0.020726] ACPI: DSDT 0x000000003FFE0040 002D4A (v01 BOCHS  BXPC     00000001 BXPC 00000001)
[    0.022014] ACPI: FACS 0x000000003FFE0000 000040
[    0.022713] ACPI: APIC 0x000000003FFE2DFE 000230 (v03 BOCHS  BXPC     00000001 BXPC 00000001)
[    0.024007] ACPI: HPET 0x000000003FFE302E 000038 (v01 BOCHS  BXPC     00000001 BXPC 00000001)
[    0.025294] ACPI: WAET 0x000000003FFE3066 000028 (v01 BOCHS  BXPC     00000001 BXPC 00000001)
[    0.026647] ACPI: Reserving FACP table memory at [mem 0x3ffe2d8a-0x3ffe2dfd]
[    0.027717] ACPI: Reserving DSDT table memory at [mem 0x3ffe0040-0x3ffe2d89]
[    0.028780] ACPI: Reserving FACS table memory at [mem 0x3ffe0000-0x3ffe003f]
[    0.029841] ACPI: Reserving APIC table memory at [mem 0x3ffe2dfe-0x3ffe302d]
[    0.030908] ACPI: Reserving HPET table memory at [mem 0x3ffe302e-0x3ffe3065]
[    0.031980] ACPI: Reserving WAET table memory at [mem 0x3ffe3066-0x3ffe308d]
[    0.033400] No NUMA configuration found
[    0.033979] Faking a node at [mem 0x0000000000000000-0x000000003ffdffff]
[    0.034991] NODE_DATA(0) allocated [mem 0x3ffdb000-0x3ffdffff]
[    0.035987] Zone ranges:
[    0.036370]   DMA      [mem 0x0000000000001000-0x0000000000ffffff]
[    0.037302]   DMA32    [mem 0x0000000001000000-0x000000003ffdffff]
[    0.038234]   Normal   empty
[    0.038668]   Device   empty
[    0.039102] Movable zone start for each node
[    0.039749] Early memory node ranges
[    0.040288]   node   0: [mem 0x0000000000001000-0x000000000009efff]
[    0.041232]   node   0: [mem 0x0000000000100000-0x000000003ffdffff]
[    0.042179] Initmem setup node 0 [mem 0x0000000000001000-0x000000003ffdffff]
[    0.043246] On node 0, zone DMA: 1 pages in unavailable ranges
[    0.044161] On node 0, zone DMA: 97 pages in unavailable ranges
[    0.048596] On node 0, zone DMA32: 32 pages in unavailable ranges
[    0.050074] ACPI: PM-Timer IO Port: 0x608
[    0.050699] ACPI: LAPIC_NMI (acpi_id[0xff] dfl dfl lint[0x1])
[    0.051624] IOAPIC[0]: apic_id 0, version 17, address 0xfec00000, GSI 0-23
[    0.052663] ACPI: INT_SRC_OVR (bus 0 bus_irq 0 global_irq 2 dfl dfl)
[    0.053623] ACPI: INT_SRC_OVR (bus 0 bus_irq 5 global_irq 5 high level)
[    0.054620] ACPI: INT_SRC_OVR (bus 0 bus_irq 9 global_irq 9 high level)
[    0.055620] ACPI: INT_SRC_OVR (bus 0 bus_irq 10 global_irq 10 high level)
[    0.056643] ACPI: INT_SRC_OVR (bus 0 bus_irq 11 global_irq 11 high level)
[    0.057670] ACPI: Using ACPI (MADT) for SMP configuration information
[    0.058641] ACPI: HPET id: 0x8086a201 base: 0xfed00000
[    0.059418] TSC deadline timer available
[    0.060017] CPU topo: Max. logical packages:   1
[    0.060713] CPU topo: Max. logical dies:       1
[    0.061408] CPU topo: Max. dies per package:   1
[    0.062113] CPU topo: Max. threads per core:   1
[    0.062809] CPU topo: Num. cores per package:    56
[    0.063547] CPU topo: Num. threads per package:  56
[    0.064281] CPU topo: Allowing 56 present CPUs plus 0 hotplug CPUs
[    0.065235] kvm-guest: APIC: eoi() replaced with kvm_guest_apic_eoi_write()
[    0.066311] kvm-guest: KVM setup pv remote TLB flush
[    0.067064] kvm-guest: setup PV sched yield
[    0.067703] PM: hibernation: Registered nosave memory: [mem 0x00000000-0x00000fff]
[    0.068846] PM: hibernation: Registered nosave memory: [mem 0x0009f000-0x0009ffff]
[    0.069987] PM: hibernation: Registered nosave memory: [mem 0x000a0000-0x000effff]
[    0.071128] PM: hibernation: Registered nosave memory: [mem 0x000f0000-0x000fffff]
[    0.072273] [mem 0x40000000-0xfeffbfff] available for PCI devices
[    0.073191] Booting paravirtualized kernel on KVM
[    0.073900] clocksource: refined-jiffies: mask: 0xffffffff max_cycles: 0xffffffff, max_idle_ns: 1910969940391419 ns
[    0.083057] setup_percpu: NR_CPUS:64 nr_cpumask_bits:56 nr_cpu_ids:56 nr_node_ids:1
[    0.088885] percpu: Embedded 58 pages/cpu s198744 r8192 d30632 u262144
[    0.089992] Kernel command line: virtme_hostname=virtme-ng nr_open=1048576 virtme_link_mods=/nipa-data/kernel/.virtme_mods/lib/modules/0.0.0 virtme_initmount0=nipa-data/kernel virtme_rw_overlay0=/etc virtme_rw_overlay1=/lib virtme_rw_overlay2=/home virtme_rw_overlay3=/opt virtme_rw_overlay4=/srv virtme_rw_overlay5=/usr virtme_rw_overlay6=/var console=hvc0 earlyprintk=serial,ttyS0,115200 virtme_console=ttyS0 psmouse.proto=exps TERM=xterm virtme_chdir=nipa-data/kernel virtme_root_user=1 rootfstype=9p rootflags=version=9p2000.L,trans=virtio,access=any raid=noautodetect ro init=/usr/lib/python3/dist-packages/virtme/guest/virtme-init
[    0.098697] Unknown kernel command line parameters "virtme_hostname=virtme-ng nr_open=1048576 virtme_link_mods=/nipa-data/kernel/.virtme_mods/lib/modules/0.0.0 virtme_initmount0=nipa-data/kernel virtme_rw_overlay0=/etc virtme_rw_overlay1=/lib virtme_rw_overlay2=/home virtme_rw_overlay3=/opt virtme_rw_overlay4=/srv virtme_rw_overlay5=/usr virtme_rw_overlay6=/var virtme_console=ttyS0 virtme_chdir=nipa-data/kernel virtme_root_user=1", will be passed to user space.
[    0.105041] random: crng init done
[    0.105560] printk: log_buf_len individual max cpu contribution: 4096 bytes
[    0.106622] printk: log_buf_len total cpu_extra contributions: 225280 bytes
[    0.107688] printk: log_buf_len min size: 262144 bytes
[    0.109079] printk: log_buf_len: 524288 bytes
[    0.109770] printk: early log buf free: 254024(96%)
[    0.110936] Dentry cache hash table entries: 131072 (order: 8, 1048576 bytes, linear)
[    0.112202] Inode-cache hash table entries: 65536 (order: 7, 524288 bytes, linear)
[    0.114208] Fallback order for Node 0: 0 
[    0.114217] Built 1 zonelists, mobility grouping on.  Total pages: 262014
[    0.115817] Policy zone: DMA32
[    0.116264] mem auto-init: stack:all(zero), heap alloc:off, heap free:off
[    0.120757] SLUB: HWalign=64, Order=0-3, MinObjects=0, CPUs=56, Nodes=1
Poking KASLR using RDRAND RDTSC...
[    0.122284] ftrace: allocating 48211 entries in 189 pages
[    0.136919] ftrace: allocated 189 pages with 6 groups
[    0.138774] Dynamic Preempt: voluntary
[    0.140301] rcu: Preemptible hierarchical RCU implementation.
[    0.141159] rcu: RCU event tracing is enabled.
[    0.141818] rcu: RCU restricting CPUs from NR_CPUS=64 to nr_cpu_ids=56.
[    0.142797] Trampoline variant of Tasks RCU enabled.
[    0.143541] Rude variant of Tasks RCU enabled.
[    0.144202] Tracing variant of Tasks RCU enabled.
[    0.144900] rcu: RCU calculated value of scheduler-enlistment delay is 100 jiffies.
[    0.146014] rcu: Adjusting geometry for rcu_fanout_leaf=16, nr_cpu_ids=56
[    0.147058] RCU Tasks: Setting shift to 6 and lim to 1 rcu_task_cb_adjust=1.
[    0.148093] RCU Tasks Rude: Setting shift to 6 and lim to 1 rcu_task_cb_adjust=1.
[    0.149188] RCU Tasks Trace: Setting shift to 6 and lim to 1 rcu_task_cb_adjust=1.
[    0.153534] NR_IRQS: 4352, nr_irqs: 872, preallocated irqs: 16
[    0.154770] rcu: srcu_init: Setting srcu_struct sizes based on contention.
[    0.156082] Console: colour *CGA 80x25
[    0.156680] ACPI: Core revision 20240322
[    0.157427] clocksource: hpet: mask: 0xffffffff max_cycles: 0xffffffff, max_idle_ns: 19112604467 ns
[    0.158886] APIC: Switch to symmetric I/O mode setup
[    0.159687] APIC: Switched APIC routing to: physical flat
[    0.160521] kvm-guest: APIC: send_IPI_mask() replaced with kvm_send_ipi_mask()
[    0.161595] kvm-guest: APIC: send_IPI_mask_allbutself() replaced with kvm_send_ipi_mask_allbutself()
[    0.163024] kvm-guest: setup PV IPIs
[    0.165035] ..TIMER: vector=0x30 apic1=0 pin1=2 apic2=-1 pin2=-1
[    0.166419] clocksource: tsc-early: mask: 0xffffffffffffffff max_cycles: 0x39a85c9bff6, max_idle_ns: 881590591483 ns
[    0.168736] Calibrating delay loop (skipped) preset value.. 4000.00 BogoMIPS (lpj=2000000)
[    0.169958] x86/cpu: User Mode Instruction Prevention (UMIP) activated
[    0.170853] Last level iTLB entries: 4KB 0, 2MB 0, 4MB 0
[    0.171734] Last level dTLB entries: 4KB 0, 2MB 0, 4MB 0, 1GB 0
[    0.172751] Spectre V1 : Mitigation: usercopy/swapgs barriers and __user pointer sanitization
[    0.173741] Spectre V2 : Spectre BHI mitigation: SW BHB clearing on syscall and VM exit
[    0.174734] Spectre V2 : Mitigation: Enhanced / Automatic IBRS
[    0.175736] Spectre V2 : Spectre v2 / SpectreRSB mitigation: Filling RSB on context switch
[    0.176740] Spectre V2 : Spectre v2 / PBRSB-eIBRS: Retire a single CALL on VMEXIT
[    0.177746] Spectre V2 : mitigation: Enabling conditional Indirect Branch Prediction Barrier
[    0.178744] Speculative Store Bypass: Mitigation: Speculative Store Bypass disabled via prctl
[    0.179741] TAA: Mitigation: TSX disabled
[    0.180822] x86/fpu: Supporting XSAVE feature 0x001: 'x87 floating point registers'
[    0.181740] x86/fpu: Supporting XSAVE feature 0x002: 'SSE registers'
[    0.182740] x86/fpu: Supporting XSAVE feature 0x004: 'AVX registers'
[    0.183740] x86/fpu: Supporting XSAVE feature 0x020: 'AVX-512 opmask'
[    0.184740] x86/fpu: Supporting XSAVE feature 0x040: 'AVX-512 Hi256'
[    0.185740] x86/fpu: Supporting XSAVE feature 0x080: 'AVX-512 ZMM_Hi256'
[    0.186734] x86/fpu: Supporting XSAVE feature 0x200: 'Protection Keys User registers'
[    0.187734] x86/fpu: Supporting XSAVE feature 0x20000: 'AMX Tile config'
[    0.188734] x86/fpu: Supporting XSAVE feature 0x40000: 'AMX Tile data'
[    0.189734] x86/fpu: xstate_offset[2]:  576, xstate_sizes[2]:  256
[    0.190734] x86/fpu: xstate_offset[5]:  832, xstate_sizes[5]:   64
[    0.191734] x86/fpu: xstate_offset[6]:  896, xstate_sizes[6]:  512
[    0.192734] x86/fpu: xstate_offset[7]: 1408, xstate_sizes[7]: 1024
[    0.193734] x86/fpu: xstate_offset[9]: 2432, xstate_sizes[9]:    8
[    0.194734] x86/fpu: xstate_offset[17]: 2496, xstate_sizes[17]:   64
[    0.195734] x86/fpu: xstate_offset[18]: 2560, xstate_sizes[18]: 8192
[    0.196734] x86/fpu: Enabled xstate features 0x602e7, context size is 10752 bytes, using 'compacted' format.
[    0.225859] Freeing SMP alternatives memory: 40K
[    0.226735] pid_max: default: 57344 minimum: 448
[    0.227847] Mount-cache hash table entries: 2048 (order: 2, 16384 bytes, linear)
[    0.228736] Mountpoint-cache hash table entries: 2048 (order: 2, 16384 bytes, linear)
[    0.230204] smpboot: CPU0: Intel(R) Xeon(R) Platinum 8480+ (family: 0x6, model: 0x8f, stepping: 0x6)
[    0.230977] Performance Events: PEBS fmt0-, Sapphire Rapids events, full-width counters, Intel PMU driver.
[    0.231739] ... version:                2
[    0.232539] ... bit width:              48
[    0.232736] ... generic registers:      8
[    0.233541] ... value mask:             0000ffffffffffff
[    0.233736] ... max period:             00007fffffffffff
[    0.234736] ... fixed-purpose events:   3
[    0.235534] ... event mask:             00000007000000ff
[    0.235968] signal: max sigframe size: 11952
[    0.236762] rcu: Hierarchical SRCU implementation.
[    0.237718] rcu: Max phase no-delay instances is 400.
[    0.237773] Timer migration: 2 hierarchy levels; 8 children per group; 2 crossnode level
[    0.239805] smp: Bringing up secondary CPUs ...
[    0.240853] smpboot: x86: Booting SMP configuration:
[    0.241739] .... node  #0, CPUs:        #1  #2  #3  #4  #5  #6  #7  #8  #9 #10 #11 #12 #13 #14 #15 #16 #17 #18 #19 #20 #21 #22 #23 #24 #25 #26 #27 #28 #29 #30 #31 #32 #33 #34 #35 #36 #37 #38 #39 #40 #41 #42 #43 #44 #45 #46 #47 #48 #49 #50 #51 #52 #53 #54 #55
[    0.298198] smp: Brought up 1 node, 56 CPUs
[    0.299591] smpboot: Total of 56 processors activated (224000.00 BogoMIPS)
[    0.307798] Memory: 951176K/1048056K available (16384K kernel code, 2430K rwdata, 6228K rodata, 3104K init, 1940K bss, 72284K reserved, 0K cma-reserved)
[    0.308862] devtmpfs: initialized
[    0.309783] x86/mm: Memory block size: 128MB
[    0.311950] clocksource: jiffies: mask: 0xffffffff max_cycles: 0xffffffff, max_idle_ns: 1911260446275000 ns
[    0.312741] futex hash table entries: 16384 (order: 8, 1048576 bytes, linear)
[    0.314079] PM: RTC time: 21:07:53, date: 2024-08-03
[    0.316705] NET: Registered PF_NETLINK/PF_ROUTE protocol family
[    0.316923] thermal_sys: Registered thermal governor 'step_wise'
[    0.316924] thermal_sys: Registered thermal governor 'user_space'
[    0.317770] cpuidle: using governor menu
[    0.321410] PCI: Using configuration type 1 for base access
[    0.321825] kprobes: kprobe jump-optimization is enabled. All kprobes are optimized if possible.
[    0.357747] HugeTLB: registered 1.00 GiB page size, pre-allocated 0 pages
[    0.359740] HugeTLB: 16380 KiB vmemmap can be freed for a 1.00 GiB page
[    0.362737] HugeTLB: registered 2.00 MiB page size, pre-allocated 0 pages
[    0.364737] HugeTLB: 28 KiB vmemmap can be freed for a 2.00 MiB page
[    0.366848] ACPI: Added _OSI(Module Device)
[    0.367737] ACPI: Added _OSI(Processor Device)
[    0.368737] ACPI: Added _OSI(3.0 _SCP Extensions)
[    0.369737] ACPI: Added _OSI(Processor Aggregator Device)
[    0.372616] ACPI: 1 ACPI AML tables successfully acquired and loaded
[    0.377003] ACPI: Interpreter enabled
[    0.377754] ACPI: PM: (supports S0 S3 S4 S5)
[    0.378706] ACPI: Using IOAPIC for interrupt routing
[    0.379752] PCI: Using host bridge windows from ACPI; if necessary, use "pci=nocrs" and report a bug
[    0.381736] PCI: Using E820 reservations for host bridge windows
[    0.382853] ACPI: Enabled 2 GPEs in block 00 to 0F
[    0.387380] ACPI: PCI Root Bridge [PCI0] (domain 0000 [bus 00-ff])
[    0.388739] acpi PNP0A03:00: _OSC: OS supports [ASPM ClockPM Segments MSI HPX-Type3]
[    0.390737] acpi PNP0A03:00: _OSC: not requesting OS control; OS requires [ExtendedConfig ASPM ClockPM MSI]
[    0.392743] acpi PNP0A03:00: fail to add MMCONFIG information, can't access extended configuration space under this bridge
[    0.394842] PCI host bridge to bus 0000:00
[    0.395684] pci_bus 0000:00: root bus resource [io  0x0000-0x0cf7 window]
[    0.396736] pci_bus 0000:00: root bus resource [io  0x0d00-0xffff window]
[    0.398736] pci_bus 0000:00: root bus resource [mem 0x000a0000-0x000bffff window]
[    0.399736] pci_bus 0000:00: root bus resource [mem 0x40000000-0xfebfffff window]
[    0.401736] pci_bus 0000:00: root bus resource [mem 0x100000000-0x17fffffff window]
[    0.402736] pci_bus 0000:00: root bus resource [bus 00-ff]
[    0.403786] pci 0000:00:00.0: [8086:1237] type 00 class 0x060000 conventional PCI endpoint
[    0.406270] pci 0000:00:01.0: [8086:7000] type 00 class 0x060100 conventional PCI endpoint
[    0.408451] pci 0000:00:01.1: [8086:7010] type 00 class 0x010180 conventional PCI endpoint
[    0.413055] pci 0000:00:01.1: BAR 4 [io  0xc0c0-0xc0cf]
[    0.414615] pci 0000:00:01.1: BAR 0 [io  0x01f0-0x01f7]: legacy IDE quirk
[    0.416738] pci 0000:00:01.1: BAR 1 [io  0x03f6]: legacy IDE quirk
[    0.417736] pci 0000:00:01.1: BAR 2 [io  0x0170-0x0177]: legacy IDE quirk
[    0.418736] pci 0000:00:01.1: BAR 3 [io  0x0376]: legacy IDE quirk
[    0.419966] pci 0000:00:01.3: [8086:7113] type 00 class 0x068000 conventional PCI endpoint
[    0.422320] pci 0000:00:01.3: quirk: [io  0x0600-0x063f] claimed by PIIX4 ACPI
[    0.423746] pci 0000:00:01.3: quirk: [io  0x0700-0x070f] claimed by PIIX4 SMB
[    0.426112] pci 0000:00:02.0: [1af4:1009] type 00 class 0x000200 conventional PCI endpoint
[    0.428710] pci 0000:00:02.0: BAR 0 [io  0xc000-0xc03f]
[    0.430739] pci 0000:00:02.0: BAR 1 [mem 0xfebfc000-0xfebfcfff]
[    0.436237] pci 0000:00:02.0: BAR 4 [mem 0xfebf0000-0xfebf3fff 64bit pref]
[    0.438866] pci 0000:00:03.0: [1af4:1009] type 00 class 0x000200 conventional PCI endpoint
[    0.441738] pci 0000:00:03.0: BAR 0 [io  0xc040-0xc07f]
[    0.444738] pci 0000:00:03.0: BAR 1 [mem 0xfebfd000-0xfebfdfff]
[    0.449741] pci 0000:00:03.0: BAR 4 [mem 0xfebf4000-0xfebf7fff 64bit pref]
[    0.452497] pci 0000:00:04.0: [8086:25ab] type 00 class 0x088000 conventional PCI endpoint
[    0.454139] pci 0000:00:04.0: BAR 0 [mem 0xfebfe000-0xfebfe00f]
[    0.459138] pci 0000:00:05.0: [1af4:1003] type 00 class 0x078000 conventional PCI endpoint
[    0.461579] pci 0000:00:05.0: BAR 0 [io  0xc080-0xc0bf]
[    0.463453] pci 0000:00:05.0: BAR 1 [mem 0xfebff000-0xfebfffff]
[    0.468684] pci 0000:00:05.0: BAR 4 [mem 0xfebf8000-0xfebfbfff 64bit pref]
[    0.474019] ACPI: PCI: Interrupt link LNKA configured for IRQ 10
[    0.475875] ACPI: PCI: Interrupt link LNKB configured for IRQ 10
[    0.476863] ACPI: PCI: Interrupt link LNKC configured for IRQ 11
[    0.478857] ACPI: PCI: Interrupt link LNKD configured for IRQ 11
[    0.479821] ACPI: PCI: Interrupt link LNKS configured for IRQ 9
[    0.482503] iommu: Default domain type: Translated
[    0.483736] iommu: DMA domain TLB invalidation policy: lazy mode
[    0.484860] SCSI subsystem initialized
[    0.485798] pps_core: LinuxPPS API ver. 1 registered
[    0.486736] pps_core: Software ver. 5.3.6 - Copyright 2005-2007 Rodolfo Giometti <giometti@linux.it>
[    0.488738] PTP clock support registered
[    0.489799] Advanced Linux Sound Architecture Driver Initialized.
[    0.492260] NET: Registered PF_ATMPVC protocol family
[    0.493736] NET: Registered PF_ATMSVC protocol family
[    0.494740] PCI: Using ACPI for IRQ routing
[    0.495795] vgaarb: loaded
[    0.496815] hpet0: at MMIO 0xfed00000, IRQs 2, 8, 0
[    0.497736] hpet0: 3 comparators, 64-bit 100.000000 MHz counter
[    0.503622] clocksource: Switched to clocksource kvm-clock
[    0.504591] VFS: Disk quotas dquot_6.6.0
[    0.505441] VFS: Dquot-cache hash table entries: 512 (order 0, 4096 bytes)
[    0.506966] pnp: PnP ACPI init
[    0.508823] pnp: PnP ACPI: found 5 devices
[    0.518676] clocksource: acpi_pm: mask: 0xffffff max_cycles: 0xffffff, max_idle_ns: 2085701024 ns
[    0.520502] NET: Registered PF_INET protocol family
[    0.521542] IP idents hash table entries: 16384 (order: 5, 131072 bytes, linear)
[    0.523412] tcp_listen_portaddr_hash hash table entries: 512 (order: 1, 8192 bytes, linear)
[    0.525112] Table-perturb hash table entries: 65536 (order: 6, 262144 bytes, linear)
[    0.526684] TCP established hash table entries: 8192 (order: 4, 65536 bytes, linear)
[    0.528245] TCP bind hash table entries: 8192 (order: 6, 262144 bytes, linear)
[    0.530516] TCP: Hash tables configured (established 8192 bind 8192)
[    0.532050] UDP hash table entries: 512 (order: 2, 16384 bytes, linear)
[    0.533429] UDP-Lite hash table entries: 512 (order: 2, 16384 bytes, linear)
[    0.534932] NET: Registered PF_UNIX/PF_LOCAL protocol family
[    0.536091] pci_bus 0000:00: resource 4 [io  0x0000-0x0cf7 window]
[    0.537351] pci_bus 0000:00: resource 5 [io  0x0d00-0xffff window]
[    0.538598] pci_bus 0000:00: resource 6 [mem 0x000a0000-0x000bffff window]
[    0.539989] pci_bus 0000:00: resource 7 [mem 0x40000000-0xfebfffff window]
[    0.541622] pci_bus 0000:00: resource 8 [mem 0x100000000-0x17fffffff window]
[    0.543147] pci 0000:00:01.0: PIIX3: Enabling Passive Release
[    0.544320] pci 0000:00:00.0: Limiting direct PCI/PCI transfers
[    0.545608] PCI: CLS 0 bytes, default 64
[    0.561901] RAPL PMU: API unit is 2^-32 Joules, 1 fixed counters, 10737418240 ms ovfl timer
[    0.563861] RAPL PMU: hw unit of domain psys 2^-0 Joules
[    0.983867] kvm_amd: CPU 14 isn't AMD or Hygon
[    0.984782] clocksource: tsc: mask: 0xffffffffffffffff max_cycles: 0x39a85c9bff6, max_idle_ns: 881590591483 ns
[    1.088152] Initialise system trusted keyrings
[    1.089705] workingset: timestamp_bits=56 max_order=18 bucket_order=0
[    1.091078] squashfs: version 4.0 (2009/01/31) Phillip Lougher
[    1.092282] fuse: init (API version 7.40)
[    1.093415] 9p: Installing v9fs 9p2000 file system support
[    1.105146] Key type asymmetric registered
[    1.105984] Asymmetric key parser 'x509' registered
[    1.106994] Block layer SCSI generic (bsg) driver version 0.4 loaded (major 249)
[    1.108494] io scheduler mq-deadline registered
[    1.109422] io scheduler kyber registered
[    1.127467] input: Power Button as /devices/LNXSYSTM:00/LNXPWRBN:00/input/input0
[    1.129558] ACPI: button: Power Button [PWRF]
[    1.131549] Warning: Processor Platform Limit event detected, but not handled.
[    1.135240] Consider compiling CPUfreq support into your kernel.
[    1.169868] ACPI: \_SB_.LNKB: Enabled at IRQ 10
[    1.184202] ACPI: \_SB_.LNKC: Enabled at IRQ 11
[    1.198372] ACPI: \_SB_.LNKA: Enabled at IRQ 10
[    1.200748] Serial: 8250/16550 driver, 4 ports, IRQ sharing enabled
[    1.202216] 00:03: ttyS0 at I/O 0x3f8 (irq = 4, base_baud = 115200) is a 16550A
[    1.236919] Non-volatile memory driver v1.3
[    1.237838] Linux agpgart interface v0.103
[    1.238854] ACPI: bus type drm_connector registered
[    1.239881] printk: legacy console [hvc0] enabled
[    1.241012] printk: legacy bootconsole [earlyser0] disabled
          _      _                                    
   __   _(_)_ __| |_ _ __ ___   ___       _ __   __ _ 
   \ \ / / |  __| __|  _   _ \ / _ \_____|  _ \ / _  |
    \ V /| | |  | |_| | | | | |  __/_____| | | | (_| |
     \_/ |_|_|   \__|_| |_| |_|\___|     |_| |_|\__  |
                                                |___/ 
   kernel version: 6.11.0-rc1-virtme x86_64
   (CTRL+d to exit)

root@virtme-ng:/nipa-data/kernel# PS1='xx__-> '
xx__-> env
PWD=/nipa-data/kernel
nr_open=1048576
HOME=/
TERM=xterm
SHLVL=2
XDG_RUNTIME_DIR=/run/user/0
PATH=/bin:/sbin:/usr/bin:/usr/sbin:/usr/local/bin
OLDPWD=/
_=/bin/env
xx__-> 