No EFI environment detected.
early console in extract_kernel
input_data: 0x0000000002be82c4
input_len: 0x0000000000b43c35
output: 0x0000000001000000
output_len: 0x00000000026e4448
kernel_total_size: 0x0000000002430000
needed_size: 0x0000000002800000
trampoline_32bit: 0x0000000000000000
Physical KASLR using RDRAND RDTSC...
Virtual KASLR using RDRAND RDTSC...

Decompressing Linux... Parsing ELF... Performing relocations... done.
Booting the kernel (entry_offset: 0x0000000000000000).
[    0.000000] Linux version 6.10.0-rc4-virtme (root@fe2ea4fe3879) (gcc (Alpine 13.2.1_git20240309) 13.2.1 20240309, GNU ld (GNU Binutils) 2.42) #1 SMP PREEMPT_DYNAMIC Thu Jun 27 18:06:15 UTC 2024
[    0.000000] Command line: virtme_hostname=virtme-ng nr_open=1048576 virtme_link_mods=/nipa-data/kernel/.virtme_mods/lib/modules/0.0.0 virtme_initmount0=nipa-data/kernel virtme_rw_overlay0=/etc virtme_rw_overlay1=/lib virtme_rw_overlay2=/home virtme_rw_overlay3=/opt virtme_rw_overlay4=/srv virtme_rw_overlay5=/usr virtme_rw_overlay6=/var console=hvc0 earlyprintk=serial,ttyS0,115200 virtme_console=ttyS0 psmouse.proto=exps TERM=xterm virtme_chdir=nipa-data/kernel virtme_root_user=1 rootfstype=9p rootflags=version=9p2000.L,trans=virtio,access=any raid=noautodetect ro init=/usr/lib/python3.12/site-packages/virtme/guest/virtme-init
[    0.000000] BIOS-provided physical RAM map:
[    0.000000] BIOS-e820: [mem 0x0000000000000000-0x000000000009fbff] usable
[    0.000000] BIOS-e820: [mem 0x000000000009fc00-0x000000000009ffff] reserved
[    0.000000] BIOS-e820: [mem 0x00000000000f0000-0x00000000000fffff] reserved
[    0.000000] BIOS-e820: [mem 0x0000000000100000-0x000000003ffdffff] usable
[    0.000000] BIOS-e820: [mem 0x000000003ffe0000-0x000000003fffffff] reserved
[    0.000000] BIOS-e820: [mem 0x00000000feffc000-0x00000000feffffff] reserved
[    0.000000] BIOS-e820: [mem 0x00000000fffc0000-0x00000000ffffffff] reserved
[    0.000000] BIOS-e820: [mem 0x000000fd00000000-0x000000ffffffffff] reserved
[    0.000000] printk: legacy bootconsole [earlyser0] enabled
[    0.000000] NX (Execute Disable) protection: active
[    0.000000] APIC: Static calls initialized
[    0.000000] SMBIOS 2.8 present.
[    0.000000] DMI: QEMU Standard PC (i440FX + PIIX, 1996), BIOS rel-1.16.3-0-ga6ed6b701f0a-prebuilt.qemu.org 04/01/2014
[    0.000000] DMI: Memory slots populated: 1/1
[    0.000000] Hypervisor detected: KVM
[    0.000000] kvm-clock: Using msrs 4b564d01 and 4b564d00
[    0.000000] kvm-clock: using sched offset of 248108691 cycles
[    0.000379] clocksource: kvm-clock: mask: 0xffffffffffffffff max_cycles: 0x1cd42e4dffb, max_idle_ns: 881590591483 ns
[    0.001556] tsc: Detected 4491.560 MHz processor
[    0.002148] last_pfn = 0x3ffe0 max_arch_pfn = 0x400000000
[    0.002565] MTRR map: 4 entries (3 fixed + 1 variable; max 19), built from 8 variable MTRRs
[    0.003177] x86/PAT: Configuration [0-7]: WB  WC  UC- UC  WB  WP  UC- WT  
Memory KASLR using RDRAND RDTSC...
[    0.005216] found SMP MP-table at [mem 0x000f5470-0x000f547f]
[    0.005644] Using GB pages for direct mapping
[    0.005983] ACPI: Early table checksum verification disabled
[    0.006400] ACPI: RSDP 0x00000000000F5290 000014 (v00 BOCHS )
[    0.006819] ACPI: RSDT 0x000000003FFE27BC 000034 (v01 BOCHS  BXPC     00000001 BXPC 00000001)
[    0.007440] ACPI: FACP 0x000000003FFE2578 000074 (v01 BOCHS  BXPC     00000001 BXPC 00000001)
[    0.008060] ACPI: DSDT 0x000000003FFE0040 002538 (v01 BOCHS  BXPC     00000001 BXPC 00000001)
[    0.008685] ACPI: FACS 0x000000003FFE0000 000040
[    0.009021] ACPI: APIC 0x000000003FFE25EC 000170 (v03 BOCHS  BXPC     00000001 BXPC 00000001)
[    0.009645] ACPI: HPET 0x000000003FFE275C 000038 (v01 BOCHS  BXPC     00000001 BXPC 00000001)
[    0.010270] ACPI: WAET 0x000000003FFE2794 000028 (v01 BOCHS  BXPC     00000001 BXPC 00000001)
[    0.010894] ACPI: Reserving FACP table memory at [mem 0x3ffe2578-0x3ffe25eb]
[    0.011403] ACPI: Reserving DSDT table memory at [mem 0x3ffe0040-0x3ffe2577]
[    0.011911] ACPI: Reserving FACS table memory at [mem 0x3ffe0000-0x3ffe003f]
[    0.012420] ACPI: Reserving APIC table memory at [mem 0x3ffe25ec-0x3ffe275b]
[    0.012929] ACPI: Reserving HPET table memory at [mem 0x3ffe275c-0x3ffe2793]
[    0.013438] ACPI: Reserving WAET table memory at [mem 0x3ffe2794-0x3ffe27bb]
[    0.014087] No NUMA configuration found
[    0.014365] Faking a node at [mem 0x0000000000000000-0x000000003ffdffff]
[    0.014853] NODE_DATA(0) allocated [mem 0x3ffdb000-0x3ffdffff]
[    0.015284] Zone ranges:
[    0.015467]   DMA      [mem 0x0000000000001000-0x0000000000ffffff]
[    0.015914]   DMA32    [mem 0x0000000001000000-0x000000003ffdffff]
[    0.016361]   Normal   empty
[    0.016569]   Device   empty
[    0.016777] Movable zone start for each node
[    0.017086] Early memory node ranges
[    0.017344]   node   0: [mem 0x0000000000001000-0x000000000009efff]
[    0.017798]   node   0: [mem 0x0000000000100000-0x000000003ffdffff]
[    0.018251] Initmem setup node 0 [mem 0x0000000000001000-0x000000003ffdffff]
[    0.018765] On node 0, zone DMA: 1 pages in unavailable ranges
[    0.019195] On node 0, zone DMA: 97 pages in unavailable ranges
[    0.020604] On node 0, zone DMA32: 32 pages in unavailable ranges
[    0.021248] ACPI: PM-Timer IO Port: 0x608
[    0.021543] ACPI: LAPIC_NMI (acpi_id[0xff] dfl dfl lint[0x1])
[    0.021975] IOAPIC[0]: apic_id 0, version 17, address 0xfec00000, GSI 0-23
[    0.022480] ACPI: INT_SRC_OVR (bus 0 bus_irq 0 global_irq 2 dfl dfl)
[    0.022941] ACPI: INT_SRC_OVR (bus 0 bus_irq 5 global_irq 5 high level)
[    0.023421] ACPI: INT_SRC_OVR (bus 0 bus_irq 9 global_irq 9 high level)
[    0.023900] ACPI: INT_SRC_OVR (bus 0 bus_irq 10 global_irq 10 high level)
[    0.024391] ACPI: INT_SRC_OVR (bus 0 bus_irq 11 global_irq 11 high level)
[    0.024883] ACPI: Using ACPI (MADT) for SMP configuration information
[    0.025349] ACPI: HPET id: 0x8086a201 base: 0xfed00000
[    0.025721] TSC deadline timer available
[    0.026006] CPU topo: Max. logical packages:   1
[    0.026339] CPU topo: Max. logical dies:       1
[    0.026675] CPU topo: Max. dies per package:   1
[    0.027010] CPU topo: Max. threads per core:   1
[    0.027344] CPU topo: Num. cores per package:    32
[    0.027696] CPU topo: Num. threads per package:  32
[    0.028048] CPU topo: Allowing 32 present CPUs plus 0 hotplug CPUs
[    0.028504] kvm-guest: APIC: eoi() replaced with kvm_guest_apic_eoi_write()
[    0.029016] kvm-guest: KVM setup pv remote TLB flush
[    0.029381] kvm-guest: setup PV sched yield
[    0.029687] PM: hibernation: Registered nosave memory: [mem 0x00000000-0x00000fff]
[    0.030236] PM: hibernation: Registered nosave memory: [mem 0x0009f000-0x0009ffff]
[    0.030789] PM: hibernation: Registered nosave memory: [mem 0x000a0000-0x000effff]
[    0.031340] PM: hibernation: Registered nosave memory: [mem 0x000f0000-0x000fffff]
[    0.031893] [mem 0x40000000-0xfeffbfff] available for PCI devices
[    0.032338] Booting paravirtualized kernel on KVM
[    0.032680] clocksource: refined-jiffies: mask: 0xffffffff max_cycles: 0xffffffff, max_idle_ns: 1910969940391419 ns
[    0.036262] setup_percpu: NR_CPUS:64 nr_cpumask_bits:32 nr_cpu_ids:32 nr_node_ids:1
[    0.037439] percpu: Embedded 58 pages/cpu s198872 r8192 d30504 u262144
[    0.037942] Kernel command line: virtme_hostname=virtme-ng nr_open=1048576 virtme_link_mods=/nipa-data/kernel/.virtme_mods/lib/modules/0.0.0 virtme_initmount0=nipa-data/kernel virtme_rw_overlay0=/etc virtme_rw_overlay1=/lib virtme_rw_overlay2=/home virtme_rw_overlay3=/opt virtme_rw_overlay4=/srv virtme_rw_overlay5=/usr virtme_rw_overlay6=/var console=hvc0 earlyprintk=serial,ttyS0,115200 virtme_console=ttyS0 psmouse.proto=exps TERM=xterm virtme_chdir=nipa-data/kernel virtme_root_user=1 rootfstype=9p rootflags=version=9p2000.L,trans=virtio,access=any raid=noautodetect ro init=/usr/lib/python3.12/site-packages/virtme/guest/virtme-init
[    0.042192] Unknown kernel command line parameters "virtme_hostname=virtme-ng nr_open=1048576 virtme_link_mods=/nipa-data/kernel/.virtme_mods/lib/modules/0.0.0 virtme_initmount0=nipa-data/kernel virtme_rw_overlay0=/etc virtme_rw_overlay1=/lib virtme_rw_overlay2=/home virtme_rw_overlay3=/opt virtme_rw_overlay4=/srv virtme_rw_overlay5=/usr virtme_rw_overlay6=/var virtme_console=ttyS0 virtme_chdir=nipa-data/kernel virtme_root_user=1", will be passed to user space.
[    0.045428] random: crng init done
[    0.045710] Dentry cache hash table entries: 131072 (order: 8, 1048576 bytes, linear)
[    0.046309] Inode-cache hash table entries: 65536 (order: 7, 524288 bytes, linear)
[    0.046961] Fallback order for Node 0: 0 
[    0.046963] Built 1 zonelists, mobility grouping on.  Total pages: 262014
[    0.047766] Policy zone: DMA32
[    0.047993] mem auto-init: stack:all(zero), heap alloc:off, heap free:off
[    0.049294] Memory: 984568K/1048056K available (16384K kernel code, 2423K rwdata, 6172K rodata, 3084K init, 2004K bss, 63228K reserved, 0K cma-reserved)
[    0.050336] SLUB: HWalign=64, Order=0-3, MinObjects=0, CPUs=32, Nodes=1
Poking KASLR using RDRAND RDTSC...
[    0.051088] ftrace: allocating 47844 entries in 187 pages
[    0.058116] ftrace: allocated 187 pages with 6 groups
[    0.059109] Dynamic Preempt: voluntary
[    0.059518] rcu: Preemptible hierarchical RCU implementation.
[    0.059950] rcu: RCU event tracing is enabled.
[    0.060288] rcu: RCU restricting CPUs from NR_CPUS=64 to nr_cpu_ids=32.
[    0.060789] Trampoline variant of Tasks RCU enabled.
[    0.061166] Rude variant of Tasks RCU enabled.
[    0.061504] Tracing variant of Tasks RCU enabled.
[    0.061862] rcu: RCU calculated value of scheduler-enlistment delay is 100 jiffies.
[    0.062439] rcu: Adjusting geometry for rcu_fanout_leaf=16, nr_cpu_ids=32
[    0.062955] RCU Tasks: Setting shift to 5 and lim to 1 rcu_task_cb_adjust=1.
[    0.063489] RCU Tasks Rude: Setting shift to 5 and lim to 1 rcu_task_cb_adjust=1.
[    0.064052] RCU Tasks Trace: Setting shift to 5 and lim to 1 rcu_task_cb_adjust=1.
[    0.066133] NR_IRQS: 4352, nr_irqs: 680, preallocated irqs: 16
[    0.066745] rcu: srcu_init: Setting srcu_struct sizes based on contention.
[    0.067400] Console: colour *CGA 80x25
[    0.067687] ACPI: Core revision 20240322
[    0.068044] clocksource: hpet: mask: 0xffffffff max_cycles: 0xffffffff, max_idle_ns: 19112604467 ns
[    0.068778] APIC: Switch to symmetric I/O mode setup
[    0.069149] APIC: Switched APIC routing to: physical flat
[    0.069551] kvm-guest: APIC: send_IPI_mask() replaced with kvm_send_ipi_mask()
[    0.070082] kvm-guest: APIC: send_IPI_mask_allbutself() replaced with kvm_send_ipi_mask_allbutself()
[    0.070765] kvm-guest: setup PV IPIs
[    0.071793] ..TIMER: vector=0x30 apic1=0 pin1=2 apic2=-1 pin2=-1
[    0.072589] tsc: Marking TSC unstable due to TSCs unsynchronized
[    0.073389] Calibrating delay loop (skipped) preset value.. 8983.12 BogoMIPS (lpj=4491560)
[    0.074448] x86/cpu: User Mode Instruction Prevention (UMIP) activated
[    0.075438] Last level iTLB entries: 4KB 512, 2MB 255, 4MB 127
[    0.076388] Last level dTLB entries: 4KB 512, 2MB 255, 4MB 127, 1GB 0
[    0.077391] Spectre V1 : Mitigation: usercopy/swapgs barriers and __user pointer sanitization
[    0.078391] Spectre V2 : Mitigation: Enhanced / Automatic IBRS
[    0.079388] Spectre V2 : Spectre v2 / SpectreRSB mitigation: Filling RSB on context switch
[    0.080389] Spectre V2 : mitigation: Enabling conditional Indirect Branch Prediction Barrier
[    0.081389] Speculative Store Bypass: Mitigation: Speculative Store Bypass disabled via prctl
[    0.082388] Speculative Return Stack Overflow: IBPB-extending microcode not applied!
[    0.083388] Speculative Return Stack Overflow: WARNING: See https://kernel.org/doc/html/latest/admin-guide/hw-vuln/srso.html for mitigation options.
[    0.083388] Speculative Return Stack Overflow: Vulnerable: Safe RET, no microcode
[    0.085402] x86/fpu: Supporting XSAVE feature 0x001: 'x87 floating point registers'
[    0.086388] x86/fpu: Supporting XSAVE feature 0x002: 'SSE registers'
[    0.087388] x86/fpu: Supporting XSAVE feature 0x004: 'AVX registers'
[    0.088197] x86/fpu: Supporting XSAVE feature 0x020: 'AVX-512 opmask'
[    0.088388] x86/fpu: Supporting XSAVE feature 0x040: 'AVX-512 Hi256'
[    0.089388] x86/fpu: Supporting XSAVE feature 0x080: 'AVX-512 ZMM_Hi256'
[    0.090388] x86/fpu: Supporting XSAVE feature 0x200: 'Protection Keys User registers'
[    0.091388] x86/fpu: xstate_offset[2]:  576, xstate_sizes[2]:  256
[    0.092388] x86/fpu: xstate_offset[5]:  832, xstate_sizes[5]:   64
[    0.093169] x86/fpu: xstate_offset[6]:  896, xstate_sizes[6]:  512
[    0.093388] x86/fpu: xstate_offset[7]: 1408, xstate_sizes[7]: 1024
[    0.094388] x86/fpu: xstate_offset[9]: 2432, xstate_sizes[9]:    8
[    0.095388] x86/fpu: Enabled xstate features 0x2e7, context size is 2440 bytes, using 'compacted' format.
[    0.111397] Freeing SMP alternatives memory: 40K
[    0.111985] pid_max: default: 32768 minimum: 301
[    0.112413] Mount-cache hash table entries: 2048 (order: 2, 16384 bytes, linear)
[    0.113388] Mountpoint-cache hash table entries: 2048 (order: 2, 16384 bytes, linear)
[    0.114543] smpboot: CPU0: AMD Ryzen 9 7950X 16-Core Processor (family: 0x19, model: 0x61, stepping: 0x2)
[    0.115506] Performance Events: Fam17h+ core perfctr, AMD PMU driver.
[    0.116343] ... version:                0
[    0.116389] ... bit width:              48
[    0.116906] ... generic registers:      6
[    0.117389] ... value mask:             0000ffffffffffff
[    0.118061] ... max period:             00007fffffffffff
[    0.118389] ... fixed-purpose events:   0
[    0.118896] ... event mask:             000000000000003f
[    0.119469] signal: max sigframe size: 3376
[    0.120014] rcu: Hierarchical SRCU implementation.
[    0.120390] rcu: Max phase no-delay instances is 400.
[    0.123238] smp: Bringing up secondary CPUs ...
[    0.123441] smpboot: x86: Booting SMP configuration:
[    0.124078] .... node  #0, CPUs:        #1  #2  #3  #4  #5  #6  #7  #8  #9 #10 #11 #12 #13 #14 #15 #16 #17 #18 #19 #20 #21 #22 #23 #24 #25 #26 #27 #28 #29 #30 #31
[    0.140531] smp: Brought up 1 node, 32 CPUs
[    0.141933] smpboot: Total of 32 processors activated (287459.84 BogoMIPS)
[    0.144453] devtmpfs: initialized
[    0.144843] x86/mm: Memory block size: 128MB
[    0.146097] clocksource: jiffies: mask: 0xffffffff max_cycles: 0xffffffff, max_idle_ns: 1911260446275000 ns
[    0.146391] futex hash table entries: 8192 (order: 7, 524288 bytes, linear)
[    0.147465] PM: RTC time: 18:06:43, date: 2024-06-27
[    0.148636] NET: Registered PF_NETLINK/PF_ROUTE protocol family
[    0.149515] thermal_sys: Registered thermal governor 'step_wise'
[    0.149517] thermal_sys: Registered thermal governor 'user_space'
[    0.150360] cpuidle: using governor menu
[    0.151636] PCI: Using configuration type 1 for base access
[    0.152393] PCI: Using configuration type 1 for extended access
[    0.153419] kprobes: kprobe jump-optimization is enabled. All kprobes are optimized if possible.
[    0.173569] HugeTLB: registered 1.00 GiB page size, pre-allocated 0 pages
[    0.174390] HugeTLB: 16380 KiB vmemmap can be freed for a 1.00 GiB page
[    0.175390] HugeTLB: registered 2.00 MiB page size, pre-allocated 0 pages
[    0.176390] HugeTLB: 28 KiB vmemmap can be freed for a 2.00 MiB page
[    0.177439] Demotion targets for Node 0: null
[    0.178184] ACPI: Added _OSI(Module Device)
[    0.178391] ACPI: Added _OSI(Processor Device)
[    0.179104] ACPI: Added _OSI(3.0 _SCP Extensions)
[    0.179390] ACPI: Added _OSI(Processor Aggregator Device)
[    0.181128] ACPI: 1 ACPI AML tables successfully acquired and loaded
[    0.181999] ACPI: _OSC evaluation for CPUs failed, trying _PDC
[    0.182524] ACPI: Interpreter enabled
[    0.182994] ACPI: PM: (supports S0 S3 S4 S5)
[    0.183390] ACPI: Using IOAPIC for interrupt routing
[    0.184036] PCI: Using host bridge windows from ACPI; if necessary, use "pci=nocrs" and report a bug
[    0.184389] PCI: Using E820 reservations for host bridge windows
[    0.185245] ACPI: Enabled 2 GPEs in block 00 to 0F
[    0.187977] ACPI: PCI Root Bridge [PCI0] (domain 0000 [bus 00-ff])
[    0.188393] acpi PNP0A03:00: _OSC: OS supports [ExtendedConfig ASPM ClockPM Segments MSI HPX-Type3]
[    0.189482] PCI host bridge to bus 0000:00
[    0.189997] pci_bus 0000:00: root bus resource [io  0x0000-0x0cf7 window]
[    0.190390] pci_bus 0000:00: root bus resource [io  0x0d00-0xffff window]
[    0.191257] pci_bus 0000:00: root bus resource [mem 0x000a0000-0x000bffff window]
[    0.191389] pci_bus 0000:00: root bus resource [mem 0x40000000-0xfebfffff window]
[    0.192350] pci_bus 0000:00: root bus resource [mem 0x100000000-0x17fffffff window]
[    0.192390] pci_bus 0000:00: root bus resource [bus 00-ff]
[    0.193183] pci 0000:00:00.0: [8086:1237] type 00 class 0x060000 conventional PCI endpoint
[    0.193643] pci 0000:00:01.0: [8086:7000] type 00 class 0x060100 conventional PCI endpoint
[    0.194719] pci 0000:00:01.1: [8086:7010] type 00 class 0x010180 conventional PCI endpoint
[    0.197855] pci 0000:00:01.1: BAR 4 [io  0xc0c0-0xc0cf]
[    0.199363] pci 0000:00:01.1: BAR 0 [io  0x01f0-0x01f7]: legacy IDE quirk
[    0.199390] pci 0000:00:01.1: BAR 1 [io  0x03f6]: legacy IDE quirk
[    0.200189] pci 0000:00:01.1: BAR 2 [io  0x0170-0x0177]: legacy IDE quirk
[    0.200389] pci 0000:00:01.1: BAR 3 [io  0x0376]: legacy IDE quirk
[    0.201280] pci 0000:00:01.3: [8086:7113] type 00 class 0x068000 conventional PCI endpoint
[    0.201637] pci 0000:00:01.3: quirk: [io  0x0600-0x063f] claimed by PIIX4 ACPI
[    0.202394] pci 0000:00:01.3: quirk: [io  0x0700-0x070f] claimed by PIIX4 SMB
[    0.203573] pci 0000:00:02.0: [1af4:1009] type 00 class 0x000200 conventional PCI endpoint
[    0.205391] pci 0000:00:02.0: BAR 0 [io  0xc000-0xc03f]
[    0.207186] pci 0000:00:02.0: BAR 1 [mem 0xfebfc000-0xfebfcfff]
[    0.210390] pci 0000:00:02.0: BAR 4 [mem 0xfebf0000-0xfebf3fff 64bit pref]
[    0.213154] pci 0000:00:03.0: [1af4:1009] type 00 class 0x000200 conventional PCI endpoint
[    0.215384] pci 0000:00:03.0: BAR 0 [io  0xc040-0xc07f]
[    0.217344] pci 0000:00:03.0: BAR 1 [mem 0xfebfd000-0xfebfdfff]
[    0.220390] pci 0000:00:03.0: BAR 4 [mem 0xfebf4000-0xfebf7fff 64bit pref]
[    0.223082] pci 0000:00:04.0: [8086:25ab] type 00 class 0x088000 conventional PCI endpoint
[    0.223950] pci 0000:00:04.0: BAR 0 [mem 0xfebfe000-0xfebfe00f]
[    0.228594] pci 0000:00:05.0: [1af4:1003] type 00 class 0x078000 conventional PCI endpoint
[    0.231348] pci 0000:00:05.0: BAR 0 [io  0xc080-0xc0bf]
[    0.232391] pci 0000:00:05.0: BAR 1 [mem 0xfebff000-0xfebfffff]
[    0.236352] pci 0000:00:05.0: BAR 4 [mem 0xfebf8000-0xfebfbfff 64bit pref]
[    0.238344] ACPI: PCI: Interrupt link LNKA configured for IRQ 10
[    0.238528] ACPI: PCI: Interrupt link LNKB configured for IRQ 10
[    0.239520] ACPI: PCI: Interrupt link LNKC configured for IRQ 11
[    0.240515] ACPI: PCI: Interrupt link LNKD configured for IRQ 11
[    0.241483] ACPI: PCI: Interrupt link LNKS configured for IRQ 9
[    0.243640] iommu: Default domain type: Translated
[    0.244390] iommu: DMA domain TLB invalidation policy: lazy mode
[    0.245437] SCSI subsystem initialized
[    0.246065] pps_core: LinuxPPS API ver. 1 registered
[    0.246390] pps_core: Software ver. 5.3.6 - Copyright 2005-2007 Rodolfo Giometti <giometti@linux.it>
[    0.247392] PTP clock support registered
[    0.248047] Advanced Linux Sound Architecture Driver Initialized.
[    0.248728] NET: Registered PF_ATMPVC protocol family
[    0.249390] NET: Registered PF_ATMSVC protocol family
[    0.250220] PCI: Using ACPI for IRQ routing
[    0.250493] vgaarb: loaded
[    0.250838] hpet0: at MMIO 0xfed00000, IRQs 2, 8, 0
[    0.251390] hpet0: 3 comparators, 64-bit 100.000000 MHz counter
[    0.257861] clocksource: Switched to clocksource kvm-clock
[    0.258679] VFS: Disk quotas dquot_6.6.0
[    0.258858] VFS: Dquot-cache hash table entries: 512 (order 0, 4096 bytes)
[    0.260222] pnp: PnP ACPI init
[    0.260804] pnp: PnP ACPI: found 5 devices
[    0.268611] clocksource: acpi_pm: mask: 0xffffff max_cycles: 0xffffff, max_idle_ns: 2085701024 ns
[    0.269772] NET: Registered PF_INET protocol family
[    0.270425] IP idents hash table entries: 16384 (order: 5, 131072 bytes, linear)
[    0.271543] tcp_listen_portaddr_hash hash table entries: 512 (order: 1, 8192 bytes, linear)
[    0.272636] Table-perturb hash table entries: 65536 (order: 6, 262144 bytes, linear)
[    0.273638] TCP established hash table entries: 8192 (order: 4, 65536 bytes, linear)
[    0.274634] TCP bind hash table entries: 8192 (order: 6, 262144 bytes, linear)
[    0.275659] TCP: Hash tables configured (established 8192 bind 8192)
[    0.276508] UDP hash table entries: 512 (order: 2, 16384 bytes, linear)
[    0.277358] UDP-Lite hash table entries: 512 (order: 2, 16384 bytes, linear)
[    0.278290] NET: Registered PF_UNIX/PF_LOCAL protocol family
[    0.279006] pci_bus 0000:00: resource 4 [io  0x0000-0x0cf7 window]
[    0.279806] pci_bus 0000:00: resource 5 [io  0x0d00-0xffff window]
[    0.280751] pci_bus 0000:00: resource 6 [mem 0x000a0000-0x000bffff window]
[    0.281864] pci_bus 0000:00: resource 7 [mem 0x40000000-0xfebfffff window]
[    0.282978] pci_bus 0000:00: resource 8 [mem 0x100000000-0x17fffffff window]
[    0.283919] pci 0000:00:01.0: PIIX3: Enabling Passive Release
[    0.284667] pci 0000:00:00.0: Limiting direct PCI/PCI transfers
[    0.285470] PCI: CLS 0 bytes, default 64
[    0.286016] kvm_intel: VMX not supported by CPU 0
[    0.286650] kvm_amd: TSC scaling supported
[    0.287182] kvm_amd: Nested Virtualization enabled
[    0.287788] kvm_amd: Nested Paging enabled
[    0.288320] kvm_amd: LBR virtualization supported
[    0.288944] kvm_amd: Virtual VMLOAD VMSAVE supported
[    0.289958] kvm_amd: Virtual GIF supported
[    0.290510] kvm_amd: Virtual NMI enabled
[    0.387562] Initialise system trusted keyrings
[    0.388412] workingset: timestamp_bits=56 max_order=18 bucket_order=0
[    0.389498] squashfs: version 4.0 (2009/01/31) Phillip Lougher
[    0.390456] fuse: init (API version 7.40)
[    0.391170] 9p: Installing v9fs 9p2000 file system support
[    0.399836] Key type asymmetric registered
[    0.400385] Asymmetric key parser 'x509' registered
[    0.401033] Block layer SCSI generic (bsg) driver version 0.4 loaded (major 249)
[    0.402021] io scheduler mq-deadline registered
[    0.402621] io scheduler kyber registered
[    0.404200] input: Power Button as /devices/LNXSYSTM:00/LNXPWRBN:00/input/input0
[    0.405218] ACPI: button: Power Button [PWRF]
[    0.405819] Warning: Processor Platform Limit event detected, but not handled.
[    0.406777] Consider compiling CPUfreq support into your kernel.
[    0.424134] ACPI: \_SB_.LNKB: Enabled at IRQ 10
[    0.442127] ACPI: \_SB_.LNKC: Enabled at IRQ 11
[    0.463430] ACPI: \_SB_.LNKA: Enabled at IRQ 10
[    0.465096] Serial: 8250/16550 driver, 4 ports, IRQ sharing enabled
[    0.466270] 00:03: ttyS0 at I/O 0x3f8 (irq = 4, base_baud = 115200) is a 16550A
[    0.509294] Non-volatile memory driver v1.3
[    0.509876] Linux agpgart interface v0.103
[    0.509944] ACPI: bus type drm_connector registered
[    0.511113] printk: legacy console [hvc0] enabled
[    0.511876] printk: legacy bootconsole [earlyser0] disabled
          _      _                                    
   __   _(_)_ __| |_ _ __ ___   ___       _ __   __ _ 
   \ \ / / |  __| __|  _   _ \ / _ \_____|  _ \ / _  |
    \ V /| | |  | |_| | | | | |  __/_____| | | | (_| |
     \_/ |_|_|   \__|_| |_| |_|\___|     |_| |_|\__  |
                                                |___/ 
   kernel version: 6.10.0-rc4-virtme x86_64
   (CTRL+d to exit)

virtme-ng:/nipa-data/kernel# PS1='xx__-> '
xx__-> env
PWD=/nipa-data/kernel
nr_open=1048576
HOME=/root
TERM=xterm
SHLVL=2
XDG_RUNTIME_DIR=/run/user/0
PATH=/bin:/sbin:/usr/bin:/usr/sbin:/usr/local/bin
OLDPWD=/
_=/usr/bin/env
xx__-> 