No EFI environment detected.
early console in extract_kernel
input_data: 0x0000000004cb82c4
input_len: 0x00000000018d4e73
output: 0x0000000001000000
output_len: 0x0000000005517c08
kernel_total_size: 0x0000000005030000
needed_size: 0x0000000005600000
trampoline_32bit: 0x0000000000000000
Physical KASLR using RDRAND RDTSC...
Virtual KASLR using RDRAND RDTSC...

Decompressing Linux... Parsing ELF... Performing relocations... done.
Booting the kernel (entry_offset: 0x0000000000000000).
[    0.000000] Linux version 6.12.0-rc4-virtme (root@62a6bf3add60) (gcc (Ubuntu 13.2.0-23ubuntu4) 13.2.0, GNU ld (GNU Binutils for Ubuntu) 2.42) #1 SMP PREEMPT_DYNAMIC Fri Oct 25 15:26:10 UTC 2024
[    0.000000] Command line: virtme_hostname=virtme-ng nr_open=1048576 virtme_link_mods=/nipa-data/kernel/.virtme_mods/lib/modules/0.0.0 virtme_initmount0=nipa-data/kernel virtme_rw_overlay0=/etc virtme_rw_overlay1=/lib virtme_rw_overlay2=/home virtme_rw_overlay3=/opt virtme_rw_overlay4=/srv virtme_rw_overlay5=/usr virtme_rw_overlay6=/var console=hvc0 earlyprintk=serial,ttyS0,115200 virtme_console=ttyS0 psmouse.proto=exps TERM=xterm virtme_chdir=nipa-data/kernel virtme_root_user=1 rootfstype=9p rootflags=version=9p2000.L,trans=virtio,access=any raid=noautodetect ro init=/usr/lib/python3/dist-packages/virtme/guest/virtme-init
[    0.000000] BIOS-provided physical RAM map:
[    0.000000] BIOS-e820: [mem 0x0000000000000000-0x000000000009fbff] usable
[    0.000000] BIOS-e820: [mem 0x000000000009fc00-0x000000000009ffff] reserved
[    0.000000] BIOS-e820: [mem 0x00000000000f0000-0x00000000000fffff] reserved
[    0.000000] BIOS-e820: [mem 0x0000000000100000-0x000000003ffdffff] usable
[    0.000000] BIOS-e820: [mem 0x000000003ffe0000-0x000000003fffffff] reserved
[    0.000000] BIOS-e820: [mem 0x00000000feffc000-0x00000000feffffff] reserved
[    0.000000] BIOS-e820: [mem 0x00000000fffc0000-0x00000000ffffffff] reserved
[    0.000000] BIOS-e820: [mem 0x000000fd00000000-0x000000ffffffffff] reserved
[    0.000000] printk: legacy bootconsole [earlyser0] enabled
[    0.000000] NX (Execute Disable) protection: active
[    0.000000] APIC: Static calls initialized
[    0.000000] SMBIOS 3.0.0 present.
[    0.000000] DMI: QEMU Ubuntu 24.04 PC (i440FX + PIIX, 1996), BIOS 1.16.3-debian-1.16.3-2 04/01/2014
[    0.000000] DMI: Memory slots populated: 1/1
[    0.000000] Hypervisor detected: KVM
[    0.000000] kvm-clock: Using msrs 4b564d01 and 4b564d00
[    0.000000] kvm-clock: using sched offset of 302711111 cycles
[    0.000347] clocksource: kvm-clock: mask: 0xffffffffffffffff max_cycles: 0x1cd42e4dffb, max_idle_ns: 881590591483 ns
[    0.001427] tsc: Detected 4491.560 MHz processor
[    0.002066] last_pfn = 0x3ffe0 max_arch_pfn = 0x400000000
[    0.002445] MTRR map: 4 entries (3 fixed + 1 variable; max 19), built from 8 variable MTRRs
[    0.003002] x86/PAT: Configuration [0-7]: WB  WC  UC- UC  WB  WP  UC- WT  
[    0.004909] found SMP MP-table at [mem 0x000f5470-0x000f547f]
[    0.005299] Using GB pages for direct mapping
[    0.006145] ACPI: Early table checksum verification disabled
[    0.006518] ACPI: RSDP 0x00000000000F5290 000014 (v00 BOCHS )
[    0.006900] ACPI: RSDT 0x000000003FFE27BC 000034 (v01 BOCHS  BXPC     00000001 BXPC 00000001)
[    0.007465] ACPI: FACP 0x000000003FFE2578 000074 (v01 BOCHS  BXPC     00000001 BXPC 00000001)
[    0.008031] ACPI: DSDT 0x000000003FFE0040 002538 (v01 BOCHS  BXPC     00000001 BXPC 00000001)
[    0.008597] ACPI: FACS 0x000000003FFE0000 000040
[    0.008904] ACPI: APIC 0x000000003FFE25EC 000170 (v03 BOCHS  BXPC     00000001 BXPC 00000001)
[    0.009467] ACPI: HPET 0x000000003FFE275C 000038 (v01 BOCHS  BXPC     00000001 BXPC 00000001)
[    0.010030] ACPI: WAET 0x000000003FFE2794 000028 (v01 BOCHS  BXPC     00000001 BXPC 00000001)
[    0.010593] ACPI: Reserving FACP table memory at [mem 0x3ffe2578-0x3ffe25eb]
[    0.011058] ACPI: Reserving DSDT table memory at [mem 0x3ffe0040-0x3ffe2577]
[    0.011522] ACPI: Reserving FACS table memory at [mem 0x3ffe0000-0x3ffe003f]
[    0.011987] ACPI: Reserving APIC table memory at [mem 0x3ffe25ec-0x3ffe275b]
[    0.012453] ACPI: Reserving HPET table memory at [mem 0x3ffe275c-0x3ffe2793]
[    0.012917] ACPI: Reserving WAET table memory at [mem 0x3ffe2794-0x3ffe27bb]
[    0.013566] No NUMA configuration found
[    0.013820] Faking a node at [mem 0x0000000000000000-0x000000003ffdffff]
[    0.014263] NODE_DATA(0) allocated [mem 0x3ffdb780-0x3ffdffff]
[    0.014664] Zone ranges:
[    0.014832]   DMA      [mem 0x0000000000001000-0x0000000000ffffff]
[    0.015241]   DMA32    [mem 0x0000000001000000-0x000000003ffdffff]
[    0.015649]   Normal   empty
[    0.015840]   Device   empty
[    0.016031] Movable zone start for each node
[    0.016313] Early memory node ranges
[    0.016551]   node   0: [mem 0x0000000000001000-0x000000000009efff]
[    0.016964]   node   0: [mem 0x0000000000100000-0x000000003ffdffff]
[    0.017378] Initmem setup node 0 [mem 0x0000000000001000-0x000000003ffdffff]
[    0.017847] On node 0, zone DMA: 1 pages in unavailable ranges
[    0.018287] On node 0, zone DMA: 97 pages in unavailable ranges
[    0.022942] On node 0, zone DMA32: 32 pages in unavailable ranges
[    0.031936] kasan: KernelAddressSanitizer initialized
[    0.032486] ACPI: PM-Timer IO Port: 0x608
[    0.032761] ACPI: LAPIC_NMI (acpi_id[0xff] dfl dfl lint[0x1])
[    0.033161] IOAPIC[0]: apic_id 0, version 17, address 0xfec00000, GSI 0-23
[    0.033615] ACPI: INT_SRC_OVR (bus 0 bus_irq 0 global_irq 2 dfl dfl)
[    0.034034] ACPI: INT_SRC_OVR (bus 0 bus_irq 5 global_irq 5 high level)
[    0.034469] ACPI: INT_SRC_OVR (bus 0 bus_irq 9 global_irq 9 high level)
[    0.034905] ACPI: INT_SRC_OVR (bus 0 bus_irq 10 global_irq 10 high level)
[    0.035354] ACPI: INT_SRC_OVR (bus 0 bus_irq 11 global_irq 11 high level)
[    0.035803] ACPI: Using ACPI (MADT) for SMP configuration information
[    0.036227] ACPI: HPET id: 0x8086a201 base: 0xfed00000
[    0.036581] TSC deadline timer available
[    0.036842] CPU topo: Max. logical packages:   1
[    0.037146] CPU topo: Max. logical dies:       1
[    0.037450] CPU topo: Max. dies per package:   1
[    0.037756] CPU topo: Max. threads per core:   1
[    0.038061] CPU topo: Num. cores per package:    32
[    0.038381] CPU topo: Num. threads per package:  32
[    0.038702] CPU topo: Allowing 32 present CPUs plus 0 hotplug CPUs
[    0.039123] kvm-guest: APIC: eoi() replaced with kvm_guest_apic_eoi_write()
[    0.039594] kvm-guest: KVM setup pv remote TLB flush
[    0.039922] kvm-guest: setup PV sched yield
[    0.040203] PM: hibernation: Registered nosave memory: [mem 0x00000000-0x00000fff]
[    0.040705] PM: hibernation: Registered nosave memory: [mem 0x0009f000-0x0009ffff]
[    0.041204] PM: hibernation: Registered nosave memory: [mem 0x000a0000-0x000effff]
[    0.041702] PM: hibernation: Registered nosave memory: [mem 0x000f0000-0x000fffff]
[    0.042201] [mem 0x40000000-0xfeffbfff] available for PCI devices
[    0.042603] Booting paravirtualized kernel on KVM
[    0.042914] clocksource: refined-jiffies: mask: 0xffffffff max_cycles: 0xffffffff, max_idle_ns: 1910969940391419 ns
[    0.051523] setup_percpu: NR_CPUS:64 nr_cpumask_bits:32 nr_cpu_ids:32 nr_node_ids:1
[    0.053273] percpu: Embedded 70 pages/cpu s248792 r8192 d29736 u524288
[    0.053767] Kernel command line: virtme_hostname=virtme-ng nr_open=1048576 virtme_link_mods=/nipa-data/kernel/.virtme_mods/lib/modules/0.0.0 virtme_initmount0=nipa-data/kernel virtme_rw_overlay0=/etc virtme_rw_overlay1=/lib virtme_rw_overlay2=/home virtme_rw_overlay3=/opt virtme_rw_overlay4=/srv virtme_rw_overlay5=/usr virtme_rw_overlay6=/var console=hvc0 earlyprintk=serial,ttyS0,115200 virtme_console=ttyS0 psmouse.proto=exps TERM=xterm virtme_chdir=nipa-data/kernel virtme_root_user=1 rootfstype=9p rootflags=version=9p2000.L,trans=virtio,access=any raid=noautodetect ro init=/usr/lib/python3/dist-packages/virtme/guest/virtme-init
[    0.057669] Unknown kernel command line parameters "virtme_hostname=virtme-ng nr_open=1048576 virtme_link_mods=/nipa-data/kernel/.virtme_mods/lib/modules/0.0.0 virtme_initmount0=nipa-data/kernel virtme_rw_overlay0=/etc virtme_rw_overlay1=/lib virtme_rw_overlay2=/home virtme_rw_overlay3=/opt virtme_rw_overlay4=/srv virtme_rw_overlay5=/usr virtme_rw_overlay6=/var virtme_console=ttyS0 virtme_chdir=nipa-data/kernel virtme_root_user=1", will be passed to user space.
[    0.060633] random: crng init done
[    0.060882] Dentry cache hash table entries: 131072 (order: 8, 1048576 bytes, linear)
[    0.061424] Inode-cache hash table entries: 65536 (order: 7, 524288 bytes, linear)
[    0.062347] Fallback order for Node 0: 0 
[    0.062351] Built 1 zonelists, mobility grouping on.  Total pages: 262014
[    0.063085] Policy zone: DMA32
[    0.063296] mem auto-init: stack:all(zero), heap alloc:off, heap free:off
[    0.063758] stackdepot: allocating hash table via alloc_large_system_hash
[    0.064224] stackdepot hash table entries: 1048576 (order: 12, 16777216 bytes, linear)
[    0.072304] SLUB: HWalign=64, Order=0-3, MinObjects=0, CPUs=32, Nodes=1
Poking KASLR using RDRAND RDTSC...
[    0.073043] ftrace: allocating 48618 entries in 190 pages
[    0.081443] ftrace: allocated 190 pages with 6 groups
[    0.082625] Dynamic Preempt: voluntary
[    0.083314] rcu: Preemptible hierarchical RCU implementation.
[    0.083699] rcu: RCU event tracing is enabled.
[    0.084001] rcu: RCU restricting CPUs from NR_CPUS=64 to nr_cpu_ids=32.
[    0.084470] Trampoline variant of Tasks RCU enabled.
[    0.084809] Rude variant of Tasks RCU enabled.
[    0.085113] Tracing variant of Tasks RCU enabled.
[    0.085434] rcu: RCU calculated value of scheduler-enlistment delay is 100 jiffies.
[    0.085947] rcu: Adjusting geometry for rcu_fanout_leaf=16, nr_cpu_ids=32
[    0.086468] RCU Tasks: Setting shift to 5 and lim to 1 rcu_task_cb_adjust=1 rcu_task_cpu_ids=32.
[    0.087060] RCU Tasks Rude: Setting shift to 5 and lim to 1 rcu_task_cb_adjust=1 rcu_task_cpu_ids=32.
[    0.087680] RCU Tasks Trace: Setting shift to 5 and lim to 1 rcu_task_cb_adjust=1 rcu_task_cpu_ids=32.
[    0.096362] NR_IRQS: 4352, nr_irqs: 680, preallocated irqs: 16
[    0.097009] rcu: srcu_init: Setting srcu_struct sizes based on contention.
[    0.097683] Console: colour *CGA 80x25
[    0.097967] ACPI: Core revision 20240827
[    0.098382] clocksource: hpet: mask: 0xffffffff max_cycles: 0xffffffff, max_idle_ns: 19112604467 ns
[    0.099060] APIC: Switch to symmetric I/O mode setup
[    0.099403] kvm-guest: APIC: send_IPI_mask() replaced with kvm_send_ipi_mask()
[    0.099891] kvm-guest: APIC: send_IPI_mask_allbutself() replaced with kvm_send_ipi_mask_allbutself()
[    0.100564] kvm-guest: setup PV IPIs
[    0.101632] ..TIMER: vector=0x30 apic1=0 pin1=2 apic2=-1 pin2=-1
[    0.102392] clocksource: tsc-early: mask: 0xffffffffffffffff max_cycles: 0x40be4320a4d, max_idle_ns: 440795288133 ns
[    0.103687] Calibrating delay loop (skipped) preset value.. 8983.12 BogoMIPS (lpj=4491560)
[    0.104749] x86/cpu: User Mode Instruction Prevention (UMIP) activated
[    0.105743] Last level iTLB entries: 4KB 512, 2MB 255, 4MB 127
[    0.106686] Last level dTLB entries: 4KB 512, 2MB 255, 4MB 127, 1GB 0
[    0.107690] Spectre V1 : Mitigation: usercopy/swapgs barriers and __user pointer sanitization
[    0.108690] Spectre V2 : Mitigation: Enhanced / Automatic IBRS
[    0.109396] Spectre V2 : Spectre v2 / SpectreRSB mitigation: Filling RSB on context switch
[    0.109687] Spectre V2 : mitigation: Enabling conditional Indirect Branch Prediction Barrier
[    0.110688] Speculative Store Bypass: Mitigation: Speculative Store Bypass disabled via prctl
[    0.111686] Speculative Return Stack Overflow: IBPB-extending microcode not applied!
[    0.112686] Speculative Return Stack Overflow: WARNING: See https://kernel.org/doc/html/latest/admin-guide/hw-vuln/srso.html for mitigation options.
[    0.112687] Speculative Return Stack Overflow: Vulnerable: Safe RET, no microcode
[    0.114701] x86/fpu: Supporting XSAVE feature 0x001: 'x87 floating point registers'
[    0.115686] x86/fpu: Supporting XSAVE feature 0x002: 'SSE registers'
[    0.116686] x86/fpu: Supporting XSAVE feature 0x004: 'AVX registers'
[    0.117438] x86/fpu: Supporting XSAVE feature 0x020: 'AVX-512 opmask'
[    0.117686] x86/fpu: Supporting XSAVE feature 0x040: 'AVX-512 Hi256'
[    0.118686] x86/fpu: Supporting XSAVE feature 0x080: 'AVX-512 ZMM_Hi256'
[    0.119686] x86/fpu: Supporting XSAVE feature 0x200: 'Protection Keys User registers'
[    0.120686] x86/fpu: xstate_offset[2]:  576, xstate_sizes[2]:  256
[    0.121419] x86/fpu: xstate_offset[5]:  832, xstate_sizes[5]:   64
[    0.121686] x86/fpu: xstate_offset[6]:  896, xstate_sizes[6]:  512
[    0.122686] x86/fpu: xstate_offset[7]: 1408, xstate_sizes[7]: 1024
[    0.123686] x86/fpu: xstate_offset[9]: 2432, xstate_sizes[9]:    8
[    0.124422] x86/fpu: Enabled xstate features 0x2e7, context size is 2440 bytes, using 'compacted' format.
[    0.145326] Freeing SMP alternatives memory: 40K
[    0.145687] pid_max: default: 32768 minimum: 301
[    0.146350] Mount-cache hash table entries: 2048 (order: 2, 16384 bytes, linear)
[    0.146687] Mountpoint-cache hash table entries: 2048 (order: 2, 16384 bytes, linear)
[    0.149009] smpboot: CPU0: AMD Ryzen 9 7950X 16-Core Processor (family: 0x19, model: 0x61, stepping: 0x2)
[    0.150142] Performance Events: Fam17h+ core perfctr, AMD PMU driver.
[    0.150690] ... version:                0
[    0.151165] ... bit width:              48
[    0.151650] ... generic registers:      6
[    0.151687] ... value mask:             0000ffffffffffff
[    0.152317] ... max period:             00007fffffffffff
[    0.152687] ... fixed-purpose events:   0
[    0.153162] ... event mask:             000000000000003f
[    0.153797] signal: max sigframe size: 3376
[    0.154336] rcu: Hierarchical SRCU implementation.
[    0.154688] rcu: Max phase no-delay instances is 400.
[    0.155368] Timer migration: 2 hierarchy levels; 8 children per group; 2 crossnode level
[    0.159338] smp: Bringing up secondary CPUs ...
[    0.159988] smpboot: x86: Booting SMP configuration:
[    0.160582] .... node  #0, CPUs:        #1  #2  #3  #4  #5  #6  #7  #8  #9 #10 #11 #12 #13 #14 #15 #16 #17 #18 #19 #20 #21 #22 #23 #24 #25 #26 #27 #28 #29 #30 #31
[    0.184782] smp: Brought up 1 node, 32 CPUs
[    0.186184] smpboot: Total of 32 processors activated (287459.84 BogoMIPS)
[    0.189817] Memory: 763408K/1048056K available (45056K kernel code, 11399K rwdata, 10016K rodata, 6008K init, 1768K bss, 269020K reserved, 0K cma-reserved)
[    0.190801] devtmpfs: initialized
[    0.191256] x86/mm: Memory block size: 128MB
[    0.197409] clocksource: jiffies: mask: 0xffffffff max_cycles: 0xffffffff, max_idle_ns: 1911260446275000 ns
[    0.197692] futex hash table entries: 8192 (order: 7, 524288 bytes, linear)
[    0.198826] PM: RTC time: 15:26:35, date: 2024-10-25
[    0.200051] NET: Registered PF_NETLINK/PF_ROUTE protocol family
[    0.201518] thermal_sys: Registered thermal governor 'step_wise'
[    0.201521] thermal_sys: Registered thermal governor 'user_space'
[    0.201714] cpuidle: using governor menu
[    0.203955] PCI: Using configuration type 1 for base access
[    0.204635] PCI: Using configuration type 1 for extended access
[    0.204812] kprobes: kprobe jump-optimization is enabled. All kprobes are optimized if possible.
[    0.219876] HugeTLB: registered 1.00 GiB page size, pre-allocated 0 pages
[    0.220688] HugeTLB: 16380 KiB vmemmap can be freed for a 1.00 GiB page
[    0.221509] HugeTLB: registered 2.00 MiB page size, pre-allocated 0 pages
[    0.221687] HugeTLB: 28 KiB vmemmap can be freed for a 2.00 MiB page
[    0.223996] ACPI: Added _OSI(Module Device)
[    0.224515] ACPI: Added _OSI(Processor Device)
[    0.224688] ACPI: Added _OSI(3.0 _SCP Extensions)
[    0.225267] ACPI: Added _OSI(Processor Aggregator Device)
[    0.247523] ACPI: 1 ACPI AML tables successfully acquired and loaded
[    0.252428] ACPI: Interpreter enabled
[    0.252743] ACPI: PM: (supports S0 S3 S4 S5)
[    0.253270] ACPI: Using IOAPIC for interrupt routing
[    0.253734] PCI: Using host bridge windows from ACPI; if necessary, use "pci=nocrs" and report a bug
[    0.255688] PCI: Using E820 reservations for host bridge windows
[    0.257418] ACPI: Enabled 2 GPEs in block 00 to 0F
[    0.301885] ACPI: PCI Root Bridge [PCI0] (domain 0000 [bus 00-ff])
[    0.302659] acpi PNP0A03:00: _OSC: OS supports [ExtendedConfig ASPM ClockPM Segments MSI HPX-Type3]
[    0.304150] PCI host bridge to bus 0000:00
[    0.304707] pci_bus 0000:00: root bus resource [io  0x0000-0x0cf7 window]
[    0.305548] pci_bus 0000:00: root bus resource [io  0x0d00-0xffff window]
[    0.306690] pci_bus 0000:00: root bus resource [mem 0x000a0000-0x000bffff window]
[    0.307605] pci_bus 0000:00: root bus resource [mem 0x40000000-0xfebfffff window]
[    0.307690] pci_bus 0000:00: root bus resource [mem 0x100000000-0x17fffffff window]
[    0.308629] pci_bus 0000:00: root bus resource [bus 00-ff]
[    0.309781] pci 0000:00:00.0: [8086:1237] type 00 class 0x060000 conventional PCI endpoint
[    0.311499] pci 0000:00:01.0: [8086:7000] type 00 class 0x060100 conventional PCI endpoint
[    0.313548] pci 0000:00:01.1: [8086:7010] type 00 class 0x010180 conventional PCI endpoint
[    0.316183] pci 0000:00:01.1: BAR 4 [io  0xc0c0-0xc0cf]
[    0.317360] pci 0000:00:01.1: BAR 0 [io  0x01f0-0x01f7]: legacy IDE quirk
[    0.318688] pci 0000:00:01.1: BAR 1 [io  0x03f6]: legacy IDE quirk
[    0.319438] pci 0000:00:01.1: BAR 2 [io  0x0170-0x0177]: legacy IDE quirk
[    0.319688] pci 0000:00:01.1: BAR 3 [io  0x0376]: legacy IDE quirk
[    0.321087] pci 0000:00:01.3: [8086:7113] type 00 class 0x068000 conventional PCI endpoint
[    0.322938] pci 0000:00:01.3: quirk: [io  0x0600-0x063f] claimed by PIIX4 ACPI
[    0.323692] pci 0000:00:01.3: quirk: [io  0x0700-0x070f] claimed by PIIX4 SMB
[    0.325268] pci 0000:00:02.0: [1af4:1009] type 00 class 0x000200 conventional PCI endpoint
[    0.326049] pci 0000:00:02.0: BAR 0 [io  0xc000-0xc03f]
[    0.327026] pci 0000:00:02.0: BAR 1 [mem 0xfebfc000-0xfebfcfff]
[    0.330688] pci 0000:00:02.0: BAR 4 [mem 0xfebf0000-0xfebf3fff 64bit pref]
[    0.342855] pci 0000:00:03.0: [1af4:1009] type 00 class 0x000200 conventional PCI endpoint
[    0.344007] pci 0000:00:03.0: BAR 0 [io  0xc040-0xc07f]
[    0.345820] pci 0000:00:03.0: BAR 1 [mem 0xfebfd000-0xfebfdfff]
[    0.347310] pci 0000:00:03.0: BAR 4 [mem 0xfebf4000-0xfebf7fff 64bit pref]
[    0.358639] pci 0000:00:04.0: [8086:25ab] type 00 class 0x088000 conventional PCI endpoint
[    0.359829] pci 0000:00:04.0: BAR 0 [mem 0xfebfe000-0xfebfe00f]
[    0.371607] pci 0000:00:05.0: [1af4:1003] type 00 class 0x078000 conventional PCI endpoint
[    0.372971] pci 0000:00:05.0: BAR 0 [io  0xc080-0xc0bf]
[    0.373794] pci 0000:00:05.0: BAR 1 [mem 0xfebff000-0xfebfffff]
[    0.375154] pci 0000:00:05.0: BAR 4 [mem 0xfebf8000-0xfebfbfff 64bit pref]
[    0.389736] ACPI: PCI: Interrupt link LNKA configured for IRQ 10
[    0.391354] ACPI: PCI: Interrupt link LNKB configured for IRQ 10
[    0.392551] ACPI: PCI: Interrupt link LNKC configured for IRQ 11
[    0.394548] ACPI: PCI: Interrupt link LNKD configured for IRQ 11
[    0.395047] ACPI: PCI: Interrupt link LNKS configured for IRQ 9
[    0.412792] iommu: Default domain type: Translated
[    0.413384] iommu: DMA domain TLB invalidation policy: lazy mode
[    0.415115] SCSI subsystem initialized
[    0.415888] pps_core: LinuxPPS API ver. 1 registered
[    0.416493] pps_core: Software ver. 5.3.6 - Copyright 2005-2007 Rodolfo Giometti <giometti@linux.it>
[    0.417701] PTP clock support registered
[    0.418347] Advanced Linux Sound Architecture Driver Initialized.
[    0.419698] NET: Registered PF_ATMPVC protocol family
[    0.420320] NET: Registered PF_ATMSVC protocol family
[    0.421723] PCI: Using ACPI for IRQ routing
[    0.422357] vgaarb: loaded
[    0.422798] hpet0: at MMIO 0xfed00000, IRQs 2, 8, 0
[    0.423397] hpet0: 3 comparators, 64-bit 100.000000 MHz counter
[    0.430885] clocksource: Switched to clocksource kvm-clock
[    0.431860] VFS: Disk quotas dquot_6.6.0
[    0.432361] VFS: Dquot-cache hash table entries: 512 (order 0, 4096 bytes)
[    0.433852] pnp: PnP ACPI init
[    0.436473] pnp: PnP ACPI: found 5 devices
[    0.448343] clocksource: acpi_pm: mask: 0xffffff max_cycles: 0xffffff, max_idle_ns: 2085701024 ns
[    0.449480] NET: Registered PF_INET protocol family
[    0.450105] IP idents hash table entries: 16384 (order: 5, 131072 bytes, linear)
[    0.451366] tcp_listen_portaddr_hash hash table entries: 512 (order: 1, 8192 bytes, linear)
[    0.452407] Table-perturb hash table entries: 65536 (order: 6, 262144 bytes, linear)
[    0.453364] TCP established hash table entries: 8192 (order: 4, 65536 bytes, linear)
[    0.454307] TCP bind hash table entries: 8192 (order: 6, 262144 bytes, linear)
[    0.455279] TCP: Hash tables configured (established 8192 bind 8192)
[    0.456193] UDP hash table entries: 512 (order: 2, 16384 bytes, linear)
[    0.457029] UDP-Lite hash table entries: 512 (order: 2, 16384 bytes, linear)
[    0.458083] NET: Registered PF_UNIX/PF_LOCAL protocol family
[    0.458785] pci_bus 0000:00: resource 4 [io  0x0000-0x0cf7 window]
[    0.459530] pci_bus 0000:00: resource 5 [io  0x0d00-0xffff window]
[    0.460272] pci_bus 0000:00: resource 6 [mem 0x000a0000-0x000bffff window]
[    0.461095] pci_bus 0000:00: resource 7 [mem 0x40000000-0xfebfffff window]
[    0.461921] pci_bus 0000:00: resource 8 [mem 0x100000000-0x17fffffff window]
[    0.462951] pci 0000:00:01.0: PIIX3: Enabling Passive Release
[    0.463646] pci 0000:00:00.0: Limiting direct PCI/PCI transfers
[    0.464396] PCI: CLS 0 bytes, default 64
[    0.464937] kvm_intel: VMX not supported by CPU 29
[    0.465670] kvm_amd: TSC scaling supported
[    0.466164] kvm_amd: Nested Virtualization enabled
[    0.466752] kvm_amd: Nested Paging enabled
[    0.467249] kvm_amd: LBR virtualization supported
[    0.467825] kvm_amd: Virtual VMLOAD VMSAVE supported
[    0.468438] kvm_amd: Virtual GIF supported
[    0.468932] kvm_amd: Virtual NMI enabled
[    0.499430] clocksource: tsc: mask: 0xffffffffffffffff max_cycles: 0x40be4320a4d, max_idle_ns: 440795288133 ns
[    0.518360] Initialise system trusted keyrings
[    0.519298] workingset: timestamp_bits=56 max_order=18 bucket_order=0
[    0.520181] squashfs: version 4.0 (2009/01/31) Phillip Lougher
[    0.520916] fuse: init (API version 7.41)
[    0.521538] 9p: Installing v9fs 9p2000 file system support
[    0.531125] Key type asymmetric registered
[    0.531635] Asymmetric key parser 'x509' registered
[    0.532288] Block layer SCSI generic (bsg) driver version 0.4 loaded (major 249)
[    0.533227] io scheduler mq-deadline registered
[    0.533777] io scheduler kyber registered
[    0.536374] input: Power Button as /devices/LNXSYSTM:00/LNXPWRBN:00/input/input0
[    0.537497] ACPI: button: Power Button [PWRF]
[    0.539349] Warning: Processor Platform Limit event detected, but not handled.
[    0.540238] Consider compiling CPUfreq support into your kernel.
[    1.328146] ACPI: \_SB_.LNKB: Enabled at IRQ 10
[    2.110795] ACPI: \_SB_.LNKC: Enabled at IRQ 11
[    2.892864] ACPI: \_SB_.LNKA: Enabled at IRQ 10
[    2.894176] Serial: 8250/16550 driver, 4 ports, IRQ sharing enabled
[    2.895262] 00:03: ttyS0 at I/O 0x3f8 (irq = 4, base_baud = 115200) is a 16550A
[    2.918741] Non-volatile memory driver v1.3
[    2.919279] Linux agpgart interface v0.103
[    2.920029] ACPI: bus type drm_connector registered
[    2.920664] printk: legacy console [hvc0] enabled
[    2.921280] printk: legacy bootconsole [earlyser0] disabled
          _      _                                    
   __   _(_)_ __| |_ _ __ ___   ___       _ __   __ _ 
   \ \ / / |  __| __|  _   _ \ / _ \_____|  _ \ / _  |
    \ V /| | |  | |_| | | | | |  __/_____| | | | (_| |
     \_/ |_|_|   \__|_| |_| |_|\___|     |_| |_|\__  |
                                                |___/ 
   kernel version: 6.12.0-rc4-virtme x86_64
   (CTRL+d to exit)

root@virtme-ng:/nipa-data/kernel# PS1='xx__-> '
xx__-> env
PWD=/nipa-data/kernel
nr_open=1048576
HOME=/
TERM=xterm
SHLVL=2
XDG_RUNTIME_DIR=/run/user/0
PATH=/bin:/sbin:/usr/bin:/usr/sbin:/usr/local/bin
OLDPWD=/
_=/bin/env
xx__-> 