No EFI environment detected.
early console in extract_kernel
input_data: 0x00000000029b22c4
input_len: 0x0000000000bd0991
output: 0x0000000001000000
output_len: 0x000000000253cc1c
kernel_total_size: 0x0000000002430000
needed_size: 0x0000000002600000
trampoline_32bit: 0x0000000000000000
Physical KASLR using RDRAND RDTSC...
Virtual KASLR using RDRAND RDTSC...

Decompressing Linux... Parsing ELF... Performing relocations... done.
Booting the kernel (entry_offset: 0x0000000000fc9538).
[    0.000000] Linux version 6.16.0-rc1-virtme (root@f51d2d3a1edb) (gcc (Ubuntu 13.3.0-6ubuntu2~24.04) 13.3.0, GNU ld (GNU Binutils for Ubuntu) 2.42) #1 SMP PREEMPT_DYNAMIC Sun Jun 15 00:05:46 UTC 2025
[    0.000000] Command line: virtme_hostname=virtme-ng nr_open=1048576 virtme_link_mods=/nipa-data/kernel/.virtme_mods/lib/modules/0.0.0 virtme_initmount0=nipa-data/kernel virtme_rw_overlay0=/etc virtme_rw_overlay1=/lib virtme_rw_overlay2=/home virtme_rw_overlay3=/opt virtme_rw_overlay4=/srv virtme_rw_overlay5=/usr virtme_rw_overlay6=/var console=hvc0 earlyprintk=serial,ttyS0,115200 virtme_console=ttyS0 psmouse.proto=exps TERM=xterm virtme_chdir=nipa-data/kernel virtme_root_user=1 rootfstype=9p rootflags=version=9p2000.L,trans=virtio,access=any raid=noautodetect ro init=/usr/lib/python3/dist-packages/virtme/guest/virtme-init
[    0.000000] BIOS-provided physical RAM map:
[    0.000000] BIOS-e820: [mem 0x0000000000000000-0x000000000009fbff] usable
[    0.000000] BIOS-e820: [mem 0x000000000009fc00-0x000000000009ffff] reserved
[    0.000000] BIOS-e820: [mem 0x00000000000f0000-0x00000000000fffff] reserved
[    0.000000] BIOS-e820: [mem 0x0000000000100000-0x000000003ffdffff] usable
[    0.000000] BIOS-e820: [mem 0x000000003ffe0000-0x000000003fffffff] reserved
[    0.000000] BIOS-e820: [mem 0x00000000feffc000-0x00000000feffffff] reserved
[    0.000000] BIOS-e820: [mem 0x00000000fffc0000-0x00000000ffffffff] reserved
[    0.000000] BIOS-e820: [mem 0x000000fd00000000-0x000000ffffffffff] reserved
[    0.000000] printk: legacy bootconsole [earlyser0] enabled
[    0.000000] NX (Execute Disable) protection: active
[    0.000000] APIC: Static calls initialized
[    0.000000] SMBIOS 3.0.0 present.
[    0.000000] DMI: QEMU Ubuntu 24.04 PC (i440FX + PIIX, 1996), BIOS 1.16.3-debian-1.16.3-2 04/01/2014
[    0.000000] DMI: Memory slots populated: 1/1
[    0.000000] Hypervisor detected: KVM
[    0.000000] kvm-clock: Using msrs 4b564d01 and 4b564d00
[    0.000000] kvm-clock: using sched offset of 203233254 cycles
[    0.000357] clocksource: kvm-clock: mask: 0xffffffffffffffff max_cycles: 0x1cd42e4dffb, max_idle_ns: 881590591483 ns
[    0.001467] tsc: Detected 4491.564 MHz processor
[    0.002028] last_pfn = 0x3ffe0 max_arch_pfn = 0x400000000
[    0.002418] MTRR map: 4 entries (3 fixed + 1 variable; max 19), built from 8 variable MTRRs
[    0.002989] x86/PAT: Configuration [0-7]: WB  WC  UC- UC  WB  WP  UC- WT  
Memory KASLR using RDRAND RDTSC...
[    0.004912] found SMP MP-table at [mem 0x000f5470-0x000f547f]
[    0.005308] Using GB pages for direct mapping
[    0.005663] ACPI: Early table checksum verification disabled
[    0.006051] ACPI: RSDP 0x00000000000F5290 000014 (v00 BOCHS )
[    0.006446] ACPI: RSDT 0x000000003FFE27BC 000034 (v01 BOCHS  BXPC     00000001 BXPC 00000001)
[    0.007031] ACPI: FACP 0x000000003FFE2578 000074 (v01 BOCHS  BXPC     00000001 BXPC 00000001)
[    0.007618] ACPI: DSDT 0x000000003FFE0040 002538 (v01 BOCHS  BXPC     00000001 BXPC 00000001)
[    0.008202] ACPI: FACS 0x000000003FFE0000 000040
[    0.008519] ACPI: APIC 0x000000003FFE25EC 000170 (v03 BOCHS  BXPC     00000001 BXPC 00000001)
[    0.009102] ACPI: HPET 0x000000003FFE275C 000038 (v01 BOCHS  BXPC     00000001 BXPC 00000001)
[    0.009685] ACPI: WAET 0x000000003FFE2794 000028 (v01 BOCHS  BXPC     00000001 BXPC 00000001)
[    0.010268] ACPI: Reserving FACP table memory at [mem 0x3ffe2578-0x3ffe25eb]
[    0.010751] ACPI: Reserving DSDT table memory at [mem 0x3ffe0040-0x3ffe2577]
[    0.011233] ACPI: Reserving FACS table memory at [mem 0x3ffe0000-0x3ffe003f]
[    0.011718] ACPI: Reserving APIC table memory at [mem 0x3ffe25ec-0x3ffe275b]
[    0.012202] ACPI: Reserving HPET table memory at [mem 0x3ffe275c-0x3ffe2793]
[    0.012681] ACPI: Reserving WAET table memory at [mem 0x3ffe2794-0x3ffe27bb]
[    0.013294] No NUMA configuration found
[    0.013555] Faking a node at [mem 0x0000000000000000-0x000000003ffdffff]
[    0.014011] NODE_DATA(0) allocated [mem 0x3ffdb740-0x3ffdffff]
[    0.014418] Zone ranges:
[    0.014590]   DMA      [mem 0x0000000000001000-0x0000000000ffffff]
[    0.015011]   DMA32    [mem 0x0000000001000000-0x000000003ffdffff]
[    0.015434]   Normal   empty
[    0.015631]   Device   empty
[    0.015827] Movable zone start for each node
[    0.016117] Early memory node ranges
[    0.016360]   node   0: [mem 0x0000000000001000-0x000000000009efff]
[    0.016787]   node   0: [mem 0x0000000000100000-0x000000003ffdffff]
[    0.017214] Initmem setup node 0 [mem 0x0000000000001000-0x000000003ffdffff]
[    0.017696] On node 0, zone DMA: 1 pages in unavailable ranges
[    0.018101] On node 0, zone DMA: 97 pages in unavailable ranges
[    0.019450] On node 0, zone DMA32: 32 pages in unavailable ranges
[    0.020060] ACPI: PM-Timer IO Port: 0x608
[    0.020339] ACPI: LAPIC_NMI (acpi_id[0xff] dfl dfl lint[0x1])
[    0.020745] IOAPIC[0]: apic_id 0, version 17, address 0xfec00000, GSI 0-23
[    0.021217] ACPI: INT_SRC_OVR (bus 0 bus_irq 0 global_irq 2 dfl dfl)
[    0.021649] ACPI: INT_SRC_OVR (bus 0 bus_irq 5 global_irq 5 high level)
[    0.022099] ACPI: INT_SRC_OVR (bus 0 bus_irq 9 global_irq 9 high level)
[    0.022548] ACPI: INT_SRC_OVR (bus 0 bus_irq 10 global_irq 10 high level)
[    0.023009] ACPI: INT_SRC_OVR (bus 0 bus_irq 11 global_irq 11 high level)
[    0.023474] ACPI: Using ACPI (MADT) for SMP configuration information
[    0.023912] ACPI: HPET id: 0x8086a201 base: 0xfed00000
[    0.024262] TSC deadline timer available
[    0.024531] CPU topo: Max. logical packages:   1
[    0.024844] CPU topo: Max. logical dies:       1
[    0.025158] CPU topo: Max. dies per package:   1
[    0.025474] CPU topo: Max. threads per core:   1
[    0.025788] CPU topo: Num. cores per package:    32
[    0.026120] CPU topo: Num. threads per package:  32
[    0.026451] CPU topo: Allowing 32 present CPUs plus 0 hotplug CPUs
[    0.026878] kvm-guest: APIC: eoi() replaced with kvm_guest_apic_eoi_write()
[    0.027358] kvm-guest: KVM setup pv remote TLB flush
[    0.027697] kvm-guest: setup PV sched yield
[    0.027984] PM: hibernation: Registered nosave memory: [mem 0x00000000-0x00000fff]
[    0.028499] PM: hibernation: Registered nosave memory: [mem 0x0009f000-0x000fffff]
[    0.029014] [mem 0x40000000-0xfeffbfff] available for PCI devices
[    0.029429] Booting paravirtualized kernel on KVM
[    0.029748] clocksource: refined-jiffies: mask: 0xffffffff max_cycles: 0xffffffff, max_idle_ns: 1910969940391419 ns
[    0.033146] setup_percpu: NR_CPUS:64 nr_cpumask_bits:32 nr_cpu_ids:32 nr_node_ids:1
[    0.034234] percpu: Embedded 53 pages/cpu s179544 r8192 d29352 u262144
[    0.034710] Kernel command line: virtme_hostname=virtme-ng nr_open=1048576 virtme_link_mods=/nipa-data/kernel/.virtme_mods/lib/modules/0.0.0 virtme_initmount0=nipa-data/kernel virtme_rw_overlay0=/etc virtme_rw_overlay1=/lib virtme_rw_overlay2=/home virtme_rw_overlay3=/opt virtme_rw_overlay4=/srv virtme_rw_overlay5=/usr virtme_rw_overlay6=/var console=hvc0 earlyprintk=serial,ttyS0,115200 virtme_console=ttyS0 psmouse.proto=exps TERM=xterm virtme_chdir=nipa-data/kernel virtme_root_user=1 rootfstype=9p rootflags=version=9p2000.L,trans=virtio,access=any raid=noautodetect ro init=/usr/lib/python3/dist-packages/virtme/guest/virtme-init
[    0.038677] Unknown kernel command line parameters "virtme_hostname=virtme-ng nr_open=1048576 virtme_link_mods=/nipa-data/kernel/.virtme_mods/lib/modules/0.0.0 virtme_initmount0=nipa-data/kernel virtme_rw_overlay0=/etc virtme_rw_overlay1=/lib virtme_rw_overlay2=/home virtme_rw_overlay3=/opt virtme_rw_overlay4=/srv virtme_rw_overlay5=/usr virtme_rw_overlay6=/var virtme_console=ttyS0 virtme_chdir=nipa-data/kernel virtme_root_user=1", will be passed to user space.
[    0.041728] random: crng init done
[    0.041970] printk: log buffer data + meta data: 262144 + 917504 = 1179648 bytes
[    0.042514] Dentry cache hash table entries: 131072 (order: 8, 1048576 bytes, linear)
[    0.043086] Inode-cache hash table entries: 65536 (order: 7, 524288 bytes, linear)
[    0.043708] Fallback order for Node 0: 0 
[    0.043710] Built 1 zonelists, mobility grouping on.  Total pages: 262014
[    0.044469] Policy zone: DMA32
[    0.044682] mem auto-init: stack:all(zero), heap alloc:off, heap free:off
[    0.045724] SLUB: HWalign=64, Order=0-3, MinObjects=0, CPUs=32, Nodes=1
Poking KASLR using RDRAND RDTSC...
[    0.052823] ftrace: allocating 49061 entries in 192 pages
[    0.053201] ftrace: allocated 192 pages with 2 groups
[    0.054144] Dynamic Preempt: voluntary
[    0.054526] rcu: Preemptible hierarchical RCU implementation.
[    0.054926] rcu: RCU event tracing is enabled.
[    0.055240] rcu: RCU restricting CPUs from NR_CPUS=64 to nr_cpu_ids=32.
[    0.055707] Trampoline variant of Tasks RCU enabled.
[    0.056057] Rude variant of Tasks RCU enabled.
[    0.056370] Tracing variant of Tasks RCU enabled.
[    0.056702] rcu: RCU calculated value of scheduler-enlistment delay is 100 jiffies.
[    0.057238] rcu: Adjusting geometry for rcu_fanout_leaf=16, nr_cpu_ids=32
[    0.057715] RCU Tasks: Setting shift to 5 and lim to 1 rcu_task_cb_adjust=1 rcu_task_cpu_ids=32.
[    0.058328] RCU Tasks Rude: Setting shift to 5 and lim to 1 rcu_task_cb_adjust=1 rcu_task_cpu_ids=32.
[    0.058971] RCU Tasks Trace: Setting shift to 5 and lim to 1 rcu_task_cb_adjust=1 rcu_task_cpu_ids=32.
[    0.061265] NR_IRQS: 4352, nr_irqs: 680, preallocated irqs: 16
[    0.061835] rcu: srcu_init: Setting srcu_struct sizes based on contention.
[    0.062445] Console: colour *CGA 80x25
[    0.062713] ACPI: Core revision 20250404
[    0.063047] clocksource: hpet: mask: 0xffffffff max_cycles: 0xffffffff, max_idle_ns: 19112604467 ns
[    0.063736] APIC: Switch to symmetric I/O mode setup
[    0.064220] x2apic enabled
[    0.064573] APIC: Switched APIC routing to: physical x2apic
[    0.064966] kvm-guest: APIC: send_IPI_mask() replaced with kvm_send_ipi_mask()
[    0.065466] kvm-guest: APIC: send_IPI_mask_allbutself() replaced with kvm_send_ipi_mask_allbutself()
[    0.066086] kvm-guest: setup PV IPIs
[    0.067032] ..TIMER: vector=0x30 apic1=0 pin1=2 apic2=-1 pin2=-1
[    0.067789] clocksource: tsc-early: mask: 0xffffffffffffffff max_cycles: 0x40be463295d, max_idle_ns: 440795209293 ns
[    0.069083] Calibrating delay loop (skipped) preset value.. 8983.12 BogoMIPS (lpj=4491564)
[    0.070141] x86/cpu: User Mode Instruction Prevention (UMIP) activated
[    0.071127] Last level iTLB entries: 4KB 512, 2MB 255, 4MB 127
[    0.071834] Last level dTLB entries: 4KB 512, 2MB 255, 4MB 127, 1GB 0
[    0.072088] Speculative Store Bypass: Mitigation: Speculative Store Bypass disabled via prctl
[    0.073081] Speculative Return Stack Overflow: IBPB-extending microcode not applied!
[    0.074081] Speculative Return Stack Overflow: WARNING: See https://kernel.org/doc/html/latest/admin-guide/hw-vuln/srso.html for mitigation options.
[    0.074082] Spectre V2 : Mitigation: Enhanced / Automatic IBRS
[    0.076081] Speculative Return Stack Overflow: Vulnerable: Safe RET, no microcode
[    0.077081] Spectre V1 : Mitigation: usercopy/swapgs barriers and __user pointer sanitization
[    0.078084] Spectre V2 : mitigation: Enabling conditional Indirect Branch Prediction Barrier
[    0.079096] x86/fpu: Supporting XSAVE feature 0x001: 'x87 floating point registers'
[    0.080081] x86/fpu: Supporting XSAVE feature 0x002: 'SSE registers'
[    0.080834] x86/fpu: Supporting XSAVE feature 0x004: 'AVX registers'
[    0.081081] x86/fpu: Supporting XSAVE feature 0x020: 'AVX-512 opmask'
[    0.082081] x86/fpu: Supporting XSAVE feature 0x040: 'AVX-512 Hi256'
[    0.083081] x86/fpu: Supporting XSAVE feature 0x080: 'AVX-512 ZMM_Hi256'
[    0.083876] x86/fpu: Supporting XSAVE feature 0x200: 'Protection Keys User registers'
[    0.084081] x86/fpu: xstate_offset[2]:  576, xstate_sizes[2]:  256
[    0.085081] x86/fpu: xstate_offset[5]:  832, xstate_sizes[5]:   64
[    0.086081] x86/fpu: xstate_offset[6]:  896, xstate_sizes[6]:  512
[    0.087081] x86/fpu: xstate_offset[7]: 1408, xstate_sizes[7]: 1024
[    0.087820] x86/fpu: xstate_offset[9]: 2432, xstate_sizes[9]:    8
[    0.088081] x86/fpu: Enabled xstate features 0x2e7, context size is 2440 bytes, using 'compacted' format.
[    0.104218] Freeing SMP alternatives memory: 44K
[    0.104781] pid_max: default: 32768 minimum: 301
[    0.105100] Mount-cache hash table entries: 2048 (order: 2, 16384 bytes, linear)
[    0.106082] Mountpoint-cache hash table entries: 2048 (order: 2, 16384 bytes, linear)
[    0.107222] smpboot: CPU0: AMD Ryzen 9 7950X 16-Core Processor (family: 0x19, model: 0x61, stepping: 0x2)
[    0.108177] Performance Events: Fam17h+ core perfctr, AMD PMU driver.
[    0.108964] ... version:                0
[    0.109083] ... bit width:              48
[    0.109569] ... generic registers:      6
[    0.110049] ... value mask:             0000ffffffffffff
[    0.110083] ... max period:             00007fffffffffff
[    0.110712] ... fixed-purpose events:   0
[    0.111083] ... event mask:             000000000000003f
[    0.111801] signal: max sigframe size: 3376
[    0.112096] rcu: Hierarchical SRCU implementation.
[    0.112665] rcu: Max phase no-delay instances is 400.
[    0.113105] Timer migration: 2 hierarchy levels; 8 children per group; 2 crossnode level
[    0.116134] smp: Bringing up secondary CPUs ...
[    0.116740] smpboot: x86: Booting SMP configuration:
[    0.117084] .... node  #0, CPUs:        #1  #2  #3  #4  #5  #6  #7  #8  #9 #10 #11 #12 #13 #14 #15 #16 #17 #18 #19 #20 #21 #22 #23 #24 #25 #26 #27 #28 #29 #30 #31
[    0.133121] smp: Brought up 1 node, 32 CPUs
[    0.134595] smpboot: Total of 32 processors activated (287460.09 BogoMIPS)
[    0.137188] Memory: 970996K/1048056K available (16166K kernel code, 2483K rwdata, 6500K rodata, 3208K init, 1640K bss, 62548K reserved, 0K cma-reserved)
[    0.138189] devtmpfs: initialized
[    0.138519] x86/mm: Memory block size: 128MB
[    0.139773] clocksource: jiffies: mask: 0xffffffff max_cycles: 0xffffffff, max_idle_ns: 1911260446275000 ns
[    0.140084] posixtimers hash table entries: 16384 (order: 6, 262144 bytes, linear)
[    0.141012] futex hash table entries: 8192 (524288 bytes on 1 NUMA nodes, total 512 KiB, linear).
[    0.141155] PM: RTC time: 00:06:02, date: 2025-06-15
[    0.142073] NET: Registered PF_NETLINK/PF_ROUTE protocol family
[    0.142214] thermal_sys: Registered thermal governor 'step_wise'
[    0.142223] cpuidle: using governor menu
[    0.143350] PCI: Using configuration type 1 for base access
[    0.144083] PCI: Using configuration type 1 for extended access
[    0.144878] kprobes: kprobe jump-optimization is enabled. All kprobes are optimized if possible.
[    0.159642] HugeTLB: allocation took 0ms with hugepage_allocation_threads=8
[    0.160115] HugeTLB: registered 1.00 GiB page size, pre-allocated 0 pages
[    0.160940] HugeTLB: 16380 KiB vmemmap can be freed for a 1.00 GiB page
[    0.161083] HugeTLB: registered 2.00 MiB page size, pre-allocated 0 pages
[    0.161905] HugeTLB: 28 KiB vmemmap can be freed for a 2.00 MiB page
[    0.162934] ACPI: Added _OSI(Module Device)
[    0.163083] ACPI: Added _OSI(Processor Device)
[    0.163622] ACPI: Added _OSI(Processor Aggregator Device)
[    0.164723] ACPI: 1 ACPI AML tables successfully acquired and loaded
[    0.165445] ACPI: Interpreter enabled
[    0.166091] ACPI: PM: (supports S0 S3 S4 S5)
[    0.166615] ACPI: Using IOAPIC for interrupt routing
[    0.167090] PCI: Using host bridge windows from ACPI; if necessary, use "pci=nocrs" and report a bug
[    0.168083] PCI: Using E820 reservations for host bridge windows
[    0.168892] ACPI: Enabled 2 GPEs in block 00 to 0F
[    0.171643] ACPI: PCI Root Bridge [PCI0] (domain 0000 [bus 00-ff])
[    0.172085] acpi PNP0A03:00: _OSC: OS supports [ExtendedConfig ASPM ClockPM Segments MSI HPX-Type3]
[    0.173175] PCI host bridge to bus 0000:00
[    0.173674] pci_bus 0000:00: root bus resource [io  0x0000-0x0cf7 window]
[    0.174083] pci_bus 0000:00: root bus resource [io  0x0d00-0xffff window]
[    0.174909] pci_bus 0000:00: root bus resource [mem 0x000a0000-0x000bffff window]
[    0.175083] pci_bus 0000:00: root bus resource [mem 0x40000000-0xfebfffff window]
[    0.175990] pci_bus 0000:00: root bus resource [mem 0x100000000-0x17fffffff window]
[    0.176083] pci_bus 0000:00: root bus resource [bus 00-ff]
[    0.176835] pci 0000:00:00.0: [8086:1237] type 00 class 0x060000 conventional PCI endpoint
[    0.177342] pci 0000:00:01.0: [8086:7000] type 00 class 0x060100 conventional PCI endpoint
[    0.178352] pci 0000:00:01.1: [8086:7010] type 00 class 0x010180 conventional PCI endpoint
[    0.179497] pci 0000:00:01.1: BAR 4 [io  0xc0c0-0xc0cf]
[    0.180101] pci 0000:00:01.1: BAR 0 [io  0x01f0-0x01f7]: legacy IDE quirk
[    0.180930] pci 0000:00:01.1: BAR 1 [io  0x03f6]: legacy IDE quirk
[    0.181083] pci 0000:00:01.1: BAR 2 [io  0x0170-0x0177]: legacy IDE quirk
[    0.181911] pci 0000:00:01.1: BAR 3 [io  0x0376]: legacy IDE quirk
[    0.182170] pci 0000:00:01.3: [8086:7113] type 00 class 0x068000 conventional PCI endpoint
[    0.183272] pci 0000:00:01.3: quirk: [io  0x0600-0x063f] claimed by PIIX4 ACPI
[    0.184087] pci 0000:00:01.3: quirk: [io  0x0700-0x070f] claimed by PIIX4 SMB
[    0.185117] pci 0000:00:02.0: [1af4:1009] type 00 class 0x000200 conventional PCI endpoint
[    0.186917] pci 0000:00:02.0: BAR 0 [io  0xc000-0xc03f]
[    0.187087] pci 0000:00:02.0: BAR 1 [mem 0xfebfc000-0xfebfcfff]
[    0.187819] pci 0000:00:02.0: BAR 4 [mem 0xfebf0000-0xfebf3fff 64bit pref]
[    0.188774] pci 0000:00:03.0: [1af4:1009] type 00 class 0x000200 conventional PCI endpoint
[    0.189550] pci 0000:00:03.0: BAR 0 [io  0xc040-0xc07f]
[    0.190087] pci 0000:00:03.0: BAR 1 [mem 0xfebfd000-0xfebfdfff]
[    0.190826] pci 0000:00:03.0: BAR 4 [mem 0xfebf4000-0xfebf7fff 64bit pref]
[    0.191590] pci 0000:00:04.0: [8086:25ab] type 00 class 0x088000 conventional PCI endpoint
[    0.192343] pci 0000:00:04.0: BAR 0 [mem 0xfebfe000-0xfebfe00f]
[    0.193463] pci 0000:00:05.0: [1af4:1003] type 00 class 0x078000 conventional PCI endpoint
[    0.194881] pci 0000:00:05.0: BAR 0 [io  0xc080-0xc0bf]
[    0.195087] pci 0000:00:05.0: BAR 1 [mem 0xfebff000-0xfebfffff]
[    0.195820] pci 0000:00:05.0: BAR 4 [mem 0xfebf8000-0xfebfbfff 64bit pref]
[    0.196782] ACPI: PCI: Interrupt link LNKA configured for IRQ 10
[    0.197186] ACPI: PCI: Interrupt link LNKB configured for IRQ 10
[    0.198022] ACPI: PCI: Interrupt link LNKC configured for IRQ 11
[    0.198175] ACPI: PCI: Interrupt link LNKD configured for IRQ 11
[    0.198968] ACPI: PCI: Interrupt link LNKS configured for IRQ 9
[    0.199885] iommu: Default domain type: Translated
[    0.200083] iommu: DMA domain TLB invalidation policy: lazy mode
[    0.201171] SCSI subsystem initialized
[    0.201599] pps_core: LinuxPPS API ver. 1 registered
[    0.202083] pps_core: Software ver. 5.3.6 - Copyright 2005-2007 Rodolfo Giometti <giometti@linux.it>
[    0.203084] PTP clock support registered
[    0.203584] Advanced Linux Sound Architecture Driver Initialized.
[    0.204339] NET: Registered PF_ATMPVC protocol family
[    0.204961] NET: Registered PF_ATMSVC protocol family
[    0.205088] PCI: Using ACPI for IRQ routing
[    0.205676] vgaarb: loaded
[    0.205676] hpet0: at MMIO 0xfed00000, IRQs 2, 8, 0
[    0.206083] hpet0: 3 comparators, 64-bit 100.000000 MHz counter
[    0.209651] clocksource: Switched to clocksource kvm-clock
[    0.210427] VFS: Disk quotas dquot_6.6.0
[    0.210649] VFS: Dquot-cache hash table entries: 512 (order 0, 4096 bytes)
[    0.211836] pnp: PnP ACPI init
[    0.212383] pnp: PnP ACPI: found 5 devices
[    0.218864] clocksource: acpi_pm: mask: 0xffffff max_cycles: 0xffffff, max_idle_ns: 2085701024 ns
[    0.219963] NET: Registered PF_INET protocol family
[    0.220572] IP idents hash table entries: 16384 (order: 5, 131072 bytes, linear)
[    0.221611] tcp_listen_portaddr_hash hash table entries: 512 (order: 1, 8192 bytes, linear)
[    0.222636] Table-perturb hash table entries: 65536 (order: 6, 262144 bytes, linear)
[    0.223584] TCP established hash table entries: 8192 (order: 4, 65536 bytes, linear)
[    0.224537] TCP bind hash table entries: 8192 (order: 6, 262144 bytes, linear)
[    0.225426] TCP: Hash tables configured (established 8192 bind 8192)
[    0.226214] UDP hash table entries: 512 (order: 3, 32768 bytes, linear)
[    0.226998] UDP-Lite hash table entries: 512 (order: 3, 32768 bytes, linear)
[    0.227855] NET: Registered PF_UNIX/PF_LOCAL protocol family
[    0.228536] pci_bus 0000:00: resource 4 [io  0x0000-0x0cf7 window]
[    0.229271] pci_bus 0000:00: resource 5 [io  0x0d00-0xffff window]
[    0.230005] pci_bus 0000:00: resource 6 [mem 0x000a0000-0x000bffff window]
[    0.230822] pci_bus 0000:00: resource 7 [mem 0x40000000-0xfebfffff window]
[    0.231641] pci_bus 0000:00: resource 8 [mem 0x100000000-0x17fffffff window]
[    0.232503] pci 0000:00:01.0: PIIX3: Enabling Passive Release
[    0.233197] pci 0000:00:00.0: Limiting direct PCI/PCI transfers
[    0.233932] PCI: CLS 0 bytes, default 64
[    0.234444] kvm_intel: VMX not supported by CPU 0
[    0.235033] kvm_amd: TSC scaling supported
[    0.235519] kvm_amd: Nested Virtualization enabled
[    0.236095] kvm_amd: Nested Paging enabled
[    0.236579] kvm_amd: LBR virtualization supported
[    0.237149] kvm_amd: Virtual GIF supported
[    0.237634] kvm_amd: Virtual NMI enabled
[    0.307062] clocksource: tsc: mask: 0xffffffffffffffff max_cycles: 0x40be463295d, max_idle_ns: 440795209293 ns
[    0.312096] Initialise system trusted keyrings
[    0.312693] workingset: timestamp_bits=56 max_order=18 bucket_order=0
[    0.313518] squashfs: version 4.0 (2009/01/31) Phillip Lougher
[    0.314252] fuse: init (API version 7.44)
[    0.314781] 9p: Installing v9fs 9p2000 file system support
[    0.321955] Key type asymmetric registered
[    0.322459] Asymmetric key parser 'x509' registered
[    0.323071] Block layer SCSI generic (bsg) driver version 0.4 loaded (major 249)
[    0.323993] io scheduler mq-deadline registered
[    0.324547] io scheduler kyber registered
[    0.326074] input: Power Button as /devices/LNXSYSTM:00/LNXPWRBN:00/input/input0
[    0.327027] ACPI: button: Power Button [PWRF]
[    0.327930] Warning: Processor Platform Limit event detected, but not handled.
[    0.328816] Consider compiling CPUfreq support into your kernel.
[    0.345105] ACPI: \_SB_.LNKB: Enabled at IRQ 10
[    0.360453] ACPI: \_SB_.LNKC: Enabled at IRQ 11
[    0.375658] ACPI: \_SB_.LNKA: Enabled at IRQ 10
[    0.376696] Serial: 8250/16550 driver, 4 ports, IRQ sharing enabled
[    0.377552] 00:03: ttyS0 at I/O 0x3f8 (irq = 4, base_baud = 115200) is a 16550A
[    0.397569] Non-volatile memory driver v1.3
[    0.398117] Linux agpgart interface v0.103
[    0.398622] printk: legacy console [hvc0] enabled
[    0.398671] ACPI: bus type drm_connector registered
[    0.399212] printk: legacy bootconsole [earlyser0] disabled
          _      _                                    
   __   _(_)_ __| |_ _ __ ___   ___       _ __   __ _ 
   \ \ / / |  __| __|  _   _ \ / _ \_____|  _ \ / _  |
    \ V /| | |  | |_| | | | | |  __/_____| | | | (_| |
     \_/ |_|_|   \__|_| |_| |_|\___|     |_| |_|\__  |
                                                |___/ 
   kernel version: 6.16.0-rc1-virtme x86_64
   (CTRL+d to exit)

root@virtme-ng:/nipa-data/kernel# PS1='xx__-> '
xx__-> env
PWD=/nipa-data/kernel
nr_open=1048576
HOME=/
TERM=xterm
SHLVL=2
XDG_RUNTIME_DIR=/run/user/0
PATH=/bin:/sbin:/usr/bin:/usr/sbin:/usr/local/bin
OLDPWD=/
_=/bin/env
xx__-> 