No EFI environment detected.
early console in extract_kernel
input_data: 0x0000000002be52c4
input_len: 0x0000000000b6b02d
output: 0x0000000001000000
output_len: 0x0000000002708bb0
kernel_total_size: 0x0000000002430000
needed_size: 0x0000000002800000
trampoline_32bit: 0x000000000009d000
Physical KASLR using RDRAND RDTSC...
Virtual KASLR using RDRAND RDTSC...

Decompressing Linux... Parsing ELF... Performing relocations... done.
Booting the kernel (entry_offset: 0x0000000000000000).
[    0.000000] Linux version 6.11.0-virtme (root@fa1515c3e674) (gcc (Ubuntu 13.2.0-23ubuntu4) 13.2.0, GNU ld (GNU Binutils for Ubuntu) 2.42) #1 SMP PREEMPT_DYNAMIC Tue Oct  1 12:12:39 UTC 2024
[    0.000000] Command line: virtme_hostname=virtme-ng nr_open=1048576 virtme_link_mods=/nipa-data/kernel/.virtme_mods/lib/modules/0.0.0 virtme_initmount0=nipa-data/kernel virtme_rw_overlay0=/etc virtme_rw_overlay1=/lib virtme_rw_overlay2=/home virtme_rw_overlay3=/opt virtme_rw_overlay4=/srv virtme_rw_overlay5=/usr virtme_rw_overlay6=/var console=hvc0 earlyprintk=serial,ttyS0,115200 virtme_console=ttyS0 psmouse.proto=exps TERM=xterm virtme_chdir=nipa-data/kernel virtme_root_user=1 rootfstype=9p rootflags=version=9p2000.L,trans=virtio,access=any raid=noautodetect ro init=/usr/lib/python3/dist-packages/virtme/guest/virtme-init
[    0.000000] x86/split lock detection: #DB: warning on user-space bus_locks
[    0.000000] BIOS-provided physical RAM map:
[    0.000000] BIOS-e820: [mem 0x0000000000000000-0x000000000009fbff] usable
[    0.000000] BIOS-e820: [mem 0x000000000009fc00-0x000000000009ffff] reserved
[    0.000000] BIOS-e820: [mem 0x00000000000f0000-0x00000000000fffff] reserved
[    0.000000] BIOS-e820: [mem 0x0000000000100000-0x000000003ffdffff] usable
[    0.000000] BIOS-e820: [mem 0x000000003ffe0000-0x000000003fffffff] reserved
[    0.000000] BIOS-e820: [mem 0x00000000feffc000-0x00000000feffffff] reserved
[    0.000000] BIOS-e820: [mem 0x00000000fffc0000-0x00000000ffffffff] reserved
[    0.000000] printk: legacy bootconsole [earlyser0] enabled
[    0.000000] NX (Execute Disable) protection: active
[    0.000000] APIC: Static calls initialized
[    0.000000] SMBIOS 3.0.0 present.
[    0.000000] DMI: QEMU Ubuntu 24.04 PC (i440FX + PIIX, 1996), BIOS 1.16.3-debian-1.16.3-2 04/01/2014
[    0.000000] DMI: Memory slots populated: 1/1
[    0.000000] Hypervisor detected: KVM
[    0.000000] kvm-clock: Using msrs 4b564d01 and 4b564d00
[    0.000001] kvm-clock: using sched offset of 1005458956 cycles
[    0.000808] clocksource: kvm-clock: mask: 0xffffffffffffffff max_cycles: 0x1cd42e4dffb, max_idle_ns: 881590591483 ns
[    0.003337] tsc: Detected 2000.000 MHz processor
[    0.004578] last_pfn = 0x3ffe0 max_arch_pfn = 0x10000000000
[    0.005569] MTRR map: 4 entries (3 fixed + 1 variable; max 19), built from 8 variable MTRRs
[    0.006862] x86/PAT: Configuration [0-7]: WB  WC  UC- UC  WB  WP  UC- WT  
Memory KASLR using RDRAND RDTSC...
[    0.016633] found SMP MP-table at [mem 0x000f5470-0x000f547f]
[    0.017539] Using GB pages for direct mapping
[    0.018281] ACPI: Early table checksum verification disabled
[    0.019157] ACPI: RSDP 0x00000000000F5290 000014 (v00 BOCHS )
[    0.020047] ACPI: RSDT 0x000000003FFE308E 000034 (v01 BOCHS  BXPC     00000001 BXPC 00000001)
[    0.021365] ACPI: FACP 0x000000003FFE2D8A 000074 (v01 BOCHS  BXPC     00000001 BXPC 00000001)
[    0.022688] ACPI: DSDT 0x000000003FFE0040 002D4A (v01 BOCHS  BXPC     00000001 BXPC 00000001)
[    0.024004] ACPI: FACS 0x000000003FFE0000 000040
[    0.024717] ACPI: APIC 0x000000003FFE2DFE 000230 (v03 BOCHS  BXPC     00000001 BXPC 00000001)
[    0.026037] ACPI: HPET 0x000000003FFE302E 000038 (v01 BOCHS  BXPC     00000001 BXPC 00000001)
[    0.027353] ACPI: WAET 0x000000003FFE3066 000028 (v01 BOCHS  BXPC     00000001 BXPC 00000001)
[    0.028667] ACPI: Reserving FACP table memory at [mem 0x3ffe2d8a-0x3ffe2dfd]
[    0.029757] ACPI: Reserving DSDT table memory at [mem 0x3ffe0040-0x3ffe2d89]
[    0.030843] ACPI: Reserving FACS table memory at [mem 0x3ffe0000-0x3ffe003f]
[    0.031928] ACPI: Reserving APIC table memory at [mem 0x3ffe2dfe-0x3ffe302d]
[    0.033013] ACPI: Reserving HPET table memory at [mem 0x3ffe302e-0x3ffe3065]
[    0.034102] ACPI: Reserving WAET table memory at [mem 0x3ffe3066-0x3ffe308d]
[    0.035551] No NUMA configuration found
[    0.036145] Faking a node at [mem 0x0000000000000000-0x000000003ffdffff]
[    0.037184] NODE_DATA(0) allocated [mem 0x3ffdb780-0x3ffdffff]
[    0.038222] Zone ranges:
[    0.038612]   DMA      [mem 0x0000000000001000-0x0000000000ffffff]
[    0.039564]   DMA32    [mem 0x0000000001000000-0x000000003ffdffff]
[    0.040516]   Normal   empty
[    0.040960]   Device   empty
[    0.041407] Movable zone start for each node
[    0.042063] Early memory node ranges
[    0.042612]   node   0: [mem 0x0000000000001000-0x000000000009efff]
[    0.043577]   node   0: [mem 0x0000000000100000-0x000000003ffdffff]
[    0.044541] Initmem setup node 0 [mem 0x0000000000001000-0x000000003ffdffff]
[    0.045633] On node 0, zone DMA: 1 pages in unavailable ranges
[    0.046565] On node 0, zone DMA: 97 pages in unavailable ranges
[    0.051096] On node 0, zone DMA32: 32 pages in unavailable ranges
[    0.052608] ACPI: PM-Timer IO Port: 0x608
[    0.053246] ACPI: LAPIC_NMI (acpi_id[0xff] dfl dfl lint[0x1])
[    0.054191] IOAPIC[0]: apic_id 0, version 17, address 0xfec00000, GSI 0-23
[    0.055253] ACPI: INT_SRC_OVR (bus 0 bus_irq 0 global_irq 2 dfl dfl)
[    0.056233] ACPI: INT_SRC_OVR (bus 0 bus_irq 5 global_irq 5 high level)
[    0.057251] ACPI: INT_SRC_OVR (bus 0 bus_irq 9 global_irq 9 high level)
[    0.058280] ACPI: INT_SRC_OVR (bus 0 bus_irq 10 global_irq 10 high level)
[    0.059326] ACPI: INT_SRC_OVR (bus 0 bus_irq 11 global_irq 11 high level)
[    0.060375] ACPI: Using ACPI (MADT) for SMP configuration information
[    0.061368] ACPI: HPET id: 0x8086a201 base: 0xfed00000
[    0.062167] TSC deadline timer available
[    0.062775] CPU topo: Max. logical packages:   1
[    0.063486] CPU topo: Max. logical dies:       1
[    0.064197] CPU topo: Max. dies per package:   1
[    0.064911] CPU topo: Max. threads per core:   1
[    0.065625] CPU topo: Num. cores per package:    56
[    0.066378] CPU topo: Num. threads per package:  56
[    0.067131] CPU topo: Allowing 56 present CPUs plus 0 hotplug CPUs
[    0.068113] kvm-guest: APIC: eoi() replaced with kvm_guest_apic_eoi_write()
[    0.069205] kvm-guest: KVM setup pv remote TLB flush
[    0.069978] kvm-guest: setup PV sched yield
[    0.070630] PM: hibernation: Registered nosave memory: [mem 0x00000000-0x00000fff]
[    0.071800] PM: hibernation: Registered nosave memory: [mem 0x0009f000-0x0009ffff]
[    0.072968] PM: hibernation: Registered nosave memory: [mem 0x000a0000-0x000effff]
[    0.074139] PM: hibernation: Registered nosave memory: [mem 0x000f0000-0x000fffff]
[    0.075309] [mem 0x40000000-0xfeffbfff] available for PCI devices
[    0.076251] Booting paravirtualized kernel on KVM
[    0.076978] clocksource: refined-jiffies: mask: 0xffffffff max_cycles: 0xffffffff, max_idle_ns: 1910969940391419 ns
[    0.086893] setup_percpu: NR_CPUS:64 nr_cpumask_bits:56 nr_cpu_ids:56 nr_node_ids:1
[    0.092782] percpu: Embedded 58 pages/cpu s199128 r8192 d30248 u262144
[    0.093932] Kernel command line: virtme_hostname=virtme-ng nr_open=1048576 virtme_link_mods=/nipa-data/kernel/.virtme_mods/lib/modules/0.0.0 virtme_initmount0=nipa-data/kernel virtme_rw_overlay0=/etc virtme_rw_overlay1=/lib virtme_rw_overlay2=/home virtme_rw_overlay3=/opt virtme_rw_overlay4=/srv virtme_rw_overlay5=/usr virtme_rw_overlay6=/var console=hvc0 earlyprintk=serial,ttyS0,115200 virtme_console=ttyS0 psmouse.proto=exps TERM=xterm virtme_chdir=nipa-data/kernel virtme_root_user=1 rootfstype=9p rootflags=version=9p2000.L,trans=virtio,access=any raid=noautodetect ro init=/usr/lib/python3/dist-packages/virtme/guest/virtme-init
[    0.102887] Unknown kernel command line parameters "virtme_hostname=virtme-ng nr_open=1048576 virtme_link_mods=/nipa-data/kernel/.virtme_mods/lib/modules/0.0.0 virtme_initmount0=nipa-data/kernel virtme_rw_overlay0=/etc virtme_rw_overlay1=/lib virtme_rw_overlay2=/home virtme_rw_overlay3=/opt virtme_rw_overlay4=/srv virtme_rw_overlay5=/usr virtme_rw_overlay6=/var virtme_console=ttyS0 virtme_chdir=nipa-data/kernel virtme_root_user=1", will be passed to user space.
[    0.109276] random: crng init done
[    0.109811] printk: log_buf_len individual max cpu contribution: 4096 bytes
[    0.110897] printk: log_buf_len total cpu_extra contributions: 225280 bytes
[    0.111982] printk: log_buf_len min size: 262144 bytes
[    0.113420] printk: log_buf_len: 524288 bytes
[    0.114122] printk: early log buf free: 254024(96%)
[    0.115309] Dentry cache hash table entries: 131072 (order: 8, 1048576 bytes, linear)
[    0.116585] Inode-cache hash table entries: 65536 (order: 7, 524288 bytes, linear)
[    0.118685] Fallback order for Node 0: 0 
[    0.118693] Built 1 zonelists, mobility grouping on.  Total pages: 262014
[    0.120316] Policy zone: DMA32
[    0.120771] mem auto-init: stack:all(zero), heap alloc:off, heap free:off
[    0.125388] SLUB: HWalign=64, Order=0-3, MinObjects=0, CPUs=56, Nodes=1
Poking KASLR using RDRAND RDTSC...
[    0.126947] ftrace: allocating 48394 entries in 190 pages
[    0.142346] ftrace: allocated 190 pages with 6 groups
[    0.144287] Dynamic Preempt: voluntary
[    0.145827] rcu: Preemptible hierarchical RCU implementation.
[    0.146708] rcu: RCU event tracing is enabled.
[    0.147383] rcu: RCU restricting CPUs from NR_CPUS=64 to nr_cpu_ids=56.
[    0.148386] Trampoline variant of Tasks RCU enabled.
[    0.149139] Rude variant of Tasks RCU enabled.
[    0.149820] Tracing variant of Tasks RCU enabled.
[    0.150532] rcu: RCU calculated value of scheduler-enlistment delay is 100 jiffies.
[    0.151671] rcu: Adjusting geometry for rcu_fanout_leaf=16, nr_cpu_ids=56
[    0.152729] RCU Tasks: Setting shift to 6 and lim to 1 rcu_task_cb_adjust=1 rcu_task_cpu_ids=56.
[    0.154048] RCU Tasks Rude: Setting shift to 6 and lim to 1 rcu_task_cb_adjust=1 rcu_task_cpu_ids=56.
[    0.155428] RCU Tasks Trace: Setting shift to 6 and lim to 1 rcu_task_cb_adjust=1 rcu_task_cpu_ids=56.
[    0.160155] NR_IRQS: 4352, nr_irqs: 872, preallocated irqs: 16
[    0.161414] rcu: srcu_init: Setting srcu_struct sizes based on contention.
[    0.162750] Console: colour *CGA 80x25
[    0.163365] ACPI: Core revision 20240827
[    0.164129] clocksource: hpet: mask: 0xffffffff max_cycles: 0xffffffff, max_idle_ns: 19112604467 ns
[    0.165619] APIC: Switch to symmetric I/O mode setup
[    0.166515] kvm-guest: APIC: send_IPI_mask() replaced with kvm_send_ipi_mask()
[    0.168129] kvm-guest: APIC: send_IPI_mask_allbutself() replaced with kvm_send_ipi_mask_allbutself()
[    0.170159] kvm-guest: setup PV IPIs
[    0.172593] ..TIMER: vector=0x30 apic1=0 pin1=2 apic2=-1 pin2=-1
[    0.174274] clocksource: tsc-early: mask: 0xffffffffffffffff max_cycles: 0x39a85c9bff6, max_idle_ns: 881590591483 ns
[    0.176797] Calibrating delay loop (skipped) preset value.. 4000.00 BogoMIPS (lpj=2000000)
[    0.178947] x86/cpu: User Mode Instruction Prevention (UMIP) activated
[    0.179916] Last level iTLB entries: 4KB 0, 2MB 0, 4MB 0
[    0.180793] Last level dTLB entries: 4KB 0, 2MB 0, 4MB 0, 1GB 0
[    0.181810] Spectre V1 : Mitigation: usercopy/swapgs barriers and __user pointer sanitization
[    0.182800] Spectre V2 : Spectre BHI mitigation: SW BHB clearing on syscall and VM exit
[    0.183800] Spectre V2 : Mitigation: Enhanced / Automatic IBRS
[    0.184800] Spectre V2 : Spectre v2 / SpectreRSB mitigation: Filling RSB on context switch
[    0.185800] Spectre V2 : Spectre v2 / PBRSB-eIBRS: Retire a single CALL on VMEXIT
[    0.186799] Spectre V2 : mitigation: Enabling conditional Indirect Branch Prediction Barrier
[    0.187796] Speculative Store Bypass: Mitigation: Speculative Store Bypass disabled via prctl
[    0.188801] TAA: Mitigation: TSX disabled
[    0.189912] x86/fpu: Supporting XSAVE feature 0x001: 'x87 floating point registers'
[    0.190801] x86/fpu: Supporting XSAVE feature 0x002: 'SSE registers'
[    0.191800] x86/fpu: Supporting XSAVE feature 0x004: 'AVX registers'
[    0.192801] x86/fpu: Supporting XSAVE feature 0x020: 'AVX-512 opmask'
[    0.193794] x86/fpu: Supporting XSAVE feature 0x040: 'AVX-512 Hi256'
[    0.194793] x86/fpu: Supporting XSAVE feature 0x080: 'AVX-512 ZMM_Hi256'
[    0.195793] x86/fpu: Supporting XSAVE feature 0x200: 'Protection Keys User registers'
[    0.196793] x86/fpu: Supporting XSAVE feature 0x20000: 'AMX Tile config'
[    0.197793] x86/fpu: Supporting XSAVE feature 0x40000: 'AMX Tile data'
[    0.198793] x86/fpu: xstate_offset[2]:  576, xstate_sizes[2]:  256
[    0.199793] x86/fpu: xstate_offset[5]:  832, xstate_sizes[5]:   64
[    0.200800] x86/fpu: xstate_offset[6]:  896, xstate_sizes[6]:  512
[    0.201801] x86/fpu: xstate_offset[7]: 1408, xstate_sizes[7]: 1024
[    0.202800] x86/fpu: xstate_offset[9]: 2432, xstate_sizes[9]:    8
[    0.203800] x86/fpu: xstate_offset[17]: 2496, xstate_sizes[17]:   64
[    0.204793] x86/fpu: xstate_offset[18]: 2560, xstate_sizes[18]: 8192
[    0.205793] x86/fpu: Enabled xstate features 0x602e7, context size is 10752 bytes, using 'compacted' format.
[    0.235106] Freeing SMP alternatives memory: 40K
[    0.235794] pid_max: default: 57344 minimum: 448
[    0.236910] Mount-cache hash table entries: 2048 (order: 2, 16384 bytes, linear)
[    0.237796] Mountpoint-cache hash table entries: 2048 (order: 2, 16384 bytes, linear)
[    0.240147] smpboot: CPU0: Intel(R) Xeon(R) Platinum 8480+ (family: 0x6, model: 0x8f, stepping: 0x6)
[    0.241042] Performance Events: PEBS fmt0-, Sapphire Rapids events, full-width counters, Intel PMU driver.
[    0.241798] ... version:                2
[    0.242615] ... bit width:              48
[    0.242795] ... generic registers:      8
[    0.243612] ... value mask:             0000ffffffffffff
[    0.243795] ... max period:             00007fffffffffff
[    0.244795] ... fixed-purpose events:   3
[    0.245604] ... event mask:             00000007000000ff
[    0.246030] signal: max sigframe size: 11952
[    0.246823] rcu: Hierarchical SRCU implementation.
[    0.247795] rcu: Max phase no-delay instances is 400.
[    0.248831] Timer migration: 2 hierarchy levels; 8 children per group; 2 crossnode level
[    0.250868] smp: Bringing up secondary CPUs ...
[    0.251917] smpboot: x86: Booting SMP configuration:
[    0.252798] .... node  #0, CPUs:        #1  #2  #3  #4  #5  #6  #7  #8  #9 #10 #11 #12 #13 #14 #15 #16 #17 #18 #19 #20 #21 #22 #23 #24 #25 #26 #27 #28 #29 #30 #31 #32 #33 #34 #35 #36 #37 #38 #39 #40 #41 #42 #43 #44 #45 #46 #47 #48 #49 #50 #51 #52 #53 #54 #55
[    0.376767] smp: Brought up 1 node, 56 CPUs
[    0.377688] smpboot: Total of 56 processors activated (224000.00 BogoMIPS)
[    0.390842] Memory: 951176K/1048056K available (16384K kernel code, 2449K rwdata, 6272K rodata, 3124K init, 1872K bss, 72272K reserved, 0K cma-reserved)
[    0.391929] devtmpfs: initialized
[    0.392844] x86/mm: Memory block size: 128MB
[    0.395063] clocksource: jiffies: mask: 0xffffffff max_cycles: 0xffffffff, max_idle_ns: 1911260446275000 ns
[    0.395799] futex hash table entries: 16384 (order: 8, 1048576 bytes, linear)
[    0.397150] PM: RTC time: 12:13:26, date: 2024-10-01
[    0.399847] NET: Registered PF_NETLINK/PF_ROUTE protocol family
[    0.401002] thermal_sys: Registered thermal governor 'step_wise'
[    0.401004] thermal_sys: Registered thermal governor 'user_space'
[    0.401833] cpuidle: using governor menu
[    0.406093] PCI: Using configuration type 1 for base access
[    0.406892] kprobes: kprobe jump-optimization is enabled. All kprobes are optimized if possible.
[    0.435848] HugeTLB: registered 1.00 GiB page size, pre-allocated 0 pages
[    0.437798] HugeTLB: 16380 KiB vmemmap can be freed for a 1.00 GiB page
[    0.439798] HugeTLB: registered 2.00 MiB page size, pre-allocated 0 pages
[    0.442797] HugeTLB: 28 KiB vmemmap can be freed for a 2.00 MiB page
[    0.445008] ACPI: Added _OSI(Module Device)
[    0.446798] ACPI: Added _OSI(Processor Device)
[    0.447797] ACPI: Added _OSI(3.0 _SCP Extensions)
[    0.449797] ACPI: Added _OSI(Processor Aggregator Device)
[    0.452769] ACPI: 1 ACPI AML tables successfully acquired and loaded
[    0.467058] ACPI: Interpreter enabled
[    0.467811] ACPI: PM: (supports S0 S3 S4 S5)
[    0.468742] ACPI: Using IOAPIC for interrupt routing
[    0.469814] PCI: Using host bridge windows from ACPI; if necessary, use "pci=nocrs" and report a bug
[    0.471795] PCI: Using E820 reservations for host bridge windows
[    0.472913] ACPI: Enabled 2 GPEs in block 00 to 0F
[    0.477436] ACPI: PCI Root Bridge [PCI0] (domain 0000 [bus 00-ff])
[    0.478798] acpi PNP0A03:00: _OSC: OS supports [ASPM ClockPM Segments MSI HPX-Type3]
[    0.479796] acpi PNP0A03:00: _OSC: not requesting OS control; OS requires [ExtendedConfig ASPM ClockPM MSI]
[    0.481801] acpi PNP0A03:00: fail to add MMCONFIG information, can't access extended configuration space under this bridge
[    0.483903] PCI host bridge to bus 0000:00
[    0.484745] pci_bus 0000:00: root bus resource [io  0x0000-0x0cf7 window]
[    0.485796] pci_bus 0000:00: root bus resource [io  0x0d00-0xffff window]
[    0.486795] pci_bus 0000:00: root bus resource [mem 0x000a0000-0x000bffff window]
[    0.488795] pci_bus 0000:00: root bus resource [mem 0x40000000-0xfebfffff window]
[    0.489795] pci_bus 0000:00: root bus resource [mem 0x100000000-0x17fffffff window]
[    0.490797] pci_bus 0000:00: root bus resource [bus 00-ff]
[    0.491846] pci 0000:00:00.0: [8086:1237] type 00 class 0x060000 conventional PCI endpoint
[    0.494329] pci 0000:00:01.0: [8086:7000] type 00 class 0x060100 conventional PCI endpoint
[    0.496510] pci 0000:00:01.1: [8086:7010] type 00 class 0x010180 conventional PCI endpoint
[    0.501154] pci 0000:00:01.1: BAR 4 [io  0xc0c0-0xc0cf]
[    0.503710] pci 0000:00:01.1: BAR 0 [io  0x01f0-0x01f7]: legacy IDE quirk
[    0.505797] pci 0000:00:01.1: BAR 1 [io  0x03f6]: legacy IDE quirk
[    0.506795] pci 0000:00:01.1: BAR 2 [io  0x0170-0x0177]: legacy IDE quirk
[    0.507795] pci 0000:00:01.1: BAR 3 [io  0x0376]: legacy IDE quirk
[    0.509027] pci 0000:00:01.3: [8086:7113] type 00 class 0x068000 conventional PCI endpoint
[    0.511372] pci 0000:00:01.3: quirk: [io  0x0600-0x063f] claimed by PIIX4 ACPI
[    0.512805] pci 0000:00:01.3: quirk: [io  0x0700-0x070f] claimed by PIIX4 SMB
[    0.514168] pci 0000:00:02.0: [1af4:1009] type 00 class 0x000200 conventional PCI endpoint
[    0.516796] pci 0000:00:02.0: BAR 0 [io  0xc000-0xc03f]
[    0.518797] pci 0000:00:02.0: BAR 1 [mem 0xfebfc000-0xfebfcfff]
[    0.523800] pci 0000:00:02.0: BAR 4 [mem 0xfebf0000-0xfebf3fff 64bit pref]
[    0.527962] pci 0000:00:03.0: [1af4:1009] type 00 class 0x000200 conventional PCI endpoint
[    0.531800] pci 0000:00:03.0: BAR 0 [io  0xc040-0xc07f]
[    0.533518] pci 0000:00:03.0: BAR 1 [mem 0xfebfd000-0xfebfdfff]
[    0.537756] pci 0000:00:03.0: BAR 4 [mem 0xfebf4000-0xfebf7fff 64bit pref]
[    0.542738] pci 0000:00:04.0: [8086:25ab] type 00 class 0x088000 conventional PCI endpoint
[    0.544264] pci 0000:00:04.0: BAR 0 [mem 0xfebfe000-0xfebfe00f]
[    0.548270] pci 0000:00:05.0: [1af4:1003] type 00 class 0x078000 conventional PCI endpoint
[    0.550630] pci 0000:00:05.0: BAR 0 [io  0xc080-0xc0bf]
[    0.553668] pci 0000:00:05.0: BAR 1 [mem 0xfebff000-0xfebfffff]
[    0.556799] pci 0000:00:05.0: BAR 4 [mem 0xfebf8000-0xfebfbfff 64bit pref]
[    0.560792] ACPI: PCI: Interrupt link LNKA configured for IRQ 10
[    0.562963] ACPI: PCI: Interrupt link LNKB configured for IRQ 10
[    0.563922] ACPI: PCI: Interrupt link LNKC configured for IRQ 11
[    0.564918] ACPI: PCI: Interrupt link LNKD configured for IRQ 11
[    0.566883] ACPI: PCI: Interrupt link LNKS configured for IRQ 9
[    0.569594] iommu: Default domain type: Translated
[    0.569795] iommu: DMA domain TLB invalidation policy: lazy mode
[    0.571924] SCSI subsystem initialized
[    0.572833] pps_core: LinuxPPS API ver. 1 registered
[    0.573795] pps_core: Software ver. 5.3.6 - Copyright 2005-2007 Rodolfo Giometti <giometti@linux.it>
[    0.575797] PTP clock support registered
[    0.576924] Advanced Linux Sound Architecture Driver Initialized.
[    0.580272] NET: Registered PF_ATMPVC protocol family
[    0.580796] NET: Registered PF_ATMSVC protocol family
[    0.581800] PCI: Using ACPI for IRQ routing
[    0.582860] vgaarb: loaded
[    0.583890] hpet0: at MMIO 0xfed00000, IRQs 2, 8, 0
[    0.584795] hpet0: 3 comparators, 64-bit 100.000000 MHz counter
[    0.590969] clocksource: Switched to clocksource kvm-clock
[    0.592366] VFS: Disk quotas dquot_6.6.0
[    0.593206] VFS: Dquot-cache hash table entries: 512 (order 0, 4096 bytes)
[    0.594796] pnp: PnP ACPI init
[    0.596758] pnp: PnP ACPI: found 5 devices
[    0.606355] clocksource: acpi_pm: mask: 0xffffff max_cycles: 0xffffff, max_idle_ns: 2085701024 ns
[    0.608192] NET: Registered PF_INET protocol family
[    0.609231] IP idents hash table entries: 16384 (order: 5, 131072 bytes, linear)
[    0.611170] tcp_listen_portaddr_hash hash table entries: 512 (order: 1, 8192 bytes, linear)
[    0.612869] Table-perturb hash table entries: 65536 (order: 6, 262144 bytes, linear)
[    0.614433] TCP established hash table entries: 8192 (order: 4, 65536 bytes, linear)
[    0.616002] TCP bind hash table entries: 8192 (order: 6, 262144 bytes, linear)
[    0.617486] TCP: Hash tables configured (established 8192 bind 8192)
[    0.618835] UDP hash table entries: 512 (order: 2, 16384 bytes, linear)
[    0.620169] UDP-Lite hash table entries: 512 (order: 2, 16384 bytes, linear)
[    0.621655] NET: Registered PF_UNIX/PF_LOCAL protocol family
[    0.622806] pci_bus 0000:00: resource 4 [io  0x0000-0x0cf7 window]
[    0.624053] pci_bus 0000:00: resource 5 [io  0x0d00-0xffff window]
[    0.625313] pci_bus 0000:00: resource 6 [mem 0x000a0000-0x000bffff window]
[    0.626689] pci_bus 0000:00: resource 7 [mem 0x40000000-0xfebfffff window]
[    0.628066] pci_bus 0000:00: resource 8 [mem 0x100000000-0x17fffffff window]
[    0.629514] pci 0000:00:01.0: PIIX3: Enabling Passive Release
[    0.630685] pci 0000:00:00.0: Limiting direct PCI/PCI transfers
[    0.631960] PCI: CLS 0 bytes, default 64
[    0.650173] RAPL PMU: API unit is 2^-32 Joules, 1 fixed counters, 10737418240 ms ovfl timer
[    0.652268] RAPL PMU: hw unit of domain psys 2^-0 Joules
[    1.179912] kwatchdog (375) used greatest stack depth: 15512 bytes left
[    1.226597] kvm_amd: CPU 53 isn't AMD or Hygon
[    1.227836] clocksource: tsc: mask: 0xffffffffffffffff max_cycles: 0x39a85c9bff6, max_idle_ns: 881590591483 ns
[    1.345964] Initialise system trusted keyrings
[    1.347732] workingset: timestamp_bits=56 max_order=18 bucket_order=0
[    1.349153] squashfs: version 4.0 (2009/01/31) Phillip Lougher
[    1.350367] fuse: init (API version 7.41)
[    1.351686] 9p: Installing v9fs 9p2000 file system support
[    1.364066] Key type asymmetric registered
[    1.364941] Asymmetric key parser 'x509' registered
[    1.365971] Block layer SCSI generic (bsg) driver version 0.4 loaded (major 249)
[    1.367494] io scheduler mq-deadline registered
[    1.368431] io scheduler kyber registered
[    1.387059] input: Power Button as /devices/LNXSYSTM:00/LNXPWRBN:00/input/input0
[    1.389155] ACPI: button: Power Button [PWRF]
[    1.391193] Warning: Processor Platform Limit event detected, but not handled.
[    1.394675] Consider compiling CPUfreq support into your kernel.
[    1.428051] ACPI: \_SB_.LNKB: Enabled at IRQ 10
[    1.442361] ACPI: \_SB_.LNKC: Enabled at IRQ 11
[    1.456489] ACPI: \_SB_.LNKA: Enabled at IRQ 10
[    1.458912] Serial: 8250/16550 driver, 4 ports, IRQ sharing enabled
[    1.460419] 00:03: ttyS0 at I/O 0x3f8 (irq = 4, base_baud = 115200) is a 16550A
[    1.497223] Non-volatile memory driver v1.3
[    1.498232] Linux agpgart interface v0.103
[    1.500052] ACPI: bus type drm_connector registered
[    1.502297] printk: legacy console [hvc0] enabled
[    1.504139] printk: legacy bootconsole [earlyser0] disabled
          _      _                                    
   __   _(_)_ __| |_ _ __ ___   ___       _ __   __ _ 
   \ \ / / |  __| __|  _   _ \ / _ \_____|  _ \ / _  |
    \ V /| | |  | |_| | | | | |  __/_____| | | | (_| |
     \_/ |_|_|   \__|_| |_| |_|\___|     |_| |_|\__  |
                                                |___/ 
   kernel version: 6.11.0-virtme x86_64
   (CTRL+d to exit)

root@virtme-ng:/nipa-data/kernel# PS1='xx__-> '
xx__-> env
PWD=/nipa-data/kernel
nr_open=1048576
HOME=/
TERM=xterm
SHLVL=2
XDG_RUNTIME_DIR=/run/user/0
PATH=/bin:/sbin:/usr/bin:/usr/sbin:/usr/local/bin
OLDPWD=/
_=/bin/env
xx__-> 