No EFI environment detected.
early console in extract_kernel
input_data: 0x0000000004c872c4
input_len: 0x00000000019767c2
output: 0x0000000001000000
output_len: 0x0000000005587734
kernel_total_size: 0x0000000005230000
needed_size: 0x0000000005600000
trampoline_32bit: 0x0000000000000000
Physical KASLR using RDRAND RDTSC...
Virtual KASLR using RDRAND RDTSC...

Decompressing Linux... Parsing ELF... Performing relocations... done.
Booting the kernel (entry_offset: 0x0000000002bc3f80).
[    0.000000] Linux version 6.15.0-rc3-virtme (root@0f6bb9439f55) (gcc (Ubuntu 13.3.0-6ubuntu2~24.04) 13.3.0, GNU ld (GNU Binutils for Ubuntu) 2.42) #1 SMP PREEMPT_DYNAMIC Sun Apr 27 09:27:14 UTC 2025
[    0.000000] Command line: virtme_hostname=virtme-ng nr_open=1048576 virtme_link_mods=/nipa-data/kernel/.virtme_mods/lib/modules/0.0.0 virtme_initmount0=nipa-data/kernel virtme_rw_overlay0=/etc virtme_rw_overlay1=/lib virtme_rw_overlay2=/home virtme_rw_overlay3=/opt virtme_rw_overlay4=/srv virtme_rw_overlay5=/usr virtme_rw_overlay6=/var console=hvc0 earlyprintk=serial,ttyS0,115200 virtme_console=ttyS0 psmouse.proto=exps TERM=xterm virtme_chdir=nipa-data/kernel virtme_root_user=1 rootfstype=9p rootflags=version=9p2000.L,trans=virtio,access=any raid=noautodetect ro init=/usr/lib/python3/dist-packages/virtme/guest/virtme-init
[    0.000000] BIOS-provided physical RAM map:
[    0.000000] BIOS-e820: [mem 0x0000000000000000-0x000000000009fbff] usable
[    0.000000] BIOS-e820: [mem 0x000000000009fc00-0x000000000009ffff] reserved
[    0.000000] BIOS-e820: [mem 0x00000000000f0000-0x00000000000fffff] reserved
[    0.000000] BIOS-e820: [mem 0x0000000000100000-0x000000003ffdffff] usable
[    0.000000] BIOS-e820: [mem 0x000000003ffe0000-0x000000003fffffff] reserved
[    0.000000] BIOS-e820: [mem 0x00000000feffc000-0x00000000feffffff] reserved
[    0.000000] BIOS-e820: [mem 0x00000000fffc0000-0x00000000ffffffff] reserved
[    0.000000] BIOS-e820: [mem 0x000000fd00000000-0x000000ffffffffff] reserved
[    0.000000] printk: legacy bootconsole [earlyser0] enabled
[    0.000000] NX (Execute Disable) protection: active
[    0.000000] APIC: Static calls initialized
[    0.000000] SMBIOS 3.0.0 present.
[    0.000000] DMI: QEMU Ubuntu 24.04 PC (i440FX + PIIX, 1996), BIOS 1.16.3-debian-1.16.3-2 04/01/2014
[    0.000000] DMI: Memory slots populated: 1/1
[    0.000000] Hypervisor detected: KVM
[    0.000000] kvm-clock: Using msrs 4b564d01 and 4b564d00
[    0.000000] kvm-clock: using sched offset of 303184576 cycles
[    0.000365] clocksource: kvm-clock: mask: 0xffffffffffffffff max_cycles: 0x1cd42e4dffb, max_idle_ns: 881590591483 ns
[    0.001497] tsc: Detected 4491.524 MHz processor
[    0.002154] last_pfn = 0x3ffe0 max_arch_pfn = 0x400000000
[    0.002553] MTRR map: 4 entries (3 fixed + 1 variable; max 19), built from 8 variable MTRRs
[    0.003136] x86/PAT: Configuration [0-7]: WB  WC  UC- UC  WB  WP  UC- WT  
[    0.005036] found SMP MP-table at [mem 0x000f5470-0x000f547f]
[    0.005448] Using GB pages for direct mapping
[    0.005897] ACPI: Early table checksum verification disabled
[    0.006290] ACPI: RSDP 0x00000000000F5290 000014 (v00 BOCHS )
[    0.006691] ACPI: RSDT 0x000000003FFE27BC 000034 (v01 BOCHS  BXPC     00000001 BXPC 00000001)
[    0.007286] ACPI: FACP 0x000000003FFE2578 000074 (v01 BOCHS  BXPC     00000001 BXPC 00000001)
[    0.007880] ACPI: DSDT 0x000000003FFE0040 002538 (v01 BOCHS  BXPC     00000001 BXPC 00000001)
[    0.008472] ACPI: FACS 0x000000003FFE0000 000040
[    0.008794] ACPI: APIC 0x000000003FFE25EC 000170 (v03 BOCHS  BXPC     00000001 BXPC 00000001)
[    0.009397] ACPI: HPET 0x000000003FFE275C 000038 (v01 BOCHS  BXPC     00000001 BXPC 00000001)
[    0.009989] ACPI: WAET 0x000000003FFE2794 000028 (v01 BOCHS  BXPC     00000001 BXPC 00000001)
[    0.010581] ACPI: Reserving FACP table memory at [mem 0x3ffe2578-0x3ffe25eb]
[    0.011069] ACPI: Reserving DSDT table memory at [mem 0x3ffe0040-0x3ffe2577]
[    0.011557] ACPI: Reserving FACS table memory at [mem 0x3ffe0000-0x3ffe003f]
[    0.012044] ACPI: Reserving APIC table memory at [mem 0x3ffe25ec-0x3ffe275b]
[    0.012531] ACPI: Reserving HPET table memory at [mem 0x3ffe275c-0x3ffe2793]
[    0.013018] ACPI: Reserving WAET table memory at [mem 0x3ffe2794-0x3ffe27bb]
[    0.013697] No NUMA configuration found
[    0.013964] Faking a node at [mem 0x0000000000000000-0x000000003ffdffff]
[    0.014430] NODE_DATA(0) allocated [mem 0x3ffdb600-0x3ffdffff]
[    0.014850] Zone ranges:
[    0.015026]   DMA      [mem 0x0000000000001000-0x0000000000ffffff]
[    0.015454]   DMA32    [mem 0x0000000001000000-0x000000003ffdffff]
[    0.015882]   Normal   empty
[    0.016082]   Device   empty
[    0.016282] Movable zone start for each node
[    0.016577] Early memory node ranges
[    0.016824]   node   0: [mem 0x0000000000001000-0x000000000009efff]
[    0.017261]   node   0: [mem 0x0000000000100000-0x000000003ffdffff]
[    0.017695] Initmem setup node 0 [mem 0x0000000000001000-0x000000003ffdffff]
[    0.018186] On node 0, zone DMA: 1 pages in unavailable ranges
[    0.018644] On node 0, zone DMA: 97 pages in unavailable ranges
[    0.023006] On node 0, zone DMA32: 32 pages in unavailable ranges
[    0.031993] kasan: KernelAddressSanitizer initialized
[    0.032573] ACPI: PM-Timer IO Port: 0x608
[    0.032863] ACPI: LAPIC_NMI (acpi_id[0xff] dfl dfl lint[0x1])
[    0.033295] IOAPIC[0]: apic_id 0, version 17, address 0xfec00000, GSI 0-23
[    0.033772] ACPI: INT_SRC_OVR (bus 0 bus_irq 0 global_irq 2 dfl dfl)
[    0.034212] ACPI: INT_SRC_OVR (bus 0 bus_irq 5 global_irq 5 high level)
[    0.034670] ACPI: INT_SRC_OVR (bus 0 bus_irq 9 global_irq 9 high level)
[    0.035128] ACPI: INT_SRC_OVR (bus 0 bus_irq 10 global_irq 10 high level)
[    0.035597] ACPI: INT_SRC_OVR (bus 0 bus_irq 11 global_irq 11 high level)
[    0.036068] ACPI: Using ACPI (MADT) for SMP configuration information
[    0.036514] ACPI: HPET id: 0x8086a201 base: 0xfed00000
[    0.036871] TSC deadline timer available
[    0.037148] CPU topo: Max. logical packages:   1
[    0.037467] CPU topo: Max. logical dies:       1
[    0.037787] CPU topo: Max. dies per package:   1
[    0.038116] CPU topo: Max. threads per core:   1
[    0.038436] CPU topo: Num. cores per package:    32
[    0.038774] CPU topo: Num. threads per package:  32
[    0.039111] CPU topo: Allowing 32 present CPUs plus 0 hotplug CPUs
[    0.039555] kvm-guest: APIC: eoi() replaced with kvm_guest_apic_eoi_write()
[    0.040048] kvm-guest: KVM setup pv remote TLB flush
[    0.040394] kvm-guest: setup PV sched yield
[    0.040689] PM: hibernation: Registered nosave memory: [mem 0x00000000-0x00000fff]
[    0.041229] PM: hibernation: Registered nosave memory: [mem 0x0009f000-0x000fffff]
[    0.041752] [mem 0x40000000-0xfeffbfff] available for PCI devices
[    0.042174] Booting paravirtualized kernel on KVM
[    0.042500] clocksource: refined-jiffies: mask: 0xffffffff max_cycles: 0xffffffff, max_idle_ns: 1910969940391419 ns
[    0.051112] setup_percpu: NR_CPUS:64 nr_cpumask_bits:32 nr_cpu_ids:32 nr_node_ids:1
[    0.052859] percpu: Embedded 65 pages/cpu s228056 r8192 d29992 u524288
[    0.053383] Kernel command line: virtme_hostname=virtme-ng nr_open=1048576 virtme_link_mods=/nipa-data/kernel/.virtme_mods/lib/modules/0.0.0 virtme_initmount0=nipa-data/kernel virtme_rw_overlay0=/etc virtme_rw_overlay1=/lib virtme_rw_overlay2=/home virtme_rw_overlay3=/opt virtme_rw_overlay4=/srv virtme_rw_overlay5=/usr virtme_rw_overlay6=/var console=hvc0 earlyprintk=serial,ttyS0,115200 virtme_console=ttyS0 psmouse.proto=exps TERM=xterm virtme_chdir=nipa-data/kernel virtme_root_user=1 rootfstype=9p rootflags=version=9p2000.L,trans=virtio,access=any raid=noautodetect ro init=/usr/lib/python3/dist-packages/virtme/guest/virtme-init
[    0.057497] Unknown kernel command line parameters "virtme_hostname=virtme-ng nr_open=1048576 virtme_link_mods=/nipa-data/kernel/.virtme_mods/lib/modules/0.0.0 virtme_initmount0=nipa-data/kernel virtme_rw_overlay0=/etc virtme_rw_overlay1=/lib virtme_rw_overlay2=/home virtme_rw_overlay3=/opt virtme_rw_overlay4=/srv virtme_rw_overlay5=/usr virtme_rw_overlay6=/var virtme_console=ttyS0 virtme_chdir=nipa-data/kernel virtme_root_user=1", will be passed to user space.
[    0.060506] random: crng init done
[    0.060749] printk: log buffer data + meta data: 262144 + 917504 = 1179648 bytes
[    0.061309] Dentry cache hash table entries: 131072 (order: 8, 1048576 bytes, linear)
[    0.061888] Inode-cache hash table entries: 65536 (order: 7, 524288 bytes, linear)
[    0.062820] Fallback order for Node 0: 0 
[    0.062824] Built 1 zonelists, mobility grouping on.  Total pages: 262014
[    0.063593] Policy zone: DMA32
[    0.063810] mem auto-init: stack:all(zero), heap alloc:off, heap free:off
[    0.064293] stackdepot: allocating hash table via alloc_large_system_hash
[    0.064776] stackdepot hash table entries: 1048576 (order: 12, 16777216 bytes, linear)
[    0.072750] SLUB: HWalign=64, Order=0-3, MinObjects=0, CPUs=32, Nodes=1
Poking KASLR using RDRAND RDTSC...
[    0.081965] ftrace: allocating 48935 entries in 192 pages
[    0.082345] ftrace: allocated 192 pages with 2 groups
[    0.083553] Dynamic Preempt: voluntary
[    0.084274] rcu: Preemptible hierarchical RCU implementation.
[    0.084682] rcu: RCU event tracing is enabled.
[    0.085001] rcu: RCU restricting CPUs from NR_CPUS=64 to nr_cpu_ids=32.
[    0.085480] Trampoline variant of Tasks RCU enabled.
[    0.085837] Rude variant of Tasks RCU enabled.
[    0.086157] Tracing variant of Tasks RCU enabled.
[    0.086500] rcu: RCU calculated value of scheduler-enlistment delay is 100 jiffies.
[    0.087038] rcu: Adjusting geometry for rcu_fanout_leaf=16, nr_cpu_ids=32
[    0.087584] RCU Tasks: Setting shift to 5 and lim to 1 rcu_task_cb_adjust=1 rcu_task_cpu_ids=32.
[    0.088206] RCU Tasks Rude: Setting shift to 5 and lim to 1 rcu_task_cb_adjust=1 rcu_task_cpu_ids=32.
[    0.088856] RCU Tasks Trace: Setting shift to 5 and lim to 1 rcu_task_cb_adjust=1 rcu_task_cpu_ids=32.
[    0.098787] NR_IRQS: 4352, nr_irqs: 680, preallocated irqs: 16
[    0.099450] rcu: srcu_init: Setting srcu_struct sizes based on contention.
[    0.100328] Console: colour *CGA 80x25
[    0.100624] ACPI: Core revision 20240827
[    0.101054] clocksource: hpet: mask: 0xffffffff max_cycles: 0xffffffff, max_idle_ns: 19112604467 ns
[    0.101812] APIC: Switch to symmetric I/O mode setup
[    0.102304] x2apic enabled
[    0.102678] APIC: Switched APIC routing to: physical x2apic
[    0.103073] kvm-guest: APIC: send_IPI_mask() replaced with kvm_send_ipi_mask()
[    0.103586] kvm-guest: APIC: send_IPI_mask_allbutself() replaced with kvm_send_ipi_mask_allbutself()
[    0.104218] kvm-guest: setup PV IPIs
[    0.105294] ..TIMER: vector=0x30 apic1=0 pin1=2 apic2=-1 pin2=-1
[    0.106071] clocksource: tsc-early: mask: 0xffffffffffffffff max_cycles: 0x40be215b5d9, max_idle_ns: 440795359804 ns
[    0.107387] Calibrating delay loop (skipped) preset value.. 8983.04 BogoMIPS (lpj=4491524)
[    0.108451] x86/cpu: User Mode Instruction Prevention (UMIP) activated
[    0.109443] Last level iTLB entries: 4KB 512, 2MB 255, 4MB 127
[    0.110386] Last level dTLB entries: 4KB 512, 2MB 255, 4MB 127, 1GB 0
[    0.111390] Spectre V1 : Mitigation: usercopy/swapgs barriers and __user pointer sanitization
[    0.112390] Spectre V2 : Mitigation: Enhanced / Automatic IBRS
[    0.113109] Spectre V2 : mitigation: Enabling conditional Indirect Branch Prediction Barrier
[    0.113388] Speculative Store Bypass: Mitigation: Speculative Store Bypass disabled via prctl
[    0.114386] Speculative Return Stack Overflow: IBPB-extending microcode not applied!
[    0.115339] Speculative Return Stack Overflow: WARNING: See https://kernel.org/doc/html/latest/admin-guide/hw-vuln/srso.html for mitigation options.
[    0.115341] Speculative Return Stack Overflow: Vulnerable: Safe RET, no microcode
[    0.117400] x86/fpu: Supporting XSAVE feature 0x001: 'x87 floating point registers'
[    0.118386] x86/fpu: Supporting XSAVE feature 0x002: 'SSE registers'
[    0.119386] x86/fpu: Supporting XSAVE feature 0x004: 'AVX registers'
[    0.120386] x86/fpu: Supporting XSAVE feature 0x020: 'AVX-512 opmask'
[    0.121170] x86/fpu: Supporting XSAVE feature 0x040: 'AVX-512 Hi256'
[    0.121386] x86/fpu: Supporting XSAVE feature 0x080: 'AVX-512 ZMM_Hi256'
[    0.122386] x86/fpu: Supporting XSAVE feature 0x200: 'Protection Keys User registers'
[    0.123386] x86/fpu: xstate_offset[2]:  576, xstate_sizes[2]:  256
[    0.124386] x86/fpu: xstate_offset[5]:  832, xstate_sizes[5]:   64
[    0.125132] x86/fpu: xstate_offset[6]:  896, xstate_sizes[6]:  512
[    0.125386] x86/fpu: xstate_offset[7]: 1408, xstate_sizes[7]: 1024
[    0.126386] x86/fpu: xstate_offset[9]: 2432, xstate_sizes[9]:    8
[    0.127386] x86/fpu: Enabled xstate features 0x2e7, context size is 2440 bytes, using 'compacted' format.
[    0.149906] Freeing SMP alternatives memory: 40K
[    0.150388] pid_max: default: 32768 minimum: 301
[    0.151065] Mount-cache hash table entries: 2048 (order: 2, 16384 bytes, linear)
[    0.151387] Mountpoint-cache hash table entries: 2048 (order: 2, 16384 bytes, linear)
[    0.153688] smpboot: CPU0: AMD Ryzen 9 7950X 16-Core Processor (family: 0x19, model: 0x61, stepping: 0x2)
[    0.154825] Performance Events: Fam17h+ core perfctr, AMD PMU driver.
[    0.155389] ... version:                0
[    0.155871] ... bit width:              48
[    0.156368] ... generic registers:      6
[    0.156387] ... value mask:             0000ffffffffffff
[    0.157025] ... max period:             00007fffffffffff
[    0.157387] ... fixed-purpose events:   0
[    0.157868] ... event mask:             000000000000003f
[    0.158537] signal: max sigframe size: 3376
[    0.159085] rcu: Hierarchical SRCU implementation.
[    0.159388] rcu: Max phase no-delay instances is 400.
[    0.160086] Timer migration: 2 hierarchy levels; 8 children per group; 2 crossnode level
[    0.164207] smp: Bringing up secondary CPUs ...
[    0.164571] smpboot: x86: Booting SMP configuration:
[    0.165169] .... node  #0, CPUs:        #1  #2  #3  #4  #5  #6  #7  #8  #9 #10 #11 #12 #13 #14 #15 #16 #17 #18 #19 #20 #21 #22 #23 #24 #25 #26 #27 #28 #29 #30 #31
[    0.200483] smp: Brought up 1 node, 32 CPUs
[    0.201897] smpboot: Total of 32 processors activated (287457.53 BogoMIPS)
[    0.205592] Memory: 761596K/1048056K available (44816K kernel code, 11587K rwdata, 10272K rodata, 6156K init, 1324K bss, 270676K reserved, 0K cma-reserved)
[    0.206513] devtmpfs: initialized
[    0.207396] x86/mm: Memory block size: 128MB
[    0.214425] clocksource: jiffies: mask: 0xffffffff max_cycles: 0xffffffff, max_idle_ns: 1911260446275000 ns
[    0.215391] posixtimers hash table entries: 16384 (order: 6, 262144 bytes, linear)
[    0.216329] futex hash table entries: 8192 (order: 7, 524288 bytes, linear)
[    0.216760] PM: RTC time: 09:27:35, date: 2025-04-27
[    0.218175] NET: Registered PF_NETLINK/PF_ROUTE protocol family
[    0.219262] thermal_sys: Registered thermal governor 'step_wise'
[    0.219292] cpuidle: using governor menu
[    0.221114] PCI: Using configuration type 1 for base access
[    0.221388] PCI: Using configuration type 1 for extended access
[    0.222243] kprobes: kprobe jump-optimization is enabled. All kprobes are optimized if possible.
[    0.235570] HugeTLB: allocation took 0ms with hugepage_allocation_threads=8
[    0.236415] HugeTLB: registered 1.00 GiB page size, pre-allocated 0 pages
[    0.237249] HugeTLB: 16380 KiB vmemmap can be freed for a 1.00 GiB page
[    0.237388] HugeTLB: registered 2.00 MiB page size, pre-allocated 0 pages
[    0.238217] HugeTLB: 28 KiB vmemmap can be freed for a 2.00 MiB page
[    0.239736] ACPI: Added _OSI(Module Device)
[    0.240388] ACPI: Added _OSI(Processor Device)
[    0.240926] ACPI: Added _OSI(3.0 _SCP Extensions)
[    0.241388] ACPI: Added _OSI(Processor Aggregator Device)
[    0.266211] ACPI: 1 ACPI AML tables successfully acquired and loaded
[    0.271316] ACPI: Interpreter enabled
[    0.272448] ACPI: PM: (supports S0 S3 S4 S5)
[    0.272970] ACPI: Using IOAPIC for interrupt routing
[    0.273437] PCI: Using host bridge windows from ACPI; if necessary, use "pci=nocrs" and report a bug
[    0.274387] PCI: Using E820 reservations for host bridge windows
[    0.276221] ACPI: Enabled 2 GPEs in block 00 to 0F
[    0.325324] ACPI: PCI Root Bridge [PCI0] (domain 0000 [bus 00-ff])
[    0.326403] acpi PNP0A03:00: _OSC: OS supports [ExtendedConfig ASPM ClockPM Segments MSI HPX-Type3]
[    0.327896] PCI host bridge to bus 0000:00
[    0.328443] pci_bus 0000:00: root bus resource [io  0x0000-0x0cf7 window]
[    0.329273] pci_bus 0000:00: root bus resource [io  0x0d00-0xffff window]
[    0.330390] pci_bus 0000:00: root bus resource [mem 0x000a0000-0x000bffff window]
[    0.331300] pci_bus 0000:00: root bus resource [mem 0x40000000-0xfebfffff window]
[    0.332390] pci_bus 0000:00: root bus resource [mem 0x100000000-0x17fffffff window]
[    0.333323] pci_bus 0000:00: root bus resource [bus 00-ff]
[    0.333481] pci 0000:00:00.0: [8086:1237] type 00 class 0x060000 conventional PCI endpoint
[    0.335298] pci 0000:00:01.0: [8086:7000] type 00 class 0x060100 conventional PCI endpoint
[    0.337279] pci 0000:00:01.1: [8086:7010] type 00 class 0x010180 conventional PCI endpoint
[    0.338833] pci 0000:00:01.1: BAR 4 [io  0xc0c0-0xc0cf]
[    0.339406] pci 0000:00:01.1: BAR 0 [io  0x01f0-0x01f7]: legacy IDE quirk
[    0.340229] pci 0000:00:01.1: BAR 1 [io  0x03f6]: legacy IDE quirk
[    0.341388] pci 0000:00:01.1: BAR 2 [io  0x0170-0x0177]: legacy IDE quirk
[    0.342216] pci 0000:00:01.1: BAR 3 [io  0x0376]: legacy IDE quirk
[    0.344099] pci 0000:00:01.3: [8086:7113] type 00 class 0x068000 conventional PCI endpoint
[    0.344603] pci 0000:00:01.3: quirk: [io  0x0600-0x063f] claimed by PIIX4 ACPI
[    0.345392] pci 0000:00:01.3: quirk: [io  0x0700-0x070f] claimed by PIIX4 SMB
[    0.347024] pci 0000:00:02.0: [1af4:1009] type 00 class 0x000200 conventional PCI endpoint
[    0.349392] pci 0000:00:02.0: BAR 0 [io  0xc000-0xc03f]
[    0.350045] pci 0000:00:02.0: BAR 1 [mem 0xfebfc000-0xfebfcfff]
[    0.350402] pci 0000:00:02.0: BAR 4 [mem 0xfebf0000-0xfebf3fff 64bit pref]
[    0.363142] pci 0000:00:03.0: [1af4:1009] type 00 class 0x000200 conventional PCI endpoint
[    0.365392] pci 0000:00:03.0: BAR 0 [io  0xc040-0xc07f]
[    0.366051] pci 0000:00:03.0: BAR 1 [mem 0xfebfd000-0xfebfdfff]
[    0.367402] pci 0000:00:03.0: BAR 4 [mem 0xfebf4000-0xfebf7fff 64bit pref]
[    0.380071] pci 0000:00:04.0: [8086:25ab] type 00 class 0x088000 conventional PCI endpoint
[    0.380727] pci 0000:00:04.0: BAR 0 [mem 0xfebfe000-0xfebfe00f]
[    0.393074] pci 0000:00:05.0: [1af4:1003] type 00 class 0x078000 conventional PCI endpoint
[    0.395101] pci 0000:00:05.0: BAR 0 [io  0xc080-0xc0bf]
[    0.395393] pci 0000:00:05.0: BAR 1 [mem 0xfebff000-0xfebfffff]
[    0.396127] pci 0000:00:05.0: BAR 4 [mem 0xfebf8000-0xfebfbfff 64bit pref]
[    0.411637] ACPI: PCI: Interrupt link LNKA configured for IRQ 10
[    0.413344] ACPI: PCI: Interrupt link LNKB configured for IRQ 10
[    0.415345] ACPI: PCI: Interrupt link LNKC configured for IRQ 11
[    0.416339] ACPI: PCI: Interrupt link LNKD configured for IRQ 11
[    0.417787] ACPI: PCI: Interrupt link LNKS configured for IRQ 9
[    0.437406] iommu: Default domain type: Translated
[    0.438007] iommu: DMA domain TLB invalidation policy: lazy mode
[    0.439851] SCSI subsystem initialized
[    0.440617] pps_core: LinuxPPS API ver. 1 registered
[    0.441222] pps_core: Software ver. 5.3.6 - Copyright 2005-2007 Rodolfo Giometti <giometti@linux.it>
[    0.442403] PTP clock support registered
[    0.442961] Advanced Linux Sound Architecture Driver Initialized.
[    0.444536] NET: Registered PF_ATMPVC protocol family
[    0.445153] NET: Registered PF_ATMSVC protocol family
[    0.446426] PCI: Using ACPI for IRQ routing
[    0.447068] vgaarb: loaded
[    0.447504] hpet0: at MMIO 0xfed00000, IRQs 2, 8, 0
[    0.448104] hpet0: 3 comparators, 64-bit 100.000000 MHz counter
[    0.452511] clocksource: Switched to clocksource kvm-clock
[    0.453606] VFS: Disk quotas dquot_6.6.0
[    0.454096] VFS: Dquot-cache hash table entries: 512 (order 0, 4096 bytes)
[    0.455771] pnp: PnP ACPI init
[    0.458616] pnp: PnP ACPI: found 5 devices
[    0.470599] clocksource: acpi_pm: mask: 0xffffff max_cycles: 0xffffff, max_idle_ns: 2085701024 ns
[    0.471739] NET: Registered PF_INET protocol family
[    0.472373] IP idents hash table entries: 16384 (order: 5, 131072 bytes, linear)
[    0.473664] tcp_listen_portaddr_hash hash table entries: 512 (order: 1, 8192 bytes, linear)
[    0.474692] Table-perturb hash table entries: 65536 (order: 6, 262144 bytes, linear)
[    0.475650] TCP established hash table entries: 8192 (order: 4, 65536 bytes, linear)
[    0.476600] TCP bind hash table entries: 8192 (order: 6, 262144 bytes, linear)
[    0.477573] TCP: Hash tables configured (established 8192 bind 8192)
[    0.478506] UDP hash table entries: 512 (order: 3, 32768 bytes, linear)
[    0.479327] UDP-Lite hash table entries: 512 (order: 3, 32768 bytes, linear)
[    0.480397] NET: Registered PF_UNIX/PF_LOCAL protocol family
[    0.481099] pci_bus 0000:00: resource 4 [io  0x0000-0x0cf7 window]
[    0.481862] pci_bus 0000:00: resource 5 [io  0x0d00-0xffff window]
[    0.482612] pci_bus 0000:00: resource 6 [mem 0x000a0000-0x000bffff window]
[    0.483446] pci_bus 0000:00: resource 7 [mem 0x40000000-0xfebfffff window]
[    0.484269] pci_bus 0000:00: resource 8 [mem 0x100000000-0x17fffffff window]
[    0.485314] pci 0000:00:01.0: PIIX3: Enabling Passive Release
[    0.486012] pci 0000:00:00.0: Limiting direct PCI/PCI transfers
[    0.486762] PCI: CLS 0 bytes, default 64
[    0.487344] kvm_intel: VMX not supported by CPU 3
[    0.488066] kvm_amd: TSC scaling supported
[    0.488564] kvm_amd: Nested Virtualization enabled
[    0.489133] kvm_amd: Nested Paging enabled
[    0.489639] kvm_amd: LBR virtualization supported
[    0.490211] kvm_amd: Virtual GIF supported
[    0.490703] kvm_amd: Virtual NMI enabled
[    0.518809] clocksource: tsc: mask: 0xffffffffffffffff max_cycles: 0x40be215b5d9, max_idle_ns: 440795359804 ns
[    0.537605] Initialise system trusted keyrings
[    0.538279] workingset: timestamp_bits=56 max_order=18 bucket_order=0
[    0.539178] squashfs: version 4.0 (2009/01/31) Phillip Lougher
[    0.539908] fuse: init (API version 7.43)
[    0.540532] 9p: Installing v9fs 9p2000 file system support
[    0.550049] Key type asymmetric registered
[    0.550556] Asymmetric key parser 'x509' registered
[    0.551209] Block layer SCSI generic (bsg) driver version 0.4 loaded (major 249)
[    0.552140] io scheduler mq-deadline registered
[    0.552701] io scheduler kyber registered
[    0.555206] input: Power Button as /devices/LNXSYSTM:00/LNXPWRBN:00/input/input0
[    0.556351] ACPI: button: Power Button [PWRF]
[    0.558282] Warning: Processor Platform Limit event detected, but not handled.
[    0.559170] Consider compiling CPUfreq support into your kernel.
[    1.437096] ACPI: \_SB_.LNKB: Enabled at IRQ 10
[    2.307307] ACPI: \_SB_.LNKC: Enabled at IRQ 11
[    3.177768] ACPI: \_SB_.LNKA: Enabled at IRQ 10
[    3.179118] Serial: 8250/16550 driver, 4 ports, IRQ sharing enabled
[    3.180209] 00:03: ttyS0 at I/O 0x3f8 (irq = 4, base_baud = 115200) is a 16550A
[    3.204330] Non-volatile memory driver v1.3
[    3.204891] Linux agpgart interface v0.103
[    3.205636] ACPI: bus type drm_connector registered
[    3.206246] printk: legacy console [hvc0] enabled
[    3.206841] printk: legacy bootconsole [earlyser0] disabled
          _      _                                    
   __   _(_)_ __| |_ _ __ ___   ___       _ __   __ _ 
   \ \ / / |  __| __|  _   _ \ / _ \_____|  _ \ / _  |
    \ V /| | |  | |_| | | | | |  __/_____| | | | (_| |
     \_/ |_|_|   \__|_| |_| |_|\___|     |_| |_|\__  |
                                                |___/ 
   kernel version: 6.15.0-rc3-virtme x86_64
   (CTRL+d to exit)

root@virtme-ng:/nipa-data/kernel# PS1='xx__-> '
xx__-> env
PWD=/nipa-data/kernel
nr_open=1048576
HOME=/
TERM=xterm
SHLVL=2
XDG_RUNTIME_DIR=/run/user/0
PATH=/bin:/sbin:/usr/bin:/usr/sbin:/usr/local/bin
OLDPWD=/
_=/bin/env
xx__-> 