No EFI environment detected.
early console in extract_kernel
input_data: 0x0000000004cb72c4
input_len: 0x00000000018d4276
output: 0x0000000001000000
output_len: 0x0000000005515980
kernel_total_size: 0x0000000005030000
needed_size: 0x0000000005600000
trampoline_32bit: 0x0000000000000000
Physical KASLR using RDRAND RDTSC...
Virtual KASLR using RDRAND RDTSC...

Decompressing Linux... Parsing ELF... Performing relocations... done.
Booting the kernel (entry_offset: 0x0000000000000000).
[    0.000000] Linux version 6.12.0-rc5-virtme (root@692635930adf) (gcc (Ubuntu 13.2.0-23ubuntu4) 13.2.0, GNU ld (GNU Binutils for Ubuntu) 2.42) #1 SMP PREEMPT_DYNAMIC Mon Nov  4 03:26:39 UTC 2024
[    0.000000] Command line: virtme_hostname=virtme-ng nr_open=1048576 virtme_link_mods=/nipa-data/kernel/.virtme_mods/lib/modules/0.0.0 virtme_initmount0=nipa-data/kernel virtme_rw_overlay0=/etc virtme_rw_overlay1=/lib virtme_rw_overlay2=/home virtme_rw_overlay3=/opt virtme_rw_overlay4=/srv virtme_rw_overlay5=/usr virtme_rw_overlay6=/var console=hvc0 earlyprintk=serial,ttyS0,115200 virtme_console=ttyS0 psmouse.proto=exps TERM=xterm virtme_chdir=nipa-data/kernel virtme_root_user=1 rootfstype=9p rootflags=version=9p2000.L,trans=virtio,access=any raid=noautodetect ro init=/usr/lib/python3/dist-packages/virtme/guest/virtme-init
[    0.000000] BIOS-provided physical RAM map:
[    0.000000] BIOS-e820: [mem 0x0000000000000000-0x000000000009fbff] usable
[    0.000000] BIOS-e820: [mem 0x000000000009fc00-0x000000000009ffff] reserved
[    0.000000] BIOS-e820: [mem 0x00000000000f0000-0x00000000000fffff] reserved
[    0.000000] BIOS-e820: [mem 0x0000000000100000-0x000000003ffdffff] usable
[    0.000000] BIOS-e820: [mem 0x000000003ffe0000-0x000000003fffffff] reserved
[    0.000000] BIOS-e820: [mem 0x00000000feffc000-0x00000000feffffff] reserved
[    0.000000] BIOS-e820: [mem 0x00000000fffc0000-0x00000000ffffffff] reserved
[    0.000000] BIOS-e820: [mem 0x000000fd00000000-0x000000ffffffffff] reserved
[    0.000000] printk: legacy bootconsole [earlyser0] enabled
[    0.000000] NX (Execute Disable) protection: active
[    0.000000] APIC: Static calls initialized
[    0.000000] SMBIOS 3.0.0 present.
[    0.000000] DMI: QEMU Ubuntu 24.04 PC (i440FX + PIIX, 1996), BIOS 1.16.3-debian-1.16.3-2 04/01/2014
[    0.000000] DMI: Memory slots populated: 1/1
[    0.000000] Hypervisor detected: KVM
[    0.000000] kvm-clock: Using msrs 4b564d01 and 4b564d00
[    0.000000] kvm-clock: using sched offset of 292228882 cycles
[    0.000339] clocksource: kvm-clock: mask: 0xffffffffffffffff max_cycles: 0x1cd42e4dffb, max_idle_ns: 881590591483 ns
[    0.001391] tsc: Detected 4491.560 MHz processor
[    0.002010] last_pfn = 0x3ffe0 max_arch_pfn = 0x400000000
[    0.002382] MTRR map: 4 entries (3 fixed + 1 variable; max 19), built from 8 variable MTRRs
[    0.002924] x86/PAT: Configuration [0-7]: WB  WC  UC- UC  WB  WP  UC- WT  
[    0.004796] found SMP MP-table at [mem 0x000f5470-0x000f547f]
[    0.005173] Using GB pages for direct mapping
[    0.005642] ACPI: Early table checksum verification disabled
[    0.006009] ACPI: RSDP 0x00000000000F5290 000014 (v00 BOCHS )
[    0.006383] ACPI: RSDT 0x000000003FFE27BC 000034 (v01 BOCHS  BXPC     00000001 BXPC 00000001)
[    0.006940] ACPI: FACP 0x000000003FFE2578 000074 (v01 BOCHS  BXPC     00000001 BXPC 00000001)
[    0.007498] ACPI: DSDT 0x000000003FFE0040 002538 (v01 BOCHS  BXPC     00000001 BXPC 00000001)
[    0.008052] ACPI: FACS 0x000000003FFE0000 000040
[    0.008352] ACPI: APIC 0x000000003FFE25EC 000170 (v03 BOCHS  BXPC     00000001 BXPC 00000001)
[    0.008906] ACPI: HPET 0x000000003FFE275C 000038 (v01 BOCHS  BXPC     00000001 BXPC 00000001)
[    0.009462] ACPI: WAET 0x000000003FFE2794 000028 (v01 BOCHS  BXPC     00000001 BXPC 00000001)
[    0.010012] ACPI: Reserving FACP table memory at [mem 0x3ffe2578-0x3ffe25eb]
[    0.010470] ACPI: Reserving DSDT table memory at [mem 0x3ffe0040-0x3ffe2577]
[    0.010926] ACPI: Reserving FACS table memory at [mem 0x3ffe0000-0x3ffe003f]
[    0.011384] ACPI: Reserving APIC table memory at [mem 0x3ffe25ec-0x3ffe275b]
[    0.011839] ACPI: Reserving HPET table memory at [mem 0x3ffe275c-0x3ffe2793]
[    0.012294] ACPI: Reserving WAET table memory at [mem 0x3ffe2794-0x3ffe27bb]
[    0.012933] No NUMA configuration found
[    0.013181] Faking a node at [mem 0x0000000000000000-0x000000003ffdffff]
[    0.013619] NODE_DATA(0) allocated [mem 0x3ffdb780-0x3ffdffff]
[    0.014012] Zone ranges:
[    0.014176]   DMA      [mem 0x0000000000001000-0x0000000000ffffff]
[    0.014580]   DMA32    [mem 0x0000000001000000-0x000000003ffdffff]
[    0.014980]   Normal   empty
[    0.015168]   Device   empty
[    0.015354] Movable zone start for each node
[    0.015632] Early memory node ranges
[    0.015862]   node   0: [mem 0x0000000000001000-0x000000000009efff]
[    0.016265]   node   0: [mem 0x0000000000100000-0x000000003ffdffff]
[    0.016669] Initmem setup node 0 [mem 0x0000000000001000-0x000000003ffdffff]
[    0.017126] On node 0, zone DMA: 1 pages in unavailable ranges
[    0.017556] On node 0, zone DMA: 97 pages in unavailable ranges
[    0.022037] On node 0, zone DMA32: 32 pages in unavailable ranges
[    0.030829] kasan: KernelAddressSanitizer initialized
[    0.031372] ACPI: PM-Timer IO Port: 0x608
[    0.031642] ACPI: LAPIC_NMI (acpi_id[0xff] dfl dfl lint[0x1])
[    0.032035] IOAPIC[0]: apic_id 0, version 17, address 0xfec00000, GSI 0-23
[    0.032482] ACPI: INT_SRC_OVR (bus 0 bus_irq 0 global_irq 2 dfl dfl)
[    0.032895] ACPI: INT_SRC_OVR (bus 0 bus_irq 5 global_irq 5 high level)
[    0.033324] ACPI: INT_SRC_OVR (bus 0 bus_irq 9 global_irq 9 high level)
[    0.033752] ACPI: INT_SRC_OVR (bus 0 bus_irq 10 global_irq 10 high level)
[    0.034192] ACPI: INT_SRC_OVR (bus 0 bus_irq 11 global_irq 11 high level)
[    0.034633] ACPI: Using ACPI (MADT) for SMP configuration information
[    0.035054] ACPI: HPET id: 0x8086a201 base: 0xfed00000
[    0.035388] TSC deadline timer available
[    0.035645] CPU topo: Max. logical packages:   1
[    0.035944] CPU topo: Max. logical dies:       1
[    0.036243] CPU topo: Max. dies per package:   1
[    0.036544] CPU topo: Max. threads per core:   1
[    0.036843] CPU topo: Num. cores per package:    32
[    0.037159] CPU topo: Num. threads per package:  32
[    0.037478] CPU topo: Allowing 32 present CPUs plus 0 hotplug CPUs
[    0.037891] kvm-guest: APIC: eoi() replaced with kvm_guest_apic_eoi_write()
[    0.038352] kvm-guest: KVM setup pv remote TLB flush
[    0.038673] kvm-guest: setup PV sched yield
[    0.038948] PM: hibernation: Registered nosave memory: [mem 0x00000000-0x00000fff]
[    0.039439] PM: hibernation: Registered nosave memory: [mem 0x0009f000-0x0009ffff]
[    0.039927] PM: hibernation: Registered nosave memory: [mem 0x000a0000-0x000effff]
[    0.040415] PM: hibernation: Registered nosave memory: [mem 0x000f0000-0x000fffff]
[    0.040903] [mem 0x40000000-0xfeffbfff] available for PCI devices
[    0.041296] Booting paravirtualized kernel on KVM
[    0.041601] clocksource: refined-jiffies: mask: 0xffffffff max_cycles: 0xffffffff, max_idle_ns: 1910969940391419 ns
[    0.050047] setup_percpu: NR_CPUS:64 nr_cpumask_bits:32 nr_cpu_ids:32 nr_node_ids:1
[    0.051770] percpu: Embedded 70 pages/cpu s248216 r8192 d30312 u524288
[    0.052263] Kernel command line: virtme_hostname=virtme-ng nr_open=1048576 virtme_link_mods=/nipa-data/kernel/.virtme_mods/lib/modules/0.0.0 virtme_initmount0=nipa-data/kernel virtme_rw_overlay0=/etc virtme_rw_overlay1=/lib virtme_rw_overlay2=/home virtme_rw_overlay3=/opt virtme_rw_overlay4=/srv virtme_rw_overlay5=/usr virtme_rw_overlay6=/var console=hvc0 earlyprintk=serial,ttyS0,115200 virtme_console=ttyS0 psmouse.proto=exps TERM=xterm virtme_chdir=nipa-data/kernel virtme_root_user=1 rootfstype=9p rootflags=version=9p2000.L,trans=virtio,access=any raid=noautodetect ro init=/usr/lib/python3/dist-packages/virtme/guest/virtme-init
[    0.056119] Unknown kernel command line parameters "virtme_hostname=virtme-ng nr_open=1048576 virtme_link_mods=/nipa-data/kernel/.virtme_mods/lib/modules/0.0.0 virtme_initmount0=nipa-data/kernel virtme_rw_overlay0=/etc virtme_rw_overlay1=/lib virtme_rw_overlay2=/home virtme_rw_overlay3=/opt virtme_rw_overlay4=/srv virtme_rw_overlay5=/usr virtme_rw_overlay6=/var virtme_console=ttyS0 virtme_chdir=nipa-data/kernel virtme_root_user=1", will be passed to user space.
[    0.059030] random: crng init done
[    0.059284] Dentry cache hash table entries: 131072 (order: 8, 1048576 bytes, linear)
[    0.059821] Inode-cache hash table entries: 65536 (order: 7, 524288 bytes, linear)
[    0.060745] Fallback order for Node 0: 0 
[    0.060748] Built 1 zonelists, mobility grouping on.  Total pages: 262014
[    0.061468] Policy zone: DMA32
[    0.061671] mem auto-init: stack:all(zero), heap alloc:off, heap free:off
[    0.062123] stackdepot: allocating hash table via alloc_large_system_hash
[    0.062574] stackdepot hash table entries: 1048576 (order: 12, 16777216 bytes, linear)
[    0.070523] SLUB: HWalign=64, Order=0-3, MinObjects=0, CPUs=32, Nodes=1
Poking KASLR using RDRAND RDTSC...
[    0.071256] ftrace: allocating 48623 entries in 190 pages
[    0.079565] ftrace: allocated 190 pages with 6 groups
[    0.080716] Dynamic Preempt: voluntary
[    0.081399] rcu: Preemptible hierarchical RCU implementation.
[    0.081779] rcu: RCU event tracing is enabled.
[    0.082079] rcu: RCU restricting CPUs from NR_CPUS=64 to nr_cpu_ids=32.
[    0.082527] Trampoline variant of Tasks RCU enabled.
[    0.082859] Rude variant of Tasks RCU enabled.
[    0.083169] Tracing variant of Tasks RCU enabled.
[    0.083485] rcu: RCU calculated value of scheduler-enlistment delay is 100 jiffies.
[    0.083996] rcu: Adjusting geometry for rcu_fanout_leaf=16, nr_cpu_ids=32
[    0.084508] RCU Tasks: Setting shift to 5 and lim to 1 rcu_task_cb_adjust=1 rcu_task_cpu_ids=32.
[    0.085091] RCU Tasks Rude: Setting shift to 5 and lim to 1 rcu_task_cb_adjust=1 rcu_task_cpu_ids=32.
[    0.085706] RCU Tasks Trace: Setting shift to 5 and lim to 1 rcu_task_cb_adjust=1 rcu_task_cpu_ids=32.
[    0.094174] NR_IRQS: 4352, nr_irqs: 680, preallocated irqs: 16
[    0.094811] rcu: srcu_init: Setting srcu_struct sizes based on contention.
[    0.095479] Console: colour *CGA 80x25
[    0.095763] ACPI: Core revision 20240827
[    0.096168] clocksource: hpet: mask: 0xffffffff max_cycles: 0xffffffff, max_idle_ns: 19112604467 ns
[    0.096840] APIC: Switch to symmetric I/O mode setup
[    0.097197] kvm-guest: APIC: send_IPI_mask() replaced with kvm_send_ipi_mask()
[    0.097682] kvm-guest: APIC: send_IPI_mask_allbutself() replaced with kvm_send_ipi_mask_allbutself()
[    0.098273] kvm-guest: setup PV IPIs
[    0.099331] ..TIMER: vector=0x30 apic1=0 pin1=2 apic2=-1 pin2=-1
[    0.100072] clocksource: tsc-early: mask: 0xffffffffffffffff max_cycles: 0x40be4320a4d, max_idle_ns: 440795288133 ns
[    0.101340] Calibrating delay loop (skipped) preset value.. 8983.12 BogoMIPS (lpj=4491560)
[    0.102400] x86/cpu: User Mode Instruction Prevention (UMIP) activated
[    0.103396] Last level iTLB entries: 4KB 512, 2MB 255, 4MB 127
[    0.104338] Last level dTLB entries: 4KB 512, 2MB 255, 4MB 127, 1GB 0
[    0.105117] Spectre V1 : Mitigation: usercopy/swapgs barriers and __user pointer sanitization
[    0.105342] Spectre V2 : Mitigation: Enhanced / Automatic IBRS
[    0.106338] Spectre V2 : Spectre v2 / SpectreRSB mitigation: Filling RSB on context switch
[    0.107340] Spectre V2 : mitigation: Enabling conditional Indirect Branch Prediction Barrier
[    0.108340] Speculative Store Bypass: Mitigation: Speculative Store Bypass disabled via prctl
[    0.109338] Speculative Return Stack Overflow: IBPB-extending microcode not applied!
[    0.110338] Speculative Return Stack Overflow: WARNING: See https://kernel.org/doc/html/latest/admin-guide/hw-vuln/srso.html for mitigation options.
[    0.110339] Speculative Return Stack Overflow: Vulnerable: Safe RET, no microcode
[    0.112353] x86/fpu: Supporting XSAVE feature 0x001: 'x87 floating point registers'
[    0.113338] x86/fpu: Supporting XSAVE feature 0x002: 'SSE registers'
[    0.114075] x86/fpu: Supporting XSAVE feature 0x004: 'AVX registers'
[    0.114338] x86/fpu: Supporting XSAVE feature 0x020: 'AVX-512 opmask'
[    0.115338] x86/fpu: Supporting XSAVE feature 0x040: 'AVX-512 Hi256'
[    0.116338] x86/fpu: Supporting XSAVE feature 0x080: 'AVX-512 ZMM_Hi256'
[    0.117114] x86/fpu: Supporting XSAVE feature 0x200: 'Protection Keys User registers'
[    0.117338] x86/fpu: xstate_offset[2]:  576, xstate_sizes[2]:  256
[    0.118338] x86/fpu: xstate_offset[5]:  832, xstate_sizes[5]:   64
[    0.119338] x86/fpu: xstate_offset[6]:  896, xstate_sizes[6]:  512
[    0.120338] x86/fpu: xstate_offset[7]: 1408, xstate_sizes[7]: 1024
[    0.121054] x86/fpu: xstate_offset[9]: 2432, xstate_sizes[9]:    8
[    0.121338] x86/fpu: Enabled xstate features 0x2e7, context size is 2440 bytes, using 'compacted' format.
[    0.143101] Freeing SMP alternatives memory: 40K
[    0.143340] pid_max: default: 32768 minimum: 301
[    0.143986] Mount-cache hash table entries: 2048 (order: 2, 16384 bytes, linear)
[    0.144339] Mountpoint-cache hash table entries: 2048 (order: 2, 16384 bytes, linear)
[    0.146699] smpboot: CPU0: AMD Ryzen 9 7950X 16-Core Processor (family: 0x19, model: 0x61, stepping: 0x2)
[    0.147786] Performance Events: Fam17h+ core perfctr, AMD PMU driver.
[    0.148343] ... version:                0
[    0.148807] ... bit width:              48
[    0.149281] ... generic registers:      6
[    0.149340] ... value mask:             0000ffffffffffff
[    0.149955] ... max period:             00007fffffffffff
[    0.150340] ... fixed-purpose events:   0
[    0.150804] ... event mask:             000000000000003f
[    0.151446] signal: max sigframe size: 3376
[    0.151977] rcu: Hierarchical SRCU implementation.
[    0.152340] rcu: Max phase no-delay instances is 400.
[    0.153012] Timer migration: 2 hierarchy levels; 8 children per group; 2 crossnode level
[    0.156999] smp: Bringing up secondary CPUs ...
[    0.157617] smpboot: x86: Booting SMP configuration:
[    0.158195] .... node  #0, CPUs:        #1  #2  #3  #4  #5  #6  #7  #8  #9 #10 #11 #12 #13 #14 #15 #16 #17 #18 #19 #20 #21 #22 #23 #24 #25 #26 #27 #28 #29 #30 #31
[    0.182448] smp: Brought up 1 node, 32 CPUs
[    0.183840] smpboot: Total of 32 processors activated (287459.84 BogoMIPS)
[    0.187458] Memory: 763416K/1048056K available (45056K kernel code, 11391K rwdata, 10016K rodata, 6008K init, 1776K bss, 269016K reserved, 0K cma-reserved)
[    0.188482] devtmpfs: initialized
[    0.188907] x86/mm: Memory block size: 128MB
[    0.194963] clocksource: jiffies: mask: 0xffffffff max_cycles: 0xffffffff, max_idle_ns: 1911260446275000 ns
[    0.195345] futex hash table entries: 8192 (order: 7, 524288 bytes, linear)
[    0.196508] PM: RTC time: 03:27:04, date: 2024-11-04
[    0.197744] NET: Registered PF_NETLINK/PF_ROUTE protocol family
[    0.199168] thermal_sys: Registered thermal governor 'step_wise'
[    0.199171] thermal_sys: Registered thermal governor 'user_space'
[    0.199367] cpuidle: using governor menu
[    0.201598] PCI: Using configuration type 1 for base access
[    0.202272] PCI: Using configuration type 1 for extended access
[    0.202464] kprobes: kprobe jump-optimization is enabled. All kprobes are optimized if possible.
[    0.220425] HugeTLB: registered 1.00 GiB page size, pre-allocated 0 pages
[    0.221340] HugeTLB: 16380 KiB vmemmap can be freed for a 1.00 GiB page
[    0.222136] HugeTLB: registered 2.00 MiB page size, pre-allocated 0 pages
[    0.222340] HugeTLB: 28 KiB vmemmap can be freed for a 2.00 MiB page
[    0.223644] ACPI: Added _OSI(Module Device)
[    0.224154] ACPI: Added _OSI(Processor Device)
[    0.224340] ACPI: Added _OSI(3.0 _SCP Extensions)
[    0.224901] ACPI: Added _OSI(Processor Aggregator Device)
[    0.247150] ACPI: 1 ACPI AML tables successfully acquired and loaded
[    0.250941] ACPI: Interpreter enabled
[    0.251397] ACPI: PM: (supports S0 S3 S4 S5)
[    0.251910] ACPI: Using IOAPIC for interrupt routing
[    0.252390] PCI: Using host bridge windows from ACPI; if necessary, use "pci=nocrs" and report a bug
[    0.253340] PCI: Using E820 reservations for host bridge windows
[    0.255057] ACPI: Enabled 2 GPEs in block 00 to 0F
[    0.299628] ACPI: PCI Root Bridge [PCI0] (domain 0000 [bus 00-ff])
[    0.300353] acpi PNP0A03:00: _OSC: OS supports [ExtendedConfig ASPM ClockPM Segments MSI HPX-Type3]
[    0.301812] PCI host bridge to bus 0000:00
[    0.302359] pci_bus 0000:00: root bus resource [io  0x0000-0x0cf7 window]
[    0.303174] pci_bus 0000:00: root bus resource [io  0x0d00-0xffff window]
[    0.303342] pci_bus 0000:00: root bus resource [mem 0x000a0000-0x000bffff window]
[    0.304237] pci_bus 0000:00: root bus resource [mem 0x40000000-0xfebfffff window]
[    0.304343] pci_bus 0000:00: root bus resource [mem 0x100000000-0x17fffffff window]
[    0.305262] pci_bus 0000:00: root bus resource [bus 00-ff]
[    0.305431] pci 0000:00:00.0: [8086:1237] type 00 class 0x060000 conventional PCI endpoint
[    0.307152] pci 0000:00:01.0: [8086:7000] type 00 class 0x060100 conventional PCI endpoint
[    0.308190] pci 0000:00:01.1: [8086:7010] type 00 class 0x010180 conventional PCI endpoint
[    0.309458] pci 0000:00:01.1: BAR 4 [io  0xc0c0-0xc0cf]
[    0.310511] pci 0000:00:01.1: BAR 0 [io  0x01f0-0x01f7]: legacy IDE quirk
[    0.311328] pci 0000:00:01.1: BAR 1 [io  0x03f6]: legacy IDE quirk
[    0.311340] pci 0000:00:01.1: BAR 2 [io  0x0170-0x0177]: legacy IDE quirk
[    0.312152] pci 0000:00:01.1: BAR 3 [io  0x0376]: legacy IDE quirk
[    0.312992] pci 0000:00:01.3: [8086:7113] type 00 class 0x068000 conventional PCI endpoint
[    0.313590] pci 0000:00:01.3: quirk: [io  0x0600-0x063f] claimed by PIIX4 ACPI
[    0.314344] pci 0000:00:01.3: quirk: [io  0x0700-0x070f] claimed by PIIX4 SMB
[    0.315884] pci 0000:00:02.0: [1af4:1009] type 00 class 0x000200 conventional PCI endpoint
[    0.316779] pci 0000:00:02.0: BAR 0 [io  0xc000-0xc03f]
[    0.317719] pci 0000:00:02.0: BAR 1 [mem 0xfebfc000-0xfebfcfff]
[    0.320340] pci 0000:00:02.0: BAR 4 [mem 0xfebf0000-0xfebf3fff 64bit pref]
[    0.332540] pci 0000:00:03.0: [1af4:1009] type 00 class 0x000200 conventional PCI endpoint
[    0.333749] pci 0000:00:03.0: BAR 0 [io  0xc040-0xc07f]
[    0.334639] pci 0000:00:03.0: BAR 1 [mem 0xfebfd000-0xfebfdfff]
[    0.336512] pci 0000:00:03.0: BAR 4 [mem 0xfebf4000-0xfebf7fff 64bit pref]
[    0.348198] pci 0000:00:04.0: [8086:25ab] type 00 class 0x088000 conventional PCI endpoint
[    0.348517] pci 0000:00:04.0: BAR 0 [mem 0xfebfe000-0xfebfe00f]
[    0.360525] pci 0000:00:05.0: [1af4:1003] type 00 class 0x078000 conventional PCI endpoint
[    0.361702] pci 0000:00:05.0: BAR 0 [io  0xc080-0xc0bf]
[    0.362490] pci 0000:00:05.0: BAR 1 [mem 0xfebff000-0xfebfffff]
[    0.364185] pci 0000:00:05.0: BAR 4 [mem 0xfebf8000-0xfebfbfff 64bit pref]
[    0.378028] ACPI: PCI: Interrupt link LNKA configured for IRQ 10
[    0.379223] ACPI: PCI: Interrupt link LNKB configured for IRQ 10
[    0.380212] ACPI: PCI: Interrupt link LNKC configured for IRQ 11
[    0.381205] ACPI: PCI: Interrupt link LNKD configured for IRQ 11
[    0.381702] ACPI: PCI: Interrupt link LNKS configured for IRQ 9
[    0.399603] iommu: Default domain type: Translated
[    0.400185] iommu: DMA domain TLB invalidation policy: lazy mode
[    0.400768] SCSI subsystem initialized
[    0.401537] pps_core: LinuxPPS API ver. 1 registered
[    0.402134] pps_core: Software ver. 5.3.6 - Copyright 2005-2007 Rodolfo Giometti <giometti@linux.it>
[    0.402354] PTP clock support registered
[    0.402901] Advanced Linux Sound Architecture Driver Initialized.
[    0.404366] NET: Registered PF_ATMPVC protocol family
[    0.404977] NET: Registered PF_ATMSVC protocol family
[    0.405377] PCI: Using ACPI for IRQ routing
[    0.406006] vgaarb: loaded
[    0.406455] hpet0: at MMIO 0xfed00000, IRQs 2, 8, 0
[    0.407044] hpet0: 3 comparators, 64-bit 100.000000 MHz counter
[    0.410535] clocksource: Switched to clocksource kvm-clock
[    0.411521] VFS: Disk quotas dquot_6.6.0
[    0.412002] VFS: Dquot-cache hash table entries: 512 (order 0, 4096 bytes)
[    0.413490] pnp: PnP ACPI init
[    0.416096] pnp: PnP ACPI: found 5 devices
[    0.427820] clocksource: acpi_pm: mask: 0xffffff max_cycles: 0xffffff, max_idle_ns: 2085701024 ns
[    0.428943] NET: Registered PF_INET protocol family
[    0.429561] IP idents hash table entries: 16384 (order: 5, 131072 bytes, linear)
[    0.430845] tcp_listen_portaddr_hash hash table entries: 512 (order: 1, 8192 bytes, linear)
[    0.431849] Table-perturb hash table entries: 65536 (order: 6, 262144 bytes, linear)
[    0.432791] TCP established hash table entries: 8192 (order: 4, 65536 bytes, linear)
[    0.433716] TCP bind hash table entries: 8192 (order: 6, 262144 bytes, linear)
[    0.434575] TCP: Hash tables configured (established 8192 bind 8192)
[    0.435479] UDP hash table entries: 512 (order: 2, 16384 bytes, linear)
[    0.436265] UDP-Lite hash table entries: 512 (order: 2, 16384 bytes, linear)
[    0.437291] NET: Registered PF_UNIX/PF_LOCAL protocol family
[    0.437977] pci_bus 0000:00: resource 4 [io  0x0000-0x0cf7 window]
[    0.438712] pci_bus 0000:00: resource 5 [io  0x0d00-0xffff window]
[    0.439444] pci_bus 0000:00: resource 6 [mem 0x000a0000-0x000bffff window]
[    0.440256] pci_bus 0000:00: resource 7 [mem 0x40000000-0xfebfffff window]
[    0.441069] pci_bus 0000:00: resource 8 [mem 0x100000000-0x17fffffff window]
[    0.442089] pci 0000:00:01.0: PIIX3: Enabling Passive Release
[    0.442777] pci 0000:00:00.0: Limiting direct PCI/PCI transfers
[    0.443515] PCI: CLS 0 bytes, default 64
[    0.444043] kvm_intel: VMX not supported by CPU 0
[    0.444784] kvm_amd: TSC scaling supported
[    0.445274] kvm_amd: Nested Virtualization enabled
[    0.445834] kvm_amd: Nested Paging enabled
[    0.446319] kvm_amd: LBR virtualization supported
[    0.446890] kvm_amd: Virtual VMLOAD VMSAVE supported
[    0.447475] kvm_amd: Virtual GIF supported
[    0.447954] kvm_amd: Virtual NMI enabled
[    0.478910] clocksource: tsc: mask: 0xffffffffffffffff max_cycles: 0x40be4320a4d, max_idle_ns: 440795288133 ns
[    0.497199] Initialise system trusted keyrings
[    0.498168] workingset: timestamp_bits=56 max_order=18 bucket_order=0
[    0.499042] squashfs: version 4.0 (2009/01/31) Phillip Lougher
[    0.499761] fuse: init (API version 7.41)
[    0.500371] 9p: Installing v9fs 9p2000 file system support
[    0.509798] Key type asymmetric registered
[    0.510301] Asymmetric key parser 'x509' registered
[    0.510942] Block layer SCSI generic (bsg) driver version 0.4 loaded (major 249)
[    0.511857] io scheduler mq-deadline registered
[    0.512402] io scheduler kyber registered
[    0.515033] input: Power Button as /devices/LNXSYSTM:00/LNXPWRBN:00/input/input0
[    0.516125] ACPI: button: Power Button [PWRF]
[    0.517945] Warning: Processor Platform Limit event detected, but not handled.
[    0.518813] Consider compiling CPUfreq support into your kernel.
[    1.302687] ACPI: \_SB_.LNKB: Enabled at IRQ 10
[    2.099083] ACPI: \_SB_.LNKC: Enabled at IRQ 11
[    2.903201] ACPI: \_SB_.LNKA: Enabled at IRQ 10
[    2.904538] Serial: 8250/16550 driver, 4 ports, IRQ sharing enabled
[    2.905657] 00:03: ttyS0 at I/O 0x3f8 (irq = 4, base_baud = 115200) is a 16550A
[    2.933290] Non-volatile memory driver v1.3
[    2.933828] Linux agpgart interface v0.103
[    2.934554] ACPI: bus type drm_connector registered
[    2.935190] printk: legacy console [hvc0] enabled
[    2.935792] printk: legacy bootconsole [earlyser0] disabled
          _      _                                    
   __   _(_)_ __| |_ _ __ ___   ___       _ __   __ _ 
   \ \ / / |  __| __|  _   _ \ / _ \_____|  _ \ / _  |
    \ V /| | |  | |_| | | | | |  __/_____| | | | (_| |
     \_/ |_|_|   \__|_| |_| |_|\___|     |_| |_|\__  |
                                                |___/ 
   kernel version: 6.12.0-rc5-virtme x86_64
   (CTRL+d to exit)

root@virtme-ng:/nipa-data/kernel# PS1='xx__-> '
xx__-> env
PWD=/nipa-data/kernel
nr_open=1048576
HOME=/
TERM=xterm
SHLVL=2
XDG_RUNTIME_DIR=/run/user/0
PATH=/bin:/sbin:/usr/bin:/usr/sbin:/usr/local/bin
OLDPWD=/
_=/bin/env
xx__-> 