No EFI environment detected.
early console in extract_kernel
input_data: 0x0000000002be92c4
input_len: 0x0000000000b3e631
output: 0x0000000001000000
output_len: 0x00000000026dfb88
kernel_total_size: 0x0000000002430000
needed_size: 0x0000000002800000
trampoline_32bit: 0x0000000000000000
Physical KASLR using RDRAND RDTSC...
Virtual KASLR using RDRAND RDTSC...

Decompressing Linux... Parsing ELF... Performing relocations... done.
Booting the kernel (entry_offset: 0x0000000000000000).
[    0.000000] Linux version 6.9.0-virtme (root@417895e4b4c8) (gcc (Alpine 13.2.1_git20240309) 13.2.1 20240309, GNU ld (GNU Binutils) 2.42) #1 SMP PREEMPT_DYNAMIC Mon May 27 21:06:27 UTC 2024
[    0.000000] Command line: virtme_hostname=virtme-ng nr_open=1048576 virtme_link_mods=/nipa-data/kernel/.virtme_mods/lib/modules/0.0.0 virtme_initmount0=nipa-data/kernel virtme_rw_overlay0=/etc virtme_rw_overlay1=/lib virtme_rw_overlay2=/home virtme_rw_overlay3=/opt virtme_rw_overlay4=/srv virtme_rw_overlay5=/usr virtme_rw_overlay6=/var console=hvc0 earlyprintk=serial,ttyS0,115200 virtme_console=ttyS0 psmouse.proto=exps TERM=xterm virtme_chdir=nipa-data/kernel virtme_root_user=1 rootfstype=9p rootflags=version=9p2000.L,trans=virtio,access=any raid=noautodetect ro init=/usr/lib/python3.12/site-packages/virtme/guest/virtme-init
[    0.000000] BIOS-provided physical RAM map:
[    0.000000] BIOS-e820: [mem 0x0000000000000000-0x000000000009fbff] usable
[    0.000000] BIOS-e820: [mem 0x000000000009fc00-0x000000000009ffff] reserved
[    0.000000] BIOS-e820: [mem 0x00000000000f0000-0x00000000000fffff] reserved
[    0.000000] BIOS-e820: [mem 0x0000000000100000-0x000000003ffdffff] usable
[    0.000000] BIOS-e820: [mem 0x000000003ffe0000-0x000000003fffffff] reserved
[    0.000000] BIOS-e820: [mem 0x00000000feffc000-0x00000000feffffff] reserved
[    0.000000] BIOS-e820: [mem 0x00000000fffc0000-0x00000000ffffffff] reserved
[    0.000000] BIOS-e820: [mem 0x000000fd00000000-0x000000ffffffffff] reserved
[    0.000000] printk: legacy bootconsole [earlyser0] enabled
[    0.000000] NX (Execute Disable) protection: active
[    0.000000] APIC: Static calls initialized
[    0.000000] SMBIOS 2.8 present.
[    0.000000] DMI: QEMU Standard PC (i440FX + PIIX, 1996), BIOS rel-1.16.3-0-ga6ed6b701f0a-prebuilt.qemu.org 04/01/2014
[    0.000000] DMI: Memory slots populated: 1/1
[    0.000000] Hypervisor detected: KVM
[    0.000000] kvm-clock: Using msrs 4b564d01 and 4b564d00
[    0.000000] kvm-clock: using sched offset of 242097988 cycles
[    0.000387] clocksource: kvm-clock: mask: 0xffffffffffffffff max_cycles: 0x1cd42e4dffb, max_idle_ns: 881590591483 ns
[    0.001583] tsc: Detected 4491.556 MHz processor
[    0.002183] last_pfn = 0x3ffe0 max_arch_pfn = 0x400000000
[    0.002606] MTRR map: 4 entries (3 fixed + 1 variable; max 19), built from 8 variable MTRRs
[    0.003219] x86/PAT: Configuration [0-7]: WB  WC  UC- UC  WB  WP  UC- WT  
Memory KASLR using RDRAND RDTSC...
[    0.005260] found SMP MP-table at [mem 0x000f5470-0x000f547f]
[    0.005687] Using GB pages for direct mapping
[    0.006030] ACPI: Early table checksum verification disabled
[    0.006445] ACPI: RSDP 0x00000000000F5290 000014 (v00 BOCHS )
[    0.006868] ACPI: RSDT 0x000000003FFE27BC 000034 (v01 BOCHS  BXPC     00000001 BXPC 00000001)
[    0.007495] ACPI: FACP 0x000000003FFE2578 000074 (v01 BOCHS  BXPC     00000001 BXPC 00000001)
[    0.008120] ACPI: DSDT 0x000000003FFE0040 002538 (v01 BOCHS  BXPC     00000001 BXPC 00000001)
[    0.008749] ACPI: FACS 0x000000003FFE0000 000040
[    0.009088] ACPI: APIC 0x000000003FFE25EC 000170 (v03 BOCHS  BXPC     00000001 BXPC 00000001)
[    0.009713] ACPI: HPET 0x000000003FFE275C 000038 (v01 BOCHS  BXPC     00000001 BXPC 00000001)
[    0.010339] ACPI: WAET 0x000000003FFE2794 000028 (v01 BOCHS  BXPC     00000001 BXPC 00000001)
[    0.010966] ACPI: Reserving FACP table memory at [mem 0x3ffe2578-0x3ffe25eb]
[    0.011486] ACPI: Reserving DSDT table memory at [mem 0x3ffe0040-0x3ffe2577]
[    0.012010] ACPI: Reserving FACS table memory at [mem 0x3ffe0000-0x3ffe003f]
[    0.012538] ACPI: Reserving APIC table memory at [mem 0x3ffe25ec-0x3ffe275b]
[    0.013061] ACPI: Reserving HPET table memory at [mem 0x3ffe275c-0x3ffe2793]
[    0.013581] ACPI: Reserving WAET table memory at [mem 0x3ffe2794-0x3ffe27bb]
[    0.014242] No NUMA configuration found
[    0.014524] Faking a node at [mem 0x0000000000000000-0x000000003ffdffff]
[    0.015016] NODE_DATA(0) allocated [mem 0x3ffdb000-0x3ffdffff]
[    0.015455] Zone ranges:
[    0.015640]   DMA      [mem 0x0000000000001000-0x0000000000ffffff]
[    0.016094]   DMA32    [mem 0x0000000001000000-0x000000003ffdffff]
[    0.016551]   Normal   empty
[    0.016762]   Device   empty
[    0.016973] Movable zone start for each node
[    0.017285] Early memory node ranges
[    0.017546]   node   0: [mem 0x0000000000001000-0x000000000009efff]
[    0.018006]   node   0: [mem 0x0000000000100000-0x000000003ffdffff]
[    0.018464] Initmem setup node 0 [mem 0x0000000000001000-0x000000003ffdffff]
[    0.018981] On node 0, zone DMA: 1 pages in unavailable ranges
[    0.019417] On node 0, zone DMA: 97 pages in unavailable ranges
[    0.020793] On node 0, zone DMA32: 32 pages in unavailable ranges
[    0.021446] ACPI: PM-Timer IO Port: 0x608
[    0.021744] ACPI: LAPIC_NMI (acpi_id[0xff] dfl dfl lint[0x1])
[    0.022184] IOAPIC[0]: apic_id 0, version 17, address 0xfec00000, GSI 0-23
[    0.022693] ACPI: INT_SRC_OVR (bus 0 bus_irq 0 global_irq 2 dfl dfl)
[    0.023168] ACPI: INT_SRC_OVR (bus 0 bus_irq 5 global_irq 5 high level)
[    0.023658] ACPI: INT_SRC_OVR (bus 0 bus_irq 9 global_irq 9 high level)
[    0.024148] ACPI: INT_SRC_OVR (bus 0 bus_irq 10 global_irq 10 high level)
[    0.024657] ACPI: INT_SRC_OVR (bus 0 bus_irq 11 global_irq 11 high level)
[    0.025162] ACPI: Using ACPI (MADT) for SMP configuration information
[    0.025642] ACPI: HPET id: 0x8086a201 base: 0xfed00000
[    0.026025] TSC deadline timer available
[    0.026317] CPU topo: Max. logical packages:   1
[    0.026659] CPU topo: Max. logical dies:       1
[    0.027001] CPU topo: Max. dies per package:   1
[    0.027344] CPU topo: Max. threads per core:   1
[    0.027686] CPU topo: Num. cores per package:    32
[    0.028047] CPU topo: Num. threads per package:  32
[    0.028411] CPU topo: Allowing 32 present CPUs plus 0 hotplug CPUs
[    0.028878] kvm-guest: APIC: eoi() replaced with kvm_guest_apic_eoi_write()
[    0.029402] kvm-guest: KVM setup pv remote TLB flush
[    0.029772] kvm-guest: setup PV sched yield
[    0.030087] PM: hibernation: Registered nosave memory: [mem 0x00000000-0x00000fff]
[    0.030650] PM: hibernation: Registered nosave memory: [mem 0x0009f000-0x0009ffff]
[    0.031211] PM: hibernation: Registered nosave memory: [mem 0x000a0000-0x000effff]
[    0.031771] PM: hibernation: Registered nosave memory: [mem 0x000f0000-0x000fffff]
[    0.032335] [mem 0x40000000-0xfeffbfff] available for PCI devices
[    0.032787] Booting paravirtualized kernel on KVM
[    0.033135] clocksource: refined-jiffies: mask: 0xffffffff max_cycles: 0xffffffff, max_idle_ns: 1910969940391419 ns
[    0.036781] setup_percpu: NR_CPUS:64 nr_cpumask_bits:32 nr_cpu_ids:32 nr_node_ids:1
[    0.037948] percpu: Embedded 58 pages/cpu s198952 r8192 d30424 u262144
[    0.038462] Kernel command line: virtme_hostname=virtme-ng nr_open=1048576 virtme_link_mods=/nipa-data/kernel/.virtme_mods/lib/modules/0.0.0 virtme_initmount0=nipa-data/kernel virtme_rw_overlay0=/etc virtme_rw_overlay1=/lib virtme_rw_overlay2=/home virtme_rw_overlay3=/opt virtme_rw_overlay4=/srv virtme_rw_overlay5=/usr virtme_rw_overlay6=/var console=hvc0 earlyprintk=serial,ttyS0,115200 virtme_console=ttyS0 psmouse.proto=exps TERM=xterm virtme_chdir=nipa-data/kernel virtme_root_user=1 rootfstype=9p rootflags=version=9p2000.L,trans=virtio,access=any raid=noautodetect ro init=/usr/lib/python3.12/site-packages/virtme/guest/virtme-init
[    0.042815] Unknown kernel command line parameters "virtme_hostname=virtme-ng nr_open=1048576 virtme_link_mods=/nipa-data/kernel/.virtme_mods/lib/modules/0.0.0 virtme_initmount0=nipa-data/kernel virtme_rw_overlay0=/etc virtme_rw_overlay1=/lib virtme_rw_overlay2=/home virtme_rw_overlay3=/opt virtme_rw_overlay4=/srv virtme_rw_overlay5=/usr virtme_rw_overlay6=/var virtme_console=ttyS0 virtme_chdir=nipa-data/kernel virtme_root_user=1", will be passed to user space.
[    0.046128] random: crng init done
[    0.046418] Dentry cache hash table entries: 131072 (order: 8, 1048576 bytes, linear)
[    0.047034] Inode-cache hash table entries: 65536 (order: 7, 524288 bytes, linear)
[    0.047698] Fallback order for Node 0: 0 
[    0.047701] Built 1 zonelists, mobility grouping on.  Total pages: 262014
[    0.048535] Policy zone: DMA32
[    0.048768] mem auto-init: stack:all(zero), heap alloc:off, heap free:off, mlocked free:off
[    0.050159] Memory: 984564K/1048056K available (16384K kernel code, 2413K rwdata, 6164K rodata, 3088K init, 2020K bss, 63232K reserved, 0K cma-reserved)
[    0.051226] SLUB: HWalign=64, Order=0-3, MinObjects=0, CPUs=32, Nodes=1
Poking KASLR using RDRAND RDTSC...
[    0.051988] ftrace: allocating 47769 entries in 187 pages
[    0.059002] ftrace: allocated 187 pages with 6 groups
[    0.060002] Dynamic Preempt: voluntary
[    0.060423] rcu: Preemptible hierarchical RCU implementation.
[    0.060864] rcu: RCU event tracing is enabled.
[    0.061208] rcu: RCU restricting CPUs from NR_CPUS=64 to nr_cpu_ids=32.
[    0.061719] Trampoline variant of Tasks RCU enabled.
[    0.062103] Rude variant of Tasks RCU enabled.
[    0.062448] Tracing variant of Tasks RCU enabled.
[    0.062812] rcu: RCU calculated value of scheduler-enlistment delay is 100 jiffies.
[    0.063401] rcu: Adjusting geometry for rcu_fanout_leaf=16, nr_cpu_ids=32
[    0.063926] RCU Tasks: Setting shift to 5 and lim to 1 rcu_task_cb_adjust=1.
[    0.064471] RCU Tasks Rude: Setting shift to 5 and lim to 1 rcu_task_cb_adjust=1.
[    0.065047] RCU Tasks Trace: Setting shift to 5 and lim to 1 rcu_task_cb_adjust=1.
[    0.067033] NR_IRQS: 4352, nr_irqs: 680, preallocated irqs: 16
[    0.067642] rcu: srcu_init: Setting srcu_struct sizes based on contention.
[    0.068310] Console: colour *CGA 80x25
[    0.068602] ACPI: Core revision 20240322
[    0.068969] clocksource: hpet: mask: 0xffffffff max_cycles: 0xffffffff, max_idle_ns: 19112604467 ns
[    0.069713] APIC: Switch to symmetric I/O mode setup
[    0.070108] APIC: Switched APIC routing to: physical flat
[    0.070516] kvm-guest: APIC: send_IPI_mask() replaced with kvm_send_ipi_mask()
[    0.071056] kvm-guest: APIC: send_IPI_mask_allbutself() replaced with kvm_send_ipi_mask_allbutself()
[    0.071758] kvm-guest: setup PV IPIs
[    0.072810] ..TIMER: vector=0x30 apic1=0 pin1=2 apic2=-1 pin2=-1
[    0.073609] tsc: Marking TSC unstable due to TSCs unsynchronized
[    0.074416] Calibrating delay loop (skipped) preset value.. 8983.11 BogoMIPS (lpj=4491556)
[    0.075475] x86/cpu: User Mode Instruction Prevention (UMIP) activated
[    0.076464] Last level iTLB entries: 4KB 512, 2MB 255, 4MB 127
[    0.077415] Last level dTLB entries: 4KB 512, 2MB 255, 4MB 127, 1GB 0
[    0.078418] Spectre V1 : Mitigation: usercopy/swapgs barriers and __user pointer sanitization
[    0.079418] Spectre V2 : Mitigation: Enhanced / Automatic IBRS
[    0.080414] Spectre V2 : Spectre v2 / SpectreRSB mitigation: Filling RSB on context switch
[    0.081416] Spectre V2 : mitigation: Enabling conditional Indirect Branch Prediction Barrier
[    0.082416] Speculative Store Bypass: Mitigation: Speculative Store Bypass disabled via prctl
[    0.083415] Speculative Return Stack Overflow: IBPB-extending microcode not applied!
[    0.084414] Speculative Return Stack Overflow: WARNING: See https://kernel.org/doc/html/latest/admin-guide/hw-vuln/srso.html for mitigation options.
[    0.084415] Speculative Return Stack Overflow: Vulnerable: Safe RET, no microcode
[    0.086430] x86/fpu: Supporting XSAVE feature 0x001: 'x87 floating point registers'
[    0.087415] x86/fpu: Supporting XSAVE feature 0x002: 'SSE registers'
[    0.088414] x86/fpu: Supporting XSAVE feature 0x004: 'AVX registers'
[    0.089414] x86/fpu: Supporting XSAVE feature 0x020: 'AVX-512 opmask'
[    0.090241] x86/fpu: Supporting XSAVE feature 0x040: 'AVX-512 Hi256'
[    0.090414] x86/fpu: Supporting XSAVE feature 0x080: 'AVX-512 ZMM_Hi256'
[    0.091414] x86/fpu: Supporting XSAVE feature 0x200: 'Protection Keys User registers'
[    0.092415] x86/fpu: xstate_offset[2]:  576, xstate_sizes[2]:  256
[    0.093414] x86/fpu: xstate_offset[5]:  832, xstate_sizes[5]:   64
[    0.094414] x86/fpu: xstate_offset[6]:  896, xstate_sizes[6]:  512
[    0.095414] x86/fpu: xstate_offset[7]: 1408, xstate_sizes[7]: 1024
[    0.096210] x86/fpu: xstate_offset[9]: 2432, xstate_sizes[9]:    8
[    0.096415] x86/fpu: Enabled xstate features 0x2e7, context size is 2440 bytes, using 'compacted' format.
[    0.112870] Freeing SMP alternatives memory: 40K
[    0.113416] pid_max: default: 32768 minimum: 301
[    0.114037] Mount-cache hash table entries: 2048 (order: 2, 16384 bytes, linear)
[    0.114416] Mountpoint-cache hash table entries: 2048 (order: 2, 16384 bytes, linear)
[    0.115570] smpboot: CPU0: AMD Ryzen 9 7950X 16-Core Processor (family: 0x19, model: 0x61, stepping: 0x2)
[    0.116531] Performance Events: Fam17h+ core perfctr, AMD PMU driver.
[    0.117381] ... version:                0
[    0.117416] ... bit width:              48
[    0.117940] ... generic registers:      6
[    0.118416] ... value mask:             0000ffffffffffff
[    0.119095] ... max period:             00007fffffffffff
[    0.119416] ... fixed-purpose events:   0
[    0.119930] ... event mask:             000000000000003f
[    0.120499] signal: max sigframe size: 3376
[    0.121050] rcu: Hierarchical SRCU implementation.
[    0.121416] rcu: Max phase no-delay instances is 400.
[    0.124258] smp: Bringing up secondary CPUs ...
[    0.124473] smpboot: x86: Booting SMP configuration:
[    0.125115] .... node  #0, CPUs:        #1  #2  #3  #4  #5  #6  #7  #8  #9 #10 #11 #12 #13 #14 #15 #16 #17 #18 #19 #20 #21 #22 #23 #24 #25 #26 #27 #28 #29 #30 #31
[    0.140469] smp: Brought up 1 node, 32 CPUs
[    0.141961] smpboot: Total of 32 processors activated (287459.58 BogoMIPS)
[    0.146476] devtmpfs: initialized
[    0.146878] x86/mm: Memory block size: 128MB
[    0.148126] clocksource: jiffies: mask: 0xffffffff max_cycles: 0xffffffff, max_idle_ns: 1911260446275000 ns
[    0.148418] futex hash table entries: 8192 (order: 7, 524288 bytes, linear)
[    0.149475] PM: RTC time: 21:07:04, date: 2024-05-27
[    0.150484] NET: Registered PF_NETLINK/PF_ROUTE protocol family
[    0.151384] thermal_sys: Registered thermal governor 'step_wise'
[    0.151385] thermal_sys: Registered thermal governor 'user_space'
[    0.151427] cpuidle: using governor menu
[    0.153494] PCI: Using configuration type 1 for base access
[    0.154229] PCI: Using configuration type 1 for extended access
[    0.154491] kprobes: kprobe jump-optimization is enabled. All kprobes are optimized if possible.
[    0.173575] HugeTLB: registered 1.00 GiB page size, pre-allocated 0 pages
[    0.174416] HugeTLB: 16380 KiB vmemmap can be freed for a 1.00 GiB page
[    0.175274] HugeTLB: registered 2.00 MiB page size, pre-allocated 0 pages
[    0.175416] HugeTLB: 28 KiB vmemmap can be freed for a 2.00 MiB page
[    0.176278] Demotion targets for Node 0: null
[    0.176524] ACPI: Added _OSI(Module Device)
[    0.177071] ACPI: Added _OSI(Processor Device)
[    0.177417] ACPI: Added _OSI(3.0 _SCP Extensions)
[    0.178035] ACPI: Added _OSI(Processor Aggregator Device)
[    0.179129] ACPI: 1 ACPI AML tables successfully acquired and loaded
[    0.179972] ACPI: _OSC evaluation for CPUs failed, trying _PDC
[    0.180552] ACPI: Interpreter enabled
[    0.181032] ACPI: PM: (supports S0 S3 S4 S5)
[    0.181416] ACPI: Using IOAPIC for interrupt routing
[    0.182061] PCI: Using host bridge windows from ACPI; if necessary, use "pci=nocrs" and report a bug
[    0.182416] PCI: Using E820 reservations for host bridge windows
[    0.183274] ACPI: Enabled 2 GPEs in block 00 to 0F
[    0.186019] ACPI: PCI Root Bridge [PCI0] (domain 0000 [bus 00-ff])
[    0.186420] acpi PNP0A03:00: _OSC: OS supports [ExtendedConfig ASPM ClockPM Segments MSI HPX-Type3]
[    0.187505] PCI host bridge to bus 0000:00
[    0.188028] pci_bus 0000:00: root bus resource [io  0x0000-0x0cf7 window]
[    0.188416] pci_bus 0000:00: root bus resource [io  0x0d00-0xffff window]
[    0.189297] pci_bus 0000:00: root bus resource [mem 0x000a0000-0x000bffff window]
[    0.189416] pci_bus 0000:00: root bus resource [mem 0x40000000-0xfebfffff window]
[    0.190370] pci_bus 0000:00: root bus resource [mem 0x100000000-0x17fffffff window]
[    0.190416] pci_bus 0000:00: root bus resource [bus 00-ff]
[    0.191209] pci 0000:00:00.0: [8086:1237] type 00 class 0x060000 conventional PCI endpoint
[    0.191666] pci 0000:00:01.0: [8086:7000] type 00 class 0x060100 conventional PCI endpoint
[    0.192729] pci 0000:00:01.1: [8086:7010] type 00 class 0x010180 conventional PCI endpoint
[    0.195658] pci 0000:00:01.1: BAR 4 [io  0xc0c0-0xc0cf]
[    0.197164] pci 0000:00:01.1: BAR 0 [io  0x01f0-0x01f7]: legacy IDE quirk
[    0.197417] pci 0000:00:01.1: BAR 1 [io  0x03f6]: legacy IDE quirk
[    0.198212] pci 0000:00:01.1: BAR 2 [io  0x0170-0x0177]: legacy IDE quirk
[    0.198416] pci 0000:00:01.1: BAR 3 [io  0x0376]: legacy IDE quirk
[    0.199313] pci 0000:00:01.3: [8086:7113] type 00 class 0x068000 conventional PCI endpoint
[    0.199658] pci 0000:00:01.3: quirk: [io  0x0600-0x063f] claimed by PIIX4 ACPI
[    0.200420] pci 0000:00:01.3: quirk: [io  0x0700-0x070f] claimed by PIIX4 SMB
[    0.201583] pci 0000:00:02.0: [1af4:1009] type 00 class 0x000200 conventional PCI endpoint
[    0.203417] pci 0000:00:02.0: BAR 0 [io  0xc000-0xc03f]
[    0.205110] pci 0000:00:02.0: BAR 1 [mem 0xfebfc000-0xfebfcfff]
[    0.208417] pci 0000:00:02.0: BAR 4 [mem 0xfebf0000-0xfebf3fff 64bit pref]
[    0.211040] pci 0000:00:03.0: [1af4:1009] type 00 class 0x000200 conventional PCI endpoint
[    0.212416] pci 0000:00:03.0: BAR 0 [io  0xc040-0xc07f]
[    0.214090] pci 0000:00:03.0: BAR 1 [mem 0xfebfd000-0xfebfdfff]
[    0.218089] pci 0000:00:03.0: BAR 4 [mem 0xfebf4000-0xfebf7fff 64bit pref]
[    0.219972] pci 0000:00:04.0: [8086:25ab] type 00 class 0x088000 conventional PCI endpoint
[    0.220936] pci 0000:00:04.0: BAR 0 [mem 0xfebfe000-0xfebfe00f]
[    0.224303] pci 0000:00:05.0: [1af4:1003] type 00 class 0x078000 conventional PCI endpoint
[    0.225417] pci 0000:00:05.0: BAR 0 [io  0xc080-0xc0bf]
[    0.227073] pci 0000:00:05.0: BAR 1 [mem 0xfebff000-0xfebfffff]
[    0.230417] pci 0000:00:05.0: BAR 4 [mem 0xfebf8000-0xfebfbfff 64bit pref]
[    0.233165] ACPI: PCI: Interrupt link LNKA configured for IRQ 10
[    0.233523] ACPI: PCI: Interrupt link LNKB configured for IRQ 10
[    0.234398] ACPI: PCI: Interrupt link LNKC configured for IRQ 11
[    0.234513] ACPI: PCI: Interrupt link LNKD configured for IRQ 11
[    0.235347] ACPI: PCI: Interrupt link LNKS configured for IRQ 9
[    0.236380] iommu: Default domain type: Translated
[    0.236417] iommu: DMA domain TLB invalidation policy: lazy mode
[    0.237252] SCSI subsystem initialized
[    0.237450] pps_core: LinuxPPS API ver. 1 registered
[    0.238086] pps_core: Software ver. 5.3.6 - Copyright 2005-2007 Rodolfo Giometti <giometti@linux.it>
[    0.238419] PTP clock support registered
[    0.238937] Advanced Linux Sound Architecture Driver Initialized.
[    0.239702] NET: Registered PF_ATMPVC protocol family
[    0.240347] NET: Registered PF_ATMSVC protocol family
[    0.240420] PCI: Using ACPI for IRQ routing
[    0.241043] vgaarb: loaded
[    0.241461] hpet0: at MMIO 0xfed00000, IRQs 2, 8, 0
[    0.242090] hpet0: 3 comparators, 64-bit 100.000000 MHz counter
[    0.248824] clocksource: Switched to clocksource kvm-clock
[    0.249576] VFS: Disk quotas dquot_6.6.0
[    0.249745] VFS: Dquot-cache hash table entries: 512 (order 0, 4096 bytes)
[    0.251097] pnp: PnP ACPI init
[    0.251679] pnp: PnP ACPI: found 5 devices
[    0.259313] clocksource: acpi_pm: mask: 0xffffff max_cycles: 0xffffff, max_idle_ns: 2085701024 ns
[    0.260474] NET: Registered PF_INET protocol family
[    0.261124] IP idents hash table entries: 16384 (order: 5, 131072 bytes, linear)
[    0.262231] tcp_listen_portaddr_hash hash table entries: 512 (order: 1, 8192 bytes, linear)
[    0.263331] Table-perturb hash table entries: 65536 (order: 6, 262144 bytes, linear)
[    0.264347] TCP established hash table entries: 8192 (order: 4, 65536 bytes, linear)
[    0.265350] TCP bind hash table entries: 8192 (order: 6, 262144 bytes, linear)
[    0.266373] TCP: Hash tables configured (established 8192 bind 8192)
[    0.267213] UDP hash table entries: 512 (order: 2, 16384 bytes, linear)
[    0.268071] UDP-Lite hash table entries: 512 (order: 2, 16384 bytes, linear)
[    0.268998] NET: Registered PF_UNIX/PF_LOCAL protocol family
[    0.269745] pci_bus 0000:00: resource 4 [io  0x0000-0x0cf7 window]
[    0.270544] pci_bus 0000:00: resource 5 [io  0x0d00-0xffff window]
[    0.271346] pci_bus 0000:00: resource 6 [mem 0x000a0000-0x000bffff window]
[    0.272228] pci_bus 0000:00: resource 7 [mem 0x40000000-0xfebfffff window]
[    0.273116] pci_bus 0000:00: resource 8 [mem 0x100000000-0x17fffffff window]
[    0.274057] pci 0000:00:01.0: PIIX3: Enabling Passive Release
[    0.274804] pci 0000:00:00.0: Limiting direct PCI/PCI transfers
[    0.275615] PCI: CLS 0 bytes, default 64
[    0.276202] kvm_intel: VMX not supported by CPU 0
[    0.276934] kvm_amd: TSC scaling supported
[    0.277476] kvm_amd: Nested Virtualization enabled
[    0.278124] kvm_amd: Nested Paging enabled
[    0.278824] kvm_amd: Virtual VMLOAD VMSAVE supported
[    0.279664] kvm_amd: Virtual GIF supported
[    0.280362] kvm_amd: Virtual NMI enabled
[    0.281022] kvm_amd: LBR virtualization supported
[    0.376324] Initialise system trusted keyrings
[    0.377002] workingset: timestamp_bits=56 max_order=18 bucket_order=0
[    0.377883] squashfs: version 4.0 (2009/01/31) Phillip Lougher
[    0.378666] fuse: init (API version 7.40)
[    0.379260] 9p: Installing v9fs 9p2000 file system support
[    0.386584] Key type asymmetric registered
[    0.387129] Asymmetric key parser 'x509' registered
[    0.387791] Block layer SCSI generic (bsg) driver version 0.4 loaded (major 249)
[    0.388780] io scheduler mq-deadline registered
[    0.389379] io scheduler kyber registered
[    0.390966] input: Power Button as /devices/LNXSYSTM:00/LNXPWRBN:00/input/input0
[    0.392003] ACPI: button: Power Button [PWRF]
[    0.392613] Warning: Processor Platform Limit event detected, but not handled.
[    0.393559] Consider compiling CPUfreq support into your kernel.
[    0.410881] ACPI: \_SB_.LNKB: Enabled at IRQ 10
[    0.427849] ACPI: \_SB_.LNKC: Enabled at IRQ 11
[    0.445039] ACPI: \_SB_.LNKA: Enabled at IRQ 10
[    0.446307] Serial: 8250/16550 driver, 4 ports, IRQ sharing enabled
[    0.447282] 00:03: ttyS0 at I/O 0x3f8 (irq = 4, base_baud = 115200) is a 16550A
[    0.488968] Non-volatile memory driver v1.3
[    0.489538] Linux agpgart interface v0.103
[    0.489588] ACPI: bus type drm_connector registered
[    0.490770] printk: legacy console [hvc0] enabled
[    0.491425] printk: legacy bootconsole [earlyser0] disabled
          _      _                                    
   __   _(_)_ __| |_ _ __ ___   ___       _ __   __ _ 
   \ \ / / |  __| __|  _   _ \ / _ \_____|  _ \ / _  |
    \ V /| | |  | |_| | | | | |  __/_____| | | | (_| |
     \_/ |_|_|   \__|_| |_| |_|\___|     |_| |_|\__  |
                                                |___/ 
   kernel version: 6.9.0-virtme x86_64
   (CTRL+d to exit)

virtme-ng:/nipa-data/kernel# PS1='xx__-> '
xx__-> env
PWD=/nipa-data/kernel
nr_open=1048576
HOME=/root
TERM=xterm
SHLVL=2
XDG_RUNTIME_DIR=/run/user/0
PATH=/bin:/sbin:/usr/bin:/usr/sbin:/usr/local/bin
OLDPWD=/
_=/usr/bin/env
xx__-> 