No EFI environment detected.
early console in extract_kernel
input_data: 0x0000000004c862c4
input_len: 0x000000000197b1c4
output: 0x0000000001000000
output_len: 0x000000000558ae98
kernel_total_size: 0x0000000005230000
needed_size: 0x0000000005600000
trampoline_32bit: 0x0000000000000000
Physical KASLR using RDRAND RDTSC...
Virtual KASLR using RDRAND RDTSC...

Decompressing Linux... Parsing ELF... Performing relocations... done.
Booting the kernel (entry_offset: 0x0000000002bcb410).
[    0.000000] Linux version 6.15.0-rc7-virtme (root@7e241a44abf4) (gcc (Ubuntu 13.3.0-6ubuntu2~24.04) 13.3.0, GNU ld (GNU Binutils for Ubuntu) 2.42) #1 SMP PREEMPT_DYNAMIC Fri May 23 00:25:55 UTC 2025
[    0.000000] Command line: virtme_hostname=virtme-ng nr_open=1048576 virtme_link_mods=/nipa-data/kernel/.virtme_mods/lib/modules/0.0.0 virtme_initmount0=nipa-data/kernel virtme_rw_overlay0=/etc virtme_rw_overlay1=/lib virtme_rw_overlay2=/home virtme_rw_overlay3=/opt virtme_rw_overlay4=/srv virtme_rw_overlay5=/usr virtme_rw_overlay6=/var console=hvc0 earlyprintk=serial,ttyS0,115200 virtme_console=ttyS0 psmouse.proto=exps TERM=xterm virtme_chdir=nipa-data/kernel virtme_root_user=1 rootfstype=9p rootflags=version=9p2000.L,trans=virtio,access=any raid=noautodetect ro init=/usr/lib/python3/dist-packages/virtme/guest/virtme-init
[    0.000000] BIOS-provided physical RAM map:
[    0.000000] BIOS-e820: [mem 0x0000000000000000-0x000000000009fbff] usable
[    0.000000] BIOS-e820: [mem 0x000000000009fc00-0x000000000009ffff] reserved
[    0.000000] BIOS-e820: [mem 0x00000000000f0000-0x00000000000fffff] reserved
[    0.000000] BIOS-e820: [mem 0x0000000000100000-0x000000003ffdffff] usable
[    0.000000] BIOS-e820: [mem 0x000000003ffe0000-0x000000003fffffff] reserved
[    0.000000] BIOS-e820: [mem 0x00000000feffc000-0x00000000feffffff] reserved
[    0.000000] BIOS-e820: [mem 0x00000000fffc0000-0x00000000ffffffff] reserved
[    0.000000] BIOS-e820: [mem 0x000000fd00000000-0x000000ffffffffff] reserved
[    0.000000] printk: legacy bootconsole [earlyser0] enabled
[    0.000000] NX (Execute Disable) protection: active
[    0.000000] APIC: Static calls initialized
[    0.000000] SMBIOS 3.0.0 present.
[    0.000000] DMI: QEMU Ubuntu 24.04 PC (i440FX + PIIX, 1996), BIOS 1.16.3-debian-1.16.3-2 04/01/2014
[    0.000000] DMI: Memory slots populated: 1/1
[    0.000000] Hypervisor detected: KVM
[    0.000000] kvm-clock: Using msrs 4b564d01 and 4b564d00
[    0.000000] kvm-clock: using sched offset of 292365895 cycles
[    0.000368] clocksource: kvm-clock: mask: 0xffffffffffffffff max_cycles: 0x1cd42e4dffb, max_idle_ns: 881590591483 ns
[    0.001513] tsc: Detected 4491.564 MHz processor
[    0.002178] last_pfn = 0x3ffe0 max_arch_pfn = 0x400000000
[    0.002581] MTRR map: 4 entries (3 fixed + 1 variable; max 19), built from 8 variable MTRRs
[    0.003172] x86/PAT: Configuration [0-7]: WB  WC  UC- UC  WB  WP  UC- WT  
[    0.005086] found SMP MP-table at [mem 0x000f5470-0x000f547f]
[    0.005495] Using GB pages for direct mapping
[    0.005952] ACPI: Early table checksum verification disabled
[    0.006351] ACPI: RSDP 0x00000000000F5290 000014 (v00 BOCHS )
[    0.006758] ACPI: RSDT 0x000000003FFE27BC 000034 (v01 BOCHS  BXPC     00000001 BXPC 00000001)
[    0.007364] ACPI: FACP 0x000000003FFE2578 000074 (v01 BOCHS  BXPC     00000001 BXPC 00000001)
[    0.007966] ACPI: DSDT 0x000000003FFE0040 002538 (v01 BOCHS  BXPC     00000001 BXPC 00000001)
[    0.008567] ACPI: FACS 0x000000003FFE0000 000040
[    0.008893] ACPI: APIC 0x000000003FFE25EC 000170 (v03 BOCHS  BXPC     00000001 BXPC 00000001)
[    0.009494] ACPI: HPET 0x000000003FFE275C 000038 (v01 BOCHS  BXPC     00000001 BXPC 00000001)
[    0.010093] ACPI: WAET 0x000000003FFE2794 000028 (v01 BOCHS  BXPC     00000001 BXPC 00000001)
[    0.010694] ACPI: Reserving FACP table memory at [mem 0x3ffe2578-0x3ffe25eb]
[    0.011191] ACPI: Reserving DSDT table memory at [mem 0x3ffe0040-0x3ffe2577]
[    0.011686] ACPI: Reserving FACS table memory at [mem 0x3ffe0000-0x3ffe003f]
[    0.012180] ACPI: Reserving APIC table memory at [mem 0x3ffe25ec-0x3ffe275b]
[    0.012674] ACPI: Reserving HPET table memory at [mem 0x3ffe275c-0x3ffe2793]
[    0.013168] ACPI: Reserving WAET table memory at [mem 0x3ffe2794-0x3ffe27bb]
[    0.013859] No NUMA configuration found
[    0.014129] Faking a node at [mem 0x0000000000000000-0x000000003ffdffff]
[    0.014602] NODE_DATA(0) allocated [mem 0x3ffdb600-0x3ffdffff]
[    0.015032] Zone ranges:
[    0.015210]   DMA      [mem 0x0000000000001000-0x0000000000ffffff]
[    0.015649]   DMA32    [mem 0x0000000001000000-0x000000003ffdffff]
[    0.016082]   Normal   empty
[    0.016284]   Device   empty
[    0.016486] Movable zone start for each node
[    0.016784] Early memory node ranges
[    0.017034]   node   0: [mem 0x0000000000001000-0x000000000009efff]
[    0.017472]   node   0: [mem 0x0000000000100000-0x000000003ffdffff]
[    0.017910] Initmem setup node 0 [mem 0x0000000000001000-0x000000003ffdffff]
[    0.018407] On node 0, zone DMA: 1 pages in unavailable ranges
[    0.018873] On node 0, zone DMA: 97 pages in unavailable ranges
[    0.023450] On node 0, zone DMA32: 32 pages in unavailable ranges
[    0.032715] kasan: KernelAddressSanitizer initialized
[    0.033299] ACPI: PM-Timer IO Port: 0x608
[    0.033594] ACPI: LAPIC_NMI (acpi_id[0xff] dfl dfl lint[0x1])
[    0.034021] IOAPIC[0]: apic_id 0, version 17, address 0xfec00000, GSI 0-23
[    0.034505] ACPI: INT_SRC_OVR (bus 0 bus_irq 0 global_irq 2 dfl dfl)
[    0.034967] ACPI: INT_SRC_OVR (bus 0 bus_irq 5 global_irq 5 high level)
[    0.035430] ACPI: INT_SRC_OVR (bus 0 bus_irq 9 global_irq 9 high level)
[    0.035893] ACPI: INT_SRC_OVR (bus 0 bus_irq 10 global_irq 10 high level)
[    0.036368] ACPI: INT_SRC_OVR (bus 0 bus_irq 11 global_irq 11 high level)
[    0.036849] ACPI: Using ACPI (MADT) for SMP configuration information
[    0.037301] ACPI: HPET id: 0x8086a201 base: 0xfed00000
[    0.037664] TSC deadline timer available
[    0.037950] CPU topo: Max. logical packages:   1
[    0.038274] CPU topo: Max. logical dies:       1
[    0.038599] CPU topo: Max. dies per package:   1
[    0.038938] CPU topo: Max. threads per core:   1
[    0.039263] CPU topo: Num. cores per package:    32
[    0.039604] CPU topo: Num. threads per package:  32
[    0.039945] CPU topo: Allowing 32 present CPUs plus 0 hotplug CPUs
[    0.040394] kvm-guest: APIC: eoi() replaced with kvm_guest_apic_eoi_write()
[    0.040898] kvm-guest: KVM setup pv remote TLB flush
[    0.041248] kvm-guest: setup PV sched yield
[    0.041548] PM: hibernation: Registered nosave memory: [mem 0x00000000-0x00000fff]
[    0.042083] PM: hibernation: Registered nosave memory: [mem 0x0009f000-0x000fffff]
[    0.042612] [mem 0x40000000-0xfeffbfff] available for PCI devices
[    0.043041] Booting paravirtualized kernel on KVM
[    0.043371] clocksource: refined-jiffies: mask: 0xffffffff max_cycles: 0xffffffff, max_idle_ns: 1910969940391419 ns
[    0.052194] setup_percpu: NR_CPUS:64 nr_cpumask_bits:32 nr_cpu_ids:32 nr_node_ids:1
[    0.053974] percpu: Embedded 65 pages/cpu s228056 r8192 d29992 u524288
[    0.054501] Kernel command line: virtme_hostname=virtme-ng nr_open=1048576 virtme_link_mods=/nipa-data/kernel/.virtme_mods/lib/modules/0.0.0 virtme_initmount0=nipa-data/kernel virtme_rw_overlay0=/etc virtme_rw_overlay1=/lib virtme_rw_overlay2=/home virtme_rw_overlay3=/opt virtme_rw_overlay4=/srv virtme_rw_overlay5=/usr virtme_rw_overlay6=/var console=hvc0 earlyprintk=serial,ttyS0,115200 virtme_console=ttyS0 psmouse.proto=exps TERM=xterm virtme_chdir=nipa-data/kernel virtme_root_user=1 rootfstype=9p rootflags=version=9p2000.L,trans=virtio,access=any raid=noautodetect ro init=/usr/lib/python3/dist-packages/virtme/guest/virtme-init
[    0.058648] Unknown kernel command line parameters "virtme_hostname=virtme-ng nr_open=1048576 virtme_link_mods=/nipa-data/kernel/.virtme_mods/lib/modules/0.0.0 virtme_initmount0=nipa-data/kernel virtme_rw_overlay0=/etc virtme_rw_overlay1=/lib virtme_rw_overlay2=/home virtme_rw_overlay3=/opt virtme_rw_overlay4=/srv virtme_rw_overlay5=/usr virtme_rw_overlay6=/var virtme_console=ttyS0 virtme_chdir=nipa-data/kernel virtme_root_user=1", will be passed to user space.
[    0.061789] random: crng init done
[    0.062034] printk: log buffer data + meta data: 262144 + 917504 = 1179648 bytes
[    0.062586] Dentry cache hash table entries: 131072 (order: 8, 1048576 bytes, linear)
[    0.063167] Inode-cache hash table entries: 65536 (order: 7, 524288 bytes, linear)
[    0.064115] Fallback order for Node 0: 0 
[    0.064119] Built 1 zonelists, mobility grouping on.  Total pages: 262014
[    0.064902] Policy zone: DMA32
[    0.065123] mem auto-init: stack:all(zero), heap alloc:off, heap free:off
[    0.065615] stackdepot: allocating hash table via alloc_large_system_hash
[    0.066109] stackdepot hash table entries: 1048576 (order: 12, 16777216 bytes, linear)
[    0.074280] SLUB: HWalign=64, Order=0-3, MinObjects=0, CPUs=32, Nodes=1
Poking KASLR using RDRAND RDTSC...
[    0.083696] ftrace: allocating 48963 entries in 192 pages
[    0.084086] ftrace: allocated 192 pages with 2 groups
[    0.085349] Dynamic Preempt: voluntary
[    0.086088] rcu: Preemptible hierarchical RCU implementation.
[    0.086501] rcu: RCU event tracing is enabled.
[    0.086832] rcu: RCU restricting CPUs from NR_CPUS=64 to nr_cpu_ids=32.
[    0.087315] Trampoline variant of Tasks RCU enabled.
[    0.087678] Rude variant of Tasks RCU enabled.
[    0.088003] Tracing variant of Tasks RCU enabled.
[    0.088348] rcu: RCU calculated value of scheduler-enlistment delay is 100 jiffies.
[    0.088898] rcu: Adjusting geometry for rcu_fanout_leaf=16, nr_cpu_ids=32
[    0.089456] RCU Tasks: Setting shift to 5 and lim to 1 rcu_task_cb_adjust=1 rcu_task_cpu_ids=32.
[    0.090092] RCU Tasks Rude: Setting shift to 5 and lim to 1 rcu_task_cb_adjust=1 rcu_task_cpu_ids=32.
[    0.090758] RCU Tasks Trace: Setting shift to 5 and lim to 1 rcu_task_cb_adjust=1 rcu_task_cpu_ids=32.
[    0.100896] NR_IRQS: 4352, nr_irqs: 680, preallocated irqs: 16
[    0.101567] rcu: srcu_init: Setting srcu_struct sizes based on contention.
[    0.102453] Console: colour *CGA 80x25
[    0.102755] ACPI: Core revision 20240827
[    0.103250] clocksource: hpet: mask: 0xffffffff max_cycles: 0xffffffff, max_idle_ns: 19112604467 ns
[    0.103966] APIC: Switch to symmetric I/O mode setup
[    0.104462] x2apic enabled
[    0.104843] APIC: Switched APIC routing to: physical x2apic
[    0.105242] kvm-guest: APIC: send_IPI_mask() replaced with kvm_send_ipi_mask()
[    0.105761] kvm-guest: APIC: send_IPI_mask_allbutself() replaced with kvm_send_ipi_mask_allbutself()
[    0.106396] kvm-guest: setup PV IPIs
[    0.107487] ..TIMER: vector=0x30 apic1=0 pin1=2 apic2=-1 pin2=-1
[    0.108269] clocksource: tsc-early: mask: 0xffffffffffffffff max_cycles: 0x40be463295d, max_idle_ns: 440795209293 ns
[    0.109614] Calibrating delay loop (skipped) preset value.. 8983.12 BogoMIPS (lpj=4491564)
[    0.110679] x86/cpu: User Mode Instruction Prevention (UMIP) activated
[    0.111671] Last level iTLB entries: 4KB 512, 2MB 255, 4MB 127
[    0.112612] Last level dTLB entries: 4KB 512, 2MB 255, 4MB 127, 1GB 0
[    0.113617] Spectre V1 : Mitigation: usercopy/swapgs barriers and __user pointer sanitization
[    0.114616] Spectre V2 : Mitigation: Enhanced / Automatic IBRS
[    0.115615] Spectre V2 : mitigation: Enabling conditional Indirect Branch Prediction Barrier
[    0.116614] Speculative Store Bypass: Mitigation: Speculative Store Bypass disabled via prctl
[    0.117613] Speculative Return Stack Overflow: IBPB-extending microcode not applied!
[    0.118612] Speculative Return Stack Overflow: WARNING: See https://kernel.org/doc/html/latest/admin-guide/hw-vuln/srso.html for mitigation options.
[    0.118614] Speculative Return Stack Overflow: Vulnerable: Safe RET, no microcode
[    0.120628] x86/fpu: Supporting XSAVE feature 0x001: 'x87 floating point registers'
[    0.121612] x86/fpu: Supporting XSAVE feature 0x002: 'SSE registers'
[    0.122612] x86/fpu: Supporting XSAVE feature 0x004: 'AVX registers'
[    0.123612] x86/fpu: Supporting XSAVE feature 0x020: 'AVX-512 opmask'
[    0.124612] x86/fpu: Supporting XSAVE feature 0x040: 'AVX-512 Hi256'
[    0.125388] x86/fpu: Supporting XSAVE feature 0x080: 'AVX-512 ZMM_Hi256'
[    0.125612] x86/fpu: Supporting XSAVE feature 0x200: 'Protection Keys User registers'
[    0.126612] x86/fpu: xstate_offset[2]:  576, xstate_sizes[2]:  256
[    0.127612] x86/fpu: xstate_offset[5]:  832, xstate_sizes[5]:   64
[    0.128612] x86/fpu: xstate_offset[6]:  896, xstate_sizes[6]:  512
[    0.129612] x86/fpu: xstate_offset[7]: 1408, xstate_sizes[7]: 1024
[    0.130367] x86/fpu: xstate_offset[9]: 2432, xstate_sizes[9]:    8
[    0.130612] x86/fpu: Enabled xstate features 0x2e7, context size is 2440 bytes, using 'compacted' format.
[    0.153492] Freeing SMP alternatives memory: 40K
[    0.153614] pid_max: default: 32768 minimum: 301
[    0.154739] Mount-cache hash table entries: 2048 (order: 2, 16384 bytes, linear)
[    0.155614] Mountpoint-cache hash table entries: 2048 (order: 2, 16384 bytes, linear)
[    0.157279] smpboot: CPU0: AMD Ryzen 9 7950X 16-Core Processor (family: 0x19, model: 0x61, stepping: 0x2)
[    0.158066] Performance Events: Fam17h+ core perfctr, AMD PMU driver.
[    0.158616] ... version:                0
[    0.159109] ... bit width:              48
[    0.159614] ... generic registers:      6
[    0.160106] ... value mask:             0000ffffffffffff
[    0.160614] ... max period:             00007fffffffffff
[    0.161266] ... fixed-purpose events:   0
[    0.161614] ... event mask:             000000000000003f
[    0.162430] signal: max sigframe size: 3376
[    0.162661] rcu: Hierarchical SRCU implementation.
[    0.163250] rcu: Max phase no-delay instances is 400.
[    0.163700] Timer migration: 2 hierarchy levels; 8 children per group; 2 crossnode level
[    0.168526] smp: Bringing up secondary CPUs ...
[    0.168806] smpboot: x86: Booting SMP configuration:
[    0.169418] .... node  #0, CPUs:        #1  #2  #3  #4  #5  #6  #7  #8  #9 #10 #11 #12 #13 #14 #15 #16 #17 #18 #19 #20 #21 #22 #23 #24 #25 #26 #27 #28 #29 #30 #31
[    0.201713] smp: Brought up 1 node, 32 CPUs
[    0.203144] smpboot: Total of 32 processors activated (287460.09 BogoMIPS)
[    0.206823] Memory: 761604K/1048056K available (44846K kernel code, 11592K rwdata, 10280K rodata, 6160K init, 1312K bss, 270668K reserved, 0K cma-reserved)
[    0.207744] devtmpfs: initialized
[    0.208623] x86/mm: Memory block size: 128MB
[    0.215657] clocksource: jiffies: mask: 0xffffffff max_cycles: 0xffffffff, max_idle_ns: 1911260446275000 ns
[    0.216624] posixtimers hash table entries: 16384 (order: 6, 262144 bytes, linear)
[    0.217593] futex hash table entries: 8192 (order: 7, 524288 bytes, linear)
[    0.217994] PM: RTC time: 00:26:17, date: 2025-05-23
[    0.219420] NET: Registered PF_NETLINK/PF_ROUTE protocol family
[    0.220506] thermal_sys: Registered thermal governor 'step_wise'
[    0.220535] cpuidle: using governor menu
[    0.222357] PCI: Using configuration type 1 for base access
[    0.222615] PCI: Using configuration type 1 for extended access
[    0.223490] kprobes: kprobe jump-optimization is enabled. All kprobes are optimized if possible.
[    0.240206] HugeTLB: allocation took 0ms with hugepage_allocation_threads=8
[    0.240645] HugeTLB: registered 1.00 GiB page size, pre-allocated 0 pages
[    0.241506] HugeTLB: 16380 KiB vmemmap can be freed for a 1.00 GiB page
[    0.242615] HugeTLB: registered 2.00 MiB page size, pre-allocated 0 pages
[    0.243466] HugeTLB: 28 KiB vmemmap can be freed for a 2.00 MiB page
[    0.247763] ACPI: Added _OSI(Module Device)
[    0.248295] ACPI: Added _OSI(Processor Device)
[    0.249615] ACPI: Added _OSI(3.0 _SCP Extensions)
[    0.250206] ACPI: Added _OSI(Processor Aggregator Device)
[    0.280861] ACPI: 1 ACPI AML tables successfully acquired and loaded
[    0.285671] ACPI: Interpreter enabled
[    0.286202] ACPI: PM: (supports S0 S3 S4 S5)
[    0.286615] ACPI: Using IOAPIC for interrupt routing
[    0.287287] PCI: Using host bridge windows from ACPI; if necessary, use "pci=nocrs" and report a bug
[    0.288614] PCI: Using E820 reservations for host bridge windows
[    0.290505] ACPI: Enabled 2 GPEs in block 00 to 0F
[    0.342135] ACPI: PCI Root Bridge [PCI0] (domain 0000 [bus 00-ff])
[    0.342629] acpi PNP0A03:00: _OSC: OS supports [ExtendedConfig ASPM ClockPM Segments MSI HPX-Type3]
[    0.344142] PCI host bridge to bus 0000:00
[    0.344672] pci_bus 0000:00: root bus resource [io  0x0000-0x0cf7 window]
[    0.345529] pci_bus 0000:00: root bus resource [io  0x0d00-0xffff window]
[    0.346617] pci_bus 0000:00: root bus resource [mem 0x000a0000-0x000bffff window]
[    0.347556] pci_bus 0000:00: root bus resource [mem 0x40000000-0xfebfffff window]
[    0.348618] pci_bus 0000:00: root bus resource [mem 0x100000000-0x17fffffff window]
[    0.349576] pci_bus 0000:00: root bus resource [bus 00-ff]
[    0.349710] pci 0000:00:00.0: [8086:1237] type 00 class 0x060000 conventional PCI endpoint
[    0.352554] pci 0000:00:01.0: [8086:7000] type 00 class 0x060100 conventional PCI endpoint
[    0.354530] pci 0000:00:01.1: [8086:7010] type 00 class 0x010180 conventional PCI endpoint
[    0.356059] pci 0000:00:01.1: BAR 4 [io  0xc0c0-0xc0cf]
[    0.356633] pci 0000:00:01.1: BAR 0 [io  0x01f0-0x01f7]: legacy IDE quirk
[    0.357483] pci 0000:00:01.1: BAR 1 [io  0x03f6]: legacy IDE quirk
[    0.357614] pci 0000:00:01.1: BAR 2 [io  0x0170-0x0177]: legacy IDE quirk
[    0.358460] pci 0000:00:01.1: BAR 3 [io  0x0376]: legacy IDE quirk
[    0.360351] pci 0000:00:01.3: [8086:7113] type 00 class 0x068000 conventional PCI endpoint
[    0.361840] pci 0000:00:01.3: quirk: [io  0x0600-0x063f] claimed by PIIX4 ACPI
[    0.362619] pci 0000:00:01.3: quirk: [io  0x0700-0x070f] claimed by PIIX4 SMB
[    0.364305] pci 0000:00:02.0: [1af4:1009] type 00 class 0x000200 conventional PCI endpoint
[    0.366619] pci 0000:00:02.0: BAR 0 [io  0xc000-0xc03f]
[    0.367281] pci 0000:00:02.0: BAR 1 [mem 0xfebfc000-0xfebfcfff]
[    0.367629] pci 0000:00:02.0: BAR 4 [mem 0xfebf0000-0xfebf3fff 64bit pref]
[    0.380803] pci 0000:00:03.0: [1af4:1009] type 00 class 0x000200 conventional PCI endpoint
[    0.382619] pci 0000:00:03.0: BAR 0 [io  0xc040-0xc07f]
[    0.383280] pci 0000:00:03.0: BAR 1 [mem 0xfebfd000-0xfebfdfff]
[    0.384629] pci 0000:00:03.0: BAR 4 [mem 0xfebf4000-0xfebf7fff 64bit pref]
[    0.397822] pci 0000:00:04.0: [8086:25ab] type 00 class 0x088000 conventional PCI endpoint
[    0.398968] pci 0000:00:04.0: BAR 0 [mem 0xfebfe000-0xfebfe00f]
[    0.411704] pci 0000:00:05.0: [1af4:1003] type 00 class 0x078000 conventional PCI endpoint
[    0.413349] pci 0000:00:05.0: BAR 0 [io  0xc080-0xc0bf]
[    0.414619] pci 0000:00:05.0: BAR 1 [mem 0xfebff000-0xfebfffff]
[    0.415379] pci 0000:00:05.0: BAR 4 [mem 0xfebf8000-0xfebfbfff 64bit pref]
[    0.430313] ACPI: PCI: Interrupt link LNKA configured for IRQ 10
[    0.432627] ACPI: PCI: Interrupt link LNKB configured for IRQ 10
[    0.434379] ACPI: PCI: Interrupt link LNKC configured for IRQ 11
[    0.435600] ACPI: PCI: Interrupt link LNKD configured for IRQ 11
[    0.437026] ACPI: PCI: Interrupt link LNKS configured for IRQ 9
[    0.457283] iommu: Default domain type: Translated
[    0.457615] iommu: DMA domain TLB invalidation policy: lazy mode
[    0.458865] SCSI subsystem initialized
[    0.459683] pps_core: LinuxPPS API ver. 1 registered
[    0.460306] pps_core: Software ver. 5.3.6 - Copyright 2005-2007 Rodolfo Giometti <giometti@linux.it>
[    0.461630] PTP clock support registered
[    0.462742] Advanced Linux Sound Architecture Driver Initialized.
[    0.464764] NET: Registered PF_ATMPVC protocol family
[    0.465403] NET: Registered PF_ATMSVC protocol family
[    0.465653] PCI: Using ACPI for IRQ routing
[    0.466648] vgaarb: loaded
[    0.467732] hpet0: at MMIO 0xfed00000, IRQs 2, 8, 0
[    0.468356] hpet0: 3 comparators, 64-bit 100.000000 MHz counter
[    0.472736] clocksource: Switched to clocksource kvm-clock
[    0.473977] VFS: Disk quotas dquot_6.6.0
[    0.474487] VFS: Dquot-cache hash table entries: 512 (order 0, 4096 bytes)
[    0.479234] pnp: PnP ACPI init
[    0.482161] pnp: PnP ACPI: found 5 devices
[    0.493842] clocksource: acpi_pm: mask: 0xffffff max_cycles: 0xffffff, max_idle_ns: 2085701024 ns
[    0.495013] NET: Registered PF_INET protocol family
[    0.495767] IP idents hash table entries: 16384 (order: 5, 131072 bytes, linear)
[    0.497077] tcp_listen_portaddr_hash hash table entries: 512 (order: 1, 8192 bytes, linear)
[    0.498129] Table-perturb hash table entries: 65536 (order: 6, 262144 bytes, linear)
[    0.499123] TCP established hash table entries: 8192 (order: 4, 65536 bytes, linear)
[    0.500106] TCP bind hash table entries: 8192 (order: 6, 262144 bytes, linear)
[    0.501020] TCP: Hash tables configured (established 8192 bind 8192)
[    0.501986] UDP hash table entries: 512 (order: 3, 32768 bytes, linear)
[    0.502843] UDP-Lite hash table entries: 512 (order: 3, 32768 bytes, linear)
[    0.503963] NET: Registered PF_UNIX/PF_LOCAL protocol family
[    0.504695] pci_bus 0000:00: resource 4 [io  0x0000-0x0cf7 window]
[    0.505470] pci_bus 0000:00: resource 5 [io  0x0d00-0xffff window]
[    0.506242] pci_bus 0000:00: resource 6 [mem 0x000a0000-0x000bffff window]
[    0.507099] pci_bus 0000:00: resource 7 [mem 0x40000000-0xfebfffff window]
[    0.507959] pci_bus 0000:00: resource 8 [mem 0x100000000-0x17fffffff window]
[    0.509046] pci 0000:00:01.0: PIIX3: Enabling Passive Release
[    0.509768] pci 0000:00:00.0: Limiting direct PCI/PCI transfers
[    0.510550] PCI: CLS 0 bytes, default 64
[    0.511157] kvm_intel: VMX not supported by CPU 4
[    0.511908] kvm_amd: TSC scaling supported
[    0.512419] kvm_amd: Nested Virtualization enabled
[    0.513020] kvm_amd: Nested Paging enabled
[    0.513529] kvm_amd: LBR virtualization supported
[    0.514129] kvm_amd: Virtual GIF supported
[    0.514642] kvm_amd: Virtual NMI enabled
[    0.543496] clocksource: tsc: mask: 0xffffffffffffffff max_cycles: 0x40be463295d, max_idle_ns: 440795209293 ns
[    0.563226] Initialise system trusted keyrings
[    0.564058] workingset: timestamp_bits=56 max_order=18 bucket_order=0
[    0.564989] squashfs: version 4.0 (2009/01/31) Phillip Lougher
[    0.565745] fuse: init (API version 7.43)
[    0.566383] 9p: Installing v9fs 9p2000 file system support
[    0.576168] Key type asymmetric registered
[    0.576693] Asymmetric key parser 'x509' registered
[    0.577370] Block layer SCSI generic (bsg) driver version 0.4 loaded (major 249)
[    0.578336] io scheduler mq-deadline registered
[    0.578915] io scheduler kyber registered
[    0.581375] input: Power Button as /devices/LNXSYSTM:00/LNXPWRBN:00/input/input0
[    0.582575] ACPI: button: Power Button [PWRF]
[    0.584547] Warning: Processor Platform Limit event detected, but not handled.
[    0.585463] Consider compiling CPUfreq support into your kernel.
[    1.492935] ACPI: \_SB_.LNKB: Enabled at IRQ 10
[    2.394985] ACPI: \_SB_.LNKC: Enabled at IRQ 11
[    3.296914] ACPI: \_SB_.LNKA: Enabled at IRQ 10
[    3.298304] Serial: 8250/16550 driver, 4 ports, IRQ sharing enabled
[    3.299426] 00:03: ttyS0 at I/O 0x3f8 (irq = 4, base_baud = 115200) is a 16550A
[    3.326191] Non-volatile memory driver v1.3
[    3.326763] Linux agpgart interface v0.103
[    3.327281] printk: legacy console [hvc0] enabled
[    3.327521] ACPI: bus type drm_connector registered
[    3.327900] printk: legacy bootconsole [earlyser0] disabled
          _      _                                    
   __   _(_)_ __| |_ _ __ ___   ___       _ __   __ _ 
   \ \ / / |  __| __|  _   _ \ / _ \_____|  _ \ / _  |
    \ V /| | |  | |_| | | | | |  __/_____| | | | (_| |
     \_/ |_|_|   \__|_| |_| |_|\___|     |_| |_|\__  |
                                                |___/ 
   kernel version: 6.15.0-rc7-virtme x86_64
   (CTRL+d to exit)

root@virtme-ng:/nipa-data/kernel# PS1='xx__-> '
xx__-> env
PWD=/nipa-data/kernel
nr_open=1048576
HOME=/
TERM=xterm
SHLVL=2
XDG_RUNTIME_DIR=/run/user/0
PATH=/bin:/sbin:/usr/bin:/usr/sbin:/usr/local/bin
OLDPWD=/
_=/bin/env
xx__-> 