No EFI environment detected.
early console in extract_kernel
input_data: 0x0000000004ab12c4
input_len: 0x000000000186ace9
output: 0x0000000001000000
output_len: 0x00000000052a8814
kernel_total_size: 0x0000000004e30000
needed_size: 0x0000000005400000
trampoline_32bit: 0x0000000000000000
Physical KASLR using RDRAND RDTSC...
Virtual KASLR using RDRAND RDTSC...

Decompressing Linux... Parsing ELF... Performing relocations... done.
Booting the kernel (entry_offset: 0x0000000000000000).
[    0.000000] Linux version 6.10.0-rc5-virtme (root@13934c8cebd9) (gcc (Alpine 13.2.1_git20240309) 13.2.1 20240309, GNU ld (GNU Binutils) 2.42) #1 SMP PREEMPT_DYNAMIC Thu Jul  4 18:26:47 UTC 2024
[    0.000000] Command line: virtme_hostname=virtme-ng nr_open=1048576 virtme_link_mods=/nipa-data/kernel/.virtme_mods/lib/modules/0.0.0 virtme_initmount0=nipa-data/kernel virtme_rw_overlay0=/etc virtme_rw_overlay1=/lib virtme_rw_overlay2=/home virtme_rw_overlay3=/opt virtme_rw_overlay4=/srv virtme_rw_overlay5=/usr virtme_rw_overlay6=/var console=hvc0 earlyprintk=serial,ttyS0,115200 virtme_console=ttyS0 psmouse.proto=exps TERM=xterm virtme_chdir=nipa-data/kernel virtme_root_user=1 rootfstype=9p rootflags=version=9p2000.L,trans=virtio,access=any raid=noautodetect ro init=/usr/lib/python3.12/site-packages/virtme/guest/virtme-init
[    0.000000] BIOS-provided physical RAM map:
[    0.000000] BIOS-e820: [mem 0x0000000000000000-0x000000000009fbff] usable
[    0.000000] BIOS-e820: [mem 0x000000000009fc00-0x000000000009ffff] reserved
[    0.000000] BIOS-e820: [mem 0x00000000000f0000-0x00000000000fffff] reserved
[    0.000000] BIOS-e820: [mem 0x0000000000100000-0x000000003ffdffff] usable
[    0.000000] BIOS-e820: [mem 0x000000003ffe0000-0x000000003fffffff] reserved
[    0.000000] BIOS-e820: [mem 0x00000000feffc000-0x00000000feffffff] reserved
[    0.000000] BIOS-e820: [mem 0x00000000fffc0000-0x00000000ffffffff] reserved
[    0.000000] BIOS-e820: [mem 0x000000fd00000000-0x000000ffffffffff] reserved
[    0.000000] printk: legacy bootconsole [earlyser0] enabled
[    0.000000] NX (Execute Disable) protection: active
[    0.000000] APIC: Static calls initialized
[    0.000000] SMBIOS 2.8 present.
[    0.000000] DMI: QEMU Standard PC (i440FX + PIIX, 1996), BIOS rel-1.16.3-0-ga6ed6b701f0a-prebuilt.qemu.org 04/01/2014
[    0.000000] DMI: Memory slots populated: 1/1
[    0.000000] Hypervisor detected: KVM
[    0.000000] kvm-clock: Using msrs 4b564d01 and 4b564d00
[    0.000000] kvm-clock: using sched offset of 386015321 cycles
[    0.000397] clocksource: kvm-clock: mask: 0xffffffffffffffff max_cycles: 0x1cd42e4dffb, max_idle_ns: 881590591483 ns
[    0.001647] tsc: Detected 4491.560 MHz processor
[    0.002372] last_pfn = 0x3ffe0 max_arch_pfn = 0x400000000
[    0.002820] MTRR map: 4 entries (3 fixed + 1 variable; max 19), built from 8 variable MTRRs
[    0.003450] x86/PAT: Configuration [0-7]: WB  WC  UC- UC  WB  WP  UC- WT  
[    0.005534] found SMP MP-table at [mem 0x000f5470-0x000f547f]
[    0.005998] Using GB pages for direct mapping
[    0.006491] ACPI: Early table checksum verification disabled
[    0.006939] ACPI: RSDP 0x00000000000F5290 000014 (v00 BOCHS )
[    0.007377] ACPI: RSDT 0x000000003FFE27BC 000034 (v01 BOCHS  BXPC     00000001 BXPC 00000001)
[    0.008035] ACPI: FACP 0x000000003FFE2578 000074 (v01 BOCHS  BXPC     00000001 BXPC 00000001)
[    0.008701] ACPI: DSDT 0x000000003FFE0040 002538 (v01 BOCHS  BXPC     00000001 BXPC 00000001)
[    0.009347] ACPI: FACS 0x000000003FFE0000 000040
[    0.009718] ACPI: APIC 0x000000003FFE25EC 000170 (v03 BOCHS  BXPC     00000001 BXPC 00000001)
[    0.010368] ACPI: HPET 0x000000003FFE275C 000038 (v01 BOCHS  BXPC     00000001 BXPC 00000001)
[    0.011031] ACPI: WAET 0x000000003FFE2794 000028 (v01 BOCHS  BXPC     00000001 BXPC 00000001)
[    0.011689] ACPI: Reserving FACP table memory at [mem 0x3ffe2578-0x3ffe25eb]
[    0.012226] ACPI: Reserving DSDT table memory at [mem 0x3ffe0040-0x3ffe2577]
[    0.012775] ACPI: Reserving FACS table memory at [mem 0x3ffe0000-0x3ffe003f]
[    0.013310] ACPI: Reserving APIC table memory at [mem 0x3ffe25ec-0x3ffe275b]
[    0.013867] ACPI: Reserving HPET table memory at [mem 0x3ffe275c-0x3ffe2793]
[    0.014407] ACPI: Reserving WAET table memory at [mem 0x3ffe2794-0x3ffe27bb]
[    0.015165] No NUMA configuration found
[    0.015457] Faking a node at [mem 0x0000000000000000-0x000000003ffdffff]
[    0.015975] NODE_DATA(0) allocated [mem 0x3ffdb000-0x3ffdffff]
[    0.016434] Zone ranges:
[    0.016631]   DMA      [mem 0x0000000000001000-0x0000000000ffffff]
[    0.017107]   DMA32    [mem 0x0000000001000000-0x000000003ffdffff]
[    0.017573]   Normal   empty
[    0.017812]   Device   empty
[    0.018031] Movable zone start for each node
[    0.018352] Early memory node ranges
[    0.018626]   node   0: [mem 0x0000000000001000-0x000000000009efff]
[    0.019112]   node   0: [mem 0x0000000000100000-0x000000003ffdffff]
[    0.019585] Initmem setup node 0 [mem 0x0000000000001000-0x000000003ffdffff]
[    0.020131] On node 0, zone DMA: 1 pages in unavailable ranges
[    0.020638] On node 0, zone DMA: 97 pages in unavailable ranges
[    0.025477] On node 0, zone DMA32: 32 pages in unavailable ranges
[    0.035581] kasan: KernelAddressSanitizer initialized
[    0.036329] ACPI: PM-Timer IO Port: 0x608
[    0.036651] ACPI: LAPIC_NMI (acpi_id[0xff] dfl dfl lint[0x1])
[    0.037108] IOAPIC[0]: apic_id 0, version 17, address 0xfec00000, GSI 0-23
[    0.037630] ACPI: INT_SRC_OVR (bus 0 bus_irq 0 global_irq 2 dfl dfl)
[    0.038113] ACPI: INT_SRC_OVR (bus 0 bus_irq 5 global_irq 5 high level)
[    0.038614] ACPI: INT_SRC_OVR (bus 0 bus_irq 9 global_irq 9 high level)
[    0.039144] ACPI: INT_SRC_OVR (bus 0 bus_irq 10 global_irq 10 high level)
[    0.039663] ACPI: INT_SRC_OVR (bus 0 bus_irq 11 global_irq 11 high level)
[    0.040175] ACPI: Using ACPI (MADT) for SMP configuration information
[    0.040667] ACPI: HPET id: 0x8086a201 base: 0xfed00000
[    0.041055] TSC deadline timer available
[    0.041352] CPU topo: Max. logical packages:   1
[    0.041712] CPU topo: Max. logical dies:       1
[    0.042061] CPU topo: Max. dies per package:   1
[    0.042411] CPU topo: Max. threads per core:   1
[    0.042785] CPU topo: Num. cores per package:    32
[    0.043152] CPU topo: Num. threads per package:  32
[    0.043519] CPU topo: Allowing 32 present CPUs plus 0 hotplug CPUs
[    0.044021] kvm-guest: APIC: eoi() replaced with kvm_guest_apic_eoi_write()
[    0.044560] kvm-guest: KVM setup pv remote TLB flush
[    0.044944] kvm-guest: setup PV sched yield
[    0.045266] PM: hibernation: Registered nosave memory: [mem 0x00000000-0x00000fff]
[    0.045849] PM: hibernation: Registered nosave memory: [mem 0x0009f000-0x0009ffff]
[    0.046421] PM: hibernation: Registered nosave memory: [mem 0x000a0000-0x000effff]
[    0.047024] PM: hibernation: Registered nosave memory: [mem 0x000f0000-0x000fffff]
[    0.047601] [mem 0x40000000-0xfeffbfff] available for PCI devices
[    0.048072] Booting paravirtualized kernel on KVM
[    0.048428] clocksource: refined-jiffies: mask: 0xffffffff max_cycles: 0xffffffff, max_idle_ns: 1910969940391419 ns
[    0.057434] setup_percpu: NR_CPUS:64 nr_cpumask_bits:32 nr_cpu_ids:32 nr_node_ids:1
[    0.059305] percpu: Embedded 70 pages/cpu s248536 r8192 d29992 u524288
[    0.059921] Kernel command line: virtme_hostname=virtme-ng nr_open=1048576 virtme_link_mods=/nipa-data/kernel/.virtme_mods/lib/modules/0.0.0 virtme_initmount0=nipa-data/kernel virtme_rw_overlay0=/etc virtme_rw_overlay1=/lib virtme_rw_overlay2=/home virtme_rw_overlay3=/opt virtme_rw_overlay4=/srv virtme_rw_overlay5=/usr virtme_rw_overlay6=/var console=hvc0 earlyprintk=serial,ttyS0,115200 virtme_console=ttyS0 psmouse.proto=exps TERM=xterm virtme_chdir=nipa-data/kernel virtme_root_user=1 rootfstype=9p rootflags=version=9p2000.L,trans=virtio,access=any raid=noautodetect ro init=/usr/lib/python3.12/site-packages/virtme/guest/virtme-init
[    0.064414] Unknown kernel command line parameters "virtme_hostname=virtme-ng nr_open=1048576 virtme_link_mods=/nipa-data/kernel/.virtme_mods/lib/modules/0.0.0 virtme_initmount0=nipa-data/kernel virtme_rw_overlay0=/etc virtme_rw_overlay1=/lib virtme_rw_overlay2=/home virtme_rw_overlay3=/opt virtme_rw_overlay4=/srv virtme_rw_overlay5=/usr virtme_rw_overlay6=/var virtme_console=ttyS0 virtme_chdir=nipa-data/kernel virtme_root_user=1", will be passed to user space.
[    0.067798] random: crng init done
[    0.068254] Dentry cache hash table entries: 131072 (order: 8, 1048576 bytes, linear)
[    0.069013] Inode-cache hash table entries: 65536 (order: 7, 524288 bytes, linear)
[    0.070236] Fallback order for Node 0: 0 
[    0.070242] Built 1 zonelists, mobility grouping on.  Total pages: 262014
[    0.071168] Policy zone: DMA32
[    0.071405] mem auto-init: stack:all(zero), heap alloc:off, heap free:off
[    0.071939] stackdepot: allocating hash table via alloc_large_system_hash
[    0.072464] stackdepot hash table entries: 1048576 (order: 12, 16777216 bytes, linear)
[    0.080545] Memory: 781036K/1048056K available (43008K kernel code, 11216K rwdata, 9848K rodata, 5920K init, 2164K bss, 266764K reserved, 0K cma-reserved)
[    0.081829] SLUB: HWalign=64, Order=0-3, MinObjects=0, CPUs=32, Nodes=1
Poking KASLR using RDRAND RDTSC...
[    0.082633] ftrace: allocating 48025 entries in 188 pages
[    0.092115] ftrace: allocated 188 pages with 5 groups
[    0.093385] Dynamic Preempt: voluntary
[    0.094166] rcu: Preemptible hierarchical RCU implementation.
[    0.094607] rcu: RCU event tracing is enabled.
[    0.094978] rcu: RCU restricting CPUs from NR_CPUS=64 to nr_cpu_ids=32.
[    0.095492] Trampoline variant of Tasks RCU enabled.
[    0.095888] Rude variant of Tasks RCU enabled.
[    0.096234] Tracing variant of Tasks RCU enabled.
[    0.096600] rcu: RCU calculated value of scheduler-enlistment delay is 100 jiffies.
[    0.097193] rcu: Adjusting geometry for rcu_fanout_leaf=16, nr_cpu_ids=32
[    0.097794] RCU Tasks: Setting shift to 5 and lim to 1 rcu_task_cb_adjust=1.
[    0.098335] RCU Tasks Rude: Setting shift to 5 and lim to 1 rcu_task_cb_adjust=1.
[    0.098935] RCU Tasks Trace: Setting shift to 5 and lim to 1 rcu_task_cb_adjust=1.
[    0.108020] NR_IRQS: 4352, nr_irqs: 680, preallocated irqs: 16
[    0.108731] rcu: srcu_init: Setting srcu_struct sizes based on contention.
[    0.109475] Console: colour *CGA 80x25
[    0.109807] ACPI: Core revision 20240322
[    0.110265] clocksource: hpet: mask: 0xffffffff max_cycles: 0xffffffff, max_idle_ns: 19112604467 ns
[    0.111029] APIC: Switch to symmetric I/O mode setup
[    0.111411] APIC: Switched APIC routing to: physical flat
[    0.111822] kvm-guest: APIC: send_IPI_mask() replaced with kvm_send_ipi_mask()
[    0.112377] kvm-guest: APIC: send_IPI_mask_allbutself() replaced with kvm_send_ipi_mask_allbutself()
[    0.113077] kvm-guest: setup PV IPIs
[    0.114234] ..TIMER: vector=0x30 apic1=0 pin1=2 apic2=-1 pin2=-1
[    0.115070] tsc: Marking TSC unstable due to TSCs unsynchronized
[    0.115868] Calibrating delay loop (skipped) preset value.. 8983.12 BogoMIPS (lpj=4491560)
[    0.117913] x86/cpu: User Mode Instruction Prevention (UMIP) activated
[    0.118834] Last level iTLB entries: 4KB 512, 2MB 255, 4MB 127
[    0.118866] Last level dTLB entries: 4KB 512, 2MB 255, 4MB 127, 1GB 0
[    0.119871] Spectre V1 : Mitigation: usercopy/swapgs barriers and __user pointer sanitization
[    0.120870] Spectre V2 : Mitigation: Enhanced / Automatic IBRS
[    0.121866] Spectre V2 : Spectre v2 / SpectreRSB mitigation: Filling RSB on context switch
[    0.122868] Spectre V2 : mitigation: Enabling conditional Indirect Branch Prediction Barrier
[    0.123868] Speculative Store Bypass: Mitigation: Speculative Store Bypass disabled via prctl
[    0.124867] Speculative Return Stack Overflow: IBPB-extending microcode not applied!
[    0.125866] Speculative Return Stack Overflow: WARNING: See https://kernel.org/doc/html/latest/admin-guide/hw-vuln/srso.html for mitigation options.
[    0.125867] Speculative Return Stack Overflow: Vulnerable: Safe RET, no microcode
[    0.127882] x86/fpu: Supporting XSAVE feature 0x001: 'x87 floating point registers'
[    0.128866] x86/fpu: Supporting XSAVE feature 0x002: 'SSE registers'
[    0.129866] x86/fpu: Supporting XSAVE feature 0x004: 'AVX registers'
[    0.130866] x86/fpu: Supporting XSAVE feature 0x020: 'AVX-512 opmask'
[    0.131866] x86/fpu: Supporting XSAVE feature 0x040: 'AVX-512 Hi256'
[    0.132866] x86/fpu: Supporting XSAVE feature 0x080: 'AVX-512 ZMM_Hi256'
[    0.133866] x86/fpu: Supporting XSAVE feature 0x200: 'Protection Keys User registers'
[    0.134867] x86/fpu: xstate_offset[2]:  576, xstate_sizes[2]:  256
[    0.135672] x86/fpu: xstate_offset[5]:  832, xstate_sizes[5]:   64
[    0.135866] x86/fpu: xstate_offset[6]:  896, xstate_sizes[6]:  512
[    0.136866] x86/fpu: xstate_offset[7]: 1408, xstate_sizes[7]: 1024
[    0.137866] x86/fpu: xstate_offset[9]: 2432, xstate_sizes[9]:    8
[    0.138866] x86/fpu: Enabled xstate features 0x2e7, context size is 2440 bytes, using 'compacted' format.
[    0.162079] Freeing SMP alternatives memory: 40K
[    0.162693] pid_max: default: 32768 minimum: 301
[    0.163011] Mount-cache hash table entries: 2048 (order: 2, 16384 bytes, linear)
[    0.163868] Mountpoint-cache hash table entries: 2048 (order: 2, 16384 bytes, linear)
[    0.166184] smpboot: CPU0: AMD Ryzen 9 7950X 16-Core Processor (family: 0x19, model: 0x61, stepping: 0x2)
[    0.167348] Performance Events: Fam17h+ core perfctr, AMD PMU driver.
[    0.167871] ... version:                0
[    0.168399] ... bit width:              48
[    0.168868] ... generic registers:      6
[    0.169393] ... value mask:             0000ffffffffffff
[    0.169868] ... max period:             00007fffffffffff
[    0.170563] ... fixed-purpose events:   0
[    0.170868] ... event mask:             000000000000003f
[    0.171691] signal: max sigframe size: 3376
[    0.171915] rcu: Hierarchical SRCU implementation.
[    0.172547] rcu: Max phase no-delay instances is 400.
[    0.177110] smp: Bringing up secondary CPUs ...
[    0.177926] smpboot: x86: Booting SMP configuration:
[    0.178579] .... node  #0, CPUs:        #1  #2  #3  #4  #5  #6  #7  #8  #9 #10 #11 #12 #13 #14 #15 #16 #17 #18 #19 #20 #21 #22 #23 #24 #25 #26 #27 #28 #29 #30 #31
[    0.202026] smp: Brought up 1 node, 32 CPUs
[    0.203420] smpboot: Total of 32 processors activated (287459.84 BogoMIPS)
[    0.213120] devtmpfs: initialized
[    0.214048] x86/mm: Memory block size: 128MB
[    0.221161] clocksource: jiffies: mask: 0xffffffff max_cycles: 0xffffffff, max_idle_ns: 1911260446275000 ns
[    0.221874] futex hash table entries: 8192 (order: 7, 524288 bytes, linear)
[    0.223118] PM: RTC time: 18:27:20, date: 2024-07-04
[    0.224601] NET: Registered PF_NETLINK/PF_ROUTE protocol family
[    0.225780] thermal_sys: Registered thermal governor 'step_wise'
[    0.225782] thermal_sys: Registered thermal governor 'user_space'
[    0.225898] cpuidle: using governor menu
[    0.228270] PCI: Using configuration type 1 for base access
[    0.228868] PCI: Using configuration type 1 for extended access
[    0.229788] kprobes: kprobe jump-optimization is enabled. All kprobes are optimized if possible.
[    0.246987] HugeTLB: registered 1.00 GiB page size, pre-allocated 0 pages
[    0.247868] HugeTLB: 16380 KiB vmemmap can be freed for a 1.00 GiB page
[    0.248747] HugeTLB: registered 2.00 MiB page size, pre-allocated 0 pages
[    0.248868] HugeTLB: 28 KiB vmemmap can be freed for a 2.00 MiB page
[    0.250002] Demotion targets for Node 0: null
[    0.251127] ACPI: Added _OSI(Module Device)
[    0.251689] ACPI: Added _OSI(Processor Device)
[    0.251869] ACPI: Added _OSI(3.0 _SCP Extensions)
[    0.252494] ACPI: Added _OSI(Processor Aggregator Device)
[    0.277319] ACPI: 1 ACPI AML tables successfully acquired and loaded
[    0.279486] ACPI: _OSC evaluation for CPUs failed, trying _PDC
[    0.282181] ACPI: Interpreter enabled
[    0.282735] ACPI: PM: (supports S0 S3 S4 S5)
[    0.282868] ACPI: Using IOAPIC for interrupt routing
[    0.283572] PCI: Using host bridge windows from ACPI; if necessary, use "pci=nocrs" and report a bug
[    0.283868] PCI: Using E820 reservations for host bridge windows
[    0.285769] ACPI: Enabled 2 GPEs in block 00 to 0F
[    0.334618] ACPI: PCI Root Bridge [PCI0] (domain 0000 [bus 00-ff])
[    0.334883] acpi PNP0A03:00: _OSC: OS supports [ExtendedConfig ASPM ClockPM Segments MSI HPX-Type3]
[    0.336381] PCI host bridge to bus 0000:00
[    0.336872] pci_bus 0000:00: root bus resource [io  0x0000-0x0cf7 window]
[    0.337776] pci_bus 0000:00: root bus resource [io  0x0d00-0xffff window]
[    0.337871] pci_bus 0000:00: root bus resource [mem 0x000a0000-0x000bffff window]
[    0.338854] pci_bus 0000:00: root bus resource [mem 0x40000000-0xfebfffff window]
[    0.338871] pci_bus 0000:00: root bus resource [mem 0x100000000-0x17fffffff window]
[    0.339871] pci_bus 0000:00: root bus resource [bus 00-ff]
[    0.340747] pci 0000:00:00.0: [8086:1237] type 00 class 0x060000 conventional PCI endpoint
[    0.341759] pci 0000:00:01.0: [8086:7000] type 00 class 0x060100 conventional PCI endpoint
[    0.342803] pci 0000:00:01.1: [8086:7010] type 00 class 0x010180 conventional PCI endpoint
[    0.345138] pci 0000:00:01.1: BAR 4 [io  0xc0c0-0xc0cf]
[    0.346619] pci 0000:00:01.1: BAR 0 [io  0x01f0-0x01f7]: legacy IDE quirk
[    0.346869] pci 0000:00:01.1: BAR 1 [io  0x03f6]: legacy IDE quirk
[    0.347674] pci 0000:00:01.1: BAR 2 [io  0x0170-0x0177]: legacy IDE quirk
[    0.347868] pci 0000:00:01.1: BAR 3 [io  0x0376]: legacy IDE quirk
[    0.349388] pci 0000:00:01.3: [8086:7113] type 00 class 0x068000 conventional PCI endpoint
[    0.350141] pci 0000:00:01.3: quirk: [io  0x0600-0x063f] claimed by PIIX4 ACPI
[    0.350873] pci 0000:00:01.3: quirk: [io  0x0700-0x070f] claimed by PIIX4 SMB
[    0.352584] pci 0000:00:02.0: [1af4:1009] type 00 class 0x000200 conventional PCI endpoint
[    0.353869] pci 0000:00:02.0: BAR 0 [io  0xc000-0xc03f]
[    0.355584] pci 0000:00:02.0: BAR 1 [mem 0xfebfc000-0xfebfcfff]
[    0.359869] pci 0000:00:02.0: BAR 4 [mem 0xfebf0000-0xfebf3fff 64bit pref]
[    0.373562] pci 0000:00:03.0: [1af4:1009] type 00 class 0x000200 conventional PCI endpoint
[    0.374869] pci 0000:00:03.0: BAR 0 [io  0xc040-0xc07f]
[    0.376605] pci 0000:00:03.0: BAR 1 [mem 0xfebfd000-0xfebfdfff]
[    0.379869] pci 0000:00:03.0: BAR 4 [mem 0xfebf4000-0xfebf7fff 64bit pref]
[    0.393501] pci 0000:00:04.0: [8086:25ab] type 00 class 0x088000 conventional PCI endpoint
[    0.394279] pci 0000:00:04.0: BAR 0 [mem 0xfebfe000-0xfebfe00f]
[    0.409896] pci 0000:00:05.0: [1af4:1003] type 00 class 0x078000 conventional PCI endpoint
[    0.411869] pci 0000:00:05.0: BAR 0 [io  0xc080-0xc0bf]
[    0.413571] pci 0000:00:05.0: BAR 1 [mem 0xfebff000-0xfebfffff]
[    0.417618] pci 0000:00:05.0: BAR 4 [mem 0xfebf8000-0xfebfbfff 64bit pref]
[    0.433579] ACPI: PCI: Interrupt link LNKA configured for IRQ 10
[    0.434849] ACPI: PCI: Interrupt link LNKB configured for IRQ 10
[    0.435825] ACPI: PCI: Interrupt link LNKC configured for IRQ 11
[    0.436823] ACPI: PCI: Interrupt link LNKD configured for IRQ 11
[    0.437271] ACPI: PCI: Interrupt link LNKS configured for IRQ 9
[    0.456971] iommu: Default domain type: Translated
[    0.457614] iommu: DMA domain TLB invalidation policy: lazy mode
[    0.458351] SCSI subsystem initialized
[    0.459101] pps_core: LinuxPPS API ver. 1 registered
[    0.459869] pps_core: Software ver. 5.3.6 - Copyright 2005-2007 Rodolfo Giometti <giometti@linux.it>
[    0.460882] PTP clock support registered
[    0.461491] Advanced Linux Sound Architecture Driver Initialized.
[    0.463019] NET: Registered PF_ATMPVC protocol family
[    0.463692] NET: Registered PF_ATMSVC protocol family
[    0.463893] PCI: Using ACPI for IRQ routing
[    0.464600] vgaarb: loaded
[    0.464993] hpet0: at MMIO 0xfed00000, IRQs 2, 8, 0
[    0.465649] hpet0: 3 comparators, 64-bit 100.000000 MHz counter
[    0.470856] clocksource: Switched to clocksource kvm-clock
[    0.471143] VFS: Disk quotas dquot_6.6.0
[    0.472279] VFS: Dquot-cache hash table entries: 512 (order 0, 4096 bytes)
[    0.474617] pnp: PnP ACPI init
[    0.478321] pnp: PnP ACPI: found 5 devices
[    0.490646] clocksource: acpi_pm: mask: 0xffffff max_cycles: 0xffffff, max_idle_ns: 2085701024 ns
[    0.491877] NET: Registered PF_INET protocol family
[    0.492660] IP idents hash table entries: 16384 (order: 5, 131072 bytes, linear)
[    0.494032] tcp_listen_portaddr_hash hash table entries: 512 (order: 1, 8192 bytes, linear)
[    0.495153] Table-perturb hash table entries: 65536 (order: 6, 262144 bytes, linear)
[    0.496195] TCP established hash table entries: 8192 (order: 4, 65536 bytes, linear)
[    0.497226] TCP bind hash table entries: 8192 (order: 6, 262144 bytes, linear)
[    0.498189] TCP: Hash tables configured (established 8192 bind 8192)
[    0.499202] UDP hash table entries: 512 (order: 2, 16384 bytes, linear)
[    0.500085] UDP-Lite hash table entries: 512 (order: 2, 16384 bytes, linear)
[    0.501236] NET: Registered PF_UNIX/PF_LOCAL protocol family
[    0.502007] pci_bus 0000:00: resource 4 [io  0x0000-0x0cf7 window]
[    0.502830] pci_bus 0000:00: resource 5 [io  0x0d00-0xffff window]
[    0.503647] pci_bus 0000:00: resource 6 [mem 0x000a0000-0x000bffff window]
[    0.504547] pci_bus 0000:00: resource 7 [mem 0x40000000-0xfebfffff window]
[    0.505456] pci_bus 0000:00: resource 8 [mem 0x100000000-0x17fffffff window]
[    0.506595] pci 0000:00:01.0: PIIX3: Enabling Passive Release
[    0.507361] pci 0000:00:00.0: Limiting direct PCI/PCI transfers
[    0.508181] PCI: CLS 0 bytes, default 64
[    0.508776] kvm_intel: VMX not supported by CPU 0
[    0.509421] kvm_amd: TSC scaling supported
[    0.509971] kvm_amd: Nested Virtualization enabled
[    0.510605] kvm_amd: Nested Paging enabled
[    0.511142] kvm_amd: LBR virtualization supported
[    0.511773] kvm_amd: Virtual VMLOAD VMSAVE supported
[    0.512422] kvm_amd: Virtual GIF supported
[    0.512963] kvm_amd: Virtual NMI enabled
[    0.610535] Initialise system trusted keyrings
[    0.611309] workingset: timestamp_bits=56 max_order=18 bucket_order=0
[    0.612293] squashfs: version 4.0 (2009/01/31) Phillip Lougher
[    0.613093] fuse: init (API version 7.40)
[    0.613778] 9p: Installing v9fs 9p2000 file system support
[    0.624053] Key type asymmetric registered
[    0.624596] Asymmetric key parser 'x509' registered
[    0.625308] Block layer SCSI generic (bsg) driver version 0.4 loaded (major 249)
[    0.626316] io scheduler mq-deadline registered
[    0.626926] io scheduler kyber registered
[    0.629044] input: Power Button as /devices/LNXSYSTM:00/LNXPWRBN:00/input/input0
[    0.630240] ACPI: button: Power Button [PWRF]
[    0.630953] Warning: Processor Platform Limit event detected, but not handled.
[    0.631910] Consider compiling CPUfreq support into your kernel.
[    1.506657] ACPI: \_SB_.LNKB: Enabled at IRQ 10
[    2.419374] ACPI: \_SB_.LNKC: Enabled at IRQ 11
[    3.381562] ACPI: \_SB_.LNKA: Enabled at IRQ 10
[    3.383172] Serial: 8250/16550 driver, 4 ports, IRQ sharing enabled
[    3.384398] 00:03: ttyS0 at I/O 0x3f8 (irq = 4, base_baud = 115200) is a 16550A
[    3.429044] Non-volatile memory driver v1.3
[    3.429630] Linux agpgart interface v0.103
[    3.430190] printk: legacy console [hvc0] enabled
          _      _                                    
   __   _(_)_ __| |_ _ __ ___   ___       _ __   __ _ 
   \ \ / / |  __| __|  _   _ \ / _ \_____|  _ \ / _  |
    \ V /| | |  | |_| | | | | |  __/_____| | | | (_| |
     \_/ |_|_|   \__|_| |_| |_|\___|     |_| |_|\__  |
                                                |___/ 
   kernel version: 6.10.0-rc5-virtme x86_64
   (CTRL+d to exit)

virtme-ng:/nipa-data/kernel# PS1='xx__-> '
xx__-> env
PWD=/nipa-data/kernel
nr_open=1048576
HOME=/root
TERM=xterm
SHLVL=2
XDG_RUNTIME_DIR=/run/user/0
PATH=/bin:/sbin:/usr/bin:/usr/sbin:/usr/local/bin
OLDPWD=/
_=/usr/bin/env
xx__-> 