No EFI environment detected.
early console in extract_kernel
input_data: 0x00000000030602b9
input_len: 0x0000000000b83449
output: 0x0000000001000000
output_len: 0x000000000252e3cc
kernel_total_size: 0x0000000002c30000
needed_size: 0x0000000002e00000
trampoline_32bit: 0x0000000000000000
Physical KASLR using RDRAND RDTSC...
Virtual KASLR using RDRAND RDTSC...

Decompressing Linux... Parsing ELF... Performing relocations... done.
Booting the kernel (entry_offset: 0x0000000000000000).
[    0.000000] Linux version 6.8.0-rc2-virtme (root@b58a6f1c7e3f) (gcc (Alpine 13.2.1_git20231014) 13.2.1 20231014, GNU ld (GNU Binutils) 2.41) #1 SMP PREEMPT_DYNAMIC Thu Feb  8 12:48:54 UTC 2024
[    0.000000] Command line: virtme_hostname=virtme-ng virtme_link_mods=/nipa-data/kernel/.virtme_mods/lib/modules/0.0.0 virtme_initmount0=nipa-data/kernel virtme_rw_overlay0=/etc virtme_rw_overlay1=/lib virtme_rw_overlay2=/home virtme_rw_overlay3=/opt virtme_rw_overlay4=/srv virtme_rw_overlay5=/usr virtme_rw_overlay6=/var earlyprintk=serial,ttyS0,115200 console=ttyS0 psmouse.proto=exps virtme_chdir=nipa-data/kernel virtme_root_user=1 rootfstype=9p rootflags=version=9p2000.L,trans=virtio,access=any raid=noautodetect ro init=/usr/lib/python3.11/site-packages/virtme/guest/virtme-init
[    0.000000] BIOS-provided physical RAM map:
[    0.000000] BIOS-e820: [mem 0x0000000000000000-0x000000000009fbff] usable
[    0.000000] BIOS-e820: [mem 0x000000000009fc00-0x000000000009ffff] reserved
[    0.000000] BIOS-e820: [mem 0x00000000000f0000-0x00000000000fffff] reserved
[    0.000000] BIOS-e820: [mem 0x0000000000100000-0x000000003ffdffff] usable
[    0.000000] BIOS-e820: [mem 0x000000003ffe0000-0x000000003fffffff] reserved
[    0.000000] BIOS-e820: [mem 0x00000000feffc000-0x00000000feffffff] reserved
[    0.000000] BIOS-e820: [mem 0x00000000fffc0000-0x00000000ffffffff] reserved
[    0.000000] BIOS-e820: [mem 0x000000fd00000000-0x000000ffffffffff] reserved
[    0.000000] printk: legacy bootconsole [earlyser0] enabled
[    0.000000] NX (Execute Disable) protection: active
[    0.000000] APIC: Static calls initialized
[    0.000000] SMBIOS 3.0.0 present.
[    0.000000] DMI: QEMU Standard PC (i440FX + PIIX, 1996), BIOS rel-1.16.3-0-ga6ed6b701f0a-prebuilt.qemu.org 04/01/2014
[    0.000000] Hypervisor detected: KVM
[    0.000000] kvm-clock: Using msrs 4b564d01 and 4b564d00
[    0.000001] kvm-clock: using sched offset of 232166546 cycles
[    0.000392] clocksource: kvm-clock: mask: 0xffffffffffffffff max_cycles: 0x1cd42e4dffb, max_idle_ns: 881590591483 ns
[    0.001624] tsc: Detected 4491.536 MHz processor
[    0.002240] last_pfn = 0x3ffe0 max_arch_pfn = 0x400000000
[    0.002668] MTRR map: 4 entries (3 fixed + 1 variable; max 19), built from 8 variable MTRRs
[    0.003293] x86/PAT: Configuration [0-7]: WB  WC  UC- UC  WB  WP  UC- WT  
Memory KASLR using RDRAND RDTSC...
[    0.005396] found SMP MP-table at [mem 0x000f5470-0x000f547f]
[    0.005832] Using GB pages for direct mapping
[    0.006229] ACPI: Early table checksum verification disabled
[    0.006653] ACPI: RSDP 0x00000000000F5290 000014 (v00 BOCHS )
[    0.007084] ACPI: RSDT 0x000000003FFE27B6 000034 (v01 BOCHS  BXPC     00000001 BXPC 00000001)
[    0.007724] ACPI: FACP 0x000000003FFE2572 000074 (v01 BOCHS  BXPC     00000001 BXPC 00000001)
[    0.008365] ACPI: DSDT 0x000000003FFE0040 002532 (v01 BOCHS  BXPC     00000001 BXPC 00000001)
[    0.009007] ACPI: FACS 0x000000003FFE0000 000040
[    0.009353] ACPI: APIC 0x000000003FFE25E6 000170 (v03 BOCHS  BXPC     00000001 BXPC 00000001)
[    0.009992] ACPI: HPET 0x000000003FFE2756 000038 (v01 BOCHS  BXPC     00000001 BXPC 00000001)
[    0.010629] ACPI: WAET 0x000000003FFE278E 000028 (v01 BOCHS  BXPC     00000001 BXPC 00000001)
[    0.011267] ACPI: Reserving FACP table memory at [mem 0x3ffe2572-0x3ffe25e5]
[    0.011795] ACPI: Reserving DSDT table memory at [mem 0x3ffe0040-0x3ffe2571]
[    0.012321] ACPI: Reserving FACS table memory at [mem 0x3ffe0000-0x3ffe003f]
[    0.012851] ACPI: Reserving APIC table memory at [mem 0x3ffe25e6-0x3ffe2755]
[    0.013377] ACPI: Reserving HPET table memory at [mem 0x3ffe2756-0x3ffe278d]
[    0.013909] ACPI: Reserving WAET table memory at [mem 0x3ffe278e-0x3ffe27b5]
[    0.014611] No NUMA configuration found
[    0.014899] Faking a node at [mem 0x0000000000000000-0x000000003ffdffff]
[    0.015519] NODE_DATA(0) allocated [mem 0x3ffdb000-0x3ffdffff]
[    0.016068] Zone ranges:
[    0.016299]   DMA      [mem 0x0000000000001000-0x0000000000ffffff]
[    0.016869]   DMA32    [mem 0x0000000001000000-0x000000003ffdffff]
[    0.017435]   Normal   empty
[    0.017699]   Device   empty
[    0.017961] Movable zone start for each node
[    0.018352] Early memory node ranges
[    0.018680]   node   0: [mem 0x0000000000001000-0x000000000009efff]
[    0.019252]   node   0: [mem 0x0000000000100000-0x000000003ffdffff]
[    0.019825] Initmem setup node 0 [mem 0x0000000000001000-0x000000003ffdffff]
[    0.020471] On node 0, zone DMA: 1 pages in unavailable ranges
[    0.021021] On node 0, zone DMA: 97 pages in unavailable ranges
[    0.022774] On node 0, zone DMA32: 32 pages in unavailable ranges
[    0.023575] ACPI: PM-Timer IO Port: 0x608
[    0.023947] ACPI: LAPIC_NMI (acpi_id[0xff] dfl dfl lint[0x1])
[    0.024496] IOAPIC[0]: apic_id 0, version 17, address 0xfec00000, GSI 0-23
[    0.025135] ACPI: INT_SRC_OVR (bus 0 bus_irq 0 global_irq 2 dfl dfl)
[    0.025711] ACPI: INT_SRC_OVR (bus 0 bus_irq 5 global_irq 5 high level)
[    0.026307] ACPI: INT_SRC_OVR (bus 0 bus_irq 9 global_irq 9 high level)
[    0.026898] ACPI: INT_SRC_OVR (bus 0 bus_irq 10 global_irq 10 high level)
[    0.027502] ACPI: INT_SRC_OVR (bus 0 bus_irq 11 global_irq 11 high level)
[    0.028111] ACPI: Using ACPI (MADT) for SMP configuration information
[    0.028690] ACPI: HPET id: 0x8086a201 base: 0xfed00000
[    0.029152] TSC deadline timer available
[    0.029502] smpboot: Allowing 32 CPUs, 0 hotplug CPUs
[    0.029974] kvm-guest: APIC: eoi() replaced with kvm_guest_apic_eoi_write()
[    0.030607] kvm-guest: KVM setup pv remote TLB flush
[    0.031054] kvm-guest: setup PV sched yield
[    0.031436] PM: hibernation: Registered nosave memory: [mem 0x00000000-0x00000fff]
[    0.032114] PM: hibernation: Registered nosave memory: [mem 0x0009f000-0x0009ffff]
[    0.032794] PM: hibernation: Registered nosave memory: [mem 0x000a0000-0x000effff]
[    0.033470] PM: hibernation: Registered nosave memory: [mem 0x000f0000-0x000fffff]
[    0.034149] [mem 0x40000000-0xfeffbfff] available for PCI devices
[    0.034693] Booting paravirtualized kernel on KVM
[    0.035116] clocksource: refined-jiffies: mask: 0xffffffff max_cycles: 0xffffffff, max_idle_ns: 1910969940391419 ns
[    0.039217] setup_percpu: NR_CPUS:64 nr_cpumask_bits:32 nr_cpu_ids:32 nr_node_ids:1
[    0.040686] percpu: Embedded 58 pages/cpu s199840 r8192 d29536 u262144
[    0.041247] Kernel command line: virtme_hostname=virtme-ng virtme_link_mods=/nipa-data/kernel/.virtme_mods/lib/modules/0.0.0 virtme_initmount0=nipa-data/kernel virtme_rw_overlay0=/etc virtme_rw_overlay1=/lib virtme_rw_overlay2=/home virtme_rw_overlay3=/opt virtme_rw_overlay4=/srv virtme_rw_overlay5=/usr virtme_rw_overlay6=/var earlyprintk=serial,ttyS0,115200 console=ttyS0 psmouse.proto=exps virtme_chdir=nipa-data/kernel virtme_root_user=1 rootfstype=9p rootflags=version=9p2000.L,trans=virtio,access=any raid=noautodetect ro init=/usr/lib/python3.11/site-packages/virtme/guest/virtme-init
[    0.045355] Unknown kernel command line parameters "virtme_hostname=virtme-ng virtme_link_mods=/nipa-data/kernel/.virtme_mods/lib/modules/0.0.0 virtme_initmount0=nipa-data/kernel virtme_rw_overlay0=/etc virtme_rw_overlay1=/lib virtme_rw_overlay2=/home virtme_rw_overlay3=/opt virtme_rw_overlay4=/srv virtme_rw_overlay5=/usr virtme_rw_overlay6=/var virtme_chdir=nipa-data/kernel virtme_root_user=1", will be passed to user space.
[    0.048801] random: crng init done
[    0.049110] Dentry cache hash table entries: 131072 (order: 8, 1048576 bytes, linear)
[    0.049731] Inode-cache hash table entries: 65536 (order: 7, 524288 bytes, linear)
[    0.050424] Fallback order for Node 0: 0 
[    0.050427] Built 1 zonelists, mobility grouping on.  Total pages: 257760
[    0.051269] Policy zone: DMA32
[    0.051505] mem auto-init: stack:all(zero), heap alloc:off, heap free:off
[    0.053503] Memory: 976388K/1048056K available (16384K kernel code, 2559K rwdata, 6072K rodata, 3152K init, 12008K bss, 71408K reserved, 0K cma-reserved)
[    0.054625] SLUB: HWalign=64, Order=0-3, MinObjects=0, CPUs=32, Nodes=1
Poking KASLR using RDRAND RDTSC...
[    0.055423] ftrace: allocating 46547 entries in 182 pages
[    0.062570] ftrace: allocated 182 pages with 5 groups
[    0.063780] Dynamic Preempt: voluntary
[    0.064298] Running RCU self tests
[    0.064565] Running RCU synchronous self tests
[    0.064934] rcu: Preemptible hierarchical RCU implementation.
[    0.065379] rcu: RCU event tracing is enabled.
[    0.065727] rcu: RCU lockdep checking is enabled.
[    0.066106] rcu: RCU restricting CPUs from NR_CPUS=64 to nr_cpu_ids=32.
[    0.066623] Trampoline variant of Tasks RCU enabled.
[    0.067021] Rude variant of Tasks RCU enabled.
[    0.067370] Tracing variant of Tasks RCU enabled.
[    0.067740] rcu: RCU calculated value of scheduler-enlistment delay is 100 jiffies.
[    0.068338] rcu: Adjusting geometry for rcu_fanout_leaf=16, nr_cpu_ids=32
[    0.068901] Running RCU synchronous self tests
[    0.070863] NR_IRQS: 4352, nr_irqs: 680, preallocated irqs: 16
[    0.071517] rcu: srcu_init: Setting srcu_struct sizes based on contention.
[    0.072261] Console: colour *CGA 80x25
[    0.072575] printk: legacy console [ttyS0] enabled
[    0.072575] printk: legacy console [ttyS0] enabled
[    0.073335] printk: legacy bootconsole [earlyser0] disabled
[    0.073335] printk: legacy bootconsole [earlyser0] disabled
[    0.074212] Lock dependency validator: Copyright (c) 2006 Red Hat, Inc., Ingo Molnar
[    0.074814] ... MAX_LOCKDEP_SUBCLASSES:  8
[    0.075146] ... MAX_LOCK_DEPTH:          48
[    0.075473] ... MAX_LOCKDEP_KEYS:        8192
[    0.075813] ... CLASSHASH_SIZE:          4096
[    0.076157] ... MAX_LOCKDEP_ENTRIES:     32768
[    0.076506] ... MAX_LOCKDEP_CHAINS:      65536
[    0.076855] ... CHAINHASH_SIZE:          32768
[    0.077206]  memory used by lock dependency info: 6429 kB
[    0.077623]  memory used for stack traces: 4224 kB
[    0.078008]  per task-struct memory footprint: 1920 bytes
[    0.078441] ACPI: Core revision 20230628
[    0.078851] clocksource: hpet: mask: 0xffffffff max_cycles: 0xffffffff, max_idle_ns: 19112604467 ns
[    0.079671] APIC: Switch to symmetric I/O mode setup
[    0.080081] APIC: Switched APIC routing to: physical flat
[    0.080505] kvm-guest: APIC: send_IPI_mask() replaced with kvm_send_ipi_mask()
[    0.081079] kvm-guest: APIC: send_IPI_mask_allbutself() replaced with kvm_send_ipi_mask_allbutself()
[    0.081790] kvm-guest: setup PV IPIs
[    0.082931] ..TIMER: vector=0x30 apic1=0 pin1=2 apic2=-1 pin2=-1
[    0.083778] tsc: Marking TSC unstable due to TSCs unsynchronized
[    0.084599] Calibrating delay loop (skipped) preset value.. 8983.07 BogoMIPS (lpj=4491536)
[    0.085654] x86/cpu: User Mode Instruction Prevention (UMIP) activated
[    0.086654] Last level iTLB entries: 4KB 512, 2MB 255, 4MB 127
[    0.087452] Last level dTLB entries: 4KB 512, 2MB 255, 4MB 127, 1GB 0
[    0.087598] Spectre V1 : Mitigation: usercopy/swapgs barriers and __user pointer sanitization
[    0.088598] Spectre V2 : Mitigation: Enhanced / Automatic IBRS
[    0.089396] Spectre V2 : Spectre v2 / SpectreRSB mitigation: Filling RSB on context switch
[    0.089596] Spectre V2 : mitigation: Enabling conditional Indirect Branch Prediction Barrier
[    0.090596] Speculative Store Bypass: Mitigation: Speculative Store Bypass disabled via prctl
[    0.091594] Speculative Return Stack Overflow: IBPB-extending microcode not applied!
[    0.092594] Speculative Return Stack Overflow: WARNING: See https://kernel.org/doc/html/latest/admin-guide/hw-vuln/srso.html for mitigation options.
[    0.092595] Speculative Return Stack Overflow: Vulnerable: Safe RET, no microcode
[    0.094616] x86/fpu: Supporting XSAVE feature 0x001: 'x87 floating point registers'
[    0.095594] x86/fpu: Supporting XSAVE feature 0x002: 'SSE registers'
[    0.096594] x86/fpu: Supporting XSAVE feature 0x004: 'AVX registers'
[    0.097594] x86/fpu: Supporting XSAVE feature 0x020: 'AVX-512 opmask'
[    0.098545] x86/fpu: Supporting XSAVE feature 0x040: 'AVX-512 Hi256'
[    0.098594] x86/fpu: Supporting XSAVE feature 0x080: 'AVX-512 ZMM_Hi256'
[    0.099594] x86/fpu: Supporting XSAVE feature 0x200: 'Protection Keys User registers'
[    0.100594] x86/fpu: xstate_offset[2]:  576, xstate_sizes[2]:  256
[    0.101594] x86/fpu: xstate_offset[5]:  832, xstate_sizes[5]:   64
[    0.102594] x86/fpu: xstate_offset[6]:  896, xstate_sizes[6]:  512
[    0.103594] x86/fpu: xstate_offset[7]: 1408, xstate_sizes[7]: 1024
[    0.104594] x86/fpu: xstate_offset[9]: 2432, xstate_sizes[9]:    8
[    0.105399] x86/fpu: Enabled xstate features 0x2e7, context size is 2440 bytes, using 'compacted' format.
[    0.123393] Freeing SMP alternatives memory: 36K
[    0.123596] pid_max: default: 32768 minimum: 301
[    0.124680] Mount-cache hash table entries: 2048 (order: 2, 16384 bytes, linear)
[    0.125596] Mountpoint-cache hash table entries: 2048 (order: 2, 16384 bytes, linear)
[    0.127148] Running RCU synchronous self tests
[    0.127597] Running RCU synchronous self tests
[    0.128705] smpboot: CPU0: AMD Ryzen 9 7950X 16-Core Processor (family: 0x19, model: 0x61, stepping: 0x2)
[    0.129961] RCU Tasks: Setting shift to 5 and lim to 1 rcu_task_cb_adjust=1.
[    0.130625] RCU Tasks Rude: Setting shift to 5 and lim to 1 rcu_task_cb_adjust=1.
[    0.131623] RCU Tasks Trace: Setting shift to 5 and lim to 1 rcu_task_cb_adjust=1.
[    0.132643] Running RCU Tasks wait API self tests
[    0.233666] Running RCU Tasks Rude wait API self tests
[    0.234480] Running RCU Tasks Trace wait API self tests
[    0.234645] Performance Events: Fam17h+ core perfctr, AMD PMU driver.
[    0.235544] ... version:                0
[    0.235597] ... bit width:              48
[    0.236132] ... generic registers:      6
[    0.236596] ... value mask:             0000ffffffffffff
[    0.237289] ... max period:             00007fffffffffff
[    0.237596] ... fixed-purpose events:   0
[    0.238123] ... event mask:             000000000000003f
[    0.238788] signal: max sigframe size: 3376
[    0.239423] rcu: Hierarchical SRCU implementation.
[    0.239597] rcu: Max phase no-delay instances is 400.
[    0.241979] Callback from call_rcu_tasks_trace() invoked.
[    0.244431] smp: Bringing up secondary CPUs ...
[    0.244896] smpboot: x86: Booting SMP configuration:
[    0.245554] .... node  #0, CPUs:        #1  #2  #3  #4  #5  #6  #7  #8  #9 #10 #11 #12 #13 #14 #15 #16 #17 #18 #19 #20 #21 #22 #23 #24 #25 #26 #27 #28 #29 #30 #31
[    0.272780] smp: Brought up 1 node, 32 CPUs
[    0.274175] smpboot: Max logical packages: 1
[    0.274597] smpboot: Total of 32 processors activated (287458.30 BogoMIPS)
[    0.280827] devtmpfs: initialized
[    0.281691] x86/mm: Memory block size: 128MB
[    0.284353] Running RCU synchronous self tests
[    0.284613] Running RCU synchronous self tests
[    0.285334] clocksource: jiffies: mask: 0xffffffff max_cycles: 0xffffffff, max_idle_ns: 1911260446275000 ns
[    0.285603] futex hash table entries: 8192 (order: 8, 1048576 bytes, linear)
[    0.287061] PM: RTC time: 12:49:27, date: 2024-02-08
[    0.288218] NET: Registered PF_NETLINK/PF_ROUTE protocol family
[    0.289248] thermal_sys: Registered thermal governor 'step_wise'
[    0.289251] thermal_sys: Registered thermal governor 'user_space'
[    0.289650] cpuidle: using governor menu
[    0.291979] PCI: Using configuration type 1 for base access
[    0.292597] PCI: Using configuration type 1 for extended access
[    0.293543] kprobes: kprobe jump-optimization is enabled. All kprobes are optimized if possible.
[    0.308817] HugeTLB: registered 1.00 GiB page size, pre-allocated 0 pages
[    0.309597] HugeTLB: 16380 KiB vmemmap can be freed for a 1.00 GiB page
[    0.310492] HugeTLB: registered 2.00 MiB page size, pre-allocated 0 pages
[    0.310598] HugeTLB: 28 KiB vmemmap can be freed for a 2.00 MiB page
[    0.311800] ACPI: Added _OSI(Module Device)
[    0.312385] ACPI: Added _OSI(Processor Device)
[    0.312599] ACPI: Added _OSI(3.0 _SCP Extensions)
[    0.313244] ACPI: Added _OSI(Processor Aggregator Device)
[    0.315734] ACPI: 1 ACPI AML tables successfully acquired and loaded
[    0.318162] ACPI: _OSC evaluation for CPUs failed, trying _PDC
[    0.319133] ACPI: Interpreter enabled
[    0.319640] ACPI: PM: (supports S0 S3 S4 S5)
[    0.320230] ACPI: Using IOAPIC for interrupt routing
[    0.320620] PCI: Using host bridge windows from ACPI; if necessary, use "pci=nocrs" and report a bug
[    0.321596] PCI: Using E820 reservations for host bridge windows
[    0.322702] ACPI: Enabled 2 GPEs in block 00 to 0F
[    0.332482] ACPI: PCI Root Bridge [PCI0] (domain 0000 [bus 00-ff])
[    0.332600] acpi PNP0A03:00: _OSC: OS supports [ExtendedConfig ASPM ClockPM Segments MSI HPX-Type3]
[    0.334103] PCI host bridge to bus 0000:00
[    0.334597] pci_bus 0000:00: root bus resource [io  0x0000-0x0cf7 window]
[    0.335518] pci_bus 0000:00: root bus resource [io  0x0d00-0xffff window]
[    0.335598] pci_bus 0000:00: root bus resource [mem 0x000a0000-0x000bffff window]
[    0.336597] pci_bus 0000:00: root bus resource [mem 0x40000000-0xfebfffff window]
[    0.338130] pci_bus 0000:00: root bus resource [mem 0x100000000-0x17fffffff window]
[    0.339660] pci_bus 0000:00: root bus resource [bus 00-ff]
[    0.339659] Callback from call_rcu_tasks_rude() invoked.
[    0.340252] pci 0000:00:00.0: [8086:1237] type 00 class 0x060000 conventional PCI endpoint
[    0.343274] pci 0000:00:01.0: [8086:7000] type 00 class 0x060100 conventional PCI endpoint
[    0.345164] pci 0000:00:01.1: [8086:7010] type 00 class 0x010180 conventional PCI endpoint
[    0.349965] pci 0000:00:01.1: BAR 4 [io  0xc080-0xc08f]
[    0.351961] pci 0000:00:01.1: BAR 0 [io  0x01f0-0x01f7]: legacy IDE quirk
[    0.353598] pci 0000:00:01.1: BAR 1 [io  0x03f6]: legacy IDE quirk
[    0.355598] pci 0000:00:01.1: BAR 2 [io  0x0170-0x0177]: legacy IDE quirk
[    0.356598] pci 0000:00:01.1: BAR 3 [io  0x0376]: legacy IDE quirk
[    0.357854] pci 0000:00:01.3: [8086:7113] type 00 class 0x068000 conventional PCI endpoint
[    0.359862] pci 0000:00:01.3: quirk: [io  0x0600-0x063f] claimed by PIIX4 ACPI
[    0.360603] pci 0000:00:01.3: quirk: [io  0x0700-0x070f] claimed by PIIX4 SMB
[    0.361844] pci 0000:00:02.0: [1af4:1009] type 00 class 0x000200 conventional PCI endpoint
[    0.363597] pci 0000:00:02.0: BAR 0 [io  0xc000-0xc03f]
[    0.366261] pci 0000:00:02.0: BAR 1 [mem 0xfebfd000-0xfebfdfff]
[    0.370597] pci 0000:00:02.0: BAR 4 [mem 0xfebf4000-0xfebf7fff 64bit pref]
[    0.374449] pci 0000:00:03.0: [1af4:1009] type 00 class 0x000200 conventional PCI endpoint
[    0.377597] pci 0000:00:03.0: BAR 0 [io  0xc040-0xc07f]
[    0.379227] pci 0000:00:03.0: BAR 1 [mem 0xfebfe000-0xfebfefff]
[    0.383597] pci 0000:00:03.0: BAR 4 [mem 0xfebf8000-0xfebfbfff 64bit pref]
[    0.388560] pci 0000:00:04.0: [8086:25ab] type 00 class 0x088000 conventional PCI endpoint
[    0.390119] pci 0000:00:04.0: BAR 0 [mem 0xfebff000-0xfebff00f]
[    0.397574] ACPI: PCI: Interrupt link LNKA configured for IRQ 10
[    0.398819] ACPI: PCI: Interrupt link LNKB configured for IRQ 10
[    0.400810] ACPI: PCI: Interrupt link LNKC configured for IRQ 11
[    0.401799] ACPI: PCI: Interrupt link LNKD configured for IRQ 11
[    0.402729] ACPI: PCI: Interrupt link LNKS configured for IRQ 9
[    0.406702] iommu: Default domain type: Translated
[    0.407531] iommu: DMA domain TLB invalidation policy: lazy mode
[    0.408972] SCSI subsystem initialized
[    0.409718] pps_core: LinuxPPS API ver. 1 registered
[    0.410599] pps_core: Software ver. 5.3.6 - Copyright 2005-2007 Rodolfo Giometti <giometti@linux.it>
[    0.412604] PTP clock support registered
[    0.413684] Advanced Linux Sound Architecture Driver Initialized.
[    0.415318] NET: Registered PF_ATMPVC protocol family
[    0.416599] NET: Registered PF_ATMSVC protocol family
[    0.417472] PCI: Using ACPI for IRQ routing
[    0.418707] vgaarb: loaded
[    0.419097] hpet0: at MMIO 0xfed00000, IRQs 2, 8, 0
[    0.419600] hpet0: 3 comparators, 64-bit 100.000000 MHz counter
[    0.425134] clocksource: Switched to clocksource kvm-clock
[    0.426780] VFS: Disk quotas dquot_6.6.0
[    0.427477] VFS: Dquot-cache hash table entries: 512 (order 0, 4096 bytes)
[    0.428830] pnp: PnP ACPI init
[    0.430101] pnp: PnP ACPI: found 5 devices
[    0.441218] clocksource: acpi_pm: mask: 0xffffff max_cycles: 0xffffff, max_idle_ns: 2085701024 ns
[    0.442807] Callback from call_rcu_tasks() invoked.
[    0.442861] NET: Registered PF_INET protocol family
[    0.444450] IP idents hash table entries: 16384 (order: 5, 131072 bytes, linear)
[    0.446099] tcp_listen_portaddr_hash hash table entries: 512 (order: 3, 36864 bytes, linear)
[    0.447562] Table-perturb hash table entries: 65536 (order: 6, 262144 bytes, linear)
[    0.448921] TCP established hash table entries: 8192 (order: 4, 65536 bytes, linear)
[    0.450287] TCP bind hash table entries: 8192 (order: 8, 1179648 bytes, linear)
[    0.452030] TCP: Hash tables configured (established 8192 bind 8192)
[    0.453258] UDP hash table entries: 512 (order: 4, 81920 bytes, linear)
[    0.454434] UDP-Lite hash table entries: 512 (order: 4, 81920 bytes, linear)
[    0.455824] NET: Registered PF_UNIX/PF_LOCAL protocol family
[    0.456817] pci_bus 0000:00: resource 4 [io  0x0000-0x0cf7 window]
[    0.457869] pci_bus 0000:00: resource 5 [io  0x0d00-0xffff window]
[    0.458921] pci_bus 0000:00: resource 6 [mem 0x000a0000-0x000bffff window]
[    0.460089] pci_bus 0000:00: resource 7 [mem 0x40000000-0xfebfffff window]
[    0.461252] pci_bus 0000:00: resource 8 [mem 0x100000000-0x17fffffff window]
[    0.462552] pci 0000:00:01.0: PIIX3: Enabling Passive Release
[    0.463545] pci 0000:00:00.0: Limiting direct PCI/PCI transfers
[    0.464595] PCI: CLS 0 bytes, default 64
[    0.465328] kvm_intel: VMX not supported by CPU 5
[    0.466208] kvm_amd: TSC scaling supported
[    0.466863] kvm_amd: Nested Virtualization enabled
[    0.467491] kvm_amd: Nested Paging enabled
[    0.468355] kvm_amd: Virtual VMLOAD VMSAVE supported
[    0.469030] kvm_amd: Virtual GIF supported
[    0.469567] kvm_amd: Virtual NMI enabled
[    0.470081] kvm_amd: LBR virtualization supported
[    0.575324] workingset: timestamp_bits=56 max_order=18 bucket_order=0
[    0.576553] squashfs: version 4.0 (2009/01/31) Phillip Lougher
[    0.577519] fuse: init (API version 7.39)
[    0.578283] 9p: Installing v9fs 9p2000 file system support
[    0.579309] Key type asymmetric registered
[    0.580028] Block layer SCSI generic (bsg) driver version 0.4 loaded (major 249)
[    0.581306] io scheduler mq-deadline registered
[    0.582057] io scheduler kyber registered
[    0.584283] input: Power Button as /devices/LNXSYSTM:00/LNXPWRBN:00/input/input0
[    0.585795] ACPI: button: Power Button [PWRF]
[    0.586644] Warning: Processor Platform Limit event detected, but not handled.
[    0.587840] Consider compiling CPUfreq support into your kernel.
[    0.680556] ACPI: \_SB_.LNKB: Enabled at IRQ 10
[    0.757674] ACPI: \_SB_.LNKC: Enabled at IRQ 11
[    0.759116] Serial: 8250/16550 driver, 4 ports, IRQ sharing enabled
[    0.760319] 00:03: ttyS0 at I/O 0x3f8 (irq = 4, base_baud = 115200) is a 16550A
[    0.762302] Non-volatile memory driver v1.3
[    0.762856] Linux agpgart interface v0.103
[    0.763513] ACPI: bus type drm_connector registered
[    0.776682] loop: module loaded
[    0.778556] scsi host0: ata_piix
[    0.779305] scsi host1: ata_piix
[    0.779813] ata1: PATA max MWDMA2 cmd 0x1f0 ctl 0x3f6 bmdma 0xc080 irq 14 lpm-pol 0
[    0.780814] ata2: PATA max MWDMA2 cmd 0x170 ctl 0x376 bmdma 0xc088 irq 15 lpm-pol 0
[    0.782599] i8042: PNP: PS/2 Controller [PNP0303:KBD,PNP0f13:MOU] at 0x60,0x64 irq 1,12
[    0.784430] serio: i8042 KBD port at 0x60,0x64 irq 1
[    0.785149] serio: i8042 AUX port at 0x60,0x64 irq 12
[    0.786704] input: AT Translated Set 2 keyboard as /devices/platform/i8042/serio0/input/input1
[    0.788505] rtc_cmos 00:04: RTC can wake from S4
[    0.790032] rtc_cmos 00:04: registered as rtc0
[    0.790710] rtc_cmos 00:04: setting system clock to 2024-02-08T12:49:27 UTC (1707396567)
[    0.791887] rtc_cmos 00:04: alarms up to one day, y3k, 242 bytes nvram, hpet irqs
[    0.793515] i6300ESB timer 0000:00:04.0: initialized. heartbeat=30 sec (nowayout=0)
[    0.794704] device-mapper: ioctl: 4.48.0-ioctl (2023-03-01) initialised: dm-devel@redhat.com
[    0.796666] NET: Registered PF_PACKET protocol family
[    0.797357] 9pnet: Installing 9P2000 support
[    0.799024] Key type dns_resolver registered
[    0.800445] input: ImExPS/2 Generic Explorer Mouse as /devices/platform/i8042/serio1/input/input3
[    0.804790] IPI shorthand broadcast: enabled
[    0.813365] sched_clock: Marking stable (803003652, 9530897)->(837827413, -25292864)
[    0.814718] registered taskstats version 1
[    0.820223] PM:   Magic number: 12:634:834
[    0.820876] printk: legacy console [netcon0] enabled
[    0.821556] netconsole: network logging started
[    0.822319] ALSA device list:
[    0.822780]   No soundcards found.
[    0.937813] ata2: found unknown device (class 0)
[    0.938856] ata2.00: ATAPI: QEMU DVD-ROM, 2.5+, max UDMA/100
[    0.940786] scsi 1:0:0:0: CD-ROM            QEMU     QEMU DVD-ROM     2.5+ PQ: 0 ANSI: 5
[    0.949301] scsi 1:0:0:0: Attached scsi generic sg0 type 5
[    0.950108] md: Skipping autodetection of RAID arrays. (raid=autodetect will force)
[    0.951056] 9pnet_virtio: no channels available for device 
[    0.952370] VFS: Mounted root (9p filesystem) readonly on device 0:19.
[    0.953363] devtmpfs: mounted
[    0.955326] Freeing unused kernel image (initmem) memory: 3152K
[    0.963556] Write protecting the kernel read-only data: 22528k
[    0.964650] Freeing unused kernel image (rodata/data gap) memory: 72K
[    0.995207] x86/mm: Checked W+X mappings: passed, no W+X pages found.
[    0.995970] Run /usr/lib/python3.11/site-packages/virtme/guest/virtme-init as init process
[    1.025576] mount (267) used greatest stack depth: 12984 bytes left
[    1.104485] mount (286) used greatest stack depth: 12584 bytes left
[    1.154232] virtme-init (315) used greatest stack depth: 12568 bytes left
[    1.157960] virtme-init (312) used greatest stack depth: 12424 bytes left
[    1.190702] virtme-init: basic initialization done
[    1.195933] virtme-init: udevd not found
[    1.251442] virtme-init: Setting hostname to virtme-ng...
[    1.264042] ip (359) used greatest stack depth: 12056 bytes left
          _      _                                    
   __   _(_)_ __| |_ _ __ ___   ___       _ __   __ _ 
   \ \ / / |  __| __|  _   _ \ / _ \_____|  _ \ / _  |
    \ V /| | |  | |_| | | | | |  __/_____| | | | (_| |
     \_/ |_|_|   \__|_| |_| |_|\___|     |_| |_|\__  |
                                                |___/ 
   kernel version: 6.8.0-rc2-virtme x86_64

virtme-ng:/nipa-data/kernel# PS1='xx__-> '
xx__-> env
PWD=/nipa-data/kernel
HOME=/
TERM=linux
SHLVL=2
XDG_RUNTIME_DIR=/run/user/0
PATH=/bin:/sbin:/usr/bin:/usr/sbin:/usr/local/bin
OLDPWD=/
_=/usr/bin/env
xx__-> 