No EFI environment detected.
early console in extract_kernel
input_data: 0x0000000002be32c4
input_len: 0x0000000000b7ff3d
output: 0x0000000001000000
output_len: 0x000000000271b8d4
kernel_total_size: 0x0000000002430000
needed_size: 0x0000000002800000
trampoline_32bit: 0x0000000000000000
Physical KASLR using RDRAND RDTSC...
Virtual KASLR using RDRAND RDTSC...

Decompressing Linux... Parsing ELF... Performing relocations... done.
Booting the kernel (entry_offset: 0x0000000000000000).
[    0.000000] Linux version 6.13.0-rc1-virtme (root@33f77f599a5e) (gcc (Ubuntu 13.2.0-23ubuntu4) 13.2.0, GNU ld (GNU Binutils for Ubuntu) 2.42) #1 SMP PREEMPT_DYNAMIC Wed Dec 11 03:09:54 UTC 2024
[    0.000000] Command line: virtme_hostname=virtme-ng nr_open=1048576 virtme_link_mods=/nipa-data/kernel/.virtme_mods/lib/modules/0.0.0 virtme_initmount0=nipa-data/kernel virtme_rw_overlay0=/etc virtme_rw_overlay1=/lib virtme_rw_overlay2=/home virtme_rw_overlay3=/opt virtme_rw_overlay4=/srv virtme_rw_overlay5=/usr virtme_rw_overlay6=/var console=hvc0 earlyprintk=serial,ttyS0,115200 virtme_console=ttyS0 psmouse.proto=exps TERM=xterm virtme_chdir=nipa-data/kernel virtme_root_user=1 rootfstype=9p rootflags=version=9p2000.L,trans=virtio,access=any raid=noautodetect ro init=/usr/lib/python3/dist-packages/virtme/guest/virtme-init
[    0.000000] BIOS-provided physical RAM map:
[    0.000000] BIOS-e820: [mem 0x0000000000000000-0x000000000009fbff] usable
[    0.000000] BIOS-e820: [mem 0x000000000009fc00-0x000000000009ffff] reserved
[    0.000000] BIOS-e820: [mem 0x00000000000f0000-0x00000000000fffff] reserved
[    0.000000] BIOS-e820: [mem 0x0000000000100000-0x000000003ffdffff] usable
[    0.000000] BIOS-e820: [mem 0x000000003ffe0000-0x000000003fffffff] reserved
[    0.000000] BIOS-e820: [mem 0x00000000feffc000-0x00000000feffffff] reserved
[    0.000000] BIOS-e820: [mem 0x00000000fffc0000-0x00000000ffffffff] reserved
[    0.000000] BIOS-e820: [mem 0x000000fd00000000-0x000000ffffffffff] reserved
[    0.000000] printk: legacy bootconsole [earlyser0] enabled
[    0.000000] NX (Execute Disable) protection: active
[    0.000000] APIC: Static calls initialized
[    0.000000] SMBIOS 3.0.0 present.
[    0.000000] DMI: QEMU Ubuntu 24.04 PC (i440FX + PIIX, 1996), BIOS 1.16.3-debian-1.16.3-2 04/01/2014
[    0.000000] DMI: Memory slots populated: 1/1
[    0.000000] Hypervisor detected: KVM
[    0.000000] kvm-clock: Using msrs 4b564d01 and 4b564d00
[    0.000000] kvm-clock: using sched offset of 206965922 cycles
[    0.000357] clocksource: kvm-clock: mask: 0xffffffffffffffff max_cycles: 0x1cd42e4dffb, max_idle_ns: 881590591483 ns
[    0.001467] tsc: Detected 4491.556 MHz processor
[    0.002034] last_pfn = 0x3ffe0 max_arch_pfn = 0x400000000
[    0.002425] MTRR map: 4 entries (3 fixed + 1 variable; max 19), built from 8 variable MTRRs
[    0.002999] x86/PAT: Configuration [0-7]: WB  WC  UC- UC  WB  WP  UC- WT  
Memory KASLR using RDRAND RDTSC...
[    0.004909] found SMP MP-table at [mem 0x000f5470-0x000f547f]
[    0.005305] Using GB pages for direct mapping
[    0.005678] ACPI: Early table checksum verification disabled
[    0.006065] ACPI: RSDP 0x00000000000F5290 000014 (v00 BOCHS )
[    0.006458] ACPI: RSDT 0x000000003FFE27BC 000034 (v01 BOCHS  BXPC     00000001 BXPC 00000001)
[    0.007047] ACPI: FACP 0x000000003FFE2578 000074 (v01 BOCHS  BXPC     00000001 BXPC 00000001)
[    0.007635] ACPI: DSDT 0x000000003FFE0040 002538 (v01 BOCHS  BXPC     00000001 BXPC 00000001)
[    0.008219] ACPI: FACS 0x000000003FFE0000 000040
[    0.008535] ACPI: APIC 0x000000003FFE25EC 000170 (v03 BOCHS  BXPC     00000001 BXPC 00000001)
[    0.009119] ACPI: HPET 0x000000003FFE275C 000038 (v01 BOCHS  BXPC     00000001 BXPC 00000001)
[    0.009703] ACPI: WAET 0x000000003FFE2794 000028 (v01 BOCHS  BXPC     00000001 BXPC 00000001)
[    0.010286] ACPI: Reserving FACP table memory at [mem 0x3ffe2578-0x3ffe25eb]
[    0.010770] ACPI: Reserving DSDT table memory at [mem 0x3ffe0040-0x3ffe2577]
[    0.011252] ACPI: Reserving FACS table memory at [mem 0x3ffe0000-0x3ffe003f]
[    0.011735] ACPI: Reserving APIC table memory at [mem 0x3ffe25ec-0x3ffe275b]
[    0.012215] ACPI: Reserving HPET table memory at [mem 0x3ffe275c-0x3ffe2793]
[    0.012699] ACPI: Reserving WAET table memory at [mem 0x3ffe2794-0x3ffe27bb]
[    0.013307] No NUMA configuration found
[    0.013568] Faking a node at [mem 0x0000000000000000-0x000000003ffdffff]
[    0.014024] NODE_DATA(0) allocated [mem 0x3ffdb780-0x3ffdffff]
[    0.014427] Zone ranges:
[    0.014599]   DMA      [mem 0x0000000000001000-0x0000000000ffffff]
[    0.015022]   DMA32    [mem 0x0000000001000000-0x000000003ffdffff]
[    0.015443]   Normal   empty
[    0.015638]   Device   empty
[    0.015834] Movable zone start for each node
[    0.016123] Early memory node ranges
[    0.016366]   node   0: [mem 0x0000000000001000-0x000000000009efff]
[    0.016792]   node   0: [mem 0x0000000000100000-0x000000003ffdffff]
[    0.017217] Initmem setup node 0 [mem 0x0000000000001000-0x000000003ffdffff]
[    0.017697] On node 0, zone DMA: 1 pages in unavailable ranges
[    0.018102] On node 0, zone DMA: 97 pages in unavailable ranges
[    0.019444] On node 0, zone DMA32: 32 pages in unavailable ranges
[    0.020053] ACPI: PM-Timer IO Port: 0x608
[    0.020330] ACPI: LAPIC_NMI (acpi_id[0xff] dfl dfl lint[0x1])
[    0.020741] IOAPIC[0]: apic_id 0, version 17, address 0xfec00000, GSI 0-23
[    0.021209] ACPI: INT_SRC_OVR (bus 0 bus_irq 0 global_irq 2 dfl dfl)
[    0.021641] ACPI: INT_SRC_OVR (bus 0 bus_irq 5 global_irq 5 high level)
[    0.022090] ACPI: INT_SRC_OVR (bus 0 bus_irq 9 global_irq 9 high level)
[    0.022539] ACPI: INT_SRC_OVR (bus 0 bus_irq 10 global_irq 10 high level)
[    0.023002] ACPI: INT_SRC_OVR (bus 0 bus_irq 11 global_irq 11 high level)
[    0.023465] ACPI: Using ACPI (MADT) for SMP configuration information
[    0.023904] ACPI: HPET id: 0x8086a201 base: 0xfed00000
[    0.024254] TSC deadline timer available
[    0.024523] CPU topo: Max. logical packages:   1
[    0.024838] CPU topo: Max. logical dies:       1
[    0.025152] CPU topo: Max. dies per package:   1
[    0.025468] CPU topo: Max. threads per core:   1
[    0.025782] CPU topo: Num. cores per package:    32
[    0.026114] CPU topo: Num. threads per package:  32
[    0.026445] CPU topo: Allowing 32 present CPUs plus 0 hotplug CPUs
[    0.026872] kvm-guest: APIC: eoi() replaced with kvm_guest_apic_eoi_write()
[    0.027355] kvm-guest: KVM setup pv remote TLB flush
[    0.027694] kvm-guest: setup PV sched yield
[    0.027981] PM: hibernation: Registered nosave memory: [mem 0x00000000-0x00000fff]
[    0.028495] PM: hibernation: Registered nosave memory: [mem 0x0009f000-0x0009ffff]
[    0.029009] PM: hibernation: Registered nosave memory: [mem 0x000a0000-0x000effff]
[    0.029523] PM: hibernation: Registered nosave memory: [mem 0x000f0000-0x000fffff]
[    0.030036] [mem 0x40000000-0xfeffbfff] available for PCI devices
[    0.030450] Booting paravirtualized kernel on KVM
[    0.030770] clocksource: refined-jiffies: mask: 0xffffffff max_cycles: 0xffffffff, max_idle_ns: 1910969940391419 ns
[    0.034170] setup_percpu: NR_CPUS:64 nr_cpumask_bits:32 nr_cpu_ids:32 nr_node_ids:1
[    0.035300] percpu: Embedded 58 pages/cpu s198296 r8192 d31080 u262144
[    0.035777] Kernel command line: virtme_hostname=virtme-ng nr_open=1048576 virtme_link_mods=/nipa-data/kernel/.virtme_mods/lib/modules/0.0.0 virtme_initmount0=nipa-data/kernel virtme_rw_overlay0=/etc virtme_rw_overlay1=/lib virtme_rw_overlay2=/home virtme_rw_overlay3=/opt virtme_rw_overlay4=/srv virtme_rw_overlay5=/usr virtme_rw_overlay6=/var console=hvc0 earlyprintk=serial,ttyS0,115200 virtme_console=ttyS0 psmouse.proto=exps TERM=xterm virtme_chdir=nipa-data/kernel virtme_root_user=1 rootfstype=9p rootflags=version=9p2000.L,trans=virtio,access=any raid=noautodetect ro init=/usr/lib/python3/dist-packages/virtme/guest/virtme-init
[    0.039773] Unknown kernel command line parameters "virtme_hostname=virtme-ng nr_open=1048576 virtme_link_mods=/nipa-data/kernel/.virtme_mods/lib/modules/0.0.0 virtme_initmount0=nipa-data/kernel virtme_rw_overlay0=/etc virtme_rw_overlay1=/lib virtme_rw_overlay2=/home virtme_rw_overlay3=/opt virtme_rw_overlay4=/srv virtme_rw_overlay5=/usr virtme_rw_overlay6=/var virtme_console=ttyS0 virtme_chdir=nipa-data/kernel virtme_root_user=1", will be passed to user space.
[    0.042844] random: crng init done
[    0.043085] printk: log buffer data + meta data: 262144 + 917504 = 1179648 bytes
[    0.043632] Dentry cache hash table entries: 131072 (order: 8, 1048576 bytes, linear)
[    0.044200] Inode-cache hash table entries: 65536 (order: 7, 524288 bytes, linear)
[    0.044812] Fallback order for Node 0: 0 
[    0.044814] Built 1 zonelists, mobility grouping on.  Total pages: 262014
[    0.045571] Policy zone: DMA32
[    0.045784] mem auto-init: stack:all(zero), heap alloc:off, heap free:off
[    0.046855] SLUB: HWalign=64, Order=0-3, MinObjects=0, CPUs=32, Nodes=1
Poking KASLR using RDRAND RDTSC...
[    0.047557] ftrace: allocating 48731 entries in 191 pages
[    0.059266] ftrace: allocated 191 pages with 7 groups
[    0.060180] Dynamic Preempt: voluntary
[    0.060564] rcu: Preemptible hierarchical RCU implementation.
[    0.060964] rcu: RCU event tracing is enabled.
[    0.061278] rcu: RCU restricting CPUs from NR_CPUS=64 to nr_cpu_ids=32.
[    0.061749] Trampoline variant of Tasks RCU enabled.
[    0.062101] Rude variant of Tasks RCU enabled.
[    0.062417] Tracing variant of Tasks RCU enabled.
[    0.062754] rcu: RCU calculated value of scheduler-enlistment delay is 100 jiffies.
[    0.063292] rcu: Adjusting geometry for rcu_fanout_leaf=16, nr_cpu_ids=32
[    0.063772] RCU Tasks: Setting shift to 5 and lim to 1 rcu_task_cb_adjust=1 rcu_task_cpu_ids=32.
[    0.064385] RCU Tasks Rude: Setting shift to 5 and lim to 1 rcu_task_cb_adjust=1 rcu_task_cpu_ids=32.
[    0.065029] RCU Tasks Trace: Setting shift to 5 and lim to 1 rcu_task_cb_adjust=1 rcu_task_cpu_ids=32.
[    0.067067] NR_IRQS: 4352, nr_irqs: 680, preallocated irqs: 16
[    0.067635] rcu: srcu_init: Setting srcu_struct sizes based on contention.
[    0.068254] Console: colour *CGA 80x25
[    0.068521] ACPI: Core revision 20240827
[    0.068858] clocksource: hpet: mask: 0xffffffff max_cycles: 0xffffffff, max_idle_ns: 19112604467 ns
[    0.069541] APIC: Switch to symmetric I/O mode setup
[    0.069902] kvm-guest: APIC: send_IPI_mask() replaced with kvm_send_ipi_mask()
[    0.070403] kvm-guest: APIC: send_IPI_mask_allbutself() replaced with kvm_send_ipi_mask_allbutself()
[    0.071029] kvm-guest: setup PV IPIs
[    0.072039] ..TIMER: vector=0x30 apic1=0 pin1=2 apic2=-1 pin2=-1
[    0.072811] clocksource: tsc-early: mask: 0xffffffffffffffff max_cycles: 0x40be400eb43, max_idle_ns: 440795366972 ns
[    0.074124] Calibrating delay loop (skipped) preset value.. 8983.11 BogoMIPS (lpj=4491556)
[    0.075184] x86/cpu: User Mode Instruction Prevention (UMIP) activated
[    0.076170] Last level iTLB entries: 4KB 512, 2MB 255, 4MB 127
[    0.077123] Last level dTLB entries: 4KB 512, 2MB 255, 4MB 127, 1GB 0
[    0.078126] Spectre V1 : Mitigation: usercopy/swapgs barriers and __user pointer sanitization
[    0.079126] Spectre V2 : Mitigation: Enhanced / Automatic IBRS
[    0.079843] Spectre V2 : Spectre v2 / SpectreRSB mitigation: Filling RSB on context switch
[    0.080124] Spectre V2 : mitigation: Enabling conditional Indirect Branch Prediction Barrier
[    0.081124] Speculative Store Bypass: Mitigation: Speculative Store Bypass disabled via prctl
[    0.083123] Speculative Return Stack Overflow: IBPB-extending microcode not applied!
[    0.084080] Speculative Return Stack Overflow: WARNING: See https://kernel.org/doc/html/latest/admin-guide/hw-vuln/srso.html for mitigation options.
[    0.084081] Speculative Return Stack Overflow: Vulnerable: Safe RET, no microcode
[    0.085137] x86/fpu: Supporting XSAVE feature 0x001: 'x87 floating point registers'
[    0.086123] x86/fpu: Supporting XSAVE feature 0x002: 'SSE registers'
[    0.087123] x86/fpu: Supporting XSAVE feature 0x004: 'AVX registers'
[    0.088123] x86/fpu: Supporting XSAVE feature 0x020: 'AVX-512 opmask'
[    0.088884] x86/fpu: Supporting XSAVE feature 0x040: 'AVX-512 Hi256'
[    0.089123] x86/fpu: Supporting XSAVE feature 0x080: 'AVX-512 ZMM_Hi256'
[    0.090123] x86/fpu: Supporting XSAVE feature 0x200: 'Protection Keys User registers'
[    0.091123] x86/fpu: xstate_offset[2]:  576, xstate_sizes[2]:  256
[    0.092123] x86/fpu: xstate_offset[5]:  832, xstate_sizes[5]:   64
[    0.092858] x86/fpu: xstate_offset[6]:  896, xstate_sizes[6]:  512
[    0.093123] x86/fpu: xstate_offset[7]: 1408, xstate_sizes[7]: 1024
[    0.094123] x86/fpu: xstate_offset[9]: 2432, xstate_sizes[9]:    8
[    0.095123] x86/fpu: Enabled xstate features 0x2e7, context size is 2440 bytes, using 'compacted' format.
[    0.110217] Freeing SMP alternatives memory: 40K
[    0.110784] pid_max: default: 32768 minimum: 301
[    0.111143] Mount-cache hash table entries: 2048 (order: 2, 16384 bytes, linear)
[    0.112123] Mountpoint-cache hash table entries: 2048 (order: 2, 16384 bytes, linear)
[    0.113258] smpboot: CPU0: AMD Ryzen 9 7950X 16-Core Processor (family: 0x19, model: 0x61, stepping: 0x2)
[    0.114236] Performance Events: Fam17h+ core perfctr, AMD PMU driver.
[    0.115034] ... version:                0
[    0.115125] ... bit width:              48
[    0.115618] ... generic registers:      6
[    0.116100] ... value mask:             0000ffffffffffff
[    0.116124] ... max period:             00007fffffffffff
[    0.116763] ... fixed-purpose events:   0
[    0.117124] ... event mask:             000000000000003f
[    0.117837] signal: max sigframe size: 3376
[    0.118140] rcu: Hierarchical SRCU implementation.
[    0.118718] rcu: Max phase no-delay instances is 400.
[    0.119144] Timer migration: 2 hierarchy levels; 8 children per group; 2 crossnode level
[    0.122183] smp: Bringing up secondary CPUs ...
[    0.122780] smpboot: x86: Booting SMP configuration:
[    0.123125] .... node  #0, CPUs:        #1  #2  #3  #4  #5  #6  #7  #8  #9 #10 #11 #12 #13 #14 #15 #16 #17 #18 #19 #20 #21 #22 #23 #24 #25 #26 #27 #28 #29 #30 #31
[    0.135228] smp: Brought up 1 node, 32 CPUs
[    0.136629] smpboot: Total of 32 processors activated (287459.58 BogoMIPS)
[    0.139149] Memory: 970436K/1048056K available (16384K kernel code, 2471K rwdata, 6328K rodata, 3148K init, 1804K bss, 63184K reserved, 0K cma-reserved)
[    0.140255] devtmpfs: initialized
[    0.140548] x86/mm: Memory block size: 128MB
[    0.141798] clocksource: jiffies: mask: 0xffffffff max_cycles: 0xffffffff, max_idle_ns: 1911260446275000 ns
[    0.142126] futex hash table entries: 8192 (order: 7, 524288 bytes, linear)
[    0.143073] PM: RTC time: 03:10:13, date: 2024-12-11
[    0.143446] NET: Registered PF_NETLINK/PF_ROUTE protocol family
[    0.144236] thermal_sys: Registered thermal governor 'step_wise'
[    0.144238] thermal_sys: Registered thermal governor 'user_space'
[    0.144975] cpuidle: using governor menu
[    0.146305] PCI: Using configuration type 1 for base access
[    0.147125] PCI: Using configuration type 1 for extended access
[    0.147900] kprobes: kprobe jump-optimization is enabled. All kprobes are optimized if possible.
[    0.163197] HugeTLB: registered 1.00 GiB page size, pre-allocated 0 pages
[    0.164125] HugeTLB: 16380 KiB vmemmap can be freed for a 1.00 GiB page
[    0.165125] HugeTLB: registered 2.00 MiB page size, pre-allocated 0 pages
[    0.166124] HugeTLB: 28 KiB vmemmap can be freed for a 2.00 MiB page
[    0.167525] ACPI: Added _OSI(Module Device)
[    0.167827] ACPI: Added _OSI(Processor Device)
[    0.168125] ACPI: Added _OSI(3.0 _SCP Extensions)
[    0.168866] ACPI: Added _OSI(Processor Aggregator Device)
[    0.170885] ACPI: 1 ACPI AML tables successfully acquired and loaded
[    0.172584] ACPI: Interpreter enabled
[    0.173132] ACPI: PM: (supports S0 S3 S4 S5)
[    0.173650] ACPI: Using IOAPIC for interrupt routing
[    0.174132] PCI: Using host bridge windows from ACPI; if necessary, use "pci=nocrs" and report a bug
[    0.175124] PCI: Using E820 reservations for host bridge windows
[    0.175936] ACPI: Enabled 2 GPEs in block 00 to 0F
[    0.179535] ACPI: PCI Root Bridge [PCI0] (domain 0000 [bus 00-ff])
[    0.180126] acpi PNP0A03:00: _OSC: OS supports [ExtendedConfig ASPM ClockPM Segments MSI HPX-Type3]
[    0.181206] PCI host bridge to bus 0000:00
[    0.181703] pci_bus 0000:00: root bus resource [io  0x0000-0x0cf7 window]
[    0.182124] pci_bus 0000:00: root bus resource [io  0x0d00-0xffff window]
[    0.182950] pci_bus 0000:00: root bus resource [mem 0x000a0000-0x000bffff window]
[    0.184125] pci_bus 0000:00: root bus resource [mem 0x40000000-0xfebfffff window]
[    0.185033] pci_bus 0000:00: root bus resource [mem 0x100000000-0x17fffffff window]
[    0.186124] pci_bus 0000:00: root bus resource [bus 00-ff]
[    0.186866] pci 0000:00:00.0: [8086:1237] type 00 class 0x060000 conventional PCI endpoint
[    0.187358] pci 0000:00:01.0: [8086:7000] type 00 class 0x060100 conventional PCI endpoint
[    0.189420] pci 0000:00:01.1: [8086:7010] type 00 class 0x010180 conventional PCI endpoint
[    0.191817] pci 0000:00:01.1: BAR 4 [io  0xc0c0-0xc0cf]
[    0.193415] pci 0000:00:01.1: BAR 0 [io  0x01f0-0x01f7]: legacy IDE quirk
[    0.194125] pci 0000:00:01.1: BAR 1 [io  0x03f6]: legacy IDE quirk
[    0.194872] pci 0000:00:01.1: BAR 2 [io  0x0170-0x0177]: legacy IDE quirk
[    0.195124] pci 0000:00:01.1: BAR 3 [io  0x0376]: legacy IDE quirk
[    0.195958] pci 0000:00:01.3: [8086:7113] type 00 class 0x068000 conventional PCI endpoint
[    0.197350] pci 0000:00:01.3: quirk: [io  0x0600-0x063f] claimed by PIIX4 ACPI
[    0.198128] pci 0000:00:01.3: quirk: [io  0x0700-0x070f] claimed by PIIX4 SMB
[    0.199148] pci 0000:00:02.0: [1af4:1009] type 00 class 0x000200 conventional PCI endpoint
[    0.200520] pci 0000:00:02.0: BAR 0 [io  0xc000-0xc03f]
[    0.201949] pci 0000:00:02.0: BAR 1 [mem 0xfebfc000-0xfebfcfff]
[    0.204125] pci 0000:00:02.0: BAR 4 [mem 0xfebf0000-0xfebf3fff 64bit pref]
[    0.206129] pci 0000:00:03.0: [1af4:1009] type 00 class 0x000200 conventional PCI endpoint
[    0.208053] pci 0000:00:03.0: BAR 0 [io  0xc040-0xc07f]
[    0.210033] pci 0000:00:03.0: BAR 1 [mem 0xfebfd000-0xfebfdfff]
[    0.213268] pci 0000:00:03.0: BAR 4 [mem 0xfebf4000-0xfebf7fff 64bit pref]
[    0.214759] pci 0000:00:04.0: [8086:25ab] type 00 class 0x088000 conventional PCI endpoint
[    0.216263] pci 0000:00:04.0: BAR 0 [mem 0xfebfe000-0xfebfe00f]
[    0.218028] pci 0000:00:05.0: [1af4:1003] type 00 class 0x078000 conventional PCI endpoint
[    0.219516] pci 0000:00:05.0: BAR 0 [io  0xc080-0xc0bf]
[    0.220422] pci 0000:00:05.0: BAR 1 [mem 0xfebff000-0xfebfffff]
[    0.222125] pci 0000:00:05.0: BAR 4 [mem 0xfebf8000-0xfebfbfff 64bit pref]
[    0.224269] ACPI: PCI: Interrupt link LNKA configured for IRQ 10
[    0.225125] ACPI: PCI: Interrupt link LNKB configured for IRQ 10
[    0.225951] ACPI: PCI: Interrupt link LNKC configured for IRQ 11
[    0.227216] ACPI: PCI: Interrupt link LNKD configured for IRQ 11
[    0.228014] ACPI: PCI: Interrupt link LNKS configured for IRQ 9
[    0.229911] iommu: Default domain type: Translated
[    0.230124] iommu: DMA domain TLB invalidation policy: lazy mode
[    0.230902] SCSI subsystem initialized
[    0.231153] pps_core: LinuxPPS API ver. 1 registered
[    0.231757] pps_core: Software ver. 5.3.6 - Copyright 2005-2007 Rodolfo Giometti <giometti@linux.it>
[    0.233126] PTP clock support registered
[    0.234142] Advanced Linux Sound Architecture Driver Initialized.
[    0.234381] NET: Registered PF_ATMPVC protocol family
[    0.234996] NET: Registered PF_ATMSVC protocol family
[    0.236130] PCI: Using ACPI for IRQ routing
[    0.236710] vgaarb: loaded
[    0.237142] hpet0: at MMIO 0xfed00000, IRQs 2, 8, 0
[    0.237740] hpet0: 3 comparators, 64-bit 100.000000 MHz counter
[    0.241371] clocksource: Switched to clocksource kvm-clock
[    0.241922] VFS: Disk quotas dquot_6.6.0
[    0.242444] VFS: Dquot-cache hash table entries: 512 (order 0, 4096 bytes)
[    0.243317] pnp: PnP ACPI init
[    0.243850] pnp: PnP ACPI: found 5 devices
[    0.251641] clocksource: acpi_pm: mask: 0xffffff max_cycles: 0xffffff, max_idle_ns: 2085701024 ns
[    0.252738] NET: Registered PF_INET protocol family
[    0.253349] IP idents hash table entries: 16384 (order: 5, 131072 bytes, linear)
[    0.254388] tcp_listen_portaddr_hash hash table entries: 512 (order: 1, 8192 bytes, linear)
[    0.255415] Table-perturb hash table entries: 65536 (order: 6, 262144 bytes, linear)
[    0.256359] TCP established hash table entries: 8192 (order: 4, 65536 bytes, linear)
[    0.257303] TCP bind hash table entries: 8192 (order: 6, 262144 bytes, linear)
[    0.258184] TCP: Hash tables configured (established 8192 bind 8192)
[    0.258967] UDP hash table entries: 512 (order: 3, 32768 bytes, linear)
[    0.259769] UDP-Lite hash table entries: 512 (order: 3, 32768 bytes, linear)
[    0.260638] NET: Registered PF_UNIX/PF_LOCAL protocol family
[    0.261334] pci_bus 0000:00: resource 4 [io  0x0000-0x0cf7 window]
[    0.262074] pci_bus 0000:00: resource 5 [io  0x0d00-0xffff window]
[    0.262813] pci_bus 0000:00: resource 6 [mem 0x000a0000-0x000bffff window]
[    0.263639] pci_bus 0000:00: resource 7 [mem 0x40000000-0xfebfffff window]
[    0.264464] pci_bus 0000:00: resource 8 [mem 0x100000000-0x17fffffff window]
[    0.265341] pci 0000:00:01.0: PIIX3: Enabling Passive Release
[    0.266041] pci 0000:00:00.0: Limiting direct PCI/PCI transfers
[    0.266783] PCI: CLS 0 bytes, default 64
[    0.267298] kvm_intel: VMX not supported by CPU 24
[    0.267880] kvm_amd: TSC scaling supported
[    0.268380] kvm_amd: Nested Virtualization enabled
[    0.268959] kvm_amd: Nested Paging enabled
[    0.269465] kvm_amd: LBR virtualization supported
[    0.270039] kvm_amd: Virtual GIF supported
[    0.270532] kvm_amd: Virtual NMI enabled
[    0.298860] clocksource: tsc: mask: 0xffffffffffffffff max_cycles: 0x40be400eb43, max_idle_ns: 440795366972 ns
[    0.305433] Initialise system trusted keyrings
[    0.306043] workingset: timestamp_bits=56 max_order=18 bucket_order=0
[    0.306842] squashfs: version 4.0 (2009/01/31) Phillip Lougher
[    0.307564] fuse: init (API version 7.41)
[    0.308095] 9p: Installing v9fs 9p2000 file system support
[    0.314989] Key type asymmetric registered
[    0.315499] Asymmetric key parser 'x509' registered
[    0.316103] Block layer SCSI generic (bsg) driver version 0.4 loaded (major 249)
[    0.317014] io scheduler mq-deadline registered
[    0.317567] io scheduler kyber registered
[    0.319662] input: Power Button as /devices/LNXSYSTM:00/LNXPWRBN:00/input/input0
[    0.320642] ACPI: button: Power Button [PWRF]
[    0.321585] Warning: Processor Platform Limit event detected, but not handled.
[    0.322476] Consider compiling CPUfreq support into your kernel.
[    0.339441] ACPI: \_SB_.LNKB: Enabled at IRQ 10
[    0.354754] ACPI: \_SB_.LNKC: Enabled at IRQ 11
[    0.369988] ACPI: \_SB_.LNKA: Enabled at IRQ 10
[    0.371073] Serial: 8250/16550 driver, 4 ports, IRQ sharing enabled
[    0.371937] 00:03: ttyS0 at I/O 0x3f8 (irq = 4, base_baud = 115200) is a 16550A
[    0.402935] Non-volatile memory driver v1.3
[    0.403494] Linux agpgart interface v0.103
[    0.404006] printk: legacy console [hvc0] enabled
[    0.404040] ACPI: bus type drm_connector registered
[    0.404588] printk: legacy bootconsole [earlyser0] disabled
          _      _                                    
   __   _(_)_ __| |_ _ __ ___   ___       _ __   __ _ 
   \ \ / / |  __| __|  _   _ \ / _ \_____|  _ \ / _  |
    \ V /| | |  | |_| | | | | |  __/_____| | | | (_| |
     \_/ |_|_|   \__|_| |_| |_|\___|     |_| |_|\__  |
                                                |___/ 
   kernel version: 6.13.0-rc1-virtme x86_64
   (CTRL+d to exit)

root@virtme-ng:/nipa-data/kernel# PS1='xx__-> '
xx__-> env
PWD=/nipa-data/kernel
nr_open=1048576
HOME=/
TERM=xterm
SHLVL=2
XDG_RUNTIME_DIR=/run/user/0
PATH=/bin:/sbin:/usr/bin:/usr/sbin:/usr/local/bin
OLDPWD=/
_=/bin/env
xx__-> 