No EFI environment detected.
early console in extract_kernel
input_data: 0x00000000029ea2b9
input_len: 0x0000000000b25bfe
output: 0x0000000001000000
output_len: 0x00000000024ca78c
kernel_total_size: 0x0000000002230000
needed_size: 0x0000000002600000
trampoline_32bit: 0x0000000000000000
Physical KASLR using RDRAND RDTSC...
Virtual KASLR using RDRAND RDTSC...

Decompressing Linux... Parsing ELF... Performing relocations... done.
Booting the kernel (entry_offset: 0x0000000000000000).
[    0.000000] Linux version 6.9.0-rc6-virtme (root@809b26949dc9) (gcc (Alpine 13.2.1_git20240309) 13.2.1 20240309, GNU ld (GNU Binutils) 2.42) #1 SMP PREEMPT_DYNAMIC Tue May  7 06:06:18 UTC 2024
[    0.000000] Command line: virtme_hostname=virtme-ng nr_open=1048576 virtme_link_mods=/nipa-data/kernel/.virtme_mods/lib/modules/0.0.0 virtme_initmount0=nipa-data/kernel virtme_rw_overlay0=/etc virtme_rw_overlay1=/lib virtme_rw_overlay2=/home virtme_rw_overlay3=/opt virtme_rw_overlay4=/srv virtme_rw_overlay5=/usr virtme_rw_overlay6=/var console=hvc0 earlyprintk=serial,ttyS0,115200 virtme_console=ttyS0 psmouse.proto=exps TERM=xterm virtme_chdir=nipa-data/kernel virtme_root_user=1 rootfstype=9p rootflags=version=9p2000.L,trans=virtio,access=any raid=noautodetect ro init=/usr/lib/python3.12/site-packages/virtme/guest/virtme-init
[    0.000000] BIOS-provided physical RAM map:
[    0.000000] BIOS-e820: [mem 0x0000000000000000-0x000000000009fbff] usable
[    0.000000] BIOS-e820: [mem 0x000000000009fc00-0x000000000009ffff] reserved
[    0.000000] BIOS-e820: [mem 0x00000000000f0000-0x00000000000fffff] reserved
[    0.000000] BIOS-e820: [mem 0x0000000000100000-0x000000003ffdffff] usable
[    0.000000] BIOS-e820: [mem 0x000000003ffe0000-0x000000003fffffff] reserved
[    0.000000] BIOS-e820: [mem 0x00000000feffc000-0x00000000feffffff] reserved
[    0.000000] BIOS-e820: [mem 0x00000000fffc0000-0x00000000ffffffff] reserved
[    0.000000] BIOS-e820: [mem 0x000000fd00000000-0x000000ffffffffff] reserved
[    0.000000] printk: legacy bootconsole [earlyser0] enabled
[    0.000000] NX (Execute Disable) protection: active
[    0.000000] APIC: Static calls initialized
[    0.000000] SMBIOS 2.8 present.
[    0.000000] DMI: QEMU Standard PC (i440FX + PIIX, 1996), BIOS rel-1.16.3-0-ga6ed6b701f0a-prebuilt.qemu.org 04/01/2014
[    0.000000] Hypervisor detected: KVM
[    0.000000] kvm-clock: Using msrs 4b564d01 and 4b564d00
[    0.000000] kvm-clock: using sched offset of 271725482 cycles
[    0.000532] clocksource: kvm-clock: mask: 0xffffffffffffffff max_cycles: 0x1cd42e4dffb, max_idle_ns: 881590591483 ns
[    0.002071] tsc: Detected 4491.556 MHz processor
[    0.002856] last_pfn = 0x3ffe0 max_arch_pfn = 0x400000000
[    0.003396] MTRR map: 4 entries (3 fixed + 1 variable; max 19), built from 8 variable MTRRs
[    0.004197] x86/PAT: Configuration [0-7]: WB  WC  UC- UC  WB  WP  UC- WT  
Memory KASLR using RDRAND RDTSC...
[    0.006712] found SMP MP-table at [mem 0x000f5470-0x000f547f]
[    0.007277] Using GB pages for direct mapping
[    0.007783] ACPI: Early table checksum verification disabled
[    0.008329] ACPI: RSDP 0x00000000000F5290 000014 (v00 BOCHS )
[    0.008881] ACPI: RSDT 0x000000003FFE27BC 000034 (v01 BOCHS  BXPC     00000001 BXPC 00000001)
[    0.009696] ACPI: FACP 0x000000003FFE2578 000074 (v01 BOCHS  BXPC     00000001 BXPC 00000001)
[    0.010505] ACPI: DSDT 0x000000003FFE0040 002538 (v01 BOCHS  BXPC     00000001 BXPC 00000001)
[    0.011312] ACPI: FACS 0x000000003FFE0000 000040
[    0.011752] ACPI: APIC 0x000000003FFE25EC 000170 (v03 BOCHS  BXPC     00000001 BXPC 00000001)
[    0.012555] ACPI: HPET 0x000000003FFE275C 000038 (v01 BOCHS  BXPC     00000001 BXPC 00000001)
[    0.013355] ACPI: WAET 0x000000003FFE2794 000028 (v01 BOCHS  BXPC     00000001 BXPC 00000001)
[    0.014158] ACPI: Reserving FACP table memory at [mem 0x3ffe2578-0x3ffe25eb]
[    0.014822] ACPI: Reserving DSDT table memory at [mem 0x3ffe0040-0x3ffe2577]
[    0.015485] ACPI: Reserving FACS table memory at [mem 0x3ffe0000-0x3ffe003f]
[    0.016156] ACPI: Reserving APIC table memory at [mem 0x3ffe25ec-0x3ffe275b]
[    0.016824] ACPI: Reserving HPET table memory at [mem 0x3ffe275c-0x3ffe2793]
[    0.017489] ACPI: Reserving WAET table memory at [mem 0x3ffe2794-0x3ffe27bb]
[    0.018345] No NUMA configuration found
[    0.018708] Faking a node at [mem 0x0000000000000000-0x000000003ffdffff]
[    0.019353] NODE_DATA(0) allocated [mem 0x3ffdb000-0x3ffdffff]
[    0.019926] Zone ranges:
[    0.020173]   DMA      [mem 0x0000000000001000-0x0000000000ffffff]
[    0.020762]   DMA32    [mem 0x0000000001000000-0x000000003ffdffff]
[    0.021353]   Normal   empty
[    0.021626]   Device   empty
[    0.021900] Movable zone start for each node
[    0.022302] Early memory node ranges
[    0.022636]   node   0: [mem 0x0000000000001000-0x000000000009efff]
[    0.023235]   node   0: [mem 0x0000000000100000-0x000000003ffdffff]
[    0.023828] Initmem setup node 0 [mem 0x0000000000001000-0x000000003ffdffff]
[    0.024478] On node 0, zone DMA: 1 pages in unavailable ranges
[    0.024955] On node 0, zone DMA: 97 pages in unavailable ranges
[    0.026404] On node 0, zone DMA32: 32 pages in unavailable ranges
[    0.027115] ACPI: PM-Timer IO Port: 0x608
[    0.027431] ACPI: LAPIC_NMI (acpi_id[0xff] dfl dfl lint[0x1])
[    0.027916] IOAPIC[0]: apic_id 0, version 17, address 0xfec00000, GSI 0-23
[    0.028457] ACPI: INT_SRC_OVR (bus 0 bus_irq 0 global_irq 2 dfl dfl)
[    0.028966] ACPI: INT_SRC_OVR (bus 0 bus_irq 5 global_irq 5 high level)
[    0.029480] ACPI: INT_SRC_OVR (bus 0 bus_irq 9 global_irq 9 high level)
[    0.030004] ACPI: INT_SRC_OVR (bus 0 bus_irq 10 global_irq 10 high level)
[    0.030531] ACPI: INT_SRC_OVR (bus 0 bus_irq 11 global_irq 11 high level)
[    0.031073] ACPI: Using ACPI (MADT) for SMP configuration information
[    0.031574] ACPI: HPET id: 0x8086a201 base: 0xfed00000
[    0.031996] TSC deadline timer available
[    0.032309] CPU topo: Max. logical packages:   1
[    0.032669] CPU topo: Max. logical dies:       1
[    0.033039] CPU topo: Max. dies per package:   1
[    0.033400] CPU topo: Max. threads per core:   1
[    0.033774] CPU topo: Num. cores per package:    32
[    0.034152] CPU topo: Num. threads per package:  32
[    0.034531] CPU topo: Allowing 32 present CPUs plus 0 hotplug CPUs
[    0.035036] kvm-guest: APIC: eoi() replaced with kvm_guest_apic_eoi_write()
[    0.035586] kvm-guest: KVM setup pv remote TLB flush
[    0.035994] kvm-guest: setup PV sched yield
[    0.036327] PM: hibernation: Registered nosave memory: [mem 0x00000000-0x00000fff]
[    0.036927] PM: hibernation: Registered nosave memory: [mem 0x0009f000-0x0009ffff]
[    0.037516] PM: hibernation: Registered nosave memory: [mem 0x000a0000-0x000effff]
[    0.038119] PM: hibernation: Registered nosave memory: [mem 0x000f0000-0x000fffff]
[    0.038714] [mem 0x40000000-0xfeffbfff] available for PCI devices
[    0.039205] Booting paravirtualized kernel on KVM
[    0.039577] clocksource: refined-jiffies: mask: 0xffffffff max_cycles: 0xffffffff, max_idle_ns: 1910969940391419 ns
[    0.043712] setup_percpu: NR_CPUS:64 nr_cpumask_bits:32 nr_cpu_ids:32 nr_node_ids:1
[    0.045254] percpu: Embedded 58 pages/cpu s198952 r8192 d30424 u262144
[    0.045925] Kernel command line: virtme_hostname=virtme-ng nr_open=1048576 virtme_link_mods=/nipa-data/kernel/.virtme_mods/lib/modules/0.0.0 virtme_initmount0=nipa-data/kernel virtme_rw_overlay0=/etc virtme_rw_overlay1=/lib virtme_rw_overlay2=/home virtme_rw_overlay3=/opt virtme_rw_overlay4=/srv virtme_rw_overlay5=/usr virtme_rw_overlay6=/var console=hvc0 earlyprintk=serial,ttyS0,115200 virtme_console=ttyS0 psmouse.proto=exps TERM=xterm virtme_chdir=nipa-data/kernel virtme_root_user=1 rootfstype=9p rootflags=version=9p2000.L,trans=virtio,access=any raid=noautodetect ro init=/usr/lib/python3.12/site-packages/virtme/guest/virtme-init
[    0.051550] Unknown kernel command line parameters "virtme_hostname=virtme-ng nr_open=1048576 virtme_link_mods=/nipa-data/kernel/.virtme_mods/lib/modules/0.0.0 virtme_initmount0=nipa-data/kernel virtme_rw_overlay0=/etc virtme_rw_overlay1=/lib virtme_rw_overlay2=/home virtme_rw_overlay3=/opt virtme_rw_overlay4=/srv virtme_rw_overlay5=/usr virtme_rw_overlay6=/var virtme_console=ttyS0 virtme_chdir=nipa-data/kernel virtme_root_user=1", will be passed to user space.
[    0.055746] random: crng init done
[    0.056120] Dentry cache hash table entries: 131072 (order: 8, 1048576 bytes, linear)
[    0.056904] Inode-cache hash table entries: 65536 (order: 7, 524288 bytes, linear)
[    0.057746] Fallback order for Node 0: 0 
[    0.057749] Built 1 zonelists, mobility grouping on.  Total pages: 257760
[    0.058802] Policy zone: DMA32
[    0.059099] mem auto-init: stack:all(zero), heap alloc:off, heap free:off
[    0.060639] Memory: 986620K/1048056K available (16384K kernel code, 2403K rwdata, 6108K rodata, 3056K init, 2100K bss, 61176K reserved, 0K cma-reserved)
[    0.062004] SLUB: HWalign=64, Order=0-3, MinObjects=0, CPUs=32, Nodes=1
Poking KASLR using RDRAND RDTSC...
[    0.062962] ftrace: allocating 47618 entries in 187 pages
[    0.070531] ftrace: allocated 187 pages with 6 groups
[    0.071651] Dynamic Preempt: voluntary
[    0.072169] rcu: Preemptible hierarchical RCU implementation.
[    0.072717] rcu: RCU event tracing is enabled.
[    0.073152] rcu: RCU restricting CPUs from NR_CPUS=64 to nr_cpu_ids=32.
[    0.073790] Trampoline variant of Tasks RCU enabled.
[    0.074274] Rude variant of Tasks RCU enabled.
[    0.074708] Tracing variant of Tasks RCU enabled.
[    0.075167] rcu: RCU calculated value of scheduler-enlistment delay is 100 jiffies.
[    0.075901] rcu: Adjusting geometry for rcu_fanout_leaf=16, nr_cpu_ids=32
[    0.076566] RCU Tasks: Setting shift to 5 and lim to 1 rcu_task_cb_adjust=1.
[    0.077246] RCU Tasks Rude: Setting shift to 5 and lim to 1 rcu_task_cb_adjust=1.
[    0.077967] RCU Tasks Trace: Setting shift to 5 and lim to 1 rcu_task_cb_adjust=1.
[    0.080541] NR_IRQS: 4352, nr_irqs: 680, preallocated irqs: 16
[    0.081195] rcu: srcu_init: Setting srcu_struct sizes based on contention.
[    0.081892] Console: colour *CGA 80x25
[    0.082192] ACPI: Core revision 20230628
[    0.082570] clocksource: hpet: mask: 0xffffffff max_cycles: 0xffffffff, max_idle_ns: 19112604467 ns
[    0.083353] APIC: Switch to symmetric I/O mode setup
[    0.083767] APIC: Switched APIC routing to: physical flat
[    0.084207] kvm-guest: APIC: send_IPI_mask() replaced with kvm_send_ipi_mask()
[    0.084773] kvm-guest: APIC: send_IPI_mask_allbutself() replaced with kvm_send_ipi_mask_allbutself()
[    0.085528] kvm-guest: setup PV IPIs
[    0.086611] ..TIMER: vector=0x30 apic1=0 pin1=2 apic2=-1 pin2=-1
[    0.087476] tsc: Marking TSC unstable due to TSCs unsynchronized
[    0.088322] Calibrating delay loop (skipped) preset value.. 8983.11 BogoMIPS (lpj=4491556)
[    0.089383] x86/cpu: User Mode Instruction Prevention (UMIP) activated
[    0.090372] Last level iTLB entries: 4KB 512, 2MB 255, 4MB 127
[    0.091177] Last level dTLB entries: 4KB 512, 2MB 255, 4MB 127, 1GB 0
[    0.091326] Spectre V1 : Mitigation: usercopy/swapgs barriers and __user pointer sanitization
[    0.092326] Spectre V2 : Mitigation: Enhanced / Automatic IBRS
[    0.093321] Spectre V2 : Spectre v2 / SpectreRSB mitigation: Filling RSB on context switch
[    0.094323] Spectre V2 : mitigation: Enabling conditional Indirect Branch Prediction Barrier
[    0.095323] Speculative Store Bypass: Mitigation: Speculative Store Bypass disabled via prctl
[    0.096321] Speculative Return Stack Overflow: IBPB-extending microcode not applied!
[    0.097321] Speculative Return Stack Overflow: WARNING: See https://kernel.org/doc/html/latest/admin-guide/hw-vuln/srso.html for mitigation options.
[    0.097322] Speculative Return Stack Overflow: Vulnerable: Safe RET, no microcode
[    0.099336] x86/fpu: Supporting XSAVE feature 0x001: 'x87 floating point registers'
[    0.100321] x86/fpu: Supporting XSAVE feature 0x002: 'SSE registers'
[    0.101321] x86/fpu: Supporting XSAVE feature 0x004: 'AVX registers'
[    0.102175] x86/fpu: Supporting XSAVE feature 0x020: 'AVX-512 opmask'
[    0.102321] x86/fpu: Supporting XSAVE feature 0x040: 'AVX-512 Hi256'
[    0.103321] x86/fpu: Supporting XSAVE feature 0x080: 'AVX-512 ZMM_Hi256'
[    0.104321] x86/fpu: Supporting XSAVE feature 0x200: 'Protection Keys User registers'
[    0.105321] x86/fpu: xstate_offset[2]:  576, xstate_sizes[2]:  256
[    0.106321] x86/fpu: xstate_offset[5]:  832, xstate_sizes[5]:   64
[    0.107321] x86/fpu: xstate_offset[6]:  896, xstate_sizes[6]:  512
[    0.108321] x86/fpu: xstate_offset[7]: 1408, xstate_sizes[7]: 1024
[    0.109321] x86/fpu: xstate_offset[9]: 2432, xstate_sizes[9]:    8
[    0.110149] x86/fpu: Enabled xstate features 0x2e7, context size is 2440 bytes, using 'compacted' format.
[    0.125226] Freeing SMP alternatives memory: 40K
[    0.125322] pid_max: default: 32768 minimum: 301
[    0.126345] Mount-cache hash table entries: 2048 (order: 2, 16384 bytes, linear)
[    0.127322] Mountpoint-cache hash table entries: 2048 (order: 2, 16384 bytes, linear)
[    0.128493] smpboot: CPU0: AMD Ryzen 9 7950X 16-Core Processor (family: 0x19, model: 0x61, stepping: 0x2)
[    0.129437] Performance Events: Fam17h+ core perfctr, AMD PMU driver.
[    0.130325] ... version:                0
[    0.130853] ... bit width:              48
[    0.131323] ... generic registers:      6
[    0.131854] ... value mask:             0000ffffffffffff
[    0.132323] ... max period:             00007fffffffffff
[    0.133048] ... fixed-purpose events:   0
[    0.133323] ... event mask:             000000000000003f
[    0.134123] signal: max sigframe size: 3376
[    0.134340] rcu: Hierarchical SRCU implementation.
[    0.134982] rcu: Max phase no-delay instances is 400.
[    0.138158] smp: Bringing up secondary CPUs ...
[    0.138390] smpboot: x86: Booting SMP configuration:
[    0.139184] .... node  #0, CPUs:        #1  #2  #3  #4  #5  #6  #7  #8  #9 #10 #11 #12 #13 #14 #15 #16 #17 #18 #19 #20 #21 #22 #23 #24 #25 #26 #27 #28 #29 #30 #31
[    0.170506] smp: Brought up 1 node, 32 CPUs
[    0.171871] smpboot: Total of 32 processors activated (287459.58 BogoMIPS)
[    0.176388] devtmpfs: initialized
[    0.176785] x86/mm: Memory block size: 128MB
[    0.178137] clocksource: jiffies: mask: 0xffffffff max_cycles: 0xffffffff, max_idle_ns: 1911260446275000 ns
[    0.178325] futex hash table entries: 8192 (order: 7, 524288 bytes, linear)
[    0.179286] PM: RTC time: 06:06:47, date: 2024-05-07
[    0.179696] NET: Registered PF_NETLINK/PF_ROUTE protocol family
[    0.180444] thermal_sys: Registered thermal governor 'step_wise'
[    0.180445] thermal_sys: Registered thermal governor 'user_space'
[    0.181235] cpuidle: using governor menu
[    0.182574] PCI: Using configuration type 1 for base access
[    0.183323] PCI: Using configuration type 1 for extended access
[    0.184142] kprobes: kprobe jump-optimization is enabled. All kprobes are optimized if possible.
[    0.199093] HugeTLB: registered 1.00 GiB page size, pre-allocated 0 pages
[    0.199323] HugeTLB: 16380 KiB vmemmap can be freed for a 1.00 GiB page
[    0.200172] HugeTLB: registered 2.00 MiB page size, pre-allocated 0 pages
[    0.200322] HugeTLB: 28 KiB vmemmap can be freed for a 2.00 MiB page
[    0.201169] Demotion targets for Node 0: null
[    0.201571] ACPI: Added _OSI(Module Device)
[    0.202105] ACPI: Added _OSI(Processor Device)
[    0.202323] ACPI: Added _OSI(3.0 _SCP Extensions)
[    0.202922] ACPI: Added _OSI(Processor Aggregator Device)
[    0.204026] ACPI: 1 ACPI AML tables successfully acquired and loaded
[    0.208323] ACPI: _OSC evaluation for CPUs failed, trying _PDC
[    0.209202] ACPI: Interpreter enabled
[    0.209330] ACPI: PM: (supports S0 S3 S4 S5)
[    0.209876] ACPI: Using IOAPIC for interrupt routing
[    0.210329] PCI: Using host bridge windows from ACPI; if necessary, use "pci=nocrs" and report a bug
[    0.211322] PCI: Using E820 reservations for host bridge windows
[    0.212193] ACPI: Enabled 2 GPEs in block 00 to 0F
[    0.214889] ACPI: PCI Root Bridge [PCI0] (domain 0000 [bus 00-ff])
[    0.215325] acpi PNP0A03:00: _OSC: OS supports [ExtendedConfig ASPM ClockPM Segments MSI HPX-Type3]
[    0.216411] PCI host bridge to bus 0000:00
[    0.216946] pci_bus 0000:00: root bus resource [io  0x0000-0x0cf7 window]
[    0.217323] pci_bus 0000:00: root bus resource [io  0x0d00-0xffff window]
[    0.218198] pci_bus 0000:00: root bus resource [mem 0x000a0000-0x000bffff window]
[    0.218323] pci_bus 0000:00: root bus resource [mem 0x40000000-0xfebfffff window]
[    0.219277] pci_bus 0000:00: root bus resource [mem 0x100000000-0x17fffffff window]
[    0.219323] pci_bus 0000:00: root bus resource [bus 00-ff]
[    0.220115] pci 0000:00:00.0: [8086:1237] type 00 class 0x060000 conventional PCI endpoint
[    0.220582] pci 0000:00:01.0: [8086:7000] type 00 class 0x060100 conventional PCI endpoint
[    0.221634] pci 0000:00:01.1: [8086:7010] type 00 class 0x010180 conventional PCI endpoint
[    0.224846] pci 0000:00:01.1: BAR 4 [io  0xc0c0-0xc0cf]
[    0.226312] pci 0000:00:01.1: BAR 0 [io  0x01f0-0x01f7]: legacy IDE quirk
[    0.226323] pci 0000:00:01.1: BAR 1 [io  0x03f6]: legacy IDE quirk
[    0.227109] pci 0000:00:01.1: BAR 2 [io  0x0170-0x0177]: legacy IDE quirk
[    0.227322] pci 0000:00:01.1: BAR 3 [io  0x0376]: legacy IDE quirk
[    0.228201] pci 0000:00:01.3: [8086:7113] type 00 class 0x068000 conventional PCI endpoint
[    0.228562] pci 0000:00:01.3: quirk: [io  0x0600-0x063f] claimed by PIIX4 ACPI
[    0.229326] pci 0000:00:01.3: quirk: [io  0x0700-0x070f] claimed by PIIX4 SMB
[    0.230487] pci 0000:00:02.0: [1af4:1009] type 00 class 0x000200 conventional PCI endpoint
[    0.232323] pci 0000:00:02.0: BAR 0 [io  0xc000-0xc03f]
[    0.234067] pci 0000:00:02.0: BAR 1 [mem 0xfebfc000-0xfebfcfff]
[    0.237323] pci 0000:00:02.0: BAR 4 [mem 0xfebf0000-0xfebf3fff 64bit pref]
[    0.239919] pci 0000:00:03.0: [1af4:1009] type 00 class 0x000200 conventional PCI endpoint
[    0.241323] pci 0000:00:03.0: BAR 0 [io  0xc040-0xc07f]
[    0.243041] pci 0000:00:03.0: BAR 1 [mem 0xfebfd000-0xfebfdfff]
[    0.247051] pci 0000:00:03.0: BAR 4 [mem 0xfebf4000-0xfebf7fff 64bit pref]
[    0.248870] pci 0000:00:04.0: [8086:25ab] type 00 class 0x088000 conventional PCI endpoint
[    0.249866] pci 0000:00:04.0: BAR 0 [mem 0xfebfe000-0xfebfe00f]
[    0.253716] pci 0000:00:05.0: [1af4:1003] type 00 class 0x078000 conventional PCI endpoint
[    0.255323] pci 0000:00:05.0: BAR 0 [io  0xc080-0xc0bf]
[    0.257028] pci 0000:00:05.0: BAR 1 [mem 0xfebff000-0xfebfffff]
[    0.260323] pci 0000:00:05.0: BAR 4 [mem 0xfebf8000-0xfebfbfff 64bit pref]
[    0.263066] ACPI: PCI: Interrupt link LNKA configured for IRQ 10
[    0.263431] ACPI: PCI: Interrupt link LNKB configured for IRQ 10
[    0.264302] ACPI: PCI: Interrupt link LNKC configured for IRQ 11
[    0.264419] ACPI: PCI: Interrupt link LNKD configured for IRQ 11
[    0.265251] ACPI: PCI: Interrupt link LNKS configured for IRQ 9
[    0.266196] iommu: Default domain type: Translated
[    0.266323] iommu: DMA domain TLB invalidation policy: lazy mode
[    0.267165] SCSI subsystem initialized
[    0.267358] pps_core: LinuxPPS API ver. 1 registered
[    0.267984] pps_core: Software ver. 5.3.6 - Copyright 2005-2007 Rodolfo Giometti <giometti@linux.it>
[    0.268326] PTP clock support registered
[    0.268853] Advanced Linux Sound Architecture Driver Initialized.
[    0.269617] NET: Registered PF_ATMPVC protocol family
[    0.270275] NET: Registered PF_ATMSVC protocol family
[    0.270326] PCI: Using ACPI for IRQ routing
[    0.270938] vgaarb: loaded
[    0.271360] hpet0: at MMIO 0xfed00000, IRQs 2, 8, 0
[    0.271984] hpet0: 3 comparators, 64-bit 100.000000 MHz counter
[    0.277178] clocksource: Switched to clocksource kvm-clock
[    0.278037] VFS: Disk quotas dquot_6.6.0
[    0.278588] VFS: Dquot-cache hash table entries: 512 (order 0, 4096 bytes)
[    0.279537] pnp: PnP ACPI init
[    0.280173] pnp: PnP ACPI: found 5 devices
[    0.287449] clocksource: acpi_pm: mask: 0xffffff max_cycles: 0xffffff, max_idle_ns: 2085701024 ns
[    0.288629] NET: Registered PF_INET protocol family
[    0.289270] IP idents hash table entries: 16384 (order: 5, 131072 bytes, linear)
[    0.290375] tcp_listen_portaddr_hash hash table entries: 512 (order: 1, 8192 bytes, linear)
[    0.291464] Table-perturb hash table entries: 65536 (order: 6, 262144 bytes, linear)
[    0.292468] TCP established hash table entries: 8192 (order: 4, 65536 bytes, linear)
[    0.293464] TCP bind hash table entries: 8192 (order: 6, 262144 bytes, linear)
[    0.294483] TCP: Hash tables configured (established 8192 bind 8192)
[    0.295331] UDP hash table entries: 512 (order: 2, 16384 bytes, linear)
[    0.296182] UDP-Lite hash table entries: 512 (order: 2, 16384 bytes, linear)
[    0.297112] NET: Registered PF_UNIX/PF_LOCAL protocol family
[    0.297846] pci_bus 0000:00: resource 4 [io  0x0000-0x0cf7 window]
[    0.298639] pci_bus 0000:00: resource 5 [io  0x0d00-0xffff window]
[    0.299427] pci_bus 0000:00: resource 6 [mem 0x000a0000-0x000bffff window]
[    0.300306] pci_bus 0000:00: resource 7 [mem 0x40000000-0xfebfffff window]
[    0.301186] pci_bus 0000:00: resource 8 [mem 0x100000000-0x17fffffff window]
[    0.302120] pci 0000:00:01.0: PIIX3: Enabling Passive Release
[    0.302863] pci 0000:00:00.0: Limiting direct PCI/PCI transfers
[    0.303659] PCI: CLS 0 bytes, default 64
[    0.304187] kvm_intel: VMX not supported by CPU 0
[    0.304807] kvm_amd: TSC scaling supported
[    0.305332] kvm_amd: Nested Virtualization enabled
[    0.305949] kvm_amd: Nested Paging enabled
[    0.306478] kvm_amd: Virtual VMLOAD VMSAVE supported
[    0.307117] kvm_amd: Virtual GIF supported
[    0.307644] kvm_amd: Virtual NMI enabled
[    0.308143] kvm_amd: LBR virtualization supported
[    0.408938] Initialise system trusted keyrings
[    0.409777] workingset: timestamp_bits=56 max_order=18 bucket_order=0
[    0.410889] squashfs: version 4.0 (2009/01/31) Phillip Lougher
[    0.411875] fuse: init (API version 7.40)
[    0.412601] 9p: Installing v9fs 9p2000 file system support
[    0.422565] Key type asymmetric registered
[    0.423296] Asymmetric key parser 'x509' registered
[    0.424170] Block layer SCSI generic (bsg) driver version 0.4 loaded (major 249)
[    0.425450] io scheduler mq-deadline registered
[    0.426222] io scheduler kyber registered
[    0.428030] input: Power Button as /devices/LNXSYSTM:00/LNXPWRBN:00/input/input0
[    0.429343] ACPI: button: Power Button [PWRF]
[    0.430117] Warning: Processor Platform Limit event detected, but not handled.
[    0.431330] Consider compiling CPUfreq support into your kernel.
[    0.449923] ACPI: \_SB_.LNKB: Enabled at IRQ 10
[    0.467031] ACPI: \_SB_.LNKC: Enabled at IRQ 11
[    0.486699] ACPI: \_SB_.LNKA: Enabled at IRQ 10
[    0.488337] Serial: 8250/16550 driver, 4 ports, IRQ sharing enabled
[    0.489525] 00:03: ttyS0 at I/O 0x3f8 (irq = 4, base_baud = 115200) is a 16550A
[    0.537353] Non-volatile memory driver v1.3
[    0.538080] Linux agpgart interface v0.103
[    0.538130] ACPI: bus type drm_connector registered
[    0.539433] printk: legacy console [hvc0] enabled
[    0.540217] printk: legacy bootconsole [earlyser0] disabled
          _      _                                    
   __   _(_)_ __| |_ _ __ ___   ___       _ __   __ _ 
   \ \ / / |  __| __|  _   _ \ / _ \_____|  _ \ / _  |
    \ V /| | |  | |_| | | | | |  __/_____| | | | (_| |
     \_/ |_|_|   \__|_| |_| |_|\___|     |_| |_|\__  |
                                                |___/ 
   kernel version: 6.9.0-rc6-virtme x86_64
   (CTRL+d to exit)

virtme-ng:/nipa-data/kernel# PS1='xx__-> '
xx__-> env
PWD=/nipa-data/kernel
nr_open=1048576
HOME=/root
TERM=xterm
SHLVL=2
XDG_RUNTIME_DIR=/run/user/0
PATH=/bin:/sbin:/usr/bin:/usr/sbin:/usr/local/bin
OLDPWD=/
_=/usr/bin/env
xx__-> 