No EFI environment detected.
early console in extract_kernel
input_data: 0x00000000030632b9
input_len: 0x0000000000b80b04
output: 0x0000000001000000
output_len: 0x000000000252e12c
kernel_total_size: 0x0000000002c30000
needed_size: 0x0000000002e00000
trampoline_32bit: 0x0000000000000000
Physical KASLR using RDRAND RDTSC...
Virtual KASLR using RDRAND RDTSC...

Decompressing Linux... Parsing ELF... Performing relocations... done.
Booting the kernel (entry_offset: 0x0000000000000000).
[    0.000000] Linux version 6.8.0-rc1-virtme (root@2f0a19da1b7f) (gcc (Alpine 13.2.1_git20231014) 13.2.1 20231014, GNU ld (GNU Binutils) 2.41) #1 SMP PREEMPT_DYNAMIC Fri Jan 26 03:06:07 UTC 2024
[    0.000000] Command line: virtme_hostname=virtme-ng virtme_link_mods=/nipa-data/kernel/.virtme_mods/lib/modules/0.0.0 virtme_initmount0=nipa-data/kernel virtme_rw_overlay0=/etc virtme_rw_overlay1=/lib virtme_rw_overlay2=/home virtme_rw_overlay3=/opt virtme_rw_overlay4=/srv virtme_rw_overlay5=/usr virtme_rw_overlay6=/var earlyprintk=serial,ttyS0,115200 console=ttyS0 psmouse.proto=exps virtme_chdir=nipa-data/kernel virtme_root_user=1 rootfstype=9p rootflags=version=9p2000.L,trans=virtio,access=any raid=noautodetect ro init=/usr/lib/python3.11/site-packages/virtme/guest/virtme-init
[    0.000000] BIOS-provided physical RAM map:
[    0.000000] BIOS-e820: [mem 0x0000000000000000-0x000000000009fbff] usable
[    0.000000] BIOS-e820: [mem 0x000000000009fc00-0x000000000009ffff] reserved
[    0.000000] BIOS-e820: [mem 0x00000000000f0000-0x00000000000fffff] reserved
[    0.000000] BIOS-e820: [mem 0x0000000000100000-0x000000003ffdffff] usable
[    0.000000] BIOS-e820: [mem 0x000000003ffe0000-0x000000003fffffff] reserved
[    0.000000] BIOS-e820: [mem 0x00000000feffc000-0x00000000feffffff] reserved
[    0.000000] BIOS-e820: [mem 0x00000000fffc0000-0x00000000ffffffff] reserved
[    0.000000] BIOS-e820: [mem 0x000000fd00000000-0x000000ffffffffff] reserved
[    0.000000] printk: legacy bootconsole [earlyser0] enabled
[    0.000000] NX (Execute Disable) protection: active
[    0.000000] APIC: Static calls initialized
[    0.000000] SMBIOS 3.0.0 present.
[    0.000000] DMI: QEMU Standard PC (i440FX + PIIX, 1996), BIOS rel-1.16.3-0-ga6ed6b701f0a-prebuilt.qemu.org 04/01/2014
[    0.000000] Hypervisor detected: KVM
[    0.000000] kvm-clock: Using msrs 4b564d01 and 4b564d00
[    0.000000] kvm-clock: using sched offset of 241420448 cycles
[    0.000379] clocksource: kvm-clock: mask: 0xffffffffffffffff max_cycles: 0x1cd42e4dffb, max_idle_ns: 881590591483 ns
[    0.001564] tsc: Detected 4491.536 MHz processor
[    0.002156] last_pfn = 0x3ffe0 max_arch_pfn = 0x400000000
[    0.002574] MTRR map: 4 entries (3 fixed + 1 variable; max 19), built from 8 variable MTRRs
[    0.003189] x86/PAT: Configuration [0-7]: WB  WC  UC- UC  WB  WP  UC- WT  
Memory KASLR using RDRAND RDTSC...
[    0.005210] found SMP MP-table at [mem 0x000f5470-0x000f547f]
[    0.005633] Using GB pages for direct mapping
[    0.006012] ACPI: Early table checksum verification disabled
[    0.006424] ACPI: RSDP 0x00000000000F5290 000014 (v00 BOCHS )
[    0.006843] ACPI: RSDT 0x000000003FFE27B6 000034 (v01 BOCHS  BXPC     00000001 BXPC 00000001)
[    0.007469] ACPI: FACP 0x000000003FFE2572 000074 (v01 BOCHS  BXPC     00000001 BXPC 00000001)
[    0.008088] ACPI: DSDT 0x000000003FFE0040 002532 (v01 BOCHS  BXPC     00000001 BXPC 00000001)
[    0.008711] ACPI: FACS 0x000000003FFE0000 000040
[    0.009046] ACPI: APIC 0x000000003FFE25E6 000170 (v03 BOCHS  BXPC     00000001 BXPC 00000001)
[    0.009667] ACPI: HPET 0x000000003FFE2756 000038 (v01 BOCHS  BXPC     00000001 BXPC 00000001)
[    0.010290] ACPI: WAET 0x000000003FFE278E 000028 (v01 BOCHS  BXPC     00000001 BXPC 00000001)
[    0.010915] ACPI: Reserving FACP table memory at [mem 0x3ffe2572-0x3ffe25e5]
[    0.011428] ACPI: Reserving DSDT table memory at [mem 0x3ffe0040-0x3ffe2571]
[    0.011939] ACPI: Reserving FACS table memory at [mem 0x3ffe0000-0x3ffe003f]
[    0.012450] ACPI: Reserving APIC table memory at [mem 0x3ffe25e6-0x3ffe2755]
[    0.012966] ACPI: Reserving HPET table memory at [mem 0x3ffe2756-0x3ffe278d]
[    0.013478] ACPI: Reserving WAET table memory at [mem 0x3ffe278e-0x3ffe27b5]
[    0.014131] No NUMA configuration found
[    0.014411] Faking a node at [mem 0x0000000000000000-0x000000003ffdffff]
[    0.014903] NODE_DATA(0) allocated [mem 0x3ffdb000-0x3ffdffff]
[    0.015338] Zone ranges:
[    0.015521]   DMA      [mem 0x0000000000001000-0x0000000000ffffff]
[    0.015969]   DMA32    [mem 0x0000000001000000-0x000000003ffdffff]
[    0.016417]   Normal   empty
[    0.016626]   Device   empty
[    0.016835] Movable zone start for each node
[    0.017143] Early memory node ranges
[    0.017402]   node   0: [mem 0x0000000000001000-0x000000000009efff]
[    0.017857]   node   0: [mem 0x0000000000100000-0x000000003ffdffff]
[    0.018311] Initmem setup node 0 [mem 0x0000000000001000-0x000000003ffdffff]
[    0.018825] On node 0, zone DMA: 1 pages in unavailable ranges
[    0.019266] On node 0, zone DMA: 97 pages in unavailable ranges
[    0.020641] On node 0, zone DMA32: 32 pages in unavailable ranges
[    0.021271] ACPI: PM-Timer IO Port: 0x608
[    0.021566] ACPI: LAPIC_NMI (acpi_id[0xff] dfl dfl lint[0x1])
[    0.022001] IOAPIC[0]: apic_id 0, version 17, address 0xfec00000, GSI 0-23
[    0.022502] ACPI: INT_SRC_OVR (bus 0 bus_irq 0 global_irq 2 dfl dfl)
[    0.022965] ACPI: INT_SRC_OVR (bus 0 bus_irq 5 global_irq 5 high level)
[    0.023441] ACPI: INT_SRC_OVR (bus 0 bus_irq 9 global_irq 9 high level)
[    0.023919] ACPI: INT_SRC_OVR (bus 0 bus_irq 10 global_irq 10 high level)
[    0.024410] ACPI: INT_SRC_OVR (bus 0 bus_irq 11 global_irq 11 high level)
[    0.024902] ACPI: Using ACPI (MADT) for SMP configuration information
[    0.025367] ACPI: HPET id: 0x8086a201 base: 0xfed00000
[    0.025739] TSC deadline timer available
[    0.026023] smpboot: Allowing 32 CPUs, 0 hotplug CPUs
[    0.026400] kvm-guest: APIC: eoi() replaced with kvm_guest_apic_eoi_write()
[    0.026914] kvm-guest: KVM setup pv remote TLB flush
[    0.027275] kvm-guest: setup PV sched yield
[    0.027581] PM: hibernation: Registered nosave memory: [mem 0x00000000-0x00000fff]
[    0.028128] PM: hibernation: Registered nosave memory: [mem 0x0009f000-0x0009ffff]
[    0.028674] PM: hibernation: Registered nosave memory: [mem 0x000a0000-0x000effff]
[    0.029221] PM: hibernation: Registered nosave memory: [mem 0x000f0000-0x000fffff]
[    0.029768] [mem 0x40000000-0xfeffbfff] available for PCI devices
[    0.030210] Booting paravirtualized kernel on KVM
[    0.030551] clocksource: refined-jiffies: mask: 0xffffffff max_cycles: 0xffffffff, max_idle_ns: 1910969940391419 ns
[    0.034143] setup_percpu: NR_CPUS:64 nr_cpumask_bits:32 nr_cpu_ids:32 nr_node_ids:1
[    0.035249] percpu: Embedded 58 pages/cpu s199840 r8192 d29536 u262144
[    0.035756] Kernel command line: virtme_hostname=virtme-ng virtme_link_mods=/nipa-data/kernel/.virtme_mods/lib/modules/0.0.0 virtme_initmount0=nipa-data/kernel virtme_rw_overlay0=/etc virtme_rw_overlay1=/lib virtme_rw_overlay2=/home virtme_rw_overlay3=/opt virtme_rw_overlay4=/srv virtme_rw_overlay5=/usr virtme_rw_overlay6=/var earlyprintk=serial,ttyS0,115200 console=ttyS0 psmouse.proto=exps virtme_chdir=nipa-data/kernel virtme_root_user=1 rootfstype=9p rootflags=version=9p2000.L,trans=virtio,access=any raid=noautodetect ro init=/usr/lib/python3.11/site-packages/virtme/guest/virtme-init
[    0.039672] Unknown kernel command line parameters "virtme_hostname=virtme-ng virtme_link_mods=/nipa-data/kernel/.virtme_mods/lib/modules/0.0.0 virtme_initmount0=nipa-data/kernel virtme_rw_overlay0=/etc virtme_rw_overlay1=/lib virtme_rw_overlay2=/home virtme_rw_overlay3=/opt virtme_rw_overlay4=/srv virtme_rw_overlay5=/usr virtme_rw_overlay6=/var virtme_chdir=nipa-data/kernel virtme_root_user=1", will be passed to user space.
[    0.042667] random: crng init done
[    0.042954] Dentry cache hash table entries: 131072 (order: 8, 1048576 bytes, linear)
[    0.043555] Inode-cache hash table entries: 65536 (order: 7, 524288 bytes, linear)
[    0.044213] Fallback order for Node 0: 0 
[    0.044216] Built 1 zonelists, mobility grouping on.  Total pages: 257760
[    0.045019] Policy zone: DMA32
[    0.045247] mem auto-init: stack:all(zero), heap alloc:off, heap free:off
[    0.047280] Memory: 976380K/1048056K available (16384K kernel code, 2556K rwdata, 6068K rodata, 3156K init, 12008K bss, 71416K reserved, 0K cma-reserved)
[    0.048349] SLUB: HWalign=64, Order=0-3, MinObjects=0, CPUs=32, Nodes=1
Poking KASLR using RDRAND RDTSC...
[    0.049105] ftrace: allocating 46517 entries in 182 pages
[    0.055843] ftrace: allocated 182 pages with 5 groups
[    0.057021] Dynamic Preempt: voluntary
[    0.057512] Running RCU self tests
[    0.057769] Running RCU synchronous self tests
[    0.058106] rcu: Preemptible hierarchical RCU implementation.
[    0.058535] rcu: RCU event tracing is enabled.
[    0.058877] rcu: RCU lockdep checking is enabled.
[    0.059233] rcu: RCU restricting CPUs from NR_CPUS=64 to nr_cpu_ids=32.
[    0.059732] Trampoline variant of Tasks RCU enabled.
[    0.060107] Rude variant of Tasks RCU enabled.
[    0.060443] Tracing variant of Tasks RCU enabled.
[    0.060799] rcu: RCU calculated value of scheduler-enlistment delay is 100 jiffies.
[    0.061369] rcu: Adjusting geometry for rcu_fanout_leaf=16, nr_cpu_ids=32
[    0.061902] Running RCU synchronous self tests
[    0.063816] NR_IRQS: 4352, nr_irqs: 680, preallocated irqs: 16
[    0.064447] rcu: srcu_init: Setting srcu_struct sizes based on contention.
[    0.065154] Console: colour *CGA 80x25
[    0.065459] printk: legacy console [ttyS0] enabled
[    0.065459] printk: legacy console [ttyS0] enabled
[    0.066180] printk: legacy bootconsole [earlyser0] disabled
[    0.066180] printk: legacy bootconsole [earlyser0] disabled
[    0.067024] Lock dependency validator: Copyright (c) 2006 Red Hat, Inc., Ingo Molnar
[    0.067605] ... MAX_LOCKDEP_SUBCLASSES:  8
[    0.067916] ... MAX_LOCK_DEPTH:          48
[    0.068233] ... MAX_LOCKDEP_KEYS:        8192
[    0.068562] ... CLASSHASH_SIZE:          4096
[    0.068895] ... MAX_LOCKDEP_ENTRIES:     32768
[    0.069229] ... MAX_LOCKDEP_CHAINS:      65536
[    0.069564] ... CHAINHASH_SIZE:          32768
[    0.069900]  memory used by lock dependency info: 6429 kB
[    0.070310]  memory used for stack traces: 4224 kB
[    0.070674]  per task-struct memory footprint: 1920 bytes
[    0.071095] ACPI: Core revision 20230628
[    0.071492] clocksource: hpet: mask: 0xffffffff max_cycles: 0xffffffff, max_idle_ns: 19112604467 ns
[    0.072279] APIC: Switch to symmetric I/O mode setup
[    0.072667] APIC: Switched APIC routing to: physical flat
[    0.073077] kvm-guest: APIC: send_IPI_mask() replaced with kvm_send_ipi_mask()
[    0.073627] kvm-guest: APIC: send_IPI_mask_allbutself() replaced with kvm_send_ipi_mask_allbutself()
[    0.074321] kvm-guest: setup PV IPIs
[    0.075423] ..TIMER: vector=0x30 apic1=0 pin1=2 apic2=-1 pin2=-1
[    0.076224] tsc: Marking TSC unstable due to TSCs unsynchronized
[    0.077033] Calibrating delay loop (skipped) preset value.. 8983.07 BogoMIPS (lpj=4491536)
[    0.078085] x86/cpu: User Mode Instruction Prevention (UMIP) activated
[    0.079084] Last level iTLB entries: 4KB 512, 2MB 255, 4MB 127
[    0.080029] Last level dTLB entries: 4KB 512, 2MB 255, 4MB 127, 1GB 0
[    0.081032] Spectre V1 : Mitigation: usercopy/swapgs barriers and __user pointer sanitization
[    0.082032] Spectre V2 : Mitigation: Enhanced / Automatic IBRS
[    0.083029] Spectre V2 : Spectre v2 / SpectreRSB mitigation: Filling RSB on context switch
[    0.084030] Spectre V2 : mitigation: Enabling conditional Indirect Branch Prediction Barrier
[    0.085030] Speculative Store Bypass: Mitigation: Speculative Store Bypass disabled via prctl
[    0.086029] Speculative Return Stack Overflow: IBPB-extending microcode not applied!
[    0.087029] Speculative Return Stack Overflow: WARNING: See https://kernel.org/doc/html/latest/admin-guide/hw-vuln/srso.html for mitigation options.
[    0.087029] Speculative Return Stack Overflow: Vulnerable: Safe RET, no microcode
[    0.089046] x86/fpu: Supporting XSAVE feature 0x001: 'x87 floating point registers'
[    0.090029] x86/fpu: Supporting XSAVE feature 0x002: 'SSE registers'
[    0.091029] x86/fpu: Supporting XSAVE feature 0x004: 'AVX registers'
[    0.092029] x86/fpu: Supporting XSAVE feature 0x020: 'AVX-512 opmask'
[    0.093029] x86/fpu: Supporting XSAVE feature 0x040: 'AVX-512 Hi256'
[    0.093833] x86/fpu: Supporting XSAVE feature 0x080: 'AVX-512 ZMM_Hi256'
[    0.094029] x86/fpu: Supporting XSAVE feature 0x200: 'Protection Keys User registers'
[    0.095029] x86/fpu: xstate_offset[2]:  576, xstate_sizes[2]:  256
[    0.096029] x86/fpu: xstate_offset[5]:  832, xstate_sizes[5]:   64
[    0.097029] x86/fpu: xstate_offset[6]:  896, xstate_sizes[6]:  512
[    0.098029] x86/fpu: xstate_offset[7]: 1408, xstate_sizes[7]: 1024
[    0.098821] x86/fpu: xstate_offset[9]: 2432, xstate_sizes[9]:    8
[    0.099029] x86/fpu: Enabled xstate features 0x2e7, context size is 2440 bytes, using 'compacted' format.
[    0.118376] Freeing SMP alternatives memory: 36K
[    0.118988] pid_max: default: 32768 minimum: 301
[    0.119107] Mount-cache hash table entries: 2048 (order: 2, 16384 bytes, linear)
[    0.120031] Mountpoint-cache hash table entries: 2048 (order: 2, 16384 bytes, linear)
[    0.122205] Running RCU synchronous self tests
[    0.122794] Running RCU synchronous self tests
[    0.123188] smpboot: CPU0: AMD Ryzen 9 7950X 16-Core Processor (family: 0x19, model: 0x61, stepping: 0x2)
[    0.124379] RCU Tasks: Setting shift to 5 and lim to 1 rcu_task_cb_adjust=1.
[    0.125058] RCU Tasks Rude: Setting shift to 5 and lim to 1 rcu_task_cb_adjust=1.
[    0.126045] RCU Tasks Trace: Setting shift to 5 and lim to 1 rcu_task_cb_adjust=1.
[    0.127039] Running RCU Tasks wait API self tests
[    0.233101] Running RCU Tasks Rude wait API self tests
[    0.233872] Running RCU Tasks Trace wait API self tests
[    0.234078] Performance Events: Fam17h+ core perfctr, AMD PMU driver.
[    0.234945] ... version:                0
[    0.235032] ... bit width:              48
[    0.235553] ... generic registers:      6
[    0.236031] ... value mask:             0000ffffffffffff
[    0.236709] ... max period:             00007fffffffffff
[    0.237031] ... fixed-purpose events:   0
[    0.237542] ... event mask:             000000000000003f
[    0.238215] signal: max sigframe size: 3376
[    0.238832] rcu: Hierarchical SRCU implementation.
[    0.239032] rcu: Max phase no-delay instances is 400.
[    0.241355] Callback from call_rcu_tasks_trace() invoked.
[    0.243776] smp: Bringing up secondary CPUs ...
[    0.244314] smpboot: x86: Booting SMP configuration:
[    0.244950] .... node  #0, CPUs:        #1  #2  #3  #4  #5  #6  #7  #8  #9 #10 #11 #12 #13 #14 #15 #16 #17 #18 #19 #20 #21 #22 #23 #24 #25 #26 #27 #28 #29 #30 #31
[    0.268178] smp: Brought up 1 node, 32 CPUs
[    0.269575] smpboot: Max logical packages: 1
[    0.270036] smpboot: Total of 32 processors activated (287458.30 BogoMIPS)
[    0.278279] devtmpfs: initialized
[    0.279130] x86/mm: Memory block size: 128MB
[    0.281606] Running RCU synchronous self tests
[    0.282043] Running RCU synchronous self tests
[    0.283095] clocksource: jiffies: mask: 0xffffffff max_cycles: 0xffffffff, max_idle_ns: 1911260446275000 ns
[    0.284036] futex hash table entries: 8192 (order: 8, 1048576 bytes, linear)
[    0.285401] PM: RTC time: 03:06:40, date: 2024-01-26
[    0.286916] NET: Registered PF_NETLINK/PF_ROUTE protocol family
[    0.288619] thermal_sys: Registered thermal governor 'step_wise'
[    0.288621] thermal_sys: Registered thermal governor 'user_space'
[    0.289084] cpuidle: using governor menu
[    0.292415] PCI: Using configuration type 1 for base access
[    0.293032] PCI: Using configuration type 1 for extended access
[    0.293924] kprobes: kprobe jump-optimization is enabled. All kprobes are optimized if possible.
[    0.308314] HugeTLB: registered 1.00 GiB page size, pre-allocated 0 pages
[    0.309033] HugeTLB: 16380 KiB vmemmap can be freed for a 1.00 GiB page
[    0.310032] HugeTLB: registered 2.00 MiB page size, pre-allocated 0 pages
[    0.311032] HugeTLB: 28 KiB vmemmap can be freed for a 2.00 MiB page
[    0.313280] ACPI: Added _OSI(Module Device)
[    0.314034] ACPI: Added _OSI(Processor Device)
[    0.314758] ACPI: Added _OSI(3.0 _SCP Extensions)
[    0.315032] ACPI: Added _OSI(Processor Aggregator Device)
[    0.318486] ACPI: 1 ACPI AML tables successfully acquired and loaded
[    0.322104] ACPI: _OSC evaluation for CPUs failed, trying _PDC
[    0.323664] ACPI: Interpreter enabled
[    0.324083] ACPI: PM: (supports S0 S3 S4 S5)
[    0.324784] ACPI: Using IOAPIC for interrupt routing
[    0.326055] PCI: Using host bridge windows from ACPI; if necessary, use "pci=nocrs" and report a bug
[    0.327032] PCI: Using E820 reservations for host bridge windows
[    0.328360] ACPI: Enabled 2 GPEs in block 00 to 0F
[    0.338675] Callback from call_rcu_tasks_rude() invoked.
[    0.339971] ACPI: PCI Root Bridge [PCI0] (domain 0000 [bus 00-ff])
[    0.341039] acpi PNP0A03:00: _OSC: OS supports [ExtendedConfig ASPM ClockPM Segments MSI HPX-Type3]
[    0.342641] PCI host bridge to bus 0000:00
[    0.344033] pci_bus 0000:00: root bus resource [io  0x0000-0x0cf7 window]
[    0.345032] pci_bus 0000:00: root bus resource [io  0x0d00-0xffff window]
[    0.346032] pci_bus 0000:00: root bus resource [mem 0x000a0000-0x000bffff window]
[    0.347032] pci_bus 0000:00: root bus resource [mem 0x40000000-0xfebfffff window]
[    0.348032] pci_bus 0000:00: root bus resource [mem 0x100000000-0x17fffffff window]
[    0.350033] pci_bus 0000:00: root bus resource [bus 00-ff]
[    0.351101] pci 0000:00:00.0: [8086:1237] type 00 class 0x060000 conventional PCI endpoint
[    0.352639] pci 0000:00:01.0: [8086:7000] type 00 class 0x060100 conventional PCI endpoint
[    0.354569] pci 0000:00:01.1: [8086:7010] type 00 class 0x010180 conventional PCI endpoint
[    0.359022] pci 0000:00:01.1: BAR 4 [io  0xc080-0xc08f]
[    0.361586] pci 0000:00:01.1: BAR 0 [io  0x01f0-0x01f7]: legacy IDE quirk
[    0.363033] pci 0000:00:01.1: BAR 1 [io  0x03f6]: legacy IDE quirk
[    0.364032] pci 0000:00:01.1: BAR 2 [io  0x0170-0x0177]: legacy IDE quirk
[    0.365032] pci 0000:00:01.1: BAR 3 [io  0x0376]: legacy IDE quirk
[    0.366269] pci 0000:00:01.3: [8086:7113] type 00 class 0x068000 conventional PCI endpoint
[    0.368346] pci 0000:00:01.3: quirk: [io  0x0600-0x063f] claimed by PIIX4 ACPI
[    0.369037] pci 0000:00:01.3: quirk: [io  0x0700-0x070f] claimed by PIIX4 SMB
[    0.370358] pci 0000:00:02.0: [1af4:1009] type 00 class 0x000200 conventional PCI endpoint
[    0.374033] pci 0000:00:02.0: BAR 0 [io  0xc000-0xc03f]
[    0.375672] pci 0000:00:02.0: BAR 1 [mem 0xfebfd000-0xfebfdfff]
[    0.380032] pci 0000:00:02.0: BAR 4 [mem 0xfebf4000-0xfebf7fff 64bit pref]
[    0.384221] pci 0000:00:03.0: [1af4:1009] type 00 class 0x000200 conventional PCI endpoint
[    0.386032] pci 0000:00:03.0: BAR 0 [io  0xc040-0xc07f]
[    0.388639] pci 0000:00:03.0: BAR 1 [mem 0xfebfe000-0xfebfefff]
[    0.393032] pci 0000:00:03.0: BAR 4 [mem 0xfebf8000-0xfebfbfff 64bit pref]
[    0.396179] pci 0000:00:04.0: [8086:25ab] type 00 class 0x088000 conventional PCI endpoint
[    0.397512] pci 0000:00:04.0: BAR 0 [mem 0xfebff000-0xfebff00f]
[    0.402951] ACPI: PCI: Interrupt link LNKA configured for IRQ 10
[    0.404193] ACPI: PCI: Interrupt link LNKB configured for IRQ 10
[    0.405191] ACPI: PCI: Interrupt link LNKC configured for IRQ 11
[    0.406110] ACPI: PCI: Interrupt link LNKD configured for IRQ 11
[    0.406973] ACPI: PCI: Interrupt link LNKS configured for IRQ 9
[    0.410358] iommu: Default domain type: Translated
[    0.410976] iommu: DMA domain TLB invalidation policy: lazy mode
[    0.411315] SCSI subsystem initialized
[    0.412121] pps_core: LinuxPPS API ver. 1 registered
[    0.413033] pps_core: Software ver. 5.3.6 - Copyright 2005-2007 Rodolfo Giometti <giometti@linux.it>
[    0.414036] PTP clock support registered
[    0.415102] Advanced Linux Sound Architecture Driver Initialized.
[    0.416616] NET: Registered PF_ATMPVC protocol family
[    0.417032] NET: Registered PF_ATMSVC protocol family
[    0.417693] PCI: Using ACPI for IRQ routing
[    0.418192] vgaarb: loaded
[    0.419185] hpet0: at MMIO 0xfed00000, IRQs 2, 8, 0
[    0.420033] hpet0: 3 comparators, 64-bit 100.000000 MHz counter
[    0.424306] clocksource: Switched to clocksource kvm-clock
[    0.425248] VFS: Disk quotas dquot_6.6.0
[    0.425248] VFS: Dquot-cache hash table entries: 512 (order 0, 4096 bytes)
[    0.426951] pnp: PnP ACPI init
[    0.427882] pnp: PnP ACPI: found 5 devices
[    0.437320] clocksource: acpi_pm: mask: 0xffffff max_cycles: 0xffffff, max_idle_ns: 2085701024 ns
[    0.438499] NET: Registered PF_INET protocol family
[    0.439191] IP idents hash table entries: 16384 (order: 5, 131072 bytes, linear)
[    0.440264] Callback from call_rcu_tasks() invoked.
[    0.440439] tcp_listen_portaddr_hash hash table entries: 512 (order: 3, 36864 bytes, linear)
[    0.442030] Table-perturb hash table entries: 65536 (order: 6, 262144 bytes, linear)
[    0.443071] TCP established hash table entries: 8192 (order: 4, 65536 bytes, linear)
[    0.444110] TCP bind hash table entries: 8192 (order: 8, 1179648 bytes, linear)
[    0.445439] TCP: Hash tables configured (established 8192 bind 8192)
[    0.446367] UDP hash table entries: 512 (order: 4, 81920 bytes, linear)
[    0.447259] UDP-Lite hash table entries: 512 (order: 4, 81920 bytes, linear)
[    0.448307] NET: Registered PF_UNIX/PF_LOCAL protocol family
[    0.449049] pci_bus 0000:00: resource 4 [io  0x0000-0x0cf7 window]
[    0.449860] pci_bus 0000:00: resource 5 [io  0x0d00-0xffff window]
[    0.450656] pci_bus 0000:00: resource 6 [mem 0x000a0000-0x000bffff window]
[    0.451537] pci_bus 0000:00: resource 7 [mem 0x40000000-0xfebfffff window]
[    0.452418] pci_bus 0000:00: resource 8 [mem 0x100000000-0x17fffffff window]
[    0.453396] pci 0000:00:01.0: PIIX3: Enabling Passive Release
[    0.454142] pci 0000:00:00.0: Limiting direct PCI/PCI transfers
[    0.454943] PCI: CLS 0 bytes, default 64
[    0.455586] kvm_intel: VMX not supported by CPU 3
[    0.456643] kvm_amd: TSC scaling supported
[    0.457345] kvm_amd: Nested Virtualization enabled
[    0.458126] kvm_amd: Nested Paging enabled
[    0.458816] kvm_amd: Virtual VMLOAD VMSAVE supported
[    0.459625] kvm_amd: Virtual GIF supported
[    0.460294] kvm_amd: Virtual NMI enabled
[    0.460926] kvm_amd: LBR virtualization supported
[    0.559890] workingset: timestamp_bits=56 max_order=18 bucket_order=0
[    0.560860] squashfs: version 4.0 (2009/01/31) Phillip Lougher
[    0.561647] fuse: init (API version 7.39)
[    0.562265] 9p: Installing v9fs 9p2000 file system support
[    0.563101] Key type asymmetric registered
[    0.563666] Block layer SCSI generic (bsg) driver version 0.4 loaded (major 249)
[    0.564687] io scheduler mq-deadline registered
[    0.565285] io scheduler kyber registered
[    0.567168] input: Power Button as /devices/LNXSYSTM:00/LNXPWRBN:00/input/input0
[    0.568356] ACPI: button: Power Button [PWRF]
[    0.569027] Warning: Processor Platform Limit event detected, but not handled.
[    0.569970] Consider compiling CPUfreq support into your kernel.
[    0.643427] ACPI: \_SB_.LNKB: Enabled at IRQ 10
[    0.715996] ACPI: \_SB_.LNKC: Enabled at IRQ 11
[    0.717458] Serial: 8250/16550 driver, 4 ports, IRQ sharing enabled
[    0.718673] 00:03: ttyS0 at I/O 0x3f8 (irq = 4, base_baud = 115200) is a 16550A
[    0.720729] Non-volatile memory driver v1.3
[    0.721290] Linux agpgart interface v0.103
[    0.721961] ACPI: bus type drm_connector registered
[    0.735264] loop: module loaded
[    0.737019] scsi host0: ata_piix
[    0.737775] scsi host1: ata_piix
[    0.738270] ata1: PATA max MWDMA2 cmd 0x1f0 ctl 0x3f6 bmdma 0xc080 irq 14 lpm-pol 0
[    0.739263] ata2: PATA max MWDMA2 cmd 0x170 ctl 0x376 bmdma 0xc088 irq 15 lpm-pol 0
[    0.740998] i8042: PNP: PS/2 Controller [PNP0303:KBD,PNP0f13:MOU] at 0x60,0x64 irq 1,12
[    0.742709] serio: i8042 KBD port at 0x60,0x64 irq 1
[    0.743382] serio: i8042 AUX port at 0x60,0x64 irq 12
[    0.744411] rtc_cmos 00:04: RTC can wake from S4
[    0.746216] input: AT Translated Set 2 keyboard as /devices/platform/i8042/serio0/input/input1
[    0.748046] rtc_cmos 00:04: registered as rtc0
[    0.748862] rtc_cmos 00:04: setting system clock to 2024-01-26T03:06:40 UTC (1706238400)
[    0.750318] rtc_cmos 00:04: alarms up to one day, y3k, 242 bytes nvram, hpet irqs
[    0.752777] i6300ESB timer 0000:00:04.0: initialized. heartbeat=30 sec (nowayout=0)
[    0.754449] device-mapper: ioctl: 4.48.0-ioctl (2023-03-01) initialised: dm-devel@redhat.com
[    0.756538] input: ImExPS/2 Generic Explorer Mouse as /devices/platform/i8042/serio1/input/input3
[    0.758737] NET: Registered PF_PACKET protocol family
[    0.759593] 9pnet: Installing 9P2000 support
[    0.761562] Key type dns_resolver registered
[    0.765723] IPI shorthand broadcast: enabled
[    0.776356] sched_clock: Marking stable (768003044, 8062065)->(785919553, -9854444)
[    0.777951] registered taskstats version 1
[    0.784473] PM:   Magic number: 8:303:109
[    0.785223] printk: legacy console [netcon0] enabled
[    0.786038] netconsole: network logging started
[    0.787001] ALSA device list:
[    0.787513]   No soundcards found.
[    0.896221] ata2: found unknown device (class 0)
[    0.897563] ata2.00: ATAPI: QEMU DVD-ROM, 2.5+, max UDMA/100
[    0.899627] scsi 1:0:0:0: CD-ROM            QEMU     QEMU DVD-ROM     2.5+ PQ: 0 ANSI: 5
[    0.907806] scsi 1:0:0:0: Attached scsi generic sg0 type 5
[    0.908593] md: Skipping autodetection of RAID arrays. (raid=autodetect will force)
[    0.909769] 9pnet_virtio: no channels available for device 
[    0.911356] VFS: Mounted root (9p filesystem) readonly on device 0:19.
[    0.912516] devtmpfs: mounted
[    0.914917] Freeing unused kernel image (initmem) memory: 3156K
[    0.922090] Write protecting the kernel read-only data: 22528k
[    0.923415] Freeing unused kernel image (rodata/data gap) memory: 76K
[    0.958945] x86/mm: Checked W+X mappings: passed, no W+X pages found.
[    0.959875] Run /usr/lib/python3.11/site-packages/virtme/guest/virtme-init as init process
[    0.988093] mount (266) used greatest stack depth: 12984 bytes left
[    1.042797] mount (280) used greatest stack depth: 12776 bytes left
[    1.056581] mount (284) used greatest stack depth: 12584 bytes left
[    1.084731] mount (300) used greatest stack depth: 12344 bytes left
[    1.146317] virtme-init: basic initialization done
[    1.152140] virtme-init: udevd not found
[    1.210042] virtme-init: Setting hostname to virtme-ng...
[    1.223192] ip (359) used greatest stack depth: 12056 bytes left
          _      _                                    
   __   _(_)_ __| |_ _ __ ___   ___       _ __   __ _ 
   \ \ / / |  __| __|  _   _ \ / _ \_____|  _ \ / _  |
    \ V /| | |  | |_| | | | | |  __/_____| | | | (_| |
     \_/ |_|_|   \__|_| |_| |_|\___|     |_| |_|\__  |
                                                |___/ 
   kernel version: 6.8.0-rc1-virtme x86_64

virtme-ng:/nipa-data/kernel# PS1='xx__-> '
xx__-> 