No EFI environment detected.
early console in extract_kernel
input_data: 0x0000000004a8c2c4
input_len: 0x00000000019477fd
output: 0x0000000001000000
output_len: 0x000000000535f800
kernel_total_size: 0x0000000005030000
needed_size: 0x0000000005400000
trampoline_32bit: 0x0000000000000000
Physical KASLR using RDRAND RDTSC...
Virtual KASLR using RDRAND RDTSC...

Decompressing Linux... Parsing ELF... Performing relocations... done.
Booting the kernel (entry_offset: 0x0000000002b76f70).
[    0.000000] Linux version 6.14.0-virtme (root@6116cde3ac2c) (gcc (Ubuntu 13.3.0-6ubuntu2~24.04) 13.3.0, GNU ld (GNU Binutils for Ubuntu) 2.42) #1 SMP PREEMPT_DYNAMIC Sat Mar 29 21:26:17 UTC 2025
[    0.000000] Command line: virtme_hostname=virtme-ng nr_open=1048576 virtme_link_mods=/nipa-data/kernel/.virtme_mods/lib/modules/0.0.0 virtme_initmount0=nipa-data/kernel virtme_rw_overlay0=/etc virtme_rw_overlay1=/lib virtme_rw_overlay2=/home virtme_rw_overlay3=/opt virtme_rw_overlay4=/srv virtme_rw_overlay5=/usr virtme_rw_overlay6=/var console=hvc0 earlyprintk=serial,ttyS0,115200 virtme_console=ttyS0 psmouse.proto=exps TERM=xterm virtme_chdir=nipa-data/kernel virtme_root_user=1 rootfstype=9p rootflags=version=9p2000.L,trans=virtio,access=any raid=noautodetect ro init=/usr/lib/python3/dist-packages/virtme/guest/virtme-init
[    0.000000] BIOS-provided physical RAM map:
[    0.000000] BIOS-e820: [mem 0x0000000000000000-0x000000000009fbff] usable
[    0.000000] BIOS-e820: [mem 0x000000000009fc00-0x000000000009ffff] reserved
[    0.000000] BIOS-e820: [mem 0x00000000000f0000-0x00000000000fffff] reserved
[    0.000000] BIOS-e820: [mem 0x0000000000100000-0x000000003ffdffff] usable
[    0.000000] BIOS-e820: [mem 0x000000003ffe0000-0x000000003fffffff] reserved
[    0.000000] BIOS-e820: [mem 0x00000000feffc000-0x00000000feffffff] reserved
[    0.000000] BIOS-e820: [mem 0x00000000fffc0000-0x00000000ffffffff] reserved
[    0.000000] BIOS-e820: [mem 0x000000fd00000000-0x000000ffffffffff] reserved
[    0.000000] printk: legacy bootconsole [earlyser0] enabled
[    0.000000] NX (Execute Disable) protection: active
[    0.000000] APIC: Static calls initialized
[    0.000000] SMBIOS 3.0.0 present.
[    0.000000] DMI: QEMU Ubuntu 24.04 PC (i440FX + PIIX, 1996), BIOS 1.16.3-debian-1.16.3-2 04/01/2014
[    0.000000] DMI: Memory slots populated: 1/1
[    0.000000] Hypervisor detected: KVM
[    0.000000] kvm-clock: Using msrs 4b564d01 and 4b564d00
[    0.000000] kvm-clock: using sched offset of 299380846 cycles
[    0.000372] clocksource: kvm-clock: mask: 0xffffffffffffffff max_cycles: 0x1cd42e4dffb, max_idle_ns: 881590591483 ns
[    0.001526] tsc: Detected 4491.560 MHz processor
[    0.002196] last_pfn = 0x3ffe0 max_arch_pfn = 0x400000000
[    0.002602] MTRR map: 4 entries (3 fixed + 1 variable; max 19), built from 8 variable MTRRs
[    0.003203] x86/PAT: Configuration [0-7]: WB  WC  UC- UC  WB  WP  UC- WT  
[    0.005142] found SMP MP-table at [mem 0x000f5470-0x000f547f]
[    0.005554] Using GB pages for direct mapping
[    0.006014] ACPI: Early table checksum verification disabled
[    0.006417] ACPI: RSDP 0x00000000000F5290 000014 (v00 BOCHS )
[    0.006827] ACPI: RSDT 0x000000003FFE27BC 000034 (v01 BOCHS  BXPC     00000001 BXPC 00000001)
[    0.007437] ACPI: FACP 0x000000003FFE2578 000074 (v01 BOCHS  BXPC     00000001 BXPC 00000001)
[    0.008045] ACPI: DSDT 0x000000003FFE0040 002538 (v01 BOCHS  BXPC     00000001 BXPC 00000001)
[    0.008651] ACPI: FACS 0x000000003FFE0000 000040
[    0.008980] ACPI: APIC 0x000000003FFE25EC 000170 (v03 BOCHS  BXPC     00000001 BXPC 00000001)
[    0.009586] ACPI: HPET 0x000000003FFE275C 000038 (v01 BOCHS  BXPC     00000001 BXPC 00000001)
[    0.010192] ACPI: WAET 0x000000003FFE2794 000028 (v01 BOCHS  BXPC     00000001 BXPC 00000001)
[    0.010798] ACPI: Reserving FACP table memory at [mem 0x3ffe2578-0x3ffe25eb]
[    0.011300] ACPI: Reserving DSDT table memory at [mem 0x3ffe0040-0x3ffe2577]
[    0.011798] ACPI: Reserving FACS table memory at [mem 0x3ffe0000-0x3ffe003f]
[    0.012296] ACPI: Reserving APIC table memory at [mem 0x3ffe25ec-0x3ffe275b]
[    0.012794] ACPI: Reserving HPET table memory at [mem 0x3ffe275c-0x3ffe2793]
[    0.013292] ACPI: Reserving WAET table memory at [mem 0x3ffe2794-0x3ffe27bb]
[    0.013981] No NUMA configuration found
[    0.014254] Faking a node at [mem 0x0000000000000000-0x000000003ffdffff]
[    0.014731] NODE_DATA(0) allocated [mem 0x3ffdb780-0x3ffdffff]
[    0.015163] Zone ranges:
[    0.015343]   DMA      [mem 0x0000000000001000-0x0000000000ffffff]
[    0.015782]   DMA32    [mem 0x0000000001000000-0x000000003ffdffff]
[    0.016222]   Normal   empty
[    0.016427]   Device   empty
[    0.016632] Movable zone start for each node
[    0.016934] Early memory node ranges
[    0.017187]   node   0: [mem 0x0000000000001000-0x000000000009efff]
[    0.017632]   node   0: [mem 0x0000000000100000-0x000000003ffdffff]
[    0.018076] Initmem setup node 0 [mem 0x0000000000001000-0x000000003ffdffff]
[    0.018667] On node 0, zone DMA: 1 pages in unavailable ranges
[    0.019142] On node 0, zone DMA: 97 pages in unavailable ranges
[    0.023773] On node 0, zone DMA32: 32 pages in unavailable ranges
[    0.032758] kasan: KernelAddressSanitizer initialized
[    0.033347] ACPI: PM-Timer IO Port: 0x608
[    0.033642] ACPI: LAPIC_NMI (acpi_id[0xff] dfl dfl lint[0x1])
[    0.034072] IOAPIC[0]: apic_id 0, version 17, address 0xfec00000, GSI 0-23
[    0.034560] ACPI: INT_SRC_OVR (bus 0 bus_irq 0 global_irq 2 dfl dfl)
[    0.035011] ACPI: INT_SRC_OVR (bus 0 bus_irq 5 global_irq 5 high level)
[    0.035495] ACPI: INT_SRC_OVR (bus 0 bus_irq 9 global_irq 9 high level)
[    0.035963] ACPI: INT_SRC_OVR (bus 0 bus_irq 10 global_irq 10 high level)
[    0.036443] ACPI: INT_SRC_OVR (bus 0 bus_irq 11 global_irq 11 high level)
[    0.036926] ACPI: Using ACPI (MADT) for SMP configuration information
[    0.037381] ACPI: HPET id: 0x8086a201 base: 0xfed00000
[    0.037746] TSC deadline timer available
[    0.038026] CPU topo: Max. logical packages:   1
[    0.038354] CPU topo: Max. logical dies:       1
[    0.038681] CPU topo: Max. dies per package:   1
[    0.039009] CPU topo: Max. threads per core:   1
[    0.039340] CPU topo: Num. cores per package:    32
[    0.039684] CPU topo: Num. threads per package:  32
[    0.040028] CPU topo: Allowing 32 present CPUs plus 0 hotplug CPUs
[    0.040479] kvm-guest: APIC: eoi() replaced with kvm_guest_apic_eoi_write()
[    0.040984] kvm-guest: KVM setup pv remote TLB flush
[    0.041336] kvm-guest: setup PV sched yield
[    0.041639] PM: hibernation: Registered nosave memory: [mem 0x00000000-0x00000fff]
[    0.042174] PM: hibernation: Registered nosave memory: [mem 0x0009f000-0x0009ffff]
[    0.042710] PM: hibernation: Registered nosave memory: [mem 0x000a0000-0x000effff]
[    0.043248] PM: hibernation: Registered nosave memory: [mem 0x000f0000-0x000fffff]
[    0.043784] [mem 0x40000000-0xfeffbfff] available for PCI devices
[    0.044215] Booting paravirtualized kernel on KVM
[    0.044550] clocksource: refined-jiffies: mask: 0xffffffff max_cycles: 0xffffffff, max_idle_ns: 1910969940391419 ns
[    0.053272] setup_percpu: NR_CPUS:64 nr_cpumask_bits:32 nr_cpu_ids:32 nr_node_ids:1
[    0.055055] percpu: Embedded 65 pages/cpu s227736 r8192 d30312 u524288
[    0.055594] Kernel command line: virtme_hostname=virtme-ng nr_open=1048576 virtme_link_mods=/nipa-data/kernel/.virtme_mods/lib/modules/0.0.0 virtme_initmount0=nipa-data/kernel virtme_rw_overlay0=/etc virtme_rw_overlay1=/lib virtme_rw_overlay2=/home virtme_rw_overlay3=/opt virtme_rw_overlay4=/srv virtme_rw_overlay5=/usr virtme_rw_overlay6=/var console=hvc0 earlyprintk=serial,ttyS0,115200 virtme_console=ttyS0 psmouse.proto=exps TERM=xterm virtme_chdir=nipa-data/kernel virtme_root_user=1 rootfstype=9p rootflags=version=9p2000.L,trans=virtio,access=any raid=noautodetect ro init=/usr/lib/python3/dist-packages/virtme/guest/virtme-init
[    0.059771] Unknown kernel command line parameters "virtme_hostname=virtme-ng nr_open=1048576 virtme_link_mods=/nipa-data/kernel/.virtme_mods/lib/modules/0.0.0 virtme_initmount0=nipa-data/kernel virtme_rw_overlay0=/etc virtme_rw_overlay1=/lib virtme_rw_overlay2=/home virtme_rw_overlay3=/opt virtme_rw_overlay4=/srv virtme_rw_overlay5=/usr virtme_rw_overlay6=/var virtme_console=ttyS0 virtme_chdir=nipa-data/kernel virtme_root_user=1", will be passed to user space.
[    0.062928] random: crng init done
[    0.063179] printk: log buffer data + meta data: 262144 + 917504 = 1179648 bytes
[    0.063754] Dentry cache hash table entries: 131072 (order: 8, 1048576 bytes, linear)
[    0.064347] Inode-cache hash table entries: 65536 (order: 7, 524288 bytes, linear)
[    0.065331] Fallback order for Node 0: 0 
[    0.065335] Built 1 zonelists, mobility grouping on.  Total pages: 262014
[    0.066123] Policy zone: DMA32
[    0.066346] mem auto-init: stack:all(zero), heap alloc:off, heap free:off
[    0.066839] stackdepot: allocating hash table via alloc_large_system_hash
[    0.067342] stackdepot hash table entries: 1048576 (order: 12, 16777216 bytes, linear)
[    0.075530] SLUB: HWalign=64, Order=0-3, MinObjects=0, CPUs=32, Nodes=1
Poking KASLR using RDRAND RDTSC...
[    0.076322] ftrace: allocating 49196 entries in 193 pages
[    0.084999] ftrace: allocated 193 pages with 3 groups
[    0.086225] Dynamic Preempt: voluntary
[    0.086930] rcu: Preemptible hierarchical RCU implementation.
[    0.087350] rcu: RCU event tracing is enabled.
[    0.087677] rcu: RCU restricting CPUs from NR_CPUS=64 to nr_cpu_ids=32.
[    0.088161] Trampoline variant of Tasks RCU enabled.
[    0.088526] Rude variant of Tasks RCU enabled.
[    0.088853] Tracing variant of Tasks RCU enabled.
[    0.089199] rcu: RCU calculated value of scheduler-enlistment delay is 100 jiffies.
[    0.089752] rcu: Adjusting geometry for rcu_fanout_leaf=16, nr_cpu_ids=32
[    0.090307] RCU Tasks: Setting shift to 5 and lim to 1 rcu_task_cb_adjust=1 rcu_task_cpu_ids=32.
[    0.090944] RCU Tasks Rude: Setting shift to 5 and lim to 1 rcu_task_cb_adjust=1 rcu_task_cpu_ids=32.
[    0.091615] RCU Tasks Trace: Setting shift to 5 and lim to 1 rcu_task_cb_adjust=1 rcu_task_cpu_ids=32.
[    0.101113] NR_IRQS: 4352, nr_irqs: 680, preallocated irqs: 16
[    0.101779] rcu: srcu_init: Setting srcu_struct sizes based on contention.
[    0.102649] Console: colour *CGA 80x25
[    0.102948] ACPI: Core revision 20240827
[    0.103439] clocksource: hpet: mask: 0xffffffff max_cycles: 0xffffffff, max_idle_ns: 19112604467 ns
[    0.104166] APIC: Switch to symmetric I/O mode setup
[    0.104542] kvm-guest: APIC: send_IPI_mask() replaced with kvm_send_ipi_mask()
[    0.105064] kvm-guest: APIC: send_IPI_mask_allbutself() replaced with kvm_send_ipi_mask_allbutself()
[    0.105694] kvm-guest: setup PV IPIs
[    0.106800] ..TIMER: vector=0x30 apic1=0 pin1=2 apic2=-1 pin2=-1
[    0.107596] clocksource: tsc-early: mask: 0xffffffffffffffff max_cycles: 0x40be4320a4d, max_idle_ns: 440795288133 ns
[    0.108946] Calibrating delay loop (skipped) preset value.. 8983.12 BogoMIPS (lpj=4491560)
[    0.110012] x86/cpu: User Mode Instruction Prevention (UMIP) activated
[    0.111004] Last level iTLB entries: 4KB 512, 2MB 255, 4MB 127
[    0.111945] Last level dTLB entries: 4KB 512, 2MB 255, 4MB 127, 1GB 0
[    0.112949] Spectre V1 : Mitigation: usercopy/swapgs barriers and __user pointer sanitization
[    0.113949] Spectre V2 : Mitigation: Enhanced / Automatic IBRS
[    0.114945] Spectre V2 : Spectre v2 / SpectreRSB mitigation: Filling RSB on context switch
[    0.115947] Spectre V2 : mitigation: Enabling conditional Indirect Branch Prediction Barrier
[    0.116947] Speculative Store Bypass: Mitigation: Speculative Store Bypass disabled via prctl
[    0.117945] Speculative Return Stack Overflow: IBPB-extending microcode not applied!
[    0.118944] Speculative Return Stack Overflow: WARNING: See https://kernel.org/doc/html/latest/admin-guide/hw-vuln/srso.html for mitigation options.
[    0.118947] Speculative Return Stack Overflow: Vulnerable: Safe RET, no microcode
[    0.120960] x86/fpu: Supporting XSAVE feature 0x001: 'x87 floating point registers'
[    0.121945] x86/fpu: Supporting XSAVE feature 0x002: 'SSE registers'
[    0.122727] x86/fpu: Supporting XSAVE feature 0x004: 'AVX registers'
[    0.122945] x86/fpu: Supporting XSAVE feature 0x020: 'AVX-512 opmask'
[    0.123944] x86/fpu: Supporting XSAVE feature 0x040: 'AVX-512 Hi256'
[    0.124945] x86/fpu: Supporting XSAVE feature 0x080: 'AVX-512 ZMM_Hi256'
[    0.125944] x86/fpu: Supporting XSAVE feature 0x200: 'Protection Keys User registers'
[    0.126945] x86/fpu: xstate_offset[2]:  576, xstate_sizes[2]:  256
[    0.127704] x86/fpu: xstate_offset[5]:  832, xstate_sizes[5]:   64
[    0.127945] x86/fpu: xstate_offset[6]:  896, xstate_sizes[6]:  512
[    0.128945] x86/fpu: xstate_offset[7]: 1408, xstate_sizes[7]: 1024
[    0.129944] x86/fpu: xstate_offset[9]: 2432, xstate_sizes[9]:    8
[    0.130705] x86/fpu: Enabled xstate features 0x2e7, context size is 2440 bytes, using 'compacted' format.
[    0.151373] Freeing SMP alternatives memory: 40K
[    0.151946] pid_max: default: 32768 minimum: 301
[    0.152641] Mount-cache hash table entries: 2048 (order: 2, 16384 bytes, linear)
[    0.152946] Mountpoint-cache hash table entries: 2048 (order: 2, 16384 bytes, linear)
[    0.155206] smpboot: CPU0: AMD Ryzen 9 7950X 16-Core Processor (family: 0x19, model: 0x61, stepping: 0x2)
[    0.156372] Performance Events: Fam17h+ core perfctr, AMD PMU driver.
[    0.156949] ... version:                0
[    0.157446] ... bit width:              48
[    0.157944] ... generic registers:      6
[    0.157946] ... value mask:             0000ffffffffffff
[    0.158599] ... max period:             00007fffffffffff
[    0.158946] ... fixed-purpose events:   0
[    0.159440] ... event mask:             000000000000003f
[    0.160095] signal: max sigframe size: 3376
[    0.160668] rcu: Hierarchical SRCU implementation.
[    0.160947] rcu: Max phase no-delay instances is 400.
[    0.161663] Timer migration: 2 hierarchy levels; 8 children per group; 2 crossnode level
[    0.165707] smp: Bringing up secondary CPUs ...
[    0.166126] smpboot: x86: Booting SMP configuration:
[    0.166739] .... node  #0, CPUs:        #1  #2  #3  #4  #5  #6  #7  #8  #9 #10 #11 #12 #13 #14 #15 #16 #17 #18 #19 #20 #21 #22 #23 #24 #25 #26 #27 #28 #29 #30 #31
[    0.193047] smp: Brought up 1 node, 32 CPUs
[    0.194468] smpboot: Total of 32 processors activated (287459.84 BogoMIPS)
[    0.199124] Memory: 763628K/1048056K available (44508K kernel code, 11530K rwdata, 10200K rodata, 6120K init, 1468K bss, 268396K reserved, 0K cma-reserved)
[    0.200071] devtmpfs: initialized
[    0.200967] x86/mm: Memory block size: 128MB
[    0.207379] clocksource: jiffies: mask: 0xffffffff max_cycles: 0xffffffff, max_idle_ns: 1911260446275000 ns
[    0.207950] posixtimers hash table entries: 16384 (order: 6, 262144 bytes, linear)
[    0.208910] futex hash table entries: 8192 (order: 7, 524288 bytes, linear)
[    0.209310] PM: RTC time: 21:26:43, date: 2025-03-29
[    0.210752] NET: Registered PF_NETLINK/PF_ROUTE protocol family
[    0.211759] thermal_sys: Registered thermal governor 'step_wise'
[    0.211788] cpuidle: using governor menu
[    0.214072] PCI: Using configuration type 1 for base access
[    0.214771] PCI: Using configuration type 1 for extended access
[    0.215082] kprobes: kprobe jump-optimization is enabled. All kprobes are optimized if possible.
[    0.228206] HugeTLB: registered 1.00 GiB page size, pre-allocated 0 pages
[    0.228947] HugeTLB: 16380 KiB vmemmap can be freed for a 1.00 GiB page
[    0.229754] HugeTLB: registered 2.00 MiB page size, pre-allocated 0 pages
[    0.230946] HugeTLB: 28 KiB vmemmap can be freed for a 2.00 MiB page
[    0.232285] ACPI: Added _OSI(Module Device)
[    0.232947] ACPI: Added _OSI(Processor Device)
[    0.233486] ACPI: Added _OSI(3.0 _SCP Extensions)
[    0.233947] ACPI: Added _OSI(Processor Aggregator Device)
[    0.256558] ACPI: 1 ACPI AML tables successfully acquired and loaded
[    0.260715] ACPI: Interpreter enabled
[    0.262004] ACPI: PM: (supports S0 S3 S4 S5)
[    0.262523] ACPI: Using IOAPIC for interrupt routing
[    0.262994] PCI: Using host bridge windows from ACPI; if necessary, use "pci=nocrs" and report a bug
[    0.263946] PCI: Using E820 reservations for host bridge windows
[    0.265686] ACPI: Enabled 2 GPEs in block 00 to 0F
[    0.310441] ACPI: PCI Root Bridge [PCI0] (domain 0000 [bus 00-ff])
[    0.310960] acpi PNP0A03:00: _OSC: OS supports [ExtendedConfig ASPM ClockPM Segments MSI HPX-Type3]
[    0.313419] PCI host bridge to bus 0000:00
[    0.313975] pci_bus 0000:00: root bus resource [io  0x0000-0x0cf7 window]
[    0.314804] pci_bus 0000:00: root bus resource [io  0x0d00-0xffff window]
[    0.314949] pci_bus 0000:00: root bus resource [mem 0x000a0000-0x000bffff window]
[    0.315865] pci_bus 0000:00: root bus resource [mem 0x40000000-0xfebfffff window]
[    0.316949] pci_bus 0000:00: root bus resource [mem 0x100000000-0x17fffffff window]
[    0.317883] pci_bus 0000:00: root bus resource [bus 00-ff]
[    0.319039] pci 0000:00:00.0: [8086:1237] type 00 class 0x060000 conventional PCI endpoint
[    0.320791] pci 0000:00:01.0: [8086:7000] type 00 class 0x060100 conventional PCI endpoint
[    0.322769] pci 0000:00:01.1: [8086:7010] type 00 class 0x010180 conventional PCI endpoint
[    0.324385] pci 0000:00:01.1: BAR 4 [io  0xc0c0-0xc0cf]
[    0.324965] pci 0000:00:01.1: BAR 0 [io  0x01f0-0x01f7]: legacy IDE quirk
[    0.325788] pci 0000:00:01.1: BAR 1 [io  0x03f6]: legacy IDE quirk
[    0.325947] pci 0000:00:01.1: BAR 2 [io  0x0170-0x0177]: legacy IDE quirk
[    0.326774] pci 0000:00:01.1: BAR 3 [io  0x0376]: legacy IDE quirk
[    0.328586] pci 0000:00:01.3: [8086:7113] type 00 class 0x068000 conventional PCI endpoint
[    0.329162] pci 0000:00:01.3: quirk: [io  0x0600-0x063f] claimed by PIIX4 ACPI
[    0.330951] pci 0000:00:01.3: quirk: [io  0x0700-0x070f] claimed by PIIX4 SMB
[    0.332521] pci 0000:00:02.0: [1af4:1009] type 00 class 0x000200 conventional PCI endpoint
[    0.333951] pci 0000:00:02.0: BAR 0 [io  0xc000-0xc03f]
[    0.334597] pci 0000:00:02.0: BAR 1 [mem 0xfebfc000-0xfebfcfff]
[    0.335961] pci 0000:00:02.0: BAR 4 [mem 0xfebf0000-0xfebf3fff 64bit pref]
[    0.346575] pci 0000:00:03.0: [1af4:1009] type 00 class 0x000200 conventional PCI endpoint
[    0.349490] pci 0000:00:03.0: BAR 0 [io  0xc040-0xc07f]
[    0.349951] pci 0000:00:03.0: BAR 1 [mem 0xfebfd000-0xfebfdfff]
[    0.350686] pci 0000:00:03.0: BAR 4 [mem 0xfebf4000-0xfebf7fff 64bit pref]
[    0.361649] pci 0000:00:04.0: [8086:25ab] type 00 class 0x088000 conventional PCI endpoint
[    0.363199] pci 0000:00:04.0: BAR 0 [mem 0xfebfe000-0xfebfe00f]
[    0.374492] pci 0000:00:05.0: [1af4:1003] type 00 class 0x078000 conventional PCI endpoint
[    0.376413] pci 0000:00:05.0: BAR 0 [io  0xc080-0xc0bf]
[    0.376951] pci 0000:00:05.0: BAR 1 [mem 0xfebff000-0xfebfffff]
[    0.377683] pci 0000:00:05.0: BAR 4 [mem 0xfebf8000-0xfebfbfff 64bit pref]
[    0.390870] ACPI: PCI: Interrupt link LNKA configured for IRQ 10
[    0.392836] ACPI: PCI: Interrupt link LNKB configured for IRQ 10
[    0.394816] ACPI: PCI: Interrupt link LNKC configured for IRQ 11
[    0.395818] ACPI: PCI: Interrupt link LNKD configured for IRQ 11
[    0.397307] ACPI: PCI: Interrupt link LNKS configured for IRQ 9
[    0.415217] iommu: Default domain type: Translated
[    0.415814] iommu: DMA domain TLB invalidation policy: lazy mode
[    0.417390] SCSI subsystem initialized
[    0.418159] pps_core: LinuxPPS API ver. 1 registered
[    0.418763] pps_core: Software ver. 5.3.6 - Copyright 2005-2007 Rodolfo Giometti <giometti@linux.it>
[    0.418961] PTP clock support registered
[    0.420069] Advanced Linux Sound Architecture Driver Initialized.
[    0.422020] NET: Registered PF_ATMPVC protocol family
[    0.422641] NET: Registered PF_ATMSVC protocol family
[    0.422985] PCI: Using ACPI for IRQ routing
[    0.423983] vgaarb: loaded
[    0.425063] hpet0: at MMIO 0xfed00000, IRQs 2, 8, 0
[    0.425662] hpet0: 3 comparators, 64-bit 100.000000 MHz counter
[    0.430147] clocksource: Switched to clocksource kvm-clock
[    0.431229] VFS: Disk quotas dquot_6.6.0
[    0.431734] VFS: Dquot-cache hash table entries: 512 (order 0, 4096 bytes)
[    0.434265] pnp: PnP ACPI init
[    0.437033] pnp: PnP ACPI: found 5 devices
[    0.449118] clocksource: acpi_pm: mask: 0xffffff max_cycles: 0xffffff, max_idle_ns: 2085701024 ns
[    0.450284] NET: Registered PF_INET protocol family
[    0.451025] IP idents hash table entries: 16384 (order: 5, 131072 bytes, linear)
[    0.452343] tcp_listen_portaddr_hash hash table entries: 512 (order: 1, 8192 bytes, linear)
[    0.453391] Table-perturb hash table entries: 65536 (order: 6, 262144 bytes, linear)
[    0.454375] TCP established hash table entries: 8192 (order: 4, 65536 bytes, linear)
[    0.455349] TCP bind hash table entries: 8192 (order: 6, 262144 bytes, linear)
[    0.456256] TCP: Hash tables configured (established 8192 bind 8192)
[    0.457203] UDP hash table entries: 512 (order: 3, 32768 bytes, linear)
[    0.458034] UDP-Lite hash table entries: 512 (order: 3, 32768 bytes, linear)
[    0.459119] NET: Registered PF_UNIX/PF_LOCAL protocol family
[    0.459847] pci_bus 0000:00: resource 4 [io  0x0000-0x0cf7 window]
[    0.460611] pci_bus 0000:00: resource 5 [io  0x0d00-0xffff window]
[    0.461381] pci_bus 0000:00: resource 6 [mem 0x000a0000-0x000bffff window]
[    0.462236] pci_bus 0000:00: resource 7 [mem 0x40000000-0xfebfffff window]
[    0.463094] pci_bus 0000:00: resource 8 [mem 0x100000000-0x17fffffff window]
[    0.464164] pci 0000:00:01.0: PIIX3: Enabling Passive Release
[    0.464884] pci 0000:00:00.0: Limiting direct PCI/PCI transfers
[    0.465660] PCI: CLS 0 bytes, default 64
[    0.466258] kvm_intel: VMX not supported by CPU 0
[    0.466996] kvm_amd: TSC scaling supported
[    0.467507] kvm_amd: Nested Virtualization enabled
[    0.468107] kvm_amd: Nested Paging enabled
[    0.468614] kvm_amd: LBR virtualization supported
[    0.469212] kvm_amd: Virtual GIF supported
[    0.469723] kvm_amd: Virtual NMI enabled
[    0.502018] clocksource: tsc: mask: 0xffffffffffffffff max_cycles: 0x40be4320a4d, max_idle_ns: 440795288133 ns
[    0.521035] Initialise system trusted keyrings
[    0.521887] workingset: timestamp_bits=56 max_order=18 bucket_order=0
[    0.522814] squashfs: version 4.0 (2009/01/31) Phillip Lougher
[    0.523568] fuse: init (API version 7.42)
[    0.524211] 9p: Installing v9fs 9p2000 file system support
[    0.534157] Key type asymmetric registered
[    0.534683] Asymmetric key parser 'x509' registered
[    0.535359] Block layer SCSI generic (bsg) driver version 0.4 loaded (major 249)
[    0.536325] io scheduler mq-deadline registered
[    0.536903] io scheduler kyber registered
[    0.539628] input: Power Button as /devices/LNXSYSTM:00/LNXPWRBN:00/input/input0
[    0.540760] ACPI: button: Power Button [PWRF]
[    0.542646] Warning: Processor Platform Limit event detected, but not handled.
[    0.543575] Consider compiling CPUfreq support into your kernel.
[    1.353873] ACPI: \_SB_.LNKB: Enabled at IRQ 10
[    2.147572] ACPI: \_SB_.LNKC: Enabled at IRQ 11
[    2.944789] ACPI: \_SB_.LNKA: Enabled at IRQ 10
[    2.946209] Serial: 8250/16550 driver, 4 ports, IRQ sharing enabled
[    2.947323] 00:03: ttyS0 at I/O 0x3f8 (irq = 4, base_baud = 115200) is a 16550A
[    2.969564] Non-volatile memory driver v1.3
[    2.970112] Linux agpgart interface v0.103
[    2.970784] ACPI: bus type drm_connector registered
[    2.971415] printk: legacy console [hvc0] enabled
[    2.972014] printk: legacy bootconsole [earlyser0] disabled
          _      _                                    
   __   _(_)_ __| |_ _ __ ___   ___       _ __   __ _ 
   \ \ / / |  __| __|  _   _ \ / _ \_____|  _ \ / _  |
    \ V /| | |  | |_| | | | | |  __/_____| | | | (_| |
     \_/ |_|_|   \__|_| |_| |_|\___|     |_| |_|\__  |
                                                |___/ 
   kernel version: 6.14.0-virtme x86_64
   (CTRL+d to exit)

root@virtme-ng:/nipa-data/kernel# PS1='xx__-> '
xx__-> env
PWD=/nipa-data/kernel
nr_open=1048576
HOME=/
TERM=xterm
SHLVL=2
XDG_RUNTIME_DIR=/run/user/0
PATH=/bin:/sbin:/usr/bin:/usr/sbin:/usr/local/bin
OLDPWD=/
_=/bin/env
xx__-> 