No EFI environment detected.
early console in extract_kernel
input_data: 0x00000000029b42c4
input_len: 0x0000000000bd73e0
output: 0x0000000001000000
output_len: 0x0000000002545a00
kernel_total_size: 0x0000000002430000
needed_size: 0x0000000002600000
trampoline_32bit: 0x0000000000000000
Physical KASLR using RDRAND RDTSC...
Virtual KASLR using RDRAND RDTSC...

Decompressing Linux... Parsing ELF... Performing relocations... done.
Booting the kernel (entry_offset: 0x0000000000fd4578).
[    0.000000] Linux version 6.15.0-virtme (root@5081bd8c9f90) (gcc (Ubuntu 13.3.0-6ubuntu2~24.04) 13.3.0, GNU ld (GNU Binutils for Ubuntu) 2.42) #1 SMP PREEMPT_DYNAMIC Mon Jun  9 00:06:10 UTC 2025
[    0.000000] Command line: virtme_hostname=virtme-ng nr_open=1048576 virtme_link_mods=/nipa-data/kernel/.virtme_mods/lib/modules/0.0.0 virtme_initmount0=nipa-data/kernel virtme_rw_overlay0=/etc virtme_rw_overlay1=/lib virtme_rw_overlay2=/home virtme_rw_overlay3=/opt virtme_rw_overlay4=/srv virtme_rw_overlay5=/usr virtme_rw_overlay6=/var console=hvc0 earlyprintk=serial,ttyS0,115200 virtme_console=ttyS0 psmouse.proto=exps TERM=xterm virtme_chdir=nipa-data/kernel virtme_root_user=1 rootfstype=9p rootflags=version=9p2000.L,trans=virtio,access=any raid=noautodetect ro init=/usr/lib/python3/dist-packages/virtme/guest/virtme-init
[    0.000000] BIOS-provided physical RAM map:
[    0.000000] BIOS-e820: [mem 0x0000000000000000-0x000000000009fbff] usable
[    0.000000] BIOS-e820: [mem 0x000000000009fc00-0x000000000009ffff] reserved
[    0.000000] BIOS-e820: [mem 0x00000000000f0000-0x00000000000fffff] reserved
[    0.000000] BIOS-e820: [mem 0x0000000000100000-0x000000003ffdffff] usable
[    0.000000] BIOS-e820: [mem 0x000000003ffe0000-0x000000003fffffff] reserved
[    0.000000] BIOS-e820: [mem 0x00000000feffc000-0x00000000feffffff] reserved
[    0.000000] BIOS-e820: [mem 0x00000000fffc0000-0x00000000ffffffff] reserved
[    0.000000] BIOS-e820: [mem 0x000000fd00000000-0x000000ffffffffff] reserved
[    0.000000] printk: legacy bootconsole [earlyser0] enabled
[    0.000000] NX (Execute Disable) protection: active
[    0.000000] APIC: Static calls initialized
[    0.000000] SMBIOS 3.0.0 present.
[    0.000000] DMI: QEMU Ubuntu 24.04 PC (i440FX + PIIX, 1996), BIOS 1.16.3-debian-1.16.3-2 04/01/2014
[    0.000000] DMI: Memory slots populated: 1/1
[    0.000000] Hypervisor detected: KVM
[    0.000000] kvm-clock: Using msrs 4b564d01 and 4b564d00
[    0.000000] kvm-clock: using sched offset of 225818436 cycles
[    0.000367] clocksource: kvm-clock: mask: 0xffffffffffffffff max_cycles: 0x1cd42e4dffb, max_idle_ns: 881590591483 ns
[    0.001511] tsc: Detected 4491.564 MHz processor
[    0.002087] last_pfn = 0x3ffe0 max_arch_pfn = 0x400000000
[    0.002490] MTRR map: 4 entries (3 fixed + 1 variable; max 19), built from 8 variable MTRRs
[    0.003076] x86/PAT: Configuration [0-7]: WB  WC  UC- UC  WB  WP  UC- WT  
Memory KASLR using RDRAND RDTSC...
[    0.005044] found SMP MP-table at [mem 0x000f5470-0x000f547f]
[    0.005457] Using GB pages for direct mapping
[    0.005795] ACPI: Early table checksum verification disabled
[    0.006192] ACPI: RSDP 0x00000000000F5290 000014 (v00 BOCHS )
[    0.006595] ACPI: RSDT 0x000000003FFE27BC 000034 (v01 BOCHS  BXPC     00000001 BXPC 00000001)
[    0.007194] ACPI: FACP 0x000000003FFE2578 000074 (v01 BOCHS  BXPC     00000001 BXPC 00000001)
[    0.007791] ACPI: DSDT 0x000000003FFE0040 002538 (v01 BOCHS  BXPC     00000001 BXPC 00000001)
[    0.008388] ACPI: FACS 0x000000003FFE0000 000040
[    0.008711] ACPI: APIC 0x000000003FFE25EC 000170 (v03 BOCHS  BXPC     00000001 BXPC 00000001)
[    0.009309] ACPI: HPET 0x000000003FFE275C 000038 (v01 BOCHS  BXPC     00000001 BXPC 00000001)
[    0.009904] ACPI: WAET 0x000000003FFE2794 000028 (v01 BOCHS  BXPC     00000001 BXPC 00000001)
[    0.010499] ACPI: Reserving FACP table memory at [mem 0x3ffe2578-0x3ffe25eb]
[    0.010992] ACPI: Reserving DSDT table memory at [mem 0x3ffe0040-0x3ffe2577]
[    0.011484] ACPI: Reserving FACS table memory at [mem 0x3ffe0000-0x3ffe003f]
[    0.011976] ACPI: Reserving APIC table memory at [mem 0x3ffe25ec-0x3ffe275b]
[    0.012469] ACPI: Reserving HPET table memory at [mem 0x3ffe275c-0x3ffe2793]
[    0.012961] ACPI: Reserving WAET table memory at [mem 0x3ffe2794-0x3ffe27bb]
[    0.013593] No NUMA configuration found
[    0.013861] Faking a node at [mem 0x0000000000000000-0x000000003ffdffff]
[    0.014331] NODE_DATA(0) allocated [mem 0x3ffdb740-0x3ffdffff]
[    0.014749] Zone ranges:
[    0.014926]   DMA      [mem 0x0000000000001000-0x0000000000ffffff]
[    0.015359]   DMA32    [mem 0x0000000001000000-0x000000003ffdffff]
[    0.015791]   Normal   empty
[    0.015992]   Device   empty
[    0.016193] Movable zone start for each node
[    0.016491] Early memory node ranges
[    0.016740]   node   0: [mem 0x0000000000001000-0x000000000009efff]
[    0.017179]   node   0: [mem 0x0000000000100000-0x000000003ffdffff]
[    0.017618] Initmem setup node 0 [mem 0x0000000000001000-0x000000003ffdffff]
[    0.018112] On node 0, zone DMA: 1 pages in unavailable ranges
[    0.018528] On node 0, zone DMA: 97 pages in unavailable ranges
[    0.019887] On node 0, zone DMA32: 32 pages in unavailable ranges
[    0.020509] ACPI: PM-Timer IO Port: 0x608
[    0.020796] ACPI: LAPIC_NMI (acpi_id[0xff] dfl dfl lint[0x1])
[    0.021212] IOAPIC[0]: apic_id 0, version 17, address 0xfec00000, GSI 0-23
[    0.021697] ACPI: INT_SRC_OVR (bus 0 bus_irq 0 global_irq 2 dfl dfl)
[    0.022142] ACPI: INT_SRC_OVR (bus 0 bus_irq 5 global_irq 5 high level)
[    0.022604] ACPI: INT_SRC_OVR (bus 0 bus_irq 9 global_irq 9 high level)
[    0.023066] ACPI: INT_SRC_OVR (bus 0 bus_irq 10 global_irq 10 high level)
[    0.023540] ACPI: INT_SRC_OVR (bus 0 bus_irq 11 global_irq 11 high level)
[    0.024017] ACPI: Using ACPI (MADT) for SMP configuration information
[    0.024470] ACPI: HPET id: 0x8086a201 base: 0xfed00000
[    0.024831] TSC deadline timer available
[    0.025108] CPU topo: Max. logical packages:   1
[    0.025433] CPU topo: Max. logical dies:       1
[    0.025756] CPU topo: Max. dies per package:   1
[    0.026081] CPU topo: Max. threads per core:   1
[    0.026404] CPU topo: Num. cores per package:    32
[    0.026745] CPU topo: Num. threads per package:  32
[    0.027086] CPU topo: Allowing 32 present CPUs plus 0 hotplug CPUs
[    0.027525] kvm-guest: APIC: eoi() replaced with kvm_guest_apic_eoi_write()
[    0.028019] kvm-guest: KVM setup pv remote TLB flush
[    0.028368] kvm-guest: setup PV sched yield
[    0.028664] PM: hibernation: Registered nosave memory: [mem 0x00000000-0x00000fff]
[    0.029195] PM: hibernation: Registered nosave memory: [mem 0x0009f000-0x000fffff]
[    0.029729] [mem 0x40000000-0xfeffbfff] available for PCI devices
[    0.030154] Booting paravirtualized kernel on KVM
[    0.030482] clocksource: refined-jiffies: mask: 0xffffffff max_cycles: 0xffffffff, max_idle_ns: 1910969940391419 ns
[    0.033978] setup_percpu: NR_CPUS:64 nr_cpumask_bits:32 nr_cpu_ids:32 nr_node_ids:1
[    0.035108] percpu: Embedded 53 pages/cpu s179544 r8192 d29352 u262144
[    0.035597] Kernel command line: virtme_hostname=virtme-ng nr_open=1048576 virtme_link_mods=/nipa-data/kernel/.virtme_mods/lib/modules/0.0.0 virtme_initmount0=nipa-data/kernel virtme_rw_overlay0=/etc virtme_rw_overlay1=/lib virtme_rw_overlay2=/home virtme_rw_overlay3=/opt virtme_rw_overlay4=/srv virtme_rw_overlay5=/usr virtme_rw_overlay6=/var console=hvc0 earlyprintk=serial,ttyS0,115200 virtme_console=ttyS0 psmouse.proto=exps TERM=xterm virtme_chdir=nipa-data/kernel virtme_root_user=1 rootfstype=9p rootflags=version=9p2000.L,trans=virtio,access=any raid=noautodetect ro init=/usr/lib/python3/dist-packages/virtme/guest/virtme-init
[    0.039665] Unknown kernel command line parameters "virtme_hostname=virtme-ng nr_open=1048576 virtme_link_mods=/nipa-data/kernel/.virtme_mods/lib/modules/0.0.0 virtme_initmount0=nipa-data/kernel virtme_rw_overlay0=/etc virtme_rw_overlay1=/lib virtme_rw_overlay2=/home virtme_rw_overlay3=/opt virtme_rw_overlay4=/srv virtme_rw_overlay5=/usr virtme_rw_overlay6=/var virtme_console=ttyS0 virtme_chdir=nipa-data/kernel virtme_root_user=1", will be passed to user space.
[    0.042786] random: crng init done
[    0.043030] printk: log buffer data + meta data: 262144 + 917504 = 1179648 bytes
[    0.043587] Dentry cache hash table entries: 131072 (order: 8, 1048576 bytes, linear)
[    0.044168] Inode-cache hash table entries: 65536 (order: 7, 524288 bytes, linear)
[    0.044804] Fallback order for Node 0: 0 
[    0.044806] Built 1 zonelists, mobility grouping on.  Total pages: 262014
[    0.045585] Policy zone: DMA32
[    0.045804] mem auto-init: stack:all(zero), heap alloc:off, heap free:off
[    0.046769] SLUB: HWalign=64, Order=0-3, MinObjects=0, CPUs=32, Nodes=1
Poking KASLR using RDRAND RDTSC...
[    0.054179] ftrace: allocating 49278 entries in 194 pages
[    0.054571] ftrace: allocated 194 pages with 3 groups
[    0.055543] Dynamic Preempt: voluntary
[    0.055933] rcu: Preemptible hierarchical RCU implementation.
[    0.056346] rcu: RCU event tracing is enabled.
[    0.056670] rcu: RCU restricting CPUs from NR_CPUS=64 to nr_cpu_ids=32.
[    0.057150] Trampoline variant of Tasks RCU enabled.
[    0.057517] Rude variant of Tasks RCU enabled.
[    0.057841] Tracing variant of Tasks RCU enabled.
[    0.058183] rcu: RCU calculated value of scheduler-enlistment delay is 100 jiffies.
[    0.058730] rcu: Adjusting geometry for rcu_fanout_leaf=16, nr_cpu_ids=32
[    0.059221] RCU Tasks: Setting shift to 5 and lim to 1 rcu_task_cb_adjust=1 rcu_task_cpu_ids=32.
[    0.059850] RCU Tasks Rude: Setting shift to 5 and lim to 1 rcu_task_cb_adjust=1 rcu_task_cpu_ids=32.
[    0.060510] RCU Tasks Trace: Setting shift to 5 and lim to 1 rcu_task_cb_adjust=1 rcu_task_cpu_ids=32.
[    0.062893] NR_IRQS: 4352, nr_irqs: 680, preallocated irqs: 16
[    0.063476] rcu: srcu_init: Setting srcu_struct sizes based on contention.
[    0.064109] Console: colour *CGA 80x25
[    0.064383] ACPI: Core revision 20250404
[    0.064731] clocksource: hpet: mask: 0xffffffff max_cycles: 0xffffffff, max_idle_ns: 19112604467 ns
[    0.065445] APIC: Switch to symmetric I/O mode setup
[    0.065940] x2apic enabled
[    0.066302] APIC: Switched APIC routing to: physical x2apic
[    0.066704] kvm-guest: APIC: send_IPI_mask() replaced with kvm_send_ipi_mask()
[    0.067216] kvm-guest: APIC: send_IPI_mask_allbutself() replaced with kvm_send_ipi_mask_allbutself()
[    0.067846] kvm-guest: setup PV IPIs
[    0.068815] ..TIMER: vector=0x30 apic1=0 pin1=2 apic2=-1 pin2=-1
[    0.069594] clocksource: tsc-early: mask: 0xffffffffffffffff max_cycles: 0x40be463295d, max_idle_ns: 440795209293 ns
[    0.070920] Calibrating delay loop (skipped) preset value.. 8983.12 BogoMIPS (lpj=4491564)
[    0.071980] x86/cpu: User Mode Instruction Prevention (UMIP) activated
[    0.072966] Last level iTLB entries: 4KB 512, 2MB 255, 4MB 127
[    0.073918] Last level dTLB entries: 4KB 512, 2MB 255, 4MB 127, 1GB 0
[    0.074918] Speculative Store Bypass: Mitigation: Speculative Store Bypass disabled via prctl
[    0.075919] Speculative Return Stack Overflow: IBPB-extending microcode not applied!
[    0.076918] Speculative Return Stack Overflow: WARNING: See https://kernel.org/doc/html/latest/admin-guide/hw-vuln/srso.html for mitigation options.
[    0.076919] Spectre V2 : Mitigation: Enhanced / Automatic IBRS
[    0.078919] Speculative Return Stack Overflow: Vulnerable: Safe RET, no microcode
[    0.079919] Spectre V1 : Mitigation: usercopy/swapgs barriers and __user pointer sanitization
[    0.080921] Spectre V2 : mitigation: Enabling conditional Indirect Branch Prediction Barrier
[    0.081934] x86/fpu: Supporting XSAVE feature 0x001: 'x87 floating point registers'
[    0.082918] x86/fpu: Supporting XSAVE feature 0x002: 'SSE registers'
[    0.083918] x86/fpu: Supporting XSAVE feature 0x004: 'AVX registers'
[    0.084918] x86/fpu: Supporting XSAVE feature 0x020: 'AVX-512 opmask'
[    0.085706] x86/fpu: Supporting XSAVE feature 0x040: 'AVX-512 Hi256'
[    0.085918] x86/fpu: Supporting XSAVE feature 0x080: 'AVX-512 ZMM_Hi256'
[    0.086918] x86/fpu: Supporting XSAVE feature 0x200: 'Protection Keys User registers'
[    0.087919] x86/fpu: xstate_offset[2]:  576, xstate_sizes[2]:  256
[    0.088918] x86/fpu: xstate_offset[5]:  832, xstate_sizes[5]:   64
[    0.089673] x86/fpu: xstate_offset[6]:  896, xstate_sizes[6]:  512
[    0.089918] x86/fpu: xstate_offset[7]: 1408, xstate_sizes[7]: 1024
[    0.090918] x86/fpu: xstate_offset[9]: 2432, xstate_sizes[9]:    8
[    0.091918] x86/fpu: Enabled xstate features 0x2e7, context size is 2440 bytes, using 'compacted' format.
[    0.108112] Freeing SMP alternatives memory: 44K
[    0.108678] pid_max: default: 32768 minimum: 301
[    0.108938] Mount-cache hash table entries: 2048 (order: 2, 16384 bytes, linear)
[    0.109919] Mountpoint-cache hash table entries: 2048 (order: 2, 16384 bytes, linear)
[    0.111063] smpboot: CPU0: AMD Ryzen 9 7950X 16-Core Processor (family: 0x19, model: 0x61, stepping: 0x2)
[    0.112018] Performance Events: Fam17h+ core perfctr, AMD PMU driver.
[    0.112820] ... version:                0
[    0.112920] ... bit width:              48
[    0.113417] ... generic registers:      6
[    0.113904] ... value mask:             0000ffffffffffff
[    0.113920] ... max period:             00007fffffffffff
[    0.114565] ... fixed-purpose events:   0
[    0.114920] ... event mask:             000000000000003f
[    0.115653] signal: max sigframe size: 3376
[    0.115935] rcu: Hierarchical SRCU implementation.
[    0.116517] rcu: Max phase no-delay instances is 400.
[    0.116944] Timer migration: 2 hierarchy levels; 8 children per group; 2 crossnode level
[    0.120090] smp: Bringing up secondary CPUs ...
[    0.120694] smpboot: x86: Booting SMP configuration:
[    0.120922] .... node  #0, CPUs:        #1  #2  #3  #4  #5  #6  #7  #8  #9 #10 #11 #12 #13 #14 #15 #16 #17 #18 #19 #20 #21 #22 #23 #24 #25 #26 #27 #28 #29 #30 #31
[    0.132014] smp: Brought up 1 node, 32 CPUs
[    0.133438] smpboot: Total of 32 processors activated (287460.09 BogoMIPS)
[    0.135028] Memory: 970992K/1048056K available (16210K kernel code, 2489K rwdata, 6512K rodata, 3216K init, 1608K bss, 62540K reserved, 0K cma-reserved)
[    0.136023] devtmpfs: initialized
[    0.136363] x86/mm: Memory block size: 128MB
[    0.137622] clocksource: jiffies: mask: 0xffffffff max_cycles: 0xffffffff, max_idle_ns: 1911260446275000 ns
[    0.137922] posixtimers hash table entries: 16384 (order: 6, 262144 bytes, linear)
[    0.138967] futex hash table entries: 8192 (524288 bytes on 1 NUMA nodes, total 512 KiB, linear).
[    0.139998] PM: RTC time: 00:06:27, date: 2025-06-09
[    0.140943] NET: Registered PF_NETLINK/PF_ROUTE protocol family
[    0.141813] thermal_sys: Registered thermal governor 'step_wise'
[    0.141822] cpuidle: using governor menu
[    0.143110] PCI: Using configuration type 1 for base access
[    0.143802] PCI: Using configuration type 1 for extended access
[    0.143988] kprobes: kprobe jump-optimization is enabled. All kprobes are optimized if possible.
[    0.151097] HugeTLB: allocation took 0ms with hugepage_allocation_threads=8
[    0.151947] HugeTLB: registered 1.00 GiB page size, pre-allocated 0 pages
[    0.152780] HugeTLB: 16380 KiB vmemmap can be freed for a 1.00 GiB page
[    0.153921] HugeTLB: registered 2.00 MiB page size, pre-allocated 0 pages
[    0.154749] HugeTLB: 28 KiB vmemmap can be freed for a 2.00 MiB page
[    0.158923] ACPI: Added _OSI(Module Device)
[    0.159921] ACPI: Added _OSI(Processor Device)
[    0.160471] ACPI: Added _OSI(Processor Aggregator Device)
[    0.161576] ACPI: 1 ACPI AML tables successfully acquired and loaded
[    0.163374] ACPI: Interpreter enabled
[    0.163929] ACPI: PM: (supports S0 S3 S4 S5)
[    0.164455] ACPI: Using IOAPIC for interrupt routing
[    0.164927] PCI: Using host bridge windows from ACPI; if necessary, use "pci=nocrs" and report a bug
[    0.165920] PCI: Using E820 reservations for host bridge windows
[    0.166733] ACPI: Enabled 2 GPEs in block 00 to 0F
[    0.169533] ACPI: PCI Root Bridge [PCI0] (domain 0000 [bus 00-ff])
[    0.170923] acpi PNP0A03:00: _OSC: OS supports [ExtendedConfig ASPM ClockPM Segments MSI HPX-Type3]
[    0.172006] PCI host bridge to bus 0000:00
[    0.172508] pci_bus 0000:00: root bus resource [io  0x0000-0x0cf7 window]
[    0.172920] pci_bus 0000:00: root bus resource [io  0x0d00-0xffff window]
[    0.173747] pci_bus 0000:00: root bus resource [mem 0x000a0000-0x000bffff window]
[    0.174921] pci_bus 0000:00: root bus resource [mem 0x40000000-0xfebfffff window]
[    0.175832] pci_bus 0000:00: root bus resource [mem 0x100000000-0x17fffffff window]
[    0.176921] pci_bus 0000:00: root bus resource [bus 00-ff]
[    0.177665] pci 0000:00:00.0: [8086:1237] type 00 class 0x060000 conventional PCI endpoint
[    0.179186] pci 0000:00:01.0: [8086:7000] type 00 class 0x060100 conventional PCI endpoint
[    0.180183] pci 0000:00:01.1: [8086:7010] type 00 class 0x010180 conventional PCI endpoint
[    0.181400] pci 0000:00:01.1: BAR 4 [io  0xc0c0-0xc0cf]
[    0.181938] pci 0000:00:01.1: BAR 0 [io  0x01f0-0x01f7]: legacy IDE quirk
[    0.182765] pci 0000:00:01.1: BAR 1 [io  0x03f6]: legacy IDE quirk
[    0.183920] pci 0000:00:01.1: BAR 2 [io  0x0170-0x0177]: legacy IDE quirk
[    0.184747] pci 0000:00:01.1: BAR 3 [io  0x0376]: legacy IDE quirk
[    0.185014] pci 0000:00:01.3: [8086:7113] type 00 class 0x068000 conventional PCI endpoint
[    0.187110] pci 0000:00:01.3: quirk: [io  0x0600-0x063f] claimed by PIIX4 ACPI
[    0.187924] pci 0000:00:01.3: quirk: [io  0x0700-0x070f] claimed by PIIX4 SMB
[    0.188954] pci 0000:00:02.0: [1af4:1009] type 00 class 0x000200 conventional PCI endpoint
[    0.190925] pci 0000:00:02.0: BAR 0 [io  0xc000-0xc03f]
[    0.191568] pci 0000:00:02.0: BAR 1 [mem 0xfebfc000-0xfebfcfff]
[    0.191934] pci 0000:00:02.0: BAR 4 [mem 0xfebf0000-0xfebf3fff 64bit pref]
[    0.193422] pci 0000:00:03.0: [1af4:1009] type 00 class 0x000200 conventional PCI endpoint
[    0.195373] pci 0000:00:03.0: BAR 0 [io  0xc040-0xc07f]
[    0.195925] pci 0000:00:03.0: BAR 1 [mem 0xfebfd000-0xfebfdfff]
[    0.196664] pci 0000:00:03.0: BAR 4 [mem 0xfebf4000-0xfebf7fff 64bit pref]
[    0.197430] pci 0000:00:04.0: [8086:25ab] type 00 class 0x088000 conventional PCI endpoint
[    0.199195] pci 0000:00:04.0: BAR 0 [mem 0xfebfe000-0xfebfe00f]
[    0.200305] pci 0000:00:05.0: [1af4:1003] type 00 class 0x078000 conventional PCI endpoint
[    0.201839] pci 0000:00:05.0: BAR 0 [io  0xc080-0xc0bf]
[    0.202924] pci 0000:00:05.0: BAR 1 [mem 0xfebff000-0xfebfffff]
[    0.203743] pci 0000:00:05.0: BAR 4 [mem 0xfebf8000-0xfebfbfff 64bit pref]
[    0.204629] ACPI: PCI: Interrupt link LNKA configured for IRQ 10
[    0.206024] ACPI: PCI: Interrupt link LNKB configured for IRQ 10
[    0.206850] ACPI: PCI: Interrupt link LNKC configured for IRQ 11
[    0.208012] ACPI: PCI: Interrupt link LNKD configured for IRQ 11
[    0.208813] ACPI: PCI: Interrupt link LNKS configured for IRQ 9
[    0.209738] iommu: Default domain type: Translated
[    0.210921] iommu: DMA domain TLB invalidation policy: lazy mode
[    0.212017] SCSI subsystem initialized
[    0.212951] pps_core: LinuxPPS API ver. 1 registered
[    0.212951] pps_core: Software ver. 5.3.6 - Copyright 2005-2007 Rodolfo Giometti <giometti@linux.it>
[    0.213922] PTP clock support registered
[    0.214939] Advanced Linux Sound Architecture Driver Initialized.
[    0.216173] NET: Registered PF_ATMPVC protocol family
[    0.216790] NET: Registered PF_ATMSVC protocol family
[    0.216926] PCI: Using ACPI for IRQ routing
[    0.217516] vgaarb: loaded
[    0.217954] hpet0: at MMIO 0xfed00000, IRQs 2, 8, 0
[    0.218920] hpet0: 3 comparators, 64-bit 100.000000 MHz counter
[    0.223920] clocksource: Switched to clocksource kvm-clock
[    0.223920] VFS: Disk quotas dquot_6.6.0
[    0.225219] VFS: Dquot-cache hash table entries: 512 (order 0, 4096 bytes)
[    0.226122] pnp: PnP ACPI init
[    0.226664] pnp: PnP ACPI: found 5 devices
[    0.232463] clocksource: acpi_pm: mask: 0xffffff max_cycles: 0xffffff, max_idle_ns: 2085701024 ns
[    0.233559] NET: Registered PF_INET protocol family
[    0.234168] IP idents hash table entries: 16384 (order: 5, 131072 bytes, linear)
[    0.235204] tcp_listen_portaddr_hash hash table entries: 512 (order: 1, 8192 bytes, linear)
[    0.236225] Table-perturb hash table entries: 65536 (order: 6, 262144 bytes, linear)
[    0.237175] TCP established hash table entries: 8192 (order: 4, 65536 bytes, linear)
[    0.238119] TCP bind hash table entries: 8192 (order: 6, 262144 bytes, linear)
[    0.239080] TCP: Hash tables configured (established 8192 bind 8192)
[    0.239866] UDP hash table entries: 512 (order: 3, 32768 bytes, linear)
[    0.240676] UDP-Lite hash table entries: 512 (order: 3, 32768 bytes, linear)
[    0.241551] NET: Registered PF_UNIX/PF_LOCAL protocol family
[    0.242230] pci_bus 0000:00: resource 4 [io  0x0000-0x0cf7 window]
[    0.242966] pci_bus 0000:00: resource 5 [io  0x0d00-0xffff window]
[    0.243696] pci_bus 0000:00: resource 6 [mem 0x000a0000-0x000bffff window]
[    0.244515] pci_bus 0000:00: resource 7 [mem 0x40000000-0xfebfffff window]
[    0.245333] pci_bus 0000:00: resource 8 [mem 0x100000000-0x17fffffff window]
[    0.246191] pci 0000:00:01.0: PIIX3: Enabling Passive Release
[    0.246875] pci 0000:00:00.0: Limiting direct PCI/PCI transfers
[    0.247610] PCI: CLS 0 bytes, default 64
[    0.248131] kvm_intel: VMX not supported by CPU 8
[    0.248699] kvm_amd: TSC scaling supported
[    0.249188] kvm_amd: Nested Virtualization enabled
[    0.249754] kvm_amd: Nested Paging enabled
[    0.250243] kvm_amd: LBR virtualization supported
[    0.250821] kvm_amd: Virtual GIF supported
[    0.251312] kvm_amd: Virtual NMI enabled
[    0.276554] clocksource: tsc: mask: 0xffffffffffffffff max_cycles: 0x40be463295d, max_idle_ns: 440795209293 ns
[    0.282655] Initialise system trusted keyrings
[    0.283267] workingset: timestamp_bits=56 max_order=18 bucket_order=0
[    0.284066] squashfs: version 4.0 (2009/01/31) Phillip Lougher
[    0.284778] fuse: init (API version 7.44)
[    0.285290] 9p: Installing v9fs 9p2000 file system support
[    0.292395] Key type asymmetric registered
[    0.292897] Asymmetric key parser 'x509' registered
[    0.293504] Block layer SCSI generic (bsg) driver version 0.4 loaded (major 249)
[    0.294423] io scheduler mq-deadline registered
[    0.294979] io scheduler kyber registered
[    0.296772] input: Power Button as /devices/LNXSYSTM:00/LNXPWRBN:00/input/input0
[    0.297744] ACPI: button: Power Button [PWRF]
[    0.298673] Warning: Processor Platform Limit event detected, but not handled.
[    0.299579] Consider compiling CPUfreq support into your kernel.
[    0.316343] ACPI: \_SB_.LNKB: Enabled at IRQ 10
[    0.331374] ACPI: \_SB_.LNKC: Enabled at IRQ 11
[    0.346332] ACPI: \_SB_.LNKA: Enabled at IRQ 10
[    0.347319] Serial: 8250/16550 driver, 4 ports, IRQ sharing enabled
[    0.348175] 00:03: ttyS0 at I/O 0x3f8 (irq = 4, base_baud = 115200) is a 16550A
[    0.366243] Non-volatile memory driver v1.3
[    0.366763] Linux agpgart interface v0.103
[    0.367321] ACPI: bus type drm_connector registered
[    0.368220] printk: legacy console [hvc0] enabled
[    0.368828] printk: legacy bootconsole [earlyser0] disabled
          _      _                                    
   __   _(_)_ __| |_ _ __ ___   ___       _ __   __ _ 
   \ \ / / |  __| __|  _   _ \ / _ \_____|  _ \ / _  |
    \ V /| | |  | |_| | | | | |  __/_____| | | | (_| |
     \_/ |_|_|   \__|_| |_| |_|\___|     |_| |_|\__  |
                                                |___/ 
   kernel version: 6.15.0-virtme x86_64
   (CTRL+d to exit)

root@virtme-ng:/nipa-data/kernel# PS1='xx__-> '
xx__-> env
PWD=/nipa-data/kernel
nr_open=1048576
HOME=/
TERM=xterm
SHLVL=2
XDG_RUNTIME_DIR=/run/user/0
PATH=/bin:/sbin:/usr/bin:/usr/sbin:/usr/local/bin
OLDPWD=/
_=/bin/env
xx__-> 