No EFI environment detected.
early console in extract_kernel
input_data: 0x0000000004ab52c4
input_len: 0x00000000018fc552
output: 0x0000000001000000
output_len: 0x000000000533d4d8
kernel_total_size: 0x0000000005030000
needed_size: 0x0000000005400000
trampoline_32bit: 0x0000000000000000
Physical KASLR using RDRAND RDTSC...
Virtual KASLR using RDRAND RDTSC...

Decompressing Linux... Parsing ELF... Performing relocations... done.
Booting the kernel (entry_offset: 0x0000000000000000).
[    0.000000] Linux version 6.13.0-rc3-virtme (root@d55b9aeb62a7) (gcc (Ubuntu 13.3.0-6ubuntu2~24.04) 13.3.0, GNU ld (GNU Binutils for Ubuntu) 2.42) #1 SMP PREEMPT_DYNAMIC Sun Dec 22 00:27:50 UTC 2024
[    0.000000] Command line: virtme_hostname=virtme-ng nr_open=1048576 virtme_link_mods=/nipa-data/kernel/.virtme_mods/lib/modules/0.0.0 virtme_initmount0=nipa-data/kernel virtme_rw_overlay0=/etc virtme_rw_overlay1=/lib virtme_rw_overlay2=/home virtme_rw_overlay3=/opt virtme_rw_overlay4=/srv virtme_rw_overlay5=/usr virtme_rw_overlay6=/var console=hvc0 earlyprintk=serial,ttyS0,115200 virtme_console=ttyS0 psmouse.proto=exps TERM=xterm virtme_chdir=nipa-data/kernel virtme_root_user=1 rootfstype=9p rootflags=version=9p2000.L,trans=virtio,access=any raid=noautodetect ro init=/usr/lib/python3/dist-packages/virtme/guest/virtme-init
[    0.000000] BIOS-provided physical RAM map:
[    0.000000] BIOS-e820: [mem 0x0000000000000000-0x000000000009fbff] usable
[    0.000000] BIOS-e820: [mem 0x000000000009fc00-0x000000000009ffff] reserved
[    0.000000] BIOS-e820: [mem 0x00000000000f0000-0x00000000000fffff] reserved
[    0.000000] BIOS-e820: [mem 0x0000000000100000-0x000000003ffdffff] usable
[    0.000000] BIOS-e820: [mem 0x000000003ffe0000-0x000000003fffffff] reserved
[    0.000000] BIOS-e820: [mem 0x00000000feffc000-0x00000000feffffff] reserved
[    0.000000] BIOS-e820: [mem 0x00000000fffc0000-0x00000000ffffffff] reserved
[    0.000000] BIOS-e820: [mem 0x000000fd00000000-0x000000ffffffffff] reserved
[    0.000000] printk: legacy bootconsole [earlyser0] enabled
[    0.000000] NX (Execute Disable) protection: active
[    0.000000] APIC: Static calls initialized
[    0.000000] SMBIOS 3.0.0 present.
[    0.000000] DMI: QEMU Ubuntu 24.04 PC (i440FX + PIIX, 1996), BIOS 1.16.3-debian-1.16.3-2 04/01/2014
[    0.000000] DMI: Memory slots populated: 1/1
[    0.000000] Hypervisor detected: KVM
[    0.000000] kvm-clock: Using msrs 4b564d01 and 4b564d00
[    0.000000] kvm-clock: using sched offset of 314147933 cycles
[    0.000371] clocksource: kvm-clock: mask: 0xffffffffffffffff max_cycles: 0x1cd42e4dffb, max_idle_ns: 881590591483 ns
[    0.001499] tsc: Detected 4491.556 MHz processor
[    0.002156] last_pfn = 0x3ffe0 max_arch_pfn = 0x400000000
[    0.002558] MTRR map: 4 entries (3 fixed + 1 variable; max 19), built from 8 variable MTRRs
[    0.003136] x86/PAT: Configuration [0-7]: WB  WC  UC- UC  WB  WP  UC- WT  
[    0.005028] found SMP MP-table at [mem 0x000f5470-0x000f547f]
[    0.005431] Using GB pages for direct mapping
[    0.005922] ACPI: Early table checksum verification disabled
[    0.006315] ACPI: RSDP 0x00000000000F5290 000014 (v00 BOCHS )
[    0.006715] ACPI: RSDT 0x000000003FFE27BC 000034 (v01 BOCHS  BXPC     00000001 BXPC 00000001)
[    0.007308] ACPI: FACP 0x000000003FFE2578 000074 (v01 BOCHS  BXPC     00000001 BXPC 00000001)
[    0.007901] ACPI: DSDT 0x000000003FFE0040 002538 (v01 BOCHS  BXPC     00000001 BXPC 00000001)
[    0.008495] ACPI: FACS 0x000000003FFE0000 000040
[    0.008816] ACPI: APIC 0x000000003FFE25EC 000170 (v03 BOCHS  BXPC     00000001 BXPC 00000001)
[    0.009407] ACPI: HPET 0x000000003FFE275C 000038 (v01 BOCHS  BXPC     00000001 BXPC 00000001)
[    0.009997] ACPI: WAET 0x000000003FFE2794 000028 (v01 BOCHS  BXPC     00000001 BXPC 00000001)
[    0.010588] ACPI: Reserving FACP table memory at [mem 0x3ffe2578-0x3ffe25eb]
[    0.011075] ACPI: Reserving DSDT table memory at [mem 0x3ffe0040-0x3ffe2577]
[    0.011563] ACPI: Reserving FACS table memory at [mem 0x3ffe0000-0x3ffe003f]
[    0.012051] ACPI: Reserving APIC table memory at [mem 0x3ffe25ec-0x3ffe275b]
[    0.012540] ACPI: Reserving HPET table memory at [mem 0x3ffe275c-0x3ffe2793]
[    0.013026] ACPI: Reserving WAET table memory at [mem 0x3ffe2794-0x3ffe27bb]
[    0.013699] No NUMA configuration found
[    0.013964] Faking a node at [mem 0x0000000000000000-0x000000003ffdffff]
[    0.014429] NODE_DATA(0) allocated [mem 0x3ffdb780-0x3ffdffff]
[    0.014848] Zone ranges:
[    0.015023]   DMA      [mem 0x0000000000001000-0x0000000000ffffff]
[    0.015451]   DMA32    [mem 0x0000000001000000-0x000000003ffdffff]
[    0.015880]   Normal   empty
[    0.016080]   Device   empty
[    0.016279] Movable zone start for each node
[    0.016585] Early memory node ranges
[    0.016832]   node   0: [mem 0x0000000000001000-0x000000000009efff]
[    0.017264]   node   0: [mem 0x0000000000100000-0x000000003ffdffff]
[    0.017697] Initmem setup node 0 [mem 0x0000000000001000-0x000000003ffdffff]
[    0.018188] On node 0, zone DMA: 1 pages in unavailable ranges
[    0.018643] On node 0, zone DMA: 97 pages in unavailable ranges
[    0.023084] On node 0, zone DMA32: 32 pages in unavailable ranges
[    0.032027] kasan: KernelAddressSanitizer initialized
[    0.032606] ACPI: PM-Timer IO Port: 0x608
[    0.032894] ACPI: LAPIC_NMI (acpi_id[0xff] dfl dfl lint[0x1])
[    0.033313] IOAPIC[0]: apic_id 0, version 17, address 0xfec00000, GSI 0-23
[    0.033789] ACPI: INT_SRC_OVR (bus 0 bus_irq 0 global_irq 2 dfl dfl)
[    0.034229] ACPI: INT_SRC_OVR (bus 0 bus_irq 5 global_irq 5 high level)
[    0.034685] ACPI: INT_SRC_OVR (bus 0 bus_irq 9 global_irq 9 high level)
[    0.035142] ACPI: INT_SRC_OVR (bus 0 bus_irq 10 global_irq 10 high level)
[    0.035611] ACPI: INT_SRC_OVR (bus 0 bus_irq 11 global_irq 11 high level)
[    0.036082] ACPI: Using ACPI (MADT) for SMP configuration information
[    0.036529] ACPI: HPET id: 0x8086a201 base: 0xfed00000
[    0.036886] TSC deadline timer available
[    0.037160] CPU topo: Max. logical packages:   1
[    0.037479] CPU topo: Max. logical dies:       1
[    0.037797] CPU topo: Max. dies per package:   1
[    0.038118] CPU topo: Max. threads per core:   1
[    0.038437] CPU topo: Num. cores per package:    32
[    0.038774] CPU topo: Num. threads per package:  32
[    0.039110] CPU topo: Allowing 32 present CPUs plus 0 hotplug CPUs
[    0.039551] kvm-guest: APIC: eoi() replaced with kvm_guest_apic_eoi_write()
[    0.040043] kvm-guest: KVM setup pv remote TLB flush
[    0.040390] kvm-guest: setup PV sched yield
[    0.040685] PM: hibernation: Registered nosave memory: [mem 0x00000000-0x00000fff]
[    0.041208] PM: hibernation: Registered nosave memory: [mem 0x0009f000-0x0009ffff]
[    0.041731] PM: hibernation: Registered nosave memory: [mem 0x000a0000-0x000effff]
[    0.042253] PM: hibernation: Registered nosave memory: [mem 0x000f0000-0x000fffff]
[    0.042777] [mem 0x40000000-0xfeffbfff] available for PCI devices
[    0.043198] Booting paravirtualized kernel on KVM
[    0.043524] clocksource: refined-jiffies: mask: 0xffffffff max_cycles: 0xffffffff, max_idle_ns: 1910969940391419 ns
[    0.052104] setup_percpu: NR_CPUS:64 nr_cpumask_bits:32 nr_cpu_ids:32 nr_node_ids:1
[    0.053896] percpu: Embedded 70 pages/cpu s247896 r8192 d30632 u524288
[    0.054415] Kernel command line: virtme_hostname=virtme-ng nr_open=1048576 virtme_link_mods=/nipa-data/kernel/.virtme_mods/lib/modules/0.0.0 virtme_initmount0=nipa-data/kernel virtme_rw_overlay0=/etc virtme_rw_overlay1=/lib virtme_rw_overlay2=/home virtme_rw_overlay3=/opt virtme_rw_overlay4=/srv virtme_rw_overlay5=/usr virtme_rw_overlay6=/var console=hvc0 earlyprintk=serial,ttyS0,115200 virtme_console=ttyS0 psmouse.proto=exps TERM=xterm virtme_chdir=nipa-data/kernel virtme_root_user=1 rootfstype=9p rootflags=version=9p2000.L,trans=virtio,access=any raid=noautodetect ro init=/usr/lib/python3/dist-packages/virtme/guest/virtme-init
[    0.058507] Unknown kernel command line parameters "virtme_hostname=virtme-ng nr_open=1048576 virtme_link_mods=/nipa-data/kernel/.virtme_mods/lib/modules/0.0.0 virtme_initmount0=nipa-data/kernel virtme_rw_overlay0=/etc virtme_rw_overlay1=/lib virtme_rw_overlay2=/home virtme_rw_overlay3=/opt virtme_rw_overlay4=/srv virtme_rw_overlay5=/usr virtme_rw_overlay6=/var virtme_console=ttyS0 virtme_chdir=nipa-data/kernel virtme_root_user=1", will be passed to user space.
[    0.061610] random: crng init done
[    0.061851] printk: log buffer data + meta data: 262144 + 917504 = 1179648 bytes
[    0.062397] Dentry cache hash table entries: 131072 (order: 8, 1048576 bytes, linear)
[    0.062964] Inode-cache hash table entries: 65536 (order: 7, 524288 bytes, linear)
[    0.063908] Fallback order for Node 0: 0 
[    0.063912] Built 1 zonelists, mobility grouping on.  Total pages: 262014
[    0.064687] Policy zone: DMA32
[    0.064906] mem auto-init: stack:all(zero), heap alloc:off, heap free:off
[    0.065390] stackdepot: allocating hash table via alloc_large_system_hash
[    0.065878] stackdepot hash table entries: 1048576 (order: 12, 16777216 bytes, linear)
[    0.073831] SLUB: HWalign=64, Order=0-3, MinObjects=0, CPUs=32, Nodes=1
Poking KASLR using RDRAND RDTSC...
[    0.074602] ftrace: allocating 48832 entries in 191 pages
[    0.091761] ftrace: allocated 191 pages with 7 groups
[    0.092947] Dynamic Preempt: voluntary
[    0.093654] rcu: Preemptible hierarchical RCU implementation.
[    0.094059] rcu: RCU event tracing is enabled.
[    0.094378] rcu: RCU restricting CPUs from NR_CPUS=64 to nr_cpu_ids=32.
[    0.094855] Trampoline variant of Tasks RCU enabled.
[    0.095212] Rude variant of Tasks RCU enabled.
[    0.095532] Tracing variant of Tasks RCU enabled.
[    0.095870] rcu: RCU calculated value of scheduler-enlistment delay is 100 jiffies.
[    0.096414] rcu: Adjusting geometry for rcu_fanout_leaf=16, nr_cpu_ids=32
[    0.096957] RCU Tasks: Setting shift to 5 and lim to 1 rcu_task_cb_adjust=1 rcu_task_cpu_ids=32.
[    0.097581] RCU Tasks Rude: Setting shift to 5 and lim to 1 rcu_task_cb_adjust=1 rcu_task_cpu_ids=32.
[    0.098235] RCU Tasks Trace: Setting shift to 5 and lim to 1 rcu_task_cb_adjust=1 rcu_task_cpu_ids=32.
[    0.107449] NR_IRQS: 4352, nr_irqs: 680, preallocated irqs: 16
[    0.108109] rcu: srcu_init: Setting srcu_struct sizes based on contention.
[    0.108807] Console: colour *CGA 80x25
[    0.109103] ACPI: Core revision 20240827
[    0.109529] clocksource: hpet: mask: 0xffffffff max_cycles: 0xffffffff, max_idle_ns: 19112604467 ns
[    0.110240] APIC: Switch to symmetric I/O mode setup
[    0.110605] kvm-guest: APIC: send_IPI_mask() replaced with kvm_send_ipi_mask()
[    0.111122] kvm-guest: APIC: send_IPI_mask_allbutself() replaced with kvm_send_ipi_mask_allbutself()
[    0.111752] kvm-guest: setup PV IPIs
[    0.112851] ..TIMER: vector=0x30 apic1=0 pin1=2 apic2=-1 pin2=-1
[    0.113632] clocksource: tsc-early: mask: 0xffffffffffffffff max_cycles: 0x40be400eb43, max_idle_ns: 440795366972 ns
[    0.114960] Calibrating delay loop (skipped) preset value.. 8983.11 BogoMIPS (lpj=4491556)
[    0.116023] x86/cpu: User Mode Instruction Prevention (UMIP) activated
[    0.117015] Last level iTLB entries: 4KB 512, 2MB 255, 4MB 127
[    0.117958] Last level dTLB entries: 4KB 512, 2MB 255, 4MB 127, 1GB 0
[    0.118963] Spectre V1 : Mitigation: usercopy/swapgs barriers and __user pointer sanitization
[    0.119962] Spectre V2 : Mitigation: Enhanced / Automatic IBRS
[    0.120958] Spectre V2 : Spectre v2 / SpectreRSB mitigation: Filling RSB on context switch
[    0.121960] Spectre V2 : mitigation: Enabling conditional Indirect Branch Prediction Barrier
[    0.122960] Speculative Store Bypass: Mitigation: Speculative Store Bypass disabled via prctl
[    0.123959] Speculative Return Stack Overflow: IBPB-extending microcode not applied!
[    0.124958] Speculative Return Stack Overflow: WARNING: See https://kernel.org/doc/html/latest/admin-guide/hw-vuln/srso.html for mitigation options.
[    0.124960] Speculative Return Stack Overflow: Vulnerable: Safe RET, no microcode
[    0.126973] x86/fpu: Supporting XSAVE feature 0x001: 'x87 floating point registers'
[    0.127958] x86/fpu: Supporting XSAVE feature 0x002: 'SSE registers'
[    0.128958] x86/fpu: Supporting XSAVE feature 0x004: 'AVX registers'
[    0.129958] x86/fpu: Supporting XSAVE feature 0x020: 'AVX-512 opmask'
[    0.130958] x86/fpu: Supporting XSAVE feature 0x040: 'AVX-512 Hi256'
[    0.131724] x86/fpu: Supporting XSAVE feature 0x080: 'AVX-512 ZMM_Hi256'
[    0.131958] x86/fpu: Supporting XSAVE feature 0x200: 'Protection Keys User registers'
[    0.132958] x86/fpu: xstate_offset[2]:  576, xstate_sizes[2]:  256
[    0.133958] x86/fpu: xstate_offset[5]:  832, xstate_sizes[5]:   64
[    0.134958] x86/fpu: xstate_offset[6]:  896, xstate_sizes[6]:  512
[    0.135958] x86/fpu: xstate_offset[7]: 1408, xstate_sizes[7]: 1024
[    0.136703] x86/fpu: xstate_offset[9]: 2432, xstate_sizes[9]:    8
[    0.136958] x86/fpu: Enabled xstate features 0x2e7, context size is 2440 bytes, using 'compacted' format.
[    0.158604] Freeing SMP alternatives memory: 40K
[    0.158960] pid_max: default: 32768 minimum: 301
[    0.159643] Mount-cache hash table entries: 2048 (order: 2, 16384 bytes, linear)
[    0.159960] Mountpoint-cache hash table entries: 2048 (order: 2, 16384 bytes, linear)
[    0.162368] smpboot: CPU0: AMD Ryzen 9 7950X 16-Core Processor (family: 0x19, model: 0x61, stepping: 0x2)
[    0.163411] Performance Events: Fam17h+ core perfctr, AMD PMU driver.
[    0.163963] ... version:                0
[    0.164460] ... bit width:              48
[    0.164955] ... generic registers:      6
[    0.164960] ... value mask:             0000ffffffffffff
[    0.165601] ... max period:             00007fffffffffff
[    0.165960] ... fixed-purpose events:   0
[    0.166443] ... event mask:             000000000000003f
[    0.167072] signal: max sigframe size: 3376
[    0.167624] rcu: Hierarchical SRCU implementation.
[    0.167961] rcu: Max phase no-delay instances is 400.
[    0.168654] Timer migration: 2 hierarchy levels; 8 children per group; 2 crossnode level
[    0.172664] smp: Bringing up secondary CPUs ...
[    0.173136] smpboot: x86: Booting SMP configuration:
[    0.173735] .... node  #0, CPUs:        #1  #2  #3  #4  #5  #6  #7  #8  #9 #10 #11 #12 #13 #14 #15 #16 #17 #18 #19 #20 #21 #22 #23 #24 #25 #26 #27 #28 #29 #30 #31
[    0.200064] smp: Brought up 1 node, 32 CPUs
[    0.201472] smpboot: Total of 32 processors activated (287459.58 BogoMIPS)
[    0.205086] Memory: 763420K/1048056K available (45056K kernel code, 11468K rwdata, 10088K rodata, 6052K init, 1632K bss, 268992K reserved, 0K cma-reserved)
[    0.206076] devtmpfs: initialized
[    0.206542] x86/mm: Memory block size: 128MB
[    0.212665] clocksource: jiffies: mask: 0xffffffff max_cycles: 0xffffffff, max_idle_ns: 1911260446275000 ns
[    0.212981] futex hash table entries: 8192 (order: 7, 524288 bytes, linear)
[    0.214171] PM: RTC time: 00:28:16, date: 2024-12-22
[    0.215438] NET: Registered PF_NETLINK/PF_ROUTE protocol family
[    0.216784] thermal_sys: Registered thermal governor 'step_wise'
[    0.216786] thermal_sys: Registered thermal governor 'user_space'
[    0.216987] cpuidle: using governor menu
[    0.219270] PCI: Using configuration type 1 for base access
[    0.219960] PCI: Using configuration type 1 for extended access
[    0.220811] kprobes: kprobe jump-optimization is enabled. All kprobes are optimized if possible.
[    0.235132] HugeTLB: registered 1.00 GiB page size, pre-allocated 0 pages
[    0.235961] HugeTLB: 16380 KiB vmemmap can be freed for a 1.00 GiB page
[    0.236771] HugeTLB: registered 2.00 MiB page size, pre-allocated 0 pages
[    0.236960] HugeTLB: 28 KiB vmemmap can be freed for a 2.00 MiB page
[    0.239283] ACPI: Added _OSI(Module Device)
[    0.239283] ACPI: Added _OSI(Processor Device)
[    0.239500] ACPI: Added _OSI(3.0 _SCP Extensions)
[    0.240960] ACPI: Added _OSI(Processor Aggregator Device)
[    0.263368] ACPI: 1 ACPI AML tables successfully acquired and loaded
[    0.267667] ACPI: Interpreter enabled
[    0.268016] ACPI: PM: (supports S0 S3 S4 S5)
[    0.268536] ACPI: Using IOAPIC for interrupt routing
[    0.269006] PCI: Using host bridge windows from ACPI; if necessary, use "pci=nocrs" and report a bug
[    0.269960] PCI: Using E820 reservations for host bridge windows
[    0.271677] ACPI: Enabled 2 GPEs in block 00 to 0F
[    0.316612] ACPI: PCI Root Bridge [PCI0] (domain 0000 [bus 00-ff])
[    0.316973] acpi PNP0A03:00: _OSC: OS supports [ExtendedConfig ASPM ClockPM Segments MSI HPX-Type3]
[    0.318428] PCI host bridge to bus 0000:00
[    0.318980] pci_bus 0000:00: root bus resource [io  0x0000-0x0cf7 window]
[    0.319807] pci_bus 0000:00: root bus resource [io  0x0d00-0xffff window]
[    0.320963] pci_bus 0000:00: root bus resource [mem 0x000a0000-0x000bffff window]
[    0.321870] pci_bus 0000:00: root bus resource [mem 0x40000000-0xfebfffff window]
[    0.322963] pci_bus 0000:00: root bus resource [mem 0x100000000-0x17fffffff window]
[    0.323892] pci_bus 0000:00: root bus resource [bus 00-ff]
[    0.324053] pci 0000:00:00.0: [8086:1237] type 00 class 0x060000 conventional PCI endpoint
[    0.326778] pci 0000:00:01.0: [8086:7000] type 00 class 0x060100 conventional PCI endpoint
[    0.327817] pci 0000:00:01.1: [8086:7010] type 00 class 0x010180 conventional PCI endpoint
[    0.330485] pci 0000:00:01.1: BAR 4 [io  0xc0c0-0xc0cf]
[    0.332655] pci 0000:00:01.1: BAR 0 [io  0x01f0-0x01f7]: legacy IDE quirk
[    0.332961] pci 0000:00:01.1: BAR 1 [io  0x03f6]: legacy IDE quirk
[    0.333714] pci 0000:00:01.1: BAR 2 [io  0x0170-0x0177]: legacy IDE quirk
[    0.334960] pci 0000:00:01.1: BAR 3 [io  0x0376]: legacy IDE quirk
[    0.336359] pci 0000:00:01.3: [8086:7113] type 00 class 0x068000 conventional PCI endpoint
[    0.337214] pci 0000:00:01.3: quirk: [io  0x0600-0x063f] claimed by PIIX4 ACPI
[    0.337964] pci 0000:00:01.3: quirk: [io  0x0700-0x070f] claimed by PIIX4 SMB
[    0.339524] pci 0000:00:02.0: [1af4:1009] type 00 class 0x000200 conventional PCI endpoint
[    0.341322] pci 0000:00:02.0: BAR 0 [io  0xc000-0xc03f]
[    0.342285] pci 0000:00:02.0: BAR 1 [mem 0xfebfc000-0xfebfcfff]
[    0.345961] pci 0000:00:02.0: BAR 4 [mem 0xfebf0000-0xfebf3fff 64bit pref]
[    0.358125] pci 0000:00:03.0: [1af4:1009] type 00 class 0x000200 conventional PCI endpoint
[    0.359288] pci 0000:00:03.0: BAR 0 [io  0xc040-0xc07f]
[    0.360098] pci 0000:00:03.0: BAR 1 [mem 0xfebfd000-0xfebfdfff]
[    0.361658] pci 0000:00:03.0: BAR 4 [mem 0xfebf4000-0xfebf7fff 64bit pref]
[    0.373913] pci 0000:00:04.0: [8086:25ab] type 00 class 0x088000 conventional PCI endpoint
[    0.375100] pci 0000:00:04.0: BAR 0 [mem 0xfebfe000-0xfebfe00f]
[    0.386909] pci 0000:00:05.0: [1af4:1003] type 00 class 0x078000 conventional PCI endpoint
[    0.388240] pci 0000:00:05.0: BAR 0 [io  0xc080-0xc0bf]
[    0.389068] pci 0000:00:05.0: BAR 1 [mem 0xfebff000-0xfebfffff]
[    0.390439] pci 0000:00:05.0: BAR 4 [mem 0xfebf8000-0xfebfbfff 64bit pref]
[    0.404018] ACPI: PCI: Interrupt link LNKA configured for IRQ 10
[    0.405633] ACPI: PCI: Interrupt link LNKB configured for IRQ 10
[    0.407826] ACPI: PCI: Interrupt link LNKC configured for IRQ 11
[    0.408821] ACPI: PCI: Interrupt link LNKD configured for IRQ 11
[    0.410327] ACPI: PCI: Interrupt link LNKS configured for IRQ 9
[    0.428063] iommu: Default domain type: Translated
[    0.428653] iommu: DMA domain TLB invalidation policy: lazy mode
[    0.429387] SCSI subsystem initialized
[    0.430253] pps_core: LinuxPPS API ver. 1 registered
[    0.430861] pps_core: Software ver. 5.3.6 - Copyright 2005-2007 Rodolfo Giometti <giometti@linux.it>
[    0.431974] PTP clock support registered
[    0.433084] Advanced Linux Sound Architecture Driver Initialized.
[    0.435031] NET: Registered PF_ATMPVC protocol family
[    0.435655] NET: Registered PF_ATMSVC protocol family
[    0.435996] PCI: Using ACPI for IRQ routing
[    0.437000] vgaarb: loaded
[    0.438075] hpet0: at MMIO 0xfed00000, IRQs 2, 8, 0
[    0.438681] hpet0: 3 comparators, 64-bit 100.000000 MHz counter
[    0.443596] clocksource: Switched to clocksource kvm-clock
[    0.444381] VFS: Disk quotas dquot_6.6.0
[    0.444870] VFS: Dquot-cache hash table entries: 512 (order 0, 4096 bytes)
[    0.446379] pnp: PnP ACPI init
[    0.452911] pnp: PnP ACPI: found 5 devices
[    0.465139] clocksource: acpi_pm: mask: 0xffffff max_cycles: 0xffffff, max_idle_ns: 2085701024 ns
[    0.466269] NET: Registered PF_INET protocol family
[    0.466899] IP idents hash table entries: 16384 (order: 5, 131072 bytes, linear)
[    0.468150] tcp_listen_portaddr_hash hash table entries: 512 (order: 1, 8192 bytes, linear)
[    0.469159] Table-perturb hash table entries: 65536 (order: 6, 262144 bytes, linear)
[    0.470117] TCP established hash table entries: 8192 (order: 4, 65536 bytes, linear)
[    0.471061] TCP bind hash table entries: 8192 (order: 6, 262144 bytes, linear)
[    0.472026] TCP: Hash tables configured (established 8192 bind 8192)
[    0.472939] UDP hash table entries: 512 (order: 3, 32768 bytes, linear)
[    0.473785] UDP-Lite hash table entries: 512 (order: 3, 32768 bytes, linear)
[    0.474844] NET: Registered PF_UNIX/PF_LOCAL protocol family
[    0.475544] pci_bus 0000:00: resource 4 [io  0x0000-0x0cf7 window]
[    0.476281] pci_bus 0000:00: resource 5 [io  0x0d00-0xffff window]
[    0.477025] pci_bus 0000:00: resource 6 [mem 0x000a0000-0x000bffff window]
[    0.477852] pci_bus 0000:00: resource 7 [mem 0x40000000-0xfebfffff window]
[    0.478676] pci_bus 0000:00: resource 8 [mem 0x100000000-0x17fffffff window]
[    0.479702] pci 0000:00:01.0: PIIX3: Enabling Passive Release
[    0.480397] pci 0000:00:00.0: Limiting direct PCI/PCI transfers
[    0.481139] PCI: CLS 0 bytes, default 64
[    0.481819] kvm_intel: VMX not supported by CPU 2
[    0.482417] kvm_amd: TSC scaling supported
[    0.482907] kvm_amd: Nested Virtualization enabled
[    0.483482] kvm_amd: Nested Paging enabled
[    0.483973] kvm_amd: LBR virtualization supported
[    0.484551] kvm_amd: Virtual GIF supported
[    0.485039] kvm_amd: Virtual NMI enabled
[    0.528111] clocksource: tsc: mask: 0xffffffffffffffff max_cycles: 0x40be400eb43, max_idle_ns: 440795366972 ns
[    0.546811] Initialise system trusted keyrings
[    0.547491] workingset: timestamp_bits=56 max_order=18 bucket_order=0
[    0.548387] squashfs: version 4.0 (2009/01/31) Phillip Lougher
[    0.549113] fuse: init (API version 7.41)
[    0.549743] 9p: Installing v9fs 9p2000 file system support
[    0.559255] Key type asymmetric registered
[    0.559764] Asymmetric key parser 'x509' registered
[    0.560422] Block layer SCSI generic (bsg) driver version 0.4 loaded (major 249)
[    0.561358] io scheduler mq-deadline registered
[    0.561920] io scheduler kyber registered
[    0.564583] input: Power Button as /devices/LNXSYSTM:00/LNXPWRBN:00/input/input0
[    0.565721] ACPI: button: Power Button [PWRF]
[    0.567560] Warning: Processor Platform Limit event detected, but not handled.
[    0.568454] Consider compiling CPUfreq support into your kernel.
[    1.354076] ACPI: \_SB_.LNKB: Enabled at IRQ 10
[    2.132221] ACPI: \_SB_.LNKC: Enabled at IRQ 11
[    2.908854] ACPI: \_SB_.LNKA: Enabled at IRQ 10
[    2.910166] Serial: 8250/16550 driver, 4 ports, IRQ sharing enabled
[    2.911240] 00:03: ttyS0 at I/O 0x3f8 (irq = 4, base_baud = 115200) is a 16550A
[    2.943763] Non-volatile memory driver v1.3
[    2.944293] Linux agpgart interface v0.103
[    2.944981] ACPI: bus type drm_connector registered
[    2.945609] printk: legacy console [hvc0] enabled
[    2.946194] printk: legacy bootconsole [earlyser0] disabled
          _      _                                    
   __   _(_)_ __| |_ _ __ ___   ___       _ __   __ _ 
   \ \ / / |  __| __|  _   _ \ / _ \_____|  _ \ / _  |
    \ V /| | |  | |_| | | | | |  __/_____| | | | (_| |
     \_/ |_|_|   \__|_| |_| |_|\___|     |_| |_|\__  |
                                                |___/ 
   kernel version: 6.13.0-rc3-virtme x86_64
   (CTRL+d to exit)

root@virtme-ng:/nipa-data/kernel# PS1='xx__-> '
xx__-> env
PWD=/nipa-data/kernel
nr_open=1048576
HOME=/
TERM=xterm
SHLVL=2
XDG_RUNTIME_DIR=/run/user/0
PATH=/bin:/sbin:/usr/bin:/usr/sbin:/usr/local/bin
OLDPWD=/
_=/bin/env
xx__-> 