No EFI environment detected.
early console in extract_kernel
input_data: 0x0000000002be62c4
input_len: 0x0000000000b6dbc6
output: 0x0000000001000000
output_len: 0x000000000270bd14
kernel_total_size: 0x0000000002430000
needed_size: 0x0000000002800000
trampoline_32bit: 0x0000000000000000
Physical KASLR using RDRAND RDTSC...
Virtual KASLR using RDRAND RDTSC...

Decompressing Linux... Parsing ELF... Performing relocations... done.
Booting the kernel (entry_offset: 0x0000000000000000).
[    0.000000] Linux version 6.12.0-rc2-virtme (root@2c63afa53c1e) (gcc (Ubuntu 13.2.0-23ubuntu4) 13.2.0, GNU ld (GNU Binutils for Ubuntu) 2.42) #1 SMP PREEMPT_DYNAMIC Sat Oct 12 12:06:22 UTC 2024
[    0.000000] Command line: virtme_hostname=virtme-ng nr_open=1048576 virtme_link_mods=/nipa-data/kernel/.virtme_mods/lib/modules/0.0.0 virtme_initmount0=nipa-data/kernel virtme_rw_overlay0=/etc virtme_rw_overlay1=/lib virtme_rw_overlay2=/home virtme_rw_overlay3=/opt virtme_rw_overlay4=/srv virtme_rw_overlay5=/usr virtme_rw_overlay6=/var console=hvc0 earlyprintk=serial,ttyS0,115200 virtme_console=ttyS0 psmouse.proto=exps TERM=xterm virtme_chdir=nipa-data/kernel virtme_root_user=1 rootfstype=9p rootflags=version=9p2000.L,trans=virtio,access=any raid=noautodetect ro init=/usr/lib/python3/dist-packages/virtme/guest/virtme-init
[    0.000000] BIOS-provided physical RAM map:
[    0.000000] BIOS-e820: [mem 0x0000000000000000-0x000000000009fbff] usable
[    0.000000] BIOS-e820: [mem 0x000000000009fc00-0x000000000009ffff] reserved
[    0.000000] BIOS-e820: [mem 0x00000000000f0000-0x00000000000fffff] reserved
[    0.000000] BIOS-e820: [mem 0x0000000000100000-0x000000003ffdffff] usable
[    0.000000] BIOS-e820: [mem 0x000000003ffe0000-0x000000003fffffff] reserved
[    0.000000] BIOS-e820: [mem 0x00000000feffc000-0x00000000feffffff] reserved
[    0.000000] BIOS-e820: [mem 0x00000000fffc0000-0x00000000ffffffff] reserved
[    0.000000] BIOS-e820: [mem 0x000000fd00000000-0x000000ffffffffff] reserved
[    0.000000] printk: legacy bootconsole [earlyser0] enabled
[    0.000000] NX (Execute Disable) protection: active
[    0.000000] APIC: Static calls initialized
[    0.000000] SMBIOS 3.0.0 present.
[    0.000000] DMI: QEMU Ubuntu 24.04 PC (i440FX + PIIX, 1996), BIOS 1.16.3-debian-1.16.3-2 04/01/2014
[    0.000000] DMI: Memory slots populated: 1/1
[    0.000000] Hypervisor detected: KVM
[    0.000000] kvm-clock: Using msrs 4b564d01 and 4b564d00
[    0.000000] kvm-clock: using sched offset of 205433483 cycles
[    0.000340] clocksource: kvm-clock: mask: 0xffffffffffffffff max_cycles: 0x1cd42e4dffb, max_idle_ns: 881590591483 ns
[    0.001400] tsc: Detected 4491.560 MHz processor
[    0.001950] last_pfn = 0x3ffe0 max_arch_pfn = 0x400000000
[    0.002323] MTRR map: 4 entries (3 fixed + 1 variable; max 19), built from 8 variable MTRRs
[    0.002874] x86/PAT: Configuration [0-7]: WB  WC  UC- UC  WB  WP  UC- WT  
Memory KASLR using RDRAND RDTSC...
[    0.004765] found SMP MP-table at [mem 0x000f5470-0x000f547f]
[    0.005145] Using GB pages for direct mapping
[    0.005451] ACPI: Early table checksum verification disabled
[    0.005820] ACPI: RSDP 0x00000000000F5290 000014 (v00 BOCHS )
[    0.006196] ACPI: RSDT 0x000000003FFE27BC 000034 (v01 BOCHS  BXPC     00000001 BXPC 00000001)
[    0.006754] ACPI: FACP 0x000000003FFE2578 000074 (v01 BOCHS  BXPC     00000001 BXPC 00000001)
[    0.007311] ACPI: DSDT 0x000000003FFE0040 002538 (v01 BOCHS  BXPC     00000001 BXPC 00000001)
[    0.007867] ACPI: FACS 0x000000003FFE0000 000040
[    0.008168] ACPI: APIC 0x000000003FFE25EC 000170 (v03 BOCHS  BXPC     00000001 BXPC 00000001)
[    0.008725] ACPI: HPET 0x000000003FFE275C 000038 (v01 BOCHS  BXPC     00000001 BXPC 00000001)
[    0.009285] ACPI: WAET 0x000000003FFE2794 000028 (v01 BOCHS  BXPC     00000001 BXPC 00000001)
[    0.009840] ACPI: Reserving FACP table memory at [mem 0x3ffe2578-0x3ffe25eb]
[    0.010299] ACPI: Reserving DSDT table memory at [mem 0x3ffe0040-0x3ffe2577]
[    0.010757] ACPI: Reserving FACS table memory at [mem 0x3ffe0000-0x3ffe003f]
[    0.011216] ACPI: Reserving APIC table memory at [mem 0x3ffe25ec-0x3ffe275b]
[    0.011674] ACPI: Reserving HPET table memory at [mem 0x3ffe275c-0x3ffe2793]
[    0.012132] ACPI: Reserving WAET table memory at [mem 0x3ffe2794-0x3ffe27bb]
[    0.012720] No NUMA configuration found
[    0.012973] Faking a node at [mem 0x0000000000000000-0x000000003ffdffff]
[    0.013410] NODE_DATA(0) allocated [mem 0x3ffdb780-0x3ffdffff]
[    0.013798] Zone ranges:
[    0.013962]   DMA      [mem 0x0000000000001000-0x0000000000ffffff]
[    0.014364]   DMA32    [mem 0x0000000001000000-0x000000003ffdffff]
[    0.014766]   Normal   empty
[    0.014953]   Device   empty
[    0.015140] Movable zone start for each node
[    0.015418] Early memory node ranges
[    0.015650]   node   0: [mem 0x0000000000001000-0x000000000009efff]
[    0.016058]   node   0: [mem 0x0000000000100000-0x000000003ffdffff]
[    0.016465] Initmem setup node 0 [mem 0x0000000000001000-0x000000003ffdffff]
[    0.016927] On node 0, zone DMA: 1 pages in unavailable ranges
[    0.017314] On node 0, zone DMA: 97 pages in unavailable ranges
[    0.018628] On node 0, zone DMA32: 32 pages in unavailable ranges
[    0.019206] ACPI: PM-Timer IO Port: 0x608
[    0.019471] ACPI: LAPIC_NMI (acpi_id[0xff] dfl dfl lint[0x1])
[    0.019858] IOAPIC[0]: apic_id 0, version 17, address 0xfec00000, GSI 0-23
[    0.020306] ACPI: INT_SRC_OVR (bus 0 bus_irq 0 global_irq 2 dfl dfl)
[    0.020719] ACPI: INT_SRC_OVR (bus 0 bus_irq 5 global_irq 5 high level)
[    0.021152] ACPI: INT_SRC_OVR (bus 0 bus_irq 9 global_irq 9 high level)
[    0.021586] ACPI: INT_SRC_OVR (bus 0 bus_irq 10 global_irq 10 high level)
[    0.022025] ACPI: INT_SRC_OVR (bus 0 bus_irq 11 global_irq 11 high level)
[    0.022466] ACPI: Using ACPI (MADT) for SMP configuration information
[    0.022882] ACPI: HPET id: 0x8086a201 base: 0xfed00000
[    0.023216] TSC deadline timer available
[    0.023472] CPU topo: Max. logical packages:   1
[    0.023771] CPU topo: Max. logical dies:       1
[    0.024070] CPU topo: Max. dies per package:   1
[    0.024370] CPU topo: Max. threads per core:   1
[    0.024669] CPU topo: Num. cores per package:    32
[    0.024987] CPU topo: Num. threads per package:  32
[    0.025302] CPU topo: Allowing 32 present CPUs plus 0 hotplug CPUs
[    0.025708] kvm-guest: APIC: eoi() replaced with kvm_guest_apic_eoi_write()
[    0.026166] kvm-guest: KVM setup pv remote TLB flush
[    0.026489] kvm-guest: setup PV sched yield
[    0.026762] PM: hibernation: Registered nosave memory: [mem 0x00000000-0x00000fff]
[    0.027252] PM: hibernation: Registered nosave memory: [mem 0x0009f000-0x0009ffff]
[    0.027742] PM: hibernation: Registered nosave memory: [mem 0x000a0000-0x000effff]
[    0.028231] PM: hibernation: Registered nosave memory: [mem 0x000f0000-0x000fffff]
[    0.028721] [mem 0x40000000-0xfeffbfff] available for PCI devices
[    0.029118] Booting paravirtualized kernel on KVM
[    0.029422] clocksource: refined-jiffies: mask: 0xffffffff max_cycles: 0xffffffff, max_idle_ns: 1910969940391419 ns
[    0.032768] setup_percpu: NR_CPUS:64 nr_cpumask_bits:32 nr_cpu_ids:32 nr_node_ids:1
[    0.033865] percpu: Embedded 58 pages/cpu s199128 r8192 d30248 u262144
[    0.034325] Kernel command line: virtme_hostname=virtme-ng nr_open=1048576 virtme_link_mods=/nipa-data/kernel/.virtme_mods/lib/modules/0.0.0 virtme_initmount0=nipa-data/kernel virtme_rw_overlay0=/etc virtme_rw_overlay1=/lib virtme_rw_overlay2=/home virtme_rw_overlay3=/opt virtme_rw_overlay4=/srv virtme_rw_overlay5=/usr virtme_rw_overlay6=/var console=hvc0 earlyprintk=serial,ttyS0,115200 virtme_console=ttyS0 psmouse.proto=exps TERM=xterm virtme_chdir=nipa-data/kernel virtme_root_user=1 rootfstype=9p rootflags=version=9p2000.L,trans=virtio,access=any raid=noautodetect ro init=/usr/lib/python3/dist-packages/virtme/guest/virtme-init
[    0.038108] Unknown kernel command line parameters "virtme_hostname=virtme-ng nr_open=1048576 virtme_link_mods=/nipa-data/kernel/.virtme_mods/lib/modules/0.0.0 virtme_initmount0=nipa-data/kernel virtme_rw_overlay0=/etc virtme_rw_overlay1=/lib virtme_rw_overlay2=/home virtme_rw_overlay3=/opt virtme_rw_overlay4=/srv virtme_rw_overlay5=/usr virtme_rw_overlay6=/var virtme_console=ttyS0 virtme_chdir=nipa-data/kernel virtme_root_user=1", will be passed to user space.
[    0.041006] random: crng init done
[    0.041259] Dentry cache hash table entries: 131072 (order: 8, 1048576 bytes, linear)
[    0.041797] Inode-cache hash table entries: 65536 (order: 7, 524288 bytes, linear)
[    0.042382] Fallback order for Node 0: 0 
[    0.042384] Built 1 zonelists, mobility grouping on.  Total pages: 262014
[    0.043102] Policy zone: DMA32
[    0.043306] mem auto-init: stack:all(zero), heap alloc:off, heap free:off
[    0.044331] SLUB: HWalign=64, Order=0-3, MinObjects=0, CPUs=32, Nodes=1
Poking KASLR using RDRAND RDTSC...
[    0.044997] ftrace: allocating 48477 entries in 190 pages
[    0.051622] ftrace: allocated 190 pages with 6 groups
[    0.052509] Dynamic Preempt: voluntary
[    0.052878] rcu: Preemptible hierarchical RCU implementation.
[    0.053262] rcu: RCU event tracing is enabled.
[    0.053562] rcu: RCU restricting CPUs from NR_CPUS=64 to nr_cpu_ids=32.
[    0.054005] Trampoline variant of Tasks RCU enabled.
[    0.054338] Rude variant of Tasks RCU enabled.
[    0.054637] Tracing variant of Tasks RCU enabled.
[    0.054954] rcu: RCU calculated value of scheduler-enlistment delay is 100 jiffies.
[    0.055460] rcu: Adjusting geometry for rcu_fanout_leaf=16, nr_cpu_ids=32
[    0.055914] RCU Tasks: Setting shift to 5 and lim to 1 rcu_task_cb_adjust=1 rcu_task_cpu_ids=32.
[    0.056496] RCU Tasks Rude: Setting shift to 5 and lim to 1 rcu_task_cb_adjust=1 rcu_task_cpu_ids=32.
[    0.057108] RCU Tasks Trace: Setting shift to 5 and lim to 1 rcu_task_cb_adjust=1 rcu_task_cpu_ids=32.
[    0.059066] NR_IRQS: 4352, nr_irqs: 680, preallocated irqs: 16
[    0.059617] rcu: srcu_init: Setting srcu_struct sizes based on contention.
[    0.060205] Console: colour *CGA 80x25
[    0.060460] ACPI: Core revision 20240827
[    0.060782] clocksource: hpet: mask: 0xffffffff max_cycles: 0xffffffff, max_idle_ns: 19112604467 ns
[    0.061439] APIC: Switch to symmetric I/O mode setup
[    0.061789] kvm-guest: APIC: send_IPI_mask() replaced with kvm_send_ipi_mask()
[    0.062265] kvm-guest: APIC: send_IPI_mask_allbutself() replaced with kvm_send_ipi_mask_allbutself()
[    0.062858] kvm-guest: setup PV IPIs
[    0.063811] ..TIMER: vector=0x30 apic1=0 pin1=2 apic2=-1 pin2=-1
[    0.064547] clocksource: tsc-early: mask: 0xffffffffffffffff max_cycles: 0x40be4320a4d, max_idle_ns: 440795288133 ns
[    0.065817] Calibrating delay loop (skipped) preset value.. 8983.12 BogoMIPS (lpj=4491560)
[    0.066874] x86/cpu: User Mode Instruction Prevention (UMIP) activated
[    0.067861] Last level iTLB entries: 4KB 512, 2MB 255, 4MB 127
[    0.068548] Last level dTLB entries: 4KB 512, 2MB 255, 4MB 127, 1GB 0
[    0.068820] Spectre V1 : Mitigation: usercopy/swapgs barriers and __user pointer sanitization
[    0.069819] Spectre V2 : Mitigation: Enhanced / Automatic IBRS
[    0.070816] Spectre V2 : Spectre v2 / SpectreRSB mitigation: Filling RSB on context switch
[    0.071817] Spectre V2 : mitigation: Enabling conditional Indirect Branch Prediction Barrier
[    0.072817] Speculative Store Bypass: Mitigation: Speculative Store Bypass disabled via prctl
[    0.073816] Speculative Return Stack Overflow: IBPB-extending microcode not applied!
[    0.074816] Speculative Return Stack Overflow: WARNING: See https://kernel.org/doc/html/latest/admin-guide/hw-vuln/srso.html for mitigation options.
[    0.074817] Speculative Return Stack Overflow: Vulnerable: Safe RET, no microcode
[    0.076720] x86/fpu: Supporting XSAVE feature 0x001: 'x87 floating point registers'
[    0.076816] x86/fpu: Supporting XSAVE feature 0x002: 'SSE registers'
[    0.077816] x86/fpu: Supporting XSAVE feature 0x004: 'AVX registers'
[    0.078816] x86/fpu: Supporting XSAVE feature 0x020: 'AVX-512 opmask'
[    0.079816] x86/fpu: Supporting XSAVE feature 0x040: 'AVX-512 Hi256'
[    0.080560] x86/fpu: Supporting XSAVE feature 0x080: 'AVX-512 ZMM_Hi256'
[    0.080816] x86/fpu: Supporting XSAVE feature 0x200: 'Protection Keys User registers'
[    0.081816] x86/fpu: xstate_offset[2]:  576, xstate_sizes[2]:  256
[    0.082816] x86/fpu: xstate_offset[5]:  832, xstate_sizes[5]:   64
[    0.083816] x86/fpu: xstate_offset[6]:  896, xstate_sizes[6]:  512
[    0.084540] x86/fpu: xstate_offset[7]: 1408, xstate_sizes[7]: 1024
[    0.084816] x86/fpu: xstate_offset[9]: 2432, xstate_sizes[9]:    8
[    0.085816] x86/fpu: Enabled xstate features 0x2e7, context size is 2440 bytes, using 'compacted' format.
[    0.100587] Freeing SMP alternatives memory: 40K
[    0.100817] pid_max: default: 32768 minimum: 301
[    0.101384] Mount-cache hash table entries: 2048 (order: 2, 16384 bytes, linear)
[    0.101817] Mountpoint-cache hash table entries: 2048 (order: 2, 16384 bytes, linear)
[    0.102944] smpboot: CPU0: AMD Ryzen 9 7950X 16-Core Processor (family: 0x19, model: 0x61, stepping: 0x2)
[    0.103923] Performance Events: Fam17h+ core perfctr, AMD PMU driver.
[    0.104708] ... version:                0
[    0.104818] ... bit width:              48
[    0.105295] ... generic registers:      6
[    0.105761] ... value mask:             0000ffffffffffff
[    0.105817] ... max period:             00007fffffffffff
[    0.106444] ... fixed-purpose events:   0
[    0.106818] ... event mask:             000000000000003f
[    0.107508] signal: max sigframe size: 3376
[    0.107832] rcu: Hierarchical SRCU implementation.
[    0.108392] rcu: Max phase no-delay instances is 400.
[    0.108838] Timer migration: 2 hierarchy levels; 8 children per group; 2 crossnode level
[    0.111812] smp: Bringing up secondary CPUs ...
[    0.111864] smpboot: x86: Booting SMP configuration:
[    0.112442] .... node  #0, CPUs:        #1  #2  #3  #4  #5  #6  #7  #8  #9 #10 #11 #12 #13 #14 #15 #16 #17 #18 #19 #20 #21 #22 #23 #24 #25 #26 #27 #28 #29 #30 #31
[    0.127905] smp: Brought up 1 node, 32 CPUs
[    0.129313] smpboot: Total of 32 processors activated (287459.84 BogoMIPS)
[    0.131834] Memory: 970440K/1048056K available (16384K kernel code, 2449K rwdata, 6284K rodata, 3128K init, 1860K bss, 63192K reserved, 0K cma-reserved)
[    0.132927] devtmpfs: initialized
[    0.133229] x86/mm: Memory block size: 128MB
[    0.134486] clocksource: jiffies: mask: 0xffffffff max_cycles: 0xffffffff, max_idle_ns: 1911260446275000 ns
[    0.134820] futex hash table entries: 8192 (order: 7, 524288 bytes, linear)
[    0.135705] PM: RTC time: 12:06:41, date: 2024-10-12
[    0.136122] NET: Registered PF_NETLINK/PF_ROUTE protocol family
[    0.136928] thermal_sys: Registered thermal governor 'step_wise'
[    0.136929] thermal_sys: Registered thermal governor 'user_space'
[    0.137656] cpuidle: using governor menu
[    0.138990] PCI: Using configuration type 1 for base access
[    0.139818] PCI: Using configuration type 1 for extended access
[    0.140586] kprobes: kprobe jump-optimization is enabled. All kprobes are optimized if possible.
[    0.158993] HugeTLB: registered 1.00 GiB page size, pre-allocated 0 pages
[    0.159809] HugeTLB: 16380 KiB vmemmap can be freed for a 1.00 GiB page
[    0.159818] HugeTLB: registered 2.00 MiB page size, pre-allocated 0 pages
[    0.160621] HugeTLB: 28 KiB vmemmap can be freed for a 2.00 MiB page
[    0.161058] ACPI: Added _OSI(Module Device)
[    0.161556] ACPI: Added _OSI(Processor Device)
[    0.161818] ACPI: Added _OSI(3.0 _SCP Extensions)
[    0.162379] ACPI: Added _OSI(Processor Aggregator Device)
[    0.163463] ACPI: 1 ACPI AML tables successfully acquired and loaded
[    0.164175] ACPI: Interpreter enabled
[    0.164826] ACPI: PM: (supports S0 S3 S4 S5)
[    0.165336] ACPI: Using IOAPIC for interrupt routing
[    0.165824] PCI: Using host bridge windows from ACPI; if necessary, use "pci=nocrs" and report a bug
[    0.166817] PCI: Using E820 reservations for host bridge windows
[    0.167610] ACPI: Enabled 2 GPEs in block 00 to 0F
[    0.170217] ACPI: PCI Root Bridge [PCI0] (domain 0000 [bus 00-ff])
[    0.170820] acpi PNP0A03:00: _OSC: OS supports [ExtendedConfig ASPM ClockPM Segments MSI HPX-Type3]
[    0.171900] PCI host bridge to bus 0000:00
[    0.172391] pci_bus 0000:00: root bus resource [io  0x0000-0x0cf7 window]
[    0.172818] pci_bus 0000:00: root bus resource [io  0x0d00-0xffff window]
[    0.173622] pci_bus 0000:00: root bus resource [mem 0x000a0000-0x000bffff window]
[    0.173818] pci_bus 0000:00: root bus resource [mem 0x40000000-0xfebfffff window]
[    0.174710] pci_bus 0000:00: root bus resource [mem 0x100000000-0x17fffffff window]
[    0.174818] pci_bus 0000:00: root bus resource [bus 00-ff]
[    0.175545] pci 0000:00:00.0: [8086:1237] type 00 class 0x060000 conventional PCI endpoint
[    0.176044] pci 0000:00:01.0: [8086:7000] type 00 class 0x060100 conventional PCI endpoint
[    0.177106] pci 0000:00:01.1: [8086:7010] type 00 class 0x010180 conventional PCI endpoint
[    0.178938] pci 0000:00:01.1: BAR 4 [io  0xc0c0-0xc0cf]
[    0.180142] pci 0000:00:01.1: BAR 0 [io  0x01f0-0x01f7]: legacy IDE quirk
[    0.180818] pci 0000:00:01.1: BAR 1 [io  0x03f6]: legacy IDE quirk
[    0.181561] pci 0000:00:01.1: BAR 2 [io  0x0170-0x0177]: legacy IDE quirk
[    0.181818] pci 0000:00:01.1: BAR 3 [io  0x0376]: legacy IDE quirk
[    0.182636] pci 0000:00:01.3: [8086:7113] type 00 class 0x068000 conventional PCI endpoint
[    0.183038] pci 0000:00:01.3: quirk: [io  0x0600-0x063f] claimed by PIIX4 ACPI
[    0.183821] pci 0000:00:01.3: quirk: [io  0x0700-0x070f] claimed by PIIX4 SMB
[    0.184824] pci 0000:00:02.0: [1af4:1009] type 00 class 0x000200 conventional PCI endpoint
[    0.186248] pci 0000:00:02.0: BAR 0 [io  0xc000-0xc03f]
[    0.187216] pci 0000:00:02.0: BAR 1 [mem 0xfebfc000-0xfebfcfff]
[    0.189346] pci 0000:00:02.0: BAR 4 [mem 0xfebf0000-0xfebf3fff 64bit pref]
[    0.190669] pci 0000:00:03.0: [1af4:1009] type 00 class 0x000200 conventional PCI endpoint
[    0.191449] pci 0000:00:03.0: BAR 0 [io  0xc040-0xc07f]
[    0.192666] pci 0000:00:03.0: BAR 1 [mem 0xfebfd000-0xfebfdfff]
[    0.194818] pci 0000:00:03.0: BAR 4 [mem 0xfebf4000-0xfebf7fff 64bit pref]
[    0.197315] pci 0000:00:04.0: [8086:25ab] type 00 class 0x088000 conventional PCI endpoint
[    0.198005] pci 0000:00:04.0: BAR 0 [mem 0xfebfe000-0xfebfe00f]
[    0.199762] pci 0000:00:05.0: [1af4:1003] type 00 class 0x078000 conventional PCI endpoint
[    0.200150] pci 0000:00:05.0: BAR 0 [io  0xc080-0xc0bf]
[    0.200990] pci 0000:00:05.0: BAR 1 [mem 0xfebff000-0xfebfffff]
[    0.202624] pci 0000:00:05.0: BAR 4 [mem 0xfebf8000-0xfebfbfff 64bit pref]
[    0.203804] ACPI: PCI: Interrupt link LNKA configured for IRQ 10
[    0.203923] ACPI: PCI: Interrupt link LNKB configured for IRQ 10
[    0.204914] ACPI: PCI: Interrupt link LNKC configured for IRQ 11
[    0.205717] ACPI: PCI: Interrupt link LNKD configured for IRQ 11
[    0.205885] ACPI: PCI: Interrupt link LNKS configured for IRQ 9
[    0.207377] iommu: Default domain type: Translated
[    0.207818] iommu: DMA domain TLB invalidation policy: lazy mode
[    0.208580] SCSI subsystem initialized
[    0.208844] pps_core: LinuxPPS API ver. 1 registered
[    0.209435] pps_core: Software ver. 5.3.6 - Copyright 2005-2007 Rodolfo Giometti <giometti@linux.it>
[    0.209819] PTP clock support registered
[    0.210310] Advanced Linux Sound Architecture Driver Initialized.
[    0.211148] NET: Registered PF_ATMPVC protocol family
[    0.211751] NET: Registered PF_ATMSVC protocol family
[    0.211827] PCI: Using ACPI for IRQ routing
[    0.212407] vgaarb: loaded
[    0.212407] hpet0: at MMIO 0xfed00000, IRQs 2, 8, 0
[    0.212818] hpet0: 3 comparators, 64-bit 100.000000 MHz counter
[    0.216961] clocksource: Switched to clocksource kvm-clock
[    0.217682] VFS: Disk quotas dquot_6.6.0
[    0.218028] VFS: Dquot-cache hash table entries: 512 (order 0, 4096 bytes)
[    0.218880] pnp: PnP ACPI init
[    0.219408] pnp: PnP ACPI: found 5 devices
[    0.226988] clocksource: acpi_pm: mask: 0xffffff max_cycles: 0xffffff, max_idle_ns: 2085701024 ns
[    0.228062] NET: Registered PF_INET protocol family
[    0.228658] IP idents hash table entries: 16384 (order: 5, 131072 bytes, linear)
[    0.229684] tcp_listen_portaddr_hash hash table entries: 512 (order: 1, 8192 bytes, linear)
[    0.230690] Table-perturb hash table entries: 65536 (order: 6, 262144 bytes, linear)
[    0.231618] TCP established hash table entries: 8192 (order: 4, 65536 bytes, linear)
[    0.232548] TCP bind hash table entries: 8192 (order: 6, 262144 bytes, linear)
[    0.233504] TCP: Hash tables configured (established 8192 bind 8192)
[    0.234284] UDP hash table entries: 512 (order: 2, 16384 bytes, linear)
[    0.235067] UDP-Lite hash table entries: 512 (order: 2, 16384 bytes, linear)
[    0.235922] NET: Registered PF_UNIX/PF_LOCAL protocol family
[    0.236602] pci_bus 0000:00: resource 4 [io  0x0000-0x0cf7 window]
[    0.237336] pci_bus 0000:00: resource 5 [io  0x0d00-0xffff window]
[    0.238070] pci_bus 0000:00: resource 6 [mem 0x000a0000-0x000bffff window]
[    0.238887] pci_bus 0000:00: resource 7 [mem 0x40000000-0xfebfffff window]
[    0.239698] pci_bus 0000:00: resource 8 [mem 0x100000000-0x17fffffff window]
[    0.240556] pci 0000:00:01.0: PIIX3: Enabling Passive Release
[    0.241242] pci 0000:00:00.0: Limiting direct PCI/PCI transfers
[    0.241978] PCI: CLS 0 bytes, default 64
[    0.242502] kvm_intel: VMX not supported by CPU 0
[    0.243076] kvm_amd: TSC scaling supported
[    0.243558] kvm_amd: Nested Virtualization enabled
[    0.244124] kvm_amd: Nested Paging enabled
[    0.244609] kvm_amd: LBR virtualization supported
[    0.245172] kvm_amd: Virtual VMLOAD VMSAVE supported
[    0.245759] kvm_amd: Virtual GIF supported
[    0.246240] kvm_amd: Virtual NMI enabled
[    0.272828] clocksource: tsc: mask: 0xffffffffffffffff max_cycles: 0x40be4320a4d, max_idle_ns: 440795288133 ns
[    0.280229] Initialise system trusted keyrings
[    0.280819] workingset: timestamp_bits=56 max_order=18 bucket_order=0
[    0.281603] squashfs: version 4.0 (2009/01/31) Phillip Lougher
[    0.282311] fuse: init (API version 7.41)
[    0.282833] 9p: Installing v9fs 9p2000 file system support
[    0.289602] Key type asymmetric registered
[    0.290097] Asymmetric key parser 'x509' registered
[    0.290691] Block layer SCSI generic (bsg) driver version 0.4 loaded (major 249)
[    0.291592] io scheduler mq-deadline registered
[    0.292141] io scheduler kyber registered
[    0.294210] input: Power Button as /devices/LNXSYSTM:00/LNXPWRBN:00/input/input0
[    0.295140] ACPI: button: Power Button [PWRF]
[    0.296071] Warning: Processor Platform Limit event detected, but not handled.
[    0.296942] Consider compiling CPUfreq support into your kernel.
[    0.314943] ACPI: \_SB_.LNKB: Enabled at IRQ 10
[    0.330976] ACPI: \_SB_.LNKC: Enabled at IRQ 11
[    0.346917] ACPI: \_SB_.LNKA: Enabled at IRQ 10
[    0.348040] Serial: 8250/16550 driver, 4 ports, IRQ sharing enabled
[    0.348948] 00:03: ttyS0 at I/O 0x3f8 (irq = 4, base_baud = 115200) is a 16550A
[    0.370383] Non-volatile memory driver v1.3
[    0.370962] Linux agpgart interface v0.103
[    0.371482] printk: legacy console [hvc0] enabled
[    0.371554] ACPI: bus type drm_connector registered
[    0.372063] printk: legacy bootconsole [earlyser0] disabled
          _      _                                    
   __   _(_)_ __| |_ _ __ ___   ___       _ __   __ _ 
   \ \ / / |  __| __|  _   _ \ / _ \_____|  _ \ / _  |
    \ V /| | |  | |_| | | | | |  __/_____| | | | (_| |
     \_/ |_|_|   \__|_| |_| |_|\___|     |_| |_|\__  |
                                                |___/ 
   kernel version: 6.12.0-rc2-virtme x86_64
   (CTRL+d to exit)

root@virtme-ng:/nipa-data/kernel# PS1='xx__-> '
xx__-> env
PWD=/nipa-data/kernel
nr_open=1048576
HOME=/
TERM=xterm
SHLVL=2
XDG_RUNTIME_DIR=/run/user/0
PATH=/bin:/sbin:/usr/bin:/usr/sbin:/usr/local/bin
OLDPWD=/
_=/bin/env
xx__-> 