No EFI environment detected.
early console in extract_kernel
input_data: 0x0000000002be52c4
input_len: 0x0000000000b585d0
output: 0x0000000001000000
output_len: 0x00000000026f60a0
kernel_total_size: 0x0000000002430000
needed_size: 0x0000000002800000
trampoline_32bit: 0x000000000009d000
Physical KASLR using RDRAND RDTSC...
Virtual KASLR using RDRAND RDTSC...

Decompressing Linux... Parsing ELF... Performing relocations... done.
Booting the kernel (entry_offset: 0x0000000000000000).
[    0.000000] Linux version 6.11.0-rc5-virtme (root@f13e69483ca2) (gcc (Ubuntu 13.2.0-23ubuntu4) 13.2.0, GNU ld (GNU Binutils for Ubuntu) 2.42) #1 SMP PREEMPT_DYNAMIC Thu Sep  5 03:07:24 UTC 2024
[    0.000000] Command line: virtme_hostname=virtme-ng nr_open=1048576 virtme_link_mods=/nipa-data/kernel/.virtme_mods/lib/modules/0.0.0 virtme_initmount0=nipa-data/kernel virtme_rw_overlay0=/etc virtme_rw_overlay1=/lib virtme_rw_overlay2=/home virtme_rw_overlay3=/opt virtme_rw_overlay4=/srv virtme_rw_overlay5=/usr virtme_rw_overlay6=/var console=hvc0 earlyprintk=serial,ttyS0,115200 virtme_console=ttyS0 psmouse.proto=exps TERM=xterm virtme_chdir=nipa-data/kernel virtme_root_user=1 rootfstype=9p rootflags=version=9p2000.L,trans=virtio,access=any raid=noautodetect ro init=/usr/lib/python3/dist-packages/virtme/guest/virtme-init
[    0.000000] x86/split lock detection: #DB: warning on user-space bus_locks
[    0.000000] BIOS-provided physical RAM map:
[    0.000000] BIOS-e820: [mem 0x0000000000000000-0x000000000009fbff] usable
[    0.000000] BIOS-e820: [mem 0x000000000009fc00-0x000000000009ffff] reserved
[    0.000000] BIOS-e820: [mem 0x00000000000f0000-0x00000000000fffff] reserved
[    0.000000] BIOS-e820: [mem 0x0000000000100000-0x000000003ffdffff] usable
[    0.000000] BIOS-e820: [mem 0x000000003ffe0000-0x000000003fffffff] reserved
[    0.000000] BIOS-e820: [mem 0x00000000feffc000-0x00000000feffffff] reserved
[    0.000000] BIOS-e820: [mem 0x00000000fffc0000-0x00000000ffffffff] reserved
[    0.000000] printk: legacy bootconsole [earlyser0] enabled
[    0.000000] NX (Execute Disable) protection: active
[    0.000000] APIC: Static calls initialized
[    0.000000] SMBIOS 3.0.0 present.
[    0.000000] DMI: QEMU Ubuntu 24.04 PC (i440FX + PIIX, 1996), BIOS 1.16.3-debian-1.16.3-2 04/01/2014
[    0.000000] DMI: Memory slots populated: 1/1
[    0.000000] Hypervisor detected: KVM
[    0.000000] kvm-clock: Using msrs 4b564d01 and 4b564d00
[    0.000001] kvm-clock: using sched offset of 987702196 cycles
[    0.000788] clocksource: kvm-clock: mask: 0xffffffffffffffff max_cycles: 0x1cd42e4dffb, max_idle_ns: 881590591483 ns
[    0.003240] tsc: Detected 2000.000 MHz processor
[    0.004459] last_pfn = 0x3ffe0 max_arch_pfn = 0x10000000000
[    0.005356] MTRR map: 4 entries (3 fixed + 1 variable; max 19), built from 8 variable MTRRs
[    0.006618] x86/PAT: Configuration [0-7]: WB  WC  UC- UC  WB  WP  UC- WT  
Memory KASLR using RDRAND RDTSC...
[    0.015001] found SMP MP-table at [mem 0x000f5470-0x000f547f]
[    0.015889] Using GB pages for direct mapping
[    0.016677] ACPI: Early table checksum verification disabled
[    0.017535] ACPI: RSDP 0x00000000000F5290 000014 (v00 BOCHS )
[    0.018410] ACPI: RSDT 0x000000003FFE308E 000034 (v01 BOCHS  BXPC     00000001 BXPC 00000001)
[    0.019699] ACPI: FACP 0x000000003FFE2D8A 000074 (v01 BOCHS  BXPC     00000001 BXPC 00000001)
[    0.021156] ACPI: DSDT 0x000000003FFE0040 002D4A (v01 BOCHS  BXPC     00000001 BXPC 00000001)
[    0.022381] ACPI: FACS 0x000000003FFE0000 000040
[    0.023039] ACPI: APIC 0x000000003FFE2DFE 000230 (v03 BOCHS  BXPC     00000001 BXPC 00000001)
[    0.024254] ACPI: HPET 0x000000003FFE302E 000038 (v01 BOCHS  BXPC     00000001 BXPC 00000001)
[    0.025467] ACPI: WAET 0x000000003FFE3066 000028 (v01 BOCHS  BXPC     00000001 BXPC 00000001)
[    0.026685] ACPI: Reserving FACP table memory at [mem 0x3ffe2d8a-0x3ffe2dfd]
[    0.027687] ACPI: Reserving DSDT table memory at [mem 0x3ffe0040-0x3ffe2d89]
[    0.028689] ACPI: Reserving FACS table memory at [mem 0x3ffe0000-0x3ffe003f]
[    0.029690] ACPI: Reserving APIC table memory at [mem 0x3ffe2dfe-0x3ffe302d]
[    0.030695] ACPI: Reserving HPET table memory at [mem 0x3ffe302e-0x3ffe3065]
[    0.031695] ACPI: Reserving WAET table memory at [mem 0x3ffe3066-0x3ffe308d]
[    0.033044] No NUMA configuration found
[    0.033589] Faking a node at [mem 0x0000000000000000-0x000000003ffdffff]
[    0.034546] NODE_DATA(0) allocated [mem 0x3ffdb000-0x3ffdffff]
[    0.035506] Zone ranges:
[    0.035866]   DMA      [mem 0x0000000000001000-0x0000000000ffffff]
[    0.036743]   DMA32    [mem 0x0000000001000000-0x000000003ffdffff]
[    0.037622]   Normal   empty
[    0.038030]   Device   empty
[    0.038443] Movable zone start for each node
[    0.039050] Early memory node ranges
[    0.039557]   node   0: [mem 0x0000000000001000-0x000000000009efff]
[    0.040447]   node   0: [mem 0x0000000000100000-0x000000003ffdffff]
[    0.041337] Initmem setup node 0 [mem 0x0000000000001000-0x000000003ffdffff]
[    0.042347] On node 0, zone DMA: 1 pages in unavailable ranges
[    0.043205] On node 0, zone DMA: 97 pages in unavailable ranges
[    0.047776] On node 0, zone DMA32: 32 pages in unavailable ranges
[    0.049172] ACPI: PM-Timer IO Port: 0x608
[    0.049761] ACPI: LAPIC_NMI (acpi_id[0xff] dfl dfl lint[0x1])
[    0.050640] IOAPIC[0]: apic_id 0, version 17, address 0xfec00000, GSI 0-23
[    0.051618] ACPI: INT_SRC_OVR (bus 0 bus_irq 0 global_irq 2 dfl dfl)
[    0.052522] ACPI: INT_SRC_OVR (bus 0 bus_irq 5 global_irq 5 high level)
[    0.053461] ACPI: INT_SRC_OVR (bus 0 bus_irq 9 global_irq 9 high level)
[    0.054404] ACPI: INT_SRC_OVR (bus 0 bus_irq 10 global_irq 10 high level)
[    0.055377] ACPI: INT_SRC_OVR (bus 0 bus_irq 11 global_irq 11 high level)
[    0.056344] ACPI: Using ACPI (MADT) for SMP configuration information
[    0.057264] ACPI: HPET id: 0x8086a201 base: 0xfed00000
[    0.058024] TSC deadline timer available
[    0.058586] CPU topo: Max. logical packages:   1
[    0.059240] CPU topo: Max. logical dies:       1
[    0.059900] CPU topo: Max. dies per package:   1
[    0.060557] CPU topo: Max. threads per core:   1
[    0.061212] CPU topo: Num. cores per package:    56
[    0.061904] CPU topo: Num. threads per package:  56
[    0.062599] CPU topo: Allowing 56 present CPUs plus 0 hotplug CPUs
[    0.063501] kvm-guest: APIC: eoi() replaced with kvm_guest_apic_eoi_write()
[    0.064505] kvm-guest: KVM setup pv remote TLB flush
[    0.065213] kvm-guest: setup PV sched yield
[    0.065810] PM: hibernation: Registered nosave memory: [mem 0x00000000-0x00000fff]
[    0.066890] PM: hibernation: Registered nosave memory: [mem 0x0009f000-0x0009ffff]
[    0.067964] PM: hibernation: Registered nosave memory: [mem 0x000a0000-0x000effff]
[    0.069039] PM: hibernation: Registered nosave memory: [mem 0x000f0000-0x000fffff]
[    0.070114] [mem 0x40000000-0xfeffbfff] available for PCI devices
[    0.070984] Booting paravirtualized kernel on KVM
[    0.071652] clocksource: refined-jiffies: mask: 0xffffffff max_cycles: 0xffffffff, max_idle_ns: 1910969940391419 ns
[    0.080779] setup_percpu: NR_CPUS:64 nr_cpumask_bits:56 nr_cpu_ids:56 nr_node_ids:1
[    0.086722] percpu: Embedded 58 pages/cpu s198744 r8192 d30632 u262144
[    0.087777] Kernel command line: virtme_hostname=virtme-ng nr_open=1048576 virtme_link_mods=/nipa-data/kernel/.virtme_mods/lib/modules/0.0.0 virtme_initmount0=nipa-data/kernel virtme_rw_overlay0=/etc virtme_rw_overlay1=/lib virtme_rw_overlay2=/home virtme_rw_overlay3=/opt virtme_rw_overlay4=/srv virtme_rw_overlay5=/usr virtme_rw_overlay6=/var console=hvc0 earlyprintk=serial,ttyS0,115200 virtme_console=ttyS0 psmouse.proto=exps TERM=xterm virtme_chdir=nipa-data/kernel virtme_root_user=1 rootfstype=9p rootflags=version=9p2000.L,trans=virtio,access=any raid=noautodetect ro init=/usr/lib/python3/dist-packages/virtme/guest/virtme-init
[    0.095968] Unknown kernel command line parameters "virtme_hostname=virtme-ng nr_open=1048576 virtme_link_mods=/nipa-data/kernel/.virtme_mods/lib/modules/0.0.0 virtme_initmount0=nipa-data/kernel virtme_rw_overlay0=/etc virtme_rw_overlay1=/lib virtme_rw_overlay2=/home virtme_rw_overlay3=/opt virtme_rw_overlay4=/srv virtme_rw_overlay5=/usr virtme_rw_overlay6=/var virtme_console=ttyS0 virtme_chdir=nipa-data/kernel virtme_root_user=1", will be passed to user space.
[    0.101869] random: crng init done
[    0.102459] printk: log_buf_len individual max cpu contribution: 4096 bytes
[    0.103477] printk: log_buf_len total cpu_extra contributions: 225280 bytes
[    0.104478] printk: log_buf_len min size: 262144 bytes
[    0.105854] printk: log_buf_len: 524288 bytes
[    0.106515] printk: early log buf free: 254024(96%)
[    0.107666] Dentry cache hash table entries: 131072 (order: 8, 1048576 bytes, linear)
[    0.108864] Inode-cache hash table entries: 65536 (order: 7, 524288 bytes, linear)
[    0.110800] Fallback order for Node 0: 0 
[    0.110809] Built 1 zonelists, mobility grouping on.  Total pages: 262014
[    0.112293] Policy zone: DMA32
[    0.112711] mem auto-init: stack:all(zero), heap alloc:off, heap free:off
[    0.117324] SLUB: HWalign=64, Order=0-3, MinObjects=0, CPUs=56, Nodes=1
Poking KASLR using RDRAND RDTSC...
[    0.118758] ftrace: allocating 48230 entries in 189 pages
[    0.134324] ftrace: allocated 189 pages with 6 groups
[    0.136331] Dynamic Preempt: voluntary
[    0.137865] rcu: Preemptible hierarchical RCU implementation.
[    0.138682] rcu: RCU event tracing is enabled.
[    0.139317] rcu: RCU restricting CPUs from NR_CPUS=64 to nr_cpu_ids=56.
[    0.140236] Trampoline variant of Tasks RCU enabled.
[    0.140926] Rude variant of Tasks RCU enabled.
[    0.141546] Tracing variant of Tasks RCU enabled.
[    0.142200] rcu: RCU calculated value of scheduler-enlistment delay is 100 jiffies.
[    0.143253] rcu: Adjusting geometry for rcu_fanout_leaf=16, nr_cpu_ids=56
[    0.144235] RCU Tasks: Setting shift to 6 and lim to 1 rcu_task_cb_adjust=1.
[    0.145204] RCU Tasks Rude: Setting shift to 6 and lim to 1 rcu_task_cb_adjust=1.
[    0.146232] RCU Tasks Trace: Setting shift to 6 and lim to 1 rcu_task_cb_adjust=1.
[    0.150481] NR_IRQS: 4352, nr_irqs: 872, preallocated irqs: 16
[    0.151663] rcu: srcu_init: Setting srcu_struct sizes based on contention.
[    0.152922] Console: colour *CGA 80x25
[    0.153490] ACPI: Core revision 20240322
[    0.154200] clocksource: hpet: mask: 0xffffffff max_cycles: 0xffffffff, max_idle_ns: 19112604467 ns
[    0.155577] APIC: Switch to symmetric I/O mode setup
[    0.156455] APIC: Switched APIC routing to: physical flat
[    0.157530] kvm-guest: APIC: send_IPI_mask() replaced with kvm_send_ipi_mask()
[    0.158653] kvm-guest: APIC: send_IPI_mask_allbutself() replaced with kvm_send_ipi_mask_allbutself()
[    0.159940] kvm-guest: setup PV IPIs
[    0.161921] ..TIMER: vector=0x30 apic1=0 pin1=2 apic2=-1 pin2=-1
[    0.164015] clocksource: tsc-early: mask: 0xffffffffffffffff max_cycles: 0x39a85c9bff6, max_idle_ns: 881590591483 ns
[    0.167381] Calibrating delay loop (skipped) preset value.. 4000.00 BogoMIPS (lpj=2000000)
[    0.168619] x86/cpu: User Mode Instruction Prevention (UMIP) activated
[    0.169525] Last level iTLB entries: 4KB 0, 2MB 0, 4MB 0
[    0.170376] Last level dTLB entries: 4KB 0, 2MB 0, 4MB 0, 1GB 0
[    0.171407] Spectre V1 : Mitigation: usercopy/swapgs barriers and __user pointer sanitization
[    0.172392] Spectre V2 : Spectre BHI mitigation: SW BHB clearing on syscall and VM exit
[    0.173383] Spectre V2 : Mitigation: Enhanced / Automatic IBRS
[    0.174382] Spectre V2 : Spectre v2 / SpectreRSB mitigation: Filling RSB on context switch
[    0.175383] Spectre V2 : Spectre v2 / PBRSB-eIBRS: Retire a single CALL on VMEXIT
[    0.176389] Spectre V2 : mitigation: Enabling conditional Indirect Branch Prediction Barrier
[    0.178384] Speculative Store Bypass: Mitigation: Speculative Store Bypass disabled via prctl
[    0.179383] TAA: Mitigation: TSX disabled
[    0.180470] x86/fpu: Supporting XSAVE feature 0x001: 'x87 floating point registers'
[    0.181383] x86/fpu: Supporting XSAVE feature 0x002: 'SSE registers'
[    0.182383] x86/fpu: Supporting XSAVE feature 0x004: 'AVX registers'
[    0.183383] x86/fpu: Supporting XSAVE feature 0x020: 'AVX-512 opmask'
[    0.184383] x86/fpu: Supporting XSAVE feature 0x040: 'AVX-512 Hi256'
[    0.185383] x86/fpu: Supporting XSAVE feature 0x080: 'AVX-512 ZMM_Hi256'
[    0.186383] x86/fpu: Supporting XSAVE feature 0x200: 'Protection Keys User registers'
[    0.187382] x86/fpu: Supporting XSAVE feature 0x20000: 'AMX Tile config'
[    0.188382] x86/fpu: Supporting XSAVE feature 0x40000: 'AMX Tile data'
[    0.189383] x86/fpu: xstate_offset[2]:  576, xstate_sizes[2]:  256
[    0.190383] x86/fpu: xstate_offset[5]:  832, xstate_sizes[5]:   64
[    0.191378] x86/fpu: xstate_offset[6]:  896, xstate_sizes[6]:  512
[    0.192383] x86/fpu: xstate_offset[7]: 1408, xstate_sizes[7]: 1024
[    0.193383] x86/fpu: xstate_offset[9]: 2432, xstate_sizes[9]:    8
[    0.194383] x86/fpu: xstate_offset[17]: 2496, xstate_sizes[17]:   64
[    0.195383] x86/fpu: xstate_offset[18]: 2560, xstate_sizes[18]: 8192
[    0.196383] x86/fpu: Enabled xstate features 0x602e7, context size is 10752 bytes, using 'compacted' format.
[    0.226354] Freeing SMP alternatives memory: 40K
[    0.227333] pid_max: default: 57344 minimum: 448
[    0.227500] Mount-cache hash table entries: 2048 (order: 2, 16384 bytes, linear)
[    0.228378] Mountpoint-cache hash table entries: 2048 (order: 2, 16384 bytes, linear)
[    0.230659] smpboot: CPU0: Intel(R) Xeon(R) Platinum 8480+ (family: 0x6, model: 0x8f, stepping: 0x6)
[    0.231621] Performance Events: PEBS fmt0-, Sapphire Rapids events, full-width counters, Intel PMU driver.
[    0.232381] ... version:                2
[    0.233206] ... bit width:              48
[    0.233377] ... generic registers:      8
[    0.234184] ... value mask:             0000ffffffffffff
[    0.234377] ... max period:             00007fffffffffff
[    0.235377] ... fixed-purpose events:   3
[    0.236172] ... event mask:             00000007000000ff
[    0.236615] signal: max sigframe size: 11952
[    0.237406] rcu: Hierarchical SRCU implementation.
[    0.238370] rcu: Max phase no-delay instances is 400.
[    0.238413] Timer migration: 2 hierarchy levels; 8 children per group; 2 crossnode level
[    0.240452] smp: Bringing up secondary CPUs ...
[    0.241499] smpboot: x86: Booting SMP configuration:
[    0.242381] .... node  #0, CPUs:        #1  #2  #3  #4  #5  #6  #7  #8  #9 #10 #11 #12 #13 #14 #15 #16 #17 #18 #19 #20 #21 #22 #23 #24 #25 #26 #27 #28 #29 #30 #31 #32 #33 #34 #35 #36 #37 #38 #39 #40 #41 #42 #43 #44 #45 #46 #47 #48 #49 #50 #51 #52 #53 #54 #55
[    0.298517] smp: Brought up 1 node, 56 CPUs
[    0.300231] smpboot: Total of 56 processors activated (224000.00 BogoMIPS)
[    0.308432] Memory: 951192K/1048056K available (16384K kernel code, 2431K rwdata, 6232K rodata, 3100K init, 1940K bss, 72268K reserved, 0K cma-reserved)
[    0.309518] devtmpfs: initialized
[    0.310430] x86/mm: Memory block size: 128MB
[    0.312638] clocksource: jiffies: mask: 0xffffffff max_cycles: 0xffffffff, max_idle_ns: 1911260446275000 ns
[    0.313383] futex hash table entries: 16384 (order: 8, 1048576 bytes, linear)
[    0.314734] PM: RTC time: 03:08:03, date: 2024-09-05
[    0.317215] NET: Registered PF_NETLINK/PF_ROUTE protocol family
[    0.317572] thermal_sys: Registered thermal governor 'step_wise'
[    0.317573] thermal_sys: Registered thermal governor 'user_space'
[    0.318409] cpuidle: using governor menu
[    0.322174] PCI: Using configuration type 1 for base access
[    0.322466] kprobes: kprobe jump-optimization is enabled. All kprobes are optimized if possible.
[    0.365683] HugeTLB: registered 1.00 GiB page size, pre-allocated 0 pages
[    0.367379] HugeTLB: 16380 KiB vmemmap can be freed for a 1.00 GiB page
[    0.368379] HugeTLB: registered 2.00 MiB page size, pre-allocated 0 pages
[    0.370378] HugeTLB: 28 KiB vmemmap can be freed for a 2.00 MiB page
[    0.375508] ACPI: Added _OSI(Module Device)
[    0.376378] ACPI: Added _OSI(Processor Device)
[    0.377378] ACPI: Added _OSI(3.0 _SCP Extensions)
[    0.378378] ACPI: Added _OSI(Processor Aggregator Device)
[    0.380081] ACPI: 1 ACPI AML tables successfully acquired and loaded
[    0.383620] ACPI: Interpreter enabled
[    0.384391] ACPI: PM: (supports S0 S3 S4 S5)
[    0.385264] ACPI: Using IOAPIC for interrupt routing
[    0.386390] PCI: Using host bridge windows from ACPI; if necessary, use "pci=nocrs" and report a bug
[    0.388377] PCI: Using E820 reservations for host bridge windows
[    0.389489] ACPI: Enabled 2 GPEs in block 00 to 0F
[    0.393982] ACPI: PCI Root Bridge [PCI0] (domain 0000 [bus 00-ff])
[    0.394380] acpi PNP0A03:00: _OSC: OS supports [ASPM ClockPM Segments MSI HPX-Type3]
[    0.396378] acpi PNP0A03:00: _OSC: not requesting OS control; OS requires [ExtendedConfig ASPM ClockPM MSI]
[    0.398383] acpi PNP0A03:00: fail to add MMCONFIG information, can't access extended configuration space under this bridge
[    0.400485] PCI host bridge to bus 0000:00
[    0.401333] pci_bus 0000:00: root bus resource [io  0x0000-0x0cf7 window]
[    0.402378] pci_bus 0000:00: root bus resource [io  0x0d00-0xffff window]
[    0.403378] pci_bus 0000:00: root bus resource [mem 0x000a0000-0x000bffff window]
[    0.404378] pci_bus 0000:00: root bus resource [mem 0x40000000-0xfebfffff window]
[    0.406378] pci_bus 0000:00: root bus resource [mem 0x100000000-0x17fffffff window]
[    0.407378] pci_bus 0000:00: root bus resource [bus 00-ff]
[    0.408428] pci 0000:00:00.0: [8086:1237] type 00 class 0x060000 conventional PCI endpoint
[    0.410911] pci 0000:00:01.0: [8086:7000] type 00 class 0x060100 conventional PCI endpoint
[    0.413083] pci 0000:00:01.1: [8086:7010] type 00 class 0x010180 conventional PCI endpoint
[    0.417700] pci 0000:00:01.1: BAR 4 [io  0xc0c0-0xc0cf]
[    0.419635] pci 0000:00:01.1: BAR 0 [io  0x01f0-0x01f7]: legacy IDE quirk
[    0.421380] pci 0000:00:01.1: BAR 1 [io  0x03f6]: legacy IDE quirk
[    0.422378] pci 0000:00:01.1: BAR 2 [io  0x0170-0x0177]: legacy IDE quirk
[    0.423377] pci 0000:00:01.1: BAR 3 [io  0x0376]: legacy IDE quirk
[    0.424604] pci 0000:00:01.3: [8086:7113] type 00 class 0x068000 conventional PCI endpoint
[    0.426948] pci 0000:00:01.3: quirk: [io  0x0600-0x063f] claimed by PIIX4 ACPI
[    0.428387] pci 0000:00:01.3: quirk: [io  0x0700-0x070f] claimed by PIIX4 SMB
[    0.429750] pci 0000:00:02.0: [1af4:1009] type 00 class 0x000200 conventional PCI endpoint
[    0.432358] pci 0000:00:02.0: BAR 0 [io  0xc000-0xc03f]
[    0.434380] pci 0000:00:02.0: BAR 1 [mem 0xfebfc000-0xfebfcfff]
[    0.439819] pci 0000:00:02.0: BAR 4 [mem 0xfebf0000-0xfebf3fff 64bit pref]
[    0.442479] pci 0000:00:03.0: [1af4:1009] type 00 class 0x000200 conventional PCI endpoint
[    0.444807] pci 0000:00:03.0: BAR 0 [io  0xc040-0xc07f]
[    0.447380] pci 0000:00:03.0: BAR 1 [mem 0xfebfd000-0xfebfdfff]
[    0.451374] pci 0000:00:03.0: BAR 4 [mem 0xfebf4000-0xfebf7fff 64bit pref]
[    0.455336] pci 0000:00:04.0: [8086:25ab] type 00 class 0x088000 conventional PCI endpoint
[    0.457838] pci 0000:00:04.0: BAR 0 [mem 0xfebfe000-0xfebfe00f]
[    0.462763] pci 0000:00:05.0: [1af4:1003] type 00 class 0x078000 conventional PCI endpoint
[    0.465198] pci 0000:00:05.0: BAR 0 [io  0xc080-0xc0bf]
[    0.467074] pci 0000:00:05.0: BAR 1 [mem 0xfebff000-0xfebfffff]
[    0.472839] pci 0000:00:05.0: BAR 4 [mem 0xfebf8000-0xfebfbfff 64bit pref]
[    0.476518] ACPI: PCI: Interrupt link LNKA configured for IRQ 10
[    0.477518] ACPI: PCI: Interrupt link LNKB configured for IRQ 10
[    0.478501] ACPI: PCI: Interrupt link LNKC configured for IRQ 11
[    0.480496] ACPI: PCI: Interrupt link LNKD configured for IRQ 11
[    0.481464] ACPI: PCI: Interrupt link LNKS configured for IRQ 9
[    0.486220] iommu: Default domain type: Translated
[    0.486378] iommu: DMA domain TLB invalidation policy: lazy mode
[    0.488503] SCSI subsystem initialized
[    0.489414] pps_core: LinuxPPS API ver. 1 registered
[    0.490378] pps_core: Software ver. 5.3.6 - Copyright 2005-2007 Rodolfo Giometti <giometti@linux.it>
[    0.492379] PTP clock support registered
[    0.493451] Advanced Linux Sound Architecture Driver Initialized.
[    0.495805] NET: Registered PF_ATMPVC protocol family
[    0.497378] NET: Registered PF_ATMSVC protocol family
[    0.498381] PCI: Using ACPI for IRQ routing
[    0.499438] vgaarb: loaded
[    0.499957] hpet0: at MMIO 0xfed00000, IRQs 2, 8, 0
[    0.500374] hpet0: 3 comparators, 64-bit 100.000000 MHz counter
[    0.505718] clocksource: Switched to clocksource kvm-clock
[    0.507114] VFS: Disk quotas dquot_6.6.0
[    0.507931] VFS: Dquot-cache hash table entries: 512 (order 0, 4096 bytes)
[    0.509498] pnp: PnP ACPI init
[    0.511032] pnp: PnP ACPI: found 5 devices
[    0.528868] clocksource: acpi_pm: mask: 0xffffff max_cycles: 0xffffff, max_idle_ns: 2085701024 ns
[    0.530766] NET: Registered PF_INET protocol family
[    0.531807] IP idents hash table entries: 16384 (order: 5, 131072 bytes, linear)
[    0.533749] tcp_listen_portaddr_hash hash table entries: 512 (order: 1, 8192 bytes, linear)
[    0.535466] Table-perturb hash table entries: 65536 (order: 6, 262144 bytes, linear)
[    0.537036] TCP established hash table entries: 8192 (order: 4, 65536 bytes, linear)
[    0.538622] TCP bind hash table entries: 8192 (order: 6, 262144 bytes, linear)
[    0.540112] TCP: Hash tables configured (established 8192 bind 8192)
[    0.541467] UDP hash table entries: 512 (order: 2, 16384 bytes, linear)
[    0.542812] UDP-Lite hash table entries: 512 (order: 2, 16384 bytes, linear)
[    0.544311] NET: Registered PF_UNIX/PF_LOCAL protocol family
[    0.545466] pci_bus 0000:00: resource 4 [io  0x0000-0x0cf7 window]
[    0.546729] pci_bus 0000:00: resource 5 [io  0x0d00-0xffff window]
[    0.547990] pci_bus 0000:00: resource 6 [mem 0x000a0000-0x000bffff window]
[    0.549382] pci_bus 0000:00: resource 7 [mem 0x40000000-0xfebfffff window]
[    0.550782] pci_bus 0000:00: resource 8 [mem 0x100000000-0x17fffffff window]
[    0.552249] pci 0000:00:01.0: PIIX3: Enabling Passive Release
[    0.553418] pci 0000:00:00.0: Limiting direct PCI/PCI transfers
[    0.554700] PCI: CLS 0 bytes, default 64
[    0.571946] RAPL PMU: API unit is 2^-32 Joules, 1 fixed counters, 10737418240 ms ovfl timer
[    0.573846] RAPL PMU: hw unit of domain psys 2^-0 Joules
[    1.020628] kvm_amd: CPU 41 isn't AMD or Hygon
[    1.021688] clocksource: tsc: mask: 0xffffffffffffffff max_cycles: 0x39a85c9bff6, max_idle_ns: 881590591483 ns
[    1.126720] Initialise system trusted keyrings
[    1.128149] workingset: timestamp_bits=56 max_order=18 bucket_order=0
[    1.129783] squashfs: version 4.0 (2009/01/31) Phillip Lougher
[    1.131000] fuse: init (API version 7.40)
[    1.132123] 9p: Installing v9fs 9p2000 file system support
[    1.144227] Key type asymmetric registered
[    1.145075] Asymmetric key parser 'x509' registered
[    1.146084] Block layer SCSI generic (bsg) driver version 0.4 loaded (major 249)
[    1.147593] io scheduler mq-deadline registered
[    1.148513] io scheduler kyber registered
[    1.166972] input: Power Button as /devices/LNXSYSTM:00/LNXPWRBN:00/input/input0
[    1.168869] ACPI: button: Power Button [PWRF]
[    1.170671] Warning: Processor Platform Limit event detected, but not handled.
[    1.173619] Consider compiling CPUfreq support into your kernel.
[    1.210119] ACPI: \_SB_.LNKB: Enabled at IRQ 10
[    1.224289] ACPI: \_SB_.LNKC: Enabled at IRQ 11
[    1.238293] ACPI: \_SB_.LNKA: Enabled at IRQ 10
[    1.240629] Serial: 8250/16550 driver, 4 ports, IRQ sharing enabled
[    1.242098] 00:03: ttyS0 at I/O 0x3f8 (irq = 4, base_baud = 115200) is a 16550A
[    1.274727] Non-volatile memory driver v1.3
[    1.275736] Linux agpgart interface v0.103
[    1.277376] ACPI: bus type drm_connector registered
[    1.278616] printk: legacy console [hvc0] enabled
[    1.279771] printk: legacy bootconsole [earlyser0] disabled
          _      _                                    
   __   _(_)_ __| |_ _ __ ___   ___       _ __   __ _ 
   \ \ / / |  __| __|  _   _ \ / _ \_____|  _ \ / _  |
    \ V /| | |  | |_| | | | | |  __/_____| | | | (_| |
     \_/ |_|_|   \__|_| |_| |_|\___|     |_| |_|\__  |
                                                |___/ 
   kernel version: 6.11.0-rc5-virtme x86_64
   (CTRL+d to exit)

root@virtme-ng:/nipa-data/kernel# PS1='xx__-> '
xx__-> env
PWD=/nipa-data/kernel
nr_open=1048576
HOME=/
TERM=xterm
SHLVL=2
XDG_RUNTIME_DIR=/run/user/0
PATH=/bin:/sbin:/usr/bin:/usr/sbin:/usr/local/bin
OLDPWD=/
_=/bin/env
xx__-> 