No EFI environment detected.
early console in extract_kernel
input_data: 0x0000000004e882c4
input_len: 0x000000000199c315
output: 0x0000000001000000
output_len: 0x00000000057abd88
kernel_total_size: 0x0000000005430000
needed_size: 0x0000000005800000
trampoline_32bit: 0x0000000000000000
Physical KASLR using RDRAND RDTSC...
Virtual KASLR using RDRAND RDTSC...

Decompressing Linux... Parsing ELF... Performing relocations... done.
Booting the kernel (entry_offset: 0x0000000002c04888).
[    0.000000] Linux version 6.15.0-virtme (root@b8c853a16aa7) (gcc (Ubuntu 13.3.0-6ubuntu2~24.04) 13.3.0, GNU ld (GNU Binutils for Ubuntu) 2.42) #1 SMP PREEMPT_DYNAMIC Thu Jun  5 09:25:51 UTC 2025
[    0.000000] Command line: virtme_hostname=virtme-ng nr_open=1048576 virtme_link_mods=/nipa-data/kernel/.virtme_mods/lib/modules/0.0.0 virtme_initmount0=nipa-data/kernel virtme_rw_overlay0=/etc virtme_rw_overlay1=/lib virtme_rw_overlay2=/home virtme_rw_overlay3=/opt virtme_rw_overlay4=/srv virtme_rw_overlay5=/usr virtme_rw_overlay6=/var console=hvc0 earlyprintk=serial,ttyS0,115200 virtme_console=ttyS0 psmouse.proto=exps TERM=xterm virtme_chdir=nipa-data/kernel virtme_root_user=1 rootfstype=9p rootflags=version=9p2000.L,trans=virtio,access=any raid=noautodetect ro init=/usr/lib/python3/dist-packages/virtme/guest/virtme-init
[    0.000000] BIOS-provided physical RAM map:
[    0.000000] BIOS-e820: [mem 0x0000000000000000-0x000000000009fbff] usable
[    0.000000] BIOS-e820: [mem 0x000000000009fc00-0x000000000009ffff] reserved
[    0.000000] BIOS-e820: [mem 0x00000000000f0000-0x00000000000fffff] reserved
[    0.000000] BIOS-e820: [mem 0x0000000000100000-0x000000003ffdffff] usable
[    0.000000] BIOS-e820: [mem 0x000000003ffe0000-0x000000003fffffff] reserved
[    0.000000] BIOS-e820: [mem 0x00000000feffc000-0x00000000feffffff] reserved
[    0.000000] BIOS-e820: [mem 0x00000000fffc0000-0x00000000ffffffff] reserved
[    0.000000] BIOS-e820: [mem 0x000000fd00000000-0x000000ffffffffff] reserved
[    0.000000] printk: legacy bootconsole [earlyser0] enabled
[    0.000000] NX (Execute Disable) protection: active
[    0.000000] APIC: Static calls initialized
[    0.000000] SMBIOS 3.0.0 present.
[    0.000000] DMI: QEMU Ubuntu 24.04 PC (i440FX + PIIX, 1996), BIOS 1.16.3-debian-1.16.3-2 04/01/2014
[    0.000000] DMI: Memory slots populated: 1/1
[    0.000000] Hypervisor detected: KVM
[    0.000000] kvm-clock: Using msrs 4b564d01 and 4b564d00
[    0.000000] kvm-clock: using sched offset of 334936025 cycles
[    0.000371] clocksource: kvm-clock: mask: 0xffffffffffffffff max_cycles: 0x1cd42e4dffb, max_idle_ns: 881590591483 ns
[    0.001512] tsc: Detected 4491.564 MHz processor
[    0.002178] last_pfn = 0x3ffe0 max_arch_pfn = 0x400000000
[    0.002581] MTRR map: 4 entries (3 fixed + 1 variable; max 19), built from 8 variable MTRRs
[    0.003170] x86/PAT: Configuration [0-7]: WB  WC  UC- UC  WB  WP  UC- WT  
[    0.005203] found SMP MP-table at [mem 0x000f5470-0x000f547f]
[    0.005616] Using GB pages for direct mapping
[    0.006072] ACPI: Early table checksum verification disabled
[    0.006469] ACPI: RSDP 0x00000000000F5290 000014 (v00 BOCHS )
[    0.006873] ACPI: RSDT 0x000000003FFE27BC 000034 (v01 BOCHS  BXPC     00000001 BXPC 00000001)
[    0.007477] ACPI: FACP 0x000000003FFE2578 000074 (v01 BOCHS  BXPC     00000001 BXPC 00000001)
[    0.008078] ACPI: DSDT 0x000000003FFE0040 002538 (v01 BOCHS  BXPC     00000001 BXPC 00000001)
[    0.008684] ACPI: FACS 0x000000003FFE0000 000040
[    0.009009] ACPI: APIC 0x000000003FFE25EC 000170 (v03 BOCHS  BXPC     00000001 BXPC 00000001)
[    0.009606] ACPI: HPET 0x000000003FFE275C 000038 (v01 BOCHS  BXPC     00000001 BXPC 00000001)
[    0.010203] ACPI: WAET 0x000000003FFE2794 000028 (v01 BOCHS  BXPC     00000001 BXPC 00000001)
[    0.010799] ACPI: Reserving FACP table memory at [mem 0x3ffe2578-0x3ffe25eb]
[    0.011292] ACPI: Reserving DSDT table memory at [mem 0x3ffe0040-0x3ffe2577]
[    0.011783] ACPI: Reserving FACS table memory at [mem 0x3ffe0000-0x3ffe003f]
[    0.012275] ACPI: Reserving APIC table memory at [mem 0x3ffe25ec-0x3ffe275b]
[    0.012768] ACPI: Reserving HPET table memory at [mem 0x3ffe275c-0x3ffe2793]
[    0.013260] ACPI: Reserving WAET table memory at [mem 0x3ffe2794-0x3ffe27bb]
[    0.013943] No NUMA configuration found
[    0.014212] Faking a node at [mem 0x0000000000000000-0x000000003ffdffff]
[    0.014683] NODE_DATA(0) allocated [mem 0x3ffdb740-0x3ffdffff]
[    0.015108] Zone ranges:
[    0.015285]   DMA      [mem 0x0000000000001000-0x0000000000ffffff]
[    0.015719]   DMA32    [mem 0x0000000001000000-0x000000003ffdffff]
[    0.016154]   Normal   empty
[    0.016358]   Device   empty
[    0.016560] Movable zone start for each node
[    0.016859] Early memory node ranges
[    0.017108]   node   0: [mem 0x0000000000001000-0x000000000009efff]
[    0.017548]   node   0: [mem 0x0000000000100000-0x000000003ffdffff]
[    0.017986] Initmem setup node 0 [mem 0x0000000000001000-0x000000003ffdffff]
[    0.018483] On node 0, zone DMA: 1 pages in unavailable ranges
[    0.018946] On node 0, zone DMA: 97 pages in unavailable ranges
[    0.023469] On node 0, zone DMA32: 32 pages in unavailable ranges
[    0.032752] kasan: KernelAddressSanitizer initialized
[    0.033333] ACPI: PM-Timer IO Port: 0x608
[    0.033625] ACPI: LAPIC_NMI (acpi_id[0xff] dfl dfl lint[0x1])
[    0.034050] IOAPIC[0]: apic_id 0, version 17, address 0xfec00000, GSI 0-23
[    0.034531] ACPI: INT_SRC_OVR (bus 0 bus_irq 0 global_irq 2 dfl dfl)
[    0.034976] ACPI: INT_SRC_OVR (bus 0 bus_irq 5 global_irq 5 high level)
[    0.035438] ACPI: INT_SRC_OVR (bus 0 bus_irq 9 global_irq 9 high level)
[    0.035900] ACPI: INT_SRC_OVR (bus 0 bus_irq 10 global_irq 10 high level)
[    0.036377] ACPI: INT_SRC_OVR (bus 0 bus_irq 11 global_irq 11 high level)
[    0.036853] ACPI: Using ACPI (MADT) for SMP configuration information
[    0.037303] ACPI: HPET id: 0x8086a201 base: 0xfed00000
[    0.037664] TSC deadline timer available
[    0.037940] CPU topo: Max. logical packages:   1
[    0.038263] CPU topo: Max. logical dies:       1
[    0.038585] CPU topo: Max. dies per package:   1
[    0.038910] CPU topo: Max. threads per core:   1
[    0.039233] CPU topo: Num. cores per package:    32
[    0.039574] CPU topo: Num. threads per package:  32
[    0.039913] CPU topo: Allowing 32 present CPUs plus 0 hotplug CPUs
[    0.040362] kvm-guest: APIC: eoi() replaced with kvm_guest_apic_eoi_write()
[    0.040859] kvm-guest: KVM setup pv remote TLB flush
[    0.041208] kvm-guest: setup PV sched yield
[    0.041506] PM: hibernation: Registered nosave memory: [mem 0x00000000-0x00000fff]
[    0.042036] PM: hibernation: Registered nosave memory: [mem 0x0009f000-0x000fffff]
[    0.042565] [mem 0x40000000-0xfeffbfff] available for PCI devices
[    0.042990] Booting paravirtualized kernel on KVM
[    0.043320] clocksource: refined-jiffies: mask: 0xffffffff max_cycles: 0xffffffff, max_idle_ns: 1910969940391419 ns
[    0.052074] setup_percpu: NR_CPUS:64 nr_cpumask_bits:32 nr_cpu_ids:32 nr_node_ids:1
[    0.053840] percpu: Embedded 65 pages/cpu s229208 r8192 d28840 u524288
[    0.054368] Kernel command line: virtme_hostname=virtme-ng nr_open=1048576 virtme_link_mods=/nipa-data/kernel/.virtme_mods/lib/modules/0.0.0 virtme_initmount0=nipa-data/kernel virtme_rw_overlay0=/etc virtme_rw_overlay1=/lib virtme_rw_overlay2=/home virtme_rw_overlay3=/opt virtme_rw_overlay4=/srv virtme_rw_overlay5=/usr virtme_rw_overlay6=/var console=hvc0 earlyprintk=serial,ttyS0,115200 virtme_console=ttyS0 psmouse.proto=exps TERM=xterm virtme_chdir=nipa-data/kernel virtme_root_user=1 rootfstype=9p rootflags=version=9p2000.L,trans=virtio,access=any raid=noautodetect ro init=/usr/lib/python3/dist-packages/virtme/guest/virtme-init
[    0.058505] Unknown kernel command line parameters "virtme_hostname=virtme-ng nr_open=1048576 virtme_link_mods=/nipa-data/kernel/.virtme_mods/lib/modules/0.0.0 virtme_initmount0=nipa-data/kernel virtme_rw_overlay0=/etc virtme_rw_overlay1=/lib virtme_rw_overlay2=/home virtme_rw_overlay3=/opt virtme_rw_overlay4=/srv virtme_rw_overlay5=/usr virtme_rw_overlay6=/var virtme_console=ttyS0 virtme_chdir=nipa-data/kernel virtme_root_user=1", will be passed to user space.
[    0.061622] random: crng init done
[    0.061866] printk: log buffer data + meta data: 262144 + 917504 = 1179648 bytes
[    0.062416] Dentry cache hash table entries: 131072 (order: 8, 1048576 bytes, linear)
[    0.063083] Inode-cache hash table entries: 65536 (order: 7, 524288 bytes, linear)
[    0.064398] Fallback order for Node 0: 0 
[    0.064402] Built 1 zonelists, mobility grouping on.  Total pages: 262014
[    0.065178] Policy zone: DMA32
[    0.065397] mem auto-init: stack:all(zero), heap alloc:off, heap free:off
[    0.065891] stackdepot: allocating hash table via alloc_large_system_hash
[    0.066382] stackdepot hash table entries: 1048576 (order: 12, 16777216 bytes, linear)
[    0.074267] SLUB: HWalign=64, Order=0-3, MinObjects=0, CPUs=32, Nodes=1
Poking KASLR using RDRAND RDTSC...
[    0.083676] ftrace: allocating 49310 entries in 194 pages
[    0.084065] ftrace: allocated 194 pages with 3 groups
[    0.085328] Dynamic Preempt: voluntary
[    0.086065] rcu: Preemptible hierarchical RCU implementation.
[    0.086475] rcu: RCU event tracing is enabled.
[    0.086799] rcu: RCU restricting CPUs from NR_CPUS=64 to nr_cpu_ids=32.
[    0.087277] Trampoline variant of Tasks RCU enabled.
[    0.087641] Rude variant of Tasks RCU enabled.
[    0.087965] Tracing variant of Tasks RCU enabled.
[    0.088308] rcu: RCU calculated value of scheduler-enlistment delay is 100 jiffies.
[    0.088862] rcu: Adjusting geometry for rcu_fanout_leaf=16, nr_cpu_ids=32
[    0.089414] RCU Tasks: Setting shift to 5 and lim to 1 rcu_task_cb_adjust=1 rcu_task_cpu_ids=32.
[    0.090043] RCU Tasks Rude: Setting shift to 5 and lim to 1 rcu_task_cb_adjust=1 rcu_task_cpu_ids=32.
[    0.090708] RCU Tasks Trace: Setting shift to 5 and lim to 1 rcu_task_cb_adjust=1 rcu_task_cpu_ids=32.
[    0.100854] NR_IRQS: 4352, nr_irqs: 680, preallocated irqs: 16
[    0.101528] rcu: srcu_init: Setting srcu_struct sizes based on contention.
[    0.102414] Console: colour *CGA 80x25
[    0.102713] ACPI: Core revision 20250404
[    0.103146] clocksource: hpet: mask: 0xffffffff max_cycles: 0xffffffff, max_idle_ns: 19112604467 ns
[    0.103863] APIC: Switch to symmetric I/O mode setup
[    0.104372] x2apic enabled
[    0.104750] APIC: Switched APIC routing to: physical x2apic
[    0.105149] kvm-guest: APIC: send_IPI_mask() replaced with kvm_send_ipi_mask()
[    0.105665] kvm-guest: APIC: send_IPI_mask_allbutself() replaced with kvm_send_ipi_mask_allbutself()
[    0.106300] kvm-guest: setup PV IPIs
[    0.107369] ..TIMER: vector=0x30 apic1=0 pin1=2 apic2=-1 pin2=-1
[    0.108151] clocksource: tsc-early: mask: 0xffffffffffffffff max_cycles: 0x40be463295d, max_idle_ns: 440795209293 ns
[    0.109493] Calibrating delay loop (skipped) preset value.. 8983.12 BogoMIPS (lpj=4491564)
[    0.110558] x86/cpu: User Mode Instruction Prevention (UMIP) activated
[    0.111549] Last level iTLB entries: 4KB 512, 2MB 255, 4MB 127
[    0.112491] Last level dTLB entries: 4KB 512, 2MB 255, 4MB 127, 1GB 0
[    0.113501] Speculative Store Bypass: Mitigation: Speculative Store Bypass disabled via prctl
[    0.114491] Speculative Return Stack Overflow: IBPB-extending microcode not applied!
[    0.115491] Speculative Return Stack Overflow: WARNING: See https://kernel.org/doc/html/latest/admin-guide/hw-vuln/srso.html for mitigation options.
[    0.115492] Spectre V2 : Mitigation: Enhanced / Automatic IBRS
[    0.117491] Speculative Return Stack Overflow: Vulnerable: Safe RET, no microcode
[    0.118491] Spectre V1 : Mitigation: usercopy/swapgs barriers and __user pointer sanitization
[    0.119494] Spectre V2 : mitigation: Enabling conditional Indirect Branch Prediction Barrier
[    0.120508] x86/fpu: Supporting XSAVE feature 0x001: 'x87 floating point registers'
[    0.121491] x86/fpu: Supporting XSAVE feature 0x002: 'SSE registers'
[    0.122491] x86/fpu: Supporting XSAVE feature 0x004: 'AVX registers'
[    0.123491] x86/fpu: Supporting XSAVE feature 0x020: 'AVX-512 opmask'
[    0.124491] x86/fpu: Supporting XSAVE feature 0x040: 'AVX-512 Hi256'
[    0.125270] x86/fpu: Supporting XSAVE feature 0x080: 'AVX-512 ZMM_Hi256'
[    0.125491] x86/fpu: Supporting XSAVE feature 0x200: 'Protection Keys User registers'
[    0.126491] x86/fpu: xstate_offset[2]:  576, xstate_sizes[2]:  256
[    0.127491] x86/fpu: xstate_offset[5]:  832, xstate_sizes[5]:   64
[    0.128491] x86/fpu: xstate_offset[6]:  896, xstate_sizes[6]:  512
[    0.129491] x86/fpu: xstate_offset[7]: 1408, xstate_sizes[7]: 1024
[    0.130247] x86/fpu: xstate_offset[9]: 2432, xstate_sizes[9]:    8
[    0.130491] x86/fpu: Enabled xstate features 0x2e7, context size is 2440 bytes, using 'compacted' format.
[    0.153152] Freeing SMP alternatives memory: 40K
[    0.153493] pid_max: default: 32768 minimum: 301
[    0.154185] Mount-cache hash table entries: 2048 (order: 2, 16384 bytes, linear)
[    0.154492] Mountpoint-cache hash table entries: 2048 (order: 2, 16384 bytes, linear)
[    0.157004] smpboot: CPU0: AMD Ryzen 9 7950X 16-Core Processor (family: 0x19, model: 0x61, stepping: 0x2)
[    0.157941] Performance Events: Fam17h+ core perfctr, AMD PMU driver.
[    0.158495] ... version:                0
[    0.158986] ... bit width:              48
[    0.159489] ... generic registers:      6
[    0.159984] ... value mask:             0000ffffffffffff
[    0.160493] ... max period:             00007fffffffffff
[    0.161144] ... fixed-purpose events:   0
[    0.161493] ... event mask:             000000000000003f
[    0.162330] signal: max sigframe size: 3376
[    0.162540] rcu: Hierarchical SRCU implementation.
[    0.163129] rcu: Max phase no-delay instances is 400.
[    0.163577] Timer migration: 2 hierarchy levels; 8 children per group; 2 crossnode level
[    0.168502] smp: Bringing up secondary CPUs ...
[    0.169254] smpboot: x86: Booting SMP configuration:
[    0.169494] .... node  #0, CPUs:        #1  #2  #3  #4  #5  #6  #7  #8  #9 #10 #11 #12 #13 #14 #15 #16 #17 #18 #19 #20 #21 #22 #23 #24 #25 #26 #27 #28 #29 #30 #31
[    0.185591] smp: Brought up 1 node, 32 CPUs
[    0.187016] smpboot: Total of 32 processors activated (287460.09 BogoMIPS)
[    0.190700] Memory: 759268K/1048056K available (45075K kernel code, 11645K rwdata, 10320K rodata, 6180K init, 1192K bss, 273000K reserved, 0K cma-reserved)
[    0.191623] devtmpfs: initialized
[    0.192526] x86/mm: Memory block size: 128MB
[    0.199652] clocksource: jiffies: mask: 0xffffffff max_cycles: 0xffffffff, max_idle_ns: 1911260446275000 ns
[    0.200502] posixtimers hash table entries: 16384 (order: 6, 262144 bytes, linear)
[    0.201517] futex hash table entries: 8192 (524288 bytes on 1 NUMA nodes, total 512 KiB, linear).
[    0.202819] PM: RTC time: 09:29:13, date: 2025-06-05
[    0.204238] NET: Registered PF_NETLINK/PF_ROUTE protocol family
[    0.205378] thermal_sys: Registered thermal governor 'step_wise'
[    0.205408] cpuidle: using governor menu
[    0.207005] PCI: Using configuration type 1 for base access
[    0.207493] PCI: Using configuration type 1 for extended access
[    0.208364] kprobes: kprobe jump-optimization is enabled. All kprobes are optimized if possible.
[    0.220723] HugeTLB: allocation took 0ms with hugepage_allocation_threads=8
[    0.221523] HugeTLB: registered 1.00 GiB page size, pre-allocated 0 pages
[    0.222352] HugeTLB: 16380 KiB vmemmap can be freed for a 1.00 GiB page
[    0.223493] HugeTLB: registered 2.00 MiB page size, pre-allocated 0 pages
[    0.224321] HugeTLB: 28 KiB vmemmap can be freed for a 2.00 MiB page
[    0.225625] ACPI: Added _OSI(Module Device)
[    0.226140] ACPI: Added _OSI(Processor Device)
[    0.226493] ACPI: Added _OSI(Processor Aggregator Device)
[    0.251859] ACPI: 1 ACPI AML tables successfully acquired and loaded
[    0.257449] ACPI: Interpreter enabled
[    0.257554] ACPI: PM: (supports S0 S3 S4 S5)
[    0.258075] ACPI: Using IOAPIC for interrupt routing
[    0.258547] PCI: Using host bridge windows from ACPI; if necessary, use "pci=nocrs" and report a bug
[    0.259493] PCI: Using E820 reservations for host bridge windows
[    0.261332] ACPI: Enabled 2 GPEs in block 00 to 0F
[    0.311912] ACPI: PCI Root Bridge [PCI0] (domain 0000 [bus 00-ff])
[    0.312507] acpi PNP0A03:00: _OSC: OS supports [ExtendedConfig ASPM ClockPM Segments MSI HPX-Type3]
[    0.314011] PCI host bridge to bus 0000:00
[    0.314550] pci_bus 0000:00: root bus resource [io  0x0000-0x0cf7 window]
[    0.315379] pci_bus 0000:00: root bus resource [io  0x0d00-0xffff window]
[    0.316496] pci_bus 0000:00: root bus resource [mem 0x000a0000-0x000bffff window]
[    0.317403] pci_bus 0000:00: root bus resource [mem 0x40000000-0xfebfffff window]
[    0.318496] pci_bus 0000:00: root bus resource [mem 0x100000000-0x17fffffff window]
[    0.319426] pci_bus 0000:00: root bus resource [bus 00-ff]
[    0.319584] pci 0000:00:00.0: [8086:1237] type 00 class 0x060000 conventional PCI endpoint
[    0.321404] pci 0000:00:01.0: [8086:7000] type 00 class 0x060100 conventional PCI endpoint
[    0.323385] pci 0000:00:01.1: [8086:7010] type 00 class 0x010180 conventional PCI endpoint
[    0.324929] pci 0000:00:01.1: BAR 4 [io  0xc0c0-0xc0cf]
[    0.325510] pci 0000:00:01.1: BAR 0 [io  0x01f0-0x01f7]: legacy IDE quirk
[    0.326333] pci 0000:00:01.1: BAR 1 [io  0x03f6]: legacy IDE quirk
[    0.327493] pci 0000:00:01.1: BAR 2 [io  0x0170-0x0177]: legacy IDE quirk
[    0.328315] pci 0000:00:01.1: BAR 3 [io  0x0376]: legacy IDE quirk
[    0.329207] pci 0000:00:01.3: [8086:7113] type 00 class 0x068000 conventional PCI endpoint
[    0.330703] pci 0000:00:01.3: quirk: [io  0x0600-0x063f] claimed by PIIX4 ACPI
[    0.331497] pci 0000:00:01.3: quirk: [io  0x0700-0x070f] claimed by PIIX4 SMB
[    0.333127] pci 0000:00:02.0: [1af4:1009] type 00 class 0x000200 conventional PCI endpoint
[    0.335497] pci 0000:00:02.0: BAR 0 [io  0xc000-0xc03f]
[    0.336137] pci 0000:00:02.0: BAR 1 [mem 0xfebfc000-0xfebfcfff]
[    0.336507] pci 0000:00:02.0: BAR 4 [mem 0xfebf0000-0xfebf3fff 64bit pref]
[    0.349395] pci 0000:00:03.0: [1af4:1009] type 00 class 0x000200 conventional PCI endpoint
[    0.351497] pci 0000:00:03.0: BAR 0 [io  0xc040-0xc07f]
[    0.352136] pci 0000:00:03.0: BAR 1 [mem 0xfebfd000-0xfebfdfff]
[    0.353507] pci 0000:00:03.0: BAR 4 [mem 0xfebf4000-0xfebf7fff 64bit pref]
[    0.366333] pci 0000:00:04.0: [8086:25ab] type 00 class 0x088000 conventional PCI endpoint
[    0.366830] pci 0000:00:04.0: BAR 0 [mem 0xfebfe000-0xfebfe00f]
[    0.380358] pci 0000:00:05.0: [1af4:1003] type 00 class 0x078000 conventional PCI endpoint
[    0.381217] pci 0000:00:05.0: BAR 0 [io  0xc080-0xc0bf]
[    0.382497] pci 0000:00:05.0: BAR 1 [mem 0xfebff000-0xfebfffff]
[    0.383229] pci 0000:00:05.0: BAR 4 [mem 0xfebf8000-0xfebfbfff 64bit pref]
[    0.397925] ACPI: PCI: Interrupt link LNKA configured for IRQ 10
[    0.399480] ACPI: PCI: Interrupt link LNKB configured for IRQ 10
[    0.401459] ACPI: PCI: Interrupt link LNKC configured for IRQ 11
[    0.403459] ACPI: PCI: Interrupt link LNKD configured for IRQ 11
[    0.404892] ACPI: PCI: Interrupt link LNKS configured for IRQ 9
[    0.424808] iommu: Default domain type: Translated
[    0.425399] iommu: DMA domain TLB invalidation policy: lazy mode
[    0.427796] SCSI subsystem initialized
[    0.428587] pps_core: LinuxPPS API ver. 1 registered
[    0.429186] pps_core: Software ver. 5.3.6 - Copyright 2005-2007 Rodolfo Giometti <giometti@linux.it>
[    0.430508] PTP clock support registered
[    0.431618] Advanced Linux Sound Architecture Driver Initialized.
[    0.433634] NET: Registered PF_ATMPVC protocol family
[    0.434248] NET: Registered PF_ATMSVC protocol family
[    0.434531] PCI: Using ACPI for IRQ routing
[    0.435529] vgaarb: loaded
[    0.435611] hpet0: at MMIO 0xfed00000, IRQs 2, 8, 0
[    0.436205] hpet0: 3 comparators, 64-bit 100.000000 MHz counter
[    0.440627] clocksource: Switched to clocksource kvm-clock
[    0.441717] VFS: Disk quotas dquot_6.6.0
[    0.442202] VFS: Dquot-cache hash table entries: 512 (order 0, 4096 bytes)
[    0.445385] pnp: PnP ACPI init
[    0.448319] pnp: PnP ACPI: found 5 devices
[    0.459971] clocksource: acpi_pm: mask: 0xffffff max_cycles: 0xffffff, max_idle_ns: 2085701024 ns
[    0.461102] NET: Registered PF_INET protocol family
[    0.461818] IP idents hash table entries: 16384 (order: 5, 131072 bytes, linear)
[    0.463102] tcp_listen_portaddr_hash hash table entries: 512 (order: 1, 8192 bytes, linear)
[    0.464126] Table-perturb hash table entries: 65536 (order: 6, 262144 bytes, linear)
[    0.465088] TCP established hash table entries: 8192 (order: 4, 65536 bytes, linear)
[    0.466023] TCP bind hash table entries: 8192 (order: 6, 262144 bytes, linear)
[    0.466901] TCP: Hash tables configured (established 8192 bind 8192)
[    0.467822] UDP hash table entries: 512 (order: 3, 32768 bytes, linear)
[    0.468621] UDP-Lite hash table entries: 512 (order: 3, 32768 bytes, linear)
[    0.469679] NET: Registered PF_UNIX/PF_LOCAL protocol family
[    0.470377] pci_bus 0000:00: resource 4 [io  0x0000-0x0cf7 window]
[    0.471122] pci_bus 0000:00: resource 5 [io  0x0d00-0xffff window]
[    0.471862] pci_bus 0000:00: resource 6 [mem 0x000a0000-0x000bffff window]
[    0.472686] pci_bus 0000:00: resource 7 [mem 0x40000000-0xfebfffff window]
[    0.473508] pci_bus 0000:00: resource 8 [mem 0x100000000-0x17fffffff window]
[    0.474554] pci 0000:00:01.0: PIIX3: Enabling Passive Release
[    0.475247] pci 0000:00:00.0: Limiting direct PCI/PCI transfers
[    0.476000] PCI: CLS 0 bytes, default 64
[    0.476592] kvm_intel: VMX not supported by CPU 11
[    0.477188] kvm_amd: TSC scaling supported
[    0.477688] kvm_amd: Nested Virtualization enabled
[    0.478272] kvm_amd: Nested Paging enabled
[    0.478775] kvm_amd: LBR virtualization supported
[    0.479365] kvm_amd: Virtual GIF supported
[    0.479864] kvm_amd: Virtual NMI enabled
[    0.503154] ------------[ cut here ]------------
[    0.503754] WARNING: CPU: 11 PID: 1 at ./arch/x86/include/asm/kvm-x86-ops.h:130 kvm_x86_vendor_init+0x1f8b/0x2380
[    0.505035] Modules linked in:
[    0.505413] CPU: 11 UID: 0 PID: 1 Comm: swapper/0 Not tainted 6.15.0-virtme #1 PREEMPT(voluntary) 
[    0.506520] Hardware name: QEMU Ubuntu 24.04 PC (i440FX + PIIX, 1996), BIOS 1.16.3-debian-1.16.3-2 04/01/2014
[    0.507740] RIP: 0010:kvm_x86_vendor_init+0x1f8b/0x2380
[    0.508381] Code: e9 76 f1 ff ff 90 0f 0b 90 e9 90 f1 ff ff 90 0f 0b 90 e9 aa f1 ff ff 90 0f 0b 90 e9 c4 f1 ff ff 90 0f 0b 90 e9 de f1 ff ff 90 <0f> 0b 90 e9 12 f2 ff ff 90 0f 0b 90 e9 c8 f2 ff ff 90 0f 0b 90 e9
[    0.510679] RSP: 0018:ffff88800139fca0 EFLAGS: 00010246
[    0.511323] RAX: 0000000000000000 RBX: ffffffffad1f9a60 RCX: ffffffffaafee792
[    0.512200] RDX: 0000000000000000 RSI: 0000000000000008 RDI: ffff88800139fb58
[    0.513077] RBP: ffff88800139fdc8 R08: 0000000000000001 R09: ffffed1000273f6b
[    0.513955] R10: ffff88800139fb5f R11: ffffffffad6c9a00 R12: 1ffff11000273f98
[    0.514832] R13: 0000000004000069 R14: ffffffffad1f9a78 R15: ffffffffa8faa3f0
[    0.515712] FS:  0000000000000000(0000) GS:ffff8880882ee000(0000) knlGS:0000000000000000
[    0.516702] CS:  0010 DS: 0000 ES: 0000 CR0: 0000000080050033
[    0.517402] CR2: 0000000000000000 CR3: 000000002810a000 CR4: 0000000000750ef0
[    0.518274] PKRU: 55555554
[    0.518609] Call Trace:
[    0.518909]  <TASK>
[    0.519166]  ? __pfx_kvm_x86_vendor_init+0x10/0x10
[    0.519756]  ? srso_alias_return_thunk+0x5/0xfbef5
[    0.520341]  ? add_device_randomness+0xb7/0xf0
[    0.520890]  ? __pfx_add_device_randomness+0x10/0x10
[    0.521499]  ? __pfx_vt_init+0x10/0x10
[    0.521958]  svm_init+0xcc/0x170
[    0.522352]  ? __pfx_svm_init+0x10/0x10
[    0.522824]  do_one_initcall+0xa0/0x310
[    0.523294]  ? __pfx_do_one_initcall+0x10/0x10
[    0.523842]  ? srso_alias_return_thunk+0x5/0xfbef5
[    0.524427]  ? __kmalloc_noprof+0x192/0x470
[    0.524942]  ? memset+0x11/0x20
[    0.525324]  ? srso_alias_return_thunk+0x5/0xfbef5
[    0.525911]  kernel_init_freeable+0x45c/0x790
[    0.526441]  ? __pfx_kernel_init+0x10/0x10
[    0.526947]  kernel_init+0x1f/0x200
[    0.527370]  ? calculate_sigpending+0x5a/0xa0
[    0.527905]  ? __pfx_kernel_init+0x10/0x10
[    0.528401]  ret_from_fork+0x101/0x1c0
[    0.528863]  ? __pfx_kernel_init+0x10/0x10
[    0.529359]  ret_from_fork_asm+0x1a/0x30
[    0.529842]  </TASK>
[    0.530108] ---[ end trace 0000000000000000 ]---
[    0.536215] clocksource: tsc: mask: 0xffffffffffffffff max_cycles: 0x40be463295d, max_idle_ns: 440795209293 ns
[    0.552012] Initialise system trusted keyrings
[    0.552728] workingset: timestamp_bits=56 max_order=18 bucket_order=0
[    0.553626] squashfs: version 4.0 (2009/01/31) Phillip Lougher
[    0.554350] fuse: init (API version 7.43)
[    0.554976] 9p: Installing v9fs 9p2000 file system support
[    0.564722] Key type asymmetric registered
[    0.565227] Asymmetric key parser 'x509' registered
[    0.565888] Block layer SCSI generic (bsg) driver version 0.4 loaded (major 249)
[    0.566822] io scheduler mq-deadline registered
[    0.567374] io scheduler kyber registered
[    0.569836] input: Power Button as /devices/LNXSYSTM:00/LNXPWRBN:00/input/input0
[    0.570988] ACPI: button: Power Button [PWRF]
[    0.572891] Warning: Processor Platform Limit event detected, but not handled.
[    0.573802] Consider compiling CPUfreq support into your kernel.
[    1.443395] ACPI: \_SB_.LNKB: Enabled at IRQ 10
[    2.305381] ACPI: \_SB_.LNKC: Enabled at IRQ 11
[    3.166529] ACPI: \_SB_.LNKA: Enabled at IRQ 10
[    3.167893] Serial: 8250/16550 driver, 4 ports, IRQ sharing enabled
[    3.168977] 00:03: ttyS0 at I/O 0x3f8 (irq = 4, base_baud = 115200) is a 16550A
[    3.192945] Non-volatile memory driver v1.3
[    3.193499] Linux agpgart interface v0.103
[    3.194218] ACPI: bus type drm_connector registered
[    3.194834] printk: legacy console [hvc0] enabled
[    3.195421] printk: legacy bootconsole [earlyser0] disabled
          _      _                                    
   __   _(_)_ __| |_ _ __ ___   ___       _ __   __ _ 
   \ \ / / |  __| __|  _   _ \ / _ \_____|  _ \ / _  |
    \ V /| | |  | |_| | | | | |  __/_____| | | | (_| |
     \_/ |_|_|   \__|_| |_| |_|\___|     |_| |_|\__  |
                                                |___/ 
   kernel version: 6.15.0-virtme x86_64
   (CTRL+d to exit)

root@virtme-ng:/nipa-data/kernel# PS1='xx__-> '
xx__-> env
PWD=/nipa-data/kernel
nr_open=1048576
HOME=/
TERM=xterm
SHLVL=2
XDG_RUNTIME_DIR=/run/user/0
PATH=/bin:/sbin:/usr/bin:/usr/sbin:/usr/local/bin
OLDPWD=/
_=/bin/env
xx__-> 