No EFI environment detected.
early console in extract_kernel
input_data: 0x0000000002be92c4
input_len: 0x0000000000b42746
output: 0x0000000001000000
output_len: 0x00000000026e43c4
kernel_total_size: 0x0000000002430000
needed_size: 0x0000000002800000
trampoline_32bit: 0x0000000000000000
Physical KASLR using RDRAND RDTSC...
Virtual KASLR using RDRAND RDTSC...

Decompressing Linux... Parsing ELF... Performing relocations... done.
Booting the kernel (entry_offset: 0x0000000000000000).
[    0.000000] Linux version 6.10.0-rc3-virtme (root@071e0d34d74a) (gcc (Alpine 13.2.1_git20240309) 13.2.1 20240309, GNU ld (GNU Binutils) 2.42) #1 SMP PREEMPT_DYNAMIC Wed Jun 19 21:06:17 UTC 2024
[    0.000000] Command line: virtme_hostname=virtme-ng nr_open=1048576 virtme_link_mods=/nipa-data/kernel/.virtme_mods/lib/modules/0.0.0 virtme_initmount0=nipa-data/kernel virtme_rw_overlay0=/etc virtme_rw_overlay1=/lib virtme_rw_overlay2=/home virtme_rw_overlay3=/opt virtme_rw_overlay4=/srv virtme_rw_overlay5=/usr virtme_rw_overlay6=/var console=hvc0 earlyprintk=serial,ttyS0,115200 virtme_console=ttyS0 psmouse.proto=exps TERM=xterm virtme_chdir=nipa-data/kernel virtme_root_user=1 rootfstype=9p rootflags=version=9p2000.L,trans=virtio,access=any raid=noautodetect ro init=/usr/lib/python3.12/site-packages/virtme/guest/virtme-init
[    0.000000] BIOS-provided physical RAM map:
[    0.000000] BIOS-e820: [mem 0x0000000000000000-0x000000000009fbff] usable
[    0.000000] BIOS-e820: [mem 0x000000000009fc00-0x000000000009ffff] reserved
[    0.000000] BIOS-e820: [mem 0x00000000000f0000-0x00000000000fffff] reserved
[    0.000000] BIOS-e820: [mem 0x0000000000100000-0x000000003ffdffff] usable
[    0.000000] BIOS-e820: [mem 0x000000003ffe0000-0x000000003fffffff] reserved
[    0.000000] BIOS-e820: [mem 0x00000000feffc000-0x00000000feffffff] reserved
[    0.000000] BIOS-e820: [mem 0x00000000fffc0000-0x00000000ffffffff] reserved
[    0.000000] BIOS-e820: [mem 0x000000fd00000000-0x000000ffffffffff] reserved
[    0.000000] printk: legacy bootconsole [earlyser0] enabled
[    0.000000] NX (Execute Disable) protection: active
[    0.000000] APIC: Static calls initialized
[    0.000000] SMBIOS 2.8 present.
[    0.000000] DMI: QEMU Standard PC (i440FX + PIIX, 1996), BIOS rel-1.16.3-0-ga6ed6b701f0a-prebuilt.qemu.org 04/01/2014
[    0.000000] DMI: Memory slots populated: 1/1
[    0.000000] Hypervisor detected: KVM
[    0.000000] kvm-clock: Using msrs 4b564d01 and 4b564d00
[    0.000000] kvm-clock: using sched offset of 235926650 cycles
[    0.000380] clocksource: kvm-clock: mask: 0xffffffffffffffff max_cycles: 0x1cd42e4dffb, max_idle_ns: 881590591483 ns
[    0.001563] tsc: Detected 4491.556 MHz processor
[    0.002159] last_pfn = 0x3ffe0 max_arch_pfn = 0x400000000
[    0.002574] MTRR map: 4 entries (3 fixed + 1 variable; max 19), built from 8 variable MTRRs
[    0.003181] x86/PAT: Configuration [0-7]: WB  WC  UC- UC  WB  WP  UC- WT  
Memory KASLR using RDRAND RDTSC...
[    0.005203] found SMP MP-table at [mem 0x000f5470-0x000f547f]
[    0.005625] Using GB pages for direct mapping
[    0.005974] ACPI: Early table checksum verification disabled
[    0.006387] ACPI: RSDP 0x00000000000F5290 000014 (v00 BOCHS )
[    0.006806] ACPI: RSDT 0x000000003FFE27BC 000034 (v01 BOCHS  BXPC     00000001 BXPC 00000001)
[    0.007432] ACPI: FACP 0x000000003FFE2578 000074 (v01 BOCHS  BXPC     00000001 BXPC 00000001)
[    0.008055] ACPI: DSDT 0x000000003FFE0040 002538 (v01 BOCHS  BXPC     00000001 BXPC 00000001)
[    0.008675] ACPI: FACS 0x000000003FFE0000 000040
[    0.009015] ACPI: APIC 0x000000003FFE25EC 000170 (v03 BOCHS  BXPC     00000001 BXPC 00000001)
[    0.009633] ACPI: HPET 0x000000003FFE275C 000038 (v01 BOCHS  BXPC     00000001 BXPC 00000001)
[    0.010253] ACPI: WAET 0x000000003FFE2794 000028 (v01 BOCHS  BXPC     00000001 BXPC 00000001)
[    0.010870] ACPI: Reserving FACP table memory at [mem 0x3ffe2578-0x3ffe25eb]
[    0.011385] ACPI: Reserving DSDT table memory at [mem 0x3ffe0040-0x3ffe2577]
[    0.011899] ACPI: Reserving FACS table memory at [mem 0x3ffe0000-0x3ffe003f]
[    0.012409] ACPI: Reserving APIC table memory at [mem 0x3ffe25ec-0x3ffe275b]
[    0.012925] ACPI: Reserving HPET table memory at [mem 0x3ffe275c-0x3ffe2793]
[    0.013438] ACPI: Reserving WAET table memory at [mem 0x3ffe2794-0x3ffe27bb]
[    0.014094] No NUMA configuration found
[    0.014373] Faking a node at [mem 0x0000000000000000-0x000000003ffdffff]
[    0.014860] NODE_DATA(0) allocated [mem 0x3ffdb000-0x3ffdffff]
[    0.015294] Zone ranges:
[    0.015480]   DMA      [mem 0x0000000000001000-0x0000000000ffffff]
[    0.015930]   DMA32    [mem 0x0000000001000000-0x000000003ffdffff]
[    0.016379]   Normal   empty
[    0.016588]   Device   empty
[    0.016797] Movable zone start for each node
[    0.017107] Early memory node ranges
[    0.017366]   node   0: [mem 0x0000000000001000-0x000000000009efff]
[    0.017821]   node   0: [mem 0x0000000000100000-0x000000003ffdffff]
[    0.018276] Initmem setup node 0 [mem 0x0000000000001000-0x000000003ffdffff]
[    0.018791] On node 0, zone DMA: 1 pages in unavailable ranges
[    0.019225] On node 0, zone DMA: 97 pages in unavailable ranges
[    0.020648] On node 0, zone DMA32: 32 pages in unavailable ranges
[    0.021294] ACPI: PM-Timer IO Port: 0x608
[    0.021590] ACPI: LAPIC_NMI (acpi_id[0xff] dfl dfl lint[0x1])
[    0.022025] IOAPIC[0]: apic_id 0, version 17, address 0xfec00000, GSI 0-23
[    0.022525] ACPI: INT_SRC_OVR (bus 0 bus_irq 0 global_irq 2 dfl dfl)
[    0.022988] ACPI: INT_SRC_OVR (bus 0 bus_irq 5 global_irq 5 high level)
[    0.023472] ACPI: INT_SRC_OVR (bus 0 bus_irq 9 global_irq 9 high level)
[    0.023954] ACPI: INT_SRC_OVR (bus 0 bus_irq 10 global_irq 10 high level)
[    0.024448] ACPI: INT_SRC_OVR (bus 0 bus_irq 11 global_irq 11 high level)
[    0.024943] ACPI: Using ACPI (MADT) for SMP configuration information
[    0.025411] ACPI: HPET id: 0x8086a201 base: 0xfed00000
[    0.025786] TSC deadline timer available
[    0.026073] CPU topo: Max. logical packages:   1
[    0.026409] CPU topo: Max. logical dies:       1
[    0.026744] CPU topo: Max. dies per package:   1
[    0.027085] CPU topo: Max. threads per core:   1
[    0.027419] CPU topo: Num. cores per package:    32
[    0.027775] CPU topo: Num. threads per package:  32
[    0.028128] CPU topo: Allowing 32 present CPUs plus 0 hotplug CPUs
[    0.028583] kvm-guest: APIC: eoi() replaced with kvm_guest_apic_eoi_write()
[    0.029097] kvm-guest: KVM setup pv remote TLB flush
[    0.029459] kvm-guest: setup PV sched yield
[    0.029766] PM: hibernation: Registered nosave memory: [mem 0x00000000-0x00000fff]
[    0.030316] PM: hibernation: Registered nosave memory: [mem 0x0009f000-0x0009ffff]
[    0.030864] PM: hibernation: Registered nosave memory: [mem 0x000a0000-0x000effff]
[    0.031413] PM: hibernation: Registered nosave memory: [mem 0x000f0000-0x000fffff]
[    0.031965] [mem 0x40000000-0xfeffbfff] available for PCI devices
[    0.032407] Booting paravirtualized kernel on KVM
[    0.032748] clocksource: refined-jiffies: mask: 0xffffffff max_cycles: 0xffffffff, max_idle_ns: 1910969940391419 ns
[    0.036292] setup_percpu: NR_CPUS:64 nr_cpumask_bits:32 nr_cpu_ids:32 nr_node_ids:1
[    0.037428] percpu: Embedded 58 pages/cpu s198872 r8192 d30504 u262144
[    0.037932] Kernel command line: virtme_hostname=virtme-ng nr_open=1048576 virtme_link_mods=/nipa-data/kernel/.virtme_mods/lib/modules/0.0.0 virtme_initmount0=nipa-data/kernel virtme_rw_overlay0=/etc virtme_rw_overlay1=/lib virtme_rw_overlay2=/home virtme_rw_overlay3=/opt virtme_rw_overlay4=/srv virtme_rw_overlay5=/usr virtme_rw_overlay6=/var console=hvc0 earlyprintk=serial,ttyS0,115200 virtme_console=ttyS0 psmouse.proto=exps TERM=xterm virtme_chdir=nipa-data/kernel virtme_root_user=1 rootfstype=9p rootflags=version=9p2000.L,trans=virtio,access=any raid=noautodetect ro init=/usr/lib/python3.12/site-packages/virtme/guest/virtme-init
[    0.042174] Unknown kernel command line parameters "virtme_hostname=virtme-ng nr_open=1048576 virtme_link_mods=/nipa-data/kernel/.virtme_mods/lib/modules/0.0.0 virtme_initmount0=nipa-data/kernel virtme_rw_overlay0=/etc virtme_rw_overlay1=/lib virtme_rw_overlay2=/home virtme_rw_overlay3=/opt virtme_rw_overlay4=/srv virtme_rw_overlay5=/usr virtme_rw_overlay6=/var virtme_console=ttyS0 virtme_chdir=nipa-data/kernel virtme_root_user=1", will be passed to user space.
[    0.045410] random: crng init done
[    0.045697] Dentry cache hash table entries: 131072 (order: 8, 1048576 bytes, linear)
[    0.046299] Inode-cache hash table entries: 65536 (order: 7, 524288 bytes, linear)
[    0.046948] Fallback order for Node 0: 0 
[    0.046950] Built 1 zonelists, mobility grouping on.  Total pages: 262014
[    0.047759] Policy zone: DMA32
[    0.047986] mem auto-init: stack:all(zero), heap alloc:off, heap free:off, mlocked free:off
[    0.049414] Memory: 984584K/1048056K available (16384K kernel code, 2423K rwdata, 6172K rodata, 3088K init, 2004K bss, 63212K reserved, 0K cma-reserved)
[    0.050460] SLUB: HWalign=64, Order=0-3, MinObjects=0, CPUs=32, Nodes=1
Poking KASLR using RDRAND RDTSC...
[    0.051207] ftrace: allocating 47825 entries in 187 pages
[    0.058102] ftrace: allocated 187 pages with 6 groups
[    0.059074] Dynamic Preempt: voluntary
[    0.059488] rcu: Preemptible hierarchical RCU implementation.
[    0.059919] rcu: RCU event tracing is enabled.
[    0.060256] rcu: RCU restricting CPUs from NR_CPUS=64 to nr_cpu_ids=32.
[    0.060755] Trampoline variant of Tasks RCU enabled.
[    0.061131] Rude variant of Tasks RCU enabled.
[    0.061469] Tracing variant of Tasks RCU enabled.
[    0.061827] rcu: RCU calculated value of scheduler-enlistment delay is 100 jiffies.
[    0.062397] rcu: Adjusting geometry for rcu_fanout_leaf=16, nr_cpu_ids=32
[    0.062908] RCU Tasks: Setting shift to 5 and lim to 1 rcu_task_cb_adjust=1.
[    0.063436] RCU Tasks Rude: Setting shift to 5 and lim to 1 rcu_task_cb_adjust=1.
[    0.063996] RCU Tasks Trace: Setting shift to 5 and lim to 1 rcu_task_cb_adjust=1.
[    0.065945] NR_IRQS: 4352, nr_irqs: 680, preallocated irqs: 16
[    0.066542] rcu: srcu_init: Setting srcu_struct sizes based on contention.
[    0.067192] Console: colour *CGA 80x25
[    0.067480] ACPI: Core revision 20240322
[    0.067839] clocksource: hpet: mask: 0xffffffff max_cycles: 0xffffffff, max_idle_ns: 19112604467 ns
[    0.068570] APIC: Switch to symmetric I/O mode setup
[    0.068954] APIC: Switched APIC routing to: physical flat
[    0.069352] kvm-guest: APIC: send_IPI_mask() replaced with kvm_send_ipi_mask()
[    0.069883] kvm-guest: APIC: send_IPI_mask_allbutself() replaced with kvm_send_ipi_mask_allbutself()
[    0.070557] kvm-guest: setup PV IPIs
[    0.071586] ..TIMER: vector=0x30 apic1=0 pin1=2 apic2=-1 pin2=-1
[    0.072376] tsc: Marking TSC unstable due to TSCs unsynchronized
[    0.073171] Calibrating delay loop (skipped) preset value.. 8983.11 BogoMIPS (lpj=4491556)
[    0.074230] x86/cpu: User Mode Instruction Prevention (UMIP) activated
[    0.075218] Last level iTLB entries: 4KB 512, 2MB 255, 4MB 127
[    0.076170] Last level dTLB entries: 4KB 512, 2MB 255, 4MB 127, 1GB 0
[    0.077174] Spectre V1 : Mitigation: usercopy/swapgs barriers and __user pointer sanitization
[    0.078174] Spectre V2 : Mitigation: Enhanced / Automatic IBRS
[    0.079170] Spectre V2 : Spectre v2 / SpectreRSB mitigation: Filling RSB on context switch
[    0.080171] Spectre V2 : mitigation: Enabling conditional Indirect Branch Prediction Barrier
[    0.081171] Speculative Store Bypass: Mitigation: Speculative Store Bypass disabled via prctl
[    0.082170] Speculative Return Stack Overflow: IBPB-extending microcode not applied!
[    0.083170] Speculative Return Stack Overflow: WARNING: See https://kernel.org/doc/html/latest/admin-guide/hw-vuln/srso.html for mitigation options.
[    0.083171] Speculative Return Stack Overflow: Vulnerable: Safe RET, no microcode
[    0.085185] x86/fpu: Supporting XSAVE feature 0x001: 'x87 floating point registers'
[    0.086170] x86/fpu: Supporting XSAVE feature 0x002: 'SSE registers'
[    0.087170] x86/fpu: Supporting XSAVE feature 0x004: 'AVX registers'
[    0.087972] x86/fpu: Supporting XSAVE feature 0x020: 'AVX-512 opmask'
[    0.088170] x86/fpu: Supporting XSAVE feature 0x040: 'AVX-512 Hi256'
[    0.089170] x86/fpu: Supporting XSAVE feature 0x080: 'AVX-512 ZMM_Hi256'
[    0.090170] x86/fpu: Supporting XSAVE feature 0x200: 'Protection Keys User registers'
[    0.091171] x86/fpu: xstate_offset[2]:  576, xstate_sizes[2]:  256
[    0.092170] x86/fpu: xstate_offset[5]:  832, xstate_sizes[5]:   64
[    0.092951] x86/fpu: xstate_offset[6]:  896, xstate_sizes[6]:  512
[    0.093170] x86/fpu: xstate_offset[7]: 1408, xstate_sizes[7]: 1024
[    0.094170] x86/fpu: xstate_offset[9]: 2432, xstate_sizes[9]:    8
[    0.095170] x86/fpu: Enabled xstate features 0x2e7, context size is 2440 bytes, using 'compacted' format.
[    0.111064] Freeing SMP alternatives memory: 40K
[    0.111171] pid_max: default: 32768 minimum: 301
[    0.112194] Mount-cache hash table entries: 2048 (order: 2, 16384 bytes, linear)
[    0.113171] Mountpoint-cache hash table entries: 2048 (order: 2, 16384 bytes, linear)
[    0.114321] smpboot: CPU0: AMD Ryzen 9 7950X 16-Core Processor (family: 0x19, model: 0x61, stepping: 0x2)
[    0.115284] Performance Events: Fam17h+ core perfctr, AMD PMU driver.
[    0.116120] ... version:                0
[    0.116172] ... bit width:              48
[    0.116688] ... generic registers:      6
[    0.117171] ... value mask:             0000ffffffffffff
[    0.117843] ... max period:             00007fffffffffff
[    0.118172] ... fixed-purpose events:   0
[    0.118676] ... event mask:             000000000000003f
[    0.119250] signal: max sigframe size: 3376
[    0.119792] rcu: Hierarchical SRCU implementation.
[    0.120172] rcu: Max phase no-delay instances is 400.
[    0.122973] smp: Bringing up secondary CPUs ...
[    0.123221] smpboot: x86: Booting SMP configuration:
[    0.123847] .... node  #0, CPUs:        #1  #2  #3  #4  #5  #6  #7  #8  #9 #10 #11 #12 #13 #14 #15 #16 #17 #18 #19 #20 #21 #22 #23 #24 #25 #26 #27 #28 #29 #30 #31
[    0.141214] smp: Brought up 1 node, 32 CPUs
[    0.142707] smpboot: Total of 32 processors activated (287459.58 BogoMIPS)
[    0.148230] devtmpfs: initialized
[    0.148625] x86/mm: Memory block size: 128MB
[    0.149873] clocksource: jiffies: mask: 0xffffffff max_cycles: 0xffffffff, max_idle_ns: 1911260446275000 ns
[    0.150174] futex hash table entries: 8192 (order: 7, 524288 bytes, linear)
[    0.151230] PM: RTC time: 21:06:47, date: 2024-06-19
[    0.152211] NET: Registered PF_NETLINK/PF_ROUTE protocol family
[    0.153101] thermal_sys: Registered thermal governor 'step_wise'
[    0.153102] thermal_sys: Registered thermal governor 'user_space'
[    0.153195] cpuidle: using governor menu
[    0.155230] PCI: Using configuration type 1 for base access
[    0.155958] PCI: Using configuration type 1 for extended access
[    0.156239] kprobes: kprobe jump-optimization is enabled. All kprobes are optimized if possible.
[    0.175186] HugeTLB: registered 1.00 GiB page size, pre-allocated 0 pages
[    0.176056] HugeTLB: 16380 KiB vmemmap can be freed for a 1.00 GiB page
[    0.176172] HugeTLB: registered 2.00 MiB page size, pre-allocated 0 pages
[    0.177036] HugeTLB: 28 KiB vmemmap can be freed for a 2.00 MiB page
[    0.177211] Demotion targets for Node 0: null
[    0.177802] ACPI: Added _OSI(Module Device)
[    0.178172] ACPI: Added _OSI(Processor Device)
[    0.178746] ACPI: Added _OSI(3.0 _SCP Extensions)
[    0.179172] ACPI: Added _OSI(Processor Aggregator Device)
[    0.180577] ACPI: 1 ACPI AML tables successfully acquired and loaded
[    0.181759] ACPI: _OSC evaluation for CPUs failed, trying _PDC
[    0.182302] ACPI: Interpreter enabled
[    0.182782] ACPI: PM: (supports S0 S3 S4 S5)
[    0.183172] ACPI: Using IOAPIC for interrupt routing
[    0.183823] PCI: Using host bridge windows from ACPI; if necessary, use "pci=nocrs" and report a bug
[    0.184172] PCI: Using E820 reservations for host bridge windows
[    0.185011] ACPI: Enabled 2 GPEs in block 00 to 0F
[    0.187692] ACPI: PCI Root Bridge [PCI0] (domain 0000 [bus 00-ff])
[    0.188174] acpi PNP0A03:00: _OSC: OS supports [ExtendedConfig ASPM ClockPM Segments MSI HPX-Type3]
[    0.189260] PCI host bridge to bus 0000:00
[    0.189788] pci_bus 0000:00: root bus resource [io  0x0000-0x0cf7 window]
[    0.190172] pci_bus 0000:00: root bus resource [io  0x0d00-0xffff window]
[    0.191026] pci_bus 0000:00: root bus resource [mem 0x000a0000-0x000bffff window]
[    0.191172] pci_bus 0000:00: root bus resource [mem 0x40000000-0xfebfffff window]
[    0.192125] pci_bus 0000:00: root bus resource [mem 0x100000000-0x17fffffff window]
[    0.192172] pci_bus 0000:00: root bus resource [bus 00-ff]
[    0.192950] pci 0000:00:00.0: [8086:1237] type 00 class 0x060000 conventional PCI endpoint
[    0.193421] pci 0000:00:01.0: [8086:7000] type 00 class 0x060100 conventional PCI endpoint
[    0.194493] pci 0000:00:01.1: [8086:7010] type 00 class 0x010180 conventional PCI endpoint
[    0.197409] pci 0000:00:01.1: BAR 4 [io  0xc0c0-0xc0cf]
[    0.198897] pci 0000:00:01.1: BAR 0 [io  0x01f0-0x01f7]: legacy IDE quirk
[    0.199172] pci 0000:00:01.1: BAR 1 [io  0x03f6]: legacy IDE quirk
[    0.199946] pci 0000:00:01.1: BAR 2 [io  0x0170-0x0177]: legacy IDE quirk
[    0.200172] pci 0000:00:01.1: BAR 3 [io  0x0376]: legacy IDE quirk
[    0.201071] pci 0000:00:01.3: [8086:7113] type 00 class 0x068000 conventional PCI endpoint
[    0.201410] pci 0000:00:01.3: quirk: [io  0x0600-0x063f] claimed by PIIX4 ACPI
[    0.202176] pci 0000:00:01.3: quirk: [io  0x0700-0x070f] claimed by PIIX4 SMB
[    0.203352] pci 0000:00:02.0: [1af4:1009] type 00 class 0x000200 conventional PCI endpoint
[    0.205172] pci 0000:00:02.0: BAR 0 [io  0xc000-0xc03f]
[    0.206821] pci 0000:00:02.0: BAR 1 [mem 0xfebfc000-0xfebfcfff]
[    0.210173] pci 0000:00:02.0: BAR 4 [mem 0xfebf0000-0xfebf3fff 64bit pref]
[    0.212784] pci 0000:00:03.0: [1af4:1009] type 00 class 0x000200 conventional PCI endpoint
[    0.214172] pci 0000:00:03.0: BAR 0 [io  0xc040-0xc07f]
[    0.215813] pci 0000:00:03.0: BAR 1 [mem 0xfebfd000-0xfebfdfff]
[    0.219746] pci 0000:00:03.0: BAR 4 [mem 0xfebf4000-0xfebf7fff 64bit pref]
[    0.221707] pci 0000:00:04.0: [8086:25ab] type 00 class 0x088000 conventional PCI endpoint
[    0.222654] pci 0000:00:04.0: BAR 0 [mem 0xfebfe000-0xfebfe00f]
[    0.226008] pci 0000:00:05.0: [1af4:1003] type 00 class 0x078000 conventional PCI endpoint
[    0.227642] pci 0000:00:05.0: BAR 0 [io  0xc080-0xc0bf]
[    0.229172] pci 0000:00:05.0: BAR 1 [mem 0xfebff000-0xfebfffff]
[    0.232830] pci 0000:00:05.0: BAR 4 [mem 0xfebf8000-0xfebfbfff 64bit pref]
[    0.234919] ACPI: PCI: Interrupt link LNKA configured for IRQ 10
[    0.235290] ACPI: PCI: Interrupt link LNKB configured for IRQ 10
[    0.236147] ACPI: PCI: Interrupt link LNKC configured for IRQ 11
[    0.236268] ACPI: PCI: Interrupt link LNKD configured for IRQ 11
[    0.237096] ACPI: PCI: Interrupt link LNKS configured for IRQ 9
[    0.238153] iommu: Default domain type: Translated
[    0.238172] iommu: DMA domain TLB invalidation policy: lazy mode
[    0.238980] SCSI subsystem initialized
[    0.239202] pps_core: LinuxPPS API ver. 1 registered
[    0.239842] pps_core: Software ver. 5.3.6 - Copyright 2005-2007 Rodolfo Giometti <giometti@linux.it>
[    0.240175] PTP clock support registered
[    0.240682] Advanced Linux Sound Architecture Driver Initialized.
[    0.241487] NET: Registered PF_ATMPVC protocol family
[    0.242128] NET: Registered PF_ATMSVC protocol family
[    0.242175] PCI: Using ACPI for IRQ routing
[    0.242792] vgaarb: loaded
[    0.243208] hpet0: at MMIO 0xfed00000, IRQs 2, 8, 0
[    0.243849] hpet0: 3 comparators, 64-bit 100.000000 MHz counter
[    0.249103] clocksource: Switched to clocksource kvm-clock
[    0.249921] VFS: Disk quotas dquot_6.6.0
[    0.250493] VFS: Dquot-cache hash table entries: 512 (order 0, 4096 bytes)
[    0.251429] pnp: PnP ACPI init
[    0.252006] pnp: PnP ACPI: found 5 devices
[    0.259902] clocksource: acpi_pm: mask: 0xffffff max_cycles: 0xffffff, max_idle_ns: 2085701024 ns
[    0.261058] NET: Registered PF_INET protocol family
[    0.261715] IP idents hash table entries: 16384 (order: 5, 131072 bytes, linear)
[    0.262818] tcp_listen_portaddr_hash hash table entries: 512 (order: 1, 8192 bytes, linear)
[    0.263901] Table-perturb hash table entries: 65536 (order: 6, 262144 bytes, linear)
[    0.264902] TCP established hash table entries: 8192 (order: 4, 65536 bytes, linear)
[    0.265911] TCP bind hash table entries: 8192 (order: 6, 262144 bytes, linear)
[    0.266852] TCP: Hash tables configured (established 8192 bind 8192)
[    0.267774] UDP hash table entries: 512 (order: 2, 16384 bytes, linear)
[    0.268629] UDP-Lite hash table entries: 512 (order: 2, 16384 bytes, linear)
[    0.269568] NET: Registered PF_UNIX/PF_LOCAL protocol family
[    0.270305] pci_bus 0000:00: resource 4 [io  0x0000-0x0cf7 window]
[    0.271097] pci_bus 0000:00: resource 5 [io  0x0d00-0xffff window]
[    0.271894] pci_bus 0000:00: resource 6 [mem 0x000a0000-0x000bffff window]
[    0.272780] pci_bus 0000:00: resource 7 [mem 0x40000000-0xfebfffff window]
[    0.273676] pci_bus 0000:00: resource 8 [mem 0x100000000-0x17fffffff window]
[    0.274607] pci 0000:00:01.0: PIIX3: Enabling Passive Release
[    0.275353] pci 0000:00:00.0: Limiting direct PCI/PCI transfers
[    0.276154] PCI: CLS 0 bytes, default 64
[    0.276724] kvm_intel: VMX not supported by CPU 0
[    0.277354] kvm_amd: TSC scaling supported
[    0.277881] kvm_amd: Nested Virtualization enabled
[    0.278500] kvm_amd: Nested Paging enabled
[    0.279029] kvm_amd: LBR virtualization supported
[    0.279645] kvm_amd: Virtual VMLOAD VMSAVE supported
[    0.280287] kvm_amd: Virtual GIF supported
[    0.280812] kvm_amd: Virtual NMI enabled
[    0.364065] Initialise system trusted keyrings
[    0.364733] workingset: timestamp_bits=56 max_order=18 bucket_order=0
[    0.365592] squashfs: version 4.0 (2009/01/31) Phillip Lougher
[    0.366342] fuse: init (API version 7.40)
[    0.366892] 9p: Installing v9fs 9p2000 file system support
[    0.374177] Key type asymmetric registered
[    0.374703] Asymmetric key parser 'x509' registered
[    0.375338] Block layer SCSI generic (bsg) driver version 0.4 loaded (major 249)
[    0.376291] io scheduler mq-deadline registered
[    0.376866] io scheduler kyber registered
[    0.378391] input: Power Button as /devices/LNXSYSTM:00/LNXPWRBN:00/input/input0
[    0.379395] ACPI: button: Power Button [PWRF]
[    0.379971] Warning: Processor Platform Limit event detected, but not handled.
[    0.380894] Consider compiling CPUfreq support into your kernel.
[    0.397606] ACPI: \_SB_.LNKB: Enabled at IRQ 10
[    0.413919] ACPI: \_SB_.LNKC: Enabled at IRQ 11
[    0.430193] ACPI: \_SB_.LNKA: Enabled at IRQ 10
[    0.431433] Serial: 8250/16550 driver, 4 ports, IRQ sharing enabled
[    0.432356] 00:03: ttyS0 at I/O 0x3f8 (irq = 4, base_baud = 115200) is a 16550A
[    0.463294] Non-volatile memory driver v1.3
[    0.464010] Linux agpgart interface v0.103
[    0.464076] ACPI: bus type drm_connector registered
[    0.465441] printk: legacy console [hvc0] enabled
[    0.466229] printk: legacy bootconsole [earlyser0] disabled
          _      _                                    
   __   _(_)_ __| |_ _ __ ___   ___       _ __   __ _ 
   \ \ / / |  __| __|  _   _ \ / _ \_____|  _ \ / _  |
    \ V /| | |  | |_| | | | | |  __/_____| | | | (_| |
     \_/ |_|_|   \__|_| |_| |_|\___|     |_| |_|\__  |
                                                |___/ 
   kernel version: 6.10.0-rc3-virtme x86_64
   (CTRL+d to exit)

virtme-ng:/nipa-data/kernel# PS1='xx__-> '
xx__-> env
PWD=/nipa-data/kernel
nr_open=1048576
HOME=/root
TERM=xterm
SHLVL=2
XDG_RUNTIME_DIR=/run/user/0
PATH=/bin:/sbin:/usr/bin:/usr/sbin:/usr/local/bin
OLDPWD=/
_=/usr/bin/env
xx__-> 