No EFI environment detected.
early console in extract_kernel
input_data: 0x0000000004c862c4
input_len: 0x0000000001977d0a
output: 0x0000000001000000
output_len: 0x000000000558784c
kernel_total_size: 0x0000000005230000
needed_size: 0x0000000005600000
trampoline_32bit: 0x0000000000000000
Physical KASLR using RDRAND RDTSC...
Virtual KASLR using RDRAND RDTSC...

Decompressing Linux... Parsing ELF... Performing relocations... done.
Booting the kernel (entry_offset: 0x0000000002bc3f80).
[    0.000000] Linux version 6.15.0-rc1-virtme (root@fa6238d22d6f) (gcc (Ubuntu 13.3.0-6ubuntu2~24.04) 13.3.0, GNU ld (GNU Binutils for Ubuntu) 2.42) #1 SMP PREEMPT_DYNAMIC Tue Apr 15 12:26:40 UTC 2025
[    0.000000] Command line: virtme_hostname=virtme-ng nr_open=1048576 virtme_link_mods=/nipa-data/kernel/.virtme_mods/lib/modules/0.0.0 virtme_initmount0=nipa-data/kernel virtme_rw_overlay0=/etc virtme_rw_overlay1=/lib virtme_rw_overlay2=/home virtme_rw_overlay3=/opt virtme_rw_overlay4=/srv virtme_rw_overlay5=/usr virtme_rw_overlay6=/var console=hvc0 earlyprintk=serial,ttyS0,115200 virtme_console=ttyS0 psmouse.proto=exps TERM=xterm virtme_chdir=nipa-data/kernel virtme_root_user=1 rootfstype=9p rootflags=version=9p2000.L,trans=virtio,access=any raid=noautodetect ro init=/usr/lib/python3/dist-packages/virtme/guest/virtme-init
[    0.000000] BIOS-provided physical RAM map:
[    0.000000] BIOS-e820: [mem 0x0000000000000000-0x000000000009fbff] usable
[    0.000000] BIOS-e820: [mem 0x000000000009fc00-0x000000000009ffff] reserved
[    0.000000] BIOS-e820: [mem 0x00000000000f0000-0x00000000000fffff] reserved
[    0.000000] BIOS-e820: [mem 0x0000000000100000-0x000000003ffdffff] usable
[    0.000000] BIOS-e820: [mem 0x000000003ffe0000-0x000000003fffffff] reserved
[    0.000000] BIOS-e820: [mem 0x00000000feffc000-0x00000000feffffff] reserved
[    0.000000] BIOS-e820: [mem 0x00000000fffc0000-0x00000000ffffffff] reserved
[    0.000000] BIOS-e820: [mem 0x000000fd00000000-0x000000ffffffffff] reserved
[    0.000000] printk: legacy bootconsole [earlyser0] enabled
[    0.000000] NX (Execute Disable) protection: active
[    0.000000] APIC: Static calls initialized
[    0.000000] SMBIOS 3.0.0 present.
[    0.000000] DMI: QEMU Ubuntu 24.04 PC (i440FX + PIIX, 1996), BIOS 1.16.3-debian-1.16.3-2 04/01/2014
[    0.000000] DMI: Memory slots populated: 1/1
[    0.000000] Hypervisor detected: KVM
[    0.000000] kvm-clock: Using msrs 4b564d01 and 4b564d00
[    0.000000] kvm-clock: using sched offset of 329595564 cycles
[    0.000373] clocksource: kvm-clock: mask: 0xffffffffffffffff max_cycles: 0x1cd42e4dffb, max_idle_ns: 881590591483 ns
[    0.001525] tsc: Detected 4491.524 MHz processor
[    0.002198] last_pfn = 0x3ffe0 max_arch_pfn = 0x400000000
[    0.002606] MTRR map: 4 entries (3 fixed + 1 variable; max 19), built from 8 variable MTRRs
[    0.003202] x86/PAT: Configuration [0-7]: WB  WC  UC- UC  WB  WP  UC- WT  
[    0.005139] found SMP MP-table at [mem 0x000f5470-0x000f547f]
[    0.005552] Using GB pages for direct mapping
[    0.006013] ACPI: Early table checksum verification disabled
[    0.006416] ACPI: RSDP 0x00000000000F5290 000014 (v00 BOCHS )
[    0.006827] ACPI: RSDT 0x000000003FFE27BC 000034 (v01 BOCHS  BXPC     00000001 BXPC 00000001)
[    0.007440] ACPI: FACP 0x000000003FFE2578 000074 (v01 BOCHS  BXPC     00000001 BXPC 00000001)
[    0.008049] ACPI: DSDT 0x000000003FFE0040 002538 (v01 BOCHS  BXPC     00000001 BXPC 00000001)
[    0.008658] ACPI: FACS 0x000000003FFE0000 000040
[    0.008987] ACPI: APIC 0x000000003FFE25EC 000170 (v03 BOCHS  BXPC     00000001 BXPC 00000001)
[    0.009592] ACPI: HPET 0x000000003FFE275C 000038 (v01 BOCHS  BXPC     00000001 BXPC 00000001)
[    0.010198] ACPI: WAET 0x000000003FFE2794 000028 (v01 BOCHS  BXPC     00000001 BXPC 00000001)
[    0.010801] ACPI: Reserving FACP table memory at [mem 0x3ffe2578-0x3ffe25eb]
[    0.011299] ACPI: Reserving DSDT table memory at [mem 0x3ffe0040-0x3ffe2577]
[    0.011796] ACPI: Reserving FACS table memory at [mem 0x3ffe0000-0x3ffe003f]
[    0.012293] ACPI: Reserving APIC table memory at [mem 0x3ffe25ec-0x3ffe275b]
[    0.012790] ACPI: Reserving HPET table memory at [mem 0x3ffe275c-0x3ffe2793]
[    0.013287] ACPI: Reserving WAET table memory at [mem 0x3ffe2794-0x3ffe27bb]
[    0.013979] No NUMA configuration found
[    0.014250] Faking a node at [mem 0x0000000000000000-0x000000003ffdffff]
[    0.014726] NODE_DATA(0) allocated [mem 0x3ffdb600-0x3ffdffff]
[    0.015154] Zone ranges:
[    0.015334]   DMA      [mem 0x0000000000001000-0x0000000000ffffff]
[    0.015772]   DMA32    [mem 0x0000000001000000-0x000000003ffdffff]
[    0.016209]   Normal   empty
[    0.016413]   Device   empty
[    0.016617] Movable zone start for each node
[    0.016919] Early memory node ranges
[    0.017171]   node   0: [mem 0x0000000000001000-0x000000000009efff]
[    0.017614]   node   0: [mem 0x0000000000100000-0x000000003ffdffff]
[    0.018060] Initmem setup node 0 [mem 0x0000000000001000-0x000000003ffdffff]
[    0.018563] On node 0, zone DMA: 1 pages in unavailable ranges
[    0.019029] On node 0, zone DMA: 97 pages in unavailable ranges
[    0.023609] On node 0, zone DMA32: 32 pages in unavailable ranges
[    0.032791] kasan: KernelAddressSanitizer initialized
[    0.033378] ACPI: PM-Timer IO Port: 0x608
[    0.033673] ACPI: LAPIC_NMI (acpi_id[0xff] dfl dfl lint[0x1])
[    0.034112] IOAPIC[0]: apic_id 0, version 17, address 0xfec00000, GSI 0-23
[    0.034600] ACPI: INT_SRC_OVR (bus 0 bus_irq 0 global_irq 2 dfl dfl)
[    0.035050] ACPI: INT_SRC_OVR (bus 0 bus_irq 5 global_irq 5 high level)
[    0.035517] ACPI: INT_SRC_OVR (bus 0 bus_irq 9 global_irq 9 high level)
[    0.035984] ACPI: INT_SRC_OVR (bus 0 bus_irq 10 global_irq 10 high level)
[    0.036464] ACPI: INT_SRC_OVR (bus 0 bus_irq 11 global_irq 11 high level)
[    0.036944] ACPI: Using ACPI (MADT) for SMP configuration information
[    0.037399] ACPI: HPET id: 0x8086a201 base: 0xfed00000
[    0.037763] TSC deadline timer available
[    0.038052] CPU topo: Max. logical packages:   1
[    0.038378] CPU topo: Max. logical dies:       1
[    0.038705] CPU topo: Max. dies per package:   1
[    0.039041] CPU topo: Max. threads per core:   1
[    0.039367] CPU topo: Num. cores per package:    32
[    0.039713] CPU topo: Num. threads per package:  32
[    0.040057] CPU topo: Allowing 32 present CPUs plus 0 hotplug CPUs
[    0.040509] kvm-guest: APIC: eoi() replaced with kvm_guest_apic_eoi_write()
[    0.041013] kvm-guest: KVM setup pv remote TLB flush
[    0.041365] kvm-guest: setup PV sched yield
[    0.041666] PM: hibernation: Registered nosave memory: [mem 0x00000000-0x00000fff]
[    0.042203] PM: hibernation: Registered nosave memory: [mem 0x0009f000-0x0009ffff]
[    0.042737] PM: hibernation: Registered nosave memory: [mem 0x000a0000-0x000effff]
[    0.043271] PM: hibernation: Registered nosave memory: [mem 0x000f0000-0x000fffff]
[    0.043806] [mem 0x40000000-0xfeffbfff] available for PCI devices
[    0.044237] Booting paravirtualized kernel on KVM
[    0.044570] clocksource: refined-jiffies: mask: 0xffffffff max_cycles: 0xffffffff, max_idle_ns: 1910969940391419 ns
[    0.053331] setup_percpu: NR_CPUS:64 nr_cpumask_bits:32 nr_cpu_ids:32 nr_node_ids:1
[    0.055112] percpu: Embedded 65 pages/cpu s228056 r8192 d29992 u524288
[    0.055646] Kernel command line: virtme_hostname=virtme-ng nr_open=1048576 virtme_link_mods=/nipa-data/kernel/.virtme_mods/lib/modules/0.0.0 virtme_initmount0=nipa-data/kernel virtme_rw_overlay0=/etc virtme_rw_overlay1=/lib virtme_rw_overlay2=/home virtme_rw_overlay3=/opt virtme_rw_overlay4=/srv virtme_rw_overlay5=/usr virtme_rw_overlay6=/var console=hvc0 earlyprintk=serial,ttyS0,115200 virtme_console=ttyS0 psmouse.proto=exps TERM=xterm virtme_chdir=nipa-data/kernel virtme_root_user=1 rootfstype=9p rootflags=version=9p2000.L,trans=virtio,access=any raid=noautodetect ro init=/usr/lib/python3/dist-packages/virtme/guest/virtme-init
[    0.059830] Unknown kernel command line parameters "virtme_hostname=virtme-ng nr_open=1048576 virtme_link_mods=/nipa-data/kernel/.virtme_mods/lib/modules/0.0.0 virtme_initmount0=nipa-data/kernel virtme_rw_overlay0=/etc virtme_rw_overlay1=/lib virtme_rw_overlay2=/home virtme_rw_overlay3=/opt virtme_rw_overlay4=/srv virtme_rw_overlay5=/usr virtme_rw_overlay6=/var virtme_console=ttyS0 virtme_chdir=nipa-data/kernel virtme_root_user=1", will be passed to user space.
[    0.062991] random: crng init done
[    0.063239] printk: log buffer data + meta data: 262144 + 917504 = 1179648 bytes
[    0.063796] Dentry cache hash table entries: 131072 (order: 8, 1048576 bytes, linear)
[    0.064377] Inode-cache hash table entries: 65536 (order: 7, 524288 bytes, linear)
[    0.065330] Fallback order for Node 0: 0 
[    0.065334] Built 1 zonelists, mobility grouping on.  Total pages: 262014
[    0.066122] Policy zone: DMA32
[    0.066350] mem auto-init: stack:all(zero), heap alloc:off, heap free:off
[    0.066845] stackdepot: allocating hash table via alloc_large_system_hash
[    0.067345] stackdepot hash table entries: 1048576 (order: 12, 16777216 bytes, linear)
[    0.075411] SLUB: HWalign=64, Order=0-3, MinObjects=0, CPUs=32, Nodes=1
Poking KASLR using RDRAND RDTSC...
[    0.084742] ftrace: allocating 48916 entries in 192 pages
[    0.085135] ftrace: allocated 192 pages with 2 groups
[    0.086382] Dynamic Preempt: voluntary
[    0.087127] rcu: Preemptible hierarchical RCU implementation.
[    0.087547] rcu: RCU event tracing is enabled.
[    0.087874] rcu: RCU restricting CPUs from NR_CPUS=64 to nr_cpu_ids=32.
[    0.088362] Trampoline variant of Tasks RCU enabled.
[    0.088728] Rude variant of Tasks RCU enabled.
[    0.089056] Tracing variant of Tasks RCU enabled.
[    0.089406] rcu: RCU calculated value of scheduler-enlistment delay is 100 jiffies.
[    0.089964] rcu: Adjusting geometry for rcu_fanout_leaf=16, nr_cpu_ids=32
[    0.090527] RCU Tasks: Setting shift to 5 and lim to 1 rcu_task_cb_adjust=1 rcu_task_cpu_ids=32.
[    0.091168] RCU Tasks Rude: Setting shift to 5 and lim to 1 rcu_task_cb_adjust=1 rcu_task_cpu_ids=32.
[    0.091841] RCU Tasks Trace: Setting shift to 5 and lim to 1 rcu_task_cb_adjust=1 rcu_task_cpu_ids=32.
[    0.102045] NR_IRQS: 4352, nr_irqs: 680, preallocated irqs: 16
[    0.102720] rcu: srcu_init: Setting srcu_struct sizes based on contention.
[    0.103612] Console: colour *CGA 80x25
[    0.103912] ACPI: Core revision 20240827
[    0.104351] clocksource: hpet: mask: 0xffffffff max_cycles: 0xffffffff, max_idle_ns: 19112604467 ns
[    0.105073] APIC: Switch to symmetric I/O mode setup
[    0.105566] x2apic enabled
[    0.105953] APIC: Switched APIC routing to: physical x2apic
[    0.106371] kvm-guest: APIC: send_IPI_mask() replaced with kvm_send_ipi_mask()
[    0.106893] kvm-guest: APIC: send_IPI_mask_allbutself() replaced with kvm_send_ipi_mask_allbutself()
[    0.107536] kvm-guest: setup PV IPIs
[    0.108617] ..TIMER: vector=0x30 apic1=0 pin1=2 apic2=-1 pin2=-1
[    0.109408] clocksource: tsc-early: mask: 0xffffffffffffffff max_cycles: 0x40be215b5d9, max_idle_ns: 440795359804 ns
[    0.110764] Calibrating delay loop (skipped) preset value.. 8983.04 BogoMIPS (lpj=4491524)
[    0.111829] x86/cpu: User Mode Instruction Prevention (UMIP) activated
[    0.112821] Last level iTLB entries: 4KB 512, 2MB 255, 4MB 127
[    0.113762] Last level dTLB entries: 4KB 512, 2MB 255, 4MB 127, 1GB 0
[    0.114767] Spectre V1 : Mitigation: usercopy/swapgs barriers and __user pointer sanitization
[    0.115767] Spectre V2 : Mitigation: Enhanced / Automatic IBRS
[    0.116762] Spectre V2 : Spectre v2 / SpectreRSB mitigation: Filling RSB on context switch
[    0.117764] Spectre V2 : mitigation: Enabling conditional Indirect Branch Prediction Barrier
[    0.118765] Speculative Store Bypass: Mitigation: Speculative Store Bypass disabled via prctl
[    0.119762] Speculative Return Stack Overflow: IBPB-extending microcode not applied!
[    0.120762] Speculative Return Stack Overflow: WARNING: See https://kernel.org/doc/html/latest/admin-guide/hw-vuln/srso.html for mitigation options.
[    0.120764] Speculative Return Stack Overflow: Vulnerable: Safe RET, no microcode
[    0.122777] x86/fpu: Supporting XSAVE feature 0x001: 'x87 floating point registers'
[    0.123721] x86/fpu: Supporting XSAVE feature 0x002: 'SSE registers'
[    0.123762] x86/fpu: Supporting XSAVE feature 0x004: 'AVX registers'
[    0.124762] x86/fpu: Supporting XSAVE feature 0x020: 'AVX-512 opmask'
[    0.125762] x86/fpu: Supporting XSAVE feature 0x040: 'AVX-512 Hi256'
[    0.126762] x86/fpu: Supporting XSAVE feature 0x080: 'AVX-512 ZMM_Hi256'
[    0.127762] x86/fpu: Supporting XSAVE feature 0x200: 'Protection Keys User registers'
[    0.128729] x86/fpu: xstate_offset[2]:  576, xstate_sizes[2]:  256
[    0.128762] x86/fpu: xstate_offset[5]:  832, xstate_sizes[5]:   64
[    0.129762] x86/fpu: xstate_offset[6]:  896, xstate_sizes[6]:  512
[    0.130762] x86/fpu: xstate_offset[7]: 1408, xstate_sizes[7]: 1024
[    0.131762] x86/fpu: xstate_offset[9]: 2432, xstate_sizes[9]:    8
[    0.132523] x86/fpu: Enabled xstate features 0x2e7, context size is 2440 bytes, using 'compacted' format.
[    0.153553] Freeing SMP alternatives memory: 40K
[    0.153764] pid_max: default: 32768 minimum: 301
[    0.154846] Mount-cache hash table entries: 2048 (order: 2, 16384 bytes, linear)
[    0.155760] Mountpoint-cache hash table entries: 2048 (order: 2, 16384 bytes, linear)
[    0.157414] smpboot: CPU0: AMD Ryzen 9 7950X 16-Core Processor (family: 0x19, model: 0x61, stepping: 0x2)
[    0.158212] Performance Events: Fam17h+ core perfctr, AMD PMU driver.
[    0.158766] ... version:                0
[    0.159259] ... bit width:              48
[    0.159762] ... generic registers:      6
[    0.159764] ... value mask:             0000ffffffffffff
[    0.160419] ... max period:             00007fffffffffff
[    0.160764] ... fixed-purpose events:   0
[    0.161255] ... event mask:             000000000000003f
[    0.161914] signal: max sigframe size: 3376
[    0.162473] rcu: Hierarchical SRCU implementation.
[    0.162765] rcu: Max phase no-delay instances is 400.
[    0.163486] Timer migration: 2 hierarchy levels; 8 children per group; 2 crossnode level
[    0.167673] smp: Bringing up secondary CPUs ...
[    0.167952] smpboot: x86: Booting SMP configuration:
[    0.168569] .... node  #0, CPUs:        #1  #2  #3  #4  #5  #6  #7  #8  #9 #10 #11 #12 #13 #14 #15 #16 #17 #18 #19 #20 #21 #22 #23 #24 #25 #26 #27 #28 #29 #30 #31
[    0.201858] smp: Brought up 1 node, 32 CPUs
[    0.203294] smpboot: Total of 32 processors activated (287457.53 BogoMIPS)
[    0.207813] Memory: 761320K/1048056K available (44816K kernel code, 11592K rwdata, 10268K rodata, 6152K init, 1324K bss, 270700K reserved, 0K cma-reserved)
[    0.208892] devtmpfs: initialized
[    0.209791] x86/mm: Memory block size: 128MB
[    0.216859] clocksource: jiffies: mask: 0xffffffff max_cycles: 0xffffffff, max_idle_ns: 1911260446275000 ns
[    0.217768] posixtimers hash table entries: 16384 (order: 6, 262144 bytes, linear)
[    0.218731] futex hash table entries: 8192 (order: 7, 524288 bytes, linear)
[    0.219148] PM: RTC time: 12:27:02, date: 2025-04-15
[    0.220570] NET: Registered PF_NETLINK/PF_ROUTE protocol family
[    0.221652] thermal_sys: Registered thermal governor 'step_wise'
[    0.221683] cpuidle: using governor menu
[    0.223506] PCI: Using configuration type 1 for base access
[    0.223765] PCI: Using configuration type 1 for extended access
[    0.224643] kprobes: kprobe jump-optimization is enabled. All kprobes are optimized if possible.
[    0.237064] HugeTLB: allocation took 0ms with hugepage_allocation_threads=8
[    0.237794] HugeTLB: registered 1.00 GiB page size, pre-allocated 0 pages
[    0.238645] HugeTLB: 16380 KiB vmemmap can be freed for a 1.00 GiB page
[    0.238765] HugeTLB: registered 2.00 MiB page size, pre-allocated 0 pages
[    0.239615] HugeTLB: 28 KiB vmemmap can be freed for a 2.00 MiB page
[    0.241796] ACPI: Added _OSI(Module Device)
[    0.242337] ACPI: Added _OSI(Processor Device)
[    0.242765] ACPI: Added _OSI(3.0 _SCP Extensions)
[    0.243357] ACPI: Added _OSI(Processor Aggregator Device)
[    0.280547] ACPI: 1 ACPI AML tables successfully acquired and loaded
[    0.285768] ACPI: Interpreter enabled
[    0.286292] ACPI: PM: (supports S0 S3 S4 S5)
[    0.286765] ACPI: Using IOAPIC for interrupt routing
[    0.287432] PCI: Using host bridge windows from ACPI; if necessary, use "pci=nocrs" and report a bug
[    0.288764] PCI: Using E820 reservations for host bridge windows
[    0.290647] ACPI: Enabled 2 GPEs in block 00 to 0F
[    0.341897] ACPI: PCI Root Bridge [PCI0] (domain 0000 [bus 00-ff])
[    0.342690] acpi PNP0A03:00: _OSC: OS supports [ExtendedConfig ASPM ClockPM Segments MSI HPX-Type3]
[    0.344279] PCI host bridge to bus 0000:00
[    0.344821] pci_bus 0000:00: root bus resource [io  0x0000-0x0cf7 window]
[    0.345670] pci_bus 0000:00: root bus resource [io  0x0d00-0xffff window]
[    0.345767] pci_bus 0000:00: root bus resource [mem 0x000a0000-0x000bffff window]
[    0.346698] pci_bus 0000:00: root bus resource [mem 0x40000000-0xfebfffff window]
[    0.347767] pci_bus 0000:00: root bus resource [mem 0x100000000-0x17fffffff window]
[    0.348721] pci_bus 0000:00: root bus resource [bus 00-ff]
[    0.349860] pci 0000:00:00.0: [8086:1237] type 00 class 0x060000 conventional PCI endpoint
[    0.351695] pci 0000:00:01.0: [8086:7000] type 00 class 0x060100 conventional PCI endpoint
[    0.353680] pci 0000:00:01.1: [8086:7010] type 00 class 0x010180 conventional PCI endpoint
[    0.355257] pci 0000:00:01.1: BAR 4 [io  0xc0c0-0xc0cf]
[    0.355783] pci 0000:00:01.1: BAR 0 [io  0x01f0-0x01f7]: legacy IDE quirk
[    0.356627] pci 0000:00:01.1: BAR 1 [io  0x03f6]: legacy IDE quirk
[    0.357764] pci 0000:00:01.1: BAR 2 [io  0x0170-0x0177]: legacy IDE quirk
[    0.358605] pci 0000:00:01.1: BAR 3 [io  0x0376]: legacy IDE quirk
[    0.359490] pci 0000:00:01.3: [8086:7113] type 00 class 0x068000 conventional PCI endpoint
[    0.360984] pci 0000:00:01.3: quirk: [io  0x0600-0x063f] claimed by PIIX4 ACPI
[    0.361768] pci 0000:00:01.3: quirk: [io  0x0700-0x070f] claimed by PIIX4 SMB
[    0.363437] pci 0000:00:02.0: [1af4:1009] type 00 class 0x000200 conventional PCI endpoint
[    0.365769] pci 0000:00:02.0: BAR 0 [io  0xc000-0xc03f]
[    0.366431] pci 0000:00:02.0: BAR 1 [mem 0xfebfc000-0xfebfcfff]
[    0.367779] pci 0000:00:02.0: BAR 4 [mem 0xfebf0000-0xfebf3fff 64bit pref]
[    0.380905] pci 0000:00:03.0: [1af4:1009] type 00 class 0x000200 conventional PCI endpoint
[    0.382769] pci 0000:00:03.0: BAR 0 [io  0xc040-0xc07f]
[    0.383421] pci 0000:00:03.0: BAR 1 [mem 0xfebfd000-0xfebfdfff]
[    0.383779] pci 0000:00:03.0: BAR 4 [mem 0xfebf4000-0xfebf7fff 64bit pref]
[    0.397178] pci 0000:00:04.0: [8086:25ab] type 00 class 0x088000 conventional PCI endpoint
[    0.399139] pci 0000:00:04.0: BAR 0 [mem 0xfebfe000-0xfebfe00f]
[    0.411813] pci 0000:00:05.0: [1af4:1003] type 00 class 0x078000 conventional PCI endpoint
[    0.413624] pci 0000:00:05.0: BAR 0 [io  0xc080-0xc0bf]
[    0.413769] pci 0000:00:05.0: BAR 1 [mem 0xfebff000-0xfebfffff]
[    0.414518] pci 0000:00:05.0: BAR 4 [mem 0xfebf8000-0xfebfbfff 64bit pref]
[    0.430417] ACPI: PCI: Interrupt link LNKA configured for IRQ 10
[    0.431768] ACPI: PCI: Interrupt link LNKB configured for IRQ 10
[    0.433509] ACPI: PCI: Interrupt link LNKC configured for IRQ 11
[    0.435745] ACPI: PCI: Interrupt link LNKD configured for IRQ 11
[    0.437171] ACPI: PCI: Interrupt link LNKS configured for IRQ 9
[    0.457393] iommu: Default domain type: Translated
[    0.457765] iommu: DMA domain TLB invalidation policy: lazy mode
[    0.458992] SCSI subsystem initialized
[    0.459823] pps_core: LinuxPPS API ver. 1 registered
[    0.460437] pps_core: Software ver. 5.3.6 - Copyright 2005-2007 Rodolfo Giometti <giometti@linux.it>
[    0.461780] PTP clock support registered
[    0.462879] Advanced Linux Sound Architecture Driver Initialized.
[    0.463911] NET: Registered PF_ATMPVC protocol family
[    0.464552] NET: Registered PF_ATMSVC protocol family
[    0.465802] PCI: Using ACPI for IRQ routing
[    0.466802] vgaarb: loaded
[    0.466884] hpet0: at MMIO 0xfed00000, IRQs 2, 8, 0
[    0.467496] hpet0: 3 comparators, 64-bit 100.000000 MHz counter
[    0.472898] clocksource: Switched to clocksource kvm-clock
[    0.474016] VFS: Disk quotas dquot_6.6.0
[    0.474515] VFS: Dquot-cache hash table entries: 512 (order 0, 4096 bytes)
[    0.476246] pnp: PnP ACPI init
[    0.479172] pnp: PnP ACPI: found 5 devices
[    0.491110] clocksource: acpi_pm: mask: 0xffffff max_cycles: 0xffffff, max_idle_ns: 2085701024 ns
[    0.492273] NET: Registered PF_INET protocol family
[    0.492928] IP idents hash table entries: 16384 (order: 5, 131072 bytes, linear)
[    0.494230] tcp_listen_portaddr_hash hash table entries: 512 (order: 1, 8192 bytes, linear)
[    0.495275] Table-perturb hash table entries: 65536 (order: 6, 262144 bytes, linear)
[    0.496252] TCP established hash table entries: 8192 (order: 4, 65536 bytes, linear)
[    0.497222] TCP bind hash table entries: 8192 (order: 6, 262144 bytes, linear)
[    0.498223] TCP: Hash tables configured (established 8192 bind 8192)
[    0.499183] UDP hash table entries: 512 (order: 3, 32768 bytes, linear)
[    0.500042] UDP-Lite hash table entries: 512 (order: 3, 32768 bytes, linear)
[    0.501142] NET: Registered PF_UNIX/PF_LOCAL protocol family
[    0.501884] pci_bus 0000:00: resource 4 [io  0x0000-0x0cf7 window]
[    0.502651] pci_bus 0000:00: resource 5 [io  0x0d00-0xffff window]
[    0.503412] pci_bus 0000:00: resource 6 [mem 0x000a0000-0x000bffff window]
[    0.504264] pci_bus 0000:00: resource 7 [mem 0x40000000-0xfebfffff window]
[    0.505115] pci_bus 0000:00: resource 8 [mem 0x100000000-0x17fffffff window]
[    0.506197] pci 0000:00:01.0: PIIX3: Enabling Passive Release
[    0.506914] pci 0000:00:00.0: Limiting direct PCI/PCI transfers
[    0.507684] PCI: CLS 0 bytes, default 64
[    0.508282] kvm_intel: VMX not supported by CPU 22
[    0.509035] kvm_amd: TSC scaling supported
[    0.509553] kvm_amd: Nested Virtualization enabled
[    0.510143] kvm_amd: Nested Paging enabled
[    0.510654] kvm_amd: LBR virtualization supported
[    0.511247] kvm_amd: Virtual GIF supported
[    0.511756] kvm_amd: Virtual NMI enabled
[    0.542569] clocksource: tsc: mask: 0xffffffffffffffff max_cycles: 0x40be215b5d9, max_idle_ns: 440795359804 ns
[    0.561306] Initialise system trusted keyrings
[    0.562032] workingset: timestamp_bits=56 max_order=18 bucket_order=0
[    0.562957] squashfs: version 4.0 (2009/01/31) Phillip Lougher
[    0.563706] fuse: init (API version 7.43)
[    0.564344] 9p: Installing v9fs 9p2000 file system support
[    0.574157] Key type asymmetric registered
[    0.574678] Asymmetric key parser 'x509' registered
[    0.575352] Block layer SCSI generic (bsg) driver version 0.4 loaded (major 249)
[    0.576311] io scheduler mq-deadline registered
[    0.576883] io scheduler kyber registered
[    0.579425] input: Power Button as /devices/LNXSYSTM:00/LNXPWRBN:00/input/input0
[    0.580598] ACPI: button: Power Button [PWRF]
[    0.582587] Warning: Processor Platform Limit event detected, but not handled.
[    0.583496] Consider compiling CPUfreq support into your kernel.
[    1.487731] ACPI: \_SB_.LNKB: Enabled at IRQ 10
[    2.385045] ACPI: \_SB_.LNKC: Enabled at IRQ 11
[    3.282277] ACPI: \_SB_.LNKA: Enabled at IRQ 10
[    3.283672] Serial: 8250/16550 driver, 4 ports, IRQ sharing enabled
[    3.284784] 00:03: ttyS0 at I/O 0x3f8 (irq = 4, base_baud = 115200) is a 16550A
[    3.315609] Non-volatile memory driver v1.3
[    3.316144] Linux agpgart interface v0.103
[    3.316840] ACPI: bus type drm_connector registered
[    3.317462] printk: legacy console [hvc0] enabled
[    3.318059] printk: legacy bootconsole [earlyser0] disabled
          _      _                                    
   __   _(_)_ __| |_ _ __ ___   ___       _ __   __ _ 
   \ \ / / |  __| __|  _   _ \ / _ \_____|  _ \ / _  |
    \ V /| | |  | |_| | | | | |  __/_____| | | | (_| |
     \_/ |_|_|   \__|_| |_| |_|\___|     |_| |_|\__  |
                                                |___/ 
   kernel version: 6.15.0-rc1-virtme x86_64
   (CTRL+d to exit)

root@virtme-ng:/nipa-data/kernel# PS1='xx__-> '
xx__-> env
PWD=/nipa-data/kernel
nr_open=1048576
HOME=/
TERM=xterm
SHLVL=2
XDG_RUNTIME_DIR=/run/user/0
PATH=/bin:/sbin:/usr/bin:/usr/sbin:/usr/local/bin
OLDPWD=/
_=/bin/env
xx__-> 