No EFI environment detected.
early console in extract_kernel
input_data: 0x0000000004b142b9
input_len: 0x00000000017bd32e
output: 0x0000000001000000
output_len: 0x000000000525e454
kernel_total_size: 0x0000000004e30000
needed_size: 0x0000000005400000
trampoline_32bit: 0x0000000000000000
Physical KASLR using RDRAND RDTSC...
Virtual KASLR using RDRAND RDTSC...

Decompressing Linux... Parsing ELF... Performing relocations... done.
Booting the kernel (entry_offset: 0x0000000000000000).
[    0.000000] Linux version 6.8.0-rc5-virtme (root@c16bdb23a12e) (gcc (Alpine 13.2.1_git20231014) 13.2.1 20231014, GNU ld (GNU Binutils) 2.42) #1 SMP PREEMPT_DYNAMIC Sat Feb 24 00:26:43 UTC 2024
[    0.000000] Command line: virtme_hostname=virtme-ng virtme_link_mods=/nipa-data/kernel/.virtme_mods/lib/modules/0.0.0 virtme_initmount0=nipa-data/kernel virtme_rw_overlay0=/etc virtme_rw_overlay1=/lib virtme_rw_overlay2=/home virtme_rw_overlay3=/opt virtme_rw_overlay4=/srv virtme_rw_overlay5=/usr virtme_rw_overlay6=/var earlyprintk=serial,ttyS0,115200 console=ttyS0 psmouse.proto=exps TERM=xterm virtme_chdir=nipa-data/kernel virtme_root_user=1 rootfstype=9p rootflags=version=9p2000.L,trans=virtio,access=any raid=noautodetect ro init=/usr/lib/python3.11/site-packages/virtme/guest/virtme-init
[    0.000000] BIOS-provided physical RAM map:
[    0.000000] BIOS-e820: [mem 0x0000000000000000-0x000000000009fbff] usable
[    0.000000] BIOS-e820: [mem 0x000000000009fc00-0x000000000009ffff] reserved
[    0.000000] BIOS-e820: [mem 0x00000000000f0000-0x00000000000fffff] reserved
[    0.000000] BIOS-e820: [mem 0x0000000000100000-0x000000003ffdffff] usable
[    0.000000] BIOS-e820: [mem 0x000000003ffe0000-0x000000003fffffff] reserved
[    0.000000] BIOS-e820: [mem 0x00000000feffc000-0x00000000feffffff] reserved
[    0.000000] BIOS-e820: [mem 0x00000000fffc0000-0x00000000ffffffff] reserved
[    0.000000] BIOS-e820: [mem 0x000000fd00000000-0x000000ffffffffff] reserved
[    0.000000] printk: legacy bootconsole [earlyser0] enabled
[    0.000000] NX (Execute Disable) protection: active
[    0.000000] APIC: Static calls initialized
[    0.000000] SMBIOS 3.0.0 present.
[    0.000000] DMI: QEMU Standard PC (i440FX + PIIX, 1996), BIOS rel-1.16.3-0-ga6ed6b701f0a-prebuilt.qemu.org 04/01/2014
[    0.000000] Hypervisor detected: KVM
[    0.000000] kvm-clock: Using msrs 4b564d01 and 4b564d00
[    0.000000] kvm-clock: using sched offset of 346317035 cycles
[    0.000418] clocksource: kvm-clock: mask: 0xffffffffffffffff max_cycles: 0x1cd42e4dffb, max_idle_ns: 881590591483 ns
[    0.001674] tsc: Detected 4491.536 MHz processor
[    0.002413] last_pfn = 0x3ffe0 max_arch_pfn = 0x400000000
[    0.002852] MTRR map: 4 entries (3 fixed + 1 variable; max 19), built from 8 variable MTRRs
[    0.003482] x86/PAT: Configuration [0-7]: WB  WC  UC- UC  WB  WP  UC- WT  
[    0.005630] found SMP MP-table at [mem 0x000f5470-0x000f547f]
[    0.006075] Using GB pages for direct mapping
[    0.006567] ACPI: Early table checksum verification disabled
[    0.006996] ACPI: RSDP 0x00000000000F5290 000014 (v00 BOCHS )
[    0.007447] ACPI: RSDT 0x000000003FFE27B6 000034 (v01 BOCHS  BXPC     00000001 BXPC 00000001)
[    0.008118] ACPI: FACP 0x000000003FFE2572 000074 (v01 BOCHS  BXPC     00000001 BXPC 00000001)
[    0.008765] ACPI: DSDT 0x000000003FFE0040 002532 (v01 BOCHS  BXPC     00000001 BXPC 00000001)
[    0.009412] ACPI: FACS 0x000000003FFE0000 000040
[    0.009768] ACPI: APIC 0x000000003FFE25E6 000170 (v03 BOCHS  BXPC     00000001 BXPC 00000001)
[    0.010413] ACPI: HPET 0x000000003FFE2756 000038 (v01 BOCHS  BXPC     00000001 BXPC 00000001)
[    0.011074] ACPI: WAET 0x000000003FFE278E 000028 (v01 BOCHS  BXPC     00000001 BXPC 00000001)
[    0.011755] ACPI: Reserving FACP table memory at [mem 0x3ffe2572-0x3ffe25e5]
[    0.012286] ACPI: Reserving DSDT table memory at [mem 0x3ffe0040-0x3ffe2571]
[    0.012817] ACPI: Reserving FACS table memory at [mem 0x3ffe0000-0x3ffe003f]
[    0.013347] ACPI: Reserving APIC table memory at [mem 0x3ffe25e6-0x3ffe2755]
[    0.013902] ACPI: Reserving HPET table memory at [mem 0x3ffe2756-0x3ffe278d]
[    0.014435] ACPI: Reserving WAET table memory at [mem 0x3ffe278e-0x3ffe27b5]
[    0.015175] No NUMA configuration found
[    0.015465] Faking a node at [mem 0x0000000000000000-0x000000003ffdffff]
[    0.015993] NODE_DATA(0) allocated [mem 0x3ffdb000-0x3ffdffff]
[    0.016473] Zone ranges:
[    0.016664]   DMA      [mem 0x0000000000001000-0x0000000000ffffff]
[    0.017130]   DMA32    [mem 0x0000000001000000-0x000000003ffdffff]
[    0.017594]   Normal   empty
[    0.017814]   Device   empty
[    0.018031] Movable zone start for each node
[    0.018351] Early memory node ranges
[    0.018619]   node   0: [mem 0x0000000000001000-0x000000000009efff]
[    0.019132]   node   0: [mem 0x0000000000100000-0x000000003ffdffff]
[    0.019610] Initmem setup node 0 [mem 0x0000000000001000-0x000000003ffdffff]
[    0.020144] On node 0, zone DMA: 1 pages in unavailable ranges
[    0.020640] On node 0, zone DMA: 97 pages in unavailable ranges
[    0.025380] On node 0, zone DMA32: 32 pages in unavailable ranges
[    0.034879] kasan: KernelAddressSanitizer initialized
[    0.035482] ACPI: PM-Timer IO Port: 0x608
[    0.035790] ACPI: LAPIC_NMI (acpi_id[0xff] dfl dfl lint[0x1])
[    0.036243] IOAPIC[0]: apic_id 0, version 17, address 0xfec00000, GSI 0-23
[    0.036759] ACPI: INT_SRC_OVR (bus 0 bus_irq 0 global_irq 2 dfl dfl)
[    0.037235] ACPI: INT_SRC_OVR (bus 0 bus_irq 5 global_irq 5 high level)
[    0.037730] ACPI: INT_SRC_OVR (bus 0 bus_irq 9 global_irq 9 high level)
[    0.038240] ACPI: INT_SRC_OVR (bus 0 bus_irq 10 global_irq 10 high level)
[    0.038748] ACPI: INT_SRC_OVR (bus 0 bus_irq 11 global_irq 11 high level)
[    0.039257] ACPI: Using ACPI (MADT) for SMP configuration information
[    0.039739] ACPI: HPET id: 0x8086a201 base: 0xfed00000
[    0.040125] TSC deadline timer available
[    0.040418] smpboot: Allowing 32 CPUs, 0 hotplug CPUs
[    0.040809] kvm-guest: APIC: eoi() replaced with kvm_guest_apic_eoi_write()
[    0.041342] kvm-guest: KVM setup pv remote TLB flush
[    0.041715] kvm-guest: setup PV sched yield
[    0.042037] PM: hibernation: Registered nosave memory: [mem 0x00000000-0x00000fff]
[    0.042604] PM: hibernation: Registered nosave memory: [mem 0x0009f000-0x0009ffff]
[    0.043169] PM: hibernation: Registered nosave memory: [mem 0x000a0000-0x000effff]
[    0.043733] PM: hibernation: Registered nosave memory: [mem 0x000f0000-0x000fffff]
[    0.044300] [mem 0x40000000-0xfeffbfff] available for PCI devices
[    0.044756] Booting paravirtualized kernel on KVM
[    0.045109] clocksource: refined-jiffies: mask: 0xffffffff max_cycles: 0xffffffff, max_idle_ns: 1910969940391419 ns
[    0.053980] setup_percpu: NR_CPUS:64 nr_cpumask_bits:32 nr_cpu_ids:32 nr_node_ids:1
[    0.055802] percpu: Embedded 68 pages/cpu s241448 r8192 d28888 u524288
[    0.056353] Kernel command line: virtme_hostname=virtme-ng virtme_link_mods=/nipa-data/kernel/.virtme_mods/lib/modules/0.0.0 virtme_initmount0=nipa-data/kernel virtme_rw_overlay0=/etc virtme_rw_overlay1=/lib virtme_rw_overlay2=/home virtme_rw_overlay3=/opt virtme_rw_overlay4=/srv virtme_rw_overlay5=/usr virtme_rw_overlay6=/var earlyprintk=serial,ttyS0,115200 console=ttyS0 psmouse.proto=exps TERM=xterm virtme_chdir=nipa-data/kernel virtme_root_user=1 rootfstype=9p rootflags=version=9p2000.L,trans=virtio,access=any raid=noautodetect ro init=/usr/lib/python3.11/site-packages/virtme/guest/virtme-init
[    0.060554] Unknown kernel command line parameters "virtme_hostname=virtme-ng virtme_link_mods=/nipa-data/kernel/.virtme_mods/lib/modules/0.0.0 virtme_initmount0=nipa-data/kernel virtme_rw_overlay0=/etc virtme_rw_overlay1=/lib virtme_rw_overlay2=/home virtme_rw_overlay3=/opt virtme_rw_overlay4=/srv virtme_rw_overlay5=/usr virtme_rw_overlay6=/var virtme_chdir=nipa-data/kernel virtme_root_user=1", will be passed to user space.
[    0.063666] random: crng init done
[    0.064039] Dentry cache hash table entries: 131072 (order: 8, 1048576 bytes, linear)
[    0.064657] Inode-cache hash table entries: 65536 (order: 7, 524288 bytes, linear)
[    0.065662] Fallback order for Node 0: 0 
[    0.065667] Built 1 zonelists, mobility grouping on.  Total pages: 257760
[    0.066506] Policy zone: DMA32
[    0.066743] mem auto-init: stack:all(zero), heap alloc:off, heap free:off
[    0.067267] stackdepot: allocating hash table via alloc_large_system_hash
[    0.067792] stackdepot hash table entries: 1048576 (order: 12, 16777216 bytes, linear)
[    0.075846] Memory: 781324K/1048056K available (43008K kernel code, 11320K rwdata, 9564K rodata, 5740K init, 2444K bss, 266476K reserved, 0K cma-reserved)
[    0.077114] SLUB: HWalign=64, Order=0-3, MinObjects=0, CPUs=32, Nodes=1
Poking KASLR using RDRAND RDTSC...
[    0.077908] ftrace: allocating 46463 entries in 182 pages
[    0.086585] ftrace: allocated 182 pages with 5 groups
[    0.087837] Dynamic Preempt: voluntary
[    0.088473] rcu: Preemptible hierarchical RCU implementation.
[    0.088916] rcu: RCU event tracing is enabled.
[    0.089265] rcu: RCU restricting CPUs from NR_CPUS=64 to nr_cpu_ids=32.
[    0.089785] Trampoline variant of Tasks RCU enabled.
[    0.090173] Rude variant of Tasks RCU enabled.
[    0.090521] Tracing variant of Tasks RCU enabled.
[    0.090890] rcu: RCU calculated value of scheduler-enlistment delay is 100 jiffies.
[    0.091480] rcu: Adjusting geometry for rcu_fanout_leaf=16, nr_cpu_ids=32
[    0.100149] NR_IRQS: 4352, nr_irqs: 680, preallocated irqs: 16
[    0.100841] rcu: srcu_init: Setting srcu_struct sizes based on contention.
[    0.101568] Console: colour *CGA 80x25
[    0.101893] printk: legacy console [ttyS0] enabled
[    0.101893] printk: legacy console [ttyS0] enabled
[    0.102645] printk: legacy bootconsole [earlyser0] disabled
[    0.102645] printk: legacy bootconsole [earlyser0] disabled
[    0.103525] ACPI: Core revision 20230628
[    0.103986] clocksource: hpet: mask: 0xffffffff max_cycles: 0xffffffff, max_idle_ns: 19112604467 ns
[    0.104753] APIC: Switch to symmetric I/O mode setup
[    0.105144] APIC: Switched APIC routing to: physical flat
[    0.105564] kvm-guest: APIC: send_IPI_mask() replaced with kvm_send_ipi_mask()
[    0.106158] kvm-guest: APIC: send_IPI_mask_allbutself() replaced with kvm_send_ipi_mask_allbutself()
[    0.106864] kvm-guest: setup PV IPIs
[    0.108027] ..TIMER: vector=0x30 apic1=0 pin1=2 apic2=-1 pin2=-1
[    0.108861] tsc: Marking TSC unstable due to TSCs unsynchronized
[    0.109668] Calibrating delay loop (skipped) preset value.. 8983.07 BogoMIPS (lpj=4491536)
[    0.110728] x86/cpu: User Mode Instruction Prevention (UMIP) activated
[    0.111725] Last level iTLB entries: 4KB 512, 2MB 255, 4MB 127
[    0.112508] Last level dTLB entries: 4KB 512, 2MB 255, 4MB 127, 1GB 0
[    0.112668] Spectre V1 : Mitigation: usercopy/swapgs barriers and __user pointer sanitization
[    0.113669] Spectre V2 : Mitigation: Enhanced / Automatic IBRS
[    0.114664] Spectre V2 : Spectre v2 / SpectreRSB mitigation: Filling RSB on context switch
[    0.115666] Spectre V2 : mitigation: Enabling conditional Indirect Branch Prediction Barrier
[    0.116666] Speculative Store Bypass: Mitigation: Speculative Store Bypass disabled via prctl
[    0.117664] Speculative Return Stack Overflow: IBPB-extending microcode not applied!
[    0.118664] Speculative Return Stack Overflow: WARNING: See https://kernel.org/doc/html/latest/admin-guide/hw-vuln/srso.html for mitigation options.
[    0.118666] Speculative Return Stack Overflow: Vulnerable: Safe RET, no microcode
[    0.121668] x86/fpu: Supporting XSAVE feature 0x001: 'x87 floating point registers'
[    0.122664] x86/fpu: Supporting XSAVE feature 0x002: 'SSE registers'
[    0.123502] x86/fpu: Supporting XSAVE feature 0x004: 'AVX registers'
[    0.123664] x86/fpu: Supporting XSAVE feature 0x020: 'AVX-512 opmask'
[    0.124664] x86/fpu: Supporting XSAVE feature 0x040: 'AVX-512 Hi256'
[    0.125664] x86/fpu: Supporting XSAVE feature 0x080: 'AVX-512 ZMM_Hi256'
[    0.126664] x86/fpu: Supporting XSAVE feature 0x200: 'Protection Keys User registers'
[    0.127664] x86/fpu: xstate_offset[2]:  576, xstate_sizes[2]:  256
[    0.128664] x86/fpu: xstate_offset[5]:  832, xstate_sizes[5]:   64
[    0.129475] x86/fpu: xstate_offset[6]:  896, xstate_sizes[6]:  512
[    0.129664] x86/fpu: xstate_offset[7]: 1408, xstate_sizes[7]: 1024
[    0.130664] x86/fpu: xstate_offset[9]: 2432, xstate_sizes[9]:    8
[    0.131664] x86/fpu: Enabled xstate features 0x2e7, context size is 2440 bytes, using 'compacted' format.
[    0.154171] Freeing SMP alternatives memory: 36K
[    0.154665] pid_max: default: 32768 minimum: 301
[    0.155427] Mount-cache hash table entries: 2048 (order: 2, 16384 bytes, linear)
[    0.155666] Mountpoint-cache hash table entries: 2048 (order: 2, 16384 bytes, linear)
[    0.158275] smpboot: CPU0: AMD Ryzen 9 7950X 16-Core Processor (family: 0x19, model: 0x61, stepping: 0x2)
[    0.158996] RCU Tasks: Setting shift to 5 and lim to 1 rcu_task_cb_adjust=1.
[    0.159691] RCU Tasks Rude: Setting shift to 5 and lim to 1 rcu_task_cb_adjust=1.
[    0.160692] RCU Tasks Trace: Setting shift to 5 and lim to 1 rcu_task_cb_adjust=1.
[    0.161692] Performance Events: Fam17h+ core perfctr, AMD PMU driver.
[    0.162578] ... version:                0
[    0.162666] ... bit width:              48
[    0.163212] ... generic registers:      6
[    0.163666] ... value mask:             0000ffffffffffff
[    0.164367] ... max period:             00007fffffffffff
[    0.164666] ... fixed-purpose events:   0
[    0.165199] ... event mask:             000000000000003f
[    0.165769] signal: max sigframe size: 3376
[    0.166377] rcu: Hierarchical SRCU implementation.
[    0.166667] rcu: Max phase no-delay instances is 400.
[    0.171615] smp: Bringing up secondary CPUs ...
[    0.171855] smpboot: x86: Booting SMP configuration:
[    0.172513] .... node  #0, CPUs:        #1  #2  #3  #4  #5  #6  #7  #8  #9 #10 #11 #12 #13 #14 #15 #16 #17 #18 #19 #20 #21 #22 #23 #24 #25 #26 #27 #28 #29 #30 #31
[    0.196672] smp: Brought up 1 node, 32 CPUs
[    0.198227] smpboot: Max logical packages: 1
[    0.198666] smpboot: Total of 32 processors activated (287458.30 BogoMIPS)
[    0.209870] devtmpfs: initialized
[    0.210813] x86/mm: Memory block size: 128MB
[    0.217936] clocksource: jiffies: mask: 0xffffffff max_cycles: 0xffffffff, max_idle_ns: 1911260446275000 ns
[    0.218678] futex hash table entries: 8192 (order: 7, 524288 bytes, linear)
[    0.219988] PM: RTC time: 00:27:23, date: 2024-02-24
[    0.221562] NET: Registered PF_NETLINK/PF_ROUTE protocol family
[    0.222503] thermal_sys: Registered thermal governor 'step_wise'
[    0.222505] thermal_sys: Registered thermal governor 'user_space'
[    0.222727] cpuidle: using governor menu
[    0.225241] PCI: Using configuration type 1 for base access
[    0.225667] PCI: Using configuration type 1 for extended access
[    0.226605] kprobes: kprobe jump-optimization is enabled. All kprobes are optimized if possible.
[    0.239980] HugeTLB: registered 1.00 GiB page size, pre-allocated 0 pages
[    0.240668] HugeTLB: 16380 KiB vmemmap can be freed for a 1.00 GiB page
[    0.241667] HugeTLB: registered 2.00 MiB page size, pre-allocated 0 pages
[    0.243666] HugeTLB: 28 KiB vmemmap can be freed for a 2.00 MiB page
[    0.245887] ACPI: Added _OSI(Module Device)
[    0.246582] ACPI: Added _OSI(Processor Device)
[    0.246667] ACPI: Added _OSI(3.0 _SCP Extensions)
[    0.247441] ACPI: Added _OSI(Processor Aggregator Device)
[    0.280622] ACPI: 1 ACPI AML tables successfully acquired and loaded
[    0.284911] ACPI: _OSC evaluation for CPUs failed, trying _PDC
[    0.288738] ACPI: Interpreter enabled
[    0.289428] ACPI: PM: (supports S0 S3 S4 S5)
[    0.289667] ACPI: Using IOAPIC for interrupt routing
[    0.290553] PCI: Using host bridge windows from ACPI; if necessary, use "pci=nocrs" and report a bug
[    0.292667] PCI: Using E820 reservations for host bridge windows
[    0.295148] ACPI: Enabled 2 GPEs in block 00 to 0F
[    0.349237] ACPI: PCI Root Bridge [PCI0] (domain 0000 [bus 00-ff])
[    0.349681] acpi PNP0A03:00: _OSC: OS supports [ExtendedConfig ASPM ClockPM Segments MSI HPX-Type3]
[    0.351207] PCI host bridge to bus 0000:00
[    0.352670] pci_bus 0000:00: root bus resource [io  0x0000-0x0cf7 window]
[    0.353549] pci_bus 0000:00: root bus resource [io  0x0d00-0xffff window]
[    0.353669] pci_bus 0000:00: root bus resource [mem 0x000a0000-0x000bffff window]
[    0.354632] pci_bus 0000:00: root bus resource [mem 0x40000000-0xfebfffff window]
[    0.355670] pci_bus 0000:00: root bus resource [mem 0x100000000-0x17fffffff window]
[    0.356669] pci_bus 0000:00: root bus resource [bus 00-ff]
[    0.357535] pci 0000:00:00.0: [8086:1237] type 00 class 0x060000 conventional PCI endpoint
[    0.359572] pci 0000:00:01.0: [8086:7000] type 00 class 0x060100 conventional PCI endpoint
[    0.361601] pci 0000:00:01.1: [8086:7010] type 00 class 0x010180 conventional PCI endpoint
[    0.365667] pci 0000:00:01.1: BAR 4 [io  0xc080-0xc08f]
[    0.367136] pci 0000:00:01.1: BAR 0 [io  0x01f0-0x01f7]: legacy IDE quirk
[    0.367667] pci 0000:00:01.1: BAR 1 [io  0x03f6]: legacy IDE quirk
[    0.368474] pci 0000:00:01.1: BAR 2 [io  0x0170-0x0177]: legacy IDE quirk
[    0.369666] pci 0000:00:01.1: BAR 3 [io  0x0376]: legacy IDE quirk
[    0.371231] pci 0000:00:01.3: [8086:7113] type 00 class 0x068000 conventional PCI endpoint
[    0.371942] pci 0000:00:01.3: quirk: [io  0x0600-0x063f] claimed by PIIX4 ACPI
[    0.373671] pci 0000:00:01.3: quirk: [io  0x0700-0x070f] claimed by PIIX4 SMB
[    0.375363] pci 0000:00:02.0: [1af4:1009] type 00 class 0x000200 conventional PCI endpoint
[    0.377667] pci 0000:00:02.0: BAR 0 [io  0xc000-0xc03f]
[    0.380353] pci 0000:00:02.0: BAR 1 [mem 0xfebfd000-0xfebfdfff]
[    0.384667] pci 0000:00:02.0: BAR 4 [mem 0xfebf4000-0xfebf7fff 64bit pref]
[    0.400094] pci 0000:00:03.0: [1af4:1009] type 00 class 0x000200 conventional PCI endpoint
[    0.402667] pci 0000:00:03.0: BAR 0 [io  0xc040-0xc07f]
[    0.404354] pci 0000:00:03.0: BAR 1 [mem 0xfebfe000-0xfebfefff]
[    0.410317] pci 0000:00:03.0: BAR 4 [mem 0xfebf8000-0xfebfbfff 64bit pref]
[    0.425084] pci 0000:00:04.0: [8086:25ab] type 00 class 0x088000 conventional PCI endpoint
[    0.426077] pci 0000:00:04.0: BAR 0 [mem 0xfebff000-0xfebff00f]
[    0.443186] ACPI: PCI: Interrupt link LNKA configured for IRQ 10
[    0.446162] ACPI: PCI: Interrupt link LNKB configured for IRQ 10
[    0.447729] ACPI: PCI: Interrupt link LNKC configured for IRQ 11
[    0.449459] ACPI: PCI: Interrupt link LNKD configured for IRQ 11
[    0.451054] ACPI: PCI: Interrupt link LNKS configured for IRQ 9
[    0.470383] iommu: Default domain type: Translated
[    0.470666] iommu: DMA domain TLB invalidation policy: lazy mode
[    0.471933] SCSI subsystem initialized
[    0.472826] pps_core: LinuxPPS API ver. 1 registered
[    0.473465] pps_core: Software ver. 5.3.6 - Copyright 2005-2007 Rodolfo Giometti <giometti@linux.it>
[    0.474682] PTP clock support registered
[    0.475798] Advanced Linux Sound Architecture Driver Initialized.
[    0.477500] NET: Registered PF_ATMPVC protocol family
[    0.477667] NET: Registered PF_ATMSVC protocol family
[    0.478336] PCI: Using ACPI for IRQ routing
[    0.479804] vgaarb: loaded
[    0.480759] hpet0: at MMIO 0xfed00000, IRQs 2, 8, 0
[    0.481385] hpet0: 3 comparators, 64-bit 100.000000 MHz counter
[    0.486941] clocksource: Switched to clocksource kvm-clock
[    0.488188] VFS: Disk quotas dquot_6.6.0
[    0.488731] VFS: Dquot-cache hash table entries: 512 (order 0, 4096 bytes)
[    0.489933] pnp: PnP ACPI init
[    0.496736] pnp: PnP ACPI: found 5 devices
[    0.510150] clocksource: acpi_pm: mask: 0xffffff max_cycles: 0xffffff, max_idle_ns: 2085701024 ns
[    0.511400] NET: Registered PF_INET protocol family
[    0.512165] IP idents hash table entries: 16384 (order: 5, 131072 bytes, linear)
[    0.513552] tcp_listen_portaddr_hash hash table entries: 512 (order: 1, 8192 bytes, linear)
[    0.514635] Table-perturb hash table entries: 65536 (order: 6, 262144 bytes, linear)
[    0.515662] TCP established hash table entries: 8192 (order: 4, 65536 bytes, linear)
[    0.516663] TCP bind hash table entries: 8192 (order: 6, 262144 bytes, linear)
[    0.517610] TCP: Hash tables configured (established 8192 bind 8192)
[    0.518597] UDP hash table entries: 512 (order: 2, 16384 bytes, linear)
[    0.519467] UDP-Lite hash table entries: 512 (order: 2, 16384 bytes, linear)
[    0.520602] NET: Registered PF_UNIX/PF_LOCAL protocol family
[    0.521360] pci_bus 0000:00: resource 4 [io  0x0000-0x0cf7 window]
[    0.522143] pci_bus 0000:00: resource 5 [io  0x0d00-0xffff window]
[    0.523111] pci_bus 0000:00: resource 6 [mem 0x000a0000-0x000bffff window]
[    0.524243] pci_bus 0000:00: resource 7 [mem 0x40000000-0xfebfffff window]
[    0.525203] pci_bus 0000:00: resource 8 [mem 0x100000000-0x17fffffff window]
[    0.526333] pci 0000:00:01.0: PIIX3: Enabling Passive Release
[    0.527066] pci 0000:00:00.0: Limiting direct PCI/PCI transfers
[    0.527869] PCI: CLS 0 bytes, default 64
[    0.528588] kvm_intel: VMX not supported by CPU 30
[    0.529230] kvm_amd: TSC scaling supported
[    0.529783] kvm_amd: Nested Virtualization enabled
[    0.530407] kvm_amd: Nested Paging enabled
[    0.530949] kvm_amd: Virtual VMLOAD VMSAVE supported
[    0.531598] kvm_amd: Virtual GIF supported
[    0.532118] kvm_amd: Virtual NMI enabled
[    0.532630] kvm_amd: LBR virtualization supported
[    0.634543] workingset: timestamp_bits=56 max_order=18 bucket_order=0
[    0.635528] squashfs: version 4.0 (2009/01/31) Phillip Lougher
[    0.636295] fuse: init (API version 7.39)
[    0.636950] 9p: Installing v9fs 9p2000 file system support
[    0.637762] Key type asymmetric registered
[    0.638333] Block layer SCSI generic (bsg) driver version 0.4 loaded (major 249)
[    0.639306] io scheduler mq-deadline registered
[    0.639882] io scheduler kyber registered
[    0.641739] input: Power Button as /devices/LNXSYSTM:00/LNXPWRBN:00/input/input0
[    0.642932] ACPI: button: Power Button [PWRF]
[    0.643628] Warning: Processor Platform Limit event detected, but not handled.
[    0.644546] Consider compiling CPUfreq support into your kernel.
[    1.499138] ACPI: \_SB_.LNKB: Enabled at IRQ 10
[    2.366940] ACPI: \_SB_.LNKC: Enabled at IRQ 11
[    2.368650] Serial: 8250/16550 driver, 4 ports, IRQ sharing enabled
[    2.369840] 00:03: ttyS0 at I/O 0x3f8 (irq = 4, base_baud = 115200) is a 16550A
[    2.372597] Non-volatile memory driver v1.3
[    2.373160] Linux agpgart interface v0.103
[    2.373894] ACPI: bus type drm_connector registered
[    2.396583] loop: module loaded
[    2.399494] scsi host0: ata_piix
[    2.400461] scsi host1: ata_piix
[    2.401115] ata1: PATA max MWDMA2 cmd 0x1f0 ctl 0x3f6 bmdma 0xc080 irq 14 lpm-pol 0
[    2.402141] ata2: PATA max MWDMA2 cmd 0x170 ctl 0x376 bmdma 0xc088 irq 15 lpm-pol 0
[    2.404826] i8042: PNP: PS/2 Controller [PNP0303:KBD,PNP0f13:MOU] at 0x60,0x64 irq 1,12
[    2.406594] serio: i8042 KBD port at 0x60,0x64 irq 1
[    2.407264] serio: i8042 AUX port at 0x60,0x64 irq 12
[    2.408577] rtc_cmos 00:04: RTC can wake from S4
[    2.409504] input: AT Translated Set 2 keyboard as /devices/platform/i8042/serio0/input/input1
[    2.411689] rtc_cmos 00:04: registered as rtc0
[    2.412322] rtc_cmos 00:04: setting system clock to 2024-02-24T00:27:25 UTC (1708734445)
[    2.413513] rtc_cmos 00:04: alarms up to one day, y3k, 242 bytes nvram, hpet irqs
[    2.415395] i6300ESB timer 0000:00:04.0: initialized. heartbeat=30 sec (nowayout=0)
[    2.416676] device-mapper: ioctl: 4.48.0-ioctl (2023-03-01) initialised: dm-devel@redhat.com
[    2.418727] NET: Registered PF_PACKET protocol family
[    2.419427] 9pnet: Installing 9P2000 support
[    2.421385] Key type dns_resolver registered
[    2.423131] input: ImExPS/2 Generic Explorer Mouse as /devices/platform/i8042/serio1/input/input3
[    2.428817] IPI shorthand broadcast: enabled
[    2.450654] sched_clock: Marking stable (2445001569, 5290222)->(2464917157, -14625366)
[    2.452049] registered taskstats version 1
[    2.467195] PM:   Magic number: 12:700:456
[    2.467791] mem urandom: hash matches
[    2.468307] printk: legacy console [netcon0] enabled
[    2.468963] netconsole: network logging started
[    2.469735] ALSA device list:
[    2.470130]   No soundcards found.
[    2.562403] ata2: found unknown device (class 0)
[    2.563492] ata2.00: ATAPI: QEMU DVD-ROM, 2.5+, max UDMA/100
[    2.565199] scsi 1:0:0:0: CD-ROM            QEMU     QEMU DVD-ROM     2.5+ PQ: 0 ANSI: 5
[    2.574264] scsi 1:0:0:0: Attached scsi generic sg0 type 5
[    2.575319] md: Skipping autodetection of RAID arrays. (raid=autodetect will force)
[    2.576269] 9pnet_virtio: no channels available for device 
[    2.577675] VFS: Mounted root (9p filesystem) readonly on device 0:19.
[    2.578747] devtmpfs: mounted
[    2.583848] Freeing unused kernel image (initmem) memory: 5740K
[    2.592303] Write protecting the kernel read-only data: 53248k
[    2.593381] Freeing unused kernel image (rodata/data gap) memory: 676K
[    2.630074] x86/mm: Checked W+X mappings: passed, no W+X pages found.
[    2.630822] Run /usr/lib/python3.11/site-packages/virtme/guest/virtme-init as init process
[    2.668720] mount (266) used greatest stack depth: 26744 bytes left
[    2.793400] mount (285) used greatest stack depth: 26400 bytes left
[    2.939461] virtme-init: basic initialization done
[    2.947212] virtme-init: udevd not found
[    3.039656] virtme-init: Setting hostname to virtme-ng...
[    3.060351] ip (358) used greatest stack depth: 25192 bytes left
          _      _                                    
   __   _(_)_ __| |_ _ __ ___   ___       _ __   __ _ 
   \ \ / / |  __| __|  _   _ \ / _ \_____|  _ \ / _  |
    \ V /| | |  | |_| | | | | |  __/_____| | | | (_| |
     \_/ |_|_|   \__|_| |_| |_|\___|     |_| |_|\__  |
                                                |___/ 
   kernel version: 6.8.0-rc5-virtme x86_64

virtme-ng:/nipa-data/kernel# PS1='xx__-> '
xx__-> env
PWD=/nipa-data/kernel
HOME=/
TERM=xterm
SHLVL=2
XDG_RUNTIME_DIR=/run/user/0
PATH=/bin:/sbin:/usr/bin:/usr/sbin:/usr/local/bin
OLDPWD=/
_=/usr/bin/env
xx__-> 