No EFI environment detected.
early console in extract_kernel
input_data: 0x0000000004c832c4
input_len: 0x000000000197e7a1
output: 0x0000000001000000
output_len: 0x000000000558b0ec
kernel_total_size: 0x0000000005230000
needed_size: 0x0000000005600000
trampoline_32bit: 0x0000000000000000
Physical KASLR using RDRAND RDTSC...
Virtual KASLR using RDRAND RDTSC...

Decompressing Linux... Parsing ELF... Performing relocations... done.
Booting the kernel (entry_offset: 0x0000000002bd1410).
[    0.000000] Linux version 6.15.0-rc6-virtme (root@d5caf89d75a9) (gcc (Ubuntu 13.3.0-6ubuntu2~24.04) 13.3.0, GNU ld (GNU Binutils for Ubuntu) 2.42) #1 SMP PREEMPT_DYNAMIC Sat May 17 03:26:53 UTC 2025
[    0.000000] Command line: virtme_hostname=virtme-ng nr_open=1048576 virtme_link_mods=/nipa-data/kernel/.virtme_mods/lib/modules/0.0.0 virtme_initmount0=nipa-data/kernel virtme_rw_overlay0=/etc virtme_rw_overlay1=/lib virtme_rw_overlay2=/home virtme_rw_overlay3=/opt virtme_rw_overlay4=/srv virtme_rw_overlay5=/usr virtme_rw_overlay6=/var console=hvc0 earlyprintk=serial,ttyS0,115200 virtme_console=ttyS0 psmouse.proto=exps TERM=xterm virtme_chdir=nipa-data/kernel virtme_root_user=1 rootfstype=9p rootflags=version=9p2000.L,trans=virtio,access=any raid=noautodetect ro init=/usr/lib/python3/dist-packages/virtme/guest/virtme-init
[    0.000000] BIOS-provided physical RAM map:
[    0.000000] BIOS-e820: [mem 0x0000000000000000-0x000000000009fbff] usable
[    0.000000] BIOS-e820: [mem 0x000000000009fc00-0x000000000009ffff] reserved
[    0.000000] BIOS-e820: [mem 0x00000000000f0000-0x00000000000fffff] reserved
[    0.000000] BIOS-e820: [mem 0x0000000000100000-0x000000003ffdffff] usable
[    0.000000] BIOS-e820: [mem 0x000000003ffe0000-0x000000003fffffff] reserved
[    0.000000] BIOS-e820: [mem 0x00000000feffc000-0x00000000feffffff] reserved
[    0.000000] BIOS-e820: [mem 0x00000000fffc0000-0x00000000ffffffff] reserved
[    0.000000] BIOS-e820: [mem 0x000000fd00000000-0x000000ffffffffff] reserved
[    0.000000] printk: legacy bootconsole [earlyser0] enabled
[    0.000000] NX (Execute Disable) protection: active
[    0.000000] APIC: Static calls initialized
[    0.000000] SMBIOS 3.0.0 present.
[    0.000000] DMI: QEMU Ubuntu 24.04 PC (i440FX + PIIX, 1996), BIOS 1.16.3-debian-1.16.3-2 04/01/2014
[    0.000000] DMI: Memory slots populated: 1/1
[    0.000000] Hypervisor detected: KVM
[    0.000000] kvm-clock: Using msrs 4b564d01 and 4b564d00
[    0.000000] kvm-clock: using sched offset of 309599341 cycles
[    0.000366] clocksource: kvm-clock: mask: 0xffffffffffffffff max_cycles: 0x1cd42e4dffb, max_idle_ns: 881590591483 ns
[    0.001495] tsc: Detected 4491.560 MHz processor
[    0.002153] last_pfn = 0x3ffe0 max_arch_pfn = 0x400000000
[    0.002551] MTRR map: 4 entries (3 fixed + 1 variable; max 19), built from 8 variable MTRRs
[    0.003132] x86/PAT: Configuration [0-7]: WB  WC  UC- UC  WB  WP  UC- WT  
[    0.005022] found SMP MP-table at [mem 0x000f5470-0x000f547f]
[    0.005427] Using GB pages for direct mapping
[    0.005880] ACPI: Early table checksum verification disabled
[    0.006275] ACPI: RSDP 0x00000000000F5290 000014 (v00 BOCHS )
[    0.006678] ACPI: RSDT 0x000000003FFE27BC 000034 (v01 BOCHS  BXPC     00000001 BXPC 00000001)
[    0.007274] ACPI: FACP 0x000000003FFE2578 000074 (v01 BOCHS  BXPC     00000001 BXPC 00000001)
[    0.007871] ACPI: DSDT 0x000000003FFE0040 002538 (v01 BOCHS  BXPC     00000001 BXPC 00000001)
[    0.008468] ACPI: FACS 0x000000003FFE0000 000040
[    0.008791] ACPI: APIC 0x000000003FFE25EC 000170 (v03 BOCHS  BXPC     00000001 BXPC 00000001)
[    0.009388] ACPI: HPET 0x000000003FFE275C 000038 (v01 BOCHS  BXPC     00000001 BXPC 00000001)
[    0.009980] ACPI: WAET 0x000000003FFE2794 000028 (v01 BOCHS  BXPC     00000001 BXPC 00000001)
[    0.010571] ACPI: Reserving FACP table memory at [mem 0x3ffe2578-0x3ffe25eb]
[    0.011058] ACPI: Reserving DSDT table memory at [mem 0x3ffe0040-0x3ffe2577]
[    0.011546] ACPI: Reserving FACS table memory at [mem 0x3ffe0000-0x3ffe003f]
[    0.012034] ACPI: Reserving APIC table memory at [mem 0x3ffe25ec-0x3ffe275b]
[    0.012524] ACPI: Reserving HPET table memory at [mem 0x3ffe275c-0x3ffe2793]
[    0.013012] ACPI: Reserving WAET table memory at [mem 0x3ffe2794-0x3ffe27bb]
[    0.013692] No NUMA configuration found
[    0.013958] Faking a node at [mem 0x0000000000000000-0x000000003ffdffff]
[    0.014423] NODE_DATA(0) allocated [mem 0x3ffdb600-0x3ffdffff]
[    0.014842] Zone ranges:
[    0.015018]   DMA      [mem 0x0000000000001000-0x0000000000ffffff]
[    0.015447]   DMA32    [mem 0x0000000001000000-0x000000003ffdffff]
[    0.015875]   Normal   empty
[    0.016075]   Device   empty
[    0.016277] Movable zone start for each node
[    0.016573] Early memory node ranges
[    0.016820]   node   0: [mem 0x0000000000001000-0x000000000009efff]
[    0.017254]   node   0: [mem 0x0000000000100000-0x000000003ffdffff]
[    0.017689] Initmem setup node 0 [mem 0x0000000000001000-0x000000003ffdffff]
[    0.018183] On node 0, zone DMA: 1 pages in unavailable ranges
[    0.018639] On node 0, zone DMA: 97 pages in unavailable ranges
[    0.023132] On node 0, zone DMA32: 32 pages in unavailable ranges
[    0.032183] kasan: KernelAddressSanitizer initialized
[    0.032760] ACPI: PM-Timer IO Port: 0x608
[    0.033051] ACPI: LAPIC_NMI (acpi_id[0xff] dfl dfl lint[0x1])
[    0.033476] IOAPIC[0]: apic_id 0, version 17, address 0xfec00000, GSI 0-23
[    0.033954] ACPI: INT_SRC_OVR (bus 0 bus_irq 0 global_irq 2 dfl dfl)
[    0.034394] ACPI: INT_SRC_OVR (bus 0 bus_irq 5 global_irq 5 high level)
[    0.034852] ACPI: INT_SRC_OVR (bus 0 bus_irq 9 global_irq 9 high level)
[    0.035311] ACPI: INT_SRC_OVR (bus 0 bus_irq 10 global_irq 10 high level)
[    0.035780] ACPI: INT_SRC_OVR (bus 0 bus_irq 11 global_irq 11 high level)
[    0.036260] ACPI: Using ACPI (MADT) for SMP configuration information
[    0.036708] ACPI: HPET id: 0x8086a201 base: 0xfed00000
[    0.037068] TSC deadline timer available
[    0.037346] CPU topo: Max. logical packages:   1
[    0.037666] CPU topo: Max. logical dies:       1
[    0.037986] CPU topo: Max. dies per package:   1
[    0.038307] CPU topo: Max. threads per core:   1
[    0.038627] CPU topo: Num. cores per package:    32
[    0.038965] CPU topo: Num. threads per package:  32
[    0.039303] CPU topo: Allowing 32 present CPUs plus 0 hotplug CPUs
[    0.039745] kvm-guest: APIC: eoi() replaced with kvm_guest_apic_eoi_write()
[    0.040240] kvm-guest: KVM setup pv remote TLB flush
[    0.040586] kvm-guest: setup PV sched yield
[    0.040881] PM: hibernation: Registered nosave memory: [mem 0x00000000-0x00000fff]
[    0.041406] PM: hibernation: Registered nosave memory: [mem 0x0009f000-0x000fffff]
[    0.041930] [mem 0x40000000-0xfeffbfff] available for PCI devices
[    0.042352] Booting paravirtualized kernel on KVM
[    0.042680] clocksource: refined-jiffies: mask: 0xffffffff max_cycles: 0xffffffff, max_idle_ns: 1910969940391419 ns
[    0.051322] setup_percpu: NR_CPUS:64 nr_cpumask_bits:32 nr_cpu_ids:32 nr_node_ids:1
[    0.053068] percpu: Embedded 65 pages/cpu s228056 r8192 d29992 u524288
[    0.053595] Kernel command line: virtme_hostname=virtme-ng nr_open=1048576 virtme_link_mods=/nipa-data/kernel/.virtme_mods/lib/modules/0.0.0 virtme_initmount0=nipa-data/kernel virtme_rw_overlay0=/etc virtme_rw_overlay1=/lib virtme_rw_overlay2=/home virtme_rw_overlay3=/opt virtme_rw_overlay4=/srv virtme_rw_overlay5=/usr virtme_rw_overlay6=/var console=hvc0 earlyprintk=serial,ttyS0,115200 virtme_console=ttyS0 psmouse.proto=exps TERM=xterm virtme_chdir=nipa-data/kernel virtme_root_user=1 rootfstype=9p rootflags=version=9p2000.L,trans=virtio,access=any raid=noautodetect ro init=/usr/lib/python3/dist-packages/virtme/guest/virtme-init
[    0.057704] Unknown kernel command line parameters "virtme_hostname=virtme-ng nr_open=1048576 virtme_link_mods=/nipa-data/kernel/.virtme_mods/lib/modules/0.0.0 virtme_initmount0=nipa-data/kernel virtme_rw_overlay0=/etc virtme_rw_overlay1=/lib virtme_rw_overlay2=/home virtme_rw_overlay3=/opt virtme_rw_overlay4=/srv virtme_rw_overlay5=/usr virtme_rw_overlay6=/var virtme_console=ttyS0 virtme_chdir=nipa-data/kernel virtme_root_user=1", will be passed to user space.
[    0.060811] random: crng init done
[    0.061054] printk: log buffer data + meta data: 262144 + 917504 = 1179648 bytes
[    0.061602] Dentry cache hash table entries: 131072 (order: 8, 1048576 bytes, linear)
[    0.062173] Inode-cache hash table entries: 65536 (order: 7, 524288 bytes, linear)
[    0.063114] Fallback order for Node 0: 0 
[    0.063118] Built 1 zonelists, mobility grouping on.  Total pages: 262014
[    0.063885] Policy zone: DMA32
[    0.064108] mem auto-init: stack:all(zero), heap alloc:off, heap free:off
[    0.064596] stackdepot: allocating hash table via alloc_large_system_hash
[    0.065081] stackdepot hash table entries: 1048576 (order: 12, 16777216 bytes, linear)
[    0.073177] SLUB: HWalign=64, Order=0-3, MinObjects=0, CPUs=32, Nodes=1
Poking KASLR using RDRAND RDTSC...
[    0.082435] ftrace: allocating 48971 entries in 192 pages
[    0.082818] ftrace: allocated 192 pages with 2 groups
[    0.084059] Dynamic Preempt: voluntary
[    0.084788] rcu: Preemptible hierarchical RCU implementation.
[    0.085193] rcu: RCU event tracing is enabled.
[    0.085512] rcu: RCU restricting CPUs from NR_CPUS=64 to nr_cpu_ids=32.
[    0.085985] Trampoline variant of Tasks RCU enabled.
[    0.086346] Rude variant of Tasks RCU enabled.
[    0.086666] Tracing variant of Tasks RCU enabled.
[    0.087005] rcu: RCU calculated value of scheduler-enlistment delay is 100 jiffies.
[    0.087547] rcu: Adjusting geometry for rcu_fanout_leaf=16, nr_cpu_ids=32
[    0.088100] RCU Tasks: Setting shift to 5 and lim to 1 rcu_task_cb_adjust=1 rcu_task_cpu_ids=32.
[    0.088725] RCU Tasks Rude: Setting shift to 5 and lim to 1 rcu_task_cb_adjust=1 rcu_task_cpu_ids=32.
[    0.089381] RCU Tasks Trace: Setting shift to 5 and lim to 1 rcu_task_cb_adjust=1 rcu_task_cpu_ids=32.
[    0.099469] NR_IRQS: 4352, nr_irqs: 680, preallocated irqs: 16
[    0.100166] rcu: srcu_init: Setting srcu_struct sizes based on contention.
[    0.101050] Console: colour *CGA 80x25
[    0.101352] ACPI: Core revision 20240827
[    0.101783] clocksource: hpet: mask: 0xffffffff max_cycles: 0xffffffff, max_idle_ns: 19112604467 ns
[    0.102493] APIC: Switch to symmetric I/O mode setup
[    0.102992] x2apic enabled
[    0.103371] APIC: Switched APIC routing to: physical x2apic
[    0.103765] kvm-guest: APIC: send_IPI_mask() replaced with kvm_send_ipi_mask()
[    0.104284] kvm-guest: APIC: send_IPI_mask_allbutself() replaced with kvm_send_ipi_mask_allbutself()
[    0.104914] kvm-guest: setup PV IPIs
[    0.105975] ..TIMER: vector=0x30 apic1=0 pin1=2 apic2=-1 pin2=-1
[    0.106750] clocksource: tsc-early: mask: 0xffffffffffffffff max_cycles: 0x40be4320a4d, max_idle_ns: 440795288133 ns
[    0.108074] Calibrating delay loop (skipped) preset value.. 8983.12 BogoMIPS (lpj=4491560)
[    0.109138] x86/cpu: User Mode Instruction Prevention (UMIP) activated
[    0.110130] Last level iTLB entries: 4KB 512, 2MB 255, 4MB 127
[    0.111072] Last level dTLB entries: 4KB 512, 2MB 255, 4MB 127, 1GB 0
[    0.112077] Spectre V1 : Mitigation: usercopy/swapgs barriers and __user pointer sanitization
[    0.113076] Spectre V2 : Mitigation: Enhanced / Automatic IBRS
[    0.113801] Spectre V2 : mitigation: Enabling conditional Indirect Branch Prediction Barrier
[    0.114074] Speculative Store Bypass: Mitigation: Speculative Store Bypass disabled via prctl
[    0.115073] Speculative Return Stack Overflow: IBPB-extending microcode not applied!
[    0.116072] Speculative Return Stack Overflow: WARNING: See https://kernel.org/doc/html/latest/admin-guide/hw-vuln/srso.html for mitigation options.
[    0.116074] Speculative Return Stack Overflow: Vulnerable: Safe RET, no microcode
[    0.118087] x86/fpu: Supporting XSAVE feature 0x001: 'x87 floating point registers'
[    0.119072] x86/fpu: Supporting XSAVE feature 0x002: 'SSE registers'
[    0.120072] x86/fpu: Supporting XSAVE feature 0x004: 'AVX registers'
[    0.121072] x86/fpu: Supporting XSAVE feature 0x020: 'AVX-512 opmask'
[    0.121849] x86/fpu: Supporting XSAVE feature 0x040: 'AVX-512 Hi256'
[    0.122072] x86/fpu: Supporting XSAVE feature 0x080: 'AVX-512 ZMM_Hi256'
[    0.123072] x86/fpu: Supporting XSAVE feature 0x200: 'Protection Keys User registers'
[    0.124073] x86/fpu: xstate_offset[2]:  576, xstate_sizes[2]:  256
[    0.125072] x86/fpu: xstate_offset[5]:  832, xstate_sizes[5]:   64
[    0.126072] x86/fpu: xstate_offset[6]:  896, xstate_sizes[6]:  512
[    0.126818] x86/fpu: xstate_offset[7]: 1408, xstate_sizes[7]: 1024
[    0.127072] x86/fpu: xstate_offset[9]: 2432, xstate_sizes[9]:    8
[    0.128072] x86/fpu: Enabled xstate features 0x2e7, context size is 2440 bytes, using 'compacted' format.
[    0.150577] Freeing SMP alternatives memory: 40K
[    0.151074] pid_max: default: 32768 minimum: 301
[    0.151759] Mount-cache hash table entries: 2048 (order: 2, 16384 bytes, linear)
[    0.152074] Mountpoint-cache hash table entries: 2048 (order: 2, 16384 bytes, linear)
[    0.154377] smpboot: CPU0: AMD Ryzen 9 7950X 16-Core Processor (family: 0x19, model: 0x61, stepping: 0x2)
[    0.155528] Performance Events: Fam17h+ core perfctr, AMD PMU driver.
[    0.156076] ... version:                0
[    0.156562] ... bit width:              48
[    0.157057] ... generic registers:      6
[    0.157074] ... value mask:             0000ffffffffffff
[    0.157717] ... max period:             00007fffffffffff
[    0.158074] ... fixed-purpose events:   0
[    0.158562] ... event mask:             000000000000003f
[    0.159229] signal: max sigframe size: 3376
[    0.159784] rcu: Hierarchical SRCU implementation.
[    0.160075] rcu: Max phase no-delay instances is 400.
[    0.160781] Timer migration: 2 hierarchy levels; 8 children per group; 2 crossnode level
[    0.164970] smp: Bringing up secondary CPUs ...
[    0.165263] smpboot: x86: Booting SMP configuration:
[    0.165865] .... node  #0, CPUs:        #1  #2  #3  #4  #5  #6  #7  #8  #9 #10 #11 #12 #13 #14 #15 #16 #17 #18 #19 #20 #21 #22 #23 #24 #25 #26 #27 #28 #29 #30 #31
[    0.194170] smp: Brought up 1 node, 32 CPUs
[    0.195597] smpboot: Total of 32 processors activated (287459.84 BogoMIPS)
[    0.199287] Memory: 761620K/1048056K available (44870K kernel code, 11594K rwdata, 10280K rodata, 6156K init, 1312K bss, 270652K reserved, 0K cma-reserved)
[    0.200200] devtmpfs: initialized
[    0.201080] x86/mm: Memory block size: 128MB
[    0.208102] clocksource: jiffies: mask: 0xffffffff max_cycles: 0xffffffff, max_idle_ns: 1911260446275000 ns
[    0.209078] posixtimers hash table entries: 16384 (order: 6, 262144 bytes, linear)
[    0.210023] futex hash table entries: 8192 (order: 7, 524288 bytes, linear)
[    0.210448] PM: RTC time: 03:27:14, date: 2025-05-17
[    0.211864] NET: Registered PF_NETLINK/PF_ROUTE protocol family
[    0.212951] thermal_sys: Registered thermal governor 'step_wise'
[    0.212981] cpuidle: using governor menu
[    0.214812] PCI: Using configuration type 1 for base access
[    0.215075] PCI: Using configuration type 1 for extended access
[    0.215935] kprobes: kprobe jump-optimization is enabled. All kprobes are optimized if possible.
[    0.232512] HugeTLB: allocation took 0ms with hugepage_allocation_threads=8
[    0.233107] HugeTLB: registered 1.00 GiB page size, pre-allocated 0 pages
[    0.233941] HugeTLB: 16380 KiB vmemmap can be freed for a 1.00 GiB page
[    0.235075] HugeTLB: registered 2.00 MiB page size, pre-allocated 0 pages
[    0.235920] HugeTLB: 28 KiB vmemmap can be freed for a 2.00 MiB page
[    0.237436] ACPI: Added _OSI(Module Device)
[    0.238075] ACPI: Added _OSI(Processor Device)
[    0.238633] ACPI: Added _OSI(3.0 _SCP Extensions)
[    0.239074] ACPI: Added _OSI(Processor Aggregator Device)
[    0.264393] ACPI: 1 ACPI AML tables successfully acquired and loaded
[    0.269009] ACPI: Interpreter enabled
[    0.269136] ACPI: PM: (supports S0 S3 S4 S5)
[    0.269659] ACPI: Using IOAPIC for interrupt routing
[    0.271125] PCI: Using host bridge windows from ACPI; if necessary, use "pci=nocrs" and report a bug
[    0.272075] PCI: Using E820 reservations for host bridge windows
[    0.273916] ACPI: Enabled 2 GPEs in block 00 to 0F
[    0.324671] ACPI: PCI Root Bridge [PCI0] (domain 0000 [bus 00-ff])
[    0.326090] acpi PNP0A03:00: _OSC: OS supports [ExtendedConfig ASPM ClockPM Segments MSI HPX-Type3]
[    0.327613] PCI host bridge to bus 0000:00
[    0.328136] pci_bus 0000:00: root bus resource [io  0x0000-0x0cf7 window]
[    0.328988] pci_bus 0000:00: root bus resource [io  0x0d00-0xffff window]
[    0.329077] pci_bus 0000:00: root bus resource [mem 0x000a0000-0x000bffff window]
[    0.330016] pci_bus 0000:00: root bus resource [mem 0x40000000-0xfebfffff window]
[    0.331077] pci_bus 0000:00: root bus resource [mem 0x100000000-0x17fffffff window]
[    0.332035] pci_bus 0000:00: root bus resource [bus 00-ff]
[    0.333171] pci 0000:00:00.0: [8086:1237] type 00 class 0x060000 conventional PCI endpoint
[    0.335019] pci 0000:00:01.0: [8086:7000] type 00 class 0x060100 conventional PCI endpoint
[    0.336997] pci 0000:00:01.1: [8086:7010] type 00 class 0x010180 conventional PCI endpoint
[    0.338539] pci 0000:00:01.1: BAR 4 [io  0xc0c0-0xc0cf]
[    0.339093] pci 0000:00:01.1: BAR 0 [io  0x01f0-0x01f7]: legacy IDE quirk
[    0.339934] pci 0000:00:01.1: BAR 1 [io  0x03f6]: legacy IDE quirk
[    0.341075] pci 0000:00:01.1: BAR 2 [io  0x0170-0x0177]: legacy IDE quirk
[    0.341915] pci 0000:00:01.1: BAR 3 [io  0x0376]: legacy IDE quirk
[    0.342809] pci 0000:00:01.3: [8086:7113] type 00 class 0x068000 conventional PCI endpoint
[    0.344300] pci 0000:00:01.3: quirk: [io  0x0600-0x063f] claimed by PIIX4 ACPI
[    0.345079] pci 0000:00:01.3: quirk: [io  0x0700-0x070f] claimed by PIIX4 SMB
[    0.346753] pci 0000:00:02.0: [1af4:1009] type 00 class 0x000200 conventional PCI endpoint
[    0.349079] pci 0000:00:02.0: BAR 0 [io  0xc000-0xc03f]
[    0.349734] pci 0000:00:02.0: BAR 1 [mem 0xfebfc000-0xfebfcfff]
[    0.350089] pci 0000:00:02.0: BAR 4 [mem 0xfebf0000-0xfebf3fff 64bit pref]
[    0.363240] pci 0000:00:03.0: [1af4:1009] type 00 class 0x000200 conventional PCI endpoint
[    0.366079] pci 0000:00:03.0: BAR 0 [io  0xc040-0xc07f]
[    0.366742] pci 0000:00:03.0: BAR 1 [mem 0xfebfd000-0xfebfdfff]
[    0.367089] pci 0000:00:03.0: BAR 4 [mem 0xfebf4000-0xfebf7fff 64bit pref]
[    0.380148] pci 0000:00:04.0: [8086:25ab] type 00 class 0x088000 conventional PCI endpoint
[    0.381429] pci 0000:00:04.0: BAR 0 [mem 0xfebfe000-0xfebfe00f]
[    0.394141] pci 0000:00:05.0: [1af4:1003] type 00 class 0x078000 conventional PCI endpoint
[    0.395797] pci 0000:00:05.0: BAR 0 [io  0xc080-0xc0bf]
[    0.397079] pci 0000:00:05.0: BAR 1 [mem 0xfebff000-0xfebfffff]
[    0.397829] pci 0000:00:05.0: BAR 4 [mem 0xfebf8000-0xfebfbfff 64bit pref]
[    0.412771] ACPI: PCI: Interrupt link LNKA configured for IRQ 10
[    0.415077] ACPI: PCI: Interrupt link LNKB configured for IRQ 10
[    0.416815] ACPI: PCI: Interrupt link LNKC configured for IRQ 11
[    0.418058] ACPI: PCI: Interrupt link LNKD configured for IRQ 11
[    0.419477] ACPI: PCI: Interrupt link LNKS configured for IRQ 9
[    0.439726] iommu: Default domain type: Translated
[    0.440075] iommu: DMA domain TLB invalidation policy: lazy mode
[    0.441335] SCSI subsystem initialized
[    0.442162] pps_core: LinuxPPS API ver. 1 registered
[    0.442787] pps_core: Software ver. 5.3.6 - Copyright 2005-2007 Rodolfo Giometti <giometti@linux.it>
[    0.444090] PTP clock support registered
[    0.445206] Advanced Linux Sound Architecture Driver Initialized.
[    0.447267] NET: Registered PF_ATMPVC protocol family
[    0.447901] NET: Registered PF_ATMSVC protocol family
[    0.448115] PCI: Using ACPI for IRQ routing
[    0.449110] vgaarb: loaded
[    0.450203] hpet0: at MMIO 0xfed00000, IRQs 2, 8, 0
[    0.450814] hpet0: 3 comparators, 64-bit 100.000000 MHz counter
[    0.455341] clocksource: Switched to clocksource kvm-clock
[    0.456525] VFS: Disk quotas dquot_6.6.0
[    0.457026] VFS: Dquot-cache hash table entries: 512 (order 0, 4096 bytes)
[    0.458668] pnp: PnP ACPI init
[    0.461600] pnp: PnP ACPI: found 5 devices
[    0.473341] clocksource: acpi_pm: mask: 0xffffff max_cycles: 0xffffff, max_idle_ns: 2085701024 ns
[    0.474516] NET: Registered PF_INET protocol family
[    0.475245] IP idents hash table entries: 16384 (order: 5, 131072 bytes, linear)
[    0.476581] tcp_listen_portaddr_hash hash table entries: 512 (order: 1, 8192 bytes, linear)
[    0.477632] Table-perturb hash table entries: 65536 (order: 6, 262144 bytes, linear)
[    0.478617] TCP established hash table entries: 8192 (order: 4, 65536 bytes, linear)
[    0.479588] TCP bind hash table entries: 8192 (order: 6, 262144 bytes, linear)
[    0.480502] TCP: Hash tables configured (established 8192 bind 8192)
[    0.481465] UDP hash table entries: 512 (order: 3, 32768 bytes, linear)
[    0.482316] UDP-Lite hash table entries: 512 (order: 3, 32768 bytes, linear)
[    0.483432] NET: Registered PF_UNIX/PF_LOCAL protocol family
[    0.484157] pci_bus 0000:00: resource 4 [io  0x0000-0x0cf7 window]
[    0.484929] pci_bus 0000:00: resource 5 [io  0x0d00-0xffff window]
[    0.485700] pci_bus 0000:00: resource 6 [mem 0x000a0000-0x000bffff window]
[    0.486556] pci_bus 0000:00: resource 7 [mem 0x40000000-0xfebfffff window]
[    0.487414] pci_bus 0000:00: resource 8 [mem 0x100000000-0x17fffffff window]
[    0.488504] pci 0000:00:01.0: PIIX3: Enabling Passive Release
[    0.489221] pci 0000:00:00.0: Limiting direct PCI/PCI transfers
[    0.489998] PCI: CLS 0 bytes, default 64
[    0.490608] kvm_intel: VMX not supported by CPU 10
[    0.491228] kvm_amd: TSC scaling supported
[    0.491744] kvm_amd: Nested Virtualization enabled
[    0.492342] kvm_amd: Nested Paging enabled
[    0.492863] kvm_amd: LBR virtualization supported
[    0.493460] kvm_amd: Virtual GIF supported
[    0.493965] kvm_amd: Virtual NMI enabled
[    0.529975] clocksource: tsc: mask: 0xffffffffffffffff max_cycles: 0x40be4320a4d, max_idle_ns: 440795288133 ns
[    0.549132] Initialise system trusted keyrings
[    0.549857] workingset: timestamp_bits=56 max_order=18 bucket_order=0
[    0.550790] squashfs: version 4.0 (2009/01/31) Phillip Lougher
[    0.551545] fuse: init (API version 7.43)
[    0.552189] 9p: Installing v9fs 9p2000 file system support
[    0.562082] Key type asymmetric registered
[    0.562603] Asymmetric key parser 'x509' registered
[    0.563275] Block layer SCSI generic (bsg) driver version 0.4 loaded (major 249)
[    0.564242] io scheduler mq-deadline registered
[    0.564813] io scheduler kyber registered
[    0.567180] input: Power Button as /devices/LNXSYSTM:00/LNXPWRBN:00/input/input0
[    0.568381] ACPI: button: Power Button [PWRF]
[    0.570389] Warning: Processor Platform Limit event detected, but not handled.
[    0.571266] Consider compiling CPUfreq support into your kernel.
[    1.477753] ACPI: \_SB_.LNKB: Enabled at IRQ 10
[    2.378935] ACPI: \_SB_.LNKC: Enabled at IRQ 11
[    3.280163] ACPI: \_SB_.LNKA: Enabled at IRQ 10
[    3.281533] Serial: 8250/16550 driver, 4 ports, IRQ sharing enabled
[    3.282651] 00:03: ttyS0 at I/O 0x3f8 (irq = 4, base_baud = 115200) is a 16550A
[    3.306524] Non-volatile memory driver v1.3
[    3.307061] Linux agpgart interface v0.103
[    3.307844] ACPI: bus type drm_connector registered
[    3.308472] printk: legacy console [hvc0] enabled
[    3.309073] printk: legacy bootconsole [earlyser0] disabled
          _      _                                    
   __   _(_)_ __| |_ _ __ ___   ___       _ __   __ _ 
   \ \ / / |  __| __|  _   _ \ / _ \_____|  _ \ / _  |
    \ V /| | |  | |_| | | | | |  __/_____| | | | (_| |
     \_/ |_|_|   \__|_| |_| |_|\___|     |_| |_|\__  |
                                                |___/ 
   kernel version: 6.15.0-rc6-virtme x86_64
   (CTRL+d to exit)

root@virtme-ng:/nipa-data/kernel# PS1='xx__-> '
xx__-> env
PWD=/nipa-data/kernel
nr_open=1048576
HOME=/
TERM=xterm
SHLVL=2
XDG_RUNTIME_DIR=/run/user/0
PATH=/bin:/sbin:/usr/bin:/usr/sbin:/usr/local/bin
OLDPWD=/
_=/bin/env
xx__-> 