No EFI environment detected.
early console in extract_kernel
input_data: 0x0000000004e882c4
input_len: 0x00000000019b4698
output: 0x0000000001000000
output_len: 0x00000000057c3d3c
kernel_total_size: 0x0000000005430000
needed_size: 0x0000000005800000
trampoline_32bit: 0x0000000000000000
Physical KASLR using RDRAND RDTSC...
Virtual KASLR using RDRAND RDTSC...

Decompressing Linux... Parsing ELF... Performing relocations... done.
Booting the kernel (entry_offset: 0x0000000002c2a838).
[    0.000000] Linux version 6.15.0-virtme (root@5f1b0ddc06ea) (gcc (Ubuntu 13.3.0-6ubuntu2~24.04) 13.3.0, GNU ld (GNU Binutils for Ubuntu) 2.42) #1 SMP PREEMPT_DYNAMIC Tue Jun 10 03:26:24 UTC 2025
[    0.000000] Command line: virtme_hostname=virtme-ng nr_open=1048576 virtme_link_mods=/nipa-data/kernel/.virtme_mods/lib/modules/0.0.0 virtme_initmount0=nipa-data/kernel virtme_rw_overlay0=/etc virtme_rw_overlay1=/lib virtme_rw_overlay2=/home virtme_rw_overlay3=/opt virtme_rw_overlay4=/srv virtme_rw_overlay5=/usr virtme_rw_overlay6=/var console=hvc0 earlyprintk=serial,ttyS0,115200 virtme_console=ttyS0 psmouse.proto=exps TERM=xterm virtme_chdir=nipa-data/kernel virtme_root_user=1 rootfstype=9p rootflags=version=9p2000.L,trans=virtio,access=any raid=noautodetect ro init=/usr/lib/python3/dist-packages/virtme/guest/virtme-init
[    0.000000] BIOS-provided physical RAM map:
[    0.000000] BIOS-e820: [mem 0x0000000000000000-0x000000000009fbff] usable
[    0.000000] BIOS-e820: [mem 0x000000000009fc00-0x000000000009ffff] reserved
[    0.000000] BIOS-e820: [mem 0x00000000000f0000-0x00000000000fffff] reserved
[    0.000000] BIOS-e820: [mem 0x0000000000100000-0x000000003ffdffff] usable
[    0.000000] BIOS-e820: [mem 0x000000003ffe0000-0x000000003fffffff] reserved
[    0.000000] BIOS-e820: [mem 0x00000000feffc000-0x00000000feffffff] reserved
[    0.000000] BIOS-e820: [mem 0x00000000fffc0000-0x00000000ffffffff] reserved
[    0.000000] BIOS-e820: [mem 0x000000fd00000000-0x000000ffffffffff] reserved
[    0.000000] printk: legacy bootconsole [earlyser0] enabled
[    0.000000] NX (Execute Disable) protection: active
[    0.000000] APIC: Static calls initialized
[    0.000000] SMBIOS 3.0.0 present.
[    0.000000] DMI: QEMU Ubuntu 24.04 PC (i440FX + PIIX, 1996), BIOS 1.16.3-debian-1.16.3-2 04/01/2014
[    0.000000] DMI: Memory slots populated: 1/1
[    0.000000] Hypervisor detected: KVM
[    0.000000] kvm-clock: Using msrs 4b564d01 and 4b564d00
[    0.000000] kvm-clock: using sched offset of 312035371 cycles
[    0.000372] clocksource: kvm-clock: mask: 0xffffffffffffffff max_cycles: 0x1cd42e4dffb, max_idle_ns: 881590591483 ns
[    0.001524] tsc: Detected 4491.564 MHz processor
[    0.002197] last_pfn = 0x3ffe0 max_arch_pfn = 0x400000000
[    0.002605] MTRR map: 4 entries (3 fixed + 1 variable; max 19), built from 8 variable MTRRs
[    0.003198] x86/PAT: Configuration [0-7]: WB  WC  UC- UC  WB  WP  UC- WT  
[    0.005134] found SMP MP-table at [mem 0x000f5470-0x000f547f]
[    0.005546] Using GB pages for direct mapping
[    0.006048] ACPI: Early table checksum verification disabled
[    0.006453] ACPI: RSDP 0x00000000000F5290 000014 (v00 BOCHS )
[    0.006861] ACPI: RSDT 0x000000003FFE27BC 000034 (v01 BOCHS  BXPC     00000001 BXPC 00000001)
[    0.007474] ACPI: FACP 0x000000003FFE2578 000074 (v01 BOCHS  BXPC     00000001 BXPC 00000001)
[    0.008080] ACPI: DSDT 0x000000003FFE0040 002538 (v01 BOCHS  BXPC     00000001 BXPC 00000001)
[    0.008686] ACPI: FACS 0x000000003FFE0000 000040
[    0.009015] ACPI: APIC 0x000000003FFE25EC 000170 (v03 BOCHS  BXPC     00000001 BXPC 00000001)
[    0.009622] ACPI: HPET 0x000000003FFE275C 000038 (v01 BOCHS  BXPC     00000001 BXPC 00000001)
[    0.010225] ACPI: WAET 0x000000003FFE2794 000028 (v01 BOCHS  BXPC     00000001 BXPC 00000001)
[    0.010827] ACPI: Reserving FACP table memory at [mem 0x3ffe2578-0x3ffe25eb]
[    0.011323] ACPI: Reserving DSDT table memory at [mem 0x3ffe0040-0x3ffe2577]
[    0.011822] ACPI: Reserving FACS table memory at [mem 0x3ffe0000-0x3ffe003f]
[    0.012319] ACPI: Reserving APIC table memory at [mem 0x3ffe25ec-0x3ffe275b]
[    0.012816] ACPI: Reserving HPET table memory at [mem 0x3ffe275c-0x3ffe2793]
[    0.013313] ACPI: Reserving WAET table memory at [mem 0x3ffe2794-0x3ffe27bb]
[    0.014003] No NUMA configuration found
[    0.014273] Faking a node at [mem 0x0000000000000000-0x000000003ffdffff]
[    0.014748] NODE_DATA(0) allocated [mem 0x3ffdb740-0x3ffdffff]
[    0.015175] Zone ranges:
[    0.015354]   DMA      [mem 0x0000000000001000-0x0000000000ffffff]
[    0.015794]   DMA32    [mem 0x0000000001000000-0x000000003ffdffff]
[    0.016230]   Normal   empty
[    0.016434]   Device   empty
[    0.016638] Movable zone start for each node
[    0.016939] Early memory node ranges
[    0.017192]   node   0: [mem 0x0000000000001000-0x000000000009efff]
[    0.017635]   node   0: [mem 0x0000000000100000-0x000000003ffdffff]
[    0.018078] Initmem setup node 0 [mem 0x0000000000001000-0x000000003ffdffff]
[    0.018579] On node 0, zone DMA: 1 pages in unavailable ranges
[    0.019044] On node 0, zone DMA: 97 pages in unavailable ranges
[    0.023556] On node 0, zone DMA32: 32 pages in unavailable ranges
[    0.032995] kasan: KernelAddressSanitizer initialized
[    0.033582] ACPI: PM-Timer IO Port: 0x608
[    0.033878] ACPI: LAPIC_NMI (acpi_id[0xff] dfl dfl lint[0x1])
[    0.034305] IOAPIC[0]: apic_id 0, version 17, address 0xfec00000, GSI 0-23
[    0.034791] ACPI: INT_SRC_OVR (bus 0 bus_irq 0 global_irq 2 dfl dfl)
[    0.035240] ACPI: INT_SRC_OVR (bus 0 bus_irq 5 global_irq 5 high level)
[    0.035712] ACPI: INT_SRC_OVR (bus 0 bus_irq 9 global_irq 9 high level)
[    0.036178] ACPI: INT_SRC_OVR (bus 0 bus_irq 10 global_irq 10 high level)
[    0.036656] ACPI: INT_SRC_OVR (bus 0 bus_irq 11 global_irq 11 high level)
[    0.037136] ACPI: Using ACPI (MADT) for SMP configuration information
[    0.037589] ACPI: HPET id: 0x8086a201 base: 0xfed00000
[    0.037953] TSC deadline timer available
[    0.038232] CPU topo: Max. logical packages:   1
[    0.038557] CPU topo: Max. logical dies:       1
[    0.038882] CPU topo: Max. dies per package:   1
[    0.039210] CPU topo: Max. threads per core:   1
[    0.039538] CPU topo: Num. cores per package:    32
[    0.039882] CPU topo: Num. threads per package:  32
[    0.040226] CPU topo: Allowing 32 present CPUs plus 0 hotplug CPUs
[    0.040676] kvm-guest: APIC: eoi() replaced with kvm_guest_apic_eoi_write()
[    0.041178] kvm-guest: KVM setup pv remote TLB flush
[    0.041530] kvm-guest: setup PV sched yield
[    0.041831] PM: hibernation: Registered nosave memory: [mem 0x00000000-0x00000fff]
[    0.042365] PM: hibernation: Registered nosave memory: [mem 0x0009f000-0x000fffff]
[    0.042899] [mem 0x40000000-0xfeffbfff] available for PCI devices
[    0.043329] Booting paravirtualized kernel on KVM
[    0.043662] clocksource: refined-jiffies: mask: 0xffffffff max_cycles: 0xffffffff, max_idle_ns: 1910969940391419 ns
[    0.052472] setup_percpu: NR_CPUS:64 nr_cpumask_bits:32 nr_cpu_ids:32 nr_node_ids:1
[    0.054259] percpu: Embedded 65 pages/cpu s229208 r8192 d28840 u524288
[    0.054792] Kernel command line: virtme_hostname=virtme-ng nr_open=1048576 virtme_link_mods=/nipa-data/kernel/.virtme_mods/lib/modules/0.0.0 virtme_initmount0=nipa-data/kernel virtme_rw_overlay0=/etc virtme_rw_overlay1=/lib virtme_rw_overlay2=/home virtme_rw_overlay3=/opt virtme_rw_overlay4=/srv virtme_rw_overlay5=/usr virtme_rw_overlay6=/var console=hvc0 earlyprintk=serial,ttyS0,115200 virtme_console=ttyS0 psmouse.proto=exps TERM=xterm virtme_chdir=nipa-data/kernel virtme_root_user=1 rootfstype=9p rootflags=version=9p2000.L,trans=virtio,access=any raid=noautodetect ro init=/usr/lib/python3/dist-packages/virtme/guest/virtme-init
[    0.058977] Unknown kernel command line parameters "virtme_hostname=virtme-ng nr_open=1048576 virtme_link_mods=/nipa-data/kernel/.virtme_mods/lib/modules/0.0.0 virtme_initmount0=nipa-data/kernel virtme_rw_overlay0=/etc virtme_rw_overlay1=/lib virtme_rw_overlay2=/home virtme_rw_overlay3=/opt virtme_rw_overlay4=/srv virtme_rw_overlay5=/usr virtme_rw_overlay6=/var virtme_console=ttyS0 virtme_chdir=nipa-data/kernel virtme_root_user=1", will be passed to user space.
[    0.062144] random: crng init done
[    0.062392] printk: log buffer data + meta data: 262144 + 917504 = 1179648 bytes
[    0.062949] Dentry cache hash table entries: 131072 (order: 8, 1048576 bytes, linear)
[    0.063630] Inode-cache hash table entries: 65536 (order: 7, 524288 bytes, linear)
[    0.064956] Fallback order for Node 0: 0 
[    0.064960] Built 1 zonelists, mobility grouping on.  Total pages: 262014
[    0.065746] Policy zone: DMA32
[    0.065967] mem auto-init: stack:all(zero), heap alloc:off, heap free:off
[    0.066461] stackdepot: allocating hash table via alloc_large_system_hash
[    0.066956] stackdepot hash table entries: 1048576 (order: 12, 16777216 bytes, linear)
[    0.074789] SLUB: HWalign=64, Order=0-3, MinObjects=0, CPUs=32, Nodes=1
Poking KASLR using RDRAND RDTSC...
[    0.084307] ftrace: allocating 49457 entries in 196 pages
[    0.084701] ftrace: allocated 196 pages with 3 groups
[    0.085961] Dynamic Preempt: voluntary
[    0.086708] rcu: Preemptible hierarchical RCU implementation.
[    0.087124] rcu: RCU event tracing is enabled.
[    0.087455] rcu: RCU restricting CPUs from NR_CPUS=64 to nr_cpu_ids=32.
[    0.087938] Trampoline variant of Tasks RCU enabled.
[    0.088303] Rude variant of Tasks RCU enabled.
[    0.088629] Tracing variant of Tasks RCU enabled.
[    0.088975] rcu: RCU calculated value of scheduler-enlistment delay is 100 jiffies.
[    0.089528] rcu: Adjusting geometry for rcu_fanout_leaf=16, nr_cpu_ids=32
[    0.090090] RCU Tasks: Setting shift to 5 and lim to 1 rcu_task_cb_adjust=1 rcu_task_cpu_ids=32.
[    0.090726] RCU Tasks Rude: Setting shift to 5 and lim to 1 rcu_task_cb_adjust=1 rcu_task_cpu_ids=32.
[    0.091394] RCU Tasks Trace: Setting shift to 5 and lim to 1 rcu_task_cb_adjust=1 rcu_task_cpu_ids=32.
[    0.101630] NR_IRQS: 4352, nr_irqs: 680, preallocated irqs: 16
[    0.102303] rcu: srcu_init: Setting srcu_struct sizes based on contention.
[    0.103195] Console: colour *CGA 80x25
[    0.103550] ACPI: Core revision 20250404
[    0.103990] clocksource: hpet: mask: 0xffffffff max_cycles: 0xffffffff, max_idle_ns: 19112604467 ns
[    0.104713] APIC: Switch to symmetric I/O mode setup
[    0.105202] x2apic enabled
[    0.105583] APIC: Switched APIC routing to: physical x2apic
[    0.105996] kvm-guest: APIC: send_IPI_mask() replaced with kvm_send_ipi_mask()
[    0.106521] kvm-guest: APIC: send_IPI_mask_allbutself() replaced with kvm_send_ipi_mask_allbutself()
[    0.107163] kvm-guest: setup PV IPIs
[    0.108259] ..TIMER: vector=0x30 apic1=0 pin1=2 apic2=-1 pin2=-1
[    0.109050] clocksource: tsc-early: mask: 0xffffffffffffffff max_cycles: 0x40be463295d, max_idle_ns: 440795209293 ns
[    0.110402] Calibrating delay loop (skipped) preset value.. 8983.12 BogoMIPS (lpj=4491564)
[    0.111468] x86/cpu: User Mode Instruction Prevention (UMIP) activated
[    0.112458] Last level iTLB entries: 4KB 512, 2MB 255, 4MB 127
[    0.113400] Last level dTLB entries: 4KB 512, 2MB 255, 4MB 127, 1GB 0
[    0.114410] Speculative Store Bypass: Mitigation: Speculative Store Bypass disabled via prctl
[    0.115400] Speculative Return Stack Overflow: IBPB-extending microcode not applied!
[    0.116400] Speculative Return Stack Overflow: WARNING: See https://kernel.org/doc/html/latest/admin-guide/hw-vuln/srso.html for mitigation options.
[    0.116401] Spectre V2 : Mitigation: Enhanced / Automatic IBRS
[    0.118133] Speculative Return Stack Overflow: Vulnerable: Safe RET, no microcode
[    0.118400] Spectre V1 : Mitigation: usercopy/swapgs barriers and __user pointer sanitization
[    0.119403] Spectre V2 : mitigation: Enabling conditional Indirect Branch Prediction Barrier
[    0.121409] x86/fpu: Supporting XSAVE feature 0x001: 'x87 floating point registers'
[    0.122356] x86/fpu: Supporting XSAVE feature 0x002: 'SSE registers'
[    0.122400] x86/fpu: Supporting XSAVE feature 0x004: 'AVX registers'
[    0.123400] x86/fpu: Supporting XSAVE feature 0x020: 'AVX-512 opmask'
[    0.124400] x86/fpu: Supporting XSAVE feature 0x040: 'AVX-512 Hi256'
[    0.125400] x86/fpu: Supporting XSAVE feature 0x080: 'AVX-512 ZMM_Hi256'
[    0.126227] x86/fpu: Supporting XSAVE feature 0x200: 'Protection Keys User registers'
[    0.126400] x86/fpu: xstate_offset[2]:  576, xstate_sizes[2]:  256
[    0.127400] x86/fpu: xstate_offset[5]:  832, xstate_sizes[5]:   64
[    0.128400] x86/fpu: xstate_offset[6]:  896, xstate_sizes[6]:  512
[    0.129400] x86/fpu: xstate_offset[7]: 1408, xstate_sizes[7]: 1024
[    0.130400] x86/fpu: xstate_offset[9]: 2432, xstate_sizes[9]:    8
[    0.131168] x86/fpu: Enabled xstate features 0x2e7, context size is 2440 bytes, using 'compacted' format.
[    0.152127] Freeing SMP alternatives memory: 40K
[    0.152402] pid_max: default: 32768 minimum: 301
[    0.153427] Mount-cache hash table entries: 2048 (order: 2, 16384 bytes, linear)
[    0.154344] Mountpoint-cache hash table entries: 2048 (order: 2, 16384 bytes, linear)
[    0.156015] smpboot: CPU0: AMD Ryzen 9 7950X 16-Core Processor (family: 0x19, model: 0x61, stepping: 0x2)
[    0.156854] Performance Events: Fam17h+ core perfctr, AMD PMU driver.
[    0.157403] ... version:                0
[    0.157899] ... bit width:              48
[    0.158399] ... generic registers:      6
[    0.158402] ... value mask:             0000ffffffffffff
[    0.159058] ... max period:             00007fffffffffff
[    0.159402] ... fixed-purpose events:   0
[    0.159894] ... event mask:             000000000000003f
[    0.160582] signal: max sigframe size: 3376
[    0.161145] rcu: Hierarchical SRCU implementation.
[    0.161402] rcu: Max phase no-delay instances is 400.
[    0.162119] Timer migration: 2 hierarchy levels; 8 children per group; 2 crossnode level
[    0.166427] smp: Bringing up secondary CPUs ...
[    0.167183] smpboot: x86: Booting SMP configuration:
[    0.167403] .... node  #0, CPUs:        #1  #2  #3  #4  #5  #6  #7  #8  #9 #10 #11 #12 #13 #14 #15 #16 #17 #18 #19 #20 #21 #22 #23 #24 #25 #26 #27 #28 #29 #30 #31
[    0.184499] smp: Brought up 1 node, 32 CPUs
[    0.185921] smpboot: Total of 32 processors activated (287460.09 BogoMIPS)
[    0.189610] Memory: 759268K/1048056K available (45226K kernel code, 11685K rwdata, 10388K rodata, 6200K init, 1108K bss, 272992K reserved, 0K cma-reserved)
[    0.190531] devtmpfs: initialized
[    0.191441] x86/mm: Memory block size: 128MB
[    0.198486] clocksource: jiffies: mask: 0xffffffff max_cycles: 0xffffffff, max_idle_ns: 1911260446275000 ns
[    0.199411] posixtimers hash table entries: 16384 (order: 6, 262144 bytes, linear)
[    0.200425] futex hash table entries: 8192 (524288 bytes on 1 NUMA nodes, total 512 KiB, linear).
[    0.201729] PM: RTC time: 03:26:46, date: 2025-06-10
[    0.203153] NET: Registered PF_NETLINK/PF_ROUTE protocol family
[    0.204286] thermal_sys: Registered thermal governor 'step_wise'
[    0.204316] cpuidle: using governor menu
[    0.205915] PCI: Using configuration type 1 for base access
[    0.206402] PCI: Using configuration type 1 for extended access
[    0.207278] kprobes: kprobe jump-optimization is enabled. All kprobes are optimized if possible.
[    0.223695] HugeTLB: allocation took 0ms with hugepage_allocation_threads=8
[    0.224432] HugeTLB: registered 1.00 GiB page size, pre-allocated 0 pages
[    0.225260] HugeTLB: 16380 KiB vmemmap can be freed for a 1.00 GiB page
[    0.225402] HugeTLB: registered 2.00 MiB page size, pre-allocated 0 pages
[    0.226228] HugeTLB: 28 KiB vmemmap can be freed for a 2.00 MiB page
[    0.228577] ACPI: Added _OSI(Module Device)
[    0.229096] ACPI: Added _OSI(Processor Device)
[    0.229402] ACPI: Added _OSI(Processor Aggregator Device)
[    0.254386] ACPI: 1 ACPI AML tables successfully acquired and loaded
[    0.259363] ACPI: Interpreter enabled
[    0.260464] ACPI: PM: (supports S0 S3 S4 S5)
[    0.260988] ACPI: Using IOAPIC for interrupt routing
[    0.261453] PCI: Using host bridge windows from ACPI; if necessary, use "pci=nocrs" and report a bug
[    0.262402] PCI: Using E820 reservations for host bridge windows
[    0.264249] ACPI: Enabled 2 GPEs in block 00 to 0F
[    0.313689] ACPI: PCI Root Bridge [PCI0] (domain 0000 [bus 00-ff])
[    0.315416] acpi PNP0A03:00: _OSC: OS supports [ExtendedConfig ASPM ClockPM Segments MSI HPX-Type3]
[    0.316910] PCI host bridge to bus 0000:00
[    0.317459] pci_bus 0000:00: root bus resource [io  0x0000-0x0cf7 window]
[    0.318299] pci_bus 0000:00: root bus resource [io  0x0d00-0xffff window]
[    0.318404] pci_bus 0000:00: root bus resource [mem 0x000a0000-0x000bffff window]
[    0.319327] pci_bus 0000:00: root bus resource [mem 0x40000000-0xfebfffff window]
[    0.320405] pci_bus 0000:00: root bus resource [mem 0x100000000-0x17fffffff window]
[    0.321345] pci_bus 0000:00: root bus resource [bus 00-ff]
[    0.322495] pci 0000:00:00.0: [8086:1237] type 00 class 0x060000 conventional PCI endpoint
[    0.324316] pci 0000:00:01.0: [8086:7000] type 00 class 0x060100 conventional PCI endpoint
[    0.326298] pci 0000:00:01.1: [8086:7010] type 00 class 0x010180 conventional PCI endpoint
[    0.327840] pci 0000:00:01.1: BAR 4 [io  0xc0c0-0xc0cf]
[    0.328420] pci 0000:00:01.1: BAR 0 [io  0x01f0-0x01f7]: legacy IDE quirk
[    0.329252] pci 0000:00:01.1: BAR 1 [io  0x03f6]: legacy IDE quirk
[    0.330402] pci 0000:00:01.1: BAR 2 [io  0x0170-0x0177]: legacy IDE quirk
[    0.331229] pci 0000:00:01.1: BAR 3 [io  0x0376]: legacy IDE quirk
[    0.332121] pci 0000:00:01.3: [8086:7113] type 00 class 0x068000 conventional PCI endpoint
[    0.333620] pci 0000:00:01.3: quirk: [io  0x0600-0x063f] claimed by PIIX4 ACPI
[    0.334406] pci 0000:00:01.3: quirk: [io  0x0700-0x070f] claimed by PIIX4 SMB
[    0.336046] pci 0000:00:02.0: [1af4:1009] type 00 class 0x000200 conventional PCI endpoint
[    0.338406] pci 0000:00:02.0: BAR 0 [io  0xc000-0xc03f]
[    0.339049] pci 0000:00:02.0: BAR 1 [mem 0xfebfc000-0xfebfcfff]
[    0.339416] pci 0000:00:02.0: BAR 4 [mem 0xfebf0000-0xfebf3fff 64bit pref]
[    0.352255] pci 0000:00:03.0: [1af4:1009] type 00 class 0x000200 conventional PCI endpoint
[    0.354406] pci 0000:00:03.0: BAR 0 [io  0xc040-0xc07f]
[    0.355059] pci 0000:00:03.0: BAR 1 [mem 0xfebfd000-0xfebfdfff]
[    0.355416] pci 0000:00:03.0: BAR 4 [mem 0xfebf4000-0xfebf7fff 64bit pref]
[    0.368173] pci 0000:00:04.0: [8086:25ab] type 00 class 0x088000 conventional PCI endpoint
[    0.369754] pci 0000:00:04.0: BAR 0 [mem 0xfebfe000-0xfebfe00f]
[    0.382208] pci 0000:00:05.0: [1af4:1003] type 00 class 0x078000 conventional PCI endpoint
[    0.384147] pci 0000:00:05.0: BAR 0 [io  0xc080-0xc0bf]
[    0.384406] pci 0000:00:05.0: BAR 1 [mem 0xfebff000-0xfebfffff]
[    0.385147] pci 0000:00:05.0: BAR 4 [mem 0xfebf8000-0xfebfbfff 64bit pref]
[    0.400775] ACPI: PCI: Interrupt link LNKA configured for IRQ 10
[    0.402388] ACPI: PCI: Interrupt link LNKB configured for IRQ 10
[    0.404364] ACPI: PCI: Interrupt link LNKC configured for IRQ 11
[    0.406364] ACPI: PCI: Interrupt link LNKD configured for IRQ 11
[    0.406801] ACPI: PCI: Interrupt link LNKS configured for IRQ 9
[    0.426663] iommu: Default domain type: Translated
[    0.427266] iommu: DMA domain TLB invalidation policy: lazy mode
[    0.430815] SCSI subsystem initialized
[    0.431612] pps_core: LinuxPPS API ver. 1 registered
[    0.432225] pps_core: Software ver. 5.3.6 - Copyright 2005-2007 Rodolfo Giometti <giometti@linux.it>
[    0.433418] PTP clock support registered
[    0.434530] Advanced Linux Sound Architecture Driver Initialized.
[    0.436570] NET: Registered PF_ATMPVC protocol family
[    0.437199] NET: Registered PF_ATMSVC protocol family
[    0.437440] PCI: Using ACPI for IRQ routing
[    0.438439] vgaarb: loaded
[    0.438525] hpet0: at MMIO 0xfed00000, IRQs 2, 8, 0
[    0.439136] hpet0: 3 comparators, 64-bit 100.000000 MHz counter
[    0.446911] clocksource: Switched to clocksource kvm-clock
[    0.447793] VFS: Disk quotas dquot_6.6.0
[    0.448288] VFS: Dquot-cache hash table entries: 512 (order 0, 4096 bytes)
[    0.449911] pnp: PnP ACPI init
[    0.452760] pnp: PnP ACPI: found 5 devices
[    0.464751] clocksource: acpi_pm: mask: 0xffffff max_cycles: 0xffffff, max_idle_ns: 2085701024 ns
[    0.465901] NET: Registered PF_INET protocol family
[    0.466539] IP idents hash table entries: 16384 (order: 5, 131072 bytes, linear)
[    0.467810] tcp_listen_portaddr_hash hash table entries: 512 (order: 1, 8192 bytes, linear)
[    0.468839] Table-perturb hash table entries: 65536 (order: 6, 262144 bytes, linear)
[    0.469804] TCP established hash table entries: 8192 (order: 4, 65536 bytes, linear)
[    0.470758] TCP bind hash table entries: 8192 (order: 6, 262144 bytes, linear)
[    0.471746] TCP: Hash tables configured (established 8192 bind 8192)
[    0.472693] UDP hash table entries: 512 (order: 3, 32768 bytes, linear)
[    0.473525] UDP-Lite hash table entries: 512 (order: 3, 32768 bytes, linear)
[    0.474618] NET: Registered PF_UNIX/PF_LOCAL protocol family
[    0.475330] pci_bus 0000:00: resource 4 [io  0x0000-0x0cf7 window]
[    0.476087] pci_bus 0000:00: resource 5 [io  0x0d00-0xffff window]
[    0.476840] pci_bus 0000:00: resource 6 [mem 0x000a0000-0x000bffff window]
[    0.477680] pci_bus 0000:00: resource 7 [mem 0x40000000-0xfebfffff window]
[    0.478515] pci_bus 0000:00: resource 8 [mem 0x100000000-0x17fffffff window]
[    0.479582] pci 0000:00:01.0: PIIX3: Enabling Passive Release
[    0.480292] pci 0000:00:00.0: Limiting direct PCI/PCI transfers
[    0.481054] PCI: CLS 0 bytes, default 64
[    0.481789] kvm_intel: VMX not supported by CPU 14
[    0.482397] kvm_amd: TSC scaling supported
[    0.482905] kvm_amd: Nested Virtualization enabled
[    0.483491] kvm_amd: Nested Paging enabled
[    0.483996] kvm_amd: LBR virtualization supported
[    0.484577] kvm_amd: Virtual GIF supported
[    0.485081] kvm_amd: Virtual NMI enabled
[    0.526178] clocksource: tsc: mask: 0xffffffffffffffff max_cycles: 0x40be463295d, max_idle_ns: 440795209293 ns
[    0.543115] Initialise system trusted keyrings
[    0.543819] workingset: timestamp_bits=56 max_order=18 bucket_order=0
[    0.544719] squashfs: version 4.0 (2009/01/31) Phillip Lougher
[    0.545447] fuse: init (API version 7.44)
[    0.546079] 9p: Installing v9fs 9p2000 file system support
[    0.555884] Key type asymmetric registered
[    0.556394] Asymmetric key parser 'x509' registered
[    0.557062] Block layer SCSI generic (bsg) driver version 0.4 loaded (major 249)
[    0.558009] io scheduler mq-deadline registered
[    0.558571] io scheduler kyber registered
[    0.560982] input: Power Button as /devices/LNXSYSTM:00/LNXPWRBN:00/input/input0
[    0.562155] ACPI: button: Power Button [PWRF]
[    0.564102] Warning: Processor Platform Limit event detected, but not handled.
[    0.565032] Consider compiling CPUfreq support into your kernel.
[    1.451752] ACPI: \_SB_.LNKB: Enabled at IRQ 10
[    2.338509] ACPI: \_SB_.LNKC: Enabled at IRQ 11
[    3.227316] ACPI: \_SB_.LNKA: Enabled at IRQ 10
[    3.228714] Serial: 8250/16550 driver, 4 ports, IRQ sharing enabled
[    3.229836] 00:03: ttyS0 at I/O 0x3f8 (irq = 4, base_baud = 115200) is a 16550A
[    3.253636] Non-volatile memory driver v1.3
[    3.254189] Linux agpgart interface v0.103
[    3.254947] ACPI: bus type drm_connector registered
[    3.255577] printk: legacy console [hvc0] enabled
[    3.256176] printk: legacy bootconsole [earlyser0] disabled
          _      _                                    
   __   _(_)_ __| |_ _ __ ___   ___       _ __   __ _ 
   \ \ / / |  __| __|  _   _ \ / _ \_____|  _ \ / _  |
    \ V /| | |  | |_| | | | | |  __/_____| | | | (_| |
     \_/ |_|_|   \__|_| |_| |_|\___|     |_| |_|\__  |
                                                |___/ 
   kernel version: 6.15.0-virtme x86_64
   (CTRL+d to exit)

root@virtme-ng:/nipa-data/kernel# PS1='xx__-> '
xx__-> env
PWD=/nipa-data/kernel
nr_open=1048576
HOME=/
TERM=xterm
SHLVL=2
XDG_RUNTIME_DIR=/run/user/0
PATH=/bin:/sbin:/usr/bin:/usr/sbin:/usr/local/bin
OLDPWD=/
_=/bin/env
xx__-> 