No EFI environment detected.
early console in extract_kernel
input_data: 0x0000000004c872c4
input_len: 0x0000000001976160
output: 0x0000000001000000
output_len: 0x0000000005587744
kernel_total_size: 0x0000000005230000
needed_size: 0x0000000005600000
trampoline_32bit: 0x0000000000000000
Physical KASLR using RDRAND RDTSC...
Virtual KASLR using RDRAND RDTSC...

Decompressing Linux... Parsing ELF... Performing relocations... done.
Booting the kernel (entry_offset: 0x0000000002bc3f80).
[    0.000000] Linux version 6.15.0-rc3-virtme (root@ffc4ba669355) (gcc (Ubuntu 13.3.0-6ubuntu2~24.04) 13.3.0, GNU ld (GNU Binutils for Ubuntu) 2.42) #1 SMP PREEMPT_DYNAMIC Mon Apr 28 12:26:46 UTC 2025
[    0.000000] Command line: virtme_hostname=virtme-ng nr_open=1048576 virtme_link_mods=/nipa-data/kernel/.virtme_mods/lib/modules/0.0.0 virtme_initmount0=nipa-data/kernel virtme_rw_overlay0=/etc virtme_rw_overlay1=/lib virtme_rw_overlay2=/home virtme_rw_overlay3=/opt virtme_rw_overlay4=/srv virtme_rw_overlay5=/usr virtme_rw_overlay6=/var console=hvc0 earlyprintk=serial,ttyS0,115200 virtme_console=ttyS0 psmouse.proto=exps TERM=xterm virtme_chdir=nipa-data/kernel virtme_root_user=1 rootfstype=9p rootflags=version=9p2000.L,trans=virtio,access=any raid=noautodetect ro init=/usr/lib/python3/dist-packages/virtme/guest/virtme-init
[    0.000000] BIOS-provided physical RAM map:
[    0.000000] BIOS-e820: [mem 0x0000000000000000-0x000000000009fbff] usable
[    0.000000] BIOS-e820: [mem 0x000000000009fc00-0x000000000009ffff] reserved
[    0.000000] BIOS-e820: [mem 0x00000000000f0000-0x00000000000fffff] reserved
[    0.000000] BIOS-e820: [mem 0x0000000000100000-0x000000003ffdffff] usable
[    0.000000] BIOS-e820: [mem 0x000000003ffe0000-0x000000003fffffff] reserved
[    0.000000] BIOS-e820: [mem 0x00000000feffc000-0x00000000feffffff] reserved
[    0.000000] BIOS-e820: [mem 0x00000000fffc0000-0x00000000ffffffff] reserved
[    0.000000] BIOS-e820: [mem 0x000000fd00000000-0x000000ffffffffff] reserved
[    0.000000] printk: legacy bootconsole [earlyser0] enabled
[    0.000000] NX (Execute Disable) protection: active
[    0.000000] APIC: Static calls initialized
[    0.000000] SMBIOS 3.0.0 present.
[    0.000000] DMI: QEMU Ubuntu 24.04 PC (i440FX + PIIX, 1996), BIOS 1.16.3-debian-1.16.3-2 04/01/2014
[    0.000000] DMI: Memory slots populated: 1/1
[    0.000000] Hypervisor detected: KVM
[    0.000000] kvm-clock: Using msrs 4b564d01 and 4b564d00
[    0.000000] kvm-clock: using sched offset of 319855599 cycles
[    0.000355] clocksource: kvm-clock: mask: 0xffffffffffffffff max_cycles: 0x1cd42e4dffb, max_idle_ns: 881590591483 ns
[    0.001455] tsc: Detected 4491.524 MHz processor
[    0.002094] last_pfn = 0x3ffe0 max_arch_pfn = 0x400000000
[    0.002482] MTRR map: 4 entries (3 fixed + 1 variable; max 19), built from 8 variable MTRRs
[    0.003051] x86/PAT: Configuration [0-7]: WB  WC  UC- UC  WB  WP  UC- WT  
[    0.004915] found SMP MP-table at [mem 0x000f5470-0x000f547f]
[    0.005309] Using GB pages for direct mapping
[    0.005748] ACPI: Early table checksum verification disabled
[    0.006131] ACPI: RSDP 0x00000000000F5290 000014 (v00 BOCHS )
[    0.006522] ACPI: RSDT 0x000000003FFE27BC 000034 (v01 BOCHS  BXPC     00000001 BXPC 00000001)
[    0.007103] ACPI: FACP 0x000000003FFE2578 000074 (v01 BOCHS  BXPC     00000001 BXPC 00000001)
[    0.007683] ACPI: DSDT 0x000000003FFE0040 002538 (v01 BOCHS  BXPC     00000001 BXPC 00000001)
[    0.008261] ACPI: FACS 0x000000003FFE0000 000040
[    0.008575] ACPI: APIC 0x000000003FFE25EC 000170 (v03 BOCHS  BXPC     00000001 BXPC 00000001)
[    0.009153] ACPI: HPET 0x000000003FFE275C 000038 (v01 BOCHS  BXPC     00000001 BXPC 00000001)
[    0.009730] ACPI: WAET 0x000000003FFE2794 000028 (v01 BOCHS  BXPC     00000001 BXPC 00000001)
[    0.010307] ACPI: Reserving FACP table memory at [mem 0x3ffe2578-0x3ffe25eb]
[    0.010786] ACPI: Reserving DSDT table memory at [mem 0x3ffe0040-0x3ffe2577]
[    0.011263] ACPI: Reserving FACS table memory at [mem 0x3ffe0000-0x3ffe003f]
[    0.011739] ACPI: Reserving APIC table memory at [mem 0x3ffe25ec-0x3ffe275b]
[    0.012214] ACPI: Reserving HPET table memory at [mem 0x3ffe275c-0x3ffe2793]
[    0.012690] ACPI: Reserving WAET table memory at [mem 0x3ffe2794-0x3ffe27bb]
[    0.013350] No NUMA configuration found
[    0.013609] Faking a node at [mem 0x0000000000000000-0x000000003ffdffff]
[    0.014063] NODE_DATA(0) allocated [mem 0x3ffdb600-0x3ffdffff]
[    0.014473] Zone ranges:
[    0.014645]   DMA      [mem 0x0000000000001000-0x0000000000ffffff]
[    0.015066]   DMA32    [mem 0x0000000001000000-0x000000003ffdffff]
[    0.015484]   Normal   empty
[    0.015679]   Device   empty
[    0.015874] Movable zone start for each node
[    0.016162] Early memory node ranges
[    0.016406]   node   0: [mem 0x0000000000001000-0x000000000009efff]
[    0.016828]   node   0: [mem 0x0000000000100000-0x000000003ffdffff]
[    0.017249] Initmem setup node 0 [mem 0x0000000000001000-0x000000003ffdffff]
[    0.017726] On node 0, zone DMA: 1 pages in unavailable ranges
[    0.018169] On node 0, zone DMA: 97 pages in unavailable ranges
[    0.022418] On node 0, zone DMA32: 32 pages in unavailable ranges
[    0.031338] kasan: KernelAddressSanitizer initialized
[    0.031897] ACPI: PM-Timer IO Port: 0x608
[    0.032181] ACPI: LAPIC_NMI (acpi_id[0xff] dfl dfl lint[0x1])
[    0.032591] IOAPIC[0]: apic_id 0, version 17, address 0xfec00000, GSI 0-23
[    0.033057] ACPI: INT_SRC_OVR (bus 0 bus_irq 0 global_irq 2 dfl dfl)
[    0.033487] ACPI: INT_SRC_OVR (bus 0 bus_irq 5 global_irq 5 high level)
[    0.033933] ACPI: INT_SRC_OVR (bus 0 bus_irq 9 global_irq 9 high level)
[    0.034379] ACPI: INT_SRC_OVR (bus 0 bus_irq 10 global_irq 10 high level)
[    0.034837] ACPI: INT_SRC_OVR (bus 0 bus_irq 11 global_irq 11 high level)
[    0.035300] ACPI: Using ACPI (MADT) for SMP configuration information
[    0.035736] ACPI: HPET id: 0x8086a201 base: 0xfed00000
[    0.036084] TSC deadline timer available
[    0.036352] CPU topo: Max. logical packages:   1
[    0.036663] CPU topo: Max. logical dies:       1
[    0.036975] CPU topo: Max. dies per package:   1
[    0.037289] CPU topo: Max. threads per core:   1
[    0.037600] CPU topo: Num. cores per package:    32
[    0.037930] CPU topo: Num. threads per package:  32
[    0.038259] CPU topo: Allowing 32 present CPUs plus 0 hotplug CPUs
[    0.038691] kvm-guest: APIC: eoi() replaced with kvm_guest_apic_eoi_write()
[    0.039175] kvm-guest: KVM setup pv remote TLB flush
[    0.039511] kvm-guest: setup PV sched yield
[    0.039800] PM: hibernation: Registered nosave memory: [mem 0x00000000-0x00000fff]
[    0.040312] PM: hibernation: Registered nosave memory: [mem 0x0009f000-0x000fffff]
[    0.040824] [mem 0x40000000-0xfeffbfff] available for PCI devices
[    0.041235] Booting paravirtualized kernel on KVM
[    0.041554] clocksource: refined-jiffies: mask: 0xffffffff max_cycles: 0xffffffff, max_idle_ns: 1910969940391419 ns
[    0.049947] setup_percpu: NR_CPUS:64 nr_cpumask_bits:32 nr_cpu_ids:32 nr_node_ids:1
[    0.051663] percpu: Embedded 65 pages/cpu s228056 r8192 d29992 u524288
[    0.052173] Kernel command line: virtme_hostname=virtme-ng nr_open=1048576 virtme_link_mods=/nipa-data/kernel/.virtme_mods/lib/modules/0.0.0 virtme_initmount0=nipa-data/kernel virtme_rw_overlay0=/etc virtme_rw_overlay1=/lib virtme_rw_overlay2=/home virtme_rw_overlay3=/opt virtme_rw_overlay4=/srv virtme_rw_overlay5=/usr virtme_rw_overlay6=/var console=hvc0 earlyprintk=serial,ttyS0,115200 virtme_console=ttyS0 psmouse.proto=exps TERM=xterm virtme_chdir=nipa-data/kernel virtme_root_user=1 rootfstype=9p rootflags=version=9p2000.L,trans=virtio,access=any raid=noautodetect ro init=/usr/lib/python3/dist-packages/virtme/guest/virtme-init
[    0.056170] Unknown kernel command line parameters "virtme_hostname=virtme-ng nr_open=1048576 virtme_link_mods=/nipa-data/kernel/.virtme_mods/lib/modules/0.0.0 virtme_initmount0=nipa-data/kernel virtme_rw_overlay0=/etc virtme_rw_overlay1=/lib virtme_rw_overlay2=/home virtme_rw_overlay3=/opt virtme_rw_overlay4=/srv virtme_rw_overlay5=/usr virtme_rw_overlay6=/var virtme_console=ttyS0 virtme_chdir=nipa-data/kernel virtme_root_user=1", will be passed to user space.
[    0.059197] random: crng init done
[    0.059434] printk: log buffer data + meta data: 262144 + 917504 = 1179648 bytes
[    0.059966] Dentry cache hash table entries: 131072 (order: 8, 1048576 bytes, linear)
[    0.060521] Inode-cache hash table entries: 65536 (order: 7, 524288 bytes, linear)
[    0.061431] Fallback order for Node 0: 0 
[    0.061435] Built 1 zonelists, mobility grouping on.  Total pages: 262014
[    0.062184] Policy zone: DMA32
[    0.062396] mem auto-init: stack:all(zero), heap alloc:off, heap free:off
[    0.062867] stackdepot: allocating hash table via alloc_large_system_hash
[    0.063343] stackdepot hash table entries: 1048576 (order: 12, 16777216 bytes, linear)
[    0.071228] SLUB: HWalign=64, Order=0-3, MinObjects=0, CPUs=32, Nodes=1
Poking KASLR using RDRAND RDTSC...
[    0.080468] ftrace: allocating 48937 entries in 192 pages
[    0.080841] ftrace: allocated 192 pages with 2 groups
[    0.082027] Dynamic Preempt: voluntary
[    0.082744] rcu: Preemptible hierarchical RCU implementation.
[    0.083141] rcu: RCU event tracing is enabled.
[    0.083451] rcu: RCU restricting CPUs from NR_CPUS=64 to nr_cpu_ids=32.
[    0.083910] Trampoline variant of Tasks RCU enabled.
[    0.084255] Rude variant of Tasks RCU enabled.
[    0.084564] Tracing variant of Tasks RCU enabled.
[    0.084891] rcu: RCU calculated value of scheduler-enlistment delay is 100 jiffies.
[    0.085414] rcu: Adjusting geometry for rcu_fanout_leaf=16, nr_cpu_ids=32
[    0.085947] RCU Tasks: Setting shift to 5 and lim to 1 rcu_task_cb_adjust=1 rcu_task_cpu_ids=32.
[    0.086550] RCU Tasks Rude: Setting shift to 5 and lim to 1 rcu_task_cb_adjust=1 rcu_task_cpu_ids=32.
[    0.087185] RCU Tasks Trace: Setting shift to 5 and lim to 1 rcu_task_cb_adjust=1 rcu_task_cpu_ids=32.
[    0.097084] NR_IRQS: 4352, nr_irqs: 680, preallocated irqs: 16
[    0.097735] rcu: srcu_init: Setting srcu_struct sizes based on contention.
[    0.098599] Console: colour *CGA 80x25
[    0.098889] ACPI: Core revision 20240827
[    0.099317] clocksource: hpet: mask: 0xffffffff max_cycles: 0xffffffff, max_idle_ns: 19112604467 ns
[    0.100012] APIC: Switch to symmetric I/O mode setup
[    0.100499] x2apic enabled
[    0.100863] APIC: Switched APIC routing to: physical x2apic
[    0.101255] kvm-guest: APIC: send_IPI_mask() replaced with kvm_send_ipi_mask()
[    0.101753] kvm-guest: APIC: send_IPI_mask_allbutself() replaced with kvm_send_ipi_mask_allbutself()
[    0.102370] kvm-guest: setup PV IPIs
[    0.103473] ..TIMER: vector=0x30 apic1=0 pin1=2 apic2=-1 pin2=-1
[    0.104250] clocksource: tsc-early: mask: 0xffffffffffffffff max_cycles: 0x40be215b5d9, max_idle_ns: 440795359804 ns
[    0.105547] Calibrating delay loop (skipped) preset value.. 8983.04 BogoMIPS (lpj=4491524)
[    0.106609] x86/cpu: User Mode Instruction Prevention (UMIP) activated
[    0.107603] Last level iTLB entries: 4KB 512, 2MB 255, 4MB 127
[    0.108546] Last level dTLB entries: 4KB 512, 2MB 255, 4MB 127, 1GB 0
[    0.109322] Spectre V1 : Mitigation: usercopy/swapgs barriers and __user pointer sanitization
[    0.109550] Spectre V2 : Mitigation: Enhanced / Automatic IBRS
[    0.110251] Spectre V2 : mitigation: Enabling conditional Indirect Branch Prediction Barrier
[    0.110548] Speculative Store Bypass: Mitigation: Speculative Store Bypass disabled via prctl
[    0.111546] Speculative Return Stack Overflow: IBPB-extending microcode not applied!
[    0.112546] Speculative Return Stack Overflow: WARNING: See https://kernel.org/doc/html/latest/admin-guide/hw-vuln/srso.html for mitigation options.
[    0.112548] Speculative Return Stack Overflow: Vulnerable: Safe RET, no microcode
[    0.114560] x86/fpu: Supporting XSAVE feature 0x001: 'x87 floating point registers'
[    0.115546] x86/fpu: Supporting XSAVE feature 0x002: 'SSE registers'
[    0.116291] x86/fpu: Supporting XSAVE feature 0x004: 'AVX registers'
[    0.116546] x86/fpu: Supporting XSAVE feature 0x020: 'AVX-512 opmask'
[    0.117546] x86/fpu: Supporting XSAVE feature 0x040: 'AVX-512 Hi256'
[    0.118546] x86/fpu: Supporting XSAVE feature 0x080: 'AVX-512 ZMM_Hi256'
[    0.119546] x86/fpu: Supporting XSAVE feature 0x200: 'Protection Keys User registers'
[    0.120546] x86/fpu: xstate_offset[2]:  576, xstate_sizes[2]:  256
[    0.121268] x86/fpu: xstate_offset[5]:  832, xstate_sizes[5]:   64
[    0.121546] x86/fpu: xstate_offset[6]:  896, xstate_sizes[6]:  512
[    0.122546] x86/fpu: xstate_offset[7]: 1408, xstate_sizes[7]: 1024
[    0.123267] x86/fpu: xstate_offset[9]: 2432, xstate_sizes[9]:    8
[    0.123546] x86/fpu: Enabled xstate features 0x2e7, context size is 2440 bytes, using 'compacted' format.
[    0.146093] Freeing SMP alternatives memory: 40K
[    0.146548] pid_max: default: 32768 minimum: 301
[    0.147216] Mount-cache hash table entries: 2048 (order: 2, 16384 bytes, linear)
[    0.147547] Mountpoint-cache hash table entries: 2048 (order: 2, 16384 bytes, linear)
[    0.149796] smpboot: CPU0: AMD Ryzen 9 7950X 16-Core Processor (family: 0x19, model: 0x61, stepping: 0x2)
[    0.150982] Performance Events: Fam17h+ core perfctr, AMD PMU driver.
[    0.151549] ... version:                0
[    0.152018] ... bit width:              48
[    0.152498] ... generic registers:      6
[    0.152547] ... value mask:             0000ffffffffffff
[    0.153169] ... max period:             00007fffffffffff
[    0.153547] ... fixed-purpose events:   0
[    0.154017] ... event mask:             000000000000003f
[    0.154694] signal: max sigframe size: 3376
[    0.155229] rcu: Hierarchical SRCU implementation.
[    0.155548] rcu: Max phase no-delay instances is 400.
[    0.156238] Timer migration: 2 hierarchy levels; 8 children per group; 2 crossnode level
[    0.160303] smp: Bringing up secondary CPUs ...
[    0.160730] smpboot: x86: Booting SMP configuration:
[    0.161312] .... node  #0, CPUs:        #1  #2  #3  #4  #5  #6  #7  #8  #9 #10 #11 #12 #13 #14 #15 #16 #17 #18 #19 #20 #21 #22 #23 #24 #25 #26 #27 #28 #29 #30 #31
[    0.185663] smp: Brought up 1 node, 32 CPUs
[    0.187057] smpboot: Total of 32 processors activated (287457.53 BogoMIPS)
[    0.190753] Memory: 761592K/1048056K available (44816K kernel code, 11587K rwdata, 10272K rodata, 6156K init, 1324K bss, 270680K reserved, 0K cma-reserved)
[    0.191675] devtmpfs: initialized
[    0.192556] x86/mm: Memory block size: 128MB
[    0.199565] clocksource: jiffies: mask: 0xffffffff max_cycles: 0xffffffff, max_idle_ns: 1911260446275000 ns
[    0.200551] posixtimers hash table entries: 16384 (order: 6, 262144 bytes, linear)
[    0.201482] futex hash table entries: 8192 (order: 7, 524288 bytes, linear)
[    0.201935] PM: RTC time: 12:27:08, date: 2025-04-28
[    0.203333] NET: Registered PF_NETLINK/PF_ROUTE protocol family
[    0.204429] thermal_sys: Registered thermal governor 'step_wise'
[    0.204458] cpuidle: using governor menu
[    0.206372] PCI: Using configuration type 1 for base access
[    0.206548] PCI: Using configuration type 1 for extended access
[    0.207395] kprobes: kprobe jump-optimization is enabled. All kprobes are optimized if possible.
[    0.218612] HugeTLB: allocation took 0ms with hugepage_allocation_threads=8
[    0.219551] HugeTLB: registered 1.00 GiB page size, pre-allocated 0 pages
[    0.220395] HugeTLB: 16380 KiB vmemmap can be freed for a 1.00 GiB page
[    0.221549] HugeTLB: registered 2.00 MiB page size, pre-allocated 0 pages
[    0.222380] HugeTLB: 28 KiB vmemmap can be freed for a 2.00 MiB page
[    0.223979] ACPI: Added _OSI(Module Device)
[    0.224549] ACPI: Added _OSI(Processor Device)
[    0.225093] ACPI: Added _OSI(3.0 _SCP Extensions)
[    0.225548] ACPI: Added _OSI(Processor Aggregator Device)
[    0.250761] ACPI: 1 ACPI AML tables successfully acquired and loaded
[    0.255506] ACPI: Interpreter enabled
[    0.256610] ACPI: PM: (supports S0 S3 S4 S5)
[    0.257129] ACPI: Using IOAPIC for interrupt routing
[    0.257598] PCI: Using host bridge windows from ACPI; if necessary, use "pci=nocrs" and report a bug
[    0.258547] PCI: Using E820 reservations for host bridge windows
[    0.260399] ACPI: Enabled 2 GPEs in block 00 to 0F
[    0.310339] ACPI: PCI Root Bridge [PCI0] (domain 0000 [bus 00-ff])
[    0.311563] acpi PNP0A03:00: _OSC: OS supports [ExtendedConfig ASPM ClockPM Segments MSI HPX-Type3]
[    0.313139] PCI host bridge to bus 0000:00
[    0.313605] pci_bus 0000:00: root bus resource [io  0x0000-0x0cf7 window]
[    0.314449] pci_bus 0000:00: root bus resource [io  0x0d00-0xffff window]
[    0.315550] pci_bus 0000:00: root bus resource [mem 0x000a0000-0x000bffff window]
[    0.316472] pci_bus 0000:00: root bus resource [mem 0x40000000-0xfebfffff window]
[    0.317550] pci_bus 0000:00: root bus resource [mem 0x100000000-0x17fffffff window]
[    0.318483] pci_bus 0000:00: root bus resource [bus 00-ff]
[    0.318642] pci 0000:00:00.0: [8086:1237] type 00 class 0x060000 conventional PCI endpoint
[    0.321467] pci 0000:00:01.0: [8086:7000] type 00 class 0x060100 conventional PCI endpoint
[    0.322452] pci 0000:00:01.1: [8086:7010] type 00 class 0x010180 conventional PCI endpoint
[    0.324004] pci 0000:00:01.1: BAR 4 [io  0xc0c0-0xc0cf]
[    0.324566] pci 0000:00:01.1: BAR 0 [io  0x01f0-0x01f7]: legacy IDE quirk
[    0.325391] pci 0000:00:01.1: BAR 1 [io  0x03f6]: legacy IDE quirk
[    0.326548] pci 0000:00:01.1: BAR 2 [io  0x0170-0x0177]: legacy IDE quirk
[    0.327373] pci 0000:00:01.1: BAR 3 [io  0x0376]: legacy IDE quirk
[    0.329264] pci 0000:00:01.3: [8086:7113] type 00 class 0x068000 conventional PCI endpoint
[    0.329765] pci 0000:00:01.3: quirk: [io  0x0600-0x063f] claimed by PIIX4 ACPI
[    0.330552] pci 0000:00:01.3: quirk: [io  0x0700-0x070f] claimed by PIIX4 SMB
[    0.332189] pci 0000:00:02.0: [1af4:1009] type 00 class 0x000200 conventional PCI endpoint
[    0.334552] pci 0000:00:02.0: BAR 0 [io  0xc000-0xc03f]
[    0.335196] pci 0000:00:02.0: BAR 1 [mem 0xfebfc000-0xfebfcfff]
[    0.336563] pci 0000:00:02.0: BAR 4 [mem 0xfebf0000-0xfebf3fff 64bit pref]
[    0.349466] pci 0000:00:03.0: [1af4:1009] type 00 class 0x000200 conventional PCI endpoint
[    0.351553] pci 0000:00:03.0: BAR 0 [io  0xc040-0xc07f]
[    0.352199] pci 0000:00:03.0: BAR 1 [mem 0xfebfd000-0xfebfdfff]
[    0.352562] pci 0000:00:03.0: BAR 4 [mem 0xfebf4000-0xfebf7fff 64bit pref]
[    0.365678] pci 0000:00:04.0: [8086:25ab] type 00 class 0x088000 conventional PCI endpoint
[    0.366895] pci 0000:00:04.0: BAR 0 [mem 0xfebfe000-0xfebfe00f]
[    0.379430] pci 0000:00:05.0: [1af4:1003] type 00 class 0x078000 conventional PCI endpoint
[    0.381278] pci 0000:00:05.0: BAR 0 [io  0xc080-0xc0bf]
[    0.382552] pci 0000:00:05.0: BAR 1 [mem 0xfebff000-0xfebfffff]
[    0.383294] pci 0000:00:05.0: BAR 4 [mem 0xfebf8000-0xfebfbfff 64bit pref]
[    0.398005] ACPI: PCI: Interrupt link LNKA configured for IRQ 10
[    0.399532] ACPI: PCI: Interrupt link LNKB configured for IRQ 10
[    0.401513] ACPI: PCI: Interrupt link LNKC configured for IRQ 11
[    0.403509] ACPI: PCI: Interrupt link LNKD configured for IRQ 11
[    0.403947] ACPI: PCI: Interrupt link LNKS configured for IRQ 9
[    0.424918] iommu: Default domain type: Translated
[    0.425513] iommu: DMA domain TLB invalidation policy: lazy mode
[    0.426026] SCSI subsystem initialized
[    0.426782] pps_core: LinuxPPS API ver. 1 registered
[    0.427473] pps_core: Software ver. 5.3.6 - Copyright 2005-2007 Rodolfo Giometti <giometti@linux.it>
[    0.428566] PTP clock support registered
[    0.429676] Advanced Linux Sound Architecture Driver Initialized.
[    0.431710] NET: Registered PF_ATMPVC protocol family
[    0.432332] NET: Registered PF_ATMSVC protocol family
[    0.432585] PCI: Using ACPI for IRQ routing
[    0.433587] vgaarb: loaded
[    0.434670] hpet0: at MMIO 0xfed00000, IRQs 2, 8, 0
[    0.435277] hpet0: 3 comparators, 64-bit 100.000000 MHz counter
[    0.440004] clocksource: Switched to clocksource kvm-clock
[    0.440978] VFS: Disk quotas dquot_6.6.0
[    0.441478] VFS: Dquot-cache hash table entries: 512 (order 0, 4096 bytes)
[    0.443980] pnp: PnP ACPI init
[    0.446893] pnp: PnP ACPI: found 5 devices
[    0.458848] clocksource: acpi_pm: mask: 0xffffff max_cycles: 0xffffff, max_idle_ns: 2085701024 ns
[    0.459987] NET: Registered PF_INET protocol family
[    0.460702] IP idents hash table entries: 16384 (order: 5, 131072 bytes, linear)
[    0.461972] tcp_listen_portaddr_hash hash table entries: 512 (order: 1, 8192 bytes, linear)
[    0.462967] Table-perturb hash table entries: 65536 (order: 6, 262144 bytes, linear)
[    0.463912] TCP established hash table entries: 8192 (order: 4, 65536 bytes, linear)
[    0.464837] TCP bind hash table entries: 8192 (order: 6, 262144 bytes, linear)
[    0.465705] TCP: Hash tables configured (established 8192 bind 8192)
[    0.466626] UDP hash table entries: 512 (order: 3, 32768 bytes, linear)
[    0.467414] UDP-Lite hash table entries: 512 (order: 3, 32768 bytes, linear)
[    0.468464] NET: Registered PF_UNIX/PF_LOCAL protocol family
[    0.469153] pci_bus 0000:00: resource 4 [io  0x0000-0x0cf7 window]
[    0.469887] pci_bus 0000:00: resource 5 [io  0x0d00-0xffff window]
[    0.470617] pci_bus 0000:00: resource 6 [mem 0x000a0000-0x000bffff window]
[    0.471428] pci_bus 0000:00: resource 7 [mem 0x40000000-0xfebfffff window]
[    0.472235] pci_bus 0000:00: resource 8 [mem 0x100000000-0x17fffffff window]
[    0.473271] pci 0000:00:01.0: PIIX3: Enabling Passive Release
[    0.473958] pci 0000:00:00.0: Limiting direct PCI/PCI transfers
[    0.474693] PCI: CLS 0 bytes, default 64
[    0.475267] kvm_intel: VMX not supported by CPU 0
[    0.475981] kvm_amd: TSC scaling supported
[    0.476473] kvm_amd: Nested Virtualization enabled
[    0.477036] kvm_amd: Nested Paging enabled
[    0.477523] kvm_amd: LBR virtualization supported
[    0.478087] kvm_amd: Virtual GIF supported
[    0.478572] kvm_amd: Virtual NMI enabled
[    0.517513] clocksource: tsc: mask: 0xffffffffffffffff max_cycles: 0x40be215b5d9, max_idle_ns: 440795359804 ns
[    0.536510] Initialise system trusted keyrings
[    0.537207] workingset: timestamp_bits=56 max_order=18 bucket_order=0
[    0.538106] squashfs: version 4.0 (2009/01/31) Phillip Lougher
[    0.538836] fuse: init (API version 7.43)
[    0.539460] 9p: Installing v9fs 9p2000 file system support
[    0.548901] Key type asymmetric registered
[    0.549410] Asymmetric key parser 'x509' registered
[    0.550068] Block layer SCSI generic (bsg) driver version 0.4 loaded (major 249)
[    0.551000] io scheduler mq-deadline registered
[    0.551560] io scheduler kyber registered
[    0.554027] input: Power Button as /devices/LNXSYSTM:00/LNXPWRBN:00/input/input0
[    0.555129] ACPI: button: Power Button [PWRF]
[    0.557002] Warning: Processor Platform Limit event detected, but not handled.
[    0.557877] Consider compiling CPUfreq support into your kernel.
[    1.439188] ACPI: \_SB_.LNKB: Enabled at IRQ 10
[    2.328111] ACPI: \_SB_.LNKC: Enabled at IRQ 11
[    3.225227] ACPI: \_SB_.LNKA: Enabled at IRQ 10
[    3.226589] Serial: 8250/16550 driver, 4 ports, IRQ sharing enabled
[    3.227705] 00:03: ttyS0 at I/O 0x3f8 (irq = 4, base_baud = 115200) is a 16550A
[    3.256435] Non-volatile memory driver v1.3
[    3.256977] Linux agpgart interface v0.103
[    3.257656] ACPI: bus type drm_connector registered
[    3.258275] printk: legacy console [hvc0] enabled
[    3.258867] printk: legacy bootconsole [earlyser0] disabled
          _      _                                    
   __   _(_)_ __| |_ _ __ ___   ___       _ __   __ _ 
   \ \ / / |  __| __|  _   _ \ / _ \_____|  _ \ / _  |
    \ V /| | |  | |_| | | | | |  __/_____| | | | (_| |
     \_/ |_|_|   \__|_| |_| |_|\___|     |_| |_|\__  |
                                                |___/ 
   kernel version: 6.15.0-rc3-virtme x86_64
   (CTRL+d to exit)

root@virtme-ng:/nipa-data/kernel# PS1='xx__-> '
xx__-> env
PWD=/nipa-data/kernel
nr_open=1048576
HOME=/
TERM=xterm
SHLVL=2
XDG_RUNTIME_DIR=/run/user/0
PATH=/bin:/sbin:/usr/bin:/usr/sbin:/usr/local/bin
OLDPWD=/
_=/bin/env
xx__-> 