No EFI environment detected.
early console in extract_kernel
input_data: 0x0000000004b142b9
input_len: 0x00000000017bcfe2
output: 0x0000000001000000
output_len: 0x000000000525e3f4
kernel_total_size: 0x0000000004e30000
needed_size: 0x0000000005400000
trampoline_32bit: 0x0000000000000000
Physical KASLR using RDRAND RDTSC...
Virtual KASLR using RDRAND RDTSC...

Decompressing Linux... Parsing ELF... Performing relocations... done.
Booting the kernel (entry_offset: 0x0000000000000000).
[    0.000000] Linux version 6.8.0-rc5-virtme (root@a72589c0ce7e) (gcc (Alpine 13.2.1_git20231014) 13.2.1 20231014, GNU ld (GNU Binutils) 2.42) #1 SMP PREEMPT_DYNAMIC Wed Feb 28 15:26:38 UTC 2024
[    0.000000] Command line: virtme_hostname=virtme-ng virtme_link_mods=/nipa-data/kernel/.virtme_mods/lib/modules/0.0.0 virtme_initmount0=nipa-data/kernel virtme_rw_overlay0=/etc virtme_rw_overlay1=/lib virtme_rw_overlay2=/home virtme_rw_overlay3=/opt virtme_rw_overlay4=/srv virtme_rw_overlay5=/usr virtme_rw_overlay6=/var earlyprintk=serial,ttyS0,115200 console=ttyS0 psmouse.proto=exps TERM=xterm virtme_chdir=nipa-data/kernel virtme_root_user=1 rootfstype=9p rootflags=version=9p2000.L,trans=virtio,access=any raid=noautodetect ro init=/usr/lib/python3.11/site-packages/virtme/guest/virtme-init
[    0.000000] BIOS-provided physical RAM map:
[    0.000000] BIOS-e820: [mem 0x0000000000000000-0x000000000009fbff] usable
[    0.000000] BIOS-e820: [mem 0x000000000009fc00-0x000000000009ffff] reserved
[    0.000000] BIOS-e820: [mem 0x00000000000f0000-0x00000000000fffff] reserved
[    0.000000] BIOS-e820: [mem 0x0000000000100000-0x000000003ffdffff] usable
[    0.000000] BIOS-e820: [mem 0x000000003ffe0000-0x000000003fffffff] reserved
[    0.000000] BIOS-e820: [mem 0x00000000feffc000-0x00000000feffffff] reserved
[    0.000000] BIOS-e820: [mem 0x00000000fffc0000-0x00000000ffffffff] reserved
[    0.000000] BIOS-e820: [mem 0x000000fd00000000-0x000000ffffffffff] reserved
[    0.000000] printk: legacy bootconsole [earlyser0] enabled
[    0.000000] NX (Execute Disable) protection: active
[    0.000000] APIC: Static calls initialized
[    0.000000] SMBIOS 3.0.0 present.
[    0.000000] DMI: QEMU Standard PC (i440FX + PIIX, 1996), BIOS rel-1.16.3-0-ga6ed6b701f0a-prebuilt.qemu.org 04/01/2014
[    0.000000] Hypervisor detected: KVM
[    0.000000] kvm-clock: Using msrs 4b564d01 and 4b564d00
[    0.000000] kvm-clock: using sched offset of 354514701 cycles
[    0.000394] clocksource: kvm-clock: mask: 0xffffffffffffffff max_cycles: 0x1cd42e4dffb, max_idle_ns: 881590591483 ns
[    0.001620] tsc: Detected 4491.536 MHz processor
[    0.002350] last_pfn = 0x3ffe0 max_arch_pfn = 0x400000000
[    0.002784] MTRR map: 4 entries (3 fixed + 1 variable; max 19), built from 8 variable MTRRs
[    0.003425] x86/PAT: Configuration [0-7]: WB  WC  UC- UC  WB  WP  UC- WT  
[    0.005506] found SMP MP-table at [mem 0x000f5470-0x000f547f]
[    0.005947] Using GB pages for direct mapping
[    0.006439] ACPI: Early table checksum verification disabled
[    0.006866] ACPI: RSDP 0x00000000000F5290 000014 (v00 BOCHS )
[    0.007303] ACPI: RSDT 0x000000003FFE27B6 000034 (v01 BOCHS  BXPC     00000001 BXPC 00000001)
[    0.007955] ACPI: FACP 0x000000003FFE2572 000074 (v01 BOCHS  BXPC     00000001 BXPC 00000001)
[    0.008601] ACPI: DSDT 0x000000003FFE0040 002532 (v01 BOCHS  BXPC     00000001 BXPC 00000001)
[    0.009247] ACPI: FACS 0x000000003FFE0000 000040
[    0.009601] ACPI: APIC 0x000000003FFE25E6 000170 (v03 BOCHS  BXPC     00000001 BXPC 00000001)
[    0.010242] ACPI: HPET 0x000000003FFE2756 000038 (v01 BOCHS  BXPC     00000001 BXPC 00000001)
[    0.010884] ACPI: WAET 0x000000003FFE278E 000028 (v01 BOCHS  BXPC     00000001 BXPC 00000001)
[    0.011528] ACPI: Reserving FACP table memory at [mem 0x3ffe2572-0x3ffe25e5]
[    0.012057] ACPI: Reserving DSDT table memory at [mem 0x3ffe0040-0x3ffe2571]
[    0.012590] ACPI: Reserving FACS table memory at [mem 0x3ffe0000-0x3ffe003f]
[    0.013120] ACPI: Reserving APIC table memory at [mem 0x3ffe25e6-0x3ffe2755]
[    0.013651] ACPI: Reserving HPET table memory at [mem 0x3ffe2756-0x3ffe278d]
[    0.014181] ACPI: Reserving WAET table memory at [mem 0x3ffe278e-0x3ffe27b5]
[    0.014919] No NUMA configuration found
[    0.015212] Faking a node at [mem 0x0000000000000000-0x000000003ffdffff]
[    0.015718] NODE_DATA(0) allocated [mem 0x3ffdb000-0x3ffdffff]
[    0.016176] Zone ranges:
[    0.016367]   DMA      [mem 0x0000000000001000-0x0000000000ffffff]
[    0.016834]   DMA32    [mem 0x0000000001000000-0x000000003ffdffff]
[    0.017300]   Normal   empty
[    0.017518]   Device   empty
[    0.017735] Movable zone start for each node
[    0.018056] Early memory node ranges
[    0.018325]   node   0: [mem 0x0000000000001000-0x000000000009efff]
[    0.018797]   node   0: [mem 0x0000000000100000-0x000000003ffdffff]
[    0.019275] Initmem setup node 0 [mem 0x0000000000001000-0x000000003ffdffff]
[    0.019811] On node 0, zone DMA: 1 pages in unavailable ranges
[    0.020308] On node 0, zone DMA: 97 pages in unavailable ranges
[    0.025267] On node 0, zone DMA32: 32 pages in unavailable ranges
[    0.034755] kasan: KernelAddressSanitizer initialized
[    0.035371] ACPI: PM-Timer IO Port: 0x608
[    0.035684] ACPI: LAPIC_NMI (acpi_id[0xff] dfl dfl lint[0x1])
[    0.036144] IOAPIC[0]: apic_id 0, version 17, address 0xfec00000, GSI 0-23
[    0.036668] ACPI: INT_SRC_OVR (bus 0 bus_irq 0 global_irq 2 dfl dfl)
[    0.037150] ACPI: INT_SRC_OVR (bus 0 bus_irq 5 global_irq 5 high level)
[    0.037652] ACPI: INT_SRC_OVR (bus 0 bus_irq 9 global_irq 9 high level)
[    0.038154] ACPI: INT_SRC_OVR (bus 0 bus_irq 10 global_irq 10 high level)
[    0.038669] ACPI: INT_SRC_OVR (bus 0 bus_irq 11 global_irq 11 high level)
[    0.039186] ACPI: Using ACPI (MADT) for SMP configuration information
[    0.039678] ACPI: HPET id: 0x8086a201 base: 0xfed00000
[    0.040069] TSC deadline timer available
[    0.040367] smpboot: Allowing 32 CPUs, 0 hotplug CPUs
[    0.040770] kvm-guest: APIC: eoi() replaced with kvm_guest_apic_eoi_write()
[    0.041315] kvm-guest: KVM setup pv remote TLB flush
[    0.041695] kvm-guest: setup PV sched yield
[    0.042021] PM: hibernation: Registered nosave memory: [mem 0x00000000-0x00000fff]
[    0.042598] PM: hibernation: Registered nosave memory: [mem 0x0009f000-0x0009ffff]
[    0.043175] PM: hibernation: Registered nosave memory: [mem 0x000a0000-0x000effff]
[    0.043755] PM: hibernation: Registered nosave memory: [mem 0x000f0000-0x000fffff]
[    0.044332] [mem 0x40000000-0xfeffbfff] available for PCI devices
[    0.044799] Booting paravirtualized kernel on KVM
[    0.045157] clocksource: refined-jiffies: mask: 0xffffffff max_cycles: 0xffffffff, max_idle_ns: 1910969940391419 ns
[    0.054076] setup_percpu: NR_CPUS:64 nr_cpumask_bits:32 nr_cpu_ids:32 nr_node_ids:1
[    0.055910] percpu: Embedded 68 pages/cpu s241448 r8192 d28888 u524288
[    0.056462] Kernel command line: virtme_hostname=virtme-ng virtme_link_mods=/nipa-data/kernel/.virtme_mods/lib/modules/0.0.0 virtme_initmount0=nipa-data/kernel virtme_rw_overlay0=/etc virtme_rw_overlay1=/lib virtme_rw_overlay2=/home virtme_rw_overlay3=/opt virtme_rw_overlay4=/srv virtme_rw_overlay5=/usr virtme_rw_overlay6=/var earlyprintk=serial,ttyS0,115200 console=ttyS0 psmouse.proto=exps TERM=xterm virtme_chdir=nipa-data/kernel virtme_root_user=1 rootfstype=9p rootflags=version=9p2000.L,trans=virtio,access=any raid=noautodetect ro init=/usr/lib/python3.11/site-packages/virtme/guest/virtme-init
[    0.060672] Unknown kernel command line parameters "virtme_hostname=virtme-ng virtme_link_mods=/nipa-data/kernel/.virtme_mods/lib/modules/0.0.0 virtme_initmount0=nipa-data/kernel virtme_rw_overlay0=/etc virtme_rw_overlay1=/lib virtme_rw_overlay2=/home virtme_rw_overlay3=/opt virtme_rw_overlay4=/srv virtme_rw_overlay5=/usr virtme_rw_overlay6=/var virtme_chdir=nipa-data/kernel virtme_root_user=1", will be passed to user space.
[    0.063782] random: crng init done
[    0.064156] Dentry cache hash table entries: 131072 (order: 8, 1048576 bytes, linear)
[    0.064774] Inode-cache hash table entries: 65536 (order: 7, 524288 bytes, linear)
[    0.065764] Fallback order for Node 0: 0 
[    0.065768] Built 1 zonelists, mobility grouping on.  Total pages: 257760
[    0.066605] Policy zone: DMA32
[    0.066842] mem auto-init: stack:all(zero), heap alloc:off, heap free:off
[    0.067370] stackdepot: allocating hash table via alloc_large_system_hash
[    0.067896] stackdepot hash table entries: 1048576 (order: 12, 16777216 bytes, linear)
[    0.075938] Memory: 781300K/1048056K available (43008K kernel code, 11320K rwdata, 9564K rodata, 5740K init, 2444K bss, 266500K reserved, 0K cma-reserved)
[    0.077189] SLUB: HWalign=64, Order=0-3, MinObjects=0, CPUs=32, Nodes=1
Poking KASLR using RDRAND RDTSC...
[    0.077971] ftrace: allocating 46459 entries in 182 pages
[    0.086744] ftrace: allocated 182 pages with 5 groups
[    0.088014] Dynamic Preempt: voluntary
[    0.088656] rcu: Preemptible hierarchical RCU implementation.
[    0.089102] rcu: RCU event tracing is enabled.
[    0.089454] rcu: RCU restricting CPUs from NR_CPUS=64 to nr_cpu_ids=32.
[    0.089972] Trampoline variant of Tasks RCU enabled.
[    0.090361] Rude variant of Tasks RCU enabled.
[    0.090711] Tracing variant of Tasks RCU enabled.
[    0.091080] rcu: RCU calculated value of scheduler-enlistment delay is 100 jiffies.
[    0.091675] rcu: Adjusting geometry for rcu_fanout_leaf=16, nr_cpu_ids=32
[    0.100385] NR_IRQS: 4352, nr_irqs: 680, preallocated irqs: 16
[    0.101077] rcu: srcu_init: Setting srcu_struct sizes based on contention.
[    0.101809] Console: colour *CGA 80x25
[    0.102117] printk: legacy console [ttyS0] enabled
[    0.102117] printk: legacy console [ttyS0] enabled
[    0.102855] printk: legacy bootconsole [earlyser0] disabled
[    0.102855] printk: legacy bootconsole [earlyser0] disabled
[    0.103739] ACPI: Core revision 20230628
[    0.104208] clocksource: hpet: mask: 0xffffffff max_cycles: 0xffffffff, max_idle_ns: 19112604467 ns
[    0.104978] APIC: Switch to symmetric I/O mode setup
[    0.105374] APIC: Switched APIC routing to: physical flat
[    0.105797] kvm-guest: APIC: send_IPI_mask() replaced with kvm_send_ipi_mask()
[    0.106350] kvm-guest: APIC: send_IPI_mask_allbutself() replaced with kvm_send_ipi_mask_allbutself()
[    0.107061] kvm-guest: setup PV IPIs
[    0.108288] ..TIMER: vector=0x30 apic1=0 pin1=2 apic2=-1 pin2=-1
[    0.109124] tsc: Marking TSC unstable due to TSCs unsynchronized
[    0.109934] Calibrating delay loop (skipped) preset value.. 8983.07 BogoMIPS (lpj=4491536)
[    0.110994] x86/cpu: User Mode Instruction Prevention (UMIP) activated
[    0.111991] Last level iTLB entries: 4KB 512, 2MB 255, 4MB 127
[    0.112776] Last level dTLB entries: 4KB 512, 2MB 255, 4MB 127, 1GB 0
[    0.112934] Spectre V1 : Mitigation: usercopy/swapgs barriers and __user pointer sanitization
[    0.113934] Spectre V2 : Mitigation: Enhanced / Automatic IBRS
[    0.114930] Spectre V2 : Spectre v2 / SpectreRSB mitigation: Filling RSB on context switch
[    0.115932] Spectre V2 : mitigation: Enabling conditional Indirect Branch Prediction Barrier
[    0.116932] Speculative Store Bypass: Mitigation: Speculative Store Bypass disabled via prctl
[    0.117930] Speculative Return Stack Overflow: IBPB-extending microcode not applied!
[    0.118930] Speculative Return Stack Overflow: WARNING: See https://kernel.org/doc/html/latest/admin-guide/hw-vuln/srso.html for mitigation options.
[    0.118931] Speculative Return Stack Overflow: Vulnerable: Safe RET, no microcode
[    0.120946] x86/fpu: Supporting XSAVE feature 0x001: 'x87 floating point registers'
[    0.121930] x86/fpu: Supporting XSAVE feature 0x002: 'SSE registers'
[    0.122767] x86/fpu: Supporting XSAVE feature 0x004: 'AVX registers'
[    0.122930] x86/fpu: Supporting XSAVE feature 0x020: 'AVX-512 opmask'
[    0.123930] x86/fpu: Supporting XSAVE feature 0x040: 'AVX-512 Hi256'
[    0.124930] x86/fpu: Supporting XSAVE feature 0x080: 'AVX-512 ZMM_Hi256'
[    0.125930] x86/fpu: Supporting XSAVE feature 0x200: 'Protection Keys User registers'
[    0.126930] x86/fpu: xstate_offset[2]:  576, xstate_sizes[2]:  256
[    0.127930] x86/fpu: xstate_offset[5]:  832, xstate_sizes[5]:   64
[    0.128930] x86/fpu: xstate_offset[6]:  896, xstate_sizes[6]:  512
[    0.129751] x86/fpu: xstate_offset[7]: 1408, xstate_sizes[7]: 1024
[    0.129930] x86/fpu: xstate_offset[9]: 2432, xstate_sizes[9]:    8
[    0.130930] x86/fpu: Enabled xstate features 0x2e7, context size is 2440 bytes, using 'compacted' format.
[    0.153741] Freeing SMP alternatives memory: 36K
[    0.153931] pid_max: default: 32768 minimum: 301
[    0.155079] Mount-cache hash table entries: 2048 (order: 2, 16384 bytes, linear)
[    0.155932] Mountpoint-cache hash table entries: 2048 (order: 2, 16384 bytes, linear)
[    0.157584] smpboot: CPU0: AMD Ryzen 9 7950X 16-Core Processor (family: 0x19, model: 0x61, stepping: 0x2)
[    0.158263] RCU Tasks: Setting shift to 5 and lim to 1 rcu_task_cb_adjust=1.
[    0.158957] RCU Tasks Rude: Setting shift to 5 and lim to 1 rcu_task_cb_adjust=1.
[    0.159958] RCU Tasks Trace: Setting shift to 5 and lim to 1 rcu_task_cb_adjust=1.
[    0.160958] Performance Events: Fam17h+ core perfctr, AMD PMU driver.
[    0.161845] ... version:                0
[    0.161932] ... bit width:              48
[    0.162476] ... generic registers:      6
[    0.162932] ... value mask:             0000ffffffffffff
[    0.163639] ... max period:             00007fffffffffff
[    0.163932] ... fixed-purpose events:   0
[    0.164466] ... event mask:             000000000000003f
[    0.165034] signal: max sigframe size: 3376
[    0.165638] rcu: Hierarchical SRCU implementation.
[    0.165933] rcu: Max phase no-delay instances is 400.
[    0.170893] smp: Bringing up secondary CPUs ...
[    0.171118] smpboot: x86: Booting SMP configuration:
[    0.171776] .... node  #0, CPUs:        #1  #2  #3  #4  #5  #6  #7  #8  #9 #10 #11 #12 #13 #14 #15 #16 #17 #18 #19 #20 #21 #22 #23 #24 #25 #26 #27 #28 #29 #30 #31
[    0.194934] smp: Brought up 1 node, 32 CPUs
[    0.196638] smpboot: Max logical packages: 1
[    0.196935] smpboot: Total of 32 processors activated (287458.30 BogoMIPS)
[    0.211178] devtmpfs: initialized
[    0.212112] x86/mm: Memory block size: 128MB
[    0.221290] clocksource: jiffies: mask: 0xffffffff max_cycles: 0xffffffff, max_idle_ns: 1911260446275000 ns
[    0.222036] futex hash table entries: 8192 (order: 7, 524288 bytes, linear)
[    0.223375] PM: RTC time: 15:27:13, date: 2024-02-28
[    0.224966] NET: Registered PF_NETLINK/PF_ROUTE protocol family
[    0.227051] thermal_sys: Registered thermal governor 'step_wise'
[    0.227054] thermal_sys: Registered thermal governor 'user_space'
[    0.228011] cpuidle: using governor menu
[    0.231365] PCI: Using configuration type 1 for base access
[    0.231933] PCI: Using configuration type 1 for extended access
[    0.233114] kprobes: kprobe jump-optimization is enabled. All kprobes are optimized if possible.
[    0.239524] HugeTLB: registered 1.00 GiB page size, pre-allocated 0 pages
[    0.240935] HugeTLB: 16380 KiB vmemmap can be freed for a 1.00 GiB page
[    0.241934] HugeTLB: registered 2.00 MiB page size, pre-allocated 0 pages
[    0.242932] HugeTLB: 28 KiB vmemmap can be freed for a 2.00 MiB page
[    0.245179] ACPI: Added _OSI(Module Device)
[    0.245819] ACPI: Added _OSI(Processor Device)
[    0.246933] ACPI: Added _OSI(3.0 _SCP Extensions)
[    0.247750] ACPI: Added _OSI(Processor Aggregator Device)
[    0.281896] ACPI: 1 ACPI AML tables successfully acquired and loaded
[    0.285173] ACPI: _OSC evaluation for CPUs failed, trying _PDC
[    0.290114] ACPI: Interpreter enabled
[    0.290826] ACPI: PM: (supports S0 S3 S4 S5)
[    0.290933] ACPI: Using IOAPIC for interrupt routing
[    0.291843] PCI: Using host bridge windows from ACPI; if necessary, use "pci=nocrs" and report a bug
[    0.293933] PCI: Using E820 reservations for host bridge windows
[    0.296436] ACPI: Enabled 2 GPEs in block 00 to 0F
[    0.354166] ACPI: PCI Root Bridge [PCI0] (domain 0000 [bus 00-ff])
[    0.354947] acpi PNP0A03:00: _OSC: OS supports [ExtendedConfig ASPM ClockPM Segments MSI HPX-Type3]
[    0.356436] PCI host bridge to bus 0000:00
[    0.356935] pci_bus 0000:00: root bus resource [io  0x0000-0x0cf7 window]
[    0.357824] pci_bus 0000:00: root bus resource [io  0x0d00-0xffff window]
[    0.358936] pci_bus 0000:00: root bus resource [mem 0x000a0000-0x000bffff window]
[    0.359911] pci_bus 0000:00: root bus resource [mem 0x40000000-0xfebfffff window]
[    0.360936] pci_bus 0000:00: root bus resource [mem 0x100000000-0x17fffffff window]
[    0.361937] pci_bus 0000:00: root bus resource [bus 00-ff]
[    0.362795] pci 0000:00:00.0: [8086:1237] type 00 class 0x060000 conventional PCI endpoint
[    0.364810] pci 0000:00:01.0: [8086:7000] type 00 class 0x060100 conventional PCI endpoint
[    0.366849] pci 0000:00:01.1: [8086:7010] type 00 class 0x010180 conventional PCI endpoint
[    0.369933] pci 0000:00:01.1: BAR 4 [io  0xc080-0xc08f]
[    0.371379] pci 0000:00:01.1: BAR 0 [io  0x01f0-0x01f7]: legacy IDE quirk
[    0.372932] pci 0000:00:01.1: BAR 1 [io  0x03f6]: legacy IDE quirk
[    0.373745] pci 0000:00:01.1: BAR 2 [io  0x0170-0x0177]: legacy IDE quirk
[    0.373932] pci 0000:00:01.1: BAR 3 [io  0x0376]: legacy IDE quirk
[    0.375428] pci 0000:00:01.3: [8086:7113] type 00 class 0x068000 conventional PCI endpoint
[    0.377206] pci 0000:00:01.3: quirk: [io  0x0600-0x063f] claimed by PIIX4 ACPI
[    0.377936] pci 0000:00:01.3: quirk: [io  0x0700-0x070f] claimed by PIIX4 SMB
[    0.380683] pci 0000:00:02.0: [1af4:1009] type 00 class 0x000200 conventional PCI endpoint
[    0.382933] pci 0000:00:02.0: BAR 0 [io  0xc000-0xc03f]
[    0.384554] pci 0000:00:02.0: BAR 1 [mem 0xfebfd000-0xfebfdfff]
[    0.388932] pci 0000:00:02.0: BAR 4 [mem 0xfebf4000-0xfebf7fff 64bit pref]
[    0.403674] pci 0000:00:03.0: [1af4:1009] type 00 class 0x000200 conventional PCI endpoint
[    0.405933] pci 0000:00:03.0: BAR 0 [io  0xc040-0xc07f]
[    0.407529] pci 0000:00:03.0: BAR 1 [mem 0xfebfe000-0xfebfefff]
[    0.412933] pci 0000:00:03.0: BAR 4 [mem 0xfebf8000-0xfebfbfff 64bit pref]
[    0.426033] pci 0000:00:04.0: [8086:25ab] type 00 class 0x088000 conventional PCI endpoint
[    0.428277] pci 0000:00:04.0: BAR 0 [mem 0xfebff000-0xfebff00f]
[    0.445038] ACPI: PCI: Interrupt link LNKA configured for IRQ 10
[    0.447242] ACPI: PCI: Interrupt link LNKB configured for IRQ 10
[    0.448897] ACPI: PCI: Interrupt link LNKC configured for IRQ 11
[    0.450871] ACPI: PCI: Interrupt link LNKD configured for IRQ 11
[    0.452321] ACPI: PCI: Interrupt link LNKS configured for IRQ 9
[    0.471665] iommu: Default domain type: Translated
[    0.471933] iommu: DMA domain TLB invalidation policy: lazy mode
[    0.473328] SCSI subsystem initialized
[    0.474240] pps_core: LinuxPPS API ver. 1 registered
[    0.474933] pps_core: Software ver. 5.3.6 - Copyright 2005-2007 Rodolfo Giometti <giometti@linux.it>
[    0.475949] PTP clock support registered
[    0.477081] Advanced Linux Sound Architecture Driver Initialized.
[    0.478978] NET: Registered PF_ATMPVC protocol family
[    0.479646] NET: Registered PF_ATMSVC protocol family
[    0.480957] PCI: Using ACPI for IRQ routing
[    0.481646] vgaarb: loaded
[    0.482385] hpet0: at MMIO 0xfed00000, IRQs 2, 8, 0
[    0.482933] hpet0: 3 comparators, 64-bit 100.000000 MHz counter
[    0.489362] clocksource: Switched to clocksource kvm-clock
[    0.490359] VFS: Disk quotas dquot_6.6.0
[    0.491099] VFS: Dquot-cache hash table entries: 512 (order 0, 4096 bytes)
[    0.492201] pnp: PnP ACPI init
[    0.497420] pnp: PnP ACPI: found 5 devices
[    0.509821] clocksource: acpi_pm: mask: 0xffffff max_cycles: 0xffffff, max_idle_ns: 2085701024 ns
[    0.511105] NET: Registered PF_INET protocol family
[    0.511833] IP idents hash table entries: 16384 (order: 5, 131072 bytes, linear)
[    0.513246] tcp_listen_portaddr_hash hash table entries: 512 (order: 1, 8192 bytes, linear)
[    0.514364] Table-perturb hash table entries: 65536 (order: 6, 262144 bytes, linear)
[    0.515415] TCP established hash table entries: 8192 (order: 4, 65536 bytes, linear)
[    0.516452] TCP bind hash table entries: 8192 (order: 6, 262144 bytes, linear)
[    0.517423] TCP: Hash tables configured (established 8192 bind 8192)
[    0.518438] UDP hash table entries: 512 (order: 2, 16384 bytes, linear)
[    0.519327] UDP-Lite hash table entries: 512 (order: 2, 16384 bytes, linear)
[    0.520497] NET: Registered PF_UNIX/PF_LOCAL protocol family
[    0.521266] pci_bus 0000:00: resource 4 [io  0x0000-0x0cf7 window]
[    0.522087] pci_bus 0000:00: resource 5 [io  0x0d00-0xffff window]
[    0.522906] pci_bus 0000:00: resource 6 [mem 0x000a0000-0x000bffff window]
[    0.523833] pci_bus 0000:00: resource 7 [mem 0x40000000-0xfebfffff window]
[    0.524744] pci_bus 0000:00: resource 8 [mem 0x100000000-0x17fffffff window]
[    0.525886] pci 0000:00:01.0: PIIX3: Enabling Passive Release
[    0.526657] pci 0000:00:00.0: Limiting direct PCI/PCI transfers
[    0.527487] PCI: CLS 0 bytes, default 64
[    0.528064] kvm_intel: VMX not supported by CPU 2
[    0.528732] kvm_amd: TSC scaling supported
[    0.529285] kvm_amd: Nested Virtualization enabled
[    0.529925] kvm_amd: Nested Paging enabled
[    0.530483] kvm_amd: Virtual VMLOAD VMSAVE supported
[    0.531138] kvm_amd: Virtual GIF supported
[    0.531694] kvm_amd: Virtual NMI enabled
[    0.532212] kvm_amd: LBR virtualization supported
[    0.638382] workingset: timestamp_bits=56 max_order=18 bucket_order=0
[    0.639399] squashfs: version 4.0 (2009/01/31) Phillip Lougher
[    0.640197] fuse: init (API version 7.39)
[    0.640877] 9p: Installing v9fs 9p2000 file system support
[    0.641726] Key type asymmetric registered
[    0.642328] Block layer SCSI generic (bsg) driver version 0.4 loaded (major 249)
[    0.643342] io scheduler mq-deadline registered
[    0.643944] io scheduler kyber registered
[    0.645824] input: Power Button as /devices/LNXSYSTM:00/LNXPWRBN:00/input/input0
[    0.647067] ACPI: button: Power Button [PWRF]
[    0.647791] Warning: Processor Platform Limit event detected, but not handled.
[    0.648749] Consider compiling CPUfreq support into your kernel.
[    1.528775] ACPI: \_SB_.LNKB: Enabled at IRQ 10
[    2.405466] ACPI: \_SB_.LNKC: Enabled at IRQ 11
[    2.407181] Serial: 8250/16550 driver, 4 ports, IRQ sharing enabled
[    2.409042] 00:03: ttyS0 at I/O 0x3f8 (irq = 4, base_baud = 115200) is a 16550A
[    2.411796] Non-volatile memory driver v1.3
[    2.412365] Linux agpgart interface v0.103
[    2.413085] ACPI: bus type drm_connector registered
[    2.435408] loop: module loaded
[    2.438349] scsi host0: ata_piix
[    2.439337] scsi host1: ata_piix
[    2.439986] ata1: PATA max MWDMA2 cmd 0x1f0 ctl 0x3f6 bmdma 0xc080 irq 14 lpm-pol 0
[    2.441004] ata2: PATA max MWDMA2 cmd 0x170 ctl 0x376 bmdma 0xc088 irq 15 lpm-pol 0
[    2.443545] i8042: PNP: PS/2 Controller [PNP0303:KBD,PNP0f13:MOU] at 0x60,0x64 irq 1,12
[    2.445306] serio: i8042 KBD port at 0x60,0x64 irq 1
[    2.445983] serio: i8042 AUX port at 0x60,0x64 irq 12
[    2.447466] rtc_cmos 00:04: RTC can wake from S4
[    2.448263] input: AT Translated Set 2 keyboard as /devices/platform/i8042/serio0/input/input1
[    2.450521] rtc_cmos 00:04: registered as rtc0
[    2.451149] rtc_cmos 00:04: setting system clock to 2024-02-28T15:27:15 UTC (1709134035)
[    2.452351] rtc_cmos 00:04: alarms up to one day, y3k, 242 bytes nvram, hpet irqs
[    2.454222] i6300ESB timer 0000:00:04.0: initialized. heartbeat=30 sec (nowayout=0)
[    2.455516] device-mapper: ioctl: 4.48.0-ioctl (2023-03-01) initialised: dm-devel@redhat.com
[    2.457988] NET: Registered PF_PACKET protocol family
[    2.458686] 9pnet: Installing 9P2000 support
[    2.460682] Key type dns_resolver registered
[    2.462136] input: ImExPS/2 Generic Explorer Mouse as /devices/platform/i8042/serio1/input/input3
[    2.468196] IPI shorthand broadcast: enabled
[    2.497346] sched_clock: Marking stable (2492001620, 5318303)->(2513231911, -15911988)
[    2.499162] registered taskstats version 1
[    2.519046] PM:   Magic number: 12:596:488
[    2.519836] printk: legacy console [netcon0] enabled
[    2.520684] netconsole: network logging started
[    2.521671] ALSA device list:
[    2.522172]   No soundcards found.
[    2.594578] ata2: found unknown device (class 0)
[    2.595728] ata2.00: ATAPI: QEMU DVD-ROM, 2.5+, max UDMA/100
[    2.597675] scsi 1:0:0:0: CD-ROM            QEMU     QEMU DVD-ROM     2.5+ PQ: 0 ANSI: 5
[    2.606258] scsi 1:0:0:0: Attached scsi generic sg0 type 5
[    2.607168] md: Skipping autodetection of RAID arrays. (raid=autodetect will force)
[    2.608109] 9pnet_virtio: no channels available for device 
[    2.609598] VFS: Mounted root (9p filesystem) readonly on device 0:19.
[    2.610537] devtmpfs: mounted
[    2.615647] Freeing unused kernel image (initmem) memory: 5740K
[    2.620331] Write protecting the kernel read-only data: 53248k
[    2.621432] Freeing unused kernel image (rodata/data gap) memory: 676K
[    2.657048] x86/mm: Checked W+X mappings: passed, no W+X pages found.
[    2.657783] Run /usr/lib/python3.11/site-packages/virtme/guest/virtme-init as init process
[    2.699116] mount (270) used greatest stack depth: 26744 bytes left
[    2.824104] mount (287) used greatest stack depth: 26312 bytes left
[    2.967487] virtme-init: basic initialization done
[    2.976400] virtme-init: udevd not found
[    3.068554] virtme-init: Setting hostname to virtme-ng...
[    3.088130] ip (361) used greatest stack depth: 25192 bytes left
          _      _                                    
   __   _(_)_ __| |_ _ __ ___   ___       _ __   __ _ 
   \ \ / / |  __| __|  _   _ \ / _ \_____|  _ \ / _  |
    \ V /| | |  | |_| | | | | |  __/_____| | | | (_| |
     \_/ |_|_|   \__|_| |_| |_|\___|     |_| |_|\__  |
                                                |___/ 
   kernel version: 6.8.0-rc5-virtme x86_64

virtme-ng:/nipa-data/kernel# PS1='xx__-> '
xx__-> env
PWD=/nipa-data/kernel
HOME=/
TERM=xterm
SHLVL=2
XDG_RUNTIME_DIR=/run/user/0
PATH=/bin:/sbin:/usr/bin:/usr/sbin:/usr/local/bin
OLDPWD=/
_=/usr/bin/env
xx__-> 