No EFI environment detected.
early console in extract_kernel
input_data: 0x0000000004cb82c4
input_len: 0x00000000018d4e73
output: 0x0000000001000000
output_len: 0x0000000005517c08
kernel_total_size: 0x0000000005030000
needed_size: 0x0000000005600000
trampoline_32bit: 0x0000000000000000
Physical KASLR using RDRAND RDTSC...
Virtual KASLR using RDRAND RDTSC...

Decompressing Linux... Parsing ELF... Performing relocations... done.
Booting the kernel (entry_offset: 0x0000000000000000).
[    0.000000] Linux version 6.12.0-rc4-virtme (root@94be96c43ebe) (gcc (Ubuntu 13.2.0-23ubuntu4) 13.2.0, GNU ld (GNU Binutils for Ubuntu) 2.42) #1 SMP PREEMPT_DYNAMIC Fri Oct 25 21:26:45 UTC 2024
[    0.000000] Command line: virtme_hostname=virtme-ng nr_open=1048576 virtme_link_mods=/nipa-data/kernel/.virtme_mods/lib/modules/0.0.0 virtme_initmount0=nipa-data/kernel virtme_rw_overlay0=/etc virtme_rw_overlay1=/lib virtme_rw_overlay2=/home virtme_rw_overlay3=/opt virtme_rw_overlay4=/srv virtme_rw_overlay5=/usr virtme_rw_overlay6=/var console=hvc0 earlyprintk=serial,ttyS0,115200 virtme_console=ttyS0 psmouse.proto=exps TERM=xterm virtme_chdir=nipa-data/kernel virtme_root_user=1 rootfstype=9p rootflags=version=9p2000.L,trans=virtio,access=any raid=noautodetect ro init=/usr/lib/python3/dist-packages/virtme/guest/virtme-init
[    0.000000] BIOS-provided physical RAM map:
[    0.000000] BIOS-e820: [mem 0x0000000000000000-0x000000000009fbff] usable
[    0.000000] BIOS-e820: [mem 0x000000000009fc00-0x000000000009ffff] reserved
[    0.000000] BIOS-e820: [mem 0x00000000000f0000-0x00000000000fffff] reserved
[    0.000000] BIOS-e820: [mem 0x0000000000100000-0x000000003ffdffff] usable
[    0.000000] BIOS-e820: [mem 0x000000003ffe0000-0x000000003fffffff] reserved
[    0.000000] BIOS-e820: [mem 0x00000000feffc000-0x00000000feffffff] reserved
[    0.000000] BIOS-e820: [mem 0x00000000fffc0000-0x00000000ffffffff] reserved
[    0.000000] BIOS-e820: [mem 0x000000fd00000000-0x000000ffffffffff] reserved
[    0.000000] printk: legacy bootconsole [earlyser0] enabled
[    0.000000] NX (Execute Disable) protection: active
[    0.000000] APIC: Static calls initialized
[    0.000000] SMBIOS 3.0.0 present.
[    0.000000] DMI: QEMU Ubuntu 24.04 PC (i440FX + PIIX, 1996), BIOS 1.16.3-debian-1.16.3-2 04/01/2014
[    0.000000] DMI: Memory slots populated: 1/1
[    0.000000] Hypervisor detected: KVM
[    0.000000] kvm-clock: Using msrs 4b564d01 and 4b564d00
[    0.000000] kvm-clock: using sched offset of 293290033 cycles
[    0.000342] clocksource: kvm-clock: mask: 0xffffffffffffffff max_cycles: 0x1cd42e4dffb, max_idle_ns: 881590591483 ns
[    0.001402] tsc: Detected 4491.560 MHz processor
[    0.002029] last_pfn = 0x3ffe0 max_arch_pfn = 0x400000000
[    0.002403] MTRR map: 4 entries (3 fixed + 1 variable; max 19), built from 8 variable MTRRs
[    0.002949] x86/PAT: Configuration [0-7]: WB  WC  UC- UC  WB  WP  UC- WT  
[    0.004812] found SMP MP-table at [mem 0x000f5470-0x000f547f]
[    0.005191] Using GB pages for direct mapping
[    0.006042] ACPI: Early table checksum verification disabled
[    0.006415] ACPI: RSDP 0x00000000000F5290 000014 (v00 BOCHS )
[    0.006790] ACPI: RSDT 0x000000003FFE27BC 000034 (v01 BOCHS  BXPC     00000001 BXPC 00000001)
[    0.007353] ACPI: FACP 0x000000003FFE2578 000074 (v01 BOCHS  BXPC     00000001 BXPC 00000001)
[    0.007913] ACPI: DSDT 0x000000003FFE0040 002538 (v01 BOCHS  BXPC     00000001 BXPC 00000001)
[    0.008475] ACPI: FACS 0x000000003FFE0000 000040
[    0.008777] ACPI: APIC 0x000000003FFE25EC 000170 (v03 BOCHS  BXPC     00000001 BXPC 00000001)
[    0.009332] ACPI: HPET 0x000000003FFE275C 000038 (v01 BOCHS  BXPC     00000001 BXPC 00000001)
[    0.009890] ACPI: WAET 0x000000003FFE2794 000028 (v01 BOCHS  BXPC     00000001 BXPC 00000001)
[    0.010444] ACPI: Reserving FACP table memory at [mem 0x3ffe2578-0x3ffe25eb]
[    0.010901] ACPI: Reserving DSDT table memory at [mem 0x3ffe0040-0x3ffe2577]
[    0.011358] ACPI: Reserving FACS table memory at [mem 0x3ffe0000-0x3ffe003f]
[    0.011815] ACPI: Reserving APIC table memory at [mem 0x3ffe25ec-0x3ffe275b]
[    0.012272] ACPI: Reserving HPET table memory at [mem 0x3ffe275c-0x3ffe2793]
[    0.012728] ACPI: Reserving WAET table memory at [mem 0x3ffe2794-0x3ffe27bb]
[    0.013368] No NUMA configuration found
[    0.013618] Faking a node at [mem 0x0000000000000000-0x000000003ffdffff]
[    0.014059] NODE_DATA(0) allocated [mem 0x3ffdb780-0x3ffdffff]
[    0.014453] Zone ranges:
[    0.014618]   DMA      [mem 0x0000000000001000-0x0000000000ffffff]
[    0.015020]   DMA32    [mem 0x0000000001000000-0x000000003ffdffff]
[    0.015423]   Normal   empty
[    0.015611]   Device   empty
[    0.015798] Movable zone start for each node
[    0.016076] Early memory node ranges
[    0.016308]   node   0: [mem 0x0000000000001000-0x000000000009efff]
[    0.016716]   node   0: [mem 0x0000000000100000-0x000000003ffdffff]
[    0.017123] Initmem setup node 0 [mem 0x0000000000001000-0x000000003ffdffff]
[    0.017585] On node 0, zone DMA: 1 pages in unavailable ranges
[    0.018020] On node 0, zone DMA: 97 pages in unavailable ranges
[    0.022561] On node 0, zone DMA32: 32 pages in unavailable ranges
[    0.031427] kasan: KernelAddressSanitizer initialized
[    0.031968] ACPI: PM-Timer IO Port: 0x608
[    0.032241] ACPI: LAPIC_NMI (acpi_id[0xff] dfl dfl lint[0x1])
[    0.032636] IOAPIC[0]: apic_id 0, version 17, address 0xfec00000, GSI 0-23
[    0.033087] ACPI: INT_SRC_OVR (bus 0 bus_irq 0 global_irq 2 dfl dfl)
[    0.033502] ACPI: INT_SRC_OVR (bus 0 bus_irq 5 global_irq 5 high level)
[    0.033940] ACPI: INT_SRC_OVR (bus 0 bus_irq 9 global_irq 9 high level)
[    0.034371] ACPI: INT_SRC_OVR (bus 0 bus_irq 10 global_irq 10 high level)
[    0.034814] ACPI: INT_SRC_OVR (bus 0 bus_irq 11 global_irq 11 high level)
[    0.035258] ACPI: Using ACPI (MADT) for SMP configuration information
[    0.035677] ACPI: HPET id: 0x8086a201 base: 0xfed00000
[    0.036014] TSC deadline timer available
[    0.036272] CPU topo: Max. logical packages:   1
[    0.036573] CPU topo: Max. logical dies:       1
[    0.036874] CPU topo: Max. dies per package:   1
[    0.037176] CPU topo: Max. threads per core:   1
[    0.037477] CPU topo: Num. cores per package:    32
[    0.037797] CPU topo: Num. threads per package:  32
[    0.038115] CPU topo: Allowing 32 present CPUs plus 0 hotplug CPUs
[    0.038532] kvm-guest: APIC: eoi() replaced with kvm_guest_apic_eoi_write()
[    0.038998] kvm-guest: KVM setup pv remote TLB flush
[    0.039326] kvm-guest: setup PV sched yield
[    0.039604] PM: hibernation: Registered nosave memory: [mem 0x00000000-0x00000fff]
[    0.040095] PM: hibernation: Registered nosave memory: [mem 0x0009f000-0x0009ffff]
[    0.040586] PM: hibernation: Registered nosave memory: [mem 0x000a0000-0x000effff]
[    0.041077] PM: hibernation: Registered nosave memory: [mem 0x000f0000-0x000fffff]
[    0.041568] [mem 0x40000000-0xfeffbfff] available for PCI devices
[    0.041979] Booting paravirtualized kernel on KVM
[    0.042285] clocksource: refined-jiffies: mask: 0xffffffff max_cycles: 0xffffffff, max_idle_ns: 1910969940391419 ns
[    0.050745] setup_percpu: NR_CPUS:64 nr_cpumask_bits:32 nr_cpu_ids:32 nr_node_ids:1
[    0.052449] percpu: Embedded 70 pages/cpu s248792 r8192 d29736 u524288
[    0.052939] Kernel command line: virtme_hostname=virtme-ng nr_open=1048576 virtme_link_mods=/nipa-data/kernel/.virtme_mods/lib/modules/0.0.0 virtme_initmount0=nipa-data/kernel virtme_rw_overlay0=/etc virtme_rw_overlay1=/lib virtme_rw_overlay2=/home virtme_rw_overlay3=/opt virtme_rw_overlay4=/srv virtme_rw_overlay5=/usr virtme_rw_overlay6=/var console=hvc0 earlyprintk=serial,ttyS0,115200 virtme_console=ttyS0 psmouse.proto=exps TERM=xterm virtme_chdir=nipa-data/kernel virtme_root_user=1 rootfstype=9p rootflags=version=9p2000.L,trans=virtio,access=any raid=noautodetect ro init=/usr/lib/python3/dist-packages/virtme/guest/virtme-init
[    0.056788] Unknown kernel command line parameters "virtme_hostname=virtme-ng nr_open=1048576 virtme_link_mods=/nipa-data/kernel/.virtme_mods/lib/modules/0.0.0 virtme_initmount0=nipa-data/kernel virtme_rw_overlay0=/etc virtme_rw_overlay1=/lib virtme_rw_overlay2=/home virtme_rw_overlay3=/opt virtme_rw_overlay4=/srv virtme_rw_overlay5=/usr virtme_rw_overlay6=/var virtme_console=ttyS0 virtme_chdir=nipa-data/kernel virtme_root_user=1", will be passed to user space.
[    0.059743] random: crng init done
[    0.059990] Dentry cache hash table entries: 131072 (order: 8, 1048576 bytes, linear)
[    0.060527] Inode-cache hash table entries: 65536 (order: 7, 524288 bytes, linear)
[    0.061445] Fallback order for Node 0: 0 
[    0.061449] Built 1 zonelists, mobility grouping on.  Total pages: 262014
[    0.062174] Policy zone: DMA32
[    0.062383] mem auto-init: stack:all(zero), heap alloc:off, heap free:off
[    0.062838] stackdepot: allocating hash table via alloc_large_system_hash
[    0.063298] stackdepot hash table entries: 1048576 (order: 12, 16777216 bytes, linear)
[    0.071215] SLUB: HWalign=64, Order=0-3, MinObjects=0, CPUs=32, Nodes=1
Poking KASLR using RDRAND RDTSC...
[    0.071943] ftrace: allocating 48618 entries in 190 pages
[    0.080189] ftrace: allocated 190 pages with 6 groups
[    0.081331] Dynamic Preempt: voluntary
[    0.082010] rcu: Preemptible hierarchical RCU implementation.
[    0.082391] rcu: RCU event tracing is enabled.
[    0.082690] rcu: RCU restricting CPUs from NR_CPUS=64 to nr_cpu_ids=32.
[    0.083133] Trampoline variant of Tasks RCU enabled.
[    0.083472] Rude variant of Tasks RCU enabled.
[    0.083772] Tracing variant of Tasks RCU enabled.
[    0.084090] rcu: RCU calculated value of scheduler-enlistment delay is 100 jiffies.
[    0.084597] rcu: Adjusting geometry for rcu_fanout_leaf=16, nr_cpu_ids=32
[    0.085110] RCU Tasks: Setting shift to 5 and lim to 1 rcu_task_cb_adjust=1 rcu_task_cpu_ids=32.
[    0.085697] RCU Tasks Rude: Setting shift to 5 and lim to 1 rcu_task_cb_adjust=1 rcu_task_cpu_ids=32.
[    0.086312] RCU Tasks Trace: Setting shift to 5 and lim to 1 rcu_task_cb_adjust=1 rcu_task_cpu_ids=32.
[    0.094891] NR_IRQS: 4352, nr_irqs: 680, preallocated irqs: 16
[    0.095523] rcu: srcu_init: Setting srcu_struct sizes based on contention.
[    0.096187] Console: colour *CGA 80x25
[    0.096470] ACPI: Core revision 20240827
[    0.096878] clocksource: hpet: mask: 0xffffffff max_cycles: 0xffffffff, max_idle_ns: 19112604467 ns
[    0.097555] APIC: Switch to symmetric I/O mode setup
[    0.097914] kvm-guest: APIC: send_IPI_mask() replaced with kvm_send_ipi_mask()
[    0.098402] kvm-guest: APIC: send_IPI_mask_allbutself() replaced with kvm_send_ipi_mask_allbutself()
[    0.099001] kvm-guest: setup PV IPIs
[    0.100049] ..TIMER: vector=0x30 apic1=0 pin1=2 apic2=-1 pin2=-1
[    0.100796] clocksource: tsc-early: mask: 0xffffffffffffffff max_cycles: 0x40be4320a4d, max_idle_ns: 440795288133 ns
[    0.102125] Calibrating delay loop (skipped) preset value.. 8983.12 BogoMIPS (lpj=4491560)
[    0.103185] x86/cpu: User Mode Instruction Prevention (UMIP) activated
[    0.104180] Last level iTLB entries: 4KB 512, 2MB 255, 4MB 127
[    0.105123] Last level dTLB entries: 4KB 512, 2MB 255, 4MB 127, 1GB 0
[    0.105895] Spectre V1 : Mitigation: usercopy/swapgs barriers and __user pointer sanitization
[    0.106128] Spectre V2 : Mitigation: Enhanced / Automatic IBRS
[    0.106822] Spectre V2 : Spectre v2 / SpectreRSB mitigation: Filling RSB on context switch
[    0.107125] Spectre V2 : mitigation: Enabling conditional Indirect Branch Prediction Barrier
[    0.108125] Speculative Store Bypass: Mitigation: Speculative Store Bypass disabled via prctl
[    0.109124] Speculative Return Stack Overflow: IBPB-extending microcode not applied!
[    0.110123] Speculative Return Stack Overflow: WARNING: See https://kernel.org/doc/html/latest/admin-guide/hw-vuln/srso.html for mitigation options.
[    0.110124] Speculative Return Stack Overflow: Vulnerable: Safe RET, no microcode
[    0.112138] x86/fpu: Supporting XSAVE feature 0x001: 'x87 floating point registers'
[    0.113123] x86/fpu: Supporting XSAVE feature 0x002: 'SSE registers'
[    0.113866] x86/fpu: Supporting XSAVE feature 0x004: 'AVX registers'
[    0.114123] x86/fpu: Supporting XSAVE feature 0x020: 'AVX-512 opmask'
[    0.115123] x86/fpu: Supporting XSAVE feature 0x040: 'AVX-512 Hi256'
[    0.116123] x86/fpu: Supporting XSAVE feature 0x080: 'AVX-512 ZMM_Hi256'
[    0.116906] x86/fpu: Supporting XSAVE feature 0x200: 'Protection Keys User registers'
[    0.117123] x86/fpu: xstate_offset[2]:  576, xstate_sizes[2]:  256
[    0.118123] x86/fpu: xstate_offset[5]:  832, xstate_sizes[5]:   64
[    0.119123] x86/fpu: xstate_offset[6]:  896, xstate_sizes[6]:  512
[    0.120123] x86/fpu: xstate_offset[7]: 1408, xstate_sizes[7]: 1024
[    0.120848] x86/fpu: xstate_offset[9]: 2432, xstate_sizes[9]:    8
[    0.121123] x86/fpu: Enabled xstate features 0x2e7, context size is 2440 bytes, using 'compacted' format.
[    0.142584] Freeing SMP alternatives memory: 40K
[    0.143124] pid_max: default: 32768 minimum: 301
[    0.143775] Mount-cache hash table entries: 2048 (order: 2, 16384 bytes, linear)
[    0.144125] Mountpoint-cache hash table entries: 2048 (order: 2, 16384 bytes, linear)
[    0.146203] smpboot: CPU0: AMD Ryzen 9 7950X 16-Core Processor (family: 0x19, model: 0x61, stepping: 0x2)
[    0.147571] Performance Events: Fam17h+ core perfctr, AMD PMU driver.
[    0.148128] ... version:                0
[    0.148597] ... bit width:              48
[    0.149076] ... generic registers:      6
[    0.149125] ... value mask:             0000ffffffffffff
[    0.149746] ... max period:             00007fffffffffff
[    0.150125] ... fixed-purpose events:   0
[    0.150594] ... event mask:             000000000000003f
[    0.151233] signal: max sigframe size: 3376
[    0.151767] rcu: Hierarchical SRCU implementation.
[    0.152126] rcu: Max phase no-delay instances is 400.
[    0.152800] Timer migration: 2 hierarchy levels; 8 children per group; 2 crossnode level
[    0.156742] smp: Bringing up secondary CPUs ...
[    0.157407] smpboot: x86: Booting SMP configuration:
[    0.157990] .... node  #0, CPUs:        #1  #2  #3  #4  #5  #6  #7  #8  #9 #10 #11 #12 #13 #14 #15 #16 #17 #18 #19 #20 #21 #22 #23 #24 #25 #26 #27 #28 #29 #30 #31
[    0.183225] smp: Brought up 1 node, 32 CPUs
[    0.184633] smpboot: Total of 32 processors activated (287459.84 BogoMIPS)
[    0.188243] Memory: 763392K/1048056K available (45056K kernel code, 11399K rwdata, 10016K rodata, 6008K init, 1768K bss, 269036K reserved, 0K cma-reserved)
[    0.189239] devtmpfs: initialized
[    0.189697] x86/mm: Memory block size: 128MB
[    0.195838] clocksource: jiffies: mask: 0xffffffff max_cycles: 0xffffffff, max_idle_ns: 1911260446275000 ns
[    0.196130] futex hash table entries: 8192 (order: 7, 524288 bytes, linear)
[    0.197257] PM: RTC time: 21:27:09, date: 2024-10-25
[    0.198485] NET: Registered PF_NETLINK/PF_ROUTE protocol family
[    0.199944] thermal_sys: Registered thermal governor 'step_wise'
[    0.199947] thermal_sys: Registered thermal governor 'user_space'
[    0.200151] cpuidle: using governor menu
[    0.202399] PCI: Using configuration type 1 for base access
[    0.203066] PCI: Using configuration type 1 for extended access
[    0.203248] kprobes: kprobe jump-optimization is enabled. All kprobes are optimized if possible.
[    0.218307] HugeTLB: registered 1.00 GiB page size, pre-allocated 0 pages
[    0.219126] HugeTLB: 16380 KiB vmemmap can be freed for a 1.00 GiB page
[    0.219949] HugeTLB: registered 2.00 MiB page size, pre-allocated 0 pages
[    0.221125] HugeTLB: 28 KiB vmemmap can be freed for a 2.00 MiB page
[    0.222458] ACPI: Added _OSI(Module Device)
[    0.223126] ACPI: Added _OSI(Processor Device)
[    0.223683] ACPI: Added _OSI(3.0 _SCP Extensions)
[    0.224125] ACPI: Added _OSI(Processor Aggregator Device)
[    0.247435] ACPI: 1 ACPI AML tables successfully acquired and loaded
[    0.251968] ACPI: Interpreter enabled
[    0.252184] ACPI: PM: (supports S0 S3 S4 S5)
[    0.252724] ACPI: Using IOAPIC for interrupt routing
[    0.254175] PCI: Using host bridge windows from ACPI; if necessary, use "pci=nocrs" and report a bug
[    0.255125] PCI: Using E820 reservations for host bridge windows
[    0.256907] ACPI: Enabled 2 GPEs in block 00 to 0F
[    0.302684] ACPI: PCI Root Bridge [PCI0] (domain 0000 [bus 00-ff])
[    0.304139] acpi PNP0A03:00: _OSC: OS supports [ExtendedConfig ASPM ClockPM Segments MSI HPX-Type3]
[    0.305606] PCI host bridge to bus 0000:00
[    0.306177] pci_bus 0000:00: root bus resource [io  0x0000-0x0cf7 window]
[    0.307027] pci_bus 0000:00: root bus resource [io  0x0d00-0xffff window]
[    0.308128] pci_bus 0000:00: root bus resource [mem 0x000a0000-0x000bffff window]
[    0.309067] pci_bus 0000:00: root bus resource [mem 0x40000000-0xfebfffff window]
[    0.309128] pci_bus 0000:00: root bus resource [mem 0x100000000-0x17fffffff window]
[    0.310093] pci_bus 0000:00: root bus resource [bus 00-ff]
[    0.311222] pci 0000:00:00.0: [8086:1237] type 00 class 0x060000 conventional PCI endpoint
[    0.312956] pci 0000:00:01.0: [8086:7000] type 00 class 0x060100 conventional PCI endpoint
[    0.315002] pci 0000:00:01.1: [8086:7010] type 00 class 0x010180 conventional PCI endpoint
[    0.317782] pci 0000:00:01.1: BAR 4 [io  0xc0c0-0xc0cf]
[    0.318792] pci 0000:00:01.1: BAR 0 [io  0x01f0-0x01f7]: legacy IDE quirk
[    0.320126] pci 0000:00:01.1: BAR 1 [io  0x03f6]: legacy IDE quirk
[    0.320894] pci 0000:00:01.1: BAR 2 [io  0x0170-0x0177]: legacy IDE quirk
[    0.321125] pci 0000:00:01.1: BAR 3 [io  0x0376]: legacy IDE quirk
[    0.322563] pci 0000:00:01.3: [8086:7113] type 00 class 0x068000 conventional PCI endpoint
[    0.324387] pci 0000:00:01.3: quirk: [io  0x0600-0x063f] claimed by PIIX4 ACPI
[    0.325129] pci 0000:00:01.3: quirk: [io  0x0700-0x070f] claimed by PIIX4 SMB
[    0.326727] pci 0000:00:02.0: [1af4:1009] type 00 class 0x000200 conventional PCI endpoint
[    0.328492] pci 0000:00:02.0: BAR 0 [io  0xc000-0xc03f]
[    0.329455] pci 0000:00:02.0: BAR 1 [mem 0xfebfc000-0xfebfcfff]
[    0.332126] pci 0000:00:02.0: BAR 4 [mem 0xfebf0000-0xfebf3fff 64bit pref]
[    0.345558] pci 0000:00:03.0: [1af4:1009] type 00 class 0x000200 conventional PCI endpoint
[    0.346454] pci 0000:00:03.0: BAR 0 [io  0xc040-0xc07f]
[    0.347257] pci 0000:00:03.0: BAR 1 [mem 0xfebfd000-0xfebfdfff]
[    0.348760] pci 0000:00:03.0: BAR 4 [mem 0xfebf4000-0xfebf7fff 64bit pref]
[    0.361321] pci 0000:00:04.0: [8086:25ab] type 00 class 0x088000 conventional PCI endpoint
[    0.362269] pci 0000:00:04.0: BAR 0 [mem 0xfebfe000-0xfebfe00f]
[    0.374310] pci 0000:00:05.0: [1af4:1003] type 00 class 0x078000 conventional PCI endpoint
[    0.375414] pci 0000:00:05.0: BAR 0 [io  0xc080-0xc0bf]
[    0.376236] pci 0000:00:05.0: BAR 1 [mem 0xfebff000-0xfebfffff]
[    0.377693] pci 0000:00:05.0: BAR 4 [mem 0xfebf8000-0xfebfbfff 64bit pref]
[    0.392514] ACPI: PCI: Interrupt link LNKA configured for IRQ 10
[    0.394032] ACPI: PCI: Interrupt link LNKB configured for IRQ 10
[    0.396010] ACPI: PCI: Interrupt link LNKC configured for IRQ 11
[    0.397006] ACPI: PCI: Interrupt link LNKD configured for IRQ 11
[    0.398496] ACPI: PCI: Interrupt link LNKS configured for IRQ 9
[    0.416624] iommu: Default domain type: Translated
[    0.417126] iommu: DMA domain TLB invalidation policy: lazy mode
[    0.418324] SCSI subsystem initialized
[    0.419338] pps_core: LinuxPPS API ver. 1 registered
[    0.420126] pps_core: Software ver. 5.3.6 - Copyright 2005-2007 Rodolfo Giometti <giometti@linux.it>
[    0.421139] PTP clock support registered
[    0.422250] Advanced Linux Sound Architecture Driver Initialized.
[    0.424171] NET: Registered PF_ATMPVC protocol family
[    0.424806] NET: Registered PF_ATMSVC protocol family
[    0.425161] PCI: Using ACPI for IRQ routing
[    0.426159] vgaarb: loaded
[    0.426241] hpet0: at MMIO 0xfed00000, IRQs 2, 8, 0
[    0.426853] hpet0: 3 comparators, 64-bit 100.000000 MHz counter
[    0.433324] clocksource: Switched to clocksource kvm-clock
[    0.434356] VFS: Disk quotas dquot_6.6.0
[    0.434858] VFS: Dquot-cache hash table entries: 512 (order 0, 4096 bytes)
[    0.436389] pnp: PnP ACPI init
[    0.439068] pnp: PnP ACPI: found 5 devices
[    0.450774] clocksource: acpi_pm: mask: 0xffffff max_cycles: 0xffffff, max_idle_ns: 2085701024 ns
[    0.451942] NET: Registered PF_INET protocol family
[    0.452600] IP idents hash table entries: 16384 (order: 5, 131072 bytes, linear)
[    0.453918] tcp_listen_portaddr_hash hash table entries: 512 (order: 1, 8192 bytes, linear)
[    0.454971] Table-perturb hash table entries: 65536 (order: 6, 262144 bytes, linear)
[    0.455954] TCP established hash table entries: 8192 (order: 4, 65536 bytes, linear)
[    0.456928] TCP bind hash table entries: 8192 (order: 6, 262144 bytes, linear)
[    0.457932] TCP: Hash tables configured (established 8192 bind 8192)
[    0.458877] UDP hash table entries: 512 (order: 2, 16384 bytes, linear)
[    0.459738] UDP-Lite hash table entries: 512 (order: 2, 16384 bytes, linear)
[    0.460831] NET: Registered PF_UNIX/PF_LOCAL protocol family
[    0.461556] pci_bus 0000:00: resource 4 [io  0x0000-0x0cf7 window]
[    0.462332] pci_bus 0000:00: resource 5 [io  0x0d00-0xffff window]
[    0.463098] pci_bus 0000:00: resource 6 [mem 0x000a0000-0x000bffff window]
[    0.463954] pci_bus 0000:00: resource 7 [mem 0x40000000-0xfebfffff window]
[    0.464811] pci_bus 0000:00: resource 8 [mem 0x100000000-0x17fffffff window]
[    0.465880] pci 0000:00:01.0: PIIX3: Enabling Passive Release
[    0.466603] pci 0000:00:00.0: Limiting direct PCI/PCI transfers
[    0.467381] PCI: CLS 0 bytes, default 64
[    0.467935] kvm_intel: VMX not supported by CPU 25
[    0.468687] kvm_amd: TSC scaling supported
[    0.469208] kvm_amd: Nested Virtualization enabled
[    0.469805] kvm_amd: Nested Paging enabled
[    0.470336] kvm_amd: LBR virtualization supported
[    0.470930] kvm_amd: Virtual VMLOAD VMSAVE supported
[    0.471552] kvm_amd: Virtual GIF supported
[    0.472056] kvm_amd: Virtual NMI enabled
[    0.503216] clocksource: tsc: mask: 0xffffffffffffffff max_cycles: 0x40be4320a4d, max_idle_ns: 440795288133 ns
[    0.522740] Initialise system trusted keyrings
[    0.523698] workingset: timestamp_bits=56 max_order=18 bucket_order=0
[    0.524620] squashfs: version 4.0 (2009/01/31) Phillip Lougher
[    0.525373] fuse: init (API version 7.41)
[    0.526006] 9p: Installing v9fs 9p2000 file system support
[    0.535812] Key type asymmetric registered
[    0.536335] Asymmetric key parser 'x509' registered
[    0.537003] Block layer SCSI generic (bsg) driver version 0.4 loaded (major 249)
[    0.537977] io scheduler mq-deadline registered
[    0.538548] io scheduler kyber registered
[    0.541242] input: Power Button as /devices/LNXSYSTM:00/LNXPWRBN:00/input/input0
[    0.542402] ACPI: button: Power Button [PWRF]
[    0.544298] Warning: Processor Platform Limit event detected, but not handled.
[    0.545170] Consider compiling CPUfreq support into your kernel.
[    1.352145] ACPI: \_SB_.LNKB: Enabled at IRQ 10
[    2.154036] ACPI: \_SB_.LNKC: Enabled at IRQ 11
[    2.955211] ACPI: \_SB_.LNKA: Enabled at IRQ 10
[    2.956535] Serial: 8250/16550 driver, 4 ports, IRQ sharing enabled
[    2.957642] 00:03: ttyS0 at I/O 0x3f8 (irq = 4, base_baud = 115200) is a 16550A
[    2.980577] Non-volatile memory driver v1.3
[    2.981113] Linux agpgart interface v0.103
[    2.981861] ACPI: bus type drm_connector registered
[    2.982493] printk: legacy console [hvc0] enabled
[    2.983087] printk: legacy bootconsole [earlyser0] disabled
          _      _                                    
   __   _(_)_ __| |_ _ __ ___   ___       _ __   __ _ 
   \ \ / / |  __| __|  _   _ \ / _ \_____|  _ \ / _  |
    \ V /| | |  | |_| | | | | |  __/_____| | | | (_| |
     \_/ |_|_|   \__|_| |_| |_|\___|     |_| |_|\__  |
                                                |___/ 
   kernel version: 6.12.0-rc4-virtme x86_64
   (CTRL+d to exit)

root@virtme-ng:/nipa-data/kernel# PS1='xx__-> '
xx__-> env
PWD=/nipa-data/kernel
nr_open=1048576
HOME=/
TERM=xterm
SHLVL=2
XDG_RUNTIME_DIR=/run/user/0
PATH=/bin:/sbin:/usr/bin:/usr/sbin:/usr/local/bin
OLDPWD=/
_=/bin/env
xx__-> 