No EFI environment detected.
early console in extract_kernel
input_data: 0x000000000513f2b9
input_len: 0x00000000018a4795
output: 0x0000000001000000
output_len: 0x00000000053fa26c
kernel_total_size: 0x0000000005a30000
needed_size: 0x0000000005c00000
trampoline_32bit: 0x0000000000000000
Physical KASLR using RDRAND RDTSC...
Virtual KASLR using RDRAND RDTSC...

Decompressing Linux... Parsing ELF... Performing relocations... done.
Booting the kernel (entry_offset: 0x0000000000000000).
[    0.000000] Linux version 6.8.0-rc3-virtme (root@0cfa4063e72a) (gcc (Alpine 13.2.1_git20231014) 13.2.1 20231014, GNU ld (GNU Binutils) 2.41) #1 SMP PREEMPT_DYNAMIC Wed Feb 14 18:26:49 UTC 2024
[    0.000000] Command line: virtme_hostname=virtme-ng virtme_link_mods=/nipa-data/kernel/.virtme_mods/lib/modules/0.0.0 virtme_initmount0=nipa-data/kernel virtme_rw_overlay0=/etc virtme_rw_overlay1=/lib virtme_rw_overlay2=/home virtme_rw_overlay3=/opt virtme_rw_overlay4=/srv virtme_rw_overlay5=/usr virtme_rw_overlay6=/var earlyprintk=serial,ttyS0,115200 console=ttyS0 psmouse.proto=exps TERM=xterm virtme_chdir=nipa-data/kernel virtme_root_user=1 rootfstype=9p rootflags=version=9p2000.L,trans=virtio,access=any raid=noautodetect ro init=/usr/lib/python3.11/site-packages/virtme/guest/virtme-init
[    0.000000] BIOS-provided physical RAM map:
[    0.000000] BIOS-e820: [mem 0x0000000000000000-0x000000000009fbff] usable
[    0.000000] BIOS-e820: [mem 0x000000000009fc00-0x000000000009ffff] reserved
[    0.000000] BIOS-e820: [mem 0x00000000000f0000-0x00000000000fffff] reserved
[    0.000000] BIOS-e820: [mem 0x0000000000100000-0x000000003ffdffff] usable
[    0.000000] BIOS-e820: [mem 0x000000003ffe0000-0x000000003fffffff] reserved
[    0.000000] BIOS-e820: [mem 0x00000000feffc000-0x00000000feffffff] reserved
[    0.000000] BIOS-e820: [mem 0x00000000fffc0000-0x00000000ffffffff] reserved
[    0.000000] BIOS-e820: [mem 0x000000fd00000000-0x000000ffffffffff] reserved
[    0.000000] printk: legacy bootconsole [earlyser0] enabled
[    0.000000] NX (Execute Disable) protection: active
[    0.000000] APIC: Static calls initialized
[    0.000000] SMBIOS 3.0.0 present.
[    0.000000] DMI: QEMU Standard PC (i440FX + PIIX, 1996), BIOS rel-1.16.3-0-ga6ed6b701f0a-prebuilt.qemu.org 04/01/2014
[    0.000000] Hypervisor detected: KVM
[    0.000000] kvm-clock: Using msrs 4b564d01 and 4b564d00
[    0.000001] kvm-clock: using sched offset of 345617166 cycles
[    0.000394] clocksource: kvm-clock: mask: 0xffffffffffffffff max_cycles: 0x1cd42e4dffb, max_idle_ns: 881590591483 ns
[    0.001613] tsc: Detected 4491.536 MHz processor
[    0.002342] last_pfn = 0x3ffe0 max_arch_pfn = 0x400000000
[    0.002774] MTRR map: 4 entries (3 fixed + 1 variable; max 19), built from 8 variable MTRRs
[    0.003416] x86/PAT: Configuration [0-7]: WB  WC  UC- UC  WB  WP  UC- WT  
[    0.005458] found SMP MP-table at [mem 0x000f5470-0x000f547f]
[    0.005896] Using GB pages for direct mapping
[    0.006503] ACPI: Early table checksum verification disabled
[    0.006933] ACPI: RSDP 0x00000000000F5290 000014 (v00 BOCHS )
[    0.007371] ACPI: RSDT 0x000000003FFE27B6 000034 (v01 BOCHS  BXPC     00000001 BXPC 00000001)
[    0.008016] ACPI: FACP 0x000000003FFE2572 000074 (v01 BOCHS  BXPC     00000001 BXPC 00000001)
[    0.008662] ACPI: DSDT 0x000000003FFE0040 002532 (v01 BOCHS  BXPC     00000001 BXPC 00000001)
[    0.009305] ACPI: FACS 0x000000003FFE0000 000040
[    0.009655] ACPI: APIC 0x000000003FFE25E6 000170 (v03 BOCHS  BXPC     00000001 BXPC 00000001)
[    0.010298] ACPI: HPET 0x000000003FFE2756 000038 (v01 BOCHS  BXPC     00000001 BXPC 00000001)
[    0.010941] ACPI: WAET 0x000000003FFE278E 000028 (v01 BOCHS  BXPC     00000001 BXPC 00000001)
[    0.011587] ACPI: Reserving FACP table memory at [mem 0x3ffe2572-0x3ffe25e5]
[    0.012116] ACPI: Reserving DSDT table memory at [mem 0x3ffe0040-0x3ffe2571]
[    0.012645] ACPI: Reserving FACS table memory at [mem 0x3ffe0000-0x3ffe003f]
[    0.013175] ACPI: Reserving APIC table memory at [mem 0x3ffe25e6-0x3ffe2755]
[    0.013704] ACPI: Reserving HPET table memory at [mem 0x3ffe2756-0x3ffe278d]
[    0.014233] ACPI: Reserving WAET table memory at [mem 0x3ffe278e-0x3ffe27b5]
[    0.014974] No NUMA configuration found
[    0.015264] Faking a node at [mem 0x0000000000000000-0x000000003ffdffff]
[    0.015765] NODE_DATA(0) allocated [mem 0x3ffdb000-0x3ffdffff]
[    0.016227] Zone ranges:
[    0.016419]   DMA      [mem 0x0000000000001000-0x0000000000ffffff]
[    0.016886]   DMA32    [mem 0x0000000001000000-0x000000003ffdffff]
[    0.017352]   Normal   empty
[    0.017570]   Device   empty
[    0.017788] Movable zone start for each node
[    0.018109] Early memory node ranges
[    0.018378]   node   0: [mem 0x0000000000001000-0x000000000009efff]
[    0.018850]   node   0: [mem 0x0000000000100000-0x000000003ffdffff]
[    0.019325] Initmem setup node 0 [mem 0x0000000000001000-0x000000003ffdffff]
[    0.019861] On node 0, zone DMA: 1 pages in unavailable ranges
[    0.020367] On node 0, zone DMA: 97 pages in unavailable ranges
[    0.025094] On node 0, zone DMA32: 32 pages in unavailable ranges
[    0.034829] kasan: KernelAddressSanitizer initialized
[    0.035443] ACPI: PM-Timer IO Port: 0x608
[    0.035752] ACPI: LAPIC_NMI (acpi_id[0xff] dfl dfl lint[0x1])
[    0.036216] IOAPIC[0]: apic_id 0, version 17, address 0xfec00000, GSI 0-23
[    0.036736] ACPI: INT_SRC_OVR (bus 0 bus_irq 0 global_irq 2 dfl dfl)
[    0.037215] ACPI: INT_SRC_OVR (bus 0 bus_irq 5 global_irq 5 high level)
[    0.037711] ACPI: INT_SRC_OVR (bus 0 bus_irq 9 global_irq 9 high level)
[    0.038208] ACPI: INT_SRC_OVR (bus 0 bus_irq 10 global_irq 10 high level)
[    0.038717] ACPI: INT_SRC_OVR (bus 0 bus_irq 11 global_irq 11 high level)
[    0.039235] ACPI: Using ACPI (MADT) for SMP configuration information
[    0.039720] ACPI: HPET id: 0x8086a201 base: 0xfed00000
[    0.040108] TSC deadline timer available
[    0.040402] smpboot: Allowing 32 CPUs, 0 hotplug CPUs
[    0.040807] kvm-guest: APIC: eoi() replaced with kvm_guest_apic_eoi_write()
[    0.041344] kvm-guest: KVM setup pv remote TLB flush
[    0.041718] kvm-guest: setup PV sched yield
[    0.042043] PM: hibernation: Registered nosave memory: [mem 0x00000000-0x00000fff]
[    0.042612] PM: hibernation: Registered nosave memory: [mem 0x0009f000-0x0009ffff]
[    0.043180] PM: hibernation: Registered nosave memory: [mem 0x000a0000-0x000effff]
[    0.043752] PM: hibernation: Registered nosave memory: [mem 0x000f0000-0x000fffff]
[    0.044322] [mem 0x40000000-0xfeffbfff] available for PCI devices
[    0.044780] Booting paravirtualized kernel on KVM
[    0.045134] clocksource: refined-jiffies: mask: 0xffffffff max_cycles: 0xffffffff, max_idle_ns: 1910969940391419 ns
[    0.054076] setup_percpu: NR_CPUS:64 nr_cpumask_bits:32 nr_cpu_ids:32 nr_node_ids:1
[    0.055945] percpu: Embedded 70 pages/cpu s249696 r8192 d28832 u524288
[    0.056517] Kernel command line: virtme_hostname=virtme-ng virtme_link_mods=/nipa-data/kernel/.virtme_mods/lib/modules/0.0.0 virtme_initmount0=nipa-data/kernel virtme_rw_overlay0=/etc virtme_rw_overlay1=/lib virtme_rw_overlay2=/home virtme_rw_overlay3=/opt virtme_rw_overlay4=/srv virtme_rw_overlay5=/usr virtme_rw_overlay6=/var earlyprintk=serial,ttyS0,115200 console=ttyS0 psmouse.proto=exps TERM=xterm virtme_chdir=nipa-data/kernel virtme_root_user=1 rootfstype=9p rootflags=version=9p2000.L,trans=virtio,access=any raid=noautodetect ro init=/usr/lib/python3.11/site-packages/virtme/guest/virtme-init
[    0.060713] Unknown kernel command line parameters "virtme_hostname=virtme-ng virtme_link_mods=/nipa-data/kernel/.virtme_mods/lib/modules/0.0.0 virtme_initmount0=nipa-data/kernel virtme_rw_overlay0=/etc virtme_rw_overlay1=/lib virtme_rw_overlay2=/home virtme_rw_overlay3=/opt virtme_rw_overlay4=/srv virtme_rw_overlay5=/usr virtme_rw_overlay6=/var virtme_chdir=nipa-data/kernel virtme_root_user=1", will be passed to user space.
[    0.063829] random: crng init done
[    0.064203] Dentry cache hash table entries: 131072 (order: 8, 1048576 bytes, linear)
[    0.064830] Inode-cache hash table entries: 65536 (order: 7, 524288 bytes, linear)
[    0.065867] Fallback order for Node 0: 0 
[    0.065874] Built 1 zonelists, mobility grouping on.  Total pages: 257760
[    0.066709] Policy zone: DMA32
[    0.066947] mem auto-init: stack:all(zero), heap alloc:off, heap free:off
[    0.067477] stackdepot: allocating hash table via alloc_large_system_hash
[    0.068003] stackdepot hash table entries: 1048576 (order: 12, 16777216 bytes, linear)
[    0.082646] Memory: 767232K/1048056K available (43008K kernel code, 12322K rwdata, 10084K rodata, 5936K init, 13344K bss, 280568K reserved, 0K cma-reserved)
[    0.083980] SLUB: HWalign=64, Order=0-3, MinObjects=0, CPUs=32, Nodes=1
Poking KASLR using RDRAND RDTSC...
[    0.084820] ftrace: allocating 46738 entries in 183 pages
[    0.093788] ftrace: allocated 183 pages with 6 groups
[    0.095455] Dynamic Preempt: voluntary
[    0.096266] Running RCU self tests
[    0.096530] Running RCU synchronous self tests
[    0.096889] rcu: Preemptible hierarchical RCU implementation.
[    0.097333] rcu: RCU event tracing is enabled.
[    0.097683] rcu: RCU lockdep checking is enabled.
[    0.098053] rcu: RCU restricting CPUs from NR_CPUS=64 to nr_cpu_ids=32.
[    0.098571] Trampoline variant of Tasks RCU enabled.
[    0.098961] Rude variant of Tasks RCU enabled.
[    0.099315] Tracing variant of Tasks RCU enabled.
[    0.099684] rcu: RCU calculated value of scheduler-enlistment delay is 100 jiffies.
[    0.100274] rcu: Adjusting geometry for rcu_fanout_leaf=16, nr_cpu_ids=32
[    0.100908] Running RCU synchronous self tests
[    0.110314] NR_IRQS: 4352, nr_irqs: 680, preallocated irqs: 16
[    0.111079] rcu: srcu_init: Setting srcu_struct sizes based on contention.
[    0.111954] Console: colour *CGA 80x25
[    0.112280] printk: legacy console [ttyS0] enabled
[    0.112280] printk: legacy console [ttyS0] enabled
[    0.113019] printk: legacy bootconsole [earlyser0] disabled
[    0.113019] printk: legacy bootconsole [earlyser0] disabled
[    0.113885] Lock dependency validator: Copyright (c) 2006 Red Hat, Inc., Ingo Molnar
[    0.114483] ... MAX_LOCKDEP_SUBCLASSES:  8
[    0.114803] ... MAX_LOCK_DEPTH:          48
[    0.115130] ... MAX_LOCKDEP_KEYS:        8192
[    0.115473] ... CLASSHASH_SIZE:          4096
[    0.115813] ... MAX_LOCKDEP_ENTRIES:     32768
[    0.116163] ... MAX_LOCKDEP_CHAINS:      65536
[    0.116511] ... CHAINHASH_SIZE:          32768
[    0.116859]  memory used by lock dependency info: 6429 kB
[    0.117281]  memory used for stack traces: 4224 kB
[    0.117659]  per task-struct memory footprint: 1920 bytes
[    0.118129] ACPI: Core revision 20230628
[    0.118689] clocksource: hpet: mask: 0xffffffff max_cycles: 0xffffffff, max_idle_ns: 19112604467 ns
[    0.119549] APIC: Switch to symmetric I/O mode setup
[    0.119963] APIC: Switched APIC routing to: physical flat
[    0.120393] kvm-guest: APIC: send_IPI_mask() replaced with kvm_send_ipi_mask()
[    0.120955] kvm-guest: APIC: send_IPI_mask_allbutself() replaced with kvm_send_ipi_mask_allbutself()
[    0.121660] kvm-guest: setup PV IPIs
[    0.122942] ..TIMER: vector=0x30 apic1=0 pin1=2 apic2=-1 pin2=-1
[    0.123787] tsc: Marking TSC unstable due to TSCs unsynchronized
[    0.124625] Calibrating delay loop (skipped) preset value.. 8983.07 BogoMIPS (lpj=4491536)
[    0.125681] x86/cpu: User Mode Instruction Prevention (UMIP) activated
[    0.126688] Last level iTLB entries: 4KB 512, 2MB 255, 4MB 127
[    0.127617] Last level dTLB entries: 4KB 512, 2MB 255, 4MB 127, 1GB 0
[    0.128621] Spectre V1 : Mitigation: usercopy/swapgs barriers and __user pointer sanitization
[    0.129621] Spectre V2 : Mitigation: Enhanced / Automatic IBRS
[    0.130407] Spectre V2 : Spectre v2 / SpectreRSB mitigation: Filling RSB on context switch
[    0.130619] Spectre V2 : mitigation: Enabling conditional Indirect Branch Prediction Barrier
[    0.131619] Speculative Store Bypass: Mitigation: Speculative Store Bypass disabled via prctl
[    0.132617] Speculative Return Stack Overflow: IBPB-extending microcode not applied!
[    0.133617] Speculative Return Stack Overflow: WARNING: See https://kernel.org/doc/html/latest/admin-guide/hw-vuln/srso.html for mitigation options.
[    0.133619] Speculative Return Stack Overflow: Vulnerable: Safe RET, no microcode
[    0.135638] x86/fpu: Supporting XSAVE feature 0x001: 'x87 floating point registers'
[    0.136616] x86/fpu: Supporting XSAVE feature 0x002: 'SSE registers'
[    0.137616] x86/fpu: Supporting XSAVE feature 0x004: 'AVX registers'
[    0.138616] x86/fpu: Supporting XSAVE feature 0x020: 'AVX-512 opmask'
[    0.139467] x86/fpu: Supporting XSAVE feature 0x040: 'AVX-512 Hi256'
[    0.139616] x86/fpu: Supporting XSAVE feature 0x080: 'AVX-512 ZMM_Hi256'
[    0.140616] x86/fpu: Supporting XSAVE feature 0x200: 'Protection Keys User registers'
[    0.141617] x86/fpu: xstate_offset[2]:  576, xstate_sizes[2]:  256
[    0.142616] x86/fpu: xstate_offset[5]:  832, xstate_sizes[5]:   64
[    0.143616] x86/fpu: xstate_offset[6]:  896, xstate_sizes[6]:  512
[    0.144616] x86/fpu: xstate_offset[7]: 1408, xstate_sizes[7]: 1024
[    0.145616] x86/fpu: xstate_offset[9]: 2432, xstate_sizes[9]:    8
[    0.146431] x86/fpu: Enabled xstate features 0x2e7, context size is 2440 bytes, using 'compacted' format.
[    0.172185] Freeing SMP alternatives memory: 36K
[    0.172619] pid_max: default: 32768 minimum: 301
[    0.173746] Mount-cache hash table entries: 2048 (order: 2, 16384 bytes, linear)
[    0.174620] Mountpoint-cache hash table entries: 2048 (order: 2, 16384 bytes, linear)
[    0.177152] Running RCU synchronous self tests
[    0.177621] Running RCU synchronous self tests
[    0.178693] smpboot: CPU0: AMD Ryzen 9 7950X 16-Core Processor (family: 0x19, model: 0x61, stepping: 0x2)
[    0.180439] RCU Tasks: Setting shift to 5 and lim to 1 rcu_task_cb_adjust=1.
[    0.180677] RCU Tasks Rude: Setting shift to 5 and lim to 1 rcu_task_cb_adjust=1.
[    0.181696] RCU Tasks Trace: Setting shift to 5 and lim to 1 rcu_task_cb_adjust=1.
[    0.182681] Running RCU Tasks wait API self tests
[    0.288699] Running RCU Tasks Rude wait API self tests
[    0.289529] Running RCU Tasks Trace wait API self tests
[    0.289694] Performance Events: Fam17h+ core perfctr, AMD PMU driver.
[    0.290628] ... version:                0
[    0.291164] ... bit width:              48
[    0.291620] ... generic registers:      6
[    0.292155] ... value mask:             0000ffffffffffff
[    0.292620] ... max period:             00007fffffffffff
[    0.293327] ... fixed-purpose events:   0
[    0.293620] ... event mask:             000000000000003f
[    0.294679] signal: max sigframe size: 3376
[    0.295402] rcu: Hierarchical SRCU implementation.
[    0.295625] rcu: Max phase no-delay instances is 400.
[    0.296340] Callback from call_rcu_tasks_trace() invoked.
[    0.302939] smp: Bringing up secondary CPUs ...
[    0.304168] smpboot: x86: Booting SMP configuration:
[    0.304627] .... node  #0, CPUs:        #1  #2  #3  #4  #5  #6  #7  #8  #9 #10 #11 #12 #13 #14 #15 #16 #17 #18 #19 #20 #21 #22 #23 #24 #25 #26 #27 #28 #29 #30 #31
[    0.340825] smp: Brought up 1 node, 32 CPUs
[    0.342203] smpboot: Max logical packages: 1
[    0.342620] smpboot: Total of 32 processors activated (287458.30 BogoMIPS)
[    0.351232] devtmpfs: initialized
[    0.351909] x86/mm: Memory block size: 128MB
[    0.362772] Running RCU synchronous self tests
[    0.363397] Running RCU synchronous self tests
[    0.363740] clocksource: jiffies: mask: 0xffffffff max_cycles: 0xffffffff, max_idle_ns: 1911260446275000 ns
[    0.364631] futex hash table entries: 8192 (order: 8, 1048576 bytes, linear)
[    0.366561] PM: RTC time: 18:27:29, date: 2024-02-14
[    0.368373] NET: Registered PF_NETLINK/PF_ROUTE protocol family
[    0.370672] thermal_sys: Registered thermal governor 'step_wise'
[    0.370676] thermal_sys: Registered thermal governor 'user_space'
[    0.371587] cpuidle: using governor menu
[    0.374915] PCI: Using configuration type 1 for base access
[    0.375620] PCI: Using configuration type 1 for extended access
[    0.376678] kprobes: kprobe jump-optimization is enabled. All kprobes are optimized if possible.
[    0.396045] HugeTLB: registered 1.00 GiB page size, pre-allocated 0 pages
[    0.396142] Callback from call_rcu_tasks_rude() invoked.
[    0.396620] HugeTLB: 16380 KiB vmemmap can be freed for a 1.00 GiB page
[    0.397623] HugeTLB: registered 2.00 MiB page size, pre-allocated 0 pages
[    0.398622] HugeTLB: 28 KiB vmemmap can be freed for a 2.00 MiB page
[    0.402000] ACPI: Added _OSI(Module Device)
[    0.402623] ACPI: Added _OSI(Processor Device)
[    0.403386] ACPI: Added _OSI(3.0 _SCP Extensions)
[    0.403622] ACPI: Added _OSI(Processor Aggregator Device)
[    0.444665] ACPI: 1 ACPI AML tables successfully acquired and loaded
[    0.449234] ACPI: _OSC evaluation for CPUs failed, trying _PDC
[    0.452996] ACPI: Interpreter enabled
[    0.453620] ACPI: PM: (supports S0 S3 S4 S5)
[    0.454202] ACPI: Using IOAPIC for interrupt routing
[    0.454711] PCI: Using host bridge windows from ACPI; if necessary, use "pci=nocrs" and report a bug
[    0.455620] PCI: Using E820 reservations for host bridge windows
[    0.458078] ACPI: Enabled 2 GPEs in block 00 to 0F
[    0.504845] Callback from call_rcu_tasks() invoked.
[    0.527160] ACPI: PCI Root Bridge [PCI0] (domain 0000 [bus 00-ff])
[    0.527639] acpi PNP0A03:00: _OSC: OS supports [ExtendedConfig ASPM ClockPM Segments MSI HPX-Type3]
[    0.530064] PCI host bridge to bus 0000:00
[    0.530624] pci_bus 0000:00: root bus resource [io  0x0000-0x0cf7 window]
[    0.531539] pci_bus 0000:00: root bus resource [io  0x0d00-0xffff window]
[    0.531623] pci_bus 0000:00: root bus resource [mem 0x000a0000-0x000bffff window]
[    0.532621] pci_bus 0000:00: root bus resource [mem 0x40000000-0xfebfffff window]
[    0.533623] pci_bus 0000:00: root bus resource [mem 0x100000000-0x17fffffff window]
[    0.534625] pci_bus 0000:00: root bus resource [bus 00-ff]
[    0.535635] pci 0000:00:00.0: [8086:1237] type 00 class 0x060000 conventional PCI endpoint
[    0.538066] pci 0000:00:01.0: [8086:7000] type 00 class 0x060100 conventional PCI endpoint
[    0.539869] pci 0000:00:01.1: [8086:7010] type 00 class 0x010180 conventional PCI endpoint
[    0.542620] pci 0000:00:01.1: BAR 4 [io  0xc080-0xc08f]
[    0.544101] pci 0000:00:01.1: BAR 0 [io  0x01f0-0x01f7]: legacy IDE quirk
[    0.544672] pci 0000:00:01.1: BAR 1 [io  0x03f6]: legacy IDE quirk
[    0.545492] pci 0000:00:01.1: BAR 2 [io  0x0170-0x0177]: legacy IDE quirk
[    0.545620] pci 0000:00:01.1: BAR 3 [io  0x0376]: legacy IDE quirk
[    0.547428] pci 0000:00:01.3: [8086:7113] type 00 class 0x068000 conventional PCI endpoint
[    0.547927] pci 0000:00:01.3: quirk: [io  0x0600-0x063f] claimed by PIIX4 ACPI
[    0.548626] pci 0000:00:01.3: quirk: [io  0x0700-0x070f] claimed by PIIX4 SMB
[    0.550607] pci 0000:00:02.0: [1af4:1009] type 00 class 0x000200 conventional PCI endpoint
[    0.551620] pci 0000:00:02.0: BAR 0 [io  0xc000-0xc03f]
[    0.553245] pci 0000:00:02.0: BAR 1 [mem 0xfebfd000-0xfebfdfff]
[    0.557242] pci 0000:00:02.0: BAR 4 [mem 0xfebf4000-0xfebf7fff 64bit pref]
[    0.572760] pci 0000:00:03.0: [1af4:1009] type 00 class 0x000200 conventional PCI endpoint
[    0.574620] pci 0000:00:03.0: BAR 0 [io  0xc040-0xc07f]
[    0.576254] pci 0000:00:03.0: BAR 1 [mem 0xfebfe000-0xfebfefff]
[    0.579620] pci 0000:00:03.0: BAR 4 [mem 0xfebf8000-0xfebfbfff 64bit pref]
[    0.595503] pci 0000:00:04.0: [8086:25ab] type 00 class 0x088000 conventional PCI endpoint
[    0.595973] pci 0000:00:04.0: BAR 0 [mem 0xfebff000-0xfebff00f]
[    0.617230] ACPI: PCI: Interrupt link LNKA configured for IRQ 10
[    0.618822] ACPI: PCI: Interrupt link LNKB configured for IRQ 10
[    0.620804] ACPI: PCI: Interrupt link LNKC configured for IRQ 11
[    0.622779] ACPI: PCI: Interrupt link LNKD configured for IRQ 11
[    0.624088] ACPI: PCI: Interrupt link LNKS configured for IRQ 9
[    0.649539] iommu: Default domain type: Translated
[    0.649620] iommu: DMA domain TLB invalidation policy: lazy mode
[    0.651453] SCSI subsystem initialized
[    0.652074] pps_core: LinuxPPS API ver. 1 registered
[    0.652623] pps_core: Software ver. 5.3.6 - Copyright 2005-2007 Rodolfo Giometti <giometti@linux.it>
[    0.653647] PTP clock support registered
[    0.654894] Advanced Linux Sound Architecture Driver Initialized.
[    0.657586] NET: Registered PF_ATMPVC protocol family
[    0.657621] NET: Registered PF_ATMSVC protocol family
[    0.658343] PCI: Using ACPI for IRQ routing
[    0.658930] vgaarb: loaded
[    0.659846] hpet0: at MMIO 0xfed00000, IRQs 2, 8, 0
[    0.660523] hpet0: 3 comparators, 64-bit 100.000000 MHz counter
[    0.665130] clocksource: Switched to clocksource kvm-clock
[    0.667506] VFS: Disk quotas dquot_6.6.0
[    0.668094] VFS: Dquot-cache hash table entries: 512 (order 0, 4096 bytes)
[    0.669529] pnp: PnP ACPI init
[    0.673441] pnp: PnP ACPI: found 5 devices
[    0.691979] clocksource: acpi_pm: mask: 0xffffff max_cycles: 0xffffff, max_idle_ns: 2085701024 ns
[    0.693396] NET: Registered PF_INET protocol family
[    0.694313] IP idents hash table entries: 16384 (order: 5, 131072 bytes, linear)
[    0.696381] tcp_listen_portaddr_hash hash table entries: 512 (order: 3, 36864 bytes, linear)
[    0.697564] Table-perturb hash table entries: 65536 (order: 6, 262144 bytes, linear)
[    0.699021] TCP established hash table entries: 8192 (order: 4, 65536 bytes, linear)
[    0.700301] TCP bind hash table entries: 8192 (order: 8, 1179648 bytes, linear)
[    0.701978] TCP: Hash tables configured (established 8192 bind 8192)
[    0.703231] UDP hash table entries: 512 (order: 4, 81920 bytes, linear)
[    0.704191] UDP-Lite hash table entries: 512 (order: 4, 81920 bytes, linear)
[    0.705658] NET: Registered PF_UNIX/PF_LOCAL protocol family
[    0.706474] pci_bus 0000:00: resource 4 [io  0x0000-0x0cf7 window]
[    0.707328] pci_bus 0000:00: resource 5 [io  0x0d00-0xffff window]
[    0.708169] pci_bus 0000:00: resource 6 [mem 0x000a0000-0x000bffff window]
[    0.709095] pci_bus 0000:00: resource 7 [mem 0x40000000-0xfebfffff window]
[    0.710022] pci_bus 0000:00: resource 8 [mem 0x100000000-0x17fffffff window]
[    0.711305] pci 0000:00:01.0: PIIX3: Enabling Passive Release
[    0.712098] pci 0000:00:00.0: Limiting direct PCI/PCI transfers
[    0.712943] PCI: CLS 0 bytes, default 64
[    0.713609] kvm_intel: VMX not supported by CPU 0
[    0.714350] kvm_amd: TSC scaling supported
[    0.714930] kvm_amd: Nested Virtualization enabled
[    0.715586] kvm_amd: Nested Paging enabled
[    0.716710] kvm_amd: Virtual VMLOAD VMSAVE supported
[    0.717401] kvm_amd: Virtual GIF supported
[    0.717960] kvm_amd: Virtual NMI enabled
[    0.718494] kvm_amd: LBR virtualization supported
[    0.854550] workingset: timestamp_bits=56 max_order=18 bucket_order=0
[    0.855747] squashfs: version 4.0 (2009/01/31) Phillip Lougher
[    0.856590] fuse: init (API version 7.39)
[    0.857428] 9p: Installing v9fs 9p2000 file system support
[    0.858468] Key type asymmetric registered
[    0.859121] Block layer SCSI generic (bsg) driver version 0.4 loaded (major 249)
[    0.860243] io scheduler mq-deadline registered
[    0.860855] io scheduler kyber registered
[    0.863780] input: Power Button as /devices/LNXSYSTM:00/LNXPWRBN:00/input/input0
[    0.865306] ACPI: button: Power Button [PWRF]
[    0.866180] Warning: Processor Platform Limit event detected, but not handled.
[    0.867162] Consider compiling CPUfreq support into your kernel.
[    1.946456] ACPI: \_SB_.LNKB: Enabled at IRQ 10
[    3.057643] ACPI: \_SB_.LNKC: Enabled at IRQ 11
[    3.059673] Serial: 8250/16550 driver, 4 ports, IRQ sharing enabled
[    3.061414] 00:03: ttyS0 at I/O 0x3f8 (irq = 4, base_baud = 115200) is a 16550A
[    3.067090] Non-volatile memory driver v1.3
[    3.067672] Linux agpgart interface v0.103
[    3.068681] ACPI: bus type drm_connector registered
[    3.113830] loop: module loaded
[    3.118417] scsi host0: ata_piix
[    3.120019] scsi host1: ata_piix
[    3.120824] ata1: PATA max MWDMA2 cmd 0x1f0 ctl 0x3f6 bmdma 0xc080 irq 14 lpm-pol 0
[    3.121862] ata2: PATA max MWDMA2 cmd 0x170 ctl 0x376 bmdma 0xc088 irq 15 lpm-pol 0
[    3.125901] i8042: PNP: PS/2 Controller [PNP0303:KBD,PNP0f13:MOU] at 0x60,0x64 irq 1,12
[    3.127933] serio: i8042 KBD port at 0x60,0x64 irq 1
[    3.128662] serio: i8042 AUX port at 0x60,0x64 irq 12
[    3.131382] input: AT Translated Set 2 keyboard as /devices/platform/i8042/serio0/input/input1
[    3.134560] rtc_cmos 00:04: RTC can wake from S4
[    3.137490] rtc_cmos 00:04: registered as rtc0
[    3.138187] rtc_cmos 00:04: setting system clock to 2024-02-14T18:27:32 UTC (1707935252)
[    3.139486] rtc_cmos 00:04: alarms up to one day, y3k, 242 bytes nvram, hpet irqs
[    3.141343] input: ImExPS/2 Generic Explorer Mouse as /devices/platform/i8042/serio1/input/input3
[    3.143953] i6300ESB timer 0000:00:04.0: initialized. heartbeat=30 sec (nowayout=0)
[    3.145905] device-mapper: ioctl: 4.48.0-ioctl (2023-03-01) initialised: dm-devel@redhat.com
[    3.149970] NET: Registered PF_PACKET protocol family
[    3.150877] 9pnet: Installing 9P2000 support
[    3.154340] Key type dns_resolver registered
[    3.165892] IPI shorthand broadcast: enabled
[    3.211597] sched_clock: Marking stable (3202003247, 8997494)->(3250210783, -39210042)
[    3.213354] registered taskstats version 1
[    3.242867] PM:   Magic number: 12:861:493
[    3.243566] printk: legacy console [netcon0] enabled
[    3.244254] netconsole: network logging started
[    3.245285] ALSA device list:
[    3.245746]   No soundcards found.
[    3.280353] ata2: found unknown device (class 0)
[    3.281749] ata2.00: ATAPI: QEMU DVD-ROM, 2.5+, max UDMA/100
[    3.284408] scsi 1:0:0:0: CD-ROM            QEMU     QEMU DVD-ROM     2.5+ PQ: 0 ANSI: 5
[    3.294543] scsi 1:0:0:0: Attached scsi generic sg0 type 5
[    3.295655] md: Skipping autodetection of RAID arrays. (raid=autodetect will force)
[    3.296754] 9pnet_virtio: no channels available for device 
[    3.298862] VFS: Mounted root (9p filesystem) readonly on device 0:19.
[    3.300106] devtmpfs: mounted
[    3.309165] Freeing unused kernel image (initmem) memory: 5936K
[    3.313041] Write protecting the kernel read-only data: 53248k
[    3.314427] Freeing unused kernel image (rodata/data gap) memory: 156K
[    3.351299] x86/mm: Checked W+X mappings: passed, no W+X pages found.
[    3.352063] Run /usr/lib/python3.11/site-packages/virtme/guest/virtme-init as init process
[    3.417950] mount (266) used greatest stack depth: 26144 bytes left
[    3.595554] mount (280) used greatest stack depth: 25600 bytes left
[    3.633989] mount (284) used greatest stack depth: 25248 bytes left
[    3.889107] virtme-init: basic initialization done
[    3.904117] virtme-init: udevd not found
[    4.052634] virtme-init: Setting hostname to virtme-ng...
[    4.091424] ip (352) used greatest stack depth: 24512 bytes left
          _      _                                    
   __   _(_)_ __| |_ _ __ ___   ___       _ __   __ _ 
   \ \ / / |  __| __|  _   _ \ / _ \_____|  _ \ / _  |
    \ V /| | |  | |_| | | | | |  __/_____| | | | (_| |
     \_/ |_|_|   \__|_| |_| |_|\___|     |_| |_|\__  |
                                                |___/ 
   kernel version: 6.8.0-rc3-virtme x86_64

virtme-ng:/nipa-data/kernel# PS1='xx__-> '
xx__-> env
PWD=/nipa-data/kernel
HOME=/
TERM=xterm
SHLVL=2
XDG_RUNTIME_DIR=/run/user/0
PATH=/bin:/sbin:/usr/bin:/usr/sbin:/usr/local/bin
OLDPWD=/
_=/usr/bin/env
xx__-> 