No EFI environment detected.
early console in extract_kernel
input_data: 0x00000000029e92b9
input_len: 0x0000000000b26a53
output: 0x0000000001000000
output_len: 0x00000000024ca8b0
kernel_total_size: 0x0000000002230000
needed_size: 0x0000000002600000
trampoline_32bit: 0x0000000000000000
Physical KASLR using RDRAND RDTSC...
Virtual KASLR using RDRAND RDTSC...

Decompressing Linux... Parsing ELF... Performing relocations... done.
Booting the kernel (entry_offset: 0x0000000000000000).
[    0.000000] Linux version 6.9.0-rc6-virtme (root@24a3446f6b1d) (gcc (Alpine 13.2.1_git20240309) 13.2.1 20240309, GNU ld (GNU Binutils) 2.42) #1 SMP PREEMPT_DYNAMIC Tue May  7 15:06:11 UTC 2024
[    0.000000] Command line: virtme_hostname=virtme-ng nr_open=1048576 virtme_link_mods=/nipa-data/kernel/.virtme_mods/lib/modules/0.0.0 virtme_initmount0=nipa-data/kernel virtme_rw_overlay0=/etc virtme_rw_overlay1=/lib virtme_rw_overlay2=/home virtme_rw_overlay3=/opt virtme_rw_overlay4=/srv virtme_rw_overlay5=/usr virtme_rw_overlay6=/var console=hvc0 earlyprintk=serial,ttyS0,115200 virtme_console=ttyS0 psmouse.proto=exps TERM=xterm virtme_chdir=nipa-data/kernel virtme_root_user=1 rootfstype=9p rootflags=version=9p2000.L,trans=virtio,access=any raid=noautodetect ro init=/usr/lib/python3.12/site-packages/virtme/guest/virtme-init
[    0.000000] BIOS-provided physical RAM map:
[    0.000000] BIOS-e820: [mem 0x0000000000000000-0x000000000009fbff] usable
[    0.000000] BIOS-e820: [mem 0x000000000009fc00-0x000000000009ffff] reserved
[    0.000000] BIOS-e820: [mem 0x00000000000f0000-0x00000000000fffff] reserved
[    0.000000] BIOS-e820: [mem 0x0000000000100000-0x000000003ffdffff] usable
[    0.000000] BIOS-e820: [mem 0x000000003ffe0000-0x000000003fffffff] reserved
[    0.000000] BIOS-e820: [mem 0x00000000feffc000-0x00000000feffffff] reserved
[    0.000000] BIOS-e820: [mem 0x00000000fffc0000-0x00000000ffffffff] reserved
[    0.000000] BIOS-e820: [mem 0x000000fd00000000-0x000000ffffffffff] reserved
[    0.000000] printk: legacy bootconsole [earlyser0] enabled
[    0.000000] NX (Execute Disable) protection: active
[    0.000000] APIC: Static calls initialized
[    0.000000] SMBIOS 2.8 present.
[    0.000000] DMI: QEMU Standard PC (i440FX + PIIX, 1996), BIOS rel-1.16.3-0-ga6ed6b701f0a-prebuilt.qemu.org 04/01/2014
[    0.000000] Hypervisor detected: KVM
[    0.000000] kvm-clock: Using msrs 4b564d01 and 4b564d00
[    0.000000] kvm-clock: using sched offset of 247271846 cycles
[    0.000389] clocksource: kvm-clock: mask: 0xffffffffffffffff max_cycles: 0x1cd42e4dffb, max_idle_ns: 881590591483 ns
[    0.001593] tsc: Detected 4491.556 MHz processor
[    0.002196] last_pfn = 0x3ffe0 max_arch_pfn = 0x400000000
[    0.002617] MTRR map: 4 entries (3 fixed + 1 variable; max 19), built from 8 variable MTRRs
[    0.003232] x86/PAT: Configuration [0-7]: WB  WC  UC- UC  WB  WP  UC- WT  
Memory KASLR using RDRAND RDTSC...
[    0.005303] found SMP MP-table at [mem 0x000f5470-0x000f547f]
[    0.005838] Using GB pages for direct mapping
[    0.006271] ACPI: Early table checksum verification disabled
[    0.006787] ACPI: RSDP 0x00000000000F5290 000014 (v00 BOCHS )
[    0.007312] ACPI: RSDT 0x000000003FFE27BC 000034 (v01 BOCHS  BXPC     00000001 BXPC 00000001)
[    0.008091] ACPI: FACP 0x000000003FFE2578 000074 (v01 BOCHS  BXPC     00000001 BXPC 00000001)
[    0.008871] ACPI: DSDT 0x000000003FFE0040 002538 (v01 BOCHS  BXPC     00000001 BXPC 00000001)
[    0.009649] ACPI: FACS 0x000000003FFE0000 000040
[    0.010076] ACPI: APIC 0x000000003FFE25EC 000170 (v03 BOCHS  BXPC     00000001 BXPC 00000001)
[    0.010862] ACPI: HPET 0x000000003FFE275C 000038 (v01 BOCHS  BXPC     00000001 BXPC 00000001)
[    0.011644] ACPI: WAET 0x000000003FFE2794 000028 (v01 BOCHS  BXPC     00000001 BXPC 00000001)
[    0.012426] ACPI: Reserving FACP table memory at [mem 0x3ffe2578-0x3ffe25eb]
[    0.013072] ACPI: Reserving DSDT table memory at [mem 0x3ffe0040-0x3ffe2577]
[    0.013715] ACPI: Reserving FACS table memory at [mem 0x3ffe0000-0x3ffe003f]
[    0.014361] ACPI: Reserving APIC table memory at [mem 0x3ffe25ec-0x3ffe275b]
[    0.015002] ACPI: Reserving HPET table memory at [mem 0x3ffe275c-0x3ffe2793]
[    0.015646] ACPI: Reserving WAET table memory at [mem 0x3ffe2794-0x3ffe27bb]
[    0.016472] No NUMA configuration found
[    0.016820] Faking a node at [mem 0x0000000000000000-0x000000003ffdffff]
[    0.017429] NODE_DATA(0) allocated [mem 0x3ffdb000-0x3ffdffff]
[    0.017974] Zone ranges:
[    0.018204]   DMA      [mem 0x0000000000001000-0x0000000000ffffff]
[    0.018765]   DMA32    [mem 0x0000000001000000-0x000000003ffdffff]
[    0.019327]   Normal   empty
[    0.019588]   Device   empty
[    0.019849] Movable zone start for each node
[    0.020236] Early memory node ranges
[    0.020560]   node   0: [mem 0x0000000000001000-0x000000000009efff]
[    0.021128]   node   0: [mem 0x0000000000100000-0x000000003ffdffff]
[    0.021696] Initmem setup node 0 [mem 0x0000000000001000-0x000000003ffdffff]
[    0.022342] On node 0, zone DMA: 1 pages in unavailable ranges
[    0.022882] On node 0, zone DMA: 97 pages in unavailable ranges
[    0.024646] On node 0, zone DMA32: 32 pages in unavailable ranges
[    0.025455] ACPI: PM-Timer IO Port: 0x608
[    0.025824] ACPI: LAPIC_NMI (acpi_id[0xff] dfl dfl lint[0x1])
[    0.026373] IOAPIC[0]: apic_id 0, version 17, address 0xfec00000, GSI 0-23
[    0.026998] ACPI: INT_SRC_OVR (bus 0 bus_irq 0 global_irq 2 dfl dfl)
[    0.027576] ACPI: INT_SRC_OVR (bus 0 bus_irq 5 global_irq 5 high level)
[    0.028177] ACPI: INT_SRC_OVR (bus 0 bus_irq 9 global_irq 9 high level)
[    0.028777] ACPI: INT_SRC_OVR (bus 0 bus_irq 10 global_irq 10 high level)
[    0.029395] ACPI: INT_SRC_OVR (bus 0 bus_irq 11 global_irq 11 high level)
[    0.030017] ACPI: Using ACPI (MADT) for SMP configuration information
[    0.030604] ACPI: HPET id: 0x8086a201 base: 0xfed00000
[    0.031072] TSC deadline timer available
[    0.031432] CPU topo: Max. logical packages:   1
[    0.031850] CPU topo: Max. logical dies:       1
[    0.032269] CPU topo: Max. dies per package:   1
[    0.032691] CPU topo: Max. threads per core:   1
[    0.033111] CPU topo: Num. cores per package:    32
[    0.033553] CPU topo: Num. threads per package:  32
[    0.033999] CPU topo: Allowing 32 present CPUs plus 0 hotplug CPUs
[    0.034574] kvm-guest: APIC: eoi() replaced with kvm_guest_apic_eoi_write()
[    0.035216] kvm-guest: KVM setup pv remote TLB flush
[    0.035669] kvm-guest: setup PV sched yield
[    0.036053] PM: hibernation: Registered nosave memory: [mem 0x00000000-0x00000fff]
[    0.036741] PM: hibernation: Registered nosave memory: [mem 0x0009f000-0x0009ffff]
[    0.037429] PM: hibernation: Registered nosave memory: [mem 0x000a0000-0x000effff]
[    0.038121] PM: hibernation: Registered nosave memory: [mem 0x000f0000-0x000fffff]
[    0.038809] [mem 0x40000000-0xfeffbfff] available for PCI devices
[    0.039363] Booting paravirtualized kernel on KVM
[    0.039794] clocksource: refined-jiffies: mask: 0xffffffff max_cycles: 0xffffffff, max_idle_ns: 1910969940391419 ns
[    0.043909] setup_percpu: NR_CPUS:64 nr_cpumask_bits:32 nr_cpu_ids:32 nr_node_ids:1
[    0.045363] percpu: Embedded 58 pages/cpu s198952 r8192 d30424 u262144
[    0.045997] Kernel command line: virtme_hostname=virtme-ng nr_open=1048576 virtme_link_mods=/nipa-data/kernel/.virtme_mods/lib/modules/0.0.0 virtme_initmount0=nipa-data/kernel virtme_rw_overlay0=/etc virtme_rw_overlay1=/lib virtme_rw_overlay2=/home virtme_rw_overlay3=/opt virtme_rw_overlay4=/srv virtme_rw_overlay5=/usr virtme_rw_overlay6=/var console=hvc0 earlyprintk=serial,ttyS0,115200 virtme_console=ttyS0 psmouse.proto=exps TERM=xterm virtme_chdir=nipa-data/kernel virtme_root_user=1 rootfstype=9p rootflags=version=9p2000.L,trans=virtio,access=any raid=noautodetect ro init=/usr/lib/python3.12/site-packages/virtme/guest/virtme-init
[    0.050703] Unknown kernel command line parameters "virtme_hostname=virtme-ng nr_open=1048576 virtme_link_mods=/nipa-data/kernel/.virtme_mods/lib/modules/0.0.0 virtme_initmount0=nipa-data/kernel virtme_rw_overlay0=/etc virtme_rw_overlay1=/lib virtme_rw_overlay2=/home virtme_rw_overlay3=/opt virtme_rw_overlay4=/srv virtme_rw_overlay5=/usr virtme_rw_overlay6=/var virtme_console=ttyS0 virtme_chdir=nipa-data/kernel virtme_root_user=1", will be passed to user space.
[    0.054017] random: crng init done
[    0.054312] Dentry cache hash table entries: 131072 (order: 8, 1048576 bytes, linear)
[    0.054918] Inode-cache hash table entries: 65536 (order: 7, 524288 bytes, linear)
[    0.055585] Fallback order for Node 0: 0 
[    0.055588] Built 1 zonelists, mobility grouping on.  Total pages: 257760
[    0.056421] Policy zone: DMA32
[    0.056651] mem auto-init: stack:all(zero), heap alloc:off, heap free:off
[    0.057939] Memory: 986612K/1048056K available (16384K kernel code, 2404K rwdata, 6112K rodata, 3052K init, 2100K bss, 61184K reserved, 0K cma-reserved)
[    0.059005] SLUB: HWalign=64, Order=0-3, MinObjects=0, CPUs=32, Nodes=1
Poking KASLR using RDRAND RDTSC...
[    0.059770] ftrace: allocating 47634 entries in 187 pages
[    0.066846] ftrace: allocated 187 pages with 6 groups
[    0.067849] Dynamic Preempt: voluntary
[    0.068282] rcu: Preemptible hierarchical RCU implementation.
[    0.068716] rcu: RCU event tracing is enabled.
[    0.069061] rcu: RCU restricting CPUs from NR_CPUS=64 to nr_cpu_ids=32.
[    0.069572] Trampoline variant of Tasks RCU enabled.
[    0.069954] Rude variant of Tasks RCU enabled.
[    0.070307] Tracing variant of Tasks RCU enabled.
[    0.070665] rcu: RCU calculated value of scheduler-enlistment delay is 100 jiffies.
[    0.071250] rcu: Adjusting geometry for rcu_fanout_leaf=16, nr_cpu_ids=32
[    0.071765] RCU Tasks: Setting shift to 5 and lim to 1 rcu_task_cb_adjust=1.
[    0.072315] RCU Tasks Rude: Setting shift to 5 and lim to 1 rcu_task_cb_adjust=1.
[    0.072878] RCU Tasks Trace: Setting shift to 5 and lim to 1 rcu_task_cb_adjust=1.
[    0.074857] NR_IRQS: 4352, nr_irqs: 680, preallocated irqs: 16
[    0.075479] rcu: srcu_init: Setting srcu_struct sizes based on contention.
[    0.076149] Console: colour *CGA 80x25
[    0.076437] ACPI: Core revision 20230628
[    0.076798] clocksource: hpet: mask: 0xffffffff max_cycles: 0xffffffff, max_idle_ns: 19112604467 ns
[    0.077547] APIC: Switch to symmetric I/O mode setup
[    0.077946] APIC: Switched APIC routing to: physical flat
[    0.078362] kvm-guest: APIC: send_IPI_mask() replaced with kvm_send_ipi_mask()
[    0.078893] kvm-guest: APIC: send_IPI_mask_allbutself() replaced with kvm_send_ipi_mask_allbutself()
[    0.079591] kvm-guest: setup PV IPIs
[    0.080649] ..TIMER: vector=0x30 apic1=0 pin1=2 apic2=-1 pin2=-1
[    0.081451] tsc: Marking TSC unstable due to TSCs unsynchronized
[    0.082260] Calibrating delay loop (skipped) preset value.. 8983.11 BogoMIPS (lpj=4491556)
[    0.083319] x86/cpu: User Mode Instruction Prevention (UMIP) activated
[    0.084308] Last level iTLB entries: 4KB 512, 2MB 255, 4MB 127
[    0.085259] Last level dTLB entries: 4KB 512, 2MB 255, 4MB 127, 1GB 0
[    0.086264] Spectre V1 : Mitigation: usercopy/swapgs barriers and __user pointer sanitization
[    0.087262] Spectre V2 : Mitigation: Enhanced / Automatic IBRS
[    0.088259] Spectre V2 : Spectre v2 / SpectreRSB mitigation: Filling RSB on context switch
[    0.089260] Spectre V2 : mitigation: Enabling conditional Indirect Branch Prediction Barrier
[    0.090261] Speculative Store Bypass: Mitigation: Speculative Store Bypass disabled via prctl
[    0.091259] Speculative Return Stack Overflow: IBPB-extending microcode not applied!
[    0.092259] Speculative Return Stack Overflow: WARNING: See https://kernel.org/doc/html/latest/admin-guide/hw-vuln/srso.html for mitigation options.
[    0.092260] Speculative Return Stack Overflow: Vulnerable: Safe RET, no microcode
[    0.094274] x86/fpu: Supporting XSAVE feature 0x001: 'x87 floating point registers'
[    0.095259] x86/fpu: Supporting XSAVE feature 0x002: 'SSE registers'
[    0.096259] x86/fpu: Supporting XSAVE feature 0x004: 'AVX registers'
[    0.097259] x86/fpu: Supporting XSAVE feature 0x020: 'AVX-512 opmask'
[    0.098082] x86/fpu: Supporting XSAVE feature 0x040: 'AVX-512 Hi256'
[    0.098259] x86/fpu: Supporting XSAVE feature 0x080: 'AVX-512 ZMM_Hi256'
[    0.099259] x86/fpu: Supporting XSAVE feature 0x200: 'Protection Keys User registers'
[    0.100259] x86/fpu: xstate_offset[2]:  576, xstate_sizes[2]:  256
[    0.101259] x86/fpu: xstate_offset[5]:  832, xstate_sizes[5]:   64
[    0.102259] x86/fpu: xstate_offset[6]:  896, xstate_sizes[6]:  512
[    0.103259] x86/fpu: xstate_offset[7]: 1408, xstate_sizes[7]: 1024
[    0.104056] x86/fpu: xstate_offset[9]: 2432, xstate_sizes[9]:    8
[    0.104259] x86/fpu: Enabled xstate features 0x2e7, context size is 2440 bytes, using 'compacted' format.
[    0.120287] Freeing SMP alternatives memory: 40K
[    0.120873] pid_max: default: 32768 minimum: 301
[    0.121286] Mount-cache hash table entries: 2048 (order: 2, 16384 bytes, linear)
[    0.122260] Mountpoint-cache hash table entries: 2048 (order: 2, 16384 bytes, linear)
[    0.123422] smpboot: CPU0: AMD Ryzen 9 7950X 16-Core Processor (family: 0x19, model: 0x61, stepping: 0x2)
[    0.124372] Performance Events: Fam17h+ core perfctr, AMD PMU driver.
[    0.125215] ... version:                0
[    0.125261] ... bit width:              48
[    0.125776] ... generic registers:      6
[    0.126260] ... value mask:             0000ffffffffffff
[    0.126927] ... max period:             00007fffffffffff
[    0.127260] ... fixed-purpose events:   0
[    0.127764] ... event mask:             000000000000003f
[    0.128344] signal: max sigframe size: 3376
[    0.128886] rcu: Hierarchical SRCU implementation.
[    0.129261] rcu: Max phase no-delay instances is 400.
[    0.132111] smp: Bringing up secondary CPUs ...
[    0.132312] smpboot: x86: Booting SMP configuration:
[    0.132936] .... node  #0, CPUs:        #1  #2  #3  #4  #5  #6  #7  #8  #9 #10 #11 #12 #13 #14 #15 #16 #17 #18 #19 #20 #21 #22 #23 #24 #25 #26 #27 #28 #29 #30 #31
[    0.150417] smp: Brought up 1 node, 32 CPUs
[    0.151797] smpboot: Total of 32 processors activated (287459.58 BogoMIPS)
[    0.160338] devtmpfs: initialized
[    0.161293] x86/mm: Memory block size: 128MB
[    0.163069] clocksource: jiffies: mask: 0xffffffff max_cycles: 0xffffffff, max_idle_ns: 1911260446275000 ns
[    0.163264] futex hash table entries: 8192 (order: 7, 524288 bytes, linear)
[    0.164352] PM: RTC time: 15:22:08, date: 2024-05-07
[    0.165509] NET: Registered PF_NETLINK/PF_ROUTE protocol family
[    0.166427] thermal_sys: Registered thermal governor 'step_wise'
[    0.166429] thermal_sys: Registered thermal governor 'user_space'
[    0.167273] cpuidle: using governor menu
[    0.169519] PCI: Using configuration type 1 for base access
[    0.170264] PCI: Using configuration type 1 for extended access
[    0.171343] kprobes: kprobe jump-optimization is enabled. All kprobes are optimized if possible.
[    0.187898] HugeTLB: registered 1.00 GiB page size, pre-allocated 0 pages
[    0.188261] HugeTLB: 16380 KiB vmemmap can be freed for a 1.00 GiB page
[    0.189261] HugeTLB: registered 2.00 MiB page size, pre-allocated 0 pages
[    0.190261] HugeTLB: 28 KiB vmemmap can be freed for a 2.00 MiB page
[    0.191315] Demotion targets for Node 0: null
[    0.192088] ACPI: Added _OSI(Module Device)
[    0.192262] ACPI: Added _OSI(Processor Device)
[    0.192996] ACPI: Added _OSI(3.0 _SCP Extensions)
[    0.193261] ACPI: Added _OSI(Processor Aggregator Device)
[    0.195092] ACPI: 1 ACPI AML tables successfully acquired and loaded
[    0.196284] ACPI: _OSC evaluation for CPUs failed, trying _PDC
[    0.197439] ACPI: Interpreter enabled
[    0.198064] ACPI: PM: (supports S0 S3 S4 S5)
[    0.198261] ACPI: Using IOAPIC for interrupt routing
[    0.199101] PCI: Using host bridge windows from ACPI; if necessary, use "pci=nocrs" and report a bug
[    0.199261] PCI: Using E820 reservations for host bridge windows
[    0.200368] ACPI: Enabled 2 GPEs in block 00 to 0F
[    0.204446] ACPI: PCI Root Bridge [PCI0] (domain 0000 [bus 00-ff])
[    0.205264] acpi PNP0A03:00: _OSC: OS supports [ExtendedConfig ASPM ClockPM Segments MSI HPX-Type3]
[    0.206370] PCI host bridge to bus 0000:00
[    0.207066] pci_bus 0000:00: root bus resource [io  0x0000-0x0cf7 window]
[    0.207261] pci_bus 0000:00: root bus resource [io  0x0d00-0xffff window]
[    0.208261] pci_bus 0000:00: root bus resource [mem 0x000a0000-0x000bffff window]
[    0.209261] pci_bus 0000:00: root bus resource [mem 0x40000000-0xfebfffff window]
[    0.210261] pci_bus 0000:00: root bus resource [mem 0x100000000-0x17fffffff window]
[    0.211261] pci_bus 0000:00: root bus resource [bus 00-ff]
[    0.212294] pci 0000:00:00.0: [8086:1237] type 00 class 0x060000 conventional PCI endpoint
[    0.213581] pci 0000:00:01.0: [8086:7000] type 00 class 0x060100 conventional PCI endpoint
[    0.214667] pci 0000:00:01.1: [8086:7010] type 00 class 0x010180 conventional PCI endpoint
[    0.218000] pci 0000:00:01.1: BAR 4 [io  0xc0c0-0xc0cf]
[    0.219455] pci 0000:00:01.1: BAR 0 [io  0x01f0-0x01f7]: legacy IDE quirk
[    0.220261] pci 0000:00:01.1: BAR 1 [io  0x03f6]: legacy IDE quirk
[    0.221059] pci 0000:00:01.1: BAR 2 [io  0x0170-0x0177]: legacy IDE quirk
[    0.221261] pci 0000:00:01.1: BAR 3 [io  0x0376]: legacy IDE quirk
[    0.222136] pci 0000:00:01.3: [8086:7113] type 00 class 0x068000 conventional PCI endpoint
[    0.222505] pci 0000:00:01.3: quirk: [io  0x0600-0x063f] claimed by PIIX4 ACPI
[    0.223265] pci 0000:00:01.3: quirk: [io  0x0700-0x070f] claimed by PIIX4 SMB
[    0.224350] pci 0000:00:02.0: [1af4:1009] type 00 class 0x000200 conventional PCI endpoint
[    0.226261] pci 0000:00:02.0: BAR 0 [io  0xc000-0xc03f]
[    0.227920] pci 0000:00:02.0: BAR 1 [mem 0xfebfc000-0xfebfcfff]
[    0.231261] pci 0000:00:02.0: BAR 4 [mem 0xfebf0000-0xfebf3fff 64bit pref]
[    0.233534] pci 0000:00:03.0: [1af4:1009] type 00 class 0x000200 conventional PCI endpoint
[    0.235760] pci 0000:00:03.0: BAR 0 [io  0xc040-0xc07f]
[    0.237261] pci 0000:00:03.0: BAR 1 [mem 0xfebfd000-0xfebfdfff]
[    0.240913] pci 0000:00:03.0: BAR 4 [mem 0xfebf4000-0xfebf7fff 64bit pref]
[    0.242802] pci 0000:00:04.0: [8086:25ab] type 00 class 0x088000 conventional PCI endpoint
[    0.243602] pci 0000:00:04.0: BAR 0 [mem 0xfebfe000-0xfebfe00f]
[    0.247106] pci 0000:00:05.0: [1af4:1003] type 00 class 0x078000 conventional PCI endpoint
[    0.248261] pci 0000:00:05.0: BAR 0 [io  0xc080-0xc0bf]
[    0.249916] pci 0000:00:05.0: BAR 1 [mem 0xfebff000-0xfebfffff]
[    0.253916] pci 0000:00:05.0: BAR 4 [mem 0xfebf8000-0xfebfbfff 64bit pref]
[    0.256011] ACPI: PCI: Interrupt link LNKA configured for IRQ 10
[    0.256371] ACPI: PCI: Interrupt link LNKB configured for IRQ 10
[    0.257237] ACPI: PCI: Interrupt link LNKC configured for IRQ 11
[    0.257358] ACPI: PCI: Interrupt link LNKD configured for IRQ 11
[    0.258197] ACPI: PCI: Interrupt link LNKS configured for IRQ 9
[    0.259144] iommu: Default domain type: Translated
[    0.259261] iommu: DMA domain TLB invalidation policy: lazy mode
[    0.260084] SCSI subsystem initialized
[    0.260296] pps_core: LinuxPPS API ver. 1 registered
[    0.260926] pps_core: Software ver. 5.3.6 - Copyright 2005-2007 Rodolfo Giometti <giometti@linux.it>
[    0.261263] PTP clock support registered
[    0.261793] Advanced Linux Sound Architecture Driver Initialized.
[    0.262709] NET: Registered PF_ATMPVC protocol family
[    0.263261] NET: Registered PF_ATMSVC protocol family
[    0.263914] PCI: Using ACPI for IRQ routing
[    0.264344] vgaarb: loaded
[    0.264623] hpet0: at MMIO 0xfed00000, IRQs 2, 8, 0
[    0.265261] hpet0: 3 comparators, 64-bit 100.000000 MHz counter
[    0.271228] clocksource: Switched to clocksource kvm-clock
[    0.271572] VFS: Disk quotas dquot_6.6.0
[    0.271768] VFS: Dquot-cache hash table entries: 512 (order 0, 4096 bytes)
[    0.273002] pnp: PnP ACPI init
[    0.273586] pnp: PnP ACPI: found 5 devices
[    0.281512] clocksource: acpi_pm: mask: 0xffffff max_cycles: 0xffffff, max_idle_ns: 2085701024 ns
[    0.282683] NET: Registered PF_INET protocol family
[    0.283424] IP idents hash table entries: 16384 (order: 5, 131072 bytes, linear)
[    0.284530] tcp_listen_portaddr_hash hash table entries: 512 (order: 1, 8192 bytes, linear)
[    0.285599] Table-perturb hash table entries: 65536 (order: 6, 262144 bytes, linear)
[    0.286592] TCP established hash table entries: 8192 (order: 4, 65536 bytes, linear)
[    0.287590] TCP bind hash table entries: 8192 (order: 6, 262144 bytes, linear)
[    0.288515] TCP: Hash tables configured (established 8192 bind 8192)
[    0.289342] UDP hash table entries: 512 (order: 2, 16384 bytes, linear)
[    0.290178] UDP-Lite hash table entries: 512 (order: 2, 16384 bytes, linear)
[    0.291116] NET: Registered PF_UNIX/PF_LOCAL protocol family
[    0.291843] pci_bus 0000:00: resource 4 [io  0x0000-0x0cf7 window]
[    0.292629] pci_bus 0000:00: resource 5 [io  0x0d00-0xffff window]
[    0.293414] pci_bus 0000:00: resource 6 [mem 0x000a0000-0x000bffff window]
[    0.294285] pci_bus 0000:00: resource 7 [mem 0x40000000-0xfebfffff window]
[    0.295159] pci_bus 0000:00: resource 8 [mem 0x100000000-0x17fffffff window]
[    0.296082] pci 0000:00:01.0: PIIX3: Enabling Passive Release
[    0.296814] pci 0000:00:00.0: Limiting direct PCI/PCI transfers
[    0.297604] PCI: CLS 0 bytes, default 64
[    0.298150] kvm_intel: VMX not supported by CPU 0
[    0.298771] kvm_amd: TSC scaling supported
[    0.299301] kvm_amd: Nested Virtualization enabled
[    0.299903] kvm_amd: Nested Paging enabled
[    0.300434] kvm_amd: Virtual VMLOAD VMSAVE supported
[    0.301058] kvm_amd: Virtual GIF supported
[    0.301578] kvm_amd: Virtual NMI enabled
[    0.302071] kvm_amd: LBR virtualization supported
[    0.396947] Initialise system trusted keyrings
[    0.397613] workingset: timestamp_bits=56 max_order=18 bucket_order=0
[    0.398479] squashfs: version 4.0 (2009/01/31) Phillip Lougher
[    0.399242] fuse: init (API version 7.40)
[    0.399809] 9p: Installing v9fs 9p2000 file system support
[    0.407027] Key type asymmetric registered
[    0.407563] Asymmetric key parser 'x509' registered
[    0.408198] Block layer SCSI generic (bsg) driver version 0.4 loaded (major 249)
[    0.409160] io scheduler mq-deadline registered
[    0.409749] io scheduler kyber registered
[    0.411308] input: Power Button as /devices/LNXSYSTM:00/LNXPWRBN:00/input/input0
[    0.412330] ACPI: button: Power Button [PWRF]
[    0.412914] Warning: Processor Platform Limit event detected, but not handled.
[    0.413849] Consider compiling CPUfreq support into your kernel.
[    0.431009] ACPI: \_SB_.LNKB: Enabled at IRQ 10
[    0.447696] ACPI: \_SB_.LNKC: Enabled at IRQ 11
[    0.464216] ACPI: \_SB_.LNKA: Enabled at IRQ 10
[    0.465459] Serial: 8250/16550 driver, 4 ports, IRQ sharing enabled
[    0.466381] 00:03: ttyS0 at I/O 0x3f8 (irq = 4, base_baud = 115200) is a 16550A
[    0.512952] Non-volatile memory driver v1.3
[    0.513516] Linux agpgart interface v0.103
[    0.514069] printk: legacy console [hvc0] enabled
[    0.514140] ACPI: bus type drm_connector registered
[    0.514729] printk: legacy bootconsole [earlyser0] disabled
          _      _                                    
   __   _(_)_ __| |_ _ __ ___   ___       _ __   __ _ 
   \ \ / / |  __| __|  _   _ \ / _ \_____|  _ \ / _  |
    \ V /| | |  | |_| | | | | |  __/_____| | | | (_| |
     \_/ |_|_|   \__|_| |_| |_|\___|     |_| |_|\__  |
                                                |___/ 
   kernel version: 6.9.0-rc6-virtme x86_64
   (CTRL+d to exit)

virtme-ng:/nipa-data/kernel# PS1='xx__-> '
xx__-> env
PWD=/nipa-data/kernel
nr_open=1048576
HOME=/root
TERM=xterm
SHLVL=2
XDG_RUNTIME_DIR=/run/user/0
PATH=/bin:/sbin:/usr/bin:/usr/sbin:/usr/local/bin
OLDPWD=/
_=/usr/bin/env
xx__-> 