No EFI environment detected.
early console in extract_kernel
input_data: 0x00000000030602b9
input_len: 0x0000000000b83b68
output: 0x0000000001000000
output_len: 0x000000000252f460
kernel_total_size: 0x0000000002c30000
needed_size: 0x0000000002e00000
trampoline_32bit: 0x0000000000000000
Physical KASLR using RDRAND RDTSC...
Virtual KASLR using RDRAND RDTSC...

Decompressing Linux... Parsing ELF... Performing relocations... done.
Booting the kernel (entry_offset: 0x0000000000000000).
[    0.000000] Linux version 6.8.0-rc4-virtme (root@34355e99232c) (gcc (Alpine 13.2.1_git20231014) 13.2.1 20231014, GNU ld (GNU Binutils) 2.41) #1 SMP PREEMPT_DYNAMIC Sat Feb 17 09:06:23 UTC 2024
[    0.000000] Command line: virtme_hostname=virtme-ng virtme_link_mods=/nipa-data/kernel/.virtme_mods/lib/modules/0.0.0 virtme_initmount0=nipa-data/kernel virtme_rw_overlay0=/etc virtme_rw_overlay1=/lib virtme_rw_overlay2=/home virtme_rw_overlay3=/opt virtme_rw_overlay4=/srv virtme_rw_overlay5=/usr virtme_rw_overlay6=/var earlyprintk=serial,ttyS0,115200 console=ttyS0 psmouse.proto=exps TERM=xterm virtme_chdir=nipa-data/kernel virtme_root_user=1 rootfstype=9p rootflags=version=9p2000.L,trans=virtio,access=any raid=noautodetect ro init=/usr/lib/python3.11/site-packages/virtme/guest/virtme-init
[    0.000000] BIOS-provided physical RAM map:
[    0.000000] BIOS-e820: [mem 0x0000000000000000-0x000000000009fbff] usable
[    0.000000] BIOS-e820: [mem 0x000000000009fc00-0x000000000009ffff] reserved
[    0.000000] BIOS-e820: [mem 0x00000000000f0000-0x00000000000fffff] reserved
[    0.000000] BIOS-e820: [mem 0x0000000000100000-0x000000003ffdffff] usable
[    0.000000] BIOS-e820: [mem 0x000000003ffe0000-0x000000003fffffff] reserved
[    0.000000] BIOS-e820: [mem 0x00000000feffc000-0x00000000feffffff] reserved
[    0.000000] BIOS-e820: [mem 0x00000000fffc0000-0x00000000ffffffff] reserved
[    0.000000] BIOS-e820: [mem 0x000000fd00000000-0x000000ffffffffff] reserved
[    0.000000] printk: legacy bootconsole [earlyser0] enabled
[    0.000000] NX (Execute Disable) protection: active
[    0.000000] APIC: Static calls initialized
[    0.000000] SMBIOS 3.0.0 present.
[    0.000000] DMI: QEMU Standard PC (i440FX + PIIX, 1996), BIOS rel-1.16.3-0-ga6ed6b701f0a-prebuilt.qemu.org 04/01/2014
[    0.000000] Hypervisor detected: KVM
[    0.000000] kvm-clock: Using msrs 4b564d01 and 4b564d00
[    0.000001] kvm-clock: using sched offset of 239947508 cycles
[    0.000397] clocksource: kvm-clock: mask: 0xffffffffffffffff max_cycles: 0x1cd42e4dffb, max_idle_ns: 881590591483 ns
[    0.001635] tsc: Detected 4491.536 MHz processor
[    0.002256] last_pfn = 0x3ffe0 max_arch_pfn = 0x400000000
[    0.002687] MTRR map: 4 entries (3 fixed + 1 variable; max 19), built from 8 variable MTRRs
[    0.003327] x86/PAT: Configuration [0-7]: WB  WC  UC- UC  WB  WP  UC- WT  
Memory KASLR using RDRAND RDTSC...
[    0.005460] found SMP MP-table at [mem 0x000f5470-0x000f547f]
[    0.005901] Using GB pages for direct mapping
[    0.006297] ACPI: Early table checksum verification disabled
[    0.006725] ACPI: RSDP 0x00000000000F5290 000014 (v00 BOCHS )
[    0.007167] ACPI: RSDT 0x000000003FFE27B6 000034 (v01 BOCHS  BXPC     00000001 BXPC 00000001)
[    0.007811] ACPI: FACP 0x000000003FFE2572 000074 (v01 BOCHS  BXPC     00000001 BXPC 00000001)
[    0.008467] ACPI: DSDT 0x000000003FFE0040 002532 (v01 BOCHS  BXPC     00000001 BXPC 00000001)
[    0.009132] ACPI: FACS 0x000000003FFE0000 000040
[    0.009480] ACPI: APIC 0x000000003FFE25E6 000170 (v03 BOCHS  BXPC     00000001 BXPC 00000001)
[    0.010128] ACPI: HPET 0x000000003FFE2756 000038 (v01 BOCHS  BXPC     00000001 BXPC 00000001)
[    0.010770] ACPI: WAET 0x000000003FFE278E 000028 (v01 BOCHS  BXPC     00000001 BXPC 00000001)
[    0.011423] ACPI: Reserving FACP table memory at [mem 0x3ffe2572-0x3ffe25e5]
[    0.011951] ACPI: Reserving DSDT table memory at [mem 0x3ffe0040-0x3ffe2571]
[    0.012485] ACPI: Reserving FACS table memory at [mem 0x3ffe0000-0x3ffe003f]
[    0.013024] ACPI: Reserving APIC table memory at [mem 0x3ffe25e6-0x3ffe2755]
[    0.013553] ACPI: Reserving HPET table memory at [mem 0x3ffe2756-0x3ffe278d]
[    0.014088] ACPI: Reserving WAET table memory at [mem 0x3ffe278e-0x3ffe27b5]
[    0.014763] No NUMA configuration found
[    0.015061] Faking a node at [mem 0x0000000000000000-0x000000003ffdffff]
[    0.015563] NODE_DATA(0) allocated [mem 0x3ffdb000-0x3ffdffff]
[    0.016022] Zone ranges:
[    0.016213]   DMA      [mem 0x0000000000001000-0x0000000000ffffff]
[    0.016679]   DMA32    [mem 0x0000000001000000-0x000000003ffdffff]
[    0.017152]   Normal   empty
[    0.017369]   Device   empty
[    0.017585] Movable zone start for each node
[    0.017906] Early memory node ranges
[    0.018188]   node   0: [mem 0x0000000000001000-0x000000000009efff]
[    0.018660]   node   0: [mem 0x0000000000100000-0x000000003ffdffff]
[    0.019140] Initmem setup node 0 [mem 0x0000000000001000-0x000000003ffdffff]
[    0.019673] On node 0, zone DMA: 1 pages in unavailable ranges
[    0.020129] On node 0, zone DMA: 97 pages in unavailable ranges
[    0.021552] On node 0, zone DMA32: 32 pages in unavailable ranges
[    0.022220] ACPI: PM-Timer IO Port: 0x608
[    0.022524] ACPI: LAPIC_NMI (acpi_id[0xff] dfl dfl lint[0x1])
[    0.022978] IOAPIC[0]: apic_id 0, version 17, address 0xfec00000, GSI 0-23
[    0.023503] ACPI: INT_SRC_OVR (bus 0 bus_irq 0 global_irq 2 dfl dfl)
[    0.023992] ACPI: INT_SRC_OVR (bus 0 bus_irq 5 global_irq 5 high level)
[    0.024489] ACPI: INT_SRC_OVR (bus 0 bus_irq 9 global_irq 9 high level)
[    0.025002] ACPI: INT_SRC_OVR (bus 0 bus_irq 10 global_irq 10 high level)
[    0.025512] ACPI: INT_SRC_OVR (bus 0 bus_irq 11 global_irq 11 high level)
[    0.026031] ACPI: Using ACPI (MADT) for SMP configuration information
[    0.026515] ACPI: HPET id: 0x8086a201 base: 0xfed00000
[    0.026902] TSC deadline timer available
[    0.027202] smpboot: Allowing 32 CPUs, 0 hotplug CPUs
[    0.027595] kvm-guest: APIC: eoi() replaced with kvm_guest_apic_eoi_write()
[    0.028141] kvm-guest: KVM setup pv remote TLB flush
[    0.028515] kvm-guest: setup PV sched yield
[    0.028835] PM: hibernation: Registered nosave memory: [mem 0x00000000-0x00000fff]
[    0.029417] PM: hibernation: Registered nosave memory: [mem 0x0009f000-0x0009ffff]
[    0.029995] PM: hibernation: Registered nosave memory: [mem 0x000a0000-0x000effff]
[    0.030562] PM: hibernation: Registered nosave memory: [mem 0x000f0000-0x000fffff]
[    0.031135] [mem 0x40000000-0xfeffbfff] available for PCI devices
[    0.031593] Booting paravirtualized kernel on KVM
[    0.031946] clocksource: refined-jiffies: mask: 0xffffffff max_cycles: 0xffffffff, max_idle_ns: 1910969940391419 ns
[    0.035712] setup_percpu: NR_CPUS:64 nr_cpumask_bits:32 nr_cpu_ids:32 nr_node_ids:1
[    0.036881] percpu: Embedded 58 pages/cpu s199904 r8192 d29472 u262144
[    0.037419] Kernel command line: virtme_hostname=virtme-ng virtme_link_mods=/nipa-data/kernel/.virtme_mods/lib/modules/0.0.0 virtme_initmount0=nipa-data/kernel virtme_rw_overlay0=/etc virtme_rw_overlay1=/lib virtme_rw_overlay2=/home virtme_rw_overlay3=/opt virtme_rw_overlay4=/srv virtme_rw_overlay5=/usr virtme_rw_overlay6=/var earlyprintk=serial,ttyS0,115200 console=ttyS0 psmouse.proto=exps TERM=xterm virtme_chdir=nipa-data/kernel virtme_root_user=1 rootfstype=9p rootflags=version=9p2000.L,trans=virtio,access=any raid=noautodetect ro init=/usr/lib/python3.11/site-packages/virtme/guest/virtme-init
[    0.041618] Unknown kernel command line parameters "virtme_hostname=virtme-ng virtme_link_mods=/nipa-data/kernel/.virtme_mods/lib/modules/0.0.0 virtme_initmount0=nipa-data/kernel virtme_rw_overlay0=/etc virtme_rw_overlay1=/lib virtme_rw_overlay2=/home virtme_rw_overlay3=/opt virtme_rw_overlay4=/srv virtme_rw_overlay5=/usr virtme_rw_overlay6=/var virtme_chdir=nipa-data/kernel virtme_root_user=1", will be passed to user space.
[    0.044775] random: crng init done
[    0.045080] Dentry cache hash table entries: 131072 (order: 8, 1048576 bytes, linear)
[    0.045705] Inode-cache hash table entries: 65536 (order: 7, 524288 bytes, linear)
[    0.046401] Fallback order for Node 0: 0 
[    0.046404] Built 1 zonelists, mobility grouping on.  Total pages: 257760
[    0.047248] Policy zone: DMA32
[    0.047484] mem auto-init: stack:all(zero), heap alloc:off, heap free:off
[    0.049562] Memory: 976380K/1048056K available (16384K kernel code, 2558K rwdata, 6076K rodata, 3156K init, 12004K bss, 71416K reserved, 0K cma-reserved)
[    0.050780] SLUB: HWalign=64, Order=0-3, MinObjects=0, CPUs=32, Nodes=1
Poking KASLR using RDRAND RDTSC...
[    0.051580] ftrace: allocating 46575 entries in 182 pages
[    0.058694] ftrace: allocated 182 pages with 5 groups
[    0.059934] Dynamic Preempt: voluntary
[    0.060456] Running RCU self tests
[    0.060723] Running RCU synchronous self tests
[    0.061082] rcu: Preemptible hierarchical RCU implementation.
[    0.061529] rcu: RCU event tracing is enabled.
[    0.061880] rcu: RCU lockdep checking is enabled.
[    0.062251] rcu: RCU restricting CPUs from NR_CPUS=64 to nr_cpu_ids=32.
[    0.062771] Trampoline variant of Tasks RCU enabled.
[    0.063162] Rude variant of Tasks RCU enabled.
[    0.063513] Tracing variant of Tasks RCU enabled.
[    0.063884] rcu: RCU calculated value of scheduler-enlistment delay is 100 jiffies.
[    0.064495] rcu: Adjusting geometry for rcu_fanout_leaf=16, nr_cpu_ids=32
[    0.065052] Running RCU synchronous self tests
[    0.067032] NR_IRQS: 4352, nr_irqs: 680, preallocated irqs: 16
[    0.067675] rcu: srcu_init: Setting srcu_struct sizes based on contention.
[    0.068423] Console: colour *CGA 80x25
[    0.068739] printk: legacy console [ttyS0] enabled
[    0.068739] printk: legacy console [ttyS0] enabled
[    0.069485] printk: legacy bootconsole [earlyser0] disabled
[    0.069485] printk: legacy bootconsole [earlyser0] disabled
[    0.070349] Lock dependency validator: Copyright (c) 2006 Red Hat, Inc., Ingo Molnar
[    0.070945] ... MAX_LOCKDEP_SUBCLASSES:  8
[    0.071264] ... MAX_LOCK_DEPTH:          48
[    0.071590] ... MAX_LOCKDEP_KEYS:        8192
[    0.071929] ... CLASSHASH_SIZE:          4096
[    0.072288] ... MAX_LOCKDEP_ENTRIES:     32768
[    0.072635] ... MAX_LOCKDEP_CHAINS:      65536
[    0.072989] ... CHAINHASH_SIZE:          32768
[    0.073333]  memory used by lock dependency info: 6429 kB
[    0.073751]  memory used for stack traces: 4224 kB
[    0.074122]  per task-struct memory footprint: 1920 bytes
[    0.074554] ACPI: Core revision 20230628
[    0.074964] clocksource: hpet: mask: 0xffffffff max_cycles: 0xffffffff, max_idle_ns: 19112604467 ns
[    0.075777] APIC: Switch to symmetric I/O mode setup
[    0.076200] APIC: Switched APIC routing to: physical flat
[    0.076622] kvm-guest: APIC: send_IPI_mask() replaced with kvm_send_ipi_mask()
[    0.077186] kvm-guest: APIC: send_IPI_mask_allbutself() replaced with kvm_send_ipi_mask_allbutself()
[    0.077888] kvm-guest: setup PV IPIs
[    0.079219] ..TIMER: vector=0x30 apic1=0 pin1=2 apic2=-1 pin2=-1
[    0.080287] tsc: Marking TSC unstable due to TSCs unsynchronized
[    0.081193] Calibrating delay loop (skipped) preset value.. 8983.07 BogoMIPS (lpj=4491536)
[    0.082247] x86/cpu: User Mode Instruction Prevention (UMIP) activated
[    0.083248] Last level iTLB entries: 4KB 512, 2MB 255, 4MB 127
[    0.084188] Last level dTLB entries: 4KB 512, 2MB 255, 4MB 127, 1GB 0
[    0.085192] Spectre V1 : Mitigation: usercopy/swapgs barriers and __user pointer sanitization
[    0.086193] Spectre V2 : Mitigation: Enhanced / Automatic IBRS
[    0.087188] Spectre V2 : Spectre v2 / SpectreRSB mitigation: Filling RSB on context switch
[    0.088191] Spectre V2 : mitigation: Enabling conditional Indirect Branch Prediction Barrier
[    0.089189] Speculative Store Bypass: Mitigation: Speculative Store Bypass disabled via prctl
[    0.090188] Speculative Return Stack Overflow: IBPB-extending microcode not applied!
[    0.091188] Speculative Return Stack Overflow: WARNING: See https://kernel.org/doc/html/latest/admin-guide/hw-vuln/srso.html for mitigation options.
[    0.091189] Speculative Return Stack Overflow: Vulnerable: Safe RET, no microcode
[    0.093210] x86/fpu: Supporting XSAVE feature 0x001: 'x87 floating point registers'
[    0.094188] x86/fpu: Supporting XSAVE feature 0x002: 'SSE registers'
[    0.095188] x86/fpu: Supporting XSAVE feature 0x004: 'AVX registers'
[    0.096033] x86/fpu: Supporting XSAVE feature 0x020: 'AVX-512 opmask'
[    0.096188] x86/fpu: Supporting XSAVE feature 0x040: 'AVX-512 Hi256'
[    0.097188] x86/fpu: Supporting XSAVE feature 0x080: 'AVX-512 ZMM_Hi256'
[    0.098188] x86/fpu: Supporting XSAVE feature 0x200: 'Protection Keys User registers'
[    0.099188] x86/fpu: xstate_offset[2]:  576, xstate_sizes[2]:  256
[    0.100188] x86/fpu: xstate_offset[5]:  832, xstate_sizes[5]:   64
[    0.101188] x86/fpu: xstate_offset[6]:  896, xstate_sizes[6]:  512
[    0.102188] x86/fpu: xstate_offset[7]: 1408, xstate_sizes[7]: 1024
[    0.103188] x86/fpu: xstate_offset[9]: 2432, xstate_sizes[9]:    8
[    0.104017] x86/fpu: Enabled xstate features 0x2e7, context size is 2440 bytes, using 'compacted' format.
[    0.121923] Freeing SMP alternatives memory: 36K
[    0.122190] pid_max: default: 32768 minimum: 301
[    0.123271] Mount-cache hash table entries: 2048 (order: 2, 16384 bytes, linear)
[    0.124190] Mountpoint-cache hash table entries: 2048 (order: 2, 16384 bytes, linear)
[    0.125741] Running RCU synchronous self tests
[    0.126191] Running RCU synchronous self tests
[    0.127283] smpboot: CPU0: AMD Ryzen 9 7950X 16-Core Processor (family: 0x19, model: 0x61, stepping: 0x2)
[    0.128552] RCU Tasks: Setting shift to 5 and lim to 1 rcu_task_cb_adjust=1.
[    0.129222] RCU Tasks Rude: Setting shift to 5 and lim to 1 rcu_task_cb_adjust=1.
[    0.130230] RCU Tasks Trace: Setting shift to 5 and lim to 1 rcu_task_cb_adjust=1.
[    0.131229] Running RCU Tasks wait API self tests
[    0.237261] Running RCU Tasks Rude wait API self tests
[    0.238072] Running RCU Tasks Trace wait API self tests
[    0.238239] Performance Events: Fam17h+ core perfctr, AMD PMU driver.
[    0.239149] ... version:                0
[    0.239191] ... bit width:              48
[    0.239737] ... generic registers:      6
[    0.240191] ... value mask:             0000ffffffffffff
[    0.240893] ... max period:             00007fffffffffff
[    0.241191] ... fixed-purpose events:   0
[    0.241733] ... event mask:             000000000000003f
[    0.242385] signal: max sigframe size: 3376
[    0.243037] rcu: Hierarchical SRCU implementation.
[    0.243192] rcu: Max phase no-delay instances is 400.
[    0.245629] Callback from call_rcu_tasks_trace() invoked.
[    0.248039] smp: Bringing up secondary CPUs ...
[    0.248497] smpboot: x86: Booting SMP configuration:
[    0.249171] .... node  #0, CPUs:        #1  #2  #3  #4  #5  #6  #7  #8  #9 #10 #11 #12 #13 #14 #15 #16 #17 #18 #19 #20 #21 #22 #23 #24 #25 #26 #27 #28 #29 #30 #31
[    0.272294] smp: Brought up 1 node, 32 CPUs
[    0.273783] smpboot: Max logical packages: 1
[    0.274196] smpboot: Total of 32 processors activated (287458.30 BogoMIPS)
[    0.279346] devtmpfs: initialized
[    0.279809] x86/mm: Memory block size: 128MB
[    0.282430] Running RCU synchronous self tests
[    0.283069] Running RCU synchronous self tests
[    0.283272] clocksource: jiffies: mask: 0xffffffff max_cycles: 0xffffffff, max_idle_ns: 1911260446275000 ns
[    0.284197] futex hash table entries: 8192 (order: 8, 1048576 bytes, linear)
[    0.285642] PM: RTC time: 09:06:57, date: 2024-02-17
[    0.286811] NET: Registered PF_NETLINK/PF_ROUTE protocol family
[    0.287836] thermal_sys: Registered thermal governor 'step_wise'
[    0.287838] thermal_sys: Registered thermal governor 'user_space'
[    0.288245] cpuidle: using governor menu
[    0.290590] PCI: Using configuration type 1 for base access
[    0.291191] PCI: Using configuration type 1 for extended access
[    0.292106] kprobes: kprobe jump-optimization is enabled. All kprobes are optimized if possible.
[    0.307243] HugeTLB: registered 1.00 GiB page size, pre-allocated 0 pages
[    0.308180] HugeTLB: 16380 KiB vmemmap can be freed for a 1.00 GiB page
[    0.308192] HugeTLB: registered 2.00 MiB page size, pre-allocated 0 pages
[    0.309086] HugeTLB: 28 KiB vmemmap can be freed for a 2.00 MiB page
[    0.309477] ACPI: Added _OSI(Module Device)
[    0.310193] ACPI: Added _OSI(Processor Device)
[    0.310795] ACPI: Added _OSI(3.0 _SCP Extensions)
[    0.311191] ACPI: Added _OSI(Processor Aggregator Device)
[    0.313966] ACPI: 1 ACPI AML tables successfully acquired and loaded
[    0.315736] ACPI: _OSC evaluation for CPUs failed, trying _PDC
[    0.316707] ACPI: Interpreter enabled
[    0.317231] ACPI: PM: (supports S0 S3 S4 S5)
[    0.317802] ACPI: Using IOAPIC for interrupt routing
[    0.318210] PCI: Using host bridge windows from ACPI; if necessary, use "pci=nocrs" and report a bug
[    0.319190] PCI: Using E820 reservations for host bridge windows
[    0.320282] ACPI: Enabled 2 GPEs in block 00 to 0F
[    0.329790] ACPI: PCI Root Bridge [PCI0] (domain 0000 [bus 00-ff])
[    0.330194] acpi PNP0A03:00: _OSC: OS supports [ExtendedConfig ASPM ClockPM Segments MSI HPX-Type3]
[    0.331681] PCI host bridge to bus 0000:00
[    0.332191] pci_bus 0000:00: root bus resource [io  0x0000-0x0cf7 window]
[    0.333096] pci_bus 0000:00: root bus resource [io  0x0d00-0xffff window]
[    0.333191] pci_bus 0000:00: root bus resource [mem 0x000a0000-0x000bffff window]
[    0.334181] pci_bus 0000:00: root bus resource [mem 0x40000000-0xfebfffff window]
[    0.334191] pci_bus 0000:00: root bus resource [mem 0x100000000-0x17fffffff window]
[    0.335191] pci_bus 0000:00: root bus resource [bus 00-ff]
[    0.336069] pci 0000:00:00.0: [8086:1237] type 00 class 0x060000 conventional PCI endpoint
[    0.336690] pci 0000:00:01.0: [8086:7000] type 00 class 0x060100 conventional PCI endpoint
[    0.337640] pci 0000:00:01.1: [8086:7010] type 00 class 0x010180 conventional PCI endpoint
[    0.340421] pci 0000:00:01.1: BAR 4 [io  0xc080-0xc08f]
[    0.342206] pci 0000:00:01.1: BAR 0 [io  0x01f0-0x01f7]: legacy IDE quirk
[    0.343127] pci 0000:00:01.1: BAR 1 [io  0x03f6]: legacy IDE quirk
[    0.343191] pci 0000:00:01.1: BAR 2 [io  0x0170-0x0177]: legacy IDE quirk
[    0.344087] pci 0000:00:01.1: BAR 3 [io  0x0376]: legacy IDE quirk
[    0.344262] Callback from call_rcu_tasks_rude() invoked.
[    0.345213] pci 0000:00:01.3: [8086:7113] type 00 class 0x068000 conventional PCI endpoint
[    0.346457] pci 0000:00:01.3: quirk: [io  0x0600-0x063f] claimed by PIIX4 ACPI
[    0.347195] pci 0000:00:01.3: quirk: [io  0x0700-0x070f] claimed by PIIX4 SMB
[    0.348419] pci 0000:00:02.0: [1af4:1009] type 00 class 0x000200 conventional PCI endpoint
[    0.350191] pci 0000:00:02.0: BAR 0 [io  0xc000-0xc03f]
[    0.351851] pci 0000:00:02.0: BAR 1 [mem 0xfebfd000-0xfebfdfff]
[    0.355191] pci 0000:00:02.0: BAR 4 [mem 0xfebf4000-0xfebf7fff 64bit pref]
[    0.358421] pci 0000:00:03.0: [1af4:1009] type 00 class 0x000200 conventional PCI endpoint
[    0.360191] pci 0000:00:03.0: BAR 0 [io  0xc040-0xc07f]
[    0.361824] pci 0000:00:03.0: BAR 1 [mem 0xfebfe000-0xfebfefff]
[    0.365824] pci 0000:00:03.0: BAR 4 [mem 0xfebf8000-0xfebfbfff 64bit pref]
[    0.368340] pci 0000:00:04.0: [8086:25ab] type 00 class 0x088000 conventional PCI endpoint
[    0.369681] pci 0000:00:04.0: BAR 0 [mem 0xfebff000-0xfebff00f]
[    0.374399] ACPI: PCI: Interrupt link LNKA configured for IRQ 10
[    0.375358] ACPI: PCI: Interrupt link LNKB configured for IRQ 10
[    0.376271] ACPI: PCI: Interrupt link LNKC configured for IRQ 11
[    0.377226] ACPI: PCI: Interrupt link LNKD configured for IRQ 11
[    0.378125] ACPI: PCI: Interrupt link LNKS configured for IRQ 9
[    0.380601] iommu: Default domain type: Translated
[    0.381191] iommu: DMA domain TLB invalidation policy: lazy mode
[    0.382274] SCSI subsystem initialized
[    0.382808] pps_core: LinuxPPS API ver. 1 registered
[    0.383192] pps_core: Software ver. 5.3.6 - Copyright 2005-2007 Rodolfo Giometti <giometti@linux.it>
[    0.384195] PTP clock support registered
[    0.384760] Advanced Linux Sound Architecture Driver Initialized.
[    0.385810] NET: Registered PF_ATMPVC protocol family
[    0.386192] NET: Registered PF_ATMSVC protocol family
[    0.386874] PCI: Using ACPI for IRQ routing
[    0.387358] vgaarb: loaded
[    0.387583] hpet0: at MMIO 0xfed00000, IRQs 2, 8, 0
[    0.388192] hpet0: 3 comparators, 64-bit 100.000000 MHz counter
[    0.394656] clocksource: Switched to clocksource kvm-clock
[    0.395697] VFS: Disk quotas dquot_6.6.0
[    0.396571] VFS: Dquot-cache hash table entries: 512 (order 0, 4096 bytes)
[    0.397616] pnp: PnP ACPI init
[    0.398585] pnp: PnP ACPI: found 5 devices
[    0.408211] clocksource: acpi_pm: mask: 0xffffff max_cycles: 0xffffff, max_idle_ns: 2085701024 ns
[    0.409454] NET: Registered PF_INET protocol family
[    0.410173] IP idents hash table entries: 16384 (order: 5, 131072 bytes, linear)
[    0.411450] tcp_listen_portaddr_hash hash table entries: 512 (order: 3, 36864 bytes, linear)
[    0.412590] Table-perturb hash table entries: 65536 (order: 6, 262144 bytes, linear)
[    0.413654] TCP established hash table entries: 8192 (order: 4, 65536 bytes, linear)
[    0.414732] TCP bind hash table entries: 8192 (order: 8, 1179648 bytes, linear)
[    0.416118] TCP: Hash tables configured (established 8192 bind 8192)
[    0.417087] UDP hash table entries: 512 (order: 4, 81920 bytes, linear)
[    0.418011] UDP-Lite hash table entries: 512 (order: 4, 81920 bytes, linear)
[    0.419107] NET: Registered PF_UNIX/PF_LOCAL protocol family
[    0.419877] pci_bus 0000:00: resource 4 [io  0x0000-0x0cf7 window]
[    0.420703] pci_bus 0000:00: resource 5 [io  0x0d00-0xffff window]
[    0.421527] pci_bus 0000:00: resource 6 [mem 0x000a0000-0x000bffff window]
[    0.422443] pci_bus 0000:00: resource 7 [mem 0x40000000-0xfebfffff window]
[    0.423361] pci_bus 0000:00: resource 8 [mem 0x100000000-0x17fffffff window]
[    0.424374] pci 0000:00:01.0: PIIX3: Enabling Passive Release
[    0.425147] pci 0000:00:00.0: Limiting direct PCI/PCI transfers
[    0.425974] PCI: CLS 0 bytes, default 64
[    0.426566] kvm_intel: VMX not supported by CPU 0
[    0.427538] kvm_amd: TSC scaling supported
[    0.428109] kvm_amd: Nested Virtualization enabled
[    0.428745] kvm_amd: Nested Paging enabled
[    0.429322] kvm_amd: Virtual VMLOAD VMSAVE supported
[    0.429995] kvm_amd: Virtual GIF supported
[    0.430542] kvm_amd: Virtual NMI enabled
[    0.431076] kvm_amd: LBR virtualization supported
[    0.445202] Callback from call_rcu_tasks() invoked.
[    0.530105] workingset: timestamp_bits=56 max_order=18 bucket_order=0
[    0.531088] squashfs: version 4.0 (2009/01/31) Phillip Lougher
[    0.531874] fuse: init (API version 7.39)
[    0.532489] 9p: Installing v9fs 9p2000 file system support
[    0.533320] Key type asymmetric registered
[    0.533888] Block layer SCSI generic (bsg) driver version 0.4 loaded (major 249)
[    0.534929] io scheduler mq-deadline registered
[    0.535535] io scheduler kyber registered
[    0.537417] input: Power Button as /devices/LNXSYSTM:00/LNXPWRBN:00/input/input0
[    0.538596] ACPI: button: Power Button [PWRF]
[    0.539285] Warning: Processor Platform Limit event detected, but not handled.
[    0.540243] Consider compiling CPUfreq support into your kernel.
[    0.614210] ACPI: \_SB_.LNKB: Enabled at IRQ 10
[    0.686785] ACPI: \_SB_.LNKC: Enabled at IRQ 11
[    0.688239] Serial: 8250/16550 driver, 4 ports, IRQ sharing enabled
[    0.689555] 00:03: ttyS0 at I/O 0x3f8 (irq = 4, base_baud = 115200) is a 16550A
[    0.691637] Non-volatile memory driver v1.3
[    0.692213] Linux agpgart interface v0.103
[    0.692886] ACPI: bus type drm_connector registered
[    0.706179] loop: module loaded
[    0.707917] scsi host0: ata_piix
[    0.708700] scsi host1: ata_piix
[    0.709209] ata1: PATA max MWDMA2 cmd 0x1f0 ctl 0x3f6 bmdma 0xc080 irq 14 lpm-pol 0
[    0.710219] ata2: PATA max MWDMA2 cmd 0x170 ctl 0x376 bmdma 0xc088 irq 15 lpm-pol 0
[    0.711941] i8042: PNP: PS/2 Controller [PNP0303:KBD,PNP0f13:MOU] at 0x60,0x64 irq 1,12
[    0.713672] serio: i8042 KBD port at 0x60,0x64 irq 1
[    0.714359] serio: i8042 AUX port at 0x60,0x64 irq 12
[    0.715575] rtc_cmos 00:04: RTC can wake from S4
[    0.716664] input: AT Translated Set 2 keyboard as /devices/platform/i8042/serio0/input/input1
[    0.718892] rtc_cmos 00:04: registered as rtc0
[    0.719671] rtc_cmos 00:04: setting system clock to 2024-02-17T09:06:57 UTC (1708160817)
[    0.720990] rtc_cmos 00:04: alarms up to one day, y3k, 242 bytes nvram, hpet irqs
[    0.722611] i6300ESB timer 0000:00:04.0: initialized. heartbeat=30 sec (nowayout=0)
[    0.723932] device-mapper: ioctl: 4.48.0-ioctl (2023-03-01) initialised: dm-devel@redhat.com
[    0.725741] input: ImExPS/2 Generic Explorer Mouse as /devices/platform/i8042/serio1/input/input3
[    0.727215] NET: Registered PF_PACKET protocol family
[    0.727898] 9pnet: Installing 9P2000 support
[    0.729532] Key type dns_resolver registered
[    0.733492] IPI shorthand broadcast: enabled
[    0.742121] sched_clock: Marking stable (733002101, 8960966)->(780281449, -38318382)
[    0.743431] registered taskstats version 1
[    0.748856] PM:   Magic number: 12:270:121
[    0.749469] printk: legacy console [netcon0] enabled
[    0.750143] netconsole: network logging started
[    0.751091] ALSA device list:
[    0.751596]   No soundcards found.
[    0.869270] ata2: found unknown device (class 0)
[    0.870313] ata2.00: ATAPI: QEMU DVD-ROM, 2.5+, max UDMA/100
[    0.872314] scsi 1:0:0:0: CD-ROM            QEMU     QEMU DVD-ROM     2.5+ PQ: 0 ANSI: 5
[    0.880758] scsi 1:0:0:0: Attached scsi generic sg0 type 5
[    0.881544] md: Skipping autodetection of RAID arrays. (raid=autodetect will force)
[    0.882480] 9pnet_virtio: no channels available for device 
[    0.883799] VFS: Mounted root (9p filesystem) readonly on device 0:19.
[    0.884792] devtmpfs: mounted
[    0.886806] Freeing unused kernel image (initmem) memory: 3156K
[    0.894990] Write protecting the kernel read-only data: 22528k
[    0.896115] Freeing unused kernel image (rodata/data gap) memory: 68K
[    0.926021] x86/mm: Checked W+X mappings: passed, no W+X pages found.
[    0.926762] Run /usr/lib/python3.11/site-packages/virtme/guest/virtme-init as init process
[    0.952589] mount (264) used greatest stack depth: 12984 bytes left
[    0.989792] mkdir (272) used greatest stack depth: 12808 bytes left
[    1.027638] mount (282) used greatest stack depth: 12584 bytes left
[    1.079595] virtme-init (313) used greatest stack depth: 12568 bytes left
[    1.082731] virtme-init (310) used greatest stack depth: 12424 bytes left
[    1.116414] virtme-init: basic initialization done
[    1.122207] virtme-init: udevd not found
[    1.176266] virtme-init: Setting hostname to virtme-ng...
[    1.189561] ip (356) used greatest stack depth: 12056 bytes left
          _      _                                    
   __   _(_)_ __| |_ _ __ ___   ___       _ __   __ _ 
   \ \ / / |  __| __|  _   _ \ / _ \_____|  _ \ / _  |
    \ V /| | |  | |_| | | | | |  __/_____| | | | (_| |
     \_/ |_|_|   \__|_| |_| |_|\___|     |_| |_|\__  |
                                                |___/ 
   kernel version: 6.8.0-rc4-virtme x86_64

virtme-ng:/nipa-data/kernel# PS1='xx__-> '
xx__-> env
PWD=/nipa-data/kernel
HOME=/
TERM=xterm
SHLVL=2
XDG_RUNTIME_DIR=/run/user/0
PATH=/bin:/sbin:/usr/bin:/usr/sbin:/usr/local/bin
OLDPWD=/
_=/usr/bin/env
xx__-> 