No EFI environment detected.
early console in extract_kernel
input_data: 0x0000000002be42c4
input_len: 0x0000000000b70037
output: 0x0000000001000000
output_len: 0x000000000270ce88
kernel_total_size: 0x0000000002430000
needed_size: 0x0000000002800000
trampoline_32bit: 0x0000000000000000
Physical KASLR using RDRAND RDTSC...
Virtual KASLR using RDRAND RDTSC...

Decompressing Linux... Parsing ELF... Performing relocations... done.
Booting the kernel (entry_offset: 0x0000000000000000).
[    0.000000] Linux version 6.12.0-rc5-virtme (root@c25f37489fb7) (gcc (Ubuntu 13.2.0-23ubuntu4) 13.2.0, GNU ld (GNU Binutils for Ubuntu) 2.42) #1 SMP PREEMPT_DYNAMIC Mon Nov  4 15:06:01 UTC 2024
[    0.000000] Command line: virtme_hostname=virtme-ng nr_open=1048576 virtme_link_mods=/nipa-data/kernel/.virtme_mods/lib/modules/0.0.0 virtme_initmount0=nipa-data/kernel virtme_rw_overlay0=/etc virtme_rw_overlay1=/lib virtme_rw_overlay2=/home virtme_rw_overlay3=/opt virtme_rw_overlay4=/srv virtme_rw_overlay5=/usr virtme_rw_overlay6=/var console=hvc0 earlyprintk=serial,ttyS0,115200 virtme_console=ttyS0 psmouse.proto=exps TERM=xterm virtme_chdir=nipa-data/kernel virtme_root_user=1 rootfstype=9p rootflags=version=9p2000.L,trans=virtio,access=any raid=noautodetect ro init=/usr/lib/python3/dist-packages/virtme/guest/virtme-init
[    0.000000] BIOS-provided physical RAM map:
[    0.000000] BIOS-e820: [mem 0x0000000000000000-0x000000000009fbff] usable
[    0.000000] BIOS-e820: [mem 0x000000000009fc00-0x000000000009ffff] reserved
[    0.000000] BIOS-e820: [mem 0x00000000000f0000-0x00000000000fffff] reserved
[    0.000000] BIOS-e820: [mem 0x0000000000100000-0x000000003ffdffff] usable
[    0.000000] BIOS-e820: [mem 0x000000003ffe0000-0x000000003fffffff] reserved
[    0.000000] BIOS-e820: [mem 0x00000000feffc000-0x00000000feffffff] reserved
[    0.000000] BIOS-e820: [mem 0x00000000fffc0000-0x00000000ffffffff] reserved
[    0.000000] BIOS-e820: [mem 0x000000fd00000000-0x000000ffffffffff] reserved
[    0.000000] printk: legacy bootconsole [earlyser0] enabled
[    0.000000] NX (Execute Disable) protection: active
[    0.000000] APIC: Static calls initialized
[    0.000000] SMBIOS 3.0.0 present.
[    0.000000] DMI: QEMU Ubuntu 24.04 PC (i440FX + PIIX, 1996), BIOS 1.16.3-debian-1.16.3-2 04/01/2014
[    0.000000] DMI: Memory slots populated: 1/1
[    0.000000] Hypervisor detected: KVM
[    0.000000] kvm-clock: Using msrs 4b564d01 and 4b564d00
[    0.000000] kvm-clock: using sched offset of 210240718 cycles
[    0.000342] clocksource: kvm-clock: mask: 0xffffffffffffffff max_cycles: 0x1cd42e4dffb, max_idle_ns: 881590591483 ns
[    0.001407] tsc: Detected 4491.560 MHz processor
[    0.001962] last_pfn = 0x3ffe0 max_arch_pfn = 0x400000000
[    0.002338] MTRR map: 4 entries (3 fixed + 1 variable; max 19), built from 8 variable MTRRs
[    0.002887] x86/PAT: Configuration [0-7]: WB  WC  UC- UC  WB  WP  UC- WT  
Memory KASLR using RDRAND RDTSC...
[    0.004779] found SMP MP-table at [mem 0x000f5470-0x000f547f]
[    0.005159] Using GB pages for direct mapping
[    0.005514] ACPI: Early table checksum verification disabled
[    0.005889] ACPI: RSDP 0x00000000000F5290 000014 (v00 BOCHS )
[    0.006266] ACPI: RSDT 0x000000003FFE27BC 000034 (v01 BOCHS  BXPC     00000001 BXPC 00000001)
[    0.006823] ACPI: FACP 0x000000003FFE2578 000074 (v01 BOCHS  BXPC     00000001 BXPC 00000001)
[    0.007380] ACPI: DSDT 0x000000003FFE0040 002538 (v01 BOCHS  BXPC     00000001 BXPC 00000001)
[    0.007939] ACPI: FACS 0x000000003FFE0000 000040
[    0.008242] ACPI: APIC 0x000000003FFE25EC 000170 (v03 BOCHS  BXPC     00000001 BXPC 00000001)
[    0.008799] ACPI: HPET 0x000000003FFE275C 000038 (v01 BOCHS  BXPC     00000001 BXPC 00000001)
[    0.009354] ACPI: WAET 0x000000003FFE2794 000028 (v01 BOCHS  BXPC     00000001 BXPC 00000001)
[    0.009911] ACPI: Reserving FACP table memory at [mem 0x3ffe2578-0x3ffe25eb]
[    0.010371] ACPI: Reserving DSDT table memory at [mem 0x3ffe0040-0x3ffe2577]
[    0.010831] ACPI: Reserving FACS table memory at [mem 0x3ffe0000-0x3ffe003f]
[    0.011291] ACPI: Reserving APIC table memory at [mem 0x3ffe25ec-0x3ffe275b]
[    0.011750] ACPI: Reserving HPET table memory at [mem 0x3ffe275c-0x3ffe2793]
[    0.012212] ACPI: Reserving WAET table memory at [mem 0x3ffe2794-0x3ffe27bb]
[    0.012797] No NUMA configuration found
[    0.013047] Faking a node at [mem 0x0000000000000000-0x000000003ffdffff]
[    0.013484] NODE_DATA(0) allocated [mem 0x3ffdb780-0x3ffdffff]
[    0.013872] Zone ranges:
[    0.014037]   DMA      [mem 0x0000000000001000-0x0000000000ffffff]
[    0.014441]   DMA32    [mem 0x0000000001000000-0x000000003ffdffff]
[    0.014845]   Normal   empty
[    0.015032]   Device   empty
[    0.015220] Movable zone start for each node
[    0.015498] Early memory node ranges
[    0.015730]   node   0: [mem 0x0000000000001000-0x000000000009efff]
[    0.016141]   node   0: [mem 0x0000000000100000-0x000000003ffdffff]
[    0.016550] Initmem setup node 0 [mem 0x0000000000001000-0x000000003ffdffff]
[    0.017011] On node 0, zone DMA: 1 pages in unavailable ranges
[    0.017399] On node 0, zone DMA: 97 pages in unavailable ranges
[    0.018711] On node 0, zone DMA32: 32 pages in unavailable ranges
[    0.019297] ACPI: PM-Timer IO Port: 0x608
[    0.019564] ACPI: LAPIC_NMI (acpi_id[0xff] dfl dfl lint[0x1])
[    0.019961] IOAPIC[0]: apic_id 0, version 17, address 0xfec00000, GSI 0-23
[    0.020410] ACPI: INT_SRC_OVR (bus 0 bus_irq 0 global_irq 2 dfl dfl)
[    0.020826] ACPI: INT_SRC_OVR (bus 0 bus_irq 5 global_irq 5 high level)
[    0.021258] ACPI: INT_SRC_OVR (bus 0 bus_irq 9 global_irq 9 high level)
[    0.021689] ACPI: INT_SRC_OVR (bus 0 bus_irq 10 global_irq 10 high level)
[    0.022132] ACPI: INT_SRC_OVR (bus 0 bus_irq 11 global_irq 11 high level)
[    0.022575] ACPI: Using ACPI (MADT) for SMP configuration information
[    0.022995] ACPI: HPET id: 0x8086a201 base: 0xfed00000
[    0.023331] TSC deadline timer available
[    0.023588] CPU topo: Max. logical packages:   1
[    0.023892] CPU topo: Max. logical dies:       1
[    0.024192] CPU topo: Max. dies per package:   1
[    0.024496] CPU topo: Max. threads per core:   1
[    0.024797] CPU topo: Num. cores per package:    32
[    0.025115] CPU topo: Num. threads per package:  32
[    0.025433] CPU topo: Allowing 32 present CPUs plus 0 hotplug CPUs
[    0.025842] kvm-guest: APIC: eoi() replaced with kvm_guest_apic_eoi_write()
[    0.026303] kvm-guest: KVM setup pv remote TLB flush
[    0.026629] kvm-guest: setup PV sched yield
[    0.026904] PM: hibernation: Registered nosave memory: [mem 0x00000000-0x00000fff]
[    0.027398] PM: hibernation: Registered nosave memory: [mem 0x0009f000-0x0009ffff]
[    0.027893] PM: hibernation: Registered nosave memory: [mem 0x000a0000-0x000effff]
[    0.028386] PM: hibernation: Registered nosave memory: [mem 0x000f0000-0x000fffff]
[    0.028884] [mem 0x40000000-0xfeffbfff] available for PCI devices
[    0.029279] Booting paravirtualized kernel on KVM
[    0.029585] clocksource: refined-jiffies: mask: 0xffffffff max_cycles: 0xffffffff, max_idle_ns: 1910969940391419 ns
[    0.032938] setup_percpu: NR_CPUS:64 nr_cpumask_bits:32 nr_cpu_ids:32 nr_node_ids:1
[    0.034036] percpu: Embedded 58 pages/cpu s198552 r8192 d30824 u262144
[    0.034494] Kernel command line: virtme_hostname=virtme-ng nr_open=1048576 virtme_link_mods=/nipa-data/kernel/.virtme_mods/lib/modules/0.0.0 virtme_initmount0=nipa-data/kernel virtme_rw_overlay0=/etc virtme_rw_overlay1=/lib virtme_rw_overlay2=/home virtme_rw_overlay3=/opt virtme_rw_overlay4=/srv virtme_rw_overlay5=/usr virtme_rw_overlay6=/var console=hvc0 earlyprintk=serial,ttyS0,115200 virtme_console=ttyS0 psmouse.proto=exps TERM=xterm virtme_chdir=nipa-data/kernel virtme_root_user=1 rootfstype=9p rootflags=version=9p2000.L,trans=virtio,access=any raid=noautodetect ro init=/usr/lib/python3/dist-packages/virtme/guest/virtme-init
[    0.038323] Unknown kernel command line parameters "virtme_hostname=virtme-ng nr_open=1048576 virtme_link_mods=/nipa-data/kernel/.virtme_mods/lib/modules/0.0.0 virtme_initmount0=nipa-data/kernel virtme_rw_overlay0=/etc virtme_rw_overlay1=/lib virtme_rw_overlay2=/home virtme_rw_overlay3=/opt virtme_rw_overlay4=/srv virtme_rw_overlay5=/usr virtme_rw_overlay6=/var virtme_console=ttyS0 virtme_chdir=nipa-data/kernel virtme_root_user=1", will be passed to user space.
[    0.041255] random: crng init done
[    0.041511] Dentry cache hash table entries: 131072 (order: 8, 1048576 bytes, linear)
[    0.042056] Inode-cache hash table entries: 65536 (order: 7, 524288 bytes, linear)
[    0.042644] Fallback order for Node 0: 0 
[    0.042646] Built 1 zonelists, mobility grouping on.  Total pages: 262014
[    0.043371] Policy zone: DMA32
[    0.043576] mem auto-init: stack:all(zero), heap alloc:off, heap free:off
[    0.044611] SLUB: HWalign=64, Order=0-3, MinObjects=0, CPUs=32, Nodes=1
Poking KASLR using RDRAND RDTSC...
[    0.045286] ftrace: allocating 48477 entries in 190 pages
[    0.051937] ftrace: allocated 190 pages with 6 groups
[    0.052814] Dynamic Preempt: voluntary
[    0.053186] rcu: Preemptible hierarchical RCU implementation.
[    0.053569] rcu: RCU event tracing is enabled.
[    0.053870] rcu: RCU restricting CPUs from NR_CPUS=64 to nr_cpu_ids=32.
[    0.054315] Trampoline variant of Tasks RCU enabled.
[    0.054650] Rude variant of Tasks RCU enabled.
[    0.054954] Tracing variant of Tasks RCU enabled.
[    0.055274] rcu: RCU calculated value of scheduler-enlistment delay is 100 jiffies.
[    0.055784] rcu: Adjusting geometry for rcu_fanout_leaf=16, nr_cpu_ids=32
[    0.056244] RCU Tasks: Setting shift to 5 and lim to 1 rcu_task_cb_adjust=1 rcu_task_cpu_ids=32.
[    0.056830] RCU Tasks Rude: Setting shift to 5 and lim to 1 rcu_task_cb_adjust=1 rcu_task_cpu_ids=32.
[    0.057446] RCU Tasks Trace: Setting shift to 5 and lim to 1 rcu_task_cb_adjust=1 rcu_task_cpu_ids=32.
[    0.059400] NR_IRQS: 4352, nr_irqs: 680, preallocated irqs: 16
[    0.059951] rcu: srcu_init: Setting srcu_struct sizes based on contention.
[    0.060540] Console: colour *CGA 80x25
[    0.060796] ACPI: Core revision 20240827
[    0.061119] clocksource: hpet: mask: 0xffffffff max_cycles: 0xffffffff, max_idle_ns: 19112604467 ns
[    0.061774] APIC: Switch to symmetric I/O mode setup
[    0.062133] kvm-guest: APIC: send_IPI_mask() replaced with kvm_send_ipi_mask()
[    0.062611] kvm-guest: APIC: send_IPI_mask_allbutself() replaced with kvm_send_ipi_mask_allbutself()
[    0.063207] kvm-guest: setup PV IPIs
[    0.064189] ..TIMER: vector=0x30 apic1=0 pin1=2 apic2=-1 pin2=-1
[    0.064929] clocksource: tsc-early: mask: 0xffffffffffffffff max_cycles: 0x40be4320a4d, max_idle_ns: 440795288133 ns
[    0.066198] Calibrating delay loop (skipped) preset value.. 8983.12 BogoMIPS (lpj=4491560)
[    0.067255] x86/cpu: User Mode Instruction Prevention (UMIP) activated
[    0.068242] Last level iTLB entries: 4KB 512, 2MB 255, 4MB 127
[    0.069197] Last level dTLB entries: 4KB 512, 2MB 255, 4MB 127, 1GB 0
[    0.069966] Spectre V1 : Mitigation: usercopy/swapgs barriers and __user pointer sanitization
[    0.070200] Spectre V2 : Mitigation: Enhanced / Automatic IBRS
[    0.071197] Spectre V2 : Spectre v2 / SpectreRSB mitigation: Filling RSB on context switch
[    0.072197] Spectre V2 : mitigation: Enabling conditional Indirect Branch Prediction Barrier
[    0.073198] Speculative Store Bypass: Mitigation: Speculative Store Bypass disabled via prctl
[    0.074197] Speculative Return Stack Overflow: IBPB-extending microcode not applied!
[    0.075197] Speculative Return Stack Overflow: WARNING: See https://kernel.org/doc/html/latest/admin-guide/hw-vuln/srso.html for mitigation options.
[    0.075197] Speculative Return Stack Overflow: Vulnerable: Safe RET, no microcode
[    0.077211] x86/fpu: Supporting XSAVE feature 0x001: 'x87 floating point registers'
[    0.078108] x86/fpu: Supporting XSAVE feature 0x002: 'SSE registers'
[    0.078197] x86/fpu: Supporting XSAVE feature 0x004: 'AVX registers'
[    0.079197] x86/fpu: Supporting XSAVE feature 0x020: 'AVX-512 opmask'
[    0.080197] x86/fpu: Supporting XSAVE feature 0x040: 'AVX-512 Hi256'
[    0.080939] x86/fpu: Supporting XSAVE feature 0x080: 'AVX-512 ZMM_Hi256'
[    0.081197] x86/fpu: Supporting XSAVE feature 0x200: 'Protection Keys User registers'
[    0.082197] x86/fpu: xstate_offset[2]:  576, xstate_sizes[2]:  256
[    0.083197] x86/fpu: xstate_offset[5]:  832, xstate_sizes[5]:   64
[    0.084197] x86/fpu: xstate_offset[6]:  896, xstate_sizes[6]:  512
[    0.084919] x86/fpu: xstate_offset[7]: 1408, xstate_sizes[7]: 1024
[    0.085197] x86/fpu: xstate_offset[9]: 2432, xstate_sizes[9]:    8
[    0.086197] x86/fpu: Enabled xstate features 0x2e7, context size is 2440 bytes, using 'compacted' format.
[    0.100932] Freeing SMP alternatives memory: 40K
[    0.101198] pid_max: default: 32768 minimum: 301
[    0.101753] Mount-cache hash table entries: 2048 (order: 2, 16384 bytes, linear)
[    0.102197] Mountpoint-cache hash table entries: 2048 (order: 2, 16384 bytes, linear)
[    0.103323] smpboot: CPU0: AMD Ryzen 9 7950X 16-Core Processor (family: 0x19, model: 0x61, stepping: 0x2)
[    0.104304] Performance Events: Fam17h+ core perfctr, AMD PMU driver.
[    0.105084] ... version:                0
[    0.105198] ... bit width:              48
[    0.105677] ... generic registers:      6
[    0.106150] ... value mask:             0000ffffffffffff
[    0.106198] ... max period:             00007fffffffffff
[    0.106820] ... fixed-purpose events:   0
[    0.107198] ... event mask:             000000000000003f
[    0.107889] signal: max sigframe size: 3376
[    0.108213] rcu: Hierarchical SRCU implementation.
[    0.108773] rcu: Max phase no-delay instances is 400.
[    0.109218] Timer migration: 2 hierarchy levels; 8 children per group; 2 crossnode level
[    0.112217] smp: Bringing up secondary CPUs ...
[    0.112796] smpboot: x86: Booting SMP configuration:
[    0.113199] .... node  #0, CPUs:        #1  #2  #3  #4  #5  #6  #7  #8  #9 #10 #11 #12 #13 #14 #15 #16 #17 #18 #19 #20 #21 #22 #23 #24 #25 #26 #27 #28 #29 #30 #31
[    0.125294] smp: Brought up 1 node, 32 CPUs
[    0.126693] smpboot: Total of 32 processors activated (287459.84 BogoMIPS)
[    0.129219] Memory: 969832K/1048056K available (16384K kernel code, 2449K rwdata, 6280K rodata, 3132K init, 1856K bss, 63180K reserved, 0K cma-reserved)
[    0.130302] devtmpfs: initialized
[    0.131219] x86/mm: Memory block size: 128MB
[    0.132395] clocksource: jiffies: mask: 0xffffffff max_cycles: 0xffffffff, max_idle_ns: 1911260446275000 ns
[    0.133199] futex hash table entries: 8192 (order: 7, 524288 bytes, linear)
[    0.134121] PM: RTC time: 15:06:18, date: 2024-11-04
[    0.135563] NET: Registered PF_NETLINK/PF_ROUTE protocol family
[    0.136305] thermal_sys: Registered thermal governor 'step_wise'
[    0.136307] thermal_sys: Registered thermal governor 'user_space'
[    0.137201] cpuidle: using governor menu
[    0.139370] PCI: Using configuration type 1 for base access
[    0.140198] PCI: Using configuration type 1 for extended access
[    0.140958] kprobes: kprobe jump-optimization is enabled. All kprobes are optimized if possible.
[    0.142302] HugeTLB: registered 1.00 GiB page size, pre-allocated 0 pages
[    0.143198] HugeTLB: 16380 KiB vmemmap can be freed for a 1.00 GiB page
[    0.143988] HugeTLB: registered 2.00 MiB page size, pre-allocated 0 pages
[    0.144198] HugeTLB: 28 KiB vmemmap can be freed for a 2.00 MiB page
[    0.145013] ACPI: Added _OSI(Module Device)
[    0.145199] ACPI: Added _OSI(Processor Device)
[    0.145735] ACPI: Added _OSI(3.0 _SCP Extensions)
[    0.146198] ACPI: Added _OSI(Processor Aggregator Device)
[    0.147492] ACPI: 1 ACPI AML tables successfully acquired and loaded
[    0.156340] ACPI: Interpreter enabled
[    0.157204] ACPI: PM: (supports S0 S3 S4 S5)
[    0.157722] ACPI: Using IOAPIC for interrupt routing
[    0.158205] PCI: Using host bridge windows from ACPI; if necessary, use "pci=nocrs" and report a bug
[    0.159198] PCI: Using E820 reservations for host bridge windows
[    0.159996] ACPI: Enabled 2 GPEs in block 00 to 0F
[    0.162688] ACPI: PCI Root Bridge [PCI0] (domain 0000 [bus 00-ff])
[    0.163200] acpi PNP0A03:00: _OSC: OS supports [ExtendedConfig ASPM ClockPM Segments MSI HPX-Type3]
[    0.164282] PCI host bridge to bus 0000:00
[    0.164781] pci_bus 0000:00: root bus resource [io  0x0000-0x0cf7 window]
[    0.165198] pci_bus 0000:00: root bus resource [io  0x0d00-0xffff window]
[    0.166013] pci_bus 0000:00: root bus resource [mem 0x000a0000-0x000bffff window]
[    0.166198] pci_bus 0000:00: root bus resource [mem 0x40000000-0xfebfffff window]
[    0.167088] pci_bus 0000:00: root bus resource [mem 0x100000000-0x17fffffff window]
[    0.167199] pci_bus 0000:00: root bus resource [bus 00-ff]
[    0.167928] pci 0000:00:00.0: [8086:1237] type 00 class 0x060000 conventional PCI endpoint
[    0.168426] pci 0000:00:01.0: [8086:7000] type 00 class 0x060100 conventional PCI endpoint
[    0.169487] pci 0000:00:01.1: [8086:7010] type 00 class 0x010180 conventional PCI endpoint
[    0.171312] pci 0000:00:01.1: BAR 4 [io  0xc0c0-0xc0cf]
[    0.172528] pci 0000:00:01.1: BAR 0 [io  0x01f0-0x01f7]: legacy IDE quirk
[    0.173199] pci 0000:00:01.1: BAR 1 [io  0x03f6]: legacy IDE quirk
[    0.173936] pci 0000:00:01.1: BAR 2 [io  0x0170-0x0177]: legacy IDE quirk
[    0.174198] pci 0000:00:01.1: BAR 3 [io  0x0376]: legacy IDE quirk
[    0.175023] pci 0000:00:01.3: [8086:7113] type 00 class 0x068000 conventional PCI endpoint
[    0.175427] pci 0000:00:01.3: quirk: [io  0x0600-0x063f] claimed by PIIX4 ACPI
[    0.176202] pci 0000:00:01.3: quirk: [io  0x0700-0x070f] claimed by PIIX4 SMB
[    0.177198] pci 0000:00:02.0: [1af4:1009] type 00 class 0x000200 conventional PCI endpoint
[    0.178639] pci 0000:00:02.0: BAR 0 [io  0xc000-0xc03f]
[    0.179597] pci 0000:00:02.0: BAR 1 [mem 0xfebfc000-0xfebfcfff]
[    0.182033] pci 0000:00:02.0: BAR 4 [mem 0xfebf0000-0xfebf3fff 64bit pref]
[    0.183090] pci 0000:00:03.0: [1af4:1009] type 00 class 0x000200 conventional PCI endpoint
[    0.183566] pci 0000:00:03.0: BAR 0 [io  0xc040-0xc07f]
[    0.184383] pci 0000:00:03.0: BAR 1 [mem 0xfebfd000-0xfebfdfff]
[    0.186611] pci 0000:00:03.0: BAR 4 [mem 0xfebf4000-0xfebf7fff 64bit pref]
[    0.188550] pci 0000:00:04.0: [8086:25ab] type 00 class 0x088000 conventional PCI endpoint
[    0.189548] pci 0000:00:04.0: BAR 0 [mem 0xfebfe000-0xfebfe00f]
[    0.192034] pci 0000:00:05.0: [1af4:1003] type 00 class 0x078000 conventional PCI endpoint
[    0.192550] pci 0000:00:05.0: BAR 0 [io  0xc080-0xc0bf]
[    0.193350] pci 0000:00:05.0: BAR 1 [mem 0xfebff000-0xfebfffff]
[    0.195129] pci 0000:00:05.0: BAR 4 [mem 0xfebf8000-0xfebfbfff 64bit pref]
[    0.196584] ACPI: PCI: Interrupt link LNKA configured for IRQ 10
[    0.197301] ACPI: PCI: Interrupt link LNKB configured for IRQ 10
[    0.198120] ACPI: PCI: Interrupt link LNKC configured for IRQ 11
[    0.198289] ACPI: PCI: Interrupt link LNKD configured for IRQ 11
[    0.199266] ACPI: PCI: Interrupt link LNKS configured for IRQ 9
[    0.200762] iommu: Default domain type: Translated
[    0.201199] iommu: DMA domain TLB invalidation policy: lazy mode
[    0.201961] SCSI subsystem initialized
[    0.202226] pps_core: LinuxPPS API ver. 1 registered
[    0.202822] pps_core: Software ver. 5.3.6 - Copyright 2005-2007 Rodolfo Giometti <giometti@linux.it>
[    0.203200] PTP clock support registered
[    0.203695] Advanced Linux Sound Architecture Driver Initialized.
[    0.204544] NET: Registered PF_ATMPVC protocol family
[    0.205149] NET: Registered PF_ATMSVC protocol family
[    0.205204] PCI: Using ACPI for IRQ routing
[    0.205777] vgaarb: loaded
[    0.205777] hpet0: at MMIO 0xfed00000, IRQs 2, 8, 0
[    0.206199] hpet0: 3 comparators, 64-bit 100.000000 MHz counter
[    0.211556] clocksource: Switched to clocksource kvm-clock
[    0.212021] VFS: Disk quotas dquot_6.6.0
[    0.212495] VFS: Dquot-cache hash table entries: 512 (order 0, 4096 bytes)
[    0.213358] pnp: PnP ACPI init
[    0.213891] pnp: PnP ACPI: found 5 devices
[    0.221364] clocksource: acpi_pm: mask: 0xffffff max_cycles: 0xffffff, max_idle_ns: 2085701024 ns
[    0.222442] NET: Registered PF_INET protocol family
[    0.223040] IP idents hash table entries: 16384 (order: 5, 131072 bytes, linear)
[    0.224061] tcp_listen_portaddr_hash hash table entries: 512 (order: 1, 8192 bytes, linear)
[    0.225074] Table-perturb hash table entries: 65536 (order: 6, 262144 bytes, linear)
[    0.226008] TCP established hash table entries: 8192 (order: 4, 65536 bytes, linear)
[    0.226934] TCP bind hash table entries: 8192 (order: 6, 262144 bytes, linear)
[    0.227801] TCP: Hash tables configured (established 8192 bind 8192)
[    0.228576] UDP hash table entries: 512 (order: 2, 16384 bytes, linear)
[    0.229381] UDP-Lite hash table entries: 512 (order: 2, 16384 bytes, linear)
[    0.230247] NET: Registered PF_UNIX/PF_LOCAL protocol family
[    0.230922] pci_bus 0000:00: resource 4 [io  0x0000-0x0cf7 window]
[    0.231657] pci_bus 0000:00: resource 5 [io  0x0d00-0xffff window]
[    0.232392] pci_bus 0000:00: resource 6 [mem 0x000a0000-0x000bffff window]
[    0.233213] pci_bus 0000:00: resource 7 [mem 0x40000000-0xfebfffff window]
[    0.234029] pci_bus 0000:00: resource 8 [mem 0x100000000-0x17fffffff window]
[    0.234887] pci 0000:00:01.0: PIIX3: Enabling Passive Release
[    0.235573] pci 0000:00:00.0: Limiting direct PCI/PCI transfers
[    0.236309] PCI: CLS 0 bytes, default 64
[    0.236820] kvm_intel: VMX not supported by CPU 0
[    0.237386] kvm_amd: TSC scaling supported
[    0.237876] kvm_amd: Nested Virtualization enabled
[    0.238442] kvm_amd: Nested Paging enabled
[    0.238930] kvm_amd: LBR virtualization supported
[    0.239509] kvm_amd: Virtual VMLOAD VMSAVE supported
[    0.240108] kvm_amd: Virtual GIF supported
[    0.240592] kvm_amd: Virtual NMI enabled
[    0.267275] clocksource: tsc: mask: 0xffffffffffffffff max_cycles: 0x40be4320a4d, max_idle_ns: 440795288133 ns
[    0.274312] Initialise system trusted keyrings
[    0.274909] workingset: timestamp_bits=56 max_order=18 bucket_order=0
[    0.275701] squashfs: version 4.0 (2009/01/31) Phillip Lougher
[    0.276417] fuse: init (API version 7.41)
[    0.276941] 9p: Installing v9fs 9p2000 file system support
[    0.283807] Key type asymmetric registered
[    0.284302] Asymmetric key parser 'x509' registered
[    0.284906] Block layer SCSI generic (bsg) driver version 0.4 loaded (major 249)
[    0.285805] io scheduler mq-deadline registered
[    0.286352] io scheduler kyber registered
[    0.288516] input: Power Button as /devices/LNXSYSTM:00/LNXPWRBN:00/input/input0
[    0.289458] ACPI: button: Power Button [PWRF]
[    0.290376] Warning: Processor Platform Limit event detected, but not handled.
[    0.291248] Consider compiling CPUfreq support into your kernel.
[    0.309294] ACPI: \_SB_.LNKB: Enabled at IRQ 10
[    0.325228] ACPI: \_SB_.LNKC: Enabled at IRQ 11
[    0.341104] ACPI: \_SB_.LNKA: Enabled at IRQ 10
[    0.342267] Serial: 8250/16550 driver, 4 ports, IRQ sharing enabled
[    0.343185] 00:03: ttyS0 at I/O 0x3f8 (irq = 4, base_baud = 115200) is a 16550A
[    0.363459] Non-volatile memory driver v1.3
[    0.364046] Linux agpgart interface v0.103
[    0.364566] printk: legacy console [hvc0] enabled
[    0.365176] printk: legacy bootconsole [earlyser0] disabled
          _      _                                    
   __   _(_)_ __| |_ _ __ ___   ___       _ __   __ _ 
   \ \ / / |  __| __|  _   _ \ / _ \_____|  _ \ / _  |
    \ V /| | |  | |_| | | | | |  __/_____| | | | (_| |
     \_/ |_|_|   \__|_| |_| |_|\___|     |_| |_|\__  |
                                                |___/ 
   kernel version: 6.12.0-rc5-virtme x86_64
   (CTRL+d to exit)

root@virtme-ng:/nipa-data/kernel# PS1='xx__-> '
xx__-> env
PWD=/nipa-data/kernel
nr_open=1048576
HOME=/
TERM=xterm
SHLVL=2
XDG_RUNTIME_DIR=/run/user/0
PATH=/bin:/sbin:/usr/bin:/usr/sbin:/usr/local/bin
OLDPWD=/
_=/bin/env
xx__-> 