No EFI environment detected.
early console in extract_kernel
input_data: 0x0000000002be92c4
input_len: 0x0000000000b4b653
output: 0x0000000001000000
output_len: 0x00000000026eccc4
kernel_total_size: 0x0000000002430000
needed_size: 0x0000000002800000
trampoline_32bit: 0x000000000009d000
Physical KASLR using RDRAND RDTSC...
Virtual KASLR using RDRAND RDTSC...

Decompressing Linux... Parsing ELF... Performing relocations... done.
Booting the kernel (entry_offset: 0x0000000000000000).
[    0.000000] Linux version 6.10.0-virtme (root@702a1be98b14) (gcc (Ubuntu 13.2.0-23ubuntu4) 13.2.0, GNU ld (GNU Binutils for Ubuntu) 2.42) #1 SMP PREEMPT_DYNAMIC Thu Jul 18 06:07:19 UTC 2024
[    0.000000] Command line: virtme_hostname=virtme-ng nr_open=1048576 virtme_link_mods=/nipa-data/kernel/.virtme_mods/lib/modules/0.0.0 virtme_initmount0=nipa-data/kernel virtme_rw_overlay0=/etc virtme_rw_overlay1=/lib virtme_rw_overlay2=/home virtme_rw_overlay3=/opt virtme_rw_overlay4=/srv virtme_rw_overlay5=/usr virtme_rw_overlay6=/var console=hvc0 earlyprintk=serial,ttyS0,115200 virtme_console=ttyS0 psmouse.proto=exps TERM=xterm virtme_chdir=nipa-data/kernel virtme_root_user=1 rootfstype=9p rootflags=version=9p2000.L,trans=virtio,access=any raid=noautodetect ro init=/usr/lib/python3/dist-packages/virtme/guest/virtme-init
[    0.000000] x86/split lock detection: #DB: warning on user-space bus_locks
[    0.000000] BIOS-provided physical RAM map:
[    0.000000] BIOS-e820: [mem 0x0000000000000000-0x000000000009fbff] usable
[    0.000000] BIOS-e820: [mem 0x000000000009fc00-0x000000000009ffff] reserved
[    0.000000] BIOS-e820: [mem 0x00000000000f0000-0x00000000000fffff] reserved
[    0.000000] BIOS-e820: [mem 0x0000000000100000-0x000000003ffdffff] usable
[    0.000000] BIOS-e820: [mem 0x000000003ffe0000-0x000000003fffffff] reserved
[    0.000000] BIOS-e820: [mem 0x00000000feffc000-0x00000000feffffff] reserved
[    0.000000] BIOS-e820: [mem 0x00000000fffc0000-0x00000000ffffffff] reserved
[    0.000000] printk: legacy bootconsole [earlyser0] enabled
[    0.000000] NX (Execute Disable) protection: active
[    0.000000] APIC: Static calls initialized
[    0.000000] SMBIOS 3.0.0 present.
[    0.000000] DMI: QEMU Ubuntu 24.04 PC (i440FX + PIIX, 1996), BIOS 1.16.3-debian-1.16.3-2 04/01/2014
[    0.000000] DMI: Memory slots populated: 1/1
[    0.000000] Hypervisor detected: KVM
[    0.000000] kvm-clock: Using msrs 4b564d01 and 4b564d00
[    0.000001] kvm-clock: using sched offset of 974825963 cycles
[    0.000750] clocksource: kvm-clock: mask: 0xffffffffffffffff max_cycles: 0x1cd42e4dffb, max_idle_ns: 881590591483 ns
[    0.003087] tsc: Detected 2000.000 MHz processor
[    0.004292] last_pfn = 0x3ffe0 max_arch_pfn = 0x10000000000
[    0.005154] MTRR map: 4 entries (3 fixed + 1 variable; max 19), built from 8 variable MTRRs
[    0.006354] x86/PAT: Configuration [0-7]: WB  WC  UC- UC  WB  WP  UC- WT  
Memory KASLR using RDRAND RDTSC...
[    0.014074] found SMP MP-table at [mem 0x000f5470-0x000f547f]
[    0.014911] Using GB pages for direct mapping
[    0.015703] ACPI: Early table checksum verification disabled
[    0.016518] ACPI: RSDP 0x00000000000F5290 000014 (v00 BOCHS )
[    0.017351] ACPI: RSDT 0x000000003FFE308E 000034 (v01 BOCHS  BXPC     00000001 BXPC 00000001)
[    0.018580] ACPI: FACP 0x000000003FFE2D8A 000074 (v01 BOCHS  BXPC     00000001 BXPC 00000001)
[    0.019809] ACPI: DSDT 0x000000003FFE0040 002D4A (v01 BOCHS  BXPC     00000001 BXPC 00000001)
[    0.021044] ACPI: FACS 0x000000003FFE0000 000040
[    0.021708] ACPI: APIC 0x000000003FFE2DFE 000230 (v03 BOCHS  BXPC     00000001 BXPC 00000001)
[    0.022932] ACPI: HPET 0x000000003FFE302E 000038 (v01 BOCHS  BXPC     00000001 BXPC 00000001)
[    0.024154] ACPI: WAET 0x000000003FFE3066 000028 (v01 BOCHS  BXPC     00000001 BXPC 00000001)
[    0.025379] ACPI: Reserving FACP table memory at [mem 0x3ffe2d8a-0x3ffe2dfd]
[    0.026390] ACPI: Reserving DSDT table memory at [mem 0x3ffe0040-0x3ffe2d89]
[    0.027584] ACPI: Reserving FACS table memory at [mem 0x3ffe0000-0x3ffe003f]
[    0.028587] ACPI: Reserving APIC table memory at [mem 0x3ffe2dfe-0x3ffe302d]
[    0.029614] ACPI: Reserving HPET table memory at [mem 0x3ffe302e-0x3ffe3065]
[    0.030624] ACPI: Reserving WAET table memory at [mem 0x3ffe3066-0x3ffe308d]
[    0.031974] No NUMA configuration found
[    0.032520] Faking a node at [mem 0x0000000000000000-0x000000003ffdffff]
[    0.033480] NODE_DATA(0) allocated [mem 0x3ffdb000-0x3ffdffff]
[    0.034429] Zone ranges:
[    0.034789]   DMA      [mem 0x0000000000001000-0x0000000000ffffff]
[    0.035669]   DMA32    [mem 0x0000000001000000-0x000000003ffdffff]
[    0.036549]   Normal   empty
[    0.036958]   Device   empty
[    0.037372] Movable zone start for each node
[    0.037978] Early memory node ranges
[    0.038485]   node   0: [mem 0x0000000000001000-0x000000000009efff]
[    0.039377]   node   0: [mem 0x0000000000100000-0x000000003ffdffff]
[    0.040268] Initmem setup node 0 [mem 0x0000000000001000-0x000000003ffdffff]
[    0.041282] On node 0, zone DMA: 1 pages in unavailable ranges
[    0.042142] On node 0, zone DMA: 97 pages in unavailable ranges
[    0.046580] On node 0, zone DMA32: 32 pages in unavailable ranges
[    0.047981] ACPI: PM-Timer IO Port: 0x608
[    0.048571] ACPI: LAPIC_NMI (acpi_id[0xff] dfl dfl lint[0x1])
[    0.049448] IOAPIC[0]: apic_id 0, version 17, address 0xfec00000, GSI 0-23
[    0.050428] ACPI: INT_SRC_OVR (bus 0 bus_irq 0 global_irq 2 dfl dfl)
[    0.051333] ACPI: INT_SRC_OVR (bus 0 bus_irq 5 global_irq 5 high level)
[    0.052273] ACPI: INT_SRC_OVR (bus 0 bus_irq 9 global_irq 9 high level)
[    0.053217] ACPI: INT_SRC_OVR (bus 0 bus_irq 10 global_irq 10 high level)
[    0.054181] ACPI: INT_SRC_OVR (bus 0 bus_irq 11 global_irq 11 high level)
[    0.055151] ACPI: Using ACPI (MADT) for SMP configuration information
[    0.056066] ACPI: HPET id: 0x8086a201 base: 0xfed00000
[    0.056798] TSC deadline timer available
[    0.057364] CPU topo: Max. logical packages:   1
[    0.058020] CPU topo: Max. logical dies:       1
[    0.058675] CPU topo: Max. dies per package:   1
[    0.059333] CPU topo: Max. threads per core:   1
[    0.059989] CPU topo: Num. cores per package:    56
[    0.060685] CPU topo: Num. threads per package:  56
[    0.061393] CPU topo: Allowing 56 present CPUs plus 0 hotplug CPUs
[    0.062293] kvm-guest: APIC: eoi() replaced with kvm_guest_apic_eoi_write()
[    0.063299] kvm-guest: KVM setup pv remote TLB flush
[    0.064009] kvm-guest: setup PV sched yield
[    0.064609] PM: hibernation: Registered nosave memory: [mem 0x00000000-0x00000fff]
[    0.065690] PM: hibernation: Registered nosave memory: [mem 0x0009f000-0x0009ffff]
[    0.066765] PM: hibernation: Registered nosave memory: [mem 0x000a0000-0x000effff]
[    0.067839] PM: hibernation: Registered nosave memory: [mem 0x000f0000-0x000fffff]
[    0.068914] [mem 0x40000000-0xfeffbfff] available for PCI devices
[    0.069782] Booting paravirtualized kernel on KVM
[    0.070449] clocksource: refined-jiffies: mask: 0xffffffff max_cycles: 0xffffffff, max_idle_ns: 1910969940391419 ns
[    0.080278] setup_percpu: NR_CPUS:64 nr_cpumask_bits:56 nr_cpu_ids:56 nr_node_ids:1
[    0.086118] percpu: Embedded 58 pages/cpu s198744 r8192 d30632 u262144
[    0.087155] Kernel command line: virtme_hostname=virtme-ng nr_open=1048576 virtme_link_mods=/nipa-data/kernel/.virtme_mods/lib/modules/0.0.0 virtme_initmount0=nipa-data/kernel virtme_rw_overlay0=/etc virtme_rw_overlay1=/lib virtme_rw_overlay2=/home virtme_rw_overlay3=/opt virtme_rw_overlay4=/srv virtme_rw_overlay5=/usr virtme_rw_overlay6=/var console=hvc0 earlyprintk=serial,ttyS0,115200 virtme_console=ttyS0 psmouse.proto=exps TERM=xterm virtme_chdir=nipa-data/kernel virtme_root_user=1 rootfstype=9p rootflags=version=9p2000.L,trans=virtio,access=any raid=noautodetect ro init=/usr/lib/python3/dist-packages/virtme/guest/virtme-init
[    0.095355] Unknown kernel command line parameters "virtme_hostname=virtme-ng nr_open=1048576 virtme_link_mods=/nipa-data/kernel/.virtme_mods/lib/modules/0.0.0 virtme_initmount0=nipa-data/kernel virtme_rw_overlay0=/etc virtme_rw_overlay1=/lib virtme_rw_overlay2=/home virtme_rw_overlay3=/opt virtme_rw_overlay4=/srv virtme_rw_overlay5=/usr virtme_rw_overlay6=/var virtme_console=ttyS0 virtme_chdir=nipa-data/kernel virtme_root_user=1", will be passed to user space.
[    0.101311] random: crng init done
[    0.101799] printk: log_buf_len individual max cpu contribution: 4096 bytes
[    0.102797] printk: log_buf_len total cpu_extra contributions: 225280 bytes
[    0.103795] printk: log_buf_len min size: 262144 bytes
[    0.105168] printk: log_buf_len: 524288 bytes
[    0.105813] printk: early log buf free: 254024(96%)
[    0.106938] Dentry cache hash table entries: 131072 (order: 8, 1048576 bytes, linear)
[    0.108112] Inode-cache hash table entries: 65536 (order: 7, 524288 bytes, linear)
[    0.110013] Fallback order for Node 0: 0 
[    0.110023] Built 1 zonelists, mobility grouping on.  Total pages: 262014
[    0.111513] Policy zone: DMA32
[    0.111931] mem auto-init: stack:all(zero), heap alloc:off, heap free:off
[    0.116191] Memory: 975532K/1048056K available (16384K kernel code, 2434K rwdata, 6188K rodata, 3096K init, 1972K bss, 72320K reserved, 0K cma-reserved)
[    0.118328] SLUB: HWalign=64, Order=0-3, MinObjects=0, CPUs=56, Nodes=1
Poking KASLR using RDRAND RDTSC...
[    0.119737] ftrace: allocating 47964 entries in 188 pages
[    0.134470] ftrace: allocated 188 pages with 5 groups
[    0.136368] Dynamic Preempt: voluntary
[    0.137863] rcu: Preemptible hierarchical RCU implementation.
[    0.138671] rcu: RCU event tracing is enabled.
[    0.139291] rcu: RCU restricting CPUs from NR_CPUS=64 to nr_cpu_ids=56.
[    0.140209] Trampoline variant of Tasks RCU enabled.
[    0.140899] Rude variant of Tasks RCU enabled.
[    0.141526] Tracing variant of Tasks RCU enabled.
[    0.142179] rcu: RCU calculated value of scheduler-enlistment delay is 100 jiffies.
[    0.143225] rcu: Adjusting geometry for rcu_fanout_leaf=16, nr_cpu_ids=56
[    0.144203] RCU Tasks: Setting shift to 6 and lim to 1 rcu_task_cb_adjust=1.
[    0.145173] RCU Tasks Rude: Setting shift to 6 and lim to 1 rcu_task_cb_adjust=1.
[    0.146201] RCU Tasks Trace: Setting shift to 6 and lim to 1 rcu_task_cb_adjust=1.
[    0.150428] NR_IRQS: 4352, nr_irqs: 872, preallocated irqs: 16
[    0.151596] rcu: srcu_init: Setting srcu_struct sizes based on contention.
[    0.152839] Console: colour *CGA 80x25
[    0.153414] ACPI: Core revision 20240322
[    0.154129] clocksource: hpet: mask: 0xffffffff max_cycles: 0xffffffff, max_idle_ns: 19112604467 ns
[    0.155501] APIC: Switch to symmetric I/O mode setup
[    0.156373] APIC: Switched APIC routing to: physical flat
[    0.157181] kvm-guest: APIC: send_IPI_mask() replaced with kvm_send_ipi_mask()
[    0.158243] kvm-guest: APIC: send_IPI_mask_allbutself() replaced with kvm_send_ipi_mask_allbutself()
[    0.160044] kvm-guest: setup PV IPIs
[    0.162143] ..TIMER: vector=0x30 apic1=0 pin1=2 apic2=-1 pin2=-1
[    0.164035] clocksource: tsc-early: mask: 0xffffffffffffffff max_cycles: 0x39a85c9bff6, max_idle_ns: 881590591483 ns
[    0.167001] Calibrating delay loop (skipped) preset value.. 4000.00 BogoMIPS (lpj=2000000)
[    0.168227] x86/cpu: User Mode Instruction Prevention (UMIP) activated
[    0.170088] Last level iTLB entries: 4KB 0, 2MB 0, 4MB 0
[    0.170997] Last level dTLB entries: 4KB 0, 2MB 0, 4MB 0, 1GB 0
[    0.172015] Spectre V1 : Mitigation: usercopy/swapgs barriers and __user pointer sanitization
[    0.173012] Spectre V2 : Spectre BHI mitigation: SW BHB clearing on syscall and VM exit
[    0.174003] Spectre V2 : Mitigation: Enhanced / Automatic IBRS
[    0.174997] Spectre V2 : Spectre v2 / SpectreRSB mitigation: Filling RSB on context switch
[    0.176003] Spectre V2 : Spectre v2 / PBRSB-eIBRS: Retire a single CALL on VMEXIT
[    0.177003] Spectre V2 : mitigation: Enabling conditional Indirect Branch Prediction Barrier
[    0.178000] Speculative Store Bypass: Mitigation: Speculative Store Bypass disabled via prctl
[    0.178997] TAA: Mitigation: TSX disabled
[    0.179904] x86/fpu: Supporting XSAVE feature 0x001: 'x87 floating point registers'
[    0.179997] x86/fpu: Supporting XSAVE feature 0x002: 'SSE registers'
[    0.180997] x86/fpu: Supporting XSAVE feature 0x004: 'AVX registers'
[    0.181997] x86/fpu: Supporting XSAVE feature 0x020: 'AVX-512 opmask'
[    0.182997] x86/fpu: Supporting XSAVE feature 0x040: 'AVX-512 Hi256'
[    0.183997] x86/fpu: Supporting XSAVE feature 0x080: 'AVX-512 ZMM_Hi256'
[    0.184997] x86/fpu: Supporting XSAVE feature 0x200: 'Protection Keys User registers'
[    0.185997] x86/fpu: Supporting XSAVE feature 0x20000: 'AMX Tile config'
[    0.186997] x86/fpu: Supporting XSAVE feature 0x40000: 'AMX Tile data'
[    0.187997] x86/fpu: xstate_offset[2]:  576, xstate_sizes[2]:  256
[    0.188997] x86/fpu: xstate_offset[5]:  832, xstate_sizes[5]:   64
[    0.189997] x86/fpu: xstate_offset[6]:  896, xstate_sizes[6]:  512
[    0.190997] x86/fpu: xstate_offset[7]: 1408, xstate_sizes[7]: 1024
[    0.191997] x86/fpu: xstate_offset[9]: 2432, xstate_sizes[9]:    8
[    0.192997] x86/fpu: xstate_offset[17]: 2496, xstate_sizes[17]:   64
[    0.193997] x86/fpu: xstate_offset[18]: 2560, xstate_sizes[18]: 8192
[    0.194997] x86/fpu: Enabled xstate features 0x602e7, context size is 10752 bytes, using 'compacted' format.
[    0.223922] Freeing SMP alternatives memory: 40K
[    0.223998] pid_max: default: 57344 minimum: 448
[    0.225110] Mount-cache hash table entries: 2048 (order: 2, 16384 bytes, linear)
[    0.225999] Mountpoint-cache hash table entries: 2048 (order: 2, 16384 bytes, linear)
[    0.227487] smpboot: CPU0: Intel(R) Xeon(R) Platinum 8480+ (family: 0x6, model: 0x8f, stepping: 0x6)
[    0.228230] Performance Events: PEBS fmt0-, Sapphire Rapids events, full-width counters, Intel PMU driver.
[    0.229002] ... version:                2
[    0.229816] ... bit width:              48
[    0.229999] ... generic registers:      8
[    0.230806] ... value mask:             0000ffffffffffff
[    0.230999] ... max period:             00007fffffffffff
[    0.231999] ... fixed-purpose events:   3
[    0.232808] ... event mask:             00000007000000ff
[    0.233226] signal: max sigframe size: 11952
[    0.234026] rcu: Hierarchical SRCU implementation.
[    0.234991] rcu: Max phase no-delay instances is 400.
[    0.236080] smp: Bringing up secondary CPUs ...
[    0.237120] smpboot: x86: Booting SMP configuration:
[    0.238000] .... node  #0, CPUs:        #1  #2  #3  #4  #5  #6  #7  #8  #9 #10 #11 #12 #13 #14 #15 #16 #17 #18 #19 #20 #21 #22 #23 #24 #25 #26 #27 #28 #29 #30 #31 #32 #33 #34 #35 #36 #37 #38 #39 #40 #41 #42 #43 #44 #45 #46 #47 #48 #49 #50 #51 #52 #53 #54 #55
[    0.292607] smp: Brought up 1 node, 56 CPUs
[    0.293868] smpboot: Total of 56 processors activated (224000.00 BogoMIPS)
[    0.302177] devtmpfs: initialized
[    0.303050] x86/mm: Memory block size: 128MB
[    0.305274] clocksource: jiffies: mask: 0xffffffff max_cycles: 0xffffffff, max_idle_ns: 1911260446275000 ns
[    0.306004] futex hash table entries: 16384 (order: 8, 1048576 bytes, linear)
[    0.307355] PM: RTC time: 06:07:56, date: 2024-07-18
[    0.309337] NET: Registered PF_NETLINK/PF_ROUTE protocol family
[    0.310201] thermal_sys: Registered thermal governor 'step_wise'
[    0.310203] thermal_sys: Registered thermal governor 'user_space'
[    0.311028] cpuidle: using governor menu
[    0.315205] PCI: Using configuration type 1 for base access
[    0.316092] kprobes: kprobe jump-optimization is enabled. All kprobes are optimized if possible.
[    0.352432] HugeTLB: registered 1.00 GiB page size, pre-allocated 0 pages
[    0.355003] HugeTLB: 16380 KiB vmemmap can be freed for a 1.00 GiB page
[    0.357002] HugeTLB: registered 2.00 MiB page size, pre-allocated 0 pages
[    0.359001] HugeTLB: 28 KiB vmemmap can be freed for a 2.00 MiB page
[    0.362020] Demotion targets for Node 0: null
[    0.364128] ACPI: Added _OSI(Module Device)
[    0.364999] ACPI: Added _OSI(Processor Device)
[    0.365929] ACPI: Added _OSI(3.0 _SCP Extensions)
[    0.365999] ACPI: Added _OSI(Processor Aggregator Device)
[    0.367701] ACPI: 1 ACPI AML tables successfully acquired and loaded
[    0.371246] ACPI: Interpreter enabled
[    0.372011] ACPI: PM: (supports S0 S3 S4 S5)
[    0.372901] ACPI: Using IOAPIC for interrupt routing
[    0.374010] PCI: Using host bridge windows from ACPI; if necessary, use "pci=nocrs" and report a bug
[    0.375999] PCI: Using E820 reservations for host bridge windows
[    0.377112] ACPI: Enabled 2 GPEs in block 00 to 0F
[    0.379996] ACPI: PCI Root Bridge [PCI0] (domain 0000 [bus 00-ff])
[    0.382003] acpi PNP0A03:00: _OSC: OS supports [ASPM ClockPM Segments MSI HPX-Type3]
[    0.384000] acpi PNP0A03:00: _OSC: not requesting OS control; OS requires [ExtendedConfig ASPM ClockPM MSI]
[    0.385005] acpi PNP0A03:00: fail to add MMCONFIG information, can't access extended configuration space under this bridge
[    0.388105] PCI host bridge to bus 0000:00
[    0.388944] pci_bus 0000:00: root bus resource [io  0x0000-0x0cf7 window]
[    0.389999] pci_bus 0000:00: root bus resource [io  0x0d00-0xffff window]
[    0.390999] pci_bus 0000:00: root bus resource [mem 0x000a0000-0x000bffff window]
[    0.391999] pci_bus 0000:00: root bus resource [mem 0x40000000-0xfebfffff window]
[    0.392999] pci_bus 0000:00: root bus resource [mem 0x100000000-0x17fffffff window]
[    0.394999] pci_bus 0000:00: root bus resource [bus 00-ff]
[    0.396050] pci 0000:00:00.0: [8086:1237] type 00 class 0x060000 conventional PCI endpoint
[    0.398529] pci 0000:00:01.0: [8086:7000] type 00 class 0x060100 conventional PCI endpoint
[    0.400702] pci 0000:00:01.1: [8086:7010] type 00 class 0x010180 conventional PCI endpoint
[    0.405338] pci 0000:00:01.1: BAR 4 [io  0xc0c0-0xc0cf]
[    0.408261] pci 0000:00:01.1: BAR 0 [io  0x01f0-0x01f7]: legacy IDE quirk
[    0.409001] pci 0000:00:01.1: BAR 1 [io  0x03f6]: legacy IDE quirk
[    0.409999] pci 0000:00:01.1: BAR 2 [io  0x0170-0x0177]: legacy IDE quirk
[    0.411999] pci 0000:00:01.1: BAR 3 [io  0x0376]: legacy IDE quirk
[    0.413228] pci 0000:00:01.3: [8086:7113] type 00 class 0x068000 conventional PCI endpoint
[    0.415569] pci 0000:00:01.3: quirk: [io  0x0600-0x063f] claimed by PIIX4 ACPI
[    0.416008] pci 0000:00:01.3: quirk: [io  0x0700-0x070f] claimed by PIIX4 SMB
[    0.417376] pci 0000:00:02.0: [1af4:1009] type 00 class 0x000200 conventional PCI endpoint
[    0.420000] pci 0000:00:02.0: BAR 0 [io  0xc000-0xc03f]
[    0.423000] pci 0000:00:02.0: BAR 1 [mem 0xfebfc000-0xfebfcfff]
[    0.428004] pci 0000:00:02.0: BAR 4 [mem 0xfebf0000-0xfebf3fff 64bit pref]
[    0.431046] pci 0000:00:03.0: [1af4:1009] type 00 class 0x000200 conventional PCI endpoint
[    0.433406] pci 0000:00:03.0: BAR 0 [io  0xc040-0xc07f]
[    0.436001] pci 0000:00:03.0: BAR 1 [mem 0xfebfd000-0xfebfdfff]
[    0.441003] pci 0000:00:03.0: BAR 4 [mem 0xfebf4000-0xfebf7fff 64bit pref]
[    0.443894] pci 0000:00:04.0: [8086:25ab] type 00 class 0x088000 conventional PCI endpoint
[    0.445519] pci 0000:00:04.0: BAR 0 [mem 0xfebfe000-0xfebfe00f]
[    0.449471] pci 0000:00:05.0: [1af4:1003] type 00 class 0x078000 conventional PCI endpoint
[    0.451871] pci 0000:00:05.0: BAR 0 [io  0xc080-0xc0bf]
[    0.453671] pci 0000:00:05.0: BAR 1 [mem 0xfebff000-0xfebfffff]
[    0.459427] pci 0000:00:05.0: BAR 4 [mem 0xfebf8000-0xfebfbfff 64bit pref]
[    0.462105] ACPI: PCI: Interrupt link LNKA configured for IRQ 10
[    0.463141] ACPI: PCI: Interrupt link LNKB configured for IRQ 10
[    0.465123] ACPI: PCI: Interrupt link LNKC configured for IRQ 11
[    0.466118] ACPI: PCI: Interrupt link LNKD configured for IRQ 11
[    0.467086] ACPI: PCI: Interrupt link LNKS configured for IRQ 9
[    0.471864] iommu: Default domain type: Translated
[    0.472999] iommu: DMA domain TLB invalidation policy: lazy mode
[    0.474125] SCSI subsystem initialized
[    0.475035] pps_core: LinuxPPS API ver. 1 registered
[    0.475999] pps_core: Software ver. 5.3.6 - Copyright 2005-2007 Rodolfo Giometti <giometti@linux.it>
[    0.478001] PTP clock support registered
[    0.479061] Advanced Linux Sound Architecture Driver Initialized.
[    0.481328] NET: Registered PF_ATMPVC protocol family
[    0.482999] NET: Registered PF_ATMSVC protocol family
[    0.484003] PCI: Using ACPI for IRQ routing
[    0.485062] vgaarb: loaded
[    0.485578] hpet0: at MMIO 0xfed00000, IRQs 2, 8, 0
[    0.485999] hpet0: 3 comparators, 64-bit 100.000000 MHz counter
[    0.492485] clocksource: Switched to clocksource kvm-clock
[    0.493882] VFS: Disk quotas dquot_6.6.0
[    0.494700] VFS: Dquot-cache hash table entries: 512 (order 0, 4096 bytes)
[    0.496277] pnp: PnP ACPI init
[    0.497792] pnp: PnP ACPI: found 5 devices
[    0.507094] clocksource: acpi_pm: mask: 0xffffff max_cycles: 0xffffff, max_idle_ns: 2085701024 ns
[    0.508974] NET: Registered PF_INET protocol family
[    0.510009] IP idents hash table entries: 16384 (order: 5, 131072 bytes, linear)
[    0.511931] tcp_listen_portaddr_hash hash table entries: 512 (order: 1, 8192 bytes, linear)
[    0.513619] Table-perturb hash table entries: 65536 (order: 6, 262144 bytes, linear)
[    0.515178] TCP established hash table entries: 8192 (order: 4, 65536 bytes, linear)
[    0.516743] TCP bind hash table entries: 8192 (order: 6, 262144 bytes, linear)
[    0.518211] TCP: Hash tables configured (established 8192 bind 8192)
[    0.519542] UDP hash table entries: 512 (order: 2, 16384 bytes, linear)
[    0.520879] UDP-Lite hash table entries: 512 (order: 2, 16384 bytes, linear)
[    0.522344] NET: Registered PF_UNIX/PF_LOCAL protocol family
[    0.523486] pci_bus 0000:00: resource 4 [io  0x0000-0x0cf7 window]
[    0.524735] pci_bus 0000:00: resource 5 [io  0x0d00-0xffff window]
[    0.525967] pci_bus 0000:00: resource 6 [mem 0x000a0000-0x000bffff window]
[    0.527347] pci_bus 0000:00: resource 7 [mem 0x40000000-0xfebfffff window]
[    0.528725] pci_bus 0000:00: resource 8 [mem 0x100000000-0x17fffffff window]
[    0.530168] pci 0000:00:01.0: PIIX3: Enabling Passive Release
[    0.531339] pci 0000:00:00.0: Limiting direct PCI/PCI transfers
[    0.532635] PCI: CLS 0 bytes, default 64
[    0.551852] RAPL PMU: API unit is 2^-32 Joules, 1 fixed counters, 10737418240 ms ovfl timer
[    0.553771] RAPL PMU: hw unit of domain psys 2^-0 Joules
[    1.141794] kvm_amd: CPU 2 isn't AMD or Hygon
[    1.142698] clocksource: tsc: mask: 0xffffffffffffffff max_cycles: 0x39a85c9bff6, max_idle_ns: 881590591483 ns
[    1.252934] Initialise system trusted keyrings
[    1.254221] workingset: timestamp_bits=56 max_order=18 bucket_order=0
[    1.255597] squashfs: version 4.0 (2009/01/31) Phillip Lougher
[    1.256805] fuse: init (API version 7.40)
[    1.257870] 9p: Installing v9fs 9p2000 file system support
[    1.269864] Key type asymmetric registered
[    1.270735] Asymmetric key parser 'x509' registered
[    1.271765] Block layer SCSI generic (bsg) driver version 0.4 loaded (major 249)
[    1.273295] io scheduler mq-deadline registered
[    1.274224] io scheduler kyber registered
[    1.293643] input: Power Button as /devices/LNXSYSTM:00/LNXPWRBN:00/input/input0
[    1.295487] ACPI: button: Power Button [PWRF]
[    1.297503] Warning: Processor Platform Limit event detected, but not handled.
[    1.301405] Consider compiling CPUfreq support into your kernel.
[    1.340057] ACPI: \_SB_.LNKB: Enabled at IRQ 10
[    1.354350] ACPI: \_SB_.LNKC: Enabled at IRQ 11
[    1.368458] ACPI: \_SB_.LNKA: Enabled at IRQ 10
[    1.370964] Serial: 8250/16550 driver, 4 ports, IRQ sharing enabled
[    1.372735] 00:03: ttyS0 at I/O 0x3f8 (irq = 4, base_baud = 115200) is a 16550A
[    1.409210] Non-volatile memory driver v1.3
[    1.410219] Linux agpgart interface v0.103
[    1.411145] ACPI: bus type drm_connector registered
[    1.413411] printk: legacy console [hvc0] enabled
[    1.414886] printk: legacy bootconsole [earlyser0] disabled
          _      _                                    
   __   _(_)_ __| |_ _ __ ___   ___       _ __   __ _ 
   \ \ / / |  __| __|  _   _ \ / _ \_____|  _ \ / _  |
    \ V /| | |  | |_| | | | | |  __/_____| | | | (_| |
     \_/ |_|_|   \__|_| |_| |_|\___|     |_| |_|\__  |
                                                |___/ 
   kernel version: 6.10.0-virtme x86_64
   (CTRL+d to exit)

root@virtme-ng:/nipa-data/kernel# PS1='xx__-> '
xx__-> env
PWD=/nipa-data/kernel
nr_open=1048576
HOME=/
TERM=xterm
SHLVL=2
XDG_RUNTIME_DIR=/run/user/0
PATH=/bin:/sbin:/usr/bin:/usr/sbin:/usr/local/bin
OLDPWD=/
_=/bin/env
xx__-> 