No EFI environment detected.
early console in extract_kernel
input_data: 0x0000000004cbb2c4
input_len: 0x000000000189b32c
output: 0x0000000001000000
output_len: 0x00000000054e13f8
kernel_total_size: 0x0000000005030000
needed_size: 0x0000000005600000
trampoline_32bit: 0x000000000009d000
Physical KASLR using RDRAND RDTSC...
Virtual KASLR using RDRAND RDTSC...

Decompressing Linux... Parsing ELF... Performing relocations... done.
Booting the kernel (entry_offset: 0x0000000000000000).
[    0.000000] Linux version 6.11.0-rc4-virtme (root@69a3fc292443) (gcc (Ubuntu 13.2.0-23ubuntu4) 13.2.0, GNU ld (GNU Binutils for Ubuntu) 2.42) #1 SMP PREEMPT_DYNAMIC Mon Aug 26 12:27:37 UTC 2024
[    0.000000] Command line: virtme_hostname=virtme-ng nr_open=1048576 virtme_link_mods=/nipa-data/kernel/.virtme_mods/lib/modules/0.0.0 virtme_initmount0=nipa-data/kernel virtme_rw_overlay0=/etc virtme_rw_overlay1=/lib virtme_rw_overlay2=/home virtme_rw_overlay3=/opt virtme_rw_overlay4=/srv virtme_rw_overlay5=/usr virtme_rw_overlay6=/var console=hvc0 earlyprintk=serial,ttyS0,115200 virtme_console=ttyS0 psmouse.proto=exps TERM=xterm virtme_chdir=nipa-data/kernel virtme_root_user=1 rootfstype=9p rootflags=version=9p2000.L,trans=virtio,access=any raid=noautodetect ro init=/usr/lib/python3/dist-packages/virtme/guest/virtme-init
[    0.000000] x86/split lock detection: #DB: warning on user-space bus_locks
[    0.000000] BIOS-provided physical RAM map:
[    0.000000] BIOS-e820: [mem 0x0000000000000000-0x000000000009fbff] usable
[    0.000000] BIOS-e820: [mem 0x000000000009fc00-0x000000000009ffff] reserved
[    0.000000] BIOS-e820: [mem 0x00000000000f0000-0x00000000000fffff] reserved
[    0.000000] BIOS-e820: [mem 0x0000000000100000-0x000000003ffdffff] usable
[    0.000000] BIOS-e820: [mem 0x000000003ffe0000-0x000000003fffffff] reserved
[    0.000000] BIOS-e820: [mem 0x00000000feffc000-0x00000000feffffff] reserved
[    0.000000] BIOS-e820: [mem 0x00000000fffc0000-0x00000000ffffffff] reserved
[    0.000000] printk: legacy bootconsole [earlyser0] enabled
[    0.000000] NX (Execute Disable) protection: active
[    0.000000] APIC: Static calls initialized
[    0.000000] SMBIOS 3.0.0 present.
[    0.000000] DMI: QEMU Ubuntu 24.04 PC (i440FX + PIIX, 1996), BIOS 1.16.3-debian-1.16.3-2 04/01/2014
[    0.000000] DMI: Memory slots populated: 1/1
[    0.000000] Hypervisor detected: KVM
[    0.000000] kvm-clock: Using msrs 4b564d01 and 4b564d00
[    0.000001] kvm-clock: using sched offset of 1369837141 cycles
[    0.000745] clocksource: kvm-clock: mask: 0xffffffffffffffff max_cycles: 0x1cd42e4dffb, max_idle_ns: 881590591483 ns
[    0.003060] tsc: Detected 2000.000 MHz processor
[    0.004299] last_pfn = 0x3ffe0 max_arch_pfn = 0x10000000000
[    0.005170] MTRR map: 4 entries (3 fixed + 1 variable; max 19), built from 8 variable MTRRs
[    0.006356] x86/PAT: Configuration [0-7]: WB  WC  UC- UC  WB  WP  UC- WT  
[    0.012492] found SMP MP-table at [mem 0x000f5470-0x000f547f]
[    0.013324] Using GB pages for direct mapping
[    0.014228] ACPI: Early table checksum verification disabled
[    0.015035] ACPI: RSDP 0x00000000000F5290 000014 (v00 BOCHS )
[    0.015858] ACPI: RSDT 0x000000003FFE308E 000034 (v01 BOCHS  BXPC     00000001 BXPC 00000001)
[    0.017074] ACPI: FACP 0x000000003FFE2D8A 000074 (v01 BOCHS  BXPC     00000001 BXPC 00000001)
[    0.018290] ACPI: DSDT 0x000000003FFE0040 002D4A (v01 BOCHS  BXPC     00000001 BXPC 00000001)
[    0.019501] ACPI: FACS 0x000000003FFE0000 000040
[    0.020164] ACPI: APIC 0x000000003FFE2DFE 000230 (v03 BOCHS  BXPC     00000001 BXPC 00000001)
[    0.021375] ACPI: HPET 0x000000003FFE302E 000038 (v01 BOCHS  BXPC     00000001 BXPC 00000001)
[    0.022585] ACPI: WAET 0x000000003FFE3066 000028 (v01 BOCHS  BXPC     00000001 BXPC 00000001)
[    0.023798] ACPI: Reserving FACP table memory at [mem 0x3ffe2d8a-0x3ffe2dfd]
[    0.024798] ACPI: Reserving DSDT table memory at [mem 0x3ffe0040-0x3ffe2d89]
[    0.025797] ACPI: Reserving FACS table memory at [mem 0x3ffe0000-0x3ffe003f]
[    0.026796] ACPI: Reserving APIC table memory at [mem 0x3ffe2dfe-0x3ffe302d]
[    0.027797] ACPI: Reserving HPET table memory at [mem 0x3ffe302e-0x3ffe3065]
[    0.028795] ACPI: Reserving WAET table memory at [mem 0x3ffe3066-0x3ffe308d]
[    0.030292] No NUMA configuration found
[    0.030837] Faking a node at [mem 0x0000000000000000-0x000000003ffdffff]
[    0.031793] NODE_DATA(0) allocated [mem 0x3ffdb000-0x3ffdffff]
[    0.032784] Zone ranges:
[    0.033144]   DMA      [mem 0x0000000000001000-0x0000000000ffffff]
[    0.034022]   DMA32    [mem 0x0000000001000000-0x000000003ffdffff]
[    0.034899]   Normal   empty
[    0.035310]   Device   empty
[    0.035725] Movable zone start for each node
[    0.036341] Early memory node ranges
[    0.036848]   node   0: [mem 0x0000000000001000-0x000000000009efff]
[    0.037737]   node   0: [mem 0x0000000000100000-0x000000003ffdffff]
[    0.038625] Initmem setup node 0 [mem 0x0000000000001000-0x000000003ffdffff]
[    0.039630] On node 0, zone DMA: 1 pages in unavailable ranges
[    0.040561] On node 0, zone DMA: 97 pages in unavailable ranges
[    0.050026] On node 0, zone DMA32: 32 pages in unavailable ranges
[    0.084013] kasan: KernelAddressSanitizer initialized
[    0.085271] ACPI: PM-Timer IO Port: 0x608
[    0.085869] ACPI: LAPIC_NMI (acpi_id[0xff] dfl dfl lint[0x1])
[    0.086741] IOAPIC[0]: apic_id 0, version 17, address 0xfec00000, GSI 0-23
[    0.087726] ACPI: INT_SRC_OVR (bus 0 bus_irq 0 global_irq 2 dfl dfl)
[    0.088630] ACPI: INT_SRC_OVR (bus 0 bus_irq 5 global_irq 5 high level)
[    0.089566] ACPI: INT_SRC_OVR (bus 0 bus_irq 9 global_irq 9 high level)
[    0.090503] ACPI: INT_SRC_OVR (bus 0 bus_irq 10 global_irq 10 high level)
[    0.091465] ACPI: INT_SRC_OVR (bus 0 bus_irq 11 global_irq 11 high level)
[    0.092437] ACPI: Using ACPI (MADT) for SMP configuration information
[    0.093351] ACPI: HPET id: 0x8086a201 base: 0xfed00000
[    0.094082] TSC deadline timer available
[    0.094641] CPU topo: Max. logical packages:   1
[    0.095295] CPU topo: Max. logical dies:       1
[    0.095959] CPU topo: Max. dies per package:   1
[    0.096620] CPU topo: Max. threads per core:   1
[    0.097286] CPU topo: Num. cores per package:    56
[    0.097980] CPU topo: Num. threads per package:  56
[    0.098671] CPU topo: Allowing 56 present CPUs plus 0 hotplug CPUs
[    0.099577] kvm-guest: APIC: eoi() replaced with kvm_guest_apic_eoi_write()
[    0.100590] kvm-guest: KVM setup pv remote TLB flush
[    0.101300] kvm-guest: setup PV sched yield
[    0.101903] PM: hibernation: Registered nosave memory: [mem 0x00000000-0x00000fff]
[    0.102978] PM: hibernation: Registered nosave memory: [mem 0x0009f000-0x0009ffff]
[    0.104142] PM: hibernation: Registered nosave memory: [mem 0x000a0000-0x000effff]
[    0.105216] PM: hibernation: Registered nosave memory: [mem 0x000f0000-0x000fffff]
[    0.106290] [mem 0x40000000-0xfeffbfff] available for PCI devices
[    0.107155] Booting paravirtualized kernel on KVM
[    0.107831] clocksource: refined-jiffies: mask: 0xffffffff max_cycles: 0xffffffff, max_idle_ns: 1910969940391419 ns
[    0.130382] setup_percpu: NR_CPUS:64 nr_cpumask_bits:56 nr_cpu_ids:56 nr_node_ids:1
[    0.140874] percpu: Embedded 70 pages/cpu s248408 r8192 d30120 u524288
[    0.142022] Kernel command line: virtme_hostname=virtme-ng nr_open=1048576 virtme_link_mods=/nipa-data/kernel/.virtme_mods/lib/modules/0.0.0 virtme_initmount0=nipa-data/kernel virtme_rw_overlay0=/etc virtme_rw_overlay1=/lib virtme_rw_overlay2=/home virtme_rw_overlay3=/opt virtme_rw_overlay4=/srv virtme_rw_overlay5=/usr virtme_rw_overlay6=/var console=hvc0 earlyprintk=serial,ttyS0,115200 virtme_console=ttyS0 psmouse.proto=exps TERM=xterm virtme_chdir=nipa-data/kernel virtme_root_user=1 rootfstype=9p rootflags=version=9p2000.L,trans=virtio,access=any raid=noautodetect ro init=/usr/lib/python3/dist-packages/virtme/guest/virtme-init
[    0.150336] Unknown kernel command line parameters "virtme_hostname=virtme-ng nr_open=1048576 virtme_link_mods=/nipa-data/kernel/.virtme_mods/lib/modules/0.0.0 virtme_initmount0=nipa-data/kernel virtme_rw_overlay0=/etc virtme_rw_overlay1=/lib virtme_rw_overlay2=/home virtme_rw_overlay3=/opt virtme_rw_overlay4=/srv virtme_rw_overlay5=/usr virtme_rw_overlay6=/var virtme_console=ttyS0 virtme_chdir=nipa-data/kernel virtme_root_user=1", will be passed to user space.
[    0.156237] random: crng init done
[    0.156727] printk: log_buf_len individual max cpu contribution: 4096 bytes
[    0.157728] printk: log_buf_len total cpu_extra contributions: 225280 bytes
[    0.158742] printk: log_buf_len min size: 262144 bytes
[    0.160318] printk: log_buf_len: 524288 bytes
[    0.160978] printk: early log buf free: 253864(96%)
[    0.162143] Dentry cache hash table entries: 131072 (order: 8, 1048576 bytes, linear)
[    0.163346] Inode-cache hash table entries: 65536 (order: 7, 524288 bytes, linear)
[    0.167038] Fallback order for Node 0: 0 
[    0.167054] Built 1 zonelists, mobility grouping on.  Total pages: 262014
[    0.168559] Policy zone: DMA32
[    0.168977] mem auto-init: stack:all(zero), heap alloc:off, heap free:off
[    0.169904] stackdepot: allocating hash table via alloc_large_system_hash
[    0.170834] stackdepot hash table entries: 1048576 (order: 12, 16777216 bytes, linear)
[    0.195448] SLUB: HWalign=64, Order=0-3, MinObjects=0, CPUs=56, Nodes=1
Poking KASLR using RDRAND RDTSC...
[    0.196973] ftrace: allocating 48422 entries in 190 pages
[    0.217347] ftrace: allocated 190 pages with 6 groups
[    0.220005] Dynamic Preempt: voluntary
[    0.222590] rcu: Preemptible hierarchical RCU implementation.
[    0.223386] rcu: RCU event tracing is enabled.
[    0.224010] rcu: RCU restricting CPUs from NR_CPUS=64 to nr_cpu_ids=56.
[    0.224931] Trampoline variant of Tasks RCU enabled.
[    0.225621] Rude variant of Tasks RCU enabled.
[    0.226240] Tracing variant of Tasks RCU enabled.
[    0.226895] rcu: RCU calculated value of scheduler-enlistment delay is 100 jiffies.
[    0.227944] rcu: Adjusting geometry for rcu_fanout_leaf=16, nr_cpu_ids=56
[    0.229182] RCU Tasks: Setting shift to 6 and lim to 1 rcu_task_cb_adjust=1.
[    0.230150] RCU Tasks Rude: Setting shift to 6 and lim to 1 rcu_task_cb_adjust=1.
[    0.231175] RCU Tasks Trace: Setting shift to 6 and lim to 1 rcu_task_cb_adjust=1.
[    0.252243] NR_IRQS: 4352, nr_irqs: 872, preallocated irqs: 16
[    0.253618] rcu: srcu_init: Setting srcu_struct sizes based on contention.
[    0.255038] Console: colour *CGA 80x25
[    0.255649] ACPI: Core revision 20240322
[    0.256554] clocksource: hpet: mask: 0xffffffff max_cycles: 0xffffffff, max_idle_ns: 19112604467 ns
[    0.257938] APIC: Switch to symmetric I/O mode setup
[    0.258811] APIC: Switched APIC routing to: physical flat
[    0.259895] kvm-guest: APIC: send_IPI_mask() replaced with kvm_send_ipi_mask()
[    0.260920] kvm-guest: APIC: send_IPI_mask_allbutself() replaced with kvm_send_ipi_mask_allbutself()
[    0.262520] kvm-guest: setup PV IPIs
[    0.265062] ..TIMER: vector=0x30 apic1=0 pin1=2 apic2=-1 pin2=-1
[    0.266372] clocksource: tsc-early: mask: 0xffffffffffffffff max_cycles: 0x39a85c9bff6, max_idle_ns: 881590591483 ns
[    0.269087] Calibrating delay loop (skipped) preset value.. 4000.00 BogoMIPS (lpj=2000000)
[    0.271234] x86/cpu: User Mode Instruction Prevention (UMIP) activated
[    0.272237] Last level iTLB entries: 4KB 0, 2MB 0, 4MB 0
[    0.273080] Last level dTLB entries: 4KB 0, 2MB 0, 4MB 0, 1GB 0
[    0.274104] Spectre V1 : Mitigation: usercopy/swapgs barriers and __user pointer sanitization
[    0.275089] Spectre V2 : Spectre BHI mitigation: SW BHB clearing on syscall and VM exit
[    0.276080] Spectre V2 : Mitigation: Enhanced / Automatic IBRS
[    0.277080] Spectre V2 : Spectre v2 / SpectreRSB mitigation: Filling RSB on context switch
[    0.278080] Spectre V2 : Spectre v2 / PBRSB-eIBRS: Retire a single CALL on VMEXIT
[    0.279083] Spectre V2 : mitigation: Enabling conditional Indirect Branch Prediction Barrier
[    0.280093] Speculative Store Bypass: Mitigation: Speculative Store Bypass disabled via prctl
[    0.281082] TAA: Mitigation: TSX disabled
[    0.282176] x86/fpu: Supporting XSAVE feature 0x001: 'x87 floating point registers'
[    0.283089] x86/fpu: Supporting XSAVE feature 0x002: 'SSE registers'
[    0.284089] x86/fpu: Supporting XSAVE feature 0x004: 'AVX registers'
[    0.285089] x86/fpu: Supporting XSAVE feature 0x020: 'AVX-512 opmask'
[    0.286089] x86/fpu: Supporting XSAVE feature 0x040: 'AVX-512 Hi256'
[    0.287081] x86/fpu: Supporting XSAVE feature 0x080: 'AVX-512 ZMM_Hi256'
[    0.288080] x86/fpu: Supporting XSAVE feature 0x200: 'Protection Keys User registers'
[    0.289080] x86/fpu: Supporting XSAVE feature 0x20000: 'AMX Tile config'
[    0.290080] x86/fpu: Supporting XSAVE feature 0x40000: 'AMX Tile data'
[    0.291081] x86/fpu: xstate_offset[2]:  576, xstate_sizes[2]:  256
[    0.292080] x86/fpu: xstate_offset[5]:  832, xstate_sizes[5]:   64
[    0.293080] x86/fpu: xstate_offset[6]:  896, xstate_sizes[6]:  512
[    0.294080] x86/fpu: xstate_offset[7]: 1408, xstate_sizes[7]: 1024
[    0.295080] x86/fpu: xstate_offset[9]: 2432, xstate_sizes[9]:    8
[    0.296080] x86/fpu: xstate_offset[17]: 2496, xstate_sizes[17]:   64
[    0.297080] x86/fpu: xstate_offset[18]: 2560, xstate_sizes[18]: 8192
[    0.298080] x86/fpu: Enabled xstate features 0x602e7, context size is 10752 bytes, using 'compacted' format.
[    0.343580] Freeing SMP alternatives memory: 40K
[    0.344081] pid_max: default: 57344 minimum: 448
[    0.345384] Mount-cache hash table entries: 2048 (order: 2, 16384 bytes, linear)
[    0.346084] Mountpoint-cache hash table entries: 2048 (order: 2, 16384 bytes, linear)
[    0.348325] smpboot: CPU0: Intel(R) Xeon(R) Platinum 8480+ (family: 0x6, model: 0x8f, stepping: 0x6)
[    0.349871] Performance Events: PEBS fmt0-, Sapphire Rapids events, full-width counters, Intel PMU driver.
[    0.350087] ... version:                2
[    0.350887] ... bit width:              48
[    0.351082] ... generic registers:      8
[    0.351882] ... value mask:             0000ffffffffffff
[    0.352082] ... max period:             00007fffffffffff
[    0.353082] ... fixed-purpose events:   3
[    0.353878] ... event mask:             00000007000000ff
[    0.354416] signal: max sigframe size: 11952
[    0.355153] rcu: Hierarchical SRCU implementation.
[    0.356082] rcu: Max phase no-delay instances is 400.
[    0.357191] Timer migration: 2 hierarchy levels; 8 children per group; 2 crossnode level
[    0.360743] smp: Bringing up secondary CPUs ...
[    0.361375] smpboot: x86: Booting SMP configuration:
[    0.362087] .... node  #0, CPUs:        #1  #2  #3  #4  #5  #6  #7  #8  #9 #10 #11 #12 #13 #14 #15 #16 #17 #18 #19 #20 #21 #22 #23 #24 #25 #26 #27 #28 #29 #30 #31 #32 #33 #34 #35 #36 #37 #38 #39 #40 #41 #42 #43 #44 #45 #46 #47 #48 #49 #50 #51 #52 #53 #54 #55
[    0.425844] smp: Brought up 1 node, 56 CPUs
[    0.426924] smpboot: Total of 56 processors activated (224000.00 BogoMIPS)
[    0.438321] Memory: 742824K/1048056K available (45056K kernel code, 11298K rwdata, 9932K rodata, 5956K init, 1960K bss, 280364K reserved, 0K cma-reserved)
[    0.440082] devtmpfs: initialized
[    0.441096] x86/mm: Memory block size: 128MB
[    0.451488] clocksource: jiffies: mask: 0xffffffff max_cycles: 0xffffffff, max_idle_ns: 1911260446275000 ns
[    0.452111] futex hash table entries: 16384 (order: 8, 1048576 bytes, linear)
[    0.454085] PM: RTC time: 12:28:23, date: 2024-08-26
[    0.458028] NET: Registered PF_NETLINK/PF_ROUTE protocol family
[    0.459271] thermal_sys: Registered thermal governor 'step_wise'
[    0.459275] thermal_sys: Registered thermal governor 'user_space'
[    0.460158] cpuidle: using governor menu
[    0.464823] PCI: Using configuration type 1 for base access
[    0.465263] kprobes: kprobe jump-optimization is enabled. All kprobes are optimized if possible.
[    0.513108] HugeTLB: registered 1.00 GiB page size, pre-allocated 0 pages
[    0.514086] HugeTLB: 16380 KiB vmemmap can be freed for a 1.00 GiB page
[    0.516085] HugeTLB: registered 2.00 MiB page size, pre-allocated 0 pages
[    0.518083] HugeTLB: 28 KiB vmemmap can be freed for a 2.00 MiB page
[    0.521208] ACPI: Added _OSI(Module Device)
[    0.522086] ACPI: Added _OSI(Processor Device)
[    0.523083] ACPI: Added _OSI(3.0 _SCP Extensions)
[    0.524083] ACPI: Added _OSI(Processor Aggregator Device)
[    0.557913] ACPI: 1 ACPI AML tables successfully acquired and loaded
[    0.569297] ACPI: Interpreter enabled
[    0.570163] ACPI: PM: (supports S0 S3 S4 S5)
[    0.571047] ACPI: Using IOAPIC for interrupt routing
[    0.572154] PCI: Using host bridge windows from ACPI; if necessary, use "pci=nocrs" and report a bug
[    0.574084] PCI: Using E820 reservations for host bridge windows
[    0.576550] ACPI: Enabled 2 GPEs in block 00 to 0F
[    0.638354] ACPI: PCI Root Bridge [PCI0] (domain 0000 [bus 00-ff])
[    0.640100] acpi PNP0A03:00: _OSC: OS supports [ASPM ClockPM Segments MSI HPX-Type3]
[    0.641084] acpi PNP0A03:00: _OSC: not requesting OS control; OS requires [ExtendedConfig ASPM ClockPM MSI]
[    0.643215] acpi PNP0A03:00: fail to add MMCONFIG information, can't access extended configuration space under this bridge
[    0.646519] PCI host bridge to bus 0000:00
[    0.647146] pci_bus 0000:00: root bus resource [io  0x0000-0x0cf7 window]
[    0.648091] pci_bus 0000:00: root bus resource [io  0x0d00-0xffff window]
[    0.650085] pci_bus 0000:00: root bus resource [mem 0x000a0000-0x000bffff window]
[    0.651085] pci_bus 0000:00: root bus resource [mem 0x40000000-0xfebfffff window]
[    0.653086] pci_bus 0000:00: root bus resource [mem 0x100000000-0x17fffffff window]
[    0.654087] pci_bus 0000:00: root bus resource [bus 00-ff]
[    0.656152] pci 0000:00:00.0: [8086:1237] type 00 class 0x060000 conventional PCI endpoint
[    0.658317] pci 0000:00:01.0: [8086:7000] type 00 class 0x060100 conventional PCI endpoint
[    0.661457] pci 0000:00:01.1: [8086:7010] type 00 class 0x010180 conventional PCI endpoint
[    0.666421] pci 0000:00:01.1: BAR 4 [io  0xc0c0-0xc0cf]
[    0.669447] pci 0000:00:01.1: BAR 0 [io  0x01f0-0x01f7]: legacy IDE quirk
[    0.671086] pci 0000:00:01.1: BAR 1 [io  0x03f6]: legacy IDE quirk
[    0.672082] pci 0000:00:01.1: BAR 2 [io  0x0170-0x0177]: legacy IDE quirk
[    0.673082] pci 0000:00:01.1: BAR 3 [io  0x0376]: legacy IDE quirk
[    0.676079] pci 0000:00:01.3: [8086:7113] type 00 class 0x068000 conventional PCI endpoint
[    0.678690] pci 0000:00:01.3: quirk: [io  0x0600-0x063f] claimed by PIIX4 ACPI
[    0.680092] pci 0000:00:01.3: quirk: [io  0x0700-0x070f] claimed by PIIX4 SMB
[    0.683102] pci 0000:00:02.0: [1af4:1009] type 00 class 0x000200 conventional PCI endpoint
[    0.686844] pci 0000:00:02.0: BAR 0 [io  0xc000-0xc03f]
[    0.689085] pci 0000:00:02.0: BAR 1 [mem 0xfebfc000-0xfebfcfff]
[    0.695086] pci 0000:00:02.0: BAR 4 [mem 0xfebf0000-0xfebf3fff 64bit pref]
[    0.712183] pci 0000:00:03.0: [1af4:1009] type 00 class 0x000200 conventional PCI endpoint
[    0.714987] pci 0000:00:03.0: BAR 0 [io  0xc040-0xc07f]
[    0.716978] pci 0000:00:03.0: BAR 1 [mem 0xfebfd000-0xfebfdfff]
[    0.722088] pci 0000:00:03.0: BAR 4 [mem 0xfebf4000-0xfebf7fff 64bit pref]
[    0.738583] pci 0000:00:04.0: [8086:25ab] type 00 class 0x088000 conventional PCI endpoint
[    0.742093] pci 0000:00:04.0: BAR 0 [mem 0xfebfe000-0xfebfe00f]
[    0.759478] pci 0000:00:05.0: [1af4:1003] type 00 class 0x078000 conventional PCI endpoint
[    0.762059] pci 0000:00:05.0: BAR 0 [io  0xc080-0xc0bf]
[    0.764085] pci 0000:00:05.0: BAR 1 [mem 0xfebff000-0xfebfffff]
[    0.769073] pci 0000:00:05.0: BAR 4 [mem 0xfebf8000-0xfebfbfff 64bit pref]
[    0.788645] ACPI: PCI: Interrupt link LNKA configured for IRQ 10
[    0.791165] ACPI: PCI: Interrupt link LNKB configured for IRQ 10
[    0.794134] ACPI: PCI: Interrupt link LNKC configured for IRQ 11
[    0.796126] ACPI: PCI: Interrupt link LNKD configured for IRQ 11
[    0.797524] ACPI: PCI: Interrupt link LNKS configured for IRQ 9
[    0.832963] iommu: Default domain type: Translated
[    0.834083] iommu: DMA domain TLB invalidation policy: lazy mode
[    0.835665] SCSI subsystem initialized
[    0.837370] pps_core: LinuxPPS API ver. 1 registered
[    0.838085] pps_core: Software ver. 5.3.6 - Copyright 2005-2007 Rodolfo Giometti <giometti@linux.it>
[    0.840098] PTP clock support registered
[    0.842335] Advanced Linux Sound Architecture Driver Initialized.
[    0.845883] NET: Registered PF_ATMPVC protocol family
[    0.846079] NET: Registered PF_ATMSVC protocol family
[    0.848114] PCI: Using ACPI for IRQ routing
[    0.849250] vgaarb: loaded
[    0.850294] hpet0: at MMIO 0xfed00000, IRQs 2, 8, 0
[    0.852082] hpet0: 3 comparators, 64-bit 100.000000 MHz counter
[    0.858251] clocksource: Switched to clocksource kvm-clock
[    0.860129] VFS: Disk quotas dquot_6.6.0
[    0.860974] VFS: Dquot-cache hash table entries: 512 (order 0, 4096 bytes)
[    0.866815] pnp: PnP ACPI init
[    0.872255] pnp: PnP ACPI: found 5 devices
[    0.907022] clocksource: acpi_pm: mask: 0xffffff max_cycles: 0xffffff, max_idle_ns: 2085701024 ns
[    0.909014] NET: Registered PF_INET protocol family
[    0.910109] IP idents hash table entries: 16384 (order: 5, 131072 bytes, linear)
[    0.912373] tcp_listen_portaddr_hash hash table entries: 512 (order: 1, 8192 bytes, linear)
[    0.914076] Table-perturb hash table entries: 65536 (order: 6, 262144 bytes, linear)
[    0.915671] TCP established hash table entries: 8192 (order: 4, 65536 bytes, linear)
[    0.917259] TCP bind hash table entries: 8192 (order: 6, 262144 bytes, linear)
[    0.918750] TCP: Hash tables configured (established 8192 bind 8192)
[    0.920750] UDP hash table entries: 512 (order: 2, 16384 bytes, linear)
[    0.922123] UDP-Lite hash table entries: 512 (order: 2, 16384 bytes, linear)
[    0.923970] NET: Registered PF_UNIX/PF_LOCAL protocol family
[    0.925144] pci_bus 0000:00: resource 4 [io  0x0000-0x0cf7 window]
[    0.926402] pci_bus 0000:00: resource 5 [io  0x0d00-0xffff window]
[    0.927662] pci_bus 0000:00: resource 6 [mem 0x000a0000-0x000bffff window]
[    0.929049] pci_bus 0000:00: resource 7 [mem 0x40000000-0xfebfffff window]
[    0.930430] pci_bus 0000:00: resource 8 [mem 0x100000000-0x17fffffff window]
[    0.932077] pci 0000:00:01.0: PIIX3: Enabling Passive Release
[    0.933250] pci 0000:00:00.0: Limiting direct PCI/PCI transfers
[    0.934554] PCI: CLS 0 bytes, default 64
[    0.950529] RAPL PMU: API unit is 2^-32 Joules, 1 fixed counters, 10737418240 ms ovfl timer
[    0.952251] RAPL PMU: hw unit of domain psys 2^-0 Joules
[    1.271098] kwatchdog (374) used greatest stack depth: 30696 bytes left
[    1.532062] kvm_amd: CPU 53 isn't AMD or Hygon
[    1.533173] clocksource: tsc: mask: 0xffffffffffffffff max_cycles: 0x39a85c9bff6, max_idle_ns: 881590591483 ns
[    1.684079] Initialise system trusted keyrings
[    1.685959] workingset: timestamp_bits=56 max_order=18 bucket_order=0
[    1.687716] squashfs: version 4.0 (2009/01/31) Phillip Lougher
[    1.688944] fuse: init (API version 7.40)
[    1.690267] 9p: Installing v9fs 9p2000 file system support
[    1.710110] Key type asymmetric registered
[    1.710950] Asymmetric key parser 'x509' registered
[    1.712014] Block layer SCSI generic (bsg) driver version 0.4 loaded (major 249)
[    1.713540] io scheduler mq-deadline registered
[    1.714451] io scheduler kyber registered
[    1.734035] input: Power Button as /devices/LNXSYSTM:00/LNXPWRBN:00/input/input0
[    1.736043] ACPI: button: Power Button [PWRF]
[    1.740106] Warning: Processor Platform Limit event detected, but not handled.
[    1.742605] Consider compiling CPUfreq support into your kernel.
[    2.650524] ACPI: \_SB_.LNKB: Enabled at IRQ 10
[    3.521323] ACPI: \_SB_.LNKC: Enabled at IRQ 11
[    4.068996] ACPI: \_SB_.LNKA: Enabled at IRQ 10
[    4.070695] Serial: 8250/16550 driver, 4 ports, IRQ sharing enabled
[    4.071634] 00:03: ttyS0 at I/O 0x3f8 (irq = 4, base_baud = 115200) is a 16550A
[    4.095200] Non-volatile memory driver v1.3
[    4.095678] Linux agpgart interface v0.103
[    4.096782] ACPI: bus type drm_connector registered
[    4.099363] printk: legacy console [hvc0] enabled
[    4.100378] printk: legacy bootconsole [earlyser0] disabled
          _      _                                    
   __   _(_)_ __| |_ _ __ ___   ___       _ __   __ _ 
   \ \ / / |  __| __|  _   _ \ / _ \_____|  _ \ / _  |
    \ V /| | |  | |_| | | | | |  __/_____| | | | (_| |
     \_/ |_|_|   \__|_| |_| |_|\___|     |_| |_|\__  |
                                                |___/ 
   kernel version: 6.11.0-rc4-virtme x86_64
   (CTRL+d to exit)

root@virtme-ng:/nipa-data/kernel# PS1='xx__-> '
xx__-> env
PWD=/nipa-data/kernel
nr_open=1048576
HOME=/
TERM=xterm
SHLVL=2
XDG_RUNTIME_DIR=/run/user/0
PATH=/bin:/sbin:/usr/bin:/usr/sbin:/usr/local/bin
OLDPWD=/
_=/bin/env
xx__-> 