No EFI environment detected.
early console in extract_kernel
input_data: 0x00000000029f82b9
input_len: 0x0000000000ad55a8
output: 0x0000000001000000
output_len: 0x00000000024886a0
kernel_total_size: 0x0000000002230000
needed_size: 0x0000000002600000
trampoline_32bit: 0x0000000000000000
Physical KASLR using RDRAND RDTSC...
Virtual KASLR using RDRAND RDTSC...

Decompressing Linux... Parsing ELF... Performing relocations... done.
Booting the kernel (entry_offset: 0x0000000000000000).
[    0.000000] Linux version 6.8.0-rc5-virtme (root@78e09f9e55f9) (gcc (Alpine 13.2.1_git20231014) 13.2.1 20231014, GNU ld (GNU Binutils) 2.42) #1 SMP PREEMPT_DYNAMIC Sat Feb 24 15:06:53 UTC 2024
[    0.000000] Command line: virtme_hostname=virtme-ng virtme_link_mods=/nipa-data/kernel/.virtme_mods/lib/modules/0.0.0 virtme_initmount0=nipa-data/kernel virtme_rw_overlay0=/etc virtme_rw_overlay1=/lib virtme_rw_overlay2=/home virtme_rw_overlay3=/opt virtme_rw_overlay4=/srv virtme_rw_overlay5=/usr virtme_rw_overlay6=/var earlyprintk=serial,ttyS0,115200 console=ttyS0 psmouse.proto=exps TERM=xterm virtme_chdir=nipa-data/kernel virtme_root_user=1 rootfstype=9p rootflags=version=9p2000.L,trans=virtio,access=any raid=noautodetect ro init=/usr/lib/python3.11/site-packages/virtme/guest/virtme-init
[    0.000000] BIOS-provided physical RAM map:
[    0.000000] BIOS-e820: [mem 0x0000000000000000-0x000000000009fbff] usable
[    0.000000] BIOS-e820: [mem 0x000000000009fc00-0x000000000009ffff] reserved
[    0.000000] BIOS-e820: [mem 0x00000000000f0000-0x00000000000fffff] reserved
[    0.000000] BIOS-e820: [mem 0x0000000000100000-0x000000003ffdffff] usable
[    0.000000] BIOS-e820: [mem 0x000000003ffe0000-0x000000003fffffff] reserved
[    0.000000] BIOS-e820: [mem 0x00000000feffc000-0x00000000feffffff] reserved
[    0.000000] BIOS-e820: [mem 0x00000000fffc0000-0x00000000ffffffff] reserved
[    0.000000] BIOS-e820: [mem 0x000000fd00000000-0x000000ffffffffff] reserved
[    0.000000] printk: legacy bootconsole [earlyser0] enabled
[    0.000000] NX (Execute Disable) protection: active
[    0.000000] APIC: Static calls initialized
[    0.000000] SMBIOS 3.0.0 present.
[    0.000000] DMI: QEMU Standard PC (i440FX + PIIX, 1996), BIOS rel-1.16.3-0-ga6ed6b701f0a-prebuilt.qemu.org 04/01/2014
[    0.000000] Hypervisor detected: KVM
[    0.000000] kvm-clock: Using msrs 4b564d01 and 4b564d00
[    0.000000] kvm-clock: using sched offset of 207123227 cycles
[    0.000393] clocksource: kvm-clock: mask: 0xffffffffffffffff max_cycles: 0x1cd42e4dffb, max_idle_ns: 881590591483 ns
[    0.001616] tsc: Detected 4491.536 MHz processor
[    0.002231] last_pfn = 0x3ffe0 max_arch_pfn = 0x400000000
[    0.002641] MTRR map: 4 entries (3 fixed + 1 variable; max 19), built from 8 variable MTRRs
[    0.003241] x86/PAT: Configuration [0-7]: WB  WC  UC- UC  WB  WP  UC- WT  
Memory KASLR using RDRAND RDTSC...
[    0.005298] found SMP MP-table at [mem 0x000f5470-0x000f547f]
[    0.005714] Using GB pages for direct mapping
[    0.006056] ACPI: Early table checksum verification disabled
[    0.006462] ACPI: RSDP 0x00000000000F5290 000014 (v00 BOCHS )
[    0.006875] ACPI: RSDT 0x000000003FFE27B6 000034 (v01 BOCHS  BXPC     00000001 BXPC 00000001)
[    0.007492] ACPI: FACP 0x000000003FFE2572 000074 (v01 BOCHS  BXPC     00000001 BXPC 00000001)
[    0.008102] ACPI: DSDT 0x000000003FFE0040 002532 (v01 BOCHS  BXPC     00000001 BXPC 00000001)
[    0.008711] ACPI: FACS 0x000000003FFE0000 000040
[    0.009041] ACPI: APIC 0x000000003FFE25E6 000170 (v03 BOCHS  BXPC     00000001 BXPC 00000001)
[    0.009650] ACPI: HPET 0x000000003FFE2756 000038 (v01 BOCHS  BXPC     00000001 BXPC 00000001)
[    0.010259] ACPI: WAET 0x000000003FFE278E 000028 (v01 BOCHS  BXPC     00000001 BXPC 00000001)
[    0.010870] ACPI: Reserving FACP table memory at [mem 0x3ffe2572-0x3ffe25e5]
[    0.011376] ACPI: Reserving DSDT table memory at [mem 0x3ffe0040-0x3ffe2571]
[    0.011880] ACPI: Reserving FACS table memory at [mem 0x3ffe0000-0x3ffe003f]
[    0.012382] ACPI: Reserving APIC table memory at [mem 0x3ffe25e6-0x3ffe2755]
[    0.012887] ACPI: Reserving HPET table memory at [mem 0x3ffe2756-0x3ffe278d]
[    0.013392] ACPI: Reserving WAET table memory at [mem 0x3ffe278e-0x3ffe27b5]
[    0.014033] No NUMA configuration found
[    0.014307] Faking a node at [mem 0x0000000000000000-0x000000003ffdffff]
[    0.014786] NODE_DATA(0) allocated [mem 0x3ffdb000-0x3ffdffff]
[    0.015213] Zone ranges:
[    0.015394]   DMA      [mem 0x0000000000001000-0x0000000000ffffff]
[    0.015837]   DMA32    [mem 0x0000000001000000-0x000000003ffdffff]
[    0.016279]   Normal   empty
[    0.016485]   Device   empty
[    0.016691] Movable zone start for each node
[    0.016997] Early memory node ranges
[    0.017252]   node   0: [mem 0x0000000000001000-0x000000000009efff]
[    0.017701]   node   0: [mem 0x0000000000100000-0x000000003ffdffff]
[    0.018151] Initmem setup node 0 [mem 0x0000000000001000-0x000000003ffdffff]
[    0.018658] On node 0, zone DMA: 1 pages in unavailable ranges
[    0.019084] On node 0, zone DMA: 97 pages in unavailable ranges
[    0.020486] On node 0, zone DMA32: 32 pages in unavailable ranges
[    0.021107] ACPI: PM-Timer IO Port: 0x608
[    0.021396] ACPI: LAPIC_NMI (acpi_id[0xff] dfl dfl lint[0x1])
[    0.021821] IOAPIC[0]: apic_id 0, version 17, address 0xfec00000, GSI 0-23
[    0.022312] ACPI: INT_SRC_OVR (bus 0 bus_irq 0 global_irq 2 dfl dfl)
[    0.022764] ACPI: INT_SRC_OVR (bus 0 bus_irq 5 global_irq 5 high level)
[    0.023239] ACPI: INT_SRC_OVR (bus 0 bus_irq 9 global_irq 9 high level)
[    0.023710] ACPI: INT_SRC_OVR (bus 0 bus_irq 10 global_irq 10 high level)
[    0.024193] ACPI: INT_SRC_OVR (bus 0 bus_irq 11 global_irq 11 high level)
[    0.024678] ACPI: Using ACPI (MADT) for SMP configuration information
[    0.025136] ACPI: HPET id: 0x8086a201 base: 0xfed00000
[    0.025504] TSC deadline timer available
[    0.025783] smpboot: Allowing 32 CPUs, 0 hotplug CPUs
[    0.026151] kvm-guest: APIC: eoi() replaced with kvm_guest_apic_eoi_write()
[    0.026656] kvm-guest: KVM setup pv remote TLB flush
[    0.027012] kvm-guest: setup PV sched yield
[    0.027316] PM: hibernation: Registered nosave memory: [mem 0x00000000-0x00000fff]
[    0.027858] PM: hibernation: Registered nosave memory: [mem 0x0009f000-0x0009ffff]
[    0.028400] PM: hibernation: Registered nosave memory: [mem 0x000a0000-0x000effff]
[    0.028942] PM: hibernation: Registered nosave memory: [mem 0x000f0000-0x000fffff]
[    0.029484] [mem 0x40000000-0xfeffbfff] available for PCI devices
[    0.029920] Booting paravirtualized kernel on KVM
[    0.030257] clocksource: refined-jiffies: mask: 0xffffffff max_cycles: 0xffffffff, max_idle_ns: 1910969940391419 ns
[    0.033869] setup_percpu: NR_CPUS:64 nr_cpumask_bits:32 nr_cpu_ids:32 nr_node_ids:1
[    0.035003] percpu: Embedded 56 pages/cpu s191784 r8192 d29400 u262144
[    0.035503] Kernel command line: virtme_hostname=virtme-ng virtme_link_mods=/nipa-data/kernel/.virtme_mods/lib/modules/0.0.0 virtme_initmount0=nipa-data/kernel virtme_rw_overlay0=/etc virtme_rw_overlay1=/lib virtme_rw_overlay2=/home virtme_rw_overlay3=/opt virtme_rw_overlay4=/srv virtme_rw_overlay5=/usr virtme_rw_overlay6=/var earlyprintk=serial,ttyS0,115200 console=ttyS0 psmouse.proto=exps TERM=xterm virtme_chdir=nipa-data/kernel virtme_root_user=1 rootfstype=9p rootflags=version=9p2000.L,trans=virtio,access=any raid=noautodetect ro init=/usr/lib/python3.11/site-packages/virtme/guest/virtme-init
[    0.039439] Unknown kernel command line parameters "virtme_hostname=virtme-ng virtme_link_mods=/nipa-data/kernel/.virtme_mods/lib/modules/0.0.0 virtme_initmount0=nipa-data/kernel virtme_rw_overlay0=/etc virtme_rw_overlay1=/lib virtme_rw_overlay2=/home virtme_rw_overlay3=/opt virtme_rw_overlay4=/srv virtme_rw_overlay5=/usr virtme_rw_overlay6=/var virtme_chdir=nipa-data/kernel virtme_root_user=1", will be passed to user space.
[    0.042398] random: crng init done
[    0.042674] Dentry cache hash table entries: 131072 (order: 8, 1048576 bytes, linear)
[    0.043267] Inode-cache hash table entries: 65536 (order: 7, 524288 bytes, linear)
[    0.043912] Fallback order for Node 0: 0 
[    0.043914] Built 1 zonelists, mobility grouping on.  Total pages: 257760
[    0.044708] Policy zone: DMA32
[    0.044932] mem auto-init: stack:all(zero), heap alloc:off, heap free:off
[    0.046164] Memory: 986876K/1048056K available (16384K kernel code, 2349K rwdata, 5932K rodata, 2992K init, 2336K bss, 60920K reserved, 0K cma-reserved)
[    0.047193] SLUB: HWalign=64, Order=0-3, MinObjects=0, CPUs=32, Nodes=1
Poking KASLR using RDRAND RDTSC...
[    0.047920] ftrace: allocating 46285 entries in 181 pages
[    0.054857] ftrace: allocated 181 pages with 5 groups
[    0.055894] Dynamic Preempt: voluntary
[    0.056313] rcu: Preemptible hierarchical RCU implementation.
[    0.056741] rcu: RCU event tracing is enabled.
[    0.057077] rcu: RCU restricting CPUs from NR_CPUS=64 to nr_cpu_ids=32.
[    0.057573] Trampoline variant of Tasks RCU enabled.
[    0.057945] Rude variant of Tasks RCU enabled.
[    0.058278] Tracing variant of Tasks RCU enabled.
[    0.058634] rcu: RCU calculated value of scheduler-enlistment delay is 100 jiffies.
[    0.059204] rcu: Adjusting geometry for rcu_fanout_leaf=16, nr_cpu_ids=32
[    0.061010] NR_IRQS: 4352, nr_irqs: 680, preallocated irqs: 16
[    0.061715] rcu: srcu_init: Setting srcu_struct sizes based on contention.
[    0.062358] Console: colour *CGA 80x25
[    0.062650] printk: legacy console [ttyS0] enabled
[    0.062650] printk: legacy console [ttyS0] enabled
[    0.063358] printk: legacy bootconsole [earlyser0] disabled
[    0.063358] printk: legacy bootconsole [earlyser0] disabled
[    0.064181] ACPI: Core revision 20230628
[    0.064541] clocksource: hpet: mask: 0xffffffff max_cycles: 0xffffffff, max_idle_ns: 19112604467 ns
[    0.065274] APIC: Switch to symmetric I/O mode setup
[    0.065669] APIC: Switched APIC routing to: physical flat
[    0.066070] kvm-guest: APIC: send_IPI_mask() replaced with kvm_send_ipi_mask()
[    0.066606] kvm-guest: APIC: send_IPI_mask_allbutself() replaced with kvm_send_ipi_mask_allbutself()
[    0.067303] kvm-guest: setup PV IPIs
[    0.068351] ..TIMER: vector=0x30 apic1=0 pin1=2 apic2=-1 pin2=-1
[    0.069153] tsc: Marking TSC unstable due to TSCs unsynchronized
[    0.069963] Calibrating delay loop (skipped) preset value.. 8983.07 BogoMIPS (lpj=4491536)
[    0.071021] x86/cpu: User Mode Instruction Prevention (UMIP) activated
[    0.072012] Last level iTLB entries: 4KB 512, 2MB 255, 4MB 127
[    0.072961] Last level dTLB entries: 4KB 512, 2MB 255, 4MB 127, 1GB 0
[    0.073964] Spectre V1 : Mitigation: usercopy/swapgs barriers and __user pointer sanitization
[    0.074964] Spectre V2 : Mitigation: Enhanced / Automatic IBRS
[    0.075961] Spectre V2 : Spectre v2 / SpectreRSB mitigation: Filling RSB on context switch
[    0.076962] Spectre V2 : mitigation: Enabling conditional Indirect Branch Prediction Barrier
[    0.077962] Speculative Store Bypass: Mitigation: Speculative Store Bypass disabled via prctl
[    0.078961] Speculative Return Stack Overflow: IBPB-extending microcode not applied!
[    0.079961] Speculative Return Stack Overflow: WARNING: See https://kernel.org/doc/html/latest/admin-guide/hw-vuln/srso.html for mitigation options.
[    0.079961] Speculative Return Stack Overflow: Vulnerable: Safe RET, no microcode
[    0.081976] x86/fpu: Supporting XSAVE feature 0x001: 'x87 floating point registers'
[    0.082961] x86/fpu: Supporting XSAVE feature 0x002: 'SSE registers'
[    0.083961] x86/fpu: Supporting XSAVE feature 0x004: 'AVX registers'
[    0.084961] x86/fpu: Supporting XSAVE feature 0x020: 'AVX-512 opmask'
[    0.085790] x86/fpu: Supporting XSAVE feature 0x040: 'AVX-512 Hi256'
[    0.085961] x86/fpu: Supporting XSAVE feature 0x080: 'AVX-512 ZMM_Hi256'
[    0.086961] x86/fpu: Supporting XSAVE feature 0x200: 'Protection Keys User registers'
[    0.087961] x86/fpu: xstate_offset[2]:  576, xstate_sizes[2]:  256
[    0.088961] x86/fpu: xstate_offset[5]:  832, xstate_sizes[5]:   64
[    0.089961] x86/fpu: xstate_offset[6]:  896, xstate_sizes[6]:  512
[    0.090961] x86/fpu: xstate_offset[7]: 1408, xstate_sizes[7]: 1024
[    0.091761] x86/fpu: xstate_offset[9]: 2432, xstate_sizes[9]:    8
[    0.091961] x86/fpu: Enabled xstate features 0x2e7, context size is 2440 bytes, using 'compacted' format.
[    0.108017] Freeing SMP alternatives memory: 40K
[    0.108798] pid_max: default: 32768 minimum: 301
[    0.108992] Mount-cache hash table entries: 2048 (order: 2, 16384 bytes, linear)
[    0.109962] Mountpoint-cache hash table entries: 2048 (order: 2, 16384 bytes, linear)
[    0.111147] smpboot: CPU0: AMD Ryzen 9 7950X 16-Core Processor (family: 0x19, model: 0x61, stepping: 0x2)
[    0.112064] RCU Tasks: Setting shift to 5 and lim to 1 rcu_task_cb_adjust=1.
[    0.112971] RCU Tasks Rude: Setting shift to 5 and lim to 1 rcu_task_cb_adjust=1.
[    0.113975] RCU Tasks Trace: Setting shift to 5 and lim to 1 rcu_task_cb_adjust=1.
[    0.114972] Performance Events: Fam17h+ core perfctr, AMD PMU driver.
[    0.115965] ... version:                0
[    0.116628] ... bit width:              48
[    0.116963] ... generic registers:      6
[    0.117625] ... value mask:             0000ffffffffffff
[    0.117963] ... max period:             00007fffffffffff
[    0.118842] ... fixed-purpose events:   0
[    0.118963] ... event mask:             000000000000003f
[    0.119920] signal: max sigframe size: 3376
[    0.119984] rcu: Hierarchical SRCU implementation.
[    0.120775] rcu: Max phase no-delay instances is 400.
[    0.123803] smp: Bringing up secondary CPUs ...
[    0.124027] smpboot: x86: Booting SMP configuration:
[    0.124848] .... node  #0, CPUs:        #1  #2  #3  #4  #5  #6  #7  #8  #9 #10 #11 #12 #13 #14 #15 #16 #17 #18 #19 #20 #21 #22 #23 #24 #25 #26 #27 #28 #29 #30 #31
[    0.140117] smp: Brought up 1 node, 32 CPUs
[    0.141525] smpboot: Max logical packages: 1
[    0.141963] smpboot: Total of 32 processors activated (287458.30 BogoMIPS)
[    0.145016] devtmpfs: initialized
[    0.145441] x86/mm: Memory block size: 128MB
[    0.146701] clocksource: jiffies: mask: 0xffffffff max_cycles: 0xffffffff, max_idle_ns: 1911260446275000 ns
[    0.146966] futex hash table entries: 8192 (order: 7, 524288 bytes, linear)
[    0.148122] PM: RTC time: 15:07:23, date: 2024-02-24
[    0.149150] NET: Registered PF_NETLINK/PF_ROUTE protocol family
[    0.150089] thermal_sys: Registered thermal governor 'step_wise'
[    0.150090] thermal_sys: Registered thermal governor 'user_space'
[    0.150925] cpuidle: using governor menu
[    0.152216] PCI: Using configuration type 1 for base access
[    0.152963] PCI: Using configuration type 1 for extended access
[    0.153822] kprobes: kprobe jump-optimization is enabled. All kprobes are optimized if possible.
[    0.168696] HugeTLB: registered 1.00 GiB page size, pre-allocated 0 pages
[    0.168963] HugeTLB: 16380 KiB vmemmap can be freed for a 1.00 GiB page
[    0.169842] HugeTLB: registered 2.00 MiB page size, pre-allocated 0 pages
[    0.169963] HugeTLB: 28 KiB vmemmap can be freed for a 2.00 MiB page
[    0.173804] ACPI: Added _OSI(Module Device)
[    0.173963] ACPI: Added _OSI(Processor Device)
[    0.174570] ACPI: Added _OSI(3.0 _SCP Extensions)
[    0.174963] ACPI: Added _OSI(Processor Aggregator Device)
[    0.176495] ACPI: 1 ACPI AML tables successfully acquired and loaded
[    0.177529] ACPI: _OSC evaluation for CPUs failed, trying _PDC
[    0.178108] ACPI: Interpreter enabled
[    0.178604] ACPI: PM: (supports S0 S3 S4 S5)
[    0.178964] ACPI: Using IOAPIC for interrupt routing
[    0.179822] PCI: Using host bridge windows from ACPI; if necessary, use "pci=nocrs" and report a bug
[    0.179963] PCI: Using E820 reservations for host bridge windows
[    0.180854] ACPI: Enabled 2 GPEs in block 00 to 0F
[    0.183609] ACPI: PCI Root Bridge [PCI0] (domain 0000 [bus 00-ff])
[    0.183966] acpi PNP0A03:00: _OSC: OS supports [ExtendedConfig ASPM ClockPM Segments MSI HPX-Type3]
[    0.185059] PCI host bridge to bus 0000:00
[    0.185609] pci_bus 0000:00: root bus resource [io  0x0000-0x0cf7 window]
[    0.185963] pci_bus 0000:00: root bus resource [io  0x0d00-0xffff window]
[    0.186862] pci_bus 0000:00: root bus resource [mem 0x000a0000-0x000bffff window]
[    0.186963] pci_bus 0000:00: root bus resource [mem 0x40000000-0xfebfffff window]
[    0.187963] pci_bus 0000:00: root bus resource [mem 0x100000000-0x17fffffff window]
[    0.188963] pci_bus 0000:00: root bus resource [bus 00-ff]
[    0.189786] pci 0000:00:00.0: [8086:1237] type 00 class 0x060000 conventional PCI endpoint
[    0.190220] pci 0000:00:01.0: [8086:7000] type 00 class 0x060100 conventional PCI endpoint
[    0.191283] pci 0000:00:01.1: [8086:7010] type 00 class 0x010180 conventional PCI endpoint
[    0.194194] pci 0000:00:01.1: BAR 4 [io  0xc080-0xc08f]
[    0.195657] pci 0000:00:01.1: BAR 0 [io  0x01f0-0x01f7]: legacy IDE quirk
[    0.195963] pci 0000:00:01.1: BAR 1 [io  0x03f6]: legacy IDE quirk
[    0.196785] pci 0000:00:01.1: BAR 2 [io  0x0170-0x0177]: legacy IDE quirk
[    0.196963] pci 0000:00:01.1: BAR 3 [io  0x0376]: legacy IDE quirk
[    0.197880] pci 0000:00:01.3: [8086:7113] type 00 class 0x068000 conventional PCI endpoint
[    0.198207] pci 0000:00:01.3: quirk: [io  0x0600-0x063f] claimed by PIIX4 ACPI
[    0.198968] pci 0000:00:01.3: quirk: [io  0x0700-0x070f] claimed by PIIX4 SMB
[    0.200088] pci 0000:00:02.0: [1af4:1009] type 00 class 0x000200 conventional PCI endpoint
[    0.201964] pci 0000:00:02.0: BAR 0 [io  0xc000-0xc03f]
[    0.203631] pci 0000:00:02.0: BAR 1 [mem 0xfebfd000-0xfebfdfff]
[    0.207528] pci 0000:00:02.0: BAR 4 [mem 0xfebf4000-0xfebf7fff 64bit pref]
[    0.209586] pci 0000:00:03.0: [1af4:1009] type 00 class 0x000200 conventional PCI endpoint
[    0.210964] pci 0000:00:03.0: BAR 0 [io  0xc040-0xc07f]
[    0.212613] pci 0000:00:03.0: BAR 1 [mem 0xfebfe000-0xfebfefff]
[    0.216627] pci 0000:00:03.0: BAR 4 [mem 0xfebf8000-0xfebfbfff 64bit pref]
[    0.218517] pci 0000:00:04.0: [8086:25ab] type 00 class 0x088000 conventional PCI endpoint
[    0.219490] pci 0000:00:04.0: BAR 0 [mem 0xfebff000-0xfebff00f]
[    0.223178] ACPI: PCI: Interrupt link LNKA configured for IRQ 10
[    0.224110] ACPI: PCI: Interrupt link LNKB configured for IRQ 10
[    0.225082] ACPI: PCI: Interrupt link LNKC configured for IRQ 11
[    0.225988] ACPI: PCI: Interrupt link LNKD configured for IRQ 11
[    0.226860] ACPI: PCI: Interrupt link LNKS configured for IRQ 9
[    0.227881] iommu: Default domain type: Translated
[    0.227963] iommu: DMA domain TLB invalidation policy: lazy mode
[    0.228801] SCSI subsystem initialized
[    0.229000] pps_core: LinuxPPS API ver. 1 registered
[    0.229658] pps_core: Software ver. 5.3.6 - Copyright 2005-2007 Rodolfo Giometti <giometti@linux.it>
[    0.229965] PTP clock support registered
[    0.230503] Advanced Linux Sound Architecture Driver Initialized.
[    0.231285] NET: Registered PF_ATMPVC protocol family
[    0.231963] NET: Registered PF_ATMSVC protocol family
[    0.232644] PCI: Using ACPI for IRQ routing
[    0.233044] vgaarb: loaded
[    0.233337] hpet0: at MMIO 0xfed00000, IRQs 2, 8, 0
[    0.233963] hpet0: 3 comparators, 64-bit 100.000000 MHz counter
[    0.238215] clocksource: Switched to clocksource kvm-clock
[    0.239318] VFS: Disk quotas dquot_6.6.0
[    0.240188] VFS: Dquot-cache hash table entries: 512 (order 0, 4096 bytes)
[    0.241166] pnp: PnP ACPI init
[    0.241920] pnp: PnP ACPI: found 5 devices
[    0.249293] clocksource: acpi_pm: mask: 0xffffff max_cycles: 0xffffff, max_idle_ns: 2085701024 ns
[    0.250824] NET: Registered PF_INET protocol family
[    0.251659] IP idents hash table entries: 16384 (order: 5, 131072 bytes, linear)
[    0.253102] tcp_listen_portaddr_hash hash table entries: 512 (order: 1, 8192 bytes, linear)
[    0.254505] Table-perturb hash table entries: 65536 (order: 6, 262144 bytes, linear)
[    0.255804] TCP established hash table entries: 8192 (order: 4, 65536 bytes, linear)
[    0.257096] TCP bind hash table entries: 8192 (order: 6, 262144 bytes, linear)
[    0.258307] TCP: Hash tables configured (established 8192 bind 8192)
[    0.259391] UDP hash table entries: 512 (order: 2, 16384 bytes, linear)
[    0.260496] UDP-Lite hash table entries: 512 (order: 2, 16384 bytes, linear)
[    0.261702] NET: Registered PF_UNIX/PF_LOCAL protocol family
[    0.262654] pci_bus 0000:00: resource 4 [io  0x0000-0x0cf7 window]
[    0.263725] pci_bus 0000:00: resource 5 [io  0x0d00-0xffff window]
[    0.264780] pci_bus 0000:00: resource 6 [mem 0x000a0000-0x000bffff window]
[    0.265761] pci_bus 0000:00: resource 7 [mem 0x40000000-0xfebfffff window]
[    0.266679] pci_bus 0000:00: resource 8 [mem 0x100000000-0x17fffffff window]
[    0.267653] pci 0000:00:01.0: PIIX3: Enabling Passive Release
[    0.268439] pci 0000:00:00.0: Limiting direct PCI/PCI transfers
[    0.269319] PCI: CLS 0 bytes, default 64
[    0.270059] kvm_intel: VMX not supported by CPU 0
[    0.270885] kvm_amd: TSC scaling supported
[    0.271530] kvm_amd: Nested Virtualization enabled
[    0.272201] kvm_amd: Nested Paging enabled
[    0.272800] kvm_amd: Virtual VMLOAD VMSAVE supported
[    0.273464] kvm_amd: Virtual GIF supported
[    0.274010] kvm_amd: Virtual NMI enabled
[    0.274535] kvm_amd: LBR virtualization supported
[    0.363676] workingset: timestamp_bits=56 max_order=18 bucket_order=0
[    0.364595] squashfs: version 4.0 (2009/01/31) Phillip Lougher
[    0.365392] fuse: init (API version 7.39)
[    0.365977] 9p: Installing v9fs 9p2000 file system support
[    0.366725] Key type asymmetric registered
[    0.367289] Block layer SCSI generic (bsg) driver version 0.4 loaded (major 249)
[    0.368278] io scheduler mq-deadline registered
[    0.368884] io scheduler kyber registered
[    0.370398] input: Power Button as /devices/LNXSYSTM:00/LNXPWRBN:00/input/input0
[    0.371436] ACPI: button: Power Button [PWRF]
[    0.372038] Warning: Processor Platform Limit event detected, but not handled.
[    0.372992] Consider compiling CPUfreq support into your kernel.
[    0.390512] ACPI: \_SB_.LNKB: Enabled at IRQ 10
[    0.407721] ACPI: \_SB_.LNKC: Enabled at IRQ 11
[    0.409008] Serial: 8250/16550 driver, 4 ports, IRQ sharing enabled
[    0.409968] 00:03: ttyS0 at I/O 0x3f8 (irq = 4, base_baud = 115200) is a 16550A
[    0.411351] Non-volatile memory driver v1.3
[    0.411919] Linux agpgart interface v0.103
[    0.412498] ACPI: bus type drm_connector registered
[    0.417562] loop: module loaded
[    0.418644] scsi host0: ata_piix
[    0.419236] scsi host1: ata_piix
[    0.419681] ata1: PATA max MWDMA2 cmd 0x1f0 ctl 0x3f6 bmdma 0xc080 irq 14 lpm-pol 0
[    0.420697] ata2: PATA max MWDMA2 cmd 0x170 ctl 0x376 bmdma 0xc088 irq 15 lpm-pol 0
[    0.421939] i8042: PNP: PS/2 Controller [PNP0303:KBD,PNP0f13:MOU] at 0x60,0x64 irq 1,12
[    0.423616] serio: i8042 KBD port at 0x60,0x64 irq 1
[    0.424286] serio: i8042 AUX port at 0x60,0x64 irq 12
[    0.425082] rtc_cmos 00:04: RTC can wake from S4
[    0.426149] input: AT Translated Set 2 keyboard as /devices/platform/i8042/serio0/input/input1
[    0.427423] rtc_cmos 00:04: registered as rtc0
[    0.428252] rtc_cmos 00:04: setting system clock to 2024-02-24T15:07:23 UTC (1708787243)
[    0.429420] rtc_cmos 00:04: alarms up to one day, y3k, 242 bytes nvram, hpet irqs
[    0.430682] i6300ESB timer 0000:00:04.0: initialized. heartbeat=30 sec (nowayout=0)
[    0.431796] device-mapper: ioctl: 4.48.0-ioctl (2023-03-01) initialised: dm-devel@redhat.com
[    0.433140] NET: Registered PF_PACKET protocol family
[    0.433826] 9pnet: Installing 9P2000 support
[    0.435115] Key type dns_resolver registered
[    0.436951] input: ImExPS/2 Generic Explorer Mouse as /devices/platform/i8042/serio1/input/input3
[    0.438793] IPI shorthand broadcast: enabled
[    0.441312] sched_clock: Marking stable (437000778, 3733304)->(485161467, -44427385)
[    0.442698] registered taskstats version 1
[    0.444268] PM:   Magic number: 12:434:134
[    0.444846] virtio-pci 0000:00:03.0: hash matches
[    0.445471] acpi device:09: hash matches
[    0.446011] printk: legacy console [netcon0] enabled
[    0.446668] netconsole: network logging started
[    0.447317] ALSA device list:
[    0.447716]   No soundcards found.
[    0.578032] ata2: found unknown device (class 0)
[    0.579305] ata2.00: ATAPI: QEMU DVD-ROM, 2.5+, max UDMA/100
[    0.581108] scsi 1:0:0:0: CD-ROM            QEMU     QEMU DVD-ROM     2.5+ PQ: 0 ANSI: 5
[    0.589132] scsi 1:0:0:0: Attached scsi generic sg0 type 5
[    0.589999] md: Skipping autodetection of RAID arrays. (raid=autodetect will force)
[    0.591150] 9pnet_virtio: no channels available for device 
[    0.592320] VFS: Mounted root (9p filesystem) readonly on device 0:19.
[    0.593406] devtmpfs: mounted
[    0.594584] Freeing unused kernel image (initmem) memory: 2992K
[    0.603741] Write protecting the kernel read-only data: 22528k
[    0.604915] Freeing unused kernel image (rodata/data gap) memory: 212K
[    0.635015] x86/mm: Checked W+X mappings: passed, no W+X pages found.
[    0.635757] Run /usr/lib/python3.11/site-packages/virtme/guest/virtme-init as init process
[    0.655805] mount (235) used greatest stack depth: 13480 bytes left
[    0.712146] mount (253) used greatest stack depth: 13064 bytes left
[    0.732794] mount (269) used greatest stack depth: 12888 bytes left
[    0.774722] virtme-init: basic initialization done
[    0.778914] virtme-init: udevd not found
[    0.820785] virtme-init: Setting hostname to virtme-ng...
[    0.830512] ip (331) used greatest stack depth: 12360 bytes left
          _      _                                    
   __   _(_)_ __| |_ _ __ ___   ___       _ __   __ _ 
   \ \ / / |  __| __|  _   _ \ / _ \_____|  _ \ / _  |
    \ V /| | |  | |_| | | | | |  __/_____| | | | (_| |
     \_/ |_|_|   \__|_| |_| |_|\___|     |_| |_|\__  |
                                                |___/ 
   kernel version: 6.8.0-rc5-virtme x86_64

virtme-ng:/nipa-data/kernel# PS1='xx__-> '
xx__-> env
PWD=/nipa-data/kernel
HOME=/
TERM=xterm
SHLVL=2
XDG_RUNTIME_DIR=/run/user/0
PATH=/bin:/sbin:/usr/bin:/usr/sbin:/usr/local/bin
OLDPWD=/
_=/usr/bin/env
xx__-> 