No EFI environment detected.
early console in extract_kernel
input_data: 0x0000000004e822c4
input_len: 0x00000000019a2962
output: 0x0000000001000000
output_len: 0x00000000057ac118
kernel_total_size: 0x0000000005430000
needed_size: 0x0000000005800000
trampoline_32bit: 0x0000000000000000
Physical KASLR using RDRAND RDTSC...
Virtual KASLR using RDRAND RDTSC...

Decompressing Linux... Parsing ELF... Performing relocations... done.
Booting the kernel (entry_offset: 0x0000000002c0b7f8).
[    0.000000] Linux version 6.16.0-rc1-virtme (root@a80ade6a07a8) (gcc (Ubuntu 13.3.0-6ubuntu2~24.04) 13.3.0, GNU ld (GNU Binutils for Ubuntu) 2.42) #1 SMP PREEMPT_DYNAMIC Sat Jun 14 09:26:06 UTC 2025
[    0.000000] Command line: virtme_hostname=virtme-ng nr_open=1048576 virtme_link_mods=/nipa-data/kernel/.virtme_mods/lib/modules/0.0.0 virtme_initmount0=nipa-data/kernel virtme_rw_overlay0=/etc virtme_rw_overlay1=/lib virtme_rw_overlay2=/home virtme_rw_overlay3=/opt virtme_rw_overlay4=/srv virtme_rw_overlay5=/usr virtme_rw_overlay6=/var console=hvc0 earlyprintk=serial,ttyS0,115200 virtme_console=ttyS0 psmouse.proto=exps TERM=xterm virtme_chdir=nipa-data/kernel virtme_root_user=1 rootfstype=9p rootflags=version=9p2000.L,trans=virtio,access=any raid=noautodetect ro init=/usr/lib/python3/dist-packages/virtme/guest/virtme-init
[    0.000000] BIOS-provided physical RAM map:
[    0.000000] BIOS-e820: [mem 0x0000000000000000-0x000000000009fbff] usable
[    0.000000] BIOS-e820: [mem 0x000000000009fc00-0x000000000009ffff] reserved
[    0.000000] BIOS-e820: [mem 0x00000000000f0000-0x00000000000fffff] reserved
[    0.000000] BIOS-e820: [mem 0x0000000000100000-0x000000003ffdffff] usable
[    0.000000] BIOS-e820: [mem 0x000000003ffe0000-0x000000003fffffff] reserved
[    0.000000] BIOS-e820: [mem 0x00000000feffc000-0x00000000feffffff] reserved
[    0.000000] BIOS-e820: [mem 0x00000000fffc0000-0x00000000ffffffff] reserved
[    0.000000] BIOS-e820: [mem 0x000000fd00000000-0x000000ffffffffff] reserved
[    0.000000] printk: legacy bootconsole [earlyser0] enabled
[    0.000000] NX (Execute Disable) protection: active
[    0.000000] APIC: Static calls initialized
[    0.000000] SMBIOS 3.0.0 present.
[    0.000000] DMI: QEMU Ubuntu 24.04 PC (i440FX + PIIX, 1996), BIOS 1.16.3-debian-1.16.3-2 04/01/2014
[    0.000000] DMI: Memory slots populated: 1/1
[    0.000000] Hypervisor detected: KVM
[    0.000000] kvm-clock: Using msrs 4b564d01 and 4b564d00
[    0.000000] kvm-clock: using sched offset of 309400371 cycles
[    0.000360] clocksource: kvm-clock: mask: 0xffffffffffffffff max_cycles: 0x1cd42e4dffb, max_idle_ns: 881590591483 ns
[    0.001474] tsc: Detected 4491.564 MHz processor
[    0.002125] last_pfn = 0x3ffe0 max_arch_pfn = 0x400000000
[    0.002518] MTRR map: 4 entries (3 fixed + 1 variable; max 19), built from 8 variable MTRRs
[    0.003092] x86/PAT: Configuration [0-7]: WB  WC  UC- UC  WB  WP  UC- WT  
[    0.004964] found SMP MP-table at [mem 0x000f5470-0x000f547f]
[    0.005368] Using GB pages for direct mapping
[    0.005813] ACPI: Early table checksum verification disabled
[    0.006202] ACPI: RSDP 0x00000000000F5290 000014 (v00 BOCHS )
[    0.006597] ACPI: RSDT 0x000000003FFE27BC 000034 (v01 BOCHS  BXPC     00000001 BXPC 00000001)
[    0.007183] ACPI: FACP 0x000000003FFE2578 000074 (v01 BOCHS  BXPC     00000001 BXPC 00000001)
[    0.007771] ACPI: DSDT 0x000000003FFE0040 002538 (v01 BOCHS  BXPC     00000001 BXPC 00000001)
[    0.008358] ACPI: FACS 0x000000003FFE0000 000040
[    0.008676] ACPI: APIC 0x000000003FFE25EC 000170 (v03 BOCHS  BXPC     00000001 BXPC 00000001)
[    0.009261] ACPI: HPET 0x000000003FFE275C 000038 (v01 BOCHS  BXPC     00000001 BXPC 00000001)
[    0.009845] ACPI: WAET 0x000000003FFE2794 000028 (v01 BOCHS  BXPC     00000001 BXPC 00000001)
[    0.010429] ACPI: Reserving FACP table memory at [mem 0x3ffe2578-0x3ffe25eb]
[    0.010911] ACPI: Reserving DSDT table memory at [mem 0x3ffe0040-0x3ffe2577]
[    0.011392] ACPI: Reserving FACS table memory at [mem 0x3ffe0000-0x3ffe003f]
[    0.011876] ACPI: Reserving APIC table memory at [mem 0x3ffe25ec-0x3ffe275b]
[    0.012357] ACPI: Reserving HPET table memory at [mem 0x3ffe275c-0x3ffe2793]
[    0.012838] ACPI: Reserving WAET table memory at [mem 0x3ffe2794-0x3ffe27bb]
[    0.013506] No NUMA configuration found
[    0.013769] Faking a node at [mem 0x0000000000000000-0x000000003ffdffff]
[    0.014229] NODE_DATA(0) allocated [mem 0x3ffdb740-0x3ffdffff]
[    0.014645] Zone ranges:
[    0.014819]   DMA      [mem 0x0000000000001000-0x0000000000ffffff]
[    0.015242]   DMA32    [mem 0x0000000001000000-0x000000003ffdffff]
[    0.015668]   Normal   empty
[    0.015865]   Device   empty
[    0.016062] Movable zone start for each node
[    0.016354] Early memory node ranges
[    0.016598]   node   0: [mem 0x0000000000001000-0x000000000009efff]
[    0.017026]   node   0: [mem 0x0000000000100000-0x000000003ffdffff]
[    0.017454] Initmem setup node 0 [mem 0x0000000000001000-0x000000003ffdffff]
[    0.017941] On node 0, zone DMA: 1 pages in unavailable ranges
[    0.018431] On node 0, zone DMA: 97 pages in unavailable ranges
[    0.023071] On node 0, zone DMA32: 32 pages in unavailable ranges
[    0.032203] kasan: KernelAddressSanitizer initialized
[    0.032770] ACPI: PM-Timer IO Port: 0x608
[    0.033057] ACPI: LAPIC_NMI (acpi_id[0xff] dfl dfl lint[0x1])
[    0.033473] IOAPIC[0]: apic_id 0, version 17, address 0xfec00000, GSI 0-23
[    0.033946] ACPI: INT_SRC_OVR (bus 0 bus_irq 0 global_irq 2 dfl dfl)
[    0.034380] ACPI: INT_SRC_OVR (bus 0 bus_irq 5 global_irq 5 high level)
[    0.034832] ACPI: INT_SRC_OVR (bus 0 bus_irq 9 global_irq 9 high level)
[    0.035283] ACPI: INT_SRC_OVR (bus 0 bus_irq 10 global_irq 10 high level)
[    0.035750] ACPI: INT_SRC_OVR (bus 0 bus_irq 11 global_irq 11 high level)
[    0.036215] ACPI: Using ACPI (MADT) for SMP configuration information
[    0.036656] ACPI: HPET id: 0x8086a201 base: 0xfed00000
[    0.037008] TSC deadline timer available
[    0.037278] CPU topo: Max. logical packages:   1
[    0.037593] CPU topo: Max. logical dies:       1
[    0.037909] CPU topo: Max. dies per package:   1
[    0.038226] CPU topo: Max. threads per core:   1
[    0.038542] CPU topo: Num. cores per package:    32
[    0.038874] CPU topo: Num. threads per package:  32
[    0.039207] CPU topo: Allowing 32 present CPUs plus 0 hotplug CPUs
[    0.039646] kvm-guest: APIC: eoi() replaced with kvm_guest_apic_eoi_write()
[    0.040133] kvm-guest: KVM setup pv remote TLB flush
[    0.040473] kvm-guest: setup PV sched yield
[    0.040765] PM: hibernation: Registered nosave memory: [mem 0x00000000-0x00000fff]
[    0.041283] PM: hibernation: Registered nosave memory: [mem 0x0009f000-0x000fffff]
[    0.041801] [mem 0x40000000-0xfeffbfff] available for PCI devices
[    0.042218] Booting paravirtualized kernel on KVM
[    0.042540] clocksource: refined-jiffies: mask: 0xffffffff max_cycles: 0xffffffff, max_idle_ns: 1910969940391419 ns
[    0.051112] setup_percpu: NR_CPUS:64 nr_cpumask_bits:32 nr_cpu_ids:32 nr_node_ids:1
[    0.052828] percpu: Embedded 65 pages/cpu s229208 r8192 d28840 u524288
[    0.053353] Kernel command line: virtme_hostname=virtme-ng nr_open=1048576 virtme_link_mods=/nipa-data/kernel/.virtme_mods/lib/modules/0.0.0 virtme_initmount0=nipa-data/kernel virtme_rw_overlay0=/etc virtme_rw_overlay1=/lib virtme_rw_overlay2=/home virtme_rw_overlay3=/opt virtme_rw_overlay4=/srv virtme_rw_overlay5=/usr virtme_rw_overlay6=/var console=hvc0 earlyprintk=serial,ttyS0,115200 virtme_console=ttyS0 psmouse.proto=exps TERM=xterm virtme_chdir=nipa-data/kernel virtme_root_user=1 rootfstype=9p rootflags=version=9p2000.L,trans=virtio,access=any raid=noautodetect ro init=/usr/lib/python3/dist-packages/virtme/guest/virtme-init
[    0.057408] Unknown kernel command line parameters "virtme_hostname=virtme-ng nr_open=1048576 virtme_link_mods=/nipa-data/kernel/.virtme_mods/lib/modules/0.0.0 virtme_initmount0=nipa-data/kernel virtme_rw_overlay0=/etc virtme_rw_overlay1=/lib virtme_rw_overlay2=/home virtme_rw_overlay3=/opt virtme_rw_overlay4=/srv virtme_rw_overlay5=/usr virtme_rw_overlay6=/var virtme_console=ttyS0 virtme_chdir=nipa-data/kernel virtme_root_user=1", will be passed to user space.
[    0.060472] random: crng init done
[    0.060712] printk: log buffer data + meta data: 262144 + 917504 = 1179648 bytes
[    0.061254] Dentry cache hash table entries: 131072 (order: 8, 1048576 bytes, linear)
[    0.061827] Inode-cache hash table entries: 65536 (order: 7, 524288 bytes, linear)
[    0.063110] Fallback order for Node 0: 0 
[    0.063114] Built 1 zonelists, mobility grouping on.  Total pages: 262014
[    0.063877] Policy zone: DMA32
[    0.064093] mem auto-init: stack:all(zero), heap alloc:off, heap free:off
[    0.064575] stackdepot: allocating hash table via alloc_large_system_hash
[    0.065055] stackdepot hash table entries: 1048576 (order: 12, 16777216 bytes, linear)
[    0.072791] SLUB: HWalign=64, Order=0-3, MinObjects=0, CPUs=32, Nodes=1
Poking KASLR using RDRAND RDTSC...
[    0.081968] ftrace: allocating 49237 entries in 194 pages
[    0.082351] ftrace: allocated 194 pages with 3 groups
[    0.083558] Dynamic Preempt: voluntary
[    0.084296] rcu: Preemptible hierarchical RCU implementation.
[    0.084698] rcu: RCU event tracing is enabled.
[    0.085014] rcu: RCU restricting CPUs from NR_CPUS=64 to nr_cpu_ids=32.
[    0.085482] Trampoline variant of Tasks RCU enabled.
[    0.085834] Rude variant of Tasks RCU enabled.
[    0.086149] Tracing variant of Tasks RCU enabled.
[    0.086484] rcu: RCU calculated value of scheduler-enlistment delay is 100 jiffies.
[    0.087017] rcu: Adjusting geometry for rcu_fanout_leaf=16, nr_cpu_ids=32
[    0.087561] RCU Tasks: Setting shift to 5 and lim to 1 rcu_task_cb_adjust=1 rcu_task_cpu_ids=32.
[    0.088181] RCU Tasks Rude: Setting shift to 5 and lim to 1 rcu_task_cb_adjust=1 rcu_task_cpu_ids=32.
[    0.088826] RCU Tasks Trace: Setting shift to 5 and lim to 1 rcu_task_cb_adjust=1 rcu_task_cpu_ids=32.
[    0.098935] NR_IRQS: 4352, nr_irqs: 680, preallocated irqs: 16
[    0.099593] rcu: srcu_init: Setting srcu_struct sizes based on contention.
[    0.100475] Console: colour *CGA 80x25
[    0.100768] ACPI: Core revision 20250404
[    0.101195] clocksource: hpet: mask: 0xffffffff max_cycles: 0xffffffff, max_idle_ns: 19112604467 ns
[    0.101896] APIC: Switch to symmetric I/O mode setup
[    0.102383] x2apic enabled
[    0.102752] APIC: Switched APIC routing to: physical x2apic
[    0.103144] kvm-guest: APIC: send_IPI_mask() replaced with kvm_send_ipi_mask()
[    0.103704] kvm-guest: APIC: send_IPI_mask_allbutself() replaced with kvm_send_ipi_mask_allbutself()
[    0.104341] kvm-guest: setup PV IPIs
[    0.105410] ..TIMER: vector=0x30 apic1=0 pin1=2 apic2=-1 pin2=-1
[    0.106180] clocksource: tsc-early: mask: 0xffffffffffffffff max_cycles: 0x40be463295d, max_idle_ns: 440795209293 ns
[    0.107489] Calibrating delay loop (skipped) preset value.. 8983.12 BogoMIPS (lpj=4491564)
[    0.108552] x86/cpu: User Mode Instruction Prevention (UMIP) activated
[    0.109545] Last level iTLB entries: 4KB 512, 2MB 255, 4MB 127
[    0.110487] Last level dTLB entries: 4KB 512, 2MB 255, 4MB 127, 1GB 0
[    0.111497] Speculative Store Bypass: Mitigation: Speculative Store Bypass disabled via prctl
[    0.112487] Speculative Return Stack Overflow: IBPB-extending microcode not applied!
[    0.113487] Speculative Return Stack Overflow: WARNING: See https://kernel.org/doc/html/latest/admin-guide/hw-vuln/srso.html for mitigation options.
[    0.113488] Spectre V2 : Mitigation: Enhanced / Automatic IBRS
[    0.115487] Speculative Return Stack Overflow: Vulnerable: Safe RET, no microcode
[    0.116487] Spectre V1 : Mitigation: usercopy/swapgs barriers and __user pointer sanitization
[    0.117490] Spectre V2 : mitigation: Enabling conditional Indirect Branch Prediction Barrier
[    0.118503] x86/fpu: Supporting XSAVE feature 0x001: 'x87 floating point registers'
[    0.119487] x86/fpu: Supporting XSAVE feature 0x002: 'SSE registers'
[    0.120487] x86/fpu: Supporting XSAVE feature 0x004: 'AVX registers'
[    0.121487] x86/fpu: Supporting XSAVE feature 0x020: 'AVX-512 opmask'
[    0.122254] x86/fpu: Supporting XSAVE feature 0x040: 'AVX-512 Hi256'
[    0.122487] x86/fpu: Supporting XSAVE feature 0x080: 'AVX-512 ZMM_Hi256'
[    0.123487] x86/fpu: Supporting XSAVE feature 0x200: 'Protection Keys User registers'
[    0.124487] x86/fpu: xstate_offset[2]:  576, xstate_sizes[2]:  256
[    0.125487] x86/fpu: xstate_offset[5]:  832, xstate_sizes[5]:   64
[    0.126223] x86/fpu: xstate_offset[6]:  896, xstate_sizes[6]:  512
[    0.126487] x86/fpu: xstate_offset[7]: 1408, xstate_sizes[7]: 1024
[    0.127487] x86/fpu: xstate_offset[9]: 2432, xstate_sizes[9]:    8
[    0.128487] x86/fpu: Enabled xstate features 0x2e7, context size is 2440 bytes, using 'compacted' format.
[    0.149812] Freeing SMP alternatives memory: 40K
[    0.150371] pid_max: default: 32768 minimum: 301
[    0.150610] Mount-cache hash table entries: 2048 (order: 2, 16384 bytes, linear)
[    0.151489] Mountpoint-cache hash table entries: 2048 (order: 2, 16384 bytes, linear)
[    0.153584] smpboot: CPU0: AMD Ryzen 9 7950X 16-Core Processor (family: 0x19, model: 0x61, stepping: 0x2)
[    0.154926] Performance Events: Fam17h+ core perfctr, AMD PMU driver.
[    0.155491] ... version:                0
[    0.155977] ... bit width:              48
[    0.156467] ... generic registers:      6
[    0.156489] ... value mask:             0000ffffffffffff
[    0.157124] ... max period:             00007fffffffffff
[    0.157489] ... fixed-purpose events:   0
[    0.157969] ... event mask:             000000000000003f
[    0.158673] signal: max sigframe size: 3376
[    0.159220] rcu: Hierarchical SRCU implementation.
[    0.159490] rcu: Max phase no-delay instances is 400.
[    0.160185] Timer migration: 2 hierarchy levels; 8 children per group; 2 crossnode level
[    0.164323] smp: Bringing up secondary CPUs ...
[    0.164671] smpboot: x86: Booting SMP configuration:
[    0.165264] .... node  #0, CPUs:        #1  #2  #3  #4  #5  #6  #7  #8  #9 #10 #11 #12 #13 #14 #15 #16 #17 #18 #19 #20 #21 #22 #23 #24 #25 #26 #27 #28 #29 #30 #31
[    0.181587] smp: Brought up 1 node, 32 CPUs
[    0.182995] smpboot: Total of 32 processors activated (287460.09 BogoMIPS)
[    0.186702] Memory: 759256K/1048056K available (45102K kernel code, 11643K rwdata, 10364K rodata, 6184K init, 1192K bss, 273012K reserved, 0K cma-reserved)
[    0.187622] devtmpfs: initialized
[    0.188520] x86/mm: Memory block size: 128MB
[    0.195490] clocksource: jiffies: mask: 0xffffffff max_cycles: 0xffffffff, max_idle_ns: 1911260446275000 ns
[    0.196497] posixtimers hash table entries: 16384 (order: 6, 262144 bytes, linear)
[    0.197495] futex hash table entries: 8192 (524288 bytes on 1 NUMA nodes, total 512 KiB, linear).
[    0.198807] PM: RTC time: 09:26:28, date: 2025-06-14
[    0.200208] NET: Registered PF_NETLINK/PF_ROUTE protocol family
[    0.201363] thermal_sys: Registered thermal governor 'step_wise'
[    0.201392] cpuidle: using governor menu
[    0.202990] PCI: Using configuration type 1 for base access
[    0.203489] PCI: Using configuration type 1 for extended access
[    0.204347] kprobes: kprobe jump-optimization is enabled. All kprobes are optimized if possible.
[    0.220689] HugeTLB: allocation took 0ms with hugepage_allocation_threads=8
[    0.221518] HugeTLB: registered 1.00 GiB page size, pre-allocated 0 pages
[    0.222351] HugeTLB: 16380 KiB vmemmap can be freed for a 1.00 GiB page
[    0.222490] HugeTLB: registered 2.00 MiB page size, pre-allocated 0 pages
[    0.223324] HugeTLB: 28 KiB vmemmap can be freed for a 2.00 MiB page
[    0.225671] ACPI: Added _OSI(Module Device)
[    0.226192] ACPI: Added _OSI(Processor Device)
[    0.226489] ACPI: Added _OSI(Processor Aggregator Device)
[    0.251657] ACPI: 1 ACPI AML tables successfully acquired and loaded
[    0.256418] ACPI: Interpreter enabled
[    0.257552] ACPI: PM: (supports S0 S3 S4 S5)
[    0.258075] ACPI: Using IOAPIC for interrupt routing
[    0.258545] PCI: Using host bridge windows from ACPI; if necessary, use "pci=nocrs" and report a bug
[    0.259489] PCI: Using E820 reservations for host bridge windows
[    0.261322] ACPI: Enabled 2 GPEs in block 00 to 0F
[    0.310525] ACPI: PCI Root Bridge [PCI0] (domain 0000 [bus 00-ff])
[    0.311304] acpi PNP0A03:00: _OSC: OS supports [ExtendedConfig ASPM ClockPM Segments MSI HPX-Type3]
[    0.312994] PCI host bridge to bus 0000:00
[    0.313545] pci_bus 0000:00: root bus resource [io  0x0000-0x0cf7 window]
[    0.314405] pci_bus 0000:00: root bus resource [io  0x0d00-0xffff window]
[    0.315492] pci_bus 0000:00: root bus resource [mem 0x000a0000-0x000bffff window]
[    0.316406] pci_bus 0000:00: root bus resource [mem 0x40000000-0xfebfffff window]
[    0.317492] pci_bus 0000:00: root bus resource [mem 0x100000000-0x17fffffff window]
[    0.318426] pci_bus 0000:00: root bus resource [bus 00-ff]
[    0.319583] pci 0000:00:00.0: [8086:1237] type 00 class 0x060000 conventional PCI endpoint
[    0.321399] pci 0000:00:01.0: [8086:7000] type 00 class 0x060100 conventional PCI endpoint
[    0.323386] pci 0000:00:01.1: [8086:7010] type 00 class 0x010180 conventional PCI endpoint
[    0.324940] pci 0000:00:01.1: BAR 4 [io  0xc0c0-0xc0cf]
[    0.325507] pci 0000:00:01.1: BAR 0 [io  0x01f0-0x01f7]: legacy IDE quirk
[    0.326332] pci 0000:00:01.1: BAR 1 [io  0x03f6]: legacy IDE quirk
[    0.326489] pci 0000:00:01.1: BAR 2 [io  0x0170-0x0177]: legacy IDE quirk
[    0.327320] pci 0000:00:01.1: BAR 3 [io  0x0376]: legacy IDE quirk
[    0.329202] pci 0000:00:01.3: [8086:7113] type 00 class 0x068000 conventional PCI endpoint
[    0.330705] pci 0000:00:01.3: quirk: [io  0x0600-0x063f] claimed by PIIX4 ACPI
[    0.331494] pci 0000:00:01.3: quirk: [io  0x0700-0x070f] claimed by PIIX4 SMB
[    0.333129] pci 0000:00:02.0: [1af4:1009] type 00 class 0x000200 conventional PCI endpoint
[    0.334494] pci 0000:00:02.0: BAR 0 [io  0xc000-0xc03f]
[    0.335140] pci 0000:00:02.0: BAR 1 [mem 0xfebfc000-0xfebfcfff]
[    0.336504] pci 0000:00:02.0: BAR 4 [mem 0xfebf0000-0xfebf3fff 64bit pref]
[    0.349275] pci 0000:00:03.0: [1af4:1009] type 00 class 0x000200 conventional PCI endpoint
[    0.351494] pci 0000:00:03.0: BAR 0 [io  0xc040-0xc07f]
[    0.352144] pci 0000:00:03.0: BAR 1 [mem 0xfebfd000-0xfebfdfff]
[    0.352510] pci 0000:00:03.0: BAR 4 [mem 0xfebf4000-0xfebf7fff 64bit pref]
[    0.365207] pci 0000:00:04.0: [8086:25ab] type 00 class 0x088000 conventional PCI endpoint
[    0.366905] pci 0000:00:04.0: BAR 0 [mem 0xfebfe000-0xfebfe00f]
[    0.379245] pci 0000:00:05.0: [1af4:1003] type 00 class 0x078000 conventional PCI endpoint
[    0.381362] pci 0000:00:05.0: BAR 0 [io  0xc080-0xc0bf]
[    0.381494] pci 0000:00:05.0: BAR 1 [mem 0xfebff000-0xfebfffff]
[    0.382231] pci 0000:00:05.0: BAR 4 [mem 0xfebf8000-0xfebfbfff 64bit pref]
[    0.397799] ACPI: PCI: Interrupt link LNKA configured for IRQ 10
[    0.399461] ACPI: PCI: Interrupt link LNKB configured for IRQ 10
[    0.400447] ACPI: PCI: Interrupt link LNKC configured for IRQ 11
[    0.402447] ACPI: PCI: Interrupt link LNKD configured for IRQ 11
[    0.403887] ACPI: PCI: Interrupt link LNKS configured for IRQ 9
[    0.423644] iommu: Default domain type: Translated
[    0.424237] iommu: DMA domain TLB invalidation policy: lazy mode
[    0.426813] SCSI subsystem initialized
[    0.427615] pps_core: LinuxPPS API ver. 1 registered
[    0.428223] pps_core: Software ver. 5.3.6 - Copyright 2005-2007 Rodolfo Giometti <giometti@linux.it>
[    0.429505] PTP clock support registered
[    0.430616] Advanced Linux Sound Architecture Driver Initialized.
[    0.432615] NET: Registered PF_ATMPVC protocol family
[    0.433233] NET: Registered PF_ATMSVC protocol family
[    0.433527] PCI: Using ACPI for IRQ routing
[    0.434527] vgaarb: loaded
[    0.434604] hpet0: at MMIO 0xfed00000, IRQs 2, 8, 0
[    0.435206] hpet0: 3 comparators, 64-bit 100.000000 MHz counter
[    0.441623] clocksource: Switched to clocksource kvm-clock
[    0.442702] VFS: Disk quotas dquot_6.6.0
[    0.443193] VFS: Dquot-cache hash table entries: 512 (order 0, 4096 bytes)
[    0.444788] pnp: PnP ACPI init
[    0.447620] pnp: PnP ACPI: found 5 devices
[    0.459560] clocksource: acpi_pm: mask: 0xffffff max_cycles: 0xffffff, max_idle_ns: 2085701024 ns
[    0.460702] NET: Registered PF_INET protocol family
[    0.461333] IP idents hash table entries: 16384 (order: 5, 131072 bytes, linear)
[    0.462587] tcp_listen_portaddr_hash hash table entries: 512 (order: 1, 8192 bytes, linear)
[    0.463612] Table-perturb hash table entries: 65536 (order: 6, 262144 bytes, linear)
[    0.464574] TCP established hash table entries: 8192 (order: 4, 65536 bytes, linear)
[    0.465520] TCP bind hash table entries: 8192 (order: 6, 262144 bytes, linear)
[    0.466497] TCP: Hash tables configured (established 8192 bind 8192)
[    0.467431] UDP hash table entries: 512 (order: 3, 32768 bytes, linear)
[    0.468258] UDP-Lite hash table entries: 512 (order: 3, 32768 bytes, linear)
[    0.469336] NET: Registered PF_UNIX/PF_LOCAL protocol family
[    0.470046] pci_bus 0000:00: resource 4 [io  0x0000-0x0cf7 window]
[    0.470801] pci_bus 0000:00: resource 5 [io  0x0d00-0xffff window]
[    0.471552] pci_bus 0000:00: resource 6 [mem 0x000a0000-0x000bffff window]
[    0.472379] pci_bus 0000:00: resource 7 [mem 0x40000000-0xfebfffff window]
[    0.473214] pci_bus 0000:00: resource 8 [mem 0x100000000-0x17fffffff window]
[    0.474277] pci 0000:00:01.0: PIIX3: Enabling Passive Release
[    0.474981] pci 0000:00:00.0: Limiting direct PCI/PCI transfers
[    0.475734] PCI: CLS 0 bytes, default 64
[    0.476320] kvm_intel: VMX not supported by CPU 12
[    0.477057] kvm_amd: TSC scaling supported
[    0.477561] kvm_amd: Nested Virtualization enabled
[    0.478139] kvm_amd: Nested Paging enabled
[    0.478638] kvm_amd: LBR virtualization supported
[    0.479212] kvm_amd: Virtual GIF supported
[    0.479709] kvm_amd: Virtual NMI enabled
[    0.508120] clocksource: tsc: mask: 0xffffffffffffffff max_cycles: 0x40be463295d, max_idle_ns: 440795209293 ns
[    0.525290] Initialise system trusted keyrings
[    0.526174] workingset: timestamp_bits=56 max_order=18 bucket_order=0
[    0.527078] squashfs: version 4.0 (2009/01/31) Phillip Lougher
[    0.527808] fuse: init (API version 7.44)
[    0.528440] 9p: Installing v9fs 9p2000 file system support
[    0.538232] Key type asymmetric registered
[    0.538744] Asymmetric key parser 'x509' registered
[    0.539407] Block layer SCSI generic (bsg) driver version 0.4 loaded (major 249)
[    0.540346] io scheduler mq-deadline registered
[    0.540909] io scheduler kyber registered
[    0.543335] input: Power Button as /devices/LNXSYSTM:00/LNXPWRBN:00/input/input0
[    0.544476] ACPI: button: Power Button [PWRF]
[    0.546375] Warning: Processor Platform Limit event detected, but not handled.
[    0.547273] Consider compiling CPUfreq support into your kernel.
[    1.425476] ACPI: \_SB_.LNKB: Enabled at IRQ 10
[    2.296420] ACPI: \_SB_.LNKC: Enabled at IRQ 11
[    3.170120] ACPI: \_SB_.LNKA: Enabled at IRQ 10
[    3.171515] Serial: 8250/16550 driver, 4 ports, IRQ sharing enabled
[    3.172602] 00:03: ttyS0 at I/O 0x3f8 (irq = 4, base_baud = 115200) is a 16550A
[    3.196080] Non-volatile memory driver v1.3
[    3.196624] Linux agpgart interface v0.103
[    3.197371] ACPI: bus type drm_connector registered
[    3.198004] printk: legacy console [hvc0] enabled
[    3.198620] printk: legacy bootconsole [earlyser0] disabled
          _      _                                    
   __   _(_)_ __| |_ _ __ ___   ___       _ __   __ _ 
   \ \ / / |  __| __|  _   _ \ / _ \_____|  _ \ / _  |
    \ V /| | |  | |_| | | | | |  __/_____| | | | (_| |
     \_/ |_|_|   \__|_| |_| |_|\___|     |_| |_|\__  |
                                                |___/ 
   kernel version: 6.16.0-rc1-virtme x86_64
   (CTRL+d to exit)

root@virtme-ng:/nipa-data/kernel# PS1='xx__-> '
xx__-> env
PWD=/nipa-data/kernel
nr_open=1048576
HOME=/
TERM=xterm
SHLVL=2
XDG_RUNTIME_DIR=/run/user/0
PATH=/bin:/sbin:/usr/bin:/usr/sbin:/usr/local/bin
OLDPWD=/
_=/bin/env
xx__-> 