No EFI environment detected.
early console in extract_kernel
input_data: 0x0000000004c882c4
input_len: 0x0000000001974096
output: 0x0000000001000000
output_len: 0x0000000005586758
kernel_total_size: 0x0000000005230000
needed_size: 0x0000000005600000
trampoline_32bit: 0x0000000000000000
Physical KASLR using RDRAND RDTSC...
Virtual KASLR using RDRAND RDTSC...

Decompressing Linux... Parsing ELF... Performing relocations... done.
Booting the kernel (entry_offset: 0x0000000002bbcf80).
[    0.000000] Linux version 6.15.0-rc1-virtme (root@0139798a5ae2) (gcc (Ubuntu 13.3.0-6ubuntu2~24.04) 13.3.0, GNU ld (GNU Binutils for Ubuntu) 2.42) #1 SMP PREEMPT_DYNAMIC Wed Apr 16 12:26:40 UTC 2025
[    0.000000] Command line: virtme_hostname=virtme-ng nr_open=1048576 virtme_link_mods=/nipa-data/kernel/.virtme_mods/lib/modules/0.0.0 virtme_initmount0=nipa-data/kernel virtme_rw_overlay0=/etc virtme_rw_overlay1=/lib virtme_rw_overlay2=/home virtme_rw_overlay3=/opt virtme_rw_overlay4=/srv virtme_rw_overlay5=/usr virtme_rw_overlay6=/var console=hvc0 earlyprintk=serial,ttyS0,115200 virtme_console=ttyS0 psmouse.proto=exps TERM=xterm virtme_chdir=nipa-data/kernel virtme_root_user=1 rootfstype=9p rootflags=version=9p2000.L,trans=virtio,access=any raid=noautodetect ro init=/usr/lib/python3/dist-packages/virtme/guest/virtme-init
[    0.000000] BIOS-provided physical RAM map:
[    0.000000] BIOS-e820: [mem 0x0000000000000000-0x000000000009fbff] usable
[    0.000000] BIOS-e820: [mem 0x000000000009fc00-0x000000000009ffff] reserved
[    0.000000] BIOS-e820: [mem 0x00000000000f0000-0x00000000000fffff] reserved
[    0.000000] BIOS-e820: [mem 0x0000000000100000-0x000000003ffdffff] usable
[    0.000000] BIOS-e820: [mem 0x000000003ffe0000-0x000000003fffffff] reserved
[    0.000000] BIOS-e820: [mem 0x00000000feffc000-0x00000000feffffff] reserved
[    0.000000] BIOS-e820: [mem 0x00000000fffc0000-0x00000000ffffffff] reserved
[    0.000000] BIOS-e820: [mem 0x000000fd00000000-0x000000ffffffffff] reserved
[    0.000000] printk: legacy bootconsole [earlyser0] enabled
[    0.000000] NX (Execute Disable) protection: active
[    0.000000] APIC: Static calls initialized
[    0.000000] SMBIOS 3.0.0 present.
[    0.000000] DMI: QEMU Ubuntu 24.04 PC (i440FX + PIIX, 1996), BIOS 1.16.3-debian-1.16.3-2 04/01/2014
[    0.000000] DMI: Memory slots populated: 1/1
[    0.000000] Hypervisor detected: KVM
[    0.000000] kvm-clock: Using msrs 4b564d01 and 4b564d00
[    0.000000] kvm-clock: using sched offset of 347998638 cycles
[    0.000373] clocksource: kvm-clock: mask: 0xffffffffffffffff max_cycles: 0x1cd42e4dffb, max_idle_ns: 881590591483 ns
[    0.001527] tsc: Detected 4491.524 MHz processor
[    0.002197] last_pfn = 0x3ffe0 max_arch_pfn = 0x400000000
[    0.002604] MTRR map: 4 entries (3 fixed + 1 variable; max 19), built from 8 variable MTRRs
[    0.003196] x86/PAT: Configuration [0-7]: WB  WC  UC- UC  WB  WP  UC- WT  
[    0.005131] found SMP MP-table at [mem 0x000f5470-0x000f547f]
[    0.005544] Using GB pages for direct mapping
[    0.006006] ACPI: Early table checksum verification disabled
[    0.006409] ACPI: RSDP 0x00000000000F5290 000014 (v00 BOCHS )
[    0.006820] ACPI: RSDT 0x000000003FFE27BC 000034 (v01 BOCHS  BXPC     00000001 BXPC 00000001)
[    0.007429] ACPI: FACP 0x000000003FFE2578 000074 (v01 BOCHS  BXPC     00000001 BXPC 00000001)
[    0.008039] ACPI: DSDT 0x000000003FFE0040 002538 (v01 BOCHS  BXPC     00000001 BXPC 00000001)
[    0.008647] ACPI: FACS 0x000000003FFE0000 000040
[    0.008976] ACPI: APIC 0x000000003FFE25EC 000170 (v03 BOCHS  BXPC     00000001 BXPC 00000001)
[    0.009583] ACPI: HPET 0x000000003FFE275C 000038 (v01 BOCHS  BXPC     00000001 BXPC 00000001)
[    0.010189] ACPI: WAET 0x000000003FFE2794 000028 (v01 BOCHS  BXPC     00000001 BXPC 00000001)
[    0.010796] ACPI: Reserving FACP table memory at [mem 0x3ffe2578-0x3ffe25eb]
[    0.011295] ACPI: Reserving DSDT table memory at [mem 0x3ffe0040-0x3ffe2577]
[    0.011795] ACPI: Reserving FACS table memory at [mem 0x3ffe0000-0x3ffe003f]
[    0.012296] ACPI: Reserving APIC table memory at [mem 0x3ffe25ec-0x3ffe275b]
[    0.012795] ACPI: Reserving HPET table memory at [mem 0x3ffe275c-0x3ffe2793]
[    0.013295] ACPI: Reserving WAET table memory at [mem 0x3ffe2794-0x3ffe27bb]
[    0.013989] No NUMA configuration found
[    0.014262] Faking a node at [mem 0x0000000000000000-0x000000003ffdffff]
[    0.014741] NODE_DATA(0) allocated [mem 0x3ffdb600-0x3ffdffff]
[    0.015171] Zone ranges:
[    0.015351]   DMA      [mem 0x0000000000001000-0x0000000000ffffff]
[    0.015789]   DMA32    [mem 0x0000000001000000-0x000000003ffdffff]
[    0.016231]   Normal   empty
[    0.016436]   Device   empty
[    0.016641] Movable zone start for each node
[    0.016942] Early memory node ranges
[    0.017195]   node   0: [mem 0x0000000000001000-0x000000000009efff]
[    0.017639]   node   0: [mem 0x0000000000100000-0x000000003ffdffff]
[    0.018083] Initmem setup node 0 [mem 0x0000000000001000-0x000000003ffdffff]
[    0.018586] On node 0, zone DMA: 1 pages in unavailable ranges
[    0.019058] On node 0, zone DMA: 97 pages in unavailable ranges
[    0.023683] On node 0, zone DMA32: 32 pages in unavailable ranges
[    0.032893] kasan: KernelAddressSanitizer initialized
[    0.033480] ACPI: PM-Timer IO Port: 0x608
[    0.033777] ACPI: LAPIC_NMI (acpi_id[0xff] dfl dfl lint[0x1])
[    0.034206] IOAPIC[0]: apic_id 0, version 17, address 0xfec00000, GSI 0-23
[    0.034695] ACPI: INT_SRC_OVR (bus 0 bus_irq 0 global_irq 2 dfl dfl)
[    0.035147] ACPI: INT_SRC_OVR (bus 0 bus_irq 5 global_irq 5 high level)
[    0.035617] ACPI: INT_SRC_OVR (bus 0 bus_irq 9 global_irq 9 high level)
[    0.036090] ACPI: INT_SRC_OVR (bus 0 bus_irq 10 global_irq 10 high level)
[    0.036571] ACPI: INT_SRC_OVR (bus 0 bus_irq 11 global_irq 11 high level)
[    0.037053] ACPI: Using ACPI (MADT) for SMP configuration information
[    0.037509] ACPI: HPET id: 0x8086a201 base: 0xfed00000
[    0.037874] TSC deadline timer available
[    0.038161] CPU topo: Max. logical packages:   1
[    0.038488] CPU topo: Max. logical dies:       1
[    0.038815] CPU topo: Max. dies per package:   1
[    0.039151] CPU topo: Max. threads per core:   1
[    0.039478] CPU topo: Num. cores per package:    32
[    0.039823] CPU topo: Num. threads per package:  32
[    0.040171] CPU topo: Allowing 32 present CPUs plus 0 hotplug CPUs
[    0.040624] kvm-guest: APIC: eoi() replaced with kvm_guest_apic_eoi_write()
[    0.041130] kvm-guest: KVM setup pv remote TLB flush
[    0.041483] kvm-guest: setup PV sched yield
[    0.041786] PM: hibernation: Registered nosave memory: [mem 0x00000000-0x00000fff]
[    0.042323] PM: hibernation: Registered nosave memory: [mem 0x0009f000-0x0009ffff]
[    0.042860] PM: hibernation: Registered nosave memory: [mem 0x000a0000-0x000effff]
[    0.043396] PM: hibernation: Registered nosave memory: [mem 0x000f0000-0x000fffff]
[    0.043932] [mem 0x40000000-0xfeffbfff] available for PCI devices
[    0.044365] Booting paravirtualized kernel on KVM
[    0.044700] clocksource: refined-jiffies: mask: 0xffffffff max_cycles: 0xffffffff, max_idle_ns: 1910969940391419 ns
[    0.053463] setup_percpu: NR_CPUS:64 nr_cpumask_bits:32 nr_cpu_ids:32 nr_node_ids:1
[    0.055240] percpu: Embedded 65 pages/cpu s228056 r8192 d29992 u524288
[    0.055768] Kernel command line: virtme_hostname=virtme-ng nr_open=1048576 virtme_link_mods=/nipa-data/kernel/.virtme_mods/lib/modules/0.0.0 virtme_initmount0=nipa-data/kernel virtme_rw_overlay0=/etc virtme_rw_overlay1=/lib virtme_rw_overlay2=/home virtme_rw_overlay3=/opt virtme_rw_overlay4=/srv virtme_rw_overlay5=/usr virtme_rw_overlay6=/var console=hvc0 earlyprintk=serial,ttyS0,115200 virtme_console=ttyS0 psmouse.proto=exps TERM=xterm virtme_chdir=nipa-data/kernel virtme_root_user=1 rootfstype=9p rootflags=version=9p2000.L,trans=virtio,access=any raid=noautodetect ro init=/usr/lib/python3/dist-packages/virtme/guest/virtme-init
[    0.059960] Unknown kernel command line parameters "virtme_hostname=virtme-ng nr_open=1048576 virtme_link_mods=/nipa-data/kernel/.virtme_mods/lib/modules/0.0.0 virtme_initmount0=nipa-data/kernel virtme_rw_overlay0=/etc virtme_rw_overlay1=/lib virtme_rw_overlay2=/home virtme_rw_overlay3=/opt virtme_rw_overlay4=/srv virtme_rw_overlay5=/usr virtme_rw_overlay6=/var virtme_console=ttyS0 virtme_chdir=nipa-data/kernel virtme_root_user=1", will be passed to user space.
[    0.063119] random: crng init done
[    0.063368] printk: log buffer data + meta data: 262144 + 917504 = 1179648 bytes
[    0.063925] Dentry cache hash table entries: 131072 (order: 8, 1048576 bytes, linear)
[    0.064510] Inode-cache hash table entries: 65536 (order: 7, 524288 bytes, linear)
[    0.065471] Fallback order for Node 0: 0 
[    0.065475] Built 1 zonelists, mobility grouping on.  Total pages: 262014
[    0.066263] Policy zone: DMA32
[    0.066486] mem auto-init: stack:all(zero), heap alloc:off, heap free:off
[    0.066981] stackdepot: allocating hash table via alloc_large_system_hash
[    0.067476] stackdepot hash table entries: 1048576 (order: 12, 16777216 bytes, linear)
[    0.075548] SLUB: HWalign=64, Order=0-3, MinObjects=0, CPUs=32, Nodes=1
Poking KASLR using RDRAND RDTSC...
[    0.084954] ftrace: allocating 48913 entries in 192 pages
[    0.085346] ftrace: allocated 192 pages with 2 groups
[    0.086589] Dynamic Preempt: voluntary
[    0.087333] rcu: Preemptible hierarchical RCU implementation.
[    0.087750] rcu: RCU event tracing is enabled.
[    0.088083] rcu: RCU restricting CPUs from NR_CPUS=64 to nr_cpu_ids=32.
[    0.088570] Trampoline variant of Tasks RCU enabled.
[    0.088936] Rude variant of Tasks RCU enabled.
[    0.089264] Tracing variant of Tasks RCU enabled.
[    0.089611] rcu: RCU calculated value of scheduler-enlistment delay is 100 jiffies.
[    0.090166] rcu: Adjusting geometry for rcu_fanout_leaf=16, nr_cpu_ids=32
[    0.090728] RCU Tasks: Setting shift to 5 and lim to 1 rcu_task_cb_adjust=1 rcu_task_cpu_ids=32.
[    0.091367] RCU Tasks Rude: Setting shift to 5 and lim to 1 rcu_task_cb_adjust=1 rcu_task_cpu_ids=32.
[    0.092037] RCU Tasks Trace: Setting shift to 5 and lim to 1 rcu_task_cb_adjust=1 rcu_task_cpu_ids=32.
[    0.102259] NR_IRQS: 4352, nr_irqs: 680, preallocated irqs: 16
[    0.102942] rcu: srcu_init: Setting srcu_struct sizes based on contention.
[    0.103834] Console: colour *CGA 80x25
[    0.104149] ACPI: Core revision 20240827
[    0.104585] clocksource: hpet: mask: 0xffffffff max_cycles: 0xffffffff, max_idle_ns: 19112604467 ns
[    0.105304] APIC: Switch to symmetric I/O mode setup
[    0.105793] x2apic enabled
[    0.106174] APIC: Switched APIC routing to: physical x2apic
[    0.106585] kvm-guest: APIC: send_IPI_mask() replaced with kvm_send_ipi_mask()
[    0.107107] kvm-guest: APIC: send_IPI_mask_allbutself() replaced with kvm_send_ipi_mask_allbutself()
[    0.107751] kvm-guest: setup PV IPIs
[    0.108842] ..TIMER: vector=0x30 apic1=0 pin1=2 apic2=-1 pin2=-1
[    0.109638] clocksource: tsc-early: mask: 0xffffffffffffffff max_cycles: 0x40be215b5d9, max_idle_ns: 440795359804 ns
[    0.110992] Calibrating delay loop (skipped) preset value.. 8983.04 BogoMIPS (lpj=4491524)
[    0.112056] x86/cpu: User Mode Instruction Prevention (UMIP) activated
[    0.113048] Last level iTLB entries: 4KB 512, 2MB 255, 4MB 127
[    0.113990] Last level dTLB entries: 4KB 512, 2MB 255, 4MB 127, 1GB 0
[    0.114994] Spectre V1 : Mitigation: usercopy/swapgs barriers and __user pointer sanitization
[    0.115994] Spectre V2 : Mitigation: Enhanced / Automatic IBRS
[    0.116990] Spectre V2 : Spectre v2 / SpectreRSB mitigation: Filling RSB on context switch
[    0.117992] Spectre V2 : mitigation: Enabling conditional Indirect Branch Prediction Barrier
[    0.118992] Speculative Store Bypass: Mitigation: Speculative Store Bypass disabled via prctl
[    0.119990] Speculative Return Stack Overflow: IBPB-extending microcode not applied!
[    0.120990] Speculative Return Stack Overflow: WARNING: See https://kernel.org/doc/html/latest/admin-guide/hw-vuln/srso.html for mitigation options.
[    0.120992] Speculative Return Stack Overflow: Vulnerable: Safe RET, no microcode
[    0.123004] x86/fpu: Supporting XSAVE feature 0x001: 'x87 floating point registers'
[    0.123947] x86/fpu: Supporting XSAVE feature 0x002: 'SSE registers'
[    0.123990] x86/fpu: Supporting XSAVE feature 0x004: 'AVX registers'
[    0.124990] x86/fpu: Supporting XSAVE feature 0x020: 'AVX-512 opmask'
[    0.125990] x86/fpu: Supporting XSAVE feature 0x040: 'AVX-512 Hi256'
[    0.126990] x86/fpu: Supporting XSAVE feature 0x080: 'AVX-512 ZMM_Hi256'
[    0.127817] x86/fpu: Supporting XSAVE feature 0x200: 'Protection Keys User registers'
[    0.127990] x86/fpu: xstate_offset[2]:  576, xstate_sizes[2]:  256
[    0.128990] x86/fpu: xstate_offset[5]:  832, xstate_sizes[5]:   64
[    0.129990] x86/fpu: xstate_offset[6]:  896, xstate_sizes[6]:  512
[    0.130990] x86/fpu: xstate_offset[7]: 1408, xstate_sizes[7]: 1024
[    0.131990] x86/fpu: xstate_offset[9]: 2432, xstate_sizes[9]:    8
[    0.132749] x86/fpu: Enabled xstate features 0x2e7, context size is 2440 bytes, using 'compacted' format.
[    0.153857] Freeing SMP alternatives memory: 40K
[    0.153992] pid_max: default: 32768 minimum: 301
[    0.155115] Mount-cache hash table entries: 2048 (order: 2, 16384 bytes, linear)
[    0.155991] Mountpoint-cache hash table entries: 2048 (order: 2, 16384 bytes, linear)
[    0.157654] smpboot: CPU0: AMD Ryzen 9 7950X 16-Core Processor (family: 0x19, model: 0x61, stepping: 0x2)
[    0.158442] Performance Events: Fam17h+ core perfctr, AMD PMU driver.
[    0.158993] ... version:                0
[    0.159487] ... bit width:              48
[    0.159992] ... generic registers:      6
[    0.160484] ... value mask:             0000ffffffffffff
[    0.160992] ... max period:             00007fffffffffff
[    0.161649] ... fixed-purpose events:   0
[    0.161992] ... event mask:             000000000000003f
[    0.162794] signal: max sigframe size: 3376
[    0.163038] rcu: Hierarchical SRCU implementation.
[    0.163628] rcu: Max phase no-delay instances is 400.
[    0.164078] Timer migration: 2 hierarchy levels; 8 children per group; 2 crossnode level
[    0.168918] smp: Bringing up secondary CPUs ...
[    0.169181] smpboot: x86: Booting SMP configuration:
[    0.169792] .... node  #0, CPUs:        #1  #2  #3  #4  #5  #6  #7  #8  #9 #10 #11 #12 #13 #14 #15 #16 #17 #18 #19 #20 #21 #22 #23 #24 #25 #26 #27 #28 #29 #30 #31
[    0.209110] smp: Brought up 1 node, 32 CPUs
[    0.210518] smpboot: Total of 32 processors activated (287457.53 BogoMIPS)
[    0.223067] Memory: 761336K/1048056K available (44788K kernel code, 11591K rwdata, 10268K rodata, 6148K init, 1328K bss, 270684K reserved, 0K cma-reserved)
[    0.224128] devtmpfs: initialized
[    0.225012] x86/mm: Memory block size: 128MB
[    0.232094] clocksource: jiffies: mask: 0xffffffff max_cycles: 0xffffffff, max_idle_ns: 1911260446275000 ns
[    0.232996] posixtimers hash table entries: 16384 (order: 6, 262144 bytes, linear)
[    0.233959] futex hash table entries: 8192 (order: 7, 524288 bytes, linear)
[    0.234382] PM: RTC time: 12:27:02, date: 2025-04-16
[    0.235833] NET: Registered PF_NETLINK/PF_ROUTE protocol family
[    0.236890] thermal_sys: Registered thermal governor 'step_wise'
[    0.236920] cpuidle: using governor menu
[    0.239206] PCI: Using configuration type 1 for base access
[    0.239910] PCI: Using configuration type 1 for extended access
[    0.240137] kprobes: kprobe jump-optimization is enabled. All kprobes are optimized if possible.
[    0.252190] HugeTLB: allocation took 0ms with hugepage_allocation_threads=8
[    0.253030] HugeTLB: registered 1.00 GiB page size, pre-allocated 0 pages
[    0.253882] HugeTLB: 16380 KiB vmemmap can be freed for a 1.00 GiB page
[    0.254992] HugeTLB: registered 2.00 MiB page size, pre-allocated 0 pages
[    0.255846] HugeTLB: 28 KiB vmemmap can be freed for a 2.00 MiB page
[    0.257350] ACPI: Added _OSI(Module Device)
[    0.257993] ACPI: Added _OSI(Processor Device)
[    0.258553] ACPI: Added _OSI(3.0 _SCP Extensions)
[    0.258993] ACPI: Added _OSI(Processor Aggregator Device)
[    0.284737] ACPI: 1 ACPI AML tables successfully acquired and loaded
[    0.290034] ACPI: Interpreter enabled
[    0.290561] ACPI: PM: (supports S0 S3 S4 S5)
[    0.290992] ACPI: Using IOAPIC for interrupt routing
[    0.291668] PCI: Using host bridge windows from ACPI; if necessary, use "pci=nocrs" and report a bug
[    0.292992] PCI: Using E820 reservations for host bridge windows
[    0.294870] ACPI: Enabled 2 GPEs in block 00 to 0F
[    0.345257] ACPI: PCI Root Bridge [PCI0] (domain 0000 [bus 00-ff])
[    0.346007] acpi PNP0A03:00: _OSC: OS supports [ExtendedConfig ASPM ClockPM Segments MSI HPX-Type3]
[    0.347508] PCI host bridge to bus 0000:00
[    0.349049] pci_bus 0000:00: root bus resource [io  0x0000-0x0cf7 window]
[    0.349897] pci_bus 0000:00: root bus resource [io  0x0d00-0xffff window]
[    0.349995] pci_bus 0000:00: root bus resource [mem 0x000a0000-0x000bffff window]
[    0.350929] pci_bus 0000:00: root bus resource [mem 0x40000000-0xfebfffff window]
[    0.351995] pci_bus 0000:00: root bus resource [mem 0x100000000-0x17fffffff window]
[    0.352942] pci_bus 0000:00: root bus resource [bus 00-ff]
[    0.354088] pci 0000:00:00.0: [8086:1237] type 00 class 0x060000 conventional PCI endpoint
[    0.355920] pci 0000:00:01.0: [8086:7000] type 00 class 0x060100 conventional PCI endpoint
[    0.357909] pci 0000:00:01.1: [8086:7010] type 00 class 0x010180 conventional PCI endpoint
[    0.359441] pci 0000:00:01.1: BAR 4 [io  0xc0c0-0xc0cf]
[    0.360011] pci 0000:00:01.1: BAR 0 [io  0x01f0-0x01f7]: legacy IDE quirk
[    0.360854] pci 0000:00:01.1: BAR 1 [io  0x03f6]: legacy IDE quirk
[    0.361992] pci 0000:00:01.1: BAR 2 [io  0x0170-0x0177]: legacy IDE quirk
[    0.362835] pci 0000:00:01.1: BAR 3 [io  0x0376]: legacy IDE quirk
[    0.363714] pci 0000:00:01.3: [8086:7113] type 00 class 0x068000 conventional PCI endpoint
[    0.365216] pci 0000:00:01.3: quirk: [io  0x0600-0x063f] claimed by PIIX4 ACPI
[    0.365996] pci 0000:00:01.3: quirk: [io  0x0700-0x070f] claimed by PIIX4 SMB
[    0.367670] pci 0000:00:02.0: [1af4:1009] type 00 class 0x000200 conventional PCI endpoint
[    0.369996] pci 0000:00:02.0: BAR 0 [io  0xc000-0xc03f]
[    0.370651] pci 0000:00:02.0: BAR 1 [mem 0xfebfc000-0xfebfcfff]
[    0.371007] pci 0000:00:02.0: BAR 4 [mem 0xfebf0000-0xfebf3fff 64bit pref]
[    0.384123] pci 0000:00:03.0: [1af4:1009] type 00 class 0x000200 conventional PCI endpoint
[    0.385997] pci 0000:00:03.0: BAR 0 [io  0xc040-0xc07f]
[    0.386657] pci 0000:00:03.0: BAR 1 [mem 0xfebfd000-0xfebfdfff]
[    0.388007] pci 0000:00:03.0: BAR 4 [mem 0xfebf4000-0xfebf7fff 64bit pref]
[    0.401059] pci 0000:00:04.0: [8086:25ab] type 00 class 0x088000 conventional PCI endpoint
[    0.402365] pci 0000:00:04.0: BAR 0 [mem 0xfebfe000-0xfebfe00f]
[    0.415037] pci 0000:00:05.0: [1af4:1003] type 00 class 0x078000 conventional PCI endpoint
[    0.416809] pci 0000:00:05.0: BAR 0 [io  0xc080-0xc0bf]
[    0.417996] pci 0000:00:05.0: BAR 1 [mem 0xfebff000-0xfebfffff]
[    0.418746] pci 0000:00:05.0: BAR 4 [mem 0xfebf8000-0xfebfbfff 64bit pref]
[    0.433657] ACPI: PCI: Interrupt link LNKA configured for IRQ 10
[    0.435995] ACPI: PCI: Interrupt link LNKB configured for IRQ 10
[    0.437727] ACPI: PCI: Interrupt link LNKC configured for IRQ 11
[    0.438971] ACPI: PCI: Interrupt link LNKD configured for IRQ 11
[    0.440399] ACPI: PCI: Interrupt link LNKS configured for IRQ 9
[    0.460582] iommu: Default domain type: Translated
[    0.460992] iommu: DMA domain TLB invalidation policy: lazy mode
[    0.462216] SCSI subsystem initialized
[    0.463045] pps_core: LinuxPPS API ver. 1 registered
[    0.463660] pps_core: Software ver. 5.3.6 - Copyright 2005-2007 Rodolfo Giometti <giometti@linux.it>
[    0.465007] PTP clock support registered
[    0.466117] Advanced Linux Sound Architecture Driver Initialized.
[    0.468157] NET: Registered PF_ATMPVC protocol family
[    0.468794] NET: Registered PF_ATMSVC protocol family
[    0.469031] PCI: Using ACPI for IRQ routing
[    0.470029] vgaarb: loaded
[    0.470112] hpet0: at MMIO 0xfed00000, IRQs 2, 8, 0
[    0.470724] hpet0: 3 comparators, 64-bit 100.000000 MHz counter
[    0.475776] clocksource: Switched to clocksource kvm-clock
[    0.476416] VFS: Disk quotas dquot_6.6.0
[    0.476922] VFS: Dquot-cache hash table entries: 512 (order 0, 4096 bytes)
[    0.479240] pnp: PnP ACPI init
[    0.482162] pnp: PnP ACPI: found 5 devices
[    0.493877] clocksource: acpi_pm: mask: 0xffffff max_cycles: 0xffffff, max_idle_ns: 2085701024 ns
[    0.495041] NET: Registered PF_INET protocol family
[    0.495780] IP idents hash table entries: 16384 (order: 5, 131072 bytes, linear)
[    0.497105] tcp_listen_portaddr_hash hash table entries: 512 (order: 1, 8192 bytes, linear)
[    0.498147] Table-perturb hash table entries: 65536 (order: 6, 262144 bytes, linear)
[    0.499127] TCP established hash table entries: 8192 (order: 4, 65536 bytes, linear)
[    0.500092] TCP bind hash table entries: 8192 (order: 6, 262144 bytes, linear)
[    0.500995] TCP: Hash tables configured (established 8192 bind 8192)
[    0.501950] UDP hash table entries: 512 (order: 3, 32768 bytes, linear)
[    0.502779] UDP-Lite hash table entries: 512 (order: 3, 32768 bytes, linear)
[    0.503870] NET: Registered PF_UNIX/PF_LOCAL protocol family
[    0.504594] pci_bus 0000:00: resource 4 [io  0x0000-0x0cf7 window]
[    0.505355] pci_bus 0000:00: resource 5 [io  0x0d00-0xffff window]
[    0.506119] pci_bus 0000:00: resource 6 [mem 0x000a0000-0x000bffff window]
[    0.506972] pci_bus 0000:00: resource 7 [mem 0x40000000-0xfebfffff window]
[    0.507822] pci_bus 0000:00: resource 8 [mem 0x100000000-0x17fffffff window]
[    0.508902] pci 0000:00:01.0: PIIX3: Enabling Passive Release
[    0.509617] pci 0000:00:00.0: Limiting direct PCI/PCI transfers
[    0.510381] PCI: CLS 0 bytes, default 64
[    0.510987] kvm_intel: VMX not supported by CPU 0
[    0.511725] kvm_amd: TSC scaling supported
[    0.512231] kvm_amd: Nested Virtualization enabled
[    0.512827] kvm_amd: Nested Paging enabled
[    0.513332] kvm_amd: LBR virtualization supported
[    0.513929] kvm_amd: Virtual GIF supported
[    0.514432] kvm_amd: Virtual NMI enabled
[    0.579734] clocksource: tsc: mask: 0xffffffffffffffff max_cycles: 0x40be215b5d9, max_idle_ns: 440795359804 ns
[    0.596586] Initialise system trusted keyrings
[    0.597263] workingset: timestamp_bits=56 max_order=18 bucket_order=0
[    0.598189] squashfs: version 4.0 (2009/01/31) Phillip Lougher
[    0.598947] fuse: init (API version 7.43)
[    0.599590] 9p: Installing v9fs 9p2000 file system support
[    0.609599] Key type asymmetric registered
[    0.610120] Asymmetric key parser 'x509' registered
[    0.610812] Block layer SCSI generic (bsg) driver version 0.4 loaded (major 249)
[    0.611784] io scheduler mq-deadline registered
[    0.612355] io scheduler kyber registered
[    0.614797] input: Power Button as /devices/LNXSYSTM:00/LNXPWRBN:00/input/input0
[    0.615941] ACPI: button: Power Button [PWRF]
[    0.617891] Warning: Processor Platform Limit event detected, but not handled.
[    0.618811] Consider compiling CPUfreq support into your kernel.
[    1.523603] ACPI: \_SB_.LNKB: Enabled at IRQ 10
[    2.422741] ACPI: \_SB_.LNKC: Enabled at IRQ 11
[    3.321520] ACPI: \_SB_.LNKA: Enabled at IRQ 10
[    3.322881] Serial: 8250/16550 driver, 4 ports, IRQ sharing enabled
[    3.323999] 00:03: ttyS0 at I/O 0x3f8 (irq = 4, base_baud = 115200) is a 16550A
[    3.357281] Non-volatile memory driver v1.3
[    3.357856] Linux agpgart interface v0.103
[    3.358493] printk: legacy console [hvc0] enabled
[    3.358544] ACPI: bus type drm_connector registered
[    3.359105] printk: legacy bootconsole [earlyser0] disabled
          _      _                                    
   __   _(_)_ __| |_ _ __ ___   ___       _ __   __ _ 
   \ \ / / |  __| __|  _   _ \ / _ \_____|  _ \ / _  |
    \ V /| | |  | |_| | | | | |  __/_____| | | | (_| |
     \_/ |_|_|   \__|_| |_| |_|\___|     |_| |_|\__  |
                                                |___/ 
   kernel version: 6.15.0-rc1-virtme x86_64
   (CTRL+d to exit)

root@virtme-ng:/nipa-data/kernel# PS1='xx__-> '
xx__-> env
PWD=/nipa-data/kernel
nr_open=1048576
HOME=/
TERM=xterm
SHLVL=2
XDG_RUNTIME_DIR=/run/user/0
PATH=/bin:/sbin:/usr/bin:/usr/sbin:/usr/local/bin
OLDPWD=/
_=/bin/env
xx__-> 