No EFI environment detected.
early console in extract_kernel
input_data: 0x00000000029f82b9
input_len: 0x0000000000ad589b
output: 0x0000000001000000
output_len: 0x00000000024886e0
kernel_total_size: 0x0000000002230000
needed_size: 0x0000000002600000
trampoline_32bit: 0x0000000000000000
Physical KASLR using RDRAND RDTSC...
Virtual KASLR using RDRAND RDTSC...

Decompressing Linux... Parsing ELF... Performing relocations... done.
Booting the kernel (entry_offset: 0x0000000000000000).
[    0.000000] Linux version 6.8.0-rc5-virtme (root@f2a6f8d57187) (gcc (Alpine 13.2.1_git20231014) 13.2.1 20231014, GNU ld (GNU Binutils) 2.42) #1 SMP PREEMPT_DYNAMIC Thu Feb 29 21:07:05 UTC 2024
[    0.000000] Command line: virtme_hostname=virtme-ng virtme_link_mods=/nipa-data/kernel/.virtme_mods/lib/modules/0.0.0 virtme_initmount0=nipa-data/kernel virtme_rw_overlay0=/etc virtme_rw_overlay1=/lib virtme_rw_overlay2=/home virtme_rw_overlay3=/opt virtme_rw_overlay4=/srv virtme_rw_overlay5=/usr virtme_rw_overlay6=/var earlyprintk=serial,ttyS0,115200 console=ttyS0 psmouse.proto=exps TERM=xterm virtme_chdir=nipa-data/kernel virtme_root_user=1 rootfstype=9p rootflags=version=9p2000.L,trans=virtio,access=any raid=noautodetect ro init=/usr/lib/python3.11/site-packages/virtme/guest/virtme-init
[    0.000000] BIOS-provided physical RAM map:
[    0.000000] BIOS-e820: [mem 0x0000000000000000-0x000000000009fbff] usable
[    0.000000] BIOS-e820: [mem 0x000000000009fc00-0x000000000009ffff] reserved
[    0.000000] BIOS-e820: [mem 0x00000000000f0000-0x00000000000fffff] reserved
[    0.000000] BIOS-e820: [mem 0x0000000000100000-0x000000003ffdffff] usable
[    0.000000] BIOS-e820: [mem 0x000000003ffe0000-0x000000003fffffff] reserved
[    0.000000] BIOS-e820: [mem 0x00000000feffc000-0x00000000feffffff] reserved
[    0.000000] BIOS-e820: [mem 0x00000000fffc0000-0x00000000ffffffff] reserved
[    0.000000] BIOS-e820: [mem 0x000000fd00000000-0x000000ffffffffff] reserved
[    0.000000] printk: legacy bootconsole [earlyser0] enabled
[    0.000000] NX (Execute Disable) protection: active
[    0.000000] APIC: Static calls initialized
[    0.000000] SMBIOS 3.0.0 present.
[    0.000000] DMI: QEMU Standard PC (i440FX + PIIX, 1996), BIOS rel-1.16.3-0-ga6ed6b701f0a-prebuilt.qemu.org 04/01/2014
[    0.000000] Hypervisor detected: KVM
[    0.000000] kvm-clock: Using msrs 4b564d01 and 4b564d00
[    0.000000] kvm-clock: using sched offset of 219407810 cycles
[    0.000393] clocksource: kvm-clock: mask: 0xffffffffffffffff max_cycles: 0x1cd42e4dffb, max_idle_ns: 881590591483 ns
[    0.001628] tsc: Detected 4491.536 MHz processor
[    0.002256] last_pfn = 0x3ffe0 max_arch_pfn = 0x400000000
[    0.002684] MTRR map: 4 entries (3 fixed + 1 variable; max 19), built from 8 variable MTRRs
[    0.003310] x86/PAT: Configuration [0-7]: WB  WC  UC- UC  WB  WP  UC- WT  
Memory KASLR using RDRAND RDTSC...
[    0.005399] found SMP MP-table at [mem 0x000f5470-0x000f547f]
[    0.005847] Using GB pages for direct mapping
[    0.006237] ACPI: Early table checksum verification disabled
[    0.006662] ACPI: RSDP 0x00000000000F5290 000014 (v00 BOCHS )
[    0.007094] ACPI: RSDT 0x000000003FFE27B6 000034 (v01 BOCHS  BXPC     00000001 BXPC 00000001)
[    0.007735] ACPI: FACP 0x000000003FFE2572 000074 (v01 BOCHS  BXPC     00000001 BXPC 00000001)
[    0.008378] ACPI: DSDT 0x000000003FFE0040 002532 (v01 BOCHS  BXPC     00000001 BXPC 00000001)
[    0.009020] ACPI: FACS 0x000000003FFE0000 000040
[    0.009368] ACPI: APIC 0x000000003FFE25E6 000170 (v03 BOCHS  BXPC     00000001 BXPC 00000001)
[    0.010038] ACPI: HPET 0x000000003FFE2756 000038 (v01 BOCHS  BXPC     00000001 BXPC 00000001)
[    0.010682] ACPI: WAET 0x000000003FFE278E 000028 (v01 BOCHS  BXPC     00000001 BXPC 00000001)
[    0.011326] ACPI: Reserving FACP table memory at [mem 0x3ffe2572-0x3ffe25e5]
[    0.011858] ACPI: Reserving DSDT table memory at [mem 0x3ffe0040-0x3ffe2571]
[    0.012390] ACPI: Reserving FACS table memory at [mem 0x3ffe0000-0x3ffe003f]
[    0.012922] ACPI: Reserving APIC table memory at [mem 0x3ffe25e6-0x3ffe2755]
[    0.013466] ACPI: Reserving HPET table memory at [mem 0x3ffe2756-0x3ffe278d]
[    0.014004] ACPI: Reserving WAET table memory at [mem 0x3ffe278e-0x3ffe27b5]
[    0.014680] No NUMA configuration found
[    0.014968] Faking a node at [mem 0x0000000000000000-0x000000003ffdffff]
[    0.015482] NODE_DATA(0) allocated [mem 0x3ffdb000-0x3ffdffff]
[    0.015930] Zone ranges:
[    0.016120]   DMA      [mem 0x0000000000001000-0x0000000000ffffff]
[    0.016585]   DMA32    [mem 0x0000000001000000-0x000000003ffdffff]
[    0.017050]   Normal   empty
[    0.017267]   Device   empty
[    0.017496] Movable zone start for each node
[    0.017818] Early memory node ranges
[    0.018096]   node   0: [mem 0x0000000000001000-0x000000000009efff]
[    0.018567]   node   0: [mem 0x0000000000100000-0x000000003ffdffff]
[    0.019038] Initmem setup node 0 [mem 0x0000000000001000-0x000000003ffdffff]
[    0.019570] On node 0, zone DMA: 1 pages in unavailable ranges
[    0.020019] On node 0, zone DMA: 97 pages in unavailable ranges
[    0.021477] On node 0, zone DMA32: 32 pages in unavailable ranges
[    0.022140] ACPI: PM-Timer IO Port: 0x608
[    0.022458] ACPI: LAPIC_NMI (acpi_id[0xff] dfl dfl lint[0x1])
[    0.022912] IOAPIC[0]: apic_id 0, version 17, address 0xfec00000, GSI 0-23
[    0.023434] ACPI: INT_SRC_OVR (bus 0 bus_irq 0 global_irq 2 dfl dfl)
[    0.023948] ACPI: INT_SRC_OVR (bus 0 bus_irq 5 global_irq 5 high level)
[    0.024545] ACPI: INT_SRC_OVR (bus 0 bus_irq 9 global_irq 9 high level)
[    0.025040] ACPI: INT_SRC_OVR (bus 0 bus_irq 10 global_irq 10 high level)
[    0.025550] ACPI: INT_SRC_OVR (bus 0 bus_irq 11 global_irq 11 high level)
[    0.026068] ACPI: Using ACPI (MADT) for SMP configuration information
[    0.026570] ACPI: HPET id: 0x8086a201 base: 0xfed00000
[    0.026956] TSC deadline timer available
[    0.027250] smpboot: Allowing 32 CPUs, 0 hotplug CPUs
[    0.027638] kvm-guest: APIC: eoi() replaced with kvm_guest_apic_eoi_write()
[    0.028174] kvm-guest: KVM setup pv remote TLB flush
[    0.028549] kvm-guest: setup PV sched yield
[    0.028867] PM: hibernation: Registered nosave memory: [mem 0x00000000-0x00000fff]
[    0.029439] PM: hibernation: Registered nosave memory: [mem 0x0009f000-0x0009ffff]
[    0.030011] PM: hibernation: Registered nosave memory: [mem 0x000a0000-0x000effff]
[    0.030600] PM: hibernation: Registered nosave memory: [mem 0x000f0000-0x000fffff]
[    0.031171] [mem 0x40000000-0xfeffbfff] available for PCI devices
[    0.031630] Booting paravirtualized kernel on KVM
[    0.031984] clocksource: refined-jiffies: mask: 0xffffffff max_cycles: 0xffffffff, max_idle_ns: 1910969940391419 ns
[    0.035661] setup_percpu: NR_CPUS:64 nr_cpumask_bits:32 nr_cpu_ids:32 nr_node_ids:1
[    0.036817] percpu: Embedded 56 pages/cpu s191784 r8192 d29400 u262144
[    0.037335] Kernel command line: virtme_hostname=virtme-ng virtme_link_mods=/nipa-data/kernel/.virtme_mods/lib/modules/0.0.0 virtme_initmount0=nipa-data/kernel virtme_rw_overlay0=/etc virtme_rw_overlay1=/lib virtme_rw_overlay2=/home virtme_rw_overlay3=/opt virtme_rw_overlay4=/srv virtme_rw_overlay5=/usr virtme_rw_overlay6=/var earlyprintk=serial,ttyS0,115200 console=ttyS0 psmouse.proto=exps TERM=xterm virtme_chdir=nipa-data/kernel virtme_root_user=1 rootfstype=9p rootflags=version=9p2000.L,trans=virtio,access=any raid=noautodetect ro init=/usr/lib/python3.11/site-packages/virtme/guest/virtme-init
[    0.041511] Unknown kernel command line parameters "virtme_hostname=virtme-ng virtme_link_mods=/nipa-data/kernel/.virtme_mods/lib/modules/0.0.0 virtme_initmount0=nipa-data/kernel virtme_rw_overlay0=/etc virtme_rw_overlay1=/lib virtme_rw_overlay2=/home virtme_rw_overlay3=/opt virtme_rw_overlay4=/srv virtme_rw_overlay5=/usr virtme_rw_overlay6=/var virtme_chdir=nipa-data/kernel virtme_root_user=1", will be passed to user space.
[    0.044643] random: crng init done
[    0.044934] Dentry cache hash table entries: 131072 (order: 8, 1048576 bytes, linear)
[    0.045555] Inode-cache hash table entries: 65536 (order: 7, 524288 bytes, linear)
[    0.046234] Fallback order for Node 0: 0 
[    0.046236] Built 1 zonelists, mobility grouping on.  Total pages: 257760
[    0.047070] Policy zone: DMA32
[    0.047306] mem auto-init: stack:all(zero), heap alloc:off, heap free:off
[    0.048646] Memory: 986880K/1048056K available (16384K kernel code, 2349K rwdata, 5932K rodata, 2992K init, 2336K bss, 60916K reserved, 0K cma-reserved)
[    0.049732] SLUB: HWalign=64, Order=0-3, MinObjects=0, CPUs=32, Nodes=1
Poking KASLR using RDRAND RDTSC...
[    0.050503] ftrace: allocating 46283 entries in 181 pages
[    0.057490] ftrace: allocated 181 pages with 5 groups
[    0.058514] Dynamic Preempt: voluntary
[    0.058950] rcu: Preemptible hierarchical RCU implementation.
[    0.059394] rcu: RCU event tracing is enabled.
[    0.059742] rcu: RCU restricting CPUs from NR_CPUS=64 to nr_cpu_ids=32.
[    0.060261] Trampoline variant of Tasks RCU enabled.
[    0.060664] Rude variant of Tasks RCU enabled.
[    0.061011] Tracing variant of Tasks RCU enabled.
[    0.061377] rcu: RCU calculated value of scheduler-enlistment delay is 100 jiffies.
[    0.061985] rcu: Adjusting geometry for rcu_fanout_leaf=16, nr_cpu_ids=32
[    0.063796] NR_IRQS: 4352, nr_irqs: 680, preallocated irqs: 16
[    0.064521] rcu: srcu_init: Setting srcu_struct sizes based on contention.
[    0.065180] Console: colour *CGA 80x25
[    0.065498] printk: legacy console [ttyS0] enabled
[    0.065498] printk: legacy console [ttyS0] enabled
[    0.066243] printk: legacy bootconsole [earlyser0] disabled
[    0.066243] printk: legacy bootconsole [earlyser0] disabled
[    0.067103] ACPI: Core revision 20230628
[    0.067482] clocksource: hpet: mask: 0xffffffff max_cycles: 0xffffffff, max_idle_ns: 19112604467 ns
[    0.068238] APIC: Switch to symmetric I/O mode setup
[    0.068639] APIC: Switched APIC routing to: physical flat
[    0.069055] kvm-guest: APIC: send_IPI_mask() replaced with kvm_send_ipi_mask()
[    0.069619] kvm-guest: APIC: send_IPI_mask_allbutself() replaced with kvm_send_ipi_mask_allbutself()
[    0.070337] kvm-guest: setup PV IPIs
[    0.071414] ..TIMER: vector=0x30 apic1=0 pin1=2 apic2=-1 pin2=-1
[    0.072238] tsc: Marking TSC unstable due to TSCs unsynchronized
[    0.073040] Calibrating delay loop (skipped) preset value.. 8983.07 BogoMIPS (lpj=4491536)
[    0.075052] x86/cpu: User Mode Instruction Prevention (UMIP) activated
[    0.075976] Last level iTLB entries: 4KB 512, 2MB 255, 4MB 127
[    0.076038] Last level dTLB entries: 4KB 512, 2MB 255, 4MB 127, 1GB 0
[    0.077041] Spectre V1 : Mitigation: usercopy/swapgs barriers and __user pointer sanitization
[    0.078042] Spectre V2 : Mitigation: Enhanced / Automatic IBRS
[    0.079038] Spectre V2 : Spectre v2 / SpectreRSB mitigation: Filling RSB on context switch
[    0.080039] Spectre V2 : mitigation: Enabling conditional Indirect Branch Prediction Barrier
[    0.081039] Speculative Store Bypass: Mitigation: Speculative Store Bypass disabled via prctl
[    0.082038] Speculative Return Stack Overflow: IBPB-extending microcode not applied!
[    0.083038] Speculative Return Stack Overflow: WARNING: See https://kernel.org/doc/html/latest/admin-guide/hw-vuln/srso.html for mitigation options.
[    0.083038] Speculative Return Stack Overflow: Vulnerable: Safe RET, no microcode
[    0.085055] x86/fpu: Supporting XSAVE feature 0x001: 'x87 floating point registers'
[    0.086038] x86/fpu: Supporting XSAVE feature 0x002: 'SSE registers'
[    0.087038] x86/fpu: Supporting XSAVE feature 0x004: 'AVX registers'
[    0.087871] x86/fpu: Supporting XSAVE feature 0x020: 'AVX-512 opmask'
[    0.088038] x86/fpu: Supporting XSAVE feature 0x040: 'AVX-512 Hi256'
[    0.089038] x86/fpu: Supporting XSAVE feature 0x080: 'AVX-512 ZMM_Hi256'
[    0.090038] x86/fpu: Supporting XSAVE feature 0x200: 'Protection Keys User registers'
[    0.091038] x86/fpu: xstate_offset[2]:  576, xstate_sizes[2]:  256
[    0.092038] x86/fpu: xstate_offset[5]:  832, xstate_sizes[5]:   64
[    0.093038] x86/fpu: xstate_offset[6]:  896, xstate_sizes[6]:  512
[    0.094038] x86/fpu: xstate_offset[7]: 1408, xstate_sizes[7]: 1024
[    0.094851] x86/fpu: xstate_offset[9]: 2432, xstate_sizes[9]:    8
[    0.095038] x86/fpu: Enabled xstate features 0x2e7, context size is 2440 bytes, using 'compacted' format.
[    0.111670] Freeing SMP alternatives memory: 40K
[    0.112039] pid_max: default: 32768 minimum: 301
[    0.112688] Mount-cache hash table entries: 2048 (order: 2, 16384 bytes, linear)
[    0.113039] Mountpoint-cache hash table entries: 2048 (order: 2, 16384 bytes, linear)
[    0.114199] smpboot: CPU0: AMD Ryzen 9 7950X 16-Core Processor (family: 0x19, model: 0x61, stepping: 0x2)
[    0.115125] RCU Tasks: Setting shift to 5 and lim to 1 rcu_task_cb_adjust=1.
[    0.116047] RCU Tasks Rude: Setting shift to 5 and lim to 1 rcu_task_cb_adjust=1.
[    0.117043] RCU Tasks Trace: Setting shift to 5 and lim to 1 rcu_task_cb_adjust=1.
[    0.118040] Performance Events: Fam17h+ core perfctr, AMD PMU driver.
[    0.118913] ... version:                0
[    0.119040] ... bit width:              48
[    0.119578] ... generic registers:      6
[    0.120039] ... value mask:             0000ffffffffffff
[    0.120734] ... max period:             00007fffffffffff
[    0.121039] ... fixed-purpose events:   0
[    0.121567] ... event mask:             000000000000003f
[    0.122109] signal: max sigframe size: 3376
[    0.122680] rcu: Hierarchical SRCU implementation.
[    0.123040] rcu: Max phase no-delay instances is 400.
[    0.126049] smp: Bringing up secondary CPUs ...
[    0.126708] smpboot: x86: Booting SMP configuration:
[    0.127041] .... node  #0, CPUs:        #1  #2  #3  #4  #5  #6  #7  #8  #9 #10 #11 #12 #13 #14 #15 #16 #17 #18 #19 #20 #21 #22 #23 #24 #25 #26 #27 #28 #29 #30 #31
[    0.147096] smp: Brought up 1 node, 32 CPUs
[    0.148748] smpboot: Max logical packages: 1
[    0.149041] smpboot: Total of 32 processors activated (287458.30 BogoMIPS)
[    0.152106] devtmpfs: initialized
[    0.153067] x86/mm: Memory block size: 128MB
[    0.154470] clocksource: jiffies: mask: 0xffffffff max_cycles: 0xffffffff, max_idle_ns: 1911260446275000 ns
[    0.155042] futex hash table entries: 8192 (order: 7, 524288 bytes, linear)
[    0.156121] PM: RTC time: 21:07:36, date: 2024-02-29
[    0.157138] NET: Registered PF_NETLINK/PF_ROUTE protocol family
[    0.158059] thermal_sys: Registered thermal governor 'step_wise'
[    0.158060] thermal_sys: Registered thermal governor 'user_space'
[    0.158889] cpuidle: using governor menu
[    0.160309] PCI: Using configuration type 1 for base access
[    0.161043] PCI: Using configuration type 1 for extended access
[    0.161893] kprobes: kprobe jump-optimization is enabled. All kprobes are optimized if possible.
[    0.176740] HugeTLB: registered 1.00 GiB page size, pre-allocated 0 pages
[    0.177040] HugeTLB: 16380 KiB vmemmap can be freed for a 1.00 GiB page
[    0.177912] HugeTLB: registered 2.00 MiB page size, pre-allocated 0 pages
[    0.178039] HugeTLB: 28 KiB vmemmap can be freed for a 2.00 MiB page
[    0.181845] ACPI: Added _OSI(Module Device)
[    0.182040] ACPI: Added _OSI(Processor Device)
[    0.182636] ACPI: Added _OSI(3.0 _SCP Extensions)
[    0.183040] ACPI: Added _OSI(Processor Aggregator Device)
[    0.184475] ACPI: 1 ACPI AML tables successfully acquired and loaded
[    0.185539] ACPI: _OSC evaluation for CPUs failed, trying _PDC
[    0.186177] ACPI: Interpreter enabled
[    0.186680] ACPI: PM: (supports S0 S3 S4 S5)
[    0.187040] ACPI: Using IOAPIC for interrupt routing
[    0.187717] PCI: Using host bridge windows from ACPI; if necessary, use "pci=nocrs" and report a bug
[    0.188039] PCI: Using E820 reservations for host bridge windows
[    0.188930] ACPI: Enabled 2 GPEs in block 00 to 0F
[    0.191672] ACPI: PCI Root Bridge [PCI0] (domain 0000 [bus 00-ff])
[    0.192042] acpi PNP0A03:00: _OSC: OS supports [ExtendedConfig ASPM ClockPM Segments MSI HPX-Type3]
[    0.193129] PCI host bridge to bus 0000:00
[    0.193684] pci_bus 0000:00: root bus resource [io  0x0000-0x0cf7 window]
[    0.194040] pci_bus 0000:00: root bus resource [io  0x0d00-0xffff window]
[    0.194946] pci_bus 0000:00: root bus resource [mem 0x000a0000-0x000bffff window]
[    0.195040] pci_bus 0000:00: root bus resource [mem 0x40000000-0xfebfffff window]
[    0.196030] pci_bus 0000:00: root bus resource [mem 0x100000000-0x17fffffff window]
[    0.196040] pci_bus 0000:00: root bus resource [bus 00-ff]
[    0.196856] pci 0000:00:00.0: [8086:1237] type 00 class 0x060000 conventional PCI endpoint
[    0.197294] pci 0000:00:01.0: [8086:7000] type 00 class 0x060100 conventional PCI endpoint
[    0.198365] pci 0000:00:01.1: [8086:7010] type 00 class 0x010180 conventional PCI endpoint
[    0.201040] pci 0000:00:01.1: BAR 4 [io  0xc080-0xc08f]
[    0.202508] pci 0000:00:01.1: BAR 0 [io  0x01f0-0x01f7]: legacy IDE quirk
[    0.203040] pci 0000:00:01.1: BAR 1 [io  0x03f6]: legacy IDE quirk
[    0.203859] pci 0000:00:01.1: BAR 2 [io  0x0170-0x0177]: legacy IDE quirk
[    0.204040] pci 0000:00:01.1: BAR 3 [io  0x0376]: legacy IDE quirk
[    0.204956] pci 0000:00:01.3: [8086:7113] type 00 class 0x068000 conventional PCI endpoint
[    0.205286] pci 0000:00:01.3: quirk: [io  0x0600-0x063f] claimed by PIIX4 ACPI
[    0.206044] pci 0000:00:01.3: quirk: [io  0x0700-0x070f] claimed by PIIX4 SMB
[    0.207157] pci 0000:00:02.0: [1af4:1009] type 00 class 0x000200 conventional PCI endpoint
[    0.209040] pci 0000:00:02.0: BAR 0 [io  0xc000-0xc03f]
[    0.210695] pci 0000:00:02.0: BAR 1 [mem 0xfebfd000-0xfebfdfff]
[    0.214040] pci 0000:00:02.0: BAR 4 [mem 0xfebf4000-0xfebf7fff 64bit pref]
[    0.216699] pci 0000:00:03.0: [1af4:1009] type 00 class 0x000200 conventional PCI endpoint
[    0.218040] pci 0000:00:03.0: BAR 0 [io  0xc040-0xc07f]
[    0.219701] pci 0000:00:03.0: BAR 1 [mem 0xfebfe000-0xfebfefff]
[    0.223719] pci 0000:00:03.0: BAR 4 [mem 0xfebf8000-0xfebfbfff 64bit pref]
[    0.225614] pci 0000:00:04.0: [8086:25ab] type 00 class 0x088000 conventional PCI endpoint
[    0.226562] pci 0000:00:04.0: BAR 0 [mem 0xfebff000-0xfebff00f]
[    0.230311] ACPI: PCI: Interrupt link LNKA configured for IRQ 10
[    0.231157] ACPI: PCI: Interrupt link LNKB configured for IRQ 10
[    0.232076] ACPI: PCI: Interrupt link LNKC configured for IRQ 11
[    0.232977] ACPI: PCI: Interrupt link LNKD configured for IRQ 11
[    0.233132] ACPI: PCI: Interrupt link LNKS configured for IRQ 9
[    0.235201] iommu: Default domain type: Translated
[    0.235848] iommu: DMA domain TLB invalidation policy: lazy mode
[    0.236094] SCSI subsystem initialized
[    0.236636] pps_core: LinuxPPS API ver. 1 registered
[    0.237040] pps_core: Software ver. 5.3.6 - Copyright 2005-2007 Rodolfo Giometti <giometti@linux.it>
[    0.238042] PTP clock support registered
[    0.238583] Advanced Linux Sound Architecture Driver Initialized.
[    0.239341] NET: Registered PF_ATMPVC protocol family
[    0.240030] NET: Registered PF_ATMSVC protocol family
[    0.240044] PCI: Using ACPI for IRQ routing
[    0.240689] vgaarb: loaded
[    0.241078] hpet0: at MMIO 0xfed00000, IRQs 2, 8, 0
[    0.241743] hpet0: 3 comparators, 64-bit 100.000000 MHz counter
[    0.246803] clocksource: Switched to clocksource kvm-clock
[    0.247304] VFS: Disk quotas dquot_6.6.0
[    0.247440] VFS: Dquot-cache hash table entries: 512 (order 0, 4096 bytes)
[    0.248831] pnp: PnP ACPI init
[    0.249441] pnp: PnP ACPI: found 5 devices
[    0.256883] clocksource: acpi_pm: mask: 0xffffff max_cycles: 0xffffff, max_idle_ns: 2085701024 ns
[    0.258116] NET: Registered PF_INET protocol family
[    0.258798] IP idents hash table entries: 16384 (order: 5, 131072 bytes, linear)
[    0.259954] tcp_listen_portaddr_hash hash table entries: 512 (order: 1, 8192 bytes, linear)
[    0.261093] Table-perturb hash table entries: 65536 (order: 6, 262144 bytes, linear)
[    0.262138] TCP established hash table entries: 8192 (order: 4, 65536 bytes, linear)
[    0.263192] TCP bind hash table entries: 8192 (order: 6, 262144 bytes, linear)
[    0.264190] TCP: Hash tables configured (established 8192 bind 8192)
[    0.265070] UDP hash table entries: 512 (order: 2, 16384 bytes, linear)
[    0.265943] UDP-Lite hash table entries: 512 (order: 2, 16384 bytes, linear)
[    0.266923] NET: Registered PF_UNIX/PF_LOCAL protocol family
[    0.267697] pci_bus 0000:00: resource 4 [io  0x0000-0x0cf7 window]
[    0.268524] pci_bus 0000:00: resource 5 [io  0x0d00-0xffff window]
[    0.269353] pci_bus 0000:00: resource 6 [mem 0x000a0000-0x000bffff window]
[    0.270271] pci_bus 0000:00: resource 7 [mem 0x40000000-0xfebfffff window]
[    0.271203] pci_bus 0000:00: resource 8 [mem 0x100000000-0x17fffffff window]
[    0.272169] pci 0000:00:01.0: PIIX3: Enabling Passive Release
[    0.272932] pci 0000:00:00.0: Limiting direct PCI/PCI transfers
[    0.273762] PCI: CLS 0 bytes, default 64
[    0.274322] kvm_intel: VMX not supported by CPU 0
[    0.274965] kvm_amd: TSC scaling supported
[    0.275526] kvm_amd: Nested Virtualization enabled
[    0.276167] kvm_amd: Nested Paging enabled
[    0.276715] kvm_amd: Virtual VMLOAD VMSAVE supported
[    0.277380] kvm_amd: Virtual GIF supported
[    0.277921] kvm_amd: Virtual NMI enabled
[    0.278450] kvm_amd: LBR virtualization supported
[    0.366584] workingset: timestamp_bits=56 max_order=18 bucket_order=0
[    0.367747] squashfs: version 4.0 (2009/01/31) Phillip Lougher
[    0.368747] fuse: init (API version 7.39)
[    0.369480] 9p: Installing v9fs 9p2000 file system support
[    0.370452] Key type asymmetric registered
[    0.371166] Block layer SCSI generic (bsg) driver version 0.4 loaded (major 249)
[    0.372429] io scheduler mq-deadline registered
[    0.373202] io scheduler kyber registered
[    0.374969] input: Power Button as /devices/LNXSYSTM:00/LNXPWRBN:00/input/input0
[    0.376295] ACPI: button: Power Button [PWRF]
[    0.377073] Warning: Processor Platform Limit event detected, but not handled.
[    0.378290] Consider compiling CPUfreq support into your kernel.
[    0.400472] ACPI: \_SB_.LNKB: Enabled at IRQ 10
[    0.421892] ACPI: \_SB_.LNKC: Enabled at IRQ 11
[    0.423236] Serial: 8250/16550 driver, 4 ports, IRQ sharing enabled
[    0.424216] 00:03: ttyS0 at I/O 0x3f8 (irq = 4, base_baud = 115200) is a 16550A
[    0.425644] Non-volatile memory driver v1.3
[    0.426237] Linux agpgart interface v0.103
[    0.426861] ACPI: bus type drm_connector registered
[    0.431774] loop: module loaded
[    0.432876] scsi host0: ata_piix
[    0.433476] scsi host1: ata_piix
[    0.433929] ata1: PATA max MWDMA2 cmd 0x1f0 ctl 0x3f6 bmdma 0xc080 irq 14 lpm-pol 0
[    0.434965] ata2: PATA max MWDMA2 cmd 0x170 ctl 0x376 bmdma 0xc088 irq 15 lpm-pol 0
[    0.436217] i8042: PNP: PS/2 Controller [PNP0303:KBD,PNP0f13:MOU] at 0x60,0x64 irq 1,12
[    0.438022] serio: i8042 KBD port at 0x60,0x64 irq 1
[    0.438699] serio: i8042 AUX port at 0x60,0x64 irq 12
[    0.439509] rtc_cmos 00:04: RTC can wake from S4
[    0.440572] input: AT Translated Set 2 keyboard as /devices/platform/i8042/serio0/input/input1
[    0.441832] rtc_cmos 00:04: registered as rtc0
[    0.442510] rtc_cmos 00:04: setting system clock to 2024-02-29T21:07:36 UTC (1709240856)
[    0.443645] rtc_cmos 00:04: alarms up to one day, y3k, 242 bytes nvram, hpet irqs
[    0.445059] i6300ESB timer 0000:00:04.0: initialized. heartbeat=30 sec (nowayout=0)
[    0.446169] device-mapper: ioctl: 4.48.0-ioctl (2023-03-01) initialised: dm-devel@redhat.com
[    0.447585] NET: Registered PF_PACKET protocol family
[    0.448290] 9pnet: Installing 9P2000 support
[    0.449613] Key type dns_resolver registered
[    0.451582] input: ImExPS/2 Generic Explorer Mouse as /devices/platform/i8042/serio1/input/input3
[    0.453420] IPI shorthand broadcast: enabled
[    0.455992] sched_clock: Marking stable (451000854, 4982794)->(495361290, -39377642)
[    0.457238] registered taskstats version 1
[    0.458846] PM:   Magic number: 12:448:147
[    0.459438] acpi device:18: hash matches
[    0.459966] printk: legacy console [netcon0] enabled
[    0.460637] netconsole: network logging started
[    0.461309] ALSA device list:
[    0.461711]   No soundcards found.
[    0.590160] ata2: found unknown device (class 0)
[    0.591464] ata2.00: ATAPI: QEMU DVD-ROM, 2.5+, max UDMA/100
[    0.593425] scsi 1:0:0:0: CD-ROM            QEMU     QEMU DVD-ROM     2.5+ PQ: 0 ANSI: 5
[    0.601447] scsi 1:0:0:0: Attached scsi generic sg0 type 5
[    0.602265] md: Skipping autodetection of RAID arrays. (raid=autodetect will force)
[    0.603433] 9pnet_virtio: no channels available for device 
[    0.604790] VFS: Mounted root (9p filesystem) readonly on device 0:19.
[    0.605890] devtmpfs: mounted
[    0.607073] Freeing unused kernel image (initmem) memory: 2992K
[    0.615989] Write protecting the kernel read-only data: 22528k
[    0.617168] Freeing unused kernel image (rodata/data gap) memory: 212K
[    0.649165] x86/mm: Checked W+X mappings: passed, no W+X pages found.
[    0.649907] Run /usr/lib/python3.11/site-packages/virtme/guest/virtme-init as init process
[    0.667736] mount (238) used greatest stack depth: 13480 bytes left
[    0.714155] mount (256) used greatest stack depth: 13064 bytes left
[    0.738907] mount (278) used greatest stack depth: 12984 bytes left
[    0.744665] grep (282) used greatest stack depth: 12968 bytes left
[    0.771046] virtme-init: basic initialization done
[    0.774950] virtme-init: udevd not found
[    0.812404] virtme-init: Setting hostname to virtme-ng...
[    0.821131] ip (335) used greatest stack depth: 12360 bytes left
          _      _                                    
   __   _(_)_ __| |_ _ __ ___   ___       _ __   __ _ 
   \ \ / / |  __| __|  _   _ \ / _ \_____|  _ \ / _  |
    \ V /| | |  | |_| | | | | |  __/_____| | | | (_| |
     \_/ |_|_|   \__|_| |_| |_|\___|     |_| |_|\__  |
                                                |___/ 
   kernel version: 6.8.0-rc5-virtme x86_64

virtme-ng:/nipa-data/kernel# PS1='xx__-> '
xx__-> env
PWD=/nipa-data/kernel
HOME=/
TERM=xterm
SHLVL=2
XDG_RUNTIME_DIR=/run/user/0
PATH=/bin:/sbin:/usr/bin:/usr/sbin:/usr/local/bin
OLDPWD=/
_=/usr/bin/env
xx__-> 