No EFI environment detected.
early console in extract_kernel
input_data: 0x0000000004ab42c4
input_len: 0x00000000018ff961
output: 0x0000000001000000
output_len: 0x000000000533fb64
kernel_total_size: 0x0000000005030000
needed_size: 0x0000000005400000
trampoline_32bit: 0x0000000000000000
Physical KASLR using RDRAND RDTSC...
Virtual KASLR using RDRAND RDTSC...

Decompressing Linux... Parsing ELF... Performing relocations... done.
Booting the kernel (entry_offset: 0x0000000000000000).
[    0.000000] Linux version 6.13.0-rc7-virtme (root@d4e1226a9742) (gcc (Ubuntu 13.3.0-6ubuntu2~24.04) 13.3.0, GNU ld (GNU Binutils for Ubuntu) 2.42) #1 SMP PREEMPT_DYNAMIC Mon Jan 20 06:28:17 UTC 2025
[    0.000000] Command line: virtme_hostname=virtme-ng nr_open=1048576 virtme_link_mods=/nipa-data/kernel/.virtme_mods/lib/modules/0.0.0 virtme_initmount0=nipa-data/kernel virtme_rw_overlay0=/etc virtme_rw_overlay1=/lib virtme_rw_overlay2=/home virtme_rw_overlay3=/opt virtme_rw_overlay4=/srv virtme_rw_overlay5=/usr virtme_rw_overlay6=/var console=hvc0 earlyprintk=serial,ttyS0,115200 virtme_console=ttyS0 psmouse.proto=exps TERM=xterm virtme_chdir=nipa-data/kernel virtme_root_user=1 rootfstype=9p rootflags=version=9p2000.L,trans=virtio,access=any raid=noautodetect ro init=/usr/lib/python3/dist-packages/virtme/guest/virtme-init
[    0.000000] BIOS-provided physical RAM map:
[    0.000000] BIOS-e820: [mem 0x0000000000000000-0x000000000009fbff] usable
[    0.000000] BIOS-e820: [mem 0x000000000009fc00-0x000000000009ffff] reserved
[    0.000000] BIOS-e820: [mem 0x00000000000f0000-0x00000000000fffff] reserved
[    0.000000] BIOS-e820: [mem 0x0000000000100000-0x000000003ffdffff] usable
[    0.000000] BIOS-e820: [mem 0x000000003ffe0000-0x000000003fffffff] reserved
[    0.000000] BIOS-e820: [mem 0x00000000feffc000-0x00000000feffffff] reserved
[    0.000000] BIOS-e820: [mem 0x00000000fffc0000-0x00000000ffffffff] reserved
[    0.000000] BIOS-e820: [mem 0x000000fd00000000-0x000000ffffffffff] reserved
[    0.000000] printk: legacy bootconsole [earlyser0] enabled
[    0.000000] NX (Execute Disable) protection: active
[    0.000000] APIC: Static calls initialized
[    0.000000] SMBIOS 3.0.0 present.
[    0.000000] DMI: QEMU Ubuntu 24.04 PC (i440FX + PIIX, 1996), BIOS 1.16.3-debian-1.16.3-2 04/01/2014
[    0.000000] DMI: Memory slots populated: 1/1
[    0.000000] Hypervisor detected: KVM
[    0.000000] kvm-clock: Using msrs 4b564d01 and 4b564d00
[    0.000000] kvm-clock: using sched offset of 336937956 cycles
[    0.000364] clocksource: kvm-clock: mask: 0xffffffffffffffff max_cycles: 0x1cd42e4dffb, max_idle_ns: 881590591483 ns
[    0.001495] tsc: Detected 4491.556 MHz processor
[    0.002147] last_pfn = 0x3ffe0 max_arch_pfn = 0x400000000
[    0.002545] MTRR map: 4 entries (3 fixed + 1 variable; max 19), built from 8 variable MTRRs
[    0.003123] x86/PAT: Configuration [0-7]: WB  WC  UC- UC  WB  WP  UC- WT  
[    0.005042] found SMP MP-table at [mem 0x000f5470-0x000f547f]
[    0.005445] Using GB pages for direct mapping
[    0.005936] ACPI: Early table checksum verification disabled
[    0.006330] ACPI: RSDP 0x00000000000F5290 000014 (v00 BOCHS )
[    0.006731] ACPI: RSDT 0x000000003FFE27BC 000034 (v01 BOCHS  BXPC     00000001 BXPC 00000001)
[    0.007325] ACPI: FACP 0x000000003FFE2578 000074 (v01 BOCHS  BXPC     00000001 BXPC 00000001)
[    0.007919] ACPI: DSDT 0x000000003FFE0040 002538 (v01 BOCHS  BXPC     00000001 BXPC 00000001)
[    0.008510] ACPI: FACS 0x000000003FFE0000 000040
[    0.008831] ACPI: APIC 0x000000003FFE25EC 000170 (v03 BOCHS  BXPC     00000001 BXPC 00000001)
[    0.009423] ACPI: HPET 0x000000003FFE275C 000038 (v01 BOCHS  BXPC     00000001 BXPC 00000001)
[    0.010013] ACPI: WAET 0x000000003FFE2794 000028 (v01 BOCHS  BXPC     00000001 BXPC 00000001)
[    0.010604] ACPI: Reserving FACP table memory at [mem 0x3ffe2578-0x3ffe25eb]
[    0.011097] ACPI: Reserving DSDT table memory at [mem 0x3ffe0040-0x3ffe2577]
[    0.011586] ACPI: Reserving FACS table memory at [mem 0x3ffe0000-0x3ffe003f]
[    0.012075] ACPI: Reserving APIC table memory at [mem 0x3ffe25ec-0x3ffe275b]
[    0.012563] ACPI: Reserving HPET table memory at [mem 0x3ffe275c-0x3ffe2793]
[    0.013050] ACPI: Reserving WAET table memory at [mem 0x3ffe2794-0x3ffe27bb]
[    0.013726] No NUMA configuration found
[    0.013992] Faking a node at [mem 0x0000000000000000-0x000000003ffdffff]
[    0.014457] NODE_DATA(0) allocated [mem 0x3ffdb780-0x3ffdffff]
[    0.014877] Zone ranges:
[    0.015053]   DMA      [mem 0x0000000000001000-0x0000000000ffffff]
[    0.015482]   DMA32    [mem 0x0000000001000000-0x000000003ffdffff]
[    0.015913]   Normal   empty
[    0.016113]   Device   empty
[    0.016313] Movable zone start for each node
[    0.016608] Early memory node ranges
[    0.016855]   node   0: [mem 0x0000000000001000-0x000000000009efff]
[    0.017290]   node   0: [mem 0x0000000000100000-0x000000003ffdffff]
[    0.017723] Initmem setup node 0 [mem 0x0000000000001000-0x000000003ffdffff]
[    0.018215] On node 0, zone DMA: 1 pages in unavailable ranges
[    0.018671] On node 0, zone DMA: 97 pages in unavailable ranges
[    0.023110] On node 0, zone DMA32: 32 pages in unavailable ranges
[    0.032143] kasan: KernelAddressSanitizer initialized
[    0.032720] ACPI: PM-Timer IO Port: 0x608
[    0.033009] ACPI: LAPIC_NMI (acpi_id[0xff] dfl dfl lint[0x1])
[    0.033431] IOAPIC[0]: apic_id 0, version 17, address 0xfec00000, GSI 0-23
[    0.033911] ACPI: INT_SRC_OVR (bus 0 bus_irq 0 global_irq 2 dfl dfl)
[    0.034353] ACPI: INT_SRC_OVR (bus 0 bus_irq 5 global_irq 5 high level)
[    0.034813] ACPI: INT_SRC_OVR (bus 0 bus_irq 9 global_irq 9 high level)
[    0.035274] ACPI: INT_SRC_OVR (bus 0 bus_irq 10 global_irq 10 high level)
[    0.035750] ACPI: INT_SRC_OVR (bus 0 bus_irq 11 global_irq 11 high level)
[    0.036224] ACPI: Using ACPI (MADT) for SMP configuration information
[    0.036672] ACPI: HPET id: 0x8086a201 base: 0xfed00000
[    0.037030] TSC deadline timer available
[    0.037310] CPU topo: Max. logical packages:   1
[    0.037629] CPU topo: Max. logical dies:       1
[    0.037948] CPU topo: Max. dies per package:   1
[    0.038274] CPU topo: Max. threads per core:   1
[    0.038595] CPU topo: Num. cores per package:    32
[    0.038934] CPU topo: Num. threads per package:  32
[    0.039272] CPU topo: Allowing 32 present CPUs plus 0 hotplug CPUs
[    0.039725] kvm-guest: APIC: eoi() replaced with kvm_guest_apic_eoi_write()
[    0.040218] kvm-guest: KVM setup pv remote TLB flush
[    0.040563] kvm-guest: setup PV sched yield
[    0.040859] PM: hibernation: Registered nosave memory: [mem 0x00000000-0x00000fff]
[    0.041382] PM: hibernation: Registered nosave memory: [mem 0x0009f000-0x0009ffff]
[    0.041906] PM: hibernation: Registered nosave memory: [mem 0x000a0000-0x000effff]
[    0.042429] PM: hibernation: Registered nosave memory: [mem 0x000f0000-0x000fffff]
[    0.042953] [mem 0x40000000-0xfeffbfff] available for PCI devices
[    0.043374] Booting paravirtualized kernel on KVM
[    0.043701] clocksource: refined-jiffies: mask: 0xffffffff max_cycles: 0xffffffff, max_idle_ns: 1910969940391419 ns
[    0.052321] setup_percpu: NR_CPUS:64 nr_cpumask_bits:32 nr_cpu_ids:32 nr_node_ids:1
[    0.054079] percpu: Embedded 70 pages/cpu s247832 r8192 d30696 u524288
[    0.054604] Kernel command line: virtme_hostname=virtme-ng nr_open=1048576 virtme_link_mods=/nipa-data/kernel/.virtme_mods/lib/modules/0.0.0 virtme_initmount0=nipa-data/kernel virtme_rw_overlay0=/etc virtme_rw_overlay1=/lib virtme_rw_overlay2=/home virtme_rw_overlay3=/opt virtme_rw_overlay4=/srv virtme_rw_overlay5=/usr virtme_rw_overlay6=/var console=hvc0 earlyprintk=serial,ttyS0,115200 virtme_console=ttyS0 psmouse.proto=exps TERM=xterm virtme_chdir=nipa-data/kernel virtme_root_user=1 rootfstype=9p rootflags=version=9p2000.L,trans=virtio,access=any raid=noautodetect ro init=/usr/lib/python3/dist-packages/virtme/guest/virtme-init
[    0.058717] Unknown kernel command line parameters "virtme_hostname=virtme-ng nr_open=1048576 virtme_link_mods=/nipa-data/kernel/.virtme_mods/lib/modules/0.0.0 virtme_initmount0=nipa-data/kernel virtme_rw_overlay0=/etc virtme_rw_overlay1=/lib virtme_rw_overlay2=/home virtme_rw_overlay3=/opt virtme_rw_overlay4=/srv virtme_rw_overlay5=/usr virtme_rw_overlay6=/var virtme_console=ttyS0 virtme_chdir=nipa-data/kernel virtme_root_user=1", will be passed to user space.
[    0.061848] random: crng init done
[    0.062092] printk: log buffer data + meta data: 262144 + 917504 = 1179648 bytes
[    0.062640] Dentry cache hash table entries: 131072 (order: 8, 1048576 bytes, linear)
[    0.063211] Inode-cache hash table entries: 65536 (order: 7, 524288 bytes, linear)
[    0.064163] Fallback order for Node 0: 0 
[    0.064167] Built 1 zonelists, mobility grouping on.  Total pages: 262014
[    0.064940] Policy zone: DMA32
[    0.065158] mem auto-init: stack:all(zero), heap alloc:off, heap free:off
[    0.065643] stackdepot: allocating hash table via alloc_large_system_hash
[    0.066135] stackdepot hash table entries: 1048576 (order: 12, 16777216 bytes, linear)
[    0.074122] SLUB: HWalign=64, Order=0-3, MinObjects=0, CPUs=32, Nodes=1
Poking KASLR using RDRAND RDTSC...
[    0.074900] ftrace: allocating 48857 entries in 191 pages
[    0.092004] ftrace: allocated 191 pages with 7 groups
[    0.093191] Dynamic Preempt: voluntary
[    0.093893] rcu: Preemptible hierarchical RCU implementation.
[    0.094301] rcu: RCU event tracing is enabled.
[    0.094622] rcu: RCU restricting CPUs from NR_CPUS=64 to nr_cpu_ids=32.
[    0.095097] Trampoline variant of Tasks RCU enabled.
[    0.095460] Rude variant of Tasks RCU enabled.
[    0.095807] Tracing variant of Tasks RCU enabled.
[    0.096148] rcu: RCU calculated value of scheduler-enlistment delay is 100 jiffies.
[    0.096695] rcu: Adjusting geometry for rcu_fanout_leaf=16, nr_cpu_ids=32
[    0.097238] RCU Tasks: Setting shift to 5 and lim to 1 rcu_task_cb_adjust=1 rcu_task_cpu_ids=32.
[    0.097863] RCU Tasks Rude: Setting shift to 5 and lim to 1 rcu_task_cb_adjust=1 rcu_task_cpu_ids=32.
[    0.098518] RCU Tasks Trace: Setting shift to 5 and lim to 1 rcu_task_cb_adjust=1 rcu_task_cpu_ids=32.
[    0.107782] NR_IRQS: 4352, nr_irqs: 680, preallocated irqs: 16
[    0.108449] rcu: srcu_init: Setting srcu_struct sizes based on contention.
[    0.109144] Console: colour *CGA 80x25
[    0.109443] ACPI: Core revision 20240827
[    0.109868] clocksource: hpet: mask: 0xffffffff max_cycles: 0xffffffff, max_idle_ns: 19112604467 ns
[    0.110577] APIC: Switch to symmetric I/O mode setup
[    0.110946] kvm-guest: APIC: send_IPI_mask() replaced with kvm_send_ipi_mask()
[    0.111465] kvm-guest: APIC: send_IPI_mask_allbutself() replaced with kvm_send_ipi_mask_allbutself()
[    0.112092] kvm-guest: setup PV IPIs
[    0.113174] ..TIMER: vector=0x30 apic1=0 pin1=2 apic2=-1 pin2=-1
[    0.113951] clocksource: tsc-early: mask: 0xffffffffffffffff max_cycles: 0x40be400eb43, max_idle_ns: 440795366972 ns
[    0.115273] Calibrating delay loop (skipped) preset value.. 8983.11 BogoMIPS (lpj=4491556)
[    0.116337] x86/cpu: User Mode Instruction Prevention (UMIP) activated
[    0.117328] Last level iTLB entries: 4KB 512, 2MB 255, 4MB 127
[    0.118272] Last level dTLB entries: 4KB 512, 2MB 255, 4MB 127, 1GB 0
[    0.119276] Spectre V1 : Mitigation: usercopy/swapgs barriers and __user pointer sanitization
[    0.120276] Spectre V2 : Mitigation: Enhanced / Automatic IBRS
[    0.121272] Spectre V2 : Spectre v2 / SpectreRSB mitigation: Filling RSB on context switch
[    0.122274] Spectre V2 : mitigation: Enabling conditional Indirect Branch Prediction Barrier
[    0.123274] Speculative Store Bypass: Mitigation: Speculative Store Bypass disabled via prctl
[    0.124272] Speculative Return Stack Overflow: IBPB-extending microcode not applied!
[    0.125272] Speculative Return Stack Overflow: WARNING: See https://kernel.org/doc/html/latest/admin-guide/hw-vuln/srso.html for mitigation options.
[    0.125273] Speculative Return Stack Overflow: Vulnerable: Safe RET, no microcode
[    0.127287] x86/fpu: Supporting XSAVE feature 0x001: 'x87 floating point registers'
[    0.128272] x86/fpu: Supporting XSAVE feature 0x002: 'SSE registers'
[    0.129272] x86/fpu: Supporting XSAVE feature 0x004: 'AVX registers'
[    0.130272] x86/fpu: Supporting XSAVE feature 0x020: 'AVX-512 opmask'
[    0.131272] x86/fpu: Supporting XSAVE feature 0x040: 'AVX-512 Hi256'
[    0.132038] x86/fpu: Supporting XSAVE feature 0x080: 'AVX-512 ZMM_Hi256'
[    0.132272] x86/fpu: Supporting XSAVE feature 0x200: 'Protection Keys User registers'
[    0.133272] x86/fpu: xstate_offset[2]:  576, xstate_sizes[2]:  256
[    0.134272] x86/fpu: xstate_offset[5]:  832, xstate_sizes[5]:   64
[    0.135272] x86/fpu: xstate_offset[6]:  896, xstate_sizes[6]:  512
[    0.136017] x86/fpu: xstate_offset[7]: 1408, xstate_sizes[7]: 1024
[    0.136272] x86/fpu: xstate_offset[9]: 2432, xstate_sizes[9]:    8
[    0.137272] x86/fpu: Enabled xstate features 0x2e7, context size is 2440 bytes, using 'compacted' format.
[    0.158597] Freeing SMP alternatives memory: 40K
[    0.159160] pid_max: default: 32768 minimum: 301
[    0.159388] Mount-cache hash table entries: 2048 (order: 2, 16384 bytes, linear)
[    0.160273] Mountpoint-cache hash table entries: 2048 (order: 2, 16384 bytes, linear)
[    0.162345] smpboot: CPU0: AMD Ryzen 9 7950X 16-Core Processor (family: 0x19, model: 0x61, stepping: 0x2)
[    0.163728] Performance Events: Fam17h+ core perfctr, AMD PMU driver.
[    0.164276] ... version:                0
[    0.164761] ... bit width:              48
[    0.165254] ... generic registers:      6
[    0.165273] ... value mask:             0000ffffffffffff
[    0.165914] ... max period:             00007fffffffffff
[    0.166273] ... fixed-purpose events:   0
[    0.166756] ... event mask:             000000000000003f
[    0.167382] signal: max sigframe size: 3376
[    0.167931] rcu: Hierarchical SRCU implementation.
[    0.168274] rcu: Max phase no-delay instances is 400.
[    0.168965] Timer migration: 2 hierarchy levels; 8 children per group; 2 crossnode level
[    0.172920] smp: Bringing up secondary CPUs ...
[    0.173449] smpboot: x86: Booting SMP configuration:
[    0.174058] .... node  #0, CPUs:        #1  #2  #3  #4  #5  #6  #7  #8  #9 #10 #11 #12 #13 #14 #15 #16 #17 #18 #19 #20 #21 #22 #23 #24 #25 #26 #27 #28 #29 #30 #31
[    0.198376] smp: Brought up 1 node, 32 CPUs
[    0.199784] smpboot: Total of 32 processors activated (287459.58 BogoMIPS)
[    0.204293] Memory: 763404K/1048056K available (45056K kernel code, 11472K rwdata, 10096K rodata, 6052K init, 1624K bss, 269012K reserved, 0K cma-reserved)
[    0.205398] devtmpfs: initialized
[    0.205840] x86/mm: Memory block size: 128MB
[    0.211990] clocksource: jiffies: mask: 0xffffffff max_cycles: 0xffffffff, max_idle_ns: 1911260446275000 ns
[    0.212278] futex hash table entries: 8192 (order: 7, 524288 bytes, linear)
[    0.213477] PM: RTC time: 06:28:40, date: 2025-01-20
[    0.214814] NET: Registered PF_NETLINK/PF_ROUTE protocol family
[    0.216086] thermal_sys: Registered thermal governor 'step_wise'
[    0.216088] thermal_sys: Registered thermal governor 'user_space'
[    0.216300] cpuidle: using governor menu
[    0.218570] PCI: Using configuration type 1 for base access
[    0.219255] PCI: Using configuration type 1 for extended access
[    0.219398] kprobes: kprobe jump-optimization is enabled. All kprobes are optimized if possible.
[    0.237365] HugeTLB: registered 1.00 GiB page size, pre-allocated 0 pages
[    0.238274] HugeTLB: 16380 KiB vmemmap can be freed for a 1.00 GiB page
[    0.239093] HugeTLB: registered 2.00 MiB page size, pre-allocated 0 pages
[    0.239273] HugeTLB: 28 KiB vmemmap can be freed for a 2.00 MiB page
[    0.240587] ACPI: Added _OSI(Module Device)
[    0.241274] ACPI: Added _OSI(Processor Device)
[    0.241817] ACPI: Added _OSI(3.0 _SCP Extensions)
[    0.242274] ACPI: Added _OSI(Processor Aggregator Device)
[    0.264776] ACPI: 1 ACPI AML tables successfully acquired and loaded
[    0.268888] ACPI: Interpreter enabled
[    0.269332] ACPI: PM: (supports S0 S3 S4 S5)
[    0.269863] ACPI: Using IOAPIC for interrupt routing
[    0.270320] PCI: Using host bridge windows from ACPI; if necessary, use "pci=nocrs" and report a bug
[    0.271273] PCI: Using E820 reservations for host bridge windows
[    0.273016] ACPI: Enabled 2 GPEs in block 00 to 0F
[    0.317549] ACPI: PCI Root Bridge [PCI0] (domain 0000 [bus 00-ff])
[    0.318287] acpi PNP0A03:00: _OSC: OS supports [ExtendedConfig ASPM ClockPM Segments MSI HPX-Type3]
[    0.319747] PCI host bridge to bus 0000:00
[    0.320311] pci_bus 0000:00: root bus resource [io  0x0000-0x0cf7 window]
[    0.321148] pci_bus 0000:00: root bus resource [io  0x0d00-0xffff window]
[    0.321276] pci_bus 0000:00: root bus resource [mem 0x000a0000-0x000bffff window]
[    0.322198] pci_bus 0000:00: root bus resource [mem 0x40000000-0xfebfffff window]
[    0.322276] pci_bus 0000:00: root bus resource [mem 0x100000000-0x17fffffff window]
[    0.323232] pci_bus 0000:00: root bus resource [bus 00-ff]
[    0.323375] pci 0000:00:00.0: [8086:1237] type 00 class 0x060000 conventional PCI endpoint
[    0.325086] pci 0000:00:01.0: [8086:7000] type 00 class 0x060100 conventional PCI endpoint
[    0.326132] pci 0000:00:01.1: [8086:7010] type 00 class 0x010180 conventional PCI endpoint
[    0.327390] pci 0000:00:01.1: BAR 4 [io  0xc0c0-0xc0cf]
[    0.328453] pci 0000:00:01.1: BAR 0 [io  0x01f0-0x01f7]: legacy IDE quirk
[    0.329274] pci 0000:00:01.1: BAR 1 [io  0x03f6]: legacy IDE quirk
[    0.330033] pci 0000:00:01.1: BAR 2 [io  0x0170-0x0177]: legacy IDE quirk
[    0.330274] pci 0000:00:01.1: BAR 3 [io  0x0376]: legacy IDE quirk
[    0.331693] pci 0000:00:01.3: [8086:7113] type 00 class 0x068000 conventional PCI endpoint
[    0.332525] pci 0000:00:01.3: quirk: [io  0x0600-0x063f] claimed by PIIX4 ACPI
[    0.333278] pci 0000:00:01.3: quirk: [io  0x0700-0x070f] claimed by PIIX4 SMB
[    0.334847] pci 0000:00:02.0: [1af4:1009] type 00 class 0x000200 conventional PCI endpoint
[    0.335715] pci 0000:00:02.0: BAR 0 [io  0xc000-0xc03f]
[    0.336645] pci 0000:00:02.0: BAR 1 [mem 0xfebfc000-0xfebfcfff]
[    0.339274] pci 0000:00:02.0: BAR 4 [mem 0xfebf0000-0xfebf3fff 64bit pref]
[    0.352134] pci 0000:00:03.0: [1af4:1009] type 00 class 0x000200 conventional PCI endpoint
[    0.352691] pci 0000:00:03.0: BAR 0 [io  0xc040-0xc07f]
[    0.353570] pci 0000:00:03.0: BAR 1 [mem 0xfebfd000-0xfebfdfff]
[    0.355274] pci 0000:00:03.0: BAR 4 [mem 0xfebf4000-0xfebf7fff 64bit pref]
[    0.367236] pci 0000:00:04.0: [8086:25ab] type 00 class 0x088000 conventional PCI endpoint
[    0.367452] pci 0000:00:04.0: BAR 0 [mem 0xfebfe000-0xfebfe00f]
[    0.379576] pci 0000:00:05.0: [1af4:1003] type 00 class 0x078000 conventional PCI endpoint
[    0.380649] pci 0000:00:05.0: BAR 0 [io  0xc080-0xc0bf]
[    0.381566] pci 0000:00:05.0: BAR 1 [mem 0xfebff000-0xfebfffff]
[    0.383444] pci 0000:00:05.0: BAR 4 [mem 0xfebf8000-0xfebfbfff 64bit pref]
[    0.397514] ACPI: PCI: Interrupt link LNKA configured for IRQ 10
[    0.399152] ACPI: PCI: Interrupt link LNKB configured for IRQ 10
[    0.400139] ACPI: PCI: Interrupt link LNKC configured for IRQ 11
[    0.401144] ACPI: PCI: Interrupt link LNKD configured for IRQ 11
[    0.401634] ACPI: PCI: Interrupt link LNKS configured for IRQ 9
[    0.419548] iommu: Default domain type: Translated
[    0.420150] iommu: DMA domain TLB invalidation policy: lazy mode
[    0.420707] SCSI subsystem initialized
[    0.421480] pps_core: LinuxPPS API ver. 1 registered
[    0.422096] pps_core: Software ver. 5.3.6 - Copyright 2005-2007 Rodolfo Giometti <giometti@linux.it>
[    0.422288] PTP clock support registered
[    0.422850] Advanced Linux Sound Architecture Driver Initialized.
[    0.424364] NET: Registered PF_ATMPVC protocol family
[    0.424994] NET: Registered PF_ATMSVC protocol family
[    0.425308] PCI: Using ACPI for IRQ routing
[    0.425970] vgaarb: loaded
[    0.426387] hpet0: at MMIO 0xfed00000, IRQs 2, 8, 0
[    0.426996] hpet0: 3 comparators, 64-bit 100.000000 MHz counter
[    0.430479] clocksource: Switched to clocksource kvm-clock
[    0.431489] VFS: Disk quotas dquot_6.6.0
[    0.431983] VFS: Dquot-cache hash table entries: 512 (order 0, 4096 bytes)
[    0.433495] pnp: PnP ACPI init
[    0.436084] pnp: PnP ACPI: found 5 devices
[    0.447665] clocksource: acpi_pm: mask: 0xffffff max_cycles: 0xffffff, max_idle_ns: 2085701024 ns
[    0.448822] NET: Registered PF_INET protocol family
[    0.449465] IP idents hash table entries: 16384 (order: 5, 131072 bytes, linear)
[    0.450729] tcp_listen_portaddr_hash hash table entries: 512 (order: 1, 8192 bytes, linear)
[    0.451765] Table-perturb hash table entries: 65536 (order: 6, 262144 bytes, linear)
[    0.452731] TCP established hash table entries: 8192 (order: 4, 65536 bytes, linear)
[    0.453696] TCP bind hash table entries: 8192 (order: 6, 262144 bytes, linear)
[    0.454618] TCP: Hash tables configured (established 8192 bind 8192)
[    0.455561] UDP hash table entries: 512 (order: 3, 32768 bytes, linear)
[    0.456383] UDP-Lite hash table entries: 512 (order: 3, 32768 bytes, linear)
[    0.457456] NET: Registered PF_UNIX/PF_LOCAL protocol family
[    0.458165] pci_bus 0000:00: resource 4 [io  0x0000-0x0cf7 window]
[    0.458924] pci_bus 0000:00: resource 5 [io  0x0d00-0xffff window]
[    0.459682] pci_bus 0000:00: resource 6 [mem 0x000a0000-0x000bffff window]
[    0.460523] pci_bus 0000:00: resource 7 [mem 0x40000000-0xfebfffff window]
[    0.461367] pci_bus 0000:00: resource 8 [mem 0x100000000-0x17fffffff window]
[    0.462416] pci 0000:00:01.0: PIIX3: Enabling Passive Release
[    0.463120] pci 0000:00:00.0: Limiting direct PCI/PCI transfers
[    0.463883] PCI: CLS 0 bytes, default 64
[    0.464443] kvm_intel: VMX not supported by CPU 0
[    0.465039] kvm_amd: TSC scaling supported
[    0.465550] kvm_amd: Nested Virtualization enabled
[    0.466132] kvm_amd: Nested Paging enabled
[    0.466638] kvm_amd: LBR virtualization supported
[    0.467220] kvm_amd: Virtual GIF supported
[    0.467724] kvm_amd: Virtual NMI enabled
[    0.499001] clocksource: tsc: mask: 0xffffffffffffffff max_cycles: 0x40be400eb43, max_idle_ns: 440795366972 ns
[    0.518116] Initialise system trusted keyrings
[    0.518850] workingset: timestamp_bits=56 max_order=18 bucket_order=0
[    0.519753] squashfs: version 4.0 (2009/01/31) Phillip Lougher
[    0.520489] fuse: init (API version 7.41)
[    0.521111] 9p: Installing v9fs 9p2000 file system support
[    0.530763] Key type asymmetric registered
[    0.531274] Asymmetric key parser 'x509' registered
[    0.531937] Block layer SCSI generic (bsg) driver version 0.4 loaded (major 249)
[    0.532890] io scheduler mq-deadline registered
[    0.533454] io scheduler kyber registered
[    0.536065] input: Power Button as /devices/LNXSYSTM:00/LNXPWRBN:00/input/input0
[    0.537177] ACPI: button: Power Button [PWRF]
[    0.539018] Warning: Processor Platform Limit event detected, but not handled.
[    0.539916] Consider compiling CPUfreq support into your kernel.
[    1.326725] ACPI: \_SB_.LNKB: Enabled at IRQ 10
[    2.106570] ACPI: \_SB_.LNKC: Enabled at IRQ 11
[    2.885737] ACPI: \_SB_.LNKA: Enabled at IRQ 10
[    2.887053] Serial: 8250/16550 driver, 4 ports, IRQ sharing enabled
[    2.888150] 00:03: ttyS0 at I/O 0x3f8 (irq = 4, base_baud = 115200) is a 16550A
[    2.910734] Non-volatile memory driver v1.3
[    2.911260] Linux agpgart interface v0.103
[    2.911953] ACPI: bus type drm_connector registered
[    2.912579] printk: legacy console [hvc0] enabled
[    2.913189] printk: legacy bootconsole [earlyser0] disabled
          _      _                                    
   __   _(_)_ __| |_ _ __ ___   ___       _ __   __ _ 
   \ \ / / |  __| __|  _   _ \ / _ \_____|  _ \ / _  |
    \ V /| | |  | |_| | | | | |  __/_____| | | | (_| |
     \_/ |_|_|   \__|_| |_| |_|\___|     |_| |_|\__  |
                                                |___/ 
   kernel version: 6.13.0-rc7-virtme x86_64
   (CTRL+d to exit)

root@virtme-ng:/nipa-data/kernel# PS1='xx__-> '
xx__-> env
PWD=/nipa-data/kernel
nr_open=1048576
HOME=/
TERM=xterm
SHLVL=2
XDG_RUNTIME_DIR=/run/user/0
PATH=/bin:/sbin:/usr/bin:/usr/sbin:/usr/local/bin
OLDPWD=/
_=/bin/env
xx__-> 