No EFI environment detected.
early console in extract_kernel
input_data: 0x0000000004ab72b9
input_len: 0x000000000182c5f9
output: 0x0000000001000000
output_len: 0x000000000526ff80
kernel_total_size: 0x0000000004e30000
needed_size: 0x0000000005400000
trampoline_32bit: 0x0000000000000000
Physical KASLR using RDRAND RDTSC...
Virtual KASLR using RDRAND RDTSC...

Decompressing Linux... Parsing ELF... Performing relocations... done.
Booting the kernel (entry_offset: 0x0000000000000000).
[    0.000000] Linux version 6.9.0-rc7-virtme (root@990407beed23) (gcc (Alpine 13.2.1_git20240309) 13.2.1 20240309, GNU ld (GNU Binutils) 2.42) #1 SMP PREEMPT_DYNAMIC Sat May 11 12:26:39 UTC 2024
[    0.000000] Command line: virtme_hostname=virtme-ng nr_open=1048576 virtme_link_mods=/nipa-data/kernel/.virtme_mods/lib/modules/0.0.0 virtme_initmount0=nipa-data/kernel virtme_rw_overlay0=/etc virtme_rw_overlay1=/lib virtme_rw_overlay2=/home virtme_rw_overlay3=/opt virtme_rw_overlay4=/srv virtme_rw_overlay5=/usr virtme_rw_overlay6=/var console=hvc0 earlyprintk=serial,ttyS0,115200 virtme_console=ttyS0 psmouse.proto=exps TERM=xterm virtme_chdir=nipa-data/kernel virtme_root_user=1 rootfstype=9p rootflags=version=9p2000.L,trans=virtio,access=any raid=noautodetect ro init=/usr/lib/python3.12/site-packages/virtme/guest/virtme-init
[    0.000000] BIOS-provided physical RAM map:
[    0.000000] BIOS-e820: [mem 0x0000000000000000-0x000000000009fbff] usable
[    0.000000] BIOS-e820: [mem 0x000000000009fc00-0x000000000009ffff] reserved
[    0.000000] BIOS-e820: [mem 0x00000000000f0000-0x00000000000fffff] reserved
[    0.000000] BIOS-e820: [mem 0x0000000000100000-0x000000003ffdffff] usable
[    0.000000] BIOS-e820: [mem 0x000000003ffe0000-0x000000003fffffff] reserved
[    0.000000] BIOS-e820: [mem 0x00000000feffc000-0x00000000feffffff] reserved
[    0.000000] BIOS-e820: [mem 0x00000000fffc0000-0x00000000ffffffff] reserved
[    0.000000] BIOS-e820: [mem 0x000000fd00000000-0x000000ffffffffff] reserved
[    0.000000] printk: legacy bootconsole [earlyser0] enabled
[    0.000000] NX (Execute Disable) protection: active
[    0.000000] APIC: Static calls initialized
[    0.000000] SMBIOS 2.8 present.
[    0.000000] DMI: QEMU Standard PC (i440FX + PIIX, 1996), BIOS rel-1.16.3-0-ga6ed6b701f0a-prebuilt.qemu.org 04/01/2014
[    0.000000] Hypervisor detected: KVM
[    0.000000] kvm-clock: Using msrs 4b564d01 and 4b564d00
[    0.000000] kvm-clock: using sched offset of 337203256 cycles
[    0.000395] clocksource: kvm-clock: mask: 0xffffffffffffffff max_cycles: 0x1cd42e4dffb, max_idle_ns: 881590591483 ns
[    0.001623] tsc: Detected 4491.556 MHz processor
[    0.002329] last_pfn = 0x3ffe0 max_arch_pfn = 0x400000000
[    0.002762] MTRR map: 4 entries (3 fixed + 1 variable; max 19), built from 8 variable MTRRs
[    0.003392] x86/PAT: Configuration [0-7]: WB  WC  UC- UC  WB  WP  UC- WT  
[    0.005465] found SMP MP-table at [mem 0x000f5470-0x000f547f]
[    0.005906] Using GB pages for direct mapping
[    0.006484] ACPI: Early table checksum verification disabled
[    0.006913] ACPI: RSDP 0x00000000000F5290 000014 (v00 BOCHS )
[    0.007349] ACPI: RSDT 0x000000003FFE27BC 000034 (v01 BOCHS  BXPC     00000001 BXPC 00000001)
[    0.007999] ACPI: FACP 0x000000003FFE2578 000074 (v01 BOCHS  BXPC     00000001 BXPC 00000001)
[    0.008648] ACPI: DSDT 0x000000003FFE0040 002538 (v01 BOCHS  BXPC     00000001 BXPC 00000001)
[    0.009294] ACPI: FACS 0x000000003FFE0000 000040
[    0.009647] ACPI: APIC 0x000000003FFE25EC 000170 (v03 BOCHS  BXPC     00000001 BXPC 00000001)
[    0.010291] ACPI: HPET 0x000000003FFE275C 000038 (v01 BOCHS  BXPC     00000001 BXPC 00000001)
[    0.010935] ACPI: WAET 0x000000003FFE2794 000028 (v01 BOCHS  BXPC     00000001 BXPC 00000001)
[    0.011580] ACPI: Reserving FACP table memory at [mem 0x3ffe2578-0x3ffe25eb]
[    0.012112] ACPI: Reserving DSDT table memory at [mem 0x3ffe0040-0x3ffe2577]
[    0.012643] ACPI: Reserving FACS table memory at [mem 0x3ffe0000-0x3ffe003f]
[    0.013174] ACPI: Reserving APIC table memory at [mem 0x3ffe25ec-0x3ffe275b]
[    0.013709] ACPI: Reserving HPET table memory at [mem 0x3ffe275c-0x3ffe2793]
[    0.014240] ACPI: Reserving WAET table memory at [mem 0x3ffe2794-0x3ffe27bb]
[    0.014980] No NUMA configuration found
[    0.015269] Faking a node at [mem 0x0000000000000000-0x000000003ffdffff]
[    0.015774] NODE_DATA(0) allocated [mem 0x3ffdb000-0x3ffdffff]
[    0.016231] Zone ranges:
[    0.016422]   DMA      [mem 0x0000000000001000-0x0000000000ffffff]
[    0.016888]   DMA32    [mem 0x0000000001000000-0x000000003ffdffff]
[    0.017357]   Normal   empty
[    0.017575]   Device   empty
[    0.017793] Movable zone start for each node
[    0.018115] Early memory node ranges
[    0.018385]   node   0: [mem 0x0000000000001000-0x000000000009efff]
[    0.018859]   node   0: [mem 0x0000000000100000-0x000000003ffdffff]
[    0.019332] Initmem setup node 0 [mem 0x0000000000001000-0x000000003ffdffff]
[    0.019869] On node 0, zone DMA: 1 pages in unavailable ranges
[    0.020367] On node 0, zone DMA: 97 pages in unavailable ranges
[    0.025035] On node 0, zone DMA32: 32 pages in unavailable ranges
[    0.034536] kasan: KernelAddressSanitizer initialized
[    0.035154] ACPI: PM-Timer IO Port: 0x608
[    0.035466] ACPI: LAPIC_NMI (acpi_id[0xff] dfl dfl lint[0x1])
[    0.035922] IOAPIC[0]: apic_id 0, version 17, address 0xfec00000, GSI 0-23
[    0.036442] ACPI: INT_SRC_OVR (bus 0 bus_irq 0 global_irq 2 dfl dfl)
[    0.036921] ACPI: INT_SRC_OVR (bus 0 bus_irq 5 global_irq 5 high level)
[    0.037429] ACPI: INT_SRC_OVR (bus 0 bus_irq 9 global_irq 9 high level)
[    0.037928] ACPI: INT_SRC_OVR (bus 0 bus_irq 10 global_irq 10 high level)
[    0.038440] ACPI: INT_SRC_OVR (bus 0 bus_irq 11 global_irq 11 high level)
[    0.038954] ACPI: Using ACPI (MADT) for SMP configuration information
[    0.039439] ACPI: HPET id: 0x8086a201 base: 0xfed00000
[    0.039828] TSC deadline timer available
[    0.040127] CPU topo: Max. logical packages:   1
[    0.040488] CPU topo: Max. logical dies:       1
[    0.040835] CPU topo: Max. dies per package:   1
[    0.041185] CPU topo: Max. threads per core:   1
[    0.041535] CPU topo: Num. cores per package:    32
[    0.041906] CPU topo: Num. threads per package:  32
[    0.042275] CPU topo: Allowing 32 present CPUs plus 0 hotplug CPUs
[    0.042759] kvm-guest: APIC: eoi() replaced with kvm_guest_apic_eoi_write()
[    0.043297] kvm-guest: KVM setup pv remote TLB flush
[    0.043675] kvm-guest: setup PV sched yield
[    0.043998] PM: hibernation: Registered nosave memory: [mem 0x00000000-0x00000fff]
[    0.044569] PM: hibernation: Registered nosave memory: [mem 0x0009f000-0x0009ffff]
[    0.045140] PM: hibernation: Registered nosave memory: [mem 0x000a0000-0x000effff]
[    0.045714] PM: hibernation: Registered nosave memory: [mem 0x000f0000-0x000fffff]
[    0.046287] [mem 0x40000000-0xfeffbfff] available for PCI devices
[    0.046747] Booting paravirtualized kernel on KVM
[    0.047107] clocksource: refined-jiffies: mask: 0xffffffff max_cycles: 0xffffffff, max_idle_ns: 1910969940391419 ns
[    0.056020] setup_percpu: NR_CPUS:64 nr_cpumask_bits:32 nr_cpu_ids:32 nr_node_ids:1
[    0.057867] percpu: Embedded 70 pages/cpu s248616 r8192 d29912 u524288
[    0.058427] Kernel command line: virtme_hostname=virtme-ng nr_open=1048576 virtme_link_mods=/nipa-data/kernel/.virtme_mods/lib/modules/0.0.0 virtme_initmount0=nipa-data/kernel virtme_rw_overlay0=/etc virtme_rw_overlay1=/lib virtme_rw_overlay2=/home virtme_rw_overlay3=/opt virtme_rw_overlay4=/srv virtme_rw_overlay5=/usr virtme_rw_overlay6=/var console=hvc0 earlyprintk=serial,ttyS0,115200 virtme_console=ttyS0 psmouse.proto=exps TERM=xterm virtme_chdir=nipa-data/kernel virtme_root_user=1 rootfstype=9p rootflags=version=9p2000.L,trans=virtio,access=any raid=noautodetect ro init=/usr/lib/python3.12/site-packages/virtme/guest/virtme-init
[    0.062913] Unknown kernel command line parameters "virtme_hostname=virtme-ng nr_open=1048576 virtme_link_mods=/nipa-data/kernel/.virtme_mods/lib/modules/0.0.0 virtme_initmount0=nipa-data/kernel virtme_rw_overlay0=/etc virtme_rw_overlay1=/lib virtme_rw_overlay2=/home virtme_rw_overlay3=/opt virtme_rw_overlay4=/srv virtme_rw_overlay5=/usr virtme_rw_overlay6=/var virtme_console=ttyS0 virtme_chdir=nipa-data/kernel virtme_root_user=1", will be passed to user space.
[    0.066283] random: crng init done
[    0.066663] Dentry cache hash table entries: 131072 (order: 8, 1048576 bytes, linear)
[    0.067287] Inode-cache hash table entries: 65536 (order: 7, 524288 bytes, linear)
[    0.068328] Fallback order for Node 0: 0 
[    0.068332] Built 1 zonelists, mobility grouping on.  Total pages: 257760
[    0.069174] Policy zone: DMA32
[    0.069415] mem auto-init: stack:all(zero), heap alloc:off, heap free:off
[    0.069941] stackdepot: allocating hash table via alloc_large_system_hash
[    0.070469] stackdepot hash table entries: 1048576 (order: 12, 16777216 bytes, linear)
[    0.078568] Memory: 781028K/1048056K available (43008K kernel code, 11139K rwdata, 9756K rodata, 5848K init, 2368K bss, 266772K reserved, 0K cma-reserved)
[    0.079820] SLUB: HWalign=64, Order=0-3, MinObjects=0, CPUs=32, Nodes=1
Poking KASLR using RDRAND RDTSC...
[    0.080629] ftrace: allocating 47769 entries in 187 pages
[    0.089565] ftrace: allocated 187 pages with 6 groups
[    0.090822] Dynamic Preempt: voluntary
[    0.091593] rcu: Preemptible hierarchical RCU implementation.
[    0.092042] rcu: RCU event tracing is enabled.
[    0.092395] rcu: RCU restricting CPUs from NR_CPUS=64 to nr_cpu_ids=32.
[    0.092918] Trampoline variant of Tasks RCU enabled.
[    0.093309] Rude variant of Tasks RCU enabled.
[    0.093663] Tracing variant of Tasks RCU enabled.
[    0.094033] rcu: RCU calculated value of scheduler-enlistment delay is 100 jiffies.
[    0.094625] rcu: Adjusting geometry for rcu_fanout_leaf=16, nr_cpu_ids=32
[    0.095186] RCU Tasks: Setting shift to 5 and lim to 1 rcu_task_cb_adjust=1.
[    0.095734] RCU Tasks Rude: Setting shift to 5 and lim to 1 rcu_task_cb_adjust=1.
[    0.096316] RCU Tasks Trace: Setting shift to 5 and lim to 1 rcu_task_cb_adjust=1.
[    0.105173] NR_IRQS: 4352, nr_irqs: 680, preallocated irqs: 16
[    0.105953] rcu: srcu_init: Setting srcu_struct sizes based on contention.
[    0.106707] Console: colour *CGA 80x25
[    0.107022] ACPI: Core revision 20230628
[    0.107489] clocksource: hpet: mask: 0xffffffff max_cycles: 0xffffffff, max_idle_ns: 19112604467 ns
[    0.108263] APIC: Switch to symmetric I/O mode setup
[    0.108654] APIC: Switched APIC routing to: physical flat
[    0.109075] kvm-guest: APIC: send_IPI_mask() replaced with kvm_send_ipi_mask()
[    0.109627] kvm-guest: APIC: send_IPI_mask_allbutself() replaced with kvm_send_ipi_mask_allbutself()
[    0.110333] kvm-guest: setup PV IPIs
[    0.111491] ..TIMER: vector=0x30 apic1=0 pin1=2 apic2=-1 pin2=-1
[    0.112322] tsc: Marking TSC unstable due to TSCs unsynchronized
[    0.113125] Calibrating delay loop (skipped) preset value.. 8983.11 BogoMIPS (lpj=4491556)
[    0.115185] x86/cpu: User Mode Instruction Prevention (UMIP) activated
[    0.116131] Last level iTLB entries: 4KB 512, 2MB 255, 4MB 127
[    0.116908] Last level dTLB entries: 4KB 512, 2MB 255, 4MB 127, 1GB 0
[    0.117128] Spectre V1 : Mitigation: usercopy/swapgs barriers and __user pointer sanitization
[    0.118128] Spectre V2 : Mitigation: Enhanced / Automatic IBRS
[    0.119123] Spectre V2 : Spectre v2 / SpectreRSB mitigation: Filling RSB on context switch
[    0.120125] Spectre V2 : mitigation: Enabling conditional Indirect Branch Prediction Barrier
[    0.121125] Speculative Store Bypass: Mitigation: Speculative Store Bypass disabled via prctl
[    0.122123] Speculative Return Stack Overflow: IBPB-extending microcode not applied!
[    0.123123] Speculative Return Stack Overflow: WARNING: See https://kernel.org/doc/html/latest/admin-guide/hw-vuln/srso.html for mitigation options.
[    0.123125] Speculative Return Stack Overflow: Vulnerable: Safe RET, no microcode
[    0.125139] x86/fpu: Supporting XSAVE feature 0x001: 'x87 floating point registers'
[    0.126123] x86/fpu: Supporting XSAVE feature 0x002: 'SSE registers'
[    0.127123] x86/fpu: Supporting XSAVE feature 0x004: 'AVX registers'
[    0.128123] x86/fpu: Supporting XSAVE feature 0x020: 'AVX-512 opmask'
[    0.129123] x86/fpu: Supporting XSAVE feature 0x040: 'AVX-512 Hi256'
[    0.130123] x86/fpu: Supporting XSAVE feature 0x080: 'AVX-512 ZMM_Hi256'
[    0.131123] x86/fpu: Supporting XSAVE feature 0x200: 'Protection Keys User registers'
[    0.132124] x86/fpu: xstate_offset[2]:  576, xstate_sizes[2]:  256
[    0.133123] x86/fpu: xstate_offset[5]:  832, xstate_sizes[5]:   64
[    0.133933] x86/fpu: xstate_offset[6]:  896, xstate_sizes[6]:  512
[    0.134123] x86/fpu: xstate_offset[7]: 1408, xstate_sizes[7]: 1024
[    0.135123] x86/fpu: xstate_offset[9]: 2432, xstate_sizes[9]:    8
[    0.136123] x86/fpu: Enabled xstate features 0x2e7, context size is 2440 bytes, using 'compacted' format.
[    0.158896] Freeing SMP alternatives memory: 40K
[    0.159124] pid_max: default: 32768 minimum: 301
[    0.160269] Mount-cache hash table entries: 2048 (order: 2, 16384 bytes, linear)
[    0.161125] Mountpoint-cache hash table entries: 2048 (order: 2, 16384 bytes, linear)
[    0.162787] smpboot: CPU0: AMD Ryzen 9 7950X 16-Core Processor (family: 0x19, model: 0x61, stepping: 0x2)
[    0.163590] Performance Events: Fam17h+ core perfctr, AMD PMU driver.
[    0.164128] ... version:                0
[    0.164654] ... bit width:              48
[    0.165125] ... generic registers:      6
[    0.165651] ... value mask:             0000ffffffffffff
[    0.166125] ... max period:             00007fffffffffff
[    0.166820] ... fixed-purpose events:   0
[    0.167125] ... event mask:             000000000000003f
[    0.167944] signal: max sigframe size: 3376
[    0.168173] rcu: Hierarchical SRCU implementation.
[    0.168800] rcu: Max phase no-delay instances is 400.
[    0.173327] smp: Bringing up secondary CPUs ...
[    0.174110] smpboot: x86: Booting SMP configuration:
[    0.174127] .... node  #0, CPUs:        #1  #2  #3  #4  #5  #6  #7  #8  #9 #10 #11 #12 #13 #14 #15 #16 #17 #18 #19 #20 #21 #22 #23 #24 #25 #26 #27 #28 #29 #30 #31
[    0.201304] smp: Brought up 1 node, 32 CPUs
[    0.202844] smpboot: Total of 32 processors activated (287459.58 BogoMIPS)
[    0.208475] devtmpfs: initialized
[    0.209369] x86/mm: Memory block size: 128MB
[    0.218712] clocksource: jiffies: mask: 0xffffffff max_cycles: 0xffffffff, max_idle_ns: 1911260446275000 ns
[    0.219132] futex hash table entries: 8192 (order: 7, 524288 bytes, linear)
[    0.220568] PM: RTC time: 12:27:14, date: 2024-05-11
[    0.222110] NET: Registered PF_NETLINK/PF_ROUTE protocol family
[    0.223377] thermal_sys: Registered thermal governor 'step_wise'
[    0.223380] thermal_sys: Registered thermal governor 'user_space'
[    0.224165] cpuidle: using governor menu
[    0.227625] PCI: Using configuration type 1 for base access
[    0.228126] PCI: Using configuration type 1 for extended access
[    0.229303] kprobes: kprobe jump-optimization is enabled. All kprobes are optimized if possible.
[    0.237339] HugeTLB: registered 1.00 GiB page size, pre-allocated 0 pages
[    0.238126] HugeTLB: 16380 KiB vmemmap can be freed for a 1.00 GiB page
[    0.239126] HugeTLB: registered 2.00 MiB page size, pre-allocated 0 pages
[    0.240125] HugeTLB: 28 KiB vmemmap can be freed for a 2.00 MiB page
[    0.246933] Demotion targets for Node 0: null
[    0.247580] ACPI: Added _OSI(Module Device)
[    0.249127] ACPI: Added _OSI(Processor Device)
[    0.249863] ACPI: Added _OSI(3.0 _SCP Extensions)
[    0.250126] ACPI: Added _OSI(Processor Aggregator Device)
[    0.283911] ACPI: 1 ACPI AML tables successfully acquired and loaded
[    0.287313] ACPI: _OSC evaluation for CPUs failed, trying _PDC
[    0.290540] ACPI: Interpreter enabled
[    0.291103] ACPI: PM: (supports S0 S3 S4 S5)
[    0.291126] ACPI: Using IOAPIC for interrupt routing
[    0.291844] PCI: Using host bridge windows from ACPI; if necessary, use "pci=nocrs" and report a bug
[    0.293126] PCI: Using E820 reservations for host bridge windows
[    0.295022] ACPI: Enabled 2 GPEs in block 00 to 0F
[    0.355477] ACPI: PCI Root Bridge [PCI0] (domain 0000 [bus 00-ff])
[    0.356145] acpi PNP0A03:00: _OSC: OS supports [ExtendedConfig ASPM ClockPM Segments MSI HPX-Type3]
[    0.358819] PCI host bridge to bus 0000:00
[    0.359130] pci_bus 0000:00: root bus resource [io  0x0000-0x0cf7 window]
[    0.360130] pci_bus 0000:00: root bus resource [io  0x0d00-0xffff window]
[    0.361129] pci_bus 0000:00: root bus resource [mem 0x000a0000-0x000bffff window]
[    0.362129] pci_bus 0000:00: root bus resource [mem 0x40000000-0xfebfffff window]
[    0.364129] pci_bus 0000:00: root bus resource [mem 0x100000000-0x17fffffff window]
[    0.365130] pci_bus 0000:00: root bus resource [bus 00-ff]
[    0.366255] pci 0000:00:00.0: [8086:1237] type 00 class 0x060000 conventional PCI endpoint
[    0.369294] pci 0000:00:01.0: [8086:7000] type 00 class 0x060100 conventional PCI endpoint
[    0.371363] pci 0000:00:01.1: [8086:7010] type 00 class 0x010180 conventional PCI endpoint
[    0.376514] pci 0000:00:01.1: BAR 4 [io  0xc0c0-0xc0cf]
[    0.378542] pci 0000:00:01.1: BAR 0 [io  0x01f0-0x01f7]: legacy IDE quirk
[    0.380127] pci 0000:00:01.1: BAR 1 [io  0x03f6]: legacy IDE quirk
[    0.381126] pci 0000:00:01.1: BAR 2 [io  0x0170-0x0177]: legacy IDE quirk
[    0.382126] pci 0000:00:01.1: BAR 3 [io  0x0376]: legacy IDE quirk
[    0.385088] pci 0000:00:01.3: [8086:7113] type 00 class 0x068000 conventional PCI endpoint
[    0.387471] pci 0000:00:01.3: quirk: [io  0x0600-0x063f] claimed by PIIX4 ACPI
[    0.388131] pci 0000:00:01.3: quirk: [io  0x0700-0x070f] claimed by PIIX4 SMB
[    0.389972] pci 0000:00:02.0: [1af4:1009] type 00 class 0x000200 conventional PCI endpoint
[    0.392126] pci 0000:00:02.0: BAR 0 [io  0xc000-0xc03f]
[    0.394974] pci 0000:00:02.0: BAR 1 [mem 0xfebfc000-0xfebfcfff]
[    0.400126] pci 0000:00:02.0: BAR 4 [mem 0xfebf0000-0xfebf3fff 64bit pref]
[    0.415799] pci 0000:00:03.0: [1af4:1009] type 00 class 0x000200 conventional PCI endpoint
[    0.418126] pci 0000:00:03.0: BAR 0 [io  0xc040-0xc07f]
[    0.419868] pci 0000:00:03.0: BAR 1 [mem 0xfebfd000-0xfebfdfff]
[    0.425126] pci 0000:00:03.0: BAR 4 [mem 0xfebf4000-0xfebf7fff 64bit pref]
[    0.441032] pci 0000:00:04.0: [8086:25ab] type 00 class 0x088000 conventional PCI endpoint
[    0.442582] pci 0000:00:04.0: BAR 0 [mem 0xfebfe000-0xfebfe00f]
[    0.462812] pci 0000:00:05.0: [1af4:1003] type 00 class 0x078000 conventional PCI endpoint
[    0.467127] pci 0000:00:05.0: BAR 0 [io  0xc080-0xc0bf]
[    0.470127] pci 0000:00:05.0: BAR 1 [mem 0xfebff000-0xfebfffff]
[    0.478126] pci 0000:00:05.0: BAR 4 [mem 0xfebf8000-0xfebfbfff 64bit pref]
[    0.498352] ACPI: PCI: Interrupt link LNKA configured for IRQ 10
[    0.500116] ACPI: PCI: Interrupt link LNKB configured for IRQ 10
[    0.502092] ACPI: PCI: Interrupt link LNKC configured for IRQ 11
[    0.504083] ACPI: PCI: Interrupt link LNKD configured for IRQ 11
[    0.504530] ACPI: PCI: Interrupt link LNKS configured for IRQ 9
[    0.525539] iommu: Default domain type: Translated
[    0.526125] iommu: DMA domain TLB invalidation policy: lazy mode
[    0.527426] SCSI subsystem initialized
[    0.528335] pps_core: LinuxPPS API ver. 1 registered
[    0.529009] pps_core: Software ver. 5.3.6 - Copyright 2005-2007 Rodolfo Giometti <giometti@linux.it>
[    0.530142] PTP clock support registered
[    0.531257] Advanced Linux Sound Architecture Driver Initialized.
[    0.533425] NET: Registered PF_ATMPVC protocol family
[    0.534098] NET: Registered PF_ATMSVC protocol family
[    0.534152] PCI: Using ACPI for IRQ routing
[    0.535175] vgaarb: loaded
[    0.536265] hpet0: at MMIO 0xfed00000, IRQs 2, 8, 0
[    0.536921] hpet0: 3 comparators, 64-bit 100.000000 MHz counter
[    0.544543] clocksource: Switched to clocksource kvm-clock
[    0.545893] VFS: Disk quotas dquot_6.6.0
[    0.546562] VFS: Dquot-cache hash table entries: 512 (order 0, 4096 bytes)
[    0.547690] pnp: PnP ACPI init
[    0.550580] pnp: PnP ACPI: found 5 devices
[    0.563344] clocksource: acpi_pm: mask: 0xffffff max_cycles: 0xffffff, max_idle_ns: 2085701024 ns
[    0.564667] NET: Registered PF_INET protocol family
[    0.565354] IP idents hash table entries: 16384 (order: 5, 131072 bytes, linear)
[    0.566738] tcp_listen_portaddr_hash hash table entries: 512 (order: 1, 8192 bytes, linear)
[    0.567850] Table-perturb hash table entries: 65536 (order: 6, 262144 bytes, linear)
[    0.568888] TCP established hash table entries: 8192 (order: 4, 65536 bytes, linear)
[    0.569907] TCP bind hash table entries: 8192 (order: 6, 262144 bytes, linear)
[    0.570862] TCP: Hash tables configured (established 8192 bind 8192)
[    0.571870] UDP hash table entries: 512 (order: 2, 16384 bytes, linear)
[    0.572804] UDP-Lite hash table entries: 512 (order: 2, 16384 bytes, linear)
[    0.574001] NET: Registered PF_UNIX/PF_LOCAL protocol family
[    0.574770] pci_bus 0000:00: resource 4 [io  0x0000-0x0cf7 window]
[    0.575578] pci_bus 0000:00: resource 5 [io  0x0d00-0xffff window]
[    0.576392] pci_bus 0000:00: resource 6 [mem 0x000a0000-0x000bffff window]
[    0.577291] pci_bus 0000:00: resource 7 [mem 0x40000000-0xfebfffff window]
[    0.578193] pci_bus 0000:00: resource 8 [mem 0x100000000-0x17fffffff window]
[    0.579326] pci 0000:00:01.0: PIIX3: Enabling Passive Release
[    0.580088] pci 0000:00:00.0: Limiting direct PCI/PCI transfers
[    0.580906] PCI: CLS 0 bytes, default 64
[    0.581477] kvm_intel: VMX not supported by CPU 26
[    0.582139] kvm_amd: TSC scaling supported
[    0.582679] kvm_amd: Nested Virtualization enabled
[    0.583300] kvm_amd: Nested Paging enabled
[    0.583865] kvm_amd: Virtual VMLOAD VMSAVE supported
[    0.584513] kvm_amd: Virtual GIF supported
[    0.585051] kvm_amd: Virtual NMI enabled
[    0.585562] kvm_amd: LBR virtualization supported
[    0.704495] Initialise system trusted keyrings
[    0.705447] workingset: timestamp_bits=56 max_order=18 bucket_order=0
[    0.706710] squashfs: version 4.0 (2009/01/31) Phillip Lougher
[    0.707734] fuse: init (API version 7.40)
[    0.708609] 9p: Installing v9fs 9p2000 file system support
[    0.720196] Key type asymmetric registered
[    0.720772] Asymmetric key parser 'x509' registered
[    0.721512] Block layer SCSI generic (bsg) driver version 0.4 loaded (major 249)
[    0.722556] io scheduler mq-deadline registered
[    0.723181] io scheduler kyber registered
[    0.725373] input: Power Button as /devices/LNXSYSTM:00/LNXPWRBN:00/input/input0
[    0.726642] ACPI: button: Power Button [PWRF]
[    0.727356] Warning: Processor Platform Limit event detected, but not handled.
[    0.728348] Consider compiling CPUfreq support into your kernel.
[    1.707913] ACPI: \_SB_.LNKB: Enabled at IRQ 10
[    2.632869] ACPI: \_SB_.LNKC: Enabled at IRQ 11
[    3.577613] ACPI: \_SB_.LNKA: Enabled at IRQ 10
[    3.579234] Serial: 8250/16550 driver, 4 ports, IRQ sharing enabled
[    3.580445] 00:03: ttyS0 at I/O 0x3f8 (irq = 4, base_baud = 115200) is a 16550A
[    3.610548] Non-volatile memory driver v1.3
[    3.611176] Linux agpgart interface v0.103
[    3.611935] printk: legacy console [hvc0] enabled
[    3.612073] ACPI: bus type drm_connector registered
          _      _                                    
   __   _(_)_ __| |_ _ __ ___   ___       _ __   __ _ 
   \ \ / / |  __| __|  _   _ \ / _ \_____|  _ \ / _  |
    \ V /| | |  | |_| | | | | |  __/_____| | | | (_| |
     \_/ |_|_|   \__|_| |_| |_|\___|     |_| |_|\__  |
                                                |___/ 
   kernel version: 6.9.0-rc7-virtme x86_64
   (CTRL+d to exit)

virtme-ng:/nipa-data/kernel# PS1='xx__-> '
xx__-> env
PWD=/nipa-data/kernel
nr_open=1048576
HOME=/root
TERM=xterm
SHLVL=2
XDG_RUNTIME_DIR=/run/user/0
PATH=/bin:/sbin:/usr/bin:/usr/sbin:/usr/local/bin
OLDPWD=/
_=/usr/bin/env
xx__-> 