No EFI environment detected.
early console in extract_kernel
input_data: 0x0000000004e7f2c4
input_len: 0x00000000019a27f4
output: 0x0000000001000000
output_len: 0x00000000057a9ae4
kernel_total_size: 0x0000000005430000
needed_size: 0x0000000005800000
trampoline_32bit: 0x0000000000000000
Physical KASLR using RDRAND RDTSC...
Virtual KASLR using RDRAND RDTSC...

Decompressing Linux... Parsing ELF... Performing relocations... done.
Booting the kernel (entry_offset: 0x0000000002c0b7f8).
[    0.000000] Linux version 6.16.0-rc1-virtme (root@55d279791798) (gcc (Ubuntu 13.3.0-6ubuntu2~24.04) 13.3.0, GNU ld (GNU Binutils for Ubuntu) 2.42) #1 SMP PREEMPT_DYNAMIC Fri Jun 13 09:26:08 UTC 2025
[    0.000000] Command line: virtme_hostname=virtme-ng nr_open=1048576 virtme_link_mods=/nipa-data/kernel/.virtme_mods/lib/modules/0.0.0 virtme_initmount0=nipa-data/kernel virtme_rw_overlay0=/etc virtme_rw_overlay1=/lib virtme_rw_overlay2=/home virtme_rw_overlay3=/opt virtme_rw_overlay4=/srv virtme_rw_overlay5=/usr virtme_rw_overlay6=/var console=hvc0 earlyprintk=serial,ttyS0,115200 virtme_console=ttyS0 psmouse.proto=exps TERM=xterm virtme_chdir=nipa-data/kernel virtme_root_user=1 rootfstype=9p rootflags=version=9p2000.L,trans=virtio,access=any raid=noautodetect ro init=/usr/lib/python3/dist-packages/virtme/guest/virtme-init
[    0.000000] BIOS-provided physical RAM map:
[    0.000000] BIOS-e820: [mem 0x0000000000000000-0x000000000009fbff] usable
[    0.000000] BIOS-e820: [mem 0x000000000009fc00-0x000000000009ffff] reserved
[    0.000000] BIOS-e820: [mem 0x00000000000f0000-0x00000000000fffff] reserved
[    0.000000] BIOS-e820: [mem 0x0000000000100000-0x000000003ffdffff] usable
[    0.000000] BIOS-e820: [mem 0x000000003ffe0000-0x000000003fffffff] reserved
[    0.000000] BIOS-e820: [mem 0x00000000feffc000-0x00000000feffffff] reserved
[    0.000000] BIOS-e820: [mem 0x00000000fffc0000-0x00000000ffffffff] reserved
[    0.000000] BIOS-e820: [mem 0x000000fd00000000-0x000000ffffffffff] reserved
[    0.000000] printk: legacy bootconsole [earlyser0] enabled
[    0.000000] NX (Execute Disable) protection: active
[    0.000000] APIC: Static calls initialized
[    0.000000] SMBIOS 3.0.0 present.
[    0.000000] DMI: QEMU Ubuntu 24.04 PC (i440FX + PIIX, 1996), BIOS 1.16.3-debian-1.16.3-2 04/01/2014
[    0.000000] DMI: Memory slots populated: 1/1
[    0.000000] Hypervisor detected: KVM
[    0.000000] kvm-clock: Using msrs 4b564d01 and 4b564d00
[    0.000000] kvm-clock: using sched offset of 332134683 cycles
[    0.000361] clocksource: kvm-clock: mask: 0xffffffffffffffff max_cycles: 0x1cd42e4dffb, max_idle_ns: 881590591483 ns
[    0.001483] tsc: Detected 4491.564 MHz processor
[    0.002134] last_pfn = 0x3ffe0 max_arch_pfn = 0x400000000
[    0.002531] MTRR map: 4 entries (3 fixed + 1 variable; max 19), built from 8 variable MTRRs
[    0.003108] x86/PAT: Configuration [0-7]: WB  WC  UC- UC  WB  WP  UC- WT  
[    0.005016] found SMP MP-table at [mem 0x000f5470-0x000f547f]
[    0.005415] Using GB pages for direct mapping
[    0.005864] ACPI: Early table checksum verification disabled
[    0.006255] ACPI: RSDP 0x00000000000F5290 000014 (v00 BOCHS )
[    0.006652] ACPI: RSDT 0x000000003FFE27BC 000034 (v01 BOCHS  BXPC     00000001 BXPC 00000001)
[    0.007240] ACPI: FACP 0x000000003FFE2578 000074 (v01 BOCHS  BXPC     00000001 BXPC 00000001)
[    0.007835] ACPI: DSDT 0x000000003FFE0040 002538 (v01 BOCHS  BXPC     00000001 BXPC 00000001)
[    0.008427] ACPI: FACS 0x000000003FFE0000 000040
[    0.008746] ACPI: APIC 0x000000003FFE25EC 000170 (v03 BOCHS  BXPC     00000001 BXPC 00000001)
[    0.009332] ACPI: HPET 0x000000003FFE275C 000038 (v01 BOCHS  BXPC     00000001 BXPC 00000001)
[    0.009920] ACPI: WAET 0x000000003FFE2794 000028 (v01 BOCHS  BXPC     00000001 BXPC 00000001)
[    0.010506] ACPI: Reserving FACP table memory at [mem 0x3ffe2578-0x3ffe25eb]
[    0.010989] ACPI: Reserving DSDT table memory at [mem 0x3ffe0040-0x3ffe2577]
[    0.011472] ACPI: Reserving FACS table memory at [mem 0x3ffe0000-0x3ffe003f]
[    0.011955] ACPI: Reserving APIC table memory at [mem 0x3ffe25ec-0x3ffe275b]
[    0.012438] ACPI: Reserving HPET table memory at [mem 0x3ffe275c-0x3ffe2793]
[    0.012921] ACPI: Reserving WAET table memory at [mem 0x3ffe2794-0x3ffe27bb]
[    0.013595] No NUMA configuration found
[    0.013859] Faking a node at [mem 0x0000000000000000-0x000000003ffdffff]
[    0.014320] NODE_DATA(0) allocated [mem 0x3ffdb740-0x3ffdffff]
[    0.014736] Zone ranges:
[    0.014910]   DMA      [mem 0x0000000000001000-0x0000000000ffffff]
[    0.015335]   DMA32    [mem 0x0000000001000000-0x000000003ffdffff]
[    0.015759]   Normal   empty
[    0.015957]   Device   empty
[    0.016155] Movable zone start for each node
[    0.016446] Early memory node ranges
[    0.016691]   node   0: [mem 0x0000000000001000-0x000000000009efff]
[    0.017120]   node   0: [mem 0x0000000000100000-0x000000003ffdffff]
[    0.017551] Initmem setup node 0 [mem 0x0000000000001000-0x000000003ffdffff]
[    0.018038] On node 0, zone DMA: 1 pages in unavailable ranges
[    0.018489] On node 0, zone DMA: 97 pages in unavailable ranges
[    0.022840] On node 0, zone DMA32: 32 pages in unavailable ranges
[    0.031864] kasan: KernelAddressSanitizer initialized
[    0.032434] ACPI: PM-Timer IO Port: 0x608
[    0.032722] ACPI: LAPIC_NMI (acpi_id[0xff] dfl dfl lint[0x1])
[    0.033137] IOAPIC[0]: apic_id 0, version 17, address 0xfec00000, GSI 0-23
[    0.033617] ACPI: INT_SRC_OVR (bus 0 bus_irq 0 global_irq 2 dfl dfl)
[    0.034054] ACPI: INT_SRC_OVR (bus 0 bus_irq 5 global_irq 5 high level)
[    0.034507] ACPI: INT_SRC_OVR (bus 0 bus_irq 9 global_irq 9 high level)
[    0.034961] ACPI: INT_SRC_OVR (bus 0 bus_irq 10 global_irq 10 high level)
[    0.035426] ACPI: INT_SRC_OVR (bus 0 bus_irq 11 global_irq 11 high level)
[    0.035892] ACPI: Using ACPI (MADT) for SMP configuration information
[    0.036334] ACPI: HPET id: 0x8086a201 base: 0xfed00000
[    0.036688] TSC deadline timer available
[    0.036959] CPU topo: Max. logical packages:   1
[    0.037275] CPU topo: Max. logical dies:       1
[    0.037603] CPU topo: Max. dies per package:   1
[    0.037922] CPU topo: Max. threads per core:   1
[    0.038238] CPU topo: Num. cores per package:    32
[    0.038573] CPU topo: Num. threads per package:  32
[    0.038907] CPU topo: Allowing 32 present CPUs plus 0 hotplug CPUs
[    0.039346] kvm-guest: APIC: eoi() replaced with kvm_guest_apic_eoi_write()
[    0.039836] kvm-guest: KVM setup pv remote TLB flush
[    0.040178] kvm-guest: setup PV sched yield
[    0.040471] PM: hibernation: Registered nosave memory: [mem 0x00000000-0x00000fff]
[    0.040991] PM: hibernation: Registered nosave memory: [mem 0x0009f000-0x000fffff]
[    0.041513] [mem 0x40000000-0xfeffbfff] available for PCI devices
[    0.041931] Booting paravirtualized kernel on KVM
[    0.042255] clocksource: refined-jiffies: mask: 0xffffffff max_cycles: 0xffffffff, max_idle_ns: 1910969940391419 ns
[    0.050802] setup_percpu: NR_CPUS:64 nr_cpumask_bits:32 nr_cpu_ids:32 nr_node_ids:1
[    0.052539] percpu: Embedded 65 pages/cpu s229208 r8192 d28840 u524288
[    0.053058] Kernel command line: virtme_hostname=virtme-ng nr_open=1048576 virtme_link_mods=/nipa-data/kernel/.virtme_mods/lib/modules/0.0.0 virtme_initmount0=nipa-data/kernel virtme_rw_overlay0=/etc virtme_rw_overlay1=/lib virtme_rw_overlay2=/home virtme_rw_overlay3=/opt virtme_rw_overlay4=/srv virtme_rw_overlay5=/usr virtme_rw_overlay6=/var console=hvc0 earlyprintk=serial,ttyS0,115200 virtme_console=ttyS0 psmouse.proto=exps TERM=xterm virtme_chdir=nipa-data/kernel virtme_root_user=1 rootfstype=9p rootflags=version=9p2000.L,trans=virtio,access=any raid=noautodetect ro init=/usr/lib/python3/dist-packages/virtme/guest/virtme-init
[    0.057118] Unknown kernel command line parameters "virtme_hostname=virtme-ng nr_open=1048576 virtme_link_mods=/nipa-data/kernel/.virtme_mods/lib/modules/0.0.0 virtme_initmount0=nipa-data/kernel virtme_rw_overlay0=/etc virtme_rw_overlay1=/lib virtme_rw_overlay2=/home virtme_rw_overlay3=/opt virtme_rw_overlay4=/srv virtme_rw_overlay5=/usr virtme_rw_overlay6=/var virtme_console=ttyS0 virtme_chdir=nipa-data/kernel virtme_root_user=1", will be passed to user space.
[    0.060193] random: crng init done
[    0.060438] printk: log buffer data + meta data: 262144 + 917504 = 1179648 bytes
[    0.060991] Dentry cache hash table entries: 131072 (order: 8, 1048576 bytes, linear)
[    0.061651] Inode-cache hash table entries: 65536 (order: 7, 524288 bytes, linear)
[    0.062908] Fallback order for Node 0: 0 
[    0.062912] Built 1 zonelists, mobility grouping on.  Total pages: 262014
[    0.063675] Policy zone: DMA32
[    0.063890] mem auto-init: stack:all(zero), heap alloc:off, heap free:off
[    0.064368] stackdepot: allocating hash table via alloc_large_system_hash
[    0.064853] stackdepot hash table entries: 1048576 (order: 12, 16777216 bytes, linear)
[    0.072551] SLUB: HWalign=64, Order=0-3, MinObjects=0, CPUs=32, Nodes=1
Poking KASLR using RDRAND RDTSC...
[    0.081700] ftrace: allocating 49209 entries in 194 pages
[    0.082079] ftrace: allocated 194 pages with 3 groups
[    0.083301] Dynamic Preempt: voluntary
[    0.084027] rcu: Preemptible hierarchical RCU implementation.
[    0.084430] rcu: RCU event tracing is enabled.
[    0.084753] rcu: RCU restricting CPUs from NR_CPUS=64 to nr_cpu_ids=32.
[    0.085225] Trampoline variant of Tasks RCU enabled.
[    0.085587] Rude variant of Tasks RCU enabled.
[    0.085904] Tracing variant of Tasks RCU enabled.
[    0.086239] rcu: RCU calculated value of scheduler-enlistment delay is 100 jiffies.
[    0.086775] rcu: Adjusting geometry for rcu_fanout_leaf=16, nr_cpu_ids=32
[    0.087320] RCU Tasks: Setting shift to 5 and lim to 1 rcu_task_cb_adjust=1 rcu_task_cpu_ids=32.
[    0.087937] RCU Tasks Rude: Setting shift to 5 and lim to 1 rcu_task_cb_adjust=1 rcu_task_cpu_ids=32.
[    0.088586] RCU Tasks Trace: Setting shift to 5 and lim to 1 rcu_task_cb_adjust=1 rcu_task_cpu_ids=32.
[    0.098504] NR_IRQS: 4352, nr_irqs: 680, preallocated irqs: 16
[    0.099164] rcu: srcu_init: Setting srcu_struct sizes based on contention.
[    0.100035] Console: colour *CGA 80x25
[    0.100331] ACPI: Core revision 20250404
[    0.100763] clocksource: hpet: mask: 0xffffffff max_cycles: 0xffffffff, max_idle_ns: 19112604467 ns
[    0.101511] APIC: Switch to symmetric I/O mode setup
[    0.101998] x2apic enabled
[    0.102372] APIC: Switched APIC routing to: physical x2apic
[    0.102771] kvm-guest: APIC: send_IPI_mask() replaced with kvm_send_ipi_mask()
[    0.103281] kvm-guest: APIC: send_IPI_mask_allbutself() replaced with kvm_send_ipi_mask_allbutself()
[    0.103909] kvm-guest: setup PV IPIs
[    0.104963] ..TIMER: vector=0x30 apic1=0 pin1=2 apic2=-1 pin2=-1
[    0.105735] clocksource: tsc-early: mask: 0xffffffffffffffff max_cycles: 0x40be463295d, max_idle_ns: 440795209293 ns
[    0.107049] Calibrating delay loop (skipped) preset value.. 8983.12 BogoMIPS (lpj=4491564)
[    0.108115] x86/cpu: User Mode Instruction Prevention (UMIP) activated
[    0.109104] Last level iTLB entries: 4KB 512, 2MB 255, 4MB 127
[    0.110048] Last level dTLB entries: 4KB 512, 2MB 255, 4MB 127, 1GB 0
[    0.111058] Speculative Store Bypass: Mitigation: Speculative Store Bypass disabled via prctl
[    0.112048] Speculative Return Stack Overflow: IBPB-extending microcode not applied!
[    0.113048] Speculative Return Stack Overflow: WARNING: See https://kernel.org/doc/html/latest/admin-guide/hw-vuln/srso.html for mitigation options.
[    0.113049] Spectre V2 : Mitigation: Enhanced / Automatic IBRS
[    0.115048] Speculative Return Stack Overflow: Vulnerable: Safe RET, no microcode
[    0.116048] Spectre V1 : Mitigation: usercopy/swapgs barriers and __user pointer sanitization
[    0.117052] Spectre V2 : mitigation: Enabling conditional Indirect Branch Prediction Barrier
[    0.118065] x86/fpu: Supporting XSAVE feature 0x001: 'x87 floating point registers'
[    0.119048] x86/fpu: Supporting XSAVE feature 0x002: 'SSE registers'
[    0.120048] x86/fpu: Supporting XSAVE feature 0x004: 'AVX registers'
[    0.121048] x86/fpu: Supporting XSAVE feature 0x020: 'AVX-512 opmask'
[    0.121817] x86/fpu: Supporting XSAVE feature 0x040: 'AVX-512 Hi256'
[    0.122048] x86/fpu: Supporting XSAVE feature 0x080: 'AVX-512 ZMM_Hi256'
[    0.123048] x86/fpu: Supporting XSAVE feature 0x200: 'Protection Keys User registers'
[    0.124048] x86/fpu: xstate_offset[2]:  576, xstate_sizes[2]:  256
[    0.125048] x86/fpu: xstate_offset[5]:  832, xstate_sizes[5]:   64
[    0.125786] x86/fpu: xstate_offset[6]:  896, xstate_sizes[6]:  512
[    0.126048] x86/fpu: xstate_offset[7]: 1408, xstate_sizes[7]: 1024
[    0.127048] x86/fpu: xstate_offset[9]: 2432, xstate_sizes[9]:    8
[    0.128048] x86/fpu: Enabled xstate features 0x2e7, context size is 2440 bytes, using 'compacted' format.
[    0.149515] Freeing SMP alternatives memory: 40K
[    0.150050] pid_max: default: 32768 minimum: 301
[    0.150729] Mount-cache hash table entries: 2048 (order: 2, 16384 bytes, linear)
[    0.151049] Mountpoint-cache hash table entries: 2048 (order: 2, 16384 bytes, linear)
[    0.153291] smpboot: CPU0: AMD Ryzen 9 7950X 16-Core Processor (family: 0x19, model: 0x61, stepping: 0x2)
[    0.154489] Performance Events: Fam17h+ core perfctr, AMD PMU driver.
[    0.155051] ... version:                0
[    0.155531] ... bit width:              48
[    0.156020] ... generic registers:      6
[    0.156050] ... value mask:             0000ffffffffffff
[    0.156692] ... max period:             00007fffffffffff
[    0.157050] ... fixed-purpose events:   0
[    0.157528] ... event mask:             000000000000003f
[    0.158236] signal: max sigframe size: 3376
[    0.158782] rcu: Hierarchical SRCU implementation.
[    0.159050] rcu: Max phase no-delay instances is 400.
[    0.159750] Timer migration: 2 hierarchy levels; 8 children per group; 2 crossnode level
[    0.163900] smp: Bringing up secondary CPUs ...
[    0.164231] smpboot: x86: Booting SMP configuration:
[    0.164825] .... node  #0, CPUs:        #1  #2  #3  #4  #5  #6  #7  #8  #9 #10 #11 #12 #13 #14 #15 #16 #17 #18 #19 #20 #21 #22 #23 #24 #25 #26 #27 #28 #29 #30 #31
[    0.181144] smp: Brought up 1 node, 32 CPUs
[    0.182558] smpboot: Total of 32 processors activated (287460.09 BogoMIPS)
[    0.186250] Memory: 759276K/1048056K available (45102K kernel code, 11637K rwdata, 10360K rodata, 6184K init, 1200K bss, 272992K reserved, 0K cma-reserved)
[    0.187174] devtmpfs: initialized
[    0.187795] x86/mm: Memory block size: 128MB
[    0.194338] clocksource: jiffies: mask: 0xffffffff max_cycles: 0xffffffff, max_idle_ns: 1911260446275000 ns
[    0.195058] posixtimers hash table entries: 16384 (order: 6, 262144 bytes, linear)
[    0.196053] futex hash table entries: 8192 (524288 bytes on 1 NUMA nodes, total 512 KiB, linear).
[    0.197369] PM: RTC time: 09:26:30, date: 2025-06-13
[    0.198761] NET: Registered PF_NETLINK/PF_ROUTE protocol family
[    0.199913] thermal_sys: Registered thermal governor 'step_wise'
[    0.199943] cpuidle: using governor menu
[    0.201552] PCI: Using configuration type 1 for base access
[    0.202050] PCI: Using configuration type 1 for extended access
[    0.202900] kprobes: kprobe jump-optimization is enabled. All kprobes are optimized if possible.
[    0.216290] HugeTLB: allocation took 0ms with hugepage_allocation_threads=8
[    0.217078] HugeTLB: registered 1.00 GiB page size, pre-allocated 0 pages
[    0.217925] HugeTLB: 16380 KiB vmemmap can be freed for a 1.00 GiB page
[    0.219051] HugeTLB: registered 2.00 MiB page size, pre-allocated 0 pages
[    0.219900] HugeTLB: 28 KiB vmemmap can be freed for a 2.00 MiB page
[    0.221264] ACPI: Added _OSI(Module Device)
[    0.221791] ACPI: Added _OSI(Processor Device)
[    0.223050] ACPI: Added _OSI(Processor Aggregator Device)
[    0.248637] ACPI: 1 ACPI AML tables successfully acquired and loaded
[    0.253068] ACPI: Interpreter enabled
[    0.253592] ACPI: PM: (supports S0 S3 S4 S5)
[    0.254050] ACPI: Using IOAPIC for interrupt routing
[    0.254721] PCI: Using host bridge windows from ACPI; if necessary, use "pci=nocrs" and report a bug
[    0.256050] PCI: Using E820 reservations for host bridge windows
[    0.257930] ACPI: Enabled 2 GPEs in block 00 to 0F
[    0.309099] ACPI: PCI Root Bridge [PCI0] (domain 0000 [bus 00-ff])
[    0.309893] acpi PNP0A03:00: _OSC: OS supports [ExtendedConfig ASPM ClockPM Segments MSI HPX-Type3]
[    0.311575] PCI host bridge to bus 0000:00
[    0.312108] pci_bus 0000:00: root bus resource [io  0x0000-0x0cf7 window]
[    0.312960] pci_bus 0000:00: root bus resource [io  0x0d00-0xffff window]
[    0.313053] pci_bus 0000:00: root bus resource [mem 0x000a0000-0x000bffff window]
[    0.313988] pci_bus 0000:00: root bus resource [mem 0x40000000-0xfebfffff window]
[    0.315053] pci_bus 0000:00: root bus resource [mem 0x100000000-0x17fffffff window]
[    0.316007] pci_bus 0000:00: root bus resource [bus 00-ff]
[    0.317147] pci 0000:00:00.0: [8086:1237] type 00 class 0x060000 conventional PCI endpoint
[    0.318993] pci 0000:00:01.0: [8086:7000] type 00 class 0x060100 conventional PCI endpoint
[    0.320968] pci 0000:00:01.1: [8086:7010] type 00 class 0x010180 conventional PCI endpoint
[    0.322520] pci 0000:00:01.1: BAR 4 [io  0xc0c0-0xc0cf]
[    0.323069] pci 0000:00:01.1: BAR 0 [io  0x01f0-0x01f7]: legacy IDE quirk
[    0.323917] pci 0000:00:01.1: BAR 1 [io  0x03f6]: legacy IDE quirk
[    0.325050] pci 0000:00:01.1: BAR 2 [io  0x0170-0x0177]: legacy IDE quirk
[    0.325897] pci 0000:00:01.1: BAR 3 [io  0x0376]: legacy IDE quirk
[    0.326786] pci 0000:00:01.3: [8086:7113] type 00 class 0x068000 conventional PCI endpoint
[    0.328280] pci 0000:00:01.3: quirk: [io  0x0600-0x063f] claimed by PIIX4 ACPI
[    0.329054] pci 0000:00:01.3: quirk: [io  0x0700-0x070f] claimed by PIIX4 SMB
[    0.330728] pci 0000:00:02.0: [1af4:1009] type 00 class 0x000200 conventional PCI endpoint
[    0.333055] pci 0000:00:02.0: BAR 0 [io  0xc000-0xc03f]
[    0.333717] pci 0000:00:02.0: BAR 1 [mem 0xfebfc000-0xfebfcfff]
[    0.335065] pci 0000:00:02.0: BAR 4 [mem 0xfebf0000-0xfebf3fff 64bit pref]
[    0.348117] pci 0000:00:03.0: [1af4:1009] type 00 class 0x000200 conventional PCI endpoint
[    0.350055] pci 0000:00:03.0: BAR 0 [io  0xc040-0xc07f]
[    0.350719] pci 0000:00:03.0: BAR 1 [mem 0xfebfd000-0xfebfdfff]
[    0.351065] pci 0000:00:03.0: BAR 4 [mem 0xfebf4000-0xfebf7fff 64bit pref]
[    0.364040] pci 0000:00:04.0: [8086:25ab] type 00 class 0x088000 conventional PCI endpoint
[    0.365430] pci 0000:00:04.0: BAR 0 [mem 0xfebfe000-0xfebfe00f]
[    0.378054] pci 0000:00:05.0: [1af4:1003] type 00 class 0x078000 conventional PCI endpoint
[    0.379796] pci 0000:00:05.0: BAR 0 [io  0xc080-0xc0bf]
[    0.381054] pci 0000:00:05.0: BAR 1 [mem 0xfebff000-0xfebfffff]
[    0.381807] pci 0000:00:05.0: BAR 4 [mem 0xfebf8000-0xfebfbfff 64bit pref]
[    0.396685] ACPI: PCI: Interrupt link LNKA configured for IRQ 10
[    0.399041] ACPI: PCI: Interrupt link LNKB configured for IRQ 10
[    0.400025] ACPI: PCI: Interrupt link LNKC configured for IRQ 11
[    0.402021] ACPI: PCI: Interrupt link LNKD configured for IRQ 11
[    0.403461] ACPI: PCI: Interrupt link LNKS configured for IRQ 9
[    0.423743] iommu: Default domain type: Translated
[    0.424050] iommu: DMA domain TLB invalidation policy: lazy mode
[    0.427165] SCSI subsystem initialized
[    0.428294] pps_core: LinuxPPS API ver. 1 registered
[    0.429050] pps_core: Software ver. 5.3.6 - Copyright 2005-2007 Rodolfo Giometti <giometti@linux.it>
[    0.430066] PTP clock support registered
[    0.431179] Advanced Linux Sound Architecture Driver Initialized.
[    0.433215] NET: Registered PF_ATMPVC protocol family
[    0.433852] NET: Registered PF_ATMSVC protocol family
[    0.434088] PCI: Using ACPI for IRQ routing
[    0.435083] vgaarb: loaded
[    0.435170] hpet0: at MMIO 0xfed00000, IRQs 2, 8, 0
[    0.435782] hpet0: 3 comparators, 64-bit 100.000000 MHz counter
[    0.440173] clocksource: Switched to clocksource kvm-clock
[    0.441302] VFS: Disk quotas dquot_6.6.0
[    0.441816] VFS: Dquot-cache hash table entries: 512 (order 0, 4096 bytes)
[    0.447081] pnp: PnP ACPI init
[    0.449983] pnp: PnP ACPI: found 5 devices
[    0.462009] clocksource: acpi_pm: mask: 0xffffff max_cycles: 0xffffff, max_idle_ns: 2085701024 ns
[    0.463182] NET: Registered PF_INET protocol family
[    0.463831] IP idents hash table entries: 16384 (order: 5, 131072 bytes, linear)
[    0.465119] tcp_listen_portaddr_hash hash table entries: 512 (order: 1, 8192 bytes, linear)
[    0.466168] Table-perturb hash table entries: 65536 (order: 6, 262144 bytes, linear)
[    0.467154] TCP established hash table entries: 8192 (order: 4, 65536 bytes, linear)
[    0.468127] TCP bind hash table entries: 8192 (order: 6, 262144 bytes, linear)
[    0.469119] TCP: Hash tables configured (established 8192 bind 8192)
[    0.470079] UDP hash table entries: 512 (order: 3, 32768 bytes, linear)
[    0.470932] UDP-Lite hash table entries: 512 (order: 3, 32768 bytes, linear)
[    0.472042] NET: Registered PF_UNIX/PF_LOCAL protocol family
[    0.472770] pci_bus 0000:00: resource 4 [io  0x0000-0x0cf7 window]
[    0.473542] pci_bus 0000:00: resource 5 [io  0x0d00-0xffff window]
[    0.474308] pci_bus 0000:00: resource 6 [mem 0x000a0000-0x000bffff window]
[    0.475169] pci_bus 0000:00: resource 7 [mem 0x40000000-0xfebfffff window]
[    0.476023] pci_bus 0000:00: resource 8 [mem 0x100000000-0x17fffffff window]
[    0.477103] pci 0000:00:01.0: PIIX3: Enabling Passive Release
[    0.477822] pci 0000:00:00.0: Limiting direct PCI/PCI transfers
[    0.478594] PCI: CLS 0 bytes, default 64
[    0.479200] kvm_intel: VMX not supported by CPU 29
[    0.479956] kvm_amd: TSC scaling supported
[    0.480473] kvm_amd: Nested Virtualization enabled
[    0.481064] kvm_amd: Nested Paging enabled
[    0.481578] kvm_amd: LBR virtualization supported
[    0.482169] kvm_amd: Virtual GIF supported
[    0.482678] kvm_amd: Virtual NMI enabled
[    0.510508] clocksource: tsc: mask: 0xffffffffffffffff max_cycles: 0x40be463295d, max_idle_ns: 440795209293 ns
[    0.527662] Initialise system trusted keyrings
[    0.528395] workingset: timestamp_bits=56 max_order=18 bucket_order=0
[    0.529311] squashfs: version 4.0 (2009/01/31) Phillip Lougher
[    0.530064] fuse: init (API version 7.44)
[    0.530711] 9p: Installing v9fs 9p2000 file system support
[    0.540740] Key type asymmetric registered
[    0.541257] Asymmetric key parser 'x509' registered
[    0.541935] Block layer SCSI generic (bsg) driver version 0.4 loaded (major 249)
[    0.542897] io scheduler mq-deadline registered
[    0.543478] io scheduler kyber registered
[    0.545856] input: Power Button as /devices/LNXSYSTM:00/LNXPWRBN:00/input/input0
[    0.547058] ACPI: button: Power Button [PWRF]
[    0.549021] Warning: Processor Platform Limit event detected, but not handled.
[    0.549893] Consider compiling CPUfreq support into your kernel.
[    1.451845] ACPI: \_SB_.LNKB: Enabled at IRQ 10
[    2.347505] ACPI: \_SB_.LNKC: Enabled at IRQ 11
[    3.242698] ACPI: \_SB_.LNKA: Enabled at IRQ 10
[    3.244091] Serial: 8250/16550 driver, 4 ports, IRQ sharing enabled
[    3.245212] 00:03: ttyS0 at I/O 0x3f8 (irq = 4, base_baud = 115200) is a 16550A
[    3.270105] Non-volatile memory driver v1.3
[    3.270693] Linux agpgart interface v0.103
[    3.271466] ACPI: bus type drm_connector registered
[    3.272090] printk: legacy console [hvc0] enabled
[    3.272672] printk: legacy bootconsole [earlyser0] disabled
          _      _                                    
   __   _(_)_ __| |_ _ __ ___   ___       _ __   __ _ 
   \ \ / / |  __| __|  _   _ \ / _ \_____|  _ \ / _  |
    \ V /| | |  | |_| | | | | |  __/_____| | | | (_| |
     \_/ |_|_|   \__|_| |_| |_|\___|     |_| |_|\__  |
                                                |___/ 
   kernel version: 6.16.0-rc1-virtme x86_64
   (CTRL+d to exit)

root@virtme-ng:/nipa-data/kernel# PS1='xx__-> '
xx__-> env
PWD=/nipa-data/kernel
nr_open=1048576
HOME=/
TERM=xterm
SHLVL=2
XDG_RUNTIME_DIR=/run/user/0
PATH=/bin:/sbin:/usr/bin:/usr/sbin:/usr/local/bin
OLDPWD=/
_=/bin/env
xx__-> 