No EFI environment detected.
early console in extract_kernel
input_data: 0x00000000029ee2b9
input_len: 0x0000000000b1cf7c
output: 0x0000000001000000
output_len: 0x00000000024c5654
kernel_total_size: 0x0000000002230000
needed_size: 0x0000000002600000
trampoline_32bit: 0x0000000000000000
Physical KASLR using RDRAND RDTSC...
Virtual KASLR using RDRAND RDTSC...

Decompressing Linux... Parsing ELF... Performing relocations... done.
Booting the kernel (entry_offset: 0x0000000000000000).
[    0.000000] Linux version 6.8.0-virtme (root@5ff76e3b0bde) (gcc (Alpine 13.2.1_git20240309) 13.2.1 20240309, GNU ld (GNU Binutils) 2.42) #1 SMP PREEMPT_DYNAMIC Wed Mar 27 18:07:06 UTC 2024
[    0.000000] Command line: virtme_hostname=virtme-ng nr_open=1048576 virtme_link_mods=/nipa-data/kernel/.virtme_mods/lib/modules/0.0.0 virtme_initmount0=nipa-data/kernel virtme_rw_overlay0=/etc virtme_rw_overlay1=/lib virtme_rw_overlay2=/home virtme_rw_overlay3=/opt virtme_rw_overlay4=/srv virtme_rw_overlay5=/usr virtme_rw_overlay6=/var console=hvc0 earlyprintk=serial,ttyS0,115200 virtme_console=ttyS0 psmouse.proto=exps TERM=xterm virtme_chdir=nipa-data/kernel virtme_root_user=1 rootfstype=9p rootflags=version=9p2000.L,trans=virtio,access=any raid=noautodetect ro init=/usr/lib/python3.11/site-packages/virtme/guest/virtme-init
[    0.000000] BIOS-provided physical RAM map:
[    0.000000] BIOS-e820: [mem 0x0000000000000000-0x000000000009fbff] usable
[    0.000000] BIOS-e820: [mem 0x000000000009fc00-0x000000000009ffff] reserved
[    0.000000] BIOS-e820: [mem 0x00000000000f0000-0x00000000000fffff] reserved
[    0.000000] BIOS-e820: [mem 0x0000000000100000-0x000000003ffdffff] usable
[    0.000000] BIOS-e820: [mem 0x000000003ffe0000-0x000000003fffffff] reserved
[    0.000000] BIOS-e820: [mem 0x00000000feffc000-0x00000000feffffff] reserved
[    0.000000] BIOS-e820: [mem 0x00000000fffc0000-0x00000000ffffffff] reserved
[    0.000000] BIOS-e820: [mem 0x000000fd00000000-0x000000ffffffffff] reserved
[    0.000000] printk: legacy bootconsole [earlyser0] enabled
[    0.000000] NX (Execute Disable) protection: active
[    0.000000] APIC: Static calls initialized
[    0.000000] SMBIOS 3.0.0 present.
[    0.000000] DMI: QEMU Standard PC (i440FX + PIIX, 1996), BIOS rel-1.16.3-0-ga6ed6b701f0a-prebuilt.qemu.org 04/01/2014
[    0.000000] Hypervisor detected: KVM
[    0.000000] kvm-clock: Using msrs 4b564d01 and 4b564d00
[    0.000000] kvm-clock: using sched offset of 197165705 cycles
[    0.000379] clocksource: kvm-clock: mask: 0xffffffffffffffff max_cycles: 0x1cd42e4dffb, max_idle_ns: 881590591483 ns
[    0.001556] tsc: Detected 4491.536 MHz processor
[    0.002150] last_pfn = 0x3ffe0 max_arch_pfn = 0x400000000
[    0.002565] MTRR map: 4 entries (3 fixed + 1 variable; max 19), built from 8 variable MTRRs
[    0.003181] x86/PAT: Configuration [0-7]: WB  WC  UC- UC  WB  WP  UC- WT  
Memory KASLR using RDRAND RDTSC...
[    0.005212] found SMP MP-table at [mem 0x000f5470-0x000f547f]
[    0.005637] Using GB pages for direct mapping
[    0.005975] ACPI: Early table checksum verification disabled
[    0.006389] ACPI: RSDP 0x00000000000F5290 000014 (v00 BOCHS )
[    0.006806] ACPI: RSDT 0x000000003FFE27BC 000034 (v01 BOCHS  BXPC     00000001 BXPC 00000001)
[    0.007435] ACPI: FACP 0x000000003FFE2578 000074 (v01 BOCHS  BXPC     00000001 BXPC 00000001)
[    0.008053] ACPI: DSDT 0x000000003FFE0040 002538 (v01 BOCHS  BXPC     00000001 BXPC 00000001)
[    0.008670] ACPI: FACS 0x000000003FFE0000 000040
[    0.009004] ACPI: APIC 0x000000003FFE25EC 000170 (v03 BOCHS  BXPC     00000001 BXPC 00000001)
[    0.009621] ACPI: HPET 0x000000003FFE275C 000038 (v01 BOCHS  BXPC     00000001 BXPC 00000001)
[    0.010237] ACPI: WAET 0x000000003FFE2794 000028 (v01 BOCHS  BXPC     00000001 BXPC 00000001)
[    0.010862] ACPI: Reserving FACP table memory at [mem 0x3ffe2578-0x3ffe25eb]
[    0.011372] ACPI: Reserving DSDT table memory at [mem 0x3ffe0040-0x3ffe2577]
[    0.011881] ACPI: Reserving FACS table memory at [mem 0x3ffe0000-0x3ffe003f]
[    0.012390] ACPI: Reserving APIC table memory at [mem 0x3ffe25ec-0x3ffe275b]
[    0.012901] ACPI: Reserving HPET table memory at [mem 0x3ffe275c-0x3ffe2793]
[    0.013410] ACPI: Reserving WAET table memory at [mem 0x3ffe2794-0x3ffe27bb]
[    0.014055] No NUMA configuration found
[    0.014333] Faking a node at [mem 0x0000000000000000-0x000000003ffdffff]
[    0.014817] NODE_DATA(0) allocated [mem 0x3ffdb000-0x3ffdffff]
[    0.015259] Zone ranges:
[    0.015441]   DMA      [mem 0x0000000000001000-0x0000000000ffffff]
[    0.015887]   DMA32    [mem 0x0000000001000000-0x000000003ffdffff]
[    0.016335]   Normal   empty
[    0.016545]   Device   empty
[    0.016754] Movable zone start for each node
[    0.017064] Early memory node ranges
[    0.017322]   node   0: [mem 0x0000000000001000-0x000000000009efff]
[    0.017775]   node   0: [mem 0x0000000000100000-0x000000003ffdffff]
[    0.018228] Initmem setup node 0 [mem 0x0000000000001000-0x000000003ffdffff]
[    0.018739] On node 0, zone DMA: 1 pages in unavailable ranges
[    0.019176] On node 0, zone DMA: 97 pages in unavailable ranges
[    0.020592] On node 0, zone DMA32: 32 pages in unavailable ranges
[    0.021231] ACPI: PM-Timer IO Port: 0x608
[    0.021524] ACPI: LAPIC_NMI (acpi_id[0xff] dfl dfl lint[0x1])
[    0.021954] IOAPIC[0]: apic_id 0, version 17, address 0xfec00000, GSI 0-23
[    0.022449] ACPI: INT_SRC_OVR (bus 0 bus_irq 0 global_irq 2 dfl dfl)
[    0.022910] ACPI: INT_SRC_OVR (bus 0 bus_irq 5 global_irq 5 high level)
[    0.023388] ACPI: INT_SRC_OVR (bus 0 bus_irq 9 global_irq 9 high level)
[    0.023865] ACPI: INT_SRC_OVR (bus 0 bus_irq 10 global_irq 10 high level)
[    0.024354] ACPI: INT_SRC_OVR (bus 0 bus_irq 11 global_irq 11 high level)
[    0.024845] ACPI: Using ACPI (MADT) for SMP configuration information
[    0.025309] ACPI: HPET id: 0x8086a201 base: 0xfed00000
[    0.025681] TSC deadline timer available
[    0.025966] CPU topo: Max. logical packages:   1
[    0.026298] CPU topo: Max. logical dies:       1
[    0.026632] CPU topo: Max. dies per package:   1
[    0.026969] CPU topo: Max. threads per core:  32
[    0.027302] CPU topo: Num. cores per package:     1
[    0.027681] CPU topo: Num. threads per package:  32
[    0.028135] CPU topo: Allowing 32 present CPUs plus 0 hotplug CPUs
[    0.028609] kvm-guest: APIC: eoi() replaced with kvm_guest_apic_eoi_write()
[    0.029121] kvm-guest: KVM setup pv remote TLB flush
[    0.029482] kvm-guest: setup PV sched yield
[    0.029787] PM: hibernation: Registered nosave memory: [mem 0x00000000-0x00000fff]
[    0.030335] PM: hibernation: Registered nosave memory: [mem 0x0009f000-0x0009ffff]
[    0.030888] PM: hibernation: Registered nosave memory: [mem 0x000a0000-0x000effff]
[    0.031435] PM: hibernation: Registered nosave memory: [mem 0x000f0000-0x000fffff]
[    0.031982] [mem 0x40000000-0xfeffbfff] available for PCI devices
[    0.032423] Booting paravirtualized kernel on KVM
[    0.032764] clocksource: refined-jiffies: mask: 0xffffffff max_cycles: 0xffffffff, max_idle_ns: 1910969940391419 ns
[    0.036331] setup_percpu: NR_CPUS:64 nr_cpumask_bits:32 nr_cpu_ids:32 nr_node_ids:1
[    0.037515] percpu: Embedded 58 pages/cpu s198056 r8192 d31320 u262144
[    0.038018] Kernel command line: virtme_hostname=virtme-ng nr_open=1048576 virtme_link_mods=/nipa-data/kernel/.virtme_mods/lib/modules/0.0.0 virtme_initmount0=nipa-data/kernel virtme_rw_overlay0=/etc virtme_rw_overlay1=/lib virtme_rw_overlay2=/home virtme_rw_overlay3=/opt virtme_rw_overlay4=/srv virtme_rw_overlay5=/usr virtme_rw_overlay6=/var console=hvc0 earlyprintk=serial,ttyS0,115200 virtme_console=ttyS0 psmouse.proto=exps TERM=xterm virtme_chdir=nipa-data/kernel virtme_root_user=1 rootfstype=9p rootflags=version=9p2000.L,trans=virtio,access=any raid=noautodetect ro init=/usr/lib/python3.11/site-packages/virtme/guest/virtme-init
[    0.042270] Unknown kernel command line parameters "virtme_hostname=virtme-ng nr_open=1048576 virtme_link_mods=/nipa-data/kernel/.virtme_mods/lib/modules/0.0.0 virtme_initmount0=nipa-data/kernel virtme_rw_overlay0=/etc virtme_rw_overlay1=/lib virtme_rw_overlay2=/home virtme_rw_overlay3=/opt virtme_rw_overlay4=/srv virtme_rw_overlay5=/usr virtme_rw_overlay6=/var virtme_console=ttyS0 virtme_chdir=nipa-data/kernel virtme_root_user=1", will be passed to user space.
[    0.045509] random: crng init done
[    0.045793] Dentry cache hash table entries: 131072 (order: 8, 1048576 bytes, linear)
[    0.046396] Inode-cache hash table entries: 65536 (order: 7, 524288 bytes, linear)
[    0.047053] Fallback order for Node 0: 0 
[    0.047055] Built 1 zonelists, mobility grouping on.  Total pages: 257760
[    0.047857] Policy zone: DMA32
[    0.048090] mem auto-init: stack:all(zero), heap alloc:off, heap free:off
[    0.049415] Memory: 986604K/1048056K available (16384K kernel code, 2400K rwdata, 6100K rodata, 3048K init, 2120K bss, 61192K reserved, 0K cma-reserved)
[    0.050461] SLUB: HWalign=64, Order=0-3, MinObjects=0, CPUs=32, Nodes=1
Poking KASLR using RDRAND RDTSC...
[    0.051213] ftrace: allocating 47513 entries in 186 pages
[    0.058156] ftrace: allocated 186 pages with 5 groups
[    0.059238] Dynamic Preempt: voluntary
[    0.059652] rcu: Preemptible hierarchical RCU implementation.
[    0.060084] rcu: RCU event tracing is enabled.
[    0.060424] rcu: RCU restricting CPUs from NR_CPUS=64 to nr_cpu_ids=32.
[    0.060926] Trampoline variant of Tasks RCU enabled.
[    0.061303] Rude variant of Tasks RCU enabled.
[    0.061641] Tracing variant of Tasks RCU enabled.
[    0.061999] rcu: RCU calculated value of scheduler-enlistment delay is 100 jiffies.
[    0.062571] rcu: Adjusting geometry for rcu_fanout_leaf=16, nr_cpu_ids=32
[    0.063091] RCU Tasks: Setting shift to 5 and lim to 1 rcu_task_cb_adjust=1.
[    0.063623] RCU Tasks Rude: Setting shift to 5 and lim to 1 rcu_task_cb_adjust=1.
[    0.064181] RCU Tasks Trace: Setting shift to 5 and lim to 1 rcu_task_cb_adjust=1.
[    0.066154] NR_IRQS: 4352, nr_irqs: 680, preallocated irqs: 16
[    0.066758] rcu: srcu_init: Setting srcu_struct sizes based on contention.
[    0.067411] Console: colour *CGA 80x25
[    0.067694] ACPI: Core revision 20230628
[    0.068048] clocksource: hpet: mask: 0xffffffff max_cycles: 0xffffffff, max_idle_ns: 19112604467 ns
[    0.068779] APIC: Switch to symmetric I/O mode setup
[    0.069158] APIC: Switched APIC routing to: physical flat
[    0.069560] kvm-guest: APIC: send_IPI_mask() replaced with kvm_send_ipi_mask()
[    0.070085] kvm-guest: APIC: send_IPI_mask_allbutself() replaced with kvm_send_ipi_mask_allbutself()
[    0.070754] kvm-guest: setup PV IPIs
[    0.071788] ..TIMER: vector=0x30 apic1=0 pin1=2 apic2=-1 pin2=-1
[    0.072580] tsc: Marking TSC unstable due to TSCs unsynchronized
[    0.073376] Calibrating delay loop (skipped) preset value.. 8983.07 BogoMIPS (lpj=4491536)
[    0.074432] x86/cpu: User Mode Instruction Prevention (UMIP) activated
[    0.075423] Last level iTLB entries: 4KB 512, 2MB 255, 4MB 127
[    0.076375] Last level dTLB entries: 4KB 512, 2MB 255, 4MB 127, 1GB 0
[    0.077378] Spectre V1 : Mitigation: usercopy/swapgs barriers and __user pointer sanitization
[    0.078378] Spectre V2 : Mitigation: Enhanced / Automatic IBRS
[    0.079375] Spectre V2 : Spectre v2 / SpectreRSB mitigation: Filling RSB on context switch
[    0.080376] Spectre V2 : mitigation: Enabling conditional Indirect Branch Prediction Barrier
[    0.081375] Spectre V2 : User space: Mitigation: STIBP always-on protection
[    0.082376] Speculative Store Bypass: Mitigation: Speculative Store Bypass disabled via prctl
[    0.083375] Speculative Return Stack Overflow: IBPB-extending microcode not applied!
[    0.084375] Speculative Return Stack Overflow: WARNING: See https://kernel.org/doc/html/latest/admin-guide/hw-vuln/srso.html for mitigation options.
[    0.084375] Speculative Return Stack Overflow: Vulnerable: Safe RET, no microcode
[    0.086389] x86/fpu: Supporting XSAVE feature 0x001: 'x87 floating point registers'
[    0.087375] x86/fpu: Supporting XSAVE feature 0x002: 'SSE registers'
[    0.088179] x86/fpu: Supporting XSAVE feature 0x004: 'AVX registers'
[    0.088375] x86/fpu: Supporting XSAVE feature 0x020: 'AVX-512 opmask'
[    0.089375] x86/fpu: Supporting XSAVE feature 0x040: 'AVX-512 Hi256'
[    0.090375] x86/fpu: Supporting XSAVE feature 0x080: 'AVX-512 ZMM_Hi256'
[    0.091375] x86/fpu: Supporting XSAVE feature 0x200: 'Protection Keys User registers'
[    0.092375] x86/fpu: xstate_offset[2]:  576, xstate_sizes[2]:  256
[    0.093375] x86/fpu: xstate_offset[5]:  832, xstate_sizes[5]:   64
[    0.094151] x86/fpu: xstate_offset[6]:  896, xstate_sizes[6]:  512
[    0.094375] x86/fpu: xstate_offset[7]: 1408, xstate_sizes[7]: 1024
[    0.095375] x86/fpu: xstate_offset[9]: 2432, xstate_sizes[9]:    8
[    0.096375] x86/fpu: Enabled xstate features 0x2e7, context size is 2440 bytes, using 'compacted' format.
[    0.111897] Freeing SMP alternatives memory: 40K
[    0.112375] pid_max: default: 32768 minimum: 301
[    0.112980] Mount-cache hash table entries: 2048 (order: 2, 16384 bytes, linear)
[    0.113375] Mountpoint-cache hash table entries: 2048 (order: 2, 16384 bytes, linear)
[    0.114524] smpboot: CPU0: AMD Ryzen 9 7950X 16-Core Processor (family: 0x19, model: 0x61, stepping: 0x2)
[    0.115482] Performance Events: Fam17h+ core perfctr, AMD PMU driver.
[    0.116315] ... version:                0
[    0.116377] ... bit width:              48
[    0.116890] ... generic registers:      6
[    0.117376] ... value mask:             0000ffffffffffff
[    0.118046] ... max period:             00007fffffffffff
[    0.118376] ... fixed-purpose events:   0
[    0.118879] ... event mask:             000000000000003f
[    0.119456] signal: max sigframe size: 3376
[    0.119995] rcu: Hierarchical SRCU implementation.
[    0.120376] rcu: Max phase no-delay instances is 400.
[    0.123178] smp: Bringing up secondary CPUs ...
[    0.123428] smpboot: x86: Booting SMP configuration:
[    0.124068] .... node  #0, CPUs:        #1  #2  #3  #4  #5  #6  #7  #8  #9 #10 #11 #12 #13 #14 #15 #16 #17 #18 #19 #20 #21 #22 #23 #24 #25 #26 #27 #28 #29 #30 #31
[    0.129824] Spectre V2 : Update user space SMT mitigation: STIBP always-on
[    0.156380] smp: Brought up 1 node, 32 CPUs
[    0.156921] smpboot: Total of 32 processors activated (287458.30 BogoMIPS)
[    0.159553] devtmpfs: initialized
[    0.160407] x86/mm: Memory block size: 128MB
[    0.162108] clocksource: jiffies: mask: 0xffffffff max_cycles: 0xffffffff, max_idle_ns: 1911260446275000 ns
[    0.162379] futex hash table entries: 8192 (order: 7, 524288 bytes, linear)
[    0.163523] PM: RTC time: 18:07:36, date: 2024-03-27
[    0.164798] NET: Registered PF_NETLINK/PF_ROUTE protocol family
[    0.165540] thermal_sys: Registered thermal governor 'step_wise'
[    0.165541] thermal_sys: Registered thermal governor 'user_space'
[    0.166388] cpuidle: using governor menu
[    0.168659] PCI: Using configuration type 1 for base access
[    0.169377] PCI: Using configuration type 1 for extended access
[    0.170426] kprobes: kprobe jump-optimization is enabled. All kprobes are optimized if possible.
[    0.171479] HugeTLB: registered 1.00 GiB page size, pre-allocated 0 pages
[    0.172377] HugeTLB: 16380 KiB vmemmap can be freed for a 1.00 GiB page
[    0.173377] HugeTLB: registered 2.00 MiB page size, pre-allocated 0 pages
[    0.174376] HugeTLB: 28 KiB vmemmap can be freed for a 2.00 MiB page
[    0.175425] Demotion targets for Node 0: null
[    0.176142] ACPI: Added _OSI(Module Device)
[    0.176377] ACPI: Added _OSI(Processor Device)
[    0.177112] ACPI: Added _OSI(3.0 _SCP Extensions)
[    0.177377] ACPI: Added _OSI(Processor Aggregator Device)
[    0.179203] ACPI: 1 ACPI AML tables successfully acquired and loaded
[    0.182400] ACPI: _OSC evaluation for CPUs failed, trying _PDC
[    0.183552] ACPI: Interpreter enabled
[    0.184168] ACPI: PM: (supports S0 S3 S4 S5)
[    0.184377] ACPI: Using IOAPIC for interrupt routing
[    0.185199] PCI: Using host bridge windows from ACPI; if necessary, use "pci=nocrs" and report a bug
[    0.185377] PCI: Using E820 reservations for host bridge windows
[    0.186384] ACPI: Enabled 2 GPEs in block 00 to 0F
[    0.189580] ACPI: PCI Root Bridge [PCI0] (domain 0000 [bus 00-ff])
[    0.190374] acpi PNP0A03:00: _OSC: OS supports [ExtendedConfig ASPM ClockPM Segments MSI HPX-Type3]
[    0.190467] PCI host bridge to bus 0000:00
[    0.191003] pci_bus 0000:00: root bus resource [io  0x0000-0x0cf7 window]
[    0.191377] pci_bus 0000:00: root bus resource [io  0x0d00-0xffff window]
[    0.192244] pci_bus 0000:00: root bus resource [mem 0x000a0000-0x000bffff window]
[    0.192377] pci_bus 0000:00: root bus resource [mem 0x40000000-0xfebfffff window]
[    0.193339] pci_bus 0000:00: root bus resource [mem 0x100000000-0x17fffffff window]
[    0.193377] pci_bus 0000:00: root bus resource [bus 00-ff]
[    0.194319] pci 0000:00:00.0: [8086:1237] type 00 class 0x060000 conventional PCI endpoint
[    0.194625] pci 0000:00:01.0: [8086:7000] type 00 class 0x060100 conventional PCI endpoint
[    0.195686] pci 0000:00:01.1: [8086:7010] type 00 class 0x010180 conventional PCI endpoint
[    0.198622] pci 0000:00:01.1: BAR 4 [io  0xc0c0-0xc0cf]
[    0.200102] pci 0000:00:01.1: BAR 0 [io  0x01f0-0x01f7]: legacy IDE quirk
[    0.200377] pci 0000:00:01.1: BAR 1 [io  0x03f6]: legacy IDE quirk
[    0.201156] pci 0000:00:01.1: BAR 2 [io  0x0170-0x0177]: legacy IDE quirk
[    0.201377] pci 0000:00:01.1: BAR 3 [io  0x0376]: legacy IDE quirk
[    0.202249] pci 0000:00:01.3: [8086:7113] type 00 class 0x068000 conventional PCI endpoint
[    0.202614] pci 0000:00:01.3: quirk: [io  0x0600-0x063f] claimed by PIIX4 ACPI
[    0.203380] pci 0000:00:01.3: quirk: [io  0x0700-0x070f] claimed by PIIX4 SMB
[    0.204473] pci 0000:00:02.0: [1af4:1009] type 00 class 0x000200 conventional PCI endpoint
[    0.206377] pci 0000:00:02.0: BAR 0 [io  0xc000-0xc03f]
[    0.208377] pci 0000:00:02.0: BAR 1 [mem 0xfebfc000-0xfebfcfff]
[    0.212378] pci 0000:00:02.0: BAR 4 [mem 0xfebf0000-0xfebf3fff 64bit pref]
[    0.214652] pci 0000:00:03.0: [1af4:1009] type 00 class 0x000200 conventional PCI endpoint
[    0.216377] pci 0000:00:03.0: BAR 0 [io  0xc040-0xc07f]
[    0.218377] pci 0000:00:03.0: BAR 1 [mem 0xfebfd000-0xfebfdfff]
[    0.222069] pci 0000:00:03.0: BAR 4 [mem 0xfebf4000-0xfebf7fff 64bit pref]
[    0.223930] pci 0000:00:04.0: [8086:25ab] type 00 class 0x088000 conventional PCI endpoint
[    0.224796] pci 0000:00:04.0: BAR 0 [mem 0xfebfe000-0xfebfe00f]
[    0.228279] pci 0000:00:05.0: [1af4:1003] type 00 class 0x078000 conventional PCI endpoint
[    0.229377] pci 0000:00:05.0: BAR 0 [io  0xc080-0xc0bf]
[    0.231045] pci 0000:00:05.0: BAR 1 [mem 0xfebff000-0xfebfffff]
[    0.235061] pci 0000:00:05.0: BAR 4 [mem 0xfebf8000-0xfebfbfff 64bit pref]
[    0.237124] ACPI: PCI: Interrupt link LNKA configured for IRQ 10
[    0.237483] ACPI: PCI: Interrupt link LNKB configured for IRQ 10
[    0.238355] ACPI: PCI: Interrupt link LNKC configured for IRQ 11
[    0.238473] ACPI: PCI: Interrupt link LNKD configured for IRQ 11
[    0.239301] ACPI: PCI: Interrupt link LNKS configured for IRQ 9
[    0.240264] iommu: Default domain type: Translated
[    0.240377] iommu: DMA domain TLB invalidation policy: lazy mode
[    0.241188] SCSI subsystem initialized
[    0.241408] pps_core: LinuxPPS API ver. 1 registered
[    0.242035] pps_core: Software ver. 5.3.6 - Copyright 2005-2007 Rodolfo Giometti <giometti@linux.it>
[    0.242379] PTP clock support registered
[    0.242899] Advanced Linux Sound Architecture Driver Initialized.
[    0.243791] NET: Registered PF_ATMPVC protocol family
[    0.244377] NET: Registered PF_ATMSVC protocol family
[    0.245037] PCI: Using ACPI for IRQ routing
[    0.245461] vgaarb: loaded
[    0.245745] hpet0: at MMIO 0xfed00000, IRQs 2, 8, 0
[    0.246377] hpet0: 3 comparators, 64-bit 100.000000 MHz counter
[    0.254106] clocksource: Switched to clocksource kvm-clock
[    0.255084] VFS: Disk quotas dquot_6.6.0
[    0.255609] VFS: Dquot-cache hash table entries: 512 (order 0, 4096 bytes)
[    0.256518] pnp: PnP ACPI init
[    0.257115] pnp: PnP ACPI: found 5 devices
[    0.264962] clocksource: acpi_pm: mask: 0xffffff max_cycles: 0xffffff, max_idle_ns: 2085701024 ns
[    0.266131] NET: Registered PF_INET protocol family
[    0.266769] IP idents hash table entries: 16384 (order: 5, 131072 bytes, linear)
[    0.267861] tcp_listen_portaddr_hash hash table entries: 512 (order: 1, 8192 bytes, linear)
[    0.268938] Table-perturb hash table entries: 65536 (order: 6, 262144 bytes, linear)
[    0.269923] TCP established hash table entries: 8192 (order: 4, 65536 bytes, linear)
[    0.270996] TCP bind hash table entries: 8192 (order: 6, 262144 bytes, linear)
[    0.271920] TCP: Hash tables configured (established 8192 bind 8192)
[    0.272751] UDP hash table entries: 512 (order: 2, 16384 bytes, linear)
[    0.273590] UDP-Lite hash table entries: 512 (order: 2, 16384 bytes, linear)
[    0.274510] NET: Registered PF_UNIX/PF_LOCAL protocol family
[    0.275232] pci_bus 0000:00: resource 4 [io  0x0000-0x0cf7 window]
[    0.276011] pci_bus 0000:00: resource 5 [io  0x0d00-0xffff window]
[    0.276811] pci_bus 0000:00: resource 6 [mem 0x000a0000-0x000bffff window]
[    0.277682] pci_bus 0000:00: resource 7 [mem 0x40000000-0xfebfffff window]
[    0.278552] pci_bus 0000:00: resource 8 [mem 0x100000000-0x17fffffff window]
[    0.279468] pci 0000:00:01.0: PIIX3: Enabling Passive Release
[    0.280202] pci 0000:00:00.0: Limiting direct PCI/PCI transfers
[    0.280990] PCI: CLS 0 bytes, default 64
[    0.281524] kvm_intel: VMX not supported by CPU 0
[    0.282133] kvm_amd: TSC scaling supported
[    0.282766] kvm_amd: Nested Virtualization enabled
[    0.283597] kvm_amd: Nested Paging enabled
[    0.284319] kvm_amd: Virtual VMLOAD VMSAVE supported
[    0.284957] kvm_amd: Virtual GIF supported
[    0.285478] kvm_amd: Virtual NMI enabled
[    0.285972] kvm_amd: LBR virtualization supported
[    0.383817] Initialise system trusted keyrings
[    0.384491] workingset: timestamp_bits=56 max_order=18 bucket_order=0
[    0.385390] squashfs: version 4.0 (2009/01/31) Phillip Lougher
[    0.386141] fuse: init (API version 7.40)
[    0.386698] 9p: Installing v9fs 9p2000 file system support
[    0.393864] Key type asymmetric registered
[    0.394391] Asymmetric key parser 'x509' registered
[    0.395016] Block layer SCSI generic (bsg) driver version 0.4 loaded (major 249)
[    0.395961] io scheduler mq-deadline registered
[    0.396541] io scheduler kyber registered
[    0.398123] input: Power Button as /devices/LNXSYSTM:00/LNXPWRBN:00/input/input0
[    0.399135] ACPI: button: Power Button [PWRF]
[    0.399723] Warning: Processor Platform Limit event detected, but not handled.
[    0.400675] Consider compiling CPUfreq support into your kernel.
[    0.417778] ACPI: \_SB_.LNKB: Enabled at IRQ 10
[    0.434812] ACPI: \_SB_.LNKC: Enabled at IRQ 11
[    0.452018] ACPI: \_SB_.LNKA: Enabled at IRQ 10
[    0.453336] Serial: 8250/16550 driver, 4 ports, IRQ sharing enabled
[    0.454283] 00:03: ttyS0 at I/O 0x3f8 (irq = 4, base_baud = 115200) is a 16550A
[    0.494427] Non-volatile memory driver v1.3
[    0.495008] Linux agpgart interface v0.103
[    0.495109] ACPI: bus type drm_connector registered
[    0.496401] printk: legacy console [hvc0] enabled
[    0.497213] printk: legacy bootconsole [earlyser0] disabled
          _      _                                    
   __   _(_)_ __| |_ _ __ ___   ___       _ __   __ _ 
   \ \ / / |  __| __|  _   _ \ / _ \_____|  _ \ / _  |
    \ V /| | |  | |_| | | | | |  __/_____| | | | (_| |
     \_/ |_|_|   \__|_| |_| |_|\___|     |_| |_|\__  |
                                                |___/ 
   kernel version: 6.8.0-virtme x86_64
   (CTRL+d to exit)

virtme-ng:/nipa-data/kernel# PS1='xx__-> '
xx__-> env
PWD=/nipa-data/kernel
nr_open=1048576
HOME=/
TERM=xterm
SHLVL=2
XDG_RUNTIME_DIR=/run/user/0
PATH=/bin:/sbin:/usr/bin:/usr/sbin:/usr/local/bin
OLDPWD=/
_=/usr/bin/env
xx__-> 