No EFI environment detected.
early console in extract_kernel
input_data: 0x0000000002be92c4
input_len: 0x0000000000b4282f
output: 0x0000000001000000
output_len: 0x00000000026e43b4
kernel_total_size: 0x0000000002430000
needed_size: 0x0000000002800000
trampoline_32bit: 0x0000000000000000
Physical KASLR using RDRAND RDTSC...
Virtual KASLR using RDRAND RDTSC...

Decompressing Linux... Parsing ELF... Performing relocations... done.
Booting the kernel (entry_offset: 0x0000000000000000).
[    0.000000] Linux version 6.10.0-rc4-virtme (root@b1902ab43f48) (gcc (Alpine 13.2.1_git20240309) 13.2.1 20240309, GNU ld (GNU Binutils) 2.42) #1 SMP PREEMPT_DYNAMIC Tue Jun 25 00:05:24 UTC 2024
[    0.000000] Command line: virtme_hostname=virtme-ng nr_open=1048576 virtme_link_mods=/nipa-data/kernel/.virtme_mods/lib/modules/0.0.0 virtme_initmount0=nipa-data/kernel virtme_rw_overlay0=/etc virtme_rw_overlay1=/lib virtme_rw_overlay2=/home virtme_rw_overlay3=/opt virtme_rw_overlay4=/srv virtme_rw_overlay5=/usr virtme_rw_overlay6=/var console=hvc0 earlyprintk=serial,ttyS0,115200 virtme_console=ttyS0 psmouse.proto=exps TERM=xterm virtme_chdir=nipa-data/kernel virtme_root_user=1 rootfstype=9p rootflags=version=9p2000.L,trans=virtio,access=any raid=noautodetect ro init=/usr/lib/python3.12/site-packages/virtme/guest/virtme-init
[    0.000000] BIOS-provided physical RAM map:
[    0.000000] BIOS-e820: [mem 0x0000000000000000-0x000000000009fbff] usable
[    0.000000] BIOS-e820: [mem 0x000000000009fc00-0x000000000009ffff] reserved
[    0.000000] BIOS-e820: [mem 0x00000000000f0000-0x00000000000fffff] reserved
[    0.000000] BIOS-e820: [mem 0x0000000000100000-0x000000003ffdffff] usable
[    0.000000] BIOS-e820: [mem 0x000000003ffe0000-0x000000003fffffff] reserved
[    0.000000] BIOS-e820: [mem 0x00000000feffc000-0x00000000feffffff] reserved
[    0.000000] BIOS-e820: [mem 0x00000000fffc0000-0x00000000ffffffff] reserved
[    0.000000] BIOS-e820: [mem 0x000000fd00000000-0x000000ffffffffff] reserved
[    0.000000] printk: legacy bootconsole [earlyser0] enabled
[    0.000000] NX (Execute Disable) protection: active
[    0.000000] APIC: Static calls initialized
[    0.000000] SMBIOS 2.8 present.
[    0.000000] DMI: QEMU Standard PC (i440FX + PIIX, 1996), BIOS rel-1.16.3-0-ga6ed6b701f0a-prebuilt.qemu.org 04/01/2014
[    0.000000] DMI: Memory slots populated: 1/1
[    0.000000] Hypervisor detected: KVM
[    0.000000] kvm-clock: Using msrs 4b564d01 and 4b564d00
[    0.000000] kvm-clock: using sched offset of 223347547 cycles
[    0.000372] clocksource: kvm-clock: mask: 0xffffffffffffffff max_cycles: 0x1cd42e4dffb, max_idle_ns: 881590591483 ns
[    0.001530] tsc: Detected 4491.560 MHz processor
[    0.002110] last_pfn = 0x3ffe0 max_arch_pfn = 0x400000000
[    0.002520] MTRR map: 4 entries (3 fixed + 1 variable; max 19), built from 8 variable MTRRs
[    0.003114] x86/PAT: Configuration [0-7]: WB  WC  UC- UC  WB  WP  UC- WT  
Memory KASLR using RDRAND RDTSC...
[    0.005100] found SMP MP-table at [mem 0x000f5470-0x000f547f]
[    0.005512] Using GB pages for direct mapping
[    0.005851] ACPI: Early table checksum verification disabled
[    0.006254] ACPI: RSDP 0x00000000000F5290 000014 (v00 BOCHS )
[    0.006664] ACPI: RSDT 0x000000003FFE27BC 000034 (v01 BOCHS  BXPC     00000001 BXPC 00000001)
[    0.007275] ACPI: FACP 0x000000003FFE2578 000074 (v01 BOCHS  BXPC     00000001 BXPC 00000001)
[    0.007879] ACPI: DSDT 0x000000003FFE0040 002538 (v01 BOCHS  BXPC     00000001 BXPC 00000001)
[    0.008483] ACPI: FACS 0x000000003FFE0000 000040
[    0.008811] ACPI: APIC 0x000000003FFE25EC 000170 (v03 BOCHS  BXPC     00000001 BXPC 00000001)
[    0.009416] ACPI: HPET 0x000000003FFE275C 000038 (v01 BOCHS  BXPC     00000001 BXPC 00000001)
[    0.010019] ACPI: WAET 0x000000003FFE2794 000028 (v01 BOCHS  BXPC     00000001 BXPC 00000001)
[    0.010622] ACPI: Reserving FACP table memory at [mem 0x3ffe2578-0x3ffe25eb]
[    0.011123] ACPI: Reserving DSDT table memory at [mem 0x3ffe0040-0x3ffe2577]
[    0.011622] ACPI: Reserving FACS table memory at [mem 0x3ffe0000-0x3ffe003f]
[    0.012120] ACPI: Reserving APIC table memory at [mem 0x3ffe25ec-0x3ffe275b]
[    0.012619] ACPI: Reserving HPET table memory at [mem 0x3ffe275c-0x3ffe2793]
[    0.013118] ACPI: Reserving WAET table memory at [mem 0x3ffe2794-0x3ffe27bb]
[    0.013752] No NUMA configuration found
[    0.014024] Faking a node at [mem 0x0000000000000000-0x000000003ffdffff]
[    0.014499] NODE_DATA(0) allocated [mem 0x3ffdb000-0x3ffdffff]
[    0.014920] Zone ranges:
[    0.015109]   DMA      [mem 0x0000000000001000-0x0000000000ffffff]
[    0.015546]   DMA32    [mem 0x0000000001000000-0x000000003ffdffff]
[    0.015984]   Normal   empty
[    0.016188]   Device   empty
[    0.016392] Movable zone start for each node
[    0.016693] Early memory node ranges
[    0.016946]   node   0: [mem 0x0000000000001000-0x000000000009efff]
[    0.017389]   node   0: [mem 0x0000000000100000-0x000000003ffdffff]
[    0.017832] Initmem setup node 0 [mem 0x0000000000001000-0x000000003ffdffff]
[    0.018332] On node 0, zone DMA: 1 pages in unavailable ranges
[    0.018751] On node 0, zone DMA: 97 pages in unavailable ranges
[    0.020095] On node 0, zone DMA32: 32 pages in unavailable ranges
[    0.020722] ACPI: PM-Timer IO Port: 0x608
[    0.021010] ACPI: LAPIC_NMI (acpi_id[0xff] dfl dfl lint[0x1])
[    0.021432] IOAPIC[0]: apic_id 0, version 17, address 0xfec00000, GSI 0-23
[    0.021920] ACPI: INT_SRC_OVR (bus 0 bus_irq 0 global_irq 2 dfl dfl)
[    0.022370] ACPI: INT_SRC_OVR (bus 0 bus_irq 5 global_irq 5 high level)
[    0.022838] ACPI: INT_SRC_OVR (bus 0 bus_irq 9 global_irq 9 high level)
[    0.023313] ACPI: INT_SRC_OVR (bus 0 bus_irq 10 global_irq 10 high level)
[    0.023793] ACPI: INT_SRC_OVR (bus 0 bus_irq 11 global_irq 11 high level)
[    0.024274] ACPI: Using ACPI (MADT) for SMP configuration information
[    0.024730] ACPI: HPET id: 0x8086a201 base: 0xfed00000
[    0.025095] TSC deadline timer available
[    0.025374] CPU topo: Max. logical packages:   1
[    0.025700] CPU topo: Max. logical dies:       1
[    0.026026] CPU topo: Max. dies per package:   1
[    0.026355] CPU topo: Max. threads per core:   1
[    0.026681] CPU topo: Num. cores per package:    32
[    0.027026] CPU topo: Num. threads per package:  32
[    0.027372] CPU topo: Allowing 32 present CPUs plus 0 hotplug CPUs
[    0.027816] kvm-guest: APIC: eoi() replaced with kvm_guest_apic_eoi_write()
[    0.028316] kvm-guest: KVM setup pv remote TLB flush
[    0.028669] kvm-guest: setup PV sched yield
[    0.028967] PM: hibernation: Registered nosave memory: [mem 0x00000000-0x00000fff]
[    0.029503] PM: hibernation: Registered nosave memory: [mem 0x0009f000-0x0009ffff]
[    0.030039] PM: hibernation: Registered nosave memory: [mem 0x000a0000-0x000effff]
[    0.030574] PM: hibernation: Registered nosave memory: [mem 0x000f0000-0x000fffff]
[    0.031112] [mem 0x40000000-0xfeffbfff] available for PCI devices
[    0.031544] Booting paravirtualized kernel on KVM
[    0.031877] clocksource: refined-jiffies: mask: 0xffffffff max_cycles: 0xffffffff, max_idle_ns: 1910969940391419 ns
[    0.035353] setup_percpu: NR_CPUS:64 nr_cpumask_bits:32 nr_cpu_ids:32 nr_node_ids:1
[    0.036485] percpu: Embedded 58 pages/cpu s198872 r8192 d30504 u262144
[    0.036977] Kernel command line: virtme_hostname=virtme-ng nr_open=1048576 virtme_link_mods=/nipa-data/kernel/.virtme_mods/lib/modules/0.0.0 virtme_initmount0=nipa-data/kernel virtme_rw_overlay0=/etc virtme_rw_overlay1=/lib virtme_rw_overlay2=/home virtme_rw_overlay3=/opt virtme_rw_overlay4=/srv virtme_rw_overlay5=/usr virtme_rw_overlay6=/var console=hvc0 earlyprintk=serial,ttyS0,115200 virtme_console=ttyS0 psmouse.proto=exps TERM=xterm virtme_chdir=nipa-data/kernel virtme_root_user=1 rootfstype=9p rootflags=version=9p2000.L,trans=virtio,access=any raid=noautodetect ro init=/usr/lib/python3.12/site-packages/virtme/guest/virtme-init
[    0.041120] Unknown kernel command line parameters "virtme_hostname=virtme-ng nr_open=1048576 virtme_link_mods=/nipa-data/kernel/.virtme_mods/lib/modules/0.0.0 virtme_initmount0=nipa-data/kernel virtme_rw_overlay0=/etc virtme_rw_overlay1=/lib virtme_rw_overlay2=/home virtme_rw_overlay3=/opt virtme_rw_overlay4=/srv virtme_rw_overlay5=/usr virtme_rw_overlay6=/var virtme_console=ttyS0 virtme_chdir=nipa-data/kernel virtme_root_user=1", will be passed to user space.
[    0.044283] random: crng init done
[    0.044557] Dentry cache hash table entries: 131072 (order: 8, 1048576 bytes, linear)
[    0.045145] Inode-cache hash table entries: 65536 (order: 7, 524288 bytes, linear)
[    0.045777] Fallback order for Node 0: 0 
[    0.045780] Built 1 zonelists, mobility grouping on.  Total pages: 262014
[    0.046565] Policy zone: DMA32
[    0.046787] mem auto-init: stack:all(zero), heap alloc:off, heap free:off
[    0.047829] Memory: 984564K/1048056K available (16384K kernel code, 2423K rwdata, 6172K rodata, 3088K init, 2004K bss, 63232K reserved, 0K cma-reserved)
[    0.048842] SLUB: HWalign=64, Order=0-3, MinObjects=0, CPUs=32, Nodes=1
Poking KASLR using RDRAND RDTSC...
[    0.049566] ftrace: allocating 47826 entries in 187 pages
[    0.056361] ftrace: allocated 187 pages with 6 groups
[    0.057277] Dynamic Preempt: voluntary
[    0.057679] rcu: Preemptible hierarchical RCU implementation.
[    0.058097] rcu: RCU event tracing is enabled.
[    0.058425] rcu: RCU restricting CPUs from NR_CPUS=64 to nr_cpu_ids=32.
[    0.058910] Trampoline variant of Tasks RCU enabled.
[    0.059279] Rude variant of Tasks RCU enabled.
[    0.059607] Tracing variant of Tasks RCU enabled.
[    0.059953] rcu: RCU calculated value of scheduler-enlistment delay is 100 jiffies.
[    0.060507] rcu: Adjusting geometry for rcu_fanout_leaf=16, nr_cpu_ids=32
[    0.061007] RCU Tasks: Setting shift to 5 and lim to 1 rcu_task_cb_adjust=1.
[    0.061519] RCU Tasks Rude: Setting shift to 5 and lim to 1 rcu_task_cb_adjust=1.
[    0.062061] RCU Tasks Trace: Setting shift to 5 and lim to 1 rcu_task_cb_adjust=1.
[    0.063946] NR_IRQS: 4352, nr_irqs: 680, preallocated irqs: 16
[    0.064531] rcu: srcu_init: Setting srcu_struct sizes based on contention.
[    0.065166] Console: colour *CGA 80x25
[    0.065443] ACPI: Core revision 20240322
[    0.065791] clocksource: hpet: mask: 0xffffffff max_cycles: 0xffffffff, max_idle_ns: 19112604467 ns
[    0.066499] APIC: Switch to symmetric I/O mode setup
[    0.066862] APIC: Switched APIC routing to: physical flat
[    0.067251] kvm-guest: APIC: send_IPI_mask() replaced with kvm_send_ipi_mask()
[    0.067771] kvm-guest: APIC: send_IPI_mask_allbutself() replaced with kvm_send_ipi_mask_allbutself()
[    0.068423] kvm-guest: setup PV IPIs
[    0.069438] ..TIMER: vector=0x30 apic1=0 pin1=2 apic2=-1 pin2=-1
[    0.070217] tsc: Marking TSC unstable due to TSCs unsynchronized
[    0.070989] Calibrating delay loop (skipped) preset value.. 8983.12 BogoMIPS (lpj=4491560)
[    0.072045] x86/cpu: User Mode Instruction Prevention (UMIP) activated
[    0.073035] Last level iTLB entries: 4KB 512, 2MB 255, 4MB 127
[    0.073988] Last level dTLB entries: 4KB 512, 2MB 255, 4MB 127, 1GB 0
[    0.074991] Spectre V1 : Mitigation: usercopy/swapgs barriers and __user pointer sanitization
[    0.075991] Spectre V2 : Mitigation: Enhanced / Automatic IBRS
[    0.076720] Spectre V2 : Spectre v2 / SpectreRSB mitigation: Filling RSB on context switch
[    0.076989] Spectre V2 : mitigation: Enabling conditional Indirect Branch Prediction Barrier
[    0.077989] Speculative Store Bypass: Mitigation: Speculative Store Bypass disabled via prctl
[    0.078988] Speculative Return Stack Overflow: IBPB-extending microcode not applied!
[    0.079988] Speculative Return Stack Overflow: WARNING: See https://kernel.org/doc/html/latest/admin-guide/hw-vuln/srso.html for mitigation options.
[    0.079988] Speculative Return Stack Overflow: Vulnerable: Safe RET, no microcode
[    0.082002] x86/fpu: Supporting XSAVE feature 0x001: 'x87 floating point registers'
[    0.082988] x86/fpu: Supporting XSAVE feature 0x002: 'SSE registers'
[    0.083988] x86/fpu: Supporting XSAVE feature 0x004: 'AVX registers'
[    0.084988] x86/fpu: Supporting XSAVE feature 0x020: 'AVX-512 opmask'
[    0.085988] x86/fpu: Supporting XSAVE feature 0x040: 'AVX-512 Hi256'
[    0.086777] x86/fpu: Supporting XSAVE feature 0x080: 'AVX-512 ZMM_Hi256'
[    0.086988] x86/fpu: Supporting XSAVE feature 0x200: 'Protection Keys User registers'
[    0.087988] x86/fpu: xstate_offset[2]:  576, xstate_sizes[2]:  256
[    0.088988] x86/fpu: xstate_offset[5]:  832, xstate_sizes[5]:   64
[    0.089988] x86/fpu: xstate_offset[6]:  896, xstate_sizes[6]:  512
[    0.090988] x86/fpu: xstate_offset[7]: 1408, xstate_sizes[7]: 1024
[    0.091747] x86/fpu: xstate_offset[9]: 2432, xstate_sizes[9]:    8
[    0.091988] x86/fpu: Enabled xstate features 0x2e7, context size is 2440 bytes, using 'compacted' format.
[    0.107121] Freeing SMP alternatives memory: 40K
[    0.107697] pid_max: default: 32768 minimum: 301
[    0.108007] Mount-cache hash table entries: 2048 (order: 2, 16384 bytes, linear)
[    0.108988] Mountpoint-cache hash table entries: 2048 (order: 2, 16384 bytes, linear)
[    0.110116] smpboot: CPU0: AMD Ryzen 9 7950X 16-Core Processor (family: 0x19, model: 0x61, stepping: 0x2)
[    0.111086] Performance Events: Fam17h+ core perfctr, AMD PMU driver.
[    0.111898] ... version:                0
[    0.111990] ... bit width:              48
[    0.112493] ... generic registers:      6
[    0.112984] ... value mask:             0000ffffffffffff
[    0.112989] ... max period:             00007fffffffffff
[    0.113642] ... fixed-purpose events:   0
[    0.113989] ... event mask:             000000000000003f
[    0.114715] signal: max sigframe size: 3376
[    0.115003] rcu: Hierarchical SRCU implementation.
[    0.115590] rcu: Max phase no-delay instances is 400.
[    0.118051] smp: Bringing up secondary CPUs ...
[    0.118656] smpboot: x86: Booting SMP configuration:
[    0.118990] .... node  #0, CPUs:        #1  #2  #3  #4  #5  #6  #7  #8  #9 #10 #11 #12 #13 #14 #15 #16 #17 #18 #19 #20 #21 #22 #23 #24 #25 #26 #27 #28 #29 #30 #31
[    0.131081] smp: Brought up 1 node, 32 CPUs
[    0.132507] smpboot: Total of 32 processors activated (287459.84 BogoMIPS)
[    0.135052] devtmpfs: initialized
[    0.135430] x86/mm: Memory block size: 128MB
[    0.136665] clocksource: jiffies: mask: 0xffffffff max_cycles: 0xffffffff, max_idle_ns: 1911260446275000 ns
[    0.136991] futex hash table entries: 8192 (order: 7, 524288 bytes, linear)
[    0.138026] PM: RTC time: 00:05:50, date: 2024-06-25
[    0.138977] NET: Registered PF_NETLINK/PF_ROUTE protocol family
[    0.139103] thermal_sys: Registered thermal governor 'step_wise'
[    0.139104] thermal_sys: Registered thermal governor 'user_space'
[    0.139864] cpuidle: using governor menu
[    0.141177] PCI: Using configuration type 1 for base access
[    0.141991] PCI: Using configuration type 1 for extended access
[    0.142797] kprobes: kprobe jump-optimization is enabled. All kprobes are optimized if possible.
[    0.160124] HugeTLB: registered 1.00 GiB page size, pre-allocated 0 pages
[    0.160979] HugeTLB: 16380 KiB vmemmap can be freed for a 1.00 GiB page
[    0.160990] HugeTLB: registered 2.00 MiB page size, pre-allocated 0 pages
[    0.161833] HugeTLB: 28 KiB vmemmap can be freed for a 2.00 MiB page
[    0.162823] Demotion targets for Node 0: null
[    0.163027] ACPI: Added _OSI(Module Device)
[    0.163543] ACPI: Added _OSI(Processor Device)
[    0.163990] ACPI: Added _OSI(3.0 _SCP Extensions)
[    0.164586] ACPI: Added _OSI(Processor Aggregator Device)
[    0.165663] ACPI: 1 ACPI AML tables successfully acquired and loaded
[    0.166522] ACPI: _OSC evaluation for CPUs failed, trying _PDC
[    0.167121] ACPI: Interpreter enabled
[    0.167591] ACPI: PM: (supports S0 S3 S4 S5)
[    0.167990] ACPI: Using IOAPIC for interrupt routing
[    0.168617] PCI: Using host bridge windows from ACPI; if necessary, use "pci=nocrs" and report a bug
[    0.168989] PCI: Using E820 reservations for host bridge windows
[    0.169812] ACPI: Enabled 2 GPEs in block 00 to 0F
[    0.172456] ACPI: PCI Root Bridge [PCI0] (domain 0000 [bus 00-ff])
[    0.172991] acpi PNP0A03:00: _OSC: OS supports [ExtendedConfig ASPM ClockPM Segments MSI HPX-Type3]
[    0.174074] PCI host bridge to bus 0000:00
[    0.174580] pci_bus 0000:00: root bus resource [io  0x0000-0x0cf7 window]
[    0.174989] pci_bus 0000:00: root bus resource [io  0x0d00-0xffff window]
[    0.175834] pci_bus 0000:00: root bus resource [mem 0x000a0000-0x000bffff window]
[    0.175989] pci_bus 0000:00: root bus resource [mem 0x40000000-0xfebfffff window]
[    0.176917] pci_bus 0000:00: root bus resource [mem 0x100000000-0x17fffffff window]
[    0.176990] pci_bus 0000:00: root bus resource [bus 00-ff]
[    0.177750] pci 0000:00:00.0: [8086:1237] type 00 class 0x060000 conventional PCI endpoint
[    0.178227] pci 0000:00:01.0: [8086:7000] type 00 class 0x060100 conventional PCI endpoint
[    0.179293] pci 0000:00:01.1: [8086:7010] type 00 class 0x010180 conventional PCI endpoint
[    0.182493] pci 0000:00:01.1: BAR 4 [io  0xc0c0-0xc0cf]
[    0.183948] pci 0000:00:01.1: BAR 0 [io  0x01f0-0x01f7]: legacy IDE quirk
[    0.183990] pci 0000:00:01.1: BAR 1 [io  0x03f6]: legacy IDE quirk
[    0.184759] pci 0000:00:01.1: BAR 2 [io  0x0170-0x0177]: legacy IDE quirk
[    0.184989] pci 0000:00:01.1: BAR 3 [io  0x0376]: legacy IDE quirk
[    0.185841] pci 0000:00:01.3: [8086:7113] type 00 class 0x068000 conventional PCI endpoint
[    0.186222] pci 0000:00:01.3: quirk: [io  0x0600-0x063f] claimed by PIIX4 ACPI
[    0.186993] pci 0000:00:01.3: quirk: [io  0x0700-0x070f] claimed by PIIX4 SMB
[    0.188046] pci 0000:00:02.0: [1af4:1009] type 00 class 0x000200 conventional PCI endpoint
[    0.189990] pci 0000:00:02.0: BAR 0 [io  0xc000-0xc03f]
[    0.191710] pci 0000:00:02.0: BAR 1 [mem 0xfebfc000-0xfebfcfff]
[    0.194990] pci 0000:00:02.0: BAR 4 [mem 0xfebf0000-0xfebf3fff 64bit pref]
[    0.197570] pci 0000:00:03.0: [1af4:1009] type 00 class 0x000200 conventional PCI endpoint
[    0.198990] pci 0000:00:03.0: BAR 0 [io  0xc040-0xc07f]
[    0.200668] pci 0000:00:03.0: BAR 1 [mem 0xfebfd000-0xfebfdfff]
[    0.204627] pci 0000:00:03.0: BAR 4 [mem 0xfebf4000-0xfebf7fff 64bit pref]
[    0.206513] pci 0000:00:04.0: [8086:25ab] type 00 class 0x088000 conventional PCI endpoint
[    0.207529] pci 0000:00:04.0: BAR 0 [mem 0xfebfe000-0xfebfe00f]
[    0.210821] pci 0000:00:05.0: [1af4:1003] type 00 class 0x078000 conventional PCI endpoint
[    0.212485] pci 0000:00:05.0: BAR 0 [io  0xc080-0xc0bf]
[    0.213990] pci 0000:00:05.0: BAR 1 [mem 0xfebff000-0xfebfffff]
[    0.217673] pci 0000:00:05.0: BAR 4 [mem 0xfebf8000-0xfebfbfff 64bit pref]
[    0.219706] ACPI: PCI: Interrupt link LNKA configured for IRQ 10
[    0.220095] ACPI: PCI: Interrupt link LNKB configured for IRQ 10
[    0.220939] ACPI: PCI: Interrupt link LNKC configured for IRQ 11
[    0.221082] ACPI: PCI: Interrupt link LNKD configured for IRQ 11
[    0.221889] ACPI: PCI: Interrupt link LNKS configured for IRQ 9
[    0.222820] iommu: Default domain type: Translated
[    0.222990] iommu: DMA domain TLB invalidation policy: lazy mode
[    0.223778] SCSI subsystem initialized
[    0.224017] pps_core: LinuxPPS API ver. 1 registered
[    0.224631] pps_core: Software ver. 5.3.6 - Copyright 2005-2007 Rodolfo Giometti <giometti@linux.it>
[    0.224992] PTP clock support registered
[    0.225495] Advanced Linux Sound Architecture Driver Initialized.
[    0.226333] NET: Registered PF_ATMPVC protocol family
[    0.226972] NET: Registered PF_ATMSVC protocol family
[    0.226993] PCI: Using ACPI for IRQ routing
[    0.227588] vgaarb: loaded
[    0.228016] hpet0: at MMIO 0xfed00000, IRQs 2, 8, 0
[    0.228620] hpet0: 3 comparators, 64-bit 100.000000 MHz counter
[    0.232137] clocksource: Switched to clocksource kvm-clock
[    0.232750] VFS: Disk quotas dquot_6.6.0
[    0.233260] VFS: Dquot-cache hash table entries: 512 (order 0, 4096 bytes)
[    0.234145] pnp: PnP ACPI init
[    0.234691] pnp: PnP ACPI: found 5 devices
[    0.242749] clocksource: acpi_pm: mask: 0xffffff max_cycles: 0xffffff, max_idle_ns: 2085701024 ns
[    0.243877] NET: Registered PF_INET protocol family
[    0.244494] IP idents hash table entries: 16384 (order: 5, 131072 bytes, linear)
[    0.245563] tcp_listen_portaddr_hash hash table entries: 512 (order: 1, 8192 bytes, linear)
[    0.246604] Table-perturb hash table entries: 65536 (order: 6, 262144 bytes, linear)
[    0.247573] TCP established hash table entries: 8192 (order: 4, 65536 bytes, linear)
[    0.248535] TCP bind hash table entries: 8192 (order: 6, 262144 bytes, linear)
[    0.249435] TCP: Hash tables configured (established 8192 bind 8192)
[    0.250338] UDP hash table entries: 512 (order: 2, 16384 bytes, linear)
[    0.251164] UDP-Lite hash table entries: 512 (order: 2, 16384 bytes, linear)
[    0.252062] NET: Registered PF_UNIX/PF_LOCAL protocol family
[    0.252764] pci_bus 0000:00: resource 4 [io  0x0000-0x0cf7 window]
[    0.253529] pci_bus 0000:00: resource 5 [io  0x0d00-0xffff window]
[    0.254294] pci_bus 0000:00: resource 6 [mem 0x000a0000-0x000bffff window]
[    0.255147] pci_bus 0000:00: resource 7 [mem 0x40000000-0xfebfffff window]
[    0.255998] pci_bus 0000:00: resource 8 [mem 0x100000000-0x17fffffff window]
[    0.256886] pci 0000:00:01.0: PIIX3: Enabling Passive Release
[    0.257603] pci 0000:00:00.0: Limiting direct PCI/PCI transfers
[    0.258369] PCI: CLS 0 bytes, default 64
[    0.258916] kvm_intel: VMX not supported by CPU 0
[    0.259524] kvm_amd: TSC scaling supported
[    0.260036] kvm_amd: Nested Virtualization enabled
[    0.260627] kvm_amd: Nested Paging enabled
[    0.261137] kvm_amd: LBR virtualization supported
[    0.261723] kvm_amd: Virtual VMLOAD VMSAVE supported
[    0.262339] kvm_amd: Virtual GIF supported
[    0.262843] kvm_amd: Virtual NMI enabled
[    0.293574] Initialise system trusted keyrings
[    0.294200] workingset: timestamp_bits=56 max_order=18 bucket_order=0
[    0.295039] squashfs: version 4.0 (2009/01/31) Phillip Lougher
[    0.295785] fuse: init (API version 7.40)
[    0.296335] 9p: Installing v9fs 9p2000 file system support
[    0.303420] Key type asymmetric registered
[    0.303938] Asymmetric key parser 'x509' registered
[    0.304565] Block layer SCSI generic (bsg) driver version 0.4 loaded (major 249)
[    0.305512] io scheduler mq-deadline registered
[    0.306086] io scheduler kyber registered
[    0.308339] input: Power Button as /devices/LNXSYSTM:00/LNXPWRBN:00/input/input0
[    0.309320] ACPI: button: Power Button [PWRF]
[    0.309885] Warning: Processor Platform Limit event detected, but not handled.
[    0.310798] Consider compiling CPUfreq support into your kernel.
[    0.327421] ACPI: \_SB_.LNKB: Enabled at IRQ 10
[    0.343681] ACPI: \_SB_.LNKC: Enabled at IRQ 11
[    0.359865] ACPI: \_SB_.LNKA: Enabled at IRQ 10
[    0.361073] Serial: 8250/16550 driver, 4 ports, IRQ sharing enabled
[    0.361963] 00:03: ttyS0 at I/O 0x3f8 (irq = 4, base_baud = 115200) is a 16550A
[    0.390004] Non-volatile memory driver v1.3
[    0.390559] Linux agpgart interface v0.103
[    0.391145] ACPI: bus type drm_connector registered
[    0.391770] printk: legacy console [hvc0] enabled
[    0.392645] printk: legacy bootconsole [earlyser0] disabled
          _      _                                    
   __   _(_)_ __| |_ _ __ ___   ___       _ __   __ _ 
   \ \ / / |  __| __|  _   _ \ / _ \_____|  _ \ / _  |
    \ V /| | |  | |_| | | | | |  __/_____| | | | (_| |
     \_/ |_|_|   \__|_| |_| |_|\___|     |_| |_|\__  |
                                                |___/ 
   kernel version: 6.10.0-rc4-virtme x86_64
   (CTRL+d to exit)

virtme-ng:/nipa-data/kernel# PS1='xx__-> '
xx__-> env
PWD=/nipa-data/kernel
nr_open=1048576
HOME=/root
TERM=xterm
SHLVL=2
XDG_RUNTIME_DIR=/run/user/0
PATH=/bin:/sbin:/usr/bin:/usr/sbin:/usr/local/bin
OLDPWD=/
_=/usr/bin/env
xx__-> 