No EFI environment detected.
early console in extract_kernel
input_data: 0x00000000030602b9
input_len: 0x0000000000b82fff
output: 0x0000000001000000
output_len: 0x000000000252f404
kernel_total_size: 0x0000000002c30000
needed_size: 0x0000000002e00000
trampoline_32bit: 0x0000000000000000
Physical KASLR using RDRAND RDTSC...
Virtual KASLR using RDRAND RDTSC...

Decompressing Linux... Parsing ELF... Performing relocations... done.
Booting the kernel (entry_offset: 0x0000000000000000).
[    0.000000] Linux version 6.8.0-rc2-virtme (root@f52ff4b8b252) (gcc (Alpine 13.2.1_git20231014) 13.2.1 20231014, GNU ld (GNU Binutils) 2.41) #1 SMP PREEMPT_DYNAMIC Tue Feb  6 15:06:08 UTC 2024
[    0.000000] Command line: virtme_hostname=virtme-ng virtme_link_mods=/nipa-data/kernel/.virtme_mods/lib/modules/0.0.0 virtme_initmount0=nipa-data/kernel virtme_rw_overlay0=/etc virtme_rw_overlay1=/lib virtme_rw_overlay2=/home virtme_rw_overlay3=/opt virtme_rw_overlay4=/srv virtme_rw_overlay5=/usr virtme_rw_overlay6=/var earlyprintk=serial,ttyS0,115200 console=ttyS0 psmouse.proto=exps virtme_chdir=nipa-data/kernel virtme_root_user=1 rootfstype=9p rootflags=version=9p2000.L,trans=virtio,access=any raid=noautodetect ro init=/usr/lib/python3.11/site-packages/virtme/guest/virtme-init
[    0.000000] BIOS-provided physical RAM map:
[    0.000000] BIOS-e820: [mem 0x0000000000000000-0x000000000009fbff] usable
[    0.000000] BIOS-e820: [mem 0x000000000009fc00-0x000000000009ffff] reserved
[    0.000000] BIOS-e820: [mem 0x00000000000f0000-0x00000000000fffff] reserved
[    0.000000] BIOS-e820: [mem 0x0000000000100000-0x000000003ffdffff] usable
[    0.000000] BIOS-e820: [mem 0x000000003ffe0000-0x000000003fffffff] reserved
[    0.000000] BIOS-e820: [mem 0x00000000feffc000-0x00000000feffffff] reserved
[    0.000000] BIOS-e820: [mem 0x00000000fffc0000-0x00000000ffffffff] reserved
[    0.000000] BIOS-e820: [mem 0x000000fd00000000-0x000000ffffffffff] reserved
[    0.000000] printk: legacy bootconsole [earlyser0] enabled
[    0.000000] NX (Execute Disable) protection: active
[    0.000000] APIC: Static calls initialized
[    0.000000] SMBIOS 3.0.0 present.
[    0.000000] DMI: QEMU Standard PC (i440FX + PIIX, 1996), BIOS rel-1.16.3-0-ga6ed6b701f0a-prebuilt.qemu.org 04/01/2014
[    0.000000] Hypervisor detected: KVM
[    0.000000] kvm-clock: Using msrs 4b564d01 and 4b564d00
[    0.000001] kvm-clock: using sched offset of 228924208 cycles
[    0.000393] clocksource: kvm-clock: mask: 0xffffffffffffffff max_cycles: 0x1cd42e4dffb, max_idle_ns: 881590591483 ns
[    0.001620] tsc: Detected 4491.536 MHz processor
[    0.002233] last_pfn = 0x3ffe0 max_arch_pfn = 0x400000000
[    0.002681] MTRR map: 4 entries (3 fixed + 1 variable; max 19), built from 8 variable MTRRs
[    0.003311] x86/PAT: Configuration [0-7]: WB  WC  UC- UC  WB  WP  UC- WT  
Memory KASLR using RDRAND RDTSC...
[    0.005419] found SMP MP-table at [mem 0x000f5470-0x000f547f]
[    0.005856] Using GB pages for direct mapping
[    0.006253] ACPI: Early table checksum verification disabled
[    0.006704] ACPI: RSDP 0x00000000000F5290 000014 (v00 BOCHS )
[    0.007139] ACPI: RSDT 0x000000003FFE27B6 000034 (v01 BOCHS  BXPC     00000001 BXPC 00000001)
[    0.007783] ACPI: FACP 0x000000003FFE2572 000074 (v01 BOCHS  BXPC     00000001 BXPC 00000001)
[    0.008424] ACPI: DSDT 0x000000003FFE0040 002532 (v01 BOCHS  BXPC     00000001 BXPC 00000001)
[    0.009064] ACPI: FACS 0x000000003FFE0000 000040
[    0.009421] ACPI: APIC 0x000000003FFE25E6 000170 (v03 BOCHS  BXPC     00000001 BXPC 00000001)
[    0.010060] ACPI: HPET 0x000000003FFE2756 000038 (v01 BOCHS  BXPC     00000001 BXPC 00000001)
[    0.010719] ACPI: WAET 0x000000003FFE278E 000028 (v01 BOCHS  BXPC     00000001 BXPC 00000001)
[    0.011361] ACPI: Reserving FACP table memory at [mem 0x3ffe2572-0x3ffe25e5]
[    0.011892] ACPI: Reserving DSDT table memory at [mem 0x3ffe0040-0x3ffe2571]
[    0.012421] ACPI: Reserving FACS table memory at [mem 0x3ffe0000-0x3ffe003f]
[    0.012950] ACPI: Reserving APIC table memory at [mem 0x3ffe25e6-0x3ffe2755]
[    0.013486] ACPI: Reserving HPET table memory at [mem 0x3ffe2756-0x3ffe278d]
[    0.014014] ACPI: Reserving WAET table memory at [mem 0x3ffe278e-0x3ffe27b5]
[    0.014708] No NUMA configuration found
[    0.014997] Faking a node at [mem 0x0000000000000000-0x000000003ffdffff]
[    0.015499] NODE_DATA(0) allocated [mem 0x3ffdb000-0x3ffdffff]
[    0.015948] Zone ranges:
[    0.016137]   DMA      [mem 0x0000000000001000-0x0000000000ffffff]
[    0.016600]   DMA32    [mem 0x0000000001000000-0x000000003ffdffff]
[    0.017063]   Normal   empty
[    0.017288]   Device   empty
[    0.017503] Movable zone start for each node
[    0.017822] Early memory node ranges
[    0.018090]   node   0: [mem 0x0000000000001000-0x000000000009efff]
[    0.018577]   node   0: [mem 0x0000000000100000-0x000000003ffdffff]
[    0.019047] Initmem setup node 0 [mem 0x0000000000001000-0x000000003ffdffff]
[    0.019577] On node 0, zone DMA: 1 pages in unavailable ranges
[    0.020025] On node 0, zone DMA: 97 pages in unavailable ranges
[    0.021466] On node 0, zone DMA32: 32 pages in unavailable ranges
[    0.022118] ACPI: PM-Timer IO Port: 0x608
[    0.022442] ACPI: LAPIC_NMI (acpi_id[0xff] dfl dfl lint[0x1])
[    0.022890] IOAPIC[0]: apic_id 0, version 17, address 0xfec00000, GSI 0-23
[    0.023413] ACPI: INT_SRC_OVR (bus 0 bus_irq 0 global_irq 2 dfl dfl)
[    0.023890] ACPI: INT_SRC_OVR (bus 0 bus_irq 5 global_irq 5 high level)
[    0.024386] ACPI: INT_SRC_OVR (bus 0 bus_irq 9 global_irq 9 high level)
[    0.024882] ACPI: INT_SRC_OVR (bus 0 bus_irq 10 global_irq 10 high level)
[    0.025396] ACPI: INT_SRC_OVR (bus 0 bus_irq 11 global_irq 11 high level)
[    0.025906] ACPI: Using ACPI (MADT) for SMP configuration information
[    0.026407] ACPI: HPET id: 0x8086a201 base: 0xfed00000
[    0.026793] TSC deadline timer available
[    0.027088] smpboot: Allowing 32 CPUs, 0 hotplug CPUs
[    0.027479] kvm-guest: APIC: eoi() replaced with kvm_guest_apic_eoi_write()
[    0.028010] kvm-guest: KVM setup pv remote TLB flush
[    0.028383] kvm-guest: setup PV sched yield
[    0.028702] PM: hibernation: Registered nosave memory: [mem 0x00000000-0x00000fff]
[    0.029273] PM: hibernation: Registered nosave memory: [mem 0x0009f000-0x0009ffff]
[    0.029839] PM: hibernation: Registered nosave memory: [mem 0x000a0000-0x000effff]
[    0.030424] PM: hibernation: Registered nosave memory: [mem 0x000f0000-0x000fffff]
[    0.030993] [mem 0x40000000-0xfeffbfff] available for PCI devices
[    0.031450] Booting paravirtualized kernel on KVM
[    0.031802] clocksource: refined-jiffies: mask: 0xffffffff max_cycles: 0xffffffff, max_idle_ns: 1910969940391419 ns
[    0.035555] setup_percpu: NR_CPUS:64 nr_cpumask_bits:32 nr_cpu_ids:32 nr_node_ids:1
[    0.036722] percpu: Embedded 58 pages/cpu s199840 r8192 d29536 u262144
[    0.037256] Kernel command line: virtme_hostname=virtme-ng virtme_link_mods=/nipa-data/kernel/.virtme_mods/lib/modules/0.0.0 virtme_initmount0=nipa-data/kernel virtme_rw_overlay0=/etc virtme_rw_overlay1=/lib virtme_rw_overlay2=/home virtme_rw_overlay3=/opt virtme_rw_overlay4=/srv virtme_rw_overlay5=/usr virtme_rw_overlay6=/var earlyprintk=serial,ttyS0,115200 console=ttyS0 psmouse.proto=exps virtme_chdir=nipa-data/kernel virtme_root_user=1 rootfstype=9p rootflags=version=9p2000.L,trans=virtio,access=any raid=noautodetect ro init=/usr/lib/python3.11/site-packages/virtme/guest/virtme-init
[    0.041368] Unknown kernel command line parameters "virtme_hostname=virtme-ng virtme_link_mods=/nipa-data/kernel/.virtme_mods/lib/modules/0.0.0 virtme_initmount0=nipa-data/kernel virtme_rw_overlay0=/etc virtme_rw_overlay1=/lib virtme_rw_overlay2=/home virtme_rw_overlay3=/opt virtme_rw_overlay4=/srv virtme_rw_overlay5=/usr virtme_rw_overlay6=/var virtme_chdir=nipa-data/kernel virtme_root_user=1", will be passed to user space.
[    0.044514] random: crng init done
[    0.044810] Dentry cache hash table entries: 131072 (order: 8, 1048576 bytes, linear)
[    0.045449] Inode-cache hash table entries: 65536 (order: 7, 524288 bytes, linear)
[    0.046135] Fallback order for Node 0: 0 
[    0.046138] Built 1 zonelists, mobility grouping on.  Total pages: 257760
[    0.046994] Policy zone: DMA32
[    0.047230] mem auto-init: stack:all(zero), heap alloc:off, heap free:off
[    0.049233] Memory: 976372K/1048056K available (16384K kernel code, 2557K rwdata, 6072K rodata, 3156K init, 12004K bss, 71424K reserved, 0K cma-reserved)
[    0.050348] SLUB: HWalign=64, Order=0-3, MinObjects=0, CPUs=32, Nodes=1
Poking KASLR using RDRAND RDTSC...
[    0.051153] ftrace: allocating 46547 entries in 182 pages
[    0.058332] ftrace: allocated 182 pages with 5 groups
[    0.059580] Dynamic Preempt: voluntary
[    0.060085] Running RCU self tests
[    0.060361] Running RCU synchronous self tests
[    0.060712] rcu: Preemptible hierarchical RCU implementation.
[    0.061155] rcu: RCU event tracing is enabled.
[    0.061522] rcu: RCU lockdep checking is enabled.
[    0.061893] rcu: RCU restricting CPUs from NR_CPUS=64 to nr_cpu_ids=32.
[    0.062423] Trampoline variant of Tasks RCU enabled.
[    0.062814] Rude variant of Tasks RCU enabled.
[    0.063164] Tracing variant of Tasks RCU enabled.
[    0.063548] rcu: RCU calculated value of scheduler-enlistment delay is 100 jiffies.
[    0.064150] rcu: Adjusting geometry for rcu_fanout_leaf=16, nr_cpu_ids=32
[    0.064711] Running RCU synchronous self tests
[    0.066715] NR_IRQS: 4352, nr_irqs: 680, preallocated irqs: 16
[    0.067370] rcu: srcu_init: Setting srcu_struct sizes based on contention.
[    0.068103] Console: colour *CGA 80x25
[    0.068431] printk: legacy console [ttyS0] enabled
[    0.068431] printk: legacy console [ttyS0] enabled
[    0.069169] printk: legacy bootconsole [earlyser0] disabled
[    0.069169] printk: legacy bootconsole [earlyser0] disabled
[    0.070051] Lock dependency validator: Copyright (c) 2006 Red Hat, Inc., Ingo Molnar
[    0.070655] ... MAX_LOCKDEP_SUBCLASSES:  8
[    0.070974] ... MAX_LOCK_DEPTH:          48
[    0.071299] ... MAX_LOCKDEP_KEYS:        8192
[    0.071650] ... CLASSHASH_SIZE:          4096
[    0.071990] ... MAX_LOCKDEP_ENTRIES:     32768
[    0.072338] ... MAX_LOCKDEP_CHAINS:      65536
[    0.072753] ... CHAINHASH_SIZE:          32768
[    0.073170]  memory used by lock dependency info: 6429 kB
[    0.073677]  memory used for stack traces: 4224 kB
[    0.074123]  per task-struct memory footprint: 1920 bytes
[    0.074644] ACPI: Core revision 20230628
[    0.075138] clocksource: hpet: mask: 0xffffffff max_cycles: 0xffffffff, max_idle_ns: 19112604467 ns
[    0.076113] APIC: Switch to symmetric I/O mode setup
[    0.076591] APIC: Switched APIC routing to: physical flat
[    0.077127] kvm-guest: APIC: send_IPI_mask() replaced with kvm_send_ipi_mask()
[    0.077805] kvm-guest: APIC: send_IPI_mask_allbutself() replaced with kvm_send_ipi_mask_allbutself()
[    0.078622] kvm-guest: setup PV IPIs
[    0.079950] ..TIMER: vector=0x30 apic1=0 pin1=2 apic2=-1 pin2=-1
[    0.080997] tsc: Marking TSC unstable due to TSCs unsynchronized
[    0.082042] Calibrating delay loop (skipped) preset value.. 8983.07 BogoMIPS (lpj=4491536)
[    0.083107] x86/cpu: User Mode Instruction Prevention (UMIP) activated
[    0.084105] Last level iTLB entries: 4KB 512, 2MB 255, 4MB 127
[    0.085037] Last level dTLB entries: 4KB 512, 2MB 255, 4MB 127, 1GB 0
[    0.086041] Spectre V1 : Mitigation: usercopy/swapgs barriers and __user pointer sanitization
[    0.087041] Spectre V2 : Mitigation: Enhanced / Automatic IBRS
[    0.088037] Spectre V2 : Spectre v2 / SpectreRSB mitigation: Filling RSB on context switch
[    0.089039] Spectre V2 : mitigation: Enabling conditional Indirect Branch Prediction Barrier
[    0.090038] Speculative Store Bypass: Mitigation: Speculative Store Bypass disabled via prctl
[    0.091037] Speculative Return Stack Overflow: IBPB-extending microcode not applied!
[    0.092037] Speculative Return Stack Overflow: WARNING: See https://kernel.org/doc/html/latest/admin-guide/hw-vuln/srso.html for mitigation options.
[    0.092038] Speculative Return Stack Overflow: Vulnerable: Safe RET, no microcode
[    0.094061] x86/fpu: Supporting XSAVE feature 0x001: 'x87 floating point registers'
[    0.095037] x86/fpu: Supporting XSAVE feature 0x002: 'SSE registers'
[    0.096037] x86/fpu: Supporting XSAVE feature 0x004: 'AVX registers'
[    0.097037] x86/fpu: Supporting XSAVE feature 0x020: 'AVX-512 opmask'
[    0.098037] x86/fpu: Supporting XSAVE feature 0x040: 'AVX-512 Hi256'
[    0.099037] x86/fpu: Supporting XSAVE feature 0x080: 'AVX-512 ZMM_Hi256'
[    0.100037] x86/fpu: Supporting XSAVE feature 0x200: 'Protection Keys User registers'
[    0.101037] x86/fpu: xstate_offset[2]:  576, xstate_sizes[2]:  256
[    0.102037] x86/fpu: xstate_offset[5]:  832, xstate_sizes[5]:   64
[    0.103037] x86/fpu: xstate_offset[6]:  896, xstate_sizes[6]:  512
[    0.104037] x86/fpu: xstate_offset[7]: 1408, xstate_sizes[7]: 1024
[    0.105037] x86/fpu: xstate_offset[9]: 2432, xstate_sizes[9]:    8
[    0.106037] x86/fpu: Enabled xstate features 0x2e7, context size is 2440 bytes, using 'compacted' format.
[    0.129299] Freeing SMP alternatives memory: 36K
[    0.129932] pid_max: default: 32768 minimum: 301
[    0.130123] Mount-cache hash table entries: 2048 (order: 2, 16384 bytes, linear)
[    0.131040] Mountpoint-cache hash table entries: 2048 (order: 2, 16384 bytes, linear)
[    0.133285] Running RCU synchronous self tests
[    0.133889] Running RCU synchronous self tests
[    0.134204] smpboot: CPU0: AMD Ryzen 9 7950X 16-Core Processor (family: 0x19, model: 0x61, stepping: 0x2)
[    0.135413] RCU Tasks: Setting shift to 5 and lim to 1 rcu_task_cb_adjust=1.
[    0.136071] RCU Tasks Rude: Setting shift to 5 and lim to 1 rcu_task_cb_adjust=1.
[    0.137082] RCU Tasks Trace: Setting shift to 5 and lim to 1 rcu_task_cb_adjust=1.
[    0.138078] Running RCU Tasks wait API self tests
[    0.246131] Running RCU Tasks Rude wait API self tests
[    0.247147] Running RCU Tasks Trace wait API self tests
[    0.248101] Performance Events: Fam17h+ core perfctr, AMD PMU driver.
[    0.249048] ... version:                0
[    0.249732] ... bit width:              48
[    0.250041] ... generic registers:      6
[    0.250723] ... value mask:             0000ffffffffffff
[    0.251040] ... max period:             00007fffffffffff
[    0.251946] ... fixed-purpose events:   0
[    0.252040] ... event mask:             000000000000003f
[    0.253193] signal: max sigframe size: 3376
[    0.254018] rcu: Hierarchical SRCU implementation.
[    0.254045] rcu: Max phase no-delay instances is 400.
[    0.254939] Callback from call_rcu_tasks_trace() invoked.
[    0.259531] smp: Bringing up secondary CPUs ...
[    0.260416] smpboot: x86: Booting SMP configuration:
[    0.261045] .... node  #0, CPUs:        #1  #2  #3  #4  #5  #6  #7  #8  #9 #10 #11 #12 #13 #14 #15 #16 #17 #18 #19 #20 #21 #22 #23 #24 #25 #26 #27 #28 #29 #30 #31
[    0.288195] smp: Brought up 1 node, 32 CPUs
[    0.289591] smpboot: Max logical packages: 1
[    0.290039] smpboot: Total of 32 processors activated (287458.30 BogoMIPS)
[    0.295256] devtmpfs: initialized
[    0.296130] x86/mm: Memory block size: 128MB
[    0.298656] Running RCU synchronous self tests
[    0.299065] Running RCU synchronous self tests
[    0.299729] clocksource: jiffies: mask: 0xffffffff max_cycles: 0xffffffff, max_idle_ns: 1911260446275000 ns
[    0.300045] futex hash table entries: 8192 (order: 8, 1048576 bytes, linear)
[    0.301462] PM: RTC time: 15:06:42, date: 2024-02-06
[    0.302692] NET: Registered PF_NETLINK/PF_ROUTE protocol family
[    0.303644] thermal_sys: Registered thermal governor 'step_wise'
[    0.303646] thermal_sys: Registered thermal governor 'user_space'
[    0.304083] cpuidle: using governor menu
[    0.306420] PCI: Using configuration type 1 for base access
[    0.307047] PCI: Using configuration type 1 for extended access
[    0.307937] kprobes: kprobe jump-optimization is enabled. All kprobes are optimized if possible.
[    0.322757] HugeTLB: registered 1.00 GiB page size, pre-allocated 0 pages
[    0.323039] HugeTLB: 16380 KiB vmemmap can be freed for a 1.00 GiB page
[    0.323881] HugeTLB: registered 2.00 MiB page size, pre-allocated 0 pages
[    0.324039] HugeTLB: 28 KiB vmemmap can be freed for a 2.00 MiB page
[    0.325471] ACPI: Added _OSI(Module Device)
[    0.326030] ACPI: Added _OSI(Processor Device)
[    0.326040] ACPI: Added _OSI(3.0 _SCP Extensions)
[    0.326654] ACPI: Added _OSI(Processor Aggregator Device)
[    0.331815] ACPI: 1 ACPI AML tables successfully acquired and loaded
[    0.333125] ACPI: _OSC evaluation for CPUs failed, trying _PDC
[    0.334539] ACPI: Interpreter enabled
[    0.335063] ACPI: PM: (supports S0 S3 S4 S5)
[    0.335612] ACPI: Using IOAPIC for interrupt routing
[    0.336058] PCI: Using host bridge windows from ACPI; if necessary, use "pci=nocrs" and report a bug
[    0.337039] PCI: Using E820 reservations for host bridge windows
[    0.338102] ACPI: Enabled 2 GPEs in block 00 to 0F
[    0.347359] ACPI: PCI Root Bridge [PCI0] (domain 0000 [bus 00-ff])
[    0.348043] acpi PNP0A03:00: _OSC: OS supports [ExtendedConfig ASPM ClockPM Segments MSI HPX-Type3]
[    0.349527] PCI host bridge to bus 0000:00
[    0.350817] pci_bus 0000:00: root bus resource [io  0x0000-0x0cf7 window]
[    0.351636] pci_bus 0000:00: root bus resource [io  0x0d00-0xffff window]
[    0.351636] Callback from call_rcu_tasks_rude() invoked.
[    0.351636] pci_bus 0000:00: root bus resource [mem 0x000a0000-0x000bffff window]
[    0.351636] pci_bus 0000:00: root bus resource [mem 0x40000000-0xfebfffff window]
[    0.355046] pci_bus 0000:00: root bus resource [mem 0x100000000-0x17fffffff window]
[    0.356043] pci_bus 0000:00: root bus resource [bus 00-ff]
[    0.357133] pci 0000:00:00.0: [8086:1237] type 00 class 0x060000 conventional PCI endpoint
[    0.358687] pci 0000:00:01.0: [8086:7000] type 00 class 0x060100 conventional PCI endpoint
[    0.360581] pci 0000:00:01.1: [8086:7010] type 00 class 0x010180 conventional PCI endpoint
[    0.365391] pci 0000:00:01.1: BAR 4 [io  0xc080-0xc08f]
[    0.368055] pci 0000:00:01.1: BAR 0 [io  0x01f0-0x01f7]: legacy IDE quirk
[    0.369040] pci 0000:00:01.1: BAR 1 [io  0x03f6]: legacy IDE quirk
[    0.370040] pci 0000:00:01.1: BAR 2 [io  0x0170-0x0177]: legacy IDE quirk
[    0.372041] pci 0000:00:01.1: BAR 3 [io  0x0376]: legacy IDE quirk
[    0.373277] pci 0000:00:01.3: [8086:7113] type 00 class 0x068000 conventional PCI endpoint
[    0.375358] pci 0000:00:01.3: quirk: [io  0x0600-0x063f] claimed by PIIX4 ACPI
[    0.376045] pci 0000:00:01.3: quirk: [io  0x0700-0x070f] claimed by PIIX4 SMB
[    0.378369] pci 0000:00:02.0: [1af4:1009] type 00 class 0x000200 conventional PCI endpoint
[    0.381040] pci 0000:00:02.0: BAR 0 [io  0xc000-0xc03f]
[    0.383981] pci 0000:00:02.0: BAR 1 [mem 0xfebfd000-0xfebfdfff]
[    0.390040] pci 0000:00:02.0: BAR 4 [mem 0xfebf4000-0xfebf7fff 64bit pref]
[    0.396312] pci 0000:00:03.0: [1af4:1009] type 00 class 0x000200 conventional PCI endpoint
[    0.399040] pci 0000:00:03.0: BAR 0 [io  0xc040-0xc07f]
[    0.401951] pci 0000:00:03.0: BAR 1 [mem 0xfebfe000-0xfebfefff]
[    0.409992] pci 0000:00:03.0: BAR 4 [mem 0xfebf8000-0xfebfbfff 64bit pref]
[    0.414515] pci 0000:00:04.0: [8086:25ab] type 00 class 0x088000 conventional PCI endpoint
[    0.417642] pci 0000:00:04.0: BAR 0 [mem 0xfebff000-0xfebff00f]
[    0.424677] ACPI: PCI: Interrupt link LNKA configured for IRQ 10
[    0.425250] ACPI: PCI: Interrupt link LNKB configured for IRQ 10
[    0.427246] ACPI: PCI: Interrupt link LNKC configured for IRQ 11
[    0.429233] ACPI: PCI: Interrupt link LNKD configured for IRQ 11
[    0.430169] ACPI: PCI: Interrupt link LNKS configured for IRQ 9
[    0.434006] iommu: Default domain type: Translated
[    0.435041] iommu: DMA domain TLB invalidation policy: lazy mode
[    0.436132] SCSI subsystem initialized
[    0.436657] pps_core: LinuxPPS API ver. 1 registered
[    0.437041] pps_core: Software ver. 5.3.6 - Copyright 2005-2007 Rodolfo Giometti <giometti@linux.it>
[    0.438043] PTP clock support registered
[    0.439112] Advanced Linux Sound Architecture Driver Initialized.
[    0.440612] NET: Registered PF_ATMPVC protocol family
[    0.441040] NET: Registered PF_ATMSVC protocol family
[    0.441698] PCI: Using ACPI for IRQ routing
[    0.443174] vgaarb: loaded
[    0.443431] hpet0: at MMIO 0xfed00000, IRQs 2, 8, 0
[    0.444041] hpet0: 3 comparators, 64-bit 100.000000 MHz counter
[    0.450602] clocksource: Switched to clocksource kvm-clock
[    0.451853] VFS: Disk quotas dquot_6.6.0
[    0.452454] VFS: Dquot-cache hash table entries: 512 (order 0, 4096 bytes)
[    0.453472] pnp: PnP ACPI init
[    0.454421] pnp: PnP ACPI: found 5 devices
[    0.455214] Callback from call_rcu_tasks() invoked.
[    0.464108] clocksource: acpi_pm: mask: 0xffffff max_cycles: 0xffffff, max_idle_ns: 2085701024 ns
[    0.465319] NET: Registered PF_INET protocol family
[    0.466012] IP idents hash table entries: 16384 (order: 5, 131072 bytes, linear)
[    0.467264] tcp_listen_portaddr_hash hash table entries: 512 (order: 3, 36864 bytes, linear)
[    0.468369] Table-perturb hash table entries: 65536 (order: 6, 262144 bytes, linear)
[    0.469404] TCP established hash table entries: 8192 (order: 4, 65536 bytes, linear)
[    0.470448] TCP bind hash table entries: 8192 (order: 8, 1179648 bytes, linear)
[    0.471770] TCP: Hash tables configured (established 8192 bind 8192)
[    0.472697] UDP hash table entries: 512 (order: 4, 81920 bytes, linear)
[    0.473588] UDP-Lite hash table entries: 512 (order: 4, 81920 bytes, linear)
[    0.474637] NET: Registered PF_UNIX/PF_LOCAL protocol family
[    0.475386] pci_bus 0000:00: resource 4 [io  0x0000-0x0cf7 window]
[    0.476184] pci_bus 0000:00: resource 5 [io  0x0d00-0xffff window]
[    0.476968] pci_bus 0000:00: resource 6 [mem 0x000a0000-0x000bffff window]
[    0.477923] pci_bus 0000:00: resource 7 [mem 0x40000000-0xfebfffff window]
[    0.478810] pci_bus 0000:00: resource 8 [mem 0x100000000-0x17fffffff window]
[    0.479784] pci 0000:00:01.0: PIIX3: Enabling Passive Release
[    0.480534] pci 0000:00:00.0: Limiting direct PCI/PCI transfers
[    0.481338] PCI: CLS 0 bytes, default 64
[    0.481902] kvm_intel: VMX not supported by CPU 2
[    0.482894] kvm_amd: TSC scaling supported
[    0.483460] kvm_amd: Nested Virtualization enabled
[    0.484079] kvm_amd: Nested Paging enabled
[    0.484632] kvm_amd: Virtual VMLOAD VMSAVE supported
[    0.485279] kvm_amd: Virtual GIF supported
[    0.485816] kvm_amd: Virtual NMI enabled
[    0.486442] kvm_amd: LBR virtualization supported
[    0.588156] workingset: timestamp_bits=56 max_order=18 bucket_order=0
[    0.589241] squashfs: version 4.0 (2009/01/31) Phillip Lougher
[    0.590236] fuse: init (API version 7.39)
[    0.590904] 9p: Installing v9fs 9p2000 file system support
[    0.591734] Key type asymmetric registered
[    0.592298] Block layer SCSI generic (bsg) driver version 0.4 loaded (major 249)
[    0.593325] io scheduler mq-deadline registered
[    0.593917] io scheduler kyber registered
[    0.595807] input: Power Button as /devices/LNXSYSTM:00/LNXPWRBN:00/input/input0
[    0.597091] ACPI: button: Power Button [PWRF]
[    0.597953] Warning: Processor Platform Limit event detected, but not handled.
[    0.598980] Consider compiling CPUfreq support into your kernel.
[    0.671017] ACPI: \_SB_.LNKB: Enabled at IRQ 10
[    0.743803] ACPI: \_SB_.LNKC: Enabled at IRQ 11
[    0.745253] Serial: 8250/16550 driver, 4 ports, IRQ sharing enabled
[    0.746455] 00:03: ttyS0 at I/O 0x3f8 (irq = 4, base_baud = 115200) is a 16550A
[    0.748453] Non-volatile memory driver v1.3
[    0.749005] Linux agpgart interface v0.103
[    0.749680] ACPI: bus type drm_connector registered
[    0.762717] loop: module loaded
[    0.764469] scsi host0: ata_piix
[    0.765236] scsi host1: ata_piix
[    0.765725] ata1: PATA max MWDMA2 cmd 0x1f0 ctl 0x3f6 bmdma 0xc080 irq 14 lpm-pol 0
[    0.766727] ata2: PATA max MWDMA2 cmd 0x170 ctl 0x376 bmdma 0xc088 irq 15 lpm-pol 0
[    0.768459] i8042: PNP: PS/2 Controller [PNP0303:KBD,PNP0f13:MOU] at 0x60,0x64 irq 1,12
[    0.770208] serio: i8042 KBD port at 0x60,0x64 irq 1
[    0.770877] serio: i8042 AUX port at 0x60,0x64 irq 12
[    0.772071] rtc_cmos 00:04: RTC can wake from S4
[    0.773219] input: AT Translated Set 2 keyboard as /devices/platform/i8042/serio0/input/input1
[    0.775298] rtc_cmos 00:04: registered as rtc0
[    0.775936] rtc_cmos 00:04: setting system clock to 2024-02-06T15:06:42 UTC (1707232002)
[    0.777087] rtc_cmos 00:04: alarms up to one day, y3k, 242 bytes nvram, hpet irqs
[    0.778632] i6300ESB timer 0000:00:04.0: initialized. heartbeat=30 sec (nowayout=0)
[    0.779900] device-mapper: ioctl: 4.48.0-ioctl (2023-03-01) initialised: dm-devel@redhat.com
[    0.781783] NET: Registered PF_PACKET protocol family
[    0.782462] 9pnet: Installing 9P2000 support
[    0.784041] Key type dns_resolver registered
[    0.785646] input: ImExPS/2 Generic Explorer Mouse as /devices/platform/i8042/serio1/input/input3
[    0.789762] IPI shorthand broadcast: enabled
[    0.798904] sched_clock: Marking stable (788002812, 10129312)->(825130705, -26998581)
[    0.800214] registered taskstats version 1
[    0.805909] PM:   Magic number: 12:81:133
[    0.806472] acpi device:08: hash matches
[    0.807035] printk: legacy console [netcon0] enabled
[    0.807697] netconsole: network logging started
[    0.808438] ALSA device list:
[    0.808873]   No soundcards found.
[    0.925279] ata2: found unknown device (class 0)
[    0.926401] ata2.00: ATAPI: QEMU DVD-ROM, 2.5+, max UDMA/100
[    0.928262] scsi 1:0:0:0: CD-ROM            QEMU     QEMU DVD-ROM     2.5+ PQ: 0 ANSI: 5
[    0.936832] scsi 1:0:0:0: Attached scsi generic sg0 type 5
[    0.937596] md: Skipping autodetection of RAID arrays. (raid=autodetect will force)
[    0.938532] 9pnet_virtio: no channels available for device 
[    0.939819] VFS: Mounted root (9p filesystem) readonly on device 0:19.
[    0.940787] devtmpfs: mounted
[    0.942711] Freeing unused kernel image (initmem) memory: 3156K
[    0.951153] Write protecting the kernel read-only data: 22528k
[    0.952247] Freeing unused kernel image (rodata/data gap) memory: 72K
[    0.982071] x86/mm: Checked W+X mappings: passed, no W+X pages found.
[    0.982808] Run /usr/lib/python3.11/site-packages/virtme/guest/virtme-init as init process
[    1.010355] mount (266) used greatest stack depth: 12984 bytes left
[    1.060024] mount (276) used greatest stack depth: 12776 bytes left
[    1.088349] mount (284) used greatest stack depth: 12584 bytes left
[    1.143236] virtme-init (315) used greatest stack depth: 12568 bytes left
[    1.146521] virtme-init (313) used greatest stack depth: 12424 bytes left
[    1.180886] virtme-init: basic initialization done
[    1.186887] virtme-init: udevd not found
[    1.243976] virtme-init: Setting hostname to virtme-ng...
[    1.257216] ip (358) used greatest stack depth: 12056 bytes left
          _      _                                    
   __   _(_)_ __| |_ _ __ ___   ___       _ __   __ _ 
   \ \ / / |  __| __|  _   _ \ / _ \_____|  _ \ / _  |
    \ V /| | |  | |_| | | | | |  __/_____| | | | (_| |
     \_/ |_|_|   \__|_| |_| |_|\___|     |_| |_|\__  |
                                                |___/ 
   kernel version: 6.8.0-rc2-virtme x86_64

virtme-ng:/nipa-data/kernel# PS1='xx__-> '
xx__-> env
PWD=/nipa-data/kernel
HOME=/
TERM=linux
SHLVL=2
XDG_RUNTIME_DIR=/run/user/0
PATH=/bin:/sbin:/usr/bin:/usr/sbin:/usr/local/bin
OLDPWD=/
_=/usr/bin/env
xx__-> 