No EFI environment detected.
early console in extract_kernel
input_data: 0x00000000029ea2b9
input_len: 0x0000000000b23851
output: 0x0000000001000000
output_len: 0x00000000024c8540
kernel_total_size: 0x0000000002230000
needed_size: 0x0000000002600000
trampoline_32bit: 0x0000000000000000
Physical KASLR using RDRAND RDTSC...
Virtual KASLR using RDRAND RDTSC...

Decompressing Linux... Parsing ELF... Performing relocations... done.
Booting the kernel (entry_offset: 0x0000000000000000).
[    0.000000] Linux version 6.9.0-rc5-virtme (root@5b8c8b798616) (gcc (Alpine 13.2.1_git20240309) 13.2.1 20240309, GNU ld (GNU Binutils) 2.42) #1 SMP PREEMPT_DYNAMIC Sat Apr 27 06:06:12 UTC 2024
[    0.000000] Command line: virtme_hostname=virtme-ng nr_open=1048576 virtme_link_mods=/nipa-data/kernel/.virtme_mods/lib/modules/0.0.0 virtme_initmount0=nipa-data/kernel virtme_rw_overlay0=/etc virtme_rw_overlay1=/lib virtme_rw_overlay2=/home virtme_rw_overlay3=/opt virtme_rw_overlay4=/srv virtme_rw_overlay5=/usr virtme_rw_overlay6=/var console=hvc0 earlyprintk=serial,ttyS0,115200 virtme_console=ttyS0 psmouse.proto=exps TERM=xterm virtme_chdir=nipa-data/kernel virtme_root_user=1 rootfstype=9p rootflags=version=9p2000.L,trans=virtio,access=any raid=noautodetect ro init=/usr/lib/python3.12/site-packages/virtme/guest/virtme-init
[    0.000000] BIOS-provided physical RAM map:
[    0.000000] BIOS-e820: [mem 0x0000000000000000-0x000000000009fbff] usable
[    0.000000] BIOS-e820: [mem 0x000000000009fc00-0x000000000009ffff] reserved
[    0.000000] BIOS-e820: [mem 0x00000000000f0000-0x00000000000fffff] reserved
[    0.000000] BIOS-e820: [mem 0x0000000000100000-0x000000003ffdffff] usable
[    0.000000] BIOS-e820: [mem 0x000000003ffe0000-0x000000003fffffff] reserved
[    0.000000] BIOS-e820: [mem 0x00000000feffc000-0x00000000feffffff] reserved
[    0.000000] BIOS-e820: [mem 0x00000000fffc0000-0x00000000ffffffff] reserved
[    0.000000] BIOS-e820: [mem 0x000000fd00000000-0x000000ffffffffff] reserved
[    0.000000] printk: legacy bootconsole [earlyser0] enabled
[    0.000000] NX (Execute Disable) protection: active
[    0.000000] APIC: Static calls initialized
[    0.000000] SMBIOS 3.0.0 present.
[    0.000000] DMI: QEMU Standard PC (i440FX + PIIX, 1996), BIOS rel-1.16.3-0-ga6ed6b701f0a-prebuilt.qemu.org 04/01/2014
[    0.000000] Hypervisor detected: KVM
[    0.000000] kvm-clock: Using msrs 4b564d01 and 4b564d00
[    0.000000] kvm-clock: using sched offset of 241304630 cycles
[    0.000494] clocksource: kvm-clock: mask: 0xffffffffffffffff max_cycles: 0x1cd42e4dffb, max_idle_ns: 881590591483 ns
[    0.002033] tsc: Detected 4491.556 MHz processor
[    0.002810] last_pfn = 0x3ffe0 max_arch_pfn = 0x400000000
[    0.003349] MTRR map: 4 entries (3 fixed + 1 variable; max 19), built from 8 variable MTRRs
[    0.004139] x86/PAT: Configuration [0-7]: WB  WC  UC- UC  WB  WP  UC- WT  
Memory KASLR using RDRAND RDTSC...
[    0.006616] found SMP MP-table at [mem 0x000f5470-0x000f547f]
[    0.007164] Using GB pages for direct mapping
[    0.007626] ACPI: Early table checksum verification disabled
[    0.008162] ACPI: RSDP 0x00000000000F5290 000014 (v00 BOCHS )
[    0.008707] ACPI: RSDT 0x000000003FFE27BC 000034 (v01 BOCHS  BXPC     00000001 BXPC 00000001)
[    0.009517] ACPI: FACP 0x000000003FFE2578 000074 (v01 BOCHS  BXPC     00000001 BXPC 00000001)
[    0.010329] ACPI: DSDT 0x000000003FFE0040 002538 (v01 BOCHS  BXPC     00000001 BXPC 00000001)
[    0.011137] ACPI: FACS 0x000000003FFE0000 000040
[    0.011575] ACPI: APIC 0x000000003FFE25EC 000170 (v03 BOCHS  BXPC     00000001 BXPC 00000001)
[    0.012385] ACPI: HPET 0x000000003FFE275C 000038 (v01 BOCHS  BXPC     00000001 BXPC 00000001)
[    0.013190] ACPI: WAET 0x000000003FFE2794 000028 (v01 BOCHS  BXPC     00000001 BXPC 00000001)
[    0.014000] ACPI: Reserving FACP table memory at [mem 0x3ffe2578-0x3ffe25eb]
[    0.014666] ACPI: Reserving DSDT table memory at [mem 0x3ffe0040-0x3ffe2577]
[    0.015333] ACPI: Reserving FACS table memory at [mem 0x3ffe0000-0x3ffe003f]
[    0.016000] ACPI: Reserving APIC table memory at [mem 0x3ffe25ec-0x3ffe275b]
[    0.016667] ACPI: Reserving HPET table memory at [mem 0x3ffe275c-0x3ffe2793]
[    0.017333] ACPI: Reserving WAET table memory at [mem 0x3ffe2794-0x3ffe27bb]
[    0.018193] No NUMA configuration found
[    0.018555] Faking a node at [mem 0x0000000000000000-0x000000003ffdffff]
[    0.019191] NODE_DATA(0) allocated [mem 0x3ffdb000-0x3ffdffff]
[    0.019757] Zone ranges:
[    0.019996]   DMA      [mem 0x0000000000001000-0x0000000000ffffff]
[    0.020587]   DMA32    [mem 0x0000000001000000-0x000000003ffdffff]
[    0.021169]   Normal   empty
[    0.021441]   Device   empty
[    0.021717] Movable zone start for each node
[    0.022122] Early memory node ranges
[    0.022459]   node   0: [mem 0x0000000000001000-0x000000000009efff]
[    0.023052]   node   0: [mem 0x0000000000100000-0x000000003ffdffff]
[    0.023645] Initmem setup node 0 [mem 0x0000000000001000-0x000000003ffdffff]
[    0.024320] On node 0, zone DMA: 1 pages in unavailable ranges
[    0.024886] On node 0, zone DMA: 97 pages in unavailable ranges
[    0.026708] On node 0, zone DMA32: 32 pages in unavailable ranges
[    0.027545] ACPI: PM-Timer IO Port: 0x608
[    0.027928] ACPI: LAPIC_NMI (acpi_id[0xff] dfl dfl lint[0x1])
[    0.028490] IOAPIC[0]: apic_id 0, version 17, address 0xfec00000, GSI 0-23
[    0.029141] ACPI: INT_SRC_OVR (bus 0 bus_irq 0 global_irq 2 dfl dfl)
[    0.029746] ACPI: INT_SRC_OVR (bus 0 bus_irq 5 global_irq 5 high level)
[    0.030372] ACPI: INT_SRC_OVR (bus 0 bus_irq 9 global_irq 9 high level)
[    0.030997] ACPI: INT_SRC_OVR (bus 0 bus_irq 10 global_irq 10 high level)
[    0.031639] ACPI: INT_SRC_OVR (bus 0 bus_irq 11 global_irq 11 high level)
[    0.032280] ACPI: Using ACPI (MADT) for SMP configuration information
[    0.032887] ACPI: HPET id: 0x8086a201 base: 0xfed00000
[    0.033371] TSC deadline timer available
[    0.033756] CPU topo: Max. logical packages:   1
[    0.034192] CPU topo: Max. logical dies:       1
[    0.034627] CPU topo: Max. dies per package:   1
[    0.035063] CPU topo: Max. threads per core:   1
[    0.035497] CPU topo: Num. cores per package:    32
[    0.035955] CPU topo: Num. threads per package:  32
[    0.036413] CPU topo: Allowing 32 present CPUs plus 0 hotplug CPUs
[    0.037001] kvm-guest: APIC: eoi() replaced with kvm_guest_apic_eoi_write()
[    0.037668] kvm-guest: KVM setup pv remote TLB flush
[    0.038137] kvm-guest: setup PV sched yield
[    0.038533] PM: hibernation: Registered nosave memory: [mem 0x00000000-0x00000fff]
[    0.039243] PM: hibernation: Registered nosave memory: [mem 0x0009f000-0x0009ffff]
[    0.039955] PM: hibernation: Registered nosave memory: [mem 0x000a0000-0x000effff]
[    0.040667] PM: hibernation: Registered nosave memory: [mem 0x000f0000-0x000fffff]
[    0.041377] [mem 0x40000000-0xfeffbfff] available for PCI devices
[    0.041954] Booting paravirtualized kernel on KVM
[    0.042396] clocksource: refined-jiffies: mask: 0xffffffff max_cycles: 0xffffffff, max_idle_ns: 1910969940391419 ns
[    0.046448] setup_percpu: NR_CPUS:64 nr_cpumask_bits:32 nr_cpu_ids:32 nr_node_ids:1
[    0.047758] percpu: Embedded 58 pages/cpu s198952 r8192 d30424 u262144
[    0.048280] Kernel command line: virtme_hostname=virtme-ng nr_open=1048576 virtme_link_mods=/nipa-data/kernel/.virtme_mods/lib/modules/0.0.0 virtme_initmount0=nipa-data/kernel virtme_rw_overlay0=/etc virtme_rw_overlay1=/lib virtme_rw_overlay2=/home virtme_rw_overlay3=/opt virtme_rw_overlay4=/srv virtme_rw_overlay5=/usr virtme_rw_overlay6=/var console=hvc0 earlyprintk=serial,ttyS0,115200 virtme_console=ttyS0 psmouse.proto=exps TERM=xterm virtme_chdir=nipa-data/kernel virtme_root_user=1 rootfstype=9p rootflags=version=9p2000.L,trans=virtio,access=any raid=noautodetect ro init=/usr/lib/python3.12/site-packages/virtme/guest/virtme-init
[    0.052811] Unknown kernel command line parameters "virtme_hostname=virtme-ng nr_open=1048576 virtme_link_mods=/nipa-data/kernel/.virtme_mods/lib/modules/0.0.0 virtme_initmount0=nipa-data/kernel virtme_rw_overlay0=/etc virtme_rw_overlay1=/lib virtme_rw_overlay2=/home virtme_rw_overlay3=/opt virtme_rw_overlay4=/srv virtme_rw_overlay5=/usr virtme_rw_overlay6=/var virtme_console=ttyS0 virtme_chdir=nipa-data/kernel virtme_root_user=1", will be passed to user space.
[    0.056592] random: crng init done
[    0.056894] Dentry cache hash table entries: 131072 (order: 8, 1048576 bytes, linear)
[    0.057526] Inode-cache hash table entries: 65536 (order: 7, 524288 bytes, linear)
[    0.058222] Fallback order for Node 0: 0 
[    0.058225] Built 1 zonelists, mobility grouping on.  Total pages: 257760
[    0.059082] Policy zone: DMA32
[    0.059318] mem auto-init: stack:all(zero), heap alloc:off, heap free:off
[    0.060657] Memory: 986612K/1048056K available (16384K kernel code, 2403K rwdata, 6108K rodata, 3052K init, 2108K bss, 61184K reserved, 0K cma-reserved)
[    0.061757] SLUB: HWalign=64, Order=0-3, MinObjects=0, CPUs=32, Nodes=1
Poking KASLR using RDRAND RDTSC...
[    0.062532] ftrace: allocating 47581 entries in 186 pages
[    0.069769] ftrace: allocated 186 pages with 5 groups
[    0.070841] Dynamic Preempt: voluntary
[    0.071301] rcu: Preemptible hierarchical RCU implementation.
[    0.071763] rcu: RCU event tracing is enabled.
[    0.072117] rcu: RCU restricting CPUs from NR_CPUS=64 to nr_cpu_ids=32.
[    0.072670] Trampoline variant of Tasks RCU enabled.
[    0.073061] Rude variant of Tasks RCU enabled.
[    0.073412] Tracing variant of Tasks RCU enabled.
[    0.073796] rcu: RCU calculated value of scheduler-enlistment delay is 100 jiffies.
[    0.074390] rcu: Adjusting geometry for rcu_fanout_leaf=16, nr_cpu_ids=32
[    0.074948] RCU Tasks: Setting shift to 5 and lim to 1 rcu_task_cb_adjust=1.
[    0.075495] RCU Tasks Rude: Setting shift to 5 and lim to 1 rcu_task_cb_adjust=1.
[    0.076097] RCU Tasks Trace: Setting shift to 5 and lim to 1 rcu_task_cb_adjust=1.
[    0.078170] NR_IRQS: 4352, nr_irqs: 680, preallocated irqs: 16
[    0.078816] rcu: srcu_init: Setting srcu_struct sizes based on contention.
[    0.079493] Console: colour *CGA 80x25
[    0.079803] ACPI: Core revision 20230628
[    0.080180] clocksource: hpet: mask: 0xffffffff max_cycles: 0xffffffff, max_idle_ns: 19112604467 ns
[    0.080956] APIC: Switch to symmetric I/O mode setup
[    0.081342] APIC: Switched APIC routing to: physical flat
[    0.081804] kvm-guest: APIC: send_IPI_mask() replaced with kvm_send_ipi_mask()
[    0.082473] kvm-guest: APIC: send_IPI_mask_allbutself() replaced with kvm_send_ipi_mask_allbutself()
[    0.083330] kvm-guest: setup PV IPIs
[    0.084621] ..TIMER: vector=0x30 apic1=0 pin1=2 apic2=-1 pin2=-1
[    0.085694] tsc: Marking TSC unstable due to TSCs unsynchronized
[    0.086759] Calibrating delay loop (skipped) preset value.. 8983.11 BogoMIPS (lpj=4491556)
[    0.087831] x86/cpu: User Mode Instruction Prevention (UMIP) activated
[    0.088818] Last level iTLB entries: 4KB 512, 2MB 255, 4MB 127
[    0.089758] Last level dTLB entries: 4KB 512, 2MB 255, 4MB 127, 1GB 0
[    0.090763] Spectre V1 : Mitigation: usercopy/swapgs barriers and __user pointer sanitization
[    0.091762] Spectre V2 : Mitigation: Enhanced / Automatic IBRS
[    0.092758] Spectre V2 : Spectre v2 / SpectreRSB mitigation: Filling RSB on context switch
[    0.093759] Spectre V2 : mitigation: Enabling conditional Indirect Branch Prediction Barrier
[    0.094760] Speculative Store Bypass: Mitigation: Speculative Store Bypass disabled via prctl
[    0.095758] Speculative Return Stack Overflow: IBPB-extending microcode not applied!
[    0.096758] Speculative Return Stack Overflow: WARNING: See https://kernel.org/doc/html/latest/admin-guide/hw-vuln/srso.html for mitigation options.
[    0.096759] Speculative Return Stack Overflow: Vulnerable: Safe RET, no microcode
[    0.098777] x86/fpu: Supporting XSAVE feature 0x001: 'x87 floating point registers'
[    0.099758] x86/fpu: Supporting XSAVE feature 0x002: 'SSE registers'
[    0.100758] x86/fpu: Supporting XSAVE feature 0x004: 'AVX registers'
[    0.101758] x86/fpu: Supporting XSAVE feature 0x020: 'AVX-512 opmask'
[    0.102758] x86/fpu: Supporting XSAVE feature 0x040: 'AVX-512 Hi256'
[    0.103758] x86/fpu: Supporting XSAVE feature 0x080: 'AVX-512 ZMM_Hi256'
[    0.104758] x86/fpu: Supporting XSAVE feature 0x200: 'Protection Keys User registers'
[    0.105758] x86/fpu: xstate_offset[2]:  576, xstate_sizes[2]:  256
[    0.106758] x86/fpu: xstate_offset[5]:  832, xstate_sizes[5]:   64
[    0.107758] x86/fpu: xstate_offset[6]:  896, xstate_sizes[6]:  512
[    0.108758] x86/fpu: xstate_offset[7]: 1408, xstate_sizes[7]: 1024
[    0.109758] x86/fpu: xstate_offset[9]: 2432, xstate_sizes[9]:    8
[    0.110758] x86/fpu: Enabled xstate features 0x2e7, context size is 2440 bytes, using 'compacted' format.
[    0.128500] Freeing SMP alternatives memory: 40K
[    0.128759] pid_max: default: 32768 minimum: 301
[    0.129784] Mount-cache hash table entries: 2048 (order: 2, 16384 bytes, linear)
[    0.130759] Mountpoint-cache hash table entries: 2048 (order: 2, 16384 bytes, linear)
[    0.131919] smpboot: CPU0: AMD Ryzen 9 7950X 16-Core Processor (family: 0x19, model: 0x61, stepping: 0x2)
[    0.132874] Performance Events: Fam17h+ core perfctr, AMD PMU driver.
[    0.133751] ... version:                0
[    0.133760] ... bit width:              48
[    0.134294] ... generic registers:      6
[    0.134759] ... value mask:             0000ffffffffffff
[    0.135471] ... max period:             00007fffffffffff
[    0.135759] ... fixed-purpose events:   0
[    0.136301] ... event mask:             000000000000003f
[    0.136847] signal: max sigframe size: 3376
[    0.137421] rcu: Hierarchical SRCU implementation.
[    0.137760] rcu: Max phase no-delay instances is 400.
[    0.140716] smp: Bringing up secondary CPUs ...
[    0.140813] smpboot: x86: Booting SMP configuration:
[    0.141472] .... node  #0, CPUs:        #1  #2  #3  #4  #5  #6  #7  #8  #9 #10 #11 #12 #13 #14 #15 #16 #17 #18 #19 #20 #21 #22 #23 #24 #25 #26 #27 #28 #29 #30 #31
[    0.158937] smp: Brought up 1 node, 32 CPUs
[    0.160467] smpboot: Total of 32 processors activated (287459.58 BogoMIPS)
[    0.162834] devtmpfs: initialized
[    0.163785] x86/mm: Memory block size: 128MB
[    0.165596] clocksource: jiffies: mask: 0xffffffff max_cycles: 0xffffffff, max_idle_ns: 1911260446275000 ns
[    0.165767] futex hash table entries: 8192 (order: 7, 524288 bytes, linear)
[    0.166851] PM: RTC time: 06:06:41, date: 2024-04-27
[    0.168109] NET: Registered PF_NETLINK/PF_ROUTE protocol family
[    0.168917] thermal_sys: Registered thermal governor 'step_wise'
[    0.168919] thermal_sys: Registered thermal governor 'user_space'
[    0.169778] cpuidle: using governor menu
[    0.172026] PCI: Using configuration type 1 for base access
[    0.172761] PCI: Using configuration type 1 for extended access
[    0.173838] kprobes: kprobe jump-optimization is enabled. All kprobes are optimized if possible.
[    0.190863] HugeTLB: registered 1.00 GiB page size, pre-allocated 0 pages
[    0.191760] HugeTLB: 16380 KiB vmemmap can be freed for a 1.00 GiB page
[    0.192760] HugeTLB: registered 2.00 MiB page size, pre-allocated 0 pages
[    0.193760] HugeTLB: 28 KiB vmemmap can be freed for a 2.00 MiB page
[    0.194813] Demotion targets for Node 0: null
[    0.195539] ACPI: Added _OSI(Module Device)
[    0.195761] ACPI: Added _OSI(Processor Device)
[    0.196509] ACPI: Added _OSI(3.0 _SCP Extensions)
[    0.196760] ACPI: Added _OSI(Processor Aggregator Device)
[    0.198606] ACPI: 1 ACPI AML tables successfully acquired and loaded
[    0.199788] ACPI: _OSC evaluation for CPUs failed, trying _PDC
[    0.200936] ACPI: Interpreter enabled
[    0.201562] ACPI: PM: (supports S0 S3 S4 S5)
[    0.201760] ACPI: Using IOAPIC for interrupt routing
[    0.202602] PCI: Using host bridge windows from ACPI; if necessary, use "pci=nocrs" and report a bug
[    0.202760] PCI: Using E820 reservations for host bridge windows
[    0.203872] ACPI: Enabled 2 GPEs in block 00 to 0F
[    0.207989] ACPI: PCI Root Bridge [PCI0] (domain 0000 [bus 00-ff])
[    0.208763] acpi PNP0A03:00: _OSC: OS supports [ExtendedConfig ASPM ClockPM Segments MSI HPX-Type3]
[    0.209854] PCI host bridge to bus 0000:00
[    0.210397] pci_bus 0000:00: root bus resource [io  0x0000-0x0cf7 window]
[    0.210759] pci_bus 0000:00: root bus resource [io  0x0d00-0xffff window]
[    0.211655] pci_bus 0000:00: root bus resource [mem 0x000a0000-0x000bffff window]
[    0.211759] pci_bus 0000:00: root bus resource [mem 0x40000000-0xfebfffff window]
[    0.212748] pci_bus 0000:00: root bus resource [mem 0x100000000-0x17fffffff window]
[    0.212759] pci_bus 0000:00: root bus resource [bus 00-ff]
[    0.213568] pci 0000:00:00.0: [8086:1237] type 00 class 0x060000 conventional PCI endpoint
[    0.214015] pci 0000:00:01.0: [8086:7000] type 00 class 0x060100 conventional PCI endpoint
[    0.215084] pci 0000:00:01.1: [8086:7010] type 00 class 0x010180 conventional PCI endpoint
[    0.218011] pci 0000:00:01.1: BAR 4 [io  0xc0c0-0xc0cf]
[    0.219521] pci 0000:00:01.1: BAR 0 [io  0x01f0-0x01f7]: legacy IDE quirk
[    0.219760] pci 0000:00:01.1: BAR 1 [io  0x03f6]: legacy IDE quirk
[    0.220583] pci 0000:00:01.1: BAR 2 [io  0x0170-0x0177]: legacy IDE quirk
[    0.220759] pci 0000:00:01.1: BAR 3 [io  0x0376]: legacy IDE quirk
[    0.221671] pci 0000:00:01.3: [8086:7113] type 00 class 0x068000 conventional PCI endpoint
[    0.222008] pci 0000:00:01.3: quirk: [io  0x0600-0x063f] claimed by PIIX4 ACPI
[    0.222763] pci 0000:00:01.3: quirk: [io  0x0700-0x070f] claimed by PIIX4 SMB
[    0.223870] pci 0000:00:02.0: [1af4:1009] type 00 class 0x000200 conventional PCI endpoint
[    0.225760] pci 0000:00:02.0: BAR 0 [io  0xc000-0xc03f]
[    0.227520] pci 0000:00:02.0: BAR 1 [mem 0xfebfc000-0xfebfcfff]
[    0.231467] pci 0000:00:02.0: BAR 4 [mem 0xfebf0000-0xfebf3fff 64bit pref]
[    0.233386] pci 0000:00:03.0: [1af4:1009] type 00 class 0x000200 conventional PCI endpoint
[    0.234760] pci 0000:00:03.0: BAR 0 [io  0xc040-0xc07f]
[    0.237385] pci 0000:00:03.0: BAR 1 [mem 0xfebfd000-0xfebfdfff]
[    0.240760] pci 0000:00:03.0: BAR 4 [mem 0xfebf4000-0xfebf7fff 64bit pref]
[    0.243006] pci 0000:00:04.0: [8086:25ab] type 00 class 0x088000 conventional PCI endpoint
[    0.244326] pci 0000:00:04.0: BAR 0 [mem 0xfebfe000-0xfebfe00f]
[    0.247682] pci 0000:00:05.0: [1af4:1003] type 00 class 0x078000 conventional PCI endpoint
[    0.248759] pci 0000:00:05.0: BAR 0 [io  0xc080-0xc0bf]
[    0.250456] pci 0000:00:05.0: BAR 1 [mem 0xfebff000-0xfebfffff]
[    0.254498] pci 0000:00:05.0: BAR 4 [mem 0xfebf8000-0xfebfbfff 64bit pref]
[    0.256541] ACPI: PCI: Interrupt link LNKA configured for IRQ 10
[    0.256872] ACPI: PCI: Interrupt link LNKB configured for IRQ 10
[    0.257770] ACPI: PCI: Interrupt link LNKC configured for IRQ 11
[    0.258667] ACPI: PCI: Interrupt link LNKD configured for IRQ 11
[    0.258835] ACPI: PCI: Interrupt link LNKS configured for IRQ 9
[    0.260550] iommu: Default domain type: Translated
[    0.260760] iommu: DMA domain TLB invalidation policy: lazy mode
[    0.261620] SCSI subsystem initialized
[    0.261793] pps_core: LinuxPPS API ver. 1 registered
[    0.262458] pps_core: Software ver. 5.3.6 - Copyright 2005-2007 Rodolfo Giometti <giometti@linux.it>
[    0.262762] PTP clock support registered
[    0.263294] Advanced Linux Sound Architecture Driver Initialized.
[    0.264173] NET: Registered PF_ATMPVC protocol family
[    0.264760] NET: Registered PF_ATMSVC protocol family
[    0.265457] PCI: Using ACPI for IRQ routing
[    0.265844] vgaarb: loaded
[    0.266128] hpet0: at MMIO 0xfed00000, IRQs 2, 8, 0
[    0.266760] hpet0: 3 comparators, 64-bit 100.000000 MHz counter
[    0.271639] clocksource: Switched to clocksource kvm-clock
[    0.272501] VFS: Disk quotas dquot_6.6.0
[    0.273075] VFS: Dquot-cache hash table entries: 512 (order 0, 4096 bytes)
[    0.274061] pnp: PnP ACPI init
[    0.274664] pnp: PnP ACPI: found 5 devices
[    0.281910] clocksource: acpi_pm: mask: 0xffffff max_cycles: 0xffffff, max_idle_ns: 2085701024 ns
[    0.283136] NET: Registered PF_INET protocol family
[    0.283805] IP idents hash table entries: 16384 (order: 5, 131072 bytes, linear)
[    0.284942] tcp_listen_portaddr_hash hash table entries: 512 (order: 1, 8192 bytes, linear)
[    0.286072] Table-perturb hash table entries: 65536 (order: 6, 262144 bytes, linear)
[    0.287104] TCP established hash table entries: 8192 (order: 4, 65536 bytes, linear)
[    0.288138] TCP bind hash table entries: 8192 (order: 6, 262144 bytes, linear)
[    0.289206] TCP: Hash tables configured (established 8192 bind 8192)
[    0.290090] UDP hash table entries: 512 (order: 2, 16384 bytes, linear)
[    0.290972] UDP-Lite hash table entries: 512 (order: 2, 16384 bytes, linear)
[    0.291940] NET: Registered PF_UNIX/PF_LOCAL protocol family
[    0.292699] pci_bus 0000:00: resource 4 [io  0x0000-0x0cf7 window]
[    0.293520] pci_bus 0000:00: resource 5 [io  0x0d00-0xffff window]
[    0.294342] pci_bus 0000:00: resource 6 [mem 0x000a0000-0x000bffff window]
[    0.295258] pci_bus 0000:00: resource 7 [mem 0x40000000-0xfebfffff window]
[    0.296172] pci_bus 0000:00: resource 8 [mem 0x100000000-0x17fffffff window]
[    0.297132] pci 0000:00:01.0: PIIX3: Enabling Passive Release
[    0.297906] pci 0000:00:00.0: Limiting direct PCI/PCI transfers
[    0.298729] PCI: CLS 0 bytes, default 64
[    0.299276] kvm_intel: VMX not supported by CPU 0
[    0.299920] kvm_amd: TSC scaling supported
[    0.300472] kvm_amd: Nested Virtualization enabled
[    0.301112] kvm_amd: Nested Paging enabled
[    0.301676] kvm_amd: Virtual VMLOAD VMSAVE supported
[    0.302347] kvm_amd: Virtual GIF supported
[    0.302901] kvm_amd: Virtual NMI enabled
[    0.303432] kvm_amd: LBR virtualization supported
[    0.398061] Initialise system trusted keyrings
[    0.398793] workingset: timestamp_bits=56 max_order=18 bucket_order=0
[    0.399715] squashfs: version 4.0 (2009/01/31) Phillip Lougher
[    0.400533] fuse: init (API version 7.40)
[    0.401120] 9p: Installing v9fs 9p2000 file system support
[    0.408790] Key type asymmetric registered
[    0.409344] Asymmetric key parser 'x509' registered
[    0.410030] Block layer SCSI generic (bsg) driver version 0.4 loaded (major 249)
[    0.411048] io scheduler mq-deadline registered
[    0.411667] io scheduler kyber registered
[    0.413207] input: Power Button as /devices/LNXSYSTM:00/LNXPWRBN:00/input/input0
[    0.414279] ACPI: button: Power Button [PWRF]
[    0.414913] Warning: Processor Platform Limit event detected, but not handled.
[    0.415891] Consider compiling CPUfreq support into your kernel.
[    0.434880] ACPI: \_SB_.LNKB: Enabled at IRQ 10
[    0.452664] ACPI: \_SB_.LNKC: Enabled at IRQ 11
[    0.470292] ACPI: \_SB_.LNKA: Enabled at IRQ 10
[    0.471619] Serial: 8250/16550 driver, 4 ports, IRQ sharing enabled
[    0.472594] 00:03: ttyS0 at I/O 0x3f8 (irq = 4, base_baud = 115200) is a 16550A
[    0.540308] Non-volatile memory driver v1.3
[    0.540932] Linux agpgart interface v0.103
[    0.541000] ACPI: bus type drm_connector registered
[    0.542317] printk: legacy console [hvc0] enabled
[    0.543123] printk: legacy bootconsole [earlyser0] disabled
          _      _                                    
   __   _(_)_ __| |_ _ __ ___   ___       _ __   __ _ 
   \ \ / / |  __| __|  _   _ \ / _ \_____|  _ \ / _  |
    \ V /| | |  | |_| | | | | |  __/_____| | | | (_| |
     \_/ |_|_|   \__|_| |_| |_|\___|     |_| |_|\__  |
                                                |___/ 
   kernel version: 6.9.0-rc5-virtme x86_64
   (CTRL+d to exit)

virtme-ng:/nipa-data/kernel# PS1='xx__-> '
xx__-> env
PWD=/nipa-data/kernel
nr_open=1048576
HOME=/root
TERM=xterm
SHLVL=2
XDG_RUNTIME_DIR=/run/user/0
PATH=/bin:/sbin:/usr/bin:/usr/sbin:/usr/local/bin
OLDPWD=/
_=/usr/bin/env
xx__-> 