No EFI environment detected.
early console in extract_kernel
input_data: 0x00000000029f72b9
input_len: 0x0000000000ad6ef5
output: 0x0000000001000000
output_len: 0x00000000024887d8
kernel_total_size: 0x0000000002230000
needed_size: 0x0000000002600000
trampoline_32bit: 0x0000000000000000
Physical KASLR using RDRAND RDTSC...
Virtual KASLR using RDRAND RDTSC...

Decompressing Linux... Parsing ELF... Performing relocations... done.
Booting the kernel (entry_offset: 0x0000000000000000).
[    0.000000] Linux version 6.8.0-rc6-virtme (root@d974d5256b75) (gcc (Alpine 13.2.1_git20231014) 13.2.1 20231014, GNU ld (GNU Binutils) 2.42) #1 SMP PREEMPT_DYNAMIC Sat Mar  2 18:06:08 UTC 2024
[    0.000000] Command line: virtme_hostname=virtme-ng virtme_link_mods=/nipa-data/kernel/.virtme_mods/lib/modules/0.0.0 virtme_initmount0=nipa-data/kernel virtme_rw_overlay0=/etc virtme_rw_overlay1=/lib virtme_rw_overlay2=/home virtme_rw_overlay3=/opt virtme_rw_overlay4=/srv virtme_rw_overlay5=/usr virtme_rw_overlay6=/var earlyprintk=serial,ttyS0,115200 console=ttyS0 psmouse.proto=exps TERM=xterm virtme_chdir=nipa-data/kernel virtme_root_user=1 rootfstype=9p rootflags=version=9p2000.L,trans=virtio,access=any raid=noautodetect ro init=/usr/lib/python3.11/site-packages/virtme/guest/virtme-init
[    0.000000] BIOS-provided physical RAM map:
[    0.000000] BIOS-e820: [mem 0x0000000000000000-0x000000000009fbff] usable
[    0.000000] BIOS-e820: [mem 0x000000000009fc00-0x000000000009ffff] reserved
[    0.000000] BIOS-e820: [mem 0x00000000000f0000-0x00000000000fffff] reserved
[    0.000000] BIOS-e820: [mem 0x0000000000100000-0x000000003ffdffff] usable
[    0.000000] BIOS-e820: [mem 0x000000003ffe0000-0x000000003fffffff] reserved
[    0.000000] BIOS-e820: [mem 0x00000000feffc000-0x00000000feffffff] reserved
[    0.000000] BIOS-e820: [mem 0x00000000fffc0000-0x00000000ffffffff] reserved
[    0.000000] BIOS-e820: [mem 0x000000fd00000000-0x000000ffffffffff] reserved
[    0.000000] printk: legacy bootconsole [earlyser0] enabled
[    0.000000] NX (Execute Disable) protection: active
[    0.000000] APIC: Static calls initialized
[    0.000000] SMBIOS 3.0.0 present.
[    0.000000] DMI: QEMU Standard PC (i440FX + PIIX, 1996), BIOS rel-1.16.3-0-ga6ed6b701f0a-prebuilt.qemu.org 04/01/2014
[    0.000000] Hypervisor detected: KVM
[    0.000000] kvm-clock: Using msrs 4b564d01 and 4b564d00
[    0.000000] kvm-clock: using sched offset of 246560374 cycles
[    0.000378] clocksource: kvm-clock: mask: 0xffffffffffffffff max_cycles: 0x1cd42e4dffb, max_idle_ns: 881590591483 ns
[    0.001559] tsc: Detected 4491.536 MHz processor
[    0.002155] last_pfn = 0x3ffe0 max_arch_pfn = 0x400000000
[    0.002569] MTRR map: 4 entries (3 fixed + 1 variable; max 19), built from 8 variable MTRRs
[    0.003175] x86/PAT: Configuration [0-7]: WB  WC  UC- UC  WB  WP  UC- WT  
Memory KASLR using RDRAND RDTSC...
[    0.005212] found SMP MP-table at [mem 0x000f5470-0x000f547f]
[    0.005634] Using GB pages for direct mapping
[    0.006002] ACPI: Early table checksum verification disabled
[    0.006412] ACPI: RSDP 0x00000000000F5290 000014 (v00 BOCHS )
[    0.006830] ACPI: RSDT 0x000000003FFE27B6 000034 (v01 BOCHS  BXPC     00000001 BXPC 00000001)
[    0.007450] ACPI: FACP 0x000000003FFE2572 000074 (v01 BOCHS  BXPC     00000001 BXPC 00000001)
[    0.008070] ACPI: DSDT 0x000000003FFE0040 002532 (v01 BOCHS  BXPC     00000001 BXPC 00000001)
[    0.008689] ACPI: FACS 0x000000003FFE0000 000040
[    0.009023] ACPI: APIC 0x000000003FFE25E6 000170 (v03 BOCHS  BXPC     00000001 BXPC 00000001)
[    0.009640] ACPI: HPET 0x000000003FFE2756 000038 (v01 BOCHS  BXPC     00000001 BXPC 00000001)
[    0.010263] ACPI: WAET 0x000000003FFE278E 000028 (v01 BOCHS  BXPC     00000001 BXPC 00000001)
[    0.010880] ACPI: Reserving FACP table memory at [mem 0x3ffe2572-0x3ffe25e5]
[    0.011390] ACPI: Reserving DSDT table memory at [mem 0x3ffe0040-0x3ffe2571]
[    0.011900] ACPI: Reserving FACS table memory at [mem 0x3ffe0000-0x3ffe003f]
[    0.012412] ACPI: Reserving APIC table memory at [mem 0x3ffe25e6-0x3ffe2755]
[    0.012924] ACPI: Reserving HPET table memory at [mem 0x3ffe2756-0x3ffe278d]
[    0.013437] ACPI: Reserving WAET table memory at [mem 0x3ffe278e-0x3ffe27b5]
[    0.014090] No NUMA configuration found
[    0.014368] Faking a node at [mem 0x0000000000000000-0x000000003ffdffff]
[    0.014856] NODE_DATA(0) allocated [mem 0x3ffdb000-0x3ffdffff]
[    0.015287] Zone ranges:
[    0.015471]   DMA      [mem 0x0000000000001000-0x0000000000ffffff]
[    0.015919]   DMA32    [mem 0x0000000001000000-0x000000003ffdffff]
[    0.016369]   Normal   empty
[    0.016577]   Device   empty
[    0.016786] Movable zone start for each node
[    0.017093] Early memory node ranges
[    0.017351]   node   0: [mem 0x0000000000001000-0x000000000009efff]
[    0.017803]   node   0: [mem 0x0000000000100000-0x000000003ffdffff]
[    0.018257] Initmem setup node 0 [mem 0x0000000000001000-0x000000003ffdffff]
[    0.018767] On node 0, zone DMA: 1 pages in unavailable ranges
[    0.019196] On node 0, zone DMA: 97 pages in unavailable ranges
[    0.020562] On node 0, zone DMA32: 32 pages in unavailable ranges
[    0.021189] ACPI: PM-Timer IO Port: 0x608
[    0.021482] ACPI: LAPIC_NMI (acpi_id[0xff] dfl dfl lint[0x1])
[    0.021912] IOAPIC[0]: apic_id 0, version 17, address 0xfec00000, GSI 0-23
[    0.022412] ACPI: INT_SRC_OVR (bus 0 bus_irq 0 global_irq 2 dfl dfl)
[    0.022871] ACPI: INT_SRC_OVR (bus 0 bus_irq 5 global_irq 5 high level)
[    0.023348] ACPI: INT_SRC_OVR (bus 0 bus_irq 9 global_irq 9 high level)
[    0.023826] ACPI: INT_SRC_OVR (bus 0 bus_irq 10 global_irq 10 high level)
[    0.024315] ACPI: INT_SRC_OVR (bus 0 bus_irq 11 global_irq 11 high level)
[    0.024809] ACPI: Using ACPI (MADT) for SMP configuration information
[    0.025275] ACPI: HPET id: 0x8086a201 base: 0xfed00000
[    0.025648] TSC deadline timer available
[    0.025934] smpboot: Allowing 32 CPUs, 0 hotplug CPUs
[    0.026307] kvm-guest: APIC: eoi() replaced with kvm_guest_apic_eoi_write()
[    0.026822] kvm-guest: KVM setup pv remote TLB flush
[    0.027181] kvm-guest: setup PV sched yield
[    0.027486] PM: hibernation: Registered nosave memory: [mem 0x00000000-0x00000fff]
[    0.028033] PM: hibernation: Registered nosave memory: [mem 0x0009f000-0x0009ffff]
[    0.028579] PM: hibernation: Registered nosave memory: [mem 0x000a0000-0x000effff]
[    0.029127] PM: hibernation: Registered nosave memory: [mem 0x000f0000-0x000fffff]
[    0.029673] [mem 0x40000000-0xfeffbfff] available for PCI devices
[    0.030117] Booting paravirtualized kernel on KVM
[    0.030457] clocksource: refined-jiffies: mask: 0xffffffff max_cycles: 0xffffffff, max_idle_ns: 1910969940391419 ns
[    0.034006] setup_percpu: NR_CPUS:64 nr_cpumask_bits:32 nr_cpu_ids:32 nr_node_ids:1
[    0.035121] percpu: Embedded 56 pages/cpu s191784 r8192 d29400 u262144
[    0.035622] Kernel command line: virtme_hostname=virtme-ng virtme_link_mods=/nipa-data/kernel/.virtme_mods/lib/modules/0.0.0 virtme_initmount0=nipa-data/kernel virtme_rw_overlay0=/etc virtme_rw_overlay1=/lib virtme_rw_overlay2=/home virtme_rw_overlay3=/opt virtme_rw_overlay4=/srv virtme_rw_overlay5=/usr virtme_rw_overlay6=/var earlyprintk=serial,ttyS0,115200 console=ttyS0 psmouse.proto=exps TERM=xterm virtme_chdir=nipa-data/kernel virtme_root_user=1 rootfstype=9p rootflags=version=9p2000.L,trans=virtio,access=any raid=noautodetect ro init=/usr/lib/python3.11/site-packages/virtme/guest/virtme-init
[    0.039619] Unknown kernel command line parameters "virtme_hostname=virtme-ng virtme_link_mods=/nipa-data/kernel/.virtme_mods/lib/modules/0.0.0 virtme_initmount0=nipa-data/kernel virtme_rw_overlay0=/etc virtme_rw_overlay1=/lib virtme_rw_overlay2=/home virtme_rw_overlay3=/opt virtme_rw_overlay4=/srv virtme_rw_overlay5=/usr virtme_rw_overlay6=/var virtme_chdir=nipa-data/kernel virtme_root_user=1", will be passed to user space.
[    0.042620] random: crng init done
[    0.042907] Dentry cache hash table entries: 131072 (order: 8, 1048576 bytes, linear)
[    0.043511] Inode-cache hash table entries: 65536 (order: 7, 524288 bytes, linear)
[    0.044157] Fallback order for Node 0: 0 
[    0.044160] Built 1 zonelists, mobility grouping on.  Total pages: 257760
[    0.044961] Policy zone: DMA32
[    0.045187] mem auto-init: stack:all(zero), heap alloc:off, heap free:off
[    0.046436] Memory: 986876K/1048056K available (16384K kernel code, 2350K rwdata, 5932K rodata, 2992K init, 2336K bss, 60920K reserved, 0K cma-reserved)
[    0.047476] SLUB: HWalign=64, Order=0-3, MinObjects=0, CPUs=32, Nodes=1
Poking KASLR using RDRAND RDTSC...
[    0.048217] ftrace: allocating 46296 entries in 181 pages
[    0.054990] ftrace: allocated 181 pages with 5 groups
[    0.056000] Dynamic Preempt: voluntary
[    0.056425] rcu: Preemptible hierarchical RCU implementation.
[    0.056854] rcu: RCU event tracing is enabled.
[    0.057189] rcu: RCU restricting CPUs from NR_CPUS=64 to nr_cpu_ids=32.
[    0.057685] Trampoline variant of Tasks RCU enabled.
[    0.058063] Rude variant of Tasks RCU enabled.
[    0.058398] Tracing variant of Tasks RCU enabled.
[    0.058752] rcu: RCU calculated value of scheduler-enlistment delay is 100 jiffies.
[    0.059319] rcu: Adjusting geometry for rcu_fanout_leaf=16, nr_cpu_ids=32
[    0.061049] NR_IRQS: 4352, nr_irqs: 680, preallocated irqs: 16
[    0.061754] rcu: srcu_init: Setting srcu_struct sizes based on contention.
[    0.062405] Console: colour *CGA 80x25
[    0.062698] printk: legacy console [ttyS0] enabled
[    0.062698] printk: legacy console [ttyS0] enabled
[    0.063406] printk: legacy bootconsole [earlyser0] disabled
[    0.063406] printk: legacy bootconsole [earlyser0] disabled
[    0.064236] ACPI: Core revision 20230628
[    0.064601] clocksource: hpet: mask: 0xffffffff max_cycles: 0xffffffff, max_idle_ns: 19112604467 ns
[    0.065338] APIC: Switch to symmetric I/O mode setup
[    0.065738] APIC: Switched APIC routing to: physical flat
[    0.066149] kvm-guest: APIC: send_IPI_mask() replaced with kvm_send_ipi_mask()
[    0.066688] kvm-guest: APIC: send_IPI_mask_allbutself() replaced with kvm_send_ipi_mask_allbutself()
[    0.067380] kvm-guest: setup PV IPIs
[    0.068420] ..TIMER: vector=0x30 apic1=0 pin1=2 apic2=-1 pin2=-1
[    0.069211] tsc: Marking TSC unstable due to TSCs unsynchronized
[    0.070024] Calibrating delay loop (skipped) preset value.. 8983.07 BogoMIPS (lpj=4491536)
[    0.071079] x86/cpu: User Mode Instruction Prevention (UMIP) activated
[    0.072072] Last level iTLB entries: 4KB 512, 2MB 255, 4MB 127
[    0.073022] Last level dTLB entries: 4KB 512, 2MB 255, 4MB 127, 1GB 0
[    0.074024] Spectre V1 : Mitigation: usercopy/swapgs barriers and __user pointer sanitization
[    0.075025] Spectre V2 : Mitigation: Enhanced / Automatic IBRS
[    0.076022] Spectre V2 : Spectre v2 / SpectreRSB mitigation: Filling RSB on context switch
[    0.077023] Spectre V2 : mitigation: Enabling conditional Indirect Branch Prediction Barrier
[    0.078023] Speculative Store Bypass: Mitigation: Speculative Store Bypass disabled via prctl
[    0.079022] Speculative Return Stack Overflow: IBPB-extending microcode not applied!
[    0.080022] Speculative Return Stack Overflow: WARNING: See https://kernel.org/doc/html/latest/admin-guide/hw-vuln/srso.html for mitigation options.
[    0.080022] Speculative Return Stack Overflow: Vulnerable: Safe RET, no microcode
[    0.082036] x86/fpu: Supporting XSAVE feature 0x001: 'x87 floating point registers'
[    0.083022] x86/fpu: Supporting XSAVE feature 0x002: 'SSE registers'
[    0.084022] x86/fpu: Supporting XSAVE feature 0x004: 'AVX registers'
[    0.085022] x86/fpu: Supporting XSAVE feature 0x020: 'AVX-512 opmask'
[    0.085840] x86/fpu: Supporting XSAVE feature 0x040: 'AVX-512 Hi256'
[    0.086022] x86/fpu: Supporting XSAVE feature 0x080: 'AVX-512 ZMM_Hi256'
[    0.087022] x86/fpu: Supporting XSAVE feature 0x200: 'Protection Keys User registers'
[    0.088022] x86/fpu: xstate_offset[2]:  576, xstate_sizes[2]:  256
[    0.089022] x86/fpu: xstate_offset[5]:  832, xstate_sizes[5]:   64
[    0.090022] x86/fpu: xstate_offset[6]:  896, xstate_sizes[6]:  512
[    0.090804] x86/fpu: xstate_offset[7]: 1408, xstate_sizes[7]: 1024
[    0.091022] x86/fpu: xstate_offset[9]: 2432, xstate_sizes[9]:    8
[    0.092022] x86/fpu: Enabled xstate features 0x2e7, context size is 2440 bytes, using 'compacted' format.
[    0.108096] Freeing SMP alternatives memory: 40K
[    0.108688] pid_max: default: 32768 minimum: 301
[    0.109048] Mount-cache hash table entries: 2048 (order: 2, 16384 bytes, linear)
[    0.110022] Mountpoint-cache hash table entries: 2048 (order: 2, 16384 bytes, linear)
[    0.111178] smpboot: CPU0: AMD Ryzen 9 7950X 16-Core Processor (family: 0x19, model: 0x61, stepping: 0x2)
[    0.112105] RCU Tasks: Setting shift to 5 and lim to 1 rcu_task_cb_adjust=1.
[    0.113011] RCU Tasks Rude: Setting shift to 5 and lim to 1 rcu_task_cb_adjust=1.
[    0.113032] RCU Tasks Trace: Setting shift to 5 and lim to 1 rcu_task_cb_adjust=1.
[    0.113997] Performance Events: Fam17h+ core perfctr, AMD PMU driver.
[    0.114025] ... version:                0
[    0.114536] ... bit width:              48
[    0.115023] ... generic registers:      6
[    0.115536] ... value mask:             0000ffffffffffff
[    0.116023] ... max period:             00007fffffffffff
[    0.116697] ... fixed-purpose events:   0
[    0.117023] ... event mask:             000000000000003f
[    0.117763] signal: max sigframe size: 3376
[    0.118039] rcu: Hierarchical SRCU implementation.
[    0.118651] rcu: Max phase no-delay instances is 400.
[    0.121296] smp: Bringing up secondary CPUs ...
[    0.121930] smpboot: x86: Booting SMP configuration:
[    0.122025] .... node  #0, CPUs:        #1  #2  #3  #4  #5  #6  #7  #8  #9 #10 #11 #12 #13 #14 #15 #16 #17 #18 #19 #20 #21 #22 #23 #24 #25 #26 #27 #28 #29 #30 #31
[    0.138199] smp: Brought up 1 node, 32 CPUs
[    0.139749] smpboot: Max logical packages: 1
[    0.140025] smpboot: Total of 32 processors activated (287458.30 BogoMIPS)
[    0.144096] devtmpfs: initialized
[    0.145053] x86/mm: Memory block size: 128MB
[    0.146770] clocksource: jiffies: mask: 0xffffffff max_cycles: 0xffffffff, max_idle_ns: 1911260446275000 ns
[    0.147032] futex hash table entries: 8192 (order: 7, 524288 bytes, linear)
[    0.148208] PM: RTC time: 18:06:38, date: 2024-03-02
[    0.149464] NET: Registered PF_NETLINK/PF_ROUTE protocol family
[    0.150180] thermal_sys: Registered thermal governor 'step_wise'
[    0.150181] thermal_sys: Registered thermal governor 'user_space'
[    0.151058] cpuidle: using governor menu
[    0.153302] PCI: Using configuration type 1 for base access
[    0.154024] PCI: Using configuration type 1 for extended access
[    0.155106] kprobes: kprobe jump-optimization is enabled. All kprobes are optimized if possible.
[    0.172075] HugeTLB: registered 1.00 GiB page size, pre-allocated 0 pages
[    0.173024] HugeTLB: 16380 KiB vmemmap can be freed for a 1.00 GiB page
[    0.174024] HugeTLB: registered 2.00 MiB page size, pre-allocated 0 pages
[    0.175024] HugeTLB: 28 KiB vmemmap can be freed for a 2.00 MiB page
[    0.176114] ACPI: Added _OSI(Module Device)
[    0.176784] ACPI: Added _OSI(Processor Device)
[    0.177024] ACPI: Added _OSI(3.0 _SCP Extensions)
[    0.177809] ACPI: Added _OSI(Processor Aggregator Device)
[    0.178925] ACPI: 1 ACPI AML tables successfully acquired and loaded
[    0.180046] ACPI: _OSC evaluation for CPUs failed, trying _PDC
[    0.181197] ACPI: Interpreter enabled
[    0.181823] ACPI: PM: (supports S0 S3 S4 S5)
[    0.182024] ACPI: Using IOAPIC for interrupt routing
[    0.182864] PCI: Using host bridge windows from ACPI; if necessary, use "pci=nocrs" and report a bug
[    0.183024] PCI: Using E820 reservations for host bridge windows
[    0.184126] ACPI: Enabled 2 GPEs in block 00 to 0F
[    0.188160] ACPI: PCI Root Bridge [PCI0] (domain 0000 [bus 00-ff])
[    0.189027] acpi PNP0A03:00: _OSC: OS supports [ExtendedConfig ASPM ClockPM Segments MSI HPX-Type3]
[    0.190134] PCI host bridge to bus 0000:00
[    0.190824] pci_bus 0000:00: root bus resource [io  0x0000-0x0cf7 window]
[    0.191024] pci_bus 0000:00: root bus resource [io  0x0d00-0xffff window]
[    0.192024] pci_bus 0000:00: root bus resource [mem 0x000a0000-0x000bffff window]
[    0.193024] pci_bus 0000:00: root bus resource [mem 0x40000000-0xfebfffff window]
[    0.194024] pci_bus 0000:00: root bus resource [mem 0x100000000-0x17fffffff window]
[    0.195024] pci_bus 0000:00: root bus resource [bus 00-ff]
[    0.196052] pci 0000:00:00.0: [8086:1237] type 00 class 0x060000 conventional PCI endpoint
[    0.197342] pci 0000:00:01.0: [8086:7000] type 00 class 0x060100 conventional PCI endpoint
[    0.198364] pci 0000:00:01.1: [8086:7010] type 00 class 0x010180 conventional PCI endpoint
[    0.201252] pci 0000:00:01.1: BAR 4 [io  0xc080-0xc08f]
[    0.202718] pci 0000:00:01.1: BAR 0 [io  0x01f0-0x01f7]: legacy IDE quirk
[    0.203024] pci 0000:00:01.1: BAR 1 [io  0x03f6]: legacy IDE quirk
[    0.203847] pci 0000:00:01.1: BAR 2 [io  0x0170-0x0177]: legacy IDE quirk
[    0.204024] pci 0000:00:01.1: BAR 3 [io  0x0376]: legacy IDE quirk
[    0.204929] pci 0000:00:01.3: [8086:7113] type 00 class 0x068000 conventional PCI endpoint
[    0.205269] pci 0000:00:01.3: quirk: [io  0x0600-0x063f] claimed by PIIX4 ACPI
[    0.206028] pci 0000:00:01.3: quirk: [io  0x0700-0x070f] claimed by PIIX4 SMB
[    0.207155] pci 0000:00:02.0: [1af4:1009] type 00 class 0x000200 conventional PCI endpoint
[    0.209025] pci 0000:00:02.0: BAR 0 [io  0xc000-0xc03f]
[    0.210685] pci 0000:00:02.0: BAR 1 [mem 0xfebfd000-0xfebfdfff]
[    0.214024] pci 0000:00:02.0: BAR 4 [mem 0xfebf4000-0xfebf7fff 64bit pref]
[    0.216297] pci 0000:00:03.0: [1af4:1009] type 00 class 0x000200 conventional PCI endpoint
[    0.218024] pci 0000:00:03.0: BAR 0 [io  0xc040-0xc07f]
[    0.220024] pci 0000:00:03.0: BAR 1 [mem 0xfebfe000-0xfebfefff]
[    0.223692] pci 0000:00:03.0: BAR 4 [mem 0xfebf8000-0xfebfbfff 64bit pref]
[    0.225582] pci 0000:00:04.0: [8086:25ab] type 00 class 0x088000 conventional PCI endpoint
[    0.226433] pci 0000:00:04.0: BAR 0 [mem 0xfebff000-0xfebff00f]
[    0.230059] ACPI: PCI: Interrupt link LNKA configured for IRQ 10
[    0.230970] ACPI: PCI: Interrupt link LNKB configured for IRQ 10
[    0.231128] ACPI: PCI: Interrupt link LNKC configured for IRQ 11
[    0.232025] ACPI: PCI: Interrupt link LNKD configured for IRQ 11
[    0.232891] ACPI: PCI: Interrupt link LNKS configured for IRQ 9
[    0.234252] iommu: Default domain type: Translated
[    0.234889] iommu: DMA domain TLB invalidation policy: lazy mode
[    0.235074] SCSI subsystem initialized
[    0.235608] pps_core: LinuxPPS API ver. 1 registered
[    0.236025] pps_core: Software ver. 5.3.6 - Copyright 2005-2007 Rodolfo Giometti <giometti@linux.it>
[    0.237025] PTP clock support registered
[    0.237566] Advanced Linux Sound Architecture Driver Initialized.
[    0.238309] NET: Registered PF_ATMPVC protocol family
[    0.238979] NET: Registered PF_ATMSVC protocol family
[    0.239027] PCI: Using ACPI for IRQ routing
[    0.239663] vgaarb: loaded
[    0.240058] hpet0: at MMIO 0xfed00000, IRQs 2, 8, 0
[    0.240704] hpet0: 3 comparators, 64-bit 100.000000 MHz counter
[    0.246978] clocksource: Switched to clocksource kvm-clock
[    0.247806] VFS: Disk quotas dquot_6.6.0
[    0.248387] VFS: Dquot-cache hash table entries: 512 (order 0, 4096 bytes)
[    0.249445] pnp: PnP ACPI init
[    0.250226] pnp: PnP ACPI: found 5 devices
[    0.257883] clocksource: acpi_pm: mask: 0xffffff max_cycles: 0xffffff, max_idle_ns: 2085701024 ns
[    0.259118] NET: Registered PF_INET protocol family
[    0.259791] IP idents hash table entries: 16384 (order: 5, 131072 bytes, linear)
[    0.260950] tcp_listen_portaddr_hash hash table entries: 512 (order: 1, 8192 bytes, linear)
[    0.262331] Table-perturb hash table entries: 65536 (order: 6, 262144 bytes, linear)
[    0.263368] TCP established hash table entries: 8192 (order: 4, 65536 bytes, linear)
[    0.264414] TCP bind hash table entries: 8192 (order: 6, 262144 bytes, linear)
[    0.265388] TCP: Hash tables configured (established 8192 bind 8192)
[    0.266276] UDP hash table entries: 512 (order: 2, 16384 bytes, linear)
[    0.267210] UDP-Lite hash table entries: 512 (order: 2, 16384 bytes, linear)
[    0.268433] NET: Registered PF_UNIX/PF_LOCAL protocol family
[    0.269388] pci_bus 0000:00: resource 4 [io  0x0000-0x0cf7 window]
[    0.270243] pci_bus 0000:00: resource 5 [io  0x0d00-0xffff window]
[    0.271077] pci_bus 0000:00: resource 6 [mem 0x000a0000-0x000bffff window]
[    0.271999] pci_bus 0000:00: resource 7 [mem 0x40000000-0xfebfffff window]
[    0.272909] pci_bus 0000:00: resource 8 [mem 0x100000000-0x17fffffff window]
[    0.273890] pci 0000:00:01.0: PIIX3: Enabling Passive Release
[    0.274666] pci 0000:00:00.0: Limiting direct PCI/PCI transfers
[    0.275494] PCI: CLS 0 bytes, default 64
[    0.276052] kvm_intel: VMX not supported by CPU 0
[    0.276686] kvm_amd: TSC scaling supported
[    0.277253] kvm_amd: Nested Virtualization enabled
[    0.277912] kvm_amd: Nested Paging enabled
[    0.278474] kvm_amd: Virtual VMLOAD VMSAVE supported
[    0.279148] kvm_amd: Virtual GIF supported
[    0.279688] kvm_amd: Virtual NMI enabled
[    0.280318] kvm_amd: LBR virtualization supported
[    0.374711] workingset: timestamp_bits=56 max_order=18 bucket_order=0
[    0.375638] squashfs: version 4.0 (2009/01/31) Phillip Lougher
[    0.376445] fuse: init (API version 7.39)
[    0.377036] 9p: Installing v9fs 9p2000 file system support
[    0.377811] Key type asymmetric registered
[    0.378374] Block layer SCSI generic (bsg) driver version 0.4 loaded (major 249)
[    0.379376] io scheduler mq-deadline registered
[    0.379992] io scheduler kyber registered
[    0.381547] input: Power Button as /devices/LNXSYSTM:00/LNXPWRBN:00/input/input0
[    0.382604] ACPI: button: Power Button [PWRF]
[    0.383232] Warning: Processor Platform Limit event detected, but not handled.
[    0.384202] Consider compiling CPUfreq support into your kernel.
[    0.402720] ACPI: \_SB_.LNKB: Enabled at IRQ 10
[    0.420346] ACPI: \_SB_.LNKC: Enabled at IRQ 11
[    0.421869] Serial: 8250/16550 driver, 4 ports, IRQ sharing enabled
[    0.422990] 00:03: ttyS0 at I/O 0x3f8 (irq = 4, base_baud = 115200) is a 16550A
[    0.424396] Non-volatile memory driver v1.3
[    0.424974] Linux agpgart interface v0.103
[    0.425564] ACPI: bus type drm_connector registered
[    0.430393] loop: module loaded
[    0.431465] scsi host0: ata_piix
[    0.432064] scsi host1: ata_piix
[    0.432511] ata1: PATA max MWDMA2 cmd 0x1f0 ctl 0x3f6 bmdma 0xc080 irq 14 lpm-pol 0
[    0.433541] ata2: PATA max MWDMA2 cmd 0x170 ctl 0x376 bmdma 0xc088 irq 15 lpm-pol 0
[    0.434793] i8042: PNP: PS/2 Controller [PNP0303:KBD,PNP0f13:MOU] at 0x60,0x64 irq 1,12
[    0.436634] serio: i8042 KBD port at 0x60,0x64 irq 1
[    0.437309] serio: i8042 AUX port at 0x60,0x64 irq 12
[    0.438202] rtc_cmos 00:04: RTC can wake from S4
[    0.439458] input: AT Translated Set 2 keyboard as /devices/platform/i8042/serio0/input/input1
[    0.440882] rtc_cmos 00:04: registered as rtc0
[    0.441525] rtc_cmos 00:04: setting system clock to 2024-03-02T18:06:38 UTC (1709402798)
[    0.442639] rtc_cmos 00:04: alarms up to one day, y3k, 242 bytes nvram, hpet irqs
[    0.444000] i6300ESB timer 0000:00:04.0: initialized. heartbeat=30 sec (nowayout=0)
[    0.445098] device-mapper: ioctl: 4.48.0-ioctl (2023-03-01) initialised: dm-devel@redhat.com
[    0.446437] NET: Registered PF_PACKET protocol family
[    0.447128] 9pnet: Installing 9P2000 support
[    0.448445] Key type dns_resolver registered
[    0.450436] input: ImExPS/2 Generic Explorer Mouse as /devices/platform/i8042/serio1/input/input3
[    0.452376] IPI shorthand broadcast: enabled
[    0.454921] sched_clock: Marking stable (451000862, 3745838)->(495304542, -40557842)
[    0.456160] registered taskstats version 1
[    0.457821] PM:   Magic number: 0:106:139
[    0.458380] acpi device:10: hash matches
[    0.458917] printk: legacy console [netcon0] enabled
[    0.459584] netconsole: network logging started
[    0.460236] ALSA device list:
[    0.460637]   No soundcards found.
[    0.593881] ata2: found unknown device (class 0)
[    0.594957] ata2.00: ATAPI: QEMU DVD-ROM, 2.5+, max UDMA/100
[    0.596590] scsi 1:0:0:0: CD-ROM            QEMU     QEMU DVD-ROM     2.5+ PQ: 0 ANSI: 5
[    0.605124] scsi 1:0:0:0: Attached scsi generic sg0 type 5
[    0.605854] md: Skipping autodetection of RAID arrays. (raid=autodetect will force)
[    0.606886] 9pnet_virtio: no channels available for device 
[    0.607908] VFS: Mounted root (9p filesystem) readonly on device 0:19.
[    0.608769] devtmpfs: mounted
[    0.609715] Freeing unused kernel image (initmem) memory: 2992K
[    0.619752] Write protecting the kernel read-only data: 22528k
[    0.620924] Freeing unused kernel image (rodata/data gap) memory: 212K
[    0.651314] x86/mm: Checked W+X mappings: passed, no W+X pages found.
[    0.652066] Run /usr/lib/python3.11/site-packages/virtme/guest/virtme-init as init process
[    0.670501] mount (239) used greatest stack depth: 13480 bytes left
[    0.696128] mkdir (247) used greatest stack depth: 13432 bytes left
[    0.721301] mount (257) used greatest stack depth: 13064 bytes left
[    0.780045] virtme-init: basic initialization done
[    0.784037] virtme-init: udevd not found
[    0.798173] mount (318) used greatest stack depth: 12984 bytes left
[    0.822089] virtme-init: Setting hostname to virtme-ng...
[    0.830809] ip (333) used greatest stack depth: 12360 bytes left
          _      _                                    
   __   _(_)_ __| |_ _ __ ___   ___       _ __   __ _ 
   \ \ / / |  __| __|  _   _ \ / _ \_____|  _ \ / _  |
    \ V /| | |  | |_| | | | | |  __/_____| | | | (_| |
     \_/ |_|_|   \__|_| |_| |_|\___|     |_| |_|\__  |
                                                |___/ 
   kernel version: 6.8.0-rc6-virtme x86_64

virtme-ng:/nipa-data/kernel# PS1='xx__-> '
xx__-> env
PWD=/nipa-data/kernel
HOME=/
TERM=xterm
SHLVL=2
XDG_RUNTIME_DIR=/run/user/0
PATH=/bin:/sbin:/usr/bin:/usr/sbin:/usr/local/bin
OLDPWD=/
_=/usr/bin/env
xx__-> 