No EFI environment detected.
early console in extract_kernel
input_data: 0x0000000002be62c4
input_len: 0x0000000000b6e96f
output: 0x0000000001000000
output_len: 0x000000000270cd7c
kernel_total_size: 0x0000000002430000
needed_size: 0x0000000002800000
trampoline_32bit: 0x0000000000000000
Physical KASLR using RDRAND RDTSC...
Virtual KASLR using RDRAND RDTSC...

Decompressing Linux... Parsing ELF... Performing relocations... done.
Booting the kernel (entry_offset: 0x0000000000000000).
[    0.000000] Linux version 6.12.0-rc4-virtme (root@97536ce1ec7d) (gcc (Ubuntu 13.2.0-23ubuntu4) 13.2.0, GNU ld (GNU Binutils for Ubuntu) 2.42) #1 SMP PREEMPT_DYNAMIC Wed Oct 30 21:06:08 UTC 2024
[    0.000000] Command line: virtme_hostname=virtme-ng nr_open=1048576 virtme_link_mods=/nipa-data/kernel/.virtme_mods/lib/modules/0.0.0 virtme_initmount0=nipa-data/kernel virtme_rw_overlay0=/etc virtme_rw_overlay1=/lib virtme_rw_overlay2=/home virtme_rw_overlay3=/opt virtme_rw_overlay4=/srv virtme_rw_overlay5=/usr virtme_rw_overlay6=/var console=hvc0 earlyprintk=serial,ttyS0,115200 virtme_console=ttyS0 psmouse.proto=exps TERM=xterm virtme_chdir=nipa-data/kernel virtme_root_user=1 rootfstype=9p rootflags=version=9p2000.L,trans=virtio,access=any raid=noautodetect ro init=/usr/lib/python3/dist-packages/virtme/guest/virtme-init
[    0.000000] BIOS-provided physical RAM map:
[    0.000000] BIOS-e820: [mem 0x0000000000000000-0x000000000009fbff] usable
[    0.000000] BIOS-e820: [mem 0x000000000009fc00-0x000000000009ffff] reserved
[    0.000000] BIOS-e820: [mem 0x00000000000f0000-0x00000000000fffff] reserved
[    0.000000] BIOS-e820: [mem 0x0000000000100000-0x000000003ffdffff] usable
[    0.000000] BIOS-e820: [mem 0x000000003ffe0000-0x000000003fffffff] reserved
[    0.000000] BIOS-e820: [mem 0x00000000feffc000-0x00000000feffffff] reserved
[    0.000000] BIOS-e820: [mem 0x00000000fffc0000-0x00000000ffffffff] reserved
[    0.000000] BIOS-e820: [mem 0x000000fd00000000-0x000000ffffffffff] reserved
[    0.000000] printk: legacy bootconsole [earlyser0] enabled
[    0.000000] NX (Execute Disable) protection: active
[    0.000000] APIC: Static calls initialized
[    0.000000] SMBIOS 3.0.0 present.
[    0.000000] DMI: QEMU Ubuntu 24.04 PC (i440FX + PIIX, 1996), BIOS 1.16.3-debian-1.16.3-2 04/01/2014
[    0.000000] DMI: Memory slots populated: 1/1
[    0.000000] Hypervisor detected: KVM
[    0.000000] kvm-clock: Using msrs 4b564d01 and 4b564d00
[    0.000000] kvm-clock: using sched offset of 227332209 cycles
[    0.000344] clocksource: kvm-clock: mask: 0xffffffffffffffff max_cycles: 0x1cd42e4dffb, max_idle_ns: 881590591483 ns
[    0.001398] tsc: Detected 4491.560 MHz processor
[    0.001948] last_pfn = 0x3ffe0 max_arch_pfn = 0x400000000
[    0.002320] MTRR map: 4 entries (3 fixed + 1 variable; max 19), built from 8 variable MTRRs
[    0.002863] x86/PAT: Configuration [0-7]: WB  WC  UC- UC  WB  WP  UC- WT  
Memory KASLR using RDRAND RDTSC...
[    0.004741] found SMP MP-table at [mem 0x000f5470-0x000f547f]
[    0.005117] Using GB pages for direct mapping
[    0.005444] ACPI: Early table checksum verification disabled
[    0.005811] ACPI: RSDP 0x00000000000F5290 000014 (v00 BOCHS )
[    0.006187] ACPI: RSDT 0x000000003FFE27BC 000034 (v01 BOCHS  BXPC     00000001 BXPC 00000001)
[    0.006740] ACPI: FACP 0x000000003FFE2578 000074 (v01 BOCHS  BXPC     00000001 BXPC 00000001)
[    0.007293] ACPI: DSDT 0x000000003FFE0040 002538 (v01 BOCHS  BXPC     00000001 BXPC 00000001)
[    0.007844] ACPI: FACS 0x000000003FFE0000 000040
[    0.008145] ACPI: APIC 0x000000003FFE25EC 000170 (v03 BOCHS  BXPC     00000001 BXPC 00000001)
[    0.008697] ACPI: HPET 0x000000003FFE275C 000038 (v01 BOCHS  BXPC     00000001 BXPC 00000001)
[    0.009248] ACPI: WAET 0x000000003FFE2794 000028 (v01 BOCHS  BXPC     00000001 BXPC 00000001)
[    0.009799] ACPI: Reserving FACP table memory at [mem 0x3ffe2578-0x3ffe25eb]
[    0.010257] ACPI: Reserving DSDT table memory at [mem 0x3ffe0040-0x3ffe2577]
[    0.010712] ACPI: Reserving FACS table memory at [mem 0x3ffe0000-0x3ffe003f]
[    0.011167] ACPI: Reserving APIC table memory at [mem 0x3ffe25ec-0x3ffe275b]
[    0.011622] ACPI: Reserving HPET table memory at [mem 0x3ffe275c-0x3ffe2793]
[    0.012077] ACPI: Reserving WAET table memory at [mem 0x3ffe2794-0x3ffe27bb]
[    0.012658] No NUMA configuration found
[    0.012906] Faking a node at [mem 0x0000000000000000-0x000000003ffdffff]
[    0.013341] NODE_DATA(0) allocated [mem 0x3ffdb780-0x3ffdffff]
[    0.013727] Zone ranges:
[    0.013891]   DMA      [mem 0x0000000000001000-0x0000000000ffffff]
[    0.014297]   DMA32    [mem 0x0000000001000000-0x000000003ffdffff]
[    0.014695]   Normal   empty
[    0.014881]   Device   empty
[    0.015066] Movable zone start for each node
[    0.015341] Early memory node ranges
[    0.015571]   node   0: [mem 0x0000000000001000-0x000000000009efff]
[    0.015975]   node   0: [mem 0x0000000000100000-0x000000003ffdffff]
[    0.016379] Initmem setup node 0 [mem 0x0000000000001000-0x000000003ffdffff]
[    0.016834] On node 0, zone DMA: 1 pages in unavailable ranges
[    0.017218] On node 0, zone DMA: 97 pages in unavailable ranges
[    0.018524] On node 0, zone DMA32: 32 pages in unavailable ranges
[    0.019096] ACPI: PM-Timer IO Port: 0x608
[    0.019362] ACPI: LAPIC_NMI (acpi_id[0xff] dfl dfl lint[0x1])
[    0.019747] IOAPIC[0]: apic_id 0, version 17, address 0xfec00000, GSI 0-23
[    0.020193] ACPI: INT_SRC_OVR (bus 0 bus_irq 0 global_irq 2 dfl dfl)
[    0.020605] ACPI: INT_SRC_OVR (bus 0 bus_irq 5 global_irq 5 high level)
[    0.021034] ACPI: INT_SRC_OVR (bus 0 bus_irq 9 global_irq 9 high level)
[    0.021462] ACPI: INT_SRC_OVR (bus 0 bus_irq 10 global_irq 10 high level)
[    0.021906] ACPI: INT_SRC_OVR (bus 0 bus_irq 11 global_irq 11 high level)
[    0.022350] ACPI: Using ACPI (MADT) for SMP configuration information
[    0.022766] ACPI: HPET id: 0x8086a201 base: 0xfed00000
[    0.023098] TSC deadline timer available
[    0.023353] CPU topo: Max. logical packages:   1
[    0.023651] CPU topo: Max. logical dies:       1
[    0.023948] CPU topo: Max. dies per package:   1
[    0.024248] CPU topo: Max. threads per core:   1
[    0.024546] CPU topo: Num. cores per package:    32
[    0.024860] CPU topo: Num. threads per package:  32
[    0.025174] CPU topo: Allowing 32 present CPUs plus 0 hotplug CPUs
[    0.025578] kvm-guest: APIC: eoi() replaced with kvm_guest_apic_eoi_write()
[    0.026036] kvm-guest: KVM setup pv remote TLB flush
[    0.026358] kvm-guest: setup PV sched yield
[    0.026629] PM: hibernation: Registered nosave memory: [mem 0x00000000-0x00000fff]
[    0.027117] PM: hibernation: Registered nosave memory: [mem 0x0009f000-0x0009ffff]
[    0.027606] PM: hibernation: Registered nosave memory: [mem 0x000a0000-0x000effff]
[    0.028094] PM: hibernation: Registered nosave memory: [mem 0x000f0000-0x000fffff]
[    0.028582] [mem 0x40000000-0xfeffbfff] available for PCI devices
[    0.028975] Booting paravirtualized kernel on KVM
[    0.029280] clocksource: refined-jiffies: mask: 0xffffffff max_cycles: 0xffffffff, max_idle_ns: 1910969940391419 ns
[    0.032612] setup_percpu: NR_CPUS:64 nr_cpumask_bits:32 nr_cpu_ids:32 nr_node_ids:1
[    0.033667] percpu: Embedded 58 pages/cpu s199128 r8192 d30248 u262144
[    0.034121] Kernel command line: virtme_hostname=virtme-ng nr_open=1048576 virtme_link_mods=/nipa-data/kernel/.virtme_mods/lib/modules/0.0.0 virtme_initmount0=nipa-data/kernel virtme_rw_overlay0=/etc virtme_rw_overlay1=/lib virtme_rw_overlay2=/home virtme_rw_overlay3=/opt virtme_rw_overlay4=/srv virtme_rw_overlay5=/usr virtme_rw_overlay6=/var console=hvc0 earlyprintk=serial,ttyS0,115200 virtme_console=ttyS0 psmouse.proto=exps TERM=xterm virtme_chdir=nipa-data/kernel virtme_root_user=1 rootfstype=9p rootflags=version=9p2000.L,trans=virtio,access=any raid=noautodetect ro init=/usr/lib/python3/dist-packages/virtme/guest/virtme-init
[    0.037907] Unknown kernel command line parameters "virtme_hostname=virtme-ng nr_open=1048576 virtme_link_mods=/nipa-data/kernel/.virtme_mods/lib/modules/0.0.0 virtme_initmount0=nipa-data/kernel virtme_rw_overlay0=/etc virtme_rw_overlay1=/lib virtme_rw_overlay2=/home virtme_rw_overlay3=/opt virtme_rw_overlay4=/srv virtme_rw_overlay5=/usr virtme_rw_overlay6=/var virtme_console=ttyS0 virtme_chdir=nipa-data/kernel virtme_root_user=1", will be passed to user space.
[    0.040813] random: crng init done
[    0.041064] Dentry cache hash table entries: 131072 (order: 8, 1048576 bytes, linear)
[    0.041603] Inode-cache hash table entries: 65536 (order: 7, 524288 bytes, linear)
[    0.042190] Fallback order for Node 0: 0 
[    0.042192] Built 1 zonelists, mobility grouping on.  Total pages: 262014
[    0.042910] Policy zone: DMA32
[    0.043113] mem auto-init: stack:all(zero), heap alloc:off, heap free:off
[    0.044085] SLUB: HWalign=64, Order=0-3, MinObjects=0, CPUs=32, Nodes=1
Poking KASLR using RDRAND RDTSC...
[    0.044751] ftrace: allocating 48480 entries in 190 pages
[    0.051360] ftrace: allocated 190 pages with 6 groups
[    0.052226] Dynamic Preempt: voluntary
[    0.052596] rcu: Preemptible hierarchical RCU implementation.
[    0.052976] rcu: RCU event tracing is enabled.
[    0.053274] rcu: RCU restricting CPUs from NR_CPUS=64 to nr_cpu_ids=32.
[    0.053715] Trampoline variant of Tasks RCU enabled.
[    0.054063] Rude variant of Tasks RCU enabled.
[    0.054361] Tracing variant of Tasks RCU enabled.
[    0.054676] rcu: RCU calculated value of scheduler-enlistment delay is 100 jiffies.
[    0.055180] rcu: Adjusting geometry for rcu_fanout_leaf=16, nr_cpu_ids=32
[    0.055635] RCU Tasks: Setting shift to 5 and lim to 1 rcu_task_cb_adjust=1 rcu_task_cpu_ids=32.
[    0.056215] RCU Tasks Rude: Setting shift to 5 and lim to 1 rcu_task_cb_adjust=1 rcu_task_cpu_ids=32.
[    0.056829] RCU Tasks Trace: Setting shift to 5 and lim to 1 rcu_task_cb_adjust=1 rcu_task_cpu_ids=32.
[    0.058791] NR_IRQS: 4352, nr_irqs: 680, preallocated irqs: 16
[    0.059340] rcu: srcu_init: Setting srcu_struct sizes based on contention.
[    0.059921] Console: colour *CGA 80x25
[    0.060173] ACPI: Core revision 20240827
[    0.060496] clocksource: hpet: mask: 0xffffffff max_cycles: 0xffffffff, max_idle_ns: 19112604467 ns
[    0.061148] APIC: Switch to symmetric I/O mode setup
[    0.061495] kvm-guest: APIC: send_IPI_mask() replaced with kvm_send_ipi_mask()
[    0.061974] kvm-guest: APIC: send_IPI_mask_allbutself() replaced with kvm_send_ipi_mask_allbutself()
[    0.062566] kvm-guest: setup PV IPIs
[    0.063512] ..TIMER: vector=0x30 apic1=0 pin1=2 apic2=-1 pin2=-1
[    0.064246] clocksource: tsc-early: mask: 0xffffffffffffffff max_cycles: 0x40be4320a4d, max_idle_ns: 440795288133 ns
[    0.065503] Calibrating delay loop (skipped) preset value.. 8983.12 BogoMIPS (lpj=4491560)
[    0.066560] x86/cpu: User Mode Instruction Prevention (UMIP) activated
[    0.067547] Last level iTLB entries: 4KB 512, 2MB 255, 4MB 127
[    0.068234] Last level dTLB entries: 4KB 512, 2MB 255, 4MB 127, 1GB 0
[    0.068506] Spectre V1 : Mitigation: usercopy/swapgs barriers and __user pointer sanitization
[    0.069505] Spectre V2 : Mitigation: Enhanced / Automatic IBRS
[    0.070502] Spectre V2 : Spectre v2 / SpectreRSB mitigation: Filling RSB on context switch
[    0.071503] Spectre V2 : mitigation: Enabling conditional Indirect Branch Prediction Barrier
[    0.072503] Speculative Store Bypass: Mitigation: Speculative Store Bypass disabled via prctl
[    0.073502] Speculative Return Stack Overflow: IBPB-extending microcode not applied!
[    0.074502] Speculative Return Stack Overflow: WARNING: See https://kernel.org/doc/html/latest/admin-guide/hw-vuln/srso.html for mitigation options.
[    0.074503] Speculative Return Stack Overflow: Vulnerable: Safe RET, no microcode
[    0.077397] x86/fpu: Supporting XSAVE feature 0x001: 'x87 floating point registers'
[    0.077502] x86/fpu: Supporting XSAVE feature 0x002: 'SSE registers'
[    0.078502] x86/fpu: Supporting XSAVE feature 0x004: 'AVX registers'
[    0.079502] x86/fpu: Supporting XSAVE feature 0x020: 'AVX-512 opmask'
[    0.080502] x86/fpu: Supporting XSAVE feature 0x040: 'AVX-512 Hi256'
[    0.081240] x86/fpu: Supporting XSAVE feature 0x080: 'AVX-512 ZMM_Hi256'
[    0.081502] x86/fpu: Supporting XSAVE feature 0x200: 'Protection Keys User registers'
[    0.082502] x86/fpu: xstate_offset[2]:  576, xstate_sizes[2]:  256
[    0.083502] x86/fpu: xstate_offset[5]:  832, xstate_sizes[5]:   64
[    0.084220] x86/fpu: xstate_offset[6]:  896, xstate_sizes[6]:  512
[    0.084502] x86/fpu: xstate_offset[7]: 1408, xstate_sizes[7]: 1024
[    0.085502] x86/fpu: xstate_offset[9]: 2432, xstate_sizes[9]:    8
[    0.086502] x86/fpu: Enabled xstate features 0x2e7, context size is 2440 bytes, using 'compacted' format.
[    0.100850] Freeing SMP alternatives memory: 40K
[    0.101387] pid_max: default: 32768 minimum: 301
[    0.101521] Mount-cache hash table entries: 2048 (order: 2, 16384 bytes, linear)
[    0.102503] Mountpoint-cache hash table entries: 2048 (order: 2, 16384 bytes, linear)
[    0.103626] smpboot: CPU0: AMD Ryzen 9 7950X 16-Core Processor (family: 0x19, model: 0x61, stepping: 0x2)
[    0.104608] Performance Events: Fam17h+ core perfctr, AMD PMU driver.
[    0.105361] ... version:                0
[    0.105504] ... bit width:              48
[    0.105969] ... generic registers:      6
[    0.106423] ... value mask:             0000ffffffffffff
[    0.106504] ... max period:             00007fffffffffff
[    0.107105] ... fixed-purpose events:   0
[    0.107504] ... event mask:             000000000000003f
[    0.108176] signal: max sigframe size: 3376
[    0.108518] rcu: Hierarchical SRCU implementation.
[    0.109065] rcu: Max phase no-delay instances is 400.
[    0.109524] Timer migration: 2 hierarchy levels; 8 children per group; 2 crossnode level
[    0.112493] smp: Bringing up secondary CPUs ...
[    0.112551] smpboot: x86: Booting SMP configuration:
[    0.113112] .... node  #0, CPUs:        #1  #2  #3  #4  #5  #6  #7  #8  #9 #10 #11 #12 #13 #14 #15 #16 #17 #18 #19 #20 #21 #22 #23 #24 #25 #26 #27 #28 #29 #30 #31
[    0.128598] smp: Brought up 1 node, 32 CPUs
[    0.129987] smpboot: Total of 32 processors activated (287459.84 BogoMIPS)
[    0.132520] Memory: 970440K/1048056K available (16384K kernel code, 2449K rwdata, 6280K rodata, 3132K init, 1856K bss, 63192K reserved, 0K cma-reserved)
[    0.133633] devtmpfs: initialized
[    0.133920] x86/mm: Memory block size: 128MB
[    0.135171] clocksource: jiffies: mask: 0xffffffff max_cycles: 0xffffffff, max_idle_ns: 1911260446275000 ns
[    0.135506] futex hash table entries: 8192 (order: 7, 524288 bytes, linear)
[    0.136416] PM: RTC time: 21:06:28, date: 2024-10-30
[    0.136825] NET: Registered PF_NETLINK/PF_ROUTE protocol family
[    0.137614] thermal_sys: Registered thermal governor 'step_wise'
[    0.137615] thermal_sys: Registered thermal governor 'user_space'
[    0.138322] cpuidle: using governor menu
[    0.139687] PCI: Using configuration type 1 for base access
[    0.140504] PCI: Using configuration type 1 for extended access
[    0.141256] kprobes: kprobe jump-optimization is enabled. All kprobes are optimized if possible.
[    0.157635] HugeTLB: registered 1.00 GiB page size, pre-allocated 0 pages
[    0.158432] HugeTLB: 16380 KiB vmemmap can be freed for a 1.00 GiB page
[    0.158504] HugeTLB: registered 2.00 MiB page size, pre-allocated 0 pages
[    0.159288] HugeTLB: 28 KiB vmemmap can be freed for a 2.00 MiB page
[    0.163028] ACPI: Added _OSI(Module Device)
[    0.163505] ACPI: Added _OSI(Processor Device)
[    0.164025] ACPI: Added _OSI(3.0 _SCP Extensions)
[    0.164504] ACPI: Added _OSI(Processor Aggregator Device)
[    0.165787] ACPI: 1 ACPI AML tables successfully acquired and loaded
[    0.166863] ACPI: Interpreter enabled
[    0.167512] ACPI: PM: (supports S0 S3 S4 S5)
[    0.168011] ACPI: Using IOAPIC for interrupt routing
[    0.168510] PCI: Using host bridge windows from ACPI; if necessary, use "pci=nocrs" and report a bug
[    0.169504] PCI: Using E820 reservations for host bridge windows
[    0.170277] ACPI: Enabled 2 GPEs in block 00 to 0F
[    0.172891] ACPI: PCI Root Bridge [PCI0] (domain 0000 [bus 00-ff])
[    0.173506] acpi PNP0A03:00: _OSC: OS supports [ExtendedConfig ASPM ClockPM Segments MSI HPX-Type3]
[    0.174586] PCI host bridge to bus 0000:00
[    0.175066] pci_bus 0000:00: root bus resource [io  0x0000-0x0cf7 window]
[    0.175504] pci_bus 0000:00: root bus resource [io  0x0d00-0xffff window]
[    0.176292] pci_bus 0000:00: root bus resource [mem 0x000a0000-0x000bffff window]
[    0.176504] pci_bus 0000:00: root bus resource [mem 0x40000000-0xfebfffff window]
[    0.177370] pci_bus 0000:00: root bus resource [mem 0x100000000-0x17fffffff window]
[    0.177504] pci_bus 0000:00: root bus resource [bus 00-ff]
[    0.178209] pci 0000:00:00.0: [8086:1237] type 00 class 0x060000 conventional PCI endpoint
[    0.178717] pci 0000:00:01.0: [8086:7000] type 00 class 0x060100 conventional PCI endpoint
[    0.179774] pci 0000:00:01.1: [8086:7010] type 00 class 0x010180 conventional PCI endpoint
[    0.181616] pci 0000:00:01.1: BAR 4 [io  0xc0c0-0xc0cf]
[    0.182824] pci 0000:00:01.1: BAR 0 [io  0x01f0-0x01f7]: legacy IDE quirk
[    0.183504] pci 0000:00:01.1: BAR 1 [io  0x03f6]: legacy IDE quirk
[    0.184218] pci 0000:00:01.1: BAR 2 [io  0x0170-0x0177]: legacy IDE quirk
[    0.184504] pci 0000:00:01.1: BAR 3 [io  0x0376]: legacy IDE quirk
[    0.185307] pci 0000:00:01.3: [8086:7113] type 00 class 0x068000 conventional PCI endpoint
[    0.185710] pci 0000:00:01.3: quirk: [io  0x0600-0x063f] claimed by PIIX4 ACPI
[    0.186507] pci 0000:00:01.3: quirk: [io  0x0700-0x070f] claimed by PIIX4 SMB
[    0.187479] pci 0000:00:02.0: [1af4:1009] type 00 class 0x000200 conventional PCI endpoint
[    0.187948] pci 0000:00:02.0: BAR 0 [io  0xc000-0xc03f]
[    0.188896] pci 0000:00:02.0: BAR 1 [mem 0xfebfc000-0xfebfcfff]
[    0.191296] pci 0000:00:02.0: BAR 4 [mem 0xfebf0000-0xfebf3fff 64bit pref]
[    0.192333] pci 0000:00:03.0: [1af4:1009] type 00 class 0x000200 conventional PCI endpoint
[    0.192937] pci 0000:00:03.0: BAR 0 [io  0xc040-0xc07f]
[    0.193904] pci 0000:00:03.0: BAR 1 [mem 0xfebfd000-0xfebfdfff]
[    0.196504] pci 0000:00:03.0: BAR 4 [mem 0xfebf4000-0xfebf7fff 64bit pref]
[    0.198407] pci 0000:00:04.0: [8086:25ab] type 00 class 0x088000 conventional PCI endpoint
[    0.198692] pci 0000:00:04.0: BAR 0 [mem 0xfebfe000-0xfebfe00f]
[    0.200419] pci 0000:00:05.0: [1af4:1003] type 00 class 0x078000 conventional PCI endpoint
[    0.200823] pci 0000:00:05.0: BAR 0 [io  0xc080-0xc0bf]
[    0.201662] pci 0000:00:05.0: BAR 1 [mem 0xfebff000-0xfebfffff]
[    0.203431] pci 0000:00:05.0: BAR 4 [mem 0xfebf8000-0xfebfbfff 64bit pref]
[    0.204609] ACPI: PCI: Interrupt link LNKA configured for IRQ 10
[    0.205418] ACPI: PCI: Interrupt link LNKB configured for IRQ 10
[    0.206470] ACPI: PCI: Interrupt link LNKC configured for IRQ 11
[    0.206594] ACPI: PCI: Interrupt link LNKD configured for IRQ 11
[    0.207359] ACPI: PCI: Interrupt link LNKS configured for IRQ 9
[    0.208281] iommu: Default domain type: Translated
[    0.208504] iommu: DMA domain TLB invalidation policy: lazy mode
[    0.209248] SCSI subsystem initialized
[    0.209533] pps_core: LinuxPPS API ver. 1 registered
[    0.210112] pps_core: Software ver. 5.3.6 - Copyright 2005-2007 Rodolfo Giometti <giometti@linux.it>
[    0.210506] PTP clock support registered
[    0.210981] Advanced Linux Sound Architecture Driver Initialized.
[    0.211847] NET: Registered PF_ATMPVC protocol family
[    0.212435] NET: Registered PF_ATMSVC protocol family
[    0.212509] PCI: Using ACPI for IRQ routing
[    0.213083] vgaarb: loaded
[    0.213520] hpet0: at MMIO 0xfed00000, IRQs 2, 8, 0
[    0.214097] hpet0: 3 comparators, 64-bit 100.000000 MHz counter
[    0.220649] clocksource: Switched to clocksource kvm-clock
[    0.221359] VFS: Disk quotas dquot_6.6.0
[    0.221683] VFS: Dquot-cache hash table entries: 512 (order 0, 4096 bytes)
[    0.222514] pnp: PnP ACPI init
[    0.223544] pnp: PnP ACPI: found 5 devices
[    0.230630] clocksource: acpi_pm: mask: 0xffffff max_cycles: 0xffffff, max_idle_ns: 2085701024 ns
[    0.231674] NET: Registered PF_INET protocol family
[    0.232255] IP idents hash table entries: 16384 (order: 5, 131072 bytes, linear)
[    0.233256] tcp_listen_portaddr_hash hash table entries: 512 (order: 1, 8192 bytes, linear)
[    0.234235] Table-perturb hash table entries: 65536 (order: 6, 262144 bytes, linear)
[    0.235137] TCP established hash table entries: 8192 (order: 4, 65536 bytes, linear)
[    0.236037] TCP bind hash table entries: 8192 (order: 6, 262144 bytes, linear)
[    0.236960] TCP: Hash tables configured (established 8192 bind 8192)
[    0.237697] UDP hash table entries: 512 (order: 2, 16384 bytes, linear)
[    0.238458] UDP-Lite hash table entries: 512 (order: 2, 16384 bytes, linear)
[    0.239287] NET: Registered PF_UNIX/PF_LOCAL protocol family
[    0.239941] pci_bus 0000:00: resource 4 [io  0x0000-0x0cf7 window]
[    0.240650] pci_bus 0000:00: resource 5 [io  0x0d00-0xffff window]
[    0.241359] pci_bus 0000:00: resource 6 [mem 0x000a0000-0x000bffff window]
[    0.242145] pci_bus 0000:00: resource 7 [mem 0x40000000-0xfebfffff window]
[    0.242931] pci_bus 0000:00: resource 8 [mem 0x100000000-0x17fffffff window]
[    0.243757] pci 0000:00:01.0: PIIX3: Enabling Passive Release
[    0.244417] pci 0000:00:00.0: Limiting direct PCI/PCI transfers
[    0.245124] PCI: CLS 0 bytes, default 64
[    0.245631] kvm_intel: VMX not supported by CPU 0
[    0.246185] kvm_amd: TSC scaling supported
[    0.246652] kvm_amd: Nested Virtualization enabled
[    0.247202] kvm_amd: Nested Paging enabled
[    0.247670] kvm_amd: LBR virtualization supported
[    0.248215] kvm_amd: Virtual VMLOAD VMSAVE supported
[    0.248786] kvm_amd: Virtual GIF supported
[    0.249252] kvm_amd: Virtual NMI enabled
[    0.276126] clocksource: tsc: mask: 0xffffffffffffffff max_cycles: 0x40be4320a4d, max_idle_ns: 440795288133 ns
[    0.283582] Initialise system trusted keyrings
[    0.284145] workingset: timestamp_bits=56 max_order=18 bucket_order=0
[    0.284920] squashfs: version 4.0 (2009/01/31) Phillip Lougher
[    0.285601] fuse: init (API version 7.41)
[    0.286107] 9p: Installing v9fs 9p2000 file system support
[    0.292914] Key type asymmetric registered
[    0.293393] Asymmetric key parser 'x509' registered
[    0.293972] Block layer SCSI generic (bsg) driver version 0.4 loaded (major 249)
[    0.294845] io scheduler mq-deadline registered
[    0.295374] io scheduler kyber registered
[    0.297498] input: Power Button as /devices/LNXSYSTM:00/LNXPWRBN:00/input/input0
[    0.298406] ACPI: button: Power Button [PWRF]
[    0.299304] Warning: Processor Platform Limit event detected, but not handled.
[    0.300146] Consider compiling CPUfreq support into your kernel.
[    0.317520] ACPI: \_SB_.LNKB: Enabled at IRQ 10
[    0.332875] ACPI: \_SB_.LNKC: Enabled at IRQ 11
[    0.348150] ACPI: \_SB_.LNKA: Enabled at IRQ 10
[    0.349258] Serial: 8250/16550 driver, 4 ports, IRQ sharing enabled
[    0.350126] 00:03: ttyS0 at I/O 0x3f8 (irq = 4, base_baud = 115200) is a 16550A
[    0.371654] Non-volatile memory driver v1.3
[    0.372232] Linux agpgart interface v0.103
[    0.372792] printk: legacy console [hvc0] enabled
[    0.372868] ACPI: bus type drm_connector registered
[    0.373371] printk: legacy bootconsole [earlyser0] disabled
          _      _                                    
   __   _(_)_ __| |_ _ __ ___   ___       _ __   __ _ 
   \ \ / / |  __| __|  _   _ \ / _ \_____|  _ \ / _  |
    \ V /| | |  | |_| | | | | |  __/_____| | | | (_| |
     \_/ |_|_|   \__|_| |_| |_|\___|     |_| |_|\__  |
                                                |___/ 
   kernel version: 6.12.0-rc4-virtme x86_64
   (CTRL+d to exit)

root@virtme-ng:/nipa-data/kernel# PS1='xx__-> '
xx__-> env
PWD=/nipa-data/kernel
nr_open=1048576
HOME=/
TERM=xterm
SHLVL=2
XDG_RUNTIME_DIR=/run/user/0
PATH=/bin:/sbin:/usr/bin:/usr/sbin:/usr/local/bin
OLDPWD=/
_=/bin/env
xx__-> 