No EFI environment detected.
early console in extract_kernel
input_data: 0x0000000004ab62b9
input_len: 0x00000000018222df
output: 0x0000000001000000
output_len: 0x00000000052659dc
kernel_total_size: 0x0000000004e30000
needed_size: 0x0000000005400000
trampoline_32bit: 0x0000000000000000
Physical KASLR using RDRAND RDTSC...
Virtual KASLR using RDRAND RDTSC...

Decompressing Linux... Parsing ELF... Performing relocations... done.
Booting the kernel (entry_offset: 0x0000000000000000).
[    0.000000] Linux version 6.9.0-rc4-virtme (root@c43c6cc00af1) (gcc (Alpine 13.2.1_git20240309) 13.2.1 20240309, GNU ld (GNU Binutils) 2.42) #1 SMP PREEMPT_DYNAMIC Fri Apr 19 15:26:53 UTC 2024
[    0.000000] Command line: virtme_hostname=virtme-ng nr_open=1048576 virtme_link_mods=/nipa-data/kernel/.virtme_mods/lib/modules/0.0.0 virtme_initmount0=nipa-data/kernel virtme_rw_overlay0=/etc virtme_rw_overlay1=/lib virtme_rw_overlay2=/home virtme_rw_overlay3=/opt virtme_rw_overlay4=/srv virtme_rw_overlay5=/usr virtme_rw_overlay6=/var console=hvc0 earlyprintk=serial,ttyS0,115200 virtme_console=ttyS0 psmouse.proto=exps TERM=xterm virtme_chdir=nipa-data/kernel virtme_root_user=1 rootfstype=9p rootflags=version=9p2000.L,trans=virtio,access=any raid=noautodetect ro init=/usr/lib/python3.12/site-packages/virtme/guest/virtme-init
[    0.000000] BIOS-provided physical RAM map:
[    0.000000] BIOS-e820: [mem 0x0000000000000000-0x000000000009fbff] usable
[    0.000000] BIOS-e820: [mem 0x000000000009fc00-0x000000000009ffff] reserved
[    0.000000] BIOS-e820: [mem 0x00000000000f0000-0x00000000000fffff] reserved
[    0.000000] BIOS-e820: [mem 0x0000000000100000-0x000000003ffdffff] usable
[    0.000000] BIOS-e820: [mem 0x000000003ffe0000-0x000000003fffffff] reserved
[    0.000000] BIOS-e820: [mem 0x00000000feffc000-0x00000000feffffff] reserved
[    0.000000] BIOS-e820: [mem 0x00000000fffc0000-0x00000000ffffffff] reserved
[    0.000000] BIOS-e820: [mem 0x000000fd00000000-0x000000ffffffffff] reserved
[    0.000000] printk: legacy bootconsole [earlyser0] enabled
[    0.000000] NX (Execute Disable) protection: active
[    0.000000] APIC: Static calls initialized
[    0.000000] SMBIOS 3.0.0 present.
[    0.000000] DMI: QEMU Standard PC (i440FX + PIIX, 1996), BIOS rel-1.16.3-0-ga6ed6b701f0a-prebuilt.qemu.org 04/01/2014
[    0.000000] Hypervisor detected: KVM
[    0.000000] kvm-clock: Using msrs 4b564d01 and 4b564d00
[    0.000000] kvm-clock: using sched offset of 331919031 cycles
[    0.000391] clocksource: kvm-clock: mask: 0xffffffffffffffff max_cycles: 0x1cd42e4dffb, max_idle_ns: 881590591483 ns
[    0.001635] tsc: Detected 4491.556 MHz processor
[    0.002346] last_pfn = 0x3ffe0 max_arch_pfn = 0x400000000
[    0.002791] MTRR map: 4 entries (3 fixed + 1 variable; max 19), built from 8 variable MTRRs
[    0.003412] x86/PAT: Configuration [0-7]: WB  WC  UC- UC  WB  WP  UC- WT  
[    0.005457] found SMP MP-table at [mem 0x000f5470-0x000f547f]
[    0.005919] Using GB pages for direct mapping
[    0.006493] ACPI: Early table checksum verification disabled
[    0.006932] ACPI: RSDP 0x00000000000F5290 000014 (v00 BOCHS )
[    0.007364] ACPI: RSDT 0x000000003FFE27BC 000034 (v01 BOCHS  BXPC     00000001 BXPC 00000001)
[    0.008016] ACPI: FACP 0x000000003FFE2578 000074 (v01 BOCHS  BXPC     00000001 BXPC 00000001)
[    0.008668] ACPI: DSDT 0x000000003FFE0040 002538 (v01 BOCHS  BXPC     00000001 BXPC 00000001)
[    0.009308] ACPI: FACS 0x000000003FFE0000 000040
[    0.009677] ACPI: APIC 0x000000003FFE25EC 000170 (v03 BOCHS  BXPC     00000001 BXPC 00000001)
[    0.010316] ACPI: HPET 0x000000003FFE275C 000038 (v01 BOCHS  BXPC     00000001 BXPC 00000001)
[    0.010969] ACPI: WAET 0x000000003FFE2794 000028 (v01 BOCHS  BXPC     00000001 BXPC 00000001)
[    0.011616] ACPI: Reserving FACP table memory at [mem 0x3ffe2578-0x3ffe25eb]
[    0.012144] ACPI: Reserving DSDT table memory at [mem 0x3ffe0040-0x3ffe2577]
[    0.012677] ACPI: Reserving FACS table memory at [mem 0x3ffe0000-0x3ffe003f]
[    0.013207] ACPI: Reserving APIC table memory at [mem 0x3ffe25ec-0x3ffe275b]
[    0.013753] ACPI: Reserving HPET table memory at [mem 0x3ffe275c-0x3ffe2793]
[    0.014277] ACPI: Reserving WAET table memory at [mem 0x3ffe2794-0x3ffe27bb]
[    0.015019] No NUMA configuration found
[    0.015307] Faking a node at [mem 0x0000000000000000-0x000000003ffdffff]
[    0.015819] NODE_DATA(0) allocated [mem 0x3ffdb000-0x3ffdffff]
[    0.016272] Zone ranges:
[    0.016461]   DMA      [mem 0x0000000000001000-0x0000000000ffffff]
[    0.016934]   DMA32    [mem 0x0000000001000000-0x000000003ffdffff]
[    0.017396]   Normal   empty
[    0.017627]   Device   empty
[    0.017849] Movable zone start for each node
[    0.018169] Early memory node ranges
[    0.018437]   node   0: [mem 0x0000000000001000-0x000000000009efff]
[    0.018924]   node   0: [mem 0x0000000000100000-0x000000003ffdffff]
[    0.019390] Initmem setup node 0 [mem 0x0000000000001000-0x000000003ffdffff]
[    0.019938] On node 0, zone DMA: 1 pages in unavailable ranges
[    0.020433] On node 0, zone DMA: 97 pages in unavailable ranges
[    0.025175] On node 0, zone DMA32: 32 pages in unavailable ranges
[    0.034595] kasan: KernelAddressSanitizer initialized
[    0.035228] ACPI: PM-Timer IO Port: 0x608
[    0.035535] ACPI: LAPIC_NMI (acpi_id[0xff] dfl dfl lint[0x1])
[    0.035997] IOAPIC[0]: apic_id 0, version 17, address 0xfec00000, GSI 0-23
[    0.036502] ACPI: INT_SRC_OVR (bus 0 bus_irq 0 global_irq 2 dfl dfl)
[    0.036983] ACPI: INT_SRC_OVR (bus 0 bus_irq 5 global_irq 5 high level)
[    0.037468] ACPI: INT_SRC_OVR (bus 0 bus_irq 9 global_irq 9 high level)
[    0.037974] ACPI: INT_SRC_OVR (bus 0 bus_irq 10 global_irq 10 high level)
[    0.038469] ACPI: INT_SRC_OVR (bus 0 bus_irq 11 global_irq 11 high level)
[    0.038988] ACPI: Using ACPI (MADT) for SMP configuration information
[    0.039457] ACPI: HPET id: 0x8086a201 base: 0xfed00000
[    0.039860] TSC deadline timer available
[    0.040149] CPU topo: Max. logical packages:   1
[    0.040485] CPU topo: Max. logical dies:       1
[    0.040884] CPU topo: Max. dies per package:   1
[    0.041302] CPU topo: Max. threads per core:   1
[    0.041718] CPU topo: Num. cores per package:    32
[    0.042073] CPU topo: Num. threads per package:  32
[    0.042428] CPU topo: Allowing 32 present CPUs plus 0 hotplug CPUs
[    0.042905] kvm-guest: APIC: eoi() replaced with kvm_guest_apic_eoi_write()
[    0.043423] kvm-guest: KVM setup pv remote TLB flush
[    0.043786] kvm-guest: setup PV sched yield
[    0.044097] PM: hibernation: Registered nosave memory: [mem 0x00000000-0x00000fff]
[    0.044648] PM: hibernation: Registered nosave memory: [mem 0x0009f000-0x0009ffff]
[    0.045201] PM: hibernation: Registered nosave memory: [mem 0x000a0000-0x000effff]
[    0.045754] PM: hibernation: Registered nosave memory: [mem 0x000f0000-0x000fffff]
[    0.046304] [mem 0x40000000-0xfeffbfff] available for PCI devices
[    0.046747] Booting paravirtualized kernel on KVM
[    0.047094] clocksource: refined-jiffies: mask: 0xffffffff max_cycles: 0xffffffff, max_idle_ns: 1910969940391419 ns
[    0.056491] setup_percpu: NR_CPUS:64 nr_cpumask_bits:32 nr_cpu_ids:32 nr_node_ids:1
[    0.058779] percpu: Embedded 70 pages/cpu s248616 r8192 d29912 u524288
[    0.059463] Kernel command line: virtme_hostname=virtme-ng nr_open=1048576 virtme_link_mods=/nipa-data/kernel/.virtme_mods/lib/modules/0.0.0 virtme_initmount0=nipa-data/kernel virtme_rw_overlay0=/etc virtme_rw_overlay1=/lib virtme_rw_overlay2=/home virtme_rw_overlay3=/opt virtme_rw_overlay4=/srv virtme_rw_overlay5=/usr virtme_rw_overlay6=/var console=hvc0 earlyprintk=serial,ttyS0,115200 virtme_console=ttyS0 psmouse.proto=exps TERM=xterm virtme_chdir=nipa-data/kernel virtme_root_user=1 rootfstype=9p rootflags=version=9p2000.L,trans=virtio,access=any raid=noautodetect ro init=/usr/lib/python3.12/site-packages/virtme/guest/virtme-init
[    0.064648] Unknown kernel command line parameters "virtme_hostname=virtme-ng nr_open=1048576 virtme_link_mods=/nipa-data/kernel/.virtme_mods/lib/modules/0.0.0 virtme_initmount0=nipa-data/kernel virtme_rw_overlay0=/etc virtme_rw_overlay1=/lib virtme_rw_overlay2=/home virtme_rw_overlay3=/opt virtme_rw_overlay4=/srv virtme_rw_overlay5=/usr virtme_rw_overlay6=/var virtme_console=ttyS0 virtme_chdir=nipa-data/kernel virtme_root_user=1", will be passed to user space.
[    0.068531] random: crng init done
[    0.068985] Dentry cache hash table entries: 131072 (order: 8, 1048576 bytes, linear)
[    0.069738] Inode-cache hash table entries: 65536 (order: 7, 524288 bytes, linear)
[    0.070963] Fallback order for Node 0: 0 
[    0.070970] Built 1 zonelists, mobility grouping on.  Total pages: 257760
[    0.071988] Policy zone: DMA32
[    0.072275] mem auto-init: stack:all(zero), heap alloc:off, heap free:off
[    0.072911] stackdepot: allocating hash table via alloc_large_system_hash
[    0.073546] stackdepot hash table entries: 1048576 (order: 12, 16777216 bytes, linear)
[    0.082806] Memory: 781028K/1048056K available (43008K kernel code, 11120K rwdata, 9736K rodata, 5840K init, 2404K bss, 266772K reserved, 0K cma-reserved)
[    0.084368] SLUB: HWalign=64, Order=0-3, MinObjects=0, CPUs=32, Nodes=1
Poking KASLR using RDRAND RDTSC...
[    0.085371] ftrace: allocating 47694 entries in 187 pages
[    0.095377] ftrace: allocated 187 pages with 6 groups
[    0.096684] Dynamic Preempt: voluntary
[    0.097621] rcu: Preemptible hierarchical RCU implementation.
[    0.098074] rcu: RCU event tracing is enabled.
[    0.098421] rcu: RCU restricting CPUs from NR_CPUS=64 to nr_cpu_ids=32.
[    0.099063] Trampoline variant of Tasks RCU enabled.
[    0.099545] Rude variant of Tasks RCU enabled.
[    0.099938] Tracing variant of Tasks RCU enabled.
[    0.100309] rcu: RCU calculated value of scheduler-enlistment delay is 100 jiffies.
[    0.100982] rcu: Adjusting geometry for rcu_fanout_leaf=16, nr_cpu_ids=32
[    0.101682] RCU Tasks: Setting shift to 5 and lim to 1 rcu_task_cb_adjust=1.
[    0.102260] RCU Tasks Rude: Setting shift to 5 and lim to 1 rcu_task_cb_adjust=1.
[    0.102914] RCU Tasks Trace: Setting shift to 5 and lim to 1 rcu_task_cb_adjust=1.
[    0.112011] NR_IRQS: 4352, nr_irqs: 680, preallocated irqs: 16
[    0.112757] rcu: srcu_init: Setting srcu_struct sizes based on contention.
[    0.113533] Console: colour *CGA 80x25
[    0.113855] ACPI: Core revision 20230628
[    0.114324] clocksource: hpet: mask: 0xffffffff max_cycles: 0xffffffff, max_idle_ns: 19112604467 ns
[    0.115121] APIC: Switch to symmetric I/O mode setup
[    0.115520] APIC: Switched APIC routing to: physical flat
[    0.115941] kvm-guest: APIC: send_IPI_mask() replaced with kvm_send_ipi_mask()
[    0.116500] kvm-guest: APIC: send_IPI_mask_allbutself() replaced with kvm_send_ipi_mask_allbutself()
[    0.117230] kvm-guest: setup PV IPIs
[    0.118416] ..TIMER: vector=0x30 apic1=0 pin1=2 apic2=-1 pin2=-1
[    0.119284] tsc: Marking TSC unstable due to TSCs unsynchronized
[    0.120138] Calibrating delay loop (skipped) preset value.. 8983.11 BogoMIPS (lpj=4491556)
[    0.121204] x86/cpu: User Mode Instruction Prevention (UMIP) activated
[    0.122199] Last level iTLB entries: 4KB 512, 2MB 255, 4MB 127
[    0.123136] Last level dTLB entries: 4KB 512, 2MB 255, 4MB 127, 1GB 0
[    0.124019] Spectre V1 : Mitigation: usercopy/swapgs barriers and __user pointer sanitization
[    0.124141] Spectre V2 : Mitigation: Enhanced / Automatic IBRS
[    0.124938] Spectre V2 : Spectre v2 / SpectreRSB mitigation: Filling RSB on context switch
[    0.125138] Spectre V2 : mitigation: Enabling conditional Indirect Branch Prediction Barrier
[    0.126138] Speculative Store Bypass: Mitigation: Speculative Store Bypass disabled via prctl
[    0.127137] Speculative Return Stack Overflow: IBPB-extending microcode not applied!
[    0.128136] Speculative Return Stack Overflow: WARNING: See https://kernel.org/doc/html/latest/admin-guide/hw-vuln/srso.html for mitigation options.
[    0.128137] Speculative Return Stack Overflow: Vulnerable: Safe RET, no microcode
[    0.130152] x86/fpu: Supporting XSAVE feature 0x001: 'x87 floating point registers'
[    0.131136] x86/fpu: Supporting XSAVE feature 0x002: 'SSE registers'
[    0.132136] x86/fpu: Supporting XSAVE feature 0x004: 'AVX registers'
[    0.133136] x86/fpu: Supporting XSAVE feature 0x020: 'AVX-512 opmask'
[    0.134136] x86/fpu: Supporting XSAVE feature 0x040: 'AVX-512 Hi256'
[    0.135136] x86/fpu: Supporting XSAVE feature 0x080: 'AVX-512 ZMM_Hi256'
[    0.136052] x86/fpu: Supporting XSAVE feature 0x200: 'Protection Keys User registers'
[    0.136136] x86/fpu: xstate_offset[2]:  576, xstate_sizes[2]:  256
[    0.136979] x86/fpu: xstate_offset[5]:  832, xstate_sizes[5]:   64
[    0.137136] x86/fpu: xstate_offset[6]:  896, xstate_sizes[6]:  512
[    0.138136] x86/fpu: xstate_offset[7]: 1408, xstate_sizes[7]: 1024
[    0.139136] x86/fpu: xstate_offset[9]: 2432, xstate_sizes[9]:    8
[    0.140137] x86/fpu: Enabled xstate features 0x2e7, context size is 2440 bytes, using 'compacted' format.
[    0.163555] Freeing SMP alternatives memory: 40K
[    0.164137] pid_max: default: 32768 minimum: 301
[    0.164900] Mount-cache hash table entries: 2048 (order: 2, 16384 bytes, linear)
[    0.165138] Mountpoint-cache hash table entries: 2048 (order: 2, 16384 bytes, linear)
[    0.167731] smpboot: CPU0: AMD Ryzen 9 7950X 16-Core Processor (family: 0x19, model: 0x61, stepping: 0x2)
[    0.168618] Performance Events: Fam17h+ core perfctr, AMD PMU driver.
[    0.169142] ... version:                0
[    0.169820] ... bit width:              48
[    0.170139] ... generic registers:      6
[    0.170811] ... value mask:             0000ffffffffffff
[    0.171138] ... max period:             00007fffffffffff
[    0.172033] ... fixed-purpose events:   0
[    0.172138] ... event mask:             000000000000003f
[    0.172975] signal: max sigframe size: 3376
[    0.173190] rcu: Hierarchical SRCU implementation.
[    0.173832] rcu: Max phase no-delay instances is 400.
[    0.178443] smp: Bringing up secondary CPUs ...
[    0.179258] smpboot: x86: Booting SMP configuration:
[    0.179911] .... node  #0, CPUs:        #1  #2  #3  #4  #5  #6  #7  #8  #9 #10 #11 #12 #13 #14 #15 #16 #17 #18 #19 #20 #21 #22 #23 #24 #25 #26 #27 #28 #29 #30 #31
[    0.202193] smp: Brought up 1 node, 32 CPUs
[    0.203845] smpboot: Total of 32 processors activated (287459.58 BogoMIPS)
[    0.211395] devtmpfs: initialized
[    0.212323] x86/mm: Memory block size: 128MB
[    0.219371] clocksource: jiffies: mask: 0xffffffff max_cycles: 0xffffffff, max_idle_ns: 1911260446275000 ns
[    0.220143] futex hash table entries: 8192 (order: 7, 524288 bytes, linear)
[    0.221407] PM: RTC time: 15:27:29, date: 2024-04-19
[    0.222887] NET: Registered PF_NETLINK/PF_ROUTE protocol family
[    0.224056] thermal_sys: Registered thermal governor 'step_wise'
[    0.224059] thermal_sys: Registered thermal governor 'user_space'
[    0.224167] cpuidle: using governor menu
[    0.226634] PCI: Using configuration type 1 for base access
[    0.227138] PCI: Using configuration type 1 for extended access
[    0.228068] kprobes: kprobe jump-optimization is enabled. All kprobes are optimized if possible.
[    0.244549] HugeTLB: registered 1.00 GiB page size, pre-allocated 0 pages
[    0.245139] HugeTLB: 16380 KiB vmemmap can be freed for a 1.00 GiB page
[    0.247139] HugeTLB: registered 2.00 MiB page size, pre-allocated 0 pages
[    0.248138] HugeTLB: 28 KiB vmemmap can be freed for a 2.00 MiB page
[    0.249461] Demotion targets for Node 0: null
[    0.250579] ACPI: Added _OSI(Module Device)
[    0.251139] ACPI: Added _OSI(Processor Device)
[    0.251905] ACPI: Added _OSI(3.0 _SCP Extensions)
[    0.253139] ACPI: Added _OSI(Processor Aggregator Device)
[    0.286697] ACPI: 1 ACPI AML tables successfully acquired and loaded
[    0.290373] ACPI: _OSC evaluation for CPUs failed, trying _PDC
[    0.294245] ACPI: Interpreter enabled
[    0.294953] ACPI: PM: (supports S0 S3 S4 S5)
[    0.296139] ACPI: Using IOAPIC for interrupt routing
[    0.297047] PCI: Using host bridge windows from ACPI; if necessary, use "pci=nocrs" and report a bug
[    0.298139] PCI: Using E820 reservations for host bridge windows
[    0.300624] ACPI: Enabled 2 GPEs in block 00 to 0F
[    0.364841] ACPI: PCI Root Bridge [PCI0] (domain 0000 [bus 00-ff])
[    0.365152] acpi PNP0A03:00: _OSC: OS supports [ExtendedConfig ASPM ClockPM Segments MSI HPX-Type3]
[    0.367674] PCI host bridge to bus 0000:00
[    0.368141] pci_bus 0000:00: root bus resource [io  0x0000-0x0cf7 window]
[    0.369058] pci_bus 0000:00: root bus resource [io  0x0d00-0xffff window]
[    0.370141] pci_bus 0000:00: root bus resource [mem 0x000a0000-0x000bffff window]
[    0.371140] pci_bus 0000:00: root bus resource [mem 0x40000000-0xfebfffff window]
[    0.372141] pci_bus 0000:00: root bus resource [mem 0x100000000-0x17fffffff window]
[    0.373141] pci_bus 0000:00: root bus resource [bus 00-ff]
[    0.374027] pci 0000:00:00.0: [8086:1237] type 00 class 0x060000 conventional PCI endpoint
[    0.376033] pci 0000:00:01.0: [8086:7000] type 00 class 0x060100 conventional PCI endpoint
[    0.378083] pci 0000:00:01.1: [8086:7010] type 00 class 0x010180 conventional PCI endpoint
[    0.381647] pci 0000:00:01.1: BAR 4 [io  0xc0c0-0xc0cf]
[    0.383146] pci 0000:00:01.1: BAR 0 [io  0x01f0-0x01f7]: legacy IDE quirk
[    0.384046] pci 0000:00:01.1: BAR 1 [io  0x03f6]: legacy IDE quirk
[    0.385138] pci 0000:00:01.1: BAR 2 [io  0x0170-0x0177]: legacy IDE quirk
[    0.386038] pci 0000:00:01.1: BAR 3 [io  0x0376]: legacy IDE quirk
[    0.386850] pci 0000:00:01.3: [8086:7113] type 00 class 0x068000 conventional PCI endpoint
[    0.388415] pci 0000:00:01.3: quirk: [io  0x0600-0x063f] claimed by PIIX4 ACPI
[    0.390143] pci 0000:00:01.3: quirk: [io  0x0700-0x070f] claimed by PIIX4 SMB
[    0.391854] pci 0000:00:02.0: [1af4:1009] type 00 class 0x000200 conventional PCI endpoint
[    0.394138] pci 0000:00:02.0: BAR 0 [io  0xc000-0xc03f]
[    0.396873] pci 0000:00:02.0: BAR 1 [mem 0xfebfc000-0xfebfcfff]
[    0.403138] pci 0000:00:02.0: BAR 4 [mem 0xfebf0000-0xfebf3fff 64bit pref]
[    0.416797] pci 0000:00:03.0: [1af4:1009] type 00 class 0x000200 conventional PCI endpoint
[    0.420139] pci 0000:00:03.0: BAR 0 [io  0xc040-0xc07f]
[    0.421874] pci 0000:00:03.0: BAR 1 [mem 0xfebfd000-0xfebfdfff]
[    0.428138] pci 0000:00:03.0: BAR 4 [mem 0xfebf4000-0xfebf7fff 64bit pref]
[    0.442727] pci 0000:00:04.0: [8086:25ab] type 00 class 0x088000 conventional PCI endpoint
[    0.444559] pci 0000:00:04.0: BAR 0 [mem 0xfebfe000-0xfebfe00f]
[    0.459943] pci 0000:00:05.0: [1af4:1003] type 00 class 0x078000 conventional PCI endpoint
[    0.462139] pci 0000:00:05.0: BAR 0 [io  0xc080-0xc0bf]
[    0.464882] pci 0000:00:05.0: BAR 1 [mem 0xfebff000-0xfebfffff]
[    0.470139] pci 0000:00:05.0: BAR 4 [mem 0xfebf8000-0xfebfbfff 64bit pref]
[    0.488353] ACPI: PCI: Interrupt link LNKA configured for IRQ 10
[    0.490124] ACPI: PCI: Interrupt link LNKB configured for IRQ 10
[    0.492098] ACPI: PCI: Interrupt link LNKC configured for IRQ 11
[    0.493107] ACPI: PCI: Interrupt link LNKD configured for IRQ 11
[    0.494542] ACPI: PCI: Interrupt link LNKS configured for IRQ 9
[    0.514657] iommu: Default domain type: Translated
[    0.516138] iommu: DMA domain TLB invalidation policy: lazy mode
[    0.517459] SCSI subsystem initialized
[    0.518362] pps_core: LinuxPPS API ver. 1 registered
[    0.519039] pps_core: Software ver. 5.3.6 - Copyright 2005-2007 Rodolfo Giometti <giometti@linux.it>
[    0.520153] PTP clock support registered
[    0.521157] Advanced Linux Sound Architecture Driver Initialized.
[    0.523256] NET: Registered PF_ATMPVC protocol family
[    0.523945] NET: Registered PF_ATMSVC protocol family
[    0.524164] PCI: Using ACPI for IRQ routing
[    0.525188] vgaarb: loaded
[    0.525272] hpet0: at MMIO 0xfed00000, IRQs 2, 8, 0
[    0.525942] hpet0: 3 comparators, 64-bit 100.000000 MHz counter
[    0.532463] clocksource: Switched to clocksource kvm-clock
[    0.533775] VFS: Disk quotas dquot_6.6.0
[    0.534373] VFS: Dquot-cache hash table entries: 512 (order 0, 4096 bytes)
[    0.535499] pnp: PnP ACPI init
[    0.538650] pnp: PnP ACPI: found 5 devices
[    0.551317] clocksource: acpi_pm: mask: 0xffffff max_cycles: 0xffffff, max_idle_ns: 2085701024 ns
[    0.552615] NET: Registered PF_INET protocol family
[    0.553324] IP idents hash table entries: 16384 (order: 5, 131072 bytes, linear)
[    0.554733] tcp_listen_portaddr_hash hash table entries: 512 (order: 1, 8192 bytes, linear)
[    0.555902] Table-perturb hash table entries: 65536 (order: 6, 262144 bytes, linear)
[    0.556981] TCP established hash table entries: 8192 (order: 4, 65536 bytes, linear)
[    0.558027] TCP bind hash table entries: 8192 (order: 6, 262144 bytes, linear)
[    0.559121] TCP: Hash tables configured (established 8192 bind 8192)
[    0.560151] UDP hash table entries: 512 (order: 2, 16384 bytes, linear)
[    0.561085] UDP-Lite hash table entries: 512 (order: 2, 16384 bytes, linear)
[    0.562252] NET: Registered PF_UNIX/PF_LOCAL protocol family
[    0.563054] pci_bus 0000:00: resource 4 [io  0x0000-0x0cf7 window]
[    0.563868] pci_bus 0000:00: resource 5 [io  0x0d00-0xffff window]
[    0.564678] pci_bus 0000:00: resource 6 [mem 0x000a0000-0x000bffff window]
[    0.565602] pci_bus 0000:00: resource 7 [mem 0x40000000-0xfebfffff window]
[    0.566500] pci_bus 0000:00: resource 8 [mem 0x100000000-0x17fffffff window]
[    0.567650] pci 0000:00:01.0: PIIX3: Enabling Passive Release
[    0.568423] pci 0000:00:00.0: Limiting direct PCI/PCI transfers
[    0.569241] PCI: CLS 0 bytes, default 64
[    0.569965] kvm_intel: VMX not supported by CPU 8
[    0.570610] kvm_amd: TSC scaling supported
[    0.571183] kvm_amd: Nested Virtualization enabled
[    0.571809] kvm_amd: Nested Paging enabled
[    0.572377] kvm_amd: Virtual VMLOAD VMSAVE supported
[    0.573034] kvm_amd: Virtual GIF supported
[    0.573569] kvm_amd: Virtual NMI enabled
[    0.574091] kvm_amd: LBR virtualization supported
[    0.693439] Initialise system trusted keyrings
[    0.694384] workingset: timestamp_bits=56 max_order=18 bucket_order=0
[    0.695634] squashfs: version 4.0 (2009/01/31) Phillip Lougher
[    0.696651] fuse: init (API version 7.40)
[    0.697515] 9p: Installing v9fs 9p2000 file system support
[    0.712218] Key type asymmetric registered
[    0.712925] Asymmetric key parser 'x509' registered
[    0.713833] Block layer SCSI generic (bsg) driver version 0.4 loaded (major 249)
[    0.715128] io scheduler mq-deadline registered
[    0.715899] io scheduler kyber registered
[    0.718263] input: Power Button as /devices/LNXSYSTM:00/LNXPWRBN:00/input/input0
[    0.719842] ACPI: button: Power Button [PWRF]
[    0.720753] Warning: Processor Platform Limit event detected, but not handled.
[    0.721980] Consider compiling CPUfreq support into your kernel.
[    1.648711] ACPI: \_SB_.LNKB: Enabled at IRQ 10
[    2.539374] ACPI: \_SB_.LNKC: Enabled at IRQ 11
[    3.486447] ACPI: \_SB_.LNKA: Enabled at IRQ 10
[    3.488015] Serial: 8250/16550 driver, 4 ports, IRQ sharing enabled
[    3.489150] 00:03: ttyS0 at I/O 0x3f8 (irq = 4, base_baud = 115200) is a 16550A
[    3.518934] Non-volatile memory driver v1.3
[    3.519652] Linux agpgart interface v0.103
[    3.520391] printk: legacy console [hvc0] enabled
[    3.520602] ACPI: bus type drm_connector registered
[    3.521173] printk: legacy bootconsole [earlyser0] disabled
          _      _                                    
   __   _(_)_ __| |_ _ __ ___   ___       _ __   __ _ 
   \ \ / / |  __| __|  _   _ \ / _ \_____|  _ \ / _  |
    \ V /| | |  | |_| | | | | |  __/_____| | | | (_| |
     \_/ |_|_|   \__|_| |_| |_|\___|     |_| |_|\__  |
                                                |___/ 
   kernel version: 6.9.0-rc4-virtme x86_64
   (CTRL+d to exit)

[?2004hvirtme-ng:/nipa-data/kernel# PS1='xx__-> '
xx__-> env
PWD=/nipa-data/kernel
nr_open=1048576
HOME=/root
TERM=xterm
SHLVL=2
XDG_RUNTIME_DIR=/run/user/0
PATH=/bin:/sbin:/usr/bin:/usr/sbin:/usr/local/bin
OLDPWD=/
_=/usr/bin/env
xx__-> 