No EFI environment detected.
early console in extract_kernel
input_data: 0x0000000004c8b2c4
input_len: 0x0000000001995bb4
output: 0x0000000001000000
output_len: 0x00000000055aac88
kernel_total_size: 0x0000000005230000
needed_size: 0x0000000005600000
trampoline_32bit: 0x0000000000000000
Physical KASLR using RDRAND RDTSC...
Virtual KASLR using RDRAND RDTSC...

Decompressing Linux... Parsing ELF... Performing relocations... done.
Booting the kernel (entry_offset: 0x0000000002bfacf0).
[    0.000000] Linux version 6.15.0-virtme (root@096a95d62c9b) (gcc (Ubuntu 13.3.0-6ubuntu2~24.04) 13.3.0, GNU ld (GNU Binutils for Ubuntu) 2.42) #1 SMP PREEMPT_DYNAMIC Mon Jun  2 21:26:03 UTC 2025
[    0.000000] Command line: virtme_hostname=virtme-ng nr_open=1048576 virtme_link_mods=/nipa-data/kernel/.virtme_mods/lib/modules/0.0.0 virtme_initmount0=nipa-data/kernel virtme_rw_overlay0=/etc virtme_rw_overlay1=/lib virtme_rw_overlay2=/home virtme_rw_overlay3=/opt virtme_rw_overlay4=/srv virtme_rw_overlay5=/usr virtme_rw_overlay6=/var console=hvc0 earlyprintk=serial,ttyS0,115200 virtme_console=ttyS0 psmouse.proto=exps TERM=xterm virtme_chdir=nipa-data/kernel virtme_root_user=1 rootfstype=9p rootflags=version=9p2000.L,trans=virtio,access=any raid=noautodetect ro init=/usr/lib/python3/dist-packages/virtme/guest/virtme-init
[    0.000000] BIOS-provided physical RAM map:
[    0.000000] BIOS-e820: [mem 0x0000000000000000-0x000000000009fbff] usable
[    0.000000] BIOS-e820: [mem 0x000000000009fc00-0x000000000009ffff] reserved
[    0.000000] BIOS-e820: [mem 0x00000000000f0000-0x00000000000fffff] reserved
[    0.000000] BIOS-e820: [mem 0x0000000000100000-0x000000003ffdffff] usable
[    0.000000] BIOS-e820: [mem 0x000000003ffe0000-0x000000003fffffff] reserved
[    0.000000] BIOS-e820: [mem 0x00000000feffc000-0x00000000feffffff] reserved
[    0.000000] BIOS-e820: [mem 0x00000000fffc0000-0x00000000ffffffff] reserved
[    0.000000] BIOS-e820: [mem 0x000000fd00000000-0x000000ffffffffff] reserved
[    0.000000] printk: legacy bootconsole [earlyser0] enabled
[    0.000000] NX (Execute Disable) protection: active
[    0.000000] APIC: Static calls initialized
[    0.000000] SMBIOS 3.0.0 present.
[    0.000000] DMI: QEMU Ubuntu 24.04 PC (i440FX + PIIX, 1996), BIOS 1.16.3-debian-1.16.3-2 04/01/2014
[    0.000000] DMI: Memory slots populated: 1/1
[    0.000000] Hypervisor detected: KVM
[    0.000000] kvm-clock: Using msrs 4b564d01 and 4b564d00
[    0.000000] kvm-clock: using sched offset of 343929305 cycles
[    0.000368] clocksource: kvm-clock: mask: 0xffffffffffffffff max_cycles: 0x1cd42e4dffb, max_idle_ns: 881590591483 ns
[    0.001511] tsc: Detected 4491.564 MHz processor
[    0.002178] last_pfn = 0x3ffe0 max_arch_pfn = 0x400000000
[    0.002585] MTRR map: 4 entries (3 fixed + 1 variable; max 19), built from 8 variable MTRRs
[    0.003179] x86/PAT: Configuration [0-7]: WB  WC  UC- UC  WB  WP  UC- WT  
[    0.005093] found SMP MP-table at [mem 0x000f5470-0x000f547f]
[    0.005503] Using GB pages for direct mapping
[    0.005960] ACPI: Early table checksum verification disabled
[    0.006360] ACPI: RSDP 0x00000000000F5290 000014 (v00 BOCHS )
[    0.006768] ACPI: RSDT 0x000000003FFE27BC 000034 (v01 BOCHS  BXPC     00000001 BXPC 00000001)
[    0.007372] ACPI: FACP 0x000000003FFE2578 000074 (v01 BOCHS  BXPC     00000001 BXPC 00000001)
[    0.007976] ACPI: DSDT 0x000000003FFE0040 002538 (v01 BOCHS  BXPC     00000001 BXPC 00000001)
[    0.008577] ACPI: FACS 0x000000003FFE0000 000040
[    0.008904] ACPI: APIC 0x000000003FFE25EC 000170 (v03 BOCHS  BXPC     00000001 BXPC 00000001)
[    0.009505] ACPI: HPET 0x000000003FFE275C 000038 (v01 BOCHS  BXPC     00000001 BXPC 00000001)
[    0.010105] ACPI: WAET 0x000000003FFE2794 000028 (v01 BOCHS  BXPC     00000001 BXPC 00000001)
[    0.010707] ACPI: Reserving FACP table memory at [mem 0x3ffe2578-0x3ffe25eb]
[    0.011203] ACPI: Reserving DSDT table memory at [mem 0x3ffe0040-0x3ffe2577]
[    0.011699] ACPI: Reserving FACS table memory at [mem 0x3ffe0000-0x3ffe003f]
[    0.012194] ACPI: Reserving APIC table memory at [mem 0x3ffe25ec-0x3ffe275b]
[    0.012689] ACPI: Reserving HPET table memory at [mem 0x3ffe275c-0x3ffe2793]
[    0.013184] ACPI: Reserving WAET table memory at [mem 0x3ffe2794-0x3ffe27bb]
[    0.013875] No NUMA configuration found
[    0.014145] Faking a node at [mem 0x0000000000000000-0x000000003ffdffff]
[    0.014620] NODE_DATA(0) allocated [mem 0x3ffdb740-0x3ffdffff]
[    0.015046] Zone ranges:
[    0.015225]   DMA      [mem 0x0000000000001000-0x0000000000ffffff]
[    0.015660]   DMA32    [mem 0x0000000001000000-0x000000003ffdffff]
[    0.016095]   Normal   empty
[    0.016298]   Device   empty
[    0.016501] Movable zone start for each node
[    0.016801] Early memory node ranges
[    0.017052]   node   0: [mem 0x0000000000001000-0x000000000009efff]
[    0.017493]   node   0: [mem 0x0000000000100000-0x000000003ffdffff]
[    0.017934] Initmem setup node 0 [mem 0x0000000000001000-0x000000003ffdffff]
[    0.018437] On node 0, zone DMA: 1 pages in unavailable ranges
[    0.018903] On node 0, zone DMA: 97 pages in unavailable ranges
[    0.023523] On node 0, zone DMA32: 32 pages in unavailable ranges
[    0.032629] kasan: KernelAddressSanitizer initialized
[    0.033214] ACPI: PM-Timer IO Port: 0x608
[    0.033509] ACPI: LAPIC_NMI (acpi_id[0xff] dfl dfl lint[0x1])
[    0.033936] IOAPIC[0]: apic_id 0, version 17, address 0xfec00000, GSI 0-23
[    0.034421] ACPI: INT_SRC_OVR (bus 0 bus_irq 0 global_irq 2 dfl dfl)
[    0.034879] ACPI: INT_SRC_OVR (bus 0 bus_irq 5 global_irq 5 high level)
[    0.035344] ACPI: INT_SRC_OVR (bus 0 bus_irq 9 global_irq 9 high level)
[    0.035809] ACPI: INT_SRC_OVR (bus 0 bus_irq 10 global_irq 10 high level)
[    0.036287] ACPI: INT_SRC_OVR (bus 0 bus_irq 11 global_irq 11 high level)
[    0.036766] ACPI: Using ACPI (MADT) for SMP configuration information
[    0.037218] ACPI: HPET id: 0x8086a201 base: 0xfed00000
[    0.037581] TSC deadline timer available
[    0.037859] CPU topo: Max. logical packages:   1
[    0.038184] CPU topo: Max. logical dies:       1
[    0.038510] CPU topo: Max. dies per package:   1
[    0.038837] CPU topo: Max. threads per core:   1
[    0.039162] CPU topo: Num. cores per package:    32
[    0.039504] CPU topo: Num. threads per package:  32
[    0.039847] CPU topo: Allowing 32 present CPUs plus 0 hotplug CPUs
[    0.040296] kvm-guest: APIC: eoi() replaced with kvm_guest_apic_eoi_write()
[    0.040797] kvm-guest: KVM setup pv remote TLB flush
[    0.041147] kvm-guest: setup PV sched yield
[    0.041446] PM: hibernation: Registered nosave memory: [mem 0x00000000-0x00000fff]
[    0.041977] PM: hibernation: Registered nosave memory: [mem 0x0009f000-0x000fffff]
[    0.042511] [mem 0x40000000-0xfeffbfff] available for PCI devices
[    0.042939] Booting paravirtualized kernel on KVM
[    0.043272] clocksource: refined-jiffies: mask: 0xffffffff max_cycles: 0xffffffff, max_idle_ns: 1910969940391419 ns
[    0.051990] setup_percpu: NR_CPUS:64 nr_cpumask_bits:32 nr_cpu_ids:32 nr_node_ids:1
[    0.053769] percpu: Embedded 65 pages/cpu s229208 r8192 d28840 u524288
[    0.054296] Kernel command line: virtme_hostname=virtme-ng nr_open=1048576 virtme_link_mods=/nipa-data/kernel/.virtme_mods/lib/modules/0.0.0 virtme_initmount0=nipa-data/kernel virtme_rw_overlay0=/etc virtme_rw_overlay1=/lib virtme_rw_overlay2=/home virtme_rw_overlay3=/opt virtme_rw_overlay4=/srv virtme_rw_overlay5=/usr virtme_rw_overlay6=/var console=hvc0 earlyprintk=serial,ttyS0,115200 virtme_console=ttyS0 psmouse.proto=exps TERM=xterm virtme_chdir=nipa-data/kernel virtme_root_user=1 rootfstype=9p rootflags=version=9p2000.L,trans=virtio,access=any raid=noautodetect ro init=/usr/lib/python3/dist-packages/virtme/guest/virtme-init
[    0.058455] Unknown kernel command line parameters "virtme_hostname=virtme-ng nr_open=1048576 virtme_link_mods=/nipa-data/kernel/.virtme_mods/lib/modules/0.0.0 virtme_initmount0=nipa-data/kernel virtme_rw_overlay0=/etc virtme_rw_overlay1=/lib virtme_rw_overlay2=/home virtme_rw_overlay3=/opt virtme_rw_overlay4=/srv virtme_rw_overlay5=/usr virtme_rw_overlay6=/var virtme_console=ttyS0 virtme_chdir=nipa-data/kernel virtme_root_user=1", will be passed to user space.
[    0.061587] random: crng init done
[    0.061833] printk: log buffer data + meta data: 262144 + 917504 = 1179648 bytes
[    0.062397] Dentry cache hash table entries: 131072 (order: 8, 1048576 bytes, linear)
[    0.062980] Inode-cache hash table entries: 65536 (order: 7, 524288 bytes, linear)
[    0.064019] Fallback order for Node 0: 0 
[    0.064024] Built 1 zonelists, mobility grouping on.  Total pages: 262014
[    0.064804] Policy zone: DMA32
[    0.065025] mem auto-init: stack:all(zero), heap alloc:off, heap free:off
[    0.065515] stackdepot: allocating hash table via alloc_large_system_hash
[    0.066005] stackdepot hash table entries: 1048576 (order: 12, 16777216 bytes, linear)
[    0.074171] SLUB: HWalign=64, Order=0-3, MinObjects=0, CPUs=32, Nodes=1
Poking KASLR using RDRAND RDTSC...
[    0.083662] ftrace: allocating 49186 entries in 194 pages
[    0.084052] ftrace: allocated 194 pages with 3 groups
[    0.085319] Dynamic Preempt: voluntary
[    0.086059] rcu: Preemptible hierarchical RCU implementation.
[    0.086478] rcu: RCU event tracing is enabled.
[    0.086803] rcu: RCU restricting CPUs from NR_CPUS=64 to nr_cpu_ids=32.
[    0.087286] Trampoline variant of Tasks RCU enabled.
[    0.087649] Rude variant of Tasks RCU enabled.
[    0.087974] Tracing variant of Tasks RCU enabled.
[    0.088318] rcu: RCU calculated value of scheduler-enlistment delay is 100 jiffies.
[    0.088869] rcu: Adjusting geometry for rcu_fanout_leaf=16, nr_cpu_ids=32
[    0.089426] RCU Tasks: Setting shift to 5 and lim to 1 rcu_task_cb_adjust=1 rcu_task_cpu_ids=32.
[    0.090060] RCU Tasks Rude: Setting shift to 5 and lim to 1 rcu_task_cb_adjust=1 rcu_task_cpu_ids=32.
[    0.090729] RCU Tasks Trace: Setting shift to 5 and lim to 1 rcu_task_cb_adjust=1 rcu_task_cpu_ids=32.
[    0.100827] NR_IRQS: 4352, nr_irqs: 680, preallocated irqs: 16
[    0.101504] rcu: srcu_init: Setting srcu_struct sizes based on contention.
[    0.102395] Console: colour *CGA 80x25
[    0.102755] ACPI: Core revision 20250404
[    0.103193] clocksource: hpet: mask: 0xffffffff max_cycles: 0xffffffff, max_idle_ns: 19112604467 ns
[    0.103914] APIC: Switch to symmetric I/O mode setup
[    0.104416] x2apic enabled
[    0.104798] APIC: Switched APIC routing to: physical x2apic
[    0.105200] kvm-guest: APIC: send_IPI_mask() replaced with kvm_send_ipi_mask()
[    0.105719] kvm-guest: APIC: send_IPI_mask_allbutself() replaced with kvm_send_ipi_mask_allbutself()
[    0.106353] kvm-guest: setup PV IPIs
[    0.107442] ..TIMER: vector=0x30 apic1=0 pin1=2 apic2=-1 pin2=-1
[    0.108226] clocksource: tsc-early: mask: 0xffffffffffffffff max_cycles: 0x40be463295d, max_idle_ns: 440795209293 ns
[    0.109563] Calibrating delay loop (skipped) preset value.. 8983.12 BogoMIPS (lpj=4491564)
[    0.110632] x86/cpu: User Mode Instruction Prevention (UMIP) activated
[    0.111621] Last level iTLB entries: 4KB 512, 2MB 255, 4MB 127
[    0.112562] Last level dTLB entries: 4KB 512, 2MB 255, 4MB 127, 1GB 0
[    0.113571] Speculative Store Bypass: Mitigation: Speculative Store Bypass disabled via prctl
[    0.114562] Speculative Return Stack Overflow: IBPB-extending microcode not applied!
[    0.115561] Speculative Return Stack Overflow: WARNING: See https://kernel.org/doc/html/latest/admin-guide/hw-vuln/srso.html for mitigation options.
[    0.115563] Spectre V2 : Mitigation: Enhanced / Automatic IBRS
[    0.117562] Speculative Return Stack Overflow: Vulnerable: Safe RET, no microcode
[    0.118562] Spectre V1 : Mitigation: usercopy/swapgs barriers and __user pointer sanitization
[    0.119565] Spectre V2 : mitigation: Enabling conditional Indirect Branch Prediction Barrier
[    0.120579] x86/fpu: Supporting XSAVE feature 0x001: 'x87 floating point registers'
[    0.121561] x86/fpu: Supporting XSAVE feature 0x002: 'SSE registers'
[    0.122561] x86/fpu: Supporting XSAVE feature 0x004: 'AVX registers'
[    0.123561] x86/fpu: Supporting XSAVE feature 0x020: 'AVX-512 opmask'
[    0.124561] x86/fpu: Supporting XSAVE feature 0x040: 'AVX-512 Hi256'
[    0.125342] x86/fpu: Supporting XSAVE feature 0x080: 'AVX-512 ZMM_Hi256'
[    0.125562] x86/fpu: Supporting XSAVE feature 0x200: 'Protection Keys User registers'
[    0.126562] x86/fpu: xstate_offset[2]:  576, xstate_sizes[2]:  256
[    0.127561] x86/fpu: xstate_offset[5]:  832, xstate_sizes[5]:   64
[    0.128561] x86/fpu: xstate_offset[6]:  896, xstate_sizes[6]:  512
[    0.129561] x86/fpu: xstate_offset[7]: 1408, xstate_sizes[7]: 1024
[    0.130316] x86/fpu: xstate_offset[9]: 2432, xstate_sizes[9]:    8
[    0.130561] x86/fpu: Enabled xstate features 0x2e7, context size is 2440 bytes, using 'compacted' format.
[    0.153957] Freeing SMP alternatives memory: 40K
[    0.154526] pid_max: default: 32768 minimum: 301
[    0.154690] Mount-cache hash table entries: 2048 (order: 2, 16384 bytes, linear)
[    0.155563] Mountpoint-cache hash table entries: 2048 (order: 2, 16384 bytes, linear)
[    0.157813] smpboot: CPU0: AMD Ryzen 9 7950X 16-Core Processor (family: 0x19, model: 0x61, stepping: 0x2)
[    0.159013] Performance Events: Fam17h+ core perfctr, AMD PMU driver.
[    0.159566] ... version:                0
[    0.160055] ... bit width:              48
[    0.160556] ... generic registers:      6
[    0.160563] ... value mask:             0000ffffffffffff
[    0.161213] ... max period:             00007fffffffffff
[    0.161563] ... fixed-purpose events:   0
[    0.162055] ... event mask:             000000000000003f
[    0.162743] signal: max sigframe size: 3376
[    0.163304] rcu: Hierarchical SRCU implementation.
[    0.163564] rcu: Max phase no-delay instances is 400.
[    0.164275] Timer migration: 2 hierarchy levels; 8 children per group; 2 crossnode level
[    0.168514] smp: Bringing up secondary CPUs ...
[    0.168750] smpboot: x86: Booting SMP configuration:
[    0.169358] .... node  #0, CPUs:        #1  #2  #3  #4  #5  #6  #7  #8  #9 #10 #11 #12 #13 #14 #15 #16 #17 #18 #19 #20 #21 #22 #23 #24 #25 #26 #27 #28 #29 #30 #31
[    0.185665] smp: Brought up 1 node, 32 CPUs
[    0.187081] smpboot: Total of 32 processors activated (287460.09 BogoMIPS)
[    0.190770] Memory: 761604K/1048056K available (45036K kernel code, 11643K rwdata, 10312K rodata, 6184K init, 1196K bss, 270664K reserved, 0K cma-reserved)
[    0.191689] devtmpfs: initialized
[    0.192601] x86/mm: Memory block size: 128MB
[    0.199635] clocksource: jiffies: mask: 0xffffffff max_cycles: 0xffffffff, max_idle_ns: 1911260446275000 ns
[    0.200573] posixtimers hash table entries: 16384 (order: 6, 262144 bytes, linear)
[    0.201588] futex hash table entries: 8192 (524288 bytes on 1 NUMA nodes, total 512 KiB, linear).
[    0.202886] PM: RTC time: 21:26:25, date: 2025-06-02
[    0.204330] NET: Registered PF_NETLINK/PF_ROUTE protocol family
[    0.205451] thermal_sys: Registered thermal governor 'step_wise'
[    0.205481] cpuidle: using governor menu
[    0.207094] PCI: Using configuration type 1 for base access
[    0.207564] PCI: Using configuration type 1 for extended access
[    0.208433] kprobes: kprobe jump-optimization is enabled. All kprobes are optimized if possible.
[    0.220220] HugeTLB: allocation took 0ms with hugepage_allocation_threads=8
[    0.220596] HugeTLB: registered 1.00 GiB page size, pre-allocated 0 pages
[    0.221435] HugeTLB: 16380 KiB vmemmap can be freed for a 1.00 GiB page
[    0.222564] HugeTLB: registered 2.00 MiB page size, pre-allocated 0 pages
[    0.223398] HugeTLB: 28 KiB vmemmap can be freed for a 2.00 MiB page
[    0.225742] ACPI: Added _OSI(Module Device)
[    0.226264] ACPI: Added _OSI(Processor Device)
[    0.226564] ACPI: Added _OSI(Processor Aggregator Device)
[    0.251460] ACPI: 1 ACPI AML tables successfully acquired and loaded
[    0.256563] ACPI: Interpreter enabled
[    0.257081] ACPI: PM: (supports S0 S3 S4 S5)
[    0.257564] ACPI: Using IOAPIC for interrupt routing
[    0.258221] PCI: Using host bridge windows from ACPI; if necessary, use "pci=nocrs" and report a bug
[    0.259563] PCI: Using E820 reservations for host bridge windows
[    0.261400] ACPI: Enabled 2 GPEs in block 00 to 0F
[    0.310605] ACPI: PCI Root Bridge [PCI0] (domain 0000 [bus 00-ff])
[    0.311381] acpi PNP0A03:00: _OSC: OS supports [ExtendedConfig ASPM ClockPM Segments MSI HPX-Type3]
[    0.313085] PCI host bridge to bus 0000:00
[    0.313642] pci_bus 0000:00: root bus resource [io  0x0000-0x0cf7 window]
[    0.314497] pci_bus 0000:00: root bus resource [io  0x0d00-0xffff window]
[    0.315566] pci_bus 0000:00: root bus resource [mem 0x000a0000-0x000bffff window]
[    0.316475] pci_bus 0000:00: root bus resource [mem 0x40000000-0xfebfffff window]
[    0.317566] pci_bus 0000:00: root bus resource [mem 0x100000000-0x17fffffff window]
[    0.318497] pci_bus 0000:00: root bus resource [bus 00-ff]
[    0.318658] pci 0000:00:00.0: [8086:1237] type 00 class 0x060000 conventional PCI endpoint
[    0.320483] pci 0000:00:01.0: [8086:7000] type 00 class 0x060100 conventional PCI endpoint
[    0.322453] pci 0000:00:01.1: [8086:7010] type 00 class 0x010180 conventional PCI endpoint
[    0.323997] pci 0000:00:01.1: BAR 4 [io  0xc0c0-0xc0cf]
[    0.324582] pci 0000:00:01.1: BAR 0 [io  0x01f0-0x01f7]: legacy IDE quirk
[    0.325406] pci 0000:00:01.1: BAR 1 [io  0x03f6]: legacy IDE quirk
[    0.326564] pci 0000:00:01.1: BAR 2 [io  0x0170-0x0177]: legacy IDE quirk
[    0.327385] pci 0000:00:01.1: BAR 3 [io  0x0376]: legacy IDE quirk
[    0.328281] pci 0000:00:01.3: [8086:7113] type 00 class 0x068000 conventional PCI endpoint
[    0.329778] pci 0000:00:01.3: quirk: [io  0x0600-0x063f] claimed by PIIX4 ACPI
[    0.330568] pci 0000:00:01.3: quirk: [io  0x0700-0x070f] claimed by PIIX4 SMB
[    0.332192] pci 0000:00:02.0: [1af4:1009] type 00 class 0x000200 conventional PCI endpoint
[    0.334568] pci 0000:00:02.0: BAR 0 [io  0xc000-0xc03f]
[    0.335208] pci 0000:00:02.0: BAR 1 [mem 0xfebfc000-0xfebfcfff]
[    0.335578] pci 0000:00:02.0: BAR 4 [mem 0xfebf0000-0xfebf3fff 64bit pref]
[    0.348300] pci 0000:00:03.0: [1af4:1009] type 00 class 0x000200 conventional PCI endpoint
[    0.350568] pci 0000:00:03.0: BAR 0 [io  0xc040-0xc07f]
[    0.351214] pci 0000:00:03.0: BAR 1 [mem 0xfebfd000-0xfebfdfff]
[    0.351578] pci 0000:00:03.0: BAR 4 [mem 0xfebf4000-0xfebf7fff 64bit pref]
[    0.364375] pci 0000:00:04.0: [8086:25ab] type 00 class 0x088000 conventional PCI endpoint
[    0.365918] pci 0000:00:04.0: BAR 0 [mem 0xfebfe000-0xfebfe00f]
[    0.378238] pci 0000:00:05.0: [1af4:1003] type 00 class 0x078000 conventional PCI endpoint
[    0.380274] pci 0000:00:05.0: BAR 0 [io  0xc080-0xc0bf]
[    0.380569] pci 0000:00:05.0: BAR 1 [mem 0xfebff000-0xfebfffff]
[    0.381304] pci 0000:00:05.0: BAR 4 [mem 0xfebf8000-0xfebfbfff 64bit pref]
[    0.396796] ACPI: PCI: Interrupt link LNKA configured for IRQ 10
[    0.398500] ACPI: PCI: Interrupt link LNKB configured for IRQ 10
[    0.399513] ACPI: PCI: Interrupt link LNKC configured for IRQ 11
[    0.401508] ACPI: PCI: Interrupt link LNKD configured for IRQ 11
[    0.402955] ACPI: PCI: Interrupt link LNKS configured for IRQ 9
[    0.422608] iommu: Default domain type: Translated
[    0.423205] iommu: DMA domain TLB invalidation policy: lazy mode
[    0.425958] SCSI subsystem initialized
[    0.426793] pps_core: LinuxPPS API ver. 1 registered
[    0.427405] pps_core: Software ver. 5.3.6 - Copyright 2005-2007 Rodolfo Giometti <giometti@linux.it>
[    0.428579] PTP clock support registered
[    0.429712] Advanced Linux Sound Architecture Driver Initialized.
[    0.431705] NET: Registered PF_ATMPVC protocol family
[    0.432334] NET: Registered PF_ATMSVC protocol family
[    0.432602] PCI: Using ACPI for IRQ routing
[    0.433284] vgaarb: loaded
[    0.433682] hpet0: at MMIO 0xfed00000, IRQs 2, 8, 0
[    0.434283] hpet0: 3 comparators, 64-bit 100.000000 MHz counter
[    0.440692] clocksource: Switched to clocksource kvm-clock
[    0.441792] VFS: Disk quotas dquot_6.6.0
[    0.442284] VFS: Dquot-cache hash table entries: 512 (order 0, 4096 bytes)
[    0.443970] pnp: PnP ACPI init
[    0.446817] pnp: PnP ACPI: found 5 devices
[    0.457555] clocksource: acpi_pm: mask: 0xffffff max_cycles: 0xffffff, max_idle_ns: 2085701024 ns
[    0.458695] NET: Registered PF_INET protocol family
[    0.459327] IP idents hash table entries: 16384 (order: 5, 131072 bytes, linear)
[    0.460583] tcp_listen_portaddr_hash hash table entries: 512 (order: 1, 8192 bytes, linear)
[    0.461611] Table-perturb hash table entries: 65536 (order: 6, 262144 bytes, linear)
[    0.462570] TCP established hash table entries: 8192 (order: 4, 65536 bytes, linear)
[    0.463512] TCP bind hash table entries: 8192 (order: 6, 262144 bytes, linear)
[    0.464400] TCP: Hash tables configured (established 8192 bind 8192)
[    0.465332] UDP hash table entries: 512 (order: 3, 32768 bytes, linear)
[    0.466138] UDP-Lite hash table entries: 512 (order: 3, 32768 bytes, linear)
[    0.467307] NET: Registered PF_UNIX/PF_LOCAL protocol family
[    0.468022] pci_bus 0000:00: resource 4 [io  0x0000-0x0cf7 window]
[    0.468773] pci_bus 0000:00: resource 5 [io  0x0d00-0xffff window]
[    0.469513] pci_bus 0000:00: resource 6 [mem 0x000a0000-0x000bffff window]
[    0.470343] pci_bus 0000:00: resource 7 [mem 0x40000000-0xfebfffff window]
[    0.471173] pci_bus 0000:00: resource 8 [mem 0x100000000-0x17fffffff window]
[    0.472228] pci 0000:00:01.0: PIIX3: Enabling Passive Release
[    0.472931] pci 0000:00:00.0: Limiting direct PCI/PCI transfers
[    0.473682] PCI: CLS 0 bytes, default 64
[    0.474395] kvm_intel: VMX not supported by CPU 2
[    0.474996] kvm_amd: TSC scaling supported
[    0.475488] kvm_amd: Nested Virtualization enabled
[    0.476066] kvm_amd: Nested Paging enabled
[    0.476566] kvm_amd: LBR virtualization supported
[    0.477138] kvm_amd: Virtual GIF supported
[    0.477633] kvm_amd: Virtual NMI enabled
[    0.506187] clocksource: tsc: mask: 0xffffffffffffffff max_cycles: 0x40be463295d, max_idle_ns: 440795209293 ns
[    0.523677] Initialise system trusted keyrings
[    0.524367] workingset: timestamp_bits=56 max_order=18 bucket_order=0
[    0.525273] squashfs: version 4.0 (2009/01/31) Phillip Lougher
[    0.526023] fuse: init (API version 7.43)
[    0.526642] 9p: Installing v9fs 9p2000 file system support
[    0.536571] Key type asymmetric registered
[    0.537078] Asymmetric key parser 'x509' registered
[    0.537744] Block layer SCSI generic (bsg) driver version 0.4 loaded (major 249)
[    0.538683] io scheduler mq-deadline registered
[    0.539241] io scheduler kyber registered
[    0.541681] input: Power Button as /devices/LNXSYSTM:00/LNXPWRBN:00/input/input0
[    0.542834] ACPI: button: Power Button [PWRF]
[    0.544783] Warning: Processor Platform Limit event detected, but not handled.
[    0.545688] Consider compiling CPUfreq support into your kernel.
[    1.423442] ACPI: \_SB_.LNKB: Enabled at IRQ 10
[    2.294515] ACPI: \_SB_.LNKC: Enabled at IRQ 11
[    3.164188] ACPI: \_SB_.LNKA: Enabled at IRQ 10
[    3.165502] Serial: 8250/16550 driver, 4 ports, IRQ sharing enabled
[    3.166780] 00:03: ttyS0 at I/O 0x3f8 (irq = 4, base_baud = 115200) is a 16550A
[    3.190243] Non-volatile memory driver v1.3
[    3.190776] Linux agpgart interface v0.103
[    3.191519] ACPI: bus type drm_connector registered
[    3.192343] printk: legacy console [hvc0] enabled
[    3.192939] printk: legacy bootconsole [earlyser0] disabled
          _      _                                    
   __   _(_)_ __| |_ _ __ ___   ___       _ __   __ _ 
   \ \ / / |  __| __|  _   _ \ / _ \_____|  _ \ / _  |
    \ V /| | |  | |_| | | | | |  __/_____| | | | (_| |
     \_/ |_|_|   \__|_| |_| |_|\___|     |_| |_|\__  |
                                                |___/ 
   kernel version: 6.15.0-virtme x86_64
   (CTRL+d to exit)

root@virtme-ng:/nipa-data/kernel# PS1='xx__-> '
xx__-> env
PWD=/nipa-data/kernel
nr_open=1048576
HOME=/
TERM=xterm
SHLVL=2
XDG_RUNTIME_DIR=/run/user/0
PATH=/bin:/sbin:/usr/bin:/usr/sbin:/usr/local/bin
OLDPWD=/
_=/bin/env
xx__-> 