No EFI environment detected.
early console in extract_kernel
input_data: 0x0000000004c882c4
input_len: 0x000000000197494d
output: 0x0000000001000000
output_len: 0x000000000558675c
kernel_total_size: 0x0000000005230000
needed_size: 0x0000000005600000
trampoline_32bit: 0x0000000000000000
Physical KASLR using RDRAND RDTSC...
Virtual KASLR using RDRAND RDTSC...

Decompressing Linux... Parsing ELF... Performing relocations... done.
Booting the kernel (entry_offset: 0x0000000002bbdf80).
[    0.000000] Linux version 6.15.0-rc1-virtme (root@2dc8616e232f) (gcc (Ubuntu 13.3.0-6ubuntu2~24.04) 13.3.0, GNU ld (GNU Binutils for Ubuntu) 2.42) #1 SMP PREEMPT_DYNAMIC Mon Apr 14 09:27:03 UTC 2025
[    0.000000] Command line: virtme_hostname=virtme-ng nr_open=1048576 virtme_link_mods=/nipa-data/kernel/.virtme_mods/lib/modules/0.0.0 virtme_initmount0=nipa-data/kernel virtme_rw_overlay0=/etc virtme_rw_overlay1=/lib virtme_rw_overlay2=/home virtme_rw_overlay3=/opt virtme_rw_overlay4=/srv virtme_rw_overlay5=/usr virtme_rw_overlay6=/var console=hvc0 earlyprintk=serial,ttyS0,115200 virtme_console=ttyS0 psmouse.proto=exps TERM=xterm virtme_chdir=nipa-data/kernel virtme_root_user=1 rootfstype=9p rootflags=version=9p2000.L,trans=virtio,access=any raid=noautodetect ro init=/usr/lib/python3/dist-packages/virtme/guest/virtme-init
[    0.000000] BIOS-provided physical RAM map:
[    0.000000] BIOS-e820: [mem 0x0000000000000000-0x000000000009fbff] usable
[    0.000000] BIOS-e820: [mem 0x000000000009fc00-0x000000000009ffff] reserved
[    0.000000] BIOS-e820: [mem 0x00000000000f0000-0x00000000000fffff] reserved
[    0.000000] BIOS-e820: [mem 0x0000000000100000-0x000000003ffdffff] usable
[    0.000000] BIOS-e820: [mem 0x000000003ffe0000-0x000000003fffffff] reserved
[    0.000000] BIOS-e820: [mem 0x00000000feffc000-0x00000000feffffff] reserved
[    0.000000] BIOS-e820: [mem 0x00000000fffc0000-0x00000000ffffffff] reserved
[    0.000000] BIOS-e820: [mem 0x000000fd00000000-0x000000ffffffffff] reserved
[    0.000000] printk: legacy bootconsole [earlyser0] enabled
[    0.000000] NX (Execute Disable) protection: active
[    0.000000] APIC: Static calls initialized
[    0.000000] SMBIOS 3.0.0 present.
[    0.000000] DMI: QEMU Ubuntu 24.04 PC (i440FX + PIIX, 1996), BIOS 1.16.3-debian-1.16.3-2 04/01/2014
[    0.000000] DMI: Memory slots populated: 1/1
[    0.000000] Hypervisor detected: KVM
[    0.000000] kvm-clock: Using msrs 4b564d01 and 4b564d00
[    0.000000] kvm-clock: using sched offset of 334219173 cycles
[    0.000371] clocksource: kvm-clock: mask: 0xffffffffffffffff max_cycles: 0x1cd42e4dffb, max_idle_ns: 881590591483 ns
[    0.001521] tsc: Detected 4491.524 MHz processor
[    0.002189] last_pfn = 0x3ffe0 max_arch_pfn = 0x400000000
[    0.002595] MTRR map: 4 entries (3 fixed + 1 variable; max 19), built from 8 variable MTRRs
[    0.003188] x86/PAT: Configuration [0-7]: WB  WC  UC- UC  WB  WP  UC- WT  
[    0.005113] found SMP MP-table at [mem 0x000f5470-0x000f547f]
[    0.005528] Using GB pages for direct mapping
[    0.005987] ACPI: Early table checksum verification disabled
[    0.006392] ACPI: RSDP 0x00000000000F5290 000014 (v00 BOCHS )
[    0.006802] ACPI: RSDT 0x000000003FFE27BC 000034 (v01 BOCHS  BXPC     00000001 BXPC 00000001)
[    0.007409] ACPI: FACP 0x000000003FFE2578 000074 (v01 BOCHS  BXPC     00000001 BXPC 00000001)
[    0.008020] ACPI: DSDT 0x000000003FFE0040 002538 (v01 BOCHS  BXPC     00000001 BXPC 00000001)
[    0.008626] ACPI: FACS 0x000000003FFE0000 000040
[    0.008956] ACPI: APIC 0x000000003FFE25EC 000170 (v03 BOCHS  BXPC     00000001 BXPC 00000001)
[    0.009562] ACPI: HPET 0x000000003FFE275C 000038 (v01 BOCHS  BXPC     00000001 BXPC 00000001)
[    0.010168] ACPI: WAET 0x000000003FFE2794 000028 (v01 BOCHS  BXPC     00000001 BXPC 00000001)
[    0.010773] ACPI: Reserving FACP table memory at [mem 0x3ffe2578-0x3ffe25eb]
[    0.011273] ACPI: Reserving DSDT table memory at [mem 0x3ffe0040-0x3ffe2577]
[    0.011775] ACPI: Reserving FACS table memory at [mem 0x3ffe0000-0x3ffe003f]
[    0.012274] ACPI: Reserving APIC table memory at [mem 0x3ffe25ec-0x3ffe275b]
[    0.012772] ACPI: Reserving HPET table memory at [mem 0x3ffe275c-0x3ffe2793]
[    0.013272] ACPI: Reserving WAET table memory at [mem 0x3ffe2794-0x3ffe27bb]
[    0.013962] No NUMA configuration found
[    0.014233] Faking a node at [mem 0x0000000000000000-0x000000003ffdffff]
[    0.014709] NODE_DATA(0) allocated [mem 0x3ffdb600-0x3ffdffff]
[    0.015138] Zone ranges:
[    0.015318]   DMA      [mem 0x0000000000001000-0x0000000000ffffff]
[    0.015758]   DMA32    [mem 0x0000000001000000-0x000000003ffdffff]
[    0.016198]   Normal   empty
[    0.016403]   Device   empty
[    0.016608] Movable zone start for each node
[    0.016911] Early memory node ranges
[    0.017164]   node   0: [mem 0x0000000000001000-0x000000000009efff]
[    0.017608]   node   0: [mem 0x0000000000100000-0x000000003ffdffff]
[    0.018052] Initmem setup node 0 [mem 0x0000000000001000-0x000000003ffdffff]
[    0.018556] On node 0, zone DMA: 1 pages in unavailable ranges
[    0.019026] On node 0, zone DMA: 97 pages in unavailable ranges
[    0.023602] On node 0, zone DMA32: 32 pages in unavailable ranges
[    0.032663] kasan: KernelAddressSanitizer initialized
[    0.033249] ACPI: PM-Timer IO Port: 0x608
[    0.033547] ACPI: LAPIC_NMI (acpi_id[0xff] dfl dfl lint[0x1])
[    0.033976] IOAPIC[0]: apic_id 0, version 17, address 0xfec00000, GSI 0-23
[    0.034465] ACPI: INT_SRC_OVR (bus 0 bus_irq 0 global_irq 2 dfl dfl)
[    0.034916] ACPI: INT_SRC_OVR (bus 0 bus_irq 5 global_irq 5 high level)
[    0.035384] ACPI: INT_SRC_OVR (bus 0 bus_irq 9 global_irq 9 high level)
[    0.035856] ACPI: INT_SRC_OVR (bus 0 bus_irq 10 global_irq 10 high level)
[    0.036337] ACPI: INT_SRC_OVR (bus 0 bus_irq 11 global_irq 11 high level)
[    0.036819] ACPI: Using ACPI (MADT) for SMP configuration information
[    0.037275] ACPI: HPET id: 0x8086a201 base: 0xfed00000
[    0.037640] TSC deadline timer available
[    0.037921] CPU topo: Max. logical packages:   1
[    0.038247] CPU topo: Max. logical dies:       1
[    0.038577] CPU topo: Max. dies per package:   1
[    0.038905] CPU topo: Max. threads per core:   1
[    0.039232] CPU topo: Num. cores per package:    32
[    0.039580] CPU topo: Num. threads per package:  32
[    0.039926] CPU topo: Allowing 32 present CPUs plus 0 hotplug CPUs
[    0.040379] kvm-guest: APIC: eoi() replaced with kvm_guest_apic_eoi_write()
[    0.040884] kvm-guest: KVM setup pv remote TLB flush
[    0.041238] kvm-guest: setup PV sched yield
[    0.041540] PM: hibernation: Registered nosave memory: [mem 0x00000000-0x00000fff]
[    0.042077] PM: hibernation: Registered nosave memory: [mem 0x0009f000-0x0009ffff]
[    0.042613] PM: hibernation: Registered nosave memory: [mem 0x000a0000-0x000effff]
[    0.043148] PM: hibernation: Registered nosave memory: [mem 0x000f0000-0x000fffff]
[    0.043686] [mem 0x40000000-0xfeffbfff] available for PCI devices
[    0.044118] Booting paravirtualized kernel on KVM
[    0.044451] clocksource: refined-jiffies: mask: 0xffffffff max_cycles: 0xffffffff, max_idle_ns: 1910969940391419 ns
[    0.053179] setup_percpu: NR_CPUS:64 nr_cpumask_bits:32 nr_cpu_ids:32 nr_node_ids:1
[    0.054964] percpu: Embedded 65 pages/cpu s228056 r8192 d29992 u524288
[    0.055498] Kernel command line: virtme_hostname=virtme-ng nr_open=1048576 virtme_link_mods=/nipa-data/kernel/.virtme_mods/lib/modules/0.0.0 virtme_initmount0=nipa-data/kernel virtme_rw_overlay0=/etc virtme_rw_overlay1=/lib virtme_rw_overlay2=/home virtme_rw_overlay3=/opt virtme_rw_overlay4=/srv virtme_rw_overlay5=/usr virtme_rw_overlay6=/var console=hvc0 earlyprintk=serial,ttyS0,115200 virtme_console=ttyS0 psmouse.proto=exps TERM=xterm virtme_chdir=nipa-data/kernel virtme_root_user=1 rootfstype=9p rootflags=version=9p2000.L,trans=virtio,access=any raid=noautodetect ro init=/usr/lib/python3/dist-packages/virtme/guest/virtme-init
[    0.059690] Unknown kernel command line parameters "virtme_hostname=virtme-ng nr_open=1048576 virtme_link_mods=/nipa-data/kernel/.virtme_mods/lib/modules/0.0.0 virtme_initmount0=nipa-data/kernel virtme_rw_overlay0=/etc virtme_rw_overlay1=/lib virtme_rw_overlay2=/home virtme_rw_overlay3=/opt virtme_rw_overlay4=/srv virtme_rw_overlay5=/usr virtme_rw_overlay6=/var virtme_console=ttyS0 virtme_chdir=nipa-data/kernel virtme_root_user=1", will be passed to user space.
[    0.062858] random: crng init done
[    0.063106] printk: log buffer data + meta data: 262144 + 917504 = 1179648 bytes
[    0.063679] Dentry cache hash table entries: 131072 (order: 8, 1048576 bytes, linear)
[    0.064267] Inode-cache hash table entries: 65536 (order: 7, 524288 bytes, linear)
[    0.065219] Fallback order for Node 0: 0 
[    0.065223] Built 1 zonelists, mobility grouping on.  Total pages: 262014
[    0.066010] Policy zone: DMA32
[    0.066233] mem auto-init: stack:all(zero), heap alloc:off, heap free:off
[    0.066727] stackdepot: allocating hash table via alloc_large_system_hash
[    0.067222] stackdepot hash table entries: 1048576 (order: 12, 16777216 bytes, linear)
[    0.075341] SLUB: HWalign=64, Order=0-3, MinObjects=0, CPUs=32, Nodes=1
Poking KASLR using RDRAND RDTSC...
[    0.084754] ftrace: allocating 48916 entries in 192 pages
[    0.085148] ftrace: allocated 192 pages with 2 groups
[    0.086386] Dynamic Preempt: voluntary
[    0.087132] rcu: Preemptible hierarchical RCU implementation.
[    0.087556] rcu: RCU event tracing is enabled.
[    0.087884] rcu: RCU restricting CPUs from NR_CPUS=64 to nr_cpu_ids=32.
[    0.088370] Trampoline variant of Tasks RCU enabled.
[    0.088740] Rude variant of Tasks RCU enabled.
[    0.089068] Tracing variant of Tasks RCU enabled.
[    0.089414] rcu: RCU calculated value of scheduler-enlistment delay is 100 jiffies.
[    0.089967] rcu: Adjusting geometry for rcu_fanout_leaf=16, nr_cpu_ids=32
[    0.090528] RCU Tasks: Setting shift to 5 and lim to 1 rcu_task_cb_adjust=1 rcu_task_cpu_ids=32.
[    0.091166] RCU Tasks Rude: Setting shift to 5 and lim to 1 rcu_task_cb_adjust=1 rcu_task_cpu_ids=32.
[    0.091849] RCU Tasks Trace: Setting shift to 5 and lim to 1 rcu_task_cb_adjust=1 rcu_task_cpu_ids=32.
[    0.101977] NR_IRQS: 4352, nr_irqs: 680, preallocated irqs: 16
[    0.102649] rcu: srcu_init: Setting srcu_struct sizes based on contention.
[    0.103593] Console: colour *CGA 80x25
[    0.103895] ACPI: Core revision 20240827
[    0.104333] clocksource: hpet: mask: 0xffffffff max_cycles: 0xffffffff, max_idle_ns: 19112604467 ns
[    0.105057] APIC: Switch to symmetric I/O mode setup
[    0.105545] x2apic enabled
[    0.105924] APIC: Switched APIC routing to: physical x2apic
[    0.106329] kvm-guest: APIC: send_IPI_mask() replaced with kvm_send_ipi_mask()
[    0.106852] kvm-guest: APIC: send_IPI_mask_allbutself() replaced with kvm_send_ipi_mask_allbutself()
[    0.107495] kvm-guest: setup PV IPIs
[    0.108583] ..TIMER: vector=0x30 apic1=0 pin1=2 apic2=-1 pin2=-1
[    0.109370] clocksource: tsc-early: mask: 0xffffffffffffffff max_cycles: 0x40be215b5d9, max_idle_ns: 440795359804 ns
[    0.110715] Calibrating delay loop (skipped) preset value.. 8983.04 BogoMIPS (lpj=4491524)
[    0.111779] x86/cpu: User Mode Instruction Prevention (UMIP) activated
[    0.112776] Last level iTLB entries: 4KB 512, 2MB 255, 4MB 127
[    0.113713] Last level dTLB entries: 4KB 512, 2MB 255, 4MB 127, 1GB 0
[    0.114718] Spectre V1 : Mitigation: usercopy/swapgs barriers and __user pointer sanitization
[    0.115718] Spectre V2 : Mitigation: Enhanced / Automatic IBRS
[    0.116713] Spectre V2 : Spectre v2 / SpectreRSB mitigation: Filling RSB on context switch
[    0.117716] Spectre V2 : mitigation: Enabling conditional Indirect Branch Prediction Barrier
[    0.118715] Speculative Store Bypass: Mitigation: Speculative Store Bypass disabled via prctl
[    0.119714] Speculative Return Stack Overflow: IBPB-extending microcode not applied!
[    0.120713] Speculative Return Stack Overflow: WARNING: See https://kernel.org/doc/html/latest/admin-guide/hw-vuln/srso.html for mitigation options.
[    0.120715] Speculative Return Stack Overflow: Vulnerable: Safe RET, no microcode
[    0.122662] x86/fpu: Supporting XSAVE feature 0x001: 'x87 floating point registers'
[    0.122713] x86/fpu: Supporting XSAVE feature 0x002: 'SSE registers'
[    0.123713] x86/fpu: Supporting XSAVE feature 0x004: 'AVX registers'
[    0.124713] x86/fpu: Supporting XSAVE feature 0x020: 'AVX-512 opmask'
[    0.125713] x86/fpu: Supporting XSAVE feature 0x040: 'AVX-512 Hi256'
[    0.126713] x86/fpu: Supporting XSAVE feature 0x080: 'AVX-512 ZMM_Hi256'
[    0.127539] x86/fpu: Supporting XSAVE feature 0x200: 'Protection Keys User registers'
[    0.127713] x86/fpu: xstate_offset[2]:  576, xstate_sizes[2]:  256
[    0.128713] x86/fpu: xstate_offset[5]:  832, xstate_sizes[5]:   64
[    0.129713] x86/fpu: xstate_offset[6]:  896, xstate_sizes[6]:  512
[    0.130713] x86/fpu: xstate_offset[7]: 1408, xstate_sizes[7]: 1024
[    0.131713] x86/fpu: xstate_offset[9]: 2432, xstate_sizes[9]:    8
[    0.132471] x86/fpu: Enabled xstate features 0x2e7, context size is 2440 bytes, using 'compacted' format.
[    0.154398] Freeing SMP alternatives memory: 40K
[    0.154715] pid_max: default: 32768 minimum: 301
[    0.155411] Mount-cache hash table entries: 2048 (order: 2, 16384 bytes, linear)
[    0.155715] Mountpoint-cache hash table entries: 2048 (order: 2, 16384 bytes, linear)
[    0.158255] smpboot: CPU0: AMD Ryzen 9 7950X 16-Core Processor (family: 0x19, model: 0x61, stepping: 0x2)
[    0.159165] Performance Events: Fam17h+ core perfctr, AMD PMU driver.
[    0.159717] ... version:                0
[    0.160209] ... bit width:              48
[    0.160715] ... generic registers:      6
[    0.161206] ... value mask:             0000ffffffffffff
[    0.161715] ... max period:             00007fffffffffff
[    0.162370] ... fixed-purpose events:   0
[    0.162715] ... event mask:             000000000000003f
[    0.163516] signal: max sigframe size: 3376
[    0.163762] rcu: Hierarchical SRCU implementation.
[    0.164352] rcu: Max phase no-delay instances is 400.
[    0.164802] Timer migration: 2 hierarchy levels; 8 children per group; 2 crossnode level
[    0.169625] smp: Bringing up secondary CPUs ...
[    0.169904] smpboot: x86: Booting SMP configuration:
[    0.170514] .... node  #0, CPUs:        #1  #2  #3  #4  #5  #6  #7  #8  #9 #10 #11 #12 #13 #14 #15 #16 #17 #18 #19 #20 #21 #22 #23 #24 #25 #26 #27 #28 #29 #30 #31
[    0.202811] smp: Brought up 1 node, 32 CPUs
[    0.204242] smpboot: Total of 32 processors activated (287457.53 BogoMIPS)
[    0.208763] Memory: 761348K/1048056K available (44792K kernel code, 11591K rwdata, 10268K rodata, 6148K init, 1328K bss, 270672K reserved, 0K cma-reserved)
[    0.209842] devtmpfs: initialized
[    0.210758] x86/mm: Memory block size: 128MB
[    0.217802] clocksource: jiffies: mask: 0xffffffff max_cycles: 0xffffffff, max_idle_ns: 1911260446275000 ns
[    0.218718] posixtimers hash table entries: 16384 (order: 6, 262144 bytes, linear)
[    0.219686] futex hash table entries: 8192 (order: 7, 524288 bytes, linear)
[    0.220096] PM: RTC time: 09:27:25, date: 2025-04-14
[    0.221528] NET: Registered PF_NETLINK/PF_ROUTE protocol family
[    0.222604] thermal_sys: Registered thermal governor 'step_wise'
[    0.222635] cpuidle: using governor menu
[    0.224443] PCI: Using configuration type 1 for base access
[    0.224716] PCI: Using configuration type 1 for extended access
[    0.225598] kprobes: kprobe jump-optimization is enabled. All kprobes are optimized if possible.
[    0.237952] HugeTLB: allocation took 0ms with hugepage_allocation_threads=8
[    0.238744] HugeTLB: registered 1.00 GiB page size, pre-allocated 0 pages
[    0.239576] HugeTLB: 16380 KiB vmemmap can be freed for a 1.00 GiB page
[    0.240716] HugeTLB: registered 2.00 MiB page size, pre-allocated 0 pages
[    0.241549] HugeTLB: 28 KiB vmemmap can be freed for a 2.00 MiB page
[    0.243087] ACPI: Added _OSI(Module Device)
[    0.243087] ACPI: Added _OSI(Processor Device)
[    0.243268] ACPI: Added _OSI(3.0 _SCP Extensions)
[    0.244715] ACPI: Added _OSI(Processor Aggregator Device)
[    0.269746] ACPI: 1 ACPI AML tables successfully acquired and loaded
[    0.274726] ACPI: Interpreter enabled
[    0.275242] ACPI: PM: (supports S0 S3 S4 S5)
[    0.275716] ACPI: Using IOAPIC for interrupt routing
[    0.276370] PCI: Using host bridge windows from ACPI; if necessary, use "pci=nocrs" and report a bug
[    0.276715] PCI: Using E820 reservations for host bridge windows
[    0.278559] ACPI: Enabled 2 GPEs in block 00 to 0F
[    0.329059] ACPI: PCI Root Bridge [PCI0] (domain 0000 [bus 00-ff])
[    0.329729] acpi PNP0A03:00: _OSC: OS supports [ExtendedConfig ASPM ClockPM Segments MSI HPX-Type3]
[    0.331226] PCI host bridge to bus 0000:00
[    0.331771] pci_bus 0000:00: root bus resource [io  0x0000-0x0cf7 window]
[    0.332606] pci_bus 0000:00: root bus resource [io  0x0d00-0xffff window]
[    0.333718] pci_bus 0000:00: root bus resource [mem 0x000a0000-0x000bffff window]
[    0.334636] pci_bus 0000:00: root bus resource [mem 0x40000000-0xfebfffff window]
[    0.335718] pci_bus 0000:00: root bus resource [mem 0x100000000-0x17fffffff window]
[    0.336656] pci_bus 0000:00: root bus resource [bus 00-ff]
[    0.336809] pci 0000:00:00.0: [8086:1237] type 00 class 0x060000 conventional PCI endpoint
[    0.338627] pci 0000:00:01.0: [8086:7000] type 00 class 0x060100 conventional PCI endpoint
[    0.340615] pci 0000:00:01.1: [8086:7010] type 00 class 0x010180 conventional PCI endpoint
[    0.342150] pci 0000:00:01.1: BAR 4 [io  0xc0c0-0xc0cf]
[    0.342734] pci 0000:00:01.1: BAR 0 [io  0x01f0-0x01f7]: legacy IDE quirk
[    0.343563] pci 0000:00:01.1: BAR 1 [io  0x03f6]: legacy IDE quirk
[    0.344715] pci 0000:00:01.1: BAR 2 [io  0x0170-0x0177]: legacy IDE quirk
[    0.345550] pci 0000:00:01.1: BAR 3 [io  0x0376]: legacy IDE quirk
[    0.346431] pci 0000:00:01.3: [8086:7113] type 00 class 0x068000 conventional PCI endpoint
[    0.347931] pci 0000:00:01.3: quirk: [io  0x0600-0x063f] claimed by PIIX4 ACPI
[    0.348719] pci 0000:00:01.3: quirk: [io  0x0700-0x070f] claimed by PIIX4 SMB
[    0.350359] pci 0000:00:02.0: [1af4:1009] type 00 class 0x000200 conventional PCI endpoint
[    0.352720] pci 0000:00:02.0: BAR 0 [io  0xc000-0xc03f]
[    0.353370] pci 0000:00:02.0: BAR 1 [mem 0xfebfc000-0xfebfcfff]
[    0.353729] pci 0000:00:02.0: BAR 4 [mem 0xfebf0000-0xfebf3fff 64bit pref]
[    0.366615] pci 0000:00:03.0: [1af4:1009] type 00 class 0x000200 conventional PCI endpoint
[    0.368720] pci 0000:00:03.0: BAR 0 [io  0xc040-0xc07f]
[    0.369366] pci 0000:00:03.0: BAR 1 [mem 0xfebfd000-0xfebfdfff]
[    0.370730] pci 0000:00:03.0: BAR 4 [mem 0xfebf4000-0xfebf7fff 64bit pref]
[    0.383550] pci 0000:00:04.0: [8086:25ab] type 00 class 0x088000 conventional PCI endpoint
[    0.384052] pci 0000:00:04.0: BAR 0 [mem 0xfebfe000-0xfebfe00f]
[    0.397559] pci 0000:00:05.0: [1af4:1003] type 00 class 0x078000 conventional PCI endpoint
[    0.398421] pci 0000:00:05.0: BAR 0 [io  0xc080-0xc0bf]
[    0.399720] pci 0000:00:05.0: BAR 1 [mem 0xfebff000-0xfebfffff]
[    0.400455] pci 0000:00:05.0: BAR 4 [mem 0xfebf8000-0xfebfbfff 64bit pref]
[    0.415123] ACPI: PCI: Interrupt link LNKA configured for IRQ 10
[    0.416698] ACPI: PCI: Interrupt link LNKB configured for IRQ 10
[    0.418676] ACPI: PCI: Interrupt link LNKC configured for IRQ 11
[    0.420671] ACPI: PCI: Interrupt link LNKD configured for IRQ 11
[    0.422111] ACPI: PCI: Interrupt link LNKS configured for IRQ 9
[    0.441923] iommu: Default domain type: Translated
[    0.442515] iommu: DMA domain TLB invalidation policy: lazy mode
[    0.443201] SCSI subsystem initialized
[    0.443951] pps_core: LinuxPPS API ver. 1 registered
[    0.444574] pps_core: Software ver. 5.3.6 - Copyright 2005-2007 Rodolfo Giometti <giometti@linux.it>
[    0.445731] PTP clock support registered
[    0.446842] Advanced Linux Sound Architecture Driver Initialized.
[    0.448857] NET: Registered PF_ATMPVC protocol family
[    0.449479] NET: Registered PF_ATMSVC protocol family
[    0.449753] PCI: Using ACPI for IRQ routing
[    0.450749] vgaarb: loaded
[    0.450843] hpet0: at MMIO 0xfed00000, IRQs 2, 8, 0
[    0.451445] hpet0: 3 comparators, 64-bit 100.000000 MHz counter
[    0.455840] clocksource: Switched to clocksource kvm-clock
[    0.457044] VFS: Disk quotas dquot_6.6.0
[    0.457538] VFS: Dquot-cache hash table entries: 512 (order 0, 4096 bytes)
[    0.462239] pnp: PnP ACPI init
[    0.465113] pnp: PnP ACPI: found 5 devices
[    0.476696] clocksource: acpi_pm: mask: 0xffffff max_cycles: 0xffffff, max_idle_ns: 2085701024 ns
[    0.477836] NET: Registered PF_INET protocol family
[    0.478560] IP idents hash table entries: 16384 (order: 5, 131072 bytes, linear)
[    0.479853] tcp_listen_portaddr_hash hash table entries: 512 (order: 1, 8192 bytes, linear)
[    0.480885] Table-perturb hash table entries: 65536 (order: 6, 262144 bytes, linear)
[    0.481845] TCP established hash table entries: 8192 (order: 4, 65536 bytes, linear)
[    0.482792] TCP bind hash table entries: 8192 (order: 6, 262144 bytes, linear)
[    0.483678] TCP: Hash tables configured (established 8192 bind 8192)
[    0.484617] UDP hash table entries: 512 (order: 3, 32768 bytes, linear)
[    0.485444] UDP-Lite hash table entries: 512 (order: 3, 32768 bytes, linear)
[    0.486524] NET: Registered PF_UNIX/PF_LOCAL protocol family
[    0.487234] pci_bus 0000:00: resource 4 [io  0x0000-0x0cf7 window]
[    0.487987] pci_bus 0000:00: resource 5 [io  0x0d00-0xffff window]
[    0.488739] pci_bus 0000:00: resource 6 [mem 0x000a0000-0x000bffff window]
[    0.489576] pci_bus 0000:00: resource 7 [mem 0x40000000-0xfebfffff window]
[    0.490400] pci_bus 0000:00: resource 8 [mem 0x100000000-0x17fffffff window]
[    0.491454] pci 0000:00:01.0: PIIX3: Enabling Passive Release
[    0.492161] pci 0000:00:00.0: Limiting direct PCI/PCI transfers
[    0.492919] PCI: CLS 0 bytes, default 64
[    0.493512] kvm_intel: VMX not supported by CPU 25
[    0.494245] kvm_amd: TSC scaling supported
[    0.494748] kvm_amd: Nested Virtualization enabled
[    0.495323] kvm_amd: Nested Paging enabled
[    0.495822] kvm_amd: LBR virtualization supported
[    0.496398] kvm_amd: Virtual GIF supported
[    0.496905] kvm_amd: Virtual NMI enabled
[    0.525113] clocksource: tsc: mask: 0xffffffffffffffff max_cycles: 0x40be215b5d9, max_idle_ns: 440795359804 ns
[    0.544146] Initialise system trusted keyrings
[    0.544843] workingset: timestamp_bits=56 max_order=18 bucket_order=0
[    0.545747] squashfs: version 4.0 (2009/01/31) Phillip Lougher
[    0.546472] fuse: init (API version 7.43)
[    0.547099] 9p: Installing v9fs 9p2000 file system support
[    0.556761] Key type asymmetric registered
[    0.557267] Asymmetric key parser 'x509' registered
[    0.557930] Block layer SCSI generic (bsg) driver version 0.4 loaded (major 249)
[    0.558875] io scheduler mq-deadline registered
[    0.559430] io scheduler kyber registered
[    0.561866] input: Power Button as /devices/LNXSYSTM:00/LNXPWRBN:00/input/input0
[    0.563008] ACPI: button: Power Button [PWRF]
[    0.564939] Warning: Processor Platform Limit event detected, but not handled.
[    0.565859] Consider compiling CPUfreq support into your kernel.
[    1.449294] ACPI: \_SB_.LNKB: Enabled at IRQ 10
[    2.323685] ACPI: \_SB_.LNKC: Enabled at IRQ 11
[    3.197347] ACPI: \_SB_.LNKA: Enabled at IRQ 10
[    3.198657] Serial: 8250/16550 driver, 4 ports, IRQ sharing enabled
[    3.199744] 00:03: ttyS0 at I/O 0x3f8 (irq = 4, base_baud = 115200) is a 16550A
[    3.222727] Non-volatile memory driver v1.3
[    3.223293] Linux agpgart interface v0.103
[    3.223977] ACPI: bus type drm_connector registered
[    3.224603] printk: legacy console [hvc0] enabled
[    3.225200] printk: legacy bootconsole [earlyser0] disabled
          _      _                                    
   __   _(_)_ __| |_ _ __ ___   ___       _ __   __ _ 
   \ \ / / |  __| __|  _   _ \ / _ \_____|  _ \ / _  |
    \ V /| | |  | |_| | | | | |  __/_____| | | | (_| |
     \_/ |_|_|   \__|_| |_| |_|\___|     |_| |_|\__  |
                                                |___/ 
   kernel version: 6.15.0-rc1-virtme x86_64
   (CTRL+d to exit)

root@virtme-ng:/nipa-data/kernel# PS1='xx__-> '
xx__-> env
PWD=/nipa-data/kernel
nr_open=1048576
HOME=/
TERM=xterm
SHLVL=2
XDG_RUNTIME_DIR=/run/user/0
PATH=/bin:/sbin:/usr/bin:/usr/sbin:/usr/local/bin
OLDPWD=/
_=/bin/env
xx__-> 