No EFI environment detected.
early console in extract_kernel
input_data: 0x00000000029f52b9
input_len: 0x0000000000adaa06
output: 0x0000000001000000
output_len: 0x000000000248ab88
kernel_total_size: 0x0000000002230000
needed_size: 0x0000000002600000
trampoline_32bit: 0x0000000000000000
Physical KASLR using RDRAND RDTSC...
Virtual KASLR using RDRAND RDTSC...

Decompressing Linux... Parsing ELF... Performing relocations... done.
Booting the kernel (entry_offset: 0x0000000000000000).
[    0.000000] Linux version 6.8.0-rc6-virtme (root@8f71ceb9cdde) (gcc (Alpine 13.2.1_git20231014) 13.2.1 20231014, GNU ld (GNU Binutils) 2.42) #1 SMP PREEMPT_DYNAMIC Thu Mar  7 15:06:30 UTC 2024
[    0.000000] Command line: virtme_hostname=virtme-ng nr_open=1048576 virtme_link_mods=/nipa-data/kernel/.virtme_mods/lib/modules/0.0.0 virtme_initmount0=nipa-data/kernel virtme_rw_overlay0=/etc virtme_rw_overlay1=/lib virtme_rw_overlay2=/home virtme_rw_overlay3=/opt virtme_rw_overlay4=/srv virtme_rw_overlay5=/usr virtme_rw_overlay6=/var console=hvc0 earlyprintk=serial,ttyS0,115200 virtme_console=ttyS0 psmouse.proto=exps TERM=xterm virtme_chdir=nipa-data/kernel virtme_root_user=1 rootfstype=9p rootflags=version=9p2000.L,trans=virtio,access=any raid=noautodetect ro init=/usr/lib/python3.11/site-packages/virtme/guest/virtme-init
[    0.000000] BIOS-provided physical RAM map:
[    0.000000] BIOS-e820: [mem 0x0000000000000000-0x000000000009fbff] usable
[    0.000000] BIOS-e820: [mem 0x000000000009fc00-0x000000000009ffff] reserved
[    0.000000] BIOS-e820: [mem 0x00000000000f0000-0x00000000000fffff] reserved
[    0.000000] BIOS-e820: [mem 0x0000000000100000-0x000000003ffdffff] usable
[    0.000000] BIOS-e820: [mem 0x000000003ffe0000-0x000000003fffffff] reserved
[    0.000000] BIOS-e820: [mem 0x00000000feffc000-0x00000000feffffff] reserved
[    0.000000] BIOS-e820: [mem 0x00000000fffc0000-0x00000000ffffffff] reserved
[    0.000000] BIOS-e820: [mem 0x000000fd00000000-0x000000ffffffffff] reserved
[    0.000000] printk: legacy bootconsole [earlyser0] enabled
[    0.000000] NX (Execute Disable) protection: active
[    0.000000] APIC: Static calls initialized
[    0.000000] SMBIOS 3.0.0 present.
[    0.000000] DMI: QEMU Standard PC (i440FX + PIIX, 1996), BIOS rel-1.16.3-0-ga6ed6b701f0a-prebuilt.qemu.org 04/01/2014
[    0.000000] Hypervisor detected: KVM
[    0.000000] kvm-clock: Using msrs 4b564d01 and 4b564d00
[    0.000000] kvm-clock: using sched offset of 212243397 cycles
[    0.000378] clocksource: kvm-clock: mask: 0xffffffffffffffff max_cycles: 0x1cd42e4dffb, max_idle_ns: 881590591483 ns
[    0.001551] tsc: Detected 4491.556 MHz processor
[    0.002145] last_pfn = 0x3ffe0 max_arch_pfn = 0x400000000
[    0.002560] MTRR map: 4 entries (3 fixed + 1 variable; max 19), built from 8 variable MTRRs
[    0.003164] x86/PAT: Configuration [0-7]: WB  WC  UC- UC  WB  WP  UC- WT  
Memory KASLR using RDRAND RDTSC...
[    0.005182] found SMP MP-table at [mem 0x000f5470-0x000f547f]
[    0.005601] Using GB pages for direct mapping
[    0.005942] ACPI: Early table checksum verification disabled
[    0.006354] ACPI: RSDP 0x00000000000F5290 000014 (v00 BOCHS )
[    0.006771] ACPI: RSDT 0x000000003FFE27BC 000034 (v01 BOCHS  BXPC     00000001 BXPC 00000001)
[    0.007387] ACPI: FACP 0x000000003FFE2578 000074 (v01 BOCHS  BXPC     00000001 BXPC 00000001)
[    0.008001] ACPI: DSDT 0x000000003FFE0040 002538 (v01 BOCHS  BXPC     00000001 BXPC 00000001)
[    0.008616] ACPI: FACS 0x000000003FFE0000 000040
[    0.008949] ACPI: APIC 0x000000003FFE25EC 000170 (v03 BOCHS  BXPC     00000001 BXPC 00000001)
[    0.009564] ACPI: HPET 0x000000003FFE275C 000038 (v01 BOCHS  BXPC     00000001 BXPC 00000001)
[    0.010177] ACPI: WAET 0x000000003FFE2794 000028 (v01 BOCHS  BXPC     00000001 BXPC 00000001)
[    0.010793] ACPI: Reserving FACP table memory at [mem 0x3ffe2578-0x3ffe25eb]
[    0.011301] ACPI: Reserving DSDT table memory at [mem 0x3ffe0040-0x3ffe2577]
[    0.011809] ACPI: Reserving FACS table memory at [mem 0x3ffe0000-0x3ffe003f]
[    0.012316] ACPI: Reserving APIC table memory at [mem 0x3ffe25ec-0x3ffe275b]
[    0.012823] ACPI: Reserving HPET table memory at [mem 0x3ffe275c-0x3ffe2793]
[    0.013329] ACPI: Reserving WAET table memory at [mem 0x3ffe2794-0x3ffe27bb]
[    0.013977] No NUMA configuration found
[    0.014260] Faking a node at [mem 0x0000000000000000-0x000000003ffdffff]
[    0.014743] NODE_DATA(0) allocated [mem 0x3ffdb000-0x3ffdffff]
[    0.015174] Zone ranges:
[    0.015357]   DMA      [mem 0x0000000000001000-0x0000000000ffffff]
[    0.015804]   DMA32    [mem 0x0000000001000000-0x000000003ffdffff]
[    0.016250]   Normal   empty
[    0.016458]   Device   empty
[    0.016666] Movable zone start for each node
[    0.016973] Early memory node ranges
[    0.017230]   node   0: [mem 0x0000000000001000-0x000000000009efff]
[    0.017682]   node   0: [mem 0x0000000000100000-0x000000003ffdffff]
[    0.018134] Initmem setup node 0 [mem 0x0000000000001000-0x000000003ffdffff]
[    0.018648] On node 0, zone DMA: 1 pages in unavailable ranges
[    0.019080] On node 0, zone DMA: 97 pages in unavailable ranges
[    0.020475] On node 0, zone DMA32: 32 pages in unavailable ranges
[    0.021114] ACPI: PM-Timer IO Port: 0x608
[    0.021407] ACPI: LAPIC_NMI (acpi_id[0xff] dfl dfl lint[0x1])
[    0.021837] IOAPIC[0]: apic_id 0, version 17, address 0xfec00000, GSI 0-23
[    0.022347] ACPI: INT_SRC_OVR (bus 0 bus_irq 0 global_irq 2 dfl dfl)
[    0.022805] ACPI: INT_SRC_OVR (bus 0 bus_irq 5 global_irq 5 high level)
[    0.023284] ACPI: INT_SRC_OVR (bus 0 bus_irq 9 global_irq 9 high level)
[    0.023761] ACPI: INT_SRC_OVR (bus 0 bus_irq 10 global_irq 10 high level)
[    0.024249] ACPI: INT_SRC_OVR (bus 0 bus_irq 11 global_irq 11 high level)
[    0.024740] ACPI: Using ACPI (MADT) for SMP configuration information
[    0.025204] ACPI: HPET id: 0x8086a201 base: 0xfed00000
[    0.025574] TSC deadline timer available
[    0.025856] smpboot: Allowing 32 CPUs, 0 hotplug CPUs
[    0.026233] kvm-guest: APIC: eoi() replaced with kvm_guest_apic_eoi_write()
[    0.026744] kvm-guest: KVM setup pv remote TLB flush
[    0.027104] kvm-guest: setup PV sched yield
[    0.027409] PM: hibernation: Registered nosave memory: [mem 0x00000000-0x00000fff]
[    0.027955] PM: hibernation: Registered nosave memory: [mem 0x0009f000-0x0009ffff]
[    0.028501] PM: hibernation: Registered nosave memory: [mem 0x000a0000-0x000effff]
[    0.029046] PM: hibernation: Registered nosave memory: [mem 0x000f0000-0x000fffff]
[    0.029596] [mem 0x40000000-0xfeffbfff] available for PCI devices
[    0.030035] Booting paravirtualized kernel on KVM
[    0.030378] clocksource: refined-jiffies: mask: 0xffffffff max_cycles: 0xffffffff, max_idle_ns: 1910969940391419 ns
[    0.033906] setup_percpu: NR_CPUS:64 nr_cpumask_bits:32 nr_cpu_ids:32 nr_node_ids:1
[    0.035081] percpu: Embedded 56 pages/cpu s191784 r8192 d29400 u262144
[    0.035586] Kernel command line: virtme_hostname=virtme-ng nr_open=1048576 virtme_link_mods=/nipa-data/kernel/.virtme_mods/lib/modules/0.0.0 virtme_initmount0=nipa-data/kernel virtme_rw_overlay0=/etc virtme_rw_overlay1=/lib virtme_rw_overlay2=/home virtme_rw_overlay3=/opt virtme_rw_overlay4=/srv virtme_rw_overlay5=/usr virtme_rw_overlay6=/var console=hvc0 earlyprintk=serial,ttyS0,115200 virtme_console=ttyS0 psmouse.proto=exps TERM=xterm virtme_chdir=nipa-data/kernel virtme_root_user=1 rootfstype=9p rootflags=version=9p2000.L,trans=virtio,access=any raid=noautodetect ro init=/usr/lib/python3.11/site-packages/virtme/guest/virtme-init
[    0.039801] Unknown kernel command line parameters "virtme_hostname=virtme-ng nr_open=1048576 virtme_link_mods=/nipa-data/kernel/.virtme_mods/lib/modules/0.0.0 virtme_initmount0=nipa-data/kernel virtme_rw_overlay0=/etc virtme_rw_overlay1=/lib virtme_rw_overlay2=/home virtme_rw_overlay3=/opt virtme_rw_overlay4=/srv virtme_rw_overlay5=/usr virtme_rw_overlay6=/var virtme_console=ttyS0 virtme_chdir=nipa-data/kernel virtme_root_user=1", will be passed to user space.
[    0.043019] random: crng init done
[    0.043303] Dentry cache hash table entries: 131072 (order: 8, 1048576 bytes, linear)
[    0.043900] Inode-cache hash table entries: 65536 (order: 7, 524288 bytes, linear)
[    0.044543] Fallback order for Node 0: 0 
[    0.044545] Built 1 zonelists, mobility grouping on.  Total pages: 257760
[    0.045343] Policy zone: DMA32
[    0.045568] mem auto-init: stack:all(zero), heap alloc:off, heap free:off
[    0.046816] Memory: 986872K/1048056K available (16384K kernel code, 2351K rwdata, 5940K rodata, 2992K init, 2328K bss, 60924K reserved, 0K cma-reserved)
[    0.047850] SLUB: HWalign=64, Order=0-3, MinObjects=0, CPUs=32, Nodes=1
Poking KASLR using RDRAND RDTSC...
[    0.048585] ftrace: allocating 46341 entries in 182 pages
[    0.055405] ftrace: allocated 182 pages with 5 groups
[    0.056330] Dynamic Preempt: voluntary
[    0.056733] rcu: Preemptible hierarchical RCU implementation.
[    0.057161] rcu: RCU event tracing is enabled.
[    0.057498] rcu: RCU restricting CPUs from NR_CPUS=64 to nr_cpu_ids=32.
[    0.057994] Trampoline variant of Tasks RCU enabled.
[    0.058374] Rude variant of Tasks RCU enabled.
[    0.058709] Tracing variant of Tasks RCU enabled.
[    0.059062] rcu: RCU calculated value of scheduler-enlistment delay is 100 jiffies.
[    0.059629] rcu: Adjusting geometry for rcu_fanout_leaf=16, nr_cpu_ids=32
[    0.061477] NR_IRQS: 4352, nr_irqs: 680, preallocated irqs: 16
[    0.062066] rcu: srcu_init: Setting srcu_struct sizes based on contention.
[    0.062714] Console: colour *CGA 80x25
[    0.062994] ACPI: Core revision 20230628
[    0.063345] clocksource: hpet: mask: 0xffffffff max_cycles: 0xffffffff, max_idle_ns: 19112604467 ns
[    0.064072] APIC: Switch to symmetric I/O mode setup
[    0.064450] APIC: Switched APIC routing to: physical flat
[    0.064847] kvm-guest: APIC: send_IPI_mask() replaced with kvm_send_ipi_mask()
[    0.065372] kvm-guest: APIC: send_IPI_mask_allbutself() replaced with kvm_send_ipi_mask_allbutself()
[    0.066042] kvm-guest: setup PV IPIs
[    0.067081] ..TIMER: vector=0x30 apic1=0 pin1=2 apic2=-1 pin2=-1
[    0.067869] tsc: Marking TSC unstable due to TSCs unsynchronized
[    0.068663] Calibrating delay loop (skipped) preset value.. 8983.11 BogoMIPS (lpj=4491556)
[    0.069719] x86/cpu: User Mode Instruction Prevention (UMIP) activated
[    0.070711] Last level iTLB entries: 4KB 512, 2MB 255, 4MB 127
[    0.071662] Last level dTLB entries: 4KB 512, 2MB 255, 4MB 127, 1GB 0
[    0.072664] Spectre V1 : Mitigation: usercopy/swapgs barriers and __user pointer sanitization
[    0.073665] Spectre V2 : Mitigation: Enhanced / Automatic IBRS
[    0.074662] Spectre V2 : Spectre v2 / SpectreRSB mitigation: Filling RSB on context switch
[    0.075663] Spectre V2 : mitigation: Enabling conditional Indirect Branch Prediction Barrier
[    0.076663] Speculative Store Bypass: Mitigation: Speculative Store Bypass disabled via prctl
[    0.077662] Speculative Return Stack Overflow: IBPB-extending microcode not applied!
[    0.078662] Speculative Return Stack Overflow: WARNING: See https://kernel.org/doc/html/latest/admin-guide/hw-vuln/srso.html for mitigation options.
[    0.078662] Speculative Return Stack Overflow: Vulnerable: Safe RET, no microcode
[    0.080676] x86/fpu: Supporting XSAVE feature 0x001: 'x87 floating point registers'
[    0.081662] x86/fpu: Supporting XSAVE feature 0x002: 'SSE registers'
[    0.082456] x86/fpu: Supporting XSAVE feature 0x004: 'AVX registers'
[    0.082662] x86/fpu: Supporting XSAVE feature 0x020: 'AVX-512 opmask'
[    0.083662] x86/fpu: Supporting XSAVE feature 0x040: 'AVX-512 Hi256'
[    0.084662] x86/fpu: Supporting XSAVE feature 0x080: 'AVX-512 ZMM_Hi256'
[    0.085662] x86/fpu: Supporting XSAVE feature 0x200: 'Protection Keys User registers'
[    0.086662] x86/fpu: xstate_offset[2]:  576, xstate_sizes[2]:  256
[    0.087662] x86/fpu: xstate_offset[5]:  832, xstate_sizes[5]:   64
[    0.088440] x86/fpu: xstate_offset[6]:  896, xstate_sizes[6]:  512
[    0.088662] x86/fpu: xstate_offset[7]: 1408, xstate_sizes[7]: 1024
[    0.089662] x86/fpu: xstate_offset[9]: 2432, xstate_sizes[9]:    8
[    0.090662] x86/fpu: Enabled xstate features 0x2e7, context size is 2440 bytes, using 'compacted' format.
[    0.105997] Freeing SMP alternatives memory: 40K
[    0.106584] pid_max: default: 32768 minimum: 301
[    0.106689] Mount-cache hash table entries: 2048 (order: 2, 16384 bytes, linear)
[    0.107663] Mountpoint-cache hash table entries: 2048 (order: 2, 16384 bytes, linear)
[    0.108812] smpboot: CPU0: AMD Ryzen 9 7950X 16-Core Processor (family: 0x19, model: 0x61, stepping: 0x2)
[    0.109751] RCU Tasks: Setting shift to 5 and lim to 1 rcu_task_cb_adjust=1.
[    0.110651] RCU Tasks Rude: Setting shift to 5 and lim to 1 rcu_task_cb_adjust=1.
[    0.110673] RCU Tasks Trace: Setting shift to 5 and lim to 1 rcu_task_cb_adjust=1.
[    0.111629] Performance Events: Fam17h+ core perfctr, AMD PMU driver.
[    0.111666] ... version:                0
[    0.112169] ... bit width:              48
[    0.112663] ... generic registers:      6
[    0.113166] ... value mask:             0000ffffffffffff
[    0.113663] ... max period:             00007fffffffffff
[    0.114329] ... fixed-purpose events:   0
[    0.114663] ... event mask:             000000000000003f
[    0.115407] signal: max sigframe size: 3376
[    0.115680] rcu: Hierarchical SRCU implementation.
[    0.116282] rcu: Max phase no-delay instances is 400.
[    0.118982] smp: Bringing up secondary CPUs ...
[    0.119610] smpboot: x86: Booting SMP configuration:
[    0.119665] .... node  #0, CPUs:        #1  #2  #3  #4  #5  #6  #7  #8  #9 #10 #11 #12 #13 #14 #15 #16 #17 #18 #19 #20 #21 #22 #23 #24 #25 #26 #27 #28 #29 #30 #31
[    0.142837] smp: Brought up 1 node, 32 CPUs
[    0.144220] smpboot: Max logical packages: 1
[    0.144664] smpboot: Total of 32 processors activated (287459.58 BogoMIPS)
[    0.151731] devtmpfs: initialized
[    0.152186] x86/mm: Memory block size: 128MB
[    0.153399] clocksource: jiffies: mask: 0xffffffff max_cycles: 0xffffffff, max_idle_ns: 1911260446275000 ns
[    0.153666] futex hash table entries: 8192 (order: 7, 524288 bytes, linear)
[    0.154755] PM: RTC time: 15:07:00, date: 2024-03-07
[    0.155761] NET: Registered PF_NETLINK/PF_ROUTE protocol family
[    0.156691] thermal_sys: Registered thermal governor 'step_wise'
[    0.156692] thermal_sys: Registered thermal governor 'user_space'
[    0.157523] cpuidle: using governor menu
[    0.158934] PCI: Using configuration type 1 for base access
[    0.159667] PCI: Using configuration type 1 for extended access
[    0.160746] kprobes: kprobe jump-optimization is enabled. All kprobes are optimized if possible.
[    0.176712] HugeTLB: registered 1.00 GiB page size, pre-allocated 0 pages
[    0.177647] HugeTLB: 16380 KiB vmemmap can be freed for a 1.00 GiB page
[    0.177664] HugeTLB: registered 2.00 MiB page size, pre-allocated 0 pages
[    0.178555] HugeTLB: 28 KiB vmemmap can be freed for a 2.00 MiB page
[    0.178979] ACPI: Added _OSI(Module Device)
[    0.179541] ACPI: Added _OSI(Processor Device)
[    0.179665] ACPI: Added _OSI(3.0 _SCP Extensions)
[    0.180297] ACPI: Added _OSI(Processor Aggregator Device)
[    0.181389] ACPI: 1 ACPI AML tables successfully acquired and loaded
[    0.184201] ACPI: _OSC evaluation for CPUs failed, trying _PDC
[    0.184841] ACPI: Interpreter enabled
[    0.185440] ACPI: PM: (supports S0 S3 S4 S5)
[    0.185664] ACPI: Using IOAPIC for interrupt routing
[    0.186473] PCI: Using host bridge windows from ACPI; if necessary, use "pci=nocrs" and report a bug
[    0.188664] PCI: Using E820 reservations for host bridge windows
[    0.189744] ACPI: Enabled 2 GPEs in block 00 to 0F
[    0.193697] ACPI: PCI Root Bridge [PCI0] (domain 0000 [bus 00-ff])
[    0.194667] acpi PNP0A03:00: _OSC: OS supports [ExtendedConfig ASPM ClockPM Segments MSI HPX-Type3]
[    0.195773] PCI host bridge to bus 0000:00
[    0.196426] pci_bus 0000:00: root bus resource [io  0x0000-0x0cf7 window]
[    0.197664] pci_bus 0000:00: root bus resource [io  0x0d00-0xffff window]
[    0.198664] pci_bus 0000:00: root bus resource [mem 0x000a0000-0x000bffff window]
[    0.199664] pci_bus 0000:00: root bus resource [mem 0x40000000-0xfebfffff window]
[    0.201668] pci_bus 0000:00: root bus resource [mem 0x100000000-0x17fffffff window]
[    0.202664] pci_bus 0000:00: root bus resource [bus 00-ff]
[    0.203644] pci 0000:00:00.0: [8086:1237] type 00 class 0x060000 conventional PCI endpoint
[    0.204963] pci 0000:00:01.0: [8086:7000] type 00 class 0x060100 conventional PCI endpoint
[    0.207042] pci 0000:00:01.1: [8086:7010] type 00 class 0x010180 conventional PCI endpoint
[    0.212016] pci 0000:00:01.1: BAR 4 [io  0xc0c0-0xc0cf]
[    0.214152] pci 0000:00:01.1: BAR 0 [io  0x01f0-0x01f7]: legacy IDE quirk
[    0.215665] pci 0000:00:01.1: BAR 1 [io  0x03f6]: legacy IDE quirk
[    0.216664] pci 0000:00:01.1: BAR 2 [io  0x0170-0x0177]: legacy IDE quirk
[    0.217664] pci 0000:00:01.1: BAR 3 [io  0x0376]: legacy IDE quirk
[    0.218773] pci 0000:00:01.3: [8086:7113] type 00 class 0x068000 conventional PCI endpoint
[    0.219952] pci 0000:00:01.3: quirk: [io  0x0600-0x063f] claimed by PIIX4 ACPI
[    0.221669] pci 0000:00:01.3: quirk: [io  0x0700-0x070f] claimed by PIIX4 SMB
[    0.222863] pci 0000:00:02.0: [1af4:1009] type 00 class 0x000200 conventional PCI endpoint
[    0.225665] pci 0000:00:02.0: BAR 0 [io  0xc000-0xc03f]
[    0.228602] pci 0000:00:02.0: BAR 1 [mem 0xfebfc000-0xfebfcfff]
[    0.235507] pci 0000:00:02.0: BAR 4 [mem 0xfebf0000-0xfebf3fff 64bit pref]
[    0.239531] pci 0000:00:03.0: [1af4:1009] type 00 class 0x000200 conventional PCI endpoint
[    0.242593] pci 0000:00:03.0: BAR 0 [io  0xc040-0xc07f]
[    0.245665] pci 0000:00:03.0: BAR 1 [mem 0xfebfd000-0xfebfdfff]
[    0.252664] pci 0000:00:03.0: BAR 4 [mem 0xfebf4000-0xfebf7fff 64bit pref]
[    0.257670] pci 0000:00:04.0: [8086:25ab] type 00 class 0x088000 conventional PCI endpoint
[    0.259246] pci 0000:00:04.0: BAR 0 [mem 0xfebfe000-0xfebfe00f]
[    0.264488] pci 0000:00:05.0: [1af4:1003] type 00 class 0x078000 conventional PCI endpoint
[    0.267596] pci 0000:00:05.0: BAR 0 [io  0xc080-0xc0bf]
[    0.270665] pci 0000:00:05.0: BAR 1 [mem 0xfebff000-0xfebfffff]
[    0.277623] pci 0000:00:05.0: BAR 4 [mem 0xfebf8000-0xfebfbfff 64bit pref]
[    0.281604] ACPI: PCI: Interrupt link LNKA configured for IRQ 10
[    0.282805] ACPI: PCI: Interrupt link LNKB configured for IRQ 10
[    0.283793] ACPI: PCI: Interrupt link LNKC configured for IRQ 11
[    0.284792] ACPI: PCI: Interrupt link LNKD configured for IRQ 11
[    0.285755] ACPI: PCI: Interrupt link LNKS configured for IRQ 9
[    0.288758] iommu: Default domain type: Translated
[    0.289537] iommu: DMA domain TLB invalidation policy: lazy mode
[    0.289729] SCSI subsystem initialized
[    0.290699] pps_core: LinuxPPS API ver. 1 registered
[    0.291665] pps_core: Software ver. 5.3.6 - Copyright 2005-2007 Rodolfo Giometti <giometti@linux.it>
[    0.292666] PTP clock support registered
[    0.293694] Advanced Linux Sound Architecture Driver Initialized.
[    0.295046] NET: Registered PF_ATMPVC protocol family
[    0.295664] NET: Registered PF_ATMSVC protocol family
[    0.296475] PCI: Using ACPI for IRQ routing
[    0.297764] vgaarb: loaded
[    0.298119] hpet0: at MMIO 0xfed00000, IRQs 2, 8, 0
[    0.298664] hpet0: 3 comparators, 64-bit 100.000000 MHz counter
[    0.306371] clocksource: Switched to clocksource kvm-clock
[    0.306983] VFS: Disk quotas dquot_6.6.0
[    0.307625] VFS: Dquot-cache hash table entries: 512 (order 0, 4096 bytes)
[    0.308778] pnp: PnP ACPI init
[    0.309499] pnp: PnP ACPI: found 5 devices
[    0.317118] clocksource: acpi_pm: mask: 0xffffff max_cycles: 0xffffff, max_idle_ns: 2085701024 ns
[    0.318592] NET: Registered PF_INET protocol family
[    0.319412] IP idents hash table entries: 16384 (order: 5, 131072 bytes, linear)
[    0.320814] tcp_listen_portaddr_hash hash table entries: 512 (order: 1, 8192 bytes, linear)
[    0.322162] Table-perturb hash table entries: 65536 (order: 6, 262144 bytes, linear)
[    0.323409] TCP established hash table entries: 8192 (order: 4, 65536 bytes, linear)
[    0.324665] TCP bind hash table entries: 8192 (order: 6, 262144 bytes, linear)
[    0.325902] TCP: Hash tables configured (established 8192 bind 8192)
[    0.326961] UDP hash table entries: 512 (order: 2, 16384 bytes, linear)
[    0.328029] UDP-Lite hash table entries: 512 (order: 2, 16384 bytes, linear)
[    0.329201] NET: Registered PF_UNIX/PF_LOCAL protocol family
[    0.330125] pci_bus 0000:00: resource 4 [io  0x0000-0x0cf7 window]
[    0.331129] pci_bus 0000:00: resource 5 [io  0x0d00-0xffff window]
[    0.332124] pci_bus 0000:00: resource 6 [mem 0x000a0000-0x000bffff window]
[    0.333232] pci_bus 0000:00: resource 7 [mem 0x40000000-0xfebfffff window]
[    0.334337] pci_bus 0000:00: resource 8 [mem 0x100000000-0x17fffffff window]
[    0.335497] pci 0000:00:01.0: PIIX3: Enabling Passive Release
[    0.336426] pci 0000:00:00.0: Limiting direct PCI/PCI transfers
[    0.337425] PCI: CLS 0 bytes, default 64
[    0.338099] kvm_intel: VMX not supported by CPU 18
[    0.338878] kvm_amd: TSC scaling supported
[    0.339798] kvm_amd: Nested Virtualization enabled
[    0.340567] kvm_amd: Nested Paging enabled
[    0.341274] kvm_amd: Virtual VMLOAD VMSAVE supported
[    0.342067] kvm_amd: Virtual GIF supported
[    0.342734] kvm_amd: Virtual NMI enabled
[    0.343367] kvm_amd: LBR virtualization supported
[    0.433001] workingset: timestamp_bits=56 max_order=18 bucket_order=0
[    0.434147] squashfs: version 4.0 (2009/01/31) Phillip Lougher
[    0.435133] fuse: init (API version 7.39)
[    0.435858] 9p: Installing v9fs 9p2000 file system support
[    0.436825] Key type asymmetric registered
[    0.437524] Block layer SCSI generic (bsg) driver version 0.4 loaded (major 249)
[    0.438772] io scheduler mq-deadline registered
[    0.439529] io scheduler kyber registered
[    0.441312] input: Power Button as /devices/LNXSYSTM:00/LNXPWRBN:00/input/input0
[    0.442620] ACPI: button: Power Button [PWRF]
[    0.443369] Warning: Processor Platform Limit event detected, but not handled.
[    0.444546] Consider compiling CPUfreq support into your kernel.
[    0.465770] ACPI: \_SB_.LNKB: Enabled at IRQ 10
[    0.486579] ACPI: \_SB_.LNKC: Enabled at IRQ 11
[    0.507461] ACPI: \_SB_.LNKA: Enabled at IRQ 10
[    0.509100] Serial: 8250/16550 driver, 4 ports, IRQ sharing enabled
[    0.510267] 00:03: ttyS0 at I/O 0x3f8 (irq = 4, base_baud = 115200) is a 16550A
[    0.563019] Non-volatile memory driver v1.3
[    0.563729] Linux agpgart interface v0.103
[    0.563802] ACPI: bus type drm_connector registered
[    0.565245] printk: legacy console [hvc0] enabled
[    0.566020] printk: legacy bootconsole [earlyser0] disabled
          _      _                                    
   __   _(_)_ __| |_ _ __ ___   ___       _ __   __ _ 
   \ \ / / |  __| __|  _   _ \ / _ \_____|  _ \ / _  |
    \ V /| | |  | |_| | | | | |  __/_____| | | | (_| |
     \_/ |_|_|   \__|_| |_| |_|\___|     |_| |_|\__  |
                                                |___/ 
   kernel version: 6.8.0-rc6-virtme x86_64
   (CTRL+d to exit)

virtme-ng:/nipa-data/kernel# PS1='xx__-> '
xx__-> env
PWD=/nipa-data/kernel
nr_open=1048576
HOME=/
TERM=xterm
SHLVL=2
XDG_RUNTIME_DIR=/run/user/0
PATH=/bin:/sbin:/usr/bin:/usr/sbin:/usr/local/bin
OLDPWD=/
_=/usr/bin/env
xx__-> 