No EFI environment detected.
early console in extract_kernel
input_data: 0x00000000029ba2c4
input_len: 0x0000000000bbde8d
output: 0x0000000001000000
output_len: 0x00000000025321fc
kernel_total_size: 0x0000000002430000
needed_size: 0x0000000002600000
trampoline_32bit: 0x0000000000000000
Physical KASLR using RDRAND RDTSC...
Virtual KASLR using RDRAND RDTSC...

Decompressing Linux... Parsing ELF... Performing relocations... done.
Booting the kernel (entry_offset: 0x0000000000fb51c0).
[    0.000000] Linux version 6.15.0-rc1-virtme (root@4ec23ede786c) (gcc (Ubuntu 13.3.0-6ubuntu2~24.04) 13.3.0, GNU ld (GNU Binutils for Ubuntu) 2.42) #1 SMP PREEMPT_DYNAMIC Tue Apr 15 09:06:06 UTC 2025
[    0.000000] Command line: virtme_hostname=virtme-ng nr_open=1048576 virtme_link_mods=/nipa-data/kernel/.virtme_mods/lib/modules/0.0.0 virtme_initmount0=nipa-data/kernel virtme_rw_overlay0=/etc virtme_rw_overlay1=/lib virtme_rw_overlay2=/home virtme_rw_overlay3=/opt virtme_rw_overlay4=/srv virtme_rw_overlay5=/usr virtme_rw_overlay6=/var console=hvc0 earlyprintk=serial,ttyS0,115200 virtme_console=ttyS0 psmouse.proto=exps TERM=xterm virtme_chdir=nipa-data/kernel virtme_root_user=1 rootfstype=9p rootflags=version=9p2000.L,trans=virtio,access=any raid=noautodetect ro init=/usr/lib/python3/dist-packages/virtme/guest/virtme-init
[    0.000000] BIOS-provided physical RAM map:
[    0.000000] BIOS-e820: [mem 0x0000000000000000-0x000000000009fbff] usable
[    0.000000] BIOS-e820: [mem 0x000000000009fc00-0x000000000009ffff] reserved
[    0.000000] BIOS-e820: [mem 0x00000000000f0000-0x00000000000fffff] reserved
[    0.000000] BIOS-e820: [mem 0x0000000000100000-0x000000003ffdffff] usable
[    0.000000] BIOS-e820: [mem 0x000000003ffe0000-0x000000003fffffff] reserved
[    0.000000] BIOS-e820: [mem 0x00000000feffc000-0x00000000feffffff] reserved
[    0.000000] BIOS-e820: [mem 0x00000000fffc0000-0x00000000ffffffff] reserved
[    0.000000] BIOS-e820: [mem 0x000000fd00000000-0x000000ffffffffff] reserved
[    0.000000] printk: legacy bootconsole [earlyser0] enabled
[    0.000000] NX (Execute Disable) protection: active
[    0.000000] APIC: Static calls initialized
[    0.000000] SMBIOS 3.0.0 present.
[    0.000000] DMI: QEMU Ubuntu 24.04 PC (i440FX + PIIX, 1996), BIOS 1.16.3-debian-1.16.3-2 04/01/2014
[    0.000000] DMI: Memory slots populated: 1/1
[    0.000000] Hypervisor detected: KVM
[    0.000000] kvm-clock: Using msrs 4b564d01 and 4b564d00
[    0.000000] kvm-clock: using sched offset of 195523952 cycles
[    0.000372] clocksource: kvm-clock: mask: 0xffffffffffffffff max_cycles: 0x1cd42e4dffb, max_idle_ns: 881590591483 ns
[    0.001519] tsc: Detected 4491.524 MHz processor
[    0.002097] last_pfn = 0x3ffe0 max_arch_pfn = 0x400000000
[    0.002501] MTRR map: 4 entries (3 fixed + 1 variable; max 19), built from 8 variable MTRRs
[    0.003091] x86/PAT: Configuration [0-7]: WB  WC  UC- UC  WB  WP  UC- WT  
Memory KASLR using RDRAND RDTSC...
[    0.005078] found SMP MP-table at [mem 0x000f5470-0x000f547f]
[    0.005485] Using GB pages for direct mapping
[    0.005837] ACPI: Early table checksum verification disabled
[    0.006235] ACPI: RSDP 0x00000000000F5290 000014 (v00 BOCHS )
[    0.006641] ACPI: RSDT 0x000000003FFE27BC 000034 (v01 BOCHS  BXPC     00000001 BXPC 00000001)
[    0.007242] ACPI: FACP 0x000000003FFE2578 000074 (v01 BOCHS  BXPC     00000001 BXPC 00000001)
[    0.007843] ACPI: DSDT 0x000000003FFE0040 002538 (v01 BOCHS  BXPC     00000001 BXPC 00000001)
[    0.008446] ACPI: FACS 0x000000003FFE0000 000040
[    0.008771] ACPI: APIC 0x000000003FFE25EC 000170 (v03 BOCHS  BXPC     00000001 BXPC 00000001)
[    0.009371] ACPI: HPET 0x000000003FFE275C 000038 (v01 BOCHS  BXPC     00000001 BXPC 00000001)
[    0.009971] ACPI: WAET 0x000000003FFE2794 000028 (v01 BOCHS  BXPC     00000001 BXPC 00000001)
[    0.010571] ACPI: Reserving FACP table memory at [mem 0x3ffe2578-0x3ffe25eb]
[    0.011067] ACPI: Reserving DSDT table memory at [mem 0x3ffe0040-0x3ffe2577]
[    0.011562] ACPI: Reserving FACS table memory at [mem 0x3ffe0000-0x3ffe003f]
[    0.012057] ACPI: Reserving APIC table memory at [mem 0x3ffe25ec-0x3ffe275b]
[    0.012555] ACPI: Reserving HPET table memory at [mem 0x3ffe275c-0x3ffe2793]
[    0.013049] ACPI: Reserving WAET table memory at [mem 0x3ffe2794-0x3ffe27bb]
[    0.013682] No NUMA configuration found
[    0.013952] Faking a node at [mem 0x0000000000000000-0x000000003ffdffff]
[    0.014424] NODE_DATA(0) allocated [mem 0x3ffdb600-0x3ffdffff]
[    0.014843] Zone ranges:
[    0.015021]   DMA      [mem 0x0000000000001000-0x0000000000ffffff]
[    0.015455]   DMA32    [mem 0x0000000001000000-0x000000003ffdffff]
[    0.015890]   Normal   empty
[    0.016095]   Device   empty
[    0.016297] Movable zone start for each node
[    0.016597] Early memory node ranges
[    0.016848]   node   0: [mem 0x0000000000001000-0x000000000009efff]
[    0.017288]   node   0: [mem 0x0000000000100000-0x000000003ffdffff]
[    0.017729] Initmem setup node 0 [mem 0x0000000000001000-0x000000003ffdffff]
[    0.018226] On node 0, zone DMA: 1 pages in unavailable ranges
[    0.018644] On node 0, zone DMA: 97 pages in unavailable ranges
[    0.020011] On node 0, zone DMA32: 32 pages in unavailable ranges
[    0.020652] ACPI: PM-Timer IO Port: 0x608
[    0.020941] ACPI: LAPIC_NMI (acpi_id[0xff] dfl dfl lint[0x1])
[    0.021361] IOAPIC[0]: apic_id 0, version 17, address 0xfec00000, GSI 0-23
[    0.021846] ACPI: INT_SRC_OVR (bus 0 bus_irq 0 global_irq 2 dfl dfl)
[    0.022295] ACPI: INT_SRC_OVR (bus 0 bus_irq 5 global_irq 5 high level)
[    0.022765] ACPI: INT_SRC_OVR (bus 0 bus_irq 9 global_irq 9 high level)
[    0.023229] ACPI: INT_SRC_OVR (bus 0 bus_irq 10 global_irq 10 high level)
[    0.023705] ACPI: INT_SRC_OVR (bus 0 bus_irq 11 global_irq 11 high level)
[    0.024184] ACPI: Using ACPI (MADT) for SMP configuration information
[    0.024636] ACPI: HPET id: 0x8086a201 base: 0xfed00000
[    0.024998] TSC deadline timer available
[    0.025275] CPU topo: Max. logical packages:   1
[    0.025600] CPU topo: Max. logical dies:       1
[    0.025924] CPU topo: Max. dies per package:   1
[    0.026249] CPU topo: Max. threads per core:   1
[    0.026573] CPU topo: Num. cores per package:    32
[    0.026915] CPU topo: Num. threads per package:  32
[    0.027257] CPU topo: Allowing 32 present CPUs plus 0 hotplug CPUs
[    0.027697] kvm-guest: APIC: eoi() replaced with kvm_guest_apic_eoi_write()
[    0.028194] kvm-guest: KVM setup pv remote TLB flush
[    0.028544] kvm-guest: setup PV sched yield
[    0.028840] PM: hibernation: Registered nosave memory: [mem 0x00000000-0x00000fff]
[    0.029372] PM: hibernation: Registered nosave memory: [mem 0x0009f000-0x0009ffff]
[    0.029904] PM: hibernation: Registered nosave memory: [mem 0x000a0000-0x000effff]
[    0.030436] PM: hibernation: Registered nosave memory: [mem 0x000f0000-0x000fffff]
[    0.030968] [mem 0x40000000-0xfeffbfff] available for PCI devices
[    0.031396] Booting paravirtualized kernel on KVM
[    0.031726] clocksource: refined-jiffies: mask: 0xffffffff max_cycles: 0xffffffff, max_idle_ns: 1910969940391419 ns
[    0.035206] setup_percpu: NR_CPUS:64 nr_cpumask_bits:32 nr_cpu_ids:32 nr_node_ids:1
[    0.036327] percpu: Embedded 53 pages/cpu s178392 r8192 d30504 u262144
[    0.036815] Kernel command line: virtme_hostname=virtme-ng nr_open=1048576 virtme_link_mods=/nipa-data/kernel/.virtme_mods/lib/modules/0.0.0 virtme_initmount0=nipa-data/kernel virtme_rw_overlay0=/etc virtme_rw_overlay1=/lib virtme_rw_overlay2=/home virtme_rw_overlay3=/opt virtme_rw_overlay4=/srv virtme_rw_overlay5=/usr virtme_rw_overlay6=/var console=hvc0 earlyprintk=serial,ttyS0,115200 virtme_console=ttyS0 psmouse.proto=exps TERM=xterm virtme_chdir=nipa-data/kernel virtme_root_user=1 rootfstype=9p rootflags=version=9p2000.L,trans=virtio,access=any raid=noautodetect ro init=/usr/lib/python3/dist-packages/virtme/guest/virtme-init
[    0.040907] Unknown kernel command line parameters "virtme_hostname=virtme-ng nr_open=1048576 virtme_link_mods=/nipa-data/kernel/.virtme_mods/lib/modules/0.0.0 virtme_initmount0=nipa-data/kernel virtme_rw_overlay0=/etc virtme_rw_overlay1=/lib virtme_rw_overlay2=/home virtme_rw_overlay3=/opt virtme_rw_overlay4=/srv virtme_rw_overlay5=/usr virtme_rw_overlay6=/var virtme_console=ttyS0 virtme_chdir=nipa-data/kernel virtme_root_user=1", will be passed to user space.
[    0.044045] random: crng init done
[    0.044293] printk: log buffer data + meta data: 262144 + 917504 = 1179648 bytes
[    0.044855] Dentry cache hash table entries: 131072 (order: 8, 1048576 bytes, linear)
[    0.045438] Inode-cache hash table entries: 65536 (order: 7, 524288 bytes, linear)
[    0.046071] Fallback order for Node 0: 0 
[    0.046073] Built 1 zonelists, mobility grouping on.  Total pages: 262014
[    0.046854] Policy zone: DMA32
[    0.047074] mem auto-init: stack:all(zero), heap alloc:off, heap free:off
[    0.048100] SLUB: HWalign=64, Order=0-3, MinObjects=0, CPUs=32, Nodes=1
Poking KASLR using RDRAND RDTSC...
[    0.055382] ftrace: allocating 48738 entries in 192 pages
[    0.055771] ftrace: allocated 192 pages with 2 groups
[    0.056708] Dynamic Preempt: voluntary
[    0.057104] rcu: Preemptible hierarchical RCU implementation.
[    0.057518] rcu: RCU event tracing is enabled.
[    0.057843] rcu: RCU restricting CPUs from NR_CPUS=64 to nr_cpu_ids=32.
[    0.058324] Trampoline variant of Tasks RCU enabled.
[    0.058686] Rude variant of Tasks RCU enabled.
[    0.059015] Tracing variant of Tasks RCU enabled.
[    0.059358] rcu: RCU calculated value of scheduler-enlistment delay is 100 jiffies.
[    0.059908] rcu: Adjusting geometry for rcu_fanout_leaf=16, nr_cpu_ids=32
[    0.060410] RCU Tasks: Setting shift to 5 and lim to 1 rcu_task_cb_adjust=1 rcu_task_cpu_ids=32.
[    0.061042] RCU Tasks Rude: Setting shift to 5 and lim to 1 rcu_task_cb_adjust=1 rcu_task_cpu_ids=32.
[    0.061704] RCU Tasks Trace: Setting shift to 5 and lim to 1 rcu_task_cb_adjust=1 rcu_task_cpu_ids=32.
[    0.064086] NR_IRQS: 4352, nr_irqs: 680, preallocated irqs: 16
[    0.064671] rcu: srcu_init: Setting srcu_struct sizes based on contention.
[    0.065299] Console: colour *CGA 80x25
[    0.065574] ACPI: Core revision 20240827
[    0.065918] clocksource: hpet: mask: 0xffffffff max_cycles: 0xffffffff, max_idle_ns: 19112604467 ns
[    0.066624] APIC: Switch to symmetric I/O mode setup
[    0.067126] x2apic enabled
[    0.067489] APIC: Switched APIC routing to: physical x2apic
[    0.067882] kvm-guest: APIC: send_IPI_mask() replaced with kvm_send_ipi_mask()
[    0.068413] kvm-guest: APIC: send_IPI_mask_allbutself() replaced with kvm_send_ipi_mask_allbutself()
[    0.069048] kvm-guest: setup PV IPIs
[    0.070026] ..TIMER: vector=0x30 apic1=0 pin1=2 apic2=-1 pin2=-1
[    0.070804] clocksource: tsc-early: mask: 0xffffffffffffffff max_cycles: 0x40be215b5d9, max_idle_ns: 440795359804 ns
[    0.072142] Calibrating delay loop (skipped) preset value.. 8983.04 BogoMIPS (lpj=4491524)
[    0.073203] x86/cpu: User Mode Instruction Prevention (UMIP) activated
[    0.074188] Last level iTLB entries: 4KB 512, 2MB 255, 4MB 127
[    0.075141] Last level dTLB entries: 4KB 512, 2MB 255, 4MB 127, 1GB 0
[    0.076144] Spectre V1 : Mitigation: usercopy/swapgs barriers and __user pointer sanitization
[    0.077144] Spectre V2 : Mitigation: Enhanced / Automatic IBRS
[    0.077872] Spectre V2 : Spectre v2 / SpectreRSB mitigation: Filling RSB on context switch
[    0.078142] Spectre V2 : mitigation: Enabling conditional Indirect Branch Prediction Barrier
[    0.079142] Speculative Store Bypass: Mitigation: Speculative Store Bypass disabled via prctl
[    0.081141] Speculative Return Stack Overflow: IBPB-extending microcode not applied!
[    0.082141] Speculative Return Stack Overflow: WARNING: See https://kernel.org/doc/html/latest/admin-guide/hw-vuln/srso.html for mitigation options.
[    0.082142] Speculative Return Stack Overflow: Vulnerable: Safe RET, no microcode
[    0.084156] x86/fpu: Supporting XSAVE feature 0x001: 'x87 floating point registers'
[    0.085141] x86/fpu: Supporting XSAVE feature 0x002: 'SSE registers'
[    0.086141] x86/fpu: Supporting XSAVE feature 0x004: 'AVX registers'
[    0.087141] x86/fpu: Supporting XSAVE feature 0x020: 'AVX-512 opmask'
[    0.088141] x86/fpu: Supporting XSAVE feature 0x040: 'AVX-512 Hi256'
[    0.088921] x86/fpu: Supporting XSAVE feature 0x080: 'AVX-512 ZMM_Hi256'
[    0.089141] x86/fpu: Supporting XSAVE feature 0x200: 'Protection Keys User registers'
[    0.090142] x86/fpu: xstate_offset[2]:  576, xstate_sizes[2]:  256
[    0.091141] x86/fpu: xstate_offset[5]:  832, xstate_sizes[5]:   64
[    0.092141] x86/fpu: xstate_offset[6]:  896, xstate_sizes[6]:  512
[    0.092899] x86/fpu: xstate_offset[7]: 1408, xstate_sizes[7]: 1024
[    0.093141] x86/fpu: xstate_offset[9]: 2432, xstate_sizes[9]:    8
[    0.094141] x86/fpu: Enabled xstate features 0x2e7, context size is 2440 bytes, using 'compacted' format.
[    0.109895] Freeing SMP alternatives memory: 44K
[    0.110142] pid_max: default: 32768 minimum: 301
[    0.110726] Mount-cache hash table entries: 2048 (order: 2, 16384 bytes, linear)
[    0.111142] Mountpoint-cache hash table entries: 2048 (order: 2, 16384 bytes, linear)
[    0.112276] smpboot: CPU0: AMD Ryzen 9 7950X 16-Core Processor (family: 0x19, model: 0x61, stepping: 0x2)
[    0.113241] Performance Events: Fam17h+ core perfctr, AMD PMU driver.
[    0.114048] ... version:                0
[    0.114143] ... bit width:              48
[    0.114644] ... generic registers:      6
[    0.115137] ... value mask:             0000ffffffffffff
[    0.115143] ... max period:             00007fffffffffff
[    0.115791] ... fixed-purpose events:   0
[    0.116143] ... event mask:             000000000000003f
[    0.116866] signal: max sigframe size: 3376
[    0.117157] rcu: Hierarchical SRCU implementation.
[    0.117743] rcu: Max phase no-delay instances is 400.
[    0.118166] Timer migration: 2 hierarchy levels; 8 children per group; 2 crossnode level
[    0.121196] smp: Bringing up secondary CPUs ...
[    0.121807] smpboot: x86: Booting SMP configuration:
[    0.122144] .... node  #0, CPUs:        #1  #2  #3  #4  #5  #6  #7  #8  #9 #10 #11 #12 #13 #14 #15 #16 #17 #18 #19 #20 #21 #22 #23 #24 #25 #26 #27 #28 #29 #30 #31
[    0.147233] smp: Brought up 1 node, 32 CPUs
[    0.148663] smpboot: Total of 32 processors activated (287457.53 BogoMIPS)
[    0.150282] Memory: 970996K/1048056K available (16085K kernel code, 2477K rwdata, 6424K rodata, 3200K init, 1680K bss, 62540K reserved, 0K cma-reserved)
[    0.151261] devtmpfs: initialized
[    0.151594] x86/mm: Memory block size: 128MB
[    0.152862] clocksource: jiffies: mask: 0xffffffff max_cycles: 0xffffffff, max_idle_ns: 1911260446275000 ns
[    0.153144] posixtimers hash table entries: 16384 (order: 6, 262144 bytes, linear)
[    0.154092] futex hash table entries: 8192 (order: 7, 524288 bytes, linear)
[    0.154219] PM: RTC time: 09:06:24, date: 2025-04-15
[    0.155161] NET: Registered PF_NETLINK/PF_ROUTE protocol family
[    0.156043] thermal_sys: Registered thermal governor 'step_wise'
[    0.156052] cpuidle: using governor menu
[    0.157510] PCI: Using configuration type 1 for base access
[    0.158143] PCI: Using configuration type 1 for extended access
[    0.158945] kprobes: kprobe jump-optimization is enabled. All kprobes are optimized if possible.
[    0.174324] HugeTLB: allocation took 0ms with hugepage_allocation_threads=8
[    0.175170] HugeTLB: registered 1.00 GiB page size, pre-allocated 0 pages
[    0.176015] HugeTLB: 16380 KiB vmemmap can be freed for a 1.00 GiB page
[    0.176143] HugeTLB: registered 2.00 MiB page size, pre-allocated 0 pages
[    0.176979] HugeTLB: 28 KiB vmemmap can be freed for a 2.00 MiB page
[    0.180274] ACPI: Added _OSI(Module Device)
[    0.180810] ACPI: Added _OSI(Processor Device)
[    0.181143] ACPI: Added _OSI(3.0 _SCP Extensions)
[    0.181736] ACPI: Added _OSI(Processor Aggregator Device)
[    0.182794] ACPI: 1 ACPI AML tables successfully acquired and loaded
[    0.183526] ACPI: Interpreter enabled
[    0.184151] ACPI: PM: (supports S0 S3 S4 S5)
[    0.184684] ACPI: Using IOAPIC for interrupt routing
[    0.185150] PCI: Using host bridge windows from ACPI; if necessary, use "pci=nocrs" and report a bug
[    0.186143] PCI: Using E820 reservations for host bridge windows
[    0.186974] ACPI: Enabled 2 GPEs in block 00 to 0F
[    0.189765] ACPI: PCI Root Bridge [PCI0] (domain 0000 [bus 00-ff])
[    0.190144] acpi PNP0A03:00: _OSC: OS supports [ExtendedConfig ASPM ClockPM Segments MSI HPX-Type3]
[    0.191232] PCI host bridge to bus 0000:00
[    0.191740] pci_bus 0000:00: root bus resource [io  0x0000-0x0cf7 window]
[    0.192143] pci_bus 0000:00: root bus resource [io  0x0d00-0xffff window]
[    0.192986] pci_bus 0000:00: root bus resource [mem 0x000a0000-0x000bffff window]
[    0.193143] pci_bus 0000:00: root bus resource [mem 0x40000000-0xfebfffff window]
[    0.194072] pci_bus 0000:00: root bus resource [mem 0x100000000-0x17fffffff window]
[    0.194143] pci_bus 0000:00: root bus resource [bus 00-ff]
[    0.194899] pci 0000:00:00.0: [8086:1237] type 00 class 0x060000 conventional PCI endpoint
[    0.195428] pci 0000:00:01.0: [8086:7000] type 00 class 0x060100 conventional PCI endpoint
[    0.196410] pci 0000:00:01.1: [8086:7010] type 00 class 0x010180 conventional PCI endpoint
[    0.197533] pci 0000:00:01.1: BAR 4 [io  0xc0c0-0xc0cf]
[    0.198161] pci 0000:00:01.1: BAR 0 [io  0x01f0-0x01f7]: legacy IDE quirk
[    0.199010] pci 0000:00:01.1: BAR 1 [io  0x03f6]: legacy IDE quirk
[    0.199143] pci 0000:00:01.1: BAR 2 [io  0x0170-0x0177]: legacy IDE quirk
[    0.199985] pci 0000:00:01.1: BAR 3 [io  0x0376]: legacy IDE quirk
[    0.200234] pci 0000:00:01.3: [8086:7113] type 00 class 0x068000 conventional PCI endpoint
[    0.201340] pci 0000:00:01.3: quirk: [io  0x0600-0x063f] claimed by PIIX4 ACPI
[    0.202147] pci 0000:00:01.3: quirk: [io  0x0700-0x070f] claimed by PIIX4 SMB
[    0.203191] pci 0000:00:02.0: [1af4:1009] type 00 class 0x000200 conventional PCI endpoint
[    0.204915] pci 0000:00:02.0: BAR 0 [io  0xc000-0xc03f]
[    0.205147] pci 0000:00:02.0: BAR 1 [mem 0xfebfc000-0xfebfcfff]
[    0.205900] pci 0000:00:02.0: BAR 4 [mem 0xfebf0000-0xfebf3fff 64bit pref]
[    0.206724] pci 0000:00:03.0: [1af4:1009] type 00 class 0x000200 conventional PCI endpoint
[    0.207600] pci 0000:00:03.0: BAR 0 [io  0xc040-0xc07f]
[    0.208147] pci 0000:00:03.0: BAR 1 [mem 0xfebfd000-0xfebfdfff]
[    0.208891] pci 0000:00:03.0: BAR 4 [mem 0xfebf4000-0xfebf7fff 64bit pref]
[    0.209672] pci 0000:00:04.0: [8086:25ab] type 00 class 0x088000 conventional PCI endpoint
[    0.210487] pci 0000:00:04.0: BAR 0 [mem 0xfebfe000-0xfebfe00f]
[    0.211544] pci 0000:00:05.0: [1af4:1003] type 00 class 0x078000 conventional PCI endpoint
[    0.212830] pci 0000:00:05.0: BAR 0 [io  0xc080-0xc0bf]
[    0.213147] pci 0000:00:05.0: BAR 1 [mem 0xfebff000-0xfebfffff]
[    0.214003] pci 0000:00:05.0: BAR 4 [mem 0xfebf8000-0xfebfbfff 64bit pref]
[    0.214863] ACPI: PCI: Interrupt link LNKA configured for IRQ 10
[    0.215248] ACPI: PCI: Interrupt link LNKB configured for IRQ 10
[    0.216085] ACPI: PCI: Interrupt link LNKC configured for IRQ 11
[    0.216241] ACPI: PCI: Interrupt link LNKD configured for IRQ 11
[    0.217048] ACPI: PCI: Interrupt link LNKS configured for IRQ 9
[    0.217949] iommu: Default domain type: Translated
[    0.218143] iommu: DMA domain TLB invalidation policy: lazy mode
[    0.218938] SCSI subsystem initialized
[    0.219172] pps_core: LinuxPPS API ver. 1 registered
[    0.219785] pps_core: Software ver. 5.3.6 - Copyright 2005-2007 Rodolfo Giometti <giometti@linux.it>
[    0.220145] PTP clock support registered
[    0.220645] Advanced Linux Sound Architecture Driver Initialized.
[    0.221417] NET: Registered PF_ATMPVC protocol family
[    0.222045] NET: Registered PF_ATMSVC protocol family
[    0.222148] PCI: Using ACPI for IRQ routing
[    0.222739] vgaarb: loaded
[    0.223143] hpet0: at MMIO 0xfed00000, IRQs 2, 8, 0
[    0.223749] hpet0: 3 comparators, 64-bit 100.000000 MHz counter
[    0.227218] clocksource: Switched to clocksource kvm-clock
[    0.227921] VFS: Disk quotas dquot_6.6.0
[    0.228421] VFS: Dquot-cache hash table entries: 512 (order 0, 4096 bytes)
[    0.229844] pnp: PnP ACPI init
[    0.230419] pnp: PnP ACPI: found 5 devices
[    0.237140] clocksource: acpi_pm: mask: 0xffffff max_cycles: 0xffffff, max_idle_ns: 2085701024 ns
[    0.238249] NET: Registered PF_INET protocol family
[    0.238949] IP idents hash table entries: 16384 (order: 5, 131072 bytes, linear)
[    0.240021] tcp_listen_portaddr_hash hash table entries: 512 (order: 1, 8192 bytes, linear)
[    0.241061] Table-perturb hash table entries: 65536 (order: 6, 262144 bytes, linear)
[    0.242021] TCP established hash table entries: 8192 (order: 4, 65536 bytes, linear)
[    0.242976] TCP bind hash table entries: 8192 (order: 6, 262144 bytes, linear)
[    0.243874] TCP: Hash tables configured (established 8192 bind 8192)
[    0.244682] UDP hash table entries: 512 (order: 3, 32768 bytes, linear)
[    0.245506] UDP-Lite hash table entries: 512 (order: 3, 32768 bytes, linear)
[    0.246409] NET: Registered PF_UNIX/PF_LOCAL protocol family
[    0.247114] pci_bus 0000:00: resource 4 [io  0x0000-0x0cf7 window]
[    0.247872] pci_bus 0000:00: resource 5 [io  0x0d00-0xffff window]
[    0.248638] pci_bus 0000:00: resource 6 [mem 0x000a0000-0x000bffff window]
[    0.249485] pci_bus 0000:00: resource 7 [mem 0x40000000-0xfebfffff window]
[    0.250332] pci_bus 0000:00: resource 8 [mem 0x100000000-0x17fffffff window]
[    0.251221] pci 0000:00:01.0: PIIX3: Enabling Passive Release
[    0.251930] pci 0000:00:00.0: Limiting direct PCI/PCI transfers
[    0.252709] PCI: CLS 0 bytes, default 64
[    0.253263] kvm_intel: VMX not supported by CPU 0
[    0.253851] kvm_amd: TSC scaling supported
[    0.254363] kvm_amd: Nested Virtualization enabled
[    0.254958] kvm_amd: Nested Paging enabled
[    0.255467] kvm_amd: LBR virtualization supported
[    0.256063] kvm_amd: Virtual GIF supported
[    0.256564] kvm_amd: Virtual NMI enabled
[    0.293006] clocksource: tsc: mask: 0xffffffffffffffff max_cycles: 0x40be215b5d9, max_idle_ns: 440795359804 ns
[    0.299151] Initialise system trusted keyrings
[    0.299750] workingset: timestamp_bits=56 max_order=18 bucket_order=0
[    0.300595] squashfs: version 4.0 (2009/01/31) Phillip Lougher
[    0.301334] fuse: init (API version 7.43)
[    0.301867] 9p: Installing v9fs 9p2000 file system support
[    0.308886] Key type asymmetric registered
[    0.309406] Asymmetric key parser 'x509' registered
[    0.310027] Block layer SCSI generic (bsg) driver version 0.4 loaded (major 249)
[    0.310962] io scheduler mq-deadline registered
[    0.311534] io scheduler kyber registered
[    0.313450] input: Power Button as /devices/LNXSYSTM:00/LNXPWRBN:00/input/input0
[    0.314421] ACPI: button: Power Button [PWRF]
[    0.315339] Warning: Processor Platform Limit event detected, but not handled.
[    0.316259] Consider compiling CPUfreq support into your kernel.
[    0.333869] ACPI: \_SB_.LNKB: Enabled at IRQ 10
[    0.349749] ACPI: \_SB_.LNKC: Enabled at IRQ 11
[    0.365587] ACPI: \_SB_.LNKA: Enabled at IRQ 10
[    0.366671] Serial: 8250/16550 driver, 4 ports, IRQ sharing enabled
[    0.367570] 00:03: ttyS0 at I/O 0x3f8 (irq = 4, base_baud = 115200) is a 16550A
[    0.390422] Non-volatile memory driver v1.3
[    0.390979] Linux agpgart interface v0.103
[    0.391495] printk: legacy console [hvc0] enabled
[    0.391522] ACPI: bus type drm_connector registered
[    0.392094] printk: legacy bootconsole [earlyser0] disabled
          _      _                                    
   __   _(_)_ __| |_ _ __ ___   ___       _ __   __ _ 
   \ \ / / |  __| __|  _   _ \ / _ \_____|  _ \ / _  |
    \ V /| | |  | |_| | | | | |  __/_____| | | | (_| |
     \_/ |_|_|   \__|_| |_| |_|\___|     |_| |_|\__  |
                                                |___/ 
   kernel version: 6.15.0-rc1-virtme x86_64
   (CTRL+d to exit)

root@virtme-ng:/nipa-data/kernel# PS1='xx__-> '
xx__-> env
PWD=/nipa-data/kernel
nr_open=1048576
HOME=/
TERM=xterm
SHLVL=2
XDG_RUNTIME_DIR=/run/user/0
PATH=/bin:/sbin:/usr/bin:/usr/sbin:/usr/local/bin
OLDPWD=/
_=/bin/env
xx__-> 