No EFI environment detected.
early console in extract_kernel
input_data: 0x0000000004b142b9
input_len: 0x00000000017c0a4d
output: 0x0000000001000000
output_len: 0x0000000005261a14
kernel_total_size: 0x0000000004e30000
needed_size: 0x0000000005400000
trampoline_32bit: 0x0000000000000000
Physical KASLR using RDRAND RDTSC...
Virtual KASLR using RDRAND RDTSC...

Decompressing Linux... Parsing ELF... Performing relocations... done.
Booting the kernel (entry_offset: 0x0000000000000000).
[    0.000000] Linux version 6.8.0-rc6-virtme (root@89da6ad9dc81) (gcc (Alpine 13.2.1_git20231014) 13.2.1 20231014, GNU ld (GNU Binutils) 2.42) #1 SMP PREEMPT_DYNAMIC Sun Mar  3 09:26:47 UTC 2024
[    0.000000] Command line: virtme_hostname=virtme-ng virtme_link_mods=/nipa-data/kernel/.virtme_mods/lib/modules/0.0.0 virtme_initmount0=nipa-data/kernel virtme_rw_overlay0=/etc virtme_rw_overlay1=/lib virtme_rw_overlay2=/home virtme_rw_overlay3=/opt virtme_rw_overlay4=/srv virtme_rw_overlay5=/usr virtme_rw_overlay6=/var earlyprintk=serial,ttyS0,115200 console=ttyS0 psmouse.proto=exps TERM=xterm virtme_chdir=nipa-data/kernel virtme_root_user=1 rootfstype=9p rootflags=version=9p2000.L,trans=virtio,access=any raid=noautodetect ro init=/usr/lib/python3.11/site-packages/virtme/guest/virtme-init
[    0.000000] BIOS-provided physical RAM map:
[    0.000000] BIOS-e820: [mem 0x0000000000000000-0x000000000009fbff] usable
[    0.000000] BIOS-e820: [mem 0x000000000009fc00-0x000000000009ffff] reserved
[    0.000000] BIOS-e820: [mem 0x00000000000f0000-0x00000000000fffff] reserved
[    0.000000] BIOS-e820: [mem 0x0000000000100000-0x000000003ffdffff] usable
[    0.000000] BIOS-e820: [mem 0x000000003ffe0000-0x000000003fffffff] reserved
[    0.000000] BIOS-e820: [mem 0x00000000feffc000-0x00000000feffffff] reserved
[    0.000000] BIOS-e820: [mem 0x00000000fffc0000-0x00000000ffffffff] reserved
[    0.000000] BIOS-e820: [mem 0x000000fd00000000-0x000000ffffffffff] reserved
[    0.000000] printk: legacy bootconsole [earlyser0] enabled
[    0.000000] NX (Execute Disable) protection: active
[    0.000000] APIC: Static calls initialized
[    0.000000] SMBIOS 3.0.0 present.
[    0.000000] DMI: QEMU Standard PC (i440FX + PIIX, 1996), BIOS rel-1.16.3-0-ga6ed6b701f0a-prebuilt.qemu.org 04/01/2014
[    0.000000] Hypervisor detected: KVM
[    0.000000] kvm-clock: Using msrs 4b564d01 and 4b564d00
[    0.000000] kvm-clock: using sched offset of 352411605 cycles
[    0.000379] clocksource: kvm-clock: mask: 0xffffffffffffffff max_cycles: 0x1cd42e4dffb, max_idle_ns: 881590591483 ns
[    0.001554] tsc: Detected 4491.536 MHz processor
[    0.002259] last_pfn = 0x3ffe0 max_arch_pfn = 0x400000000
[    0.002678] MTRR map: 4 entries (3 fixed + 1 variable; max 19), built from 8 variable MTRRs
[    0.003282] x86/PAT: Configuration [0-7]: WB  WC  UC- UC  WB  WP  UC- WT  
[    0.005275] found SMP MP-table at [mem 0x000f5470-0x000f547f]
[    0.005700] Using GB pages for direct mapping
[    0.006171] ACPI: Early table checksum verification disabled
[    0.006584] ACPI: RSDP 0x00000000000F5290 000014 (v00 BOCHS )
[    0.007004] ACPI: RSDT 0x000000003FFE27B6 000034 (v01 BOCHS  BXPC     00000001 BXPC 00000001)
[    0.007624] ACPI: FACP 0x000000003FFE2572 000074 (v01 BOCHS  BXPC     00000001 BXPC 00000001)
[    0.008245] ACPI: DSDT 0x000000003FFE0040 002532 (v01 BOCHS  BXPC     00000001 BXPC 00000001)
[    0.008865] ACPI: FACS 0x000000003FFE0000 000040
[    0.009201] ACPI: APIC 0x000000003FFE25E6 000170 (v03 BOCHS  BXPC     00000001 BXPC 00000001)
[    0.009820] ACPI: HPET 0x000000003FFE2756 000038 (v01 BOCHS  BXPC     00000001 BXPC 00000001)
[    0.010444] ACPI: WAET 0x000000003FFE278E 000028 (v01 BOCHS  BXPC     00000001 BXPC 00000001)
[    0.011065] ACPI: Reserving FACP table memory at [mem 0x3ffe2572-0x3ffe25e5]
[    0.011576] ACPI: Reserving DSDT table memory at [mem 0x3ffe0040-0x3ffe2571]
[    0.012087] ACPI: Reserving FACS table memory at [mem 0x3ffe0000-0x3ffe003f]
[    0.012598] ACPI: Reserving APIC table memory at [mem 0x3ffe25e6-0x3ffe2755]
[    0.013110] ACPI: Reserving HPET table memory at [mem 0x3ffe2756-0x3ffe278d]
[    0.013621] ACPI: Reserving WAET table memory at [mem 0x3ffe278e-0x3ffe27b5]
[    0.014327] No NUMA configuration found
[    0.014605] Faking a node at [mem 0x0000000000000000-0x000000003ffdffff]
[    0.015090] NODE_DATA(0) allocated [mem 0x3ffdb000-0x3ffdffff]
[    0.015528] Zone ranges:
[    0.015711]   DMA      [mem 0x0000000000001000-0x0000000000ffffff]
[    0.016158]   DMA32    [mem 0x0000000001000000-0x000000003ffdffff]
[    0.016604]   Normal   empty
[    0.016813]   Device   empty
[    0.017021] Movable zone start for each node
[    0.017329] Early memory node ranges
[    0.017587]   node   0: [mem 0x0000000000001000-0x000000000009efff]
[    0.018040]   node   0: [mem 0x0000000000100000-0x000000003ffdffff]
[    0.018494] Initmem setup node 0 [mem 0x0000000000001000-0x000000003ffdffff]
[    0.019008] On node 0, zone DMA: 1 pages in unavailable ranges
[    0.019485] On node 0, zone DMA: 97 pages in unavailable ranges
[    0.023993] On node 0, zone DMA32: 32 pages in unavailable ranges
[    0.033116] kasan: KernelAddressSanitizer initialized
[    0.033699] ACPI: PM-Timer IO Port: 0x608
[    0.033996] ACPI: LAPIC_NMI (acpi_id[0xff] dfl dfl lint[0x1])
[    0.034441] IOAPIC[0]: apic_id 0, version 17, address 0xfec00000, GSI 0-23
[    0.034941] ACPI: INT_SRC_OVR (bus 0 bus_irq 0 global_irq 2 dfl dfl)
[    0.035402] ACPI: INT_SRC_OVR (bus 0 bus_irq 5 global_irq 5 high level)
[    0.035882] ACPI: INT_SRC_OVR (bus 0 bus_irq 9 global_irq 9 high level)
[    0.036362] ACPI: INT_SRC_OVR (bus 0 bus_irq 10 global_irq 10 high level)
[    0.036854] ACPI: INT_SRC_OVR (bus 0 bus_irq 11 global_irq 11 high level)
[    0.037347] ACPI: Using ACPI (MADT) for SMP configuration information
[    0.037813] ACPI: HPET id: 0x8086a201 base: 0xfed00000
[    0.038186] TSC deadline timer available
[    0.038472] smpboot: Allowing 32 CPUs, 0 hotplug CPUs
[    0.038851] kvm-guest: APIC: eoi() replaced with kvm_guest_apic_eoi_write()
[    0.039366] kvm-guest: KVM setup pv remote TLB flush
[    0.039728] kvm-guest: setup PV sched yield
[    0.040036] PM: hibernation: Registered nosave memory: [mem 0x00000000-0x00000fff]
[    0.040582] PM: hibernation: Registered nosave memory: [mem 0x0009f000-0x0009ffff]
[    0.041128] PM: hibernation: Registered nosave memory: [mem 0x000a0000-0x000effff]
[    0.041674] PM: hibernation: Registered nosave memory: [mem 0x000f0000-0x000fffff]
[    0.042220] [mem 0x40000000-0xfeffbfff] available for PCI devices
[    0.042663] Booting paravirtualized kernel on KVM
[    0.043004] clocksource: refined-jiffies: mask: 0xffffffff max_cycles: 0xffffffff, max_idle_ns: 1910969940391419 ns
[    0.051531] setup_percpu: NR_CPUS:64 nr_cpumask_bits:32 nr_cpu_ids:32 nr_node_ids:1
[    0.053268] percpu: Embedded 68 pages/cpu s241448 r8192 d28888 u524288
[    0.053797] Kernel command line: virtme_hostname=virtme-ng virtme_link_mods=/nipa-data/kernel/.virtme_mods/lib/modules/0.0.0 virtme_initmount0=nipa-data/kernel virtme_rw_overlay0=/etc virtme_rw_overlay1=/lib virtme_rw_overlay2=/home virtme_rw_overlay3=/opt virtme_rw_overlay4=/srv virtme_rw_overlay5=/usr virtme_rw_overlay6=/var earlyprintk=serial,ttyS0,115200 console=ttyS0 psmouse.proto=exps TERM=xterm virtme_chdir=nipa-data/kernel virtme_root_user=1 rootfstype=9p rootflags=version=9p2000.L,trans=virtio,access=any raid=noautodetect ro init=/usr/lib/python3.11/site-packages/virtme/guest/virtme-init
[    0.057828] Unknown kernel command line parameters "virtme_hostname=virtme-ng virtme_link_mods=/nipa-data/kernel/.virtme_mods/lib/modules/0.0.0 virtme_initmount0=nipa-data/kernel virtme_rw_overlay0=/etc virtme_rw_overlay1=/lib virtme_rw_overlay2=/home virtme_rw_overlay3=/opt virtme_rw_overlay4=/srv virtme_rw_overlay5=/usr virtme_rw_overlay6=/var virtme_chdir=nipa-data/kernel virtme_root_user=1", will be passed to user space.
[    0.060822] random: crng init done
[    0.061176] Dentry cache hash table entries: 131072 (order: 8, 1048576 bytes, linear)
[    0.061770] Inode-cache hash table entries: 65536 (order: 7, 524288 bytes, linear)
[    0.062745] Fallback order for Node 0: 0 
[    0.062749] Built 1 zonelists, mobility grouping on.  Total pages: 257760
[    0.063553] Policy zone: DMA32
[    0.063780] mem auto-init: stack:all(zero), heap alloc:off, heap free:off
[    0.064285] stackdepot: allocating hash table via alloc_large_system_hash
[    0.064791] stackdepot hash table entries: 1048576 (order: 12, 16777216 bytes, linear)
[    0.072643] Memory: 781284K/1048056K available (43008K kernel code, 11328K rwdata, 9564K rodata, 5740K init, 2432K bss, 266516K reserved, 0K cma-reserved)
[    0.073853] SLUB: HWalign=64, Order=0-3, MinObjects=0, CPUs=32, Nodes=1
Poking KASLR using RDRAND RDTSC...
[    0.074620] ftrace: allocating 46465 entries in 182 pages
[    0.082950] ftrace: allocated 182 pages with 5 groups
[    0.084159] Dynamic Preempt: voluntary
[    0.084775] rcu: Preemptible hierarchical RCU implementation.
[    0.085205] rcu: RCU event tracing is enabled.
[    0.085542] rcu: RCU restricting CPUs from NR_CPUS=64 to nr_cpu_ids=32.
[    0.086045] Trampoline variant of Tasks RCU enabled.
[    0.086425] Rude variant of Tasks RCU enabled.
[    0.086761] Tracing variant of Tasks RCU enabled.
[    0.087117] rcu: RCU calculated value of scheduler-enlistment delay is 100 jiffies.
[    0.087687] rcu: Adjusting geometry for rcu_fanout_leaf=16, nr_cpu_ids=32
[    0.096079] NR_IRQS: 4352, nr_irqs: 680, preallocated irqs: 16
[    0.096751] rcu: srcu_init: Setting srcu_struct sizes based on contention.
[    0.097457] Console: colour *CGA 80x25
[    0.097756] printk: legacy console [ttyS0] enabled
[    0.097756] printk: legacy console [ttyS0] enabled
[    0.098472] printk: legacy bootconsole [earlyser0] disabled
[    0.098472] printk: legacy bootconsole [earlyser0] disabled
[    0.099321] ACPI: Core revision 20230628
[    0.099772] clocksource: hpet: mask: 0xffffffff max_cycles: 0xffffffff, max_idle_ns: 19112604467 ns
[    0.100521] APIC: Switch to symmetric I/O mode setup
[    0.100921] APIC: Switched APIC routing to: physical flat
[    0.101329] kvm-guest: APIC: send_IPI_mask() replaced with kvm_send_ipi_mask()
[    0.101868] kvm-guest: APIC: send_IPI_mask_allbutself() replaced with kvm_send_ipi_mask_allbutself()
[    0.102563] kvm-guest: setup PV IPIs
[    0.103706] ..TIMER: vector=0x30 apic1=0 pin1=2 apic2=-1 pin2=-1
[    0.104506] tsc: Marking TSC unstable due to TSCs unsynchronized
[    0.105287] Calibrating delay loop (skipped) preset value.. 8983.07 BogoMIPS (lpj=4491536)
[    0.106345] x86/cpu: User Mode Instruction Prevention (UMIP) activated
[    0.107343] Last level iTLB entries: 4KB 512, 2MB 255, 4MB 127
[    0.108283] Last level dTLB entries: 4KB 512, 2MB 255, 4MB 127, 1GB 0
[    0.109287] Spectre V1 : Mitigation: usercopy/swapgs barriers and __user pointer sanitization
[    0.110288] Spectre V2 : Mitigation: Enhanced / Automatic IBRS
[    0.111283] Spectre V2 : Spectre v2 / SpectreRSB mitigation: Filling RSB on context switch
[    0.112286] Spectre V2 : mitigation: Enabling conditional Indirect Branch Prediction Barrier
[    0.113285] Speculative Store Bypass: Mitigation: Speculative Store Bypass disabled via prctl
[    0.114284] Speculative Return Stack Overflow: IBPB-extending microcode not applied!
[    0.115283] Speculative Return Stack Overflow: WARNING: See https://kernel.org/doc/html/latest/admin-guide/hw-vuln/srso.html for mitigation options.
[    0.115285] Speculative Return Stack Overflow: Vulnerable: Safe RET, no microcode
[    0.117299] x86/fpu: Supporting XSAVE feature 0x001: 'x87 floating point registers'
[    0.118283] x86/fpu: Supporting XSAVE feature 0x002: 'SSE registers'
[    0.119283] x86/fpu: Supporting XSAVE feature 0x004: 'AVX registers'
[    0.120283] x86/fpu: Supporting XSAVE feature 0x020: 'AVX-512 opmask'
[    0.121111] x86/fpu: Supporting XSAVE feature 0x040: 'AVX-512 Hi256'
[    0.121283] x86/fpu: Supporting XSAVE feature 0x080: 'AVX-512 ZMM_Hi256'
[    0.122283] x86/fpu: Supporting XSAVE feature 0x200: 'Protection Keys User registers'
[    0.123284] x86/fpu: xstate_offset[2]:  576, xstate_sizes[2]:  256
[    0.124283] x86/fpu: xstate_offset[5]:  832, xstate_sizes[5]:   64
[    0.125283] x86/fpu: xstate_offset[6]:  896, xstate_sizes[6]:  512
[    0.126283] x86/fpu: xstate_offset[7]: 1408, xstate_sizes[7]: 1024
[    0.127068] x86/fpu: xstate_offset[9]: 2432, xstate_sizes[9]:    8
[    0.127283] x86/fpu: Enabled xstate features 0x2e7, context size is 2440 bytes, using 'compacted' format.
[    0.149265] Freeing SMP alternatives memory: 36K
[    0.149284] pid_max: default: 32768 minimum: 301
[    0.150422] Mount-cache hash table entries: 2048 (order: 2, 16384 bytes, linear)
[    0.151285] Mountpoint-cache hash table entries: 2048 (order: 2, 16384 bytes, linear)
[    0.152907] smpboot: CPU0: AMD Ryzen 9 7950X 16-Core Processor (family: 0x19, model: 0x61, stepping: 0x2)
[    0.153598] RCU Tasks: Setting shift to 5 and lim to 1 rcu_task_cb_adjust=1.
[    0.154308] RCU Tasks Rude: Setting shift to 5 and lim to 1 rcu_task_cb_adjust=1.
[    0.155285] RCU Tasks Trace: Setting shift to 5 and lim to 1 rcu_task_cb_adjust=1.
[    0.156268] Performance Events: Fam17h+ core perfctr, AMD PMU driver.
[    0.157125] ... version:                0
[    0.157285] ... bit width:              48
[    0.157807] ... generic registers:      6
[    0.158285] ... value mask:             0000ffffffffffff
[    0.158962] ... max period:             00007fffffffffff
[    0.159285] ... fixed-purpose events:   0
[    0.159796] ... event mask:             000000000000003f
[    0.160380] signal: max sigframe size: 3376
[    0.160959] rcu: Hierarchical SRCU implementation.
[    0.161286] rcu: Max phase no-delay instances is 400.
[    0.166019] smp: Bringing up secondary CPUs ...
[    0.166465] smpboot: x86: Booting SMP configuration:
[    0.167101] .... node  #0, CPUs:        #1  #2  #3  #4  #5  #6  #7  #8  #9 #10 #11 #12 #13 #14 #15 #16 #17 #18 #19 #20 #21 #22 #23 #24 #25 #26 #27 #28 #29 #30 #31
[    0.189446] smp: Brought up 1 node, 32 CPUs
[    0.190983] smpboot: Max logical packages: 1
[    0.191286] smpboot: Total of 32 processors activated (287458.30 BogoMIPS)
[    0.199443] devtmpfs: initialized
[    0.200333] x86/mm: Memory block size: 128MB
[    0.209459] clocksource: jiffies: mask: 0xffffffff max_cycles: 0xffffffff, max_idle_ns: 1911260446275000 ns
[    0.210291] futex hash table entries: 8192 (order: 7, 524288 bytes, linear)
[    0.211714] PM: RTC time: 09:27:25, date: 2024-03-03
[    0.213169] NET: Registered PF_NETLINK/PF_ROUTE protocol family
[    0.214338] thermal_sys: Registered thermal governor 'step_wise'
[    0.214341] thermal_sys: Registered thermal governor 'user_space'
[    0.215358] cpuidle: using governor menu
[    0.218643] PCI: Using configuration type 1 for base access
[    0.219286] PCI: Using configuration type 1 for extended access
[    0.220417] kprobes: kprobe jump-optimization is enabled. All kprobes are optimized if possible.
[    0.227593] HugeTLB: registered 1.00 GiB page size, pre-allocated 0 pages
[    0.228287] HugeTLB: 16380 KiB vmemmap can be freed for a 1.00 GiB page
[    0.229151] HugeTLB: registered 2.00 MiB page size, pre-allocated 0 pages
[    0.230285] HugeTLB: 28 KiB vmemmap can be freed for a 2.00 MiB page
[    0.231619] ACPI: Added _OSI(Module Device)
[    0.232286] ACPI: Added _OSI(Processor Device)
[    0.232873] ACPI: Added _OSI(3.0 _SCP Extensions)
[    0.233286] ACPI: Added _OSI(Processor Aggregator Device)
[    0.258171] ACPI: 1 ACPI AML tables successfully acquired and loaded
[    0.261471] ACPI: _OSC evaluation for CPUs failed, trying _PDC
[    0.264566] ACPI: Interpreter enabled
[    0.265114] ACPI: PM: (supports S0 S3 S4 S5)
[    0.266286] ACPI: Using IOAPIC for interrupt routing
[    0.266983] PCI: Using host bridge windows from ACPI; if necessary, use "pci=nocrs" and report a bug
[    0.267285] PCI: Using E820 reservations for host bridge windows
[    0.269166] ACPI: Enabled 2 GPEs in block 00 to 0F
[    0.317566] ACPI: PCI Root Bridge [PCI0] (domain 0000 [bus 00-ff])
[    0.318300] acpi PNP0A03:00: _OSC: OS supports [ExtendedConfig ASPM ClockPM Segments MSI HPX-Type3]
[    0.319794] PCI host bridge to bus 0000:00
[    0.320288] pci_bus 0000:00: root bus resource [io  0x0000-0x0cf7 window]
[    0.321161] pci_bus 0000:00: root bus resource [io  0x0d00-0xffff window]
[    0.322288] pci_bus 0000:00: root bus resource [mem 0x000a0000-0x000bffff window]
[    0.323249] pci_bus 0000:00: root bus resource [mem 0x40000000-0xfebfffff window]
[    0.324288] pci_bus 0000:00: root bus resource [mem 0x100000000-0x17fffffff window]
[    0.325270] pci_bus 0000:00: root bus resource [bus 00-ff]
[    0.326433] pci 0000:00:00.0: [8086:1237] type 00 class 0x060000 conventional PCI endpoint
[    0.328153] pci 0000:00:01.0: [8086:7000] type 00 class 0x060100 conventional PCI endpoint
[    0.330187] pci 0000:00:01.1: [8086:7010] type 00 class 0x010180 conventional PCI endpoint
[    0.333286] pci 0000:00:01.1: BAR 4 [io  0xc080-0xc08f]
[    0.334755] pci 0000:00:01.1: BAR 0 [io  0x01f0-0x01f7]: legacy IDE quirk
[    0.335286] pci 0000:00:01.1: BAR 1 [io  0x03f6]: legacy IDE quirk
[    0.336082] pci 0000:00:01.1: BAR 2 [io  0x0170-0x0177]: legacy IDE quirk
[    0.337285] pci 0000:00:01.1: BAR 3 [io  0x0376]: legacy IDE quirk
[    0.338777] pci 0000:00:01.3: [8086:7113] type 00 class 0x068000 conventional PCI endpoint
[    0.340551] pci 0000:00:01.3: quirk: [io  0x0600-0x063f] claimed by PIIX4 ACPI
[    0.341289] pci 0000:00:01.3: quirk: [io  0x0700-0x070f] claimed by PIIX4 SMB
[    0.344033] pci 0000:00:02.0: [1af4:1009] type 00 class 0x000200 conventional PCI endpoint
[    0.346286] pci 0000:00:02.0: BAR 0 [io  0xc000-0xc03f]
[    0.347918] pci 0000:00:02.0: BAR 1 [mem 0xfebfd000-0xfebfdfff]
[    0.352286] pci 0000:00:02.0: BAR 4 [mem 0xfebf4000-0xfebf7fff 64bit pref]
[    0.366891] pci 0000:00:03.0: [1af4:1009] type 00 class 0x000200 conventional PCI endpoint
[    0.369286] pci 0000:00:03.0: BAR 0 [io  0xc040-0xc07f]
[    0.371916] pci 0000:00:03.0: BAR 1 [mem 0xfebfe000-0xfebfefff]
[    0.377286] pci 0000:00:03.0: BAR 4 [mem 0xfebf8000-0xfebfbfff 64bit pref]
[    0.391204] pci 0000:00:04.0: [8086:25ab] type 00 class 0x088000 conventional PCI endpoint
[    0.392668] pci 0000:00:04.0: BAR 0 [mem 0xfebff000-0xfebff00f]
[    0.410316] ACPI: PCI: Interrupt link LNKA configured for IRQ 10
[    0.412052] ACPI: PCI: Interrupt link LNKB configured for IRQ 10
[    0.413214] ACPI: PCI: Interrupt link LNKC configured for IRQ 11
[    0.415435] ACPI: PCI: Interrupt link LNKD configured for IRQ 11
[    0.416603] ACPI: PCI: Interrupt link LNKS configured for IRQ 9
[    0.435783] iommu: Default domain type: Translated
[    0.436286] iommu: DMA domain TLB invalidation policy: lazy mode
[    0.437543] SCSI subsystem initialized
[    0.438404] pps_core: LinuxPPS API ver. 1 registered
[    0.439053] pps_core: Software ver. 5.3.6 - Copyright 2005-2007 Rodolfo Giometti <giometti@linux.it>
[    0.440302] PTP clock support registered
[    0.441436] Advanced Linux Sound Architecture Driver Initialized.
[    0.443347] NET: Registered PF_ATMPVC protocol family
[    0.444011] NET: Registered PF_ATMSVC protocol family
[    0.444309] PCI: Using ACPI for IRQ routing
[    0.445337] vgaarb: loaded
[    0.445412] hpet0: at MMIO 0xfed00000, IRQs 2, 8, 0
[    0.446048] hpet0: 3 comparators, 64-bit 100.000000 MHz counter
[    0.450876] clocksource: Switched to clocksource kvm-clock
[    0.451872] VFS: Disk quotas dquot_6.6.0
[    0.452626] VFS: Dquot-cache hash table entries: 512 (order 0, 4096 bytes)
[    0.453789] pnp: PnP ACPI init
[    0.456676] pnp: PnP ACPI: found 5 devices
[    0.468873] clocksource: acpi_pm: mask: 0xffffff max_cycles: 0xffffff, max_idle_ns: 2085701024 ns
[    0.470124] NET: Registered PF_INET protocol family
[    0.470807] IP idents hash table entries: 16384 (order: 5, 131072 bytes, linear)
[    0.472156] tcp_listen_portaddr_hash hash table entries: 512 (order: 1, 8192 bytes, linear)
[    0.473234] Table-perturb hash table entries: 65536 (order: 6, 262144 bytes, linear)
[    0.474269] TCP established hash table entries: 8192 (order: 4, 65536 bytes, linear)
[    0.475276] TCP bind hash table entries: 8192 (order: 6, 262144 bytes, linear)
[    0.476214] TCP: Hash tables configured (established 8192 bind 8192)
[    0.477194] UDP hash table entries: 512 (order: 2, 16384 bytes, linear)
[    0.478068] UDP-Lite hash table entries: 512 (order: 2, 16384 bytes, linear)
[    0.479209] NET: Registered PF_UNIX/PF_LOCAL protocol family
[    0.479958] pci_bus 0000:00: resource 4 [io  0x0000-0x0cf7 window]
[    0.480759] pci_bus 0000:00: resource 5 [io  0x0d00-0xffff window]
[    0.481553] pci_bus 0000:00: resource 6 [mem 0x000a0000-0x000bffff window]
[    0.482463] pci_bus 0000:00: resource 7 [mem 0x40000000-0xfebfffff window]
[    0.483346] pci_bus 0000:00: resource 8 [mem 0x100000000-0x17fffffff window]
[    0.484465] pci 0000:00:01.0: PIIX3: Enabling Passive Release
[    0.485210] pci 0000:00:00.0: Limiting direct PCI/PCI transfers
[    0.486024] PCI: CLS 0 bytes, default 64
[    0.486589] kvm_intel: VMX not supported by CPU 29
[    0.487258] kvm_amd: TSC scaling supported
[    0.487802] kvm_amd: Nested Virtualization enabled
[    0.488448] kvm_amd: Nested Paging enabled
[    0.488990] kvm_amd: Virtual VMLOAD VMSAVE supported
[    0.489627] kvm_amd: Virtual GIF supported
[    0.490171] kvm_amd: Virtual NMI enabled
[    0.490678] kvm_amd: LBR virtualization supported
[    0.597061] workingset: timestamp_bits=56 max_order=18 bucket_order=0
[    0.598329] squashfs: version 4.0 (2009/01/31) Phillip Lougher
[    0.599334] fuse: init (API version 7.39)
[    0.600184] 9p: Installing v9fs 9p2000 file system support
[    0.601243] Key type asymmetric registered
[    0.601985] Block layer SCSI generic (bsg) driver version 0.4 loaded (major 249)
[    0.603260] io scheduler mq-deadline registered
[    0.604026] io scheduler kyber registered
[    0.606362] input: Power Button as /devices/LNXSYSTM:00/LNXPWRBN:00/input/input0
[    0.607926] ACPI: button: Power Button [PWRF]
[    0.608822] Warning: Processor Platform Limit event detected, but not handled.
[    0.610039] Consider compiling CPUfreq support into your kernel.
[    1.475012] ACPI: \_SB_.LNKB: Enabled at IRQ 10
[    2.428302] ACPI: \_SB_.LNKC: Enabled at IRQ 11
[    2.430387] Serial: 8250/16550 driver, 4 ports, IRQ sharing enabled
[    2.432146] 00:03: ttyS0 at I/O 0x3f8 (irq = 4, base_baud = 115200) is a 16550A
[    2.435511] Non-volatile memory driver v1.3
[    2.436211] Linux agpgart interface v0.103
[    2.437103] ACPI: bus type drm_connector registered
[    2.462119] loop: module loaded
[    2.465038] scsi host0: ata_piix
[    2.466009] scsi host1: ata_piix
[    2.466668] ata1: PATA max MWDMA2 cmd 0x1f0 ctl 0x3f6 bmdma 0xc080 irq 14 lpm-pol 0
[    2.467667] ata2: PATA max MWDMA2 cmd 0x170 ctl 0x376 bmdma 0xc088 irq 15 lpm-pol 0
[    2.470149] i8042: PNP: PS/2 Controller [PNP0303:KBD,PNP0f13:MOU] at 0x60,0x64 irq 1,12
[    2.471880] serio: i8042 KBD port at 0x60,0x64 irq 1
[    2.472551] serio: i8042 AUX port at 0x60,0x64 irq 12
[    2.473842] rtc_cmos 00:04: RTC can wake from S4
[    2.474742] input: AT Translated Set 2 keyboard as /devices/platform/i8042/serio0/input/input1
[    2.476877] rtc_cmos 00:04: registered as rtc0
[    2.477504] rtc_cmos 00:04: setting system clock to 2024-03-03T09:27:27 UTC (1709458047)
[    2.478670] rtc_cmos 00:04: alarms up to one day, y3k, 242 bytes nvram, hpet irqs
[    2.480732] i6300ESB timer 0000:00:04.0: initialized. heartbeat=30 sec (nowayout=0)
[    2.482054] device-mapper: ioctl: 4.48.0-ioctl (2023-03-01) initialised: dm-devel@redhat.com
[    2.484319] input: ImExPS/2 Generic Explorer Mouse as /devices/platform/i8042/serio1/input/input3
[    2.485844] NET: Registered PF_PACKET protocol family
[    2.486536] 9pnet: Installing 9P2000 support
[    2.488485] Key type dns_resolver registered
[    2.494996] IPI shorthand broadcast: enabled
[    2.519969] sched_clock: Marking stable (2515001606, 4015795)->(2530948720, -11931319)
[    2.521773] registered taskstats version 1
[    2.541334] PM:   Magic number: 0:86:474
[    2.542069] printk: legacy console [netcon0] enabled
[    2.542888] netconsole: network logging started
[    2.543863] ALSA device list:
[    2.544364]   No soundcards found.
[    2.621325] ata2: found unknown device (class 0)
[    2.622546] ata2.00: ATAPI: QEMU DVD-ROM, 2.5+, max UDMA/100
[    2.624612] scsi 1:0:0:0: CD-ROM            QEMU     QEMU DVD-ROM     2.5+ PQ: 0 ANSI: 5
[    2.633890] scsi 1:0:0:0: Attached scsi generic sg0 type 5
[    2.634946] md: Skipping autodetection of RAID arrays. (raid=autodetect will force)
[    2.636160] 9pnet_virtio: no channels available for device 
[    2.637906] VFS: Mounted root (9p filesystem) readonly on device 0:19.
[    2.639112] devtmpfs: mounted
[    2.645783] Freeing unused kernel image (initmem) memory: 5740K
[    2.652041] Write protecting the kernel read-only data: 53248k
[    2.653309] Freeing unused kernel image (rodata/data gap) memory: 676K
[    2.691609] x86/mm: Checked W+X mappings: passed, no W+X pages found.
[    2.692363] Run /usr/lib/python3.11/site-packages/virtme/guest/virtme-init as init process
[    2.731043] mount (267) used greatest stack depth: 26752 bytes left
[    2.805345] mount (277) used greatest stack depth: 26672 bytes left
[    2.855498] mount (285) used greatest stack depth: 26104 bytes left
[    2.999513] virtme-init: basic initialization done
[    3.007057] virtme-init: udevd not found
[    3.094944] virtme-init: Setting hostname to virtme-ng...
[    3.117401] ip (359) used greatest stack depth: 24544 bytes left
          _      _                                    
   __   _(_)_ __| |_ _ __ ___   ___       _ __   __ _ 
   \ \ / / |  __| __|  _   _ \ / _ \_____|  _ \ / _  |
    \ V /| | |  | |_| | | | | |  __/_____| | | | (_| |
     \_/ |_|_|   \__|_| |_| |_|\___|     |_| |_|\__  |
                                                |___/ 
   kernel version: 6.8.0-rc6-virtme x86_64

virtme-ng:/nipa-data/kernel# PS1='xx__-> '
xx__-> env
PWD=/nipa-data/kernel
HOME=/
TERM=xterm
SHLVL=2
XDG_RUNTIME_DIR=/run/user/0
PATH=/bin:/sbin:/usr/bin:/usr/sbin:/usr/local/bin
OLDPWD=/
_=/usr/bin/env
xx__-> 