No EFI environment detected.
early console in extract_kernel
input_data: 0x0000000002be62c4
input_len: 0x0000000000b6e4d1
output: 0x0000000001000000
output_len: 0x000000000270cd08
kernel_total_size: 0x0000000002430000
needed_size: 0x0000000002800000
trampoline_32bit: 0x0000000000000000
Physical KASLR using RDRAND RDTSC...
Virtual KASLR using RDRAND RDTSC...

Decompressing Linux... Parsing ELF... Performing relocations... done.
Booting the kernel (entry_offset: 0x0000000000000000).
[    0.000000] Linux version 6.12.0-rc2-virtme (root@fe9059b25b50) (gcc (Ubuntu 13.2.0-23ubuntu4) 13.2.0, GNU ld (GNU Binutils for Ubuntu) 2.42) #1 SMP PREEMPT_DYNAMIC Thu Oct 17 18:05:43 UTC 2024
[    0.000000] Command line: virtme_hostname=virtme-ng nr_open=1048576 virtme_link_mods=/nipa-data/kernel/.virtme_mods/lib/modules/0.0.0 virtme_initmount0=nipa-data/kernel virtme_rw_overlay0=/etc virtme_rw_overlay1=/lib virtme_rw_overlay2=/home virtme_rw_overlay3=/opt virtme_rw_overlay4=/srv virtme_rw_overlay5=/usr virtme_rw_overlay6=/var console=hvc0 earlyprintk=serial,ttyS0,115200 virtme_console=ttyS0 psmouse.proto=exps TERM=xterm virtme_chdir=nipa-data/kernel virtme_root_user=1 rootfstype=9p rootflags=version=9p2000.L,trans=virtio,access=any raid=noautodetect ro init=/usr/lib/python3/dist-packages/virtme/guest/virtme-init
[    0.000000] BIOS-provided physical RAM map:
[    0.000000] BIOS-e820: [mem 0x0000000000000000-0x000000000009fbff] usable
[    0.000000] BIOS-e820: [mem 0x000000000009fc00-0x000000000009ffff] reserved
[    0.000000] BIOS-e820: [mem 0x00000000000f0000-0x00000000000fffff] reserved
[    0.000000] BIOS-e820: [mem 0x0000000000100000-0x000000003ffdffff] usable
[    0.000000] BIOS-e820: [mem 0x000000003ffe0000-0x000000003fffffff] reserved
[    0.000000] BIOS-e820: [mem 0x00000000feffc000-0x00000000feffffff] reserved
[    0.000000] BIOS-e820: [mem 0x00000000fffc0000-0x00000000ffffffff] reserved
[    0.000000] BIOS-e820: [mem 0x000000fd00000000-0x000000ffffffffff] reserved
[    0.000000] printk: legacy bootconsole [earlyser0] enabled
[    0.000000] NX (Execute Disable) protection: active
[    0.000000] APIC: Static calls initialized
[    0.000000] SMBIOS 3.0.0 present.
[    0.000000] DMI: QEMU Ubuntu 24.04 PC (i440FX + PIIX, 1996), BIOS 1.16.3-debian-1.16.3-2 04/01/2014
[    0.000000] DMI: Memory slots populated: 1/1
[    0.000000] Hypervisor detected: KVM
[    0.000000] kvm-clock: Using msrs 4b564d01 and 4b564d00
[    0.000000] kvm-clock: using sched offset of 217765039 cycles
[    0.000340] clocksource: kvm-clock: mask: 0xffffffffffffffff max_cycles: 0x1cd42e4dffb, max_idle_ns: 881590591483 ns
[    0.001396] tsc: Detected 4491.560 MHz processor
[    0.001947] last_pfn = 0x3ffe0 max_arch_pfn = 0x400000000
[    0.002322] MTRR map: 4 entries (3 fixed + 1 variable; max 19), built from 8 variable MTRRs
[    0.002866] x86/PAT: Configuration [0-7]: WB  WC  UC- UC  WB  WP  UC- WT  
Memory KASLR using RDRAND RDTSC...
[    0.004741] found SMP MP-table at [mem 0x000f5470-0x000f547f]
[    0.005117] Using GB pages for direct mapping
[    0.005435] ACPI: Early table checksum verification disabled
[    0.005803] ACPI: RSDP 0x00000000000F5290 000014 (v00 BOCHS )
[    0.006177] ACPI: RSDT 0x000000003FFE27BC 000034 (v01 BOCHS  BXPC     00000001 BXPC 00000001)
[    0.006736] ACPI: FACP 0x000000003FFE2578 000074 (v01 BOCHS  BXPC     00000001 BXPC 00000001)
[    0.007291] ACPI: DSDT 0x000000003FFE0040 002538 (v01 BOCHS  BXPC     00000001 BXPC 00000001)
[    0.007845] ACPI: FACS 0x000000003FFE0000 000040
[    0.008146] ACPI: APIC 0x000000003FFE25EC 000170 (v03 BOCHS  BXPC     00000001 BXPC 00000001)
[    0.008700] ACPI: HPET 0x000000003FFE275C 000038 (v01 BOCHS  BXPC     00000001 BXPC 00000001)
[    0.009257] ACPI: WAET 0x000000003FFE2794 000028 (v01 BOCHS  BXPC     00000001 BXPC 00000001)
[    0.009813] ACPI: Reserving FACP table memory at [mem 0x3ffe2578-0x3ffe25eb]
[    0.010273] ACPI: Reserving DSDT table memory at [mem 0x3ffe0040-0x3ffe2577]
[    0.010731] ACPI: Reserving FACS table memory at [mem 0x3ffe0000-0x3ffe003f]
[    0.011188] ACPI: Reserving APIC table memory at [mem 0x3ffe25ec-0x3ffe275b]
[    0.011646] ACPI: Reserving HPET table memory at [mem 0x3ffe275c-0x3ffe2793]
[    0.012103] ACPI: Reserving WAET table memory at [mem 0x3ffe2794-0x3ffe27bb]
[    0.012686] No NUMA configuration found
[    0.012935] Faking a node at [mem 0x0000000000000000-0x000000003ffdffff]
[    0.013371] NODE_DATA(0) allocated [mem 0x3ffdb780-0x3ffdffff]
[    0.013758] Zone ranges:
[    0.013922]   DMA      [mem 0x0000000000001000-0x0000000000ffffff]
[    0.014326]   DMA32    [mem 0x0000000001000000-0x000000003ffdffff]
[    0.014728]   Normal   empty
[    0.014915]   Device   empty
[    0.015102] Movable zone start for each node
[    0.015379] Early memory node ranges
[    0.015610]   node   0: [mem 0x0000000000001000-0x000000000009efff]
[    0.016018]   node   0: [mem 0x0000000000100000-0x000000003ffdffff]
[    0.016427] Initmem setup node 0 [mem 0x0000000000001000-0x000000003ffdffff]
[    0.016885] On node 0, zone DMA: 1 pages in unavailable ranges
[    0.017270] On node 0, zone DMA: 97 pages in unavailable ranges
[    0.018599] On node 0, zone DMA32: 32 pages in unavailable ranges
[    0.019176] ACPI: PM-Timer IO Port: 0x608
[    0.019440] ACPI: LAPIC_NMI (acpi_id[0xff] dfl dfl lint[0x1])
[    0.019828] IOAPIC[0]: apic_id 0, version 17, address 0xfec00000, GSI 0-23
[    0.020276] ACPI: INT_SRC_OVR (bus 0 bus_irq 0 global_irq 2 dfl dfl)
[    0.020689] ACPI: INT_SRC_OVR (bus 0 bus_irq 5 global_irq 5 high level)
[    0.021119] ACPI: INT_SRC_OVR (bus 0 bus_irq 9 global_irq 9 high level)
[    0.021551] ACPI: INT_SRC_OVR (bus 0 bus_irq 10 global_irq 10 high level)
[    0.021990] ACPI: INT_SRC_OVR (bus 0 bus_irq 11 global_irq 11 high level)
[    0.022435] ACPI: Using ACPI (MADT) for SMP configuration information
[    0.022852] ACPI: HPET id: 0x8086a201 base: 0xfed00000
[    0.023185] TSC deadline timer available
[    0.023441] CPU topo: Max. logical packages:   1
[    0.023740] CPU topo: Max. logical dies:       1
[    0.024038] CPU topo: Max. dies per package:   1
[    0.024339] CPU topo: Max. threads per core:   1
[    0.024638] CPU topo: Num. cores per package:    32
[    0.024953] CPU topo: Num. threads per package:  32
[    0.025268] CPU topo: Allowing 32 present CPUs plus 0 hotplug CPUs
[    0.025674] kvm-guest: APIC: eoi() replaced with kvm_guest_apic_eoi_write()
[    0.026131] kvm-guest: KVM setup pv remote TLB flush
[    0.026456] kvm-guest: setup PV sched yield
[    0.026729] PM: hibernation: Registered nosave memory: [mem 0x00000000-0x00000fff]
[    0.027219] PM: hibernation: Registered nosave memory: [mem 0x0009f000-0x0009ffff]
[    0.027709] PM: hibernation: Registered nosave memory: [mem 0x000a0000-0x000effff]
[    0.028198] PM: hibernation: Registered nosave memory: [mem 0x000f0000-0x000fffff]
[    0.028687] [mem 0x40000000-0xfeffbfff] available for PCI devices
[    0.029082] Booting paravirtualized kernel on KVM
[    0.029386] clocksource: refined-jiffies: mask: 0xffffffff max_cycles: 0xffffffff, max_idle_ns: 1910969940391419 ns
[    0.032737] setup_percpu: NR_CPUS:64 nr_cpumask_bits:32 nr_cpu_ids:32 nr_node_ids:1
[    0.033833] percpu: Embedded 58 pages/cpu s199128 r8192 d30248 u262144
[    0.034291] Kernel command line: virtme_hostname=virtme-ng nr_open=1048576 virtme_link_mods=/nipa-data/kernel/.virtme_mods/lib/modules/0.0.0 virtme_initmount0=nipa-data/kernel virtme_rw_overlay0=/etc virtme_rw_overlay1=/lib virtme_rw_overlay2=/home virtme_rw_overlay3=/opt virtme_rw_overlay4=/srv virtme_rw_overlay5=/usr virtme_rw_overlay6=/var console=hvc0 earlyprintk=serial,ttyS0,115200 virtme_console=ttyS0 psmouse.proto=exps TERM=xterm virtme_chdir=nipa-data/kernel virtme_root_user=1 rootfstype=9p rootflags=version=9p2000.L,trans=virtio,access=any raid=noautodetect ro init=/usr/lib/python3/dist-packages/virtme/guest/virtme-init
[    0.038078] Unknown kernel command line parameters "virtme_hostname=virtme-ng nr_open=1048576 virtme_link_mods=/nipa-data/kernel/.virtme_mods/lib/modules/0.0.0 virtme_initmount0=nipa-data/kernel virtme_rw_overlay0=/etc virtme_rw_overlay1=/lib virtme_rw_overlay2=/home virtme_rw_overlay3=/opt virtme_rw_overlay4=/srv virtme_rw_overlay5=/usr virtme_rw_overlay6=/var virtme_console=ttyS0 virtme_chdir=nipa-data/kernel virtme_root_user=1", will be passed to user space.
[    0.040999] random: crng init done
[    0.041253] Dentry cache hash table entries: 131072 (order: 8, 1048576 bytes, linear)
[    0.041796] Inode-cache hash table entries: 65536 (order: 7, 524288 bytes, linear)
[    0.042388] Fallback order for Node 0: 0 
[    0.042390] Built 1 zonelists, mobility grouping on.  Total pages: 262014
[    0.043111] Policy zone: DMA32
[    0.043319] mem auto-init: stack:all(zero), heap alloc:off, heap free:off
[    0.044345] SLUB: HWalign=64, Order=0-3, MinObjects=0, CPUs=32, Nodes=1
Poking KASLR using RDRAND RDTSC...
[    0.045007] ftrace: allocating 48469 entries in 190 pages
[    0.051690] ftrace: allocated 190 pages with 6 groups
[    0.052584] Dynamic Preempt: voluntary
[    0.052954] rcu: Preemptible hierarchical RCU implementation.
[    0.053338] rcu: RCU event tracing is enabled.
[    0.053637] rcu: RCU restricting CPUs from NR_CPUS=64 to nr_cpu_ids=32.
[    0.054080] Trampoline variant of Tasks RCU enabled.
[    0.054416] Rude variant of Tasks RCU enabled.
[    0.054715] Tracing variant of Tasks RCU enabled.
[    0.055031] rcu: RCU calculated value of scheduler-enlistment delay is 100 jiffies.
[    0.055536] rcu: Adjusting geometry for rcu_fanout_leaf=16, nr_cpu_ids=32
[    0.055989] RCU Tasks: Setting shift to 5 and lim to 1 rcu_task_cb_adjust=1 rcu_task_cpu_ids=32.
[    0.056571] RCU Tasks Rude: Setting shift to 5 and lim to 1 rcu_task_cb_adjust=1 rcu_task_cpu_ids=32.
[    0.057180] RCU Tasks Trace: Setting shift to 5 and lim to 1 rcu_task_cb_adjust=1 rcu_task_cpu_ids=32.
[    0.059141] NR_IRQS: 4352, nr_irqs: 680, preallocated irqs: 16
[    0.059695] rcu: srcu_init: Setting srcu_struct sizes based on contention.
[    0.060279] Console: colour *CGA 80x25
[    0.060533] ACPI: Core revision 20240827
[    0.060852] clocksource: hpet: mask: 0xffffffff max_cycles: 0xffffffff, max_idle_ns: 19112604467 ns
[    0.061503] APIC: Switch to symmetric I/O mode setup
[    0.061852] kvm-guest: APIC: send_IPI_mask() replaced with kvm_send_ipi_mask()
[    0.062332] kvm-guest: APIC: send_IPI_mask_allbutself() replaced with kvm_send_ipi_mask_allbutself()
[    0.062919] kvm-guest: setup PV IPIs
[    0.063870] ..TIMER: vector=0x30 apic1=0 pin1=2 apic2=-1 pin2=-1
[    0.064605] clocksource: tsc-early: mask: 0xffffffffffffffff max_cycles: 0x40be4320a4d, max_idle_ns: 440795288133 ns
[    0.065867] Calibrating delay loop (skipped) preset value.. 8983.12 BogoMIPS (lpj=4491560)
[    0.066923] x86/cpu: User Mode Instruction Prevention (UMIP) activated
[    0.067912] Last level iTLB entries: 4KB 512, 2MB 255, 4MB 127
[    0.068602] Last level dTLB entries: 4KB 512, 2MB 255, 4MB 127, 1GB 0
[    0.068869] Spectre V1 : Mitigation: usercopy/swapgs barriers and __user pointer sanitization
[    0.069869] Spectre V2 : Mitigation: Enhanced / Automatic IBRS
[    0.070866] Spectre V2 : Spectre v2 / SpectreRSB mitigation: Filling RSB on context switch
[    0.071867] Spectre V2 : mitigation: Enabling conditional Indirect Branch Prediction Barrier
[    0.072867] Speculative Store Bypass: Mitigation: Speculative Store Bypass disabled via prctl
[    0.073866] Speculative Return Stack Overflow: IBPB-extending microcode not applied!
[    0.074866] Speculative Return Stack Overflow: WARNING: See https://kernel.org/doc/html/latest/admin-guide/hw-vuln/srso.html for mitigation options.
[    0.074867] Speculative Return Stack Overflow: Vulnerable: Safe RET, no microcode
[    0.076763] x86/fpu: Supporting XSAVE feature 0x001: 'x87 floating point registers'
[    0.076866] x86/fpu: Supporting XSAVE feature 0x002: 'SSE registers'
[    0.077866] x86/fpu: Supporting XSAVE feature 0x004: 'AVX registers'
[    0.078866] x86/fpu: Supporting XSAVE feature 0x020: 'AVX-512 opmask'
[    0.079866] x86/fpu: Supporting XSAVE feature 0x040: 'AVX-512 Hi256'
[    0.080605] x86/fpu: Supporting XSAVE feature 0x080: 'AVX-512 ZMM_Hi256'
[    0.080866] x86/fpu: Supporting XSAVE feature 0x200: 'Protection Keys User registers'
[    0.081866] x86/fpu: xstate_offset[2]:  576, xstate_sizes[2]:  256
[    0.082866] x86/fpu: xstate_offset[5]:  832, xstate_sizes[5]:   64
[    0.083866] x86/fpu: xstate_offset[6]:  896, xstate_sizes[6]:  512
[    0.084589] x86/fpu: xstate_offset[7]: 1408, xstate_sizes[7]: 1024
[    0.084866] x86/fpu: xstate_offset[9]: 2432, xstate_sizes[9]:    8
[    0.085866] x86/fpu: Enabled xstate features 0x2e7, context size is 2440 bytes, using 'compacted' format.
[    0.100781] Freeing SMP alternatives memory: 40K
[    0.100867] pid_max: default: 32768 minimum: 301
[    0.101887] Mount-cache hash table entries: 2048 (order: 2, 16384 bytes, linear)
[    0.102763] Mountpoint-cache hash table entries: 2048 (order: 2, 16384 bytes, linear)
[    0.103904] smpboot: CPU0: AMD Ryzen 9 7950X 16-Core Processor (family: 0x19, model: 0x61, stepping: 0x2)
[    0.104971] Performance Events: Fam17h+ core perfctr, AMD PMU driver.
[    0.105748] ... version:                0
[    0.105868] ... bit width:              48
[    0.106346] ... generic registers:      6
[    0.106813] ... value mask:             0000ffffffffffff
[    0.106868] ... max period:             00007fffffffffff
[    0.107487] ... fixed-purpose events:   0
[    0.107867] ... event mask:             000000000000003f
[    0.108559] signal: max sigframe size: 3376
[    0.108882] rcu: Hierarchical SRCU implementation.
[    0.109441] rcu: Max phase no-delay instances is 400.
[    0.109888] Timer migration: 2 hierarchy levels; 8 children per group; 2 crossnode level
[    0.112880] smp: Bringing up secondary CPUs ...
[    0.113459] smpboot: x86: Booting SMP configuration:
[    0.113869] .... node  #0, CPUs:        #1  #2  #3  #4  #5  #6  #7  #8  #9 #10 #11 #12 #13 #14 #15 #16 #17 #18 #19 #20 #21 #22 #23 #24 #25 #26 #27 #28 #29 #30 #31
[    0.128963] smp: Brought up 1 node, 32 CPUs
[    0.130368] smpboot: Total of 32 processors activated (287459.84 BogoMIPS)
[    0.132974] Memory: 969612K/1048056K available (16384K kernel code, 2449K rwdata, 6280K rodata, 3132K init, 1856K bss, 63192K reserved, 0K cma-reserved)
[    0.133921] devtmpfs: initialized
[    0.134302] x86/mm: Memory block size: 128MB
[    0.135920] clocksource: jiffies: mask: 0xffffffff max_cycles: 0xffffffff, max_idle_ns: 1911260446275000 ns
[    0.136870] futex hash table entries: 8192 (order: 7, 524288 bytes, linear)
[    0.137801] PM: RTC time: 18:06:02, date: 2024-10-17
[    0.139238] NET: Registered PF_NETLINK/PF_ROUTE protocol family
[    0.139987] thermal_sys: Registered thermal governor 'step_wise'
[    0.139988] thermal_sys: Registered thermal governor 'user_space'
[    0.140871] cpuidle: using governor menu
[    0.143051] PCI: Using configuration type 1 for base access
[    0.143868] PCI: Using configuration type 1 for extended access
[    0.144890] kprobes: kprobe jump-optimization is enabled. All kprobes are optimized if possible.
[    0.152022] HugeTLB: registered 1.00 GiB page size, pre-allocated 0 pages
[    0.152868] HugeTLB: 16380 KiB vmemmap can be freed for a 1.00 GiB page
[    0.153669] HugeTLB: registered 2.00 MiB page size, pre-allocated 0 pages
[    0.153868] HugeTLB: 28 KiB vmemmap can be freed for a 2.00 MiB page
[    0.154915] ACPI: Added _OSI(Module Device)
[    0.155868] ACPI: Added _OSI(Processor Device)
[    0.156406] ACPI: Added _OSI(3.0 _SCP Extensions)
[    0.156868] ACPI: Added _OSI(Processor Aggregator Device)
[    0.158185] ACPI: 1 ACPI AML tables successfully acquired and loaded
[    0.160955] ACPI: Interpreter enabled
[    0.161410] ACPI: PM: (supports S0 S3 S4 S5)
[    0.161868] ACPI: Using IOAPIC for interrupt routing
[    0.162483] PCI: Using host bridge windows from ACPI; if necessary, use "pci=nocrs" and report a bug
[    0.163868] PCI: Using E820 reservations for host bridge windows
[    0.164674] ACPI: Enabled 2 GPEs in block 00 to 0F
[    0.167477] ACPI: PCI Root Bridge [PCI0] (domain 0000 [bus 00-ff])
[    0.167870] acpi PNP0A03:00: _OSC: OS supports [ExtendedConfig ASPM ClockPM Segments MSI HPX-Type3]
[    0.169951] PCI host bridge to bus 0000:00
[    0.170452] pci_bus 0000:00: root bus resource [io  0x0000-0x0cf7 window]
[    0.170868] pci_bus 0000:00: root bus resource [io  0x0d00-0xffff window]
[    0.171694] pci_bus 0000:00: root bus resource [mem 0x000a0000-0x000bffff window]
[    0.172868] pci_bus 0000:00: root bus resource [mem 0x40000000-0xfebfffff window]
[    0.173778] pci_bus 0000:00: root bus resource [mem 0x100000000-0x17fffffff window]
[    0.174868] pci_bus 0000:00: root bus resource [bus 00-ff]
[    0.175612] pci 0000:00:00.0: [8086:1237] type 00 class 0x060000 conventional PCI endpoint
[    0.176105] pci 0000:00:01.0: [8086:7000] type 00 class 0x060100 conventional PCI endpoint
[    0.178165] pci 0000:00:01.1: [8086:7010] type 00 class 0x010180 conventional PCI endpoint
[    0.180520] pci 0000:00:01.1: BAR 4 [io  0xc0c0-0xc0cf]
[    0.181539] pci 0000:00:01.1: BAR 0 [io  0x01f0-0x01f7]: legacy IDE quirk
[    0.182868] pci 0000:00:01.1: BAR 1 [io  0x03f6]: legacy IDE quirk
[    0.183616] pci 0000:00:01.1: BAR 2 [io  0x0170-0x0177]: legacy IDE quirk
[    0.183868] pci 0000:00:01.1: BAR 3 [io  0x0376]: legacy IDE quirk
[    0.184705] pci 0000:00:01.3: [8086:7113] type 00 class 0x068000 conventional PCI endpoint
[    0.186094] pci 0000:00:01.3: quirk: [io  0x0600-0x063f] claimed by PIIX4 ACPI
[    0.186872] pci 0000:00:01.3: quirk: [io  0x0700-0x070f] claimed by PIIX4 SMB
[    0.187888] pci 0000:00:02.0: [1af4:1009] type 00 class 0x000200 conventional PCI endpoint
[    0.189704] pci 0000:00:02.0: BAR 0 [io  0xc000-0xc03f]
[    0.191172] pci 0000:00:02.0: BAR 1 [mem 0xfebfc000-0xfebfcfff]
[    0.193757] pci 0000:00:02.0: BAR 4 [mem 0xfebf0000-0xfebf3fff 64bit pref]
[    0.196308] pci 0000:00:03.0: [1af4:1009] type 00 class 0x000200 conventional PCI endpoint
[    0.197800] pci 0000:00:03.0: BAR 0 [io  0xc040-0xc07f]
[    0.199741] pci 0000:00:03.0: BAR 1 [mem 0xfebfd000-0xfebfdfff]
[    0.201704] pci 0000:00:03.0: BAR 4 [mem 0xfebf4000-0xfebf7fff 64bit pref]
[    0.202687] pci 0000:00:04.0: [8086:25ab] type 00 class 0x088000 conventional PCI endpoint
[    0.204013] pci 0000:00:04.0: BAR 0 [mem 0xfebfe000-0xfebfe00f]
[    0.205832] pci 0000:00:05.0: [1af4:1003] type 00 class 0x078000 conventional PCI endpoint
[    0.207266] pci 0000:00:05.0: BAR 0 [io  0xc080-0xc0bf]
[    0.208458] pci 0000:00:05.0: BAR 1 [mem 0xfebff000-0xfebfffff]
[    0.211619] pci 0000:00:05.0: BAR 4 [mem 0xfebf8000-0xfebfbfff 64bit pref]
[    0.212878] ACPI: PCI: Interrupt link LNKA configured for IRQ 10
[    0.213722] ACPI: PCI: Interrupt link LNKB configured for IRQ 10
[    0.214963] ACPI: PCI: Interrupt link LNKC configured for IRQ 11
[    0.215789] ACPI: PCI: Interrupt link LNKD configured for IRQ 11
[    0.216935] ACPI: PCI: Interrupt link LNKS configured for IRQ 9
[    0.218479] iommu: Default domain type: Translated
[    0.218868] iommu: DMA domain TLB invalidation policy: lazy mode
[    0.219645] SCSI subsystem initialized
[    0.219897] pps_core: LinuxPPS API ver. 1 registered
[    0.220503] pps_core: Software ver. 5.3.6 - Copyright 2005-2007 Rodolfo Giometti <giometti@linux.it>
[    0.221870] PTP clock support registered
[    0.222888] Advanced Linux Sound Architecture Driver Initialized.
[    0.223117] NET: Registered PF_ATMPVC protocol family
[    0.223738] NET: Registered PF_ATMSVC protocol family
[    0.224873] PCI: Using ACPI for IRQ routing
[    0.225463] vgaarb: loaded
[    0.225902] hpet0: at MMIO 0xfed00000, IRQs 2, 8, 0
[    0.225905] hpet0: 3 comparators, 64-bit 100.000000 MHz counter
[    0.231036] clocksource: Switched to clocksource kvm-clock
[    0.231777] VFS: Disk quotas dquot_6.6.0
[    0.232267] VFS: Dquot-cache hash table entries: 512 (order 0, 4096 bytes)
[    0.233642] pnp: PnP ACPI init
[    0.234201] pnp: PnP ACPI: found 5 devices
[    0.239898] clocksource: acpi_pm: mask: 0xffffff max_cycles: 0xffffff, max_idle_ns: 2085701024 ns
[    0.240990] NET: Registered PF_INET protocol family
[    0.241599] IP idents hash table entries: 16384 (order: 5, 131072 bytes, linear)
[    0.242646] tcp_listen_portaddr_hash hash table entries: 512 (order: 1, 8192 bytes, linear)
[    0.243676] Table-perturb hash table entries: 65536 (order: 6, 262144 bytes, linear)
[    0.244624] TCP established hash table entries: 8192 (order: 4, 65536 bytes, linear)
[    0.245575] TCP bind hash table entries: 8192 (order: 6, 262144 bytes, linear)
[    0.246453] TCP: Hash tables configured (established 8192 bind 8192)
[    0.247225] UDP hash table entries: 512 (order: 2, 16384 bytes, linear)
[    0.248020] UDP-Lite hash table entries: 512 (order: 2, 16384 bytes, linear)
[    0.248885] NET: Registered PF_UNIX/PF_LOCAL protocol family
[    0.249564] pci_bus 0000:00: resource 4 [io  0x0000-0x0cf7 window]
[    0.250302] pci_bus 0000:00: resource 5 [io  0x0d00-0xffff window]
[    0.251041] pci_bus 0000:00: resource 6 [mem 0x000a0000-0x000bffff window]
[    0.251862] pci_bus 0000:00: resource 7 [mem 0x40000000-0xfebfffff window]
[    0.252679] pci_bus 0000:00: resource 8 [mem 0x100000000-0x17fffffff window]
[    0.253551] pci 0000:00:01.0: PIIX3: Enabling Passive Release
[    0.254241] pci 0000:00:00.0: Limiting direct PCI/PCI transfers
[    0.254982] PCI: CLS 0 bytes, default 64
[    0.255509] kvm_intel: VMX not supported by CPU 31
[    0.256101] kvm_amd: TSC scaling supported
[    0.256593] kvm_amd: Nested Virtualization enabled
[    0.257166] kvm_amd: Nested Paging enabled
[    0.257656] kvm_amd: LBR virtualization supported
[    0.258224] kvm_amd: Virtual VMLOAD VMSAVE supported
[    0.258817] kvm_amd: Virtual GIF supported
[    0.259302] kvm_amd: Virtual NMI enabled
[    0.287119] clocksource: tsc: mask: 0xffffffffffffffff max_cycles: 0x40be4320a4d, max_idle_ns: 440795288133 ns
[    0.294302] Initialise system trusted keyrings
[    0.295009] workingset: timestamp_bits=56 max_order=18 bucket_order=0
[    0.295819] squashfs: version 4.0 (2009/01/31) Phillip Lougher
[    0.296529] fuse: init (API version 7.41)
[    0.297046] 9p: Installing v9fs 9p2000 file system support
[    0.303837] Key type asymmetric registered
[    0.304339] Asymmetric key parser 'x509' registered
[    0.304945] Block layer SCSI generic (bsg) driver version 0.4 loaded (major 249)
[    0.305867] io scheduler mq-deadline registered
[    0.306424] io scheduler kyber registered
[    0.308507] input: Power Button as /devices/LNXSYSTM:00/LNXPWRBN:00/input/input0
[    0.309479] ACPI: button: Power Button [PWRF]
[    0.310423] Warning: Processor Platform Limit event detected, but not handled.
[    0.311339] Consider compiling CPUfreq support into your kernel.
[    0.328678] ACPI: \_SB_.LNKB: Enabled at IRQ 10
[    0.343967] ACPI: \_SB_.LNKC: Enabled at IRQ 11
[    0.359317] ACPI: \_SB_.LNKA: Enabled at IRQ 10
[    0.360318] Serial: 8250/16550 driver, 4 ports, IRQ sharing enabled
[    0.361186] 00:03: ttyS0 at I/O 0x3f8 (irq = 4, base_baud = 115200) is a 16550A
[    0.379196] Non-volatile memory driver v1.3
[    0.379726] Linux agpgart interface v0.103
[    0.380311] printk: legacy console [hvc0] enabled
[    0.380909] printk: legacy bootconsole [earlyser0] disabled
          _      _                                    
   __   _(_)_ __| |_ _ __ ___   ___       _ __   __ _ 
   \ \ / / |  __| __|  _   _ \ / _ \_____|  _ \ / _  |
    \ V /| | |  | |_| | | | | |  __/_____| | | | (_| |
     \_/ |_|_|   \__|_| |_| |_|\___|     |_| |_|\__  |
                                                |___/ 
   kernel version: 6.12.0-rc2-virtme x86_64
   (CTRL+d to exit)

root@virtme-ng:/nipa-data/kernel# PS1='xx__-> '
xx__-> env
PWD=/nipa-data/kernel
nr_open=1048576
HOME=/
TERM=xterm
SHLVL=2
XDG_RUNTIME_DIR=/run/user/0
PATH=/bin:/sbin:/usr/bin:/usr/sbin:/usr/local/bin
OLDPWD=/
_=/bin/env
xx__-> 