No EFI environment detected.
early console in extract_kernel
input_data: 0x0000000004cba2c4
input_len: 0x00000000018cac45
output: 0x0000000001000000
output_len: 0x000000000550ee90
kernel_total_size: 0x0000000005030000
needed_size: 0x0000000005600000
trampoline_32bit: 0x000000000009d000
Physical KASLR using RDRAND RDTSC...
Virtual KASLR using RDRAND RDTSC...

Decompressing Linux... Parsing ELF... Performing relocations... done.
Booting the kernel (entry_offset: 0x0000000000000000).
[    0.000000] Linux version 6.12.0-rc1-virtme (root@bf0e4e19387d) (gcc (Ubuntu 13.2.0-23ubuntu4) 13.2.0, GNU ld (GNU Binutils for Ubuntu) 2.42) #1 SMP PREEMPT_DYNAMIC Fri Oct  4 18:28:37 UTC 2024
[    0.000000] Command line: virtme_hostname=virtme-ng nr_open=1048576 virtme_link_mods=/nipa-data/kernel/.virtme_mods/lib/modules/0.0.0 virtme_initmount0=nipa-data/kernel virtme_rw_overlay0=/etc virtme_rw_overlay1=/lib virtme_rw_overlay2=/home virtme_rw_overlay3=/opt virtme_rw_overlay4=/srv virtme_rw_overlay5=/usr virtme_rw_overlay6=/var console=hvc0 earlyprintk=serial,ttyS0,115200 virtme_console=ttyS0 psmouse.proto=exps TERM=xterm virtme_chdir=nipa-data/kernel virtme_root_user=1 rootfstype=9p rootflags=version=9p2000.L,trans=virtio,access=any raid=noautodetect ro init=/usr/lib/python3/dist-packages/virtme/guest/virtme-init
[    0.000000] x86/split lock detection: #DB: warning on user-space bus_locks
[    0.000000] BIOS-provided physical RAM map:
[    0.000000] BIOS-e820: [mem 0x0000000000000000-0x000000000009fbff] usable
[    0.000000] BIOS-e820: [mem 0x000000000009fc00-0x000000000009ffff] reserved
[    0.000000] BIOS-e820: [mem 0x00000000000f0000-0x00000000000fffff] reserved
[    0.000000] BIOS-e820: [mem 0x0000000000100000-0x000000003ffdffff] usable
[    0.000000] BIOS-e820: [mem 0x000000003ffe0000-0x000000003fffffff] reserved
[    0.000000] BIOS-e820: [mem 0x00000000feffc000-0x00000000feffffff] reserved
[    0.000000] BIOS-e820: [mem 0x00000000fffc0000-0x00000000ffffffff] reserved
[    0.000000] printk: legacy bootconsole [earlyser0] enabled
[    0.000000] NX (Execute Disable) protection: active
[    0.000000] APIC: Static calls initialized
[    0.000000] SMBIOS 3.0.0 present.
[    0.000000] DMI: QEMU Ubuntu 24.04 PC (i440FX + PIIX, 1996), BIOS 1.16.3-debian-1.16.3-2 04/01/2014
[    0.000000] DMI: Memory slots populated: 1/1
[    0.000000] Hypervisor detected: KVM
[    0.000000] kvm-clock: Using msrs 4b564d01 and 4b564d00
[    0.000001] kvm-clock: using sched offset of 1350302386 cycles
[    0.000755] clocksource: kvm-clock: mask: 0xffffffffffffffff max_cycles: 0x1cd42e4dffb, max_idle_ns: 881590591483 ns
[    0.003109] tsc: Detected 2000.000 MHz processor
[    0.004499] last_pfn = 0x3ffe0 max_arch_pfn = 0x10000000000
[    0.005362] MTRR map: 4 entries (3 fixed + 1 variable; max 19), built from 8 variable MTRRs
[    0.006570] x86/PAT: Configuration [0-7]: WB  WC  UC- UC  WB  WP  UC- WT  
[    0.014474] found SMP MP-table at [mem 0x000f5470-0x000f547f]
[    0.015318] Using GB pages for direct mapping
[    0.016237] ACPI: Early table checksum verification disabled
[    0.017053] ACPI: RSDP 0x00000000000F5290 000014 (v00 BOCHS )
[    0.017887] ACPI: RSDT 0x000000003FFE308E 000034 (v01 BOCHS  BXPC     00000001 BXPC 00000001)
[    0.019138] ACPI: FACP 0x000000003FFE2D8A 000074 (v01 BOCHS  BXPC     00000001 BXPC 00000001)
[    0.020374] ACPI: DSDT 0x000000003FFE0040 002D4A (v01 BOCHS  BXPC     00000001 BXPC 00000001)
[    0.021606] ACPI: FACS 0x000000003FFE0000 000040
[    0.022275] ACPI: APIC 0x000000003FFE2DFE 000230 (v03 BOCHS  BXPC     00000001 BXPC 00000001)
[    0.023512] ACPI: HPET 0x000000003FFE302E 000038 (v01 BOCHS  BXPC     00000001 BXPC 00000001)
[    0.024747] ACPI: WAET 0x000000003FFE3066 000028 (v01 BOCHS  BXPC     00000001 BXPC 00000001)
[    0.025978] ACPI: Reserving FACP table memory at [mem 0x3ffe2d8a-0x3ffe2dfd]
[    0.027003] ACPI: Reserving DSDT table memory at [mem 0x3ffe0040-0x3ffe2d89]
[    0.028017] ACPI: Reserving FACS table memory at [mem 0x3ffe0000-0x3ffe003f]
[    0.029028] ACPI: Reserving APIC table memory at [mem 0x3ffe2dfe-0x3ffe302d]
[    0.030040] ACPI: Reserving HPET table memory at [mem 0x3ffe302e-0x3ffe3065]
[    0.031055] ACPI: Reserving WAET table memory at [mem 0x3ffe3066-0x3ffe308d]
[    0.032571] No NUMA configuration found
[    0.033124] Faking a node at [mem 0x0000000000000000-0x000000003ffdffff]
[    0.034091] NODE_DATA(0) allocated [mem 0x3ffdb780-0x3ffdffff]
[    0.035091] Zone ranges:
[    0.035457]   DMA      [mem 0x0000000000001000-0x0000000000ffffff]
[    0.036349]   DMA32    [mem 0x0000000001000000-0x000000003ffdffff]
[    0.037239]   Normal   empty
[    0.037655]   Device   empty
[    0.038071] Movable zone start for each node
[    0.038689] Early memory node ranges
[    0.039203]   node   0: [mem 0x0000000000001000-0x000000000009efff]
[    0.040107]   node   0: [mem 0x0000000000100000-0x000000003ffdffff]
[    0.041010] Initmem setup node 0 [mem 0x0000000000001000-0x000000003ffdffff]
[    0.042036] On node 0, zone DMA: 1 pages in unavailable ranges
[    0.042981] On node 0, zone DMA: 97 pages in unavailable ranges
[    0.052454] On node 0, zone DMA32: 32 pages in unavailable ranges
[    0.085216] kasan: KernelAddressSanitizer initialized
[    0.086500] ACPI: PM-Timer IO Port: 0x608
[    0.087107] ACPI: LAPIC_NMI (acpi_id[0xff] dfl dfl lint[0x1])
[    0.087992] IOAPIC[0]: apic_id 0, version 17, address 0xfec00000, GSI 0-23
[    0.088985] ACPI: INT_SRC_OVR (bus 0 bus_irq 0 global_irq 2 dfl dfl)
[    0.089903] ACPI: INT_SRC_OVR (bus 0 bus_irq 5 global_irq 5 high level)
[    0.090858] ACPI: INT_SRC_OVR (bus 0 bus_irq 9 global_irq 9 high level)
[    0.091810] ACPI: INT_SRC_OVR (bus 0 bus_irq 10 global_irq 10 high level)
[    0.092785] ACPI: INT_SRC_OVR (bus 0 bus_irq 11 global_irq 11 high level)
[    0.093768] ACPI: Using ACPI (MADT) for SMP configuration information
[    0.094698] ACPI: HPET id: 0x8086a201 base: 0xfed00000
[    0.095443] TSC deadline timer available
[    0.096011] CPU topo: Max. logical packages:   1
[    0.096676] CPU topo: Max. logical dies:       1
[    0.097342] CPU topo: Max. dies per package:   1
[    0.098008] CPU topo: Max. threads per core:   1
[    0.098677] CPU topo: Num. cores per package:    56
[    0.099379] CPU topo: Num. threads per package:  56
[    0.100079] CPU topo: Allowing 56 present CPUs plus 0 hotplug CPUs
[    0.100996] kvm-guest: APIC: eoi() replaced with kvm_guest_apic_eoi_write()
[    0.102019] kvm-guest: KVM setup pv remote TLB flush
[    0.102820] kvm-guest: setup PV sched yield
[    0.103431] PM: hibernation: Registered nosave memory: [mem 0x00000000-0x00000fff]
[    0.104522] PM: hibernation: Registered nosave memory: [mem 0x0009f000-0x0009ffff]
[    0.105611] PM: hibernation: Registered nosave memory: [mem 0x000a0000-0x000effff]
[    0.106704] PM: hibernation: Registered nosave memory: [mem 0x000f0000-0x000fffff]
[    0.107793] [mem 0x40000000-0xfeffbfff] available for PCI devices
[    0.108672] Booting paravirtualized kernel on KVM
[    0.109352] clocksource: refined-jiffies: mask: 0xffffffff max_cycles: 0xffffffff, max_idle_ns: 1910969940391419 ns
[    0.131982] setup_percpu: NR_CPUS:64 nr_cpumask_bits:56 nr_cpu_ids:56 nr_node_ids:1
[    0.142251] percpu: Embedded 70 pages/cpu s248792 r8192 d29736 u524288
[    0.143433] Kernel command line: virtme_hostname=virtme-ng nr_open=1048576 virtme_link_mods=/nipa-data/kernel/.virtme_mods/lib/modules/0.0.0 virtme_initmount0=nipa-data/kernel virtme_rw_overlay0=/etc virtme_rw_overlay1=/lib virtme_rw_overlay2=/home virtme_rw_overlay3=/opt virtme_rw_overlay4=/srv virtme_rw_overlay5=/usr virtme_rw_overlay6=/var console=hvc0 earlyprintk=serial,ttyS0,115200 virtme_console=ttyS0 psmouse.proto=exps TERM=xterm virtme_chdir=nipa-data/kernel virtme_root_user=1 rootfstype=9p rootflags=version=9p2000.L,trans=virtio,access=any raid=noautodetect ro init=/usr/lib/python3/dist-packages/virtme/guest/virtme-init
[    0.151863] Unknown kernel command line parameters "virtme_hostname=virtme-ng nr_open=1048576 virtme_link_mods=/nipa-data/kernel/.virtme_mods/lib/modules/0.0.0 virtme_initmount0=nipa-data/kernel virtme_rw_overlay0=/etc virtme_rw_overlay1=/lib virtme_rw_overlay2=/home virtme_rw_overlay3=/opt virtme_rw_overlay4=/srv virtme_rw_overlay5=/usr virtme_rw_overlay6=/var virtme_console=ttyS0 virtme_chdir=nipa-data/kernel virtme_root_user=1", will be passed to user space.
[    0.157833] random: crng init done
[    0.158334] printk: log_buf_len individual max cpu contribution: 4096 bytes
[    0.159350] printk: log_buf_len total cpu_extra contributions: 225280 bytes
[    0.160365] printk: log_buf_len min size: 262144 bytes
[    0.161917] printk: log_buf_len: 524288 bytes
[    0.162585] printk: early log buf free: 253864(96%)
[    0.163739] Dentry cache hash table entries: 131072 (order: 8, 1048576 bytes, linear)
[    0.164955] Inode-cache hash table entries: 65536 (order: 7, 524288 bytes, linear)
[    0.168753] Fallback order for Node 0: 0 
[    0.168769] Built 1 zonelists, mobility grouping on.  Total pages: 262014
[    0.170282] Policy zone: DMA32
[    0.170714] mem auto-init: stack:all(zero), heap alloc:off, heap free:off
[    0.171653] stackdepot: allocating hash table via alloc_large_system_hash
[    0.172606] stackdepot hash table entries: 1048576 (order: 12, 16777216 bytes, linear)
[    0.196771] SLUB: HWalign=64, Order=0-3, MinObjects=0, CPUs=56, Nodes=1
Poking KASLR using RDRAND RDTSC...
[    0.198294] ftrace: allocating 48552 entries in 190 pages
[    0.217772] ftrace: allocated 190 pages with 6 groups
[    0.220360] Dynamic Preempt: voluntary
[    0.222886] rcu: Preemptible hierarchical RCU implementation.
[    0.223690] rcu: RCU event tracing is enabled.
[    0.224319] rcu: RCU restricting CPUs from NR_CPUS=64 to nr_cpu_ids=56.
[    0.225249] Trampoline variant of Tasks RCU enabled.
[    0.225949] Rude variant of Tasks RCU enabled.
[    0.226586] Tracing variant of Tasks RCU enabled.
[    0.227248] rcu: RCU calculated value of scheduler-enlistment delay is 100 jiffies.
[    0.228305] rcu: Adjusting geometry for rcu_fanout_leaf=16, nr_cpu_ids=56
[    0.229539] RCU Tasks: Setting shift to 6 and lim to 1 rcu_task_cb_adjust=1 rcu_task_cpu_ids=56.
[    0.230764] RCU Tasks Rude: Setting shift to 6 and lim to 1 rcu_task_cb_adjust=1 rcu_task_cpu_ids=56.
[    0.232044] RCU Tasks Trace: Setting shift to 6 and lim to 1 rcu_task_cb_adjust=1 rcu_task_cpu_ids=56.
[    0.253549] NR_IRQS: 4352, nr_irqs: 872, preallocated irqs: 16
[    0.254891] rcu: srcu_init: Setting srcu_struct sizes based on contention.
[    0.256302] Console: colour *CGA 80x25
[    0.256921] ACPI: Core revision 20240827
[    0.257822] clocksource: hpet: mask: 0xffffffff max_cycles: 0xffffffff, max_idle_ns: 19112604467 ns
[    0.259229] APIC: Switch to symmetric I/O mode setup
[    0.260105] kvm-guest: APIC: send_IPI_mask() replaced with kvm_send_ipi_mask()
[    0.261446] kvm-guest: APIC: send_IPI_mask_allbutself() replaced with kvm_send_ipi_mask_allbutself()
[    0.263038] kvm-guest: setup PV IPIs
[    0.265283] ..TIMER: vector=0x30 apic1=0 pin1=2 apic2=-1 pin2=-1
[    0.266642] clocksource: tsc-early: mask: 0xffffffffffffffff max_cycles: 0x39a85c9bff6, max_idle_ns: 881590591483 ns
[    0.268958] Calibrating delay loop (skipped) preset value.. 4000.00 BogoMIPS (lpj=2000000)
[    0.270179] x86/cpu: User Mode Instruction Prevention (UMIP) activated
[    0.271102] Last level iTLB entries: 4KB 0, 2MB 0, 4MB 0
[    0.271951] Last level dTLB entries: 4KB 0, 2MB 0, 4MB 0, 1GB 0
[    0.272973] Spectre V1 : Mitigation: usercopy/swapgs barriers and __user pointer sanitization
[    0.273961] Spectre V2 : Spectre BHI mitigation: SW BHB clearing on syscall and VM exit
[    0.274952] Spectre V2 : Mitigation: Enhanced / Automatic IBRS
[    0.275954] Spectre V2 : Spectre v2 / SpectreRSB mitigation: Filling RSB on context switch
[    0.276961] Spectre V2 : Spectre v2 / PBRSB-eIBRS: Retire a single CALL on VMEXIT
[    0.277970] Spectre V2 : mitigation: Enabling conditional Indirect Branch Prediction Barrier
[    0.278967] Speculative Store Bypass: Mitigation: Speculative Store Bypass disabled via prctl
[    0.279962] TAA: Mitigation: TSX disabled
[    0.281049] x86/fpu: Supporting XSAVE feature 0x001: 'x87 floating point registers'
[    0.281961] x86/fpu: Supporting XSAVE feature 0x002: 'SSE registers'
[    0.282961] x86/fpu: Supporting XSAVE feature 0x004: 'AVX registers'
[    0.283961] x86/fpu: Supporting XSAVE feature 0x020: 'AVX-512 opmask'
[    0.284962] x86/fpu: Supporting XSAVE feature 0x040: 'AVX-512 Hi256'
[    0.285961] x86/fpu: Supporting XSAVE feature 0x080: 'AVX-512 ZMM_Hi256'
[    0.286961] x86/fpu: Supporting XSAVE feature 0x200: 'Protection Keys User registers'
[    0.287962] x86/fpu: Supporting XSAVE feature 0x20000: 'AMX Tile config'
[    0.288961] x86/fpu: Supporting XSAVE feature 0x40000: 'AMX Tile data'
[    0.289962] x86/fpu: xstate_offset[2]:  576, xstate_sizes[2]:  256
[    0.290962] x86/fpu: xstate_offset[5]:  832, xstate_sizes[5]:   64
[    0.291961] x86/fpu: xstate_offset[6]:  896, xstate_sizes[6]:  512
[    0.292962] x86/fpu: xstate_offset[7]: 1408, xstate_sizes[7]: 1024
[    0.293962] x86/fpu: xstate_offset[9]: 2432, xstate_sizes[9]:    8
[    0.294962] x86/fpu: xstate_offset[17]: 2496, xstate_sizes[17]:   64
[    0.295962] x86/fpu: xstate_offset[18]: 2560, xstate_sizes[18]: 8192
[    0.296961] x86/fpu: Enabled xstate features 0x602e7, context size is 10752 bytes, using 'compacted' format.
[    0.341022] Freeing SMP alternatives memory: 40K
[    0.341955] pid_max: default: 57344 minimum: 448
[    0.343270] Mount-cache hash table entries: 2048 (order: 2, 16384 bytes, linear)
[    0.343959] Mountpoint-cache hash table entries: 2048 (order: 2, 16384 bytes, linear)
[    0.347079] smpboot: CPU0: Intel(R) Xeon(R) Platinum 8480+ (family: 0x6, model: 0x8f, stepping: 0x6)
[    0.348754] Performance Events: PEBS fmt0-, Sapphire Rapids events, full-width counters, Intel PMU driver.
[    0.348958] ... version:                2
[    0.349763] ... bit width:              48
[    0.349954] ... generic registers:      8
[    0.350765] ... value mask:             0000ffffffffffff
[    0.350953] ... max period:             00007fffffffffff
[    0.351953] ... fixed-purpose events:   3
[    0.352756] ... event mask:             00000007000000ff
[    0.353296] signal: max sigframe size: 11952
[    0.354025] rcu: Hierarchical SRCU implementation.
[    0.354954] rcu: Max phase no-delay instances is 400.
[    0.356064] Timer migration: 2 hierarchy levels; 8 children per group; 2 crossnode level
[    0.359580] smp: Bringing up secondary CPUs ...
[    0.360249] smpboot: x86: Booting SMP configuration:
[    0.360959] .... node  #0, CPUs:        #1  #2  #3  #4  #5  #6  #7  #8  #9 #10 #11 #12 #13 #14 #15 #16 #17 #18 #19 #20 #21 #22 #23 #24 #25 #26 #27 #28 #29 #30 #31 #32 #33 #34 #35 #36 #37 #38 #39 #40 #41 #42 #43 #44 #45 #46 #47 #48 #49 #50 #51 #52 #53 #54 #55
[    0.448656] smp: Brought up 1 node, 56 CPUs
[    0.449799] smpboot: Total of 56 processors activated (224000.00 BogoMIPS)
[    0.470133] Memory: 742020K/1048056K available (45056K kernel code, 11385K rwdata, 10000K rodata, 6000K init, 1800K bss, 280344K reserved, 0K cma-reserved)
[    0.474113] devtmpfs: initialized
[    0.475239] x86/mm: Memory block size: 128MB
[    0.484446] clocksource: jiffies: mask: 0xffffffff max_cycles: 0xffffffff, max_idle_ns: 1911260446275000 ns
[    0.486985] futex hash table entries: 16384 (order: 8, 1048576 bytes, linear)
[    0.488664] PM: RTC time: 18:29:25, date: 2024-10-04
[    0.492785] NET: Registered PF_NETLINK/PF_ROUTE protocol family
[    0.494993] thermal_sys: Registered thermal governor 'step_wise'
[    0.494997] thermal_sys: Registered thermal governor 'user_space'
[    0.496043] cpuidle: using governor menu
[    0.500338] PCI: Using configuration type 1 for base access
[    0.502109] kprobes: kprobe jump-optimization is enabled. All kprobes are optimized if possible.
[    0.507441] HugeTLB: registered 1.00 GiB page size, pre-allocated 0 pages
[    0.508958] HugeTLB: 16380 KiB vmemmap can be freed for a 1.00 GiB page
[    0.509956] HugeTLB: registered 2.00 MiB page size, pre-allocated 0 pages
[    0.511953] HugeTLB: 28 KiB vmemmap can be freed for a 2.00 MiB page
[    0.514242] ACPI: Added _OSI(Module Device)
[    0.514954] ACPI: Added _OSI(Processor Device)
[    0.515866] ACPI: Added _OSI(3.0 _SCP Extensions)
[    0.515955] ACPI: Added _OSI(Processor Aggregator Device)
[    0.545950] ACPI: 1 ACPI AML tables successfully acquired and loaded
[    0.556108] ACPI: Interpreter enabled
[    0.556988] ACPI: PM: (supports S0 S3 S4 S5)
[    0.557888] ACPI: Using IOAPIC for interrupt routing
[    0.559027] PCI: Using host bridge windows from ACPI; if necessary, use "pci=nocrs" and report a bug
[    0.559953] PCI: Using E820 reservations for host bridge windows
[    0.562379] ACPI: Enabled 2 GPEs in block 00 to 0F
[    0.625224] ACPI: PCI Root Bridge [PCI0] (domain 0000 [bus 00-ff])
[    0.625973] acpi PNP0A03:00: _OSC: OS supports [ASPM ClockPM Segments MSI HPX-Type3]
[    0.626955] acpi PNP0A03:00: _OSC: not requesting OS control; OS requires [ExtendedConfig ASPM ClockPM MSI]
[    0.629088] acpi PNP0A03:00: fail to add MMCONFIG information, can't access extended configuration space under this bridge
[    0.631397] PCI host bridge to bus 0000:00
[    0.632016] pci_bus 0000:00: root bus resource [io  0x0000-0x0cf7 window]
[    0.633957] pci_bus 0000:00: root bus resource [io  0x0d00-0xffff window]
[    0.634957] pci_bus 0000:00: root bus resource [mem 0x000a0000-0x000bffff window]
[    0.635956] pci_bus 0000:00: root bus resource [mem 0x40000000-0xfebfffff window]
[    0.636957] pci_bus 0000:00: root bus resource [mem 0x100000000-0x17fffffff window]
[    0.638957] pci_bus 0000:00: root bus resource [bus 00-ff]
[    0.640024] pci 0000:00:00.0: [8086:1237] type 00 class 0x060000 conventional PCI endpoint
[    0.642201] pci 0000:00:01.0: [8086:7000] type 00 class 0x060100 conventional PCI endpoint
[    0.645254] pci 0000:00:01.1: [8086:7010] type 00 class 0x010180 conventional PCI endpoint
[    0.650284] pci 0000:00:01.1: BAR 4 [io  0xc0c0-0xc0cf]
[    0.652287] pci 0000:00:01.1: BAR 0 [io  0x01f0-0x01f7]: legacy IDE quirk
[    0.653954] pci 0000:00:01.1: BAR 1 [io  0x03f6]: legacy IDE quirk
[    0.654954] pci 0000:00:01.1: BAR 2 [io  0x0170-0x0177]: legacy IDE quirk
[    0.655953] pci 0000:00:01.1: BAR 3 [io  0x0376]: legacy IDE quirk
[    0.658930] pci 0000:00:01.3: [8086:7113] type 00 class 0x068000 conventional PCI endpoint
[    0.660559] pci 0000:00:01.3: quirk: [io  0x0600-0x063f] claimed by PIIX4 ACPI
[    0.661967] pci 0000:00:01.3: quirk: [io  0x0700-0x070f] claimed by PIIX4 SMB
[    0.663982] pci 0000:00:02.0: [1af4:1009] type 00 class 0x000200 conventional PCI endpoint
[    0.667967] pci 0000:00:02.0: BAR 0 [io  0xc000-0xc03f]
[    0.669957] pci 0000:00:02.0: BAR 1 [mem 0xfebfc000-0xfebfcfff]
[    0.675958] pci 0000:00:02.0: BAR 4 [mem 0xfebf0000-0xfebf3fff 64bit pref]
[    0.690950] pci 0000:00:03.0: [1af4:1009] type 00 class 0x000200 conventional PCI endpoint
[    0.693874] pci 0000:00:03.0: BAR 0 [io  0xc040-0xc07f]
[    0.695800] pci 0000:00:03.0: BAR 1 [mem 0xfebfd000-0xfebfdfff]
[    0.699960] pci 0000:00:03.0: BAR 4 [mem 0xfebf4000-0xfebf7fff 64bit pref]
[    0.714195] pci 0000:00:04.0: [8086:25ab] type 00 class 0x088000 conventional PCI endpoint
[    0.716630] pci 0000:00:04.0: BAR 0 [mem 0xfebfe000-0xfebfe00f]
[    0.732254] pci 0000:00:05.0: [1af4:1003] type 00 class 0x078000 conventional PCI endpoint
[    0.734949] pci 0000:00:05.0: BAR 0 [io  0xc080-0xc0bf]
[    0.736956] pci 0000:00:05.0: BAR 1 [mem 0xfebff000-0xfebfffff]
[    0.741906] pci 0000:00:05.0: BAR 4 [mem 0xfebf8000-0xfebfbfff 64bit pref]
[    0.760607] ACPI: PCI: Interrupt link LNKA configured for IRQ 10
[    0.763035] ACPI: PCI: Interrupt link LNKB configured for IRQ 10
[    0.765006] ACPI: PCI: Interrupt link LNKC configured for IRQ 11
[    0.766998] ACPI: PCI: Interrupt link LNKD configured for IRQ 11
[    0.768392] ACPI: PCI: Interrupt link LNKS configured for IRQ 9
[    0.803608] iommu: Default domain type: Translated
[    0.804954] iommu: DMA domain TLB invalidation policy: lazy mode
[    0.806525] SCSI subsystem initialized
[    0.808231] pps_core: LinuxPPS API ver. 1 registered
[    0.808956] pps_core: Software ver. 5.3.6 - Copyright 2005-2007 Rodolfo Giometti <giometti@linux.it>
[    0.810973] PTP clock support registered
[    0.813101] Advanced Linux Sound Architecture Driver Initialized.
[    0.816622] NET: Registered PF_ATMPVC protocol family
[    0.817954] NET: Registered PF_ATMSVC protocol family
[    0.818984] PCI: Using ACPI for IRQ routing
[    0.820980] vgaarb: loaded
[    0.822168] hpet0: at MMIO 0xfed00000, IRQs 2, 8, 0
[    0.822954] hpet0: 3 comparators, 64-bit 100.000000 MHz counter
[    0.827014] clocksource: Switched to clocksource kvm-clock
[    0.828959] VFS: Disk quotas dquot_6.6.0
[    0.829835] VFS: Dquot-cache hash table entries: 512 (order 0, 4096 bytes)
[    0.835269] pnp: PnP ACPI init
[    0.841147] pnp: PnP ACPI: found 5 devices
[    0.865998] clocksource: acpi_pm: mask: 0xffffff max_cycles: 0xffffff, max_idle_ns: 2085701024 ns
[    0.867961] NET: Registered PF_INET protocol family
[    0.869053] IP idents hash table entries: 16384 (order: 5, 131072 bytes, linear)
[    0.871315] tcp_listen_portaddr_hash hash table entries: 512 (order: 1, 8192 bytes, linear)
[    0.873024] Table-perturb hash table entries: 65536 (order: 6, 262144 bytes, linear)
[    0.874630] TCP established hash table entries: 8192 (order: 4, 65536 bytes, linear)
[    0.876223] TCP bind hash table entries: 8192 (order: 6, 262144 bytes, linear)
[    0.878055] TCP: Hash tables configured (established 8192 bind 8192)
[    0.879723] UDP hash table entries: 512 (order: 2, 16384 bytes, linear)
[    0.881074] UDP-Lite hash table entries: 512 (order: 2, 16384 bytes, linear)
[    0.882925] NET: Registered PF_UNIX/PF_LOCAL protocol family
[    0.884115] pci_bus 0000:00: resource 4 [io  0x0000-0x0cf7 window]
[    0.885370] pci_bus 0000:00: resource 5 [io  0x0d00-0xffff window]
[    0.886626] pci_bus 0000:00: resource 6 [mem 0x000a0000-0x000bffff window]
[    0.888022] pci_bus 0000:00: resource 7 [mem 0x40000000-0xfebfffff window]
[    0.889407] pci_bus 0000:00: resource 8 [mem 0x100000000-0x17fffffff window]
[    0.891068] pci 0000:00:01.0: PIIX3: Enabling Passive Release
[    0.892246] pci 0000:00:00.0: Limiting direct PCI/PCI transfers
[    0.893548] PCI: CLS 0 bytes, default 64
[    0.910834] RAPL PMU: API unit is 2^-32 Joules, 1 fixed counters, 10737418240 ms ovfl timer
[    0.912608] RAPL PMU: hw unit of domain psys 2^-0 Joules
[    1.272153] kwatchdog (374) used greatest stack depth: 30672 bytes left
[    1.543250] kvm_amd: CPU 28 isn't AMD or Hygon
[    1.544803] clocksource: tsc: mask: 0xffffffffffffffff max_cycles: 0x39a85c9bff6, max_idle_ns: 881590591483 ns
[    1.712061] Initialise system trusted keyrings
[    1.713764] workingset: timestamp_bits=56 max_order=18 bucket_order=0
[    1.715283] squashfs: version 4.0 (2009/01/31) Phillip Lougher
[    1.716493] fuse: init (API version 7.41)
[    1.717788] 9p: Installing v9fs 9p2000 file system support
[    1.737655] Key type asymmetric registered
[    1.738495] Asymmetric key parser 'x509' registered
[    1.739561] Block layer SCSI generic (bsg) driver version 0.4 loaded (major 249)
[    1.741098] io scheduler mq-deadline registered
[    1.742004] io scheduler kyber registered
[    1.762831] input: Power Button as /devices/LNXSYSTM:00/LNXPWRBN:00/input/input0
[    1.764777] ACPI: button: Power Button [PWRF]
[    1.769080] Warning: Processor Platform Limit event detected, but not handled.
[    1.771072] Consider compiling CPUfreq support into your kernel.
[    2.681051] ACPI: \_SB_.LNKB: Enabled at IRQ 10
[    3.553662] ACPI: \_SB_.LNKC: Enabled at IRQ 11
[    4.392136] ACPI: \_SB_.LNKA: Enabled at IRQ 10
[    4.393951] Serial: 8250/16550 driver, 4 ports, IRQ sharing enabled
[    4.394906] 00:03: ttyS0 at I/O 0x3f8 (irq = 4, base_baud = 115200) is a 16550A
[    4.420106] Non-volatile memory driver v1.3
[    4.420585] Linux agpgart interface v0.103
[    4.421373] ACPI: bus type drm_connector registered
[    4.423318] printk: legacy console [hvc0] enabled
[    4.424499] printk: legacy bootconsole [earlyser0] disabled
          _      _                                    
   __   _(_)_ __| |_ _ __ ___   ___       _ __   __ _ 
   \ \ / / |  __| __|  _   _ \ / _ \_____|  _ \ / _  |
    \ V /| | |  | |_| | | | | |  __/_____| | | | (_| |
     \_/ |_|_|   \__|_| |_| |_|\___|     |_| |_|\__  |
                                                |___/ 
   kernel version: 6.12.0-rc1-virtme x86_64
   (CTRL+d to exit)

root@virtme-ng:/nipa-data/kernel# PS1='xx__-> '
xx__-> env
PWD=/nipa-data/kernel
nr_open=1048576
HOME=/
TERM=xterm
SHLVL=2
XDG_RUNTIME_DIR=/run/user/0
PATH=/bin:/sbin:/usr/bin:/usr/sbin:/usr/local/bin
OLDPWD=/
_=/bin/env
xx__-> 