No EFI environment detected.
early console in extract_kernel
input_data: 0x0000000004cbd2c4
input_len: 0x0000000001894fe7
output: 0x0000000001000000
output_len: 0x00000000054dc8d4
kernel_total_size: 0x0000000005030000
needed_size: 0x0000000005600000
trampoline_32bit: 0x000000000009d000
Physical KASLR using RDRAND RDTSC...
Virtual KASLR using RDRAND RDTSC...

Decompressing Linux... Parsing ELF... Performing relocations... done.
Booting the kernel (entry_offset: 0x0000000000000000).
[    0.000000] Linux version 6.11.0-rc1-virtme (root@b222cf2c1cbe) (gcc (Ubuntu 13.2.0-23ubuntu4) 13.2.0, GNU ld (GNU Binutils for Ubuntu) 2.42) #1 SMP PREEMPT_DYNAMIC Tue Aug  6 09:27:38 UTC 2024
[    0.000000] Command line: virtme_hostname=virtme-ng nr_open=1048576 virtme_link_mods=/nipa-data/kernel/.virtme_mods/lib/modules/0.0.0 virtme_initmount0=nipa-data/kernel virtme_rw_overlay0=/etc virtme_rw_overlay1=/lib virtme_rw_overlay2=/home virtme_rw_overlay3=/opt virtme_rw_overlay4=/srv virtme_rw_overlay5=/usr virtme_rw_overlay6=/var console=hvc0 earlyprintk=serial,ttyS0,115200 virtme_console=ttyS0 psmouse.proto=exps TERM=xterm virtme_chdir=nipa-data/kernel virtme_root_user=1 rootfstype=9p rootflags=version=9p2000.L,trans=virtio,access=any raid=noautodetect ro init=/usr/lib/python3/dist-packages/virtme/guest/virtme-init
[    0.000000] x86/split lock detection: #DB: warning on user-space bus_locks
[    0.000000] BIOS-provided physical RAM map:
[    0.000000] BIOS-e820: [mem 0x0000000000000000-0x000000000009fbff] usable
[    0.000000] BIOS-e820: [mem 0x000000000009fc00-0x000000000009ffff] reserved
[    0.000000] BIOS-e820: [mem 0x00000000000f0000-0x00000000000fffff] reserved
[    0.000000] BIOS-e820: [mem 0x0000000000100000-0x000000003ffdffff] usable
[    0.000000] BIOS-e820: [mem 0x000000003ffe0000-0x000000003fffffff] reserved
[    0.000000] BIOS-e820: [mem 0x00000000feffc000-0x00000000feffffff] reserved
[    0.000000] BIOS-e820: [mem 0x00000000fffc0000-0x00000000ffffffff] reserved
[    0.000000] printk: legacy bootconsole [earlyser0] enabled
[    0.000000] NX (Execute Disable) protection: active
[    0.000000] APIC: Static calls initialized
[    0.000000] SMBIOS 3.0.0 present.
[    0.000000] DMI: QEMU Ubuntu 24.04 PC (i440FX + PIIX, 1996), BIOS 1.16.3-debian-1.16.3-2 04/01/2014
[    0.000000] DMI: Memory slots populated: 1/1
[    0.000000] Hypervisor detected: KVM
[    0.000000] kvm-clock: Using msrs 4b564d01 and 4b564d00
[    0.000001] kvm-clock: using sched offset of 1393408722 cycles
[    0.000755] clocksource: kvm-clock: mask: 0xffffffffffffffff max_cycles: 0x1cd42e4dffb, max_idle_ns: 881590591483 ns
[    0.003104] tsc: Detected 2000.000 MHz processor
[    0.004417] last_pfn = 0x3ffe0 max_arch_pfn = 0x10000000000
[    0.005276] MTRR map: 4 entries (3 fixed + 1 variable; max 19), built from 8 variable MTRRs
[    0.006477] x86/PAT: Configuration [0-7]: WB  WC  UC- UC  WB  WP  UC- WT  
[    0.013565] found SMP MP-table at [mem 0x000f5470-0x000f547f]
[    0.014411] Using GB pages for direct mapping
[    0.015307] ACPI: Early table checksum verification disabled
[    0.016129] ACPI: RSDP 0x00000000000F5290 000014 (v00 BOCHS )
[    0.016959] ACPI: RSDT 0x000000003FFE308E 000034 (v01 BOCHS  BXPC     00000001 BXPC 00000001)
[    0.018190] ACPI: FACP 0x000000003FFE2D8A 000074 (v01 BOCHS  BXPC     00000001 BXPC 00000001)
[    0.019420] ACPI: DSDT 0x000000003FFE0040 002D4A (v01 BOCHS  BXPC     00000001 BXPC 00000001)
[    0.020652] ACPI: FACS 0x000000003FFE0000 000040
[    0.021318] ACPI: APIC 0x000000003FFE2DFE 000230 (v03 BOCHS  BXPC     00000001 BXPC 00000001)
[    0.022542] ACPI: HPET 0x000000003FFE302E 000038 (v01 BOCHS  BXPC     00000001 BXPC 00000001)
[    0.023769] ACPI: WAET 0x000000003FFE3066 000028 (v01 BOCHS  BXPC     00000001 BXPC 00000001)
[    0.024993] ACPI: Reserving FACP table memory at [mem 0x3ffe2d8a-0x3ffe2dfd]
[    0.026004] ACPI: Reserving DSDT table memory at [mem 0x3ffe0040-0x3ffe2d89]
[    0.027015] ACPI: Reserving FACS table memory at [mem 0x3ffe0000-0x3ffe003f]
[    0.028028] ACPI: Reserving APIC table memory at [mem 0x3ffe2dfe-0x3ffe302d]
[    0.029036] ACPI: Reserving HPET table memory at [mem 0x3ffe302e-0x3ffe3065]
[    0.030045] ACPI: Reserving WAET table memory at [mem 0x3ffe3066-0x3ffe308d]
[    0.031555] No NUMA configuration found
[    0.032119] Faking a node at [mem 0x0000000000000000-0x000000003ffdffff]
[    0.033083] NODE_DATA(0) allocated [mem 0x3ffdb000-0x3ffdffff]
[    0.034081] Zone ranges:
[    0.034445]   DMA      [mem 0x0000000000001000-0x0000000000ffffff]
[    0.035333]   DMA32    [mem 0x0000000001000000-0x000000003ffdffff]
[    0.036228]   Normal   empty
[    0.036643]   Device   empty
[    0.037057] Movable zone start for each node
[    0.037670] Early memory node ranges
[    0.038182]   node   0: [mem 0x0000000000001000-0x000000000009efff]
[    0.039083]   node   0: [mem 0x0000000000100000-0x000000003ffdffff]
[    0.039987] Initmem setup node 0 [mem 0x0000000000001000-0x000000003ffdffff]
[    0.041004] On node 0, zone DMA: 1 pages in unavailable ranges
[    0.041940] On node 0, zone DMA: 97 pages in unavailable ranges
[    0.051507] On node 0, zone DMA32: 32 pages in unavailable ranges
[    0.085890] kasan: KernelAddressSanitizer initialized
[    0.087169] ACPI: PM-Timer IO Port: 0x608
[    0.087786] ACPI: LAPIC_NMI (acpi_id[0xff] dfl dfl lint[0x1])
[    0.088670] IOAPIC[0]: apic_id 0, version 17, address 0xfec00000, GSI 0-23
[    0.089659] ACPI: INT_SRC_OVR (bus 0 bus_irq 0 global_irq 2 dfl dfl)
[    0.090570] ACPI: INT_SRC_OVR (bus 0 bus_irq 5 global_irq 5 high level)
[    0.091518] ACPI: INT_SRC_OVR (bus 0 bus_irq 9 global_irq 9 high level)
[    0.092472] ACPI: INT_SRC_OVR (bus 0 bus_irq 10 global_irq 10 high level)
[    0.093453] ACPI: INT_SRC_OVR (bus 0 bus_irq 11 global_irq 11 high level)
[    0.094431] ACPI: Using ACPI (MADT) for SMP configuration information
[    0.095355] ACPI: HPET id: 0x8086a201 base: 0xfed00000
[    0.096099] TSC deadline timer available
[    0.096665] CPU topo: Max. logical packages:   1
[    0.097328] CPU topo: Max. logical dies:       1
[    0.097989] CPU topo: Max. dies per package:   1
[    0.098654] CPU topo: Max. threads per core:   1
[    0.099316] CPU topo: Num. cores per package:    56
[    0.100020] CPU topo: Num. threads per package:  56
[    0.100717] CPU topo: Allowing 56 present CPUs plus 0 hotplug CPUs
[    0.101637] kvm-guest: APIC: eoi() replaced with kvm_guest_apic_eoi_write()
[    0.102653] kvm-guest: KVM setup pv remote TLB flush
[    0.103367] kvm-guest: setup PV sched yield
[    0.104066] PM: hibernation: Registered nosave memory: [mem 0x00000000-0x00000fff]
[    0.105150] PM: hibernation: Registered nosave memory: [mem 0x0009f000-0x0009ffff]
[    0.106231] PM: hibernation: Registered nosave memory: [mem 0x000a0000-0x000effff]
[    0.107314] PM: hibernation: Registered nosave memory: [mem 0x000f0000-0x000fffff]
[    0.108404] [mem 0x40000000-0xfeffbfff] available for PCI devices
[    0.109276] Booting paravirtualized kernel on KVM
[    0.109951] clocksource: refined-jiffies: mask: 0xffffffff max_cycles: 0xffffffff, max_idle_ns: 1910969940391419 ns
[    0.132616] setup_percpu: NR_CPUS:64 nr_cpumask_bits:56 nr_cpu_ids:56 nr_node_ids:1
[    0.143298] percpu: Embedded 70 pages/cpu s248408 r8192 d30120 u524288
[    0.144464] Kernel command line: virtme_hostname=virtme-ng nr_open=1048576 virtme_link_mods=/nipa-data/kernel/.virtme_mods/lib/modules/0.0.0 virtme_initmount0=nipa-data/kernel virtme_rw_overlay0=/etc virtme_rw_overlay1=/lib virtme_rw_overlay2=/home virtme_rw_overlay3=/opt virtme_rw_overlay4=/srv virtme_rw_overlay5=/usr virtme_rw_overlay6=/var console=hvc0 earlyprintk=serial,ttyS0,115200 virtme_console=ttyS0 psmouse.proto=exps TERM=xterm virtme_chdir=nipa-data/kernel virtme_root_user=1 rootfstype=9p rootflags=version=9p2000.L,trans=virtio,access=any raid=noautodetect ro init=/usr/lib/python3/dist-packages/virtme/guest/virtme-init
[    0.152856] Unknown kernel command line parameters "virtme_hostname=virtme-ng nr_open=1048576 virtme_link_mods=/nipa-data/kernel/.virtme_mods/lib/modules/0.0.0 virtme_initmount0=nipa-data/kernel virtme_rw_overlay0=/etc virtme_rw_overlay1=/lib virtme_rw_overlay2=/home virtme_rw_overlay3=/opt virtme_rw_overlay4=/srv virtme_rw_overlay5=/usr virtme_rw_overlay6=/var virtme_console=ttyS0 virtme_chdir=nipa-data/kernel virtme_root_user=1", will be passed to user space.
[    0.158833] random: crng init done
[    0.159330] printk: log_buf_len individual max cpu contribution: 4096 bytes
[    0.160353] printk: log_buf_len total cpu_extra contributions: 225280 bytes
[    0.161363] printk: log_buf_len min size: 262144 bytes
[    0.163010] printk: log_buf_len: 524288 bytes
[    0.163684] printk: early log buf free: 253864(96%)
[    0.164892] Dentry cache hash table entries: 131072 (order: 8, 1048576 bytes, linear)
[    0.166109] Inode-cache hash table entries: 65536 (order: 7, 524288 bytes, linear)
[    0.169853] Fallback order for Node 0: 0 
[    0.169875] Built 1 zonelists, mobility grouping on.  Total pages: 262014
[    0.171392] Policy zone: DMA32
[    0.171827] mem auto-init: stack:all(zero), heap alloc:off, heap free:off
[    0.172762] stackdepot: allocating hash table via alloc_large_system_hash
[    0.173701] stackdepot hash table entries: 1048576 (order: 12, 16777216 bytes, linear)
[    0.198579] SLUB: HWalign=64, Order=0-3, MinObjects=0, CPUs=56, Nodes=1
Poking KASLR using RDRAND RDTSC...
[    0.200110] ftrace: allocating 48382 entries in 189 pages
[    0.219564] ftrace: allocated 189 pages with 6 groups
[    0.222269] Dynamic Preempt: voluntary
[    0.224859] rcu: Preemptible hierarchical RCU implementation.
[    0.225665] rcu: RCU event tracing is enabled.
[    0.226290] rcu: RCU restricting CPUs from NR_CPUS=64 to nr_cpu_ids=56.
[    0.227215] Trampoline variant of Tasks RCU enabled.
[    0.227917] Rude variant of Tasks RCU enabled.
[    0.228541] Tracing variant of Tasks RCU enabled.
[    0.229201] rcu: RCU calculated value of scheduler-enlistment delay is 100 jiffies.
[    0.230256] rcu: Adjusting geometry for rcu_fanout_leaf=16, nr_cpu_ids=56
[    0.231497] RCU Tasks: Setting shift to 6 and lim to 1 rcu_task_cb_adjust=1.
[    0.232480] RCU Tasks Rude: Setting shift to 6 and lim to 1 rcu_task_cb_adjust=1.
[    0.233516] RCU Tasks Trace: Setting shift to 6 and lim to 1 rcu_task_cb_adjust=1.
[    0.254753] NR_IRQS: 4352, nr_irqs: 872, preallocated irqs: 16
[    0.256109] rcu: srcu_init: Setting srcu_struct sizes based on contention.
[    0.257558] Console: colour *CGA 80x25
[    0.258196] ACPI: Core revision 20240322
[    0.259104] clocksource: hpet: mask: 0xffffffff max_cycles: 0xffffffff, max_idle_ns: 19112604467 ns
[    0.260522] APIC: Switch to symmetric I/O mode setup
[    0.261399] APIC: Switched APIC routing to: physical flat
[    0.262480] kvm-guest: APIC: send_IPI_mask() replaced with kvm_send_ipi_mask()
[    0.263518] kvm-guest: APIC: send_IPI_mask_allbutself() replaced with kvm_send_ipi_mask_allbutself()
[    0.265244] kvm-guest: setup PV IPIs
[    0.267813] ..TIMER: vector=0x30 apic1=0 pin1=2 apic2=-1 pin2=-1
[    0.269274] clocksource: tsc-early: mask: 0xffffffffffffffff max_cycles: 0x39a85c9bff6, max_idle_ns: 881590591483 ns
[    0.271682] Calibrating delay loop (skipped) preset value.. 4000.00 BogoMIPS (lpj=2000000)
[    0.272904] x86/cpu: User Mode Instruction Prevention (UMIP) activated
[    0.273820] Last level iTLB entries: 4KB 0, 2MB 0, 4MB 0
[    0.274675] Last level dTLB entries: 4KB 0, 2MB 0, 4MB 0, 1GB 0
[    0.275698] Spectre V1 : Mitigation: usercopy/swapgs barriers and __user pointer sanitization
[    0.276683] Spectre V2 : Spectre BHI mitigation: SW BHB clearing on syscall and VM exit
[    0.277679] Spectre V2 : Mitigation: Enhanced / Automatic IBRS
[    0.278684] Spectre V2 : Spectre v2 / SpectreRSB mitigation: Filling RSB on context switch
[    0.279684] Spectre V2 : Spectre v2 / PBRSB-eIBRS: Retire a single CALL on VMEXIT
[    0.280693] Spectre V2 : mitigation: Enabling conditional Indirect Branch Prediction Barrier
[    0.281689] Speculative Store Bypass: Mitigation: Speculative Store Bypass disabled via prctl
[    0.282684] TAA: Mitigation: TSX disabled
[    0.283765] x86/fpu: Supporting XSAVE feature 0x001: 'x87 floating point registers'
[    0.284684] x86/fpu: Supporting XSAVE feature 0x002: 'SSE registers'
[    0.285684] x86/fpu: Supporting XSAVE feature 0x004: 'AVX registers'
[    0.286684] x86/fpu: Supporting XSAVE feature 0x020: 'AVX-512 opmask'
[    0.287684] x86/fpu: Supporting XSAVE feature 0x040: 'AVX-512 Hi256'
[    0.288684] x86/fpu: Supporting XSAVE feature 0x080: 'AVX-512 ZMM_Hi256'
[    0.289684] x86/fpu: Supporting XSAVE feature 0x200: 'Protection Keys User registers'
[    0.290684] x86/fpu: Supporting XSAVE feature 0x20000: 'AMX Tile config'
[    0.291684] x86/fpu: Supporting XSAVE feature 0x40000: 'AMX Tile data'
[    0.292685] x86/fpu: xstate_offset[2]:  576, xstate_sizes[2]:  256
[    0.293684] x86/fpu: xstate_offset[5]:  832, xstate_sizes[5]:   64
[    0.294684] x86/fpu: xstate_offset[6]:  896, xstate_sizes[6]:  512
[    0.295702] x86/fpu: xstate_offset[7]: 1408, xstate_sizes[7]: 1024
[    0.296678] x86/fpu: xstate_offset[9]: 2432, xstate_sizes[9]:    8
[    0.297684] x86/fpu: xstate_offset[17]: 2496, xstate_sizes[17]:   64
[    0.298684] x86/fpu: xstate_offset[18]: 2560, xstate_sizes[18]: 8192
[    0.299684] x86/fpu: Enabled xstate features 0x602e7, context size is 10752 bytes, using 'compacted' format.
[    0.344593] Freeing SMP alternatives memory: 40K
[    0.344679] pid_max: default: 57344 minimum: 448
[    0.345970] Mount-cache hash table entries: 2048 (order: 2, 16384 bytes, linear)
[    0.346690] Mountpoint-cache hash table entries: 2048 (order: 2, 16384 bytes, linear)
[    0.350768] smpboot: CPU0: Intel(R) Xeon(R) Platinum 8480+ (family: 0x6, model: 0x8f, stepping: 0x6)
[    0.352476] Performance Events: PEBS fmt0-, Sapphire Rapids events, full-width counters, Intel PMU driver.
[    0.352681] ... version:                2
[    0.353487] ... bit width:              48
[    0.353677] ... generic registers:      8
[    0.354465] ... value mask:             0000ffffffffffff
[    0.354677] ... max period:             00007fffffffffff
[    0.355677] ... fixed-purpose events:   3
[    0.356466] ... event mask:             00000007000000ff
[    0.357003] signal: max sigframe size: 11952
[    0.357749] rcu: Hierarchical SRCU implementation.
[    0.358677] rcu: Max phase no-delay instances is 400.
[    0.359787] Timer migration: 2 hierarchy levels; 8 children per group; 2 crossnode level
[    0.363368] smp: Bringing up secondary CPUs ...
[    0.363975] smpboot: x86: Booting SMP configuration:
[    0.364692] .... node  #0, CPUs:        #1  #2  #3  #4  #5  #6  #7  #8  #9 #10 #11 #12 #13 #14 #15 #16 #17 #18 #19 #20 #21 #22 #23 #24 #25 #26 #27 #28 #29 #30 #31 #32 #33 #34 #35 #36 #37 #38 #39 #40 #41 #42 #43 #44 #45 #46 #47 #48 #49 #50 #51 #52 #53 #54 #55
[    0.430804] smp: Brought up 1 node, 56 CPUs
[    0.432517] smpboot: Total of 56 processors activated (224000.00 BogoMIPS)
[    0.448818] Memory: 742816K/1048056K available (45056K kernel code, 11290K rwdata, 9924K rodata, 5952K init, 1976K bss, 280348K reserved, 0K cma-reserved)
[    0.450676] devtmpfs: initialized
[    0.451614] x86/mm: Memory block size: 128MB
[    0.461094] clocksource: jiffies: mask: 0xffffffff max_cycles: 0xffffffff, max_idle_ns: 1911260446275000 ns
[    0.461701] futex hash table entries: 16384 (order: 8, 1048576 bytes, linear)
[    0.463679] PM: RTC time: 09:28:23, date: 2024-08-06
[    0.467685] NET: Registered PF_NETLINK/PF_ROUTE protocol family
[    0.469868] thermal_sys: Registered thermal governor 'step_wise'
[    0.469873] thermal_sys: Registered thermal governor 'user_space'
[    0.470755] cpuidle: using governor menu
[    0.474013] PCI: Using configuration type 1 for base access
[    0.474865] kprobes: kprobe jump-optimization is enabled. All kprobes are optimized if possible.
[    0.522095] HugeTLB: registered 1.00 GiB page size, pre-allocated 0 pages
[    0.524685] HugeTLB: 16380 KiB vmemmap can be freed for a 1.00 GiB page
[    0.526681] HugeTLB: registered 2.00 MiB page size, pre-allocated 0 pages
[    0.529679] HugeTLB: 28 KiB vmemmap can be freed for a 2.00 MiB page
[    0.534018] ACPI: Added _OSI(Module Device)
[    0.534683] ACPI: Added _OSI(Processor Device)
[    0.536680] ACPI: Added _OSI(3.0 _SCP Extensions)
[    0.537680] ACPI: Added _OSI(Processor Aggregator Device)
[    0.570951] ACPI: 1 ACPI AML tables successfully acquired and loaded
[    0.582942] ACPI: Interpreter enabled
[    0.583757] ACPI: PM: (supports S0 S3 S4 S5)
[    0.584645] ACPI: Using IOAPIC for interrupt routing
[    0.585752] PCI: Using host bridge windows from ACPI; if necessary, use "pci=nocrs" and report a bug
[    0.587678] PCI: Using E820 reservations for host bridge windows
[    0.590132] ACPI: Enabled 2 GPEs in block 00 to 0F
[    0.654927] ACPI: PCI Root Bridge [PCI0] (domain 0000 [bus 00-ff])
[    0.655695] acpi PNP0A03:00: _OSC: OS supports [ASPM ClockPM Segments MSI HPX-Type3]
[    0.656678] acpi PNP0A03:00: _OSC: not requesting OS control; OS requires [ExtendedConfig ASPM ClockPM MSI]
[    0.658811] acpi PNP0A03:00: fail to add MMCONFIG information, can't access extended configuration space under this bridge
[    0.661115] PCI host bridge to bus 0000:00
[    0.662741] pci_bus 0000:00: root bus resource [io  0x0000-0x0cf7 window]
[    0.663680] pci_bus 0000:00: root bus resource [io  0x0d00-0xffff window]
[    0.664680] pci_bus 0000:00: root bus resource [mem 0x000a0000-0x000bffff window]
[    0.665680] pci_bus 0000:00: root bus resource [mem 0x40000000-0xfebfffff window]
[    0.667680] pci_bus 0000:00: root bus resource [mem 0x100000000-0x17fffffff window]
[    0.668681] pci_bus 0000:00: root bus resource [bus 00-ff]
[    0.669747] pci 0000:00:00.0: [8086:1237] type 00 class 0x060000 conventional PCI endpoint
[    0.672929] pci 0000:00:01.0: [8086:7000] type 00 class 0x060100 conventional PCI endpoint
[    0.675047] pci 0000:00:01.1: [8086:7010] type 00 class 0x010180 conventional PCI endpoint
[    0.680031] pci 0000:00:01.1: BAR 4 [io  0xc0c0-0xc0cf]
[    0.682048] pci 0000:00:01.1: BAR 0 [io  0x01f0-0x01f7]: legacy IDE quirk
[    0.683677] pci 0000:00:01.1: BAR 1 [io  0x03f6]: legacy IDE quirk
[    0.684677] pci 0000:00:01.1: BAR 2 [io  0x0170-0x0177]: legacy IDE quirk
[    0.685680] pci 0000:00:01.1: BAR 3 [io  0x0376]: legacy IDE quirk
[    0.688657] pci 0000:00:01.3: [8086:7113] type 00 class 0x068000 conventional PCI endpoint
[    0.691287] pci 0000:00:01.3: quirk: [io  0x0600-0x063f] claimed by PIIX4 ACPI
[    0.692687] pci 0000:00:01.3: quirk: [io  0x0700-0x070f] claimed by PIIX4 SMB
[    0.694714] pci 0000:00:02.0: [1af4:1009] type 00 class 0x000200 conventional PCI endpoint
[    0.698384] pci 0000:00:02.0: BAR 0 [io  0xc000-0xc03f]
[    0.700680] pci 0000:00:02.0: BAR 1 [mem 0xfebfc000-0xfebfcfff]
[    0.705679] pci 0000:00:02.0: BAR 4 [mem 0xfebf0000-0xfebf3fff 64bit pref]
[    0.721944] pci 0000:00:03.0: [1af4:1009] type 00 class 0x000200 conventional PCI endpoint
[    0.723680] pci 0000:00:03.0: BAR 0 [io  0xc040-0xc07f]
[    0.727152] pci 0000:00:03.0: BAR 1 [mem 0xfebfd000-0xfebfdfff]
[    0.729681] pci 0000:00:03.0: BAR 4 [mem 0xfebf4000-0xfebf7fff 64bit pref]
[    0.745252] pci 0000:00:04.0: [8086:25ab] type 00 class 0x088000 conventional PCI endpoint
[    0.747373] pci 0000:00:04.0: BAR 0 [mem 0xfebfe000-0xfebfe00f]
[    0.763644] pci 0000:00:05.0: [1af4:1003] type 00 class 0x078000 conventional PCI endpoint
[    0.765679] pci 0000:00:05.0: BAR 0 [io  0xc080-0xc0bf]
[    0.767678] pci 0000:00:05.0: BAR 1 [mem 0xfebff000-0xfebfffff]
[    0.772681] pci 0000:00:05.0: BAR 4 [mem 0xfebf8000-0xfebfbfff 64bit pref]
[    0.791528] ACPI: PCI: Interrupt link LNKA configured for IRQ 10
[    0.793757] ACPI: PCI: Interrupt link LNKB configured for IRQ 10
[    0.795733] ACPI: PCI: Interrupt link LNKC configured for IRQ 11
[    0.798716] ACPI: PCI: Interrupt link LNKD configured for IRQ 11
[    0.800115] ACPI: PCI: Interrupt link LNKS configured for IRQ 9
[    0.835617] iommu: Default domain type: Translated
[    0.836678] iommu: DMA domain TLB invalidation policy: lazy mode
[    0.838254] SCSI subsystem initialized
[    0.839959] pps_core: LinuxPPS API ver. 1 registered
[    0.840679] pps_core: Software ver. 5.3.6 - Copyright 2005-2007 Rodolfo Giometti <giometti@linux.it>
[    0.842693] PTP clock support registered
[    0.844840] Advanced Linux Sound Architecture Driver Initialized.
[    0.849398] NET: Registered PF_ATMPVC protocol family
[    0.849678] NET: Registered PF_ATMSVC protocol family
[    0.850709] PCI: Using ACPI for IRQ routing
[    0.852798] vgaarb: loaded
[    0.853893] hpet0: at MMIO 0xfed00000, IRQs 2, 8, 0
[    0.854677] hpet0: 3 comparators, 64-bit 100.000000 MHz counter
[    0.862127] clocksource: Switched to clocksource kvm-clock
[    0.863910] VFS: Disk quotas dquot_6.6.0
[    0.864754] VFS: Dquot-cache hash table entries: 512 (order 0, 4096 bytes)
[    0.871081] pnp: PnP ACPI init
[    0.876026] pnp: PnP ACPI: found 5 devices
[    0.901777] clocksource: acpi_pm: mask: 0xffffff max_cycles: 0xffffff, max_idle_ns: 2085701024 ns
[    0.903736] NET: Registered PF_INET protocol family
[    0.904824] IP idents hash table entries: 16384 (order: 5, 131072 bytes, linear)
[    0.907058] tcp_listen_portaddr_hash hash table entries: 512 (order: 1, 8192 bytes, linear)
[    0.908759] Table-perturb hash table entries: 65536 (order: 6, 262144 bytes, linear)
[    0.910375] TCP established hash table entries: 8192 (order: 4, 65536 bytes, linear)
[    0.911965] TCP bind hash table entries: 8192 (order: 6, 262144 bytes, linear)
[    0.913483] TCP: Hash tables configured (established 8192 bind 8192)
[    0.915451] UDP hash table entries: 512 (order: 2, 16384 bytes, linear)
[    0.916831] UDP-Lite hash table entries: 512 (order: 2, 16384 bytes, linear)
[    0.918694] NET: Registered PF_UNIX/PF_LOCAL protocol family
[    0.919869] pci_bus 0000:00: resource 4 [io  0x0000-0x0cf7 window]
[    0.921116] pci_bus 0000:00: resource 5 [io  0x0d00-0xffff window]
[    0.922371] pci_bus 0000:00: resource 6 [mem 0x000a0000-0x000bffff window]
[    0.923752] pci_bus 0000:00: resource 7 [mem 0x40000000-0xfebfffff window]
[    0.925140] pci_bus 0000:00: resource 8 [mem 0x100000000-0x17fffffff window]
[    0.926804] pci 0000:00:01.0: PIIX3: Enabling Passive Release
[    0.927976] pci 0000:00:00.0: Limiting direct PCI/PCI transfers
[    0.929274] PCI: CLS 0 bytes, default 64
[    0.947143] RAPL PMU: API unit is 2^-32 Joules, 1 fixed counters, 10737418240 ms ovfl timer
[    0.949131] RAPL PMU: hw unit of domain psys 2^-0 Joules
[    1.275029] kwatchdog (374) used greatest stack depth: 30696 bytes left
[    1.318320] kvm_amd: CPU 3 isn't AMD or Hygon
[    1.319222] clocksource: tsc: mask: 0xffffffffffffffff max_cycles: 0x39a85c9bff6, max_idle_ns: 881590591483 ns
[    1.475693] Initialise system trusted keyrings
[    1.477525] workingset: timestamp_bits=56 max_order=18 bucket_order=0
[    1.479371] squashfs: version 4.0 (2009/01/31) Phillip Lougher
[    1.480645] fuse: init (API version 7.40)
[    1.482155] 9p: Installing v9fs 9p2000 file system support
[    1.502355] Key type asymmetric registered
[    1.503212] Asymmetric key parser 'x509' registered
[    1.504282] Block layer SCSI generic (bsg) driver version 0.4 loaded (major 249)
[    1.505820] io scheduler mq-deadline registered
[    1.506745] io scheduler kyber registered
[    1.524740] input: Power Button as /devices/LNXSYSTM:00/LNXPWRBN:00/input/input0
[    1.526973] ACPI: button: Power Button [PWRF]
[    1.530973] Warning: Processor Platform Limit event detected, but not handled.
[    1.533320] Consider compiling CPUfreq support into your kernel.
[    2.454349] ACPI: \_SB_.LNKB: Enabled at IRQ 10
[    3.339099] ACPI: \_SB_.LNKC: Enabled at IRQ 11
[    4.223756] ACPI: \_SB_.LNKA: Enabled at IRQ 10
[    4.226587] Serial: 8250/16550 driver, 4 ports, IRQ sharing enabled
[    4.228320] 00:03: ttyS0 at I/O 0x3f8 (irq = 4, base_baud = 115200) is a 16550A
[    4.268057] Non-volatile memory driver v1.3
[    4.270572] Linux agpgart interface v0.103
[    4.271172] ACPI: bus type drm_connector registered
[    4.273753] printk: legacy console [hvc0] enabled
[    4.274736] printk: legacy bootconsole [earlyser0] disabled
          _      _                                    
   __   _(_)_ __| |_ _ __ ___   ___       _ __   __ _ 
   \ \ / / |  __| __|  _   _ \ / _ \_____|  _ \ / _  |
    \ V /| | |  | |_| | | | | |  __/_____| | | | (_| |
     \_/ |_|_|   \__|_| |_| |_|\___|     |_| |_|\__  |
                                                |___/ 
   kernel version: 6.11.0-rc1-virtme x86_64
   (CTRL+d to exit)

root@virtme-ng:/nipa-data/kernel# PS1='xx__-> '
xx__-> env
PWD=/nipa-data/kernel
nr_open=1048576
HOME=/
TERM=xterm
SHLVL=2
XDG_RUNTIME_DIR=/run/user/0
PATH=/bin:/sbin:/usr/bin:/usr/sbin:/usr/local/bin
OLDPWD=/
_=/bin/env
xx__-> 