No EFI environment detected.
early console in extract_kernel
input_data: 0x00000000030602b9
input_len: 0x0000000000b830ad
output: 0x0000000001000000
output_len: 0x000000000252f3f8
kernel_total_size: 0x0000000002c30000
needed_size: 0x0000000002e00000
trampoline_32bit: 0x0000000000000000
Physical KASLR using RDRAND RDTSC...
Virtual KASLR using RDRAND RDTSC...

Decompressing Linux... Parsing ELF... Performing relocations... done.
Booting the kernel (entry_offset: 0x0000000000000000).
[    0.000000] Linux version 6.8.0-rc3-virtme (root@9bdc078c7f64) (gcc (Alpine 13.2.1_git20231014) 13.2.1 20231014, GNU ld (GNU Binutils) 2.41) #1 SMP PREEMPT_DYNAMIC Mon Feb 12 12:06:14 UTC 2024
[    0.000000] Command line: virtme_hostname=virtme-ng virtme_link_mods=/nipa-data/kernel/.virtme_mods/lib/modules/0.0.0 virtme_initmount0=nipa-data/kernel virtme_rw_overlay0=/etc virtme_rw_overlay1=/lib virtme_rw_overlay2=/home virtme_rw_overlay3=/opt virtme_rw_overlay4=/srv virtme_rw_overlay5=/usr virtme_rw_overlay6=/var earlyprintk=serial,ttyS0,115200 console=ttyS0 psmouse.proto=exps TERM=xterm virtme_chdir=nipa-data/kernel virtme_root_user=1 rootfstype=9p rootflags=version=9p2000.L,trans=virtio,access=any raid=noautodetect ro init=/usr/lib/python3.11/site-packages/virtme/guest/virtme-init
[    0.000000] BIOS-provided physical RAM map:
[    0.000000] BIOS-e820: [mem 0x0000000000000000-0x000000000009fbff] usable
[    0.000000] BIOS-e820: [mem 0x000000000009fc00-0x000000000009ffff] reserved
[    0.000000] BIOS-e820: [mem 0x00000000000f0000-0x00000000000fffff] reserved
[    0.000000] BIOS-e820: [mem 0x0000000000100000-0x000000003ffdffff] usable
[    0.000000] BIOS-e820: [mem 0x000000003ffe0000-0x000000003fffffff] reserved
[    0.000000] BIOS-e820: [mem 0x00000000feffc000-0x00000000feffffff] reserved
[    0.000000] BIOS-e820: [mem 0x00000000fffc0000-0x00000000ffffffff] reserved
[    0.000000] BIOS-e820: [mem 0x000000fd00000000-0x000000ffffffffff] reserved
[    0.000000] printk: legacy bootconsole [earlyser0] enabled
[    0.000000] NX (Execute Disable) protection: active
[    0.000000] APIC: Static calls initialized
[    0.000000] SMBIOS 3.0.0 present.
[    0.000000] DMI: QEMU Standard PC (i440FX + PIIX, 1996), BIOS rel-1.16.3-0-ga6ed6b701f0a-prebuilt.qemu.org 04/01/2014
[    0.000000] Hypervisor detected: KVM
[    0.000000] kvm-clock: Using msrs 4b564d01 and 4b564d00
[    0.000000] kvm-clock: using sched offset of 221966633 cycles
[    0.000392] clocksource: kvm-clock: mask: 0xffffffffffffffff max_cycles: 0x1cd42e4dffb, max_idle_ns: 881590591483 ns
[    0.001628] tsc: Detected 4491.536 MHz processor
[    0.002257] last_pfn = 0x3ffe0 max_arch_pfn = 0x400000000
[    0.002697] MTRR map: 4 entries (3 fixed + 1 variable; max 19), built from 8 variable MTRRs
[    0.003324] x86/PAT: Configuration [0-7]: WB  WC  UC- UC  WB  WP  UC- WT  
Memory KASLR using RDRAND RDTSC...
[    0.005449] found SMP MP-table at [mem 0x000f5470-0x000f547f]
[    0.005892] Using GB pages for direct mapping
[    0.006297] ACPI: Early table checksum verification disabled
[    0.006731] ACPI: RSDP 0x00000000000F5290 000014 (v00 BOCHS )
[    0.007162] ACPI: RSDT 0x000000003FFE27B6 000034 (v01 BOCHS  BXPC     00000001 BXPC 00000001)
[    0.007808] ACPI: FACP 0x000000003FFE2572 000074 (v01 BOCHS  BXPC     00000001 BXPC 00000001)
[    0.008449] ACPI: DSDT 0x000000003FFE0040 002532 (v01 BOCHS  BXPC     00000001 BXPC 00000001)
[    0.009102] ACPI: FACS 0x000000003FFE0000 000040
[    0.009452] ACPI: APIC 0x000000003FFE25E6 000170 (v03 BOCHS  BXPC     00000001 BXPC 00000001)
[    0.010108] ACPI: HPET 0x000000003FFE2756 000038 (v01 BOCHS  BXPC     00000001 BXPC 00000001)
[    0.010780] ACPI: WAET 0x000000003FFE278E 000028 (v01 BOCHS  BXPC     00000001 BXPC 00000001)
[    0.011420] ACPI: Reserving FACP table memory at [mem 0x3ffe2572-0x3ffe25e5]
[    0.011953] ACPI: Reserving DSDT table memory at [mem 0x3ffe0040-0x3ffe2571]
[    0.012486] ACPI: Reserving FACS table memory at [mem 0x3ffe0000-0x3ffe003f]
[    0.013029] ACPI: Reserving APIC table memory at [mem 0x3ffe25e6-0x3ffe2755]
[    0.013560] ACPI: Reserving HPET table memory at [mem 0x3ffe2756-0x3ffe278d]
[    0.014091] ACPI: Reserving WAET table memory at [mem 0x3ffe278e-0x3ffe27b5]
[    0.014789] No NUMA configuration found
[    0.015079] Faking a node at [mem 0x0000000000000000-0x000000003ffdffff]
[    0.015599] NODE_DATA(0) allocated [mem 0x3ffdb000-0x3ffdffff]
[    0.016051] Zone ranges:
[    0.016242]   DMA      [mem 0x0000000000001000-0x0000000000ffffff]
[    0.016745]   DMA32    [mem 0x0000000001000000-0x000000003ffdffff]
[    0.017304]   Normal   empty
[    0.017565]   Device   empty
[    0.017824] Movable zone start for each node
[    0.018207] Early memory node ranges
[    0.018528]   node   0: [mem 0x0000000000001000-0x000000000009efff]
[    0.019091]   node   0: [mem 0x0000000000100000-0x000000003ffdffff]
[    0.019654] Initmem setup node 0 [mem 0x0000000000001000-0x000000003ffdffff]
[    0.020287] On node 0, zone DMA: 1 pages in unavailable ranges
[    0.020831] On node 0, zone DMA: 97 pages in unavailable ranges
[    0.022516] On node 0, zone DMA32: 32 pages in unavailable ranges
[    0.023304] ACPI: PM-Timer IO Port: 0x608
[    0.023669] ACPI: LAPIC_NMI (acpi_id[0xff] dfl dfl lint[0x1])
[    0.024206] IOAPIC[0]: apic_id 0, version 17, address 0xfec00000, GSI 0-23
[    0.024829] ACPI: INT_SRC_OVR (bus 0 bus_irq 0 global_irq 2 dfl dfl)
[    0.025400] ACPI: INT_SRC_OVR (bus 0 bus_irq 5 global_irq 5 high level)
[    0.025993] ACPI: INT_SRC_OVR (bus 0 bus_irq 9 global_irq 9 high level)
[    0.026585] ACPI: INT_SRC_OVR (bus 0 bus_irq 10 global_irq 10 high level)
[    0.027192] ACPI: INT_SRC_OVR (bus 0 bus_irq 11 global_irq 11 high level)
[    0.027802] ACPI: Using ACPI (MADT) for SMP configuration information
[    0.028378] ACPI: HPET id: 0x8086a201 base: 0xfed00000
[    0.028844] TSC deadline timer available
[    0.029196] smpboot: Allowing 32 CPUs, 0 hotplug CPUs
[    0.029672] kvm-guest: APIC: eoi() replaced with kvm_guest_apic_eoi_write()
[    0.030308] kvm-guest: KVM setup pv remote TLB flush
[    0.030756] kvm-guest: setup PV sched yield
[    0.031137] PM: hibernation: Registered nosave memory: [mem 0x00000000-0x00000fff]
[    0.031824] PM: hibernation: Registered nosave memory: [mem 0x0009f000-0x0009ffff]
[    0.032507] PM: hibernation: Registered nosave memory: [mem 0x000a0000-0x000effff]
[    0.033156] PM: hibernation: Registered nosave memory: [mem 0x000f0000-0x000fffff]
[    0.033734] [mem 0x40000000-0xfeffbfff] available for PCI devices
[    0.034203] Booting paravirtualized kernel on KVM
[    0.034557] clocksource: refined-jiffies: mask: 0xffffffff max_cycles: 0xffffffff, max_idle_ns: 1910969940391419 ns
[    0.038332] setup_percpu: NR_CPUS:64 nr_cpumask_bits:32 nr_cpu_ids:32 nr_node_ids:1
[    0.039515] percpu: Embedded 58 pages/cpu s199840 r8192 d29536 u262144
[    0.040049] Kernel command line: virtme_hostname=virtme-ng virtme_link_mods=/nipa-data/kernel/.virtme_mods/lib/modules/0.0.0 virtme_initmount0=nipa-data/kernel virtme_rw_overlay0=/etc virtme_rw_overlay1=/lib virtme_rw_overlay2=/home virtme_rw_overlay3=/opt virtme_rw_overlay4=/srv virtme_rw_overlay5=/usr virtme_rw_overlay6=/var earlyprintk=serial,ttyS0,115200 console=ttyS0 psmouse.proto=exps TERM=xterm virtme_chdir=nipa-data/kernel virtme_root_user=1 rootfstype=9p rootflags=version=9p2000.L,trans=virtio,access=any raid=noautodetect ro init=/usr/lib/python3.11/site-packages/virtme/guest/virtme-init
[    0.044234] Unknown kernel command line parameters "virtme_hostname=virtme-ng virtme_link_mods=/nipa-data/kernel/.virtme_mods/lib/modules/0.0.0 virtme_initmount0=nipa-data/kernel virtme_rw_overlay0=/etc virtme_rw_overlay1=/lib virtme_rw_overlay2=/home virtme_rw_overlay3=/opt virtme_rw_overlay4=/srv virtme_rw_overlay5=/usr virtme_rw_overlay6=/var virtme_chdir=nipa-data/kernel virtme_root_user=1", will be passed to user space.
[    0.047369] random: crng init done
[    0.047663] Dentry cache hash table entries: 131072 (order: 8, 1048576 bytes, linear)
[    0.048296] Inode-cache hash table entries: 65536 (order: 7, 524288 bytes, linear)
[    0.048998] Fallback order for Node 0: 0 
[    0.049001] Built 1 zonelists, mobility grouping on.  Total pages: 257760
[    0.049841] Policy zone: DMA32
[    0.050078] mem auto-init: stack:all(zero), heap alloc:off, heap free:off
[    0.052085] Memory: 976376K/1048056K available (16384K kernel code, 2559K rwdata, 6072K rodata, 3156K init, 12004K bss, 71420K reserved, 0K cma-reserved)
[    0.053212] SLUB: HWalign=64, Order=0-3, MinObjects=0, CPUs=32, Nodes=1
Poking KASLR using RDRAND RDTSC...
[    0.054006] ftrace: allocating 46554 entries in 182 pages
[    0.061092] ftrace: allocated 182 pages with 5 groups
[    0.062293] Dynamic Preempt: voluntary
[    0.062795] Running RCU self tests
[    0.063066] Running RCU synchronous self tests
[    0.063415] rcu: Preemptible hierarchical RCU implementation.
[    0.063864] rcu: RCU event tracing is enabled.
[    0.064213] rcu: RCU lockdep checking is enabled.
[    0.064581] rcu: RCU restricting CPUs from NR_CPUS=64 to nr_cpu_ids=32.
[    0.065107] Trampoline variant of Tasks RCU enabled.
[    0.065495] Rude variant of Tasks RCU enabled.
[    0.065850] Tracing variant of Tasks RCU enabled.
[    0.066219] rcu: RCU calculated value of scheduler-enlistment delay is 100 jiffies.
[    0.066807] rcu: Adjusting geometry for rcu_fanout_leaf=16, nr_cpu_ids=32
[    0.067362] Running RCU synchronous self tests
[    0.069313] NR_IRQS: 4352, nr_irqs: 680, preallocated irqs: 16
[    0.069958] rcu: srcu_init: Setting srcu_struct sizes based on contention.
[    0.070687] Console: colour *CGA 80x25
[    0.071011] printk: legacy console [ttyS0] enabled
[    0.071011] printk: legacy console [ttyS0] enabled
[    0.071743] printk: legacy bootconsole [earlyser0] disabled
[    0.071743] printk: legacy bootconsole [earlyser0] disabled
[    0.072608] Lock dependency validator: Copyright (c) 2006 Red Hat, Inc., Ingo Molnar
[    0.073213] ... MAX_LOCKDEP_SUBCLASSES:  8
[    0.073531] ... MAX_LOCK_DEPTH:          48
[    0.073860] ... MAX_LOCKDEP_KEYS:        8192
[    0.074197] ... CLASSHASH_SIZE:          4096
[    0.074533] ... MAX_LOCKDEP_ENTRIES:     32768
[    0.074885] ... MAX_LOCKDEP_CHAINS:      65536
[    0.075228] ... CHAINHASH_SIZE:          32768
[    0.075571]  memory used by lock dependency info: 6429 kB
[    0.075992]  memory used for stack traces: 4224 kB
[    0.076363]  per task-struct memory footprint: 1920 bytes
[    0.076800] ACPI: Core revision 20230628
[    0.077217] clocksource: hpet: mask: 0xffffffff max_cycles: 0xffffffff, max_idle_ns: 19112604467 ns
[    0.078025] APIC: Switch to symmetric I/O mode setup
[    0.078422] APIC: Switched APIC routing to: physical flat
[    0.078848] kvm-guest: APIC: send_IPI_mask() replaced with kvm_send_ipi_mask()
[    0.079405] kvm-guest: APIC: send_IPI_mask_allbutself() replaced with kvm_send_ipi_mask_allbutself()
[    0.080113] kvm-guest: setup PV IPIs
[    0.081244] ..TIMER: vector=0x30 apic1=0 pin1=2 apic2=-1 pin2=-1
[    0.082088] tsc: Marking TSC unstable due to TSCs unsynchronized
[    0.082916] Calibrating delay loop (skipped) preset value.. 8983.07 BogoMIPS (lpj=4491536)
[    0.083971] x86/cpu: User Mode Instruction Prevention (UMIP) activated
[    0.084970] Last level iTLB entries: 4KB 512, 2MB 255, 4MB 127
[    0.085767] Last level dTLB entries: 4KB 512, 2MB 255, 4MB 127, 1GB 0
[    0.085916] Spectre V1 : Mitigation: usercopy/swapgs barriers and __user pointer sanitization
[    0.086915] Spectre V2 : Mitigation: Enhanced / Automatic IBRS
[    0.087716] Spectre V2 : Spectre v2 / SpectreRSB mitigation: Filling RSB on context switch
[    0.087913] Spectre V2 : mitigation: Enabling conditional Indirect Branch Prediction Barrier
[    0.088912] Speculative Store Bypass: Mitigation: Speculative Store Bypass disabled via prctl
[    0.089911] Speculative Return Stack Overflow: IBPB-extending microcode not applied!
[    0.090911] Speculative Return Stack Overflow: WARNING: See https://kernel.org/doc/html/latest/admin-guide/hw-vuln/srso.html for mitigation options.
[    0.090911] Speculative Return Stack Overflow: Vulnerable: Safe RET, no microcode
[    0.092932] x86/fpu: Supporting XSAVE feature 0x001: 'x87 floating point registers'
[    0.093911] x86/fpu: Supporting XSAVE feature 0x002: 'SSE registers'
[    0.094911] x86/fpu: Supporting XSAVE feature 0x004: 'AVX registers'
[    0.095911] x86/fpu: Supporting XSAVE feature 0x020: 'AVX-512 opmask'
[    0.096777] x86/fpu: Supporting XSAVE feature 0x040: 'AVX-512 Hi256'
[    0.096911] x86/fpu: Supporting XSAVE feature 0x080: 'AVX-512 ZMM_Hi256'
[    0.097910] x86/fpu: Supporting XSAVE feature 0x200: 'Protection Keys User registers'
[    0.098911] x86/fpu: xstate_offset[2]:  576, xstate_sizes[2]:  256
[    0.099911] x86/fpu: xstate_offset[5]:  832, xstate_sizes[5]:   64
[    0.100910] x86/fpu: xstate_offset[6]:  896, xstate_sizes[6]:  512
[    0.101911] x86/fpu: xstate_offset[7]: 1408, xstate_sizes[7]: 1024
[    0.102911] x86/fpu: xstate_offset[9]: 2432, xstate_sizes[9]:    8
[    0.103911] x86/fpu: Enabled xstate features 0x2e7, context size is 2440 bytes, using 'compacted' format.
[    0.123182] Freeing SMP alternatives memory: 36K
[    0.123804] pid_max: default: 32768 minimum: 301
[    0.123989] Mount-cache hash table entries: 2048 (order: 2, 16384 bytes, linear)
[    0.124913] Mountpoint-cache hash table entries: 2048 (order: 2, 16384 bytes, linear)
[    0.127209] Running RCU synchronous self tests
[    0.127819] Running RCU synchronous self tests
[    0.128068] smpboot: CPU0: AMD Ryzen 9 7950X 16-Core Processor (family: 0x19, model: 0x61, stepping: 0x2)
[    0.129281] RCU Tasks: Setting shift to 5 and lim to 1 rcu_task_cb_adjust=1.
[    0.129943] RCU Tasks Rude: Setting shift to 5 and lim to 1 rcu_task_cb_adjust=1.
[    0.130951] RCU Tasks Trace: Setting shift to 5 and lim to 1 rcu_task_cb_adjust=1.
[    0.131950] Running RCU Tasks wait API self tests
[    0.239985] Running RCU Tasks Rude wait API self tests
[    0.240780] Running RCU Tasks Trace wait API self tests
[    0.240962] Performance Events: Fam17h+ core perfctr, AMD PMU driver.
[    0.241869] ... version:                0
[    0.241914] ... bit width:              48
[    0.242464] ... generic registers:      6
[    0.242914] ... value mask:             0000ffffffffffff
[    0.243616] ... max period:             00007fffffffffff
[    0.243913] ... fixed-purpose events:   0
[    0.244455] ... event mask:             000000000000003f
[    0.245107] signal: max sigframe size: 3376
[    0.245763] rcu: Hierarchical SRCU implementation.
[    0.245915] rcu: Max phase no-delay instances is 400.
[    0.248371] Callback from call_rcu_tasks_trace() invoked.
[    0.250807] smp: Bringing up secondary CPUs ...
[    0.251224] smpboot: x86: Booting SMP configuration:
[    0.251920] .... node  #0, CPUs:        #1  #2  #3  #4  #5  #6  #7  #8  #9 #10 #11 #12 #13 #14 #15 #16 #17 #18 #19 #20 #21 #22 #23 #24 #25 #26 #27 #28 #29 #30 #31
[    0.278070] smp: Brought up 1 node, 32 CPUs
[    0.279472] smpboot: Max logical packages: 1
[    0.279920] smpboot: Total of 32 processors activated (287458.30 BogoMIPS)
[    0.285133] devtmpfs: initialized
[    0.286006] x86/mm: Memory block size: 128MB
[    0.288682] Running RCU synchronous self tests
[    0.288928] Running RCU synchronous self tests
[    0.289616] clocksource: jiffies: mask: 0xffffffff max_cycles: 0xffffffff, max_idle_ns: 1911260446275000 ns
[    0.289919] futex hash table entries: 8192 (order: 8, 1048576 bytes, linear)
[    0.291351] PM: RTC time: 12:06:47, date: 2024-02-12
[    0.292554] NET: Registered PF_NETLINK/PF_ROUTE protocol family
[    0.293527] thermal_sys: Registered thermal governor 'step_wise'
[    0.293530] thermal_sys: Registered thermal governor 'user_space'
[    0.293963] cpuidle: using governor menu
[    0.296275] PCI: Using configuration type 1 for base access
[    0.296913] PCI: Using configuration type 1 for extended access
[    0.297826] kprobes: kprobe jump-optimization is enabled. All kprobes are optimized if possible.
[    0.313235] HugeTLB: registered 1.00 GiB page size, pre-allocated 0 pages
[    0.313914] HugeTLB: 16380 KiB vmemmap can be freed for a 1.00 GiB page
[    0.314798] HugeTLB: registered 2.00 MiB page size, pre-allocated 0 pages
[    0.314914] HugeTLB: 28 KiB vmemmap can be freed for a 2.00 MiB page
[    0.316446] ACPI: Added _OSI(Module Device)
[    0.316914] ACPI: Added _OSI(Processor Device)
[    0.317510] ACPI: Added _OSI(3.0 _SCP Extensions)
[    0.317913] ACPI: Added _OSI(Processor Aggregator Device)
[    0.323552] ACPI: 1 ACPI AML tables successfully acquired and loaded
[    0.325030] ACPI: _OSC evaluation for CPUs failed, trying _PDC
[    0.326420] ACPI: Interpreter enabled
[    0.326952] ACPI: PM: (supports S0 S3 S4 S5)
[    0.327528] ACPI: Using IOAPIC for interrupt routing
[    0.327933] PCI: Using host bridge windows from ACPI; if necessary, use "pci=nocrs" and report a bug
[    0.328913] PCI: Using E820 reservations for host bridge windows
[    0.329994] ACPI: Enabled 2 GPEs in block 00 to 0F
[    0.339526] ACPI: PCI Root Bridge [PCI0] (domain 0000 [bus 00-ff])
[    0.339916] acpi PNP0A03:00: _OSC: OS supports [ExtendedConfig ASPM ClockPM Segments MSI HPX-Type3]
[    0.341413] PCI host bridge to bus 0000:00
[    0.341914] pci_bus 0000:00: root bus resource [io  0x0000-0x0cf7 window]
[    0.342815] pci_bus 0000:00: root bus resource [io  0x0d00-0xffff window]
[    0.342915] pci_bus 0000:00: root bus resource [mem 0x000a0000-0x000bffff window]
[    0.343903] pci_bus 0000:00: root bus resource [mem 0x40000000-0xfebfffff window]
[    0.344879] pci_bus 0000:00: root bus resource [mem 0x100000000-0x17fffffff window]
[    0.345973] pci_bus 0000:00: root bus resource [bus 00-ff]
[    0.345960] Callback from call_rcu_tasks_rude() invoked.
[    0.347266] pci 0000:00:00.0: [8086:1237] type 00 class 0x060000 conventional PCI endpoint
[    0.348445] pci 0000:00:01.0: [8086:7000] type 00 class 0x060100 conventional PCI endpoint
[    0.350359] pci 0000:00:01.1: [8086:7010] type 00 class 0x010180 conventional PCI endpoint
[    0.354145] pci 0000:00:01.1: BAR 4 [io  0xc080-0xc08f]
[    0.355591] pci 0000:00:01.1: BAR 0 [io  0x01f0-0x01f7]: legacy IDE quirk
[    0.356914] pci 0000:00:01.1: BAR 1 [io  0x03f6]: legacy IDE quirk
[    0.357707] pci 0000:00:01.1: BAR 2 [io  0x0170-0x0177]: legacy IDE quirk
[    0.357913] pci 0000:00:01.1: BAR 3 [io  0x0376]: legacy IDE quirk
[    0.358918] pci 0000:00:01.3: [8086:7113] type 00 class 0x068000 conventional PCI endpoint
[    0.360166] pci 0000:00:01.3: quirk: [io  0x0600-0x063f] claimed by PIIX4 ACPI
[    0.361918] pci 0000:00:01.3: quirk: [io  0x0700-0x070f] claimed by PIIX4 SMB
[    0.363116] pci 0000:00:02.0: [1af4:1009] type 00 class 0x000200 conventional PCI endpoint
[    0.365914] pci 0000:00:02.0: BAR 0 [io  0xc000-0xc03f]
[    0.367547] pci 0000:00:02.0: BAR 1 [mem 0xfebfd000-0xfebfdfff]
[    0.371914] pci 0000:00:02.0: BAR 4 [mem 0xfebf4000-0xfebf7fff 64bit pref]
[    0.376151] pci 0000:00:03.0: [1af4:1009] type 00 class 0x000200 conventional PCI endpoint
[    0.378914] pci 0000:00:03.0: BAR 0 [io  0xc040-0xc07f]
[    0.380536] pci 0000:00:03.0: BAR 1 [mem 0xfebfe000-0xfebfefff]
[    0.385553] pci 0000:00:03.0: BAR 4 [mem 0xfebf8000-0xfebfbfff 64bit pref]
[    0.389065] pci 0000:00:04.0: [8086:25ab] type 00 class 0x088000 conventional PCI endpoint
[    0.390412] pci 0000:00:04.0: BAR 0 [mem 0xfebff000-0xfebff00f]
[    0.396729] ACPI: PCI: Interrupt link LNKA configured for IRQ 10
[    0.398083] ACPI: PCI: Interrupt link LNKB configured for IRQ 10
[    0.398996] ACPI: PCI: Interrupt link LNKC configured for IRQ 11
[    0.399972] ACPI: PCI: Interrupt link LNKD configured for IRQ 11
[    0.400870] ACPI: PCI: Interrupt link LNKS configured for IRQ 9
[    0.403397] iommu: Default domain type: Translated
[    0.404914] iommu: DMA domain TLB invalidation policy: lazy mode
[    0.406018] SCSI subsystem initialized
[    0.406609] pps_core: LinuxPPS API ver. 1 registered
[    0.406916] pps_core: Software ver. 5.3.6 - Copyright 2005-2007 Rodolfo Giometti <giometti@linux.it>
[    0.407922] PTP clock support registered
[    0.408994] Advanced Linux Sound Architecture Driver Initialized.
[    0.410528] NET: Registered PF_ATMPVC protocol family
[    0.410914] NET: Registered PF_ATMSVC protocol family
[    0.411605] PCI: Using ACPI for IRQ routing
[    0.413086] vgaarb: loaded
[    0.413309] hpet0: at MMIO 0xfed00000, IRQs 2, 8, 0
[    0.413915] hpet0: 3 comparators, 64-bit 100.000000 MHz counter
[    0.421325] clocksource: Switched to clocksource kvm-clock
[    0.422689] VFS: Disk quotas dquot_6.6.0
[    0.423224] VFS: Dquot-cache hash table entries: 512 (order 0, 4096 bytes)
[    0.424261] pnp: PnP ACPI init
[    0.425227] pnp: PnP ACPI: found 5 devices
[    0.435196] clocksource: acpi_pm: mask: 0xffffff max_cycles: 0xffffff, max_idle_ns: 2085701024 ns
[    0.436602] NET: Registered PF_INET protocol family
[    0.437311] IP idents hash table entries: 16384 (order: 5, 131072 bytes, linear)
[    0.438581] tcp_listen_portaddr_hash hash table entries: 512 (order: 3, 36864 bytes, linear)
[    0.439703] Table-perturb hash table entries: 65536 (order: 6, 262144 bytes, linear)
[    0.440748] TCP established hash table entries: 8192 (order: 4, 65536 bytes, linear)
[    0.441804] TCP bind hash table entries: 8192 (order: 8, 1179648 bytes, linear)
[    0.443459] TCP: Hash tables configured (established 8192 bind 8192)
[    0.444557] UDP hash table entries: 512 (order: 4, 81920 bytes, linear)
[    0.445551] UDP-Lite hash table entries: 512 (order: 4, 81920 bytes, linear)
[    0.446622] NET: Registered PF_UNIX/PF_LOCAL protocol family
[    0.447378] pci_bus 0000:00: resource 4 [io  0x0000-0x0cf7 window]
[    0.448195] pci_bus 0000:00: resource 5 [io  0x0d00-0xffff window]
[    0.449004] pci_bus 0000:00: resource 6 [mem 0x000a0000-0x000bffff window]
[    0.449898] pci_bus 0000:00: resource 7 [mem 0x40000000-0xfebfffff window]
[    0.450795] pci_bus 0000:00: resource 8 [mem 0x100000000-0x17fffffff window]
[    0.451772] Callback from call_rcu_tasks() invoked.
[    0.451809] pci 0000:00:01.0: PIIX3: Enabling Passive Release
[    0.453377] pci 0000:00:00.0: Limiting direct PCI/PCI transfers
[    0.454196] PCI: CLS 0 bytes, default 64
[    0.454761] kvm_intel: VMX not supported by CPU 6
[    0.455440] kvm_amd: TSC scaling supported
[    0.455984] kvm_amd: Nested Virtualization enabled
[    0.456606] kvm_amd: Nested Paging enabled
[    0.457468] kvm_amd: Virtual VMLOAD VMSAVE supported
[    0.458120] kvm_amd: Virtual GIF supported
[    0.458655] kvm_amd: Virtual NMI enabled
[    0.459171] kvm_amd: LBR virtualization supported
[    0.555138] workingset: timestamp_bits=56 max_order=18 bucket_order=0
[    0.556376] squashfs: version 4.0 (2009/01/31) Phillip Lougher
[    0.557377] fuse: init (API version 7.39)
[    0.558152] 9p: Installing v9fs 9p2000 file system support
[    0.559195] Key type asymmetric registered
[    0.559916] Block layer SCSI generic (bsg) driver version 0.4 loaded (major 249)
[    0.561215] io scheduler mq-deadline registered
[    0.561977] io scheduler kyber registered
[    0.564214] input: Power Button as /devices/LNXSYSTM:00/LNXPWRBN:00/input/input0
[    0.565739] ACPI: button: Power Button [PWRF]
[    0.566600] Warning: Processor Platform Limit event detected, but not handled.
[    0.567799] Consider compiling CPUfreq support into your kernel.
[    0.662901] ACPI: \_SB_.LNKB: Enabled at IRQ 10
[    0.736057] ACPI: \_SB_.LNKC: Enabled at IRQ 11
[    0.737546] Serial: 8250/16550 driver, 4 ports, IRQ sharing enabled
[    0.738767] 00:03: ttyS0 at I/O 0x3f8 (irq = 4, base_baud = 115200) is a 16550A
[    0.740919] Non-volatile memory driver v1.3
[    0.741523] Linux agpgart interface v0.103
[    0.742187] ACPI: bus type drm_connector registered
[    0.757276] loop: module loaded
[    0.759460] scsi host0: ata_piix
[    0.760391] scsi host1: ata_piix
[    0.761022] ata1: PATA max MWDMA2 cmd 0x1f0 ctl 0x3f6 bmdma 0xc080 irq 14 lpm-pol 0
[    0.762102] ata2: PATA max MWDMA2 cmd 0x170 ctl 0x376 bmdma 0xc088 irq 15 lpm-pol 0
[    0.763843] i8042: PNP: PS/2 Controller [PNP0303:KBD,PNP0f13:MOU] at 0x60,0x64 irq 1,12
[    0.765598] serio: i8042 KBD port at 0x60,0x64 irq 1
[    0.766270] serio: i8042 AUX port at 0x60,0x64 irq 12
[    0.767533] rtc_cmos 00:04: RTC can wake from S4
[    0.768516] input: AT Translated Set 2 keyboard as /devices/platform/i8042/serio0/input/input1
[    0.770836] rtc_cmos 00:04: registered as rtc0
[    0.771510] rtc_cmos 00:04: setting system clock to 2024-02-12T12:06:47 UTC (1707739607)
[    0.772668] rtc_cmos 00:04: alarms up to one day, y3k, 242 bytes nvram, hpet irqs
[    0.774322] i6300ESB timer 0000:00:04.0: initialized. heartbeat=30 sec (nowayout=0)
[    0.775659] device-mapper: ioctl: 4.48.0-ioctl (2023-03-01) initialised: dm-devel@redhat.com
[    0.777588] NET: Registered PF_PACKET protocol family
[    0.778301] 9pnet: Installing 9P2000 support
[    0.779978] Key type dns_resolver registered
[    0.781406] input: ImExPS/2 Generic Explorer Mouse as /devices/platform/i8042/serio1/input/input3
[    0.785746] IPI shorthand broadcast: enabled
[    0.794143] sched_clock: Marking stable (784002510, 9418345)->(816806480, -23385625)
[    0.795452] registered taskstats version 1
[    0.800843] PM:   Magic number: 12:213:127
[    0.801447] acpi device:02: hash matches
[    0.802003] printk: legacy console [netcon0] enabled
[    0.802659] netconsole: network logging started
[    0.803395] ALSA device list:
[    0.803848]   No soundcards found.
[    0.919706] ata2: found unknown device (class 0)
[    0.921016] ata2.00: ATAPI: QEMU DVD-ROM, 2.5+, max UDMA/100
[    0.923338] scsi 1:0:0:0: CD-ROM            QEMU     QEMU DVD-ROM     2.5+ PQ: 0 ANSI: 5
[    0.932232] scsi 1:0:0:0: Attached scsi generic sg0 type 5
[    0.933222] md: Skipping autodetection of RAID arrays. (raid=autodetect will force)
[    0.934524] 9pnet_virtio: no channels available for device 
[    0.936177] VFS: Mounted root (9p filesystem) readonly on device 0:19.
[    0.937428] devtmpfs: mounted
[    0.939912] Freeing unused kernel image (initmem) memory: 3156K
[    0.946464] Write protecting the kernel read-only data: 22528k
[    0.947847] Freeing unused kernel image (rodata/data gap) memory: 72K
[    0.983982] x86/mm: Checked W+X mappings: passed, no W+X pages found.
[    0.984958] Run /usr/lib/python3.11/site-packages/virtme/guest/virtme-init as init process
[    1.012506] mount (268) used greatest stack depth: 12984 bytes left
[    1.072020] mount (282) used greatest stack depth: 12776 bytes left
[    1.087243] mount (286) used greatest stack depth: 12584 bytes left
[    1.138500] virtme-init (316) used greatest stack depth: 12328 bytes left
[    1.176939] virtme-init: basic initialization done
[    1.182991] virtme-init: udevd not found
[    1.244606] virtme-init: Setting hostname to virtme-ng...
[    1.259005] ip (359) used greatest stack depth: 12056 bytes left
          _      _                                    
   __   _(_)_ __| |_ _ __ ___   ___       _ __   __ _ 
   \ \ / / |  __| __|  _   _ \ / _ \_____|  _ \ / _  |
    \ V /| | |  | |_| | | | | |  __/_____| | | | (_| |
     \_/ |_|_|   \__|_| |_| |_|\___|     |_| |_|\__  |
                                                |___/ 
   kernel version: 6.8.0-rc3-virtme x86_64

virtme-ng:/nipa-data/kernel# PS1='xx__-> '
xx__-> env
PWD=/nipa-data/kernel
HOME=/
TERM=xterm
SHLVL=2
XDG_RUNTIME_DIR=/run/user/0
PATH=/bin:/sbin:/usr/bin:/usr/sbin:/usr/local/bin
OLDPWD=/
_=/usr/bin/env
xx__-> 