No EFI environment detected.
early console in extract_kernel
input_data: 0x0000000004b122b9
input_len: 0x00000000017bcf8e
output: 0x0000000001000000
output_len: 0x000000000525c284
kernel_total_size: 0x0000000004e30000
needed_size: 0x0000000005400000
trampoline_32bit: 0x0000000000000000
Physical KASLR using RDRAND RDTSC...
Virtual KASLR using RDRAND RDTSC...

Decompressing Linux... Parsing ELF... Performing relocations... done.
Booting the kernel (entry_offset: 0x0000000000000000).
[    0.000000] Linux version 6.8.0-rc5-virtme (root@495f618c5b95) (gcc (Alpine 13.2.1_git20231014) 13.2.1 20231014, GNU ld (GNU Binutils) 2.42) #1 SMP PREEMPT_DYNAMIC Sun Feb 25 15:26:44 UTC 2024
[    0.000000] Command line: virtme_hostname=virtme-ng virtme_link_mods=/nipa-data/kernel/.virtme_mods/lib/modules/0.0.0 virtme_initmount0=nipa-data/kernel virtme_rw_overlay0=/etc virtme_rw_overlay1=/lib virtme_rw_overlay2=/home virtme_rw_overlay3=/opt virtme_rw_overlay4=/srv virtme_rw_overlay5=/usr virtme_rw_overlay6=/var earlyprintk=serial,ttyS0,115200 console=ttyS0 psmouse.proto=exps TERM=xterm virtme_chdir=nipa-data/kernel virtme_root_user=1 rootfstype=9p rootflags=version=9p2000.L,trans=virtio,access=any raid=noautodetect ro init=/usr/lib/python3.11/site-packages/virtme/guest/virtme-init
[    0.000000] BIOS-provided physical RAM map:
[    0.000000] BIOS-e820: [mem 0x0000000000000000-0x000000000009fbff] usable
[    0.000000] BIOS-e820: [mem 0x000000000009fc00-0x000000000009ffff] reserved
[    0.000000] BIOS-e820: [mem 0x00000000000f0000-0x00000000000fffff] reserved
[    0.000000] BIOS-e820: [mem 0x0000000000100000-0x000000003ffdffff] usable
[    0.000000] BIOS-e820: [mem 0x000000003ffe0000-0x000000003fffffff] reserved
[    0.000000] BIOS-e820: [mem 0x00000000feffc000-0x00000000feffffff] reserved
[    0.000000] BIOS-e820: [mem 0x00000000fffc0000-0x00000000ffffffff] reserved
[    0.000000] BIOS-e820: [mem 0x000000fd00000000-0x000000ffffffffff] reserved
[    0.000000] printk: legacy bootconsole [earlyser0] enabled
[    0.000000] NX (Execute Disable) protection: active
[    0.000000] APIC: Static calls initialized
[    0.000000] SMBIOS 3.0.0 present.
[    0.000000] DMI: QEMU Standard PC (i440FX + PIIX, 1996), BIOS rel-1.16.3-0-ga6ed6b701f0a-prebuilt.qemu.org 04/01/2014
[    0.000000] Hypervisor detected: KVM
[    0.000000] kvm-clock: Using msrs 4b564d01 and 4b564d00
[    0.000000] kvm-clock: using sched offset of 339448847 cycles
[    0.000392] clocksource: kvm-clock: mask: 0xffffffffffffffff max_cycles: 0x1cd42e4dffb, max_idle_ns: 881590591483 ns
[    0.001623] tsc: Detected 4491.536 MHz processor
[    0.002364] last_pfn = 0x3ffe0 max_arch_pfn = 0x400000000
[    0.002802] MTRR map: 4 entries (3 fixed + 1 variable; max 19), built from 8 variable MTRRs
[    0.003444] x86/PAT: Configuration [0-7]: WB  WC  UC- UC  WB  WP  UC- WT  
[    0.005576] found SMP MP-table at [mem 0x000f5470-0x000f547f]
[    0.006024] Using GB pages for direct mapping
[    0.006567] ACPI: Early table checksum verification disabled
[    0.007003] ACPI: RSDP 0x00000000000F5290 000014 (v00 BOCHS )
[    0.007437] ACPI: RSDT 0x000000003FFE27B6 000034 (v01 BOCHS  BXPC     00000001 BXPC 00000001)
[    0.008092] ACPI: FACP 0x000000003FFE2572 000074 (v01 BOCHS  BXPC     00000001 BXPC 00000001)
[    0.008735] ACPI: DSDT 0x000000003FFE0040 002532 (v01 BOCHS  BXPC     00000001 BXPC 00000001)
[    0.009388] ACPI: FACS 0x000000003FFE0000 000040
[    0.009737] ACPI: APIC 0x000000003FFE25E6 000170 (v03 BOCHS  BXPC     00000001 BXPC 00000001)
[    0.010386] ACPI: HPET 0x000000003FFE2756 000038 (v01 BOCHS  BXPC     00000001 BXPC 00000001)
[    0.011037] ACPI: WAET 0x000000003FFE278E 000028 (v01 BOCHS  BXPC     00000001 BXPC 00000001)
[    0.011680] ACPI: Reserving FACP table memory at [mem 0x3ffe2572-0x3ffe25e5]
[    0.012213] ACPI: Reserving DSDT table memory at [mem 0x3ffe0040-0x3ffe2571]
[    0.012739] ACPI: Reserving FACS table memory at [mem 0x3ffe0000-0x3ffe003f]
[    0.013273] ACPI: Reserving APIC table memory at [mem 0x3ffe25e6-0x3ffe2755]
[    0.013799] ACPI: Reserving HPET table memory at [mem 0x3ffe2756-0x3ffe278d]
[    0.014339] ACPI: Reserving WAET table memory at [mem 0x3ffe278e-0x3ffe27b5]
[    0.015084] No NUMA configuration found
[    0.015372] Faking a node at [mem 0x0000000000000000-0x000000003ffdffff]
[    0.015886] NODE_DATA(0) allocated [mem 0x3ffdb000-0x3ffdffff]
[    0.016341] Zone ranges:
[    0.016532]   DMA      [mem 0x0000000000001000-0x0000000000ffffff]
[    0.017009]   DMA32    [mem 0x0000000001000000-0x000000003ffdffff]
[    0.017474]   Normal   empty
[    0.017691]   Device   empty
[    0.017911] Movable zone start for each node
[    0.018235] Early memory node ranges
[    0.018501]   node   0: [mem 0x0000000000001000-0x000000000009efff]
[    0.018976]   node   0: [mem 0x0000000000100000-0x000000003ffdffff]
[    0.019447] Initmem setup node 0 [mem 0x0000000000001000-0x000000003ffdffff]
[    0.019989] On node 0, zone DMA: 1 pages in unavailable ranges
[    0.020484] On node 0, zone DMA: 97 pages in unavailable ranges
[    0.025183] On node 0, zone DMA32: 32 pages in unavailable ranges
[    0.034727] kasan: KernelAddressSanitizer initialized
[    0.035358] ACPI: PM-Timer IO Port: 0x608
[    0.035666] ACPI: LAPIC_NMI (acpi_id[0xff] dfl dfl lint[0x1])
[    0.036190] IOAPIC[0]: apic_id 0, version 17, address 0xfec00000, GSI 0-23
[    0.036818] ACPI: INT_SRC_OVR (bus 0 bus_irq 0 global_irq 2 dfl dfl)
[    0.037395] ACPI: INT_SRC_OVR (bus 0 bus_irq 5 global_irq 5 high level)
[    0.037953] ACPI: INT_SRC_OVR (bus 0 bus_irq 9 global_irq 9 high level)
[    0.038448] ACPI: INT_SRC_OVR (bus 0 bus_irq 10 global_irq 10 high level)
[    0.038968] ACPI: INT_SRC_OVR (bus 0 bus_irq 11 global_irq 11 high level)
[    0.039479] ACPI: Using ACPI (MADT) for SMP configuration information
[    0.039972] ACPI: HPET id: 0x8086a201 base: 0xfed00000
[    0.040358] TSC deadline timer available
[    0.040652] smpboot: Allowing 32 CPUs, 0 hotplug CPUs
[    0.041048] kvm-guest: APIC: eoi() replaced with kvm_guest_apic_eoi_write()
[    0.041582] kvm-guest: KVM setup pv remote TLB flush
[    0.041968] kvm-guest: setup PV sched yield
[    0.042288] PM: hibernation: Registered nosave memory: [mem 0x00000000-0x00000fff]
[    0.042860] PM: hibernation: Registered nosave memory: [mem 0x0009f000-0x0009ffff]
[    0.043426] PM: hibernation: Registered nosave memory: [mem 0x000a0000-0x000effff]
[    0.044002] PM: hibernation: Registered nosave memory: [mem 0x000f0000-0x000fffff]
[    0.044571] [mem 0x40000000-0xfeffbfff] available for PCI devices
[    0.045037] Booting paravirtualized kernel on KVM
[    0.045392] clocksource: refined-jiffies: mask: 0xffffffff max_cycles: 0xffffffff, max_idle_ns: 1910969940391419 ns
[    0.054288] setup_percpu: NR_CPUS:64 nr_cpumask_bits:32 nr_cpu_ids:32 nr_node_ids:1
[    0.056103] percpu: Embedded 68 pages/cpu s241448 r8192 d28888 u524288
[    0.056649] Kernel command line: virtme_hostname=virtme-ng virtme_link_mods=/nipa-data/kernel/.virtme_mods/lib/modules/0.0.0 virtme_initmount0=nipa-data/kernel virtme_rw_overlay0=/etc virtme_rw_overlay1=/lib virtme_rw_overlay2=/home virtme_rw_overlay3=/opt virtme_rw_overlay4=/srv virtme_rw_overlay5=/usr virtme_rw_overlay6=/var earlyprintk=serial,ttyS0,115200 console=ttyS0 psmouse.proto=exps TERM=xterm virtme_chdir=nipa-data/kernel virtme_root_user=1 rootfstype=9p rootflags=version=9p2000.L,trans=virtio,access=any raid=noautodetect ro init=/usr/lib/python3.11/site-packages/virtme/guest/virtme-init
[    0.060883] Unknown kernel command line parameters "virtme_hostname=virtme-ng virtme_link_mods=/nipa-data/kernel/.virtme_mods/lib/modules/0.0.0 virtme_initmount0=nipa-data/kernel virtme_rw_overlay0=/etc virtme_rw_overlay1=/lib virtme_rw_overlay2=/home virtme_rw_overlay3=/opt virtme_rw_overlay4=/srv virtme_rw_overlay5=/usr virtme_rw_overlay6=/var virtme_chdir=nipa-data/kernel virtme_root_user=1", will be passed to user space.
[    0.064226] random: crng init done
[    0.064678] Dentry cache hash table entries: 131072 (order: 8, 1048576 bytes, linear)
[    0.065395] Inode-cache hash table entries: 65536 (order: 7, 524288 bytes, linear)
[    0.066368] Fallback order for Node 0: 0 
[    0.066374] Built 1 zonelists, mobility grouping on.  Total pages: 257760
[    0.067214] Policy zone: DMA32
[    0.067449] mem auto-init: stack:all(zero), heap alloc:off, heap free:off
[    0.067982] stackdepot: allocating hash table via alloc_large_system_hash
[    0.068507] stackdepot hash table entries: 1048576 (order: 12, 16777216 bytes, linear)
[    0.076639] Memory: 781312K/1048056K available (43008K kernel code, 11318K rwdata, 9560K rodata, 5736K init, 2452K bss, 266488K reserved, 0K cma-reserved)
[    0.077913] SLUB: HWalign=64, Order=0-3, MinObjects=0, CPUs=32, Nodes=1
Poking KASLR using RDRAND RDTSC...
[    0.078703] ftrace: allocating 46455 entries in 182 pages
[    0.087902] ftrace: allocated 182 pages with 5 groups
[    0.089169] Dynamic Preempt: voluntary
[    0.089810] rcu: Preemptible hierarchical RCU implementation.
[    0.090266] rcu: RCU event tracing is enabled.
[    0.090616] rcu: RCU restricting CPUs from NR_CPUS=64 to nr_cpu_ids=32.
[    0.091140] Trampoline variant of Tasks RCU enabled.
[    0.091529] Rude variant of Tasks RCU enabled.
[    0.091884] Tracing variant of Tasks RCU enabled.
[    0.092254] rcu: RCU calculated value of scheduler-enlistment delay is 100 jiffies.
[    0.092858] rcu: Adjusting geometry for rcu_fanout_leaf=16, nr_cpu_ids=32
[    0.102130] NR_IRQS: 4352, nr_irqs: 680, preallocated irqs: 16
[    0.102847] rcu: srcu_init: Setting srcu_struct sizes based on contention.
[    0.103578] Console: colour *CGA 80x25
[    0.103885] printk: legacy console [ttyS0] enabled
[    0.103885] printk: legacy console [ttyS0] enabled
[    0.104624] printk: legacy bootconsole [earlyser0] disabled
[    0.104624] printk: legacy bootconsole [earlyser0] disabled
[    0.105509] ACPI: Core revision 20230628
[    0.105983] clocksource: hpet: mask: 0xffffffff max_cycles: 0xffffffff, max_idle_ns: 19112604467 ns
[    0.106757] APIC: Switch to symmetric I/O mode setup
[    0.107150] APIC: Switched APIC routing to: physical flat
[    0.107573] kvm-guest: APIC: send_IPI_mask() replaced with kvm_send_ipi_mask()
[    0.108125] kvm-guest: APIC: send_IPI_mask_allbutself() replaced with kvm_send_ipi_mask_allbutself()
[    0.108837] kvm-guest: setup PV IPIs
[    0.110008] ..TIMER: vector=0x30 apic1=0 pin1=2 apic2=-1 pin2=-1
[    0.110856] tsc: Marking TSC unstable due to TSCs unsynchronized
[    0.111670] Calibrating delay loop (skipped) preset value.. 8983.07 BogoMIPS (lpj=4491536)
[    0.112734] x86/cpu: User Mode Instruction Prevention (UMIP) activated
[    0.113728] Last level iTLB entries: 4KB 512, 2MB 255, 4MB 127
[    0.114520] Last level dTLB entries: 4KB 512, 2MB 255, 4MB 127, 1GB 0
[    0.114670] Spectre V1 : Mitigation: usercopy/swapgs barriers and __user pointer sanitization
[    0.115670] Spectre V2 : Mitigation: Enhanced / Automatic IBRS
[    0.116666] Spectre V2 : Spectre v2 / SpectreRSB mitigation: Filling RSB on context switch
[    0.117668] Spectre V2 : mitigation: Enabling conditional Indirect Branch Prediction Barrier
[    0.118668] Speculative Store Bypass: Mitigation: Speculative Store Bypass disabled via prctl
[    0.119666] Speculative Return Stack Overflow: IBPB-extending microcode not applied!
[    0.120666] Speculative Return Stack Overflow: WARNING: See https://kernel.org/doc/html/latest/admin-guide/hw-vuln/srso.html for mitigation options.
[    0.120668] Speculative Return Stack Overflow: Vulnerable: Safe RET, no microcode
[    0.122683] x86/fpu: Supporting XSAVE feature 0x001: 'x87 floating point registers'
[    0.123666] x86/fpu: Supporting XSAVE feature 0x002: 'SSE registers'
[    0.124666] x86/fpu: Supporting XSAVE feature 0x004: 'AVX registers'
[    0.125503] x86/fpu: Supporting XSAVE feature 0x020: 'AVX-512 opmask'
[    0.125666] x86/fpu: Supporting XSAVE feature 0x040: 'AVX-512 Hi256'
[    0.126666] x86/fpu: Supporting XSAVE feature 0x080: 'AVX-512 ZMM_Hi256'
[    0.127666] x86/fpu: Supporting XSAVE feature 0x200: 'Protection Keys User registers'
[    0.128666] x86/fpu: xstate_offset[2]:  576, xstate_sizes[2]:  256
[    0.129666] x86/fpu: xstate_offset[5]:  832, xstate_sizes[5]:   64
[    0.130666] x86/fpu: xstate_offset[6]:  896, xstate_sizes[6]:  512
[    0.131666] x86/fpu: xstate_offset[7]: 1408, xstate_sizes[7]: 1024
[    0.132498] x86/fpu: xstate_offset[9]: 2432, xstate_sizes[9]:    8
[    0.132666] x86/fpu: Enabled xstate features 0x2e7, context size is 2440 bytes, using 'compacted' format.
[    0.155058] Freeing SMP alternatives memory: 36K
[    0.155667] pid_max: default: 32768 minimum: 301
[    0.156438] Mount-cache hash table entries: 2048 (order: 2, 16384 bytes, linear)
[    0.156668] Mountpoint-cache hash table entries: 2048 (order: 2, 16384 bytes, linear)
[    0.159230] smpboot: CPU0: AMD Ryzen 9 7950X 16-Core Processor (family: 0x19, model: 0x61, stepping: 0x2)
[    0.160020] RCU Tasks: Setting shift to 5 and lim to 1 rcu_task_cb_adjust=1.
[    0.160695] RCU Tasks Rude: Setting shift to 5 and lim to 1 rcu_task_cb_adjust=1.
[    0.161696] RCU Tasks Trace: Setting shift to 5 and lim to 1 rcu_task_cb_adjust=1.
[    0.162699] Performance Events: Fam17h+ core perfctr, AMD PMU driver.
[    0.163600] ... version:                0
[    0.163668] ... bit width:              48
[    0.164224] ... generic registers:      6
[    0.164668] ... value mask:             0000ffffffffffff
[    0.165390] ... max period:             00007fffffffffff
[    0.165668] ... fixed-purpose events:   0
[    0.166208] ... event mask:             000000000000003f
[    0.166804] signal: max sigframe size: 3376
[    0.167592] rcu: Hierarchical SRCU implementation.
[    0.167669] rcu: Max phase no-delay instances is 400.
[    0.172689] smp: Bringing up secondary CPUs ...
[    0.173498] smpboot: x86: Booting SMP configuration:
[    0.173670] .... node  #0, CPUs:        #1  #2  #3  #4  #5  #6  #7  #8  #9 #10 #11 #12 #13 #14 #15 #16 #17 #18 #19 #20 #21 #22 #23 #24 #25 #26 #27 #28 #29 #30 #31
[    0.196828] smp: Brought up 1 node, 32 CPUs
[    0.198367] smpboot: Max logical packages: 1
[    0.198669] smpboot: Total of 32 processors activated (287458.30 BogoMIPS)
[    0.206909] devtmpfs: initialized
[    0.207843] x86/mm: Memory block size: 128MB
[    0.217070] clocksource: jiffies: mask: 0xffffffff max_cycles: 0xffffffff, max_idle_ns: 1911260446275000 ns
[    0.217675] futex hash table entries: 8192 (order: 7, 524288 bytes, linear)
[    0.219094] PM: RTC time: 15:27:20, date: 2024-02-25
[    0.220693] NET: Registered PF_NETLINK/PF_ROUTE protocol family
[    0.222753] thermal_sys: Registered thermal governor 'step_wise'
[    0.222756] thermal_sys: Registered thermal governor 'user_space'
[    0.223750] cpuidle: using governor menu
[    0.227005] PCI: Using configuration type 1 for base access
[    0.227669] PCI: Using configuration type 1 for extended access
[    0.228821] kprobes: kprobe jump-optimization is enabled. All kprobes are optimized if possible.
[    0.235986] HugeTLB: registered 1.00 GiB page size, pre-allocated 0 pages
[    0.236669] HugeTLB: 16380 KiB vmemmap can be freed for a 1.00 GiB page
[    0.238669] HugeTLB: registered 2.00 MiB page size, pre-allocated 0 pages
[    0.239668] HugeTLB: 28 KiB vmemmap can be freed for a 2.00 MiB page
[    0.241761] ACPI: Added _OSI(Module Device)
[    0.242477] ACPI: Added _OSI(Processor Device)
[    0.242669] ACPI: Added _OSI(3.0 _SCP Extensions)
[    0.243460] ACPI: Added _OSI(Processor Aggregator Device)
[    0.276671] ACPI: 1 ACPI AML tables successfully acquired and loaded
[    0.279857] ACPI: _OSC evaluation for CPUs failed, trying _PDC
[    0.282971] ACPI: Interpreter enabled
[    0.283524] ACPI: PM: (supports S0 S3 S4 S5)
[    0.283668] ACPI: Using IOAPIC for interrupt routing
[    0.284380] PCI: Using host bridge windows from ACPI; if necessary, use "pci=nocrs" and report a bug
[    0.285668] PCI: Using E820 reservations for host bridge windows
[    0.287572] ACPI: Enabled 2 GPEs in block 00 to 0F
[    0.337360] ACPI: PCI Root Bridge [PCI0] (domain 0000 [bus 00-ff])
[    0.337683] acpi PNP0A03:00: _OSC: OS supports [ExtendedConfig ASPM ClockPM Segments MSI HPX-Type3]
[    0.340195] PCI host bridge to bus 0000:00
[    0.340672] pci_bus 0000:00: root bus resource [io  0x0000-0x0cf7 window]
[    0.341559] pci_bus 0000:00: root bus resource [io  0x0d00-0xffff window]
[    0.341670] pci_bus 0000:00: root bus resource [mem 0x000a0000-0x000bffff window]
[    0.342648] pci_bus 0000:00: root bus resource [mem 0x40000000-0xfebfffff window]
[    0.343671] pci_bus 0000:00: root bus resource [mem 0x100000000-0x17fffffff window]
[    0.344671] pci_bus 0000:00: root bus resource [bus 00-ff]
[    0.345544] pci 0000:00:00.0: [8086:1237] type 00 class 0x060000 conventional PCI endpoint
[    0.347563] pci 0000:00:01.0: [8086:7000] type 00 class 0x060100 conventional PCI endpoint
[    0.349596] pci 0000:00:01.1: [8086:7010] type 00 class 0x010180 conventional PCI endpoint
[    0.353669] pci 0000:00:01.1: BAR 4 [io  0xc080-0xc08f]
[    0.355138] pci 0000:00:01.1: BAR 0 [io  0x01f0-0x01f7]: legacy IDE quirk
[    0.355668] pci 0000:00:01.1: BAR 1 [io  0x03f6]: legacy IDE quirk
[    0.356477] pci 0000:00:01.1: BAR 2 [io  0x0170-0x0177]: legacy IDE quirk
[    0.357669] pci 0000:00:01.1: BAR 3 [io  0x0376]: legacy IDE quirk
[    0.359189] pci 0000:00:01.3: [8086:7113] type 00 class 0x068000 conventional PCI endpoint
[    0.359932] pci 0000:00:01.3: quirk: [io  0x0600-0x063f] claimed by PIIX4 ACPI
[    0.361674] pci 0000:00:01.3: quirk: [io  0x0700-0x070f] claimed by PIIX4 SMB
[    0.363363] pci 0000:00:02.0: [1af4:1009] type 00 class 0x000200 conventional PCI endpoint
[    0.365668] pci 0000:00:02.0: BAR 0 [io  0xc000-0xc03f]
[    0.367284] pci 0000:00:02.0: BAR 1 [mem 0xfebfd000-0xfebfdfff]
[    0.371669] pci 0000:00:02.0: BAR 4 [mem 0xfebf4000-0xfebf7fff 64bit pref]
[    0.386296] pci 0000:00:03.0: [1af4:1009] type 00 class 0x000200 conventional PCI endpoint
[    0.388668] pci 0000:00:03.0: BAR 0 [io  0xc040-0xc07f]
[    0.390270] pci 0000:00:03.0: BAR 1 [mem 0xfebfe000-0xfebfefff]
[    0.395279] pci 0000:00:03.0: BAR 4 [mem 0xfebf8000-0xfebfbfff 64bit pref]
[    0.409505] pci 0000:00:04.0: [8086:25ab] type 00 class 0x088000 conventional PCI endpoint
[    0.411043] pci 0000:00:04.0: BAR 0 [mem 0xfebff000-0xfebff00f]
[    0.428015] ACPI: PCI: Interrupt link LNKA configured for IRQ 10
[    0.430154] ACPI: PCI: Interrupt link LNKB configured for IRQ 10
[    0.432641] ACPI: PCI: Interrupt link LNKC configured for IRQ 11
[    0.433601] ACPI: PCI: Interrupt link LNKD configured for IRQ 11
[    0.435060] ACPI: PCI: Interrupt link LNKS configured for IRQ 9
[    0.454264] iommu: Default domain type: Translated
[    0.454668] iommu: DMA domain TLB invalidation policy: lazy mode
[    0.455930] SCSI subsystem initialized
[    0.456870] pps_core: LinuxPPS API ver. 1 registered
[    0.457525] pps_core: Software ver. 5.3.6 - Copyright 2005-2007 Rodolfo Giometti <giometti@linux.it>
[    0.459683] PTP clock support registered
[    0.460317] Advanced Linux Sound Architecture Driver Initialized.
[    0.461699] NET: Registered PF_ATMPVC protocol family
[    0.462357] NET: Registered PF_ATMSVC protocol family
[    0.463692] PCI: Using ACPI for IRQ routing
[    0.464376] vgaarb: loaded
[    0.465068] hpet0: at MMIO 0xfed00000, IRQs 2, 8, 0
[    0.465668] hpet0: 3 comparators, 64-bit 100.000000 MHz counter
[    0.470978] clocksource: Switched to clocksource kvm-clock
[    0.471974] VFS: Disk quotas dquot_6.6.0
[    0.473212] VFS: Dquot-cache hash table entries: 512 (order 0, 4096 bytes)
[    0.478524] pnp: PnP ACPI init
[    0.484532] pnp: PnP ACPI: found 5 devices
[    0.498973] clocksource: acpi_pm: mask: 0xffffff max_cycles: 0xffffff, max_idle_ns: 2085701024 ns
[    0.500574] NET: Registered PF_INET protocol family
[    0.501456] IP idents hash table entries: 16384 (order: 5, 131072 bytes, linear)
[    0.503296] tcp_listen_portaddr_hash hash table entries: 512 (order: 1, 8192 bytes, linear)
[    0.504696] Table-perturb hash table entries: 65536 (order: 6, 262144 bytes, linear)
[    0.506002] TCP established hash table entries: 8192 (order: 4, 65536 bytes, linear)
[    0.507405] TCP bind hash table entries: 8192 (order: 6, 262144 bytes, linear)
[    0.508631] TCP: Hash tables configured (established 8192 bind 8192)
[    0.509925] UDP hash table entries: 512 (order: 2, 16384 bytes, linear)
[    0.511046] UDP-Lite hash table entries: 512 (order: 2, 16384 bytes, linear)
[    0.512536] NET: Registered PF_UNIX/PF_LOCAL protocol family
[    0.513508] pci_bus 0000:00: resource 4 [io  0x0000-0x0cf7 window]
[    0.514541] pci_bus 0000:00: resource 5 [io  0x0d00-0xffff window]
[    0.515369] pci_bus 0000:00: resource 6 [mem 0x000a0000-0x000bffff window]
[    0.516253] pci_bus 0000:00: resource 7 [mem 0x40000000-0xfebfffff window]
[    0.517141] pci_bus 0000:00: resource 8 [mem 0x100000000-0x17fffffff window]
[    0.518256] pci 0000:00:01.0: PIIX3: Enabling Passive Release
[    0.519012] pci 0000:00:00.0: Limiting direct PCI/PCI transfers
[    0.519815] PCI: CLS 0 bytes, default 64
[    0.520383] kvm_intel: VMX not supported by CPU 7
[    0.521022] kvm_amd: TSC scaling supported
[    0.521563] kvm_amd: Nested Virtualization enabled
[    0.522179] kvm_amd: Nested Paging enabled
[    0.522740] kvm_amd: Virtual VMLOAD VMSAVE supported
[    0.523390] kvm_amd: Virtual GIF supported
[    0.523919] kvm_amd: Virtual NMI enabled
[    0.524431] kvm_amd: LBR virtualization supported
[    0.627818] workingset: timestamp_bits=56 max_order=18 bucket_order=0
[    0.628820] squashfs: version 4.0 (2009/01/31) Phillip Lougher
[    0.629614] fuse: init (API version 7.39)
[    0.630276] 9p: Installing v9fs 9p2000 file system support
[    0.631115] Key type asymmetric registered
[    0.631706] Block layer SCSI generic (bsg) driver version 0.4 loaded (major 249)
[    0.632706] io scheduler mq-deadline registered
[    0.633313] io scheduler kyber registered
[    0.635201] input: Power Button as /devices/LNXSYSTM:00/LNXPWRBN:00/input/input0
[    0.636444] ACPI: button: Power Button [PWRF]
[    0.637145] Warning: Processor Platform Limit event detected, but not handled.
[    0.638099] Consider compiling CPUfreq support into your kernel.
[    1.610127] ACPI: \_SB_.LNKB: Enabled at IRQ 10
[    2.561207] ACPI: \_SB_.LNKC: Enabled at IRQ 11
[    2.563680] Serial: 8250/16550 driver, 4 ports, IRQ sharing enabled
[    2.564900] 00:03: ttyS0 at I/O 0x3f8 (irq = 4, base_baud = 115200) is a 16550A
[    2.567746] Non-volatile memory driver v1.3
[    2.568328] Linux agpgart interface v0.103
[    2.569071] ACPI: bus type drm_connector registered
[    2.592058] loop: module loaded
[    2.594973] scsi host0: ata_piix
[    2.595930] scsi host1: ata_piix
[    2.596607] ata1: PATA max MWDMA2 cmd 0x1f0 ctl 0x3f6 bmdma 0xc080 irq 14 lpm-pol 0
[    2.597625] ata2: PATA max MWDMA2 cmd 0x170 ctl 0x376 bmdma 0xc088 irq 15 lpm-pol 0
[    2.600331] i8042: PNP: PS/2 Controller [PNP0303:KBD,PNP0f13:MOU] at 0x60,0x64 irq 1,12
[    2.602118] serio: i8042 KBD port at 0x60,0x64 irq 1
[    2.602818] serio: i8042 AUX port at 0x60,0x64 irq 12
[    2.604163] rtc_cmos 00:04: RTC can wake from S4
[    2.605058] input: AT Translated Set 2 keyboard as /devices/platform/i8042/serio0/input/input1
[    2.608045] rtc_cmos 00:04: registered as rtc0
[    2.608868] rtc_cmos 00:04: setting system clock to 2024-02-25T15:27:22 UTC (1708874842)
[    2.610145] rtc_cmos 00:04: alarms up to one day, y3k, 242 bytes nvram, hpet irqs
[    2.611932] i6300ESB timer 0000:00:04.0: initialized. heartbeat=30 sec (nowayout=0)
[    2.613328] device-mapper: ioctl: 4.48.0-ioctl (2023-03-01) initialised: dm-devel@redhat.com
[    2.615335] input: ImExPS/2 Generic Explorer Mouse as /devices/platform/i8042/serio1/input/input3
[    2.617355] NET: Registered PF_PACKET protocol family
[    2.618122] 9pnet: Installing 9P2000 support
[    2.620192] Key type dns_resolver registered
[    2.626676] IPI shorthand broadcast: enabled
[    2.649267] sched_clock: Marking stable (2643002464, 5282086)->(2667623169, -19338619)
[    2.650776] registered taskstats version 1
[    2.666200] PM:   Magic number: 12:371:488
[    2.666847] printk: legacy console [netcon0] enabled
[    2.667523] netconsole: network logging started
[    2.668335] ALSA device list:
[    2.668769]   No soundcards found.
[    2.756447] ata2: found unknown device (class 0)
[    2.757481] ata2.00: ATAPI: QEMU DVD-ROM, 2.5+, max UDMA/100
[    2.759233] scsi 1:0:0:0: CD-ROM            QEMU     QEMU DVD-ROM     2.5+ PQ: 0 ANSI: 5
[    2.768208] scsi 1:0:0:0: Attached scsi generic sg0 type 5
[    2.769232] md: Skipping autodetection of RAID arrays. (raid=autodetect will force)
[    2.770228] 9pnet_virtio: no channels available for device 
[    2.771719] VFS: Mounted root (9p filesystem) readonly on device 0:19.
[    2.772742] devtmpfs: mounted
[    2.778201] Freeing unused kernel image (initmem) memory: 5736K
[    2.782298] Write protecting the kernel read-only data: 53248k
[    2.783422] Freeing unused kernel image (rodata/data gap) memory: 680K
[    2.820701] x86/mm: Checked W+X mappings: passed, no W+X pages found.
[    2.821468] Run /usr/lib/python3.11/site-packages/virtme/guest/virtme-init as init process
[    2.862305] mount (267) used greatest stack depth: 26744 bytes left
[    2.996050] mount (285) used greatest stack depth: 26312 bytes left
[    3.138942] virtme-init: basic initialization done
[    3.147101] virtme-init: udevd not found
[    3.242463] virtme-init: Setting hostname to virtme-ng...
[    3.263066] ip (359) used greatest stack depth: 25192 bytes left
          _      _                                    
   __   _(_)_ __| |_ _ __ ___   ___       _ __   __ _ 
   \ \ / / |  __| __|  _   _ \ / _ \_____|  _ \ / _  |
    \ V /| | |  | |_| | | | | |  __/_____| | | | (_| |
     \_/ |_|_|   \__|_| |_| |_|\___|     |_| |_|\__  |
                                                |___/ 
   kernel version: 6.8.0-rc5-virtme x86_64

virtme-ng:/nipa-data/kernel# PS1='xx__-> '
xx__-> env
PWD=/nipa-data/kernel
HOME=/
TERM=xterm
SHLVL=2
XDG_RUNTIME_DIR=/run/user/0
PATH=/bin:/sbin:/usr/bin:/usr/sbin:/usr/local/bin
OLDPWD=/
_=/usr/bin/env
xx__-> 