No EFI environment detected.
early console in extract_kernel
input_data: 0x00000000030692b9
input_len: 0x0000000000b7aa42
output: 0x0000000001000000
output_len: 0x00000000025286bc
kernel_total_size: 0x0000000002c30000
needed_size: 0x0000000002e00000
trampoline_32bit: 0x0000000000000000
Physical KASLR using RDRAND RDTSC...
Virtual KASLR using RDRAND RDTSC...

Decompressing Linux... Parsing ELF... Performing relocations... done.
Booting the kernel (entry_offset: 0x0000000000000000).
[    0.000000] Linux version 6.7.0-virtme (root@aa21c9ba91bc) (gcc (Alpine 13.2.1_git20231014) 13.2.1 20231014, GNU ld (GNU Binutils) 2.41) #1 SMP PREEMPT_DYNAMIC Thu Jan 25 09:08:04 UTC 2024
[    0.000000] Command line: virtme_hostname=virtme-ng virtme_link_mods=/nipa-data/kernel/.virtme_mods/lib/modules/0.0.0 virtme_initmount0=nipa-data/kernel virtme_rw_overlay0=/etc virtme_rw_overlay1=/lib virtme_rw_overlay2=/home virtme_rw_overlay3=/opt virtme_rw_overlay4=/srv virtme_rw_overlay5=/usr virtme_rw_overlay6=/var earlyprintk=serial,ttyS0,115200 console=ttyS0 psmouse.proto=exps virtme_chdir=nipa-data/kernel virtme_root_user=1 rootfstype=9p rootflags=version=9p2000.L,trans=virtio,access=any raid=noautodetect ro init=/usr/lib/python3.11/site-packages/virtme/guest/virtme-init
[    0.000000] BIOS-provided physical RAM map:
[    0.000000] BIOS-e820: [mem 0x0000000000000000-0x000000000009fbff] usable
[    0.000000] BIOS-e820: [mem 0x000000000009fc00-0x000000000009ffff] reserved
[    0.000000] BIOS-e820: [mem 0x00000000000f0000-0x00000000000fffff] reserved
[    0.000000] BIOS-e820: [mem 0x0000000000100000-0x000000003ffdffff] usable
[    0.000000] BIOS-e820: [mem 0x000000003ffe0000-0x000000003fffffff] reserved
[    0.000000] BIOS-e820: [mem 0x00000000feffc000-0x00000000feffffff] reserved
[    0.000000] BIOS-e820: [mem 0x00000000fffc0000-0x00000000ffffffff] reserved
[    0.000000] BIOS-e820: [mem 0x000000fd00000000-0x000000ffffffffff] reserved
[    0.000000] printk: legacy bootconsole [earlyser0] enabled
[    0.000000] NX (Execute Disable) protection: active
[    0.000000] APIC: Static calls initialized
[    0.000000] SMBIOS 3.0.0 present.
[    0.000000] DMI: QEMU Standard PC (i440FX + PIIX, 1996), BIOS rel-1.16.3-0-ga6ed6b701f0a-prebuilt.qemu.org 04/01/2014
[    0.000000] Hypervisor detected: KVM
[    0.000000] kvm-clock: Using msrs 4b564d01 and 4b564d00
[    0.000000] kvm-clock: using sched offset of 265849721 cycles
[    0.000408] clocksource: kvm-clock: mask: 0xffffffffffffffff max_cycles: 0x1cd42e4dffb, max_idle_ns: 881590591483 ns
[    0.001651] tsc: Detected 4491.536 MHz processor
[    0.002277] last_pfn = 0x3ffe0 max_arch_pfn = 0x400000000
[    0.002714] MTRR map: 4 entries (3 fixed + 1 variable; max 19), built from 8 variable MTRRs
[    0.003355] x86/PAT: Configuration [0-7]: WB  WC  UC- UC  WB  WP  UC- WT  
Memory KASLR using RDRAND RDTSC...
[    0.005484] found SMP MP-table at [mem 0x000f5470-0x000f547f]
[    0.005931] Using GB pages for direct mapping
[    0.006313] ACPI: Early table checksum verification disabled
[    0.006740] ACPI: RSDP 0x00000000000F5290 000014 (v00 BOCHS )
[    0.007177] ACPI: RSDT 0x000000003FFE27B6 000034 (v01 BOCHS  BXPC     00000001 BXPC 00000001)
[    0.007833] ACPI: FACP 0x000000003FFE2572 000074 (v01 BOCHS  BXPC     00000001 BXPC 00000001)
[    0.008504] ACPI: DSDT 0x000000003FFE0040 002532 (v01 BOCHS  BXPC     00000001 BXPC 00000001)
[    0.009153] ACPI: FACS 0x000000003FFE0000 000040
[    0.009565] ACPI: APIC 0x000000003FFE25E6 000170 (v03 BOCHS  BXPC     00000001 BXPC 00000001)
[    0.010223] ACPI: HPET 0x000000003FFE2756 000038 (v01 BOCHS  BXPC     00000001 BXPC 00000001)
[    0.011022] ACPI: WAET 0x000000003FFE278E 000028 (v01 BOCHS  BXPC     00000001 BXPC 00000001)
[    0.011803] ACPI: Reserving FACP table memory at [mem 0x3ffe2572-0x3ffe25e5]
[    0.012449] ACPI: Reserving DSDT table memory at [mem 0x3ffe0040-0x3ffe2571]
[    0.013096] ACPI: Reserving FACS table memory at [mem 0x3ffe0000-0x3ffe003f]
[    0.013745] ACPI: Reserving APIC table memory at [mem 0x3ffe25e6-0x3ffe2755]
[    0.014393] ACPI: Reserving HPET table memory at [mem 0x3ffe2756-0x3ffe278d]
[    0.015039] ACPI: Reserving WAET table memory at [mem 0x3ffe278e-0x3ffe27b5]
[    0.015852] No NUMA configuration found
[    0.016199] Faking a node at [mem 0x0000000000000000-0x000000003ffdffff]
[    0.016805] NODE_DATA(0) allocated [mem 0x3ffdb000-0x3ffdffff]
[    0.017348] Zone ranges:
[    0.017579]   DMA      [mem 0x0000000000001000-0x0000000000ffffff]
[    0.018138]   DMA32    [mem 0x0000000001000000-0x000000003ffdffff]
[    0.018697]   Normal   empty
[    0.018957]   Device   empty
[    0.019219] Movable zone start for each node
[    0.019604] Early memory node ranges
[    0.019926]   node   0: [mem 0x0000000000001000-0x000000000009efff]
[    0.020499]   node   0: [mem 0x0000000000100000-0x000000003ffdffff]
[    0.021075] Initmem setup node 0 [mem 0x0000000000001000-0x000000003ffdffff]
[    0.021731] On node 0, zone DMA: 1 pages in unavailable ranges
[    0.022284] On node 0, zone DMA: 97 pages in unavailable ranges
[    0.024051] On node 0, zone DMA32: 32 pages in unavailable ranges
[    0.024856] ACPI: PM-Timer IO Port: 0x608
[    0.025230] ACPI: LAPIC_NMI (acpi_id[0xff] dfl dfl lint[0x1])
[    0.025789] IOAPIC[0]: apic_id 0, version 17, address 0xfec00000, GSI 0-23
[    0.026425] ACPI: INT_SRC_OVR (bus 0 bus_irq 0 global_irq 2 dfl dfl)
[    0.027010] ACPI: INT_SRC_OVR (bus 0 bus_irq 5 global_irq 5 high level)
[    0.027619] ACPI: INT_SRC_OVR (bus 0 bus_irq 9 global_irq 9 high level)
[    0.028228] ACPI: INT_SRC_OVR (bus 0 bus_irq 10 global_irq 10 high level)
[    0.028851] ACPI: INT_SRC_OVR (bus 0 bus_irq 11 global_irq 11 high level)
[    0.029478] ACPI: Using ACPI (MADT) for SMP configuration information
[    0.030075] ACPI: HPET id: 0x8086a201 base: 0xfed00000
[    0.030552] TSC deadline timer available
[    0.030913] smpboot: Allowing 32 CPUs, 0 hotplug CPUs
[    0.031398] kvm-guest: APIC: eoi() replaced with kvm_guest_apic_eoi_write()
[    0.032051] kvm-guest: KVM setup pv remote TLB flush
[    0.032512] kvm-guest: setup PV sched yield
[    0.032904] PM: hibernation: Registered nosave memory: [mem 0x00000000-0x00000fff]
[    0.033604] PM: hibernation: Registered nosave memory: [mem 0x0009f000-0x0009ffff]
[    0.034301] PM: hibernation: Registered nosave memory: [mem 0x000a0000-0x000effff]
[    0.034999] PM: hibernation: Registered nosave memory: [mem 0x000f0000-0x000fffff]
[    0.035700] [mem 0x40000000-0xfeffbfff] available for PCI devices
[    0.036265] Booting paravirtualized kernel on KVM
[    0.036699] clocksource: refined-jiffies: mask: 0xffffffff max_cycles: 0xffffffff, max_idle_ns: 1910969940391419 ns
[    0.040876] setup_percpu: NR_CPUS:64 nr_cpumask_bits:32 nr_cpu_ids:32 nr_node_ids:1
[    0.042368] percpu: Embedded 58 pages/cpu s199840 r8192 d29536 u262144
[    0.043015] Kernel command line: virtme_hostname=virtme-ng virtme_link_mods=/nipa-data/kernel/.virtme_mods/lib/modules/0.0.0 virtme_initmount0=nipa-data/kernel virtme_rw_overlay0=/etc virtme_rw_overlay1=/lib virtme_rw_overlay2=/home virtme_rw_overlay3=/opt virtme_rw_overlay4=/srv virtme_rw_overlay5=/usr virtme_rw_overlay6=/var earlyprintk=serial,ttyS0,115200 console=ttyS0 psmouse.proto=exps virtme_chdir=nipa-data/kernel virtme_root_user=1 rootfstype=9p rootflags=version=9p2000.L,trans=virtio,access=any raid=noautodetect ro init=/usr/lib/python3.11/site-packages/virtme/guest/virtme-init
[    0.047296] Unknown kernel command line parameters "virtme_hostname=virtme-ng virtme_link_mods=/nipa-data/kernel/.virtme_mods/lib/modules/0.0.0 virtme_initmount0=nipa-data/kernel virtme_rw_overlay0=/etc virtme_rw_overlay1=/lib virtme_rw_overlay2=/home virtme_rw_overlay3=/opt virtme_rw_overlay4=/srv virtme_rw_overlay5=/usr virtme_rw_overlay6=/var virtme_chdir=nipa-data/kernel virtme_root_user=1", will be passed to user space.
[    0.050673] random: crng init done
[    0.051019] Dentry cache hash table entries: 131072 (order: 8, 1048576 bytes, linear)
[    0.051729] Inode-cache hash table entries: 65536 (order: 7, 524288 bytes, linear)
[    0.052432] Fallback order for Node 0: 0 
[    0.052435] Built 1 zonelists, mobility grouping on.  Total pages: 257760
[    0.053282] Policy zone: DMA32
[    0.053521] mem auto-init: stack:all(zero), heap alloc:off, heap free:off
[    0.055659] Memory: 976384K/1048056K available (16384K kernel code, 2552K rwdata, 6056K rodata, 3148K init, 12028K bss, 71412K reserved, 0K cma-reserved)
[    0.056795] SLUB: HWalign=64, Order=0-3, MinObjects=0, CPUs=32, Nodes=1
Poking KASLR using RDRAND RDTSC...
[    0.057688] ftrace: allocating 46466 entries in 182 pages
[    0.065076] ftrace: allocated 182 pages with 5 groups
[    0.066270] Dynamic Preempt: voluntary
[    0.066762] Running RCU self tests
[    0.067030] Running RCU synchronous self tests
[    0.067392] rcu: Preemptible hierarchical RCU implementation.
[    0.067845] rcu: RCU event tracing is enabled.
[    0.068207] rcu: RCU lockdep checking is enabled.
[    0.068582] rcu: RCU restricting CPUs from NR_CPUS=64 to nr_cpu_ids=32.
[    0.069109] Trampoline variant of Tasks RCU enabled.
[    0.069514] Rude variant of Tasks RCU enabled.
[    0.069873] Tracing variant of Tasks RCU enabled.
[    0.070255] rcu: RCU calculated value of scheduler-enlistment delay is 100 jiffies.
[    0.070857] rcu: Adjusting geometry for rcu_fanout_leaf=16, nr_cpu_ids=32
[    0.071416] Running RCU synchronous self tests
[    0.073379] NR_IRQS: 4352, nr_irqs: 680, preallocated irqs: 16
[    0.074034] rcu: srcu_init: Setting srcu_struct sizes based on contention.
[    0.074808] Console: colour *CGA 80x25
[    0.075124] printk: legacy console [ttyS0] enabled
[    0.075124] printk: legacy console [ttyS0] enabled
[    0.075873] printk: legacy bootconsole [earlyser0] disabled
[    0.075873] printk: legacy bootconsole [earlyser0] disabled
[    0.076751] Lock dependency validator: Copyright (c) 2006 Red Hat, Inc., Ingo Molnar
[    0.077358] ... MAX_LOCKDEP_SUBCLASSES:  8
[    0.077682] ... MAX_LOCK_DEPTH:          48
[    0.078007] ... MAX_LOCKDEP_KEYS:        8192
[    0.078356] ... CLASSHASH_SIZE:          4096
[    0.078695] ... MAX_LOCKDEP_ENTRIES:     32768
[    0.079041] ... MAX_LOCKDEP_CHAINS:      65536
[    0.079398] ... CHAINHASH_SIZE:          32768
[    0.079745]  memory used by lock dependency info: 6429 kB
[    0.080163]  memory used for stack traces: 4224 kB
[    0.080545]  per task-struct memory footprint: 1920 bytes
[    0.080978] ACPI: Core revision 20230628
[    0.081392] clocksource: hpet: mask: 0xffffffff max_cycles: 0xffffffff, max_idle_ns: 19112604467 ns
[    0.082208] APIC: Switch to symmetric I/O mode setup
[    0.082608] APIC: Switched APIC routing to: physical flat
[    0.083030] kvm-guest: APIC: send_IPI_mask() replaced with kvm_send_ipi_mask()
[    0.083603] kvm-guest: APIC: send_IPI_mask_allbutself() replaced with kvm_send_ipi_mask_allbutself()
[    0.084317] kvm-guest: setup PV IPIs
[    0.085448] ..TIMER: vector=0x30 apic1=0 pin1=2 apic2=-1 pin2=-1
[    0.086301] tsc: Marking TSC unstable due to TSCs unsynchronized
[    0.087112] Calibrating delay loop (skipped) preset value.. 8983.07 BogoMIPS (lpj=4491536)
[    0.088168] x86/cpu: User Mode Instruction Prevention (UMIP) activated
[    0.089166] Last level iTLB entries: 4KB 512, 2MB 255, 4MB 127
[    0.089955] Last level dTLB entries: 4KB 512, 2MB 255, 4MB 127, 1GB 0
[    0.090111] Spectre V1 : Mitigation: usercopy/swapgs barriers and __user pointer sanitization
[    0.091111] Spectre V2 : Mitigation: Enhanced / Automatic IBRS
[    0.092108] Spectre V2 : Spectre v2 / SpectreRSB mitigation: Filling RSB on context switch
[    0.093109] Spectre V2 : mitigation: Enabling conditional Indirect Branch Prediction Barrier
[    0.094109] Speculative Store Bypass: Mitigation: Speculative Store Bypass disabled via prctl
[    0.095108] Speculative Return Stack Overflow: IBPB-extending microcode not applied!
[    0.096108] Speculative Return Stack Overflow: WARNING: See https://kernel.org/doc/html/latest/admin-guide/hw-vuln/srso.html for mitigation options.
[    0.096109] Speculative Return Stack Overflow: Vulnerable: Safe RET, no microcode
[    0.098128] x86/fpu: Supporting XSAVE feature 0x001: 'x87 floating point registers'
[    0.099108] x86/fpu: Supporting XSAVE feature 0x002: 'SSE registers'
[    0.100108] x86/fpu: Supporting XSAVE feature 0x004: 'AVX registers'
[    0.100942] x86/fpu: Supporting XSAVE feature 0x020: 'AVX-512 opmask'
[    0.101108] x86/fpu: Supporting XSAVE feature 0x040: 'AVX-512 Hi256'
[    0.102108] x86/fpu: Supporting XSAVE feature 0x080: 'AVX-512 ZMM_Hi256'
[    0.103108] x86/fpu: Supporting XSAVE feature 0x200: 'Protection Keys User registers'
[    0.104108] x86/fpu: xstate_offset[2]:  576, xstate_sizes[2]:  256
[    0.105108] x86/fpu: xstate_offset[5]:  832, xstate_sizes[5]:   64
[    0.106108] x86/fpu: xstate_offset[6]:  896, xstate_sizes[6]:  512
[    0.107108] x86/fpu: xstate_offset[7]: 1408, xstate_sizes[7]: 1024
[    0.108108] x86/fpu: xstate_offset[9]: 2432, xstate_sizes[9]:    8
[    0.108923] x86/fpu: Enabled xstate features 0x2e7, context size is 2440 bytes, using 'compacted' format.
[    0.126914] Freeing SMP alternatives memory: 36K
[    0.127110] pid_max: default: 32768 minimum: 301
[    0.128194] Mount-cache hash table entries: 2048 (order: 2, 16384 bytes, linear)
[    0.129110] Mountpoint-cache hash table entries: 2048 (order: 2, 16384 bytes, linear)
[    0.130666] Running RCU synchronous self tests
[    0.131111] Running RCU synchronous self tests
[    0.132233] smpboot: CPU0: AMD Ryzen 9 7950X 16-Core Processor (family: 0x19, model: 0x61, stepping: 0x2)
[    0.133485] RCU Tasks: Setting shift to 5 and lim to 1 rcu_task_cb_adjust=1.
[    0.134140] RCU Tasks Rude: Setting shift to 5 and lim to 1 rcu_task_cb_adjust=1.
[    0.135147] RCU Tasks Trace: Setting shift to 5 and lim to 1 rcu_task_cb_adjust=1.
[    0.136145] Running RCU Tasks wait API self tests
[    0.244198] Running RCU Tasks Rude wait API self tests
[    0.245215] Running RCU Tasks Trace wait API self tests
[    0.246096] Performance Events: Fam17h+ core perfctr, AMD PMU driver.
[    0.247018] ... version:                0
[    0.247111] ... bit width:              48
[    0.247660] ... generic registers:      6
[    0.248110] ... value mask:             0000ffffffffffff
[    0.248818] ... max period:             00007fffffffffff
[    0.249111] ... fixed-purpose events:   0
[    0.249642] ... event mask:             000000000000003f
[    0.250304] signal: max sigframe size: 3376
[    0.250954] rcu: Hierarchical SRCU implementation.
[    0.251114] rcu: Max phase no-delay instances is 400.
[    0.251969] Callback from call_rcu_tasks_trace() invoked.
[    0.255786] smp: Bringing up secondary CPUs ...
[    0.256425] smpboot: x86: Booting SMP configuration:
[    0.257093] .... node  #0, CPUs:        #1  #2  #3  #4  #5  #6  #7  #8  #9 #10 #11 #12 #13 #14 #15 #16 #17 #18 #19 #20 #21 #22 #23 #24 #25 #26 #27 #28 #29 #30 #31
[    0.285310] smp: Brought up 1 node, 32 CPUs
[    0.286803] smpboot: Max logical packages: 1
[    0.287111] smpboot: Total of 32 processors activated (287458.30 BogoMIPS)
[    0.297110] devtmpfs: initialized
[    0.297783] x86/mm: Memory block size: 128MB
[    0.300336] Running RCU synchronous self tests
[    0.301126] Running RCU synchronous self tests
[    0.301810] clocksource: jiffies: mask: 0xffffffff max_cycles: 0xffffffff, max_idle_ns: 1911260446275000 ns
[    0.302115] futex hash table entries: 8192 (order: 8, 1048576 bytes, linear)
[    0.303561] PM: RTC time: 09:08:37, date: 2024-01-25
[    0.304870] NET: Registered PF_NETLINK/PF_ROUTE protocol family
[    0.305784] thermal_sys: Registered thermal governor 'step_wise'
[    0.305787] thermal_sys: Registered thermal governor 'user_space'
[    0.306157] cpuidle: using governor menu
[    0.308486] PCI: Using configuration type 1 for base access
[    0.309111] PCI: Using configuration type 1 for extended access
[    0.310006] kprobes: kprobe jump-optimization is enabled. All kprobes are optimized if possible.
[    0.325321] HugeTLB: registered 1.00 GiB page size, pre-allocated 0 pages
[    0.326112] HugeTLB: 16380 KiB vmemmap can be freed for a 1.00 GiB page
[    0.326975] HugeTLB: registered 2.00 MiB page size, pre-allocated 0 pages
[    0.327110] HugeTLB: 28 KiB vmemmap can be freed for a 2.00 MiB page
[    0.328438] ACPI: Added _OSI(Module Device)
[    0.328986] ACPI: Added _OSI(Processor Device)
[    0.329112] ACPI: Added _OSI(3.0 _SCP Extensions)
[    0.329728] ACPI: Added _OSI(Processor Aggregator Device)
[    0.332248] ACPI: 1 ACPI AML tables successfully acquired and loaded
[    0.334194] ACPI: _OSC evaluation for CPUs failed, trying _PDC
[    0.335604] ACPI: Interpreter enabled
[    0.336136] ACPI: PM: (supports S0 S3 S4 S5)
[    0.336689] ACPI: Using IOAPIC for interrupt routing
[    0.337133] PCI: Using host bridge windows from ACPI; if necessary, use "pci=nocrs" and report a bug
[    0.338110] PCI: Using E820 reservations for host bridge windows
[    0.339180] ACPI: Enabled 2 GPEs in block 00 to 0F
[    0.349442] Callback from call_rcu_tasks_rude() invoked.
[    0.349783] ACPI: PCI Root Bridge [PCI0] (domain 0000 [bus 00-ff])
[    0.351116] acpi PNP0A03:00: _OSC: OS supports [ExtendedConfig ASPM ClockPM Segments MSI HPX-Type3]
[    0.352778] PCI host bridge to bus 0000:00
[    0.354113] pci_bus 0000:00: root bus resource [io  0x0000-0x0cf7 window]
[    0.355112] pci_bus 0000:00: root bus resource [io  0x0d00-0xffff window]
[    0.356112] pci_bus 0000:00: root bus resource [mem 0x000a0000-0x000bffff window]
[    0.357112] pci_bus 0000:00: root bus resource [mem 0x40000000-0xfebfffff window]
[    0.359113] pci_bus 0000:00: root bus resource [mem 0x100000000-0x17fffffff window]
[    0.360112] pci_bus 0000:00: root bus resource [bus 00-ff]
[    0.361272] pci 0000:00:00.0: [8086:1237] type 00 class 0x060000 conventional PCI endpoint
[    0.363767] pci 0000:00:01.0: [8086:7000] type 00 class 0x060100 conventional PCI endpoint
[    0.365689] pci 0000:00:01.1: [8086:7010] type 00 class 0x010180 conventional PCI endpoint
[    0.370463] pci 0000:00:01.1: BAR 4 [io  0xc080-0xc08f]
[    0.373390] pci 0000:00:01.1: BAR 0 [io  0x01f0-0x01f7]: legacy IDE quirk
[    0.375112] pci 0000:00:01.1: BAR 1 [io  0x03f6]: legacy IDE quirk
[    0.376111] pci 0000:00:01.1: BAR 2 [io  0x0170-0x0177]: legacy IDE quirk
[    0.377111] pci 0000:00:01.1: BAR 3 [io  0x0376]: legacy IDE quirk
[    0.378372] pci 0000:00:01.3: [8086:7113] type 00 class 0x068000 conventional PCI endpoint
[    0.380449] pci 0000:00:01.3: quirk: [io  0x0600-0x063f] claimed by PIIX4 ACPI
[    0.382118] pci 0000:00:01.3: quirk: [io  0x0700-0x070f] claimed by PIIX4 SMB
[    0.383460] pci 0000:00:02.0: [1af4:1009] type 00 class 0x000200 conventional PCI endpoint
[    0.387112] pci 0000:00:02.0: BAR 0 [io  0xc000-0xc03f]
[    0.389102] pci 0000:00:02.0: BAR 1 [mem 0xfebfd000-0xfebfdfff]
[    0.397112] pci 0000:00:02.0: BAR 4 [mem 0xfebf4000-0xfebf7fff 64bit pref]
[    0.402707] pci 0000:00:03.0: [1af4:1009] type 00 class 0x000200 conventional PCI endpoint
[    0.406074] pci 0000:00:03.0: BAR 0 [io  0xc040-0xc07f]
[    0.409112] pci 0000:00:03.0: BAR 1 [mem 0xfebfe000-0xfebfefff]
[    0.416112] pci 0000:00:03.0: BAR 4 [mem 0xfebf8000-0xfebfbfff 64bit pref]
[    0.422599] pci 0000:00:04.0: [8086:25ab] type 00 class 0x088000 conventional PCI endpoint
[    0.423872] pci 0000:00:04.0: BAR 0 [mem 0xfebff000-0xfebff00f]
[    0.432671] ACPI: PCI: Interrupt link LNKA configured for IRQ 10
[    0.433331] ACPI: PCI: Interrupt link LNKB configured for IRQ 10
[    0.435320] ACPI: PCI: Interrupt link LNKC configured for IRQ 11
[    0.436313] ACPI: PCI: Interrupt link LNKD configured for IRQ 11
[    0.437252] ACPI: PCI: Interrupt link LNKS configured for IRQ 9
[    0.440477] iommu: Default domain type: Translated
[    0.441111] iommu: DMA domain TLB invalidation policy: lazy mode
[    0.442218] SCSI subsystem initialized
[    0.443205] pps_core: LinuxPPS API ver. 1 registered
[    0.443205] pps_core: Software ver. 5.3.6 - Copyright 2005-2007 Rodolfo Giometti <giometti@linux.it>
[    0.445115] PTP clock support registered
[    0.445682] Advanced Linux Sound Architecture Driver Initialized.
[    0.446701] NET: Registered PF_ATMPVC protocol family
[    0.448111] NET: Registered PF_ATMSVC protocol family
[    0.448790] PCI: Using ACPI for IRQ routing
[    0.449273] vgaarb: loaded
[    0.450278] hpet0: at MMIO 0xfed00000, IRQs 2, 8, 0
[    0.450283] hpet0: 3 comparators, 64-bit 100.000000 MHz counter
[    0.452168] Callback from call_rcu_tasks() invoked.
[    0.454450] clocksource: Switched to clocksource kvm-clock
[    0.455811] VFS: Disk quotas dquot_6.6.0
[    0.456354] VFS: Dquot-cache hash table entries: 512 (order 0, 4096 bytes)
[    0.457418] pnp: PnP ACPI init
[    0.458389] pnp: PnP ACPI: found 5 devices
[    0.468440] clocksource: acpi_pm: mask: 0xffffff max_cycles: 0xffffff, max_idle_ns: 2085701024 ns
[    0.469654] NET: Registered PF_INET protocol family
[    0.470362] IP idents hash table entries: 16384 (order: 5, 131072 bytes, linear)
[    0.471649] tcp_listen_portaddr_hash hash table entries: 512 (order: 3, 36864 bytes, linear)
[    0.472784] Table-perturb hash table entries: 65536 (order: 6, 262144 bytes, linear)
[    0.473847] TCP established hash table entries: 8192 (order: 4, 65536 bytes, linear)
[    0.474911] TCP bind hash table entries: 8192 (order: 8, 1179648 bytes, linear)
[    0.476273] TCP: Hash tables configured (established 8192 bind 8192)
[    0.477234] UDP hash table entries: 512 (order: 4, 81920 bytes, linear)
[    0.478154] UDP-Lite hash table entries: 512 (order: 4, 81920 bytes, linear)
[    0.479231] NET: Registered PF_UNIX/PF_LOCAL protocol family
[    0.480233] pci_bus 0000:00: resource 4 [io  0x0000-0x0cf7 window]
[    0.481060] pci_bus 0000:00: resource 5 [io  0x0d00-0xffff window]
[    0.481879] pci_bus 0000:00: resource 6 [mem 0x000a0000-0x000bffff window]
[    0.482788] pci_bus 0000:00: resource 7 [mem 0x40000000-0xfebfffff window]
[    0.483696] pci_bus 0000:00: resource 8 [mem 0x100000000-0x17fffffff window]
[    0.484704] pci 0000:00:01.0: PIIX3: Enabling Passive Release
[    0.485472] pci 0000:00:00.0: Limiting direct PCI/PCI transfers
[    0.486292] PCI: CLS 0 bytes, default 64
[    0.486870] kvm_intel: VMX not supported by CPU 1
[    0.487736] kvm_amd: TSC scaling supported
[    0.488295] kvm_amd: Nested Virtualization enabled
[    0.488943] kvm_amd: Nested Paging enabled
[    0.489498] kvm_amd: Virtual VMLOAD VMSAVE supported
[    0.490158] kvm_amd: Virtual GIF supported
[    0.490703] kvm_amd: Virtual NMI enabled
[    0.491219] kvm_amd: LBR virtualization supported
[    0.600161] workingset: timestamp_bits=56 max_order=18 bucket_order=0
[    0.601166] squashfs: version 4.0 (2009/01/31) Phillip Lougher
[    0.601968] fuse: init (API version 7.39)
[    0.602609] 9p: Installing v9fs 9p2000 file system support
[    0.603441] Key type asymmetric registered
[    0.604027] Block layer SCSI generic (bsg) driver version 0.4 loaded (major 249)
[    0.605076] io scheduler mq-deadline registered
[    0.605683] io scheduler kyber registered
[    0.607633] input: Power Button as /devices/LNXSYSTM:00/LNXPWRBN:00/input/input0
[    0.608848] ACPI: button: Power Button [PWRF]
[    0.609540] Warning: Processor Platform Limit event detected, but not handled.
[    0.610490] Consider compiling CPUfreq support into your kernel.
[    0.685663] ACPI: \_SB_.LNKB: Enabled at IRQ 10
[    0.762179] ACPI: \_SB_.LNKC: Enabled at IRQ 11
[    0.763712] Serial: 8250/16550 driver, 4 ports, IRQ sharing enabled
[    0.764962] 00:03: ttyS0 at I/O 0x3f8 (irq = 4, base_baud = 115200) is a 16550A
[    0.767060] Non-volatile memory driver v1.3
[    0.767643] Linux agpgart interface v0.103
[    0.768336] ACPI: bus type drm_connector registered
[    0.781926] loop: module loaded
[    0.783713] scsi host0: ata_piix
[    0.784466] scsi host1: ata_piix
[    0.784984] ata1: PATA max MWDMA2 cmd 0x1f0 ctl 0x3f6 bmdma 0xc080 irq 14 lpm-pol 0
[    0.786007] ata2: PATA max MWDMA2 cmd 0x170 ctl 0x376 bmdma 0xc088 irq 15 lpm-pol 0
[    0.787799] i8042: PNP: PS/2 Controller [PNP0303:KBD,PNP0f13:MOU] at 0x60,0x64 irq 1,12
[    0.789611] serio: i8042 KBD port at 0x60,0x64 irq 1
[    0.790288] serio: i8042 AUX port at 0x60,0x64 irq 12
[    0.791476] rtc_cmos 00:04: RTC can wake from S4
[    0.792562] input: AT Translated Set 2 keyboard as /devices/platform/i8042/serio0/input/input1
[    0.794347] rtc_cmos 00:04: registered as rtc0
[    0.795013] rtc_cmos 00:04: setting system clock to 2024-01-25T09:08:37 UTC (1706173717)
[    0.796197] rtc_cmos 00:04: alarms up to one day, y3k, 242 bytes nvram, hpet irqs
[    0.798094] i6300ESB timer 0000:00:04.0: initialized. heartbeat=30 sec (nowayout=0)
[    0.799518] device-mapper: ioctl: 4.48.0-ioctl (2023-03-01) initialised: dm-devel@redhat.com
[    0.801410] NET: Registered PF_PACKET protocol family
[    0.802101] 9pnet: Installing 9P2000 support
[    0.803722] Key type dns_resolver registered
[    0.805560] input: ImExPS/2 Generic Explorer Mouse as /devices/platform/i8042/serio1/input/input3
[    0.808287] IPI shorthand broadcast: enabled
[    0.818354] sched_clock: Marking stable (808004300, 9501500)->(838335189, -20829389)
[    0.820027] registered taskstats version 1
[    0.826927] PM:   Magic number: 8:864:121
[    0.827683] printk: legacy console [netcon0] enabled
[    0.828528] netconsole: network logging started
[    0.829312] ALSA device list:
[    0.829754]   No soundcards found.
[    0.939841] ata2: found unknown device (class 0)
[    0.941114] ata2.00: ATAPI: QEMU DVD-ROM, 2.5+, max UDMA/100
[    0.943293] scsi 1:0:0:0: CD-ROM            QEMU     QEMU DVD-ROM     2.5+ PQ: 0 ANSI: 5
[    0.952396] scsi 1:0:0:0: Attached scsi generic sg0 type 5
[    0.953283] md: Skipping autodetection of RAID arrays. (raid=autodetect will force)
[    0.954488] 9pnet_virtio: no channels available for device 
[    0.955917] VFS: Mounted root (9p filesystem) readonly on device 0:19.
[    0.957148] devtmpfs: mounted
[    0.959586] Freeing unused kernel image (initmem) memory: 3148K
[    0.966538] Write protecting the kernel read-only data: 22528k
[    0.967876] Freeing unused kernel image (rodata/data gap) memory: 88K
[    1.001532] x86/mm: Checked W+X mappings: passed, no W+X pages found.
[    1.002258] Run /usr/lib/python3.11/site-packages/virtme/guest/virtme-init as init process
[    1.028931] mount (268) used greatest stack depth: 12952 bytes left
[    1.103915] mount (277) used greatest stack depth: 12936 bytes left
[    1.158226] virtme-init (295) used greatest stack depth: 12344 bytes left
[    1.197218] virtme-init: basic initialization done
[    1.202710] virtme-init: udevd not found
[    1.265374] virtme-init: Setting hostname to virtme-ng...
[    1.278266] ip (331) used greatest stack depth: 12056 bytes left
          _      _                                    
   __   _(_)_ __| |_ _ __ ___   ___       _ __   __ _ 
   \ \ / / |  __| __|  _   _ \ / _ \_____|  _ \ / _  |
    \ V /| | |  | |_| | | | | |  __/_____| | | | (_| |
     \_/ |_|_|   \__|_| |_| |_|\___|     |_| |_|\__  |
                                                |___/ 
   kernel version: 6.7.0-virtme x86_64

virtme-ng:/nipa-data/kernel# PS1='xx__-> '
xx__-> 