No EFI environment detected.
early console in extract_kernel
input_data: 0x00000000029f72b9
input_len: 0x0000000000ad8ff7
output: 0x0000000001000000
output_len: 0x000000000248ab78
kernel_total_size: 0x0000000002230000
needed_size: 0x0000000002600000
trampoline_32bit: 0x0000000000000000
Physical KASLR using RDRAND RDTSC...
Virtual KASLR using RDRAND RDTSC...

Decompressing Linux... Parsing ELF... Performing relocations... done.
Booting the kernel (entry_offset: 0x0000000000000000).
[    0.000000] Linux version 6.8.0-rc6-virtme (root@a275873fbcbd) (gcc (Alpine 13.2.1_git20231014) 13.2.1 20231014, GNU ld (GNU Binutils) 2.42) #1 SMP PREEMPT_DYNAMIC Wed Mar  6 21:06:05 UTC 2024
[    0.000000] Command line: virtme_hostname=virtme-ng nr_open=1048576 virtme_link_mods=/nipa-data/kernel/.virtme_mods/lib/modules/0.0.0 virtme_initmount0=nipa-data/kernel virtme_rw_overlay0=/etc virtme_rw_overlay1=/lib virtme_rw_overlay2=/home virtme_rw_overlay3=/opt virtme_rw_overlay4=/srv virtme_rw_overlay5=/usr virtme_rw_overlay6=/var console=hvc0 earlyprintk=serial,ttyS0,115200 virtme_console=ttyS0 psmouse.proto=exps TERM=xterm virtme_chdir=nipa-data/kernel virtme_root_user=1 rootfstype=9p rootflags=version=9p2000.L,trans=virtio,access=any raid=noautodetect ro init=/usr/lib/python3.11/site-packages/virtme/guest/virtme-init
[    0.000000] BIOS-provided physical RAM map:
[    0.000000] BIOS-e820: [mem 0x0000000000000000-0x000000000009fbff] usable
[    0.000000] BIOS-e820: [mem 0x000000000009fc00-0x000000000009ffff] reserved
[    0.000000] BIOS-e820: [mem 0x00000000000f0000-0x00000000000fffff] reserved
[    0.000000] BIOS-e820: [mem 0x0000000000100000-0x000000003ffdffff] usable
[    0.000000] BIOS-e820: [mem 0x000000003ffe0000-0x000000003fffffff] reserved
[    0.000000] BIOS-e820: [mem 0x00000000feffc000-0x00000000feffffff] reserved
[    0.000000] BIOS-e820: [mem 0x00000000fffc0000-0x00000000ffffffff] reserved
[    0.000000] BIOS-e820: [mem 0x000000fd00000000-0x000000ffffffffff] reserved
[    0.000000] printk: legacy bootconsole [earlyser0] enabled
[    0.000000] NX (Execute Disable) protection: active
[    0.000000] APIC: Static calls initialized
[    0.000000] SMBIOS 3.0.0 present.
[    0.000000] DMI: QEMU Standard PC (i440FX + PIIX, 1996), BIOS rel-1.16.3-0-ga6ed6b701f0a-prebuilt.qemu.org 04/01/2014
[    0.000000] Hypervisor detected: KVM
[    0.000000] kvm-clock: Using msrs 4b564d01 and 4b564d00
[    0.000000] kvm-clock: using sched offset of 240817364 cycles
[    0.000392] clocksource: kvm-clock: mask: 0xffffffffffffffff max_cycles: 0x1cd42e4dffb, max_idle_ns: 881590591483 ns
[    0.001614] tsc: Detected 4491.536 MHz processor
[    0.002230] last_pfn = 0x3ffe0 max_arch_pfn = 0x400000000
[    0.002659] MTRR map: 4 entries (3 fixed + 1 variable; max 19), built from 8 variable MTRRs
[    0.003290] x86/PAT: Configuration [0-7]: WB  WC  UC- UC  WB  WP  UC- WT  
Memory KASLR using RDRAND RDTSC...
[    0.005369] found SMP MP-table at [mem 0x000f5470-0x000f547f]
[    0.005805] Using GB pages for direct mapping
[    0.006155] ACPI: Early table checksum verification disabled
[    0.006579] ACPI: RSDP 0x00000000000F5290 000014 (v00 BOCHS )
[    0.007014] ACPI: RSDT 0x000000003FFE27BC 000034 (v01 BOCHS  BXPC     00000001 BXPC 00000001)
[    0.007657] ACPI: FACP 0x000000003FFE2578 000074 (v01 BOCHS  BXPC     00000001 BXPC 00000001)
[    0.008298] ACPI: DSDT 0x000000003FFE0040 002538 (v01 BOCHS  BXPC     00000001 BXPC 00000001)
[    0.008943] ACPI: FACS 0x000000003FFE0000 000040
[    0.009290] ACPI: APIC 0x000000003FFE25EC 000170 (v03 BOCHS  BXPC     00000001 BXPC 00000001)
[    0.009933] ACPI: HPET 0x000000003FFE275C 000038 (v01 BOCHS  BXPC     00000001 BXPC 00000001)
[    0.010570] ACPI: WAET 0x000000003FFE2794 000028 (v01 BOCHS  BXPC     00000001 BXPC 00000001)
[    0.011207] ACPI: Reserving FACP table memory at [mem 0x3ffe2578-0x3ffe25eb]
[    0.011733] ACPI: Reserving DSDT table memory at [mem 0x3ffe0040-0x3ffe2577]
[    0.012264] ACPI: Reserving FACS table memory at [mem 0x3ffe0000-0x3ffe003f]
[    0.012792] ACPI: Reserving APIC table memory at [mem 0x3ffe25ec-0x3ffe275b]
[    0.013321] ACPI: Reserving HPET table memory at [mem 0x3ffe275c-0x3ffe2793]
[    0.013850] ACPI: Reserving WAET table memory at [mem 0x3ffe2794-0x3ffe27bb]
[    0.014533] No NUMA configuration found
[    0.014821] Faking a node at [mem 0x0000000000000000-0x000000003ffdffff]
[    0.015328] NODE_DATA(0) allocated [mem 0x3ffdb000-0x3ffdffff]
[    0.015778] Zone ranges:
[    0.015972]   DMA      [mem 0x0000000000001000-0x0000000000ffffff]
[    0.016437]   DMA32    [mem 0x0000000001000000-0x000000003ffdffff]
[    0.016903]   Normal   empty
[    0.017119]   Device   empty
[    0.017335] Movable zone start for each node
[    0.017655] Early memory node ranges
[    0.017922]   node   0: [mem 0x0000000000001000-0x000000000009efff]
[    0.018393]   node   0: [mem 0x0000000000100000-0x000000003ffdffff]
[    0.018863] Initmem setup node 0 [mem 0x0000000000001000-0x000000003ffdffff]
[    0.019399] On node 0, zone DMA: 1 pages in unavailable ranges
[    0.019887] On node 0, zone DMA: 97 pages in unavailable ranges
[    0.021478] On node 0, zone DMA32: 32 pages in unavailable ranges
[    0.022147] ACPI: PM-Timer IO Port: 0x608
[    0.022452] ACPI: LAPIC_NMI (acpi_id[0xff] dfl dfl lint[0x1])
[    0.022901] IOAPIC[0]: apic_id 0, version 17, address 0xfec00000, GSI 0-23
[    0.023418] ACPI: INT_SRC_OVR (bus 0 bus_irq 0 global_irq 2 dfl dfl)
[    0.023897] ACPI: INT_SRC_OVR (bus 0 bus_irq 5 global_irq 5 high level)
[    0.024394] ACPI: INT_SRC_OVR (bus 0 bus_irq 9 global_irq 9 high level)
[    0.024896] ACPI: INT_SRC_OVR (bus 0 bus_irq 10 global_irq 10 high level)
[    0.025405] ACPI: INT_SRC_OVR (bus 0 bus_irq 11 global_irq 11 high level)
[    0.025917] ACPI: Using ACPI (MADT) for SMP configuration information
[    0.026402] ACPI: HPET id: 0x8086a201 base: 0xfed00000
[    0.026814] TSC deadline timer available
[    0.027109] smpboot: Allowing 32 CPUs, 0 hotplug CPUs
[    0.027498] kvm-guest: APIC: eoi() replaced with kvm_guest_apic_eoi_write()
[    0.028030] kvm-guest: KVM setup pv remote TLB flush
[    0.028403] kvm-guest: setup PV sched yield
[    0.028721] PM: hibernation: Registered nosave memory: [mem 0x00000000-0x00000fff]
[    0.029298] PM: hibernation: Registered nosave memory: [mem 0x0009f000-0x0009ffff]
[    0.029866] PM: hibernation: Registered nosave memory: [mem 0x000a0000-0x000effff]
[    0.030434] PM: hibernation: Registered nosave memory: [mem 0x000f0000-0x000fffff]
[    0.031002] [mem 0x40000000-0xfeffbfff] available for PCI devices
[    0.031460] Booting paravirtualized kernel on KVM
[    0.031813] clocksource: refined-jiffies: mask: 0xffffffff max_cycles: 0xffffffff, max_idle_ns: 1910969940391419 ns
[    0.035525] setup_percpu: NR_CPUS:64 nr_cpumask_bits:32 nr_cpu_ids:32 nr_node_ids:1
[    0.036878] percpu: Embedded 56 pages/cpu s191784 r8192 d29400 u262144
[    0.037400] Kernel command line: virtme_hostname=virtme-ng nr_open=1048576 virtme_link_mods=/nipa-data/kernel/.virtme_mods/lib/modules/0.0.0 virtme_initmount0=nipa-data/kernel virtme_rw_overlay0=/etc virtme_rw_overlay1=/lib virtme_rw_overlay2=/home virtme_rw_overlay3=/opt virtme_rw_overlay4=/srv virtme_rw_overlay5=/usr virtme_rw_overlay6=/var console=hvc0 earlyprintk=serial,ttyS0,115200 virtme_console=ttyS0 psmouse.proto=exps TERM=xterm virtme_chdir=nipa-data/kernel virtme_root_user=1 rootfstype=9p rootflags=version=9p2000.L,trans=virtio,access=any raid=noautodetect ro init=/usr/lib/python3.11/site-packages/virtme/guest/virtme-init
[    0.041844] Unknown kernel command line parameters "virtme_hostname=virtme-ng nr_open=1048576 virtme_link_mods=/nipa-data/kernel/.virtme_mods/lib/modules/0.0.0 virtme_initmount0=nipa-data/kernel virtme_rw_overlay0=/etc virtme_rw_overlay1=/lib virtme_rw_overlay2=/home virtme_rw_overlay3=/opt virtme_rw_overlay4=/srv virtme_rw_overlay5=/usr virtme_rw_overlay6=/var virtme_console=ttyS0 virtme_chdir=nipa-data/kernel virtme_root_user=1", will be passed to user space.
[    0.045249] random: crng init done
[    0.045538] Dentry cache hash table entries: 131072 (order: 8, 1048576 bytes, linear)
[    0.046158] Inode-cache hash table entries: 65536 (order: 7, 524288 bytes, linear)
[    0.046828] Fallback order for Node 0: 0 
[    0.046831] Built 1 zonelists, mobility grouping on.  Total pages: 257760
[    0.047665] Policy zone: DMA32
[    0.047900] mem auto-init: stack:all(zero), heap alloc:off, heap free:off
[    0.049254] Memory: 986876K/1048056K available (16384K kernel code, 2351K rwdata, 5940K rodata, 2992K init, 2328K bss, 60920K reserved, 0K cma-reserved)
[    0.050335] SLUB: HWalign=64, Order=0-3, MinObjects=0, CPUs=32, Nodes=1
Poking KASLR using RDRAND RDTSC...
[    0.051222] ftrace: allocating 46337 entries in 182 pages
[    0.058342] ftrace: allocated 182 pages with 5 groups
[    0.059445] Dynamic Preempt: voluntary
[    0.059948] rcu: Preemptible hierarchical RCU implementation.
[    0.060480] rcu: RCU event tracing is enabled.
[    0.060842] rcu: RCU restricting CPUs from NR_CPUS=64 to nr_cpu_ids=32.
[    0.061358] Trampoline variant of Tasks RCU enabled.
[    0.061753] Rude variant of Tasks RCU enabled.
[    0.062101] Tracing variant of Tasks RCU enabled.
[    0.062471] rcu: RCU calculated value of scheduler-enlistment delay is 100 jiffies.
[    0.063067] rcu: Adjusting geometry for rcu_fanout_leaf=16, nr_cpu_ids=32
[    0.065083] NR_IRQS: 4352, nr_irqs: 680, preallocated irqs: 16
[    0.065696] rcu: srcu_init: Setting srcu_struct sizes based on contention.
[    0.066360] Console: colour *CGA 80x25
[    0.066656] ACPI: Core revision 20230628
[    0.067034] clocksource: hpet: mask: 0xffffffff max_cycles: 0xffffffff, max_idle_ns: 19112604467 ns
[    0.067796] APIC: Switch to symmetric I/O mode setup
[    0.068178] APIC: Switched APIC routing to: physical flat
[    0.068588] kvm-guest: APIC: send_IPI_mask() replaced with kvm_send_ipi_mask()
[    0.069190] kvm-guest: APIC: send_IPI_mask_allbutself() replaced with kvm_send_ipi_mask_allbutself()
[    0.069895] kvm-guest: setup PV IPIs
[    0.070961] ..TIMER: vector=0x30 apic1=0 pin1=2 apic2=-1 pin2=-1
[    0.071775] tsc: Marking TSC unstable due to TSCs unsynchronized
[    0.072593] Calibrating delay loop (skipped) preset value.. 8983.07 BogoMIPS (lpj=4491536)
[    0.073650] x86/cpu: User Mode Instruction Prevention (UMIP) activated
[    0.074643] Last level iTLB entries: 4KB 512, 2MB 255, 4MB 127
[    0.075591] Last level dTLB entries: 4KB 512, 2MB 255, 4MB 127, 1GB 0
[    0.076593] Spectre V1 : Mitigation: usercopy/swapgs barriers and __user pointer sanitization
[    0.077594] Spectre V2 : Mitigation: Enhanced / Automatic IBRS
[    0.078591] Spectre V2 : Spectre v2 / SpectreRSB mitigation: Filling RSB on context switch
[    0.079592] Spectre V2 : mitigation: Enabling conditional Indirect Branch Prediction Barrier
[    0.080592] Speculative Store Bypass: Mitigation: Speculative Store Bypass disabled via prctl
[    0.081591] Speculative Return Stack Overflow: IBPB-extending microcode not applied!
[    0.082591] Speculative Return Stack Overflow: WARNING: See https://kernel.org/doc/html/latest/admin-guide/hw-vuln/srso.html for mitigation options.
[    0.082591] Speculative Return Stack Overflow: Vulnerable: Safe RET, no microcode
[    0.084607] x86/fpu: Supporting XSAVE feature 0x001: 'x87 floating point registers'
[    0.085591] x86/fpu: Supporting XSAVE feature 0x002: 'SSE registers'
[    0.086591] x86/fpu: Supporting XSAVE feature 0x004: 'AVX registers'
[    0.087591] x86/fpu: Supporting XSAVE feature 0x020: 'AVX-512 opmask'
[    0.088591] x86/fpu: Supporting XSAVE feature 0x040: 'AVX-512 Hi256'
[    0.089591] x86/fpu: Supporting XSAVE feature 0x080: 'AVX-512 ZMM_Hi256'
[    0.090591] x86/fpu: Supporting XSAVE feature 0x200: 'Protection Keys User registers'
[    0.091591] x86/fpu: xstate_offset[2]:  576, xstate_sizes[2]:  256
[    0.092591] x86/fpu: xstate_offset[5]:  832, xstate_sizes[5]:   64
[    0.093394] x86/fpu: xstate_offset[6]:  896, xstate_sizes[6]:  512
[    0.093591] x86/fpu: xstate_offset[7]: 1408, xstate_sizes[7]: 1024
[    0.094591] x86/fpu: xstate_offset[9]: 2432, xstate_sizes[9]:    8
[    0.095591] x86/fpu: Enabled xstate features 0x2e7, context size is 2440 bytes, using 'compacted' format.
[    0.112100] Freeing SMP alternatives memory: 40K
[    0.112592] pid_max: default: 32768 minimum: 301
[    0.113220] Mount-cache hash table entries: 2048 (order: 2, 16384 bytes, linear)
[    0.113592] Mountpoint-cache hash table entries: 2048 (order: 2, 16384 bytes, linear)
[    0.114764] smpboot: CPU0: AMD Ryzen 9 7950X 16-Core Processor (family: 0x19, model: 0x61, stepping: 0x2)
[    0.115684] RCU Tasks: Setting shift to 5 and lim to 1 rcu_task_cb_adjust=1.
[    0.116600] RCU Tasks Rude: Setting shift to 5 and lim to 1 rcu_task_cb_adjust=1.
[    0.117584] RCU Tasks Trace: Setting shift to 5 and lim to 1 rcu_task_cb_adjust=1.
[    0.117600] Performance Events: Fam17h+ core perfctr, AMD PMU driver.
[    0.118470] ... version:                0
[    0.118592] ... bit width:              48
[    0.119125] ... generic registers:      6
[    0.119592] ... value mask:             0000ffffffffffff
[    0.120282] ... max period:             00007fffffffffff
[    0.120592] ... fixed-purpose events:   0
[    0.121117] ... event mask:             000000000000003f
[    0.121664] signal: max sigframe size: 3376
[    0.122223] rcu: Hierarchical SRCU implementation.
[    0.122593] rcu: Max phase no-delay instances is 400.
[    0.125614] smp: Bringing up secondary CPUs ...
[    0.126264] smpboot: x86: Booting SMP configuration:
[    0.126594] .... node  #0, CPUs:        #1  #2  #3  #4  #5  #6  #7  #8  #9 #10 #11 #12 #13 #14 #15 #16 #17 #18 #19 #20 #21 #22 #23 #24 #25 #26 #27 #28 #29 #30 #31
[    0.144751] smp: Brought up 1 node, 32 CPUs
[    0.146143] smpboot: Max logical packages: 1
[    0.146593] smpboot: Total of 32 processors activated (287458.30 BogoMIPS)
[    0.149660] devtmpfs: initialized
[    0.150057] x86/mm: Memory block size: 128MB
[    0.151326] clocksource: jiffies: mask: 0xffffffff max_cycles: 0xffffffff, max_idle_ns: 1911260446275000 ns
[    0.151594] futex hash table entries: 8192 (order: 7, 524288 bytes, linear)
[    0.152663] PM: RTC time: 21:06:35, date: 2024-03-06
[    0.153689] NET: Registered PF_NETLINK/PF_ROUTE protocol family
[    0.154602] thermal_sys: Registered thermal governor 'step_wise'
[    0.154603] thermal_sys: Registered thermal governor 'user_space'
[    0.155425] cpuidle: using governor menu
[    0.156824] PCI: Using configuration type 1 for base access
[    0.157592] PCI: Using configuration type 1 for extended access
[    0.158442] kprobes: kprobe jump-optimization is enabled. All kprobes are optimized if possible.
[    0.172880] HugeTLB: registered 1.00 GiB page size, pre-allocated 0 pages
[    0.173593] HugeTLB: 16380 KiB vmemmap can be freed for a 1.00 GiB page
[    0.174458] HugeTLB: registered 2.00 MiB page size, pre-allocated 0 pages
[    0.174592] HugeTLB: 28 KiB vmemmap can be freed for a 2.00 MiB page
[    0.175471] ACPI: Added _OSI(Module Device)
[    0.175593] ACPI: Added _OSI(Processor Device)
[    0.176170] ACPI: Added _OSI(3.0 _SCP Extensions)
[    0.176592] ACPI: Added _OSI(Processor Aggregator Device)
[    0.178007] ACPI: 1 ACPI AML tables successfully acquired and loaded
[    0.179203] ACPI: _OSC evaluation for CPUs failed, trying _PDC
[    0.179730] ACPI: Interpreter enabled
[    0.180214] ACPI: PM: (supports S0 S3 S4 S5)
[    0.180593] ACPI: Using IOAPIC for interrupt routing
[    0.181258] PCI: Using host bridge windows from ACPI; if necessary, use "pci=nocrs" and report a bug
[    0.181592] PCI: Using E820 reservations for host bridge windows
[    0.182462] ACPI: Enabled 2 GPEs in block 00 to 0F
[    0.185229] ACPI: PCI Root Bridge [PCI0] (domain 0000 [bus 00-ff])
[    0.185595] acpi PNP0A03:00: _OSC: OS supports [ExtendedConfig ASPM ClockPM Segments MSI HPX-Type3]
[    0.186682] PCI host bridge to bus 0000:00
[    0.187226] pci_bus 0000:00: root bus resource [io  0x0000-0x0cf7 window]
[    0.187593] pci_bus 0000:00: root bus resource [io  0x0d00-0xffff window]
[    0.188594] pci_bus 0000:00: root bus resource [mem 0x000a0000-0x000bffff window]
[    0.189593] pci_bus 0000:00: root bus resource [mem 0x40000000-0xfebfffff window]
[    0.190582] pci_bus 0000:00: root bus resource [mem 0x100000000-0x17fffffff window]
[    0.190593] pci_bus 0000:00: root bus resource [bus 00-ff]
[    0.191396] pci 0000:00:00.0: [8086:1237] type 00 class 0x060000 conventional PCI endpoint
[    0.191850] pci 0000:00:01.0: [8086:7000] type 00 class 0x060100 conventional PCI endpoint
[    0.192910] pci 0000:00:01.1: [8086:7010] type 00 class 0x010180 conventional PCI endpoint
[    0.196101] pci 0000:00:01.1: BAR 4 [io  0xc0c0-0xc0cf]
[    0.197577] pci 0000:00:01.1: BAR 0 [io  0x01f0-0x01f7]: legacy IDE quirk
[    0.197593] pci 0000:00:01.1: BAR 1 [io  0x03f6]: legacy IDE quirk
[    0.198394] pci 0000:00:01.1: BAR 2 [io  0x0170-0x0177]: legacy IDE quirk
[    0.198592] pci 0000:00:01.1: BAR 3 [io  0x0376]: legacy IDE quirk
[    0.199490] pci 0000:00:01.3: [8086:7113] type 00 class 0x068000 conventional PCI endpoint
[    0.199836] pci 0000:00:01.3: quirk: [io  0x0600-0x063f] claimed by PIIX4 ACPI
[    0.200597] pci 0000:00:01.3: quirk: [io  0x0700-0x070f] claimed by PIIX4 SMB
[    0.201693] pci 0000:00:02.0: [1af4:1009] type 00 class 0x000200 conventional PCI endpoint
[    0.203593] pci 0000:00:02.0: BAR 0 [io  0xc000-0xc03f]
[    0.205326] pci 0000:00:02.0: BAR 1 [mem 0xfebfc000-0xfebfcfff]
[    0.209134] pci 0000:00:02.0: BAR 4 [mem 0xfebf0000-0xfebf3fff 64bit pref]
[    0.211230] pci 0000:00:03.0: [1af4:1009] type 00 class 0x000200 conventional PCI endpoint
[    0.212594] pci 0000:00:03.0: BAR 0 [io  0xc040-0xc07f]
[    0.214295] pci 0000:00:03.0: BAR 1 [mem 0xfebfd000-0xfebfdfff]
[    0.218313] pci 0000:00:03.0: BAR 4 [mem 0xfebf4000-0xfebf7fff 64bit pref]
[    0.220155] pci 0000:00:04.0: [8086:25ab] type 00 class 0x088000 conventional PCI endpoint
[    0.221194] pci 0000:00:04.0: BAR 0 [mem 0xfebfe000-0xfebfe00f]
[    0.225496] pci 0000:00:05.0: [1af4:1003] type 00 class 0x078000 conventional PCI endpoint
[    0.226593] pci 0000:00:05.0: BAR 0 [io  0xc080-0xc0bf]
[    0.228594] pci 0000:00:05.0: BAR 1 [mem 0xfebff000-0xfebfffff]
[    0.233346] pci 0000:00:05.0: BAR 4 [mem 0xfebf8000-0xfebfbfff 64bit pref]
[    0.235369] ACPI: PCI: Interrupt link LNKA configured for IRQ 10
[    0.235705] ACPI: PCI: Interrupt link LNKB configured for IRQ 10
[    0.236587] ACPI: PCI: Interrupt link LNKC configured for IRQ 11
[    0.236690] ACPI: PCI: Interrupt link LNKD configured for IRQ 11
[    0.237544] ACPI: PCI: Interrupt link LNKS configured for IRQ 9
[    0.239239] iommu: Default domain type: Translated
[    0.239593] iommu: DMA domain TLB invalidation policy: lazy mode
[    0.240444] SCSI subsystem initialized
[    0.240631] pps_core: LinuxPPS API ver. 1 registered
[    0.241271] pps_core: Software ver. 5.3.6 - Copyright 2005-2007 Rodolfo Giometti <giometti@linux.it>
[    0.241595] PTP clock support registered
[    0.242122] Advanced Linux Sound Architecture Driver Initialized.
[    0.242899] NET: Registered PF_ATMPVC protocol family
[    0.243564] NET: Registered PF_ATMSVC protocol family
[    0.243596] PCI: Using ACPI for IRQ routing
[    0.244223] vgaarb: loaded
[    0.244628] hpet0: at MMIO 0xfed00000, IRQs 2, 8, 0
[    0.245262] hpet0: 3 comparators, 64-bit 100.000000 MHz counter
[    0.250050] clocksource: Switched to clocksource kvm-clock
[    0.250844] VFS: Disk quotas dquot_6.6.0
[    0.251047] VFS: Dquot-cache hash table entries: 512 (order 0, 4096 bytes)
[    0.252351] pnp: PnP ACPI init
[    0.252953] pnp: PnP ACPI: found 5 devices
[    0.260746] clocksource: acpi_pm: mask: 0xffffff max_cycles: 0xffffff, max_idle_ns: 2085701024 ns
[    0.261953] NET: Registered PF_INET protocol family
[    0.262610] IP idents hash table entries: 16384 (order: 5, 131072 bytes, linear)
[    0.263738] tcp_listen_portaddr_hash hash table entries: 512 (order: 1, 8192 bytes, linear)
[    0.264842] Table-perturb hash table entries: 65536 (order: 6, 262144 bytes, linear)
[    0.265865] TCP established hash table entries: 8192 (order: 4, 65536 bytes, linear)
[    0.266882] TCP bind hash table entries: 8192 (order: 6, 262144 bytes, linear)
[    0.267839] TCP: Hash tables configured (established 8192 bind 8192)
[    0.268713] UDP hash table entries: 512 (order: 2, 16384 bytes, linear)
[    0.269582] UDP-Lite hash table entries: 512 (order: 2, 16384 bytes, linear)
[    0.270529] NET: Registered PF_UNIX/PF_LOCAL protocol family
[    0.271273] pci_bus 0000:00: resource 4 [io  0x0000-0x0cf7 window]
[    0.272092] pci_bus 0000:00: resource 5 [io  0x0d00-0xffff window]
[    0.272903] pci_bus 0000:00: resource 6 [mem 0x000a0000-0x000bffff window]
[    0.273807] pci_bus 0000:00: resource 7 [mem 0x40000000-0xfebfffff window]
[    0.274710] pci_bus 0000:00: resource 8 [mem 0x100000000-0x17fffffff window]
[    0.275660] pci 0000:00:01.0: PIIX3: Enabling Passive Release
[    0.276425] pci 0000:00:00.0: Limiting direct PCI/PCI transfers
[    0.277234] PCI: CLS 0 bytes, default 64
[    0.277806] kvm_intel: VMX not supported by CPU 0
[    0.278441] kvm_amd: TSC scaling supported
[    0.278982] kvm_amd: Nested Virtualization enabled
[    0.279613] kvm_amd: Nested Paging enabled
[    0.280162] kvm_amd: Virtual VMLOAD VMSAVE supported
[    0.280815] kvm_amd: Virtual GIF supported
[    0.281350] kvm_amd: Virtual NMI enabled
[    0.281865] kvm_amd: LBR virtualization supported
[    0.369354] workingset: timestamp_bits=56 max_order=18 bucket_order=0
[    0.370274] squashfs: version 4.0 (2009/01/31) Phillip Lougher
[    0.371071] fuse: init (API version 7.39)
[    0.371661] 9p: Installing v9fs 9p2000 file system support
[    0.372433] Key type asymmetric registered
[    0.372986] Block layer SCSI generic (bsg) driver version 0.4 loaded (major 249)
[    0.373987] io scheduler mq-deadline registered
[    0.374599] io scheduler kyber registered
[    0.376111] input: Power Button as /devices/LNXSYSTM:00/LNXPWRBN:00/input/input0
[    0.377174] ACPI: button: Power Button [PWRF]
[    0.377782] Warning: Processor Platform Limit event detected, but not handled.
[    0.378829] Consider compiling CPUfreq support into your kernel.
[    0.396538] ACPI: \_SB_.LNKB: Enabled at IRQ 10
[    0.413844] ACPI: \_SB_.LNKC: Enabled at IRQ 11
[    0.431008] ACPI: \_SB_.LNKA: Enabled at IRQ 10
[    0.432301] Serial: 8250/16550 driver, 4 ports, IRQ sharing enabled
[    0.433258] 00:03: ttyS0 at I/O 0x3f8 (irq = 4, base_baud = 115200) is a 16550A
[    0.482714] Non-volatile memory driver v1.3
[    0.483306] Linux agpgart interface v0.103
[    0.483870] printk: legacy console [hvc0] enabled
[    0.483947] ACPI: bus type drm_connector registered
          _      _                                    
   __   _(_)_ __| |_ _ __ ___   ___       _ __   __ _ 
   \ \ / / |  __| __|  _   _ \ / _ \_____|  _ \ / _  |
    \ V /| | |  | |_| | | | | |  __/_____| | | | (_| |
     \_/ |_|_|   \__|_| |_| |_|\___|     |_| |_|\__  |
                                                |___/ 
   kernel version: 6.8.0-rc6-virtme x86_64
   (CTRL+d to exit)

virtme-ng:/nipa-data/kernel# PS1='xx__-> '
xx__-> env
PWD=/nipa-data/kernel
nr_open=1048576
HOME=/
TERM=xterm
SHLVL=2
XDG_RUNTIME_DIR=/run/user/0
PATH=/bin:/sbin:/usr/bin:/usr/sbin:/usr/local/bin
OLDPWD=/
_=/usr/bin/env
xx__-> 