No EFI environment detected.
early console in extract_kernel
input_data: 0x00000000029f72b9
input_len: 0x0000000000ad916b
output: 0x0000000001000000
output_len: 0x000000000248abd4
kernel_total_size: 0x0000000002230000
needed_size: 0x0000000002600000
trampoline_32bit: 0x0000000000000000
Physical KASLR using RDRAND RDTSC...
Virtual KASLR using RDRAND RDTSC...

Decompressing Linux... Parsing ELF... Performing relocations... done.
Booting the kernel (entry_offset: 0x0000000000000000).
[    0.000000] Linux version 6.8.0-rc7-virtme (root@f205e706978e) (gcc (Alpine 13.2.1_git20231014) 13.2.1 20231014, GNU ld (GNU Binutils) 2.42) #1 SMP PREEMPT_DYNAMIC Mon Mar 11 06:06:28 UTC 2024
[    0.000000] Command line: virtme_hostname=virtme-ng nr_open=1048576 virtme_link_mods=/nipa-data/kernel/.virtme_mods/lib/modules/0.0.0 virtme_initmount0=nipa-data/kernel virtme_rw_overlay0=/etc virtme_rw_overlay1=/lib virtme_rw_overlay2=/home virtme_rw_overlay3=/opt virtme_rw_overlay4=/srv virtme_rw_overlay5=/usr virtme_rw_overlay6=/var console=hvc0 earlyprintk=serial,ttyS0,115200 virtme_console=ttyS0 psmouse.proto=exps TERM=xterm virtme_chdir=nipa-data/kernel virtme_root_user=1 rootfstype=9p rootflags=version=9p2000.L,trans=virtio,access=any raid=noautodetect ro init=/usr/lib/python3.11/site-packages/virtme/guest/virtme-init
[    0.000000] BIOS-provided physical RAM map:
[    0.000000] BIOS-e820: [mem 0x0000000000000000-0x000000000009fbff] usable
[    0.000000] BIOS-e820: [mem 0x000000000009fc00-0x000000000009ffff] reserved
[    0.000000] BIOS-e820: [mem 0x00000000000f0000-0x00000000000fffff] reserved
[    0.000000] BIOS-e820: [mem 0x0000000000100000-0x000000003ffdffff] usable
[    0.000000] BIOS-e820: [mem 0x000000003ffe0000-0x000000003fffffff] reserved
[    0.000000] BIOS-e820: [mem 0x00000000feffc000-0x00000000feffffff] reserved
[    0.000000] BIOS-e820: [mem 0x00000000fffc0000-0x00000000ffffffff] reserved
[    0.000000] BIOS-e820: [mem 0x000000fd00000000-0x000000ffffffffff] reserved
[    0.000000] printk: legacy bootconsole [earlyser0] enabled
[    0.000000] NX (Execute Disable) protection: active
[    0.000000] APIC: Static calls initialized
[    0.000000] SMBIOS 3.0.0 present.
[    0.000000] DMI: QEMU Standard PC (i440FX + PIIX, 1996), BIOS rel-1.16.3-0-ga6ed6b701f0a-prebuilt.qemu.org 04/01/2014
[    0.000000] Hypervisor detected: KVM
[    0.000000] kvm-clock: Using msrs 4b564d01 and 4b564d00
[    0.000000] kvm-clock: using sched offset of 219647395 cycles
[    0.000381] clocksource: kvm-clock: mask: 0xffffffffffffffff max_cycles: 0x1cd42e4dffb, max_idle_ns: 881590591483 ns
[    0.001565] tsc: Detected 4491.556 MHz processor
[    0.002161] last_pfn = 0x3ffe0 max_arch_pfn = 0x400000000
[    0.002576] MTRR map: 4 entries (3 fixed + 1 variable; max 19), built from 8 variable MTRRs
[    0.003183] x86/PAT: Configuration [0-7]: WB  WC  UC- UC  WB  WP  UC- WT  
Memory KASLR using RDRAND RDTSC...
[    0.005216] found SMP MP-table at [mem 0x000f5470-0x000f547f]
[    0.005639] Using GB pages for direct mapping
[    0.006002] ACPI: Early table checksum verification disabled
[    0.006414] ACPI: RSDP 0x00000000000F5290 000014 (v00 BOCHS )
[    0.006834] ACPI: RSDT 0x000000003FFE27BC 000034 (v01 BOCHS  BXPC     00000001 BXPC 00000001)
[    0.007460] ACPI: FACP 0x000000003FFE2578 000074 (v01 BOCHS  BXPC     00000001 BXPC 00000001)
[    0.008085] ACPI: DSDT 0x000000003FFE0040 002538 (v01 BOCHS  BXPC     00000001 BXPC 00000001)
[    0.008707] ACPI: FACS 0x000000003FFE0000 000040
[    0.009044] ACPI: APIC 0x000000003FFE25EC 000170 (v03 BOCHS  BXPC     00000001 BXPC 00000001)
[    0.009671] ACPI: HPET 0x000000003FFE275C 000038 (v01 BOCHS  BXPC     00000001 BXPC 00000001)
[    0.010295] ACPI: WAET 0x000000003FFE2794 000028 (v01 BOCHS  BXPC     00000001 BXPC 00000001)
[    0.010919] ACPI: Reserving FACP table memory at [mem 0x3ffe2578-0x3ffe25eb]
[    0.011437] ACPI: Reserving DSDT table memory at [mem 0x3ffe0040-0x3ffe2577]
[    0.011953] ACPI: Reserving FACS table memory at [mem 0x3ffe0000-0x3ffe003f]
[    0.012470] ACPI: Reserving APIC table memory at [mem 0x3ffe25ec-0x3ffe275b]
[    0.012986] ACPI: Reserving HPET table memory at [mem 0x3ffe275c-0x3ffe2793]
[    0.013501] ACPI: Reserving WAET table memory at [mem 0x3ffe2794-0x3ffe27bb]
[    0.014154] No NUMA configuration found
[    0.014433] Faking a node at [mem 0x0000000000000000-0x000000003ffdffff]
[    0.014922] NODE_DATA(0) allocated [mem 0x3ffdb000-0x3ffdffff]
[    0.015359] Zone ranges:
[    0.015544]   DMA      [mem 0x0000000000001000-0x0000000000ffffff]
[    0.015996]   DMA32    [mem 0x0000000001000000-0x000000003ffdffff]
[    0.016447]   Normal   empty
[    0.016657]   Device   empty
[    0.016867] Movable zone start for each node
[    0.017179] Early memory node ranges
[    0.017440]   node   0: [mem 0x0000000000001000-0x000000000009efff]
[    0.017900]   node   0: [mem 0x0000000000100000-0x000000003ffdffff]
[    0.018360] Initmem setup node 0 [mem 0x0000000000001000-0x000000003ffdffff]
[    0.018879] On node 0, zone DMA: 1 pages in unavailable ranges
[    0.019317] On node 0, zone DMA: 97 pages in unavailable ranges
[    0.020702] On node 0, zone DMA32: 32 pages in unavailable ranges
[    0.021348] ACPI: PM-Timer IO Port: 0x608
[    0.021643] ACPI: LAPIC_NMI (acpi_id[0xff] dfl dfl lint[0x1])
[    0.022076] IOAPIC[0]: apic_id 0, version 17, address 0xfec00000, GSI 0-23
[    0.022578] ACPI: INT_SRC_OVR (bus 0 bus_irq 0 global_irq 2 dfl dfl)
[    0.023040] ACPI: INT_SRC_OVR (bus 0 bus_irq 5 global_irq 5 high level)
[    0.023524] ACPI: INT_SRC_OVR (bus 0 bus_irq 9 global_irq 9 high level)
[    0.024006] ACPI: INT_SRC_OVR (bus 0 bus_irq 10 global_irq 10 high level)
[    0.024500] ACPI: INT_SRC_OVR (bus 0 bus_irq 11 global_irq 11 high level)
[    0.024995] ACPI: Using ACPI (MADT) for SMP configuration information
[    0.025464] ACPI: HPET id: 0x8086a201 base: 0xfed00000
[    0.025837] TSC deadline timer available
[    0.026122] smpboot: Allowing 32 CPUs, 0 hotplug CPUs
[    0.026495] kvm-guest: APIC: eoi() replaced with kvm_guest_apic_eoi_write()
[    0.027008] kvm-guest: KVM setup pv remote TLB flush
[    0.027373] kvm-guest: setup PV sched yield
[    0.027679] PM: hibernation: Registered nosave memory: [mem 0x00000000-0x00000fff]
[    0.028230] PM: hibernation: Registered nosave memory: [mem 0x0009f000-0x0009ffff]
[    0.028780] PM: hibernation: Registered nosave memory: [mem 0x000a0000-0x000effff]
[    0.029329] PM: hibernation: Registered nosave memory: [mem 0x000f0000-0x000fffff]
[    0.029880] [mem 0x40000000-0xfeffbfff] available for PCI devices
[    0.030322] Booting paravirtualized kernel on KVM
[    0.030664] clocksource: refined-jiffies: mask: 0xffffffff max_cycles: 0xffffffff, max_idle_ns: 1910969940391419 ns
[    0.034199] setup_percpu: NR_CPUS:64 nr_cpumask_bits:32 nr_cpu_ids:32 nr_node_ids:1
[    0.035338] percpu: Embedded 56 pages/cpu s191784 r8192 d29400 u262144
[    0.035842] Kernel command line: virtme_hostname=virtme-ng nr_open=1048576 virtme_link_mods=/nipa-data/kernel/.virtme_mods/lib/modules/0.0.0 virtme_initmount0=nipa-data/kernel virtme_rw_overlay0=/etc virtme_rw_overlay1=/lib virtme_rw_overlay2=/home virtme_rw_overlay3=/opt virtme_rw_overlay4=/srv virtme_rw_overlay5=/usr virtme_rw_overlay6=/var console=hvc0 earlyprintk=serial,ttyS0,115200 virtme_console=ttyS0 psmouse.proto=exps TERM=xterm virtme_chdir=nipa-data/kernel virtme_root_user=1 rootfstype=9p rootflags=version=9p2000.L,trans=virtio,access=any raid=noautodetect ro init=/usr/lib/python3.11/site-packages/virtme/guest/virtme-init
[    0.040096] Unknown kernel command line parameters "virtme_hostname=virtme-ng nr_open=1048576 virtme_link_mods=/nipa-data/kernel/.virtme_mods/lib/modules/0.0.0 virtme_initmount0=nipa-data/kernel virtme_rw_overlay0=/etc virtme_rw_overlay1=/lib virtme_rw_overlay2=/home virtme_rw_overlay3=/opt virtme_rw_overlay4=/srv virtme_rw_overlay5=/usr virtme_rw_overlay6=/var virtme_console=ttyS0 virtme_chdir=nipa-data/kernel virtme_root_user=1", will be passed to user space.
[    0.043349] random: crng init done
[    0.043633] Dentry cache hash table entries: 131072 (order: 8, 1048576 bytes, linear)
[    0.044235] Inode-cache hash table entries: 65536 (order: 7, 524288 bytes, linear)
[    0.044887] Fallback order for Node 0: 0 
[    0.044889] Built 1 zonelists, mobility grouping on.  Total pages: 257760
[    0.045692] Policy zone: DMA32
[    0.045919] mem auto-init: stack:all(zero), heap alloc:off, heap free:off
[    0.047215] Memory: 986880K/1048056K available (16384K kernel code, 2352K rwdata, 5940K rodata, 2992K init, 2328K bss, 60916K reserved, 0K cma-reserved)
[    0.048263] SLUB: HWalign=64, Order=0-3, MinObjects=0, CPUs=32, Nodes=1
Poking KASLR using RDRAND RDTSC...
[    0.049001] ftrace: allocating 46331 entries in 181 pages
[    0.055855] ftrace: allocated 181 pages with 5 groups
[    0.056839] Dynamic Preempt: voluntary
[    0.057282] rcu: Preemptible hierarchical RCU implementation.
[    0.057711] rcu: RCU event tracing is enabled.
[    0.058048] rcu: RCU restricting CPUs from NR_CPUS=64 to nr_cpu_ids=32.
[    0.058548] Trampoline variant of Tasks RCU enabled.
[    0.058924] Rude variant of Tasks RCU enabled.
[    0.059264] Tracing variant of Tasks RCU enabled.
[    0.059621] rcu: RCU calculated value of scheduler-enlistment delay is 100 jiffies.
[    0.060191] rcu: Adjusting geometry for rcu_fanout_leaf=16, nr_cpu_ids=32
[    0.061945] NR_IRQS: 4352, nr_irqs: 680, preallocated irqs: 16
[    0.062669] rcu: srcu_init: Setting srcu_struct sizes based on contention.
[    0.063321] Console: colour *CGA 80x25
[    0.063608] ACPI: Core revision 20230628
[    0.063967] clocksource: hpet: mask: 0xffffffff max_cycles: 0xffffffff, max_idle_ns: 19112604467 ns
[    0.064696] APIC: Switch to symmetric I/O mode setup
[    0.065084] APIC: Switched APIC routing to: physical flat
[    0.065483] kvm-guest: APIC: send_IPI_mask() replaced with kvm_send_ipi_mask()
[    0.066008] kvm-guest: APIC: send_IPI_mask_allbutself() replaced with kvm_send_ipi_mask_allbutself()
[    0.066681] kvm-guest: setup PV IPIs
[    0.067712] ..TIMER: vector=0x30 apic1=0 pin1=2 apic2=-1 pin2=-1
[    0.068500] tsc: Marking TSC unstable due to TSCs unsynchronized
[    0.069295] Calibrating delay loop (skipped) preset value.. 8983.11 BogoMIPS (lpj=4491556)
[    0.070350] x86/cpu: User Mode Instruction Prevention (UMIP) activated
[    0.071343] Last level iTLB entries: 4KB 512, 2MB 255, 4MB 127
[    0.072293] Last level dTLB entries: 4KB 512, 2MB 255, 4MB 127, 1GB 0
[    0.073296] Spectre V1 : Mitigation: usercopy/swapgs barriers and __user pointer sanitization
[    0.074296] Spectre V2 : Mitigation: Enhanced / Automatic IBRS
[    0.075293] Spectre V2 : Spectre v2 / SpectreRSB mitigation: Filling RSB on context switch
[    0.076294] Spectre V2 : mitigation: Enabling conditional Indirect Branch Prediction Barrier
[    0.077294] Speculative Store Bypass: Mitigation: Speculative Store Bypass disabled via prctl
[    0.078293] Speculative Return Stack Overflow: IBPB-extending microcode not applied!
[    0.079293] Speculative Return Stack Overflow: WARNING: See https://kernel.org/doc/html/latest/admin-guide/hw-vuln/srso.html for mitigation options.
[    0.079294] Speculative Return Stack Overflow: Vulnerable: Safe RET, no microcode
[    0.081308] x86/fpu: Supporting XSAVE feature 0x001: 'x87 floating point registers'
[    0.082293] x86/fpu: Supporting XSAVE feature 0x002: 'SSE registers'
[    0.083102] x86/fpu: Supporting XSAVE feature 0x004: 'AVX registers'
[    0.083293] x86/fpu: Supporting XSAVE feature 0x020: 'AVX-512 opmask'
[    0.084293] x86/fpu: Supporting XSAVE feature 0x040: 'AVX-512 Hi256'
[    0.085293] x86/fpu: Supporting XSAVE feature 0x080: 'AVX-512 ZMM_Hi256'
[    0.086293] x86/fpu: Supporting XSAVE feature 0x200: 'Protection Keys User registers'
[    0.087293] x86/fpu: xstate_offset[2]:  576, xstate_sizes[2]:  256
[    0.088293] x86/fpu: xstate_offset[5]:  832, xstate_sizes[5]:   64
[    0.089076] x86/fpu: xstate_offset[6]:  896, xstate_sizes[6]:  512
[    0.089293] x86/fpu: xstate_offset[7]: 1408, xstate_sizes[7]: 1024
[    0.090293] x86/fpu: xstate_offset[9]: 2432, xstate_sizes[9]:    8
[    0.091293] x86/fpu: Enabled xstate features 0x2e7, context size is 2440 bytes, using 'compacted' format.
[    0.106847] Freeing SMP alternatives memory: 40K
[    0.107294] pid_max: default: 32768 minimum: 301
[    0.107903] Mount-cache hash table entries: 2048 (order: 2, 16384 bytes, linear)
[    0.108294] Mountpoint-cache hash table entries: 2048 (order: 2, 16384 bytes, linear)
[    0.109443] smpboot: CPU0: AMD Ryzen 9 7950X 16-Core Processor (family: 0x19, model: 0x61, stepping: 0x2)
[    0.110379] RCU Tasks: Setting shift to 5 and lim to 1 rcu_task_cb_adjust=1.
[    0.111282] RCU Tasks Rude: Setting shift to 5 and lim to 1 rcu_task_cb_adjust=1.
[    0.111304] RCU Tasks Trace: Setting shift to 5 and lim to 1 rcu_task_cb_adjust=1.
[    0.112275] Performance Events: Fam17h+ core perfctr, AMD PMU driver.
[    0.113118] ... version:                0
[    0.113295] ... bit width:              48
[    0.113812] ... generic registers:      6
[    0.114295] ... value mask:             0000ffffffffffff
[    0.114966] ... max period:             00007fffffffffff
[    0.115295] ... fixed-purpose events:   0
[    0.115801] ... event mask:             000000000000003f
[    0.116362] signal: max sigframe size: 3376
[    0.116906] rcu: Hierarchical SRCU implementation.
[    0.117295] rcu: Max phase no-delay instances is 400.
[    0.120195] smp: Bringing up secondary CPUs ...
[    0.120347] smpboot: x86: Booting SMP configuration:
[    0.120975] .... node  #0, CPUs:        #1  #2  #3  #4  #5  #6  #7  #8  #9 #10 #11 #12 #13 #14 #15 #16 #17 #18 #19 #20 #21 #22 #23 #24 #25 #26 #27 #28 #29 #30 #31
[    0.137442] smp: Brought up 1 node, 32 CPUs
[    0.138971] smpboot: Max logical packages: 1
[    0.139297] smpboot: Total of 32 processors activated (287459.58 BogoMIPS)
[    0.142359] devtmpfs: initialized
[    0.143303] x86/mm: Memory block size: 128MB
[    0.144960] clocksource: jiffies: mask: 0xffffffff max_cycles: 0xffffffff, max_idle_ns: 1911260446275000 ns
[    0.145303] futex hash table entries: 8192 (order: 7, 524288 bytes, linear)
[    0.146497] PM: RTC time: 06:06:57, date: 2024-03-11
[    0.147696] NET: Registered PF_NETLINK/PF_ROUTE protocol family
[    0.148456] thermal_sys: Registered thermal governor 'step_wise'
[    0.148457] thermal_sys: Registered thermal governor 'user_space'
[    0.149325] cpuidle: using governor menu
[    0.151558] PCI: Using configuration type 1 for base access
[    0.152296] PCI: Using configuration type 1 for extended access
[    0.153343] kprobes: kprobe jump-optimization is enabled. All kprobes are optimized if possible.
[    0.170201] HugeTLB: registered 1.00 GiB page size, pre-allocated 0 pages
[    0.170296] HugeTLB: 16380 KiB vmemmap can be freed for a 1.00 GiB page
[    0.171296] HugeTLB: registered 2.00 MiB page size, pre-allocated 0 pages
[    0.172295] HugeTLB: 28 KiB vmemmap can be freed for a 2.00 MiB page
[    0.177523] ACPI: Added _OSI(Module Device)
[    0.178296] ACPI: Added _OSI(Processor Device)
[    0.179023] ACPI: Added _OSI(3.0 _SCP Extensions)
[    0.179296] ACPI: Added _OSI(Processor Aggregator Device)
[    0.181071] ACPI: 1 ACPI AML tables successfully acquired and loaded
[    0.182321] ACPI: _OSC evaluation for CPUs failed, trying _PDC
[    0.183469] ACPI: Interpreter enabled
[    0.184076] ACPI: PM: (supports S0 S3 S4 S5)
[    0.184296] ACPI: Using IOAPIC for interrupt routing
[    0.185112] PCI: Using host bridge windows from ACPI; if necessary, use "pci=nocrs" and report a bug
[    0.185295] PCI: Using E820 reservations for host bridge windows
[    0.186380] ACPI: Enabled 2 GPEs in block 00 to 0F
[    0.190357] ACPI: PCI Root Bridge [PCI0] (domain 0000 [bus 00-ff])
[    0.191299] acpi PNP0A03:00: _OSC: OS supports [ExtendedConfig ASPM ClockPM Segments MSI HPX-Type3]
[    0.192413] PCI host bridge to bus 0000:00
[    0.193077] pci_bus 0000:00: root bus resource [io  0x0000-0x0cf7 window]
[    0.193296] pci_bus 0000:00: root bus resource [io  0x0d00-0xffff window]
[    0.194296] pci_bus 0000:00: root bus resource [mem 0x000a0000-0x000bffff window]
[    0.195295] pci_bus 0000:00: root bus resource [mem 0x40000000-0xfebfffff window]
[    0.196295] pci_bus 0000:00: root bus resource [mem 0x100000000-0x17fffffff window]
[    0.197296] pci_bus 0000:00: root bus resource [bus 00-ff]
[    0.198293] pci 0000:00:00.0: [8086:1237] type 00 class 0x060000 conventional PCI endpoint
[    0.198628] pci 0000:00:01.0: [8086:7000] type 00 class 0x060100 conventional PCI endpoint
[    0.199704] pci 0000:00:01.1: [8086:7010] type 00 class 0x010180 conventional PCI endpoint
[    0.203636] pci 0000:00:01.1: BAR 4 [io  0xc0c0-0xc0cf]
[    0.205753] pci 0000:00:01.1: BAR 0 [io  0x01f0-0x01f7]: legacy IDE quirk
[    0.206296] pci 0000:00:01.1: BAR 1 [io  0x03f6]: legacy IDE quirk
[    0.207275] pci 0000:00:01.1: BAR 2 [io  0x0170-0x0177]: legacy IDE quirk
[    0.207296] pci 0000:00:01.1: BAR 3 [io  0x0376]: legacy IDE quirk
[    0.208423] pci 0000:00:01.3: [8086:7113] type 00 class 0x068000 conventional PCI endpoint
[    0.209599] pci 0000:00:01.3: quirk: [io  0x0600-0x063f] claimed by PIIX4 ACPI
[    0.210301] pci 0000:00:01.3: quirk: [io  0x0700-0x070f] claimed by PIIX4 SMB
[    0.211514] pci 0000:00:02.0: [1af4:1009] type 00 class 0x000200 conventional PCI endpoint
[    0.213296] pci 0000:00:02.0: BAR 0 [io  0xc000-0xc03f]
[    0.215216] pci 0000:00:02.0: BAR 1 [mem 0xfebfc000-0xfebfcfff]
[    0.219006] pci 0000:00:02.0: BAR 4 [mem 0xfebf0000-0xfebf3fff 64bit pref]
[    0.221009] pci 0000:00:03.0: [1af4:1009] type 00 class 0x000200 conventional PCI endpoint
[    0.222296] pci 0000:00:03.0: BAR 0 [io  0xc040-0xc07f]
[    0.224068] pci 0000:00:03.0: BAR 1 [mem 0xfebfd000-0xfebfdfff]
[    0.227296] pci 0000:00:03.0: BAR 4 [mem 0xfebf4000-0xfebf7fff 64bit pref]
[    0.229514] pci 0000:00:04.0: [8086:25ab] type 00 class 0x088000 conventional PCI endpoint
[    0.230860] pci 0000:00:04.0: BAR 0 [mem 0xfebfe000-0xfebfe00f]
[    0.234183] pci 0000:00:05.0: [1af4:1003] type 00 class 0x078000 conventional PCI endpoint
[    0.235295] pci 0000:00:05.0: BAR 0 [io  0xc080-0xc0bf]
[    0.236973] pci 0000:00:05.0: BAR 1 [mem 0xfebff000-0xfebfffff]
[    0.240828] pci 0000:00:05.0: BAR 4 [mem 0xfebf8000-0xfebfbfff 64bit pref]
[    0.243074] ACPI: PCI: Interrupt link LNKA configured for IRQ 10
[    0.243405] ACPI: PCI: Interrupt link LNKB configured for IRQ 10
[    0.244297] ACPI: PCI: Interrupt link LNKC configured for IRQ 11
[    0.245179] ACPI: PCI: Interrupt link LNKD configured for IRQ 11
[    0.245367] ACPI: PCI: Interrupt link LNKS configured for IRQ 9
[    0.247023] iommu: Default domain type: Translated
[    0.247295] iommu: DMA domain TLB invalidation policy: lazy mode
[    0.248348] SCSI subsystem initialized
[    0.248870] pps_core: LinuxPPS API ver. 1 registered
[    0.249295] pps_core: Software ver. 5.3.6 - Copyright 2005-2007 Rodolfo Giometti <giometti@linux.it>
[    0.250299] PTP clock support registered
[    0.250815] Advanced Linux Sound Architecture Driver Initialized.
[    0.251610] NET: Registered PF_ATMPVC protocol family
[    0.252259] NET: Registered PF_ATMSVC protocol family
[    0.252299] PCI: Using ACPI for IRQ routing
[    0.252903] vgaarb: loaded
[    0.253335] hpet0: at MMIO 0xfed00000, IRQs 2, 8, 0
[    0.253952] hpet0: 3 comparators, 64-bit 100.000000 MHz counter
[    0.257547] clocksource: Switched to clocksource kvm-clock
[    0.258355] VFS: Disk quotas dquot_6.6.0
[    0.258545] VFS: Dquot-cache hash table entries: 512 (order 0, 4096 bytes)
[    0.259819] pnp: PnP ACPI init
[    0.260395] pnp: PnP ACPI: found 5 devices
[    0.268230] clocksource: acpi_pm: mask: 0xffffff max_cycles: 0xffffff, max_idle_ns: 2085701024 ns
[    0.269398] NET: Registered PF_INET protocol family
[    0.270041] IP idents hash table entries: 16384 (order: 5, 131072 bytes, linear)
[    0.271143] tcp_listen_portaddr_hash hash table entries: 512 (order: 1, 8192 bytes, linear)
[    0.272225] Table-perturb hash table entries: 65536 (order: 6, 262144 bytes, linear)
[    0.273218] TCP established hash table entries: 8192 (order: 4, 65536 bytes, linear)
[    0.274204] TCP bind hash table entries: 8192 (order: 6, 262144 bytes, linear)
[    0.275126] TCP: Hash tables configured (established 8192 bind 8192)
[    0.275964] UDP hash table entries: 512 (order: 2, 16384 bytes, linear)
[    0.276807] UDP-Lite hash table entries: 512 (order: 2, 16384 bytes, linear)
[    0.277776] NET: Registered PF_UNIX/PF_LOCAL protocol family
[    0.278689] pci_bus 0000:00: resource 4 [io  0x0000-0x0cf7 window]
[    0.279609] pci_bus 0000:00: resource 5 [io  0x0d00-0xffff window]
[    0.280502] pci_bus 0000:00: resource 6 [mem 0x000a0000-0x000bffff window]
[    0.281494] pci_bus 0000:00: resource 7 [mem 0x40000000-0xfebfffff window]
[    0.282503] pci_bus 0000:00: resource 8 [mem 0x100000000-0x17fffffff window]
[    0.283563] pci 0000:00:01.0: PIIX3: Enabling Passive Release
[    0.284391] pci 0000:00:00.0: Limiting direct PCI/PCI transfers
[    0.285283] PCI: CLS 0 bytes, default 64
[    0.285934] kvm_intel: VMX not supported by CPU 0
[    0.286646] kvm_amd: TSC scaling supported
[    0.287266] kvm_amd: Nested Virtualization enabled
[    0.287972] kvm_amd: Nested Paging enabled
[    0.288586] kvm_amd: Virtual VMLOAD VMSAVE supported
[    0.289305] kvm_amd: Virtual GIF supported
[    0.289892] kvm_amd: Virtual NMI enabled
[    0.290462] kvm_amd: LBR virtualization supported
[    0.372876] workingset: timestamp_bits=56 max_order=18 bucket_order=0
[    0.373946] squashfs: version 4.0 (2009/01/31) Phillip Lougher
[    0.374880] fuse: init (API version 7.39)
[    0.375558] 9p: Installing v9fs 9p2000 file system support
[    0.376455] Key type asymmetric registered
[    0.377098] Block layer SCSI generic (bsg) driver version 0.4 loaded (major 249)
[    0.378255] io scheduler mq-deadline registered
[    0.378956] io scheduler kyber registered
[    0.380640] input: Power Button as /devices/LNXSYSTM:00/LNXPWRBN:00/input/input0
[    0.381870] ACPI: button: Power Button [PWRF]
[    0.382585] Warning: Processor Platform Limit event detected, but not handled.
[    0.383723] Consider compiling CPUfreq support into your kernel.
[    0.404170] ACPI: \_SB_.LNKB: Enabled at IRQ 10
[    0.425054] ACPI: \_SB_.LNKC: Enabled at IRQ 11
[    0.446035] ACPI: \_SB_.LNKA: Enabled at IRQ 10
[    0.447638] Serial: 8250/16550 driver, 4 ports, IRQ sharing enabled
[    0.448779] 00:03: ttyS0 at I/O 0x3f8 (irq = 4, base_baud = 115200) is a 16550A
[    0.493591] Non-volatile memory driver v1.3
[    0.494187] Linux agpgart interface v0.103
[    0.494235] ACPI: bus type drm_connector registered
[    0.495458] printk: legacy console [hvc0] enabled
[    0.496061] printk: legacy bootconsole [earlyser0] disabled
          _      _                                    
   __   _(_)_ __| |_ _ __ ___   ___       _ __   __ _ 
   \ \ / / |  __| __|  _   _ \ / _ \_____|  _ \ / _  |
    \ V /| | |  | |_| | | | | |  __/_____| | | | (_| |
     \_/ |_|_|   \__|_| |_| |_|\___|     |_| |_|\__  |
                                                |___/ 
   kernel version: 6.8.0-rc7-virtme x86_64
   (CTRL+d to exit)

virtme-ng:/nipa-data/kernel# PS1='xx__-> '
xx__-> env
PWD=/nipa-data/kernel
nr_open=1048576
HOME=/
TERM=xterm
SHLVL=2
XDG_RUNTIME_DIR=/run/user/0
PATH=/bin:/sbin:/usr/bin:/usr/sbin:/usr/local/bin
OLDPWD=/
_=/usr/bin/env
xx__-> 