No EFI environment detected.
early console in extract_kernel
input_data: 0x00000000029f92b9
input_len: 0x0000000000ad4be0
output: 0x0000000001000000
output_len: 0x0000000002488698
kernel_total_size: 0x0000000002230000
needed_size: 0x0000000002600000
trampoline_32bit: 0x0000000000000000
Physical KASLR using RDRAND RDTSC...
Virtual KASLR using RDRAND RDTSC...

Decompressing Linux... Parsing ELF... Performing relocations... done.
Booting the kernel (entry_offset: 0x0000000000000000).
[    0.000000] Linux version 6.8.0-rc4-virtme (root@71c091d563d1) (gcc (Alpine 13.2.1_git20231014) 13.2.1 20231014, GNU ld (GNU Binutils) 2.41) #1 SMP PREEMPT_DYNAMIC Sun Feb 18 21:07:02 UTC 2024
[    0.000000] Command line: virtme_hostname=virtme-ng virtme_link_mods=/nipa-data/kernel/.virtme_mods/lib/modules/0.0.0 virtme_initmount0=nipa-data/kernel virtme_rw_overlay0=/etc virtme_rw_overlay1=/lib virtme_rw_overlay2=/home virtme_rw_overlay3=/opt virtme_rw_overlay4=/srv virtme_rw_overlay5=/usr virtme_rw_overlay6=/var earlyprintk=serial,ttyS0,115200 console=ttyS0 psmouse.proto=exps TERM=xterm virtme_chdir=nipa-data/kernel virtme_root_user=1 rootfstype=9p rootflags=version=9p2000.L,trans=virtio,access=any raid=noautodetect ro init=/usr/lib/python3.11/site-packages/virtme/guest/virtme-init
[    0.000000] BIOS-provided physical RAM map:
[    0.000000] BIOS-e820: [mem 0x0000000000000000-0x000000000009fbff] usable
[    0.000000] BIOS-e820: [mem 0x000000000009fc00-0x000000000009ffff] reserved
[    0.000000] BIOS-e820: [mem 0x00000000000f0000-0x00000000000fffff] reserved
[    0.000000] BIOS-e820: [mem 0x0000000000100000-0x000000003ffdffff] usable
[    0.000000] BIOS-e820: [mem 0x000000003ffe0000-0x000000003fffffff] reserved
[    0.000000] BIOS-e820: [mem 0x00000000feffc000-0x00000000feffffff] reserved
[    0.000000] BIOS-e820: [mem 0x00000000fffc0000-0x00000000ffffffff] reserved
[    0.000000] BIOS-e820: [mem 0x000000fd00000000-0x000000ffffffffff] reserved
[    0.000000] printk: legacy bootconsole [earlyser0] enabled
[    0.000000] NX (Execute Disable) protection: active
[    0.000000] APIC: Static calls initialized
[    0.000000] SMBIOS 3.0.0 present.
[    0.000000] DMI: QEMU Standard PC (i440FX + PIIX, 1996), BIOS rel-1.16.3-0-ga6ed6b701f0a-prebuilt.qemu.org 04/01/2014
[    0.000000] Hypervisor detected: KVM
[    0.000000] kvm-clock: Using msrs 4b564d01 and 4b564d00
[    0.000000] kvm-clock: using sched offset of 209505027 cycles
[    0.000383] clocksource: kvm-clock: mask: 0xffffffffffffffff max_cycles: 0x1cd42e4dffb, max_idle_ns: 881590591483 ns
[    0.001585] tsc: Detected 4491.536 MHz processor
[    0.002183] last_pfn = 0x3ffe0 max_arch_pfn = 0x400000000
[    0.002601] MTRR map: 4 entries (3 fixed + 1 variable; max 19), built from 8 variable MTRRs
[    0.003333] x86/PAT: Configuration [0-7]: WB  WC  UC- UC  WB  WP  UC- WT  
Memory KASLR using RDRAND RDTSC...
[    0.005710] found SMP MP-table at [mem 0x000f5470-0x000f547f]
[    0.006139] Using GB pages for direct mapping
[    0.006484] ACPI: Early table checksum verification disabled
[    0.006922] ACPI: RSDP 0x00000000000F5290 000014 (v00 BOCHS )
[    0.007346] ACPI: RSDT 0x000000003FFE27B6 000034 (v01 BOCHS  BXPC     00000001 BXPC 00000001)
[    0.007985] ACPI: FACP 0x000000003FFE2572 000074 (v01 BOCHS  BXPC     00000001 BXPC 00000001)
[    0.008616] ACPI: DSDT 0x000000003FFE0040 002532 (v01 BOCHS  BXPC     00000001 BXPC 00000001)
[    0.009249] ACPI: FACS 0x000000003FFE0000 000040
[    0.009586] ACPI: APIC 0x000000003FFE25E6 000170 (v03 BOCHS  BXPC     00000001 BXPC 00000001)
[    0.010219] ACPI: HPET 0x000000003FFE2756 000038 (v01 BOCHS  BXPC     00000001 BXPC 00000001)
[    0.010852] ACPI: WAET 0x000000003FFE278E 000028 (v01 BOCHS  BXPC     00000001 BXPC 00000001)
[    0.011474] ACPI: Reserving FACP table memory at [mem 0x3ffe2572-0x3ffe25e5]
[    0.012002] ACPI: Reserving DSDT table memory at [mem 0x3ffe0040-0x3ffe2571]
[    0.012517] ACPI: Reserving FACS table memory at [mem 0x3ffe0000-0x3ffe003f]
[    0.013035] ACPI: Reserving APIC table memory at [mem 0x3ffe25e6-0x3ffe2755]
[    0.013552] ACPI: Reserving HPET table memory at [mem 0x3ffe2756-0x3ffe278d]
[    0.014074] ACPI: Reserving WAET table memory at [mem 0x3ffe278e-0x3ffe27b5]
[    0.014737] No NUMA configuration found
[    0.015018] Faking a node at [mem 0x0000000000000000-0x000000003ffdffff]
[    0.015512] NODE_DATA(0) allocated [mem 0x3ffdb000-0x3ffdffff]
[    0.015956] Zone ranges:
[    0.016140]   DMA      [mem 0x0000000000001000-0x0000000000ffffff]
[    0.016590]   DMA32    [mem 0x0000000001000000-0x000000003ffdffff]
[    0.017048]   Normal   empty
[    0.017262]   Device   empty
[    0.017471] Movable zone start for each node
[    0.017789] Early memory node ranges
[    0.018048]   node   0: [mem 0x0000000000001000-0x000000000009efff]
[    0.018505]   node   0: [mem 0x0000000000100000-0x000000003ffdffff]
[    0.018970] Initmem setup node 0 [mem 0x0000000000001000-0x000000003ffdffff]
[    0.019486] On node 0, zone DMA: 1 pages in unavailable ranges
[    0.019925] On node 0, zone DMA: 97 pages in unavailable ranges
[    0.021321] On node 0, zone DMA32: 32 pages in unavailable ranges
[    0.021971] ACPI: PM-Timer IO Port: 0x608
[    0.022266] ACPI: LAPIC_NMI (acpi_id[0xff] dfl dfl lint[0x1])
[    0.022710] IOAPIC[0]: apic_id 0, version 17, address 0xfec00000, GSI 0-23
[    0.023215] ACPI: INT_SRC_OVR (bus 0 bus_irq 0 global_irq 2 dfl dfl)
[    0.023688] ACPI: INT_SRC_OVR (bus 0 bus_irq 5 global_irq 5 high level)
[    0.024186] ACPI: INT_SRC_OVR (bus 0 bus_irq 9 global_irq 9 high level)
[    0.024672] ACPI: INT_SRC_OVR (bus 0 bus_irq 10 global_irq 10 high level)
[    0.025164] ACPI: INT_SRC_OVR (bus 0 bus_irq 11 global_irq 11 high level)
[    0.025672] ACPI: Using ACPI (MADT) for SMP configuration information
[    0.026141] ACPI: HPET id: 0x8086a201 base: 0xfed00000
[    0.026522] TSC deadline timer available
[    0.026815] smpboot: Allowing 32 CPUs, 0 hotplug CPUs
[    0.027193] kvm-guest: APIC: eoi() replaced with kvm_guest_apic_eoi_write()
[    0.027728] kvm-guest: KVM setup pv remote TLB flush
[    0.028113] kvm-guest: setup PV sched yield
[    0.028424] PM: hibernation: Registered nosave memory: [mem 0x00000000-0x00000fff]
[    0.028990] PM: hibernation: Registered nosave memory: [mem 0x0009f000-0x0009ffff]
[    0.029552] PM: hibernation: Registered nosave memory: [mem 0x000a0000-0x000effff]
[    0.030126] PM: hibernation: Registered nosave memory: [mem 0x000f0000-0x000fffff]
[    0.030688] [mem 0x40000000-0xfeffbfff] available for PCI devices
[    0.031134] Booting paravirtualized kernel on KVM
[    0.031481] clocksource: refined-jiffies: mask: 0xffffffff max_cycles: 0xffffffff, max_idle_ns: 1910969940391419 ns
[    0.035096] setup_percpu: NR_CPUS:64 nr_cpumask_bits:32 nr_cpu_ids:32 nr_node_ids:1
[    0.036273] percpu: Embedded 56 pages/cpu s191784 r8192 d29400 u262144
[    0.036791] Kernel command line: virtme_hostname=virtme-ng virtme_link_mods=/nipa-data/kernel/.virtme_mods/lib/modules/0.0.0 virtme_initmount0=nipa-data/kernel virtme_rw_overlay0=/etc virtme_rw_overlay1=/lib virtme_rw_overlay2=/home virtme_rw_overlay3=/opt virtme_rw_overlay4=/srv virtme_rw_overlay5=/usr virtme_rw_overlay6=/var earlyprintk=serial,ttyS0,115200 console=ttyS0 psmouse.proto=exps TERM=xterm virtme_chdir=nipa-data/kernel virtme_root_user=1 rootfstype=9p rootflags=version=9p2000.L,trans=virtio,access=any raid=noautodetect ro init=/usr/lib/python3.11/site-packages/virtme/guest/virtme-init
[    0.040883] Unknown kernel command line parameters "virtme_hostname=virtme-ng virtme_link_mods=/nipa-data/kernel/.virtme_mods/lib/modules/0.0.0 virtme_initmount0=nipa-data/kernel virtme_rw_overlay0=/etc virtme_rw_overlay1=/lib virtme_rw_overlay2=/home virtme_rw_overlay3=/opt virtme_rw_overlay4=/srv virtme_rw_overlay5=/usr virtme_rw_overlay6=/var virtme_chdir=nipa-data/kernel virtme_root_user=1", will be passed to user space.
[    0.043948] random: crng init done
[    0.044235] Dentry cache hash table entries: 131072 (order: 8, 1048576 bytes, linear)
[    0.044844] Inode-cache hash table entries: 65536 (order: 7, 524288 bytes, linear)
[    0.045503] Fallback order for Node 0: 0 
[    0.045505] Built 1 zonelists, mobility grouping on.  Total pages: 257760
[    0.046324] Policy zone: DMA32
[    0.046553] mem auto-init: stack:all(zero), heap alloc:off, heap free:off
[    0.047819] Memory: 986872K/1048056K available (16384K kernel code, 2349K rwdata, 5932K rodata, 2992K init, 2336K bss, 60924K reserved, 0K cma-reserved)
[    0.048876] SLUB: HWalign=64, Order=0-3, MinObjects=0, CPUs=32, Nodes=1
Poking KASLR using RDRAND RDTSC...
[    0.049622] ftrace: allocating 46289 entries in 181 pages
[    0.056590] ftrace: allocated 181 pages with 5 groups
[    0.057601] Dynamic Preempt: voluntary
[    0.058021] rcu: Preemptible hierarchical RCU implementation.
[    0.058456] rcu: RCU event tracing is enabled.
[    0.058809] rcu: RCU restricting CPUs from NR_CPUS=64 to nr_cpu_ids=32.
[    0.059312] Trampoline variant of Tasks RCU enabled.
[    0.059698] Rude variant of Tasks RCU enabled.
[    0.060057] Tracing variant of Tasks RCU enabled.
[    0.060418] rcu: RCU calculated value of scheduler-enlistment delay is 100 jiffies.
[    0.061001] rcu: Adjusting geometry for rcu_fanout_leaf=16, nr_cpu_ids=32
[    0.062823] NR_IRQS: 4352, nr_irqs: 680, preallocated irqs: 16
[    0.063534] rcu: srcu_init: Setting srcu_struct sizes based on contention.
[    0.064206] Console: colour *CGA 80x25
[    0.064505] printk: legacy console [ttyS0] enabled
[    0.064505] printk: legacy console [ttyS0] enabled
[    0.065238] printk: legacy bootconsole [earlyser0] disabled
[    0.065238] printk: legacy bootconsole [earlyser0] disabled
[    0.066091] ACPI: Core revision 20230628
[    0.066464] clocksource: hpet: mask: 0xffffffff max_cycles: 0xffffffff, max_idle_ns: 19112604467 ns
[    0.067219] APIC: Switch to symmetric I/O mode setup
[    0.067601] APIC: Switched APIC routing to: physical flat
[    0.068029] kvm-guest: APIC: send_IPI_mask() replaced with kvm_send_ipi_mask()
[    0.068567] kvm-guest: APIC: send_IPI_mask_allbutself() replaced with kvm_send_ipi_mask_allbutself()
[    0.069282] kvm-guest: setup PV IPIs
[    0.070348] ..TIMER: vector=0x30 apic1=0 pin1=2 apic2=-1 pin2=-1
[    0.071173] tsc: Marking TSC unstable due to TSCs unsynchronized
[    0.072025] Calibrating delay loop (skipped) preset value.. 8983.07 BogoMIPS (lpj=4491536)
[    0.073081] x86/cpu: User Mode Instruction Prevention (UMIP) activated
[    0.074074] Last level iTLB entries: 4KB 512, 2MB 255, 4MB 127
[    0.075023] Last level dTLB entries: 4KB 512, 2MB 255, 4MB 127, 1GB 0
[    0.076026] Spectre V1 : Mitigation: usercopy/swapgs barriers and __user pointer sanitization
[    0.077027] Spectre V2 : Mitigation: Enhanced / Automatic IBRS
[    0.078023] Spectre V2 : Spectre v2 / SpectreRSB mitigation: Filling RSB on context switch
[    0.079024] Spectre V2 : mitigation: Enabling conditional Indirect Branch Prediction Barrier
[    0.080024] Speculative Store Bypass: Mitigation: Speculative Store Bypass disabled via prctl
[    0.081024] Speculative Return Stack Overflow: IBPB-extending microcode not applied!
[    0.082023] Speculative Return Stack Overflow: WARNING: See https://kernel.org/doc/html/latest/admin-guide/hw-vuln/srso.html for mitigation options.
[    0.082024] Speculative Return Stack Overflow: Vulnerable: Safe RET, no microcode
[    0.084039] x86/fpu: Supporting XSAVE feature 0x001: 'x87 floating point registers'
[    0.085024] x86/fpu: Supporting XSAVE feature 0x002: 'SSE registers'
[    0.086024] x86/fpu: Supporting XSAVE feature 0x004: 'AVX registers'
[    0.087023] x86/fpu: Supporting XSAVE feature 0x020: 'AVX-512 opmask'
[    0.088023] x86/fpu: Supporting XSAVE feature 0x040: 'AVX-512 Hi256'
[    0.089023] x86/fpu: Supporting XSAVE feature 0x080: 'AVX-512 ZMM_Hi256'
[    0.090023] x86/fpu: Supporting XSAVE feature 0x200: 'Protection Keys User registers'
[    0.091024] x86/fpu: xstate_offset[2]:  576, xstate_sizes[2]:  256
[    0.092023] x86/fpu: xstate_offset[5]:  832, xstate_sizes[5]:   64
[    0.093023] x86/fpu: xstate_offset[6]:  896, xstate_sizes[6]:  512
[    0.094023] x86/fpu: xstate_offset[7]: 1408, xstate_sizes[7]: 1024
[    0.095023] x86/fpu: xstate_offset[9]: 2432, xstate_sizes[9]:    8
[    0.096023] x86/fpu: Enabled xstate features 0x2e7, context size is 2440 bytes, using 'compacted' format.
[    0.115485] Freeing SMP alternatives memory: 40K
[    0.116024] pid_max: default: 32768 minimum: 301
[    0.117063] Mount-cache hash table entries: 2048 (order: 2, 16384 bytes, linear)
[    0.118025] Mountpoint-cache hash table entries: 2048 (order: 2, 16384 bytes, linear)
[    0.119226] smpboot: CPU0: AMD Ryzen 9 7950X 16-Core Processor (family: 0x19, model: 0x61, stepping: 0x2)
[    0.120136] RCU Tasks: Setting shift to 5 and lim to 1 rcu_task_cb_adjust=1.
[    0.121036] RCU Tasks Rude: Setting shift to 5 and lim to 1 rcu_task_cb_adjust=1.
[    0.122039] RCU Tasks Trace: Setting shift to 5 and lim to 1 rcu_task_cb_adjust=1.
[    0.123038] Performance Events: Fam17h+ core perfctr, AMD PMU driver.
[    0.124028] ... version:                0
[    0.124714] ... bit width:              48
[    0.125026] ... generic registers:      6
[    0.125706] ... value mask:             0000ffffffffffff
[    0.126026] ... max period:             00007fffffffffff
[    0.126931] ... fixed-purpose events:   0
[    0.127026] ... event mask:             000000000000003f
[    0.128010] signal: max sigframe size: 3376
[    0.128051] rcu: Hierarchical SRCU implementation.
[    0.128867] rcu: Max phase no-delay instances is 400.
[    0.131995] smp: Bringing up secondary CPUs ...
[    0.132100] smpboot: x86: Booting SMP configuration:
[    0.132948] .... node  #0, CPUs:        #1  #2  #3  #4  #5  #6  #7  #8  #9 #10 #11 #12 #13 #14 #15 #16 #17 #18 #19 #20 #21 #22 #23 #24 #25 #26 #27 #28 #29 #30 #31
[    0.150284] smp: Brought up 1 node, 32 CPUs
[    0.151729] smpboot: Max logical packages: 1
[    0.152025] smpboot: Total of 32 processors activated (287458.30 BogoMIPS)
[    0.156097] devtmpfs: initialized
[    0.157053] x86/mm: Memory block size: 128MB
[    0.158724] clocksource: jiffies: mask: 0xffffffff max_cycles: 0xffffffff, max_idle_ns: 1911260446275000 ns
[    0.159033] futex hash table entries: 8192 (order: 7, 524288 bytes, linear)
[    0.160226] PM: RTC time: 21:07:35, date: 2024-02-18
[    0.161487] NET: Registered PF_NETLINK/PF_ROUTE protocol family
[    0.162188] thermal_sys: Registered thermal governor 'step_wise'
[    0.162189] thermal_sys: Registered thermal governor 'user_space'
[    0.163061] cpuidle: using governor menu
[    0.165308] PCI: Using configuration type 1 for base access
[    0.166026] PCI: Using configuration type 1 for extended access
[    0.167109] kprobes: kprobe jump-optimization is enabled. All kprobes are optimized if possible.
[    0.184033] HugeTLB: registered 1.00 GiB page size, pre-allocated 0 pages
[    0.185025] HugeTLB: 16380 KiB vmemmap can be freed for a 1.00 GiB page
[    0.186025] HugeTLB: registered 2.00 MiB page size, pre-allocated 0 pages
[    0.187026] HugeTLB: 28 KiB vmemmap can be freed for a 2.00 MiB page
[    0.188118] ACPI: Added _OSI(Module Device)
[    0.188785] ACPI: Added _OSI(Processor Device)
[    0.189026] ACPI: Added _OSI(3.0 _SCP Extensions)
[    0.189813] ACPI: Added _OSI(Processor Aggregator Device)
[    0.190927] ACPI: 1 ACPI AML tables successfully acquired and loaded
[    0.192047] ACPI: _OSC evaluation for CPUs failed, trying _PDC
[    0.193199] ACPI: Interpreter enabled
[    0.193834] ACPI: PM: (supports S0 S3 S4 S5)
[    0.194026] ACPI: Using IOAPIC for interrupt routing
[    0.194867] PCI: Using host bridge windows from ACPI; if necessary, use "pci=nocrs" and report a bug
[    0.195025] PCI: Using E820 reservations for host bridge windows
[    0.196136] ACPI: Enabled 2 GPEs in block 00 to 0F
[    0.200195] ACPI: PCI Root Bridge [PCI0] (domain 0000 [bus 00-ff])
[    0.201028] acpi PNP0A03:00: _OSC: OS supports [ExtendedConfig ASPM ClockPM Segments MSI HPX-Type3]
[    0.202134] PCI host bridge to bus 0000:00
[    0.202817] pci_bus 0000:00: root bus resource [io  0x0000-0x0cf7 window]
[    0.203025] pci_bus 0000:00: root bus resource [io  0x0d00-0xffff window]
[    0.204025] pci_bus 0000:00: root bus resource [mem 0x000a0000-0x000bffff window]
[    0.205025] pci_bus 0000:00: root bus resource [mem 0x40000000-0xfebfffff window]
[    0.206025] pci_bus 0000:00: root bus resource [mem 0x100000000-0x17fffffff window]
[    0.207026] pci_bus 0000:00: root bus resource [bus 00-ff]
[    0.208048] pci 0000:00:00.0: [8086:1237] type 00 class 0x060000 conventional PCI endpoint
[    0.209338] pci 0000:00:01.0: [8086:7000] type 00 class 0x060100 conventional PCI endpoint
[    0.210414] pci 0000:00:01.1: [8086:7010] type 00 class 0x010180 conventional PCI endpoint
[    0.214026] pci 0000:00:01.1: BAR 4 [io  0xc080-0xc08f]
[    0.216362] pci 0000:00:01.1: BAR 0 [io  0x01f0-0x01f7]: legacy IDE quirk
[    0.217025] pci 0000:00:01.1: BAR 1 [io  0x03f6]: legacy IDE quirk
[    0.218025] pci 0000:00:01.1: BAR 2 [io  0x0170-0x0177]: legacy IDE quirk
[    0.219025] pci 0000:00:01.1: BAR 3 [io  0x0376]: legacy IDE quirk
[    0.220143] pci 0000:00:01.3: [8086:7113] type 00 class 0x068000 conventional PCI endpoint
[    0.221327] pci 0000:00:01.3: quirk: [io  0x0600-0x063f] claimed by PIIX4 ACPI
[    0.222030] pci 0000:00:01.3: quirk: [io  0x0700-0x070f] claimed by PIIX4 SMB
[    0.223229] pci 0000:00:02.0: [1af4:1009] type 00 class 0x000200 conventional PCI endpoint
[    0.225026] pci 0000:00:02.0: BAR 0 [io  0xc000-0xc03f]
[    0.226972] pci 0000:00:02.0: BAR 1 [mem 0xfebfd000-0xfebfdfff]
[    0.231026] pci 0000:00:02.0: BAR 4 [mem 0xfebf4000-0xfebf7fff 64bit pref]
[    0.233808] pci 0000:00:03.0: [1af4:1009] type 00 class 0x000200 conventional PCI endpoint
[    0.235026] pci 0000:00:03.0: BAR 0 [io  0xc040-0xc07f]
[    0.237026] pci 0000:00:03.0: BAR 1 [mem 0xfebfe000-0xfebfefff]
[    0.241026] pci 0000:00:03.0: BAR 4 [mem 0xfebf8000-0xfebfbfff 64bit pref]
[    0.244718] pci 0000:00:04.0: [8086:25ab] type 00 class 0x088000 conventional PCI endpoint
[    0.245550] pci 0000:00:04.0: BAR 0 [mem 0xfebff000-0xfebff00f]
[    0.249776] ACPI: PCI: Interrupt link LNKA configured for IRQ 10
[    0.250167] ACPI: PCI: Interrupt link LNKB configured for IRQ 10
[    0.251160] ACPI: PCI: Interrupt link LNKC configured for IRQ 11
[    0.252152] ACPI: PCI: Interrupt link LNKD configured for IRQ 11
[    0.253119] ACPI: PCI: Interrupt link LNKS configured for IRQ 9
[    0.255138] iommu: Default domain type: Translated
[    0.255949] iommu: DMA domain TLB invalidation policy: lazy mode
[    0.256087] SCSI subsystem initialized
[    0.256760] pps_core: LinuxPPS API ver. 1 registered
[    0.257026] pps_core: Software ver. 5.3.6 - Copyright 2005-2007 Rodolfo Giometti <giometti@linux.it>
[    0.258027] PTP clock support registered
[    0.258720] Advanced Linux Sound Architecture Driver Initialized.
[    0.259372] NET: Registered PF_ATMPVC protocol family
[    0.260025] NET: Registered PF_ATMSVC protocol family
[    0.260877] PCI: Using ACPI for IRQ routing
[    0.261118] vgaarb: loaded
[    0.261504] hpet0: at MMIO 0xfed00000, IRQs 2, 8, 0
[    0.262025] hpet0: 3 comparators, 64-bit 100.000000 MHz counter
[    0.268835] clocksource: Switched to clocksource kvm-clock
[    0.269490] VFS: Disk quotas dquot_6.6.0
[    0.270178] VFS: Dquot-cache hash table entries: 512 (order 0, 4096 bytes)
[    0.271381] pnp: PnP ACPI init
[    0.272754] pnp: PnP ACPI: found 5 devices
[    0.280773] clocksource: acpi_pm: mask: 0xffffff max_cycles: 0xffffff, max_idle_ns: 2085701024 ns
[    0.282297] NET: Registered PF_INET protocol family
[    0.283140] IP idents hash table entries: 16384 (order: 5, 131072 bytes, linear)
[    0.284568] tcp_listen_portaddr_hash hash table entries: 512 (order: 1, 8192 bytes, linear)
[    0.285969] Table-perturb hash table entries: 65536 (order: 6, 262144 bytes, linear)
[    0.287279] TCP established hash table entries: 8192 (order: 4, 65536 bytes, linear)
[    0.288580] TCP bind hash table entries: 8192 (order: 6, 262144 bytes, linear)
[    0.289794] TCP: Hash tables configured (established 8192 bind 8192)
[    0.290882] UDP hash table entries: 512 (order: 2, 16384 bytes, linear)
[    0.291994] UDP-Lite hash table entries: 512 (order: 2, 16384 bytes, linear)
[    0.293207] NET: Registered PF_UNIX/PF_LOCAL protocol family
[    0.294169] pci_bus 0000:00: resource 4 [io  0x0000-0x0cf7 window]
[    0.295211] pci_bus 0000:00: resource 5 [io  0x0d00-0xffff window]
[    0.296249] pci_bus 0000:00: resource 6 [mem 0x000a0000-0x000bffff window]
[    0.297400] pci_bus 0000:00: resource 7 [mem 0x40000000-0xfebfffff window]
[    0.298549] pci_bus 0000:00: resource 8 [mem 0x100000000-0x17fffffff window]
[    0.299777] pci 0000:00:01.0: PIIX3: Enabling Passive Release
[    0.300753] pci 0000:00:00.0: Limiting direct PCI/PCI transfers
[    0.301789] PCI: CLS 0 bytes, default 64
[    0.302524] kvm_intel: VMX not supported by CPU 0
[    0.303344] kvm_amd: TSC scaling supported
[    0.304039] kvm_amd: Nested Virtualization enabled
[    0.304840] kvm_amd: Nested Paging enabled
[    0.305539] kvm_amd: Virtual VMLOAD VMSAVE supported
[    0.306371] kvm_amd: Virtual GIF supported
[    0.307065] kvm_amd: Virtual NMI enabled
[    0.307720] kvm_amd: LBR virtualization supported
[    0.405703] workingset: timestamp_bits=56 max_order=18 bucket_order=0
[    0.406842] squashfs: version 4.0 (2009/01/31) Phillip Lougher
[    0.407837] fuse: init (API version 7.39)
[    0.408567] 9p: Installing v9fs 9p2000 file system support
[    0.409521] Key type asymmetric registered
[    0.410222] Block layer SCSI generic (bsg) driver version 0.4 loaded (major 249)
[    0.411476] io scheduler mq-deadline registered
[    0.412241] io scheduler kyber registered
[    0.414029] input: Power Button as /devices/LNXSYSTM:00/LNXPWRBN:00/input/input0
[    0.415340] ACPI: button: Power Button [PWRF]
[    0.416105] Warning: Processor Platform Limit event detected, but not handled.
[    0.417314] Consider compiling CPUfreq support into your kernel.
[    0.439209] ACPI: \_SB_.LNKB: Enabled at IRQ 10
[    0.460520] ACPI: \_SB_.LNKC: Enabled at IRQ 11
[    0.462172] Serial: 8250/16550 driver, 4 ports, IRQ sharing enabled
[    0.463377] 00:03: ttyS0 at I/O 0x3f8 (irq = 4, base_baud = 115200) is a 16550A
[    0.465111] Non-volatile memory driver v1.3
[    0.465814] Linux agpgart interface v0.103
[    0.466554] ACPI: bus type drm_connector registered
[    0.472222] loop: module loaded
[    0.473545] scsi host0: ata_piix
[    0.474278] scsi host1: ata_piix
[    0.474844] ata1: PATA max MWDMA2 cmd 0x1f0 ctl 0x3f6 bmdma 0xc080 irq 14 lpm-pol 0
[    0.476138] ata2: PATA max MWDMA2 cmd 0x170 ctl 0x376 bmdma 0xc088 irq 15 lpm-pol 0
[    0.477688] i8042: PNP: PS/2 Controller [PNP0303:KBD,PNP0f13:MOU] at 0x60,0x64 irq 1,12
[    0.479741] serio: i8042 KBD port at 0x60,0x64 irq 1
[    0.480587] serio: i8042 AUX port at 0x60,0x64 irq 12
[    0.481611] rtc_cmos 00:04: RTC can wake from S4
[    0.482876] input: AT Translated Set 2 keyboard as /devices/platform/i8042/serio0/input/input1
[    0.484458] rtc_cmos 00:04: registered as rtc0
[    0.485272] rtc_cmos 00:04: setting system clock to 2024-02-18T21:07:35 UTC (1708290455)
[    0.486677] rtc_cmos 00:04: alarms up to one day, y3k, 242 bytes nvram, hpet irqs
[    0.488326] i6300ESB timer 0000:00:04.0: initialized. heartbeat=30 sec (nowayout=0)
[    0.489695] device-mapper: ioctl: 4.48.0-ioctl (2023-03-01) initialised: dm-devel@redhat.com
[    0.491579] NET: Registered PF_PACKET protocol family
[    0.492470] 9pnet: Installing 9P2000 support
[    0.494900] Key type dns_resolver registered
[    0.495923] input: ImExPS/2 Generic Explorer Mouse as /devices/platform/i8042/serio1/input/input3
[    0.499098] IPI shorthand broadcast: enabled
[    0.502285] sched_clock: Marking stable (498001282, 3945803)->(552143017, -50195932)
[    0.503807] registered taskstats version 1
[    0.505732] PM:   Magic number: 12:620:146
[    0.506457] acpi device:17: hash matches
[    0.507139] printk: legacy console [netcon0] enabled
[    0.507975] netconsole: network logging started
[    0.508778] ALSA device list:
[    0.509288]   No soundcards found.
[    0.636279] ata2: found unknown device (class 0)
[    0.637530] ata2.00: ATAPI: QEMU DVD-ROM, 2.5+, max UDMA/100
[    0.639329] scsi 1:0:0:0: CD-ROM            QEMU     QEMU DVD-ROM     2.5+ PQ: 0 ANSI: 5
[    0.647374] scsi 1:0:0:0: Attached scsi generic sg0 type 5
[    0.648222] md: Skipping autodetection of RAID arrays. (raid=autodetect will force)
[    0.649349] 9pnet_virtio: no channels available for device 
[    0.650558] VFS: Mounted root (9p filesystem) readonly on device 0:19.
[    0.651652] devtmpfs: mounted
[    0.652796] Freeing unused kernel image (initmem) memory: 2992K
[    0.661952] Write protecting the kernel read-only data: 22528k
[    0.663109] Freeing unused kernel image (rodata/data gap) memory: 212K
[    0.698410] x86/mm: Checked W+X mappings: passed, no W+X pages found.
[    0.699354] Run /usr/lib/python3.11/site-packages/virtme/guest/virtme-init as init process
[    0.720843] mount (236) used greatest stack depth: 13480 bytes left
[    0.756163] mount (246) used greatest stack depth: 13144 bytes left
[    0.779438] mount (255) used greatest stack depth: 13064 bytes left
[    0.840830] virtme-init: basic initialization done
[    0.844589] virtme-init: udevd not found
[    0.857619] modprobe (318) used greatest stack depth: 12984 bytes left
[    0.886290] virtme-init: Setting hostname to virtme-ng...
[    0.895968] ip (335) used greatest stack depth: 12360 bytes left
          _      _                                    
   __   _(_)_ __| |_ _ __ ___   ___       _ __   __ _ 
   \ \ / / |  __| __|  _   _ \ / _ \_____|  _ \ / _  |
    \ V /| | |  | |_| | | | | |  __/_____| | | | (_| |
     \_/ |_|_|   \__|_| |_| |_|\___|     |_| |_|\__  |
                                                |___/ 
   kernel version: 6.8.0-rc4-virtme x86_64

virtme-ng:/nipa-data/kernel# PS1='xx__-> '
xx__-> env
PWD=/nipa-data/kernel
HOME=/
TERM=xterm
SHLVL=2
XDG_RUNTIME_DIR=/run/user/0
PATH=/bin:/sbin:/usr/bin:/usr/sbin:/usr/local/bin
OLDPWD=/
_=/usr/bin/env
xx__-> 