No EFI environment detected.
early console in extract_kernel
input_data: 0x0000000004b142b9
input_len: 0x00000000017c02bb
output: 0x0000000001000000
output_len: 0x0000000005261a38
kernel_total_size: 0x0000000004e30000
needed_size: 0x0000000005400000
trampoline_32bit: 0x0000000000000000
Physical KASLR using RDRAND RDTSC...
Virtual KASLR using RDRAND RDTSC...

Decompressing Linux... Parsing ELF... Performing relocations... done.
Booting the kernel (entry_offset: 0x0000000000000000).
[    0.000000] Linux version 6.8.0-rc6-virtme (root@0d655eaf6407) (gcc (Alpine 13.2.1_git20231014) 13.2.1 20231014, GNU ld (GNU Binutils) 2.42) #1 SMP PREEMPT_DYNAMIC Sat Mar  2 09:26:34 UTC 2024
[    0.000000] Command line: virtme_hostname=virtme-ng virtme_link_mods=/nipa-data/kernel/.virtme_mods/lib/modules/0.0.0 virtme_initmount0=nipa-data/kernel virtme_rw_overlay0=/etc virtme_rw_overlay1=/lib virtme_rw_overlay2=/home virtme_rw_overlay3=/opt virtme_rw_overlay4=/srv virtme_rw_overlay5=/usr virtme_rw_overlay6=/var earlyprintk=serial,ttyS0,115200 console=ttyS0 psmouse.proto=exps TERM=xterm virtme_chdir=nipa-data/kernel virtme_root_user=1 rootfstype=9p rootflags=version=9p2000.L,trans=virtio,access=any raid=noautodetect ro init=/usr/lib/python3.11/site-packages/virtme/guest/virtme-init
[    0.000000] BIOS-provided physical RAM map:
[    0.000000] BIOS-e820: [mem 0x0000000000000000-0x000000000009fbff] usable
[    0.000000] BIOS-e820: [mem 0x000000000009fc00-0x000000000009ffff] reserved
[    0.000000] BIOS-e820: [mem 0x00000000000f0000-0x00000000000fffff] reserved
[    0.000000] BIOS-e820: [mem 0x0000000000100000-0x000000003ffdffff] usable
[    0.000000] BIOS-e820: [mem 0x000000003ffe0000-0x000000003fffffff] reserved
[    0.000000] BIOS-e820: [mem 0x00000000feffc000-0x00000000feffffff] reserved
[    0.000000] BIOS-e820: [mem 0x00000000fffc0000-0x00000000ffffffff] reserved
[    0.000000] BIOS-e820: [mem 0x000000fd00000000-0x000000ffffffffff] reserved
[    0.000000] printk: legacy bootconsole [earlyser0] enabled
[    0.000000] NX (Execute Disable) protection: active
[    0.000000] APIC: Static calls initialized
[    0.000000] SMBIOS 3.0.0 present.
[    0.000000] DMI: QEMU Standard PC (i440FX + PIIX, 1996), BIOS rel-1.16.3-0-ga6ed6b701f0a-prebuilt.qemu.org 04/01/2014
[    0.000000] Hypervisor detected: KVM
[    0.000000] kvm-clock: Using msrs 4b564d01 and 4b564d00
[    0.000000] kvm-clock: using sched offset of 346090047 cycles
[    0.000381] clocksource: kvm-clock: mask: 0xffffffffffffffff max_cycles: 0x1cd42e4dffb, max_idle_ns: 881590591483 ns
[    0.001556] tsc: Detected 4491.536 MHz processor
[    0.002262] last_pfn = 0x3ffe0 max_arch_pfn = 0x400000000
[    0.002678] MTRR map: 4 entries (3 fixed + 1 variable; max 19), built from 8 variable MTRRs
[    0.003283] x86/PAT: Configuration [0-7]: WB  WC  UC- UC  WB  WP  UC- WT  
[    0.005286] found SMP MP-table at [mem 0x000f5470-0x000f547f]
[    0.005710] Using GB pages for direct mapping
[    0.006181] ACPI: Early table checksum verification disabled
[    0.006591] ACPI: RSDP 0x00000000000F5290 000014 (v00 BOCHS )
[    0.007010] ACPI: RSDT 0x000000003FFE27B6 000034 (v01 BOCHS  BXPC     00000001 BXPC 00000001)
[    0.007630] ACPI: FACP 0x000000003FFE2572 000074 (v01 BOCHS  BXPC     00000001 BXPC 00000001)
[    0.008257] ACPI: DSDT 0x000000003FFE0040 002532 (v01 BOCHS  BXPC     00000001 BXPC 00000001)
[    0.008878] ACPI: FACS 0x000000003FFE0000 000040
[    0.009213] ACPI: APIC 0x000000003FFE25E6 000170 (v03 BOCHS  BXPC     00000001 BXPC 00000001)
[    0.009829] ACPI: HPET 0x000000003FFE2756 000038 (v01 BOCHS  BXPC     00000001 BXPC 00000001)
[    0.010446] ACPI: WAET 0x000000003FFE278E 000028 (v01 BOCHS  BXPC     00000001 BXPC 00000001)
[    0.011062] ACPI: Reserving FACP table memory at [mem 0x3ffe2572-0x3ffe25e5]
[    0.011572] ACPI: Reserving DSDT table memory at [mem 0x3ffe0040-0x3ffe2571]
[    0.012080] ACPI: Reserving FACS table memory at [mem 0x3ffe0000-0x3ffe003f]
[    0.012592] ACPI: Reserving APIC table memory at [mem 0x3ffe25e6-0x3ffe2755]
[    0.013104] ACPI: Reserving HPET table memory at [mem 0x3ffe2756-0x3ffe278d]
[    0.013612] ACPI: Reserving WAET table memory at [mem 0x3ffe278e-0x3ffe27b5]
[    0.014318] No NUMA configuration found
[    0.014596] Faking a node at [mem 0x0000000000000000-0x000000003ffdffff]
[    0.015081] NODE_DATA(0) allocated [mem 0x3ffdb000-0x3ffdffff]
[    0.015518] Zone ranges:
[    0.015701]   DMA      [mem 0x0000000000001000-0x0000000000ffffff]
[    0.016147]   DMA32    [mem 0x0000000001000000-0x000000003ffdffff]
[    0.016599]   Normal   empty
[    0.016808]   Device   empty
[    0.017016] Movable zone start for each node
[    0.017324] Early memory node ranges
[    0.017582]   node   0: [mem 0x0000000000001000-0x000000000009efff]
[    0.018036]   node   0: [mem 0x0000000000100000-0x000000003ffdffff]
[    0.018488] Initmem setup node 0 [mem 0x0000000000001000-0x000000003ffdffff]
[    0.019001] On node 0, zone DMA: 1 pages in unavailable ranges
[    0.019478] On node 0, zone DMA: 97 pages in unavailable ranges
[    0.024013] On node 0, zone DMA32: 32 pages in unavailable ranges
[    0.033315] kasan: KernelAddressSanitizer initialized
[    0.033899] ACPI: PM-Timer IO Port: 0x608
[    0.034198] ACPI: LAPIC_NMI (acpi_id[0xff] dfl dfl lint[0x1])
[    0.034636] IOAPIC[0]: apic_id 0, version 17, address 0xfec00000, GSI 0-23
[    0.035135] ACPI: INT_SRC_OVR (bus 0 bus_irq 0 global_irq 2 dfl dfl)
[    0.035598] ACPI: INT_SRC_OVR (bus 0 bus_irq 5 global_irq 5 high level)
[    0.036076] ACPI: INT_SRC_OVR (bus 0 bus_irq 9 global_irq 9 high level)
[    0.036562] ACPI: INT_SRC_OVR (bus 0 bus_irq 10 global_irq 10 high level)
[    0.037053] ACPI: INT_SRC_OVR (bus 0 bus_irq 11 global_irq 11 high level)
[    0.037549] ACPI: Using ACPI (MADT) for SMP configuration information
[    0.038014] ACPI: HPET id: 0x8086a201 base: 0xfed00000
[    0.038387] TSC deadline timer available
[    0.038670] smpboot: Allowing 32 CPUs, 0 hotplug CPUs
[    0.039048] kvm-guest: APIC: eoi() replaced with kvm_guest_apic_eoi_write()
[    0.039563] kvm-guest: KVM setup pv remote TLB flush
[    0.039923] kvm-guest: setup PV sched yield
[    0.040238] PM: hibernation: Registered nosave memory: [mem 0x00000000-0x00000fff]
[    0.040786] PM: hibernation: Registered nosave memory: [mem 0x0009f000-0x0009ffff]
[    0.041332] PM: hibernation: Registered nosave memory: [mem 0x000a0000-0x000effff]
[    0.041878] PM: hibernation: Registered nosave memory: [mem 0x000f0000-0x000fffff]
[    0.042425] [mem 0x40000000-0xfeffbfff] available for PCI devices
[    0.042865] Booting paravirtualized kernel on KVM
[    0.043206] clocksource: refined-jiffies: mask: 0xffffffff max_cycles: 0xffffffff, max_idle_ns: 1910969940391419 ns
[    0.051753] setup_percpu: NR_CPUS:64 nr_cpumask_bits:32 nr_cpu_ids:32 nr_node_ids:1
[    0.053531] percpu: Embedded 68 pages/cpu s241448 r8192 d28888 u524288
[    0.054067] Kernel command line: virtme_hostname=virtme-ng virtme_link_mods=/nipa-data/kernel/.virtme_mods/lib/modules/0.0.0 virtme_initmount0=nipa-data/kernel virtme_rw_overlay0=/etc virtme_rw_overlay1=/lib virtme_rw_overlay2=/home virtme_rw_overlay3=/opt virtme_rw_overlay4=/srv virtme_rw_overlay5=/usr virtme_rw_overlay6=/var earlyprintk=serial,ttyS0,115200 console=ttyS0 psmouse.proto=exps TERM=xterm virtme_chdir=nipa-data/kernel virtme_root_user=1 rootfstype=9p rootflags=version=9p2000.L,trans=virtio,access=any raid=noautodetect ro init=/usr/lib/python3.11/site-packages/virtme/guest/virtme-init
[    0.058113] Unknown kernel command line parameters "virtme_hostname=virtme-ng virtme_link_mods=/nipa-data/kernel/.virtme_mods/lib/modules/0.0.0 virtme_initmount0=nipa-data/kernel virtme_rw_overlay0=/etc virtme_rw_overlay1=/lib virtme_rw_overlay2=/home virtme_rw_overlay3=/opt virtme_rw_overlay4=/srv virtme_rw_overlay5=/usr virtme_rw_overlay6=/var virtme_chdir=nipa-data/kernel virtme_root_user=1", will be passed to user space.
[    0.061123] random: crng init done
[    0.061489] Dentry cache hash table entries: 131072 (order: 8, 1048576 bytes, linear)
[    0.062086] Inode-cache hash table entries: 65536 (order: 7, 524288 bytes, linear)
[    0.063063] Fallback order for Node 0: 0 
[    0.063068] Built 1 zonelists, mobility grouping on.  Total pages: 257760
[    0.063874] Policy zone: DMA32
[    0.064103] mem auto-init: stack:all(zero), heap alloc:off, heap free:off
[    0.064621] stackdepot: allocating hash table via alloc_large_system_hash
[    0.065126] stackdepot hash table entries: 1048576 (order: 12, 16777216 bytes, linear)
[    0.072992] Memory: 781312K/1048056K available (43008K kernel code, 11328K rwdata, 9564K rodata, 5740K init, 2432K bss, 266488K reserved, 0K cma-reserved)
[    0.074192] SLUB: HWalign=64, Order=0-3, MinObjects=0, CPUs=32, Nodes=1
Poking KASLR using RDRAND RDTSC...
[    0.074942] ftrace: allocating 46466 entries in 182 pages
[    0.083343] ftrace: allocated 182 pages with 5 groups
[    0.084568] Dynamic Preempt: voluntary
[    0.085179] rcu: Preemptible hierarchical RCU implementation.
[    0.085605] rcu: RCU event tracing is enabled.
[    0.085940] rcu: RCU restricting CPUs from NR_CPUS=64 to nr_cpu_ids=32.
[    0.086435] Trampoline variant of Tasks RCU enabled.
[    0.086807] Rude variant of Tasks RCU enabled.
[    0.087139] Tracing variant of Tasks RCU enabled.
[    0.087491] rcu: RCU calculated value of scheduler-enlistment delay is 100 jiffies.
[    0.088063] rcu: Adjusting geometry for rcu_fanout_leaf=16, nr_cpu_ids=32
[    0.096468] NR_IRQS: 4352, nr_irqs: 680, preallocated irqs: 16
[    0.097145] rcu: srcu_init: Setting srcu_struct sizes based on contention.
[    0.097860] Console: colour *CGA 80x25
[    0.098159] printk: legacy console [ttyS0] enabled
[    0.098159] printk: legacy console [ttyS0] enabled
[    0.098873] printk: legacy bootconsole [earlyser0] disabled
[    0.098873] printk: legacy bootconsole [earlyser0] disabled
[    0.099723] ACPI: Core revision 20230628
[    0.100177] clocksource: hpet: mask: 0xffffffff max_cycles: 0xffffffff, max_idle_ns: 19112604467 ns
[    0.100969] APIC: Switch to symmetric I/O mode setup
[    0.101347] APIC: Switched APIC routing to: physical flat
[    0.101753] kvm-guest: APIC: send_IPI_mask() replaced with kvm_send_ipi_mask()
[    0.102307] kvm-guest: APIC: send_IPI_mask_allbutself() replaced with kvm_send_ipi_mask_allbutself()
[    0.102996] kvm-guest: setup PV IPIs
[    0.104141] ..TIMER: vector=0x30 apic1=0 pin1=2 apic2=-1 pin2=-1
[    0.104949] tsc: Marking TSC unstable due to TSCs unsynchronized
[    0.105735] Calibrating delay loop (skipped) preset value.. 8983.07 BogoMIPS (lpj=4491536)
[    0.106794] x86/cpu: User Mode Instruction Prevention (UMIP) activated
[    0.107790] Last level iTLB entries: 4KB 512, 2MB 255, 4MB 127
[    0.108732] Last level dTLB entries: 4KB 512, 2MB 255, 4MB 127, 1GB 0
[    0.109735] Spectre V1 : Mitigation: usercopy/swapgs barriers and __user pointer sanitization
[    0.110736] Spectre V2 : Mitigation: Enhanced / Automatic IBRS
[    0.111731] Spectre V2 : Spectre v2 / SpectreRSB mitigation: Filling RSB on context switch
[    0.112733] Spectre V2 : mitigation: Enabling conditional Indirect Branch Prediction Barrier
[    0.113733] Speculative Store Bypass: Mitigation: Speculative Store Bypass disabled via prctl
[    0.114732] Speculative Return Stack Overflow: IBPB-extending microcode not applied!
[    0.115731] Speculative Return Stack Overflow: WARNING: See https://kernel.org/doc/html/latest/admin-guide/hw-vuln/srso.html for mitigation options.
[    0.115733] Speculative Return Stack Overflow: Vulnerable: Safe RET, no microcode
[    0.117747] x86/fpu: Supporting XSAVE feature 0x001: 'x87 floating point registers'
[    0.118731] x86/fpu: Supporting XSAVE feature 0x002: 'SSE registers'
[    0.119731] x86/fpu: Supporting XSAVE feature 0x004: 'AVX registers'
[    0.120731] x86/fpu: Supporting XSAVE feature 0x020: 'AVX-512 opmask'
[    0.121548] x86/fpu: Supporting XSAVE feature 0x040: 'AVX-512 Hi256'
[    0.121731] x86/fpu: Supporting XSAVE feature 0x080: 'AVX-512 ZMM_Hi256'
[    0.122731] x86/fpu: Supporting XSAVE feature 0x200: 'Protection Keys User registers'
[    0.123732] x86/fpu: xstate_offset[2]:  576, xstate_sizes[2]:  256
[    0.124732] x86/fpu: xstate_offset[5]:  832, xstate_sizes[5]:   64
[    0.125731] x86/fpu: xstate_offset[6]:  896, xstate_sizes[6]:  512
[    0.126513] x86/fpu: xstate_offset[7]: 1408, xstate_sizes[7]: 1024
[    0.126731] x86/fpu: xstate_offset[9]: 2432, xstate_sizes[9]:    8
[    0.127731] x86/fpu: Enabled xstate features 0x2e7, context size is 2440 bytes, using 'compacted' format.
[    0.150153] Freeing SMP alternatives memory: 36K
[    0.150733] pid_max: default: 32768 minimum: 301
[    0.151469] Mount-cache hash table entries: 2048 (order: 2, 16384 bytes, linear)
[    0.151733] Mountpoint-cache hash table entries: 2048 (order: 2, 16384 bytes, linear)
[    0.154150] smpboot: CPU0: AMD Ryzen 9 7950X 16-Core Processor (family: 0x19, model: 0x61, stepping: 0x2)
[    0.155051] RCU Tasks: Setting shift to 5 and lim to 1 rcu_task_cb_adjust=1.
[    0.155757] RCU Tasks Rude: Setting shift to 5 and lim to 1 rcu_task_cb_adjust=1.
[    0.156735] RCU Tasks Trace: Setting shift to 5 and lim to 1 rcu_task_cb_adjust=1.
[    0.157722] Performance Events: Fam17h+ core perfctr, AMD PMU driver.
[    0.158577] ... version:                0
[    0.158733] ... bit width:              48
[    0.159259] ... generic registers:      6
[    0.159733] ... value mask:             0000ffffffffffff
[    0.160406] ... max period:             00007fffffffffff
[    0.160733] ... fixed-purpose events:   0
[    0.161243] ... event mask:             000000000000003f
[    0.161830] signal: max sigframe size: 3376
[    0.162414] rcu: Hierarchical SRCU implementation.
[    0.162734] rcu: Max phase no-delay instances is 400.
[    0.167520] smp: Bringing up secondary CPUs ...
[    0.167939] smpboot: x86: Booting SMP configuration:
[    0.168570] .... node  #0, CPUs:        #1  #2  #3  #4  #5  #6  #7  #8  #9 #10 #11 #12 #13 #14 #15 #16 #17 #18 #19 #20 #21 #22 #23 #24 #25 #26 #27 #28 #29 #30 #31
[    0.204929] smp: Brought up 1 node, 32 CPUs
[    0.206312] smpboot: Max logical packages: 1
[    0.206734] smpboot: Total of 32 processors activated (287458.30 BogoMIPS)
[    0.215920] devtmpfs: initialized
[    0.216883] x86/mm: Memory block size: 128MB
[    0.223937] clocksource: jiffies: mask: 0xffffffff max_cycles: 0xffffffff, max_idle_ns: 1911260446275000 ns
[    0.224746] futex hash table entries: 8192 (order: 7, 524288 bytes, linear)
[    0.226024] PM: RTC time: 09:27:12, date: 2024-03-02
[    0.227593] NET: Registered PF_NETLINK/PF_ROUTE protocol family
[    0.228619] thermal_sys: Registered thermal governor 'step_wise'
[    0.228622] thermal_sys: Registered thermal governor 'user_space'
[    0.228815] cpuidle: using governor menu
[    0.231941] PCI: Using configuration type 1 for base access
[    0.232697] PCI: Using configuration type 1 for extended access
[    0.232866] kprobes: kprobe jump-optimization is enabled. All kprobes are optimized if possible.
[    0.245976] HugeTLB: registered 1.00 GiB page size, pre-allocated 0 pages
[    0.246734] HugeTLB: 16380 KiB vmemmap can be freed for a 1.00 GiB page
[    0.247595] HugeTLB: registered 2.00 MiB page size, pre-allocated 0 pages
[    0.247734] HugeTLB: 28 KiB vmemmap can be freed for a 2.00 MiB page
[    0.250069] ACPI: Added _OSI(Module Device)
[    0.250735] ACPI: Added _OSI(Processor Device)
[    0.251397] ACPI: Added _OSI(3.0 _SCP Extensions)
[    0.251734] ACPI: Added _OSI(Processor Aggregator Device)
[    0.275910] ACPI: 1 ACPI AML tables successfully acquired and loaded
[    0.278906] ACPI: _OSC evaluation for CPUs failed, trying _PDC
[    0.282498] ACPI: Interpreter enabled
[    0.282818] ACPI: PM: (supports S0 S3 S4 S5)
[    0.283530] ACPI: Using IOAPIC for interrupt routing
[    0.284804] PCI: Using host bridge windows from ACPI; if necessary, use "pci=nocrs" and report a bug
[    0.285734] PCI: Using E820 reservations for host bridge windows
[    0.288232] ACPI: Enabled 2 GPEs in block 00 to 0F
[    0.350617] ACPI: PCI Root Bridge [PCI0] (domain 0000 [bus 00-ff])
[    0.351751] acpi PNP0A03:00: _OSC: OS supports [ExtendedConfig ASPM ClockPM Segments MSI HPX-Type3]
[    0.353262] PCI host bridge to bus 0000:00
[    0.353737] pci_bus 0000:00: root bus resource [io  0x0000-0x0cf7 window]
[    0.354621] pci_bus 0000:00: root bus resource [io  0x0d00-0xffff window]
[    0.355737] pci_bus 0000:00: root bus resource [mem 0x000a0000-0x000bffff window]
[    0.356712] pci_bus 0000:00: root bus resource [mem 0x40000000-0xfebfffff window]
[    0.357737] pci_bus 0000:00: root bus resource [mem 0x100000000-0x17fffffff window]
[    0.358738] pci_bus 0000:00: root bus resource [bus 00-ff]
[    0.359602] pci 0000:00:00.0: [8086:1237] type 00 class 0x060000 conventional PCI endpoint
[    0.361615] pci 0000:00:01.0: [8086:7000] type 00 class 0x060100 conventional PCI endpoint
[    0.363650] pci 0000:00:01.1: [8086:7010] type 00 class 0x010180 conventional PCI endpoint
[    0.366734] pci 0000:00:01.1: BAR 4 [io  0xc080-0xc08f]
[    0.368213] pci 0000:00:01.1: BAR 0 [io  0x01f0-0x01f7]: legacy IDE quirk
[    0.368734] pci 0000:00:01.1: BAR 1 [io  0x03f6]: legacy IDE quirk
[    0.369528] pci 0000:00:01.1: BAR 2 [io  0x0170-0x0177]: legacy IDE quirk
[    0.370734] pci 0000:00:01.1: BAR 3 [io  0x0376]: legacy IDE quirk
[    0.372228] pci 0000:00:01.3: [8086:7113] type 00 class 0x068000 conventional PCI endpoint
[    0.372996] pci 0000:00:01.3: quirk: [io  0x0600-0x063f] claimed by PIIX4 ACPI
[    0.374738] pci 0000:00:01.3: quirk: [io  0x0700-0x070f] claimed by PIIX4 SMB
[    0.376479] pci 0000:00:02.0: [1af4:1009] type 00 class 0x000200 conventional PCI endpoint
[    0.378734] pci 0000:00:02.0: BAR 0 [io  0xc000-0xc03f]
[    0.380335] pci 0000:00:02.0: BAR 1 [mem 0xfebfd000-0xfebfdfff]
[    0.384734] pci 0000:00:02.0: BAR 4 [mem 0xfebf4000-0xfebf7fff 64bit pref]
[    0.399166] pci 0000:00:03.0: [1af4:1009] type 00 class 0x000200 conventional PCI endpoint
[    0.401734] pci 0000:00:03.0: BAR 0 [io  0xc040-0xc07f]
[    0.403346] pci 0000:00:03.0: BAR 1 [mem 0xfebfe000-0xfebfefff]
[    0.408346] pci 0000:00:03.0: BAR 4 [mem 0xfebf8000-0xfebfbfff 64bit pref]
[    0.422868] pci 0000:00:04.0: [8086:25ab] type 00 class 0x088000 conventional PCI endpoint
[    0.424101] pci 0000:00:04.0: BAR 0 [mem 0xfebff000-0xfebff00f]
[    0.441162] ACPI: PCI: Interrupt link LNKA configured for IRQ 10
[    0.442686] ACPI: PCI: Interrupt link LNKB configured for IRQ 10
[    0.444671] ACPI: PCI: Interrupt link LNKC configured for IRQ 11
[    0.446894] ACPI: PCI: Interrupt link LNKD configured for IRQ 11
[    0.448057] ACPI: PCI: Interrupt link LNKS configured for IRQ 9
[    0.467189] iommu: Default domain type: Translated
[    0.467734] iommu: DMA domain TLB invalidation policy: lazy mode
[    0.468992] SCSI subsystem initialized
[    0.469846] pps_core: LinuxPPS API ver. 1 registered
[    0.470487] pps_core: Software ver. 5.3.6 - Copyright 2005-2007 Rodolfo Giometti <giometti@linux.it>
[    0.471749] PTP clock support registered
[    0.472867] Advanced Linux Sound Architecture Driver Initialized.
[    0.474847] NET: Registered PF_ATMPVC protocol family
[    0.475508] NET: Registered PF_ATMSVC protocol family
[    0.475757] PCI: Using ACPI for IRQ routing
[    0.476785] vgaarb: loaded
[    0.476855] hpet0: at MMIO 0xfed00000, IRQs 2, 8, 0
[    0.477498] hpet0: 3 comparators, 64-bit 100.000000 MHz counter
[    0.483067] clocksource: Switched to clocksource kvm-clock
[    0.484162] VFS: Disk quotas dquot_6.6.0
[    0.484891] VFS: Dquot-cache hash table entries: 512 (order 0, 4096 bytes)
[    0.485973] pnp: PnP ACPI init
[    0.488832] pnp: PnP ACPI: found 5 devices
[    0.501076] clocksource: acpi_pm: mask: 0xffffff max_cycles: 0xffffff, max_idle_ns: 2085701024 ns
[    0.502318] NET: Registered PF_INET protocol family
[    0.502998] IP idents hash table entries: 16384 (order: 5, 131072 bytes, linear)
[    0.504374] tcp_listen_portaddr_hash hash table entries: 512 (order: 1, 8192 bytes, linear)
[    0.505464] Table-perturb hash table entries: 65536 (order: 6, 262144 bytes, linear)
[    0.506493] TCP established hash table entries: 8192 (order: 4, 65536 bytes, linear)
[    0.507511] TCP bind hash table entries: 8192 (order: 6, 262144 bytes, linear)
[    0.508457] TCP: Hash tables configured (established 8192 bind 8192)
[    0.509444] UDP hash table entries: 512 (order: 2, 16384 bytes, linear)
[    0.510303] UDP-Lite hash table entries: 512 (order: 2, 16384 bytes, linear)
[    0.511440] NET: Registered PF_UNIX/PF_LOCAL protocol family
[    0.512206] pci_bus 0000:00: resource 4 [io  0x0000-0x0cf7 window]
[    0.513000] pci_bus 0000:00: resource 5 [io  0x0d00-0xffff window]
[    0.513796] pci_bus 0000:00: resource 6 [mem 0x000a0000-0x000bffff window]
[    0.514684] pci_bus 0000:00: resource 7 [mem 0x40000000-0xfebfffff window]
[    0.515575] pci_bus 0000:00: resource 8 [mem 0x100000000-0x17fffffff window]
[    0.516726] pci 0000:00:01.0: PIIX3: Enabling Passive Release
[    0.517476] pci 0000:00:00.0: Limiting direct PCI/PCI transfers
[    0.518277] PCI: CLS 0 bytes, default 64
[    0.518839] kvm_intel: VMX not supported by CPU 18
[    0.519499] kvm_amd: TSC scaling supported
[    0.520030] kvm_amd: Nested Virtualization enabled
[    0.520651] kvm_amd: Nested Paging enabled
[    0.521204] kvm_amd: Virtual VMLOAD VMSAVE supported
[    0.521844] kvm_amd: Virtual GIF supported
[    0.522378] kvm_amd: Virtual NMI enabled
[    0.522885] kvm_amd: LBR virtualization supported
[    0.627017] workingset: timestamp_bits=56 max_order=18 bucket_order=0
[    0.628016] squashfs: version 4.0 (2009/01/31) Phillip Lougher
[    0.628794] fuse: init (API version 7.39)
[    0.629461] 9p: Installing v9fs 9p2000 file system support
[    0.630279] Key type asymmetric registered
[    0.630854] Block layer SCSI generic (bsg) driver version 0.4 loaded (major 249)
[    0.631841] io scheduler mq-deadline registered
[    0.632429] io scheduler kyber registered
[    0.634313] input: Power Button as /devices/LNXSYSTM:00/LNXPWRBN:00/input/input0
[    0.635514] ACPI: button: Power Button [PWRF]
[    0.636210] Warning: Processor Platform Limit event detected, but not handled.
[    0.637147] Consider compiling CPUfreq support into your kernel.
[    1.526375] ACPI: \_SB_.LNKB: Enabled at IRQ 10
[    2.406393] ACPI: \_SB_.LNKC: Enabled at IRQ 11
[    2.408023] Serial: 8250/16550 driver, 4 ports, IRQ sharing enabled
[    2.409206] 00:03: ttyS0 at I/O 0x3f8 (irq = 4, base_baud = 115200) is a 16550A
[    2.411921] Non-volatile memory driver v1.3
[    2.412482] Linux agpgart interface v0.103
[    2.413220] ACPI: bus type drm_connector registered
[    2.435652] loop: module loaded
[    2.438465] scsi host0: ata_piix
[    2.439418] scsi host1: ata_piix
[    2.440076] ata1: PATA max MWDMA2 cmd 0x1f0 ctl 0x3f6 bmdma 0xc080 irq 14 lpm-pol 0
[    2.441058] ata2: PATA max MWDMA2 cmd 0x170 ctl 0x376 bmdma 0xc088 irq 15 lpm-pol 0
[    2.443581] i8042: PNP: PS/2 Controller [PNP0303:KBD,PNP0f13:MOU] at 0x60,0x64 irq 1,12
[    2.445296] serio: i8042 KBD port at 0x60,0x64 irq 1
[    2.445941] serio: i8042 AUX port at 0x60,0x64 irq 12
[    2.447193] rtc_cmos 00:04: RTC can wake from S4
[    2.448139] input: AT Translated Set 2 keyboard as /devices/platform/i8042/serio0/input/input1
[    2.450230] rtc_cmos 00:04: registered as rtc0
[    2.450840] rtc_cmos 00:04: setting system clock to 2024-03-02T09:27:14 UTC (1709371634)
[    2.452001] rtc_cmos 00:04: alarms up to one day, y3k, 242 bytes nvram, hpet irqs
[    2.453714] i6300ESB timer 0000:00:04.0: initialized. heartbeat=30 sec (nowayout=0)
[    2.455124] device-mapper: ioctl: 4.48.0-ioctl (2023-03-01) initialised: dm-devel@redhat.com
[    2.457352] NET: Registered PF_PACKET protocol family
[    2.458145] 9pnet: Installing 9P2000 support
[    2.459260] input: ImExPS/2 Generic Explorer Mouse as /devices/platform/i8042/serio1/input/input3
[    2.461679] Key type dns_resolver registered
[    2.468029] IPI shorthand broadcast: enabled
[    2.489222] sched_clock: Marking stable (2485001055, 4063224)->(2501773432, -12709153)
[    2.490588] registered taskstats version 1
[    2.505260] PM:   Magic number: 0:11:474
[    2.505827] printk: legacy console [netcon0] enabled
[    2.506475] netconsole: network logging started
[    2.507223] ALSA device list:
[    2.507614]   No soundcards found.
[    2.597355] ata2: found unknown device (class 0)
[    2.598341] ata2.00: ATAPI: QEMU DVD-ROM, 2.5+, max UDMA/100
[    2.600129] scsi 1:0:0:0: CD-ROM            QEMU     QEMU DVD-ROM     2.5+ PQ: 0 ANSI: 5
[    2.608770] scsi 1:0:0:0: Attached scsi generic sg0 type 5
[    2.609570] md: Skipping autodetection of RAID arrays. (raid=autodetect will force)
[    2.610503] 9pnet_virtio: no channels available for device 
[    2.611925] VFS: Mounted root (9p filesystem) readonly on device 0:19.
[    2.612901] devtmpfs: mounted
[    2.617888] Freeing unused kernel image (initmem) memory: 5740K
[    2.623073] Write protecting the kernel read-only data: 53248k
[    2.624148] Freeing unused kernel image (rodata/data gap) memory: 676K
[    2.659795] x86/mm: Checked W+X mappings: passed, no W+X pages found.
[    2.660525] Run /usr/lib/python3.11/site-packages/virtme/guest/virtme-init as init process
[    2.703182] mount (266) used greatest stack depth: 26752 bytes left
[    2.832225] mount (284) used greatest stack depth: 26312 bytes left
[    2.977771] virtme-init: basic initialization done
[    2.987025] virtme-init: udevd not found
[    3.081687] virtme-init: Setting hostname to virtme-ng...
[    3.104261] ip (358) used greatest stack depth: 24544 bytes left
          _      _                                    
   __   _(_)_ __| |_ _ __ ___   ___       _ __   __ _ 
   \ \ / / |  __| __|  _   _ \ / _ \_____|  _ \ / _  |
    \ V /| | |  | |_| | | | | |  __/_____| | | | (_| |
     \_/ |_|_|   \__|_| |_| |_|\___|     |_| |_|\__  |
                                                |___/ 
   kernel version: 6.8.0-rc6-virtme x86_64

virtme-ng:/nipa-data/kernel# PS1='xx__-> '
xx__-> env
PWD=/nipa-data/kernel
HOME=/
TERM=xterm
SHLVL=2
XDG_RUNTIME_DIR=/run/user/0
PATH=/bin:/sbin:/usr/bin:/usr/sbin:/usr/local/bin
OLDPWD=/
_=/usr/bin/env
xx__-> 