No EFI environment detected.
early console in extract_kernel
input_data: 0x0000000004c872c4
input_len: 0x0000000001976baf
output: 0x0000000001000000
output_len: 0x0000000005587804
kernel_total_size: 0x0000000005230000
needed_size: 0x0000000005600000
trampoline_32bit: 0x0000000000000000
Physical KASLR using RDRAND RDTSC...
Virtual KASLR using RDRAND RDTSC...

Decompressing Linux... Parsing ELF... Performing relocations... done.
Booting the kernel (entry_offset: 0x0000000002bc3f80).
[    0.000000] Linux version 6.15.0-rc4-virtme (root@55c6f8b35774) (gcc (Ubuntu 13.3.0-6ubuntu2~24.04) 13.3.0, GNU ld (GNU Binutils for Ubuntu) 2.42) #1 SMP PREEMPT_DYNAMIC Mon May  5 21:27:03 UTC 2025
[    0.000000] Command line: virtme_hostname=virtme-ng nr_open=1048576 virtme_link_mods=/nipa-data/kernel/.virtme_mods/lib/modules/0.0.0 virtme_initmount0=nipa-data/kernel virtme_rw_overlay0=/etc virtme_rw_overlay1=/lib virtme_rw_overlay2=/home virtme_rw_overlay3=/opt virtme_rw_overlay4=/srv virtme_rw_overlay5=/usr virtme_rw_overlay6=/var console=hvc0 earlyprintk=serial,ttyS0,115200 virtme_console=ttyS0 psmouse.proto=exps TERM=xterm virtme_chdir=nipa-data/kernel virtme_root_user=1 rootfstype=9p rootflags=version=9p2000.L,trans=virtio,access=any raid=noautodetect ro init=/usr/lib/python3/dist-packages/virtme/guest/virtme-init
[    0.000000] BIOS-provided physical RAM map:
[    0.000000] BIOS-e820: [mem 0x0000000000000000-0x000000000009fbff] usable
[    0.000000] BIOS-e820: [mem 0x000000000009fc00-0x000000000009ffff] reserved
[    0.000000] BIOS-e820: [mem 0x00000000000f0000-0x00000000000fffff] reserved
[    0.000000] BIOS-e820: [mem 0x0000000000100000-0x000000003ffdffff] usable
[    0.000000] BIOS-e820: [mem 0x000000003ffe0000-0x000000003fffffff] reserved
[    0.000000] BIOS-e820: [mem 0x00000000feffc000-0x00000000feffffff] reserved
[    0.000000] BIOS-e820: [mem 0x00000000fffc0000-0x00000000ffffffff] reserved
[    0.000000] BIOS-e820: [mem 0x000000fd00000000-0x000000ffffffffff] reserved
[    0.000000] printk: legacy bootconsole [earlyser0] enabled
[    0.000000] NX (Execute Disable) protection: active
[    0.000000] APIC: Static calls initialized
[    0.000000] SMBIOS 3.0.0 present.
[    0.000000] DMI: QEMU Ubuntu 24.04 PC (i440FX + PIIX, 1996), BIOS 1.16.3-debian-1.16.3-2 04/01/2014
[    0.000000] DMI: Memory slots populated: 1/1
[    0.000000] Hypervisor detected: KVM
[    0.000000] kvm-clock: Using msrs 4b564d01 and 4b564d00
[    0.000000] kvm-clock: using sched offset of 233569226 cycles
[    0.000354] clocksource: kvm-clock: mask: 0xffffffffffffffff max_cycles: 0x1cd42e4dffb, max_idle_ns: 881590591483 ns
[    0.001449] tsc: Detected 4491.540 MHz processor
[    0.002092] last_pfn = 0x3ffe0 max_arch_pfn = 0x400000000
[    0.002477] MTRR map: 4 entries (3 fixed + 1 variable; max 19), built from 8 variable MTRRs
[    0.003038] x86/PAT: Configuration [0-7]: WB  WC  UC- UC  WB  WP  UC- WT  
[    0.004887] found SMP MP-table at [mem 0x000f5470-0x000f547f]
[    0.005281] Using GB pages for direct mapping
[    0.005719] ACPI: Early table checksum verification disabled
[    0.006103] ACPI: RSDP 0x00000000000F5290 000014 (v00 BOCHS )
[    0.006490] ACPI: RSDT 0x000000003FFE27BC 000034 (v01 BOCHS  BXPC     00000001 BXPC 00000001)
[    0.007066] ACPI: FACP 0x000000003FFE2578 000074 (v01 BOCHS  BXPC     00000001 BXPC 00000001)
[    0.007644] ACPI: DSDT 0x000000003FFE0040 002538 (v01 BOCHS  BXPC     00000001 BXPC 00000001)
[    0.008222] ACPI: FACS 0x000000003FFE0000 000040
[    0.008535] ACPI: APIC 0x000000003FFE25EC 000170 (v03 BOCHS  BXPC     00000001 BXPC 00000001)
[    0.009118] ACPI: HPET 0x000000003FFE275C 000038 (v01 BOCHS  BXPC     00000001 BXPC 00000001)
[    0.009690] ACPI: WAET 0x000000003FFE2794 000028 (v01 BOCHS  BXPC     00000001 BXPC 00000001)
[    0.010274] ACPI: Reserving FACP table memory at [mem 0x3ffe2578-0x3ffe25eb]
[    0.010746] ACPI: Reserving DSDT table memory at [mem 0x3ffe0040-0x3ffe2577]
[    0.011219] ACPI: Reserving FACS table memory at [mem 0x3ffe0000-0x3ffe003f]
[    0.011689] ACPI: Reserving APIC table memory at [mem 0x3ffe25ec-0x3ffe275b]
[    0.012162] ACPI: Reserving HPET table memory at [mem 0x3ffe275c-0x3ffe2793]
[    0.012632] ACPI: Reserving WAET table memory at [mem 0x3ffe2794-0x3ffe27bb]
[    0.013290] No NUMA configuration found
[    0.013547] Faking a node at [mem 0x0000000000000000-0x000000003ffdffff]
[    0.013997] NODE_DATA(0) allocated [mem 0x3ffdb600-0x3ffdffff]
[    0.014405] Zone ranges:
[    0.014575]   DMA      [mem 0x0000000000001000-0x0000000000ffffff]
[    0.014991]   DMA32    [mem 0x0000000001000000-0x000000003ffdffff]
[    0.015407]   Normal   empty
[    0.015600]   Device   empty
[    0.015793] Movable zone start for each node
[    0.016080] Early memory node ranges
[    0.016319]   node   0: [mem 0x0000000000001000-0x000000000009efff]
[    0.016738]   node   0: [mem 0x0000000000100000-0x000000003ffdffff]
[    0.017160] Initmem setup node 0 [mem 0x0000000000001000-0x000000003ffdffff]
[    0.017635] On node 0, zone DMA: 1 pages in unavailable ranges
[    0.018083] On node 0, zone DMA: 97 pages in unavailable ranges
[    0.022510] On node 0, zone DMA32: 32 pages in unavailable ranges
[    0.031570] kasan: KernelAddressSanitizer initialized
[    0.032135] ACPI: PM-Timer IO Port: 0x608
[    0.032417] ACPI: LAPIC_NMI (acpi_id[0xff] dfl dfl lint[0x1])
[    0.032824] IOAPIC[0]: apic_id 0, version 17, address 0xfec00000, GSI 0-23
[    0.033289] ACPI: INT_SRC_OVR (bus 0 bus_irq 0 global_irq 2 dfl dfl)
[    0.033716] ACPI: INT_SRC_OVR (bus 0 bus_irq 5 global_irq 5 high level)
[    0.034166] ACPI: INT_SRC_OVR (bus 0 bus_irq 9 global_irq 9 high level)
[    0.034607] ACPI: INT_SRC_OVR (bus 0 bus_irq 10 global_irq 10 high level)
[    0.035059] ACPI: INT_SRC_OVR (bus 0 bus_irq 11 global_irq 11 high level)
[    0.035515] ACPI: Using ACPI (MADT) for SMP configuration information
[    0.035945] ACPI: HPET id: 0x8086a201 base: 0xfed00000
[    0.036293] TSC deadline timer available
[    0.036564] CPU topo: Max. logical packages:   1
[    0.036872] CPU topo: Max. logical dies:       1
[    0.037183] CPU topo: Max. dies per package:   1
[    0.037493] CPU topo: Max. threads per core:   1
[    0.037802] CPU topo: Num. cores per package:    32
[    0.038130] CPU topo: Num. threads per package:  32
[    0.038456] CPU topo: Allowing 32 present CPUs plus 0 hotplug CPUs
[    0.038883] kvm-guest: APIC: eoi() replaced with kvm_guest_apic_eoi_write()
[    0.039362] kvm-guest: KVM setup pv remote TLB flush
[    0.039695] kvm-guest: setup PV sched yield
[    0.039980] PM: hibernation: Registered nosave memory: [mem 0x00000000-0x00000fff]
[    0.040487] PM: hibernation: Registered nosave memory: [mem 0x0009f000-0x000fffff]
[    0.040993] [mem 0x40000000-0xfeffbfff] available for PCI devices
[    0.041403] Booting paravirtualized kernel on KVM
[    0.041718] clocksource: refined-jiffies: mask: 0xffffffff max_cycles: 0xffffffff, max_idle_ns: 1910969940391419 ns
[    0.050190] setup_percpu: NR_CPUS:64 nr_cpumask_bits:32 nr_cpu_ids:32 nr_node_ids:1
[    0.051900] percpu: Embedded 65 pages/cpu s228056 r8192 d29992 u524288
[    0.052408] Kernel command line: virtme_hostname=virtme-ng nr_open=1048576 virtme_link_mods=/nipa-data/kernel/.virtme_mods/lib/modules/0.0.0 virtme_initmount0=nipa-data/kernel virtme_rw_overlay0=/etc virtme_rw_overlay1=/lib virtme_rw_overlay2=/home virtme_rw_overlay3=/opt virtme_rw_overlay4=/srv virtme_rw_overlay5=/usr virtme_rw_overlay6=/var console=hvc0 earlyprintk=serial,ttyS0,115200 virtme_console=ttyS0 psmouse.proto=exps TERM=xterm virtme_chdir=nipa-data/kernel virtme_root_user=1 rootfstype=9p rootflags=version=9p2000.L,trans=virtio,access=any raid=noautodetect ro init=/usr/lib/python3/dist-packages/virtme/guest/virtme-init
[    0.056382] Unknown kernel command line parameters "virtme_hostname=virtme-ng nr_open=1048576 virtme_link_mods=/nipa-data/kernel/.virtme_mods/lib/modules/0.0.0 virtme_initmount0=nipa-data/kernel virtme_rw_overlay0=/etc virtme_rw_overlay1=/lib virtme_rw_overlay2=/home virtme_rw_overlay3=/opt virtme_rw_overlay4=/srv virtme_rw_overlay5=/usr virtme_rw_overlay6=/var virtme_console=ttyS0 virtme_chdir=nipa-data/kernel virtme_root_user=1", will be passed to user space.
[    0.059388] random: crng init done
[    0.059623] printk: log buffer data + meta data: 262144 + 917504 = 1179648 bytes
[    0.060153] Dentry cache hash table entries: 131072 (order: 8, 1048576 bytes, linear)
[    0.060703] Inode-cache hash table entries: 65536 (order: 7, 524288 bytes, linear)
[    0.061627] Fallback order for Node 0: 0 
[    0.061631] Built 1 zonelists, mobility grouping on.  Total pages: 262014
[    0.062383] Policy zone: DMA32
[    0.062593] mem auto-init: stack:all(zero), heap alloc:off, heap free:off
[    0.063059] stackdepot: allocating hash table via alloc_large_system_hash
[    0.063527] stackdepot hash table entries: 1048576 (order: 12, 16777216 bytes, linear)
[    0.071392] SLUB: HWalign=64, Order=0-3, MinObjects=0, CPUs=32, Nodes=1
Poking KASLR using RDRAND RDTSC...
[    0.080991] ftrace: allocating 48942 entries in 192 pages
[    0.081388] ftrace: allocated 192 pages with 2 groups
[    0.082639] Dynamic Preempt: voluntary
[    0.083383] rcu: Preemptible hierarchical RCU implementation.
[    0.083794] rcu: RCU event tracing is enabled.
[    0.084120] rcu: RCU restricting CPUs from NR_CPUS=64 to nr_cpu_ids=32.
[    0.084598] Trampoline variant of Tasks RCU enabled.
[    0.084958] Rude variant of Tasks RCU enabled.
[    0.085284] Tracing variant of Tasks RCU enabled.
[    0.085625] rcu: RCU calculated value of scheduler-enlistment delay is 100 jiffies.
[    0.086173] rcu: Adjusting geometry for rcu_fanout_leaf=16, nr_cpu_ids=32
[    0.086727] RCU Tasks: Setting shift to 5 and lim to 1 rcu_task_cb_adjust=1 rcu_task_cpu_ids=32.
[    0.087359] RCU Tasks Rude: Setting shift to 5 and lim to 1 rcu_task_cb_adjust=1 rcu_task_cpu_ids=32.
[    0.088017] RCU Tasks Trace: Setting shift to 5 and lim to 1 rcu_task_cb_adjust=1 rcu_task_cpu_ids=32.
[    0.098141] NR_IRQS: 4352, nr_irqs: 680, preallocated irqs: 16
[    0.098808] rcu: srcu_init: Setting srcu_struct sizes based on contention.
[    0.099700] Console: colour *CGA 80x25
[    0.099994] ACPI: Core revision 20240827
[    0.100430] clocksource: hpet: mask: 0xffffffff max_cycles: 0xffffffff, max_idle_ns: 19112604467 ns
[    0.101141] APIC: Switch to symmetric I/O mode setup
[    0.101634] x2apic enabled
[    0.102010] APIC: Switched APIC routing to: physical x2apic
[    0.102414] kvm-guest: APIC: send_IPI_mask() replaced with kvm_send_ipi_mask()
[    0.102926] kvm-guest: APIC: send_IPI_mask_allbutself() replaced with kvm_send_ipi_mask_allbutself()
[    0.103559] kvm-guest: setup PV IPIs
[    0.104636] ..TIMER: vector=0x30 apic1=0 pin1=2 apic2=-1 pin2=-1
[    0.105418] clocksource: tsc-early: mask: 0xffffffffffffffff max_cycles: 0x40be2faf0ae, max_idle_ns: 440795257074 ns
[    0.106745] Calibrating delay loop (skipped) preset value.. 8983.08 BogoMIPS (lpj=4491540)
[    0.107809] x86/cpu: User Mode Instruction Prevention (UMIP) activated
[    0.108803] Last level iTLB entries: 4KB 512, 2MB 255, 4MB 127
[    0.109744] Last level dTLB entries: 4KB 512, 2MB 255, 4MB 127, 1GB 0
[    0.110748] Spectre V1 : Mitigation: usercopy/swapgs barriers and __user pointer sanitization
[    0.111748] Spectre V2 : Mitigation: Enhanced / Automatic IBRS
[    0.112478] Spectre V2 : mitigation: Enabling conditional Indirect Branch Prediction Barrier
[    0.112746] Speculative Store Bypass: Mitigation: Speculative Store Bypass disabled via prctl
[    0.113744] Speculative Return Stack Overflow: IBPB-extending microcode not applied!
[    0.114744] Speculative Return Stack Overflow: WARNING: See https://kernel.org/doc/html/latest/admin-guide/hw-vuln/srso.html for mitigation options.
[    0.114746] Speculative Return Stack Overflow: Vulnerable: Safe RET, no microcode
[    0.116759] x86/fpu: Supporting XSAVE feature 0x001: 'x87 floating point registers'
[    0.117744] x86/fpu: Supporting XSAVE feature 0x002: 'SSE registers'
[    0.118744] x86/fpu: Supporting XSAVE feature 0x004: 'AVX registers'
[    0.119744] x86/fpu: Supporting XSAVE feature 0x020: 'AVX-512 opmask'
[    0.120744] x86/fpu: Supporting XSAVE feature 0x040: 'AVX-512 Hi256'
[    0.121522] x86/fpu: Supporting XSAVE feature 0x080: 'AVX-512 ZMM_Hi256'
[    0.121744] x86/fpu: Supporting XSAVE feature 0x200: 'Protection Keys User registers'
[    0.122744] x86/fpu: xstate_offset[2]:  576, xstate_sizes[2]:  256
[    0.123744] x86/fpu: xstate_offset[5]:  832, xstate_sizes[5]:   64
[    0.124744] x86/fpu: xstate_offset[6]:  896, xstate_sizes[6]:  512
[    0.125744] x86/fpu: xstate_offset[7]: 1408, xstate_sizes[7]: 1024
[    0.126501] x86/fpu: xstate_offset[9]: 2432, xstate_sizes[9]:    8
[    0.126744] x86/fpu: Enabled xstate features 0x2e7, context size is 2440 bytes, using 'compacted' format.
[    0.150029] Freeing SMP alternatives memory: 40K
[    0.150610] pid_max: default: 32768 minimum: 301
[    0.150873] Mount-cache hash table entries: 2048 (order: 2, 16384 bytes, linear)
[    0.151745] Mountpoint-cache hash table entries: 2048 (order: 2, 16384 bytes, linear)
[    0.153929] smpboot: CPU0: AMD Ryzen 9 7950X 16-Core Processor (family: 0x19, model: 0x61, stepping: 0x2)
[    0.155196] Performance Events: Fam17h+ core perfctr, AMD PMU driver.
[    0.155747] ... version:                0
[    0.156246] ... bit width:              48
[    0.156745] ... generic registers:      6
[    0.157244] ... value mask:             0000ffffffffffff
[    0.157745] ... max period:             00007fffffffffff
[    0.158403] ... fixed-purpose events:   0
[    0.158745] ... event mask:             000000000000003f
[    0.159551] signal: max sigframe size: 3376
[    0.159792] rcu: Hierarchical SRCU implementation.
[    0.160388] rcu: Max phase no-delay instances is 400.
[    0.160831] Timer migration: 2 hierarchy levels; 8 children per group; 2 crossnode level
[    0.165754] smp: Bringing up secondary CPUs ...
[    0.166512] smpboot: x86: Booting SMP configuration:
[    0.166749] .... node  #0, CPUs:        #1  #2  #3  #4  #5  #6  #7  #8  #9 #10 #11 #12 #13 #14 #15 #16 #17 #18 #19 #20 #21 #22 #23 #24 #25 #26 #27 #28 #29 #30 #31
[    0.198869] smp: Brought up 1 node, 32 CPUs
[    0.200278] smpboot: Total of 32 processors activated (287458.56 BogoMIPS)
[    0.204780] Memory: 761592K/1048056K available (44816K kernel code, 11587K rwdata, 10272K rodata, 6156K init, 1324K bss, 270684K reserved, 0K cma-reserved)
[    0.205875] devtmpfs: initialized
[    0.206765] x86/mm: Memory block size: 128MB
[    0.213995] clocksource: jiffies: mask: 0xffffffff max_cycles: 0xffffffff, max_idle_ns: 1911260446275000 ns
[    0.214748] posixtimers hash table entries: 16384 (order: 6, 262144 bytes, linear)
[    0.215720] futex hash table entries: 8192 (order: 7, 524288 bytes, linear)
[    0.216138] PM: RTC time: 21:27:26, date: 2025-05-05
[    0.217516] NET: Registered PF_NETLINK/PF_ROUTE protocol family
[    0.218649] thermal_sys: Registered thermal governor 'step_wise'
[    0.218680] cpuidle: using governor menu
[    0.220483] PCI: Using configuration type 1 for base access
[    0.220746] PCI: Using configuration type 1 for extended access
[    0.221633] kprobes: kprobe jump-optimization is enabled. All kprobes are optimized if possible.
[    0.233976] HugeTLB: allocation took 0ms with hugepage_allocation_threads=8
[    0.234780] HugeTLB: registered 1.00 GiB page size, pre-allocated 0 pages
[    0.235619] HugeTLB: 16380 KiB vmemmap can be freed for a 1.00 GiB page
[    0.236746] HugeTLB: registered 2.00 MiB page size, pre-allocated 0 pages
[    0.237582] HugeTLB: 28 KiB vmemmap can be freed for a 2.00 MiB page
[    0.239118] ACPI: Added _OSI(Module Device)
[    0.239118] ACPI: Added _OSI(Processor Device)
[    0.239293] ACPI: Added _OSI(3.0 _SCP Extensions)
[    0.240746] ACPI: Added _OSI(Processor Aggregator Device)
[    0.265908] ACPI: 1 ACPI AML tables successfully acquired and loaded
[    0.270789] ACPI: Interpreter enabled
[    0.271305] ACPI: PM: (supports S0 S3 S4 S5)
[    0.271746] ACPI: Using IOAPIC for interrupt routing
[    0.272402] PCI: Using host bridge windows from ACPI; if necessary, use "pci=nocrs" and report a bug
[    0.273746] PCI: Using E820 reservations for host bridge windows
[    0.275601] ACPI: Enabled 2 GPEs in block 00 to 0F
[    0.325183] ACPI: PCI Root Bridge [PCI0] (domain 0000 [bus 00-ff])
[    0.325760] acpi PNP0A03:00: _OSC: OS supports [ExtendedConfig ASPM ClockPM Segments MSI HPX-Type3]
[    0.328262] PCI host bridge to bus 0000:00
[    0.328803] pci_bus 0000:00: root bus resource [io  0x0000-0x0cf7 window]
[    0.329639] pci_bus 0000:00: root bus resource [io  0x0d00-0xffff window]
[    0.329748] pci_bus 0000:00: root bus resource [mem 0x000a0000-0x000bffff window]
[    0.330673] pci_bus 0000:00: root bus resource [mem 0x40000000-0xfebfffff window]
[    0.331748] pci_bus 0000:00: root bus resource [mem 0x100000000-0x17fffffff window]
[    0.332698] pci_bus 0000:00: root bus resource [bus 00-ff]
[    0.333848] pci 0000:00:00.0: [8086:1237] type 00 class 0x060000 conventional PCI endpoint
[    0.335669] pci 0000:00:01.0: [8086:7000] type 00 class 0x060100 conventional PCI endpoint
[    0.337654] pci 0000:00:01.1: [8086:7010] type 00 class 0x010180 conventional PCI endpoint
[    0.339186] pci 0000:00:01.1: BAR 4 [io  0xc0c0-0xc0cf]
[    0.339765] pci 0000:00:01.1: BAR 0 [io  0x01f0-0x01f7]: legacy IDE quirk
[    0.340599] pci 0000:00:01.1: BAR 1 [io  0x03f6]: legacy IDE quirk
[    0.341746] pci 0000:00:01.1: BAR 2 [io  0x0170-0x0177]: legacy IDE quirk
[    0.342582] pci 0000:00:01.1: BAR 3 [io  0x0376]: legacy IDE quirk
[    0.343465] pci 0000:00:01.3: [8086:7113] type 00 class 0x068000 conventional PCI endpoint
[    0.344973] pci 0000:00:01.3: quirk: [io  0x0600-0x063f] claimed by PIIX4 ACPI
[    0.345750] pci 0000:00:01.3: quirk: [io  0x0700-0x070f] claimed by PIIX4 SMB
[    0.347409] pci 0000:00:02.0: [1af4:1009] type 00 class 0x000200 conventional PCI endpoint
[    0.349750] pci 0000:00:02.0: BAR 0 [io  0xc000-0xc03f]
[    0.350401] pci 0000:00:02.0: BAR 1 [mem 0xfebfc000-0xfebfcfff]
[    0.350761] pci 0000:00:02.0: BAR 4 [mem 0xfebf0000-0xfebf3fff 64bit pref]
[    0.363654] pci 0000:00:03.0: [1af4:1009] type 00 class 0x000200 conventional PCI endpoint
[    0.365750] pci 0000:00:03.0: BAR 0 [io  0xc040-0xc07f]
[    0.366403] pci 0000:00:03.0: BAR 1 [mem 0xfebfd000-0xfebfdfff]
[    0.366761] pci 0000:00:03.0: BAR 4 [mem 0xfebf4000-0xfebf7fff 64bit pref]
[    0.380681] pci 0000:00:04.0: [8086:25ab] type 00 class 0x088000 conventional PCI endpoint
[    0.382104] pci 0000:00:04.0: BAR 0 [mem 0xfebfe000-0xfebfe00f]
[    0.394616] pci 0000:00:05.0: [1af4:1003] type 00 class 0x078000 conventional PCI endpoint
[    0.396497] pci 0000:00:05.0: BAR 0 [io  0xc080-0xc0bf]
[    0.396750] pci 0000:00:05.0: BAR 1 [mem 0xfebff000-0xfebfffff]
[    0.397496] pci 0000:00:05.0: BAR 4 [mem 0xfebf8000-0xfebfbfff 64bit pref]
[    0.413376] ACPI: PCI: Interrupt link LNKA configured for IRQ 10
[    0.414732] ACPI: PCI: Interrupt link LNKB configured for IRQ 10
[    0.416710] ACPI: PCI: Interrupt link LNKC configured for IRQ 11
[    0.417707] ACPI: PCI: Interrupt link LNKD configured for IRQ 11
[    0.419147] ACPI: PCI: Interrupt link LNKS configured for IRQ 9
[    0.439167] iommu: Default domain type: Translated
[    0.439746] iommu: DMA domain TLB invalidation policy: lazy mode
[    0.440976] SCSI subsystem initialized
[    0.441812] pps_core: LinuxPPS API ver. 1 registered
[    0.442426] pps_core: Software ver. 5.3.6 - Copyright 2005-2007 Rodolfo Giometti <giometti@linux.it>
[    0.443762] PTP clock support registered
[    0.444874] Advanced Linux Sound Architecture Driver Initialized.
[    0.446891] NET: Registered PF_ATMPVC protocol family
[    0.447518] NET: Registered PF_ATMSVC protocol family
[    0.447784] PCI: Using ACPI for IRQ routing
[    0.448780] vgaarb: loaded
[    0.448873] hpet0: at MMIO 0xfed00000, IRQs 2, 8, 0
[    0.449480] hpet0: 3 comparators, 64-bit 100.000000 MHz counter
[    0.453880] clocksource: Switched to clocksource kvm-clock
[    0.458685] VFS: Disk quotas dquot_6.6.0
[    0.459183] VFS: Dquot-cache hash table entries: 512 (order 0, 4096 bytes)
[    0.460814] pnp: PnP ACPI init
[    0.464871] pnp: PnP ACPI: found 5 devices
[    0.476833] clocksource: acpi_pm: mask: 0xffffff max_cycles: 0xffffff, max_idle_ns: 2085701024 ns
[    0.478017] NET: Registered PF_INET protocol family
[    0.478688] IP idents hash table entries: 16384 (order: 5, 131072 bytes, linear)
[    0.480101] tcp_listen_portaddr_hash hash table entries: 512 (order: 1, 8192 bytes, linear)
[    0.481155] Table-perturb hash table entries: 65536 (order: 6, 262144 bytes, linear)
[    0.482371] TCP established hash table entries: 8192 (order: 4, 65536 bytes, linear)
[    0.483351] TCP bind hash table entries: 8192 (order: 6, 262144 bytes, linear)
[    0.484268] TCP: Hash tables configured (established 8192 bind 8192)
[    0.485241] UDP hash table entries: 512 (order: 3, 32768 bytes, linear)
[    0.486074] UDP-Lite hash table entries: 512 (order: 3, 32768 bytes, linear)
[    0.487183] NET: Registered PF_UNIX/PF_LOCAL protocol family
[    0.487917] pci_bus 0000:00: resource 4 [io  0x0000-0x0cf7 window]
[    0.488692] pci_bus 0000:00: resource 5 [io  0x0d00-0xffff window]
[    0.489465] pci_bus 0000:00: resource 6 [mem 0x000a0000-0x000bffff window]
[    0.490320] pci_bus 0000:00: resource 7 [mem 0x40000000-0xfebfffff window]
[    0.491178] pci_bus 0000:00: resource 8 [mem 0x100000000-0x17fffffff window]
[    0.492283] pci 0000:00:01.0: PIIX3: Enabling Passive Release
[    0.493011] pci 0000:00:00.0: Limiting direct PCI/PCI transfers
[    0.493798] PCI: CLS 0 bytes, default 64
[    0.494411] kvm_intel: VMX not supported by CPU 0
[    0.495159] kvm_amd: TSC scaling supported
[    0.495685] kvm_amd: Nested Virtualization enabled
[    0.496285] kvm_amd: Nested Paging enabled
[    0.496803] kvm_amd: LBR virtualization supported
[    0.497401] kvm_amd: Virtual GIF supported
[    0.497915] kvm_amd: Virtual NMI enabled
[    0.539163] clocksource: tsc: mask: 0xffffffffffffffff max_cycles: 0x40be2faf0ae, max_idle_ns: 440795257074 ns
[    0.556977] Initialise system trusted keyrings
[    0.557689] workingset: timestamp_bits=56 max_order=18 bucket_order=0
[    0.558630] squashfs: version 4.0 (2009/01/31) Phillip Lougher
[    0.559391] fuse: init (API version 7.43)
[    0.560034] 9p: Installing v9fs 9p2000 file system support
[    0.569863] Key type asymmetric registered
[    0.570388] Asymmetric key parser 'x509' registered
[    0.571075] Block layer SCSI generic (bsg) driver version 0.4 loaded (major 249)
[    0.572063] io scheduler mq-deadline registered
[    0.572645] io scheduler kyber registered
[    0.574914] input: Power Button as /devices/LNXSYSTM:00/LNXPWRBN:00/input/input0
[    0.576081] ACPI: button: Power Button [PWRF]
[    0.578042] Warning: Processor Platform Limit event detected, but not handled.
[    0.578962] Consider compiling CPUfreq support into your kernel.
[    1.493704] ACPI: \_SB_.LNKB: Enabled at IRQ 10
[    2.402003] ACPI: \_SB_.LNKC: Enabled at IRQ 11
[    3.307148] ACPI: \_SB_.LNKA: Enabled at IRQ 10
[    3.308578] Serial: 8250/16550 driver, 4 ports, IRQ sharing enabled
[    3.309707] 00:03: ttyS0 at I/O 0x3f8 (irq = 4, base_baud = 115200) is a 16550A
[    3.324943] Non-volatile memory driver v1.3
[    3.325492] Linux agpgart interface v0.103
[    3.326237] ACPI: bus type drm_connector registered
[    3.326869] printk: legacy console [hvc0] enabled
[    3.327477] printk: legacy bootconsole [earlyser0] disabled
          _      _                                    
   __   _(_)_ __| |_ _ __ ___   ___       _ __   __ _ 
   \ \ / / |  __| __|  _   _ \ / _ \_____|  _ \ / _  |
    \ V /| | |  | |_| | | | | |  __/_____| | | | (_| |
     \_/ |_|_|   \__|_| |_| |_|\___|     |_| |_|\__  |
                                                |___/ 
   kernel version: 6.15.0-rc4-virtme x86_64
   (CTRL+d to exit)

root@virtme-ng:/nipa-data/kernel# PS1='xx__-> '
xx__-> env
PWD=/nipa-data/kernel
nr_open=1048576
HOME=/
TERM=xterm
SHLVL=2
XDG_RUNTIME_DIR=/run/user/0
PATH=/bin:/sbin:/usr/bin:/usr/sbin:/usr/local/bin
OLDPWD=/
_=/bin/env
xx__-> 