No EFI environment detected.
early console in extract_kernel
input_data: 0x0000000004b132b9
input_len: 0x00000000017be79e
output: 0x0000000001000000
output_len: 0x000000000525e608
kernel_total_size: 0x0000000004e30000
needed_size: 0x0000000005400000
trampoline_32bit: 0x0000000000000000
Physical KASLR using RDRAND RDTSC...
Virtual KASLR using RDRAND RDTSC...

Decompressing Linux... Parsing ELF... Performing relocations... done.
Booting the kernel (entry_offset: 0x0000000000000000).
[    0.000000] Linux version 6.8.0-rc5-virtme (root@7ca7cfd90063) (gcc (Alpine 13.2.1_git20231014) 13.2.1 20231014, GNU ld (GNU Binutils) 2.42) #1 SMP PREEMPT_DYNAMIC Tue Feb 27 12:26:48 UTC 2024
[    0.000000] Command line: virtme_hostname=virtme-ng virtme_link_mods=/nipa-data/kernel/.virtme_mods/lib/modules/0.0.0 virtme_initmount0=nipa-data/kernel virtme_rw_overlay0=/etc virtme_rw_overlay1=/lib virtme_rw_overlay2=/home virtme_rw_overlay3=/opt virtme_rw_overlay4=/srv virtme_rw_overlay5=/usr virtme_rw_overlay6=/var earlyprintk=serial,ttyS0,115200 console=ttyS0 psmouse.proto=exps TERM=xterm virtme_chdir=nipa-data/kernel virtme_root_user=1 rootfstype=9p rootflags=version=9p2000.L,trans=virtio,access=any raid=noautodetect ro init=/usr/lib/python3.11/site-packages/virtme/guest/virtme-init
[    0.000000] BIOS-provided physical RAM map:
[    0.000000] BIOS-e820: [mem 0x0000000000000000-0x000000000009fbff] usable
[    0.000000] BIOS-e820: [mem 0x000000000009fc00-0x000000000009ffff] reserved
[    0.000000] BIOS-e820: [mem 0x00000000000f0000-0x00000000000fffff] reserved
[    0.000000] BIOS-e820: [mem 0x0000000000100000-0x000000003ffdffff] usable
[    0.000000] BIOS-e820: [mem 0x000000003ffe0000-0x000000003fffffff] reserved
[    0.000000] BIOS-e820: [mem 0x00000000feffc000-0x00000000feffffff] reserved
[    0.000000] BIOS-e820: [mem 0x00000000fffc0000-0x00000000ffffffff] reserved
[    0.000000] BIOS-e820: [mem 0x000000fd00000000-0x000000ffffffffff] reserved
[    0.000000] printk: legacy bootconsole [earlyser0] enabled
[    0.000000] NX (Execute Disable) protection: active
[    0.000000] APIC: Static calls initialized
[    0.000000] SMBIOS 3.0.0 present.
[    0.000000] DMI: QEMU Standard PC (i440FX + PIIX, 1996), BIOS rel-1.16.3-0-ga6ed6b701f0a-prebuilt.qemu.org 04/01/2014
[    0.000000] Hypervisor detected: KVM
[    0.000000] kvm-clock: Using msrs 4b564d01 and 4b564d00
[    0.000000] kvm-clock: using sched offset of 348194133 cycles
[    0.000395] clocksource: kvm-clock: mask: 0xffffffffffffffff max_cycles: 0x1cd42e4dffb, max_idle_ns: 881590591483 ns
[    0.001638] tsc: Detected 4491.536 MHz processor
[    0.002378] last_pfn = 0x3ffe0 max_arch_pfn = 0x400000000
[    0.002823] MTRR map: 4 entries (3 fixed + 1 variable; max 19), built from 8 variable MTRRs
[    0.003465] x86/PAT: Configuration [0-7]: WB  WC  UC- UC  WB  WP  UC- WT  
[    0.005541] found SMP MP-table at [mem 0x000f5470-0x000f547f]
[    0.005983] Using GB pages for direct mapping
[    0.006485] ACPI: Early table checksum verification disabled
[    0.006920] ACPI: RSDP 0x00000000000F5290 000014 (v00 BOCHS )
[    0.007358] ACPI: RSDT 0x000000003FFE27B6 000034 (v01 BOCHS  BXPC     00000001 BXPC 00000001)
[    0.008011] ACPI: FACP 0x000000003FFE2572 000074 (v01 BOCHS  BXPC     00000001 BXPC 00000001)
[    0.008666] ACPI: DSDT 0x000000003FFE0040 002532 (v01 BOCHS  BXPC     00000001 BXPC 00000001)
[    0.009313] ACPI: FACS 0x000000003FFE0000 000040
[    0.009670] ACPI: APIC 0x000000003FFE25E6 000170 (v03 BOCHS  BXPC     00000001 BXPC 00000001)
[    0.010315] ACPI: HPET 0x000000003FFE2756 000038 (v01 BOCHS  BXPC     00000001 BXPC 00000001)
[    0.010977] ACPI: WAET 0x000000003FFE278E 000028 (v01 BOCHS  BXPC     00000001 BXPC 00000001)
[    0.011626] ACPI: Reserving FACP table memory at [mem 0x3ffe2572-0x3ffe25e5]
[    0.012158] ACPI: Reserving DSDT table memory at [mem 0x3ffe0040-0x3ffe2571]
[    0.012702] ACPI: Reserving FACS table memory at [mem 0x3ffe0000-0x3ffe003f]
[    0.013234] ACPI: Reserving APIC table memory at [mem 0x3ffe25e6-0x3ffe2755]
[    0.013769] ACPI: Reserving HPET table memory at [mem 0x3ffe2756-0x3ffe278d]
[    0.014305] ACPI: Reserving WAET table memory at [mem 0x3ffe278e-0x3ffe27b5]
[    0.015065] No NUMA configuration found
[    0.015356] Faking a node at [mem 0x0000000000000000-0x000000003ffdffff]
[    0.015871] NODE_DATA(0) allocated [mem 0x3ffdb000-0x3ffdffff]
[    0.016330] Zone ranges:
[    0.016531]   DMA      [mem 0x0000000000001000-0x0000000000ffffff]
[    0.017000]   DMA32    [mem 0x0000000001000000-0x000000003ffdffff]
[    0.017478]   Normal   empty
[    0.017696]   Device   empty
[    0.017914] Movable zone start for each node
[    0.018237] Early memory node ranges
[    0.018513]   node   0: [mem 0x0000000000001000-0x000000000009efff]
[    0.018991]   node   0: [mem 0x0000000000100000-0x000000003ffdffff]
[    0.019473] Initmem setup node 0 [mem 0x0000000000001000-0x000000003ffdffff]
[    0.020013] On node 0, zone DMA: 1 pages in unavailable ranges
[    0.020529] On node 0, zone DMA: 97 pages in unavailable ranges
[    0.025263] On node 0, zone DMA32: 32 pages in unavailable ranges
[    0.034774] kasan: KernelAddressSanitizer initialized
[    0.035397] ACPI: PM-Timer IO Port: 0x608
[    0.035715] ACPI: LAPIC_NMI (acpi_id[0xff] dfl dfl lint[0x1])
[    0.036176] IOAPIC[0]: apic_id 0, version 17, address 0xfec00000, GSI 0-23
[    0.036705] ACPI: INT_SRC_OVR (bus 0 bus_irq 0 global_irq 2 dfl dfl)
[    0.037187] ACPI: INT_SRC_OVR (bus 0 bus_irq 5 global_irq 5 high level)
[    0.037696] ACPI: INT_SRC_OVR (bus 0 bus_irq 9 global_irq 9 high level)
[    0.038199] ACPI: INT_SRC_OVR (bus 0 bus_irq 10 global_irq 10 high level)
[    0.038721] ACPI: INT_SRC_OVR (bus 0 bus_irq 11 global_irq 11 high level)
[    0.039234] ACPI: Using ACPI (MADT) for SMP configuration information
[    0.039729] ACPI: HPET id: 0x8086a201 base: 0xfed00000
[    0.040119] TSC deadline timer available
[    0.040413] smpboot: Allowing 32 CPUs, 0 hotplug CPUs
[    0.040814] kvm-guest: APIC: eoi() replaced with kvm_guest_apic_eoi_write()
[    0.041354] kvm-guest: KVM setup pv remote TLB flush
[    0.041740] kvm-guest: setup PV sched yield
[    0.042065] PM: hibernation: Registered nosave memory: [mem 0x00000000-0x00000fff]
[    0.042642] PM: hibernation: Registered nosave memory: [mem 0x0009f000-0x0009ffff]
[    0.043217] PM: hibernation: Registered nosave memory: [mem 0x000a0000-0x000effff]
[    0.043792] PM: hibernation: Registered nosave memory: [mem 0x000f0000-0x000fffff]
[    0.044364] [mem 0x40000000-0xfeffbfff] available for PCI devices
[    0.044837] Booting paravirtualized kernel on KVM
[    0.045193] clocksource: refined-jiffies: mask: 0xffffffff max_cycles: 0xffffffff, max_idle_ns: 1910969940391419 ns
[    0.054142] setup_percpu: NR_CPUS:64 nr_cpumask_bits:32 nr_cpu_ids:32 nr_node_ids:1
[    0.055984] percpu: Embedded 68 pages/cpu s241448 r8192 d28888 u524288
[    0.056547] Kernel command line: virtme_hostname=virtme-ng virtme_link_mods=/nipa-data/kernel/.virtme_mods/lib/modules/0.0.0 virtme_initmount0=nipa-data/kernel virtme_rw_overlay0=/etc virtme_rw_overlay1=/lib virtme_rw_overlay2=/home virtme_rw_overlay3=/opt virtme_rw_overlay4=/srv virtme_rw_overlay5=/usr virtme_rw_overlay6=/var earlyprintk=serial,ttyS0,115200 console=ttyS0 psmouse.proto=exps TERM=xterm virtme_chdir=nipa-data/kernel virtme_root_user=1 rootfstype=9p rootflags=version=9p2000.L,trans=virtio,access=any raid=noautodetect ro init=/usr/lib/python3.11/site-packages/virtme/guest/virtme-init
[    0.060807] Unknown kernel command line parameters "virtme_hostname=virtme-ng virtme_link_mods=/nipa-data/kernel/.virtme_mods/lib/modules/0.0.0 virtme_initmount0=nipa-data/kernel virtme_rw_overlay0=/etc virtme_rw_overlay1=/lib virtme_rw_overlay2=/home virtme_rw_overlay3=/opt virtme_rw_overlay4=/srv virtme_rw_overlay5=/usr virtme_rw_overlay6=/var virtme_chdir=nipa-data/kernel virtme_root_user=1", will be passed to user space.
[    0.063959] random: crng init done
[    0.064327] Dentry cache hash table entries: 131072 (order: 8, 1048576 bytes, linear)
[    0.064953] Inode-cache hash table entries: 65536 (order: 7, 524288 bytes, linear)
[    0.065974] Fallback order for Node 0: 0 
[    0.065979] Built 1 zonelists, mobility grouping on.  Total pages: 257760
[    0.066833] Policy zone: DMA32
[    0.067071] mem auto-init: stack:all(zero), heap alloc:off, heap free:off
[    0.067608] stackdepot: allocating hash table via alloc_large_system_hash
[    0.068137] stackdepot hash table entries: 1048576 (order: 12, 16777216 bytes, linear)
[    0.076277] Memory: 781304K/1048056K available (43008K kernel code, 11322K rwdata, 9564K rodata, 5736K init, 2444K bss, 266496K reserved, 0K cma-reserved)
[    0.077810] SLUB: HWalign=64, Order=0-3, MinObjects=0, CPUs=32, Nodes=1
Poking KASLR using RDRAND RDTSC...
[    0.078640] ftrace: allocating 46465 entries in 182 pages
[    0.087531] ftrace: allocated 182 pages with 5 groups
[    0.088814] Dynamic Preempt: voluntary
[    0.089468] rcu: Preemptible hierarchical RCU implementation.
[    0.089917] rcu: RCU event tracing is enabled.
[    0.090272] rcu: RCU restricting CPUs from NR_CPUS=64 to nr_cpu_ids=32.
[    0.090802] Trampoline variant of Tasks RCU enabled.
[    0.091193] Rude variant of Tasks RCU enabled.
[    0.091559] Tracing variant of Tasks RCU enabled.
[    0.091930] rcu: RCU calculated value of scheduler-enlistment delay is 100 jiffies.
[    0.092542] rcu: Adjusting geometry for rcu_fanout_leaf=16, nr_cpu_ids=32
[    0.101824] NR_IRQS: 4352, nr_irqs: 680, preallocated irqs: 16
[    0.102525] rcu: srcu_init: Setting srcu_struct sizes based on contention.
[    0.103323] Console: colour *CGA 80x25
[    0.103640] printk: legacy console [ttyS0] enabled
[    0.103640] printk: legacy console [ttyS0] enabled
[    0.104383] printk: legacy bootconsole [earlyser0] disabled
[    0.104383] printk: legacy bootconsole [earlyser0] disabled
[    0.105280] ACPI: Core revision 20230628
[    0.105758] clocksource: hpet: mask: 0xffffffff max_cycles: 0xffffffff, max_idle_ns: 19112604467 ns
[    0.106540] APIC: Switch to symmetric I/O mode setup
[    0.106938] APIC: Switched APIC routing to: physical flat
[    0.107361] kvm-guest: APIC: send_IPI_mask() replaced with kvm_send_ipi_mask()
[    0.107921] kvm-guest: APIC: send_IPI_mask_allbutself() replaced with kvm_send_ipi_mask_allbutself()
[    0.108637] kvm-guest: setup PV IPIs
[    0.109835] ..TIMER: vector=0x30 apic1=0 pin1=2 apic2=-1 pin2=-1
[    0.110690] tsc: Marking TSC unstable due to TSCs unsynchronized
[    0.111510] Calibrating delay loop (skipped) preset value.. 8983.07 BogoMIPS (lpj=4491536)
[    0.112571] x86/cpu: User Mode Instruction Prevention (UMIP) activated
[    0.113568] Last level iTLB entries: 4KB 512, 2MB 255, 4MB 127
[    0.114365] Last level dTLB entries: 4KB 512, 2MB 255, 4MB 127, 1GB 0
[    0.114510] Spectre V1 : Mitigation: usercopy/swapgs barriers and __user pointer sanitization
[    0.115511] Spectre V2 : Mitigation: Enhanced / Automatic IBRS
[    0.116296] Spectre V2 : Spectre v2 / SpectreRSB mitigation: Filling RSB on context switch
[    0.116508] Spectre V2 : mitigation: Enabling conditional Indirect Branch Prediction Barrier
[    0.117508] Speculative Store Bypass: Mitigation: Speculative Store Bypass disabled via prctl
[    0.118506] Speculative Return Stack Overflow: IBPB-extending microcode not applied!
[    0.119506] Speculative Return Stack Overflow: WARNING: See https://kernel.org/doc/html/latest/admin-guide/hw-vuln/srso.html for mitigation options.
[    0.119507] Speculative Return Stack Overflow: Vulnerable: Safe RET, no microcode
[    0.121523] x86/fpu: Supporting XSAVE feature 0x001: 'x87 floating point registers'
[    0.122506] x86/fpu: Supporting XSAVE feature 0x002: 'SSE registers'
[    0.123506] x86/fpu: Supporting XSAVE feature 0x004: 'AVX registers'
[    0.124350] x86/fpu: Supporting XSAVE feature 0x020: 'AVX-512 opmask'
[    0.124506] x86/fpu: Supporting XSAVE feature 0x040: 'AVX-512 Hi256'
[    0.125506] x86/fpu: Supporting XSAVE feature 0x080: 'AVX-512 ZMM_Hi256'
[    0.126506] x86/fpu: Supporting XSAVE feature 0x200: 'Protection Keys User registers'
[    0.127506] x86/fpu: xstate_offset[2]:  576, xstate_sizes[2]:  256
[    0.128506] x86/fpu: xstate_offset[5]:  832, xstate_sizes[5]:   64
[    0.129506] x86/fpu: xstate_offset[6]:  896, xstate_sizes[6]:  512
[    0.130506] x86/fpu: xstate_offset[7]: 1408, xstate_sizes[7]: 1024
[    0.131325] x86/fpu: xstate_offset[9]: 2432, xstate_sizes[9]:    8
[    0.131506] x86/fpu: Enabled xstate features 0x2e7, context size is 2440 bytes, using 'compacted' format.
[    0.153813] Freeing SMP alternatives memory: 36K
[    0.154443] pid_max: default: 32768 minimum: 301
[    0.154660] Mount-cache hash table entries: 2048 (order: 2, 16384 bytes, linear)
[    0.155508] Mountpoint-cache hash table entries: 2048 (order: 2, 16384 bytes, linear)
[    0.157964] smpboot: CPU0: AMD Ryzen 9 7950X 16-Core Processor (family: 0x19, model: 0x61, stepping: 0x2)
[    0.158854] RCU Tasks: Setting shift to 5 and lim to 1 rcu_task_cb_adjust=1.
[    0.159535] RCU Tasks Rude: Setting shift to 5 and lim to 1 rcu_task_cb_adjust=1.
[    0.160535] RCU Tasks Trace: Setting shift to 5 and lim to 1 rcu_task_cb_adjust=1.
[    0.161538] Performance Events: Fam17h+ core perfctr, AMD PMU driver.
[    0.162428] ... version:                0
[    0.162508] ... bit width:              48
[    0.163061] ... generic registers:      6
[    0.163508] ... value mask:             0000ffffffffffff
[    0.164216] ... max period:             00007fffffffffff
[    0.164508] ... fixed-purpose events:   0
[    0.165043] ... event mask:             000000000000003f
[    0.165612] signal: max sigframe size: 3376
[    0.166229] rcu: Hierarchical SRCU implementation.
[    0.166508] rcu: Max phase no-delay instances is 400.
[    0.171520] smp: Bringing up secondary CPUs ...
[    0.172331] smpboot: x86: Booting SMP configuration:
[    0.172511] .... node  #0, CPUs:        #1  #2  #3  #4  #5  #6  #7  #8  #9 #10 #11 #12 #13 #14 #15 #16 #17 #18 #19 #20 #21 #22 #23 #24 #25 #26 #27 #28 #29 #30 #31
[    0.201693] smp: Brought up 1 node, 32 CPUs
[    0.203220] smpboot: Max logical packages: 1
[    0.203509] smpboot: Total of 32 processors activated (287458.30 BogoMIPS)
[    0.210768] devtmpfs: initialized
[    0.211697] x86/mm: Memory block size: 128MB
[    0.221005] clocksource: jiffies: mask: 0xffffffff max_cycles: 0xffffffff, max_idle_ns: 1911260446275000 ns
[    0.221515] futex hash table entries: 8192 (order: 7, 524288 bytes, linear)
[    0.222948] PM: RTC time: 12:27:23, date: 2024-02-27
[    0.224562] NET: Registered PF_NETLINK/PF_ROUTE protocol family
[    0.226611] thermal_sys: Registered thermal governor 'step_wise'
[    0.226614] thermal_sys: Registered thermal governor 'user_space'
[    0.227588] cpuidle: using governor menu
[    0.231294] PCI: Using configuration type 1 for base access
[    0.231509] PCI: Using configuration type 1 for extended access
[    0.232677] kprobes: kprobe jump-optimization is enabled. All kprobes are optimized if possible.
[    0.239812] HugeTLB: registered 1.00 GiB page size, pre-allocated 0 pages
[    0.240509] HugeTLB: 16380 KiB vmemmap can be freed for a 1.00 GiB page
[    0.242509] HugeTLB: registered 2.00 MiB page size, pre-allocated 0 pages
[    0.243508] HugeTLB: 28 KiB vmemmap can be freed for a 2.00 MiB page
[    0.245650] ACPI: Added _OSI(Module Device)
[    0.246371] ACPI: Added _OSI(Processor Device)
[    0.246509] ACPI: Added _OSI(3.0 _SCP Extensions)
[    0.247303] ACPI: Added _OSI(Processor Aggregator Device)
[    0.281046] ACPI: 1 ACPI AML tables successfully acquired and loaded
[    0.284708] ACPI: _OSC evaluation for CPUs failed, trying _PDC
[    0.287801] ACPI: Interpreter enabled
[    0.288340] ACPI: PM: (supports S0 S3 S4 S5)
[    0.288508] ACPI: Using IOAPIC for interrupt routing
[    0.289211] PCI: Using host bridge windows from ACPI; if necessary, use "pci=nocrs" and report a bug
[    0.290508] PCI: Using E820 reservations for host bridge windows
[    0.292391] ACPI: Enabled 2 GPEs in block 00 to 0F
[    0.341815] ACPI: PCI Root Bridge [PCI0] (domain 0000 [bus 00-ff])
[    0.342523] acpi PNP0A03:00: _OSC: OS supports [ExtendedConfig ASPM ClockPM Segments MSI HPX-Type3]
[    0.345031] PCI host bridge to bus 0000:00
[    0.345512] pci_bus 0000:00: root bus resource [io  0x0000-0x0cf7 window]
[    0.346396] pci_bus 0000:00: root bus resource [io  0x0d00-0xffff window]
[    0.346513] pci_bus 0000:00: root bus resource [mem 0x000a0000-0x000bffff window]
[    0.347486] pci_bus 0000:00: root bus resource [mem 0x40000000-0xfebfffff window]
[    0.348513] pci_bus 0000:00: root bus resource [mem 0x100000000-0x17fffffff window]
[    0.349512] pci_bus 0000:00: root bus resource [bus 00-ff]
[    0.350381] pci 0000:00:00.0: [8086:1237] type 00 class 0x060000 conventional PCI endpoint
[    0.352391] pci 0000:00:01.0: [8086:7000] type 00 class 0x060100 conventional PCI endpoint
[    0.354438] pci 0000:00:01.1: [8086:7010] type 00 class 0x010180 conventional PCI endpoint
[    0.358509] pci 0000:00:01.1: BAR 4 [io  0xc080-0xc08f]
[    0.359973] pci 0000:00:01.1: BAR 0 [io  0x01f0-0x01f7]: legacy IDE quirk
[    0.360508] pci 0000:00:01.1: BAR 1 [io  0x03f6]: legacy IDE quirk
[    0.361320] pci 0000:00:01.1: BAR 2 [io  0x0170-0x0177]: legacy IDE quirk
[    0.362508] pci 0000:00:01.1: BAR 3 [io  0x0376]: legacy IDE quirk
[    0.364017] pci 0000:00:01.3: [8086:7113] type 00 class 0x068000 conventional PCI endpoint
[    0.364788] pci 0000:00:01.3: quirk: [io  0x0600-0x063f] claimed by PIIX4 ACPI
[    0.366513] pci 0000:00:01.3: quirk: [io  0x0700-0x070f] claimed by PIIX4 SMB
[    0.368203] pci 0000:00:02.0: [1af4:1009] type 00 class 0x000200 conventional PCI endpoint
[    0.370508] pci 0000:00:02.0: BAR 0 [io  0xc000-0xc03f]
[    0.373124] pci 0000:00:02.0: BAR 1 [mem 0xfebfd000-0xfebfdfff]
[    0.377508] pci 0000:00:02.0: BAR 4 [mem 0xfebf4000-0xfebf7fff 64bit pref]
[    0.392420] pci 0000:00:03.0: [1af4:1009] type 00 class 0x000200 conventional PCI endpoint
[    0.394508] pci 0000:00:03.0: BAR 0 [io  0xc040-0xc07f]
[    0.396178] pci 0000:00:03.0: BAR 1 [mem 0xfebfe000-0xfebfefff]
[    0.401132] pci 0000:00:03.0: BAR 4 [mem 0xfebf8000-0xfebfbfff 64bit pref]
[    0.415461] pci 0000:00:04.0: [8086:25ab] type 00 class 0x088000 conventional PCI endpoint
[    0.416913] pci 0000:00:04.0: BAR 0 [mem 0xfebff000-0xfebff00f]
[    0.434935] ACPI: PCI: Interrupt link LNKA configured for IRQ 10
[    0.437056] ACPI: PCI: Interrupt link LNKB configured for IRQ 10
[    0.438470] ACPI: PCI: Interrupt link LNKC configured for IRQ 11
[    0.440456] ACPI: PCI: Interrupt link LNKD configured for IRQ 11
[    0.441898] ACPI: PCI: Interrupt link LNKS configured for IRQ 9
[    0.461491] iommu: Default domain type: Translated
[    0.462508] iommu: DMA domain TLB invalidation policy: lazy mode
[    0.463783] SCSI subsystem initialized
[    0.464749] pps_core: LinuxPPS API ver. 1 registered
[    0.465410] pps_core: Software ver. 5.3.6 - Copyright 2005-2007 Rodolfo Giometti <giometti@linux.it>
[    0.466524] PTP clock support registered
[    0.467641] Advanced Linux Sound Architecture Driver Initialized.
[    0.468580] NET: Registered PF_ATMPVC protocol family
[    0.469240] NET: Registered PF_ATMSVC protocol family
[    0.470534] PCI: Using ACPI for IRQ routing
[    0.471561] vgaarb: loaded
[    0.471956] hpet0: at MMIO 0xfed00000, IRQs 2, 8, 0
[    0.473509] hpet0: 3 comparators, 64-bit 100.000000 MHz counter
[    0.480045] clocksource: Switched to clocksource kvm-clock
[    0.481257] VFS: Disk quotas dquot_6.6.0
[    0.481815] VFS: Dquot-cache hash table entries: 512 (order 0, 4096 bytes)
[    0.482907] pnp: PnP ACPI init
[    0.489812] pnp: PnP ACPI: found 5 devices
[    0.502325] clocksource: acpi_pm: mask: 0xffffff max_cycles: 0xffffff, max_idle_ns: 2085701024 ns
[    0.503617] NET: Registered PF_INET protocol family
[    0.504304] IP idents hash table entries: 16384 (order: 5, 131072 bytes, linear)
[    0.505722] tcp_listen_portaddr_hash hash table entries: 512 (order: 1, 8192 bytes, linear)
[    0.506835] Table-perturb hash table entries: 65536 (order: 6, 262144 bytes, linear)
[    0.507893] TCP established hash table entries: 8192 (order: 4, 65536 bytes, linear)
[    0.508994] TCP bind hash table entries: 8192 (order: 6, 262144 bytes, linear)
[    0.509943] TCP: Hash tables configured (established 8192 bind 8192)
[    0.510934] UDP hash table entries: 512 (order: 2, 16384 bytes, linear)
[    0.511805] UDP-Lite hash table entries: 512 (order: 2, 16384 bytes, linear)
[    0.512981] NET: Registered PF_UNIX/PF_LOCAL protocol family
[    0.513744] pci_bus 0000:00: resource 4 [io  0x0000-0x0cf7 window]
[    0.514576] pci_bus 0000:00: resource 5 [io  0x0d00-0xffff window]
[    0.515374] pci_bus 0000:00: resource 6 [mem 0x000a0000-0x000bffff window]
[    0.516278] pci_bus 0000:00: resource 7 [mem 0x40000000-0xfebfffff window]
[    0.517171] pci_bus 0000:00: resource 8 [mem 0x100000000-0x17fffffff window]
[    0.518326] pci 0000:00:01.0: PIIX3: Enabling Passive Release
[    0.519083] pci 0000:00:00.0: Limiting direct PCI/PCI transfers
[    0.519894] PCI: CLS 0 bytes, default 64
[    0.520601] kvm_intel: VMX not supported by CPU 9
[    0.521243] kvm_amd: TSC scaling supported
[    0.521789] kvm_amd: Nested Virtualization enabled
[    0.522444] kvm_amd: Nested Paging enabled
[    0.522991] kvm_amd: Virtual VMLOAD VMSAVE supported
[    0.523643] kvm_amd: Virtual GIF supported
[    0.524173] kvm_amd: Virtual NMI enabled
[    0.524686] kvm_amd: LBR virtualization supported
[    0.637557] workingset: timestamp_bits=56 max_order=18 bucket_order=0
[    0.638589] squashfs: version 4.0 (2009/01/31) Phillip Lougher
[    0.639538] fuse: init (API version 7.39)
[    0.640315] 9p: Installing v9fs 9p2000 file system support
[    0.641169] Key type asymmetric registered
[    0.641767] Block layer SCSI generic (bsg) driver version 0.4 loaded (major 249)
[    0.642765] io scheduler mq-deadline registered
[    0.643360] io scheduler kyber registered
[    0.645370] input: Power Button as /devices/LNXSYSTM:00/LNXPWRBN:00/input/input0
[    0.646892] ACPI: button: Power Button [PWRF]
[    0.647618] Warning: Processor Platform Limit event detected, but not handled.
[    0.648566] Consider compiling CPUfreq support into your kernel.
[    1.545192] ACPI: \_SB_.LNKB: Enabled at IRQ 10
[    2.429538] ACPI: \_SB_.LNKC: Enabled at IRQ 11
[    2.431646] Serial: 8250/16550 driver, 4 ports, IRQ sharing enabled
[    2.432894] 00:03: ttyS0 at I/O 0x3f8 (irq = 4, base_baud = 115200) is a 16550A
[    2.435682] Non-volatile memory driver v1.3
[    2.436304] Linux agpgart interface v0.103
[    2.437037] ACPI: bus type drm_connector registered
[    2.458657] loop: module loaded
[    2.461511] scsi host0: ata_piix
[    2.462645] scsi host1: ata_piix
[    2.463427] ata1: PATA max MWDMA2 cmd 0x1f0 ctl 0x3f6 bmdma 0xc080 irq 14 lpm-pol 0
[    2.464440] ata2: PATA max MWDMA2 cmd 0x170 ctl 0x376 bmdma 0xc088 irq 15 lpm-pol 0
[    2.467116] i8042: PNP: PS/2 Controller [PNP0303:KBD,PNP0f13:MOU] at 0x60,0x64 irq 1,12
[    2.468942] serio: i8042 KBD port at 0x60,0x64 irq 1
[    2.469607] serio: i8042 AUX port at 0x60,0x64 irq 12
[    2.471057] rtc_cmos 00:04: RTC can wake from S4
[    2.472850] input: AT Translated Set 2 keyboard as /devices/platform/i8042/serio0/input/input1
[    2.475128] rtc_cmos 00:04: registered as rtc0
[    2.475942] rtc_cmos 00:04: setting system clock to 2024-02-27T12:27:25 UTC (1709036845)
[    2.477472] rtc_cmos 00:04: alarms up to one day, y3k, 242 bytes nvram, hpet irqs
[    2.480060] i6300ESB timer 0000:00:04.0: initialized. heartbeat=30 sec (nowayout=0)
[    2.481824] device-mapper: ioctl: 4.48.0-ioctl (2023-03-01) initialised: dm-devel@redhat.com
[    2.484567] NET: Registered PF_PACKET protocol family
[    2.485449] 9pnet: Installing 9P2000 support
[    2.488194] Key type dns_resolver registered
[    2.489170] input: ImExPS/2 Generic Explorer Mouse as /devices/platform/i8042/serio1/input/input3
[    2.495661] IPI shorthand broadcast: enabled
[    2.516870] sched_clock: Marking stable (2511001449, 5383927)->(2535494080, -19108704)
[    2.518247] registered taskstats version 1
[    2.532858] PM:   Magic number: 12:203:482
[    2.533419] ata_device dev1.1: hash matches
[    2.533954]  dev1.1: hash matches
[    2.534430] printk: legacy console [netcon0] enabled
[    2.535066] netconsole: network logging started
[    2.535818] ALSA device list:
[    2.536201]   No soundcards found.
[    2.620531] ata2: found unknown device (class 0)
[    2.621598] ata2.00: ATAPI: QEMU DVD-ROM, 2.5+, max UDMA/100
[    2.623302] scsi 1:0:0:0: CD-ROM            QEMU     QEMU DVD-ROM     2.5+ PQ: 0 ANSI: 5
[    2.632210] scsi 1:0:0:0: Attached scsi generic sg0 type 5
[    2.633036] md: Skipping autodetection of RAID arrays. (raid=autodetect will force)
[    2.633984] 9pnet_virtio: no channels available for device 
[    2.635396] VFS: Mounted root (9p filesystem) readonly on device 0:19.
[    2.636422] devtmpfs: mounted
[    2.641965] Freeing unused kernel image (initmem) memory: 5736K
[    2.646397] Write protecting the kernel read-only data: 53248k
[    2.647455] Freeing unused kernel image (rodata/data gap) memory: 676K
[    2.683214] x86/mm: Checked W+X mappings: passed, no W+X pages found.
[    2.683944] Run /usr/lib/python3.11/site-packages/virtme/guest/virtme-init as init process
[    2.726472] mount (267) used greatest stack depth: 26744 bytes left
[    2.848146] mount (285) used greatest stack depth: 26224 bytes left
[    2.993334] virtme-init: basic initialization done
[    3.002713] virtme-init: udevd not found
[    3.094656] virtme-init: Setting hostname to virtme-ng...
[    3.116341] ip (358) used greatest stack depth: 25192 bytes left
          _      _                                    
   __   _(_)_ __| |_ _ __ ___   ___       _ __   __ _ 
   \ \ / / |  __| __|  _   _ \ / _ \_____|  _ \ / _  |
    \ V /| | |  | |_| | | | | |  __/_____| | | | (_| |
     \_/ |_|_|   \__|_| |_| |_|\___|     |_| |_|\__  |
                                                |___/ 
   kernel version: 6.8.0-rc5-virtme x86_64

virtme-ng:/nipa-data/kernel# PS1='xx__-> '
xx__-> env
PWD=/nipa-data/kernel
HOME=/
TERM=xterm
SHLVL=2
XDG_RUNTIME_DIR=/run/user/0
PATH=/bin:/sbin:/usr/bin:/usr/sbin:/usr/local/bin
OLDPWD=/
_=/usr/bin/env
xx__-> 