No EFI environment detected.
early console in extract_kernel
input_data: 0x0000000002be72c4
input_len: 0x0000000000b47bf8
output: 0x0000000001000000
output_len: 0x00000000026e7690
kernel_total_size: 0x0000000002430000
needed_size: 0x0000000002800000
trampoline_32bit: 0x000000000009d000
Physical KASLR using RDRAND RDTSC...
Virtual KASLR using RDRAND RDTSC...

Decompressing Linux... Parsing ELF... Performing relocations... done.
Booting the kernel (entry_offset: 0x0000000000000000).
[    0.000000] Linux version 6.10.0-rc7-virtme (root@201d55e16e84) (gcc (Ubuntu 13.2.0-23ubuntu4) 13.2.0, GNU ld (GNU Binutils for Ubuntu) 2.42) #1 SMP PREEMPT_DYNAMIC Fri Jul 12 12:07:22 UTC 2024
[    0.000000] Command line: virtme_hostname=virtme-ng nr_open=1048576 virtme_link_mods=/nipa-data/kernel/.virtme_mods/lib/modules/0.0.0 virtme_initmount0=nipa-data/kernel virtme_rw_overlay0=/etc virtme_rw_overlay1=/lib virtme_rw_overlay2=/home virtme_rw_overlay3=/opt virtme_rw_overlay4=/srv virtme_rw_overlay5=/usr virtme_rw_overlay6=/var console=hvc0 earlyprintk=serial,ttyS0,115200 virtme_console=ttyS0 psmouse.proto=exps TERM=xterm virtme_chdir=nipa-data/kernel virtme_root_user=1 rootfstype=9p rootflags=version=9p2000.L,trans=virtio,access=any raid=noautodetect ro init=/usr/lib/python3/dist-packages/virtme/guest/virtme-init
[    0.000000] x86/split lock detection: #DB: warning on user-space bus_locks
[    0.000000] BIOS-provided physical RAM map:
[    0.000000] BIOS-e820: [mem 0x0000000000000000-0x000000000009fbff] usable
[    0.000000] BIOS-e820: [mem 0x000000000009fc00-0x000000000009ffff] reserved
[    0.000000] BIOS-e820: [mem 0x00000000000f0000-0x00000000000fffff] reserved
[    0.000000] BIOS-e820: [mem 0x0000000000100000-0x000000003ffdffff] usable
[    0.000000] BIOS-e820: [mem 0x000000003ffe0000-0x000000003fffffff] reserved
[    0.000000] BIOS-e820: [mem 0x00000000feffc000-0x00000000feffffff] reserved
[    0.000000] BIOS-e820: [mem 0x00000000fffc0000-0x00000000ffffffff] reserved
[    0.000000] printk: legacy bootconsole [earlyser0] enabled
[    0.000000] NX (Execute Disable) protection: active
[    0.000000] APIC: Static calls initialized
[    0.000000] SMBIOS 3.0.0 present.
[    0.000000] DMI: QEMU Ubuntu 24.04 PC (i440FX + PIIX, 1996), BIOS 1.16.3-debian-1.16.3-2 04/01/2014
[    0.000000] DMI: Memory slots populated: 1/1
[    0.000000] Hypervisor detected: KVM
[    0.000000] kvm-clock: Using msrs 4b564d01 and 4b564d00
[    0.000000] kvm-clock: using sched offset of 713263492 cycles
[    0.000759] clocksource: kvm-clock: mask: 0xffffffffffffffff max_cycles: 0x1cd42e4dffb, max_idle_ns: 881590591483 ns
[    0.003118] tsc: Detected 2000.000 MHz processor
[    0.004281] last_pfn = 0x3ffe0 max_arch_pfn = 0x10000000000
[    0.005148] MTRR map: 4 entries (3 fixed + 1 variable; max 19), built from 8 variable MTRRs
[    0.006363] x86/PAT: Configuration [0-7]: WB  WC  UC- UC  WB  WP  UC- WT  
Memory KASLR using RDRAND RDTSC...
[    0.015485] found SMP MP-table at [mem 0x000f5470-0x000f547f]
[    0.016335] Using GB pages for direct mapping
[    0.017100] ACPI: Early table checksum verification disabled
[    0.017927] ACPI: RSDP 0x00000000000F5290 000014 (v00 BOCHS )
[    0.018766] ACPI: RSDT 0x000000003FFE308E 000034 (v01 BOCHS  BXPC     00000001 BXPC 00000001)
[    0.020009] ACPI: FACP 0x000000003FFE2D8A 000074 (v01 BOCHS  BXPC     00000001 BXPC 00000001)
[    0.021249] ACPI: DSDT 0x000000003FFE0040 002D4A (v01 BOCHS  BXPC     00000001 BXPC 00000001)
[    0.022492] ACPI: FACS 0x000000003FFE0000 000040
[    0.023163] ACPI: APIC 0x000000003FFE2DFE 000230 (v03 BOCHS  BXPC     00000001 BXPC 00000001)
[    0.024400] ACPI: HPET 0x000000003FFE302E 000038 (v01 BOCHS  BXPC     00000001 BXPC 00000001)
[    0.025640] ACPI: WAET 0x000000003FFE3066 000028 (v01 BOCHS  BXPC     00000001 BXPC 00000001)
[    0.026877] ACPI: Reserving FACP table memory at [mem 0x3ffe2d8a-0x3ffe2dfd]
[    0.027900] ACPI: Reserving DSDT table memory at [mem 0x3ffe0040-0x3ffe2d89]
[    0.028922] ACPI: Reserving FACS table memory at [mem 0x3ffe0000-0x3ffe003f]
[    0.029946] ACPI: Reserving APIC table memory at [mem 0x3ffe2dfe-0x3ffe302d]
[    0.030966] ACPI: Reserving HPET table memory at [mem 0x3ffe302e-0x3ffe3065]
[    0.031986] ACPI: Reserving WAET table memory at [mem 0x3ffe3066-0x3ffe308d]
[    0.033354] No NUMA configuration found
[    0.033915] Faking a node at [mem 0x0000000000000000-0x000000003ffdffff]
[    0.034887] NODE_DATA(0) allocated [mem 0x3ffdb000-0x3ffdffff]
[    0.035879] Zone ranges:
[    0.036246]   DMA      [mem 0x0000000000001000-0x0000000000ffffff]
[    0.037143]   DMA32    [mem 0x0000000001000000-0x000000003ffdffff]
[    0.038043]   Normal   empty
[    0.038461]   Device   empty
[    0.038878] Movable zone start for each node
[    0.039497] Early memory node ranges
[    0.040014]   node   0: [mem 0x0000000000001000-0x000000000009efff]
[    0.040923]   node   0: [mem 0x0000000000100000-0x000000003ffdffff]
[    0.041842] Initmem setup node 0 [mem 0x0000000000001000-0x000000003ffdffff]
[    0.042868] On node 0, zone DMA: 1 pages in unavailable ranges
[    0.043747] On node 0, zone DMA: 97 pages in unavailable ranges
[    0.048154] On node 0, zone DMA32: 32 pages in unavailable ranges
[    0.049592] ACPI: PM-Timer IO Port: 0x608
[    0.050196] ACPI: LAPIC_NMI (acpi_id[0xff] dfl dfl lint[0x1])
[    0.051079] IOAPIC[0]: apic_id 0, version 17, address 0xfec00000, GSI 0-23
[    0.052077] ACPI: INT_SRC_OVR (bus 0 bus_irq 0 global_irq 2 dfl dfl)
[    0.052999] ACPI: INT_SRC_OVR (bus 0 bus_irq 5 global_irq 5 high level)
[    0.053962] ACPI: INT_SRC_OVR (bus 0 bus_irq 9 global_irq 9 high level)
[    0.054919] ACPI: INT_SRC_OVR (bus 0 bus_irq 10 global_irq 10 high level)
[    0.055903] ACPI: INT_SRC_OVR (bus 0 bus_irq 11 global_irq 11 high level)
[    0.056891] ACPI: Using ACPI (MADT) for SMP configuration information
[    0.057828] ACPI: HPET id: 0x8086a201 base: 0xfed00000
[    0.058574] TSC deadline timer available
[    0.059145] CPU topo: Max. logical packages:   1
[    0.059814] CPU topo: Max. logical dies:       1
[    0.060482] CPU topo: Max. dies per package:   1
[    0.061153] CPU topo: Max. threads per core:   1
[    0.061825] CPU topo: Num. cores per package:    56
[    0.062531] CPU topo: Num. threads per package:  56
[    0.063238] CPU topo: Allowing 56 present CPUs plus 0 hotplug CPUs
[    0.064157] kvm-guest: APIC: eoi() replaced with kvm_guest_apic_eoi_write()
[    0.065182] kvm-guest: KVM setup pv remote TLB flush
[    0.065915] kvm-guest: setup PV sched yield
[    0.066526] PM: hibernation: Registered nosave memory: [mem 0x00000000-0x00000fff]
[    0.067623] PM: hibernation: Registered nosave memory: [mem 0x0009f000-0x0009ffff]
[    0.068719] PM: hibernation: Registered nosave memory: [mem 0x000a0000-0x000effff]
[    0.069819] PM: hibernation: Registered nosave memory: [mem 0x000f0000-0x000fffff]
[    0.070915] [mem 0x40000000-0xfeffbfff] available for PCI devices
[    0.071797] Booting paravirtualized kernel on KVM
[    0.072481] clocksource: refined-jiffies: mask: 0xffffffff max_cycles: 0xffffffff, max_idle_ns: 1910969940391419 ns
[    0.082035] setup_percpu: NR_CPUS:64 nr_cpumask_bits:56 nr_cpu_ids:56 nr_node_ids:1
[    0.087735] percpu: Embedded 58 pages/cpu s198872 r8192 d30504 u262144
[    0.088797] Kernel command line: virtme_hostname=virtme-ng nr_open=1048576 virtme_link_mods=/nipa-data/kernel/.virtme_mods/lib/modules/0.0.0 virtme_initmount0=nipa-data/kernel virtme_rw_overlay0=/etc virtme_rw_overlay1=/lib virtme_rw_overlay2=/home virtme_rw_overlay3=/opt virtme_rw_overlay4=/srv virtme_rw_overlay5=/usr virtme_rw_overlay6=/var console=hvc0 earlyprintk=serial,ttyS0,115200 virtme_console=ttyS0 psmouse.proto=exps TERM=xterm virtme_chdir=nipa-data/kernel virtme_root_user=1 rootfstype=9p rootflags=version=9p2000.L,trans=virtio,access=any raid=noautodetect ro init=/usr/lib/python3/dist-packages/virtme/guest/virtme-init
[    0.097174] Unknown kernel command line parameters "virtme_hostname=virtme-ng nr_open=1048576 virtme_link_mods=/nipa-data/kernel/.virtme_mods/lib/modules/0.0.0 virtme_initmount0=nipa-data/kernel virtme_rw_overlay0=/etc virtme_rw_overlay1=/lib virtme_rw_overlay2=/home virtme_rw_overlay3=/opt virtme_rw_overlay4=/srv virtme_rw_overlay5=/usr virtme_rw_overlay6=/var virtme_console=ttyS0 virtme_chdir=nipa-data/kernel virtme_root_user=1", will be passed to user space.
[    0.103265] random: crng init done
[    0.103765] printk: log_buf_len individual max cpu contribution: 4096 bytes
[    0.104793] printk: log_buf_len total cpu_extra contributions: 225280 bytes
[    0.105819] printk: log_buf_len min size: 262144 bytes
[    0.107187] printk: log_buf_len: 524288 bytes
[    0.107849] printk: early log buf free: 254024(96%)
[    0.108985] Dentry cache hash table entries: 131072 (order: 8, 1048576 bytes, linear)
[    0.110195] Inode-cache hash table entries: 65536 (order: 7, 524288 bytes, linear)
[    0.112183] Fallback order for Node 0: 0 
[    0.112193] Built 1 zonelists, mobility grouping on.  Total pages: 262014
[    0.113715] Policy zone: DMA32
[    0.114141] mem auto-init: stack:all(zero), heap alloc:off, heap free:off
[    0.118294] Memory: 975532K/1048056K available (16384K kernel code, 2423K rwdata, 6180K rodata, 3092K init, 1992K bss, 72320K reserved, 0K cma-reserved)
[    0.120464] SLUB: HWalign=64, Order=0-3, MinObjects=0, CPUs=56, Nodes=1
Poking KASLR using RDRAND RDTSC...
[    0.121904] ftrace: allocating 47908 entries in 188 pages
[    0.136114] ftrace: allocated 188 pages with 5 groups
[    0.137941] Dynamic Preempt: voluntary
[    0.139446] rcu: Preemptible hierarchical RCU implementation.
[    0.140269] rcu: RCU event tracing is enabled.
[    0.140903] rcu: RCU restricting CPUs from NR_CPUS=64 to nr_cpu_ids=56.
[    0.141847] Trampoline variant of Tasks RCU enabled.
[    0.142552] Rude variant of Tasks RCU enabled.
[    0.143184] Tracing variant of Tasks RCU enabled.
[    0.143852] rcu: RCU calculated value of scheduler-enlistment delay is 100 jiffies.
[    0.144920] rcu: Adjusting geometry for rcu_fanout_leaf=16, nr_cpu_ids=56
[    0.145917] RCU Tasks: Setting shift to 6 and lim to 1 rcu_task_cb_adjust=1.
[    0.146905] RCU Tasks Rude: Setting shift to 6 and lim to 1 rcu_task_cb_adjust=1.
[    0.147955] RCU Tasks Trace: Setting shift to 6 and lim to 1 rcu_task_cb_adjust=1.
[    0.152152] NR_IRQS: 4352, nr_irqs: 872, preallocated irqs: 16
[    0.153334] rcu: srcu_init: Setting srcu_struct sizes based on contention.
[    0.154595] Console: colour *CGA 80x25
[    0.155169] ACPI: Core revision 20240322
[    0.155889] clocksource: hpet: mask: 0xffffffff max_cycles: 0xffffffff, max_idle_ns: 19112604467 ns
[    0.157283] APIC: Switch to symmetric I/O mode setup
[    0.158162] APIC: Switched APIC routing to: physical flat
[    0.159230] kvm-guest: APIC: send_IPI_mask() replaced with kvm_send_ipi_mask()
[    0.160342] kvm-guest: APIC: send_IPI_mask_allbutself() replaced with kvm_send_ipi_mask_allbutself()
[    0.161926] kvm-guest: setup PV IPIs
[    0.164001] ..TIMER: vector=0x30 apic1=0 pin1=2 apic2=-1 pin2=-1
[    0.165557] clocksource: tsc-early: mask: 0xffffffffffffffff max_cycles: 0x39a85c9bff6, max_idle_ns: 881590591483 ns
[    0.168574] Calibrating delay loop (skipped) preset value.. 4000.00 BogoMIPS (lpj=2000000)
[    0.169784] x86/cpu: User Mode Instruction Prevention (UMIP) activated
[    0.171596] Last level iTLB entries: 4KB 0, 2MB 0, 4MB 0
[    0.172570] Last level dTLB entries: 4KB 0, 2MB 0, 4MB 0, 1GB 0
[    0.173587] Spectre V1 : Mitigation: usercopy/swapgs barriers and __user pointer sanitization
[    0.174577] Spectre V2 : Spectre BHI mitigation: SW BHB clearing on vm exit
[    0.175570] Spectre V2 : Spectre BHI mitigation: SW BHB clearing on syscall
[    0.176572] Spectre V2 : Mitigation: Enhanced / Automatic IBRS
[    0.177576] Spectre V2 : Spectre v2 / SpectreRSB mitigation: Filling RSB on context switch
[    0.178576] Spectre V2 : Spectre v2 / PBRSB-eIBRS: Retire a single CALL on VMEXIT
[    0.179582] Spectre V2 : mitigation: Enabling conditional Indirect Branch Prediction Barrier
[    0.180580] Speculative Store Bypass: Mitigation: Speculative Store Bypass disabled via prctl
[    0.181577] TAA: Mitigation: TSX disabled
[    0.183658] x86/fpu: Supporting XSAVE feature 0x001: 'x87 floating point registers'
[    0.184576] x86/fpu: Supporting XSAVE feature 0x002: 'SSE registers'
[    0.185576] x86/fpu: Supporting XSAVE feature 0x004: 'AVX registers'
[    0.186576] x86/fpu: Supporting XSAVE feature 0x020: 'AVX-512 opmask'
[    0.187576] x86/fpu: Supporting XSAVE feature 0x040: 'AVX-512 Hi256'
[    0.188576] x86/fpu: Supporting XSAVE feature 0x080: 'AVX-512 ZMM_Hi256'
[    0.189576] x86/fpu: Supporting XSAVE feature 0x200: 'Protection Keys User registers'
[    0.190576] x86/fpu: Supporting XSAVE feature 0x20000: 'AMX Tile config'
[    0.191576] x86/fpu: Supporting XSAVE feature 0x40000: 'AMX Tile data'
[    0.192577] x86/fpu: xstate_offset[2]:  576, xstate_sizes[2]:  256
[    0.193576] x86/fpu: xstate_offset[5]:  832, xstate_sizes[5]:   64
[    0.194576] x86/fpu: xstate_offset[6]:  896, xstate_sizes[6]:  512
[    0.195572] x86/fpu: xstate_offset[7]: 1408, xstate_sizes[7]: 1024
[    0.196577] x86/fpu: xstate_offset[9]: 2432, xstate_sizes[9]:    8
[    0.197577] x86/fpu: xstate_offset[17]: 2496, xstate_sizes[17]:   64
[    0.198576] x86/fpu: xstate_offset[18]: 2560, xstate_sizes[18]: 8192
[    0.199572] x86/fpu: Enabled xstate features 0x602e7, context size is 10752 bytes, using 'compacted' format.
[    0.228439] Freeing SMP alternatives memory: 40K
[    0.228571] pid_max: default: 57344 minimum: 448
[    0.229710] Mount-cache hash table entries: 2048 (order: 2, 16384 bytes, linear)
[    0.230580] Mountpoint-cache hash table entries: 2048 (order: 2, 16384 bytes, linear)
[    0.233025] smpboot: CPU0: Intel(R) Xeon(R) Platinum 8480+ (family: 0x6, model: 0x8f, stepping: 0x6)
[    0.233801] Performance Events: PEBS fmt0-, Sapphire Rapids events, full-width counters, Intel PMU driver.
[    0.234576] ... version:                2
[    0.235402] ... bit width:              48
[    0.235572] ... generic registers:      8
[    0.236386] ... value mask:             0000ffffffffffff
[    0.236572] ... max period:             00007fffffffffff
[    0.237572] ... fixed-purpose events:   3
[    0.238381] ... event mask:             00000007000000ff
[    0.238809] signal: max sigframe size: 11952
[    0.239599] rcu: Hierarchical SRCU implementation.
[    0.240572] rcu: Max phase no-delay instances is 400.
[    0.242651] smp: Bringing up secondary CPUs ...
[    0.243687] smpboot: x86: Booting SMP configuration:
[    0.244575] .... node  #0, CPUs:        #1  #2  #3  #4  #5  #6  #7  #8  #9 #10 #11 #12 #13 #14 #15 #16 #17 #18 #19 #20 #21 #22 #23 #24 #25 #26 #27 #28 #29 #30 #31 #32 #33 #34 #35 #36 #37 #38 #39 #40 #41 #42 #43 #44 #45 #46 #47 #48 #49 #50 #51 #52 #53 #54 #55
[    0.298739] smp: Brought up 1 node, 56 CPUs
[    0.300426] smpboot: Total of 56 processors activated (224000.00 BogoMIPS)
[    0.310736] devtmpfs: initialized
[    0.311624] x86/mm: Memory block size: 128MB
[    0.313833] clocksource: jiffies: mask: 0xffffffff max_cycles: 0xffffffff, max_idle_ns: 1911260446275000 ns
[    0.314577] futex hash table entries: 16384 (order: 8, 1048576 bytes, linear)
[    0.315912] PM: RTC time: 12:07:59, date: 2024-07-12
[    0.317801] NET: Registered PF_NETLINK/PF_ROUTE protocol family
[    0.318777] thermal_sys: Registered thermal governor 'step_wise'
[    0.318778] thermal_sys: Registered thermal governor 'user_space'
[    0.319602] cpuidle: using governor menu
[    0.323470] PCI: Using configuration type 1 for base access
[    0.323673] kprobes: kprobe jump-optimization is enabled. All kprobes are optimized if possible.
[    0.366275] HugeTLB: registered 1.00 GiB page size, pre-allocated 0 pages
[    0.368576] HugeTLB: 16380 KiB vmemmap can be freed for a 1.00 GiB page
[    0.370576] HugeTLB: registered 2.00 MiB page size, pre-allocated 0 pages
[    0.373572] HugeTLB: 28 KiB vmemmap can be freed for a 2.00 MiB page
[    0.375581] Demotion targets for Node 0: null
[    0.376723] ACPI: Added _OSI(Module Device)
[    0.378578] ACPI: Added _OSI(Processor Device)
[    0.378578] ACPI: Added _OSI(3.0 _SCP Extensions)
[    0.379557] ACPI: Added _OSI(Processor Aggregator Device)
[    0.381289] ACPI: 1 ACPI AML tables successfully acquired and loaded
[    0.384626] ACPI: _OSC evaluation for CPUs failed, trying _PDC
[    0.386793] ACPI: Interpreter enabled
[    0.387556] ACPI: PM: (supports S0 S3 S4 S5)
[    0.388573] ACPI: Using IOAPIC for interrupt routing
[    0.389587] PCI: Using host bridge windows from ACPI; if necessary, use "pci=nocrs" and report a bug
[    0.390572] PCI: Using E820 reservations for host bridge windows
[    0.392688] ACPI: Enabled 2 GPEs in block 00 to 0F
[    0.397190] ACPI: PCI Root Bridge [PCI0] (domain 0000 [bus 00-ff])
[    0.398575] acpi PNP0A03:00: _OSC: OS supports [ASPM ClockPM Segments MSI HPX-Type3]
[    0.399573] acpi PNP0A03:00: _OSC: not requesting OS control; OS requires [ExtendedConfig ASPM ClockPM MSI]
[    0.401578] acpi PNP0A03:00: fail to add MMCONFIG information, can't access extended configuration space under this bridge
[    0.403675] PCI host bridge to bus 0000:00
[    0.404523] pci_bus 0000:00: root bus resource [io  0x0000-0x0cf7 window]
[    0.406572] pci_bus 0000:00: root bus resource [io  0x0d00-0xffff window]
[    0.407572] pci_bus 0000:00: root bus resource [mem 0x000a0000-0x000bffff window]
[    0.409572] pci_bus 0000:00: root bus resource [mem 0x40000000-0xfebfffff window]
[    0.410572] pci_bus 0000:00: root bus resource [mem 0x100000000-0x17fffffff window]
[    0.412572] pci_bus 0000:00: root bus resource [bus 00-ff]
[    0.413625] pci 0000:00:00.0: [8086:1237] type 00 class 0x060000 conventional PCI endpoint
[    0.415100] pci 0000:00:01.0: [8086:7000] type 00 class 0x060100 conventional PCI endpoint
[    0.418272] pci 0000:00:01.1: [8086:7010] type 00 class 0x010180 conventional PCI endpoint
[    0.422559] pci 0000:00:01.1: BAR 4 [io  0xc0c0-0xc0cf]
[    0.426613] pci 0000:00:01.1: BAR 0 [io  0x01f0-0x01f7]: legacy IDE quirk
[    0.427573] pci 0000:00:01.1: BAR 1 [io  0x03f6]: legacy IDE quirk
[    0.428572] pci 0000:00:01.1: BAR 2 [io  0x0170-0x0177]: legacy IDE quirk
[    0.430572] pci 0000:00:01.1: BAR 3 [io  0x0376]: legacy IDE quirk
[    0.431800] pci 0000:00:01.3: [8086:7113] type 00 class 0x068000 conventional PCI endpoint
[    0.434150] pci 0000:00:01.3: quirk: [io  0x0600-0x063f] claimed by PIIX4 ACPI
[    0.435582] pci 0000:00:01.3: quirk: [io  0x0700-0x070f] claimed by PIIX4 SMB
[    0.437943] pci 0000:00:02.0: [1af4:1009] type 00 class 0x000200 conventional PCI endpoint
[    0.440574] pci 0000:00:02.0: BAR 0 [io  0xc000-0xc03f]
[    0.442573] pci 0000:00:02.0: BAR 1 [mem 0xfebfc000-0xfebfcfff]
[    0.448575] pci 0000:00:02.0: BAR 4 [mem 0xfebf0000-0xfebf3fff 64bit pref]
[    0.454602] pci 0000:00:03.0: [1af4:1009] type 00 class 0x000200 conventional PCI endpoint
[    0.457486] pci 0000:00:03.0: BAR 0 [io  0xc040-0xc07f]
[    0.459450] pci 0000:00:03.0: BAR 1 [mem 0xfebfd000-0xfebfdfff]
[    0.463575] pci 0000:00:03.0: BAR 4 [mem 0xfebf4000-0xfebf7fff 64bit pref]
[    0.469434] pci 0000:00:04.0: [8086:25ab] type 00 class 0x088000 conventional PCI endpoint
[    0.470994] pci 0000:00:04.0: BAR 0 [mem 0xfebfe000-0xfebfe00f]
[    0.474883] pci 0000:00:05.0: [1af4:1003] type 00 class 0x078000 conventional PCI endpoint
[    0.478479] pci 0000:00:05.0: BAR 0 [io  0xc080-0xc0bf]
[    0.480288] pci 0000:00:05.0: BAR 1 [mem 0xfebff000-0xfebfffff]
[    0.483575] pci 0000:00:05.0: BAR 4 [mem 0xfebf8000-0xfebfbfff 64bit pref]
[    0.489330] ACPI: PCI: Interrupt link LNKA configured for IRQ 10
[    0.490717] ACPI: PCI: Interrupt link LNKB configured for IRQ 10
[    0.491696] ACPI: PCI: Interrupt link LNKC configured for IRQ 11
[    0.492693] ACPI: PCI: Interrupt link LNKD configured for IRQ 11
[    0.494658] ACPI: PCI: Interrupt link LNKS configured for IRQ 9
[    0.497351] iommu: Default domain type: Translated
[    0.498572] iommu: DMA domain TLB invalidation policy: lazy mode
[    0.499701] SCSI subsystem initialized
[    0.501610] pps_core: LinuxPPS API ver. 1 registered
[    0.502572] pps_core: Software ver. 5.3.6 - Copyright 2005-2007 Rodolfo Giometti <giometti@linux.it>
[    0.503574] PTP clock support registered
[    0.505620] Advanced Linux Sound Architecture Driver Initialized.
[    0.508026] NET: Registered PF_ATMPVC protocol family
[    0.509572] NET: Registered PF_ATMSVC protocol family
[    0.510576] PCI: Using ACPI for IRQ routing
[    0.511640] vgaarb: loaded
[    0.512652] hpet0: at MMIO 0xfed00000, IRQs 2, 8, 0
[    0.513572] hpet0: 3 comparators, 64-bit 100.000000 MHz counter
[    0.519984] clocksource: Switched to clocksource kvm-clock
[    0.521475] VFS: Disk quotas dquot_6.6.0
[    0.522323] VFS: Dquot-cache hash table entries: 512 (order 0, 4096 bytes)
[    0.523883] pnp: PnP ACPI init
[    0.525802] pnp: PnP ACPI: found 5 devices
[    0.541791] clocksource: acpi_pm: mask: 0xffffff max_cycles: 0xffffff, max_idle_ns: 2085701024 ns
[    0.543769] NET: Registered PF_INET protocol family
[    0.544816] IP idents hash table entries: 16384 (order: 5, 131072 bytes, linear)
[    0.546728] tcp_listen_portaddr_hash hash table entries: 512 (order: 1, 8192 bytes, linear)
[    0.548435] Table-perturb hash table entries: 65536 (order: 6, 262144 bytes, linear)
[    0.550001] TCP established hash table entries: 8192 (order: 4, 65536 bytes, linear)
[    0.551583] TCP bind hash table entries: 8192 (order: 6, 262144 bytes, linear)
[    0.553067] TCP: Hash tables configured (established 8192 bind 8192)
[    0.554420] UDP hash table entries: 512 (order: 2, 16384 bytes, linear)
[    0.555776] UDP-Lite hash table entries: 512 (order: 2, 16384 bytes, linear)
[    0.557261] NET: Registered PF_UNIX/PF_LOCAL protocol family
[    0.558423] pci_bus 0000:00: resource 4 [io  0x0000-0x0cf7 window]
[    0.559686] pci_bus 0000:00: resource 5 [io  0x0d00-0xffff window]
[    0.560937] pci_bus 0000:00: resource 6 [mem 0x000a0000-0x000bffff window]
[    0.562330] pci_bus 0000:00: resource 7 [mem 0x40000000-0xfebfffff window]
[    0.563729] pci_bus 0000:00: resource 8 [mem 0x100000000-0x17fffffff window]
[    0.565206] pci 0000:00:01.0: PIIX3: Enabling Passive Release
[    0.566384] pci 0000:00:00.0: Limiting direct PCI/PCI transfers
[    0.567677] PCI: CLS 0 bytes, default 64
[    0.584352] RAPL PMU: API unit is 2^-32 Joules, 1 fixed counters, 10737418240 ms ovfl timer
[    0.586275] RAPL PMU: hw unit of domain psys 2^-0 Joules
[    1.171163] kwatchdog (376) used greatest stack depth: 15760 bytes left
[    1.175038] kvm_amd: CPU 54 isn't AMD or Hygon
[    1.176145] clocksource: tsc: mask: 0xffffffffffffffff max_cycles: 0x39a85c9bff6, max_idle_ns: 881590591483 ns
[    1.278953] Initialise system trusted keyrings
[    1.280641] workingset: timestamp_bits=56 max_order=18 bucket_order=0
[    1.282280] squashfs: version 4.0 (2009/01/31) Phillip Lougher
[    1.283587] fuse: init (API version 7.40)
[    1.284927] 9p: Installing v9fs 9p2000 file system support
[    1.296755] Key type asymmetric registered
[    1.297611] Asymmetric key parser 'x509' registered
[    1.298635] Block layer SCSI generic (bsg) driver version 0.4 loaded (major 249)
[    1.300165] io scheduler mq-deadline registered
[    1.301093] io scheduler kyber registered
[    1.321652] input: Power Button as /devices/LNXSYSTM:00/LNXPWRBN:00/input/input0
[    1.323661] ACPI: button: Power Button [PWRF]
[    1.324603] Warning: Processor Platform Limit event detected, but not handled.
[    1.326081] Consider compiling CPUfreq support into your kernel.
[    1.341711] ACPI: \_SB_.LNKB: Enabled at IRQ 10
[    1.356032] ACPI: \_SB_.LNKC: Enabled at IRQ 11
[    1.370188] ACPI: \_SB_.LNKA: Enabled at IRQ 10
[    1.372590] Serial: 8250/16550 driver, 4 ports, IRQ sharing enabled
[    1.374062] 00:03: ttyS0 at I/O 0x3f8 (irq = 4, base_baud = 115200) is a 16550A
[    1.408025] Non-volatile memory driver v1.3
[    1.409045] Linux agpgart interface v0.103
[    1.409969] ACPI: bus type drm_connector registered
[    1.411977] printk: legacy console [hvc0] enabled
[    1.413489] printk: legacy bootconsole [earlyser0] disabled
          _      _                                    
   __   _(_)_ __| |_ _ __ ___   ___       _ __   __ _ 
   \ \ / / |  __| __|  _   _ \ / _ \_____|  _ \ / _  |
    \ V /| | |  | |_| | | | | |  __/_____| | | | (_| |
     \_/ |_|_|   \__|_| |_| |_|\___|     |_| |_|\__  |
                                                |___/ 
   kernel version: 6.10.0-rc7-virtme x86_64
   (CTRL+d to exit)

root@virtme-ng:/nipa-data/kernel# PS1='xx__-> '
xx__-> env
PWD=/nipa-data/kernel
nr_open=1048576
HOME=/
TERM=xterm
SHLVL=2
XDG_RUNTIME_DIR=/run/user/0
PATH=/bin:/sbin:/usr/bin:/usr/sbin:/usr/local/bin
OLDPWD=/
_=/bin/env
xx__-> 