No EFI environment detected.
early console in extract_kernel
input_data: 0x000000000513f2b9
input_len: 0x00000000018a4730
output: 0x0000000001000000
output_len: 0x00000000053fa26c
kernel_total_size: 0x0000000005a30000
needed_size: 0x0000000005c00000
trampoline_32bit: 0x0000000000000000
Physical KASLR using RDRAND RDTSC...
Virtual KASLR using RDRAND RDTSC...

Decompressing Linux... Parsing ELF... Performing relocations... done.
Booting the kernel (entry_offset: 0x0000000000000000).
[    0.000000] Linux version 6.8.0-rc3-virtme (root@5dce34d655f8) (gcc (Alpine 13.2.1_git20231014) 13.2.1 20231014, GNU ld (GNU Binutils) 2.41) #1 SMP PREEMPT_DYNAMIC Wed Feb 14 06:26:43 UTC 2024
[    0.000000] Command line: virtme_hostname=virtme-ng virtme_link_mods=/nipa-data/kernel/.virtme_mods/lib/modules/0.0.0 virtme_initmount0=nipa-data/kernel virtme_rw_overlay0=/etc virtme_rw_overlay1=/lib virtme_rw_overlay2=/home virtme_rw_overlay3=/opt virtme_rw_overlay4=/srv virtme_rw_overlay5=/usr virtme_rw_overlay6=/var earlyprintk=serial,ttyS0,115200 console=ttyS0 psmouse.proto=exps TERM=xterm virtme_chdir=nipa-data/kernel virtme_root_user=1 rootfstype=9p rootflags=version=9p2000.L,trans=virtio,access=any raid=noautodetect ro init=/usr/lib/python3.11/site-packages/virtme/guest/virtme-init
[    0.000000] BIOS-provided physical RAM map:
[    0.000000] BIOS-e820: [mem 0x0000000000000000-0x000000000009fbff] usable
[    0.000000] BIOS-e820: [mem 0x000000000009fc00-0x000000000009ffff] reserved
[    0.000000] BIOS-e820: [mem 0x00000000000f0000-0x00000000000fffff] reserved
[    0.000000] BIOS-e820: [mem 0x0000000000100000-0x000000003ffdffff] usable
[    0.000000] BIOS-e820: [mem 0x000000003ffe0000-0x000000003fffffff] reserved
[    0.000000] BIOS-e820: [mem 0x00000000feffc000-0x00000000feffffff] reserved
[    0.000000] BIOS-e820: [mem 0x00000000fffc0000-0x00000000ffffffff] reserved
[    0.000000] BIOS-e820: [mem 0x000000fd00000000-0x000000ffffffffff] reserved
[    0.000000] printk: legacy bootconsole [earlyser0] enabled
[    0.000000] NX (Execute Disable) protection: active
[    0.000000] APIC: Static calls initialized
[    0.000000] SMBIOS 3.0.0 present.
[    0.000000] DMI: QEMU Standard PC (i440FX + PIIX, 1996), BIOS rel-1.16.3-0-ga6ed6b701f0a-prebuilt.qemu.org 04/01/2014
[    0.000000] Hypervisor detected: KVM
[    0.000000] kvm-clock: Using msrs 4b564d01 and 4b564d00
[    0.000001] kvm-clock: using sched offset of 324183868 cycles
[    0.000474] clocksource: kvm-clock: mask: 0xffffffffffffffff max_cycles: 0x1cd42e4dffb, max_idle_ns: 881590591483 ns
[    0.001948] tsc: Detected 4491.536 MHz processor
[    0.002839] last_pfn = 0x3ffe0 max_arch_pfn = 0x400000000
[    0.003355] MTRR map: 4 entries (3 fixed + 1 variable; max 19), built from 8 variable MTRRs
[    0.004107] x86/PAT: Configuration [0-7]: WB  WC  UC- UC  WB  WP  UC- WT  
[    0.006416] found SMP MP-table at [mem 0x000f5470-0x000f547f]
[    0.006946] Using GB pages for direct mapping
[    0.007723] ACPI: Early table checksum verification disabled
[    0.008236] ACPI: RSDP 0x00000000000F5290 000014 (v00 BOCHS )
[    0.008759] ACPI: RSDT 0x000000003FFE27B6 000034 (v01 BOCHS  BXPC     00000001 BXPC 00000001)
[    0.009537] ACPI: FACP 0x000000003FFE2572 000074 (v01 BOCHS  BXPC     00000001 BXPC 00000001)
[    0.010312] ACPI: DSDT 0x000000003FFE0040 002532 (v01 BOCHS  BXPC     00000001 BXPC 00000001)
[    0.011085] ACPI: FACS 0x000000003FFE0000 000040
[    0.011505] ACPI: APIC 0x000000003FFE25E6 000170 (v03 BOCHS  BXPC     00000001 BXPC 00000001)
[    0.012277] ACPI: HPET 0x000000003FFE2756 000038 (v01 BOCHS  BXPC     00000001 BXPC 00000001)
[    0.013054] ACPI: WAET 0x000000003FFE278E 000028 (v01 BOCHS  BXPC     00000001 BXPC 00000001)
[    0.013823] ACPI: Reserving FACP table memory at [mem 0x3ffe2572-0x3ffe25e5]
[    0.014460] ACPI: Reserving DSDT table memory at [mem 0x3ffe0040-0x3ffe2571]
[    0.015094] ACPI: Reserving FACS table memory at [mem 0x3ffe0000-0x3ffe003f]
[    0.015723] ACPI: Reserving APIC table memory at [mem 0x3ffe25e6-0x3ffe2755]
[    0.016353] ACPI: Reserving HPET table memory at [mem 0x3ffe2756-0x3ffe278d]
[    0.016986] ACPI: Reserving WAET table memory at [mem 0x3ffe278e-0x3ffe27b5]
[    0.017900] No NUMA configuration found
[    0.018250] Faking a node at [mem 0x0000000000000000-0x000000003ffdffff]
[    0.018853] NODE_DATA(0) allocated [mem 0x3ffdb000-0x3ffdffff]
[    0.019400] Zone ranges:
[    0.019629]   DMA      [mem 0x0000000000001000-0x0000000000ffffff]
[    0.020185]   DMA32    [mem 0x0000000001000000-0x000000003ffdffff]
[    0.020748]   Normal   empty
[    0.021014]   Device   empty
[    0.021276] Movable zone start for each node
[    0.021661] Early memory node ranges
[    0.021984]   node   0: [mem 0x0000000000001000-0x000000000009efff]
[    0.022551]   node   0: [mem 0x0000000000100000-0x000000003ffdffff]
[    0.023117] Initmem setup node 0 [mem 0x0000000000001000-0x000000003ffdffff]
[    0.023767] On node 0, zone DMA: 1 pages in unavailable ranges
[    0.024379] On node 0, zone DMA: 97 pages in unavailable ranges
[    0.030417] On node 0, zone DMA32: 32 pages in unavailable ranges
[    0.040295] kasan: KernelAddressSanitizer initialized
[    0.040919] ACPI: PM-Timer IO Port: 0x608
[    0.041223] ACPI: LAPIC_NMI (acpi_id[0xff] dfl dfl lint[0x1])
[    0.041689] IOAPIC[0]: apic_id 0, version 17, address 0xfec00000, GSI 0-23
[    0.042203] ACPI: INT_SRC_OVR (bus 0 bus_irq 0 global_irq 2 dfl dfl)
[    0.042686] ACPI: INT_SRC_OVR (bus 0 bus_irq 5 global_irq 5 high level)
[    0.043170] ACPI: INT_SRC_OVR (bus 0 bus_irq 9 global_irq 9 high level)
[    0.043661] ACPI: INT_SRC_OVR (bus 0 bus_irq 10 global_irq 10 high level)
[    0.044157] ACPI: INT_SRC_OVR (bus 0 bus_irq 11 global_irq 11 high level)
[    0.044661] ACPI: Using ACPI (MADT) for SMP configuration information
[    0.045141] ACPI: HPET id: 0x8086a201 base: 0xfed00000
[    0.045526] TSC deadline timer available
[    0.045814] smpboot: Allowing 32 CPUs, 0 hotplug CPUs
[    0.046209] kvm-guest: APIC: eoi() replaced with kvm_guest_apic_eoi_write()
[    0.046750] kvm-guest: KVM setup pv remote TLB flush
[    0.047116] kvm-guest: setup PV sched yield
[    0.047435] PM: hibernation: Registered nosave memory: [mem 0x00000000-0x00000fff]
[    0.048100] PM: hibernation: Registered nosave memory: [mem 0x0009f000-0x0009ffff]
[    0.048773] PM: hibernation: Registered nosave memory: [mem 0x000a0000-0x000effff]
[    0.049447] PM: hibernation: Registered nosave memory: [mem 0x000f0000-0x000fffff]
[    0.050027] [mem 0x40000000-0xfeffbfff] available for PCI devices
[    0.050474] Booting paravirtualized kernel on KVM
[    0.050830] clocksource: refined-jiffies: mask: 0xffffffff max_cycles: 0xffffffff, max_idle_ns: 1910969940391419 ns
[    0.059631] setup_percpu: NR_CPUS:64 nr_cpumask_bits:32 nr_cpu_ids:32 nr_node_ids:1
[    0.061453] percpu: Embedded 70 pages/cpu s249696 r8192 d28832 u524288
[    0.062025] Kernel command line: virtme_hostname=virtme-ng virtme_link_mods=/nipa-data/kernel/.virtme_mods/lib/modules/0.0.0 virtme_initmount0=nipa-data/kernel virtme_rw_overlay0=/etc virtme_rw_overlay1=/lib virtme_rw_overlay2=/home virtme_rw_overlay3=/opt virtme_rw_overlay4=/srv virtme_rw_overlay5=/usr virtme_rw_overlay6=/var earlyprintk=serial,ttyS0,115200 console=ttyS0 psmouse.proto=exps TERM=xterm virtme_chdir=nipa-data/kernel virtme_root_user=1 rootfstype=9p rootflags=version=9p2000.L,trans=virtio,access=any raid=noautodetect ro init=/usr/lib/python3.11/site-packages/virtme/guest/virtme-init
[    0.066131] Unknown kernel command line parameters "virtme_hostname=virtme-ng virtme_link_mods=/nipa-data/kernel/.virtme_mods/lib/modules/0.0.0 virtme_initmount0=nipa-data/kernel virtme_rw_overlay0=/etc virtme_rw_overlay1=/lib virtme_rw_overlay2=/home virtme_rw_overlay3=/opt virtme_rw_overlay4=/srv virtme_rw_overlay5=/usr virtme_rw_overlay6=/var virtme_chdir=nipa-data/kernel virtme_root_user=1", will be passed to user space.
[    0.069209] random: crng init done
[    0.069576] Dentry cache hash table entries: 131072 (order: 8, 1048576 bytes, linear)
[    0.070175] Inode-cache hash table entries: 65536 (order: 7, 524288 bytes, linear)
[    0.071193] Fallback order for Node 0: 0 
[    0.071199] Built 1 zonelists, mobility grouping on.  Total pages: 257760
[    0.072007] Policy zone: DMA32
[    0.072237] mem auto-init: stack:all(zero), heap alloc:off, heap free:off
[    0.072744] stackdepot: allocating hash table via alloc_large_system_hash
[    0.073262] stackdepot hash table entries: 1048576 (order: 12, 16777216 bytes, linear)
[    0.087515] Memory: 767220K/1048056K available (43008K kernel code, 12322K rwdata, 10084K rodata, 5936K init, 13344K bss, 280580K reserved, 0K cma-reserved)
[    0.088901] SLUB: HWalign=64, Order=0-3, MinObjects=0, CPUs=32, Nodes=1
Poking KASLR using RDRAND RDTSC...
[    0.089905] ftrace: allocating 46738 entries in 183 pages
[    0.100449] ftrace: allocated 183 pages with 6 groups
[    0.102231] Dynamic Preempt: voluntary
[    0.103029] Running RCU self tests
[    0.103287] Running RCU synchronous self tests
[    0.103645] rcu: Preemptible hierarchical RCU implementation.
[    0.104075] rcu: RCU event tracing is enabled.
[    0.104414] rcu: RCU lockdep checking is enabled.
[    0.104778] rcu: RCU restricting CPUs from NR_CPUS=64 to nr_cpu_ids=32.
[    0.105307] Trampoline variant of Tasks RCU enabled.
[    0.105691] Rude variant of Tasks RCU enabled.
[    0.106029] Tracing variant of Tasks RCU enabled.
[    0.106387] rcu: RCU calculated value of scheduler-enlistment delay is 100 jiffies.
[    0.106973] rcu: Adjusting geometry for rcu_fanout_leaf=16, nr_cpu_ids=32
[    0.107602] Running RCU synchronous self tests
[    0.116788] NR_IRQS: 4352, nr_irqs: 680, preallocated irqs: 16
[    0.117548] rcu: srcu_init: Setting srcu_struct sizes based on contention.
[    0.118398] Console: colour *CGA 80x25
[    0.118712] printk: legacy console [ttyS0] enabled
[    0.118712] printk: legacy console [ttyS0] enabled
[    0.119431] printk: legacy bootconsole [earlyser0] disabled
[    0.119431] printk: legacy bootconsole [earlyser0] disabled
[    0.120295] Lock dependency validator: Copyright (c) 2006 Red Hat, Inc., Ingo Molnar
[    0.120888] ... MAX_LOCKDEP_SUBCLASSES:  8
[    0.121199] ... MAX_LOCK_DEPTH:          48
[    0.121517] ... MAX_LOCKDEP_KEYS:        8192
[    0.121848] ... CLASSHASH_SIZE:          4096
[    0.122178] ... MAX_LOCKDEP_ENTRIES:     32768
[    0.122515] ... MAX_LOCKDEP_CHAINS:      65536
[    0.122852] ... CHAINHASH_SIZE:          32768
[    0.123189]  memory used by lock dependency info: 6429 kB
[    0.123597]  memory used for stack traces: 4224 kB
[    0.123960]  per task-struct memory footprint: 1920 bytes
[    0.124415] ACPI: Core revision 20230628
[    0.124962] clocksource: hpet: mask: 0xffffffff max_cycles: 0xffffffff, max_idle_ns: 19112604467 ns
[    0.125793] APIC: Switch to symmetric I/O mode setup
[    0.126194] APIC: Switched APIC routing to: physical flat
[    0.126608] kvm-guest: APIC: send_IPI_mask() replaced with kvm_send_ipi_mask()
[    0.127158] kvm-guest: APIC: send_IPI_mask_allbutself() replaced with kvm_send_ipi_mask_allbutself()
[    0.127847] kvm-guest: setup PV IPIs
[    0.129100] ..TIMER: vector=0x30 apic1=0 pin1=2 apic2=-1 pin2=-1
[    0.129920] tsc: Marking TSC unstable due to TSCs unsynchronized
[    0.130710] Calibrating delay loop (skipped) preset value.. 8983.07 BogoMIPS (lpj=4491536)
[    0.132765] x86/cpu: User Mode Instruction Prevention (UMIP) activated
[    0.133771] Last level iTLB entries: 4KB 512, 2MB 255, 4MB 127
[    0.134535] Last level dTLB entries: 4KB 512, 2MB 255, 4MB 127, 1GB 0
[    0.134708] Spectre V1 : Mitigation: usercopy/swapgs barriers and __user pointer sanitization
[    0.135708] Spectre V2 : Mitigation: Enhanced / Automatic IBRS
[    0.136703] Spectre V2 : Spectre v2 / SpectreRSB mitigation: Filling RSB on context switch
[    0.138703] Spectre V2 : mitigation: Enabling conditional Indirect Branch Prediction Barrier
[    0.139706] Speculative Store Bypass: Mitigation: Speculative Store Bypass disabled via prctl
[    0.140704] Speculative Return Stack Overflow: IBPB-extending microcode not applied!
[    0.141704] Speculative Return Stack Overflow: WARNING: See https://kernel.org/doc/html/latest/admin-guide/hw-vuln/srso.html for mitigation options.
[    0.141707] Speculative Return Stack Overflow: Vulnerable: Safe RET, no microcode
[    0.143732] x86/fpu: Supporting XSAVE feature 0x001: 'x87 floating point registers'
[    0.144704] x86/fpu: Supporting XSAVE feature 0x002: 'SSE registers'
[    0.145704] x86/fpu: Supporting XSAVE feature 0x004: 'AVX registers'
[    0.146704] x86/fpu: Supporting XSAVE feature 0x020: 'AVX-512 opmask'
[    0.147704] x86/fpu: Supporting XSAVE feature 0x040: 'AVX-512 Hi256'
[    0.148704] x86/fpu: Supporting XSAVE feature 0x080: 'AVX-512 ZMM_Hi256'
[    0.149704] x86/fpu: Supporting XSAVE feature 0x200: 'Protection Keys User registers'
[    0.150704] x86/fpu: xstate_offset[2]:  576, xstate_sizes[2]:  256
[    0.151704] x86/fpu: xstate_offset[5]:  832, xstate_sizes[5]:   64
[    0.152704] x86/fpu: xstate_offset[6]:  896, xstate_sizes[6]:  512
[    0.153704] x86/fpu: xstate_offset[7]: 1408, xstate_sizes[7]: 1024
[    0.154704] x86/fpu: xstate_offset[9]: 2432, xstate_sizes[9]:    8
[    0.155704] x86/fpu: Enabled xstate features 0x2e7, context size is 2440 bytes, using 'compacted' format.
[    0.191138] Freeing SMP alternatives memory: 36K
[    0.191706] pid_max: default: 32768 minimum: 301
[    0.192606] Mount-cache hash table entries: 2048 (order: 2, 16384 bytes, linear)
[    0.192707] Mountpoint-cache hash table entries: 2048 (order: 2, 16384 bytes, linear)
[    0.195067] Running RCU synchronous self tests
[    0.195709] Running RCU synchronous self tests
[    0.196617] smpboot: CPU0: AMD Ryzen 9 7950X 16-Core Processor (family: 0x19, model: 0x61, stepping: 0x2)
[    0.197527] RCU Tasks: Setting shift to 5 and lim to 1 rcu_task_cb_adjust=1.
[    0.197764] RCU Tasks Rude: Setting shift to 5 and lim to 1 rcu_task_cb_adjust=1.
[    0.198783] RCU Tasks Trace: Setting shift to 5 and lim to 1 rcu_task_cb_adjust=1.
[    0.199769] Running RCU Tasks wait API self tests
[    0.303810] Running RCU Tasks Rude wait API self tests
[    0.304624] Running RCU Tasks Trace wait API self tests
[    0.304781] Performance Events: Fam17h+ core perfctr, AMD PMU driver.
[    0.305699] ... version:                0
[    0.306222] ... bit width:              48
[    0.306707] ... generic registers:      6
[    0.307225] ... value mask:             0000ffffffffffff
[    0.307706] ... max period:             00007fffffffffff
[    0.308389] ... fixed-purpose events:   0
[    0.308706] ... event mask:             000000000000003f
[    0.309724] signal: max sigframe size: 3376
[    0.310425] rcu: Hierarchical SRCU implementation.
[    0.310711] rcu: Max phase no-delay instances is 400.
[    0.311399] Callback from call_rcu_tasks_trace() invoked.
[    0.317838] smp: Bringing up secondary CPUs ...
[    0.319027] smpboot: x86: Booting SMP configuration:
[    0.319686] .... node  #0, CPUs:        #1  #2  #3  #4  #5  #6  #7  #8  #9 #10 #11 #12 #13 #14 #15 #16 #17 #18 #19 #20 #21 #22 #23 #24 #25 #26 #27 #28 #29 #30 #31
[    0.356934] smp: Brought up 1 node, 32 CPUs
[    0.358411] smpboot: Max logical packages: 1
[    0.358708] smpboot: Total of 32 processors activated (287458.30 BogoMIPS)
[    0.371147] devtmpfs: initialized
[    0.372084] x86/mm: Memory block size: 128MB
[    0.386055] Running RCU synchronous self tests
[    0.386736] Running RCU synchronous self tests
[    0.387793] clocksource: jiffies: mask: 0xffffffff max_cycles: 0xffffffff, max_idle_ns: 1911260446275000 ns
[    0.388720] futex hash table entries: 8192 (order: 8, 1048576 bytes, linear)
[    0.390889] PM: RTC time: 06:27:23, date: 2024-02-14
[    0.393684] NET: Registered PF_NETLINK/PF_ROUTE protocol family
[    0.396172] thermal_sys: Registered thermal governor 'step_wise'
[    0.396177] thermal_sys: Registered thermal governor 'user_space'
[    0.396821] cpuidle: using governor menu
[    0.401160] PCI: Using configuration type 1 for base access
[    0.401708] PCI: Using configuration type 1 for extended access
[    0.402966] kprobes: kprobe jump-optimization is enabled. All kprobes are optimized if possible.
[    0.424338] HugeTLB: registered 1.00 GiB page size, pre-allocated 0 pages
[    0.425710] HugeTLB: 16380 KiB vmemmap can be freed for a 1.00 GiB page
[    0.426733] Callback from call_rcu_tasks_rude() invoked.
[    0.426707] HugeTLB: registered 2.00 MiB page size, pre-allocated 0 pages
[    0.428711] HugeTLB: 28 KiB vmemmap can be freed for a 2.00 MiB page
[    0.432287] ACPI: Added _OSI(Module Device)
[    0.432711] ACPI: Added _OSI(Processor Device)
[    0.433469] ACPI: Added _OSI(3.0 _SCP Extensions)
[    0.434710] ACPI: Added _OSI(Processor Aggregator Device)
[    0.471405] ACPI: 1 ACPI AML tables successfully acquired and loaded
[    0.477009] ACPI: _OSC evaluation for CPUs failed, trying _PDC
[    0.481120] ACPI: Interpreter enabled
[    0.481777] ACPI: PM: (supports S0 S3 S4 S5)
[    0.482368] ACPI: Using IOAPIC for interrupt routing
[    0.482806] PCI: Using host bridge windows from ACPI; if necessary, use "pci=nocrs" and report a bug
[    0.483707] PCI: Using E820 reservations for host bridge windows
[    0.486205] ACPI: Enabled 2 GPEs in block 00 to 0F
[    0.527832] Callback from call_rcu_tasks() invoked.
[    0.563910] ACPI: PCI Root Bridge [PCI0] (domain 0000 [bus 00-ff])
[    0.564728] acpi PNP0A03:00: _OSC: OS supports [ExtendedConfig ASPM ClockPM Segments MSI HPX-Type3]
[    0.568190] PCI host bridge to bus 0000:00
[    0.568713] pci_bus 0000:00: root bus resource [io  0x0000-0x0cf7 window]
[    0.569636] pci_bus 0000:00: root bus resource [io  0x0d00-0xffff window]
[    0.569711] pci_bus 0000:00: root bus resource [mem 0x000a0000-0x000bffff window]
[    0.570710] pci_bus 0000:00: root bus resource [mem 0x40000000-0xfebfffff window]
[    0.572711] pci_bus 0000:00: root bus resource [mem 0x100000000-0x17fffffff window]
[    0.573712] pci_bus 0000:00: root bus resource [bus 00-ff]
[    0.574747] pci 0000:00:00.0: [8086:1237] type 00 class 0x060000 conventional PCI endpoint
[    0.577207] pci 0000:00:01.0: [8086:7000] type 00 class 0x060100 conventional PCI endpoint
[    0.578993] pci 0000:00:01.1: [8086:7010] type 00 class 0x010180 conventional PCI endpoint
[    0.583191] pci 0000:00:01.1: BAR 4 [io  0xc080-0xc08f]
[    0.584679] pci 0000:00:01.1: BAR 0 [io  0x01f0-0x01f7]: legacy IDE quirk
[    0.585708] pci 0000:00:01.1: BAR 1 [io  0x03f6]: legacy IDE quirk
[    0.586545] pci 0000:00:01.1: BAR 2 [io  0x0170-0x0177]: legacy IDE quirk
[    0.587707] pci 0000:00:01.1: BAR 3 [io  0x0376]: legacy IDE quirk
[    0.589572] pci 0000:00:01.3: [8086:7113] type 00 class 0x068000 conventional PCI endpoint
[    0.591031] pci 0000:00:01.3: quirk: [io  0x0600-0x063f] claimed by PIIX4 ACPI
[    0.592715] pci 0000:00:01.3: quirk: [io  0x0700-0x070f] claimed by PIIX4 SMB
[    0.594753] pci 0000:00:02.0: [1af4:1009] type 00 class 0x000200 conventional PCI endpoint
[    0.596707] pci 0000:00:02.0: BAR 0 [io  0xc000-0xc03f]
[    0.599398] pci 0000:00:02.0: BAR 1 [mem 0xfebfd000-0xfebfdfff]
[    0.605451] pci 0000:00:02.0: BAR 4 [mem 0xfebf4000-0xfebf7fff 64bit pref]
[    0.621958] pci 0000:00:03.0: [1af4:1009] type 00 class 0x000200 conventional PCI endpoint
[    0.624707] pci 0000:00:03.0: BAR 0 [io  0xc040-0xc07f]
[    0.626433] pci 0000:00:03.0: BAR 1 [mem 0xfebfe000-0xfebfefff]
[    0.631708] pci 0000:00:03.0: BAR 4 [mem 0xfebf8000-0xfebfbfff 64bit pref]
[    0.650266] pci 0000:00:04.0: [8086:25ab] type 00 class 0x088000 conventional PCI endpoint
[    0.652349] pci 0000:00:04.0: BAR 0 [mem 0xfebff000-0xfebff00f]
[    0.678451] ACPI: PCI: Interrupt link LNKA configured for IRQ 10
[    0.680957] ACPI: PCI: Interrupt link LNKB configured for IRQ 10
[    0.682902] ACPI: PCI: Interrupt link LNKC configured for IRQ 11
[    0.684896] ACPI: PCI: Interrupt link LNKD configured for IRQ 11
[    0.686198] ACPI: PCI: Interrupt link LNKS configured for IRQ 9
[    0.712381] iommu: Default domain type: Translated
[    0.713708] iommu: DMA domain TLB invalidation policy: lazy mode
[    0.715563] SCSI subsystem initialized
[    0.716139] pps_core: LinuxPPS API ver. 1 registered
[    0.716710] pps_core: Software ver. 5.3.6 - Copyright 2005-2007 Rodolfo Giometti <giometti@linux.it>
[    0.718737] PTP clock support registered
[    0.719966] Advanced Linux Sound Architecture Driver Initialized.
[    0.722726] NET: Registered PF_ATMPVC protocol family
[    0.723410] NET: Registered PF_ATMSVC protocol family
[    0.723755] PCI: Using ACPI for IRQ routing
[    0.724916] vgaarb: loaded
[    0.725929] hpet0: at MMIO 0xfed00000, IRQs 2, 8, 0
[    0.726707] hpet0: 3 comparators, 64-bit 100.000000 MHz counter
[    0.735627] clocksource: Switched to clocksource kvm-clock
[    0.737526] VFS: Disk quotas dquot_6.6.0
[    0.738124] VFS: Dquot-cache hash table entries: 512 (order 0, 4096 bytes)
[    0.739491] pnp: PnP ACPI init
[    0.743477] pnp: PnP ACPI: found 5 devices
[    0.763039] clocksource: acpi_pm: mask: 0xffffff max_cycles: 0xffffff, max_idle_ns: 2085701024 ns
[    0.764777] NET: Registered PF_INET protocol family
[    0.765918] IP idents hash table entries: 16384 (order: 5, 131072 bytes, linear)
[    0.768582] tcp_listen_portaddr_hash hash table entries: 512 (order: 3, 36864 bytes, linear)
[    0.770051] Table-perturb hash table entries: 65536 (order: 6, 262144 bytes, linear)
[    0.771406] TCP established hash table entries: 8192 (order: 4, 65536 bytes, linear)
[    0.772865] TCP bind hash table entries: 8192 (order: 8, 1179648 bytes, linear)
[    0.774885] TCP: Hash tables configured (established 8192 bind 8192)
[    0.776454] UDP hash table entries: 512 (order: 4, 81920 bytes, linear)
[    0.777666] UDP-Lite hash table entries: 512 (order: 4, 81920 bytes, linear)
[    0.779533] NET: Registered PF_UNIX/PF_LOCAL protocol family
[    0.780568] pci_bus 0000:00: resource 4 [io  0x0000-0x0cf7 window]
[    0.781628] pci_bus 0000:00: resource 5 [io  0x0d00-0xffff window]
[    0.782697] pci_bus 0000:00: resource 6 [mem 0x000a0000-0x000bffff window]
[    0.783880] pci_bus 0000:00: resource 7 [mem 0x40000000-0xfebfffff window]
[    0.785059] pci_bus 0000:00: resource 8 [mem 0x100000000-0x17fffffff window]
[    0.786716] pci 0000:00:01.0: PIIX3: Enabling Passive Release
[    0.787719] pci 0000:00:00.0: Limiting direct PCI/PCI transfers
[    0.788802] PCI: CLS 0 bytes, default 64
[    0.789624] kvm_intel: VMX not supported by CPU 20
[    0.790585] kvm_amd: TSC scaling supported
[    0.791331] kvm_amd: Nested Virtualization enabled
[    0.792172] kvm_amd: Nested Paging enabled
[    0.792927] kvm_amd: Virtual VMLOAD VMSAVE supported
[    0.793784] kvm_amd: Virtual GIF supported
[    0.794480] kvm_amd: Virtual NMI enabled
[    0.795159] kvm_amd: LBR virtualization supported
[    0.934279] workingset: timestamp_bits=56 max_order=18 bucket_order=0
[    0.935792] squashfs: version 4.0 (2009/01/31) Phillip Lougher
[    0.936876] fuse: init (API version 7.39)
[    0.937943] 9p: Installing v9fs 9p2000 file system support
[    0.939254] Key type asymmetric registered
[    0.940107] Block layer SCSI generic (bsg) driver version 0.4 loaded (major 249)
[    0.941515] io scheduler mq-deadline registered
[    0.942307] io scheduler kyber registered
[    0.945592] input: Power Button as /devices/LNXSYSTM:00/LNXPWRBN:00/input/input0
[    0.947522] ACPI: button: Power Button [PWRF]
[    0.948656] Warning: Processor Platform Limit event detected, but not handled.
[    0.949884] Consider compiling CPUfreq support into your kernel.
[    2.099451] ACPI: \_SB_.LNKB: Enabled at IRQ 10
[    3.189030] ACPI: \_SB_.LNKC: Enabled at IRQ 11
[    3.191135] Serial: 8250/16550 driver, 4 ports, IRQ sharing enabled
[    3.193341] 00:03: ttyS0 at I/O 0x3f8 (irq = 4, base_baud = 115200) is a 16550A
[    3.199036] Non-volatile memory driver v1.3
[    3.199622] Linux agpgart interface v0.103
[    3.200643] ACPI: bus type drm_connector registered
[    3.245748] loop: module loaded
[    3.250392] scsi host0: ata_piix
[    3.252032] scsi host1: ata_piix
[    3.252855] ata1: PATA max MWDMA2 cmd 0x1f0 ctl 0x3f6 bmdma 0xc080 irq 14 lpm-pol 0
[    3.253893] ata2: PATA max MWDMA2 cmd 0x170 ctl 0x376 bmdma 0xc088 irq 15 lpm-pol 0
[    3.257776] i8042: PNP: PS/2 Controller [PNP0303:KBD,PNP0f13:MOU] at 0x60,0x64 irq 1,12
[    3.259805] serio: i8042 KBD port at 0x60,0x64 irq 1
[    3.260520] serio: i8042 AUX port at 0x60,0x64 irq 12
[    3.263216] input: AT Translated Set 2 keyboard as /devices/platform/i8042/serio0/input/input1
[    3.265530] rtc_cmos 00:04: RTC can wake from S4
[    3.268477] rtc_cmos 00:04: registered as rtc0
[    3.269188] rtc_cmos 00:04: setting system clock to 2024-02-14T06:27:26 UTC (1707892046)
[    3.270514] rtc_cmos 00:04: alarms up to one day, y3k, 242 bytes nvram, hpet irqs
[    3.273315] input: ImExPS/2 Generic Explorer Mouse as /devices/platform/i8042/serio1/input/input3
[    3.275724] i6300ESB timer 0000:00:04.0: initialized. heartbeat=30 sec (nowayout=0)
[    3.277289] device-mapper: ioctl: 4.48.0-ioctl (2023-03-01) initialised: dm-devel@redhat.com
[    3.280552] NET: Registered PF_PACKET protocol family
[    3.281284] 9pnet: Installing 9P2000 support
[    3.284148] Key type dns_resolver registered
[    3.295425] IPI shorthand broadcast: enabled
[    3.334167] sched_clock: Marking stable (3324004028, 9632999)->(3354635301, -20998274)
[    3.335885] registered taskstats version 1
[    3.366151] PM:   Magic number: 12:586:468
[    3.366859] printk: legacy console [netcon0] enabled
[    3.367548] netconsole: network logging started
[    3.368676] ALSA device list:
[    3.369115]   No soundcards found.
[    3.407767] ata2: found unknown device (class 0)
[    3.408937] ata2.00: ATAPI: QEMU DVD-ROM, 2.5+, max UDMA/100
[    3.411521] scsi 1:0:0:0: CD-ROM            QEMU     QEMU DVD-ROM     2.5+ PQ: 0 ANSI: 5
[    3.421319] scsi 1:0:0:0: Attached scsi generic sg0 type 5
[    3.422681] md: Skipping autodetection of RAID arrays. (raid=autodetect will force)
[    3.424099] 9pnet_virtio: no channels available for device 
[    3.426187] VFS: Mounted root (9p filesystem) readonly on device 0:19.
[    3.427413] devtmpfs: mounted
[    3.436480] Freeing unused kernel image (initmem) memory: 5936K
[    3.437217] Write protecting the kernel read-only data: 53248k
[    3.438589] Freeing unused kernel image (rodata/data gap) memory: 156K
[    3.476000] x86/mm: Checked W+X mappings: passed, no W+X pages found.
[    3.476781] Run /usr/lib/python3.11/site-packages/virtme/guest/virtme-init as init process
[    3.549170] mount (267) used greatest stack depth: 26144 bytes left
[    3.730076] mount (281) used greatest stack depth: 25600 bytes left
[    3.768929] mount (285) used greatest stack depth: 25248 bytes left
[    3.848261] mount (300) used greatest stack depth: 25232 bytes left
[    4.018434] virtme-init: basic initialization done
[    4.034359] virtme-init: udevd not found
[    4.194949] virtme-init: Setting hostname to virtme-ng...
[    4.229251] ip (357) used greatest stack depth: 24448 bytes left
          _      _                                    
   __   _(_)_ __| |_ _ __ ___   ___       _ __   __ _ 
   \ \ / / |  __| __|  _   _ \ / _ \_____|  _ \ / _  |
    \ V /| | |  | |_| | | | | |  __/_____| | | | (_| |
     \_/ |_|_|   \__|_| |_| |_|\___|     |_| |_|\__  |
                                                |___/ 
   kernel version: 6.8.0-rc3-virtme x86_64

virtme-ng:/nipa-data/kernel# PS1='xx__-> '
xx__-> env
PWD=/nipa-data/kernel
HOME=/
TERM=xterm
SHLVL=2
XDG_RUNTIME_DIR=/run/user/0
PATH=/bin:/sbin:/usr/bin:/usr/sbin:/usr/local/bin
OLDPWD=/
_=/usr/bin/env
xx__-> 