No EFI environment detected.
early console in extract_kernel
input_data: 0x0000000004ab42c4
input_len: 0x00000000018feca8
output: 0x0000000001000000
output_len: 0x000000000533f6e8
kernel_total_size: 0x0000000005030000
needed_size: 0x0000000005400000
trampoline_32bit: 0x0000000000000000
Physical KASLR using RDRAND RDTSC...
Virtual KASLR using RDRAND RDTSC...

Decompressing Linux... Parsing ELF... Performing relocations... done.
Booting the kernel (entry_offset: 0x0000000000000000).
[    0.000000] Linux version 6.13.0-rc6-virtme (root@4255487acf51) (gcc (Ubuntu 13.3.0-6ubuntu2~24.04) 13.3.0, GNU ld (GNU Binutils for Ubuntu) 2.42) #1 SMP PREEMPT_DYNAMIC Fri Jan 10 21:26:51 UTC 2025
[    0.000000] Command line: virtme_hostname=virtme-ng nr_open=1048576 virtme_link_mods=/nipa-data/kernel/.virtme_mods/lib/modules/0.0.0 virtme_initmount0=nipa-data/kernel virtme_rw_overlay0=/etc virtme_rw_overlay1=/lib virtme_rw_overlay2=/home virtme_rw_overlay3=/opt virtme_rw_overlay4=/srv virtme_rw_overlay5=/usr virtme_rw_overlay6=/var console=hvc0 earlyprintk=serial,ttyS0,115200 virtme_console=ttyS0 psmouse.proto=exps TERM=xterm virtme_chdir=nipa-data/kernel virtme_root_user=1 rootfstype=9p rootflags=version=9p2000.L,trans=virtio,access=any raid=noautodetect ro init=/usr/lib/python3/dist-packages/virtme/guest/virtme-init
[    0.000000] BIOS-provided physical RAM map:
[    0.000000] BIOS-e820: [mem 0x0000000000000000-0x000000000009fbff] usable
[    0.000000] BIOS-e820: [mem 0x000000000009fc00-0x000000000009ffff] reserved
[    0.000000] BIOS-e820: [mem 0x00000000000f0000-0x00000000000fffff] reserved
[    0.000000] BIOS-e820: [mem 0x0000000000100000-0x000000003ffdffff] usable
[    0.000000] BIOS-e820: [mem 0x000000003ffe0000-0x000000003fffffff] reserved
[    0.000000] BIOS-e820: [mem 0x00000000feffc000-0x00000000feffffff] reserved
[    0.000000] BIOS-e820: [mem 0x00000000fffc0000-0x00000000ffffffff] reserved
[    0.000000] BIOS-e820: [mem 0x000000fd00000000-0x000000ffffffffff] reserved
[    0.000000] printk: legacy bootconsole [earlyser0] enabled
[    0.000000] NX (Execute Disable) protection: active
[    0.000000] APIC: Static calls initialized
[    0.000000] SMBIOS 3.0.0 present.
[    0.000000] DMI: QEMU Ubuntu 24.04 PC (i440FX + PIIX, 1996), BIOS 1.16.3-debian-1.16.3-2 04/01/2014
[    0.000000] DMI: Memory slots populated: 1/1
[    0.000000] Hypervisor detected: KVM
[    0.000000] kvm-clock: Using msrs 4b564d01 and 4b564d00
[    0.000000] kvm-clock: using sched offset of 293025409 cycles
[    0.000363] clocksource: kvm-clock: mask: 0xffffffffffffffff max_cycles: 0x1cd42e4dffb, max_idle_ns: 881590591483 ns
[    0.001505] tsc: Detected 4491.556 MHz processor
[    0.002160] last_pfn = 0x3ffe0 max_arch_pfn = 0x400000000
[    0.002557] MTRR map: 4 entries (3 fixed + 1 variable; max 19), built from 8 variable MTRRs
[    0.003138] x86/PAT: Configuration [0-7]: WB  WC  UC- UC  WB  WP  UC- WT  
[    0.005016] found SMP MP-table at [mem 0x000f5470-0x000f547f]
[    0.005424] Using GB pages for direct mapping
[    0.005916] ACPI: Early table checksum verification disabled
[    0.006310] ACPI: RSDP 0x00000000000F5290 000014 (v00 BOCHS )
[    0.006711] ACPI: RSDT 0x000000003FFE27BC 000034 (v01 BOCHS  BXPC     00000001 BXPC 00000001)
[    0.007307] ACPI: FACP 0x000000003FFE2578 000074 (v01 BOCHS  BXPC     00000001 BXPC 00000001)
[    0.007900] ACPI: DSDT 0x000000003FFE0040 002538 (v01 BOCHS  BXPC     00000001 BXPC 00000001)
[    0.008490] ACPI: FACS 0x000000003FFE0000 000040
[    0.008811] ACPI: APIC 0x000000003FFE25EC 000170 (v03 BOCHS  BXPC     00000001 BXPC 00000001)
[    0.009403] ACPI: HPET 0x000000003FFE275C 000038 (v01 BOCHS  BXPC     00000001 BXPC 00000001)
[    0.009993] ACPI: WAET 0x000000003FFE2794 000028 (v01 BOCHS  BXPC     00000001 BXPC 00000001)
[    0.010583] ACPI: Reserving FACP table memory at [mem 0x3ffe2578-0x3ffe25eb]
[    0.011070] ACPI: Reserving DSDT table memory at [mem 0x3ffe0040-0x3ffe2577]
[    0.011557] ACPI: Reserving FACS table memory at [mem 0x3ffe0000-0x3ffe003f]
[    0.012042] ACPI: Reserving APIC table memory at [mem 0x3ffe25ec-0x3ffe275b]
[    0.012531] ACPI: Reserving HPET table memory at [mem 0x3ffe275c-0x3ffe2793]
[    0.013016] ACPI: Reserving WAET table memory at [mem 0x3ffe2794-0x3ffe27bb]
[    0.013690] No NUMA configuration found
[    0.013956] Faking a node at [mem 0x0000000000000000-0x000000003ffdffff]
[    0.014421] NODE_DATA(0) allocated [mem 0x3ffdb780-0x3ffdffff]
[    0.014839] Zone ranges:
[    0.015014]   DMA      [mem 0x0000000000001000-0x0000000000ffffff]
[    0.015443]   DMA32    [mem 0x0000000001000000-0x000000003ffdffff]
[    0.015871]   Normal   empty
[    0.016070]   Device   empty
[    0.016270] Movable zone start for each node
[    0.016565] Early memory node ranges
[    0.016811]   node   0: [mem 0x0000000000001000-0x000000000009efff]
[    0.017256]   node   0: [mem 0x0000000000100000-0x000000003ffdffff]
[    0.017690] Initmem setup node 0 [mem 0x0000000000001000-0x000000003ffdffff]
[    0.018181] On node 0, zone DMA: 1 pages in unavailable ranges
[    0.018637] On node 0, zone DMA: 97 pages in unavailable ranges
[    0.023185] On node 0, zone DMA32: 32 pages in unavailable ranges
[    0.032149] kasan: KernelAddressSanitizer initialized
[    0.032720] ACPI: PM-Timer IO Port: 0x608
[    0.033007] ACPI: LAPIC_NMI (acpi_id[0xff] dfl dfl lint[0x1])
[    0.033446] IOAPIC[0]: apic_id 0, version 17, address 0xfec00000, GSI 0-23
[    0.033921] ACPI: INT_SRC_OVR (bus 0 bus_irq 0 global_irq 2 dfl dfl)
[    0.034359] ACPI: INT_SRC_OVR (bus 0 bus_irq 5 global_irq 5 high level)
[    0.034815] ACPI: INT_SRC_OVR (bus 0 bus_irq 9 global_irq 9 high level)
[    0.035270] ACPI: INT_SRC_OVR (bus 0 bus_irq 10 global_irq 10 high level)
[    0.035736] ACPI: INT_SRC_OVR (bus 0 bus_irq 11 global_irq 11 high level)
[    0.036204] ACPI: Using ACPI (MADT) for SMP configuration information
[    0.036648] ACPI: HPET id: 0x8086a201 base: 0xfed00000
[    0.037003] TSC deadline timer available
[    0.037285] CPU topo: Max. logical packages:   1
[    0.037604] CPU topo: Max. logical dies:       1
[    0.037922] CPU topo: Max. dies per package:   1
[    0.038243] CPU topo: Max. threads per core:   1
[    0.038561] CPU topo: Num. cores per package:    32
[    0.038897] CPU topo: Num. threads per package:  32
[    0.039233] CPU topo: Allowing 32 present CPUs plus 0 hotplug CPUs
[    0.039674] kvm-guest: APIC: eoi() replaced with kvm_guest_apic_eoi_write()
[    0.040166] kvm-guest: KVM setup pv remote TLB flush
[    0.040510] kvm-guest: setup PV sched yield
[    0.040804] PM: hibernation: Registered nosave memory: [mem 0x00000000-0x00000fff]
[    0.041328] PM: hibernation: Registered nosave memory: [mem 0x0009f000-0x0009ffff]
[    0.041849] PM: hibernation: Registered nosave memory: [mem 0x000a0000-0x000effff]
[    0.042371] PM: hibernation: Registered nosave memory: [mem 0x000f0000-0x000fffff]
[    0.042893] [mem 0x40000000-0xfeffbfff] available for PCI devices
[    0.043314] Booting paravirtualized kernel on KVM
[    0.043639] clocksource: refined-jiffies: mask: 0xffffffff max_cycles: 0xffffffff, max_idle_ns: 1910969940391419 ns
[    0.052214] setup_percpu: NR_CPUS:64 nr_cpumask_bits:32 nr_cpu_ids:32 nr_node_ids:1
[    0.053968] percpu: Embedded 70 pages/cpu s247896 r8192 d30632 u524288
[    0.054486] Kernel command line: virtme_hostname=virtme-ng nr_open=1048576 virtme_link_mods=/nipa-data/kernel/.virtme_mods/lib/modules/0.0.0 virtme_initmount0=nipa-data/kernel virtme_rw_overlay0=/etc virtme_rw_overlay1=/lib virtme_rw_overlay2=/home virtme_rw_overlay3=/opt virtme_rw_overlay4=/srv virtme_rw_overlay5=/usr virtme_rw_overlay6=/var console=hvc0 earlyprintk=serial,ttyS0,115200 virtme_console=ttyS0 psmouse.proto=exps TERM=xterm virtme_chdir=nipa-data/kernel virtme_root_user=1 rootfstype=9p rootflags=version=9p2000.L,trans=virtio,access=any raid=noautodetect ro init=/usr/lib/python3/dist-packages/virtme/guest/virtme-init
[    0.058566] Unknown kernel command line parameters "virtme_hostname=virtme-ng nr_open=1048576 virtme_link_mods=/nipa-data/kernel/.virtme_mods/lib/modules/0.0.0 virtme_initmount0=nipa-data/kernel virtme_rw_overlay0=/etc virtme_rw_overlay1=/lib virtme_rw_overlay2=/home virtme_rw_overlay3=/opt virtme_rw_overlay4=/srv virtme_rw_overlay5=/usr virtme_rw_overlay6=/var virtme_console=ttyS0 virtme_chdir=nipa-data/kernel virtme_root_user=1", will be passed to user space.
[    0.061647] random: crng init done
[    0.061888] printk: log buffer data + meta data: 262144 + 917504 = 1179648 bytes
[    0.062430] Dentry cache hash table entries: 131072 (order: 8, 1048576 bytes, linear)
[    0.062998] Inode-cache hash table entries: 65536 (order: 7, 524288 bytes, linear)
[    0.063938] Fallback order for Node 0: 0 
[    0.063942] Built 1 zonelists, mobility grouping on.  Total pages: 262014
[    0.064706] Policy zone: DMA32
[    0.064923] mem auto-init: stack:all(zero), heap alloc:off, heap free:off
[    0.065415] stackdepot: allocating hash table via alloc_large_system_hash
[    0.065897] stackdepot hash table entries: 1048576 (order: 12, 16777216 bytes, linear)
[    0.073801] SLUB: HWalign=64, Order=0-3, MinObjects=0, CPUs=32, Nodes=1
Poking KASLR using RDRAND RDTSC...
[    0.074568] ftrace: allocating 48832 entries in 191 pages
[    0.091656] ftrace: allocated 191 pages with 7 groups
[    0.092846] Dynamic Preempt: voluntary
[    0.093554] rcu: Preemptible hierarchical RCU implementation.
[    0.093959] rcu: RCU event tracing is enabled.
[    0.094277] rcu: RCU restricting CPUs from NR_CPUS=64 to nr_cpu_ids=32.
[    0.094747] Trampoline variant of Tasks RCU enabled.
[    0.095106] Rude variant of Tasks RCU enabled.
[    0.095426] Tracing variant of Tasks RCU enabled.
[    0.095763] rcu: RCU calculated value of scheduler-enlistment delay is 100 jiffies.
[    0.096302] rcu: Adjusting geometry for rcu_fanout_leaf=16, nr_cpu_ids=32
[    0.096844] RCU Tasks: Setting shift to 5 and lim to 1 rcu_task_cb_adjust=1 rcu_task_cpu_ids=32.
[    0.097478] RCU Tasks Rude: Setting shift to 5 and lim to 1 rcu_task_cb_adjust=1 rcu_task_cpu_ids=32.
[    0.098129] RCU Tasks Trace: Setting shift to 5 and lim to 1 rcu_task_cb_adjust=1 rcu_task_cpu_ids=32.
[    0.107413] NR_IRQS: 4352, nr_irqs: 680, preallocated irqs: 16
[    0.108077] rcu: srcu_init: Setting srcu_struct sizes based on contention.
[    0.108775] Console: colour *CGA 80x25
[    0.109070] ACPI: Core revision 20240827
[    0.109498] clocksource: hpet: mask: 0xffffffff max_cycles: 0xffffffff, max_idle_ns: 19112604467 ns
[    0.110211] APIC: Switch to symmetric I/O mode setup
[    0.110575] kvm-guest: APIC: send_IPI_mask() replaced with kvm_send_ipi_mask()
[    0.111091] kvm-guest: APIC: send_IPI_mask_allbutself() replaced with kvm_send_ipi_mask_allbutself()
[    0.111715] kvm-guest: setup PV IPIs
[    0.112792] ..TIMER: vector=0x30 apic1=0 pin1=2 apic2=-1 pin2=-1
[    0.113573] clocksource: tsc-early: mask: 0xffffffffffffffff max_cycles: 0x40be400eb43, max_idle_ns: 440795366972 ns
[    0.114894] Calibrating delay loop (skipped) preset value.. 8983.11 BogoMIPS (lpj=4491556)
[    0.115959] x86/cpu: User Mode Instruction Prevention (UMIP) activated
[    0.116949] Last level iTLB entries: 4KB 512, 2MB 255, 4MB 127
[    0.117892] Last level dTLB entries: 4KB 512, 2MB 255, 4MB 127, 1GB 0
[    0.118897] Spectre V1 : Mitigation: usercopy/swapgs barriers and __user pointer sanitization
[    0.119896] Spectre V2 : Mitigation: Enhanced / Automatic IBRS
[    0.120892] Spectre V2 : Spectre v2 / SpectreRSB mitigation: Filling RSB on context switch
[    0.121894] Spectre V2 : mitigation: Enabling conditional Indirect Branch Prediction Barrier
[    0.122894] Speculative Store Bypass: Mitigation: Speculative Store Bypass disabled via prctl
[    0.123893] Speculative Return Stack Overflow: IBPB-extending microcode not applied!
[    0.124892] Speculative Return Stack Overflow: WARNING: See https://kernel.org/doc/html/latest/admin-guide/hw-vuln/srso.html for mitigation options.
[    0.124893] Speculative Return Stack Overflow: Vulnerable: Safe RET, no microcode
[    0.126907] x86/fpu: Supporting XSAVE feature 0x001: 'x87 floating point registers'
[    0.127892] x86/fpu: Supporting XSAVE feature 0x002: 'SSE registers'
[    0.128892] x86/fpu: Supporting XSAVE feature 0x004: 'AVX registers'
[    0.129892] x86/fpu: Supporting XSAVE feature 0x020: 'AVX-512 opmask'
[    0.130892] x86/fpu: Supporting XSAVE feature 0x040: 'AVX-512 Hi256'
[    0.131655] x86/fpu: Supporting XSAVE feature 0x080: 'AVX-512 ZMM_Hi256'
[    0.131892] x86/fpu: Supporting XSAVE feature 0x200: 'Protection Keys User registers'
[    0.132892] x86/fpu: xstate_offset[2]:  576, xstate_sizes[2]:  256
[    0.133892] x86/fpu: xstate_offset[5]:  832, xstate_sizes[5]:   64
[    0.134892] x86/fpu: xstate_offset[6]:  896, xstate_sizes[6]:  512
[    0.135634] x86/fpu: xstate_offset[7]: 1408, xstate_sizes[7]: 1024
[    0.135892] x86/fpu: xstate_offset[9]: 2432, xstate_sizes[9]:    8
[    0.136892] x86/fpu: Enabled xstate features 0x2e7, context size is 2440 bytes, using 'compacted' format.
[    0.158150] Freeing SMP alternatives memory: 40K
[    0.158709] pid_max: default: 32768 minimum: 301
[    0.159007] Mount-cache hash table entries: 2048 (order: 2, 16384 bytes, linear)
[    0.159893] Mountpoint-cache hash table entries: 2048 (order: 2, 16384 bytes, linear)
[    0.161511] smpboot: CPU0: AMD Ryzen 9 7950X 16-Core Processor (family: 0x19, model: 0x61, stepping: 0x2)
[    0.162343] Performance Events: Fam17h+ core perfctr, AMD PMU driver.
[    0.162897] ... version:                0
[    0.163377] ... bit width:              48
[    0.163868] ... generic registers:      6
[    0.163894] ... value mask:             0000ffffffffffff
[    0.164535] ... max period:             00007fffffffffff
[    0.164894] ... fixed-purpose events:   0
[    0.165374] ... event mask:             000000000000003f
[    0.166001] signal: max sigframe size: 3376
[    0.166545] rcu: Hierarchical SRCU implementation.
[    0.166895] rcu: Max phase no-delay instances is 400.
[    0.167586] Timer migration: 2 hierarchy levels; 8 children per group; 2 crossnode level
[    0.171522] smp: Bringing up secondary CPUs ...
[    0.172069] smpboot: x86: Booting SMP configuration:
[    0.172664] .... node  #0, CPUs:        #1  #2  #3  #4  #5  #6  #7  #8  #9 #10 #11 #12 #13 #14 #15 #16 #17 #18 #19 #20 #21 #22 #23 #24 #25 #26 #27 #28 #29 #30 #31
[    0.194994] smp: Brought up 1 node, 32 CPUs
[    0.196403] smpboot: Total of 32 processors activated (287459.58 BogoMIPS)
[    0.200020] Memory: 763412K/1048056K available (45056K kernel code, 11469K rwdata, 10092K rodata, 6056K init, 1624K bss, 269000K reserved, 0K cma-reserved)
[    0.201009] devtmpfs: initialized
[    0.201465] x86/mm: Memory block size: 128MB
[    0.207593] clocksource: jiffies: mask: 0xffffffff max_cycles: 0xffffffff, max_idle_ns: 1911260446275000 ns
[    0.207900] futex hash table entries: 8192 (order: 7, 524288 bytes, linear)
[    0.209088] PM: RTC time: 21:27:16, date: 2025-01-10
[    0.210367] NET: Registered PF_NETLINK/PF_ROUTE protocol family
[    0.211709] thermal_sys: Registered thermal governor 'step_wise'
[    0.211712] thermal_sys: Registered thermal governor 'user_space'
[    0.211927] cpuidle: using governor menu
[    0.214167] PCI: Using configuration type 1 for base access
[    0.214848] PCI: Using configuration type 1 for extended access
[    0.214984] kprobes: kprobe jump-optimization is enabled. All kprobes are optimized if possible.
[    0.232984] HugeTLB: registered 1.00 GiB page size, pre-allocated 0 pages
[    0.233894] HugeTLB: 16380 KiB vmemmap can be freed for a 1.00 GiB page
[    0.234703] HugeTLB: registered 2.00 MiB page size, pre-allocated 0 pages
[    0.234894] HugeTLB: 28 KiB vmemmap can be freed for a 2.00 MiB page
[    0.236214] ACPI: Added _OSI(Module Device)
[    0.236895] ACPI: Added _OSI(Processor Device)
[    0.237448] ACPI: Added _OSI(3.0 _SCP Extensions)
[    0.237894] ACPI: Added _OSI(Processor Aggregator Device)
[    0.260566] ACPI: 1 ACPI AML tables successfully acquired and loaded
[    0.264495] ACPI: Interpreter enabled
[    0.264952] ACPI: PM: (supports S0 S3 S4 S5)
[    0.265478] ACPI: Using IOAPIC for interrupt routing
[    0.265940] PCI: Using host bridge windows from ACPI; if necessary, use "pci=nocrs" and report a bug
[    0.266894] PCI: Using E820 reservations for host bridge windows
[    0.268624] ACPI: Enabled 2 GPEs in block 00 to 0F
[    0.312996] ACPI: PCI Root Bridge [PCI0] (domain 0000 [bus 00-ff])
[    0.313771] acpi PNP0A03:00: _OSC: OS supports [ExtendedConfig ASPM ClockPM Segments MSI HPX-Type3]
[    0.314361] PCI host bridge to bus 0000:00
[    0.314914] pci_bus 0000:00: root bus resource [io  0x0000-0x0cf7 window]
[    0.315761] pci_bus 0000:00: root bus resource [io  0x0d00-0xffff window]
[    0.315897] pci_bus 0000:00: root bus resource [mem 0x000a0000-0x000bffff window]
[    0.316804] pci_bus 0000:00: root bus resource [mem 0x40000000-0xfebfffff window]
[    0.316897] pci_bus 0000:00: root bus resource [mem 0x100000000-0x17fffffff window]
[    0.317828] pci_bus 0000:00: root bus resource [bus 00-ff]
[    0.317987] pci 0000:00:00.0: [8086:1237] type 00 class 0x060000 conventional PCI endpoint
[    0.319707] pci 0000:00:01.0: [8086:7000] type 00 class 0x060100 conventional PCI endpoint
[    0.320758] pci 0000:00:01.1: [8086:7010] type 00 class 0x010180 conventional PCI endpoint
[    0.322014] pci 0000:00:01.1: BAR 4 [io  0xc0c0-0xc0cf]
[    0.323078] pci 0000:00:01.1: BAR 0 [io  0x01f0-0x01f7]: legacy IDE quirk
[    0.323895] pci 0000:00:01.1: BAR 1 [io  0x03f6]: legacy IDE quirk
[    0.324645] pci 0000:00:01.1: BAR 2 [io  0x0170-0x0177]: legacy IDE quirk
[    0.324894] pci 0000:00:01.1: BAR 3 [io  0x0376]: legacy IDE quirk
[    0.326296] pci 0000:00:01.3: [8086:7113] type 00 class 0x068000 conventional PCI endpoint
[    0.327145] pci 0000:00:01.3: quirk: [io  0x0600-0x063f] claimed by PIIX4 ACPI
[    0.327898] pci 0000:00:01.3: quirk: [io  0x0700-0x070f] claimed by PIIX4 SMB
[    0.329459] pci 0000:00:02.0: [1af4:1009] type 00 class 0x000200 conventional PCI endpoint
[    0.330283] pci 0000:00:02.0: BAR 0 [io  0xc000-0xc03f]
[    0.331252] pci 0000:00:02.0: BAR 1 [mem 0xfebfc000-0xfebfcfff]
[    0.333895] pci 0000:00:02.0: BAR 4 [mem 0xfebf0000-0xfebf3fff 64bit pref]
[    0.346160] pci 0000:00:03.0: [1af4:1009] type 00 class 0x000200 conventional PCI endpoint
[    0.347209] pci 0000:00:03.0: BAR 0 [io  0xc040-0xc07f]
[    0.348015] pci 0000:00:03.0: BAR 1 [mem 0xfebfd000-0xfebfdfff]
[    0.349814] pci 0000:00:03.0: BAR 4 [mem 0xfebf4000-0xfebf7fff 64bit pref]
[    0.361163] pci 0000:00:04.0: [8086:25ab] type 00 class 0x088000 conventional PCI endpoint
[    0.362045] pci 0000:00:04.0: BAR 0 [mem 0xfebfe000-0xfebfe00f]
[    0.373993] pci 0000:00:05.0: [1af4:1003] type 00 class 0x078000 conventional PCI endpoint
[    0.375169] pci 0000:00:05.0: BAR 0 [io  0xc080-0xc0bf]
[    0.376005] pci 0000:00:05.0: BAR 1 [mem 0xfebff000-0xfebfffff]
[    0.378036] pci 0000:00:05.0: BAR 4 [mem 0xfebf8000-0xfebfbfff 64bit pref]
[    0.391927] ACPI: PCI: Interrupt link LNKA configured for IRQ 10
[    0.393558] ACPI: PCI: Interrupt link LNKB configured for IRQ 10
[    0.394762] ACPI: PCI: Interrupt link LNKC configured for IRQ 11
[    0.395758] ACPI: PCI: Interrupt link LNKD configured for IRQ 11
[    0.396254] ACPI: PCI: Interrupt link LNKS configured for IRQ 9
[    0.414066] iommu: Default domain type: Translated
[    0.414660] iommu: DMA domain TLB invalidation policy: lazy mode
[    0.415334] SCSI subsystem initialized
[    0.416121] pps_core: LinuxPPS API ver. 1 registered
[    0.416729] pps_core: Software ver. 5.3.6 - Copyright 2005-2007 Rodolfo Giometti <giometti@linux.it>
[    0.416909] PTP clock support registered
[    0.417466] Advanced Linux Sound Architecture Driver Initialized.
[    0.418973] NET: Registered PF_ATMPVC protocol family
[    0.419595] NET: Registered PF_ATMSVC protocol family
[    0.419930] PCI: Using ACPI for IRQ routing
[    0.420569] vgaarb: loaded
[    0.421011] hpet0: at MMIO 0xfed00000, IRQs 2, 8, 0
[    0.421612] hpet0: 3 comparators, 64-bit 100.000000 MHz counter
[    0.426096] clocksource: Switched to clocksource kvm-clock
[    0.427068] VFS: Disk quotas dquot_6.6.0
[    0.427566] VFS: Dquot-cache hash table entries: 512 (order 0, 4096 bytes)
[    0.429056] pnp: PnP ACPI init
[    0.431679] pnp: PnP ACPI: found 5 devices
[    0.443443] clocksource: acpi_pm: mask: 0xffffff max_cycles: 0xffffff, max_idle_ns: 2085701024 ns
[    0.444587] NET: Registered PF_INET protocol family
[    0.445234] IP idents hash table entries: 16384 (order: 5, 131072 bytes, linear)
[    0.446505] tcp_listen_portaddr_hash hash table entries: 512 (order: 1, 8192 bytes, linear)
[    0.447535] Table-perturb hash table entries: 65536 (order: 6, 262144 bytes, linear)
[    0.448495] TCP established hash table entries: 8192 (order: 4, 65536 bytes, linear)
[    0.449454] TCP bind hash table entries: 8192 (order: 6, 262144 bytes, linear)
[    0.450340] TCP: Hash tables configured (established 8192 bind 8192)
[    0.451262] UDP hash table entries: 512 (order: 3, 32768 bytes, linear)
[    0.452070] UDP-Lite hash table entries: 512 (order: 3, 32768 bytes, linear)
[    0.453126] NET: Registered PF_UNIX/PF_LOCAL protocol family
[    0.453838] pci_bus 0000:00: resource 4 [io  0x0000-0x0cf7 window]
[    0.454590] pci_bus 0000:00: resource 5 [io  0x0d00-0xffff window]
[    0.455341] pci_bus 0000:00: resource 6 [mem 0x000a0000-0x000bffff window]
[    0.456171] pci_bus 0000:00: resource 7 [mem 0x40000000-0xfebfffff window]
[    0.457007] pci_bus 0000:00: resource 8 [mem 0x100000000-0x17fffffff window]
[    0.458052] pci 0000:00:01.0: PIIX3: Enabling Passive Release
[    0.458758] pci 0000:00:00.0: Limiting direct PCI/PCI transfers
[    0.459515] PCI: CLS 0 bytes, default 64
[    0.460229] kvm_intel: VMX not supported by CPU 0
[    0.460837] kvm_amd: TSC scaling supported
[    0.461350] kvm_amd: Nested Virtualization enabled
[    0.461928] kvm_amd: Nested Paging enabled
[    0.462429] kvm_amd: LBR virtualization supported
[    0.463010] kvm_amd: Virtual GIF supported
[    0.463509] kvm_amd: Virtual NMI enabled
[    0.495161] clocksource: tsc: mask: 0xffffffffffffffff max_cycles: 0x40be400eb43, max_idle_ns: 440795366972 ns
[    0.513790] Initialise system trusted keyrings
[    0.514488] workingset: timestamp_bits=56 max_order=18 bucket_order=0
[    0.515389] squashfs: version 4.0 (2009/01/31) Phillip Lougher
[    0.516118] fuse: init (API version 7.41)
[    0.516743] 9p: Installing v9fs 9p2000 file system support
[    0.526457] Key type asymmetric registered
[    0.526964] Asymmetric key parser 'x509' registered
[    0.527623] Block layer SCSI generic (bsg) driver version 0.4 loaded (major 249)
[    0.528562] io scheduler mq-deadline registered
[    0.529123] io scheduler kyber registered
[    0.531860] input: Power Button as /devices/LNXSYSTM:00/LNXPWRBN:00/input/input0
[    0.532964] ACPI: button: Power Button [PWRF]
[    0.534804] Warning: Processor Platform Limit event detected, but not handled.
[    0.535698] Consider compiling CPUfreq support into your kernel.
[    1.345306] ACPI: \_SB_.LNKB: Enabled at IRQ 10
[    2.149286] ACPI: \_SB_.LNKC: Enabled at IRQ 11
[    2.953388] ACPI: \_SB_.LNKA: Enabled at IRQ 10
[    2.954742] Serial: 8250/16550 driver, 4 ports, IRQ sharing enabled
[    2.955857] 00:03: ttyS0 at I/O 0x3f8 (irq = 4, base_baud = 115200) is a 16550A
[    2.979878] Non-volatile memory driver v1.3
[    2.980419] Linux agpgart interface v0.103
[    2.980998] printk: legacy console [hvc0] enabled
[    2.981088] ACPI: bus type drm_connector registered
[    2.981608] printk: legacy bootconsole [earlyser0] disabled
          _      _                                    
   __   _(_)_ __| |_ _ __ ___   ___       _ __   __ _ 
   \ \ / / |  __| __|  _   _ \ / _ \_____|  _ \ / _  |
    \ V /| | |  | |_| | | | | |  __/_____| | | | (_| |
     \_/ |_|_|   \__|_| |_| |_|\___|     |_| |_|\__  |
                                                |___/ 
   kernel version: 6.13.0-rc6-virtme x86_64
   (CTRL+d to exit)

root@virtme-ng:/nipa-data/kernel# PS1='xx__-> '
xx__-> env
PWD=/nipa-data/kernel
nr_open=1048576
HOME=/
TERM=xterm
SHLVL=2
XDG_RUNTIME_DIR=/run/user/0
PATH=/bin:/sbin:/usr/bin:/usr/sbin:/usr/local/bin
OLDPWD=/
_=/bin/env
xx__-> 