No EFI environment detected.
early console in extract_kernel
input_data: 0x00000000029ee2b9
input_len: 0x0000000000b1f2bf
output: 0x0000000001000000
output_len: 0x00000000024c78c0
kernel_total_size: 0x0000000002230000
needed_size: 0x0000000002600000
trampoline_32bit: 0x0000000000000000
Physical KASLR using RDRAND RDTSC...
Virtual KASLR using RDRAND RDTSC...

Decompressing Linux... Parsing ELF... Performing relocations... done.
Booting the kernel (entry_offset: 0x0000000000000000).
[    0.000000] Linux version 6.9.0-rc2-virtme (root@c6e8030bc592) (gcc (Alpine 13.2.1_git20240309) 13.2.1 20240309, GNU ld (GNU Binutils) 2.42) #1 SMP PREEMPT_DYNAMIC Thu Apr 11 03:06:10 UTC 2024
[    0.000000] Command line: virtme_hostname=virtme-ng nr_open=1048576 virtme_link_mods=/nipa-data/kernel/.virtme_mods/lib/modules/0.0.0 virtme_initmount0=nipa-data/kernel virtme_rw_overlay0=/etc virtme_rw_overlay1=/lib virtme_rw_overlay2=/home virtme_rw_overlay3=/opt virtme_rw_overlay4=/srv virtme_rw_overlay5=/usr virtme_rw_overlay6=/var console=hvc0 earlyprintk=serial,ttyS0,115200 virtme_console=ttyS0 psmouse.proto=exps TERM=xterm virtme_chdir=nipa-data/kernel virtme_root_user=1 rootfstype=9p rootflags=version=9p2000.L,trans=virtio,access=any raid=noautodetect ro init=/usr/lib/python3.11/site-packages/virtme/guest/virtme-init
[    0.000000] BIOS-provided physical RAM map:
[    0.000000] BIOS-e820: [mem 0x0000000000000000-0x000000000009fbff] usable
[    0.000000] BIOS-e820: [mem 0x000000000009fc00-0x000000000009ffff] reserved
[    0.000000] BIOS-e820: [mem 0x00000000000f0000-0x00000000000fffff] reserved
[    0.000000] BIOS-e820: [mem 0x0000000000100000-0x000000003ffdffff] usable
[    0.000000] BIOS-e820: [mem 0x000000003ffe0000-0x000000003fffffff] reserved
[    0.000000] BIOS-e820: [mem 0x00000000feffc000-0x00000000feffffff] reserved
[    0.000000] BIOS-e820: [mem 0x00000000fffc0000-0x00000000ffffffff] reserved
[    0.000000] BIOS-e820: [mem 0x000000fd00000000-0x000000ffffffffff] reserved
[    0.000000] printk: legacy bootconsole [earlyser0] enabled
[    0.000000] NX (Execute Disable) protection: active
[    0.000000] APIC: Static calls initialized
[    0.000000] SMBIOS 3.0.0 present.
[    0.000000] DMI: QEMU Standard PC (i440FX + PIIX, 1996), BIOS rel-1.16.3-0-ga6ed6b701f0a-prebuilt.qemu.org 04/01/2014
[    0.000000] Hypervisor detected: KVM
[    0.000000] kvm-clock: Using msrs 4b564d01 and 4b564d00
[    0.000000] kvm-clock: using sched offset of 230217216 cycles
[    0.000388] clocksource: kvm-clock: mask: 0xffffffffffffffff max_cycles: 0x1cd42e4dffb, max_idle_ns: 881590591483 ns
[    0.001598] tsc: Detected 4491.536 MHz processor
[    0.002205] last_pfn = 0x3ffe0 max_arch_pfn = 0x400000000
[    0.002632] MTRR map: 4 entries (3 fixed + 1 variable; max 19), built from 8 variable MTRRs
[    0.003253] x86/PAT: Configuration [0-7]: WB  WC  UC- UC  WB  WP  UC- WT  
Memory KASLR using RDRAND RDTSC...
[    0.005323] found SMP MP-table at [mem 0x000f5470-0x000f547f]
[    0.005754] Using GB pages for direct mapping
[    0.006138] ACPI: Early table checksum verification disabled
[    0.006558] ACPI: RSDP 0x00000000000F5290 000014 (v00 BOCHS )
[    0.006985] ACPI: RSDT 0x000000003FFE27BC 000034 (v01 BOCHS  BXPC     00000001 BXPC 00000001)
[    0.007621] ACPI: FACP 0x000000003FFE2578 000074 (v01 BOCHS  BXPC     00000001 BXPC 00000001)
[    0.008252] ACPI: DSDT 0x000000003FFE0040 002538 (v01 BOCHS  BXPC     00000001 BXPC 00000001)
[    0.008883] ACPI: FACS 0x000000003FFE0000 000040
[    0.009225] ACPI: APIC 0x000000003FFE25EC 000170 (v03 BOCHS  BXPC     00000001 BXPC 00000001)
[    0.009855] ACPI: HPET 0x000000003FFE275C 000038 (v01 BOCHS  BXPC     00000001 BXPC 00000001)
[    0.010484] ACPI: WAET 0x000000003FFE2794 000028 (v01 BOCHS  BXPC     00000001 BXPC 00000001)
[    0.011113] ACPI: Reserving FACP table memory at [mem 0x3ffe2578-0x3ffe25eb]
[    0.011635] ACPI: Reserving DSDT table memory at [mem 0x3ffe0040-0x3ffe2577]
[    0.012156] ACPI: Reserving FACS table memory at [mem 0x3ffe0000-0x3ffe003f]
[    0.012677] ACPI: Reserving APIC table memory at [mem 0x3ffe25ec-0x3ffe275b]
[    0.013198] ACPI: Reserving HPET table memory at [mem 0x3ffe275c-0x3ffe2793]
[    0.013719] ACPI: Reserving WAET table memory at [mem 0x3ffe2794-0x3ffe27bb]
[    0.014382] No NUMA configuration found
[    0.014666] Faking a node at [mem 0x0000000000000000-0x000000003ffdffff]
[    0.015161] NODE_DATA(0) allocated [mem 0x3ffdb000-0x3ffdffff]
[    0.015605] Zone ranges:
[    0.015792]   DMA      [mem 0x0000000000001000-0x0000000000ffffff]
[    0.016249]   DMA32    [mem 0x0000000001000000-0x000000003ffdffff]
[    0.016706]   Normal   empty
[    0.016919]   Device   empty
[    0.017131] Movable zone start for each node
[    0.017447] Early memory node ranges
[    0.017711]   node   0: [mem 0x0000000000001000-0x000000000009efff]
[    0.018174]   node   0: [mem 0x0000000000100000-0x000000003ffdffff]
[    0.018642] Initmem setup node 0 [mem 0x0000000000001000-0x000000003ffdffff]
[    0.019169] On node 0, zone DMA: 1 pages in unavailable ranges
[    0.019624] On node 0, zone DMA: 97 pages in unavailable ranges
[    0.021062] On node 0, zone DMA32: 32 pages in unavailable ranges
[    0.021724] ACPI: PM-Timer IO Port: 0x608
[    0.022026] ACPI: LAPIC_NMI (acpi_id[0xff] dfl dfl lint[0x1])
[    0.022472] IOAPIC[0]: apic_id 0, version 17, address 0xfec00000, GSI 0-23
[    0.022984] ACPI: INT_SRC_OVR (bus 0 bus_irq 0 global_irq 2 dfl dfl)
[    0.023461] ACPI: INT_SRC_OVR (bus 0 bus_irq 5 global_irq 5 high level)
[    0.023952] ACPI: INT_SRC_OVR (bus 0 bus_irq 9 global_irq 9 high level)
[    0.024445] ACPI: INT_SRC_OVR (bus 0 bus_irq 10 global_irq 10 high level)
[    0.024950] ACPI: INT_SRC_OVR (bus 0 bus_irq 11 global_irq 11 high level)
[    0.025457] ACPI: Using ACPI (MADT) for SMP configuration information
[    0.025936] ACPI: HPET id: 0x8086a201 base: 0xfed00000
[    0.026319] TSC deadline timer available
[    0.026613] CPU topo: Max. logical packages:   1
[    0.026957] CPU topo: Max. logical dies:       1
[    0.027302] CPU topo: Max. dies per package:   1
[    0.027648] CPU topo: Max. threads per core:  32
[    0.027992] CPU topo: Num. cores per package:     1
[    0.028356] CPU topo: Num. threads per package:  32
[    0.028720] CPU topo: Allowing 32 present CPUs plus 0 hotplug CPUs
[    0.029195] kvm-guest: APIC: eoi() replaced with kvm_guest_apic_eoi_write()
[    0.029725] kvm-guest: KVM setup pv remote TLB flush
[    0.030096] kvm-guest: setup PV sched yield
[    0.030410] PM: hibernation: Registered nosave memory: [mem 0x00000000-0x00000fff]
[    0.030974] PM: hibernation: Registered nosave memory: [mem 0x0009f000-0x0009ffff]
[    0.031541] PM: hibernation: Registered nosave memory: [mem 0x000a0000-0x000effff]
[    0.032106] PM: hibernation: Registered nosave memory: [mem 0x000f0000-0x000fffff]
[    0.032673] [mem 0x40000000-0xfeffbfff] available for PCI devices
[    0.033133] Booting paravirtualized kernel on KVM
[    0.033488] clocksource: refined-jiffies: mask: 0xffffffff max_cycles: 0xffffffff, max_idle_ns: 1910969940391419 ns
[    0.037336] setup_percpu: NR_CPUS:64 nr_cpumask_bits:32 nr_cpu_ids:32 nr_node_ids:1
[    0.038509] percpu: Embedded 58 pages/cpu s198952 r8192 d30424 u262144
[    0.039024] Kernel command line: virtme_hostname=virtme-ng nr_open=1048576 virtme_link_mods=/nipa-data/kernel/.virtme_mods/lib/modules/0.0.0 virtme_initmount0=nipa-data/kernel virtme_rw_overlay0=/etc virtme_rw_overlay1=/lib virtme_rw_overlay2=/home virtme_rw_overlay3=/opt virtme_rw_overlay4=/srv virtme_rw_overlay5=/usr virtme_rw_overlay6=/var console=hvc0 earlyprintk=serial,ttyS0,115200 virtme_console=ttyS0 psmouse.proto=exps TERM=xterm virtme_chdir=nipa-data/kernel virtme_root_user=1 rootfstype=9p rootflags=version=9p2000.L,trans=virtio,access=any raid=noautodetect ro init=/usr/lib/python3.11/site-packages/virtme/guest/virtme-init
[    0.043405] Unknown kernel command line parameters "virtme_hostname=virtme-ng nr_open=1048576 virtme_link_mods=/nipa-data/kernel/.virtme_mods/lib/modules/0.0.0 virtme_initmount0=nipa-data/kernel virtme_rw_overlay0=/etc virtme_rw_overlay1=/lib virtme_rw_overlay2=/home virtme_rw_overlay3=/opt virtme_rw_overlay4=/srv virtme_rw_overlay5=/usr virtme_rw_overlay6=/var virtme_console=ttyS0 virtme_chdir=nipa-data/kernel virtme_root_user=1", will be passed to user space.
[    0.046730] random: crng init done
[    0.047022] Dentry cache hash table entries: 131072 (order: 8, 1048576 bytes, linear)
[    0.047649] Inode-cache hash table entries: 65536 (order: 7, 524288 bytes, linear)
[    0.048320] Fallback order for Node 0: 0 
[    0.048323] Built 1 zonelists, mobility grouping on.  Total pages: 257760
[    0.049157] Policy zone: DMA32
[    0.049393] mem auto-init: stack:all(zero), heap alloc:off, heap free:off
[    0.050685] Memory: 986616K/1048056K available (16384K kernel code, 2402K rwdata, 6104K rodata, 3048K init, 2112K bss, 61180K reserved, 0K cma-reserved)
[    0.051761] SLUB: HWalign=64, Order=0-3, MinObjects=0, CPUs=32, Nodes=1
Poking KASLR using RDRAND RDTSC...
[    0.052525] ftrace: allocating 47542 entries in 186 pages
[    0.059738] ftrace: allocated 186 pages with 5 groups
[    0.060744] Dynamic Preempt: voluntary
[    0.061190] rcu: Preemptible hierarchical RCU implementation.
[    0.061632] rcu: RCU event tracing is enabled.
[    0.061978] rcu: RCU restricting CPUs from NR_CPUS=64 to nr_cpu_ids=32.
[    0.062491] Trampoline variant of Tasks RCU enabled.
[    0.062877] Rude variant of Tasks RCU enabled.
[    0.063227] Tracing variant of Tasks RCU enabled.
[    0.063594] rcu: RCU calculated value of scheduler-enlistment delay is 100 jiffies.
[    0.064184] rcu: Adjusting geometry for rcu_fanout_leaf=16, nr_cpu_ids=32
[    0.064716] RCU Tasks: Setting shift to 5 and lim to 1 rcu_task_cb_adjust=1.
[    0.065263] RCU Tasks Rude: Setting shift to 5 and lim to 1 rcu_task_cb_adjust=1.
[    0.065842] RCU Tasks Trace: Setting shift to 5 and lim to 1 rcu_task_cb_adjust=1.
[    0.067841] NR_IRQS: 4352, nr_irqs: 680, preallocated irqs: 16
[    0.068456] rcu: srcu_init: Setting srcu_struct sizes based on contention.
[    0.069116] Console: colour *CGA 80x25
[    0.069409] ACPI: Core revision 20230628
[    0.069776] clocksource: hpet: mask: 0xffffffff max_cycles: 0xffffffff, max_idle_ns: 19112604467 ns
[    0.070524] APIC: Switch to symmetric I/O mode setup
[    0.070914] APIC: Switched APIC routing to: physical flat
[    0.071327] kvm-guest: APIC: send_IPI_mask() replaced with kvm_send_ipi_mask()
[    0.071867] kvm-guest: APIC: send_IPI_mask_allbutself() replaced with kvm_send_ipi_mask_allbutself()
[    0.072569] kvm-guest: setup PV IPIs
[    0.073638] ..TIMER: vector=0x30 apic1=0 pin1=2 apic2=-1 pin2=-1
[    0.074452] tsc: Marking TSC unstable due to TSCs unsynchronized
[    0.075273] Calibrating delay loop (skipped) preset value.. 8983.07 BogoMIPS (lpj=4491536)
[    0.076331] x86/cpu: User Mode Instruction Prevention (UMIP) activated
[    0.077321] Last level iTLB entries: 4KB 512, 2MB 255, 4MB 127
[    0.078271] Last level dTLB entries: 4KB 512, 2MB 255, 4MB 127, 1GB 0
[    0.079274] Spectre V1 : Mitigation: usercopy/swapgs barriers and __user pointer sanitization
[    0.080274] Spectre V2 : Mitigation: Enhanced / Automatic IBRS
[    0.081271] Spectre V2 : Spectre v2 / SpectreRSB mitigation: Filling RSB on context switch
[    0.082272] Spectre V2 : mitigation: Enabling conditional Indirect Branch Prediction Barrier
[    0.083271] Spectre V2 : User space: Mitigation: STIBP always-on protection
[    0.084272] Speculative Store Bypass: Mitigation: Speculative Store Bypass disabled via prctl
[    0.085271] Speculative Return Stack Overflow: IBPB-extending microcode not applied!
[    0.086271] Speculative Return Stack Overflow: WARNING: See https://kernel.org/doc/html/latest/admin-guide/hw-vuln/srso.html for mitigation options.
[    0.086271] Speculative Return Stack Overflow: Vulnerable: Safe RET, no microcode
[    0.088286] x86/fpu: Supporting XSAVE feature 0x001: 'x87 floating point registers'
[    0.089271] x86/fpu: Supporting XSAVE feature 0x002: 'SSE registers'
[    0.090271] x86/fpu: Supporting XSAVE feature 0x004: 'AVX registers'
[    0.091271] x86/fpu: Supporting XSAVE feature 0x020: 'AVX-512 opmask'
[    0.092271] x86/fpu: Supporting XSAVE feature 0x040: 'AVX-512 Hi256'
[    0.093271] x86/fpu: Supporting XSAVE feature 0x080: 'AVX-512 ZMM_Hi256'
[    0.094138] x86/fpu: Supporting XSAVE feature 0x200: 'Protection Keys User registers'
[    0.094271] x86/fpu: xstate_offset[2]:  576, xstate_sizes[2]:  256
[    0.095271] x86/fpu: xstate_offset[5]:  832, xstate_sizes[5]:   64
[    0.096271] x86/fpu: xstate_offset[6]:  896, xstate_sizes[6]:  512
[    0.097271] x86/fpu: xstate_offset[7]: 1408, xstate_sizes[7]: 1024
[    0.098271] x86/fpu: xstate_offset[9]: 2432, xstate_sizes[9]:    8
[    0.099271] x86/fpu: Enabled xstate features 0x2e7, context size is 2440 bytes, using 'compacted' format.
[    0.115005] Freeing SMP alternatives memory: 40K
[    0.115271] pid_max: default: 32768 minimum: 301
[    0.115892] Mount-cache hash table entries: 2048 (order: 2, 16384 bytes, linear)
[    0.116271] Mountpoint-cache hash table entries: 2048 (order: 2, 16384 bytes, linear)
[    0.118420] smpboot: CPU0: AMD Ryzen 9 7950X 16-Core Processor (family: 0x19, model: 0x61, stepping: 0x2)
[    0.119385] Performance Events: Fam17h+ core perfctr, AMD PMU driver.
[    0.120247] ... version:                0
[    0.120273] ... bit width:              48
[    0.120804] ... generic registers:      6
[    0.121272] ... value mask:             0000ffffffffffff
[    0.121966] ... max period:             00007fffffffffff
[    0.122272] ... fixed-purpose events:   0
[    0.122793] ... event mask:             000000000000003f
[    0.123357] signal: max sigframe size: 3376
[    0.123917] rcu: Hierarchical SRCU implementation.
[    0.124272] rcu: Max phase no-delay instances is 400.
[    0.127176] smp: Bringing up secondary CPUs ...
[    0.127325] smpboot: x86: Booting SMP configuration:
[    0.127972] .... node  #0, CPUs:        #1  #2  #3  #4  #5  #6  #7  #8  #9 #10 #11 #12 #13 #14 #15 #16 #17 #18 #19 #20 #21 #22 #23 #24 #25 #26 #27 #28 #29 #30 #31
[    0.132370] Spectre V2 : Update user space SMT mitigation: STIBP always-on
[    0.145442] smp: Brought up 1 node, 32 CPUs
[    0.146275] smpboot: Total of 32 processors activated (287458.30 BogoMIPS)
[    0.150442] devtmpfs: initialized
[    0.151300] x86/mm: Memory block size: 128MB
[    0.153014] clocksource: jiffies: mask: 0xffffffff max_cycles: 0xffffffff, max_idle_ns: 1911260446275000 ns
[    0.153275] futex hash table entries: 8192 (order: 7, 524288 bytes, linear)
[    0.154370] PM: RTC time: 03:06:40, date: 2024-04-11
[    0.155620] NET: Registered PF_NETLINK/PF_ROUTE protocol family
[    0.156437] thermal_sys: Registered thermal governor 'step_wise'
[    0.156439] thermal_sys: Registered thermal governor 'user_space'
[    0.157284] cpuidle: using governor menu
[    0.159546] PCI: Using configuration type 1 for base access
[    0.160274] PCI: Using configuration type 1 for extended access
[    0.161324] kprobes: kprobe jump-optimization is enabled. All kprobes are optimized if possible.
[    0.162383] HugeTLB: registered 1.00 GiB page size, pre-allocated 0 pages
[    0.163273] HugeTLB: 16380 KiB vmemmap can be freed for a 1.00 GiB page
[    0.164273] HugeTLB: registered 2.00 MiB page size, pre-allocated 0 pages
[    0.165272] HugeTLB: 28 KiB vmemmap can be freed for a 2.00 MiB page
[    0.166320] Demotion targets for Node 0: null
[    0.167040] ACPI: Added _OSI(Module Device)
[    0.167273] ACPI: Added _OSI(Processor Device)
[    0.168009] ACPI: Added _OSI(3.0 _SCP Extensions)
[    0.168273] ACPI: Added _OSI(Processor Aggregator Device)
[    0.170078] ACPI: 1 ACPI AML tables successfully acquired and loaded
[    0.174687] ACPI: _OSC evaluation for CPUs failed, trying _PDC
[    0.175411] ACPI: Interpreter enabled
[    0.175906] ACPI: PM: (supports S0 S3 S4 S5)
[    0.176273] ACPI: Using IOAPIC for interrupt routing
[    0.176954] PCI: Using host bridge windows from ACPI; if necessary, use "pci=nocrs" and report a bug
[    0.177273] PCI: Using E820 reservations for host bridge windows
[    0.178151] ACPI: Enabled 2 GPEs in block 00 to 0F
[    0.181090] ACPI: PCI Root Bridge [PCI0] (domain 0000 [bus 00-ff])
[    0.181275] acpi PNP0A03:00: _OSC: OS supports [ExtendedConfig ASPM ClockPM Segments MSI HPX-Type3]
[    0.182364] PCI host bridge to bus 0000:00
[    0.182899] pci_bus 0000:00: root bus resource [io  0x0000-0x0cf7 window]
[    0.183273] pci_bus 0000:00: root bus resource [io  0x0d00-0xffff window]
[    0.184273] pci_bus 0000:00: root bus resource [mem 0x000a0000-0x000bffff window]
[    0.185273] pci_bus 0000:00: root bus resource [mem 0x40000000-0xfebfffff window]
[    0.186273] pci_bus 0000:00: root bus resource [mem 0x100000000-0x17fffffff window]
[    0.187273] pci_bus 0000:00: root bus resource [bus 00-ff]
[    0.188296] pci 0000:00:00.0: [8086:1237] type 00 class 0x060000 conventional PCI endpoint
[    0.189583] pci 0000:00:01.0: [8086:7000] type 00 class 0x060100 conventional PCI endpoint
[    0.190667] pci 0000:00:01.1: [8086:7010] type 00 class 0x010180 conventional PCI endpoint
[    0.195023] pci 0000:00:01.1: BAR 4 [io  0xc0c0-0xc0cf]
[    0.196287] pci 0000:00:01.1: BAR 0 [io  0x01f0-0x01f7]: legacy IDE quirk
[    0.197273] pci 0000:00:01.1: BAR 1 [io  0x03f6]: legacy IDE quirk
[    0.198273] pci 0000:00:01.1: BAR 2 [io  0x0170-0x0177]: legacy IDE quirk
[    0.199273] pci 0000:00:01.1: BAR 3 [io  0x0376]: legacy IDE quirk
[    0.200386] pci 0000:00:01.3: [8086:7113] type 00 class 0x068000 conventional PCI endpoint
[    0.201574] pci 0000:00:01.3: quirk: [io  0x0600-0x063f] claimed by PIIX4 ACPI
[    0.202278] pci 0000:00:01.3: quirk: [io  0x0700-0x070f] claimed by PIIX4 SMB
[    0.203477] pci 0000:00:02.0: [1af4:1009] type 00 class 0x000200 conventional PCI endpoint
[    0.206241] pci 0000:00:02.0: BAR 0 [io  0xc000-0xc03f]
[    0.207273] pci 0000:00:02.0: BAR 1 [mem 0xfebfc000-0xfebfcfff]
[    0.211273] pci 0000:00:02.0: BAR 4 [mem 0xfebf0000-0xfebf3fff 64bit pref]
[    0.213563] pci 0000:00:03.0: [1af4:1009] type 00 class 0x000200 conventional PCI endpoint
[    0.215273] pci 0000:00:03.0: BAR 0 [io  0xc040-0xc07f]
[    0.216973] pci 0000:00:03.0: BAR 1 [mem 0xfebfd000-0xfebfdfff]
[    0.220273] pci 0000:00:03.0: BAR 4 [mem 0xfebf4000-0xfebf7fff 64bit pref]
[    0.222469] pci 0000:00:04.0: [8086:25ab] type 00 class 0x088000 conventional PCI endpoint
[    0.223824] pci 0000:00:04.0: BAR 0 [mem 0xfebfe000-0xfebfe00f]
[    0.227628] pci 0000:00:05.0: [1af4:1003] type 00 class 0x078000 conventional PCI endpoint
[    0.229273] pci 0000:00:05.0: BAR 0 [io  0xc080-0xc0bf]
[    0.230940] pci 0000:00:05.0: BAR 1 [mem 0xfebff000-0xfebfffff]
[    0.234897] pci 0000:00:05.0: BAR 4 [mem 0xfebf8000-0xfebfbfff 64bit pref]
[    0.237054] ACPI: PCI: Interrupt link LNKA configured for IRQ 10
[    0.237384] ACPI: PCI: Interrupt link LNKB configured for IRQ 10
[    0.238280] ACPI: PCI: Interrupt link LNKC configured for IRQ 11
[    0.239172] ACPI: PCI: Interrupt link LNKD configured for IRQ 11
[    0.239345] ACPI: PCI: Interrupt link LNKS configured for IRQ 9
[    0.241036] iommu: Default domain type: Translated
[    0.241272] iommu: DMA domain TLB invalidation policy: lazy mode
[    0.242328] SCSI subsystem initialized
[    0.242841] pps_core: LinuxPPS API ver. 1 registered
[    0.243273] pps_core: Software ver. 5.3.6 - Copyright 2005-2007 Rodolfo Giometti <giometti@linux.it>
[    0.244274] PTP clock support registered
[    0.244809] Advanced Linux Sound Architecture Driver Initialized.
[    0.245662] NET: Registered PF_ATMPVC protocol family
[    0.246273] NET: Registered PF_ATMSVC protocol family
[    0.246944] PCI: Using ACPI for IRQ routing
[    0.247356] vgaarb: loaded
[    0.247672] hpet0: at MMIO 0xfed00000, IRQs 2, 8, 0
[    0.248273] hpet0: 3 comparators, 64-bit 100.000000 MHz counter
[    0.252270] clocksource: Switched to clocksource kvm-clock
[    0.252864] VFS: Disk quotas dquot_6.6.0
[    0.253459] VFS: Dquot-cache hash table entries: 512 (order 0, 4096 bytes)
[    0.254394] pnp: PnP ACPI init
[    0.255001] pnp: PnP ACPI: found 5 devices
[    0.262555] clocksource: acpi_pm: mask: 0xffffff max_cycles: 0xffffff, max_idle_ns: 2085701024 ns
[    0.263755] NET: Registered PF_INET protocol family
[    0.264435] IP idents hash table entries: 16384 (order: 5, 131072 bytes, linear)
[    0.265565] tcp_listen_portaddr_hash hash table entries: 512 (order: 1, 8192 bytes, linear)
[    0.266668] Table-perturb hash table entries: 65536 (order: 6, 262144 bytes, linear)
[    0.267692] TCP established hash table entries: 8192 (order: 4, 65536 bytes, linear)
[    0.268706] TCP bind hash table entries: 8192 (order: 6, 262144 bytes, linear)
[    0.269676] TCP: Hash tables configured (established 8192 bind 8192)
[    0.270538] UDP hash table entries: 512 (order: 2, 16384 bytes, linear)
[    0.271392] UDP-Lite hash table entries: 512 (order: 2, 16384 bytes, linear)
[    0.272323] NET: Registered PF_UNIX/PF_LOCAL protocol family
[    0.273056] pci_bus 0000:00: resource 4 [io  0x0000-0x0cf7 window]
[    0.273862] pci_bus 0000:00: resource 5 [io  0x0d00-0xffff window]
[    0.274673] pci_bus 0000:00: resource 6 [mem 0x000a0000-0x000bffff window]
[    0.275571] pci_bus 0000:00: resource 7 [mem 0x40000000-0xfebfffff window]
[    0.276463] pci_bus 0000:00: resource 8 [mem 0x100000000-0x17fffffff window]
[    0.277395] pci 0000:00:01.0: PIIX3: Enabling Passive Release
[    0.278137] pci 0000:00:00.0: Limiting direct PCI/PCI transfers
[    0.278957] PCI: CLS 0 bytes, default 64
[    0.279504] kvm_intel: VMX not supported by CPU 14
[    0.280127] kvm_amd: TSC scaling supported
[    0.280671] kvm_amd: Nested Virtualization enabled
[    0.281280] kvm_amd: Nested Paging enabled
[    0.281858] kvm_amd: Virtual VMLOAD VMSAVE supported
[    0.282539] kvm_amd: Virtual GIF supported
[    0.283105] kvm_amd: Virtual NMI enabled
[    0.283616] kvm_amd: LBR virtualization supported
[    0.381512] Initialise system trusted keyrings
[    0.382384] workingset: timestamp_bits=56 max_order=18 bucket_order=0
[    0.383529] squashfs: version 4.0 (2009/01/31) Phillip Lougher
[    0.384539] fuse: init (API version 7.40)
[    0.385281] 9p: Installing v9fs 9p2000 file system support
[    0.395796] Key type asymmetric registered
[    0.396528] Asymmetric key parser 'x509' registered
[    0.397236] Block layer SCSI generic (bsg) driver version 0.4 loaded (major 249)
[    0.398278] io scheduler mq-deadline registered
[    0.398952] io scheduler kyber registered
[    0.400677] input: Power Button as /devices/LNXSYSTM:00/LNXPWRBN:00/input/input0
[    0.401770] ACPI: button: Power Button [PWRF]
[    0.402383] Warning: Processor Platform Limit event detected, but not handled.
[    0.403326] Consider compiling CPUfreq support into your kernel.
[    0.420909] ACPI: \_SB_.LNKB: Enabled at IRQ 10
[    0.438162] ACPI: \_SB_.LNKC: Enabled at IRQ 11
[    0.457038] ACPI: \_SB_.LNKA: Enabled at IRQ 10
[    0.458725] Serial: 8250/16550 driver, 4 ports, IRQ sharing enabled
[    0.459960] 00:03: ttyS0 at I/O 0x3f8 (irq = 4, base_baud = 115200) is a 16550A
[    0.499730] Non-volatile memory driver v1.3
[    0.500484] Linux agpgart interface v0.103
[    0.500540] ACPI: bus type drm_connector registered
[    0.501908] printk: legacy console [hvc0] enabled
[    0.502542] printk: legacy bootconsole [earlyser0] disabled
          _      _                                    
   __   _(_)_ __| |_ _ __ ___   ___       _ __   __ _ 
   \ \ / / |  __| __|  _   _ \ / _ \_____|  _ \ / _  |
    \ V /| | |  | |_| | | | | |  __/_____| | | | (_| |
     \_/ |_|_|   \__|_| |_| |_|\___|     |_| |_|\__  |
                                                |___/ 
   kernel version: 6.9.0-rc2-virtme x86_64
   (CTRL+d to exit)

virtme-ng:/nipa-data/kernel# PS1='xx__-> '
xx__-> env
PWD=/nipa-data/kernel
nr_open=1048576
HOME=/root
TERM=xterm
SHLVL=2
XDG_RUNTIME_DIR=/run/user/0
PATH=/bin:/sbin:/usr/bin:/usr/sbin:/usr/local/bin
OLDPWD=/
_=/usr/bin/env
xx__-> 