No EFI environment detected.
early console in extract_kernel
input_data: 0x0000000004abc2b9
input_len: 0x00000000017a8ba7
output: 0x0000000001000000
output_len: 0x00000000051f20d4
kernel_total_size: 0x0000000004e30000
needed_size: 0x0000000005200000
trampoline_32bit: 0x0000000000000000
Physical KASLR using RDRAND RDTSC...
Virtual KASLR using RDRAND RDTSC...

Decompressing Linux... Parsing ELF... Performing relocations... done.
Booting the kernel (entry_offset: 0x0000000000000000).
[    0.000000] Linux version 6.8.0-virtme (root@3aaf530e7912) (gcc (Alpine 13.2.1_git20240309) 13.2.1 20240309, GNU ld (GNU Binutils) 2.42) #1 SMP PREEMPT_DYNAMIC Sat Mar 16 12:27:16 UTC 2024
[    0.000000] Command line: virtme_hostname=virtme-ng nr_open=1048576 virtme_link_mods=/nipa-data/kernel/.virtme_mods/lib/modules/0.0.0 virtme_initmount0=nipa-data/kernel virtme_rw_overlay0=/etc virtme_rw_overlay1=/lib virtme_rw_overlay2=/home virtme_rw_overlay3=/opt virtme_rw_overlay4=/srv virtme_rw_overlay5=/usr virtme_rw_overlay6=/var console=hvc0 earlyprintk=serial,ttyS0,115200 virtme_console=ttyS0 psmouse.proto=exps TERM=xterm virtme_chdir=nipa-data/kernel virtme_root_user=1 rootfstype=9p rootflags=version=9p2000.L,trans=virtio,access=any raid=noautodetect ro init=/usr/lib/python3.11/site-packages/virtme/guest/virtme-init
[    0.000000] BIOS-provided physical RAM map:
[    0.000000] BIOS-e820: [mem 0x0000000000000000-0x000000000009fbff] usable
[    0.000000] BIOS-e820: [mem 0x000000000009fc00-0x000000000009ffff] reserved
[    0.000000] BIOS-e820: [mem 0x00000000000f0000-0x00000000000fffff] reserved
[    0.000000] BIOS-e820: [mem 0x0000000000100000-0x000000003ffdffff] usable
[    0.000000] BIOS-e820: [mem 0x000000003ffe0000-0x000000003fffffff] reserved
[    0.000000] BIOS-e820: [mem 0x00000000feffc000-0x00000000feffffff] reserved
[    0.000000] BIOS-e820: [mem 0x00000000fffc0000-0x00000000ffffffff] reserved
[    0.000000] BIOS-e820: [mem 0x000000fd00000000-0x000000ffffffffff] reserved
[    0.000000] printk: legacy bootconsole [earlyser0] enabled
[    0.000000] NX (Execute Disable) protection: active
[    0.000000] APIC: Static calls initialized
[    0.000000] SMBIOS 3.0.0 present.
[    0.000000] DMI: QEMU Standard PC (i440FX + PIIX, 1996), BIOS rel-1.16.3-0-ga6ed6b701f0a-prebuilt.qemu.org 04/01/2014
[    0.000000] Hypervisor detected: KVM
[    0.000000] kvm-clock: Using msrs 4b564d01 and 4b564d00
[    0.000000] kvm-clock: using sched offset of 361282393 cycles
[    0.000395] clocksource: kvm-clock: mask: 0xffffffffffffffff max_cycles: 0x1cd42e4dffb, max_idle_ns: 881590591483 ns
[    0.001616] tsc: Detected 4491.556 MHz processor
[    0.002329] last_pfn = 0x3ffe0 max_arch_pfn = 0x400000000
[    0.002758] MTRR map: 4 entries (3 fixed + 1 variable; max 19), built from 8 variable MTRRs
[    0.003389] x86/PAT: Configuration [0-7]: WB  WC  UC- UC  WB  WP  UC- WT  
[    0.005486] found SMP MP-table at [mem 0x000f5470-0x000f547f]
[    0.005929] Using GB pages for direct mapping
[    0.006419] ACPI: Early table checksum verification disabled
[    0.006844] ACPI: RSDP 0x00000000000F5290 000014 (v00 BOCHS )
[    0.007283] ACPI: RSDT 0x000000003FFE27BC 000034 (v01 BOCHS  BXPC     00000001 BXPC 00000001)
[    0.007947] ACPI: FACP 0x000000003FFE2578 000074 (v01 BOCHS  BXPC     00000001 BXPC 00000001)
[    0.008591] ACPI: DSDT 0x000000003FFE0040 002538 (v01 BOCHS  BXPC     00000001 BXPC 00000001)
[    0.009235] ACPI: FACS 0x000000003FFE0000 000040
[    0.009582] ACPI: APIC 0x000000003FFE25EC 000170 (v03 BOCHS  BXPC     00000001 BXPC 00000001)
[    0.010236] ACPI: HPET 0x000000003FFE275C 000038 (v01 BOCHS  BXPC     00000001 BXPC 00000001)
[    0.010884] ACPI: WAET 0x000000003FFE2794 000028 (v01 BOCHS  BXPC     00000001 BXPC 00000001)
[    0.011524] ACPI: Reserving FACP table memory at [mem 0x3ffe2578-0x3ffe25eb]
[    0.012069] ACPI: Reserving DSDT table memory at [mem 0x3ffe0040-0x3ffe2577]
[    0.012596] ACPI: Reserving FACS table memory at [mem 0x3ffe0000-0x3ffe003f]
[    0.013124] ACPI: Reserving APIC table memory at [mem 0x3ffe25ec-0x3ffe275b]
[    0.013650] ACPI: Reserving HPET table memory at [mem 0x3ffe275c-0x3ffe2793]
[    0.014176] ACPI: Reserving WAET table memory at [mem 0x3ffe2794-0x3ffe27bb]
[    0.014910] No NUMA configuration found
[    0.015199] Faking a node at [mem 0x0000000000000000-0x000000003ffdffff]
[    0.015702] NODE_DATA(0) allocated [mem 0x3ffdb000-0x3ffdffff]
[    0.016172] Zone ranges:
[    0.016363]   DMA      [mem 0x0000000000001000-0x0000000000ffffff]
[    0.016827]   DMA32    [mem 0x0000000001000000-0x000000003ffdffff]
[    0.017291]   Normal   empty
[    0.017507]   Device   empty
[    0.017723] Movable zone start for each node
[    0.018099] Early memory node ranges
[    0.018422]   node   0: [mem 0x0000000000001000-0x000000000009efff]
[    0.018991]   node   0: [mem 0x0000000000100000-0x000000003ffdffff]
[    0.019558] Initmem setup node 0 [mem 0x0000000000001000-0x000000003ffdffff]
[    0.020181] On node 0, zone DMA: 1 pages in unavailable ranges
[    0.020680] On node 0, zone DMA: 97 pages in unavailable ranges
[    0.025635] On node 0, zone DMA32: 32 pages in unavailable ranges
[    0.035246] kasan: KernelAddressSanitizer initialized
[    0.035868] ACPI: PM-Timer IO Port: 0x608
[    0.036177] ACPI: LAPIC_NMI (acpi_id[0xff] dfl dfl lint[0x1])
[    0.036631] IOAPIC[0]: apic_id 0, version 17, address 0xfec00000, GSI 0-23
[    0.037147] ACPI: INT_SRC_OVR (bus 0 bus_irq 0 global_irq 2 dfl dfl)
[    0.037622] ACPI: INT_SRC_OVR (bus 0 bus_irq 5 global_irq 5 high level)
[    0.038119] ACPI: INT_SRC_OVR (bus 0 bus_irq 9 global_irq 9 high level)
[    0.038615] ACPI: INT_SRC_OVR (bus 0 bus_irq 10 global_irq 10 high level)
[    0.039133] ACPI: INT_SRC_OVR (bus 0 bus_irq 11 global_irq 11 high level)
[    0.039643] ACPI: Using ACPI (MADT) for SMP configuration information
[    0.040125] ACPI: HPET id: 0x8086a201 base: 0xfed00000
[    0.040511] TSC deadline timer available
[    0.040808] CPU topo: Max. logical packages:   1
[    0.041154] CPU topo: Max. logical dies:       1
[    0.041499] CPU topo: Max. dies per package:   1
[    0.041846] CPU topo: Max. threads per core:  32
[    0.042192] CPU topo: Num. cores per package:     1
[    0.042557] CPU topo: Num. threads per package:  32
[    0.042928] CPU topo: Allowing 32 present CPUs plus 0 hotplug CPUs
[    0.043406] kvm-guest: APIC: eoi() replaced with kvm_guest_apic_eoi_write()
[    0.043942] kvm-guest: KVM setup pv remote TLB flush
[    0.044316] kvm-guest: setup PV sched yield
[    0.044636] PM: hibernation: Registered nosave memory: [mem 0x00000000-0x00000fff]
[    0.045205] PM: hibernation: Registered nosave memory: [mem 0x0009f000-0x0009ffff]
[    0.045773] PM: hibernation: Registered nosave memory: [mem 0x000a0000-0x000effff]
[    0.046341] PM: hibernation: Registered nosave memory: [mem 0x000f0000-0x000fffff]
[    0.046917] [mem 0x40000000-0xfeffbfff] available for PCI devices
[    0.047370] Booting paravirtualized kernel on KVM
[    0.047721] clocksource: refined-jiffies: mask: 0xffffffff max_cycles: 0xffffffff, max_idle_ns: 1910969940391419 ns
[    0.056650] setup_percpu: NR_CPUS:64 nr_cpumask_bits:32 nr_cpu_ids:32 nr_node_ids:1
[    0.058536] percpu: Embedded 70 pages/cpu s247656 r8192 d30872 u524288
[    0.059108] Kernel command line: virtme_hostname=virtme-ng nr_open=1048576 virtme_link_mods=/nipa-data/kernel/.virtme_mods/lib/modules/0.0.0 virtme_initmount0=nipa-data/kernel virtme_rw_overlay0=/etc virtme_rw_overlay1=/lib virtme_rw_overlay2=/home virtme_rw_overlay3=/opt virtme_rw_overlay4=/srv virtme_rw_overlay5=/usr virtme_rw_overlay6=/var console=hvc0 earlyprintk=serial,ttyS0,115200 virtme_console=ttyS0 psmouse.proto=exps TERM=xterm virtme_chdir=nipa-data/kernel virtme_root_user=1 rootfstype=9p rootflags=version=9p2000.L,trans=virtio,access=any raid=noautodetect ro init=/usr/lib/python3.11/site-packages/virtme/guest/virtme-init
[    0.063587] Unknown kernel command line parameters "virtme_hostname=virtme-ng nr_open=1048576 virtme_link_mods=/nipa-data/kernel/.virtme_mods/lib/modules/0.0.0 virtme_initmount0=nipa-data/kernel virtme_rw_overlay0=/etc virtme_rw_overlay1=/lib virtme_rw_overlay2=/home virtme_rw_overlay3=/opt virtme_rw_overlay4=/srv virtme_rw_overlay5=/usr virtme_rw_overlay6=/var virtme_console=ttyS0 virtme_chdir=nipa-data/kernel virtme_root_user=1", will be passed to user space.
[    0.066967] random: crng init done
[    0.067356] Dentry cache hash table entries: 131072 (order: 8, 1048576 bytes, linear)
[    0.067977] Inode-cache hash table entries: 65536 (order: 7, 524288 bytes, linear)
[    0.069020] Fallback order for Node 0: 0 
[    0.069026] Built 1 zonelists, mobility grouping on.  Total pages: 257760
[    0.069861] Policy zone: DMA32
[    0.070099] mem auto-init: stack:all(zero), heap alloc:off, heap free:off
[    0.070624] stackdepot: allocating hash table via alloc_large_system_hash
[    0.071156] stackdepot hash table entries: 1048576 (order: 12, 16777216 bytes, linear)
[    0.079209] Memory: 781056K/1048056K available (43008K kernel code, 10928K rwdata, 9580K rodata, 5744K init, 2820K bss, 266744K reserved, 0K cma-reserved)
[    0.080461] SLUB: HWalign=64, Order=0-3, MinObjects=0, CPUs=32, Nodes=1
Poking KASLR using RDRAND RDTSC...
[    0.081249] ftrace: allocating 46647 entries in 183 pages
[    0.090084] ftrace: allocated 183 pages with 6 groups
[    0.091374] Dynamic Preempt: voluntary
[    0.092149] rcu: Preemptible hierarchical RCU implementation.
[    0.092595] rcu: RCU event tracing is enabled.
[    0.092945] rcu: RCU restricting CPUs from NR_CPUS=64 to nr_cpu_ids=32.
[    0.093463] Trampoline variant of Tasks RCU enabled.
[    0.093854] Rude variant of Tasks RCU enabled.
[    0.094203] Tracing variant of Tasks RCU enabled.
[    0.094574] rcu: RCU calculated value of scheduler-enlistment delay is 100 jiffies.
[    0.095174] rcu: Adjusting geometry for rcu_fanout_leaf=16, nr_cpu_ids=32
[    0.095736] RCU Tasks: Setting shift to 5 and lim to 1 rcu_task_cb_adjust=1.
[    0.096286] RCU Tasks Rude: Setting shift to 5 and lim to 1 rcu_task_cb_adjust=1.
[    0.096867] RCU Tasks Trace: Setting shift to 5 and lim to 1 rcu_task_cb_adjust=1.
[    0.105696] NR_IRQS: 4352, nr_irqs: 680, preallocated irqs: 16
[    0.106397] rcu: srcu_init: Setting srcu_struct sizes based on contention.
[    0.107139] Console: colour *CGA 80x25
[    0.107449] ACPI: Core revision 20230628
[    0.107904] clocksource: hpet: mask: 0xffffffff max_cycles: 0xffffffff, max_idle_ns: 19112604467 ns
[    0.108665] APIC: Switch to symmetric I/O mode setup
[    0.109047] APIC: Switched APIC routing to: physical flat
[    0.109458] kvm-guest: APIC: send_IPI_mask() replaced with kvm_send_ipi_mask()
[    0.109997] kvm-guest: APIC: send_IPI_mask_allbutself() replaced with kvm_send_ipi_mask_allbutself()
[    0.110699] kvm-guest: setup PV IPIs
[    0.111870] ..TIMER: vector=0x30 apic1=0 pin1=2 apic2=-1 pin2=-1
[    0.112706] tsc: Marking TSC unstable due to TSCs unsynchronized
[    0.113512] Calibrating delay loop (skipped) preset value.. 8983.11 BogoMIPS (lpj=4491556)
[    0.115575] x86/cpu: User Mode Instruction Prevention (UMIP) activated
[    0.116514] Last level iTLB entries: 4KB 512, 2MB 255, 4MB 127
[    0.117289] Last level dTLB entries: 4KB 512, 2MB 255, 4MB 127, 1GB 0
[    0.117513] Spectre V1 : Mitigation: usercopy/swapgs barriers and __user pointer sanitization
[    0.118512] Spectre V2 : Mitigation: Enhanced / Automatic IBRS
[    0.119507] Spectre V2 : Spectre v2 / SpectreRSB mitigation: Filling RSB on context switch
[    0.120509] Spectre V2 : mitigation: Enabling conditional Indirect Branch Prediction Barrier
[    0.121507] Spectre V2 : User space: Mitigation: STIBP always-on protection
[    0.122509] Speculative Store Bypass: Mitigation: Speculative Store Bypass disabled via prctl
[    0.123508] Speculative Return Stack Overflow: IBPB-extending microcode not applied!
[    0.124507] Speculative Return Stack Overflow: WARNING: See https://kernel.org/doc/html/latest/admin-guide/hw-vuln/srso.html for mitigation options.
[    0.124509] Speculative Return Stack Overflow: Vulnerable: Safe RET, no microcode
[    0.126525] x86/fpu: Supporting XSAVE feature 0x001: 'x87 floating point registers'
[    0.127507] x86/fpu: Supporting XSAVE feature 0x002: 'SSE registers'
[    0.128507] x86/fpu: Supporting XSAVE feature 0x004: 'AVX registers'
[    0.129507] x86/fpu: Supporting XSAVE feature 0x020: 'AVX-512 opmask'
[    0.130507] x86/fpu: Supporting XSAVE feature 0x040: 'AVX-512 Hi256'
[    0.131507] x86/fpu: Supporting XSAVE feature 0x080: 'AVX-512 ZMM_Hi256'
[    0.132507] x86/fpu: Supporting XSAVE feature 0x200: 'Protection Keys User registers'
[    0.133508] x86/fpu: xstate_offset[2]:  576, xstate_sizes[2]:  256
[    0.134507] x86/fpu: xstate_offset[5]:  832, xstate_sizes[5]:   64
[    0.135332] x86/fpu: xstate_offset[6]:  896, xstate_sizes[6]:  512
[    0.135508] x86/fpu: xstate_offset[7]: 1408, xstate_sizes[7]: 1024
[    0.136507] x86/fpu: xstate_offset[9]: 2432, xstate_sizes[9]:    8
[    0.137507] x86/fpu: Enabled xstate features 0x2e7, context size is 2440 bytes, using 'compacted' format.
[    0.160358] Freeing SMP alternatives memory: 40K
[    0.160509] pid_max: default: 32768 minimum: 301
[    0.161666] Mount-cache hash table entries: 2048 (order: 2, 16384 bytes, linear)
[    0.162509] Mountpoint-cache hash table entries: 2048 (order: 2, 16384 bytes, linear)
[    0.164198] smpboot: CPU0: AMD Ryzen 9 7950X 16-Core Processor (family: 0x19, model: 0x61, stepping: 0x2)
[    0.164981] Performance Events: Fam17h+ core perfctr, AMD PMU driver.
[    0.165512] ... version:                0
[    0.166040] ... bit width:              48
[    0.166509] ... generic registers:      6
[    0.167039] ... value mask:             0000ffffffffffff
[    0.167509] ... max period:             00007fffffffffff
[    0.168209] ... fixed-purpose events:   0
[    0.168509] ... event mask:             000000000000003f
[    0.169315] signal: max sigframe size: 3376
[    0.169557] rcu: Hierarchical SRCU implementation.
[    0.170191] rcu: Max phase no-delay instances is 400.
[    0.174870] smp: Bringing up secondary CPUs ...
[    0.175663] smpboot: x86: Booting SMP configuration:
[    0.176317] .... node  #0, CPUs:        #1  #2  #3  #4  #5  #6  #7  #8  #9 #10 #11 #12 #13 #14 #15 #16 #17 #18 #19 #20 #21 #22 #23 #24 #25 #26 #27 #28 #29 #30 #31
[    0.185844] Spectre V2 : Update user space SMT mitigation: STIBP always-on
[    0.204687] smp: Brought up 1 node, 32 CPUs
[    0.205514] smpboot: Total of 32 processors activated (287459.58 BogoMIPS)
[    0.209705] devtmpfs: initialized
[    0.210690] x86/mm: Memory block size: 128MB
[    0.219873] clocksource: jiffies: mask: 0xffffffff max_cycles: 0xffffffff, max_idle_ns: 1911260446275000 ns
[    0.220517] futex hash table entries: 8192 (order: 7, 524288 bytes, linear)
[    0.221967] PM: RTC time: 12:27:52, date: 2024-03-16
[    0.223773] NET: Registered PF_NETLINK/PF_ROUTE protocol family
[    0.225629] thermal_sys: Registered thermal governor 'step_wise'
[    0.225632] thermal_sys: Registered thermal governor 'user_space'
[    0.226548] cpuidle: using governor menu
[    0.229976] PCI: Using configuration type 1 for base access
[    0.230512] PCI: Using configuration type 1 for extended access
[    0.231627] kprobes: kprobe jump-optimization is enabled. All kprobes are optimized if possible.
[    0.232732] HugeTLB: registered 1.00 GiB page size, pre-allocated 0 pages
[    0.233512] HugeTLB: 16380 KiB vmemmap can be freed for a 1.00 GiB page
[    0.234512] HugeTLB: registered 2.00 MiB page size, pre-allocated 0 pages
[    0.235511] HugeTLB: 28 KiB vmemmap can be freed for a 2.00 MiB page
[    0.237621] ACPI: Added _OSI(Module Device)
[    0.238345] ACPI: Added _OSI(Processor Device)
[    0.238511] ACPI: Added _OSI(3.0 _SCP Extensions)
[    0.239303] ACPI: Added _OSI(Processor Aggregator Device)
[    0.272743] ACPI: 1 ACPI AML tables successfully acquired and loaded
[    0.276338] ACPI: _OSC evaluation for CPUs failed, trying _PDC
[    0.279698] ACPI: Interpreter enabled
[    0.280421] ACPI: PM: (supports S0 S3 S4 S5)
[    0.280511] ACPI: Using IOAPIC for interrupt routing
[    0.281433] PCI: Using host bridge windows from ACPI; if necessary, use "pci=nocrs" and report a bug
[    0.281511] PCI: Using E820 reservations for host bridge windows
[    0.284062] ACPI: Enabled 2 GPEs in block 00 to 0F
[    0.351704] ACPI: PCI Root Bridge [PCI0] (domain 0000 [bus 00-ff])
[    0.352533] acpi PNP0A03:00: _OSC: OS supports [ExtendedConfig ASPM ClockPM Segments MSI HPX-Type3]
[    0.354227] PCI host bridge to bus 0000:00
[    0.354517] pci_bus 0000:00: root bus resource [io  0x0000-0x0cf7 window]
[    0.355515] pci_bus 0000:00: root bus resource [io  0x0d00-0xffff window]
[    0.356516] pci_bus 0000:00: root bus resource [mem 0x000a0000-0x000bffff window]
[    0.357516] pci_bus 0000:00: root bus resource [mem 0x40000000-0xfebfffff window]
[    0.358517] pci_bus 0000:00: root bus resource [mem 0x100000000-0x17fffffff window]
[    0.359516] pci_bus 0000:00: root bus resource [bus 00-ff]
[    0.360679] pci 0000:00:00.0: [8086:1237] type 00 class 0x060000 conventional PCI endpoint
[    0.362728] pci 0000:00:01.0: [8086:7000] type 00 class 0x060100 conventional PCI endpoint
[    0.364775] pci 0000:00:01.1: [8086:7010] type 00 class 0x010180 conventional PCI endpoint
[    0.368909] pci 0000:00:01.1: BAR 4 [io  0xc0c0-0xc0cf]
[    0.370909] pci 0000:00:01.1: BAR 0 [io  0x01f0-0x01f7]: legacy IDE quirk
[    0.371511] pci 0000:00:01.1: BAR 1 [io  0x03f6]: legacy IDE quirk
[    0.372512] pci 0000:00:01.1: BAR 2 [io  0x0170-0x0177]: legacy IDE quirk
[    0.373512] pci 0000:00:01.1: BAR 3 [io  0x0376]: legacy IDE quirk
[    0.375494] pci 0000:00:01.3: [8086:7113] type 00 class 0x068000 conventional PCI endpoint
[    0.375861] pci 0000:00:01.3: quirk: [io  0x0600-0x063f] claimed by PIIX4 ACPI
[    0.376517] pci 0000:00:01.3: quirk: [io  0x0700-0x070f] claimed by PIIX4 SMB
[    0.378559] pci 0000:00:02.0: [1af4:1009] type 00 class 0x000200 conventional PCI endpoint
[    0.380511] pci 0000:00:02.0: BAR 0 [io  0xc000-0xc03f]
[    0.382219] pci 0000:00:02.0: BAR 1 [mem 0xfebfc000-0xfebfcfff]
[    0.385510] pci 0000:00:02.0: BAR 4 [mem 0xfebf0000-0xfebf3fff 64bit pref]
[    0.399162] pci 0000:00:03.0: [1af4:1009] type 00 class 0x000200 conventional PCI endpoint
[    0.400510] pci 0000:00:03.0: BAR 0 [io  0xc040-0xc07f]
[    0.402215] pci 0000:00:03.0: BAR 1 [mem 0xfebfd000-0xfebfdfff]
[    0.405510] pci 0000:00:03.0: BAR 4 [mem 0xfebf4000-0xfebf7fff 64bit pref]
[    0.419431] pci 0000:00:04.0: [8086:25ab] type 00 class 0x088000 conventional PCI endpoint
[    0.419900] pci 0000:00:04.0: BAR 0 [mem 0xfebfe000-0xfebfe00f]
[    0.435284] pci 0000:00:05.0: [1af4:1003] type 00 class 0x078000 conventional PCI endpoint
[    0.436510] pci 0000:00:05.0: BAR 0 [io  0xc080-0xc0bf]
[    0.438237] pci 0000:00:05.0: BAR 1 [mem 0xfebff000-0xfebfffff]
[    0.441510] pci 0000:00:05.0: BAR 4 [mem 0xfebf8000-0xfebfbfff 64bit pref]
[    0.458119] ACPI: PCI: Interrupt link LNKA configured for IRQ 10
[    0.459492] ACPI: PCI: Interrupt link LNKB configured for IRQ 10
[    0.460471] ACPI: PCI: Interrupt link LNKC configured for IRQ 11
[    0.461473] ACPI: PCI: Interrupt link LNKD configured for IRQ 11
[    0.461909] ACPI: PCI: Interrupt link LNKS configured for IRQ 9
[    0.481721] iommu: Default domain type: Translated
[    0.482371] iommu: DMA domain TLB invalidation policy: lazy mode
[    0.482989] SCSI subsystem initialized
[    0.483745] pps_core: LinuxPPS API ver. 1 registered
[    0.484511] pps_core: Software ver. 5.3.6 - Copyright 2005-2007 Rodolfo Giometti <giometti@linux.it>
[    0.485524] PTP clock support registered
[    0.486141] Advanced Linux Sound Architecture Driver Initialized.
[    0.487700] NET: Registered PF_ATMPVC protocol family
[    0.488382] NET: Registered PF_ATMSVC protocol family
[    0.488539] PCI: Using ACPI for IRQ routing
[    0.489247] vgaarb: loaded
[    0.489636] hpet0: at MMIO 0xfed00000, IRQs 2, 8, 0
[    0.490298] hpet0: 3 comparators, 64-bit 100.000000 MHz counter
[    0.493918] clocksource: Switched to clocksource kvm-clock
[    0.494915] VFS: Disk quotas dquot_6.6.0
[    0.495869] VFS: Dquot-cache hash table entries: 512 (order 0, 4096 bytes)
[    0.496975] pnp: PnP ACPI init
[    0.499907] pnp: PnP ACPI: found 5 devices
[    0.513066] clocksource: acpi_pm: mask: 0xffffff max_cycles: 0xffffff, max_idle_ns: 2085701024 ns
[    0.514339] NET: Registered PF_INET protocol family
[    0.515038] IP idents hash table entries: 16384 (order: 5, 131072 bytes, linear)
[    0.516429] tcp_listen_portaddr_hash hash table entries: 512 (order: 1, 8192 bytes, linear)
[    0.517547] Table-perturb hash table entries: 65536 (order: 6, 262144 bytes, linear)
[    0.518602] TCP established hash table entries: 8192 (order: 4, 65536 bytes, linear)
[    0.519638] TCP bind hash table entries: 8192 (order: 6, 262144 bytes, linear)
[    0.520617] TCP: Hash tables configured (established 8192 bind 8192)
[    0.521730] UDP hash table entries: 512 (order: 2, 16384 bytes, linear)
[    0.522624] UDP-Lite hash table entries: 512 (order: 2, 16384 bytes, linear)
[    0.523803] NET: Registered PF_UNIX/PF_LOCAL protocol family
[    0.524583] pci_bus 0000:00: resource 4 [io  0x0000-0x0cf7 window]
[    0.525404] pci_bus 0000:00: resource 5 [io  0x0d00-0xffff window]
[    0.526227] pci_bus 0000:00: resource 6 [mem 0x000a0000-0x000bffff window]
[    0.527147] pci_bus 0000:00: resource 7 [mem 0x40000000-0xfebfffff window]
[    0.528075] pci_bus 0000:00: resource 8 [mem 0x100000000-0x17fffffff window]
[    0.529245] pci 0000:00:01.0: PIIX3: Enabling Passive Release
[    0.530026] pci 0000:00:00.0: Limiting direct PCI/PCI transfers
[    0.530864] PCI: CLS 0 bytes, default 64
[    0.531455] kvm_intel: VMX not supported by CPU 0
[    0.532134] kvm_amd: TSC scaling supported
[    0.532689] kvm_amd: Nested Virtualization enabled
[    0.533331] kvm_amd: Nested Paging enabled
[    0.533908] kvm_amd: Virtual VMLOAD VMSAVE supported
[    0.534579] kvm_amd: Virtual GIF supported
[    0.535132] kvm_amd: Virtual NMI enabled
[    0.535664] kvm_amd: LBR virtualization supported
[    0.657922] workingset: timestamp_bits=56 max_order=18 bucket_order=0
[    0.659002] squashfs: version 4.0 (2009/01/31) Phillip Lougher
[    0.659854] fuse: init (API version 7.39)
[    0.660726] 9p: Installing v9fs 9p2000 file system support
[    0.661626] Key type asymmetric registered
[    0.662268] Block layer SCSI generic (bsg) driver version 0.4 loaded (major 249)
[    0.663349] io scheduler mq-deadline registered
[    0.663997] io scheduler kyber registered
[    0.665967] input: Power Button as /devices/LNXSYSTM:00/LNXPWRBN:00/input/input0
[    0.667234] ACPI: button: Power Button [PWRF]
[    0.667971] Warning: Processor Platform Limit event detected, but not handled.
[    0.668977] Consider compiling CPUfreq support into your kernel.
[    1.571649] ACPI: \_SB_.LNKB: Enabled at IRQ 10
[    2.466013] ACPI: \_SB_.LNKC: Enabled at IRQ 11
[    3.330400] ACPI: \_SB_.LNKA: Enabled at IRQ 10
[    3.332005] Serial: 8250/16550 driver, 4 ports, IRQ sharing enabled
[    3.333193] 00:03: ttyS0 at I/O 0x3f8 (irq = 4, base_baud = 115200) is a 16550A
[    3.378327] Non-volatile memory driver v1.3
[    3.378929] Linux agpgart interface v0.103
[    3.379671] ACPI: bus type drm_connector registered
[    3.380337] printk: legacy console [hvc0] enabled
[    3.381157] printk: legacy bootconsole [earlyser0] disabled
          _      _                                    
   __   _(_)_ __| |_ _ __ ___   ___       _ __   __ _ 
   \ \ / / |  __| __|  _   _ \ / _ \_____|  _ \ / _  |
    \ V /| | |  | |_| | | | | |  __/_____| | | | (_| |
     \_/ |_|_|   \__|_| |_| |_|\___|     |_| |_|\__  |
                                                |___/ 
   kernel version: 6.8.0-virtme x86_64
   (CTRL+d to exit)

virtme-ng:/nipa-data/kernel# PS1='xx__-> '
xx__-> env
PWD=/nipa-data/kernel
nr_open=1048576
HOME=/
TERM=xterm
SHLVL=2
XDG_RUNTIME_DIR=/run/user/0
PATH=/bin:/sbin:/usr/bin:/usr/sbin:/usr/local/bin
OLDPWD=/
_=/usr/bin/env
xx__-> 