No EFI environment detected.
early console in extract_kernel
input_data: 0x0000000004cb72c4
input_len: 0x000000000186fa9a
output: 0x0000000001000000
output_len: 0x00000000054b1870
kernel_total_size: 0x0000000005030000
needed_size: 0x0000000005600000
trampoline_32bit: 0x000000000009d000
Physical KASLR using RDRAND RDTSC...
Virtual KASLR using RDRAND RDTSC...

Decompressing Linux... Parsing ELF... Performing relocations... done.
Booting the kernel (entry_offset: 0x0000000000000000).
[    0.000000] Linux version 6.10.0-rc7-virtme (root@609cdb7039a6) (gcc (Ubuntu 13.2.0-23ubuntu4) 13.2.0, GNU ld (GNU Binutils for Ubuntu) 2.42) #1 SMP PREEMPT_DYNAMIC Sat Jul 13 09:27:33 UTC 2024
[    0.000000] Command line: virtme_hostname=virtme-ng nr_open=1048576 virtme_link_mods=/nipa-data/kernel/.virtme_mods/lib/modules/0.0.0 virtme_initmount0=nipa-data/kernel virtme_rw_overlay0=/etc virtme_rw_overlay1=/lib virtme_rw_overlay2=/home virtme_rw_overlay3=/opt virtme_rw_overlay4=/srv virtme_rw_overlay5=/usr virtme_rw_overlay6=/var console=hvc0 earlyprintk=serial,ttyS0,115200 virtme_console=ttyS0 psmouse.proto=exps TERM=xterm virtme_chdir=nipa-data/kernel virtme_root_user=1 rootfstype=9p rootflags=version=9p2000.L,trans=virtio,access=any raid=noautodetect ro init=/usr/lib/python3/dist-packages/virtme/guest/virtme-init
[    0.000000] x86/split lock detection: #DB: warning on user-space bus_locks
[    0.000000] BIOS-provided physical RAM map:
[    0.000000] BIOS-e820: [mem 0x0000000000000000-0x000000000009fbff] usable
[    0.000000] BIOS-e820: [mem 0x000000000009fc00-0x000000000009ffff] reserved
[    0.000000] BIOS-e820: [mem 0x00000000000f0000-0x00000000000fffff] reserved
[    0.000000] BIOS-e820: [mem 0x0000000000100000-0x000000003ffdffff] usable
[    0.000000] BIOS-e820: [mem 0x000000003ffe0000-0x000000003fffffff] reserved
[    0.000000] BIOS-e820: [mem 0x00000000feffc000-0x00000000feffffff] reserved
[    0.000000] BIOS-e820: [mem 0x00000000fffc0000-0x00000000ffffffff] reserved
[    0.000000] printk: legacy bootconsole [earlyser0] enabled
[    0.000000] NX (Execute Disable) protection: active
[    0.000000] APIC: Static calls initialized
[    0.000000] SMBIOS 3.0.0 present.
[    0.000000] DMI: QEMU Ubuntu 24.04 PC (i440FX + PIIX, 1996), BIOS 1.16.3-debian-1.16.3-2 04/01/2014
[    0.000000] DMI: Memory slots populated: 1/1
[    0.000000] Hypervisor detected: KVM
[    0.000000] kvm-clock: Using msrs 4b564d01 and 4b564d00
[    0.000001] kvm-clock: using sched offset of 1260669100 cycles
[    0.000761] clocksource: kvm-clock: mask: 0xffffffffffffffff max_cycles: 0x1cd42e4dffb, max_idle_ns: 881590591483 ns
[    0.003138] tsc: Detected 2000.000 MHz processor
[    0.004451] last_pfn = 0x3ffe0 max_arch_pfn = 0x10000000000
[    0.005316] MTRR map: 4 entries (3 fixed + 1 variable; max 19), built from 8 variable MTRRs
[    0.006531] x86/PAT: Configuration [0-7]: WB  WC  UC- UC  WB  WP  UC- WT  
[    0.014407] found SMP MP-table at [mem 0x000f5470-0x000f547f]
[    0.015258] Using GB pages for direct mapping
[    0.016106] ACPI: Early table checksum verification disabled
[    0.016926] ACPI: RSDP 0x00000000000F5290 000014 (v00 BOCHS )
[    0.017763] ACPI: RSDT 0x000000003FFE308E 000034 (v01 BOCHS  BXPC     00000001 BXPC 00000001)
[    0.019007] ACPI: FACP 0x000000003FFE2D8A 000074 (v01 BOCHS  BXPC     00000001 BXPC 00000001)
[    0.020247] ACPI: DSDT 0x000000003FFE0040 002D4A (v01 BOCHS  BXPC     00000001 BXPC 00000001)
[    0.021482] ACPI: FACS 0x000000003FFE0000 000040
[    0.022154] ACPI: APIC 0x000000003FFE2DFE 000230 (v03 BOCHS  BXPC     00000001 BXPC 00000001)
[    0.023391] ACPI: HPET 0x000000003FFE302E 000038 (v01 BOCHS  BXPC     00000001 BXPC 00000001)
[    0.024625] ACPI: WAET 0x000000003FFE3066 000028 (v01 BOCHS  BXPC     00000001 BXPC 00000001)
[    0.025855] ACPI: Reserving FACP table memory at [mem 0x3ffe2d8a-0x3ffe2dfd]
[    0.026872] ACPI: Reserving DSDT table memory at [mem 0x3ffe0040-0x3ffe2d89]
[    0.027885] ACPI: Reserving FACS table memory at [mem 0x3ffe0000-0x3ffe003f]
[    0.028898] ACPI: Reserving APIC table memory at [mem 0x3ffe2dfe-0x3ffe302d]
[    0.029910] ACPI: Reserving HPET table memory at [mem 0x3ffe302e-0x3ffe3065]
[    0.030926] ACPI: Reserving WAET table memory at [mem 0x3ffe3066-0x3ffe308d]
[    0.032448] No NUMA configuration found
[    0.033005] Faking a node at [mem 0x0000000000000000-0x000000003ffdffff]
[    0.033973] NODE_DATA(0) allocated [mem 0x3ffdb000-0x3ffdffff]
[    0.034981] Zone ranges:
[    0.035349]   DMA      [mem 0x0000000000001000-0x0000000000ffffff]
[    0.036242]   DMA32    [mem 0x0000000001000000-0x000000003ffdffff]
[    0.037135]   Normal   empty
[    0.037553]   Device   empty
[    0.037971] Movable zone start for each node
[    0.038592] Early memory node ranges
[    0.039107]   node   0: [mem 0x0000000000001000-0x000000000009efff]
[    0.040012]   node   0: [mem 0x0000000000100000-0x000000003ffdffff]
[    0.040917] Initmem setup node 0 [mem 0x0000000000001000-0x000000003ffdffff]
[    0.041940] On node 0, zone DMA: 1 pages in unavailable ranges
[    0.042888] On node 0, zone DMA: 97 pages in unavailable ranges
[    0.052522] On node 0, zone DMA32: 32 pages in unavailable ranges
[    0.087650] kasan: KernelAddressSanitizer initialized
[    0.088935] ACPI: PM-Timer IO Port: 0x608
[    0.089545] ACPI: LAPIC_NMI (acpi_id[0xff] dfl dfl lint[0x1])
[    0.090444] IOAPIC[0]: apic_id 0, version 17, address 0xfec00000, GSI 0-23
[    0.091436] ACPI: INT_SRC_OVR (bus 0 bus_irq 0 global_irq 2 dfl dfl)
[    0.092350] ACPI: INT_SRC_OVR (bus 0 bus_irq 5 global_irq 5 high level)
[    0.093305] ACPI: INT_SRC_OVR (bus 0 bus_irq 9 global_irq 9 high level)
[    0.094257] ACPI: INT_SRC_OVR (bus 0 bus_irq 10 global_irq 10 high level)
[    0.095239] ACPI: INT_SRC_OVR (bus 0 bus_irq 11 global_irq 11 high level)
[    0.096221] ACPI: Using ACPI (MADT) for SMP configuration information
[    0.097149] ACPI: HPET id: 0x8086a201 base: 0xfed00000
[    0.097892] TSC deadline timer available
[    0.098464] CPU topo: Max. logical packages:   1
[    0.099130] CPU topo: Max. logical dies:       1
[    0.099794] CPU topo: Max. dies per package:   1
[    0.100464] CPU topo: Max. threads per core:   1
[    0.101129] CPU topo: Num. cores per package:    56
[    0.101831] CPU topo: Num. threads per package:  56
[    0.102616] CPU topo: Allowing 56 present CPUs plus 0 hotplug CPUs
[    0.103540] kvm-guest: APIC: eoi() replaced with kvm_guest_apic_eoi_write()
[    0.104564] kvm-guest: KVM setup pv remote TLB flush
[    0.105283] kvm-guest: setup PV sched yield
[    0.105896] PM: hibernation: Registered nosave memory: [mem 0x00000000-0x00000fff]
[    0.106994] PM: hibernation: Registered nosave memory: [mem 0x0009f000-0x0009ffff]
[    0.108084] PM: hibernation: Registered nosave memory: [mem 0x000a0000-0x000effff]
[    0.109172] PM: hibernation: Registered nosave memory: [mem 0x000f0000-0x000fffff]
[    0.110262] [mem 0x40000000-0xfeffbfff] available for PCI devices
[    0.111143] Booting paravirtualized kernel on KVM
[    0.111821] clocksource: refined-jiffies: mask: 0xffffffff max_cycles: 0xffffffff, max_idle_ns: 1910969940391419 ns
[    0.134445] setup_percpu: NR_CPUS:64 nr_cpumask_bits:56 nr_cpu_ids:56 nr_node_ids:1
[    0.145274] percpu: Embedded 70 pages/cpu s248536 r8192 d29992 u524288
[    0.146447] Kernel command line: virtme_hostname=virtme-ng nr_open=1048576 virtme_link_mods=/nipa-data/kernel/.virtme_mods/lib/modules/0.0.0 virtme_initmount0=nipa-data/kernel virtme_rw_overlay0=/etc virtme_rw_overlay1=/lib virtme_rw_overlay2=/home virtme_rw_overlay3=/opt virtme_rw_overlay4=/srv virtme_rw_overlay5=/usr virtme_rw_overlay6=/var console=hvc0 earlyprintk=serial,ttyS0,115200 virtme_console=ttyS0 psmouse.proto=exps TERM=xterm virtme_chdir=nipa-data/kernel virtme_root_user=1 rootfstype=9p rootflags=version=9p2000.L,trans=virtio,access=any raid=noautodetect ro init=/usr/lib/python3/dist-packages/virtme/guest/virtme-init
[    0.154892] Unknown kernel command line parameters "virtme_hostname=virtme-ng nr_open=1048576 virtme_link_mods=/nipa-data/kernel/.virtme_mods/lib/modules/0.0.0 virtme_initmount0=nipa-data/kernel virtme_rw_overlay0=/etc virtme_rw_overlay1=/lib virtme_rw_overlay2=/home virtme_rw_overlay3=/opt virtme_rw_overlay4=/srv virtme_rw_overlay5=/usr virtme_rw_overlay6=/var virtme_console=ttyS0 virtme_chdir=nipa-data/kernel virtme_root_user=1", will be passed to user space.
[    0.160872] random: crng init done
[    0.161370] printk: log_buf_len individual max cpu contribution: 4096 bytes
[    0.162386] printk: log_buf_len total cpu_extra contributions: 225280 bytes
[    0.163405] printk: log_buf_len min size: 262144 bytes
[    0.165005] printk: log_buf_len: 524288 bytes
[    0.165673] printk: early log buf free: 253864(96%)
[    0.166872] Dentry cache hash table entries: 131072 (order: 8, 1048576 bytes, linear)
[    0.168094] Inode-cache hash table entries: 65536 (order: 7, 524288 bytes, linear)
[    0.171847] Fallback order for Node 0: 0 
[    0.171869] Built 1 zonelists, mobility grouping on.  Total pages: 262014
[    0.173393] Policy zone: DMA32
[    0.173818] mem auto-init: stack:all(zero), heap alloc:off, heap free:off
[    0.174765] stackdepot: allocating hash table via alloc_large_system_hash
[    0.175708] stackdepot hash table entries: 1048576 (order: 12, 16777216 bytes, linear)
[    0.200648] Memory: 767444K/1048056K available (45056K kernel code, 11218K rwdata, 9856K rodata, 5920K init, 2128K bss, 280412K reserved, 0K cma-reserved)
[    0.203092] SLUB: HWalign=64, Order=0-3, MinObjects=0, CPUs=56, Nodes=1
Poking KASLR using RDRAND RDTSC...
[    0.204600] ftrace: allocating 48042 entries in 188 pages
[    0.225341] ftrace: allocated 188 pages with 5 groups
[    0.228050] Dynamic Preempt: voluntary
[    0.230674] rcu: Preemptible hierarchical RCU implementation.
[    0.231480] rcu: RCU event tracing is enabled.
[    0.232107] rcu: RCU restricting CPUs from NR_CPUS=64 to nr_cpu_ids=56.
[    0.233037] Trampoline variant of Tasks RCU enabled.
[    0.233735] Rude variant of Tasks RCU enabled.
[    0.234360] Tracing variant of Tasks RCU enabled.
[    0.235028] rcu: RCU calculated value of scheduler-enlistment delay is 100 jiffies.
[    0.236087] rcu: Adjusting geometry for rcu_fanout_leaf=16, nr_cpu_ids=56
[    0.237335] RCU Tasks: Setting shift to 6 and lim to 1 rcu_task_cb_adjust=1.
[    0.238317] RCU Tasks Rude: Setting shift to 6 and lim to 1 rcu_task_cb_adjust=1.
[    0.239358] RCU Tasks Trace: Setting shift to 6 and lim to 1 rcu_task_cb_adjust=1.
[    0.260553] NR_IRQS: 4352, nr_irqs: 872, preallocated irqs: 16
[    0.261941] rcu: srcu_init: Setting srcu_struct sizes based on contention.
[    0.263401] Console: colour *CGA 80x25
[    0.264037] ACPI: Core revision 20240322
[    0.264956] clocksource: hpet: mask: 0xffffffff max_cycles: 0xffffffff, max_idle_ns: 19112604467 ns
[    0.266362] APIC: Switch to symmetric I/O mode setup
[    0.267248] APIC: Switched APIC routing to: physical flat
[    0.268324] kvm-guest: APIC: send_IPI_mask() replaced with kvm_send_ipi_mask()
[    0.269384] kvm-guest: APIC: send_IPI_mask_allbutself() replaced with kvm_send_ipi_mask_allbutself()
[    0.271018] kvm-guest: setup PV IPIs
[    0.273347] ..TIMER: vector=0x30 apic1=0 pin1=2 apic2=-1 pin2=-1
[    0.274927] clocksource: tsc-early: mask: 0xffffffffffffffff max_cycles: 0x39a85c9bff6, max_idle_ns: 881590591483 ns
[    0.278028] Calibrating delay loop (skipped) preset value.. 4000.00 BogoMIPS (lpj=2000000)
[    0.279248] x86/cpu: User Mode Instruction Prevention (UMIP) activated
[    0.280178] Last level iTLB entries: 4KB 0, 2MB 0, 4MB 0
[    0.281021] Last level dTLB entries: 4KB 0, 2MB 0, 4MB 0, 1GB 0
[    0.282044] Spectre V1 : Mitigation: usercopy/swapgs barriers and __user pointer sanitization
[    0.283030] Spectre V2 : Spectre BHI mitigation: SW BHB clearing on vm exit
[    0.284024] Spectre V2 : Spectre BHI mitigation: SW BHB clearing on syscall
[    0.285021] Spectre V2 : Mitigation: Enhanced / Automatic IBRS
[    0.286021] Spectre V2 : Spectre v2 / SpectreRSB mitigation: Filling RSB on context switch
[    0.287021] Spectre V2 : Spectre v2 / PBRSB-eIBRS: Retire a single CALL on VMEXIT
[    0.288026] Spectre V2 : mitigation: Enabling conditional Indirect Branch Prediction Barrier
[    0.289025] Speculative Store Bypass: Mitigation: Speculative Store Bypass disabled via prctl
[    0.290031] TAA: Mitigation: TSX disabled
[    0.291113] x86/fpu: Supporting XSAVE feature 0x001: 'x87 floating point registers'
[    0.292030] x86/fpu: Supporting XSAVE feature 0x002: 'SSE registers'
[    0.293030] x86/fpu: Supporting XSAVE feature 0x004: 'AVX registers'
[    0.295030] x86/fpu: Supporting XSAVE feature 0x020: 'AVX-512 opmask'
[    0.296030] x86/fpu: Supporting XSAVE feature 0x040: 'AVX-512 Hi256'
[    0.298031] x86/fpu: Supporting XSAVE feature 0x080: 'AVX-512 ZMM_Hi256'
[    0.299031] x86/fpu: Supporting XSAVE feature 0x200: 'Protection Keys User registers'
[    0.300030] x86/fpu: Supporting XSAVE feature 0x20000: 'AMX Tile config'
[    0.301030] x86/fpu: Supporting XSAVE feature 0x40000: 'AMX Tile data'
[    0.302031] x86/fpu: xstate_offset[2]:  576, xstate_sizes[2]:  256
[    0.303030] x86/fpu: xstate_offset[5]:  832, xstate_sizes[5]:   64
[    0.304030] x86/fpu: xstate_offset[6]:  896, xstate_sizes[6]:  512
[    0.305031] x86/fpu: xstate_offset[7]: 1408, xstate_sizes[7]: 1024
[    0.306031] x86/fpu: xstate_offset[9]: 2432, xstate_sizes[9]:    8
[    0.307031] x86/fpu: xstate_offset[17]: 2496, xstate_sizes[17]:   64
[    0.308031] x86/fpu: xstate_offset[18]: 2560, xstate_sizes[18]: 8192
[    0.309030] x86/fpu: Enabled xstate features 0x602e7, context size is 10752 bytes, using 'compacted' format.
[    0.354665] Freeing SMP alternatives memory: 40K
[    0.355022] pid_max: default: 57344 minimum: 448
[    0.357102] Mount-cache hash table entries: 2048 (order: 2, 16384 bytes, linear)
[    0.358028] Mountpoint-cache hash table entries: 2048 (order: 2, 16384 bytes, linear)
[    0.361011] smpboot: CPU0: Intel(R) Xeon(R) Platinum 8480+ (family: 0x6, model: 0x8f, stepping: 0x6)
[    0.361855] Performance Events: PEBS fmt0-, Sapphire Rapids events, full-width counters, Intel PMU driver.
[    0.362027] ... version:                2
[    0.362830] ... bit width:              48
[    0.363023] ... generic registers:      8
[    0.363833] ... value mask:             0000ffffffffffff
[    0.364023] ... max period:             00007fffffffffff
[    0.365023] ... fixed-purpose events:   3
[    0.365827] ... event mask:             00000007000000ff
[    0.366376] signal: max sigframe size: 11952
[    0.367097] rcu: Hierarchical SRCU implementation.
[    0.368023] rcu: Max phase no-delay instances is 400.
[    0.371747] smp: Bringing up secondary CPUs ...
[    0.372321] smpboot: x86: Booting SMP configuration:
[    0.373027] .... node  #0, CPUs:        #1  #2  #3  #4  #5  #6  #7  #8  #9 #10 #11 #12 #13 #14 #15 #16 #17 #18 #19 #20 #21 #22 #23 #24 #25 #26 #27 #28 #29 #30 #31 #32 #33 #34 #35 #36 #37 #38 #39 #40 #41 #42 #43 #44 #45 #46 #47 #48 #49 #50 #51 #52 #53 #54 #55
[    0.436753] smp: Brought up 1 node, 56 CPUs
[    0.437874] smpboot: Total of 56 processors activated (224000.00 BogoMIPS)
[    0.453037] devtmpfs: initialized
[    0.454212] x86/mm: Memory block size: 128MB
[    0.464432] clocksource: jiffies: mask: 0xffffffff max_cycles: 0xffffffff, max_idle_ns: 1911260446275000 ns
[    0.466049] futex hash table entries: 16384 (order: 8, 1048576 bytes, linear)
[    0.468026] PM: RTC time: 09:28:18, date: 2024-07-13
[    0.472301] NET: Registered PF_NETLINK/PF_ROUTE protocol family
[    0.474471] thermal_sys: Registered thermal governor 'step_wise'
[    0.474476] thermal_sys: Registered thermal governor 'user_space'
[    0.475101] cpuidle: using governor menu
[    0.479664] PCI: Using configuration type 1 for base access
[    0.480213] kprobes: kprobe jump-optimization is enabled. All kprobes are optimized if possible.
[    0.518375] HugeTLB: registered 1.00 GiB page size, pre-allocated 0 pages
[    0.520030] HugeTLB: 16380 KiB vmemmap can be freed for a 1.00 GiB page
[    0.522025] HugeTLB: registered 2.00 MiB page size, pre-allocated 0 pages
[    0.523023] HugeTLB: 28 KiB vmemmap can be freed for a 2.00 MiB page
[    0.525382] Demotion targets for Node 0: null
[    0.527393] ACPI: Added _OSI(Module Device)
[    0.528024] ACPI: Added _OSI(Processor Device)
[    0.528955] ACPI: Added _OSI(3.0 _SCP Extensions)
[    0.530024] ACPI: Added _OSI(Processor Aggregator Device)
[    0.560891] ACPI: 1 ACPI AML tables successfully acquired and loaded
[    0.568307] ACPI: _OSC evaluation for CPUs failed, trying _PDC
[    0.574099] ACPI: Interpreter enabled
[    0.574944] ACPI: PM: (supports S0 S3 S4 S5)
[    0.576026] ACPI: Using IOAPIC for interrupt routing
[    0.577096] PCI: Using host bridge windows from ACPI; if necessary, use "pci=nocrs" and report a bug
[    0.578023] PCI: Using E820 reservations for host bridge windows
[    0.580498] ACPI: Enabled 2 GPEs in block 00 to 0F
[    0.644490] ACPI: PCI Root Bridge [PCI0] (domain 0000 [bus 00-ff])
[    0.645041] acpi PNP0A03:00: _OSC: OS supports [ASPM ClockPM Segments MSI HPX-Type3]
[    0.647025] acpi PNP0A03:00: _OSC: not requesting OS control; OS requires [ExtendedConfig ASPM ClockPM MSI]
[    0.649156] acpi PNP0A03:00: fail to add MMCONFIG information, can't access extended configuration space under this bridge
[    0.651479] PCI host bridge to bus 0000:00
[    0.652027] pci_bus 0000:00: root bus resource [io  0x0000-0x0cf7 window]
[    0.653026] pci_bus 0000:00: root bus resource [io  0x0d00-0xffff window]
[    0.654026] pci_bus 0000:00: root bus resource [mem 0x000a0000-0x000bffff window]
[    0.656026] pci_bus 0000:00: root bus resource [mem 0x40000000-0xfebfffff window]
[    0.657026] pci_bus 0000:00: root bus resource [mem 0x100000000-0x17fffffff window]
[    0.659027] pci_bus 0000:00: root bus resource [bus 00-ff]
[    0.660154] pci 0000:00:00.0: [8086:1237] type 00 class 0x060000 conventional PCI endpoint
[    0.662290] pci 0000:00:01.0: [8086:7000] type 00 class 0x060100 conventional PCI endpoint
[    0.665409] pci 0000:00:01.1: [8086:7010] type 00 class 0x010180 conventional PCI endpoint
[    0.670380] pci 0000:00:01.1: BAR 4 [io  0xc0c0-0xc0cf]
[    0.672395] pci 0000:00:01.1: BAR 0 [io  0x01f0-0x01f7]: legacy IDE quirk
[    0.673024] pci 0000:00:01.1: BAR 1 [io  0x03f6]: legacy IDE quirk
[    0.674023] pci 0000:00:01.1: BAR 2 [io  0x0170-0x0177]: legacy IDE quirk
[    0.676027] pci 0000:00:01.1: BAR 3 [io  0x0376]: legacy IDE quirk
[    0.679019] pci 0000:00:01.3: [8086:7113] type 00 class 0x068000 conventional PCI endpoint
[    0.680374] pci 0000:00:01.3: quirk: [io  0x0600-0x063f] claimed by PIIX4 ACPI
[    0.682034] pci 0000:00:01.3: quirk: [io  0x0700-0x070f] claimed by PIIX4 SMB
[    0.684061] pci 0000:00:02.0: [1af4:1009] type 00 class 0x000200 conventional PCI endpoint
[    0.687754] pci 0000:00:02.0: BAR 0 [io  0xc000-0xc03f]
[    0.690027] pci 0000:00:02.0: BAR 1 [mem 0xfebfc000-0xfebfcfff]
[    0.696027] pci 0000:00:02.0: BAR 4 [mem 0xfebf0000-0xfebf3fff 64bit pref]
[    0.711293] pci 0000:00:03.0: [1af4:1009] type 00 class 0x000200 conventional PCI endpoint
[    0.714026] pci 0000:00:03.0: BAR 0 [io  0xc040-0xc07f]
[    0.715981] pci 0000:00:03.0: BAR 1 [mem 0xfebfd000-0xfebfdfff]
[    0.720030] pci 0000:00:03.0: BAR 4 [mem 0xfebf4000-0xfebf7fff 64bit pref]
[    0.735534] pci 0000:00:04.0: [8086:25ab] type 00 class 0x088000 conventional PCI endpoint
[    0.739035] pci 0000:00:04.0: BAR 0 [mem 0xfebfe000-0xfebfe00f]
[    0.753019] pci 0000:00:05.0: [1af4:1003] type 00 class 0x078000 conventional PCI endpoint
[    0.756946] pci 0000:00:05.0: BAR 0 [io  0xc080-0xc0bf]
[    0.758026] pci 0000:00:05.0: BAR 1 [mem 0xfebff000-0xfebfffff]
[    0.763027] pci 0000:00:05.0: BAR 4 [mem 0xfebf8000-0xfebfbfff 64bit pref]
[    0.781824] ACPI: PCI: Interrupt link LNKA configured for IRQ 10
[    0.783106] ACPI: PCI: Interrupt link LNKB configured for IRQ 10
[    0.785427] ACPI: PCI: Interrupt link LNKC configured for IRQ 11
[    0.787070] ACPI: PCI: Interrupt link LNKD configured for IRQ 11
[    0.788467] ACPI: PCI: Interrupt link LNKS configured for IRQ 9
[    0.821143] iommu: Default domain type: Translated
[    0.822023] iommu: DMA domain TLB invalidation policy: lazy mode
[    0.823613] SCSI subsystem initialized
[    0.825312] pps_core: LinuxPPS API ver. 1 registered
[    0.826027] pps_core: Software ver. 5.3.6 - Copyright 2005-2007 Rodolfo Giometti <giometti@linux.it>
[    0.828041] PTP clock support registered
[    0.830255] Advanced Linux Sound Architecture Driver Initialized.
[    0.833869] NET: Registered PF_ATMPVC protocol family
[    0.835025] NET: Registered PF_ATMSVC protocol family
[    0.836056] PCI: Using ACPI for IRQ routing
[    0.837143] vgaarb: loaded
[    0.838273] hpet0: at MMIO 0xfed00000, IRQs 2, 8, 0
[    0.840026] hpet0: 3 comparators, 64-bit 100.000000 MHz counter
[    0.846084] clocksource: Switched to clocksource kvm-clock
[    0.848013] VFS: Disk quotas dquot_6.6.0
[    0.848888] VFS: Dquot-cache hash table entries: 512 (order 0, 4096 bytes)
[    0.854421] pnp: PnP ACPI init
[    0.860395] pnp: PnP ACPI: found 5 devices
[    0.880501] clocksource: acpi_pm: mask: 0xffffff max_cycles: 0xffffff, max_idle_ns: 2085701024 ns
[    0.882489] NET: Registered PF_INET protocol family
[    0.883582] IP idents hash table entries: 16384 (order: 5, 131072 bytes, linear)
[    0.885841] tcp_listen_portaddr_hash hash table entries: 512 (order: 1, 8192 bytes, linear)
[    0.887583] Table-perturb hash table entries: 65536 (order: 6, 262144 bytes, linear)
[    0.889195] TCP established hash table entries: 8192 (order: 4, 65536 bytes, linear)
[    0.890801] TCP bind hash table entries: 8192 (order: 6, 262144 bytes, linear)
[    0.892286] TCP: Hash tables configured (established 8192 bind 8192)
[    0.893930] UDP hash table entries: 512 (order: 2, 16384 bytes, linear)
[    0.895282] UDP-Lite hash table entries: 512 (order: 2, 16384 bytes, linear)
[    0.897137] NET: Registered PF_UNIX/PF_LOCAL protocol family
[    0.898337] pci_bus 0000:00: resource 4 [io  0x0000-0x0cf7 window]
[    0.899590] pci_bus 0000:00: resource 5 [io  0x0d00-0xffff window]
[    0.900846] pci_bus 0000:00: resource 6 [mem 0x000a0000-0x000bffff window]
[    0.902244] pci_bus 0000:00: resource 7 [mem 0x40000000-0xfebfffff window]
[    0.903637] pci_bus 0000:00: resource 8 [mem 0x100000000-0x17fffffff window]
[    0.905313] pci 0000:00:01.0: PIIX3: Enabling Passive Release
[    0.906503] pci 0000:00:00.0: Limiting direct PCI/PCI transfers
[    0.907801] PCI: CLS 0 bytes, default 64
[    0.926134] RAPL PMU: API unit is 2^-32 Joules, 1 fixed counters, 10737418240 ms ovfl timer
[    0.928037] RAPL PMU: hw unit of domain psys 2^-0 Joules
[    1.280155] kwatchdog (374) used greatest stack depth: 30696 bytes left
[    1.515156] kvm_amd: CPU 55 isn't AMD or Hygon
[    1.516265] clocksource: tsc: mask: 0xffffffffffffffff max_cycles: 0x39a85c9bff6, max_idle_ns: 881590591483 ns
[    1.663022] Initialise system trusted keyrings
[    1.664894] workingset: timestamp_bits=56 max_order=18 bucket_order=0
[    1.666735] squashfs: version 4.0 (2009/01/31) Phillip Lougher
[    1.667963] fuse: init (API version 7.40)
[    1.669553] 9p: Installing v9fs 9p2000 file system support
[    1.689685] Key type asymmetric registered
[    1.690526] Asymmetric key parser 'x509' registered
[    1.691592] Block layer SCSI generic (bsg) driver version 0.4 loaded (major 249)
[    1.693128] io scheduler mq-deadline registered
[    1.694041] io scheduler kyber registered
[    1.715755] input: Power Button as /devices/LNXSYSTM:00/LNXPWRBN:00/input/input0
[    1.717754] ACPI: button: Power Button [PWRF]
[    1.718832] Warning: Processor Platform Limit event detected, but not handled.
[    1.720294] Consider compiling CPUfreq support into your kernel.
[    2.605857] ACPI: \_SB_.LNKB: Enabled at IRQ 10
[    3.482596] ACPI: \_SB_.LNKC: Enabled at IRQ 11
[    4.202737] ACPI: \_SB_.LNKA: Enabled at IRQ 10
[    4.204506] Serial: 8250/16550 driver, 4 ports, IRQ sharing enabled
[    4.205452] 00:03: ttyS0 at I/O 0x3f8 (irq = 4, base_baud = 115200) is a 16550A
[    4.232576] Non-volatile memory driver v1.3
[    4.233049] Linux agpgart interface v0.103
[    4.233630] ACPI: bus type drm_connector registered
[    4.235708] printk: legacy console [hvc0] enabled
[    4.236717] printk: legacy bootconsole [earlyser0] disabled
          _      _                                    
   __   _(_)_ __| |_ _ __ ___   ___       _ __   __ _ 
   \ \ / / |  __| __|  _   _ \ / _ \_____|  _ \ / _  |
    \ V /| | |  | |_| | | | | |  __/_____| | | | (_| |
     \_/ |_|_|   \__|_| |_| |_|\___|     |_| |_|\__  |
                                                |___/ 
   kernel version: 6.10.0-rc7-virtme x86_64
   (CTRL+d to exit)

root@virtme-ng:/nipa-data/kernel# PS1='xx__-> '
xx__-> env
PWD=/nipa-data/kernel
nr_open=1048576
HOME=/
TERM=xterm
SHLVL=2
XDG_RUNTIME_DIR=/run/user/0
PATH=/bin:/sbin:/usr/bin:/usr/sbin:/usr/local/bin
OLDPWD=/
_=/bin/env
xx__-> 