No EFI environment detected.
early console in extract_kernel
input_data: 0x0000000004abc2b9
input_len: 0x00000000017a8b8c
output: 0x0000000001000000
output_len: 0x00000000051f20d4
kernel_total_size: 0x0000000004e30000
needed_size: 0x0000000005200000
trampoline_32bit: 0x0000000000000000
Physical KASLR using RDRAND RDTSC...
Virtual KASLR using RDRAND RDTSC...

Decompressing Linux... Parsing ELF... Performing relocations... done.
Booting the kernel (entry_offset: 0x0000000000000000).
[    0.000000] Linux version 6.8.0-virtme (root@f20f8c9254bc) (gcc (Alpine 13.2.1_git20240309) 13.2.1 20240309, GNU ld (GNU Binutils) 2.42) #1 SMP PREEMPT_DYNAMIC Sun Mar 17 12:27:00 UTC 2024
[    0.000000] Command line: virtme_hostname=virtme-ng nr_open=1048576 virtme_link_mods=/nipa-data/kernel/.virtme_mods/lib/modules/0.0.0 virtme_initmount0=nipa-data/kernel virtme_rw_overlay0=/etc virtme_rw_overlay1=/lib virtme_rw_overlay2=/home virtme_rw_overlay3=/opt virtme_rw_overlay4=/srv virtme_rw_overlay5=/usr virtme_rw_overlay6=/var console=hvc0 earlyprintk=serial,ttyS0,115200 virtme_console=ttyS0 psmouse.proto=exps TERM=xterm virtme_chdir=nipa-data/kernel virtme_root_user=1 rootfstype=9p rootflags=version=9p2000.L,trans=virtio,access=any raid=noautodetect ro init=/usr/lib/python3.11/site-packages/virtme/guest/virtme-init
[    0.000000] BIOS-provided physical RAM map:
[    0.000000] BIOS-e820: [mem 0x0000000000000000-0x000000000009fbff] usable
[    0.000000] BIOS-e820: [mem 0x000000000009fc00-0x000000000009ffff] reserved
[    0.000000] BIOS-e820: [mem 0x00000000000f0000-0x00000000000fffff] reserved
[    0.000000] BIOS-e820: [mem 0x0000000000100000-0x000000003ffdffff] usable
[    0.000000] BIOS-e820: [mem 0x000000003ffe0000-0x000000003fffffff] reserved
[    0.000000] BIOS-e820: [mem 0x00000000feffc000-0x00000000feffffff] reserved
[    0.000000] BIOS-e820: [mem 0x00000000fffc0000-0x00000000ffffffff] reserved
[    0.000000] BIOS-e820: [mem 0x000000fd00000000-0x000000ffffffffff] reserved
[    0.000000] printk: legacy bootconsole [earlyser0] enabled
[    0.000000] NX (Execute Disable) protection: active
[    0.000000] APIC: Static calls initialized
[    0.000000] SMBIOS 3.0.0 present.
[    0.000000] DMI: QEMU Standard PC (i440FX + PIIX, 1996), BIOS rel-1.16.3-0-ga6ed6b701f0a-prebuilt.qemu.org 04/01/2014
[    0.000000] Hypervisor detected: KVM
[    0.000000] kvm-clock: Using msrs 4b564d01 and 4b564d00
[    0.000000] kvm-clock: using sched offset of 378829228 cycles
[    0.000394] clocksource: kvm-clock: mask: 0xffffffffffffffff max_cycles: 0x1cd42e4dffb, max_idle_ns: 881590591483 ns
[    0.001616] tsc: Detected 4491.556 MHz processor
[    0.002327] last_pfn = 0x3ffe0 max_arch_pfn = 0x400000000
[    0.002763] MTRR map: 4 entries (3 fixed + 1 variable; max 19), built from 8 variable MTRRs
[    0.003393] x86/PAT: Configuration [0-7]: WB  WC  UC- UC  WB  WP  UC- WT  
[    0.005472] found SMP MP-table at [mem 0x000f5470-0x000f547f]
[    0.005912] Using GB pages for direct mapping
[    0.006403] ACPI: Early table checksum verification disabled
[    0.006840] ACPI: RSDP 0x00000000000F5290 000014 (v00 BOCHS )
[    0.007275] ACPI: RSDT 0x000000003FFE27BC 000034 (v01 BOCHS  BXPC     00000001 BXPC 00000001)
[    0.007919] ACPI: FACP 0x000000003FFE2578 000074 (v01 BOCHS  BXPC     00000001 BXPC 00000001)
[    0.008564] ACPI: DSDT 0x000000003FFE0040 002538 (v01 BOCHS  BXPC     00000001 BXPC 00000001)
[    0.009203] ACPI: FACS 0x000000003FFE0000 000040
[    0.009550] ACPI: APIC 0x000000003FFE25EC 000170 (v03 BOCHS  BXPC     00000001 BXPC 00000001)
[    0.010198] ACPI: HPET 0x000000003FFE275C 000038 (v01 BOCHS  BXPC     00000001 BXPC 00000001)
[    0.010843] ACPI: WAET 0x000000003FFE2794 000028 (v01 BOCHS  BXPC     00000001 BXPC 00000001)
[    0.011482] ACPI: Reserving FACP table memory at [mem 0x3ffe2578-0x3ffe25eb]
[    0.012009] ACPI: Reserving DSDT table memory at [mem 0x3ffe0040-0x3ffe2577]
[    0.012537] ACPI: Reserving FACS table memory at [mem 0x3ffe0000-0x3ffe003f]
[    0.013066] ACPI: Reserving APIC table memory at [mem 0x3ffe25ec-0x3ffe275b]
[    0.013597] ACPI: Reserving HPET table memory at [mem 0x3ffe275c-0x3ffe2793]
[    0.014126] ACPI: Reserving WAET table memory at [mem 0x3ffe2794-0x3ffe27bb]
[    0.014863] No NUMA configuration found
[    0.015153] Faking a node at [mem 0x0000000000000000-0x000000003ffdffff]
[    0.015659] NODE_DATA(0) allocated [mem 0x3ffdb000-0x3ffdffff]
[    0.016117] Zone ranges:
[    0.016317]   DMA      [mem 0x0000000000001000-0x0000000000ffffff]
[    0.016783]   DMA32    [mem 0x0000000001000000-0x000000003ffdffff]
[    0.017248]   Normal   empty
[    0.017465]   Device   empty
[    0.017682] Movable zone start for each node
[    0.018003] Early memory node ranges
[    0.018275]   node   0: [mem 0x0000000000001000-0x000000000009efff]
[    0.018750]   node   0: [mem 0x0000000000100000-0x000000003ffdffff]
[    0.019220] Initmem setup node 0 [mem 0x0000000000001000-0x000000003ffdffff]
[    0.019754] On node 0, zone DMA: 1 pages in unavailable ranges
[    0.020252] On node 0, zone DMA: 97 pages in unavailable ranges
[    0.025045] On node 0, zone DMA32: 32 pages in unavailable ranges
[    0.035042] kasan: KernelAddressSanitizer initialized
[    0.035674] ACPI: PM-Timer IO Port: 0x608
[    0.035987] ACPI: LAPIC_NMI (acpi_id[0xff] dfl dfl lint[0x1])
[    0.036456] IOAPIC[0]: apic_id 0, version 17, address 0xfec00000, GSI 0-23
[    0.036975] ACPI: INT_SRC_OVR (bus 0 bus_irq 0 global_irq 2 dfl dfl)
[    0.037508] ACPI: INT_SRC_OVR (bus 0 bus_irq 5 global_irq 5 high level)
[    0.038013] ACPI: INT_SRC_OVR (bus 0 bus_irq 9 global_irq 9 high level)
[    0.038520] ACPI: INT_SRC_OVR (bus 0 bus_irq 10 global_irq 10 high level)
[    0.039042] ACPI: INT_SRC_OVR (bus 0 bus_irq 11 global_irq 11 high level)
[    0.039614] ACPI: Using ACPI (MADT) for SMP configuration information
[    0.040105] ACPI: HPET id: 0x8086a201 base: 0xfed00000
[    0.040493] TSC deadline timer available
[    0.040790] CPU topo: Max. logical packages:   1
[    0.041137] CPU topo: Max. logical dies:       1
[    0.041489] CPU topo: Max. dies per package:   1
[    0.041839] CPU topo: Max. threads per core:  32
[    0.042193] CPU topo: Num. cores per package:     1
[    0.042574] CPU topo: Num. threads per package:  32
[    0.042941] CPU topo: Allowing 32 present CPUs plus 0 hotplug CPUs
[    0.043423] kvm-guest: APIC: eoi() replaced with kvm_guest_apic_eoi_write()
[    0.043960] kvm-guest: KVM setup pv remote TLB flush
[    0.044421] kvm-guest: setup PV sched yield
[    0.044820] PM: hibernation: Registered nosave memory: [mem 0x00000000-0x00000fff]
[    0.045530] PM: hibernation: Registered nosave memory: [mem 0x0009f000-0x0009ffff]
[    0.046242] PM: hibernation: Registered nosave memory: [mem 0x000a0000-0x000effff]
[    0.046950] PM: hibernation: Registered nosave memory: [mem 0x000f0000-0x000fffff]
[    0.047662] [mem 0x40000000-0xfeffbfff] available for PCI devices
[    0.048232] Booting paravirtualized kernel on KVM
[    0.048674] clocksource: refined-jiffies: mask: 0xffffffff max_cycles: 0xffffffff, max_idle_ns: 1910969940391419 ns
[    0.058325] setup_percpu: NR_CPUS:64 nr_cpumask_bits:32 nr_cpu_ids:32 nr_node_ids:1
[    0.060674] percpu: Embedded 70 pages/cpu s247656 r8192 d30872 u524288
[    0.061355] Kernel command line: virtme_hostname=virtme-ng nr_open=1048576 virtme_link_mods=/nipa-data/kernel/.virtme_mods/lib/modules/0.0.0 virtme_initmount0=nipa-data/kernel virtme_rw_overlay0=/etc virtme_rw_overlay1=/lib virtme_rw_overlay2=/home virtme_rw_overlay3=/opt virtme_rw_overlay4=/srv virtme_rw_overlay5=/usr virtme_rw_overlay6=/var console=hvc0 earlyprintk=serial,ttyS0,115200 virtme_console=ttyS0 psmouse.proto=exps TERM=xterm virtme_chdir=nipa-data/kernel virtme_root_user=1 rootfstype=9p rootflags=version=9p2000.L,trans=virtio,access=any raid=noautodetect ro init=/usr/lib/python3.11/site-packages/virtme/guest/virtme-init
[    0.066818] Unknown kernel command line parameters "virtme_hostname=virtme-ng nr_open=1048576 virtme_link_mods=/nipa-data/kernel/.virtme_mods/lib/modules/0.0.0 virtme_initmount0=nipa-data/kernel virtme_rw_overlay0=/etc virtme_rw_overlay1=/lib virtme_rw_overlay2=/home virtme_rw_overlay3=/opt virtme_rw_overlay4=/srv virtme_rw_overlay5=/usr virtme_rw_overlay6=/var virtme_console=ttyS0 virtme_chdir=nipa-data/kernel virtme_root_user=1", will be passed to user space.
[    0.070871] random: crng init done
[    0.071326] Dentry cache hash table entries: 131072 (order: 8, 1048576 bytes, linear)
[    0.072079] Inode-cache hash table entries: 65536 (order: 7, 524288 bytes, linear)
[    0.073331] Fallback order for Node 0: 0 
[    0.073338] Built 1 zonelists, mobility grouping on.  Total pages: 257760
[    0.074351] Policy zone: DMA32
[    0.074642] mem auto-init: stack:all(zero), heap alloc:off, heap free:off
[    0.075279] stackdepot: allocating hash table via alloc_large_system_hash
[    0.075915] stackdepot hash table entries: 1048576 (order: 12, 16777216 bytes, linear)
[    0.085323] Memory: 781052K/1048056K available (43008K kernel code, 10928K rwdata, 9580K rodata, 5744K init, 2820K bss, 266748K reserved, 0K cma-reserved)
[    0.086850] SLUB: HWalign=64, Order=0-3, MinObjects=0, CPUs=32, Nodes=1
Poking KASLR using RDRAND RDTSC...
[    0.087797] ftrace: allocating 46647 entries in 183 pages
[    0.098792] ftrace: allocated 183 pages with 6 groups
[    0.100296] Dynamic Preempt: voluntary
[    0.101250] rcu: Preemptible hierarchical RCU implementation.
[    0.101796] rcu: RCU event tracing is enabled.
[    0.102223] rcu: RCU restricting CPUs from NR_CPUS=64 to nr_cpu_ids=32.
[    0.102854] Trampoline variant of Tasks RCU enabled.
[    0.103246] Rude variant of Tasks RCU enabled.
[    0.103601] Tracing variant of Tasks RCU enabled.
[    0.103971] rcu: RCU calculated value of scheduler-enlistment delay is 100 jiffies.
[    0.104570] rcu: Adjusting geometry for rcu_fanout_leaf=16, nr_cpu_ids=32
[    0.105137] RCU Tasks: Setting shift to 5 and lim to 1 rcu_task_cb_adjust=1.
[    0.105684] RCU Tasks Rude: Setting shift to 5 and lim to 1 rcu_task_cb_adjust=1.
[    0.106265] RCU Tasks Trace: Setting shift to 5 and lim to 1 rcu_task_cb_adjust=1.
[    0.115083] NR_IRQS: 4352, nr_irqs: 680, preallocated irqs: 16
[    0.115789] rcu: srcu_init: Setting srcu_struct sizes based on contention.
[    0.116525] Console: colour *CGA 80x25
[    0.116836] ACPI: Core revision 20230628
[    0.117290] clocksource: hpet: mask: 0xffffffff max_cycles: 0xffffffff, max_idle_ns: 19112604467 ns
[    0.118054] APIC: Switch to symmetric I/O mode setup
[    0.118438] APIC: Switched APIC routing to: physical flat
[    0.118855] kvm-guest: APIC: send_IPI_mask() replaced with kvm_send_ipi_mask()
[    0.119399] kvm-guest: APIC: send_IPI_mask_allbutself() replaced with kvm_send_ipi_mask_allbutself()
[    0.120098] kvm-guest: setup PV IPIs
[    0.121258] ..TIMER: vector=0x30 apic1=0 pin1=2 apic2=-1 pin2=-1
[    0.122102] tsc: Marking TSC unstable due to TSCs unsynchronized
[    0.122917] Calibrating delay loop (skipped) preset value.. 8983.11 BogoMIPS (lpj=4491556)
[    0.124976] x86/cpu: User Mode Instruction Prevention (UMIP) activated
[    0.125923] Last level iTLB entries: 4KB 512, 2MB 255, 4MB 127
[    0.126698] Last level dTLB entries: 4KB 512, 2MB 255, 4MB 127, 1GB 0
[    0.126916] Spectre V1 : Mitigation: usercopy/swapgs barriers and __user pointer sanitization
[    0.127916] Spectre V2 : Mitigation: Enhanced / Automatic IBRS
[    0.128911] Spectre V2 : Spectre v2 / SpectreRSB mitigation: Filling RSB on context switch
[    0.129913] Spectre V2 : mitigation: Enabling conditional Indirect Branch Prediction Barrier
[    0.130912] Spectre V2 : User space: Mitigation: STIBP always-on protection
[    0.131913] Speculative Store Bypass: Mitigation: Speculative Store Bypass disabled via prctl
[    0.132912] Speculative Return Stack Overflow: IBPB-extending microcode not applied!
[    0.133912] Speculative Return Stack Overflow: WARNING: See https://kernel.org/doc/html/latest/admin-guide/hw-vuln/srso.html for mitigation options.
[    0.133914] Speculative Return Stack Overflow: Vulnerable: Safe RET, no microcode
[    0.135932] x86/fpu: Supporting XSAVE feature 0x001: 'x87 floating point registers'
[    0.136912] x86/fpu: Supporting XSAVE feature 0x002: 'SSE registers'
[    0.137912] x86/fpu: Supporting XSAVE feature 0x004: 'AVX registers'
[    0.138912] x86/fpu: Supporting XSAVE feature 0x020: 'AVX-512 opmask'
[    0.139912] x86/fpu: Supporting XSAVE feature 0x040: 'AVX-512 Hi256'
[    0.140912] x86/fpu: Supporting XSAVE feature 0x080: 'AVX-512 ZMM_Hi256'
[    0.141912] x86/fpu: Supporting XSAVE feature 0x200: 'Protection Keys User registers'
[    0.142912] x86/fpu: xstate_offset[2]:  576, xstate_sizes[2]:  256
[    0.143912] x86/fpu: xstate_offset[5]:  832, xstate_sizes[5]:   64
[    0.144912] x86/fpu: xstate_offset[6]:  896, xstate_sizes[6]:  512
[    0.145912] x86/fpu: xstate_offset[7]: 1408, xstate_sizes[7]: 1024
[    0.146912] x86/fpu: xstate_offset[9]: 2432, xstate_sizes[9]:    8
[    0.147725] x86/fpu: Enabled xstate features 0x2e7, context size is 2440 bytes, using 'compacted' format.
[    0.173579] Freeing SMP alternatives memory: 40K
[    0.173913] pid_max: default: 32768 minimum: 301
[    0.175113] Mount-cache hash table entries: 2048 (order: 2, 16384 bytes, linear)
[    0.175913] Mountpoint-cache hash table entries: 2048 (order: 2, 16384 bytes, linear)
[    0.177816] smpboot: CPU0: AMD Ryzen 9 7950X 16-Core Processor (family: 0x19, model: 0x61, stepping: 0x2)
[    0.178538] Performance Events: Fam17h+ core perfctr, AMD PMU driver.
[    0.178922] ... version:                0
[    0.179600] ... bit width:              48
[    0.179915] ... generic registers:      6
[    0.180577] ... value mask:             0000ffffffffffff
[    0.180915] ... max period:             00007fffffffffff
[    0.181624] ... fixed-purpose events:   0
[    0.181914] ... event mask:             000000000000003f
[    0.182728] signal: max sigframe size: 3376
[    0.182971] rcu: Hierarchical SRCU implementation.
[    0.183606] rcu: Max phase no-delay instances is 400.
[    0.188333] smp: Bringing up secondary CPUs ...
[    0.189111] smpboot: x86: Booting SMP configuration:
[    0.189765] .... node  #0, CPUs:        #1  #2  #3  #4  #5  #6  #7  #8  #9 #10 #11 #12 #13 #14 #15 #16 #17 #18 #19 #20 #21 #22 #23 #24 #25 #26 #27 #28 #29 #30 #31
[    0.199913] Spectre V2 : Update user space SMT mitigation: STIBP always-on
[    0.217111] smp: Brought up 1 node, 32 CPUs
[    0.217917] smpboot: Total of 32 processors activated (287459.58 BogoMIPS)
[    0.228141] devtmpfs: initialized
[    0.229007] x86/mm: Memory block size: 128MB
[    0.238044] clocksource: jiffies: mask: 0xffffffff max_cycles: 0xffffffff, max_idle_ns: 1911260446275000 ns
[    0.238921] futex hash table entries: 8192 (order: 7, 524288 bytes, linear)
[    0.240345] PM: RTC time: 12:27:40, date: 2024-03-17
[    0.242034] NET: Registered PF_NETLINK/PF_ROUTE protocol family
[    0.243979] thermal_sys: Registered thermal governor 'step_wise'
[    0.243982] thermal_sys: Registered thermal governor 'user_space'
[    0.244947] cpuidle: using governor menu
[    0.248255] PCI: Using configuration type 1 for base access
[    0.248914] PCI: Using configuration type 1 for extended access
[    0.249994] kprobes: kprobe jump-optimization is enabled. All kprobes are optimized if possible.
[    0.251143] HugeTLB: registered 1.00 GiB page size, pre-allocated 0 pages
[    0.251914] HugeTLB: 16380 KiB vmemmap can be freed for a 1.00 GiB page
[    0.252914] HugeTLB: registered 2.00 MiB page size, pre-allocated 0 pages
[    0.253914] HugeTLB: 28 KiB vmemmap can be freed for a 2.00 MiB page
[    0.255967] ACPI: Added _OSI(Module Device)
[    0.256667] ACPI: Added _OSI(Processor Device)
[    0.256914] ACPI: Added _OSI(3.0 _SCP Extensions)
[    0.257696] ACPI: Added _OSI(Processor Aggregator Device)
[    0.283884] ACPI: 1 ACPI AML tables successfully acquired and loaded
[    0.285557] ACPI: _OSC evaluation for CPUs failed, trying _PDC
[    0.288262] ACPI: Interpreter enabled
[    0.288814] ACPI: PM: (supports S0 S3 S4 S5)
[    0.288915] ACPI: Using IOAPIC for interrupt routing
[    0.289615] PCI: Using host bridge windows from ACPI; if necessary, use "pci=nocrs" and report a bug
[    0.289914] PCI: Using E820 reservations for host bridge windows
[    0.291795] ACPI: Enabled 2 GPEs in block 00 to 0F
[    0.352909] ACPI: PCI Root Bridge [PCI0] (domain 0000 [bus 00-ff])
[    0.353759] acpi PNP0A03:00: _OSC: OS supports [ExtendedConfig ASPM ClockPM Segments MSI HPX-Type3]
[    0.354433] PCI host bridge to bus 0000:00
[    0.354916] pci_bus 0000:00: root bus resource [io  0x0000-0x0cf7 window]
[    0.355821] pci_bus 0000:00: root bus resource [io  0x0d00-0xffff window]
[    0.355917] pci_bus 0000:00: root bus resource [mem 0x000a0000-0x000bffff window]
[    0.356893] pci_bus 0000:00: root bus resource [mem 0x40000000-0xfebfffff window]
[    0.356916] pci_bus 0000:00: root bus resource [mem 0x100000000-0x17fffffff window]
[    0.357901] pci_bus 0000:00: root bus resource [bus 00-ff]
[    0.358064] pci 0000:00:00.0: [8086:1237] type 00 class 0x060000 conventional PCI endpoint
[    0.359795] pci 0000:00:01.0: [8086:7000] type 00 class 0x060100 conventional PCI endpoint
[    0.360833] pci 0000:00:01.1: [8086:7010] type 00 class 0x010180 conventional PCI endpoint
[    0.362914] pci 0000:00:01.1: BAR 4 [io  0xc0c0-0xc0cf]
[    0.364394] pci 0000:00:01.1: BAR 0 [io  0x01f0-0x01f7]: legacy IDE quirk
[    0.364914] pci 0000:00:01.1: BAR 1 [io  0x03f6]: legacy IDE quirk
[    0.365717] pci 0000:00:01.1: BAR 2 [io  0x0170-0x0177]: legacy IDE quirk
[    0.365914] pci 0000:00:01.1: BAR 3 [io  0x0376]: legacy IDE quirk
[    0.367405] pci 0000:00:01.3: [8086:7113] type 00 class 0x068000 conventional PCI endpoint
[    0.368187] pci 0000:00:01.3: quirk: [io  0x0600-0x063f] claimed by PIIX4 ACPI
[    0.368920] pci 0000:00:01.3: quirk: [io  0x0700-0x070f] claimed by PIIX4 SMB
[    0.370596] pci 0000:00:02.0: [1af4:1009] type 00 class 0x000200 conventional PCI endpoint
[    0.371915] pci 0000:00:02.0: BAR 0 [io  0xc000-0xc03f]
[    0.373892] pci 0000:00:02.0: BAR 1 [mem 0xfebfc000-0xfebfcfff]
[    0.378915] pci 0000:00:02.0: BAR 4 [mem 0xfebf0000-0xfebf3fff 64bit pref]
[    0.392915] pci 0000:00:03.0: [1af4:1009] type 00 class 0x000200 conventional PCI endpoint
[    0.394914] pci 0000:00:03.0: BAR 0 [io  0xc040-0xc07f]
[    0.396619] pci 0000:00:03.0: BAR 1 [mem 0xfebfd000-0xfebfdfff]
[    0.399914] pci 0000:00:03.0: BAR 4 [mem 0xfebf4000-0xfebf7fff 64bit pref]
[    0.413288] pci 0000:00:04.0: [8086:25ab] type 00 class 0x088000 conventional PCI endpoint
[    0.414313] pci 0000:00:04.0: BAR 0 [mem 0xfebfe000-0xfebfe00f]
[    0.429117] pci 0000:00:05.0: [1af4:1003] type 00 class 0x078000 conventional PCI endpoint
[    0.430914] pci 0000:00:05.0: BAR 0 [io  0xc080-0xc0bf]
[    0.432684] pci 0000:00:05.0: BAR 1 [mem 0xfebff000-0xfebfffff]
[    0.436621] pci 0000:00:05.0: BAR 4 [mem 0xfebf8000-0xfebfbfff 64bit pref]
[    0.452472] ACPI: PCI: Interrupt link LNKA configured for IRQ 10
[    0.453906] ACPI: PCI: Interrupt link LNKB configured for IRQ 10
[    0.454863] ACPI: PCI: Interrupt link LNKC configured for IRQ 11
[    0.455864] ACPI: PCI: Interrupt link LNKD configured for IRQ 11
[    0.456310] ACPI: PCI: Interrupt link LNKS configured for IRQ 9
[    0.476378] iommu: Default domain type: Translated
[    0.476914] iommu: DMA domain TLB invalidation policy: lazy mode
[    0.478173] SCSI subsystem initialized
[    0.479062] pps_core: LinuxPPS API ver. 1 registered
[    0.479718] pps_core: Software ver. 5.3.6 - Copyright 2005-2007 Rodolfo Giometti <giometti@linux.it>
[    0.479929] PTP clock support registered
[    0.480993] Advanced Linux Sound Architecture Driver Initialized.
[    0.483117] NET: Registered PF_ATMPVC protocol family
[    0.483915] NET: Registered PF_ATMSVC protocol family
[    0.484788] PCI: Using ACPI for IRQ routing
[    0.485068] vgaarb: loaded
[    0.485297] hpet0: at MMIO 0xfed00000, IRQs 2, 8, 0
[    0.485915] hpet0: 3 comparators, 64-bit 100.000000 MHz counter
[    0.489368] clocksource: Switched to clocksource kvm-clock
[    0.490364] VFS: Disk quotas dquot_6.6.0
[    0.491251] VFS: Dquot-cache hash table entries: 512 (order 0, 4096 bytes)
[    0.492337] pnp: PnP ACPI init
[    0.495205] pnp: PnP ACPI: found 5 devices
[    0.508369] clocksource: acpi_pm: mask: 0xffffff max_cycles: 0xffffff, max_idle_ns: 2085701024 ns
[    0.509630] NET: Registered PF_INET protocol family
[    0.510306] IP idents hash table entries: 16384 (order: 5, 131072 bytes, linear)
[    0.511678] tcp_listen_portaddr_hash hash table entries: 512 (order: 1, 8192 bytes, linear)
[    0.512769] Table-perturb hash table entries: 65536 (order: 6, 262144 bytes, linear)
[    0.513791] TCP established hash table entries: 8192 (order: 4, 65536 bytes, linear)
[    0.514803] TCP bind hash table entries: 8192 (order: 6, 262144 bytes, linear)
[    0.515753] TCP: Hash tables configured (established 8192 bind 8192)
[    0.516851] UDP hash table entries: 512 (order: 2, 16384 bytes, linear)
[    0.517717] UDP-Lite hash table entries: 512 (order: 2, 16384 bytes, linear)
[    0.518859] NET: Registered PF_UNIX/PF_LOCAL protocol family
[    0.519614] pci_bus 0000:00: resource 4 [io  0x0000-0x0cf7 window]
[    0.520405] pci_bus 0000:00: resource 5 [io  0x0d00-0xffff window]
[    0.521198] pci_bus 0000:00: resource 6 [mem 0x000a0000-0x000bffff window]
[    0.522094] pci_bus 0000:00: resource 7 [mem 0x40000000-0xfebfffff window]
[    0.522989] pci_bus 0000:00: resource 8 [mem 0x100000000-0x17fffffff window]
[    0.524117] pci 0000:00:01.0: PIIX3: Enabling Passive Release
[    0.524867] pci 0000:00:00.0: Limiting direct PCI/PCI transfers
[    0.525672] PCI: CLS 0 bytes, default 64
[    0.526237] kvm_intel: VMX not supported by CPU 0
[    0.526889] kvm_amd: TSC scaling supported
[    0.527421] kvm_amd: Nested Virtualization enabled
[    0.528031] kvm_amd: Nested Paging enabled
[    0.528596] kvm_amd: Virtual VMLOAD VMSAVE supported
[    0.529235] kvm_amd: Virtual GIF supported
[    0.529775] kvm_amd: Virtual NMI enabled
[    0.530280] kvm_amd: LBR virtualization supported
[    0.646553] workingset: timestamp_bits=56 max_order=18 bucket_order=0
[    0.647836] squashfs: version 4.0 (2009/01/31) Phillip Lougher
[    0.648847] fuse: init (API version 7.39)
[    0.649702] 9p: Installing v9fs 9p2000 file system support
[    0.650786] Key type asymmetric registered
[    0.651548] Block layer SCSI generic (bsg) driver version 0.4 loaded (major 249)
[    0.652839] io scheduler mq-deadline registered
[    0.653605] io scheduler kyber registered
[    0.655895] input: Power Button as /devices/LNXSYSTM:00/LNXPWRBN:00/input/input0
[    0.657464] ACPI: button: Power Button [PWRF]
[    0.658366] Warning: Processor Platform Limit event detected, but not handled.
[    0.659589] Consider compiling CPUfreq support into your kernel.
[    1.597266] ACPI: \_SB_.LNKB: Enabled at IRQ 10
[    2.483766] ACPI: \_SB_.LNKC: Enabled at IRQ 11
[    3.395387] ACPI: \_SB_.LNKA: Enabled at IRQ 10
[    3.397221] Serial: 8250/16550 driver, 4 ports, IRQ sharing enabled
[    3.398421] 00:03: ttyS0 at I/O 0x3f8 (irq = 4, base_baud = 115200) is a 16550A
[    3.445049] Non-volatile memory driver v1.3
[    3.445813] Linux agpgart interface v0.103
[    3.446547] printk: legacy console [hvc0] enabled
[    3.446794] ACPI: bus type drm_connector registered
[    3.447416] printk: legacy bootconsole [earlyser0] disabled
          _      _                                    
   __   _(_)_ __| |_ _ __ ___   ___       _ __   __ _ 
   \ \ / / |  __| __|  _   _ \ / _ \_____|  _ \ / _  |
    \ V /| | |  | |_| | | | | |  __/_____| | | | (_| |
     \_/ |_|_|   \__|_| |_| |_|\___|     |_| |_|\__  |
                                                |___/ 
   kernel version: 6.8.0-virtme x86_64
   (CTRL+d to exit)

virtme-ng:/nipa-data/kernel# PS1='xx__-> '
xx__-> env
PWD=/nipa-data/kernel
nr_open=1048576
HOME=/
TERM=xterm
SHLVL=2
XDG_RUNTIME_DIR=/run/user/0
PATH=/bin:/sbin:/usr/bin:/usr/sbin:/usr/local/bin
OLDPWD=/
_=/usr/bin/env
xx__-> 