No EFI environment detected.
early console in extract_kernel
input_data: 0x00000000029ee2b9
input_len: 0x0000000000b1eca5
output: 0x0000000001000000
output_len: 0x00000000024c7840
kernel_total_size: 0x0000000002230000
needed_size: 0x0000000002600000
trampoline_32bit: 0x0000000000000000
Physical KASLR using RDRAND RDTSC...
Virtual KASLR using RDRAND RDTSC...

Decompressing Linux... Parsing ELF... Performing relocations... done.
Booting the kernel (entry_offset: 0x0000000000000000).
[    0.000000] Linux version 6.9.0-rc2-virtme (root@97ac300aaa83) (gcc (Alpine 13.2.1_git20240309) 13.2.1 20240309, GNU ld (GNU Binutils) 2.42) #1 SMP PREEMPT_DYNAMIC Mon Apr  8 18:06:11 UTC 2024
[    0.000000] Command line: virtme_hostname=virtme-ng nr_open=1048576 virtme_link_mods=/nipa-data/kernel/.virtme_mods/lib/modules/0.0.0 virtme_initmount0=nipa-data/kernel virtme_rw_overlay0=/etc virtme_rw_overlay1=/lib virtme_rw_overlay2=/home virtme_rw_overlay3=/opt virtme_rw_overlay4=/srv virtme_rw_overlay5=/usr virtme_rw_overlay6=/var console=hvc0 earlyprintk=serial,ttyS0,115200 virtme_console=ttyS0 psmouse.proto=exps TERM=xterm virtme_chdir=nipa-data/kernel virtme_root_user=1 rootfstype=9p rootflags=version=9p2000.L,trans=virtio,access=any raid=noautodetect ro init=/usr/lib/python3.11/site-packages/virtme/guest/virtme-init
[    0.000000] BIOS-provided physical RAM map:
[    0.000000] BIOS-e820: [mem 0x0000000000000000-0x000000000009fbff] usable
[    0.000000] BIOS-e820: [mem 0x000000000009fc00-0x000000000009ffff] reserved
[    0.000000] BIOS-e820: [mem 0x00000000000f0000-0x00000000000fffff] reserved
[    0.000000] BIOS-e820: [mem 0x0000000000100000-0x000000003ffdffff] usable
[    0.000000] BIOS-e820: [mem 0x000000003ffe0000-0x000000003fffffff] reserved
[    0.000000] BIOS-e820: [mem 0x00000000feffc000-0x00000000feffffff] reserved
[    0.000000] BIOS-e820: [mem 0x00000000fffc0000-0x00000000ffffffff] reserved
[    0.000000] BIOS-e820: [mem 0x000000fd00000000-0x000000ffffffffff] reserved
[    0.000000] printk: legacy bootconsole [earlyser0] enabled
[    0.000000] NX (Execute Disable) protection: active
[    0.000000] APIC: Static calls initialized
[    0.000000] SMBIOS 3.0.0 present.
[    0.000000] DMI: QEMU Standard PC (i440FX + PIIX, 1996), BIOS rel-1.16.3-0-ga6ed6b701f0a-prebuilt.qemu.org 04/01/2014
[    0.000000] Hypervisor detected: KVM
[    0.000000] kvm-clock: Using msrs 4b564d01 and 4b564d00
[    0.000000] kvm-clock: using sched offset of 238096610 cycles
[    0.000377] clocksource: kvm-clock: mask: 0xffffffffffffffff max_cycles: 0x1cd42e4dffb, max_idle_ns: 881590591483 ns
[    0.001586] tsc: Detected 4491.536 MHz processor
[    0.002186] last_pfn = 0x3ffe0 max_arch_pfn = 0x400000000
[    0.002613] MTRR map: 4 entries (3 fixed + 1 variable; max 19), built from 8 variable MTRRs
[    0.003222] x86/PAT: Configuration [0-7]: WB  WC  UC- UC  WB  WP  UC- WT  
Memory KASLR using RDRAND RDTSC...
[    0.005265] found SMP MP-table at [mem 0x000f5470-0x000f547f]
[    0.005706] Using GB pages for direct mapping
[    0.006061] ACPI: Early table checksum verification disabled
[    0.006487] ACPI: RSDP 0x00000000000F5290 000014 (v00 BOCHS )
[    0.006907] ACPI: RSDT 0x000000003FFE27BC 000034 (v01 BOCHS  BXPC     00000001 BXPC 00000001)
[    0.007541] ACPI: FACP 0x000000003FFE2578 000074 (v01 BOCHS  BXPC     00000001 BXPC 00000001)
[    0.008161] ACPI: DSDT 0x000000003FFE0040 002538 (v01 BOCHS  BXPC     00000001 BXPC 00000001)
[    0.008816] ACPI: FACS 0x000000003FFE0000 000040
[    0.009153] ACPI: APIC 0x000000003FFE25EC 000170 (v03 BOCHS  BXPC     00000001 BXPC 00000001)
[    0.009866] ACPI: HPET 0x000000003FFE275C 000038 (v01 BOCHS  BXPC     00000001 BXPC 00000001)
[    0.010598] ACPI: WAET 0x000000003FFE2794 000028 (v01 BOCHS  BXPC     00000001 BXPC 00000001)
[    0.011218] ACPI: Reserving FACP table memory at [mem 0x3ffe2578-0x3ffe25eb]
[    0.011730] ACPI: Reserving DSDT table memory at [mem 0x3ffe0040-0x3ffe2577]
[    0.012243] ACPI: Reserving FACS table memory at [mem 0x3ffe0000-0x3ffe003f]
[    0.012787] ACPI: Reserving APIC table memory at [mem 0x3ffe25ec-0x3ffe275b]
[    0.013301] ACPI: Reserving HPET table memory at [mem 0x3ffe275c-0x3ffe2793]
[    0.013815] ACPI: Reserving WAET table memory at [mem 0x3ffe2794-0x3ffe27bb]
[    0.014476] No NUMA configuration found
[    0.014756] Faking a node at [mem 0x0000000000000000-0x000000003ffdffff]
[    0.015245] NODE_DATA(0) allocated [mem 0x3ffdb000-0x3ffdffff]
[    0.015681] Zone ranges:
[    0.015865]   DMA      [mem 0x0000000000001000-0x0000000000ffffff]
[    0.016316]   DMA32    [mem 0x0000000001000000-0x000000003ffdffff]
[    0.016793]   Normal   empty
[    0.017004]   Device   empty
[    0.017214] Movable zone start for each node
[    0.017525] Early memory node ranges
[    0.017785]   node   0: [mem 0x0000000000001000-0x000000000009efff]
[    0.018242]   node   0: [mem 0x0000000000100000-0x000000003ffdffff]
[    0.018698] Initmem setup node 0 [mem 0x0000000000001000-0x000000003ffdffff]
[    0.019214] On node 0, zone DMA: 1 pages in unavailable ranges
[    0.019648] On node 0, zone DMA: 97 pages in unavailable ranges
[    0.021066] On node 0, zone DMA32: 32 pages in unavailable ranges
[    0.021720] ACPI: PM-Timer IO Port: 0x608
[    0.022017] ACPI: LAPIC_NMI (acpi_id[0xff] dfl dfl lint[0x1])
[    0.022456] IOAPIC[0]: apic_id 0, version 17, address 0xfec00000, GSI 0-23
[    0.022963] ACPI: INT_SRC_OVR (bus 0 bus_irq 0 global_irq 2 dfl dfl)
[    0.023436] ACPI: INT_SRC_OVR (bus 0 bus_irq 5 global_irq 5 high level)
[    0.023930] ACPI: INT_SRC_OVR (bus 0 bus_irq 9 global_irq 9 high level)
[    0.024415] ACPI: INT_SRC_OVR (bus 0 bus_irq 10 global_irq 10 high level)
[    0.024945] ACPI: INT_SRC_OVR (bus 0 bus_irq 11 global_irq 11 high level)
[    0.025450] ACPI: Using ACPI (MADT) for SMP configuration information
[    0.025926] ACPI: HPET id: 0x8086a201 base: 0xfed00000
[    0.026308] TSC deadline timer available
[    0.026600] CPU topo: Max. logical packages:   1
[    0.026941] CPU topo: Max. logical dies:       1
[    0.027282] CPU topo: Max. dies per package:   1
[    0.027624] CPU topo: Max. threads per core:  32
[    0.027964] CPU topo: Num. cores per package:     1
[    0.028324] CPU topo: Num. threads per package:  32
[    0.028712] CPU topo: Allowing 32 present CPUs plus 0 hotplug CPUs
[    0.029183] kvm-guest: APIC: eoi() replaced with kvm_guest_apic_eoi_write()
[    0.029706] kvm-guest: KVM setup pv remote TLB flush
[    0.030078] kvm-guest: setup PV sched yield
[    0.030388] PM: hibernation: Registered nosave memory: [mem 0x00000000-0x00000fff]
[    0.030947] PM: hibernation: Registered nosave memory: [mem 0x0009f000-0x0009ffff]
[    0.031498] PM: hibernation: Registered nosave memory: [mem 0x000a0000-0x000effff]
[    0.032051] PM: hibernation: Registered nosave memory: [mem 0x000f0000-0x000fffff]
[    0.032626] [mem 0x40000000-0xfeffbfff] available for PCI devices
[    0.033071] Booting paravirtualized kernel on KVM
[    0.033412] clocksource: refined-jiffies: mask: 0xffffffff max_cycles: 0xffffffff, max_idle_ns: 1910969940391419 ns
[    0.037150] setup_percpu: NR_CPUS:64 nr_cpumask_bits:32 nr_cpu_ids:32 nr_node_ids:1
[    0.038317] percpu: Embedded 58 pages/cpu s198952 r8192 d30424 u262144
[    0.038824] Kernel command line: virtme_hostname=virtme-ng nr_open=1048576 virtme_link_mods=/nipa-data/kernel/.virtme_mods/lib/modules/0.0.0 virtme_initmount0=nipa-data/kernel virtme_rw_overlay0=/etc virtme_rw_overlay1=/lib virtme_rw_overlay2=/home virtme_rw_overlay3=/opt virtme_rw_overlay4=/srv virtme_rw_overlay5=/usr virtme_rw_overlay6=/var console=hvc0 earlyprintk=serial,ttyS0,115200 virtme_console=ttyS0 psmouse.proto=exps TERM=xterm virtme_chdir=nipa-data/kernel virtme_root_user=1 rootfstype=9p rootflags=version=9p2000.L,trans=virtio,access=any raid=noautodetect ro init=/usr/lib/python3.11/site-packages/virtme/guest/virtme-init
[    0.043116] Unknown kernel command line parameters "virtme_hostname=virtme-ng nr_open=1048576 virtme_link_mods=/nipa-data/kernel/.virtme_mods/lib/modules/0.0.0 virtme_initmount0=nipa-data/kernel virtme_rw_overlay0=/etc virtme_rw_overlay1=/lib virtme_rw_overlay2=/home virtme_rw_overlay3=/opt virtme_rw_overlay4=/srv virtme_rw_overlay5=/usr virtme_rw_overlay6=/var virtme_console=ttyS0 virtme_chdir=nipa-data/kernel virtme_root_user=1", will be passed to user space.
[    0.046389] random: crng init done
[    0.046671] Dentry cache hash table entries: 131072 (order: 8, 1048576 bytes, linear)
[    0.047273] Inode-cache hash table entries: 65536 (order: 7, 524288 bytes, linear)
[    0.048031] Fallback order for Node 0: 0 
[    0.048034] Built 1 zonelists, mobility grouping on.  Total pages: 257760
[    0.049014] Policy zone: DMA32
[    0.049290] mem auto-init: stack:all(zero), heap alloc:off, heap free:off
[    0.050724] Memory: 986616K/1048056K available (16384K kernel code, 2401K rwdata, 6104K rodata, 3052K init, 2112K bss, 61180K reserved, 0K cma-reserved)
[    0.051986] SLUB: HWalign=64, Order=0-3, MinObjects=0, CPUs=32, Nodes=1
Poking KASLR using RDRAND RDTSC...
[    0.052892] ftrace: allocating 47532 entries in 186 pages
[    0.060363] ftrace: allocated 186 pages with 5 groups
[    0.061462] Dynamic Preempt: voluntary
[    0.061954] rcu: Preemptible hierarchical RCU implementation.
[    0.062483] rcu: RCU event tracing is enabled.
[    0.062895] rcu: RCU restricting CPUs from NR_CPUS=64 to nr_cpu_ids=32.
[    0.063510] Trampoline variant of Tasks RCU enabled.
[    0.063972] Rude variant of Tasks RCU enabled.
[    0.064383] Tracing variant of Tasks RCU enabled.
[    0.064825] rcu: RCU calculated value of scheduler-enlistment delay is 100 jiffies.
[    0.065526] rcu: Adjusting geometry for rcu_fanout_leaf=16, nr_cpu_ids=32
[    0.066149] RCU Tasks: Setting shift to 5 and lim to 1 rcu_task_cb_adjust=1.
[    0.066797] RCU Tasks Rude: Setting shift to 5 and lim to 1 rcu_task_cb_adjust=1.
[    0.067482] RCU Tasks Trace: Setting shift to 5 and lim to 1 rcu_task_cb_adjust=1.
[    0.070086] NR_IRQS: 4352, nr_irqs: 680, preallocated irqs: 16
[    0.070795] rcu: srcu_init: Setting srcu_struct sizes based on contention.
[    0.071565] Console: colour *CGA 80x25
[    0.071913] ACPI: Core revision 20230628
[    0.072355] clocksource: hpet: mask: 0xffffffff max_cycles: 0xffffffff, max_idle_ns: 19112604467 ns
[    0.073249] APIC: Switch to symmetric I/O mode setup
[    0.073701] APIC: Switched APIC routing to: physical flat
[    0.074187] kvm-guest: APIC: send_IPI_mask() replaced with kvm_send_ipi_mask()
[    0.074816] kvm-guest: APIC: send_IPI_mask_allbutself() replaced with kvm_send_ipi_mask_allbutself()
[    0.075617] kvm-guest: setup PV IPIs
[    0.076859] ..TIMER: vector=0x30 apic1=0 pin1=2 apic2=-1 pin2=-1
[    0.077893] tsc: Marking TSC unstable due to TSCs unsynchronized
[    0.078910] Calibrating delay loop (skipped) preset value.. 8983.07 BogoMIPS (lpj=4491536)
[    0.079978] x86/cpu: User Mode Instruction Prevention (UMIP) activated
[    0.080967] Last level iTLB entries: 4KB 512, 2MB 255, 4MB 127
[    0.081907] Last level dTLB entries: 4KB 512, 2MB 255, 4MB 127, 1GB 0
[    0.082911] Spectre V1 : Mitigation: usercopy/swapgs barriers and __user pointer sanitization
[    0.083912] Spectre V2 : Mitigation: Enhanced / Automatic IBRS
[    0.084907] Spectre V2 : Spectre v2 / SpectreRSB mitigation: Filling RSB on context switch
[    0.085909] Spectre V2 : mitigation: Enabling conditional Indirect Branch Prediction Barrier
[    0.086908] Spectre V2 : User space: Mitigation: STIBP always-on protection
[    0.087909] Speculative Store Bypass: Mitigation: Speculative Store Bypass disabled via prctl
[    0.088908] Speculative Return Stack Overflow: IBPB-extending microcode not applied!
[    0.089908] Speculative Return Stack Overflow: WARNING: See https://kernel.org/doc/html/latest/admin-guide/hw-vuln/srso.html for mitigation options.
[    0.089908] Speculative Return Stack Overflow: Vulnerable: Safe RET, no microcode
[    0.091923] x86/fpu: Supporting XSAVE feature 0x001: 'x87 floating point registers'
[    0.092908] x86/fpu: Supporting XSAVE feature 0x002: 'SSE registers'
[    0.093908] x86/fpu: Supporting XSAVE feature 0x004: 'AVX registers'
[    0.094907] x86/fpu: Supporting XSAVE feature 0x020: 'AVX-512 opmask'
[    0.095907] x86/fpu: Supporting XSAVE feature 0x040: 'AVX-512 Hi256'
[    0.096907] x86/fpu: Supporting XSAVE feature 0x080: 'AVX-512 ZMM_Hi256'
[    0.097907] x86/fpu: Supporting XSAVE feature 0x200: 'Protection Keys User registers'
[    0.098908] x86/fpu: xstate_offset[2]:  576, xstate_sizes[2]:  256
[    0.099699] x86/fpu: xstate_offset[5]:  832, xstate_sizes[5]:   64
[    0.099908] x86/fpu: xstate_offset[6]:  896, xstate_sizes[6]:  512
[    0.100907] x86/fpu: xstate_offset[7]: 1408, xstate_sizes[7]: 1024
[    0.101907] x86/fpu: xstate_offset[9]: 2432, xstate_sizes[9]:    8
[    0.102908] x86/fpu: Enabled xstate features 0x2e7, context size is 2440 bytes, using 'compacted' format.
[    0.118437] Freeing SMP alternatives memory: 40K
[    0.118908] pid_max: default: 32768 minimum: 301
[    0.119518] Mount-cache hash table entries: 2048 (order: 2, 16384 bytes, linear)
[    0.119908] Mountpoint-cache hash table entries: 2048 (order: 2, 16384 bytes, linear)
[    0.121060] smpboot: CPU0: AMD Ryzen 9 7950X 16-Core Processor (family: 0x19, model: 0x61, stepping: 0x2)
[    0.122019] Performance Events: Fam17h+ core perfctr, AMD PMU driver.
[    0.122861] ... version:                0
[    0.122909] ... bit width:              48
[    0.123429] ... generic registers:      6
[    0.123909] ... value mask:             0000ffffffffffff
[    0.124586] ... max period:             00007fffffffffff
[    0.124909] ... fixed-purpose events:   0
[    0.125416] ... event mask:             000000000000003f
[    0.125992] signal: max sigframe size: 3376
[    0.126538] rcu: Hierarchical SRCU implementation.
[    0.126909] rcu: Max phase no-delay instances is 400.
[    0.130288] smp: Bringing up secondary CPUs ...
[    0.130973] smpboot: x86: Booting SMP configuration:
[    0.131780] .... node  #0, CPUs:        #1  #2  #3  #4  #5  #6  #7  #8  #9 #10 #11 #12 #13 #14 #15 #16 #17 #18 #19 #20 #21 #22 #23 #24 #25 #26 #27 #28 #29 #30 #31
[    0.143188] Spectre V2 : Update user space SMT mitigation: STIBP always-on
[    0.155095] smp: Brought up 1 node, 32 CPUs
[    0.155910] smpboot: Total of 32 processors activated (287458.30 BogoMIPS)
[    0.165060] devtmpfs: initialized
[    0.165935] x86/mm: Memory block size: 128MB
[    0.167214] clocksource: jiffies: mask: 0xffffffff max_cycles: 0xffffffff, max_idle_ns: 1911260446275000 ns
[    0.167911] futex hash table entries: 8192 (order: 7, 524288 bytes, linear)
[    0.168898] PM: RTC time: 18:06:41, date: 2024-04-08
[    0.169354] NET: Registered PF_NETLINK/PF_ROUTE protocol family
[    0.170032] thermal_sys: Registered thermal governor 'step_wise'
[    0.170034] thermal_sys: Registered thermal governor 'user_space'
[    0.170836] cpuidle: using governor menu
[    0.172181] PCI: Using configuration type 1 for base access
[    0.172910] PCI: Using configuration type 1 for extended access
[    0.173727] kprobes: kprobe jump-optimization is enabled. All kprobes are optimized if possible.
[    0.174027] HugeTLB: registered 1.00 GiB page size, pre-allocated 0 pages
[    0.174909] HugeTLB: 16380 KiB vmemmap can be freed for a 1.00 GiB page
[    0.175781] HugeTLB: registered 2.00 MiB page size, pre-allocated 0 pages
[    0.175909] HugeTLB: 28 KiB vmemmap can be freed for a 2.00 MiB page
[    0.176768] Demotion targets for Node 0: null
[    0.176945] ACPI: Added _OSI(Module Device)
[    0.177482] ACPI: Added _OSI(Processor Device)
[    0.177909] ACPI: Added _OSI(3.0 _SCP Extensions)
[    0.178519] ACPI: Added _OSI(Processor Aggregator Device)
[    0.179610] ACPI: 1 ACPI AML tables successfully acquired and loaded
[    0.185929] ACPI: _OSC evaluation for CPUs failed, trying _PDC
[    0.187041] ACPI: Interpreter enabled
[    0.187517] ACPI: PM: (supports S0 S3 S4 S5)
[    0.187910] ACPI: Using IOAPIC for interrupt routing
[    0.188556] PCI: Using host bridge windows from ACPI; if necessary, use "pci=nocrs" and report a bug
[    0.188909] PCI: Using E820 reservations for host bridge windows
[    0.189753] ACPI: Enabled 2 GPEs in block 00 to 0F
[    0.192485] ACPI: PCI Root Bridge [PCI0] (domain 0000 [bus 00-ff])
[    0.192911] acpi PNP0A03:00: _OSC: OS supports [ExtendedConfig ASPM ClockPM Segments MSI HPX-Type3]
[    0.193998] PCI host bridge to bus 0000:00
[    0.194522] pci_bus 0000:00: root bus resource [io  0x0000-0x0cf7 window]
[    0.194909] pci_bus 0000:00: root bus resource [io  0x0d00-0xffff window]
[    0.195783] pci_bus 0000:00: root bus resource [mem 0x000a0000-0x000bffff window]
[    0.195909] pci_bus 0000:00: root bus resource [mem 0x40000000-0xfebfffff window]
[    0.196862] pci_bus 0000:00: root bus resource [mem 0x100000000-0x17fffffff window]
[    0.196910] pci_bus 0000:00: root bus resource [bus 00-ff]
[    0.197692] pci 0000:00:00.0: [8086:1237] type 00 class 0x060000 conventional PCI endpoint
[    0.198159] pci 0000:00:01.0: [8086:7000] type 00 class 0x060100 conventional PCI endpoint
[    0.199231] pci 0000:00:01.1: [8086:7010] type 00 class 0x010180 conventional PCI endpoint
[    0.202398] pci 0000:00:01.1: BAR 4 [io  0xc0c0-0xc0cf]
[    0.203896] pci 0000:00:01.1: BAR 0 [io  0x01f0-0x01f7]: legacy IDE quirk
[    0.203910] pci 0000:00:01.1: BAR 1 [io  0x03f6]: legacy IDE quirk
[    0.204699] pci 0000:00:01.1: BAR 2 [io  0x0170-0x0177]: legacy IDE quirk
[    0.204909] pci 0000:00:01.1: BAR 3 [io  0x0376]: legacy IDE quirk
[    0.205791] pci 0000:00:01.3: [8086:7113] type 00 class 0x068000 conventional PCI endpoint
[    0.206152] pci 0000:00:01.3: quirk: [io  0x0600-0x063f] claimed by PIIX4 ACPI
[    0.206913] pci 0000:00:01.3: quirk: [io  0x0700-0x070f] claimed by PIIX4 SMB
[    0.208009] pci 0000:00:02.0: [1af4:1009] type 00 class 0x000200 conventional PCI endpoint
[    0.209910] pci 0000:00:02.0: BAR 0 [io  0xc000-0xc03f]
[    0.211649] pci 0000:00:02.0: BAR 1 [mem 0xfebfc000-0xfebfcfff]
[    0.214910] pci 0000:00:02.0: BAR 4 [mem 0xfebf0000-0xfebf3fff 64bit pref]
[    0.217213] pci 0000:00:03.0: [1af4:1009] type 00 class 0x000200 conventional PCI endpoint
[    0.219545] pci 0000:00:03.0: BAR 0 [io  0xc040-0xc07f]
[    0.220910] pci 0000:00:03.0: BAR 1 [mem 0xfebfd000-0xfebfdfff]
[    0.224621] pci 0000:00:03.0: BAR 4 [mem 0xfebf4000-0xfebf7fff 64bit pref]
[    0.227362] pci 0000:00:04.0: [8086:25ab] type 00 class 0x088000 conventional PCI endpoint
[    0.228316] pci 0000:00:04.0: BAR 0 [mem 0xfebfe000-0xfebfe00f]
[    0.232323] pci 0000:00:05.0: [1af4:1003] type 00 class 0x078000 conventional PCI endpoint
[    0.233909] pci 0000:00:05.0: BAR 0 [io  0xc080-0xc0bf]
[    0.235604] pci 0000:00:05.0: BAR 1 [mem 0xfebff000-0xfebfffff]
[    0.238910] pci 0000:00:05.0: BAR 4 [mem 0xfebf8000-0xfebfbfff 64bit pref]
[    0.241353] ACPI: PCI: Interrupt link LNKA configured for IRQ 10
[    0.242017] ACPI: PCI: Interrupt link LNKB configured for IRQ 10
[    0.242874] ACPI: PCI: Interrupt link LNKC configured for IRQ 11
[    0.243009] ACPI: PCI: Interrupt link LNKD configured for IRQ 11
[    0.243844] ACPI: PCI: Interrupt link LNKS configured for IRQ 9
[    0.244797] iommu: Default domain type: Translated
[    0.244909] iommu: DMA domain TLB invalidation policy: lazy mode
[    0.245719] SCSI subsystem initialized
[    0.245940] pps_core: LinuxPPS API ver. 1 registered
[    0.246577] pps_core: Software ver. 5.3.6 - Copyright 2005-2007 Rodolfo Giometti <giometti@linux.it>
[    0.246911] PTP clock support registered
[    0.247426] Advanced Linux Sound Architecture Driver Initialized.
[    0.248344] NET: Registered PF_ATMPVC protocol family
[    0.248910] NET: Registered PF_ATMSVC protocol family
[    0.249557] PCI: Using ACPI for IRQ routing
[    0.249991] vgaarb: loaded
[    0.250263] hpet0: at MMIO 0xfed00000, IRQs 2, 8, 0
[    0.250909] hpet0: 3 comparators, 64-bit 100.000000 MHz counter
[    0.254495] clocksource: Switched to clocksource kvm-clock
[    0.255493] VFS: Disk quotas dquot_6.6.0
[    0.256334] VFS: Dquot-cache hash table entries: 512 (order 0, 4096 bytes)
[    0.257247] pnp: PnP ACPI init
[    0.257825] pnp: PnP ACPI: found 5 devices
[    0.265085] clocksource: acpi_pm: mask: 0xffffff max_cycles: 0xffffff, max_idle_ns: 2085701024 ns
[    0.266252] NET: Registered PF_INET protocol family
[    0.266891] IP idents hash table entries: 16384 (order: 5, 131072 bytes, linear)
[    0.267980] tcp_listen_portaddr_hash hash table entries: 512 (order: 1, 8192 bytes, linear)
[    0.269054] Table-perturb hash table entries: 65536 (order: 6, 262144 bytes, linear)
[    0.270043] TCP established hash table entries: 8192 (order: 4, 65536 bytes, linear)
[    0.271124] TCP bind hash table entries: 8192 (order: 6, 262144 bytes, linear)
[    0.272059] TCP: Hash tables configured (established 8192 bind 8192)
[    0.272896] UDP hash table entries: 512 (order: 2, 16384 bytes, linear)
[    0.273746] UDP-Lite hash table entries: 512 (order: 2, 16384 bytes, linear)
[    0.274671] NET: Registered PF_UNIX/PF_LOCAL protocol family
[    0.275395] pci_bus 0000:00: resource 4 [io  0x0000-0x0cf7 window]
[    0.276202] pci_bus 0000:00: resource 5 [io  0x0d00-0xffff window]
[    0.276993] pci_bus 0000:00: resource 6 [mem 0x000a0000-0x000bffff window]
[    0.277873] pci_bus 0000:00: resource 7 [mem 0x40000000-0xfebfffff window]
[    0.278753] pci_bus 0000:00: resource 8 [mem 0x100000000-0x17fffffff window]
[    0.279677] pci 0000:00:01.0: PIIX3: Enabling Passive Release
[    0.280415] pci 0000:00:00.0: Limiting direct PCI/PCI transfers
[    0.281209] PCI: CLS 0 bytes, default 64
[    0.281747] kvm_intel: VMX not supported by CPU 0
[    0.282357] kvm_amd: TSC scaling supported
[    0.282886] kvm_amd: Nested Virtualization enabled
[    0.283502] kvm_amd: Nested Paging enabled
[    0.284031] kvm_amd: Virtual VMLOAD VMSAVE supported
[    0.284670] kvm_amd: Virtual GIF supported
[    0.285191] kvm_amd: Virtual NMI enabled
[    0.285695] kvm_amd: LBR virtualization supported
[    0.380798] Initialise system trusted keyrings
[    0.381640] workingset: timestamp_bits=56 max_order=18 bucket_order=0
[    0.382744] squashfs: version 4.0 (2009/01/31) Phillip Lougher
[    0.383724] fuse: init (API version 7.40)
[    0.384438] 9p: Installing v9fs 9p2000 file system support
[    0.394451] Key type asymmetric registered
[    0.395161] Asymmetric key parser 'x509' registered
[    0.396007] Block layer SCSI generic (bsg) driver version 0.4 loaded (major 249)
[    0.397281] io scheduler mq-deadline registered
[    0.398051] io scheduler kyber registered
[    0.399982] input: Power Button as /devices/LNXSYSTM:00/LNXPWRBN:00/input/input0
[    0.401301] ACPI: button: Power Button [PWRF]
[    0.402070] Warning: Processor Platform Limit event detected, but not handled.
[    0.403281] Consider compiling CPUfreq support into your kernel.
[    0.425631] ACPI: \_SB_.LNKB: Enabled at IRQ 10
[    0.447452] ACPI: \_SB_.LNKC: Enabled at IRQ 11
[    0.469215] ACPI: \_SB_.LNKA: Enabled at IRQ 10
[    0.470817] Serial: 8250/16550 driver, 4 ports, IRQ sharing enabled
[    0.472010] 00:03: ttyS0 at I/O 0x3f8 (irq = 4, base_baud = 115200) is a 16550A
[    0.530242] Non-volatile memory driver v1.3
[    0.530976] Linux agpgart interface v0.103
[    0.531060] ACPI: bus type drm_connector registered
[    0.532356] printk: legacy console [hvc0] enabled
[    0.533049] printk: legacy bootconsole [earlyser0] disabled
          _      _                                    
   __   _(_)_ __| |_ _ __ ___   ___       _ __   __ _ 
   \ \ / / |  __| __|  _   _ \ / _ \_____|  _ \ / _  |
    \ V /| | |  | |_| | | | | |  __/_____| | | | (_| |
     \_/ |_|_|   \__|_| |_| |_|\___|     |_| |_|\__  |
                                                |___/ 
   kernel version: 6.9.0-rc2-virtme x86_64
   (CTRL+d to exit)

virtme-ng:/nipa-data/kernel# PS1='xx__-> '
xx__-> env
PWD=/nipa-data/kernel
nr_open=1048576
HOME=/root
TERM=xterm
SHLVL=2
XDG_RUNTIME_DIR=/run/user/0
PATH=/bin:/sbin:/usr/bin:/usr/sbin:/usr/local/bin
OLDPWD=/
_=/usr/bin/env
xx__-> 