No EFI environment detected.
early console in extract_kernel
input_data: 0x0000000002be42c4
input_len: 0x0000000000b7f34b
output: 0x0000000001000000
output_len: 0x000000000271b804
kernel_total_size: 0x0000000002430000
needed_size: 0x0000000002800000
trampoline_32bit: 0x0000000000000000
Physical KASLR using RDRAND RDTSC...
Virtual KASLR using RDRAND RDTSC...

Decompressing Linux... Parsing ELF... Performing relocations... done.
Booting the kernel (entry_offset: 0x0000000000000000).
[    0.000000] Linux version 6.12.0-virtme (root@c49e5a6a5998) (gcc (Ubuntu 13.2.0-23ubuntu4) 13.2.0, GNU ld (GNU Binutils for Ubuntu) 2.42) #1 SMP PREEMPT_DYNAMIC Thu Dec  5 18:06:31 UTC 2024
[    0.000000] Command line: virtme_hostname=virtme-ng nr_open=1048576 virtme_link_mods=/nipa-data/kernel/.virtme_mods/lib/modules/0.0.0 virtme_initmount0=nipa-data/kernel virtme_rw_overlay0=/etc virtme_rw_overlay1=/lib virtme_rw_overlay2=/home virtme_rw_overlay3=/opt virtme_rw_overlay4=/srv virtme_rw_overlay5=/usr virtme_rw_overlay6=/var console=hvc0 earlyprintk=serial,ttyS0,115200 virtme_console=ttyS0 psmouse.proto=exps TERM=xterm virtme_chdir=nipa-data/kernel virtme_root_user=1 rootfstype=9p rootflags=version=9p2000.L,trans=virtio,access=any raid=noautodetect ro init=/usr/lib/python3/dist-packages/virtme/guest/virtme-init
[    0.000000] BIOS-provided physical RAM map:
[    0.000000] BIOS-e820: [mem 0x0000000000000000-0x000000000009fbff] usable
[    0.000000] BIOS-e820: [mem 0x000000000009fc00-0x000000000009ffff] reserved
[    0.000000] BIOS-e820: [mem 0x00000000000f0000-0x00000000000fffff] reserved
[    0.000000] BIOS-e820: [mem 0x0000000000100000-0x000000003ffdffff] usable
[    0.000000] BIOS-e820: [mem 0x000000003ffe0000-0x000000003fffffff] reserved
[    0.000000] BIOS-e820: [mem 0x00000000feffc000-0x00000000feffffff] reserved
[    0.000000] BIOS-e820: [mem 0x00000000fffc0000-0x00000000ffffffff] reserved
[    0.000000] BIOS-e820: [mem 0x000000fd00000000-0x000000ffffffffff] reserved
[    0.000000] printk: legacy bootconsole [earlyser0] enabled
[    0.000000] NX (Execute Disable) protection: active
[    0.000000] APIC: Static calls initialized
[    0.000000] SMBIOS 3.0.0 present.
[    0.000000] DMI: QEMU Ubuntu 24.04 PC (i440FX + PIIX, 1996), BIOS 1.16.3-debian-1.16.3-2 04/01/2014
[    0.000000] DMI: Memory slots populated: 1/1
[    0.000000] Hypervisor detected: KVM
[    0.000000] kvm-clock: Using msrs 4b564d01 and 4b564d00
[    0.000000] kvm-clock: using sched offset of 187118851 cycles
[    0.000361] clocksource: kvm-clock: mask: 0xffffffffffffffff max_cycles: 0x1cd42e4dffb, max_idle_ns: 881590591483 ns
[    0.001486] tsc: Detected 4491.556 MHz processor
[    0.002058] last_pfn = 0x3ffe0 max_arch_pfn = 0x400000000
[    0.002452] MTRR map: 4 entries (3 fixed + 1 variable; max 19), built from 8 variable MTRRs
[    0.003030] x86/PAT: Configuration [0-7]: WB  WC  UC- UC  WB  WP  UC- WT  
Memory KASLR using RDRAND RDTSC...
[    0.004965] found SMP MP-table at [mem 0x000f5470-0x000f547f]
[    0.005368] Using GB pages for direct mapping
[    0.005706] ACPI: Early table checksum verification disabled
[    0.006095] ACPI: RSDP 0x00000000000F5290 000014 (v00 BOCHS )
[    0.006493] ACPI: RSDT 0x000000003FFE27BC 000034 (v01 BOCHS  BXPC     00000001 BXPC 00000001)
[    0.007081] ACPI: FACP 0x000000003FFE2578 000074 (v01 BOCHS  BXPC     00000001 BXPC 00000001)
[    0.007670] ACPI: DSDT 0x000000003FFE0040 002538 (v01 BOCHS  BXPC     00000001 BXPC 00000001)
[    0.008259] ACPI: FACS 0x000000003FFE0000 000040
[    0.008578] ACPI: APIC 0x000000003FFE25EC 000170 (v03 BOCHS  BXPC     00000001 BXPC 00000001)
[    0.009165] ACPI: HPET 0x000000003FFE275C 000038 (v01 BOCHS  BXPC     00000001 BXPC 00000001)
[    0.009752] ACPI: WAET 0x000000003FFE2794 000028 (v01 BOCHS  BXPC     00000001 BXPC 00000001)
[    0.010339] ACPI: Reserving FACP table memory at [mem 0x3ffe2578-0x3ffe25eb]
[    0.010824] ACPI: Reserving DSDT table memory at [mem 0x3ffe0040-0x3ffe2577]
[    0.011308] ACPI: Reserving FACS table memory at [mem 0x3ffe0000-0x3ffe003f]
[    0.011791] ACPI: Reserving APIC table memory at [mem 0x3ffe25ec-0x3ffe275b]
[    0.012277] ACPI: Reserving HPET table memory at [mem 0x3ffe275c-0x3ffe2793]
[    0.012762] ACPI: Reserving WAET table memory at [mem 0x3ffe2794-0x3ffe27bb]
[    0.013377] No NUMA configuration found
[    0.013641] Faking a node at [mem 0x0000000000000000-0x000000003ffdffff]
[    0.014102] NODE_DATA(0) allocated [mem 0x3ffdb780-0x3ffdffff]
[    0.014512] Zone ranges:
[    0.014686]   DMA      [mem 0x0000000000001000-0x0000000000ffffff]
[    0.015111]   DMA32    [mem 0x0000000001000000-0x000000003ffdffff]
[    0.015537]   Normal   empty
[    0.015735]   Device   empty
[    0.015934] Movable zone start for each node
[    0.016229] Early memory node ranges
[    0.016474]   node   0: [mem 0x0000000000001000-0x000000000009efff]
[    0.016904]   node   0: [mem 0x0000000000100000-0x000000003ffdffff]
[    0.017335] Initmem setup node 0 [mem 0x0000000000001000-0x000000003ffdffff]
[    0.017820] On node 0, zone DMA: 1 pages in unavailable ranges
[    0.018228] On node 0, zone DMA: 97 pages in unavailable ranges
[    0.019560] On node 0, zone DMA32: 32 pages in unavailable ranges
[    0.020173] ACPI: PM-Timer IO Port: 0x608
[    0.020452] ACPI: LAPIC_NMI (acpi_id[0xff] dfl dfl lint[0x1])
[    0.020862] IOAPIC[0]: apic_id 0, version 17, address 0xfec00000, GSI 0-23
[    0.021335] ACPI: INT_SRC_OVR (bus 0 bus_irq 0 global_irq 2 dfl dfl)
[    0.021773] ACPI: INT_SRC_OVR (bus 0 bus_irq 5 global_irq 5 high level)
[    0.022228] ACPI: INT_SRC_OVR (bus 0 bus_irq 9 global_irq 9 high level)
[    0.022683] ACPI: INT_SRC_OVR (bus 0 bus_irq 10 global_irq 10 high level)
[    0.023150] ACPI: INT_SRC_OVR (bus 0 bus_irq 11 global_irq 11 high level)
[    0.023618] ACPI: Using ACPI (MADT) for SMP configuration information
[    0.024063] ACPI: HPET id: 0x8086a201 base: 0xfed00000
[    0.024417] TSC deadline timer available
[    0.024689] CPU topo: Max. logical packages:   1
[    0.025006] CPU topo: Max. logical dies:       1
[    0.025324] CPU topo: Max. dies per package:   1
[    0.025643] CPU topo: Max. threads per core:   1
[    0.025960] CPU topo: Num. cores per package:    32
[    0.026295] CPU topo: Num. threads per package:  32
[    0.026633] CPU topo: Allowing 32 present CPUs plus 0 hotplug CPUs
[    0.027062] kvm-guest: APIC: eoi() replaced with kvm_guest_apic_eoi_write()
[    0.027546] kvm-guest: KVM setup pv remote TLB flush
[    0.027887] kvm-guest: setup PV sched yield
[    0.028178] PM: hibernation: Registered nosave memory: [mem 0x00000000-0x00000fff]
[    0.028697] PM: hibernation: Registered nosave memory: [mem 0x0009f000-0x0009ffff]
[    0.029215] PM: hibernation: Registered nosave memory: [mem 0x000a0000-0x000effff]
[    0.029734] PM: hibernation: Registered nosave memory: [mem 0x000f0000-0x000fffff]
[    0.030253] [mem 0x40000000-0xfeffbfff] available for PCI devices
[    0.030670] Booting paravirtualized kernel on KVM
[    0.030992] clocksource: refined-jiffies: mask: 0xffffffff max_cycles: 0xffffffff, max_idle_ns: 1910969940391419 ns
[    0.034386] setup_percpu: NR_CPUS:64 nr_cpumask_bits:32 nr_cpu_ids:32 nr_node_ids:1
[    0.035498] percpu: Embedded 58 pages/cpu s198232 r8192 d31144 u262144
[    0.035985] Kernel command line: virtme_hostname=virtme-ng nr_open=1048576 virtme_link_mods=/nipa-data/kernel/.virtme_mods/lib/modules/0.0.0 virtme_initmount0=nipa-data/kernel virtme_rw_overlay0=/etc virtme_rw_overlay1=/lib virtme_rw_overlay2=/home virtme_rw_overlay3=/opt virtme_rw_overlay4=/srv virtme_rw_overlay5=/usr virtme_rw_overlay6=/var console=hvc0 earlyprintk=serial,ttyS0,115200 virtme_console=ttyS0 psmouse.proto=exps TERM=xterm virtme_chdir=nipa-data/kernel virtme_root_user=1 rootfstype=9p rootflags=version=9p2000.L,trans=virtio,access=any raid=noautodetect ro init=/usr/lib/python3/dist-packages/virtme/guest/virtme-init
[    0.040018] Unknown kernel command line parameters "virtme_hostname=virtme-ng nr_open=1048576 virtme_link_mods=/nipa-data/kernel/.virtme_mods/lib/modules/0.0.0 virtme_initmount0=nipa-data/kernel virtme_rw_overlay0=/etc virtme_rw_overlay1=/lib virtme_rw_overlay2=/home virtme_rw_overlay3=/opt virtme_rw_overlay4=/srv virtme_rw_overlay5=/usr virtme_rw_overlay6=/var virtme_console=ttyS0 virtme_chdir=nipa-data/kernel virtme_root_user=1", will be passed to user space.
[    0.043097] random: crng init done
[    0.043337] printk: log buffer data + meta data: 262144 + 917504 = 1179648 bytes
[    0.043887] Dentry cache hash table entries: 131072 (order: 8, 1048576 bytes, linear)
[    0.044462] Inode-cache hash table entries: 65536 (order: 7, 524288 bytes, linear)
[    0.045077] Fallback order for Node 0: 0 
[    0.045079] Built 1 zonelists, mobility grouping on.  Total pages: 262014
[    0.045844] Policy zone: DMA32
[    0.046060] mem auto-init: stack:all(zero), heap alloc:off, heap free:off
[    0.047094] SLUB: HWalign=64, Order=0-3, MinObjects=0, CPUs=32, Nodes=1
Poking KASLR using RDRAND RDTSC...
[    0.047799] ftrace: allocating 48711 entries in 191 pages
[    0.059529] ftrace: allocated 191 pages with 7 groups
[    0.060426] Dynamic Preempt: voluntary
[    0.060810] rcu: Preemptible hierarchical RCU implementation.
[    0.061215] rcu: RCU event tracing is enabled.
[    0.061535] rcu: RCU restricting CPUs from NR_CPUS=64 to nr_cpu_ids=32.
[    0.062004] Trampoline variant of Tasks RCU enabled.
[    0.062357] Rude variant of Tasks RCU enabled.
[    0.062679] Tracing variant of Tasks RCU enabled.
[    0.063017] rcu: RCU calculated value of scheduler-enlistment delay is 100 jiffies.
[    0.063554] rcu: Adjusting geometry for rcu_fanout_leaf=16, nr_cpu_ids=32
[    0.064040] RCU Tasks: Setting shift to 5 and lim to 1 rcu_task_cb_adjust=1 rcu_task_cpu_ids=32.
[    0.064660] RCU Tasks Rude: Setting shift to 5 and lim to 1 rcu_task_cb_adjust=1 rcu_task_cpu_ids=32.
[    0.065309] RCU Tasks Trace: Setting shift to 5 and lim to 1 rcu_task_cb_adjust=1 rcu_task_cpu_ids=32.
[    0.067349] NR_IRQS: 4352, nr_irqs: 680, preallocated irqs: 16
[    0.067923] rcu: srcu_init: Setting srcu_struct sizes based on contention.
[    0.068540] Console: colour *CGA 80x25
[    0.068808] ACPI: Core revision 20240827
[    0.069145] clocksource: hpet: mask: 0xffffffff max_cycles: 0xffffffff, max_idle_ns: 19112604467 ns
[    0.069833] APIC: Switch to symmetric I/O mode setup
[    0.070205] kvm-guest: APIC: send_IPI_mask() replaced with kvm_send_ipi_mask()
[    0.070708] kvm-guest: APIC: send_IPI_mask_allbutself() replaced with kvm_send_ipi_mask_allbutself()
[    0.071323] kvm-guest: setup PV IPIs
[    0.072308] ..TIMER: vector=0x30 apic1=0 pin1=2 apic2=-1 pin2=-1
[    0.073063] clocksource: tsc-early: mask: 0xffffffffffffffff max_cycles: 0x40be400eb43, max_idle_ns: 440795366972 ns
[    0.074360] Calibrating delay loop (skipped) preset value.. 8983.11 BogoMIPS (lpj=4491556)
[    0.075418] x86/cpu: User Mode Instruction Prevention (UMIP) activated
[    0.076404] Last level iTLB entries: 4KB 512, 2MB 255, 4MB 127
[    0.077359] Last level dTLB entries: 4KB 512, 2MB 255, 4MB 127, 1GB 0
[    0.078144] Spectre V1 : Mitigation: usercopy/swapgs barriers and __user pointer sanitization
[    0.078362] Spectre V2 : Mitigation: Enhanced / Automatic IBRS
[    0.079072] Spectre V2 : Spectre v2 / SpectreRSB mitigation: Filling RSB on context switch
[    0.079360] Spectre V2 : mitigation: Enabling conditional Indirect Branch Prediction Barrier
[    0.080360] Speculative Store Bypass: Mitigation: Speculative Store Bypass disabled via prctl
[    0.081359] Speculative Return Stack Overflow: IBPB-extending microcode not applied!
[    0.082359] Speculative Return Stack Overflow: WARNING: See https://kernel.org/doc/html/latest/admin-guide/hw-vuln/srso.html for mitigation options.
[    0.082359] Speculative Return Stack Overflow: Vulnerable: Safe RET, no microcode
[    0.084373] x86/fpu: Supporting XSAVE feature 0x001: 'x87 floating point registers'
[    0.085359] x86/fpu: Supporting XSAVE feature 0x002: 'SSE registers'
[    0.086359] x86/fpu: Supporting XSAVE feature 0x004: 'AVX registers'
[    0.087115] x86/fpu: Supporting XSAVE feature 0x020: 'AVX-512 opmask'
[    0.087359] x86/fpu: Supporting XSAVE feature 0x040: 'AVX-512 Hi256'
[    0.088359] x86/fpu: Supporting XSAVE feature 0x080: 'AVX-512 ZMM_Hi256'
[    0.089359] x86/fpu: Supporting XSAVE feature 0x200: 'Protection Keys User registers'
[    0.090359] x86/fpu: xstate_offset[2]:  576, xstate_sizes[2]:  256
[    0.091100] x86/fpu: xstate_offset[5]:  832, xstate_sizes[5]:   64
[    0.091359] x86/fpu: xstate_offset[6]:  896, xstate_sizes[6]:  512
[    0.092359] x86/fpu: xstate_offset[7]: 1408, xstate_sizes[7]: 1024
[    0.093359] x86/fpu: xstate_offset[9]: 2432, xstate_sizes[9]:    8
[    0.094098] x86/fpu: Enabled xstate features 0x2e7, context size is 2440 bytes, using 'compacted' format.
[    0.107827] Freeing SMP alternatives memory: 40K
[    0.108360] pid_max: default: 32768 minimum: 301
[    0.108932] Mount-cache hash table entries: 2048 (order: 2, 16384 bytes, linear)
[    0.109359] Mountpoint-cache hash table entries: 2048 (order: 2, 16384 bytes, linear)
[    0.110485] smpboot: CPU0: AMD Ryzen 9 7950X 16-Core Processor (family: 0x19, model: 0x61, stepping: 0x2)
[    0.111464] Performance Events: Fam17h+ core perfctr, AMD PMU driver.
[    0.112257] ... version:                0
[    0.112361] ... bit width:              48
[    0.112851] ... generic registers:      6
[    0.113332] ... value mask:             0000ffffffffffff
[    0.113360] ... max period:             00007fffffffffff
[    0.113996] ... fixed-purpose events:   0
[    0.114360] ... event mask:             000000000000003f
[    0.115067] signal: max sigframe size: 3376
[    0.115375] rcu: Hierarchical SRCU implementation.
[    0.115950] rcu: Max phase no-delay instances is 400.
[    0.116380] Timer migration: 2 hierarchy levels; 8 children per group; 2 crossnode level
[    0.119419] smp: Bringing up secondary CPUs ...
[    0.120014] smpboot: x86: Booting SMP configuration:
[    0.120362] .... node  #0, CPUs:        #1  #2  #3  #4  #5  #6  #7  #8  #9 #10 #11 #12 #13 #14 #15 #16 #17 #18 #19 #20 #21 #22 #23 #24 #25 #26 #27 #28 #29 #30 #31
[    0.132454] smp: Brought up 1 node, 32 CPUs
[    0.133866] smpboot: Total of 32 processors activated (287459.58 BogoMIPS)
[    0.136470] Memory: 969476K/1048056K available (16384K kernel code, 2473K rwdata, 6328K rodata, 3148K init, 1804K bss, 63180K reserved, 0K cma-reserved)
[    0.137395] devtmpfs: initialized
[    0.137788] x86/mm: Memory block size: 128MB
[    0.139403] clocksource: jiffies: mask: 0xffffffff max_cycles: 0xffffffff, max_idle_ns: 1911260446275000 ns
[    0.140362] futex hash table entries: 8192 (order: 7, 524288 bytes, linear)
[    0.141274] PM: RTC time: 18:06:49, date: 2024-12-05
[    0.142719] NET: Registered PF_NETLINK/PF_ROUTE protocol family
[    0.143470] thermal_sys: Registered thermal governor 'step_wise'
[    0.143472] thermal_sys: Registered thermal governor 'user_space'
[    0.144363] cpuidle: using governor menu
[    0.146539] PCI: Using configuration type 1 for base access
[    0.147360] PCI: Using configuration type 1 for extended access
[    0.148124] kprobes: kprobe jump-optimization is enabled. All kprobes are optimized if possible.
[    0.164164] HugeTLB: registered 1.00 GiB page size, pre-allocated 0 pages
[    0.164360] HugeTLB: 16380 KiB vmemmap can be freed for a 1.00 GiB page
[    0.165163] HugeTLB: registered 2.00 MiB page size, pre-allocated 0 pages
[    0.166360] HugeTLB: 28 KiB vmemmap can be freed for a 2.00 MiB page
[    0.167396] ACPI: Added _OSI(Module Device)
[    0.167396] ACPI: Added _OSI(Processor Device)
[    0.167902] ACPI: Added _OSI(3.0 _SCP Extensions)
[    0.168361] ACPI: Added _OSI(Processor Aggregator Device)
[    0.169658] ACPI: 1 ACPI AML tables successfully acquired and loaded
[    0.171884] ACPI: Interpreter enabled
[    0.172368] ACPI: PM: (supports S0 S3 S4 S5)
[    0.172892] ACPI: Using IOAPIC for interrupt routing
[    0.173366] PCI: Using host bridge windows from ACPI; if necessary, use "pci=nocrs" and report a bug
[    0.174360] PCI: Using E820 reservations for host bridge windows
[    0.175170] ACPI: Enabled 2 GPEs in block 00 to 0F
[    0.178863] ACPI: PCI Root Bridge [PCI0] (domain 0000 [bus 00-ff])
[    0.179363] acpi PNP0A03:00: _OSC: OS supports [ExtendedConfig ASPM ClockPM Segments MSI HPX-Type3]
[    0.180444] PCI host bridge to bus 0000:00
[    0.180950] pci_bus 0000:00: root bus resource [io  0x0000-0x0cf7 window]
[    0.181360] pci_bus 0000:00: root bus resource [io  0x0d00-0xffff window]
[    0.182185] pci_bus 0000:00: root bus resource [mem 0x000a0000-0x000bffff window]
[    0.183361] pci_bus 0000:00: root bus resource [mem 0x40000000-0xfebfffff window]
[    0.184273] pci_bus 0000:00: root bus resource [mem 0x100000000-0x17fffffff window]
[    0.185361] pci_bus 0000:00: root bus resource [bus 00-ff]
[    0.186108] pci 0000:00:00.0: [8086:1237] type 00 class 0x060000 conventional PCI endpoint
[    0.187591] pci 0000:00:01.0: [8086:7000] type 00 class 0x060100 conventional PCI endpoint
[    0.188656] pci 0000:00:01.1: [8086:7010] type 00 class 0x010180 conventional PCI endpoint
[    0.191440] pci 0000:00:01.1: BAR 4 [io  0xc0c0-0xc0cf]
[    0.192371] pci 0000:00:01.1: BAR 0 [io  0x01f0-0x01f7]: legacy IDE quirk
[    0.193195] pci 0000:00:01.1: BAR 1 [io  0x03f6]: legacy IDE quirk
[    0.194360] pci 0000:00:01.1: BAR 2 [io  0x0170-0x0177]: legacy IDE quirk
[    0.195184] pci 0000:00:01.1: BAR 3 [io  0x0376]: legacy IDE quirk
[    0.196447] pci 0000:00:01.3: [8086:7113] type 00 class 0x068000 conventional PCI endpoint
[    0.197587] pci 0000:00:01.3: quirk: [io  0x0600-0x063f] claimed by PIIX4 ACPI
[    0.198364] pci 0000:00:01.3: quirk: [io  0x0700-0x070f] claimed by PIIX4 SMB
[    0.199378] pci 0000:00:02.0: [1af4:1009] type 00 class 0x000200 conventional PCI endpoint
[    0.201072] pci 0000:00:02.0: BAR 0 [io  0xc000-0xc03f]
[    0.202296] pci 0000:00:02.0: BAR 1 [mem 0xfebfc000-0xfebfcfff]
[    0.204914] pci 0000:00:02.0: BAR 4 [mem 0xfebf0000-0xfebf3fff 64bit pref]
[    0.207924] pci 0000:00:03.0: [1af4:1009] type 00 class 0x000200 conventional PCI endpoint
[    0.209361] pci 0000:00:03.0: BAR 0 [io  0xc040-0xc07f]
[    0.211883] pci 0000:00:03.0: BAR 1 [mem 0xfebfd000-0xfebfdfff]
[    0.214149] pci 0000:00:03.0: BAR 4 [mem 0xfebf4000-0xfebf7fff 64bit pref]
[    0.216257] pci 0000:00:04.0: [8086:25ab] type 00 class 0x088000 conventional PCI endpoint
[    0.217552] pci 0000:00:04.0: BAR 0 [mem 0xfebfe000-0xfebfe00f]
[    0.219412] pci 0000:00:05.0: [1af4:1003] type 00 class 0x078000 conventional PCI endpoint
[    0.220821] pci 0000:00:05.0: BAR 0 [io  0xc080-0xc0bf]
[    0.222361] pci 0000:00:05.0: BAR 1 [mem 0xfebff000-0xfebfffff]
[    0.225998] pci 0000:00:05.0: BAR 4 [mem 0xfebf8000-0xfebfbfff 64bit pref]
[    0.227372] ACPI: PCI: Interrupt link LNKA configured for IRQ 10
[    0.228384] ACPI: PCI: Interrupt link LNKB configured for IRQ 10
[    0.229211] ACPI: PCI: Interrupt link LNKC configured for IRQ 11
[    0.230452] ACPI: PCI: Interrupt link LNKD configured for IRQ 11
[    0.231245] ACPI: PCI: Interrupt link LNKS configured for IRQ 9
[    0.232164] iommu: Default domain type: Translated
[    0.233361] iommu: DMA domain TLB invalidation policy: lazy mode
[    0.234135] SCSI subsystem initialized
[    0.234390] pps_core: LinuxPPS API ver. 1 registered
[    0.234995] pps_core: Software ver. 5.3.6 - Copyright 2005-2007 Rodolfo Giometti <giometti@linux.it>
[    0.236363] PTP clock support registered
[    0.237379] Advanced Linux Sound Architecture Driver Initialized.
[    0.238618] NET: Registered PF_ATMPVC protocol family
[    0.239232] NET: Registered PF_ATMSVC protocol family
[    0.239366] PCI: Using ACPI for IRQ routing
[    0.240371] vgaarb: loaded
[    0.240701] hpet0: at MMIO 0xfed00000, IRQs 2, 8, 0
[    0.240968] hpet0: 3 comparators, 64-bit 100.000000 MHz counter
[    0.245360] clocksource: Switched to clocksource kvm-clock
[    0.245529] VFS: Disk quotas dquot_6.6.0
[    0.246674] VFS: Dquot-cache hash table entries: 512 (order 0, 4096 bytes)
[    0.248088] pnp: PnP ACPI init
[    0.248634] pnp: PnP ACPI: found 5 devices
[    0.255817] clocksource: acpi_pm: mask: 0xffffff max_cycles: 0xffffff, max_idle_ns: 2085701024 ns
[    0.256910] NET: Registered PF_INET protocol family
[    0.257519] IP idents hash table entries: 16384 (order: 5, 131072 bytes, linear)
[    0.258552] tcp_listen_portaddr_hash hash table entries: 512 (order: 1, 8192 bytes, linear)
[    0.259569] Table-perturb hash table entries: 65536 (order: 6, 262144 bytes, linear)
[    0.260510] TCP established hash table entries: 8192 (order: 4, 65536 bytes, linear)
[    0.261455] TCP bind hash table entries: 8192 (order: 6, 262144 bytes, linear)
[    0.262339] TCP: Hash tables configured (established 8192 bind 8192)
[    0.263117] UDP hash table entries: 512 (order: 3, 32768 bytes, linear)
[    0.263905] UDP-Lite hash table entries: 512 (order: 3, 32768 bytes, linear)
[    0.264772] NET: Registered PF_UNIX/PF_LOCAL protocol family
[    0.265453] pci_bus 0000:00: resource 4 [io  0x0000-0x0cf7 window]
[    0.266188] pci_bus 0000:00: resource 5 [io  0x0d00-0xffff window]
[    0.266919] pci_bus 0000:00: resource 6 [mem 0x000a0000-0x000bffff window]
[    0.267738] pci_bus 0000:00: resource 7 [mem 0x40000000-0xfebfffff window]
[    0.268561] pci_bus 0000:00: resource 8 [mem 0x100000000-0x17fffffff window]
[    0.269419] pci 0000:00:01.0: PIIX3: Enabling Passive Release
[    0.270112] pci 0000:00:00.0: Limiting direct PCI/PCI transfers
[    0.270844] PCI: CLS 0 bytes, default 64
[    0.271372] kvm_intel: VMX not supported by CPU 31
[    0.271961] kvm_amd: TSC scaling supported
[    0.272446] kvm_amd: Nested Virtualization enabled
[    0.273016] kvm_amd: Nested Paging enabled
[    0.273500] kvm_amd: LBR virtualization supported
[    0.274076] kvm_amd: Virtual GIF supported
[    0.274558] kvm_amd: Virtual NMI enabled
[    0.302637] clocksource: tsc: mask: 0xffffffffffffffff max_cycles: 0x40be400eb43, max_idle_ns: 440795366972 ns
[    0.310204] Initialise system trusted keyrings
[    0.310897] workingset: timestamp_bits=56 max_order=18 bucket_order=0
[    0.311710] squashfs: version 4.0 (2009/01/31) Phillip Lougher
[    0.312427] fuse: init (API version 7.41)
[    0.312956] 9p: Installing v9fs 9p2000 file system support
[    0.319800] Key type asymmetric registered
[    0.320308] Asymmetric key parser 'x509' registered
[    0.320908] Block layer SCSI generic (bsg) driver version 0.4 loaded (major 249)
[    0.321821] io scheduler mq-deadline registered
[    0.322374] io scheduler kyber registered
[    0.324577] input: Power Button as /devices/LNXSYSTM:00/LNXPWRBN:00/input/input0
[    0.325556] ACPI: button: Power Button [PWRF]
[    0.326520] Warning: Processor Platform Limit event detected, but not handled.
[    0.327433] Consider compiling CPUfreq support into your kernel.
[    0.344713] ACPI: \_SB_.LNKB: Enabled at IRQ 10
[    0.359767] ACPI: \_SB_.LNKC: Enabled at IRQ 11
[    0.374751] ACPI: \_SB_.LNKA: Enabled at IRQ 10
[    0.375792] Serial: 8250/16550 driver, 4 ports, IRQ sharing enabled
[    0.376746] 00:03: ttyS0 at I/O 0x3f8 (irq = 4, base_baud = 115200) is a 16550A
[    0.398717] Non-volatile memory driver v1.3
[    0.399285] Linux agpgart interface v0.103
[    0.399337] ACPI: bus type drm_connector registered
[    0.400412] printk: legacy console [hvc0] enabled
[    0.400996] printk: legacy bootconsole [earlyser0] disabled
          _      _                                    
   __   _(_)_ __| |_ _ __ ___   ___       _ __   __ _ 
   \ \ / / |  __| __|  _   _ \ / _ \_____|  _ \ / _  |
    \ V /| | |  | |_| | | | | |  __/_____| | | | (_| |
     \_/ |_|_|   \__|_| |_| |_|\___|     |_| |_|\__  |
                                                |___/ 
   kernel version: 6.12.0-virtme x86_64
   (CTRL+d to exit)

root@virtme-ng:/nipa-data/kernel# PS1='xx__-> '
xx__-> env
PWD=/nipa-data/kernel
nr_open=1048576
HOME=/
TERM=xterm
SHLVL=2
XDG_RUNTIME_DIR=/run/user/0
PATH=/bin:/sbin:/usr/bin:/usr/sbin:/usr/local/bin
OLDPWD=/
_=/bin/env
xx__-> 