No EFI environment detected.
early console in extract_kernel
input_data: 0x0000000004ab62b9
input_len: 0x0000000001824e97
output: 0x0000000001000000
output_len: 0x000000000526801c
kernel_total_size: 0x0000000004e30000
needed_size: 0x0000000005400000
trampoline_32bit: 0x0000000000000000
Physical KASLR using RDRAND RDTSC...
Virtual KASLR using RDRAND RDTSC...

Decompressing Linux... Parsing ELF... Performing relocations... done.
Booting the kernel (entry_offset: 0x0000000000000000).
[    0.000000] Linux version 6.9.0-rc3-virtme (root@be997bb30e91) (gcc (Alpine 13.2.1_git20240309) 13.2.1 20240309, GNU ld (GNU Binutils) 2.42) #1 SMP PREEMPT_DYNAMIC Wed Apr 17 18:26:51 UTC 2024
[    0.000000] Command line: virtme_hostname=virtme-ng nr_open=1048576 virtme_link_mods=/nipa-data/kernel/.virtme_mods/lib/modules/0.0.0 virtme_initmount0=nipa-data/kernel virtme_rw_overlay0=/etc virtme_rw_overlay1=/lib virtme_rw_overlay2=/home virtme_rw_overlay3=/opt virtme_rw_overlay4=/srv virtme_rw_overlay5=/usr virtme_rw_overlay6=/var console=hvc0 earlyprintk=serial,ttyS0,115200 virtme_console=ttyS0 psmouse.proto=exps TERM=xterm virtme_chdir=nipa-data/kernel virtme_root_user=1 rootfstype=9p rootflags=version=9p2000.L,trans=virtio,access=any raid=noautodetect ro init=/usr/lib/python3.12/site-packages/virtme/guest/virtme-init
[    0.000000] BIOS-provided physical RAM map:
[    0.000000] BIOS-e820: [mem 0x0000000000000000-0x000000000009fbff] usable
[    0.000000] BIOS-e820: [mem 0x000000000009fc00-0x000000000009ffff] reserved
[    0.000000] BIOS-e820: [mem 0x00000000000f0000-0x00000000000fffff] reserved
[    0.000000] BIOS-e820: [mem 0x0000000000100000-0x000000003ffdffff] usable
[    0.000000] BIOS-e820: [mem 0x000000003ffe0000-0x000000003fffffff] reserved
[    0.000000] BIOS-e820: [mem 0x00000000feffc000-0x00000000feffffff] reserved
[    0.000000] BIOS-e820: [mem 0x00000000fffc0000-0x00000000ffffffff] reserved
[    0.000000] BIOS-e820: [mem 0x000000fd00000000-0x000000ffffffffff] reserved
[    0.000000] printk: legacy bootconsole [earlyser0] enabled
[    0.000000] NX (Execute Disable) protection: active
[    0.000000] APIC: Static calls initialized
[    0.000000] SMBIOS 3.0.0 present.
[    0.000000] DMI: QEMU Standard PC (i440FX + PIIX, 1996), BIOS rel-1.16.3-0-ga6ed6b701f0a-prebuilt.qemu.org 04/01/2014
[    0.000000] Hypervisor detected: KVM
[    0.000000] kvm-clock: Using msrs 4b564d01 and 4b564d00
[    0.000000] kvm-clock: using sched offset of 377111445 cycles
[    0.000482] clocksource: kvm-clock: mask: 0xffffffffffffffff max_cycles: 0x1cd42e4dffb, max_idle_ns: 881590591483 ns
[    0.001959] tsc: Detected 4491.556 MHz processor
[    0.002867] last_pfn = 0x3ffe0 max_arch_pfn = 0x400000000
[    0.003396] MTRR map: 4 entries (3 fixed + 1 variable; max 19), built from 8 variable MTRRs
[    0.004165] x86/PAT: Configuration [0-7]: WB  WC  UC- UC  WB  WP  UC- WT  
[    0.006385] found SMP MP-table at [mem 0x000f5470-0x000f547f]
[    0.006830] Using GB pages for direct mapping
[    0.007333] ACPI: Early table checksum verification disabled
[    0.007760] ACPI: RSDP 0x00000000000F5290 000014 (v00 BOCHS )
[    0.008204] ACPI: RSDT 0x000000003FFE27BC 000034 (v01 BOCHS  BXPC     00000001 BXPC 00000001)
[    0.008855] ACPI: FACP 0x000000003FFE2578 000074 (v01 BOCHS  BXPC     00000001 BXPC 00000001)
[    0.009518] ACPI: DSDT 0x000000003FFE0040 002538 (v01 BOCHS  BXPC     00000001 BXPC 00000001)
[    0.010209] ACPI: FACS 0x000000003FFE0000 000040
[    0.010633] ACPI: APIC 0x000000003FFE25EC 000170 (v03 BOCHS  BXPC     00000001 BXPC 00000001)
[    0.011415] ACPI: HPET 0x000000003FFE275C 000038 (v01 BOCHS  BXPC     00000001 BXPC 00000001)
[    0.012198] ACPI: WAET 0x000000003FFE2794 000028 (v01 BOCHS  BXPC     00000001 BXPC 00000001)
[    0.012984] ACPI: Reserving FACP table memory at [mem 0x3ffe2578-0x3ffe25eb]
[    0.013529] ACPI: Reserving DSDT table memory at [mem 0x3ffe0040-0x3ffe2577]
[    0.014071] ACPI: Reserving FACS table memory at [mem 0x3ffe0000-0x3ffe003f]
[    0.014600] ACPI: Reserving APIC table memory at [mem 0x3ffe25ec-0x3ffe275b]
[    0.015144] ACPI: Reserving HPET table memory at [mem 0x3ffe275c-0x3ffe2793]
[    0.015674] ACPI: Reserving WAET table memory at [mem 0x3ffe2794-0x3ffe27bb]
[    0.016419] No NUMA configuration found
[    0.016707] Faking a node at [mem 0x0000000000000000-0x000000003ffdffff]
[    0.017233] NODE_DATA(0) allocated [mem 0x3ffdb000-0x3ffdffff]
[    0.017690] Zone ranges:
[    0.017883]   DMA      [mem 0x0000000000001000-0x0000000000ffffff]
[    0.018360]   DMA32    [mem 0x0000000001000000-0x000000003ffdffff]
[    0.018825]   Normal   empty
[    0.019050]   Device   empty
[    0.019267] Movable zone start for each node
[    0.019587] Early memory node ranges
[    0.019855]   node   0: [mem 0x0000000000001000-0x000000000009efff]
[    0.020339]   node   0: [mem 0x0000000000100000-0x000000003ffdffff]
[    0.020808] Initmem setup node 0 [mem 0x0000000000001000-0x000000003ffdffff]
[    0.021358] On node 0, zone DMA: 1 pages in unavailable ranges
[    0.021852] On node 0, zone DMA: 97 pages in unavailable ranges
[    0.026654] On node 0, zone DMA32: 32 pages in unavailable ranges
[    0.036285] kasan: KernelAddressSanitizer initialized
[    0.036906] ACPI: PM-Timer IO Port: 0x608
[    0.037231] ACPI: LAPIC_NMI (acpi_id[0xff] dfl dfl lint[0x1])
[    0.037686] IOAPIC[0]: apic_id 0, version 17, address 0xfec00000, GSI 0-23
[    0.038238] ACPI: INT_SRC_OVR (bus 0 bus_irq 0 global_irq 2 dfl dfl)
[    0.038715] ACPI: INT_SRC_OVR (bus 0 bus_irq 5 global_irq 5 high level)
[    0.039265] ACPI: INT_SRC_OVR (bus 0 bus_irq 9 global_irq 9 high level)
[    0.039782] ACPI: INT_SRC_OVR (bus 0 bus_irq 10 global_irq 10 high level)
[    0.040310] ACPI: INT_SRC_OVR (bus 0 bus_irq 11 global_irq 11 high level)
[    0.040827] ACPI: Using ACPI (MADT) for SMP configuration information
[    0.041322] ACPI: HPET id: 0x8086a201 base: 0xfed00000
[    0.041711] TSC deadline timer available
[    0.042017] CPU topo: Max. logical packages:   1
[    0.042448] CPU topo: Max. logical dies:       1
[    0.042877] CPU topo: Max. dies per package:   1
[    0.043313] CPU topo: Max. threads per core:  32
[    0.043745] CPU topo: Num. cores per package:     1
[    0.044199] CPU topo: Num. threads per package:  32
[    0.044656] CPU topo: Allowing 32 present CPUs plus 0 hotplug CPUs
[    0.045251] kvm-guest: APIC: eoi() replaced with kvm_guest_apic_eoi_write()
[    0.045880] kvm-guest: KVM setup pv remote TLB flush
[    0.046272] kvm-guest: setup PV sched yield
[    0.046594] PM: hibernation: Registered nosave memory: [mem 0x00000000-0x00000fff]
[    0.047182] PM: hibernation: Registered nosave memory: [mem 0x0009f000-0x0009ffff]
[    0.047748] PM: hibernation: Registered nosave memory: [mem 0x000a0000-0x000effff]
[    0.048328] PM: hibernation: Registered nosave memory: [mem 0x000f0000-0x000fffff]
[    0.048895] [mem 0x40000000-0xfeffbfff] available for PCI devices
[    0.049365] Booting paravirtualized kernel on KVM
[    0.049719] clocksource: refined-jiffies: mask: 0xffffffff max_cycles: 0xffffffff, max_idle_ns: 1910969940391419 ns
[    0.058714] setup_percpu: NR_CPUS:64 nr_cpumask_bits:32 nr_cpu_ids:32 nr_node_ids:1
[    0.060593] percpu: Embedded 70 pages/cpu s248616 r8192 d29912 u524288
[    0.061161] Kernel command line: virtme_hostname=virtme-ng nr_open=1048576 virtme_link_mods=/nipa-data/kernel/.virtme_mods/lib/modules/0.0.0 virtme_initmount0=nipa-data/kernel virtme_rw_overlay0=/etc virtme_rw_overlay1=/lib virtme_rw_overlay2=/home virtme_rw_overlay3=/opt virtme_rw_overlay4=/srv virtme_rw_overlay5=/usr virtme_rw_overlay6=/var console=hvc0 earlyprintk=serial,ttyS0,115200 virtme_console=ttyS0 psmouse.proto=exps TERM=xterm virtme_chdir=nipa-data/kernel virtme_root_user=1 rootfstype=9p rootflags=version=9p2000.L,trans=virtio,access=any raid=noautodetect ro init=/usr/lib/python3.12/site-packages/virtme/guest/virtme-init
[    0.065685] Unknown kernel command line parameters "virtme_hostname=virtme-ng nr_open=1048576 virtme_link_mods=/nipa-data/kernel/.virtme_mods/lib/modules/0.0.0 virtme_initmount0=nipa-data/kernel virtme_rw_overlay0=/etc virtme_rw_overlay1=/lib virtme_rw_overlay2=/home virtme_rw_overlay3=/opt virtme_rw_overlay4=/srv virtme_rw_overlay5=/usr virtme_rw_overlay6=/var virtme_console=ttyS0 virtme_chdir=nipa-data/kernel virtme_root_user=1", will be passed to user space.
[    0.069106] random: crng init done
[    0.069480] Dentry cache hash table entries: 131072 (order: 8, 1048576 bytes, linear)
[    0.070114] Inode-cache hash table entries: 65536 (order: 7, 524288 bytes, linear)
[    0.071147] Fallback order for Node 0: 0 
[    0.071152] Built 1 zonelists, mobility grouping on.  Total pages: 257760
[    0.071993] Policy zone: DMA32
[    0.072236] mem auto-init: stack:all(zero), heap alloc:off, heap free:off
[    0.072767] stackdepot: allocating hash table via alloc_large_system_hash
[    0.073320] stackdepot hash table entries: 1048576 (order: 12, 16777216 bytes, linear)
[    0.081506] Memory: 781036K/1048056K available (43008K kernel code, 11128K rwdata, 9748K rodata, 5836K init, 2396K bss, 266764K reserved, 0K cma-reserved)
[    0.082779] SLUB: HWalign=64, Order=0-3, MinObjects=0, CPUs=32, Nodes=1
Poking KASLR using RDRAND RDTSC...
[    0.083595] ftrace: allocating 47723 entries in 187 pages
[    0.092581] ftrace: allocated 187 pages with 6 groups
[    0.093838] Dynamic Preempt: voluntary
[    0.094621] rcu: Preemptible hierarchical RCU implementation.
[    0.095091] rcu: RCU event tracing is enabled.
[    0.095444] rcu: RCU restricting CPUs from NR_CPUS=64 to nr_cpu_ids=32.
[    0.095967] Trampoline variant of Tasks RCU enabled.
[    0.096377] Rude variant of Tasks RCU enabled.
[    0.096732] Tracing variant of Tasks RCU enabled.
[    0.097119] rcu: RCU calculated value of scheduler-enlistment delay is 100 jiffies.
[    0.097715] rcu: Adjusting geometry for rcu_fanout_leaf=16, nr_cpu_ids=32
[    0.098292] RCU Tasks: Setting shift to 5 and lim to 1 rcu_task_cb_adjust=1.
[    0.098839] RCU Tasks Rude: Setting shift to 5 and lim to 1 rcu_task_cb_adjust=1.
[    0.099515] RCU Tasks Trace: Setting shift to 5 and lim to 1 rcu_task_cb_adjust=1.
[    0.110302] NR_IRQS: 4352, nr_irqs: 680, preallocated irqs: 16
[    0.111028] rcu: srcu_init: Setting srcu_struct sizes based on contention.
[    0.111765] Console: colour *CGA 80x25
[    0.112089] ACPI: Core revision 20230628
[    0.112552] clocksource: hpet: mask: 0xffffffff max_cycles: 0xffffffff, max_idle_ns: 19112604467 ns
[    0.113395] APIC: Switch to symmetric I/O mode setup
[    0.113862] APIC: Switched APIC routing to: physical flat
[    0.114368] kvm-guest: APIC: send_IPI_mask() replaced with kvm_send_ipi_mask()
[    0.115003] kvm-guest: APIC: send_IPI_mask_allbutself() replaced with kvm_send_ipi_mask_allbutself()
[    0.115830] kvm-guest: setup PV IPIs
[    0.117040] ..TIMER: vector=0x30 apic1=0 pin1=2 apic2=-1 pin2=-1
[    0.117889] tsc: Marking TSC unstable due to TSCs unsynchronized
[    0.118726] Calibrating delay loop (skipped) preset value.. 8983.11 BogoMIPS (lpj=4491556)
[    0.119788] x86/cpu: User Mode Instruction Prevention (UMIP) activated
[    0.120783] Last level iTLB entries: 4KB 512, 2MB 255, 4MB 127
[    0.121722] Last level dTLB entries: 4KB 512, 2MB 255, 4MB 127, 1GB 0
[    0.122727] Spectre V1 : Mitigation: usercopy/swapgs barriers and __user pointer sanitization
[    0.123726] Spectre V2 : Mitigation: Enhanced / Automatic IBRS
[    0.124722] Spectre V2 : Spectre v2 / SpectreRSB mitigation: Filling RSB on context switch
[    0.125724] Spectre V2 : mitigation: Enabling conditional Indirect Branch Prediction Barrier
[    0.126722] Spectre V2 : User space: Mitigation: STIBP always-on protection
[    0.127724] Speculative Store Bypass: Mitigation: Speculative Store Bypass disabled via prctl
[    0.128722] Speculative Return Stack Overflow: IBPB-extending microcode not applied!
[    0.129722] Speculative Return Stack Overflow: WARNING: See https://kernel.org/doc/html/latest/admin-guide/hw-vuln/srso.html for mitigation options.
[    0.129725] Speculative Return Stack Overflow: Vulnerable: Safe RET, no microcode
[    0.131742] x86/fpu: Supporting XSAVE feature 0x001: 'x87 floating point registers'
[    0.132722] x86/fpu: Supporting XSAVE feature 0x002: 'SSE registers'
[    0.133722] x86/fpu: Supporting XSAVE feature 0x004: 'AVX registers'
[    0.134722] x86/fpu: Supporting XSAVE feature 0x020: 'AVX-512 opmask'
[    0.135722] x86/fpu: Supporting XSAVE feature 0x040: 'AVX-512 Hi256'
[    0.136722] x86/fpu: Supporting XSAVE feature 0x080: 'AVX-512 ZMM_Hi256'
[    0.137722] x86/fpu: Supporting XSAVE feature 0x200: 'Protection Keys User registers'
[    0.138722] x86/fpu: xstate_offset[2]:  576, xstate_sizes[2]:  256
[    0.139542] x86/fpu: xstate_offset[5]:  832, xstate_sizes[5]:   64
[    0.139722] x86/fpu: xstate_offset[6]:  896, xstate_sizes[6]:  512
[    0.140722] x86/fpu: xstate_offset[7]: 1408, xstate_sizes[7]: 1024
[    0.141722] x86/fpu: xstate_offset[9]: 2432, xstate_sizes[9]:    8
[    0.142722] x86/fpu: Enabled xstate features 0x2e7, context size is 2440 bytes, using 'compacted' format.
[    0.165712] Freeing SMP alternatives memory: 40K
[    0.165723] pid_max: default: 32768 minimum: 301
[    0.166871] Mount-cache hash table entries: 2048 (order: 2, 16384 bytes, linear)
[    0.167723] Mountpoint-cache hash table entries: 2048 (order: 2, 16384 bytes, linear)
[    0.169854] smpboot: CPU0: AMD Ryzen 9 7950X 16-Core Processor (family: 0x19, model: 0x61, stepping: 0x2)
[    0.171195] Performance Events: Fam17h+ core perfctr, AMD PMU driver.
[    0.171727] ... version:                0
[    0.172248] ... bit width:              48
[    0.172724] ... generic registers:      6
[    0.173244] ... value mask:             0000ffffffffffff
[    0.173724] ... max period:             00007fffffffffff
[    0.174437] ... fixed-purpose events:   0
[    0.174724] ... event mask:             000000000000003f
[    0.175552] signal: max sigframe size: 3376
[    0.175778] rcu: Hierarchical SRCU implementation.
[    0.176409] rcu: Max phase no-delay instances is 400.
[    0.180946] smp: Bringing up secondary CPUs ...
[    0.181738] smpboot: x86: Booting SMP configuration:
[    0.182388] .... node  #0, CPUs:        #1  #2  #3  #4  #5  #6  #7  #8  #9 #10 #11 #12 #13 #14 #15 #16 #17 #18 #19 #20 #21 #22 #23 #24 #25 #26 #27 #28 #29 #30 #31
[    0.192972] Spectre V2 : Update user space SMT mitigation: STIBP always-on
[    0.208894] smp: Brought up 1 node, 32 CPUs
[    0.209725] smpboot: Total of 32 processors activated (287459.58 BogoMIPS)
[    0.214227] devtmpfs: initialized
[    0.214912] x86/mm: Memory block size: 128MB
[    0.221915] clocksource: jiffies: mask: 0xffffffff max_cycles: 0xffffffff, max_idle_ns: 1911260446275000 ns
[    0.222729] futex hash table entries: 8192 (order: 7, 524288 bytes, linear)
[    0.224063] PM: RTC time: 18:27:27, date: 2024-04-17
[    0.225617] NET: Registered PF_NETLINK/PF_ROUTE protocol family
[    0.226561] thermal_sys: Registered thermal governor 'step_wise'
[    0.226564] thermal_sys: Registered thermal governor 'user_space'
[    0.226748] cpuidle: using governor menu
[    0.229228] PCI: Using configuration type 1 for base access
[    0.229724] PCI: Using configuration type 1 for extended access
[    0.230615] kprobes: kprobe jump-optimization is enabled. All kprobes are optimized if possible.
[    0.230891] HugeTLB: registered 1.00 GiB page size, pre-allocated 0 pages
[    0.231724] HugeTLB: 16380 KiB vmemmap can be freed for a 1.00 GiB page
[    0.232596] HugeTLB: registered 2.00 MiB page size, pre-allocated 0 pages
[    0.232724] HugeTLB: 28 KiB vmemmap can be freed for a 2.00 MiB page
[    0.233793] Demotion targets for Node 0: null
[    0.235011] ACPI: Added _OSI(Module Device)
[    0.235573] ACPI: Added _OSI(Processor Device)
[    0.235724] ACPI: Added _OSI(3.0 _SCP Extensions)
[    0.236349] ACPI: Added _OSI(Processor Aggregator Device)
[    0.261237] ACPI: 1 ACPI AML tables successfully acquired and loaded
[    0.263371] ACPI: _OSC evaluation for CPUs failed, trying _PDC
[    0.266055] ACPI: Interpreter enabled
[    0.266617] ACPI: PM: (supports S0 S3 S4 S5)
[    0.266724] ACPI: Using IOAPIC for interrupt routing
[    0.267439] PCI: Using host bridge windows from ACPI; if necessary, use "pci=nocrs" and report a bug
[    0.267723] PCI: Using E820 reservations for host bridge windows
[    0.269640] ACPI: Enabled 2 GPEs in block 00 to 0F
[    0.318349] ACPI: PCI Root Bridge [PCI0] (domain 0000 [bus 00-ff])
[    0.318738] acpi PNP0A03:00: _OSC: OS supports [ExtendedConfig ASPM ClockPM Segments MSI HPX-Type3]
[    0.320250] PCI host bridge to bus 0000:00
[    0.320727] pci_bus 0000:00: root bus resource [io  0x0000-0x0cf7 window]
[    0.321626] pci_bus 0000:00: root bus resource [io  0x0d00-0xffff window]
[    0.321726] pci_bus 0000:00: root bus resource [mem 0x000a0000-0x000bffff window]
[    0.322701] pci_bus 0000:00: root bus resource [mem 0x40000000-0xfebfffff window]
[    0.322726] pci_bus 0000:00: root bus resource [mem 0x100000000-0x17fffffff window]
[    0.323724] pci_bus 0000:00: root bus resource [bus 00-ff]
[    0.324595] pci 0000:00:00.0: [8086:1237] type 00 class 0x060000 conventional PCI endpoint
[    0.325615] pci 0000:00:01.0: [8086:7000] type 00 class 0x060100 conventional PCI endpoint
[    0.326654] pci 0000:00:01.1: [8086:7010] type 00 class 0x010180 conventional PCI endpoint
[    0.329234] pci 0000:00:01.1: BAR 4 [io  0xc0c0-0xc0cf]
[    0.330732] pci 0000:00:01.1: BAR 0 [io  0x01f0-0x01f7]: legacy IDE quirk
[    0.331624] pci 0000:00:01.1: BAR 1 [io  0x03f6]: legacy IDE quirk
[    0.331724] pci 0000:00:01.1: BAR 2 [io  0x0170-0x0177]: legacy IDE quirk
[    0.332603] pci 0000:00:01.1: BAR 3 [io  0x0376]: legacy IDE quirk
[    0.333439] pci 0000:00:01.3: [8086:7113] type 00 class 0x068000 conventional PCI endpoint
[    0.334003] pci 0000:00:01.3: quirk: [io  0x0600-0x063f] claimed by PIIX4 ACPI
[    0.334728] pci 0000:00:01.3: quirk: [io  0x0700-0x070f] claimed by PIIX4 SMB
[    0.336420] pci 0000:00:02.0: [1af4:1009] type 00 class 0x000200 conventional PCI endpoint
[    0.337724] pci 0000:00:02.0: BAR 0 [io  0xc000-0xc03f]
[    0.339451] pci 0000:00:02.0: BAR 1 [mem 0xfebfc000-0xfebfcfff]
[    0.343724] pci 0000:00:02.0: BAR 4 [mem 0xfebf0000-0xfebf3fff 64bit pref]
[    0.357407] pci 0000:00:03.0: [1af4:1009] type 00 class 0x000200 conventional PCI endpoint
[    0.358725] pci 0000:00:03.0: BAR 0 [io  0xc040-0xc07f]
[    0.360450] pci 0000:00:03.0: BAR 1 [mem 0xfebfd000-0xfebfdfff]
[    0.363725] pci 0000:00:03.0: BAR 4 [mem 0xfebf4000-0xfebf7fff 64bit pref]
[    0.377300] pci 0000:00:04.0: [8086:25ab] type 00 class 0x088000 conventional PCI endpoint
[    0.378157] pci 0000:00:04.0: BAR 0 [mem 0xfebfe000-0xfebfe00f]
[    0.393323] pci 0000:00:05.0: [1af4:1003] type 00 class 0x078000 conventional PCI endpoint
[    0.394724] pci 0000:00:05.0: BAR 0 [io  0xc080-0xc0bf]
[    0.396479] pci 0000:00:05.0: BAR 1 [mem 0xfebff000-0xfebfffff]
[    0.400724] pci 0000:00:05.0: BAR 4 [mem 0xfebf8000-0xfebfbfff 64bit pref]
[    0.417108] ACPI: PCI: Interrupt link LNKA configured for IRQ 10
[    0.418695] ACPI: PCI: Interrupt link LNKB configured for IRQ 10
[    0.419684] ACPI: PCI: Interrupt link LNKC configured for IRQ 11
[    0.420677] ACPI: PCI: Interrupt link LNKD configured for IRQ 11
[    0.421120] ACPI: PCI: Interrupt link LNKS configured for IRQ 9
[    0.440730] iommu: Default domain type: Translated
[    0.441365] iommu: DMA domain TLB invalidation policy: lazy mode
[    0.442199] SCSI subsystem initialized
[    0.443046] pps_core: LinuxPPS API ver. 1 registered
[    0.443725] pps_core: Software ver. 5.3.6 - Copyright 2005-2007 Rodolfo Giometti <giometti@linux.it>
[    0.444738] PTP clock support registered
[    0.445338] Advanced Linux Sound Architecture Driver Initialized.
[    0.446876] NET: Registered PF_ATMPVC protocol family
[    0.447543] NET: Registered PF_ATMSVC protocol family
[    0.447748] PCI: Using ACPI for IRQ routing
[    0.448445] vgaarb: loaded
[    0.448850] hpet0: at MMIO 0xfed00000, IRQs 2, 8, 0
[    0.449498] hpet0: 3 comparators, 64-bit 100.000000 MHz counter
[    0.453151] clocksource: Switched to clocksource kvm-clock
[    0.454148] VFS: Disk quotas dquot_6.6.0
[    0.454951] VFS: Dquot-cache hash table entries: 512 (order 0, 4096 bytes)
[    0.456063] pnp: PnP ACPI init
[    0.458955] pnp: PnP ACPI: found 5 devices
[    0.471735] clocksource: acpi_pm: mask: 0xffffff max_cycles: 0xffffff, max_idle_ns: 2085701024 ns
[    0.472997] NET: Registered PF_INET protocol family
[    0.473697] IP idents hash table entries: 16384 (order: 5, 131072 bytes, linear)
[    0.475062] tcp_listen_portaddr_hash hash table entries: 512 (order: 1, 8192 bytes, linear)
[    0.476165] Table-perturb hash table entries: 65536 (order: 6, 262144 bytes, linear)
[    0.477196] TCP established hash table entries: 8192 (order: 4, 65536 bytes, linear)
[    0.478297] TCP bind hash table entries: 8192 (order: 6, 262144 bytes, linear)
[    0.479264] TCP: Hash tables configured (established 8192 bind 8192)
[    0.480273] UDP hash table entries: 512 (order: 2, 16384 bytes, linear)
[    0.481166] UDP-Lite hash table entries: 512 (order: 2, 16384 bytes, linear)
[    0.482320] NET: Registered PF_UNIX/PF_LOCAL protocol family
[    0.483082] pci_bus 0000:00: resource 4 [io  0x0000-0x0cf7 window]
[    0.483897] pci_bus 0000:00: resource 5 [io  0x0d00-0xffff window]
[    0.484722] pci_bus 0000:00: resource 6 [mem 0x000a0000-0x000bffff window]
[    0.485623] pci_bus 0000:00: resource 7 [mem 0x40000000-0xfebfffff window]
[    0.486522] pci_bus 0000:00: resource 8 [mem 0x100000000-0x17fffffff window]
[    0.487653] pci 0000:00:01.0: PIIX3: Enabling Passive Release
[    0.488409] pci 0000:00:00.0: Limiting direct PCI/PCI transfers
[    0.489223] PCI: CLS 0 bytes, default 64
[    0.489796] kvm_intel: VMX not supported by CPU 0
[    0.490447] kvm_amd: TSC scaling supported
[    0.490989] kvm_amd: Nested Virtualization enabled
[    0.491622] kvm_amd: Nested Paging enabled
[    0.492187] kvm_amd: Virtual VMLOAD VMSAVE supported
[    0.492836] kvm_amd: Virtual GIF supported
[    0.493377] kvm_amd: Virtual NMI enabled
[    0.493891] kvm_amd: LBR virtualization supported
[    0.606062] Initialise system trusted keyrings
[    0.606830] workingset: timestamp_bits=56 max_order=18 bucket_order=0
[    0.607814] squashfs: version 4.0 (2009/01/31) Phillip Lougher
[    0.608633] fuse: init (API version 7.40)
[    0.609329] 9p: Installing v9fs 9p2000 file system support
[    0.619793] Key type asymmetric registered
[    0.620359] Asymmetric key parser 'x509' registered
[    0.621059] Block layer SCSI generic (bsg) driver version 0.4 loaded (major 249)
[    0.622078] io scheduler mq-deadline registered
[    0.622694] io scheduler kyber registered
[    0.624937] input: Power Button as /devices/LNXSYSTM:00/LNXPWRBN:00/input/input0
[    0.626164] ACPI: button: Power Button [PWRF]
[    0.626885] Warning: Processor Platform Limit event detected, but not handled.
[    0.627864] Consider compiling CPUfreq support into your kernel.
[    1.515480] ACPI: \_SB_.LNKB: Enabled at IRQ 10
[    2.411799] ACPI: \_SB_.LNKC: Enabled at IRQ 11
[    3.318865] ACPI: \_SB_.LNKA: Enabled at IRQ 10
[    3.320477] Serial: 8250/16550 driver, 4 ports, IRQ sharing enabled
[    3.321658] 00:03: ttyS0 at I/O 0x3f8 (irq = 4, base_baud = 115200) is a 16550A
[    3.377239] Non-volatile memory driver v1.3
[    3.377822] Linux agpgart interface v0.103
[    3.378569] ACPI: bus type drm_connector registered
[    3.379251] printk: legacy console [hvc0] enabled
[    3.379889] printk: legacy bootconsole [earlyser0] disabled
          _      _                                    
   __   _(_)_ __| |_ _ __ ___   ___       _ __   __ _ 
   \ \ / / |  __| __|  _   _ \ / _ \_____|  _ \ / _  |
    \ V /| | |  | |_| | | | | |  __/_____| | | | (_| |
     \_/ |_|_|   \__|_| |_| |_|\___|     |_| |_|\__  |
                                                |___/ 
   kernel version: 6.9.0-rc3-virtme x86_64
   (CTRL+d to exit)

virtme-ng:/nipa-data/kernel# PS1='xx__-> '
xx__-> env
PWD=/nipa-data/kernel
nr_open=1048576
HOME=/root
TERM=xterm
SHLVL=2
XDG_RUNTIME_DIR=/run/user/0
PATH=/bin:/sbin:/usr/bin:/usr/sbin:/usr/local/bin
OLDPWD=/
_=/usr/bin/env
xx__-> 