No EFI environment detected.
early console in extract_kernel
input_data: 0x0000000004cbd2c4
input_len: 0x0000000001891bdd
output: 0x0000000001000000
output_len: 0x00000000054d96b0
kernel_total_size: 0x0000000005030000
needed_size: 0x0000000005600000
trampoline_32bit: 0x000000000009d000
Physical KASLR using RDRAND RDTSC...
Virtual KASLR using RDRAND RDTSC...

Decompressing Linux... Parsing ELF... Performing relocations... done.
Booting the kernel (entry_offset: 0x0000000000000000).
[    0.000000] Linux version 6.11.0-rc3-virtme (root@38049af2e914) (gcc (Ubuntu 13.2.0-23ubuntu4) 13.2.0, GNU ld (GNU Binutils for Ubuntu) 2.42) #1 SMP PREEMPT_DYNAMIC Fri Aug 16 12:27:38 UTC 2024
[    0.000000] Command line: virtme_hostname=virtme-ng nr_open=1048576 virtme_link_mods=/nipa-data/kernel/.virtme_mods/lib/modules/0.0.0 virtme_initmount0=nipa-data/kernel virtme_rw_overlay0=/etc virtme_rw_overlay1=/lib virtme_rw_overlay2=/home virtme_rw_overlay3=/opt virtme_rw_overlay4=/srv virtme_rw_overlay5=/usr virtme_rw_overlay6=/var console=hvc0 earlyprintk=serial,ttyS0,115200 virtme_console=ttyS0 psmouse.proto=exps TERM=xterm virtme_chdir=nipa-data/kernel virtme_root_user=1 rootfstype=9p rootflags=version=9p2000.L,trans=virtio,access=any raid=noautodetect ro init=/usr/lib/python3/dist-packages/virtme/guest/virtme-init
[    0.000000] x86/split lock detection: #DB: warning on user-space bus_locks
[    0.000000] BIOS-provided physical RAM map:
[    0.000000] BIOS-e820: [mem 0x0000000000000000-0x000000000009fbff] usable
[    0.000000] BIOS-e820: [mem 0x000000000009fc00-0x000000000009ffff] reserved
[    0.000000] BIOS-e820: [mem 0x00000000000f0000-0x00000000000fffff] reserved
[    0.000000] BIOS-e820: [mem 0x0000000000100000-0x000000003ffdffff] usable
[    0.000000] BIOS-e820: [mem 0x000000003ffe0000-0x000000003fffffff] reserved
[    0.000000] BIOS-e820: [mem 0x00000000feffc000-0x00000000feffffff] reserved
[    0.000000] BIOS-e820: [mem 0x00000000fffc0000-0x00000000ffffffff] reserved
[    0.000000] printk: legacy bootconsole [earlyser0] enabled
[    0.000000] NX (Execute Disable) protection: active
[    0.000000] APIC: Static calls initialized
[    0.000000] SMBIOS 3.0.0 present.
[    0.000000] DMI: QEMU Ubuntu 24.04 PC (i440FX + PIIX, 1996), BIOS 1.16.3-debian-1.16.3-2 04/01/2014
[    0.000000] DMI: Memory slots populated: 1/1
[    0.000000] Hypervisor detected: KVM
[    0.000000] kvm-clock: Using msrs 4b564d01 and 4b564d00
[    0.000001] kvm-clock: using sched offset of 1117682513 cycles
[    0.000757] clocksource: kvm-clock: mask: 0xffffffffffffffff max_cycles: 0x1cd42e4dffb, max_idle_ns: 881590591483 ns
[    0.003118] tsc: Detected 2000.000 MHz processor
[    0.004357] last_pfn = 0x3ffe0 max_arch_pfn = 0x10000000000
[    0.005225] MTRR map: 4 entries (3 fixed + 1 variable; max 19), built from 8 variable MTRRs
[    0.006434] x86/PAT: Configuration [0-7]: WB  WC  UC- UC  WB  WP  UC- WT  
[    0.014433] found SMP MP-table at [mem 0x000f5470-0x000f547f]
[    0.015280] Using GB pages for direct mapping
[    0.016189] ACPI: Early table checksum verification disabled
[    0.017009] ACPI: RSDP 0x00000000000F5290 000014 (v00 BOCHS )
[    0.017848] ACPI: RSDT 0x000000003FFE308E 000034 (v01 BOCHS  BXPC     00000001 BXPC 00000001)
[    0.019087] ACPI: FACP 0x000000003FFE2D8A 000074 (v01 BOCHS  BXPC     00000001 BXPC 00000001)
[    0.020326] ACPI: DSDT 0x000000003FFE0040 002D4A (v01 BOCHS  BXPC     00000001 BXPC 00000001)
[    0.021565] ACPI: FACS 0x000000003FFE0000 000040
[    0.022238] ACPI: APIC 0x000000003FFE2DFE 000230 (v03 BOCHS  BXPC     00000001 BXPC 00000001)
[    0.023479] ACPI: HPET 0x000000003FFE302E 000038 (v01 BOCHS  BXPC     00000001 BXPC 00000001)
[    0.024713] ACPI: WAET 0x000000003FFE3066 000028 (v01 BOCHS  BXPC     00000001 BXPC 00000001)
[    0.025947] ACPI: Reserving FACP table memory at [mem 0x3ffe2d8a-0x3ffe2dfd]
[    0.026961] ACPI: Reserving DSDT table memory at [mem 0x3ffe0040-0x3ffe2d89]
[    0.027975] ACPI: Reserving FACS table memory at [mem 0x3ffe0000-0x3ffe003f]
[    0.028988] ACPI: Reserving APIC table memory at [mem 0x3ffe2dfe-0x3ffe302d]
[    0.030005] ACPI: Reserving HPET table memory at [mem 0x3ffe302e-0x3ffe3065]
[    0.031020] ACPI: Reserving WAET table memory at [mem 0x3ffe3066-0x3ffe308d]
[    0.032540] No NUMA configuration found
[    0.033096] Faking a node at [mem 0x0000000000000000-0x000000003ffdffff]
[    0.034064] NODE_DATA(0) allocated [mem 0x3ffdb000-0x3ffdffff]
[    0.035064] Zone ranges:
[    0.035432]   DMA      [mem 0x0000000000001000-0x0000000000ffffff]
[    0.036325]   DMA32    [mem 0x0000000001000000-0x000000003ffdffff]
[    0.037221]   Normal   empty
[    0.037637]   Device   empty
[    0.038053] Movable zone start for each node
[    0.038669] Early memory node ranges
[    0.039183]   node   0: [mem 0x0000000000001000-0x000000000009efff]
[    0.040086]   node   0: [mem 0x0000000000100000-0x000000003ffdffff]
[    0.040987] Initmem setup node 0 [mem 0x0000000000001000-0x000000003ffdffff]
[    0.042018] On node 0, zone DMA: 1 pages in unavailable ranges
[    0.042960] On node 0, zone DMA: 97 pages in unavailable ranges
[    0.052470] On node 0, zone DMA32: 32 pages in unavailable ranges
[    0.085676] kasan: KernelAddressSanitizer initialized
[    0.086958] ACPI: PM-Timer IO Port: 0x608
[    0.087566] ACPI: LAPIC_NMI (acpi_id[0xff] dfl dfl lint[0x1])
[    0.088454] IOAPIC[0]: apic_id 0, version 17, address 0xfec00000, GSI 0-23
[    0.089457] ACPI: INT_SRC_OVR (bus 0 bus_irq 0 global_irq 2 dfl dfl)
[    0.090377] ACPI: INT_SRC_OVR (bus 0 bus_irq 5 global_irq 5 high level)
[    0.091331] ACPI: INT_SRC_OVR (bus 0 bus_irq 9 global_irq 9 high level)
[    0.092283] ACPI: INT_SRC_OVR (bus 0 bus_irq 10 global_irq 10 high level)
[    0.093266] ACPI: INT_SRC_OVR (bus 0 bus_irq 11 global_irq 11 high level)
[    0.094251] ACPI: Using ACPI (MADT) for SMP configuration information
[    0.095179] ACPI: HPET id: 0x8086a201 base: 0xfed00000
[    0.095921] TSC deadline timer available
[    0.096490] CPU topo: Max. logical packages:   1
[    0.097159] CPU topo: Max. logical dies:       1
[    0.097824] CPU topo: Max. dies per package:   1
[    0.098492] CPU topo: Max. threads per core:   1
[    0.099158] CPU topo: Num. cores per package:    56
[    0.099862] CPU topo: Num. threads per package:  56
[    0.100565] CPU topo: Allowing 56 present CPUs plus 0 hotplug CPUs
[    0.101576] kvm-guest: APIC: eoi() replaced with kvm_guest_apic_eoi_write()
[    0.102600] kvm-guest: KVM setup pv remote TLB flush
[    0.103322] kvm-guest: setup PV sched yield
[    0.103935] PM: hibernation: Registered nosave memory: [mem 0x00000000-0x00000fff]
[    0.105027] PM: hibernation: Registered nosave memory: [mem 0x0009f000-0x0009ffff]
[    0.106122] PM: hibernation: Registered nosave memory: [mem 0x000a0000-0x000effff]
[    0.107212] PM: hibernation: Registered nosave memory: [mem 0x000f0000-0x000fffff]
[    0.108304] [mem 0x40000000-0xfeffbfff] available for PCI devices
[    0.109186] Booting paravirtualized kernel on KVM
[    0.109864] clocksource: refined-jiffies: mask: 0xffffffff max_cycles: 0xffffffff, max_idle_ns: 1910969940391419 ns
[    0.132450] setup_percpu: NR_CPUS:64 nr_cpumask_bits:56 nr_cpu_ids:56 nr_node_ids:1
[    0.142916] percpu: Embedded 70 pages/cpu s248408 r8192 d30120 u524288
[    0.144076] Kernel command line: virtme_hostname=virtme-ng nr_open=1048576 virtme_link_mods=/nipa-data/kernel/.virtme_mods/lib/modules/0.0.0 virtme_initmount0=nipa-data/kernel virtme_rw_overlay0=/etc virtme_rw_overlay1=/lib virtme_rw_overlay2=/home virtme_rw_overlay3=/opt virtme_rw_overlay4=/srv virtme_rw_overlay5=/usr virtme_rw_overlay6=/var console=hvc0 earlyprintk=serial,ttyS0,115200 virtme_console=ttyS0 psmouse.proto=exps TERM=xterm virtme_chdir=nipa-data/kernel virtme_root_user=1 rootfstype=9p rootflags=version=9p2000.L,trans=virtio,access=any raid=noautodetect ro init=/usr/lib/python3/dist-packages/virtme/guest/virtme-init
[    0.152528] Unknown kernel command line parameters "virtme_hostname=virtme-ng nr_open=1048576 virtme_link_mods=/nipa-data/kernel/.virtme_mods/lib/modules/0.0.0 virtme_initmount0=nipa-data/kernel virtme_rw_overlay0=/etc virtme_rw_overlay1=/lib virtme_rw_overlay2=/home virtme_rw_overlay3=/opt virtme_rw_overlay4=/srv virtme_rw_overlay5=/usr virtme_rw_overlay6=/var virtme_console=ttyS0 virtme_chdir=nipa-data/kernel virtme_root_user=1", will be passed to user space.
[    0.158524] random: crng init done
[    0.159025] printk: log_buf_len individual max cpu contribution: 4096 bytes
[    0.160041] printk: log_buf_len total cpu_extra contributions: 225280 bytes
[    0.161062] printk: log_buf_len min size: 262144 bytes
[    0.162635] printk: log_buf_len: 524288 bytes
[    0.163299] printk: early log buf free: 253864(96%)
[    0.164468] Dentry cache hash table entries: 131072 (order: 8, 1048576 bytes, linear)
[    0.165703] Inode-cache hash table entries: 65536 (order: 7, 524288 bytes, linear)
[    0.169511] Fallback order for Node 0: 0 
[    0.169527] Built 1 zonelists, mobility grouping on.  Total pages: 262014
[    0.171046] Policy zone: DMA32
[    0.171471] mem auto-init: stack:all(zero), heap alloc:off, heap free:off
[    0.172416] stackdepot: allocating hash table via alloc_large_system_hash
[    0.173366] stackdepot hash table entries: 1048576 (order: 12, 16777216 bytes, linear)
[    0.197853] SLUB: HWalign=64, Order=0-3, MinObjects=0, CPUs=56, Nodes=1
Poking KASLR using RDRAND RDTSC...
[    0.199393] ftrace: allocating 48366 entries in 189 pages
[    0.219391] ftrace: allocated 189 pages with 6 groups
[    0.222020] Dynamic Preempt: voluntary
[    0.224574] rcu: Preemptible hierarchical RCU implementation.
[    0.225389] rcu: RCU event tracing is enabled.
[    0.226019] rcu: RCU restricting CPUs from NR_CPUS=64 to nr_cpu_ids=56.
[    0.226952] Trampoline variant of Tasks RCU enabled.
[    0.227654] Rude variant of Tasks RCU enabled.
[    0.228284] Tracing variant of Tasks RCU enabled.
[    0.228950] rcu: RCU calculated value of scheduler-enlistment delay is 100 jiffies.
[    0.230022] rcu: Adjusting geometry for rcu_fanout_leaf=16, nr_cpu_ids=56
[    0.231267] RCU Tasks: Setting shift to 6 and lim to 1 rcu_task_cb_adjust=1.
[    0.232251] RCU Tasks Rude: Setting shift to 6 and lim to 1 rcu_task_cb_adjust=1.
[    0.233298] RCU Tasks Trace: Setting shift to 6 and lim to 1 rcu_task_cb_adjust=1.
[    0.254528] NR_IRQS: 4352, nr_irqs: 872, preallocated irqs: 16
[    0.255888] rcu: srcu_init: Setting srcu_struct sizes based on contention.
[    0.257329] Console: colour *CGA 80x25
[    0.257959] ACPI: Core revision 20240322
[    0.258872] clocksource: hpet: mask: 0xffffffff max_cycles: 0xffffffff, max_idle_ns: 19112604467 ns
[    0.260278] APIC: Switch to symmetric I/O mode setup
[    0.261179] APIC: Switched APIC routing to: physical flat
[    0.262279] kvm-guest: APIC: send_IPI_mask() replaced with kvm_send_ipi_mask()
[    0.263637] kvm-guest: APIC: send_IPI_mask_allbutself() replaced with kvm_send_ipi_mask_allbutself()
[    0.264992] kvm-guest: setup PV IPIs
[    0.267559] ..TIMER: vector=0x30 apic1=0 pin1=2 apic2=-1 pin2=-1
[    0.268928] clocksource: tsc-early: mask: 0xffffffffffffffff max_cycles: 0x39a85c9bff6, max_idle_ns: 881590591483 ns
[    0.272299] Calibrating delay loop (skipped) preset value.. 4000.00 BogoMIPS (lpj=2000000)
[    0.275353] x86/cpu: User Mode Instruction Prevention (UMIP) activated
[    0.276449] Last level iTLB entries: 4KB 0, 2MB 0, 4MB 0
[    0.277292] Last level dTLB entries: 4KB 0, 2MB 0, 4MB 0, 1GB 0
[    0.278314] Spectre V1 : Mitigation: usercopy/swapgs barriers and __user pointer sanitization
[    0.279300] Spectre V2 : Spectre BHI mitigation: SW BHB clearing on syscall and VM exit
[    0.280300] Spectre V2 : Mitigation: Enhanced / Automatic IBRS
[    0.281300] Spectre V2 : Spectre v2 / SpectreRSB mitigation: Filling RSB on context switch
[    0.282301] Spectre V2 : Spectre v2 / PBRSB-eIBRS: Retire a single CALL on VMEXIT
[    0.283309] Spectre V2 : mitigation: Enabling conditional Indirect Branch Prediction Barrier
[    0.284305] Speculative Store Bypass: Mitigation: Speculative Store Bypass disabled via prctl
[    0.285301] TAA: Mitigation: TSX disabled
[    0.287289] x86/fpu: Supporting XSAVE feature 0x001: 'x87 floating point registers'
[    0.288300] x86/fpu: Supporting XSAVE feature 0x002: 'SSE registers'
[    0.289301] x86/fpu: Supporting XSAVE feature 0x004: 'AVX registers'
[    0.290300] x86/fpu: Supporting XSAVE feature 0x020: 'AVX-512 opmask'
[    0.291301] x86/fpu: Supporting XSAVE feature 0x040: 'AVX-512 Hi256'
[    0.292293] x86/fpu: Supporting XSAVE feature 0x080: 'AVX-512 ZMM_Hi256'
[    0.293300] x86/fpu: Supporting XSAVE feature 0x200: 'Protection Keys User registers'
[    0.294300] x86/fpu: Supporting XSAVE feature 0x20000: 'AMX Tile config'
[    0.295300] x86/fpu: Supporting XSAVE feature 0x40000: 'AMX Tile data'
[    0.296301] x86/fpu: xstate_offset[2]:  576, xstate_sizes[2]:  256
[    0.297300] x86/fpu: xstate_offset[5]:  832, xstate_sizes[5]:   64
[    0.298300] x86/fpu: xstate_offset[6]:  896, xstate_sizes[6]:  512
[    0.299301] x86/fpu: xstate_offset[7]: 1408, xstate_sizes[7]: 1024
[    0.300300] x86/fpu: xstate_offset[9]: 2432, xstate_sizes[9]:    8
[    0.301293] x86/fpu: xstate_offset[17]: 2496, xstate_sizes[17]:   64
[    0.302300] x86/fpu: xstate_offset[18]: 2560, xstate_sizes[18]: 8192
[    0.303300] x86/fpu: Enabled xstate features 0x602e7, context size is 10752 bytes, using 'compacted' format.
[    0.348400] Freeing SMP alternatives memory: 40K
[    0.349293] pid_max: default: 57344 minimum: 448
[    0.350575] Mount-cache hash table entries: 2048 (order: 2, 16384 bytes, linear)
[    0.351294] Mountpoint-cache hash table entries: 2048 (order: 2, 16384 bytes, linear)
[    0.354053] smpboot: CPU0: Intel(R) Xeon(R) Platinum 8480+ (family: 0x6, model: 0x8f, stepping: 0x6)
[    0.355082] Performance Events: PEBS fmt0-, Sapphire Rapids events, full-width counters, Intel PMU driver.
[    0.355298] ... version:                2
[    0.356115] ... bit width:              48
[    0.356295] ... generic registers:      8
[    0.357101] ... value mask:             0000ffffffffffff
[    0.357294] ... max period:             00007fffffffffff
[    0.358294] ... fixed-purpose events:   3
[    0.359101] ... event mask:             00000007000000ff
[    0.359627] signal: max sigframe size: 11952
[    0.360363] rcu: Hierarchical SRCU implementation.
[    0.361294] rcu: Max phase no-delay instances is 400.
[    0.362405] Timer migration: 2 hierarchy levels; 8 children per group; 2 crossnode level
[    0.365977] smp: Bringing up secondary CPUs ...
[    0.366588] smpboot: x86: Booting SMP configuration:
[    0.367299] .... node  #0, CPUs:        #1  #2  #3  #4  #5  #6  #7  #8  #9 #10 #11 #12 #13 #14 #15 #16 #17 #18 #19 #20 #21 #22 #23 #24 #25 #26 #27 #28 #29 #30 #31 #32 #33 #34 #35 #36 #37 #38 #39 #40 #41 #42 #43 #44 #45 #46 #47 #48 #49 #50 #51 #52 #53 #54 #55
[    0.435126] smp: Brought up 1 node, 56 CPUs
[    0.436141] smpboot: Total of 56 processors activated (224000.00 BogoMIPS)
[    0.452484] Memory: 742816K/1048056K available (45056K kernel code, 11287K rwdata, 9920K rodata, 5948K init, 1988K bss, 280344K reserved, 0K cma-reserved)
[    0.454310] devtmpfs: initialized
[    0.455598] x86/mm: Memory block size: 128MB
[    0.465701] clocksource: jiffies: mask: 0xffffffff max_cycles: 0xffffffff, max_idle_ns: 1911260446275000 ns
[    0.466318] futex hash table entries: 16384 (order: 8, 1048576 bytes, linear)
[    0.468296] PM: RTC time: 12:28:23, date: 2024-08-16
[    0.472498] NET: Registered PF_NETLINK/PF_ROUTE protocol family
[    0.474482] thermal_sys: Registered thermal governor 'step_wise'
[    0.474486] thermal_sys: Registered thermal governor 'user_space'
[    0.475371] cpuidle: using governor menu
[    0.479599] PCI: Using configuration type 1 for base access
[    0.480480] kprobes: kprobe jump-optimization is enabled. All kprobes are optimized if possible.
[    0.527832] HugeTLB: registered 1.00 GiB page size, pre-allocated 0 pages
[    0.530300] HugeTLB: 16380 KiB vmemmap can be freed for a 1.00 GiB page
[    0.531296] HugeTLB: registered 2.00 MiB page size, pre-allocated 0 pages
[    0.533294] HugeTLB: 28 KiB vmemmap can be freed for a 2.00 MiB page
[    0.536518] ACPI: Added _OSI(Module Device)
[    0.537298] ACPI: Added _OSI(Processor Device)
[    0.539295] ACPI: Added _OSI(3.0 _SCP Extensions)
[    0.540295] ACPI: Added _OSI(Processor Aggregator Device)
[    0.574358] ACPI: 1 ACPI AML tables successfully acquired and loaded
[    0.585096] ACPI: Interpreter enabled
[    0.586373] ACPI: PM: (supports S0 S3 S4 S5)
[    0.587258] ACPI: Using IOAPIC for interrupt routing
[    0.588367] PCI: Using host bridge windows from ACPI; if necessary, use "pci=nocrs" and report a bug
[    0.590295] PCI: Using E820 reservations for host bridge windows
[    0.592755] ACPI: Enabled 2 GPEs in block 00 to 0F
[    0.655911] ACPI: PCI Root Bridge [PCI0] (domain 0000 [bus 00-ff])
[    0.657312] acpi PNP0A03:00: _OSC: OS supports [ASPM ClockPM Segments MSI HPX-Type3]
[    0.658295] acpi PNP0A03:00: _OSC: not requesting OS control; OS requires [ExtendedConfig ASPM ClockPM MSI]
[    0.660428] acpi PNP0A03:00: fail to add MMCONFIG information, can't access extended configuration space under this bridge
[    0.662735] PCI host bridge to bus 0000:00
[    0.663362] pci_bus 0000:00: root bus resource [io  0x0000-0x0cf7 window]
[    0.665297] pci_bus 0000:00: root bus resource [io  0x0d00-0xffff window]
[    0.666297] pci_bus 0000:00: root bus resource [mem 0x000a0000-0x000bffff window]
[    0.668297] pci_bus 0000:00: root bus resource [mem 0x40000000-0xfebfffff window]
[    0.669297] pci_bus 0000:00: root bus resource [mem 0x100000000-0x17fffffff window]
[    0.671298] pci_bus 0000:00: root bus resource [bus 00-ff]
[    0.672364] pci 0000:00:00.0: [8086:1237] type 00 class 0x060000 conventional PCI endpoint
[    0.675537] pci 0000:00:01.0: [8086:7000] type 00 class 0x060100 conventional PCI endpoint
[    0.678670] pci 0000:00:01.1: [8086:7010] type 00 class 0x010180 conventional PCI endpoint
[    0.683607] pci 0000:00:01.1: BAR 4 [io  0xc0c0-0xc0cf]
[    0.685654] pci 0000:00:01.1: BAR 0 [io  0x01f0-0x01f7]: legacy IDE quirk
[    0.687294] pci 0000:00:01.1: BAR 1 [io  0x03f6]: legacy IDE quirk
[    0.688294] pci 0000:00:01.1: BAR 2 [io  0x0170-0x0177]: legacy IDE quirk
[    0.690297] pci 0000:00:01.1: BAR 3 [io  0x0376]: legacy IDE quirk
[    0.693281] pci 0000:00:01.3: [8086:7113] type 00 class 0x068000 conventional PCI endpoint
[    0.695901] pci 0000:00:01.3: quirk: [io  0x0600-0x063f] claimed by PIIX4 ACPI
[    0.697304] pci 0000:00:01.3: quirk: [io  0x0700-0x070f] claimed by PIIX4 SMB
[    0.699322] pci 0000:00:02.0: [1af4:1009] type 00 class 0x000200 conventional PCI endpoint
[    0.703306] pci 0000:00:02.0: BAR 0 [io  0xc000-0xc03f]
[    0.705297] pci 0000:00:02.0: BAR 1 [mem 0xfebfc000-0xfebfcfff]
[    0.712298] pci 0000:00:02.0: BAR 4 [mem 0xfebf0000-0xfebf3fff 64bit pref]
[    0.729479] pci 0000:00:03.0: [1af4:1009] type 00 class 0x000200 conventional PCI endpoint
[    0.732228] pci 0000:00:03.0: BAR 0 [io  0xc040-0xc07f]
[    0.734158] pci 0000:00:03.0: BAR 1 [mem 0xfebfd000-0xfebfdfff]
[    0.739300] pci 0000:00:03.0: BAR 4 [mem 0xfebf4000-0xfebf7fff 64bit pref]
[    0.755703] pci 0000:00:04.0: [8086:25ab] type 00 class 0x088000 conventional PCI endpoint
[    0.759305] pci 0000:00:04.0: BAR 0 [mem 0xfebfe000-0xfebfe00f]
[    0.775773] pci 0000:00:05.0: [1af4:1003] type 00 class 0x078000 conventional PCI endpoint
[    0.778297] pci 0000:00:05.0: BAR 0 [io  0xc080-0xc0bf]
[    0.780297] pci 0000:00:05.0: BAR 1 [mem 0xfebff000-0xfebfffff]
[    0.785252] pci 0000:00:05.0: BAR 4 [mem 0xfebf8000-0xfebfbfff 64bit pref]
[    0.804066] ACPI: PCI: Interrupt link LNKA configured for IRQ 10
[    0.806391] ACPI: PCI: Interrupt link LNKB configured for IRQ 10
[    0.808342] ACPI: PCI: Interrupt link LNKC configured for IRQ 11
[    0.810342] ACPI: PCI: Interrupt link LNKD configured for IRQ 11
[    0.812730] ACPI: PCI: Interrupt link LNKS configured for IRQ 9
[    0.848206] iommu: Default domain type: Translated
[    0.849295] iommu: DMA domain TLB invalidation policy: lazy mode
[    0.850872] SCSI subsystem initialized
[    0.852574] pps_core: LinuxPPS API ver. 1 registered
[    0.853297] pps_core: Software ver. 5.3.6 - Copyright 2005-2007 Rodolfo Giometti <giometti@linux.it>
[    0.855310] PTP clock support registered
[    0.857465] Advanced Linux Sound Architecture Driver Initialized.
[    0.861076] NET: Registered PF_ATMPVC protocol family
[    0.862295] NET: Registered PF_ATMSVC protocol family
[    0.863327] PCI: Using ACPI for IRQ routing
[    0.864420] vgaarb: loaded
[    0.865510] hpet0: at MMIO 0xfed00000, IRQs 2, 8, 0
[    0.866294] hpet0: 3 comparators, 64-bit 100.000000 MHz counter
[    0.876825] clocksource: Switched to clocksource kvm-clock
[    0.878206] VFS: Disk quotas dquot_6.6.0
[    0.879048] VFS: Dquot-cache hash table entries: 512 (order 0, 4096 bytes)
[    0.884660] pnp: PnP ACPI init
[    0.888138] pnp: PnP ACPI: found 5 devices
[    0.925948] clocksource: acpi_pm: mask: 0xffffff max_cycles: 0xffffff, max_idle_ns: 2085701024 ns
[    0.927926] NET: Registered PF_INET protocol family
[    0.929019] IP idents hash table entries: 16384 (order: 5, 131072 bytes, linear)
[    0.931275] tcp_listen_portaddr_hash hash table entries: 512 (order: 1, 8192 bytes, linear)
[    0.932994] Table-perturb hash table entries: 65536 (order: 6, 262144 bytes, linear)
[    0.934601] TCP established hash table entries: 8192 (order: 4, 65536 bytes, linear)
[    0.936210] TCP bind hash table entries: 8192 (order: 6, 262144 bytes, linear)
[    0.938043] TCP: Hash tables configured (established 8192 bind 8192)
[    0.939729] UDP hash table entries: 512 (order: 2, 16384 bytes, linear)
[    0.941090] UDP-Lite hash table entries: 512 (order: 2, 16384 bytes, linear)
[    0.942927] NET: Registered PF_UNIX/PF_LOCAL protocol family
[    0.944114] pci_bus 0000:00: resource 4 [io  0x0000-0x0cf7 window]
[    0.945373] pci_bus 0000:00: resource 5 [io  0x0d00-0xffff window]
[    0.946631] pci_bus 0000:00: resource 6 [mem 0x000a0000-0x000bffff window]
[    0.948023] pci_bus 0000:00: resource 7 [mem 0x40000000-0xfebfffff window]
[    0.949405] pci_bus 0000:00: resource 8 [mem 0x100000000-0x17fffffff window]
[    0.951073] pci 0000:00:01.0: PIIX3: Enabling Passive Release
[    0.952251] pci 0000:00:00.0: Limiting direct PCI/PCI transfers
[    0.953548] PCI: CLS 0 bytes, default 64
[    0.969358] RAPL PMU: API unit is 2^-32 Joules, 1 fixed counters, 10737418240 ms ovfl timer
[    0.971041] RAPL PMU: hw unit of domain psys 2^-0 Joules
[    1.274123] kwatchdog (374) used greatest stack depth: 30696 bytes left
[    1.560527] kvm_amd: CPU 30 isn't AMD or Hygon
[    1.561450] clocksource: tsc: mask: 0xffffffffffffffff max_cycles: 0x39a85c9bff6, max_idle_ns: 881590591483 ns
[    1.714086] Initialise system trusted keyrings
[    1.715873] workingset: timestamp_bits=56 max_order=18 bucket_order=0
[    1.717381] squashfs: version 4.0 (2009/01/31) Phillip Lougher
[    1.718609] fuse: init (API version 7.40)
[    1.719951] 9p: Installing v9fs 9p2000 file system support
[    1.739826] Key type asymmetric registered
[    1.740663] Asymmetric key parser 'x509' registered
[    1.741729] Block layer SCSI generic (bsg) driver version 0.4 loaded (major 249)
[    1.743252] io scheduler mq-deadline registered
[    1.744178] io scheduler kyber registered
[    1.765711] input: Power Button as /devices/LNXSYSTM:00/LNXPWRBN:00/input/input0
[    1.767851] ACPI: button: Power Button [PWRF]
[    1.771864] Warning: Processor Platform Limit event detected, but not handled.
[    1.774205] Consider compiling CPUfreq support into your kernel.
[    2.692111] ACPI: \_SB_.LNKB: Enabled at IRQ 10
[    3.572126] ACPI: \_SB_.LNKC: Enabled at IRQ 11
[    4.118757] ACPI: \_SB_.LNKA: Enabled at IRQ 10
[    4.120418] Serial: 8250/16550 driver, 4 ports, IRQ sharing enabled
[    4.121349] 00:03: ttyS0 at I/O 0x3f8 (irq = 4, base_baud = 115200) is a 16550A
[    4.159503] Non-volatile memory driver v1.3
[    4.159979] Linux agpgart interface v0.103
[    4.160980] ACPI: bus type drm_connector registered
[    4.163168] printk: legacy console [hvc0] enabled
[    4.164230] printk: legacy bootconsole [earlyser0] disabled
          _      _                                    
   __   _(_)_ __| |_ _ __ ___   ___       _ __   __ _ 
   \ \ / / |  __| __|  _   _ \ / _ \_____|  _ \ / _  |
    \ V /| | |  | |_| | | | | |  __/_____| | | | (_| |
     \_/ |_|_|   \__|_| |_| |_|\___|     |_| |_|\__  |
                                                |___/ 
   kernel version: 6.11.0-rc3-virtme x86_64
   (CTRL+d to exit)

root@virtme-ng:/nipa-data/kernel# PS1='xx__-> '
xx__-> env
PWD=/nipa-data/kernel
nr_open=1048576
HOME=/
TERM=xterm
SHLVL=2
XDG_RUNTIME_DIR=/run/user/0
PATH=/bin:/sbin:/usr/bin:/usr/sbin:/usr/local/bin
OLDPWD=/
_=/bin/env
xx__-> 