No EFI environment detected.
early console in extract_kernel
input_data: 0x000000000305f2b9
input_len: 0x0000000000b83fc9
output: 0x0000000001000000
output_len: 0x000000000252f454
kernel_total_size: 0x0000000002c30000
needed_size: 0x0000000002e00000
trampoline_32bit: 0x0000000000000000
Physical KASLR using RDRAND RDTSC...
Virtual KASLR using RDRAND RDTSC...

Decompressing Linux... Parsing ELF... Performing relocations... done.
Booting the kernel (entry_offset: 0x0000000000000000).
[    0.000000] Linux version 6.8.0-rc4-virtme (root@3f81bc0d2db5) (gcc (Alpine 13.2.1_git20231014) 13.2.1 20231014, GNU ld (GNU Binutils) 2.41) #1 SMP PREEMPT_DYNAMIC Fri Feb 16 06:06:17 UTC 2024
[    0.000000] Command line: virtme_hostname=virtme-ng virtme_link_mods=/nipa-data/kernel/.virtme_mods/lib/modules/0.0.0 virtme_initmount0=nipa-data/kernel virtme_rw_overlay0=/etc virtme_rw_overlay1=/lib virtme_rw_overlay2=/home virtme_rw_overlay3=/opt virtme_rw_overlay4=/srv virtme_rw_overlay5=/usr virtme_rw_overlay6=/var earlyprintk=serial,ttyS0,115200 console=ttyS0 psmouse.proto=exps TERM=xterm virtme_chdir=nipa-data/kernel virtme_root_user=1 rootfstype=9p rootflags=version=9p2000.L,trans=virtio,access=any raid=noautodetect ro init=/usr/lib/python3.11/site-packages/virtme/guest/virtme-init
[    0.000000] BIOS-provided physical RAM map:
[    0.000000] BIOS-e820: [mem 0x0000000000000000-0x000000000009fbff] usable
[    0.000000] BIOS-e820: [mem 0x000000000009fc00-0x000000000009ffff] reserved
[    0.000000] BIOS-e820: [mem 0x00000000000f0000-0x00000000000fffff] reserved
[    0.000000] BIOS-e820: [mem 0x0000000000100000-0x000000003ffdffff] usable
[    0.000000] BIOS-e820: [mem 0x000000003ffe0000-0x000000003fffffff] reserved
[    0.000000] BIOS-e820: [mem 0x00000000feffc000-0x00000000feffffff] reserved
[    0.000000] BIOS-e820: [mem 0x00000000fffc0000-0x00000000ffffffff] reserved
[    0.000000] BIOS-e820: [mem 0x000000fd00000000-0x000000ffffffffff] reserved
[    0.000000] printk: legacy bootconsole [earlyser0] enabled
[    0.000000] NX (Execute Disable) protection: active
[    0.000000] APIC: Static calls initialized
[    0.000000] SMBIOS 3.0.0 present.
[    0.000000] DMI: QEMU Standard PC (i440FX + PIIX, 1996), BIOS rel-1.16.3-0-ga6ed6b701f0a-prebuilt.qemu.org 04/01/2014
[    0.000000] Hypervisor detected: KVM
[    0.000000] kvm-clock: Using msrs 4b564d01 and 4b564d00
[    0.000000] kvm-clock: using sched offset of 231647739 cycles
[    0.000388] clocksource: kvm-clock: mask: 0xffffffffffffffff max_cycles: 0x1cd42e4dffb, max_idle_ns: 881590591483 ns
[    0.001601] tsc: Detected 4491.536 MHz processor
[    0.002205] last_pfn = 0x3ffe0 max_arch_pfn = 0x400000000
[    0.002631] MTRR map: 4 entries (3 fixed + 1 variable; max 19), built from 8 variable MTRRs
[    0.003253] x86/PAT: Configuration [0-7]: WB  WC  UC- UC  WB  WP  UC- WT  
Memory KASLR using RDRAND RDTSC...
[    0.005346] found SMP MP-table at [mem 0x000f5470-0x000f547f]
[    0.005784] Using GB pages for direct mapping
[    0.006192] ACPI: Early table checksum verification disabled
[    0.006618] ACPI: RSDP 0x00000000000F5290 000014 (v00 BOCHS )
[    0.007052] ACPI: RSDT 0x000000003FFE27B6 000034 (v01 BOCHS  BXPC     00000001 BXPC 00000001)
[    0.007707] ACPI: FACP 0x000000003FFE2572 000074 (v01 BOCHS  BXPC     00000001 BXPC 00000001)
[    0.008351] ACPI: DSDT 0x000000003FFE0040 002532 (v01 BOCHS  BXPC     00000001 BXPC 00000001)
[    0.008995] ACPI: FACS 0x000000003FFE0000 000040
[    0.009344] ACPI: APIC 0x000000003FFE25E6 000170 (v03 BOCHS  BXPC     00000001 BXPC 00000001)
[    0.009991] ACPI: HPET 0x000000003FFE2756 000038 (v01 BOCHS  BXPC     00000001 BXPC 00000001)
[    0.010636] ACPI: WAET 0x000000003FFE278E 000028 (v01 BOCHS  BXPC     00000001 BXPC 00000001)
[    0.011280] ACPI: Reserving FACP table memory at [mem 0x3ffe2572-0x3ffe25e5]
[    0.011812] ACPI: Reserving DSDT table memory at [mem 0x3ffe0040-0x3ffe2571]
[    0.012341] ACPI: Reserving FACS table memory at [mem 0x3ffe0000-0x3ffe003f]
[    0.012871] ACPI: Reserving APIC table memory at [mem 0x3ffe25e6-0x3ffe2755]
[    0.013402] ACPI: Reserving HPET table memory at [mem 0x3ffe2756-0x3ffe278d]
[    0.013931] ACPI: Reserving WAET table memory at [mem 0x3ffe278e-0x3ffe27b5]
[    0.014604] No NUMA configuration found
[    0.014892] Faking a node at [mem 0x0000000000000000-0x000000003ffdffff]
[    0.015395] NODE_DATA(0) allocated [mem 0x3ffdb000-0x3ffdffff]
[    0.015844] Zone ranges:
[    0.016035]   DMA      [mem 0x0000000000001000-0x0000000000ffffff]
[    0.016500]   DMA32    [mem 0x0000000001000000-0x000000003ffdffff]
[    0.016963]   Normal   empty
[    0.017179]   Device   empty
[    0.017399] Movable zone start for each node
[    0.017719] Early memory node ranges
[    0.017987]   node   0: [mem 0x0000000000001000-0x000000000009efff]
[    0.018458]   node   0: [mem 0x0000000000100000-0x000000003ffdffff]
[    0.018927] Initmem setup node 0 [mem 0x0000000000001000-0x000000003ffdffff]
[    0.019459] On node 0, zone DMA: 1 pages in unavailable ranges
[    0.019907] On node 0, zone DMA: 97 pages in unavailable ranges
[    0.021307] On node 0, zone DMA32: 32 pages in unavailable ranges
[    0.021961] ACPI: PM-Timer IO Port: 0x608
[    0.022265] ACPI: LAPIC_NMI (acpi_id[0xff] dfl dfl lint[0x1])
[    0.022713] IOAPIC[0]: apic_id 0, version 17, address 0xfec00000, GSI 0-23
[    0.023230] ACPI: INT_SRC_OVR (bus 0 bus_irq 0 global_irq 2 dfl dfl)
[    0.023707] ACPI: INT_SRC_OVR (bus 0 bus_irq 5 global_irq 5 high level)
[    0.024202] ACPI: INT_SRC_OVR (bus 0 bus_irq 9 global_irq 9 high level)
[    0.024698] ACPI: INT_SRC_OVR (bus 0 bus_irq 10 global_irq 10 high level)
[    0.025207] ACPI: INT_SRC_OVR (bus 0 bus_irq 11 global_irq 11 high level)
[    0.025719] ACPI: Using ACPI (MADT) for SMP configuration information
[    0.026200] ACPI: HPET id: 0x8086a201 base: 0xfed00000
[    0.026586] TSC deadline timer available
[    0.026878] smpboot: Allowing 32 CPUs, 0 hotplug CPUs
[    0.027269] kvm-guest: APIC: eoi() replaced with kvm_guest_apic_eoi_write()
[    0.027797] kvm-guest: KVM setup pv remote TLB flush
[    0.028170] kvm-guest: setup PV sched yield
[    0.028488] PM: hibernation: Registered nosave memory: [mem 0x00000000-0x00000fff]
[    0.029054] PM: hibernation: Registered nosave memory: [mem 0x0009f000-0x0009ffff]
[    0.029623] PM: hibernation: Registered nosave memory: [mem 0x000a0000-0x000effff]
[    0.030189] PM: hibernation: Registered nosave memory: [mem 0x000f0000-0x000fffff]
[    0.030756] [mem 0x40000000-0xfeffbfff] available for PCI devices
[    0.031211] Booting paravirtualized kernel on KVM
[    0.031562] clocksource: refined-jiffies: mask: 0xffffffff max_cycles: 0xffffffff, max_idle_ns: 1910969940391419 ns
[    0.035290] setup_percpu: NR_CPUS:64 nr_cpumask_bits:32 nr_cpu_ids:32 nr_node_ids:1
[    0.036450] percpu: Embedded 58 pages/cpu s199904 r8192 d29472 u262144
[    0.036974] Kernel command line: virtme_hostname=virtme-ng virtme_link_mods=/nipa-data/kernel/.virtme_mods/lib/modules/0.0.0 virtme_initmount0=nipa-data/kernel virtme_rw_overlay0=/etc virtme_rw_overlay1=/lib virtme_rw_overlay2=/home virtme_rw_overlay3=/opt virtme_rw_overlay4=/srv virtme_rw_overlay5=/usr virtme_rw_overlay6=/var earlyprintk=serial,ttyS0,115200 console=ttyS0 psmouse.proto=exps TERM=xterm virtme_chdir=nipa-data/kernel virtme_root_user=1 rootfstype=9p rootflags=version=9p2000.L,trans=virtio,access=any raid=noautodetect ro init=/usr/lib/python3.11/site-packages/virtme/guest/virtme-init
[    0.041087] Unknown kernel command line parameters "virtme_hostname=virtme-ng virtme_link_mods=/nipa-data/kernel/.virtme_mods/lib/modules/0.0.0 virtme_initmount0=nipa-data/kernel virtme_rw_overlay0=/etc virtme_rw_overlay1=/lib virtme_rw_overlay2=/home virtme_rw_overlay3=/opt virtme_rw_overlay4=/srv virtme_rw_overlay5=/usr virtme_rw_overlay6=/var virtme_chdir=nipa-data/kernel virtme_root_user=1", will be passed to user space.
[    0.044179] random: crng init done
[    0.044472] Dentry cache hash table entries: 131072 (order: 8, 1048576 bytes, linear)
[    0.045094] Inode-cache hash table entries: 65536 (order: 7, 524288 bytes, linear)
[    0.045779] Fallback order for Node 0: 0 
[    0.045782] Built 1 zonelists, mobility grouping on.  Total pages: 257760
[    0.046614] Policy zone: DMA32
[    0.046849] mem auto-init: stack:all(zero), heap alloc:off, heap free:off
[    0.048840] Memory: 976368K/1048056K available (16384K kernel code, 2558K rwdata, 6072K rodata, 3156K init, 12004K bss, 71428K reserved, 0K cma-reserved)
[    0.049948] SLUB: HWalign=64, Order=0-3, MinObjects=0, CPUs=32, Nodes=1
Poking KASLR using RDRAND RDTSC...
[    0.050733] ftrace: allocating 46573 entries in 182 pages
[    0.057606] ftrace: allocated 182 pages with 5 groups
[    0.058823] Dynamic Preempt: voluntary
[    0.059317] Running RCU self tests
[    0.059581] Running RCU synchronous self tests
[    0.059928] rcu: Preemptible hierarchical RCU implementation.
[    0.060369] rcu: RCU event tracing is enabled.
[    0.060720] rcu: RCU lockdep checking is enabled.
[    0.061087] rcu: RCU restricting CPUs from NR_CPUS=64 to nr_cpu_ids=32.
[    0.061603] Trampoline variant of Tasks RCU enabled.
[    0.061990] Rude variant of Tasks RCU enabled.
[    0.062337] Tracing variant of Tasks RCU enabled.
[    0.062704] rcu: RCU calculated value of scheduler-enlistment delay is 100 jiffies.
[    0.063289] rcu: Adjusting geometry for rcu_fanout_leaf=16, nr_cpu_ids=32
[    0.063833] Running RCU synchronous self tests
[    0.065794] NR_IRQS: 4352, nr_irqs: 680, preallocated irqs: 16
[    0.066433] rcu: srcu_init: Setting srcu_struct sizes based on contention.
[    0.067158] Console: colour *CGA 80x25
[    0.067470] printk: legacy console [ttyS0] enabled
[    0.067470] printk: legacy console [ttyS0] enabled
[    0.068202] printk: legacy bootconsole [earlyser0] disabled
[    0.068202] printk: legacy bootconsole [earlyser0] disabled
[    0.069058] Lock dependency validator: Copyright (c) 2006 Red Hat, Inc., Ingo Molnar
[    0.069655] ... MAX_LOCKDEP_SUBCLASSES:  8
[    0.069971] ... MAX_LOCK_DEPTH:          48
[    0.070294] ... MAX_LOCKDEP_KEYS:        8192
[    0.070630] ... CLASSHASH_SIZE:          4096
[    0.070965] ... MAX_LOCKDEP_ENTRIES:     32768
[    0.071306] ... MAX_LOCKDEP_CHAINS:      65536
[    0.071651] ... CHAINHASH_SIZE:          32768
[    0.071992]  memory used by lock dependency info: 6429 kB
[    0.072410]  memory used for stack traces: 4224 kB
[    0.072786]  per task-struct memory footprint: 1920 bytes
[    0.073209] ACPI: Core revision 20230628
[    0.073611] clocksource: hpet: mask: 0xffffffff max_cycles: 0xffffffff, max_idle_ns: 19112604467 ns
[    0.074407] APIC: Switch to symmetric I/O mode setup
[    0.074796] APIC: Switched APIC routing to: physical flat
[    0.075207] kvm-guest: APIC: send_IPI_mask() replaced with kvm_send_ipi_mask()
[    0.075755] kvm-guest: APIC: send_IPI_mask_allbutself() replaced with kvm_send_ipi_mask_allbutself()
[    0.076451] kvm-guest: setup PV IPIs
[    0.077558] ..TIMER: vector=0x30 apic1=0 pin1=2 apic2=-1 pin2=-1
[    0.078367] tsc: Marking TSC unstable due to TSCs unsynchronized
[    0.079157] Calibrating delay loop (skipped) preset value.. 8983.07 BogoMIPS (lpj=4491536)
[    0.080212] x86/cpu: User Mode Instruction Prevention (UMIP) activated
[    0.081210] Last level iTLB entries: 4KB 512, 2MB 255, 4MB 127
[    0.082153] Last level dTLB entries: 4KB 512, 2MB 255, 4MB 127, 1GB 0
[    0.083156] Spectre V1 : Mitigation: usercopy/swapgs barriers and __user pointer sanitization
[    0.084156] Spectre V2 : Mitigation: Enhanced / Automatic IBRS
[    0.085153] Spectre V2 : Spectre v2 / SpectreRSB mitigation: Filling RSB on context switch
[    0.086154] Spectre V2 : mitigation: Enabling conditional Indirect Branch Prediction Barrier
[    0.087154] Speculative Store Bypass: Mitigation: Speculative Store Bypass disabled via prctl
[    0.088153] Speculative Return Stack Overflow: IBPB-extending microcode not applied!
[    0.089153] Speculative Return Stack Overflow: WARNING: See https://kernel.org/doc/html/latest/admin-guide/hw-vuln/srso.html for mitigation options.
[    0.089154] Speculative Return Stack Overflow: Vulnerable: Safe RET, no microcode
[    0.091172] x86/fpu: Supporting XSAVE feature 0x001: 'x87 floating point registers'
[    0.092153] x86/fpu: Supporting XSAVE feature 0x002: 'SSE registers'
[    0.093153] x86/fpu: Supporting XSAVE feature 0x004: 'AVX registers'
[    0.094153] x86/fpu: Supporting XSAVE feature 0x020: 'AVX-512 opmask'
[    0.095153] x86/fpu: Supporting XSAVE feature 0x040: 'AVX-512 Hi256'
[    0.095972] x86/fpu: Supporting XSAVE feature 0x080: 'AVX-512 ZMM_Hi256'
[    0.096153] x86/fpu: Supporting XSAVE feature 0x200: 'Protection Keys User registers'
[    0.097153] x86/fpu: xstate_offset[2]:  576, xstate_sizes[2]:  256
[    0.098153] x86/fpu: xstate_offset[5]:  832, xstate_sizes[5]:   64
[    0.099153] x86/fpu: xstate_offset[6]:  896, xstate_sizes[6]:  512
[    0.100153] x86/fpu: xstate_offset[7]: 1408, xstate_sizes[7]: 1024
[    0.101153] x86/fpu: xstate_offset[9]: 2432, xstate_sizes[9]:    8
[    0.101952] x86/fpu: Enabled xstate features 0x2e7, context size is 2440 bytes, using 'compacted' format.
[    0.119650] Freeing SMP alternatives memory: 36K
[    0.120155] pid_max: default: 32768 minimum: 301
[    0.120831] Mount-cache hash table entries: 2048 (order: 2, 16384 bytes, linear)
[    0.121155] Mountpoint-cache hash table entries: 2048 (order: 2, 16384 bytes, linear)
[    0.123510] Running RCU synchronous self tests
[    0.124091] Running RCU synchronous self tests
[    0.124317] smpboot: CPU0: AMD Ryzen 9 7950X 16-Core Processor (family: 0x19, model: 0x61, stepping: 0x2)
[    0.125515] RCU Tasks: Setting shift to 5 and lim to 1 rcu_task_cb_adjust=1.
[    0.126184] RCU Tasks Rude: Setting shift to 5 and lim to 1 rcu_task_cb_adjust=1.
[    0.127192] RCU Tasks Trace: Setting shift to 5 and lim to 1 rcu_task_cb_adjust=1.
[    0.128192] Running RCU Tasks wait API self tests
[    0.236229] Running RCU Tasks Rude wait API self tests
[    0.237009] Running RCU Tasks Trace wait API self tests
[    0.237203] Performance Events: Fam17h+ core perfctr, AMD PMU driver.
[    0.238088] ... version:                0
[    0.238156] ... bit width:              48
[    0.238681] ... generic registers:      6
[    0.239156] ... value mask:             0000ffffffffffff
[    0.239901] ... max period:             00007fffffffffff
[    0.240157] ... fixed-purpose events:   0
[    0.240830] ... event mask:             000000000000003f
[    0.241404] signal: max sigframe size: 3376
[    0.242224] rcu: Hierarchical SRCU implementation.
[    0.243017] rcu: Max phase no-delay instances is 400.
[    0.243185] Callback from call_rcu_tasks_trace() invoked.
[    0.248470] smp: Bringing up secondary CPUs ...
[    0.249541] smpboot: x86: Booting SMP configuration:
[    0.250162] .... node  #0, CPUs:        #1  #2  #3  #4  #5  #6  #7  #8  #9 #10 #11 #12 #13 #14 #15 #16 #17 #18 #19 #20 #21 #22 #23 #24 #25 #26 #27 #28 #29 #30 #31
[    0.287286] smp: Brought up 1 node, 32 CPUs
[    0.288722] smpboot: Max logical packages: 1
[    0.289156] smpboot: Total of 32 processors activated (287458.30 BogoMIPS)
[    0.298373] devtmpfs: initialized
[    0.299245] x86/mm: Memory block size: 128MB
[    0.301851] Running RCU synchronous self tests
[    0.302169] Running RCU synchronous self tests
[    0.302860] clocksource: jiffies: mask: 0xffffffff max_cycles: 0xffffffff, max_idle_ns: 1911260446275000 ns
[    0.303160] futex hash table entries: 8192 (order: 8, 1048576 bytes, linear)
[    0.304620] PM: RTC time: 06:06:51, date: 2024-02-16
[    0.305817] NET: Registered PF_NETLINK/PF_ROUTE protocol family
[    0.306767] thermal_sys: Registered thermal governor 'step_wise'
[    0.306769] thermal_sys: Registered thermal governor 'user_space'
[    0.307200] cpuidle: using governor menu
[    0.309548] PCI: Using configuration type 1 for base access
[    0.310157] PCI: Using configuration type 1 for extended access
[    0.311081] kprobes: kprobe jump-optimization is enabled. All kprobes are optimized if possible.
[    0.328496] HugeTLB: registered 1.00 GiB page size, pre-allocated 0 pages
[    0.329158] HugeTLB: 16380 KiB vmemmap can be freed for a 1.00 GiB page
[    0.330040] HugeTLB: registered 2.00 MiB page size, pre-allocated 0 pages
[    0.330156] HugeTLB: 28 KiB vmemmap can be freed for a 2.00 MiB page
[    0.331356] ACPI: Added _OSI(Module Device)
[    0.331931] ACPI: Added _OSI(Processor Device)
[    0.332158] ACPI: Added _OSI(3.0 _SCP Extensions)
[    0.332775] ACPI: Added _OSI(Processor Aggregator Device)
[    0.335219] ACPI: 1 ACPI AML tables successfully acquired and loaded
[    0.337245] ACPI: _OSC evaluation for CPUs failed, trying _PDC
[    0.338685] ACPI: Interpreter enabled
[    0.339197] ACPI: PM: (supports S0 S3 S4 S5)
[    0.339777] ACPI: Using IOAPIC for interrupt routing
[    0.341138] PCI: Using host bridge windows from ACPI; if necessary, use "pci=nocrs" and report a bug
[    0.342157] PCI: Using E820 reservations for host bridge windows
[    0.343173] Callback from call_rcu_tasks_rude() invoked.
[    0.343304] ACPI: Enabled 2 GPEs in block 00 to 0F
[    0.353124] ACPI: PCI Root Bridge [PCI0] (domain 0000 [bus 00-ff])
[    0.354160] acpi PNP0A03:00: _OSC: OS supports [ExtendedConfig ASPM ClockPM Segments MSI HPX-Type3]
[    0.355661] PCI host bridge to bus 0000:00
[    0.356157] pci_bus 0000:00: root bus resource [io  0x0000-0x0cf7 window]
[    0.357047] pci_bus 0000:00: root bus resource [io  0x0d00-0xffff window]
[    0.358157] pci_bus 0000:00: root bus resource [mem 0x000a0000-0x000bffff window]
[    0.359140] pci_bus 0000:00: root bus resource [mem 0x40000000-0xfebfffff window]
[    0.360157] pci_bus 0000:00: root bus resource [mem 0x100000000-0x17fffffff window]
[    0.361156] pci_bus 0000:00: root bus resource [bus 00-ff]
[    0.362044] pci 0000:00:00.0: [8086:1237] type 00 class 0x060000 conventional PCI endpoint
[    0.363660] pci 0000:00:01.0: [8086:7000] type 00 class 0x060100 conventional PCI endpoint
[    0.364592] pci 0000:00:01.1: [8086:7010] type 00 class 0x010180 conventional PCI endpoint
[    0.368409] pci 0000:00:01.1: BAR 4 [io  0xc080-0xc08f]
[    0.370890] pci 0000:00:01.1: BAR 0 [io  0x01f0-0x01f7]: legacy IDE quirk
[    0.371157] pci 0000:00:01.1: BAR 1 [io  0x03f6]: legacy IDE quirk
[    0.371965] pci 0000:00:01.1: BAR 2 [io  0x0170-0x0177]: legacy IDE quirk
[    0.373157] pci 0000:00:01.1: BAR 3 [io  0x0376]: legacy IDE quirk
[    0.374168] pci 0000:00:01.3: [8086:7113] type 00 class 0x068000 conventional PCI endpoint
[    0.375400] pci 0000:00:01.3: quirk: [io  0x0600-0x063f] claimed by PIIX4 ACPI
[    0.377161] pci 0000:00:01.3: quirk: [io  0x0700-0x070f] claimed by PIIX4 SMB
[    0.378345] pci 0000:00:02.0: [1af4:1009] type 00 class 0x000200 conventional PCI endpoint
[    0.381157] pci 0000:00:02.0: BAR 0 [io  0xc000-0xc03f]
[    0.382838] pci 0000:00:02.0: BAR 1 [mem 0xfebfd000-0xfebfdfff]
[    0.387156] pci 0000:00:02.0: BAR 4 [mem 0xfebf4000-0xfebf7fff 64bit pref]
[    0.392377] pci 0000:00:03.0: [1af4:1009] type 00 class 0x000200 conventional PCI endpoint
[    0.394156] pci 0000:00:03.0: BAR 0 [io  0xc040-0xc07f]
[    0.396789] pci 0000:00:03.0: BAR 1 [mem 0xfebfe000-0xfebfefff]
[    0.403156] pci 0000:00:03.0: BAR 4 [mem 0xfebf8000-0xfebfbfff 64bit pref]
[    0.405908] pci 0000:00:04.0: [8086:25ab] type 00 class 0x088000 conventional PCI endpoint
[    0.407649] pci 0000:00:04.0: BAR 0 [mem 0xfebff000-0xfebff00f]
[    0.413953] ACPI: PCI: Interrupt link LNKA configured for IRQ 10
[    0.414370] ACPI: PCI: Interrupt link LNKB configured for IRQ 10
[    0.416347] ACPI: PCI: Interrupt link LNKC configured for IRQ 11
[    0.417235] ACPI: PCI: Interrupt link LNKD configured for IRQ 11
[    0.418121] ACPI: PCI: Interrupt link LNKS configured for IRQ 9
[    0.420510] iommu: Default domain type: Translated
[    0.421125] iommu: DMA domain TLB invalidation policy: lazy mode
[    0.422441] SCSI subsystem initialized
[    0.423249] pps_core: LinuxPPS API ver. 1 registered
[    0.424159] pps_core: Software ver. 5.3.6 - Copyright 2005-2007 Rodolfo Giometti <giometti@linux.it>
[    0.425162] PTP clock support registered
[    0.426231] Advanced Linux Sound Architecture Driver Initialized.
[    0.426848] NET: Registered PF_ATMPVC protocol family
[    0.428157] NET: Registered PF_ATMSVC protocol family
[    0.428805] PCI: Using ACPI for IRQ routing
[    0.429309] vgaarb: loaded
[    0.430239] hpet0: at MMIO 0xfed00000, IRQs 2, 8, 0
[    0.430244] hpet0: 3 comparators, 64-bit 100.000000 MHz counter
[    0.437878] clocksource: Switched to clocksource kvm-clock
[    0.438705] VFS: Disk quotas dquot_6.6.0
[    0.439244] VFS: Dquot-cache hash table entries: 512 (order 0, 4096 bytes)
[    0.440265] pnp: PnP ACPI init
[    0.441214] pnp: PnP ACPI: found 5 devices
[    0.444300] Callback from call_rcu_tasks() invoked.
[    0.450716] clocksource: acpi_pm: mask: 0xffffff max_cycles: 0xffffff, max_idle_ns: 2085701024 ns
[    0.451925] NET: Registered PF_INET protocol family
[    0.452625] IP idents hash table entries: 16384 (order: 5, 131072 bytes, linear)
[    0.453865] tcp_listen_portaddr_hash hash table entries: 512 (order: 3, 36864 bytes, linear)
[    0.454992] Table-perturb hash table entries: 65536 (order: 6, 262144 bytes, linear)
[    0.456030] TCP established hash table entries: 8192 (order: 4, 65536 bytes, linear)
[    0.457101] TCP bind hash table entries: 8192 (order: 8, 1179648 bytes, linear)
[    0.458452] TCP: Hash tables configured (established 8192 bind 8192)
[    0.459384] UDP hash table entries: 512 (order: 4, 81920 bytes, linear)
[    0.460300] UDP-Lite hash table entries: 512 (order: 4, 81920 bytes, linear)
[    0.461354] NET: Registered PF_UNIX/PF_LOCAL protocol family
[    0.462298] pci_bus 0000:00: resource 4 [io  0x0000-0x0cf7 window]
[    0.463092] pci_bus 0000:00: resource 5 [io  0x0d00-0xffff window]
[    0.463888] pci_bus 0000:00: resource 6 [mem 0x000a0000-0x000bffff window]
[    0.464776] pci_bus 0000:00: resource 7 [mem 0x40000000-0xfebfffff window]
[    0.465665] pci_bus 0000:00: resource 8 [mem 0x100000000-0x17fffffff window]
[    0.466643] pci 0000:00:01.0: PIIX3: Enabling Passive Release
[    0.467420] pci 0000:00:00.0: Limiting direct PCI/PCI transfers
[    0.468223] PCI: CLS 0 bytes, default 64
[    0.468981] kvm_intel: VMX not supported by CPU 3
[    0.469747] kvm_amd: TSC scaling supported
[    0.470301] kvm_amd: Nested Virtualization enabled
[    0.470917] kvm_amd: Nested Paging enabled
[    0.471468] kvm_amd: Virtual VMLOAD VMSAVE supported
[    0.472106] kvm_amd: Virtual GIF supported
[    0.472640] kvm_amd: Virtual NMI enabled
[    0.473158] kvm_amd: LBR virtualization supported
[    0.580292] workingset: timestamp_bits=56 max_order=18 bucket_order=0
[    0.581297] squashfs: version 4.0 (2009/01/31) Phillip Lougher
[    0.582093] fuse: init (API version 7.39)
[    0.582730] 9p: Installing v9fs 9p2000 file system support
[    0.583589] Key type asymmetric registered
[    0.584169] Block layer SCSI generic (bsg) driver version 0.4 loaded (major 249)
[    0.585231] io scheduler mq-deadline registered
[    0.585832] io scheduler kyber registered
[    0.587815] input: Power Button as /devices/LNXSYSTM:00/LNXPWRBN:00/input/input0
[    0.589044] ACPI: button: Power Button [PWRF]
[    0.589722] Warning: Processor Platform Limit event detected, but not handled.
[    0.590671] Consider compiling CPUfreq support into your kernel.
[    0.663945] ACPI: \_SB_.LNKB: Enabled at IRQ 10
[    0.736545] ACPI: \_SB_.LNKC: Enabled at IRQ 11
[    0.737974] Serial: 8250/16550 driver, 4 ports, IRQ sharing enabled
[    0.739203] 00:03: ttyS0 at I/O 0x3f8 (irq = 4, base_baud = 115200) is a 16550A
[    0.741157] Non-volatile memory driver v1.3
[    0.741716] Linux agpgart interface v0.103
[    0.742387] ACPI: bus type drm_connector registered
[    0.755344] loop: module loaded
[    0.757011] scsi host0: ata_piix
[    0.757864] scsi host1: ata_piix
[    0.758367] ata1: PATA max MWDMA2 cmd 0x1f0 ctl 0x3f6 bmdma 0xc080 irq 14 lpm-pol 0
[    0.759356] ata2: PATA max MWDMA2 cmd 0x170 ctl 0x376 bmdma 0xc088 irq 15 lpm-pol 0
[    0.761104] i8042: PNP: PS/2 Controller [PNP0303:KBD,PNP0f13:MOU] at 0x60,0x64 irq 1,12
[    0.762898] serio: i8042 KBD port at 0x60,0x64 irq 1
[    0.763578] serio: i8042 AUX port at 0x60,0x64 irq 12
[    0.764758] rtc_cmos 00:04: RTC can wake from S4
[    0.765800] input: AT Translated Set 2 keyboard as /devices/platform/i8042/serio0/input/input1
[    0.767746] rtc_cmos 00:04: registered as rtc0
[    0.768390] rtc_cmos 00:04: setting system clock to 2024-02-16T06:06:51 UTC (1708063611)
[    0.769660] rtc_cmos 00:04: alarms up to one day, y3k, 242 bytes nvram, hpet irqs
[    0.771466] i6300ESB timer 0000:00:04.0: initialized. heartbeat=30 sec (nowayout=0)
[    0.772606] device-mapper: ioctl: 4.48.0-ioctl (2023-03-01) initialised: dm-devel@redhat.com
[    0.774498] NET: Registered PF_PACKET protocol family
[    0.775164] 9pnet: Installing 9P2000 support
[    0.776732] Key type dns_resolver registered
[    0.778679] input: ImExPS/2 Generic Explorer Mouse as /devices/platform/i8042/serio1/input/input3
[    0.782169] IPI shorthand broadcast: enabled
[    0.791018] sched_clock: Marking stable (781002605, 9188623)->(818654237, -28463009)
[    0.792440] registered taskstats version 1
[    0.797807] PM:   Magic number: 12:874:114
[    0.798440] printk: legacy console [netcon0] enabled
[    0.799092] netconsole: network logging started
[    0.799847] ALSA device list:
[    0.800288]   No soundcards found.
[    0.915382] ata2: found unknown device (class 0)
[    0.916777] ata2.00: ATAPI: QEMU DVD-ROM, 2.5+, max UDMA/100
[    0.919022] scsi 1:0:0:0: CD-ROM            QEMU     QEMU DVD-ROM     2.5+ PQ: 0 ANSI: 5
[    0.926949] scsi 1:0:0:0: Attached scsi generic sg0 type 5
[    0.927769] md: Skipping autodetection of RAID arrays. (raid=autodetect will force)
[    0.928722] 9pnet_virtio: no channels available for device 
[    0.930075] VFS: Mounted root (9p filesystem) readonly on device 0:19.
[    0.931268] devtmpfs: mounted
[    0.933675] Freeing unused kernel image (initmem) memory: 3156K
[    0.941224] Write protecting the kernel read-only data: 22528k
[    0.942582] Freeing unused kernel image (rodata/data gap) memory: 72K
[    0.978614] x86/mm: Checked W+X mappings: passed, no W+X pages found.
[    0.979586] Run /usr/lib/python3.11/site-packages/virtme/guest/virtme-init as init process
[    1.010047] mount (266) used greatest stack depth: 12984 bytes left
[    1.088480] mount (284) used greatest stack depth: 12584 bytes left
[    1.143998] virtme-init (315) used greatest stack depth: 12568 bytes left
[    1.147225] virtme-init (312) used greatest stack depth: 12424 bytes left
[    1.183501] virtme-init: basic initialization done
[    1.189498] virtme-init: udevd not found
[    1.250490] virtme-init: Setting hostname to virtme-ng...
[    1.264856] ip (359) used greatest stack depth: 12056 bytes left
          _      _                                    
   __   _(_)_ __| |_ _ __ ___   ___       _ __   __ _ 
   \ \ / / |  __| __|  _   _ \ / _ \_____|  _ \ / _  |
    \ V /| | |  | |_| | | | | |  __/_____| | | | (_| |
     \_/ |_|_|   \__|_| |_| |_|\___|     |_| |_|\__  |
                                                |___/ 
   kernel version: 6.8.0-rc4-virtme x86_64

virtme-ng:/nipa-data/kernel# PS1='xx__-> '
xx__-> env
PWD=/nipa-data/kernel
HOME=/
TERM=xterm
SHLVL=2
XDG_RUNTIME_DIR=/run/user/0
PATH=/bin:/sbin:/usr/bin:/usr/sbin:/usr/local/bin
OLDPWD=/
_=/usr/bin/env
xx__-> 