No EFI environment detected.
early console in extract_kernel
input_data: 0x00000000029b72c4
input_len: 0x0000000000bcbcb8
output: 0x0000000001000000
output_len: 0x000000000253cb40
kernel_total_size: 0x0000000002430000
needed_size: 0x0000000002600000
trampoline_32bit: 0x0000000000000000
Physical KASLR using RDRAND RDTSC...
Virtual KASLR using RDRAND RDTSC...

Decompressing Linux... Parsing ELF... Performing relocations... done.
Booting the kernel (entry_offset: 0x0000000000fc78b0).
[    0.000000] Linux version 6.15.0-virtme (root@1ebac83484c7) (gcc (Ubuntu 13.3.0-6ubuntu2~24.04) 13.3.0, GNU ld (GNU Binutils for Ubuntu) 2.42) #1 SMP PREEMPT_DYNAMIC Fri May 30 15:06:00 UTC 2025
[    0.000000] Command line: virtme_hostname=virtme-ng nr_open=1048576 virtme_link_mods=/nipa-data/kernel/.virtme_mods/lib/modules/0.0.0 virtme_initmount0=nipa-data/kernel virtme_rw_overlay0=/etc virtme_rw_overlay1=/lib virtme_rw_overlay2=/home virtme_rw_overlay3=/opt virtme_rw_overlay4=/srv virtme_rw_overlay5=/usr virtme_rw_overlay6=/var console=hvc0 earlyprintk=serial,ttyS0,115200 virtme_console=ttyS0 psmouse.proto=exps TERM=xterm virtme_chdir=nipa-data/kernel virtme_root_user=1 rootfstype=9p rootflags=version=9p2000.L,trans=virtio,access=any raid=noautodetect ro init=/usr/lib/python3/dist-packages/virtme/guest/virtme-init
[    0.000000] BIOS-provided physical RAM map:
[    0.000000] BIOS-e820: [mem 0x0000000000000000-0x000000000009fbff] usable
[    0.000000] BIOS-e820: [mem 0x000000000009fc00-0x000000000009ffff] reserved
[    0.000000] BIOS-e820: [mem 0x00000000000f0000-0x00000000000fffff] reserved
[    0.000000] BIOS-e820: [mem 0x0000000000100000-0x000000003ffdffff] usable
[    0.000000] BIOS-e820: [mem 0x000000003ffe0000-0x000000003fffffff] reserved
[    0.000000] BIOS-e820: [mem 0x00000000feffc000-0x00000000feffffff] reserved
[    0.000000] BIOS-e820: [mem 0x00000000fffc0000-0x00000000ffffffff] reserved
[    0.000000] BIOS-e820: [mem 0x000000fd00000000-0x000000ffffffffff] reserved
[    0.000000] printk: legacy bootconsole [earlyser0] enabled
[    0.000000] NX (Execute Disable) protection: active
[    0.000000] APIC: Static calls initialized
[    0.000000] SMBIOS 3.0.0 present.
[    0.000000] DMI: QEMU Ubuntu 24.04 PC (i440FX + PIIX, 1996), BIOS 1.16.3-debian-1.16.3-2 04/01/2014
[    0.000000] DMI: Memory slots populated: 1/1
[    0.000000] Hypervisor detected: KVM
[    0.000000] kvm-clock: Using msrs 4b564d01 and 4b564d00
[    0.000000] kvm-clock: using sched offset of 189430437 cycles
[    0.000357] clocksource: kvm-clock: mask: 0xffffffffffffffff max_cycles: 0x1cd42e4dffb, max_idle_ns: 881590591483 ns
[    0.001458] tsc: Detected 4491.564 MHz processor
[    0.002014] last_pfn = 0x3ffe0 max_arch_pfn = 0x400000000
[    0.002400] MTRR map: 4 entries (3 fixed + 1 variable; max 19), built from 8 variable MTRRs
[    0.002965] x86/PAT: Configuration [0-7]: WB  WC  UC- UC  WB  WP  UC- WT  
Memory KASLR using RDRAND RDTSC...
[    0.004856] found SMP MP-table at [mem 0x000f5470-0x000f547f]
[    0.005248] Using GB pages for direct mapping
[    0.005648] ACPI: Early table checksum verification disabled
[    0.006037] ACPI: RSDP 0x00000000000F5290 000014 (v00 BOCHS )
[    0.006428] ACPI: RSDT 0x000000003FFE27BC 000034 (v01 BOCHS  BXPC     00000001 BXPC 00000001)
[    0.007013] ACPI: FACP 0x000000003FFE2578 000074 (v01 BOCHS  BXPC     00000001 BXPC 00000001)
[    0.007597] ACPI: DSDT 0x000000003FFE0040 002538 (v01 BOCHS  BXPC     00000001 BXPC 00000001)
[    0.008178] ACPI: FACS 0x000000003FFE0000 000040
[    0.008490] ACPI: APIC 0x000000003FFE25EC 000170 (v03 BOCHS  BXPC     00000001 BXPC 00000001)
[    0.009067] ACPI: HPET 0x000000003FFE275C 000038 (v01 BOCHS  BXPC     00000001 BXPC 00000001)
[    0.009643] ACPI: WAET 0x000000003FFE2794 000028 (v01 BOCHS  BXPC     00000001 BXPC 00000001)
[    0.010220] ACPI: Reserving FACP table memory at [mem 0x3ffe2578-0x3ffe25eb]
[    0.010697] ACPI: Reserving DSDT table memory at [mem 0x3ffe0040-0x3ffe2577]
[    0.011173] ACPI: Reserving FACS table memory at [mem 0x3ffe0000-0x3ffe003f]
[    0.011650] ACPI: Reserving APIC table memory at [mem 0x3ffe25ec-0x3ffe275b]
[    0.012127] ACPI: Reserving HPET table memory at [mem 0x3ffe275c-0x3ffe2793]
[    0.012605] ACPI: Reserving WAET table memory at [mem 0x3ffe2794-0x3ffe27bb]
[    0.013215] No NUMA configuration found
[    0.013474] Faking a node at [mem 0x0000000000000000-0x000000003ffdffff]
[    0.013930] NODE_DATA(0) allocated [mem 0x3ffdb740-0x3ffdffff]
[    0.014332] Zone ranges:
[    0.014502]   DMA      [mem 0x0000000000001000-0x0000000000ffffff]
[    0.014917]   DMA32    [mem 0x0000000001000000-0x000000003ffdffff]
[    0.015333]   Normal   empty
[    0.015527]   Device   empty
[    0.015720] Movable zone start for each node
[    0.016007] Early memory node ranges
[    0.016250]   node   0: [mem 0x0000000000001000-0x000000000009efff]
[    0.016673]   node   0: [mem 0x0000000000100000-0x000000003ffdffff]
[    0.017094] Initmem setup node 0 [mem 0x0000000000001000-0x000000003ffdffff]
[    0.017570] On node 0, zone DMA: 1 pages in unavailable ranges
[    0.017969] On node 0, zone DMA: 97 pages in unavailable ranges
[    0.019262] On node 0, zone DMA32: 32 pages in unavailable ranges
[    0.019860] ACPI: PM-Timer IO Port: 0x608
[    0.020139] ACPI: LAPIC_NMI (acpi_id[0xff] dfl dfl lint[0x1])
[    0.020539] IOAPIC[0]: apic_id 0, version 17, address 0xfec00000, GSI 0-23
[    0.021008] ACPI: INT_SRC_OVR (bus 0 bus_irq 0 global_irq 2 dfl dfl)
[    0.021438] ACPI: INT_SRC_OVR (bus 0 bus_irq 5 global_irq 5 high level)
[    0.021888] ACPI: INT_SRC_OVR (bus 0 bus_irq 9 global_irq 9 high level)
[    0.022333] ACPI: INT_SRC_OVR (bus 0 bus_irq 10 global_irq 10 high level)
[    0.022789] ACPI: INT_SRC_OVR (bus 0 bus_irq 11 global_irq 11 high level)
[    0.023247] ACPI: Using ACPI (MADT) for SMP configuration information
[    0.023680] ACPI: HPET id: 0x8086a201 base: 0xfed00000
[    0.024026] TSC deadline timer available
[    0.024294] CPU topo: Max. logical packages:   1
[    0.024605] CPU topo: Max. logical dies:       1
[    0.024915] CPU topo: Max. dies per package:   1
[    0.025227] CPU topo: Max. threads per core:   1
[    0.025538] CPU topo: Num. cores per package:    32
[    0.025866] CPU topo: Num. threads per package:  32
[    0.026193] CPU topo: Allowing 32 present CPUs plus 0 hotplug CPUs
[    0.026615] kvm-guest: APIC: eoi() replaced with kvm_guest_apic_eoi_write()
[    0.027090] kvm-guest: KVM setup pv remote TLB flush
[    0.027425] kvm-guest: setup PV sched yield
[    0.027709] PM: hibernation: Registered nosave memory: [mem 0x00000000-0x00000fff]
[    0.028228] PM: hibernation: Registered nosave memory: [mem 0x0009f000-0x000fffff]
[    0.028737] [mem 0x40000000-0xfeffbfff] available for PCI devices
[    0.029147] Booting paravirtualized kernel on KVM
[    0.029463] clocksource: refined-jiffies: mask: 0xffffffff max_cycles: 0xffffffff, max_idle_ns: 1910969940391419 ns
[    0.032893] setup_percpu: NR_CPUS:64 nr_cpumask_bits:32 nr_cpu_ids:32 nr_node_ids:1
[    0.033963] percpu: Embedded 53 pages/cpu s179544 r8192 d29352 u262144
[    0.034431] Kernel command line: virtme_hostname=virtme-ng nr_open=1048576 virtme_link_mods=/nipa-data/kernel/.virtme_mods/lib/modules/0.0.0 virtme_initmount0=nipa-data/kernel virtme_rw_overlay0=/etc virtme_rw_overlay1=/lib virtme_rw_overlay2=/home virtme_rw_overlay3=/opt virtme_rw_overlay4=/srv virtme_rw_overlay5=/usr virtme_rw_overlay6=/var console=hvc0 earlyprintk=serial,ttyS0,115200 virtme_console=ttyS0 psmouse.proto=exps TERM=xterm virtme_chdir=nipa-data/kernel virtme_root_user=1 rootfstype=9p rootflags=version=9p2000.L,trans=virtio,access=any raid=noautodetect ro init=/usr/lib/python3/dist-packages/virtme/guest/virtme-init
[    0.038459] Unknown kernel command line parameters "virtme_hostname=virtme-ng nr_open=1048576 virtme_link_mods=/nipa-data/kernel/.virtme_mods/lib/modules/0.0.0 virtme_initmount0=nipa-data/kernel virtme_rw_overlay0=/etc virtme_rw_overlay1=/lib virtme_rw_overlay2=/home virtme_rw_overlay3=/opt virtme_rw_overlay4=/srv virtme_rw_overlay5=/usr virtme_rw_overlay6=/var virtme_console=ttyS0 virtme_chdir=nipa-data/kernel virtme_root_user=1", will be passed to user space.
[    0.041479] random: crng init done
[    0.041714] printk: log buffer data + meta data: 262144 + 917504 = 1179648 bytes
[    0.042252] Dentry cache hash table entries: 131072 (order: 8, 1048576 bytes, linear)
[    0.042811] Inode-cache hash table entries: 65536 (order: 7, 524288 bytes, linear)
[    0.043417] Fallback order for Node 0: 0 
[    0.043419] Built 1 zonelists, mobility grouping on.  Total pages: 262014
[    0.044170] Policy zone: DMA32
[    0.044380] mem auto-init: stack:all(zero), heap alloc:off, heap free:off
[    0.045358] SLUB: HWalign=64, Order=0-3, MinObjects=0, CPUs=32, Nodes=1
Poking KASLR using RDRAND RDTSC...
[    0.052444] ftrace: allocating 49003 entries in 192 pages
[    0.052818] ftrace: allocated 192 pages with 2 groups
[    0.053725] Dynamic Preempt: voluntary
[    0.054105] rcu: Preemptible hierarchical RCU implementation.
[    0.054501] rcu: RCU event tracing is enabled.
[    0.054812] rcu: RCU restricting CPUs from NR_CPUS=64 to nr_cpu_ids=32.
[    0.055274] Trampoline variant of Tasks RCU enabled.
[    0.055621] Rude variant of Tasks RCU enabled.
[    0.055931] Tracing variant of Tasks RCU enabled.
[    0.056263] rcu: RCU calculated value of scheduler-enlistment delay is 100 jiffies.
[    0.056790] rcu: Adjusting geometry for rcu_fanout_leaf=16, nr_cpu_ids=32
[    0.057263] RCU Tasks: Setting shift to 5 and lim to 1 rcu_task_cb_adjust=1 rcu_task_cpu_ids=32.
[    0.057867] RCU Tasks Rude: Setting shift to 5 and lim to 1 rcu_task_cb_adjust=1 rcu_task_cpu_ids=32.
[    0.058502] RCU Tasks Trace: Setting shift to 5 and lim to 1 rcu_task_cb_adjust=1 rcu_task_cpu_ids=32.
[    0.060783] NR_IRQS: 4352, nr_irqs: 680, preallocated irqs: 16
[    0.061346] rcu: srcu_init: Setting srcu_struct sizes based on contention.
[    0.061954] Console: colour *CGA 80x25
[    0.062216] ACPI: Core revision 20250404
[    0.062550] clocksource: hpet: mask: 0xffffffff max_cycles: 0xffffffff, max_idle_ns: 19112604467 ns
[    0.063228] APIC: Switch to symmetric I/O mode setup
[    0.063704] x2apic enabled
[    0.064050] APIC: Switched APIC routing to: physical x2apic
[    0.064442] kvm-guest: APIC: send_IPI_mask() replaced with kvm_send_ipi_mask()
[    0.064935] kvm-guest: APIC: send_IPI_mask_allbutself() replaced with kvm_send_ipi_mask_allbutself()
[    0.065549] kvm-guest: setup PV IPIs
[    0.066541] ..TIMER: vector=0x30 apic1=0 pin1=2 apic2=-1 pin2=-1
[    0.067305] clocksource: tsc-early: mask: 0xffffffffffffffff max_cycles: 0x40be463295d, max_idle_ns: 440795209293 ns
[    0.068591] Calibrating delay loop (skipped) preset value.. 8983.12 BogoMIPS (lpj=4491564)
[    0.069649] x86/cpu: User Mode Instruction Prevention (UMIP) activated
[    0.070635] Last level iTLB entries: 4KB 512, 2MB 255, 4MB 127
[    0.071331] Last level dTLB entries: 4KB 512, 2MB 255, 4MB 127, 1GB 0
[    0.071596] Speculative Store Bypass: Mitigation: Speculative Store Bypass disabled via prctl
[    0.072590] Speculative Return Stack Overflow: IBPB-extending microcode not applied!
[    0.073589] Speculative Return Stack Overflow: WARNING: See https://kernel.org/doc/html/latest/admin-guide/hw-vuln/srso.html for mitigation options.
[    0.073590] Spectre V2 : Mitigation: Enhanced / Automatic IBRS
[    0.075590] Speculative Return Stack Overflow: Vulnerable: Safe RET, no microcode
[    0.076482] Spectre V1 : Mitigation: usercopy/swapgs barriers and __user pointer sanitization
[    0.076592] Spectre V2 : mitigation: Enabling conditional Indirect Branch Prediction Barrier
[    0.077604] x86/fpu: Supporting XSAVE feature 0x001: 'x87 floating point registers'
[    0.078502] x86/fpu: Supporting XSAVE feature 0x002: 'SSE registers'
[    0.078590] x86/fpu: Supporting XSAVE feature 0x004: 'AVX registers'
[    0.079590] x86/fpu: Supporting XSAVE feature 0x020: 'AVX-512 opmask'
[    0.080589] x86/fpu: Supporting XSAVE feature 0x040: 'AVX-512 Hi256'
[    0.081332] x86/fpu: Supporting XSAVE feature 0x080: 'AVX-512 ZMM_Hi256'
[    0.081590] x86/fpu: Supporting XSAVE feature 0x200: 'Protection Keys User registers'
[    0.082590] x86/fpu: xstate_offset[2]:  576, xstate_sizes[2]:  256
[    0.083590] x86/fpu: xstate_offset[5]:  832, xstate_sizes[5]:   64
[    0.084589] x86/fpu: xstate_offset[6]:  896, xstate_sizes[6]:  512
[    0.085311] x86/fpu: xstate_offset[7]: 1408, xstate_sizes[7]: 1024
[    0.085589] x86/fpu: xstate_offset[9]: 2432, xstate_sizes[9]:    8
[    0.086590] x86/fpu: Enabled xstate features 0x2e7, context size is 2440 bytes, using 'compacted' format.
[    0.101999] Freeing SMP alternatives memory: 44K
[    0.102548] pid_max: default: 32768 minimum: 301
[    0.102609] Mount-cache hash table entries: 2048 (order: 2, 16384 bytes, linear)
[    0.103590] Mountpoint-cache hash table entries: 2048 (order: 2, 16384 bytes, linear)
[    0.104723] smpboot: CPU0: AMD Ryzen 9 7950X 16-Core Processor (family: 0x19, model: 0x61, stepping: 0x2)
[    0.105686] Performance Events: Fam17h+ core perfctr, AMD PMU driver.
[    0.106467] ... version:                0
[    0.106591] ... bit width:              48
[    0.107076] ... generic registers:      6
[    0.107544] ... value mask:             0000ffffffffffff
[    0.107591] ... max period:             00007fffffffffff
[    0.108215] ... fixed-purpose events:   0
[    0.108591] ... event mask:             000000000000003f
[    0.109301] signal: max sigframe size: 3376
[    0.109604] rcu: Hierarchical SRCU implementation.
[    0.110166] rcu: Max phase no-delay instances is 400.
[    0.110613] Timer migration: 2 hierarchy levels; 8 children per group; 2 crossnode level
[    0.113637] smp: Bringing up secondary CPUs ...
[    0.114218] smpboot: x86: Booting SMP configuration:
[    0.114592] .... node  #0, CPUs:        #1  #2  #3  #4  #5  #6  #7  #8  #9 #10 #11 #12 #13 #14 #15 #16 #17 #18 #19 #20 #21 #22 #23 #24 #25 #26 #27 #28 #29 #30 #31
[    0.125696] smp: Brought up 1 node, 32 CPUs
[    0.127097] smpboot: Total of 32 processors activated (287460.09 BogoMIPS)
[    0.128695] Memory: 971000K/1048056K available (16159K kernel code, 2479K rwdata, 6456K rodata, 3208K init, 1640K bss, 62536K reserved, 0K cma-reserved)
[    0.129698] devtmpfs: initialized
[    0.130023] x86/mm: Memory block size: 128MB
[    0.131285] clocksource: jiffies: mask: 0xffffffff max_cycles: 0xffffffff, max_idle_ns: 1911260446275000 ns
[    0.131598] posixtimers hash table entries: 16384 (order: 6, 262144 bytes, linear)
[    0.132540] futex hash table entries: 8192 (524288 bytes on 1 NUMA nodes, total 512 KiB, linear).
[    0.132663] PM: RTC time: 15:06:16, date: 2025-05-30
[    0.133575] NET: Registered PF_NETLINK/PF_ROUTE protocol family
[    0.133726] thermal_sys: Registered thermal governor 'step_wise'
[    0.133735] cpuidle: using governor menu
[    0.134859] PCI: Using configuration type 1 for base access
[    0.135591] PCI: Using configuration type 1 for extended access
[    0.136370] kprobes: kprobe jump-optimization is enabled. All kprobes are optimized if possible.
[    0.145207] HugeTLB: allocation took 0ms with hugepage_allocation_threads=8
[    0.146621] HugeTLB: registered 1.00 GiB page size, pre-allocated 0 pages
[    0.147449] HugeTLB: 16380 KiB vmemmap can be freed for a 1.00 GiB page
[    0.147591] HugeTLB: registered 2.00 MiB page size, pre-allocated 0 pages
[    0.148424] HugeTLB: 28 KiB vmemmap can be freed for a 2.00 MiB page
[    0.150133] ACPI: Added _OSI(Module Device)
[    0.150592] ACPI: Added _OSI(Processor Device)
[    0.151131] ACPI: Added _OSI(Processor Aggregator Device)
[    0.152230] ACPI: 1 ACPI AML tables successfully acquired and loaded
[    0.154073] ACPI: Interpreter enabled
[    0.154599] ACPI: PM: (supports S0 S3 S4 S5)
[    0.155117] ACPI: Using IOAPIC for interrupt routing
[    0.155598] PCI: Using host bridge windows from ACPI; if necessary, use "pci=nocrs" and report a bug
[    0.156591] PCI: Using E820 reservations for host bridge windows
[    0.157409] ACPI: Enabled 2 GPEs in block 00 to 0F
[    0.161153] ACPI: PCI Root Bridge [PCI0] (domain 0000 [bus 00-ff])
[    0.161593] acpi PNP0A03:00: _OSC: OS supports [ExtendedConfig ASPM ClockPM Segments MSI HPX-Type3]
[    0.162676] PCI host bridge to bus 0000:00
[    0.163173] pci_bus 0000:00: root bus resource [io  0x0000-0x0cf7 window]
[    0.163591] pci_bus 0000:00: root bus resource [io  0x0d00-0xffff window]
[    0.164415] pci_bus 0000:00: root bus resource [mem 0x000a0000-0x000bffff window]
[    0.165592] pci_bus 0000:00: root bus resource [mem 0x40000000-0xfebfffff window]
[    0.166502] pci_bus 0000:00: root bus resource [mem 0x100000000-0x17fffffff window]
[    0.167591] pci_bus 0000:00: root bus resource [bus 00-ff]
[    0.168335] pci 0000:00:00.0: [8086:1237] type 00 class 0x060000 conventional PCI endpoint
[    0.169855] pci 0000:00:01.0: [8086:7000] type 00 class 0x060100 conventional PCI endpoint
[    0.170855] pci 0000:00:01.1: [8086:7010] type 00 class 0x010180 conventional PCI endpoint
[    0.172088] pci 0000:00:01.1: BAR 4 [io  0xc0c0-0xc0cf]
[    0.172609] pci 0000:00:01.1: BAR 0 [io  0x01f0-0x01f7]: legacy IDE quirk
[    0.173435] pci 0000:00:01.1: BAR 1 [io  0x03f6]: legacy IDE quirk
[    0.174592] pci 0000:00:01.1: BAR 2 [io  0x0170-0x0177]: legacy IDE quirk
[    0.175416] pci 0000:00:01.1: BAR 3 [io  0x0376]: legacy IDE quirk
[    0.176680] pci 0000:00:01.3: [8086:7113] type 00 class 0x068000 conventional PCI endpoint
[    0.177784] pci 0000:00:01.3: quirk: [io  0x0600-0x063f] claimed by PIIX4 ACPI
[    0.178595] pci 0000:00:01.3: quirk: [io  0x0700-0x070f] claimed by PIIX4 SMB
[    0.179623] pci 0000:00:02.0: [1af4:1009] type 00 class 0x000200 conventional PCI endpoint
[    0.181596] pci 0000:00:02.0: BAR 0 [io  0xc000-0xc03f]
[    0.182235] pci 0000:00:02.0: BAR 1 [mem 0xfebfc000-0xfebfcfff]
[    0.182605] pci 0000:00:02.0: BAR 4 [mem 0xfebf0000-0xfebf3fff 64bit pref]
[    0.184142] pci 0000:00:03.0: [1af4:1009] type 00 class 0x000200 conventional PCI endpoint
[    0.186082] pci 0000:00:03.0: BAR 0 [io  0xc040-0xc07f]
[    0.186595] pci 0000:00:03.0: BAR 1 [mem 0xfebfd000-0xfebfdfff]
[    0.187323] pci 0000:00:03.0: BAR 4 [mem 0xfebf4000-0xfebf7fff 64bit pref]
[    0.189102] pci 0000:00:04.0: [8086:25ab] type 00 class 0x088000 conventional PCI endpoint
[    0.189883] pci 0000:00:04.0: BAR 0 [mem 0xfebfe000-0xfebfe00f]
[    0.190983] pci 0000:00:05.0: [1af4:1003] type 00 class 0x078000 conventional PCI endpoint
[    0.193596] pci 0000:00:05.0: BAR 0 [io  0xc080-0xc0bf]
[    0.194240] pci 0000:00:05.0: BAR 1 [mem 0xfebff000-0xfebfffff]
[    0.194605] pci 0000:00:05.0: BAR 4 [mem 0xfebf8000-0xfebfbfff 64bit pref]
[    0.196148] ACPI: PCI: Interrupt link LNKA configured for IRQ 10
[    0.196694] ACPI: PCI: Interrupt link LNKB configured for IRQ 10
[    0.197520] ACPI: PCI: Interrupt link LNKC configured for IRQ 11
[    0.198683] ACPI: PCI: Interrupt link LNKD configured for IRQ 11
[    0.199480] ACPI: PCI: Interrupt link LNKS configured for IRQ 9
[    0.201388] iommu: Default domain type: Translated
[    0.201591] iommu: DMA domain TLB invalidation policy: lazy mode
[    0.202767] SCSI subsystem initialized
[    0.203626] pps_core: LinuxPPS API ver. 1 registered
[    0.204592] pps_core: Software ver. 5.3.6 - Copyright 2005-2007 Rodolfo Giometti <giometti@linux.it>
[    0.205593] PTP clock support registered
[    0.206091] Advanced Linux Sound Architecture Driver Initialized.
[    0.206850] NET: Registered PF_ATMPVC protocol family
[    0.207469] NET: Registered PF_ATMSVC protocol family
[    0.207597] PCI: Using ACPI for IRQ routing
[    0.208601] vgaarb: loaded
[    0.208933] hpet0: at MMIO 0xfed00000, IRQs 2, 8, 0
[    0.209591] hpet0: 3 comparators, 64-bit 100.000000 MHz counter
[    0.214796] clocksource: Switched to clocksource kvm-clock
[    0.215457] VFS: Disk quotas dquot_6.6.0
[    0.215991] VFS: Dquot-cache hash table entries: 512 (order 0, 4096 bytes)
[    0.216911] pnp: PnP ACPI init
[    0.217455] pnp: PnP ACPI: found 5 devices
[    0.223947] clocksource: acpi_pm: mask: 0xffffff max_cycles: 0xffffff, max_idle_ns: 2085701024 ns
[    0.225042] NET: Registered PF_INET protocol family
[    0.225648] IP idents hash table entries: 16384 (order: 5, 131072 bytes, linear)
[    0.226691] tcp_listen_portaddr_hash hash table entries: 512 (order: 1, 8192 bytes, linear)
[    0.227717] Table-perturb hash table entries: 65536 (order: 6, 262144 bytes, linear)
[    0.228666] TCP established hash table entries: 8192 (order: 4, 65536 bytes, linear)
[    0.229610] TCP bind hash table entries: 8192 (order: 6, 262144 bytes, linear)
[    0.230496] TCP: Hash tables configured (established 8192 bind 8192)
[    0.231286] UDP hash table entries: 512 (order: 3, 32768 bytes, linear)
[    0.232090] UDP-Lite hash table entries: 512 (order: 3, 32768 bytes, linear)
[    0.232959] NET: Registered PF_UNIX/PF_LOCAL protocol family
[    0.233639] pci_bus 0000:00: resource 4 [io  0x0000-0x0cf7 window]
[    0.234379] pci_bus 0000:00: resource 5 [io  0x0d00-0xffff window]
[    0.235120] pci_bus 0000:00: resource 6 [mem 0x000a0000-0x000bffff window]
[    0.235946] pci_bus 0000:00: resource 7 [mem 0x40000000-0xfebfffff window]
[    0.236772] pci_bus 0000:00: resource 8 [mem 0x100000000-0x17fffffff window]
[    0.237632] pci 0000:00:01.0: PIIX3: Enabling Passive Release
[    0.238327] pci 0000:00:00.0: Limiting direct PCI/PCI transfers
[    0.239071] PCI: CLS 0 bytes, default 64
[    0.239594] kvm_intel: VMX not supported by CPU 18
[    0.240198] kvm_amd: TSC scaling supported
[    0.240687] kvm_amd: Nested Virtualization enabled
[    0.241264] kvm_amd: Nested Paging enabled
[    0.241754] kvm_amd: LBR virtualization supported
[    0.242325] kvm_amd: Virtual GIF supported
[    0.242817] kvm_amd: Virtual NMI enabled
[    0.268346] clocksource: tsc: mask: 0xffffffffffffffff max_cycles: 0x40be463295d, max_idle_ns: 440795209293 ns
[    0.274216] Initialise system trusted keyrings
[    0.274811] workingset: timestamp_bits=56 max_order=18 bucket_order=0
[    0.275616] squashfs: version 4.0 (2009/01/31) Phillip Lougher
[    0.276337] fuse: init (API version 7.43)
[    0.276864] 9p: Installing v9fs 9p2000 file system support
[    0.284010] Key type asymmetric registered
[    0.284510] Asymmetric key parser 'x509' registered
[    0.285114] Block layer SCSI generic (bsg) driver version 0.4 loaded (major 249)
[    0.286031] io scheduler mq-deadline registered
[    0.286581] io scheduler kyber registered
[    0.288591] input: Power Button as /devices/LNXSYSTM:00/LNXPWRBN:00/input/input0
[    0.289554] ACPI: button: Power Button [PWRF]
[    0.290465] Warning: Processor Platform Limit event detected, but not handled.
[    0.291352] Consider compiling CPUfreq support into your kernel.
[    0.308150] ACPI: \_SB_.LNKB: Enabled at IRQ 10
[    0.323374] ACPI: \_SB_.LNKC: Enabled at IRQ 11
[    0.338530] ACPI: \_SB_.LNKA: Enabled at IRQ 10
[    0.339592] Serial: 8250/16550 driver, 4 ports, IRQ sharing enabled
[    0.340449] 00:03: ttyS0 at I/O 0x3f8 (irq = 4, base_baud = 115200) is a 16550A
[    0.361538] Non-volatile memory driver v1.3
[    0.362100] Linux agpgart interface v0.103
[    0.362626] printk: legacy console [hvc0] enabled
[    0.362665] ACPI: bus type drm_connector registered
[    0.363225] printk: legacy bootconsole [earlyser0] disabled
          _      _                                    
   __   _(_)_ __| |_ _ __ ___   ___       _ __   __ _ 
   \ \ / / |  __| __|  _   _ \ / _ \_____|  _ \ / _  |
    \ V /| | |  | |_| | | | | |  __/_____| | | | (_| |
     \_/ |_|_|   \__|_| |_| |_|\___|     |_| |_|\__  |
                                                |___/ 
   kernel version: 6.15.0-virtme x86_64
   (CTRL+d to exit)

root@virtme-ng:/nipa-data/kernel# PS1='xx__-> '
xx__-> env
PWD=/nipa-data/kernel
nr_open=1048576
HOME=/
TERM=xterm
SHLVL=2
XDG_RUNTIME_DIR=/run/user/0
PATH=/bin:/sbin:/usr/bin:/usr/sbin:/usr/local/bin
OLDPWD=/
_=/bin/env
xx__-> 