No EFI environment detected.
early console in extract_kernel
input_data: 0x0000000004cbe2c4
input_len: 0x000000000189072d
output: 0x0000000001000000
output_len: 0x00000000054d94a8
kernel_total_size: 0x0000000005030000
needed_size: 0x0000000005600000
trampoline_32bit: 0x000000000009d000
Physical KASLR using RDRAND RDTSC...
Virtual KASLR using RDRAND RDTSC...

Decompressing Linux... Parsing ELF... Performing relocations... done.
Booting the kernel (entry_offset: 0x0000000000000000).
[    0.000000] Linux version 6.11.0-rc2-virtme (root@5c4f937469fe) (gcc (Ubuntu 13.2.0-23ubuntu4) 13.2.0, GNU ld (GNU Binutils for Ubuntu) 2.42) #1 SMP PREEMPT_DYNAMIC Sat Aug 10 09:27:33 UTC 2024
[    0.000000] Command line: virtme_hostname=virtme-ng nr_open=1048576 virtme_link_mods=/nipa-data/kernel/.virtme_mods/lib/modules/0.0.0 virtme_initmount0=nipa-data/kernel virtme_rw_overlay0=/etc virtme_rw_overlay1=/lib virtme_rw_overlay2=/home virtme_rw_overlay3=/opt virtme_rw_overlay4=/srv virtme_rw_overlay5=/usr virtme_rw_overlay6=/var console=hvc0 earlyprintk=serial,ttyS0,115200 virtme_console=ttyS0 psmouse.proto=exps TERM=xterm virtme_chdir=nipa-data/kernel virtme_root_user=1 rootfstype=9p rootflags=version=9p2000.L,trans=virtio,access=any raid=noautodetect ro init=/usr/lib/python3/dist-packages/virtme/guest/virtme-init
[    0.000000] x86/split lock detection: #DB: warning on user-space bus_locks
[    0.000000] BIOS-provided physical RAM map:
[    0.000000] BIOS-e820: [mem 0x0000000000000000-0x000000000009fbff] usable
[    0.000000] BIOS-e820: [mem 0x000000000009fc00-0x000000000009ffff] reserved
[    0.000000] BIOS-e820: [mem 0x00000000000f0000-0x00000000000fffff] reserved
[    0.000000] BIOS-e820: [mem 0x0000000000100000-0x000000003ffdffff] usable
[    0.000000] BIOS-e820: [mem 0x000000003ffe0000-0x000000003fffffff] reserved
[    0.000000] BIOS-e820: [mem 0x00000000feffc000-0x00000000feffffff] reserved
[    0.000000] BIOS-e820: [mem 0x00000000fffc0000-0x00000000ffffffff] reserved
[    0.000000] printk: legacy bootconsole [earlyser0] enabled
[    0.000000] NX (Execute Disable) protection: active
[    0.000000] APIC: Static calls initialized
[    0.000000] SMBIOS 3.0.0 present.
[    0.000000] DMI: QEMU Ubuntu 24.04 PC (i440FX + PIIX, 1996), BIOS 1.16.3-debian-1.16.3-2 04/01/2014
[    0.000000] DMI: Memory slots populated: 1/1
[    0.000000] Hypervisor detected: KVM
[    0.000000] kvm-clock: Using msrs 4b564d01 and 4b564d00
[    0.000001] kvm-clock: using sched offset of 1332607976 cycles
[    0.000748] clocksource: kvm-clock: mask: 0xffffffffffffffff max_cycles: 0x1cd42e4dffb, max_idle_ns: 881590591483 ns
[    0.003073] tsc: Detected 2000.000 MHz processor
[    0.004373] last_pfn = 0x3ffe0 max_arch_pfn = 0x10000000000
[    0.005226] MTRR map: 4 entries (3 fixed + 1 variable; max 19), built from 8 variable MTRRs
[    0.006416] x86/PAT: Configuration [0-7]: WB  WC  UC- UC  WB  WP  UC- WT  
[    0.013233] found SMP MP-table at [mem 0x000f5470-0x000f547f]
[    0.014066] Using GB pages for direct mapping
[    0.014960] ACPI: Early table checksum verification disabled
[    0.015770] ACPI: RSDP 0x00000000000F5290 000014 (v00 BOCHS )
[    0.016599] ACPI: RSDT 0x000000003FFE308E 000034 (v01 BOCHS  BXPC     00000001 BXPC 00000001)
[    0.017820] ACPI: FACP 0x000000003FFE2D8A 000074 (v01 BOCHS  BXPC     00000001 BXPC 00000001)
[    0.019044] ACPI: DSDT 0x000000003FFE0040 002D4A (v01 BOCHS  BXPC     00000001 BXPC 00000001)
[    0.020268] ACPI: FACS 0x000000003FFE0000 000040
[    0.020927] ACPI: APIC 0x000000003FFE2DFE 000230 (v03 BOCHS  BXPC     00000001 BXPC 00000001)
[    0.022143] ACPI: HPET 0x000000003FFE302E 000038 (v01 BOCHS  BXPC     00000001 BXPC 00000001)
[    0.023358] ACPI: WAET 0x000000003FFE3066 000028 (v01 BOCHS  BXPC     00000001 BXPC 00000001)
[    0.024574] ACPI: Reserving FACP table memory at [mem 0x3ffe2d8a-0x3ffe2dfd]
[    0.025580] ACPI: Reserving DSDT table memory at [mem 0x3ffe0040-0x3ffe2d89]
[    0.026594] ACPI: Reserving FACS table memory at [mem 0x3ffe0000-0x3ffe003f]
[    0.027595] ACPI: Reserving APIC table memory at [mem 0x3ffe2dfe-0x3ffe302d]
[    0.028600] ACPI: Reserving HPET table memory at [mem 0x3ffe302e-0x3ffe3065]
[    0.029600] ACPI: Reserving WAET table memory at [mem 0x3ffe3066-0x3ffe308d]
[    0.031099] No NUMA configuration found
[    0.031645] Faking a node at [mem 0x0000000000000000-0x000000003ffdffff]
[    0.032603] NODE_DATA(0) allocated [mem 0x3ffdb000-0x3ffdffff]
[    0.033593] Zone ranges:
[    0.033957]   DMA      [mem 0x0000000000001000-0x0000000000ffffff]
[    0.034837]   DMA32    [mem 0x0000000001000000-0x000000003ffdffff]
[    0.035717]   Normal   empty
[    0.036134]   Device   empty
[    0.036545] Movable zone start for each node
[    0.037152] Early memory node ranges
[    0.037660]   node   0: [mem 0x0000000000001000-0x000000000009efff]
[    0.038551]   node   0: [mem 0x0000000000100000-0x000000003ffdffff]
[    0.039442] Initmem setup node 0 [mem 0x0000000000001000-0x000000003ffdffff]
[    0.040452] On node 0, zone DMA: 1 pages in unavailable ranges
[    0.041381] On node 0, zone DMA: 97 pages in unavailable ranges
[    0.050883] On node 0, zone DMA32: 32 pages in unavailable ranges
[    0.084713] kasan: KernelAddressSanitizer initialized
[    0.085973] ACPI: PM-Timer IO Port: 0x608
[    0.086572] ACPI: LAPIC_NMI (acpi_id[0xff] dfl dfl lint[0x1])
[    0.087456] IOAPIC[0]: apic_id 0, version 17, address 0xfec00000, GSI 0-23
[    0.088449] ACPI: INT_SRC_OVR (bus 0 bus_irq 0 global_irq 2 dfl dfl)
[    0.089352] ACPI: INT_SRC_OVR (bus 0 bus_irq 5 global_irq 5 high level)
[    0.090290] ACPI: INT_SRC_OVR (bus 0 bus_irq 9 global_irq 9 high level)
[    0.091231] ACPI: INT_SRC_OVR (bus 0 bus_irq 10 global_irq 10 high level)
[    0.092201] ACPI: INT_SRC_OVR (bus 0 bus_irq 11 global_irq 11 high level)
[    0.093169] ACPI: Using ACPI (MADT) for SMP configuration information
[    0.094083] ACPI: HPET id: 0x8086a201 base: 0xfed00000
[    0.094817] TSC deadline timer available
[    0.095377] CPU topo: Max. logical packages:   1
[    0.096037] CPU topo: Max. logical dies:       1
[    0.096691] CPU topo: Max. dies per package:   1
[    0.097349] CPU topo: Max. threads per core:   1
[    0.098004] CPU topo: Num. cores per package:    56
[    0.098695] CPU topo: Num. threads per package:  56
[    0.099386] CPU topo: Allowing 56 present CPUs plus 0 hotplug CPUs
[    0.100298] kvm-guest: APIC: eoi() replaced with kvm_guest_apic_eoi_write()
[    0.101307] kvm-guest: KVM setup pv remote TLB flush
[    0.102017] kvm-guest: setup PV sched yield
[    0.102620] PM: hibernation: Registered nosave memory: [mem 0x00000000-0x00000fff]
[    0.103697] PM: hibernation: Registered nosave memory: [mem 0x0009f000-0x0009ffff]
[    0.104858] PM: hibernation: Registered nosave memory: [mem 0x000a0000-0x000effff]
[    0.105931] PM: hibernation: Registered nosave memory: [mem 0x000f0000-0x000fffff]
[    0.107005] [mem 0x40000000-0xfeffbfff] available for PCI devices
[    0.107869] Booting paravirtualized kernel on KVM
[    0.108545] clocksource: refined-jiffies: mask: 0xffffffff max_cycles: 0xffffffff, max_idle_ns: 1910969940391419 ns
[    0.131097] setup_percpu: NR_CPUS:64 nr_cpumask_bits:56 nr_cpu_ids:56 nr_node_ids:1
[    0.141608] percpu: Embedded 70 pages/cpu s248408 r8192 d30120 u524288
[    0.142750] Kernel command line: virtme_hostname=virtme-ng nr_open=1048576 virtme_link_mods=/nipa-data/kernel/.virtme_mods/lib/modules/0.0.0 virtme_initmount0=nipa-data/kernel virtme_rw_overlay0=/etc virtme_rw_overlay1=/lib virtme_rw_overlay2=/home virtme_rw_overlay3=/opt virtme_rw_overlay4=/srv virtme_rw_overlay5=/usr virtme_rw_overlay6=/var console=hvc0 earlyprintk=serial,ttyS0,115200 virtme_console=ttyS0 psmouse.proto=exps TERM=xterm virtme_chdir=nipa-data/kernel virtme_root_user=1 rootfstype=9p rootflags=version=9p2000.L,trans=virtio,access=any raid=noautodetect ro init=/usr/lib/python3/dist-packages/virtme/guest/virtme-init
[    0.151089] Unknown kernel command line parameters "virtme_hostname=virtme-ng nr_open=1048576 virtme_link_mods=/nipa-data/kernel/.virtme_mods/lib/modules/0.0.0 virtme_initmount0=nipa-data/kernel virtme_rw_overlay0=/etc virtme_rw_overlay1=/lib virtme_rw_overlay2=/home virtme_rw_overlay3=/opt virtme_rw_overlay4=/srv virtme_rw_overlay5=/usr virtme_rw_overlay6=/var virtme_console=ttyS0 virtme_chdir=nipa-data/kernel virtme_root_user=1", will be passed to user space.
[    0.156985] random: crng init done
[    0.157476] printk: log_buf_len individual max cpu contribution: 4096 bytes
[    0.158481] printk: log_buf_len total cpu_extra contributions: 225280 bytes
[    0.159480] printk: log_buf_len min size: 262144 bytes
[    0.161046] printk: log_buf_len: 524288 bytes
[    0.161700] printk: early log buf free: 253864(96%)
[    0.162858] Dentry cache hash table entries: 131072 (order: 8, 1048576 bytes, linear)
[    0.164073] Inode-cache hash table entries: 65536 (order: 7, 524288 bytes, linear)
[    0.167742] Fallback order for Node 0: 0 
[    0.167758] Built 1 zonelists, mobility grouping on.  Total pages: 262014
[    0.169257] Policy zone: DMA32
[    0.169675] mem auto-init: stack:all(zero), heap alloc:off, heap free:off
[    0.170602] stackdepot: allocating hash table via alloc_large_system_hash
[    0.171531] stackdepot hash table entries: 1048576 (order: 12, 16777216 bytes, linear)
[    0.196158] SLUB: HWalign=64, Order=0-3, MinObjects=0, CPUs=56, Nodes=1
Poking KASLR using RDRAND RDTSC...
[    0.197664] ftrace: allocating 48358 entries in 189 pages
[    0.217625] ftrace: allocated 189 pages with 6 groups
[    0.220269] Dynamic Preempt: voluntary
[    0.222828] rcu: Preemptible hierarchical RCU implementation.
[    0.223624] rcu: RCU event tracing is enabled.
[    0.224249] rcu: RCU restricting CPUs from NR_CPUS=64 to nr_cpu_ids=56.
[    0.225165] Trampoline variant of Tasks RCU enabled.
[    0.225855] Rude variant of Tasks RCU enabled.
[    0.226472] Tracing variant of Tasks RCU enabled.
[    0.227124] rcu: RCU calculated value of scheduler-enlistment delay is 100 jiffies.
[    0.228171] rcu: Adjusting geometry for rcu_fanout_leaf=16, nr_cpu_ids=56
[    0.229402] RCU Tasks: Setting shift to 6 and lim to 1 rcu_task_cb_adjust=1.
[    0.230371] RCU Tasks Rude: Setting shift to 6 and lim to 1 rcu_task_cb_adjust=1.
[    0.231397] RCU Tasks Trace: Setting shift to 6 and lim to 1 rcu_task_cb_adjust=1.
[    0.252579] NR_IRQS: 4352, nr_irqs: 872, preallocated irqs: 16
[    0.253915] rcu: srcu_init: Setting srcu_struct sizes based on contention.
[    0.255338] Console: colour *CGA 80x25
[    0.255955] ACPI: Core revision 20240322
[    0.256862] clocksource: hpet: mask: 0xffffffff max_cycles: 0xffffffff, max_idle_ns: 19112604467 ns
[    0.258250] APIC: Switch to symmetric I/O mode setup
[    0.259127] APIC: Switched APIC routing to: physical flat
[    0.260212] kvm-guest: APIC: send_IPI_mask() replaced with kvm_send_ipi_mask()
[    0.261247] kvm-guest: APIC: send_IPI_mask_allbutself() replaced with kvm_send_ipi_mask_allbutself()
[    0.262859] kvm-guest: setup PV IPIs
[    0.265394] ..TIMER: vector=0x30 apic1=0 pin1=2 apic2=-1 pin2=-1
[    0.266903] clocksource: tsc-early: mask: 0xffffffffffffffff max_cycles: 0x39a85c9bff6, max_idle_ns: 881590591483 ns
[    0.269684] Calibrating delay loop (skipped) preset value.. 4000.00 BogoMIPS (lpj=2000000)
[    0.270902] x86/cpu: User Mode Instruction Prevention (UMIP) activated
[    0.271829] Last level iTLB entries: 4KB 0, 2MB 0, 4MB 0
[    0.272676] Last level dTLB entries: 4KB 0, 2MB 0, 4MB 0, 1GB 0
[    0.273699] Spectre V1 : Mitigation: usercopy/swapgs barriers and __user pointer sanitization
[    0.274685] Spectre V2 : Spectre BHI mitigation: SW BHB clearing on syscall and VM exit
[    0.275676] Spectre V2 : Mitigation: Enhanced / Automatic IBRS
[    0.276676] Spectre V2 : Spectre v2 / SpectreRSB mitigation: Filling RSB on context switch
[    0.277676] Spectre V2 : Spectre v2 / PBRSB-eIBRS: Retire a single CALL on VMEXIT
[    0.278680] Spectre V2 : mitigation: Enabling conditional Indirect Branch Prediction Barrier
[    0.279680] Speculative Store Bypass: Mitigation: Speculative Store Bypass disabled via prctl
[    0.280677] TAA: Mitigation: TSX disabled
[    0.281757] x86/fpu: Supporting XSAVE feature 0x001: 'x87 floating point registers'
[    0.282676] x86/fpu: Supporting XSAVE feature 0x002: 'SSE registers'
[    0.283676] x86/fpu: Supporting XSAVE feature 0x004: 'AVX registers'
[    0.284685] x86/fpu: Supporting XSAVE feature 0x020: 'AVX-512 opmask'
[    0.285685] x86/fpu: Supporting XSAVE feature 0x040: 'AVX-512 Hi256'
[    0.286685] x86/fpu: Supporting XSAVE feature 0x080: 'AVX-512 ZMM_Hi256'
[    0.287685] x86/fpu: Supporting XSAVE feature 0x200: 'Protection Keys User registers'
[    0.288685] x86/fpu: Supporting XSAVE feature 0x20000: 'AMX Tile config'
[    0.289685] x86/fpu: Supporting XSAVE feature 0x40000: 'AMX Tile data'
[    0.290677] x86/fpu: xstate_offset[2]:  576, xstate_sizes[2]:  256
[    0.291676] x86/fpu: xstate_offset[5]:  832, xstate_sizes[5]:   64
[    0.292676] x86/fpu: xstate_offset[6]:  896, xstate_sizes[6]:  512
[    0.293676] x86/fpu: xstate_offset[7]: 1408, xstate_sizes[7]: 1024
[    0.294686] x86/fpu: xstate_offset[9]: 2432, xstate_sizes[9]:    8
[    0.295685] x86/fpu: xstate_offset[17]: 2496, xstate_sizes[17]:   64
[    0.296685] x86/fpu: xstate_offset[18]: 2560, xstate_sizes[18]: 8192
[    0.297685] x86/fpu: Enabled xstate features 0x602e7, context size is 10752 bytes, using 'compacted' format.
[    0.342153] Freeing SMP alternatives memory: 40K
[    0.342678] pid_max: default: 57344 minimum: 448
[    0.343965] Mount-cache hash table entries: 2048 (order: 2, 16384 bytes, linear)
[    0.344679] Mountpoint-cache hash table entries: 2048 (order: 2, 16384 bytes, linear)
[    0.346923] smpboot: CPU0: Intel(R) Xeon(R) Platinum 8480+ (family: 0x6, model: 0x8f, stepping: 0x6)
[    0.348489] Performance Events: PEBS fmt0-, Sapphire Rapids events, full-width counters, Intel PMU driver.
[    0.348683] ... version:                2
[    0.349491] ... bit width:              48
[    0.349678] ... generic registers:      8
[    0.350488] ... value mask:             0000ffffffffffff
[    0.350678] ... max period:             00007fffffffffff
[    0.351678] ... fixed-purpose events:   3
[    0.352473] ... event mask:             00000007000000ff
[    0.353015] signal: max sigframe size: 11952
[    0.353751] rcu: Hierarchical SRCU implementation.
[    0.354679] rcu: Max phase no-delay instances is 400.
[    0.355795] Timer migration: 2 hierarchy levels; 8 children per group; 2 crossnode level
[    0.359388] smp: Bringing up secondary CPUs ...
[    0.359971] smpboot: x86: Booting SMP configuration:
[    0.360682] .... node  #0, CPUs:        #1  #2  #3  #4  #5  #6  #7  #8  #9 #10 #11 #12 #13 #14 #15 #16 #17 #18 #19 #20 #21 #22 #23 #24 #25 #26 #27 #28 #29 #30 #31 #32 #33 #34 #35 #36 #37 #38 #39 #40 #41 #42 #43 #44 #45 #46 #47 #48 #49 #50 #51 #52 #53 #54 #55
[    0.433234] smp: Brought up 1 node, 56 CPUs
[    0.434681] smpboot: Total of 56 processors activated (224000.00 BogoMIPS)
[    0.451912] Memory: 742840K/1048056K available (45056K kernel code, 11286K rwdata, 9920K rodata, 5948K init, 1988K bss, 280324K reserved, 0K cma-reserved)
[    0.453678] devtmpfs: initialized
[    0.454790] x86/mm: Memory block size: 128MB
[    0.465102] clocksource: jiffies: mask: 0xffffffff max_cycles: 0xffffffff, max_idle_ns: 1911260446275000 ns
[    0.465703] futex hash table entries: 16384 (order: 8, 1048576 bytes, linear)
[    0.467680] PM: RTC time: 09:28:19, date: 2024-08-10
[    0.471699] NET: Registered PF_NETLINK/PF_ROUTE protocol family
[    0.473865] thermal_sys: Registered thermal governor 'step_wise'
[    0.473870] thermal_sys: Registered thermal governor 'user_space'
[    0.474754] cpuidle: using governor menu
[    0.478006] PCI: Using configuration type 1 for base access
[    0.478862] kprobes: kprobe jump-optimization is enabled. All kprobes are optimized if possible.
[    0.518069] HugeTLB: registered 1.00 GiB page size, pre-allocated 0 pages
[    0.520686] HugeTLB: 16380 KiB vmemmap can be freed for a 1.00 GiB page
[    0.522682] HugeTLB: registered 2.00 MiB page size, pre-allocated 0 pages
[    0.524680] HugeTLB: 28 KiB vmemmap can be freed for a 2.00 MiB page
[    0.529102] ACPI: Added _OSI(Module Device)
[    0.530683] ACPI: Added _OSI(Processor Device)
[    0.531681] ACPI: Added _OSI(3.0 _SCP Extensions)
[    0.532681] ACPI: Added _OSI(Processor Aggregator Device)
[    0.564948] ACPI: 1 ACPI AML tables successfully acquired and loaded
[    0.575919] ACPI: Interpreter enabled
[    0.576759] ACPI: PM: (supports S0 S3 S4 S5)
[    0.577652] ACPI: Using IOAPIC for interrupt routing
[    0.578756] PCI: Using host bridge windows from ACPI; if necessary, use "pci=nocrs" and report a bug
[    0.580679] PCI: Using E820 reservations for host bridge windows
[    0.583144] ACPI: Enabled 2 GPEs in block 00 to 0F
[    0.645352] ACPI: PCI Root Bridge [PCI0] (domain 0000 [bus 00-ff])
[    0.646696] acpi PNP0A03:00: _OSC: OS supports [ASPM ClockPM Segments MSI HPX-Type3]
[    0.647680] acpi PNP0A03:00: _OSC: not requesting OS control; OS requires [ExtendedConfig ASPM ClockPM MSI]
[    0.649817] acpi PNP0A03:00: fail to add MMCONFIG information, can't access extended configuration space under this bridge
[    0.652121] PCI host bridge to bus 0000:00
[    0.652744] pci_bus 0000:00: root bus resource [io  0x0000-0x0cf7 window]
[    0.654681] pci_bus 0000:00: root bus resource [io  0x0d00-0xffff window]
[    0.655681] pci_bus 0000:00: root bus resource [mem 0x000a0000-0x000bffff window]
[    0.656681] pci_bus 0000:00: root bus resource [mem 0x40000000-0xfebfffff window]
[    0.658681] pci_bus 0000:00: root bus resource [mem 0x100000000-0x17fffffff window]
[    0.659682] pci_bus 0000:00: root bus resource [bus 00-ff]
[    0.660748] pci 0000:00:00.0: [8086:1237] type 00 class 0x060000 conventional PCI endpoint
[    0.663943] pci 0000:00:01.0: [8086:7000] type 00 class 0x060100 conventional PCI endpoint
[    0.666065] pci 0000:00:01.1: [8086:7010] type 00 class 0x010180 conventional PCI endpoint
[    0.671006] pci 0000:00:01.1: BAR 4 [io  0xc0c0-0xc0cf]
[    0.673016] pci 0000:00:01.1: BAR 0 [io  0x01f0-0x01f7]: legacy IDE quirk
[    0.674679] pci 0000:00:01.1: BAR 1 [io  0x03f6]: legacy IDE quirk
[    0.675678] pci 0000:00:01.1: BAR 2 [io  0x0170-0x0177]: legacy IDE quirk
[    0.676678] pci 0000:00:01.1: BAR 3 [io  0x0376]: legacy IDE quirk
[    0.679673] pci 0000:00:01.3: [8086:7113] type 00 class 0x068000 conventional PCI endpoint
[    0.682291] pci 0000:00:01.3: quirk: [io  0x0600-0x063f] claimed by PIIX4 ACPI
[    0.682689] pci 0000:00:01.3: quirk: [io  0x0700-0x070f] claimed by PIIX4 SMB
[    0.685725] pci 0000:00:02.0: [1af4:1009] type 00 class 0x000200 conventional PCI endpoint
[    0.688690] pci 0000:00:02.0: BAR 0 [io  0xc000-0xc03f]
[    0.690681] pci 0000:00:02.0: BAR 1 [mem 0xfebfc000-0xfebfcfff]
[    0.697682] pci 0000:00:02.0: BAR 4 [mem 0xfebf0000-0xfebf3fff 64bit pref]
[    0.715018] pci 0000:00:03.0: [1af4:1009] type 00 class 0x000200 conventional PCI endpoint
[    0.717571] pci 0000:00:03.0: BAR 0 [io  0xc040-0xc07f]
[    0.719545] pci 0000:00:03.0: BAR 1 [mem 0xfebfd000-0xfebfdfff]
[    0.724685] pci 0000:00:03.0: BAR 4 [mem 0xfebf4000-0xfebf7fff 64bit pref]
[    0.740333] pci 0000:00:04.0: [8086:25ab] type 00 class 0x088000 conventional PCI endpoint
[    0.743369] pci 0000:00:04.0: BAR 0 [mem 0xfebfe000-0xfebfe00f]
[    0.760701] pci 0000:00:05.0: [1af4:1003] type 00 class 0x078000 conventional PCI endpoint
[    0.763645] pci 0000:00:05.0: BAR 0 [io  0xc080-0xc0bf]
[    0.765681] pci 0000:00:05.0: BAR 1 [mem 0xfebff000-0xfebfffff]
[    0.770681] pci 0000:00:05.0: BAR 4 [mem 0xfebf8000-0xfebfbfff 64bit pref]
[    0.791448] ACPI: PCI: Interrupt link LNKA configured for IRQ 10
[    0.793776] ACPI: PCI: Interrupt link LNKB configured for IRQ 10
[    0.795738] ACPI: PCI: Interrupt link LNKC configured for IRQ 11
[    0.797735] ACPI: PCI: Interrupt link LNKD configured for IRQ 11
[    0.799120] ACPI: PCI: Interrupt link LNKS configured for IRQ 9
[    0.835031] iommu: Default domain type: Translated
[    0.836679] iommu: DMA domain TLB invalidation policy: lazy mode
[    0.838271] SCSI subsystem initialized
[    0.839961] pps_core: LinuxPPS API ver. 1 registered
[    0.840681] pps_core: Software ver. 5.3.6 - Copyright 2005-2007 Rodolfo Giometti <giometti@linux.it>
[    0.842695] PTP clock support registered
[    0.844930] Advanced Linux Sound Architecture Driver Initialized.
[    0.849466] NET: Registered PF_ATMPVC protocol family
[    0.850679] NET: Registered PF_ATMSVC protocol family
[    0.851710] PCI: Using ACPI for IRQ routing
[    0.852792] vgaarb: loaded
[    0.853742] hpet0: at MMIO 0xfed00000, IRQs 2, 8, 0
[    0.854679] hpet0: 3 comparators, 64-bit 100.000000 MHz counter
[    0.861272] clocksource: Switched to clocksource kvm-clock
[    0.863573] VFS: Disk quotas dquot_6.6.0
[    0.864482] VFS: Dquot-cache hash table entries: 512 (order 0, 4096 bytes)
[    0.870729] pnp: PnP ACPI init
[    0.874281] pnp: PnP ACPI: found 5 devices
[    0.919487] clocksource: acpi_pm: mask: 0xffffff max_cycles: 0xffffff, max_idle_ns: 2085701024 ns
[    0.921611] NET: Registered PF_INET protocol family
[    0.922718] IP idents hash table entries: 16384 (order: 5, 131072 bytes, linear)
[    0.925002] tcp_listen_portaddr_hash hash table entries: 512 (order: 1, 8192 bytes, linear)
[    0.926720] Table-perturb hash table entries: 65536 (order: 6, 262144 bytes, linear)
[    0.928331] TCP established hash table entries: 8192 (order: 4, 65536 bytes, linear)
[    0.929934] TCP bind hash table entries: 8192 (order: 6, 262144 bytes, linear)
[    0.931437] TCP: Hash tables configured (established 8192 bind 8192)
[    0.933440] UDP hash table entries: 512 (order: 2, 16384 bytes, linear)
[    0.934835] UDP-Lite hash table entries: 512 (order: 2, 16384 bytes, linear)
[    0.936713] NET: Registered PF_UNIX/PF_LOCAL protocol family
[    0.937897] pci_bus 0000:00: resource 4 [io  0x0000-0x0cf7 window]
[    0.939165] pci_bus 0000:00: resource 5 [io  0x0d00-0xffff window]
[    0.940430] pci_bus 0000:00: resource 6 [mem 0x000a0000-0x000bffff window]
[    0.941832] pci_bus 0000:00: resource 7 [mem 0x40000000-0xfebfffff window]
[    0.943232] pci_bus 0000:00: resource 8 [mem 0x100000000-0x17fffffff window]
[    0.944926] pci 0000:00:01.0: PIIX3: Enabling Passive Release
[    0.946107] pci 0000:00:00.0: Limiting direct PCI/PCI transfers
[    0.947419] PCI: CLS 0 bytes, default 64
[    0.964627] RAPL PMU: API unit is 2^-32 Joules, 1 fixed counters, 10737418240 ms ovfl timer
[    0.966540] RAPL PMU: hw unit of domain psys 2^-0 Joules
[    1.272257] kwatchdog (374) used greatest stack depth: 30696 bytes left
[    1.552374] kvm_amd: CPU 21 isn't AMD or Hygon
[    1.553313] clocksource: tsc: mask: 0xffffffffffffffff max_cycles: 0x39a85c9bff6, max_idle_ns: 881590591483 ns
[    1.707596] Initialise system trusted keyrings
[    1.709490] workingset: timestamp_bits=56 max_order=18 bucket_order=0
[    1.711281] squashfs: version 4.0 (2009/01/31) Phillip Lougher
[    1.712517] fuse: init (API version 7.40)
[    1.713862] 9p: Installing v9fs 9p2000 file system support
[    1.733700] Key type asymmetric registered
[    1.734532] Asymmetric key parser 'x509' registered
[    1.735597] Block layer SCSI generic (bsg) driver version 0.4 loaded (major 249)
[    1.737124] io scheduler mq-deadline registered
[    1.738048] io scheduler kyber registered
[    1.757723] input: Power Button as /devices/LNXSYSTM:00/LNXPWRBN:00/input/input0
[    1.759693] ACPI: button: Power Button [PWRF]
[    1.763739] Warning: Processor Platform Limit event detected, but not handled.
[    1.766330] Consider compiling CPUfreq support into your kernel.
[    2.693968] ACPI: \_SB_.LNKB: Enabled at IRQ 10
[    3.583166] ACPI: \_SB_.LNKC: Enabled at IRQ 11
[    4.435749] ACPI: \_SB_.LNKA: Enabled at IRQ 10
[    4.437512] Serial: 8250/16550 driver, 4 ports, IRQ sharing enabled
[    4.438489] 00:03: ttyS0 at I/O 0x3f8 (irq = 4, base_baud = 115200) is a 16550A
[    4.467612] Non-volatile memory driver v1.3
[    4.468380] Linux agpgart interface v0.103
[    4.468983] ACPI: bus type drm_connector registered
[    4.471693] printk: legacy console [hvc0] enabled
[    4.472771] printk: legacy bootconsole [earlyser0] disabled
          _      _                                    
   __   _(_)_ __| |_ _ __ ___   ___       _ __   __ _ 
   \ \ / / |  __| __|  _   _ \ / _ \_____|  _ \ / _  |
    \ V /| | |  | |_| | | | | |  __/_____| | | | (_| |
     \_/ |_|_|   \__|_| |_| |_|\___|     |_| |_|\__  |
                                                |___/ 
   kernel version: 6.11.0-rc2-virtme x86_64
   (CTRL+d to exit)

root@virtme-ng:/nipa-data/kernel# PS1='xx__-> '
xx__-> env
PWD=/nipa-data/kernel
nr_open=1048576
HOME=/
TERM=xterm
SHLVL=2
XDG_RUNTIME_DIR=/run/user/0
PATH=/bin:/sbin:/usr/bin:/usr/sbin:/usr/local/bin
OLDPWD=/
_=/bin/env
xx__-> 