No EFI environment detected.
early console in extract_kernel
input_data: 0x0000000004ab62c4
input_len: 0x00000000018f4e03
output: 0x0000000001000000
output_len: 0x0000000005337418
kernel_total_size: 0x0000000005030000
needed_size: 0x0000000005400000
trampoline_32bit: 0x0000000000000000
Physical KASLR using RDRAND RDTSC...
Virtual KASLR using RDRAND RDTSC...

Decompressing Linux... Parsing ELF... Performing relocations... done.
Booting the kernel (entry_offset: 0x0000000000000000).
[    0.000000] Linux version 6.12.0-virtme (root@eff28f8e2d09) (gcc (Ubuntu 13.2.0-23ubuntu4) 13.2.0, GNU ld (GNU Binutils for Ubuntu) 2.42) #1 SMP PREEMPT_DYNAMIC Fri Nov 29 15:27:08 UTC 2024
[    0.000000] Command line: virtme_hostname=virtme-ng nr_open=1048576 virtme_link_mods=/nipa-data/kernel/.virtme_mods/lib/modules/0.0.0 virtme_initmount0=nipa-data/kernel virtme_rw_overlay0=/etc virtme_rw_overlay1=/lib virtme_rw_overlay2=/home virtme_rw_overlay3=/opt virtme_rw_overlay4=/srv virtme_rw_overlay5=/usr virtme_rw_overlay6=/var console=hvc0 earlyprintk=serial,ttyS0,115200 virtme_console=ttyS0 psmouse.proto=exps TERM=xterm virtme_chdir=nipa-data/kernel virtme_root_user=1 rootfstype=9p rootflags=version=9p2000.L,trans=virtio,access=any raid=noautodetect ro init=/usr/lib/python3/dist-packages/virtme/guest/virtme-init
[    0.000000] BIOS-provided physical RAM map:
[    0.000000] BIOS-e820: [mem 0x0000000000000000-0x000000000009fbff] usable
[    0.000000] BIOS-e820: [mem 0x000000000009fc00-0x000000000009ffff] reserved
[    0.000000] BIOS-e820: [mem 0x00000000000f0000-0x00000000000fffff] reserved
[    0.000000] BIOS-e820: [mem 0x0000000000100000-0x000000003ffdffff] usable
[    0.000000] BIOS-e820: [mem 0x000000003ffe0000-0x000000003fffffff] reserved
[    0.000000] BIOS-e820: [mem 0x00000000feffc000-0x00000000feffffff] reserved
[    0.000000] BIOS-e820: [mem 0x00000000fffc0000-0x00000000ffffffff] reserved
[    0.000000] BIOS-e820: [mem 0x000000fd00000000-0x000000ffffffffff] reserved
[    0.000000] printk: legacy bootconsole [earlyser0] enabled
[    0.000000] NX (Execute Disable) protection: active
[    0.000000] APIC: Static calls initialized
[    0.000000] SMBIOS 3.0.0 present.
[    0.000000] DMI: QEMU Ubuntu 24.04 PC (i440FX + PIIX, 1996), BIOS 1.16.3-debian-1.16.3-2 04/01/2014
[    0.000000] DMI: Memory slots populated: 1/1
[    0.000000] Hypervisor detected: KVM
[    0.000000] kvm-clock: Using msrs 4b564d01 and 4b564d00
[    0.000000] kvm-clock: using sched offset of 302711184 cycles
[    0.000365] clocksource: kvm-clock: mask: 0xffffffffffffffff max_cycles: 0x1cd42e4dffb, max_idle_ns: 881590591483 ns
[    0.001499] tsc: Detected 4491.556 MHz processor
[    0.002147] last_pfn = 0x3ffe0 max_arch_pfn = 0x400000000
[    0.002546] MTRR map: 4 entries (3 fixed + 1 variable; max 19), built from 8 variable MTRRs
[    0.003127] x86/PAT: Configuration [0-7]: WB  WC  UC- UC  WB  WP  UC- WT  
[    0.005031] found SMP MP-table at [mem 0x000f5470-0x000f547f]
[    0.005435] Using GB pages for direct mapping
[    0.005928] ACPI: Early table checksum verification disabled
[    0.006326] ACPI: RSDP 0x00000000000F5290 000014 (v00 BOCHS )
[    0.006726] ACPI: RSDT 0x000000003FFE27BC 000034 (v01 BOCHS  BXPC     00000001 BXPC 00000001)
[    0.007324] ACPI: FACP 0x000000003FFE2578 000074 (v01 BOCHS  BXPC     00000001 BXPC 00000001)
[    0.007918] ACPI: DSDT 0x000000003FFE0040 002538 (v01 BOCHS  BXPC     00000001 BXPC 00000001)
[    0.008514] ACPI: FACS 0x000000003FFE0000 000040
[    0.008838] ACPI: APIC 0x000000003FFE25EC 000170 (v03 BOCHS  BXPC     00000001 BXPC 00000001)
[    0.009430] ACPI: HPET 0x000000003FFE275C 000038 (v01 BOCHS  BXPC     00000001 BXPC 00000001)
[    0.010021] ACPI: WAET 0x000000003FFE2794 000028 (v01 BOCHS  BXPC     00000001 BXPC 00000001)
[    0.010612] ACPI: Reserving FACP table memory at [mem 0x3ffe2578-0x3ffe25eb]
[    0.011101] ACPI: Reserving DSDT table memory at [mem 0x3ffe0040-0x3ffe2577]
[    0.011592] ACPI: Reserving FACS table memory at [mem 0x3ffe0000-0x3ffe003f]
[    0.012079] ACPI: Reserving APIC table memory at [mem 0x3ffe25ec-0x3ffe275b]
[    0.012566] ACPI: Reserving HPET table memory at [mem 0x3ffe275c-0x3ffe2793]
[    0.013056] ACPI: Reserving WAET table memory at [mem 0x3ffe2794-0x3ffe27bb]
[    0.013730] No NUMA configuration found
[    0.013995] Faking a node at [mem 0x0000000000000000-0x000000003ffdffff]
[    0.014460] NODE_DATA(0) allocated [mem 0x3ffdb780-0x3ffdffff]
[    0.014877] Zone ranges:
[    0.015053]   DMA      [mem 0x0000000000001000-0x0000000000ffffff]
[    0.015481]   DMA32    [mem 0x0000000001000000-0x000000003ffdffff]
[    0.015908]   Normal   empty
[    0.016108]   Device   empty
[    0.016308] Movable zone start for each node
[    0.016602] Early memory node ranges
[    0.016851]   node   0: [mem 0x0000000000001000-0x000000000009efff]
[    0.017284]   node   0: [mem 0x0000000000100000-0x000000003ffdffff]
[    0.017717] Initmem setup node 0 [mem 0x0000000000001000-0x000000003ffdffff]
[    0.018208] On node 0, zone DMA: 1 pages in unavailable ranges
[    0.018663] On node 0, zone DMA: 97 pages in unavailable ranges
[    0.023111] On node 0, zone DMA32: 32 pages in unavailable ranges
[    0.031978] kasan: KernelAddressSanitizer initialized
[    0.032556] ACPI: PM-Timer IO Port: 0x608
[    0.032854] ACPI: LAPIC_NMI (acpi_id[0xff] dfl dfl lint[0x1])
[    0.033272] IOAPIC[0]: apic_id 0, version 17, address 0xfec00000, GSI 0-23
[    0.033749] ACPI: INT_SRC_OVR (bus 0 bus_irq 0 global_irq 2 dfl dfl)
[    0.034189] ACPI: INT_SRC_OVR (bus 0 bus_irq 5 global_irq 5 high level)
[    0.034647] ACPI: INT_SRC_OVR (bus 0 bus_irq 9 global_irq 9 high level)
[    0.035104] ACPI: INT_SRC_OVR (bus 0 bus_irq 10 global_irq 10 high level)
[    0.035574] ACPI: INT_SRC_OVR (bus 0 bus_irq 11 global_irq 11 high level)
[    0.036045] ACPI: Using ACPI (MADT) for SMP configuration information
[    0.036490] ACPI: HPET id: 0x8086a201 base: 0xfed00000
[    0.036850] TSC deadline timer available
[    0.037124] CPU topo: Max. logical packages:   1
[    0.037444] CPU topo: Max. logical dies:       1
[    0.037763] CPU topo: Max. dies per package:   1
[    0.038085] CPU topo: Max. threads per core:   1
[    0.038405] CPU topo: Num. cores per package:    32
[    0.038743] CPU topo: Num. threads per package:  32
[    0.039079] CPU topo: Allowing 32 present CPUs plus 0 hotplug CPUs
[    0.039519] kvm-guest: APIC: eoi() replaced with kvm_guest_apic_eoi_write()
[    0.040011] kvm-guest: KVM setup pv remote TLB flush
[    0.040355] kvm-guest: setup PV sched yield
[    0.040650] PM: hibernation: Registered nosave memory: [mem 0x00000000-0x00000fff]
[    0.041177] PM: hibernation: Registered nosave memory: [mem 0x0009f000-0x0009ffff]
[    0.041700] PM: hibernation: Registered nosave memory: [mem 0x000a0000-0x000effff]
[    0.042222] PM: hibernation: Registered nosave memory: [mem 0x000f0000-0x000fffff]
[    0.042746] [mem 0x40000000-0xfeffbfff] available for PCI devices
[    0.043168] Booting paravirtualized kernel on KVM
[    0.043494] clocksource: refined-jiffies: mask: 0xffffffff max_cycles: 0xffffffff, max_idle_ns: 1910969940391419 ns
[    0.052127] setup_percpu: NR_CPUS:64 nr_cpumask_bits:32 nr_cpu_ids:32 nr_node_ids:1
[    0.053919] percpu: Embedded 70 pages/cpu s247896 r8192 d30632 u524288
[    0.054445] Kernel command line: virtme_hostname=virtme-ng nr_open=1048576 virtme_link_mods=/nipa-data/kernel/.virtme_mods/lib/modules/0.0.0 virtme_initmount0=nipa-data/kernel virtme_rw_overlay0=/etc virtme_rw_overlay1=/lib virtme_rw_overlay2=/home virtme_rw_overlay3=/opt virtme_rw_overlay4=/srv virtme_rw_overlay5=/usr virtme_rw_overlay6=/var console=hvc0 earlyprintk=serial,ttyS0,115200 virtme_console=ttyS0 psmouse.proto=exps TERM=xterm virtme_chdir=nipa-data/kernel virtme_root_user=1 rootfstype=9p rootflags=version=9p2000.L,trans=virtio,access=any raid=noautodetect ro init=/usr/lib/python3/dist-packages/virtme/guest/virtme-init
[    0.058554] Unknown kernel command line parameters "virtme_hostname=virtme-ng nr_open=1048576 virtme_link_mods=/nipa-data/kernel/.virtme_mods/lib/modules/0.0.0 virtme_initmount0=nipa-data/kernel virtme_rw_overlay0=/etc virtme_rw_overlay1=/lib virtme_rw_overlay2=/home virtme_rw_overlay3=/opt virtme_rw_overlay4=/srv virtme_rw_overlay5=/usr virtme_rw_overlay6=/var virtme_console=ttyS0 virtme_chdir=nipa-data/kernel virtme_root_user=1", will be passed to user space.
[    0.061685] random: crng init done
[    0.061929] printk: log buffer data + meta data: 262144 + 917504 = 1179648 bytes
[    0.062494] Dentry cache hash table entries: 131072 (order: 8, 1048576 bytes, linear)
[    0.063079] Inode-cache hash table entries: 65536 (order: 7, 524288 bytes, linear)
[    0.064049] Fallback order for Node 0: 0 
[    0.064053] Built 1 zonelists, mobility grouping on.  Total pages: 262014
[    0.064830] Policy zone: DMA32
[    0.065049] mem auto-init: stack:all(zero), heap alloc:off, heap free:off
[    0.065533] stackdepot: allocating hash table via alloc_large_system_hash
[    0.066020] stackdepot hash table entries: 1048576 (order: 12, 16777216 bytes, linear)
[    0.074037] SLUB: HWalign=64, Order=0-3, MinObjects=0, CPUs=32, Nodes=1
Poking KASLR using RDRAND RDTSC...
[    0.074810] ftrace: allocating 48848 entries in 191 pages
[    0.091982] ftrace: allocated 191 pages with 7 groups
[    0.093186] Dynamic Preempt: voluntary
[    0.093888] rcu: Preemptible hierarchical RCU implementation.
[    0.094296] rcu: RCU event tracing is enabled.
[    0.094616] rcu: RCU restricting CPUs from NR_CPUS=64 to nr_cpu_ids=32.
[    0.095091] Trampoline variant of Tasks RCU enabled.
[    0.095448] Rude variant of Tasks RCU enabled.
[    0.095769] Tracing variant of Tasks RCU enabled.
[    0.096108] rcu: RCU calculated value of scheduler-enlistment delay is 100 jiffies.
[    0.096650] rcu: Adjusting geometry for rcu_fanout_leaf=16, nr_cpu_ids=32
[    0.097198] RCU Tasks: Setting shift to 5 and lim to 1 rcu_task_cb_adjust=1 rcu_task_cpu_ids=32.
[    0.097824] RCU Tasks Rude: Setting shift to 5 and lim to 1 rcu_task_cb_adjust=1 rcu_task_cpu_ids=32.
[    0.098481] RCU Tasks Trace: Setting shift to 5 and lim to 1 rcu_task_cb_adjust=1 rcu_task_cpu_ids=32.
[    0.107255] NR_IRQS: 4352, nr_irqs: 680, preallocated irqs: 16
[    0.107920] rcu: srcu_init: Setting srcu_struct sizes based on contention.
[    0.108623] Console: colour *CGA 80x25
[    0.108924] ACPI: Core revision 20240827
[    0.109354] clocksource: hpet: mask: 0xffffffff max_cycles: 0xffffffff, max_idle_ns: 19112604467 ns
[    0.110065] APIC: Switch to symmetric I/O mode setup
[    0.110444] kvm-guest: APIC: send_IPI_mask() replaced with kvm_send_ipi_mask()
[    0.110959] kvm-guest: APIC: send_IPI_mask_allbutself() replaced with kvm_send_ipi_mask_allbutself()
[    0.111595] kvm-guest: setup PV IPIs
[    0.112680] ..TIMER: vector=0x30 apic1=0 pin1=2 apic2=-1 pin2=-1
[    0.113462] clocksource: tsc-early: mask: 0xffffffffffffffff max_cycles: 0x40be400eb43, max_idle_ns: 440795366972 ns
[    0.114788] Calibrating delay loop (skipped) preset value.. 8983.11 BogoMIPS (lpj=4491556)
[    0.115852] x86/cpu: User Mode Instruction Prevention (UMIP) activated
[    0.116847] Last level iTLB entries: 4KB 512, 2MB 255, 4MB 127
[    0.117786] Last level dTLB entries: 4KB 512, 2MB 255, 4MB 127, 1GB 0
[    0.118791] Spectre V1 : Mitigation: usercopy/swapgs barriers and __user pointer sanitization
[    0.119790] Spectre V2 : Mitigation: Enhanced / Automatic IBRS
[    0.120786] Spectre V2 : Spectre v2 / SpectreRSB mitigation: Filling RSB on context switch
[    0.121788] Spectre V2 : mitigation: Enabling conditional Indirect Branch Prediction Barrier
[    0.122788] Speculative Store Bypass: Mitigation: Speculative Store Bypass disabled via prctl
[    0.123786] Speculative Return Stack Overflow: IBPB-extending microcode not applied!
[    0.124786] Speculative Return Stack Overflow: WARNING: See https://kernel.org/doc/html/latest/admin-guide/hw-vuln/srso.html for mitigation options.
[    0.124787] Speculative Return Stack Overflow: Vulnerable: Safe RET, no microcode
[    0.126801] x86/fpu: Supporting XSAVE feature 0x001: 'x87 floating point registers'
[    0.127786] x86/fpu: Supporting XSAVE feature 0x002: 'SSE registers'
[    0.128786] x86/fpu: Supporting XSAVE feature 0x004: 'AVX registers'
[    0.129786] x86/fpu: Supporting XSAVE feature 0x020: 'AVX-512 opmask'
[    0.130786] x86/fpu: Supporting XSAVE feature 0x040: 'AVX-512 Hi256'
[    0.131552] x86/fpu: Supporting XSAVE feature 0x080: 'AVX-512 ZMM_Hi256'
[    0.131786] x86/fpu: Supporting XSAVE feature 0x200: 'Protection Keys User registers'
[    0.132786] x86/fpu: xstate_offset[2]:  576, xstate_sizes[2]:  256
[    0.133786] x86/fpu: xstate_offset[5]:  832, xstate_sizes[5]:   64
[    0.134786] x86/fpu: xstate_offset[6]:  896, xstate_sizes[6]:  512
[    0.135530] x86/fpu: xstate_offset[7]: 1408, xstate_sizes[7]: 1024
[    0.135786] x86/fpu: xstate_offset[9]: 2432, xstate_sizes[9]:    8
[    0.136786] x86/fpu: Enabled xstate features 0x2e7, context size is 2440 bytes, using 'compacted' format.
[    0.158548] Freeing SMP alternatives memory: 40K
[    0.158788] pid_max: default: 32768 minimum: 301
[    0.159809] Mount-cache hash table entries: 2048 (order: 2, 16384 bytes, linear)
[    0.160701] Mountpoint-cache hash table entries: 2048 (order: 2, 16384 bytes, linear)
[    0.162277] smpboot: CPU0: AMD Ryzen 9 7950X 16-Core Processor (family: 0x19, model: 0x61, stepping: 0x2)
[    0.163233] Performance Events: Fam17h+ core perfctr, AMD PMU driver.
[    0.163791] ... version:                0
[    0.164273] ... bit width:              48
[    0.164769] ... generic registers:      6
[    0.164788] ... value mask:             0000ffffffffffff
[    0.165428] ... max period:             00007fffffffffff
[    0.165788] ... fixed-purpose events:   0
[    0.166271] ... event mask:             000000000000003f
[    0.166895] signal: max sigframe size: 3376
[    0.167441] rcu: Hierarchical SRCU implementation.
[    0.167788] rcu: Max phase no-delay instances is 400.
[    0.168479] Timer migration: 2 hierarchy levels; 8 children per group; 2 crossnode level
[    0.172471] smp: Bringing up secondary CPUs ...
[    0.172964] smpboot: x86: Booting SMP configuration:
[    0.173563] .... node  #0, CPUs:        #1  #2  #3  #4  #5  #6  #7  #8  #9 #10 #11 #12 #13 #14 #15 #16 #17 #18 #19 #20 #21 #22 #23 #24 #25 #26 #27 #28 #29 #30 #31
[    0.201886] smp: Brought up 1 node, 32 CPUs
[    0.203301] smpboot: Total of 32 processors activated (287459.58 BogoMIPS)
[    0.206916] Memory: 763400K/1048056K available (45056K kernel code, 11454K rwdata, 10072K rodata, 6040K init, 1656K bss, 269012K reserved, 0K cma-reserved)
[    0.207901] devtmpfs: initialized
[    0.208358] x86/mm: Memory block size: 128MB
[    0.214465] clocksource: jiffies: mask: 0xffffffff max_cycles: 0xffffffff, max_idle_ns: 1911260446275000 ns
[    0.214793] futex hash table entries: 8192 (order: 7, 524288 bytes, linear)
[    0.215980] PM: RTC time: 15:27:32, date: 2024-11-29
[    0.217279] NET: Registered PF_NETLINK/PF_ROUTE protocol family
[    0.218605] thermal_sys: Registered thermal governor 'step_wise'
[    0.218607] thermal_sys: Registered thermal governor 'user_space'
[    0.218814] cpuidle: using governor menu
[    0.221062] PCI: Using configuration type 1 for base access
[    0.221749] PCI: Using configuration type 1 for extended access
[    0.221912] kprobes: kprobe jump-optimization is enabled. All kprobes are optimized if possible.
[    0.236968] HugeTLB: registered 1.00 GiB page size, pre-allocated 0 pages
[    0.237789] HugeTLB: 16380 KiB vmemmap can be freed for a 1.00 GiB page
[    0.238601] HugeTLB: registered 2.00 MiB page size, pre-allocated 0 pages
[    0.239788] HugeTLB: 28 KiB vmemmap can be freed for a 2.00 MiB page
[    0.241107] ACPI: Added _OSI(Module Device)
[    0.241623] ACPI: Added _OSI(Processor Device)
[    0.241788] ACPI: Added _OSI(3.0 _SCP Extensions)
[    0.242362] ACPI: Added _OSI(Processor Aggregator Device)
[    0.264355] ACPI: 1 ACPI AML tables successfully acquired and loaded
[    0.269566] ACPI: Interpreter enabled
[    0.269844] ACPI: PM: (supports S0 S3 S4 S5)
[    0.270361] ACPI: Using IOAPIC for interrupt routing
[    0.270834] PCI: Using host bridge windows from ACPI; if necessary, use "pci=nocrs" and report a bug
[    0.271788] PCI: Using E820 reservations for host bridge windows
[    0.273513] ACPI: Enabled 2 GPEs in block 00 to 0F
[    0.318607] ACPI: PCI Root Bridge [PCI0] (domain 0000 [bus 00-ff])
[    0.318801] acpi PNP0A03:00: _OSC: OS supports [ExtendedConfig ASPM ClockPM Segments MSI HPX-Type3]
[    0.320257] PCI host bridge to bus 0000:00
[    0.320812] pci_bus 0000:00: root bus resource [io  0x0000-0x0cf7 window]
[    0.321641] pci_bus 0000:00: root bus resource [io  0x0d00-0xffff window]
[    0.322791] pci_bus 0000:00: root bus resource [mem 0x000a0000-0x000bffff window]
[    0.323706] pci_bus 0000:00: root bus resource [mem 0x40000000-0xfebfffff window]
[    0.324791] pci_bus 0000:00: root bus resource [mem 0x100000000-0x17fffffff window]
[    0.325721] pci_bus 0000:00: root bus resource [bus 00-ff]
[    0.325881] pci 0000:00:00.0: [8086:1237] type 00 class 0x060000 conventional PCI endpoint
[    0.328598] pci 0000:00:01.0: [8086:7000] type 00 class 0x060100 conventional PCI endpoint
[    0.329640] pci 0000:00:01.1: [8086:7010] type 00 class 0x010180 conventional PCI endpoint
[    0.332442] pci 0000:00:01.1: BAR 4 [io  0xc0c0-0xc0cf]
[    0.334470] pci 0000:00:01.1: BAR 0 [io  0x01f0-0x01f7]: legacy IDE quirk
[    0.334788] pci 0000:00:01.1: BAR 1 [io  0x03f6]: legacy IDE quirk
[    0.335540] pci 0000:00:01.1: BAR 2 [io  0x0170-0x0177]: legacy IDE quirk
[    0.336788] pci 0000:00:01.1: BAR 3 [io  0x0376]: legacy IDE quirk
[    0.338180] pci 0000:00:01.3: [8086:7113] type 00 class 0x068000 conventional PCI endpoint
[    0.339037] pci 0000:00:01.3: quirk: [io  0x0600-0x063f] claimed by PIIX4 ACPI
[    0.339792] pci 0000:00:01.3: quirk: [io  0x0700-0x070f] claimed by PIIX4 SMB
[    0.341431] pci 0000:00:02.0: [1af4:1009] type 00 class 0x000200 conventional PCI endpoint
[    0.343204] pci 0000:00:02.0: BAR 0 [io  0xc000-0xc03f]
[    0.344155] pci 0000:00:02.0: BAR 1 [mem 0xfebfc000-0xfebfcfff]
[    0.346789] pci 0000:00:02.0: BAR 4 [mem 0xfebf0000-0xfebf3fff 64bit pref]
[    0.360346] pci 0000:00:03.0: [1af4:1009] type 00 class 0x000200 conventional PCI endpoint
[    0.361172] pci 0000:00:03.0: BAR 0 [io  0xc040-0xc07f]
[    0.362130] pci 0000:00:03.0: BAR 1 [mem 0xfebfd000-0xfebfdfff]
[    0.363789] pci 0000:00:03.0: BAR 4 [mem 0xfebf4000-0xfebf7fff 64bit pref]
[    0.375668] pci 0000:00:04.0: [8086:25ab] type 00 class 0x088000 conventional PCI endpoint
[    0.376966] pci 0000:00:04.0: BAR 0 [mem 0xfebfe000-0xfebfe00f]
[    0.388816] pci 0000:00:05.0: [1af4:1003] type 00 class 0x078000 conventional PCI endpoint
[    0.390138] pci 0000:00:05.0: BAR 0 [io  0xc080-0xc0bf]
[    0.391943] pci 0000:00:05.0: BAR 1 [mem 0xfebff000-0xfebfffff]
[    0.393521] pci 0000:00:05.0: BAR 4 [mem 0xfebf8000-0xfebfbfff 64bit pref]
[    0.407864] ACPI: PCI: Interrupt link LNKA configured for IRQ 10
[    0.409479] ACPI: PCI: Interrupt link LNKB configured for IRQ 10
[    0.410651] ACPI: PCI: Interrupt link LNKC configured for IRQ 11
[    0.412641] ACPI: PCI: Interrupt link LNKD configured for IRQ 11
[    0.413149] ACPI: PCI: Interrupt link LNKS configured for IRQ 9
[    0.430789] iommu: Default domain type: Translated
[    0.431381] iommu: DMA domain TLB invalidation policy: lazy mode
[    0.433218] SCSI subsystem initialized
[    0.434094] pps_core: LinuxPPS API ver. 1 registered
[    0.434704] pps_core: Software ver. 5.3.6 - Copyright 2005-2007 Rodolfo Giometti <giometti@linux.it>
[    0.435802] PTP clock support registered
[    0.436901] Advanced Linux Sound Architecture Driver Initialized.
[    0.437815] NET: Registered PF_ATMPVC protocol family
[    0.438437] NET: Registered PF_ATMSVC protocol family
[    0.439823] PCI: Using ACPI for IRQ routing
[    0.440456] vgaarb: loaded
[    0.440902] hpet0: at MMIO 0xfed00000, IRQs 2, 8, 0
[    0.441503] hpet0: 3 comparators, 64-bit 100.000000 MHz counter
[    0.444998] clocksource: Switched to clocksource kvm-clock
[    0.445963] VFS: Disk quotas dquot_6.6.0
[    0.446463] VFS: Dquot-cache hash table entries: 512 (order 0, 4096 bytes)
[    0.447961] pnp: PnP ACPI init
[    0.450548] pnp: PnP ACPI: found 5 devices
[    0.462145] clocksource: acpi_pm: mask: 0xffffff max_cycles: 0xffffff, max_idle_ns: 2085701024 ns
[    0.463279] NET: Registered PF_INET protocol family
[    0.463926] IP idents hash table entries: 16384 (order: 5, 131072 bytes, linear)
[    0.465213] tcp_listen_portaddr_hash hash table entries: 512 (order: 1, 8192 bytes, linear)
[    0.466235] Table-perturb hash table entries: 65536 (order: 6, 262144 bytes, linear)
[    0.467181] TCP established hash table entries: 8192 (order: 4, 65536 bytes, linear)
[    0.468134] TCP bind hash table entries: 8192 (order: 6, 262144 bytes, linear)
[    0.469103] TCP: Hash tables configured (established 8192 bind 8192)
[    0.470020] UDP hash table entries: 512 (order: 3, 32768 bytes, linear)
[    0.470860] UDP-Lite hash table entries: 512 (order: 3, 32768 bytes, linear)
[    0.471918] NET: Registered PF_UNIX/PF_LOCAL protocol family
[    0.472621] pci_bus 0000:00: resource 4 [io  0x0000-0x0cf7 window]
[    0.473364] pci_bus 0000:00: resource 5 [io  0x0d00-0xffff window]
[    0.474110] pci_bus 0000:00: resource 6 [mem 0x000a0000-0x000bffff window]
[    0.474944] pci_bus 0000:00: resource 7 [mem 0x40000000-0xfebfffff window]
[    0.475775] pci_bus 0000:00: resource 8 [mem 0x100000000-0x17fffffff window]
[    0.476811] pci 0000:00:01.0: PIIX3: Enabling Passive Release
[    0.477507] pci 0000:00:00.0: Limiting direct PCI/PCI transfers
[    0.478255] PCI: CLS 0 bytes, default 64
[    0.478799] kvm_intel: VMX not supported by CPU 16
[    0.479528] kvm_amd: TSC scaling supported
[    0.480023] kvm_amd: Nested Virtualization enabled
[    0.480611] kvm_amd: Nested Paging enabled
[    0.481103] kvm_amd: LBR virtualization supported
[    0.481684] kvm_amd: Virtual GIF supported
[    0.482185] kvm_amd: Virtual NMI enabled
[    0.514340] clocksource: tsc: mask: 0xffffffffffffffff max_cycles: 0x40be400eb43, max_idle_ns: 440795366972 ns
[    0.533250] Initialise system trusted keyrings
[    0.534171] workingset: timestamp_bits=56 max_order=18 bucket_order=0
[    0.535065] squashfs: version 4.0 (2009/01/31) Phillip Lougher
[    0.535796] fuse: init (API version 7.41)
[    0.536421] 9p: Installing v9fs 9p2000 file system support
[    0.545949] Key type asymmetric registered
[    0.546459] Asymmetric key parser 'x509' registered
[    0.547108] Block layer SCSI generic (bsg) driver version 0.4 loaded (major 249)
[    0.548042] io scheduler mq-deadline registered
[    0.548600] io scheduler kyber registered
[    0.551262] input: Power Button as /devices/LNXSYSTM:00/LNXPWRBN:00/input/input0
[    0.552425] ACPI: button: Power Button [PWRF]
[    0.554272] Warning: Processor Platform Limit event detected, but not handled.
[    0.555164] Consider compiling CPUfreq support into your kernel.
[    1.333572] ACPI: \_SB_.LNKB: Enabled at IRQ 10
[    2.116722] ACPI: \_SB_.LNKC: Enabled at IRQ 11
[    2.907127] ACPI: \_SB_.LNKA: Enabled at IRQ 10
[    2.908505] Serial: 8250/16550 driver, 4 ports, IRQ sharing enabled
[    2.909608] 00:03: ttyS0 at I/O 0x3f8 (irq = 4, base_baud = 115200) is a 16550A
[    2.932735] Non-volatile memory driver v1.3
[    2.933255] Linux agpgart interface v0.103
[    2.933956] ACPI: bus type drm_connector registered
[    2.934594] printk: legacy console [hvc0] enabled
[    2.935192] printk: legacy bootconsole [earlyser0] disabled
          _      _                                    
   __   _(_)_ __| |_ _ __ ___   ___       _ __   __ _ 
   \ \ / / |  __| __|  _   _ \ / _ \_____|  _ \ / _  |
    \ V /| | |  | |_| | | | | |  __/_____| | | | (_| |
     \_/ |_|_|   \__|_| |_| |_|\___|     |_| |_|\__  |
                                                |___/ 
   kernel version: 6.12.0-virtme x86_64
   (CTRL+d to exit)

root@virtme-ng:/nipa-data/kernel# PS1='xx__-> '
xx__-> env
PWD=/nipa-data/kernel
nr_open=1048576
HOME=/
TERM=xterm
SHLVL=2
XDG_RUNTIME_DIR=/run/user/0
PATH=/bin:/sbin:/usr/bin:/usr/sbin:/usr/local/bin
OLDPWD=/
_=/bin/env
xx__-> 