No EFI environment detected.
early console in extract_kernel
input_data: 0x0000000002be82c4
input_len: 0x0000000000b6e17a
output: 0x0000000001000000
output_len: 0x000000000270ef58
kernel_total_size: 0x0000000002430000
needed_size: 0x0000000002800000
trampoline_32bit: 0x0000000000000000
Physical KASLR using RDRAND RDTSC...
Virtual KASLR using RDRAND RDTSC...

Decompressing Linux... Parsing ELF... Performing relocations... done.
Booting the kernel (entry_offset: 0x0000000000000000).
[    0.000000] Linux version 6.12.0-rc3-virtme (root@a3741177f926) (gcc (Ubuntu 13.2.0-23ubuntu4) 13.2.0, GNU ld (GNU Binutils for Ubuntu) 2.42) #1 SMP PREEMPT_DYNAMIC Thu Oct 24 06:06:07 UTC 2024
[    0.000000] Command line: virtme_hostname=virtme-ng nr_open=1048576 virtme_link_mods=/nipa-data/kernel/.virtme_mods/lib/modules/0.0.0 virtme_initmount0=nipa-data/kernel virtme_rw_overlay0=/etc virtme_rw_overlay1=/lib virtme_rw_overlay2=/home virtme_rw_overlay3=/opt virtme_rw_overlay4=/srv virtme_rw_overlay5=/usr virtme_rw_overlay6=/var console=hvc0 earlyprintk=serial,ttyS0,115200 virtme_console=ttyS0 psmouse.proto=exps TERM=xterm virtme_chdir=nipa-data/kernel virtme_root_user=1 rootfstype=9p rootflags=version=9p2000.L,trans=virtio,access=any raid=noautodetect ro init=/usr/lib/python3/dist-packages/virtme/guest/virtme-init
[    0.000000] BIOS-provided physical RAM map:
[    0.000000] BIOS-e820: [mem 0x0000000000000000-0x000000000009fbff] usable
[    0.000000] BIOS-e820: [mem 0x000000000009fc00-0x000000000009ffff] reserved
[    0.000000] BIOS-e820: [mem 0x00000000000f0000-0x00000000000fffff] reserved
[    0.000000] BIOS-e820: [mem 0x0000000000100000-0x000000003ffdffff] usable
[    0.000000] BIOS-e820: [mem 0x000000003ffe0000-0x000000003fffffff] reserved
[    0.000000] BIOS-e820: [mem 0x00000000feffc000-0x00000000feffffff] reserved
[    0.000000] BIOS-e820: [mem 0x00000000fffc0000-0x00000000ffffffff] reserved
[    0.000000] BIOS-e820: [mem 0x000000fd00000000-0x000000ffffffffff] reserved
[    0.000000] printk: legacy bootconsole [earlyser0] enabled
[    0.000000] NX (Execute Disable) protection: active
[    0.000000] APIC: Static calls initialized
[    0.000000] SMBIOS 3.0.0 present.
[    0.000000] DMI: QEMU Ubuntu 24.04 PC (i440FX + PIIX, 1996), BIOS 1.16.3-debian-1.16.3-2 04/01/2014
[    0.000000] DMI: Memory slots populated: 1/1
[    0.000000] Hypervisor detected: KVM
[    0.000000] kvm-clock: Using msrs 4b564d01 and 4b564d00
[    0.000000] kvm-clock: using sched offset of 193592608 cycles
[    0.000341] clocksource: kvm-clock: mask: 0xffffffffffffffff max_cycles: 0x1cd42e4dffb, max_idle_ns: 881590591483 ns
[    0.001399] tsc: Detected 4491.560 MHz processor
[    0.001950] last_pfn = 0x3ffe0 max_arch_pfn = 0x400000000
[    0.002324] MTRR map: 4 entries (3 fixed + 1 variable; max 19), built from 8 variable MTRRs
[    0.002869] x86/PAT: Configuration [0-7]: WB  WC  UC- UC  WB  WP  UC- WT  
Memory KASLR using RDRAND RDTSC...
[    0.004759] found SMP MP-table at [mem 0x000f5470-0x000f547f]
[    0.005138] Using GB pages for direct mapping
[    0.005489] ACPI: Early table checksum verification disabled
[    0.005859] ACPI: RSDP 0x00000000000F5290 000014 (v00 BOCHS )
[    0.006234] ACPI: RSDT 0x000000003FFE27BC 000034 (v01 BOCHS  BXPC     00000001 BXPC 00000001)
[    0.006792] ACPI: FACP 0x000000003FFE2578 000074 (v01 BOCHS  BXPC     00000001 BXPC 00000001)
[    0.007349] ACPI: DSDT 0x000000003FFE0040 002538 (v01 BOCHS  BXPC     00000001 BXPC 00000001)
[    0.007905] ACPI: FACS 0x000000003FFE0000 000040
[    0.008209] ACPI: APIC 0x000000003FFE25EC 000170 (v03 BOCHS  BXPC     00000001 BXPC 00000001)
[    0.008766] ACPI: HPET 0x000000003FFE275C 000038 (v01 BOCHS  BXPC     00000001 BXPC 00000001)
[    0.009322] ACPI: WAET 0x000000003FFE2794 000028 (v01 BOCHS  BXPC     00000001 BXPC 00000001)
[    0.009877] ACPI: Reserving FACP table memory at [mem 0x3ffe2578-0x3ffe25eb]
[    0.010336] ACPI: Reserving DSDT table memory at [mem 0x3ffe0040-0x3ffe2577]
[    0.010795] ACPI: Reserving FACS table memory at [mem 0x3ffe0000-0x3ffe003f]
[    0.011254] ACPI: Reserving APIC table memory at [mem 0x3ffe25ec-0x3ffe275b]
[    0.011713] ACPI: Reserving HPET table memory at [mem 0x3ffe275c-0x3ffe2793]
[    0.012173] ACPI: Reserving WAET table memory at [mem 0x3ffe2794-0x3ffe27bb]
[    0.012758] No NUMA configuration found
[    0.013008] Faking a node at [mem 0x0000000000000000-0x000000003ffdffff]
[    0.013444] NODE_DATA(0) allocated [mem 0x3ffdb780-0x3ffdffff]
[    0.013833] Zone ranges:
[    0.013998]   DMA      [mem 0x0000000000001000-0x0000000000ffffff]
[    0.014400]   DMA32    [mem 0x0000000001000000-0x000000003ffdffff]
[    0.014803]   Normal   empty
[    0.014990]   Device   empty
[    0.015178] Movable zone start for each node
[    0.015459] Early memory node ranges
[    0.015690]   node   0: [mem 0x0000000000001000-0x000000000009efff]
[    0.016098]   node   0: [mem 0x0000000000100000-0x000000003ffdffff]
[    0.016504] Initmem setup node 0 [mem 0x0000000000001000-0x000000003ffdffff]
[    0.016963] On node 0, zone DMA: 1 pages in unavailable ranges
[    0.017349] On node 0, zone DMA: 97 pages in unavailable ranges
[    0.018662] On node 0, zone DMA32: 32 pages in unavailable ranges
[    0.019236] ACPI: PM-Timer IO Port: 0x608
[    0.019505] ACPI: LAPIC_NMI (acpi_id[0xff] dfl dfl lint[0x1])
[    0.019893] IOAPIC[0]: apic_id 0, version 17, address 0xfec00000, GSI 0-23
[    0.020344] ACPI: INT_SRC_OVR (bus 0 bus_irq 0 global_irq 2 dfl dfl)
[    0.020757] ACPI: INT_SRC_OVR (bus 0 bus_irq 5 global_irq 5 high level)
[    0.021187] ACPI: INT_SRC_OVR (bus 0 bus_irq 9 global_irq 9 high level)
[    0.021621] ACPI: INT_SRC_OVR (bus 0 bus_irq 10 global_irq 10 high level)
[    0.022060] ACPI: INT_SRC_OVR (bus 0 bus_irq 11 global_irq 11 high level)
[    0.022501] ACPI: Using ACPI (MADT) for SMP configuration information
[    0.022918] ACPI: HPET id: 0x8086a201 base: 0xfed00000
[    0.023252] TSC deadline timer available
[    0.023508] CPU topo: Max. logical packages:   1
[    0.023807] CPU topo: Max. logical dies:       1
[    0.024108] CPU topo: Max. dies per package:   1
[    0.024409] CPU topo: Max. threads per core:   1
[    0.024708] CPU topo: Num. cores per package:    32
[    0.025024] CPU topo: Num. threads per package:  32
[    0.025340] CPU topo: Allowing 32 present CPUs plus 0 hotplug CPUs
[    0.025746] kvm-guest: APIC: eoi() replaced with kvm_guest_apic_eoi_write()
[    0.026203] kvm-guest: KVM setup pv remote TLB flush
[    0.026526] kvm-guest: setup PV sched yield
[    0.026799] PM: hibernation: Registered nosave memory: [mem 0x00000000-0x00000fff]
[    0.027290] PM: hibernation: Registered nosave memory: [mem 0x0009f000-0x0009ffff]
[    0.027780] PM: hibernation: Registered nosave memory: [mem 0x000a0000-0x000effff]
[    0.028271] PM: hibernation: Registered nosave memory: [mem 0x000f0000-0x000fffff]
[    0.028762] [mem 0x40000000-0xfeffbfff] available for PCI devices
[    0.029156] Booting paravirtualized kernel on KVM
[    0.029465] clocksource: refined-jiffies: mask: 0xffffffff max_cycles: 0xffffffff, max_idle_ns: 1910969940391419 ns
[    0.032825] setup_percpu: NR_CPUS:64 nr_cpumask_bits:32 nr_cpu_ids:32 nr_node_ids:1
[    0.033916] percpu: Embedded 58 pages/cpu s199128 r8192 d30248 u262144
[    0.034375] Kernel command line: virtme_hostname=virtme-ng nr_open=1048576 virtme_link_mods=/nipa-data/kernel/.virtme_mods/lib/modules/0.0.0 virtme_initmount0=nipa-data/kernel virtme_rw_overlay0=/etc virtme_rw_overlay1=/lib virtme_rw_overlay2=/home virtme_rw_overlay3=/opt virtme_rw_overlay4=/srv virtme_rw_overlay5=/usr virtme_rw_overlay6=/var console=hvc0 earlyprintk=serial,ttyS0,115200 virtme_console=ttyS0 psmouse.proto=exps TERM=xterm virtme_chdir=nipa-data/kernel virtme_root_user=1 rootfstype=9p rootflags=version=9p2000.L,trans=virtio,access=any raid=noautodetect ro init=/usr/lib/python3/dist-packages/virtme/guest/virtme-init
[    0.038187] Unknown kernel command line parameters "virtme_hostname=virtme-ng nr_open=1048576 virtme_link_mods=/nipa-data/kernel/.virtme_mods/lib/modules/0.0.0 virtme_initmount0=nipa-data/kernel virtme_rw_overlay0=/etc virtme_rw_overlay1=/lib virtme_rw_overlay2=/home virtme_rw_overlay3=/opt virtme_rw_overlay4=/srv virtme_rw_overlay5=/usr virtme_rw_overlay6=/var virtme_console=ttyS0 virtme_chdir=nipa-data/kernel virtme_root_user=1", will be passed to user space.
[    0.041108] random: crng init done
[    0.041361] Dentry cache hash table entries: 131072 (order: 8, 1048576 bytes, linear)
[    0.041902] Inode-cache hash table entries: 65536 (order: 7, 524288 bytes, linear)
[    0.042488] Fallback order for Node 0: 0 
[    0.042490] Built 1 zonelists, mobility grouping on.  Total pages: 262014
[    0.043210] Policy zone: DMA32
[    0.043413] mem auto-init: stack:all(zero), heap alloc:off, heap free:off
[    0.044403] SLUB: HWalign=64, Order=0-3, MinObjects=0, CPUs=32, Nodes=1
Poking KASLR using RDRAND RDTSC...
[    0.045070] ftrace: allocating 48475 entries in 190 pages
[    0.051697] ftrace: allocated 190 pages with 6 groups
[    0.052580] Dynamic Preempt: voluntary
[    0.052952] rcu: Preemptible hierarchical RCU implementation.
[    0.053334] rcu: RCU event tracing is enabled.
[    0.053633] rcu: RCU restricting CPUs from NR_CPUS=64 to nr_cpu_ids=32.
[    0.054077] Trampoline variant of Tasks RCU enabled.
[    0.054411] Rude variant of Tasks RCU enabled.
[    0.054711] Tracing variant of Tasks RCU enabled.
[    0.055028] rcu: RCU calculated value of scheduler-enlistment delay is 100 jiffies.
[    0.055539] rcu: Adjusting geometry for rcu_fanout_leaf=16, nr_cpu_ids=32
[    0.055999] RCU Tasks: Setting shift to 5 and lim to 1 rcu_task_cb_adjust=1 rcu_task_cpu_ids=32.
[    0.056584] RCU Tasks Rude: Setting shift to 5 and lim to 1 rcu_task_cb_adjust=1 rcu_task_cpu_ids=32.
[    0.057198] RCU Tasks Trace: Setting shift to 5 and lim to 1 rcu_task_cb_adjust=1 rcu_task_cpu_ids=32.
[    0.059157] NR_IRQS: 4352, nr_irqs: 680, preallocated irqs: 16
[    0.059710] rcu: srcu_init: Setting srcu_struct sizes based on contention.
[    0.060301] Console: colour *CGA 80x25
[    0.060556] ACPI: Core revision 20240827
[    0.060877] clocksource: hpet: mask: 0xffffffff max_cycles: 0xffffffff, max_idle_ns: 19112604467 ns
[    0.061529] APIC: Switch to symmetric I/O mode setup
[    0.061878] kvm-guest: APIC: send_IPI_mask() replaced with kvm_send_ipi_mask()
[    0.062355] kvm-guest: APIC: send_IPI_mask_allbutself() replaced with kvm_send_ipi_mask_allbutself()
[    0.062943] kvm-guest: setup PV IPIs
[    0.063895] ..TIMER: vector=0x30 apic1=0 pin1=2 apic2=-1 pin2=-1
[    0.064639] clocksource: tsc-early: mask: 0xffffffffffffffff max_cycles: 0x40be4320a4d, max_idle_ns: 440795288133 ns
[    0.065904] Calibrating delay loop (skipped) preset value.. 8983.12 BogoMIPS (lpj=4491560)
[    0.066960] x86/cpu: User Mode Instruction Prevention (UMIP) activated
[    0.067948] Last level iTLB entries: 4KB 512, 2MB 255, 4MB 127
[    0.068641] Last level dTLB entries: 4KB 512, 2MB 255, 4MB 127, 1GB 0
[    0.068906] Spectre V1 : Mitigation: usercopy/swapgs barriers and __user pointer sanitization
[    0.069906] Spectre V2 : Mitigation: Enhanced / Automatic IBRS
[    0.070903] Spectre V2 : Spectre v2 / SpectreRSB mitigation: Filling RSB on context switch
[    0.071904] Spectre V2 : mitigation: Enabling conditional Indirect Branch Prediction Barrier
[    0.072904] Speculative Store Bypass: Mitigation: Speculative Store Bypass disabled via prctl
[    0.073903] Speculative Return Stack Overflow: IBPB-extending microcode not applied!
[    0.074903] Speculative Return Stack Overflow: WARNING: See https://kernel.org/doc/html/latest/admin-guide/hw-vuln/srso.html for mitigation options.
[    0.074903] Speculative Return Stack Overflow: Vulnerable: Safe RET, no microcode
[    0.076804] x86/fpu: Supporting XSAVE feature 0x001: 'x87 floating point registers'
[    0.076903] x86/fpu: Supporting XSAVE feature 0x002: 'SSE registers'
[    0.077903] x86/fpu: Supporting XSAVE feature 0x004: 'AVX registers'
[    0.078903] x86/fpu: Supporting XSAVE feature 0x020: 'AVX-512 opmask'
[    0.079903] x86/fpu: Supporting XSAVE feature 0x040: 'AVX-512 Hi256'
[    0.080643] x86/fpu: Supporting XSAVE feature 0x080: 'AVX-512 ZMM_Hi256'
[    0.080903] x86/fpu: Supporting XSAVE feature 0x200: 'Protection Keys User registers'
[    0.081903] x86/fpu: xstate_offset[2]:  576, xstate_sizes[2]:  256
[    0.082903] x86/fpu: xstate_offset[5]:  832, xstate_sizes[5]:   64
[    0.083903] x86/fpu: xstate_offset[6]:  896, xstate_sizes[6]:  512
[    0.084621] x86/fpu: xstate_offset[7]: 1408, xstate_sizes[7]: 1024
[    0.084903] x86/fpu: xstate_offset[9]: 2432, xstate_sizes[9]:    8
[    0.085903] x86/fpu: Enabled xstate features 0x2e7, context size is 2440 bytes, using 'compacted' format.
[    0.100500] Freeing SMP alternatives memory: 40K
[    0.100903] pid_max: default: 32768 minimum: 301
[    0.101461] Mount-cache hash table entries: 2048 (order: 2, 16384 bytes, linear)
[    0.101904] Mountpoint-cache hash table entries: 2048 (order: 2, 16384 bytes, linear)
[    0.103035] smpboot: CPU0: AMD Ryzen 9 7950X 16-Core Processor (family: 0x19, model: 0x61, stepping: 0x2)
[    0.104009] Performance Events: Fam17h+ core perfctr, AMD PMU driver.
[    0.104769] ... version:                0
[    0.104905] ... bit width:              48
[    0.105371] ... generic registers:      6
[    0.105826] ... value mask:             0000ffffffffffff
[    0.105904] ... max period:             00007fffffffffff
[    0.106508] ... fixed-purpose events:   0
[    0.106904] ... event mask:             000000000000003f
[    0.107583] signal: max sigframe size: 3376
[    0.107919] rcu: Hierarchical SRCU implementation.
[    0.108466] rcu: Max phase no-delay instances is 400.
[    0.108924] Timer migration: 2 hierarchy levels; 8 children per group; 2 crossnode level
[    0.111890] smp: Bringing up secondary CPUs ...
[    0.111951] smpboot: x86: Booting SMP configuration:
[    0.112516] .... node  #0, CPUs:        #1  #2  #3  #4  #5  #6  #7  #8  #9 #10 #11 #12 #13 #14 #15 #16 #17 #18 #19 #20 #21 #22 #23 #24 #25 #26 #27 #28 #29 #30 #31
[    0.128997] smp: Brought up 1 node, 32 CPUs
[    0.130391] smpboot: Total of 32 processors activated (287459.84 BogoMIPS)
[    0.132917] Memory: 970456K/1048056K available (16384K kernel code, 2455K rwdata, 6280K rodata, 3132K init, 1848K bss, 63176K reserved, 0K cma-reserved)
[    0.133942] devtmpfs: initialized
[    0.134311] x86/mm: Memory block size: 128MB
[    0.135574] clocksource: jiffies: mask: 0xffffffff max_cycles: 0xffffffff, max_idle_ns: 1911260446275000 ns
[    0.135911] futex hash table entries: 8192 (order: 7, 524288 bytes, linear)
[    0.136819] PM: RTC time: 06:06:24, date: 2024-10-24
[    0.137238] NET: Registered PF_NETLINK/PF_ROUTE protocol family
[    0.138015] thermal_sys: Registered thermal governor 'step_wise'
[    0.138016] thermal_sys: Registered thermal governor 'user_space'
[    0.138725] cpuidle: using governor menu
[    0.140080] PCI: Using configuration type 1 for base access
[    0.140910] PCI: Using configuration type 1 for extended access
[    0.141661] kprobes: kprobe jump-optimization is enabled. All kprobes are optimized if possible.
[    0.149174] HugeTLB: registered 1.00 GiB page size, pre-allocated 0 pages
[    0.149905] HugeTLB: 16380 KiB vmemmap can be freed for a 1.00 GiB page
[    0.150733] HugeTLB: registered 2.00 MiB page size, pre-allocated 0 pages
[    0.150904] HugeTLB: 28 KiB vmemmap can be freed for a 2.00 MiB page
[    0.151944] ACPI: Added _OSI(Module Device)
[    0.152464] ACPI: Added _OSI(Processor Device)
[    0.152905] ACPI: Added _OSI(3.0 _SCP Extensions)
[    0.153485] ACPI: Added _OSI(Processor Aggregator Device)
[    0.155557] ACPI: 1 ACPI AML tables successfully acquired and loaded
[    0.158355] ACPI: Interpreter enabled
[    0.158520] ACPI: PM: (supports S0 S3 S4 S5)
[    0.158905] ACPI: Using IOAPIC for interrupt routing
[    0.159525] PCI: Using host bridge windows from ACPI; if necessary, use "pci=nocrs" and report a bug
[    0.160904] PCI: Using E820 reservations for host bridge windows
[    0.161727] ACPI: Enabled 2 GPEs in block 00 to 0F
[    0.165356] ACPI: PCI Root Bridge [PCI0] (domain 0000 [bus 00-ff])
[    0.165907] acpi PNP0A03:00: _OSC: OS supports [ExtendedConfig ASPM ClockPM Segments MSI HPX-Type3]
[    0.166990] PCI host bridge to bus 0000:00
[    0.167503] pci_bus 0000:00: root bus resource [io  0x0000-0x0cf7 window]
[    0.167905] pci_bus 0000:00: root bus resource [io  0x0d00-0xffff window]
[    0.168747] pci_bus 0000:00: root bus resource [mem 0x000a0000-0x000bffff window]
[    0.169905] pci_bus 0000:00: root bus resource [mem 0x40000000-0xfebfffff window]
[    0.170835] pci_bus 0000:00: root bus resource [mem 0x100000000-0x17fffffff window]
[    0.171905] pci_bus 0000:00: root bus resource [bus 00-ff]
[    0.172671] pci 0000:00:00.0: [8086:1237] type 00 class 0x060000 conventional PCI endpoint
[    0.174143] pci 0000:00:01.0: [8086:7000] type 00 class 0x060100 conventional PCI endpoint
[    0.175209] pci 0000:00:01.1: [8086:7010] type 00 class 0x010180 conventional PCI endpoint
[    0.177543] pci 0000:00:01.1: BAR 4 [io  0xc0c0-0xc0cf]
[    0.179184] pci 0000:00:01.1: BAR 0 [io  0x01f0-0x01f7]: legacy IDE quirk
[    0.179905] pci 0000:00:01.1: BAR 1 [io  0x03f6]: legacy IDE quirk
[    0.180674] pci 0000:00:01.1: BAR 2 [io  0x0170-0x0177]: legacy IDE quirk
[    0.181905] pci 0000:00:01.1: BAR 3 [io  0x0376]: legacy IDE quirk
[    0.182755] pci 0000:00:01.3: [8086:7113] type 00 class 0x068000 conventional PCI endpoint
[    0.184135] pci 0000:00:01.3: quirk: [io  0x0600-0x063f] claimed by PIIX4 ACPI
[    0.184909] pci 0000:00:01.3: quirk: [io  0x0700-0x070f] claimed by PIIX4 SMB
[    0.185953] pci 0000:00:02.0: [1af4:1009] type 00 class 0x000200 conventional PCI endpoint
[    0.187274] pci 0000:00:02.0: BAR 0 [io  0xc000-0xc03f]
[    0.188774] pci 0000:00:02.0: BAR 1 [mem 0xfebfc000-0xfebfcfff]
[    0.190905] pci 0000:00:02.0: BAR 4 [mem 0xfebf0000-0xfebf3fff 64bit pref]
[    0.192933] pci 0000:00:03.0: [1af4:1009] type 00 class 0x000200 conventional PCI endpoint
[    0.194860] pci 0000:00:03.0: BAR 0 [io  0xc040-0xc07f]
[    0.196801] pci 0000:00:03.0: BAR 1 [mem 0xfebfd000-0xfebfdfff]
[    0.199905] pci 0000:00:03.0: BAR 4 [mem 0xfebf4000-0xfebf7fff 64bit pref]
[    0.201420] pci 0000:00:04.0: [8086:25ab] type 00 class 0x088000 conventional PCI endpoint
[    0.202041] pci 0000:00:04.0: BAR 0 [mem 0xfebfe000-0xfebfe00f]
[    0.203888] pci 0000:00:05.0: [1af4:1003] type 00 class 0x078000 conventional PCI endpoint
[    0.205253] pci 0000:00:05.0: BAR 0 [io  0xc080-0xc0bf]
[    0.206239] pci 0000:00:05.0: BAR 1 [mem 0xfebff000-0xfebfffff]
[    0.209366] pci 0000:00:05.0: BAR 4 [mem 0xfebf8000-0xfebfbfff 64bit pref]
[    0.210848] ACPI: PCI: Interrupt link LNKA configured for IRQ 10
[    0.212011] ACPI: PCI: Interrupt link LNKB configured for IRQ 10
[    0.212856] ACPI: PCI: Interrupt link LNKC configured for IRQ 11
[    0.213997] ACPI: PCI: Interrupt link LNKD configured for IRQ 11
[    0.214807] ACPI: PCI: Interrupt link LNKS configured for IRQ 9
[    0.215705] iommu: Default domain type: Translated
[    0.216905] iommu: DMA domain TLB invalidation policy: lazy mode
[    0.217693] SCSI subsystem initialized
[    0.217934] pps_core: LinuxPPS API ver. 1 registered
[    0.218551] pps_core: Software ver. 5.3.6 - Copyright 2005-2007 Rodolfo Giometti <giometti@linux.it>
[    0.219906] PTP clock support registered
[    0.220403] Advanced Linux Sound Architecture Driver Initialized.
[    0.221144] NET: Registered PF_ATMPVC protocol family
[    0.221768] NET: Registered PF_ATMSVC protocol family
[    0.222910] PCI: Using ACPI for IRQ routing
[    0.223508] vgaarb: loaded
[    0.223940] hpet0: at MMIO 0xfed00000, IRQs 2, 8, 0
[    0.224544] hpet0: 3 comparators, 64-bit 100.000000 MHz counter
[    0.231065] clocksource: Switched to clocksource kvm-clock
[    0.231787] VFS: Disk quotas dquot_6.6.0
[    0.232293] VFS: Dquot-cache hash table entries: 512 (order 0, 4096 bytes)
[    0.233188] pnp: PnP ACPI init
[    0.233739] pnp: PnP ACPI: found 5 devices
[    0.240896] clocksource: acpi_pm: mask: 0xffffff max_cycles: 0xffffff, max_idle_ns: 2085701024 ns
[    0.242006] NET: Registered PF_INET protocol family
[    0.242620] IP idents hash table entries: 16384 (order: 5, 131072 bytes, linear)
[    0.243669] tcp_listen_portaddr_hash hash table entries: 512 (order: 1, 8192 bytes, linear)
[    0.244703] Table-perturb hash table entries: 65536 (order: 6, 262144 bytes, linear)
[    0.245661] TCP established hash table entries: 8192 (order: 4, 65536 bytes, linear)
[    0.246621] TCP bind hash table entries: 8192 (order: 6, 262144 bytes, linear)
[    0.247611] TCP: Hash tables configured (established 8192 bind 8192)
[    0.248421] UDP hash table entries: 512 (order: 2, 16384 bytes, linear)
[    0.249244] UDP-Lite hash table entries: 512 (order: 2, 16384 bytes, linear)
[    0.250138] NET: Registered PF_UNIX/PF_LOCAL protocol family
[    0.250848] pci_bus 0000:00: resource 4 [io  0x0000-0x0cf7 window]
[    0.251610] pci_bus 0000:00: resource 5 [io  0x0d00-0xffff window]
[    0.252376] pci_bus 0000:00: resource 6 [mem 0x000a0000-0x000bffff window]
[    0.253228] pci_bus 0000:00: resource 7 [mem 0x40000000-0xfebfffff window]
[    0.254080] pci_bus 0000:00: resource 8 [mem 0x100000000-0x17fffffff window]
[    0.254977] pci 0000:00:01.0: PIIX3: Enabling Passive Release
[    0.255686] pci 0000:00:00.0: Limiting direct PCI/PCI transfers
[    0.256455] PCI: CLS 0 bytes, default 64
[    0.256986] kvm_intel: VMX not supported by CPU 30
[    0.257585] kvm_amd: TSC scaling supported
[    0.258096] kvm_amd: Nested Virtualization enabled
[    0.258690] kvm_amd: Nested Paging enabled
[    0.259197] kvm_amd: LBR virtualization supported
[    0.259808] kvm_amd: Virtual VMLOAD VMSAVE supported
[    0.260416] kvm_amd: Virtual GIF supported
[    0.260927] kvm_amd: Virtual NMI enabled
[    0.288496] clocksource: tsc: mask: 0xffffffffffffffff max_cycles: 0x40be4320a4d, max_idle_ns: 440795288133 ns
[    0.295079] Initialise system trusted keyrings
[    0.295796] workingset: timestamp_bits=56 max_order=18 bucket_order=0
[    0.296623] squashfs: version 4.0 (2009/01/31) Phillip Lougher
[    0.297370] fuse: init (API version 7.41)
[    0.297917] 9p: Installing v9fs 9p2000 file system support
[    0.304948] Key type asymmetric registered
[    0.305463] Asymmetric key parser 'x509' registered
[    0.306086] Block layer SCSI generic (bsg) driver version 0.4 loaded (major 249)
[    0.307029] io scheduler mq-deadline registered
[    0.307594] io scheduler kyber registered
[    0.310058] input: Power Button as /devices/LNXSYSTM:00/LNXPWRBN:00/input/input0
[    0.311060] ACPI: button: Power Button [PWRF]
[    0.312025] Warning: Processor Platform Limit event detected, but not handled.
[    0.312888] Consider compiling CPUfreq support into your kernel.
[    0.330504] ACPI: \_SB_.LNKB: Enabled at IRQ 10
[    0.346254] ACPI: \_SB_.LNKC: Enabled at IRQ 11
[    0.361941] ACPI: \_SB_.LNKA: Enabled at IRQ 10
[    0.363011] Serial: 8250/16550 driver, 4 ports, IRQ sharing enabled
[    0.363900] 00:03: ttyS0 at I/O 0x3f8 (irq = 4, base_baud = 115200) is a 16550A
[    0.384511] Non-volatile memory driver v1.3
[    0.385072] Linux agpgart interface v0.103
[    0.385581] printk: legacy console [hvc0] enabled
[    0.386179] printk: legacy bootconsole [earlyser0] disabled
          _      _                                    
   __   _(_)_ __| |_ _ __ ___   ___       _ __   __ _ 
   \ \ / / |  __| __|  _   _ \ / _ \_____|  _ \ / _  |
    \ V /| | |  | |_| | | | | |  __/_____| | | | (_| |
     \_/ |_|_|   \__|_| |_| |_|\___|     |_| |_|\__  |
                                                |___/ 
   kernel version: 6.12.0-rc3-virtme x86_64
   (CTRL+d to exit)

root@virtme-ng:/nipa-data/kernel# PS1='xx__-> '
xx__-> env
PWD=/nipa-data/kernel
nr_open=1048576
HOME=/
TERM=xterm
SHLVL=2
XDG_RUNTIME_DIR=/run/user/0
PATH=/bin:/sbin:/usr/bin:/usr/sbin:/usr/local/bin
OLDPWD=/
_=/bin/env
xx__-> 