No EFI environment detected.
early console in extract_kernel
input_data: 0x0000000002be52c4
input_len: 0x0000000000b6b033
output: 0x0000000001000000
output_len: 0x0000000002708bb0
kernel_total_size: 0x0000000002430000
needed_size: 0x0000000002800000
trampoline_32bit: 0x000000000009d000
Physical KASLR using RDRAND RDTSC...
Virtual KASLR using RDRAND RDTSC...

Decompressing Linux... Parsing ELF... Performing relocations... done.
Booting the kernel (entry_offset: 0x0000000000000000).
[    0.000000] Linux version 6.11.0-virtme (root@369a1985a124) (gcc (Ubuntu 13.2.0-23ubuntu4) 13.2.0, GNU ld (GNU Binutils for Ubuntu) 2.42) #1 SMP PREEMPT_DYNAMIC Tue Oct  1 18:32:00 UTC 2024
[    0.000000] Command line: virtme_hostname=virtme-ng nr_open=1048576 virtme_link_mods=/nipa-data/kernel/.virtme_mods/lib/modules/0.0.0 virtme_initmount0=nipa-data/kernel virtme_rw_overlay0=/etc virtme_rw_overlay1=/lib virtme_rw_overlay2=/home virtme_rw_overlay3=/opt virtme_rw_overlay4=/srv virtme_rw_overlay5=/usr virtme_rw_overlay6=/var console=hvc0 earlyprintk=serial,ttyS0,115200 virtme_console=ttyS0 psmouse.proto=exps TERM=xterm virtme_chdir=nipa-data/kernel virtme_root_user=1 rootfstype=9p rootflags=version=9p2000.L,trans=virtio,access=any raid=noautodetect ro init=/usr/lib/python3/dist-packages/virtme/guest/virtme-init
[    0.000000] x86/split lock detection: #DB: warning on user-space bus_locks
[    0.000000] BIOS-provided physical RAM map:
[    0.000000] BIOS-e820: [mem 0x0000000000000000-0x000000000009fbff] usable
[    0.000000] BIOS-e820: [mem 0x000000000009fc00-0x000000000009ffff] reserved
[    0.000000] BIOS-e820: [mem 0x00000000000f0000-0x00000000000fffff] reserved
[    0.000000] BIOS-e820: [mem 0x0000000000100000-0x000000003ffdffff] usable
[    0.000000] BIOS-e820: [mem 0x000000003ffe0000-0x000000003fffffff] reserved
[    0.000000] BIOS-e820: [mem 0x00000000feffc000-0x00000000feffffff] reserved
[    0.000000] BIOS-e820: [mem 0x00000000fffc0000-0x00000000ffffffff] reserved
[    0.000000] printk: legacy bootconsole [earlyser0] enabled
[    0.000000] NX (Execute Disable) protection: active
[    0.000000] APIC: Static calls initialized
[    0.000000] SMBIOS 3.0.0 present.
[    0.000000] DMI: QEMU Ubuntu 24.04 PC (i440FX + PIIX, 1996), BIOS 1.16.3-debian-1.16.3-2 04/01/2014
[    0.000000] DMI: Memory slots populated: 1/1
[    0.000000] Hypervisor detected: KVM
[    0.000000] kvm-clock: Using msrs 4b564d01 and 4b564d00
[    0.000001] kvm-clock: using sched offset of 938816428 cycles
[    0.000756] clocksource: kvm-clock: mask: 0xffffffffffffffff max_cycles: 0x1cd42e4dffb, max_idle_ns: 881590591483 ns
[    0.003101] tsc: Detected 2000.000 MHz processor
[    0.004292] last_pfn = 0x3ffe0 max_arch_pfn = 0x10000000000
[    0.005155] MTRR map: 4 entries (3 fixed + 1 variable; max 19), built from 8 variable MTRRs
[    0.006367] x86/PAT: Configuration [0-7]: WB  WC  UC- UC  WB  WP  UC- WT  
Memory KASLR using RDRAND RDTSC...
[    0.014781] found SMP MP-table at [mem 0x000f5470-0x000f547f]
[    0.015626] Using GB pages for direct mapping
[    0.016365] ACPI: Early table checksum verification disabled
[    0.017189] ACPI: RSDP 0x00000000000F5290 000014 (v00 BOCHS )
[    0.018026] ACPI: RSDT 0x000000003FFE308E 000034 (v01 BOCHS  BXPC     00000001 BXPC 00000001)
[    0.019261] ACPI: FACP 0x000000003FFE2D8A 000074 (v01 BOCHS  BXPC     00000001 BXPC 00000001)
[    0.020495] ACPI: DSDT 0x000000003FFE0040 002D4A (v01 BOCHS  BXPC     00000001 BXPC 00000001)
[    0.021731] ACPI: FACS 0x000000003FFE0000 000040
[    0.022400] ACPI: APIC 0x000000003FFE2DFE 000230 (v03 BOCHS  BXPC     00000001 BXPC 00000001)
[    0.023634] ACPI: HPET 0x000000003FFE302E 000038 (v01 BOCHS  BXPC     00000001 BXPC 00000001)
[    0.024870] ACPI: WAET 0x000000003FFE3066 000028 (v01 BOCHS  BXPC     00000001 BXPC 00000001)
[    0.026104] ACPI: Reserving FACP table memory at [mem 0x3ffe2d8a-0x3ffe2dfd]
[    0.027120] ACPI: Reserving DSDT table memory at [mem 0x3ffe0040-0x3ffe2d89]
[    0.028134] ACPI: Reserving FACS table memory at [mem 0x3ffe0000-0x3ffe003f]
[    0.029148] ACPI: Reserving APIC table memory at [mem 0x3ffe2dfe-0x3ffe302d]
[    0.030165] ACPI: Reserving HPET table memory at [mem 0x3ffe302e-0x3ffe3065]
[    0.031179] ACPI: Reserving WAET table memory at [mem 0x3ffe3066-0x3ffe308d]
[    0.032543] No NUMA configuration found
[    0.033097] Faking a node at [mem 0x0000000000000000-0x000000003ffdffff]
[    0.034070] NODE_DATA(0) allocated [mem 0x3ffdb780-0x3ffdffff]
[    0.035028] Zone ranges:
[    0.035394]   DMA      [mem 0x0000000000001000-0x0000000000ffffff]
[    0.036287]   DMA32    [mem 0x0000000001000000-0x000000003ffdffff]
[    0.037179]   Normal   empty
[    0.037605]   Device   empty
[    0.038020] Movable zone start for each node
[    0.038637] Early memory node ranges
[    0.039151]   node   0: [mem 0x0000000000001000-0x000000000009efff]
[    0.040056]   node   0: [mem 0x0000000000100000-0x000000003ffdffff]
[    0.040960] Initmem setup node 0 [mem 0x0000000000001000-0x000000003ffdffff]
[    0.041989] On node 0, zone DMA: 1 pages in unavailable ranges
[    0.042876] On node 0, zone DMA: 97 pages in unavailable ranges
[    0.047302] On node 0, zone DMA32: 32 pages in unavailable ranges
[    0.048723] ACPI: PM-Timer IO Port: 0x608
[    0.049330] ACPI: LAPIC_NMI (acpi_id[0xff] dfl dfl lint[0x1])
[    0.050210] IOAPIC[0]: apic_id 0, version 17, address 0xfec00000, GSI 0-23
[    0.051203] ACPI: INT_SRC_OVR (bus 0 bus_irq 0 global_irq 2 dfl dfl)
[    0.052119] ACPI: INT_SRC_OVR (bus 0 bus_irq 5 global_irq 5 high level)
[    0.053071] ACPI: INT_SRC_OVR (bus 0 bus_irq 9 global_irq 9 high level)
[    0.054030] ACPI: INT_SRC_OVR (bus 0 bus_irq 10 global_irq 10 high level)
[    0.055009] ACPI: INT_SRC_OVR (bus 0 bus_irq 11 global_irq 11 high level)
[    0.055993] ACPI: Using ACPI (MADT) for SMP configuration information
[    0.056921] ACPI: HPET id: 0x8086a201 base: 0xfed00000
[    0.057674] TSC deadline timer available
[    0.058242] CPU topo: Max. logical packages:   1
[    0.058908] CPU topo: Max. logical dies:       1
[    0.059573] CPU topo: Max. dies per package:   1
[    0.060241] CPU topo: Max. threads per core:   1
[    0.060906] CPU topo: Num. cores per package:    56
[    0.061613] CPU topo: Num. threads per package:  56
[    0.062315] CPU topo: Allowing 56 present CPUs plus 0 hotplug CPUs
[    0.063229] kvm-guest: APIC: eoi() replaced with kvm_guest_apic_eoi_write()
[    0.064249] kvm-guest: KVM setup pv remote TLB flush
[    0.064970] kvm-guest: setup PV sched yield
[    0.065581] PM: hibernation: Registered nosave memory: [mem 0x00000000-0x00000fff]
[    0.066674] PM: hibernation: Registered nosave memory: [mem 0x0009f000-0x0009ffff]
[    0.067764] PM: hibernation: Registered nosave memory: [mem 0x000a0000-0x000effff]
[    0.068855] PM: hibernation: Registered nosave memory: [mem 0x000f0000-0x000fffff]
[    0.069949] [mem 0x40000000-0xfeffbfff] available for PCI devices
[    0.070828] Booting paravirtualized kernel on KVM
[    0.071505] clocksource: refined-jiffies: mask: 0xffffffff max_cycles: 0xffffffff, max_idle_ns: 1910969940391419 ns
[    0.081210] setup_percpu: NR_CPUS:64 nr_cpumask_bits:56 nr_cpu_ids:56 nr_node_ids:1
[    0.087078] percpu: Embedded 58 pages/cpu s199128 r8192 d30248 u262144
[    0.088154] Kernel command line: virtme_hostname=virtme-ng nr_open=1048576 virtme_link_mods=/nipa-data/kernel/.virtme_mods/lib/modules/0.0.0 virtme_initmount0=nipa-data/kernel virtme_rw_overlay0=/etc virtme_rw_overlay1=/lib virtme_rw_overlay2=/home virtme_rw_overlay3=/opt virtme_rw_overlay4=/srv virtme_rw_overlay5=/usr virtme_rw_overlay6=/var console=hvc0 earlyprintk=serial,ttyS0,115200 virtme_console=ttyS0 psmouse.proto=exps TERM=xterm virtme_chdir=nipa-data/kernel virtme_root_user=1 rootfstype=9p rootflags=version=9p2000.L,trans=virtio,access=any raid=noautodetect ro init=/usr/lib/python3/dist-packages/virtme/guest/virtme-init
[    0.096483] Unknown kernel command line parameters "virtme_hostname=virtme-ng nr_open=1048576 virtme_link_mods=/nipa-data/kernel/.virtme_mods/lib/modules/0.0.0 virtme_initmount0=nipa-data/kernel virtme_rw_overlay0=/etc virtme_rw_overlay1=/lib virtme_rw_overlay2=/home virtme_rw_overlay3=/opt virtme_rw_overlay4=/srv virtme_rw_overlay5=/usr virtme_rw_overlay6=/var virtme_console=ttyS0 virtme_chdir=nipa-data/kernel virtme_root_user=1", will be passed to user space.
[    0.102575] random: crng init done
[    0.103073] printk: log_buf_len individual max cpu contribution: 4096 bytes
[    0.104094] printk: log_buf_len total cpu_extra contributions: 225280 bytes
[    0.105124] printk: log_buf_len min size: 262144 bytes
[    0.106495] printk: log_buf_len: 524288 bytes
[    0.107154] printk: early log buf free: 254024(96%)
[    0.108289] Dentry cache hash table entries: 131072 (order: 8, 1048576 bytes, linear)
[    0.109495] Inode-cache hash table entries: 65536 (order: 7, 524288 bytes, linear)
[    0.111447] Fallback order for Node 0: 0 
[    0.111456] Built 1 zonelists, mobility grouping on.  Total pages: 262014
[    0.112962] Policy zone: DMA32
[    0.113395] mem auto-init: stack:all(zero), heap alloc:off, heap free:off
[    0.117890] SLUB: HWalign=64, Order=0-3, MinObjects=0, CPUs=56, Nodes=1
Poking KASLR using RDRAND RDTSC...
[    0.119339] ftrace: allocating 48394 entries in 190 pages
[    0.133968] ftrace: allocated 190 pages with 6 groups
[    0.135817] Dynamic Preempt: voluntary
[    0.137331] rcu: Preemptible hierarchical RCU implementation.
[    0.138150] rcu: RCU event tracing is enabled.
[    0.138778] rcu: RCU restricting CPUs from NR_CPUS=64 to nr_cpu_ids=56.
[    0.139711] Trampoline variant of Tasks RCU enabled.
[    0.140412] Rude variant of Tasks RCU enabled.
[    0.141040] Tracing variant of Tasks RCU enabled.
[    0.141709] rcu: RCU calculated value of scheduler-enlistment delay is 100 jiffies.
[    0.142768] rcu: Adjusting geometry for rcu_fanout_leaf=16, nr_cpu_ids=56
[    0.143756] RCU Tasks: Setting shift to 6 and lim to 1 rcu_task_cb_adjust=1 rcu_task_cpu_ids=56.
[    0.144980] RCU Tasks Rude: Setting shift to 6 and lim to 1 rcu_task_cb_adjust=1 rcu_task_cpu_ids=56.
[    0.146269] RCU Tasks Trace: Setting shift to 6 and lim to 1 rcu_task_cb_adjust=1 rcu_task_cpu_ids=56.
[    0.150902] NR_IRQS: 4352, nr_irqs: 872, preallocated irqs: 16
[    0.152088] rcu: srcu_init: Setting srcu_struct sizes based on contention.
[    0.153346] Console: colour *CGA 80x25
[    0.153917] ACPI: Core revision 20240827
[    0.154634] clocksource: hpet: mask: 0xffffffff max_cycles: 0xffffffff, max_idle_ns: 19112604467 ns
[    0.156020] APIC: Switch to symmetric I/O mode setup
[    0.156776] kvm-guest: APIC: send_IPI_mask() replaced with kvm_send_ipi_mask()
[    0.157830] kvm-guest: APIC: send_IPI_mask_allbutself() replaced with kvm_send_ipi_mask_allbutself()
[    0.159128] kvm-guest: setup PV IPIs
[    0.161092] ..TIMER: vector=0x30 apic1=0 pin1=2 apic2=-1 pin2=-1
[    0.162400] clocksource: tsc-early: mask: 0xffffffffffffffff max_cycles: 0x39a85c9bff6, max_idle_ns: 881590591483 ns
[    0.164684] Calibrating delay loop (skipped) preset value.. 4000.00 BogoMIPS (lpj=2000000)
[    0.165898] x86/cpu: User Mode Instruction Prevention (UMIP) activated
[    0.166801] Last level iTLB entries: 4KB 0, 2MB 0, 4MB 0
[    0.167682] Last level dTLB entries: 4KB 0, 2MB 0, 4MB 0, 1GB 0
[    0.168698] Spectre V1 : Mitigation: usercopy/swapgs barriers and __user pointer sanitization
[    0.169689] Spectre V2 : Spectre BHI mitigation: SW BHB clearing on syscall and VM exit
[    0.170684] Spectre V2 : Mitigation: Enhanced / Automatic IBRS
[    0.171688] Spectre V2 : Spectre v2 / SpectreRSB mitigation: Filling RSB on context switch
[    0.172688] Spectre V2 : Spectre v2 / PBRSB-eIBRS: Retire a single CALL on VMEXIT
[    0.173694] Spectre V2 : mitigation: Enabling conditional Indirect Branch Prediction Barrier
[    0.174692] Speculative Store Bypass: Mitigation: Speculative Store Bypass disabled via prctl
[    0.175689] TAA: Mitigation: TSX disabled
[    0.176775] x86/fpu: Supporting XSAVE feature 0x001: 'x87 floating point registers'
[    0.177689] x86/fpu: Supporting XSAVE feature 0x002: 'SSE registers'
[    0.178688] x86/fpu: Supporting XSAVE feature 0x004: 'AVX registers'
[    0.179689] x86/fpu: Supporting XSAVE feature 0x020: 'AVX-512 opmask'
[    0.180688] x86/fpu: Supporting XSAVE feature 0x040: 'AVX-512 Hi256'
[    0.181688] x86/fpu: Supporting XSAVE feature 0x080: 'AVX-512 ZMM_Hi256'
[    0.182688] x86/fpu: Supporting XSAVE feature 0x200: 'Protection Keys User registers'
[    0.183689] x86/fpu: Supporting XSAVE feature 0x20000: 'AMX Tile config'
[    0.184688] x86/fpu: Supporting XSAVE feature 0x40000: 'AMX Tile data'
[    0.185689] x86/fpu: xstate_offset[2]:  576, xstate_sizes[2]:  256
[    0.186688] x86/fpu: xstate_offset[5]:  832, xstate_sizes[5]:   64
[    0.187684] x86/fpu: xstate_offset[6]:  896, xstate_sizes[6]:  512
[    0.188689] x86/fpu: xstate_offset[7]: 1408, xstate_sizes[7]: 1024
[    0.189689] x86/fpu: xstate_offset[9]: 2432, xstate_sizes[9]:    8
[    0.190684] x86/fpu: xstate_offset[17]: 2496, xstate_sizes[17]:   64
[    0.191689] x86/fpu: xstate_offset[18]: 2560, xstate_sizes[18]: 8192
[    0.192688] x86/fpu: Enabled xstate features 0x602e7, context size is 10752 bytes, using 'compacted' format.
[    0.221403] Freeing SMP alternatives memory: 40K
[    0.221685] pid_max: default: 57344 minimum: 448
[    0.222812] Mount-cache hash table entries: 2048 (order: 2, 16384 bytes, linear)
[    0.223693] Mountpoint-cache hash table entries: 2048 (order: 2, 16384 bytes, linear)
[    0.225883] smpboot: CPU0: Intel(R) Xeon(R) Platinum 8480+ (family: 0x6, model: 0x8f, stepping: 0x6)
[    0.226955] Performance Events: PEBS fmt0-, Sapphire Rapids events, full-width counters, Intel PMU driver.
[    0.227688] ... version:                2
[    0.228496] ... bit width:              48
[    0.228684] ... generic registers:      8
[    0.229480] ... value mask:             0000ffffffffffff
[    0.229684] ... max period:             00007fffffffffff
[    0.230684] ... fixed-purpose events:   3
[    0.231486] ... event mask:             00000007000000ff
[    0.231913] signal: max sigframe size: 11952
[    0.232713] rcu: Hierarchical SRCU implementation.
[    0.233668] rcu: Max phase no-delay instances is 400.
[    0.233718] Timer migration: 2 hierarchy levels; 8 children per group; 2 crossnode level
[    0.235752] smp: Bringing up secondary CPUs ...
[    0.236803] smpboot: x86: Booting SMP configuration:
[    0.237687] .... node  #0, CPUs:        #1  #2  #3  #4  #5  #6  #7  #8  #9 #10 #11 #12 #13 #14 #15 #16 #17 #18 #19 #20 #21 #22 #23 #24 #25 #26 #27 #28 #29 #30 #31 #32 #33 #34 #35 #36 #37 #38 #39 #40 #41 #42 #43 #44 #45 #46 #47 #48 #49 #50 #51 #52 #53 #54 #55
[    0.312371] smp: Brought up 1 node, 56 CPUs
[    0.313547] smpboot: Total of 56 processors activated (224000.00 BogoMIPS)
[    0.324730] Memory: 951168K/1048056K available (16384K kernel code, 2449K rwdata, 6272K rodata, 3124K init, 1872K bss, 72280K reserved, 0K cma-reserved)
[    0.325809] devtmpfs: initialized
[    0.326731] x86/mm: Memory block size: 128MB
[    0.328941] clocksource: jiffies: mask: 0xffffffff max_cycles: 0xffffffff, max_idle_ns: 1911260446275000 ns
[    0.329689] futex hash table entries: 16384 (order: 8, 1048576 bytes, linear)
[    0.331026] PM: RTC time: 18:32:43, date: 2024-10-01
[    0.333594] NET: Registered PF_NETLINK/PF_ROUTE protocol family
[    0.333887] thermal_sys: Registered thermal governor 'step_wise'
[    0.333889] thermal_sys: Registered thermal governor 'user_space'
[    0.334719] cpuidle: using governor menu
[    0.338582] PCI: Using configuration type 1 for base access
[    0.338777] kprobes: kprobe jump-optimization is enabled. All kprobes are optimized if possible.
[    0.372212] HugeTLB: registered 1.00 GiB page size, pre-allocated 0 pages
[    0.374688] HugeTLB: 16380 KiB vmemmap can be freed for a 1.00 GiB page
[    0.376687] HugeTLB: registered 2.00 MiB page size, pre-allocated 0 pages
[    0.379686] HugeTLB: 28 KiB vmemmap can be freed for a 2.00 MiB page
[    0.381796] ACPI: Added _OSI(Module Device)
[    0.382684] ACPI: Added _OSI(Processor Device)
[    0.383612] ACPI: Added _OSI(3.0 _SCP Extensions)
[    0.384684] ACPI: Added _OSI(Processor Aggregator Device)
[    0.386385] ACPI: 1 ACPI AML tables successfully acquired and loaded
[    0.389932] ACPI: Interpreter enabled
[    0.390697] ACPI: PM: (supports S0 S3 S4 S5)
[    0.391577] ACPI: Using IOAPIC for interrupt routing
[    0.392696] PCI: Using host bridge windows from ACPI; if necessary, use "pci=nocrs" and report a bug
[    0.394684] PCI: Using E820 reservations for host bridge windows
[    0.395799] ACPI: Enabled 2 GPEs in block 00 to 0F
[    0.399309] ACPI: PCI Root Bridge [PCI0] (domain 0000 [bus 00-ff])
[    0.399681] acpi PNP0A03:00: _OSC: OS supports [ASPM ClockPM Segments MSI HPX-Type3]
[    0.402686] acpi PNP0A03:00: _OSC: not requesting OS control; OS requires [ExtendedConfig ASPM ClockPM MSI]
[    0.403690] acpi PNP0A03:00: fail to add MMCONFIG information, can't access extended configuration space under this bridge
[    0.406791] PCI host bridge to bus 0000:00
[    0.407636] pci_bus 0000:00: root bus resource [io  0x0000-0x0cf7 window]
[    0.408684] pci_bus 0000:00: root bus resource [io  0x0d00-0xffff window]
[    0.409684] pci_bus 0000:00: root bus resource [mem 0x000a0000-0x000bffff window]
[    0.410684] pci_bus 0000:00: root bus resource [mem 0x40000000-0xfebfffff window]
[    0.412684] pci_bus 0000:00: root bus resource [mem 0x100000000-0x17fffffff window]
[    0.413684] pci_bus 0000:00: root bus resource [bus 00-ff]
[    0.414734] pci 0000:00:00.0: [8086:1237] type 00 class 0x060000 conventional PCI endpoint
[    0.417213] pci 0000:00:01.0: [8086:7000] type 00 class 0x060100 conventional PCI endpoint
[    0.419382] pci 0000:00:01.1: [8086:7010] type 00 class 0x010180 conventional PCI endpoint
[    0.424017] pci 0000:00:01.1: BAR 4 [io  0xc0c0-0xc0cf]
[    0.426382] pci 0000:00:01.1: BAR 0 [io  0x01f0-0x01f7]: legacy IDE quirk
[    0.427690] pci 0000:00:01.1: BAR 1 [io  0x03f6]: legacy IDE quirk
[    0.428684] pci 0000:00:01.1: BAR 2 [io  0x0170-0x0177]: legacy IDE quirk
[    0.429684] pci 0000:00:01.1: BAR 3 [io  0x0376]: legacy IDE quirk
[    0.431913] pci 0000:00:01.3: [8086:7113] type 00 class 0x068000 conventional PCI endpoint
[    0.433247] pci 0000:00:01.3: quirk: [io  0x0600-0x063f] claimed by PIIX4 ACPI
[    0.434694] pci 0000:00:01.3: quirk: [io  0x0700-0x070f] claimed by PIIX4 SMB
[    0.436050] pci 0000:00:02.0: [1af4:1009] type 00 class 0x000200 conventional PCI endpoint
[    0.438685] pci 0000:00:02.0: BAR 0 [io  0xc000-0xc03f]
[    0.441686] pci 0000:00:02.0: BAR 1 [mem 0xfebfc000-0xfebfcfff]
[    0.447195] pci 0000:00:02.0: BAR 4 [mem 0xfebf0000-0xfebf3fff 64bit pref]
[    0.449804] pci 0000:00:03.0: [1af4:1009] type 00 class 0x000200 conventional PCI endpoint
[    0.452685] pci 0000:00:03.0: BAR 0 [io  0xc040-0xc07f]
[    0.455114] pci 0000:00:03.0: BAR 1 [mem 0xfebfd000-0xfebfdfff]
[    0.458688] pci 0000:00:03.0: BAR 4 [mem 0xfebf4000-0xfebf7fff 64bit pref]
[    0.462712] pci 0000:00:04.0: [8086:25ab] type 00 class 0x088000 conventional PCI endpoint
[    0.465217] pci 0000:00:04.0: BAR 0 [mem 0xfebfe000-0xfebfe00f]
[    0.469141] pci 0000:00:05.0: [1af4:1003] type 00 class 0x078000 conventional PCI endpoint
[    0.471651] pci 0000:00:05.0: BAR 0 [io  0xc080-0xc0bf]
[    0.473455] pci 0000:00:05.0: BAR 1 [mem 0xfebff000-0xfebfffff]
[    0.477689] pci 0000:00:05.0: BAR 4 [mem 0xfebf8000-0xfebfbfff 64bit pref]
[    0.480777] ACPI: PCI: Interrupt link LNKA configured for IRQ 10
[    0.481829] ACPI: PCI: Interrupt link LNKB configured for IRQ 10
[    0.482809] ACPI: PCI: Interrupt link LNKC configured for IRQ 11
[    0.484875] ACPI: PCI: Interrupt link LNKD configured for IRQ 11
[    0.486774] ACPI: PCI: Interrupt link LNKS configured for IRQ 9
[    0.489491] iommu: Default domain type: Translated
[    0.489684] iommu: DMA domain TLB invalidation policy: lazy mode
[    0.491814] SCSI subsystem initialized
[    0.492767] pps_core: LinuxPPS API ver. 1 registered
[    0.493681] pps_core: Software ver. 5.3.6 - Copyright 2005-2007 Rodolfo Giometti <giometti@linux.it>
[    0.495693] PTP clock support registered
[    0.496758] Advanced Linux Sound Architecture Driver Initialized.
[    0.499003] NET: Registered PF_ATMPVC protocol family
[    0.499684] NET: Registered PF_ATMSVC protocol family
[    0.500688] PCI: Using ACPI for IRQ routing
[    0.501742] vgaarb: loaded
[    0.502765] hpet0: at MMIO 0xfed00000, IRQs 2, 8, 0
[    0.503684] hpet0: 3 comparators, 64-bit 100.000000 MHz counter
[    0.509308] clocksource: Switched to clocksource kvm-clock
[    0.510765] VFS: Disk quotas dquot_6.6.0
[    0.511571] VFS: Dquot-cache hash table entries: 512 (order 0, 4096 bytes)
[    0.513141] pnp: PnP ACPI init
[    0.514710] pnp: PnP ACPI: found 5 devices
[    0.528440] clocksource: acpi_pm: mask: 0xffffff max_cycles: 0xffffff, max_idle_ns: 2085701024 ns
[    0.530307] NET: Registered PF_INET protocol family
[    0.531337] IP idents hash table entries: 16384 (order: 5, 131072 bytes, linear)
[    0.533282] tcp_listen_portaddr_hash hash table entries: 512 (order: 1, 8192 bytes, linear)
[    0.534967] Table-perturb hash table entries: 65536 (order: 6, 262144 bytes, linear)
[    0.536542] TCP established hash table entries: 8192 (order: 4, 65536 bytes, linear)
[    0.538098] TCP bind hash table entries: 8192 (order: 6, 262144 bytes, linear)
[    0.539579] TCP: Hash tables configured (established 8192 bind 8192)
[    0.540927] UDP hash table entries: 512 (order: 2, 16384 bytes, linear)
[    0.542255] UDP-Lite hash table entries: 512 (order: 2, 16384 bytes, linear)
[    0.543737] NET: Registered PF_UNIX/PF_LOCAL protocol family
[    0.544897] pci_bus 0000:00: resource 4 [io  0x0000-0x0cf7 window]
[    0.546151] pci_bus 0000:00: resource 5 [io  0x0d00-0xffff window]
[    0.547396] pci_bus 0000:00: resource 6 [mem 0x000a0000-0x000bffff window]
[    0.548792] pci_bus 0000:00: resource 7 [mem 0x40000000-0xfebfffff window]
[    0.550175] pci_bus 0000:00: resource 8 [mem 0x100000000-0x17fffffff window]
[    0.551623] pci 0000:00:01.0: PIIX3: Enabling Passive Release
[    0.552806] pci 0000:00:00.0: Limiting direct PCI/PCI transfers
[    0.554092] PCI: CLS 0 bytes, default 64
[    0.571889] RAPL PMU: API unit is 2^-32 Joules, 1 fixed counters, 10737418240 ms ovfl timer
[    0.573745] RAPL PMU: hw unit of domain psys 2^-0 Joules
[    0.912799] kvm_amd: CPU 28 isn't AMD or Hygon
[    0.913933] clocksource: tsc: mask: 0xffffffffffffffff max_cycles: 0x39a85c9bff6, max_idle_ns: 881590591483 ns
[    1.025315] Initialise system trusted keyrings
[    1.026612] workingset: timestamp_bits=56 max_order=18 bucket_order=0
[    1.028008] squashfs: version 4.0 (2009/01/31) Phillip Lougher
[    1.029211] fuse: init (API version 7.41)
[    1.030383] 9p: Installing v9fs 9p2000 file system support
[    1.042680] Key type asymmetric registered
[    1.043529] Asymmetric key parser 'x509' registered
[    1.044550] Block layer SCSI generic (bsg) driver version 0.4 loaded (major 249)
[    1.046065] io scheduler mq-deadline registered
[    1.046979] io scheduler kyber registered
[    1.064562] input: Power Button as /devices/LNXSYSTM:00/LNXPWRBN:00/input/input0
[    1.066445] ACPI: button: Power Button [PWRF]
[    1.068472] Warning: Processor Platform Limit event detected, but not handled.
[    1.071226] Consider compiling CPUfreq support into your kernel.
[    1.107357] ACPI: \_SB_.LNKB: Enabled at IRQ 10
[    1.121649] ACPI: \_SB_.LNKC: Enabled at IRQ 11
[    1.135713] ACPI: \_SB_.LNKA: Enabled at IRQ 10
[    1.138073] Serial: 8250/16550 driver, 4 ports, IRQ sharing enabled
[    1.139552] 00:03: ttyS0 at I/O 0x3f8 (irq = 4, base_baud = 115200) is a 16550A
[    1.172415] Non-volatile memory driver v1.3
[    1.173422] Linux agpgart interface v0.103
[    1.175175] ACPI: bus type drm_connector registered
[    1.177822] printk: legacy console [hvc0] enabled
[    1.179080] printk: legacy bootconsole [earlyser0] disabled
          _      _                                    
   __   _(_)_ __| |_ _ __ ___   ___       _ __   __ _ 
   \ \ / / |  __| __|  _   _ \ / _ \_____|  _ \ / _  |
    \ V /| | |  | |_| | | | | |  __/_____| | | | (_| |
     \_/ |_|_|   \__|_| |_| |_|\___|     |_| |_|\__  |
                                                |___/ 
   kernel version: 6.11.0-virtme x86_64
   (CTRL+d to exit)

root@virtme-ng:/nipa-data/kernel# PS1='xx__-> '
xx__-> env
PWD=/nipa-data/kernel
nr_open=1048576
HOME=/
TERM=xterm
SHLVL=2
XDG_RUNTIME_DIR=/run/user/0
PATH=/bin:/sbin:/usr/bin:/usr/sbin:/usr/local/bin
OLDPWD=/
_=/bin/env
xx__-> 