No EFI environment detected.
early console in extract_kernel
input_data: 0x00000000029b62c4
input_len: 0x0000000000bcbf2a
output: 0x0000000001000000
output_len: 0x000000000253cb40
kernel_total_size: 0x0000000002430000
needed_size: 0x0000000002600000
trampoline_32bit: 0x0000000000000000
Physical KASLR using RDRAND RDTSC...
Virtual KASLR using RDRAND RDTSC...

Decompressing Linux... Parsing ELF... Performing relocations... done.
Booting the kernel (entry_offset: 0x0000000000fc78b0).
[    0.000000] Linux version 6.15.0-virtme (root@dc263b90ecae) (gcc (Ubuntu 13.3.0-6ubuntu2~24.04) 13.3.0, GNU ld (GNU Binutils for Ubuntu) 2.42) #1 SMP PREEMPT_DYNAMIC Fri May 30 09:05:54 UTC 2025
[    0.000000] Command line: virtme_hostname=virtme-ng nr_open=1048576 virtme_link_mods=/nipa-data/kernel/.virtme_mods/lib/modules/0.0.0 virtme_initmount0=nipa-data/kernel virtme_rw_overlay0=/etc virtme_rw_overlay1=/lib virtme_rw_overlay2=/home virtme_rw_overlay3=/opt virtme_rw_overlay4=/srv virtme_rw_overlay5=/usr virtme_rw_overlay6=/var console=hvc0 earlyprintk=serial,ttyS0,115200 virtme_console=ttyS0 psmouse.proto=exps TERM=xterm virtme_chdir=nipa-data/kernel virtme_root_user=1 rootfstype=9p rootflags=version=9p2000.L,trans=virtio,access=any raid=noautodetect ro init=/usr/lib/python3/dist-packages/virtme/guest/virtme-init
[    0.000000] BIOS-provided physical RAM map:
[    0.000000] BIOS-e820: [mem 0x0000000000000000-0x000000000009fbff] usable
[    0.000000] BIOS-e820: [mem 0x000000000009fc00-0x000000000009ffff] reserved
[    0.000000] BIOS-e820: [mem 0x00000000000f0000-0x00000000000fffff] reserved
[    0.000000] BIOS-e820: [mem 0x0000000000100000-0x000000003ffdffff] usable
[    0.000000] BIOS-e820: [mem 0x000000003ffe0000-0x000000003fffffff] reserved
[    0.000000] BIOS-e820: [mem 0x00000000feffc000-0x00000000feffffff] reserved
[    0.000000] BIOS-e820: [mem 0x00000000fffc0000-0x00000000ffffffff] reserved
[    0.000000] BIOS-e820: [mem 0x000000fd00000000-0x000000ffffffffff] reserved
[    0.000000] printk: legacy bootconsole [earlyser0] enabled
[    0.000000] NX (Execute Disable) protection: active
[    0.000000] APIC: Static calls initialized
[    0.000000] SMBIOS 3.0.0 present.
[    0.000000] DMI: QEMU Ubuntu 24.04 PC (i440FX + PIIX, 1996), BIOS 1.16.3-debian-1.16.3-2 04/01/2014
[    0.000000] DMI: Memory slots populated: 1/1
[    0.000000] Hypervisor detected: KVM
[    0.000000] kvm-clock: Using msrs 4b564d01 and 4b564d00
[    0.000000] kvm-clock: using sched offset of 227400794 cycles
[    0.000363] clocksource: kvm-clock: mask: 0xffffffffffffffff max_cycles: 0x1cd42e4dffb, max_idle_ns: 881590591483 ns
[    0.001489] tsc: Detected 4491.564 MHz processor
[    0.002050] last_pfn = 0x3ffe0 max_arch_pfn = 0x400000000
[    0.002442] MTRR map: 4 entries (3 fixed + 1 variable; max 19), built from 8 variable MTRRs
[    0.003014] x86/PAT: Configuration [0-7]: WB  WC  UC- UC  WB  WP  UC- WT  
Memory KASLR using RDRAND RDTSC...
[    0.004930] found SMP MP-table at [mem 0x000f5470-0x000f547f]
[    0.005326] Using GB pages for direct mapping
[    0.005654] ACPI: Early table checksum verification disabled
[    0.006042] ACPI: RSDP 0x00000000000F5290 000014 (v00 BOCHS )
[    0.006439] ACPI: RSDT 0x000000003FFE27BC 000034 (v01 BOCHS  BXPC     00000001 BXPC 00000001)
[    0.007023] ACPI: FACP 0x000000003FFE2578 000074 (v01 BOCHS  BXPC     00000001 BXPC 00000001)
[    0.007614] ACPI: DSDT 0x000000003FFE0040 002538 (v01 BOCHS  BXPC     00000001 BXPC 00000001)
[    0.008198] ACPI: FACS 0x000000003FFE0000 000040
[    0.008515] ACPI: APIC 0x000000003FFE25EC 000170 (v03 BOCHS  BXPC     00000001 BXPC 00000001)
[    0.009099] ACPI: HPET 0x000000003FFE275C 000038 (v01 BOCHS  BXPC     00000001 BXPC 00000001)
[    0.009683] ACPI: WAET 0x000000003FFE2794 000028 (v01 BOCHS  BXPC     00000001 BXPC 00000001)
[    0.010267] ACPI: Reserving FACP table memory at [mem 0x3ffe2578-0x3ffe25eb]
[    0.010750] ACPI: Reserving DSDT table memory at [mem 0x3ffe0040-0x3ffe2577]
[    0.011236] ACPI: Reserving FACS table memory at [mem 0x3ffe0000-0x3ffe003f]
[    0.011718] ACPI: Reserving APIC table memory at [mem 0x3ffe25ec-0x3ffe275b]
[    0.012204] ACPI: Reserving HPET table memory at [mem 0x3ffe275c-0x3ffe2793]
[    0.012684] ACPI: Reserving WAET table memory at [mem 0x3ffe2794-0x3ffe27bb]
[    0.013302] No NUMA configuration found
[    0.013565] Faking a node at [mem 0x0000000000000000-0x000000003ffdffff]
[    0.014024] NODE_DATA(0) allocated [mem 0x3ffdb740-0x3ffdffff]
[    0.014435] Zone ranges:
[    0.014608]   DMA      [mem 0x0000000000001000-0x0000000000ffffff]
[    0.015029]   DMA32    [mem 0x0000000001000000-0x000000003ffdffff]
[    0.015453]   Normal   empty
[    0.015649]   Device   empty
[    0.015845] Movable zone start for each node
[    0.016136] Early memory node ranges
[    0.016379]   node   0: [mem 0x0000000000001000-0x000000000009efff]
[    0.016806]   node   0: [mem 0x0000000000100000-0x000000003ffdffff]
[    0.017234] Initmem setup node 0 [mem 0x0000000000001000-0x000000003ffdffff]
[    0.017715] On node 0, zone DMA: 1 pages in unavailable ranges
[    0.018120] On node 0, zone DMA: 97 pages in unavailable ranges
[    0.019432] On node 0, zone DMA32: 32 pages in unavailable ranges
[    0.020037] ACPI: PM-Timer IO Port: 0x608
[    0.020321] ACPI: LAPIC_NMI (acpi_id[0xff] dfl dfl lint[0x1])
[    0.020728] IOAPIC[0]: apic_id 0, version 17, address 0xfec00000, GSI 0-23
[    0.021203] ACPI: INT_SRC_OVR (bus 0 bus_irq 0 global_irq 2 dfl dfl)
[    0.021636] ACPI: INT_SRC_OVR (bus 0 bus_irq 5 global_irq 5 high level)
[    0.022087] ACPI: INT_SRC_OVR (bus 0 bus_irq 9 global_irq 9 high level)
[    0.022539] ACPI: INT_SRC_OVR (bus 0 bus_irq 10 global_irq 10 high level)
[    0.023002] ACPI: INT_SRC_OVR (bus 0 bus_irq 11 global_irq 11 high level)
[    0.023470] ACPI: Using ACPI (MADT) for SMP configuration information
[    0.023910] ACPI: HPET id: 0x8086a201 base: 0xfed00000
[    0.024261] TSC deadline timer available
[    0.024530] CPU topo: Max. logical packages:   1
[    0.024845] CPU topo: Max. logical dies:       1
[    0.025159] CPU topo: Max. dies per package:   1
[    0.025477] CPU topo: Max. threads per core:   1
[    0.025792] CPU topo: Num. cores per package:    32
[    0.026124] CPU topo: Num. threads per package:  32
[    0.026456] CPU topo: Allowing 32 present CPUs plus 0 hotplug CPUs
[    0.026883] kvm-guest: APIC: eoi() replaced with kvm_guest_apic_eoi_write()
[    0.027366] kvm-guest: KVM setup pv remote TLB flush
[    0.027706] kvm-guest: setup PV sched yield
[    0.027993] PM: hibernation: Registered nosave memory: [mem 0x00000000-0x00000fff]
[    0.028509] PM: hibernation: Registered nosave memory: [mem 0x0009f000-0x000fffff]
[    0.029025] [mem 0x40000000-0xfeffbfff] available for PCI devices
[    0.029440] Booting paravirtualized kernel on KVM
[    0.029761] clocksource: refined-jiffies: mask: 0xffffffff max_cycles: 0xffffffff, max_idle_ns: 1910969940391419 ns
[    0.033222] setup_percpu: NR_CPUS:64 nr_cpumask_bits:32 nr_cpu_ids:32 nr_node_ids:1
[    0.034326] percpu: Embedded 53 pages/cpu s179544 r8192 d29352 u262144
[    0.034802] Kernel command line: virtme_hostname=virtme-ng nr_open=1048576 virtme_link_mods=/nipa-data/kernel/.virtme_mods/lib/modules/0.0.0 virtme_initmount0=nipa-data/kernel virtme_rw_overlay0=/etc virtme_rw_overlay1=/lib virtme_rw_overlay2=/home virtme_rw_overlay3=/opt virtme_rw_overlay4=/srv virtme_rw_overlay5=/usr virtme_rw_overlay6=/var console=hvc0 earlyprintk=serial,ttyS0,115200 virtme_console=ttyS0 psmouse.proto=exps TERM=xterm virtme_chdir=nipa-data/kernel virtme_root_user=1 rootfstype=9p rootflags=version=9p2000.L,trans=virtio,access=any raid=noautodetect ro init=/usr/lib/python3/dist-packages/virtme/guest/virtme-init
[    0.038781] Unknown kernel command line parameters "virtme_hostname=virtme-ng nr_open=1048576 virtme_link_mods=/nipa-data/kernel/.virtme_mods/lib/modules/0.0.0 virtme_initmount0=nipa-data/kernel virtme_rw_overlay0=/etc virtme_rw_overlay1=/lib virtme_rw_overlay2=/home virtme_rw_overlay3=/opt virtme_rw_overlay4=/srv virtme_rw_overlay5=/usr virtme_rw_overlay6=/var virtme_console=ttyS0 virtme_chdir=nipa-data/kernel virtme_root_user=1", will be passed to user space.
[    0.041833] random: crng init done
[    0.042071] printk: log buffer data + meta data: 262144 + 917504 = 1179648 bytes
[    0.042615] Dentry cache hash table entries: 131072 (order: 8, 1048576 bytes, linear)
[    0.043185] Inode-cache hash table entries: 65536 (order: 7, 524288 bytes, linear)
[    0.043799] Fallback order for Node 0: 0 
[    0.043801] Built 1 zonelists, mobility grouping on.  Total pages: 262014
[    0.044557] Policy zone: DMA32
[    0.044770] mem auto-init: stack:all(zero), heap alloc:off, heap free:off
[    0.045748] SLUB: HWalign=64, Order=0-3, MinObjects=0, CPUs=32, Nodes=1
Poking KASLR using RDRAND RDTSC...
[    0.052847] ftrace: allocating 49003 entries in 192 pages
[    0.053226] ftrace: allocated 192 pages with 2 groups
[    0.054169] Dynamic Preempt: voluntary
[    0.054554] rcu: Preemptible hierarchical RCU implementation.
[    0.054956] rcu: RCU event tracing is enabled.
[    0.055275] rcu: RCU restricting CPUs from NR_CPUS=64 to nr_cpu_ids=32.
[    0.055743] Trampoline variant of Tasks RCU enabled.
[    0.056095] Rude variant of Tasks RCU enabled.
[    0.056410] Tracing variant of Tasks RCU enabled.
[    0.056744] rcu: RCU calculated value of scheduler-enlistment delay is 100 jiffies.
[    0.057277] rcu: Adjusting geometry for rcu_fanout_leaf=16, nr_cpu_ids=32
[    0.057756] RCU Tasks: Setting shift to 5 and lim to 1 rcu_task_cb_adjust=1 rcu_task_cpu_ids=32.
[    0.058369] RCU Tasks Rude: Setting shift to 5 and lim to 1 rcu_task_cb_adjust=1 rcu_task_cpu_ids=32.
[    0.059012] RCU Tasks Trace: Setting shift to 5 and lim to 1 rcu_task_cb_adjust=1 rcu_task_cpu_ids=32.
[    0.061343] NR_IRQS: 4352, nr_irqs: 680, preallocated irqs: 16
[    0.061915] rcu: srcu_init: Setting srcu_struct sizes based on contention.
[    0.062532] Console: colour *CGA 80x25
[    0.062800] ACPI: Core revision 20250404
[    0.063143] clocksource: hpet: mask: 0xffffffff max_cycles: 0xffffffff, max_idle_ns: 19112604467 ns
[    0.063829] APIC: Switch to symmetric I/O mode setup
[    0.064314] x2apic enabled
[    0.064668] APIC: Switched APIC routing to: physical x2apic
[    0.065056] kvm-guest: APIC: send_IPI_mask() replaced with kvm_send_ipi_mask()
[    0.065555] kvm-guest: APIC: send_IPI_mask_allbutself() replaced with kvm_send_ipi_mask_allbutself()
[    0.066179] kvm-guest: setup PV IPIs
[    0.067132] ..TIMER: vector=0x30 apic1=0 pin1=2 apic2=-1 pin2=-1
[    0.067894] clocksource: tsc-early: mask: 0xffffffffffffffff max_cycles: 0x40be463295d, max_idle_ns: 440795209293 ns
[    0.069191] Calibrating delay loop (skipped) preset value.. 8983.12 BogoMIPS (lpj=4491564)
[    0.070251] x86/cpu: User Mode Instruction Prevention (UMIP) activated
[    0.071236] Last level iTLB entries: 4KB 512, 2MB 255, 4MB 127
[    0.072190] Last level dTLB entries: 4KB 512, 2MB 255, 4MB 127, 1GB 0
[    0.072975] Speculative Store Bypass: Mitigation: Speculative Store Bypass disabled via prctl
[    0.073190] Speculative Return Stack Overflow: IBPB-extending microcode not applied!
[    0.074190] Speculative Return Stack Overflow: WARNING: See https://kernel.org/doc/html/latest/admin-guide/hw-vuln/srso.html for mitigation options.
[    0.074191] Spectre V2 : Mitigation: Enhanced / Automatic IBRS
[    0.076190] Speculative Return Stack Overflow: Vulnerable: Safe RET, no microcode
[    0.077190] Spectre V1 : Mitigation: usercopy/swapgs barriers and __user pointer sanitization
[    0.078193] Spectre V2 : mitigation: Enabling conditional Indirect Branch Prediction Barrier
[    0.079205] x86/fpu: Supporting XSAVE feature 0x001: 'x87 floating point registers'
[    0.080190] x86/fpu: Supporting XSAVE feature 0x002: 'SSE registers'
[    0.080944] x86/fpu: Supporting XSAVE feature 0x004: 'AVX registers'
[    0.081190] x86/fpu: Supporting XSAVE feature 0x020: 'AVX-512 opmask'
[    0.082190] x86/fpu: Supporting XSAVE feature 0x040: 'AVX-512 Hi256'
[    0.083190] x86/fpu: Supporting XSAVE feature 0x080: 'AVX-512 ZMM_Hi256'
[    0.084190] x86/fpu: Supporting XSAVE feature 0x200: 'Protection Keys User registers'
[    0.085123] x86/fpu: xstate_offset[2]:  576, xstate_sizes[2]:  256
[    0.085190] x86/fpu: xstate_offset[5]:  832, xstate_sizes[5]:   64
[    0.086190] x86/fpu: xstate_offset[6]:  896, xstate_sizes[6]:  512
[    0.087190] x86/fpu: xstate_offset[7]: 1408, xstate_sizes[7]: 1024
[    0.087928] x86/fpu: xstate_offset[9]: 2432, xstate_sizes[9]:    8
[    0.088190] x86/fpu: Enabled xstate features 0x2e7, context size is 2440 bytes, using 'compacted' format.
[    0.104437] Freeing SMP alternatives memory: 44K
[    0.104998] pid_max: default: 32768 minimum: 301
[    0.105209] Mount-cache hash table entries: 2048 (order: 2, 16384 bytes, linear)
[    0.106191] Mountpoint-cache hash table entries: 2048 (order: 2, 16384 bytes, linear)
[    0.107330] smpboot: CPU0: AMD Ryzen 9 7950X 16-Core Processor (family: 0x19, model: 0x61, stepping: 0x2)
[    0.108286] Performance Events: Fam17h+ core perfctr, AMD PMU driver.
[    0.109078] ... version:                0
[    0.109192] ... bit width:              48
[    0.109684] ... generic registers:      6
[    0.110162] ... value mask:             0000ffffffffffff
[    0.110192] ... max period:             00007fffffffffff
[    0.110824] ... fixed-purpose events:   0
[    0.111192] ... event mask:             000000000000003f
[    0.111909] signal: max sigframe size: 3376
[    0.112205] rcu: Hierarchical SRCU implementation.
[    0.112780] rcu: Max phase no-delay instances is 400.
[    0.113215] Timer migration: 2 hierarchy levels; 8 children per group; 2 crossnode level
[    0.116244] smp: Bringing up secondary CPUs ...
[    0.116836] smpboot: x86: Booting SMP configuration:
[    0.117193] .... node  #0, CPUs:        #1  #2  #3  #4  #5  #6  #7  #8  #9 #10 #11 #12 #13 #14 #15 #16 #17 #18 #19 #20 #21 #22 #23 #24 #25 #26 #27 #28 #29 #30 #31
[    0.128294] smp: Brought up 1 node, 32 CPUs
[    0.129697] smpboot: Total of 32 processors activated (287460.09 BogoMIPS)
[    0.131294] Memory: 970992K/1048056K available (16159K kernel code, 2479K rwdata, 6456K rodata, 3208K init, 1640K bss, 62544K reserved, 0K cma-reserved)
[    0.132325] devtmpfs: initialized
[    0.132630] x86/mm: Memory block size: 128MB
[    0.133887] clocksource: jiffies: mask: 0xffffffff max_cycles: 0xffffffff, max_idle_ns: 1911260446275000 ns
[    0.134193] posixtimers hash table entries: 16384 (order: 6, 262144 bytes, linear)
[    0.135208] futex hash table entries: 8192 (524288 bytes on 1 NUMA nodes, total 512 KiB, linear).
[    0.136267] PM: RTC time: 09:06:11, date: 2025-05-30
[    0.137200] NET: Registered PF_NETLINK/PF_ROUTE protocol family
[    0.138059] thermal_sys: Registered thermal governor 'step_wise'
[    0.138068] cpuidle: using governor menu
[    0.139390] PCI: Using configuration type 1 for base access
[    0.140069] PCI: Using configuration type 1 for extended access
[    0.140260] kprobes: kprobe jump-optimization is enabled. All kprobes are optimized if possible.
[    0.155820] HugeTLB: allocation took 0ms with hugepage_allocation_threads=8
[    0.156220] HugeTLB: registered 1.00 GiB page size, pre-allocated 0 pages
[    0.157044] HugeTLB: 16380 KiB vmemmap can be freed for a 1.00 GiB page
[    0.157192] HugeTLB: registered 2.00 MiB page size, pre-allocated 0 pages
[    0.158019] HugeTLB: 28 KiB vmemmap can be freed for a 2.00 MiB page
[    0.158779] ACPI: Added _OSI(Module Device)
[    0.159192] ACPI: Added _OSI(Processor Device)
[    0.159734] ACPI: Added _OSI(Processor Aggregator Device)
[    0.160834] ACPI: 1 ACPI AML tables successfully acquired and loaded
[    0.161565] ACPI: Interpreter enabled
[    0.162200] ACPI: PM: (supports S0 S3 S4 S5)
[    0.162722] ACPI: Using IOAPIC for interrupt routing
[    0.163199] PCI: Using host bridge windows from ACPI; if necessary, use "pci=nocrs" and report a bug
[    0.164192] PCI: Using E820 reservations for host bridge windows
[    0.165006] ACPI: Enabled 2 GPEs in block 00 to 0F
[    0.167767] ACPI: PCI Root Bridge [PCI0] (domain 0000 [bus 00-ff])
[    0.168194] acpi PNP0A03:00: _OSC: OS supports [ExtendedConfig ASPM ClockPM Segments MSI HPX-Type3]
[    0.169278] PCI host bridge to bus 0000:00
[    0.169780] pci_bus 0000:00: root bus resource [io  0x0000-0x0cf7 window]
[    0.170192] pci_bus 0000:00: root bus resource [io  0x0d00-0xffff window]
[    0.171014] pci_bus 0000:00: root bus resource [mem 0x000a0000-0x000bffff window]
[    0.171192] pci_bus 0000:00: root bus resource [mem 0x40000000-0xfebfffff window]
[    0.172104] pci_bus 0000:00: root bus resource [mem 0x100000000-0x17fffffff window]
[    0.172192] pci_bus 0000:00: root bus resource [bus 00-ff]
[    0.172934] pci 0000:00:00.0: [8086:1237] type 00 class 0x060000 conventional PCI endpoint
[    0.173453] pci 0000:00:01.0: [8086:7000] type 00 class 0x060100 conventional PCI endpoint
[    0.174454] pci 0000:00:01.1: [8086:7010] type 00 class 0x010180 conventional PCI endpoint
[    0.175597] pci 0000:00:01.1: BAR 4 [io  0xc0c0-0xc0cf]
[    0.176211] pci 0000:00:01.1: BAR 0 [io  0x01f0-0x01f7]: legacy IDE quirk
[    0.177036] pci 0000:00:01.1: BAR 1 [io  0x03f6]: legacy IDE quirk
[    0.177192] pci 0000:00:01.1: BAR 2 [io  0x0170-0x0177]: legacy IDE quirk
[    0.178013] pci 0000:00:01.1: BAR 3 [io  0x0376]: legacy IDE quirk
[    0.178281] pci 0000:00:01.3: [8086:7113] type 00 class 0x068000 conventional PCI endpoint
[    0.179381] pci 0000:00:01.3: quirk: [io  0x0600-0x063f] claimed by PIIX4 ACPI
[    0.180196] pci 0000:00:01.3: quirk: [io  0x0700-0x070f] claimed by PIIX4 SMB
[    0.181225] pci 0000:00:02.0: [1af4:1009] type 00 class 0x000200 conventional PCI endpoint
[    0.183016] pci 0000:00:02.0: BAR 0 [io  0xc000-0xc03f]
[    0.183196] pci 0000:00:02.0: BAR 1 [mem 0xfebfc000-0xfebfcfff]
[    0.183932] pci 0000:00:02.0: BAR 4 [mem 0xfebf0000-0xfebf3fff 64bit pref]
[    0.184856] pci 0000:00:03.0: [1af4:1009] type 00 class 0x000200 conventional PCI endpoint
[    0.185706] pci 0000:00:03.0: BAR 0 [io  0xc040-0xc07f]
[    0.186196] pci 0000:00:03.0: BAR 1 [mem 0xfebfd000-0xfebfdfff]
[    0.186927] pci 0000:00:03.0: BAR 4 [mem 0xfebf4000-0xfebf7fff 64bit pref]
[    0.187712] pci 0000:00:04.0: [8086:25ab] type 00 class 0x088000 conventional PCI endpoint
[    0.188473] pci 0000:00:04.0: BAR 0 [mem 0xfebfe000-0xfebfe00f]
[    0.189585] pci 0000:00:05.0: [1af4:1003] type 00 class 0x078000 conventional PCI endpoint
[    0.191010] pci 0000:00:05.0: BAR 0 [io  0xc080-0xc0bf]
[    0.191196] pci 0000:00:05.0: BAR 1 [mem 0xfebff000-0xfebfffff]
[    0.191926] pci 0000:00:05.0: BAR 4 [mem 0xfebf8000-0xfebfbfff 64bit pref]
[    0.192901] ACPI: PCI: Interrupt link LNKA configured for IRQ 10
[    0.193295] ACPI: PCI: Interrupt link LNKB configured for IRQ 10
[    0.194118] ACPI: PCI: Interrupt link LNKC configured for IRQ 11
[    0.194288] ACPI: PCI: Interrupt link LNKD configured for IRQ 11
[    0.195082] ACPI: PCI: Interrupt link LNKS configured for IRQ 9
[    0.195987] iommu: Default domain type: Translated
[    0.196193] iommu: DMA domain TLB invalidation policy: lazy mode
[    0.197232] SCSI subsystem initialized
[    0.197697] pps_core: LinuxPPS API ver. 1 registered
[    0.198192] pps_core: Software ver. 5.3.6 - Copyright 2005-2007 Rodolfo Giometti <giometti@linux.it>
[    0.199194] PTP clock support registered
[    0.199687] Advanced Linux Sound Architecture Driver Initialized.
[    0.200448] NET: Registered PF_ATMPVC protocol family
[    0.201063] NET: Registered PF_ATMSVC protocol family
[    0.201198] PCI: Using ACPI for IRQ routing
[    0.201784] vgaarb: loaded
[    0.201784] hpet0: at MMIO 0xfed00000, IRQs 2, 8, 0
[    0.202789] hpet0: 3 comparators, 64-bit 100.000000 MHz counter
[    0.209534] clocksource: Switched to clocksource kvm-clock
[    0.210060] VFS: Disk quotas dquot_6.6.0
[    0.210564] VFS: Dquot-cache hash table entries: 512 (order 0, 4096 bytes)
[    0.211453] pnp: PnP ACPI init
[    0.212003] pnp: PnP ACPI: found 5 devices
[    0.218733] clocksource: acpi_pm: mask: 0xffffff max_cycles: 0xffffff, max_idle_ns: 2085701024 ns
[    0.219831] NET: Registered PF_INET protocol family
[    0.220441] IP idents hash table entries: 16384 (order: 5, 131072 bytes, linear)
[    0.221474] tcp_listen_portaddr_hash hash table entries: 512 (order: 1, 8192 bytes, linear)
[    0.222495] Table-perturb hash table entries: 65536 (order: 6, 262144 bytes, linear)
[    0.223442] TCP established hash table entries: 8192 (order: 4, 65536 bytes, linear)
[    0.224385] TCP bind hash table entries: 8192 (order: 6, 262144 bytes, linear)
[    0.225274] TCP: Hash tables configured (established 8192 bind 8192)
[    0.226066] UDP hash table entries: 512 (order: 3, 32768 bytes, linear)
[    0.226864] UDP-Lite hash table entries: 512 (order: 3, 32768 bytes, linear)
[    0.227732] NET: Registered PF_UNIX/PF_LOCAL protocol family
[    0.228422] pci_bus 0000:00: resource 4 [io  0x0000-0x0cf7 window]
[    0.229168] pci_bus 0000:00: resource 5 [io  0x0d00-0xffff window]
[    0.229917] pci_bus 0000:00: resource 6 [mem 0x000a0000-0x000bffff window]
[    0.230744] pci_bus 0000:00: resource 7 [mem 0x40000000-0xfebfffff window]
[    0.231576] pci_bus 0000:00: resource 8 [mem 0x100000000-0x17fffffff window]
[    0.232451] pci 0000:00:01.0: PIIX3: Enabling Passive Release
[    0.233152] pci 0000:00:00.0: Limiting direct PCI/PCI transfers
[    0.233899] PCI: CLS 0 bytes, default 64
[    0.234446] kvm_intel: VMX not supported by CPU 0
[    0.235034] kvm_amd: TSC scaling supported
[    0.235527] kvm_amd: Nested Virtualization enabled
[    0.236105] kvm_amd: Nested Paging enabled
[    0.236600] kvm_amd: LBR virtualization supported
[    0.237177] kvm_amd: Virtual GIF supported
[    0.237669] kvm_amd: Virtual NMI enabled
[    0.273259] clocksource: tsc: mask: 0xffffffffffffffff max_cycles: 0x40be463295d, max_idle_ns: 440795209293 ns
[    0.279282] Initialise system trusted keyrings
[    0.279895] workingset: timestamp_bits=56 max_order=18 bucket_order=0
[    0.280717] squashfs: version 4.0 (2009/01/31) Phillip Lougher
[    0.281447] fuse: init (API version 7.43)
[    0.281984] 9p: Installing v9fs 9p2000 file system support
[    0.288997] Key type asymmetric registered
[    0.289501] Asymmetric key parser 'x509' registered
[    0.290113] Block layer SCSI generic (bsg) driver version 0.4 loaded (major 249)
[    0.291038] io scheduler mq-deadline registered
[    0.291593] io scheduler kyber registered
[    0.293411] input: Power Button as /devices/LNXSYSTM:00/LNXPWRBN:00/input/input0
[    0.294371] ACPI: button: Power Button [PWRF]
[    0.295272] Warning: Processor Platform Limit event detected, but not handled.
[    0.296160] Consider compiling CPUfreq support into your kernel.
[    0.313167] ACPI: \_SB_.LNKB: Enabled at IRQ 10
[    0.328501] ACPI: \_SB_.LNKC: Enabled at IRQ 11
[    0.343765] ACPI: \_SB_.LNKA: Enabled at IRQ 10
[    0.344845] Serial: 8250/16550 driver, 4 ports, IRQ sharing enabled
[    0.345701] 00:03: ttyS0 at I/O 0x3f8 (irq = 4, base_baud = 115200) is a 16550A
[    0.366382] Non-volatile memory driver v1.3
[    0.366933] Linux agpgart interface v0.103
[    0.367439] printk: legacy console [hvc0] enabled
[    0.367489] ACPI: bus type drm_connector registered
[    0.368030] printk: legacy bootconsole [earlyser0] disabled
          _      _                                    
   __   _(_)_ __| |_ _ __ ___   ___       _ __   __ _ 
   \ \ / / |  __| __|  _   _ \ / _ \_____|  _ \ / _  |
    \ V /| | |  | |_| | | | | |  __/_____| | | | (_| |
     \_/ |_|_|   \__|_| |_| |_|\___|     |_| |_|\__  |
                                                |___/ 
   kernel version: 6.15.0-virtme x86_64
   (CTRL+d to exit)

root@virtme-ng:/nipa-data/kernel# PS1='xx__-> '
xx__-> env
PWD=/nipa-data/kernel
nr_open=1048576
HOME=/
TERM=xterm
SHLVL=2
XDG_RUNTIME_DIR=/run/user/0
PATH=/bin:/sbin:/usr/bin:/usr/sbin:/usr/local/bin
OLDPWD=/
_=/bin/env
xx__-> 