No EFI environment detected.
early console in extract_kernel
input_data: 0x0000000002be72c4
input_len: 0x0000000000b6dd92
output: 0x0000000001000000
output_len: 0x000000000270ccf0
kernel_total_size: 0x0000000002430000
needed_size: 0x0000000002800000
trampoline_32bit: 0x0000000000000000
Physical KASLR using RDRAND RDTSC...
Virtual KASLR using RDRAND RDTSC...

Decompressing Linux... Parsing ELF... Performing relocations... done.
Booting the kernel (entry_offset: 0x0000000000000000).
[    0.000000] Linux version 6.12.0-rc3-virtme (root@d7510fc509fe) (gcc (Ubuntu 13.2.0-23ubuntu4) 13.2.0, GNU ld (GNU Binutils for Ubuntu) 2.42) #1 SMP PREEMPT_DYNAMIC Sat Oct 19 18:06:29 UTC 2024
[    0.000000] Command line: virtme_hostname=virtme-ng nr_open=1048576 virtme_link_mods=/nipa-data/kernel/.virtme_mods/lib/modules/0.0.0 virtme_initmount0=nipa-data/kernel virtme_rw_overlay0=/etc virtme_rw_overlay1=/lib virtme_rw_overlay2=/home virtme_rw_overlay3=/opt virtme_rw_overlay4=/srv virtme_rw_overlay5=/usr virtme_rw_overlay6=/var console=hvc0 earlyprintk=serial,ttyS0,115200 virtme_console=ttyS0 psmouse.proto=exps TERM=xterm virtme_chdir=nipa-data/kernel virtme_root_user=1 rootfstype=9p rootflags=version=9p2000.L,trans=virtio,access=any raid=noautodetect ro init=/usr/lib/python3/dist-packages/virtme/guest/virtme-init
[    0.000000] BIOS-provided physical RAM map:
[    0.000000] BIOS-e820: [mem 0x0000000000000000-0x000000000009fbff] usable
[    0.000000] BIOS-e820: [mem 0x000000000009fc00-0x000000000009ffff] reserved
[    0.000000] BIOS-e820: [mem 0x00000000000f0000-0x00000000000fffff] reserved
[    0.000000] BIOS-e820: [mem 0x0000000000100000-0x000000003ffdffff] usable
[    0.000000] BIOS-e820: [mem 0x000000003ffe0000-0x000000003fffffff] reserved
[    0.000000] BIOS-e820: [mem 0x00000000feffc000-0x00000000feffffff] reserved
[    0.000000] BIOS-e820: [mem 0x00000000fffc0000-0x00000000ffffffff] reserved
[    0.000000] BIOS-e820: [mem 0x000000fd00000000-0x000000ffffffffff] reserved
[    0.000000] printk: legacy bootconsole [earlyser0] enabled
[    0.000000] NX (Execute Disable) protection: active
[    0.000000] APIC: Static calls initialized
[    0.000000] SMBIOS 3.0.0 present.
[    0.000000] DMI: QEMU Ubuntu 24.04 PC (i440FX + PIIX, 1996), BIOS 1.16.3-debian-1.16.3-2 04/01/2014
[    0.000000] DMI: Memory slots populated: 1/1
[    0.000000] Hypervisor detected: KVM
[    0.000000] kvm-clock: Using msrs 4b564d01 and 4b564d00
[    0.000000] kvm-clock: using sched offset of 165897871 cycles
[    0.000341] clocksource: kvm-clock: mask: 0xffffffffffffffff max_cycles: 0x1cd42e4dffb, max_idle_ns: 881590591483 ns
[    0.001400] tsc: Detected 4491.560 MHz processor
[    0.001953] last_pfn = 0x3ffe0 max_arch_pfn = 0x400000000
[    0.002327] MTRR map: 4 entries (3 fixed + 1 variable; max 19), built from 8 variable MTRRs
[    0.002877] x86/PAT: Configuration [0-7]: WB  WC  UC- UC  WB  WP  UC- WT  
Memory KASLR using RDRAND RDTSC...
[    0.004760] found SMP MP-table at [mem 0x000f5470-0x000f547f]
[    0.005138] Using GB pages for direct mapping
[    0.005494] ACPI: Early table checksum verification disabled
[    0.005868] ACPI: RSDP 0x00000000000F5290 000014 (v00 BOCHS )
[    0.006243] ACPI: RSDT 0x000000003FFE27BC 000034 (v01 BOCHS  BXPC     00000001 BXPC 00000001)
[    0.006798] ACPI: FACP 0x000000003FFE2578 000074 (v01 BOCHS  BXPC     00000001 BXPC 00000001)
[    0.007368] ACPI: DSDT 0x000000003FFE0040 002538 (v01 BOCHS  BXPC     00000001 BXPC 00000001)
[    0.007922] ACPI: FACS 0x000000003FFE0000 000040
[    0.008222] ACPI: APIC 0x000000003FFE25EC 000170 (v03 BOCHS  BXPC     00000001 BXPC 00000001)
[    0.008777] ACPI: HPET 0x000000003FFE275C 000038 (v01 BOCHS  BXPC     00000001 BXPC 00000001)
[    0.009330] ACPI: WAET 0x000000003FFE2794 000028 (v01 BOCHS  BXPC     00000001 BXPC 00000001)
[    0.009883] ACPI: Reserving FACP table memory at [mem 0x3ffe2578-0x3ffe25eb]
[    0.010340] ACPI: Reserving DSDT table memory at [mem 0x3ffe0040-0x3ffe2577]
[    0.010797] ACPI: Reserving FACS table memory at [mem 0x3ffe0000-0x3ffe003f]
[    0.011256] ACPI: Reserving APIC table memory at [mem 0x3ffe25ec-0x3ffe275b]
[    0.011713] ACPI: Reserving HPET table memory at [mem 0x3ffe275c-0x3ffe2793]
[    0.012169] ACPI: Reserving WAET table memory at [mem 0x3ffe2794-0x3ffe27bb]
[    0.012751] No NUMA configuration found
[    0.013000] Faking a node at [mem 0x0000000000000000-0x000000003ffdffff]
[    0.013435] NODE_DATA(0) allocated [mem 0x3ffdb780-0x3ffdffff]
[    0.013821] Zone ranges:
[    0.013985]   DMA      [mem 0x0000000000001000-0x0000000000ffffff]
[    0.014385]   DMA32    [mem 0x0000000001000000-0x000000003ffdffff]
[    0.014786]   Normal   empty
[    0.014975]   Device   empty
[    0.015161] Movable zone start for each node
[    0.015438] Early memory node ranges
[    0.015670]   node   0: [mem 0x0000000000001000-0x000000000009efff]
[    0.016076]   node   0: [mem 0x0000000000100000-0x000000003ffdffff]
[    0.016483] Initmem setup node 0 [mem 0x0000000000001000-0x000000003ffdffff]
[    0.016941] On node 0, zone DMA: 1 pages in unavailable ranges
[    0.017327] On node 0, zone DMA: 97 pages in unavailable ranges
[    0.018634] On node 0, zone DMA32: 32 pages in unavailable ranges
[    0.019214] ACPI: PM-Timer IO Port: 0x608
[    0.019477] ACPI: LAPIC_NMI (acpi_id[0xff] dfl dfl lint[0x1])
[    0.019864] IOAPIC[0]: apic_id 0, version 17, address 0xfec00000, GSI 0-23
[    0.020310] ACPI: INT_SRC_OVR (bus 0 bus_irq 0 global_irq 2 dfl dfl)
[    0.020722] ACPI: INT_SRC_OVR (bus 0 bus_irq 5 global_irq 5 high level)
[    0.021150] ACPI: INT_SRC_OVR (bus 0 bus_irq 9 global_irq 9 high level)
[    0.021579] ACPI: INT_SRC_OVR (bus 0 bus_irq 10 global_irq 10 high level)
[    0.022019] ACPI: INT_SRC_OVR (bus 0 bus_irq 11 global_irq 11 high level)
[    0.022460] ACPI: Using ACPI (MADT) for SMP configuration information
[    0.022913] ACPI: HPET id: 0x8086a201 base: 0xfed00000
[    0.023247] TSC deadline timer available
[    0.023503] CPU topo: Max. logical packages:   1
[    0.023802] CPU topo: Max. logical dies:       1
[    0.024101] CPU topo: Max. dies per package:   1
[    0.024402] CPU topo: Max. threads per core:   1
[    0.024700] CPU topo: Num. cores per package:    32
[    0.025016] CPU topo: Num. threads per package:  32
[    0.025332] CPU topo: Allowing 32 present CPUs plus 0 hotplug CPUs
[    0.025738] kvm-guest: APIC: eoi() replaced with kvm_guest_apic_eoi_write()
[    0.026195] kvm-guest: KVM setup pv remote TLB flush
[    0.026518] kvm-guest: setup PV sched yield
[    0.026790] PM: hibernation: Registered nosave memory: [mem 0x00000000-0x00000fff]
[    0.027285] PM: hibernation: Registered nosave memory: [mem 0x0009f000-0x0009ffff]
[    0.027775] PM: hibernation: Registered nosave memory: [mem 0x000a0000-0x000effff]
[    0.028266] PM: hibernation: Registered nosave memory: [mem 0x000f0000-0x000fffff]
[    0.028757] [mem 0x40000000-0xfeffbfff] available for PCI devices
[    0.029152] Booting paravirtualized kernel on KVM
[    0.029457] clocksource: refined-jiffies: mask: 0xffffffff max_cycles: 0xffffffff, max_idle_ns: 1910969940391419 ns
[    0.032896] setup_percpu: NR_CPUS:64 nr_cpumask_bits:32 nr_cpu_ids:32 nr_node_ids:1
[    0.033989] percpu: Embedded 58 pages/cpu s199128 r8192 d30248 u262144
[    0.034443] Kernel command line: virtme_hostname=virtme-ng nr_open=1048576 virtme_link_mods=/nipa-data/kernel/.virtme_mods/lib/modules/0.0.0 virtme_initmount0=nipa-data/kernel virtme_rw_overlay0=/etc virtme_rw_overlay1=/lib virtme_rw_overlay2=/home virtme_rw_overlay3=/opt virtme_rw_overlay4=/srv virtme_rw_overlay5=/usr virtme_rw_overlay6=/var console=hvc0 earlyprintk=serial,ttyS0,115200 virtme_console=ttyS0 psmouse.proto=exps TERM=xterm virtme_chdir=nipa-data/kernel virtme_root_user=1 rootfstype=9p rootflags=version=9p2000.L,trans=virtio,access=any raid=noautodetect ro init=/usr/lib/python3/dist-packages/virtme/guest/virtme-init
[    0.038243] Unknown kernel command line parameters "virtme_hostname=virtme-ng nr_open=1048576 virtme_link_mods=/nipa-data/kernel/.virtme_mods/lib/modules/0.0.0 virtme_initmount0=nipa-data/kernel virtme_rw_overlay0=/etc virtme_rw_overlay1=/lib virtme_rw_overlay2=/home virtme_rw_overlay3=/opt virtme_rw_overlay4=/srv virtme_rw_overlay5=/usr virtme_rw_overlay6=/var virtme_console=ttyS0 virtme_chdir=nipa-data/kernel virtme_root_user=1", will be passed to user space.
[    0.041159] random: crng init done
[    0.041411] Dentry cache hash table entries: 131072 (order: 8, 1048576 bytes, linear)
[    0.041950] Inode-cache hash table entries: 65536 (order: 7, 524288 bytes, linear)
[    0.042538] Fallback order for Node 0: 0 
[    0.042540] Built 1 zonelists, mobility grouping on.  Total pages: 262014
[    0.043270] Policy zone: DMA32
[    0.043476] mem auto-init: stack:all(zero), heap alloc:off, heap free:off
[    0.044496] SLUB: HWalign=64, Order=0-3, MinObjects=0, CPUs=32, Nodes=1
Poking KASLR using RDRAND RDTSC...
[    0.045165] ftrace: allocating 48469 entries in 190 pages
[    0.051780] ftrace: allocated 190 pages with 6 groups
[    0.052674] Dynamic Preempt: voluntary
[    0.053043] rcu: Preemptible hierarchical RCU implementation.
[    0.053423] rcu: RCU event tracing is enabled.
[    0.053722] rcu: RCU restricting CPUs from NR_CPUS=64 to nr_cpu_ids=32.
[    0.054164] Trampoline variant of Tasks RCU enabled.
[    0.054496] Rude variant of Tasks RCU enabled.
[    0.054808] Tracing variant of Tasks RCU enabled.
[    0.055125] rcu: RCU calculated value of scheduler-enlistment delay is 100 jiffies.
[    0.055632] rcu: Adjusting geometry for rcu_fanout_leaf=16, nr_cpu_ids=32
[    0.056087] RCU Tasks: Setting shift to 5 and lim to 1 rcu_task_cb_adjust=1 rcu_task_cpu_ids=32.
[    0.056670] RCU Tasks Rude: Setting shift to 5 and lim to 1 rcu_task_cb_adjust=1 rcu_task_cpu_ids=32.
[    0.057282] RCU Tasks Trace: Setting shift to 5 and lim to 1 rcu_task_cb_adjust=1 rcu_task_cpu_ids=32.
[    0.059246] NR_IRQS: 4352, nr_irqs: 680, preallocated irqs: 16
[    0.059799] rcu: srcu_init: Setting srcu_struct sizes based on contention.
[    0.060387] Console: colour *CGA 80x25
[    0.060642] ACPI: Core revision 20240827
[    0.060969] clocksource: hpet: mask: 0xffffffff max_cycles: 0xffffffff, max_idle_ns: 19112604467 ns
[    0.061627] APIC: Switch to symmetric I/O mode setup
[    0.061982] kvm-guest: APIC: send_IPI_mask() replaced with kvm_send_ipi_mask()
[    0.062460] kvm-guest: APIC: send_IPI_mask_allbutself() replaced with kvm_send_ipi_mask_allbutself()
[    0.063062] kvm-guest: setup PV IPIs
[    0.064023] ..TIMER: vector=0x30 apic1=0 pin1=2 apic2=-1 pin2=-1
[    0.064761] clocksource: tsc-early: mask: 0xffffffffffffffff max_cycles: 0x40be4320a4d, max_idle_ns: 440795288133 ns
[    0.066029] Calibrating delay loop (skipped) preset value.. 8983.12 BogoMIPS (lpj=4491560)
[    0.067085] x86/cpu: User Mode Instruction Prevention (UMIP) activated
[    0.068074] Last level iTLB entries: 4KB 512, 2MB 255, 4MB 127
[    0.068764] Last level dTLB entries: 4KB 512, 2MB 255, 4MB 127, 1GB 0
[    0.069031] Spectre V1 : Mitigation: usercopy/swapgs barriers and __user pointer sanitization
[    0.070031] Spectre V2 : Mitigation: Enhanced / Automatic IBRS
[    0.071028] Spectre V2 : Spectre v2 / SpectreRSB mitigation: Filling RSB on context switch
[    0.072029] Spectre V2 : mitigation: Enabling conditional Indirect Branch Prediction Barrier
[    0.073029] Speculative Store Bypass: Mitigation: Speculative Store Bypass disabled via prctl
[    0.074028] Speculative Return Stack Overflow: IBPB-extending microcode not applied!
[    0.075028] Speculative Return Stack Overflow: WARNING: See https://kernel.org/doc/html/latest/admin-guide/hw-vuln/srso.html for mitigation options.
[    0.075028] Speculative Return Stack Overflow: Vulnerable: Safe RET, no microcode
[    0.077036] x86/fpu: Supporting XSAVE feature 0x001: 'x87 floating point registers'
[    0.077936] x86/fpu: Supporting XSAVE feature 0x002: 'SSE registers'
[    0.078028] x86/fpu: Supporting XSAVE feature 0x004: 'AVX registers'
[    0.079028] x86/fpu: Supporting XSAVE feature 0x020: 'AVX-512 opmask'
[    0.080028] x86/fpu: Supporting XSAVE feature 0x040: 'AVX-512 Hi256'
[    0.080773] x86/fpu: Supporting XSAVE feature 0x080: 'AVX-512 ZMM_Hi256'
[    0.081028] x86/fpu: Supporting XSAVE feature 0x200: 'Protection Keys User registers'
[    0.082028] x86/fpu: xstate_offset[2]:  576, xstate_sizes[2]:  256
[    0.083028] x86/fpu: xstate_offset[5]:  832, xstate_sizes[5]:   64
[    0.084028] x86/fpu: xstate_offset[6]:  896, xstate_sizes[6]:  512
[    0.084752] x86/fpu: xstate_offset[7]: 1408, xstate_sizes[7]: 1024
[    0.085028] x86/fpu: xstate_offset[9]: 2432, xstate_sizes[9]:    8
[    0.086028] x86/fpu: Enabled xstate features 0x2e7, context size is 2440 bytes, using 'compacted' format.
[    0.101112] Freeing SMP alternatives memory: 40K
[    0.101658] pid_max: default: 32768 minimum: 301
[    0.102048] Mount-cache hash table entries: 2048 (order: 2, 16384 bytes, linear)
[    0.103029] Mountpoint-cache hash table entries: 2048 (order: 2, 16384 bytes, linear)
[    0.104160] smpboot: CPU0: AMD Ryzen 9 7950X 16-Core Processor (family: 0x19, model: 0x61, stepping: 0x2)
[    0.105139] Performance Events: Fam17h+ core perfctr, AMD PMU driver.
[    0.105929] ... version:                0
[    0.106030] ... bit width:              48
[    0.106515] ... generic registers:      6
[    0.106989] ... value mask:             0000ffffffffffff
[    0.107029] ... max period:             00007fffffffffff
[    0.107653] ... fixed-purpose events:   0
[    0.108029] ... event mask:             000000000000003f
[    0.108725] signal: max sigframe size: 3376
[    0.109043] rcu: Hierarchical SRCU implementation.
[    0.109607] rcu: Max phase no-delay instances is 400.
[    0.110049] Timer migration: 2 hierarchy levels; 8 children per group; 2 crossnode level
[    0.113071] smp: Bringing up secondary CPUs ...
[    0.113655] smpboot: x86: Booting SMP configuration:
[    0.114031] .... node  #0, CPUs:        #1  #2  #3  #4  #5  #6  #7  #8  #9 #10 #11 #12 #13 #14 #15 #16 #17 #18 #19 #20 #21 #22 #23 #24 #25 #26 #27 #28 #29 #30 #31
[    0.126119] smp: Brought up 1 node, 32 CPUs
[    0.127524] smpboot: Total of 32 processors activated (287459.84 BogoMIPS)
[    0.130050] Memory: 970432K/1048056K available (16384K kernel code, 2449K rwdata, 6280K rodata, 3132K init, 1856K bss, 63200K reserved, 0K cma-reserved)
[    0.131155] devtmpfs: initialized
[    0.131445] x86/mm: Memory block size: 128MB
[    0.132692] clocksource: jiffies: mask: 0xffffffff max_cycles: 0xffffffff, max_idle_ns: 1911260446275000 ns
[    0.133031] futex hash table entries: 8192 (order: 7, 524288 bytes, linear)
[    0.133961] PM: RTC time: 18:06:49, date: 2024-10-19
[    0.134357] NET: Registered PF_NETLINK/PF_ROUTE protocol family
[    0.135139] thermal_sys: Registered thermal governor 'step_wise'
[    0.135140] thermal_sys: Registered thermal governor 'user_space'
[    0.135870] cpuidle: using governor menu
[    0.137208] PCI: Using configuration type 1 for base access
[    0.138029] PCI: Using configuration type 1 for extended access
[    0.138788] kprobes: kprobe jump-optimization is enabled. All kprobes are optimized if possible.
[    0.157210] HugeTLB: registered 1.00 GiB page size, pre-allocated 0 pages
[    0.158027] HugeTLB: 16380 KiB vmemmap can be freed for a 1.00 GiB page
[    0.158030] HugeTLB: registered 2.00 MiB page size, pre-allocated 0 pages
[    0.158834] HugeTLB: 28 KiB vmemmap can be freed for a 2.00 MiB page
[    0.159259] ACPI: Added _OSI(Module Device)
[    0.159762] ACPI: Added _OSI(Processor Device)
[    0.160030] ACPI: Added _OSI(3.0 _SCP Extensions)
[    0.160592] ACPI: Added _OSI(Processor Aggregator Device)
[    0.161668] ACPI: 1 ACPI AML tables successfully acquired and loaded
[    0.162405] ACPI: Interpreter enabled
[    0.163037] ACPI: PM: (supports S0 S3 S4 S5)
[    0.163548] ACPI: Using IOAPIC for interrupt routing
[    0.164036] PCI: Using host bridge windows from ACPI; if necessary, use "pci=nocrs" and report a bug
[    0.165029] PCI: Using E820 reservations for host bridge windows
[    0.165825] ACPI: Enabled 2 GPEs in block 00 to 0F
[    0.168437] ACPI: PCI Root Bridge [PCI0] (domain 0000 [bus 00-ff])
[    0.169031] acpi PNP0A03:00: _OSC: OS supports [ExtendedConfig ASPM ClockPM Segments MSI HPX-Type3]
[    0.170112] PCI host bridge to bus 0000:00
[    0.170602] pci_bus 0000:00: root bus resource [io  0x0000-0x0cf7 window]
[    0.171030] pci_bus 0000:00: root bus resource [io  0x0d00-0xffff window]
[    0.171839] pci_bus 0000:00: root bus resource [mem 0x000a0000-0x000bffff window]
[    0.172029] pci_bus 0000:00: root bus resource [mem 0x40000000-0xfebfffff window]
[    0.172916] pci_bus 0000:00: root bus resource [mem 0x100000000-0x17fffffff window]
[    0.173029] pci_bus 0000:00: root bus resource [bus 00-ff]
[    0.173763] pci 0000:00:00.0: [8086:1237] type 00 class 0x060000 conventional PCI endpoint
[    0.174255] pci 0000:00:01.0: [8086:7000] type 00 class 0x060100 conventional PCI endpoint
[    0.175318] pci 0000:00:01.1: [8086:7010] type 00 class 0x010180 conventional PCI endpoint
[    0.177138] pci 0000:00:01.1: BAR 4 [io  0xc0c0-0xc0cf]
[    0.178639] pci 0000:00:01.1: BAR 0 [io  0x01f0-0x01f7]: legacy IDE quirk
[    0.179030] pci 0000:00:01.1: BAR 1 [io  0x03f6]: legacy IDE quirk
[    0.179770] pci 0000:00:01.1: BAR 2 [io  0x0170-0x0177]: legacy IDE quirk
[    0.180029] pci 0000:00:01.1: BAR 3 [io  0x0376]: legacy IDE quirk
[    0.180851] pci 0000:00:01.3: [8086:7113] type 00 class 0x068000 conventional PCI endpoint
[    0.181249] pci 0000:00:01.3: quirk: [io  0x0600-0x063f] claimed by PIIX4 ACPI
[    0.182033] pci 0000:00:01.3: quirk: [io  0x0700-0x070f] claimed by PIIX4 SMB
[    0.183043] pci 0000:00:02.0: [1af4:1009] type 00 class 0x000200 conventional PCI endpoint
[    0.184471] pci 0000:00:02.0: BAR 0 [io  0xc000-0xc03f]
[    0.185380] pci 0000:00:02.0: BAR 1 [mem 0xfebfc000-0xfebfcfff]
[    0.187515] pci 0000:00:02.0: BAR 4 [mem 0xfebf0000-0xfebf3fff 64bit pref]
[    0.188912] pci 0000:00:03.0: [1af4:1009] type 00 class 0x000200 conventional PCI endpoint
[    0.189572] pci 0000:00:03.0: BAR 0 [io  0xc040-0xc07f]
[    0.190883] pci 0000:00:03.0: BAR 1 [mem 0xfebfd000-0xfebfdfff]
[    0.193030] pci 0000:00:03.0: BAR 4 [mem 0xfebf4000-0xfebf7fff 64bit pref]
[    0.195526] pci 0000:00:04.0: [8086:25ab] type 00 class 0x088000 conventional PCI endpoint
[    0.196212] pci 0000:00:04.0: BAR 0 [mem 0xfebfe000-0xfebfe00f]
[    0.198003] pci 0000:00:05.0: [1af4:1003] type 00 class 0x078000 conventional PCI endpoint
[    0.198386] pci 0000:00:05.0: BAR 0 [io  0xc080-0xc0bf]
[    0.199208] pci 0000:00:05.0: BAR 1 [mem 0xfebff000-0xfebfffff]
[    0.200834] pci 0000:00:05.0: BAR 4 [mem 0xfebf8000-0xfebfbfff 64bit pref]
[    0.202184] ACPI: PCI: Interrupt link LNKA configured for IRQ 10
[    0.203134] ACPI: PCI: Interrupt link LNKB configured for IRQ 10
[    0.203964] ACPI: PCI: Interrupt link LNKC configured for IRQ 11
[    0.204122] ACPI: PCI: Interrupt link LNKD configured for IRQ 11
[    0.204900] ACPI: PCI: Interrupt link LNKS configured for IRQ 9
[    0.205818] iommu: Default domain type: Translated
[    0.206030] iommu: DMA domain TLB invalidation policy: lazy mode
[    0.206791] SCSI subsystem initialized
[    0.207058] pps_core: LinuxPPS API ver. 1 registered
[    0.207648] pps_core: Software ver. 5.3.6 - Copyright 2005-2007 Rodolfo Giometti <giometti@linux.it>
[    0.208031] PTP clock support registered
[    0.208513] Advanced Linux Sound Architecture Driver Initialized.
[    0.209273] NET: Registered PF_ATMPVC protocol family
[    0.209875] NET: Registered PF_ATMSVC protocol family
[    0.210035] PCI: Using ACPI for IRQ routing
[    0.210615] vgaarb: loaded
[    0.211035] hpet0: at MMIO 0xfed00000, IRQs 2, 8, 0
[    0.211621] hpet0: 3 comparators, 64-bit 100.000000 MHz counter
[    0.215175] clocksource: Switched to clocksource kvm-clock
[    0.215789] VFS: Disk quotas dquot_6.6.0
[    0.216301] VFS: Dquot-cache hash table entries: 512 (order 0, 4096 bytes)
[    0.217164] pnp: PnP ACPI init
[    0.217692] pnp: PnP ACPI: found 5 devices
[    0.224855] clocksource: acpi_pm: mask: 0xffffff max_cycles: 0xffffff, max_idle_ns: 2085701024 ns
[    0.225927] NET: Registered PF_INET protocol family
[    0.226521] IP idents hash table entries: 16384 (order: 5, 131072 bytes, linear)
[    0.227540] tcp_listen_portaddr_hash hash table entries: 512 (order: 1, 8192 bytes, linear)
[    0.228543] Table-perturb hash table entries: 65536 (order: 6, 262144 bytes, linear)
[    0.229472] TCP established hash table entries: 8192 (order: 4, 65536 bytes, linear)
[    0.230490] TCP bind hash table entries: 8192 (order: 6, 262144 bytes, linear)
[    0.231361] TCP: Hash tables configured (established 8192 bind 8192)
[    0.232133] UDP hash table entries: 512 (order: 2, 16384 bytes, linear)
[    0.232926] UDP-Lite hash table entries: 512 (order: 2, 16384 bytes, linear)
[    0.233787] NET: Registered PF_UNIX/PF_LOCAL protocol family
[    0.234463] pci_bus 0000:00: resource 4 [io  0x0000-0x0cf7 window]
[    0.235206] pci_bus 0000:00: resource 5 [io  0x0d00-0xffff window]
[    0.235949] pci_bus 0000:00: resource 6 [mem 0x000a0000-0x000bffff window]
[    0.236774] pci_bus 0000:00: resource 7 [mem 0x40000000-0xfebfffff window]
[    0.237588] pci_bus 0000:00: resource 8 [mem 0x100000000-0x17fffffff window]
[    0.238447] pci 0000:00:01.0: PIIX3: Enabling Passive Release
[    0.239137] pci 0000:00:00.0: Limiting direct PCI/PCI transfers
[    0.239875] PCI: CLS 0 bytes, default 64
[    0.240381] kvm_intel: VMX not supported by CPU 0
[    0.240974] kvm_amd: TSC scaling supported
[    0.241461] kvm_amd: Nested Virtualization enabled
[    0.242037] kvm_amd: Nested Paging enabled
[    0.242523] kvm_amd: LBR virtualization supported
[    0.243088] kvm_amd: Virtual VMLOAD VMSAVE supported
[    0.243692] kvm_amd: Virtual GIF supported
[    0.244181] kvm_amd: Virtual NMI enabled
[    0.270926] clocksource: tsc: mask: 0xffffffffffffffff max_cycles: 0x40be4320a4d, max_idle_ns: 440795288133 ns
[    0.277926] Initialise system trusted keyrings
[    0.278525] workingset: timestamp_bits=56 max_order=18 bucket_order=0
[    0.279329] squashfs: version 4.0 (2009/01/31) Phillip Lougher
[    0.280037] fuse: init (API version 7.41)
[    0.280557] 9p: Installing v9fs 9p2000 file system support
[    0.287336] Key type asymmetric registered
[    0.287837] Asymmetric key parser 'x509' registered
[    0.288434] Block layer SCSI generic (bsg) driver version 0.4 loaded (major 249)
[    0.289342] io scheduler mq-deadline registered
[    0.289892] io scheduler kyber registered
[    0.292009] input: Power Button as /devices/LNXSYSTM:00/LNXPWRBN:00/input/input0
[    0.292954] ACPI: button: Power Button [PWRF]
[    0.293878] Warning: Processor Platform Limit event detected, but not handled.
[    0.294744] Consider compiling CPUfreq support into your kernel.
[    0.311957] ACPI: \_SB_.LNKB: Enabled at IRQ 10
[    0.327270] ACPI: \_SB_.LNKC: Enabled at IRQ 11
[    0.342458] ACPI: \_SB_.LNKA: Enabled at IRQ 10
[    0.343503] Serial: 8250/16550 driver, 4 ports, IRQ sharing enabled
[    0.344354] 00:03: ttyS0 at I/O 0x3f8 (irq = 4, base_baud = 115200) is a 16550A
[    0.364994] Non-volatile memory driver v1.3
[    0.365541] Linux agpgart interface v0.103
[    0.366063] printk: legacy console [hvc0] enabled
[    0.366660] printk: legacy bootconsole [earlyser0] disabled
          _      _                                    
   __   _(_)_ __| |_ _ __ ___   ___       _ __   __ _ 
   \ \ / / |  __| __|  _   _ \ / _ \_____|  _ \ / _  |
    \ V /| | |  | |_| | | | | |  __/_____| | | | (_| |
     \_/ |_|_|   \__|_| |_| |_|\___|     |_| |_|\__  |
                                                |___/ 
   kernel version: 6.12.0-rc3-virtme x86_64
   (CTRL+d to exit)

root@virtme-ng:/nipa-data/kernel# PS1='xx__-> '
xx__-> env
PWD=/nipa-data/kernel
nr_open=1048576
HOME=/
TERM=xterm
SHLVL=2
XDG_RUNTIME_DIR=/run/user/0
PATH=/bin:/sbin:/usr/bin:/usr/sbin:/usr/local/bin
OLDPWD=/
_=/bin/env
xx__-> 