No EFI environment detected.
early console in extract_kernel
input_data: 0x0000000002be82c4
input_len: 0x0000000000b3a6f5
output: 0x0000000001000000
output_len: 0x00000000026db454
kernel_total_size: 0x0000000002430000
needed_size: 0x0000000002800000
trampoline_32bit: 0x0000000000000000
Physical KASLR using RDRAND RDTSC...
Virtual KASLR using RDRAND RDTSC...

Decompressing Linux... Parsing ELF... Performing relocations... done.
Booting the kernel (entry_offset: 0x0000000000000000).
[    0.000000] Linux version 6.9.0-virtme (root@93aeaffcc8a1) (gcc (Alpine 13.2.1_git20240309) 13.2.1 20240309, GNU ld (GNU Binutils) 2.42) #1 SMP PREEMPT_DYNAMIC Mon May 20 00:06:16 UTC 2024
[    0.000000] Command line: virtme_hostname=virtme-ng nr_open=1048576 virtme_link_mods=/nipa-data/kernel/.virtme_mods/lib/modules/0.0.0 virtme_initmount0=nipa-data/kernel virtme_rw_overlay0=/etc virtme_rw_overlay1=/lib virtme_rw_overlay2=/home virtme_rw_overlay3=/opt virtme_rw_overlay4=/srv virtme_rw_overlay5=/usr virtme_rw_overlay6=/var console=hvc0 earlyprintk=serial,ttyS0,115200 virtme_console=ttyS0 psmouse.proto=exps TERM=xterm virtme_chdir=nipa-data/kernel virtme_root_user=1 rootfstype=9p rootflags=version=9p2000.L,trans=virtio,access=any raid=noautodetect ro init=/usr/lib/python3.12/site-packages/virtme/guest/virtme-init
[    0.000000] BIOS-provided physical RAM map:
[    0.000000] BIOS-e820: [mem 0x0000000000000000-0x000000000009fbff] usable
[    0.000000] BIOS-e820: [mem 0x000000000009fc00-0x000000000009ffff] reserved
[    0.000000] BIOS-e820: [mem 0x00000000000f0000-0x00000000000fffff] reserved
[    0.000000] BIOS-e820: [mem 0x0000000000100000-0x000000003ffdffff] usable
[    0.000000] BIOS-e820: [mem 0x000000003ffe0000-0x000000003fffffff] reserved
[    0.000000] BIOS-e820: [mem 0x00000000feffc000-0x00000000feffffff] reserved
[    0.000000] BIOS-e820: [mem 0x00000000fffc0000-0x00000000ffffffff] reserved
[    0.000000] BIOS-e820: [mem 0x000000fd00000000-0x000000ffffffffff] reserved
[    0.000000] printk: legacy bootconsole [earlyser0] enabled
[    0.000000] NX (Execute Disable) protection: active
[    0.000000] APIC: Static calls initialized
[    0.000000] SMBIOS 2.8 present.
[    0.000000] DMI: QEMU Standard PC (i440FX + PIIX, 1996), BIOS rel-1.16.3-0-ga6ed6b701f0a-prebuilt.qemu.org 04/01/2014
[    0.000000] Hypervisor detected: KVM
[    0.000000] kvm-clock: Using msrs 4b564d01 and 4b564d00
[    0.000000] kvm-clock: using sched offset of 238239898 cycles
[    0.000401] clocksource: kvm-clock: mask: 0xffffffffffffffff max_cycles: 0x1cd42e4dffb, max_idle_ns: 881590591483 ns
[    0.001665] tsc: Detected 4491.556 MHz processor
[    0.002296] last_pfn = 0x3ffe0 max_arch_pfn = 0x400000000
[    0.002734] MTRR map: 4 entries (3 fixed + 1 variable; max 19), built from 8 variable MTRRs
[    0.003382] x86/PAT: Configuration [0-7]: WB  WC  UC- UC  WB  WP  UC- WT  
Memory KASLR using RDRAND RDTSC...
[    0.005496] found SMP MP-table at [mem 0x000f5470-0x000f547f]
[    0.005945] Using GB pages for direct mapping
[    0.006330] ACPI: Early table checksum verification disabled
[    0.006762] ACPI: RSDP 0x00000000000F5290 000014 (v00 BOCHS )
[    0.007207] ACPI: RSDT 0x000000003FFE27BC 000034 (v01 BOCHS  BXPC     00000001 BXPC 00000001)
[    0.007854] ACPI: FACP 0x000000003FFE2578 000074 (v01 BOCHS  BXPC     00000001 BXPC 00000001)
[    0.008506] ACPI: DSDT 0x000000003FFE0040 002538 (v01 BOCHS  BXPC     00000001 BXPC 00000001)
[    0.009175] ACPI: FACS 0x000000003FFE0000 000040
[    0.009525] ACPI: APIC 0x000000003FFE25EC 000170 (v03 BOCHS  BXPC     00000001 BXPC 00000001)
[    0.010179] ACPI: HPET 0x000000003FFE275C 000038 (v01 BOCHS  BXPC     00000001 BXPC 00000001)
[    0.010833] ACPI: WAET 0x000000003FFE2794 000028 (v01 BOCHS  BXPC     00000001 BXPC 00000001)
[    0.011503] ACPI: Reserving FACP table memory at [mem 0x3ffe2578-0x3ffe25eb]
[    0.012064] ACPI: Reserving DSDT table memory at [mem 0x3ffe0040-0x3ffe2577]
[    0.012610] ACPI: Reserving FACS table memory at [mem 0x3ffe0000-0x3ffe003f]
[    0.013162] ACPI: Reserving APIC table memory at [mem 0x3ffe25ec-0x3ffe275b]
[    0.013701] ACPI: Reserving HPET table memory at [mem 0x3ffe275c-0x3ffe2793]
[    0.014258] ACPI: Reserving WAET table memory at [mem 0x3ffe2794-0x3ffe27bb]
[    0.014957] No NUMA configuration found
[    0.015259] Faking a node at [mem 0x0000000000000000-0x000000003ffdffff]
[    0.015764] NODE_DATA(0) allocated [mem 0x3ffdb000-0x3ffdffff]
[    0.016256] Zone ranges:
[    0.016448]   DMA      [mem 0x0000000000001000-0x0000000000ffffff]
[    0.016923]   DMA32    [mem 0x0000000001000000-0x000000003ffdffff]
[    0.017403]   Normal   empty
[    0.017620]   Device   empty
[    0.017849] Movable zone start for each node
[    0.018179] Early memory node ranges
[    0.018454]   node   0: [mem 0x0000000000001000-0x000000000009efff]
[    0.018956]   node   0: [mem 0x0000000000100000-0x000000003ffdffff]
[    0.019443] Initmem setup node 0 [mem 0x0000000000001000-0x000000003ffdffff]
[    0.020042] On node 0, zone DMA: 1 pages in unavailable ranges
[    0.020579] On node 0, zone DMA: 97 pages in unavailable ranges
[    0.022303] On node 0, zone DMA32: 32 pages in unavailable ranges
[    0.023112] ACPI: PM-Timer IO Port: 0x608
[    0.023481] ACPI: LAPIC_NMI (acpi_id[0xff] dfl dfl lint[0x1])
[    0.024021] IOAPIC[0]: apic_id 0, version 17, address 0xfec00000, GSI 0-23
[    0.024648] ACPI: INT_SRC_OVR (bus 0 bus_irq 0 global_irq 2 dfl dfl)
[    0.025224] ACPI: INT_SRC_OVR (bus 0 bus_irq 5 global_irq 5 high level)
[    0.025825] ACPI: INT_SRC_OVR (bus 0 bus_irq 9 global_irq 9 high level)
[    0.026428] ACPI: INT_SRC_OVR (bus 0 bus_irq 10 global_irq 10 high level)
[    0.027044] ACPI: INT_SRC_OVR (bus 0 bus_irq 11 global_irq 11 high level)
[    0.027665] ACPI: Using ACPI (MADT) for SMP configuration information
[    0.028245] ACPI: HPET id: 0x8086a201 base: 0xfed00000
[    0.028711] TSC deadline timer available
[    0.029068] CPU topo: Max. logical packages:   1
[    0.029489] CPU topo: Max. logical dies:       1
[    0.029909] CPU topo: Max. dies per package:   1
[    0.030330] CPU topo: Max. threads per core:   1
[    0.030755] CPU topo: Num. cores per package:    32
[    0.031199] CPU topo: Num. threads per package:  32
[    0.031642] CPU topo: Allowing 32 present CPUs plus 0 hotplug CPUs
[    0.032217] kvm-guest: APIC: eoi() replaced with kvm_guest_apic_eoi_write()
[    0.032859] kvm-guest: KVM setup pv remote TLB flush
[    0.033310] kvm-guest: setup PV sched yield
[    0.033694] PM: hibernation: Registered nosave memory: [mem 0x00000000-0x00000fff]
[    0.034379] PM: hibernation: Registered nosave memory: [mem 0x0009f000-0x0009ffff]
[    0.035081] PM: hibernation: Registered nosave memory: [mem 0x000a0000-0x000effff]
[    0.035770] PM: hibernation: Registered nosave memory: [mem 0x000f0000-0x000fffff]
[    0.036457] [mem 0x40000000-0xfeffbfff] available for PCI devices
[    0.037010] Booting paravirtualized kernel on KVM
[    0.037442] clocksource: refined-jiffies: mask: 0xffffffff max_cycles: 0xffffffff, max_idle_ns: 1910969940391419 ns
[    0.041505] setup_percpu: NR_CPUS:64 nr_cpumask_bits:32 nr_cpu_ids:32 nr_node_ids:1
[    0.042996] percpu: Embedded 58 pages/cpu s198952 r8192 d30424 u262144
[    0.043646] Kernel command line: virtme_hostname=virtme-ng nr_open=1048576 virtme_link_mods=/nipa-data/kernel/.virtme_mods/lib/modules/0.0.0 virtme_initmount0=nipa-data/kernel virtme_rw_overlay0=/etc virtme_rw_overlay1=/lib virtme_rw_overlay2=/home virtme_rw_overlay3=/opt virtme_rw_overlay4=/srv virtme_rw_overlay5=/usr virtme_rw_overlay6=/var console=hvc0 earlyprintk=serial,ttyS0,115200 virtme_console=ttyS0 psmouse.proto=exps TERM=xterm virtme_chdir=nipa-data/kernel virtme_root_user=1 rootfstype=9p rootflags=version=9p2000.L,trans=virtio,access=any raid=noautodetect ro init=/usr/lib/python3.12/site-packages/virtme/guest/virtme-init
[    0.048346] Unknown kernel command line parameters "virtme_hostname=virtme-ng nr_open=1048576 virtme_link_mods=/nipa-data/kernel/.virtme_mods/lib/modules/0.0.0 virtme_initmount0=nipa-data/kernel virtme_rw_overlay0=/etc virtme_rw_overlay1=/lib virtme_rw_overlay2=/home virtme_rw_overlay3=/opt virtme_rw_overlay4=/srv virtme_rw_overlay5=/usr virtme_rw_overlay6=/var virtme_console=ttyS0 virtme_chdir=nipa-data/kernel virtme_root_user=1", will be passed to user space.
[    0.051755] random: crng init done
[    0.052081] Dentry cache hash table entries: 131072 (order: 8, 1048576 bytes, linear)
[    0.052723] Inode-cache hash table entries: 65536 (order: 7, 524288 bytes, linear)
[    0.053409] Fallback order for Node 0: 0 
[    0.053411] Built 1 zonelists, mobility grouping on.  Total pages: 257760
[    0.054245] Policy zone: DMA32
[    0.054485] mem auto-init: stack:all(zero), heap alloc:off, heap free:off
[    0.055817] Memory: 984564K/1048056K available (16384K kernel code, 2411K rwdata, 6148K rodata, 3080K init, 2036K bss, 63232K reserved, 0K cma-reserved)
[    0.056906] SLUB: HWalign=64, Order=0-3, MinObjects=0, CPUs=32, Nodes=1
Poking KASLR using RDRAND RDTSC...
[    0.057680] ftrace: allocating 47706 entries in 187 pages
[    0.064885] ftrace: allocated 187 pages with 6 groups
[    0.065906] Dynamic Preempt: voluntary
[    0.066328] rcu: Preemptible hierarchical RCU implementation.
[    0.066777] rcu: RCU event tracing is enabled.
[    0.067127] rcu: RCU restricting CPUs from NR_CPUS=64 to nr_cpu_ids=32.
[    0.067647] Trampoline variant of Tasks RCU enabled.
[    0.068044] Rude variant of Tasks RCU enabled.
[    0.068395] Tracing variant of Tasks RCU enabled.
[    0.068765] rcu: RCU calculated value of scheduler-enlistment delay is 100 jiffies.
[    0.069358] rcu: Adjusting geometry for rcu_fanout_leaf=16, nr_cpu_ids=32
[    0.069885] RCU Tasks: Setting shift to 5 and lim to 1 rcu_task_cb_adjust=1.
[    0.070432] RCU Tasks Rude: Setting shift to 5 and lim to 1 rcu_task_cb_adjust=1.
[    0.071014] RCU Tasks Trace: Setting shift to 5 and lim to 1 rcu_task_cb_adjust=1.
[    0.073014] NR_IRQS: 4352, nr_irqs: 680, preallocated irqs: 16
[    0.073633] rcu: srcu_init: Setting srcu_struct sizes based on contention.
[    0.074306] Console: colour *CGA 80x25
[    0.074603] ACPI: Core revision 20240322
[    0.074975] clocksource: hpet: mask: 0xffffffff max_cycles: 0xffffffff, max_idle_ns: 19112604467 ns
[    0.075729] APIC: Switch to symmetric I/O mode setup
[    0.076120] APIC: Switched APIC routing to: physical flat
[    0.076533] kvm-guest: APIC: send_IPI_mask() replaced with kvm_send_ipi_mask()
[    0.077086] kvm-guest: APIC: send_IPI_mask_allbutself() replaced with kvm_send_ipi_mask_allbutself()
[    0.077791] kvm-guest: setup PV IPIs
[    0.078852] ..TIMER: vector=0x30 apic1=0 pin1=2 apic2=-1 pin2=-1
[    0.079666] tsc: Marking TSC unstable due to TSCs unsynchronized
[    0.080485] Calibrating delay loop (skipped) preset value.. 8983.11 BogoMIPS (lpj=4491556)
[    0.081545] x86/cpu: User Mode Instruction Prevention (UMIP) activated
[    0.082534] Last level iTLB entries: 4KB 512, 2MB 255, 4MB 127
[    0.083484] Last level dTLB entries: 4KB 512, 2MB 255, 4MB 127, 1GB 0
[    0.084488] Spectre V1 : Mitigation: usercopy/swapgs barriers and __user pointer sanitization
[    0.085487] Spectre V2 : Mitigation: Enhanced / Automatic IBRS
[    0.086484] Spectre V2 : Spectre v2 / SpectreRSB mitigation: Filling RSB on context switch
[    0.087485] Spectre V2 : mitigation: Enabling conditional Indirect Branch Prediction Barrier
[    0.088485] Speculative Store Bypass: Mitigation: Speculative Store Bypass disabled via prctl
[    0.089484] Speculative Return Stack Overflow: IBPB-extending microcode not applied!
[    0.090484] Speculative Return Stack Overflow: WARNING: See https://kernel.org/doc/html/latest/admin-guide/hw-vuln/srso.html for mitigation options.
[    0.090484] Speculative Return Stack Overflow: Vulnerable: Safe RET, no microcode
[    0.092499] x86/fpu: Supporting XSAVE feature 0x001: 'x87 floating point registers'
[    0.093484] x86/fpu: Supporting XSAVE feature 0x002: 'SSE registers'
[    0.094484] x86/fpu: Supporting XSAVE feature 0x004: 'AVX registers'
[    0.095484] x86/fpu: Supporting XSAVE feature 0x020: 'AVX-512 opmask'
[    0.096484] x86/fpu: Supporting XSAVE feature 0x040: 'AVX-512 Hi256'
[    0.097484] x86/fpu: Supporting XSAVE feature 0x080: 'AVX-512 ZMM_Hi256'
[    0.098484] x86/fpu: Supporting XSAVE feature 0x200: 'Protection Keys User registers'
[    0.099484] x86/fpu: xstate_offset[2]:  576, xstate_sizes[2]:  256
[    0.100295] x86/fpu: xstate_offset[5]:  832, xstate_sizes[5]:   64
[    0.100484] x86/fpu: xstate_offset[6]:  896, xstate_sizes[6]:  512
[    0.101484] x86/fpu: xstate_offset[7]: 1408, xstate_sizes[7]: 1024
[    0.102484] x86/fpu: xstate_offset[9]: 2432, xstate_sizes[9]:    8
[    0.103484] x86/fpu: Enabled xstate features 0x2e7, context size is 2440 bytes, using 'compacted' format.
[    0.119631] Freeing SMP alternatives memory: 40K
[    0.120243] pid_max: default: 32768 minimum: 301
[    0.120507] Mount-cache hash table entries: 2048 (order: 2, 16384 bytes, linear)
[    0.121485] Mountpoint-cache hash table entries: 2048 (order: 2, 16384 bytes, linear)
[    0.122640] smpboot: CPU0: AMD Ryzen 9 7950X 16-Core Processor (family: 0x19, model: 0x61, stepping: 0x2)
[    0.123604] Performance Events: Fam17h+ core perfctr, AMD PMU driver.
[    0.124472] ... version:                0
[    0.124486] ... bit width:              48
[    0.125027] ... generic registers:      6
[    0.125485] ... value mask:             0000ffffffffffff
[    0.126178] ... max period:             00007fffffffffff
[    0.126485] ... fixed-purpose events:   0
[    0.127009] ... event mask:             000000000000003f
[    0.127570] signal: max sigframe size: 3376
[    0.128136] rcu: Hierarchical SRCU implementation.
[    0.128486] rcu: Max phase no-delay instances is 400.
[    0.131409] smp: Bringing up secondary CPUs ...
[    0.131543] smpboot: x86: Booting SMP configuration:
[    0.132193] .... node  #0, CPUs:        #1  #2  #3  #4  #5  #6  #7  #8  #9 #10 #11 #12 #13 #14 #15 #16 #17 #18 #19 #20 #21 #22 #23 #24 #25 #26 #27 #28 #29 #30 #31
[    0.147739] smp: Brought up 1 node, 32 CPUs
[    0.149215] smpboot: Total of 32 processors activated (287459.58 BogoMIPS)
[    0.151560] devtmpfs: initialized
[    0.152518] x86/mm: Memory block size: 128MB
[    0.154259] clocksource: jiffies: mask: 0xffffffff max_cycles: 0xffffffff, max_idle_ns: 1911260446275000 ns
[    0.154489] futex hash table entries: 8192 (order: 7, 524288 bytes, linear)
[    0.155687] PM: RTC time: 00:06:45, date: 2024-05-20
[    0.156926] NET: Registered PF_NETLINK/PF_ROUTE protocol family
[    0.157651] thermal_sys: Registered thermal governor 'step_wise'
[    0.157652] thermal_sys: Registered thermal governor 'user_space'
[    0.158499] cpuidle: using governor menu
[    0.160764] PCI: Using configuration type 1 for base access
[    0.161489] PCI: Using configuration type 1 for extended access
[    0.162575] kprobes: kprobe jump-optimization is enabled. All kprobes are optimized if possible.
[    0.182720] HugeTLB: registered 1.00 GiB page size, pre-allocated 0 pages
[    0.183486] HugeTLB: 16380 KiB vmemmap can be freed for a 1.00 GiB page
[    0.184380] HugeTLB: registered 2.00 MiB page size, pre-allocated 0 pages
[    0.185485] HugeTLB: 28 KiB vmemmap can be freed for a 2.00 MiB page
[    0.186486] Demotion targets for Node 0: null
[    0.186526] ACPI: Added _OSI(Module Device)
[    0.187095] ACPI: Added _OSI(Processor Device)
[    0.187486] ACPI: Added _OSI(3.0 _SCP Extensions)
[    0.188108] ACPI: Added _OSI(Processor Aggregator Device)
[    0.190203] ACPI: 1 ACPI AML tables successfully acquired and loaded
[    0.192093] ACPI: _OSC evaluation for CPUs failed, trying _PDC
[    0.192408] ACPI: Interpreter enabled
[    0.193493] ACPI: PM: (supports S0 S3 S4 S5)
[    0.194059] ACPI: Using IOAPIC for interrupt routing
[    0.194493] PCI: Using host bridge windows from ACPI; if necessary, use "pci=nocrs" and report a bug
[    0.195485] PCI: Using E820 reservations for host bridge windows
[    0.196377] ACPI: Enabled 2 GPEs in block 00 to 0F
[    0.200157] ACPI: PCI Root Bridge [PCI0] (domain 0000 [bus 00-ff])
[    0.200488] acpi PNP0A03:00: _OSC: OS supports [ExtendedConfig ASPM ClockPM Segments MSI HPX-Type3]
[    0.201577] PCI host bridge to bus 0000:00
[    0.202120] pci_bus 0000:00: root bus resource [io  0x0000-0x0cf7 window]
[    0.203486] pci_bus 0000:00: root bus resource [io  0x0d00-0xffff window]
[    0.204392] pci_bus 0000:00: root bus resource [mem 0x000a0000-0x000bffff window]
[    0.205486] pci_bus 0000:00: root bus resource [mem 0x40000000-0xfebfffff window]
[    0.206483] pci_bus 0000:00: root bus resource [mem 0x100000000-0x17fffffff window]
[    0.207486] pci_bus 0000:00: root bus resource [bus 00-ff]
[    0.208318] pci 0000:00:00.0: [8086:1237] type 00 class 0x060000 conventional PCI endpoint
[    0.209744] pci 0000:00:01.0: [8086:7000] type 00 class 0x060100 conventional PCI endpoint
[    0.210824] pci 0000:00:01.1: [8086:7010] type 00 class 0x010180 conventional PCI endpoint
[    0.215025] pci 0000:00:01.1: BAR 4 [io  0xc0c0-0xc0cf]
[    0.216498] pci 0000:00:01.1: BAR 0 [io  0x01f0-0x01f7]: legacy IDE quirk
[    0.217403] pci 0000:00:01.1: BAR 1 [io  0x03f6]: legacy IDE quirk
[    0.218486] pci 0000:00:01.1: BAR 2 [io  0x0170-0x0177]: legacy IDE quirk
[    0.219385] pci 0000:00:01.1: BAR 3 [io  0x0376]: legacy IDE quirk
[    0.220580] pci 0000:00:01.3: [8086:7113] type 00 class 0x068000 conventional PCI endpoint
[    0.222563] pci 0000:00:01.3: quirk: [io  0x0600-0x063f] claimed by PIIX4 ACPI
[    0.223490] pci 0000:00:01.3: quirk: [io  0x0700-0x070f] claimed by PIIX4 SMB
[    0.224614] pci 0000:00:02.0: [1af4:1009] type 00 class 0x000200 conventional PCI endpoint
[    0.227486] pci 0000:00:02.0: BAR 0 [io  0xc000-0xc03f]
[    0.229241] pci 0000:00:02.0: BAR 1 [mem 0xfebfc000-0xfebfcfff]
[    0.235486] pci 0000:00:02.0: BAR 4 [mem 0xfebf0000-0xfebf3fff 64bit pref]
[    0.238880] pci 0000:00:03.0: [1af4:1009] type 00 class 0x000200 conventional PCI endpoint
[    0.241486] pci 0000:00:03.0: BAR 0 [io  0xc040-0xc07f]
[    0.243195] pci 0000:00:03.0: BAR 1 [mem 0xfebfd000-0xfebfdfff]
[    0.250222] pci 0000:00:03.0: BAR 4 [mem 0xfebf4000-0xfebf7fff 64bit pref]
[    0.253041] pci 0000:00:04.0: [8086:25ab] type 00 class 0x088000 conventional PCI endpoint
[    0.254065] pci 0000:00:04.0: BAR 0 [mem 0xfebfe000-0xfebfe00f]
[    0.260410] pci 0000:00:05.0: [1af4:1003] type 00 class 0x078000 conventional PCI endpoint
[    0.262486] pci 0000:00:05.0: BAR 0 [io  0xc080-0xc0bf]
[    0.265191] pci 0000:00:05.0: BAR 1 [mem 0xfebff000-0xfebfffff]
[    0.271486] pci 0000:00:05.0: BAR 4 [mem 0xfebf8000-0xfebfbfff 64bit pref]
[    0.274025] ACPI: PCI: Interrupt link LNKA configured for IRQ 10
[    0.275599] ACPI: PCI: Interrupt link LNKB configured for IRQ 10
[    0.276506] ACPI: PCI: Interrupt link LNKC configured for IRQ 11
[    0.277397] ACPI: PCI: Interrupt link LNKD configured for IRQ 11
[    0.277560] ACPI: PCI: Interrupt link LNKS configured for IRQ 9
[    0.279262] iommu: Default domain type: Translated
[    0.281486] iommu: DMA domain TLB invalidation policy: lazy mode
[    0.282340] SCSI subsystem initialized
[    0.282517] pps_core: LinuxPPS API ver. 1 registered
[    0.283176] pps_core: Software ver. 5.3.6 - Copyright 2005-2007 Rodolfo Giometti <giometti@linux.it>
[    0.284488] PTP clock support registered
[    0.285015] Advanced Linux Sound Architecture Driver Initialized.
[    0.285803] NET: Registered PF_ATMPVC protocol family
[    0.286475] NET: Registered PF_ATMSVC protocol family
[    0.287490] PCI: Using ACPI for IRQ routing
[    0.288506] vgaarb: loaded
[    0.288522] hpet0: at MMIO 0xfed00000, IRQs 2, 8, 0
[    0.289179] hpet0: 3 comparators, 64-bit 100.000000 MHz counter
[    0.294380] clocksource: Switched to clocksource kvm-clock
[    0.294633] VFS: Disk quotas dquot_6.6.0
[    0.295193] VFS: Dquot-cache hash table entries: 512 (order 0, 4096 bytes)
[    0.296169] pnp: PnP ACPI init
[    0.296774] pnp: PnP ACPI: found 5 devices
[    0.304611] clocksource: acpi_pm: mask: 0xffffff max_cycles: 0xffffff, max_idle_ns: 2085701024 ns
[    0.305816] NET: Registered PF_INET protocol family
[    0.306483] IP idents hash table entries: 16384 (order: 5, 131072 bytes, linear)
[    0.307621] tcp_listen_portaddr_hash hash table entries: 512 (order: 1, 8192 bytes, linear)
[    0.308737] Table-perturb hash table entries: 65536 (order: 6, 262144 bytes, linear)
[    0.309785] TCP established hash table entries: 8192 (order: 4, 65536 bytes, linear)
[    0.310818] TCP bind hash table entries: 8192 (order: 6, 262144 bytes, linear)
[    0.311782] TCP: Hash tables configured (established 8192 bind 8192)
[    0.312647] UDP hash table entries: 512 (order: 2, 16384 bytes, linear)
[    0.313528] UDP-Lite hash table entries: 512 (order: 2, 16384 bytes, linear)
[    0.314486] NET: Registered PF_UNIX/PF_LOCAL protocol family
[    0.315236] pci_bus 0000:00: resource 4 [io  0x0000-0x0cf7 window]
[    0.316053] pci_bus 0000:00: resource 5 [io  0x0d00-0xffff window]
[    0.316873] pci_bus 0000:00: resource 6 [mem 0x000a0000-0x000bffff window]
[    0.317786] pci_bus 0000:00: resource 7 [mem 0x40000000-0xfebfffff window]
[    0.318700] pci_bus 0000:00: resource 8 [mem 0x100000000-0x17fffffff window]
[    0.319665] pci 0000:00:01.0: PIIX3: Enabling Passive Release
[    0.320435] pci 0000:00:00.0: Limiting direct PCI/PCI transfers
[    0.321254] PCI: CLS 0 bytes, default 64
[    0.321830] kvm_intel: VMX not supported by CPU 13
[    0.322484] kvm_amd: TSC scaling supported
[    0.323106] kvm_amd: Nested Virtualization enabled
[    0.323749] kvm_amd: Nested Paging enabled
[    0.324298] kvm_amd: Virtual VMLOAD VMSAVE supported
[    0.324959] kvm_amd: Virtual GIF supported
[    0.325519] kvm_amd: Virtual NMI enabled
[    0.326034] kvm_amd: LBR virtualization supported
[    0.419719] Initialise system trusted keyrings
[    0.420433] workingset: timestamp_bits=56 max_order=18 bucket_order=0
[    0.421346] squashfs: version 4.0 (2009/01/31) Phillip Lougher
[    0.422155] fuse: init (API version 7.40)
[    0.422772] 9p: Installing v9fs 9p2000 file system support
[    0.430535] Key type asymmetric registered
[    0.431082] Asymmetric key parser 'x509' registered
[    0.431743] Block layer SCSI generic (bsg) driver version 0.4 loaded (major 249)
[    0.432736] io scheduler mq-deadline registered
[    0.433361] io scheduler kyber registered
[    0.435089] input: Power Button as /devices/LNXSYSTM:00/LNXPWRBN:00/input/input0
[    0.436451] ACPI: button: Power Button [PWRF]
[    0.437219] Warning: Processor Platform Limit event detected, but not handled.
[    0.438449] Consider compiling CPUfreq support into your kernel.
[    0.467579] ACPI: \_SB_.LNKB: Enabled at IRQ 10
[    0.495112] ACPI: \_SB_.LNKC: Enabled at IRQ 11
[    0.512553] ACPI: \_SB_.LNKA: Enabled at IRQ 10
[    0.513865] Serial: 8250/16550 driver, 4 ports, IRQ sharing enabled
[    0.514839] 00:03: ttyS0 at I/O 0x3f8 (irq = 4, base_baud = 115200) is a 16550A
[    0.567890] Non-volatile memory driver v1.3
[    0.568649] Linux agpgart interface v0.103
[    0.568731] ACPI: bus type drm_connector registered
[    0.570063] printk: legacy console [hvc0] enabled
[    0.570713] printk: legacy bootconsole [earlyser0] disabled
          _      _                                    
   __   _(_)_ __| |_ _ __ ___   ___       _ __   __ _ 
   \ \ / / |  __| __|  _   _ \ / _ \_____|  _ \ / _  |
    \ V /| | |  | |_| | | | | |  __/_____| | | | (_| |
     \_/ |_|_|   \__|_| |_| |_|\___|     |_| |_|\__  |
                                                |___/ 
   kernel version: 6.9.0-virtme x86_64
   (CTRL+d to exit)

virtme-ng:/nipa-data/kernel# PS1='xx__-> '
xx__-> env
PWD=/nipa-data/kernel
nr_open=1048576
HOME=/root
TERM=xterm
SHLVL=2
XDG_RUNTIME_DIR=/run/user/0
PATH=/bin:/sbin:/usr/bin:/usr/sbin:/usr/local/bin
OLDPWD=/
_=/usr/bin/env
xx__-> 