No EFI environment detected.
early console in extract_kernel
input_data: 0x0000000002be92c4
input_len: 0x0000000000b3e62e
output: 0x0000000001000000
output_len: 0x00000000026dfb88
kernel_total_size: 0x0000000002430000
needed_size: 0x0000000002800000
trampoline_32bit: 0x0000000000000000
Physical KASLR using RDRAND RDTSC...
Virtual KASLR using RDRAND RDTSC...

Decompressing Linux... Parsing ELF... Performing relocations... done.
Booting the kernel (entry_offset: 0x0000000000000000).
[    0.000000] Linux version 6.9.0-virtme (root@8621da49fc3c) (gcc (Alpine 13.2.1_git20240309) 13.2.1 20240309, GNU ld (GNU Binutils) 2.42) #1 SMP PREEMPT_DYNAMIC Sun May 26 18:06:23 UTC 2024
[    0.000000] Command line: virtme_hostname=virtme-ng nr_open=1048576 virtme_link_mods=/nipa-data/kernel/.virtme_mods/lib/modules/0.0.0 virtme_initmount0=nipa-data/kernel virtme_rw_overlay0=/etc virtme_rw_overlay1=/lib virtme_rw_overlay2=/home virtme_rw_overlay3=/opt virtme_rw_overlay4=/srv virtme_rw_overlay5=/usr virtme_rw_overlay6=/var console=hvc0 earlyprintk=serial,ttyS0,115200 virtme_console=ttyS0 psmouse.proto=exps TERM=xterm virtme_chdir=nipa-data/kernel virtme_root_user=1 rootfstype=9p rootflags=version=9p2000.L,trans=virtio,access=any raid=noautodetect ro init=/usr/lib/python3.12/site-packages/virtme/guest/virtme-init
[    0.000000] BIOS-provided physical RAM map:
[    0.000000] BIOS-e820: [mem 0x0000000000000000-0x000000000009fbff] usable
[    0.000000] BIOS-e820: [mem 0x000000000009fc00-0x000000000009ffff] reserved
[    0.000000] BIOS-e820: [mem 0x00000000000f0000-0x00000000000fffff] reserved
[    0.000000] BIOS-e820: [mem 0x0000000000100000-0x000000003ffdffff] usable
[    0.000000] BIOS-e820: [mem 0x000000003ffe0000-0x000000003fffffff] reserved
[    0.000000] BIOS-e820: [mem 0x00000000feffc000-0x00000000feffffff] reserved
[    0.000000] BIOS-e820: [mem 0x00000000fffc0000-0x00000000ffffffff] reserved
[    0.000000] BIOS-e820: [mem 0x000000fd00000000-0x000000ffffffffff] reserved
[    0.000000] printk: legacy bootconsole [earlyser0] enabled
[    0.000000] NX (Execute Disable) protection: active
[    0.000000] APIC: Static calls initialized
[    0.000000] SMBIOS 2.8 present.
[    0.000000] DMI: QEMU Standard PC (i440FX + PIIX, 1996), BIOS rel-1.16.3-0-ga6ed6b701f0a-prebuilt.qemu.org 04/01/2014
[    0.000000] DMI: Memory slots populated: 1/1
[    0.000000] Hypervisor detected: KVM
[    0.000000] kvm-clock: Using msrs 4b564d01 and 4b564d00
[    0.000000] kvm-clock: using sched offset of 238077715 cycles
[    0.000384] clocksource: kvm-clock: mask: 0xffffffffffffffff max_cycles: 0x1cd42e4dffb, max_idle_ns: 881590591483 ns
[    0.001581] tsc: Detected 4491.556 MHz processor
[    0.002181] last_pfn = 0x3ffe0 max_arch_pfn = 0x400000000
[    0.002602] MTRR map: 4 entries (3 fixed + 1 variable; max 19), built from 8 variable MTRRs
[    0.003222] x86/PAT: Configuration [0-7]: WB  WC  UC- UC  WB  WP  UC- WT  
Memory KASLR using RDRAND RDTSC...
[    0.005269] found SMP MP-table at [mem 0x000f5470-0x000f547f]
[    0.005696] Using GB pages for direct mapping
[    0.006076] ACPI: Early table checksum verification disabled
[    0.006492] ACPI: RSDP 0x00000000000F5290 000014 (v00 BOCHS )
[    0.006916] ACPI: RSDT 0x000000003FFE27BC 000034 (v01 BOCHS  BXPC     00000001 BXPC 00000001)
[    0.007544] ACPI: FACP 0x000000003FFE2578 000074 (v01 BOCHS  BXPC     00000001 BXPC 00000001)
[    0.008171] ACPI: DSDT 0x000000003FFE0040 002538 (v01 BOCHS  BXPC     00000001 BXPC 00000001)
[    0.008798] ACPI: FACS 0x000000003FFE0000 000040
[    0.009137] ACPI: APIC 0x000000003FFE25EC 000170 (v03 BOCHS  BXPC     00000001 BXPC 00000001)
[    0.009763] ACPI: HPET 0x000000003FFE275C 000038 (v01 BOCHS  BXPC     00000001 BXPC 00000001)
[    0.010390] ACPI: WAET 0x000000003FFE2794 000028 (v01 BOCHS  BXPC     00000001 BXPC 00000001)
[    0.011030] ACPI: Reserving FACP table memory at [mem 0x3ffe2578-0x3ffe25eb]
[    0.011550] ACPI: Reserving DSDT table memory at [mem 0x3ffe0040-0x3ffe2577]
[    0.012068] ACPI: Reserving FACS table memory at [mem 0x3ffe0000-0x3ffe003f]
[    0.012584] ACPI: Reserving APIC table memory at [mem 0x3ffe25ec-0x3ffe275b]
[    0.013109] ACPI: Reserving HPET table memory at [mem 0x3ffe275c-0x3ffe2793]
[    0.013631] ACPI: Reserving WAET table memory at [mem 0x3ffe2794-0x3ffe27bb]
[    0.014287] No NUMA configuration found
[    0.014568] Faking a node at [mem 0x0000000000000000-0x000000003ffdffff]
[    0.015059] NODE_DATA(0) allocated [mem 0x3ffdb000-0x3ffdffff]
[    0.015494] Zone ranges:
[    0.015679]   DMA      [mem 0x0000000000001000-0x0000000000ffffff]
[    0.016132]   DMA32    [mem 0x0000000001000000-0x000000003ffdffff]
[    0.016594]   Normal   empty
[    0.016805]   Device   empty
[    0.017015] Movable zone start for each node
[    0.017333] Early memory node ranges
[    0.017595]   node   0: [mem 0x0000000000001000-0x000000000009efff]
[    0.018053]   node   0: [mem 0x0000000000100000-0x000000003ffdffff]
[    0.018512] Initmem setup node 0 [mem 0x0000000000001000-0x000000003ffdffff]
[    0.019029] On node 0, zone DMA: 1 pages in unavailable ranges
[    0.019465] On node 0, zone DMA: 97 pages in unavailable ranges
[    0.020866] On node 0, zone DMA32: 32 pages in unavailable ranges
[    0.021524] ACPI: PM-Timer IO Port: 0x608
[    0.021822] ACPI: LAPIC_NMI (acpi_id[0xff] dfl dfl lint[0x1])
[    0.022258] IOAPIC[0]: apic_id 0, version 17, address 0xfec00000, GSI 0-23
[    0.022761] ACPI: INT_SRC_OVR (bus 0 bus_irq 0 global_irq 2 dfl dfl)
[    0.023226] ACPI: INT_SRC_OVR (bus 0 bus_irq 5 global_irq 5 high level)
[    0.023710] ACPI: INT_SRC_OVR (bus 0 bus_irq 9 global_irq 9 high level)
[    0.024198] ACPI: INT_SRC_OVR (bus 0 bus_irq 10 global_irq 10 high level)
[    0.024694] ACPI: INT_SRC_OVR (bus 0 bus_irq 11 global_irq 11 high level)
[    0.025198] ACPI: Using ACPI (MADT) for SMP configuration information
[    0.025668] ACPI: HPET id: 0x8086a201 base: 0xfed00000
[    0.026045] TSC deadline timer available
[    0.026335] CPU topo: Max. logical packages:   1
[    0.026674] CPU topo: Max. logical dies:       1
[    0.027011] CPU topo: Max. dies per package:   1
[    0.027350] CPU topo: Max. threads per core:   1
[    0.027688] CPU topo: Num. cores per package:    32
[    0.028044] CPU topo: Num. threads per package:  32
[    0.028399] CPU topo: Allowing 32 present CPUs plus 0 hotplug CPUs
[    0.028860] kvm-guest: APIC: eoi() replaced with kvm_guest_apic_eoi_write()
[    0.029380] kvm-guest: KVM setup pv remote TLB flush
[    0.029744] kvm-guest: setup PV sched yield
[    0.030053] PM: hibernation: Registered nosave memory: [mem 0x00000000-0x00000fff]
[    0.030607] PM: hibernation: Registered nosave memory: [mem 0x0009f000-0x0009ffff]
[    0.031161] PM: hibernation: Registered nosave memory: [mem 0x000a0000-0x000effff]
[    0.031714] PM: hibernation: Registered nosave memory: [mem 0x000f0000-0x000fffff]
[    0.032273] [mem 0x40000000-0xfeffbfff] available for PCI devices
[    0.032719] Booting paravirtualized kernel on KVM
[    0.033068] clocksource: refined-jiffies: mask: 0xffffffff max_cycles: 0xffffffff, max_idle_ns: 1910969940391419 ns
[    0.036664] setup_percpu: NR_CPUS:64 nr_cpumask_bits:32 nr_cpu_ids:32 nr_node_ids:1
[    0.037837] percpu: Embedded 58 pages/cpu s198952 r8192 d30424 u262144
[    0.038348] Kernel command line: virtme_hostname=virtme-ng nr_open=1048576 virtme_link_mods=/nipa-data/kernel/.virtme_mods/lib/modules/0.0.0 virtme_initmount0=nipa-data/kernel virtme_rw_overlay0=/etc virtme_rw_overlay1=/lib virtme_rw_overlay2=/home virtme_rw_overlay3=/opt virtme_rw_overlay4=/srv virtme_rw_overlay5=/usr virtme_rw_overlay6=/var console=hvc0 earlyprintk=serial,ttyS0,115200 virtme_console=ttyS0 psmouse.proto=exps TERM=xterm virtme_chdir=nipa-data/kernel virtme_root_user=1 rootfstype=9p rootflags=version=9p2000.L,trans=virtio,access=any raid=noautodetect ro init=/usr/lib/python3.12/site-packages/virtme/guest/virtme-init
[    0.042631] Unknown kernel command line parameters "virtme_hostname=virtme-ng nr_open=1048576 virtme_link_mods=/nipa-data/kernel/.virtme_mods/lib/modules/0.0.0 virtme_initmount0=nipa-data/kernel virtme_rw_overlay0=/etc virtme_rw_overlay1=/lib virtme_rw_overlay2=/home virtme_rw_overlay3=/opt virtme_rw_overlay4=/srv virtme_rw_overlay5=/usr virtme_rw_overlay6=/var virtme_console=ttyS0 virtme_chdir=nipa-data/kernel virtme_root_user=1", will be passed to user space.
[    0.045920] random: crng init done
[    0.046212] Dentry cache hash table entries: 131072 (order: 8, 1048576 bytes, linear)
[    0.046824] Inode-cache hash table entries: 65536 (order: 7, 524288 bytes, linear)
[    0.047481] Fallback order for Node 0: 0 
[    0.047483] Built 1 zonelists, mobility grouping on.  Total pages: 262014
[    0.048299] Policy zone: DMA32
[    0.048536] mem auto-init: stack:all(zero), heap alloc:off, heap free:off, mlocked free:off
[    0.049959] Memory: 984580K/1048056K available (16384K kernel code, 2413K rwdata, 6164K rodata, 3088K init, 2020K bss, 63216K reserved, 0K cma-reserved)
[    0.051018] SLUB: HWalign=64, Order=0-3, MinObjects=0, CPUs=32, Nodes=1
Poking KASLR using RDRAND RDTSC...
[    0.051777] ftrace: allocating 47769 entries in 187 pages
[    0.058761] ftrace: allocated 187 pages with 6 groups
[    0.059705] Dynamic Preempt: voluntary
[    0.060130] rcu: Preemptible hierarchical RCU implementation.
[    0.060566] rcu: RCU event tracing is enabled.
[    0.060907] rcu: RCU restricting CPUs from NR_CPUS=64 to nr_cpu_ids=32.
[    0.061416] Trampoline variant of Tasks RCU enabled.
[    0.061796] Rude variant of Tasks RCU enabled.
[    0.062139] Tracing variant of Tasks RCU enabled.
[    0.062502] rcu: RCU calculated value of scheduler-enlistment delay is 100 jiffies.
[    0.063084] rcu: Adjusting geometry for rcu_fanout_leaf=16, nr_cpu_ids=32
[    0.063603] RCU Tasks: Setting shift to 5 and lim to 1 rcu_task_cb_adjust=1.
[    0.064136] RCU Tasks Rude: Setting shift to 5 and lim to 1 rcu_task_cb_adjust=1.
[    0.064701] RCU Tasks Trace: Setting shift to 5 and lim to 1 rcu_task_cb_adjust=1.
[    0.066658] NR_IRQS: 4352, nr_irqs: 680, preallocated irqs: 16
[    0.067271] rcu: srcu_init: Setting srcu_struct sizes based on contention.
[    0.067930] Console: colour *CGA 80x25
[    0.068219] ACPI: Core revision 20240322
[    0.068578] clocksource: hpet: mask: 0xffffffff max_cycles: 0xffffffff, max_idle_ns: 19112604467 ns
[    0.069326] APIC: Switch to symmetric I/O mode setup
[    0.069719] APIC: Switched APIC routing to: physical flat
[    0.070124] kvm-guest: APIC: send_IPI_mask() replaced with kvm_send_ipi_mask()
[    0.070663] kvm-guest: APIC: send_IPI_mask_allbutself() replaced with kvm_send_ipi_mask_allbutself()
[    0.071365] kvm-guest: setup PV IPIs
[    0.072405] ..TIMER: vector=0x30 apic1=0 pin1=2 apic2=-1 pin2=-1
[    0.073213] tsc: Marking TSC unstable due to TSCs unsynchronized
[    0.074019] Calibrating delay loop (skipped) preset value.. 8983.11 BogoMIPS (lpj=4491556)
[    0.075077] x86/cpu: User Mode Instruction Prevention (UMIP) activated
[    0.076068] Last level iTLB entries: 4KB 512, 2MB 255, 4MB 127
[    0.077018] Last level dTLB entries: 4KB 512, 2MB 255, 4MB 127, 1GB 0
[    0.078022] Spectre V1 : Mitigation: usercopy/swapgs barriers and __user pointer sanitization
[    0.079021] Spectre V2 : Mitigation: Enhanced / Automatic IBRS
[    0.080018] Spectre V2 : Spectre v2 / SpectreRSB mitigation: Filling RSB on context switch
[    0.081019] Spectre V2 : mitigation: Enabling conditional Indirect Branch Prediction Barrier
[    0.082019] Speculative Store Bypass: Mitigation: Speculative Store Bypass disabled via prctl
[    0.083018] Speculative Return Stack Overflow: IBPB-extending microcode not applied!
[    0.084018] Speculative Return Stack Overflow: WARNING: See https://kernel.org/doc/html/latest/admin-guide/hw-vuln/srso.html for mitigation options.
[    0.084018] Speculative Return Stack Overflow: Vulnerable: Safe RET, no microcode
[    0.086033] x86/fpu: Supporting XSAVE feature 0x001: 'x87 floating point registers'
[    0.087018] x86/fpu: Supporting XSAVE feature 0x002: 'SSE registers'
[    0.088018] x86/fpu: Supporting XSAVE feature 0x004: 'AVX registers'
[    0.089018] x86/fpu: Supporting XSAVE feature 0x020: 'AVX-512 opmask'
[    0.090017] x86/fpu: Supporting XSAVE feature 0x040: 'AVX-512 Hi256'
[    0.090833] x86/fpu: Supporting XSAVE feature 0x080: 'AVX-512 ZMM_Hi256'
[    0.091018] x86/fpu: Supporting XSAVE feature 0x200: 'Protection Keys User registers'
[    0.092018] x86/fpu: xstate_offset[2]:  576, xstate_sizes[2]:  256
[    0.093018] x86/fpu: xstate_offset[5]:  832, xstate_sizes[5]:   64
[    0.094018] x86/fpu: xstate_offset[6]:  896, xstate_sizes[6]:  512
[    0.095017] x86/fpu: xstate_offset[7]: 1408, xstate_sizes[7]: 1024
[    0.096018] x86/fpu: xstate_offset[9]: 2432, xstate_sizes[9]:    8
[    0.096814] x86/fpu: Enabled xstate features 0x2e7, context size is 2440 bytes, using 'compacted' format.
[    0.112342] Freeing SMP alternatives memory: 40K
[    0.112938] pid_max: default: 32768 minimum: 301
[    0.113044] Mount-cache hash table entries: 2048 (order: 2, 16384 bytes, linear)
[    0.114019] Mountpoint-cache hash table entries: 2048 (order: 2, 16384 bytes, linear)
[    0.115223] smpboot: CPU0: AMD Ryzen 9 7950X 16-Core Processor (family: 0x19, model: 0x61, stepping: 0x2)
[    0.116171] Performance Events: Fam17h+ core perfctr, AMD PMU driver.
[    0.117023] ... version:                0
[    0.117552] ... bit width:              48
[    0.118019] ... generic registers:      6
[    0.118547] ... value mask:             0000ffffffffffff
[    0.119019] ... max period:             00007fffffffffff
[    0.119719] ... fixed-purpose events:   0
[    0.120019] ... event mask:             000000000000003f
[    0.120784] signal: max sigframe size: 3376
[    0.121041] rcu: Hierarchical SRCU implementation.
[    0.121667] rcu: Max phase no-delay instances is 400.
[    0.124243] smp: Bringing up secondary CPUs ...
[    0.124900] smpboot: x86: Booting SMP configuration:
[    0.125020] .... node  #0, CPUs:        #1  #2  #3  #4  #5  #6  #7  #8  #9 #10 #11 #12 #13 #14 #15 #16 #17 #18 #19 #20 #21 #22 #23 #24 #25 #26 #27 #28 #29 #30 #31
[    0.142119] smp: Brought up 1 node, 32 CPUs
[    0.143729] smpboot: Total of 32 processors activated (287459.58 BogoMIPS)
[    0.147100] devtmpfs: initialized
[    0.148053] x86/mm: Memory block size: 128MB
[    0.149790] clocksource: jiffies: mask: 0xffffffff max_cycles: 0xffffffff, max_idle_ns: 1911260446275000 ns
[    0.150028] futex hash table entries: 8192 (order: 7, 524288 bytes, linear)
[    0.151209] PM: RTC time: 18:06:58, date: 2024-05-26
[    0.152474] NET: Registered PF_NETLINK/PF_ROUTE protocol family
[    0.153184] thermal_sys: Registered thermal governor 'step_wise'
[    0.153185] thermal_sys: Registered thermal governor 'user_space'
[    0.154041] cpuidle: using governor menu
[    0.156299] PCI: Using configuration type 1 for base access
[    0.157020] PCI: Using configuration type 1 for extended access
[    0.158114] kprobes: kprobe jump-optimization is enabled. All kprobes are optimized if possible.
[    0.179167] HugeTLB: registered 1.00 GiB page size, pre-allocated 0 pages
[    0.180020] HugeTLB: 16380 KiB vmemmap can be freed for a 1.00 GiB page
[    0.180908] HugeTLB: registered 2.00 MiB page size, pre-allocated 0 pages
[    0.181020] HugeTLB: 28 KiB vmemmap can be freed for a 2.00 MiB page
[    0.182022] Demotion targets for Node 0: null
[    0.183065] ACPI: Added _OSI(Module Device)
[    0.183633] ACPI: Added _OSI(Processor Device)
[    0.184019] ACPI: Added _OSI(3.0 _SCP Extensions)
[    0.184658] ACPI: Added _OSI(Processor Aggregator Device)
[    0.186735] ACPI: 1 ACPI AML tables successfully acquired and loaded
[    0.188044] ACPI: _OSC evaluation for CPUs failed, trying _PDC
[    0.188945] ACPI: Interpreter enabled
[    0.190029] ACPI: PM: (supports S0 S3 S4 S5)
[    0.190588] ACPI: Using IOAPIC for interrupt routing
[    0.191026] PCI: Using host bridge windows from ACPI; if necessary, use "pci=nocrs" and report a bug
[    0.192019] PCI: Using E820 reservations for host bridge windows
[    0.192909] ACPI: Enabled 2 GPEs in block 00 to 0F
[    0.196674] ACPI: PCI Root Bridge [PCI0] (domain 0000 [bus 00-ff])
[    0.197022] acpi PNP0A03:00: _OSC: OS supports [ExtendedConfig ASPM ClockPM Segments MSI HPX-Type3]
[    0.198111] PCI host bridge to bus 0000:00
[    0.198661] pci_bus 0000:00: root bus resource [io  0x0000-0x0cf7 window]
[    0.200020] pci_bus 0000:00: root bus resource [io  0x0d00-0xffff window]
[    0.200929] pci_bus 0000:00: root bus resource [mem 0x000a0000-0x000bffff window]
[    0.202019] pci_bus 0000:00: root bus resource [mem 0x40000000-0xfebfffff window]
[    0.203019] pci_bus 0000:00: root bus resource [mem 0x100000000-0x17fffffff window]
[    0.204019] pci_bus 0000:00: root bus resource [bus 00-ff]
[    0.204849] pci 0000:00:00.0: [8086:1237] type 00 class 0x060000 conventional PCI endpoint
[    0.206277] pci 0000:00:01.0: [8086:7000] type 00 class 0x060100 conventional PCI endpoint
[    0.207342] pci 0000:00:01.1: [8086:7010] type 00 class 0x010180 conventional PCI endpoint
[    0.211504] pci 0000:00:01.1: BAR 4 [io  0xc0c0-0xc0cf]
[    0.213027] pci 0000:00:01.1: BAR 0 [io  0x01f0-0x01f7]: legacy IDE quirk
[    0.213944] pci 0000:00:01.1: BAR 1 [io  0x03f6]: legacy IDE quirk
[    0.215019] pci 0000:00:01.1: BAR 2 [io  0x0170-0x0177]: legacy IDE quirk
[    0.215910] pci 0000:00:01.1: BAR 3 [io  0x0376]: legacy IDE quirk
[    0.216114] pci 0000:00:01.3: [8086:7113] type 00 class 0x068000 conventional PCI endpoint
[    0.217946] pci 0000:00:01.3: quirk: [io  0x0600-0x063f] claimed by PIIX4 ACPI
[    0.219024] pci 0000:00:01.3: quirk: [io  0x0700-0x070f] claimed by PIIX4 SMB
[    0.220181] pci 0000:00:02.0: [1af4:1009] type 00 class 0x000200 conventional PCI endpoint
[    0.223020] pci 0000:00:02.0: BAR 0 [io  0xc000-0xc03f]
[    0.224733] pci 0000:00:02.0: BAR 1 [mem 0xfebfc000-0xfebfcfff]
[    0.230719] pci 0000:00:02.0: BAR 4 [mem 0xfebf0000-0xfebf3fff 64bit pref]
[    0.233645] pci 0000:00:03.0: [1af4:1009] type 00 class 0x000200 conventional PCI endpoint
[    0.236020] pci 0000:00:03.0: BAR 0 [io  0xc040-0xc07f]
[    0.237721] pci 0000:00:03.0: BAR 1 [mem 0xfebfd000-0xfebfdfff]
[    0.243700] pci 0000:00:03.0: BAR 4 [mem 0xfebf4000-0xfebf7fff 64bit pref]
[    0.246585] pci 0000:00:04.0: [8086:25ab] type 00 class 0x088000 conventional PCI endpoint
[    0.247585] pci 0000:00:04.0: BAR 0 [mem 0xfebfe000-0xfebfe00f]
[    0.252373] pci 0000:00:05.0: [1af4:1003] type 00 class 0x078000 conventional PCI endpoint
[    0.255020] pci 0000:00:05.0: BAR 0 [io  0xc080-0xc0bf]
[    0.256704] pci 0000:00:05.0: BAR 1 [mem 0xfebff000-0xfebfffff]
[    0.262020] pci 0000:00:05.0: BAR 4 [mem 0xfebf8000-0xfebfbfff 64bit pref]
[    0.265793] ACPI: PCI: Interrupt link LNKA configured for IRQ 10
[    0.266132] ACPI: PCI: Interrupt link LNKB configured for IRQ 10
[    0.267035] ACPI: PCI: Interrupt link LNKC configured for IRQ 11
[    0.267944] ACPI: PCI: Interrupt link LNKD configured for IRQ 11
[    0.269092] ACPI: PCI: Interrupt link LNKS configured for IRQ 9
[    0.270786] iommu: Default domain type: Translated
[    0.271019] iommu: DMA domain TLB invalidation policy: lazy mode
[    0.271876] SCSI subsystem initialized
[    0.273051] pps_core: LinuxPPS API ver. 1 registered
[    0.273702] pps_core: Software ver. 5.3.6 - Copyright 2005-2007 Rodolfo Giometti <giometti@linux.it>
[    0.275022] PTP clock support registered
[    0.275547] Advanced Linux Sound Architecture Driver Initialized.
[    0.276331] NET: Registered PF_ATMPVC protocol family
[    0.277017] NET: Registered PF_ATMSVC protocol family
[    0.277693] PCI: Using ACPI for IRQ routing
[    0.278110] vgaarb: loaded
[    0.279063] hpet0: at MMIO 0xfed00000, IRQs 2, 8, 0
[    0.280020] hpet0: 3 comparators, 64-bit 100.000000 MHz counter
[    0.285553] clocksource: Switched to clocksource kvm-clock
[    0.286416] VFS: Disk quotas dquot_6.6.0
[    0.286962] VFS: Dquot-cache hash table entries: 512 (order 0, 4096 bytes)
[    0.288051] pnp: PnP ACPI init
[    0.288673] pnp: PnP ACPI: found 5 devices
[    0.295873] clocksource: acpi_pm: mask: 0xffffff max_cycles: 0xffffff, max_idle_ns: 2085701024 ns
[    0.297070] NET: Registered PF_INET protocol family
[    0.297734] IP idents hash table entries: 16384 (order: 5, 131072 bytes, linear)
[    0.298878] tcp_listen_portaddr_hash hash table entries: 512 (order: 1, 8192 bytes, linear)
[    0.300005] Table-perturb hash table entries: 65536 (order: 6, 262144 bytes, linear)
[    0.301039] TCP established hash table entries: 8192 (order: 4, 65536 bytes, linear)
[    0.302071] TCP bind hash table entries: 8192 (order: 6, 262144 bytes, linear)
[    0.303128] TCP: Hash tables configured (established 8192 bind 8192)
[    0.304020] UDP hash table entries: 512 (order: 2, 16384 bytes, linear)
[    0.304900] UDP-Lite hash table entries: 512 (order: 2, 16384 bytes, linear)
[    0.305866] NET: Registered PF_UNIX/PF_LOCAL protocol family
[    0.306623] pci_bus 0000:00: resource 4 [io  0x0000-0x0cf7 window]
[    0.307455] pci_bus 0000:00: resource 5 [io  0x0d00-0xffff window]
[    0.308274] pci_bus 0000:00: resource 6 [mem 0x000a0000-0x000bffff window]
[    0.309175] pci_bus 0000:00: resource 7 [mem 0x40000000-0xfebfffff window]
[    0.310084] pci_bus 0000:00: resource 8 [mem 0x100000000-0x17fffffff window]
[    0.311037] pci 0000:00:01.0: PIIX3: Enabling Passive Release
[    0.311808] pci 0000:00:00.0: Limiting direct PCI/PCI transfers
[    0.313076] PCI: CLS 0 bytes, default 64
[    0.313653] kvm_intel: VMX not supported by CPU 23
[    0.314308] kvm_amd: TSC scaling supported
[    0.314847] kvm_amd: Nested Virtualization enabled
[    0.315487] kvm_amd: Nested Paging enabled
[    0.316034] kvm_amd: Virtual VMLOAD VMSAVE supported
[    0.316693] kvm_amd: Virtual GIF supported
[    0.317236] kvm_amd: Virtual NMI enabled
[    0.317749] kvm_amd: LBR virtualization supported
[    0.407057] Initialise system trusted keyrings
[    0.407774] workingset: timestamp_bits=56 max_order=18 bucket_order=0
[    0.408667] squashfs: version 4.0 (2009/01/31) Phillip Lougher
[    0.409460] fuse: init (API version 7.40)
[    0.410039] 9p: Installing v9fs 9p2000 file system support
[    0.417430] Key type asymmetric registered
[    0.417984] Asymmetric key parser 'x509' registered
[    0.418654] Block layer SCSI generic (bsg) driver version 0.4 loaded (major 249)
[    0.419661] io scheduler mq-deadline registered
[    0.420277] io scheduler kyber registered
[    0.421960] input: Power Button as /devices/LNXSYSTM:00/LNXPWRBN:00/input/input0
[    0.423061] ACPI: button: Power Button [PWRF]
[    0.423694] Warning: Processor Platform Limit event detected, but not handled.
[    0.424674] Consider compiling CPUfreq support into your kernel.
[    0.442350] ACPI: \_SB_.LNKB: Enabled at IRQ 10
[    0.459662] ACPI: \_SB_.LNKC: Enabled at IRQ 11
[    0.476875] ACPI: \_SB_.LNKA: Enabled at IRQ 10
[    0.478133] Serial: 8250/16550 driver, 4 ports, IRQ sharing enabled
[    0.479093] 00:03: ttyS0 at I/O 0x3f8 (irq = 4, base_baud = 115200) is a 16550A
[    0.513558] Non-volatile memory driver v1.3
[    0.514150] Linux agpgart interface v0.103
[    0.514210] ACPI: bus type drm_connector registered
[    0.515416] printk: legacy console [hvc0] enabled
[    0.516072] printk: legacy bootconsole [earlyser0] disabled
          _      _                                    
   __   _(_)_ __| |_ _ __ ___   ___       _ __   __ _ 
   \ \ / / |  __| __|  _   _ \ / _ \_____|  _ \ / _  |
    \ V /| | |  | |_| | | | | |  __/_____| | | | (_| |
     \_/ |_|_|   \__|_| |_| |_|\___|     |_| |_|\__  |
                                                |___/ 
   kernel version: 6.9.0-virtme x86_64
   (CTRL+d to exit)

virtme-ng:/nipa-data/kernel# PS1='xx__-> '
xx__-> env
PWD=/nipa-data/kernel
nr_open=1048576
HOME=/root
TERM=xterm
SHLVL=2
XDG_RUNTIME_DIR=/run/user/0
PATH=/bin:/sbin:/usr/bin:/usr/sbin:/usr/local/bin
OLDPWD=/
_=/usr/bin/env
xx__-> 