No EFI environment detected.
early console in extract_kernel
input_data: 0x0000000004ab42c4
input_len: 0x000000000186272a
output: 0x0000000001000000
output_len: 0x00000000052a3014
kernel_total_size: 0x0000000004e30000
needed_size: 0x0000000005400000
trampoline_32bit: 0x0000000000000000
Physical KASLR using RDRAND RDTSC...
Virtual KASLR using RDRAND RDTSC...

Decompressing Linux... Parsing ELF... Performing relocations... done.
Booting the kernel (entry_offset: 0x0000000000000000).
[    0.000000] Linux version 6.10.0-rc2-virtme (root@9bc9583cf464) (gcc (Alpine 13.2.1_git20240309) 13.2.1 20240309, GNU ld (GNU Binutils) 2.42) #1 SMP PREEMPT_DYNAMIC Fri Jun  7 18:26:44 UTC 2024
[    0.000000] Command line: virtme_hostname=virtme-ng nr_open=1048576 virtme_link_mods=/nipa-data/kernel/.virtme_mods/lib/modules/0.0.0 virtme_initmount0=nipa-data/kernel virtme_rw_overlay0=/etc virtme_rw_overlay1=/lib virtme_rw_overlay2=/home virtme_rw_overlay3=/opt virtme_rw_overlay4=/srv virtme_rw_overlay5=/usr virtme_rw_overlay6=/var console=hvc0 earlyprintk=serial,ttyS0,115200 virtme_console=ttyS0 psmouse.proto=exps TERM=xterm virtme_chdir=nipa-data/kernel virtme_root_user=1 rootfstype=9p rootflags=version=9p2000.L,trans=virtio,access=any raid=noautodetect ro init=/usr/lib/python3.12/site-packages/virtme/guest/virtme-init
[    0.000000] BIOS-provided physical RAM map:
[    0.000000] BIOS-e820: [mem 0x0000000000000000-0x000000000009fbff] usable
[    0.000000] BIOS-e820: [mem 0x000000000009fc00-0x000000000009ffff] reserved
[    0.000000] BIOS-e820: [mem 0x00000000000f0000-0x00000000000fffff] reserved
[    0.000000] BIOS-e820: [mem 0x0000000000100000-0x000000003ffdffff] usable
[    0.000000] BIOS-e820: [mem 0x000000003ffe0000-0x000000003fffffff] reserved
[    0.000000] BIOS-e820: [mem 0x00000000feffc000-0x00000000feffffff] reserved
[    0.000000] BIOS-e820: [mem 0x00000000fffc0000-0x00000000ffffffff] reserved
[    0.000000] BIOS-e820: [mem 0x000000fd00000000-0x000000ffffffffff] reserved
[    0.000000] printk: legacy bootconsole [earlyser0] enabled
[    0.000000] NX (Execute Disable) protection: active
[    0.000000] APIC: Static calls initialized
[    0.000000] SMBIOS 2.8 present.
[    0.000000] DMI: QEMU Standard PC (i440FX + PIIX, 1996), BIOS rel-1.16.3-0-ga6ed6b701f0a-prebuilt.qemu.org 04/01/2014
[    0.000000] DMI: Memory slots populated: 1/1
[    0.000000] Hypervisor detected: KVM
[    0.000000] kvm-clock: Using msrs 4b564d01 and 4b564d00
[    0.000000] kvm-clock: using sched offset of 370650834 cycles
[    0.000471] clocksource: kvm-clock: mask: 0xffffffffffffffff max_cycles: 0x1cd42e4dffb, max_idle_ns: 881590591483 ns
[    0.001925] tsc: Detected 4491.556 MHz processor
[    0.002803] last_pfn = 0x3ffe0 max_arch_pfn = 0x400000000
[    0.003314] MTRR map: 4 entries (3 fixed + 1 variable; max 19), built from 8 variable MTRRs
[    0.004063] x86/PAT: Configuration [0-7]: WB  WC  UC- UC  WB  WP  UC- WT  
[    0.006395] found SMP MP-table at [mem 0x000f5470-0x000f547f]
[    0.006917] Using GB pages for direct mapping
[    0.007495] ACPI: Early table checksum verification disabled
[    0.008000] ACPI: RSDP 0x00000000000F5290 000014 (v00 BOCHS )
[    0.008519] ACPI: RSDT 0x000000003FFE27BC 000034 (v01 BOCHS  BXPC     00000001 BXPC 00000001)
[    0.009288] ACPI: FACP 0x000000003FFE2578 000074 (v01 BOCHS  BXPC     00000001 BXPC 00000001)
[    0.010055] ACPI: DSDT 0x000000003FFE0040 002538 (v01 BOCHS  BXPC     00000001 BXPC 00000001)
[    0.010824] ACPI: FACS 0x000000003FFE0000 000040
[    0.011242] ACPI: APIC 0x000000003FFE25EC 000170 (v03 BOCHS  BXPC     00000001 BXPC 00000001)
[    0.012006] ACPI: HPET 0x000000003FFE275C 000038 (v01 BOCHS  BXPC     00000001 BXPC 00000001)
[    0.012776] ACPI: WAET 0x000000003FFE2794 000028 (v01 BOCHS  BXPC     00000001 BXPC 00000001)
[    0.013541] ACPI: Reserving FACP table memory at [mem 0x3ffe2578-0x3ffe25eb]
[    0.014174] ACPI: Reserving DSDT table memory at [mem 0x3ffe0040-0x3ffe2577]
[    0.014802] ACPI: Reserving FACS table memory at [mem 0x3ffe0000-0x3ffe003f]
[    0.015427] ACPI: Reserving APIC table memory at [mem 0x3ffe25ec-0x3ffe275b]
[    0.016064] ACPI: Reserving HPET table memory at [mem 0x3ffe275c-0x3ffe2793]
[    0.016697] ACPI: Reserving WAET table memory at [mem 0x3ffe2794-0x3ffe27bb]
[    0.017607] No NUMA configuration found
[    0.017951] Faking a node at [mem 0x0000000000000000-0x000000003ffdffff]
[    0.018553] NODE_DATA(0) allocated [mem 0x3ffdb000-0x3ffdffff]
[    0.019098] Zone ranges:
[    0.019326]   DMA      [mem 0x0000000000001000-0x0000000000ffffff]
[    0.019882]   DMA32    [mem 0x0000000001000000-0x000000003ffdffff]
[    0.020440]   Normal   empty
[    0.020701]   Device   empty
[    0.020959] Movable zone start for each node
[    0.021341] Early memory node ranges
[    0.021659]   node   0: [mem 0x0000000000001000-0x000000000009efff]
[    0.022220]   node   0: [mem 0x0000000000100000-0x000000003ffdffff]
[    0.022781] Initmem setup node 0 [mem 0x0000000000001000-0x000000003ffdffff]
[    0.023416] On node 0, zone DMA: 1 pages in unavailable ranges
[    0.024012] On node 0, zone DMA: 97 pages in unavailable ranges
[    0.029968] On node 0, zone DMA32: 32 pages in unavailable ranges
[    0.040431] kasan: KernelAddressSanitizer initialized
[    0.041165] ACPI: PM-Timer IO Port: 0x608
[    0.041535] ACPI: LAPIC_NMI (acpi_id[0xff] dfl dfl lint[0x1])
[    0.042072] IOAPIC[0]: apic_id 0, version 17, address 0xfec00000, GSI 0-23
[    0.042685] ACPI: INT_SRC_OVR (bus 0 bus_irq 0 global_irq 2 dfl dfl)
[    0.043252] ACPI: INT_SRC_OVR (bus 0 bus_irq 5 global_irq 5 high level)
[    0.043842] ACPI: INT_SRC_OVR (bus 0 bus_irq 9 global_irq 9 high level)
[    0.044436] ACPI: INT_SRC_OVR (bus 0 bus_irq 10 global_irq 10 high level)
[    0.045039] ACPI: INT_SRC_OVR (bus 0 bus_irq 11 global_irq 11 high level)
[    0.045645] ACPI: Using ACPI (MADT) for SMP configuration information
[    0.046218] ACPI: HPET id: 0x8086a201 base: 0xfed00000
[    0.046677] TSC deadline timer available
[    0.047028] CPU topo: Max. logical packages:   1
[    0.047438] CPU topo: Max. logical dies:       1
[    0.047849] CPU topo: Max. dies per package:   1
[    0.048264] CPU topo: Max. threads per core:   1
[    0.048675] CPU topo: Num. cores per package:    32
[    0.049107] CPU topo: Num. threads per package:  32
[    0.049540] CPU topo: Allowing 32 present CPUs plus 0 hotplug CPUs
[    0.050110] kvm-guest: APIC: eoi() replaced with kvm_guest_apic_eoi_write()
[    0.050742] kvm-guest: KVM setup pv remote TLB flush
[    0.051185] kvm-guest: setup PV sched yield
[    0.051563] PM: hibernation: Registered nosave memory: [mem 0x00000000-0x00000fff]
[    0.052239] PM: hibernation: Registered nosave memory: [mem 0x0009f000-0x0009ffff]
[    0.052911] PM: hibernation: Registered nosave memory: [mem 0x000a0000-0x000effff]
[    0.053583] PM: hibernation: Registered nosave memory: [mem 0x000f0000-0x000fffff]
[    0.054255] [mem 0x40000000-0xfeffbfff] available for PCI devices
[    0.054796] Booting paravirtualized kernel on KVM
[    0.055215] clocksource: refined-jiffies: mask: 0xffffffff max_cycles: 0xffffffff, max_idle_ns: 1910969940391419 ns
[    0.064578] setup_percpu: NR_CPUS:64 nr_cpumask_bits:32 nr_cpu_ids:32 nr_node_ids:1
[    0.066800] percpu: Embedded 70 pages/cpu s248600 r8192 d29928 u524288
[    0.067462] Kernel command line: virtme_hostname=virtme-ng nr_open=1048576 virtme_link_mods=/nipa-data/kernel/.virtme_mods/lib/modules/0.0.0 virtme_initmount0=nipa-data/kernel virtme_rw_overlay0=/etc virtme_rw_overlay1=/lib virtme_rw_overlay2=/home virtme_rw_overlay3=/opt virtme_rw_overlay4=/srv virtme_rw_overlay5=/usr virtme_rw_overlay6=/var console=hvc0 earlyprintk=serial,ttyS0,115200 virtme_console=ttyS0 psmouse.proto=exps TERM=xterm virtme_chdir=nipa-data/kernel virtme_root_user=1 rootfstype=9p rootflags=version=9p2000.L,trans=virtio,access=any raid=noautodetect ro init=/usr/lib/python3.12/site-packages/virtme/guest/virtme-init
[    0.072760] Unknown kernel command line parameters "virtme_hostname=virtme-ng nr_open=1048576 virtme_link_mods=/nipa-data/kernel/.virtme_mods/lib/modules/0.0.0 virtme_initmount0=nipa-data/kernel virtme_rw_overlay0=/etc virtme_rw_overlay1=/lib virtme_rw_overlay2=/home virtme_rw_overlay3=/opt virtme_rw_overlay4=/srv virtme_rw_overlay5=/usr virtme_rw_overlay6=/var virtme_console=ttyS0 virtme_chdir=nipa-data/kernel virtme_root_user=1", will be passed to user space.
[    0.076712] random: crng init done
[    0.077149] Dentry cache hash table entries: 131072 (order: 8, 1048576 bytes, linear)
[    0.077887] Inode-cache hash table entries: 65536 (order: 7, 524288 bytes, linear)
[    0.079099] Fallback order for Node 0: 0 
[    0.079105] Built 1 zonelists, mobility grouping on.  Total pages: 262014
[    0.080109] Policy zone: DMA32
[    0.080393] mem auto-init: stack:all(zero), heap alloc:off, heap free:off, mlocked free:off
[    0.081165] stackdepot: allocating hash table via alloc_large_system_hash
[    0.081794] stackdepot hash table entries: 1048576 (order: 12, 16777216 bytes, linear)
[    0.091048] Memory: 781048K/1048056K available (43008K kernel code, 11212K rwdata, 9836K rodata, 5912K init, 2184K bss, 266752K reserved, 0K cma-reserved)
[    0.092548] SLUB: HWalign=64, Order=0-3, MinObjects=0, CPUs=32, Nodes=1
Poking KASLR using RDRAND RDTSC...
[    0.093502] ftrace: allocating 47963 entries in 188 pages
[    0.103445] ftrace: allocated 188 pages with 5 groups
[    0.104705] Dynamic Preempt: voluntary
[    0.105469] rcu: Preemptible hierarchical RCU implementation.
[    0.105906] rcu: RCU event tracing is enabled.
[    0.106250] rcu: RCU restricting CPUs from NR_CPUS=64 to nr_cpu_ids=32.
[    0.106764] Trampoline variant of Tasks RCU enabled.
[    0.107146] Rude variant of Tasks RCU enabled.
[    0.107493] Tracing variant of Tasks RCU enabled.
[    0.107855] rcu: RCU calculated value of scheduler-enlistment delay is 100 jiffies.
[    0.108480] rcu: Adjusting geometry for rcu_fanout_leaf=16, nr_cpu_ids=32
[    0.109061] RCU Tasks: Setting shift to 5 and lim to 1 rcu_task_cb_adjust=1.
[    0.109602] RCU Tasks Rude: Setting shift to 5 and lim to 1 rcu_task_cb_adjust=1.
[    0.110180] RCU Tasks Trace: Setting shift to 5 and lim to 1 rcu_task_cb_adjust=1.
[    0.119079] NR_IRQS: 4352, nr_irqs: 680, preallocated irqs: 16
[    0.119784] rcu: srcu_init: Setting srcu_struct sizes based on contention.
[    0.120533] Console: colour *CGA 80x25
[    0.120864] ACPI: Core revision 20240322
[    0.121318] clocksource: hpet: mask: 0xffffffff max_cycles: 0xffffffff, max_idle_ns: 19112604467 ns
[    0.122072] APIC: Switch to symmetric I/O mode setup
[    0.122460] APIC: Switched APIC routing to: physical flat
[    0.122864] kvm-guest: APIC: send_IPI_mask() replaced with kvm_send_ipi_mask()
[    0.123417] kvm-guest: APIC: send_IPI_mask_allbutself() replaced with kvm_send_ipi_mask_allbutself()
[    0.124118] kvm-guest: setup PV IPIs
[    0.125266] ..TIMER: vector=0x30 apic1=0 pin1=2 apic2=-1 pin2=-1
[    0.126075] tsc: Marking TSC unstable due to TSCs unsynchronized
[    0.126864] Calibrating delay loop (skipped) preset value.. 8983.11 BogoMIPS (lpj=4491556)
[    0.127933] x86/cpu: User Mode Instruction Prevention (UMIP) activated
[    0.128924] Last level iTLB entries: 4KB 512, 2MB 255, 4MB 127
[    0.129863] Last level dTLB entries: 4KB 512, 2MB 255, 4MB 127, 1GB 0
[    0.130868] Spectre V1 : Mitigation: usercopy/swapgs barriers and __user pointer sanitization
[    0.131867] Spectre V2 : Mitigation: Enhanced / Automatic IBRS
[    0.132863] Spectre V2 : Spectre v2 / SpectreRSB mitigation: Filling RSB on context switch
[    0.133865] Spectre V2 : mitigation: Enabling conditional Indirect Branch Prediction Barrier
[    0.134865] Speculative Store Bypass: Mitigation: Speculative Store Bypass disabled via prctl
[    0.135863] Speculative Return Stack Overflow: IBPB-extending microcode not applied!
[    0.136863] Speculative Return Stack Overflow: WARNING: See https://kernel.org/doc/html/latest/admin-guide/hw-vuln/srso.html for mitigation options.
[    0.136865] Speculative Return Stack Overflow: Vulnerable: Safe RET, no microcode
[    0.138883] x86/fpu: Supporting XSAVE feature 0x001: 'x87 floating point registers'
[    0.139863] x86/fpu: Supporting XSAVE feature 0x002: 'SSE registers'
[    0.140863] x86/fpu: Supporting XSAVE feature 0x004: 'AVX registers'
[    0.142863] x86/fpu: Supporting XSAVE feature 0x020: 'AVX-512 opmask'
[    0.143863] x86/fpu: Supporting XSAVE feature 0x040: 'AVX-512 Hi256'
[    0.144863] x86/fpu: Supporting XSAVE feature 0x080: 'AVX-512 ZMM_Hi256'
[    0.145863] x86/fpu: Supporting XSAVE feature 0x200: 'Protection Keys User registers'
[    0.146863] x86/fpu: xstate_offset[2]:  576, xstate_sizes[2]:  256
[    0.147863] x86/fpu: xstate_offset[5]:  832, xstate_sizes[5]:   64
[    0.148863] x86/fpu: xstate_offset[6]:  896, xstate_sizes[6]:  512
[    0.149863] x86/fpu: xstate_offset[7]: 1408, xstate_sizes[7]: 1024
[    0.150863] x86/fpu: xstate_offset[9]: 2432, xstate_sizes[9]:    8
[    0.151863] x86/fpu: Enabled xstate features 0x2e7, context size is 2440 bytes, using 'compacted' format.
[    0.176251] Freeing SMP alternatives memory: 40K
[    0.176864] pid_max: default: 32768 minimum: 301
[    0.177611] Mount-cache hash table entries: 2048 (order: 2, 16384 bytes, linear)
[    0.177864] Mountpoint-cache hash table entries: 2048 (order: 2, 16384 bytes, linear)
[    0.180329] smpboot: CPU0: AMD Ryzen 9 7950X 16-Core Processor (family: 0x19, model: 0x61, stepping: 0x2)
[    0.181343] Performance Events: Fam17h+ core perfctr, AMD PMU driver.
[    0.181868] ... version:                0
[    0.182399] ... bit width:              48
[    0.182865] ... generic registers:      6
[    0.183388] ... value mask:             0000ffffffffffff
[    0.183865] ... max period:             00007fffffffffff
[    0.184552] ... fixed-purpose events:   0
[    0.184864] ... event mask:             000000000000003f
[    0.185692] signal: max sigframe size: 3376
[    0.185913] rcu: Hierarchical SRCU implementation.
[    0.186545] rcu: Max phase no-delay instances is 400.
[    0.191055] smp: Bringing up secondary CPUs ...
[    0.191924] smpboot: x86: Booting SMP configuration:
[    0.192572] .... node  #0, CPUs:        #1  #2  #3  #4  #5  #6  #7  #8  #9 #10 #11 #12 #13 #14 #15 #16 #17 #18 #19 #20 #21 #22 #23 #24 #25 #26 #27 #28 #29 #30 #31
[    0.220125] smp: Brought up 1 node, 32 CPUs
[    0.221432] smpboot: Total of 32 processors activated (287459.58 BogoMIPS)
[    0.233961] devtmpfs: initialized
[    0.234512] x86/mm: Memory block size: 128MB
[    0.241295] clocksource: jiffies: mask: 0xffffffff max_cycles: 0xffffffff, max_idle_ns: 1911260446275000 ns
[    0.241870] futex hash table entries: 8192 (order: 7, 524288 bytes, linear)
[    0.243150] PM: RTC time: 18:27:18, date: 2024-06-07
[    0.244656] NET: Registered PF_NETLINK/PF_ROUTE protocol family
[    0.245806] thermal_sys: Registered thermal governor 'step_wise'
[    0.245809] thermal_sys: Registered thermal governor 'user_space'
[    0.245895] cpuidle: using governor menu
[    0.248380] PCI: Using configuration type 1 for base access
[    0.248865] PCI: Using configuration type 1 for extended access
[    0.249810] kprobes: kprobe jump-optimization is enabled. All kprobes are optimized if possible.
[    0.263078] HugeTLB: registered 1.00 GiB page size, pre-allocated 0 pages
[    0.263866] HugeTLB: 16380 KiB vmemmap can be freed for a 1.00 GiB page
[    0.265867] HugeTLB: registered 2.00 MiB page size, pre-allocated 0 pages
[    0.266865] HugeTLB: 28 KiB vmemmap can be freed for a 2.00 MiB page
[    0.268192] Demotion targets for Node 0: null
[    0.269313] ACPI: Added _OSI(Module Device)
[    0.270866] ACPI: Added _OSI(Processor Device)
[    0.271645] ACPI: Added _OSI(3.0 _SCP Extensions)
[    0.271865] ACPI: Added _OSI(Processor Aggregator Device)
[    0.306445] ACPI: 1 ACPI AML tables successfully acquired and loaded
[    0.310108] ACPI: _OSC evaluation for CPUs failed, trying _PDC
[    0.315121] ACPI: Interpreter enabled
[    0.315853] ACPI: PM: (supports S0 S3 S4 S5)
[    0.315866] ACPI: Using IOAPIC for interrupt routing
[    0.316802] PCI: Using host bridge windows from ACPI; if necessary, use "pci=nocrs" and report a bug
[    0.318865] PCI: Using E820 reservations for host bridge windows
[    0.321402] ACPI: Enabled 2 GPEs in block 00 to 0F
[    0.373887] ACPI: PCI Root Bridge [PCI0] (domain 0000 [bus 00-ff])
[    0.374884] acpi PNP0A03:00: _OSC: OS supports [ExtendedConfig ASPM ClockPM Segments MSI HPX-Type3]
[    0.377578] PCI host bridge to bus 0000:00
[    0.377870] pci_bus 0000:00: root bus resource [io  0x0000-0x0cf7 window]
[    0.379869] pci_bus 0000:00: root bus resource [io  0x0d00-0xffff window]
[    0.380868] pci_bus 0000:00: root bus resource [mem 0x000a0000-0x000bffff window]
[    0.381869] pci_bus 0000:00: root bus resource [mem 0x40000000-0xfebfffff window]
[    0.382868] pci_bus 0000:00: root bus resource [mem 0x100000000-0x17fffffff window]
[    0.384869] pci_bus 0000:00: root bus resource [bus 00-ff]
[    0.386024] pci 0000:00:00.0: [8086:1237] type 00 class 0x060000 conventional PCI endpoint
[    0.388079] pci 0000:00:01.0: [8086:7000] type 00 class 0x060100 conventional PCI endpoint
[    0.391108] pci 0000:00:01.1: [8086:7010] type 00 class 0x010180 conventional PCI endpoint
[    0.396264] pci 0000:00:01.1: BAR 4 [io  0xc0c0-0xc0cf]
[    0.398263] pci 0000:00:01.1: BAR 0 [io  0x01f0-0x01f7]: legacy IDE quirk
[    0.399867] pci 0000:00:01.1: BAR 1 [io  0x03f6]: legacy IDE quirk
[    0.400866] pci 0000:00:01.1: BAR 2 [io  0x0170-0x0177]: legacy IDE quirk
[    0.401762] pci 0000:00:01.1: BAR 3 [io  0x0376]: legacy IDE quirk
[    0.403898] pci 0000:00:01.3: [8086:7113] type 00 class 0x068000 conventional PCI endpoint
[    0.405147] pci 0000:00:01.3: quirk: [io  0x0600-0x063f] claimed by PIIX4 ACPI
[    0.405869] pci 0000:00:01.3: quirk: [io  0x0700-0x070f] claimed by PIIX4 SMB
[    0.407574] pci 0000:00:02.0: [1af4:1009] type 00 class 0x000200 conventional PCI endpoint
[    0.409865] pci 0000:00:02.0: BAR 0 [io  0xc000-0xc03f]
[    0.411544] pci 0000:00:02.0: BAR 1 [mem 0xfebfc000-0xfebfcfff]
[    0.416865] pci 0000:00:02.0: BAR 4 [mem 0xfebf0000-0xfebf3fff 64bit pref]
[    0.431958] pci 0000:00:03.0: [1af4:1009] type 00 class 0x000200 conventional PCI endpoint
[    0.433865] pci 0000:00:03.0: BAR 0 [io  0xc040-0xc07f]
[    0.436551] pci 0000:00:03.0: BAR 1 [mem 0xfebfd000-0xfebfdfff]
[    0.440865] pci 0000:00:03.0: BAR 4 [mem 0xfebf4000-0xfebf7fff 64bit pref]
[    0.455553] pci 0000:00:04.0: [8086:25ab] type 00 class 0x088000 conventional PCI endpoint
[    0.457235] pci 0000:00:04.0: BAR 0 [mem 0xfebfe000-0xfebfe00f]
[    0.472127] pci 0000:00:05.0: [1af4:1003] type 00 class 0x078000 conventional PCI endpoint
[    0.475866] pci 0000:00:05.0: BAR 0 [io  0xc080-0xc0bf]
[    0.478866] pci 0000:00:05.0: BAR 1 [mem 0xfebff000-0xfebfffff]
[    0.485866] pci 0000:00:05.0: BAR 4 [mem 0xfebf8000-0xfebfbfff 64bit pref]
[    0.509608] ACPI: PCI: Interrupt link LNKA configured for IRQ 10
[    0.512206] ACPI: PCI: Interrupt link LNKB configured for IRQ 10
[    0.514194] ACPI: PCI: Interrupt link LNKC configured for IRQ 11
[    0.516185] ACPI: PCI: Interrupt link LNKD configured for IRQ 11
[    0.518416] ACPI: PCI: Interrupt link LNKS configured for IRQ 9
[    0.543714] iommu: Default domain type: Translated
[    0.544865] iommu: DMA domain TLB invalidation policy: lazy mode
[    0.546174] SCSI subsystem initialized
[    0.547080] pps_core: LinuxPPS API ver. 1 registered
[    0.547761] pps_core: Software ver. 5.3.6 - Copyright 2005-2007 Rodolfo Giometti <giometti@linux.it>
[    0.548883] PTP clock support registered
[    0.549998] Advanced Linux Sound Architecture Driver Initialized.
[    0.552004] NET: Registered PF_ATMPVC protocol family
[    0.552715] NET: Registered PF_ATMSVC protocol family
[    0.552892] PCI: Using ACPI for IRQ routing
[    0.553915] vgaarb: loaded
[    0.554990] hpet0: at MMIO 0xfed00000, IRQs 2, 8, 0
[    0.555660] hpet0: 3 comparators, 64-bit 100.000000 MHz counter
[    0.560241] clocksource: Switched to clocksource kvm-clock
[    0.561308] VFS: Disk quotas dquot_6.6.0
[    0.561866] VFS: Dquot-cache hash table entries: 512 (order 0, 4096 bytes)
[    0.563580] pnp: PnP ACPI init
[    0.570226] pnp: PnP ACPI: found 5 devices
[    0.584537] clocksource: acpi_pm: mask: 0xffffff max_cycles: 0xffffff, max_idle_ns: 2085701024 ns
[    0.586153] NET: Registered PF_INET protocol family
[    0.587052] IP idents hash table entries: 16384 (order: 5, 131072 bytes, linear)
[    0.588901] tcp_listen_portaddr_hash hash table entries: 512 (order: 1, 8192 bytes, linear)
[    0.590339] Table-perturb hash table entries: 65536 (order: 6, 262144 bytes, linear)
[    0.591687] TCP established hash table entries: 8192 (order: 4, 65536 bytes, linear)
[    0.593026] TCP bind hash table entries: 8192 (order: 6, 262144 bytes, linear)
[    0.594281] TCP: Hash tables configured (established 8192 bind 8192)
[    0.595606] UDP hash table entries: 512 (order: 2, 16384 bytes, linear)
[    0.596809] UDP-Lite hash table entries: 512 (order: 2, 16384 bytes, linear)
[    0.598327] NET: Registered PF_UNIX/PF_LOCAL protocol family
[    0.599326] pci_bus 0000:00: resource 4 [io  0x0000-0x0cf7 window]
[    0.600396] pci_bus 0000:00: resource 5 [io  0x0d00-0xffff window]
[    0.601455] pci_bus 0000:00: resource 6 [mem 0x000a0000-0x000bffff window]
[    0.602634] pci_bus 0000:00: resource 7 [mem 0x40000000-0xfebfffff window]
[    0.603814] pci_bus 0000:00: resource 8 [mem 0x100000000-0x17fffffff window]
[    0.605309] pci 0000:00:01.0: PIIX3: Enabling Passive Release
[    0.606297] pci 0000:00:00.0: Limiting direct PCI/PCI transfers
[    0.607361] PCI: CLS 0 bytes, default 64
[    0.608328] kvm_intel: VMX not supported by CPU 13
[    0.609202] kvm_amd: TSC scaling supported
[    0.609905] kvm_amd: Nested Virtualization enabled
[    0.610723] kvm_amd: Nested Paging enabled
[    0.611420] kvm_amd: LBR virtualization supported
[    0.612249] kvm_amd: Virtual VMLOAD VMSAVE supported
[    0.613096] kvm_amd: Virtual GIF supported
[    0.613798] kvm_amd: Virtual NMI enabled
[    0.727792] Initialise system trusted keyrings
[    0.728755] workingset: timestamp_bits=56 max_order=18 bucket_order=0
[    0.730036] squashfs: version 4.0 (2009/01/31) Phillip Lougher
[    0.731073] fuse: init (API version 7.40)
[    0.731962] 9p: Installing v9fs 9p2000 file system support
[    0.747299] Key type asymmetric registered
[    0.748022] Asymmetric key parser 'x509' registered
[    0.748944] Block layer SCSI generic (bsg) driver version 0.4 loaded (major 249)
[    0.750251] io scheduler mq-deadline registered
[    0.751035] io scheduler kyber registered
[    0.753510] input: Power Button as /devices/LNXSYSTM:00/LNXPWRBN:00/input/input0
[    0.755106] ACPI: button: Power Button [PWRF]
[    0.756002] Warning: Processor Platform Limit event detected, but not handled.
[    0.757002] Consider compiling CPUfreq support into your kernel.
[    1.702494] ACPI: \_SB_.LNKB: Enabled at IRQ 10
[    2.562535] ACPI: \_SB_.LNKC: Enabled at IRQ 11
[    3.447631] ACPI: \_SB_.LNKA: Enabled at IRQ 10
[    3.449269] Serial: 8250/16550 driver, 4 ports, IRQ sharing enabled
[    3.450520] 00:03: ttyS0 at I/O 0x3f8 (irq = 4, base_baud = 115200) is a 16550A
[    3.490290] Non-volatile memory driver v1.3
[    3.490896] Linux agpgart interface v0.103
[    3.491605] printk: legacy console [hvc0] enabled
[    3.491641] ACPI: bus type drm_connector registered
[    3.492249] printk: legacy bootconsole [earlyser0] disabled
          _      _                                    
   __   _(_)_ __| |_ _ __ ___   ___       _ __   __ _ 
   \ \ / / |  __| __|  _   _ \ / _ \_____|  _ \ / _  |
    \ V /| | |  | |_| | | | | |  __/_____| | | | (_| |
     \_/ |_|_|   \__|_| |_| |_|\___|     |_| |_|\__  |
                                                |___/ 
   kernel version: 6.10.0-rc2-virtme x86_64
   (CTRL+d to exit)

virtme-ng:/nipa-data/kernel# PS1='xx__-> '
xx__-> env
PWD=/nipa-data/kernel
nr_open=1048576
HOME=/root
TERM=xterm
SHLVL=2
XDG_RUNTIME_DIR=/run/user/0
PATH=/bin:/sbin:/usr/bin:/usr/sbin:/usr/local/bin
OLDPWD=/
_=/usr/bin/env
xx__-> 