No EFI environment detected.
early console in extract_kernel
input_data: 0x0000000004cbb2c4
input_len: 0x000000000189d420
output: 0x0000000001000000
output_len: 0x00000000054e26fc
kernel_total_size: 0x0000000005030000
needed_size: 0x0000000005600000
trampoline_32bit: 0x000000000009d000
Physical KASLR using RDRAND RDTSC...
Virtual KASLR using RDRAND RDTSC...

Decompressing Linux... Parsing ELF... Performing relocations... done.
Booting the kernel (entry_offset: 0x0000000000000000).
[    0.000000] Linux version 6.11.0-virtme (root@2b64f2278bb3) (gcc (Ubuntu 13.2.0-23ubuntu4) 13.2.0, GNU ld (GNU Binutils for Ubuntu) 2.42) #1 SMP PREEMPT_DYNAMIC Sat Sep 21 15:27:42 UTC 2024
[    0.000000] Command line: virtme_hostname=virtme-ng nr_open=1048576 virtme_link_mods=/nipa-data/kernel/.virtme_mods/lib/modules/0.0.0 virtme_initmount0=nipa-data/kernel virtme_rw_overlay0=/etc virtme_rw_overlay1=/lib virtme_rw_overlay2=/home virtme_rw_overlay3=/opt virtme_rw_overlay4=/srv virtme_rw_overlay5=/usr virtme_rw_overlay6=/var console=hvc0 earlyprintk=serial,ttyS0,115200 virtme_console=ttyS0 psmouse.proto=exps TERM=xterm virtme_chdir=nipa-data/kernel virtme_root_user=1 rootfstype=9p rootflags=version=9p2000.L,trans=virtio,access=any raid=noautodetect ro init=/usr/lib/python3/dist-packages/virtme/guest/virtme-init
[    0.000000] x86/split lock detection: #DB: warning on user-space bus_locks
[    0.000000] BIOS-provided physical RAM map:
[    0.000000] BIOS-e820: [mem 0x0000000000000000-0x000000000009fbff] usable
[    0.000000] BIOS-e820: [mem 0x000000000009fc00-0x000000000009ffff] reserved
[    0.000000] BIOS-e820: [mem 0x00000000000f0000-0x00000000000fffff] reserved
[    0.000000] BIOS-e820: [mem 0x0000000000100000-0x000000003ffdffff] usable
[    0.000000] BIOS-e820: [mem 0x000000003ffe0000-0x000000003fffffff] reserved
[    0.000000] BIOS-e820: [mem 0x00000000feffc000-0x00000000feffffff] reserved
[    0.000000] BIOS-e820: [mem 0x00000000fffc0000-0x00000000ffffffff] reserved
[    0.000000] printk: legacy bootconsole [earlyser0] enabled
[    0.000000] NX (Execute Disable) protection: active
[    0.000000] APIC: Static calls initialized
[    0.000000] SMBIOS 3.0.0 present.
[    0.000000] DMI: QEMU Ubuntu 24.04 PC (i440FX + PIIX, 1996), BIOS 1.16.3-debian-1.16.3-2 04/01/2014
[    0.000000] DMI: Memory slots populated: 1/1
[    0.000000] Hypervisor detected: KVM
[    0.000000] kvm-clock: Using msrs 4b564d01 and 4b564d00
[    0.000001] kvm-clock: using sched offset of 1297214436 cycles
[    0.000764] clocksource: kvm-clock: mask: 0xffffffffffffffff max_cycles: 0x1cd42e4dffb, max_idle_ns: 881590591483 ns
[    0.003124] tsc: Detected 2000.000 MHz processor
[    0.004479] last_pfn = 0x3ffe0 max_arch_pfn = 0x10000000000
[    0.005349] MTRR map: 4 entries (3 fixed + 1 variable; max 19), built from 8 variable MTRRs
[    0.006557] x86/PAT: Configuration [0-7]: WB  WC  UC- UC  WB  WP  UC- WT  
[    0.014931] found SMP MP-table at [mem 0x000f5470-0x000f547f]
[    0.015782] Using GB pages for direct mapping
[    0.016719] ACPI: Early table checksum verification disabled
[    0.017541] ACPI: RSDP 0x00000000000F5290 000014 (v00 BOCHS )
[    0.018378] ACPI: RSDT 0x000000003FFE308E 000034 (v01 BOCHS  BXPC     00000001 BXPC 00000001)
[    0.019619] ACPI: FACP 0x000000003FFE2D8A 000074 (v01 BOCHS  BXPC     00000001 BXPC 00000001)
[    0.020864] ACPI: DSDT 0x000000003FFE0040 002D4A (v01 BOCHS  BXPC     00000001 BXPC 00000001)
[    0.022100] ACPI: FACS 0x000000003FFE0000 000040
[    0.022771] ACPI: APIC 0x000000003FFE2DFE 000230 (v03 BOCHS  BXPC     00000001 BXPC 00000001)
[    0.024007] ACPI: HPET 0x000000003FFE302E 000038 (v01 BOCHS  BXPC     00000001 BXPC 00000001)
[    0.025244] ACPI: WAET 0x000000003FFE3066 000028 (v01 BOCHS  BXPC     00000001 BXPC 00000001)
[    0.026478] ACPI: Reserving FACP table memory at [mem 0x3ffe2d8a-0x3ffe2dfd]
[    0.027496] ACPI: Reserving DSDT table memory at [mem 0x3ffe0040-0x3ffe2d89]
[    0.028513] ACPI: Reserving FACS table memory at [mem 0x3ffe0000-0x3ffe003f]
[    0.029537] ACPI: Reserving APIC table memory at [mem 0x3ffe2dfe-0x3ffe302d]
[    0.030554] ACPI: Reserving HPET table memory at [mem 0x3ffe302e-0x3ffe3065]
[    0.031570] ACPI: Reserving WAET table memory at [mem 0x3ffe3066-0x3ffe308d]
[    0.033098] No NUMA configuration found
[    0.033655] Faking a node at [mem 0x0000000000000000-0x000000003ffdffff]
[    0.034626] NODE_DATA(0) allocated [mem 0x3ffdb000-0x3ffdffff]
[    0.035629] Zone ranges:
[    0.035999]   DMA      [mem 0x0000000000001000-0x0000000000ffffff]
[    0.036900]   DMA32    [mem 0x0000000001000000-0x000000003ffdffff]
[    0.037794]   Normal   empty
[    0.038212]   Device   empty
[    0.038630] Movable zone start for each node
[    0.039247] Early memory node ranges
[    0.039763]   node   0: [mem 0x0000000000001000-0x000000000009efff]
[    0.040673]   node   0: [mem 0x0000000000100000-0x000000003ffdffff]
[    0.041581] Initmem setup node 0 [mem 0x0000000000001000-0x000000003ffdffff]
[    0.042607] On node 0, zone DMA: 1 pages in unavailable ranges
[    0.043548] On node 0, zone DMA: 97 pages in unavailable ranges
[    0.053113] On node 0, zone DMA32: 32 pages in unavailable ranges
[    0.087337] kasan: KernelAddressSanitizer initialized
[    0.088628] ACPI: PM-Timer IO Port: 0x608
[    0.089250] ACPI: LAPIC_NMI (acpi_id[0xff] dfl dfl lint[0x1])
[    0.090140] IOAPIC[0]: apic_id 0, version 17, address 0xfec00000, GSI 0-23
[    0.091136] ACPI: INT_SRC_OVR (bus 0 bus_irq 0 global_irq 2 dfl dfl)
[    0.092056] ACPI: INT_SRC_OVR (bus 0 bus_irq 5 global_irq 5 high level)
[    0.093015] ACPI: INT_SRC_OVR (bus 0 bus_irq 9 global_irq 9 high level)
[    0.093970] ACPI: INT_SRC_OVR (bus 0 bus_irq 10 global_irq 10 high level)
[    0.094952] ACPI: INT_SRC_OVR (bus 0 bus_irq 11 global_irq 11 high level)
[    0.095939] ACPI: Using ACPI (MADT) for SMP configuration information
[    0.096873] ACPI: HPET id: 0x8086a201 base: 0xfed00000
[    0.097622] TSC deadline timer available
[    0.098194] CPU topo: Max. logical packages:   1
[    0.098862] CPU topo: Max. logical dies:       1
[    0.099528] CPU topo: Max. dies per package:   1
[    0.100198] CPU topo: Max. threads per core:   1
[    0.100956] CPU topo: Num. cores per package:    56
[    0.101663] CPU topo: Num. threads per package:  56
[    0.102368] CPU topo: Allowing 56 present CPUs plus 0 hotplug CPUs
[    0.103295] kvm-guest: APIC: eoi() replaced with kvm_guest_apic_eoi_write()
[    0.104326] kvm-guest: KVM setup pv remote TLB flush
[    0.105053] kvm-guest: setup PV sched yield
[    0.105667] PM: hibernation: Registered nosave memory: [mem 0x00000000-0x00000fff]
[    0.106774] PM: hibernation: Registered nosave memory: [mem 0x0009f000-0x0009ffff]
[    0.107867] PM: hibernation: Registered nosave memory: [mem 0x000a0000-0x000effff]
[    0.108964] PM: hibernation: Registered nosave memory: [mem 0x000f0000-0x000fffff]
[    0.110058] [mem 0x40000000-0xfeffbfff] available for PCI devices
[    0.110939] Booting paravirtualized kernel on KVM
[    0.111620] clocksource: refined-jiffies: mask: 0xffffffff max_cycles: 0xffffffff, max_idle_ns: 1910969940391419 ns
[    0.134379] setup_percpu: NR_CPUS:64 nr_cpumask_bits:56 nr_cpu_ids:56 nr_node_ids:1
[    0.145091] percpu: Embedded 70 pages/cpu s248024 r8192 d30504 u524288
[    0.146262] Kernel command line: virtme_hostname=virtme-ng nr_open=1048576 virtme_link_mods=/nipa-data/kernel/.virtme_mods/lib/modules/0.0.0 virtme_initmount0=nipa-data/kernel virtme_rw_overlay0=/etc virtme_rw_overlay1=/lib virtme_rw_overlay2=/home virtme_rw_overlay3=/opt virtme_rw_overlay4=/srv virtme_rw_overlay5=/usr virtme_rw_overlay6=/var console=hvc0 earlyprintk=serial,ttyS0,115200 virtme_console=ttyS0 psmouse.proto=exps TERM=xterm virtme_chdir=nipa-data/kernel virtme_root_user=1 rootfstype=9p rootflags=version=9p2000.L,trans=virtio,access=any raid=noautodetect ro init=/usr/lib/python3/dist-packages/virtme/guest/virtme-init
[    0.154736] Unknown kernel command line parameters "virtme_hostname=virtme-ng nr_open=1048576 virtme_link_mods=/nipa-data/kernel/.virtme_mods/lib/modules/0.0.0 virtme_initmount0=nipa-data/kernel virtme_rw_overlay0=/etc virtme_rw_overlay1=/lib virtme_rw_overlay2=/home virtme_rw_overlay3=/opt virtme_rw_overlay4=/srv virtme_rw_overlay5=/usr virtme_rw_overlay6=/var virtme_console=ttyS0 virtme_chdir=nipa-data/kernel virtme_root_user=1", will be passed to user space.
[    0.160755] random: crng init done
[    0.161257] printk: log_buf_len individual max cpu contribution: 4096 bytes
[    0.162279] printk: log_buf_len total cpu_extra contributions: 225280 bytes
[    0.163300] printk: log_buf_len min size: 262144 bytes
[    0.164982] printk: log_buf_len: 524288 bytes
[    0.165649] printk: early log buf free: 253864(96%)
[    0.166847] Dentry cache hash table entries: 131072 (order: 8, 1048576 bytes, linear)
[    0.168093] Inode-cache hash table entries: 65536 (order: 7, 524288 bytes, linear)
[    0.171914] Fallback order for Node 0: 0 
[    0.171931] Built 1 zonelists, mobility grouping on.  Total pages: 262014
[    0.173476] Policy zone: DMA32
[    0.173904] mem auto-init: stack:all(zero), heap alloc:off, heap free:off
[    0.174849] stackdepot: allocating hash table via alloc_large_system_hash
[    0.175800] stackdepot hash table entries: 1048576 (order: 12, 16777216 bytes, linear)
[    0.200635] SLUB: HWalign=64, Order=0-3, MinObjects=0, CPUs=56, Nodes=1
Poking KASLR using RDRAND RDTSC...
[    0.202185] ftrace: allocating 48416 entries in 190 pages
[    0.222727] ftrace: allocated 190 pages with 6 groups
[    0.225431] Dynamic Preempt: voluntary
[    0.227993] rcu: Preemptible hierarchical RCU implementation.
[    0.228821] rcu: RCU event tracing is enabled.
[    0.229457] rcu: RCU restricting CPUs from NR_CPUS=64 to nr_cpu_ids=56.
[    0.230390] Trampoline variant of Tasks RCU enabled.
[    0.231092] Rude variant of Tasks RCU enabled.
[    0.231722] Tracing variant of Tasks RCU enabled.
[    0.232390] rcu: RCU calculated value of scheduler-enlistment delay is 100 jiffies.
[    0.233459] rcu: Adjusting geometry for rcu_fanout_leaf=16, nr_cpu_ids=56
[    0.234706] RCU Tasks: Setting shift to 6 and lim to 1 rcu_task_cb_adjust=1.
[    0.235693] RCU Tasks Rude: Setting shift to 6 and lim to 1 rcu_task_cb_adjust=1.
[    0.236743] RCU Tasks Trace: Setting shift to 6 and lim to 1 rcu_task_cb_adjust=1.
[    0.257871] NR_IRQS: 4352, nr_irqs: 872, preallocated irqs: 16
[    0.259252] rcu: srcu_init: Setting srcu_struct sizes based on contention.
[    0.260716] Console: colour *CGA 80x25
[    0.261357] ACPI: Core revision 20240322
[    0.262265] clocksource: hpet: mask: 0xffffffff max_cycles: 0xffffffff, max_idle_ns: 19112604467 ns
[    0.263676] APIC: Switch to symmetric I/O mode setup
[    0.264562] APIC: Switched APIC routing to: physical flat
[    0.265792] kvm-guest: APIC: send_IPI_mask() replaced with kvm_send_ipi_mask()
[    0.266847] kvm-guest: APIC: send_IPI_mask_allbutself() replaced with kvm_send_ipi_mask_allbutself()
[    0.268205] kvm-guest: setup PV IPIs
[    0.270764] ..TIMER: vector=0x30 apic1=0 pin1=2 apic2=-1 pin2=-1
[    0.272171] clocksource: tsc-early: mask: 0xffffffffffffffff max_cycles: 0x39a85c9bff6, max_idle_ns: 881590591483 ns
[    0.274490] Calibrating delay loop (skipped) preset value.. 4000.00 BogoMIPS (lpj=2000000)
[    0.275717] x86/cpu: User Mode Instruction Prevention (UMIP) activated
[    0.276633] Last level iTLB entries: 4KB 0, 2MB 0, 4MB 0
[    0.277483] Last level dTLB entries: 4KB 0, 2MB 0, 4MB 0, 1GB 0
[    0.278506] Spectre V1 : Mitigation: usercopy/swapgs barriers and __user pointer sanitization
[    0.279492] Spectre V2 : Spectre BHI mitigation: SW BHB clearing on syscall and VM exit
[    0.280483] Spectre V2 : Mitigation: Enhanced / Automatic IBRS
[    0.281492] Spectre V2 : Spectre v2 / SpectreRSB mitigation: Filling RSB on context switch
[    0.282493] Spectre V2 : Spectre v2 / PBRSB-eIBRS: Retire a single CALL on VMEXIT
[    0.284485] Spectre V2 : mitigation: Enabling conditional Indirect Branch Prediction Barrier
[    0.285488] Speculative Store Bypass: Mitigation: Speculative Store Bypass disabled via prctl
[    0.286493] TAA: Mitigation: TSX disabled
[    0.287583] x86/fpu: Supporting XSAVE feature 0x001: 'x87 floating point registers'
[    0.288492] x86/fpu: Supporting XSAVE feature 0x002: 'SSE registers'
[    0.289492] x86/fpu: Supporting XSAVE feature 0x004: 'AVX registers'
[    0.290492] x86/fpu: Supporting XSAVE feature 0x020: 'AVX-512 opmask'
[    0.291492] x86/fpu: Supporting XSAVE feature 0x040: 'AVX-512 Hi256'
[    0.292492] x86/fpu: Supporting XSAVE feature 0x080: 'AVX-512 ZMM_Hi256'
[    0.293492] x86/fpu: Supporting XSAVE feature 0x200: 'Protection Keys User registers'
[    0.294492] x86/fpu: Supporting XSAVE feature 0x20000: 'AMX Tile config'
[    0.295492] x86/fpu: Supporting XSAVE feature 0x40000: 'AMX Tile data'
[    0.296493] x86/fpu: xstate_offset[2]:  576, xstate_sizes[2]:  256
[    0.297492] x86/fpu: xstate_offset[5]:  832, xstate_sizes[5]:   64
[    0.298493] x86/fpu: xstate_offset[6]:  896, xstate_sizes[6]:  512
[    0.299492] x86/fpu: xstate_offset[7]: 1408, xstate_sizes[7]: 1024
[    0.300492] x86/fpu: xstate_offset[9]: 2432, xstate_sizes[9]:    8
[    0.301493] x86/fpu: xstate_offset[17]: 2496, xstate_sizes[17]:   64
[    0.302492] x86/fpu: xstate_offset[18]: 2560, xstate_sizes[18]: 8192
[    0.303484] x86/fpu: Enabled xstate features 0x602e7, context size is 10752 bytes, using 'compacted' format.
[    0.349914] Freeing SMP alternatives memory: 40K
[    0.350484] pid_max: default: 57344 minimum: 448
[    0.351771] Mount-cache hash table entries: 2048 (order: 2, 16384 bytes, linear)
[    0.352486] Mountpoint-cache hash table entries: 2048 (order: 2, 16384 bytes, linear)
[    0.354771] smpboot: CPU0: Intel(R) Xeon(R) Platinum 8480+ (family: 0x6, model: 0x8f, stepping: 0x6)
[    0.356291] Performance Events: PEBS fmt0-, Sapphire Rapids events, full-width counters, Intel PMU driver.
[    0.356489] ... version:                2
[    0.357300] ... bit width:              48
[    0.357485] ... generic registers:      8
[    0.358292] ... value mask:             0000ffffffffffff
[    0.358485] ... max period:             00007fffffffffff
[    0.359485] ... fixed-purpose events:   3
[    0.360288] ... event mask:             00000007000000ff
[    0.360821] signal: max sigframe size: 11952
[    0.361557] rcu: Hierarchical SRCU implementation.
[    0.362485] rcu: Max phase no-delay instances is 400.
[    0.363596] Timer migration: 2 hierarchy levels; 8 children per group; 2 crossnode level
[    0.367160] smp: Bringing up secondary CPUs ...
[    0.367785] smpboot: x86: Booting SMP configuration:
[    0.368490] .... node  #0, CPUs:        #1  #2  #3  #4  #5  #6  #7  #8  #9 #10 #11 #12 #13 #14 #15 #16 #17 #18 #19 #20 #21 #22 #23 #24 #25 #26 #27 #28 #29 #30 #31 #32 #33 #34 #35 #36 #37 #38 #39 #40 #41 #42 #43 #44 #45 #46 #47 #48 #49 #50 #51 #52 #53 #54 #55
[    0.440494] smp: Brought up 1 node, 56 CPUs
[    0.442344] smpboot: Total of 56 processors activated (224000.00 BogoMIPS)
[    0.460675] Memory: 741816K/1048056K available (45056K kernel code, 11302K rwdata, 9932K rodata, 5956K init, 1956K bss, 280392K reserved, 0K cma-reserved)
[    0.465735] devtmpfs: initialized
[    0.466815] x86/mm: Memory block size: 128MB
[    0.476891] clocksource: jiffies: mask: 0xffffffff max_cycles: 0xffffffff, max_idle_ns: 1911260446275000 ns
[    0.478509] futex hash table entries: 16384 (order: 8, 1048576 bytes, linear)
[    0.481165] PM: RTC time: 15:28:27, date: 2024-09-21
[    0.485007] NET: Registered PF_NETLINK/PF_ROUTE protocol family
[    0.487551] thermal_sys: Registered thermal governor 'step_wise'
[    0.487555] thermal_sys: Registered thermal governor 'user_space'
[    0.489505] cpuidle: using governor menu
[    0.493979] PCI: Using configuration type 1 for base access
[    0.495639] kprobes: kprobe jump-optimization is enabled. All kprobes are optimized if possible.
[    0.501531] HugeTLB: registered 1.00 GiB page size, pre-allocated 0 pages
[    0.502487] HugeTLB: 16380 KiB vmemmap can be freed for a 1.00 GiB page
[    0.503487] HugeTLB: registered 2.00 MiB page size, pre-allocated 0 pages
[    0.504485] HugeTLB: 28 KiB vmemmap can be freed for a 2.00 MiB page
[    0.507020] ACPI: Added _OSI(Module Device)
[    0.507486] ACPI: Added _OSI(Processor Device)
[    0.508409] ACPI: Added _OSI(3.0 _SCP Extensions)
[    0.508485] ACPI: Added _OSI(Processor Aggregator Device)
[    0.542189] ACPI: 1 ACPI AML tables successfully acquired and loaded
[    0.550791] ACPI: Interpreter enabled
[    0.551564] ACPI: PM: (supports S0 S3 S4 S5)
[    0.552447] ACPI: Using IOAPIC for interrupt routing
[    0.552555] PCI: Using host bridge windows from ACPI; if necessary, use "pci=nocrs" and report a bug
[    0.553485] PCI: Using E820 reservations for host bridge windows
[    0.555954] ACPI: Enabled 2 GPEs in block 00 to 0F
[    0.625631] ACPI: PCI Root Bridge [PCI0] (domain 0000 [bus 00-ff])
[    0.626503] acpi PNP0A03:00: _OSC: OS supports [ASPM ClockPM Segments MSI HPX-Type3]
[    0.627486] acpi PNP0A03:00: _OSC: not requesting OS control; OS requires [ExtendedConfig ASPM ClockPM MSI]
[    0.628620] acpi PNP0A03:00: fail to add MMCONFIG information, can't access extended configuration space under this bridge
[    0.629931] PCI host bridge to bus 0000:00
[    0.630547] pci_bus 0000:00: root bus resource [io  0x0000-0x0cf7 window]
[    0.631488] pci_bus 0000:00: root bus resource [io  0x0d00-0xffff window]
[    0.632488] pci_bus 0000:00: root bus resource [mem 0x000a0000-0x000bffff window]
[    0.633488] pci_bus 0000:00: root bus resource [mem 0x40000000-0xfebfffff window]
[    0.634488] pci_bus 0000:00: root bus resource [mem 0x100000000-0x17fffffff window]
[    0.635489] pci_bus 0000:00: root bus resource [bus 00-ff]
[    0.636555] pci 0000:00:00.0: [8086:1237] type 00 class 0x060000 conventional PCI endpoint
[    0.638739] pci 0000:00:01.0: [8086:7000] type 00 class 0x060100 conventional PCI endpoint
[    0.640867] pci 0000:00:01.1: [8086:7010] type 00 class 0x010180 conventional PCI endpoint
[    0.644292] pci 0000:00:01.1: BAR 4 [io  0xc0c0-0xc0cf]
[    0.645848] pci 0000:00:01.1: BAR 0 [io  0x01f0-0x01f7]: legacy IDE quirk
[    0.646485] pci 0000:00:01.1: BAR 1 [io  0x03f6]: legacy IDE quirk
[    0.647485] pci 0000:00:01.1: BAR 2 [io  0x0170-0x0177]: legacy IDE quirk
[    0.648485] pci 0000:00:01.1: BAR 3 [io  0x0376]: legacy IDE quirk
[    0.650500] pci 0000:00:01.3: [8086:7113] type 00 class 0x068000 conventional PCI endpoint
[    0.652101] pci 0000:00:01.3: quirk: [io  0x0600-0x063f] claimed by PIIX4 ACPI
[    0.652495] pci 0000:00:01.3: quirk: [io  0x0700-0x070f] claimed by PIIX4 SMB
[    0.654505] pci 0000:00:02.0: [1af4:1009] type 00 class 0x000200 conventional PCI endpoint
[    0.656487] pci 0000:00:02.0: BAR 0 [io  0xc000-0xc03f]
[    0.658444] pci 0000:00:02.0: BAR 1 [mem 0xfebfc000-0xfebfcfff]
[    0.661489] pci 0000:00:02.0: BAR 4 [mem 0xfebf0000-0xfebf3fff 64bit pref]
[    0.676724] pci 0000:00:03.0: [1af4:1009] type 00 class 0x000200 conventional PCI endpoint
[    0.678430] pci 0000:00:03.0: BAR 0 [io  0xc040-0xc07f]
[    0.679286] pci 0000:00:03.0: BAR 1 [mem 0xfebfd000-0xfebfdfff]
[    0.681491] pci 0000:00:03.0: BAR 4 [mem 0xfebf4000-0xfebf7fff 64bit pref]
[    0.696710] pci 0000:00:04.0: [8086:25ab] type 00 class 0x088000 conventional PCI endpoint
[    0.697918] pci 0000:00:04.0: BAR 0 [mem 0xfebfe000-0xfebfe00f]
[    0.713879] pci 0000:00:05.0: [1af4:1003] type 00 class 0x078000 conventional PCI endpoint
[    0.715450] pci 0000:00:05.0: BAR 0 [io  0xc080-0xc0bf]
[    0.716488] pci 0000:00:05.0: BAR 1 [mem 0xfebff000-0xfebfffff]
[    0.720220] pci 0000:00:05.0: BAR 4 [mem 0xfebf8000-0xfebfbfff 64bit pref]
[    0.737871] ACPI: PCI: Interrupt link LNKA configured for IRQ 10
[    0.739568] ACPI: PCI: Interrupt link LNKB configured for IRQ 10
[    0.741529] ACPI: PCI: Interrupt link LNKC configured for IRQ 11
[    0.743530] ACPI: PCI: Interrupt link LNKD configured for IRQ 11
[    0.744923] ACPI: PCI: Interrupt link LNKS configured for IRQ 9
[    0.780301] iommu: Default domain type: Translated
[    0.780489] iommu: DMA domain TLB invalidation policy: lazy mode
[    0.782067] SCSI subsystem initialized
[    0.782765] pps_core: LinuxPPS API ver. 1 registered
[    0.783488] pps_core: Software ver. 5.3.6 - Copyright 2005-2007 Rodolfo Giometti <giometti@linux.it>
[    0.784503] PTP clock support registered
[    0.785771] Advanced Linux Sound Architecture Driver Initialized.
[    0.789158] NET: Registered PF_ATMPVC protocol family
[    0.789486] NET: Registered PF_ATMSVC protocol family
[    0.790516] PCI: Using ACPI for IRQ routing
[    0.791642] vgaarb: loaded
[    0.792714] hpet0: at MMIO 0xfed00000, IRQs 2, 8, 0
[    0.793486] hpet0: 3 comparators, 64-bit 100.000000 MHz counter
[    0.797022] clocksource: Switched to clocksource kvm-clock
[    0.798890] VFS: Disk quotas dquot_6.6.0
[    0.799756] VFS: Dquot-cache hash table entries: 512 (order 0, 4096 bytes)
[    0.806220] pnp: PnP ACPI init
[    0.811504] pnp: PnP ACPI: found 5 devices
[    0.833271] clocksource: acpi_pm: mask: 0xffffff max_cycles: 0xffffff, max_idle_ns: 2085701024 ns
[    0.835285] NET: Registered PF_INET protocol family
[    0.836396] IP idents hash table entries: 16384 (order: 5, 131072 bytes, linear)
[    0.838727] tcp_listen_portaddr_hash hash table entries: 512 (order: 1, 8192 bytes, linear)
[    0.840459] Table-perturb hash table entries: 65536 (order: 6, 262144 bytes, linear)
[    0.842083] TCP established hash table entries: 8192 (order: 4, 65536 bytes, linear)
[    0.843703] TCP bind hash table entries: 8192 (order: 6, 262144 bytes, linear)
[    0.845203] TCP: Hash tables configured (established 8192 bind 8192)
[    0.846832] UDP hash table entries: 512 (order: 2, 16384 bytes, linear)
[    0.848208] UDP-Lite hash table entries: 512 (order: 2, 16384 bytes, linear)
[    0.850050] NET: Registered PF_UNIX/PF_LOCAL protocol family
[    0.851263] pci_bus 0000:00: resource 4 [io  0x0000-0x0cf7 window]
[    0.852539] pci_bus 0000:00: resource 5 [io  0x0d00-0xffff window]
[    0.853810] pci_bus 0000:00: resource 6 [mem 0x000a0000-0x000bffff window]
[    0.855221] pci_bus 0000:00: resource 7 [mem 0x40000000-0xfebfffff window]
[    0.856608] pci_bus 0000:00: resource 8 [mem 0x100000000-0x17fffffff window]
[    0.858279] pci 0000:00:01.0: PIIX3: Enabling Passive Release
[    0.859477] pci 0000:00:00.0: Limiting direct PCI/PCI transfers
[    0.860783] PCI: CLS 0 bytes, default 64
[    0.880974] RAPL PMU: API unit is 2^-32 Joules, 1 fixed counters, 10737418240 ms ovfl timer
[    0.882853] RAPL PMU: hw unit of domain psys 2^-0 Joules
[    1.278367] kwatchdog (373) used greatest stack depth: 30688 bytes left
[    1.467045] kvm_amd: CPU 0 isn't AMD or Hygon
[    1.467975] clocksource: tsc: mask: 0xffffffffffffffff max_cycles: 0x39a85c9bff6, max_idle_ns: 881590591483 ns
[    1.628506] Initialise system trusted keyrings
[    1.630194] workingset: timestamp_bits=56 max_order=18 bucket_order=0
[    1.631730] squashfs: version 4.0 (2009/01/31) Phillip Lougher
[    1.632948] fuse: init (API version 7.40)
[    1.634277] 9p: Installing v9fs 9p2000 file system support
[    1.654135] Key type asymmetric registered
[    1.654969] Asymmetric key parser 'x509' registered
[    1.656053] Block layer SCSI generic (bsg) driver version 0.4 loaded (major 249)
[    1.657596] io scheduler mq-deadline registered
[    1.658528] io scheduler kyber registered
[    1.677677] input: Power Button as /devices/LNXSYSTM:00/LNXPWRBN:00/input/input0
[    1.679574] ACPI: button: Power Button [PWRF]
[    1.683374] Warning: Processor Platform Limit event detected, but not handled.
[    1.684869] Consider compiling CPUfreq support into your kernel.
[    2.624578] ACPI: \_SB_.LNKB: Enabled at IRQ 10
[    3.523257] ACPI: \_SB_.LNKC: Enabled at IRQ 11
[    4.117687] ACPI: \_SB_.LNKA: Enabled at IRQ 10
[    4.119483] Serial: 8250/16550 driver, 4 ports, IRQ sharing enabled
[    4.120464] 00:03: ttyS0 at I/O 0x3f8 (irq = 4, base_baud = 115200) is a 16550A
[    4.148643] Non-volatile memory driver v1.3
[    4.149130] Linux agpgart interface v0.103
[    4.150634] ACPI: bus type drm_connector registered
[    4.151461] printk: legacy console [hvc0] enabled
[    4.152496] printk: legacy bootconsole [earlyser0] disabled
          _      _                                    
   __   _(_)_ __| |_ _ __ ___   ___       _ __   __ _ 
   \ \ / / |  __| __|  _   _ \ / _ \_____|  _ \ / _  |
    \ V /| | |  | |_| | | | | |  __/_____| | | | (_| |
     \_/ |_|_|   \__|_| |_| |_|\___|     |_| |_|\__  |
                                                |___/ 
   kernel version: 6.11.0-virtme x86_64
   (CTRL+d to exit)

root@virtme-ng:/nipa-data/kernel# PS1='xx__-> '
xx__-> env
PWD=/nipa-data/kernel
nr_open=1048576
HOME=/
TERM=xterm
SHLVL=2
XDG_RUNTIME_DIR=/run/user/0
PATH=/bin:/sbin:/usr/bin:/usr/sbin:/usr/local/bin
OLDPWD=/
_=/bin/env
xx__-> 