No EFI environment detected.
early console in extract_kernel
input_data: 0x0000000004b122b9
input_len: 0x00000000017bcfb1
output: 0x0000000001000000
output_len: 0x000000000525c284
kernel_total_size: 0x0000000004e30000
needed_size: 0x0000000005400000
trampoline_32bit: 0x0000000000000000
Physical KASLR using RDRAND RDTSC...
Virtual KASLR using RDRAND RDTSC...

Decompressing Linux... Parsing ELF... Performing relocations... done.
Booting the kernel (entry_offset: 0x0000000000000000).
[    0.000000] Linux version 6.8.0-rc5-virtme (root@97605d966191) (gcc (Alpine 13.2.1_git20231014) 13.2.1 20231014, GNU ld (GNU Binutils) 2.42) #1 SMP PREEMPT_DYNAMIC Sat Feb 24 09:26:42 UTC 2024
[    0.000000] Command line: virtme_hostname=virtme-ng virtme_link_mods=/nipa-data/kernel/.virtme_mods/lib/modules/0.0.0 virtme_initmount0=nipa-data/kernel virtme_rw_overlay0=/etc virtme_rw_overlay1=/lib virtme_rw_overlay2=/home virtme_rw_overlay3=/opt virtme_rw_overlay4=/srv virtme_rw_overlay5=/usr virtme_rw_overlay6=/var earlyprintk=serial,ttyS0,115200 console=ttyS0 psmouse.proto=exps TERM=xterm virtme_chdir=nipa-data/kernel virtme_root_user=1 rootfstype=9p rootflags=version=9p2000.L,trans=virtio,access=any raid=noautodetect ro init=/usr/lib/python3.11/site-packages/virtme/guest/virtme-init
[    0.000000] BIOS-provided physical RAM map:
[    0.000000] BIOS-e820: [mem 0x0000000000000000-0x000000000009fbff] usable
[    0.000000] BIOS-e820: [mem 0x000000000009fc00-0x000000000009ffff] reserved
[    0.000000] BIOS-e820: [mem 0x00000000000f0000-0x00000000000fffff] reserved
[    0.000000] BIOS-e820: [mem 0x0000000000100000-0x000000003ffdffff] usable
[    0.000000] BIOS-e820: [mem 0x000000003ffe0000-0x000000003fffffff] reserved
[    0.000000] BIOS-e820: [mem 0x00000000feffc000-0x00000000feffffff] reserved
[    0.000000] BIOS-e820: [mem 0x00000000fffc0000-0x00000000ffffffff] reserved
[    0.000000] BIOS-e820: [mem 0x000000fd00000000-0x000000ffffffffff] reserved
[    0.000000] printk: legacy bootconsole [earlyser0] enabled
[    0.000000] NX (Execute Disable) protection: active
[    0.000000] APIC: Static calls initialized
[    0.000000] SMBIOS 3.0.0 present.
[    0.000000] DMI: QEMU Standard PC (i440FX + PIIX, 1996), BIOS rel-1.16.3-0-ga6ed6b701f0a-prebuilt.qemu.org 04/01/2014
[    0.000000] Hypervisor detected: KVM
[    0.000000] kvm-clock: Using msrs 4b564d01 and 4b564d00
[    0.000000] kvm-clock: using sched offset of 317345850 cycles
[    0.000398] clocksource: kvm-clock: mask: 0xffffffffffffffff max_cycles: 0x1cd42e4dffb, max_idle_ns: 881590591483 ns
[    0.001638] tsc: Detected 4491.536 MHz processor
[    0.002382] last_pfn = 0x3ffe0 max_arch_pfn = 0x400000000
[    0.002819] MTRR map: 4 entries (3 fixed + 1 variable; max 19), built from 8 variable MTRRs
[    0.003454] x86/PAT: Configuration [0-7]: WB  WC  UC- UC  WB  WP  UC- WT  
[    0.005586] found SMP MP-table at [mem 0x000f5470-0x000f547f]
[    0.006031] Using GB pages for direct mapping
[    0.006587] ACPI: Early table checksum verification disabled
[    0.007017] ACPI: RSDP 0x00000000000F5290 000014 (v00 BOCHS )
[    0.007460] ACPI: RSDT 0x000000003FFE27B6 000034 (v01 BOCHS  BXPC     00000001 BXPC 00000001)
[    0.008111] ACPI: FACP 0x000000003FFE2572 000074 (v01 BOCHS  BXPC     00000001 BXPC 00000001)
[    0.008762] ACPI: DSDT 0x000000003FFE0040 002532 (v01 BOCHS  BXPC     00000001 BXPC 00000001)
[    0.009414] ACPI: FACS 0x000000003FFE0000 000040
[    0.009786] ACPI: APIC 0x000000003FFE25E6 000170 (v03 BOCHS  BXPC     00000001 BXPC 00000001)
[    0.010451] ACPI: HPET 0x000000003FFE2756 000038 (v01 BOCHS  BXPC     00000001 BXPC 00000001)
[    0.011102] ACPI: WAET 0x000000003FFE278E 000028 (v01 BOCHS  BXPC     00000001 BXPC 00000001)
[    0.011761] ACPI: Reserving FACP table memory at [mem 0x3ffe2572-0x3ffe25e5]
[    0.012302] ACPI: Reserving DSDT table memory at [mem 0x3ffe0040-0x3ffe2571]
[    0.012842] ACPI: Reserving FACS table memory at [mem 0x3ffe0000-0x3ffe003f]
[    0.013382] ACPI: Reserving APIC table memory at [mem 0x3ffe25e6-0x3ffe2755]
[    0.013937] ACPI: Reserving HPET table memory at [mem 0x3ffe2756-0x3ffe278d]
[    0.014487] ACPI: Reserving WAET table memory at [mem 0x3ffe278e-0x3ffe27b5]
[    0.015242] No NUMA configuration found
[    0.015537] Faking a node at [mem 0x0000000000000000-0x000000003ffdffff]
[    0.016052] NODE_DATA(0) allocated [mem 0x3ffdb000-0x3ffdffff]
[    0.016516] Zone ranges:
[    0.016726]   DMA      [mem 0x0000000000001000-0x0000000000ffffff]
[    0.017201]   DMA32    [mem 0x0000000001000000-0x000000003ffdffff]
[    0.017688]   Normal   empty
[    0.017909]   Device   empty
[    0.018131] Movable zone start for each node
[    0.018463] Early memory node ranges
[    0.018737]   node   0: [mem 0x0000000000001000-0x000000000009efff]
[    0.019217]   node   0: [mem 0x0000000000100000-0x000000003ffdffff]
[    0.019713] Initmem setup node 0 [mem 0x0000000000001000-0x000000003ffdffff]
[    0.020267] On node 0, zone DMA: 1 pages in unavailable ranges
[    0.020779] On node 0, zone DMA: 97 pages in unavailable ranges
[    0.025667] On node 0, zone DMA32: 32 pages in unavailable ranges
[    0.035327] kasan: KernelAddressSanitizer initialized
[    0.035966] ACPI: PM-Timer IO Port: 0x608
[    0.036277] ACPI: LAPIC_NMI (acpi_id[0xff] dfl dfl lint[0x1])
[    0.036735] IOAPIC[0]: apic_id 0, version 17, address 0xfec00000, GSI 0-23
[    0.037258] ACPI: INT_SRC_OVR (bus 0 bus_irq 0 global_irq 2 dfl dfl)
[    0.037739] ACPI: INT_SRC_OVR (bus 0 bus_irq 5 global_irq 5 high level)
[    0.038239] ACPI: INT_SRC_OVR (bus 0 bus_irq 9 global_irq 9 high level)
[    0.038748] ACPI: INT_SRC_OVR (bus 0 bus_irq 10 global_irq 10 high level)
[    0.039261] ACPI: INT_SRC_OVR (bus 0 bus_irq 11 global_irq 11 high level)
[    0.039789] ACPI: Using ACPI (MADT) for SMP configuration information
[    0.040276] ACPI: HPET id: 0x8086a201 base: 0xfed00000
[    0.040678] TSC deadline timer available
[    0.040976] smpboot: Allowing 32 CPUs, 0 hotplug CPUs
[    0.041375] kvm-guest: APIC: eoi() replaced with kvm_guest_apic_eoi_write()
[    0.041909] kvm-guest: KVM setup pv remote TLB flush
[    0.042284] kvm-guest: setup PV sched yield
[    0.042610] PM: hibernation: Registered nosave memory: [mem 0x00000000-0x00000fff]
[    0.043178] PM: hibernation: Registered nosave memory: [mem 0x0009f000-0x0009ffff]
[    0.043746] PM: hibernation: Registered nosave memory: [mem 0x000a0000-0x000effff]
[    0.044323] PM: hibernation: Registered nosave memory: [mem 0x000f0000-0x000fffff]
[    0.044906] [mem 0x40000000-0xfeffbfff] available for PCI devices
[    0.045367] Booting paravirtualized kernel on KVM
[    0.045722] clocksource: refined-jiffies: mask: 0xffffffff max_cycles: 0xffffffff, max_idle_ns: 1910969940391419 ns
[    0.054562] setup_percpu: NR_CPUS:64 nr_cpumask_bits:32 nr_cpu_ids:32 nr_node_ids:1
[    0.056384] percpu: Embedded 68 pages/cpu s241448 r8192 d28888 u524288
[    0.056936] Kernel command line: virtme_hostname=virtme-ng virtme_link_mods=/nipa-data/kernel/.virtme_mods/lib/modules/0.0.0 virtme_initmount0=nipa-data/kernel virtme_rw_overlay0=/etc virtme_rw_overlay1=/lib virtme_rw_overlay2=/home virtme_rw_overlay3=/opt virtme_rw_overlay4=/srv virtme_rw_overlay5=/usr virtme_rw_overlay6=/var earlyprintk=serial,ttyS0,115200 console=ttyS0 psmouse.proto=exps TERM=xterm virtme_chdir=nipa-data/kernel virtme_root_user=1 rootfstype=9p rootflags=version=9p2000.L,trans=virtio,access=any raid=noautodetect ro init=/usr/lib/python3.11/site-packages/virtme/guest/virtme-init
[    0.061142] Unknown kernel command line parameters "virtme_hostname=virtme-ng virtme_link_mods=/nipa-data/kernel/.virtme_mods/lib/modules/0.0.0 virtme_initmount0=nipa-data/kernel virtme_rw_overlay0=/etc virtme_rw_overlay1=/lib virtme_rw_overlay2=/home virtme_rw_overlay3=/opt virtme_rw_overlay4=/srv virtme_rw_overlay5=/usr virtme_rw_overlay6=/var virtme_chdir=nipa-data/kernel virtme_root_user=1", will be passed to user space.
[    0.064242] random: crng init done
[    0.064537] Dentry cache hash table entries: 131072 (order: 8, 1048576 bytes, linear)
[    0.065161] Inode-cache hash table entries: 65536 (order: 7, 524288 bytes, linear)
[    0.066201] Fallback order for Node 0: 0 
[    0.066206] Built 1 zonelists, mobility grouping on.  Total pages: 257760
[    0.067042] Policy zone: DMA32
[    0.067282] mem auto-init: stack:all(zero), heap alloc:off, heap free:off
[    0.067806] stackdepot: allocating hash table via alloc_large_system_hash
[    0.068331] stackdepot hash table entries: 1048576 (order: 12, 16777216 bytes, linear)
[    0.076382] Memory: 781296K/1048056K available (43008K kernel code, 11318K rwdata, 9560K rodata, 5736K init, 2452K bss, 266504K reserved, 0K cma-reserved)
[    0.077640] SLUB: HWalign=64, Order=0-3, MinObjects=0, CPUs=32, Nodes=1
Poking KASLR using RDRAND RDTSC...
[    0.078434] ftrace: allocating 46455 entries in 182 pages
[    0.087466] ftrace: allocated 182 pages with 5 groups
[    0.088756] Dynamic Preempt: voluntary
[    0.089396] rcu: Preemptible hierarchical RCU implementation.
[    0.089868] rcu: RCU event tracing is enabled.
[    0.090217] rcu: RCU restricting CPUs from NR_CPUS=64 to nr_cpu_ids=32.
[    0.090742] Trampoline variant of Tasks RCU enabled.
[    0.091130] Rude variant of Tasks RCU enabled.
[    0.091478] Tracing variant of Tasks RCU enabled.
[    0.091850] rcu: RCU calculated value of scheduler-enlistment delay is 100 jiffies.
[    0.092451] rcu: Adjusting geometry for rcu_fanout_leaf=16, nr_cpu_ids=32
[    0.101169] NR_IRQS: 4352, nr_irqs: 680, preallocated irqs: 16
[    0.101865] rcu: srcu_init: Setting srcu_struct sizes based on contention.
[    0.102654] Console: colour *CGA 80x25
[    0.102961] printk: legacy console [ttyS0] enabled
[    0.102961] printk: legacy console [ttyS0] enabled
[    0.103700] printk: legacy bootconsole [earlyser0] disabled
[    0.103700] printk: legacy bootconsole [earlyser0] disabled
[    0.104580] ACPI: Core revision 20230628
[    0.105050] clocksource: hpet: mask: 0xffffffff max_cycles: 0xffffffff, max_idle_ns: 19112604467 ns
[    0.105823] APIC: Switch to symmetric I/O mode setup
[    0.106217] APIC: Switched APIC routing to: physical flat
[    0.106643] kvm-guest: APIC: send_IPI_mask() replaced with kvm_send_ipi_mask()
[    0.107191] kvm-guest: APIC: send_IPI_mask_allbutself() replaced with kvm_send_ipi_mask_allbutself()
[    0.107907] kvm-guest: setup PV IPIs
[    0.109077] ..TIMER: vector=0x30 apic1=0 pin1=2 apic2=-1 pin2=-1
[    0.109918] tsc: Marking TSC unstable due to TSCs unsynchronized
[    0.110737] Calibrating delay loop (skipped) preset value.. 8983.07 BogoMIPS (lpj=4491536)
[    0.111797] x86/cpu: User Mode Instruction Prevention (UMIP) activated
[    0.112795] Last level iTLB entries: 4KB 512, 2MB 255, 4MB 127
[    0.113578] Last level dTLB entries: 4KB 512, 2MB 255, 4MB 127, 1GB 0
[    0.113737] Spectre V1 : Mitigation: usercopy/swapgs barriers and __user pointer sanitization
[    0.114737] Spectre V2 : Mitigation: Enhanced / Automatic IBRS
[    0.115733] Spectre V2 : Spectre v2 / SpectreRSB mitigation: Filling RSB on context switch
[    0.116735] Spectre V2 : mitigation: Enabling conditional Indirect Branch Prediction Barrier
[    0.117735] Speculative Store Bypass: Mitigation: Speculative Store Bypass disabled via prctl
[    0.118733] Speculative Return Stack Overflow: IBPB-extending microcode not applied!
[    0.119733] Speculative Return Stack Overflow: WARNING: See https://kernel.org/doc/html/latest/admin-guide/hw-vuln/srso.html for mitigation options.
[    0.119734] Speculative Return Stack Overflow: Vulnerable: Safe RET, no microcode
[    0.121750] x86/fpu: Supporting XSAVE feature 0x001: 'x87 floating point registers'
[    0.122733] x86/fpu: Supporting XSAVE feature 0x002: 'SSE registers'
[    0.123574] x86/fpu: Supporting XSAVE feature 0x004: 'AVX registers'
[    0.123733] x86/fpu: Supporting XSAVE feature 0x020: 'AVX-512 opmask'
[    0.124733] x86/fpu: Supporting XSAVE feature 0x040: 'AVX-512 Hi256'
[    0.125733] x86/fpu: Supporting XSAVE feature 0x080: 'AVX-512 ZMM_Hi256'
[    0.126733] x86/fpu: Supporting XSAVE feature 0x200: 'Protection Keys User registers'
[    0.127733] x86/fpu: xstate_offset[2]:  576, xstate_sizes[2]:  256
[    0.128733] x86/fpu: xstate_offset[5]:  832, xstate_sizes[5]:   64
[    0.129733] x86/fpu: xstate_offset[6]:  896, xstate_sizes[6]:  512
[    0.130733] x86/fpu: xstate_offset[7]: 1408, xstate_sizes[7]: 1024
[    0.131548] x86/fpu: xstate_offset[9]: 2432, xstate_sizes[9]:    8
[    0.131733] x86/fpu: Enabled xstate features 0x2e7, context size is 2440 bytes, using 'compacted' format.
[    0.154827] Freeing SMP alternatives memory: 36K
[    0.155447] pid_max: default: 32768 minimum: 301
[    0.155886] Mount-cache hash table entries: 2048 (order: 2, 16384 bytes, linear)
[    0.156734] Mountpoint-cache hash table entries: 2048 (order: 2, 16384 bytes, linear)
[    0.158954] smpboot: CPU0: AMD Ryzen 9 7950X 16-Core Processor (family: 0x19, model: 0x61, stepping: 0x2)
[    0.160069] RCU Tasks: Setting shift to 5 and lim to 1 rcu_task_cb_adjust=1.
[    0.160760] RCU Tasks Rude: Setting shift to 5 and lim to 1 rcu_task_cb_adjust=1.
[    0.161760] RCU Tasks Trace: Setting shift to 5 and lim to 1 rcu_task_cb_adjust=1.
[    0.162761] Performance Events: Fam17h+ core perfctr, AMD PMU driver.
[    0.163649] ... version:                0
[    0.163735] ... bit width:              48
[    0.164278] ... generic registers:      6
[    0.164735] ... value mask:             0000ffffffffffff
[    0.165439] ... max period:             00007fffffffffff
[    0.165734] ... fixed-purpose events:   0
[    0.166266] ... event mask:             000000000000003f
[    0.166834] signal: max sigframe size: 3376
[    0.167435] rcu: Hierarchical SRCU implementation.
[    0.167735] rcu: Max phase no-delay instances is 400.
[    0.172674] smp: Bringing up secondary CPUs ...
[    0.172923] smpboot: x86: Booting SMP configuration:
[    0.173584] .... node  #0, CPUs:        #1  #2  #3  #4  #5  #6  #7  #8  #9 #10 #11 #12 #13 #14 #15 #16 #17 #18 #19 #20 #21 #22 #23 #24 #25 #26 #27 #28 #29 #30 #31
[    0.201865] smp: Brought up 1 node, 32 CPUs
[    0.203309] smpboot: Max logical packages: 1
[    0.203735] smpboot: Total of 32 processors activated (287458.30 BogoMIPS)
[    0.210919] devtmpfs: initialized
[    0.211873] x86/mm: Memory block size: 128MB
[    0.219070] clocksource: jiffies: mask: 0xffffffff max_cycles: 0xffffffff, max_idle_ns: 1911260446275000 ns
[    0.219740] futex hash table entries: 8192 (order: 7, 524288 bytes, linear)
[    0.221028] PM: RTC time: 09:27:18, date: 2024-02-24
[    0.222713] NET: Registered PF_NETLINK/PF_ROUTE protocol family
[    0.223567] thermal_sys: Registered thermal governor 'step_wise'
[    0.223569] thermal_sys: Registered thermal governor 'user_space'
[    0.223799] cpuidle: using governor menu
[    0.226223] PCI: Using configuration type 1 for base access
[    0.226736] PCI: Using configuration type 1 for extended access
[    0.227695] kprobes: kprobe jump-optimization is enabled. All kprobes are optimized if possible.
[    0.239971] HugeTLB: registered 1.00 GiB page size, pre-allocated 0 pages
[    0.240735] HugeTLB: 16380 KiB vmemmap can be freed for a 1.00 GiB page
[    0.241655] HugeTLB: registered 2.00 MiB page size, pre-allocated 0 pages
[    0.242735] HugeTLB: 28 KiB vmemmap can be freed for a 2.00 MiB page
[    0.244226] ACPI: Added _OSI(Module Device)
[    0.244736] ACPI: Added _OSI(Processor Device)
[    0.245359] ACPI: Added _OSI(3.0 _SCP Extensions)
[    0.246735] ACPI: Added _OSI(Processor Aggregator Device)
[    0.272726] ACPI: 1 ACPI AML tables successfully acquired and loaded
[    0.274985] ACPI: _OSC evaluation for CPUs failed, trying _PDC
[    0.278091] ACPI: Interpreter enabled
[    0.278644] ACPI: PM: (supports S0 S3 S4 S5)
[    0.279735] ACPI: Using IOAPIC for interrupt routing
[    0.280447] PCI: Using host bridge windows from ACPI; if necessary, use "pci=nocrs" and report a bug
[    0.281735] PCI: Using E820 reservations for host bridge windows
[    0.283659] ACPI: Enabled 2 GPEs in block 00 to 0F
[    0.333650] ACPI: PCI Root Bridge [PCI0] (domain 0000 [bus 00-ff])
[    0.334750] acpi PNP0A03:00: _OSC: OS supports [ExtendedConfig ASPM ClockPM Segments MSI HPX-Type3]
[    0.336270] PCI host bridge to bus 0000:00
[    0.336738] pci_bus 0000:00: root bus resource [io  0x0000-0x0cf7 window]
[    0.337645] pci_bus 0000:00: root bus resource [io  0x0d00-0xffff window]
[    0.338738] pci_bus 0000:00: root bus resource [mem 0x000a0000-0x000bffff window]
[    0.339737] pci_bus 0000:00: root bus resource [mem 0x40000000-0xfebfffff window]
[    0.340738] pci_bus 0000:00: root bus resource [mem 0x100000000-0x17fffffff window]
[    0.341738] pci_bus 0000:00: root bus resource [bus 00-ff]
[    0.342629] pci 0000:00:00.0: [8086:1237] type 00 class 0x060000 conventional PCI endpoint
[    0.344643] pci 0000:00:01.0: [8086:7000] type 00 class 0x060100 conventional PCI endpoint
[    0.346675] pci 0000:00:01.1: [8086:7010] type 00 class 0x010180 conventional PCI endpoint
[    0.350735] pci 0000:00:01.1: BAR 4 [io  0xc080-0xc08f]
[    0.352201] pci 0000:00:01.1: BAR 0 [io  0x01f0-0x01f7]: legacy IDE quirk
[    0.352735] pci 0000:00:01.1: BAR 1 [io  0x03f6]: legacy IDE quirk
[    0.353556] pci 0000:00:01.1: BAR 2 [io  0x0170-0x0177]: legacy IDE quirk
[    0.354735] pci 0000:00:01.1: BAR 3 [io  0x0376]: legacy IDE quirk
[    0.356276] pci 0000:00:01.3: [8086:7113] type 00 class 0x068000 conventional PCI endpoint
[    0.358010] pci 0000:00:01.3: quirk: [io  0x0600-0x063f] claimed by PIIX4 ACPI
[    0.359740] pci 0000:00:01.3: quirk: [io  0x0700-0x070f] claimed by PIIX4 SMB
[    0.361450] pci 0000:00:02.0: [1af4:1009] type 00 class 0x000200 conventional PCI endpoint
[    0.363735] pci 0000:00:02.0: BAR 0 [io  0xc000-0xc03f]
[    0.365382] pci 0000:00:02.0: BAR 1 [mem 0xfebfd000-0xfebfdfff]
[    0.371276] pci 0000:00:02.0: BAR 4 [mem 0xfebf4000-0xfebf7fff 64bit pref]
[    0.384716] pci 0000:00:03.0: [1af4:1009] type 00 class 0x000200 conventional PCI endpoint
[    0.387736] pci 0000:00:03.0: BAR 0 [io  0xc040-0xc07f]
[    0.389403] pci 0000:00:03.0: BAR 1 [mem 0xfebfe000-0xfebfefff]
[    0.394405] pci 0000:00:03.0: BAR 4 [mem 0xfebf8000-0xfebfbfff 64bit pref]
[    0.408907] pci 0000:00:04.0: [8086:25ab] type 00 class 0x088000 conventional PCI endpoint
[    0.411123] pci 0000:00:04.0: BAR 0 [mem 0xfebff000-0xfebff00f]
[    0.428268] ACPI: PCI: Interrupt link LNKA configured for IRQ 10
[    0.430229] ACPI: PCI: Interrupt link LNKB configured for IRQ 10
[    0.432722] ACPI: PCI: Interrupt link LNKC configured for IRQ 11
[    0.433690] ACPI: PCI: Interrupt link LNKD configured for IRQ 11
[    0.435133] ACPI: PCI: Interrupt link LNKS configured for IRQ 9
[    0.454833] iommu: Default domain type: Translated
[    0.455476] iommu: DMA domain TLB invalidation policy: lazy mode
[    0.457219] SCSI subsystem initialized
[    0.457974] pps_core: LinuxPPS API ver. 1 registered
[    0.458736] pps_core: Software ver. 5.3.6 - Copyright 2005-2007 Rodolfo Giometti <giometti@linux.it>
[    0.459751] PTP clock support registered
[    0.460889] Advanced Linux Sound Architecture Driver Initialized.
[    0.462793] NET: Registered PF_ATMPVC protocol family
[    0.463477] NET: Registered PF_ATMSVC protocol family
[    0.463760] PCI: Using ACPI for IRQ routing
[    0.464789] vgaarb: loaded
[    0.466150] hpet0: at MMIO 0xfed00000, IRQs 2, 8, 0
[    0.466735] hpet0: 3 comparators, 64-bit 100.000000 MHz counter
[    0.473728] clocksource: Switched to clocksource kvm-clock
[    0.473770] VFS: Disk quotas dquot_6.6.0
[    0.473770] VFS: Dquot-cache hash table entries: 512 (order 0, 4096 bytes)
[    0.475646] pnp: PnP ACPI init
[    0.482551] pnp: PnP ACPI: found 5 devices
[    0.495221] clocksource: acpi_pm: mask: 0xffffff max_cycles: 0xffffff, max_idle_ns: 2085701024 ns
[    0.496494] NET: Registered PF_INET protocol family
[    0.497188] IP idents hash table entries: 16384 (order: 5, 131072 bytes, linear)
[    0.498609] tcp_listen_portaddr_hash hash table entries: 512 (order: 1, 8192 bytes, linear)
[    0.499726] Table-perturb hash table entries: 65536 (order: 6, 262144 bytes, linear)
[    0.500764] TCP established hash table entries: 8192 (order: 4, 65536 bytes, linear)
[    0.501875] TCP bind hash table entries: 8192 (order: 6, 262144 bytes, linear)
[    0.502850] TCP: Hash tables configured (established 8192 bind 8192)
[    0.503863] UDP hash table entries: 512 (order: 2, 16384 bytes, linear)
[    0.504747] UDP-Lite hash table entries: 512 (order: 2, 16384 bytes, linear)
[    0.505916] NET: Registered PF_UNIX/PF_LOCAL protocol family
[    0.506692] pci_bus 0000:00: resource 4 [io  0x0000-0x0cf7 window]
[    0.507519] pci_bus 0000:00: resource 5 [io  0x0d00-0xffff window]
[    0.508340] pci_bus 0000:00: resource 6 [mem 0x000a0000-0x000bffff window]
[    0.509247] pci_bus 0000:00: resource 7 [mem 0x40000000-0xfebfffff window]
[    0.510159] pci_bus 0000:00: resource 8 [mem 0x100000000-0x17fffffff window]
[    0.511316] pci 0000:00:01.0: PIIX3: Enabling Passive Release
[    0.512084] pci 0000:00:00.0: Limiting direct PCI/PCI transfers
[    0.512909] PCI: CLS 0 bytes, default 64
[    0.513506] kvm_intel: VMX not supported by CPU 26
[    0.514427] kvm_amd: TSC scaling supported
[    0.514985] kvm_amd: Nested Virtualization enabled
[    0.515633] kvm_amd: Nested Paging enabled
[    0.516198] kvm_amd: Virtual VMLOAD VMSAVE supported
[    0.516865] kvm_amd: Virtual GIF supported
[    0.517416] kvm_amd: Virtual NMI enabled
[    0.517938] kvm_amd: LBR virtualization supported
[    0.625773] workingset: timestamp_bits=56 max_order=18 bucket_order=0
[    0.626805] squashfs: version 4.0 (2009/01/31) Phillip Lougher
[    0.627618] fuse: init (API version 7.39)
[    0.628313] 9p: Installing v9fs 9p2000 file system support
[    0.629157] Key type asymmetric registered
[    0.629761] Block layer SCSI generic (bsg) driver version 0.4 loaded (major 249)
[    0.630790] io scheduler mq-deadline registered
[    0.631412] io scheduler kyber registered
[    0.633318] input: Power Button as /devices/LNXSYSTM:00/LNXPWRBN:00/input/input0
[    0.634573] ACPI: button: Power Button [PWRF]
[    0.635473] Warning: Processor Platform Limit event detected, but not handled.
[    0.636449] Consider compiling CPUfreq support into your kernel.
[    1.518026] ACPI: \_SB_.LNKB: Enabled at IRQ 10
[    2.395766] ACPI: \_SB_.LNKC: Enabled at IRQ 11
[    2.398153] Serial: 8250/16550 driver, 4 ports, IRQ sharing enabled
[    2.399362] 00:03: ttyS0 at I/O 0x3f8 (irq = 4, base_baud = 115200) is a 16550A
[    2.402092] Non-volatile memory driver v1.3
[    2.402662] Linux agpgart interface v0.103
[    2.403392] ACPI: bus type drm_connector registered
[    2.425797] loop: module loaded
[    2.428695] scsi host0: ata_piix
[    2.429661] scsi host1: ata_piix
[    2.430330] ata1: PATA max MWDMA2 cmd 0x1f0 ctl 0x3f6 bmdma 0xc080 irq 14 lpm-pol 0
[    2.431349] ata2: PATA max MWDMA2 cmd 0x170 ctl 0x376 bmdma 0xc088 irq 15 lpm-pol 0
[    2.434069] i8042: PNP: PS/2 Controller [PNP0303:KBD,PNP0f13:MOU] at 0x60,0x64 irq 1,12
[    2.435848] serio: i8042 KBD port at 0x60,0x64 irq 1
[    2.436523] serio: i8042 AUX port at 0x60,0x64 irq 12
[    2.437876] rtc_cmos 00:04: RTC can wake from S4
[    2.439813] input: AT Translated Set 2 keyboard as /devices/platform/i8042/serio0/input/input1
[    2.441923] rtc_cmos 00:04: registered as rtc0
[    2.442722] rtc_cmos 00:04: setting system clock to 2024-02-24T09:27:20 UTC (1708766840)
[    2.444224] rtc_cmos 00:04: alarms up to one day, y3k, 242 bytes nvram, hpet irqs
[    2.447086] i6300ESB timer 0000:00:04.0: initialized. heartbeat=30 sec (nowayout=0)
[    2.449278] input: ImExPS/2 Generic Explorer Mouse as /devices/platform/i8042/serio1/input/input3
[    2.450920] device-mapper: ioctl: 4.48.0-ioctl (2023-03-01) initialised: dm-devel@redhat.com
[    2.453486] NET: Registered PF_PACKET protocol family
[    2.454358] 9pnet: Installing 9P2000 support
[    2.456926] Key type dns_resolver registered
[    2.463592] IPI shorthand broadcast: enabled
[    2.493190] sched_clock: Marking stable (2487001416, 5285382)->(2507842655, -15555857)
[    2.494983] registered taskstats version 1
[    2.515480] PM:   Magic number: 12:657:475
[    2.516252] printk: legacy console [netcon0] enabled
[    2.517107] netconsole: network logging started
[    2.518102] ALSA device list:
[    2.518621]   No soundcards found.
[    2.587400] ata2: found unknown device (class 0)
[    2.588485] ata2.00: ATAPI: QEMU DVD-ROM, 2.5+, max UDMA/100
[    2.590251] scsi 1:0:0:0: CD-ROM            QEMU     QEMU DVD-ROM     2.5+ PQ: 0 ANSI: 5
[    2.599142] scsi 1:0:0:0: Attached scsi generic sg0 type 5
[    2.600202] md: Skipping autodetection of RAID arrays. (raid=autodetect will force)
[    2.601467] 9pnet_virtio: no channels available for device 
[    2.603265] VFS: Mounted root (9p filesystem) readonly on device 0:19.
[    2.604517] devtmpfs: mounted
[    2.611620] Freeing unused kernel image (initmem) memory: 5736K
[    2.617301] Write protecting the kernel read-only data: 53248k
[    2.618697] Freeing unused kernel image (rodata/data gap) memory: 680K
[    2.666015] x86/mm: Checked W+X mappings: passed, no W+X pages found.
[    2.667003] Run /usr/lib/python3.11/site-packages/virtme/guest/virtme-init as init process
[    2.717139] mount (268) used greatest stack depth: 26744 bytes left
[    2.853231] mount (286) used greatest stack depth: 26312 bytes left
[    3.004208] virtme-init: basic initialization done
[    3.013673] virtme-init: udevd not found
[    3.114193] virtme-init: Setting hostname to virtme-ng...
[    3.138013] ip (359) used greatest stack depth: 25192 bytes left
          _      _                                    
   __   _(_)_ __| |_ _ __ ___   ___       _ __   __ _ 
   \ \ / / |  __| __|  _   _ \ / _ \_____|  _ \ / _  |
    \ V /| | |  | |_| | | | | |  __/_____| | | | (_| |
     \_/ |_|_|   \__|_| |_| |_|\___|     |_| |_|\__  |
                                                |___/ 
   kernel version: 6.8.0-rc5-virtme x86_64

virtme-ng:/nipa-data/kernel# PS1='xx__-> '
xx__-> env
PWD=/nipa-data/kernel
HOME=/
TERM=xterm
SHLVL=2
XDG_RUNTIME_DIR=/run/user/0
PATH=/bin:/sbin:/usr/bin:/usr/sbin:/usr/local/bin
OLDPWD=/
_=/usr/bin/env
xx__-> 