No EFI environment detected.
early console in extract_kernel
input_data: 0x00000000029e92b9
input_len: 0x0000000000b266f3
output: 0x0000000001000000
output_len: 0x00000000024ca944
kernel_total_size: 0x0000000002230000
needed_size: 0x0000000002600000
trampoline_32bit: 0x0000000000000000
Physical KASLR using RDRAND RDTSC...
Virtual KASLR using RDRAND RDTSC...

Decompressing Linux... Parsing ELF... Performing relocations... done.
Booting the kernel (entry_offset: 0x0000000000000000).
[    0.000000] Linux version 6.9.0-rc7-virtme (root@8fe3992a5fc9) (gcc (Alpine 13.2.1_git20240309) 13.2.1 20240309, GNU ld (GNU Binutils) 2.42) #1 SMP PREEMPT_DYNAMIC Sat May 11 15:06:20 UTC 2024
[    0.000000] Command line: virtme_hostname=virtme-ng nr_open=1048576 virtme_link_mods=/nipa-data/kernel/.virtme_mods/lib/modules/0.0.0 virtme_initmount0=nipa-data/kernel virtme_rw_overlay0=/etc virtme_rw_overlay1=/lib virtme_rw_overlay2=/home virtme_rw_overlay3=/opt virtme_rw_overlay4=/srv virtme_rw_overlay5=/usr virtme_rw_overlay6=/var console=hvc0 earlyprintk=serial,ttyS0,115200 virtme_console=ttyS0 psmouse.proto=exps TERM=xterm virtme_chdir=nipa-data/kernel virtme_root_user=1 rootfstype=9p rootflags=version=9p2000.L,trans=virtio,access=any raid=noautodetect ro init=/usr/lib/python3.12/site-packages/virtme/guest/virtme-init
[    0.000000] BIOS-provided physical RAM map:
[    0.000000] BIOS-e820: [mem 0x0000000000000000-0x000000000009fbff] usable
[    0.000000] BIOS-e820: [mem 0x000000000009fc00-0x000000000009ffff] reserved
[    0.000000] BIOS-e820: [mem 0x00000000000f0000-0x00000000000fffff] reserved
[    0.000000] BIOS-e820: [mem 0x0000000000100000-0x000000003ffdffff] usable
[    0.000000] BIOS-e820: [mem 0x000000003ffe0000-0x000000003fffffff] reserved
[    0.000000] BIOS-e820: [mem 0x00000000feffc000-0x00000000feffffff] reserved
[    0.000000] BIOS-e820: [mem 0x00000000fffc0000-0x00000000ffffffff] reserved
[    0.000000] BIOS-e820: [mem 0x000000fd00000000-0x000000ffffffffff] reserved
[    0.000000] printk: legacy bootconsole [earlyser0] enabled
[    0.000000] NX (Execute Disable) protection: active
[    0.000000] APIC: Static calls initialized
[    0.000000] SMBIOS 2.8 present.
[    0.000000] DMI: QEMU Standard PC (i440FX + PIIX, 1996), BIOS rel-1.16.3-0-ga6ed6b701f0a-prebuilt.qemu.org 04/01/2014
[    0.000000] Hypervisor detected: KVM
[    0.000000] kvm-clock: Using msrs 4b564d01 and 4b564d00
[    0.000000] kvm-clock: using sched offset of 254234380 cycles
[    0.000409] clocksource: kvm-clock: mask: 0xffffffffffffffff max_cycles: 0x1cd42e4dffb, max_idle_ns: 881590591483 ns
[    0.001625] tsc: Detected 4491.556 MHz processor
[    0.002225] last_pfn = 0x3ffe0 max_arch_pfn = 0x400000000
[    0.002645] MTRR map: 4 entries (3 fixed + 1 variable; max 19), built from 8 variable MTRRs
[    0.003275] x86/PAT: Configuration [0-7]: WB  WC  UC- UC  WB  WP  UC- WT  
Memory KASLR using RDRAND RDTSC...
[    0.005381] found SMP MP-table at [mem 0x000f5470-0x000f547f]
[    0.005913] Using GB pages for direct mapping
[    0.006384] ACPI: Early table checksum verification disabled
[    0.006897] ACPI: RSDP 0x00000000000F5290 000014 (v00 BOCHS )
[    0.007420] ACPI: RSDT 0x000000003FFE27BC 000034 (v01 BOCHS  BXPC     00000001 BXPC 00000001)
[    0.008204] ACPI: FACP 0x000000003FFE2578 000074 (v01 BOCHS  BXPC     00000001 BXPC 00000001)
[    0.008982] ACPI: DSDT 0x000000003FFE0040 002538 (v01 BOCHS  BXPC     00000001 BXPC 00000001)
[    0.009755] ACPI: FACS 0x000000003FFE0000 000040
[    0.010176] ACPI: APIC 0x000000003FFE25EC 000170 (v03 BOCHS  BXPC     00000001 BXPC 00000001)
[    0.010954] ACPI: HPET 0x000000003FFE275C 000038 (v01 BOCHS  BXPC     00000001 BXPC 00000001)
[    0.011726] ACPI: WAET 0x000000003FFE2794 000028 (v01 BOCHS  BXPC     00000001 BXPC 00000001)
[    0.012499] ACPI: Reserving FACP table memory at [mem 0x3ffe2578-0x3ffe25eb]
[    0.013142] ACPI: Reserving DSDT table memory at [mem 0x3ffe0040-0x3ffe2577]
[    0.013781] ACPI: Reserving FACS table memory at [mem 0x3ffe0000-0x3ffe003f]
[    0.014421] ACPI: Reserving APIC table memory at [mem 0x3ffe25ec-0x3ffe275b]
[    0.015062] ACPI: Reserving HPET table memory at [mem 0x3ffe275c-0x3ffe2793]
[    0.015698] ACPI: Reserving WAET table memory at [mem 0x3ffe2794-0x3ffe27bb]
[    0.016509] No NUMA configuration found
[    0.016855] Faking a node at [mem 0x0000000000000000-0x000000003ffdffff]
[    0.017467] NODE_DATA(0) allocated [mem 0x3ffdb000-0x3ffdffff]
[    0.018007] Zone ranges:
[    0.018236]   DMA      [mem 0x0000000000001000-0x0000000000ffffff]
[    0.018793]   DMA32    [mem 0x0000000001000000-0x000000003ffdffff]
[    0.019351]   Normal   empty
[    0.019611]   Device   empty
[    0.019871] Movable zone start for each node
[    0.020256] Early memory node ranges
[    0.020578]   node   0: [mem 0x0000000000001000-0x000000000009efff]
[    0.021147]   node   0: [mem 0x0000000000100000-0x000000003ffdffff]
[    0.021713] Initmem setup node 0 [mem 0x0000000000001000-0x000000003ffdffff]
[    0.022354] On node 0, zone DMA: 1 pages in unavailable ranges
[    0.022890] On node 0, zone DMA: 97 pages in unavailable ranges
[    0.024607] On node 0, zone DMA32: 32 pages in unavailable ranges
[    0.025411] ACPI: PM-Timer IO Port: 0x608
[    0.025777] ACPI: LAPIC_NMI (acpi_id[0xff] dfl dfl lint[0x1])
[    0.026315] IOAPIC[0]: apic_id 0, version 17, address 0xfec00000, GSI 0-23
[    0.026938] ACPI: INT_SRC_OVR (bus 0 bus_irq 0 global_irq 2 dfl dfl)
[    0.027516] ACPI: INT_SRC_OVR (bus 0 bus_irq 5 global_irq 5 high level)
[    0.028111] ACPI: INT_SRC_OVR (bus 0 bus_irq 9 global_irq 9 high level)
[    0.028708] ACPI: INT_SRC_OVR (bus 0 bus_irq 10 global_irq 10 high level)
[    0.029324] ACPI: INT_SRC_OVR (bus 0 bus_irq 11 global_irq 11 high level)
[    0.029937] ACPI: Using ACPI (MADT) for SMP configuration information
[    0.030517] ACPI: HPET id: 0x8086a201 base: 0xfed00000
[    0.030982] TSC deadline timer available
[    0.031339] CPU topo: Max. logical packages:   1
[    0.031754] CPU topo: Max. logical dies:       1
[    0.032170] CPU topo: Max. dies per package:   1
[    0.032589] CPU topo: Max. threads per core:   1
[    0.033009] CPU topo: Num. cores per package:    32
[    0.033449] CPU topo: Num. threads per package:  32
[    0.033889] CPU topo: Allowing 32 present CPUs plus 0 hotplug CPUs
[    0.034456] kvm-guest: APIC: eoi() replaced with kvm_guest_apic_eoi_write()
[    0.035094] kvm-guest: KVM setup pv remote TLB flush
[    0.035544] kvm-guest: setup PV sched yield
[    0.035926] PM: hibernation: Registered nosave memory: [mem 0x00000000-0x00000fff]
[    0.036610] PM: hibernation: Registered nosave memory: [mem 0x0009f000-0x0009ffff]
[    0.037296] PM: hibernation: Registered nosave memory: [mem 0x000a0000-0x000effff]
[    0.037978] PM: hibernation: Registered nosave memory: [mem 0x000f0000-0x000fffff]
[    0.038661] [mem 0x40000000-0xfeffbfff] available for PCI devices
[    0.039211] Booting paravirtualized kernel on KVM
[    0.039635] clocksource: refined-jiffies: mask: 0xffffffff max_cycles: 0xffffffff, max_idle_ns: 1910969940391419 ns
[    0.043573] setup_percpu: NR_CPUS:64 nr_cpumask_bits:32 nr_cpu_ids:32 nr_node_ids:1
[    0.044732] percpu: Embedded 58 pages/cpu s198952 r8192 d30424 u262144
[    0.045250] Kernel command line: virtme_hostname=virtme-ng nr_open=1048576 virtme_link_mods=/nipa-data/kernel/.virtme_mods/lib/modules/0.0.0 virtme_initmount0=nipa-data/kernel virtme_rw_overlay0=/etc virtme_rw_overlay1=/lib virtme_rw_overlay2=/home virtme_rw_overlay3=/opt virtme_rw_overlay4=/srv virtme_rw_overlay5=/usr virtme_rw_overlay6=/var console=hvc0 earlyprintk=serial,ttyS0,115200 virtme_console=ttyS0 psmouse.proto=exps TERM=xterm virtme_chdir=nipa-data/kernel virtme_root_user=1 rootfstype=9p rootflags=version=9p2000.L,trans=virtio,access=any raid=noautodetect ro init=/usr/lib/python3.12/site-packages/virtme/guest/virtme-init
[    0.049542] Unknown kernel command line parameters "virtme_hostname=virtme-ng nr_open=1048576 virtme_link_mods=/nipa-data/kernel/.virtme_mods/lib/modules/0.0.0 virtme_initmount0=nipa-data/kernel virtme_rw_overlay0=/etc virtme_rw_overlay1=/lib virtme_rw_overlay2=/home virtme_rw_overlay3=/opt virtme_rw_overlay4=/srv virtme_rw_overlay5=/usr virtme_rw_overlay6=/var virtme_console=ttyS0 virtme_chdir=nipa-data/kernel virtme_root_user=1", will be passed to user space.
[    0.052802] random: crng init done
[    0.053094] Dentry cache hash table entries: 131072 (order: 8, 1048576 bytes, linear)
[    0.053705] Inode-cache hash table entries: 65536 (order: 7, 524288 bytes, linear)
[    0.054362] Fallback order for Node 0: 0 
[    0.054365] Built 1 zonelists, mobility grouping on.  Total pages: 257760
[    0.055176] Policy zone: DMA32
[    0.055406] mem auto-init: stack:all(zero), heap alloc:off, heap free:off
[    0.056669] Memory: 986620K/1048056K available (16384K kernel code, 2404K rwdata, 6112K rodata, 3052K init, 2100K bss, 61176K reserved, 0K cma-reserved)
[    0.057722] SLUB: HWalign=64, Order=0-3, MinObjects=0, CPUs=32, Nodes=1
Poking KASLR using RDRAND RDTSC...
[    0.058470] ftrace: allocating 47634 entries in 187 pages
[    0.065387] ftrace: allocated 187 pages with 6 groups
[    0.066368] Dynamic Preempt: voluntary
[    0.066781] rcu: Preemptible hierarchical RCU implementation.
[    0.067218] rcu: RCU event tracing is enabled.
[    0.067559] rcu: RCU restricting CPUs from NR_CPUS=64 to nr_cpu_ids=32.
[    0.068070] Trampoline variant of Tasks RCU enabled.
[    0.068454] Rude variant of Tasks RCU enabled.
[    0.068797] Tracing variant of Tasks RCU enabled.
[    0.069162] rcu: RCU calculated value of scheduler-enlistment delay is 100 jiffies.
[    0.069744] rcu: Adjusting geometry for rcu_fanout_leaf=16, nr_cpu_ids=32
[    0.070265] RCU Tasks: Setting shift to 5 and lim to 1 rcu_task_cb_adjust=1.
[    0.070802] RCU Tasks Rude: Setting shift to 5 and lim to 1 rcu_task_cb_adjust=1.
[    0.071371] RCU Tasks Trace: Setting shift to 5 and lim to 1 rcu_task_cb_adjust=1.
[    0.073356] NR_IRQS: 4352, nr_irqs: 680, preallocated irqs: 16
[    0.073965] rcu: srcu_init: Setting srcu_struct sizes based on contention.
[    0.074625] Console: colour *CGA 80x25
[    0.074914] ACPI: Core revision 20230628
[    0.075289] clocksource: hpet: mask: 0xffffffff max_cycles: 0xffffffff, max_idle_ns: 19112604467 ns
[    0.076029] APIC: Switch to symmetric I/O mode setup
[    0.076426] APIC: Switched APIC routing to: physical flat
[    0.076836] kvm-guest: APIC: send_IPI_mask() replaced with kvm_send_ipi_mask()
[    0.077384] kvm-guest: APIC: send_IPI_mask_allbutself() replaced with kvm_send_ipi_mask_allbutself()
[    0.078079] kvm-guest: setup PV IPIs
[    0.079126] ..TIMER: vector=0x30 apic1=0 pin1=2 apic2=-1 pin2=-1
[    0.080013] tsc: Marking TSC unstable due to TSCs unsynchronized
[    0.080886] Calibrating delay loop (skipped) preset value.. 8983.11 BogoMIPS (lpj=4491556)
[    0.081947] x86/cpu: User Mode Instruction Prevention (UMIP) activated
[    0.082901] Last level iTLB entries: 4KB 512, 2MB 255, 4MB 127
[    0.083663] Last level dTLB entries: 4KB 512, 2MB 255, 4MB 127, 1GB 0
[    0.083888] Spectre V1 : Mitigation: usercopy/swapgs barriers and __user pointer sanitization
[    0.084888] Spectre V2 : Mitigation: Enhanced / Automatic IBRS
[    0.085885] Spectre V2 : Spectre v2 / SpectreRSB mitigation: Filling RSB on context switch
[    0.086886] Spectre V2 : mitigation: Enabling conditional Indirect Branch Prediction Barrier
[    0.087886] Speculative Store Bypass: Mitigation: Speculative Store Bypass disabled via prctl
[    0.088885] Speculative Return Stack Overflow: IBPB-extending microcode not applied!
[    0.089885] Speculative Return Stack Overflow: WARNING: See https://kernel.org/doc/html/latest/admin-guide/hw-vuln/srso.html for mitigation options.
[    0.089885] Speculative Return Stack Overflow: Vulnerable: Safe RET, no microcode
[    0.091900] x86/fpu: Supporting XSAVE feature 0x001: 'x87 floating point registers'
[    0.092885] x86/fpu: Supporting XSAVE feature 0x002: 'SSE registers'
[    0.093885] x86/fpu: Supporting XSAVE feature 0x004: 'AVX registers'
[    0.094885] x86/fpu: Supporting XSAVE feature 0x020: 'AVX-512 opmask'
[    0.095885] x86/fpu: Supporting XSAVE feature 0x040: 'AVX-512 Hi256'
[    0.096885] x86/fpu: Supporting XSAVE feature 0x080: 'AVX-512 ZMM_Hi256'
[    0.097885] x86/fpu: Supporting XSAVE feature 0x200: 'Protection Keys User registers'
[    0.098885] x86/fpu: xstate_offset[2]:  576, xstate_sizes[2]:  256
[    0.099678] x86/fpu: xstate_offset[5]:  832, xstate_sizes[5]:   64
[    0.099885] x86/fpu: xstate_offset[6]:  896, xstate_sizes[6]:  512
[    0.100885] x86/fpu: xstate_offset[7]: 1408, xstate_sizes[7]: 1024
[    0.101885] x86/fpu: xstate_offset[9]: 2432, xstate_sizes[9]:    8
[    0.102885] x86/fpu: Enabled xstate features 0x2e7, context size is 2440 bytes, using 'compacted' format.
[    0.118376] Freeing SMP alternatives memory: 40K
[    0.118885] pid_max: default: 32768 minimum: 301
[    0.119497] Mount-cache hash table entries: 2048 (order: 2, 16384 bytes, linear)
[    0.119886] Mountpoint-cache hash table entries: 2048 (order: 2, 16384 bytes, linear)
[    0.121039] smpboot: CPU0: AMD Ryzen 9 7950X 16-Core Processor (family: 0x19, model: 0x61, stepping: 0x2)
[    0.121996] Performance Events: Fam17h+ core perfctr, AMD PMU driver.
[    0.122859] ... version:                0
[    0.122887] ... bit width:              48
[    0.123407] ... generic registers:      6
[    0.123886] ... value mask:             0000ffffffffffff
[    0.124562] ... max period:             00007fffffffffff
[    0.124886] ... fixed-purpose events:   0
[    0.125407] ... event mask:             000000000000003f
[    0.125968] signal: max sigframe size: 3376
[    0.126511] rcu: Hierarchical SRCU implementation.
[    0.126886] rcu: Max phase no-delay instances is 400.
[    0.129713] smp: Bringing up secondary CPUs ...
[    0.129937] smpboot: x86: Booting SMP configuration:
[    0.130566] .... node  #0, CPUs:        #1  #2  #3  #4  #5  #6  #7  #8  #9 #10 #11 #12 #13 #14 #15 #16 #17 #18 #19 #20 #21 #22 #23 #24 #25 #26 #27 #28 #29 #30 #31
[    0.147034] smp: Brought up 1 node, 32 CPUs
[    0.148574] smpboot: Total of 32 processors activated (287459.58 BogoMIPS)
[    0.150962] devtmpfs: initialized
[    0.151466] x86/mm: Memory block size: 128MB
[    0.152957] clocksource: jiffies: mask: 0xffffffff max_cycles: 0xffffffff, max_idle_ns: 1911260446275000 ns
[    0.153889] futex hash table entries: 8192 (order: 7, 524288 bytes, linear)
[    0.154977] PM: RTC time: 15:06:50, date: 2024-05-11
[    0.156162] NET: Registered PF_NETLINK/PF_ROUTE protocol family
[    0.157054] thermal_sys: Registered thermal governor 'step_wise'
[    0.157055] thermal_sys: Registered thermal governor 'user_space'
[    0.157900] cpuidle: using governor menu
[    0.160185] PCI: Using configuration type 1 for base access
[    0.160890] PCI: Using configuration type 1 for extended access
[    0.161944] kprobes: kprobe jump-optimization is enabled. All kprobes are optimized if possible.
[    0.178998] HugeTLB: registered 1.00 GiB page size, pre-allocated 0 pages
[    0.179887] HugeTLB: 16380 KiB vmemmap can be freed for a 1.00 GiB page
[    0.180887] HugeTLB: registered 2.00 MiB page size, pre-allocated 0 pages
[    0.181887] HugeTLB: 28 KiB vmemmap can be freed for a 2.00 MiB page
[    0.182936] Demotion targets for Node 0: null
[    0.183720] ACPI: Added _OSI(Module Device)
[    0.183888] ACPI: Added _OSI(Processor Device)
[    0.184637] ACPI: Added _OSI(3.0 _SCP Extensions)
[    0.184887] ACPI: Added _OSI(Processor Aggregator Device)
[    0.186711] ACPI: 1 ACPI AML tables successfully acquired and loaded
[    0.187910] ACPI: _OSC evaluation for CPUs failed, trying _PDC
[    0.189067] ACPI: Interpreter enabled
[    0.189694] ACPI: PM: (supports S0 S3 S4 S5)
[    0.189887] ACPI: Using IOAPIC for interrupt routing
[    0.190732] PCI: Using host bridge windows from ACPI; if necessary, use "pci=nocrs" and report a bug
[    0.190887] PCI: Using E820 reservations for host bridge windows
[    0.191992] ACPI: Enabled 2 GPEs in block 00 to 0F
[    0.196034] ACPI: PCI Root Bridge [PCI0] (domain 0000 [bus 00-ff])
[    0.196891] acpi PNP0A03:00: _OSC: OS supports [ExtendedConfig ASPM ClockPM Segments MSI HPX-Type3]
[    0.197994] PCI host bridge to bus 0000:00
[    0.198529] pci_bus 0000:00: root bus resource [io  0x0000-0x0cf7 window]
[    0.198887] pci_bus 0000:00: root bus resource [io  0x0d00-0xffff window]
[    0.199775] pci_bus 0000:00: root bus resource [mem 0x000a0000-0x000bffff window]
[    0.199887] pci_bus 0000:00: root bus resource [mem 0x40000000-0xfebfffff window]
[    0.200887] pci_bus 0000:00: root bus resource [mem 0x100000000-0x17fffffff window]
[    0.201887] pci_bus 0000:00: root bus resource [bus 00-ff]
[    0.202718] pci 0000:00:00.0: [8086:1237] type 00 class 0x060000 conventional PCI endpoint
[    0.203206] pci 0000:00:01.0: [8086:7000] type 00 class 0x060100 conventional PCI endpoint
[    0.204290] pci 0000:00:01.1: [8086:7010] type 00 class 0x010180 conventional PCI endpoint
[    0.208244] pci 0000:00:01.1: BAR 4 [io  0xc0c0-0xc0cf]
[    0.210898] pci 0000:00:01.1: BAR 0 [io  0x01f0-0x01f7]: legacy IDE quirk
[    0.211887] pci 0000:00:01.1: BAR 1 [io  0x03f6]: legacy IDE quirk
[    0.212887] pci 0000:00:01.1: BAR 2 [io  0x0170-0x0177]: legacy IDE quirk
[    0.213887] pci 0000:00:01.1: BAR 3 [io  0x0376]: legacy IDE quirk
[    0.215001] pci 0000:00:01.3: [8086:7113] type 00 class 0x068000 conventional PCI endpoint
[    0.216200] pci 0000:00:01.3: quirk: [io  0x0600-0x063f] claimed by PIIX4 ACPI
[    0.216892] pci 0000:00:01.3: quirk: [io  0x0700-0x070f] claimed by PIIX4 SMB
[    0.218062] pci 0000:00:02.0: [1af4:1009] type 00 class 0x000200 conventional PCI endpoint
[    0.219887] pci 0000:00:02.0: BAR 0 [io  0xc000-0xc03f]
[    0.221644] pci 0000:00:02.0: BAR 1 [mem 0xfebfc000-0xfebfcfff]
[    0.224887] pci 0000:00:02.0: BAR 4 [mem 0xfebf0000-0xfebf3fff 64bit pref]
[    0.227513] pci 0000:00:03.0: [1af4:1009] type 00 class 0x000200 conventional PCI endpoint
[    0.228887] pci 0000:00:03.0: BAR 0 [io  0xc040-0xc07f]
[    0.230614] pci 0000:00:03.0: BAR 1 [mem 0xfebfd000-0xfebfdfff]
[    0.233887] pci 0000:00:03.0: BAR 4 [mem 0xfebf4000-0xfebf7fff 64bit pref]
[    0.236554] pci 0000:00:04.0: [8086:25ab] type 00 class 0x088000 conventional PCI endpoint
[    0.237675] pci 0000:00:04.0: BAR 0 [mem 0xfebfe000-0xfebfe00f]
[    0.243383] pci 0000:00:05.0: [1af4:1003] type 00 class 0x078000 conventional PCI endpoint
[    0.244888] pci 0000:00:05.0: BAR 0 [io  0xc080-0xc0bf]
[    0.246887] pci 0000:00:05.0: BAR 1 [mem 0xfebff000-0xfebfffff]
[    0.251887] pci 0000:00:05.0: BAR 4 [mem 0xfebf8000-0xfebfbfff 64bit pref]
[    0.255858] ACPI: PCI: Interrupt link LNKA configured for IRQ 10
[    0.256028] ACPI: PCI: Interrupt link LNKB configured for IRQ 10
[    0.257016] ACPI: PCI: Interrupt link LNKC configured for IRQ 11
[    0.258016] ACPI: PCI: Interrupt link LNKD configured for IRQ 11
[    0.258979] ACPI: PCI: Interrupt link LNKS configured for IRQ 9
[    0.260995] iommu: Default domain type: Translated
[    0.261787] iommu: DMA domain TLB invalidation policy: lazy mode
[    0.261954] SCSI subsystem initialized
[    0.262603] pps_core: LinuxPPS API ver. 1 registered
[    0.262887] pps_core: Software ver. 5.3.6 - Copyright 2005-2007 Rodolfo Giometti <giometti@linux.it>
[    0.263890] PTP clock support registered
[    0.264557] Advanced Linux Sound Architecture Driver Initialized.
[    0.265224] NET: Registered PF_ATMPVC protocol family
[    0.265887] NET: Registered PF_ATMSVC protocol family
[    0.266715] PCI: Using ACPI for IRQ routing
[    0.266988] vgaarb: loaded
[    0.267346] hpet0: at MMIO 0xfed00000, IRQs 2, 8, 0
[    0.267887] hpet0: 3 comparators, 64-bit 100.000000 MHz counter
[    0.275867] clocksource: Switched to clocksource kvm-clock
[    0.275997] VFS: Disk quotas dquot_6.6.0
[    0.276523] VFS: Dquot-cache hash table entries: 512 (order 0, 4096 bytes)
[    0.277501] pnp: PnP ACPI init
[    0.278089] pnp: PnP ACPI: found 5 devices
[    0.285872] clocksource: acpi_pm: mask: 0xffffff max_cycles: 0xffffff, max_idle_ns: 2085701024 ns
[    0.287051] NET: Registered PF_INET protocol family
[    0.287716] IP idents hash table entries: 16384 (order: 5, 131072 bytes, linear)
[    0.288824] tcp_listen_portaddr_hash hash table entries: 512 (order: 1, 8192 bytes, linear)
[    0.289901] Table-perturb hash table entries: 65536 (order: 6, 262144 bytes, linear)
[    0.290897] TCP established hash table entries: 8192 (order: 4, 65536 bytes, linear)
[    0.291922] TCP bind hash table entries: 8192 (order: 6, 262144 bytes, linear)
[    0.292941] TCP: Hash tables configured (established 8192 bind 8192)
[    0.293775] UDP hash table entries: 512 (order: 2, 16384 bytes, linear)
[    0.294625] UDP-Lite hash table entries: 512 (order: 2, 16384 bytes, linear)
[    0.295556] NET: Registered PF_UNIX/PF_LOCAL protocol family
[    0.296306] pci_bus 0000:00: resource 4 [io  0x0000-0x0cf7 window]
[    0.297100] pci_bus 0000:00: resource 5 [io  0x0d00-0xffff window]
[    0.297898] pci_bus 0000:00: resource 6 [mem 0x000a0000-0x000bffff window]
[    0.298779] pci_bus 0000:00: resource 7 [mem 0x40000000-0xfebfffff window]
[    0.299661] pci_bus 0000:00: resource 8 [mem 0x100000000-0x17fffffff window]
[    0.300584] pci 0000:00:01.0: PIIX3: Enabling Passive Release
[    0.301347] pci 0000:00:00.0: Limiting direct PCI/PCI transfers
[    0.302149] PCI: CLS 0 bytes, default 64
[    0.302696] kvm_intel: VMX not supported by CPU 0
[    0.303305] kvm_amd: TSC scaling supported
[    0.303845] kvm_amd: Nested Virtualization enabled
[    0.304456] kvm_amd: Nested Paging enabled
[    0.305004] kvm_amd: Virtual VMLOAD VMSAVE supported
[    0.305639] kvm_amd: Virtual GIF supported
[    0.306167] kvm_amd: Virtual NMI enabled
[    0.306670] kvm_amd: LBR virtualization supported
[    0.402462] Initialise system trusted keyrings
[    0.403317] workingset: timestamp_bits=56 max_order=18 bucket_order=0
[    0.404434] squashfs: version 4.0 (2009/01/31) Phillip Lougher
[    0.405415] fuse: init (API version 7.40)
[    0.406134] 9p: Installing v9fs 9p2000 file system support
[    0.416114] Key type asymmetric registered
[    0.416825] Asymmetric key parser 'x509' registered
[    0.417678] Block layer SCSI generic (bsg) driver version 0.4 loaded (major 249)
[    0.418957] io scheduler mq-deadline registered
[    0.419737] io scheduler kyber registered
[    0.421539] input: Power Button as /devices/LNXSYSTM:00/LNXPWRBN:00/input/input0
[    0.422857] ACPI: button: Power Button [PWRF]
[    0.423625] Warning: Processor Platform Limit event detected, but not handled.
[    0.424840] Consider compiling CPUfreq support into your kernel.
[    0.446850] ACPI: \_SB_.LNKB: Enabled at IRQ 10
[    0.463695] ACPI: \_SB_.LNKC: Enabled at IRQ 11
[    0.480289] ACPI: \_SB_.LNKA: Enabled at IRQ 10
[    0.481547] Serial: 8250/16550 driver, 4 ports, IRQ sharing enabled
[    0.482481] 00:03: ttyS0 at I/O 0x3f8 (irq = 4, base_baud = 115200) is a 16550A
[    0.521726] Non-volatile memory driver v1.3
[    0.522287] Linux agpgart interface v0.103
[    0.522347] ACPI: bus type drm_connector registered
[    0.523646] printk: legacy console [hvc0] enabled
[    0.524454] printk: legacy bootconsole [earlyser0] disabled
          _      _                                    
   __   _(_)_ __| |_ _ __ ___   ___       _ __   __ _ 
   \ \ / / |  __| __|  _   _ \ / _ \_____|  _ \ / _  |
    \ V /| | |  | |_| | | | | |  __/_____| | | | (_| |
     \_/ |_|_|   \__|_| |_| |_|\___|     |_| |_|\__  |
                                                |___/ 
   kernel version: 6.9.0-rc7-virtme x86_64
   (CTRL+d to exit)

virtme-ng:/nipa-data/kernel# PS1='xx__-> '
xx__-> env
PWD=/nipa-data/kernel
nr_open=1048576
HOME=/root
TERM=xterm
SHLVL=2
XDG_RUNTIME_DIR=/run/user/0
PATH=/bin:/sbin:/usr/bin:/usr/sbin:/usr/local/bin
OLDPWD=/
_=/usr/bin/env
xx__-> 