No EFI environment detected.
early console in extract_kernel
input_data: 0x00000000029b02c4
input_len: 0x0000000000bdb331
output: 0x0000000001000000
output_len: 0x0000000002545ae4
kernel_total_size: 0x0000000002430000
needed_size: 0x0000000002600000
trampoline_32bit: 0x0000000000000000
Physical KASLR using RDRAND RDTSC...
Virtual KASLR using RDRAND RDTSC...

Decompressing Linux... Parsing ELF... Performing relocations... done.
Booting the kernel (entry_offset: 0x0000000000fd6578).
[    0.000000] Linux version 6.15.0-virtme (root@1c77a363143c) (gcc (Ubuntu 13.3.0-6ubuntu2~24.04) 13.3.0, GNU ld (GNU Binutils for Ubuntu) 2.42) #1 SMP PREEMPT_DYNAMIC Thu Jun 12 09:05:57 UTC 2025
[    0.000000] Command line: virtme_hostname=virtme-ng nr_open=1048576 virtme_link_mods=/nipa-data/kernel/.virtme_mods/lib/modules/0.0.0 virtme_initmount0=nipa-data/kernel virtme_rw_overlay0=/etc virtme_rw_overlay1=/lib virtme_rw_overlay2=/home virtme_rw_overlay3=/opt virtme_rw_overlay4=/srv virtme_rw_overlay5=/usr virtme_rw_overlay6=/var console=hvc0 earlyprintk=serial,ttyS0,115200 virtme_console=ttyS0 psmouse.proto=exps TERM=xterm virtme_chdir=nipa-data/kernel virtme_root_user=1 rootfstype=9p rootflags=version=9p2000.L,trans=virtio,access=any raid=noautodetect ro init=/usr/lib/python3/dist-packages/virtme/guest/virtme-init
[    0.000000] BIOS-provided physical RAM map:
[    0.000000] BIOS-e820: [mem 0x0000000000000000-0x000000000009fbff] usable
[    0.000000] BIOS-e820: [mem 0x000000000009fc00-0x000000000009ffff] reserved
[    0.000000] BIOS-e820: [mem 0x00000000000f0000-0x00000000000fffff] reserved
[    0.000000] BIOS-e820: [mem 0x0000000000100000-0x000000003ffdffff] usable
[    0.000000] BIOS-e820: [mem 0x000000003ffe0000-0x000000003fffffff] reserved
[    0.000000] BIOS-e820: [mem 0x00000000feffc000-0x00000000feffffff] reserved
[    0.000000] BIOS-e820: [mem 0x00000000fffc0000-0x00000000ffffffff] reserved
[    0.000000] BIOS-e820: [mem 0x000000fd00000000-0x000000ffffffffff] reserved
[    0.000000] printk: legacy bootconsole [earlyser0] enabled
[    0.000000] NX (Execute Disable) protection: active
[    0.000000] APIC: Static calls initialized
[    0.000000] SMBIOS 3.0.0 present.
[    0.000000] DMI: QEMU Ubuntu 24.04 PC (i440FX + PIIX, 1996), BIOS 1.16.3-debian-1.16.3-2 04/01/2014
[    0.000000] DMI: Memory slots populated: 1/1
[    0.000000] Hypervisor detected: KVM
[    0.000000] kvm-clock: Using msrs 4b564d01 and 4b564d00
[    0.000000] kvm-clock: using sched offset of 214891640 cycles
[    0.000360] clocksource: kvm-clock: mask: 0xffffffffffffffff max_cycles: 0x1cd42e4dffb, max_idle_ns: 881590591483 ns
[    0.001483] tsc: Detected 4491.564 MHz processor
[    0.002052] last_pfn = 0x3ffe0 max_arch_pfn = 0x400000000
[    0.002445] MTRR map: 4 entries (3 fixed + 1 variable; max 19), built from 8 variable MTRRs
[    0.003024] x86/PAT: Configuration [0-7]: WB  WC  UC- UC  WB  WP  UC- WT  
Memory KASLR using RDRAND RDTSC...
[    0.004965] found SMP MP-table at [mem 0x000f5470-0x000f547f]
[    0.005363] Using GB pages for direct mapping
[    0.005705] ACPI: Early table checksum verification disabled
[    0.006093] ACPI: RSDP 0x00000000000F5290 000014 (v00 BOCHS )
[    0.006489] ACPI: RSDT 0x000000003FFE27BC 000034 (v01 BOCHS  BXPC     00000001 BXPC 00000001)
[    0.007076] ACPI: FACP 0x000000003FFE2578 000074 (v01 BOCHS  BXPC     00000001 BXPC 00000001)
[    0.007664] ACPI: DSDT 0x000000003FFE0040 002538 (v01 BOCHS  BXPC     00000001 BXPC 00000001)
[    0.008249] ACPI: FACS 0x000000003FFE0000 000040
[    0.008566] ACPI: APIC 0x000000003FFE25EC 000170 (v03 BOCHS  BXPC     00000001 BXPC 00000001)
[    0.009151] ACPI: HPET 0x000000003FFE275C 000038 (v01 BOCHS  BXPC     00000001 BXPC 00000001)
[    0.009736] ACPI: WAET 0x000000003FFE2794 000028 (v01 BOCHS  BXPC     00000001 BXPC 00000001)
[    0.010321] ACPI: Reserving FACP table memory at [mem 0x3ffe2578-0x3ffe25eb]
[    0.010804] ACPI: Reserving DSDT table memory at [mem 0x3ffe0040-0x3ffe2577]
[    0.011289] ACPI: Reserving FACS table memory at [mem 0x3ffe0000-0x3ffe003f]
[    0.011772] ACPI: Reserving APIC table memory at [mem 0x3ffe25ec-0x3ffe275b]
[    0.012256] ACPI: Reserving HPET table memory at [mem 0x3ffe275c-0x3ffe2793]
[    0.012740] ACPI: Reserving WAET table memory at [mem 0x3ffe2794-0x3ffe27bb]
[    0.013358] No NUMA configuration found
[    0.013620] Faking a node at [mem 0x0000000000000000-0x000000003ffdffff]
[    0.014080] NODE_DATA(0) allocated [mem 0x3ffdb740-0x3ffdffff]
[    0.014489] Zone ranges:
[    0.014662]   DMA      [mem 0x0000000000001000-0x0000000000ffffff]
[    0.015086]   DMA32    [mem 0x0000000001000000-0x000000003ffdffff]
[    0.015512]   Normal   empty
[    0.015710]   Device   empty
[    0.015907] Movable zone start for each node
[    0.016199] Early memory node ranges
[    0.016444]   node   0: [mem 0x0000000000001000-0x000000000009efff]
[    0.016874]   node   0: [mem 0x0000000000100000-0x000000003ffdffff]
[    0.017303] Initmem setup node 0 [mem 0x0000000000001000-0x000000003ffdffff]
[    0.017788] On node 0, zone DMA: 1 pages in unavailable ranges
[    0.018196] On node 0, zone DMA: 97 pages in unavailable ranges
[    0.019529] On node 0, zone DMA32: 32 pages in unavailable ranges
[    0.020139] ACPI: PM-Timer IO Port: 0x608
[    0.020420] ACPI: LAPIC_NMI (acpi_id[0xff] dfl dfl lint[0x1])
[    0.020828] IOAPIC[0]: apic_id 0, version 17, address 0xfec00000, GSI 0-23
[    0.021300] ACPI: INT_SRC_OVR (bus 0 bus_irq 0 global_irq 2 dfl dfl)
[    0.021736] ACPI: INT_SRC_OVR (bus 0 bus_irq 5 global_irq 5 high level)
[    0.022194] ACPI: INT_SRC_OVR (bus 0 bus_irq 9 global_irq 9 high level)
[    0.022645] ACPI: INT_SRC_OVR (bus 0 bus_irq 10 global_irq 10 high level)
[    0.023109] ACPI: INT_SRC_OVR (bus 0 bus_irq 11 global_irq 11 high level)
[    0.023576] ACPI: Using ACPI (MADT) for SMP configuration information
[    0.024016] ACPI: HPET id: 0x8086a201 base: 0xfed00000
[    0.024367] TSC deadline timer available
[    0.024638] CPU topo: Max. logical packages:   1
[    0.024953] CPU topo: Max. logical dies:       1
[    0.025268] CPU topo: Max. dies per package:   1
[    0.025585] CPU topo: Max. threads per core:   1
[    0.025900] CPU topo: Num. cores per package:    32
[    0.026233] CPU topo: Num. threads per package:  32
[    0.026566] CPU topo: Allowing 32 present CPUs plus 0 hotplug CPUs
[    0.026999] kvm-guest: APIC: eoi() replaced with kvm_guest_apic_eoi_write()
[    0.027480] kvm-guest: KVM setup pv remote TLB flush
[    0.027820] kvm-guest: setup PV sched yield
[    0.028112] PM: hibernation: Registered nosave memory: [mem 0x00000000-0x00000fff]
[    0.028628] PM: hibernation: Registered nosave memory: [mem 0x0009f000-0x000fffff]
[    0.029145] [mem 0x40000000-0xfeffbfff] available for PCI devices
[    0.029562] Booting paravirtualized kernel on KVM
[    0.029883] clocksource: refined-jiffies: mask: 0xffffffff max_cycles: 0xffffffff, max_idle_ns: 1910969940391419 ns
[    0.033296] setup_percpu: NR_CPUS:64 nr_cpumask_bits:32 nr_cpu_ids:32 nr_node_ids:1
[    0.034391] percpu: Embedded 53 pages/cpu s179544 r8192 d29352 u262144
[    0.034871] Kernel command line: virtme_hostname=virtme-ng nr_open=1048576 virtme_link_mods=/nipa-data/kernel/.virtme_mods/lib/modules/0.0.0 virtme_initmount0=nipa-data/kernel virtme_rw_overlay0=/etc virtme_rw_overlay1=/lib virtme_rw_overlay2=/home virtme_rw_overlay3=/opt virtme_rw_overlay4=/srv virtme_rw_overlay5=/usr virtme_rw_overlay6=/var console=hvc0 earlyprintk=serial,ttyS0,115200 virtme_console=ttyS0 psmouse.proto=exps TERM=xterm virtme_chdir=nipa-data/kernel virtme_root_user=1 rootfstype=9p rootflags=version=9p2000.L,trans=virtio,access=any raid=noautodetect ro init=/usr/lib/python3/dist-packages/virtme/guest/virtme-init
[    0.038876] Unknown kernel command line parameters "virtme_hostname=virtme-ng nr_open=1048576 virtme_link_mods=/nipa-data/kernel/.virtme_mods/lib/modules/0.0.0 virtme_initmount0=nipa-data/kernel virtme_rw_overlay0=/etc virtme_rw_overlay1=/lib virtme_rw_overlay2=/home virtme_rw_overlay3=/opt virtme_rw_overlay4=/srv virtme_rw_overlay5=/usr virtme_rw_overlay6=/var virtme_console=ttyS0 virtme_chdir=nipa-data/kernel virtme_root_user=1", will be passed to user space.
[    0.041941] random: crng init done
[    0.042180] printk: log buffer data + meta data: 262144 + 917504 = 1179648 bytes
[    0.042726] Dentry cache hash table entries: 131072 (order: 8, 1048576 bytes, linear)
[    0.043298] Inode-cache hash table entries: 65536 (order: 7, 524288 bytes, linear)
[    0.043919] Fallback order for Node 0: 0 
[    0.043920] Built 1 zonelists, mobility grouping on.  Total pages: 262014
[    0.044681] Policy zone: DMA32
[    0.044896] mem auto-init: stack:all(zero), heap alloc:off, heap free:off
[    0.045850] SLUB: HWalign=64, Order=0-3, MinObjects=0, CPUs=32, Nodes=1
Poking KASLR using RDRAND RDTSC...
[    0.053020] ftrace: allocating 49289 entries in 194 pages
[    0.053399] ftrace: allocated 194 pages with 3 groups
[    0.054311] Dynamic Preempt: voluntary
[    0.054693] rcu: Preemptible hierarchical RCU implementation.
[    0.055096] rcu: RCU event tracing is enabled.
[    0.055415] rcu: RCU restricting CPUs from NR_CPUS=64 to nr_cpu_ids=32.
[    0.055883] Trampoline variant of Tasks RCU enabled.
[    0.056235] Rude variant of Tasks RCU enabled.
[    0.056551] Tracing variant of Tasks RCU enabled.
[    0.056886] rcu: RCU calculated value of scheduler-enlistment delay is 100 jiffies.
[    0.057426] rcu: Adjusting geometry for rcu_fanout_leaf=16, nr_cpu_ids=32
[    0.057907] RCU Tasks: Setting shift to 5 and lim to 1 rcu_task_cb_adjust=1 rcu_task_cpu_ids=32.
[    0.058525] RCU Tasks Rude: Setting shift to 5 and lim to 1 rcu_task_cb_adjust=1 rcu_task_cpu_ids=32.
[    0.059172] RCU Tasks Trace: Setting shift to 5 and lim to 1 rcu_task_cb_adjust=1 rcu_task_cpu_ids=32.
[    0.061474] NR_IRQS: 4352, nr_irqs: 680, preallocated irqs: 16
[    0.062047] rcu: srcu_init: Setting srcu_struct sizes based on contention.
[    0.062666] Console: colour *CGA 80x25
[    0.062937] ACPI: Core revision 20250404
[    0.063284] clocksource: hpet: mask: 0xffffffff max_cycles: 0xffffffff, max_idle_ns: 19112604467 ns
[    0.063974] APIC: Switch to symmetric I/O mode setup
[    0.064460] x2apic enabled
[    0.064817] APIC: Switched APIC routing to: physical x2apic
[    0.065211] kvm-guest: APIC: send_IPI_mask() replaced with kvm_send_ipi_mask()
[    0.065715] kvm-guest: APIC: send_IPI_mask_allbutself() replaced with kvm_send_ipi_mask_allbutself()
[    0.066341] kvm-guest: setup PV IPIs
[    0.067304] ..TIMER: vector=0x30 apic1=0 pin1=2 apic2=-1 pin2=-1
[    0.068074] clocksource: tsc-early: mask: 0xffffffffffffffff max_cycles: 0x40be463295d, max_idle_ns: 440795209293 ns
[    0.069381] Calibrating delay loop (skipped) preset value.. 8983.12 BogoMIPS (lpj=4491564)
[    0.070442] x86/cpu: User Mode Instruction Prevention (UMIP) activated
[    0.071428] Last level iTLB entries: 4KB 512, 2MB 255, 4MB 127
[    0.072380] Last level dTLB entries: 4KB 512, 2MB 255, 4MB 127, 1GB 0
[    0.073171] Speculative Store Bypass: Mitigation: Speculative Store Bypass disabled via prctl
[    0.073381] Speculative Return Stack Overflow: IBPB-extending microcode not applied!
[    0.074380] Speculative Return Stack Overflow: WARNING: See https://kernel.org/doc/html/latest/admin-guide/hw-vuln/srso.html for mitigation options.
[    0.074381] Spectre V2 : Mitigation: Enhanced / Automatic IBRS
[    0.076380] Speculative Return Stack Overflow: Vulnerable: Safe RET, no microcode
[    0.077380] Spectre V1 : Mitigation: usercopy/swapgs barriers and __user pointer sanitization
[    0.078383] Spectre V2 : mitigation: Enabling conditional Indirect Branch Prediction Barrier
[    0.079396] x86/fpu: Supporting XSAVE feature 0x001: 'x87 floating point registers'
[    0.080380] x86/fpu: Supporting XSAVE feature 0x002: 'SSE registers'
[    0.081139] x86/fpu: Supporting XSAVE feature 0x004: 'AVX registers'
[    0.081380] x86/fpu: Supporting XSAVE feature 0x020: 'AVX-512 opmask'
[    0.082380] x86/fpu: Supporting XSAVE feature 0x040: 'AVX-512 Hi256'
[    0.083380] x86/fpu: Supporting XSAVE feature 0x080: 'AVX-512 ZMM_Hi256'
[    0.084380] x86/fpu: Supporting XSAVE feature 0x200: 'Protection Keys User registers'
[    0.085381] x86/fpu: xstate_offset[2]:  576, xstate_sizes[2]:  256
[    0.086118] x86/fpu: xstate_offset[5]:  832, xstate_sizes[5]:   64
[    0.086380] x86/fpu: xstate_offset[6]:  896, xstate_sizes[6]:  512
[    0.087380] x86/fpu: xstate_offset[7]: 1408, xstate_sizes[7]: 1024
[    0.088380] x86/fpu: xstate_offset[9]: 2432, xstate_sizes[9]:    8
[    0.089116] x86/fpu: Enabled xstate features 0x2e7, context size is 2440 bytes, using 'compacted' format.
[    0.104407] Freeing SMP alternatives memory: 44K
[    0.104971] pid_max: default: 32768 minimum: 301
[    0.105400] Mount-cache hash table entries: 2048 (order: 2, 16384 bytes, linear)
[    0.106381] Mountpoint-cache hash table entries: 2048 (order: 2, 16384 bytes, linear)
[    0.107518] smpboot: CPU0: AMD Ryzen 9 7950X 16-Core Processor (family: 0x19, model: 0x61, stepping: 0x2)
[    0.108478] Performance Events: Fam17h+ core perfctr, AMD PMU driver.
[    0.109275] ... version:                0
[    0.109382] ... bit width:              48
[    0.109874] ... generic registers:      6
[    0.110359] ... value mask:             0000ffffffffffff
[    0.110382] ... max period:             00007fffffffffff
[    0.111019] ... fixed-purpose events:   0
[    0.111382] ... event mask:             000000000000003f
[    0.112102] signal: max sigframe size: 3376
[    0.112395] rcu: Hierarchical SRCU implementation.
[    0.112970] rcu: Max phase no-delay instances is 400.
[    0.113404] Timer migration: 2 hierarchy levels; 8 children per group; 2 crossnode level
[    0.116435] smp: Bringing up secondary CPUs ...
[    0.117042] smpboot: x86: Booting SMP configuration:
[    0.117383] .... node  #0, CPUs:        #1  #2  #3  #4  #5  #6  #7  #8  #9 #10 #11 #12 #13 #14 #15 #16 #17 #18 #19 #20 #21 #22 #23 #24 #25 #26 #27 #28 #29 #30 #31
[    0.128495] smp: Brought up 1 node, 32 CPUs
[    0.129887] smpboot: Total of 32 processors activated (287460.09 BogoMIPS)
[    0.131482] Memory: 970988K/1048056K available (16218K kernel code, 2490K rwdata, 6524K rodata, 3216K init, 1608K bss, 62544K reserved, 0K cma-reserved)
[    0.132503] devtmpfs: initialized
[    0.132823] x86/mm: Memory block size: 128MB
[    0.134074] clocksource: jiffies: mask: 0xffffffff max_cycles: 0xffffffff, max_idle_ns: 1911260446275000 ns
[    0.134383] posixtimers hash table entries: 16384 (order: 6, 262144 bytes, linear)
[    0.135397] futex hash table entries: 8192 (524288 bytes on 1 NUMA nodes, total 512 KiB, linear).
[    0.136457] PM: RTC time: 09:06:13, date: 2025-06-12
[    0.137388] NET: Registered PF_NETLINK/PF_ROUTE protocol family
[    0.138239] thermal_sys: Registered thermal governor 'step_wise'
[    0.138248] cpuidle: using governor menu
[    0.139575] PCI: Using configuration type 1 for base access
[    0.140267] PCI: Using configuration type 1 for extended access
[    0.140447] kprobes: kprobe jump-optimization is enabled. All kprobes are optimized if possible.
[    0.155950] HugeTLB: allocation took 0ms with hugepage_allocation_threads=8
[    0.156410] HugeTLB: registered 1.00 GiB page size, pre-allocated 0 pages
[    0.157238] HugeTLB: 16380 KiB vmemmap can be freed for a 1.00 GiB page
[    0.157382] HugeTLB: registered 2.00 MiB page size, pre-allocated 0 pages
[    0.158201] HugeTLB: 28 KiB vmemmap can be freed for a 2.00 MiB page
[    0.158802] ACPI: Added _OSI(Module Device)
[    0.159383] ACPI: Added _OSI(Processor Device)
[    0.159920] ACPI: Added _OSI(Processor Aggregator Device)
[    0.161024] ACPI: 1 ACPI AML tables successfully acquired and loaded
[    0.161763] ACPI: Interpreter enabled
[    0.162390] ACPI: PM: (supports S0 S3 S4 S5)
[    0.162907] ACPI: Using IOAPIC for interrupt routing
[    0.163389] PCI: Using host bridge windows from ACPI; if necessary, use "pci=nocrs" and report a bug
[    0.164382] PCI: Using E820 reservations for host bridge windows
[    0.165194] ACPI: Enabled 2 GPEs in block 00 to 0F
[    0.167963] ACPI: PCI Root Bridge [PCI0] (domain 0000 [bus 00-ff])
[    0.168384] acpi PNP0A03:00: _OSC: OS supports [ExtendedConfig ASPM ClockPM Segments MSI HPX-Type3]
[    0.169468] PCI host bridge to bus 0000:00
[    0.169964] pci_bus 0000:00: root bus resource [io  0x0000-0x0cf7 window]
[    0.170382] pci_bus 0000:00: root bus resource [io  0x0d00-0xffff window]
[    0.171204] pci_bus 0000:00: root bus resource [mem 0x000a0000-0x000bffff window]
[    0.171382] pci_bus 0000:00: root bus resource [mem 0x40000000-0xfebfffff window]
[    0.172284] pci_bus 0000:00: root bus resource [mem 0x100000000-0x17fffffff window]
[    0.172382] pci_bus 0000:00: root bus resource [bus 00-ff]
[    0.173122] pci 0000:00:00.0: [8086:1237] type 00 class 0x060000 conventional PCI endpoint
[    0.173645] pci 0000:00:01.0: [8086:7000] type 00 class 0x060100 conventional PCI endpoint
[    0.174645] pci 0000:00:01.1: [8086:7010] type 00 class 0x010180 conventional PCI endpoint
[    0.175785] pci 0000:00:01.1: BAR 4 [io  0xc0c0-0xc0cf]
[    0.176400] pci 0000:00:01.1: BAR 0 [io  0x01f0-0x01f7]: legacy IDE quirk
[    0.177223] pci 0000:00:01.1: BAR 1 [io  0x03f6]: legacy IDE quirk
[    0.177382] pci 0000:00:01.1: BAR 2 [io  0x0170-0x0177]: legacy IDE quirk
[    0.178200] pci 0000:00:01.1: BAR 3 [io  0x0376]: legacy IDE quirk
[    0.178470] pci 0000:00:01.3: [8086:7113] type 00 class 0x068000 conventional PCI endpoint
[    0.179571] pci 0000:00:01.3: quirk: [io  0x0600-0x063f] claimed by PIIX4 ACPI
[    0.180386] pci 0000:00:01.3: quirk: [io  0x0700-0x070f] claimed by PIIX4 SMB
[    0.181403] pci 0000:00:02.0: [1af4:1009] type 00 class 0x000200 conventional PCI endpoint
[    0.183213] pci 0000:00:02.0: BAR 0 [io  0xc000-0xc03f]
[    0.183386] pci 0000:00:02.0: BAR 1 [mem 0xfebfc000-0xfebfcfff]
[    0.184113] pci 0000:00:02.0: BAR 4 [mem 0xfebf0000-0xfebf3fff 64bit pref]
[    0.185136] pci 0000:00:03.0: [1af4:1009] type 00 class 0x000200 conventional PCI endpoint
[    0.185933] pci 0000:00:03.0: BAR 0 [io  0xc040-0xc07f]
[    0.186386] pci 0000:00:03.0: BAR 1 [mem 0xfebfd000-0xfebfdfff]
[    0.187120] pci 0000:00:03.0: BAR 4 [mem 0xfebf4000-0xfebf7fff 64bit pref]
[    0.187889] pci 0000:00:04.0: [8086:25ab] type 00 class 0x088000 conventional PCI endpoint
[    0.188731] pci 0000:00:04.0: BAR 0 [mem 0xfebfe000-0xfebfe00f]
[    0.189778] pci 0000:00:05.0: [1af4:1003] type 00 class 0x078000 conventional PCI endpoint
[    0.191091] pci 0000:00:05.0: BAR 0 [io  0xc080-0xc0bf]
[    0.191386] pci 0000:00:05.0: BAR 1 [mem 0xfebff000-0xfebfffff]
[    0.192124] pci 0000:00:05.0: BAR 4 [mem 0xfebf8000-0xfebfbfff 64bit pref]
[    0.193095] ACPI: PCI: Interrupt link LNKA configured for IRQ 10
[    0.193485] ACPI: PCI: Interrupt link LNKB configured for IRQ 10
[    0.194306] ACPI: PCI: Interrupt link LNKC configured for IRQ 11
[    0.194473] ACPI: PCI: Interrupt link LNKD configured for IRQ 11
[    0.195268] ACPI: PCI: Interrupt link LNKS configured for IRQ 9
[    0.196177] iommu: Default domain type: Translated
[    0.196383] iommu: DMA domain TLB invalidation policy: lazy mode
[    0.197422] SCSI subsystem initialized
[    0.197886] pps_core: LinuxPPS API ver. 1 registered
[    0.198382] pps_core: Software ver. 5.3.6 - Copyright 2005-2007 Rodolfo Giometti <giometti@linux.it>
[    0.199384] PTP clock support registered
[    0.199870] Advanced Linux Sound Architecture Driver Initialized.
[    0.200631] NET: Registered PF_ATMPVC protocol family
[    0.201255] NET: Registered PF_ATMSVC protocol family
[    0.201388] PCI: Using ACPI for IRQ routing
[    0.201967] vgaarb: loaded
[    0.201967] hpet0: at MMIO 0xfed00000, IRQs 2, 8, 0
[    0.202382] hpet0: 3 comparators, 64-bit 100.000000 MHz counter
[    0.206588] clocksource: Switched to clocksource kvm-clock
[    0.207225] VFS: Disk quotas dquot_6.6.0
[    0.207742] VFS: Dquot-cache hash table entries: 512 (order 0, 4096 bytes)
[    0.209070] pnp: PnP ACPI init
[    0.209611] pnp: PnP ACPI: found 5 devices
[    0.216438] clocksource: acpi_pm: mask: 0xffffff max_cycles: 0xffffff, max_idle_ns: 2085701024 ns
[    0.217529] NET: Registered PF_INET protocol family
[    0.218141] IP idents hash table entries: 16384 (order: 5, 131072 bytes, linear)
[    0.219167] tcp_listen_portaddr_hash hash table entries: 512 (order: 1, 8192 bytes, linear)
[    0.220191] Table-perturb hash table entries: 65536 (order: 6, 262144 bytes, linear)
[    0.221131] TCP established hash table entries: 8192 (order: 4, 65536 bytes, linear)
[    0.222074] TCP bind hash table entries: 8192 (order: 6, 262144 bytes, linear)
[    0.222954] TCP: Hash tables configured (established 8192 bind 8192)
[    0.223744] UDP hash table entries: 512 (order: 3, 32768 bytes, linear)
[    0.224545] UDP-Lite hash table entries: 512 (order: 3, 32768 bytes, linear)
[    0.225421] NET: Registered PF_UNIX/PF_LOCAL protocol family
[    0.226114] pci_bus 0000:00: resource 4 [io  0x0000-0x0cf7 window]
[    0.226874] pci_bus 0000:00: resource 5 [io  0x0d00-0xffff window]
[    0.227630] pci_bus 0000:00: resource 6 [mem 0x000a0000-0x000bffff window]
[    0.228470] pci_bus 0000:00: resource 7 [mem 0x40000000-0xfebfffff window]
[    0.229306] pci_bus 0000:00: resource 8 [mem 0x100000000-0x17fffffff window]
[    0.230179] pci 0000:00:01.0: PIIX3: Enabling Passive Release
[    0.230880] pci 0000:00:00.0: Limiting direct PCI/PCI transfers
[    0.231627] PCI: CLS 0 bytes, default 64
[    0.232180] kvm_intel: VMX not supported by CPU 0
[    0.232756] kvm_amd: TSC scaling supported
[    0.233258] kvm_amd: Nested Virtualization enabled
[    0.233833] kvm_amd: Nested Paging enabled
[    0.234332] kvm_amd: LBR virtualization supported
[    0.234906] kvm_amd: Virtual GIF supported
[    0.235399] kvm_amd: Virtual NMI enabled
[    0.270542] clocksource: tsc: mask: 0xffffffffffffffff max_cycles: 0x40be463295d, max_idle_ns: 440795209293 ns
[    0.276721] Initialise system trusted keyrings
[    0.277332] workingset: timestamp_bits=56 max_order=18 bucket_order=0
[    0.278150] squashfs: version 4.0 (2009/01/31) Phillip Lougher
[    0.278877] fuse: init (API version 7.44)
[    0.279402] 9p: Installing v9fs 9p2000 file system support
[    0.286624] Key type asymmetric registered
[    0.287136] Asymmetric key parser 'x509' registered
[    0.287746] Block layer SCSI generic (bsg) driver version 0.4 loaded (major 249)
[    0.288673] io scheduler mq-deadline registered
[    0.289239] io scheduler kyber registered
[    0.291035] input: Power Button as /devices/LNXSYSTM:00/LNXPWRBN:00/input/input0
[    0.291997] ACPI: button: Power Button [PWRF]
[    0.292902] Warning: Processor Platform Limit event detected, but not handled.
[    0.293784] Consider compiling CPUfreq support into your kernel.
[    0.310915] ACPI: \_SB_.LNKB: Enabled at IRQ 10
[    0.326412] ACPI: \_SB_.LNKC: Enabled at IRQ 11
[    0.341812] ACPI: \_SB_.LNKA: Enabled at IRQ 10
[    0.342888] Serial: 8250/16550 driver, 4 ports, IRQ sharing enabled
[    0.343749] 00:03: ttyS0 at I/O 0x3f8 (irq = 4, base_baud = 115200) is a 16550A
[    0.377917] Non-volatile memory driver v1.3
[    0.378488] Linux agpgart interface v0.103
[    0.378553] ACPI: bus type drm_connector registered
[    0.379631] printk: legacy console [hvc0] enabled
[    0.380213] printk: legacy bootconsole [earlyser0] disabled
          _      _                                    
   __   _(_)_ __| |_ _ __ ___   ___       _ __   __ _ 
   \ \ / / |  __| __|  _   _ \ / _ \_____|  _ \ / _  |
    \ V /| | |  | |_| | | | | |  __/_____| | | | (_| |
     \_/ |_|_|   \__|_| |_| |_|\___|     |_| |_|\__  |
                                                |___/ 
   kernel version: 6.15.0-virtme x86_64
   (CTRL+d to exit)

root@virtme-ng:/nipa-data/kernel# PS1='xx__-> '
xx__-> env
PWD=/nipa-data/kernel
nr_open=1048576
HOME=/
TERM=xterm
SHLVL=2
XDG_RUNTIME_DIR=/run/user/0
PATH=/bin:/sbin:/usr/bin:/usr/sbin:/usr/local/bin
OLDPWD=/
_=/bin/env
xx__-> 