No EFI environment detected.
early console in extract_kernel
input_data: 0x0000000004ab52b9
input_len: 0x00000000018269b2
output: 0x0000000001000000
output_len: 0x00000000052683dc
kernel_total_size: 0x0000000004e30000
needed_size: 0x0000000005400000
trampoline_32bit: 0x0000000000000000
Physical KASLR using RDRAND RDTSC...
Virtual KASLR using RDRAND RDTSC...

Decompressing Linux... Parsing ELF... Performing relocations... done.
Booting the kernel (entry_offset: 0x0000000000000000).
[    0.000000] Linux version 6.9.0-rc5-virtme (root@0bf1e035d650) (gcc (Alpine 13.2.1_git20240309) 13.2.1 20240309, GNU ld (GNU Binutils) 2.42) #1 SMP PREEMPT_DYNAMIC Fri Apr 26 09:26:40 UTC 2024
[    0.000000] Command line: virtme_hostname=virtme-ng nr_open=1048576 virtme_link_mods=/nipa-data/kernel/.virtme_mods/lib/modules/0.0.0 virtme_initmount0=nipa-data/kernel virtme_rw_overlay0=/etc virtme_rw_overlay1=/lib virtme_rw_overlay2=/home virtme_rw_overlay3=/opt virtme_rw_overlay4=/srv virtme_rw_overlay5=/usr virtme_rw_overlay6=/var console=hvc0 earlyprintk=serial,ttyS0,115200 virtme_console=ttyS0 psmouse.proto=exps TERM=xterm virtme_chdir=nipa-data/kernel virtme_root_user=1 rootfstype=9p rootflags=version=9p2000.L,trans=virtio,access=any raid=noautodetect ro init=/usr/lib/python3.12/site-packages/virtme/guest/virtme-init
[    0.000000] BIOS-provided physical RAM map:
[    0.000000] BIOS-e820: [mem 0x0000000000000000-0x000000000009fbff] usable
[    0.000000] BIOS-e820: [mem 0x000000000009fc00-0x000000000009ffff] reserved
[    0.000000] BIOS-e820: [mem 0x00000000000f0000-0x00000000000fffff] reserved
[    0.000000] BIOS-e820: [mem 0x0000000000100000-0x000000003ffdffff] usable
[    0.000000] BIOS-e820: [mem 0x000000003ffe0000-0x000000003fffffff] reserved
[    0.000000] BIOS-e820: [mem 0x00000000feffc000-0x00000000feffffff] reserved
[    0.000000] BIOS-e820: [mem 0x00000000fffc0000-0x00000000ffffffff] reserved
[    0.000000] BIOS-e820: [mem 0x000000fd00000000-0x000000ffffffffff] reserved
[    0.000000] printk: legacy bootconsole [earlyser0] enabled
[    0.000000] NX (Execute Disable) protection: active
[    0.000000] APIC: Static calls initialized
[    0.000000] SMBIOS 3.0.0 present.
[    0.000000] DMI: QEMU Standard PC (i440FX + PIIX, 1996), BIOS rel-1.16.3-0-ga6ed6b701f0a-prebuilt.qemu.org 04/01/2014
[    0.000000] Hypervisor detected: KVM
[    0.000000] kvm-clock: Using msrs 4b564d01 and 4b564d00
[    0.000000] kvm-clock: using sched offset of 314102374 cycles
[    0.000397] clocksource: kvm-clock: mask: 0xffffffffffffffff max_cycles: 0x1cd42e4dffb, max_idle_ns: 881590591483 ns
[    0.001586] tsc: Detected 4491.556 MHz processor
[    0.002283] last_pfn = 0x3ffe0 max_arch_pfn = 0x400000000
[    0.002701] MTRR map: 4 entries (3 fixed + 1 variable; max 19), built from 8 variable MTRRs
[    0.003338] x86/PAT: Configuration [0-7]: WB  WC  UC- UC  WB  WP  UC- WT  
[    0.005354] found SMP MP-table at [mem 0x000f5470-0x000f547f]
[    0.005779] Using GB pages for direct mapping
[    0.006263] ACPI: Early table checksum verification disabled
[    0.006677] ACPI: RSDP 0x00000000000F5290 000014 (v00 BOCHS )
[    0.007112] ACPI: RSDT 0x000000003FFE27BC 000034 (v01 BOCHS  BXPC     00000001 BXPC 00000001)
[    0.007736] ACPI: FACP 0x000000003FFE2578 000074 (v01 BOCHS  BXPC     00000001 BXPC 00000001)
[    0.008378] ACPI: DSDT 0x000000003FFE0040 002538 (v01 BOCHS  BXPC     00000001 BXPC 00000001)
[    0.009002] ACPI: FACS 0x000000003FFE0000 000040
[    0.009351] ACPI: APIC 0x000000003FFE25EC 000170 (v03 BOCHS  BXPC     00000001 BXPC 00000001)
[    0.009970] ACPI: HPET 0x000000003FFE275C 000038 (v01 BOCHS  BXPC     00000001 BXPC 00000001)
[    0.010599] ACPI: WAET 0x000000003FFE2794 000028 (v01 BOCHS  BXPC     00000001 BXPC 00000001)
[    0.011230] ACPI: Reserving FACP table memory at [mem 0x3ffe2578-0x3ffe25eb]
[    0.011744] ACPI: Reserving DSDT table memory at [mem 0x3ffe0040-0x3ffe2577]
[    0.012269] ACPI: Reserving FACS table memory at [mem 0x3ffe0000-0x3ffe003f]
[    0.012781] ACPI: Reserving APIC table memory at [mem 0x3ffe25ec-0x3ffe275b]
[    0.013311] ACPI: Reserving HPET table memory at [mem 0x3ffe275c-0x3ffe2793]
[    0.013828] ACPI: Reserving WAET table memory at [mem 0x3ffe2794-0x3ffe27bb]
[    0.014551] No NUMA configuration found
[    0.014835] Faking a node at [mem 0x0000000000000000-0x000000003ffdffff]
[    0.015338] NODE_DATA(0) allocated [mem 0x3ffdb000-0x3ffdffff]
[    0.015780] Zone ranges:
[    0.015965]   DMA      [mem 0x0000000000001000-0x0000000000ffffff]
[    0.016429]   DMA32    [mem 0x0000000001000000-0x000000003ffdffff]
[    0.016885]   Normal   empty
[    0.017105]   Device   empty
[    0.017315] Movable zone start for each node
[    0.017626] Early memory node ranges
[    0.017892]   node   0: [mem 0x0000000000001000-0x000000000009efff]
[    0.018369]   node   0: [mem 0x0000000000100000-0x000000003ffdffff]
[    0.018826] Initmem setup node 0 [mem 0x0000000000001000-0x000000003ffdffff]
[    0.019361] On node 0, zone DMA: 1 pages in unavailable ranges
[    0.019843] On node 0, zone DMA: 97 pages in unavailable ranges
[    0.024810] On node 0, zone DMA32: 32 pages in unavailable ranges
[    0.034800] kasan: KernelAddressSanitizer initialized
[    0.035533] ACPI: PM-Timer IO Port: 0x608
[    0.035895] ACPI: LAPIC_NMI (acpi_id[0xff] dfl dfl lint[0x1])
[    0.036427] IOAPIC[0]: apic_id 0, version 17, address 0xfec00000, GSI 0-23
[    0.037032] ACPI: INT_SRC_OVR (bus 0 bus_irq 0 global_irq 2 dfl dfl)
[    0.037592] ACPI: INT_SRC_OVR (bus 0 bus_irq 5 global_irq 5 high level)
[    0.038175] ACPI: INT_SRC_OVR (bus 0 bus_irq 9 global_irq 9 high level)
[    0.038757] ACPI: INT_SRC_OVR (bus 0 bus_irq 10 global_irq 10 high level)
[    0.039364] ACPI: INT_SRC_OVR (bus 0 bus_irq 11 global_irq 11 high level)
[    0.039963] ACPI: Using ACPI (MADT) for SMP configuration information
[    0.040532] ACPI: HPET id: 0x8086a201 base: 0xfed00000
[    0.040985] TSC deadline timer available
[    0.041333] CPU topo: Max. logical packages:   1
[    0.041736] CPU topo: Max. logical dies:       1
[    0.042144] CPU topo: Max. dies per package:   1
[    0.042554] CPU topo: Max. threads per core:   1
[    0.042964] CPU topo: Num. cores per package:    32
[    0.043395] CPU topo: Num. threads per package:  32
[    0.043828] CPU topo: Allowing 32 present CPUs plus 0 hotplug CPUs
[    0.044390] kvm-guest: APIC: eoi() replaced with kvm_guest_apic_eoi_write()
[    0.045018] kvm-guest: KVM setup pv remote TLB flush
[    0.045458] kvm-guest: setup PV sched yield
[    0.045837] PM: hibernation: Registered nosave memory: [mem 0x00000000-0x00000fff]
[    0.046502] PM: hibernation: Registered nosave memory: [mem 0x0009f000-0x0009ffff]
[    0.047175] PM: hibernation: Registered nosave memory: [mem 0x000a0000-0x000effff]
[    0.047843] PM: hibernation: Registered nosave memory: [mem 0x000f0000-0x000fffff]
[    0.048510] [mem 0x40000000-0xfeffbfff] available for PCI devices
[    0.049050] Booting paravirtualized kernel on KVM
[    0.049461] clocksource: refined-jiffies: mask: 0xffffffff max_cycles: 0xffffffff, max_idle_ns: 1910969940391419 ns
[    0.058815] setup_percpu: NR_CPUS:64 nr_cpumask_bits:32 nr_cpu_ids:32 nr_node_ids:1
[    0.061045] percpu: Embedded 70 pages/cpu s248616 r8192 d29912 u524288
[    0.061701] Kernel command line: virtme_hostname=virtme-ng nr_open=1048576 virtme_link_mods=/nipa-data/kernel/.virtme_mods/lib/modules/0.0.0 virtme_initmount0=nipa-data/kernel virtme_rw_overlay0=/etc virtme_rw_overlay1=/lib virtme_rw_overlay2=/home virtme_rw_overlay3=/opt virtme_rw_overlay4=/srv virtme_rw_overlay5=/usr virtme_rw_overlay6=/var console=hvc0 earlyprintk=serial,ttyS0,115200 virtme_console=ttyS0 psmouse.proto=exps TERM=xterm virtme_chdir=nipa-data/kernel virtme_root_user=1 rootfstype=9p rootflags=version=9p2000.L,trans=virtio,access=any raid=noautodetect ro init=/usr/lib/python3.12/site-packages/virtme/guest/virtme-init
[    0.066958] Unknown kernel command line parameters "virtme_hostname=virtme-ng nr_open=1048576 virtme_link_mods=/nipa-data/kernel/.virtme_mods/lib/modules/0.0.0 virtme_initmount0=nipa-data/kernel virtme_rw_overlay0=/etc virtme_rw_overlay1=/lib virtme_rw_overlay2=/home virtme_rw_overlay3=/opt virtme_rw_overlay4=/srv virtme_rw_overlay5=/usr virtme_rw_overlay6=/var virtme_console=ttyS0 virtme_chdir=nipa-data/kernel virtme_root_user=1", will be passed to user space.
[    0.070854] random: crng init done
[    0.071314] Dentry cache hash table entries: 131072 (order: 8, 1048576 bytes, linear)
[    0.072041] Inode-cache hash table entries: 65536 (order: 7, 524288 bytes, linear)
[    0.073254] Fallback order for Node 0: 0 
[    0.073260] Built 1 zonelists, mobility grouping on.  Total pages: 257760
[    0.074240] Policy zone: DMA32
[    0.074517] mem auto-init: stack:all(zero), heap alloc:off, heap free:off
[    0.075136] stackdepot: allocating hash table via alloc_large_system_hash
[    0.075751] stackdepot hash table entries: 1048576 (order: 12, 16777216 bytes, linear)
[    0.084884] Memory: 781036K/1048056K available (43008K kernel code, 11128K rwdata, 9744K rodata, 5836K init, 2396K bss, 266764K reserved, 0K cma-reserved)
[    0.086354] SLUB: HWalign=64, Order=0-3, MinObjects=0, CPUs=32, Nodes=1
Poking KASLR using RDRAND RDTSC...
[    0.087245] ftrace: allocating 47715 entries in 187 pages
[    0.095913] ftrace: allocated 187 pages with 6 groups
[    0.097134] Dynamic Preempt: voluntary
[    0.097881] rcu: Preemptible hierarchical RCU implementation.
[    0.098312] rcu: RCU event tracing is enabled.
[    0.098651] rcu: RCU restricting CPUs from NR_CPUS=64 to nr_cpu_ids=32.
[    0.099161] Trampoline variant of Tasks RCU enabled.
[    0.099537] Rude variant of Tasks RCU enabled.
[    0.099876] Tracing variant of Tasks RCU enabled.
[    0.100234] rcu: RCU calculated value of scheduler-enlistment delay is 100 jiffies.
[    0.100806] rcu: Adjusting geometry for rcu_fanout_leaf=16, nr_cpu_ids=32
[    0.101350] RCU Tasks: Setting shift to 5 and lim to 1 rcu_task_cb_adjust=1.
[    0.101877] RCU Tasks Rude: Setting shift to 5 and lim to 1 rcu_task_cb_adjust=1.
[    0.102438] RCU Tasks Trace: Setting shift to 5 and lim to 1 rcu_task_cb_adjust=1.
[    0.110989] NR_IRQS: 4352, nr_irqs: 680, preallocated irqs: 16
[    0.111675] rcu: srcu_init: Setting srcu_struct sizes based on contention.
[    0.112399] Console: colour *CGA 80x25
[    0.112703] ACPI: Core revision 20230628
[    0.113151] clocksource: hpet: mask: 0xffffffff max_cycles: 0xffffffff, max_idle_ns: 19112604467 ns
[    0.113888] APIC: Switch to symmetric I/O mode setup
[    0.114263] APIC: Switched APIC routing to: physical flat
[    0.114663] kvm-guest: APIC: send_IPI_mask() replaced with kvm_send_ipi_mask()
[    0.115195] kvm-guest: APIC: send_IPI_mask_allbutself() replaced with kvm_send_ipi_mask_allbutself()
[    0.115876] kvm-guest: setup PV IPIs
[    0.117004] ..TIMER: vector=0x30 apic1=0 pin1=2 apic2=-1 pin2=-1
[    0.117792] tsc: Marking TSC unstable due to TSCs unsynchronized
[    0.118588] Calibrating delay loop (skipped) preset value.. 8983.11 BogoMIPS (lpj=4491556)
[    0.119651] x86/cpu: User Mode Instruction Prevention (UMIP) activated
[    0.120645] Last level iTLB entries: 4KB 512, 2MB 255, 4MB 127
[    0.121587] Last level dTLB entries: 4KB 512, 2MB 255, 4MB 127, 1GB 0
[    0.122591] Spectre V1 : Mitigation: usercopy/swapgs barriers and __user pointer sanitization
[    0.123591] Spectre V2 : Mitigation: Enhanced / Automatic IBRS
[    0.124586] Spectre V2 : Spectre v2 / SpectreRSB mitigation: Filling RSB on context switch
[    0.125589] Spectre V2 : mitigation: Enabling conditional Indirect Branch Prediction Barrier
[    0.126588] Speculative Store Bypass: Mitigation: Speculative Store Bypass disabled via prctl
[    0.127587] Speculative Return Stack Overflow: IBPB-extending microcode not applied!
[    0.128586] Speculative Return Stack Overflow: WARNING: See https://kernel.org/doc/html/latest/admin-guide/hw-vuln/srso.html for mitigation options.
[    0.128588] Speculative Return Stack Overflow: Vulnerable: Safe RET, no microcode
[    0.130602] x86/fpu: Supporting XSAVE feature 0x001: 'x87 floating point registers'
[    0.131586] x86/fpu: Supporting XSAVE feature 0x002: 'SSE registers'
[    0.132586] x86/fpu: Supporting XSAVE feature 0x004: 'AVX registers'
[    0.133395] x86/fpu: Supporting XSAVE feature 0x020: 'AVX-512 opmask'
[    0.133586] x86/fpu: Supporting XSAVE feature 0x040: 'AVX-512 Hi256'
[    0.134586] x86/fpu: Supporting XSAVE feature 0x080: 'AVX-512 ZMM_Hi256'
[    0.135587] x86/fpu: Supporting XSAVE feature 0x200: 'Protection Keys User registers'
[    0.136587] x86/fpu: xstate_offset[2]:  576, xstate_sizes[2]:  256
[    0.137586] x86/fpu: xstate_offset[5]:  832, xstate_sizes[5]:   64
[    0.138586] x86/fpu: xstate_offset[6]:  896, xstate_sizes[6]:  512
[    0.139377] x86/fpu: xstate_offset[7]: 1408, xstate_sizes[7]: 1024
[    0.139586] x86/fpu: xstate_offset[9]: 2432, xstate_sizes[9]:    8
[    0.140586] x86/fpu: Enabled xstate features 0x2e7, context size is 2440 bytes, using 'compacted' format.
[    0.163156] Freeing SMP alternatives memory: 40K
[    0.163587] pid_max: default: 32768 minimum: 301
[    0.164314] Mount-cache hash table entries: 2048 (order: 2, 16384 bytes, linear)
[    0.164588] Mountpoint-cache hash table entries: 2048 (order: 2, 16384 bytes, linear)
[    0.167096] smpboot: CPU0: AMD Ryzen 9 7950X 16-Core Processor (family: 0x19, model: 0x61, stepping: 0x2)
[    0.168036] Performance Events: Fam17h+ core perfctr, AMD PMU driver.
[    0.168591] ... version:                0
[    0.169104] ... bit width:              48
[    0.169588] ... generic registers:      6
[    0.170100] ... value mask:             0000ffffffffffff
[    0.170588] ... max period:             00007fffffffffff
[    0.171263] ... fixed-purpose events:   0
[    0.171588] ... event mask:             000000000000003f
[    0.172379] signal: max sigframe size: 3376
[    0.172635] rcu: Hierarchical SRCU implementation.
[    0.173256] rcu: Max phase no-delay instances is 400.
[    0.177682] smp: Bringing up secondary CPUs ...
[    0.178449] smpboot: x86: Booting SMP configuration:
[    0.178590] .... node  #0, CPUs:        #1  #2  #3  #4  #5  #6  #7  #8  #9 #10 #11 #12 #13 #14 #15 #16 #17 #18 #19 #20 #21 #22 #23 #24 #25 #26 #27 #28 #29 #30 #31
[    0.203763] smp: Brought up 1 node, 32 CPUs
[    0.205290] smpboot: Total of 32 processors activated (287459.58 BogoMIPS)
[    0.211926] devtmpfs: initialized
[    0.212821] x86/mm: Memory block size: 128MB
[    0.221932] clocksource: jiffies: mask: 0xffffffff max_cycles: 0xffffffff, max_idle_ns: 1911260446275000 ns
[    0.222595] futex hash table entries: 8192 (order: 7, 524288 bytes, linear)
[    0.224013] PM: RTC time: 09:27:19, date: 2024-04-26
[    0.225602] NET: Registered PF_NETLINK/PF_ROUTE protocol family
[    0.227789] thermal_sys: Registered thermal governor 'step_wise'
[    0.227792] thermal_sys: Registered thermal governor 'user_space'
[    0.228629] cpuidle: using governor menu
[    0.231041] PCI: Using configuration type 1 for base access
[    0.231589] PCI: Using configuration type 1 for extended access
[    0.232487] kprobes: kprobe jump-optimization is enabled. All kprobes are optimized if possible.
[    0.243728] HugeTLB: registered 1.00 GiB page size, pre-allocated 0 pages
[    0.244589] HugeTLB: 16380 KiB vmemmap can be freed for a 1.00 GiB page
[    0.245457] HugeTLB: registered 2.00 MiB page size, pre-allocated 0 pages
[    0.246589] HugeTLB: 28 KiB vmemmap can be freed for a 2.00 MiB page
[    0.249857] Demotion targets for Node 0: null
[    0.250927] ACPI: Added _OSI(Module Device)
[    0.251589] ACPI: Added _OSI(Processor Device)
[    0.252180] ACPI: Added _OSI(3.0 _SCP Extensions)
[    0.252589] ACPI: Added _OSI(Processor Aggregator Device)
[    0.281860] ACPI: 1 ACPI AML tables successfully acquired and loaded
[    0.284821] ACPI: _OSC evaluation for CPUs failed, trying _PDC
[    0.289633] ACPI: Interpreter enabled
[    0.290339] ACPI: PM: (supports S0 S3 S4 S5)
[    0.290591] ACPI: Using IOAPIC for interrupt routing
[    0.291311] PCI: Using host bridge windows from ACPI; if necessary, use "pci=nocrs" and report a bug
[    0.292589] PCI: Using E820 reservations for host bridge windows
[    0.294502] ACPI: Enabled 2 GPEs in block 00 to 0F
[    0.344716] ACPI: PCI Root Bridge [PCI0] (domain 0000 [bus 00-ff])
[    0.345573] acpi PNP0A03:00: _OSC: OS supports [ExtendedConfig ASPM ClockPM Segments MSI HPX-Type3]
[    0.347139] PCI host bridge to bus 0000:00
[    0.347592] pci_bus 0000:00: root bus resource [io  0x0000-0x0cf7 window]
[    0.348464] pci_bus 0000:00: root bus resource [io  0x0d00-0xffff window]
[    0.349591] pci_bus 0000:00: root bus resource [mem 0x000a0000-0x000bffff window]
[    0.350555] pci_bus 0000:00: root bus resource [mem 0x40000000-0xfebfffff window]
[    0.351592] pci_bus 0000:00: root bus resource [mem 0x100000000-0x17fffffff window]
[    0.352578] pci_bus 0000:00: root bus resource [bus 00-ff]
[    0.352739] pci 0000:00:00.0: [8086:1237] type 00 class 0x060000 conventional PCI endpoint
[    0.354488] pci 0000:00:01.0: [8086:7000] type 00 class 0x060100 conventional PCI endpoint
[    0.356495] pci 0000:00:01.1: [8086:7010] type 00 class 0x010180 conventional PCI endpoint
[    0.360090] pci 0000:00:01.1: BAR 4 [io  0xc0c0-0xc0cf]
[    0.362602] pci 0000:00:01.1: BAR 0 [io  0x01f0-0x01f7]: legacy IDE quirk
[    0.363521] pci 0000:00:01.1: BAR 1 [io  0x03f6]: legacy IDE quirk
[    0.363589] pci 0000:00:01.1: BAR 2 [io  0x0170-0x0177]: legacy IDE quirk
[    0.364469] pci 0000:00:01.1: BAR 3 [io  0x0376]: legacy IDE quirk
[    0.366309] pci 0000:00:01.3: [8086:7113] type 00 class 0x068000 conventional PCI endpoint
[    0.367858] pci 0000:00:01.3: quirk: [io  0x0600-0x063f] claimed by PIIX4 ACPI
[    0.369596] pci 0000:00:01.3: quirk: [io  0x0700-0x070f] claimed by PIIX4 SMB
[    0.371576] pci 0000:00:02.0: [1af4:1009] type 00 class 0x000200 conventional PCI endpoint
[    0.375590] pci 0000:00:02.0: BAR 0 [io  0xc000-0xc03f]
[    0.377590] pci 0000:00:02.0: BAR 1 [mem 0xfebfc000-0xfebfcfff]
[    0.385552] pci 0000:00:02.0: BAR 4 [mem 0xfebf0000-0xfebf3fff 64bit pref]
[    0.401840] pci 0000:00:03.0: [1af4:1009] type 00 class 0x000200 conventional PCI endpoint
[    0.404590] pci 0000:00:03.0: BAR 0 [io  0xc040-0xc07f]
[    0.406332] pci 0000:00:03.0: BAR 1 [mem 0xfebfd000-0xfebfdfff]
[    0.411590] pci 0000:00:03.0: BAR 4 [mem 0xfebf4000-0xfebf7fff 64bit pref]
[    0.427105] pci 0000:00:04.0: [8086:25ab] type 00 class 0x088000 conventional PCI endpoint
[    0.428988] pci 0000:00:04.0: BAR 0 [mem 0xfebfe000-0xfebfe00f]
[    0.445255] pci 0000:00:05.0: [1af4:1003] type 00 class 0x078000 conventional PCI endpoint
[    0.447590] pci 0000:00:05.0: BAR 0 [io  0xc080-0xc0bf]
[    0.450321] pci 0000:00:05.0: BAR 1 [mem 0xfebff000-0xfebfffff]
[    0.454590] pci 0000:00:05.0: BAR 4 [mem 0xfebf8000-0xfebfbfff 64bit pref]
[    0.474312] ACPI: PCI: Interrupt link LNKA configured for IRQ 10
[    0.475863] ACPI: PCI: Interrupt link LNKB configured for IRQ 10
[    0.478846] ACPI: PCI: Interrupt link LNKC configured for IRQ 11
[    0.480845] ACPI: PCI: Interrupt link LNKD configured for IRQ 11
[    0.482109] ACPI: PCI: Interrupt link LNKS configured for IRQ 9
[    0.506550] iommu: Default domain type: Translated
[    0.506589] iommu: DMA domain TLB invalidation policy: lazy mode
[    0.507864] SCSI subsystem initialized
[    0.508770] pps_core: LinuxPPS API ver. 1 registered
[    0.509560] pps_core: Software ver. 5.3.6 - Copyright 2005-2007 Rodolfo Giometti <giometti@linux.it>
[    0.510605] PTP clock support registered
[    0.511718] Advanced Linux Sound Architecture Driver Initialized.
[    0.513741] NET: Registered PF_ATMPVC protocol family
[    0.514412] NET: Registered PF_ATMSVC protocol family
[    0.515614] PCI: Using ACPI for IRQ routing
[    0.516601] vgaarb: loaded
[    0.516718] hpet0: at MMIO 0xfed00000, IRQs 2, 8, 0
[    0.517355] hpet0: 3 comparators, 64-bit 100.000000 MHz counter
[    0.525327] clocksource: Switched to clocksource kvm-clock
[    0.526280] VFS: Disk quotas dquot_6.6.0
[    0.526836] VFS: Dquot-cache hash table entries: 512 (order 0, 4096 bytes)
[    0.527935] pnp: PnP ACPI init
[    0.530801] pnp: PnP ACPI: found 5 devices
[    0.543846] clocksource: acpi_pm: mask: 0xffffff max_cycles: 0xffffff, max_idle_ns: 2085701024 ns
[    0.545096] NET: Registered PF_INET protocol family
[    0.545799] IP idents hash table entries: 16384 (order: 5, 131072 bytes, linear)
[    0.547180] tcp_listen_portaddr_hash hash table entries: 512 (order: 1, 8192 bytes, linear)
[    0.548283] Table-perturb hash table entries: 65536 (order: 6, 262144 bytes, linear)
[    0.549328] TCP established hash table entries: 8192 (order: 4, 65536 bytes, linear)
[    0.550377] TCP bind hash table entries: 8192 (order: 6, 262144 bytes, linear)
[    0.551460] TCP: Hash tables configured (established 8192 bind 8192)
[    0.552470] UDP hash table entries: 512 (order: 2, 16384 bytes, linear)
[    0.553398] UDP-Lite hash table entries: 512 (order: 2, 16384 bytes, linear)
[    0.554581] NET: Registered PF_UNIX/PF_LOCAL protocol family
[    0.555479] pci_bus 0000:00: resource 4 [io  0x0000-0x0cf7 window]
[    0.556277] pci_bus 0000:00: resource 5 [io  0x0d00-0xffff window]
[    0.557088] pci_bus 0000:00: resource 6 [mem 0x000a0000-0x000bffff window]
[    0.557988] pci_bus 0000:00: resource 7 [mem 0x40000000-0xfebfffff window]
[    0.558894] pci_bus 0000:00: resource 8 [mem 0x100000000-0x17fffffff window]
[    0.560025] pci 0000:00:01.0: PIIX3: Enabling Passive Release
[    0.560796] pci 0000:00:00.0: Limiting direct PCI/PCI transfers
[    0.561614] PCI: CLS 0 bytes, default 64
[    0.562320] kvm_intel: VMX not supported by CPU 19
[    0.563014] kvm_amd: TSC scaling supported
[    0.563566] kvm_amd: Nested Virtualization enabled
[    0.564193] kvm_amd: Nested Paging enabled
[    0.564769] kvm_amd: Virtual VMLOAD VMSAVE supported
[    0.565427] kvm_amd: Virtual GIF supported
[    0.565955] kvm_amd: Virtual NMI enabled
[    0.566494] kvm_amd: LBR virtualization supported
[    0.683576] Initialise system trusted keyrings
[    0.684327] workingset: timestamp_bits=56 max_order=18 bucket_order=0
[    0.685308] squashfs: version 4.0 (2009/01/31) Phillip Lougher
[    0.686089] fuse: init (API version 7.40)
[    0.686750] 9p: Installing v9fs 9p2000 file system support
[    0.696613] Key type asymmetric registered
[    0.697146] Asymmetric key parser 'x509' registered
[    0.697835] Block layer SCSI generic (bsg) driver version 0.4 loaded (major 249)
[    0.698821] io scheduler mq-deadline registered
[    0.699403] io scheduler kyber registered
[    0.701410] input: Power Button as /devices/LNXSYSTM:00/LNXPWRBN:00/input/input0
[    0.702591] ACPI: button: Power Button [PWRF]
[    0.703269] Warning: Processor Platform Limit event detected, but not handled.
[    0.704201] Consider compiling CPUfreq support into your kernel.
[    1.656401] ACPI: \_SB_.LNKB: Enabled at IRQ 10
[    2.653305] ACPI: \_SB_.LNKC: Enabled at IRQ 11
[    3.492676] ACPI: \_SB_.LNKA: Enabled at IRQ 10
[    3.494172] Serial: 8250/16550 driver, 4 ports, IRQ sharing enabled
[    3.495292] 00:03: ttyS0 at I/O 0x3f8 (irq = 4, base_baud = 115200) is a 16550A
[    3.546784] Non-volatile memory driver v1.3
[    3.547326] Linux agpgart interface v0.103
[    3.548035] ACPI: bus type drm_connector registered
[    3.548685] printk: legacy console [hvc0] enabled
[    3.549547] printk: legacy bootconsole [earlyser0] disabled
          _      _                                    
   __   _(_)_ __| |_ _ __ ___   ___       _ __   __ _ 
   \ \ / / |  __| __|  _   _ \ / _ \_____|  _ \ / _  |
    \ V /| | |  | |_| | | | | |  __/_____| | | | (_| |
     \_/ |_|_|   \__|_| |_| |_|\___|     |_| |_|\__  |
                                                |___/ 
   kernel version: 6.9.0-rc5-virtme x86_64
   (CTRL+d to exit)

virtme-ng:/nipa-data/kernel# PS1='xx__-> '
xx__-> env
PWD=/nipa-data/kernel
nr_open=1048576
HOME=/root
TERM=xterm
SHLVL=2
XDG_RUNTIME_DIR=/run/user/0
PATH=/bin:/sbin:/usr/bin:/usr/sbin:/usr/local/bin
OLDPWD=/
_=/usr/bin/env
xx__-> 