No EFI environment detected.
early console in extract_kernel
input_data: 0x0000000004c8b2c4
input_len: 0x0000000001995ea7
output: 0x0000000001000000
output_len: 0x00000000055aac88
kernel_total_size: 0x0000000005230000
needed_size: 0x0000000005600000
trampoline_32bit: 0x0000000000000000
Physical KASLR using RDRAND RDTSC...
Virtual KASLR using RDRAND RDTSC...

Decompressing Linux... Parsing ELF... Performing relocations... done.
Booting the kernel (entry_offset: 0x0000000002bfacf0).
[    0.000000] Linux version 6.15.0-virtme (root@0fa56fb2aff5) (gcc (Ubuntu 13.3.0-6ubuntu2~24.04) 13.3.0, GNU ld (GNU Binutils for Ubuntu) 2.42) #1 SMP PREEMPT_DYNAMIC Tue Jun  3 18:26:03 UTC 2025
[    0.000000] Command line: virtme_hostname=virtme-ng nr_open=1048576 virtme_link_mods=/nipa-data/kernel/.virtme_mods/lib/modules/0.0.0 virtme_initmount0=nipa-data/kernel virtme_rw_overlay0=/etc virtme_rw_overlay1=/lib virtme_rw_overlay2=/home virtme_rw_overlay3=/opt virtme_rw_overlay4=/srv virtme_rw_overlay5=/usr virtme_rw_overlay6=/var console=hvc0 earlyprintk=serial,ttyS0,115200 virtme_console=ttyS0 psmouse.proto=exps TERM=xterm virtme_chdir=nipa-data/kernel virtme_root_user=1 rootfstype=9p rootflags=version=9p2000.L,trans=virtio,access=any raid=noautodetect ro init=/usr/lib/python3/dist-packages/virtme/guest/virtme-init
[    0.000000] BIOS-provided physical RAM map:
[    0.000000] BIOS-e820: [mem 0x0000000000000000-0x000000000009fbff] usable
[    0.000000] BIOS-e820: [mem 0x000000000009fc00-0x000000000009ffff] reserved
[    0.000000] BIOS-e820: [mem 0x00000000000f0000-0x00000000000fffff] reserved
[    0.000000] BIOS-e820: [mem 0x0000000000100000-0x000000003ffdffff] usable
[    0.000000] BIOS-e820: [mem 0x000000003ffe0000-0x000000003fffffff] reserved
[    0.000000] BIOS-e820: [mem 0x00000000feffc000-0x00000000feffffff] reserved
[    0.000000] BIOS-e820: [mem 0x00000000fffc0000-0x00000000ffffffff] reserved
[    0.000000] BIOS-e820: [mem 0x000000fd00000000-0x000000ffffffffff] reserved
[    0.000000] printk: legacy bootconsole [earlyser0] enabled
[    0.000000] NX (Execute Disable) protection: active
[    0.000000] APIC: Static calls initialized
[    0.000000] SMBIOS 3.0.0 present.
[    0.000000] DMI: QEMU Ubuntu 24.04 PC (i440FX + PIIX, 1996), BIOS 1.16.3-debian-1.16.3-2 04/01/2014
[    0.000000] DMI: Memory slots populated: 1/1
[    0.000000] Hypervisor detected: KVM
[    0.000000] kvm-clock: Using msrs 4b564d01 and 4b564d00
[    0.000000] kvm-clock: using sched offset of 295629494 cycles
[    0.000370] clocksource: kvm-clock: mask: 0xffffffffffffffff max_cycles: 0x1cd42e4dffb, max_idle_ns: 881590591483 ns
[    0.001523] tsc: Detected 4491.564 MHz processor
[    0.002190] last_pfn = 0x3ffe0 max_arch_pfn = 0x400000000
[    0.002593] MTRR map: 4 entries (3 fixed + 1 variable; max 19), built from 8 variable MTRRs
[    0.003181] x86/PAT: Configuration [0-7]: WB  WC  UC- UC  WB  WP  UC- WT  
[    0.005104] found SMP MP-table at [mem 0x000f5470-0x000f547f]
[    0.005518] Using GB pages for direct mapping
[    0.005978] ACPI: Early table checksum verification disabled
[    0.006379] ACPI: RSDP 0x00000000000F5290 000014 (v00 BOCHS )
[    0.006786] ACPI: RSDT 0x000000003FFE27BC 000034 (v01 BOCHS  BXPC     00000001 BXPC 00000001)
[    0.007390] ACPI: FACP 0x000000003FFE2578 000074 (v01 BOCHS  BXPC     00000001 BXPC 00000001)
[    0.007993] ACPI: DSDT 0x000000003FFE0040 002538 (v01 BOCHS  BXPC     00000001 BXPC 00000001)
[    0.008596] ACPI: FACS 0x000000003FFE0000 000040
[    0.008924] ACPI: APIC 0x000000003FFE25EC 000170 (v03 BOCHS  BXPC     00000001 BXPC 00000001)
[    0.009526] ACPI: HPET 0x000000003FFE275C 000038 (v01 BOCHS  BXPC     00000001 BXPC 00000001)
[    0.010145] ACPI: WAET 0x000000003FFE2794 000028 (v01 BOCHS  BXPC     00000001 BXPC 00000001)
[    0.010746] ACPI: Reserving FACP table memory at [mem 0x3ffe2578-0x3ffe25eb]
[    0.011243] ACPI: Reserving DSDT table memory at [mem 0x3ffe0040-0x3ffe2577]
[    0.011739] ACPI: Reserving FACS table memory at [mem 0x3ffe0000-0x3ffe003f]
[    0.012234] ACPI: Reserving APIC table memory at [mem 0x3ffe25ec-0x3ffe275b]
[    0.012729] ACPI: Reserving HPET table memory at [mem 0x3ffe275c-0x3ffe2793]
[    0.013225] ACPI: Reserving WAET table memory at [mem 0x3ffe2794-0x3ffe27bb]
[    0.013918] No NUMA configuration found
[    0.014188] Faking a node at [mem 0x0000000000000000-0x000000003ffdffff]
[    0.014661] NODE_DATA(0) allocated [mem 0x3ffdb740-0x3ffdffff]
[    0.015087] Zone ranges:
[    0.015266]   DMA      [mem 0x0000000000001000-0x0000000000ffffff]
[    0.015701]   DMA32    [mem 0x0000000001000000-0x000000003ffdffff]
[    0.016136]   Normal   empty
[    0.016339]   Device   empty
[    0.016542] Movable zone start for each node
[    0.016842] Early memory node ranges
[    0.017094]   node   0: [mem 0x0000000000001000-0x000000000009efff]
[    0.017534]   node   0: [mem 0x0000000000100000-0x000000003ffdffff]
[    0.017977] Initmem setup node 0 [mem 0x0000000000001000-0x000000003ffdffff]
[    0.018570] On node 0, zone DMA: 1 pages in unavailable ranges
[    0.019037] On node 0, zone DMA: 97 pages in unavailable ranges
[    0.023659] On node 0, zone DMA32: 32 pages in unavailable ranges
[    0.032745] kasan: KernelAddressSanitizer initialized
[    0.033328] ACPI: PM-Timer IO Port: 0x608
[    0.033624] ACPI: LAPIC_NMI (acpi_id[0xff] dfl dfl lint[0x1])
[    0.034061] IOAPIC[0]: apic_id 0, version 17, address 0xfec00000, GSI 0-23
[    0.034547] ACPI: INT_SRC_OVR (bus 0 bus_irq 0 global_irq 2 dfl dfl)
[    0.034995] ACPI: INT_SRC_OVR (bus 0 bus_irq 5 global_irq 5 high level)
[    0.035461] ACPI: INT_SRC_OVR (bus 0 bus_irq 9 global_irq 9 high level)
[    0.035927] ACPI: INT_SRC_OVR (bus 0 bus_irq 10 global_irq 10 high level)
[    0.036404] ACPI: INT_SRC_OVR (bus 0 bus_irq 11 global_irq 11 high level)
[    0.036885] ACPI: Using ACPI (MADT) for SMP configuration information
[    0.037339] ACPI: HPET id: 0x8086a201 base: 0xfed00000
[    0.037705] TSC deadline timer available
[    0.037991] CPU topo: Max. logical packages:   1
[    0.038316] CPU topo: Max. logical dies:       1
[    0.038641] CPU topo: Max. dies per package:   1
[    0.038974] CPU topo: Max. threads per core:   1
[    0.039299] CPU topo: Num. cores per package:    32
[    0.039642] CPU topo: Num. threads per package:  32
[    0.039985] CPU topo: Allowing 32 present CPUs plus 0 hotplug CPUs
[    0.040435] kvm-guest: APIC: eoi() replaced with kvm_guest_apic_eoi_write()
[    0.040937] kvm-guest: KVM setup pv remote TLB flush
[    0.041287] kvm-guest: setup PV sched yield
[    0.041588] PM: hibernation: Registered nosave memory: [mem 0x00000000-0x00000fff]
[    0.042123] PM: hibernation: Registered nosave memory: [mem 0x0009f000-0x000fffff]
[    0.042656] [mem 0x40000000-0xfeffbfff] available for PCI devices
[    0.043085] Booting paravirtualized kernel on KVM
[    0.043417] clocksource: refined-jiffies: mask: 0xffffffff max_cycles: 0xffffffff, max_idle_ns: 1910969940391419 ns
[    0.052188] setup_percpu: NR_CPUS:64 nr_cpumask_bits:32 nr_cpu_ids:32 nr_node_ids:1
[    0.053979] percpu: Embedded 65 pages/cpu s229208 r8192 d28840 u524288
[    0.054506] Kernel command line: virtme_hostname=virtme-ng nr_open=1048576 virtme_link_mods=/nipa-data/kernel/.virtme_mods/lib/modules/0.0.0 virtme_initmount0=nipa-data/kernel virtme_rw_overlay0=/etc virtme_rw_overlay1=/lib virtme_rw_overlay2=/home virtme_rw_overlay3=/opt virtme_rw_overlay4=/srv virtme_rw_overlay5=/usr virtme_rw_overlay6=/var console=hvc0 earlyprintk=serial,ttyS0,115200 virtme_console=ttyS0 psmouse.proto=exps TERM=xterm virtme_chdir=nipa-data/kernel virtme_root_user=1 rootfstype=9p rootflags=version=9p2000.L,trans=virtio,access=any raid=noautodetect ro init=/usr/lib/python3/dist-packages/virtme/guest/virtme-init
[    0.058671] Unknown kernel command line parameters "virtme_hostname=virtme-ng nr_open=1048576 virtme_link_mods=/nipa-data/kernel/.virtme_mods/lib/modules/0.0.0 virtme_initmount0=nipa-data/kernel virtme_rw_overlay0=/etc virtme_rw_overlay1=/lib virtme_rw_overlay2=/home virtme_rw_overlay3=/opt virtme_rw_overlay4=/srv virtme_rw_overlay5=/usr virtme_rw_overlay6=/var virtme_console=ttyS0 virtme_chdir=nipa-data/kernel virtme_root_user=1", will be passed to user space.
[    0.061827] random: crng init done
[    0.062074] printk: log buffer data + meta data: 262144 + 917504 = 1179648 bytes
[    0.062629] Dentry cache hash table entries: 131072 (order: 8, 1048576 bytes, linear)
[    0.063206] Inode-cache hash table entries: 65536 (order: 7, 524288 bytes, linear)
[    0.064156] Fallback order for Node 0: 0 
[    0.064160] Built 1 zonelists, mobility grouping on.  Total pages: 262014
[    0.064942] Policy zone: DMA32
[    0.065163] mem auto-init: stack:all(zero), heap alloc:off, heap free:off
[    0.065653] stackdepot: allocating hash table via alloc_large_system_hash
[    0.066148] stackdepot hash table entries: 1048576 (order: 12, 16777216 bytes, linear)
[    0.074290] SLUB: HWalign=64, Order=0-3, MinObjects=0, CPUs=32, Nodes=1
Poking KASLR using RDRAND RDTSC...
[    0.083721] ftrace: allocating 49186 entries in 194 pages
[    0.084112] ftrace: allocated 194 pages with 3 groups
[    0.085364] Dynamic Preempt: voluntary
[    0.086107] rcu: Preemptible hierarchical RCU implementation.
[    0.086522] rcu: RCU event tracing is enabled.
[    0.086848] rcu: RCU restricting CPUs from NR_CPUS=64 to nr_cpu_ids=32.
[    0.087334] Trampoline variant of Tasks RCU enabled.
[    0.087699] Rude variant of Tasks RCU enabled.
[    0.088026] Tracing variant of Tasks RCU enabled.
[    0.088375] rcu: RCU calculated value of scheduler-enlistment delay is 100 jiffies.
[    0.088926] rcu: Adjusting geometry for rcu_fanout_leaf=16, nr_cpu_ids=32
[    0.089485] RCU Tasks: Setting shift to 5 and lim to 1 rcu_task_cb_adjust=1 rcu_task_cpu_ids=32.
[    0.090122] RCU Tasks Rude: Setting shift to 5 and lim to 1 rcu_task_cb_adjust=1 rcu_task_cpu_ids=32.
[    0.090787] RCU Tasks Trace: Setting shift to 5 and lim to 1 rcu_task_cb_adjust=1 rcu_task_cpu_ids=32.
[    0.100880] NR_IRQS: 4352, nr_irqs: 680, preallocated irqs: 16
[    0.101552] rcu: srcu_init: Setting srcu_struct sizes based on contention.
[    0.102504] Console: colour *CGA 80x25
[    0.102804] ACPI: Core revision 20250404
[    0.103241] clocksource: hpet: mask: 0xffffffff max_cycles: 0xffffffff, max_idle_ns: 19112604467 ns
[    0.103960] APIC: Switch to symmetric I/O mode setup
[    0.104452] x2apic enabled
[    0.104831] APIC: Switched APIC routing to: physical x2apic
[    0.105233] kvm-guest: APIC: send_IPI_mask() replaced with kvm_send_ipi_mask()
[    0.105761] kvm-guest: APIC: send_IPI_mask_allbutself() replaced with kvm_send_ipi_mask_allbutself()
[    0.106401] kvm-guest: setup PV IPIs
[    0.107479] ..TIMER: vector=0x30 apic1=0 pin1=2 apic2=-1 pin2=-1
[    0.108266] clocksource: tsc-early: mask: 0xffffffffffffffff max_cycles: 0x40be463295d, max_idle_ns: 440795209293 ns
[    0.109611] Calibrating delay loop (skipped) preset value.. 8983.12 BogoMIPS (lpj=4491564)
[    0.110675] x86/cpu: User Mode Instruction Prevention (UMIP) activated
[    0.111667] Last level iTLB entries: 4KB 512, 2MB 255, 4MB 127
[    0.112609] Last level dTLB entries: 4KB 512, 2MB 255, 4MB 127, 1GB 0
[    0.113619] Speculative Store Bypass: Mitigation: Speculative Store Bypass disabled via prctl
[    0.114609] Speculative Return Stack Overflow: IBPB-extending microcode not applied!
[    0.115609] Speculative Return Stack Overflow: WARNING: See https://kernel.org/doc/html/latest/admin-guide/hw-vuln/srso.html for mitigation options.
[    0.115610] Spectre V2 : Mitigation: Enhanced / Automatic IBRS
[    0.117341] Speculative Return Stack Overflow: Vulnerable: Safe RET, no microcode
[    0.117609] Spectre V1 : Mitigation: usercopy/swapgs barriers and __user pointer sanitization
[    0.118612] Spectre V2 : mitigation: Enabling conditional Indirect Branch Prediction Barrier
[    0.119625] x86/fpu: Supporting XSAVE feature 0x001: 'x87 floating point registers'
[    0.120609] x86/fpu: Supporting XSAVE feature 0x002: 'SSE registers'
[    0.121609] x86/fpu: Supporting XSAVE feature 0x004: 'AVX registers'
[    0.122609] x86/fpu: Supporting XSAVE feature 0x020: 'AVX-512 opmask'
[    0.123609] x86/fpu: Supporting XSAVE feature 0x040: 'AVX-512 Hi256'
[    0.124609] x86/fpu: Supporting XSAVE feature 0x080: 'AVX-512 ZMM_Hi256'
[    0.125434] x86/fpu: Supporting XSAVE feature 0x200: 'Protection Keys User registers'
[    0.125609] x86/fpu: xstate_offset[2]:  576, xstate_sizes[2]:  256
[    0.126609] x86/fpu: xstate_offset[5]:  832, xstate_sizes[5]:   64
[    0.127609] x86/fpu: xstate_offset[6]:  896, xstate_sizes[6]:  512
[    0.128609] x86/fpu: xstate_offset[7]: 1408, xstate_sizes[7]: 1024
[    0.129376] x86/fpu: xstate_offset[9]: 2432, xstate_sizes[9]:    8
[    0.129609] x86/fpu: Enabled xstate features 0x2e7, context size is 2440 bytes, using 'compacted' format.
[    0.152906] Freeing SMP alternatives memory: 40K
[    0.153486] pid_max: default: 32768 minimum: 301
[    0.153736] Mount-cache hash table entries: 2048 (order: 2, 16384 bytes, linear)
[    0.154610] Mountpoint-cache hash table entries: 2048 (order: 2, 16384 bytes, linear)
[    0.156773] smpboot: CPU0: AMD Ryzen 9 7950X 16-Core Processor (family: 0x19, model: 0x61, stepping: 0x2)
[    0.158059] Performance Events: Fam17h+ core perfctr, AMD PMU driver.
[    0.158612] ... version:                0
[    0.159104] ... bit width:              48
[    0.159605] ... generic registers:      6
[    0.159611] ... value mask:             0000ffffffffffff
[    0.160263] ... max period:             00007fffffffffff
[    0.160611] ... fixed-purpose events:   0
[    0.161102] ... event mask:             000000000000003f
[    0.161790] signal: max sigframe size: 3376
[    0.162349] rcu: Hierarchical SRCU implementation.
[    0.162611] rcu: Max phase no-delay instances is 400.
[    0.163331] Timer migration: 2 hierarchy levels; 8 children per group; 2 crossnode level
[    0.167616] smp: Bringing up secondary CPUs ...
[    0.168363] smpboot: x86: Booting SMP configuration:
[    0.168612] .... node  #0, CPUs:        #1  #2  #3  #4  #5  #6  #7  #8  #9 #10 #11 #12 #13 #14 #15 #16 #17 #18 #19 #20 #21 #22 #23 #24 #25 #26 #27 #28 #29 #30 #31
[    0.186724] smp: Brought up 1 node, 32 CPUs
[    0.188129] smpboot: Total of 32 processors activated (287460.09 BogoMIPS)
[    0.191822] Memory: 761592K/1048056K available (45036K kernel code, 11643K rwdata, 10312K rodata, 6184K init, 1196K bss, 270676K reserved, 0K cma-reserved)
[    0.192737] devtmpfs: initialized
[    0.193365] x86/mm: Memory block size: 128MB
[    0.199904] clocksource: jiffies: mask: 0xffffffff max_cycles: 0xffffffff, max_idle_ns: 1911260446275000 ns
[    0.200620] posixtimers hash table entries: 16384 (order: 6, 262144 bytes, linear)
[    0.201639] futex hash table entries: 8192 (524288 bytes on 1 NUMA nodes, total 512 KiB, linear).
[    0.202934] PM: RTC time: 18:26:25, date: 2025-06-03
[    0.204378] NET: Registered PF_NETLINK/PF_ROUTE protocol family
[    0.205512] thermal_sys: Registered thermal governor 'step_wise'
[    0.205542] cpuidle: using governor menu
[    0.207139] PCI: Using configuration type 1 for base access
[    0.207611] PCI: Using configuration type 1 for extended access
[    0.208499] kprobes: kprobe jump-optimization is enabled. All kprobes are optimized if possible.
[    0.221721] HugeTLB: allocation took 0ms with hugepage_allocation_threads=8
[    0.222641] HugeTLB: registered 1.00 GiB page size, pre-allocated 0 pages
[    0.223497] HugeTLB: 16380 KiB vmemmap can be freed for a 1.00 GiB page
[    0.224611] HugeTLB: registered 2.00 MiB page size, pre-allocated 0 pages
[    0.225474] HugeTLB: 28 KiB vmemmap can be freed for a 2.00 MiB page
[    0.226997] ACPI: Added _OSI(Module Device)
[    0.227535] ACPI: Added _OSI(Processor Device)
[    0.228611] ACPI: Added _OSI(Processor Aggregator Device)
[    0.254294] ACPI: 1 ACPI AML tables successfully acquired and loaded
[    0.259604] ACPI: Interpreter enabled
[    0.260133] ACPI: PM: (supports S0 S3 S4 S5)
[    0.260611] ACPI: Using IOAPIC for interrupt routing
[    0.261282] PCI: Using host bridge windows from ACPI; if necessary, use "pci=nocrs" and report a bug
[    0.261611] PCI: Using E820 reservations for host bridge windows
[    0.263502] ACPI: Enabled 2 GPEs in block 00 to 0F
[    0.314663] ACPI: PCI Root Bridge [PCI0] (domain 0000 [bus 00-ff])
[    0.315460] acpi PNP0A03:00: _OSC: OS supports [ExtendedConfig ASPM ClockPM Segments MSI HPX-Type3]
[    0.317133] PCI host bridge to bus 0000:00
[    0.317669] pci_bus 0000:00: root bus resource [io  0x0000-0x0cf7 window]
[    0.318522] pci_bus 0000:00: root bus resource [io  0x0d00-0xffff window]
[    0.319614] pci_bus 0000:00: root bus resource [mem 0x000a0000-0x000bffff window]
[    0.320545] pci_bus 0000:00: root bus resource [mem 0x40000000-0xfebfffff window]
[    0.321613] pci_bus 0000:00: root bus resource [mem 0x100000000-0x17fffffff window]
[    0.322573] pci_bus 0000:00: root bus resource [bus 00-ff]
[    0.322707] pci 0000:00:00.0: [8086:1237] type 00 class 0x060000 conventional PCI endpoint
[    0.324544] pci 0000:00:01.0: [8086:7000] type 00 class 0x060100 conventional PCI endpoint
[    0.326528] pci 0000:00:01.1: [8086:7010] type 00 class 0x010180 conventional PCI endpoint
[    0.328060] pci 0000:00:01.1: BAR 4 [io  0xc0c0-0xc0cf]
[    0.328630] pci 0000:00:01.1: BAR 0 [io  0x01f0-0x01f7]: legacy IDE quirk
[    0.329475] pci 0000:00:01.1: BAR 1 [io  0x03f6]: legacy IDE quirk
[    0.330611] pci 0000:00:01.1: BAR 2 [io  0x0170-0x0177]: legacy IDE quirk
[    0.331455] pci 0000:00:01.1: BAR 3 [io  0x0376]: legacy IDE quirk
[    0.333339] pci 0000:00:01.3: [8086:7113] type 00 class 0x068000 conventional PCI endpoint
[    0.333838] pci 0000:00:01.3: quirk: [io  0x0600-0x063f] claimed by PIIX4 ACPI
[    0.334616] pci 0000:00:01.3: quirk: [io  0x0700-0x070f] claimed by PIIX4 SMB
[    0.336283] pci 0000:00:02.0: [1af4:1009] type 00 class 0x000200 conventional PCI endpoint
[    0.338616] pci 0000:00:02.0: BAR 0 [io  0xc000-0xc03f]
[    0.339274] pci 0000:00:02.0: BAR 1 [mem 0xfebfc000-0xfebfcfff]
[    0.340625] pci 0000:00:02.0: BAR 4 [mem 0xfebf0000-0xfebf3fff 64bit pref]
[    0.353681] pci 0000:00:03.0: [1af4:1009] type 00 class 0x000200 conventional PCI endpoint
[    0.355615] pci 0000:00:03.0: BAR 0 [io  0xc040-0xc07f]
[    0.356273] pci 0000:00:03.0: BAR 1 [mem 0xfebfd000-0xfebfdfff]
[    0.356626] pci 0000:00:03.0: BAR 4 [mem 0xfebf4000-0xfebf7fff 64bit pref]
[    0.369702] pci 0000:00:04.0: [8086:25ab] type 00 class 0x088000 conventional PCI endpoint
[    0.370958] pci 0000:00:04.0: BAR 0 [mem 0xfebfe000-0xfebfe00f]
[    0.384647] pci 0000:00:05.0: [1af4:1003] type 00 class 0x078000 conventional PCI endpoint
[    0.386392] pci 0000:00:05.0: BAR 0 [io  0xc080-0xc0bf]
[    0.386615] pci 0000:00:05.0: BAR 1 [mem 0xfebff000-0xfebfffff]
[    0.387368] pci 0000:00:05.0: BAR 4 [mem 0xfebf8000-0xfebfbfff 64bit pref]
[    0.403205] ACPI: PCI: Interrupt link LNKA configured for IRQ 10
[    0.404606] ACPI: PCI: Interrupt link LNKB configured for IRQ 10
[    0.406350] ACPI: PCI: Interrupt link LNKC configured for IRQ 11
[    0.408583] ACPI: PCI: Interrupt link LNKD configured for IRQ 11
[    0.409015] ACPI: PCI: Interrupt link LNKS configured for IRQ 9
[    0.429213] iommu: Default domain type: Translated
[    0.430611] iommu: DMA domain TLB invalidation policy: lazy mode
[    0.433656] SCSI subsystem initialized
[    0.434195] pps_core: LinuxPPS API ver. 1 registered
[    0.434611] pps_core: Software ver. 5.3.6 - Copyright 2005-2007 Rodolfo Giometti <giometti@linux.it>
[    0.435627] PTP clock support registered
[    0.436744] Advanced Linux Sound Architecture Driver Initialized.
[    0.438779] NET: Registered PF_ATMPVC protocol family
[    0.439414] NET: Registered PF_ATMSVC protocol family
[    0.439652] PCI: Using ACPI for IRQ routing
[    0.440647] vgaarb: loaded
[    0.440729] hpet0: at MMIO 0xfed00000, IRQs 2, 8, 0
[    0.441346] hpet0: 3 comparators, 64-bit 100.000000 MHz counter
[    0.447947] clocksource: Switched to clocksource kvm-clock
[    0.449032] VFS: Disk quotas dquot_6.6.0
[    0.449554] VFS: Dquot-cache hash table entries: 512 (order 0, 4096 bytes)
[    0.451174] pnp: PnP ACPI init
[    0.454076] pnp: PnP ACPI: found 5 devices
[    0.465833] clocksource: acpi_pm: mask: 0xffffff max_cycles: 0xffffff, max_idle_ns: 2085701024 ns
[    0.466998] NET: Registered PF_INET protocol family
[    0.467737] IP idents hash table entries: 16384 (order: 5, 131072 bytes, linear)
[    0.469028] tcp_listen_portaddr_hash hash table entries: 512 (order: 1, 8192 bytes, linear)
[    0.470073] Table-perturb hash table entries: 65536 (order: 6, 262144 bytes, linear)
[    0.471054] TCP established hash table entries: 8192 (order: 4, 65536 bytes, linear)
[    0.472022] TCP bind hash table entries: 8192 (order: 6, 262144 bytes, linear)
[    0.472929] TCP: Hash tables configured (established 8192 bind 8192)
[    0.473885] UDP hash table entries: 512 (order: 3, 32768 bytes, linear)
[    0.474740] UDP-Lite hash table entries: 512 (order: 3, 32768 bytes, linear)
[    0.475840] NET: Registered PF_UNIX/PF_LOCAL protocol family
[    0.476564] pci_bus 0000:00: resource 4 [io  0x0000-0x0cf7 window]
[    0.477329] pci_bus 0000:00: resource 5 [io  0x0d00-0xffff window]
[    0.478100] pci_bus 0000:00: resource 6 [mem 0x000a0000-0x000bffff window]
[    0.478955] pci_bus 0000:00: resource 7 [mem 0x40000000-0xfebfffff window]
[    0.479807] pci_bus 0000:00: resource 8 [mem 0x100000000-0x17fffffff window]
[    0.480892] pci 0000:00:01.0: PIIX3: Enabling Passive Release
[    0.481614] pci 0000:00:00.0: Limiting direct PCI/PCI transfers
[    0.482382] PCI: CLS 0 bytes, default 64
[    0.482992] kvm_intel: VMX not supported by CPU 16
[    0.483743] kvm_amd: TSC scaling supported
[    0.484251] kvm_amd: Nested Virtualization enabled
[    0.484850] kvm_amd: Nested Paging enabled
[    0.485357] kvm_amd: LBR virtualization supported
[    0.485958] kvm_amd: Virtual GIF supported
[    0.486464] kvm_amd: Virtual NMI enabled
[    0.519864] clocksource: tsc: mask: 0xffffffffffffffff max_cycles: 0x40be463295d, max_idle_ns: 440795209293 ns
[    0.537679] Initialise system trusted keyrings
[    0.538359] workingset: timestamp_bits=56 max_order=18 bucket_order=0
[    0.539293] squashfs: version 4.0 (2009/01/31) Phillip Lougher
[    0.540054] fuse: init (API version 7.43)
[    0.540717] 9p: Installing v9fs 9p2000 file system support
[    0.550860] Key type asymmetric registered
[    0.551379] Asymmetric key parser 'x509' registered
[    0.552063] Block layer SCSI generic (bsg) driver version 0.4 loaded (major 249)
[    0.553022] io scheduler mq-deadline registered
[    0.553597] io scheduler kyber registered
[    0.555990] input: Power Button as /devices/LNXSYSTM:00/LNXPWRBN:00/input/input0
[    0.557179] ACPI: button: Power Button [PWRF]
[    0.559182] Warning: Processor Platform Limit event detected, but not handled.
[    0.560101] Consider compiling CPUfreq support into your kernel.
[    1.459467] ACPI: \_SB_.LNKB: Enabled at IRQ 10
[    2.323927] ACPI: \_SB_.LNKC: Enabled at IRQ 11
[    3.190018] ACPI: \_SB_.LNKA: Enabled at IRQ 10
[    3.191429] Serial: 8250/16550 driver, 4 ports, IRQ sharing enabled
[    3.192535] 00:03: ttyS0 at I/O 0x3f8 (irq = 4, base_baud = 115200) is a 16550A
[    3.215016] Non-volatile memory driver v1.3
[    3.215557] Linux agpgart interface v0.103
[    3.216302] ACPI: bus type drm_connector registered
[    3.216923] printk: legacy console [hvc0] enabled
[    3.217535] printk: legacy bootconsole [earlyser0] disabled
          _      _                                    
   __   _(_)_ __| |_ _ __ ___   ___       _ __   __ _ 
   \ \ / / |  __| __|  _   _ \ / _ \_____|  _ \ / _  |
    \ V /| | |  | |_| | | | | |  __/_____| | | | (_| |
     \_/ |_|_|   \__|_| |_| |_|\___|     |_| |_|\__  |
                                                |___/ 
   kernel version: 6.15.0-virtme x86_64
   (CTRL+d to exit)

root@virtme-ng:/nipa-data/kernel# PS1='xx__-> '
xx__-> env
PWD=/nipa-data/kernel
nr_open=1048576
HOME=/
TERM=xterm
SHLVL=2
XDG_RUNTIME_DIR=/run/user/0
PATH=/bin:/sbin:/usr/bin:/usr/sbin:/usr/local/bin
OLDPWD=/
_=/bin/env
xx__-> 