No EFI environment detected.
early console in extract_kernel
input_data: 0x0000000004cb72c4
input_len: 0x00000000018d251c
output: 0x0000000001000000
output_len: 0x00000000055136d4
kernel_total_size: 0x0000000005030000
needed_size: 0x0000000005600000
trampoline_32bit: 0x0000000000000000
Physical KASLR using RDRAND RDTSC...
Virtual KASLR using RDRAND RDTSC...

Decompressing Linux... Parsing ELF... Performing relocations... done.
Booting the kernel (entry_offset: 0x0000000000000000).
[    0.000000] Linux version 6.12.0-rc3-virtme (root@a0f83e1990fe) (gcc (Ubuntu 13.2.0-23ubuntu4) 13.2.0, GNU ld (GNU Binutils for Ubuntu) 2.42) #1 SMP PREEMPT_DYNAMIC Sat Oct 19 03:26:14 UTC 2024
[    0.000000] Command line: virtme_hostname=virtme-ng nr_open=1048576 virtme_link_mods=/nipa-data/kernel/.virtme_mods/lib/modules/0.0.0 virtme_initmount0=nipa-data/kernel virtme_rw_overlay0=/etc virtme_rw_overlay1=/lib virtme_rw_overlay2=/home virtme_rw_overlay3=/opt virtme_rw_overlay4=/srv virtme_rw_overlay5=/usr virtme_rw_overlay6=/var console=hvc0 earlyprintk=serial,ttyS0,115200 virtme_console=ttyS0 psmouse.proto=exps TERM=xterm virtme_chdir=nipa-data/kernel virtme_root_user=1 rootfstype=9p rootflags=version=9p2000.L,trans=virtio,access=any raid=noautodetect ro init=/usr/lib/python3/dist-packages/virtme/guest/virtme-init
[    0.000000] BIOS-provided physical RAM map:
[    0.000000] BIOS-e820: [mem 0x0000000000000000-0x000000000009fbff] usable
[    0.000000] BIOS-e820: [mem 0x000000000009fc00-0x000000000009ffff] reserved
[    0.000000] BIOS-e820: [mem 0x00000000000f0000-0x00000000000fffff] reserved
[    0.000000] BIOS-e820: [mem 0x0000000000100000-0x000000003ffdffff] usable
[    0.000000] BIOS-e820: [mem 0x000000003ffe0000-0x000000003fffffff] reserved
[    0.000000] BIOS-e820: [mem 0x00000000feffc000-0x00000000feffffff] reserved
[    0.000000] BIOS-e820: [mem 0x00000000fffc0000-0x00000000ffffffff] reserved
[    0.000000] BIOS-e820: [mem 0x000000fd00000000-0x000000ffffffffff] reserved
[    0.000000] printk: legacy bootconsole [earlyser0] enabled
[    0.000000] NX (Execute Disable) protection: active
[    0.000000] APIC: Static calls initialized
[    0.000000] SMBIOS 3.0.0 present.
[    0.000000] DMI: QEMU Ubuntu 24.04 PC (i440FX + PIIX, 1996), BIOS 1.16.3-debian-1.16.3-2 04/01/2014
[    0.000000] DMI: Memory slots populated: 1/1
[    0.000000] Hypervisor detected: KVM
[    0.000000] kvm-clock: Using msrs 4b564d01 and 4b564d00
[    0.000000] kvm-clock: using sched offset of 306144289 cycles
[    0.000344] clocksource: kvm-clock: mask: 0xffffffffffffffff max_cycles: 0x1cd42e4dffb, max_idle_ns: 881590591483 ns
[    0.001411] tsc: Detected 4491.560 MHz processor
[    0.002053] last_pfn = 0x3ffe0 max_arch_pfn = 0x400000000
[    0.002430] MTRR map: 4 entries (3 fixed + 1 variable; max 19), built from 8 variable MTRRs
[    0.002978] x86/PAT: Configuration [0-7]: WB  WC  UC- UC  WB  WP  UC- WT  
[    0.004860] found SMP MP-table at [mem 0x000f5470-0x000f547f]
[    0.005243] Using GB pages for direct mapping
[    0.005720] ACPI: Early table checksum verification disabled
[    0.006097] ACPI: RSDP 0x00000000000F5290 000014 (v00 BOCHS )
[    0.006474] ACPI: RSDT 0x000000003FFE27BC 000034 (v01 BOCHS  BXPC     00000001 BXPC 00000001)
[    0.007033] ACPI: FACP 0x000000003FFE2578 000074 (v01 BOCHS  BXPC     00000001 BXPC 00000001)
[    0.007592] ACPI: DSDT 0x000000003FFE0040 002538 (v01 BOCHS  BXPC     00000001 BXPC 00000001)
[    0.008156] ACPI: FACS 0x000000003FFE0000 000040
[    0.008460] ACPI: APIC 0x000000003FFE25EC 000170 (v03 BOCHS  BXPC     00000001 BXPC 00000001)
[    0.009020] ACPI: HPET 0x000000003FFE275C 000038 (v01 BOCHS  BXPC     00000001 BXPC 00000001)
[    0.009581] ACPI: WAET 0x000000003FFE2794 000028 (v01 BOCHS  BXPC     00000001 BXPC 00000001)
[    0.010147] ACPI: Reserving FACP table memory at [mem 0x3ffe2578-0x3ffe25eb]
[    0.010607] ACPI: Reserving DSDT table memory at [mem 0x3ffe0040-0x3ffe2577]
[    0.011066] ACPI: Reserving FACS table memory at [mem 0x3ffe0000-0x3ffe003f]
[    0.011525] ACPI: Reserving APIC table memory at [mem 0x3ffe25ec-0x3ffe275b]
[    0.011985] ACPI: Reserving HPET table memory at [mem 0x3ffe275c-0x3ffe2793]
[    0.012444] ACPI: Reserving WAET table memory at [mem 0x3ffe2794-0x3ffe27bb]
[    0.013082] No NUMA configuration found
[    0.013333] Faking a node at [mem 0x0000000000000000-0x000000003ffdffff]
[    0.013774] NODE_DATA(0) allocated [mem 0x3ffdb780-0x3ffdffff]
[    0.014169] Zone ranges:
[    0.014335]   DMA      [mem 0x0000000000001000-0x0000000000ffffff]
[    0.014741]   DMA32    [mem 0x0000000001000000-0x000000003ffdffff]
[    0.015144]   Normal   empty
[    0.015333]   Device   empty
[    0.015521] Movable zone start for each node
[    0.015799] Early memory node ranges
[    0.016033]   node   0: [mem 0x0000000000001000-0x000000000009efff]
[    0.016442]   node   0: [mem 0x0000000000100000-0x000000003ffdffff]
[    0.016851] Initmem setup node 0 [mem 0x0000000000001000-0x000000003ffdffff]
[    0.017314] On node 0, zone DMA: 1 pages in unavailable ranges
[    0.017763] On node 0, zone DMA: 97 pages in unavailable ranges
[    0.022243] On node 0, zone DMA32: 32 pages in unavailable ranges
[    0.031152] kasan: KernelAddressSanitizer initialized
[    0.031696] ACPI: PM-Timer IO Port: 0x608
[    0.031970] ACPI: LAPIC_NMI (acpi_id[0xff] dfl dfl lint[0x1])
[    0.032370] IOAPIC[0]: apic_id 0, version 17, address 0xfec00000, GSI 0-23
[    0.032821] ACPI: INT_SRC_OVR (bus 0 bus_irq 0 global_irq 2 dfl dfl)
[    0.033237] ACPI: INT_SRC_OVR (bus 0 bus_irq 5 global_irq 5 high level)
[    0.033690] ACPI: INT_SRC_OVR (bus 0 bus_irq 9 global_irq 9 high level)
[    0.034127] ACPI: INT_SRC_OVR (bus 0 bus_irq 10 global_irq 10 high level)
[    0.034572] ACPI: INT_SRC_OVR (bus 0 bus_irq 11 global_irq 11 high level)
[    0.035019] ACPI: Using ACPI (MADT) for SMP configuration information
[    0.035441] ACPI: HPET id: 0x8086a201 base: 0xfed00000
[    0.035780] TSC deadline timer available
[    0.036040] CPU topo: Max. logical packages:   1
[    0.036343] CPU topo: Max. logical dies:       1
[    0.036646] CPU topo: Max. dies per package:   1
[    0.036951] CPU topo: Max. threads per core:   1
[    0.037255] CPU topo: Num. cores per package:    32
[    0.037574] CPU topo: Num. threads per package:  32
[    0.037897] CPU topo: Allowing 32 present CPUs plus 0 hotplug CPUs
[    0.038320] kvm-guest: APIC: eoi() replaced with kvm_guest_apic_eoi_write()
[    0.038788] kvm-guest: KVM setup pv remote TLB flush
[    0.039113] kvm-guest: setup PV sched yield
[    0.039393] PM: hibernation: Registered nosave memory: [mem 0x00000000-0x00000fff]
[    0.039888] PM: hibernation: Registered nosave memory: [mem 0x0009f000-0x0009ffff]
[    0.040382] PM: hibernation: Registered nosave memory: [mem 0x000a0000-0x000effff]
[    0.040876] PM: hibernation: Registered nosave memory: [mem 0x000f0000-0x000fffff]
[    0.041371] [mem 0x40000000-0xfeffbfff] available for PCI devices
[    0.041772] Booting paravirtualized kernel on KVM
[    0.042081] clocksource: refined-jiffies: mask: 0xffffffff max_cycles: 0xffffffff, max_idle_ns: 1910969940391419 ns
[    0.050639] setup_percpu: NR_CPUS:64 nr_cpumask_bits:32 nr_cpu_ids:32 nr_node_ids:1
[    0.052354] percpu: Embedded 70 pages/cpu s248792 r8192 d29736 u524288
[    0.052845] Kernel command line: virtme_hostname=virtme-ng nr_open=1048576 virtme_link_mods=/nipa-data/kernel/.virtme_mods/lib/modules/0.0.0 virtme_initmount0=nipa-data/kernel virtme_rw_overlay0=/etc virtme_rw_overlay1=/lib virtme_rw_overlay2=/home virtme_rw_overlay3=/opt virtme_rw_overlay4=/srv virtme_rw_overlay5=/usr virtme_rw_overlay6=/var console=hvc0 earlyprintk=serial,ttyS0,115200 virtme_console=ttyS0 psmouse.proto=exps TERM=xterm virtme_chdir=nipa-data/kernel virtme_root_user=1 rootfstype=9p rootflags=version=9p2000.L,trans=virtio,access=any raid=noautodetect ro init=/usr/lib/python3/dist-packages/virtme/guest/virtme-init
[    0.056729] Unknown kernel command line parameters "virtme_hostname=virtme-ng nr_open=1048576 virtme_link_mods=/nipa-data/kernel/.virtme_mods/lib/modules/0.0.0 virtme_initmount0=nipa-data/kernel virtme_rw_overlay0=/etc virtme_rw_overlay1=/lib virtme_rw_overlay2=/home virtme_rw_overlay3=/opt virtme_rw_overlay4=/srv virtme_rw_overlay5=/usr virtme_rw_overlay6=/var virtme_console=ttyS0 virtme_chdir=nipa-data/kernel virtme_root_user=1", will be passed to user space.
[    0.059671] random: crng init done
[    0.059920] Dentry cache hash table entries: 131072 (order: 8, 1048576 bytes, linear)
[    0.060462] Inode-cache hash table entries: 65536 (order: 7, 524288 bytes, linear)
[    0.061378] Fallback order for Node 0: 0 
[    0.061382] Built 1 zonelists, mobility grouping on.  Total pages: 262014
[    0.062113] Policy zone: DMA32
[    0.062318] mem auto-init: stack:all(zero), heap alloc:off, heap free:off
[    0.062773] stackdepot: allocating hash table via alloc_large_system_hash
[    0.063234] stackdepot hash table entries: 1048576 (order: 12, 16777216 bytes, linear)
[    0.071144] SLUB: HWalign=64, Order=0-3, MinObjects=0, CPUs=32, Nodes=1
Poking KASLR using RDRAND RDTSC...
[    0.071873] ftrace: allocating 48613 entries in 190 pages
[    0.080159] ftrace: allocated 190 pages with 6 groups
[    0.081309] Dynamic Preempt: voluntary
[    0.081995] rcu: Preemptible hierarchical RCU implementation.
[    0.082378] rcu: RCU event tracing is enabled.
[    0.082679] rcu: RCU restricting CPUs from NR_CPUS=64 to nr_cpu_ids=32.
[    0.083129] Trampoline variant of Tasks RCU enabled.
[    0.083466] Rude variant of Tasks RCU enabled.
[    0.083768] Tracing variant of Tasks RCU enabled.
[    0.084088] rcu: RCU calculated value of scheduler-enlistment delay is 100 jiffies.
[    0.084598] rcu: Adjusting geometry for rcu_fanout_leaf=16, nr_cpu_ids=32
[    0.085115] RCU Tasks: Setting shift to 5 and lim to 1 rcu_task_cb_adjust=1 rcu_task_cpu_ids=32.
[    0.085723] RCU Tasks Rude: Setting shift to 5 and lim to 1 rcu_task_cb_adjust=1 rcu_task_cpu_ids=32.
[    0.086340] RCU Tasks Trace: Setting shift to 5 and lim to 1 rcu_task_cb_adjust=1 rcu_task_cpu_ids=32.
[    0.094907] NR_IRQS: 4352, nr_irqs: 680, preallocated irqs: 16
[    0.095544] rcu: srcu_init: Setting srcu_struct sizes based on contention.
[    0.096211] Console: colour *CGA 80x25
[    0.096492] ACPI: Core revision 20240827
[    0.096906] clocksource: hpet: mask: 0xffffffff max_cycles: 0xffffffff, max_idle_ns: 19112604467 ns
[    0.097584] APIC: Switch to symmetric I/O mode setup
[    0.097949] kvm-guest: APIC: send_IPI_mask() replaced with kvm_send_ipi_mask()
[    0.098439] kvm-guest: APIC: send_IPI_mask_allbutself() replaced with kvm_send_ipi_mask_allbutself()
[    0.099036] kvm-guest: setup PV IPIs
[    0.100093] ..TIMER: vector=0x30 apic1=0 pin1=2 apic2=-1 pin2=-1
[    0.100847] clocksource: tsc-early: mask: 0xffffffffffffffff max_cycles: 0x40be4320a4d, max_idle_ns: 440795288133 ns
[    0.102186] Calibrating delay loop (skipped) preset value.. 8983.12 BogoMIPS (lpj=4491560)
[    0.103247] x86/cpu: User Mode Instruction Prevention (UMIP) activated
[    0.104240] Last level iTLB entries: 4KB 512, 2MB 255, 4MB 127
[    0.105184] Last level dTLB entries: 4KB 512, 2MB 255, 4MB 127, 1GB 0
[    0.106189] Spectre V1 : Mitigation: usercopy/swapgs barriers and __user pointer sanitization
[    0.107188] Spectre V2 : Mitigation: Enhanced / Automatic IBRS
[    0.107892] Spectre V2 : Spectre v2 / SpectreRSB mitigation: Filling RSB on context switch
[    0.108186] Spectre V2 : mitigation: Enabling conditional Indirect Branch Prediction Barrier
[    0.109186] Speculative Store Bypass: Mitigation: Speculative Store Bypass disabled via prctl
[    0.110185] Speculative Return Stack Overflow: IBPB-extending microcode not applied!
[    0.111184] Speculative Return Stack Overflow: WARNING: See https://kernel.org/doc/html/latest/admin-guide/hw-vuln/srso.html for mitigation options.
[    0.111186] Speculative Return Stack Overflow: Vulnerable: Safe RET, no microcode
[    0.113199] x86/fpu: Supporting XSAVE feature 0x001: 'x87 floating point registers'
[    0.114184] x86/fpu: Supporting XSAVE feature 0x002: 'SSE registers'
[    0.115184] x86/fpu: Supporting XSAVE feature 0x004: 'AVX registers'
[    0.115933] x86/fpu: Supporting XSAVE feature 0x020: 'AVX-512 opmask'
[    0.116184] x86/fpu: Supporting XSAVE feature 0x040: 'AVX-512 Hi256'
[    0.117184] x86/fpu: Supporting XSAVE feature 0x080: 'AVX-512 ZMM_Hi256'
[    0.118184] x86/fpu: Supporting XSAVE feature 0x200: 'Protection Keys User registers'
[    0.119185] x86/fpu: xstate_offset[2]:  576, xstate_sizes[2]:  256
[    0.119913] x86/fpu: xstate_offset[5]:  832, xstate_sizes[5]:   64
[    0.120184] x86/fpu: xstate_offset[6]:  896, xstate_sizes[6]:  512
[    0.121185] x86/fpu: xstate_offset[7]: 1408, xstate_sizes[7]: 1024
[    0.122184] x86/fpu: xstate_offset[9]: 2432, xstate_sizes[9]:    8
[    0.122913] x86/fpu: Enabled xstate features 0x2e7, context size is 2440 bytes, using 'compacted' format.
[    0.143552] Freeing SMP alternatives memory: 40K
[    0.144099] pid_max: default: 32768 minimum: 301
[    0.144296] Mount-cache hash table entries: 2048 (order: 2, 16384 bytes, linear)
[    0.145186] Mountpoint-cache hash table entries: 2048 (order: 2, 16384 bytes, linear)
[    0.146794] smpboot: CPU0: AMD Ryzen 9 7950X 16-Core Processor (family: 0x19, model: 0x61, stepping: 0x2)
[    0.147634] Performance Events: Fam17h+ core perfctr, AMD PMU driver.
[    0.148189] ... version:                0
[    0.148662] ... bit width:              48
[    0.149145] ... generic registers:      6
[    0.149186] ... value mask:             0000ffffffffffff
[    0.149813] ... max period:             00007fffffffffff
[    0.150186] ... fixed-purpose events:   0
[    0.150659] ... event mask:             000000000000003f
[    0.151294] signal: max sigframe size: 3376
[    0.151832] rcu: Hierarchical SRCU implementation.
[    0.152187] rcu: Max phase no-delay instances is 400.
[    0.152864] Timer migration: 2 hierarchy levels; 8 children per group; 2 crossnode level
[    0.156846] smp: Bringing up secondary CPUs ...
[    0.157467] smpboot: x86: Booting SMP configuration:
[    0.158055] .... node  #0, CPUs:        #1  #2  #3  #4  #5  #6  #7  #8  #9 #10 #11 #12 #13 #14 #15 #16 #17 #18 #19 #20 #21 #22 #23 #24 #25 #26 #27 #28 #29 #30 #31
[    0.181282] smp: Brought up 1 node, 32 CPUs
[    0.182686] smpboot: Total of 32 processors activated (287459.84 BogoMIPS)
[    0.186306] Memory: 763400K/1048056K available (45056K kernel code, 11390K rwdata, 10012K rodata, 6004K init, 1784K bss, 269032K reserved, 0K cma-reserved)
[    0.187302] devtmpfs: initialized
[    0.187748] x86/mm: Memory block size: 128MB
[    0.193927] clocksource: jiffies: mask: 0xffffffff max_cycles: 0xffffffff, max_idle_ns: 1911260446275000 ns
[    0.194191] futex hash table entries: 8192 (order: 7, 524288 bytes, linear)
[    0.195312] PM: RTC time: 03:26:41, date: 2024-10-19
[    0.196593] NET: Registered PF_NETLINK/PF_ROUTE protocol family
[    0.197996] thermal_sys: Registered thermal governor 'step_wise'
[    0.197998] thermal_sys: Registered thermal governor 'user_space'
[    0.198213] cpuidle: using governor menu
[    0.200513] PCI: Using configuration type 1 for base access
[    0.201182] PCI: Using configuration type 1 for extended access
[    0.202023] kprobes: kprobe jump-optimization is enabled. All kprobes are optimized if possible.
[    0.216375] HugeTLB: registered 1.00 GiB page size, pre-allocated 0 pages
[    0.217187] HugeTLB: 16380 KiB vmemmap can be freed for a 1.00 GiB page
[    0.217997] HugeTLB: registered 2.00 MiB page size, pre-allocated 0 pages
[    0.219186] HugeTLB: 28 KiB vmemmap can be freed for a 2.00 MiB page
[    0.220499] ACPI: Added _OSI(Module Device)
[    0.221187] ACPI: Added _OSI(Processor Device)
[    0.221743] ACPI: Added _OSI(3.0 _SCP Extensions)
[    0.222187] ACPI: Added _OSI(Processor Aggregator Device)
[    0.244770] ACPI: 1 ACPI AML tables successfully acquired and loaded
[    0.248913] ACPI: Interpreter enabled
[    0.249242] ACPI: PM: (supports S0 S3 S4 S5)
[    0.249768] ACPI: Using IOAPIC for interrupt routing
[    0.251233] PCI: Using host bridge windows from ACPI; if necessary, use "pci=nocrs" and report a bug
[    0.252186] PCI: Using E820 reservations for host bridge windows
[    0.253927] ACPI: Enabled 2 GPEs in block 00 to 0F
[    0.298460] ACPI: PCI Root Bridge [PCI0] (domain 0000 [bus 00-ff])
[    0.299199] acpi PNP0A03:00: _OSC: OS supports [ExtendedConfig ASPM ClockPM Segments MSI HPX-Type3]
[    0.300654] PCI host bridge to bus 0000:00
[    0.301218] pci_bus 0000:00: root bus resource [io  0x0000-0x0cf7 window]
[    0.302057] pci_bus 0000:00: root bus resource [io  0x0d00-0xffff window]
[    0.303189] pci_bus 0000:00: root bus resource [mem 0x000a0000-0x000bffff window]
[    0.304110] pci_bus 0000:00: root bus resource [mem 0x40000000-0xfebfffff window]
[    0.305189] pci_bus 0000:00: root bus resource [mem 0x100000000-0x17fffffff window]
[    0.306130] pci_bus 0000:00: root bus resource [bus 00-ff]
[    0.306304] pci 0000:00:00.0: [8086:1237] type 00 class 0x060000 conventional PCI endpoint
[    0.309003] pci 0000:00:01.0: [8086:7000] type 00 class 0x060100 conventional PCI endpoint
[    0.310048] pci 0000:00:01.1: [8086:7010] type 00 class 0x010180 conventional PCI endpoint
[    0.312848] pci 0000:00:01.1: BAR 4 [io  0xc0c0-0xc0cf]
[    0.314897] pci 0000:00:01.1: BAR 0 [io  0x01f0-0x01f7]: legacy IDE quirk
[    0.315187] pci 0000:00:01.1: BAR 1 [io  0x03f6]: legacy IDE quirk
[    0.315945] pci 0000:00:01.1: BAR 2 [io  0x0170-0x0177]: legacy IDE quirk
[    0.317186] pci 0000:00:01.1: BAR 3 [io  0x0376]: legacy IDE quirk
[    0.318600] pci 0000:00:01.3: [8086:7113] type 00 class 0x068000 conventional PCI endpoint
[    0.319438] pci 0000:00:01.3: quirk: [io  0x0600-0x063f] claimed by PIIX4 ACPI
[    0.320190] pci 0000:00:01.3: quirk: [io  0x0700-0x070f] claimed by PIIX4 SMB
[    0.321813] pci 0000:00:02.0: [1af4:1009] type 00 class 0x000200 conventional PCI endpoint
[    0.323545] pci 0000:00:02.0: BAR 0 [io  0xc000-0xc03f]
[    0.324387] pci 0000:00:02.0: BAR 1 [mem 0xfebfc000-0xfebfcfff]
[    0.328074] pci 0000:00:02.0: BAR 4 [mem 0xfebf0000-0xfebf3fff 64bit pref]
[    0.339912] pci 0000:00:03.0: [1af4:1009] type 00 class 0x000200 conventional PCI endpoint
[    0.341499] pci 0000:00:03.0: BAR 0 [io  0xc040-0xc07f]
[    0.342313] pci 0000:00:03.0: BAR 1 [mem 0xfebfd000-0xfebfdfff]
[    0.343818] pci 0000:00:03.0: BAR 4 [mem 0xfebf4000-0xfebf7fff 64bit pref]
[    0.356236] pci 0000:00:04.0: [8086:25ab] type 00 class 0x088000 conventional PCI endpoint
[    0.357327] pci 0000:00:04.0: BAR 0 [mem 0xfebfe000-0xfebfe00f]
[    0.369170] pci 0000:00:05.0: [1af4:1003] type 00 class 0x078000 conventional PCI endpoint
[    0.370464] pci 0000:00:05.0: BAR 0 [io  0xc080-0xc0bf]
[    0.371294] pci 0000:00:05.0: BAR 1 [mem 0xfebff000-0xfebfffff]
[    0.372652] pci 0000:00:05.0: BAR 4 [mem 0xfebf8000-0xfebfbfff 64bit pref]
[    0.387244] ACPI: PCI: Interrupt link LNKA configured for IRQ 10
[    0.388866] ACPI: PCI: Interrupt link LNKB configured for IRQ 10
[    0.390053] ACPI: PCI: Interrupt link LNKC configured for IRQ 11
[    0.392045] ACPI: PCI: Interrupt link LNKD configured for IRQ 11
[    0.392546] ACPI: PCI: Interrupt link LNKS configured for IRQ 9
[    0.410280] iommu: Default domain type: Translated
[    0.410873] iommu: DMA domain TLB invalidation policy: lazy mode
[    0.412616] SCSI subsystem initialized
[    0.413392] pps_core: LinuxPPS API ver. 1 registered
[    0.414006] pps_core: Software ver. 5.3.6 - Copyright 2005-2007 Rodolfo Giometti <giometti@linux.it>
[    0.415200] PTP clock support registered
[    0.416294] Advanced Linux Sound Architecture Driver Initialized.
[    0.417206] NET: Registered PF_ATMPVC protocol family
[    0.417837] NET: Registered PF_ATMSVC protocol family
[    0.419222] PCI: Using ACPI for IRQ routing
[    0.419873] vgaarb: loaded
[    0.420300] hpet0: at MMIO 0xfed00000, IRQs 2, 8, 0
[    0.420910] hpet0: 3 comparators, 64-bit 100.000000 MHz counter
[    0.424375] clocksource: Switched to clocksource kvm-clock
[    0.425367] VFS: Disk quotas dquot_6.6.0
[    0.425869] VFS: Dquot-cache hash table entries: 512 (order 0, 4096 bytes)
[    0.427371] pnp: PnP ACPI init
[    0.433926] pnp: PnP ACPI: found 5 devices
[    0.445859] clocksource: acpi_pm: mask: 0xffffff max_cycles: 0xffffff, max_idle_ns: 2085701024 ns
[    0.447015] NET: Registered PF_INET protocol family
[    0.447654] IP idents hash table entries: 16384 (order: 5, 131072 bytes, linear)
[    0.448921] tcp_listen_portaddr_hash hash table entries: 512 (order: 1, 8192 bytes, linear)
[    0.449954] Table-perturb hash table entries: 65536 (order: 6, 262144 bytes, linear)
[    0.450919] TCP established hash table entries: 8192 (order: 4, 65536 bytes, linear)
[    0.451873] TCP bind hash table entries: 8192 (order: 6, 262144 bytes, linear)
[    0.452767] TCP: Hash tables configured (established 8192 bind 8192)
[    0.453700] UDP hash table entries: 512 (order: 2, 16384 bytes, linear)
[    0.454544] UDP-Lite hash table entries: 512 (order: 2, 16384 bytes, linear)
[    0.455613] NET: Registered PF_UNIX/PF_LOCAL protocol family
[    0.456324] pci_bus 0000:00: resource 4 [io  0x0000-0x0cf7 window]
[    0.457076] pci_bus 0000:00: resource 5 [io  0x0d00-0xffff window]
[    0.457834] pci_bus 0000:00: resource 6 [mem 0x000a0000-0x000bffff window]
[    0.458673] pci_bus 0000:00: resource 7 [mem 0x40000000-0xfebfffff window]
[    0.459513] pci_bus 0000:00: resource 8 [mem 0x100000000-0x17fffffff window]
[    0.460559] pci 0000:00:01.0: PIIX3: Enabling Passive Release
[    0.461267] pci 0000:00:00.0: Limiting direct PCI/PCI transfers
[    0.462026] PCI: CLS 0 bytes, default 64
[    0.462699] kvm_intel: VMX not supported by CPU 12
[    0.463323] kvm_amd: TSC scaling supported
[    0.463826] kvm_amd: Nested Virtualization enabled
[    0.464410] kvm_amd: Nested Paging enabled
[    0.464907] kvm_amd: LBR virtualization supported
[    0.465494] kvm_amd: Virtual VMLOAD VMSAVE supported
[    0.466100] kvm_amd: Virtual GIF supported
[    0.466601] kvm_amd: Virtual NMI enabled
[    0.497564] clocksource: tsc: mask: 0xffffffffffffffff max_cycles: 0x40be4320a4d, max_idle_ns: 440795288133 ns
[    0.515452] Initialise system trusted keyrings
[    0.516387] workingset: timestamp_bits=56 max_order=18 bucket_order=0
[    0.517288] squashfs: version 4.0 (2009/01/31) Phillip Lougher
[    0.518032] fuse: init (API version 7.41)
[    0.518657] 9p: Installing v9fs 9p2000 file system support
[    0.528292] Key type asymmetric registered
[    0.528804] Asymmetric key parser 'x509' registered
[    0.529487] Block layer SCSI generic (bsg) driver version 0.4 loaded (major 249)
[    0.530434] io scheduler mq-deadline registered
[    0.531000] io scheduler kyber registered
[    0.533695] input: Power Button as /devices/LNXSYSTM:00/LNXPWRBN:00/input/input0
[    0.534837] ACPI: button: Power Button [PWRF]
[    0.536700] Warning: Processor Platform Limit event detected, but not handled.
[    0.537607] Consider compiling CPUfreq support into your kernel.
[    1.322385] ACPI: \_SB_.LNKB: Enabled at IRQ 10
[    2.099780] ACPI: \_SB_.LNKC: Enabled at IRQ 11
[    2.877535] ACPI: \_SB_.LNKA: Enabled at IRQ 10
[    2.878852] Serial: 8250/16550 driver, 4 ports, IRQ sharing enabled
[    2.879936] 00:03: ttyS0 at I/O 0x3f8 (irq = 4, base_baud = 115200) is a 16550A
[    2.911434] Non-volatile memory driver v1.3
[    2.911970] Linux agpgart interface v0.103
[    2.912683] ACPI: bus type drm_connector registered
[    2.913309] printk: legacy console [hvc0] enabled
[    2.913941] printk: legacy bootconsole [earlyser0] disabled
          _      _                                    
   __   _(_)_ __| |_ _ __ ___   ___       _ __   __ _ 
   \ \ / / |  __| __|  _   _ \ / _ \_____|  _ \ / _  |
    \ V /| | |  | |_| | | | | |  __/_____| | | | (_| |
     \_/ |_|_|   \__|_| |_| |_|\___|     |_| |_|\__  |
                                                |___/ 
   kernel version: 6.12.0-rc3-virtme x86_64
   (CTRL+d to exit)

root@virtme-ng:/nipa-data/kernel# PS1='xx__-> '
xx__-> env
PWD=/nipa-data/kernel
nr_open=1048576
HOME=/
TERM=xterm
SHLVL=2
XDG_RUNTIME_DIR=/run/user/0
PATH=/bin:/sbin:/usr/bin:/usr/sbin:/usr/local/bin
OLDPWD=/
_=/bin/env
xx__-> 