No EFI environment detected.
early console in extract_kernel
input_data: 0x0000000002be82c4
input_len: 0x0000000000b3ea9a
output: 0x0000000001000000
output_len: 0x00000000026dfb5c
kernel_total_size: 0x0000000002430000
needed_size: 0x0000000002800000
trampoline_32bit: 0x0000000000000000
Physical KASLR using RDRAND RDTSC...
Virtual KASLR using RDRAND RDTSC...

Decompressing Linux... Parsing ELF... Performing relocations... done.
Booting the kernel (entry_offset: 0x0000000000000000).
[    0.000000] Linux version 6.9.0-virtme (root@adf7f059bde2) (gcc (Alpine 13.2.1_git20240309) 13.2.1 20240309, GNU ld (GNU Binutils) 2.42) #1 SMP PREEMPT_DYNAMIC Sat May 25 15:06:20 UTC 2024
[    0.000000] Command line: virtme_hostname=virtme-ng nr_open=1048576 virtme_link_mods=/nipa-data/kernel/.virtme_mods/lib/modules/0.0.0 virtme_initmount0=nipa-data/kernel virtme_rw_overlay0=/etc virtme_rw_overlay1=/lib virtme_rw_overlay2=/home virtme_rw_overlay3=/opt virtme_rw_overlay4=/srv virtme_rw_overlay5=/usr virtme_rw_overlay6=/var console=hvc0 earlyprintk=serial,ttyS0,115200 virtme_console=ttyS0 psmouse.proto=exps TERM=xterm virtme_chdir=nipa-data/kernel virtme_root_user=1 rootfstype=9p rootflags=version=9p2000.L,trans=virtio,access=any raid=noautodetect ro init=/usr/lib/python3.12/site-packages/virtme/guest/virtme-init
[    0.000000] BIOS-provided physical RAM map:
[    0.000000] BIOS-e820: [mem 0x0000000000000000-0x000000000009fbff] usable
[    0.000000] BIOS-e820: [mem 0x000000000009fc00-0x000000000009ffff] reserved
[    0.000000] BIOS-e820: [mem 0x00000000000f0000-0x00000000000fffff] reserved
[    0.000000] BIOS-e820: [mem 0x0000000000100000-0x000000003ffdffff] usable
[    0.000000] BIOS-e820: [mem 0x000000003ffe0000-0x000000003fffffff] reserved
[    0.000000] BIOS-e820: [mem 0x00000000feffc000-0x00000000feffffff] reserved
[    0.000000] BIOS-e820: [mem 0x00000000fffc0000-0x00000000ffffffff] reserved
[    0.000000] BIOS-e820: [mem 0x000000fd00000000-0x000000ffffffffff] reserved
[    0.000000] printk: legacy bootconsole [earlyser0] enabled
[    0.000000] NX (Execute Disable) protection: active
[    0.000000] APIC: Static calls initialized
[    0.000000] SMBIOS 2.8 present.
[    0.000000] DMI: QEMU Standard PC (i440FX + PIIX, 1996), BIOS rel-1.16.3-0-ga6ed6b701f0a-prebuilt.qemu.org 04/01/2014
[    0.000000] DMI: Memory slots populated: 1/1
[    0.000000] Hypervisor detected: KVM
[    0.000000] kvm-clock: Using msrs 4b564d01 and 4b564d00
[    0.000000] kvm-clock: using sched offset of 255175062 cycles
[    0.000488] clocksource: kvm-clock: mask: 0xffffffffffffffff max_cycles: 0x1cd42e4dffb, max_idle_ns: 881590591483 ns
[    0.002012] tsc: Detected 4491.556 MHz processor
[    0.002835] last_pfn = 0x3ffe0 max_arch_pfn = 0x400000000
[    0.003366] MTRR map: 4 entries (3 fixed + 1 variable; max 19), built from 8 variable MTRRs
[    0.004141] x86/PAT: Configuration [0-7]: WB  WC  UC- UC  WB  WP  UC- WT  
Memory KASLR using RDRAND RDTSC...
[    0.006596] found SMP MP-table at [mem 0x000f5470-0x000f547f]
[    0.007143] Using GB pages for direct mapping
[    0.007631] ACPI: Early table checksum verification disabled
[    0.008162] ACPI: RSDP 0x00000000000F5290 000014 (v00 BOCHS )
[    0.008706] ACPI: RSDT 0x000000003FFE27BC 000034 (v01 BOCHS  BXPC     00000001 BXPC 00000001)
[    0.009503] ACPI: FACP 0x000000003FFE2578 000074 (v01 BOCHS  BXPC     00000001 BXPC 00000001)
[    0.010302] ACPI: DSDT 0x000000003FFE0040 002538 (v01 BOCHS  BXPC     00000001 BXPC 00000001)
[    0.011102] ACPI: FACS 0x000000003FFE0000 000040
[    0.011531] ACPI: APIC 0x000000003FFE25EC 000170 (v03 BOCHS  BXPC     00000001 BXPC 00000001)
[    0.012328] ACPI: HPET 0x000000003FFE275C 000038 (v01 BOCHS  BXPC     00000001 BXPC 00000001)
[    0.013126] ACPI: WAET 0x000000003FFE2794 000028 (v01 BOCHS  BXPC     00000001 BXPC 00000001)
[    0.013919] ACPI: Reserving FACP table memory at [mem 0x3ffe2578-0x3ffe25eb]
[    0.014579] ACPI: Reserving DSDT table memory at [mem 0x3ffe0040-0x3ffe2577]
[    0.015235] ACPI: Reserving FACS table memory at [mem 0x3ffe0000-0x3ffe003f]
[    0.015891] ACPI: Reserving APIC table memory at [mem 0x3ffe25ec-0x3ffe275b]
[    0.016546] ACPI: Reserving HPET table memory at [mem 0x3ffe275c-0x3ffe2793]
[    0.017202] ACPI: Reserving WAET table memory at [mem 0x3ffe2794-0x3ffe27bb]
[    0.018038] No NUMA configuration found
[    0.018396] Faking a node at [mem 0x0000000000000000-0x000000003ffdffff]
[    0.019027] NODE_DATA(0) allocated [mem 0x3ffdb000-0x3ffdffff]
[    0.019583] Zone ranges:
[    0.019819]   DMA      [mem 0x0000000000001000-0x0000000000ffffff]
[    0.020395]   DMA32    [mem 0x0000000001000000-0x000000003ffdffff]
[    0.020971]   Normal   empty
[    0.021240]   Device   empty
[    0.021509] Movable zone start for each node
[    0.021909] Early memory node ranges
[    0.022240]   node   0: [mem 0x0000000000001000-0x000000000009efff]
[    0.022831]   node   0: [mem 0x0000000000100000-0x000000003ffdffff]
[    0.023416] Initmem setup node 0 [mem 0x0000000000001000-0x000000003ffdffff]
[    0.024078] On node 0, zone DMA: 1 pages in unavailable ranges
[    0.024635] On node 0, zone DMA: 97 pages in unavailable ranges
[    0.026452] On node 0, zone DMA32: 32 pages in unavailable ranges
[    0.027153] ACPI: PM-Timer IO Port: 0x608
[    0.027461] ACPI: LAPIC_NMI (acpi_id[0xff] dfl dfl lint[0x1])
[    0.027915] IOAPIC[0]: apic_id 0, version 17, address 0xfec00000, GSI 0-23
[    0.028434] ACPI: INT_SRC_OVR (bus 0 bus_irq 0 global_irq 2 dfl dfl)
[    0.028915] ACPI: INT_SRC_OVR (bus 0 bus_irq 5 global_irq 5 high level)
[    0.029414] ACPI: INT_SRC_OVR (bus 0 bus_irq 9 global_irq 9 high level)
[    0.029914] ACPI: INT_SRC_OVR (bus 0 bus_irq 10 global_irq 10 high level)
[    0.030426] ACPI: INT_SRC_OVR (bus 0 bus_irq 11 global_irq 11 high level)
[    0.030943] ACPI: Using ACPI (MADT) for SMP configuration information
[    0.031427] ACPI: HPET id: 0x8086a201 base: 0xfed00000
[    0.031815] TSC deadline timer available
[    0.032112] CPU topo: Max. logical packages:   1
[    0.032460] CPU topo: Max. logical dies:       1
[    0.032807] CPU topo: Max. dies per package:   1
[    0.033157] CPU topo: Max. threads per core:   1
[    0.033505] CPU topo: Num. cores per package:    32
[    0.033872] CPU topo: Num. threads per package:  32
[    0.034240] CPU topo: Allowing 32 present CPUs plus 0 hotplug CPUs
[    0.034722] kvm-guest: APIC: eoi() replaced with kvm_guest_apic_eoi_write()
[    0.035254] kvm-guest: KVM setup pv remote TLB flush
[    0.035634] kvm-guest: setup PV sched yield
[    0.035953] PM: hibernation: Registered nosave memory: [mem 0x00000000-0x00000fff]
[    0.036524] PM: hibernation: Registered nosave memory: [mem 0x0009f000-0x0009ffff]
[    0.037095] PM: hibernation: Registered nosave memory: [mem 0x000a0000-0x000effff]
[    0.037666] PM: hibernation: Registered nosave memory: [mem 0x000f0000-0x000fffff]
[    0.038237] [mem 0x40000000-0xfeffbfff] available for PCI devices
[    0.038700] Booting paravirtualized kernel on KVM
[    0.039055] clocksource: refined-jiffies: mask: 0xffffffff max_cycles: 0xffffffff, max_idle_ns: 1910969940391419 ns
[    0.042756] setup_percpu: NR_CPUS:64 nr_cpumask_bits:32 nr_cpu_ids:32 nr_node_ids:1
[    0.043948] percpu: Embedded 58 pages/cpu s198952 r8192 d30424 u262144
[    0.044471] Kernel command line: virtme_hostname=virtme-ng nr_open=1048576 virtme_link_mods=/nipa-data/kernel/.virtme_mods/lib/modules/0.0.0 virtme_initmount0=nipa-data/kernel virtme_rw_overlay0=/etc virtme_rw_overlay1=/lib virtme_rw_overlay2=/home virtme_rw_overlay3=/opt virtme_rw_overlay4=/srv virtme_rw_overlay5=/usr virtme_rw_overlay6=/var console=hvc0 earlyprintk=serial,ttyS0,115200 virtme_console=ttyS0 psmouse.proto=exps TERM=xterm virtme_chdir=nipa-data/kernel virtme_root_user=1 rootfstype=9p rootflags=version=9p2000.L,trans=virtio,access=any raid=noautodetect ro init=/usr/lib/python3.12/site-packages/virtme/guest/virtme-init
[    0.048877] Unknown kernel command line parameters "virtme_hostname=virtme-ng nr_open=1048576 virtme_link_mods=/nipa-data/kernel/.virtme_mods/lib/modules/0.0.0 virtme_initmount0=nipa-data/kernel virtme_rw_overlay0=/etc virtme_rw_overlay1=/lib virtme_rw_overlay2=/home virtme_rw_overlay3=/opt virtme_rw_overlay4=/srv virtme_rw_overlay5=/usr virtme_rw_overlay6=/var virtme_console=ttyS0 virtme_chdir=nipa-data/kernel virtme_root_user=1", will be passed to user space.
[    0.052229] random: crng init done
[    0.052526] Dentry cache hash table entries: 131072 (order: 8, 1048576 bytes, linear)
[    0.053154] Inode-cache hash table entries: 65536 (order: 7, 524288 bytes, linear)
[    0.053835] Fallback order for Node 0: 0 
[    0.053838] Built 1 zonelists, mobility grouping on.  Total pages: 262014
[    0.054683] Policy zone: DMA32
[    0.054922] mem auto-init: stack:all(zero), heap alloc:off, heap free:off, mlocked free:off
[    0.056330] Memory: 984564K/1048056K available (16384K kernel code, 2413K rwdata, 6164K rodata, 3088K init, 2020K bss, 63232K reserved, 0K cma-reserved)
[    0.057417] SLUB: HWalign=64, Order=0-3, MinObjects=0, CPUs=32, Nodes=1
Poking KASLR using RDRAND RDTSC...
[    0.058193] ftrace: allocating 47770 entries in 187 pages
[    0.065400] ftrace: allocated 187 pages with 6 groups
[    0.066414] Dynamic Preempt: voluntary
[    0.066863] rcu: Preemptible hierarchical RCU implementation.
[    0.067319] rcu: RCU event tracing is enabled.
[    0.067680] rcu: RCU restricting CPUs from NR_CPUS=64 to nr_cpu_ids=32.
[    0.068205] Trampoline variant of Tasks RCU enabled.
[    0.068601] Rude variant of Tasks RCU enabled.
[    0.068956] Tracing variant of Tasks RCU enabled.
[    0.069331] rcu: RCU calculated value of scheduler-enlistment delay is 100 jiffies.
[    0.069931] rcu: Adjusting geometry for rcu_fanout_leaf=16, nr_cpu_ids=32
[    0.070469] RCU Tasks: Setting shift to 5 and lim to 1 rcu_task_cb_adjust=1.
[    0.071029] RCU Tasks Rude: Setting shift to 5 and lim to 1 rcu_task_cb_adjust=1.
[    0.071618] RCU Tasks Trace: Setting shift to 5 and lim to 1 rcu_task_cb_adjust=1.
[    0.073664] NR_IRQS: 4352, nr_irqs: 680, preallocated irqs: 16
[    0.074289] rcu: srcu_init: Setting srcu_struct sizes based on contention.
[    0.074973] Console: colour *CGA 80x25
[    0.075274] ACPI: Core revision 20240322
[    0.075652] clocksource: hpet: mask: 0xffffffff max_cycles: 0xffffffff, max_idle_ns: 19112604467 ns
[    0.076419] APIC: Switch to symmetric I/O mode setup
[    0.076820] APIC: Switched APIC routing to: physical flat
[    0.077236] kvm-guest: APIC: send_IPI_mask() replaced with kvm_send_ipi_mask()
[    0.077792] kvm-guest: APIC: send_IPI_mask_allbutself() replaced with kvm_send_ipi_mask_allbutself()
[    0.078508] kvm-guest: setup PV IPIs
[    0.079584] ..TIMER: vector=0x30 apic1=0 pin1=2 apic2=-1 pin2=-1
[    0.080415] tsc: Marking TSC unstable due to TSCs unsynchronized
[    0.081227] Calibrating delay loop (skipped) preset value.. 8983.11 BogoMIPS (lpj=4491556)
[    0.083242] x86/cpu: User Mode Instruction Prevention (UMIP) activated
[    0.084182] Last level iTLB entries: 4KB 512, 2MB 255, 4MB 127
[    0.084226] Last level dTLB entries: 4KB 512, 2MB 255, 4MB 127, 1GB 0
[    0.085229] Spectre V1 : Mitigation: usercopy/swapgs barriers and __user pointer sanitization
[    0.086229] Spectre V2 : Mitigation: Enhanced / Automatic IBRS
[    0.087225] Spectre V2 : Spectre v2 / SpectreRSB mitigation: Filling RSB on context switch
[    0.088226] Spectre V2 : mitigation: Enabling conditional Indirect Branch Prediction Barrier
[    0.089227] Speculative Store Bypass: Mitigation: Speculative Store Bypass disabled via prctl
[    0.090226] Speculative Return Stack Overflow: IBPB-extending microcode not applied!
[    0.091226] Speculative Return Stack Overflow: WARNING: See https://kernel.org/doc/html/latest/admin-guide/hw-vuln/srso.html for mitigation options.
[    0.091226] Speculative Return Stack Overflow: Vulnerable: Safe RET, no microcode
[    0.093241] x86/fpu: Supporting XSAVE feature 0x001: 'x87 floating point registers'
[    0.094226] x86/fpu: Supporting XSAVE feature 0x002: 'SSE registers'
[    0.095074] x86/fpu: Supporting XSAVE feature 0x004: 'AVX registers'
[    0.095226] x86/fpu: Supporting XSAVE feature 0x020: 'AVX-512 opmask'
[    0.096226] x86/fpu: Supporting XSAVE feature 0x040: 'AVX-512 Hi256'
[    0.097226] x86/fpu: Supporting XSAVE feature 0x080: 'AVX-512 ZMM_Hi256'
[    0.098226] x86/fpu: Supporting XSAVE feature 0x200: 'Protection Keys User registers'
[    0.099226] x86/fpu: xstate_offset[2]:  576, xstate_sizes[2]:  256
[    0.100226] x86/fpu: xstate_offset[5]:  832, xstate_sizes[5]:   64
[    0.101226] x86/fpu: xstate_offset[6]:  896, xstate_sizes[6]:  512
[    0.102226] x86/fpu: xstate_offset[7]: 1408, xstate_sizes[7]: 1024
[    0.103226] x86/fpu: xstate_offset[9]: 2432, xstate_sizes[9]:    8
[    0.104227] x86/fpu: Enabled xstate features 0x2e7, context size is 2440 bytes, using 'compacted' format.
[    0.120307] Freeing SMP alternatives memory: 40K
[    0.120914] pid_max: default: 32768 minimum: 301
[    0.121249] Mount-cache hash table entries: 2048 (order: 2, 16384 bytes, linear)
[    0.122226] Mountpoint-cache hash table entries: 2048 (order: 2, 16384 bytes, linear)
[    0.123375] smpboot: CPU0: AMD Ryzen 9 7950X 16-Core Processor (family: 0x19, model: 0x61, stepping: 0x2)
[    0.124343] Performance Events: Fam17h+ core perfctr, AMD PMU driver.
[    0.125210] ... version:                0
[    0.125227] ... bit width:              48
[    0.125761] ... generic registers:      6
[    0.126227] ... value mask:             0000ffffffffffff
[    0.126918] ... max period:             00007fffffffffff
[    0.127227] ... fixed-purpose events:   0
[    0.127749] ... event mask:             000000000000003f
[    0.128309] signal: max sigframe size: 3376
[    0.128869] rcu: Hierarchical SRCU implementation.
[    0.129228] rcu: Max phase no-delay instances is 400.
[    0.132106] smp: Bringing up secondary CPUs ...
[    0.132286] smpboot: x86: Booting SMP configuration:
[    0.132936] .... node  #0, CPUs:        #1  #2  #3  #4  #5  #6  #7  #8  #9 #10 #11 #12 #13 #14 #15 #16 #17 #18 #19 #20 #21 #22 #23 #24 #25 #26 #27 #28 #29 #30 #31
[    0.150392] smp: Brought up 1 node, 32 CPUs
[    0.151850] smpboot: Total of 32 processors activated (287459.58 BogoMIPS)
[    0.154291] devtmpfs: initialized
[    0.154704] x86/mm: Memory block size: 128MB
[    0.155961] clocksource: jiffies: mask: 0xffffffff max_cycles: 0xffffffff, max_idle_ns: 1911260446275000 ns
[    0.156229] futex hash table entries: 8192 (order: 7, 524288 bytes, linear)
[    0.157306] PM: RTC time: 15:06:53, date: 2024-05-25
[    0.158341] NET: Registered PF_NETLINK/PF_ROUTE protocol family
[    0.159253] thermal_sys: Registered thermal governor 'step_wise'
[    0.159254] thermal_sys: Registered thermal governor 'user_space'
[    0.160090] cpuidle: using governor menu
[    0.161479] PCI: Using configuration type 1 for base access
[    0.162237] PCI: Using configuration type 1 for extended access
[    0.163158] kprobes: kprobe jump-optimization is enabled. All kprobes are optimized if possible.
[    0.166810] HugeTLB: registered 1.00 GiB page size, pre-allocated 0 pages
[    0.167227] HugeTLB: 16380 KiB vmemmap can be freed for a 1.00 GiB page
[    0.168113] HugeTLB: registered 2.00 MiB page size, pre-allocated 0 pages
[    0.169227] HugeTLB: 28 KiB vmemmap can be freed for a 2.00 MiB page
[    0.170598] Demotion targets for Node 0: null
[    0.171284] ACPI: Added _OSI(Module Device)
[    0.172228] ACPI: Added _OSI(Processor Device)
[    0.172826] ACPI: Added _OSI(3.0 _SCP Extensions)
[    0.173227] ACPI: Added _OSI(Processor Aggregator Device)
[    0.174684] ACPI: 1 ACPI AML tables successfully acquired and loaded
[    0.177584] ACPI: _OSC evaluation for CPUs failed, trying _PDC
[    0.178364] ACPI: Interpreter enabled
[    0.178875] ACPI: PM: (supports S0 S3 S4 S5)
[    0.179228] ACPI: Using IOAPIC for interrupt routing
[    0.179907] PCI: Using host bridge windows from ACPI; if necessary, use "pci=nocrs" and report a bug
[    0.181227] PCI: Using E820 reservations for host bridge windows
[    0.182123] ACPI: Enabled 2 GPEs in block 00 to 0F
[    0.184898] ACPI: PCI Root Bridge [PCI0] (domain 0000 [bus 00-ff])
[    0.186230] acpi PNP0A03:00: _OSC: OS supports [ExtendedConfig ASPM ClockPM Segments MSI HPX-Type3]
[    0.187320] PCI host bridge to bus 0000:00
[    0.187868] pci_bus 0000:00: root bus resource [io  0x0000-0x0cf7 window]
[    0.189227] pci_bus 0000:00: root bus resource [io  0x0d00-0xffff window]
[    0.190146] pci_bus 0000:00: root bus resource [mem 0x000a0000-0x000bffff window]
[    0.191227] pci_bus 0000:00: root bus resource [mem 0x40000000-0xfebfffff window]
[    0.192227] pci_bus 0000:00: root bus resource [mem 0x100000000-0x17fffffff window]
[    0.193227] pci_bus 0000:00: root bus resource [bus 00-ff]
[    0.194066] pci 0000:00:00.0: [8086:1237] type 00 class 0x060000 conventional PCI endpoint
[    0.195489] pci 0000:00:01.0: [8086:7000] type 00 class 0x060100 conventional PCI endpoint
[    0.196558] pci 0000:00:01.1: [8086:7010] type 00 class 0x010180 conventional PCI endpoint
[    0.200742] pci 0000:00:01.1: BAR 4 [io  0xc0c0-0xc0cf]
[    0.202240] pci 0000:00:01.1: BAR 0 [io  0x01f0-0x01f7]: legacy IDE quirk
[    0.203166] pci 0000:00:01.1: BAR 1 [io  0x03f6]: legacy IDE quirk
[    0.204227] pci 0000:00:01.1: BAR 2 [io  0x0170-0x0177]: legacy IDE quirk
[    0.205146] pci 0000:00:01.1: BAR 3 [io  0x0376]: legacy IDE quirk
[    0.205322] pci 0000:00:01.3: [8086:7113] type 00 class 0x068000 conventional PCI endpoint
[    0.207480] pci 0000:00:01.3: quirk: [io  0x0600-0x063f] claimed by PIIX4 ACPI
[    0.209231] pci 0000:00:01.3: quirk: [io  0x0700-0x070f] claimed by PIIX4 SMB
[    0.210376] pci 0000:00:02.0: [1af4:1009] type 00 class 0x000200 conventional PCI endpoint
[    0.212228] pci 0000:00:02.0: BAR 0 [io  0xc000-0xc03f]
[    0.214985] pci 0000:00:02.0: BAR 1 [mem 0xfebfc000-0xfebfcfff]
[    0.220998] pci 0000:00:02.0: BAR 4 [mem 0xfebf0000-0xfebf3fff 64bit pref]
[    0.223866] pci 0000:00:03.0: [1af4:1009] type 00 class 0x000200 conventional PCI endpoint
[    0.226228] pci 0000:00:03.0: BAR 0 [io  0xc040-0xc07f]
[    0.228954] pci 0000:00:03.0: BAR 1 [mem 0xfebfd000-0xfebfdfff]
[    0.235228] pci 0000:00:03.0: BAR 4 [mem 0xfebf4000-0xfebf7fff 64bit pref]
[    0.237476] pci 0000:00:04.0: [8086:25ab] type 00 class 0x088000 conventional PCI endpoint
[    0.239772] pci 0000:00:04.0: BAR 0 [mem 0xfebfe000-0xfebfe00f]
[    0.245433] pci 0000:00:05.0: [1af4:1003] type 00 class 0x078000 conventional PCI endpoint
[    0.247228] pci 0000:00:05.0: BAR 0 [io  0xc080-0xc0bf]
[    0.249946] pci 0000:00:05.0: BAR 1 [mem 0xfebff000-0xfebfffff]
[    0.255973] pci 0000:00:05.0: BAR 4 [mem 0xfebf8000-0xfebfbfff 64bit pref]
[    0.260031] ACPI: PCI: Interrupt link LNKA configured for IRQ 10
[    0.260349] ACPI: PCI: Interrupt link LNKB configured for IRQ 10
[    0.261264] ACPI: PCI: Interrupt link LNKC configured for IRQ 11
[    0.262179] ACPI: PCI: Interrupt link LNKD configured for IRQ 11
[    0.264304] ACPI: PCI: Interrupt link LNKS configured for IRQ 9
[    0.266039] iommu: Default domain type: Translated
[    0.266227] iommu: DMA domain TLB invalidation policy: lazy mode
[    0.267107] SCSI subsystem initialized
[    0.268266] pps_core: LinuxPPS API ver. 1 registered
[    0.268931] pps_core: Software ver. 5.3.6 - Copyright 2005-2007 Rodolfo Giometti <giometti@linux.it>
[    0.270229] PTP clock support registered
[    0.270785] Advanced Linux Sound Architecture Driver Initialized.
[    0.271527] NET: Registered PF_ATMPVC protocol family
[    0.272214] NET: Registered PF_ATMSVC protocol family
[    0.273231] PCI: Using ACPI for IRQ routing
[    0.274245] vgaarb: loaded
[    0.274267] hpet0: at MMIO 0xfed00000, IRQs 2, 8, 0
[    0.274925] hpet0: 3 comparators, 64-bit 100.000000 MHz counter
[    0.281104] clocksource: Switched to clocksource kvm-clock
[    0.281583] VFS: Disk quotas dquot_6.6.0
[    0.282307] VFS: Dquot-cache hash table entries: 512 (order 0, 4096 bytes)
[    0.283578] pnp: PnP ACPI init
[    0.284357] pnp: PnP ACPI: found 5 devices
[    0.292905] clocksource: acpi_pm: mask: 0xffffff max_cycles: 0xffffff, max_idle_ns: 2085701024 ns
[    0.294496] NET: Registered PF_INET protocol family
[    0.295394] IP idents hash table entries: 16384 (order: 5, 131072 bytes, linear)
[    0.296929] tcp_listen_portaddr_hash hash table entries: 512 (order: 1, 8192 bytes, linear)
[    0.298410] Table-perturb hash table entries: 65536 (order: 6, 262144 bytes, linear)
[    0.299751] TCP established hash table entries: 8192 (order: 4, 65536 bytes, linear)
[    0.301100] TCP bind hash table entries: 8192 (order: 6, 262144 bytes, linear)
[    0.302345] TCP: Hash tables configured (established 8192 bind 8192)
[    0.303253] UDP hash table entries: 512 (order: 2, 16384 bytes, linear)
[    0.304218] UDP-Lite hash table entries: 512 (order: 2, 16384 bytes, linear)
[    0.305202] NET: Registered PF_UNIX/PF_LOCAL protocol family
[    0.305970] pci_bus 0000:00: resource 4 [io  0x0000-0x0cf7 window]
[    0.306815] pci_bus 0000:00: resource 5 [io  0x0d00-0xffff window]
[    0.307643] pci_bus 0000:00: resource 6 [mem 0x000a0000-0x000bffff window]
[    0.308563] pci_bus 0000:00: resource 7 [mem 0x40000000-0xfebfffff window]
[    0.309482] pci_bus 0000:00: resource 8 [mem 0x100000000-0x17fffffff window]
[    0.310456] pci 0000:00:01.0: PIIX3: Enabling Passive Release
[    0.311237] pci 0000:00:00.0: Limiting direct PCI/PCI transfers
[    0.312056] PCI: CLS 0 bytes, default 64
[    0.312636] kvm_intel: VMX not supported by CPU 10
[    0.313288] kvm_amd: TSC scaling supported
[    0.313839] kvm_amd: Nested Virtualization enabled
[    0.314489] kvm_amd: Nested Paging enabled
[    0.315039] kvm_amd: Virtual VMLOAD VMSAVE supported
[    0.315701] kvm_amd: Virtual GIF supported
[    0.316256] kvm_amd: Virtual NMI enabled
[    0.316772] kvm_amd: LBR virtualization supported
[    0.410199] Initialise system trusted keyrings
[    0.410908] workingset: timestamp_bits=56 max_order=18 bucket_order=0
[    0.411824] squashfs: version 4.0 (2009/01/31) Phillip Lougher
[    0.412632] fuse: init (API version 7.40)
[    0.413223] 9p: Installing v9fs 9p2000 file system support
[    0.420685] Key type asymmetric registered
[    0.421225] Asymmetric key parser 'x509' registered
[    0.421883] Block layer SCSI generic (bsg) driver version 0.4 loaded (major 249)
[    0.422874] io scheduler mq-deadline registered
[    0.423472] io scheduler kyber registered
[    0.425077] input: Power Button as /devices/LNXSYSTM:00/LNXPWRBN:00/input/input0
[    0.426147] ACPI: button: Power Button [PWRF]
[    0.426757] Warning: Processor Platform Limit event detected, but not handled.
[    0.427709] Consider compiling CPUfreq support into your kernel.
[    0.445212] ACPI: \_SB_.LNKB: Enabled at IRQ 10
[    0.462488] ACPI: \_SB_.LNKC: Enabled at IRQ 11
[    0.479652] ACPI: \_SB_.LNKA: Enabled at IRQ 10
[    0.480922] Serial: 8250/16550 driver, 4 ports, IRQ sharing enabled
[    0.481875] 00:03: ttyS0 at I/O 0x3f8 (irq = 4, base_baud = 115200) is a 16550A
[    0.512463] Non-volatile memory driver v1.3
[    0.513037] Linux agpgart interface v0.103
[    0.513659] ACPI: bus type drm_connector registered
[    0.514325] printk: legacy console [hvc0] enabled
[    0.515159] printk: legacy bootconsole [earlyser0] disabled
          _      _                                    
   __   _(_)_ __| |_ _ __ ___   ___       _ __   __ _ 
   \ \ / / |  __| __|  _   _ \ / _ \_____|  _ \ / _  |
    \ V /| | |  | |_| | | | | |  __/_____| | | | (_| |
     \_/ |_|_|   \__|_| |_| |_|\___|     |_| |_|\__  |
                                                |___/ 
   kernel version: 6.9.0-virtme x86_64
   (CTRL+d to exit)

virtme-ng:/nipa-data/kernel# PS1='xx__-> '
xx__-> env
PWD=/nipa-data/kernel
nr_open=1048576
HOME=/root
TERM=xterm
SHLVL=2
XDG_RUNTIME_DIR=/run/user/0
PATH=/bin:/sbin:/usr/bin:/usr/sbin:/usr/local/bin
OLDPWD=/
_=/usr/bin/env
xx__-> 