No EFI environment detected.
early console in extract_kernel
input_data: 0x0000000004ab52c4
input_len: 0x00000000018fc352
output: 0x0000000001000000
output_len: 0x000000000533d4d8
kernel_total_size: 0x0000000005030000
needed_size: 0x0000000005400000
trampoline_32bit: 0x0000000000000000
Physical KASLR using RDRAND RDTSC...
Virtual KASLR using RDRAND RDTSC...

Decompressing Linux... Parsing ELF... Performing relocations... done.
Booting the kernel (entry_offset: 0x0000000000000000).
[    0.000000] Linux version 6.13.0-rc3-virtme (root@4dde83920efc) (gcc (Ubuntu 13.3.0-6ubuntu2~24.04) 13.3.0, GNU ld (GNU Binutils for Ubuntu) 2.42) #1 SMP PREEMPT_DYNAMIC Sun Dec 22 15:28:39 UTC 2024
[    0.000000] Command line: virtme_hostname=virtme-ng nr_open=1048576 virtme_link_mods=/nipa-data/kernel/.virtme_mods/lib/modules/0.0.0 virtme_initmount0=nipa-data/kernel virtme_rw_overlay0=/etc virtme_rw_overlay1=/lib virtme_rw_overlay2=/home virtme_rw_overlay3=/opt virtme_rw_overlay4=/srv virtme_rw_overlay5=/usr virtme_rw_overlay6=/var console=hvc0 earlyprintk=serial,ttyS0,115200 virtme_console=ttyS0 psmouse.proto=exps TERM=xterm virtme_chdir=nipa-data/kernel virtme_root_user=1 rootfstype=9p rootflags=version=9p2000.L,trans=virtio,access=any raid=noautodetect ro init=/usr/lib/python3/dist-packages/virtme/guest/virtme-init
[    0.000000] BIOS-provided physical RAM map:
[    0.000000] BIOS-e820: [mem 0x0000000000000000-0x000000000009fbff] usable
[    0.000000] BIOS-e820: [mem 0x000000000009fc00-0x000000000009ffff] reserved
[    0.000000] BIOS-e820: [mem 0x00000000000f0000-0x00000000000fffff] reserved
[    0.000000] BIOS-e820: [mem 0x0000000000100000-0x000000003ffdffff] usable
[    0.000000] BIOS-e820: [mem 0x000000003ffe0000-0x000000003fffffff] reserved
[    0.000000] BIOS-e820: [mem 0x00000000feffc000-0x00000000feffffff] reserved
[    0.000000] BIOS-e820: [mem 0x00000000fffc0000-0x00000000ffffffff] reserved
[    0.000000] BIOS-e820: [mem 0x000000fd00000000-0x000000ffffffffff] reserved
[    0.000000] printk: legacy bootconsole [earlyser0] enabled
[    0.000000] NX (Execute Disable) protection: active
[    0.000000] APIC: Static calls initialized
[    0.000000] SMBIOS 3.0.0 present.
[    0.000000] DMI: QEMU Ubuntu 24.04 PC (i440FX + PIIX, 1996), BIOS 1.16.3-debian-1.16.3-2 04/01/2014
[    0.000000] DMI: Memory slots populated: 1/1
[    0.000000] Hypervisor detected: KVM
[    0.000000] kvm-clock: Using msrs 4b564d01 and 4b564d00
[    0.000000] kvm-clock: using sched offset of 312196259 cycles
[    0.000356] clocksource: kvm-clock: mask: 0xffffffffffffffff max_cycles: 0x1cd42e4dffb, max_idle_ns: 881590591483 ns
[    0.001460] tsc: Detected 4491.556 MHz processor
[    0.002102] last_pfn = 0x3ffe0 max_arch_pfn = 0x400000000
[    0.002491] MTRR map: 4 entries (3 fixed + 1 variable; max 19), built from 8 variable MTRRs
[    0.003061] x86/PAT: Configuration [0-7]: WB  WC  UC- UC  WB  WP  UC- WT  
[    0.004904] found SMP MP-table at [mem 0x000f5470-0x000f547f]
[    0.005299] Using GB pages for direct mapping
[    0.005781] ACPI: Early table checksum verification disabled
[    0.006167] ACPI: RSDP 0x00000000000F5290 000014 (v00 BOCHS )
[    0.006560] ACPI: RSDT 0x000000003FFE27BC 000034 (v01 BOCHS  BXPC     00000001 BXPC 00000001)
[    0.007158] ACPI: FACP 0x000000003FFE2578 000074 (v01 BOCHS  BXPC     00000001 BXPC 00000001)
[    0.007739] ACPI: DSDT 0x000000003FFE0040 002538 (v01 BOCHS  BXPC     00000001 BXPC 00000001)
[    0.008319] ACPI: FACS 0x000000003FFE0000 000040
[    0.008634] ACPI: APIC 0x000000003FFE25EC 000170 (v03 BOCHS  BXPC     00000001 BXPC 00000001)
[    0.009215] ACPI: HPET 0x000000003FFE275C 000038 (v01 BOCHS  BXPC     00000001 BXPC 00000001)
[    0.009797] ACPI: WAET 0x000000003FFE2794 000028 (v01 BOCHS  BXPC     00000001 BXPC 00000001)
[    0.010375] ACPI: Reserving FACP table memory at [mem 0x3ffe2578-0x3ffe25eb]
[    0.010855] ACPI: Reserving DSDT table memory at [mem 0x3ffe0040-0x3ffe2577]
[    0.011331] ACPI: Reserving FACS table memory at [mem 0x3ffe0000-0x3ffe003f]
[    0.011807] ACPI: Reserving APIC table memory at [mem 0x3ffe25ec-0x3ffe275b]
[    0.012282] ACPI: Reserving HPET table memory at [mem 0x3ffe275c-0x3ffe2793]
[    0.012758] ACPI: Reserving WAET table memory at [mem 0x3ffe2794-0x3ffe27bb]
[    0.013416] No NUMA configuration found
[    0.013676] Faking a node at [mem 0x0000000000000000-0x000000003ffdffff]
[    0.014130] NODE_DATA(0) allocated [mem 0x3ffdb780-0x3ffdffff]
[    0.014539] Zone ranges:
[    0.014713]   DMA      [mem 0x0000000000001000-0x0000000000ffffff]
[    0.015132]   DMA32    [mem 0x0000000001000000-0x000000003ffdffff]
[    0.015551]   Normal   empty
[    0.015747]   Device   empty
[    0.015942] Movable zone start for each node
[    0.016231] Early memory node ranges
[    0.016475]   node   0: [mem 0x0000000000001000-0x000000000009efff]
[    0.016898]   node   0: [mem 0x0000000000100000-0x000000003ffdffff]
[    0.017322] Initmem setup node 0 [mem 0x0000000000001000-0x000000003ffdffff]
[    0.017802] On node 0, zone DMA: 1 pages in unavailable ranges
[    0.018249] On node 0, zone DMA: 97 pages in unavailable ranges
[    0.022580] On node 0, zone DMA32: 32 pages in unavailable ranges
[    0.031576] kasan: KernelAddressSanitizer initialized
[    0.032135] ACPI: PM-Timer IO Port: 0x608
[    0.032416] ACPI: LAPIC_NMI (acpi_id[0xff] dfl dfl lint[0x1])
[    0.032825] IOAPIC[0]: apic_id 0, version 17, address 0xfec00000, GSI 0-23
[    0.033290] ACPI: INT_SRC_OVR (bus 0 bus_irq 0 global_irq 2 dfl dfl)
[    0.033720] ACPI: INT_SRC_OVR (bus 0 bus_irq 5 global_irq 5 high level)
[    0.034166] ACPI: INT_SRC_OVR (bus 0 bus_irq 9 global_irq 9 high level)
[    0.034618] ACPI: INT_SRC_OVR (bus 0 bus_irq 10 global_irq 10 high level)
[    0.035076] ACPI: INT_SRC_OVR (bus 0 bus_irq 11 global_irq 11 high level)
[    0.035536] ACPI: Using ACPI (MADT) for SMP configuration information
[    0.035971] ACPI: HPET id: 0x8086a201 base: 0xfed00000
[    0.036319] TSC deadline timer available
[    0.036586] CPU topo: Max. logical packages:   1
[    0.036898] CPU topo: Max. logical dies:       1
[    0.037208] CPU topo: Max. dies per package:   1
[    0.037522] CPU topo: Max. threads per core:   1
[    0.037833] CPU topo: Num. cores per package:    32
[    0.038162] CPU topo: Num. threads per package:  32
[    0.038490] CPU topo: Allowing 32 present CPUs plus 0 hotplug CPUs
[    0.038925] kvm-guest: APIC: eoi() replaced with kvm_guest_apic_eoi_write()
[    0.039407] kvm-guest: KVM setup pv remote TLB flush
[    0.039744] kvm-guest: setup PV sched yield
[    0.040032] PM: hibernation: Registered nosave memory: [mem 0x00000000-0x00000fff]
[    0.040544] PM: hibernation: Registered nosave memory: [mem 0x0009f000-0x0009ffff]
[    0.041055] PM: hibernation: Registered nosave memory: [mem 0x000a0000-0x000effff]
[    0.041566] PM: hibernation: Registered nosave memory: [mem 0x000f0000-0x000fffff]
[    0.042078] [mem 0x40000000-0xfeffbfff] available for PCI devices
[    0.042490] Booting paravirtualized kernel on KVM
[    0.042822] clocksource: refined-jiffies: mask: 0xffffffff max_cycles: 0xffffffff, max_idle_ns: 1910969940391419 ns
[    0.051231] setup_percpu: NR_CPUS:64 nr_cpumask_bits:32 nr_cpu_ids:32 nr_node_ids:1
[    0.052978] percpu: Embedded 70 pages/cpu s247896 r8192 d30632 u524288
[    0.053493] Kernel command line: virtme_hostname=virtme-ng nr_open=1048576 virtme_link_mods=/nipa-data/kernel/.virtme_mods/lib/modules/0.0.0 virtme_initmount0=nipa-data/kernel virtme_rw_overlay0=/etc virtme_rw_overlay1=/lib virtme_rw_overlay2=/home virtme_rw_overlay3=/opt virtme_rw_overlay4=/srv virtme_rw_overlay5=/usr virtme_rw_overlay6=/var console=hvc0 earlyprintk=serial,ttyS0,115200 virtme_console=ttyS0 psmouse.proto=exps TERM=xterm virtme_chdir=nipa-data/kernel virtme_root_user=1 rootfstype=9p rootflags=version=9p2000.L,trans=virtio,access=any raid=noautodetect ro init=/usr/lib/python3/dist-packages/virtme/guest/virtme-init
[    0.057521] Unknown kernel command line parameters "virtme_hostname=virtme-ng nr_open=1048576 virtme_link_mods=/nipa-data/kernel/.virtme_mods/lib/modules/0.0.0 virtme_initmount0=nipa-data/kernel virtme_rw_overlay0=/etc virtme_rw_overlay1=/lib virtme_rw_overlay2=/home virtme_rw_overlay3=/opt virtme_rw_overlay4=/srv virtme_rw_overlay5=/usr virtme_rw_overlay6=/var virtme_console=ttyS0 virtme_chdir=nipa-data/kernel virtme_root_user=1", will be passed to user space.
[    0.060577] random: crng init done
[    0.060815] printk: log buffer data + meta data: 262144 + 917504 = 1179648 bytes
[    0.061352] Dentry cache hash table entries: 131072 (order: 8, 1048576 bytes, linear)
[    0.061911] Inode-cache hash table entries: 65536 (order: 7, 524288 bytes, linear)
[    0.062846] Fallback order for Node 0: 0 
[    0.062850] Built 1 zonelists, mobility grouping on.  Total pages: 262014
[    0.063605] Policy zone: DMA32
[    0.063819] mem auto-init: stack:all(zero), heap alloc:off, heap free:off
[    0.064294] stackdepot: allocating hash table via alloc_large_system_hash
[    0.064769] stackdepot hash table entries: 1048576 (order: 12, 16777216 bytes, linear)
[    0.072641] SLUB: HWalign=64, Order=0-3, MinObjects=0, CPUs=32, Nodes=1
Poking KASLR using RDRAND RDTSC...
[    0.073396] ftrace: allocating 48832 entries in 191 pages
[    0.090362] ftrace: allocated 191 pages with 7 groups
[    0.091543] Dynamic Preempt: voluntary
[    0.092232] rcu: Preemptible hierarchical RCU implementation.
[    0.092630] rcu: RCU event tracing is enabled.
[    0.092944] rcu: RCU restricting CPUs from NR_CPUS=64 to nr_cpu_ids=32.
[    0.093408] Trampoline variant of Tasks RCU enabled.
[    0.093757] Rude variant of Tasks RCU enabled.
[    0.094070] Tracing variant of Tasks RCU enabled.
[    0.094401] rcu: RCU calculated value of scheduler-enlistment delay is 100 jiffies.
[    0.094933] rcu: Adjusting geometry for rcu_fanout_leaf=16, nr_cpu_ids=32
[    0.095465] RCU Tasks: Setting shift to 5 and lim to 1 rcu_task_cb_adjust=1 rcu_task_cpu_ids=32.
[    0.096075] RCU Tasks Rude: Setting shift to 5 and lim to 1 rcu_task_cb_adjust=1 rcu_task_cpu_ids=32.
[    0.096715] RCU Tasks Trace: Setting shift to 5 and lim to 1 rcu_task_cb_adjust=1 rcu_task_cpu_ids=32.
[    0.105800] NR_IRQS: 4352, nr_irqs: 680, preallocated irqs: 16
[    0.106451] rcu: srcu_init: Setting srcu_struct sizes based on contention.
[    0.107157] Console: colour *CGA 80x25
[    0.107449] ACPI: Core revision 20240827
[    0.107872] clocksource: hpet: mask: 0xffffffff max_cycles: 0xffffffff, max_idle_ns: 19112604467 ns
[    0.108574] APIC: Switch to symmetric I/O mode setup
[    0.108938] kvm-guest: APIC: send_IPI_mask() replaced with kvm_send_ipi_mask()
[    0.109440] kvm-guest: APIC: send_IPI_mask_allbutself() replaced with kvm_send_ipi_mask_allbutself()
[    0.110055] kvm-guest: setup PV IPIs
[    0.111123] ..TIMER: vector=0x30 apic1=0 pin1=2 apic2=-1 pin2=-1
[    0.111879] clocksource: tsc-early: mask: 0xffffffffffffffff max_cycles: 0x40be400eb43, max_idle_ns: 440795366972 ns
[    0.113173] Calibrating delay loop (skipped) preset value.. 8983.11 BogoMIPS (lpj=4491556)
[    0.114236] x86/cpu: User Mode Instruction Prevention (UMIP) activated
[    0.115227] Last level iTLB entries: 4KB 512, 2MB 255, 4MB 127
[    0.116172] Last level dTLB entries: 4KB 512, 2MB 255, 4MB 127, 1GB 0
[    0.117178] Spectre V1 : Mitigation: usercopy/swapgs barriers and __user pointer sanitization
[    0.118176] Spectre V2 : Mitigation: Enhanced / Automatic IBRS
[    0.118880] Spectre V2 : Spectre v2 / SpectreRSB mitigation: Filling RSB on context switch
[    0.119173] Spectre V2 : mitigation: Enabling conditional Indirect Branch Prediction Barrier
[    0.120174] Speculative Store Bypass: Mitigation: Speculative Store Bypass disabled via prctl
[    0.121172] Speculative Return Stack Overflow: IBPB-extending microcode not applied!
[    0.122171] Speculative Return Stack Overflow: WARNING: See https://kernel.org/doc/html/latest/admin-guide/hw-vuln/srso.html for mitigation options.
[    0.122173] Speculative Return Stack Overflow: Vulnerable: Safe RET, no microcode
[    0.124186] x86/fpu: Supporting XSAVE feature 0x001: 'x87 floating point registers'
[    0.125171] x86/fpu: Supporting XSAVE feature 0x002: 'SSE registers'
[    0.126171] x86/fpu: Supporting XSAVE feature 0x004: 'AVX registers'
[    0.126921] x86/fpu: Supporting XSAVE feature 0x020: 'AVX-512 opmask'
[    0.127172] x86/fpu: Supporting XSAVE feature 0x040: 'AVX-512 Hi256'
[    0.128171] x86/fpu: Supporting XSAVE feature 0x080: 'AVX-512 ZMM_Hi256'
[    0.129171] x86/fpu: Supporting XSAVE feature 0x200: 'Protection Keys User registers'
[    0.130172] x86/fpu: xstate_offset[2]:  576, xstate_sizes[2]:  256
[    0.130901] x86/fpu: xstate_offset[5]:  832, xstate_sizes[5]:   64
[    0.131171] x86/fpu: xstate_offset[6]:  896, xstate_sizes[6]:  512
[    0.132172] x86/fpu: xstate_offset[7]: 1408, xstate_sizes[7]: 1024
[    0.133171] x86/fpu: xstate_offset[9]: 2432, xstate_sizes[9]:    8
[    0.133901] x86/fpu: Enabled xstate features 0x2e7, context size is 2440 bytes, using 'compacted' format.
[    0.153417] Freeing SMP alternatives memory: 40K
[    0.153967] pid_max: default: 32768 minimum: 301
[    0.154285] Mount-cache hash table entries: 2048 (order: 2, 16384 bytes, linear)
[    0.155173] Mountpoint-cache hash table entries: 2048 (order: 2, 16384 bytes, linear)
[    0.156765] smpboot: CPU0: AMD Ryzen 9 7950X 16-Core Processor (family: 0x19, model: 0x61, stepping: 0x2)
[    0.157614] Performance Events: Fam17h+ core perfctr, AMD PMU driver.
[    0.158176] ... version:                0
[    0.158651] ... bit width:              48
[    0.159136] ... generic registers:      6
[    0.159173] ... value mask:             0000ffffffffffff
[    0.159805] ... max period:             00007fffffffffff
[    0.160173] ... fixed-purpose events:   0
[    0.160650] ... event mask:             000000000000003f
[    0.161280] signal: max sigframe size: 3376
[    0.161817] rcu: Hierarchical SRCU implementation.
[    0.162174] rcu: Max phase no-delay instances is 400.
[    0.162851] Timer migration: 2 hierarchy levels; 8 children per group; 2 crossnode level
[    0.166744] smp: Bringing up secondary CPUs ...
[    0.167345] smpboot: x86: Booting SMP configuration:
[    0.167932] .... node  #0, CPUs:        #1  #2  #3  #4  #5  #6  #7  #8  #9 #10 #11 #12 #13 #14 #15 #16 #17 #18 #19 #20 #21 #22 #23 #24 #25 #26 #27 #28 #29 #30 #31
[    0.194286] smp: Brought up 1 node, 32 CPUs
[    0.195681] smpboot: Total of 32 processors activated (287459.58 BogoMIPS)
[    0.199299] Memory: 763396K/1048056K available (45056K kernel code, 11468K rwdata, 10088K rodata, 6052K init, 1632K bss, 269016K reserved, 0K cma-reserved)
[    0.200288] devtmpfs: initialized
[    0.200743] x86/mm: Memory block size: 128MB
[    0.206800] clocksource: jiffies: mask: 0xffffffff max_cycles: 0xffffffff, max_idle_ns: 1911260446275000 ns
[    0.207178] futex hash table entries: 8192 (order: 7, 524288 bytes, linear)
[    0.208360] PM: RTC time: 15:29:06, date: 2024-12-22
[    0.209631] NET: Registered PF_NETLINK/PF_ROUTE protocol family
[    0.210990] thermal_sys: Registered thermal governor 'step_wise'
[    0.210992] thermal_sys: Registered thermal governor 'user_space'
[    0.211199] cpuidle: using governor menu
[    0.213448] PCI: Using configuration type 1 for base access
[    0.214132] PCI: Using configuration type 1 for extended access
[    0.214298] kprobes: kprobe jump-optimization is enabled. All kprobes are optimized if possible.
[    0.232271] HugeTLB: registered 1.00 GiB page size, pre-allocated 0 pages
[    0.233174] HugeTLB: 16380 KiB vmemmap can be freed for a 1.00 GiB page
[    0.233980] HugeTLB: registered 2.00 MiB page size, pre-allocated 0 pages
[    0.234173] HugeTLB: 28 KiB vmemmap can be freed for a 2.00 MiB page
[    0.235485] ACPI: Added _OSI(Module Device)
[    0.236174] ACPI: Added _OSI(Processor Device)
[    0.236717] ACPI: Added _OSI(3.0 _SCP Extensions)
[    0.237174] ACPI: Added _OSI(Processor Aggregator Device)
[    0.259769] ACPI: 1 ACPI AML tables successfully acquired and loaded
[    0.263780] ACPI: Interpreter enabled
[    0.264231] ACPI: PM: (supports S0 S3 S4 S5)
[    0.264751] ACPI: Using IOAPIC for interrupt routing
[    0.265225] PCI: Using host bridge windows from ACPI; if necessary, use "pci=nocrs" and report a bug
[    0.266173] PCI: Using E820 reservations for host bridge windows
[    0.267893] ACPI: Enabled 2 GPEs in block 00 to 0F
[    0.312100] ACPI: PCI Root Bridge [PCI0] (domain 0000 [bus 00-ff])
[    0.312187] acpi PNP0A03:00: _OSC: OS supports [ExtendedConfig ASPM ClockPM Segments MSI HPX-Type3]
[    0.313638] PCI host bridge to bus 0000:00
[    0.314189] pci_bus 0000:00: root bus resource [io  0x0000-0x0cf7 window]
[    0.315015] pci_bus 0000:00: root bus resource [io  0x0d00-0xffff window]
[    0.315176] pci_bus 0000:00: root bus resource [mem 0x000a0000-0x000bffff window]
[    0.316086] pci_bus 0000:00: root bus resource [mem 0x40000000-0xfebfffff window]
[    0.316176] pci_bus 0000:00: root bus resource [mem 0x100000000-0x17fffffff window]
[    0.317102] pci_bus 0000:00: root bus resource [bus 00-ff]
[    0.317267] pci 0000:00:00.0: [8086:1237] type 00 class 0x060000 conventional PCI endpoint
[    0.318986] pci 0000:00:01.0: [8086:7000] type 00 class 0x060100 conventional PCI endpoint
[    0.320026] pci 0000:00:01.1: [8086:7010] type 00 class 0x010180 conventional PCI endpoint
[    0.321297] pci 0000:00:01.1: BAR 4 [io  0xc0c0-0xc0cf]
[    0.322357] pci 0000:00:01.1: BAR 0 [io  0x01f0-0x01f7]: legacy IDE quirk
[    0.323174] pci 0000:00:01.1: BAR 1 [io  0x03f6]: legacy IDE quirk
[    0.323929] pci 0000:00:01.1: BAR 2 [io  0x0170-0x0177]: legacy IDE quirk
[    0.324174] pci 0000:00:01.1: BAR 3 [io  0x0376]: legacy IDE quirk
[    0.325581] pci 0000:00:01.3: [8086:7113] type 00 class 0x068000 conventional PCI endpoint
[    0.326423] pci 0000:00:01.3: quirk: [io  0x0600-0x063f] claimed by PIIX4 ACPI
[    0.327178] pci 0000:00:01.3: quirk: [io  0x0700-0x070f] claimed by PIIX4 SMB
[    0.328741] pci 0000:00:02.0: [1af4:1009] type 00 class 0x000200 conventional PCI endpoint
[    0.329534] pci 0000:00:02.0: BAR 0 [io  0xc000-0xc03f]
[    0.330374] pci 0000:00:02.0: BAR 1 [mem 0xfebfc000-0xfebfcfff]
[    0.333042] pci 0000:00:02.0: BAR 4 [mem 0xfebf0000-0xfebf3fff 64bit pref]
[    0.344766] pci 0000:00:03.0: [1af4:1009] type 00 class 0x000200 conventional PCI endpoint
[    0.345513] pci 0000:00:03.0: BAR 0 [io  0xc040-0xc07f]
[    0.346306] pci 0000:00:03.0: BAR 1 [mem 0xfebfd000-0xfebfdfff]
[    0.347825] pci 0000:00:03.0: BAR 4 [mem 0xfebf4000-0xfebf7fff 64bit pref]
[    0.359144] pci 0000:00:04.0: [8086:25ab] type 00 class 0x088000 conventional PCI endpoint
[    0.359315] pci 0000:00:04.0: BAR 0 [mem 0xfebfe000-0xfebfe00f]
[    0.371163] pci 0000:00:05.0: [1af4:1003] type 00 class 0x078000 conventional PCI endpoint
[    0.371462] pci 0000:00:05.0: BAR 0 [io  0xc080-0xc0bf]
[    0.372281] pci 0000:00:05.0: BAR 1 [mem 0xfebff000-0xfebfffff]
[    0.373759] pci 0000:00:05.0: BAR 4 [mem 0xfebf8000-0xfebfbfff 64bit pref]
[    0.387233] ACPI: PCI: Interrupt link LNKA configured for IRQ 10
[    0.388850] ACPI: PCI: Interrupt link LNKB configured for IRQ 10
[    0.390039] ACPI: PCI: Interrupt link LNKC configured for IRQ 11
[    0.391029] ACPI: PCI: Interrupt link LNKD configured for IRQ 11
[    0.391535] ACPI: PCI: Interrupt link LNKS configured for IRQ 9
[    0.409258] iommu: Default domain type: Translated
[    0.409851] iommu: DMA domain TLB invalidation policy: lazy mode
[    0.410613] SCSI subsystem initialized
[    0.411378] pps_core: LinuxPPS API ver. 1 registered
[    0.411980] pps_core: Software ver. 5.3.6 - Copyright 2005-2007 Rodolfo Giometti <giometti@linux.it>
[    0.412188] PTP clock support registered
[    0.412739] Advanced Linux Sound Architecture Driver Initialized.
[    0.414238] NET: Registered PF_ATMPVC protocol family
[    0.414859] NET: Registered PF_ATMSVC protocol family
[    0.415210] PCI: Using ACPI for IRQ routing
[    0.415845] vgaarb: loaded
[    0.416287] hpet0: at MMIO 0xfed00000, IRQs 2, 8, 0
[    0.416892] hpet0: 3 comparators, 64-bit 100.000000 MHz counter
[    0.421505] clocksource: Switched to clocksource kvm-clock
[    0.422394] VFS: Disk quotas dquot_6.6.0
[    0.422884] VFS: Dquot-cache hash table entries: 512 (order 0, 4096 bytes)
[    0.424390] pnp: PnP ACPI init
[    0.426968] pnp: PnP ACPI: found 5 devices
[    0.438457] clocksource: acpi_pm: mask: 0xffffff max_cycles: 0xffffff, max_idle_ns: 2085701024 ns
[    0.439604] NET: Registered PF_INET protocol family
[    0.440257] IP idents hash table entries: 16384 (order: 5, 131072 bytes, linear)
[    0.441518] tcp_listen_portaddr_hash hash table entries: 512 (order: 1, 8192 bytes, linear)
[    0.442542] Table-perturb hash table entries: 65536 (order: 6, 262144 bytes, linear)
[    0.443518] TCP established hash table entries: 8192 (order: 4, 65536 bytes, linear)
[    0.444451] TCP bind hash table entries: 8192 (order: 6, 262144 bytes, linear)
[    0.445326] TCP: Hash tables configured (established 8192 bind 8192)
[    0.446240] UDP hash table entries: 512 (order: 3, 32768 bytes, linear)
[    0.447036] UDP-Lite hash table entries: 512 (order: 3, 32768 bytes, linear)
[    0.448092] NET: Registered PF_UNIX/PF_LOCAL protocol family
[    0.448790] pci_bus 0000:00: resource 4 [io  0x0000-0x0cf7 window]
[    0.449532] pci_bus 0000:00: resource 5 [io  0x0d00-0xffff window]
[    0.450273] pci_bus 0000:00: resource 6 [mem 0x000a0000-0x000bffff window]
[    0.451092] pci_bus 0000:00: resource 7 [mem 0x40000000-0xfebfffff window]
[    0.451918] pci_bus 0000:00: resource 8 [mem 0x100000000-0x17fffffff window]
[    0.452945] pci 0000:00:01.0: PIIX3: Enabling Passive Release
[    0.453640] pci 0000:00:00.0: Limiting direct PCI/PCI transfers
[    0.454394] PCI: CLS 0 bytes, default 64
[    0.454941] kvm_intel: VMX not supported by CPU 0
[    0.455693] kvm_amd: TSC scaling supported
[    0.456185] kvm_amd: Nested Virtualization enabled
[    0.456764] kvm_amd: Nested Paging enabled
[    0.457261] kvm_amd: LBR virtualization supported
[    0.457834] kvm_amd: Virtual GIF supported
[    0.458324] kvm_amd: Virtual NMI enabled
[    0.500459] clocksource: tsc: mask: 0xffffffffffffffff max_cycles: 0x40be400eb43, max_idle_ns: 440795366972 ns
[    0.519510] Initialise system trusted keyrings
[    0.520202] workingset: timestamp_bits=56 max_order=18 bucket_order=0
[    0.521093] squashfs: version 4.0 (2009/01/31) Phillip Lougher
[    0.521824] fuse: init (API version 7.41)
[    0.522439] 9p: Installing v9fs 9p2000 file system support
[    0.533383] Key type asymmetric registered
[    0.533883] Asymmetric key parser 'x509' registered
[    0.534530] Block layer SCSI generic (bsg) driver version 0.4 loaded (major 249)
[    0.535454] io scheduler mq-deadline registered
[    0.536008] io scheduler kyber registered
[    0.538612] input: Power Button as /devices/LNXSYSTM:00/LNXPWRBN:00/input/input0
[    0.539718] ACPI: button: Power Button [PWRF]
[    0.541511] Warning: Processor Platform Limit event detected, but not handled.
[    0.542391] Consider compiling CPUfreq support into your kernel.
[    1.337916] ACPI: \_SB_.LNKB: Enabled at IRQ 10
[    2.128277] ACPI: \_SB_.LNKC: Enabled at IRQ 11
[    2.918412] ACPI: \_SB_.LNKA: Enabled at IRQ 10
[    2.919738] Serial: 8250/16550 driver, 4 ports, IRQ sharing enabled
[    2.920832] 00:03: ttyS0 at I/O 0x3f8 (irq = 4, base_baud = 115200) is a 16550A
[    2.949685] Non-volatile memory driver v1.3
[    2.950212] Linux agpgart interface v0.103
[    2.950875] ACPI: bus type drm_connector registered
[    2.951503] printk: legacy console [hvc0] enabled
[    2.952118] printk: legacy bootconsole [earlyser0] disabled
          _      _                                    
   __   _(_)_ __| |_ _ __ ___   ___       _ __   __ _ 
   \ \ / / |  __| __|  _   _ \ / _ \_____|  _ \ / _  |
    \ V /| | |  | |_| | | | | |  __/_____| | | | (_| |
     \_/ |_|_|   \__|_| |_| |_|\___|     |_| |_|\__  |
                                                |___/ 
   kernel version: 6.13.0-rc3-virtme x86_64
   (CTRL+d to exit)

root@virtme-ng:/nipa-data/kernel# PS1='xx__-> '
xx__-> env
PWD=/nipa-data/kernel
nr_open=1048576
HOME=/
TERM=xterm
SHLVL=2
XDG_RUNTIME_DIR=/run/user/0
PATH=/bin:/sbin:/usr/bin:/usr/sbin:/usr/local/bin
OLDPWD=/
_=/bin/env
xx__-> 