No EFI environment detected.
early console in extract_kernel
input_data: 0x00000000029eb2b9
input_len: 0x0000000000b2439f
output: 0x0000000001000000
output_len: 0x00000000024ca550
kernel_total_size: 0x0000000002230000
needed_size: 0x0000000002600000
trampoline_32bit: 0x0000000000000000
Physical KASLR using RDRAND RDTSC...
Virtual KASLR using RDRAND RDTSC...

Decompressing Linux... Parsing ELF... Performing relocations... done.
Booting the kernel (entry_offset: 0x0000000000000000).
[    0.000000] Linux version 6.9.0-rc5-virtme (root@86cf4d9e5267) (gcc (Alpine 13.2.1_git20240309) 13.2.1 20240309, GNU ld (GNU Binutils) 2.42) #1 SMP PREEMPT_DYNAMIC Sun Apr 28 18:06:19 UTC 2024
[    0.000000] Command line: virtme_hostname=virtme-ng nr_open=1048576 virtme_link_mods=/nipa-data/kernel/.virtme_mods/lib/modules/0.0.0 virtme_initmount0=nipa-data/kernel virtme_rw_overlay0=/etc virtme_rw_overlay1=/lib virtme_rw_overlay2=/home virtme_rw_overlay3=/opt virtme_rw_overlay4=/srv virtme_rw_overlay5=/usr virtme_rw_overlay6=/var console=hvc0 earlyprintk=serial,ttyS0,115200 virtme_console=ttyS0 psmouse.proto=exps TERM=xterm virtme_chdir=nipa-data/kernel virtme_root_user=1 rootfstype=9p rootflags=version=9p2000.L,trans=virtio,access=any raid=noautodetect ro init=/usr/lib/python3.12/site-packages/virtme/guest/virtme-init
[    0.000000] BIOS-provided physical RAM map:
[    0.000000] BIOS-e820: [mem 0x0000000000000000-0x000000000009fbff] usable
[    0.000000] BIOS-e820: [mem 0x000000000009fc00-0x000000000009ffff] reserved
[    0.000000] BIOS-e820: [mem 0x00000000000f0000-0x00000000000fffff] reserved
[    0.000000] BIOS-e820: [mem 0x0000000000100000-0x000000003ffdffff] usable
[    0.000000] BIOS-e820: [mem 0x000000003ffe0000-0x000000003fffffff] reserved
[    0.000000] BIOS-e820: [mem 0x00000000feffc000-0x00000000feffffff] reserved
[    0.000000] BIOS-e820: [mem 0x00000000fffc0000-0x00000000ffffffff] reserved
[    0.000000] BIOS-e820: [mem 0x000000fd00000000-0x000000ffffffffff] reserved
[    0.000000] printk: legacy bootconsole [earlyser0] enabled
[    0.000000] NX (Execute Disable) protection: active
[    0.000000] APIC: Static calls initialized
[    0.000000] SMBIOS 3.0.0 present.
[    0.000000] DMI: QEMU Standard PC (i440FX + PIIX, 1996), BIOS rel-1.16.3-0-ga6ed6b701f0a-prebuilt.qemu.org 04/01/2014
[    0.000000] Hypervisor detected: KVM
[    0.000000] kvm-clock: Using msrs 4b564d01 and 4b564d00
[    0.000000] kvm-clock: using sched offset of 273401455 cycles
[    0.000382] clocksource: kvm-clock: mask: 0xffffffffffffffff max_cycles: 0x1cd42e4dffb, max_idle_ns: 881590591483 ns
[    0.001569] tsc: Detected 4491.556 MHz processor
[    0.002168] last_pfn = 0x3ffe0 max_arch_pfn = 0x400000000
[    0.002586] MTRR map: 4 entries (3 fixed + 1 variable; max 19), built from 8 variable MTRRs
[    0.003195] x86/PAT: Configuration [0-7]: WB  WC  UC- UC  WB  WP  UC- WT  
Memory KASLR using RDRAND RDTSC...
[    0.005235] found SMP MP-table at [mem 0x000f5470-0x000f547f]
[    0.005659] Using GB pages for direct mapping
[    0.006022] ACPI: Early table checksum verification disabled
[    0.006434] ACPI: RSDP 0x00000000000F5290 000014 (v00 BOCHS )
[    0.006853] ACPI: RSDT 0x000000003FFE27BC 000034 (v01 BOCHS  BXPC     00000001 BXPC 00000001)
[    0.007475] ACPI: FACP 0x000000003FFE2578 000074 (v01 BOCHS  BXPC     00000001 BXPC 00000001)
[    0.008097] ACPI: DSDT 0x000000003FFE0040 002538 (v01 BOCHS  BXPC     00000001 BXPC 00000001)
[    0.008717] ACPI: FACS 0x000000003FFE0000 000040
[    0.009055] ACPI: APIC 0x000000003FFE25EC 000170 (v03 BOCHS  BXPC     00000001 BXPC 00000001)
[    0.009676] ACPI: HPET 0x000000003FFE275C 000038 (v01 BOCHS  BXPC     00000001 BXPC 00000001)
[    0.010296] ACPI: WAET 0x000000003FFE2794 000028 (v01 BOCHS  BXPC     00000001 BXPC 00000001)
[    0.010918] ACPI: Reserving FACP table memory at [mem 0x3ffe2578-0x3ffe25eb]
[    0.011432] ACPI: Reserving DSDT table memory at [mem 0x3ffe0040-0x3ffe2577]
[    0.011943] ACPI: Reserving FACS table memory at [mem 0x3ffe0000-0x3ffe003f]
[    0.012452] ACPI: Reserving APIC table memory at [mem 0x3ffe25ec-0x3ffe275b]
[    0.012964] ACPI: Reserving HPET table memory at [mem 0x3ffe275c-0x3ffe2793]
[    0.013473] ACPI: Reserving WAET table memory at [mem 0x3ffe2794-0x3ffe27bb]
[    0.014122] No NUMA configuration found
[    0.014400] Faking a node at [mem 0x0000000000000000-0x000000003ffdffff]
[    0.014885] NODE_DATA(0) allocated [mem 0x3ffdb000-0x3ffdffff]
[    0.015317] Zone ranges:
[    0.015500]   DMA      [mem 0x0000000000001000-0x0000000000ffffff]
[    0.015947]   DMA32    [mem 0x0000000001000000-0x000000003ffdffff]
[    0.016394]   Normal   empty
[    0.016602]   Device   empty
[    0.016810] Movable zone start for each node
[    0.017122] Early memory node ranges
[    0.017380]   node   0: [mem 0x0000000000001000-0x000000000009efff]
[    0.017836]   node   0: [mem 0x0000000000100000-0x000000003ffdffff]
[    0.018291] Initmem setup node 0 [mem 0x0000000000001000-0x000000003ffdffff]
[    0.018803] On node 0, zone DMA: 1 pages in unavailable ranges
[    0.019235] On node 0, zone DMA: 97 pages in unavailable ranges
[    0.020621] On node 0, zone DMA32: 32 pages in unavailable ranges
[    0.021266] ACPI: PM-Timer IO Port: 0x608
[    0.021561] ACPI: LAPIC_NMI (acpi_id[0xff] dfl dfl lint[0x1])
[    0.022000] IOAPIC[0]: apic_id 0, version 17, address 0xfec00000, GSI 0-23
[    0.022504] ACPI: INT_SRC_OVR (bus 0 bus_irq 0 global_irq 2 dfl dfl)
[    0.022968] ACPI: INT_SRC_OVR (bus 0 bus_irq 5 global_irq 5 high level)
[    0.023449] ACPI: INT_SRC_OVR (bus 0 bus_irq 9 global_irq 9 high level)
[    0.023930] ACPI: INT_SRC_OVR (bus 0 bus_irq 10 global_irq 10 high level)
[    0.024424] ACPI: INT_SRC_OVR (bus 0 bus_irq 11 global_irq 11 high level)
[    0.024922] ACPI: Using ACPI (MADT) for SMP configuration information
[    0.025391] ACPI: HPET id: 0x8086a201 base: 0xfed00000
[    0.025765] TSC deadline timer available
[    0.026054] CPU topo: Max. logical packages:   1
[    0.026393] CPU topo: Max. logical dies:       1
[    0.026730] CPU topo: Max. dies per package:   1
[    0.027069] CPU topo: Max. threads per core:   1
[    0.027405] CPU topo: Num. cores per package:    32
[    0.027760] CPU topo: Num. threads per package:  32
[    0.028114] CPU topo: Allowing 32 present CPUs plus 0 hotplug CPUs
[    0.028575] kvm-guest: APIC: eoi() replaced with kvm_guest_apic_eoi_write()
[    0.029098] kvm-guest: KVM setup pv remote TLB flush
[    0.029461] kvm-guest: setup PV sched yield
[    0.029771] PM: hibernation: Registered nosave memory: [mem 0x00000000-0x00000fff]
[    0.030324] PM: hibernation: Registered nosave memory: [mem 0x0009f000-0x0009ffff]
[    0.030877] PM: hibernation: Registered nosave memory: [mem 0x000a0000-0x000effff]
[    0.031429] PM: hibernation: Registered nosave memory: [mem 0x000f0000-0x000fffff]
[    0.031981] [mem 0x40000000-0xfeffbfff] available for PCI devices
[    0.032426] Booting paravirtualized kernel on KVM
[    0.032773] clocksource: refined-jiffies: mask: 0xffffffff max_cycles: 0xffffffff, max_idle_ns: 1910969940391419 ns
[    0.036376] setup_percpu: NR_CPUS:64 nr_cpumask_bits:32 nr_cpu_ids:32 nr_node_ids:1
[    0.037564] percpu: Embedded 58 pages/cpu s198952 r8192 d30424 u262144
[    0.038074] Kernel command line: virtme_hostname=virtme-ng nr_open=1048576 virtme_link_mods=/nipa-data/kernel/.virtme_mods/lib/modules/0.0.0 virtme_initmount0=nipa-data/kernel virtme_rw_overlay0=/etc virtme_rw_overlay1=/lib virtme_rw_overlay2=/home virtme_rw_overlay3=/opt virtme_rw_overlay4=/srv virtme_rw_overlay5=/usr virtme_rw_overlay6=/var console=hvc0 earlyprintk=serial,ttyS0,115200 virtme_console=ttyS0 psmouse.proto=exps TERM=xterm virtme_chdir=nipa-data/kernel virtme_root_user=1 rootfstype=9p rootflags=version=9p2000.L,trans=virtio,access=any raid=noautodetect ro init=/usr/lib/python3.12/site-packages/virtme/guest/virtme-init
[    0.042417] Unknown kernel command line parameters "virtme_hostname=virtme-ng nr_open=1048576 virtme_link_mods=/nipa-data/kernel/.virtme_mods/lib/modules/0.0.0 virtme_initmount0=nipa-data/kernel virtme_rw_overlay0=/etc virtme_rw_overlay1=/lib virtme_rw_overlay2=/home virtme_rw_overlay3=/opt virtme_rw_overlay4=/srv virtme_rw_overlay5=/usr virtme_rw_overlay6=/var virtme_console=ttyS0 virtme_chdir=nipa-data/kernel virtme_root_user=1", will be passed to user space.
[    0.045703] random: crng init done
[    0.045989] Dentry cache hash table entries: 131072 (order: 8, 1048576 bytes, linear)
[    0.046596] Inode-cache hash table entries: 65536 (order: 7, 524288 bytes, linear)
[    0.047252] Fallback order for Node 0: 0 
[    0.047255] Built 1 zonelists, mobility grouping on.  Total pages: 257760
[    0.048070] Policy zone: DMA32
[    0.048301] mem auto-init: stack:all(zero), heap alloc:off, heap free:off
[    0.049606] Memory: 986620K/1048056K available (16384K kernel code, 2403K rwdata, 6108K rodata, 3056K init, 2100K bss, 61176K reserved, 0K cma-reserved)
[    0.050676] SLUB: HWalign=64, Order=0-3, MinObjects=0, CPUs=32, Nodes=1
Poking KASLR using RDRAND RDTSC...
[    0.051462] ftrace: allocating 47585 entries in 186 pages
[    0.058662] ftrace: allocated 186 pages with 5 groups
[    0.059684] Dynamic Preempt: voluntary
[    0.060116] rcu: Preemptible hierarchical RCU implementation.
[    0.060553] rcu: RCU event tracing is enabled.
[    0.060931] rcu: RCU restricting CPUs from NR_CPUS=64 to nr_cpu_ids=32.
[    0.061550] Trampoline variant of Tasks RCU enabled.
[    0.062017] Rude variant of Tasks RCU enabled.
[    0.062432] Tracing variant of Tasks RCU enabled.
[    0.062874] rcu: RCU calculated value of scheduler-enlistment delay is 100 jiffies.
[    0.063575] rcu: Adjusting geometry for rcu_fanout_leaf=16, nr_cpu_ids=32
[    0.064143] RCU Tasks: Setting shift to 5 and lim to 1 rcu_task_cb_adjust=1.
[    0.064708] RCU Tasks Rude: Setting shift to 5 and lim to 1 rcu_task_cb_adjust=1.
[    0.065290] RCU Tasks Trace: Setting shift to 5 and lim to 1 rcu_task_cb_adjust=1.
[    0.067273] NR_IRQS: 4352, nr_irqs: 680, preallocated irqs: 16
[    0.067885] rcu: srcu_init: Setting srcu_struct sizes based on contention.
[    0.068547] Console: colour *CGA 80x25
[    0.068857] ACPI: Core revision 20230628
[    0.069296] clocksource: hpet: mask: 0xffffffff max_cycles: 0xffffffff, max_idle_ns: 19112604467 ns
[    0.070190] APIC: Switch to symmetric I/O mode setup
[    0.070641] APIC: Switched APIC routing to: physical flat
[    0.071133] kvm-guest: APIC: send_IPI_mask() replaced with kvm_send_ipi_mask()
[    0.071757] kvm-guest: APIC: send_IPI_mask_allbutself() replaced with kvm_send_ipi_mask_allbutself()
[    0.072468] kvm-guest: setup PV IPIs
[    0.073523] ..TIMER: vector=0x30 apic1=0 pin1=2 apic2=-1 pin2=-1
[    0.074344] tsc: Marking TSC unstable due to TSCs unsynchronized
[    0.075151] Calibrating delay loop (skipped) preset value.. 8983.11 BogoMIPS (lpj=4491556)
[    0.076212] x86/cpu: User Mode Instruction Prevention (UMIP) activated
[    0.077199] Last level iTLB entries: 4KB 512, 2MB 255, 4MB 127
[    0.077967] Last level dTLB entries: 4KB 512, 2MB 255, 4MB 127, 1GB 0
[    0.078154] Spectre V1 : Mitigation: usercopy/swapgs barriers and __user pointer sanitization
[    0.079153] Spectre V2 : Mitigation: Enhanced / Automatic IBRS
[    0.080150] Spectre V2 : Spectre v2 / SpectreRSB mitigation: Filling RSB on context switch
[    0.081151] Spectre V2 : mitigation: Enabling conditional Indirect Branch Prediction Barrier
[    0.082151] Speculative Store Bypass: Mitigation: Speculative Store Bypass disabled via prctl
[    0.083150] Speculative Return Stack Overflow: IBPB-extending microcode not applied!
[    0.084150] Speculative Return Stack Overflow: WARNING: See https://kernel.org/doc/html/latest/admin-guide/hw-vuln/srso.html for mitigation options.
[    0.084151] Speculative Return Stack Overflow: Vulnerable: Safe RET, no microcode
[    0.086165] x86/fpu: Supporting XSAVE feature 0x001: 'x87 floating point registers'
[    0.087150] x86/fpu: Supporting XSAVE feature 0x002: 'SSE registers'
[    0.087977] x86/fpu: Supporting XSAVE feature 0x004: 'AVX registers'
[    0.088150] x86/fpu: Supporting XSAVE feature 0x020: 'AVX-512 opmask'
[    0.089150] x86/fpu: Supporting XSAVE feature 0x040: 'AVX-512 Hi256'
[    0.090150] x86/fpu: Supporting XSAVE feature 0x080: 'AVX-512 ZMM_Hi256'
[    0.091150] x86/fpu: Supporting XSAVE feature 0x200: 'Protection Keys User registers'
[    0.092150] x86/fpu: xstate_offset[2]:  576, xstate_sizes[2]:  256
[    0.093149] x86/fpu: xstate_offset[5]:  832, xstate_sizes[5]:   64
[    0.094150] x86/fpu: xstate_offset[6]:  896, xstate_sizes[6]:  512
[    0.094952] x86/fpu: xstate_offset[7]: 1408, xstate_sizes[7]: 1024
[    0.095150] x86/fpu: xstate_offset[9]: 2432, xstate_sizes[9]:    8
[    0.096149] x86/fpu: Enabled xstate features 0x2e7, context size is 2440 bytes, using 'compacted' format.
[    0.114330] Freeing SMP alternatives memory: 40K
[    0.115138] pid_max: default: 32768 minimum: 301
[    0.115186] Mount-cache hash table entries: 2048 (order: 2, 16384 bytes, linear)
[    0.116151] Mountpoint-cache hash table entries: 2048 (order: 2, 16384 bytes, linear)
[    0.117358] smpboot: CPU0: AMD Ryzen 9 7950X 16-Core Processor (family: 0x19, model: 0x61, stepping: 0x2)
[    0.118305] Performance Events: Fam17h+ core perfctr, AMD PMU driver.
[    0.119155] ... version:                0
[    0.119826] ... bit width:              48
[    0.120151] ... generic registers:      6
[    0.120818] ... value mask:             0000ffffffffffff
[    0.121151] ... max period:             00007fffffffffff
[    0.122039] ... fixed-purpose events:   0
[    0.122151] ... event mask:             000000000000003f
[    0.123156] signal: max sigframe size: 3376
[    0.123881] rcu: Hierarchical SRCU implementation.
[    0.124152] rcu: Max phase no-delay instances is 400.
[    0.127906] smp: Bringing up secondary CPUs ...
[    0.128223] smpboot: x86: Booting SMP configuration:
[    0.129071] .... node  #0, CPUs:        #1  #2  #3  #4  #5  #6  #7  #8  #9 #10 #11 #12 #13 #14 #15 #16 #17 #18 #19 #20 #21 #22 #23 #24 #25 #26 #27 #28 #29 #30 #31
[    0.147329] smp: Brought up 1 node, 32 CPUs
[    0.148856] smpboot: Total of 32 processors activated (287459.58 BogoMIPS)
[    0.151239] devtmpfs: initialized
[    0.152187] x86/mm: Memory block size: 128MB
[    0.153995] clocksource: jiffies: mask: 0xffffffff max_cycles: 0xffffffff, max_idle_ns: 1911260446275000 ns
[    0.154155] futex hash table entries: 8192 (order: 7, 524288 bytes, linear)
[    0.155250] PM: RTC time: 18:06:50, date: 2024-04-28
[    0.156587] NET: Registered PF_NETLINK/PF_ROUTE protocol family
[    0.157322] thermal_sys: Registered thermal governor 'step_wise'
[    0.157323] thermal_sys: Registered thermal governor 'user_space'
[    0.158170] cpuidle: using governor menu
[    0.161157] PCI: Using configuration type 1 for base access
[    0.162104] PCI: Using configuration type 1 for extended access
[    0.162240] kprobes: kprobe jump-optimization is enabled. All kprobes are optimized if possible.
[    0.182297] HugeTLB: registered 1.00 GiB page size, pre-allocated 0 pages
[    0.183151] HugeTLB: 16380 KiB vmemmap can be freed for a 1.00 GiB page
[    0.184042] HugeTLB: registered 2.00 MiB page size, pre-allocated 0 pages
[    0.185151] HugeTLB: 28 KiB vmemmap can be freed for a 2.00 MiB page
[    0.186157] Demotion targets for Node 0: null
[    0.186202] ACPI: Added _OSI(Module Device)
[    0.186763] ACPI: Added _OSI(Processor Device)
[    0.188151] ACPI: Added _OSI(3.0 _SCP Extensions)
[    0.188776] ACPI: Added _OSI(Processor Aggregator Device)
[    0.189887] ACPI: 1 ACPI AML tables successfully acquired and loaded
[    0.192156] ACPI: _OSC evaluation for CPUs failed, trying _PDC
[    0.193078] ACPI: Interpreter enabled
[    0.193160] ACPI: PM: (supports S0 S3 S4 S5)
[    0.193737] ACPI: Using IOAPIC for interrupt routing
[    0.194159] PCI: Using host bridge windows from ACPI; if necessary, use "pci=nocrs" and report a bug
[    0.195151] PCI: Using E820 reservations for host bridge windows
[    0.196043] ACPI: Enabled 2 GPEs in block 00 to 0F
[    0.199811] ACPI: PCI Root Bridge [PCI0] (domain 0000 [bus 00-ff])
[    0.200154] acpi PNP0A03:00: _OSC: OS supports [ExtendedConfig ASPM ClockPM Segments MSI HPX-Type3]
[    0.202243] PCI host bridge to bus 0000:00
[    0.202780] pci_bus 0000:00: root bus resource [io  0x0000-0x0cf7 window]
[    0.203151] pci_bus 0000:00: root bus resource [io  0x0d00-0xffff window]
[    0.204056] pci_bus 0000:00: root bus resource [mem 0x000a0000-0x000bffff window]
[    0.205151] pci_bus 0000:00: root bus resource [mem 0x40000000-0xfebfffff window]
[    0.206143] pci_bus 0000:00: root bus resource [mem 0x100000000-0x17fffffff window]
[    0.207151] pci_bus 0000:00: root bus resource [bus 00-ff]
[    0.207973] pci 0000:00:00.0: [8086:1237] type 00 class 0x060000 conventional PCI endpoint
[    0.209407] pci 0000:00:01.0: [8086:7000] type 00 class 0x060100 conventional PCI endpoint
[    0.210483] pci 0000:00:01.1: [8086:7010] type 00 class 0x010180 conventional PCI endpoint
[    0.214636] pci 0000:00:01.1: BAR 4 [io  0xc0c0-0xc0cf]
[    0.216164] pci 0000:00:01.1: BAR 0 [io  0x01f0-0x01f7]: legacy IDE quirk
[    0.217081] pci 0000:00:01.1: BAR 1 [io  0x03f6]: legacy IDE quirk
[    0.218151] pci 0000:00:01.1: BAR 2 [io  0x0170-0x0177]: legacy IDE quirk
[    0.219057] pci 0000:00:01.1: BAR 3 [io  0x0376]: legacy IDE quirk
[    0.220251] pci 0000:00:01.3: [8086:7113] type 00 class 0x068000 conventional PCI endpoint
[    0.221405] pci 0000:00:01.3: quirk: [io  0x0600-0x063f] claimed by PIIX4 ACPI
[    0.223156] pci 0000:00:01.3: quirk: [io  0x0700-0x070f] claimed by PIIX4 SMB
[    0.224304] pci 0000:00:02.0: [1af4:1009] type 00 class 0x000200 conventional PCI endpoint
[    0.226152] pci 0000:00:02.0: BAR 0 [io  0xc000-0xc03f]
[    0.228851] pci 0000:00:02.0: BAR 1 [mem 0xfebfc000-0xfebfcfff]
[    0.233861] pci 0000:00:02.0: BAR 4 [mem 0xfebf0000-0xfebf3fff 64bit pref]
[    0.236806] pci 0000:00:03.0: [1af4:1009] type 00 class 0x000200 conventional PCI endpoint
[    0.240152] pci 0000:00:03.0: BAR 0 [io  0xc040-0xc07f]
[    0.241886] pci 0000:00:03.0: BAR 1 [mem 0xfebfd000-0xfebfdfff]
[    0.247834] pci 0000:00:03.0: BAR 4 [mem 0xfebf4000-0xfebf7fff 64bit pref]
[    0.250730] pci 0000:00:04.0: [8086:25ab] type 00 class 0x088000 conventional PCI endpoint
[    0.251713] pci 0000:00:04.0: BAR 0 [mem 0xfebfe000-0xfebfe00f]
[    0.256533] pci 0000:00:05.0: [1af4:1003] type 00 class 0x078000 conventional PCI endpoint
[    0.259152] pci 0000:00:05.0: BAR 0 [io  0xc080-0xc0bf]
[    0.260829] pci 0000:00:05.0: BAR 1 [mem 0xfebff000-0xfebfffff]
[    0.266152] pci 0000:00:05.0: BAR 4 [mem 0xfebf8000-0xfebfbfff 64bit pref]
[    0.269621] ACPI: PCI: Interrupt link LNKA configured for IRQ 10
[    0.270265] ACPI: PCI: Interrupt link LNKB configured for IRQ 10
[    0.271170] ACPI: PCI: Interrupt link LNKC configured for IRQ 11
[    0.272079] ACPI: PCI: Interrupt link LNKD configured for IRQ 11
[    0.273225] ACPI: PCI: Interrupt link LNKS configured for IRQ 9
[    0.274954] iommu: Default domain type: Translated
[    0.276152] iommu: DMA domain TLB invalidation policy: lazy mode
[    0.277021] SCSI subsystem initialized
[    0.277182] pps_core: LinuxPPS API ver. 1 registered
[    0.277865] pps_core: Software ver. 5.3.6 - Copyright 2005-2007 Rodolfo Giometti <giometti@linux.it>
[    0.279154] PTP clock support registered
[    0.280179] Advanced Linux Sound Architecture Driver Initialized.
[    0.280500] NET: Registered PF_ATMPVC protocol family
[    0.281152] NET: Registered PF_ATMSVC protocol family
[    0.281843] PCI: Using ACPI for IRQ routing
[    0.283242] vgaarb: loaded
[    0.283525] hpet0: at MMIO 0xfed00000, IRQs 2, 8, 0
[    0.284152] hpet0: 3 comparators, 64-bit 100.000000 MHz counter
[    0.289828] clocksource: Switched to clocksource kvm-clock
[    0.290698] VFS: Disk quotas dquot_6.6.0
[    0.291286] VFS: Dquot-cache hash table entries: 512 (order 0, 4096 bytes)
[    0.292298] pnp: PnP ACPI init
[    0.292927] pnp: PnP ACPI: found 5 devices
[    0.301032] clocksource: acpi_pm: mask: 0xffffff max_cycles: 0xffffff, max_idle_ns: 2085701024 ns
[    0.302278] NET: Registered PF_INET protocol family
[    0.302959] IP idents hash table entries: 16384 (order: 5, 131072 bytes, linear)
[    0.304136] tcp_listen_portaddr_hash hash table entries: 512 (order: 1, 8192 bytes, linear)
[    0.305277] Table-perturb hash table entries: 65536 (order: 6, 262144 bytes, linear)
[    0.306331] TCP established hash table entries: 8192 (order: 4, 65536 bytes, linear)
[    0.307387] TCP bind hash table entries: 8192 (order: 6, 262144 bytes, linear)
[    0.308372] TCP: Hash tables configured (established 8192 bind 8192)
[    0.309249] UDP hash table entries: 512 (order: 2, 16384 bytes, linear)
[    0.310142] UDP-Lite hash table entries: 512 (order: 2, 16384 bytes, linear)
[    0.311125] NET: Registered PF_UNIX/PF_LOCAL protocol family
[    0.311889] pci_bus 0000:00: resource 4 [io  0x0000-0x0cf7 window]
[    0.312711] pci_bus 0000:00: resource 5 [io  0x0d00-0xffff window]
[    0.313540] pci_bus 0000:00: resource 6 [mem 0x000a0000-0x000bffff window]
[    0.314460] pci_bus 0000:00: resource 7 [mem 0x40000000-0xfebfffff window]
[    0.315394] pci_bus 0000:00: resource 8 [mem 0x100000000-0x17fffffff window]
[    0.316357] pci 0000:00:01.0: PIIX3: Enabling Passive Release
[    0.317127] pci 0000:00:00.0: Limiting direct PCI/PCI transfers
[    0.317954] PCI: CLS 0 bytes, default 64
[    0.318498] kvm_intel: VMX not supported by CPU 26
[    0.319156] kvm_amd: TSC scaling supported
[    0.319702] kvm_amd: Nested Virtualization enabled
[    0.320337] kvm_amd: Nested Paging enabled
[    0.320886] kvm_amd: Virtual VMLOAD VMSAVE supported
[    0.321539] kvm_amd: Virtual GIF supported
[    0.322081] kvm_amd: Virtual NMI enabled
[    0.322595] kvm_amd: LBR virtualization supported
[    0.422919] Initialise system trusted keyrings
[    0.423718] workingset: timestamp_bits=56 max_order=18 bucket_order=0
[    0.424610] squashfs: version 4.0 (2009/01/31) Phillip Lougher
[    0.425400] fuse: init (API version 7.40)
[    0.425978] 9p: Installing v9fs 9p2000 file system support
[    0.433411] Key type asymmetric registered
[    0.433969] Asymmetric key parser 'x509' registered
[    0.434625] Block layer SCSI generic (bsg) driver version 0.4 loaded (major 249)
[    0.435623] io scheduler mq-deadline registered
[    0.436229] io scheduler kyber registered
[    0.437850] input: Power Button as /devices/LNXSYSTM:00/LNXPWRBN:00/input/input0
[    0.438919] ACPI: button: Power Button [PWRF]
[    0.439514] Warning: Processor Platform Limit event detected, but not handled.
[    0.440468] Consider compiling CPUfreq support into your kernel.
[    0.458136] ACPI: \_SB_.LNKB: Enabled at IRQ 10
[    0.475552] ACPI: \_SB_.LNKC: Enabled at IRQ 11
[    0.492989] ACPI: \_SB_.LNKA: Enabled at IRQ 10
[    0.494302] Serial: 8250/16550 driver, 4 ports, IRQ sharing enabled
[    0.495260] 00:03: ttyS0 at I/O 0x3f8 (irq = 4, base_baud = 115200) is a 16550A
[    0.553643] Non-volatile memory driver v1.3
[    0.554249] Linux agpgart interface v0.103
[    0.554309] ACPI: bus type drm_connector registered
[    0.555504] printk: legacy console [hvc0] enabled
[    0.556150] printk: legacy bootconsole [earlyser0] disabled
          _      _                                    
   __   _(_)_ __| |_ _ __ ___   ___       _ __   __ _ 
   \ \ / / |  __| __|  _   _ \ / _ \_____|  _ \ / _  |
    \ V /| | |  | |_| | | | | |  __/_____| | | | (_| |
     \_/ |_|_|   \__|_| |_| |_|\___|     |_| |_|\__  |
                                                |___/ 
   kernel version: 6.9.0-rc5-virtme x86_64
   (CTRL+d to exit)

virtme-ng:/nipa-data/kernel# PS1='xx__-> '
xx__-> env
PWD=/nipa-data/kernel
nr_open=1048576
HOME=/root
TERM=xterm
SHLVL=2
XDG_RUNTIME_DIR=/run/user/0
PATH=/bin:/sbin:/usr/bin:/usr/sbin:/usr/local/bin
OLDPWD=/
_=/usr/bin/env
xx__-> 