No EFI environment detected.
early console in extract_kernel
input_data: 0x0000000002be92c4
input_len: 0x0000000000b423aa
output: 0x0000000001000000
output_len: 0x00000000026e4394
kernel_total_size: 0x0000000002430000
needed_size: 0x0000000002800000
trampoline_32bit: 0x0000000000000000
Physical KASLR using RDRAND RDTSC...
Virtual KASLR using RDRAND RDTSC...

Decompressing Linux... Parsing ELF... Performing relocations... done.
Booting the kernel (entry_offset: 0x0000000000000000).
[    0.000000] Linux version 6.10.0-rc2-virtme (root@9e87dec19fc4) (gcc (Alpine 13.2.1_git20240309) 13.2.1 20240309, GNU ld (GNU Binutils) 2.42) #1 SMP PREEMPT_DYNAMIC Sun Jun  9 03:06:23 UTC 2024
[    0.000000] Command line: virtme_hostname=virtme-ng nr_open=1048576 virtme_link_mods=/nipa-data/kernel/.virtme_mods/lib/modules/0.0.0 virtme_initmount0=nipa-data/kernel virtme_rw_overlay0=/etc virtme_rw_overlay1=/lib virtme_rw_overlay2=/home virtme_rw_overlay3=/opt virtme_rw_overlay4=/srv virtme_rw_overlay5=/usr virtme_rw_overlay6=/var console=hvc0 earlyprintk=serial,ttyS0,115200 virtme_console=ttyS0 psmouse.proto=exps TERM=xterm virtme_chdir=nipa-data/kernel virtme_root_user=1 rootfstype=9p rootflags=version=9p2000.L,trans=virtio,access=any raid=noautodetect ro init=/usr/lib/python3.12/site-packages/virtme/guest/virtme-init
[    0.000000] BIOS-provided physical RAM map:
[    0.000000] BIOS-e820: [mem 0x0000000000000000-0x000000000009fbff] usable
[    0.000000] BIOS-e820: [mem 0x000000000009fc00-0x000000000009ffff] reserved
[    0.000000] BIOS-e820: [mem 0x00000000000f0000-0x00000000000fffff] reserved
[    0.000000] BIOS-e820: [mem 0x0000000000100000-0x000000003ffdffff] usable
[    0.000000] BIOS-e820: [mem 0x000000003ffe0000-0x000000003fffffff] reserved
[    0.000000] BIOS-e820: [mem 0x00000000feffc000-0x00000000feffffff] reserved
[    0.000000] BIOS-e820: [mem 0x00000000fffc0000-0x00000000ffffffff] reserved
[    0.000000] BIOS-e820: [mem 0x000000fd00000000-0x000000ffffffffff] reserved
[    0.000000] printk: legacy bootconsole [earlyser0] enabled
[    0.000000] NX (Execute Disable) protection: active
[    0.000000] APIC: Static calls initialized
[    0.000000] SMBIOS 2.8 present.
[    0.000000] DMI: QEMU Standard PC (i440FX + PIIX, 1996), BIOS rel-1.16.3-0-ga6ed6b701f0a-prebuilt.qemu.org 04/01/2014
[    0.000000] DMI: Memory slots populated: 1/1
[    0.000000] Hypervisor detected: KVM
[    0.000000] kvm-clock: Using msrs 4b564d01 and 4b564d00
[    0.000000] kvm-clock: using sched offset of 267786172 cycles
[    0.000405] clocksource: kvm-clock: mask: 0xffffffffffffffff max_cycles: 0x1cd42e4dffb, max_idle_ns: 881590591483 ns
[    0.001678] tsc: Detected 4491.556 MHz processor
[    0.002300] last_pfn = 0x3ffe0 max_arch_pfn = 0x400000000
[    0.002749] MTRR map: 4 entries (3 fixed + 1 variable; max 19), built from 8 variable MTRRs
[    0.003393] x86/PAT: Configuration [0-7]: WB  WC  UC- UC  WB  WP  UC- WT  
Memory KASLR using RDRAND RDTSC...
[    0.005542] found SMP MP-table at [mem 0x000f5470-0x000f547f]
[    0.005992] Using GB pages for direct mapping
[    0.006346] ACPI: Early table checksum verification disabled
[    0.006802] ACPI: RSDP 0x00000000000F5290 000014 (v00 BOCHS )
[    0.007247] ACPI: RSDT 0x000000003FFE27BC 000034 (v01 BOCHS  BXPC     00000001 BXPC 00000001)
[    0.007908] ACPI: FACP 0x000000003FFE2578 000074 (v01 BOCHS  BXPC     00000001 BXPC 00000001)
[    0.008574] ACPI: DSDT 0x000000003FFE0040 002538 (v01 BOCHS  BXPC     00000001 BXPC 00000001)
[    0.009225] ACPI: FACS 0x000000003FFE0000 000040
[    0.009600] ACPI: APIC 0x000000003FFE25EC 000170 (v03 BOCHS  BXPC     00000001 BXPC 00000001)
[    0.010250] ACPI: HPET 0x000000003FFE275C 000038 (v01 BOCHS  BXPC     00000001 BXPC 00000001)
[    0.010910] ACPI: WAET 0x000000003FFE2794 000028 (v01 BOCHS  BXPC     00000001 BXPC 00000001)
[    0.011574] ACPI: Reserving FACP table memory at [mem 0x3ffe2578-0x3ffe25eb]
[    0.012115] ACPI: Reserving DSDT table memory at [mem 0x3ffe0040-0x3ffe2577]
[    0.012665] ACPI: Reserving FACS table memory at [mem 0x3ffe0000-0x3ffe003f]
[    0.013202] ACPI: Reserving APIC table memory at [mem 0x3ffe25ec-0x3ffe275b]
[    0.013760] ACPI: Reserving HPET table memory at [mem 0x3ffe275c-0x3ffe2793]
[    0.014296] ACPI: Reserving WAET table memory at [mem 0x3ffe2794-0x3ffe27bb]
[    0.014990] No NUMA configuration found
[    0.015287] Faking a node at [mem 0x0000000000000000-0x000000003ffdffff]
[    0.015813] NODE_DATA(0) allocated [mem 0x3ffdb000-0x3ffdffff]
[    0.016269] Zone ranges:
[    0.016471]   DMA      [mem 0x0000000000001000-0x0000000000ffffff]
[    0.016942]   DMA32    [mem 0x0000000001000000-0x000000003ffdffff]
[    0.017418]   Normal   empty
[    0.017652]   Device   empty
[    0.017871] Movable zone start for each node
[    0.018195] Early memory node ranges
[    0.018477]   node   0: [mem 0x0000000000001000-0x000000000009efff]
[    0.018957]   node   0: [mem 0x0000000000100000-0x000000003ffdffff]
[    0.019450] Initmem setup node 0 [mem 0x0000000000001000-0x000000003ffdffff]
[    0.019990] On node 0, zone DMA: 1 pages in unavailable ranges
[    0.020462] On node 0, zone DMA: 97 pages in unavailable ranges
[    0.021927] On node 0, zone DMA32: 32 pages in unavailable ranges
[    0.022623] ACPI: PM-Timer IO Port: 0x608
[    0.022935] ACPI: LAPIC_NMI (acpi_id[0xff] dfl dfl lint[0x1])
[    0.023397] IOAPIC[0]: apic_id 0, version 17, address 0xfec00000, GSI 0-23
[    0.023930] ACPI: INT_SRC_OVR (bus 0 bus_irq 0 global_irq 2 dfl dfl)
[    0.024426] ACPI: INT_SRC_OVR (bus 0 bus_irq 5 global_irq 5 high level)
[    0.025039] ACPI: INT_SRC_OVR (bus 0 bus_irq 9 global_irq 9 high level)
[    0.025654] ACPI: INT_SRC_OVR (bus 0 bus_irq 10 global_irq 10 high level)
[    0.026280] ACPI: INT_SRC_OVR (bus 0 bus_irq 11 global_irq 11 high level)
[    0.026906] ACPI: Using ACPI (MADT) for SMP configuration information
[    0.027501] ACPI: HPET id: 0x8086a201 base: 0xfed00000
[    0.027972] TSC deadline timer available
[    0.028331] CPU topo: Max. logical packages:   1
[    0.028754] CPU topo: Max. logical dies:       1
[    0.029175] CPU topo: Max. dies per package:   1
[    0.029600] CPU topo: Max. threads per core:   1
[    0.030021] CPU topo: Num. cores per package:    32
[    0.030467] CPU topo: Num. threads per package:  32
[    0.030918] CPU topo: Allowing 32 present CPUs plus 0 hotplug CPUs
[    0.031501] kvm-guest: APIC: eoi() replaced with kvm_guest_apic_eoi_write()
[    0.032143] kvm-guest: KVM setup pv remote TLB flush
[    0.032599] kvm-guest: setup PV sched yield
[    0.032984] PM: hibernation: Registered nosave memory: [mem 0x00000000-0x00000fff]
[    0.033676] PM: hibernation: Registered nosave memory: [mem 0x0009f000-0x0009ffff]
[    0.034364] PM: hibernation: Registered nosave memory: [mem 0x000a0000-0x000effff]
[    0.035054] PM: hibernation: Registered nosave memory: [mem 0x000f0000-0x000fffff]
[    0.035749] [mem 0x40000000-0xfeffbfff] available for PCI devices
[    0.036305] Booting paravirtualized kernel on KVM
[    0.036737] clocksource: refined-jiffies: mask: 0xffffffff max_cycles: 0xffffffff, max_idle_ns: 1910969940391419 ns
[    0.040842] setup_percpu: NR_CPUS:64 nr_cpumask_bits:32 nr_cpu_ids:32 nr_node_ids:1
[    0.042289] percpu: Embedded 58 pages/cpu s198872 r8192 d30504 u262144
[    0.042928] Kernel command line: virtme_hostname=virtme-ng nr_open=1048576 virtme_link_mods=/nipa-data/kernel/.virtme_mods/lib/modules/0.0.0 virtme_initmount0=nipa-data/kernel virtme_rw_overlay0=/etc virtme_rw_overlay1=/lib virtme_rw_overlay2=/home virtme_rw_overlay3=/opt virtme_rw_overlay4=/srv virtme_rw_overlay5=/usr virtme_rw_overlay6=/var console=hvc0 earlyprintk=serial,ttyS0,115200 virtme_console=ttyS0 psmouse.proto=exps TERM=xterm virtme_chdir=nipa-data/kernel virtme_root_user=1 rootfstype=9p rootflags=version=9p2000.L,trans=virtio,access=any raid=noautodetect ro init=/usr/lib/python3.12/site-packages/virtme/guest/virtme-init
[    0.048272] Unknown kernel command line parameters "virtme_hostname=virtme-ng nr_open=1048576 virtme_link_mods=/nipa-data/kernel/.virtme_mods/lib/modules/0.0.0 virtme_initmount0=nipa-data/kernel virtme_rw_overlay0=/etc virtme_rw_overlay1=/lib virtme_rw_overlay2=/home virtme_rw_overlay3=/opt virtme_rw_overlay4=/srv virtme_rw_overlay5=/usr virtme_rw_overlay6=/var virtme_console=ttyS0 virtme_chdir=nipa-data/kernel virtme_root_user=1", will be passed to user space.
[    0.052279] random: crng init done
[    0.052636] Dentry cache hash table entries: 131072 (order: 8, 1048576 bytes, linear)
[    0.053383] Inode-cache hash table entries: 65536 (order: 7, 524288 bytes, linear)
[    0.054194] Fallback order for Node 0: 0 
[    0.054197] Built 1 zonelists, mobility grouping on.  Total pages: 262014
[    0.055209] Policy zone: DMA32
[    0.055495] mem auto-init: stack:all(zero), heap alloc:off, heap free:off, mlocked free:off
[    0.057106] Memory: 984560K/1048056K available (16384K kernel code, 2423K rwdata, 6172K rodata, 3088K init, 2004K bss, 63236K reserved, 0K cma-reserved)
[    0.058414] SLUB: HWalign=64, Order=0-3, MinObjects=0, CPUs=32, Nodes=1
Poking KASLR using RDRAND RDTSC...
[    0.059355] ftrace: allocating 47831 entries in 187 pages
[    0.066915] ftrace: allocated 187 pages with 6 groups
[    0.068076] Dynamic Preempt: voluntary
[    0.068580] rcu: Preemptible hierarchical RCU implementation.
[    0.069119] rcu: RCU event tracing is enabled.
[    0.069542] rcu: RCU restricting CPUs from NR_CPUS=64 to nr_cpu_ids=32.
[    0.070170] Trampoline variant of Tasks RCU enabled.
[    0.070650] Rude variant of Tasks RCU enabled.
[    0.071077] Tracing variant of Tasks RCU enabled.
[    0.071535] rcu: RCU calculated value of scheduler-enlistment delay is 100 jiffies.
[    0.072261] rcu: Adjusting geometry for rcu_fanout_leaf=16, nr_cpu_ids=32
[    0.072873] RCU Tasks: Setting shift to 5 and lim to 1 rcu_task_cb_adjust=1.
[    0.073433] RCU Tasks Rude: Setting shift to 5 and lim to 1 rcu_task_cb_adjust=1.
[    0.074025] RCU Tasks Trace: Setting shift to 5 and lim to 1 rcu_task_cb_adjust=1.
[    0.076095] NR_IRQS: 4352, nr_irqs: 680, preallocated irqs: 16
[    0.076739] rcu: srcu_init: Setting srcu_struct sizes based on contention.
[    0.077419] Console: colour *CGA 80x25
[    0.077721] ACPI: Core revision 20240322
[    0.078097] clocksource: hpet: mask: 0xffffffff max_cycles: 0xffffffff, max_idle_ns: 19112604467 ns
[    0.078953] APIC: Switch to symmetric I/O mode setup
[    0.079440] APIC: Switched APIC routing to: physical flat
[    0.079945] kvm-guest: APIC: send_IPI_mask() replaced with kvm_send_ipi_mask()
[    0.080632] kvm-guest: APIC: send_IPI_mask_allbutself() replaced with kvm_send_ipi_mask_allbutself()
[    0.081333] kvm-guest: setup PV IPIs
[    0.082411] ..TIMER: vector=0x30 apic1=0 pin1=2 apic2=-1 pin2=-1
[    0.083260] tsc: Marking TSC unstable due to TSCs unsynchronized
[    0.084095] Calibrating delay loop (skipped) preset value.. 8983.11 BogoMIPS (lpj=4491556)
[    0.085156] x86/cpu: User Mode Instruction Prevention (UMIP) activated
[    0.086145] Last level iTLB entries: 4KB 512, 2MB 255, 4MB 127
[    0.087094] Last level dTLB entries: 4KB 512, 2MB 255, 4MB 127, 1GB 0
[    0.088095] Spectre V1 : Mitigation: usercopy/swapgs barriers and __user pointer sanitization
[    0.089098] Spectre V2 : Mitigation: Enhanced / Automatic IBRS
[    0.089890] Spectre V2 : Spectre v2 / SpectreRSB mitigation: Filling RSB on context switch
[    0.090095] Spectre V2 : mitigation: Enabling conditional Indirect Branch Prediction Barrier
[    0.091095] Speculative Store Bypass: Mitigation: Speculative Store Bypass disabled via prctl
[    0.092094] Speculative Return Stack Overflow: IBPB-extending microcode not applied!
[    0.093094] Speculative Return Stack Overflow: WARNING: See https://kernel.org/doc/html/latest/admin-guide/hw-vuln/srso.html for mitigation options.
[    0.093095] Speculative Return Stack Overflow: Vulnerable: Safe RET, no microcode
[    0.095114] x86/fpu: Supporting XSAVE feature 0x001: 'x87 floating point registers'
[    0.096094] x86/fpu: Supporting XSAVE feature 0x002: 'SSE registers'
[    0.097094] x86/fpu: Supporting XSAVE feature 0x004: 'AVX registers'
[    0.098094] x86/fpu: Supporting XSAVE feature 0x020: 'AVX-512 opmask'
[    0.099094] x86/fpu: Supporting XSAVE feature 0x040: 'AVX-512 Hi256'
[    0.100094] x86/fpu: Supporting XSAVE feature 0x080: 'AVX-512 ZMM_Hi256'
[    0.100993] x86/fpu: Supporting XSAVE feature 0x200: 'Protection Keys User registers'
[    0.101094] x86/fpu: xstate_offset[2]:  576, xstate_sizes[2]:  256
[    0.101910] x86/fpu: xstate_offset[5]:  832, xstate_sizes[5]:   64
[    0.102094] x86/fpu: xstate_offset[6]:  896, xstate_sizes[6]:  512
[    0.103094] x86/fpu: xstate_offset[7]: 1408, xstate_sizes[7]: 1024
[    0.104094] x86/fpu: xstate_offset[9]: 2432, xstate_sizes[9]:    8
[    0.105094] x86/fpu: Enabled xstate features 0x2e7, context size is 2440 bytes, using 'compacted' format.
[    0.121400] Freeing SMP alternatives memory: 40K
[    0.122014] pid_max: default: 32768 minimum: 301
[    0.122118] Mount-cache hash table entries: 2048 (order: 2, 16384 bytes, linear)
[    0.123094] Mountpoint-cache hash table entries: 2048 (order: 2, 16384 bytes, linear)
[    0.124245] smpboot: CPU0: AMD Ryzen 9 7950X 16-Core Processor (family: 0x19, model: 0x61, stepping: 0x2)
[    0.125209] Performance Events: Fam17h+ core perfctr, AMD PMU driver.
[    0.126081] ... version:                0
[    0.126095] ... bit width:              48
[    0.126634] ... generic registers:      6
[    0.127095] ... value mask:             0000ffffffffffff
[    0.127794] ... max period:             00007fffffffffff
[    0.128095] ... fixed-purpose events:   0
[    0.128628] ... event mask:             000000000000003f
[    0.129178] signal: max sigframe size: 3376
[    0.129748] rcu: Hierarchical SRCU implementation.
[    0.130095] rcu: Max phase no-delay instances is 400.
[    0.133021] smp: Bringing up secondary CPUs ...
[    0.133147] smpboot: x86: Booting SMP configuration:
[    0.133808] .... node  #0, CPUs:        #1  #2  #3  #4  #5  #6  #7  #8  #9 #10 #11 #12 #13 #14 #15 #16 #17 #18 #19 #20 #21 #22 #23 #24 #25 #26 #27 #28 #29 #30 #31
[    0.151260] smp: Brought up 1 node, 32 CPUs
[    0.152815] smpboot: Total of 32 processors activated (287459.58 BogoMIPS)
[    0.155169] devtmpfs: initialized
[    0.155695] x86/mm: Memory block size: 128MB
[    0.157148] clocksource: jiffies: mask: 0xffffffff max_cycles: 0xffffffff, max_idle_ns: 1911260446275000 ns
[    0.158103] futex hash table entries: 8192 (order: 7, 524288 bytes, linear)
[    0.159284] PM: RTC time: 03:06:54, date: 2024-06-09
[    0.160495] NET: Registered PF_NETLINK/PF_ROUTE protocol family
[    0.161254] thermal_sys: Registered thermal governor 'step_wise'
[    0.161255] thermal_sys: Registered thermal governor 'user_space'
[    0.162111] cpuidle: using governor menu
[    0.164334] PCI: Using configuration type 1 for base access
[    0.165096] PCI: Using configuration type 1 for extended access
[    0.166189] kprobes: kprobe jump-optimization is enabled. All kprobes are optimized if possible.
[    0.182863] HugeTLB: registered 1.00 GiB page size, pre-allocated 0 pages
[    0.183096] HugeTLB: 16380 KiB vmemmap can be freed for a 1.00 GiB page
[    0.184009] HugeTLB: registered 2.00 MiB page size, pre-allocated 0 pages
[    0.184095] HugeTLB: 28 KiB vmemmap can be freed for a 2.00 MiB page
[    0.185020] Demotion targets for Node 0: null
[    0.185141] ACPI: Added _OSI(Module Device)
[    0.185717] ACPI: Added _OSI(Processor Device)
[    0.186096] ACPI: Added _OSI(3.0 _SCP Extensions)
[    0.186752] ACPI: Added _OSI(Processor Aggregator Device)
[    0.187847] ACPI: 1 ACPI AML tables successfully acquired and loaded
[    0.188718] ACPI: _OSC evaluation for CPUs failed, trying _PDC
[    0.189244] ACPI: Interpreter enabled
[    0.189748] ACPI: PM: (supports S0 S3 S4 S5)
[    0.190096] ACPI: Using IOAPIC for interrupt routing
[    0.190786] PCI: Using host bridge windows from ACPI; if necessary, use "pci=nocrs" and report a bug
[    0.191095] PCI: Using E820 reservations for host bridge windows
[    0.192008] ACPI: Enabled 2 GPEs in block 00 to 0F
[    0.194842] ACPI: PCI Root Bridge [PCI0] (domain 0000 [bus 00-ff])
[    0.195098] acpi PNP0A03:00: _OSC: OS supports [ExtendedConfig ASPM ClockPM Segments MSI HPX-Type3]
[    0.196198] PCI host bridge to bus 0000:00
[    0.196897] pci_bus 0000:00: root bus resource [io  0x0000-0x0cf7 window]
[    0.197096] pci_bus 0000:00: root bus resource [io  0x0d00-0xffff window]
[    0.198096] pci_bus 0000:00: root bus resource [mem 0x000a0000-0x000bffff window]
[    0.199096] pci_bus 0000:00: root bus resource [mem 0x40000000-0xfebfffff window]
[    0.200096] pci_bus 0000:00: root bus resource [mem 0x100000000-0x17fffffff window]
[    0.201096] pci_bus 0000:00: root bus resource [bus 00-ff]
[    0.202138] pci 0000:00:00.0: [8086:1237] type 00 class 0x060000 conventional PCI endpoint
[    0.203420] pci 0000:00:01.0: [8086:7000] type 00 class 0x060100 conventional PCI endpoint
[    0.204504] pci 0000:00:01.1: [8086:7010] type 00 class 0x010180 conventional PCI endpoint
[    0.208474] pci 0000:00:01.1: BAR 4 [io  0xc0c0-0xc0cf]
[    0.210499] pci 0000:00:01.1: BAR 0 [io  0x01f0-0x01f7]: legacy IDE quirk
[    0.211096] pci 0000:00:01.1: BAR 1 [io  0x03f6]: legacy IDE quirk
[    0.212096] pci 0000:00:01.1: BAR 2 [io  0x0170-0x0177]: legacy IDE quirk
[    0.213096] pci 0000:00:01.1: BAR 3 [io  0x0376]: legacy IDE quirk
[    0.214213] pci 0000:00:01.3: [8086:7113] type 00 class 0x068000 conventional PCI endpoint
[    0.215413] pci 0000:00:01.3: quirk: [io  0x0600-0x063f] claimed by PIIX4 ACPI
[    0.216101] pci 0000:00:01.3: quirk: [io  0x0700-0x070f] claimed by PIIX4 SMB
[    0.217311] pci 0000:00:02.0: [1af4:1009] type 00 class 0x000200 conventional PCI endpoint
[    0.219097] pci 0000:00:02.0: BAR 0 [io  0xc000-0xc03f]
[    0.220815] pci 0000:00:02.0: BAR 1 [mem 0xfebfc000-0xfebfcfff]
[    0.224096] pci 0000:00:02.0: BAR 4 [mem 0xfebf0000-0xfebf3fff 64bit pref]
[    0.226742] pci 0000:00:03.0: [1af4:1009] type 00 class 0x000200 conventional PCI endpoint
[    0.228096] pci 0000:00:03.0: BAR 0 [io  0xc040-0xc07f]
[    0.229765] pci 0000:00:03.0: BAR 1 [mem 0xfebfd000-0xfebfdfff]
[    0.233617] pci 0000:00:03.0: BAR 4 [mem 0xfebf4000-0xfebf7fff 64bit pref]
[    0.235674] pci 0000:00:04.0: [8086:25ab] type 00 class 0x088000 conventional PCI endpoint
[    0.236620] pci 0000:00:04.0: BAR 0 [mem 0xfebfe000-0xfebfe00f]
[    0.240006] pci 0000:00:05.0: [1af4:1003] type 00 class 0x078000 conventional PCI endpoint
[    0.241096] pci 0000:00:05.0: BAR 0 [io  0xc080-0xc0bf]
[    0.242766] pci 0000:00:05.0: BAR 1 [mem 0xfebff000-0xfebfffff]
[    0.246096] pci 0000:00:05.0: BAR 4 [mem 0xfebf8000-0xfebfbfff 64bit pref]
[    0.248894] ACPI: PCI: Interrupt link LNKA configured for IRQ 10
[    0.249212] ACPI: PCI: Interrupt link LNKB configured for IRQ 10
[    0.250129] ACPI: PCI: Interrupt link LNKC configured for IRQ 11
[    0.251050] ACPI: PCI: Interrupt link LNKD configured for IRQ 11
[    0.251171] ACPI: PCI: Interrupt link LNKS configured for IRQ 9
[    0.252927] iommu: Default domain type: Translated
[    0.253096] iommu: DMA domain TLB invalidation policy: lazy mode
[    0.253973] SCSI subsystem initialized
[    0.254134] pps_core: LinuxPPS API ver. 1 registered
[    0.254805] pps_core: Software ver. 5.3.6 - Copyright 2005-2007 Rodolfo Giometti <giometti@linux.it>
[    0.255098] PTP clock support registered
[    0.255653] Advanced Linux Sound Architecture Driver Initialized.
[    0.256522] NET: Registered PF_ATMPVC protocol family
[    0.257096] NET: Registered PF_ATMSVC protocol family
[    0.257804] PCI: Using ACPI for IRQ routing
[    0.258185] vgaarb: loaded
[    0.258481] hpet0: at MMIO 0xfed00000, IRQs 2, 8, 0
[    0.259096] hpet0: 3 comparators, 64-bit 100.000000 MHz counter
[    0.265436] clocksource: Switched to clocksource kvm-clock
[    0.266281] VFS: Disk quotas dquot_6.6.0
[    0.266434] VFS: Dquot-cache hash table entries: 512 (order 0, 4096 bytes)
[    0.267814] pnp: PnP ACPI init
[    0.268429] pnp: PnP ACPI: found 5 devices
[    0.276403] clocksource: acpi_pm: mask: 0xffffff max_cycles: 0xffffff, max_idle_ns: 2085701024 ns
[    0.277596] NET: Registered PF_INET protocol family
[    0.278263] IP idents hash table entries: 16384 (order: 5, 131072 bytes, linear)
[    0.279402] tcp_listen_portaddr_hash hash table entries: 512 (order: 1, 8192 bytes, linear)
[    0.280519] Table-perturb hash table entries: 65536 (order: 6, 262144 bytes, linear)
[    0.281555] TCP established hash table entries: 8192 (order: 4, 65536 bytes, linear)
[    0.282593] TCP bind hash table entries: 8192 (order: 6, 262144 bytes, linear)
[    0.283568] TCP: Hash tables configured (established 8192 bind 8192)
[    0.284533] UDP hash table entries: 512 (order: 2, 16384 bytes, linear)
[    0.285420] UDP-Lite hash table entries: 512 (order: 2, 16384 bytes, linear)
[    0.286395] NET: Registered PF_UNIX/PF_LOCAL protocol family
[    0.287162] pci_bus 0000:00: resource 4 [io  0x0000-0x0cf7 window]
[    0.287994] pci_bus 0000:00: resource 5 [io  0x0d00-0xffff window]
[    0.288824] pci_bus 0000:00: resource 6 [mem 0x000a0000-0x000bffff window]
[    0.289741] pci_bus 0000:00: resource 7 [mem 0x40000000-0xfebfffff window]
[    0.290671] pci_bus 0000:00: resource 8 [mem 0x100000000-0x17fffffff window]
[    0.291643] pci 0000:00:01.0: PIIX3: Enabling Passive Release
[    0.292531] pci 0000:00:00.0: Limiting direct PCI/PCI transfers
[    0.293368] PCI: CLS 0 bytes, default 64
[    0.293974] kvm_intel: VMX not supported by CPU 0
[    0.294618] kvm_amd: TSC scaling supported
[    0.295182] kvm_amd: Nested Virtualization enabled
[    0.295833] kvm_amd: Nested Paging enabled
[    0.296382] kvm_amd: LBR virtualization supported
[    0.297029] kvm_amd: Virtual VMLOAD VMSAVE supported
[    0.297693] kvm_amd: Virtual GIF supported
[    0.298252] kvm_amd: Virtual NMI enabled
[    0.393789] Initialise system trusted keyrings
[    0.394482] workingset: timestamp_bits=56 max_order=18 bucket_order=0
[    0.395391] squashfs: version 4.0 (2009/01/31) Phillip Lougher
[    0.396196] fuse: init (API version 7.40)
[    0.396780] 9p: Installing v9fs 9p2000 file system support
[    0.404398] Key type asymmetric registered
[    0.404959] Asymmetric key parser 'x509' registered
[    0.405629] Block layer SCSI generic (bsg) driver version 0.4 loaded (major 249)
[    0.406642] io scheduler mq-deadline registered
[    0.407260] io scheduler kyber registered
[    0.408775] input: Power Button as /devices/LNXSYSTM:00/LNXPWRBN:00/input/input0
[    0.409856] ACPI: button: Power Button [PWRF]
[    0.410471] Warning: Processor Platform Limit event detected, but not handled.
[    0.411459] Consider compiling CPUfreq support into your kernel.
[    0.429526] ACPI: \_SB_.LNKB: Enabled at IRQ 10
[    0.446901] ACPI: \_SB_.LNKC: Enabled at IRQ 11
[    0.464326] ACPI: \_SB_.LNKA: Enabled at IRQ 10
[    0.465572] Serial: 8250/16550 driver, 4 ports, IRQ sharing enabled
[    0.466524] 00:03: ttyS0 at I/O 0x3f8 (irq = 4, base_baud = 115200) is a 16550A
[    0.510567] Non-volatile memory driver v1.3
[    0.511170] Linux agpgart interface v0.103
[    0.511734] printk: legacy console [hvc0] enabled
[    0.511781] ACPI: bus type drm_connector registered
[    0.512395] printk: legacy bootconsole [earlyser0] disabled
          _      _                                    
   __   _(_)_ __| |_ _ __ ___   ___       _ __   __ _ 
   \ \ / / |  __| __|  _   _ \ / _ \_____|  _ \ / _  |
    \ V /| | |  | |_| | | | | |  __/_____| | | | (_| |
     \_/ |_|_|   \__|_| |_| |_|\___|     |_| |_|\__  |
                                                |___/ 
   kernel version: 6.10.0-rc2-virtme x86_64
   (CTRL+d to exit)

virtme-ng:/nipa-data/kernel# PS1='xx__-> '
xx__-> env
PWD=/nipa-data/kernel
nr_open=1048576
HOME=/root
TERM=xterm
SHLVL=2
XDG_RUNTIME_DIR=/run/user/0
PATH=/bin:/sbin:/usr/bin:/usr/sbin:/usr/local/bin
OLDPWD=/
_=/usr/bin/env
xx__-> 