No EFI environment detected.
early console in extract_kernel
input_data: 0x00000000029f02b9
input_len: 0x0000000000b1d0c8
output: 0x0000000001000000
output_len: 0x00000000024c769c
kernel_total_size: 0x0000000002230000
needed_size: 0x0000000002600000
trampoline_32bit: 0x0000000000000000
Physical KASLR using RDRAND RDTSC...
Virtual KASLR using RDRAND RDTSC...

Decompressing Linux... Parsing ELF... Performing relocations... done.
Booting the kernel (entry_offset: 0x0000000000000000).
[    0.000000] Linux version 6.8.0-virtme (root@1387e1508af5) (gcc (Alpine 13.2.1_git20240309) 13.2.1 20240309, GNU ld (GNU Binutils) 2.42) #1 SMP PREEMPT_DYNAMIC Tue Mar 26 06:06:19 UTC 2024
[    0.000000] Command line: virtme_hostname=virtme-ng nr_open=1048576 virtme_link_mods=/nipa-data/kernel/.virtme_mods/lib/modules/0.0.0 virtme_initmount0=nipa-data/kernel virtme_rw_overlay0=/etc virtme_rw_overlay1=/lib virtme_rw_overlay2=/home virtme_rw_overlay3=/opt virtme_rw_overlay4=/srv virtme_rw_overlay5=/usr virtme_rw_overlay6=/var console=hvc0 earlyprintk=serial,ttyS0,115200 virtme_console=ttyS0 psmouse.proto=exps TERM=xterm virtme_chdir=nipa-data/kernel virtme_root_user=1 rootfstype=9p rootflags=version=9p2000.L,trans=virtio,access=any raid=noautodetect ro init=/usr/lib/python3.11/site-packages/virtme/guest/virtme-init
[    0.000000] BIOS-provided physical RAM map:
[    0.000000] BIOS-e820: [mem 0x0000000000000000-0x000000000009fbff] usable
[    0.000000] BIOS-e820: [mem 0x000000000009fc00-0x000000000009ffff] reserved
[    0.000000] BIOS-e820: [mem 0x00000000000f0000-0x00000000000fffff] reserved
[    0.000000] BIOS-e820: [mem 0x0000000000100000-0x000000003ffdffff] usable
[    0.000000] BIOS-e820: [mem 0x000000003ffe0000-0x000000003fffffff] reserved
[    0.000000] BIOS-e820: [mem 0x00000000feffc000-0x00000000feffffff] reserved
[    0.000000] BIOS-e820: [mem 0x00000000fffc0000-0x00000000ffffffff] reserved
[    0.000000] BIOS-e820: [mem 0x000000fd00000000-0x000000ffffffffff] reserved
[    0.000000] printk: legacy bootconsole [earlyser0] enabled
[    0.000000] NX (Execute Disable) protection: active
[    0.000000] APIC: Static calls initialized
[    0.000000] SMBIOS 3.0.0 present.
[    0.000000] DMI: QEMU Standard PC (i440FX + PIIX, 1996), BIOS rel-1.16.3-0-ga6ed6b701f0a-prebuilt.qemu.org 04/01/2014
[    0.000000] Hypervisor detected: KVM
[    0.000000] kvm-clock: Using msrs 4b564d01 and 4b564d00
[    0.000000] kvm-clock: using sched offset of 256971488 cycles
[    0.000395] clocksource: kvm-clock: mask: 0xffffffffffffffff max_cycles: 0x1cd42e4dffb, max_idle_ns: 881590591483 ns
[    0.001633] tsc: Detected 4491.536 MHz processor
[    0.002274] last_pfn = 0x3ffe0 max_arch_pfn = 0x400000000
[    0.002705] MTRR map: 4 entries (3 fixed + 1 variable; max 19), built from 8 variable MTRRs
[    0.003433] x86/PAT: Configuration [0-7]: WB  WC  UC- UC  WB  WP  UC- WT  
Memory KASLR using RDRAND RDTSC...
[    0.005917] found SMP MP-table at [mem 0x000f5470-0x000f547f]
[    0.006379] Using GB pages for direct mapping
[    0.006736] ACPI: Early table checksum verification disabled
[    0.007176] ACPI: RSDP 0x00000000000F5290 000014 (v00 BOCHS )
[    0.007609] ACPI: RSDT 0x000000003FFE27BC 000034 (v01 BOCHS  BXPC     00000001 BXPC 00000001)
[    0.008262] ACPI: FACP 0x000000003FFE2578 000074 (v01 BOCHS  BXPC     00000001 BXPC 00000001)
[    0.008905] ACPI: DSDT 0x000000003FFE0040 002538 (v01 BOCHS  BXPC     00000001 BXPC 00000001)
[    0.009561] ACPI: FACS 0x000000003FFE0000 000040
[    0.009909] ACPI: APIC 0x000000003FFE25EC 000170 (v03 BOCHS  BXPC     00000001 BXPC 00000001)
[    0.010573] ACPI: HPET 0x000000003FFE275C 000038 (v01 BOCHS  BXPC     00000001 BXPC 00000001)
[    0.011224] ACPI: WAET 0x000000003FFE2794 000028 (v01 BOCHS  BXPC     00000001 BXPC 00000001)
[    0.011864] ACPI: Reserving FACP table memory at [mem 0x3ffe2578-0x3ffe25eb]
[    0.012406] ACPI: Reserving DSDT table memory at [mem 0x3ffe0040-0x3ffe2577]
[    0.012938] ACPI: Reserving FACS table memory at [mem 0x3ffe0000-0x3ffe003f]
[    0.013582] ACPI: Reserving APIC table memory at [mem 0x3ffe25ec-0x3ffe275b]
[    0.014223] ACPI: Reserving HPET table memory at [mem 0x3ffe275c-0x3ffe2793]
[    0.014858] ACPI: Reserving WAET table memory at [mem 0x3ffe2794-0x3ffe27bb]
[    0.015665] No NUMA configuration found
[    0.016012] Faking a node at [mem 0x0000000000000000-0x000000003ffdffff]
[    0.016616] NODE_DATA(0) allocated [mem 0x3ffdb000-0x3ffdffff]
[    0.017162] Zone ranges:
[    0.017390]   DMA      [mem 0x0000000000001000-0x0000000000ffffff]
[    0.017950]   DMA32    [mem 0x0000000001000000-0x000000003ffdffff]
[    0.018510]   Normal   empty
[    0.018770]   Device   empty
[    0.019033] Movable zone start for each node
[    0.019425] Early memory node ranges
[    0.019752]   node   0: [mem 0x0000000000001000-0x000000000009efff]
[    0.020319]   node   0: [mem 0x0000000000100000-0x000000003ffdffff]
[    0.020886] Initmem setup node 0 [mem 0x0000000000001000-0x000000003ffdffff]
[    0.021528] On node 0, zone DMA: 1 pages in unavailable ranges
[    0.022067] On node 0, zone DMA: 97 pages in unavailable ranges
[    0.023802] On node 0, zone DMA32: 32 pages in unavailable ranges
[    0.024611] ACPI: PM-Timer IO Port: 0x608
[    0.024980] ACPI: LAPIC_NMI (acpi_id[0xff] dfl dfl lint[0x1])
[    0.025520] IOAPIC[0]: apic_id 0, version 17, address 0xfec00000, GSI 0-23
[    0.026142] ACPI: INT_SRC_OVR (bus 0 bus_irq 0 global_irq 2 dfl dfl)
[    0.026714] ACPI: INT_SRC_OVR (bus 0 bus_irq 5 global_irq 5 high level)
[    0.027312] ACPI: INT_SRC_OVR (bus 0 bus_irq 9 global_irq 9 high level)
[    0.027909] ACPI: INT_SRC_OVR (bus 0 bus_irq 10 global_irq 10 high level)
[    0.028527] ACPI: INT_SRC_OVR (bus 0 bus_irq 11 global_irq 11 high level)
[    0.029147] ACPI: Using ACPI (MADT) for SMP configuration information
[    0.029728] ACPI: HPET id: 0x8086a201 base: 0xfed00000
[    0.030196] TSC deadline timer available
[    0.030552] CPU topo: Max. logical packages:   1
[    0.030970] CPU topo: Max. logical dies:       1
[    0.031388] CPU topo: Max. dies per package:   1
[    0.031808] CPU topo: Max. threads per core:  32
[    0.032227] CPU topo: Num. cores per package:     1
[    0.032668] CPU topo: Num. threads per package:  32
[    0.033117] CPU topo: Allowing 32 present CPUs plus 0 hotplug CPUs
[    0.033686] kvm-guest: APIC: eoi() replaced with kvm_guest_apic_eoi_write()
[    0.034327] kvm-guest: KVM setup pv remote TLB flush
[    0.034779] kvm-guest: setup PV sched yield
[    0.035164] PM: hibernation: Registered nosave memory: [mem 0x00000000-0x00000fff]
[    0.035850] PM: hibernation: Registered nosave memory: [mem 0x0009f000-0x0009ffff]
[    0.036535] PM: hibernation: Registered nosave memory: [mem 0x000a0000-0x000effff]
[    0.037230] PM: hibernation: Registered nosave memory: [mem 0x000f0000-0x000fffff]
[    0.037914] [mem 0x40000000-0xfeffbfff] available for PCI devices
[    0.038467] Booting paravirtualized kernel on KVM
[    0.038896] clocksource: refined-jiffies: mask: 0xffffffff max_cycles: 0xffffffff, max_idle_ns: 1910969940391419 ns
[    0.042944] setup_percpu: NR_CPUS:64 nr_cpumask_bits:32 nr_cpu_ids:32 nr_node_ids:1
[    0.044411] percpu: Embedded 58 pages/cpu s198056 r8192 d31320 u262144
[    0.045049] Kernel command line: virtme_hostname=virtme-ng nr_open=1048576 virtme_link_mods=/nipa-data/kernel/.virtme_mods/lib/modules/0.0.0 virtme_initmount0=nipa-data/kernel virtme_rw_overlay0=/etc virtme_rw_overlay1=/lib virtme_rw_overlay2=/home virtme_rw_overlay3=/opt virtme_rw_overlay4=/srv virtme_rw_overlay5=/usr virtme_rw_overlay6=/var console=hvc0 earlyprintk=serial,ttyS0,115200 virtme_console=ttyS0 psmouse.proto=exps TERM=xterm virtme_chdir=nipa-data/kernel virtme_root_user=1 rootfstype=9p rootflags=version=9p2000.L,trans=virtio,access=any raid=noautodetect ro init=/usr/lib/python3.11/site-packages/virtme/guest/virtme-init
[    0.050408] Unknown kernel command line parameters "virtme_hostname=virtme-ng nr_open=1048576 virtme_link_mods=/nipa-data/kernel/.virtme_mods/lib/modules/0.0.0 virtme_initmount0=nipa-data/kernel virtme_rw_overlay0=/etc virtme_rw_overlay1=/lib virtme_rw_overlay2=/home virtme_rw_overlay3=/opt virtme_rw_overlay4=/srv virtme_rw_overlay5=/usr virtme_rw_overlay6=/var virtme_console=ttyS0 virtme_chdir=nipa-data/kernel virtme_root_user=1", will be passed to user space.
[    0.054406] random: crng init done
[    0.054753] Dentry cache hash table entries: 131072 (order: 8, 1048576 bytes, linear)
[    0.055506] Inode-cache hash table entries: 65536 (order: 7, 524288 bytes, linear)
[    0.056314] Fallback order for Node 0: 0 
[    0.056318] Built 1 zonelists, mobility grouping on.  Total pages: 257760
[    0.057327] Policy zone: DMA32
[    0.057612] mem auto-init: stack:all(zero), heap alloc:off, heap free:off
[    0.059142] Memory: 986616K/1048056K available (16384K kernel code, 2401K rwdata, 6100K rodata, 3052K init, 2112K bss, 61180K reserved, 0K cma-reserved)
[    0.060442] SLUB: HWalign=64, Order=0-3, MinObjects=0, CPUs=32, Nodes=1
Poking KASLR using RDRAND RDTSC...
[    0.061373] ftrace: allocating 47520 entries in 186 pages
[    0.068961] ftrace: allocated 186 pages with 5 groups
[    0.070126] Dynamic Preempt: voluntary
[    0.070629] rcu: Preemptible hierarchical RCU implementation.
[    0.071164] rcu: RCU event tracing is enabled.
[    0.071582] rcu: RCU restricting CPUs from NR_CPUS=64 to nr_cpu_ids=32.
[    0.072205] Trampoline variant of Tasks RCU enabled.
[    0.072671] Rude variant of Tasks RCU enabled.
[    0.073094] Tracing variant of Tasks RCU enabled.
[    0.073535] rcu: RCU calculated value of scheduler-enlistment delay is 100 jiffies.
[    0.074242] rcu: Adjusting geometry for rcu_fanout_leaf=16, nr_cpu_ids=32
[    0.074878] RCU Tasks: Setting shift to 5 and lim to 1 rcu_task_cb_adjust=1.
[    0.075539] RCU Tasks Rude: Setting shift to 5 and lim to 1 rcu_task_cb_adjust=1.
[    0.076237] RCU Tasks Trace: Setting shift to 5 and lim to 1 rcu_task_cb_adjust=1.
[    0.078651] NR_IRQS: 4352, nr_irqs: 680, preallocated irqs: 16
[    0.079287] rcu: srcu_init: Setting srcu_struct sizes based on contention.
[    0.079959] Console: colour *CGA 80x25
[    0.080260] ACPI: Core revision 20230628
[    0.080629] clocksource: hpet: mask: 0xffffffff max_cycles: 0xffffffff, max_idle_ns: 19112604467 ns
[    0.081407] APIC: Switch to symmetric I/O mode setup
[    0.081806] APIC: Switched APIC routing to: physical flat
[    0.082235] kvm-guest: APIC: send_IPI_mask() replaced with kvm_send_ipi_mask()
[    0.082777] kvm-guest: APIC: send_IPI_mask_allbutself() replaced with kvm_send_ipi_mask_allbutself()
[    0.083500] kvm-guest: setup PV IPIs
[    0.084579] ..TIMER: vector=0x30 apic1=0 pin1=2 apic2=-1 pin2=-1
[    0.085429] tsc: Marking TSC unstable due to TSCs unsynchronized
[    0.086246] Calibrating delay loop (skipped) preset value.. 8983.07 BogoMIPS (lpj=4491536)
[    0.088287] x86/cpu: User Mode Instruction Prevention (UMIP) activated
[    0.089222] Last level iTLB entries: 4KB 512, 2MB 255, 4MB 127
[    0.089244] Last level dTLB entries: 4KB 512, 2MB 255, 4MB 127, 1GB 0
[    0.090248] Spectre V1 : Mitigation: usercopy/swapgs barriers and __user pointer sanitization
[    0.091247] Spectre V2 : Mitigation: Enhanced / Automatic IBRS
[    0.092244] Spectre V2 : Spectre v2 / SpectreRSB mitigation: Filling RSB on context switch
[    0.093245] Spectre V2 : mitigation: Enabling conditional Indirect Branch Prediction Barrier
[    0.094244] Spectre V2 : User space: Mitigation: STIBP always-on protection
[    0.095245] Speculative Store Bypass: Mitigation: Speculative Store Bypass disabled via prctl
[    0.096244] Speculative Return Stack Overflow: IBPB-extending microcode not applied!
[    0.097244] Speculative Return Stack Overflow: WARNING: See https://kernel.org/doc/html/latest/admin-guide/hw-vuln/srso.html for mitigation options.
[    0.097245] Speculative Return Stack Overflow: Vulnerable: Safe RET, no microcode
[    0.099260] x86/fpu: Supporting XSAVE feature 0x001: 'x87 floating point registers'
[    0.100244] x86/fpu: Supporting XSAVE feature 0x002: 'SSE registers'
[    0.101075] x86/fpu: Supporting XSAVE feature 0x004: 'AVX registers'
[    0.101244] x86/fpu: Supporting XSAVE feature 0x020: 'AVX-512 opmask'
[    0.102244] x86/fpu: Supporting XSAVE feature 0x040: 'AVX-512 Hi256'
[    0.103244] x86/fpu: Supporting XSAVE feature 0x080: 'AVX-512 ZMM_Hi256'
[    0.104244] x86/fpu: Supporting XSAVE feature 0x200: 'Protection Keys User registers'
[    0.105244] x86/fpu: xstate_offset[2]:  576, xstate_sizes[2]:  256
[    0.106244] x86/fpu: xstate_offset[5]:  832, xstate_sizes[5]:   64
[    0.107244] x86/fpu: xstate_offset[6]:  896, xstate_sizes[6]:  512
[    0.108057] x86/fpu: xstate_offset[7]: 1408, xstate_sizes[7]: 1024
[    0.108244] x86/fpu: xstate_offset[9]: 2432, xstate_sizes[9]:    8
[    0.109243] x86/fpu: Enabled xstate features 0x2e7, context size is 2440 bytes, using 'compacted' format.
[    0.125630] Freeing SMP alternatives memory: 40K
[    0.126239] pid_max: default: 32768 minimum: 301
[    0.126271] Mount-cache hash table entries: 2048 (order: 2, 16384 bytes, linear)
[    0.127244] Mountpoint-cache hash table entries: 2048 (order: 2, 16384 bytes, linear)
[    0.128410] smpboot: CPU0: AMD Ryzen 9 7950X 16-Core Processor (family: 0x19, model: 0x61, stepping: 0x2)
[    0.129359] Performance Events: Fam17h+ core perfctr, AMD PMU driver.
[    0.130227] ... version:                0
[    0.130246] ... bit width:              48
[    0.130783] ... generic registers:      6
[    0.131245] ... value mask:             0000ffffffffffff
[    0.131940] ... max period:             00007fffffffffff
[    0.132245] ... fixed-purpose events:   0
[    0.132768] ... event mask:             000000000000003f
[    0.133332] signal: max sigframe size: 3376
[    0.133900] rcu: Hierarchical SRCU implementation.
[    0.134246] rcu: Max phase no-delay instances is 400.
[    0.137202] smp: Bringing up secondary CPUs ...
[    0.137299] smpboot: x86: Booting SMP configuration:
[    0.137949] .... node  #0, CPUs:        #1  #2  #3  #4  #5  #6  #7  #8  #9 #10 #11 #12 #13 #14 #15 #16 #17 #18 #19 #20 #21 #22 #23 #24 #25 #26 #27 #28 #29 #30 #31
[    0.142666] Spectre V2 : Update user space SMT mitigation: STIBP always-on
[    0.165401] smp: Brought up 1 node, 32 CPUs
[    0.165938] smpboot: Total of 32 processors activated (287458.30 BogoMIPS)
[    0.170417] devtmpfs: initialized
[    0.170708] x86/mm: Memory block size: 128MB
[    0.171981] clocksource: jiffies: mask: 0xffffffff max_cycles: 0xffffffff, max_idle_ns: 1911260446275000 ns
[    0.172256] futex hash table entries: 8192 (order: 7, 524288 bytes, linear)
[    0.173246] PM: RTC time: 06:06:51, date: 2024-03-26
[    0.174263] NET: Registered PF_NETLINK/PF_ROUTE protocol family
[    0.175154] thermal_sys: Registered thermal governor 'step_wise'
[    0.175155] thermal_sys: Registered thermal governor 'user_space'
[    0.175259] cpuidle: using governor menu
[    0.177545] PCI: Using configuration type 1 for base access
[    0.178246] PCI: Using configuration type 1 for extended access
[    0.179274] kprobes: kprobe jump-optimization is enabled. All kprobes are optimized if possible.
[    0.180380] HugeTLB: registered 1.00 GiB page size, pre-allocated 0 pages
[    0.181246] HugeTLB: 16380 KiB vmemmap can be freed for a 1.00 GiB page
[    0.182085] HugeTLB: registered 2.00 MiB page size, pre-allocated 0 pages
[    0.182246] HugeTLB: 28 KiB vmemmap can be freed for a 2.00 MiB page
[    0.183090] Demotion targets for Node 0: null
[    0.183285] ACPI: Added _OSI(Module Device)
[    0.183829] ACPI: Added _OSI(Processor Device)
[    0.184246] ACPI: Added _OSI(3.0 _SCP Extensions)
[    0.184853] ACPI: Added _OSI(Processor Aggregator Device)
[    0.185954] ACPI: 1 ACPI AML tables successfully acquired and loaded
[    0.192266] ACPI: _OSC evaluation for CPUs failed, trying _PDC
[    0.193389] ACPI: Interpreter enabled
[    0.193860] ACPI: PM: (supports S0 S3 S4 S5)
[    0.194246] ACPI: Using IOAPIC for interrupt routing
[    0.194875] PCI: Using host bridge windows from ACPI; if necessary, use "pci=nocrs" and report a bug
[    0.195245] PCI: Using E820 reservations for host bridge windows
[    0.196101] ACPI: Enabled 2 GPEs in block 00 to 0F
[    0.198804] ACPI: PCI Root Bridge [PCI0] (domain 0000 [bus 00-ff])
[    0.199249] acpi PNP0A03:00: _OSC: OS supports [ExtendedConfig ASPM ClockPM Segments MSI HPX-Type3]
[    0.200336] PCI host bridge to bus 0000:00
[    0.200864] pci_bus 0000:00: root bus resource [io  0x0000-0x0cf7 window]
[    0.201246] pci_bus 0000:00: root bus resource [io  0x0d00-0xffff window]
[    0.202110] pci_bus 0000:00: root bus resource [mem 0x000a0000-0x000bffff window]
[    0.202246] pci_bus 0000:00: root bus resource [mem 0x40000000-0xfebfffff window]
[    0.203194] pci_bus 0000:00: root bus resource [mem 0x100000000-0x17fffffff window]
[    0.203246] pci_bus 0000:00: root bus resource [bus 00-ff]
[    0.204018] pci 0000:00:00.0: [8086:1237] type 00 class 0x060000 conventional PCI endpoint
[    0.204499] pci 0000:00:01.0: [8086:7000] type 00 class 0x060100 conventional PCI endpoint
[    0.205548] pci 0000:00:01.1: [8086:7010] type 00 class 0x010180 conventional PCI endpoint
[    0.208747] pci 0000:00:01.1: BAR 4 [io  0xc0c0-0xc0cf]
[    0.210229] pci 0000:00:01.1: BAR 0 [io  0x01f0-0x01f7]: legacy IDE quirk
[    0.210247] pci 0000:00:01.1: BAR 1 [io  0x03f6]: legacy IDE quirk
[    0.211243] pci 0000:00:01.1: BAR 2 [io  0x0170-0x0177]: legacy IDE quirk
[    0.211246] pci 0000:00:01.1: BAR 3 [io  0x0376]: legacy IDE quirk
[    0.212350] pci 0000:00:01.3: [8086:7113] type 00 class 0x068000 conventional PCI endpoint
[    0.213533] pci 0000:00:01.3: quirk: [io  0x0600-0x063f] claimed by PIIX4 ACPI
[    0.214251] pci 0000:00:01.3: quirk: [io  0x0700-0x070f] claimed by PIIX4 SMB
[    0.215447] pci 0000:00:02.0: [1af4:1009] type 00 class 0x000200 conventional PCI endpoint
[    0.217246] pci 0000:00:02.0: BAR 0 [io  0xc000-0xc03f]
[    0.219247] pci 0000:00:02.0: BAR 1 [mem 0xfebfc000-0xfebfcfff]
[    0.223247] pci 0000:00:02.0: BAR 4 [mem 0xfebf0000-0xfebf3fff 64bit pref]
[    0.226010] pci 0000:00:03.0: [1af4:1009] type 00 class 0x000200 conventional PCI endpoint
[    0.228246] pci 0000:00:03.0: BAR 0 [io  0xc040-0xc07f]
[    0.230247] pci 0000:00:03.0: BAR 1 [mem 0xfebfd000-0xfebfdfff]
[    0.234246] pci 0000:00:03.0: BAR 4 [mem 0xfebf4000-0xfebf7fff 64bit pref]
[    0.236499] pci 0000:00:04.0: [8086:25ab] type 00 class 0x088000 conventional PCI endpoint
[    0.237782] pci 0000:00:04.0: BAR 0 [mem 0xfebfe000-0xfebfe00f]
[    0.241476] pci 0000:00:05.0: [1af4:1003] type 00 class 0x078000 conventional PCI endpoint
[    0.243246] pci 0000:00:05.0: BAR 0 [io  0xc080-0xc0bf]
[    0.244941] pci 0000:00:05.0: BAR 1 [mem 0xfebff000-0xfebfffff]
[    0.250247] pci 0000:00:05.0: BAR 4 [mem 0xfebf8000-0xfebfbfff 64bit pref]
[    0.254211] ACPI: PCI: Interrupt link LNKA configured for IRQ 10
[    0.254385] ACPI: PCI: Interrupt link LNKB configured for IRQ 10
[    0.255373] ACPI: PCI: Interrupt link LNKC configured for IRQ 11
[    0.256374] ACPI: PCI: Interrupt link LNKD configured for IRQ 11
[    0.257340] ACPI: PCI: Interrupt link LNKS configured for IRQ 9
[    0.259367] iommu: Default domain type: Translated
[    0.260142] iommu: DMA domain TLB invalidation policy: lazy mode
[    0.260311] SCSI subsystem initialized
[    0.260929] pps_core: LinuxPPS API ver. 1 registered
[    0.261247] pps_core: Software ver. 5.3.6 - Copyright 2005-2007 Rodolfo Giometti <giometti@linux.it>
[    0.262249] PTP clock support registered
[    0.262902] Advanced Linux Sound Architecture Driver Initialized.
[    0.263688] NET: Registered PF_ATMPVC protocol family
[    0.264246] NET: Registered PF_ATMSVC protocol family
[    0.265073] PCI: Using ACPI for IRQ routing
[    0.265345] vgaarb: loaded
[    0.265689] hpet0: at MMIO 0xfed00000, IRQs 2, 8, 0
[    0.266246] hpet0: 3 comparators, 64-bit 100.000000 MHz counter
[    0.270124] clocksource: Switched to clocksource kvm-clock
[    0.271082] VFS: Disk quotas dquot_6.6.0
[    0.271654] VFS: Dquot-cache hash table entries: 512 (order 0, 4096 bytes)
[    0.272634] pnp: PnP ACPI init
[    0.273267] pnp: PnP ACPI: found 5 devices
[    0.280613] clocksource: acpi_pm: mask: 0xffffff max_cycles: 0xffffff, max_idle_ns: 2085701024 ns
[    0.281860] NET: Registered PF_INET protocol family
[    0.282548] IP idents hash table entries: 16384 (order: 5, 131072 bytes, linear)
[    0.283696] tcp_listen_portaddr_hash hash table entries: 512 (order: 1, 8192 bytes, linear)
[    0.284808] Table-perturb hash table entries: 65536 (order: 6, 262144 bytes, linear)
[    0.285836] TCP established hash table entries: 8192 (order: 4, 65536 bytes, linear)
[    0.286859] TCP bind hash table entries: 8192 (order: 6, 262144 bytes, linear)
[    0.287846] TCP: Hash tables configured (established 8192 bind 8192)
[    0.288712] UDP hash table entries: 512 (order: 2, 16384 bytes, linear)
[    0.289582] UDP-Lite hash table entries: 512 (order: 2, 16384 bytes, linear)
[    0.290545] NET: Registered PF_UNIX/PF_LOCAL protocol family
[    0.291296] pci_bus 0000:00: resource 4 [io  0x0000-0x0cf7 window]
[    0.292114] pci_bus 0000:00: resource 5 [io  0x0d00-0xffff window]
[    0.292933] pci_bus 0000:00: resource 6 [mem 0x000a0000-0x000bffff window]
[    0.293836] pci_bus 0000:00: resource 7 [mem 0x40000000-0xfebfffff window]
[    0.294735] pci_bus 0000:00: resource 8 [mem 0x100000000-0x17fffffff window]
[    0.295681] pci 0000:00:01.0: PIIX3: Enabling Passive Release
[    0.296443] pci 0000:00:00.0: Limiting direct PCI/PCI transfers
[    0.297258] PCI: CLS 0 bytes, default 64
[    0.297808] kvm_intel: VMX not supported by CPU 5
[    0.298439] kvm_amd: TSC scaling supported
[    0.298973] kvm_amd: Nested Virtualization enabled
[    0.299603] kvm_amd: Nested Paging enabled
[    0.300160] kvm_amd: Virtual VMLOAD VMSAVE supported
[    0.300819] kvm_amd: Virtual GIF supported
[    0.301353] kvm_amd: Virtual NMI enabled
[    0.301869] kvm_amd: LBR virtualization supported
[    0.401108] Initialise system trusted keyrings
[    0.401800] workingset: timestamp_bits=56 max_order=18 bucket_order=0
[    0.402677] squashfs: version 4.0 (2009/01/31) Phillip Lougher
[    0.403448] fuse: init (API version 7.40)
[    0.404013] 9p: Installing v9fs 9p2000 file system support
[    0.411398] Key type asymmetric registered
[    0.411939] Asymmetric key parser 'x509' registered
[    0.412591] Block layer SCSI generic (bsg) driver version 0.4 loaded (major 249)
[    0.413569] io scheduler mq-deadline registered
[    0.414162] io scheduler kyber registered
[    0.415695] input: Power Button as /devices/LNXSYSTM:00/LNXPWRBN:00/input/input0
[    0.416764] ACPI: button: Power Button [PWRF]
[    0.417358] Warning: Processor Platform Limit event detected, but not handled.
[    0.418319] Consider compiling CPUfreq support into your kernel.
[    0.435832] ACPI: \_SB_.LNKB: Enabled at IRQ 10
[    0.452957] ACPI: \_SB_.LNKC: Enabled at IRQ 11
[    0.470064] ACPI: \_SB_.LNKA: Enabled at IRQ 10
[    0.471340] Serial: 8250/16550 driver, 4 ports, IRQ sharing enabled
[    0.472294] 00:03: ttyS0 at I/O 0x3f8 (irq = 4, base_baud = 115200) is a 16550A
[    0.503188] Non-volatile memory driver v1.3
[    0.503796] Linux agpgart interface v0.103
[    0.503884] ACPI: bus type drm_connector registered
[    0.505197] printk: legacy console [hvc0] enabled
[    0.505996] printk: legacy bootconsole [earlyser0] disabled
          _      _                                    
   __   _(_)_ __| |_ _ __ ___   ___       _ __   __ _ 
   \ \ / / |  __| __|  _   _ \ / _ \_____|  _ \ / _  |
    \ V /| | |  | |_| | | | | |  __/_____| | | | (_| |
     \_/ |_|_|   \__|_| |_| |_|\___|     |_| |_|\__  |
                                                |___/ 
   kernel version: 6.8.0-virtme x86_64
   (CTRL+d to exit)

virtme-ng:/nipa-data/kernel# PS1='xx__-> '
xx__-> env
PWD=/nipa-data/kernel
nr_open=1048576
HOME=/
TERM=xterm
SHLVL=2
XDG_RUNTIME_DIR=/run/user/0
PATH=/bin:/sbin:/usr/bin:/usr/sbin:/usr/local/bin
OLDPWD=/
_=/usr/bin/env
xx__-> 