No EFI environment detected.
early console in extract_kernel
input_data: 0x0000000004ab52c4
input_len: 0x0000000001919b0d
output: 0x0000000001000000
output_len: 0x000000000535a8f4
kernel_total_size: 0x0000000005030000
needed_size: 0x0000000005400000
trampoline_32bit: 0x0000000000000000
Physical KASLR using RDRAND RDTSC...
Virtual KASLR using RDRAND RDTSC...

Decompressing Linux... Parsing ELF... Performing relocations... done.
Booting the kernel (entry_offset: 0x0000000002b35780).
[    0.000000] Linux version 6.14.0-rc2-virtme (root@0dd03c87c7e8) (gcc (Ubuntu 13.3.0-6ubuntu2~24.04) 13.3.0, GNU ld (GNU Binutils for Ubuntu) 2.42) #1 SMP PREEMPT_DYNAMIC Wed Feb 19 15:26:50 UTC 2025
[    0.000000] Command line: virtme_hostname=virtme-ng nr_open=1048576 virtme_link_mods=/nipa-data/kernel/.virtme_mods/lib/modules/0.0.0 virtme_initmount0=nipa-data/kernel virtme_rw_overlay0=/etc virtme_rw_overlay1=/lib virtme_rw_overlay2=/home virtme_rw_overlay3=/opt virtme_rw_overlay4=/srv virtme_rw_overlay5=/usr virtme_rw_overlay6=/var console=hvc0 earlyprintk=serial,ttyS0,115200 virtme_console=ttyS0 psmouse.proto=exps TERM=xterm virtme_chdir=nipa-data/kernel virtme_root_user=1 rootfstype=9p rootflags=version=9p2000.L,trans=virtio,access=any raid=noautodetect ro init=/usr/lib/python3/dist-packages/virtme/guest/virtme-init
[    0.000000] BIOS-provided physical RAM map:
[    0.000000] BIOS-e820: [mem 0x0000000000000000-0x000000000009fbff] usable
[    0.000000] BIOS-e820: [mem 0x000000000009fc00-0x000000000009ffff] reserved
[    0.000000] BIOS-e820: [mem 0x00000000000f0000-0x00000000000fffff] reserved
[    0.000000] BIOS-e820: [mem 0x0000000000100000-0x000000003ffdffff] usable
[    0.000000] BIOS-e820: [mem 0x000000003ffe0000-0x000000003fffffff] reserved
[    0.000000] BIOS-e820: [mem 0x00000000feffc000-0x00000000feffffff] reserved
[    0.000000] BIOS-e820: [mem 0x00000000fffc0000-0x00000000ffffffff] reserved
[    0.000000] BIOS-e820: [mem 0x000000fd00000000-0x000000ffffffffff] reserved
[    0.000000] printk: legacy bootconsole [earlyser0] enabled
[    0.000000] NX (Execute Disable) protection: active
[    0.000000] APIC: Static calls initialized
[    0.000000] SMBIOS 3.0.0 present.
[    0.000000] DMI: QEMU Ubuntu 24.04 PC (i440FX + PIIX, 1996), BIOS 1.16.3-debian-1.16.3-2 04/01/2014
[    0.000000] DMI: Memory slots populated: 1/1
[    0.000000] Hypervisor detected: KVM
[    0.000000] kvm-clock: Using msrs 4b564d01 and 4b564d00
[    0.000000] kvm-clock: using sched offset of 321597158 cycles
[    0.000372] clocksource: kvm-clock: mask: 0xffffffffffffffff max_cycles: 0x1cd42e4dffb, max_idle_ns: 881590591483 ns
[    0.001532] tsc: Detected 4491.560 MHz processor
[    0.002197] last_pfn = 0x3ffe0 max_arch_pfn = 0x400000000
[    0.002602] MTRR map: 4 entries (3 fixed + 1 variable; max 19), built from 8 variable MTRRs
[    0.003199] x86/PAT: Configuration [0-7]: WB  WC  UC- UC  WB  WP  UC- WT  
[    0.005152] found SMP MP-table at [mem 0x000f5470-0x000f547f]
[    0.005564] Using GB pages for direct mapping
[    0.006065] ACPI: Early table checksum verification disabled
[    0.006466] ACPI: RSDP 0x00000000000F5290 000014 (v00 BOCHS )
[    0.006875] ACPI: RSDT 0x000000003FFE27BC 000034 (v01 BOCHS  BXPC     00000001 BXPC 00000001)
[    0.007481] ACPI: FACP 0x000000003FFE2578 000074 (v01 BOCHS  BXPC     00000001 BXPC 00000001)
[    0.008089] ACPI: DSDT 0x000000003FFE0040 002538 (v01 BOCHS  BXPC     00000001 BXPC 00000001)
[    0.008693] ACPI: FACS 0x000000003FFE0000 000040
[    0.009024] ACPI: APIC 0x000000003FFE25EC 000170 (v03 BOCHS  BXPC     00000001 BXPC 00000001)
[    0.009628] ACPI: HPET 0x000000003FFE275C 000038 (v01 BOCHS  BXPC     00000001 BXPC 00000001)
[    0.010232] ACPI: WAET 0x000000003FFE2794 000028 (v01 BOCHS  BXPC     00000001 BXPC 00000001)
[    0.010836] ACPI: Reserving FACP table memory at [mem 0x3ffe2578-0x3ffe25eb]
[    0.011334] ACPI: Reserving DSDT table memory at [mem 0x3ffe0040-0x3ffe2577]
[    0.011832] ACPI: Reserving FACS table memory at [mem 0x3ffe0000-0x3ffe003f]
[    0.012330] ACPI: Reserving APIC table memory at [mem 0x3ffe25ec-0x3ffe275b]
[    0.012832] ACPI: Reserving HPET table memory at [mem 0x3ffe275c-0x3ffe2793]
[    0.013330] ACPI: Reserving WAET table memory at [mem 0x3ffe2794-0x3ffe27bb]
[    0.014017] No NUMA configuration found
[    0.014288] Faking a node at [mem 0x0000000000000000-0x000000003ffdffff]
[    0.014764] NODE_DATA(0) allocated [mem 0x3ffdb780-0x3ffdffff]
[    0.015192] Zone ranges:
[    0.015371]   DMA      [mem 0x0000000000001000-0x0000000000ffffff]
[    0.015809]   DMA32    [mem 0x0000000001000000-0x000000003ffdffff]
[    0.016246]   Normal   empty
[    0.016450]   Device   empty
[    0.016654] Movable zone start for each node
[    0.016958] Early memory node ranges
[    0.017210]   node   0: [mem 0x0000000000001000-0x000000000009efff]
[    0.017653]   node   0: [mem 0x0000000000100000-0x000000003ffdffff]
[    0.018095] Initmem setup node 0 [mem 0x0000000000001000-0x000000003ffdffff]
[    0.018597] On node 0, zone DMA: 1 pages in unavailable ranges
[    0.019064] On node 0, zone DMA: 97 pages in unavailable ranges
[    0.023692] On node 0, zone DMA32: 32 pages in unavailable ranges
[    0.032943] kasan: KernelAddressSanitizer initialized
[    0.033533] ACPI: PM-Timer IO Port: 0x608
[    0.033828] ACPI: LAPIC_NMI (acpi_id[0xff] dfl dfl lint[0x1])
[    0.034256] IOAPIC[0]: apic_id 0, version 17, address 0xfec00000, GSI 0-23
[    0.034743] ACPI: INT_SRC_OVR (bus 0 bus_irq 0 global_irq 2 dfl dfl)
[    0.035193] ACPI: INT_SRC_OVR (bus 0 bus_irq 5 global_irq 5 high level)
[    0.035660] ACPI: INT_SRC_OVR (bus 0 bus_irq 9 global_irq 9 high level)
[    0.036127] ACPI: INT_SRC_OVR (bus 0 bus_irq 10 global_irq 10 high level)
[    0.036605] ACPI: INT_SRC_OVR (bus 0 bus_irq 11 global_irq 11 high level)
[    0.037089] ACPI: Using ACPI (MADT) for SMP configuration information
[    0.037543] ACPI: HPET id: 0x8086a201 base: 0xfed00000
[    0.037908] TSC deadline timer available
[    0.038188] CPU topo: Max. logical packages:   1
[    0.038514] CPU topo: Max. logical dies:       1
[    0.038840] CPU topo: Max. dies per package:   1
[    0.039167] CPU topo: Max. threads per core:   1
[    0.039493] CPU topo: Num. cores per package:    32
[    0.039838] CPU topo: Num. threads per package:  32
[    0.040182] CPU topo: Allowing 32 present CPUs plus 0 hotplug CPUs
[    0.040633] kvm-guest: APIC: eoi() replaced with kvm_guest_apic_eoi_write()
[    0.041139] kvm-guest: KVM setup pv remote TLB flush
[    0.041492] kvm-guest: setup PV sched yield
[    0.041793] PM: hibernation: Registered nosave memory: [mem 0x00000000-0x00000fff]
[    0.042329] PM: hibernation: Registered nosave memory: [mem 0x0009f000-0x0009ffff]
[    0.042864] PM: hibernation: Registered nosave memory: [mem 0x000a0000-0x000effff]
[    0.043399] PM: hibernation: Registered nosave memory: [mem 0x000f0000-0x000fffff]
[    0.043934] [mem 0x40000000-0xfeffbfff] available for PCI devices
[    0.044365] Booting paravirtualized kernel on KVM
[    0.044699] clocksource: refined-jiffies: mask: 0xffffffff max_cycles: 0xffffffff, max_idle_ns: 1910969940391419 ns
[    0.053321] setup_percpu: NR_CPUS:64 nr_cpumask_bits:32 nr_cpu_ids:32 nr_node_ids:1
[    0.055101] percpu: Embedded 70 pages/cpu s247896 r8192 d30632 u524288
[    0.055631] Kernel command line: virtme_hostname=virtme-ng nr_open=1048576 virtme_link_mods=/nipa-data/kernel/.virtme_mods/lib/modules/0.0.0 virtme_initmount0=nipa-data/kernel virtme_rw_overlay0=/etc virtme_rw_overlay1=/lib virtme_rw_overlay2=/home virtme_rw_overlay3=/opt virtme_rw_overlay4=/srv virtme_rw_overlay5=/usr virtme_rw_overlay6=/var console=hvc0 earlyprintk=serial,ttyS0,115200 virtme_console=ttyS0 psmouse.proto=exps TERM=xterm virtme_chdir=nipa-data/kernel virtme_root_user=1 rootfstype=9p rootflags=version=9p2000.L,trans=virtio,access=any raid=noautodetect ro init=/usr/lib/python3/dist-packages/virtme/guest/virtme-init
[    0.059814] Unknown kernel command line parameters "virtme_hostname=virtme-ng nr_open=1048576 virtme_link_mods=/nipa-data/kernel/.virtme_mods/lib/modules/0.0.0 virtme_initmount0=nipa-data/kernel virtme_rw_overlay0=/etc virtme_rw_overlay1=/lib virtme_rw_overlay2=/home virtme_rw_overlay3=/opt virtme_rw_overlay4=/srv virtme_rw_overlay5=/usr virtme_rw_overlay6=/var virtme_console=ttyS0 virtme_chdir=nipa-data/kernel virtme_root_user=1", will be passed to user space.
[    0.062971] random: crng init done
[    0.063218] printk: log buffer data + meta data: 262144 + 917504 = 1179648 bytes
[    0.063774] Dentry cache hash table entries: 131072 (order: 8, 1048576 bytes, linear)
[    0.064364] Inode-cache hash table entries: 65536 (order: 7, 524288 bytes, linear)
[    0.065337] Fallback order for Node 0: 0 
[    0.065341] Built 1 zonelists, mobility grouping on.  Total pages: 262014
[    0.066128] Policy zone: DMA32
[    0.066350] mem auto-init: stack:all(zero), heap alloc:off, heap free:off
[    0.066844] stackdepot: allocating hash table via alloc_large_system_hash
[    0.067337] stackdepot hash table entries: 1048576 (order: 12, 16777216 bytes, linear)
[    0.075427] SLUB: HWalign=64, Order=0-3, MinObjects=0, CPUs=32, Nodes=1
Poking KASLR using RDRAND RDTSC...
[    0.076219] ftrace: allocating 49060 entries in 192 pages
[    0.093884] ftrace: allocated 192 pages with 2 groups
[    0.095132] Dynamic Preempt: voluntary
[    0.095844] rcu: Preemptible hierarchical RCU implementation.
[    0.096261] rcu: RCU event tracing is enabled.
[    0.096589] rcu: RCU restricting CPUs from NR_CPUS=64 to nr_cpu_ids=32.
[    0.097081] Trampoline variant of Tasks RCU enabled.
[    0.097448] Rude variant of Tasks RCU enabled.
[    0.097777] Tracing variant of Tasks RCU enabled.
[    0.098130] rcu: RCU calculated value of scheduler-enlistment delay is 100 jiffies.
[    0.098684] rcu: Adjusting geometry for rcu_fanout_leaf=16, nr_cpu_ids=32
[    0.099240] RCU Tasks: Setting shift to 5 and lim to 1 rcu_task_cb_adjust=1 rcu_task_cpu_ids=32.
[    0.099879] RCU Tasks Rude: Setting shift to 5 and lim to 1 rcu_task_cb_adjust=1 rcu_task_cpu_ids=32.
[    0.100548] RCU Tasks Trace: Setting shift to 5 and lim to 1 rcu_task_cb_adjust=1 rcu_task_cpu_ids=32.
[    0.110118] NR_IRQS: 4352, nr_irqs: 680, preallocated irqs: 16
[    0.110788] rcu: srcu_init: Setting srcu_struct sizes based on contention.
[    0.111504] Console: colour *CGA 80x25
[    0.111804] ACPI: Core revision 20240827
[    0.112238] clocksource: hpet: mask: 0xffffffff max_cycles: 0xffffffff, max_idle_ns: 19112604467 ns
[    0.112965] APIC: Switch to symmetric I/O mode setup
[    0.113348] kvm-guest: APIC: send_IPI_mask() replaced with kvm_send_ipi_mask()
[    0.113871] kvm-guest: APIC: send_IPI_mask_allbutself() replaced with kvm_send_ipi_mask_allbutself()
[    0.114507] kvm-guest: setup PV IPIs
[    0.115611] ..TIMER: vector=0x30 apic1=0 pin1=2 apic2=-1 pin2=-1
[    0.116397] clocksource: tsc-early: mask: 0xffffffffffffffff max_cycles: 0x40be4320a4d, max_idle_ns: 440795288133 ns
[    0.117750] Calibrating delay loop (skipped) preset value.. 8983.12 BogoMIPS (lpj=4491560)
[    0.118816] x86/cpu: User Mode Instruction Prevention (UMIP) activated
[    0.119807] Last level iTLB entries: 4KB 512, 2MB 255, 4MB 127
[    0.120748] Last level dTLB entries: 4KB 512, 2MB 255, 4MB 127, 1GB 0
[    0.121753] Spectre V1 : Mitigation: usercopy/swapgs barriers and __user pointer sanitization
[    0.122753] Spectre V2 : Mitigation: Enhanced / Automatic IBRS
[    0.123748] Spectre V2 : Spectre v2 / SpectreRSB mitigation: Filling RSB on context switch
[    0.124750] Spectre V2 : mitigation: Enabling conditional Indirect Branch Prediction Barrier
[    0.125750] Speculative Store Bypass: Mitigation: Speculative Store Bypass disabled via prctl
[    0.126749] Speculative Return Stack Overflow: IBPB-extending microcode not applied!
[    0.127748] Speculative Return Stack Overflow: WARNING: See https://kernel.org/doc/html/latest/admin-guide/hw-vuln/srso.html for mitigation options.
[    0.127749] Speculative Return Stack Overflow: Vulnerable: Safe RET, no microcode
[    0.129763] x86/fpu: Supporting XSAVE feature 0x001: 'x87 floating point registers'
[    0.130748] x86/fpu: Supporting XSAVE feature 0x002: 'SSE registers'
[    0.131530] x86/fpu: Supporting XSAVE feature 0x004: 'AVX registers'
[    0.131748] x86/fpu: Supporting XSAVE feature 0x020: 'AVX-512 opmask'
[    0.132748] x86/fpu: Supporting XSAVE feature 0x040: 'AVX-512 Hi256'
[    0.133748] x86/fpu: Supporting XSAVE feature 0x080: 'AVX-512 ZMM_Hi256'
[    0.134748] x86/fpu: Supporting XSAVE feature 0x200: 'Protection Keys User registers'
[    0.135749] x86/fpu: xstate_offset[2]:  576, xstate_sizes[2]:  256
[    0.136514] x86/fpu: xstate_offset[5]:  832, xstate_sizes[5]:   64
[    0.136749] x86/fpu: xstate_offset[6]:  896, xstate_sizes[6]:  512
[    0.137748] x86/fpu: xstate_offset[7]: 1408, xstate_sizes[7]: 1024
[    0.138748] x86/fpu: xstate_offset[9]: 2432, xstate_sizes[9]:    8
[    0.139505] x86/fpu: Enabled xstate features 0x2e7, context size is 2440 bytes, using 'compacted' format.
[    0.160534] Freeing SMP alternatives memory: 40K
[    0.160750] pid_max: default: 32768 minimum: 301
[    0.161820] Mount-cache hash table entries: 2048 (order: 2, 16384 bytes, linear)
[    0.162729] Mountpoint-cache hash table entries: 2048 (order: 2, 16384 bytes, linear)
[    0.164334] smpboot: CPU0: AMD Ryzen 9 7950X 16-Core Processor (family: 0x19, model: 0x61, stepping: 0x2)
[    0.165208] Performance Events: Fam17h+ core perfctr, AMD PMU driver.
[    0.165753] ... version:                0
[    0.166245] ... bit width:              48
[    0.166748] ... generic registers:      6
[    0.166750] ... value mask:             0000ffffffffffff
[    0.167403] ... max period:             00007fffffffffff
[    0.167750] ... fixed-purpose events:   0
[    0.168242] ... event mask:             000000000000003f
[    0.168864] signal: max sigframe size: 3376
[    0.169424] rcu: Hierarchical SRCU implementation.
[    0.169751] rcu: Max phase no-delay instances is 400.
[    0.170459] Timer migration: 2 hierarchy levels; 8 children per group; 2 crossnode level
[    0.174434] smp: Bringing up secondary CPUs ...
[    0.174932] smpboot: x86: Booting SMP configuration:
[    0.175543] .... node  #0, CPUs:        #1  #2  #3  #4  #5  #6  #7  #8  #9 #10 #11 #12 #13 #14 #15 #16 #17 #18 #19 #20 #21 #22 #23 #24 #25 #26 #27 #28 #29 #30 #31
[    0.197860] smp: Brought up 1 node, 32 CPUs
[    0.199275] smpboot: Total of 32 processors activated (287459.84 BogoMIPS)
[    0.202878] Memory: 763124K/1048056K available (44247K kernel code, 11493K rwdata, 10152K rodata, 6116K init, 1528K bss, 269036K reserved, 0K cma-reserved)
[    0.204875] devtmpfs: initialized
[    0.205340] x86/mm: Memory block size: 128MB
[    0.211878] clocksource: jiffies: mask: 0xffffffff max_cycles: 0xffffffff, max_idle_ns: 1911260446275000 ns
[    0.212761] futex hash table entries: 8192 (order: 7, 524288 bytes, linear)
[    0.213989] PM: RTC time: 15:27:18, date: 2025-02-19
[    0.215329] NET: Registered PF_NETLINK/PF_ROUTE protocol family
[    0.216634] thermal_sys: Registered thermal governor 'step_wise'
[    0.216662] cpuidle: using governor menu
[    0.218394] PCI: Using configuration type 1 for base access
[    0.218751] PCI: Using configuration type 1 for extended access
[    0.219648] kprobes: kprobe jump-optimization is enabled. All kprobes are optimized if possible.
[    0.232904] HugeTLB: registered 1.00 GiB page size, pre-allocated 0 pages
[    0.233751] HugeTLB: 16380 KiB vmemmap can be freed for a 1.00 GiB page
[    0.234558] HugeTLB: registered 2.00 MiB page size, pre-allocated 0 pages
[    0.234750] HugeTLB: 28 KiB vmemmap can be freed for a 2.00 MiB page
[    0.237107] ACPI: Added _OSI(Module Device)
[    0.237107] ACPI: Added _OSI(Processor Device)
[    0.237298] ACPI: Added _OSI(3.0 _SCP Extensions)
[    0.238751] ACPI: Added _OSI(Processor Aggregator Device)
[    0.261224] ACPI: 1 ACPI AML tables successfully acquired and loaded
[    0.265478] ACPI: Interpreter enabled
[    0.265807] ACPI: PM: (supports S0 S3 S4 S5)
[    0.266330] ACPI: Using IOAPIC for interrupt routing
[    0.266799] PCI: Using host bridge windows from ACPI; if necessary, use "pci=nocrs" and report a bug
[    0.268750] PCI: Using E820 reservations for host bridge windows
[    0.270483] ACPI: Enabled 2 GPEs in block 00 to 0F
[    0.314733] ACPI: PCI Root Bridge [PCI0] (domain 0000 [bus 00-ff])
[    0.315764] acpi PNP0A03:00: _OSC: OS supports [ExtendedConfig ASPM ClockPM Segments MSI HPX-Type3]
[    0.317217] PCI host bridge to bus 0000:00
[    0.317783] pci_bus 0000:00: root bus resource [io  0x0000-0x0cf7 window]
[    0.318612] pci_bus 0000:00: root bus resource [io  0x0d00-0xffff window]
[    0.318753] pci_bus 0000:00: root bus resource [mem 0x000a0000-0x000bffff window]
[    0.319667] pci_bus 0000:00: root bus resource [mem 0x40000000-0xfebfffff window]
[    0.320753] pci_bus 0000:00: root bus resource [mem 0x100000000-0x17fffffff window]
[    0.321691] pci_bus 0000:00: root bus resource [bus 00-ff]
[    0.322842] pci 0000:00:00.0: [8086:1237] type 00 class 0x060000 conventional PCI endpoint
[    0.324584] pci 0000:00:01.0: [8086:7000] type 00 class 0x060100 conventional PCI endpoint
[    0.326569] pci 0000:00:01.1: [8086:7010] type 00 class 0x010180 conventional PCI endpoint
[    0.328208] pci 0000:00:01.1: BAR 4 [io  0xc0c0-0xc0cf]
[    0.328769] pci 0000:00:01.1: BAR 0 [io  0x01f0-0x01f7]: legacy IDE quirk
[    0.329597] pci 0000:00:01.1: BAR 1 [io  0x03f6]: legacy IDE quirk
[    0.329750] pci 0000:00:01.1: BAR 2 [io  0x0170-0x0177]: legacy IDE quirk
[    0.330577] pci 0000:00:01.1: BAR 3 [io  0x0376]: legacy IDE quirk
[    0.332393] pci 0000:00:01.3: [8086:7113] type 00 class 0x068000 conventional PCI endpoint
[    0.333967] pci 0000:00:01.3: quirk: [io  0x0600-0x063f] claimed by PIIX4 ACPI
[    0.334755] pci 0000:00:01.3: quirk: [io  0x0700-0x070f] claimed by PIIX4 SMB
[    0.336320] pci 0000:00:02.0: [1af4:1009] type 00 class 0x000200 conventional PCI endpoint
[    0.337755] pci 0000:00:02.0: BAR 0 [io  0xc000-0xc03f]
[    0.338407] pci 0000:00:02.0: BAR 1 [mem 0xfebfc000-0xfebfcfff]
[    0.339765] pci 0000:00:02.0: BAR 4 [mem 0xfebf0000-0xfebf3fff 64bit pref]
[    0.351368] pci 0000:00:03.0: [1af4:1009] type 00 class 0x000200 conventional PCI endpoint
[    0.352755] pci 0000:00:03.0: BAR 0 [io  0xc040-0xc07f]
[    0.353406] pci 0000:00:03.0: BAR 1 [mem 0xfebfd000-0xfebfdfff]
[    0.354765] pci 0000:00:03.0: BAR 4 [mem 0xfebf4000-0xfebf7fff 64bit pref]
[    0.366282] pci 0000:00:04.0: [8086:25ab] type 00 class 0x088000 conventional PCI endpoint
[    0.367032] pci 0000:00:04.0: BAR 0 [mem 0xfebfe000-0xfebfe00f]
[    0.378378] pci 0000:00:05.0: [1af4:1003] type 00 class 0x078000 conventional PCI endpoint
[    0.380257] pci 0000:00:05.0: BAR 0 [io  0xc080-0xc0bf]
[    0.380755] pci 0000:00:05.0: BAR 1 [mem 0xfebff000-0xfebfffff]
[    0.381504] pci 0000:00:05.0: BAR 4 [mem 0xfebf8000-0xfebfbfff 64bit pref]
[    0.395623] ACPI: PCI: Interrupt link LNKA configured for IRQ 10
[    0.396633] ACPI: PCI: Interrupt link LNKB configured for IRQ 10
[    0.398617] ACPI: PCI: Interrupt link LNKC configured for IRQ 11
[    0.400613] ACPI: PCI: Interrupt link LNKD configured for IRQ 11
[    0.401114] ACPI: PCI: Interrupt link LNKS configured for IRQ 9
[    0.418886] iommu: Default domain type: Translated
[    0.419480] iommu: DMA domain TLB invalidation policy: lazy mode
[    0.421193] SCSI subsystem initialized
[    0.421954] pps_core: LinuxPPS API ver. 1 registered
[    0.422562] pps_core: Software ver. 5.3.6 - Copyright 2005-2007 Rodolfo Giometti <giometti@linux.it>
[    0.423764] PTP clock support registered
[    0.424326] Advanced Linux Sound Architecture Driver Initialized.
[    0.425839] NET: Registered PF_ATMPVC protocol family
[    0.426465] NET: Registered PF_ATMSVC protocol family
[    0.427785] PCI: Using ACPI for IRQ routing
[    0.428424] vgaarb: loaded
[    0.428875] hpet0: at MMIO 0xfed00000, IRQs 2, 8, 0
[    0.429488] hpet0: 3 comparators, 64-bit 100.000000 MHz counter
[    0.434851] clocksource: Switched to clocksource kvm-clock
[    0.436162] VFS: Disk quotas dquot_6.6.0
[    0.436671] VFS: Dquot-cache hash table entries: 512 (order 0, 4096 bytes)
[    0.439048] pnp: PnP ACPI init
[    0.441864] pnp: PnP ACPI: found 5 devices
[    0.453935] clocksource: acpi_pm: mask: 0xffffff max_cycles: 0xffffff, max_idle_ns: 2085701024 ns
[    0.455105] NET: Registered PF_INET protocol family
[    0.455756] IP idents hash table entries: 16384 (order: 5, 131072 bytes, linear)
[    0.457053] tcp_listen_portaddr_hash hash table entries: 512 (order: 1, 8192 bytes, linear)
[    0.458107] Table-perturb hash table entries: 65536 (order: 6, 262144 bytes, linear)
[    0.459098] TCP established hash table entries: 8192 (order: 4, 65536 bytes, linear)
[    0.460075] TCP bind hash table entries: 8192 (order: 6, 262144 bytes, linear)
[    0.461072] TCP: Hash tables configured (established 8192 bind 8192)
[    0.462028] UDP hash table entries: 512 (order: 3, 32768 bytes, linear)
[    0.462860] UDP-Lite hash table entries: 512 (order: 3, 32768 bytes, linear)
[    0.463942] NET: Registered PF_UNIX/PF_LOCAL protocol family
[    0.464670] pci_bus 0000:00: resource 4 [io  0x0000-0x0cf7 window]
[    0.465435] pci_bus 0000:00: resource 5 [io  0x0d00-0xffff window]
[    0.466217] pci_bus 0000:00: resource 6 [mem 0x000a0000-0x000bffff window]
[    0.467077] pci_bus 0000:00: resource 7 [mem 0x40000000-0xfebfffff window]
[    0.467935] pci_bus 0000:00: resource 8 [mem 0x100000000-0x17fffffff window]
[    0.469001] pci 0000:00:01.0: PIIX3: Enabling Passive Release
[    0.469726] pci 0000:00:00.0: Limiting direct PCI/PCI transfers
[    0.470503] PCI: CLS 0 bytes, default 64
[    0.471068] kvm_intel: VMX not supported by CPU 0
[    0.471811] kvm_amd: TSC scaling supported
[    0.472320] kvm_amd: Nested Virtualization enabled
[    0.472920] kvm_amd: Nested Paging enabled
[    0.473429] kvm_amd: LBR virtualization supported
[    0.474032] kvm_amd: Virtual GIF supported
[    0.474543] kvm_amd: Virtual NMI enabled
[    0.506070] clocksource: tsc: mask: 0xffffffffffffffff max_cycles: 0x40be4320a4d, max_idle_ns: 440795288133 ns
[    0.525415] Initialise system trusted keyrings
[    0.526182] workingset: timestamp_bits=56 max_order=18 bucket_order=0
[    0.527107] squashfs: version 4.0 (2009/01/31) Phillip Lougher
[    0.527867] fuse: init (API version 7.42)
[    0.528508] 9p: Installing v9fs 9p2000 file system support
[    0.538295] Key type asymmetric registered
[    0.538820] Asymmetric key parser 'x509' registered
[    0.539498] Block layer SCSI generic (bsg) driver version 0.4 loaded (major 249)
[    0.540460] io scheduler mq-deadline registered
[    0.541034] io scheduler kyber registered
[    0.543724] input: Power Button as /devices/LNXSYSTM:00/LNXPWRBN:00/input/input0
[    0.544843] ACPI: button: Power Button [PWRF]
[    0.546706] Warning: Processor Platform Limit event detected, but not handled.
[    0.547615] Consider compiling CPUfreq support into your kernel.
[    1.348093] ACPI: \_SB_.LNKB: Enabled at IRQ 10
[    2.141775] ACPI: \_SB_.LNKC: Enabled at IRQ 11
[    2.935214] ACPI: \_SB_.LNKA: Enabled at IRQ 10
[    2.936678] Serial: 8250/16550 driver, 4 ports, IRQ sharing enabled
[    2.937783] 00:03: ttyS0 at I/O 0x3f8 (irq = 4, base_baud = 115200) is a 16550A
[    2.960377] Non-volatile memory driver v1.3
[    2.960931] Linux agpgart interface v0.103
[    2.961610] ACPI: bus type drm_connector registered
[    2.962233] printk: legacy console [hvc0] enabled
[    2.962837] printk: legacy bootconsole [earlyser0] disabled
          _      _                                    
   __   _(_)_ __| |_ _ __ ___   ___       _ __   __ _ 
   \ \ / / |  __| __|  _   _ \ / _ \_____|  _ \ / _  |
    \ V /| | |  | |_| | | | | |  __/_____| | | | (_| |
     \_/ |_|_|   \__|_| |_| |_|\___|     |_| |_|\__  |
                                                |___/ 
   kernel version: 6.14.0-rc2-virtme x86_64
   (CTRL+d to exit)

root@virtme-ng:/nipa-data/kernel# PS1='xx__-> '
xx__-> env
PWD=/nipa-data/kernel
nr_open=1048576
HOME=/
TERM=xterm
SHLVL=2
XDG_RUNTIME_DIR=/run/user/0
PATH=/bin:/sbin:/usr/bin:/usr/sbin:/usr/local/bin
OLDPWD=/
_=/bin/env
xx__-> 