No EFI environment detected.
early console in extract_kernel
input_data: 0x0000000004c852c4
input_len: 0x000000000197bd7e
output: 0x0000000001000000
output_len: 0x000000000558af58
kernel_total_size: 0x0000000005230000
needed_size: 0x0000000005600000
trampoline_32bit: 0x0000000000000000
Physical KASLR using RDRAND RDTSC...
Virtual KASLR using RDRAND RDTSC...

Decompressing Linux... Parsing ELF... Performing relocations... done.
Booting the kernel (entry_offset: 0x0000000002bcc410).
[    0.000000] Linux version 6.15.0-rc7-virtme (root@6d0f389213bc) (gcc (Ubuntu 13.3.0-6ubuntu2~24.04) 13.3.0, GNU ld (GNU Binutils for Ubuntu) 2.42) #1 SMP PREEMPT_DYNAMIC Mon May 26 09:26:16 UTC 2025
[    0.000000] Command line: virtme_hostname=virtme-ng nr_open=1048576 virtme_link_mods=/nipa-data/kernel/.virtme_mods/lib/modules/0.0.0 virtme_initmount0=nipa-data/kernel virtme_rw_overlay0=/etc virtme_rw_overlay1=/lib virtme_rw_overlay2=/home virtme_rw_overlay3=/opt virtme_rw_overlay4=/srv virtme_rw_overlay5=/usr virtme_rw_overlay6=/var console=hvc0 earlyprintk=serial,ttyS0,115200 virtme_console=ttyS0 psmouse.proto=exps TERM=xterm virtme_chdir=nipa-data/kernel virtme_root_user=1 rootfstype=9p rootflags=version=9p2000.L,trans=virtio,access=any raid=noautodetect ro init=/usr/lib/python3/dist-packages/virtme/guest/virtme-init
[    0.000000] BIOS-provided physical RAM map:
[    0.000000] BIOS-e820: [mem 0x0000000000000000-0x000000000009fbff] usable
[    0.000000] BIOS-e820: [mem 0x000000000009fc00-0x000000000009ffff] reserved
[    0.000000] BIOS-e820: [mem 0x00000000000f0000-0x00000000000fffff] reserved
[    0.000000] BIOS-e820: [mem 0x0000000000100000-0x000000003ffdffff] usable
[    0.000000] BIOS-e820: [mem 0x000000003ffe0000-0x000000003fffffff] reserved
[    0.000000] BIOS-e820: [mem 0x00000000feffc000-0x00000000feffffff] reserved
[    0.000000] BIOS-e820: [mem 0x00000000fffc0000-0x00000000ffffffff] reserved
[    0.000000] BIOS-e820: [mem 0x000000fd00000000-0x000000ffffffffff] reserved
[    0.000000] printk: legacy bootconsole [earlyser0] enabled
[    0.000000] NX (Execute Disable) protection: active
[    0.000000] APIC: Static calls initialized
[    0.000000] SMBIOS 3.0.0 present.
[    0.000000] DMI: QEMU Ubuntu 24.04 PC (i440FX + PIIX, 1996), BIOS 1.16.3-debian-1.16.3-2 04/01/2014
[    0.000000] DMI: Memory slots populated: 1/1
[    0.000000] Hypervisor detected: KVM
[    0.000000] kvm-clock: Using msrs 4b564d01 and 4b564d00
[    0.000000] kvm-clock: using sched offset of 313451887 cycles
[    0.000357] clocksource: kvm-clock: mask: 0xffffffffffffffff max_cycles: 0x1cd42e4dffb, max_idle_ns: 881590591483 ns
[    0.001465] tsc: Detected 4491.564 MHz processor
[    0.002108] last_pfn = 0x3ffe0 max_arch_pfn = 0x400000000
[    0.002497] MTRR map: 4 entries (3 fixed + 1 variable; max 19), built from 8 variable MTRRs
[    0.003065] x86/PAT: Configuration [0-7]: WB  WC  UC- UC  WB  WP  UC- WT  
[    0.004917] found SMP MP-table at [mem 0x000f5470-0x000f547f]
[    0.005316] Using GB pages for direct mapping
[    0.005758] ACPI: Early table checksum verification disabled
[    0.006145] ACPI: RSDP 0x00000000000F5290 000014 (v00 BOCHS )
[    0.006536] ACPI: RSDT 0x000000003FFE27BC 000034 (v01 BOCHS  BXPC     00000001 BXPC 00000001)
[    0.007118] ACPI: FACP 0x000000003FFE2578 000074 (v01 BOCHS  BXPC     00000001 BXPC 00000001)
[    0.007698] ACPI: DSDT 0x000000003FFE0040 002538 (v01 BOCHS  BXPC     00000001 BXPC 00000001)
[    0.008277] ACPI: FACS 0x000000003FFE0000 000040
[    0.008592] ACPI: APIC 0x000000003FFE25EC 000170 (v03 BOCHS  BXPC     00000001 BXPC 00000001)
[    0.009171] ACPI: HPET 0x000000003FFE275C 000038 (v01 BOCHS  BXPC     00000001 BXPC 00000001)
[    0.009751] ACPI: WAET 0x000000003FFE2794 000028 (v01 BOCHS  BXPC     00000001 BXPC 00000001)
[    0.010331] ACPI: Reserving FACP table memory at [mem 0x3ffe2578-0x3ffe25eb]
[    0.010809] ACPI: Reserving DSDT table memory at [mem 0x3ffe0040-0x3ffe2577]
[    0.011287] ACPI: Reserving FACS table memory at [mem 0x3ffe0000-0x3ffe003f]
[    0.011765] ACPI: Reserving APIC table memory at [mem 0x3ffe25ec-0x3ffe275b]
[    0.012243] ACPI: Reserving HPET table memory at [mem 0x3ffe275c-0x3ffe2793]
[    0.012722] ACPI: Reserving WAET table memory at [mem 0x3ffe2794-0x3ffe27bb]
[    0.013389] No NUMA configuration found
[    0.013649] Faking a node at [mem 0x0000000000000000-0x000000003ffdffff]
[    0.014110] NODE_DATA(0) allocated [mem 0x3ffdb600-0x3ffdffff]
[    0.014521] Zone ranges:
[    0.014693]   DMA      [mem 0x0000000000001000-0x0000000000ffffff]
[    0.015113]   DMA32    [mem 0x0000000001000000-0x000000003ffdffff]
[    0.015532]   Normal   empty
[    0.015731]   Device   empty
[    0.015927] Movable zone start for each node
[    0.016220] Early memory node ranges
[    0.016461]   node   0: [mem 0x0000000000001000-0x000000000009efff]
[    0.016885]   node   0: [mem 0x0000000000100000-0x000000003ffdffff]
[    0.017309] Initmem setup node 0 [mem 0x0000000000001000-0x000000003ffdffff]
[    0.017789] On node 0, zone DMA: 1 pages in unavailable ranges
[    0.018239] On node 0, zone DMA: 97 pages in unavailable ranges
[    0.022662] On node 0, zone DMA32: 32 pages in unavailable ranges
[    0.031650] kasan: KernelAddressSanitizer initialized
[    0.032214] ACPI: PM-Timer IO Port: 0x608
[    0.032498] ACPI: LAPIC_NMI (acpi_id[0xff] dfl dfl lint[0x1])
[    0.032910] IOAPIC[0]: apic_id 0, version 17, address 0xfec00000, GSI 0-23
[    0.033378] ACPI: INT_SRC_OVR (bus 0 bus_irq 0 global_irq 2 dfl dfl)
[    0.033810] ACPI: INT_SRC_OVR (bus 0 bus_irq 5 global_irq 5 high level)
[    0.034267] ACPI: INT_SRC_OVR (bus 0 bus_irq 9 global_irq 9 high level)
[    0.034716] ACPI: INT_SRC_OVR (bus 0 bus_irq 10 global_irq 10 high level)
[    0.035177] ACPI: INT_SRC_OVR (bus 0 bus_irq 11 global_irq 11 high level)
[    0.035639] ACPI: Using ACPI (MADT) for SMP configuration information
[    0.036075] ACPI: HPET id: 0x8086a201 base: 0xfed00000
[    0.036426] TSC deadline timer available
[    0.036700] CPU topo: Max. logical packages:   1
[    0.037013] CPU topo: Max. logical dies:       1
[    0.037326] CPU topo: Max. dies per package:   1
[    0.037648] CPU topo: Max. threads per core:   1
[    0.037960] CPU topo: Num. cores per package:    32
[    0.038293] CPU topo: Num. threads per package:  32
[    0.038624] CPU topo: Allowing 32 present CPUs plus 0 hotplug CPUs
[    0.039057] kvm-guest: APIC: eoi() replaced with kvm_guest_apic_eoi_write()
[    0.039541] kvm-guest: KVM setup pv remote TLB flush
[    0.039880] kvm-guest: setup PV sched yield
[    0.040169] PM: hibernation: Registered nosave memory: [mem 0x00000000-0x00000fff]
[    0.040683] PM: hibernation: Registered nosave memory: [mem 0x0009f000-0x000fffff]
[    0.041200] [mem 0x40000000-0xfeffbfff] available for PCI devices
[    0.041612] Booting paravirtualized kernel on KVM
[    0.041931] clocksource: refined-jiffies: mask: 0xffffffff max_cycles: 0xffffffff, max_idle_ns: 1910969940391419 ns
[    0.050395] setup_percpu: NR_CPUS:64 nr_cpumask_bits:32 nr_cpu_ids:32 nr_node_ids:1
[    0.052104] percpu: Embedded 65 pages/cpu s228056 r8192 d29992 u524288
[    0.052621] Kernel command line: virtme_hostname=virtme-ng nr_open=1048576 virtme_link_mods=/nipa-data/kernel/.virtme_mods/lib/modules/0.0.0 virtme_initmount0=nipa-data/kernel virtme_rw_overlay0=/etc virtme_rw_overlay1=/lib virtme_rw_overlay2=/home virtme_rw_overlay3=/opt virtme_rw_overlay4=/srv virtme_rw_overlay5=/usr virtme_rw_overlay6=/var console=hvc0 earlyprintk=serial,ttyS0,115200 virtme_console=ttyS0 psmouse.proto=exps TERM=xterm virtme_chdir=nipa-data/kernel virtme_root_user=1 rootfstype=9p rootflags=version=9p2000.L,trans=virtio,access=any raid=noautodetect ro init=/usr/lib/python3/dist-packages/virtme/guest/virtme-init
[    0.056662] Unknown kernel command line parameters "virtme_hostname=virtme-ng nr_open=1048576 virtme_link_mods=/nipa-data/kernel/.virtme_mods/lib/modules/0.0.0 virtme_initmount0=nipa-data/kernel virtme_rw_overlay0=/etc virtme_rw_overlay1=/lib virtme_rw_overlay2=/home virtme_rw_overlay3=/opt virtme_rw_overlay4=/srv virtme_rw_overlay5=/usr virtme_rw_overlay6=/var virtme_console=ttyS0 virtme_chdir=nipa-data/kernel virtme_root_user=1", will be passed to user space.
[    0.059700] random: crng init done
[    0.059937] printk: log buffer data + meta data: 262144 + 917504 = 1179648 bytes
[    0.060472] Dentry cache hash table entries: 131072 (order: 8, 1048576 bytes, linear)
[    0.061030] Inode-cache hash table entries: 65536 (order: 7, 524288 bytes, linear)
[    0.061947] Fallback order for Node 0: 0 
[    0.061951] Built 1 zonelists, mobility grouping on.  Total pages: 262014
[    0.062720] Policy zone: DMA32
[    0.062933] mem auto-init: stack:all(zero), heap alloc:off, heap free:off
[    0.063406] stackdepot: allocating hash table via alloc_large_system_hash
[    0.063880] stackdepot hash table entries: 1048576 (order: 12, 16777216 bytes, linear)
[    0.071829] SLUB: HWalign=64, Order=0-3, MinObjects=0, CPUs=32, Nodes=1
Poking KASLR using RDRAND RDTSC...
[    0.081012] ftrace: allocating 48967 entries in 192 pages
[    0.081388] ftrace: allocated 192 pages with 2 groups
[    0.082601] Dynamic Preempt: voluntary
[    0.083316] rcu: Preemptible hierarchical RCU implementation.
[    0.083714] rcu: RCU event tracing is enabled.
[    0.084027] rcu: RCU restricting CPUs from NR_CPUS=64 to nr_cpu_ids=32.
[    0.084497] Trampoline variant of Tasks RCU enabled.
[    0.084848] Rude variant of Tasks RCU enabled.
[    0.085161] Tracing variant of Tasks RCU enabled.
[    0.085494] rcu: RCU calculated value of scheduler-enlistment delay is 100 jiffies.
[    0.086029] rcu: Adjusting geometry for rcu_fanout_leaf=16, nr_cpu_ids=32
[    0.086570] RCU Tasks: Setting shift to 5 and lim to 1 rcu_task_cb_adjust=1 rcu_task_cpu_ids=32.
[    0.087180] RCU Tasks Rude: Setting shift to 5 and lim to 1 rcu_task_cb_adjust=1 rcu_task_cpu_ids=32.
[    0.087819] RCU Tasks Trace: Setting shift to 5 and lim to 1 rcu_task_cb_adjust=1 rcu_task_cpu_ids=32.
[    0.097729] NR_IRQS: 4352, nr_irqs: 680, preallocated irqs: 16
[    0.098393] rcu: srcu_init: Setting srcu_struct sizes based on contention.
[    0.099271] Console: colour *CGA 80x25
[    0.099562] ACPI: Core revision 20240827
[    0.099989] clocksource: hpet: mask: 0xffffffff max_cycles: 0xffffffff, max_idle_ns: 19112604467 ns
[    0.100690] APIC: Switch to symmetric I/O mode setup
[    0.101173] x2apic enabled
[    0.101542] APIC: Switched APIC routing to: physical x2apic
[    0.101933] kvm-guest: APIC: send_IPI_mask() replaced with kvm_send_ipi_mask()
[    0.102493] kvm-guest: APIC: send_IPI_mask_allbutself() replaced with kvm_send_ipi_mask_allbutself()
[    0.103121] kvm-guest: setup PV IPIs
[    0.104186] ..TIMER: vector=0x30 apic1=0 pin1=2 apic2=-1 pin2=-1
[    0.104951] clocksource: tsc-early: mask: 0xffffffffffffffff max_cycles: 0x40be463295d, max_idle_ns: 440795209293 ns
[    0.106262] Calibrating delay loop (skipped) preset value.. 8983.12 BogoMIPS (lpj=4491564)
[    0.107324] x86/cpu: User Mode Instruction Prevention (UMIP) activated
[    0.108317] Last level iTLB entries: 4KB 512, 2MB 255, 4MB 127
[    0.109260] Last level dTLB entries: 4KB 512, 2MB 255, 4MB 127, 1GB 0
[    0.110264] Spectre V1 : Mitigation: usercopy/swapgs barriers and __user pointer sanitization
[    0.111264] Spectre V2 : Mitigation: Enhanced / Automatic IBRS
[    0.111970] Spectre V2 : mitigation: Enabling conditional Indirect Branch Prediction Barrier
[    0.112262] Speculative Store Bypass: Mitigation: Speculative Store Bypass disabled via prctl
[    0.113260] Speculative Return Stack Overflow: IBPB-extending microcode not applied!
[    0.114260] Speculative Return Stack Overflow: WARNING: See https://kernel.org/doc/html/latest/admin-guide/hw-vuln/srso.html for mitigation options.
[    0.114262] Speculative Return Stack Overflow: Vulnerable: Safe RET, no microcode
[    0.116275] x86/fpu: Supporting XSAVE feature 0x001: 'x87 floating point registers'
[    0.117260] x86/fpu: Supporting XSAVE feature 0x002: 'SSE registers'
[    0.118260] x86/fpu: Supporting XSAVE feature 0x004: 'AVX registers'
[    0.119012] x86/fpu: Supporting XSAVE feature 0x020: 'AVX-512 opmask'
[    0.119260] x86/fpu: Supporting XSAVE feature 0x040: 'AVX-512 Hi256'
[    0.120260] x86/fpu: Supporting XSAVE feature 0x080: 'AVX-512 ZMM_Hi256'
[    0.121260] x86/fpu: Supporting XSAVE feature 0x200: 'Protection Keys User registers'
[    0.122260] x86/fpu: xstate_offset[2]:  576, xstate_sizes[2]:  256
[    0.122989] x86/fpu: xstate_offset[5]:  832, xstate_sizes[5]:   64
[    0.123260] x86/fpu: xstate_offset[6]:  896, xstate_sizes[6]:  512
[    0.124260] x86/fpu: xstate_offset[7]: 1408, xstate_sizes[7]: 1024
[    0.125260] x86/fpu: xstate_offset[9]: 2432, xstate_sizes[9]:    8
[    0.125998] x86/fpu: Enabled xstate features 0x2e7, context size is 2440 bytes, using 'compacted' format.
[    0.146802] Freeing SMP alternatives memory: 40K
[    0.147262] pid_max: default: 32768 minimum: 301
[    0.147939] Mount-cache hash table entries: 2048 (order: 2, 16384 bytes, linear)
[    0.148262] Mountpoint-cache hash table entries: 2048 (order: 2, 16384 bytes, linear)
[    0.150540] smpboot: CPU0: AMD Ryzen 9 7950X 16-Core Processor (family: 0x19, model: 0x61, stepping: 0x2)
[    0.151696] Performance Events: Fam17h+ core perfctr, AMD PMU driver.
[    0.152264] ... version:                0
[    0.152738] ... bit width:              48
[    0.153222] ... generic registers:      6
[    0.153262] ... value mask:             0000ffffffffffff
[    0.153890] ... max period:             00007fffffffffff
[    0.154262] ... fixed-purpose events:   0
[    0.154736] ... event mask:             000000000000003f
[    0.155415] signal: max sigframe size: 3376
[    0.155954] rcu: Hierarchical SRCU implementation.
[    0.156262] rcu: Max phase no-delay instances is 400.
[    0.156953] Timer migration: 2 hierarchy levels; 8 children per group; 2 crossnode level
[    0.161088] smp: Bringing up secondary CPUs ...
[    0.161445] smpboot: x86: Booting SMP configuration:
[    0.162035] .... node  #0, CPUs:        #1  #2  #3  #4  #5  #6  #7  #8  #9 #10 #11 #12 #13 #14 #15 #16 #17 #18 #19 #20 #21 #22 #23 #24 #25 #26 #27 #28 #29 #30 #31
[    0.190357] smp: Brought up 1 node, 32 CPUs
[    0.191770] smpboot: Total of 32 processors activated (287460.09 BogoMIPS)
[    0.195475] Memory: 761600K/1048056K available (44850K kernel code, 11593K rwdata, 10280K rodata, 6156K init, 1312K bss, 270672K reserved, 0K cma-reserved)
[    0.196387] devtmpfs: initialized
[    0.197263] x86/mm: Memory block size: 128MB
[    0.203794] clocksource: jiffies: mask: 0xffffffff max_cycles: 0xffffffff, max_idle_ns: 1911260446275000 ns
[    0.204265] posixtimers hash table entries: 16384 (order: 6, 262144 bytes, linear)
[    0.205207] futex hash table entries: 8192 (order: 7, 524288 bytes, linear)
[    0.205630] PM: RTC time: 09:26:39, date: 2025-05-26
[    0.207047] NET: Registered PF_NETLINK/PF_ROUTE protocol family
[    0.208130] thermal_sys: Registered thermal governor 'step_wise'
[    0.208159] cpuidle: using governor menu
[    0.209978] PCI: Using configuration type 1 for base access
[    0.210262] PCI: Using configuration type 1 for extended access
[    0.211130] kprobes: kprobe jump-optimization is enabled. All kprobes are optimized if possible.
[    0.225444] HugeTLB: allocation took 0ms with hugepage_allocation_threads=8
[    0.226292] HugeTLB: registered 1.00 GiB page size, pre-allocated 0 pages
[    0.227126] HugeTLB: 16380 KiB vmemmap can be freed for a 1.00 GiB page
[    0.228263] HugeTLB: registered 2.00 MiB page size, pre-allocated 0 pages
[    0.229089] HugeTLB: 28 KiB vmemmap can be freed for a 2.00 MiB page
[    0.230608] ACPI: Added _OSI(Module Device)
[    0.230608] ACPI: Added _OSI(Processor Device)
[    0.230805] ACPI: Added _OSI(3.0 _SCP Extensions)
[    0.232262] ACPI: Added _OSI(Processor Aggregator Device)
[    0.257504] ACPI: 1 ACPI AML tables successfully acquired and loaded
[    0.262188] ACPI: Interpreter enabled
[    0.262323] ACPI: PM: (supports S0 S3 S4 S5)
[    0.262852] ACPI: Using IOAPIC for interrupt routing
[    0.263317] PCI: Using host bridge windows from ACPI; if necessary, use "pci=nocrs" and report a bug
[    0.265262] PCI: Using E820 reservations for host bridge windows
[    0.267110] ACPI: Enabled 2 GPEs in block 00 to 0F
[    0.319095] ACPI: PCI Root Bridge [PCI0] (domain 0000 [bus 00-ff])
[    0.320277] acpi PNP0A03:00: _OSC: OS supports [ExtendedConfig ASPM ClockPM Segments MSI HPX-Type3]
[    0.321770] PCI host bridge to bus 0000:00
[    0.322319] pci_bus 0000:00: root bus resource [io  0x0000-0x0cf7 window]
[    0.323155] pci_bus 0000:00: root bus resource [io  0x0d00-0xffff window]
[    0.324265] pci_bus 0000:00: root bus resource [mem 0x000a0000-0x000bffff window]
[    0.325184] pci_bus 0000:00: root bus resource [mem 0x40000000-0xfebfffff window]
[    0.325265] pci_bus 0000:00: root bus resource [mem 0x100000000-0x17fffffff window]
[    0.326203] pci_bus 0000:00: root bus resource [bus 00-ff]
[    0.327357] pci 0000:00:00.0: [8086:1237] type 00 class 0x060000 conventional PCI endpoint
[    0.329186] pci 0000:00:01.0: [8086:7000] type 00 class 0x060100 conventional PCI endpoint
[    0.331155] pci 0000:00:01.1: [8086:7010] type 00 class 0x010180 conventional PCI endpoint
[    0.332703] pci 0000:00:01.1: BAR 4 [io  0xc0c0-0xc0cf]
[    0.333281] pci 0000:00:01.1: BAR 0 [io  0x01f0-0x01f7]: legacy IDE quirk
[    0.334112] pci 0000:00:01.1: BAR 1 [io  0x03f6]: legacy IDE quirk
[    0.335262] pci 0000:00:01.1: BAR 2 [io  0x0170-0x0177]: legacy IDE quirk
[    0.336090] pci 0000:00:01.1: BAR 3 [io  0x0376]: legacy IDE quirk
[    0.336973] pci 0000:00:01.3: [8086:7113] type 00 class 0x068000 conventional PCI endpoint
[    0.338480] pci 0000:00:01.3: quirk: [io  0x0600-0x063f] claimed by PIIX4 ACPI
[    0.339266] pci 0000:00:01.3: quirk: [io  0x0700-0x070f] claimed by PIIX4 SMB
[    0.340906] pci 0000:00:02.0: [1af4:1009] type 00 class 0x000200 conventional PCI endpoint
[    0.343267] pci 0000:00:02.0: BAR 0 [io  0xc000-0xc03f]
[    0.343915] pci 0000:00:02.0: BAR 1 [mem 0xfebfc000-0xfebfcfff]
[    0.344276] pci 0000:00:02.0: BAR 4 [mem 0xfebf0000-0xfebf3fff 64bit pref]
[    0.357172] pci 0000:00:03.0: [1af4:1009] type 00 class 0x000200 conventional PCI endpoint
[    0.359267] pci 0000:00:03.0: BAR 0 [io  0xc040-0xc07f]
[    0.359917] pci 0000:00:03.0: BAR 1 [mem 0xfebfd000-0xfebfdfff]
[    0.361276] pci 0000:00:03.0: BAR 4 [mem 0xfebf4000-0xfebf7fff 64bit pref]
[    0.374088] pci 0000:00:04.0: [8086:25ab] type 00 class 0x088000 conventional PCI endpoint
[    0.374600] pci 0000:00:04.0: BAR 0 [mem 0xfebfe000-0xfebfe00f]
[    0.388089] pci 0000:00:05.0: [1af4:1003] type 00 class 0x078000 conventional PCI endpoint
[    0.388987] pci 0000:00:05.0: BAR 0 [io  0xc080-0xc0bf]
[    0.390267] pci 0000:00:05.0: BAR 1 [mem 0xfebff000-0xfebfffff]
[    0.391005] pci 0000:00:05.0: BAR 4 [mem 0xfebf8000-0xfebfbfff 64bit pref]
[    0.405637] ACPI: PCI: Interrupt link LNKA configured for IRQ 10
[    0.407241] ACPI: PCI: Interrupt link LNKB configured for IRQ 10
[    0.409235] ACPI: PCI: Interrupt link LNKC configured for IRQ 11
[    0.411223] ACPI: PCI: Interrupt link LNKD configured for IRQ 11
[    0.412661] ACPI: PCI: Interrupt link LNKS configured for IRQ 9
[    0.432441] iommu: Default domain type: Translated
[    0.433038] iommu: DMA domain TLB invalidation policy: lazy mode
[    0.433740] SCSI subsystem initialized
[    0.434490] pps_core: LinuxPPS API ver. 1 registered
[    0.435115] pps_core: Software ver. 5.3.6 - Copyright 2005-2007 Rodolfo Giometti <giometti@linux.it>
[    0.436278] PTP clock support registered
[    0.437387] Advanced Linux Sound Architecture Driver Initialized.
[    0.439399] NET: Registered PF_ATMPVC protocol family
[    0.440020] NET: Registered PF_ATMSVC protocol family
[    0.440299] PCI: Using ACPI for IRQ routing
[    0.441302] vgaarb: loaded
[    0.441379] hpet0: at MMIO 0xfed00000, IRQs 2, 8, 0
[    0.441983] hpet0: 3 comparators, 64-bit 100.000000 MHz counter
[    0.449514] clocksource: Switched to clocksource kvm-clock
[    0.450564] VFS: Disk quotas dquot_6.6.0
[    0.451056] VFS: Dquot-cache hash table entries: 512 (order 0, 4096 bytes)
[    0.456002] pnp: PnP ACPI init
[    0.458889] pnp: PnP ACPI: found 5 devices
[    0.470927] clocksource: acpi_pm: mask: 0xffffff max_cycles: 0xffffff, max_idle_ns: 2085701024 ns
[    0.472076] NET: Registered PF_INET protocol family
[    0.472724] IP idents hash table entries: 16384 (order: 5, 131072 bytes, linear)
[    0.474013] tcp_listen_portaddr_hash hash table entries: 512 (order: 1, 8192 bytes, linear)
[    0.475041] Table-perturb hash table entries: 65536 (order: 6, 262144 bytes, linear)
[    0.476007] TCP established hash table entries: 8192 (order: 4, 65536 bytes, linear)
[    0.476968] TCP bind hash table entries: 8192 (order: 6, 262144 bytes, linear)
[    0.477860] TCP: Hash tables configured (established 8192 bind 8192)
[    0.478800] UDP hash table entries: 512 (order: 3, 32768 bytes, linear)
[    0.479643] UDP-Lite hash table entries: 512 (order: 3, 32768 bytes, linear)
[    0.480745] NET: Registered PF_UNIX/PF_LOCAL protocol family
[    0.481460] pci_bus 0000:00: resource 4 [io  0x0000-0x0cf7 window]
[    0.482210] pci_bus 0000:00: resource 5 [io  0x0d00-0xffff window]
[    0.482967] pci_bus 0000:00: resource 6 [mem 0x000a0000-0x000bffff window]
[    0.483806] pci_bus 0000:00: resource 7 [mem 0x40000000-0xfebfffff window]
[    0.484647] pci_bus 0000:00: resource 8 [mem 0x100000000-0x17fffffff window]
[    0.485714] pci 0000:00:01.0: PIIX3: Enabling Passive Release
[    0.486420] pci 0000:00:00.0: Limiting direct PCI/PCI transfers
[    0.487174] PCI: CLS 0 bytes, default 64
[    0.487771] kvm_intel: VMX not supported by CPU 9
[    0.488364] kvm_amd: TSC scaling supported
[    0.488873] kvm_amd: Nested Virtualization enabled
[    0.489461] kvm_amd: Nested Paging enabled
[    0.489958] kvm_amd: LBR virtualization supported
[    0.490635] kvm_amd: Virtual GIF supported
[    0.491133] kvm_amd: Virtual NMI enabled
[    0.519574] clocksource: tsc: mask: 0xffffffffffffffff max_cycles: 0x40be463295d, max_idle_ns: 440795209293 ns
[    0.538953] Initialise system trusted keyrings
[    0.539793] workingset: timestamp_bits=56 max_order=18 bucket_order=0
[    0.540708] squashfs: version 4.0 (2009/01/31) Phillip Lougher
[    0.541448] fuse: init (API version 7.43)
[    0.542077] 9p: Installing v9fs 9p2000 file system support
[    0.551668] Key type asymmetric registered
[    0.552178] Asymmetric key parser 'x509' registered
[    0.552850] Block layer SCSI generic (bsg) driver version 0.4 loaded (major 249)
[    0.553798] io scheduler mq-deadline registered
[    0.554361] io scheduler kyber registered
[    0.556761] input: Power Button as /devices/LNXSYSTM:00/LNXPWRBN:00/input/input0
[    0.557916] ACPI: button: Power Button [PWRF]
[    0.559866] Warning: Processor Platform Limit event detected, but not handled.
[    0.560780] Consider compiling CPUfreq support into your kernel.
[    1.447032] ACPI: \_SB_.LNKB: Enabled at IRQ 10
[    2.325604] ACPI: \_SB_.LNKC: Enabled at IRQ 11
[    3.203976] ACPI: \_SB_.LNKA: Enabled at IRQ 10
[    3.205345] Serial: 8250/16550 driver, 4 ports, IRQ sharing enabled
[    3.206536] 00:03: ttyS0 at I/O 0x3f8 (irq = 4, base_baud = 115200) is a 16550A
[    3.230777] Non-volatile memory driver v1.3
[    3.231322] Linux agpgart interface v0.103
[    3.232065] ACPI: bus type drm_connector registered
[    3.232688] printk: legacy console [hvc0] enabled
[    3.233294] printk: legacy bootconsole [earlyser0] disabled
          _      _                                    
   __   _(_)_ __| |_ _ __ ___   ___       _ __   __ _ 
   \ \ / / |  __| __|  _   _ \ / _ \_____|  _ \ / _  |
    \ V /| | |  | |_| | | | | |  __/_____| | | | (_| |
     \_/ |_|_|   \__|_| |_| |_|\___|     |_| |_|\__  |
                                                |___/ 
   kernel version: 6.15.0-rc7-virtme x86_64
   (CTRL+d to exit)

root@virtme-ng:/nipa-data/kernel# PS1='xx__-> '
xx__-> env
PWD=/nipa-data/kernel
nr_open=1048576
HOME=/
TERM=xterm
SHLVL=2
XDG_RUNTIME_DIR=/run/user/0
PATH=/bin:/sbin:/usr/bin:/usr/sbin:/usr/local/bin
OLDPWD=/
_=/bin/env
xx__-> 