No EFI environment detected.
early console in extract_kernel
input_data: 0x0000000004b162b9
input_len: 0x00000000017c58e4
output: 0x0000000001000000
output_len: 0x00000000052687f0
kernel_total_size: 0x0000000004e30000
needed_size: 0x0000000005400000
trampoline_32bit: 0x0000000000000000
Physical KASLR using RDRAND RDTSC...
Virtual KASLR using RDRAND RDTSC...

Decompressing Linux... Parsing ELF... Performing relocations... done.
Booting the kernel (entry_offset: 0x0000000000000000).
[    0.000000] Linux version 6.8.0-rc7-virtme (root@2bdf9e45669b) (gcc (Alpine 13.2.1_git20231014) 13.2.1 20231014, GNU ld (GNU Binutils) 2.42) #1 SMP PREEMPT_DYNAMIC Mon Mar 11 06:27:05 UTC 2024
[    0.000000] Command line: virtme_hostname=virtme-ng nr_open=1048576 virtme_link_mods=/nipa-data/kernel/.virtme_mods/lib/modules/0.0.0 virtme_initmount0=nipa-data/kernel virtme_rw_overlay0=/etc virtme_rw_overlay1=/lib virtme_rw_overlay2=/home virtme_rw_overlay3=/opt virtme_rw_overlay4=/srv virtme_rw_overlay5=/usr virtme_rw_overlay6=/var console=hvc0 earlyprintk=serial,ttyS0,115200 virtme_console=ttyS0 psmouse.proto=exps TERM=xterm virtme_chdir=nipa-data/kernel virtme_root_user=1 rootfstype=9p rootflags=version=9p2000.L,trans=virtio,access=any raid=noautodetect ro init=/usr/lib/python3.11/site-packages/virtme/guest/virtme-init
[    0.000000] BIOS-provided physical RAM map:
[    0.000000] BIOS-e820: [mem 0x0000000000000000-0x000000000009fbff] usable
[    0.000000] BIOS-e820: [mem 0x000000000009fc00-0x000000000009ffff] reserved
[    0.000000] BIOS-e820: [mem 0x00000000000f0000-0x00000000000fffff] reserved
[    0.000000] BIOS-e820: [mem 0x0000000000100000-0x000000003ffdffff] usable
[    0.000000] BIOS-e820: [mem 0x000000003ffe0000-0x000000003fffffff] reserved
[    0.000000] BIOS-e820: [mem 0x00000000feffc000-0x00000000feffffff] reserved
[    0.000000] BIOS-e820: [mem 0x00000000fffc0000-0x00000000ffffffff] reserved
[    0.000000] BIOS-e820: [mem 0x000000fd00000000-0x000000ffffffffff] reserved
[    0.000000] printk: legacy bootconsole [earlyser0] enabled
[    0.000000] NX (Execute Disable) protection: active
[    0.000000] APIC: Static calls initialized
[    0.000000] SMBIOS 3.0.0 present.
[    0.000000] DMI: QEMU Standard PC (i440FX + PIIX, 1996), BIOS rel-1.16.3-0-ga6ed6b701f0a-prebuilt.qemu.org 04/01/2014
[    0.000000] Hypervisor detected: KVM
[    0.000000] kvm-clock: Using msrs 4b564d01 and 4b564d00
[    0.000000] kvm-clock: using sched offset of 376041427 cycles
[    0.000487] clocksource: kvm-clock: mask: 0xffffffffffffffff max_cycles: 0x1cd42e4dffb, max_idle_ns: 881590591483 ns
[    0.001716] tsc: Detected 4491.556 MHz processor
[    0.002454] last_pfn = 0x3ffe0 max_arch_pfn = 0x400000000
[    0.002886] MTRR map: 4 entries (3 fixed + 1 variable; max 19), built from 8 variable MTRRs
[    0.003515] x86/PAT: Configuration [0-7]: WB  WC  UC- UC  WB  WP  UC- WT  
[    0.005599] found SMP MP-table at [mem 0x000f5470-0x000f547f]
[    0.006043] Using GB pages for direct mapping
[    0.006590] ACPI: Early table checksum verification disabled
[    0.007117] ACPI: RSDP 0x00000000000F5290 000014 (v00 BOCHS )
[    0.007563] ACPI: RSDT 0x000000003FFE27BC 000034 (v01 BOCHS  BXPC     00000001 BXPC 00000001)
[    0.008214] ACPI: FACP 0x000000003FFE2578 000074 (v01 BOCHS  BXPC     00000001 BXPC 00000001)
[    0.008862] ACPI: DSDT 0x000000003FFE0040 002538 (v01 BOCHS  BXPC     00000001 BXPC 00000001)
[    0.009509] ACPI: FACS 0x000000003FFE0000 000040
[    0.009861] ACPI: APIC 0x000000003FFE25EC 000170 (v03 BOCHS  BXPC     00000001 BXPC 00000001)
[    0.010510] ACPI: HPET 0x000000003FFE275C 000038 (v01 BOCHS  BXPC     00000001 BXPC 00000001)
[    0.011154] ACPI: WAET 0x000000003FFE2794 000028 (v01 BOCHS  BXPC     00000001 BXPC 00000001)
[    0.011799] ACPI: Reserving FACP table memory at [mem 0x3ffe2578-0x3ffe25eb]
[    0.012334] ACPI: Reserving DSDT table memory at [mem 0x3ffe0040-0x3ffe2577]
[    0.012865] ACPI: Reserving FACS table memory at [mem 0x3ffe0000-0x3ffe003f]
[    0.013474] ACPI: Reserving APIC table memory at [mem 0x3ffe25ec-0x3ffe275b]
[    0.014088] ACPI: Reserving HPET table memory at [mem 0x3ffe275c-0x3ffe2793]
[    0.014621] ACPI: Reserving WAET table memory at [mem 0x3ffe2794-0x3ffe27bb]
[    0.015359] No NUMA configuration found
[    0.015649] Faking a node at [mem 0x0000000000000000-0x000000003ffdffff]
[    0.016159] NODE_DATA(0) allocated [mem 0x3ffdb000-0x3ffdffff]
[    0.016617] Zone ranges:
[    0.016809]   DMA      [mem 0x0000000000001000-0x0000000000ffffff]
[    0.017277]   DMA32    [mem 0x0000000001000000-0x000000003ffdffff]
[    0.017757]   Normal   empty
[    0.017975]   Device   empty
[    0.018192] Movable zone start for each node
[    0.018519] Early memory node ranges
[    0.018788]   node   0: [mem 0x0000000000001000-0x000000000009efff]
[    0.019260]   node   0: [mem 0x0000000000100000-0x000000003ffdffff]
[    0.019736] Initmem setup node 0 [mem 0x0000000000001000-0x000000003ffdffff]
[    0.020276] On node 0, zone DMA: 1 pages in unavailable ranges
[    0.020778] On node 0, zone DMA: 97 pages in unavailable ranges
[    0.025521] On node 0, zone DMA32: 32 pages in unavailable ranges
[    0.035242] kasan: KernelAddressSanitizer initialized
[    0.035915] ACPI: PM-Timer IO Port: 0x608
[    0.036226] ACPI: LAPIC_NMI (acpi_id[0xff] dfl dfl lint[0x1])
[    0.036690] IOAPIC[0]: apic_id 0, version 17, address 0xfec00000, GSI 0-23
[    0.037208] ACPI: INT_SRC_OVR (bus 0 bus_irq 0 global_irq 2 dfl dfl)
[    0.037693] ACPI: INT_SRC_OVR (bus 0 bus_irq 5 global_irq 5 high level)
[    0.038189] ACPI: INT_SRC_OVR (bus 0 bus_irq 9 global_irq 9 high level)
[    0.038690] ACPI: INT_SRC_OVR (bus 0 bus_irq 10 global_irq 10 high level)
[    0.039199] ACPI: INT_SRC_OVR (bus 0 bus_irq 11 global_irq 11 high level)
[    0.039730] ACPI: Using ACPI (MADT) for SMP configuration information
[    0.040220] ACPI: HPET id: 0x8086a201 base: 0xfed00000
[    0.040675] TSC deadline timer available
[    0.041030] smpboot: Allowing 32 CPUs, 0 hotplug CPUs
[    0.041507] kvm-guest: APIC: eoi() replaced with kvm_guest_apic_eoi_write()
[    0.042158] kvm-guest: KVM setup pv remote TLB flush
[    0.042568] kvm-guest: setup PV sched yield
[    0.042895] PM: hibernation: Registered nosave memory: [mem 0x00000000-0x00000fff]
[    0.043487] PM: hibernation: Registered nosave memory: [mem 0x0009f000-0x0009ffff]
[    0.044079] PM: hibernation: Registered nosave memory: [mem 0x000a0000-0x000effff]
[    0.044674] PM: hibernation: Registered nosave memory: [mem 0x000f0000-0x000fffff]
[    0.045261] [mem 0x40000000-0xfeffbfff] available for PCI devices
[    0.045742] Booting paravirtualized kernel on KVM
[    0.046107] clocksource: refined-jiffies: mask: 0xffffffff max_cycles: 0xffffffff, max_idle_ns: 1910969940391419 ns
[    0.055305] setup_percpu: NR_CPUS:64 nr_cpumask_bits:32 nr_cpu_ids:32 nr_node_ids:1
[    0.057192] percpu: Embedded 68 pages/cpu s241448 r8192 d28888 u524288
[    0.057761] Kernel command line: virtme_hostname=virtme-ng nr_open=1048576 virtme_link_mods=/nipa-data/kernel/.virtme_mods/lib/modules/0.0.0 virtme_initmount0=nipa-data/kernel virtme_rw_overlay0=/etc virtme_rw_overlay1=/lib virtme_rw_overlay2=/home virtme_rw_overlay3=/opt virtme_rw_overlay4=/srv virtme_rw_overlay5=/usr virtme_rw_overlay6=/var console=hvc0 earlyprintk=serial,ttyS0,115200 virtme_console=ttyS0 psmouse.proto=exps TERM=xterm virtme_chdir=nipa-data/kernel virtme_root_user=1 rootfstype=9p rootflags=version=9p2000.L,trans=virtio,access=any raid=noautodetect ro init=/usr/lib/python3.11/site-packages/virtme/guest/virtme-init
[    0.062354] Unknown kernel command line parameters "virtme_hostname=virtme-ng nr_open=1048576 virtme_link_mods=/nipa-data/kernel/.virtme_mods/lib/modules/0.0.0 virtme_initmount0=nipa-data/kernel virtme_rw_overlay0=/etc virtme_rw_overlay1=/lib virtme_rw_overlay2=/home virtme_rw_overlay3=/opt virtme_rw_overlay4=/srv virtme_rw_overlay5=/usr virtme_rw_overlay6=/var virtme_console=ttyS0 virtme_chdir=nipa-data/kernel virtme_root_user=1", will be passed to user space.
[    0.065805] random: crng init done
[    0.066181] Dentry cache hash table entries: 131072 (order: 8, 1048576 bytes, linear)
[    0.066819] Inode-cache hash table entries: 65536 (order: 7, 524288 bytes, linear)
[    0.067864] Fallback order for Node 0: 0 
[    0.067869] Built 1 zonelists, mobility grouping on.  Total pages: 257760
[    0.068726] Policy zone: DMA32
[    0.068966] mem auto-init: stack:all(zero), heap alloc:off, heap free:off
[    0.069514] stackdepot: allocating hash table via alloc_large_system_hash
[    0.070046] stackdepot hash table entries: 1048576 (order: 12, 16777216 bytes, linear)
[    0.078154] Memory: 781296K/1048056K available (43008K kernel code, 11339K rwdata, 9576K rodata, 5748K init, 2408K bss, 266504K reserved, 0K cma-reserved)
[    0.079474] SLUB: HWalign=64, Order=0-3, MinObjects=0, CPUs=32, Nodes=1
Poking KASLR using RDRAND RDTSC...
[    0.080432] ftrace: allocating 46501 entries in 182 pages
[    0.089446] ftrace: allocated 182 pages with 5 groups
[    0.090947] Dynamic Preempt: voluntary
[    0.091644] rcu: Preemptible hierarchical RCU implementation.
[    0.092100] rcu: RCU event tracing is enabled.
[    0.092461] rcu: RCU restricting CPUs from NR_CPUS=64 to nr_cpu_ids=32.
[    0.092982] Trampoline variant of Tasks RCU enabled.
[    0.093381] Rude variant of Tasks RCU enabled.
[    0.093733] Tracing variant of Tasks RCU enabled.
[    0.094105] rcu: RCU calculated value of scheduler-enlistment delay is 100 jiffies.
[    0.094709] rcu: Adjusting geometry for rcu_fanout_leaf=16, nr_cpu_ids=32
[    0.103953] NR_IRQS: 4352, nr_irqs: 680, preallocated irqs: 16
[    0.104664] rcu: srcu_init: Setting srcu_struct sizes based on contention.
[    0.105408] Console: colour *CGA 80x25
[    0.105723] ACPI: Core revision 20230628
[    0.106185] clocksource: hpet: mask: 0xffffffff max_cycles: 0xffffffff, max_idle_ns: 19112604467 ns
[    0.106957] APIC: Switch to symmetric I/O mode setup
[    0.107352] APIC: Switched APIC routing to: physical flat
[    0.107766] kvm-guest: APIC: send_IPI_mask() replaced with kvm_send_ipi_mask()
[    0.108354] kvm-guest: APIC: send_IPI_mask_allbutself() replaced with kvm_send_ipi_mask_allbutself()
[    0.109069] kvm-guest: setup PV IPIs
[    0.110234] ..TIMER: vector=0x30 apic1=0 pin1=2 apic2=-1 pin2=-1
[    0.111086] tsc: Marking TSC unstable due to TSCs unsynchronized
[    0.111899] Calibrating delay loop (skipped) preset value.. 8983.11 BogoMIPS (lpj=4491556)
[    0.112960] x86/cpu: User Mode Instruction Prevention (UMIP) activated
[    0.113957] Last level iTLB entries: 4KB 512, 2MB 255, 4MB 127
[    0.114736] Last level dTLB entries: 4KB 512, 2MB 255, 4MB 127, 1GB 0
[    0.114899] Spectre V1 : Mitigation: usercopy/swapgs barriers and __user pointer sanitization
[    0.115900] Spectre V2 : Mitigation: Enhanced / Automatic IBRS
[    0.116895] Spectre V2 : Spectre v2 / SpectreRSB mitigation: Filling RSB on context switch
[    0.117897] Spectre V2 : mitigation: Enabling conditional Indirect Branch Prediction Barrier
[    0.118897] Speculative Store Bypass: Mitigation: Speculative Store Bypass disabled via prctl
[    0.119895] Speculative Return Stack Overflow: IBPB-extending microcode not applied!
[    0.120895] Speculative Return Stack Overflow: WARNING: See https://kernel.org/doc/html/latest/admin-guide/hw-vuln/srso.html for mitigation options.
[    0.120896] Speculative Return Stack Overflow: Vulnerable: Safe RET, no microcode
[    0.122911] x86/fpu: Supporting XSAVE feature 0x001: 'x87 floating point registers'
[    0.123895] x86/fpu: Supporting XSAVE feature 0x002: 'SSE registers'
[    0.124895] x86/fpu: Supporting XSAVE feature 0x004: 'AVX registers'
[    0.125731] x86/fpu: Supporting XSAVE feature 0x020: 'AVX-512 opmask'
[    0.125895] x86/fpu: Supporting XSAVE feature 0x040: 'AVX-512 Hi256'
[    0.126895] x86/fpu: Supporting XSAVE feature 0x080: 'AVX-512 ZMM_Hi256'
[    0.127895] x86/fpu: Supporting XSAVE feature 0x200: 'Protection Keys User registers'
[    0.128895] x86/fpu: xstate_offset[2]:  576, xstate_sizes[2]:  256
[    0.129895] x86/fpu: xstate_offset[5]:  832, xstate_sizes[5]:   64
[    0.130895] x86/fpu: xstate_offset[6]:  896, xstate_sizes[6]:  512
[    0.131895] x86/fpu: xstate_offset[7]: 1408, xstate_sizes[7]: 1024
[    0.132709] x86/fpu: xstate_offset[9]: 2432, xstate_sizes[9]:    8
[    0.132895] x86/fpu: Enabled xstate features 0x2e7, context size is 2440 bytes, using 'compacted' format.
[    0.155070] Freeing SMP alternatives memory: 36K
[    0.155686] pid_max: default: 32768 minimum: 301
[    0.156041] Mount-cache hash table entries: 2048 (order: 2, 16384 bytes, linear)
[    0.156896] Mountpoint-cache hash table entries: 2048 (order: 2, 16384 bytes, linear)
[    0.159180] smpboot: CPU0: AMD Ryzen 9 7950X 16-Core Processor (family: 0x19, model: 0x61, stepping: 0x2)
[    0.160224] RCU Tasks: Setting shift to 5 and lim to 1 rcu_task_cb_adjust=1.
[    0.160921] RCU Tasks Rude: Setting shift to 5 and lim to 1 rcu_task_cb_adjust=1.
[    0.161921] RCU Tasks Trace: Setting shift to 5 and lim to 1 rcu_task_cb_adjust=1.
[    0.162923] Performance Events: Fam17h+ core perfctr, AMD PMU driver.
[    0.163804] ... version:                0
[    0.163897] ... bit width:              48
[    0.164438] ... generic registers:      6
[    0.164897] ... value mask:             0000ffffffffffff
[    0.165598] ... max period:             00007fffffffffff
[    0.165897] ... fixed-purpose events:   0
[    0.166429] ... event mask:             000000000000003f
[    0.166996] signal: max sigframe size: 3376
[    0.167595] rcu: Hierarchical SRCU implementation.
[    0.167897] rcu: Max phase no-delay instances is 400.
[    0.172844] smp: Bringing up secondary CPUs ...
[    0.173083] smpboot: x86: Booting SMP configuration:
[    0.173738] .... node  #0, CPUs:        #1  #2  #3  #4  #5  #6  #7  #8  #9 #10 #11 #12 #13 #14 #15 #16 #17 #18 #19 #20 #21 #22 #23 #24 #25 #26 #27 #28 #29 #30 #31
[    0.195064] smp: Brought up 1 node, 32 CPUs
[    0.196582] smpboot: Max logical packages: 1
[    0.196898] smpboot: Total of 32 processors activated (287459.58 BogoMIPS)
[    0.205132] devtmpfs: initialized
[    0.206064] x86/mm: Memory block size: 128MB
[    0.215240] clocksource: jiffies: mask: 0xffffffff max_cycles: 0xffffffff, max_idle_ns: 1911260446275000 ns
[    0.215904] futex hash table entries: 8192 (order: 7, 524288 bytes, linear)
[    0.217320] PM: RTC time: 06:27:39, date: 2024-03-11
[    0.218846] NET: Registered PF_NETLINK/PF_ROUTE protocol family
[    0.219966] thermal_sys: Registered thermal governor 'step_wise'
[    0.219969] thermal_sys: Registered thermal governor 'user_space'
[    0.220973] cpuidle: using governor menu
[    0.224311] PCI: Using configuration type 1 for base access
[    0.224898] PCI: Using configuration type 1 for extended access
[    0.226039] kprobes: kprobe jump-optimization is enabled. All kprobes are optimized if possible.
[    0.233708] HugeTLB: registered 1.00 GiB page size, pre-allocated 0 pages
[    0.234898] HugeTLB: 16380 KiB vmemmap can be freed for a 1.00 GiB page
[    0.235899] HugeTLB: registered 2.00 MiB page size, pre-allocated 0 pages
[    0.236897] HugeTLB: 28 KiB vmemmap can be freed for a 2.00 MiB page
[    0.238234] ACPI: Added _OSI(Module Device)
[    0.238898] ACPI: Added _OSI(Processor Device)
[    0.239486] ACPI: Added _OSI(3.0 _SCP Extensions)
[    0.239897] ACPI: Added _OSI(Processor Aggregator Device)
[    0.264520] ACPI: 1 ACPI AML tables successfully acquired and loaded
[    0.268073] ACPI: _OSC evaluation for CPUs failed, trying _PDC
[    0.271187] ACPI: Interpreter enabled
[    0.271721] ACPI: PM: (supports S0 S3 S4 S5)
[    0.271898] ACPI: Using IOAPIC for interrupt routing
[    0.272585] PCI: Using host bridge windows from ACPI; if necessary, use "pci=nocrs" and report a bug
[    0.273898] PCI: Using E820 reservations for host bridge windows
[    0.275768] ACPI: Enabled 2 GPEs in block 00 to 0F
[    0.324689] ACPI: PCI Root Bridge [PCI0] (domain 0000 [bus 00-ff])
[    0.325914] acpi PNP0A03:00: _OSC: OS supports [ExtendedConfig ASPM ClockPM Segments MSI HPX-Type3]
[    0.327423] PCI host bridge to bus 0000:00
[    0.327900] pci_bus 0000:00: root bus resource [io  0x0000-0x0cf7 window]
[    0.328786] pci_bus 0000:00: root bus resource [io  0x0d00-0xffff window]
[    0.329900] pci_bus 0000:00: root bus resource [mem 0x000a0000-0x000bffff window]
[    0.330878] pci_bus 0000:00: root bus resource [mem 0x40000000-0xfebfffff window]
[    0.331900] pci_bus 0000:00: root bus resource [mem 0x100000000-0x17fffffff window]
[    0.332890] pci_bus 0000:00: root bus resource [bus 00-ff]
[    0.334046] pci 0000:00:00.0: [8086:1237] type 00 class 0x060000 conventional PCI endpoint
[    0.335780] pci 0000:00:01.0: [8086:7000] type 00 class 0x060100 conventional PCI endpoint
[    0.337823] pci 0000:00:01.1: [8086:7010] type 00 class 0x010180 conventional PCI endpoint
[    0.341676] pci 0000:00:01.1: BAR 4 [io  0xc0c0-0xc0cf]
[    0.343882] pci 0000:00:01.1: BAR 0 [io  0x01f0-0x01f7]: legacy IDE quirk
[    0.344898] pci 0000:00:01.1: BAR 1 [io  0x03f6]: legacy IDE quirk
[    0.345718] pci 0000:00:01.1: BAR 2 [io  0x0170-0x0177]: legacy IDE quirk
[    0.345897] pci 0000:00:01.1: BAR 3 [io  0x0376]: legacy IDE quirk
[    0.347403] pci 0000:00:01.3: [8086:7113] type 00 class 0x068000 conventional PCI endpoint
[    0.349161] pci 0000:00:01.3: quirk: [io  0x0600-0x063f] claimed by PIIX4 ACPI
[    0.350902] pci 0000:00:01.3: quirk: [io  0x0700-0x070f] claimed by PIIX4 SMB
[    0.352574] pci 0000:00:02.0: [1af4:1009] type 00 class 0x000200 conventional PCI endpoint
[    0.354898] pci 0000:00:02.0: BAR 0 [io  0xc000-0xc03f]
[    0.357604] pci 0000:00:02.0: BAR 1 [mem 0xfebfc000-0xfebfcfff]
[    0.363898] pci 0000:00:02.0: BAR 4 [mem 0xfebf0000-0xfebf3fff 64bit pref]
[    0.377443] pci 0000:00:03.0: [1af4:1009] type 00 class 0x000200 conventional PCI endpoint
[    0.379898] pci 0000:00:03.0: BAR 0 [io  0xc040-0xc07f]
[    0.382617] pci 0000:00:03.0: BAR 1 [mem 0xfebfd000-0xfebfdfff]
[    0.388692] pci 0000:00:03.0: BAR 4 [mem 0xfebf4000-0xfebf7fff 64bit pref]
[    0.404299] pci 0000:00:04.0: [8086:25ab] type 00 class 0x088000 conventional PCI endpoint
[    0.405302] pci 0000:00:04.0: BAR 0 [mem 0xfebfe000-0xfebfe00f]
[    0.421052] pci 0000:00:05.0: [1af4:1003] type 00 class 0x078000 conventional PCI endpoint
[    0.422898] pci 0000:00:05.0: BAR 0 [io  0xc080-0xc0bf]
[    0.425619] pci 0000:00:05.0: BAR 1 [mem 0xfebff000-0xfebfffff]
[    0.431581] pci 0000:00:05.0: BAR 4 [mem 0xfebf8000-0xfebfbfff 64bit pref]
[    0.447487] ACPI: PCI: Interrupt link LNKA configured for IRQ 10
[    0.449902] ACPI: PCI: Interrupt link LNKB configured for IRQ 10
[    0.451659] ACPI: PCI: Interrupt link LNKC configured for IRQ 11
[    0.452855] ACPI: PCI: Interrupt link LNKD configured for IRQ 11
[    0.454305] ACPI: PCI: Interrupt link LNKS configured for IRQ 9
[    0.473844] iommu: Default domain type: Translated
[    0.474897] iommu: DMA domain TLB invalidation policy: lazy mode
[    0.476143] SCSI subsystem initialized
[    0.477023] pps_core: LinuxPPS API ver. 1 registered
[    0.477669] pps_core: Software ver. 5.3.6 - Copyright 2005-2007 Rodolfo Giometti <giometti@linux.it>
[    0.478914] PTP clock support registered
[    0.480029] Advanced Linux Sound Architecture Driver Initialized.
[    0.481125] NET: Registered PF_ATMPVC protocol family
[    0.481776] NET: Registered PF_ATMSVC protocol family
[    0.482922] PCI: Using ACPI for IRQ routing
[    0.483963] vgaarb: loaded
[    0.484023] hpet0: at MMIO 0xfed00000, IRQs 2, 8, 0
[    0.484670] hpet0: 3 comparators, 64-bit 100.000000 MHz counter
[    0.490722] clocksource: Switched to clocksource kvm-clock
[    0.491942] VFS: Disk quotas dquot_6.6.0
[    0.492500] VFS: Dquot-cache hash table entries: 512 (order 0, 4096 bytes)
[    0.493665] pnp: PnP ACPI init
[    0.496538] pnp: PnP ACPI: found 5 devices
[    0.509306] clocksource: acpi_pm: mask: 0xffffff max_cycles: 0xffffff, max_idle_ns: 2085701024 ns
[    0.510537] NET: Registered PF_INET protocol family
[    0.511212] IP idents hash table entries: 16384 (order: 5, 131072 bytes, linear)
[    0.512564] tcp_listen_portaddr_hash hash table entries: 512 (order: 1, 8192 bytes, linear)
[    0.513641] Table-perturb hash table entries: 65536 (order: 6, 262144 bytes, linear)
[    0.514652] TCP established hash table entries: 8192 (order: 4, 65536 bytes, linear)
[    0.515652] TCP bind hash table entries: 8192 (order: 6, 262144 bytes, linear)
[    0.516700] TCP: Hash tables configured (established 8192 bind 8192)
[    0.517688] UDP hash table entries: 512 (order: 2, 16384 bytes, linear)
[    0.518609] UDP-Lite hash table entries: 512 (order: 2, 16384 bytes, linear)
[    0.519755] NET: Registered PF_UNIX/PF_LOCAL protocol family
[    0.520504] pci_bus 0000:00: resource 4 [io  0x0000-0x0cf7 window]
[    0.521300] pci_bus 0000:00: resource 5 [io  0x0d00-0xffff window]
[    0.522089] pci_bus 0000:00: resource 6 [mem 0x000a0000-0x000bffff window]
[    0.522976] pci_bus 0000:00: resource 7 [mem 0x40000000-0xfebfffff window]
[    0.523858] pci_bus 0000:00: resource 8 [mem 0x100000000-0x17fffffff window]
[    0.524965] pci 0000:00:01.0: PIIX3: Enabling Passive Release
[    0.525709] pci 0000:00:00.0: Limiting direct PCI/PCI transfers
[    0.526514] PCI: CLS 0 bytes, default 64
[    0.527074] kvm_intel: VMX not supported by CPU 24
[    0.527732] kvm_amd: TSC scaling supported
[    0.528259] kvm_amd: Nested Virtualization enabled
[    0.528875] kvm_amd: Nested Paging enabled
[    0.529414] kvm_amd: Virtual VMLOAD VMSAVE supported
[    0.530048] kvm_amd: Virtual GIF supported
[    0.530576] kvm_amd: Virtual NMI enabled
[    0.531077] kvm_amd: LBR virtualization supported
[    0.635739] workingset: timestamp_bits=56 max_order=18 bucket_order=0
[    0.636729] squashfs: version 4.0 (2009/01/31) Phillip Lougher
[    0.637494] fuse: init (API version 7.39)
[    0.638145] 9p: Installing v9fs 9p2000 file system support
[    0.638970] Key type asymmetric registered
[    0.639535] Block layer SCSI generic (bsg) driver version 0.4 loaded (major 249)
[    0.640510] io scheduler mq-deadline registered
[    0.641092] io scheduler kyber registered
[    0.642960] input: Power Button as /devices/LNXSYSTM:00/LNXPWRBN:00/input/input0
[    0.644145] ACPI: button: Power Button [PWRF]
[    0.644845] Warning: Processor Platform Limit event detected, but not handled.
[    0.645770] Consider compiling CPUfreq support into your kernel.
[    1.500030] ACPI: \_SB_.LNKB: Enabled at IRQ 10
[    2.349543] ACPI: \_SB_.LNKC: Enabled at IRQ 11
[    3.201359] ACPI: \_SB_.LNKA: Enabled at IRQ 10
[    3.202911] Serial: 8250/16550 driver, 4 ports, IRQ sharing enabled
[    3.204073] 00:03: ttyS0 at I/O 0x3f8 (irq = 4, base_baud = 115200) is a 16550A
[    3.250797] Non-volatile memory driver v1.3
[    3.251409] Linux agpgart interface v0.103
[    3.252061] printk: legacy console [hvc0] enabled
[    3.252137] ACPI: bus type drm_connector registered
[    3.252974] printk: legacy bootconsole [earlyser0] disabled
          _      _                                    
   __   _(_)_ __| |_ _ __ ___   ___       _ __   __ _ 
   \ \ / / |  __| __|  _   _ \ / _ \_____|  _ \ / _  |
    \ V /| | |  | |_| | | | | |  __/_____| | | | (_| |
     \_/ |_|_|   \__|_| |_| |_|\___|     |_| |_|\__  |
                                                |___/ 
   kernel version: 6.8.0-rc7-virtme x86_64
   (CTRL+d to exit)

virtme-ng:/nipa-data/kernel# PS1='xx__-> '
xx__-> env
PWD=/nipa-data/kernel
nr_open=1048576
HOME=/
TERM=xterm
SHLVL=2
XDG_RUNTIME_DIR=/run/user/0
PATH=/bin:/sbin:/usr/bin:/usr/sbin:/usr/local/bin
OLDPWD=/
_=/usr/bin/env
xx__-> 