No EFI environment detected.
early console in extract_kernel
input_data: 0x0000000004cbf2c4
input_len: 0x000000000188ffa2
output: 0x0000000001000000
output_len: 0x00000000054d92ec
kernel_total_size: 0x0000000005030000
needed_size: 0x0000000005600000
trampoline_32bit: 0x000000000009d000
Physical KASLR using RDRAND RDTSC...
Virtual KASLR using RDRAND RDTSC...

Decompressing Linux... Parsing ELF... Performing relocations... done.
Booting the kernel (entry_offset: 0x0000000000000000).
[    0.000000] Linux version 6.11.0-rc1-virtme (root@2d10d8987b2a) (gcc (Ubuntu 13.2.0-23ubuntu4) 13.2.0, GNU ld (GNU Binutils for Ubuntu) 2.42) #1 SMP PREEMPT_DYNAMIC Mon Aug  5 06:27:40 UTC 2024
[    0.000000] Command line: virtme_hostname=virtme-ng nr_open=1048576 virtme_link_mods=/nipa-data/kernel/.virtme_mods/lib/modules/0.0.0 virtme_initmount0=nipa-data/kernel virtme_rw_overlay0=/etc virtme_rw_overlay1=/lib virtme_rw_overlay2=/home virtme_rw_overlay3=/opt virtme_rw_overlay4=/srv virtme_rw_overlay5=/usr virtme_rw_overlay6=/var console=hvc0 earlyprintk=serial,ttyS0,115200 virtme_console=ttyS0 psmouse.proto=exps TERM=xterm virtme_chdir=nipa-data/kernel virtme_root_user=1 rootfstype=9p rootflags=version=9p2000.L,trans=virtio,access=any raid=noautodetect ro init=/usr/lib/python3/dist-packages/virtme/guest/virtme-init
[    0.000000] x86/split lock detection: #DB: warning on user-space bus_locks
[    0.000000] BIOS-provided physical RAM map:
[    0.000000] BIOS-e820: [mem 0x0000000000000000-0x000000000009fbff] usable
[    0.000000] BIOS-e820: [mem 0x000000000009fc00-0x000000000009ffff] reserved
[    0.000000] BIOS-e820: [mem 0x00000000000f0000-0x00000000000fffff] reserved
[    0.000000] BIOS-e820: [mem 0x0000000000100000-0x000000003ffdffff] usable
[    0.000000] BIOS-e820: [mem 0x000000003ffe0000-0x000000003fffffff] reserved
[    0.000000] BIOS-e820: [mem 0x00000000feffc000-0x00000000feffffff] reserved
[    0.000000] BIOS-e820: [mem 0x00000000fffc0000-0x00000000ffffffff] reserved
[    0.000000] printk: legacy bootconsole [earlyser0] enabled
[    0.000000] NX (Execute Disable) protection: active
[    0.000000] APIC: Static calls initialized
[    0.000000] SMBIOS 3.0.0 present.
[    0.000000] DMI: QEMU Ubuntu 24.04 PC (i440FX + PIIX, 1996), BIOS 1.16.3-debian-1.16.3-2 04/01/2014
[    0.000000] DMI: Memory slots populated: 1/1
[    0.000000] Hypervisor detected: KVM
[    0.000000] kvm-clock: Using msrs 4b564d01 and 4b564d00
[    0.000001] kvm-clock: using sched offset of 1152694560 cycles
[    0.000756] clocksource: kvm-clock: mask: 0xffffffffffffffff max_cycles: 0x1cd42e4dffb, max_idle_ns: 881590591483 ns
[    0.003115] tsc: Detected 2000.000 MHz processor
[    0.004428] last_pfn = 0x3ffe0 max_arch_pfn = 0x10000000000
[    0.005290] MTRR map: 4 entries (3 fixed + 1 variable; max 19), built from 8 variable MTRRs
[    0.006502] x86/PAT: Configuration [0-7]: WB  WC  UC- UC  WB  WP  UC- WT  
[    0.014354] found SMP MP-table at [mem 0x000f5470-0x000f547f]
[    0.015203] Using GB pages for direct mapping
[    0.016123] ACPI: Early table checksum verification disabled
[    0.016941] ACPI: RSDP 0x00000000000F5290 000014 (v00 BOCHS )
[    0.017776] ACPI: RSDT 0x000000003FFE308E 000034 (v01 BOCHS  BXPC     00000001 BXPC 00000001)
[    0.019016] ACPI: FACP 0x000000003FFE2D8A 000074 (v01 BOCHS  BXPC     00000001 BXPC 00000001)
[    0.020261] ACPI: DSDT 0x000000003FFE0040 002D4A (v01 BOCHS  BXPC     00000001 BXPC 00000001)
[    0.021492] ACPI: FACS 0x000000003FFE0000 000040
[    0.022162] ACPI: APIC 0x000000003FFE2DFE 000230 (v03 BOCHS  BXPC     00000001 BXPC 00000001)
[    0.023398] ACPI: HPET 0x000000003FFE302E 000038 (v01 BOCHS  BXPC     00000001 BXPC 00000001)
[    0.024631] ACPI: WAET 0x000000003FFE3066 000028 (v01 BOCHS  BXPC     00000001 BXPC 00000001)
[    0.025861] ACPI: Reserving FACP table memory at [mem 0x3ffe2d8a-0x3ffe2dfd]
[    0.026879] ACPI: Reserving DSDT table memory at [mem 0x3ffe0040-0x3ffe2d89]
[    0.027893] ACPI: Reserving FACS table memory at [mem 0x3ffe0000-0x3ffe003f]
[    0.028907] ACPI: Reserving APIC table memory at [mem 0x3ffe2dfe-0x3ffe302d]
[    0.029920] ACPI: Reserving HPET table memory at [mem 0x3ffe302e-0x3ffe3065]
[    0.030936] ACPI: Reserving WAET table memory at [mem 0x3ffe3066-0x3ffe308d]
[    0.032454] No NUMA configuration found
[    0.033007] Faking a node at [mem 0x0000000000000000-0x000000003ffdffff]
[    0.033974] NODE_DATA(0) allocated [mem 0x3ffdb000-0x3ffdffff]
[    0.034976] Zone ranges:
[    0.035342]   DMA      [mem 0x0000000000001000-0x0000000000ffffff]
[    0.036238]   DMA32    [mem 0x0000000001000000-0x000000003ffdffff]
[    0.037131]   Normal   empty
[    0.037547]   Device   empty
[    0.037963] Movable zone start for each node
[    0.038580] Early memory node ranges
[    0.039097]   node   0: [mem 0x0000000000001000-0x000000000009efff]
[    0.040003]   node   0: [mem 0x0000000000100000-0x000000003ffdffff]
[    0.040907] Initmem setup node 0 [mem 0x0000000000001000-0x000000003ffdffff]
[    0.041930] On node 0, zone DMA: 1 pages in unavailable ranges
[    0.042878] On node 0, zone DMA: 97 pages in unavailable ranges
[    0.052410] On node 0, zone DMA32: 32 pages in unavailable ranges
[    0.086284] kasan: KernelAddressSanitizer initialized
[    0.087572] ACPI: PM-Timer IO Port: 0x608
[    0.088182] ACPI: LAPIC_NMI (acpi_id[0xff] dfl dfl lint[0x1])
[    0.089068] IOAPIC[0]: apic_id 0, version 17, address 0xfec00000, GSI 0-23
[    0.090064] ACPI: INT_SRC_OVR (bus 0 bus_irq 0 global_irq 2 dfl dfl)
[    0.090984] ACPI: INT_SRC_OVR (bus 0 bus_irq 5 global_irq 5 high level)
[    0.091937] ACPI: INT_SRC_OVR (bus 0 bus_irq 9 global_irq 9 high level)
[    0.092889] ACPI: INT_SRC_OVR (bus 0 bus_irq 10 global_irq 10 high level)
[    0.093867] ACPI: INT_SRC_OVR (bus 0 bus_irq 11 global_irq 11 high level)
[    0.094862] ACPI: Using ACPI (MADT) for SMP configuration information
[    0.095788] ACPI: HPET id: 0x8086a201 base: 0xfed00000
[    0.096531] TSC deadline timer available
[    0.097100] CPU topo: Max. logical packages:   1
[    0.097768] CPU topo: Max. logical dies:       1
[    0.098433] CPU topo: Max. dies per package:   1
[    0.099106] CPU topo: Max. threads per core:   1
[    0.099772] CPU topo: Num. cores per package:    56
[    0.100474] CPU topo: Num. threads per package:  56
[    0.101175] CPU topo: Allowing 56 present CPUs plus 0 hotplug CPUs
[    0.102098] kvm-guest: APIC: eoi() replaced with kvm_guest_apic_eoi_write()
[    0.103204] kvm-guest: KVM setup pv remote TLB flush
[    0.103923] kvm-guest: setup PV sched yield
[    0.104535] PM: hibernation: Registered nosave memory: [mem 0x00000000-0x00000fff]
[    0.105626] PM: hibernation: Registered nosave memory: [mem 0x0009f000-0x0009ffff]
[    0.106719] PM: hibernation: Registered nosave memory: [mem 0x000a0000-0x000effff]
[    0.107807] PM: hibernation: Registered nosave memory: [mem 0x000f0000-0x000fffff]
[    0.108897] [mem 0x40000000-0xfeffbfff] available for PCI devices
[    0.109774] Booting paravirtualized kernel on KVM
[    0.110453] clocksource: refined-jiffies: mask: 0xffffffff max_cycles: 0xffffffff, max_idle_ns: 1910969940391419 ns
[    0.133110] setup_percpu: NR_CPUS:64 nr_cpumask_bits:56 nr_cpu_ids:56 nr_node_ids:1
[    0.143547] percpu: Embedded 70 pages/cpu s248408 r8192 d30120 u524288
[    0.144703] Kernel command line: virtme_hostname=virtme-ng nr_open=1048576 virtme_link_mods=/nipa-data/kernel/.virtme_mods/lib/modules/0.0.0 virtme_initmount0=nipa-data/kernel virtme_rw_overlay0=/etc virtme_rw_overlay1=/lib virtme_rw_overlay2=/home virtme_rw_overlay3=/opt virtme_rw_overlay4=/srv virtme_rw_overlay5=/usr virtme_rw_overlay6=/var console=hvc0 earlyprintk=serial,ttyS0,115200 virtme_console=ttyS0 psmouse.proto=exps TERM=xterm virtme_chdir=nipa-data/kernel virtme_root_user=1 rootfstype=9p rootflags=version=9p2000.L,trans=virtio,access=any raid=noautodetect ro init=/usr/lib/python3/dist-packages/virtme/guest/virtme-init
[    0.153138] Unknown kernel command line parameters "virtme_hostname=virtme-ng nr_open=1048576 virtme_link_mods=/nipa-data/kernel/.virtme_mods/lib/modules/0.0.0 virtme_initmount0=nipa-data/kernel virtme_rw_overlay0=/etc virtme_rw_overlay1=/lib virtme_rw_overlay2=/home virtme_rw_overlay3=/opt virtme_rw_overlay4=/srv virtme_rw_overlay5=/usr virtme_rw_overlay6=/var virtme_console=ttyS0 virtme_chdir=nipa-data/kernel virtme_root_user=1", will be passed to user space.
[    0.159123] random: crng init done
[    0.159623] printk: log_buf_len individual max cpu contribution: 4096 bytes
[    0.160642] printk: log_buf_len total cpu_extra contributions: 225280 bytes
[    0.161658] printk: log_buf_len min size: 262144 bytes
[    0.163237] printk: log_buf_len: 524288 bytes
[    0.163898] printk: early log buf free: 253864(96%)
[    0.165066] Dentry cache hash table entries: 131072 (order: 8, 1048576 bytes, linear)
[    0.166286] Inode-cache hash table entries: 65536 (order: 7, 524288 bytes, linear)
[    0.170017] Fallback order for Node 0: 0 
[    0.170034] Built 1 zonelists, mobility grouping on.  Total pages: 262014
[    0.171567] Policy zone: DMA32
[    0.171993] mem auto-init: stack:all(zero), heap alloc:off, heap free:off
[    0.172940] stackdepot: allocating hash table via alloc_large_system_hash
[    0.173899] stackdepot hash table entries: 1048576 (order: 12, 16777216 bytes, linear)
[    0.198467] SLUB: HWalign=64, Order=0-3, MinObjects=0, CPUs=56, Nodes=1
Poking KASLR using RDRAND RDTSC...
[    0.200011] ftrace: allocating 48357 entries in 189 pages
[    0.220329] ftrace: allocated 189 pages with 6 groups
[    0.223002] Dynamic Preempt: voluntary
[    0.225560] rcu: Preemptible hierarchical RCU implementation.
[    0.226371] rcu: RCU event tracing is enabled.
[    0.227010] rcu: RCU restricting CPUs from NR_CPUS=64 to nr_cpu_ids=56.
[    0.227948] Trampoline variant of Tasks RCU enabled.
[    0.228650] Rude variant of Tasks RCU enabled.
[    0.229279] Tracing variant of Tasks RCU enabled.
[    0.229944] rcu: RCU calculated value of scheduler-enlistment delay is 100 jiffies.
[    0.231012] rcu: Adjusting geometry for rcu_fanout_leaf=16, nr_cpu_ids=56
[    0.232256] RCU Tasks: Setting shift to 6 and lim to 1 rcu_task_cb_adjust=1.
[    0.233240] RCU Tasks Rude: Setting shift to 6 and lim to 1 rcu_task_cb_adjust=1.
[    0.234286] RCU Tasks Trace: Setting shift to 6 and lim to 1 rcu_task_cb_adjust=1.
[    0.255535] NR_IRQS: 4352, nr_irqs: 872, preallocated irqs: 16
[    0.256876] rcu: srcu_init: Setting srcu_struct sizes based on contention.
[    0.258326] Console: colour *CGA 80x25
[    0.258973] ACPI: Core revision 20240322
[    0.259885] clocksource: hpet: mask: 0xffffffff max_cycles: 0xffffffff, max_idle_ns: 19112604467 ns
[    0.261291] APIC: Switch to symmetric I/O mode setup
[    0.262189] APIC: Switched APIC routing to: physical flat
[    0.263331] kvm-guest: APIC: send_IPI_mask() replaced with kvm_send_ipi_mask()
[    0.264668] kvm-guest: APIC: send_IPI_mask_allbutself() replaced with kvm_send_ipi_mask_allbutself()
[    0.266286] kvm-guest: setup PV IPIs
[    0.268836] ..TIMER: vector=0x30 apic1=0 pin1=2 apic2=-1 pin2=-1
[    0.270303] clocksource: tsc-early: mask: 0xffffffffffffffff max_cycles: 0x39a85c9bff6, max_idle_ns: 881590591483 ns
[    0.273264] Calibrating delay loop (skipped) preset value.. 4000.00 BogoMIPS (lpj=2000000)
[    0.274271] ==================================================================
[    0.275255] BUG: KASAN: wild-memory-access in _raw_spin_lock+0x76/0xe0
[    0.275255] Write of size 4 at addr ff110000012894a4 by task swapper/0/0
[    0.275255] 
[    0.275255] CPU: 0 UID: 0 PID: 0 Comm: swapper/0 Not tainted 6.11.0-rc1-virtme #1
[    0.275255] Hardware name: QEMU Ubuntu 24.04 PC (i440FX + PIIX, 1996), BIOS 1.16.3-debian-1.16.3-2 04/01/2014
[    0.275255] Call Trace:
[    0.275255]  <IRQ>
[    0.275255]  dump_stack_lvl+0x53/0x70
[    0.275255]  kasan_report+0xc6/0x100
[    0.275255]  ? _raw_spin_lock+0x76/0xe0
[    0.275255]  kasan_check_range+0x105/0x1b0
[    0.275255]  _raw_spin_lock+0x76/0xe0
[    0.275255]  ? __pfx__raw_spin_lock+0x10/0x10
[    0.275255]  ? handle_softirqs+0x1c0/0x600
[    0.275255]  handle_edge_irq+0x31/0xbb0
[    0.275255]  ? __pfx_handle_softirqs+0x10/0x10
[    0.275255]  ? handle_level_irq+0x47d/0x600
[    0.275255]  __common_interrupt+0x74/0x110
[    0.275255]  common_interrupt+0x80/0x90
[    0.275255]  </IRQ>
[    0.275255]  <TASK>
[    0.275255]  asm_common_interrupt+0x26/0x40
[    0.275255] RIP: 0010:__flip_bit+0x24/0x1f0
[    0.275255] Code: 90 90 90 90 90 90 41 57 41 56 41 55 41 54 55 53 48 83 ec 08 40 80 fe 3f 0f 87 ad 01 00 00 89 fd 41 89 f5 41 89 d7 89 f9 0f 32 <31> db 41 89 de 66 90 48 c1 e2 20 48 09 c2 49 89 d4 85 db 75 46 bb
[    0.275255] RSP: 0000:ffffffff8ba07e38 EFLAGS: 00000297
[    0.275255] RAX: 0000000000000001 RBX: 00000000001e8480 RCX: 00000000000001a0
[    0.275255] RDX: 0000000000000000 RSI: 0000000000000016 RDI: 00000000000001a0
[    0.275255] RBP: 00000000000001a0 R08: 0000000000000004 R09: 0000000000000004
[    0.275255] R10: ffffffff8c4fdf0c R11: 0000000000000001 R12: ffffffff8c4fdf00
[    0.275255] R13: 0000000000000016 R14: ffffffff8c4fe038 R15: 0000000000000000
[    0.275255]  intel_unlock_cpuid_leafs+0xb1/0x130
[    0.275255]  identify_cpu+0x2d3/0x1b60
[    0.275255]  ? jump_label_update+0x81/0x370
[    0.275255]  arch_cpu_finalize_init+0x21/0x2c0
[    0.275255]  start_kernel+0x283/0x3e0
[    0.275255]  x86_64_start_reservations+0x18/0x30
[    0.275255]  x86_64_start_kernel+0xca/0xe0
[    0.275255]  common_startup_64+0x12c/0x138
[    0.275255]  </TASK>
[    0.275255] ==================================================================
[    0.275255] Disabling lock debugging due to kernel taint
[    0.277395] x86/cpu: User Mode Instruction Prevention (UMIP) activated
[    0.278454] Last level iTLB entries: 4KB 0, 2MB 0, 4MB 0
[    0.279265] Last level dTLB entries: 4KB 0, 2MB 0, 4MB 0, 1GB 0
[    0.280295] Spectre V1 : Mitigation: usercopy/swapgs barriers and __user pointer sanitization
[    0.281276] Spectre V2 : Spectre BHI mitigation: SW BHB clearing on syscall and VM exit
[    0.282265] Spectre V2 : Mitigation: Enhanced / Automatic IBRS
[    0.283265] Spectre V2 : Spectre v2 / SpectreRSB mitigation: Filling RSB on context switch
[    0.284265] Spectre V2 : Spectre v2 / PBRSB-eIBRS: Retire a single CALL on VMEXIT
[    0.285274] Spectre V2 : mitigation: Enabling conditional Indirect Branch Prediction Barrier
[    0.286270] Speculative Store Bypass: Mitigation: Speculative Store Bypass disabled via prctl
[    0.287265] TAA: Mitigation: TSX disabled
[    0.288353] x86/fpu: Supporting XSAVE feature 0x001: 'x87 floating point registers'
[    0.289266] x86/fpu: Supporting XSAVE feature 0x002: 'SSE registers'
[    0.290265] x86/fpu: Supporting XSAVE feature 0x004: 'AVX registers'
[    0.291265] x86/fpu: Supporting XSAVE feature 0x020: 'AVX-512 opmask'
[    0.292265] x86/fpu: Supporting XSAVE feature 0x040: 'AVX-512 Hi256'
[    0.293266] x86/fpu: Supporting XSAVE feature 0x080: 'AVX-512 ZMM_Hi256'
[    0.294265] x86/fpu: Supporting XSAVE feature 0x200: 'Protection Keys User registers'
[    0.295265] x86/fpu: Supporting XSAVE feature 0x20000: 'AMX Tile config'
[    0.296265] x86/fpu: Supporting XSAVE feature 0x40000: 'AMX Tile data'
[    0.297265] x86/fpu: xstate_offset[2]:  576, xstate_sizes[2]:  256
[    0.298266] x86/fpu: xstate_offset[5]:  832, xstate_sizes[5]:   64
[    0.299265] x86/fpu: xstate_offset[6]:  896, xstate_sizes[6]:  512
[    0.300265] x86/fpu: xstate_offset[7]: 1408, xstate_sizes[7]: 1024
[    0.301265] x86/fpu: xstate_offset[9]: 2432, xstate_sizes[9]:    8
[    0.302259] x86/fpu: xstate_offset[17]: 2496, xstate_sizes[17]:   64
[    0.303265] x86/fpu: xstate_offset[18]: 2560, xstate_sizes[18]: 8192
[    0.304265] x86/fpu: Enabled xstate features 0x602e7, context size is 10752 bytes, using 'compacted' format.
[    0.349332] Freeing SMP alternatives memory: 40K
[    0.350260] pid_max: default: 57344 minimum: 448
[    0.351585] Mount-cache hash table entries: 2048 (order: 2, 16384 bytes, linear)
[    0.352265] Mountpoint-cache hash table entries: 2048 (order: 2, 16384 bytes, linear)
[    0.354667] smpboot: CPU0: Intel(R) Xeon(R) Platinum 8480+ (family: 0x6, model: 0x8f, stepping: 0x6)
[    0.356082] Performance Events: PEBS fmt0-, Sapphire Rapids events, full-width counters, Intel PMU driver.
[    0.356263] ... version:                2
[    0.357069] ... bit width:              48
[    0.357259] ... generic registers:      8
[    0.358066] ... value mask:             0000ffffffffffff
[    0.358258] ... max period:             00007fffffffffff
[    0.359258] ... fixed-purpose events:   3
[    0.360056] ... event mask:             00000007000000ff
[    0.360601] signal: max sigframe size: 11952
[    0.361327] rcu: Hierarchical SRCU implementation.
[    0.362259] rcu: Max phase no-delay instances is 400.
[    0.363372] Timer migration: 2 hierarchy levels; 8 children per group; 2 crossnode level
[    0.366948] smp: Bringing up secondary CPUs ...
[    0.367558] smpboot: x86: Booting SMP configuration:
[    0.368263] .... node  #0, CPUs:        #1  #2  #3  #4  #5  #6  #7  #8  #9 #10 #11 #12 #13 #14 #15 #16 #17 #18 #19 #20 #21 #22 #23 #24 #25 #26 #27 #28 #29 #30 #31 #32 #33 #34 #35 #36 #37 #38 #39 #40 #41 #42 #43 #44 #45 #46 #47 #48 #49 #50 #51 #52 #53 #54 #55
[    0.431918] smp: Brought up 1 node, 56 CPUs
[    0.433095] smpboot: Total of 56 processors activated (224000.00 BogoMIPS)
[    0.449289] Memory: 742796K/1048056K available (45056K kernel code, 11284K rwdata, 9916K rodata, 5952K init, 1988K bss, 280364K reserved, 0K cma-reserved)
[    0.451258] devtmpfs: initialized
[    0.452340] x86/mm: Memory block size: 128MB
[    0.462667] clocksource: jiffies: mask: 0xffffffff max_cycles: 0xffffffff, max_idle_ns: 1911260446275000 ns
[    0.463282] futex hash table entries: 16384 (order: 8, 1048576 bytes, linear)
[    0.465278] PM: RTC time: 06:28:26, date: 2024-08-05
[    0.469240] NET: Registered PF_NETLINK/PF_ROUTE protocol family
[    0.470448] thermal_sys: Registered thermal governor 'step_wise'
[    0.470452] thermal_sys: Registered thermal governor 'user_space'
[    0.471335] cpuidle: using governor menu
[    0.475105] PCI: Using configuration type 1 for base access
[    0.475441] kprobes: kprobe jump-optimization is enabled. All kprobes are optimized if possible.
[    0.522581] HugeTLB: registered 1.00 GiB page size, pre-allocated 0 pages
[    0.525264] HugeTLB: 16380 KiB vmemmap can be freed for a 1.00 GiB page
[    0.526262] HugeTLB: registered 2.00 MiB page size, pre-allocated 0 pages
[    0.528260] HugeTLB: 28 KiB vmemmap can be freed for a 2.00 MiB page
[    0.532467] ACPI: Added _OSI(Module Device)
[    0.533262] ACPI: Added _OSI(Processor Device)
[    0.534162] ACPI: Added _OSI(3.0 _SCP Extensions)
[    0.535259] ACPI: Added _OSI(Processor Aggregator Device)
[    0.565199] ACPI: 1 ACPI AML tables successfully acquired and loaded
[    0.576797] ACPI: Interpreter enabled
[    0.577339] ACPI: PM: (supports S0 S3 S4 S5)
[    0.578227] ACPI: Using IOAPIC for interrupt routing
[    0.578333] PCI: Using host bridge windows from ACPI; if necessary, use "pci=nocrs" and report a bug
[    0.580260] PCI: Using E820 reservations for host bridge windows
[    0.582709] ACPI: Enabled 2 GPEs in block 00 to 0F
[    0.645973] ACPI: PCI Root Bridge [PCI0] (domain 0000 [bus 00-ff])
[    0.646277] acpi PNP0A03:00: _OSC: OS supports [ASPM ClockPM Segments MSI HPX-Type3]
[    0.648260] acpi PNP0A03:00: _OSC: not requesting OS control; OS requires [ExtendedConfig ASPM ClockPM MSI]
[    0.650392] acpi PNP0A03:00: fail to add MMCONFIG information, can't access extended configuration space under this bridge
[    0.652709] PCI host bridge to bus 0000:00
[    0.653324] pci_bus 0000:00: root bus resource [io  0x0000-0x0cf7 window]
[    0.654262] pci_bus 0000:00: root bus resource [io  0x0d00-0xffff window]
[    0.655261] pci_bus 0000:00: root bus resource [mem 0x000a0000-0x000bffff window]
[    0.657262] pci_bus 0000:00: root bus resource [mem 0x40000000-0xfebfffff window]
[    0.658261] pci_bus 0000:00: root bus resource [mem 0x100000000-0x17fffffff window]
[    0.660263] pci_bus 0000:00: root bus resource [bus 00-ff]
[    0.661330] pci 0000:00:00.0: [8086:1237] type 00 class 0x060000 conventional PCI endpoint
[    0.663507] pci 0000:00:01.0: [8086:7000] type 00 class 0x060100 conventional PCI endpoint
[    0.666635] pci 0000:00:01.1: [8086:7010] type 00 class 0x010180 conventional PCI endpoint
[    0.670255] pci 0000:00:01.1: BAR 4 [io  0xc0c0-0xc0cf]
[    0.672609] pci 0000:00:01.1: BAR 0 [io  0x01f0-0x01f7]: legacy IDE quirk
[    0.673255] pci 0000:00:01.1: BAR 1 [io  0x03f6]: legacy IDE quirk
[    0.675259] pci 0000:00:01.1: BAR 2 [io  0x0170-0x0177]: legacy IDE quirk
[    0.676259] pci 0000:00:01.1: BAR 3 [io  0x0376]: legacy IDE quirk
[    0.680245] pci 0000:00:01.3: [8086:7113] type 00 class 0x068000 conventional PCI endpoint
[    0.681864] pci 0000:00:01.3: quirk: [io  0x0600-0x063f] claimed by PIIX4 ACPI
[    0.683268] pci 0000:00:01.3: quirk: [io  0x0700-0x070f] claimed by PIIX4 SMB
[    0.685287] pci 0000:00:02.0: [1af4:1009] type 00 class 0x000200 conventional PCI endpoint
[    0.688270] pci 0000:00:02.0: BAR 0 [io  0xc000-0xc03f]
[    0.691262] pci 0000:00:02.0: BAR 1 [mem 0xfebfc000-0xfebfcfff]
[    0.696262] pci 0000:00:02.0: BAR 4 [mem 0xfebf0000-0xfebf3fff 64bit pref]
[    0.712505] pci 0000:00:03.0: [1af4:1009] type 00 class 0x000200 conventional PCI endpoint
[    0.715172] pci 0000:00:03.0: BAR 0 [io  0xc040-0xc07f]
[    0.716128] pci 0000:00:03.0: BAR 1 [mem 0xfebfd000-0xfebfdfff]
[    0.721264] pci 0000:00:03.0: BAR 4 [mem 0xfebf4000-0xfebf7fff 64bit pref]
[    0.736623] pci 0000:00:04.0: [8086:25ab] type 00 class 0x088000 conventional PCI endpoint
[    0.739269] pci 0000:00:04.0: BAR 0 [mem 0xfebfe000-0xfebfe00f]
[    0.756820] pci 0000:00:05.0: [1af4:1003] type 00 class 0x078000 conventional PCI endpoint
[    0.759261] pci 0000:00:05.0: BAR 0 [io  0xc080-0xc0bf]
[    0.761260] pci 0000:00:05.0: BAR 1 [mem 0xfebff000-0xfebfffff]
[    0.766261] pci 0000:00:05.0: BAR 4 [mem 0xfebf8000-0xfebfbfff 64bit pref]
[    0.786768] ACPI: PCI: Interrupt link LNKA configured for IRQ 10
[    0.788343] ACPI: PCI: Interrupt link LNKB configured for IRQ 10
[    0.791303] ACPI: PCI: Interrupt link LNKC configured for IRQ 11
[    0.793298] ACPI: PCI: Interrupt link LNKD configured for IRQ 11
[    0.794690] ACPI: PCI: Interrupt link LNKS configured for IRQ 9
[    0.830371] iommu: Default domain type: Translated
[    0.831258] iommu: DMA domain TLB invalidation policy: lazy mode
[    0.833842] SCSI subsystem initialized
[    0.835321] pps_core: LinuxPPS API ver. 1 registered
[    0.836258] pps_core: Software ver. 5.3.6 - Copyright 2005-2007 Rodolfo Giometti <giometti@linux.it>
[    0.838274] PTP clock support registered
[    0.841323] Advanced Linux Sound Architecture Driver Initialized.
[    0.845222] NET: Registered PF_ATMPVC protocol family
[    0.846260] NET: Registered PF_ATMSVC protocol family
[    0.847290] PCI: Using ACPI for IRQ routing
[    0.849282] vgaarb: loaded
[    0.849478] hpet0: at MMIO 0xfed00000, IRQs 2, 8, 0
[    0.850258] hpet0: 3 comparators, 64-bit 100.000000 MHz counter
[    0.854665] clocksource: Switched to clocksource kvm-clock
[    0.856449] VFS: Disk quotas dquot_6.6.0
[    0.857291] VFS: Dquot-cache hash table entries: 512 (order 0, 4096 bytes)
[    0.862672] pnp: PnP ACPI init
[    0.868651] pnp: PnP ACPI: found 5 devices
[    0.894775] clocksource: acpi_pm: mask: 0xffffff max_cycles: 0xffffff, max_idle_ns: 2085701024 ns
[    0.896713] NET: Registered PF_INET protocol family
[    0.897795] IP idents hash table entries: 16384 (order: 5, 131072 bytes, linear)
[    0.900052] tcp_listen_portaddr_hash hash table entries: 512 (order: 1, 8192 bytes, linear)
[    0.901751] Table-perturb hash table entries: 65536 (order: 6, 262144 bytes, linear)
[    0.903354] TCP established hash table entries: 8192 (order: 4, 65536 bytes, linear)
[    0.904929] TCP bind hash table entries: 8192 (order: 6, 262144 bytes, linear)
[    0.906417] TCP: Hash tables configured (established 8192 bind 8192)
[    0.908042] UDP hash table entries: 512 (order: 2, 16384 bytes, linear)
[    0.909379] UDP-Lite hash table entries: 512 (order: 2, 16384 bytes, linear)
[    0.911199] NET: Registered PF_UNIX/PF_LOCAL protocol family
[    0.912377] pci_bus 0000:00: resource 4 [io  0x0000-0x0cf7 window]
[    0.913629] pci_bus 0000:00: resource 5 [io  0x0d00-0xffff window]
[    0.914881] pci_bus 0000:00: resource 6 [mem 0x000a0000-0x000bffff window]
[    0.916270] pci_bus 0000:00: resource 7 [mem 0x40000000-0xfebfffff window]
[    0.917666] pci_bus 0000:00: resource 8 [mem 0x100000000-0x17fffffff window]
[    0.919327] pci 0000:00:01.0: PIIX3: Enabling Passive Release
[    0.920502] pci 0000:00:00.0: Limiting direct PCI/PCI transfers
[    0.921793] PCI: CLS 0 bytes, default 64
[    0.940267] RAPL PMU: API unit is 2^-32 Joules, 1 fixed counters, 10737418240 ms ovfl timer
[    0.942217] RAPL PMU: hw unit of domain psys 2^-0 Joules
[    1.276246] kwatchdog (373) used greatest stack depth: 30696 bytes left
[    1.523453] kvm_amd: CPU 54 isn't AMD or Hygon
[    1.524365] clocksource: tsc: mask: 0xffffffffffffffff max_cycles: 0x39a85c9bff6, max_idle_ns: 881590591483 ns
[    1.684764] Initialise system trusted keyrings
[    1.686458] workingset: timestamp_bits=56 max_order=18 bucket_order=0
[    1.687968] squashfs: version 4.0 (2009/01/31) Phillip Lougher
[    1.689177] fuse: init (API version 7.40)
[    1.690500] 9p: Installing v9fs 9p2000 file system support
[    1.710345] Key type asymmetric registered
[    1.711178] Asymmetric key parser 'x509' registered
[    1.712230] Block layer SCSI generic (bsg) driver version 0.4 loaded (major 249)
[    1.713740] io scheduler mq-deadline registered
[    1.714660] io scheduler kyber registered
[    1.735007] input: Power Button as /devices/LNXSYSTM:00/LNXPWRBN:00/input/input0
[    1.736976] ACPI: button: Power Button [PWRF]
[    1.741375] Warning: Processor Platform Limit event detected, but not handled.
[    1.744067] Consider compiling CPUfreq support into your kernel.
[    2.669871] ACPI: \_SB_.LNKB: Enabled at IRQ 10
[    3.556170] ACPI: \_SB_.LNKC: Enabled at IRQ 11
[    4.175346] ACPI: \_SB_.LNKA: Enabled at IRQ 10
[    4.177150] Serial: 8250/16550 driver, 4 ports, IRQ sharing enabled
[    4.178295] 00:03: ttyS0 at I/O 0x3f8 (irq = 4, base_baud = 115200) is a 16550A
[    4.203768] Non-volatile memory driver v1.3
[    4.204226] Linux agpgart interface v0.103
[    4.205064] ACPI: bus type drm_connector registered
[    4.207211] printk: legacy console [hvc0] enabled
[    4.208249] printk: legacy bootconsole [earlyser0] disabled
          _      _                                    
   __   _(_)_ __| |_ _ __ ___   ___       _ __   __ _ 
   \ \ / / |  __| __|  _   _ \ / _ \_____|  _ \ / _  |
    \ V /| | |  | |_| | | | | |  __/_____| | | | (_| |
     \_/ |_|_|   \__|_| |_| |_|\___|     |_| |_|\__  |
                                                |___/ 
   kernel version: 6.11.0-rc1-virtme x86_64
   (CTRL+d to exit)

root@virtme-ng:/nipa-data/kernel# PS1='xx__-> '
xx__-> env

DETECTED CRASH, lowering timeout
PWD=/nipa-data/kernel
nr_open=1048576
HOME=/
TERM=xterm
SHLVL=2
XDG_RUNTIME_DIR=/run/user/0
PATH=/bin:/sbin:/usr/bin:/usr/sbin:/usr/local/bin
OLDPWD=/
_=/bin/env
xx__-> 