No EFI environment detected.
early console in extract_kernel
input_data: 0x0000000004ab42c4
input_len: 0x000000000191bc82
output: 0x0000000001000000
output_len: 0x000000000535b8c4
kernel_total_size: 0x0000000005030000
needed_size: 0x0000000005400000
trampoline_32bit: 0x0000000000000000
Physical KASLR using RDRAND RDTSC...
Virtual KASLR using RDRAND RDTSC...

Decompressing Linux... Parsing ELF... Performing relocations... done.
Booting the kernel (entry_offset: 0x0000000002b3a780).
[    0.000000] Linux version 6.14.0-rc2-virtme (root@f495810700cf) (gcc (Ubuntu 13.3.0-6ubuntu2~24.04) 13.3.0, GNU ld (GNU Binutils for Ubuntu) 2.42) #1 SMP PREEMPT_DYNAMIC Mon Feb 17 06:27:00 UTC 2025
[    0.000000] Command line: virtme_hostname=virtme-ng nr_open=1048576 virtme_link_mods=/nipa-data/kernel/.virtme_mods/lib/modules/0.0.0 virtme_initmount0=nipa-data/kernel virtme_rw_overlay0=/etc virtme_rw_overlay1=/lib virtme_rw_overlay2=/home virtme_rw_overlay3=/opt virtme_rw_overlay4=/srv virtme_rw_overlay5=/usr virtme_rw_overlay6=/var console=hvc0 earlyprintk=serial,ttyS0,115200 virtme_console=ttyS0 psmouse.proto=exps TERM=xterm virtme_chdir=nipa-data/kernel virtme_root_user=1 rootfstype=9p rootflags=version=9p2000.L,trans=virtio,access=any raid=noautodetect ro init=/usr/lib/python3/dist-packages/virtme/guest/virtme-init
[    0.000000] BIOS-provided physical RAM map:
[    0.000000] BIOS-e820: [mem 0x0000000000000000-0x000000000009fbff] usable
[    0.000000] BIOS-e820: [mem 0x000000000009fc00-0x000000000009ffff] reserved
[    0.000000] BIOS-e820: [mem 0x00000000000f0000-0x00000000000fffff] reserved
[    0.000000] BIOS-e820: [mem 0x0000000000100000-0x000000003ffdffff] usable
[    0.000000] BIOS-e820: [mem 0x000000003ffe0000-0x000000003fffffff] reserved
[    0.000000] BIOS-e820: [mem 0x00000000feffc000-0x00000000feffffff] reserved
[    0.000000] BIOS-e820: [mem 0x00000000fffc0000-0x00000000ffffffff] reserved
[    0.000000] BIOS-e820: [mem 0x000000fd00000000-0x000000ffffffffff] reserved
[    0.000000] printk: legacy bootconsole [earlyser0] enabled
[    0.000000] NX (Execute Disable) protection: active
[    0.000000] APIC: Static calls initialized
[    0.000000] SMBIOS 3.0.0 present.
[    0.000000] DMI: QEMU Ubuntu 24.04 PC (i440FX + PIIX, 1996), BIOS 1.16.3-debian-1.16.3-2 04/01/2014
[    0.000000] DMI: Memory slots populated: 1/1
[    0.000000] Hypervisor detected: KVM
[    0.000000] kvm-clock: Using msrs 4b564d01 and 4b564d00
[    0.000000] kvm-clock: using sched offset of 291122699 cycles
[    0.000373] clocksource: kvm-clock: mask: 0xffffffffffffffff max_cycles: 0x1cd42e4dffb, max_idle_ns: 881590591483 ns
[    0.001532] tsc: Detected 4491.560 MHz processor
[    0.002202] last_pfn = 0x3ffe0 max_arch_pfn = 0x400000000
[    0.002611] MTRR map: 4 entries (3 fixed + 1 variable; max 19), built from 8 variable MTRRs
[    0.003210] x86/PAT: Configuration [0-7]: WB  WC  UC- UC  WB  WP  UC- WT  
[    0.005159] found SMP MP-table at [mem 0x000f5470-0x000f547f]
[    0.005574] Using GB pages for direct mapping
[    0.006077] ACPI: Early table checksum verification disabled
[    0.006485] ACPI: RSDP 0x00000000000F5290 000014 (v00 BOCHS )
[    0.006900] ACPI: RSDT 0x000000003FFE27BC 000034 (v01 BOCHS  BXPC     00000001 BXPC 00000001)
[    0.007511] ACPI: FACP 0x000000003FFE2578 000074 (v01 BOCHS  BXPC     00000001 BXPC 00000001)
[    0.008121] ACPI: DSDT 0x000000003FFE0040 002538 (v01 BOCHS  BXPC     00000001 BXPC 00000001)
[    0.008733] ACPI: FACS 0x000000003FFE0000 000040
[    0.009064] ACPI: APIC 0x000000003FFE25EC 000170 (v03 BOCHS  BXPC     00000001 BXPC 00000001)
[    0.009674] ACPI: HPET 0x000000003FFE275C 000038 (v01 BOCHS  BXPC     00000001 BXPC 00000001)
[    0.010283] ACPI: WAET 0x000000003FFE2794 000028 (v01 BOCHS  BXPC     00000001 BXPC 00000001)
[    0.010895] ACPI: Reserving FACP table memory at [mem 0x3ffe2578-0x3ffe25eb]
[    0.011398] ACPI: Reserving DSDT table memory at [mem 0x3ffe0040-0x3ffe2577]
[    0.011900] ACPI: Reserving FACS table memory at [mem 0x3ffe0000-0x3ffe003f]
[    0.012401] ACPI: Reserving APIC table memory at [mem 0x3ffe25ec-0x3ffe275b]
[    0.012903] ACPI: Reserving HPET table memory at [mem 0x3ffe275c-0x3ffe2793]
[    0.013405] ACPI: Reserving WAET table memory at [mem 0x3ffe2794-0x3ffe27bb]
[    0.014099] No NUMA configuration found
[    0.014373] Faking a node at [mem 0x0000000000000000-0x000000003ffdffff]
[    0.014853] NODE_DATA(0) allocated [mem 0x3ffdb780-0x3ffdffff]
[    0.015288] Zone ranges:
[    0.015469]   DMA      [mem 0x0000000000001000-0x0000000000ffffff]
[    0.015911]   DMA32    [mem 0x0000000001000000-0x000000003ffdffff]
[    0.016352]   Normal   empty
[    0.016557]   Device   empty
[    0.016763] Movable zone start for each node
[    0.017067] Early memory node ranges
[    0.017322]   node   0: [mem 0x0000000000001000-0x000000000009efff]
[    0.017769]   node   0: [mem 0x0000000000100000-0x000000003ffdffff]
[    0.018215] Initmem setup node 0 [mem 0x0000000000001000-0x000000003ffdffff]
[    0.018722] On node 0, zone DMA: 1 pages in unavailable ranges
[    0.019195] On node 0, zone DMA: 97 pages in unavailable ranges
[    0.023723] On node 0, zone DMA32: 32 pages in unavailable ranges
[    0.032961] kasan: KernelAddressSanitizer initialized
[    0.033549] ACPI: PM-Timer IO Port: 0x608
[    0.033847] ACPI: LAPIC_NMI (acpi_id[0xff] dfl dfl lint[0x1])
[    0.034281] IOAPIC[0]: apic_id 0, version 17, address 0xfec00000, GSI 0-23
[    0.034773] ACPI: INT_SRC_OVR (bus 0 bus_irq 0 global_irq 2 dfl dfl)
[    0.035238] ACPI: INT_SRC_OVR (bus 0 bus_irq 5 global_irq 5 high level)
[    0.035710] ACPI: INT_SRC_OVR (bus 0 bus_irq 9 global_irq 9 high level)
[    0.036181] ACPI: INT_SRC_OVR (bus 0 bus_irq 10 global_irq 10 high level)
[    0.036665] ACPI: INT_SRC_OVR (bus 0 bus_irq 11 global_irq 11 high level)
[    0.037151] ACPI: Using ACPI (MADT) for SMP configuration information
[    0.037610] ACPI: HPET id: 0x8086a201 base: 0xfed00000
[    0.037978] TSC deadline timer available
[    0.038269] CPU topo: Max. logical packages:   1
[    0.038599] CPU topo: Max. logical dies:       1
[    0.038933] CPU topo: Max. dies per package:   1
[    0.039272] CPU topo: Max. threads per core:   1
[    0.039602] CPU topo: Num. cores per package:    32
[    0.039950] CPU topo: Num. threads per package:  32
[    0.040298] CPU topo: Allowing 32 present CPUs plus 0 hotplug CPUs
[    0.040754] kvm-guest: APIC: eoi() replaced with kvm_guest_apic_eoi_write()
[    0.041267] kvm-guest: KVM setup pv remote TLB flush
[    0.041623] kvm-guest: setup PV sched yield
[    0.041927] PM: hibernation: Registered nosave memory: [mem 0x00000000-0x00000fff]
[    0.042468] PM: hibernation: Registered nosave memory: [mem 0x0009f000-0x0009ffff]
[    0.043010] PM: hibernation: Registered nosave memory: [mem 0x000a0000-0x000effff]
[    0.043550] PM: hibernation: Registered nosave memory: [mem 0x000f0000-0x000fffff]
[    0.044090] [mem 0x40000000-0xfeffbfff] available for PCI devices
[    0.044525] Booting paravirtualized kernel on KVM
[    0.044861] clocksource: refined-jiffies: mask: 0xffffffff max_cycles: 0xffffffff, max_idle_ns: 1910969940391419 ns
[    0.053535] setup_percpu: NR_CPUS:64 nr_cpumask_bits:32 nr_cpu_ids:32 nr_node_ids:1
[    0.055361] percpu: Embedded 70 pages/cpu s247896 r8192 d30632 u524288
[    0.055894] Kernel command line: virtme_hostname=virtme-ng nr_open=1048576 virtme_link_mods=/nipa-data/kernel/.virtme_mods/lib/modules/0.0.0 virtme_initmount0=nipa-data/kernel virtme_rw_overlay0=/etc virtme_rw_overlay1=/lib virtme_rw_overlay2=/home virtme_rw_overlay3=/opt virtme_rw_overlay4=/srv virtme_rw_overlay5=/usr virtme_rw_overlay6=/var console=hvc0 earlyprintk=serial,ttyS0,115200 virtme_console=ttyS0 psmouse.proto=exps TERM=xterm virtme_chdir=nipa-data/kernel virtme_root_user=1 rootfstype=9p rootflags=version=9p2000.L,trans=virtio,access=any raid=noautodetect ro init=/usr/lib/python3/dist-packages/virtme/guest/virtme-init
[    0.060096] Unknown kernel command line parameters "virtme_hostname=virtme-ng nr_open=1048576 virtme_link_mods=/nipa-data/kernel/.virtme_mods/lib/modules/0.0.0 virtme_initmount0=nipa-data/kernel virtme_rw_overlay0=/etc virtme_rw_overlay1=/lib virtme_rw_overlay2=/home virtme_rw_overlay3=/opt virtme_rw_overlay4=/srv virtme_rw_overlay5=/usr virtme_rw_overlay6=/var virtme_console=ttyS0 virtme_chdir=nipa-data/kernel virtme_root_user=1", will be passed to user space.
[    0.063279] random: crng init done
[    0.063529] printk: log buffer data + meta data: 262144 + 917504 = 1179648 bytes
[    0.064091] Dentry cache hash table entries: 131072 (order: 8, 1048576 bytes, linear)
[    0.064677] Inode-cache hash table entries: 65536 (order: 7, 524288 bytes, linear)
[    0.065631] Fallback order for Node 0: 0 
[    0.065635] Built 1 zonelists, mobility grouping on.  Total pages: 262014
[    0.066428] Policy zone: DMA32
[    0.066653] mem auto-init: stack:all(zero), heap alloc:off, heap free:off
[    0.067154] stackdepot: allocating hash table via alloc_large_system_hash
[    0.067652] stackdepot hash table entries: 1048576 (order: 12, 16777216 bytes, linear)
[    0.075744] SLUB: HWalign=64, Order=0-3, MinObjects=0, CPUs=32, Nodes=1
Poking KASLR using RDRAND RDTSC...
[    0.076546] ftrace: allocating 49076 entries in 192 pages
[    0.094316] ftrace: allocated 192 pages with 2 groups
[    0.095557] Dynamic Preempt: voluntary
[    0.096270] rcu: Preemptible hierarchical RCU implementation.
[    0.096690] rcu: RCU event tracing is enabled.
[    0.097020] rcu: RCU restricting CPUs from NR_CPUS=64 to nr_cpu_ids=32.
[    0.097510] Trampoline variant of Tasks RCU enabled.
[    0.097878] Rude variant of Tasks RCU enabled.
[    0.098208] Tracing variant of Tasks RCU enabled.
[    0.098558] rcu: RCU calculated value of scheduler-enlistment delay is 100 jiffies.
[    0.099119] rcu: Adjusting geometry for rcu_fanout_leaf=16, nr_cpu_ids=32
[    0.099680] RCU Tasks: Setting shift to 5 and lim to 1 rcu_task_cb_adjust=1 rcu_task_cpu_ids=32.
[    0.100325] RCU Tasks Rude: Setting shift to 5 and lim to 1 rcu_task_cb_adjust=1 rcu_task_cpu_ids=32.
[    0.101001] RCU Tasks Trace: Setting shift to 5 and lim to 1 rcu_task_cb_adjust=1 rcu_task_cpu_ids=32.
[    0.110586] NR_IRQS: 4352, nr_irqs: 680, preallocated irqs: 16
[    0.111261] rcu: srcu_init: Setting srcu_struct sizes based on contention.
[    0.111979] Console: colour *CGA 80x25
[    0.112283] ACPI: Core revision 20240827
[    0.112725] clocksource: hpet: mask: 0xffffffff max_cycles: 0xffffffff, max_idle_ns: 19112604467 ns
[    0.113454] APIC: Switch to symmetric I/O mode setup
[    0.113822] kvm-guest: APIC: send_IPI_mask() replaced with kvm_send_ipi_mask()
[    0.114351] kvm-guest: APIC: send_IPI_mask_allbutself() replaced with kvm_send_ipi_mask_allbutself()
[    0.115006] kvm-guest: setup PV IPIs
[    0.116115] ..TIMER: vector=0x30 apic1=0 pin1=2 apic2=-1 pin2=-1
[    0.116909] clocksource: tsc-early: mask: 0xffffffffffffffff max_cycles: 0x40be4320a4d, max_idle_ns: 440795288133 ns
[    0.118264] Calibrating delay loop (skipped) preset value.. 8983.12 BogoMIPS (lpj=4491560)
[    0.119330] x86/cpu: User Mode Instruction Prevention (UMIP) activated
[    0.120319] Last level iTLB entries: 4KB 512, 2MB 255, 4MB 127
[    0.121262] Last level dTLB entries: 4KB 512, 2MB 255, 4MB 127, 1GB 0
[    0.122267] Spectre V1 : Mitigation: usercopy/swapgs barriers and __user pointer sanitization
[    0.123266] Spectre V2 : Mitigation: Enhanced / Automatic IBRS
[    0.124262] Spectre V2 : Spectre v2 / SpectreRSB mitigation: Filling RSB on context switch
[    0.125264] Spectre V2 : mitigation: Enabling conditional Indirect Branch Prediction Barrier
[    0.126264] Speculative Store Bypass: Mitigation: Speculative Store Bypass disabled via prctl
[    0.127262] Speculative Return Stack Overflow: IBPB-extending microcode not applied!
[    0.128262] Speculative Return Stack Overflow: WARNING: See https://kernel.org/doc/html/latest/admin-guide/hw-vuln/srso.html for mitigation options.
[    0.128263] Speculative Return Stack Overflow: Vulnerable: Safe RET, no microcode
[    0.130277] x86/fpu: Supporting XSAVE feature 0x001: 'x87 floating point registers'
[    0.131262] x86/fpu: Supporting XSAVE feature 0x002: 'SSE registers'
[    0.132262] x86/fpu: Supporting XSAVE feature 0x004: 'AVX registers'
[    0.133050] x86/fpu: Supporting XSAVE feature 0x020: 'AVX-512 opmask'
[    0.133262] x86/fpu: Supporting XSAVE feature 0x040: 'AVX-512 Hi256'
[    0.134262] x86/fpu: Supporting XSAVE feature 0x080: 'AVX-512 ZMM_Hi256'
[    0.135262] x86/fpu: Supporting XSAVE feature 0x200: 'Protection Keys User registers'
[    0.136262] x86/fpu: xstate_offset[2]:  576, xstate_sizes[2]:  256
[    0.137262] x86/fpu: xstate_offset[5]:  832, xstate_sizes[5]:   64
[    0.138028] x86/fpu: xstate_offset[6]:  896, xstate_sizes[6]:  512
[    0.138262] x86/fpu: xstate_offset[7]: 1408, xstate_sizes[7]: 1024
[    0.139262] x86/fpu: xstate_offset[9]: 2432, xstate_sizes[9]:    8
[    0.140262] x86/fpu: Enabled xstate features 0x2e7, context size is 2440 bytes, using 'compacted' format.
[    0.162241] Freeing SMP alternatives memory: 40K
[    0.162264] pid_max: default: 32768 minimum: 301
[    0.163383] Mount-cache hash table entries: 2048 (order: 2, 16384 bytes, linear)
[    0.164264] Mountpoint-cache hash table entries: 2048 (order: 2, 16384 bytes, linear)
[    0.165888] smpboot: CPU0: AMD Ryzen 9 7950X 16-Core Processor (family: 0x19, model: 0x61, stepping: 0x2)
[    0.166726] Performance Events: Fam17h+ core perfctr, AMD PMU driver.
[    0.167267] ... version:                0
[    0.167762] ... bit width:              48
[    0.168264] ... generic registers:      6
[    0.168759] ... value mask:             0000ffffffffffff
[    0.169264] ... max period:             00007fffffffffff
[    0.169919] ... fixed-purpose events:   0
[    0.170264] ... event mask:             000000000000003f
[    0.171029] signal: max sigframe size: 3376
[    0.171309] rcu: Hierarchical SRCU implementation.
[    0.171900] rcu: Max phase no-delay instances is 400.
[    0.172342] Timer migration: 2 hierarchy levels; 8 children per group; 2 crossnode level
[    0.176952] smp: Bringing up secondary CPUs ...
[    0.177446] smpboot: x86: Booting SMP configuration:
[    0.178060] .... node  #0, CPUs:        #1  #2  #3  #4  #5  #6  #7  #8  #9 #10 #11 #12 #13 #14 #15 #16 #17 #18 #19 #20 #21 #22 #23 #24 #25 #26 #27 #28 #29 #30 #31
[    0.203299] smp: Brought up 1 node, 32 CPUs
[    0.204792] smpboot: Total of 32 processors activated (287459.84 BogoMIPS)
[    0.209307] Memory: 763132K/1048056K available (44267K kernel code, 11493K rwdata, 10152K rodata, 6120K init, 1524K bss, 269028K reserved, 0K cma-reserved)
[    0.210382] devtmpfs: initialized
[    0.210849] x86/mm: Memory block size: 128MB
[    0.217320] clocksource: jiffies: mask: 0xffffffff max_cycles: 0xffffffff, max_idle_ns: 1911260446275000 ns
[    0.218269] futex hash table entries: 8192 (order: 7, 524288 bytes, linear)
[    0.219496] PM: RTC time: 06:27:22, date: 2025-02-17
[    0.220835] NET: Registered PF_NETLINK/PF_ROUTE protocol family
[    0.222156] thermal_sys: Registered thermal governor 'step_wise'
[    0.222185] cpuidle: using governor menu
[    0.223910] PCI: Using configuration type 1 for base access
[    0.224264] PCI: Using configuration type 1 for extended access
[    0.225141] kprobes: kprobe jump-optimization is enabled. All kprobes are optimized if possible.
[    0.238406] HugeTLB: registered 1.00 GiB page size, pre-allocated 0 pages
[    0.239265] HugeTLB: 16380 KiB vmemmap can be freed for a 1.00 GiB page
[    0.240265] HugeTLB: registered 2.00 MiB page size, pre-allocated 0 pages
[    0.241264] HugeTLB: 28 KiB vmemmap can be freed for a 2.00 MiB page
[    0.243593] ACPI: Added _OSI(Module Device)
[    0.244265] ACPI: Added _OSI(Processor Device)
[    0.244824] ACPI: Added _OSI(3.0 _SCP Extensions)
[    0.245264] ACPI: Added _OSI(Processor Aggregator Device)
[    0.268474] ACPI: 1 ACPI AML tables successfully acquired and loaded
[    0.273134] ACPI: Interpreter enabled
[    0.273322] ACPI: PM: (supports S0 S3 S4 S5)
[    0.273860] ACPI: Using IOAPIC for interrupt routing
[    0.274314] PCI: Using host bridge windows from ACPI; if necessary, use "pci=nocrs" and report a bug
[    0.276264] PCI: Using E820 reservations for host bridge windows
[    0.278038] ACPI: Enabled 2 GPEs in block 00 to 0F
[    0.323444] ACPI: PCI Root Bridge [PCI0] (domain 0000 [bus 00-ff])
[    0.324247] acpi PNP0A03:00: _OSC: OS supports [ExtendedConfig ASPM ClockPM Segments MSI HPX-Type3]
[    0.325745] PCI host bridge to bus 0000:00
[    0.326311] pci_bus 0000:00: root bus resource [io  0x0000-0x0cf7 window]
[    0.327165] pci_bus 0000:00: root bus resource [io  0x0d00-0xffff window]
[    0.328267] pci_bus 0000:00: root bus resource [mem 0x000a0000-0x000bffff window]
[    0.329202] pci_bus 0000:00: root bus resource [mem 0x40000000-0xfebfffff window]
[    0.330267] pci_bus 0000:00: root bus resource [mem 0x100000000-0x17fffffff window]
[    0.331256] pci_bus 0000:00: root bus resource [bus 00-ff]
[    0.331359] pci 0000:00:00.0: [8086:1237] type 00 class 0x060000 conventional PCI endpoint
[    0.334121] pci 0000:00:01.0: [8086:7000] type 00 class 0x060100 conventional PCI endpoint
[    0.335102] pci 0000:00:01.1: [8086:7010] type 00 class 0x010180 conventional PCI endpoint
[    0.336761] pci 0000:00:01.1: BAR 4 [io  0xc0c0-0xc0cf]
[    0.337283] pci 0000:00:01.1: BAR 0 [io  0x01f0-0x01f7]: legacy IDE quirk
[    0.338131] pci 0000:00:01.1: BAR 1 [io  0x03f6]: legacy IDE quirk
[    0.339264] pci 0000:00:01.1: BAR 2 [io  0x0170-0x0177]: legacy IDE quirk
[    0.340116] pci 0000:00:01.1: BAR 3 [io  0x0376]: legacy IDE quirk
[    0.341924] pci 0000:00:01.3: [8086:7113] type 00 class 0x068000 conventional PCI endpoint
[    0.342490] pci 0000:00:01.3: quirk: [io  0x0600-0x063f] claimed by PIIX4 ACPI
[    0.344268] pci 0000:00:01.3: quirk: [io  0x0700-0x070f] claimed by PIIX4 SMB
[    0.345870] pci 0000:00:02.0: [1af4:1009] type 00 class 0x000200 conventional PCI endpoint
[    0.347269] pci 0000:00:02.0: BAR 0 [io  0xc000-0xc03f]
[    0.347927] pci 0000:00:02.0: BAR 1 [mem 0xfebfc000-0xfebfcfff]
[    0.349279] pci 0000:00:02.0: BAR 4 [mem 0xfebf0000-0xfebf3fff 64bit pref]
[    0.361106] pci 0000:00:03.0: [1af4:1009] type 00 class 0x000200 conventional PCI endpoint
[    0.363269] pci 0000:00:03.0: BAR 0 [io  0xc040-0xc07f]
[    0.363927] pci 0000:00:03.0: BAR 1 [mem 0xfebfd000-0xfebfdfff]
[    0.364279] pci 0000:00:03.0: BAR 4 [mem 0xfebf4000-0xfebf7fff 64bit pref]
[    0.376013] pci 0000:00:04.0: [8086:25ab] type 00 class 0x088000 conventional PCI endpoint
[    0.377848] pci 0000:00:04.0: BAR 0 [mem 0xfebfe000-0xfebfe00f]
[    0.389115] pci 0000:00:05.0: [1af4:1003] type 00 class 0x078000 conventional PCI endpoint
[    0.391079] pci 0000:00:05.0: BAR 0 [io  0xc080-0xc0bf]
[    0.392269] pci 0000:00:05.0: BAR 1 [mem 0xfebff000-0xfebfffff]
[    0.393019] pci 0000:00:05.0: BAR 4 [mem 0xfebf8000-0xfebfbfff 64bit pref]
[    0.406401] ACPI: PCI: Interrupt link LNKA configured for IRQ 10
[    0.408013] ACPI: PCI: Interrupt link LNKB configured for IRQ 10
[    0.410157] ACPI: PCI: Interrupt link LNKC configured for IRQ 11
[    0.411144] ACPI: PCI: Interrupt link LNKD configured for IRQ 11
[    0.412631] ACPI: PCI: Interrupt link LNKS configured for IRQ 9
[    0.430881] iommu: Default domain type: Translated
[    0.431265] iommu: DMA domain TLB invalidation policy: lazy mode
[    0.432464] SCSI subsystem initialized
[    0.433309] pps_core: LinuxPPS API ver. 1 registered
[    0.433903] pps_core: Software ver. 5.3.6 - Copyright 2005-2007 Rodolfo Giometti <giometti@linux.it>
[    0.435278] PTP clock support registered
[    0.436383] Advanced Linux Sound Architecture Driver Initialized.
[    0.438376] NET: Registered PF_ATMPVC protocol family
[    0.439011] NET: Registered PF_ATMSVC protocol family
[    0.439299] PCI: Using ACPI for IRQ routing
[    0.440300] vgaarb: loaded
[    0.440376] hpet0: at MMIO 0xfed00000, IRQs 2, 8, 0
[    0.441002] hpet0: 3 comparators, 64-bit 100.000000 MHz counter
[    0.445482] clocksource: Switched to clocksource kvm-clock
[    0.446570] VFS: Disk quotas dquot_6.6.0
[    0.447077] VFS: Dquot-cache hash table entries: 512 (order 0, 4096 bytes)
[    0.448683] pnp: PnP ACPI init
[    0.451360] pnp: PnP ACPI: found 5 devices
[    0.463310] clocksource: acpi_pm: mask: 0xffffff max_cycles: 0xffffff, max_idle_ns: 2085701024 ns
[    0.464488] NET: Registered PF_INET protocol family
[    0.465136] IP idents hash table entries: 16384 (order: 5, 131072 bytes, linear)
[    0.466452] tcp_listen_portaddr_hash hash table entries: 512 (order: 1, 8192 bytes, linear)
[    0.467512] Table-perturb hash table entries: 65536 (order: 6, 262144 bytes, linear)
[    0.468502] TCP established hash table entries: 8192 (order: 4, 65536 bytes, linear)
[    0.469475] TCP bind hash table entries: 8192 (order: 6, 262144 bytes, linear)
[    0.470473] TCP: Hash tables configured (established 8192 bind 8192)
[    0.471422] UDP hash table entries: 512 (order: 3, 32768 bytes, linear)
[    0.472281] UDP-Lite hash table entries: 512 (order: 3, 32768 bytes, linear)
[    0.473377] NET: Registered PF_UNIX/PF_LOCAL protocol family
[    0.474104] pci_bus 0000:00: resource 4 [io  0x0000-0x0cf7 window]
[    0.474878] pci_bus 0000:00: resource 5 [io  0x0d00-0xffff window]
[    0.475649] pci_bus 0000:00: resource 6 [mem 0x000a0000-0x000bffff window]
[    0.476505] pci_bus 0000:00: resource 7 [mem 0x40000000-0xfebfffff window]
[    0.477362] pci_bus 0000:00: resource 8 [mem 0x100000000-0x17fffffff window]
[    0.478432] pci 0000:00:01.0: PIIX3: Enabling Passive Release
[    0.479154] pci 0000:00:00.0: Limiting direct PCI/PCI transfers
[    0.479929] PCI: CLS 0 bytes, default 64
[    0.480496] kvm_intel: VMX not supported by CPU 24
[    0.481248] kvm_amd: TSC scaling supported
[    0.481772] kvm_amd: Nested Virtualization enabled
[    0.482381] kvm_amd: Nested Paging enabled
[    0.482893] kvm_amd: LBR virtualization supported
[    0.483490] kvm_amd: Virtual GIF supported
[    0.483995] kvm_amd: Virtual NMI enabled
[    0.516251] clocksource: tsc: mask: 0xffffffffffffffff max_cycles: 0x40be4320a4d, max_idle_ns: 440795288133 ns
[    0.536157] Initialise system trusted keyrings
[    0.536973] workingset: timestamp_bits=56 max_order=18 bucket_order=0
[    0.537902] squashfs: version 4.0 (2009/01/31) Phillip Lougher
[    0.538675] fuse: init (API version 7.42)
[    0.539316] 9p: Installing v9fs 9p2000 file system support
[    0.549053] Key type asymmetric registered
[    0.549580] Asymmetric key parser 'x509' registered
[    0.550251] Block layer SCSI generic (bsg) driver version 0.4 loaded (major 249)
[    0.551210] io scheduler mq-deadline registered
[    0.551787] io scheduler kyber registered
[    0.554381] input: Power Button as /devices/LNXSYSTM:00/LNXPWRBN:00/input/input0
[    0.555568] ACPI: button: Power Button [PWRF]
[    0.557459] Warning: Processor Platform Limit event detected, but not handled.
[    0.558425] Consider compiling CPUfreq support into your kernel.
[    1.364517] ACPI: \_SB_.LNKB: Enabled at IRQ 10
[    2.165017] ACPI: \_SB_.LNKC: Enabled at IRQ 11
[    2.965391] ACPI: \_SB_.LNKA: Enabled at IRQ 10
[    2.966825] Serial: 8250/16550 driver, 4 ports, IRQ sharing enabled
[    2.967956] 00:03: ttyS0 at I/O 0x3f8 (irq = 4, base_baud = 115200) is a 16550A
[    2.992680] Non-volatile memory driver v1.3
[    2.993243] Linux agpgart interface v0.103
[    2.993955] ACPI: bus type drm_connector registered
[    2.994581] printk: legacy console [hvc0] enabled
[    2.995174] printk: legacy bootconsole [earlyser0] disabled
          _      _                                    
   __   _(_)_ __| |_ _ __ ___   ___       _ __   __ _ 
   \ \ / / |  __| __|  _   _ \ / _ \_____|  _ \ / _  |
    \ V /| | |  | |_| | | | | |  __/_____| | | | (_| |
     \_/ |_|_|   \__|_| |_| |_|\___|     |_| |_|\__  |
                                                |___/ 
   kernel version: 6.14.0-rc2-virtme x86_64
   (CTRL+d to exit)

root@virtme-ng:/nipa-data/kernel# PS1='xx__-> '
xx__-> env
PWD=/nipa-data/kernel
nr_open=1048576
HOME=/
TERM=xterm
SHLVL=2
XDG_RUNTIME_DIR=/run/user/0
PATH=/bin:/sbin:/usr/bin:/usr/sbin:/usr/local/bin
OLDPWD=/
_=/bin/env
xx__-> 