No EFI environment detected.
early console in extract_kernel
input_data: 0x0000000002be72c4
input_len: 0x0000000000b56679
output: 0x0000000001000000
output_len: 0x00000000026f5f30
kernel_total_size: 0x0000000002430000
needed_size: 0x0000000002800000
trampoline_32bit: 0x000000000009d000
Physical KASLR using RDRAND RDTSC...
Virtual KASLR using RDRAND RDTSC...

Decompressing Linux... Parsing ELF... Performing relocations... done.
Booting the kernel (entry_offset: 0x0000000000000000).
[    0.000000] Linux version 6.11.0-rc2-virtme (root@bba3d8885c1a) (gcc (Ubuntu 13.2.0-23ubuntu4) 13.2.0, GNU ld (GNU Binutils for Ubuntu) 2.42) #1 SMP PREEMPT_DYNAMIC Tue Aug 13 21:07:21 UTC 2024
[    0.000000] Command line: virtme_hostname=virtme-ng nr_open=1048576 virtme_link_mods=/nipa-data/kernel/.virtme_mods/lib/modules/0.0.0 virtme_initmount0=nipa-data/kernel virtme_rw_overlay0=/etc virtme_rw_overlay1=/lib virtme_rw_overlay2=/home virtme_rw_overlay3=/opt virtme_rw_overlay4=/srv virtme_rw_overlay5=/usr virtme_rw_overlay6=/var console=hvc0 earlyprintk=serial,ttyS0,115200 virtme_console=ttyS0 psmouse.proto=exps TERM=xterm virtme_chdir=nipa-data/kernel virtme_root_user=1 rootfstype=9p rootflags=version=9p2000.L,trans=virtio,access=any raid=noautodetect ro init=/usr/lib/python3/dist-packages/virtme/guest/virtme-init
[    0.000000] x86/split lock detection: #DB: warning on user-space bus_locks
[    0.000000] BIOS-provided physical RAM map:
[    0.000000] BIOS-e820: [mem 0x0000000000000000-0x000000000009fbff] usable
[    0.000000] BIOS-e820: [mem 0x000000000009fc00-0x000000000009ffff] reserved
[    0.000000] BIOS-e820: [mem 0x00000000000f0000-0x00000000000fffff] reserved
[    0.000000] BIOS-e820: [mem 0x0000000000100000-0x000000003ffdffff] usable
[    0.000000] BIOS-e820: [mem 0x000000003ffe0000-0x000000003fffffff] reserved
[    0.000000] BIOS-e820: [mem 0x00000000feffc000-0x00000000feffffff] reserved
[    0.000000] BIOS-e820: [mem 0x00000000fffc0000-0x00000000ffffffff] reserved
[    0.000000] printk: legacy bootconsole [earlyser0] enabled
[    0.000000] NX (Execute Disable) protection: active
[    0.000000] APIC: Static calls initialized
[    0.000000] SMBIOS 3.0.0 present.
[    0.000000] DMI: QEMU Ubuntu 24.04 PC (i440FX + PIIX, 1996), BIOS 1.16.3-debian-1.16.3-2 04/01/2014
[    0.000000] DMI: Memory slots populated: 1/1
[    0.000000] Hypervisor detected: KVM
[    0.000000] kvm-clock: Using msrs 4b564d01 and 4b564d00
[    0.000001] kvm-clock: using sched offset of 576611735 cycles
[    0.000748] clocksource: kvm-clock: mask: 0xffffffffffffffff max_cycles: 0x1cd42e4dffb, max_idle_ns: 881590591483 ns
[    0.003079] tsc: Detected 2000.000 MHz processor
[    0.004241] last_pfn = 0x3ffe0 max_arch_pfn = 0x10000000000
[    0.005096] MTRR map: 4 entries (3 fixed + 1 variable; max 19), built from 8 variable MTRRs
[    0.006291] x86/PAT: Configuration [0-7]: WB  WC  UC- UC  WB  WP  UC- WT  
Memory KASLR using RDRAND RDTSC...
[    0.013939] found SMP MP-table at [mem 0x000f5470-0x000f547f]
[    0.014779] Using GB pages for direct mapping
[    0.015517] ACPI: Early table checksum verification disabled
[    0.016329] ACPI: RSDP 0x00000000000F5290 000014 (v00 BOCHS )
[    0.017153] ACPI: RSDT 0x000000003FFE308E 000034 (v01 BOCHS  BXPC     00000001 BXPC 00000001)
[    0.018381] ACPI: FACP 0x000000003FFE2D8A 000074 (v01 BOCHS  BXPC     00000001 BXPC 00000001)
[    0.019606] ACPI: DSDT 0x000000003FFE0040 002D4A (v01 BOCHS  BXPC     00000001 BXPC 00000001)
[    0.020825] ACPI: FACS 0x000000003FFE0000 000040
[    0.021486] ACPI: APIC 0x000000003FFE2DFE 000230 (v03 BOCHS  BXPC     00000001 BXPC 00000001)
[    0.022709] ACPI: HPET 0x000000003FFE302E 000038 (v01 BOCHS  BXPC     00000001 BXPC 00000001)
[    0.023927] ACPI: WAET 0x000000003FFE3066 000028 (v01 BOCHS  BXPC     00000001 BXPC 00000001)
[    0.025143] ACPI: Reserving FACP table memory at [mem 0x3ffe2d8a-0x3ffe2dfd]
[    0.026146] ACPI: Reserving DSDT table memory at [mem 0x3ffe0040-0x3ffe2d89]
[    0.027156] ACPI: Reserving FACS table memory at [mem 0x3ffe0000-0x3ffe003f]
[    0.028161] ACPI: Reserving APIC table memory at [mem 0x3ffe2dfe-0x3ffe302d]
[    0.029163] ACPI: Reserving HPET table memory at [mem 0x3ffe302e-0x3ffe3065]
[    0.030167] ACPI: Reserving WAET table memory at [mem 0x3ffe3066-0x3ffe308d]
[    0.031523] No NUMA configuration found
[    0.032071] Faking a node at [mem 0x0000000000000000-0x000000003ffdffff]
[    0.033029] NODE_DATA(0) allocated [mem 0x3ffdb000-0x3ffdffff]
[    0.034010] Zone ranges:
[    0.034378]   DMA      [mem 0x0000000000001000-0x0000000000ffffff]
[    0.035263]   DMA32    [mem 0x0000000001000000-0x000000003ffdffff]
[    0.036144]   Normal   empty
[    0.036555]   Device   empty
[    0.036965] Movable zone start for each node
[    0.037574] Early memory node ranges
[    0.038083]   node   0: [mem 0x0000000000001000-0x000000000009efff]
[    0.038984]   node   0: [mem 0x0000000000100000-0x000000003ffdffff]
[    0.039879] Initmem setup node 0 [mem 0x0000000000001000-0x000000003ffdffff]
[    0.040888] On node 0, zone DMA: 1 pages in unavailable ranges
[    0.041755] On node 0, zone DMA: 97 pages in unavailable ranges
[    0.046180] On node 0, zone DMA32: 32 pages in unavailable ranges
[    0.047590] ACPI: PM-Timer IO Port: 0x608
[    0.048182] ACPI: LAPIC_NMI (acpi_id[0xff] dfl dfl lint[0x1])
[    0.049051] IOAPIC[0]: apic_id 0, version 17, address 0xfec00000, GSI 0-23
[    0.050033] ACPI: INT_SRC_OVR (bus 0 bus_irq 0 global_irq 2 dfl dfl)
[    0.050948] ACPI: INT_SRC_OVR (bus 0 bus_irq 5 global_irq 5 high level)
[    0.051891] ACPI: INT_SRC_OVR (bus 0 bus_irq 9 global_irq 9 high level)
[    0.052833] ACPI: INT_SRC_OVR (bus 0 bus_irq 10 global_irq 10 high level)
[    0.053800] ACPI: INT_SRC_OVR (bus 0 bus_irq 11 global_irq 11 high level)
[    0.054776] ACPI: Using ACPI (MADT) for SMP configuration information
[    0.055693] ACPI: HPET id: 0x8086a201 base: 0xfed00000
[    0.056427] TSC deadline timer available
[    0.056990] CPU topo: Max. logical packages:   1
[    0.057647] CPU topo: Max. logical dies:       1
[    0.058304] CPU topo: Max. dies per package:   1
[    0.058968] CPU topo: Max. threads per core:   1
[    0.059626] CPU topo: Num. cores per package:    56
[    0.060321] CPU topo: Num. threads per package:  56
[    0.061015] CPU topo: Allowing 56 present CPUs plus 0 hotplug CPUs
[    0.061919] kvm-guest: APIC: eoi() replaced with kvm_guest_apic_eoi_write()
[    0.062932] kvm-guest: KVM setup pv remote TLB flush
[    0.063644] kvm-guest: setup PV sched yield
[    0.064246] PM: hibernation: Registered nosave memory: [mem 0x00000000-0x00000fff]
[    0.065325] PM: hibernation: Registered nosave memory: [mem 0x0009f000-0x0009ffff]
[    0.066408] PM: hibernation: Registered nosave memory: [mem 0x000a0000-0x000effff]
[    0.067486] PM: hibernation: Registered nosave memory: [mem 0x000f0000-0x000fffff]
[    0.068565] [mem 0x40000000-0xfeffbfff] available for PCI devices
[    0.069433] Booting paravirtualized kernel on KVM
[    0.070104] clocksource: refined-jiffies: mask: 0xffffffff max_cycles: 0xffffffff, max_idle_ns: 1910969940391419 ns
[    0.079209] setup_percpu: NR_CPUS:64 nr_cpumask_bits:56 nr_cpu_ids:56 nr_node_ids:1
[    0.084926] percpu: Embedded 58 pages/cpu s198744 r8192 d30632 u262144
[    0.085980] Kernel command line: virtme_hostname=virtme-ng nr_open=1048576 virtme_link_mods=/nipa-data/kernel/.virtme_mods/lib/modules/0.0.0 virtme_initmount0=nipa-data/kernel virtme_rw_overlay0=/etc virtme_rw_overlay1=/lib virtme_rw_overlay2=/home virtme_rw_overlay3=/opt virtme_rw_overlay4=/srv virtme_rw_overlay5=/usr virtme_rw_overlay6=/var console=hvc0 earlyprintk=serial,ttyS0,115200 virtme_console=ttyS0 psmouse.proto=exps TERM=xterm virtme_chdir=nipa-data/kernel virtme_root_user=1 rootfstype=9p rootflags=version=9p2000.L,trans=virtio,access=any raid=noautodetect ro init=/usr/lib/python3/dist-packages/virtme/guest/virtme-init
[    0.094222] Unknown kernel command line parameters "virtme_hostname=virtme-ng nr_open=1048576 virtme_link_mods=/nipa-data/kernel/.virtme_mods/lib/modules/0.0.0 virtme_initmount0=nipa-data/kernel virtme_rw_overlay0=/etc virtme_rw_overlay1=/lib virtme_rw_overlay2=/home virtme_rw_overlay3=/opt virtme_rw_overlay4=/srv virtme_rw_overlay5=/usr virtme_rw_overlay6=/var virtme_console=ttyS0 virtme_chdir=nipa-data/kernel virtme_root_user=1", will be passed to user space.
[    0.100197] random: crng init done
[    0.100690] printk: log_buf_len individual max cpu contribution: 4096 bytes
[    0.101699] printk: log_buf_len total cpu_extra contributions: 225280 bytes
[    0.102784] printk: log_buf_len min size: 262144 bytes
[    0.104141] printk: log_buf_len: 524288 bytes
[    0.104797] printk: early log buf free: 254024(96%)
[    0.105926] Dentry cache hash table entries: 131072 (order: 8, 1048576 bytes, linear)
[    0.107122] Inode-cache hash table entries: 65536 (order: 7, 524288 bytes, linear)
[    0.109015] Fallback order for Node 0: 0 
[    0.109024] Built 1 zonelists, mobility grouping on.  Total pages: 262014
[    0.110516] Policy zone: DMA32
[    0.110936] mem auto-init: stack:all(zero), heap alloc:off, heap free:off
[    0.115422] SLUB: HWalign=64, Order=0-3, MinObjects=0, CPUs=56, Nodes=1
Poking KASLR using RDRAND RDTSC...
[    0.116850] ftrace: allocating 48213 entries in 189 pages
[    0.131225] ftrace: allocated 189 pages with 6 groups
[    0.133011] Dynamic Preempt: voluntary
[    0.134497] rcu: Preemptible hierarchical RCU implementation.
[    0.135312] rcu: RCU event tracing is enabled.
[    0.135935] rcu: RCU restricting CPUs from NR_CPUS=64 to nr_cpu_ids=56.
[    0.136854] Trampoline variant of Tasks RCU enabled.
[    0.137550] Rude variant of Tasks RCU enabled.
[    0.138171] Tracing variant of Tasks RCU enabled.
[    0.138836] rcu: RCU calculated value of scheduler-enlistment delay is 100 jiffies.
[    0.139886] rcu: Adjusting geometry for rcu_fanout_leaf=16, nr_cpu_ids=56
[    0.140863] RCU Tasks: Setting shift to 6 and lim to 1 rcu_task_cb_adjust=1.
[    0.141833] RCU Tasks Rude: Setting shift to 6 and lim to 1 rcu_task_cb_adjust=1.
[    0.142869] RCU Tasks Trace: Setting shift to 6 and lim to 1 rcu_task_cb_adjust=1.
[    0.147157] NR_IRQS: 4352, nr_irqs: 872, preallocated irqs: 16
[    0.148336] rcu: srcu_init: Setting srcu_struct sizes based on contention.
[    0.149570] Console: colour *CGA 80x25
[    0.150136] ACPI: Core revision 20240322
[    0.150853] clocksource: hpet: mask: 0xffffffff max_cycles: 0xffffffff, max_idle_ns: 19112604467 ns
[    0.152224] APIC: Switch to symmetric I/O mode setup
[    0.153087] APIC: Switched APIC routing to: physical flat
[    0.154143] kvm-guest: APIC: send_IPI_mask() replaced with kvm_send_ipi_mask()
[    0.155193] kvm-guest: APIC: send_IPI_mask_allbutself() replaced with kvm_send_ipi_mask_allbutself()
[    0.156552] kvm-guest: setup PV IPIs
[    0.158547] ..TIMER: vector=0x30 apic1=0 pin1=2 apic2=-1 pin2=-1
[    0.160386] clocksource: tsc-early: mask: 0xffffffffffffffff max_cycles: 0x39a85c9bff6, max_idle_ns: 881590591483 ns
[    0.162838] Calibrating delay loop (skipped) preset value.. 4000.00 BogoMIPS (lpj=2000000)
[    0.164045] x86/cpu: User Mode Instruction Prevention (UMIP) activated
[    0.164955] Last level iTLB entries: 4KB 0, 2MB 0, 4MB 0
[    0.165833] Last level dTLB entries: 4KB 0, 2MB 0, 4MB 0, 1GB 0
[    0.166849] Spectre V1 : Mitigation: usercopy/swapgs barriers and __user pointer sanitization
[    0.167840] Spectre V2 : Spectre BHI mitigation: SW BHB clearing on syscall and VM exit
[    0.168833] Spectre V2 : Mitigation: Enhanced / Automatic IBRS
[    0.169833] Spectre V2 : Spectre v2 / SpectreRSB mitigation: Filling RSB on context switch
[    0.170833] Spectre V2 : Spectre v2 / PBRSB-eIBRS: Retire a single CALL on VMEXIT
[    0.171835] Spectre V2 : mitigation: Enabling conditional Indirect Branch Prediction Barrier
[    0.172836] Speculative Store Bypass: Mitigation: Speculative Store Bypass disabled via prctl
[    0.173833] TAA: Mitigation: TSX disabled
[    0.174913] x86/fpu: Supporting XSAVE feature 0x001: 'x87 floating point registers'
[    0.175833] x86/fpu: Supporting XSAVE feature 0x002: 'SSE registers'
[    0.176833] x86/fpu: Supporting XSAVE feature 0x004: 'AVX registers'
[    0.177833] x86/fpu: Supporting XSAVE feature 0x020: 'AVX-512 opmask'
[    0.178833] x86/fpu: Supporting XSAVE feature 0x040: 'AVX-512 Hi256'
[    0.179833] x86/fpu: Supporting XSAVE feature 0x080: 'AVX-512 ZMM_Hi256'
[    0.180833] x86/fpu: Supporting XSAVE feature 0x200: 'Protection Keys User registers'
[    0.181833] x86/fpu: Supporting XSAVE feature 0x20000: 'AMX Tile config'
[    0.182835] x86/fpu: Supporting XSAVE feature 0x40000: 'AMX Tile data'
[    0.183834] x86/fpu: xstate_offset[2]:  576, xstate_sizes[2]:  256
[    0.184840] x86/fpu: xstate_offset[5]:  832, xstate_sizes[5]:   64
[    0.185840] x86/fpu: xstate_offset[6]:  896, xstate_sizes[6]:  512
[    0.186835] x86/fpu: xstate_offset[7]: 1408, xstate_sizes[7]: 1024
[    0.187840] x86/fpu: xstate_offset[9]: 2432, xstate_sizes[9]:    8
[    0.188840] x86/fpu: xstate_offset[17]: 2496, xstate_sizes[17]:   64
[    0.189840] x86/fpu: xstate_offset[18]: 2560, xstate_sizes[18]: 8192
[    0.190835] x86/fpu: Enabled xstate features 0x602e7, context size is 10752 bytes, using 'compacted' format.
[    0.219858] Freeing SMP alternatives memory: 40K
[    0.220836] pid_max: default: 57344 minimum: 448
[    0.221962] Mount-cache hash table entries: 2048 (order: 2, 16384 bytes, linear)
[    0.222844] Mountpoint-cache hash table entries: 2048 (order: 2, 16384 bytes, linear)
[    0.225202] smpboot: CPU0: Intel(R) Xeon(R) Platinum 8480+ (family: 0x6, model: 0x8f, stepping: 0x6)
[    0.226073] Performance Events: PEBS fmt0-, Sapphire Rapids events, full-width counters, Intel PMU driver.
[    0.226839] ... version:                2
[    0.227644] ... bit width:              48
[    0.227835] ... generic registers:      8
[    0.228629] ... value mask:             0000ffffffffffff
[    0.228835] ... max period:             00007fffffffffff
[    0.229835] ... fixed-purpose events:   3
[    0.230633] ... event mask:             00000007000000ff
[    0.231067] signal: max sigframe size: 11952
[    0.231861] rcu: Hierarchical SRCU implementation.
[    0.232816] rcu: Max phase no-delay instances is 400.
[    0.232871] Timer migration: 2 hierarchy levels; 8 children per group; 2 crossnode level
[    0.234903] smp: Bringing up secondary CPUs ...
[    0.235952] smpboot: x86: Booting SMP configuration:
[    0.236838] .... node  #0, CPUs:        #1  #2  #3  #4  #5  #6  #7  #8  #9 #10 #11 #12 #13 #14 #15 #16 #17 #18 #19 #20 #21 #22 #23 #24 #25 #26 #27 #28 #29 #30 #31 #32 #33 #34 #35 #36 #37 #38 #39 #40 #41 #42 #43 #44 #45 #46 #47 #48 #49 #50 #51 #52 #53 #54 #55
[    0.289018] smp: Brought up 1 node, 56 CPUs
[    0.290681] smpboot: Total of 56 processors activated (224000.00 BogoMIPS)
[    0.298898] Memory: 951192K/1048056K available (16384K kernel code, 2431K rwdata, 6228K rodata, 3104K init, 1940K bss, 72268K reserved, 0K cma-reserved)
[    0.299957] devtmpfs: initialized
[    0.300885] x86/mm: Memory block size: 128MB
[    0.303057] clocksource: jiffies: mask: 0xffffffff max_cycles: 0xffffffff, max_idle_ns: 1911260446275000 ns
[    0.303841] futex hash table entries: 16384 (order: 8, 1048576 bytes, linear)
[    0.305183] PM: RTC time: 21:07:59, date: 2024-08-13
[    0.307909] NET: Registered PF_NETLINK/PF_ROUTE protocol family
[    0.309024] thermal_sys: Registered thermal governor 'step_wise'
[    0.309026] thermal_sys: Registered thermal governor 'user_space'
[    0.309863] cpuidle: using governor menu
[    0.313155] PCI: Using configuration type 1 for base access
[    0.313922] kprobes: kprobe jump-optimization is enabled. All kprobes are optimized if possible.
[    0.349159] HugeTLB: registered 1.00 GiB page size, pre-allocated 0 pages
[    0.351846] HugeTLB: 16380 KiB vmemmap can be freed for a 1.00 GiB page
[    0.354839] HugeTLB: registered 2.00 MiB page size, pre-allocated 0 pages
[    0.356838] HugeTLB: 28 KiB vmemmap can be freed for a 2.00 MiB page
[    0.360056] ACPI: Added _OSI(Module Device)
[    0.361838] ACPI: Added _OSI(Processor Device)
[    0.363838] ACPI: Added _OSI(3.0 _SCP Extensions)
[    0.364836] ACPI: Added _OSI(Processor Aggregator Device)
[    0.366543] ACPI: 1 ACPI AML tables successfully acquired and loaded
[    0.370085] ACPI: Interpreter enabled
[    0.370847] ACPI: PM: (supports S0 S3 S4 S5)
[    0.371713] ACPI: Using IOAPIC for interrupt routing
[    0.371847] PCI: Using host bridge windows from ACPI; if necessary, use "pci=nocrs" and report a bug
[    0.373835] PCI: Using E820 reservations for host bridge windows
[    0.374946] ACPI: Enabled 2 GPEs in block 00 to 0F
[    0.378439] ACPI: PCI Root Bridge [PCI0] (domain 0000 [bus 00-ff])
[    0.378832] acpi PNP0A03:00: _OSC: OS supports [ASPM ClockPM Segments MSI HPX-Type3]
[    0.381838] acpi PNP0A03:00: _OSC: not requesting OS control; OS requires [ExtendedConfig ASPM ClockPM MSI]
[    0.382842] acpi PNP0A03:00: fail to add MMCONFIG information, can't access extended configuration space under this bridge
[    0.384942] PCI host bridge to bus 0000:00
[    0.385775] pci_bus 0000:00: root bus resource [io  0x0000-0x0cf7 window]
[    0.387838] pci_bus 0000:00: root bus resource [io  0x0d00-0xffff window]
[    0.388835] pci_bus 0000:00: root bus resource [mem 0x000a0000-0x000bffff window]
[    0.389835] pci_bus 0000:00: root bus resource [mem 0x40000000-0xfebfffff window]
[    0.391835] pci_bus 0000:00: root bus resource [mem 0x100000000-0x17fffffff window]
[    0.392836] pci_bus 0000:00: root bus resource [bus 00-ff]
[    0.393892] pci 0000:00:00.0: [8086:1237] type 00 class 0x060000 conventional PCI endpoint
[    0.396374] pci 0000:00:01.0: [8086:7000] type 00 class 0x060100 conventional PCI endpoint
[    0.398526] pci 0000:00:01.1: [8086:7010] type 00 class 0x010180 conventional PCI endpoint
[    0.402837] pci 0000:00:01.1: BAR 4 [io  0xc0c0-0xc0cf]
[    0.405830] pci 0000:00:01.1: BAR 0 [io  0x01f0-0x01f7]: legacy IDE quirk
[    0.406838] pci 0000:00:01.1: BAR 1 [io  0x03f6]: legacy IDE quirk
[    0.408835] pci 0000:00:01.1: BAR 2 [io  0x0170-0x0177]: legacy IDE quirk
[    0.409835] pci 0000:00:01.1: BAR 3 [io  0x0376]: legacy IDE quirk
[    0.411062] pci 0000:00:01.3: [8086:7113] type 00 class 0x068000 conventional PCI endpoint
[    0.413399] pci 0000:00:01.3: quirk: [io  0x0600-0x063f] claimed by PIIX4 ACPI
[    0.414845] pci 0000:00:01.3: quirk: [io  0x0700-0x070f] claimed by PIIX4 SMB
[    0.416202] pci 0000:00:02.0: [1af4:1009] type 00 class 0x000200 conventional PCI endpoint
[    0.418837] pci 0000:00:02.0: BAR 0 [io  0xc000-0xc03f]
[    0.420751] pci 0000:00:02.0: BAR 1 [mem 0xfebfc000-0xfebfcfff]
[    0.426386] pci 0000:00:02.0: BAR 4 [mem 0xfebf0000-0xfebf3fff 64bit pref]
[    0.429837] pci 0000:00:03.0: [1af4:1009] type 00 class 0x000200 conventional PCI endpoint
[    0.432837] pci 0000:00:03.0: BAR 0 [io  0xc040-0xc07f]
[    0.434544] pci 0000:00:03.0: BAR 1 [mem 0xfebfd000-0xfebfdfff]
[    0.440711] pci 0000:00:03.0: BAR 4 [mem 0xfebf4000-0xfebf7fff 64bit pref]
[    0.443762] pci 0000:00:04.0: [8086:25ab] type 00 class 0x088000 conventional PCI endpoint
[    0.446205] pci 0000:00:04.0: BAR 0 [mem 0xfebfe000-0xfebfe00f]
[    0.449214] pci 0000:00:05.0: [1af4:1003] type 00 class 0x078000 conventional PCI endpoint
[    0.452805] pci 0000:00:05.0: BAR 0 [io  0xc080-0xc0bf]
[    0.454527] pci 0000:00:05.0: BAR 1 [mem 0xfebff000-0xfebfffff]
[    0.457838] pci 0000:00:05.0: BAR 4 [mem 0xfebf8000-0xfebfbfff 64bit pref]
[    0.462234] ACPI: PCI: Interrupt link LNKA configured for IRQ 10
[    0.462975] ACPI: PCI: Interrupt link LNKB configured for IRQ 10
[    0.463958] ACPI: PCI: Interrupt link LNKC configured for IRQ 11
[    0.464955] ACPI: PCI: Interrupt link LNKD configured for IRQ 11
[    0.466924] ACPI: PCI: Interrupt link LNKS configured for IRQ 9
[    0.469570] iommu: Default domain type: Translated
[    0.469835] iommu: DMA domain TLB invalidation policy: lazy mode
[    0.470956] SCSI subsystem initialized
[    0.471892] pps_core: LinuxPPS API ver. 1 registered
[    0.472836] pps_core: Software ver. 5.3.6 - Copyright 2005-2007 Rodolfo Giometti <giometti@linux.it>
[    0.474837] PTP clock support registered
[    0.475892] Advanced Linux Sound Architecture Driver Initialized.
[    0.478335] NET: Registered PF_ATMPVC protocol family
[    0.479836] NET: Registered PF_ATMSVC protocol family
[    0.480839] PCI: Using ACPI for IRQ routing
[    0.481893] vgaarb: loaded
[    0.482983] hpet0: at MMIO 0xfed00000, IRQs 2, 8, 0
[    0.483841] hpet0: 3 comparators, 64-bit 100.000000 MHz counter
[    0.488774] clocksource: Switched to clocksource kvm-clock
[    0.490238] VFS: Disk quotas dquot_6.6.0
[    0.491074] VFS: Dquot-cache hash table entries: 512 (order 0, 4096 bytes)
[    0.492612] pnp: PnP ACPI init
[    0.494482] pnp: PnP ACPI: found 5 devices
[    0.513918] clocksource: acpi_pm: mask: 0xffffff max_cycles: 0xffffff, max_idle_ns: 2085701024 ns
[    0.515857] NET: Registered PF_INET protocol family
[    0.516985] IP idents hash table entries: 16384 (order: 5, 131072 bytes, linear)
[    0.519041] tcp_listen_portaddr_hash hash table entries: 512 (order: 1, 8192 bytes, linear)
[    0.520734] Table-perturb hash table entries: 65536 (order: 6, 262144 bytes, linear)
[    0.522294] TCP established hash table entries: 8192 (order: 4, 65536 bytes, linear)
[    0.523854] TCP bind hash table entries: 8192 (order: 6, 262144 bytes, linear)
[    0.525324] TCP: Hash tables configured (established 8192 bind 8192)
[    0.526650] UDP hash table entries: 512 (order: 2, 16384 bytes, linear)
[    0.527975] UDP-Lite hash table entries: 512 (order: 2, 16384 bytes, linear)
[    0.529441] NET: Registered PF_UNIX/PF_LOCAL protocol family
[    0.530585] pci_bus 0000:00: resource 4 [io  0x0000-0x0cf7 window]
[    0.531838] pci_bus 0000:00: resource 5 [io  0x0d00-0xffff window]
[    0.533066] pci_bus 0000:00: resource 6 [mem 0x000a0000-0x000bffff window]
[    0.534432] pci_bus 0000:00: resource 7 [mem 0x40000000-0xfebfffff window]
[    0.535803] pci_bus 0000:00: resource 8 [mem 0x100000000-0x17fffffff window]
[    0.537238] pci 0000:00:01.0: PIIX3: Enabling Passive Release
[    0.538399] pci 0000:00:00.0: Limiting direct PCI/PCI transfers
[    0.539676] PCI: CLS 0 bytes, default 64
[    0.554540] RAPL PMU: API unit is 2^-32 Joules, 1 fixed counters, 10737418240 ms ovfl timer
[    0.556220] RAPL PMU: hw unit of domain psys 2^-0 Joules
[    1.028571] kvm_amd: CPU 7 isn't AMD or Hygon
[    1.029700] clocksource: tsc: mask: 0xffffffffffffffff max_cycles: 0x39a85c9bff6, max_idle_ns: 881590591483 ns
[    1.122714] Initialise system trusted keyrings
[    1.124302] workingset: timestamp_bits=56 max_order=18 bucket_order=0
[    1.125662] squashfs: version 4.0 (2009/01/31) Phillip Lougher
[    1.126841] fuse: init (API version 7.40)
[    1.127945] 9p: Installing v9fs 9p2000 file system support
[    1.139629] Key type asymmetric registered
[    1.140447] Asymmetric key parser 'x509' registered
[    1.141437] Block layer SCSI generic (bsg) driver version 0.4 loaded (major 249)
[    1.142935] io scheduler mq-deadline registered
[    1.143849] io scheduler kyber registered
[    1.163535] input: Power Button as /devices/LNXSYSTM:00/LNXPWRBN:00/input/input0
[    1.165519] ACPI: button: Power Button [PWRF]
[    1.167326] Warning: Processor Platform Limit event detected, but not handled.
[    1.170678] Consider compiling CPUfreq support into your kernel.
[    1.209612] ACPI: \_SB_.LNKB: Enabled at IRQ 10
[    1.223894] ACPI: \_SB_.LNKC: Enabled at IRQ 11
[    1.238032] ACPI: \_SB_.LNKA: Enabled at IRQ 10
[    1.240349] Serial: 8250/16550 driver, 4 ports, IRQ sharing enabled
[    1.241809] 00:03: ttyS0 at I/O 0x3f8 (irq = 4, base_baud = 115200) is a 16550A
[    1.279407] Non-volatile memory driver v1.3
[    1.280388] Linux agpgart interface v0.103
[    1.281291] ACPI: bus type drm_connector registered
[    1.282627] printk: legacy console [hvc0] enabled
[    1.283979] printk: legacy bootconsole [earlyser0] disabled
          _      _                                    
   __   _(_)_ __| |_ _ __ ___   ___       _ __   __ _ 
   \ \ / / |  __| __|  _   _ \ / _ \_____|  _ \ / _  |
    \ V /| | |  | |_| | | | | |  __/_____| | | | (_| |
     \_/ |_|_|   \__|_| |_| |_|\___|     |_| |_|\__  |
                                                |___/ 
   kernel version: 6.11.0-rc2-virtme x86_64
   (CTRL+d to exit)

root@virtme-ng:/nipa-data/kernel# PS1='xx__-> '
xx__-> env
PWD=/nipa-data/kernel
nr_open=1048576
HOME=/
TERM=xterm
SHLVL=2
XDG_RUNTIME_DIR=/run/user/0
PATH=/bin:/sbin:/usr/bin:/usr/sbin:/usr/local/bin
OLDPWD=/
_=/bin/env
xx__-> 