No EFI environment detected.
early console in extract_kernel
input_data: 0x0000000002be52c4
input_len: 0x0000000000b78dba
output: 0x0000000001000000
output_len: 0x0000000002715d70
kernel_total_size: 0x0000000002430000
needed_size: 0x0000000002800000
trampoline_32bit: 0x0000000000000000
Physical KASLR using RDRAND RDTSC...
Virtual KASLR using RDRAND RDTSC...

Decompressing Linux... Parsing ELF... Performing relocations... done.
Booting the kernel (entry_offset: 0x0000000000000000).
[    0.000000] Linux version 6.12.0-virtme (root@2ec0af3782c6) (gcc (Ubuntu 13.2.0-23ubuntu4) 13.2.0, GNU ld (GNU Binutils for Ubuntu) 2.42) #1 SMP PREEMPT_DYNAMIC Mon Nov 25 15:06:34 UTC 2024
[    0.000000] Command line: virtme_hostname=virtme-ng nr_open=1048576 virtme_link_mods=/nipa-data/kernel/.virtme_mods/lib/modules/0.0.0 virtme_initmount0=nipa-data/kernel virtme_rw_overlay0=/etc virtme_rw_overlay1=/lib virtme_rw_overlay2=/home virtme_rw_overlay3=/opt virtme_rw_overlay4=/srv virtme_rw_overlay5=/usr virtme_rw_overlay6=/var console=hvc0 earlyprintk=serial,ttyS0,115200 virtme_console=ttyS0 psmouse.proto=exps TERM=xterm virtme_chdir=nipa-data/kernel virtme_root_user=1 rootfstype=9p rootflags=version=9p2000.L,trans=virtio,access=any raid=noautodetect ro init=/usr/lib/python3/dist-packages/virtme/guest/virtme-init
[    0.000000] BIOS-provided physical RAM map:
[    0.000000] BIOS-e820: [mem 0x0000000000000000-0x000000000009fbff] usable
[    0.000000] BIOS-e820: [mem 0x000000000009fc00-0x000000000009ffff] reserved
[    0.000000] BIOS-e820: [mem 0x00000000000f0000-0x00000000000fffff] reserved
[    0.000000] BIOS-e820: [mem 0x0000000000100000-0x000000003ffdffff] usable
[    0.000000] BIOS-e820: [mem 0x000000003ffe0000-0x000000003fffffff] reserved
[    0.000000] BIOS-e820: [mem 0x00000000feffc000-0x00000000feffffff] reserved
[    0.000000] BIOS-e820: [mem 0x00000000fffc0000-0x00000000ffffffff] reserved
[    0.000000] BIOS-e820: [mem 0x000000fd00000000-0x000000ffffffffff] reserved
[    0.000000] printk: legacy bootconsole [earlyser0] enabled
[    0.000000] NX (Execute Disable) protection: active
[    0.000000] APIC: Static calls initialized
[    0.000000] SMBIOS 3.0.0 present.
[    0.000000] DMI: QEMU Ubuntu 24.04 PC (i440FX + PIIX, 1996), BIOS 1.16.3-debian-1.16.3-2 04/01/2014
[    0.000000] DMI: Memory slots populated: 1/1
[    0.000000] Hypervisor detected: KVM
[    0.000000] kvm-clock: Using msrs 4b564d01 and 4b564d00
[    0.000000] kvm-clock: using sched offset of 212147323 cycles
[    0.000362] clocksource: kvm-clock: mask: 0xffffffffffffffff max_cycles: 0x1cd42e4dffb, max_idle_ns: 881590591483 ns
[    0.001473] tsc: Detected 4491.556 MHz processor
[    0.002037] last_pfn = 0x3ffe0 max_arch_pfn = 0x400000000
[    0.002427] MTRR map: 4 entries (3 fixed + 1 variable; max 19), built from 8 variable MTRRs
[    0.002996] x86/PAT: Configuration [0-7]: WB  WC  UC- UC  WB  WP  UC- WT  
Memory KASLR using RDRAND RDTSC...
[    0.004898] found SMP MP-table at [mem 0x000f5470-0x000f547f]
[    0.005292] Using GB pages for direct mapping
[    0.005607] ACPI: Early table checksum verification disabled
[    0.005990] ACPI: RSDP 0x00000000000F5290 000014 (v00 BOCHS )
[    0.006381] ACPI: RSDT 0x000000003FFE27BC 000034 (v01 BOCHS  BXPC     00000001 BXPC 00000001)
[    0.006961] ACPI: FACP 0x000000003FFE2578 000074 (v01 BOCHS  BXPC     00000001 BXPC 00000001)
[    0.007543] ACPI: DSDT 0x000000003FFE0040 002538 (v01 BOCHS  BXPC     00000001 BXPC 00000001)
[    0.008122] ACPI: FACS 0x000000003FFE0000 000040
[    0.008437] ACPI: APIC 0x000000003FFE25EC 000170 (v03 BOCHS  BXPC     00000001 BXPC 00000001)
[    0.009016] ACPI: HPET 0x000000003FFE275C 000038 (v01 BOCHS  BXPC     00000001 BXPC 00000001)
[    0.009596] ACPI: WAET 0x000000003FFE2794 000028 (v01 BOCHS  BXPC     00000001 BXPC 00000001)
[    0.010175] ACPI: Reserving FACP table memory at [mem 0x3ffe2578-0x3ffe25eb]
[    0.010653] ACPI: Reserving DSDT table memory at [mem 0x3ffe0040-0x3ffe2577]
[    0.011132] ACPI: Reserving FACS table memory at [mem 0x3ffe0000-0x3ffe003f]
[    0.011610] ACPI: Reserving APIC table memory at [mem 0x3ffe25ec-0x3ffe275b]
[    0.012089] ACPI: Reserving HPET table memory at [mem 0x3ffe275c-0x3ffe2793]
[    0.012569] ACPI: Reserving WAET table memory at [mem 0x3ffe2794-0x3ffe27bb]
[    0.013177] No NUMA configuration found
[    0.013438] Faking a node at [mem 0x0000000000000000-0x000000003ffdffff]
[    0.013895] NODE_DATA(0) allocated [mem 0x3ffdb780-0x3ffdffff]
[    0.014300] Zone ranges:
[    0.014472]   DMA      [mem 0x0000000000001000-0x0000000000ffffff]
[    0.014894]   DMA32    [mem 0x0000000001000000-0x000000003ffdffff]
[    0.015314]   Normal   empty
[    0.015510]   Device   empty
[    0.015706] Movable zone start for each node
[    0.015996] Early memory node ranges
[    0.016239]   node   0: [mem 0x0000000000001000-0x000000000009efff]
[    0.016667]   node   0: [mem 0x0000000000100000-0x000000003ffdffff]
[    0.017094] Initmem setup node 0 [mem 0x0000000000001000-0x000000003ffdffff]
[    0.017575] On node 0, zone DMA: 1 pages in unavailable ranges
[    0.017980] On node 0, zone DMA: 97 pages in unavailable ranges
[    0.019323] On node 0, zone DMA32: 32 pages in unavailable ranges
[    0.019926] ACPI: PM-Timer IO Port: 0x608
[    0.020203] ACPI: LAPIC_NMI (acpi_id[0xff] dfl dfl lint[0x1])
[    0.020612] IOAPIC[0]: apic_id 0, version 17, address 0xfec00000, GSI 0-23
[    0.021084] ACPI: INT_SRC_OVR (bus 0 bus_irq 0 global_irq 2 dfl dfl)
[    0.021515] ACPI: INT_SRC_OVR (bus 0 bus_irq 5 global_irq 5 high level)
[    0.021964] ACPI: INT_SRC_OVR (bus 0 bus_irq 9 global_irq 9 high level)
[    0.022411] ACPI: INT_SRC_OVR (bus 0 bus_irq 10 global_irq 10 high level)
[    0.022871] ACPI: INT_SRC_OVR (bus 0 bus_irq 11 global_irq 11 high level)
[    0.023331] ACPI: Using ACPI (MADT) for SMP configuration information
[    0.023767] ACPI: HPET id: 0x8086a201 base: 0xfed00000
[    0.024116] TSC deadline timer available
[    0.024385] CPU topo: Max. logical packages:   1
[    0.024697] CPU topo: Max. logical dies:       1
[    0.025009] CPU topo: Max. dies per package:   1
[    0.025323] CPU topo: Max. threads per core:   1
[    0.025635] CPU topo: Num. cores per package:    32
[    0.025965] CPU topo: Num. threads per package:  32
[    0.026294] CPU topo: Allowing 32 present CPUs plus 0 hotplug CPUs
[    0.026717] kvm-guest: APIC: eoi() replaced with kvm_guest_apic_eoi_write()
[    0.027194] kvm-guest: KVM setup pv remote TLB flush
[    0.027532] kvm-guest: setup PV sched yield
[    0.027817] PM: hibernation: Registered nosave memory: [mem 0x00000000-0x00000fff]
[    0.028330] PM: hibernation: Registered nosave memory: [mem 0x0009f000-0x0009ffff]
[    0.028840] PM: hibernation: Registered nosave memory: [mem 0x000a0000-0x000effff]
[    0.029351] PM: hibernation: Registered nosave memory: [mem 0x000f0000-0x000fffff]
[    0.029862] [mem 0x40000000-0xfeffbfff] available for PCI devices
[    0.030273] Booting paravirtualized kernel on KVM
[    0.030590] clocksource: refined-jiffies: mask: 0xffffffff max_cycles: 0xffffffff, max_idle_ns: 1910969940391419 ns
[    0.033963] setup_percpu: NR_CPUS:64 nr_cpumask_bits:32 nr_cpu_ids:32 nr_node_ids:1
[    0.035052] percpu: Embedded 58 pages/cpu s198616 r8192 d30760 u262144
[    0.035532] Kernel command line: virtme_hostname=virtme-ng nr_open=1048576 virtme_link_mods=/nipa-data/kernel/.virtme_mods/lib/modules/0.0.0 virtme_initmount0=nipa-data/kernel virtme_rw_overlay0=/etc virtme_rw_overlay1=/lib virtme_rw_overlay2=/home virtme_rw_overlay3=/opt virtme_rw_overlay4=/srv virtme_rw_overlay5=/usr virtme_rw_overlay6=/var console=hvc0 earlyprintk=serial,ttyS0,115200 virtme_console=ttyS0 psmouse.proto=exps TERM=xterm virtme_chdir=nipa-data/kernel virtme_root_user=1 rootfstype=9p rootflags=version=9p2000.L,trans=virtio,access=any raid=noautodetect ro init=/usr/lib/python3/dist-packages/virtme/guest/virtme-init
[    0.039520] Unknown kernel command line parameters "virtme_hostname=virtme-ng nr_open=1048576 virtme_link_mods=/nipa-data/kernel/.virtme_mods/lib/modules/0.0.0 virtme_initmount0=nipa-data/kernel virtme_rw_overlay0=/etc virtme_rw_overlay1=/lib virtme_rw_overlay2=/home virtme_rw_overlay3=/opt virtme_rw_overlay4=/srv virtme_rw_overlay5=/usr virtme_rw_overlay6=/var virtme_console=ttyS0 virtme_chdir=nipa-data/kernel virtme_root_user=1", will be passed to user space.
[    0.042561] random: crng init done
[    0.042799] printk: log buffer data + meta data: 262144 + 917504 = 1179648 bytes
[    0.043342] Dentry cache hash table entries: 131072 (order: 8, 1048576 bytes, linear)
[    0.043906] Inode-cache hash table entries: 65536 (order: 7, 524288 bytes, linear)
[    0.044519] Fallback order for Node 0: 0 
[    0.044521] Built 1 zonelists, mobility grouping on.  Total pages: 262014
[    0.045276] Policy zone: DMA32
[    0.045489] mem auto-init: stack:all(zero), heap alloc:off, heap free:off
[    0.046517] SLUB: HWalign=64, Order=0-3, MinObjects=0, CPUs=32, Nodes=1
Poking KASLR using RDRAND RDTSC...
[    0.047214] ftrace: allocating 48615 entries in 190 pages
[    0.053819] ftrace: allocated 190 pages with 6 groups
[    0.054708] Dynamic Preempt: voluntary
[    0.055094] rcu: Preemptible hierarchical RCU implementation.
[    0.055493] rcu: RCU event tracing is enabled.
[    0.055807] rcu: RCU restricting CPUs from NR_CPUS=64 to nr_cpu_ids=32.
[    0.056275] Trampoline variant of Tasks RCU enabled.
[    0.056625] Rude variant of Tasks RCU enabled.
[    0.056939] Tracing variant of Tasks RCU enabled.
[    0.057275] rcu: RCU calculated value of scheduler-enlistment delay is 100 jiffies.
[    0.057807] rcu: Adjusting geometry for rcu_fanout_leaf=16, nr_cpu_ids=32
[    0.058284] RCU Tasks: Setting shift to 5 and lim to 1 rcu_task_cb_adjust=1 rcu_task_cpu_ids=32.
[    0.058897] RCU Tasks Rude: Setting shift to 5 and lim to 1 rcu_task_cb_adjust=1 rcu_task_cpu_ids=32.
[    0.059539] RCU Tasks Trace: Setting shift to 5 and lim to 1 rcu_task_cb_adjust=1 rcu_task_cpu_ids=32.
[    0.061566] NR_IRQS: 4352, nr_irqs: 680, preallocated irqs: 16
[    0.062140] rcu: srcu_init: Setting srcu_struct sizes based on contention.
[    0.062750] Console: colour *CGA 80x25
[    0.063016] ACPI: Core revision 20240827
[    0.063352] clocksource: hpet: mask: 0xffffffff max_cycles: 0xffffffff, max_idle_ns: 19112604467 ns
[    0.064034] APIC: Switch to symmetric I/O mode setup
[    0.064414] kvm-guest: APIC: send_IPI_mask() replaced with kvm_send_ipi_mask()
[    0.064910] kvm-guest: APIC: send_IPI_mask_allbutself() replaced with kvm_send_ipi_mask_allbutself()
[    0.065526] kvm-guest: setup PV IPIs
[    0.066501] ..TIMER: vector=0x30 apic1=0 pin1=2 apic2=-1 pin2=-1
[    0.067256] clocksource: tsc-early: mask: 0xffffffffffffffff max_cycles: 0x40be400eb43, max_idle_ns: 440795366972 ns
[    0.068546] Calibrating delay loop (skipped) preset value.. 8983.11 BogoMIPS (lpj=4491556)
[    0.069604] x86/cpu: User Mode Instruction Prevention (UMIP) activated
[    0.070591] Last level iTLB entries: 4KB 512, 2MB 255, 4MB 127
[    0.071545] Last level dTLB entries: 4KB 512, 2MB 255, 4MB 127, 1GB 0
[    0.072320] Spectre V1 : Mitigation: usercopy/swapgs barriers and __user pointer sanitization
[    0.072548] Spectre V2 : Mitigation: Enhanced / Automatic IBRS
[    0.073545] Spectre V2 : Spectre v2 / SpectreRSB mitigation: Filling RSB on context switch
[    0.074546] Spectre V2 : mitigation: Enabling conditional Indirect Branch Prediction Barrier
[    0.075546] Speculative Store Bypass: Mitigation: Speculative Store Bypass disabled via prctl
[    0.076545] Speculative Return Stack Overflow: IBPB-extending microcode not applied!
[    0.077545] Speculative Return Stack Overflow: WARNING: See https://kernel.org/doc/html/latest/admin-guide/hw-vuln/srso.html for mitigation options.
[    0.077545] Speculative Return Stack Overflow: Vulnerable: Safe RET, no microcode
[    0.079559] x86/fpu: Supporting XSAVE feature 0x001: 'x87 floating point registers'
[    0.080545] x86/fpu: Supporting XSAVE feature 0x002: 'SSE registers'
[    0.081293] x86/fpu: Supporting XSAVE feature 0x004: 'AVX registers'
[    0.081545] x86/fpu: Supporting XSAVE feature 0x020: 'AVX-512 opmask'
[    0.082545] x86/fpu: Supporting XSAVE feature 0x040: 'AVX-512 Hi256'
[    0.083545] x86/fpu: Supporting XSAVE feature 0x080: 'AVX-512 ZMM_Hi256'
[    0.084545] x86/fpu: Supporting XSAVE feature 0x200: 'Protection Keys User registers'
[    0.085545] x86/fpu: xstate_offset[2]:  576, xstate_sizes[2]:  256
[    0.086272] x86/fpu: xstate_offset[5]:  832, xstate_sizes[5]:   64
[    0.086545] x86/fpu: xstate_offset[6]:  896, xstate_sizes[6]:  512
[    0.087545] x86/fpu: xstate_offset[7]: 1408, xstate_sizes[7]: 1024
[    0.088272] x86/fpu: xstate_offset[9]: 2432, xstate_sizes[9]:    8
[    0.088545] x86/fpu: Enabled xstate features 0x2e7, context size is 2440 bytes, using 'compacted' format.
[    0.103581] Freeing SMP alternatives memory: 40K
[    0.104134] pid_max: default: 32768 minimum: 301
[    0.104564] Mount-cache hash table entries: 2048 (order: 2, 16384 bytes, linear)
[    0.105546] Mountpoint-cache hash table entries: 2048 (order: 2, 16384 bytes, linear)
[    0.106658] smpboot: CPU0: AMD Ryzen 9 7950X 16-Core Processor (family: 0x19, model: 0x61, stepping: 0x2)
[    0.107650] Performance Events: Fam17h+ core perfctr, AMD PMU driver.
[    0.108430] ... version:                0
[    0.108547] ... bit width:              48
[    0.109029] ... generic registers:      6
[    0.109500] ... value mask:             0000ffffffffffff
[    0.109546] ... max period:             00007fffffffffff
[    0.110172] ... fixed-purpose events:   0
[    0.110546] ... event mask:             000000000000003f
[    0.111239] signal: max sigframe size: 3376
[    0.111561] rcu: Hierarchical SRCU implementation.
[    0.112126] rcu: Max phase no-delay instances is 400.
[    0.112566] Timer migration: 2 hierarchy levels; 8 children per group; 2 crossnode level
[    0.115538] smp: Bringing up secondary CPUs ...
[    0.115592] smpboot: x86: Booting SMP configuration:
[    0.116178] .... node  #0, CPUs:        #1  #2  #3  #4  #5  #6  #7  #8  #9 #10 #11 #12 #13 #14 #15 #16 #17 #18 #19 #20 #21 #22 #23 #24 #25 #26 #27 #28 #29 #30 #31
[    0.128647] smp: Brought up 1 node, 32 CPUs
[    0.130048] smpboot: Total of 32 processors activated (287459.58 BogoMIPS)
[    0.132564] Memory: 970440K/1048056K available (16384K kernel code, 2467K rwdata, 6296K rodata, 3144K init, 1824K bss, 63188K reserved, 0K cma-reserved)
[    0.133654] devtmpfs: initialized
[    0.133966] x86/mm: Memory block size: 128MB
[    0.135220] clocksource: jiffies: mask: 0xffffffff max_cycles: 0xffffffff, max_idle_ns: 1911260446275000 ns
[    0.135548] futex hash table entries: 8192 (order: 7, 524288 bytes, linear)
[    0.136486] PM: RTC time: 15:06:58, date: 2024-11-25
[    0.136890] NET: Registered PF_NETLINK/PF_ROUTE protocol family
[    0.137663] thermal_sys: Registered thermal governor 'step_wise'
[    0.137664] thermal_sys: Registered thermal governor 'user_space'
[    0.138397] cpuidle: using governor menu
[    0.139732] PCI: Using configuration type 1 for base access
[    0.140547] PCI: Using configuration type 1 for extended access
[    0.141330] kprobes: kprobe jump-optimization is enabled. All kprobes are optimized if possible.
[    0.146627] HugeTLB: registered 1.00 GiB page size, pre-allocated 0 pages
[    0.147482] HugeTLB: 16380 KiB vmemmap can be freed for a 1.00 GiB page
[    0.147547] HugeTLB: registered 2.00 MiB page size, pre-allocated 0 pages
[    0.148386] HugeTLB: 28 KiB vmemmap can be freed for a 2.00 MiB page
[    0.149614] ACPI: Added _OSI(Module Device)
[    0.150117] ACPI: Added _OSI(Processor Device)
[    0.150547] ACPI: Added _OSI(3.0 _SCP Extensions)
[    0.151136] ACPI: Added _OSI(Processor Aggregator Device)
[    0.152217] ACPI: 1 ACPI AML tables successfully acquired and loaded
[    0.156338] ACPI: Interpreter enabled
[    0.156338] ACPI: PM: (supports S0 S3 S4 S5)
[    0.156547] ACPI: Using IOAPIC for interrupt routing
[    0.157167] PCI: Using host bridge windows from ACPI; if necessary, use "pci=nocrs" and report a bug
[    0.158547] PCI: Using E820 reservations for host bridge windows
[    0.159375] ACPI: Enabled 2 GPEs in block 00 to 0F
[    0.163125] ACPI: PCI Root Bridge [PCI0] (domain 0000 [bus 00-ff])
[    0.163550] acpi PNP0A03:00: _OSC: OS supports [ExtendedConfig ASPM ClockPM Segments MSI HPX-Type3]
[    0.164633] PCI host bridge to bus 0000:00
[    0.165141] pci_bus 0000:00: root bus resource [io  0x0000-0x0cf7 window]
[    0.166547] pci_bus 0000:00: root bus resource [io  0x0d00-0xffff window]
[    0.167385] pci_bus 0000:00: root bus resource [mem 0x000a0000-0x000bffff window]
[    0.167547] pci_bus 0000:00: root bus resource [mem 0x40000000-0xfebfffff window]
[    0.168466] pci_bus 0000:00: root bus resource [mem 0x100000000-0x17fffffff window]
[    0.169547] pci_bus 0000:00: root bus resource [bus 00-ff]
[    0.170304] pci 0000:00:00.0: [8086:1237] type 00 class 0x060000 conventional PCI endpoint
[    0.171783] pci 0000:00:01.0: [8086:7000] type 00 class 0x060100 conventional PCI endpoint
[    0.172845] pci 0000:00:01.1: [8086:7010] type 00 class 0x010180 conventional PCI endpoint
[    0.176220] pci 0000:00:01.1: BAR 4 [io  0xc0c0-0xc0cf]
[    0.177199] pci 0000:00:01.1: BAR 0 [io  0x01f0-0x01f7]: legacy IDE quirk
[    0.177547] pci 0000:00:01.1: BAR 1 [io  0x03f6]: legacy IDE quirk
[    0.178308] pci 0000:00:01.1: BAR 2 [io  0x0170-0x0177]: legacy IDE quirk
[    0.179547] pci 0000:00:01.1: BAR 3 [io  0x0376]: legacy IDE quirk
[    0.180394] pci 0000:00:01.3: [8086:7113] type 00 class 0x068000 conventional PCI endpoint
[    0.181775] pci 0000:00:01.3: quirk: [io  0x0600-0x063f] claimed by PIIX4 ACPI
[    0.182551] pci 0000:00:01.3: quirk: [io  0x0700-0x070f] claimed by PIIX4 SMB
[    0.183581] pci 0000:00:02.0: [1af4:1009] type 00 class 0x000200 conventional PCI endpoint
[    0.184949] pci 0000:00:02.0: BAR 0 [io  0xc000-0xc03f]
[    0.185930] pci 0000:00:02.0: BAR 1 [mem 0xfebfc000-0xfebfcfff]
[    0.189547] pci 0000:00:02.0: BAR 4 [mem 0xfebf0000-0xfebf3fff 64bit pref]
[    0.191582] pci 0000:00:03.0: [1af4:1009] type 00 class 0x000200 conventional PCI endpoint
[    0.193499] pci 0000:00:03.0: BAR 0 [io  0xc040-0xc07f]
[    0.195736] pci 0000:00:03.0: BAR 1 [mem 0xfebfd000-0xfebfdfff]
[    0.197389] pci 0000:00:03.0: BAR 4 [mem 0xfebf4000-0xfebf7fff 64bit pref]
[    0.199454] pci 0000:00:04.0: [8086:25ab] type 00 class 0x088000 conventional PCI endpoint
[    0.200753] pci 0000:00:04.0: BAR 0 [mem 0xfebfe000-0xfebfe00f]
[    0.202746] pci 0000:00:05.0: [1af4:1003] type 00 class 0x078000 conventional PCI endpoint
[    0.204413] pci 0000:00:05.0: BAR 0 [io  0xc080-0xc0bf]
[    0.206438] pci 0000:00:05.0: BAR 1 [mem 0xfebff000-0xfebfffff]
[    0.208492] pci 0000:00:05.0: BAR 4 [mem 0xfebf8000-0xfebfbfff 64bit pref]
[    0.210564] ACPI: PCI: Interrupt link LNKA configured for IRQ 10
[    0.211418] ACPI: PCI: Interrupt link LNKB configured for IRQ 10
[    0.212643] ACPI: PCI: Interrupt link LNKC configured for IRQ 11
[    0.213475] ACPI: PCI: Interrupt link LNKD configured for IRQ 11
[    0.213615] ACPI: PCI: Interrupt link LNKS configured for IRQ 9
[    0.215166] iommu: Default domain type: Translated
[    0.215547] iommu: DMA domain TLB invalidation policy: lazy mode
[    0.216338] SCSI subsystem initialized
[    0.217577] pps_core: LinuxPPS API ver. 1 registered
[    0.218194] pps_core: Software ver. 5.3.6 - Copyright 2005-2007 Rodolfo Giometti <giometti@linux.it>
[    0.219549] PTP clock support registered
[    0.220571] Advanced Linux Sound Architecture Driver Initialized.
[    0.221806] NET: Registered PF_ATMPVC protocol family
[    0.222435] NET: Registered PF_ATMSVC protocol family
[    0.222552] PCI: Using ACPI for IRQ routing
[    0.223155] vgaarb: loaded
[    0.223572] hpet0: at MMIO 0xfed00000, IRQs 2, 8, 0
[    0.224174] hpet0: 3 comparators, 64-bit 100.000000 MHz counter
[    0.229146] clocksource: Switched to clocksource kvm-clock
[    0.229526] VFS: Disk quotas dquot_6.6.0
[    0.230027] VFS: Dquot-cache hash table entries: 512 (order 0, 4096 bytes)
[    0.230923] pnp: PnP ACPI init
[    0.231472] pnp: PnP ACPI: found 5 devices
[    0.237195] clocksource: acpi_pm: mask: 0xffffff max_cycles: 0xffffff, max_idle_ns: 2085701024 ns
[    0.238298] NET: Registered PF_INET protocol family
[    0.238994] IP idents hash table entries: 16384 (order: 5, 131072 bytes, linear)
[    0.240057] tcp_listen_portaddr_hash hash table entries: 512 (order: 1, 8192 bytes, linear)
[    0.241089] Table-perturb hash table entries: 65536 (order: 6, 262144 bytes, linear)
[    0.242045] TCP established hash table entries: 8192 (order: 4, 65536 bytes, linear)
[    0.242999] TCP bind hash table entries: 8192 (order: 6, 262144 bytes, linear)
[    0.243891] TCP: Hash tables configured (established 8192 bind 8192)
[    0.244687] UDP hash table entries: 512 (order: 3, 32768 bytes, linear)
[    0.245502] UDP-Lite hash table entries: 512 (order: 3, 32768 bytes, linear)
[    0.246392] NET: Registered PF_UNIX/PF_LOCAL protocol family
[    0.247093] pci_bus 0000:00: resource 4 [io  0x0000-0x0cf7 window]
[    0.247853] pci_bus 0000:00: resource 5 [io  0x0d00-0xffff window]
[    0.248613] pci_bus 0000:00: resource 6 [mem 0x000a0000-0x000bffff window]
[    0.249456] pci_bus 0000:00: resource 7 [mem 0x40000000-0xfebfffff window]
[    0.250300] pci_bus 0000:00: resource 8 [mem 0x100000000-0x17fffffff window]
[    0.251189] pci 0000:00:01.0: PIIX3: Enabling Passive Release
[    0.251894] pci 0000:00:00.0: Limiting direct PCI/PCI transfers
[    0.252654] PCI: CLS 0 bytes, default 64
[    0.253181] kvm_intel: VMX not supported by CPU 30
[    0.253776] kvm_amd: TSC scaling supported
[    0.254283] kvm_amd: Nested Virtualization enabled
[    0.254868] kvm_amd: Nested Paging enabled
[    0.255381] kvm_amd: LBR virtualization supported
[    0.255985] kvm_amd: Virtual GIF supported
[    0.256485] kvm_amd: Virtual NMI enabled
[    0.283826] clocksource: tsc: mask: 0xffffffffffffffff max_cycles: 0x40be400eb43, max_idle_ns: 440795366972 ns
[    0.290261] Initialise system trusted keyrings
[    0.290870] workingset: timestamp_bits=56 max_order=18 bucket_order=0
[    0.291711] squashfs: version 4.0 (2009/01/31) Phillip Lougher
[    0.292449] fuse: init (API version 7.41)
[    0.292973] 9p: Installing v9fs 9p2000 file system support
[    0.300042] Key type asymmetric registered
[    0.300552] Asymmetric key parser 'x509' registered
[    0.301168] Block layer SCSI generic (bsg) driver version 0.4 loaded (major 249)
[    0.302101] io scheduler mq-deadline registered
[    0.302661] io scheduler kyber registered
[    0.304685] input: Power Button as /devices/LNXSYSTM:00/LNXPWRBN:00/input/input0
[    0.305684] ACPI: button: Power Button [PWRF]
[    0.306655] Warning: Processor Platform Limit event detected, but not handled.
[    0.307535] Consider compiling CPUfreq support into your kernel.
[    0.325051] ACPI: \_SB_.LNKB: Enabled at IRQ 10
[    0.340646] ACPI: \_SB_.LNKC: Enabled at IRQ 11
[    0.356154] ACPI: \_SB_.LNKA: Enabled at IRQ 10
[    0.357252] Serial: 8250/16550 driver, 4 ports, IRQ sharing enabled
[    0.358134] 00:03: ttyS0 at I/O 0x3f8 (irq = 4, base_baud = 115200) is a 16550A
[    0.376617] Non-volatile memory driver v1.3
[    0.377198] Linux agpgart interface v0.103
[    0.377262] ACPI: bus type drm_connector registered
[    0.378334] printk: legacy console [hvc0] enabled
[    0.378914] printk: legacy bootconsole [earlyser0] disabled
          _      _                                    
   __   _(_)_ __| |_ _ __ ___   ___       _ __   __ _ 
   \ \ / / |  __| __|  _   _ \ / _ \_____|  _ \ / _  |
    \ V /| | |  | |_| | | | | |  __/_____| | | | (_| |
     \_/ |_|_|   \__|_| |_| |_|\___|     |_| |_|\__  |
                                                |___/ 
   kernel version: 6.12.0-virtme x86_64
   (CTRL+d to exit)

root@virtme-ng:/nipa-data/kernel# PS1='xx__-> '
xx__-> env
PWD=/nipa-data/kernel
nr_open=1048576
HOME=/
TERM=xterm
SHLVL=2
XDG_RUNTIME_DIR=/run/user/0
PATH=/bin:/sbin:/usr/bin:/usr/sbin:/usr/local/bin
OLDPWD=/
_=/bin/env
xx__-> 