No EFI environment detected.
early console in extract_kernel
input_data: 0x0000000004ab02c4
input_len: 0x00000000018629fb
output: 0x0000000001000000
output_len: 0x000000000529f4ac
kernel_total_size: 0x0000000004e30000
needed_size: 0x0000000005400000
trampoline_32bit: 0x0000000000000000
Physical KASLR using RDRAND RDTSC...
Virtual KASLR using RDRAND RDTSC...

Decompressing Linux... Parsing ELF... Performing relocations... done.
Booting the kernel (entry_offset: 0x0000000000000000).
[    0.000000] Linux version 6.10.0-rc3-virtme (root@91e58e130e45) (gcc (Alpine 13.2.1_git20240309) 13.2.1 20240309, GNU ld (GNU Binutils) 2.42) #1 SMP PREEMPT_DYNAMIC Wed Jun 19 00:26:47 UTC 2024
[    0.000000] Command line: virtme_hostname=virtme-ng nr_open=1048576 virtme_link_mods=/nipa-data/kernel/.virtme_mods/lib/modules/0.0.0 virtme_initmount0=nipa-data/kernel virtme_rw_overlay0=/etc virtme_rw_overlay1=/lib virtme_rw_overlay2=/home virtme_rw_overlay3=/opt virtme_rw_overlay4=/srv virtme_rw_overlay5=/usr virtme_rw_overlay6=/var console=hvc0 earlyprintk=serial,ttyS0,115200 virtme_console=ttyS0 psmouse.proto=exps TERM=xterm virtme_chdir=nipa-data/kernel virtme_root_user=1 rootfstype=9p rootflags=version=9p2000.L,trans=virtio,access=any raid=noautodetect ro init=/usr/lib/python3.12/site-packages/virtme/guest/virtme-init
[    0.000000] BIOS-provided physical RAM map:
[    0.000000] BIOS-e820: [mem 0x0000000000000000-0x000000000009fbff] usable
[    0.000000] BIOS-e820: [mem 0x000000000009fc00-0x000000000009ffff] reserved
[    0.000000] BIOS-e820: [mem 0x00000000000f0000-0x00000000000fffff] reserved
[    0.000000] BIOS-e820: [mem 0x0000000000100000-0x000000003ffdffff] usable
[    0.000000] BIOS-e820: [mem 0x000000003ffe0000-0x000000003fffffff] reserved
[    0.000000] BIOS-e820: [mem 0x00000000feffc000-0x00000000feffffff] reserved
[    0.000000] BIOS-e820: [mem 0x00000000fffc0000-0x00000000ffffffff] reserved
[    0.000000] BIOS-e820: [mem 0x000000fd00000000-0x000000ffffffffff] reserved
[    0.000000] printk: legacy bootconsole [earlyser0] enabled
[    0.000000] NX (Execute Disable) protection: active
[    0.000000] APIC: Static calls initialized
[    0.000000] SMBIOS 2.8 present.
[    0.000000] DMI: QEMU Standard PC (i440FX + PIIX, 1996), BIOS rel-1.16.3-0-ga6ed6b701f0a-prebuilt.qemu.org 04/01/2014
[    0.000000] DMI: Memory slots populated: 1/1
[    0.000000] Hypervisor detected: KVM
[    0.000000] kvm-clock: Using msrs 4b564d01 and 4b564d00
[    0.000000] kvm-clock: using sched offset of 360869985 cycles
[    0.000393] clocksource: kvm-clock: mask: 0xffffffffffffffff max_cycles: 0x1cd42e4dffb, max_idle_ns: 881590591483 ns
[    0.001666] tsc: Detected 4491.556 MHz processor
[    0.002565] last_pfn = 0x3ffe0 max_arch_pfn = 0x400000000
[    0.003092] MTRR map: 4 entries (3 fixed + 1 variable; max 19), built from 8 variable MTRRs
[    0.003860] x86/PAT: Configuration [0-7]: WB  WC  UC- UC  WB  WP  UC- WT  
[    0.006062] found SMP MP-table at [mem 0x000f5470-0x000f547f]
[    0.006507] Using GB pages for direct mapping
[    0.007078] ACPI: Early table checksum verification disabled
[    0.007508] ACPI: RSDP 0x00000000000F5290 000014 (v00 BOCHS )
[    0.007957] ACPI: RSDT 0x000000003FFE27BC 000034 (v01 BOCHS  BXPC     00000001 BXPC 00000001)
[    0.008607] ACPI: FACP 0x000000003FFE2578 000074 (v01 BOCHS  BXPC     00000001 BXPC 00000001)
[    0.009266] ACPI: DSDT 0x000000003FFE0040 002538 (v01 BOCHS  BXPC     00000001 BXPC 00000001)
[    0.009922] ACPI: FACS 0x000000003FFE0000 000040
[    0.010270] ACPI: APIC 0x000000003FFE25EC 000170 (v03 BOCHS  BXPC     00000001 BXPC 00000001)
[    0.010921] ACPI: HPET 0x000000003FFE275C 000038 (v01 BOCHS  BXPC     00000001 BXPC 00000001)
[    0.011568] ACPI: WAET 0x000000003FFE2794 000028 (v01 BOCHS  BXPC     00000001 BXPC 00000001)
[    0.012223] ACPI: Reserving FACP table memory at [mem 0x3ffe2578-0x3ffe25eb]
[    0.012773] ACPI: Reserving DSDT table memory at [mem 0x3ffe0040-0x3ffe2577]
[    0.013303] ACPI: Reserving FACS table memory at [mem 0x3ffe0000-0x3ffe003f]
[    0.013848] ACPI: Reserving APIC table memory at [mem 0x3ffe25ec-0x3ffe275b]
[    0.014378] ACPI: Reserving HPET table memory at [mem 0x3ffe275c-0x3ffe2793]
[    0.014915] ACPI: Reserving WAET table memory at [mem 0x3ffe2794-0x3ffe27bb]
[    0.015667] No NUMA configuration found
[    0.015956] Faking a node at [mem 0x0000000000000000-0x000000003ffdffff]
[    0.016461] NODE_DATA(0) allocated [mem 0x3ffdb000-0x3ffdffff]
[    0.016937] Zone ranges:
[    0.017128]   DMA      [mem 0x0000000000001000-0x0000000000ffffff]
[    0.017596]   DMA32    [mem 0x0000000001000000-0x000000003ffdffff]
[    0.018080]   Normal   empty
[    0.018298]   Device   empty
[    0.018514] Movable zone start for each node
[    0.018846] Early memory node ranges
[    0.019117]   node   0: [mem 0x0000000000001000-0x000000000009efff]
[    0.019608]   node   0: [mem 0x0000000000100000-0x000000003ffdffff]
[    0.020086] Initmem setup node 0 [mem 0x0000000000001000-0x000000003ffdffff]
[    0.020638] On node 0, zone DMA: 1 pages in unavailable ranges
[    0.021147] On node 0, zone DMA: 97 pages in unavailable ranges
[    0.025957] On node 0, zone DMA32: 32 pages in unavailable ranges
[    0.035765] kasan: KernelAddressSanitizer initialized
[    0.036405] ACPI: PM-Timer IO Port: 0x608
[    0.036731] ACPI: LAPIC_NMI (acpi_id[0xff] dfl dfl lint[0x1])
[    0.037181] IOAPIC[0]: apic_id 0, version 17, address 0xfec00000, GSI 0-23
[    0.037710] ACPI: INT_SRC_OVR (bus 0 bus_irq 0 global_irq 2 dfl dfl)
[    0.038188] ACPI: INT_SRC_OVR (bus 0 bus_irq 5 global_irq 5 high level)
[    0.038705] ACPI: INT_SRC_OVR (bus 0 bus_irq 9 global_irq 9 high level)
[    0.039208] ACPI: INT_SRC_OVR (bus 0 bus_irq 10 global_irq 10 high level)
[    0.039727] ACPI: INT_SRC_OVR (bus 0 bus_irq 11 global_irq 11 high level)
[    0.040239] ACPI: Using ACPI (MADT) for SMP configuration information
[    0.040737] ACPI: HPET id: 0x8086a201 base: 0xfed00000
[    0.041125] TSC deadline timer available
[    0.041422] CPU topo: Max. logical packages:   1
[    0.041785] CPU topo: Max. logical dies:       1
[    0.042132] CPU topo: Max. dies per package:   1
[    0.042482] CPU topo: Max. threads per core:   1
[    0.042850] CPU topo: Num. cores per package:    32
[    0.043220] CPU topo: Num. threads per package:  32
[    0.043587] CPU topo: Allowing 32 present CPUs plus 0 hotplug CPUs
[    0.044093] kvm-guest: APIC: eoi() replaced with kvm_guest_apic_eoi_write()
[    0.044639] kvm-guest: KVM setup pv remote TLB flush
[    0.045014] kvm-guest: setup PV sched yield
[    0.045334] PM: hibernation: Registered nosave memory: [mem 0x00000000-0x00000fff]
[    0.045917] PM: hibernation: Registered nosave memory: [mem 0x0009f000-0x0009ffff]
[    0.046492] PM: hibernation: Registered nosave memory: [mem 0x000a0000-0x000effff]
[    0.047085] PM: hibernation: Registered nosave memory: [mem 0x000f0000-0x000fffff]
[    0.047675] [mem 0x40000000-0xfeffbfff] available for PCI devices
[    0.048135] Booting paravirtualized kernel on KVM
[    0.048491] clocksource: refined-jiffies: mask: 0xffffffff max_cycles: 0xffffffff, max_idle_ns: 1910969940391419 ns
[    0.057450] setup_percpu: NR_CPUS:64 nr_cpumask_bits:32 nr_cpu_ids:32 nr_node_ids:1
[    0.059292] percpu: Embedded 70 pages/cpu s248600 r8192 d29928 u524288
[    0.059860] Kernel command line: virtme_hostname=virtme-ng nr_open=1048576 virtme_link_mods=/nipa-data/kernel/.virtme_mods/lib/modules/0.0.0 virtme_initmount0=nipa-data/kernel virtme_rw_overlay0=/etc virtme_rw_overlay1=/lib virtme_rw_overlay2=/home virtme_rw_overlay3=/opt virtme_rw_overlay4=/srv virtme_rw_overlay5=/usr virtme_rw_overlay6=/var console=hvc0 earlyprintk=serial,ttyS0,115200 virtme_console=ttyS0 psmouse.proto=exps TERM=xterm virtme_chdir=nipa-data/kernel virtme_root_user=1 rootfstype=9p rootflags=version=9p2000.L,trans=virtio,access=any raid=noautodetect ro init=/usr/lib/python3.12/site-packages/virtme/guest/virtme-init
[    0.064371] Unknown kernel command line parameters "virtme_hostname=virtme-ng nr_open=1048576 virtme_link_mods=/nipa-data/kernel/.virtme_mods/lib/modules/0.0.0 virtme_initmount0=nipa-data/kernel virtme_rw_overlay0=/etc virtme_rw_overlay1=/lib virtme_rw_overlay2=/home virtme_rw_overlay3=/opt virtme_rw_overlay4=/srv virtme_rw_overlay5=/usr virtme_rw_overlay6=/var virtme_console=ttyS0 virtme_chdir=nipa-data/kernel virtme_root_user=1", will be passed to user space.
[    0.068151] random: crng init done
[    0.068509] Dentry cache hash table entries: 131072 (order: 8, 1048576 bytes, linear)
[    0.069169] Inode-cache hash table entries: 65536 (order: 7, 524288 bytes, linear)
[    0.070195] Fallback order for Node 0: 0 
[    0.070200] Built 1 zonelists, mobility grouping on.  Total pages: 262014
[    0.071049] Policy zone: DMA32
[    0.071290] mem auto-init: stack:all(zero), heap alloc:off, heap free:off, mlocked free:off
[    0.071947] stackdepot: allocating hash table via alloc_large_system_hash
[    0.072470] stackdepot hash table entries: 1048576 (order: 12, 16777216 bytes, linear)
[    0.080565] Memory: 781024K/1048056K available (43008K kernel code, 11198K rwdata, 9816K rodata, 5912K init, 2196K bss, 266776K reserved, 0K cma-reserved)
[    0.081840] SLUB: HWalign=64, Order=0-3, MinObjects=0, CPUs=32, Nodes=1
Poking KASLR using RDRAND RDTSC...
[    0.082651] ftrace: allocating 47983 entries in 188 pages
[    0.091592] ftrace: allocated 188 pages with 5 groups
[    0.092864] Dynamic Preempt: voluntary
[    0.093640] rcu: Preemptible hierarchical RCU implementation.
[    0.094183] rcu: RCU event tracing is enabled.
[    0.094609] rcu: RCU restricting CPUs from NR_CPUS=64 to nr_cpu_ids=32.
[    0.095184] Trampoline variant of Tasks RCU enabled.
[    0.095573] Rude variant of Tasks RCU enabled.
[    0.095931] Tracing variant of Tasks RCU enabled.
[    0.096299] rcu: RCU calculated value of scheduler-enlistment delay is 100 jiffies.
[    0.096920] rcu: Adjusting geometry for rcu_fanout_leaf=16, nr_cpu_ids=32
[    0.097638] RCU Tasks: Setting shift to 5 and lim to 1 rcu_task_cb_adjust=1.
[    0.098303] RCU Tasks Rude: Setting shift to 5 and lim to 1 rcu_task_cb_adjust=1.
[    0.099004] RCU Tasks Trace: Setting shift to 5 and lim to 1 rcu_task_cb_adjust=1.
[    0.108346] NR_IRQS: 4352, nr_irqs: 680, preallocated irqs: 16
[    0.109085] rcu: srcu_init: Setting srcu_struct sizes based on contention.
[    0.109834] Console: colour *CGA 80x25
[    0.110167] ACPI: Core revision 20240322
[    0.110629] clocksource: hpet: mask: 0xffffffff max_cycles: 0xffffffff, max_idle_ns: 19112604467 ns
[    0.111400] APIC: Switch to symmetric I/O mode setup
[    0.111797] APIC: Switched APIC routing to: physical flat
[    0.112211] kvm-guest: APIC: send_IPI_mask() replaced with kvm_send_ipi_mask()
[    0.112776] kvm-guest: APIC: send_IPI_mask_allbutself() replaced with kvm_send_ipi_mask_allbutself()
[    0.113488] kvm-guest: setup PV IPIs
[    0.114651] ..TIMER: vector=0x30 apic1=0 pin1=2 apic2=-1 pin2=-1
[    0.115488] tsc: Marking TSC unstable due to TSCs unsynchronized
[    0.116311] Calibrating delay loop (skipped) preset value.. 8983.11 BogoMIPS (lpj=4491556)
[    0.117385] x86/cpu: User Mode Instruction Prevention (UMIP) activated
[    0.118373] Last level iTLB entries: 4KB 512, 2MB 255, 4MB 127
[    0.119171] Last level dTLB entries: 4KB 512, 2MB 255, 4MB 127, 1GB 0
[    0.119316] Spectre V1 : Mitigation: usercopy/swapgs barriers and __user pointer sanitization
[    0.121309] Spectre V2 : Mitigation: Enhanced / Automatic IBRS
[    0.122217] Spectre V2 : Spectre v2 / SpectreRSB mitigation: Filling RSB on context switch
[    0.122313] Spectre V2 : mitigation: Enabling conditional Indirect Branch Prediction Barrier
[    0.123312] Speculative Store Bypass: Mitigation: Speculative Store Bypass disabled via prctl
[    0.124310] Speculative Return Stack Overflow: IBPB-extending microcode not applied!
[    0.125309] Speculative Return Stack Overflow: WARNING: See https://kernel.org/doc/html/latest/admin-guide/hw-vuln/srso.html for mitigation options.
[    0.125311] Speculative Return Stack Overflow: Vulnerable: Safe RET, no microcode
[    0.127330] x86/fpu: Supporting XSAVE feature 0x001: 'x87 floating point registers'
[    0.128309] x86/fpu: Supporting XSAVE feature 0x002: 'SSE registers'
[    0.129310] x86/fpu: Supporting XSAVE feature 0x004: 'AVX registers'
[    0.130309] x86/fpu: Supporting XSAVE feature 0x020: 'AVX-512 opmask'
[    0.131309] x86/fpu: Supporting XSAVE feature 0x040: 'AVX-512 Hi256'
[    0.132309] x86/fpu: Supporting XSAVE feature 0x080: 'AVX-512 ZMM_Hi256'
[    0.133186] x86/fpu: Supporting XSAVE feature 0x200: 'Protection Keys User registers'
[    0.133310] x86/fpu: xstate_offset[2]:  576, xstate_sizes[2]:  256
[    0.134119] x86/fpu: xstate_offset[5]:  832, xstate_sizes[5]:   64
[    0.134309] x86/fpu: xstate_offset[6]:  896, xstate_sizes[6]:  512
[    0.135309] x86/fpu: xstate_offset[7]: 1408, xstate_sizes[7]: 1024
[    0.136309] x86/fpu: xstate_offset[9]: 2432, xstate_sizes[9]:    8
[    0.137309] x86/fpu: Enabled xstate features 0x2e7, context size is 2440 bytes, using 'compacted' format.
[    0.161375] Freeing SMP alternatives memory: 40K
[    0.161989] pid_max: default: 32768 minimum: 301
[    0.162451] Mount-cache hash table entries: 2048 (order: 2, 16384 bytes, linear)
[    0.163312] Mountpoint-cache hash table entries: 2048 (order: 2, 16384 bytes, linear)
[    0.166053] smpboot: CPU0: AMD Ryzen 9 7950X 16-Core Processor (family: 0x19, model: 0x61, stepping: 0x2)
[    0.166811] Performance Events: Fam17h+ core perfctr, AMD PMU driver.
[    0.167315] ... version:                0
[    0.167840] ... bit width:              48
[    0.168311] ... generic registers:      6
[    0.168836] ... value mask:             0000ffffffffffff
[    0.169311] ... max period:             00007fffffffffff
[    0.170023] ... fixed-purpose events:   0
[    0.170311] ... event mask:             000000000000003f
[    0.171144] signal: max sigframe size: 3376
[    0.171363] rcu: Hierarchical SRCU implementation.
[    0.171986] rcu: Max phase no-delay instances is 400.
[    0.176564] smp: Bringing up secondary CPUs ...
[    0.177487] smpboot: x86: Booting SMP configuration:
[    0.178171] .... node  #0, CPUs:        #1  #2  #3  #4  #5  #6  #7  #8  #9 #10 #11 #12 #13 #14 #15 #16 #17 #18 #19 #20 #21 #22 #23 #24 #25 #26 #27 #28 #29 #30 #31
[    0.199463] smp: Brought up 1 node, 32 CPUs
[    0.201013] smpboot: Total of 32 processors activated (287459.58 BogoMIPS)
[    0.208503] devtmpfs: initialized
[    0.209505] x86/mm: Memory block size: 128MB
[    0.218652] clocksource: jiffies: mask: 0xffffffff max_cycles: 0xffffffff, max_idle_ns: 1911260446275000 ns
[    0.219318] futex hash table entries: 8192 (order: 7, 524288 bytes, linear)
[    0.220731] PM: RTC time: 00:27:21, date: 2024-06-19
[    0.222201] NET: Registered PF_NETLINK/PF_ROUTE protocol family
[    0.223455] thermal_sys: Registered thermal governor 'step_wise'
[    0.223458] thermal_sys: Registered thermal governor 'user_space'
[    0.224344] cpuidle: using governor menu
[    0.226763] PCI: Using configuration type 1 for base access
[    0.227311] PCI: Using configuration type 1 for extended access
[    0.228250] kprobes: kprobe jump-optimization is enabled. All kprobes are optimized if possible.
[    0.240469] HugeTLB: registered 1.00 GiB page size, pre-allocated 0 pages
[    0.241312] HugeTLB: 16380 KiB vmemmap can be freed for a 1.00 GiB page
[    0.242179] HugeTLB: registered 2.00 MiB page size, pre-allocated 0 pages
[    0.243311] HugeTLB: 28 KiB vmemmap can be freed for a 2.00 MiB page
[    0.244839] Demotion targets for Node 0: null
[    0.245750] ACPI: Added _OSI(Module Device)
[    0.246312] ACPI: Added _OSI(Processor Device)
[    0.247040] ACPI: Added _OSI(3.0 _SCP Extensions)
[    0.248312] ACPI: Added _OSI(Processor Aggregator Device)
[    0.281926] ACPI: 1 ACPI AML tables successfully acquired and loaded
[    0.285547] ACPI: _OSC evaluation for CPUs failed, trying _PDC
[    0.289422] ACPI: Interpreter enabled
[    0.290114] ACPI: PM: (supports S0 S3 S4 S5)
[    0.291312] ACPI: Using IOAPIC for interrupt routing
[    0.292205] PCI: Using host bridge windows from ACPI; if necessary, use "pci=nocrs" and report a bug
[    0.293312] PCI: Using E820 reservations for host bridge windows
[    0.295807] ACPI: Enabled 2 GPEs in block 00 to 0F
[    0.357716] ACPI: PCI Root Bridge [PCI0] (domain 0000 [bus 00-ff])
[    0.359325] acpi PNP0A03:00: _OSC: OS supports [ExtendedConfig ASPM ClockPM Segments MSI HPX-Type3]
[    0.360825] PCI host bridge to bus 0000:00
[    0.361314] pci_bus 0000:00: root bus resource [io  0x0000-0x0cf7 window]
[    0.362194] pci_bus 0000:00: root bus resource [io  0x0d00-0xffff window]
[    0.363313] pci_bus 0000:00: root bus resource [mem 0x000a0000-0x000bffff window]
[    0.364288] pci_bus 0000:00: root bus resource [mem 0x40000000-0xfebfffff window]
[    0.365313] pci_bus 0000:00: root bus resource [mem 0x100000000-0x17fffffff window]
[    0.366304] pci_bus 0000:00: root bus resource [bus 00-ff]
[    0.366460] pci 0000:00:00.0: [8086:1237] type 00 class 0x060000 conventional PCI endpoint
[    0.369186] pci 0000:00:01.0: [8086:7000] type 00 class 0x060100 conventional PCI endpoint
[    0.370226] pci 0000:00:01.1: [8086:7010] type 00 class 0x010180 conventional PCI endpoint
[    0.373789] pci 0000:00:01.1: BAR 4 [io  0xc0c0-0xc0cf]
[    0.376278] pci 0000:00:01.1: BAR 0 [io  0x01f0-0x01f7]: legacy IDE quirk
[    0.377312] pci 0000:00:01.1: BAR 1 [io  0x03f6]: legacy IDE quirk
[    0.378102] pci 0000:00:01.1: BAR 2 [io  0x0170-0x0177]: legacy IDE quirk
[    0.378311] pci 0000:00:01.1: BAR 3 [io  0x0376]: legacy IDE quirk
[    0.379808] pci 0000:00:01.3: [8086:7113] type 00 class 0x068000 conventional PCI endpoint
[    0.381578] pci 0000:00:01.3: quirk: [io  0x0600-0x063f] claimed by PIIX4 ACPI
[    0.383315] pci 0000:00:01.3: quirk: [io  0x0700-0x070f] claimed by PIIX4 SMB
[    0.384991] pci 0000:00:02.0: [1af4:1009] type 00 class 0x000200 conventional PCI endpoint
[    0.387311] pci 0000:00:02.0: BAR 0 [io  0xc000-0xc03f]
[    0.388975] pci 0000:00:02.0: BAR 1 [mem 0xfebfc000-0xfebfcfff]
[    0.394845] pci 0000:00:02.0: BAR 4 [mem 0xfebf0000-0xfebf3fff 64bit pref]
[    0.407946] pci 0000:00:03.0: [1af4:1009] type 00 class 0x000200 conventional PCI endpoint
[    0.410311] pci 0000:00:03.0: BAR 0 [io  0xc040-0xc07f]
[    0.412990] pci 0000:00:03.0: BAR 1 [mem 0xfebfd000-0xfebfdfff]
[    0.417980] pci 0000:00:03.0: BAR 4 [mem 0xfebf4000-0xfebf7fff 64bit pref]
[    0.432343] pci 0000:00:04.0: [8086:25ab] type 00 class 0x088000 conventional PCI endpoint
[    0.433678] pci 0000:00:04.0: BAR 0 [mem 0xfebfe000-0xfebfe00f]
[    0.448238] pci 0000:00:05.0: [1af4:1003] type 00 class 0x078000 conventional PCI endpoint
[    0.451311] pci 0000:00:05.0: BAR 0 [io  0xc080-0xc0bf]
[    0.452986] pci 0000:00:05.0: BAR 1 [mem 0xfebff000-0xfebfffff]
[    0.458848] pci 0000:00:05.0: BAR 4 [mem 0xfebf8000-0xfebfbfff 64bit pref]
[    0.474437] ACPI: PCI: Interrupt link LNKA configured for IRQ 10
[    0.476196] ACPI: PCI: Interrupt link LNKB configured for IRQ 10
[    0.478246] ACPI: PCI: Interrupt link LNKC configured for IRQ 11
[    0.480262] ACPI: PCI: Interrupt link LNKD configured for IRQ 11
[    0.480701] ACPI: PCI: Interrupt link LNKS configured for IRQ 9
[    0.499906] iommu: Default domain type: Translated
[    0.501312] iommu: DMA domain TLB invalidation policy: lazy mode
[    0.502549] SCSI subsystem initialized
[    0.503406] pps_core: LinuxPPS API ver. 1 registered
[    0.504049] pps_core: Software ver. 5.3.6 - Copyright 2005-2007 Rodolfo Giometti <giometti@linux.it>
[    0.505325] PTP clock support registered
[    0.505915] Advanced Linux Sound Architecture Driver Initialized.
[    0.507471] NET: Registered PF_ATMPVC protocol family
[    0.508130] NET: Registered PF_ATMSVC protocol family
[    0.509335] PCI: Using ACPI for IRQ routing
[    0.510350] vgaarb: loaded
[    0.510433] hpet0: at MMIO 0xfed00000, IRQs 2, 8, 0
[    0.511076] hpet0: 3 comparators, 64-bit 100.000000 MHz counter
[    0.516812] clocksource: Switched to clocksource kvm-clock
[    0.517857] VFS: Disk quotas dquot_6.6.0
[    0.518602] VFS: Dquot-cache hash table entries: 512 (order 0, 4096 bytes)
[    0.520317] pnp: PnP ACPI init
[    0.523171] pnp: PnP ACPI: found 5 devices
[    0.535699] clocksource: acpi_pm: mask: 0xffffff max_cycles: 0xffffff, max_idle_ns: 2085701024 ns
[    0.536898] NET: Registered PF_INET protocol family
[    0.537566] IP idents hash table entries: 16384 (order: 5, 131072 bytes, linear)
[    0.538920] tcp_listen_portaddr_hash hash table entries: 512 (order: 1, 8192 bytes, linear)
[    0.539996] Table-perturb hash table entries: 65536 (order: 6, 262144 bytes, linear)
[    0.541010] TCP established hash table entries: 8192 (order: 4, 65536 bytes, linear)
[    0.542086] TCP bind hash table entries: 8192 (order: 6, 262144 bytes, linear)
[    0.543026] TCP: Hash tables configured (established 8192 bind 8192)
[    0.543999] UDP hash table entries: 512 (order: 2, 16384 bytes, linear)
[    0.544891] UDP-Lite hash table entries: 512 (order: 2, 16384 bytes, linear)
[    0.546010] NET: Registered PF_UNIX/PF_LOCAL protocol family
[    0.546758] pci_bus 0000:00: resource 4 [io  0x0000-0x0cf7 window]
[    0.547545] pci_bus 0000:00: resource 5 [io  0x0d00-0xffff window]
[    0.548342] pci_bus 0000:00: resource 6 [mem 0x000a0000-0x000bffff window]
[    0.549222] pci_bus 0000:00: resource 7 [mem 0x40000000-0xfebfffff window]
[    0.550104] pci_bus 0000:00: resource 8 [mem 0x100000000-0x17fffffff window]
[    0.551213] pci 0000:00:01.0: PIIX3: Enabling Passive Release
[    0.551956] pci 0000:00:00.0: Limiting direct PCI/PCI transfers
[    0.552766] PCI: CLS 0 bytes, default 64
[    0.553349] kvm_intel: VMX not supported by CPU 14
[    0.554001] kvm_amd: TSC scaling supported
[    0.554529] kvm_amd: Nested Virtualization enabled
[    0.555147] kvm_amd: Nested Paging enabled
[    0.555670] kvm_amd: LBR virtualization supported
[    0.556439] kvm_amd: Virtual VMLOAD VMSAVE supported
[    0.557091] kvm_amd: Virtual GIF supported
[    0.557619] kvm_amd: Virtual NMI enabled
[    0.663755] Initialise system trusted keyrings
[    0.664528] workingset: timestamp_bits=56 max_order=18 bucket_order=0
[    0.665522] squashfs: version 4.0 (2009/01/31) Phillip Lougher
[    0.666331] fuse: init (API version 7.40)
[    0.667013] 9p: Installing v9fs 9p2000 file system support
[    0.677563] Key type asymmetric registered
[    0.678110] Asymmetric key parser 'x509' registered
[    0.678813] Block layer SCSI generic (bsg) driver version 0.4 loaded (major 249)
[    0.679809] io scheduler mq-deadline registered
[    0.680401] io scheduler kyber registered
[    0.682486] input: Power Button as /devices/LNXSYSTM:00/LNXPWRBN:00/input/input0
[    0.683731] ACPI: button: Power Button [PWRF]
[    0.684421] Warning: Processor Platform Limit event detected, but not handled.
[    0.685383] Consider compiling CPUfreq support into your kernel.
[    1.560777] ACPI: \_SB_.LNKB: Enabled at IRQ 10
[    2.484726] ACPI: \_SB_.LNKC: Enabled at IRQ 11
[    3.408072] ACPI: \_SB_.LNKA: Enabled at IRQ 10
[    3.409743] Serial: 8250/16550 driver, 4 ports, IRQ sharing enabled
[    3.410950] 00:03: ttyS0 at I/O 0x3f8 (irq = 4, base_baud = 115200) is a 16550A
[    3.441534] Non-volatile memory driver v1.3
[    3.442277] Linux agpgart interface v0.103
[    3.443002] printk: legacy console [hvc0] enabled
[    3.443236] ACPI: bus type drm_connector registered
          _      _                                    
   __   _(_)_ __| |_ _ __ ___   ___       _ __   __ _ 
   \ \ / / |  __| __|  _   _ \ / _ \_____|  _ \ / _  |
    \ V /| | |  | |_| | | | | |  __/_____| | | | (_| |
     \_/ |_|_|   \__|_| |_| |_|\___|     |_| |_|\__  |
                                                |___/ 
   kernel version: 6.10.0-rc3-virtme x86_64
   (CTRL+d to exit)

virtme-ng:/nipa-data/kernel# PS1='xx__-> '
xx__-> env
PWD=/nipa-data/kernel
nr_open=1048576
HOME=/root
TERM=xterm
SHLVL=2
XDG_RUNTIME_DIR=/run/user/0
PATH=/bin:/sbin:/usr/bin:/usr/sbin:/usr/local/bin
OLDPWD=/
_=/usr/bin/env
xx__-> 