No EFI environment detected.
early console in extract_kernel
input_data: 0x0000000002be12c4
input_len: 0x0000000000b8f4cc
output: 0x0000000001000000
output_len: 0x0000000002728758
kernel_total_size: 0x0000000002430000
needed_size: 0x0000000002800000
trampoline_32bit: 0x0000000000000000
Physical KASLR using RDRAND RDTSC...
Virtual KASLR using RDRAND RDTSC...

Decompressing Linux... Parsing ELF... Performing relocations... done.
Booting the kernel (entry_offset: 0x0000000000000000).
[    0.000000] Linux version 6.13.0-virtme (root@c3f20ae782e8) (gcc (Ubuntu 13.3.0-6ubuntu2~24.04) 13.3.0, GNU ld (GNU Binutils for Ubuntu) 2.42) #1 SMP PREEMPT_DYNAMIC Sun Jan 26 09:07:26 UTC 2025
[    0.000000] Command line: virtme_hostname=virtme-ng nr_open=1048576 virtme_link_mods=/nipa-data/kernel/.virtme_mods/lib/modules/0.0.0 virtme_initmount0=nipa-data/kernel virtme_rw_overlay0=/etc virtme_rw_overlay1=/lib virtme_rw_overlay2=/home virtme_rw_overlay3=/opt virtme_rw_overlay4=/srv virtme_rw_overlay5=/usr virtme_rw_overlay6=/var console=hvc0 earlyprintk=serial,ttyS0,115200 virtme_console=ttyS0 psmouse.proto=exps TERM=xterm virtme_chdir=nipa-data/kernel virtme_root_user=1 rootfstype=9p rootflags=version=9p2000.L,trans=virtio,access=any raid=noautodetect ro init=/usr/lib/python3/dist-packages/virtme/guest/virtme-init
[    0.000000] BIOS-provided physical RAM map:
[    0.000000] BIOS-e820: [mem 0x0000000000000000-0x000000000009fbff] usable
[    0.000000] BIOS-e820: [mem 0x000000000009fc00-0x000000000009ffff] reserved
[    0.000000] BIOS-e820: [mem 0x00000000000f0000-0x00000000000fffff] reserved
[    0.000000] BIOS-e820: [mem 0x0000000000100000-0x000000003ffdffff] usable
[    0.000000] BIOS-e820: [mem 0x000000003ffe0000-0x000000003fffffff] reserved
[    0.000000] BIOS-e820: [mem 0x00000000feffc000-0x00000000feffffff] reserved
[    0.000000] BIOS-e820: [mem 0x00000000fffc0000-0x00000000ffffffff] reserved
[    0.000000] BIOS-e820: [mem 0x000000fd00000000-0x000000ffffffffff] reserved
[    0.000000] printk: legacy bootconsole [earlyser0] enabled
[    0.000000] NX (Execute Disable) protection: active
[    0.000000] APIC: Static calls initialized
[    0.000000] SMBIOS 3.0.0 present.
[    0.000000] DMI: QEMU Ubuntu 24.04 PC (i440FX + PIIX, 1996), BIOS 1.16.3-debian-1.16.3-2 04/01/2014
[    0.000000] DMI: Memory slots populated: 1/1
[    0.000000] Hypervisor detected: KVM
[    0.000000] kvm-clock: Using msrs 4b564d01 and 4b564d00
[    0.000000] kvm-clock: using sched offset of 200319280 cycles
[    0.000370] clocksource: kvm-clock: mask: 0xffffffffffffffff max_cycles: 0x1cd42e4dffb, max_idle_ns: 881590591483 ns
[    0.001521] tsc: Detected 4491.556 MHz processor
[    0.002101] last_pfn = 0x3ffe0 max_arch_pfn = 0x400000000
[    0.002509] MTRR map: 4 entries (3 fixed + 1 variable; max 19), built from 8 variable MTRRs
[    0.003101] x86/PAT: Configuration [0-7]: WB  WC  UC- UC  WB  WP  UC- WT  
Memory KASLR using RDRAND RDTSC...
[    0.005077] found SMP MP-table at [mem 0x000f5470-0x000f547f]
[    0.005487] Using GB pages for direct mapping
[    0.005861] ACPI: Early table checksum verification disabled
[    0.006265] ACPI: RSDP 0x00000000000F5290 000014 (v00 BOCHS )
[    0.006673] ACPI: RSDT 0x000000003FFE27BC 000034 (v01 BOCHS  BXPC     00000001 BXPC 00000001)
[    0.007280] ACPI: FACP 0x000000003FFE2578 000074 (v01 BOCHS  BXPC     00000001 BXPC 00000001)
[    0.007885] ACPI: DSDT 0x000000003FFE0040 002538 (v01 BOCHS  BXPC     00000001 BXPC 00000001)
[    0.008490] ACPI: FACS 0x000000003FFE0000 000040
[    0.008817] ACPI: APIC 0x000000003FFE25EC 000170 (v03 BOCHS  BXPC     00000001 BXPC 00000001)
[    0.009422] ACPI: HPET 0x000000003FFE275C 000038 (v01 BOCHS  BXPC     00000001 BXPC 00000001)
[    0.010027] ACPI: WAET 0x000000003FFE2794 000028 (v01 BOCHS  BXPC     00000001 BXPC 00000001)
[    0.010632] ACPI: Reserving FACP table memory at [mem 0x3ffe2578-0x3ffe25eb]
[    0.011132] ACPI: Reserving DSDT table memory at [mem 0x3ffe0040-0x3ffe2577]
[    0.011643] ACPI: Reserving FACS table memory at [mem 0x3ffe0000-0x3ffe003f]
[    0.012140] ACPI: Reserving APIC table memory at [mem 0x3ffe25ec-0x3ffe275b]
[    0.012638] ACPI: Reserving HPET table memory at [mem 0x3ffe275c-0x3ffe2793]
[    0.013136] ACPI: Reserving WAET table memory at [mem 0x3ffe2794-0x3ffe27bb]
[    0.013771] No NUMA configuration found
[    0.014043] Faking a node at [mem 0x0000000000000000-0x000000003ffdffff]
[    0.014520] NODE_DATA(0) allocated [mem 0x3ffdb780-0x3ffdffff]
[    0.014941] Zone ranges:
[    0.015120]   DMA      [mem 0x0000000000001000-0x0000000000ffffff]
[    0.015558]   DMA32    [mem 0x0000000001000000-0x000000003ffdffff]
[    0.015996]   Normal   empty
[    0.016200]   Device   empty
[    0.016404] Movable zone start for each node
[    0.016706] Early memory node ranges
[    0.016959]   node   0: [mem 0x0000000000001000-0x000000000009efff]
[    0.017402]   node   0: [mem 0x0000000000100000-0x000000003ffdffff]
[    0.017846] Initmem setup node 0 [mem 0x0000000000001000-0x000000003ffdffff]
[    0.018349] On node 0, zone DMA: 1 pages in unavailable ranges
[    0.018772] On node 0, zone DMA: 97 pages in unavailable ranges
[    0.020155] On node 0, zone DMA32: 32 pages in unavailable ranges
[    0.020781] ACPI: PM-Timer IO Port: 0x608
[    0.021069] ACPI: LAPIC_NMI (acpi_id[0xff] dfl dfl lint[0x1])
[    0.021491] IOAPIC[0]: apic_id 0, version 17, address 0xfec00000, GSI 0-23
[    0.021978] ACPI: INT_SRC_OVR (bus 0 bus_irq 0 global_irq 2 dfl dfl)
[    0.022431] ACPI: INT_SRC_OVR (bus 0 bus_irq 5 global_irq 5 high level)
[    0.022900] ACPI: INT_SRC_OVR (bus 0 bus_irq 9 global_irq 9 high level)
[    0.023368] ACPI: INT_SRC_OVR (bus 0 bus_irq 10 global_irq 10 high level)
[    0.023850] ACPI: INT_SRC_OVR (bus 0 bus_irq 11 global_irq 11 high level)
[    0.024328] ACPI: Using ACPI (MADT) for SMP configuration information
[    0.024790] ACPI: HPET id: 0x8086a201 base: 0xfed00000
[    0.025155] TSC deadline timer available
[    0.025434] CPU topo: Max. logical packages:   1
[    0.025761] CPU topo: Max. logical dies:       1
[    0.026087] CPU topo: Max. dies per package:   1
[    0.026418] CPU topo: Max. threads per core:   1
[    0.026747] CPU topo: Num. cores per package:    32
[    0.027090] CPU topo: Num. threads per package:  32
[    0.027434] CPU topo: Allowing 32 present CPUs plus 0 hotplug CPUs
[    0.027876] kvm-guest: APIC: eoi() replaced with kvm_guest_apic_eoi_write()
[    0.028374] kvm-guest: KVM setup pv remote TLB flush
[    0.028731] kvm-guest: setup PV sched yield
[    0.029030] PM: hibernation: Registered nosave memory: [mem 0x00000000-0x00000fff]
[    0.029570] PM: hibernation: Registered nosave memory: [mem 0x0009f000-0x0009ffff]
[    0.030104] PM: hibernation: Registered nosave memory: [mem 0x000a0000-0x000effff]
[    0.030639] PM: hibernation: Registered nosave memory: [mem 0x000f0000-0x000fffff]
[    0.031173] [mem 0x40000000-0xfeffbfff] available for PCI devices
[    0.031602] Booting paravirtualized kernel on KVM
[    0.031933] clocksource: refined-jiffies: mask: 0xffffffff max_cycles: 0xffffffff, max_idle_ns: 1910969940391419 ns
[    0.035452] setup_percpu: NR_CPUS:64 nr_cpumask_bits:32 nr_cpu_ids:32 nr_node_ids:1
[    0.036595] percpu: Embedded 58 pages/cpu s198232 r8192 d31144 u262144
[    0.037087] Kernel command line: virtme_hostname=virtme-ng nr_open=1048576 virtme_link_mods=/nipa-data/kernel/.virtme_mods/lib/modules/0.0.0 virtme_initmount0=nipa-data/kernel virtme_rw_overlay0=/etc virtme_rw_overlay1=/lib virtme_rw_overlay2=/home virtme_rw_overlay3=/opt virtme_rw_overlay4=/srv virtme_rw_overlay5=/usr virtme_rw_overlay6=/var console=hvc0 earlyprintk=serial,ttyS0,115200 virtme_console=ttyS0 psmouse.proto=exps TERM=xterm virtme_chdir=nipa-data/kernel virtme_root_user=1 rootfstype=9p rootflags=version=9p2000.L,trans=virtio,access=any raid=noautodetect ro init=/usr/lib/python3/dist-packages/virtme/guest/virtme-init
[    0.041186] Unknown kernel command line parameters "virtme_hostname=virtme-ng nr_open=1048576 virtme_link_mods=/nipa-data/kernel/.virtme_mods/lib/modules/0.0.0 virtme_initmount0=nipa-data/kernel virtme_rw_overlay0=/etc virtme_rw_overlay1=/lib virtme_rw_overlay2=/home virtme_rw_overlay3=/opt virtme_rw_overlay4=/srv virtme_rw_overlay5=/usr virtme_rw_overlay6=/var virtme_console=ttyS0 virtme_chdir=nipa-data/kernel virtme_root_user=1", will be passed to user space.
[    0.044331] random: crng init done
[    0.044577] printk: log buffer data + meta data: 262144 + 917504 = 1179648 bytes
[    0.045139] Dentry cache hash table entries: 131072 (order: 8, 1048576 bytes, linear)
[    0.045726] Inode-cache hash table entries: 65536 (order: 7, 524288 bytes, linear)
[    0.046363] Fallback order for Node 0: 0 
[    0.046365] Built 1 zonelists, mobility grouping on.  Total pages: 262014
[    0.047151] Policy zone: DMA32
[    0.047372] mem auto-init: stack:all(zero), heap alloc:off, heap free:off
[    0.048443] SLUB: HWalign=64, Order=0-3, MinObjects=0, CPUs=32, Nodes=1
Poking KASLR using RDRAND RDTSC...
[    0.049167] ftrace: allocating 48792 entries in 191 pages
[    0.061243] ftrace: allocated 191 pages with 7 groups
[    0.062169] Dynamic Preempt: voluntary
[    0.062565] rcu: Preemptible hierarchical RCU implementation.
[    0.062981] rcu: RCU event tracing is enabled.
[    0.063310] rcu: RCU restricting CPUs from NR_CPUS=64 to nr_cpu_ids=32.
[    0.063794] Trampoline variant of Tasks RCU enabled.
[    0.064158] Rude variant of Tasks RCU enabled.
[    0.064484] Tracing variant of Tasks RCU enabled.
[    0.064834] rcu: RCU calculated value of scheduler-enlistment delay is 100 jiffies.
[    0.065388] rcu: Adjusting geometry for rcu_fanout_leaf=16, nr_cpu_ids=32
[    0.065884] RCU Tasks: Setting shift to 5 and lim to 1 rcu_task_cb_adjust=1 rcu_task_cpu_ids=32.
[    0.066526] RCU Tasks Rude: Setting shift to 5 and lim to 1 rcu_task_cb_adjust=1 rcu_task_cpu_ids=32.
[    0.067194] RCU Tasks Trace: Setting shift to 5 and lim to 1 rcu_task_cb_adjust=1 rcu_task_cpu_ids=32.
[    0.069621] NR_IRQS: 4352, nr_irqs: 680, preallocated irqs: 16
[    0.070210] rcu: srcu_init: Setting srcu_struct sizes based on contention.
[    0.070843] Console: colour *CGA 80x25
[    0.071120] ACPI: Core revision 20240827
[    0.071471] clocksource: hpet: mask: 0xffffffff max_cycles: 0xffffffff, max_idle_ns: 19112604467 ns
[    0.072183] APIC: Switch to symmetric I/O mode setup
[    0.072565] kvm-guest: APIC: send_IPI_mask() replaced with kvm_send_ipi_mask()
[    0.073085] kvm-guest: APIC: send_IPI_mask_allbutself() replaced with kvm_send_ipi_mask_allbutself()
[    0.073719] kvm-guest: setup PV IPIs
[    0.074732] ..TIMER: vector=0x30 apic1=0 pin1=2 apic2=-1 pin2=-1
[    0.075517] clocksource: tsc-early: mask: 0xffffffffffffffff max_cycles: 0x40be400eb43, max_idle_ns: 440795366972 ns
[    0.076853] Calibrating delay loop (skipped) preset value.. 8983.11 BogoMIPS (lpj=4491556)
[    0.077913] x86/cpu: User Mode Instruction Prevention (UMIP) activated
[    0.078901] Last level iTLB entries: 4KB 512, 2MB 255, 4MB 127
[    0.079852] Last level dTLB entries: 4KB 512, 2MB 255, 4MB 127, 1GB 0
[    0.080856] Spectre V1 : Mitigation: usercopy/swapgs barriers and __user pointer sanitization
[    0.081855] Spectre V2 : Mitigation: Enhanced / Automatic IBRS
[    0.082852] Spectre V2 : Spectre v2 / SpectreRSB mitigation: Filling RSB on context switch
[    0.083853] Spectre V2 : mitigation: Enabling conditional Indirect Branch Prediction Barrier
[    0.084853] Speculative Store Bypass: Mitigation: Speculative Store Bypass disabled via prctl
[    0.085852] Speculative Return Stack Overflow: IBPB-extending microcode not applied!
[    0.086852] Speculative Return Stack Overflow: WARNING: See https://kernel.org/doc/html/latest/admin-guide/hw-vuln/srso.html for mitigation options.
[    0.086852] Speculative Return Stack Overflow: Vulnerable: Safe RET, no microcode
[    0.088867] x86/fpu: Supporting XSAVE feature 0x001: 'x87 floating point registers'
[    0.089852] x86/fpu: Supporting XSAVE feature 0x002: 'SSE registers'
[    0.090852] x86/fpu: Supporting XSAVE feature 0x004: 'AVX registers'
[    0.091852] x86/fpu: Supporting XSAVE feature 0x020: 'AVX-512 opmask'
[    0.092852] x86/fpu: Supporting XSAVE feature 0x040: 'AVX-512 Hi256'
[    0.093852] x86/fpu: Supporting XSAVE feature 0x080: 'AVX-512 ZMM_Hi256'
[    0.094670] x86/fpu: Supporting XSAVE feature 0x200: 'Protection Keys User registers'
[    0.094852] x86/fpu: xstate_offset[2]:  576, xstate_sizes[2]:  256
[    0.095852] x86/fpu: xstate_offset[5]:  832, xstate_sizes[5]:   64
[    0.096852] x86/fpu: xstate_offset[6]:  896, xstate_sizes[6]:  512
[    0.097852] x86/fpu: xstate_offset[7]: 1408, xstate_sizes[7]: 1024
[    0.098613] x86/fpu: xstate_offset[9]: 2432, xstate_sizes[9]:    8
[    0.098852] x86/fpu: Enabled xstate features 0x2e7, context size is 2440 bytes, using 'compacted' format.
[    0.114806] Freeing SMP alternatives memory: 40K
[    0.114853] pid_max: default: 32768 minimum: 301
[    0.115872] Mount-cache hash table entries: 2048 (order: 2, 16384 bytes, linear)
[    0.116853] Mountpoint-cache hash table entries: 2048 (order: 2, 16384 bytes, linear)
[    0.117990] smpboot: CPU0: AMD Ryzen 9 7950X 16-Core Processor (family: 0x19, model: 0x61, stepping: 0x2)
[    0.118968] Performance Events: Fam17h+ core perfctr, AMD PMU driver.
[    0.119781] ... version:                0
[    0.119854] ... bit width:              48
[    0.120355] ... generic registers:      6
[    0.120845] ... value mask:             0000ffffffffffff
[    0.120854] ... max period:             00007fffffffffff
[    0.121513] ... fixed-purpose events:   0
[    0.121854] ... event mask:             000000000000003f
[    0.122579] signal: max sigframe size: 3376
[    0.122869] rcu: Hierarchical SRCU implementation.
[    0.123458] rcu: Max phase no-delay instances is 400.
[    0.123875] Timer migration: 2 hierarchy levels; 8 children per group; 2 crossnode level
[    0.126914] smp: Bringing up secondary CPUs ...
[    0.127526] smpboot: x86: Booting SMP configuration:
[    0.127855] .... node  #0, CPUs:        #1  #2  #3  #4  #5  #6  #7  #8  #9 #10 #11 #12 #13 #14 #15 #16 #17 #18 #19 #20 #21 #22 #23 #24 #25 #26 #27 #28 #29 #30 #31
[    0.139951] smp: Brought up 1 node, 32 CPUs
[    0.141374] smpboot: Total of 32 processors activated (287459.58 BogoMIPS)
[    0.143873] Memory: 970440K/1048056K available (16384K kernel code, 2473K rwdata, 6360K rodata, 3188K init, 1756K bss, 63184K reserved, 0K cma-reserved)
[    0.144968] devtmpfs: initialized
[    0.145292] x86/mm: Memory block size: 128MB
[    0.146506] clocksource: jiffies: mask: 0xffffffff max_cycles: 0xffffffff, max_idle_ns: 1911260446275000 ns
[    0.146855] futex hash table entries: 8192 (order: 7, 524288 bytes, linear)
[    0.147789] PM: RTC time: 09:07:43, date: 2025-01-26
[    0.148186] NET: Registered PF_NETLINK/PF_ROUTE protocol family
[    0.148969] thermal_sys: Registered thermal governor 'step_wise'
[    0.148971] thermal_sys: Registered thermal governor 'user_space'
[    0.149735] cpuidle: using governor menu
[    0.151044] PCI: Using configuration type 1 for base access
[    0.151854] PCI: Using configuration type 1 for extended access
[    0.152651] kprobes: kprobe jump-optimization is enabled. All kprobes are optimized if possible.
[    0.168082] HugeTLB: registered 1.00 GiB page size, pre-allocated 0 pages
[    0.168854] HugeTLB: 16380 KiB vmemmap can be freed for a 1.00 GiB page
[    0.169676] HugeTLB: registered 2.00 MiB page size, pre-allocated 0 pages
[    0.169854] HugeTLB: 28 KiB vmemmap can be freed for a 2.00 MiB page
[    0.170706] ACPI: Added _OSI(Module Device)
[    0.170854] ACPI: Added _OSI(Processor Device)
[    0.171402] ACPI: Added _OSI(3.0 _SCP Extensions)
[    0.171854] ACPI: Added _OSI(Processor Aggregator Device)
[    0.173190] ACPI: 1 ACPI AML tables successfully acquired and loaded
[    0.174240] ACPI: Interpreter enabled
[    0.174862] ACPI: PM: (supports S0 S3 S4 S5)
[    0.175398] ACPI: Using IOAPIC for interrupt routing
[    0.175860] PCI: Using host bridge windows from ACPI; if necessary, use "pci=nocrs" and report a bug
[    0.176854] PCI: Using E820 reservations for host bridge windows
[    0.177682] ACPI: Enabled 2 GPEs in block 00 to 0F
[    0.180304] ACPI: PCI Root Bridge [PCI0] (domain 0000 [bus 00-ff])
[    0.180856] acpi PNP0A03:00: _OSC: OS supports [ExtendedConfig ASPM ClockPM Segments MSI HPX-Type3]
[    0.181939] PCI host bridge to bus 0000:00
[    0.182452] pci_bus 0000:00: root bus resource [io  0x0000-0x0cf7 window]
[    0.182854] pci_bus 0000:00: root bus resource [io  0x0d00-0xffff window]
[    0.183692] pci_bus 0000:00: root bus resource [mem 0x000a0000-0x000bffff window]
[    0.183854] pci_bus 0000:00: root bus resource [mem 0x40000000-0xfebfffff window]
[    0.184785] pci_bus 0000:00: root bus resource [mem 0x100000000-0x17fffffff window]
[    0.184854] pci_bus 0000:00: root bus resource [bus 00-ff]
[    0.185614] pci 0000:00:00.0: [8086:1237] type 00 class 0x060000 conventional PCI endpoint
[    0.186093] pci 0000:00:01.0: [8086:7000] type 00 class 0x060100 conventional PCI endpoint
[    0.187159] pci 0000:00:01.1: [8086:7010] type 00 class 0x010180 conventional PCI endpoint
[    0.189143] pci 0000:00:01.1: BAR 4 [io  0xc0c0-0xc0cf]
[    0.190092] pci 0000:00:01.1: BAR 0 [io  0x01f0-0x01f7]: legacy IDE quirk
[    0.190854] pci 0000:00:01.1: BAR 1 [io  0x03f6]: legacy IDE quirk
[    0.191624] pci 0000:00:01.1: BAR 2 [io  0x0170-0x0177]: legacy IDE quirk
[    0.191854] pci 0000:00:01.1: BAR 3 [io  0x0376]: legacy IDE quirk
[    0.192703] pci 0000:00:01.3: [8086:7113] type 00 class 0x068000 conventional PCI endpoint
[    0.193087] pci 0000:00:01.3: quirk: [io  0x0600-0x063f] claimed by PIIX4 ACPI
[    0.193858] pci 0000:00:01.3: quirk: [io  0x0700-0x070f] claimed by PIIX4 SMB
[    0.194899] pci 0000:00:02.0: [1af4:1009] type 00 class 0x000200 conventional PCI endpoint
[    0.196209] pci 0000:00:02.0: BAR 0 [io  0xc000-0xc03f]
[    0.197584] pci 0000:00:02.0: BAR 1 [mem 0xfebfc000-0xfebfcfff]
[    0.198854] pci 0000:00:02.0: BAR 4 [mem 0xfebf0000-0xfebf3fff 64bit pref]
[    0.200942] pci 0000:00:03.0: [1af4:1009] type 00 class 0x000200 conventional PCI endpoint
[    0.202854] pci 0000:00:03.0: BAR 0 [io  0xc040-0xc07f]
[    0.204380] pci 0000:00:03.0: BAR 1 [mem 0xfebfd000-0xfebfdfff]
[    0.206854] pci 0000:00:03.0: BAR 4 [mem 0xfebf4000-0xfebf7fff 64bit pref]
[    0.208366] pci 0000:00:04.0: [8086:25ab] type 00 class 0x088000 conventional PCI endpoint
[    0.209005] pci 0000:00:04.0: BAR 0 [mem 0xfebfe000-0xfebfe00f]
[    0.210933] pci 0000:00:05.0: [1af4:1003] type 00 class 0x078000 conventional PCI endpoint
[    0.212316] pci 0000:00:05.0: BAR 0 [io  0xc080-0xc0bf]
[    0.213258] pci 0000:00:05.0: BAR 1 [mem 0xfebff000-0xfebfffff]
[    0.215773] pci 0000:00:05.0: BAR 4 [mem 0xfebf8000-0xfebfbfff 64bit pref]
[    0.216794] ACPI: PCI: Interrupt link LNKA configured for IRQ 10
[    0.216959] ACPI: PCI: Interrupt link LNKB configured for IRQ 10
[    0.217792] ACPI: PCI: Interrupt link LNKC configured for IRQ 11
[    0.217946] ACPI: PCI: Interrupt link LNKD configured for IRQ 11
[    0.218761] ACPI: PCI: Interrupt link LNKS configured for IRQ 9
[    0.219663] iommu: Default domain type: Translated
[    0.219854] iommu: DMA domain TLB invalidation policy: lazy mode
[    0.220648] SCSI subsystem initialized
[    0.220883] pps_core: LinuxPPS API ver. 1 registered
[    0.221496] pps_core: Software ver. 5.3.6 - Copyright 2005-2007 Rodolfo Giometti <giometti@linux.it>
[    0.221856] PTP clock support registered
[    0.222368] Advanced Linux Sound Architecture Driver Initialized.
[    0.223122] NET: Registered PF_ATMPVC protocol family
[    0.223752] NET: Registered PF_ATMSVC protocol family
[    0.223859] PCI: Using ACPI for IRQ routing
[    0.224460] vgaarb: loaded
[    0.224886] hpet0: at MMIO 0xfed00000, IRQs 2, 8, 0
[    0.225494] hpet0: 3 comparators, 64-bit 100.000000 MHz counter
[    0.231998] clocksource: Switched to clocksource kvm-clock
[    0.232794] VFS: Disk quotas dquot_6.6.0
[    0.233181] VFS: Dquot-cache hash table entries: 512 (order 0, 4096 bytes)
[    0.234077] pnp: PnP ACPI init
[    0.234633] pnp: PnP ACPI: found 5 devices
[    0.241300] clocksource: acpi_pm: mask: 0xffffff max_cycles: 0xffffff, max_idle_ns: 2085701024 ns
[    0.242410] NET: Registered PF_INET protocol family
[    0.243037] IP idents hash table entries: 16384 (order: 5, 131072 bytes, linear)
[    0.244101] tcp_listen_portaddr_hash hash table entries: 512 (order: 1, 8192 bytes, linear)
[    0.245144] Table-perturb hash table entries: 65536 (order: 6, 262144 bytes, linear)
[    0.246108] TCP established hash table entries: 8192 (order: 4, 65536 bytes, linear)
[    0.247080] TCP bind hash table entries: 8192 (order: 6, 262144 bytes, linear)
[    0.248087] TCP: Hash tables configured (established 8192 bind 8192)
[    0.248911] UDP hash table entries: 512 (order: 3, 32768 bytes, linear)
[    0.249739] UDP-Lite hash table entries: 512 (order: 3, 32768 bytes, linear)
[    0.250647] NET: Registered PF_UNIX/PF_LOCAL protocol family
[    0.251358] pci_bus 0000:00: resource 4 [io  0x0000-0x0cf7 window]
[    0.252126] pci_bus 0000:00: resource 5 [io  0x0d00-0xffff window]
[    0.252894] pci_bus 0000:00: resource 6 [mem 0x000a0000-0x000bffff window]
[    0.253753] pci_bus 0000:00: resource 7 [mem 0x40000000-0xfebfffff window]
[    0.254603] pci_bus 0000:00: resource 8 [mem 0x100000000-0x17fffffff window]
[    0.255494] pci 0000:00:01.0: PIIX3: Enabling Passive Release
[    0.256218] pci 0000:00:00.0: Limiting direct PCI/PCI transfers
[    0.256984] PCI: CLS 0 bytes, default 64
[    0.257525] kvm_intel: VMX not supported by CPU 0
[    0.258115] kvm_amd: TSC scaling supported
[    0.258626] kvm_amd: Nested Virtualization enabled
[    0.259226] kvm_amd: Nested Paging enabled
[    0.259732] kvm_amd: LBR virtualization supported
[    0.260558] kvm_amd: Virtual GIF supported
[    0.261061] kvm_amd: Virtual NMI enabled
[    0.289452] clocksource: tsc: mask: 0xffffffffffffffff max_cycles: 0x40be400eb43, max_idle_ns: 440795366972 ns
[    0.297190] Initialise system trusted keyrings
[    0.297821] workingset: timestamp_bits=56 max_order=18 bucket_order=0
[    0.298657] squashfs: version 4.0 (2009/01/31) Phillip Lougher
[    0.299401] fuse: init (API version 7.41)
[    0.299939] 9p: Installing v9fs 9p2000 file system support
[    0.307299] Key type asymmetric registered
[    0.307812] Asymmetric key parser 'x509' registered
[    0.308435] Block layer SCSI generic (bsg) driver version 0.4 loaded (major 249)
[    0.309373] io scheduler mq-deadline registered
[    0.309943] io scheduler kyber registered
[    0.312170] input: Power Button as /devices/LNXSYSTM:00/LNXPWRBN:00/input/input0
[    0.313133] ACPI: button: Power Button [PWRF]
[    0.314045] Warning: Processor Platform Limit event detected, but not handled.
[    0.314956] Consider compiling CPUfreq support into your kernel.
[    0.332798] ACPI: \_SB_.LNKB: Enabled at IRQ 10
[    0.348548] ACPI: \_SB_.LNKC: Enabled at IRQ 11
[    0.364217] ACPI: \_SB_.LNKA: Enabled at IRQ 10
[    0.365312] Serial: 8250/16550 driver, 4 ports, IRQ sharing enabled
[    0.366202] 00:03: ttyS0 at I/O 0x3f8 (irq = 4, base_baud = 115200) is a 16550A
[    0.390529] Non-volatile memory driver v1.3
[    0.391106] Linux agpgart interface v0.103
[    0.391630] printk: legacy console [hvc0] enabled
[    0.391669] ACPI: bus type drm_connector registered
[    0.392250] printk: legacy bootconsole [earlyser0] disabled
          _      _                                    
   __   _(_)_ __| |_ _ __ ___   ___       _ __   __ _ 
   \ \ / / |  __| __|  _   _ \ / _ \_____|  _ \ / _  |
    \ V /| | |  | |_| | | | | |  __/_____| | | | (_| |
     \_/ |_|_|   \__|_| |_| |_|\___|     |_| |_|\__  |
                                                |___/ 
   kernel version: 6.13.0-virtme x86_64
   (CTRL+d to exit)

root@virtme-ng:/nipa-data/kernel# PS1='xx__-> '
xx__-> env
PWD=/nipa-data/kernel
nr_open=1048576
HOME=/
TERM=xterm
SHLVL=2
XDG_RUNTIME_DIR=/run/user/0
PATH=/bin:/sbin:/usr/bin:/usr/sbin:/usr/local/bin
OLDPWD=/
_=/bin/env
xx__-> 