No EFI environment detected.
early console in extract_kernel
input_data: 0x00000000030632b9
input_len: 0x0000000000b80b10
output: 0x0000000001000000
output_len: 0x000000000252e12c
kernel_total_size: 0x0000000002c30000
needed_size: 0x0000000002e00000
trampoline_32bit: 0x0000000000000000
Physical KASLR using RDRAND RDTSC...
Virtual KASLR using RDRAND RDTSC...

Decompressing Linux... Parsing ELF... Performing relocations... done.
Booting the kernel (entry_offset: 0x0000000000000000).
[    0.000000] Linux version 6.8.0-rc1-virtme (root@61400d05d756) (gcc (Alpine 13.2.1_git20231014) 13.2.1 20231014, GNU ld (GNU Binutils) 2.41) #1 SMP PREEMPT_DYNAMIC Fri Jan 26 06:08:20 UTC 2024
[    0.000000] Command line: virtme_hostname=virtme-ng virtme_link_mods=/nipa-data/kernel/.virtme_mods/lib/modules/0.0.0 virtme_initmount0=nipa-data/kernel virtme_rw_overlay0=/etc virtme_rw_overlay1=/lib virtme_rw_overlay2=/home virtme_rw_overlay3=/opt virtme_rw_overlay4=/srv virtme_rw_overlay5=/usr virtme_rw_overlay6=/var earlyprintk=serial,ttyS0,115200 console=ttyS0 psmouse.proto=exps virtme_chdir=nipa-data/kernel virtme_root_user=1 rootfstype=9p rootflags=version=9p2000.L,trans=virtio,access=any raid=noautodetect ro init=/usr/lib/python3.11/site-packages/virtme/guest/virtme-init
[    0.000000] BIOS-provided physical RAM map:
[    0.000000] BIOS-e820: [mem 0x0000000000000000-0x000000000009fbff] usable
[    0.000000] BIOS-e820: [mem 0x000000000009fc00-0x000000000009ffff] reserved
[    0.000000] BIOS-e820: [mem 0x00000000000f0000-0x00000000000fffff] reserved
[    0.000000] BIOS-e820: [mem 0x0000000000100000-0x000000003ffdffff] usable
[    0.000000] BIOS-e820: [mem 0x000000003ffe0000-0x000000003fffffff] reserved
[    0.000000] BIOS-e820: [mem 0x00000000feffc000-0x00000000feffffff] reserved
[    0.000000] BIOS-e820: [mem 0x00000000fffc0000-0x00000000ffffffff] reserved
[    0.000000] BIOS-e820: [mem 0x000000fd00000000-0x000000ffffffffff] reserved
[    0.000000] printk: legacy bootconsole [earlyser0] enabled
[    0.000000] NX (Execute Disable) protection: active
[    0.000000] APIC: Static calls initialized
[    0.000000] SMBIOS 3.0.0 present.
[    0.000000] DMI: QEMU Standard PC (i440FX + PIIX, 1996), BIOS rel-1.16.3-0-ga6ed6b701f0a-prebuilt.qemu.org 04/01/2014
[    0.000000] Hypervisor detected: KVM
[    0.000000] kvm-clock: Using msrs 4b564d01 and 4b564d00
[    0.000001] kvm-clock: using sched offset of 237974899 cycles
[    0.000382] clocksource: kvm-clock: mask: 0xffffffffffffffff max_cycles: 0x1cd42e4dffb, max_idle_ns: 881590591483 ns
[    0.001562] tsc: Detected 4491.536 MHz processor
[    0.002165] last_pfn = 0x3ffe0 max_arch_pfn = 0x400000000
[    0.002578] MTRR map: 4 entries (3 fixed + 1 variable; max 19), built from 8 variable MTRRs
[    0.003193] x86/PAT: Configuration [0-7]: WB  WC  UC- UC  WB  WP  UC- WT  
Memory KASLR using RDRAND RDTSC...
[    0.005265] found SMP MP-table at [mem 0x000f5470-0x000f547f]
[    0.005688] Using GB pages for direct mapping
[    0.006097] ACPI: Early table checksum verification disabled
[    0.006505] ACPI: RSDP 0x00000000000F5290 000014 (v00 BOCHS )
[    0.006937] ACPI: RSDT 0x000000003FFE27B6 000034 (v01 BOCHS  BXPC     00000001 BXPC 00000001)
[    0.007562] ACPI: FACP 0x000000003FFE2572 000074 (v01 BOCHS  BXPC     00000001 BXPC 00000001)
[    0.008198] ACPI: DSDT 0x000000003FFE0040 002532 (v01 BOCHS  BXPC     00000001 BXPC 00000001)
[    0.008821] ACPI: FACS 0x000000003FFE0000 000040
[    0.009187] ACPI: APIC 0x000000003FFE25E6 000170 (v03 BOCHS  BXPC     00000001 BXPC 00000001)
[    0.009879] ACPI: HPET 0x000000003FFE2756 000038 (v01 BOCHS  BXPC     00000001 BXPC 00000001)
[    0.010496] ACPI: WAET 0x000000003FFE278E 000028 (v01 BOCHS  BXPC     00000001 BXPC 00000001)
[    0.011124] ACPI: Reserving FACP table memory at [mem 0x3ffe2572-0x3ffe25e5]
[    0.011628] ACPI: Reserving DSDT table memory at [mem 0x3ffe0040-0x3ffe2571]
[    0.012151] ACPI: Reserving FACS table memory at [mem 0x3ffe0000-0x3ffe003f]
[    0.012656] ACPI: Reserving APIC table memory at [mem 0x3ffe25e6-0x3ffe2755]
[    0.013168] ACPI: Reserving HPET table memory at [mem 0x3ffe2756-0x3ffe278d]
[    0.013676] ACPI: Reserving WAET table memory at [mem 0x3ffe278e-0x3ffe27b5]
[    0.014333] No NUMA configuration found
[    0.014609] Faking a node at [mem 0x0000000000000000-0x000000003ffdffff]
[    0.015102] NODE_DATA(0) allocated [mem 0x3ffdb000-0x3ffdffff]
[    0.015533] Zone ranges:
[    0.015715]   DMA      [mem 0x0000000000001000-0x0000000000ffffff]
[    0.016187]   DMA32    [mem 0x0000000001000000-0x000000003ffdffff]
[    0.016636]   Normal   empty
[    0.016854]   Device   empty
[    0.017061] Movable zone start for each node
[    0.017367] Early memory node ranges
[    0.017624]   node   0: [mem 0x0000000000001000-0x000000000009efff]
[    0.018082]   node   0: [mem 0x0000000000100000-0x000000003ffdffff]
[    0.018532] Initmem setup node 0 [mem 0x0000000000001000-0x000000003ffdffff]
[    0.019050] On node 0, zone DMA: 1 pages in unavailable ranges
[    0.019480] On node 0, zone DMA: 97 pages in unavailable ranges
[    0.020887] On node 0, zone DMA32: 32 pages in unavailable ranges
[    0.021516] ACPI: PM-Timer IO Port: 0x608
[    0.021816] ACPI: LAPIC_NMI (acpi_id[0xff] dfl dfl lint[0x1])
[    0.022246] IOAPIC[0]: apic_id 0, version 17, address 0xfec00000, GSI 0-23
[    0.022742] ACPI: INT_SRC_OVR (bus 0 bus_irq 0 global_irq 2 dfl dfl)
[    0.023209] ACPI: INT_SRC_OVR (bus 0 bus_irq 5 global_irq 5 high level)
[    0.023684] ACPI: INT_SRC_OVR (bus 0 bus_irq 9 global_irq 9 high level)
[    0.024176] ACPI: INT_SRC_OVR (bus 0 bus_irq 10 global_irq 10 high level)
[    0.024662] ACPI: INT_SRC_OVR (bus 0 bus_irq 11 global_irq 11 high level)
[    0.025160] ACPI: Using ACPI (MADT) for SMP configuration information
[    0.025626] ACPI: HPET id: 0x8086a201 base: 0xfed00000
[    0.026012] TSC deadline timer available
[    0.026293] smpboot: Allowing 32 CPUs, 0 hotplug CPUs
[    0.026670] kvm-guest: APIC: eoi() replaced with kvm_guest_apic_eoi_write()
[    0.027188] kvm-guest: KVM setup pv remote TLB flush
[    0.027544] kvm-guest: setup PV sched yield
[    0.027855] PM: hibernation: Registered nosave memory: [mem 0x00000000-0x00000fff]
[    0.028410] PM: hibernation: Registered nosave memory: [mem 0x0009f000-0x0009ffff]
[    0.028962] PM: hibernation: Registered nosave memory: [mem 0x000a0000-0x000effff]
[    0.029502] PM: hibernation: Registered nosave memory: [mem 0x000f0000-0x000fffff]
[    0.030053] [mem 0x40000000-0xfeffbfff] available for PCI devices
[    0.030489] Booting paravirtualized kernel on KVM
[    0.030840] clocksource: refined-jiffies: mask: 0xffffffff max_cycles: 0xffffffff, max_idle_ns: 1910969940391419 ns
[    0.034507] setup_percpu: NR_CPUS:64 nr_cpumask_bits:32 nr_cpu_ids:32 nr_node_ids:1
[    0.035682] percpu: Embedded 58 pages/cpu s199840 r8192 d29536 u262144
[    0.036219] Kernel command line: virtme_hostname=virtme-ng virtme_link_mods=/nipa-data/kernel/.virtme_mods/lib/modules/0.0.0 virtme_initmount0=nipa-data/kernel virtme_rw_overlay0=/etc virtme_rw_overlay1=/lib virtme_rw_overlay2=/home virtme_rw_overlay3=/opt virtme_rw_overlay4=/srv virtme_rw_overlay5=/usr virtme_rw_overlay6=/var earlyprintk=serial,ttyS0,115200 console=ttyS0 psmouse.proto=exps virtme_chdir=nipa-data/kernel virtme_root_user=1 rootfstype=9p rootflags=version=9p2000.L,trans=virtio,access=any raid=noautodetect ro init=/usr/lib/python3.11/site-packages/virtme/guest/virtme-init
[    0.040174] Unknown kernel command line parameters "virtme_hostname=virtme-ng virtme_link_mods=/nipa-data/kernel/.virtme_mods/lib/modules/0.0.0 virtme_initmount0=nipa-data/kernel virtme_rw_overlay0=/etc virtme_rw_overlay1=/lib virtme_rw_overlay2=/home virtme_rw_overlay3=/opt virtme_rw_overlay4=/srv virtme_rw_overlay5=/usr virtme_rw_overlay6=/var virtme_chdir=nipa-data/kernel virtme_root_user=1", will be passed to user space.
[    0.043183] random: crng init done
[    0.043458] Dentry cache hash table entries: 131072 (order: 8, 1048576 bytes, linear)
[    0.044062] Inode-cache hash table entries: 65536 (order: 7, 524288 bytes, linear)
[    0.044728] Fallback order for Node 0: 0 
[    0.044731] Built 1 zonelists, mobility grouping on.  Total pages: 257760
[    0.045541] Policy zone: DMA32
[    0.045778] mem auto-init: stack:all(zero), heap alloc:off, heap free:off
[    0.047990] Memory: 976392K/1048056K available (16384K kernel code, 2556K rwdata, 6068K rodata, 3156K init, 12008K bss, 71404K reserved, 0K cma-reserved)
[    0.049101] SLUB: HWalign=64, Order=0-3, MinObjects=0, CPUs=32, Nodes=1
Poking KASLR using RDRAND RDTSC...
[    0.049873] ftrace: allocating 46517 entries in 182 pages
[    0.056766] ftrace: allocated 182 pages with 5 groups
[    0.057936] Dynamic Preempt: voluntary
[    0.058420] Running RCU self tests
[    0.058679] Running RCU synchronous self tests
[    0.059030] rcu: Preemptible hierarchical RCU implementation.
[    0.059462] rcu: RCU event tracing is enabled.
[    0.059802] rcu: RCU lockdep checking is enabled.
[    0.060161] rcu: RCU restricting CPUs from NR_CPUS=64 to nr_cpu_ids=32.
[    0.060663] Trampoline variant of Tasks RCU enabled.
[    0.061041] Rude variant of Tasks RCU enabled.
[    0.061378] Tracing variant of Tasks RCU enabled.
[    0.061735] rcu: RCU calculated value of scheduler-enlistment delay is 100 jiffies.
[    0.062308] rcu: Adjusting geometry for rcu_fanout_leaf=16, nr_cpu_ids=32
[    0.062842] Running RCU synchronous self tests
[    0.064743] NR_IRQS: 4352, nr_irqs: 680, preallocated irqs: 16
[    0.065385] rcu: srcu_init: Setting srcu_struct sizes based on contention.
[    0.066107] Console: colour *CGA 80x25
[    0.066414] printk: legacy console [ttyS0] enabled
[    0.066414] printk: legacy console [ttyS0] enabled
[    0.067144] printk: legacy bootconsole [earlyser0] disabled
[    0.067144] printk: legacy bootconsole [earlyser0] disabled
[    0.067989] Lock dependency validator: Copyright (c) 2006 Red Hat, Inc., Ingo Molnar
[    0.068572] ... MAX_LOCKDEP_SUBCLASSES:  8
[    0.068884] ... MAX_LOCK_DEPTH:          48
[    0.069201] ... MAX_LOCKDEP_KEYS:        8192
[    0.069531] ... CLASSHASH_SIZE:          4096
[    0.069861] ... MAX_LOCKDEP_ENTRIES:     32768
[    0.070201] ... MAX_LOCKDEP_CHAINS:      65536
[    0.070536] ... CHAINHASH_SIZE:          32768
[    0.070879]  memory used by lock dependency info: 6429 kB
[    0.071287]  memory used for stack traces: 4224 kB
[    0.071650]  per task-struct memory footprint: 1920 bytes
[    0.072077] ACPI: Core revision 20230628
[    0.072476] clocksource: hpet: mask: 0xffffffff max_cycles: 0xffffffff, max_idle_ns: 19112604467 ns
[    0.073279] APIC: Switch to symmetric I/O mode setup
[    0.073672] APIC: Switched APIC routing to: physical flat
[    0.074087] kvm-guest: APIC: send_IPI_mask() replaced with kvm_send_ipi_mask()
[    0.074634] kvm-guest: APIC: send_IPI_mask_allbutself() replaced with kvm_send_ipi_mask_allbutself()
[    0.075336] kvm-guest: setup PV IPIs
[    0.076446] ..TIMER: vector=0x30 apic1=0 pin1=2 apic2=-1 pin2=-1
[    0.077269] tsc: Marking TSC unstable due to TSCs unsynchronized
[    0.078069] Calibrating delay loop (skipped) preset value.. 8983.07 BogoMIPS (lpj=4491536)
[    0.080089] x86/cpu: User Mode Instruction Prevention (UMIP) activated
[    0.081006] Last level iTLB entries: 4KB 512, 2MB 255, 4MB 127
[    0.081064] Last level dTLB entries: 4KB 512, 2MB 255, 4MB 127, 1GB 0
[    0.082067] Spectre V1 : Mitigation: usercopy/swapgs barriers and __user pointer sanitization
[    0.083068] Spectre V2 : Mitigation: Enhanced / Automatic IBRS
[    0.084064] Spectre V2 : Spectre v2 / SpectreRSB mitigation: Filling RSB on context switch
[    0.085065] Spectre V2 : mitigation: Enabling conditional Indirect Branch Prediction Barrier
[    0.086065] Speculative Store Bypass: Mitigation: Speculative Store Bypass disabled via prctl
[    0.087064] Speculative Return Stack Overflow: IBPB-extending microcode not applied!
[    0.088064] Speculative Return Stack Overflow: WARNING: See https://kernel.org/doc/html/latest/admin-guide/hw-vuln/srso.html for mitigation options.
[    0.088065] Speculative Return Stack Overflow: Vulnerable: Safe RET, no microcode
[    0.090084] x86/fpu: Supporting XSAVE feature 0x001: 'x87 floating point registers'
[    0.091064] x86/fpu: Supporting XSAVE feature 0x002: 'SSE registers'
[    0.092064] x86/fpu: Supporting XSAVE feature 0x004: 'AVX registers'
[    0.093064] x86/fpu: Supporting XSAVE feature 0x020: 'AVX-512 opmask'
[    0.094064] x86/fpu: Supporting XSAVE feature 0x040: 'AVX-512 Hi256'
[    0.095064] x86/fpu: Supporting XSAVE feature 0x080: 'AVX-512 ZMM_Hi256'
[    0.096064] x86/fpu: Supporting XSAVE feature 0x200: 'Protection Keys User registers'
[    0.097064] x86/fpu: xstate_offset[2]:  576, xstate_sizes[2]:  256
[    0.097859] x86/fpu: xstate_offset[5]:  832, xstate_sizes[5]:   64
[    0.098064] x86/fpu: xstate_offset[6]:  896, xstate_sizes[6]:  512
[    0.099064] x86/fpu: xstate_offset[7]: 1408, xstate_sizes[7]: 1024
[    0.100064] x86/fpu: xstate_offset[9]: 2432, xstate_sizes[9]:    8
[    0.101064] x86/fpu: Enabled xstate features 0x2e7, context size is 2440 bytes, using 'compacted' format.
[    0.119742] Freeing SMP alternatives memory: 36K
[    0.120066] pid_max: default: 32768 minimum: 301
[    0.120741] Mount-cache hash table entries: 2048 (order: 2, 16384 bytes, linear)
[    0.121066] Mountpoint-cache hash table entries: 2048 (order: 2, 16384 bytes, linear)
[    0.123578] Running RCU synchronous self tests
[    0.124067] Running RCU synchronous self tests
[    0.124791] smpboot: CPU0: AMD Ryzen 9 7950X 16-Core Processor (family: 0x19, model: 0x61, stepping: 0x2)
[    0.125425] RCU Tasks: Setting shift to 5 and lim to 1 rcu_task_cb_adjust=1.
[    0.126099] RCU Tasks Rude: Setting shift to 5 and lim to 1 rcu_task_cb_adjust=1.
[    0.127093] RCU Tasks Trace: Setting shift to 5 and lim to 1 rcu_task_cb_adjust=1.
[    0.128092] Running RCU Tasks wait API self tests
[    0.235137] Running RCU Tasks Rude wait API self tests
[    0.235922] Running RCU Tasks Trace wait API self tests
[    0.236114] Performance Events: Fam17h+ core perfctr, AMD PMU driver.
[    0.237002] ... version:                0
[    0.237067] ... bit width:              48
[    0.237600] ... generic registers:      6
[    0.238067] ... value mask:             0000ffffffffffff
[    0.238750] ... max period:             00007fffffffffff
[    0.239067] ... fixed-purpose events:   0
[    0.239585] ... event mask:             000000000000003f
[    0.240256] signal: max sigframe size: 3376
[    0.240885] rcu: Hierarchical SRCU implementation.
[    0.241067] rcu: Max phase no-delay instances is 400.
[    0.243430] Callback from call_rcu_tasks_trace() invoked.
[    0.245857] smp: Bringing up secondary CPUs ...
[    0.246355] smpboot: x86: Booting SMP configuration:
[    0.247007] .... node  #0, CPUs:        #1  #2  #3  #4  #5  #6  #7  #8  #9 #10 #11 #12 #13 #14 #15 #16 #17 #18 #19 #20 #21 #22 #23 #24 #25 #26 #27 #28 #29 #30 #31
[    0.281147] smp: Brought up 1 node, 32 CPUs
[    0.282645] smpboot: Max logical packages: 1
[    0.283067] smpboot: Total of 32 processors activated (287458.30 BogoMIPS)
[    0.294313] devtmpfs: initialized
[    0.295159] x86/mm: Memory block size: 128MB
[    0.298067] Running RCU synchronous self tests
[    0.298676] Running RCU synchronous self tests
[    0.299157] clocksource: jiffies: mask: 0xffffffff max_cycles: 0xffffffff, max_idle_ns: 1911260446275000 ns
[    0.300091] futex hash table entries: 8192 (order: 8, 1048576 bytes, linear)
[    0.301521] PM: RTC time: 06:08:54, date: 2024-01-26
[    0.302680] NET: Registered PF_NETLINK/PF_ROUTE protocol family
[    0.303678] thermal_sys: Registered thermal governor 'step_wise'
[    0.303680] thermal_sys: Registered thermal governor 'user_space'
[    0.304123] cpuidle: using governor menu
[    0.306427] PCI: Using configuration type 1 for base access
[    0.307067] PCI: Using configuration type 1 for extended access
[    0.307992] kprobes: kprobe jump-optimization is enabled. All kprobes are optimized if possible.
[    0.322612] HugeTLB: registered 1.00 GiB page size, pre-allocated 0 pages
[    0.323067] HugeTLB: 16380 KiB vmemmap can be freed for a 1.00 GiB page
[    0.323934] HugeTLB: registered 2.00 MiB page size, pre-allocated 0 pages
[    0.324068] HugeTLB: 28 KiB vmemmap can be freed for a 2.00 MiB page
[    0.325262] ACPI: Added _OSI(Module Device)
[    0.325844] ACPI: Added _OSI(Processor Device)
[    0.326069] ACPI: Added _OSI(3.0 _SCP Extensions)
[    0.326706] ACPI: Added _OSI(Processor Aggregator Device)
[    0.329180] ACPI: 1 ACPI AML tables successfully acquired and loaded
[    0.331152] ACPI: _OSC evaluation for CPUs failed, trying _PDC
[    0.332562] ACPI: Interpreter enabled
[    0.333088] ACPI: PM: (supports S0 S3 S4 S5)
[    0.333660] ACPI: Using IOAPIC for interrupt routing
[    0.334087] PCI: Using host bridge windows from ACPI; if necessary, use "pci=nocrs" and report a bug
[    0.335067] PCI: Using E820 reservations for host bridge windows
[    0.336150] ACPI: Enabled 2 GPEs in block 00 to 0F
[    0.343276] Callback from call_rcu_tasks_rude() invoked.
[    0.347567] ACPI: PCI Root Bridge [PCI0] (domain 0000 [bus 00-ff])
[    0.348070] acpi PNP0A03:00: _OSC: OS supports [ExtendedConfig ASPM ClockPM Segments MSI HPX-Type3]
[    0.349575] PCI host bridge to bus 0000:00
[    0.350067] pci_bus 0000:00: root bus resource [io  0x0000-0x0cf7 window]
[    0.350951] pci_bus 0000:00: root bus resource [io  0x0d00-0xffff window]
[    0.351067] pci_bus 0000:00: root bus resource [mem 0x000a0000-0x000bffff window]
[    0.352029] pci_bus 0000:00: root bus resource [mem 0x40000000-0xfebfffff window]
[    0.352067] pci_bus 0000:00: root bus resource [mem 0x100000000-0x17fffffff window]
[    0.353046] pci_bus 0000:00: root bus resource [bus 00-ff]
[    0.353212] pci 0000:00:00.0: [8086:1237] type 00 class 0x060000 conventional PCI endpoint
[    0.354562] pci 0000:00:01.0: [8086:7000] type 00 class 0x060100 conventional PCI endpoint
[    0.355514] pci 0000:00:01.1: [8086:7010] type 00 class 0x010180 conventional PCI endpoint
[    0.358297] pci 0000:00:01.1: BAR 4 [io  0xc080-0xc08f]
[    0.359767] pci 0000:00:01.1: BAR 0 [io  0x01f0-0x01f7]: legacy IDE quirk
[    0.360067] pci 0000:00:01.1: BAR 1 [io  0x03f6]: legacy IDE quirk
[    0.360868] pci 0000:00:01.1: BAR 2 [io  0x0170-0x0177]: legacy IDE quirk
[    0.361067] pci 0000:00:01.1: BAR 3 [io  0x0376]: legacy IDE quirk
[    0.362061] pci 0000:00:01.3: [8086:7113] type 00 class 0x068000 conventional PCI endpoint
[    0.363324] pci 0000:00:01.3: quirk: [io  0x0600-0x063f] claimed by PIIX4 ACPI
[    0.364071] pci 0000:00:01.3: quirk: [io  0x0700-0x070f] claimed by PIIX4 SMB
[    0.365335] pci 0000:00:02.0: [1af4:1009] type 00 class 0x000200 conventional PCI endpoint
[    0.367067] pci 0000:00:02.0: BAR 0 [io  0xc000-0xc03f]
[    0.369015] pci 0000:00:02.0: BAR 1 [mem 0xfebfd000-0xfebfdfff]
[    0.372067] pci 0000:00:02.0: BAR 4 [mem 0xfebf4000-0xfebf7fff 64bit pref]
[    0.375282] pci 0000:00:03.0: [1af4:1009] type 00 class 0x000200 conventional PCI endpoint
[    0.377067] pci 0000:00:03.0: BAR 0 [io  0xc040-0xc07f]
[    0.378714] pci 0000:00:03.0: BAR 1 [mem 0xfebfe000-0xfebfefff]
[    0.382744] pci 0000:00:03.0: BAR 4 [mem 0xfebf8000-0xfebfbfff 64bit pref]
[    0.385208] pci 0000:00:04.0: [8086:25ab] type 00 class 0x088000 conventional PCI endpoint
[    0.386565] pci 0000:00:04.0: BAR 0 [mem 0xfebff000-0xfebff00f]
[    0.391717] ACPI: PCI: Interrupt link LNKA configured for IRQ 10
[    0.392230] ACPI: PCI: Interrupt link LNKB configured for IRQ 10
[    0.393149] ACPI: PCI: Interrupt link LNKC configured for IRQ 11
[    0.394107] ACPI: PCI: Interrupt link LNKD configured for IRQ 11
[    0.394995] ACPI: PCI: Interrupt link LNKS configured for IRQ 9
[    0.397461] iommu: Default domain type: Translated
[    0.398067] iommu: DMA domain TLB invalidation policy: lazy mode
[    0.399132] SCSI subsystem initialized
[    0.399709] pps_core: LinuxPPS API ver. 1 registered
[    0.400068] pps_core: Software ver. 5.3.6 - Copyright 2005-2007 Rodolfo Giometti <giometti@linux.it>
[    0.401071] PTP clock support registered
[    0.401648] Advanced Linux Sound Architecture Driver Initialized.
[    0.402671] NET: Registered PF_ATMPVC protocol family
[    0.403068] NET: Registered PF_ATMSVC protocol family
[    0.403754] PCI: Using ACPI for IRQ routing
[    0.404229] vgaarb: loaded
[    0.404468] hpet0: at MMIO 0xfed00000, IRQs 2, 8, 0
[    0.405069] hpet0: 3 comparators, 64-bit 100.000000 MHz counter
[    0.410876] clocksource: Switched to clocksource kvm-clock
[    0.411789] VFS: Disk quotas dquot_6.6.0
[    0.412329] VFS: Dquot-cache hash table entries: 512 (order 0, 4096 bytes)
[    0.413387] pnp: PnP ACPI init
[    0.414337] pnp: PnP ACPI: found 5 devices
[    0.423681] clocksource: acpi_pm: mask: 0xffffff max_cycles: 0xffffff, max_idle_ns: 2085701024 ns
[    0.425218] NET: Registered PF_INET protocol family
[    0.426118] IP idents hash table entries: 16384 (order: 5, 131072 bytes, linear)
[    0.427804] tcp_listen_portaddr_hash hash table entries: 512 (order: 3, 36864 bytes, linear)
[    0.429235] Table-perturb hash table entries: 65536 (order: 6, 262144 bytes, linear)
[    0.430538] TCP established hash table entries: 8192 (order: 4, 65536 bytes, linear)
[    0.431891] TCP bind hash table entries: 8192 (order: 8, 1179648 bytes, linear)
[    0.433622] TCP: Hash tables configured (established 8192 bind 8192)
[    0.434836] UDP hash table entries: 512 (order: 4, 81920 bytes, linear)
[    0.436149] UDP-Lite hash table entries: 512 (order: 4, 81920 bytes, linear)
[    0.437526] NET: Registered PF_UNIX/PF_LOCAL protocol family
[    0.438511] pci_bus 0000:00: resource 4 [io  0x0000-0x0cf7 window]
[    0.439549] pci_bus 0000:00: resource 5 [io  0x0d00-0xffff window]
[    0.440591] pci_bus 0000:00: resource 6 [mem 0x000a0000-0x000bffff window]
[    0.441749] pci_bus 0000:00: resource 7 [mem 0x40000000-0xfebfffff window]
[    0.442906] pci_bus 0000:00: resource 8 [mem 0x100000000-0x17fffffff window]
[    0.444150] Callback from call_rcu_tasks() invoked.
[    0.444228] pci 0000:00:01.0: PIIX3: Enabling Passive Release
[    0.446034] pci 0000:00:00.0: Limiting direct PCI/PCI transfers
[    0.447082] PCI: CLS 0 bytes, default 64
[    0.447825] kvm_intel: VMX not supported by CPU 0
[    0.448863] kvm_amd: TSC scaling supported
[    0.449581] kvm_amd: Nested Virtualization enabled
[    0.450389] kvm_amd: Nested Paging enabled
[    0.451096] kvm_amd: Virtual VMLOAD VMSAVE supported
[    0.451936] kvm_amd: Virtual GIF supported
[    0.452636] kvm_amd: Virtual NMI enabled
[    0.453308] kvm_amd: LBR virtualization supported
[    0.556695] workingset: timestamp_bits=56 max_order=18 bucket_order=0
[    0.557974] squashfs: version 4.0 (2009/01/31) Phillip Lougher
[    0.559009] fuse: init (API version 7.39)
[    0.559806] 9p: Installing v9fs 9p2000 file system support
[    0.560892] Key type asymmetric registered
[    0.561643] Block layer SCSI generic (bsg) driver version 0.4 loaded (major 249)
[    0.562980] io scheduler mq-deadline registered
[    0.563770] io scheduler kyber registered
[    0.566033] input: Power Button as /devices/LNXSYSTM:00/LNXPWRBN:00/input/input0
[    0.567557] ACPI: button: Power Button [PWRF]
[    0.568446] Warning: Processor Platform Limit event detected, but not handled.
[    0.569697] Consider compiling CPUfreq support into your kernel.
[    0.654581] ACPI: \_SB_.LNKB: Enabled at IRQ 10
[    0.738985] ACPI: \_SB_.LNKC: Enabled at IRQ 11
[    0.740390] Serial: 8250/16550 driver, 4 ports, IRQ sharing enabled
[    0.741593] 00:03: ttyS0 at I/O 0x3f8 (irq = 4, base_baud = 115200) is a 16550A
[    0.743563] Non-volatile memory driver v1.3
[    0.744101] Linux agpgart interface v0.103
[    0.744773] ACPI: bus type drm_connector registered
[    0.757738] loop: module loaded
[    0.759455] scsi host0: ata_piix
[    0.760151] scsi host1: ata_piix
[    0.760649] ata1: PATA max MWDMA2 cmd 0x1f0 ctl 0x3f6 bmdma 0xc080 irq 14 lpm-pol 0
[    0.761646] ata2: PATA max MWDMA2 cmd 0x170 ctl 0x376 bmdma 0xc088 irq 15 lpm-pol 0
[    0.763356] i8042: PNP: PS/2 Controller [PNP0303:KBD,PNP0f13:MOU] at 0x60,0x64 irq 1,12
[    0.765241] serio: i8042 KBD port at 0x60,0x64 irq 1
[    0.765909] serio: i8042 AUX port at 0x60,0x64 irq 12
[    0.767113] rtc_cmos 00:04: RTC can wake from S4
[    0.768242] input: AT Translated Set 2 keyboard as /devices/platform/i8042/serio0/input/input1
[    0.769943] rtc_cmos 00:04: registered as rtc0
[    0.770589] rtc_cmos 00:04: setting system clock to 2024-01-26T06:08:54 UTC (1706249334)
[    0.771719] rtc_cmos 00:04: alarms up to one day, y3k, 242 bytes nvram, hpet irqs
[    0.773424] i6300ESB timer 0000:00:04.0: initialized. heartbeat=30 sec (nowayout=0)
[    0.774679] device-mapper: ioctl: 4.48.0-ioctl (2023-03-01) initialised: dm-devel@redhat.com
[    0.776832] NET: Registered PF_PACKET protocol family
[    0.777500] 9pnet: Installing 9P2000 support
[    0.779080] Key type dns_resolver registered
[    0.780418] input: ImExPS/2 Generic Explorer Mouse as /devices/platform/i8042/serio1/input/input3
[    0.783490] IPI shorthand broadcast: enabled
[    0.794563] sched_clock: Marking stable (785003046, 9154408)->(847678411, -53520957)
[    0.796239] registered taskstats version 1
[    0.803145] PM:   Magic number: 8:621:115
[    0.803934] printk: legacy console [netcon0] enabled
[    0.804792] netconsole: network logging started
[    0.805775] ALSA device list:
[    0.806365]   No soundcards found.
[    0.922505] ata2: found unknown device (class 0)
[    0.923791] ata2.00: ATAPI: QEMU DVD-ROM, 2.5+, max UDMA/100
[    0.925861] scsi 1:0:0:0: CD-ROM            QEMU     QEMU DVD-ROM     2.5+ PQ: 0 ANSI: 5
[    0.934978] sd 1:0:0:0: Attached scsi generic sg0 type 5
[    0.935956] md: Skipping autodetection of RAID arrays. (raid=autodetect will force)
[    0.937215] 9pnet_virtio: no channels available for device 
[    0.938809] VFS: Mounted root (9p filesystem) readonly on device 0:19.
[    0.940041] devtmpfs: mounted
[    0.942580] Freeing unused kernel image (initmem) memory: 3156K
[    0.949195] Write protecting the kernel read-only data: 22528k
[    0.950578] Freeing unused kernel image (rodata/data gap) memory: 76K
[    0.987517] x86/mm: Checked W+X mappings: passed, no W+X pages found.
[    0.988497] Run /usr/lib/python3.11/site-packages/virtme/guest/virtme-init as init process
[    1.019366] mount (264) used greatest stack depth: 12984 bytes left
[    1.095534] mount (282) used greatest stack depth: 12584 bytes left
[    1.145852] virtme-init (313) used greatest stack depth: 12536 bytes left
[    1.149026] virtme-init (311) used greatest stack depth: 12424 bytes left
[    1.184611] virtme-init: basic initialization done
[    1.190684] virtme-init: udevd not found
[    1.250733] virtme-init: Setting hostname to virtme-ng...
[    1.264622] ip (355) used greatest stack depth: 12056 bytes left
          _      _                                    
   __   _(_)_ __| |_ _ __ ___   ___       _ __   __ _ 
   \ \ / / |  __| __|  _   _ \ / _ \_____|  _ \ / _  |
    \ V /| | |  | |_| | | | | |  __/_____| | | | (_| |
     \_/ |_|_|   \__|_| |_| |_|\___|     |_| |_|\__  |
                                                |___/ 
   kernel version: 6.8.0-rc1-virtme x86_64

virtme-ng:/nipa-data/kernel# PS1='xx__-> '
xx__-> 