No EFI environment detected.
early console in extract_kernel
input_data: 0x0000000004ab42c4
input_len: 0x00000000018f84a5
output: 0x0000000001000000
output_len: 0x0000000005338164
kernel_total_size: 0x0000000005030000
needed_size: 0x0000000005400000
trampoline_32bit: 0x0000000000000000
Physical KASLR using RDRAND RDTSC...
Virtual KASLR using RDRAND RDTSC...

Decompressing Linux... Parsing ELF... Performing relocations... done.
Booting the kernel (entry_offset: 0x0000000000000000).
[    0.000000] Linux version 6.13.0-rc1-virtme (root@3066b2572e77) (gcc (Ubuntu 13.2.0-23ubuntu4) 13.2.0, GNU ld (GNU Binutils for Ubuntu) 2.42) #1 SMP PREEMPT_DYNAMIC Sun Dec  8 06:26:56 UTC 2024
[    0.000000] Command line: virtme_hostname=virtme-ng nr_open=1048576 virtme_link_mods=/nipa-data/kernel/.virtme_mods/lib/modules/0.0.0 virtme_initmount0=nipa-data/kernel virtme_rw_overlay0=/etc virtme_rw_overlay1=/lib virtme_rw_overlay2=/home virtme_rw_overlay3=/opt virtme_rw_overlay4=/srv virtme_rw_overlay5=/usr virtme_rw_overlay6=/var console=hvc0 earlyprintk=serial,ttyS0,115200 virtme_console=ttyS0 psmouse.proto=exps TERM=xterm virtme_chdir=nipa-data/kernel virtme_root_user=1 rootfstype=9p rootflags=version=9p2000.L,trans=virtio,access=any raid=noautodetect ro init=/usr/lib/python3/dist-packages/virtme/guest/virtme-init
[    0.000000] BIOS-provided physical RAM map:
[    0.000000] BIOS-e820: [mem 0x0000000000000000-0x000000000009fbff] usable
[    0.000000] BIOS-e820: [mem 0x000000000009fc00-0x000000000009ffff] reserved
[    0.000000] BIOS-e820: [mem 0x00000000000f0000-0x00000000000fffff] reserved
[    0.000000] BIOS-e820: [mem 0x0000000000100000-0x000000003ffdffff] usable
[    0.000000] BIOS-e820: [mem 0x000000003ffe0000-0x000000003fffffff] reserved
[    0.000000] BIOS-e820: [mem 0x00000000feffc000-0x00000000feffffff] reserved
[    0.000000] BIOS-e820: [mem 0x00000000fffc0000-0x00000000ffffffff] reserved
[    0.000000] BIOS-e820: [mem 0x000000fd00000000-0x000000ffffffffff] reserved
[    0.000000] printk: legacy bootconsole [earlyser0] enabled
[    0.000000] NX (Execute Disable) protection: active
[    0.000000] APIC: Static calls initialized
[    0.000000] SMBIOS 3.0.0 present.
[    0.000000] DMI: QEMU Ubuntu 24.04 PC (i440FX + PIIX, 1996), BIOS 1.16.3-debian-1.16.3-2 04/01/2014
[    0.000000] DMI: Memory slots populated: 1/1
[    0.000000] Hypervisor detected: KVM
[    0.000000] kvm-clock: Using msrs 4b564d01 and 4b564d00
[    0.000000] kvm-clock: using sched offset of 283036206 cycles
[    0.000365] clocksource: kvm-clock: mask: 0xffffffffffffffff max_cycles: 0x1cd42e4dffb, max_idle_ns: 881590591483 ns
[    0.001500] tsc: Detected 4491.556 MHz processor
[    0.002151] last_pfn = 0x3ffe0 max_arch_pfn = 0x400000000
[    0.002551] MTRR map: 4 entries (3 fixed + 1 variable; max 19), built from 8 variable MTRRs
[    0.003135] x86/PAT: Configuration [0-7]: WB  WC  UC- UC  WB  WP  UC- WT  
[    0.005069] found SMP MP-table at [mem 0x000f5470-0x000f547f]
[    0.005474] Using GB pages for direct mapping
[    0.005972] ACPI: Early table checksum verification disabled
[    0.006366] ACPI: RSDP 0x00000000000F5290 000014 (v00 BOCHS )
[    0.006768] ACPI: RSDT 0x000000003FFE27BC 000034 (v01 BOCHS  BXPC     00000001 BXPC 00000001)
[    0.007370] ACPI: FACP 0x000000003FFE2578 000074 (v01 BOCHS  BXPC     00000001 BXPC 00000001)
[    0.007974] ACPI: DSDT 0x000000003FFE0040 002538 (v01 BOCHS  BXPC     00000001 BXPC 00000001)
[    0.008568] ACPI: FACS 0x000000003FFE0000 000040
[    0.008890] ACPI: APIC 0x000000003FFE25EC 000170 (v03 BOCHS  BXPC     00000001 BXPC 00000001)
[    0.009483] ACPI: HPET 0x000000003FFE275C 000038 (v01 BOCHS  BXPC     00000001 BXPC 00000001)
[    0.010076] ACPI: WAET 0x000000003FFE2794 000028 (v01 BOCHS  BXPC     00000001 BXPC 00000001)
[    0.010669] ACPI: Reserving FACP table memory at [mem 0x3ffe2578-0x3ffe25eb]
[    0.011161] ACPI: Reserving DSDT table memory at [mem 0x3ffe0040-0x3ffe2577]
[    0.011649] ACPI: Reserving FACS table memory at [mem 0x3ffe0000-0x3ffe003f]
[    0.012150] ACPI: Reserving APIC table memory at [mem 0x3ffe25ec-0x3ffe275b]
[    0.012640] ACPI: Reserving HPET table memory at [mem 0x3ffe275c-0x3ffe2793]
[    0.013128] ACPI: Reserving WAET table memory at [mem 0x3ffe2794-0x3ffe27bb]
[    0.013804] No NUMA configuration found
[    0.014071] Faking a node at [mem 0x0000000000000000-0x000000003ffdffff]
[    0.014538] NODE_DATA(0) allocated [mem 0x3ffdb780-0x3ffdffff]
[    0.014958] Zone ranges:
[    0.015135]   DMA      [mem 0x0000000000001000-0x0000000000ffffff]
[    0.015564]   DMA32    [mem 0x0000000001000000-0x000000003ffdffff]
[    0.015996]   Normal   empty
[    0.016197]   Device   empty
[    0.016397] Movable zone start for each node
[    0.016693] Early memory node ranges
[    0.016941]   node   0: [mem 0x0000000000001000-0x000000000009efff]
[    0.017377]   node   0: [mem 0x0000000000100000-0x000000003ffdffff]
[    0.017811] Initmem setup node 0 [mem 0x0000000000001000-0x000000003ffdffff]
[    0.018304] On node 0, zone DMA: 1 pages in unavailable ranges
[    0.018762] On node 0, zone DMA: 97 pages in unavailable ranges
[    0.023301] On node 0, zone DMA32: 32 pages in unavailable ranges
[    0.032172] kasan: KernelAddressSanitizer initialized
[    0.032751] ACPI: PM-Timer IO Port: 0x608
[    0.033045] ACPI: LAPIC_NMI (acpi_id[0xff] dfl dfl lint[0x1])
[    0.033467] IOAPIC[0]: apic_id 0, version 17, address 0xfec00000, GSI 0-23
[    0.033947] ACPI: INT_SRC_OVR (bus 0 bus_irq 0 global_irq 2 dfl dfl)
[    0.034390] ACPI: INT_SRC_OVR (bus 0 bus_irq 5 global_irq 5 high level)
[    0.034850] ACPI: INT_SRC_OVR (bus 0 bus_irq 9 global_irq 9 high level)
[    0.035309] ACPI: INT_SRC_OVR (bus 0 bus_irq 10 global_irq 10 high level)
[    0.035781] ACPI: INT_SRC_OVR (bus 0 bus_irq 11 global_irq 11 high level)
[    0.036263] ACPI: Using ACPI (MADT) for SMP configuration information
[    0.036713] ACPI: HPET id: 0x8086a201 base: 0xfed00000
[    0.037077] TSC deadline timer available
[    0.037351] CPU topo: Max. logical packages:   1
[    0.037672] CPU topo: Max. logical dies:       1
[    0.037993] CPU topo: Max. dies per package:   1
[    0.038315] CPU topo: Max. threads per core:   1
[    0.038637] CPU topo: Num. cores per package:    32
[    0.038976] CPU topo: Num. threads per package:  32
[    0.039314] CPU topo: Allowing 32 present CPUs plus 0 hotplug CPUs
[    0.039758] kvm-guest: APIC: eoi() replaced with kvm_guest_apic_eoi_write()
[    0.040256] kvm-guest: KVM setup pv remote TLB flush
[    0.040603] kvm-guest: setup PV sched yield
[    0.040901] PM: hibernation: Registered nosave memory: [mem 0x00000000-0x00000fff]
[    0.041427] PM: hibernation: Registered nosave memory: [mem 0x0009f000-0x0009ffff]
[    0.041953] PM: hibernation: Registered nosave memory: [mem 0x000a0000-0x000effff]
[    0.042479] PM: hibernation: Registered nosave memory: [mem 0x000f0000-0x000fffff]
[    0.043005] [mem 0x40000000-0xfeffbfff] available for PCI devices
[    0.043429] Booting paravirtualized kernel on KVM
[    0.043756] clocksource: refined-jiffies: mask: 0xffffffff max_cycles: 0xffffffff, max_idle_ns: 1910969940391419 ns
[    0.052445] setup_percpu: NR_CPUS:64 nr_cpumask_bits:32 nr_cpu_ids:32 nr_node_ids:1
[    0.054205] percpu: Embedded 70 pages/cpu s247896 r8192 d30632 u524288
[    0.054727] Kernel command line: virtme_hostname=virtme-ng nr_open=1048576 virtme_link_mods=/nipa-data/kernel/.virtme_mods/lib/modules/0.0.0 virtme_initmount0=nipa-data/kernel virtme_rw_overlay0=/etc virtme_rw_overlay1=/lib virtme_rw_overlay2=/home virtme_rw_overlay3=/opt virtme_rw_overlay4=/srv virtme_rw_overlay5=/usr virtme_rw_overlay6=/var console=hvc0 earlyprintk=serial,ttyS0,115200 virtme_console=ttyS0 psmouse.proto=exps TERM=xterm virtme_chdir=nipa-data/kernel virtme_root_user=1 rootfstype=9p rootflags=version=9p2000.L,trans=virtio,access=any raid=noautodetect ro init=/usr/lib/python3/dist-packages/virtme/guest/virtme-init
[    0.058850] Unknown kernel command line parameters "virtme_hostname=virtme-ng nr_open=1048576 virtme_link_mods=/nipa-data/kernel/.virtme_mods/lib/modules/0.0.0 virtme_initmount0=nipa-data/kernel virtme_rw_overlay0=/etc virtme_rw_overlay1=/lib virtme_rw_overlay2=/home virtme_rw_overlay3=/opt virtme_rw_overlay4=/srv virtme_rw_overlay5=/usr virtme_rw_overlay6=/var virtme_console=ttyS0 virtme_chdir=nipa-data/kernel virtme_root_user=1", will be passed to user space.
[    0.061984] random: crng init done
[    0.062229] printk: log buffer data + meta data: 262144 + 917504 = 1179648 bytes
[    0.062801] Dentry cache hash table entries: 131072 (order: 8, 1048576 bytes, linear)
[    0.063390] Inode-cache hash table entries: 65536 (order: 7, 524288 bytes, linear)
[    0.064364] Fallback order for Node 0: 0 
[    0.064368] Built 1 zonelists, mobility grouping on.  Total pages: 262014
[    0.065147] Policy zone: DMA32
[    0.065367] mem auto-init: stack:all(zero), heap alloc:off, heap free:off
[    0.065855] stackdepot: allocating hash table via alloc_large_system_hash
[    0.066349] stackdepot hash table entries: 1048576 (order: 12, 16777216 bytes, linear)
[    0.074337] SLUB: HWalign=64, Order=0-3, MinObjects=0, CPUs=32, Nodes=1
Poking KASLR using RDRAND RDTSC...
[    0.075114] ftrace: allocating 48873 entries in 191 pages
[    0.092287] ftrace: allocated 191 pages with 7 groups
[    0.093475] Dynamic Preempt: voluntary
[    0.094180] rcu: Preemptible hierarchical RCU implementation.
[    0.094589] rcu: RCU event tracing is enabled.
[    0.094909] rcu: RCU restricting CPUs from NR_CPUS=64 to nr_cpu_ids=32.
[    0.095391] Trampoline variant of Tasks RCU enabled.
[    0.095751] Rude variant of Tasks RCU enabled.
[    0.096078] Tracing variant of Tasks RCU enabled.
[    0.096420] rcu: RCU calculated value of scheduler-enlistment delay is 100 jiffies.
[    0.096966] rcu: Adjusting geometry for rcu_fanout_leaf=16, nr_cpu_ids=32
[    0.097515] RCU Tasks: Setting shift to 5 and lim to 1 rcu_task_cb_adjust=1 rcu_task_cpu_ids=32.
[    0.098142] RCU Tasks Rude: Setting shift to 5 and lim to 1 rcu_task_cb_adjust=1 rcu_task_cpu_ids=32.
[    0.098800] RCU Tasks Trace: Setting shift to 5 and lim to 1 rcu_task_cb_adjust=1 rcu_task_cpu_ids=32.
[    0.107612] NR_IRQS: 4352, nr_irqs: 680, preallocated irqs: 16
[    0.108287] rcu: srcu_init: Setting srcu_struct sizes based on contention.
[    0.108990] Console: colour *CGA 80x25
[    0.109291] ACPI: Core revision 20240827
[    0.109718] clocksource: hpet: mask: 0xffffffff max_cycles: 0xffffffff, max_idle_ns: 19112604467 ns
[    0.110434] APIC: Switch to symmetric I/O mode setup
[    0.110793] kvm-guest: APIC: send_IPI_mask() replaced with kvm_send_ipi_mask()
[    0.111308] kvm-guest: APIC: send_IPI_mask_allbutself() replaced with kvm_send_ipi_mask_allbutself()
[    0.111945] kvm-guest: setup PV IPIs
[    0.113042] ..TIMER: vector=0x30 apic1=0 pin1=2 apic2=-1 pin2=-1
[    0.113828] clocksource: tsc-early: mask: 0xffffffffffffffff max_cycles: 0x40be400eb43, max_idle_ns: 440795366972 ns
[    0.115164] Calibrating delay loop (skipped) preset value.. 8983.11 BogoMIPS (lpj=4491556)
[    0.116227] x86/cpu: User Mode Instruction Prevention (UMIP) activated
[    0.117220] Last level iTLB entries: 4KB 512, 2MB 255, 4MB 127
[    0.118163] Last level dTLB entries: 4KB 512, 2MB 255, 4MB 127, 1GB 0
[    0.119167] Spectre V1 : Mitigation: usercopy/swapgs barriers and __user pointer sanitization
[    0.120167] Spectre V2 : Mitigation: Enhanced / Automatic IBRS
[    0.121163] Spectre V2 : Spectre v2 / SpectreRSB mitigation: Filling RSB on context switch
[    0.122164] Spectre V2 : mitigation: Enabling conditional Indirect Branch Prediction Barrier
[    0.123165] Speculative Store Bypass: Mitigation: Speculative Store Bypass disabled via prctl
[    0.124163] Speculative Return Stack Overflow: IBPB-extending microcode not applied!
[    0.125163] Speculative Return Stack Overflow: WARNING: See https://kernel.org/doc/html/latest/admin-guide/hw-vuln/srso.html for mitigation options.
[    0.125164] Speculative Return Stack Overflow: Vulnerable: Safe RET, no microcode
[    0.127177] x86/fpu: Supporting XSAVE feature 0x001: 'x87 floating point registers'
[    0.128163] x86/fpu: Supporting XSAVE feature 0x002: 'SSE registers'
[    0.129163] x86/fpu: Supporting XSAVE feature 0x004: 'AVX registers'
[    0.130163] x86/fpu: Supporting XSAVE feature 0x020: 'AVX-512 opmask'
[    0.131163] x86/fpu: Supporting XSAVE feature 0x040: 'AVX-512 Hi256'
[    0.132163] x86/fpu: Supporting XSAVE feature 0x080: 'AVX-512 ZMM_Hi256'
[    0.132978] x86/fpu: Supporting XSAVE feature 0x200: 'Protection Keys User registers'
[    0.133163] x86/fpu: xstate_offset[2]:  576, xstate_sizes[2]:  256
[    0.134163] x86/fpu: xstate_offset[5]:  832, xstate_sizes[5]:   64
[    0.135163] x86/fpu: xstate_offset[6]:  896, xstate_sizes[6]:  512
[    0.136163] x86/fpu: xstate_offset[7]: 1408, xstate_sizes[7]: 1024
[    0.136917] x86/fpu: xstate_offset[9]: 2432, xstate_sizes[9]:    8
[    0.137163] x86/fpu: Enabled xstate features 0x2e7, context size is 2440 bytes, using 'compacted' format.
[    0.158961] Freeing SMP alternatives memory: 40K
[    0.159164] pid_max: default: 32768 minimum: 301
[    0.160232] Mount-cache hash table entries: 2048 (order: 2, 16384 bytes, linear)
[    0.161132] Mountpoint-cache hash table entries: 2048 (order: 2, 16384 bytes, linear)
[    0.162707] smpboot: CPU0: AMD Ryzen 9 7950X 16-Core Processor (family: 0x19, model: 0x61, stepping: 0x2)
[    0.163615] Performance Events: Fam17h+ core perfctr, AMD PMU driver.
[    0.164167] ... version:                0
[    0.164652] ... bit width:              48
[    0.165147] ... generic registers:      6
[    0.165164] ... value mask:             0000ffffffffffff
[    0.165805] ... max period:             00007fffffffffff
[    0.166164] ... fixed-purpose events:   0
[    0.166647] ... event mask:             000000000000003f
[    0.167274] signal: max sigframe size: 3376
[    0.167824] rcu: Hierarchical SRCU implementation.
[    0.168165] rcu: Max phase no-delay instances is 400.
[    0.168857] Timer migration: 2 hierarchy levels; 8 children per group; 2 crossnode level
[    0.172876] smp: Bringing up secondary CPUs ...
[    0.173340] smpboot: x86: Booting SMP configuration:
[    0.173952] .... node  #0, CPUs:        #1  #2  #3  #4  #5  #6  #7  #8  #9 #10 #11 #12 #13 #14 #15 #16 #17 #18 #19 #20 #21 #22 #23 #24 #25 #26 #27 #28 #29 #30 #31
[    0.199265] smp: Brought up 1 node, 32 CPUs
[    0.200685] smpboot: Total of 32 processors activated (287459.58 BogoMIPS)
[    0.204287] Memory: 763412K/1048056K available (45056K kernel code, 11448K rwdata, 10076K rodata, 6048K init, 1652K bss, 269000K reserved, 0K cma-reserved)
[    0.205276] devtmpfs: initialized
[    0.205735] x86/mm: Memory block size: 128MB
[    0.211829] clocksource: jiffies: mask: 0xffffffff max_cycles: 0xffffffff, max_idle_ns: 1911260446275000 ns
[    0.212170] futex hash table entries: 8192 (order: 7, 524288 bytes, linear)
[    0.213375] PM: RTC time: 06:27:21, date: 2024-12-08
[    0.214642] NET: Registered PF_NETLINK/PF_ROUTE protocol family
[    0.215981] thermal_sys: Registered thermal governor 'step_wise'
[    0.215984] thermal_sys: Registered thermal governor 'user_space'
[    0.216191] cpuidle: using governor menu
[    0.218438] PCI: Using configuration type 1 for base access
[    0.219127] PCI: Using configuration type 1 for extended access
[    0.219294] kprobes: kprobe jump-optimization is enabled. All kprobes are optimized if possible.
[    0.228297] HugeTLB: registered 1.00 GiB page size, pre-allocated 0 pages
[    0.229165] HugeTLB: 16380 KiB vmemmap can be freed for a 1.00 GiB page
[    0.229998] HugeTLB: registered 2.00 MiB page size, pre-allocated 0 pages
[    0.230165] HugeTLB: 28 KiB vmemmap can be freed for a 2.00 MiB page
[    0.232527] ACPI: Added _OSI(Module Device)
[    0.233165] ACPI: Added _OSI(Processor Device)
[    0.233721] ACPI: Added _OSI(3.0 _SCP Extensions)
[    0.234165] ACPI: Added _OSI(Processor Aggregator Device)
[    0.257373] ACPI: 1 ACPI AML tables successfully acquired and loaded
[    0.261974] ACPI: Interpreter enabled
[    0.262222] ACPI: PM: (supports S0 S3 S4 S5)
[    0.262753] ACPI: Using IOAPIC for interrupt routing
[    0.263215] PCI: Using host bridge windows from ACPI; if necessary, use "pci=nocrs" and report a bug
[    0.265164] PCI: Using E820 reservations for host bridge windows
[    0.266951] ACPI: Enabled 2 GPEs in block 00 to 0F
[    0.312108] ACPI: PCI Root Bridge [PCI0] (domain 0000 [bus 00-ff])
[    0.313185] acpi PNP0A03:00: _OSC: OS supports [ExtendedConfig ASPM ClockPM Segments MSI HPX-Type3]
[    0.314642] PCI host bridge to bus 0000:00
[    0.315205] pci_bus 0000:00: root bus resource [io  0x0000-0x0cf7 window]
[    0.316049] pci_bus 0000:00: root bus resource [io  0x0d00-0xffff window]
[    0.317167] pci_bus 0000:00: root bus resource [mem 0x000a0000-0x000bffff window]
[    0.318099] pci_bus 0000:00: root bus resource [mem 0x40000000-0xfebfffff window]
[    0.319167] pci_bus 0000:00: root bus resource [mem 0x100000000-0x17fffffff window]
[    0.320137] pci_bus 0000:00: root bus resource [bus 00-ff]
[    0.320259] pci 0000:00:00.0: [8086:1237] type 00 class 0x060000 conventional PCI endpoint
[    0.321987] pci 0000:00:01.0: [8086:7000] type 00 class 0x060100 conventional PCI endpoint
[    0.324031] pci 0000:00:01.1: [8086:7010] type 00 class 0x010180 conventional PCI endpoint
[    0.326928] pci 0000:00:01.1: BAR 4 [io  0xc0c0-0xc0cf]
[    0.328950] pci 0000:00:01.1: BAR 0 [io  0x01f0-0x01f7]: legacy IDE quirk
[    0.329165] pci 0000:00:01.1: BAR 1 [io  0x03f6]: legacy IDE quirk
[    0.329931] pci 0000:00:01.1: BAR 2 [io  0x0170-0x0177]: legacy IDE quirk
[    0.331165] pci 0000:00:01.1: BAR 3 [io  0x0376]: legacy IDE quirk
[    0.332584] pci 0000:00:01.3: [8086:7113] type 00 class 0x068000 conventional PCI endpoint
[    0.333423] pci 0000:00:01.3: quirk: [io  0x0600-0x063f] claimed by PIIX4 ACPI
[    0.335169] pci 0000:00:01.3: quirk: [io  0x0700-0x070f] claimed by PIIX4 SMB
[    0.336869] pci 0000:00:02.0: [1af4:1009] type 00 class 0x000200 conventional PCI endpoint
[    0.337582] pci 0000:00:02.0: BAR 0 [io  0xc000-0xc03f]
[    0.339525] pci 0000:00:02.0: BAR 1 [mem 0xfebfc000-0xfebfcfff]
[    0.342702] pci 0000:00:02.0: BAR 4 [mem 0xfebf0000-0xfebf3fff 64bit pref]
[    0.356010] pci 0000:00:03.0: [1af4:1009] type 00 class 0x000200 conventional PCI endpoint
[    0.358165] pci 0000:00:03.0: BAR 0 [io  0xc040-0xc07f]
[    0.359165] pci 0000:00:03.0: BAR 1 [mem 0xfebfd000-0xfebfdfff]
[    0.361476] pci 0000:00:03.0: BAR 4 [mem 0xfebf4000-0xfebf7fff 64bit pref]
[    0.373891] pci 0000:00:04.0: [8086:25ab] type 00 class 0x088000 conventional PCI endpoint
[    0.375358] pci 0000:00:04.0: BAR 0 [mem 0xfebfe000-0xfebfe00f]
[    0.387468] pci 0000:00:05.0: [1af4:1003] type 00 class 0x078000 conventional PCI endpoint
[    0.390068] pci 0000:00:05.0: BAR 0 [io  0xc080-0xc0bf]
[    0.390770] pci 0000:00:05.0: BAR 1 [mem 0xfebff000-0xfebfffff]
[    0.393756] pci 0000:00:05.0: BAR 4 [mem 0xfebf8000-0xfebfbfff 64bit pref]
[    0.407987] ACPI: PCI: Interrupt link LNKA configured for IRQ 10
[    0.410069] ACPI: PCI: Interrupt link LNKB configured for IRQ 10
[    0.412038] ACPI: PCI: Interrupt link LNKC configured for IRQ 11
[    0.413033] ACPI: PCI: Interrupt link LNKD configured for IRQ 11
[    0.414529] ACPI: PCI: Interrupt link LNKS configured for IRQ 9
[    0.432782] iommu: Default domain type: Translated
[    0.433165] iommu: DMA domain TLB invalidation policy: lazy mode
[    0.434371] SCSI subsystem initialized
[    0.435375] pps_core: LinuxPPS API ver. 1 registered
[    0.436165] pps_core: Software ver. 5.3.6 - Copyright 2005-2007 Rodolfo Giometti <giometti@linux.it>
[    0.437178] PTP clock support registered
[    0.438289] Advanced Linux Sound Architecture Driver Initialized.
[    0.440250] NET: Registered PF_ATMPVC protocol family
[    0.440884] NET: Registered PF_ATMSVC protocol family
[    0.441201] PCI: Using ACPI for IRQ routing
[    0.442198] vgaarb: loaded
[    0.442282] hpet0: at MMIO 0xfed00000, IRQs 2, 8, 0
[    0.442896] hpet0: 3 comparators, 64-bit 100.000000 MHz counter
[    0.447361] clocksource: Switched to clocksource kvm-clock
[    0.448473] VFS: Disk quotas dquot_6.6.0
[    0.448976] VFS: Dquot-cache hash table entries: 512 (order 0, 4096 bytes)
[    0.450508] pnp: PnP ACPI init
[    0.453148] pnp: PnP ACPI: found 5 devices
[    0.465173] clocksource: acpi_pm: mask: 0xffffff max_cycles: 0xffffff, max_idle_ns: 2085701024 ns
[    0.466340] NET: Registered PF_INET protocol family
[    0.466986] IP idents hash table entries: 16384 (order: 5, 131072 bytes, linear)
[    0.468282] tcp_listen_portaddr_hash hash table entries: 512 (order: 1, 8192 bytes, linear)
[    0.469326] Table-perturb hash table entries: 65536 (order: 6, 262144 bytes, linear)
[    0.470335] TCP established hash table entries: 8192 (order: 4, 65536 bytes, linear)
[    0.471406] TCP bind hash table entries: 8192 (order: 6, 262144 bytes, linear)
[    0.472303] TCP: Hash tables configured (established 8192 bind 8192)
[    0.473242] UDP hash table entries: 512 (order: 3, 32768 bytes, linear)
[    0.474101] UDP-Lite hash table entries: 512 (order: 3, 32768 bytes, linear)
[    0.475183] NET: Registered PF_UNIX/PF_LOCAL protocol family
[    0.475904] pci_bus 0000:00: resource 4 [io  0x0000-0x0cf7 window]
[    0.476670] pci_bus 0000:00: resource 5 [io  0x0d00-0xffff window]
[    0.477433] pci_bus 0000:00: resource 6 [mem 0x000a0000-0x000bffff window]
[    0.478281] pci_bus 0000:00: resource 7 [mem 0x40000000-0xfebfffff window]
[    0.479132] pci_bus 0000:00: resource 8 [mem 0x100000000-0x17fffffff window]
[    0.480191] pci 0000:00:01.0: PIIX3: Enabling Passive Release
[    0.480907] pci 0000:00:00.0: Limiting direct PCI/PCI transfers
[    0.481676] PCI: CLS 0 bytes, default 64
[    0.482361] kvm_intel: VMX not supported by CPU 29
[    0.482988] kvm_amd: TSC scaling supported
[    0.483500] kvm_amd: Nested Virtualization enabled
[    0.484087] kvm_amd: Nested Paging enabled
[    0.484597] kvm_amd: LBR virtualization supported
[    0.485187] kvm_amd: Virtual GIF supported
[    0.485696] kvm_amd: Virtual NMI enabled
[    0.519495] clocksource: tsc: mask: 0xffffffffffffffff max_cycles: 0x40be400eb43, max_idle_ns: 440795366972 ns
[    0.538494] Initialise system trusted keyrings
[    0.539172] workingset: timestamp_bits=56 max_order=18 bucket_order=0
[    0.540086] squashfs: version 4.0 (2009/01/31) Phillip Lougher
[    0.540834] fuse: init (API version 7.41)
[    0.541470] 9p: Installing v9fs 9p2000 file system support
[    0.551415] Key type asymmetric registered
[    0.551932] Asymmetric key parser 'x509' registered
[    0.552606] Block layer SCSI generic (bsg) driver version 0.4 loaded (major 249)
[    0.553560] io scheduler mq-deadline registered
[    0.554144] io scheduler kyber registered
[    0.556830] input: Power Button as /devices/LNXSYSTM:00/LNXPWRBN:00/input/input0
[    0.558161] ACPI: button: Power Button [PWRF]
[    0.560068] Warning: Processor Platform Limit event detected, but not handled.
[    0.560964] Consider compiling CPUfreq support into your kernel.
[    1.352389] ACPI: \_SB_.LNKB: Enabled at IRQ 10
[    2.127057] ACPI: \_SB_.LNKC: Enabled at IRQ 11
[    2.901968] ACPI: \_SB_.LNKA: Enabled at IRQ 10
[    2.903271] Serial: 8250/16550 driver, 4 ports, IRQ sharing enabled
[    2.904351] 00:03: ttyS0 at I/O 0x3f8 (irq = 4, base_baud = 115200) is a 16550A
[    2.935661] Non-volatile memory driver v1.3
[    2.936193] Linux agpgart interface v0.103
[    2.936897] ACPI: bus type drm_connector registered
[    2.937519] printk: legacy console [hvc0] enabled
[    2.938137] printk: legacy bootconsole [earlyser0] disabled
          _      _                                    
   __   _(_)_ __| |_ _ __ ___   ___       _ __   __ _ 
   \ \ / / |  __| __|  _   _ \ / _ \_____|  _ \ / _  |
    \ V /| | |  | |_| | | | | |  __/_____| | | | (_| |
     \_/ |_|_|   \__|_| |_| |_|\___|     |_| |_|\__  |
                                                |___/ 
   kernel version: 6.13.0-rc1-virtme x86_64
   (CTRL+d to exit)

root@virtme-ng:/nipa-data/kernel# PS1='xx__-> '
xx__-> env
PWD=/nipa-data/kernel
nr_open=1048576
HOME=/
TERM=xterm
SHLVL=2
XDG_RUNTIME_DIR=/run/user/0
PATH=/bin:/sbin:/usr/bin:/usr/sbin:/usr/local/bin
OLDPWD=/
_=/bin/env
xx__-> 