No EFI environment detected.
early console in extract_kernel
input_data: 0x0000000004b142b9
input_len: 0x00000000017c5b28
output: 0x0000000001000000
output_len: 0x0000000005266578
kernel_total_size: 0x0000000004e30000
needed_size: 0x0000000005400000
trampoline_32bit: 0x0000000000000000
Physical KASLR using RDRAND RDTSC...
Virtual KASLR using RDRAND RDTSC...

Decompressing Linux... Parsing ELF... Performing relocations... done.
Booting the kernel (entry_offset: 0x0000000000000000).
[    0.000000] Linux version 6.8.0-rc6-virtme (root@2a4e39ca20ed) (gcc (Alpine 13.2.1_git20231014) 13.2.1 20231014, GNU ld (GNU Binutils) 2.42) #1 SMP PREEMPT_DYNAMIC Thu Mar  7 03:26:43 UTC 2024
[    0.000000] Command line: virtme_hostname=virtme-ng nr_open=1048576 virtme_link_mods=/nipa-data/kernel/.virtme_mods/lib/modules/0.0.0 virtme_initmount0=nipa-data/kernel virtme_rw_overlay0=/etc virtme_rw_overlay1=/lib virtme_rw_overlay2=/home virtme_rw_overlay3=/opt virtme_rw_overlay4=/srv virtme_rw_overlay5=/usr virtme_rw_overlay6=/var console=hvc0 earlyprintk=serial,ttyS0,115200 virtme_console=ttyS0 psmouse.proto=exps TERM=xterm virtme_chdir=nipa-data/kernel virtme_root_user=1 rootfstype=9p rootflags=version=9p2000.L,trans=virtio,access=any raid=noautodetect ro init=/usr/lib/python3.11/site-packages/virtme/guest/virtme-init
[    0.000000] BIOS-provided physical RAM map:
[    0.000000] BIOS-e820: [mem 0x0000000000000000-0x000000000009fbff] usable
[    0.000000] BIOS-e820: [mem 0x000000000009fc00-0x000000000009ffff] reserved
[    0.000000] BIOS-e820: [mem 0x00000000000f0000-0x00000000000fffff] reserved
[    0.000000] BIOS-e820: [mem 0x0000000000100000-0x000000003ffdffff] usable
[    0.000000] BIOS-e820: [mem 0x000000003ffe0000-0x000000003fffffff] reserved
[    0.000000] BIOS-e820: [mem 0x00000000feffc000-0x00000000feffffff] reserved
[    0.000000] BIOS-e820: [mem 0x00000000fffc0000-0x00000000ffffffff] reserved
[    0.000000] BIOS-e820: [mem 0x000000fd00000000-0x000000ffffffffff] reserved
[    0.000000] printk: legacy bootconsole [earlyser0] enabled
[    0.000000] NX (Execute Disable) protection: active
[    0.000000] APIC: Static calls initialized
[    0.000000] SMBIOS 3.0.0 present.
[    0.000000] DMI: QEMU Standard PC (i440FX + PIIX, 1996), BIOS rel-1.16.3-0-ga6ed6b701f0a-prebuilt.qemu.org 04/01/2014
[    0.000000] Hypervisor detected: KVM
[    0.000000] kvm-clock: Using msrs 4b564d01 and 4b564d00
[    0.000000] kvm-clock: using sched offset of 364853354 cycles
[    0.000382] clocksource: kvm-clock: mask: 0xffffffffffffffff max_cycles: 0x1cd42e4dffb, max_idle_ns: 881590591483 ns
[    0.001573] tsc: Detected 4491.536 MHz processor
[    0.002287] last_pfn = 0x3ffe0 max_arch_pfn = 0x400000000
[    0.002709] MTRR map: 4 entries (3 fixed + 1 variable; max 19), built from 8 variable MTRRs
[    0.003325] x86/PAT: Configuration [0-7]: WB  WC  UC- UC  WB  WP  UC- WT  
[    0.005385] found SMP MP-table at [mem 0x000f5470-0x000f547f]
[    0.005816] Using GB pages for direct mapping
[    0.006350] ACPI: Early table checksum verification disabled
[    0.006767] ACPI: RSDP 0x00000000000F5290 000014 (v00 BOCHS )
[    0.007191] ACPI: RSDT 0x000000003FFE27BC 000034 (v01 BOCHS  BXPC     00000001 BXPC 00000001)
[    0.007821] ACPI: FACP 0x000000003FFE2578 000074 (v01 BOCHS  BXPC     00000001 BXPC 00000001)
[    0.008451] ACPI: DSDT 0x000000003FFE0040 002538 (v01 BOCHS  BXPC     00000001 BXPC 00000001)
[    0.009078] ACPI: FACS 0x000000003FFE0000 000040
[    0.009423] ACPI: APIC 0x000000003FFE25EC 000170 (v03 BOCHS  BXPC     00000001 BXPC 00000001)
[    0.010050] ACPI: HPET 0x000000003FFE275C 000038 (v01 BOCHS  BXPC     00000001 BXPC 00000001)
[    0.010676] ACPI: WAET 0x000000003FFE2794 000028 (v01 BOCHS  BXPC     00000001 BXPC 00000001)
[    0.011305] ACPI: Reserving FACP table memory at [mem 0x3ffe2578-0x3ffe25eb]
[    0.011821] ACPI: Reserving DSDT table memory at [mem 0x3ffe0040-0x3ffe2577]
[    0.012336] ACPI: Reserving FACS table memory at [mem 0x3ffe0000-0x3ffe003f]
[    0.012851] ACPI: Reserving APIC table memory at [mem 0x3ffe25ec-0x3ffe275b]
[    0.013372] ACPI: Reserving HPET table memory at [mem 0x3ffe275c-0x3ffe2793]
[    0.013889] ACPI: Reserving WAET table memory at [mem 0x3ffe2794-0x3ffe27bb]
[    0.014601] No NUMA configuration found
[    0.014882] Faking a node at [mem 0x0000000000000000-0x000000003ffdffff]
[    0.015376] NODE_DATA(0) allocated [mem 0x3ffdb000-0x3ffdffff]
[    0.015820] Zone ranges:
[    0.016006]   DMA      [mem 0x0000000000001000-0x0000000000ffffff]
[    0.016459]   DMA32    [mem 0x0000000001000000-0x000000003ffdffff]
[    0.016912]   Normal   empty
[    0.017123]   Device   empty
[    0.017339] Movable zone start for each node
[    0.017651] Early memory node ranges
[    0.017913]   node   0: [mem 0x0000000000001000-0x000000000009efff]
[    0.018371]   node   0: [mem 0x0000000000100000-0x000000003ffdffff]
[    0.018829] Initmem setup node 0 [mem 0x0000000000001000-0x000000003ffdffff]
[    0.019350] On node 0, zone DMA: 1 pages in unavailable ranges
[    0.019833] On node 0, zone DMA: 97 pages in unavailable ranges
[    0.024398] On node 0, zone DMA32: 32 pages in unavailable ranges
[    0.033616] kasan: KernelAddressSanitizer initialized
[    0.034218] ACPI: PM-Timer IO Port: 0x608
[    0.034519] ACPI: LAPIC_NMI (acpi_id[0xff] dfl dfl lint[0x1])
[    0.034969] IOAPIC[0]: apic_id 0, version 17, address 0xfec00000, GSI 0-23
[    0.035471] ACPI: INT_SRC_OVR (bus 0 bus_irq 0 global_irq 2 dfl dfl)
[    0.035934] ACPI: INT_SRC_OVR (bus 0 bus_irq 5 global_irq 5 high level)
[    0.036416] ACPI: INT_SRC_OVR (bus 0 bus_irq 9 global_irq 9 high level)
[    0.036898] ACPI: INT_SRC_OVR (bus 0 bus_irq 10 global_irq 10 high level)
[    0.037406] ACPI: INT_SRC_OVR (bus 0 bus_irq 11 global_irq 11 high level)
[    0.037903] ACPI: Using ACPI (MADT) for SMP configuration information
[    0.038372] ACPI: HPET id: 0x8086a201 base: 0xfed00000
[    0.038750] TSC deadline timer available
[    0.039036] smpboot: Allowing 32 CPUs, 0 hotplug CPUs
[    0.039419] kvm-guest: APIC: eoi() replaced with kvm_guest_apic_eoi_write()
[    0.039940] kvm-guest: KVM setup pv remote TLB flush
[    0.040304] kvm-guest: setup PV sched yield
[    0.040615] PM: hibernation: Registered nosave memory: [mem 0x00000000-0x00000fff]
[    0.041174] PM: hibernation: Registered nosave memory: [mem 0x0009f000-0x0009ffff]
[    0.041728] PM: hibernation: Registered nosave memory: [mem 0x000a0000-0x000effff]
[    0.042281] PM: hibernation: Registered nosave memory: [mem 0x000f0000-0x000fffff]
[    0.042834] [mem 0x40000000-0xfeffbfff] available for PCI devices
[    0.043279] Booting paravirtualized kernel on KVM
[    0.043624] clocksource: refined-jiffies: mask: 0xffffffff max_cycles: 0xffffffff, max_idle_ns: 1910969940391419 ns
[    0.052257] setup_percpu: NR_CPUS:64 nr_cpumask_bits:32 nr_cpu_ids:32 nr_node_ids:1
[    0.054025] percpu: Embedded 68 pages/cpu s241448 r8192 d28888 u524288
[    0.054561] Kernel command line: virtme_hostname=virtme-ng nr_open=1048576 virtme_link_mods=/nipa-data/kernel/.virtme_mods/lib/modules/0.0.0 virtme_initmount0=nipa-data/kernel virtme_rw_overlay0=/etc virtme_rw_overlay1=/lib virtme_rw_overlay2=/home virtme_rw_overlay3=/opt virtme_rw_overlay4=/srv virtme_rw_overlay5=/usr virtme_rw_overlay6=/var console=hvc0 earlyprintk=serial,ttyS0,115200 virtme_console=ttyS0 psmouse.proto=exps TERM=xterm virtme_chdir=nipa-data/kernel virtme_root_user=1 rootfstype=9p rootflags=version=9p2000.L,trans=virtio,access=any raid=noautodetect ro init=/usr/lib/python3.11/site-packages/virtme/guest/virtme-init
[    0.058891] Unknown kernel command line parameters "virtme_hostname=virtme-ng nr_open=1048576 virtme_link_mods=/nipa-data/kernel/.virtme_mods/lib/modules/0.0.0 virtme_initmount0=nipa-data/kernel virtme_rw_overlay0=/etc virtme_rw_overlay1=/lib virtme_rw_overlay2=/home virtme_rw_overlay3=/opt virtme_rw_overlay4=/srv virtme_rw_overlay5=/usr virtme_rw_overlay6=/var virtme_console=ttyS0 virtme_chdir=nipa-data/kernel virtme_root_user=1", will be passed to user space.
[    0.062158] random: crng init done
[    0.062515] Dentry cache hash table entries: 131072 (order: 8, 1048576 bytes, linear)
[    0.063114] Inode-cache hash table entries: 65536 (order: 7, 524288 bytes, linear)
[    0.064104] Fallback order for Node 0: 0 
[    0.064109] Built 1 zonelists, mobility grouping on.  Total pages: 257760
[    0.064920] Policy zone: DMA32
[    0.065158] mem auto-init: stack:all(zero), heap alloc:off, heap free:off
[    0.065671] stackdepot: allocating hash table via alloc_large_system_hash
[    0.066181] stackdepot hash table entries: 1048576 (order: 12, 16777216 bytes, linear)
[    0.074054] Memory: 781296K/1048056K available (43008K kernel code, 11338K rwdata, 9576K rodata, 5740K init, 2416K bss, 266504K reserved, 0K cma-reserved)
[    0.075271] SLUB: HWalign=64, Order=0-3, MinObjects=0, CPUs=32, Nodes=1
Poking KASLR using RDRAND RDTSC...
[    0.076033] ftrace: allocating 46511 entries in 182 pages
[    0.084456] ftrace: allocated 182 pages with 5 groups
[    0.085670] Dynamic Preempt: voluntary
[    0.086287] rcu: Preemptible hierarchical RCU implementation.
[    0.086720] rcu: RCU event tracing is enabled.
[    0.087059] rcu: RCU restricting CPUs from NR_CPUS=64 to nr_cpu_ids=32.
[    0.087562] Trampoline variant of Tasks RCU enabled.
[    0.087940] Rude variant of Tasks RCU enabled.
[    0.088280] Tracing variant of Tasks RCU enabled.
[    0.088639] rcu: RCU calculated value of scheduler-enlistment delay is 100 jiffies.
[    0.089216] rcu: Adjusting geometry for rcu_fanout_leaf=16, nr_cpu_ids=32
[    0.097680] NR_IRQS: 4352, nr_irqs: 680, preallocated irqs: 16
[    0.098357] rcu: srcu_init: Setting srcu_struct sizes based on contention.
[    0.099068] Console: colour *CGA 80x25
[    0.099371] ACPI: Core revision 20230628
[    0.099819] clocksource: hpet: mask: 0xffffffff max_cycles: 0xffffffff, max_idle_ns: 19112604467 ns
[    0.100568] APIC: Switch to symmetric I/O mode setup
[    0.100965] APIC: Switched APIC routing to: physical flat
[    0.101417] kvm-guest: APIC: send_IPI_mask() replaced with kvm_send_ipi_mask()
[    0.101956] kvm-guest: APIC: send_IPI_mask_allbutself() replaced with kvm_send_ipi_mask_allbutself()
[    0.102653] kvm-guest: setup PV IPIs
[    0.103799] ..TIMER: vector=0x30 apic1=0 pin1=2 apic2=-1 pin2=-1
[    0.104621] tsc: Marking TSC unstable due to TSCs unsynchronized
[    0.105416] Calibrating delay loop (skipped) preset value.. 8983.07 BogoMIPS (lpj=4491536)
[    0.107429] x86/cpu: User Mode Instruction Prevention (UMIP) activated
[    0.108347] Last level iTLB entries: 4KB 512, 2MB 255, 4MB 127
[    0.108412] Last level dTLB entries: 4KB 512, 2MB 255, 4MB 127, 1GB 0
[    0.109416] Spectre V1 : Mitigation: usercopy/swapgs barriers and __user pointer sanitization
[    0.110417] Spectre V2 : Mitigation: Enhanced / Automatic IBRS
[    0.111412] Spectre V2 : Spectre v2 / SpectreRSB mitigation: Filling RSB on context switch
[    0.112414] Spectre V2 : mitigation: Enabling conditional Indirect Branch Prediction Barrier
[    0.113414] Speculative Store Bypass: Mitigation: Speculative Store Bypass disabled via prctl
[    0.114412] Speculative Return Stack Overflow: IBPB-extending microcode not applied!
[    0.115412] Speculative Return Stack Overflow: WARNING: See https://kernel.org/doc/html/latest/admin-guide/hw-vuln/srso.html for mitigation options.
[    0.115413] Speculative Return Stack Overflow: Vulnerable: Safe RET, no microcode
[    0.117429] x86/fpu: Supporting XSAVE feature 0x001: 'x87 floating point registers'
[    0.118412] x86/fpu: Supporting XSAVE feature 0x002: 'SSE registers'
[    0.119412] x86/fpu: Supporting XSAVE feature 0x004: 'AVX registers'
[    0.120412] x86/fpu: Supporting XSAVE feature 0x020: 'AVX-512 opmask'
[    0.121412] x86/fpu: Supporting XSAVE feature 0x040: 'AVX-512 Hi256'
[    0.122412] x86/fpu: Supporting XSAVE feature 0x080: 'AVX-512 ZMM_Hi256'
[    0.123273] x86/fpu: Supporting XSAVE feature 0x200: 'Protection Keys User registers'
[    0.123413] x86/fpu: xstate_offset[2]:  576, xstate_sizes[2]:  256
[    0.124412] x86/fpu: xstate_offset[5]:  832, xstate_sizes[5]:   64
[    0.125412] x86/fpu: xstate_offset[6]:  896, xstate_sizes[6]:  512
[    0.126412] x86/fpu: xstate_offset[7]: 1408, xstate_sizes[7]: 1024
[    0.127412] x86/fpu: xstate_offset[9]: 2432, xstate_sizes[9]:    8
[    0.128206] x86/fpu: Enabled xstate features 0x2e7, context size is 2440 bytes, using 'compacted' format.
[    0.149111] Freeing SMP alternatives memory: 36K
[    0.149413] pid_max: default: 32768 minimum: 301
[    0.150460] Mount-cache hash table entries: 2048 (order: 2, 16384 bytes, linear)
[    0.151402] Mountpoint-cache hash table entries: 2048 (order: 2, 16384 bytes, linear)
[    0.153045] smpboot: CPU0: AMD Ryzen 9 7950X 16-Core Processor (family: 0x19, model: 0x61, stepping: 0x2)
[    0.153730] RCU Tasks: Setting shift to 5 and lim to 1 rcu_task_cb_adjust=1.
[    0.154437] RCU Tasks Rude: Setting shift to 5 and lim to 1 rcu_task_cb_adjust=1.
[    0.155414] RCU Tasks Trace: Setting shift to 5 and lim to 1 rcu_task_cb_adjust=1.
[    0.156391] Performance Events: Fam17h+ core perfctr, AMD PMU driver.
[    0.157244] ... version:                0
[    0.157414] ... bit width:              48
[    0.157931] ... generic registers:      6
[    0.158414] ... value mask:             0000ffffffffffff
[    0.159089] ... max period:             00007fffffffffff
[    0.159414] ... fixed-purpose events:   0
[    0.159919] ... event mask:             000000000000003f
[    0.160510] signal: max sigframe size: 3376
[    0.161084] rcu: Hierarchical SRCU implementation.
[    0.161414] rcu: Max phase no-delay instances is 400.
[    0.166150] smp: Bringing up secondary CPUs ...
[    0.166594] smpboot: x86: Booting SMP configuration:
[    0.167225] .... node  #0, CPUs:        #1  #2  #3  #4  #5  #6  #7  #8  #9 #10 #11 #12 #13 #14 #15 #16 #17 #18 #19 #20 #21 #22 #23 #24 #25 #26 #27 #28 #29 #30 #31
[    0.190573] smp: Brought up 1 node, 32 CPUs
[    0.192130] smpboot: Max logical packages: 1
[    0.192417] smpboot: Total of 32 processors activated (287458.30 BogoMIPS)
[    0.201661] devtmpfs: initialized
[    0.202593] x86/mm: Memory block size: 128MB
[    0.211848] clocksource: jiffies: mask: 0xffffffff max_cycles: 0xffffffff, max_idle_ns: 1911260446275000 ns
[    0.212421] futex hash table entries: 8192 (order: 7, 524288 bytes, linear)
[    0.213855] PM: RTC time: 03:27:20, date: 2024-03-07
[    0.215349] NET: Registered PF_NETLINK/PF_ROUTE protocol family
[    0.216518] thermal_sys: Registered thermal governor 'step_wise'
[    0.216521] thermal_sys: Registered thermal governor 'user_space'
[    0.217493] cpuidle: using governor menu
[    0.220895] PCI: Using configuration type 1 for base access
[    0.221415] PCI: Using configuration type 1 for extended access
[    0.222586] kprobes: kprobe jump-optimization is enabled. All kprobes are optimized if possible.
[    0.230135] HugeTLB: registered 1.00 GiB page size, pre-allocated 0 pages
[    0.231415] HugeTLB: 16380 KiB vmemmap can be freed for a 1.00 GiB page
[    0.232303] HugeTLB: registered 2.00 MiB page size, pre-allocated 0 pages
[    0.232414] HugeTLB: 28 KiB vmemmap can be freed for a 2.00 MiB page
[    0.234718] ACPI: Added _OSI(Module Device)
[    0.234973] ACPI: Added _OSI(Processor Device)
[    0.236415] ACPI: Added _OSI(3.0 _SCP Extensions)
[    0.237042] ACPI: Added _OSI(Processor Aggregator Device)
[    0.262534] ACPI: 1 ACPI AML tables successfully acquired and loaded
[    0.265595] ACPI: _OSC evaluation for CPUs failed, trying _PDC
[    0.268784] ACPI: Interpreter enabled
[    0.269338] ACPI: PM: (supports S0 S3 S4 S5)
[    0.269415] ACPI: Using IOAPIC for interrupt routing
[    0.270120] PCI: Using host bridge windows from ACPI; if necessary, use "pci=nocrs" and report a bug
[    0.271415] PCI: Using E820 reservations for host bridge windows
[    0.273344] ACPI: Enabled 2 GPEs in block 00 to 0F
[    0.323412] ACPI: PCI Root Bridge [PCI0] (domain 0000 [bus 00-ff])
[    0.323412] acpi PNP0A03:00: _OSC: OS supports [ExtendedConfig ASPM ClockPM Segments MSI HPX-Type3]
[    0.326967] PCI host bridge to bus 0000:00
[    0.327418] pci_bus 0000:00: root bus resource [io  0x0000-0x0cf7 window]
[    0.328327] pci_bus 0000:00: root bus resource [io  0x0d00-0xffff window]
[    0.329418] pci_bus 0000:00: root bus resource [mem 0x000a0000-0x000bffff window]
[    0.330413] pci_bus 0000:00: root bus resource [mem 0x40000000-0xfebfffff window]
[    0.331404] pci_bus 0000:00: root bus resource [mem 0x100000000-0x17fffffff window]
[    0.332418] pci_bus 0000:00: root bus resource [bus 00-ff]
[    0.333318] pci 0000:00:00.0: [8086:1237] type 00 class 0x060000 conventional PCI endpoint
[    0.335322] pci 0000:00:01.0: [8086:7000] type 00 class 0x060100 conventional PCI endpoint
[    0.337378] pci 0000:00:01.1: [8086:7010] type 00 class 0x010180 conventional PCI endpoint
[    0.340691] pci 0000:00:01.1: BAR 4 [io  0xc0c0-0xc0cf]
[    0.342167] pci 0000:00:01.1: BAR 0 [io  0x01f0-0x01f7]: legacy IDE quirk
[    0.343416] pci 0000:00:01.1: BAR 1 [io  0x03f6]: legacy IDE quirk
[    0.344415] pci 0000:00:01.1: BAR 2 [io  0x0170-0x0177]: legacy IDE quirk
[    0.345415] pci 0000:00:01.1: BAR 3 [io  0x0376]: legacy IDE quirk
[    0.346952] pci 0000:00:01.3: [8086:7113] type 00 class 0x068000 conventional PCI endpoint
[    0.348692] pci 0000:00:01.3: quirk: [io  0x0600-0x063f] claimed by PIIX4 ACPI
[    0.350419] pci 0000:00:01.3: quirk: [io  0x0700-0x070f] claimed by PIIX4 SMB
[    0.352151] pci 0000:00:02.0: [1af4:1009] type 00 class 0x000200 conventional PCI endpoint
[    0.354415] pci 0000:00:02.0: BAR 0 [io  0xc000-0xc03f]
[    0.356089] pci 0000:00:02.0: BAR 1 [mem 0xfebfc000-0xfebfcfff]
[    0.362120] pci 0000:00:02.0: BAR 4 [mem 0xfebf0000-0xfebf3fff 64bit pref]
[    0.376541] pci 0000:00:03.0: [1af4:1009] type 00 class 0x000200 conventional PCI endpoint
[    0.378415] pci 0000:00:03.0: BAR 0 [io  0xc040-0xc07f]
[    0.381119] pci 0000:00:03.0: BAR 1 [mem 0xfebfd000-0xfebfdfff]
[    0.386415] pci 0000:00:03.0: BAR 4 [mem 0xfebf4000-0xfebf7fff 64bit pref]
[    0.400830] pci 0000:00:04.0: [8086:25ab] type 00 class 0x088000 conventional PCI endpoint
[    0.402791] pci 0000:00:04.0: BAR 0 [mem 0xfebfe000-0xfebfe00f]
[    0.418147] pci 0000:00:05.0: [1af4:1003] type 00 class 0x078000 conventional PCI endpoint
[    0.420415] pci 0000:00:05.0: BAR 0 [io  0xc080-0xc0bf]
[    0.423112] pci 0000:00:05.0: BAR 1 [mem 0xfebff000-0xfebfffff]
[    0.428415] pci 0000:00:05.0: BAR 4 [mem 0xfebf8000-0xfebfbfff 64bit pref]
[    0.445770] ACPI: PCI: Interrupt link LNKA configured for IRQ 10
[    0.447417] ACPI: PCI: Interrupt link LNKB configured for IRQ 10
[    0.449197] ACPI: PCI: Interrupt link LNKC configured for IRQ 11
[    0.451391] ACPI: PCI: Interrupt link LNKD configured for IRQ 11
[    0.452816] ACPI: PCI: Interrupt link LNKS configured for IRQ 9
[    0.472870] iommu: Default domain type: Translated
[    0.473414] iommu: DMA domain TLB invalidation policy: lazy mode
[    0.474754] SCSI subsystem initialized
[    0.475651] pps_core: LinuxPPS API ver. 1 registered
[    0.476321] pps_core: Software ver. 5.3.6 - Copyright 2005-2007 Rodolfo Giometti <giometti@linux.it>
[    0.477431] PTP clock support registered
[    0.478568] Advanced Linux Sound Architecture Driver Initialized.
[    0.480637] NET: Registered PF_ATMPVC protocol family
[    0.481321] NET: Registered PF_ATMSVC protocol family
[    0.482440] PCI: Using ACPI for IRQ routing
[    0.483139] vgaarb: loaded
[    0.483546] hpet0: at MMIO 0xfed00000, IRQs 2, 8, 0
[    0.484210] hpet0: 3 comparators, 64-bit 100.000000 MHz counter
[    0.491682] clocksource: Switched to clocksource kvm-clock
[    0.492910] VFS: Disk quotas dquot_6.6.0
[    0.493462] VFS: Dquot-cache hash table entries: 512 (order 0, 4096 bytes)
[    0.494605] pnp: PnP ACPI init
[    0.500286] pnp: PnP ACPI: found 5 devices
[    0.514546] clocksource: acpi_pm: mask: 0xffffff max_cycles: 0xffffff, max_idle_ns: 2085701024 ns
[    0.516168] NET: Registered PF_INET protocol family
[    0.517079] IP idents hash table entries: 16384 (order: 5, 131072 bytes, linear)
[    0.518629] tcp_listen_portaddr_hash hash table entries: 512 (order: 1, 8192 bytes, linear)
[    0.519751] Table-perturb hash table entries: 65536 (order: 6, 262144 bytes, linear)
[    0.520807] TCP established hash table entries: 8192 (order: 4, 65536 bytes, linear)
[    0.521856] TCP bind hash table entries: 8192 (order: 6, 262144 bytes, linear)
[    0.522839] TCP: Hash tables configured (established 8192 bind 8192)
[    0.524013] UDP hash table entries: 512 (order: 2, 16384 bytes, linear)
[    0.525145] UDP-Lite hash table entries: 512 (order: 2, 16384 bytes, linear)
[    0.526453] NET: Registered PF_UNIX/PF_LOCAL protocol family
[    0.527235] pci_bus 0000:00: resource 4 [io  0x0000-0x0cf7 window]
[    0.528067] pci_bus 0000:00: resource 5 [io  0x0d00-0xffff window]
[    0.528886] pci_bus 0000:00: resource 6 [mem 0x000a0000-0x000bffff window]
[    0.529810] pci_bus 0000:00: resource 7 [mem 0x40000000-0xfebfffff window]
[    0.530736] pci_bus 0000:00: resource 8 [mem 0x100000000-0x17fffffff window]
[    0.531888] pci 0000:00:01.0: PIIX3: Enabling Passive Release
[    0.532689] pci 0000:00:00.0: Limiting direct PCI/PCI transfers
[    0.533525] PCI: CLS 0 bytes, default 64
[    0.534113] kvm_intel: VMX not supported by CPU 0
[    0.534776] kvm_amd: TSC scaling supported
[    0.535327] kvm_amd: Nested Virtualization enabled
[    0.535972] kvm_amd: Nested Paging enabled
[    0.536678] kvm_amd: Virtual VMLOAD VMSAVE supported
[    0.537344] kvm_amd: Virtual GIF supported
[    0.537892] kvm_amd: Virtual NMI enabled
[    0.538420] kvm_amd: LBR virtualization supported
[    0.653756] workingset: timestamp_bits=56 max_order=18 bucket_order=0
[    0.654916] squashfs: version 4.0 (2009/01/31) Phillip Lougher
[    0.655957] fuse: init (API version 7.39)
[    0.656659] 9p: Installing v9fs 9p2000 file system support
[    0.657555] Key type asymmetric registered
[    0.658178] Block layer SCSI generic (bsg) driver version 0.4 loaded (major 249)
[    0.659232] io scheduler mq-deadline registered
[    0.659855] io scheduler kyber registered
[    0.661824] input: Power Button as /devices/LNXSYSTM:00/LNXPWRBN:00/input/input0
[    0.663109] ACPI: button: Power Button [PWRF]
[    0.663846] Warning: Processor Platform Limit event detected, but not handled.
[    0.664838] Consider compiling CPUfreq support into your kernel.
[    1.561905] ACPI: \_SB_.LNKB: Enabled at IRQ 10
[    2.408899] ACPI: \_SB_.LNKC: Enabled at IRQ 11
[    3.256790] ACPI: \_SB_.LNKA: Enabled at IRQ 10
[    3.258367] Serial: 8250/16550 driver, 4 ports, IRQ sharing enabled
[    3.259539] 00:03: ttyS0 at I/O 0x3f8 (irq = 4, base_baud = 115200) is a 16550A
[    3.300677] Non-volatile memory driver v1.3
[    3.301240] Linux agpgart interface v0.103
[    3.301950] ACPI: bus type drm_connector registered
[    3.302598] printk: legacy console [hvc0] enabled
[    3.303367] printk: legacy bootconsole [earlyser0] disabled
          _      _                                    
   __   _(_)_ __| |_ _ __ ___   ___       _ __   __ _ 
   \ \ / / |  __| __|  _   _ \ / _ \_____|  _ \ / _  |
    \ V /| | |  | |_| | | | | |  __/_____| | | | (_| |
     \_/ |_|_|   \__|_| |_| |_|\___|     |_| |_|\__  |
                                                |___/ 
   kernel version: 6.8.0-rc6-virtme x86_64
   (CTRL+d to exit)

virtme-ng:/nipa-data/kernel# PS1='xx__-> '
xx__-> env
PWD=/nipa-data/kernel
nr_open=1048576
HOME=/
TERM=xterm
SHLVL=2
XDG_RUNTIME_DIR=/run/user/0
PATH=/bin:/sbin:/usr/bin:/usr/sbin:/usr/local/bin
OLDPWD=/
_=/usr/bin/env
xx__-> 