No EFI environment detected.
early console in extract_kernel
input_data: 0x0000000004cba2c4
input_len: 0x00000000018cab1c
output: 0x0000000001000000
output_len: 0x000000000550ed64
kernel_total_size: 0x0000000005030000
needed_size: 0x0000000005600000
trampoline_32bit: 0x000000000009d000
Physical KASLR using RDRAND RDTSC...
Virtual KASLR using RDRAND RDTSC...

Decompressing Linux... Parsing ELF... Performing relocations... done.
Booting the kernel (entry_offset: 0x0000000000000000).
[    0.000000] Linux version 6.12.0-rc1-virtme (root@d73f3e83af72) (gcc (Ubuntu 13.2.0-23ubuntu4) 13.2.0, GNU ld (GNU Binutils for Ubuntu) 2.42) #1 SMP PREEMPT_DYNAMIC Sun Oct  6 03:28:59 UTC 2024
[    0.000000] Command line: virtme_hostname=virtme-ng nr_open=1048576 virtme_link_mods=/nipa-data/kernel/.virtme_mods/lib/modules/0.0.0 virtme_initmount0=nipa-data/kernel virtme_rw_overlay0=/etc virtme_rw_overlay1=/lib virtme_rw_overlay2=/home virtme_rw_overlay3=/opt virtme_rw_overlay4=/srv virtme_rw_overlay5=/usr virtme_rw_overlay6=/var console=hvc0 earlyprintk=serial,ttyS0,115200 virtme_console=ttyS0 psmouse.proto=exps TERM=xterm virtme_chdir=nipa-data/kernel virtme_root_user=1 rootfstype=9p rootflags=version=9p2000.L,trans=virtio,access=any raid=noautodetect ro init=/usr/lib/python3/dist-packages/virtme/guest/virtme-init
[    0.000000] x86/split lock detection: #DB: warning on user-space bus_locks
[    0.000000] BIOS-provided physical RAM map:
[    0.000000] BIOS-e820: [mem 0x0000000000000000-0x000000000009fbff] usable
[    0.000000] BIOS-e820: [mem 0x000000000009fc00-0x000000000009ffff] reserved
[    0.000000] BIOS-e820: [mem 0x00000000000f0000-0x00000000000fffff] reserved
[    0.000000] BIOS-e820: [mem 0x0000000000100000-0x000000003ffdffff] usable
[    0.000000] BIOS-e820: [mem 0x000000003ffe0000-0x000000003fffffff] reserved
[    0.000000] BIOS-e820: [mem 0x00000000feffc000-0x00000000feffffff] reserved
[    0.000000] BIOS-e820: [mem 0x00000000fffc0000-0x00000000ffffffff] reserved
[    0.000000] printk: legacy bootconsole [earlyser0] enabled
[    0.000000] NX (Execute Disable) protection: active
[    0.000000] APIC: Static calls initialized
[    0.000000] SMBIOS 3.0.0 present.
[    0.000000] DMI: QEMU Ubuntu 24.04 PC (i440FX + PIIX, 1996), BIOS 1.16.3-debian-1.16.3-2 04/01/2014
[    0.000000] DMI: Memory slots populated: 1/1
[    0.000000] Hypervisor detected: KVM
[    0.000000] kvm-clock: Using msrs 4b564d01 and 4b564d00
[    0.000001] kvm-clock: using sched offset of 1315767497 cycles
[    0.000767] clocksource: kvm-clock: mask: 0xffffffffffffffff max_cycles: 0x1cd42e4dffb, max_idle_ns: 881590591483 ns
[    0.003158] tsc: Detected 2000.000 MHz processor
[    0.004537] last_pfn = 0x3ffe0 max_arch_pfn = 0x10000000000
[    0.005415] MTRR map: 4 entries (3 fixed + 1 variable; max 19), built from 8 variable MTRRs
[    0.006635] x86/PAT: Configuration [0-7]: WB  WC  UC- UC  WB  WP  UC- WT  
[    0.015190] found SMP MP-table at [mem 0x000f5470-0x000f547f]
[    0.016063] Using GB pages for direct mapping
[    0.017002] ACPI: Early table checksum verification disabled
[    0.017831] ACPI: RSDP 0x00000000000F5290 000014 (v00 BOCHS )
[    0.018674] ACPI: RSDT 0x000000003FFE308E 000034 (v01 BOCHS  BXPC     00000001 BXPC 00000001)
[    0.019925] ACPI: FACP 0x000000003FFE2D8A 000074 (v01 BOCHS  BXPC     00000001 BXPC 00000001)
[    0.021182] ACPI: DSDT 0x000000003FFE0040 002D4A (v01 BOCHS  BXPC     00000001 BXPC 00000001)
[    0.022429] ACPI: FACS 0x000000003FFE0000 000040
[    0.023107] ACPI: APIC 0x000000003FFE2DFE 000230 (v03 BOCHS  BXPC     00000001 BXPC 00000001)
[    0.024353] ACPI: HPET 0x000000003FFE302E 000038 (v01 BOCHS  BXPC     00000001 BXPC 00000001)
[    0.025602] ACPI: WAET 0x000000003FFE3066 000028 (v01 BOCHS  BXPC     00000001 BXPC 00000001)
[    0.026846] ACPI: Reserving FACP table memory at [mem 0x3ffe2d8a-0x3ffe2dfd]
[    0.027871] ACPI: Reserving DSDT table memory at [mem 0x3ffe0040-0x3ffe2d89]
[    0.028900] ACPI: Reserving FACS table memory at [mem 0x3ffe0000-0x3ffe003f]
[    0.029926] ACPI: Reserving APIC table memory at [mem 0x3ffe2dfe-0x3ffe302d]
[    0.030961] ACPI: Reserving HPET table memory at [mem 0x3ffe302e-0x3ffe3065]
[    0.031986] ACPI: Reserving WAET table memory at [mem 0x3ffe3066-0x3ffe308d]
[    0.033523] No NUMA configuration found
[    0.034082] Faking a node at [mem 0x0000000000000000-0x000000003ffdffff]
[    0.035062] NODE_DATA(0) allocated [mem 0x3ffdb780-0x3ffdffff]
[    0.036073] Zone ranges:
[    0.036446]   DMA      [mem 0x0000000000001000-0x0000000000ffffff]
[    0.037362]   DMA32    [mem 0x0000000001000000-0x000000003ffdffff]
[    0.038264]   Normal   empty
[    0.038685]   Device   empty
[    0.039106] Movable zone start for each node
[    0.039730] Early memory node ranges
[    0.040250]   node   0: [mem 0x0000000000001000-0x000000000009efff]
[    0.041170]   node   0: [mem 0x0000000000100000-0x000000003ffdffff]
[    0.042083] Initmem setup node 0 [mem 0x0000000000001000-0x000000003ffdffff]
[    0.043117] On node 0, zone DMA: 1 pages in unavailable ranges
[    0.044068] On node 0, zone DMA: 97 pages in unavailable ranges
[    0.053655] On node 0, zone DMA32: 32 pages in unavailable ranges
[    0.088306] kasan: KernelAddressSanitizer initialized
[    0.089617] ACPI: PM-Timer IO Port: 0x608
[    0.090235] ACPI: LAPIC_NMI (acpi_id[0xff] dfl dfl lint[0x1])
[    0.091134] IOAPIC[0]: apic_id 0, version 17, address 0xfec00000, GSI 0-23
[    0.092150] ACPI: INT_SRC_OVR (bus 0 bus_irq 0 global_irq 2 dfl dfl)
[    0.093082] ACPI: INT_SRC_OVR (bus 0 bus_irq 5 global_irq 5 high level)
[    0.094046] ACPI: INT_SRC_OVR (bus 0 bus_irq 9 global_irq 9 high level)
[    0.095013] ACPI: INT_SRC_OVR (bus 0 bus_irq 10 global_irq 10 high level)
[    0.096005] ACPI: INT_SRC_OVR (bus 0 bus_irq 11 global_irq 11 high level)
[    0.097004] ACPI: Using ACPI (MADT) for SMP configuration information
[    0.097943] ACPI: HPET id: 0x8086a201 base: 0xfed00000
[    0.098697] TSC deadline timer available
[    0.099272] CPU topo: Max. logical packages:   1
[    0.099946] CPU topo: Max. logical dies:       1
[    0.100618] CPU topo: Max. dies per package:   1
[    0.101392] CPU topo: Max. threads per core:   1
[    0.102065] CPU topo: Num. cores per package:    56
[    0.102776] CPU topo: Num. threads per package:  56
[    0.103485] CPU topo: Allowing 56 present CPUs plus 0 hotplug CPUs
[    0.104418] kvm-guest: APIC: eoi() replaced with kvm_guest_apic_eoi_write()
[    0.105459] kvm-guest: KVM setup pv remote TLB flush
[    0.106188] kvm-guest: setup PV sched yield
[    0.106809] PM: hibernation: Registered nosave memory: [mem 0x00000000-0x00000fff]
[    0.107912] PM: hibernation: Registered nosave memory: [mem 0x0009f000-0x0009ffff]
[    0.109018] PM: hibernation: Registered nosave memory: [mem 0x000a0000-0x000effff]
[    0.110132] PM: hibernation: Registered nosave memory: [mem 0x000f0000-0x000fffff]
[    0.111260] [mem 0x40000000-0xfeffbfff] available for PCI devices
[    0.112148] Booting paravirtualized kernel on KVM
[    0.112835] clocksource: refined-jiffies: mask: 0xffffffff max_cycles: 0xffffffff, max_idle_ns: 1910969940391419 ns
[    0.135534] setup_percpu: NR_CPUS:64 nr_cpumask_bits:56 nr_cpu_ids:56 nr_node_ids:1
[    0.146252] percpu: Embedded 70 pages/cpu s248792 r8192 d29736 u524288
[    0.147485] Kernel command line: virtme_hostname=virtme-ng nr_open=1048576 virtme_link_mods=/nipa-data/kernel/.virtme_mods/lib/modules/0.0.0 virtme_initmount0=nipa-data/kernel virtme_rw_overlay0=/etc virtme_rw_overlay1=/lib virtme_rw_overlay2=/home virtme_rw_overlay3=/opt virtme_rw_overlay4=/srv virtme_rw_overlay5=/usr virtme_rw_overlay6=/var console=hvc0 earlyprintk=serial,ttyS0,115200 virtme_console=ttyS0 psmouse.proto=exps TERM=xterm virtme_chdir=nipa-data/kernel virtme_root_user=1 rootfstype=9p rootflags=version=9p2000.L,trans=virtio,access=any raid=noautodetect ro init=/usr/lib/python3/dist-packages/virtme/guest/virtme-init
[    0.156054] Unknown kernel command line parameters "virtme_hostname=virtme-ng nr_open=1048576 virtme_link_mods=/nipa-data/kernel/.virtme_mods/lib/modules/0.0.0 virtme_initmount0=nipa-data/kernel virtme_rw_overlay0=/etc virtme_rw_overlay1=/lib virtme_rw_overlay2=/home virtme_rw_overlay3=/opt virtme_rw_overlay4=/srv virtme_rw_overlay5=/usr virtme_rw_overlay6=/var virtme_console=ttyS0 virtme_chdir=nipa-data/kernel virtme_root_user=1", will be passed to user space.
[    0.162095] random: crng init done
[    0.162598] printk: log_buf_len individual max cpu contribution: 4096 bytes
[    0.163624] printk: log_buf_len total cpu_extra contributions: 225280 bytes
[    0.164650] printk: log_buf_len min size: 262144 bytes
[    0.166036] printk: log_buf_len: 524288 bytes
[    0.166709] printk: early log buf free: 253864(96%)
[    0.167595] Dentry cache hash table entries: 131072 (order: 8, 1048576 bytes, linear)
[    0.168836] Inode-cache hash table entries: 65536 (order: 7, 524288 bytes, linear)
[    0.172677] Fallback order for Node 0: 0 
[    0.172695] Built 1 zonelists, mobility grouping on.  Total pages: 262014
[    0.174244] Policy zone: DMA32
[    0.174675] mem auto-init: stack:all(zero), heap alloc:off, heap free:off
[    0.175625] stackdepot: allocating hash table via alloc_large_system_hash
[    0.176578] stackdepot hash table entries: 1048576 (order: 12, 16777216 bytes, linear)
[    0.201551] SLUB: HWalign=64, Order=0-3, MinObjects=0, CPUs=56, Nodes=1
Poking KASLR using RDRAND RDTSC...
[    0.203093] ftrace: allocating 48554 entries in 190 pages
[    0.223126] ftrace: allocated 190 pages with 6 groups
[    0.225882] Dynamic Preempt: voluntary
[    0.228453] rcu: Preemptible hierarchical RCU implementation.
[    0.229296] rcu: RCU event tracing is enabled.
[    0.229934] rcu: RCU restricting CPUs from NR_CPUS=64 to nr_cpu_ids=56.
[    0.230870] Trampoline variant of Tasks RCU enabled.
[    0.231576] Rude variant of Tasks RCU enabled.
[    0.232209] Tracing variant of Tasks RCU enabled.
[    0.232883] rcu: RCU calculated value of scheduler-enlistment delay is 100 jiffies.
[    0.233953] rcu: Adjusting geometry for rcu_fanout_leaf=16, nr_cpu_ids=56
[    0.235203] RCU Tasks: Setting shift to 6 and lim to 1 rcu_task_cb_adjust=1 rcu_task_cpu_ids=56.
[    0.236442] RCU Tasks Rude: Setting shift to 6 and lim to 1 rcu_task_cb_adjust=1 rcu_task_cpu_ids=56.
[    0.237767] RCU Tasks Trace: Setting shift to 6 and lim to 1 rcu_task_cb_adjust=1 rcu_task_cpu_ids=56.
[    0.259349] NR_IRQS: 4352, nr_irqs: 872, preallocated irqs: 16
[    0.260718] rcu: srcu_init: Setting srcu_struct sizes based on contention.
[    0.262160] Console: colour *CGA 80x25
[    0.262809] ACPI: Core revision 20240827
[    0.263731] clocksource: hpet: mask: 0xffffffff max_cycles: 0xffffffff, max_idle_ns: 19112604467 ns
[    0.265154] APIC: Switch to symmetric I/O mode setup
[    0.266054] kvm-guest: APIC: send_IPI_mask() replaced with kvm_send_ipi_mask()
[    0.267190] kvm-guest: APIC: send_IPI_mask_allbutself() replaced with kvm_send_ipi_mask_allbutself()
[    0.268499] kvm-guest: setup PV IPIs
[    0.270694] ..TIMER: vector=0x30 apic1=0 pin1=2 apic2=-1 pin2=-1
[    0.272039] clocksource: tsc-early: mask: 0xffffffffffffffff max_cycles: 0x39a85c9bff6, max_idle_ns: 881590591483 ns
[    0.275071] Calibrating delay loop (skipped) preset value.. 4000.00 BogoMIPS (lpj=2000000)
[    0.277144] x86/cpu: User Mode Instruction Prevention (UMIP) activated
[    0.278223] Last level iTLB entries: 4KB 0, 2MB 0, 4MB 0
[    0.279064] Last level dTLB entries: 4KB 0, 2MB 0, 4MB 0, 1GB 0
[    0.280087] Spectre V1 : Mitigation: usercopy/swapgs barriers and __user pointer sanitization
[    0.281073] Spectre V2 : Spectre BHI mitigation: SW BHB clearing on syscall and VM exit
[    0.282064] Spectre V2 : Mitigation: Enhanced / Automatic IBRS
[    0.283064] Spectre V2 : Spectre v2 / SpectreRSB mitigation: Filling RSB on context switch
[    0.284064] Spectre V2 : Spectre v2 / PBRSB-eIBRS: Retire a single CALL on VMEXIT
[    0.285068] Spectre V2 : mitigation: Enabling conditional Indirect Branch Prediction Barrier
[    0.286068] Speculative Store Bypass: Mitigation: Speculative Store Bypass disabled via prctl
[    0.287064] TAA: Mitigation: TSX disabled
[    0.288151] x86/fpu: Supporting XSAVE feature 0x001: 'x87 floating point registers'
[    0.289064] x86/fpu: Supporting XSAVE feature 0x002: 'SSE registers'
[    0.290064] x86/fpu: Supporting XSAVE feature 0x004: 'AVX registers'
[    0.291064] x86/fpu: Supporting XSAVE feature 0x020: 'AVX-512 opmask'
[    0.292064] x86/fpu: Supporting XSAVE feature 0x040: 'AVX-512 Hi256'
[    0.293064] x86/fpu: Supporting XSAVE feature 0x080: 'AVX-512 ZMM_Hi256'
[    0.294064] x86/fpu: Supporting XSAVE feature 0x200: 'Protection Keys User registers'
[    0.295064] x86/fpu: Supporting XSAVE feature 0x20000: 'AMX Tile config'
[    0.296064] x86/fpu: Supporting XSAVE feature 0x40000: 'AMX Tile data'
[    0.297064] x86/fpu: xstate_offset[2]:  576, xstate_sizes[2]:  256
[    0.298064] x86/fpu: xstate_offset[5]:  832, xstate_sizes[5]:   64
[    0.299064] x86/fpu: xstate_offset[6]:  896, xstate_sizes[6]:  512
[    0.300064] x86/fpu: xstate_offset[7]: 1408, xstate_sizes[7]: 1024
[    0.301064] x86/fpu: xstate_offset[9]: 2432, xstate_sizes[9]:    8
[    0.302064] x86/fpu: xstate_offset[17]: 2496, xstate_sizes[17]:   64
[    0.303064] x86/fpu: xstate_offset[18]: 2560, xstate_sizes[18]: 8192
[    0.304064] x86/fpu: Enabled xstate features 0x602e7, context size is 10752 bytes, using 'compacted' format.
[    0.349540] Freeing SMP alternatives memory: 40K
[    0.350066] pid_max: default: 57344 minimum: 448
[    0.351345] Mount-cache hash table entries: 2048 (order: 2, 16384 bytes, linear)
[    0.352067] Mountpoint-cache hash table entries: 2048 (order: 2, 16384 bytes, linear)
[    0.354421] smpboot: CPU0: Intel(R) Xeon(R) Platinum 8480+ (family: 0x6, model: 0x8f, stepping: 0x6)
[    0.355897] Performance Events: PEBS fmt0-, Sapphire Rapids events, full-width counters, Intel PMU driver.
[    0.356071] ... version:                2
[    0.356878] ... bit width:              48
[    0.357067] ... generic registers:      8
[    0.357874] ... value mask:             0000ffffffffffff
[    0.358066] ... max period:             00007fffffffffff
[    0.359066] ... fixed-purpose events:   3
[    0.359870] ... event mask:             00000007000000ff
[    0.360430] signal: max sigframe size: 11952
[    0.361139] rcu: Hierarchical SRCU implementation.
[    0.362066] rcu: Max phase no-delay instances is 400.
[    0.363180] Timer migration: 2 hierarchy levels; 8 children per group; 2 crossnode level
[    0.366749] smp: Bringing up secondary CPUs ...
[    0.367366] smpboot: x86: Booting SMP configuration:
[    0.368071] .... node  #0, CPUs:        #1  #2  #3  #4  #5  #6  #7  #8  #9 #10 #11 #12 #13 #14 #15 #16 #17 #18 #19 #20 #21 #22 #23 #24 #25 #26 #27 #28 #29 #30 #31 #32 #33 #34 #35 #36 #37 #38 #39 #40 #41 #42 #43 #44 #45 #46 #47 #48 #49 #50 #51 #52 #53 #54 #55
[    0.460556] smp: Brought up 1 node, 56 CPUs
[    0.461919] smpboot: Total of 56 processors activated (224000.00 BogoMIPS)
[    0.481304] Memory: 742780K/1048056K available (45056K kernel code, 11383K rwdata, 10000K rodata, 6000K init, 1800K bss, 280340K reserved, 0K cma-reserved)
[    0.482343] devtmpfs: initialized
[    0.483332] x86/mm: Memory block size: 128MB
[    0.493481] clocksource: jiffies: mask: 0xffffffff max_cycles: 0xffffffff, max_idle_ns: 1911260446275000 ns
[    0.494090] futex hash table entries: 16384 (order: 8, 1048576 bytes, linear)
[    0.496068] PM: RTC time: 03:29:48, date: 2024-10-06
[    0.500009] NET: Registered PF_NETLINK/PF_ROUTE protocol family
[    0.501271] thermal_sys: Registered thermal governor 'step_wise'
[    0.501276] thermal_sys: Registered thermal governor 'user_space'
[    0.502148] cpuidle: using governor menu
[    0.506776] PCI: Using configuration type 1 for base access
[    0.507253] kprobes: kprobe jump-optimization is enabled. All kprobes are optimized if possible.
[    0.522203] HugeTLB: registered 1.00 GiB page size, pre-allocated 0 pages
[    0.525071] HugeTLB: 16380 KiB vmemmap can be freed for a 1.00 GiB page
[    0.527072] HugeTLB: registered 2.00 MiB page size, pre-allocated 0 pages
[    0.530070] HugeTLB: 28 KiB vmemmap can be freed for a 2.00 MiB page
[    0.535794] ACPI: Added _OSI(Module Device)
[    0.536067] ACPI: Added _OSI(Processor Device)
[    0.537008] ACPI: Added _OSI(3.0 _SCP Extensions)
[    0.538066] ACPI: Added _OSI(Processor Aggregator Device)
[    0.570416] ACPI: 1 ACPI AML tables successfully acquired and loaded
[    0.581500] ACPI: Interpreter enabled
[    0.582145] ACPI: PM: (supports S0 S3 S4 S5)
[    0.583041] ACPI: Using IOAPIC for interrupt routing
[    0.584142] PCI: Using host bridge windows from ACPI; if necessary, use "pci=nocrs" and report a bug
[    0.586068] PCI: Using E820 reservations for host bridge windows
[    0.588496] ACPI: Enabled 2 GPEs in block 00 to 0F
[    0.650118] ACPI: PCI Root Bridge [PCI0] (domain 0000 [bus 00-ff])
[    0.651062] acpi PNP0A03:00: _OSC: OS supports [ASPM ClockPM Segments MSI HPX-Type3]
[    0.653068] acpi PNP0A03:00: _OSC: not requesting OS control; OS requires [ExtendedConfig ASPM ClockPM MSI]
[    0.655199] acpi PNP0A03:00: fail to add MMCONFIG information, can't access extended configuration space under this bridge
[    0.657511] PCI host bridge to bus 0000:00
[    0.659129] pci_bus 0000:00: root bus resource [io  0x0000-0x0cf7 window]
[    0.660070] pci_bus 0000:00: root bus resource [io  0x0d00-0xffff window]
[    0.661069] pci_bus 0000:00: root bus resource [mem 0x000a0000-0x000bffff window]
[    0.662069] pci_bus 0000:00: root bus resource [mem 0x40000000-0xfebfffff window]
[    0.664069] pci_bus 0000:00: root bus resource [mem 0x100000000-0x17fffffff window]
[    0.665070] pci_bus 0000:00: root bus resource [bus 00-ff]
[    0.666138] pci 0000:00:00.0: [8086:1237] type 00 class 0x060000 conventional PCI endpoint
[    0.669322] pci 0000:00:01.0: [8086:7000] type 00 class 0x060100 conventional PCI endpoint
[    0.671446] pci 0000:00:01.1: [8086:7010] type 00 class 0x010180 conventional PCI endpoint
[    0.676068] pci 0000:00:01.1: BAR 4 [io  0xc0c0-0xc0cf]
[    0.678399] pci 0000:00:01.1: BAR 0 [io  0x01f0-0x01f7]: legacy IDE quirk
[    0.680067] pci 0000:00:01.1: BAR 1 [io  0x03f6]: legacy IDE quirk
[    0.681066] pci 0000:00:01.1: BAR 2 [io  0x0170-0x0177]: legacy IDE quirk
[    0.682066] pci 0000:00:01.1: BAR 3 [io  0x0376]: legacy IDE quirk
[    0.685048] pci 0000:00:01.3: [8086:7113] type 00 class 0x068000 conventional PCI endpoint
[    0.686680] pci 0000:00:01.3: quirk: [io  0x0600-0x063f] claimed by PIIX4 ACPI
[    0.688077] pci 0000:00:01.3: quirk: [io  0x0700-0x070f] claimed by PIIX4 SMB
[    0.690104] pci 0000:00:02.0: [1af4:1009] type 00 class 0x000200 conventional PCI endpoint
[    0.693536] pci 0000:00:02.0: BAR 0 [io  0xc000-0xc03f]
[    0.694995] pci 0000:00:02.0: BAR 1 [mem 0xfebfc000-0xfebfcfff]
[    0.700070] pci 0000:00:02.0: BAR 4 [mem 0xfebf0000-0xfebf3fff 64bit pref]
[    0.716196] pci 0000:00:03.0: [1af4:1009] type 00 class 0x000200 conventional PCI endpoint
[    0.717963] pci 0000:00:03.0: BAR 0 [io  0xc040-0xc07f]
[    0.719877] pci 0000:00:03.0: BAR 1 [mem 0xfebfd000-0xfebfdfff]
[    0.724076] pci 0000:00:03.0: BAR 4 [mem 0xfebf4000-0xfebf7fff 64bit pref]
[    0.737793] pci 0000:00:04.0: [8086:25ab] type 00 class 0x088000 conventional PCI endpoint
[    0.739472] pci 0000:00:04.0: BAR 0 [mem 0xfebfe000-0xfebfe00f]
[    0.754325] pci 0000:00:05.0: [1af4:1003] type 00 class 0x078000 conventional PCI endpoint
[    0.757007] pci 0000:00:05.0: BAR 0 [io  0xc080-0xc0bf]
[    0.758937] pci 0000:00:05.0: BAR 1 [mem 0xfebff000-0xfebfffff]
[    0.763072] pci 0000:00:05.0: BAR 4 [mem 0xfebf8000-0xfebfbfff 64bit pref]
[    0.778516] ACPI: PCI: Interrupt link LNKA configured for IRQ 10
[    0.781253] ACPI: PCI: Interrupt link LNKB configured for IRQ 10
[    0.783119] ACPI: PCI: Interrupt link LNKC configured for IRQ 11
[    0.785106] ACPI: PCI: Interrupt link LNKD configured for IRQ 11
[    0.786505] ACPI: PCI: Interrupt link LNKS configured for IRQ 9
[    0.817062] iommu: Default domain type: Translated
[    0.819067] iommu: DMA domain TLB invalidation policy: lazy mode
[    0.820656] SCSI subsystem initialized
[    0.822346] pps_core: LinuxPPS API ver. 1 registered
[    0.823069] pps_core: Software ver. 5.3.6 - Copyright 2005-2007 Rodolfo Giometti <giometti@linux.it>
[    0.824085] PTP clock support registered
[    0.826317] Advanced Linux Sound Architecture Driver Initialized.
[    0.829886] NET: Registered PF_ATMPVC protocol family
[    0.831067] NET: Registered PF_ATMSVC protocol family
[    0.832096] PCI: Using ACPI for IRQ routing
[    0.833228] vgaarb: loaded
[    0.834291] hpet0: at MMIO 0xfed00000, IRQs 2, 8, 0
[    0.835066] hpet0: 3 comparators, 64-bit 100.000000 MHz counter
[    0.841849] clocksource: Switched to clocksource kvm-clock
[    0.843198] VFS: Disk quotas dquot_6.6.0
[    0.844079] VFS: Dquot-cache hash table entries: 512 (order 0, 4096 bytes)
[    0.849576] pnp: PnP ACPI init
[    0.855509] pnp: PnP ACPI: found 5 devices
[    0.880500] clocksource: acpi_pm: mask: 0xffffff max_cycles: 0xffffff, max_idle_ns: 2085701024 ns
[    0.882482] NET: Registered PF_INET protocol family
[    0.883579] IP idents hash table entries: 16384 (order: 5, 131072 bytes, linear)
[    0.885831] tcp_listen_portaddr_hash hash table entries: 512 (order: 1, 8192 bytes, linear)
[    0.887532] Table-perturb hash table entries: 65536 (order: 6, 262144 bytes, linear)
[    0.889127] TCP established hash table entries: 8192 (order: 4, 65536 bytes, linear)
[    0.890712] TCP bind hash table entries: 8192 (order: 6, 262144 bytes, linear)
[    0.892209] TCP: Hash tables configured (established 8192 bind 8192)
[    0.894202] UDP hash table entries: 512 (order: 2, 16384 bytes, linear)
[    0.895577] UDP-Lite hash table entries: 512 (order: 2, 16384 bytes, linear)
[    0.897446] NET: Registered PF_UNIX/PF_LOCAL protocol family
[    0.898628] pci_bus 0000:00: resource 4 [io  0x0000-0x0cf7 window]
[    0.899885] pci_bus 0000:00: resource 5 [io  0x0d00-0xffff window]
[    0.901144] pci_bus 0000:00: resource 6 [mem 0x000a0000-0x000bffff window]
[    0.902522] pci_bus 0000:00: resource 7 [mem 0x40000000-0xfebfffff window]
[    0.903917] pci_bus 0000:00: resource 8 [mem 0x100000000-0x17fffffff window]
[    0.905590] pci 0000:00:01.0: PIIX3: Enabling Passive Release
[    0.906754] pci 0000:00:00.0: Limiting direct PCI/PCI transfers
[    0.908058] PCI: CLS 0 bytes, default 64
[    0.926150] RAPL PMU: API unit is 2^-32 Joules, 1 fixed counters, 10737418240 ms ovfl timer
[    0.927945] RAPL PMU: hw unit of domain psys 2^-0 Joules
[    1.278654] kwatchdog (374) used greatest stack depth: 30672 bytes left
[    1.555699] kvm_amd: CPU 38 isn't AMD or Hygon
[    1.556728] clocksource: tsc: mask: 0xffffffffffffffff max_cycles: 0x39a85c9bff6, max_idle_ns: 881590591483 ns
[    1.718992] Initialise system trusted keyrings
[    1.720804] workingset: timestamp_bits=56 max_order=18 bucket_order=0
[    1.722327] squashfs: version 4.0 (2009/01/31) Phillip Lougher
[    1.723562] fuse: init (API version 7.41)
[    1.724947] 9p: Installing v9fs 9p2000 file system support
[    1.744780] Key type asymmetric registered
[    1.745627] Asymmetric key parser 'x509' registered
[    1.746710] Block layer SCSI generic (bsg) driver version 0.4 loaded (major 249)
[    1.748262] io scheduler mq-deadline registered
[    1.749200] io scheduler kyber registered
[    1.768543] input: Power Button as /devices/LNXSYSTM:00/LNXPWRBN:00/input/input0
[    1.770694] ACPI: button: Power Button [PWRF]
[    1.774707] Warning: Processor Platform Limit event detected, but not handled.
[    1.776767] Consider compiling CPUfreq support into your kernel.
[    2.695392] ACPI: \_SB_.LNKB: Enabled at IRQ 10
[    3.574283] ACPI: \_SB_.LNKC: Enabled at IRQ 11
[    4.451003] ACPI: \_SB_.LNKA: Enabled at IRQ 10
[    4.453893] Serial: 8250/16550 driver, 4 ports, IRQ sharing enabled
[    4.455645] 00:03: ttyS0 at I/O 0x3f8 (irq = 4, base_baud = 115200) is a 16550A
[    4.501528] Non-volatile memory driver v1.3
[    4.502449] Linux agpgart interface v0.103
[    4.504282] ACPI: bus type drm_connector registered
[    4.509092] printk: legacy console [hvc0] enabled
[    4.510286] printk: legacy bootconsole [earlyser0] disabled
          _      _                                    
   __   _(_)_ __| |_ _ __ ___   ___       _ __   __ _ 
   \ \ / / |  __| __|  _   _ \ / _ \_____|  _ \ / _  |
    \ V /| | |  | |_| | | | | |  __/_____| | | | (_| |
     \_/ |_|_|   \__|_| |_| |_|\___|     |_| |_|\__  |
                                                |___/ 
   kernel version: 6.12.0-rc1-virtme x86_64
   (CTRL+d to exit)

root@virtme-ng:/nipa-data/kernel# PS1='xx__-> '
xx__-> env
PWD=/nipa-data/kernel
nr_open=1048576
HOME=/
TERM=xterm
SHLVL=2
XDG_RUNTIME_DIR=/run/user/0
PATH=/bin:/sbin:/usr/bin:/usr/sbin:/usr/local/bin
OLDPWD=/
_=/bin/env
xx__-> 