No EFI environment detected.
early console in extract_kernel
input_data: 0x0000000004cb82c4
input_len: 0x0000000001871285
output: 0x0000000001000000
output_len: 0x00000000054b3bac
kernel_total_size: 0x0000000005030000
needed_size: 0x0000000005600000
trampoline_32bit: 0x000000000009d000
Physical KASLR using RDRAND RDTSC...
Virtual KASLR using RDRAND RDTSC...

Decompressing Linux... Parsing ELF... Performing relocations... done.
Booting the kernel (entry_offset: 0x0000000000000000).
[    0.000000] Linux version 6.10.0-rc6-virtme (root@6bced4ba5c0e) (gcc (Ubuntu 13.2.0-23ubuntu4) 13.2.0, GNU ld (GNU Binutils for Ubuntu) 2.42) #1 SMP PREEMPT_DYNAMIC Thu Jul 11 18:27:26 UTC 2024
[    0.000000] Command line: virtme_hostname=virtme-ng nr_open=1048576 virtme_link_mods=/nipa-data/kernel/.virtme_mods/lib/modules/0.0.0 virtme_initmount0=nipa-data/kernel virtme_rw_overlay0=/etc virtme_rw_overlay1=/lib virtme_rw_overlay2=/home virtme_rw_overlay3=/opt virtme_rw_overlay4=/srv virtme_rw_overlay5=/usr virtme_rw_overlay6=/var console=hvc0 earlyprintk=serial,ttyS0,115200 virtme_console=ttyS0 psmouse.proto=exps TERM=xterm virtme_chdir=nipa-data/kernel virtme_root_user=1 rootfstype=9p rootflags=version=9p2000.L,trans=virtio,access=any raid=noautodetect ro init=/usr/lib/python3/dist-packages/virtme/guest/virtme-init
[    0.000000] x86/split lock detection: #DB: warning on user-space bus_locks
[    0.000000] BIOS-provided physical RAM map:
[    0.000000] BIOS-e820: [mem 0x0000000000000000-0x000000000009fbff] usable
[    0.000000] BIOS-e820: [mem 0x000000000009fc00-0x000000000009ffff] reserved
[    0.000000] BIOS-e820: [mem 0x00000000000f0000-0x00000000000fffff] reserved
[    0.000000] BIOS-e820: [mem 0x0000000000100000-0x000000003ffdffff] usable
[    0.000000] BIOS-e820: [mem 0x000000003ffe0000-0x000000003fffffff] reserved
[    0.000000] BIOS-e820: [mem 0x00000000feffc000-0x00000000feffffff] reserved
[    0.000000] BIOS-e820: [mem 0x00000000fffc0000-0x00000000ffffffff] reserved
[    0.000000] printk: legacy bootconsole [earlyser0] enabled
[    0.000000] NX (Execute Disable) protection: active
[    0.000000] APIC: Static calls initialized
[    0.000000] SMBIOS 3.0.0 present.
[    0.000000] DMI: QEMU Ubuntu 24.04 PC (i440FX + PIIX, 1996), BIOS 1.16.3-debian-1.16.3-2 04/01/2014
[    0.000000] DMI: Memory slots populated: 1/1
[    0.000000] Hypervisor detected: KVM
[    0.000000] kvm-clock: Using msrs 4b564d01 and 4b564d00
[    0.000001] kvm-clock: using sched offset of 1283987067 cycles
[    0.000759] clocksource: kvm-clock: mask: 0xffffffffffffffff max_cycles: 0x1cd42e4dffb, max_idle_ns: 881590591483 ns
[    0.003114] tsc: Detected 2000.000 MHz processor
[    0.004407] last_pfn = 0x3ffe0 max_arch_pfn = 0x10000000000
[    0.005272] MTRR map: 4 entries (3 fixed + 1 variable; max 19), built from 8 variable MTRRs
[    0.006476] x86/PAT: Configuration [0-7]: WB  WC  UC- UC  WB  WP  UC- WT  
[    0.013889] found SMP MP-table at [mem 0x000f5470-0x000f547f]
[    0.014735] Using GB pages for direct mapping
[    0.015768] ACPI: Early table checksum verification disabled
[    0.016589] ACPI: RSDP 0x00000000000F5290 000014 (v00 BOCHS )
[    0.017426] ACPI: RSDT 0x000000003FFE308E 000034 (v01 BOCHS  BXPC     00000001 BXPC 00000001)
[    0.018665] ACPI: FACP 0x000000003FFE2D8A 000074 (v01 BOCHS  BXPC     00000001 BXPC 00000001)
[    0.019907] ACPI: DSDT 0x000000003FFE0040 002D4A (v01 BOCHS  BXPC     00000001 BXPC 00000001)
[    0.021141] ACPI: FACS 0x000000003FFE0000 000040
[    0.021813] ACPI: APIC 0x000000003FFE2DFE 000230 (v03 BOCHS  BXPC     00000001 BXPC 00000001)
[    0.023048] ACPI: HPET 0x000000003FFE302E 000038 (v01 BOCHS  BXPC     00000001 BXPC 00000001)
[    0.024285] ACPI: WAET 0x000000003FFE3066 000028 (v01 BOCHS  BXPC     00000001 BXPC 00000001)
[    0.025517] ACPI: Reserving FACP table memory at [mem 0x3ffe2d8a-0x3ffe2dfd]
[    0.026533] ACPI: Reserving DSDT table memory at [mem 0x3ffe0040-0x3ffe2d89]
[    0.027551] ACPI: Reserving FACS table memory at [mem 0x3ffe0000-0x3ffe003f]
[    0.028566] ACPI: Reserving APIC table memory at [mem 0x3ffe2dfe-0x3ffe302d]
[    0.029581] ACPI: Reserving HPET table memory at [mem 0x3ffe302e-0x3ffe3065]
[    0.030598] ACPI: Reserving WAET table memory at [mem 0x3ffe3066-0x3ffe308d]
[    0.032117] No NUMA configuration found
[    0.032673] Faking a node at [mem 0x0000000000000000-0x000000003ffdffff]
[    0.033641] NODE_DATA(0) allocated [mem 0x3ffdb000-0x3ffdffff]
[    0.034640] Zone ranges:
[    0.035006]   DMA      [mem 0x0000000000001000-0x0000000000ffffff]
[    0.035904]   DMA32    [mem 0x0000000001000000-0x000000003ffdffff]
[    0.036796]   Normal   empty
[    0.037215]   Device   empty
[    0.037632] Movable zone start for each node
[    0.038250] Early memory node ranges
[    0.038776]   node   0: [mem 0x0000000000001000-0x000000000009efff]
[    0.039684]   node   0: [mem 0x0000000000100000-0x000000003ffdffff]
[    0.040587] Initmem setup node 0 [mem 0x0000000000001000-0x000000003ffdffff]
[    0.041610] On node 0, zone DMA: 1 pages in unavailable ranges
[    0.042549] On node 0, zone DMA: 97 pages in unavailable ranges
[    0.052086] On node 0, zone DMA32: 32 pages in unavailable ranges
[    0.085523] kasan: KernelAddressSanitizer initialized
[    0.086796] ACPI: PM-Timer IO Port: 0x608
[    0.087413] ACPI: LAPIC_NMI (acpi_id[0xff] dfl dfl lint[0x1])
[    0.088301] IOAPIC[0]: apic_id 0, version 17, address 0xfec00000, GSI 0-23
[    0.089294] ACPI: INT_SRC_OVR (bus 0 bus_irq 0 global_irq 2 dfl dfl)
[    0.090214] ACPI: INT_SRC_OVR (bus 0 bus_irq 5 global_irq 5 high level)
[    0.091167] ACPI: INT_SRC_OVR (bus 0 bus_irq 9 global_irq 9 high level)
[    0.092123] ACPI: INT_SRC_OVR (bus 0 bus_irq 10 global_irq 10 high level)
[    0.093099] ACPI: INT_SRC_OVR (bus 0 bus_irq 11 global_irq 11 high level)
[    0.094081] ACPI: Using ACPI (MADT) for SMP configuration information
[    0.095006] ACPI: HPET id: 0x8086a201 base: 0xfed00000
[    0.095754] TSC deadline timer available
[    0.096321] CPU topo: Max. logical packages:   1
[    0.096986] CPU topo: Max. logical dies:       1
[    0.097650] CPU topo: Max. dies per package:   1
[    0.098318] CPU topo: Max. threads per core:   1
[    0.098985] CPU topo: Num. cores per package:    56
[    0.099693] CPU topo: Num. threads per package:  56
[    0.100402] CPU topo: Allowing 56 present CPUs plus 0 hotplug CPUs
[    0.101324] kvm-guest: APIC: eoi() replaced with kvm_guest_apic_eoi_write()
[    0.102348] kvm-guest: KVM setup pv remote TLB flush
[    0.103070] kvm-guest: setup PV sched yield
[    0.103776] PM: hibernation: Registered nosave memory: [mem 0x00000000-0x00000fff]
[    0.104868] PM: hibernation: Registered nosave memory: [mem 0x0009f000-0x0009ffff]
[    0.105957] PM: hibernation: Registered nosave memory: [mem 0x000a0000-0x000effff]
[    0.107046] PM: hibernation: Registered nosave memory: [mem 0x000f0000-0x000fffff]
[    0.108142] [mem 0x40000000-0xfeffbfff] available for PCI devices
[    0.109020] Booting paravirtualized kernel on KVM
[    0.109698] clocksource: refined-jiffies: mask: 0xffffffff max_cycles: 0xffffffff, max_idle_ns: 1910969940391419 ns
[    0.132444] setup_percpu: NR_CPUS:64 nr_cpumask_bits:56 nr_cpu_ids:56 nr_node_ids:1
[    0.143010] percpu: Embedded 70 pages/cpu s248536 r8192 d29992 u524288
[    0.144174] Kernel command line: virtme_hostname=virtme-ng nr_open=1048576 virtme_link_mods=/nipa-data/kernel/.virtme_mods/lib/modules/0.0.0 virtme_initmount0=nipa-data/kernel virtme_rw_overlay0=/etc virtme_rw_overlay1=/lib virtme_rw_overlay2=/home virtme_rw_overlay3=/opt virtme_rw_overlay4=/srv virtme_rw_overlay5=/usr virtme_rw_overlay6=/var console=hvc0 earlyprintk=serial,ttyS0,115200 virtme_console=ttyS0 psmouse.proto=exps TERM=xterm virtme_chdir=nipa-data/kernel virtme_root_user=1 rootfstype=9p rootflags=version=9p2000.L,trans=virtio,access=any raid=noautodetect ro init=/usr/lib/python3/dist-packages/virtme/guest/virtme-init
[    0.152609] Unknown kernel command line parameters "virtme_hostname=virtme-ng nr_open=1048576 virtme_link_mods=/nipa-data/kernel/.virtme_mods/lib/modules/0.0.0 virtme_initmount0=nipa-data/kernel virtme_rw_overlay0=/etc virtme_rw_overlay1=/lib virtme_rw_overlay2=/home virtme_rw_overlay3=/opt virtme_rw_overlay4=/srv virtme_rw_overlay5=/usr virtme_rw_overlay6=/var virtme_console=ttyS0 virtme_chdir=nipa-data/kernel virtme_root_user=1", will be passed to user space.
[    0.158606] random: crng init done
[    0.159106] printk: log_buf_len individual max cpu contribution: 4096 bytes
[    0.160129] printk: log_buf_len total cpu_extra contributions: 225280 bytes
[    0.161150] printk: log_buf_len min size: 262144 bytes
[    0.162794] printk: log_buf_len: 524288 bytes
[    0.163467] printk: early log buf free: 253864(96%)
[    0.164658] Dentry cache hash table entries: 131072 (order: 8, 1048576 bytes, linear)
[    0.165884] Inode-cache hash table entries: 65536 (order: 7, 524288 bytes, linear)
[    0.169635] Fallback order for Node 0: 0 
[    0.169651] Built 1 zonelists, mobility grouping on.  Total pages: 262014
[    0.171169] Policy zone: DMA32
[    0.171605] mem auto-init: stack:all(zero), heap alloc:off, heap free:off
[    0.172546] stackdepot: allocating hash table via alloc_large_system_hash
[    0.173490] stackdepot hash table entries: 1048576 (order: 12, 16777216 bytes, linear)
[    0.197495] Memory: 767460K/1048056K available (45056K kernel code, 11220K rwdata, 9856K rodata, 5924K init, 2120K bss, 280396K reserved, 0K cma-reserved)
[    0.199927] SLUB: HWalign=64, Order=0-3, MinObjects=0, CPUs=56, Nodes=1
Poking KASLR using RDRAND RDTSC...
[    0.201435] ftrace: allocating 48051 entries in 188 pages
[    0.221639] ftrace: allocated 188 pages with 5 groups
[    0.224303] Dynamic Preempt: voluntary
[    0.226859] rcu: Preemptible hierarchical RCU implementation.
[    0.227668] rcu: RCU event tracing is enabled.
[    0.228295] rcu: RCU restricting CPUs from NR_CPUS=64 to nr_cpu_ids=56.
[    0.229226] Trampoline variant of Tasks RCU enabled.
[    0.229925] Rude variant of Tasks RCU enabled.
[    0.230552] Tracing variant of Tasks RCU enabled.
[    0.231217] rcu: RCU calculated value of scheduler-enlistment delay is 100 jiffies.
[    0.232280] rcu: Adjusting geometry for rcu_fanout_leaf=16, nr_cpu_ids=56
[    0.233524] RCU Tasks: Setting shift to 6 and lim to 1 rcu_task_cb_adjust=1.
[    0.234505] RCU Tasks Rude: Setting shift to 6 and lim to 1 rcu_task_cb_adjust=1.
[    0.235548] RCU Tasks Trace: Setting shift to 6 and lim to 1 rcu_task_cb_adjust=1.
[    0.256587] NR_IRQS: 4352, nr_irqs: 872, preallocated irqs: 16
[    0.257945] rcu: srcu_init: Setting srcu_struct sizes based on contention.
[    0.259367] Console: colour *CGA 80x25
[    0.259992] ACPI: Core revision 20240322
[    0.260898] clocksource: hpet: mask: 0xffffffff max_cycles: 0xffffffff, max_idle_ns: 19112604467 ns
[    0.262301] APIC: Switch to symmetric I/O mode setup
[    0.263181] APIC: Switched APIC routing to: physical flat
[    0.264007] kvm-guest: APIC: send_IPI_mask() replaced with kvm_send_ipi_mask()
[    0.265090] kvm-guest: APIC: send_IPI_mask_allbutself() replaced with kvm_send_ipi_mask_allbutself()
[    0.266699] kvm-guest: setup PV IPIs
[    0.268964] ..TIMER: vector=0x30 apic1=0 pin1=2 apic2=-1 pin2=-1
[    0.270387] clocksource: tsc-early: mask: 0xffffffffffffffff max_cycles: 0x39a85c9bff6, max_idle_ns: 881590591483 ns
[    0.272805] Calibrating delay loop (skipped) preset value.. 4000.00 BogoMIPS (lpj=2000000)
[    0.274024] x86/cpu: User Mode Instruction Prevention (UMIP) activated
[    0.274949] Last level iTLB entries: 4KB 0, 2MB 0, 4MB 0
[    0.275798] Last level dTLB entries: 4KB 0, 2MB 0, 4MB 0, 1GB 0
[    0.276820] Spectre V1 : Mitigation: usercopy/swapgs barriers and __user pointer sanitization
[    0.277806] Spectre V2 : Spectre BHI mitigation: SW BHB clearing on vm exit
[    0.278798] Spectre V2 : Spectre BHI mitigation: SW BHB clearing on syscall
[    0.279801] Spectre V2 : Mitigation: Enhanced / Automatic IBRS
[    0.280806] Spectre V2 : Spectre v2 / SpectreRSB mitigation: Filling RSB on context switch
[    0.281807] Spectre V2 : Spectre v2 / PBRSB-eIBRS: Retire a single CALL on VMEXIT
[    0.282815] Spectre V2 : mitigation: Enabling conditional Indirect Branch Prediction Barrier
[    0.283811] Speculative Store Bypass: Mitigation: Speculative Store Bypass disabled via prctl
[    0.285799] TAA: Mitigation: TSX disabled
[    0.286895] x86/fpu: Supporting XSAVE feature 0x001: 'x87 floating point registers'
[    0.287806] x86/fpu: Supporting XSAVE feature 0x002: 'SSE registers'
[    0.288806] x86/fpu: Supporting XSAVE feature 0x004: 'AVX registers'
[    0.289806] x86/fpu: Supporting XSAVE feature 0x020: 'AVX-512 opmask'
[    0.290798] x86/fpu: Supporting XSAVE feature 0x040: 'AVX-512 Hi256'
[    0.291807] x86/fpu: Supporting XSAVE feature 0x080: 'AVX-512 ZMM_Hi256'
[    0.292807] x86/fpu: Supporting XSAVE feature 0x200: 'Protection Keys User registers'
[    0.293806] x86/fpu: Supporting XSAVE feature 0x20000: 'AMX Tile config'
[    0.294806] x86/fpu: Supporting XSAVE feature 0x40000: 'AMX Tile data'
[    0.295807] x86/fpu: xstate_offset[2]:  576, xstate_sizes[2]:  256
[    0.296806] x86/fpu: xstate_offset[5]:  832, xstate_sizes[5]:   64
[    0.297807] x86/fpu: xstate_offset[6]:  896, xstate_sizes[6]:  512
[    0.298807] x86/fpu: xstate_offset[7]: 1408, xstate_sizes[7]: 1024
[    0.299807] x86/fpu: xstate_offset[9]: 2432, xstate_sizes[9]:    8
[    0.300807] x86/fpu: xstate_offset[17]: 2496, xstate_sizes[17]:   64
[    0.301807] x86/fpu: xstate_offset[18]: 2560, xstate_sizes[18]: 8192
[    0.302806] x86/fpu: Enabled xstate features 0x602e7, context size is 10752 bytes, using 'compacted' format.
[    0.348281] Freeing SMP alternatives memory: 40K
[    0.348802] pid_max: default: 57344 minimum: 448
[    0.350120] Mount-cache hash table entries: 2048 (order: 2, 16384 bytes, linear)
[    0.350813] Mountpoint-cache hash table entries: 2048 (order: 2, 16384 bytes, linear)
[    0.353915] smpboot: CPU0: Intel(R) Xeon(R) Platinum 8480+ (family: 0x6, model: 0x8f, stepping: 0x6)
[    0.355583] Performance Events: PEBS fmt0-, Sapphire Rapids events, full-width counters, Intel PMU driver.
[    0.355805] ... version:                2
[    0.356620] ... bit width:              48
[    0.356800] ... generic registers:      8
[    0.357607] ... value mask:             0000ffffffffffff
[    0.357800] ... max period:             00007fffffffffff
[    0.358800] ... fixed-purpose events:   3
[    0.359610] ... event mask:             00000007000000ff
[    0.360123] signal: max sigframe size: 11952
[    0.360870] rcu: Hierarchical SRCU implementation.
[    0.361800] rcu: Max phase no-delay instances is 400.
[    0.365516] smp: Bringing up secondary CPUs ...
[    0.366093] smpboot: x86: Booting SMP configuration:
[    0.366804] .... node  #0, CPUs:        #1  #2  #3  #4  #5  #6  #7  #8  #9 #10 #11 #12 #13 #14 #15 #16 #17 #18 #19 #20 #21 #22 #23 #24 #25 #26 #27 #28 #29 #30 #31 #32 #33 #34 #35 #36 #37 #38 #39 #40 #41 #42 #43 #44 #45 #46 #47 #48 #49 #50 #51 #52 #53 #54 #55
[    0.432624] smp: Brought up 1 node, 56 CPUs
[    0.433643] smpboot: Total of 56 processors activated (224000.00 BogoMIPS)
[    0.449957] devtmpfs: initialized
[    0.451075] x86/mm: Memory block size: 128MB
[    0.461215] clocksource: jiffies: mask: 0xffffffff max_cycles: 0xffffffff, max_idle_ns: 1911260446275000 ns
[    0.461823] futex hash table entries: 16384 (order: 8, 1048576 bytes, linear)
[    0.463802] PM: RTC time: 18:28:11, date: 2024-07-11
[    0.467783] NET: Registered PF_NETLINK/PF_ROUTE protocol family
[    0.468977] thermal_sys: Registered thermal governor 'step_wise'
[    0.468982] thermal_sys: Registered thermal governor 'user_space'
[    0.469875] cpuidle: using governor menu
[    0.473776] PCI: Using configuration type 1 for base access
[    0.473983] kprobes: kprobe jump-optimization is enabled. All kprobes are optimized if possible.
[    0.495219] HugeTLB: registered 1.00 GiB page size, pre-allocated 0 pages
[    0.498810] HugeTLB: 16380 KiB vmemmap can be freed for a 1.00 GiB page
[    0.501808] HugeTLB: registered 2.00 MiB page size, pre-allocated 0 pages
[    0.505805] HugeTLB: 28 KiB vmemmap can be freed for a 2.00 MiB page
[    0.522668] Demotion targets for Node 0: null
[    0.525356] ACPI: Added _OSI(Module Device)
[    0.525801] ACPI: Added _OSI(Processor Device)
[    0.526718] ACPI: Added _OSI(3.0 _SCP Extensions)
[    0.527800] ACPI: Added _OSI(Processor Aggregator Device)
[    0.558712] ACPI: 1 ACPI AML tables successfully acquired and loaded
[    0.565065] ACPI: _OSC evaluation for CPUs failed, trying _PDC
[    0.570871] ACPI: Interpreter enabled
[    0.571724] ACPI: PM: (supports S0 S3 S4 S5)
[    0.571796] ACPI: Using IOAPIC for interrupt routing
[    0.573872] PCI: Using host bridge windows from ACPI; if necessary, use "pci=nocrs" and report a bug
[    0.575800] PCI: Using E820 reservations for host bridge windows
[    0.578274] ACPI: Enabled 2 GPEs in block 00 to 0F
[    0.641152] ACPI: PCI Root Bridge [PCI0] (domain 0000 [bus 00-ff])
[    0.642819] acpi PNP0A03:00: _OSC: OS supports [ASPM ClockPM Segments MSI HPX-Type3]
[    0.643802] acpi PNP0A03:00: _OSC: not requesting OS control; OS requires [ExtendedConfig ASPM ClockPM MSI]
[    0.645936] acpi PNP0A03:00: fail to add MMCONFIG information, can't access extended configuration space under this bridge
[    0.648242] PCI host bridge to bus 0000:00
[    0.648804] pci_bus 0000:00: root bus resource [io  0x0000-0x0cf7 window]
[    0.649803] pci_bus 0000:00: root bus resource [io  0x0d00-0xffff window]
[    0.651803] pci_bus 0000:00: root bus resource [mem 0x000a0000-0x000bffff window]
[    0.652803] pci_bus 0000:00: root bus resource [mem 0x40000000-0xfebfffff window]
[    0.653803] pci_bus 0000:00: root bus resource [mem 0x100000000-0x17fffffff window]
[    0.655804] pci_bus 0000:00: root bus resource [bus 00-ff]
[    0.656927] pci 0000:00:00.0: [8086:1237] type 00 class 0x060000 conventional PCI endpoint
[    0.659044] pci 0000:00:01.0: [8086:7000] type 00 class 0x060100 conventional PCI endpoint
[    0.662170] pci 0000:00:01.1: [8086:7010] type 00 class 0x010180 conventional PCI endpoint
[    0.665796] pci 0000:00:01.1: BAR 4 [io  0xc0c0-0xc0cf]
[    0.669172] pci 0000:00:01.1: BAR 0 [io  0x01f0-0x01f7]: legacy IDE quirk
[    0.669801] pci 0000:00:01.1: BAR 1 [io  0x03f6]: legacy IDE quirk
[    0.670800] pci 0000:00:01.1: BAR 2 [io  0x0170-0x0177]: legacy IDE quirk
[    0.672800] pci 0000:00:01.1: BAR 3 [io  0x0376]: legacy IDE quirk
[    0.675788] pci 0000:00:01.3: [8086:7113] type 00 class 0x068000 conventional PCI endpoint
[    0.677405] pci 0000:00:01.3: quirk: [io  0x0600-0x063f] claimed by PIIX4 ACPI
[    0.678810] pci 0000:00:01.3: quirk: [io  0x0700-0x070f] claimed by PIIX4 SMB
[    0.680829] pci 0000:00:02.0: [1af4:1009] type 00 class 0x000200 conventional PCI endpoint
[    0.683803] pci 0000:00:02.0: BAR 0 [io  0xc000-0xc03f]
[    0.684740] pci 0000:00:02.0: BAR 1 [mem 0xfebfc000-0xfebfcfff]
[    0.690804] pci 0000:00:02.0: BAR 4 [mem 0xfebf0000-0xfebf3fff 64bit pref]
[    0.705839] pci 0000:00:03.0: [1af4:1009] type 00 class 0x000200 conventional PCI endpoint
[    0.708688] pci 0000:00:03.0: BAR 0 [io  0xc040-0xc07f]
[    0.710583] pci 0000:00:03.0: BAR 1 [mem 0xfebfd000-0xfebfdfff]
[    0.713806] pci 0000:00:03.0: BAR 4 [mem 0xfebf4000-0xfebf7fff 64bit pref]
[    0.727803] pci 0000:00:04.0: [8086:25ab] type 00 class 0x088000 conventional PCI endpoint
[    0.729224] pci 0000:00:04.0: BAR 0 [mem 0xfebfe000-0xfebfe00f]
[    0.742796] pci 0000:00:05.0: [1af4:1003] type 00 class 0x078000 conventional PCI endpoint
[    0.745651] pci 0000:00:05.0: BAR 0 [io  0xc080-0xc0bf]
[    0.747637] pci 0000:00:05.0: BAR 1 [mem 0xfebff000-0xfebfffff]
[    0.750804] pci 0000:00:05.0: BAR 4 [mem 0xfebf8000-0xfebfbfff 64bit pref]
[    0.768224] ACPI: PCI: Interrupt link LNKA configured for IRQ 10
[    0.770870] ACPI: PCI: Interrupt link LNKB configured for IRQ 10
[    0.772842] ACPI: PCI: Interrupt link LNKC configured for IRQ 11
[    0.774832] ACPI: PCI: Interrupt link LNKD configured for IRQ 11
[    0.776236] ACPI: PCI: Interrupt link LNKS configured for IRQ 9
[    0.809154] iommu: Default domain type: Translated
[    0.809801] iommu: DMA domain TLB invalidation policy: lazy mode
[    0.811394] SCSI subsystem initialized
[    0.813087] pps_core: LinuxPPS API ver. 1 registered
[    0.813803] pps_core: Software ver. 5.3.6 - Copyright 2005-2007 Rodolfo Giometti <giometti@linux.it>
[    0.815818] PTP clock support registered
[    0.817959] Advanced Linux Sound Architecture Driver Initialized.
[    0.821486] NET: Registered PF_ATMPVC protocol family
[    0.822801] NET: Registered PF_ATMSVC protocol family
[    0.822832] PCI: Using ACPI for IRQ routing
[    0.824918] vgaarb: loaded
[    0.826014] hpet0: at MMIO 0xfed00000, IRQs 2, 8, 0
[    0.826800] hpet0: 3 comparators, 64-bit 100.000000 MHz counter
[    0.833062] clocksource: Switched to clocksource kvm-clock
[    0.835237] VFS: Disk quotas dquot_6.6.0
[    0.836140] VFS: Dquot-cache hash table entries: 512 (order 0, 4096 bytes)
[    0.841814] pnp: PnP ACPI init
[    0.847542] pnp: PnP ACPI: found 5 devices
[    0.875441] clocksource: acpi_pm: mask: 0xffffff max_cycles: 0xffffff, max_idle_ns: 2085701024 ns
[    0.877384] NET: Registered PF_INET protocol family
[    0.878463] IP idents hash table entries: 16384 (order: 5, 131072 bytes, linear)
[    0.880700] tcp_listen_portaddr_hash hash table entries: 512 (order: 1, 8192 bytes, linear)
[    0.882384] Table-perturb hash table entries: 65536 (order: 6, 262144 bytes, linear)
[    0.883975] TCP established hash table entries: 8192 (order: 4, 65536 bytes, linear)
[    0.885552] TCP bind hash table entries: 8192 (order: 6, 262144 bytes, linear)
[    0.887027] TCP: Hash tables configured (established 8192 bind 8192)
[    0.889004] UDP hash table entries: 512 (order: 2, 16384 bytes, linear)
[    0.890361] UDP-Lite hash table entries: 512 (order: 2, 16384 bytes, linear)
[    0.892224] NET: Registered PF_UNIX/PF_LOCAL protocol family
[    0.893394] pci_bus 0000:00: resource 4 [io  0x0000-0x0cf7 window]
[    0.894638] pci_bus 0000:00: resource 5 [io  0x0d00-0xffff window]
[    0.895880] pci_bus 0000:00: resource 6 [mem 0x000a0000-0x000bffff window]
[    0.897259] pci_bus 0000:00: resource 7 [mem 0x40000000-0xfebfffff window]
[    0.898631] pci_bus 0000:00: resource 8 [mem 0x100000000-0x17fffffff window]
[    0.900289] pci 0000:00:01.0: PIIX3: Enabling Passive Release
[    0.901454] pci 0000:00:00.0: Limiting direct PCI/PCI transfers
[    0.902739] PCI: CLS 0 bytes, default 64
[    0.919920] RAPL PMU: API unit is 2^-32 Joules, 1 fixed counters, 10737418240 ms ovfl timer
[    0.921902] RAPL PMU: hw unit of domain psys 2^-0 Joules
[    1.275540] kwatchdog (374) used greatest stack depth: 30696 bytes left
[    1.512587] kvm_amd: CPU 21 isn't AMD or Hygon
[    1.513741] clocksource: tsc: mask: 0xffffffffffffffff max_cycles: 0x39a85c9bff6, max_idle_ns: 881590591483 ns
[    1.667983] Initialise system trusted keyrings
[    1.669816] workingset: timestamp_bits=56 max_order=18 bucket_order=0
[    1.671626] squashfs: version 4.0 (2009/01/31) Phillip Lougher
[    1.672844] fuse: init (API version 7.40)
[    1.674374] 9p: Installing v9fs 9p2000 file system support
[    1.694626] Key type asymmetric registered
[    1.695474] Asymmetric key parser 'x509' registered
[    1.696539] Block layer SCSI generic (bsg) driver version 0.4 loaded (major 249)
[    1.698068] io scheduler mq-deadline registered
[    1.698989] io scheduler kyber registered
[    1.718233] input: Power Button as /devices/LNXSYSTM:00/LNXPWRBN:00/input/input0
[    1.720625] ACPI: button: Power Button [PWRF]
[    1.721947] Warning: Processor Platform Limit event detected, but not handled.
[    1.723454] Consider compiling CPUfreq support into your kernel.
[    2.615917] ACPI: \_SB_.LNKB: Enabled at IRQ 10
[    3.500164] ACPI: \_SB_.LNKC: Enabled at IRQ 11
[    4.326711] ACPI: \_SB_.LNKA: Enabled at IRQ 10
[    4.328437] Serial: 8250/16550 driver, 4 ports, IRQ sharing enabled
[    4.329385] 00:03: ttyS0 at I/O 0x3f8 (irq = 4, base_baud = 115200) is a 16550A
[    4.358012] Non-volatile memory driver v1.3
[    4.358831] Linux agpgart interface v0.103
[    4.359511] ACPI: bus type drm_connector registered
[    4.361768] printk: legacy console [hvc0] enabled
[    4.363278] printk: legacy bootconsole [earlyser0] disabled
          _      _                                    
   __   _(_)_ __| |_ _ __ ___   ___       _ __   __ _ 
   \ \ / / |  __| __|  _   _ \ / _ \_____|  _ \ / _  |
    \ V /| | |  | |_| | | | | |  __/_____| | | | (_| |
     \_/ |_|_|   \__|_| |_| |_|\___|     |_| |_|\__  |
                                                |___/ 
   kernel version: 6.10.0-rc6-virtme x86_64
   (CTRL+d to exit)

root@virtme-ng:/nipa-data/kernel# PS1='xx__-> '
xx__-> env
PWD=/nipa-data/kernel
nr_open=1048576
HOME=/
TERM=xterm
SHLVL=2
XDG_RUNTIME_DIR=/run/user/0
PATH=/bin:/sbin:/usr/bin:/usr/sbin:/usr/local/bin
OLDPWD=/
_=/bin/env
xx__-> 