No EFI environment detected.
early console in extract_kernel
input_data: 0x00000000029b42c4
input_len: 0x0000000000bd73df
output: 0x0000000001000000
output_len: 0x0000000002545a00
kernel_total_size: 0x0000000002430000
needed_size: 0x0000000002600000
trampoline_32bit: 0x0000000000000000
Physical KASLR using RDRAND RDTSC...
Virtual KASLR using RDRAND RDTSC...

Decompressing Linux... Parsing ELF... Performing relocations... done.
Booting the kernel (entry_offset: 0x0000000000fd4578).
[    0.000000] Linux version 6.15.0-virtme (root@552c00bd059a) (gcc (Ubuntu 13.3.0-6ubuntu2~24.04) 13.3.0, GNU ld (GNU Binutils for Ubuntu) 2.42) #1 SMP PREEMPT_DYNAMIC Sun Jun  8 12:06:20 UTC 2025
[    0.000000] Command line: virtme_hostname=virtme-ng nr_open=1048576 virtme_link_mods=/nipa-data/kernel/.virtme_mods/lib/modules/0.0.0 virtme_initmount0=nipa-data/kernel virtme_rw_overlay0=/etc virtme_rw_overlay1=/lib virtme_rw_overlay2=/home virtme_rw_overlay3=/opt virtme_rw_overlay4=/srv virtme_rw_overlay5=/usr virtme_rw_overlay6=/var console=hvc0 earlyprintk=serial,ttyS0,115200 virtme_console=ttyS0 psmouse.proto=exps TERM=xterm virtme_chdir=nipa-data/kernel virtme_root_user=1 rootfstype=9p rootflags=version=9p2000.L,trans=virtio,access=any raid=noautodetect ro init=/usr/lib/python3/dist-packages/virtme/guest/virtme-init
[    0.000000] BIOS-provided physical RAM map:
[    0.000000] BIOS-e820: [mem 0x0000000000000000-0x000000000009fbff] usable
[    0.000000] BIOS-e820: [mem 0x000000000009fc00-0x000000000009ffff] reserved
[    0.000000] BIOS-e820: [mem 0x00000000000f0000-0x00000000000fffff] reserved
[    0.000000] BIOS-e820: [mem 0x0000000000100000-0x000000003ffdffff] usable
[    0.000000] BIOS-e820: [mem 0x000000003ffe0000-0x000000003fffffff] reserved
[    0.000000] BIOS-e820: [mem 0x00000000feffc000-0x00000000feffffff] reserved
[    0.000000] BIOS-e820: [mem 0x00000000fffc0000-0x00000000ffffffff] reserved
[    0.000000] BIOS-e820: [mem 0x000000fd00000000-0x000000ffffffffff] reserved
[    0.000000] printk: legacy bootconsole [earlyser0] enabled
[    0.000000] NX (Execute Disable) protection: active
[    0.000000] APIC: Static calls initialized
[    0.000000] SMBIOS 3.0.0 present.
[    0.000000] DMI: QEMU Ubuntu 24.04 PC (i440FX + PIIX, 1996), BIOS 1.16.3-debian-1.16.3-2 04/01/2014
[    0.000000] DMI: Memory slots populated: 1/1
[    0.000000] Hypervisor detected: KVM
[    0.000000] kvm-clock: Using msrs 4b564d01 and 4b564d00
[    0.000000] kvm-clock: using sched offset of 208035116 cycles
[    0.000370] clocksource: kvm-clock: mask: 0xffffffffffffffff max_cycles: 0x1cd42e4dffb, max_idle_ns: 881590591483 ns
[    0.001526] tsc: Detected 4491.564 MHz processor
[    0.002107] last_pfn = 0x3ffe0 max_arch_pfn = 0x400000000
[    0.002515] MTRR map: 4 entries (3 fixed + 1 variable; max 19), built from 8 variable MTRRs
[    0.003113] x86/PAT: Configuration [0-7]: WB  WC  UC- UC  WB  WP  UC- WT  
Memory KASLR using RDRAND RDTSC...
[    0.005105] found SMP MP-table at [mem 0x000f5470-0x000f547f]
[    0.005516] Using GB pages for direct mapping
[    0.005877] ACPI: Early table checksum verification disabled
[    0.006279] ACPI: RSDP 0x00000000000F5290 000014 (v00 BOCHS )
[    0.006688] ACPI: RSDT 0x000000003FFE27BC 000034 (v01 BOCHS  BXPC     00000001 BXPC 00000001)
[    0.007295] ACPI: FACP 0x000000003FFE2578 000074 (v01 BOCHS  BXPC     00000001 BXPC 00000001)
[    0.007902] ACPI: DSDT 0x000000003FFE0040 002538 (v01 BOCHS  BXPC     00000001 BXPC 00000001)
[    0.008512] ACPI: FACS 0x000000003FFE0000 000040
[    0.008841] ACPI: APIC 0x000000003FFE25EC 000170 (v03 BOCHS  BXPC     00000001 BXPC 00000001)
[    0.009445] ACPI: HPET 0x000000003FFE275C 000038 (v01 BOCHS  BXPC     00000001 BXPC 00000001)
[    0.010051] ACPI: WAET 0x000000003FFE2794 000028 (v01 BOCHS  BXPC     00000001 BXPC 00000001)
[    0.010655] ACPI: Reserving FACP table memory at [mem 0x3ffe2578-0x3ffe25eb]
[    0.011155] ACPI: Reserving DSDT table memory at [mem 0x3ffe0040-0x3ffe2577]
[    0.011655] ACPI: Reserving FACS table memory at [mem 0x3ffe0000-0x3ffe003f]
[    0.012157] ACPI: Reserving APIC table memory at [mem 0x3ffe25ec-0x3ffe275b]
[    0.012659] ACPI: Reserving HPET table memory at [mem 0x3ffe275c-0x3ffe2793]
[    0.013157] ACPI: Reserving WAET table memory at [mem 0x3ffe2794-0x3ffe27bb]
[    0.013796] No NUMA configuration found
[    0.014069] Faking a node at [mem 0x0000000000000000-0x000000003ffdffff]
[    0.014544] NODE_DATA(0) allocated [mem 0x3ffdb740-0x3ffdffff]
[    0.014968] Zone ranges:
[    0.015148]   DMA      [mem 0x0000000000001000-0x0000000000ffffff]
[    0.015587]   DMA32    [mem 0x0000000001000000-0x000000003ffdffff]
[    0.016026]   Normal   empty
[    0.016230]   Device   empty
[    0.016435] Movable zone start for each node
[    0.016739] Early memory node ranges
[    0.016993]   node   0: [mem 0x0000000000001000-0x000000000009efff]
[    0.017437]   node   0: [mem 0x0000000000100000-0x000000003ffdffff]
[    0.017881] Initmem setup node 0 [mem 0x0000000000001000-0x000000003ffdffff]
[    0.018382] On node 0, zone DMA: 1 pages in unavailable ranges
[    0.018803] On node 0, zone DMA: 97 pages in unavailable ranges
[    0.020176] On node 0, zone DMA32: 32 pages in unavailable ranges
[    0.020809] ACPI: PM-Timer IO Port: 0x608
[    0.021105] ACPI: LAPIC_NMI (acpi_id[0xff] dfl dfl lint[0x1])
[    0.021530] IOAPIC[0]: apic_id 0, version 17, address 0xfec00000, GSI 0-23
[    0.022019] ACPI: INT_SRC_OVR (bus 0 bus_irq 0 global_irq 2 dfl dfl)
[    0.022475] ACPI: INT_SRC_OVR (bus 0 bus_irq 5 global_irq 5 high level)
[    0.022944] ACPI: INT_SRC_OVR (bus 0 bus_irq 9 global_irq 9 high level)
[    0.023412] ACPI: INT_SRC_OVR (bus 0 bus_irq 10 global_irq 10 high level)
[    0.023894] ACPI: INT_SRC_OVR (bus 0 bus_irq 11 global_irq 11 high level)
[    0.024376] ACPI: Using ACPI (MADT) for SMP configuration information
[    0.024837] ACPI: HPET id: 0x8086a201 base: 0xfed00000
[    0.025202] TSC deadline timer available
[    0.025483] CPU topo: Max. logical packages:   1
[    0.025810] CPU topo: Max. logical dies:       1
[    0.026137] CPU topo: Max. dies per package:   1
[    0.026467] CPU topo: Max. threads per core:   1
[    0.026794] CPU topo: Num. cores per package:    32
[    0.027140] CPU topo: Num. threads per package:  32
[    0.027485] CPU topo: Allowing 32 present CPUs plus 0 hotplug CPUs
[    0.027930] kvm-guest: APIC: eoi() replaced with kvm_guest_apic_eoi_write()
[    0.028431] kvm-guest: KVM setup pv remote TLB flush
[    0.028789] kvm-guest: setup PV sched yield
[    0.029088] PM: hibernation: Registered nosave memory: [mem 0x00000000-0x00000fff]
[    0.029626] PM: hibernation: Registered nosave memory: [mem 0x0009f000-0x000fffff]
[    0.030163] [mem 0x40000000-0xfeffbfff] available for PCI devices
[    0.030596] Booting paravirtualized kernel on KVM
[    0.030930] clocksource: refined-jiffies: mask: 0xffffffff max_cycles: 0xffffffff, max_idle_ns: 1910969940391419 ns
[    0.034466] setup_percpu: NR_CPUS:64 nr_cpumask_bits:32 nr_cpu_ids:32 nr_node_ids:1
[    0.035606] percpu: Embedded 53 pages/cpu s179544 r8192 d29352 u262144
[    0.036101] Kernel command line: virtme_hostname=virtme-ng nr_open=1048576 virtme_link_mods=/nipa-data/kernel/.virtme_mods/lib/modules/0.0.0 virtme_initmount0=nipa-data/kernel virtme_rw_overlay0=/etc virtme_rw_overlay1=/lib virtme_rw_overlay2=/home virtme_rw_overlay3=/opt virtme_rw_overlay4=/srv virtme_rw_overlay5=/usr virtme_rw_overlay6=/var console=hvc0 earlyprintk=serial,ttyS0,115200 virtme_console=ttyS0 psmouse.proto=exps TERM=xterm virtme_chdir=nipa-data/kernel virtme_root_user=1 rootfstype=9p rootflags=version=9p2000.L,trans=virtio,access=any raid=noautodetect ro init=/usr/lib/python3/dist-packages/virtme/guest/virtme-init
[    0.040235] Unknown kernel command line parameters "virtme_hostname=virtme-ng nr_open=1048576 virtme_link_mods=/nipa-data/kernel/.virtme_mods/lib/modules/0.0.0 virtme_initmount0=nipa-data/kernel virtme_rw_overlay0=/etc virtme_rw_overlay1=/lib virtme_rw_overlay2=/home virtme_rw_overlay3=/opt virtme_rw_overlay4=/srv virtme_rw_overlay5=/usr virtme_rw_overlay6=/var virtme_console=ttyS0 virtme_chdir=nipa-data/kernel virtme_root_user=1", will be passed to user space.
[    0.043403] random: crng init done
[    0.043650] printk: log buffer data + meta data: 262144 + 917504 = 1179648 bytes
[    0.044216] Dentry cache hash table entries: 131072 (order: 8, 1048576 bytes, linear)
[    0.044806] Inode-cache hash table entries: 65536 (order: 7, 524288 bytes, linear)
[    0.045450] Fallback order for Node 0: 0 
[    0.045452] Built 1 zonelists, mobility grouping on.  Total pages: 262014
[    0.046235] Policy zone: DMA32
[    0.046456] mem auto-init: stack:all(zero), heap alloc:off, heap free:off
[    0.047494] SLUB: HWalign=64, Order=0-3, MinObjects=0, CPUs=32, Nodes=1
Poking KASLR using RDRAND RDTSC...
[    0.054906] ftrace: allocating 49278 entries in 194 pages
[    0.055301] ftrace: allocated 194 pages with 3 groups
[    0.056283] Dynamic Preempt: voluntary
[    0.056685] rcu: Preemptible hierarchical RCU implementation.
[    0.057107] rcu: RCU event tracing is enabled.
[    0.057437] rcu: RCU restricting CPUs from NR_CPUS=64 to nr_cpu_ids=32.
[    0.057925] Trampoline variant of Tasks RCU enabled.
[    0.058291] Rude variant of Tasks RCU enabled.
[    0.058620] Tracing variant of Tasks RCU enabled.
[    0.058968] rcu: RCU calculated value of scheduler-enlistment delay is 100 jiffies.
[    0.059524] rcu: Adjusting geometry for rcu_fanout_leaf=16, nr_cpu_ids=32
[    0.060023] RCU Tasks: Setting shift to 5 and lim to 1 rcu_task_cb_adjust=1 rcu_task_cpu_ids=32.
[    0.060665] RCU Tasks Rude: Setting shift to 5 and lim to 1 rcu_task_cb_adjust=1 rcu_task_cpu_ids=32.
[    0.061334] RCU Tasks Trace: Setting shift to 5 and lim to 1 rcu_task_cb_adjust=1 rcu_task_cpu_ids=32.
[    0.063750] NR_IRQS: 4352, nr_irqs: 680, preallocated irqs: 16
[    0.064337] rcu: srcu_init: Setting srcu_struct sizes based on contention.
[    0.064976] Console: colour *CGA 80x25
[    0.065254] ACPI: Core revision 20250404
[    0.065603] clocksource: hpet: mask: 0xffffffff max_cycles: 0xffffffff, max_idle_ns: 19112604467 ns
[    0.066313] APIC: Switch to symmetric I/O mode setup
[    0.066815] x2apic enabled
[    0.067181] APIC: Switched APIC routing to: physical x2apic
[    0.067584] kvm-guest: APIC: send_IPI_mask() replaced with kvm_send_ipi_mask()
[    0.068101] kvm-guest: APIC: send_IPI_mask_allbutself() replaced with kvm_send_ipi_mask_allbutself()
[    0.068747] kvm-guest: setup PV IPIs
[    0.069730] ..TIMER: vector=0x30 apic1=0 pin1=2 apic2=-1 pin2=-1
[    0.070520] clocksource: tsc-early: mask: 0xffffffffffffffff max_cycles: 0x40be463295d, max_idle_ns: 440795209293 ns
[    0.071864] Calibrating delay loop (skipped) preset value.. 8983.12 BogoMIPS (lpj=4491564)
[    0.072925] x86/cpu: User Mode Instruction Prevention (UMIP) activated
[    0.073910] Last level iTLB entries: 4KB 512, 2MB 255, 4MB 127
[    0.074862] Last level dTLB entries: 4KB 512, 2MB 255, 4MB 127, 1GB 0
[    0.075869] Speculative Store Bypass: Mitigation: Speculative Store Bypass disabled via prctl
[    0.076863] Speculative Return Stack Overflow: IBPB-extending microcode not applied!
[    0.077862] Speculative Return Stack Overflow: WARNING: See https://kernel.org/doc/html/latest/admin-guide/hw-vuln/srso.html for mitigation options.
[    0.077863] Spectre V2 : Mitigation: Enhanced / Automatic IBRS
[    0.079862] Speculative Return Stack Overflow: Vulnerable: Safe RET, no microcode
[    0.080863] Spectre V1 : Mitigation: usercopy/swapgs barriers and __user pointer sanitization
[    0.081865] Spectre V2 : mitigation: Enabling conditional Indirect Branch Prediction Barrier
[    0.082877] x86/fpu: Supporting XSAVE feature 0x001: 'x87 floating point registers'
[    0.083862] x86/fpu: Supporting XSAVE feature 0x002: 'SSE registers'
[    0.084862] x86/fpu: Supporting XSAVE feature 0x004: 'AVX registers'
[    0.085862] x86/fpu: Supporting XSAVE feature 0x020: 'AVX-512 opmask'
[    0.086862] x86/fpu: Supporting XSAVE feature 0x040: 'AVX-512 Hi256'
[    0.087643] x86/fpu: Supporting XSAVE feature 0x080: 'AVX-512 ZMM_Hi256'
[    0.087862] x86/fpu: Supporting XSAVE feature 0x200: 'Protection Keys User registers'
[    0.088863] x86/fpu: xstate_offset[2]:  576, xstate_sizes[2]:  256
[    0.089862] x86/fpu: xstate_offset[5]:  832, xstate_sizes[5]:   64
[    0.090862] x86/fpu: xstate_offset[6]:  896, xstate_sizes[6]:  512
[    0.091862] x86/fpu: xstate_offset[7]: 1408, xstate_sizes[7]: 1024
[    0.092622] x86/fpu: xstate_offset[9]: 2432, xstate_sizes[9]:    8
[    0.092862] x86/fpu: Enabled xstate features 0x2e7, context size is 2440 bytes, using 'compacted' format.
[    0.109575] Freeing SMP alternatives memory: 44K
[    0.109864] pid_max: default: 32768 minimum: 301
[    0.110449] Mount-cache hash table entries: 2048 (order: 2, 16384 bytes, linear)
[    0.110863] Mountpoint-cache hash table entries: 2048 (order: 2, 16384 bytes, linear)
[    0.112009] smpboot: CPU0: AMD Ryzen 9 7950X 16-Core Processor (family: 0x19, model: 0x61, stepping: 0x2)
[    0.112964] Performance Events: Fam17h+ core perfctr, AMD PMU driver.
[    0.113780] ... version:                0
[    0.113864] ... bit width:              48
[    0.114368] ... generic registers:      6
[    0.114861] ... value mask:             0000ffffffffffff
[    0.115521] ... max period:             00007fffffffffff
[    0.115864] ... fixed-purpose events:   0
[    0.116357] ... event mask:             000000000000003f
[    0.116952] signal: max sigframe size: 3376
[    0.117481] rcu: Hierarchical SRCU implementation.
[    0.117864] rcu: Max phase no-delay instances is 400.
[    0.118520] Timer migration: 2 hierarchy levels; 8 children per group; 2 crossnode level
[    0.121063] smp: Bringing up secondary CPUs ...
[    0.121675] smpboot: x86: Booting SMP configuration:
[    0.121866] .... node  #0, CPUs:        #1  #2  #3  #4  #5  #6  #7  #8  #9 #10 #11 #12 #13 #14 #15 #16 #17 #18 #19 #20 #21 #22 #23 #24 #25 #26 #27 #28 #29 #30 #31
[    0.132960] smp: Brought up 1 node, 32 CPUs
[    0.134386] smpboot: Total of 32 processors activated (287460.09 BogoMIPS)
[    0.135967] Memory: 971000K/1048056K available (16210K kernel code, 2489K rwdata, 6512K rodata, 3216K init, 1608K bss, 62532K reserved, 0K cma-reserved)
[    0.136988] devtmpfs: initialized
[    0.137313] x86/mm: Memory block size: 128MB
[    0.138580] clocksource: jiffies: mask: 0xffffffff max_cycles: 0xffffffff, max_idle_ns: 1911260446275000 ns
[    0.138866] posixtimers hash table entries: 16384 (order: 6, 262144 bytes, linear)
[    0.139912] futex hash table entries: 8192 (524288 bytes on 1 NUMA nodes, total 512 KiB, linear).
[    0.140944] PM: RTC time: 12:06:37, date: 2025-06-08
[    0.141888] NET: Registered PF_NETLINK/PF_ROUTE protocol family
[    0.142768] thermal_sys: Registered thermal governor 'step_wise'
[    0.142778] cpuidle: using governor menu
[    0.144056] PCI: Using configuration type 1 for base access
[    0.144754] PCI: Using configuration type 1 for extended access
[    0.144932] kprobes: kprobe jump-optimization is enabled. All kprobes are optimized if possible.
[    0.163909] HugeTLB: allocation took 0ms with hugepage_allocation_threads=8
[    0.164813] HugeTLB: registered 1.00 GiB page size, pre-allocated 0 pages
[    0.164864] HugeTLB: 16380 KiB vmemmap can be freed for a 1.00 GiB page
[    0.165687] HugeTLB: registered 2.00 MiB page size, pre-allocated 0 pages
[    0.165864] HugeTLB: 28 KiB vmemmap can be freed for a 2.00 MiB page
[    0.167136] ACPI: Added _OSI(Module Device)
[    0.167666] ACPI: Added _OSI(Processor Device)
[    0.167865] ACPI: Added _OSI(Processor Aggregator Device)
[    0.169212] ACPI: 1 ACPI AML tables successfully acquired and loaded
[    0.170229] ACPI: Interpreter enabled
[    0.170872] ACPI: PM: (supports S0 S3 S4 S5)
[    0.171405] ACPI: Using IOAPIC for interrupt routing
[    0.171871] PCI: Using host bridge windows from ACPI; if necessary, use "pci=nocrs" and report a bug
[    0.172864] PCI: Using E820 reservations for host bridge windows
[    0.173706] ACPI: Enabled 2 GPEs in block 00 to 0F
[    0.176514] ACPI: PCI Root Bridge [PCI0] (domain 0000 [bus 00-ff])
[    0.176866] acpi PNP0A03:00: _OSC: OS supports [ExtendedConfig ASPM ClockPM Segments MSI HPX-Type3]
[    0.177957] PCI host bridge to bus 0000:00
[    0.178466] pci_bus 0000:00: root bus resource [io  0x0000-0x0cf7 window]
[    0.178864] pci_bus 0000:00: root bus resource [io  0x0d00-0xffff window]
[    0.179704] pci_bus 0000:00: root bus resource [mem 0x000a0000-0x000bffff window]
[    0.179864] pci_bus 0000:00: root bus resource [mem 0x40000000-0xfebfffff window]
[    0.180799] pci_bus 0000:00: root bus resource [mem 0x100000000-0x17fffffff window]
[    0.180865] pci_bus 0000:00: root bus resource [bus 00-ff]
[    0.181639] pci 0000:00:00.0: [8086:1237] type 00 class 0x060000 conventional PCI endpoint
[    0.182135] pci 0000:00:01.0: [8086:7000] type 00 class 0x060100 conventional PCI endpoint
[    0.183133] pci 0000:00:01.1: [8086:7010] type 00 class 0x010180 conventional PCI endpoint
[    0.184238] pci 0000:00:01.1: BAR 4 [io  0xc0c0-0xc0cf]
[    0.184882] pci 0000:00:01.1: BAR 0 [io  0x01f0-0x01f7]: legacy IDE quirk
[    0.185728] pci 0000:00:01.1: BAR 1 [io  0x03f6]: legacy IDE quirk
[    0.185864] pci 0000:00:01.1: BAR 2 [io  0x0170-0x0177]: legacy IDE quirk
[    0.186704] pci 0000:00:01.1: BAR 3 [io  0x0376]: legacy IDE quirk
[    0.186955] pci 0000:00:01.3: [8086:7113] type 00 class 0x068000 conventional PCI endpoint
[    0.188061] pci 0000:00:01.3: quirk: [io  0x0600-0x063f] claimed by PIIX4 ACPI
[    0.188868] pci 0000:00:01.3: quirk: [io  0x0700-0x070f] claimed by PIIX4 SMB
[    0.189916] pci 0000:00:02.0: [1af4:1009] type 00 class 0x000200 conventional PCI endpoint
[    0.191700] pci 0000:00:02.0: BAR 0 [io  0xc000-0xc03f]
[    0.191868] pci 0000:00:02.0: BAR 1 [mem 0xfebfc000-0xfebfcfff]
[    0.192619] pci 0000:00:02.0: BAR 4 [mem 0xfebf0000-0xfebf3fff 64bit pref]
[    0.193475] pci 0000:00:03.0: [1af4:1009] type 00 class 0x000200 conventional PCI endpoint
[    0.194378] pci 0000:00:03.0: BAR 0 [io  0xc040-0xc07f]
[    0.194868] pci 0000:00:03.0: BAR 1 [mem 0xfebfd000-0xfebfdfff]
[    0.195622] pci 0000:00:03.0: BAR 4 [mem 0xfebf4000-0xfebf7fff 64bit pref]
[    0.196389] pci 0000:00:04.0: [8086:25ab] type 00 class 0x088000 conventional PCI endpoint
[    0.197148] pci 0000:00:04.0: BAR 0 [mem 0xfebfe000-0xfebfe00f]
[    0.198265] pci 0000:00:05.0: [1af4:1003] type 00 class 0x078000 conventional PCI endpoint
[    0.199684] pci 0000:00:05.0: BAR 0 [io  0xc080-0xc0bf]
[    0.199868] pci 0000:00:05.0: BAR 1 [mem 0xfebff000-0xfebfffff]
[    0.200616] pci 0000:00:05.0: BAR 4 [mem 0xfebf8000-0xfebfbfff 64bit pref]
[    0.201591] ACPI: PCI: Interrupt link LNKA configured for IRQ 10
[    0.201970] ACPI: PCI: Interrupt link LNKB configured for IRQ 10
[    0.202809] ACPI: PCI: Interrupt link LNKC configured for IRQ 11
[    0.202958] ACPI: PCI: Interrupt link LNKD configured for IRQ 11
[    0.203771] ACPI: PCI: Interrupt link LNKS configured for IRQ 9
[    0.204687] iommu: Default domain type: Translated
[    0.204864] iommu: DMA domain TLB invalidation policy: lazy mode
[    0.205905] SCSI subsystem initialized
[    0.206385] pps_core: LinuxPPS API ver. 1 registered
[    0.206864] pps_core: Software ver. 5.3.6 - Copyright 2005-2007 Rodolfo Giometti <giometti@linux.it>
[    0.207866] PTP clock support registered
[    0.208369] Advanced Linux Sound Architecture Driver Initialized.
[    0.209133] NET: Registered PF_ATMPVC protocol family
[    0.209760] NET: Registered PF_ATMSVC protocol family
[    0.209870] PCI: Using ACPI for IRQ routing
[    0.210469] vgaarb: loaded
[    0.210889] hpet0: at MMIO 0xfed00000, IRQs 2, 8, 0
[    0.211503] hpet0: 3 comparators, 64-bit 100.000000 MHz counter
[    0.214938] clocksource: Switched to clocksource kvm-clock
[    0.215659] VFS: Disk quotas dquot_6.6.0
[    0.216183] VFS: Dquot-cache hash table entries: 512 (order 0, 4096 bytes)
[    0.217099] pnp: PnP ACPI init
[    0.217655] pnp: PnP ACPI: found 5 devices
[    0.224384] clocksource: acpi_pm: mask: 0xffffff max_cycles: 0xffffff, max_idle_ns: 2085701024 ns
[    0.225509] NET: Registered PF_INET protocol family
[    0.226136] IP idents hash table entries: 16384 (order: 5, 131072 bytes, linear)
[    0.227189] tcp_listen_portaddr_hash hash table entries: 512 (order: 1, 8192 bytes, linear)
[    0.228234] Table-perturb hash table entries: 65536 (order: 6, 262144 bytes, linear)
[    0.229204] TCP established hash table entries: 8192 (order: 4, 65536 bytes, linear)
[    0.230170] TCP bind hash table entries: 8192 (order: 6, 262144 bytes, linear)
[    0.231075] TCP: Hash tables configured (established 8192 bind 8192)
[    0.231879] UDP hash table entries: 512 (order: 3, 32768 bytes, linear)
[    0.232703] UDP-Lite hash table entries: 512 (order: 3, 32768 bytes, linear)
[    0.233605] NET: Registered PF_UNIX/PF_LOCAL protocol family
[    0.234317] pci_bus 0000:00: resource 4 [io  0x0000-0x0cf7 window]
[    0.235086] pci_bus 0000:00: resource 5 [io  0x0d00-0xffff window]
[    0.235850] pci_bus 0000:00: resource 6 [mem 0x000a0000-0x000bffff window]
[    0.236704] pci_bus 0000:00: resource 7 [mem 0x40000000-0xfebfffff window]
[    0.237560] pci_bus 0000:00: resource 8 [mem 0x100000000-0x17fffffff window]
[    0.238457] pci 0000:00:01.0: PIIX3: Enabling Passive Release
[    0.239175] pci 0000:00:00.0: Limiting direct PCI/PCI transfers
[    0.239938] PCI: CLS 0 bytes, default 64
[    0.240481] kvm_intel: VMX not supported by CPU 0
[    0.241101] kvm_amd: TSC scaling supported
[    0.241610] kvm_amd: Nested Virtualization enabled
[    0.242209] kvm_amd: Nested Paging enabled
[    0.242716] kvm_amd: LBR virtualization supported
[    0.243305] kvm_amd: Virtual GIF supported
[    0.243810] kvm_amd: Virtual NMI enabled
[    0.269160] clocksource: tsc: mask: 0xffffffffffffffff max_cycles: 0x40be463295d, max_idle_ns: 440795209293 ns
[    0.275585] Initialise system trusted keyrings
[    0.276213] workingset: timestamp_bits=56 max_order=18 bucket_order=0
[    0.277055] squashfs: version 4.0 (2009/01/31) Phillip Lougher
[    0.277791] fuse: init (API version 7.44)
[    0.278332] 9p: Installing v9fs 9p2000 file system support
[    0.285710] Key type asymmetric registered
[    0.286232] Asymmetric key parser 'x509' registered
[    0.286852] Block layer SCSI generic (bsg) driver version 0.4 loaded (major 249)
[    0.287798] io scheduler mq-deadline registered
[    0.288372] io scheduler kyber registered
[    0.290288] input: Power Button as /devices/LNXSYSTM:00/LNXPWRBN:00/input/input0
[    0.291275] ACPI: button: Power Button [PWRF]
[    0.292207] Warning: Processor Platform Limit event detected, but not handled.
[    0.293118] Consider compiling CPUfreq support into your kernel.
[    0.310506] ACPI: \_SB_.LNKB: Enabled at IRQ 10
[    0.326238] ACPI: \_SB_.LNKC: Enabled at IRQ 11
[    0.341918] ACPI: \_SB_.LNKA: Enabled at IRQ 10
[    0.342996] Serial: 8250/16550 driver, 4 ports, IRQ sharing enabled
[    0.343889] 00:03: ttyS0 at I/O 0x3f8 (irq = 4, base_baud = 115200) is a 16550A
[    0.363012] Non-volatile memory driver v1.3
[    0.363578] Linux agpgart interface v0.103
[    0.363641] ACPI: bus type drm_connector registered
[    0.364715] printk: legacy console [hvc0] enabled
[    0.365312] printk: legacy bootconsole [earlyser0] disabled
          _      _                                    
   __   _(_)_ __| |_ _ __ ___   ___       _ __   __ _ 
   \ \ / / |  __| __|  _   _ \ / _ \_____|  _ \ / _  |
    \ V /| | |  | |_| | | | | |  __/_____| | | | (_| |
     \_/ |_|_|   \__|_| |_| |_|\___|     |_| |_|\__  |
                                                |___/ 
   kernel version: 6.15.0-virtme x86_64
   (CTRL+d to exit)

root@virtme-ng:/nipa-data/kernel# PS1='xx__-> '
xx__-> env
PWD=/nipa-data/kernel
nr_open=1048576
HOME=/
TERM=xterm
SHLVL=2
XDG_RUNTIME_DIR=/run/user/0
PATH=/bin:/sbin:/usr/bin:/usr/sbin:/usr/local/bin
OLDPWD=/
_=/bin/env
xx__-> 