No EFI environment detected.
early console in extract_kernel
input_data: 0x0000000004cb52c4
input_len: 0x00000000018d7a55
output: 0x0000000001000000
output_len: 0x0000000005516b30
kernel_total_size: 0x0000000005030000
needed_size: 0x0000000005600000
trampoline_32bit: 0x0000000000000000
Physical KASLR using RDRAND RDTSC...
Virtual KASLR using RDRAND RDTSC...

Decompressing Linux... Parsing ELF... Performing relocations... done.
Booting the kernel (entry_offset: 0x0000000000000000).
[    0.000000] Linux version 6.12.0-rc4-virtme (root@520b3186e335) (gcc (Ubuntu 13.2.0-23ubuntu4) 13.2.0, GNU ld (GNU Binutils for Ubuntu) 2.42) #1 SMP PREEMPT_DYNAMIC Thu Oct 31 15:26:35 UTC 2024
[    0.000000] Command line: virtme_hostname=virtme-ng nr_open=1048576 virtme_link_mods=/nipa-data/kernel/.virtme_mods/lib/modules/0.0.0 virtme_initmount0=nipa-data/kernel virtme_rw_overlay0=/etc virtme_rw_overlay1=/lib virtme_rw_overlay2=/home virtme_rw_overlay3=/opt virtme_rw_overlay4=/srv virtme_rw_overlay5=/usr virtme_rw_overlay6=/var console=hvc0 earlyprintk=serial,ttyS0,115200 virtme_console=ttyS0 psmouse.proto=exps TERM=xterm virtme_chdir=nipa-data/kernel virtme_root_user=1 rootfstype=9p rootflags=version=9p2000.L,trans=virtio,access=any raid=noautodetect ro init=/usr/lib/python3/dist-packages/virtme/guest/virtme-init
[    0.000000] BIOS-provided physical RAM map:
[    0.000000] BIOS-e820: [mem 0x0000000000000000-0x000000000009fbff] usable
[    0.000000] BIOS-e820: [mem 0x000000000009fc00-0x000000000009ffff] reserved
[    0.000000] BIOS-e820: [mem 0x00000000000f0000-0x00000000000fffff] reserved
[    0.000000] BIOS-e820: [mem 0x0000000000100000-0x000000003ffdffff] usable
[    0.000000] BIOS-e820: [mem 0x000000003ffe0000-0x000000003fffffff] reserved
[    0.000000] BIOS-e820: [mem 0x00000000feffc000-0x00000000feffffff] reserved
[    0.000000] BIOS-e820: [mem 0x00000000fffc0000-0x00000000ffffffff] reserved
[    0.000000] BIOS-e820: [mem 0x000000fd00000000-0x000000ffffffffff] reserved
[    0.000000] printk: legacy bootconsole [earlyser0] enabled
[    0.000000] NX (Execute Disable) protection: active
[    0.000000] APIC: Static calls initialized
[    0.000000] SMBIOS 3.0.0 present.
[    0.000000] DMI: QEMU Ubuntu 24.04 PC (i440FX + PIIX, 1996), BIOS 1.16.3-debian-1.16.3-2 04/01/2014
[    0.000000] DMI: Memory slots populated: 1/1
[    0.000000] Hypervisor detected: KVM
[    0.000000] kvm-clock: Using msrs 4b564d01 and 4b564d00
[    0.000000] kvm-clock: using sched offset of 298002221 cycles
[    0.000351] clocksource: kvm-clock: mask: 0xffffffffffffffff max_cycles: 0x1cd42e4dffb, max_idle_ns: 881590591483 ns
[    0.001441] tsc: Detected 4491.560 MHz processor
[    0.002085] last_pfn = 0x3ffe0 max_arch_pfn = 0x400000000
[    0.002470] MTRR map: 4 entries (3 fixed + 1 variable; max 19), built from 8 variable MTRRs
[    0.003031] x86/PAT: Configuration [0-7]: WB  WC  UC- UC  WB  WP  UC- WT  
[    0.004970] found SMP MP-table at [mem 0x000f5470-0x000f547f]
[    0.005361] Using GB pages for direct mapping
[    0.005846] ACPI: Early table checksum verification disabled
[    0.006227] ACPI: RSDP 0x00000000000F5290 000014 (v00 BOCHS )
[    0.006615] ACPI: RSDT 0x000000003FFE27BC 000034 (v01 BOCHS  BXPC     00000001 BXPC 00000001)
[    0.007192] ACPI: FACP 0x000000003FFE2578 000074 (v01 BOCHS  BXPC     00000001 BXPC 00000001)
[    0.007767] ACPI: DSDT 0x000000003FFE0040 002538 (v01 BOCHS  BXPC     00000001 BXPC 00000001)
[    0.008341] ACPI: FACS 0x000000003FFE0000 000040
[    0.008652] ACPI: APIC 0x000000003FFE25EC 000170 (v03 BOCHS  BXPC     00000001 BXPC 00000001)
[    0.009225] ACPI: HPET 0x000000003FFE275C 000038 (v01 BOCHS  BXPC     00000001 BXPC 00000001)
[    0.009798] ACPI: WAET 0x000000003FFE2794 000028 (v01 BOCHS  BXPC     00000001 BXPC 00000001)
[    0.010372] ACPI: Reserving FACP table memory at [mem 0x3ffe2578-0x3ffe25eb]
[    0.010845] ACPI: Reserving DSDT table memory at [mem 0x3ffe0040-0x3ffe2577]
[    0.011323] ACPI: Reserving FACS table memory at [mem 0x3ffe0000-0x3ffe003f]
[    0.011795] ACPI: Reserving APIC table memory at [mem 0x3ffe25ec-0x3ffe275b]
[    0.012267] ACPI: Reserving HPET table memory at [mem 0x3ffe275c-0x3ffe2793]
[    0.012739] ACPI: Reserving WAET table memory at [mem 0x3ffe2794-0x3ffe27bb]
[    0.013400] No NUMA configuration found
[    0.013658] Faking a node at [mem 0x0000000000000000-0x000000003ffdffff]
[    0.014110] NODE_DATA(0) allocated [mem 0x3ffdb780-0x3ffdffff]
[    0.014518] Zone ranges:
[    0.014688]   DMA      [mem 0x0000000000001000-0x0000000000ffffff]
[    0.015110]   DMA32    [mem 0x0000000001000000-0x000000003ffdffff]
[    0.015527]   Normal   empty
[    0.015721]   Device   empty
[    0.015915] Movable zone start for each node
[    0.016201] Early memory node ranges
[    0.016441]   node   0: [mem 0x0000000000001000-0x000000000009efff]
[    0.016862]   node   0: [mem 0x0000000000100000-0x000000003ffdffff]
[    0.017283] Initmem setup node 0 [mem 0x0000000000001000-0x000000003ffdffff]
[    0.017760] On node 0, zone DMA: 1 pages in unavailable ranges
[    0.018209] On node 0, zone DMA: 97 pages in unavailable ranges
[    0.022891] On node 0, zone DMA32: 32 pages in unavailable ranges
[    0.032093] kasan: KernelAddressSanitizer initialized
[    0.032648] ACPI: PM-Timer IO Port: 0x608
[    0.032928] ACPI: LAPIC_NMI (acpi_id[0xff] dfl dfl lint[0x1])
[    0.033336] IOAPIC[0]: apic_id 0, version 17, address 0xfec00000, GSI 0-23
[    0.033798] ACPI: INT_SRC_OVR (bus 0 bus_irq 0 global_irq 2 dfl dfl)
[    0.034225] ACPI: INT_SRC_OVR (bus 0 bus_irq 5 global_irq 5 high level)
[    0.034669] ACPI: INT_SRC_OVR (bus 0 bus_irq 9 global_irq 9 high level)
[    0.035120] ACPI: INT_SRC_OVR (bus 0 bus_irq 10 global_irq 10 high level)
[    0.035575] ACPI: INT_SRC_OVR (bus 0 bus_irq 11 global_irq 11 high level)
[    0.036032] ACPI: Using ACPI (MADT) for SMP configuration information
[    0.036464] ACPI: HPET id: 0x8086a201 base: 0xfed00000
[    0.036810] TSC deadline timer available
[    0.037076] CPU topo: Max. logical packages:   1
[    0.037385] CPU topo: Max. logical dies:       1
[    0.037695] CPU topo: Max. dies per package:   1
[    0.038007] CPU topo: Max. threads per core:   1
[    0.038317] CPU topo: Num. cores per package:    32
[    0.038644] CPU topo: Num. threads per package:  32
[    0.038970] CPU topo: Allowing 32 present CPUs plus 0 hotplug CPUs
[    0.039403] kvm-guest: APIC: eoi() replaced with kvm_guest_apic_eoi_write()
[    0.039881] kvm-guest: KVM setup pv remote TLB flush
[    0.040216] kvm-guest: setup PV sched yield
[    0.040503] PM: hibernation: Registered nosave memory: [mem 0x00000000-0x00000fff]
[    0.041011] PM: hibernation: Registered nosave memory: [mem 0x0009f000-0x0009ffff]
[    0.041519] PM: hibernation: Registered nosave memory: [mem 0x000a0000-0x000effff]
[    0.042026] PM: hibernation: Registered nosave memory: [mem 0x000f0000-0x000fffff]
[    0.042534] [mem 0x40000000-0xfeffbfff] available for PCI devices
[    0.042943] Booting paravirtualized kernel on KVM
[    0.043277] clocksource: refined-jiffies: mask: 0xffffffff max_cycles: 0xffffffff, max_idle_ns: 1910969940391419 ns
[    0.052022] setup_percpu: NR_CPUS:64 nr_cpumask_bits:32 nr_cpu_ids:32 nr_node_ids:1
[    0.053798] percpu: Embedded 70 pages/cpu s248792 r8192 d29736 u524288
[    0.054301] Kernel command line: virtme_hostname=virtme-ng nr_open=1048576 virtme_link_mods=/nipa-data/kernel/.virtme_mods/lib/modules/0.0.0 virtme_initmount0=nipa-data/kernel virtme_rw_overlay0=/etc virtme_rw_overlay1=/lib virtme_rw_overlay2=/home virtme_rw_overlay3=/opt virtme_rw_overlay4=/srv virtme_rw_overlay5=/usr virtme_rw_overlay6=/var console=hvc0 earlyprintk=serial,ttyS0,115200 virtme_console=ttyS0 psmouse.proto=exps TERM=xterm virtme_chdir=nipa-data/kernel virtme_root_user=1 rootfstype=9p rootflags=version=9p2000.L,trans=virtio,access=any raid=noautodetect ro init=/usr/lib/python3/dist-packages/virtme/guest/virtme-init
[    0.058256] Unknown kernel command line parameters "virtme_hostname=virtme-ng nr_open=1048576 virtme_link_mods=/nipa-data/kernel/.virtme_mods/lib/modules/0.0.0 virtme_initmount0=nipa-data/kernel virtme_rw_overlay0=/etc virtme_rw_overlay1=/lib virtme_rw_overlay2=/home virtme_rw_overlay3=/opt virtme_rw_overlay4=/srv virtme_rw_overlay5=/usr virtme_rw_overlay6=/var virtme_console=ttyS0 virtme_chdir=nipa-data/kernel virtme_root_user=1", will be passed to user space.
[    0.061251] random: crng init done
[    0.061506] Dentry cache hash table entries: 131072 (order: 8, 1048576 bytes, linear)
[    0.062056] Inode-cache hash table entries: 65536 (order: 7, 524288 bytes, linear)
[    0.062982] Fallback order for Node 0: 0 
[    0.062986] Built 1 zonelists, mobility grouping on.  Total pages: 262014
[    0.063741] Policy zone: DMA32
[    0.063952] mem auto-init: stack:all(zero), heap alloc:off, heap free:off
[    0.064420] stackdepot: allocating hash table via alloc_large_system_hash
[    0.064888] stackdepot hash table entries: 1048576 (order: 12, 16777216 bytes, linear)
[    0.073058] SLUB: HWalign=64, Order=0-3, MinObjects=0, CPUs=32, Nodes=1
Poking KASLR using RDRAND RDTSC...
[    0.073812] ftrace: allocating 48636 entries in 190 pages
[    0.082444] ftrace: allocated 190 pages with 6 groups
[    0.083659] Dynamic Preempt: voluntary
[    0.084363] rcu: Preemptible hierarchical RCU implementation.
[    0.084761] rcu: RCU event tracing is enabled.
[    0.085072] rcu: RCU restricting CPUs from NR_CPUS=64 to nr_cpu_ids=32.
[    0.085532] Trampoline variant of Tasks RCU enabled.
[    0.085877] Rude variant of Tasks RCU enabled.
[    0.086188] Tracing variant of Tasks RCU enabled.
[    0.086516] rcu: RCU calculated value of scheduler-enlistment delay is 100 jiffies.
[    0.087040] rcu: Adjusting geometry for rcu_fanout_leaf=16, nr_cpu_ids=32
[    0.087574] RCU Tasks: Setting shift to 5 and lim to 1 rcu_task_cb_adjust=1 rcu_task_cpu_ids=32.
[    0.088178] RCU Tasks Rude: Setting shift to 5 and lim to 1 rcu_task_cb_adjust=1 rcu_task_cpu_ids=32.
[    0.088810] RCU Tasks Trace: Setting shift to 5 and lim to 1 rcu_task_cb_adjust=1 rcu_task_cpu_ids=32.
[    0.097617] NR_IRQS: 4352, nr_irqs: 680, preallocated irqs: 16
[    0.098266] rcu: srcu_init: Setting srcu_struct sizes based on contention.
[    0.098953] Console: colour *CGA 80x25
[    0.099257] ACPI: Core revision 20240827
[    0.099677] clocksource: hpet: mask: 0xffffffff max_cycles: 0xffffffff, max_idle_ns: 19112604467 ns
[    0.100362] APIC: Switch to symmetric I/O mode setup
[    0.100707] kvm-guest: APIC: send_IPI_mask() replaced with kvm_send_ipi_mask()
[    0.101202] kvm-guest: APIC: send_IPI_mask_allbutself() replaced with kvm_send_ipi_mask_allbutself()
[    0.101820] kvm-guest: setup PV IPIs
[    0.102896] ..TIMER: vector=0x30 apic1=0 pin1=2 apic2=-1 pin2=-1
[    0.103719] clocksource: tsc-early: mask: 0xffffffffffffffff max_cycles: 0x40be4320a4d, max_idle_ns: 440795288133 ns
[    0.105037] Calibrating delay loop (skipped) preset value.. 8983.12 BogoMIPS (lpj=4491560)
[    0.106100] x86/cpu: User Mode Instruction Prevention (UMIP) activated
[    0.107095] Last level iTLB entries: 4KB 512, 2MB 255, 4MB 127
[    0.108036] Last level dTLB entries: 4KB 512, 2MB 255, 4MB 127, 1GB 0
[    0.109041] Spectre V1 : Mitigation: usercopy/swapgs barriers and __user pointer sanitization
[    0.110040] Spectre V2 : Mitigation: Enhanced / Automatic IBRS
[    0.110758] Spectre V2 : Spectre v2 / SpectreRSB mitigation: Filling RSB on context switch
[    0.111038] Spectre V2 : mitigation: Enabling conditional Indirect Branch Prediction Barrier
[    0.112038] Speculative Store Bypass: Mitigation: Speculative Store Bypass disabled via prctl
[    0.113036] Speculative Return Stack Overflow: IBPB-extending microcode not applied!
[    0.114036] Speculative Return Stack Overflow: WARNING: See https://kernel.org/doc/html/latest/admin-guide/hw-vuln/srso.html for mitigation options.
[    0.114037] Speculative Return Stack Overflow: Vulnerable: Safe RET, no microcode
[    0.116051] x86/fpu: Supporting XSAVE feature 0x001: 'x87 floating point registers'
[    0.117036] x86/fpu: Supporting XSAVE feature 0x002: 'SSE registers'
[    0.118036] x86/fpu: Supporting XSAVE feature 0x004: 'AVX registers'
[    0.119036] x86/fpu: Supporting XSAVE feature 0x020: 'AVX-512 opmask'
[    0.120036] x86/fpu: Supporting XSAVE feature 0x040: 'AVX-512 Hi256'
[    0.120806] x86/fpu: Supporting XSAVE feature 0x080: 'AVX-512 ZMM_Hi256'
[    0.121036] x86/fpu: Supporting XSAVE feature 0x200: 'Protection Keys User registers'
[    0.122036] x86/fpu: xstate_offset[2]:  576, xstate_sizes[2]:  256
[    0.123036] x86/fpu: xstate_offset[5]:  832, xstate_sizes[5]:   64
[    0.124036] x86/fpu: xstate_offset[6]:  896, xstate_sizes[6]:  512
[    0.124780] x86/fpu: xstate_offset[7]: 1408, xstate_sizes[7]: 1024
[    0.125036] x86/fpu: xstate_offset[9]: 2432, xstate_sizes[9]:    8
[    0.126036] x86/fpu: Enabled xstate features 0x2e7, context size is 2440 bytes, using 'compacted' format.
[    0.148442] Freeing SMP alternatives memory: 40K
[    0.149004] pid_max: default: 32768 minimum: 301
[    0.149155] Mount-cache hash table entries: 2048 (order: 2, 16384 bytes, linear)
[    0.150037] Mountpoint-cache hash table entries: 2048 (order: 2, 16384 bytes, linear)
[    0.152196] smpboot: CPU0: AMD Ryzen 9 7950X 16-Core Processor (family: 0x19, model: 0x61, stepping: 0x2)
[    0.153502] Performance Events: Fam17h+ core perfctr, AMD PMU driver.
[    0.154041] ... version:                0
[    0.154540] ... bit width:              48
[    0.155037] ... generic registers:      6
[    0.155522] ... value mask:             0000ffffffffffff
[    0.156037] ... max period:             00007fffffffffff
[    0.156678] ... fixed-purpose events:   0
[    0.157037] ... event mask:             000000000000003f
[    0.157790] signal: max sigframe size: 3376
[    0.158082] rcu: Hierarchical SRCU implementation.
[    0.158662] rcu: Max phase no-delay instances is 400.
[    0.159113] Timer migration: 2 hierarchy levels; 8 children per group; 2 crossnode level
[    0.163746] smp: Bringing up secondary CPUs ...
[    0.164336] smpboot: x86: Booting SMP configuration:
[    0.164938] .... node  #0, CPUs:        #1  #2  #3  #4  #5  #6  #7  #8  #9 #10 #11 #12 #13 #14 #15 #16 #17 #18 #19 #20 #21 #22 #23 #24 #25 #26 #27 #28 #29 #30 #31
[    0.194148] smp: Brought up 1 node, 32 CPUs
[    0.195553] smpboot: Total of 32 processors activated (287459.84 BogoMIPS)
[    0.200052] Memory: 763440K/1048056K available (45056K kernel code, 11393K rwdata, 10016K rodata, 6008K init, 1772K bss, 268992K reserved, 0K cma-reserved)
[    0.201154] devtmpfs: initialized
[    0.201612] x86/mm: Memory block size: 128MB
[    0.208111] clocksource: jiffies: mask: 0xffffffff max_cycles: 0xffffffff, max_idle_ns: 1911260446275000 ns
[    0.209042] futex hash table entries: 8192 (order: 7, 524288 bytes, linear)
[    0.210216] PM: RTC time: 15:27:00, date: 2024-10-31
[    0.211544] NET: Registered PF_NETLINK/PF_ROUTE protocol family
[    0.212891] thermal_sys: Registered thermal governor 'step_wise'
[    0.212894] thermal_sys: Registered thermal governor 'user_space'
[    0.213065] cpuidle: using governor menu
[    0.215353] PCI: Using configuration type 1 for base access
[    0.216038] PCI: Using configuration type 1 for extended access
[    0.216900] kprobes: kprobe jump-optimization is enabled. All kprobes are optimized if possible.
[    0.229318] HugeTLB: registered 1.00 GiB page size, pre-allocated 0 pages
[    0.230038] HugeTLB: 16380 KiB vmemmap can be freed for a 1.00 GiB page
[    0.230823] HugeTLB: registered 2.00 MiB page size, pre-allocated 0 pages
[    0.232038] HugeTLB: 28 KiB vmemmap can be freed for a 2.00 MiB page
[    0.233360] ACPI: Added _OSI(Module Device)
[    0.233862] ACPI: Added _OSI(Processor Device)
[    0.234038] ACPI: Added _OSI(3.0 _SCP Extensions)
[    0.234598] ACPI: Added _OSI(Processor Aggregator Device)
[    0.256806] ACPI: 1 ACPI AML tables successfully acquired and loaded
[    0.261844] ACPI: Interpreter enabled
[    0.262094] ACPI: PM: (supports S0 S3 S4 S5)
[    0.262602] ACPI: Using IOAPIC for interrupt routing
[    0.263086] PCI: Using host bridge windows from ACPI; if necessary, use "pci=nocrs" and report a bug
[    0.264037] PCI: Using E820 reservations for host bridge windows
[    0.265752] ACPI: Enabled 2 GPEs in block 00 to 0F
[    0.311202] ACPI: PCI Root Bridge [PCI0] (domain 0000 [bus 00-ff])
[    0.311963] acpi PNP0A03:00: _OSC: OS supports [ExtendedConfig ASPM ClockPM Segments MSI HPX-Type3]
[    0.313507] PCI host bridge to bus 0000:00
[    0.314050] pci_bus 0000:00: root bus resource [io  0x0000-0x0cf7 window]
[    0.314872] pci_bus 0000:00: root bus resource [io  0x0d00-0xffff window]
[    0.315040] pci_bus 0000:00: root bus resource [mem 0x000a0000-0x000bffff window]
[    0.315938] pci_bus 0000:00: root bus resource [mem 0x40000000-0xfebfffff window]
[    0.317040] pci_bus 0000:00: root bus resource [mem 0x100000000-0x17fffffff window]
[    0.317956] pci_bus 0000:00: root bus resource [bus 00-ff]
[    0.319124] pci 0000:00:00.0: [8086:1237] type 00 class 0x060000 conventional PCI endpoint
[    0.320831] pci 0000:00:01.0: [8086:7000] type 00 class 0x060100 conventional PCI endpoint
[    0.322876] pci 0000:00:01.1: [8086:7010] type 00 class 0x010180 conventional PCI endpoint
[    0.325683] pci 0000:00:01.1: BAR 4 [io  0xc0c0-0xc0cf]
[    0.326721] pci 0000:00:01.1: BAR 0 [io  0x01f0-0x01f7]: legacy IDE quirk
[    0.327038] pci 0000:00:01.1: BAR 1 [io  0x03f6]: legacy IDE quirk
[    0.327774] pci 0000:00:01.1: BAR 2 [io  0x0170-0x0177]: legacy IDE quirk
[    0.329038] pci 0000:00:01.1: BAR 3 [io  0x0376]: legacy IDE quirk
[    0.330418] pci 0000:00:01.3: [8086:7113] type 00 class 0x068000 conventional PCI endpoint
[    0.331273] pci 0000:00:01.3: quirk: [io  0x0600-0x063f] claimed by PIIX4 ACPI
[    0.332041] pci 0000:00:01.3: quirk: [io  0x0700-0x070f] claimed by PIIX4 SMB
[    0.333807] pci 0000:00:02.0: [1af4:1009] type 00 class 0x000200 conventional PCI endpoint
[    0.335453] pci 0000:00:02.0: BAR 0 [io  0xc000-0xc03f]
[    0.336396] pci 0000:00:02.0: BAR 1 [mem 0xfebfc000-0xfebfcfff]
[    0.340038] pci 0000:00:02.0: BAR 4 [mem 0xfebf0000-0xfebf3fff 64bit pref]
[    0.352817] pci 0000:00:03.0: [1af4:1009] type 00 class 0x000200 conventional PCI endpoint
[    0.354420] pci 0000:00:03.0: BAR 0 [io  0xc040-0xc07f]
[    0.355376] pci 0000:00:03.0: BAR 1 [mem 0xfebfd000-0xfebfdfff]
[    0.357038] pci 0000:00:03.0: BAR 4 [mem 0xfebf4000-0xfebf7fff 64bit pref]
[    0.368773] pci 0000:00:04.0: [8086:25ab] type 00 class 0x088000 conventional PCI endpoint
[    0.370213] pci 0000:00:04.0: BAR 0 [mem 0xfebfe000-0xfebfe00f]
[    0.382163] pci 0000:00:05.0: [1af4:1003] type 00 class 0x078000 conventional PCI endpoint
[    0.383399] pci 0000:00:05.0: BAR 0 [io  0xc080-0xc0bf]
[    0.384186] pci 0000:00:05.0: BAR 1 [mem 0xfebff000-0xfebfffff]
[    0.385752] pci 0000:00:05.0: BAR 4 [mem 0xfebf8000-0xfebfbfff 64bit pref]
[    0.400208] ACPI: PCI: Interrupt link LNKA configured for IRQ 10
[    0.401772] ACPI: PCI: Interrupt link LNKB configured for IRQ 10
[    0.402906] ACPI: PCI: Interrupt link LNKC configured for IRQ 11
[    0.404899] ACPI: PCI: Interrupt link LNKD configured for IRQ 11
[    0.406397] ACPI: PCI: Interrupt link LNKS configured for IRQ 9
[    0.424198] iommu: Default domain type: Translated
[    0.424781] iommu: DMA domain TLB invalidation policy: lazy mode
[    0.425480] SCSI subsystem initialized
[    0.426247] pps_core: LinuxPPS API ver. 1 registered
[    0.426848] pps_core: Software ver. 5.3.6 - Copyright 2005-2007 Rodolfo Giometti <giometti@linux.it>
[    0.428051] PTP clock support registered
[    0.429176] Advanced Linux Sound Architecture Driver Initialized.
[    0.431052] NET: Registered PF_ATMPVC protocol family
[    0.431665] NET: Registered PF_ATMSVC protocol family
[    0.432073] PCI: Using ACPI for IRQ routing
[    0.433073] vgaarb: loaded
[    0.433152] hpet0: at MMIO 0xfed00000, IRQs 2, 8, 0
[    0.433745] hpet0: 3 comparators, 64-bit 100.000000 MHz counter
[    0.439240] clocksource: Switched to clocksource kvm-clock
[    0.443622] VFS: Disk quotas dquot_6.6.0
[    0.444106] VFS: Dquot-cache hash table entries: 512 (order 0, 4096 bytes)
[    0.445598] pnp: PnP ACPI init
[    0.448187] pnp: PnP ACPI: found 5 devices
[    0.459645] clocksource: acpi_pm: mask: 0xffffff max_cycles: 0xffffff, max_idle_ns: 2085701024 ns
[    0.460761] NET: Registered PF_INET protocol family
[    0.461477] IP idents hash table entries: 16384 (order: 5, 131072 bytes, linear)
[    0.462757] tcp_listen_portaddr_hash hash table entries: 512 (order: 1, 8192 bytes, linear)
[    0.463771] Table-perturb hash table entries: 65536 (order: 6, 262144 bytes, linear)
[    0.464717] TCP established hash table entries: 8192 (order: 4, 65536 bytes, linear)
[    0.465646] TCP bind hash table entries: 8192 (order: 6, 262144 bytes, linear)
[    0.466513] TCP: Hash tables configured (established 8192 bind 8192)
[    0.467423] UDP hash table entries: 512 (order: 2, 16384 bytes, linear)
[    0.468239] UDP-Lite hash table entries: 512 (order: 2, 16384 bytes, linear)
[    0.469293] NET: Registered PF_UNIX/PF_LOCAL protocol family
[    0.469980] pci_bus 0000:00: resource 4 [io  0x0000-0x0cf7 window]
[    0.470717] pci_bus 0000:00: resource 5 [io  0x0d00-0xffff window]
[    0.471455] pci_bus 0000:00: resource 6 [mem 0x000a0000-0x000bffff window]
[    0.472266] pci_bus 0000:00: resource 7 [mem 0x40000000-0xfebfffff window]
[    0.473085] pci_bus 0000:00: resource 8 [mem 0x100000000-0x17fffffff window]
[    0.474110] pci 0000:00:01.0: PIIX3: Enabling Passive Release
[    0.474798] pci 0000:00:00.0: Limiting direct PCI/PCI transfers
[    0.475554] PCI: CLS 0 bytes, default 64
[    0.476087] kvm_intel: VMX not supported by CPU 21
[    0.476813] kvm_amd: TSC scaling supported
[    0.477313] kvm_amd: Nested Virtualization enabled
[    0.477880] kvm_amd: Nested Paging enabled
[    0.478370] kvm_amd: LBR virtualization supported
[    0.478938] kvm_amd: Virtual VMLOAD VMSAVE supported
[    0.479535] kvm_amd: Virtual GIF supported
[    0.480016] kvm_amd: Virtual NMI enabled
[    0.511248] clocksource: tsc: mask: 0xffffffffffffffff max_cycles: 0x40be4320a4d, max_idle_ns: 440795288133 ns
[    0.530358] Initialise system trusted keyrings
[    0.530977] workingset: timestamp_bits=56 max_order=18 bucket_order=0
[    0.531869] squashfs: version 4.0 (2009/01/31) Phillip Lougher
[    0.532587] fuse: init (API version 7.41)
[    0.533187] 9p: Installing v9fs 9p2000 file system support
[    0.542822] Key type asymmetric registered
[    0.543329] Asymmetric key parser 'x509' registered
[    0.543973] Block layer SCSI generic (bsg) driver version 0.4 loaded (major 249)
[    0.544894] io scheduler mq-deadline registered
[    0.545441] io scheduler kyber registered
[    0.548099] input: Power Button as /devices/LNXSYSTM:00/LNXPWRBN:00/input/input0
[    0.549218] ACPI: button: Power Button [PWRF]
[    0.551066] Warning: Processor Platform Limit event detected, but not handled.
[    0.551982] Consider compiling CPUfreq support into your kernel.
[    1.339383] ACPI: \_SB_.LNKB: Enabled at IRQ 10
[    2.118339] ACPI: \_SB_.LNKC: Enabled at IRQ 11
[    2.897590] ACPI: \_SB_.LNKA: Enabled at IRQ 10
[    2.898885] Serial: 8250/16550 driver, 4 ports, IRQ sharing enabled
[    2.899961] 00:03: ttyS0 at I/O 0x3f8 (irq = 4, base_baud = 115200) is a 16550A
[    2.921360] Non-volatile memory driver v1.3
[    2.921879] Linux agpgart interface v0.103
[    2.922656] ACPI: bus type drm_connector registered
[    2.923329] printk: legacy console [hvc0] enabled
[    2.923931] printk: legacy bootconsole [earlyser0] disabled
          _      _                                    
   __   _(_)_ __| |_ _ __ ___   ___       _ __   __ _ 
   \ \ / / |  __| __|  _   _ \ / _ \_____|  _ \ / _  |
    \ V /| | |  | |_| | | | | |  __/_____| | | | (_| |
     \_/ |_|_|   \__|_| |_| |_|\___|     |_| |_|\__  |
                                                |___/ 
   kernel version: 6.12.0-rc4-virtme x86_64
   (CTRL+d to exit)

root@virtme-ng:/nipa-data/kernel# PS1='xx__-> '
xx__-> env
PWD=/nipa-data/kernel
nr_open=1048576
HOME=/
TERM=xterm
SHLVL=2
XDG_RUNTIME_DIR=/run/user/0
PATH=/bin:/sbin:/usr/bin:/usr/sbin:/usr/local/bin
OLDPWD=/
_=/bin/env
xx__-> 