No EFI environment detected.
early console in extract_kernel
input_data: 0x0000000004cbd2c4
input_len: 0x0000000001891acd
output: 0x0000000001000000
output_len: 0x00000000054d9614
kernel_total_size: 0x0000000005030000
needed_size: 0x0000000005600000
trampoline_32bit: 0x000000000009d000
Physical KASLR using RDRAND RDTSC...
Virtual KASLR using RDRAND RDTSC...

Decompressing Linux... Parsing ELF... Performing relocations... done.
Booting the kernel (entry_offset: 0x0000000000000000).
[    0.000000] Linux version 6.11.0-rc3-virtme (root@f8bc58778325) (gcc (Ubuntu 13.2.0-23ubuntu4) 13.2.0, GNU ld (GNU Binutils for Ubuntu) 2.42) #1 SMP PREEMPT_DYNAMIC Wed Aug 21 00:27:36 UTC 2024
[    0.000000] Command line: virtme_hostname=virtme-ng nr_open=1048576 virtme_link_mods=/nipa-data/kernel/.virtme_mods/lib/modules/0.0.0 virtme_initmount0=nipa-data/kernel virtme_rw_overlay0=/etc virtme_rw_overlay1=/lib virtme_rw_overlay2=/home virtme_rw_overlay3=/opt virtme_rw_overlay4=/srv virtme_rw_overlay5=/usr virtme_rw_overlay6=/var console=hvc0 earlyprintk=serial,ttyS0,115200 virtme_console=ttyS0 psmouse.proto=exps TERM=xterm virtme_chdir=nipa-data/kernel virtme_root_user=1 rootfstype=9p rootflags=version=9p2000.L,trans=virtio,access=any raid=noautodetect ro init=/usr/lib/python3/dist-packages/virtme/guest/virtme-init
[    0.000000] x86/split lock detection: #DB: warning on user-space bus_locks
[    0.000000] BIOS-provided physical RAM map:
[    0.000000] BIOS-e820: [mem 0x0000000000000000-0x000000000009fbff] usable
[    0.000000] BIOS-e820: [mem 0x000000000009fc00-0x000000000009ffff] reserved
[    0.000000] BIOS-e820: [mem 0x00000000000f0000-0x00000000000fffff] reserved
[    0.000000] BIOS-e820: [mem 0x0000000000100000-0x000000003ffdffff] usable
[    0.000000] BIOS-e820: [mem 0x000000003ffe0000-0x000000003fffffff] reserved
[    0.000000] BIOS-e820: [mem 0x00000000feffc000-0x00000000feffffff] reserved
[    0.000000] BIOS-e820: [mem 0x00000000fffc0000-0x00000000ffffffff] reserved
[    0.000000] printk: legacy bootconsole [earlyser0] enabled
[    0.000000] NX (Execute Disable) protection: active
[    0.000000] APIC: Static calls initialized
[    0.000000] SMBIOS 3.0.0 present.
[    0.000000] DMI: QEMU Ubuntu 24.04 PC (i440FX + PIIX, 1996), BIOS 1.16.3-debian-1.16.3-2 04/01/2014
[    0.000000] DMI: Memory slots populated: 1/1
[    0.000000] Hypervisor detected: KVM
[    0.000000] kvm-clock: Using msrs 4b564d01 and 4b564d00
[    0.000001] kvm-clock: using sched offset of 1391756732 cycles
[    0.000763] clocksource: kvm-clock: mask: 0xffffffffffffffff max_cycles: 0x1cd42e4dffb, max_idle_ns: 881590591483 ns
[    0.003144] tsc: Detected 2000.000 MHz processor
[    0.004412] last_pfn = 0x3ffe0 max_arch_pfn = 0x10000000000
[    0.005284] MTRR map: 4 entries (3 fixed + 1 variable; max 19), built from 8 variable MTRRs
[    0.006510] x86/PAT: Configuration [0-7]: WB  WC  UC- UC  WB  WP  UC- WT  
[    0.015319] found SMP MP-table at [mem 0x000f5470-0x000f547f]
[    0.016175] Using GB pages for direct mapping
[    0.017092] ACPI: Early table checksum verification disabled
[    0.017923] ACPI: RSDP 0x00000000000F5290 000014 (v00 BOCHS )
[    0.018766] ACPI: RSDT 0x000000003FFE308E 000034 (v01 BOCHS  BXPC     00000001 BXPC 00000001)
[    0.020014] ACPI: FACP 0x000000003FFE2D8A 000074 (v01 BOCHS  BXPC     00000001 BXPC 00000001)
[    0.021262] ACPI: DSDT 0x000000003FFE0040 002D4A (v01 BOCHS  BXPC     00000001 BXPC 00000001)
[    0.022512] ACPI: FACS 0x000000003FFE0000 000040
[    0.023188] ACPI: APIC 0x000000003FFE2DFE 000230 (v03 BOCHS  BXPC     00000001 BXPC 00000001)
[    0.024430] ACPI: HPET 0x000000003FFE302E 000038 (v01 BOCHS  BXPC     00000001 BXPC 00000001)
[    0.025672] ACPI: WAET 0x000000003FFE3066 000028 (v01 BOCHS  BXPC     00000001 BXPC 00000001)
[    0.026917] ACPI: Reserving FACP table memory at [mem 0x3ffe2d8a-0x3ffe2dfd]
[    0.027943] ACPI: Reserving DSDT table memory at [mem 0x3ffe0040-0x3ffe2d89]
[    0.028968] ACPI: Reserving FACS table memory at [mem 0x3ffe0000-0x3ffe003f]
[    0.029995] ACPI: Reserving APIC table memory at [mem 0x3ffe2dfe-0x3ffe302d]
[    0.031020] ACPI: Reserving HPET table memory at [mem 0x3ffe302e-0x3ffe3065]
[    0.032044] ACPI: Reserving WAET table memory at [mem 0x3ffe3066-0x3ffe308d]
[    0.033575] No NUMA configuration found
[    0.034137] Faking a node at [mem 0x0000000000000000-0x000000003ffdffff]
[    0.035112] NODE_DATA(0) allocated [mem 0x3ffdb000-0x3ffdffff]
[    0.036117] Zone ranges:
[    0.036486]   DMA      [mem 0x0000000000001000-0x0000000000ffffff]
[    0.037384]   DMA32    [mem 0x0000000001000000-0x000000003ffdffff]
[    0.038285]   Normal   empty
[    0.038705]   Device   empty
[    0.039125] Movable zone start for each node
[    0.039745] Early memory node ranges
[    0.040264]   node   0: [mem 0x0000000000001000-0x000000000009efff]
[    0.041175]   node   0: [mem 0x0000000000100000-0x000000003ffdffff]
[    0.042090] Initmem setup node 0 [mem 0x0000000000001000-0x000000003ffdffff]
[    0.043123] On node 0, zone DMA: 1 pages in unavailable ranges
[    0.044073] On node 0, zone DMA: 97 pages in unavailable ranges
[    0.053561] On node 0, zone DMA32: 32 pages in unavailable ranges
[    0.086216] kasan: KernelAddressSanitizer initialized
[    0.087510] ACPI: PM-Timer IO Port: 0x608
[    0.088123] ACPI: LAPIC_NMI (acpi_id[0xff] dfl dfl lint[0x1])
[    0.089017] IOAPIC[0]: apic_id 0, version 17, address 0xfec00000, GSI 0-23
[    0.090028] ACPI: INT_SRC_OVR (bus 0 bus_irq 0 global_irq 2 dfl dfl)
[    0.090952] ACPI: INT_SRC_OVR (bus 0 bus_irq 5 global_irq 5 high level)
[    0.091914] ACPI: INT_SRC_OVR (bus 0 bus_irq 9 global_irq 9 high level)
[    0.092877] ACPI: INT_SRC_OVR (bus 0 bus_irq 10 global_irq 10 high level)
[    0.093869] ACPI: INT_SRC_OVR (bus 0 bus_irq 11 global_irq 11 high level)
[    0.094863] ACPI: Using ACPI (MADT) for SMP configuration information
[    0.095798] ACPI: HPET id: 0x8086a201 base: 0xfed00000
[    0.096547] TSC deadline timer available
[    0.097120] CPU topo: Max. logical packages:   1
[    0.097794] CPU topo: Max. logical dies:       1
[    0.098465] CPU topo: Max. dies per package:   1
[    0.099139] CPU topo: Max. threads per core:   1
[    0.099811] CPU topo: Num. cores per package:    56
[    0.100520] CPU topo: Num. threads per package:  56
[    0.101228] CPU topo: Allowing 56 present CPUs plus 0 hotplug CPUs
[    0.102235] kvm-guest: APIC: eoi() replaced with kvm_guest_apic_eoi_write()
[    0.103268] kvm-guest: KVM setup pv remote TLB flush
[    0.103994] kvm-guest: setup PV sched yield
[    0.104611] PM: hibernation: Registered nosave memory: [mem 0x00000000-0x00000fff]
[    0.105712] PM: hibernation: Registered nosave memory: [mem 0x0009f000-0x0009ffff]
[    0.106822] PM: hibernation: Registered nosave memory: [mem 0x000a0000-0x000effff]
[    0.107919] PM: hibernation: Registered nosave memory: [mem 0x000f0000-0x000fffff]
[    0.109018] [mem 0x40000000-0xfeffbfff] available for PCI devices
[    0.109906] Booting paravirtualized kernel on KVM
[    0.110591] clocksource: refined-jiffies: mask: 0xffffffff max_cycles: 0xffffffff, max_idle_ns: 1910969940391419 ns
[    0.133235] setup_percpu: NR_CPUS:64 nr_cpumask_bits:56 nr_cpu_ids:56 nr_node_ids:1
[    0.143525] percpu: Embedded 70 pages/cpu s248408 r8192 d30120 u524288
[    0.144689] Kernel command line: virtme_hostname=virtme-ng nr_open=1048576 virtme_link_mods=/nipa-data/kernel/.virtme_mods/lib/modules/0.0.0 virtme_initmount0=nipa-data/kernel virtme_rw_overlay0=/etc virtme_rw_overlay1=/lib virtme_rw_overlay2=/home virtme_rw_overlay3=/opt virtme_rw_overlay4=/srv virtme_rw_overlay5=/usr virtme_rw_overlay6=/var console=hvc0 earlyprintk=serial,ttyS0,115200 virtme_console=ttyS0 psmouse.proto=exps TERM=xterm virtme_chdir=nipa-data/kernel virtme_root_user=1 rootfstype=9p rootflags=version=9p2000.L,trans=virtio,access=any raid=noautodetect ro init=/usr/lib/python3/dist-packages/virtme/guest/virtme-init
[    0.153193] Unknown kernel command line parameters "virtme_hostname=virtme-ng nr_open=1048576 virtme_link_mods=/nipa-data/kernel/.virtme_mods/lib/modules/0.0.0 virtme_initmount0=nipa-data/kernel virtme_rw_overlay0=/etc virtme_rw_overlay1=/lib virtme_rw_overlay2=/home virtme_rw_overlay3=/opt virtme_rw_overlay4=/srv virtme_rw_overlay5=/usr virtme_rw_overlay6=/var virtme_console=ttyS0 virtme_chdir=nipa-data/kernel virtme_root_user=1", will be passed to user space.
[    0.159220] random: crng init done
[    0.159724] printk: log_buf_len individual max cpu contribution: 4096 bytes
[    0.160750] printk: log_buf_len total cpu_extra contributions: 225280 bytes
[    0.161773] printk: log_buf_len min size: 262144 bytes
[    0.163348] printk: log_buf_len: 524288 bytes
[    0.164012] printk: early log buf free: 253864(96%)
[    0.165176] Dentry cache hash table entries: 131072 (order: 8, 1048576 bytes, linear)
[    0.166421] Inode-cache hash table entries: 65536 (order: 7, 524288 bytes, linear)
[    0.170266] Fallback order for Node 0: 0 
[    0.170281] Built 1 zonelists, mobility grouping on.  Total pages: 262014
[    0.171820] Policy zone: DMA32
[    0.172250] mem auto-init: stack:all(zero), heap alloc:off, heap free:off
[    0.173202] stackdepot: allocating hash table via alloc_large_system_hash
[    0.174162] stackdepot hash table entries: 1048576 (order: 12, 16777216 bytes, linear)
[    0.198511] SLUB: HWalign=64, Order=0-3, MinObjects=0, CPUs=56, Nodes=1
Poking KASLR using RDRAND RDTSC...
[    0.200056] ftrace: allocating 48366 entries in 189 pages
[    0.219542] ftrace: allocated 189 pages with 6 groups
[    0.222131] Dynamic Preempt: voluntary
[    0.224671] rcu: Preemptible hierarchical RCU implementation.
[    0.225482] rcu: RCU event tracing is enabled.
[    0.226121] rcu: RCU restricting CPUs from NR_CPUS=64 to nr_cpu_ids=56.
[    0.227059] Trampoline variant of Tasks RCU enabled.
[    0.227765] Rude variant of Tasks RCU enabled.
[    0.228401] Tracing variant of Tasks RCU enabled.
[    0.229084] rcu: RCU calculated value of scheduler-enlistment delay is 100 jiffies.
[    0.230156] rcu: Adjusting geometry for rcu_fanout_leaf=16, nr_cpu_ids=56
[    0.231403] RCU Tasks: Setting shift to 6 and lim to 1 rcu_task_cb_adjust=1.
[    0.232392] RCU Tasks Rude: Setting shift to 6 and lim to 1 rcu_task_cb_adjust=1.
[    0.233442] RCU Tasks Trace: Setting shift to 6 and lim to 1 rcu_task_cb_adjust=1.
[    0.254656] NR_IRQS: 4352, nr_irqs: 872, preallocated irqs: 16
[    0.256009] rcu: srcu_init: Setting srcu_struct sizes based on contention.
[    0.257452] Console: colour *CGA 80x25
[    0.258100] ACPI: Core revision 20240322
[    0.259009] clocksource: hpet: mask: 0xffffffff max_cycles: 0xffffffff, max_idle_ns: 19112604467 ns
[    0.260440] APIC: Switch to symmetric I/O mode setup
[    0.261215] APIC: Switched APIC routing to: physical flat
[    0.262030] kvm-guest: APIC: send_IPI_mask() replaced with kvm_send_ipi_mask()
[    0.263065] kvm-guest: APIC: send_IPI_mask_allbutself() replaced with kvm_send_ipi_mask_allbutself()
[    0.264353] kvm-guest: setup PV IPIs
[    0.266580] ..TIMER: vector=0x30 apic1=0 pin1=2 apic2=-1 pin2=-1
[    0.267963] clocksource: tsc-early: mask: 0xffffffffffffffff max_cycles: 0x39a85c9bff6, max_idle_ns: 881590591483 ns
[    0.270319] Calibrating delay loop (skipped) preset value.. 4000.00 BogoMIPS (lpj=2000000)
[    0.271549] x86/cpu: User Mode Instruction Prevention (UMIP) activated
[    0.272456] Last level iTLB entries: 4KB 0, 2MB 0, 4MB 0
[    0.273315] Last level dTLB entries: 4KB 0, 2MB 0, 4MB 0, 1GB 0
[    0.274336] Spectre V1 : Mitigation: usercopy/swapgs barriers and __user pointer sanitization
[    0.275327] Spectre V2 : Spectre BHI mitigation: SW BHB clearing on syscall and VM exit
[    0.276324] Spectre V2 : Mitigation: Enhanced / Automatic IBRS
[    0.277316] Spectre V2 : Spectre v2 / SpectreRSB mitigation: Filling RSB on context switch
[    0.278315] Spectre V2 : Spectre v2 / PBRSB-eIBRS: Retire a single CALL on VMEXIT
[    0.279323] Spectre V2 : mitigation: Enabling conditional Indirect Branch Prediction Barrier
[    0.280319] Speculative Store Bypass: Mitigation: Speculative Store Bypass disabled via prctl
[    0.281316] TAA: Mitigation: TSX disabled
[    0.282406] x86/fpu: Supporting XSAVE feature 0x001: 'x87 floating point registers'
[    0.283315] x86/fpu: Supporting XSAVE feature 0x002: 'SSE registers'
[    0.284315] x86/fpu: Supporting XSAVE feature 0x004: 'AVX registers'
[    0.285315] x86/fpu: Supporting XSAVE feature 0x020: 'AVX-512 opmask'
[    0.286315] x86/fpu: Supporting XSAVE feature 0x040: 'AVX-512 Hi256'
[    0.287315] x86/fpu: Supporting XSAVE feature 0x080: 'AVX-512 ZMM_Hi256'
[    0.288315] x86/fpu: Supporting XSAVE feature 0x200: 'Protection Keys User registers'
[    0.289315] x86/fpu: Supporting XSAVE feature 0x20000: 'AMX Tile config'
[    0.290315] x86/fpu: Supporting XSAVE feature 0x40000: 'AMX Tile data'
[    0.291315] x86/fpu: xstate_offset[2]:  576, xstate_sizes[2]:  256
[    0.292315] x86/fpu: xstate_offset[5]:  832, xstate_sizes[5]:   64
[    0.293315] x86/fpu: xstate_offset[6]:  896, xstate_sizes[6]:  512
[    0.294315] x86/fpu: xstate_offset[7]: 1408, xstate_sizes[7]: 1024
[    0.295315] x86/fpu: xstate_offset[9]: 2432, xstate_sizes[9]:    8
[    0.296315] x86/fpu: xstate_offset[17]: 2496, xstate_sizes[17]:   64
[    0.297315] x86/fpu: xstate_offset[18]: 2560, xstate_sizes[18]: 8192
[    0.298315] x86/fpu: Enabled xstate features 0x602e7, context size is 10752 bytes, using 'compacted' format.
[    0.342874] Freeing SMP alternatives memory: 40K
[    0.343316] pid_max: default: 57344 minimum: 448
[    0.344590] Mount-cache hash table entries: 2048 (order: 2, 16384 bytes, linear)
[    0.345318] Mountpoint-cache hash table entries: 2048 (order: 2, 16384 bytes, linear)
[    0.347664] smpboot: CPU0: Intel(R) Xeon(R) Platinum 8480+ (family: 0x6, model: 0x8f, stepping: 0x6)
[    0.349100] Performance Events: PEBS fmt0-, Sapphire Rapids events, full-width counters, Intel PMU driver.
[    0.349321] ... version:                2
[    0.350137] ... bit width:              48
[    0.350317] ... generic registers:      8
[    0.351119] ... value mask:             0000ffffffffffff
[    0.351317] ... max period:             00007fffffffffff
[    0.352317] ... fixed-purpose events:   3
[    0.353119] ... event mask:             00000007000000ff
[    0.353663] signal: max sigframe size: 11952
[    0.354386] rcu: Hierarchical SRCU implementation.
[    0.355317] rcu: Max phase no-delay instances is 400.
[    0.356428] Timer migration: 2 hierarchy levels; 8 children per group; 2 crossnode level
[    0.359979] smp: Bringing up secondary CPUs ...
[    0.360606] smpboot: x86: Booting SMP configuration:
[    0.361322] .... node  #0, CPUs:        #1  #2  #3  #4  #5  #6  #7  #8  #9 #10 #11 #12 #13 #14 #15 #16 #17 #18 #19 #20 #21 #22 #23 #24 #25 #26 #27 #28 #29 #30 #31 #32 #33 #34 #35 #36 #37 #38 #39 #40 #41 #42 #43 #44 #45 #46 #47 #48 #49 #50 #51 #52 #53 #54 #55
[    0.427701] smp: Brought up 1 node, 56 CPUs
[    0.429186] smpboot: Total of 56 processors activated (224000.00 BogoMIPS)
[    0.444424] Memory: 742816K/1048056K available (45056K kernel code, 11286K rwdata, 9920K rodata, 5948K init, 1988K bss, 280348K reserved, 0K cma-reserved)
[    0.446317] devtmpfs: initialized
[    0.447357] x86/mm: Memory block size: 128MB
[    0.457725] clocksource: jiffies: mask: 0xffffffff max_cycles: 0xffffffff, max_idle_ns: 1911260446275000 ns
[    0.458340] futex hash table entries: 16384 (order: 8, 1048576 bytes, linear)
[    0.460319] PM: RTC time: 00:28:22, date: 2024-08-21
[    0.464050] NET: Registered PF_NETLINK/PF_ROUTE protocol family
[    0.465503] thermal_sys: Registered thermal governor 'step_wise'
[    0.465508] thermal_sys: Registered thermal governor 'user_space'
[    0.466392] cpuidle: using governor menu
[    0.469763] PCI: Using configuration type 1 for base access
[    0.470494] kprobes: kprobe jump-optimization is enabled. All kprobes are optimized if possible.
[    0.517742] HugeTLB: registered 1.00 GiB page size, pre-allocated 0 pages
[    0.519327] HugeTLB: 16380 KiB vmemmap can be freed for a 1.00 GiB page
[    0.521320] HugeTLB: registered 2.00 MiB page size, pre-allocated 0 pages
[    0.523318] HugeTLB: 28 KiB vmemmap can be freed for a 2.00 MiB page
[    0.527003] ACPI: Added _OSI(Module Device)
[    0.528320] ACPI: Added _OSI(Processor Device)
[    0.529318] ACPI: Added _OSI(3.0 _SCP Extensions)
[    0.530319] ACPI: Added _OSI(Processor Aggregator Device)
[    0.561665] ACPI: 1 ACPI AML tables successfully acquired and loaded
[    0.573333] ACPI: Interpreter enabled
[    0.574222] ACPI: PM: (supports S0 S3 S4 S5)
[    0.575318] ACPI: Using IOAPIC for interrupt routing
[    0.575390] PCI: Using host bridge windows from ACPI; if necessary, use "pci=nocrs" and report a bug
[    0.576313] PCI: Using E820 reservations for host bridge windows
[    0.579774] ACPI: Enabled 2 GPEs in block 00 to 0F
[    0.648973] ACPI: PCI Root Bridge [PCI0] (domain 0000 [bus 00-ff])
[    0.650335] acpi PNP0A03:00: _OSC: OS supports [ASPM ClockPM Segments MSI HPX-Type3]
[    0.651319] acpi PNP0A03:00: _OSC: not requesting OS control; OS requires [ExtendedConfig ASPM ClockPM MSI]
[    0.653449] acpi PNP0A03:00: fail to add MMCONFIG information, can't access extended configuration space under this bridge
[    0.656755] PCI host bridge to bus 0000:00
[    0.657382] pci_bus 0000:00: root bus resource [io  0x0000-0x0cf7 window]
[    0.658320] pci_bus 0000:00: root bus resource [io  0x0d00-0xffff window]
[    0.660320] pci_bus 0000:00: root bus resource [mem 0x000a0000-0x000bffff window]
[    0.661320] pci_bus 0000:00: root bus resource [mem 0x40000000-0xfebfffff window]
[    0.663320] pci_bus 0000:00: root bus resource [mem 0x100000000-0x17fffffff window]
[    0.664321] pci_bus 0000:00: root bus resource [bus 00-ff]
[    0.665387] pci 0000:00:00.0: [8086:1237] type 00 class 0x060000 conventional PCI endpoint
[    0.668554] pci 0000:00:01.0: [8086:7000] type 00 class 0x060100 conventional PCI endpoint
[    0.671697] pci 0000:00:01.1: [8086:7010] type 00 class 0x010180 conventional PCI endpoint
[    0.676640] pci 0000:00:01.1: BAR 4 [io  0xc0c0-0xc0cf]
[    0.679690] pci 0000:00:01.1: BAR 0 [io  0x01f0-0x01f7]: legacy IDE quirk
[    0.680317] pci 0000:00:01.1: BAR 1 [io  0x03f6]: legacy IDE quirk
[    0.682317] pci 0000:00:01.1: BAR 2 [io  0x0170-0x0177]: legacy IDE quirk
[    0.683317] pci 0000:00:01.1: BAR 3 [io  0x0376]: legacy IDE quirk
[    0.686292] pci 0000:00:01.3: [8086:7113] type 00 class 0x068000 conventional PCI endpoint
[    0.688918] pci 0000:00:01.3: quirk: [io  0x0600-0x063f] claimed by PIIX4 ACPI
[    0.690327] pci 0000:00:01.3: quirk: [io  0x0700-0x070f] claimed by PIIX4 SMB
[    0.692336] pci 0000:00:02.0: [1af4:1009] type 00 class 0x000200 conventional PCI endpoint
[    0.696329] pci 0000:00:02.0: BAR 0 [io  0xc000-0xc03f]
[    0.698321] pci 0000:00:02.0: BAR 1 [mem 0xfebfc000-0xfebfcfff]
[    0.705321] pci 0000:00:02.0: BAR 4 [mem 0xfebf0000-0xfebf3fff 64bit pref]
[    0.722467] pci 0000:00:03.0: [1af4:1009] type 00 class 0x000200 conventional PCI endpoint
[    0.724220] pci 0000:00:03.0: BAR 0 [io  0xc040-0xc07f]
[    0.726171] pci 0000:00:03.0: BAR 1 [mem 0xfebfd000-0xfebfdfff]
[    0.731324] pci 0000:00:03.0: BAR 4 [mem 0xfebf4000-0xfebf7fff 64bit pref]
[    0.747072] pci 0000:00:04.0: [8086:25ab] type 00 class 0x088000 conventional PCI endpoint
[    0.748723] pci 0000:00:04.0: BAR 0 [mem 0xfebfe000-0xfebfe00f]
[    0.763927] pci 0000:00:05.0: [1af4:1003] type 00 class 0x078000 conventional PCI endpoint
[    0.767178] pci 0000:00:05.0: BAR 0 [io  0xc080-0xc0bf]
[    0.769154] pci 0000:00:05.0: BAR 1 [mem 0xfebff000-0xfebfffff]
[    0.773323] pci 0000:00:05.0: BAR 4 [mem 0xfebf8000-0xfebfbfff 64bit pref]
[    0.790864] ACPI: PCI: Interrupt link LNKA configured for IRQ 10
[    0.793491] ACPI: PCI: Interrupt link LNKB configured for IRQ 10
[    0.796368] ACPI: PCI: Interrupt link LNKC configured for IRQ 11
[    0.798354] ACPI: PCI: Interrupt link LNKD configured for IRQ 11
[    0.799752] ACPI: PCI: Interrupt link LNKS configured for IRQ 9
[    0.835082] iommu: Default domain type: Translated
[    0.836318] iommu: DMA domain TLB invalidation policy: lazy mode
[    0.837898] SCSI subsystem initialized
[    0.839597] pps_core: LinuxPPS API ver. 1 registered
[    0.840320] pps_core: Software ver. 5.3.6 - Copyright 2005-2007 Rodolfo Giometti <giometti@linux.it>
[    0.842333] PTP clock support registered
[    0.844568] Advanced Linux Sound Architecture Driver Initialized.
[    0.848085] NET: Registered PF_ATMPVC protocol family
[    0.849318] NET: Registered PF_ATMSVC protocol family
[    0.850350] PCI: Using ACPI for IRQ routing
[    0.851475] vgaarb: loaded
[    0.852530] hpet0: at MMIO 0xfed00000, IRQs 2, 8, 0
[    0.854318] hpet0: 3 comparators, 64-bit 100.000000 MHz counter
[    0.858791] clocksource: Switched to clocksource kvm-clock
[    0.860690] VFS: Disk quotas dquot_6.6.0
[    0.861561] VFS: Dquot-cache hash table entries: 512 (order 0, 4096 bytes)
[    0.867825] pnp: PnP ACPI init
[    0.872842] pnp: PnP ACPI: found 5 devices
[    0.897011] clocksource: acpi_pm: mask: 0xffffff max_cycles: 0xffffff, max_idle_ns: 2085701024 ns
[    0.898975] NET: Registered PF_INET protocol family
[    0.900071] IP idents hash table entries: 16384 (order: 5, 131072 bytes, linear)
[    0.902333] tcp_listen_portaddr_hash hash table entries: 512 (order: 1, 8192 bytes, linear)
[    0.904037] Table-perturb hash table entries: 65536 (order: 6, 262144 bytes, linear)
[    0.905614] TCP established hash table entries: 8192 (order: 4, 65536 bytes, linear)
[    0.907215] TCP bind hash table entries: 8192 (order: 6, 262144 bytes, linear)
[    0.908695] TCP: Hash tables configured (established 8192 bind 8192)
[    0.910654] UDP hash table entries: 512 (order: 2, 16384 bytes, linear)
[    0.912027] UDP-Lite hash table entries: 512 (order: 2, 16384 bytes, linear)
[    0.913848] NET: Registered PF_UNIX/PF_LOCAL protocol family
[    0.915019] pci_bus 0000:00: resource 4 [io  0x0000-0x0cf7 window]
[    0.916270] pci_bus 0000:00: resource 5 [io  0x0d00-0xffff window]
[    0.917515] pci_bus 0000:00: resource 6 [mem 0x000a0000-0x000bffff window]
[    0.918900] pci_bus 0000:00: resource 7 [mem 0x40000000-0xfebfffff window]
[    0.920272] pci_bus 0000:00: resource 8 [mem 0x100000000-0x17fffffff window]
[    0.921917] pci 0000:00:01.0: PIIX3: Enabling Passive Release
[    0.923098] pci 0000:00:00.0: Limiting direct PCI/PCI transfers
[    0.924403] PCI: CLS 0 bytes, default 64
[    0.939820] RAPL PMU: API unit is 2^-32 Joules, 1 fixed counters, 10737418240 ms ovfl timer
[    0.941514] RAPL PMU: hw unit of domain psys 2^-0 Joules
[    1.272796] kwatchdog (374) used greatest stack depth: 30696 bytes left
[    1.483757] kvm_amd: CPU 18 isn't AMD or Hygon
[    1.484884] clocksource: tsc: mask: 0xffffffffffffffff max_cycles: 0x39a85c9bff6, max_idle_ns: 881590591483 ns
[    1.639125] Initialise system trusted keyrings
[    1.641023] workingset: timestamp_bits=56 max_order=18 bucket_order=0
[    1.642771] squashfs: version 4.0 (2009/01/31) Phillip Lougher
[    1.644012] fuse: init (API version 7.40)
[    1.645360] 9p: Installing v9fs 9p2000 file system support
[    1.665124] Key type asymmetric registered
[    1.665957] Asymmetric key parser 'x509' registered
[    1.667014] Block layer SCSI generic (bsg) driver version 0.4 loaded (major 249)
[    1.668538] io scheduler mq-deadline registered
[    1.669454] io scheduler kyber registered
[    1.688737] input: Power Button as /devices/LNXSYSTM:00/LNXPWRBN:00/input/input0
[    1.690870] ACPI: button: Power Button [PWRF]
[    1.694710] Warning: Processor Platform Limit event detected, but not handled.
[    1.697831] Consider compiling CPUfreq support into your kernel.
[    2.612068] ACPI: \_SB_.LNKB: Enabled at IRQ 10
[    3.490156] ACPI: \_SB_.LNKC: Enabled at IRQ 11
[    4.178588] ACPI: \_SB_.LNKA: Enabled at IRQ 10
[    4.180284] Serial: 8250/16550 driver, 4 ports, IRQ sharing enabled
[    4.181222] 00:03: ttyS0 at I/O 0x3f8 (irq = 4, base_baud = 115200) is a 16550A
[    4.210346] Non-volatile memory driver v1.3
[    4.210827] Linux agpgart interface v0.103
[    4.211845] ACPI: bus type drm_connector registered
[    4.213850] printk: legacy console [hvc0] enabled
[    4.214894] printk: legacy bootconsole [earlyser0] disabled
          _      _                                    
   __   _(_)_ __| |_ _ __ ___   ___       _ __   __ _ 
   \ \ / / |  __| __|  _   _ \ / _ \_____|  _ \ / _  |
    \ V /| | |  | |_| | | | | |  __/_____| | | | (_| |
     \_/ |_|_|   \__|_| |_| |_|\___|     |_| |_|\__  |
                                                |___/ 
   kernel version: 6.11.0-rc3-virtme x86_64
   (CTRL+d to exit)

root@virtme-ng:/nipa-data/kernel# PS1='xx__-> '
xx__-> env
PWD=/nipa-data/kernel
nr_open=1048576
HOME=/
TERM=xterm
SHLVL=2
XDG_RUNTIME_DIR=/run/user/0
PATH=/bin:/sbin:/usr/bin:/usr/sbin:/usr/local/bin
OLDPWD=/
_=/bin/env
xx__-> 