No EFI environment detected.
early console in extract_kernel
input_data: 0x0000000004ab32c4
input_len: 0x0000000001917556
output: 0x0000000001000000
output_len: 0x0000000005356460
kernel_total_size: 0x0000000005030000
needed_size: 0x0000000005400000
trampoline_32bit: 0x0000000000000000
Physical KASLR using RDRAND RDTSC...
Virtual KASLR using RDRAND RDTSC...

Decompressing Linux... Parsing ELF... Performing relocations... done.
Booting the kernel (entry_offset: 0x0000000002b32780).
[    0.000000] Linux version 6.13.0-virtme (root@82646797e877) (gcc (Ubuntu 13.3.0-6ubuntu2~24.04) 13.3.0, GNU ld (GNU Binutils for Ubuntu) 2.42) #1 SMP PREEMPT_DYNAMIC Tue Feb  4 12:27:29 UTC 2025
[    0.000000] Command line: virtme_hostname=virtme-ng nr_open=1048576 virtme_link_mods=/nipa-data/kernel/.virtme_mods/lib/modules/0.0.0 virtme_initmount0=nipa-data/kernel virtme_rw_overlay0=/etc virtme_rw_overlay1=/lib virtme_rw_overlay2=/home virtme_rw_overlay3=/opt virtme_rw_overlay4=/srv virtme_rw_overlay5=/usr virtme_rw_overlay6=/var console=hvc0 earlyprintk=serial,ttyS0,115200 virtme_console=ttyS0 psmouse.proto=exps TERM=xterm virtme_chdir=nipa-data/kernel virtme_root_user=1 rootfstype=9p rootflags=version=9p2000.L,trans=virtio,access=any raid=noautodetect ro init=/usr/lib/python3/dist-packages/virtme/guest/virtme-init
[    0.000000] BIOS-provided physical RAM map:
[    0.000000] BIOS-e820: [mem 0x0000000000000000-0x000000000009fbff] usable
[    0.000000] BIOS-e820: [mem 0x000000000009fc00-0x000000000009ffff] reserved
[    0.000000] BIOS-e820: [mem 0x00000000000f0000-0x00000000000fffff] reserved
[    0.000000] BIOS-e820: [mem 0x0000000000100000-0x000000003ffdffff] usable
[    0.000000] BIOS-e820: [mem 0x000000003ffe0000-0x000000003fffffff] reserved
[    0.000000] BIOS-e820: [mem 0x00000000feffc000-0x00000000feffffff] reserved
[    0.000000] BIOS-e820: [mem 0x00000000fffc0000-0x00000000ffffffff] reserved
[    0.000000] BIOS-e820: [mem 0x000000fd00000000-0x000000ffffffffff] reserved
[    0.000000] printk: legacy bootconsole [earlyser0] enabled
[    0.000000] NX (Execute Disable) protection: active
[    0.000000] APIC: Static calls initialized
[    0.000000] SMBIOS 3.0.0 present.
[    0.000000] DMI: QEMU Ubuntu 24.04 PC (i440FX + PIIX, 1996), BIOS 1.16.3-debian-1.16.3-2 04/01/2014
[    0.000000] DMI: Memory slots populated: 1/1
[    0.000000] Hypervisor detected: KVM
[    0.000000] kvm-clock: Using msrs 4b564d01 and 4b564d00
[    0.000000] kvm-clock: using sched offset of 302943658 cycles
[    0.000377] clocksource: kvm-clock: mask: 0xffffffffffffffff max_cycles: 0x1cd42e4dffb, max_idle_ns: 881590591483 ns
[    0.001533] tsc: Detected 4491.560 MHz processor
[    0.002209] last_pfn = 0x3ffe0 max_arch_pfn = 0x400000000
[    0.002616] MTRR map: 4 entries (3 fixed + 1 variable; max 19), built from 8 variable MTRRs
[    0.003210] x86/PAT: Configuration [0-7]: WB  WC  UC- UC  WB  WP  UC- WT  
[    0.005172] found SMP MP-table at [mem 0x000f5470-0x000f547f]
[    0.005585] Using GB pages for direct mapping
[    0.006091] ACPI: Early table checksum verification disabled
[    0.006494] ACPI: RSDP 0x00000000000F5290 000014 (v00 BOCHS )
[    0.006907] ACPI: RSDT 0x000000003FFE27BC 000034 (v01 BOCHS  BXPC     00000001 BXPC 00000001)
[    0.007516] ACPI: FACP 0x000000003FFE2578 000074 (v01 BOCHS  BXPC     00000001 BXPC 00000001)
[    0.008126] ACPI: DSDT 0x000000003FFE0040 002538 (v01 BOCHS  BXPC     00000001 BXPC 00000001)
[    0.008734] ACPI: FACS 0x000000003FFE0000 000040
[    0.009063] ACPI: APIC 0x000000003FFE25EC 000170 (v03 BOCHS  BXPC     00000001 BXPC 00000001)
[    0.009671] ACPI: HPET 0x000000003FFE275C 000038 (v01 BOCHS  BXPC     00000001 BXPC 00000001)
[    0.010280] ACPI: WAET 0x000000003FFE2794 000028 (v01 BOCHS  BXPC     00000001 BXPC 00000001)
[    0.010886] ACPI: Reserving FACP table memory at [mem 0x3ffe2578-0x3ffe25eb]
[    0.011386] ACPI: Reserving DSDT table memory at [mem 0x3ffe0040-0x3ffe2577]
[    0.011886] ACPI: Reserving FACS table memory at [mem 0x3ffe0000-0x3ffe003f]
[    0.012386] ACPI: Reserving APIC table memory at [mem 0x3ffe25ec-0x3ffe275b]
[    0.012885] ACPI: Reserving HPET table memory at [mem 0x3ffe275c-0x3ffe2793]
[    0.013385] ACPI: Reserving WAET table memory at [mem 0x3ffe2794-0x3ffe27bb]
[    0.014078] No NUMA configuration found
[    0.014351] Faking a node at [mem 0x0000000000000000-0x000000003ffdffff]
[    0.014829] NODE_DATA(0) allocated [mem 0x3ffdb780-0x3ffdffff]
[    0.015259] Zone ranges:
[    0.015439]   DMA      [mem 0x0000000000001000-0x0000000000ffffff]
[    0.015879]   DMA32    [mem 0x0000000001000000-0x000000003ffdffff]
[    0.016318]   Normal   empty
[    0.016523]   Device   empty
[    0.016728] Movable zone start for each node
[    0.017031] Early memory node ranges
[    0.017284]   node   0: [mem 0x0000000000001000-0x000000000009efff]
[    0.017732]   node   0: [mem 0x0000000000100000-0x000000003ffdffff]
[    0.018191] Initmem setup node 0 [mem 0x0000000000001000-0x000000003ffdffff]
[    0.018697] On node 0, zone DMA: 1 pages in unavailable ranges
[    0.019166] On node 0, zone DMA: 97 pages in unavailable ranges
[    0.023689] On node 0, zone DMA32: 32 pages in unavailable ranges
[    0.032869] kasan: KernelAddressSanitizer initialized
[    0.033457] ACPI: PM-Timer IO Port: 0x608
[    0.033753] ACPI: LAPIC_NMI (acpi_id[0xff] dfl dfl lint[0x1])
[    0.034207] IOAPIC[0]: apic_id 0, version 17, address 0xfec00000, GSI 0-23
[    0.034699] ACPI: INT_SRC_OVR (bus 0 bus_irq 0 global_irq 2 dfl dfl)
[    0.035151] ACPI: INT_SRC_OVR (bus 0 bus_irq 5 global_irq 5 high level)
[    0.035622] ACPI: INT_SRC_OVR (bus 0 bus_irq 9 global_irq 9 high level)
[    0.036092] ACPI: INT_SRC_OVR (bus 0 bus_irq 10 global_irq 10 high level)
[    0.036574] ACPI: INT_SRC_OVR (bus 0 bus_irq 11 global_irq 11 high level)
[    0.037057] ACPI: Using ACPI (MADT) for SMP configuration information
[    0.037515] ACPI: HPET id: 0x8086a201 base: 0xfed00000
[    0.037885] TSC deadline timer available
[    0.038174] CPU topo: Max. logical packages:   1
[    0.038502] CPU topo: Max. logical dies:       1
[    0.038829] CPU topo: Max. dies per package:   1
[    0.039161] CPU topo: Max. threads per core:   1
[    0.039489] CPU topo: Num. cores per package:    32
[    0.039836] CPU topo: Num. threads per package:  32
[    0.040182] CPU topo: Allowing 32 present CPUs plus 0 hotplug CPUs
[    0.040636] kvm-guest: APIC: eoi() replaced with kvm_guest_apic_eoi_write()
[    0.041148] kvm-guest: KVM setup pv remote TLB flush
[    0.041503] kvm-guest: setup PV sched yield
[    0.041808] PM: hibernation: Registered nosave memory: [mem 0x00000000-0x00000fff]
[    0.042350] PM: hibernation: Registered nosave memory: [mem 0x0009f000-0x0009ffff]
[    0.042887] PM: hibernation: Registered nosave memory: [mem 0x000a0000-0x000effff]
[    0.043425] PM: hibernation: Registered nosave memory: [mem 0x000f0000-0x000fffff]
[    0.043964] [mem 0x40000000-0xfeffbfff] available for PCI devices
[    0.044397] Booting paravirtualized kernel on KVM
[    0.044733] clocksource: refined-jiffies: mask: 0xffffffff max_cycles: 0xffffffff, max_idle_ns: 1910969940391419 ns
[    0.053520] setup_percpu: NR_CPUS:64 nr_cpumask_bits:32 nr_cpu_ids:32 nr_node_ids:1
[    0.055334] percpu: Embedded 70 pages/cpu s247832 r8192 d30696 u524288
[    0.055867] Kernel command line: virtme_hostname=virtme-ng nr_open=1048576 virtme_link_mods=/nipa-data/kernel/.virtme_mods/lib/modules/0.0.0 virtme_initmount0=nipa-data/kernel virtme_rw_overlay0=/etc virtme_rw_overlay1=/lib virtme_rw_overlay2=/home virtme_rw_overlay3=/opt virtme_rw_overlay4=/srv virtme_rw_overlay5=/usr virtme_rw_overlay6=/var console=hvc0 earlyprintk=serial,ttyS0,115200 virtme_console=ttyS0 psmouse.proto=exps TERM=xterm virtme_chdir=nipa-data/kernel virtme_root_user=1 rootfstype=9p rootflags=version=9p2000.L,trans=virtio,access=any raid=noautodetect ro init=/usr/lib/python3/dist-packages/virtme/guest/virtme-init
[    0.060069] Unknown kernel command line parameters "virtme_hostname=virtme-ng nr_open=1048576 virtme_link_mods=/nipa-data/kernel/.virtme_mods/lib/modules/0.0.0 virtme_initmount0=nipa-data/kernel virtme_rw_overlay0=/etc virtme_rw_overlay1=/lib virtme_rw_overlay2=/home virtme_rw_overlay3=/opt virtme_rw_overlay4=/srv virtme_rw_overlay5=/usr virtme_rw_overlay6=/var virtme_console=ttyS0 virtme_chdir=nipa-data/kernel virtme_root_user=1", will be passed to user space.
[    0.063242] random: crng init done
[    0.063491] printk: log buffer data + meta data: 262144 + 917504 = 1179648 bytes
[    0.064053] Dentry cache hash table entries: 131072 (order: 8, 1048576 bytes, linear)
[    0.064637] Inode-cache hash table entries: 65536 (order: 7, 524288 bytes, linear)
[    0.065603] Fallback order for Node 0: 0 
[    0.065607] Built 1 zonelists, mobility grouping on.  Total pages: 262014
[    0.066398] Policy zone: DMA32
[    0.066622] mem auto-init: stack:all(zero), heap alloc:off, heap free:off
[    0.067117] stackdepot: allocating hash table via alloc_large_system_hash
[    0.067612] stackdepot hash table entries: 1048576 (order: 12, 16777216 bytes, linear)
[    0.075691] SLUB: HWalign=64, Order=0-3, MinObjects=0, CPUs=32, Nodes=1
Poking KASLR using RDRAND RDTSC...
[    0.076484] ftrace: allocating 49049 entries in 192 pages
[    0.094105] ftrace: allocated 192 pages with 2 groups
[    0.095324] Dynamic Preempt: voluntary
[    0.096039] rcu: Preemptible hierarchical RCU implementation.
[    0.096457] rcu: RCU event tracing is enabled.
[    0.096786] rcu: RCU restricting CPUs from NR_CPUS=64 to nr_cpu_ids=32.
[    0.097273] Trampoline variant of Tasks RCU enabled.
[    0.097644] Rude variant of Tasks RCU enabled.
[    0.097989] Tracing variant of Tasks RCU enabled.
[    0.098338] rcu: RCU calculated value of scheduler-enlistment delay is 100 jiffies.
[    0.098899] rcu: Adjusting geometry for rcu_fanout_leaf=16, nr_cpu_ids=32
[    0.099457] RCU Tasks: Setting shift to 5 and lim to 1 rcu_task_cb_adjust=1 rcu_task_cpu_ids=32.
[    0.100098] RCU Tasks Rude: Setting shift to 5 and lim to 1 rcu_task_cb_adjust=1 rcu_task_cpu_ids=32.
[    0.100771] RCU Tasks Trace: Setting shift to 5 and lim to 1 rcu_task_cb_adjust=1 rcu_task_cpu_ids=32.
[    0.110395] NR_IRQS: 4352, nr_irqs: 680, preallocated irqs: 16
[    0.111073] rcu: srcu_init: Setting srcu_struct sizes based on contention.
[    0.111788] Console: colour *CGA 80x25
[    0.112089] ACPI: Core revision 20240827
[    0.112522] clocksource: hpet: mask: 0xffffffff max_cycles: 0xffffffff, max_idle_ns: 19112604467 ns
[    0.113244] APIC: Switch to symmetric I/O mode setup
[    0.113621] kvm-guest: APIC: send_IPI_mask() replaced with kvm_send_ipi_mask()
[    0.114151] kvm-guest: APIC: send_IPI_mask_allbutself() replaced with kvm_send_ipi_mask_allbutself()
[    0.114797] kvm-guest: setup PV IPIs
[    0.115906] ..TIMER: vector=0x30 apic1=0 pin1=2 apic2=-1 pin2=-1
[    0.116702] clocksource: tsc-early: mask: 0xffffffffffffffff max_cycles: 0x40be4320a4d, max_idle_ns: 440795288133 ns
[    0.118061] Calibrating delay loop (skipped) preset value.. 8983.12 BogoMIPS (lpj=4491560)
[    0.119127] x86/cpu: User Mode Instruction Prevention (UMIP) activated
[    0.120118] Last level iTLB entries: 4KB 512, 2MB 255, 4MB 127
[    0.121059] Last level dTLB entries: 4KB 512, 2MB 255, 4MB 127, 1GB 0
[    0.122063] Spectre V1 : Mitigation: usercopy/swapgs barriers and __user pointer sanitization
[    0.123063] Spectre V2 : Mitigation: Enhanced / Automatic IBRS
[    0.124059] Spectre V2 : Spectre v2 / SpectreRSB mitigation: Filling RSB on context switch
[    0.125061] Spectre V2 : mitigation: Enabling conditional Indirect Branch Prediction Barrier
[    0.126061] Speculative Store Bypass: Mitigation: Speculative Store Bypass disabled via prctl
[    0.127059] Speculative Return Stack Overflow: IBPB-extending microcode not applied!
[    0.128059] Speculative Return Stack Overflow: WARNING: See https://kernel.org/doc/html/latest/admin-guide/hw-vuln/srso.html for mitigation options.
[    0.128060] Speculative Return Stack Overflow: Vulnerable: Safe RET, no microcode
[    0.130074] x86/fpu: Supporting XSAVE feature 0x001: 'x87 floating point registers'
[    0.131059] x86/fpu: Supporting XSAVE feature 0x002: 'SSE registers'
[    0.131839] x86/fpu: Supporting XSAVE feature 0x004: 'AVX registers'
[    0.132059] x86/fpu: Supporting XSAVE feature 0x020: 'AVX-512 opmask'
[    0.133059] x86/fpu: Supporting XSAVE feature 0x040: 'AVX-512 Hi256'
[    0.134059] x86/fpu: Supporting XSAVE feature 0x080: 'AVX-512 ZMM_Hi256'
[    0.135059] x86/fpu: Supporting XSAVE feature 0x200: 'Protection Keys User registers'
[    0.136059] x86/fpu: xstate_offset[2]:  576, xstate_sizes[2]:  256
[    0.136818] x86/fpu: xstate_offset[5]:  832, xstate_sizes[5]:   64
[    0.137059] x86/fpu: xstate_offset[6]:  896, xstate_sizes[6]:  512
[    0.138059] x86/fpu: xstate_offset[7]: 1408, xstate_sizes[7]: 1024
[    0.139059] x86/fpu: xstate_offset[9]: 2432, xstate_sizes[9]:    8
[    0.140059] x86/fpu: Enabled xstate features 0x2e7, context size is 2440 bytes, using 'compacted' format.
[    0.161487] Freeing SMP alternatives memory: 40K
[    0.162061] pid_max: default: 32768 minimum: 301
[    0.162748] Mount-cache hash table entries: 2048 (order: 2, 16384 bytes, linear)
[    0.163061] Mountpoint-cache hash table entries: 2048 (order: 2, 16384 bytes, linear)
[    0.165312] smpboot: CPU0: AMD Ryzen 9 7950X 16-Core Processor (family: 0x19, model: 0x61, stepping: 0x2)
[    0.166522] Performance Events: Fam17h+ core perfctr, AMD PMU driver.
[    0.167064] ... version:                0
[    0.167556] ... bit width:              48
[    0.168061] ... generic registers:      6
[    0.168554] ... value mask:             0000ffffffffffff
[    0.169061] ... max period:             00007fffffffffff
[    0.169713] ... fixed-purpose events:   0
[    0.170061] ... event mask:             000000000000003f
[    0.170824] signal: max sigframe size: 3376
[    0.171106] rcu: Hierarchical SRCU implementation.
[    0.171696] rcu: Max phase no-delay instances is 400.
[    0.172141] Timer migration: 2 hierarchy levels; 8 children per group; 2 crossnode level
[    0.176819] smp: Bringing up secondary CPUs ...
[    0.177241] smpboot: x86: Booting SMP configuration:
[    0.177854] .... node  #0, CPUs:        #1  #2  #3  #4  #5  #6  #7  #8  #9 #10 #11 #12 #13 #14 #15 #16 #17 #18 #19 #20 #21 #22 #23 #24 #25 #26 #27 #28 #29 #30 #31
[    0.200168] smp: Brought up 1 node, 32 CPUs
[    0.201584] smpboot: Total of 32 processors activated (287459.84 BogoMIPS)
[    0.206139] Memory: 763128K/1048056K available (44235K kernel code, 11489K rwdata, 10156K rodata, 6108K init, 1544K bss, 269032K reserved, 0K cma-reserved)
[    0.207182] devtmpfs: initialized
[    0.207648] x86/mm: Memory block size: 128MB
[    0.214150] clocksource: jiffies: mask: 0xffffffff max_cycles: 0xffffffff, max_idle_ns: 1911260446275000 ns
[    0.215066] futex hash table entries: 8192 (order: 7, 524288 bytes, linear)
[    0.216312] PM: RTC time: 12:27:54, date: 2025-02-04
[    0.217656] NET: Registered PF_NETLINK/PF_ROUTE protocol family
[    0.218950] thermal_sys: Registered thermal governor 'step_wise'
[    0.218978] cpuidle: using governor menu
[    0.220727] PCI: Using configuration type 1 for base access
[    0.221062] PCI: Using configuration type 1 for extended access
[    0.221945] kprobes: kprobe jump-optimization is enabled. All kprobes are optimized if possible.
[    0.235184] HugeTLB: registered 1.00 GiB page size, pre-allocated 0 pages
[    0.236061] HugeTLB: 16380 KiB vmemmap can be freed for a 1.00 GiB page
[    0.236881] HugeTLB: registered 2.00 MiB page size, pre-allocated 0 pages
[    0.237061] HugeTLB: 28 KiB vmemmap can be freed for a 2.00 MiB page
[    0.239417] ACPI: Added _OSI(Module Device)
[    0.240062] ACPI: Added _OSI(Processor Device)
[    0.240616] ACPI: Added _OSI(3.0 _SCP Extensions)
[    0.241061] ACPI: Added _OSI(Processor Aggregator Device)
[    0.263922] ACPI: 1 ACPI AML tables successfully acquired and loaded
[    0.267820] ACPI: Interpreter enabled
[    0.269119] ACPI: PM: (supports S0 S3 S4 S5)
[    0.269647] ACPI: Using IOAPIC for interrupt routing
[    0.270111] PCI: Using host bridge windows from ACPI; if necessary, use "pci=nocrs" and report a bug
[    0.271061] PCI: Using E820 reservations for host bridge windows
[    0.272806] ACPI: Enabled 2 GPEs in block 00 to 0F
[    0.317428] ACPI: PCI Root Bridge [PCI0] (domain 0000 [bus 00-ff])
[    0.319075] acpi PNP0A03:00: _OSC: OS supports [ExtendedConfig ASPM ClockPM Segments MSI HPX-Type3]
[    0.320528] PCI host bridge to bus 0000:00
[    0.321091] pci_bus 0000:00: root bus resource [io  0x0000-0x0cf7 window]
[    0.321924] pci_bus 0000:00: root bus resource [io  0x0d00-0xffff window]
[    0.322063] pci_bus 0000:00: root bus resource [mem 0x000a0000-0x000bffff window]
[    0.322977] pci_bus 0000:00: root bus resource [mem 0x40000000-0xfebfffff window]
[    0.324063] pci_bus 0000:00: root bus resource [mem 0x100000000-0x17fffffff window]
[    0.325005] pci_bus 0000:00: root bus resource [bus 00-ff]
[    0.326154] pci 0000:00:00.0: [8086:1237] type 00 class 0x060000 conventional PCI endpoint
[    0.327897] pci 0000:00:01.0: [8086:7000] type 00 class 0x060100 conventional PCI endpoint
[    0.329880] pci 0000:00:01.1: [8086:7010] type 00 class 0x010180 conventional PCI endpoint
[    0.331494] pci 0000:00:01.1: BAR 4 [io  0xc0c0-0xc0cf]
[    0.332080] pci 0000:00:01.1: BAR 0 [io  0x01f0-0x01f7]: legacy IDE quirk
[    0.332914] pci 0000:00:01.1: BAR 1 [io  0x03f6]: legacy IDE quirk
[    0.333061] pci 0000:00:01.1: BAR 2 [io  0x0170-0x0177]: legacy IDE quirk
[    0.333887] pci 0000:00:01.1: BAR 3 [io  0x0376]: legacy IDE quirk
[    0.335708] pci 0000:00:01.3: [8086:7113] type 00 class 0x068000 conventional PCI endpoint
[    0.337275] pci 0000:00:01.3: quirk: [io  0x0600-0x063f] claimed by PIIX4 ACPI
[    0.338065] pci 0000:00:01.3: quirk: [io  0x0700-0x070f] claimed by PIIX4 SMB
[    0.339639] pci 0000:00:02.0: [1af4:1009] type 00 class 0x000200 conventional PCI endpoint
[    0.341066] pci 0000:00:02.0: BAR 0 [io  0xc000-0xc03f]
[    0.341716] pci 0000:00:02.0: BAR 1 [mem 0xfebfc000-0xfebfcfff]
[    0.343082] pci 0000:00:02.0: BAR 4 [mem 0xfebf0000-0xfebf3fff 64bit pref]
[    0.354711] pci 0000:00:03.0: [1af4:1009] type 00 class 0x000200 conventional PCI endpoint
[    0.356066] pci 0000:00:03.0: BAR 0 [io  0xc040-0xc07f]
[    0.356728] pci 0000:00:03.0: BAR 1 [mem 0xfebfd000-0xfebfdfff]
[    0.358075] pci 0000:00:03.0: BAR 4 [mem 0xfebf4000-0xfebf7fff 64bit pref]
[    0.369621] pci 0000:00:04.0: [8086:25ab] type 00 class 0x088000 conventional PCI endpoint
[    0.370314] pci 0000:00:04.0: BAR 0 [mem 0xfebfe000-0xfebfe00f]
[    0.381650] pci 0000:00:05.0: [1af4:1003] type 00 class 0x078000 conventional PCI endpoint
[    0.383523] pci 0000:00:05.0: BAR 0 [io  0xc080-0xc0bf]
[    0.384065] pci 0000:00:05.0: BAR 1 [mem 0xfebff000-0xfebfffff]
[    0.384812] pci 0000:00:05.0: BAR 4 [mem 0xfebf8000-0xfebfbfff 64bit pref]
[    0.398984] ACPI: PCI: Interrupt link LNKA configured for IRQ 10
[    0.399946] ACPI: PCI: Interrupt link LNKB configured for IRQ 10
[    0.401940] ACPI: PCI: Interrupt link LNKC configured for IRQ 11
[    0.403946] ACPI: PCI: Interrupt link LNKD configured for IRQ 11
[    0.404433] ACPI: PCI: Interrupt link LNKS configured for IRQ 9
[    0.422402] iommu: Default domain type: Translated
[    0.422997] iommu: DMA domain TLB invalidation policy: lazy mode
[    0.424529] SCSI subsystem initialized
[    0.425272] pps_core: LinuxPPS API ver. 1 registered
[    0.425883] pps_core: Software ver. 5.3.6 - Copyright 2005-2007 Rodolfo Giometti <giometti@linux.it>
[    0.427075] PTP clock support registered
[    0.428187] Advanced Linux Sound Architecture Driver Initialized.
[    0.430156] NET: Registered PF_ATMPVC protocol family
[    0.430780] NET: Registered PF_ATMSVC protocol family
[    0.431097] PCI: Using ACPI for IRQ routing
[    0.432095] vgaarb: loaded
[    0.432175] hpet0: at MMIO 0xfed00000, IRQs 2, 8, 0
[    0.432785] hpet0: 3 comparators, 64-bit 100.000000 MHz counter
[    0.437436] clocksource: Switched to clocksource kvm-clock
[    0.438388] VFS: Disk quotas dquot_6.6.0
[    0.438891] VFS: Dquot-cache hash table entries: 512 (order 0, 4096 bytes)
[    0.440422] pnp: PnP ACPI init
[    0.443041] pnp: PnP ACPI: found 5 devices
[    0.454710] clocksource: acpi_pm: mask: 0xffffff max_cycles: 0xffffff, max_idle_ns: 2085701024 ns
[    0.455860] NET: Registered PF_INET protocol family
[    0.456505] IP idents hash table entries: 16384 (order: 5, 131072 bytes, linear)
[    0.457780] tcp_listen_portaddr_hash hash table entries: 512 (order: 1, 8192 bytes, linear)
[    0.458812] Table-perturb hash table entries: 65536 (order: 6, 262144 bytes, linear)
[    0.459776] TCP established hash table entries: 8192 (order: 4, 65536 bytes, linear)
[    0.460732] TCP bind hash table entries: 8192 (order: 6, 262144 bytes, linear)
[    0.461706] TCP: Hash tables configured (established 8192 bind 8192)
[    0.462636] UDP hash table entries: 512 (order: 3, 32768 bytes, linear)
[    0.463519] UDP-Lite hash table entries: 512 (order: 3, 32768 bytes, linear)
[    0.464597] NET: Registered PF_UNIX/PF_LOCAL protocol family
[    0.465304] pci_bus 0000:00: resource 4 [io  0x0000-0x0cf7 window]
[    0.466060] pci_bus 0000:00: resource 5 [io  0x0d00-0xffff window]
[    0.466814] pci_bus 0000:00: resource 6 [mem 0x000a0000-0x000bffff window]
[    0.467652] pci_bus 0000:00: resource 7 [mem 0x40000000-0xfebfffff window]
[    0.468496] pci_bus 0000:00: resource 8 [mem 0x100000000-0x17fffffff window]
[    0.469536] pci 0000:00:01.0: PIIX3: Enabling Passive Release
[    0.470235] pci 0000:00:00.0: Limiting direct PCI/PCI transfers
[    0.470992] PCI: CLS 0 bytes, default 64
[    0.471548] kvm_intel: VMX not supported by CPU 15
[    0.472149] kvm_amd: TSC scaling supported
[    0.472665] kvm_amd: Nested Virtualization enabled
[    0.473243] kvm_amd: Nested Paging enabled
[    0.473744] kvm_amd: LBR virtualization supported
[    0.474449] kvm_amd: Virtual GIF supported
[    0.474957] kvm_amd: Virtual NMI enabled
[    0.511039] clocksource: tsc: mask: 0xffffffffffffffff max_cycles: 0x40be4320a4d, max_idle_ns: 440795288133 ns
[    0.529127] Initialise system trusted keyrings
[    0.529837] workingset: timestamp_bits=56 max_order=18 bucket_order=0
[    0.530744] squashfs: version 4.0 (2009/01/31) Phillip Lougher
[    0.531480] fuse: init (API version 7.42)
[    0.532101] 9p: Installing v9fs 9p2000 file system support
[    0.541689] Key type asymmetric registered
[    0.542196] Asymmetric key parser 'x509' registered
[    0.542859] Block layer SCSI generic (bsg) driver version 0.4 loaded (major 249)
[    0.543801] io scheduler mq-deadline registered
[    0.544364] io scheduler kyber registered
[    0.546907] input: Power Button as /devices/LNXSYSTM:00/LNXPWRBN:00/input/input0
[    0.548058] ACPI: button: Power Button [PWRF]
[    0.549938] Warning: Processor Platform Limit event detected, but not handled.
[    0.550857] Consider compiling CPUfreq support into your kernel.
[    1.344401] ACPI: \_SB_.LNKB: Enabled at IRQ 10
[    2.131043] ACPI: \_SB_.LNKC: Enabled at IRQ 11
[    2.916649] ACPI: \_SB_.LNKA: Enabled at IRQ 10
[    2.918002] Serial: 8250/16550 driver, 4 ports, IRQ sharing enabled
[    2.919094] 00:03: ttyS0 at I/O 0x3f8 (irq = 4, base_baud = 115200) is a 16550A
[    2.946920] Non-volatile memory driver v1.3
[    2.947435] Linux agpgart interface v0.103
[    2.947962] printk: legacy console [hvc0] enabled
[    2.948113] ACPI: bus type drm_connector registered
[    2.948563] printk: legacy bootconsole [earlyser0] disabled
          _      _                                    
   __   _(_)_ __| |_ _ __ ___   ___       _ __   __ _ 
   \ \ / / |  __| __|  _   _ \ / _ \_____|  _ \ / _  |
    \ V /| | |  | |_| | | | | |  __/_____| | | | (_| |
     \_/ |_|_|   \__|_| |_| |_|\___|     |_| |_|\__  |
                                                |___/ 
   kernel version: 6.13.0-virtme x86_64
   (CTRL+d to exit)

root@virtme-ng:/nipa-data/kernel# PS1='xx__-> '
xx__-> env
PWD=/nipa-data/kernel
nr_open=1048576
HOME=/
TERM=xterm
SHLVL=2
XDG_RUNTIME_DIR=/run/user/0
PATH=/bin:/sbin:/usr/bin:/usr/sbin:/usr/local/bin
OLDPWD=/
_=/bin/env
xx__-> 