No EFI environment detected.
early console in extract_kernel
input_data: 0x0000000004b142b9
input_len: 0x00000000017c8285
output: 0x0000000001000000
output_len: 0x000000000526990c
kernel_total_size: 0x0000000004e30000
needed_size: 0x0000000005400000
trampoline_32bit: 0x0000000000000000
Physical KASLR using RDRAND RDTSC...
Virtual KASLR using RDRAND RDTSC...

Decompressing Linux... Parsing ELF... Performing relocations... done.
Booting the kernel (entry_offset: 0x0000000000000000).
[    0.000000] Linux version 6.8.0-rc7-virtme (root@58892481e1ca) (gcc (Alpine 13.2.1_git20240309) 13.2.1 20240309, GNU ld (GNU Binutils) 2.42) #1 SMP PREEMPT_DYNAMIC Tue Mar 12 18:26:07 UTC 2024
[    0.000000] Command line: virtme_hostname=virtme-ng nr_open=1048576 virtme_link_mods=/nipa-data/kernel/.virtme_mods/lib/modules/0.0.0 virtme_initmount0=nipa-data/kernel virtme_rw_overlay0=/etc virtme_rw_overlay1=/lib virtme_rw_overlay2=/home virtme_rw_overlay3=/opt virtme_rw_overlay4=/srv virtme_rw_overlay5=/usr virtme_rw_overlay6=/var console=hvc0 earlyprintk=serial,ttyS0,115200 virtme_console=ttyS0 psmouse.proto=exps TERM=xterm virtme_chdir=nipa-data/kernel virtme_root_user=1 rootfstype=9p rootflags=version=9p2000.L,trans=virtio,access=any raid=noautodetect ro init=/usr/lib/python3.11/site-packages/virtme/guest/virtme-init
[    0.000000] BIOS-provided physical RAM map:
[    0.000000] BIOS-e820: [mem 0x0000000000000000-0x000000000009fbff] usable
[    0.000000] BIOS-e820: [mem 0x000000000009fc00-0x000000000009ffff] reserved
[    0.000000] BIOS-e820: [mem 0x00000000000f0000-0x00000000000fffff] reserved
[    0.000000] BIOS-e820: [mem 0x0000000000100000-0x000000003ffdffff] usable
[    0.000000] BIOS-e820: [mem 0x000000003ffe0000-0x000000003fffffff] reserved
[    0.000000] BIOS-e820: [mem 0x00000000feffc000-0x00000000feffffff] reserved
[    0.000000] BIOS-e820: [mem 0x00000000fffc0000-0x00000000ffffffff] reserved
[    0.000000] BIOS-e820: [mem 0x000000fd00000000-0x000000ffffffffff] reserved
[    0.000000] printk: legacy bootconsole [earlyser0] enabled
[    0.000000] NX (Execute Disable) protection: active
[    0.000000] APIC: Static calls initialized
[    0.000000] SMBIOS 3.0.0 present.
[    0.000000] DMI: QEMU Standard PC (i440FX + PIIX, 1996), BIOS rel-1.16.3-0-ga6ed6b701f0a-prebuilt.qemu.org 04/01/2014
[    0.000000] Hypervisor detected: KVM
[    0.000000] kvm-clock: Using msrs 4b564d01 and 4b564d00
[    0.000000] kvm-clock: using sched offset of 302498826 cycles
[    0.000361] clocksource: kvm-clock: mask: 0xffffffffffffffff max_cycles: 0x1cd42e4dffb, max_idle_ns: 881590591483 ns
[    0.001486] tsc: Detected 4491.556 MHz processor
[    0.002153] last_pfn = 0x3ffe0 max_arch_pfn = 0x400000000
[    0.002550] MTRR map: 4 entries (3 fixed + 1 variable; max 19), built from 8 variable MTRRs
[    0.003128] x86/PAT: Configuration [0-7]: WB  WC  UC- UC  WB  WP  UC- WT  
[    0.005020] found SMP MP-table at [mem 0x000f5470-0x000f547f]
[    0.005422] Using GB pages for direct mapping
[    0.005870] ACPI: Early table checksum verification disabled
[    0.006262] ACPI: RSDP 0x00000000000F5290 000014 (v00 BOCHS )
[    0.006661] ACPI: RSDT 0x000000003FFE27BC 000034 (v01 BOCHS  BXPC     00000001 BXPC 00000001)
[    0.007253] ACPI: FACP 0x000000003FFE2578 000074 (v01 BOCHS  BXPC     00000001 BXPC 00000001)
[    0.007846] ACPI: DSDT 0x000000003FFE0040 002538 (v01 BOCHS  BXPC     00000001 BXPC 00000001)
[    0.008436] ACPI: FACS 0x000000003FFE0000 000040
[    0.008759] ACPI: APIC 0x000000003FFE25EC 000170 (v03 BOCHS  BXPC     00000001 BXPC 00000001)
[    0.009350] ACPI: HPET 0x000000003FFE275C 000038 (v01 BOCHS  BXPC     00000001 BXPC 00000001)
[    0.009940] ACPI: WAET 0x000000003FFE2794 000028 (v01 BOCHS  BXPC     00000001 BXPC 00000001)
[    0.010529] ACPI: Reserving FACP table memory at [mem 0x3ffe2578-0x3ffe25eb]
[    0.011019] ACPI: Reserving DSDT table memory at [mem 0x3ffe0040-0x3ffe2577]
[    0.011503] ACPI: Reserving FACS table memory at [mem 0x3ffe0000-0x3ffe003f]
[    0.011992] ACPI: Reserving APIC table memory at [mem 0x3ffe25ec-0x3ffe275b]
[    0.012478] ACPI: Reserving HPET table memory at [mem 0x3ffe275c-0x3ffe2793]
[    0.012971] ACPI: Reserving WAET table memory at [mem 0x3ffe2794-0x3ffe27bb]
[    0.013638] No NUMA configuration found
[    0.013902] Faking a node at [mem 0x0000000000000000-0x000000003ffdffff]
[    0.014364] NODE_DATA(0) allocated [mem 0x3ffdb000-0x3ffdffff]
[    0.014780] Zone ranges:
[    0.014954]   DMA      [mem 0x0000000000001000-0x0000000000ffffff]
[    0.015380]   DMA32    [mem 0x0000000001000000-0x000000003ffdffff]
[    0.015806]   Normal   empty
[    0.016004]   Device   empty
[    0.016203] Movable zone start for each node
[    0.016496] Early memory node ranges
[    0.016744]   node   0: [mem 0x0000000000001000-0x000000000009efff]
[    0.017175]   node   0: [mem 0x0000000000100000-0x000000003ffdffff]
[    0.017606] Initmem setup node 0 [mem 0x0000000000001000-0x000000003ffdffff]
[    0.018095] On node 0, zone DMA: 1 pages in unavailable ranges
[    0.018549] On node 0, zone DMA: 97 pages in unavailable ranges
[    0.022977] On node 0, zone DMA32: 32 pages in unavailable ranges
[    0.031890] kasan: KernelAddressSanitizer initialized
[    0.032458] ACPI: PM-Timer IO Port: 0x608
[    0.032752] ACPI: LAPIC_NMI (acpi_id[0xff] dfl dfl lint[0x1])
[    0.033170] IOAPIC[0]: apic_id 0, version 17, address 0xfec00000, GSI 0-23
[    0.033645] ACPI: INT_SRC_OVR (bus 0 bus_irq 0 global_irq 2 dfl dfl)
[    0.034084] ACPI: INT_SRC_OVR (bus 0 bus_irq 5 global_irq 5 high level)
[    0.034540] ACPI: INT_SRC_OVR (bus 0 bus_irq 9 global_irq 9 high level)
[    0.034996] ACPI: INT_SRC_OVR (bus 0 bus_irq 10 global_irq 10 high level)
[    0.035464] ACPI: INT_SRC_OVR (bus 0 bus_irq 11 global_irq 11 high level)
[    0.035933] ACPI: Using ACPI (MADT) for SMP configuration information
[    0.036378] ACPI: HPET id: 0x8086a201 base: 0xfed00000
[    0.036736] TSC deadline timer available
[    0.037007] smpboot: Allowing 32 CPUs, 0 hotplug CPUs
[    0.037368] kvm-guest: APIC: eoi() replaced with kvm_guest_apic_eoi_write()
[    0.037861] kvm-guest: KVM setup pv remote TLB flush
[    0.038208] kvm-guest: setup PV sched yield
[    0.038502] PM: hibernation: Registered nosave memory: [mem 0x00000000-0x00000fff]
[    0.039026] PM: hibernation: Registered nosave memory: [mem 0x0009f000-0x0009ffff]
[    0.039547] PM: hibernation: Registered nosave memory: [mem 0x000a0000-0x000effff]
[    0.040072] PM: hibernation: Registered nosave memory: [mem 0x000f0000-0x000fffff]
[    0.040595] [mem 0x40000000-0xfeffbfff] available for PCI devices
[    0.041018] Booting paravirtualized kernel on KVM
[    0.041342] clocksource: refined-jiffies: mask: 0xffffffff max_cycles: 0xffffffff, max_idle_ns: 1910969940391419 ns
[    0.049492] setup_percpu: NR_CPUS:64 nr_cpumask_bits:32 nr_cpu_ids:32 nr_node_ids:1
[    0.051261] percpu: Embedded 68 pages/cpu s241448 r8192 d28888 u524288
[    0.051772] Kernel command line: virtme_hostname=virtme-ng nr_open=1048576 virtme_link_mods=/nipa-data/kernel/.virtme_mods/lib/modules/0.0.0 virtme_initmount0=nipa-data/kernel virtme_rw_overlay0=/etc virtme_rw_overlay1=/lib virtme_rw_overlay2=/home virtme_rw_overlay3=/opt virtme_rw_overlay4=/srv virtme_rw_overlay5=/usr virtme_rw_overlay6=/var console=hvc0 earlyprintk=serial,ttyS0,115200 virtme_console=ttyS0 psmouse.proto=exps TERM=xterm virtme_chdir=nipa-data/kernel virtme_root_user=1 rootfstype=9p rootflags=version=9p2000.L,trans=virtio,access=any raid=noautodetect ro init=/usr/lib/python3.11/site-packages/virtme/guest/virtme-init
[    0.055875] Unknown kernel command line parameters "virtme_hostname=virtme-ng nr_open=1048576 virtme_link_mods=/nipa-data/kernel/.virtme_mods/lib/modules/0.0.0 virtme_initmount0=nipa-data/kernel virtme_rw_overlay0=/etc virtme_rw_overlay1=/lib virtme_rw_overlay2=/home virtme_rw_overlay3=/opt virtme_rw_overlay4=/srv virtme_rw_overlay5=/usr virtme_rw_overlay6=/var virtme_console=ttyS0 virtme_chdir=nipa-data/kernel virtme_root_user=1", will be passed to user space.
[    0.058973] random: crng init done
[    0.059244] Dentry cache hash table entries: 131072 (order: 8, 1048576 bytes, linear)
[    0.059815] Inode-cache hash table entries: 65536 (order: 7, 524288 bytes, linear)
[    0.060778] Fallback order for Node 0: 0 
[    0.060782] Built 1 zonelists, mobility grouping on.  Total pages: 257760
[    0.061549] Policy zone: DMA32
[    0.061765] mem auto-init: stack:all(zero), heap alloc:off, heap free:off
[    0.062246] stackdepot: allocating hash table via alloc_large_system_hash
[    0.062727] stackdepot hash table entries: 1048576 (order: 12, 16777216 bytes, linear)
[    0.070444] Memory: 781292K/1048056K available (43008K kernel code, 11338K rwdata, 9576K rodata, 5752K init, 2404K bss, 266508K reserved, 0K cma-reserved)
[    0.071589] SLUB: HWalign=64, Order=0-3, MinObjects=0, CPUs=32, Nodes=1
Poking KASLR using RDRAND RDTSC...
[    0.072304] ftrace: allocating 46526 entries in 182 pages
[    0.080294] ftrace: allocated 182 pages with 5 groups
[    0.081460] Dynamic Preempt: voluntary
[    0.082039] rcu: Preemptible hierarchical RCU implementation.
[    0.082444] rcu: RCU event tracing is enabled.
[    0.082762] rcu: RCU restricting CPUs from NR_CPUS=64 to nr_cpu_ids=32.
[    0.083239] Trampoline variant of Tasks RCU enabled.
[    0.083596] Rude variant of Tasks RCU enabled.
[    0.083916] Tracing variant of Tasks RCU enabled.
[    0.084257] rcu: RCU calculated value of scheduler-enlistment delay is 100 jiffies.
[    0.084798] rcu: Adjusting geometry for rcu_fanout_leaf=16, nr_cpu_ids=32
[    0.092795] NR_IRQS: 4352, nr_irqs: 680, preallocated irqs: 16
[    0.093446] rcu: srcu_init: Setting srcu_struct sizes based on contention.
[    0.094134] Console: colour *CGA 80x25
[    0.094425] ACPI: Core revision 20230628
[    0.094848] clocksource: hpet: mask: 0xffffffff max_cycles: 0xffffffff, max_idle_ns: 19112604467 ns
[    0.095558] APIC: Switch to symmetric I/O mode setup
[    0.095929] APIC: Switched APIC routing to: physical flat
[    0.096313] kvm-guest: APIC: send_IPI_mask() replaced with kvm_send_ipi_mask()
[    0.096824] kvm-guest: APIC: send_IPI_mask_allbutself() replaced with kvm_send_ipi_mask_allbutself()
[    0.097465] kvm-guest: setup PV IPIs
[    0.098547] ..TIMER: vector=0x30 apic1=0 pin1=2 apic2=-1 pin2=-1
[    0.099307] tsc: Marking TSC unstable due to TSCs unsynchronized
[    0.100066] Calibrating delay loop (skipped) preset value.. 8983.11 BogoMIPS (lpj=4491556)
[    0.101121] x86/cpu: User Mode Instruction Prevention (UMIP) activated
[    0.102119] Last level iTLB entries: 4KB 512, 2MB 255, 4MB 127
[    0.103062] Last level dTLB entries: 4KB 512, 2MB 255, 4MB 127, 1GB 0
[    0.104065] Spectre V1 : Mitigation: usercopy/swapgs barriers and __user pointer sanitization
[    0.105066] Spectre V2 : Mitigation: Enhanced / Automatic IBRS
[    0.105781] Spectre V2 : Spectre v2 / SpectreRSB mitigation: Filling RSB on context switch
[    0.106064] Spectre V2 : mitigation: Enabling conditional Indirect Branch Prediction Barrier
[    0.107064] Speculative Store Bypass: Mitigation: Speculative Store Bypass disabled via prctl
[    0.108063] Speculative Return Stack Overflow: IBPB-extending microcode not applied!
[    0.109062] Speculative Return Stack Overflow: WARNING: See https://kernel.org/doc/html/latest/admin-guide/hw-vuln/srso.html for mitigation options.
[    0.109063] Speculative Return Stack Overflow: Vulnerable: Safe RET, no microcode
[    0.111077] x86/fpu: Supporting XSAVE feature 0x001: 'x87 floating point registers'
[    0.112062] x86/fpu: Supporting XSAVE feature 0x002: 'SSE registers'
[    0.113062] x86/fpu: Supporting XSAVE feature 0x004: 'AVX registers'
[    0.114062] x86/fpu: Supporting XSAVE feature 0x020: 'AVX-512 opmask'
[    0.114833] x86/fpu: Supporting XSAVE feature 0x040: 'AVX-512 Hi256'
[    0.115062] x86/fpu: Supporting XSAVE feature 0x080: 'AVX-512 ZMM_Hi256'
[    0.116062] x86/fpu: Supporting XSAVE feature 0x200: 'Protection Keys User registers'
[    0.117062] x86/fpu: xstate_offset[2]:  576, xstate_sizes[2]:  256
[    0.118062] x86/fpu: xstate_offset[5]:  832, xstate_sizes[5]:   64
[    0.118800] x86/fpu: xstate_offset[6]:  896, xstate_sizes[6]:  512
[    0.119062] x86/fpu: xstate_offset[7]: 1408, xstate_sizes[7]: 1024
[    0.120062] x86/fpu: xstate_offset[9]: 2432, xstate_sizes[9]:    8
[    0.121062] x86/fpu: Enabled xstate features 0x2e7, context size is 2440 bytes, using 'compacted' format.
[    0.140680] Freeing SMP alternatives memory: 36K
[    0.141063] pid_max: default: 32768 minimum: 301
[    0.141736] Mount-cache hash table entries: 2048 (order: 2, 16384 bytes, linear)
[    0.142063] Mountpoint-cache hash table entries: 2048 (order: 2, 16384 bytes, linear)
[    0.144356] smpboot: CPU0: AMD Ryzen 9 7950X 16-Core Processor (family: 0x19, model: 0x61, stepping: 0x2)
[    0.145358] RCU Tasks: Setting shift to 5 and lim to 1 rcu_task_cb_adjust=1.
[    0.146086] RCU Tasks Rude: Setting shift to 5 and lim to 1 rcu_task_cb_adjust=1.
[    0.147005] RCU Tasks Trace: Setting shift to 5 and lim to 1 rcu_task_cb_adjust=1.
[    0.147088] Performance Events: Fam17h+ core perfctr, AMD PMU driver.
[    0.147889] ... version:                0
[    0.148064] ... bit width:              48
[    0.148554] ... generic registers:      6
[    0.149034] ... value mask:             0000ffffffffffff
[    0.149064] ... max period:             00007fffffffffff
[    0.149697] ... fixed-purpose events:   0
[    0.150064] ... event mask:             000000000000003f
[    0.150788] signal: max sigframe size: 3376
[    0.151107] rcu: Hierarchical SRCU implementation.
[    0.151681] rcu: Max phase no-delay instances is 400.
[    0.155684] smp: Bringing up secondary CPUs ...
[    0.156229] smpboot: x86: Booting SMP configuration:
[    0.156824] .... node  #0, CPUs:        #1  #2  #3  #4  #5  #6  #7  #8  #9 #10 #11 #12 #13 #14 #15 #16 #17 #18 #19 #20 #21 #22 #23 #24 #25 #26 #27 #28 #29 #30 #31
[    0.173165] smp: Brought up 1 node, 32 CPUs
[    0.174571] smpboot: Max logical packages: 1
[    0.175064] smpboot: Total of 32 processors activated (287459.58 BogoMIPS)
[    0.179207] devtmpfs: initialized
[    0.179590] x86/mm: Memory block size: 128MB
[    0.185756] clocksource: jiffies: mask: 0xffffffff max_cycles: 0xffffffff, max_idle_ns: 1911260446275000 ns
[    0.186069] futex hash table entries: 8192 (order: 7, 524288 bytes, linear)
[    0.187221] PM: RTC time: 18:26:39, date: 2024-03-12
[    0.188564] NET: Registered PF_NETLINK/PF_ROUTE protocol family
[    0.189912] thermal_sys: Registered thermal governor 'step_wise'
[    0.189914] thermal_sys: Registered thermal governor 'user_space'
[    0.190102] cpuidle: using governor menu
[    0.192492] PCI: Using configuration type 1 for base access
[    0.193064] PCI: Using configuration type 1 for extended access
[    0.193907] kprobes: kprobe jump-optimization is enabled. All kprobes are optimized if possible.
[    0.208217] HugeTLB: registered 1.00 GiB page size, pre-allocated 0 pages
[    0.209065] HugeTLB: 16380 KiB vmemmap can be freed for a 1.00 GiB page
[    0.209879] HugeTLB: registered 2.00 MiB page size, pre-allocated 0 pages
[    0.211064] HugeTLB: 28 KiB vmemmap can be freed for a 2.00 MiB page
[    0.212391] ACPI: Added _OSI(Module Device)
[    0.213065] ACPI: Added _OSI(Processor Device)
[    0.213610] ACPI: Added _OSI(3.0 _SCP Extensions)
[    0.214064] ACPI: Added _OSI(Processor Aggregator Device)
[    0.237494] ACPI: 1 ACPI AML tables successfully acquired and loaded
[    0.240233] ACPI: _OSC evaluation for CPUs failed, trying _PDC
[    0.243242] ACPI: Interpreter enabled
[    0.243755] ACPI: PM: (supports S0 S3 S4 S5)
[    0.244064] ACPI: Using IOAPIC for interrupt routing
[    0.244724] PCI: Using host bridge windows from ACPI; if necessary, use "pci=nocrs" and report a bug
[    0.246064] PCI: Using E820 reservations for host bridge windows
[    0.247846] ACPI: Enabled 2 GPEs in block 00 to 0F
[    0.293916] ACPI: PCI Root Bridge [PCI0] (domain 0000 [bus 00-ff])
[    0.295077] acpi PNP0A03:00: _OSC: OS supports [ExtendedConfig ASPM ClockPM Segments MSI HPX-Type3]
[    0.296546] PCI host bridge to bus 0000:00
[    0.297065] pci_bus 0000:00: root bus resource [io  0x0000-0x0cf7 window]
[    0.297912] pci_bus 0000:00: root bus resource [io  0x0d00-0xffff window]
[    0.299067] pci_bus 0000:00: root bus resource [mem 0x000a0000-0x000bffff window]
[    0.299997] pci_bus 0000:00: root bus resource [mem 0x40000000-0xfebfffff window]
[    0.301066] pci_bus 0000:00: root bus resource [mem 0x100000000-0x17fffffff window]
[    0.302020] pci_bus 0000:00: root bus resource [bus 00-ff]
[    0.302205] pci 0000:00:00.0: [8086:1237] type 00 class 0x060000 conventional PCI endpoint
[    0.303905] pci 0000:00:01.0: [8086:7000] type 00 class 0x060100 conventional PCI endpoint
[    0.305956] pci 0000:00:01.1: [8086:7010] type 00 class 0x010180 conventional PCI endpoint
[    0.310065] pci 0000:00:01.1: BAR 4 [io  0xc0c0-0xc0cf]
[    0.311538] pci 0000:00:01.1: BAR 0 [io  0x01f0-0x01f7]: legacy IDE quirk
[    0.312064] pci 0000:00:01.1: BAR 1 [io  0x03f6]: legacy IDE quirk
[    0.312834] pci 0000:00:01.1: BAR 2 [io  0x0170-0x0177]: legacy IDE quirk
[    0.314064] pci 0000:00:01.1: BAR 3 [io  0x0376]: legacy IDE quirk
[    0.315510] pci 0000:00:01.3: [8086:7113] type 00 class 0x068000 conventional PCI endpoint
[    0.316319] pci 0000:00:01.3: quirk: [io  0x0600-0x063f] claimed by PIIX4 ACPI
[    0.317068] pci 0000:00:01.3: quirk: [io  0x0700-0x070f] claimed by PIIX4 SMB
[    0.319775] pci 0000:00:02.0: [1af4:1009] type 00 class 0x000200 conventional PCI endpoint
[    0.322065] pci 0000:00:02.0: BAR 0 [io  0xc000-0xc03f]
[    0.323753] pci 0000:00:02.0: BAR 1 [mem 0xfebfc000-0xfebfcfff]
[    0.329065] pci 0000:00:02.0: BAR 4 [mem 0xfebf0000-0xfebf3fff 64bit pref]
[    0.343296] pci 0000:00:03.0: [1af4:1009] type 00 class 0x000200 conventional PCI endpoint
[    0.346065] pci 0000:00:03.0: BAR 0 [io  0xc040-0xc07f]
[    0.347720] pci 0000:00:03.0: BAR 1 [mem 0xfebfd000-0xfebfdfff]
[    0.353789] pci 0000:00:03.0: BAR 4 [mem 0xfebf4000-0xfebf7fff 64bit pref]
[    0.367186] pci 0000:00:04.0: [8086:25ab] type 00 class 0x088000 conventional PCI endpoint
[    0.368483] pci 0000:00:04.0: BAR 0 [mem 0xfebfe000-0xfebfe00f]
[    0.382772] pci 0000:00:05.0: [1af4:1003] type 00 class 0x078000 conventional PCI endpoint
[    0.385064] pci 0000:00:05.0: BAR 0 [io  0xc080-0xc0bf]
[    0.386769] pci 0000:00:05.0: BAR 1 [mem 0xfebff000-0xfebfffff]
[    0.392065] pci 0000:00:05.0: BAR 4 [mem 0xfebf8000-0xfebfbfff 64bit pref]
[    0.409256] ACPI: PCI: Interrupt link LNKA configured for IRQ 10
[    0.410945] ACPI: PCI: Interrupt link LNKB configured for IRQ 10
[    0.411961] ACPI: PCI: Interrupt link LNKC configured for IRQ 11
[    0.413963] ACPI: PCI: Interrupt link LNKD configured for IRQ 11
[    0.415444] ACPI: PCI: Interrupt link LNKS configured for IRQ 9
[    0.433919] iommu: Default domain type: Translated
[    0.434065] iommu: DMA domain TLB invalidation policy: lazy mode
[    0.435260] SCSI subsystem initialized
[    0.436282] pps_core: LinuxPPS API ver. 1 registered
[    0.437065] pps_core: Software ver. 5.3.6 - Copyright 2005-2007 Rodolfo Giometti <giometti@linux.it>
[    0.438078] PTP clock support registered
[    0.439200] Advanced Linux Sound Architecture Driver Initialized.
[    0.441103] NET: Registered PF_ATMPVC protocol family
[    0.441738] NET: Registered PF_ATMSVC protocol family
[    0.442087] PCI: Using ACPI for IRQ routing
[    0.443098] vgaarb: loaded
[    0.443177] hpet0: at MMIO 0xfed00000, IRQs 2, 8, 0
[    0.443790] hpet0: 3 comparators, 64-bit 100.000000 MHz counter
[    0.449260] clocksource: Switched to clocksource kvm-clock
[    0.450255] VFS: Disk quotas dquot_6.6.0
[    0.450760] VFS: Dquot-cache hash table entries: 512 (order 0, 4096 bytes)
[    0.455264] pnp: PnP ACPI init
[    0.457969] pnp: PnP ACPI: found 5 devices
[    0.470314] clocksource: acpi_pm: mask: 0xffffff max_cycles: 0xffffff, max_idle_ns: 2085701024 ns
[    0.471504] NET: Registered PF_INET protocol family
[    0.472153] IP idents hash table entries: 16384 (order: 5, 131072 bytes, linear)
[    0.473455] tcp_listen_portaddr_hash hash table entries: 512 (order: 1, 8192 bytes, linear)
[    0.474505] Table-perturb hash table entries: 65536 (order: 6, 262144 bytes, linear)
[    0.475488] TCP established hash table entries: 8192 (order: 4, 65536 bytes, linear)
[    0.476457] TCP bind hash table entries: 8192 (order: 6, 262144 bytes, linear)
[    0.477362] TCP: Hash tables configured (established 8192 bind 8192)
[    0.478310] UDP hash table entries: 512 (order: 2, 16384 bytes, linear)
[    0.479172] UDP-Lite hash table entries: 512 (order: 2, 16384 bytes, linear)
[    0.480271] NET: Registered PF_UNIX/PF_LOCAL protocol family
[    0.480986] pci_bus 0000:00: resource 4 [io  0x0000-0x0cf7 window]
[    0.481752] pci_bus 0000:00: resource 5 [io  0x0d00-0xffff window]
[    0.482519] pci_bus 0000:00: resource 6 [mem 0x000a0000-0x000bffff window]
[    0.483369] pci_bus 0000:00: resource 7 [mem 0x40000000-0xfebfffff window]
[    0.484218] pci_bus 0000:00: resource 8 [mem 0x100000000-0x17fffffff window]
[    0.485292] pci 0000:00:01.0: PIIX3: Enabling Passive Release
[    0.486005] pci 0000:00:00.0: Limiting direct PCI/PCI transfers
[    0.486780] PCI: CLS 0 bytes, default 64
[    0.487446] kvm_intel: VMX not supported by CPU 15
[    0.488069] kvm_amd: TSC scaling supported
[    0.488589] kvm_amd: Nested Virtualization enabled
[    0.489184] kvm_amd: Nested Paging enabled
[    0.489707] kvm_amd: Virtual VMLOAD VMSAVE supported
[    0.490327] kvm_amd: Virtual GIF supported
[    0.490831] kvm_amd: Virtual NMI enabled
[    0.491318] kvm_amd: LBR virtualization supported
[    0.539596] workingset: timestamp_bits=56 max_order=18 bucket_order=0
[    0.540524] squashfs: version 4.0 (2009/01/31) Phillip Lougher
[    0.541278] fuse: init (API version 7.39)
[    0.541907] 9p: Installing v9fs 9p2000 file system support
[    0.542705] Key type asymmetric registered
[    0.543269] Block layer SCSI generic (bsg) driver version 0.4 loaded (major 249)
[    0.544223] io scheduler mq-deadline registered
[    0.544788] io scheduler kyber registered
[    0.547422] input: Power Button as /devices/LNXSYSTM:00/LNXPWRBN:00/input/input0
[    0.548570] ACPI: button: Power Button [PWRF]
[    0.549230] Warning: Processor Platform Limit event detected, but not handled.
[    0.550142] Consider compiling CPUfreq support into your kernel.
[    1.370639] ACPI: \_SB_.LNKB: Enabled at IRQ 10
[    2.185534] ACPI: \_SB_.LNKC: Enabled at IRQ 11
[    2.995816] ACPI: \_SB_.LNKA: Enabled at IRQ 10
[    2.997192] Serial: 8250/16550 driver, 4 ports, IRQ sharing enabled
[    2.998293] 00:03: ttyS0 at I/O 0x3f8 (irq = 4, base_baud = 115200) is a 16550A
[    3.028847] Non-volatile memory driver v1.3
[    3.029401] Linux agpgart interface v0.103
[    3.029930] printk: legacy console [hvc0] enabled
[    3.030081] ACPI: bus type drm_connector registered
[    3.030530] printk: legacy bootconsole [earlyser0] disabled
          _      _                                    
   __   _(_)_ __| |_ _ __ ___   ___       _ __   __ _ 
   \ \ / / |  __| __|  _   _ \ / _ \_____|  _ \ / _  |
    \ V /| | |  | |_| | | | | |  __/_____| | | | (_| |
     \_/ |_|_|   \__|_| |_| |_|\___|     |_| |_|\__  |
                                                |___/ 
   kernel version: 6.8.0-rc7-virtme x86_64
   (CTRL+d to exit)

virtme-ng:/nipa-data/kernel# PS1='xx__-> '
xx__-> env
PWD=/nipa-data/kernel
nr_open=1048576
HOME=/
TERM=xterm
SHLVL=2
XDG_RUNTIME_DIR=/run/user/0
PATH=/bin:/sbin:/usr/bin:/usr/sbin:/usr/local/bin
OLDPWD=/
_=/usr/bin/env
xx__-> 