No EFI environment detected.
early console in extract_kernel
input_data: 0x0000000004cb82c4
input_len: 0x00000000018d4e74
output: 0x0000000001000000
output_len: 0x0000000005517c08
kernel_total_size: 0x0000000005030000
needed_size: 0x0000000005600000
trampoline_32bit: 0x0000000000000000
Physical KASLR using RDRAND RDTSC...
Virtual KASLR using RDRAND RDTSC...

Decompressing Linux... Parsing ELF... Performing relocations... done.
Booting the kernel (entry_offset: 0x0000000000000000).
[    0.000000] Linux version 6.12.0-rc4-virtme (root@4135bc77edef) (gcc (Ubuntu 13.2.0-23ubuntu4) 13.2.0, GNU ld (GNU Binutils for Ubuntu) 2.42) #1 SMP PREEMPT_DYNAMIC Sat Oct 26 06:26:33 UTC 2024
[    0.000000] Command line: virtme_hostname=virtme-ng nr_open=1048576 virtme_link_mods=/nipa-data/kernel/.virtme_mods/lib/modules/0.0.0 virtme_initmount0=nipa-data/kernel virtme_rw_overlay0=/etc virtme_rw_overlay1=/lib virtme_rw_overlay2=/home virtme_rw_overlay3=/opt virtme_rw_overlay4=/srv virtme_rw_overlay5=/usr virtme_rw_overlay6=/var console=hvc0 earlyprintk=serial,ttyS0,115200 virtme_console=ttyS0 psmouse.proto=exps TERM=xterm virtme_chdir=nipa-data/kernel virtme_root_user=1 rootfstype=9p rootflags=version=9p2000.L,trans=virtio,access=any raid=noautodetect ro init=/usr/lib/python3/dist-packages/virtme/guest/virtme-init
[    0.000000] BIOS-provided physical RAM map:
[    0.000000] BIOS-e820: [mem 0x0000000000000000-0x000000000009fbff] usable
[    0.000000] BIOS-e820: [mem 0x000000000009fc00-0x000000000009ffff] reserved
[    0.000000] BIOS-e820: [mem 0x00000000000f0000-0x00000000000fffff] reserved
[    0.000000] BIOS-e820: [mem 0x0000000000100000-0x000000003ffdffff] usable
[    0.000000] BIOS-e820: [mem 0x000000003ffe0000-0x000000003fffffff] reserved
[    0.000000] BIOS-e820: [mem 0x00000000feffc000-0x00000000feffffff] reserved
[    0.000000] BIOS-e820: [mem 0x00000000fffc0000-0x00000000ffffffff] reserved
[    0.000000] BIOS-e820: [mem 0x000000fd00000000-0x000000ffffffffff] reserved
[    0.000000] printk: legacy bootconsole [earlyser0] enabled
[    0.000000] NX (Execute Disable) protection: active
[    0.000000] APIC: Static calls initialized
[    0.000000] SMBIOS 3.0.0 present.
[    0.000000] DMI: QEMU Ubuntu 24.04 PC (i440FX + PIIX, 1996), BIOS 1.16.3-debian-1.16.3-2 04/01/2014
[    0.000000] DMI: Memory slots populated: 1/1
[    0.000000] Hypervisor detected: KVM
[    0.000000] kvm-clock: Using msrs 4b564d01 and 4b564d00
[    0.000000] kvm-clock: using sched offset of 307661885 cycles
[    0.000348] clocksource: kvm-clock: mask: 0xffffffffffffffff max_cycles: 0x1cd42e4dffb, max_idle_ns: 881590591483 ns
[    0.001426] tsc: Detected 4491.560 MHz processor
[    0.002061] last_pfn = 0x3ffe0 max_arch_pfn = 0x400000000
[    0.002444] MTRR map: 4 entries (3 fixed + 1 variable; max 19), built from 8 variable MTRRs
[    0.003000] x86/PAT: Configuration [0-7]: WB  WC  UC- UC  WB  WP  UC- WT  
[    0.004897] found SMP MP-table at [mem 0x000f5470-0x000f547f]
[    0.005285] Using GB pages for direct mapping
[    0.005869] ACPI: Early table checksum verification disabled
[    0.006249] ACPI: RSDP 0x00000000000F5290 000014 (v00 BOCHS )
[    0.006632] ACPI: RSDT 0x000000003FFE27BC 000034 (v01 BOCHS  BXPC     00000001 BXPC 00000001)
[    0.007203] ACPI: FACP 0x000000003FFE2578 000074 (v01 BOCHS  BXPC     00000001 BXPC 00000001)
[    0.007773] ACPI: DSDT 0x000000003FFE0040 002538 (v01 BOCHS  BXPC     00000001 BXPC 00000001)
[    0.008339] ACPI: FACS 0x000000003FFE0000 000040
[    0.008647] ACPI: APIC 0x000000003FFE25EC 000170 (v03 BOCHS  BXPC     00000001 BXPC 00000001)
[    0.009213] ACPI: HPET 0x000000003FFE275C 000038 (v01 BOCHS  BXPC     00000001 BXPC 00000001)
[    0.009779] ACPI: WAET 0x000000003FFE2794 000028 (v01 BOCHS  BXPC     00000001 BXPC 00000001)
[    0.010347] ACPI: Reserving FACP table memory at [mem 0x3ffe2578-0x3ffe25eb]
[    0.010814] ACPI: Reserving DSDT table memory at [mem 0x3ffe0040-0x3ffe2577]
[    0.011283] ACPI: Reserving FACS table memory at [mem 0x3ffe0000-0x3ffe003f]
[    0.011750] ACPI: Reserving APIC table memory at [mem 0x3ffe25ec-0x3ffe275b]
[    0.012219] ACPI: Reserving HPET table memory at [mem 0x3ffe275c-0x3ffe2793]
[    0.012683] ACPI: Reserving WAET table memory at [mem 0x3ffe2794-0x3ffe27bb]
[    0.013333] No NUMA configuration found
[    0.013587] Faking a node at [mem 0x0000000000000000-0x000000003ffdffff]
[    0.014030] NODE_DATA(0) allocated [mem 0x3ffdb780-0x3ffdffff]
[    0.014434] Zone ranges:
[    0.014602]   DMA      [mem 0x0000000000001000-0x0000000000ffffff]
[    0.015010]   DMA32    [mem 0x0000000001000000-0x000000003ffdffff]
[    0.015417]   Normal   empty
[    0.015608]   Device   empty
[    0.015798] Movable zone start for each node
[    0.016079] Early memory node ranges
[    0.016314]   node   0: [mem 0x0000000000001000-0x000000000009efff]
[    0.016727]   node   0: [mem 0x0000000000100000-0x000000003ffdffff]
[    0.017140] Initmem setup node 0 [mem 0x0000000000001000-0x000000003ffdffff]
[    0.017608] On node 0, zone DMA: 1 pages in unavailable ranges
[    0.018048] On node 0, zone DMA: 97 pages in unavailable ranges
[    0.022718] On node 0, zone DMA32: 32 pages in unavailable ranges
[    0.031667] kasan: KernelAddressSanitizer initialized
[    0.032214] ACPI: PM-Timer IO Port: 0x608
[    0.032491] ACPI: LAPIC_NMI (acpi_id[0xff] dfl dfl lint[0x1])
[    0.032896] IOAPIC[0]: apic_id 0, version 17, address 0xfec00000, GSI 0-23
[    0.033351] ACPI: INT_SRC_OVR (bus 0 bus_irq 0 global_irq 2 dfl dfl)
[    0.033771] ACPI: INT_SRC_OVR (bus 0 bus_irq 5 global_irq 5 high level)
[    0.034207] ACPI: INT_SRC_OVR (bus 0 bus_irq 9 global_irq 9 high level)
[    0.034660] ACPI: INT_SRC_OVR (bus 0 bus_irq 10 global_irq 10 high level)
[    0.035112] ACPI: INT_SRC_OVR (bus 0 bus_irq 11 global_irq 11 high level)
[    0.035563] ACPI: Using ACPI (MADT) for SMP configuration information
[    0.035992] ACPI: HPET id: 0x8086a201 base: 0xfed00000
[    0.036334] TSC deadline timer available
[    0.036603] CPU topo: Max. logical packages:   1
[    0.036913] CPU topo: Max. logical dies:       1
[    0.037217] CPU topo: Max. dies per package:   1
[    0.037532] CPU topo: Max. threads per core:   1
[    0.037841] CPU topo: Num. cores per package:    32
[    0.038164] CPU topo: Num. threads per package:  32
[    0.038490] CPU topo: Allowing 32 present CPUs plus 0 hotplug CPUs
[    0.038918] kvm-guest: APIC: eoi() replaced with kvm_guest_apic_eoi_write()
[    0.039391] kvm-guest: KVM setup pv remote TLB flush
[    0.039721] kvm-guest: setup PV sched yield
[    0.040003] PM: hibernation: Registered nosave memory: [mem 0x00000000-0x00000fff]
[    0.040504] PM: hibernation: Registered nosave memory: [mem 0x0009f000-0x0009ffff]
[    0.041008] PM: hibernation: Registered nosave memory: [mem 0x000a0000-0x000effff]
[    0.041510] PM: hibernation: Registered nosave memory: [mem 0x000f0000-0x000fffff]
[    0.042013] [mem 0x40000000-0xfeffbfff] available for PCI devices
[    0.042420] Booting paravirtualized kernel on KVM
[    0.042734] clocksource: refined-jiffies: mask: 0xffffffff max_cycles: 0xffffffff, max_idle_ns: 1910969940391419 ns
[    0.051379] setup_percpu: NR_CPUS:64 nr_cpumask_bits:32 nr_cpu_ids:32 nr_node_ids:1
[    0.053101] percpu: Embedded 70 pages/cpu s248792 r8192 d29736 u524288
[    0.053598] Kernel command line: virtme_hostname=virtme-ng nr_open=1048576 virtme_link_mods=/nipa-data/kernel/.virtme_mods/lib/modules/0.0.0 virtme_initmount0=nipa-data/kernel virtme_rw_overlay0=/etc virtme_rw_overlay1=/lib virtme_rw_overlay2=/home virtme_rw_overlay3=/opt virtme_rw_overlay4=/srv virtme_rw_overlay5=/usr virtme_rw_overlay6=/var console=hvc0 earlyprintk=serial,ttyS0,115200 virtme_console=ttyS0 psmouse.proto=exps TERM=xterm virtme_chdir=nipa-data/kernel virtme_root_user=1 rootfstype=9p rootflags=version=9p2000.L,trans=virtio,access=any raid=noautodetect ro init=/usr/lib/python3/dist-packages/virtme/guest/virtme-init
[    0.057507] Unknown kernel command line parameters "virtme_hostname=virtme-ng nr_open=1048576 virtme_link_mods=/nipa-data/kernel/.virtme_mods/lib/modules/0.0.0 virtme_initmount0=nipa-data/kernel virtme_rw_overlay0=/etc virtme_rw_overlay1=/lib virtme_rw_overlay2=/home virtme_rw_overlay3=/opt virtme_rw_overlay4=/srv virtme_rw_overlay5=/usr virtme_rw_overlay6=/var virtme_console=ttyS0 virtme_chdir=nipa-data/kernel virtme_root_user=1", will be passed to user space.
[    0.060480] random: crng init done
[    0.060730] Dentry cache hash table entries: 131072 (order: 8, 1048576 bytes, linear)
[    0.061274] Inode-cache hash table entries: 65536 (order: 7, 524288 bytes, linear)
[    0.062203] Fallback order for Node 0: 0 
[    0.062207] Built 1 zonelists, mobility grouping on.  Total pages: 262014
[    0.062946] Policy zone: DMA32
[    0.063154] mem auto-init: stack:all(zero), heap alloc:off, heap free:off
[    0.063615] stackdepot: allocating hash table via alloc_large_system_hash
[    0.064077] stackdepot hash table entries: 1048576 (order: 12, 16777216 bytes, linear)
[    0.072113] SLUB: HWalign=64, Order=0-3, MinObjects=0, CPUs=32, Nodes=1
Poking KASLR using RDRAND RDTSC...
[    0.072853] ftrace: allocating 48618 entries in 190 pages
[    0.081249] ftrace: allocated 190 pages with 6 groups
[    0.082443] Dynamic Preempt: voluntary
[    0.083133] rcu: Preemptible hierarchical RCU implementation.
[    0.083520] rcu: RCU event tracing is enabled.
[    0.083823] rcu: RCU restricting CPUs from NR_CPUS=64 to nr_cpu_ids=32.
[    0.084279] Trampoline variant of Tasks RCU enabled.
[    0.084619] Rude variant of Tasks RCU enabled.
[    0.084924] Tracing variant of Tasks RCU enabled.
[    0.085246] rcu: RCU calculated value of scheduler-enlistment delay is 100 jiffies.
[    0.085761] rcu: Adjusting geometry for rcu_fanout_leaf=16, nr_cpu_ids=32
[    0.086286] RCU Tasks: Setting shift to 5 and lim to 1 rcu_task_cb_adjust=1 rcu_task_cpu_ids=32.
[    0.086881] RCU Tasks Rude: Setting shift to 5 and lim to 1 rcu_task_cb_adjust=1 rcu_task_cpu_ids=32.
[    0.087504] RCU Tasks Trace: Setting shift to 5 and lim to 1 rcu_task_cb_adjust=1 rcu_task_cpu_ids=32.
[    0.096203] NR_IRQS: 4352, nr_irqs: 680, preallocated irqs: 16
[    0.096849] rcu: srcu_init: Setting srcu_struct sizes based on contention.
[    0.097526] Console: colour *CGA 80x25
[    0.097809] ACPI: Core revision 20240827
[    0.098227] clocksource: hpet: mask: 0xffffffff max_cycles: 0xffffffff, max_idle_ns: 19112604467 ns
[    0.098909] APIC: Switch to symmetric I/O mode setup
[    0.099274] kvm-guest: APIC: send_IPI_mask() replaced with kvm_send_ipi_mask()
[    0.099764] kvm-guest: APIC: send_IPI_mask_allbutself() replaced with kvm_send_ipi_mask_allbutself()
[    0.100366] kvm-guest: setup PV IPIs
[    0.101429] ..TIMER: vector=0x30 apic1=0 pin1=2 apic2=-1 pin2=-1
[    0.102188] clocksource: tsc-early: mask: 0xffffffffffffffff max_cycles: 0x40be4320a4d, max_idle_ns: 440795288133 ns
[    0.103547] Calibrating delay loop (skipped) preset value.. 8983.12 BogoMIPS (lpj=4491560)
[    0.104608] x86/cpu: User Mode Instruction Prevention (UMIP) activated
[    0.105603] Last level iTLB entries: 4KB 512, 2MB 255, 4MB 127
[    0.106546] Last level dTLB entries: 4KB 512, 2MB 255, 4MB 127, 1GB 0
[    0.107550] Spectre V1 : Mitigation: usercopy/swapgs barriers and __user pointer sanitization
[    0.108550] Spectre V2 : Mitigation: Enhanced / Automatic IBRS
[    0.109256] Spectre V2 : Spectre v2 / SpectreRSB mitigation: Filling RSB on context switch
[    0.109547] Spectre V2 : mitigation: Enabling conditional Indirect Branch Prediction Barrier
[    0.110548] Speculative Store Bypass: Mitigation: Speculative Store Bypass disabled via prctl
[    0.111546] Speculative Return Stack Overflow: IBPB-extending microcode not applied!
[    0.112545] Speculative Return Stack Overflow: WARNING: See https://kernel.org/doc/html/latest/admin-guide/hw-vuln/srso.html for mitigation options.
[    0.112547] Speculative Return Stack Overflow: Vulnerable: Safe RET, no microcode
[    0.114560] x86/fpu: Supporting XSAVE feature 0x001: 'x87 floating point registers'
[    0.115545] x86/fpu: Supporting XSAVE feature 0x002: 'SSE registers'
[    0.116545] x86/fpu: Supporting XSAVE feature 0x004: 'AVX registers'
[    0.117301] x86/fpu: Supporting XSAVE feature 0x020: 'AVX-512 opmask'
[    0.117546] x86/fpu: Supporting XSAVE feature 0x040: 'AVX-512 Hi256'
[    0.118545] x86/fpu: Supporting XSAVE feature 0x080: 'AVX-512 ZMM_Hi256'
[    0.119546] x86/fpu: Supporting XSAVE feature 0x200: 'Protection Keys User registers'
[    0.120546] x86/fpu: xstate_offset[2]:  576, xstate_sizes[2]:  256
[    0.121281] x86/fpu: xstate_offset[5]:  832, xstate_sizes[5]:   64
[    0.121546] x86/fpu: xstate_offset[6]:  896, xstate_sizes[6]:  512
[    0.122545] x86/fpu: xstate_offset[7]: 1408, xstate_sizes[7]: 1024
[    0.123545] x86/fpu: xstate_offset[9]: 2432, xstate_sizes[9]:    8
[    0.124281] x86/fpu: Enabled xstate features 0x2e7, context size is 2440 bytes, using 'compacted' format.
[    0.144940] Freeing SMP alternatives memory: 40K
[    0.145493] pid_max: default: 32768 minimum: 301
[    0.145658] Mount-cache hash table entries: 2048 (order: 2, 16384 bytes, linear)
[    0.146547] Mountpoint-cache hash table entries: 2048 (order: 2, 16384 bytes, linear)
[    0.148614] smpboot: CPU0: AMD Ryzen 9 7950X 16-Core Processor (family: 0x19, model: 0x61, stepping: 0x2)
[    0.149999] Performance Events: Fam17h+ core perfctr, AMD PMU driver.
[    0.150550] ... version:                0
[    0.151025] ... bit width:              48
[    0.151516] ... generic registers:      6
[    0.151547] ... value mask:             0000ffffffffffff
[    0.152182] ... max period:             00007fffffffffff
[    0.152547] ... fixed-purpose events:   0
[    0.153024] ... event mask:             000000000000003f
[    0.153657] signal: max sigframe size: 3376
[    0.154199] rcu: Hierarchical SRCU implementation.
[    0.154548] rcu: Max phase no-delay instances is 400.
[    0.155232] Timer migration: 2 hierarchy levels; 8 children per group; 2 crossnode level
[    0.159223] smp: Bringing up secondary CPUs ...
[    0.159832] smpboot: x86: Booting SMP configuration:
[    0.160426] .... node  #0, CPUs:        #1  #2  #3  #4  #5  #6  #7  #8  #9 #10 #11 #12 #13 #14 #15 #16 #17 #18 #19 #20 #21 #22 #23 #24 #25 #26 #27 #28 #29 #30 #31
[    0.182650] smp: Brought up 1 node, 32 CPUs
[    0.184047] smpboot: Total of 32 processors activated (287459.84 BogoMIPS)
[    0.187667] Memory: 763392K/1048056K available (45056K kernel code, 11399K rwdata, 10016K rodata, 6008K init, 1768K bss, 269036K reserved, 0K cma-reserved)
[    0.188664] devtmpfs: initialized
[    0.189111] x86/mm: Memory block size: 128MB
[    0.195558] clocksource: jiffies: mask: 0xffffffff max_cycles: 0xffffffff, max_idle_ns: 1911260446275000 ns
[    0.196552] futex hash table entries: 8192 (order: 7, 524288 bytes, linear)
[    0.197690] PM: RTC time: 06:26:58, date: 2024-10-26
[    0.198920] NET: Registered PF_NETLINK/PF_ROUTE protocol family
[    0.200368] thermal_sys: Registered thermal governor 'step_wise'
[    0.200370] thermal_sys: Registered thermal governor 'user_space'
[    0.200574] cpuidle: using governor menu
[    0.202803] PCI: Using configuration type 1 for base access
[    0.203479] PCI: Using configuration type 1 for extended access
[    0.203670] kprobes: kprobe jump-optimization is enabled. All kprobes are optimized if possible.
[    0.217806] HugeTLB: registered 1.00 GiB page size, pre-allocated 0 pages
[    0.218548] HugeTLB: 16380 KiB vmemmap can be freed for a 1.00 GiB page
[    0.219375] HugeTLB: registered 2.00 MiB page size, pre-allocated 0 pages
[    0.220548] HugeTLB: 28 KiB vmemmap can be freed for a 2.00 MiB page
[    0.221893] ACPI: Added _OSI(Module Device)
[    0.222548] ACPI: Added _OSI(Processor Device)
[    0.223112] ACPI: Added _OSI(3.0 _SCP Extensions)
[    0.223548] ACPI: Added _OSI(Processor Aggregator Device)
[    0.246875] ACPI: 1 ACPI AML tables successfully acquired and loaded
[    0.251392] ACPI: Interpreter enabled
[    0.252606] ACPI: PM: (supports S0 S3 S4 S5)
[    0.253146] ACPI: Using IOAPIC for interrupt routing
[    0.253597] PCI: Using host bridge windows from ACPI; if necessary, use "pci=nocrs" and report a bug
[    0.254547] PCI: Using E820 reservations for host bridge windows
[    0.256344] ACPI: Enabled 2 GPEs in block 00 to 0F
[    0.302001] ACPI: PCI Root Bridge [PCI0] (domain 0000 [bus 00-ff])
[    0.303562] acpi PNP0A03:00: _OSC: OS supports [ExtendedConfig ASPM ClockPM Segments MSI HPX-Type3]
[    0.305031] PCI host bridge to bus 0000:00
[    0.305598] pci_bus 0000:00: root bus resource [io  0x0000-0x0cf7 window]
[    0.306450] pci_bus 0000:00: root bus resource [io  0x0d00-0xffff window]
[    0.307550] pci_bus 0000:00: root bus resource [mem 0x000a0000-0x000bffff window]
[    0.308491] pci_bus 0000:00: root bus resource [mem 0x40000000-0xfebfffff window]
[    0.308550] pci_bus 0000:00: root bus resource [mem 0x100000000-0x17fffffff window]
[    0.309515] pci_bus 0000:00: root bus resource [bus 00-ff]
[    0.310643] pci 0000:00:00.0: [8086:1237] type 00 class 0x060000 conventional PCI endpoint
[    0.312377] pci 0000:00:01.0: [8086:7000] type 00 class 0x060100 conventional PCI endpoint
[    0.314423] pci 0000:00:01.1: [8086:7010] type 00 class 0x010180 conventional PCI endpoint
[    0.317192] pci 0000:00:01.1: BAR 4 [io  0xc0c0-0xc0cf]
[    0.318241] pci 0000:00:01.1: BAR 0 [io  0x01f0-0x01f7]: legacy IDE quirk
[    0.319548] pci 0000:00:01.1: BAR 1 [io  0x03f6]: legacy IDE quirk
[    0.320323] pci 0000:00:01.1: BAR 2 [io  0x0170-0x0177]: legacy IDE quirk
[    0.320548] pci 0000:00:01.1: BAR 3 [io  0x0376]: legacy IDE quirk
[    0.321978] pci 0000:00:01.3: [8086:7113] type 00 class 0x068000 conventional PCI endpoint
[    0.323804] pci 0000:00:01.3: quirk: [io  0x0600-0x063f] claimed by PIIX4 ACPI
[    0.324552] pci 0000:00:01.3: quirk: [io  0x0700-0x070f] claimed by PIIX4 SMB
[    0.326153] pci 0000:00:02.0: [1af4:1009] type 00 class 0x000200 conventional PCI endpoint
[    0.327921] pci 0000:00:02.0: BAR 0 [io  0xc000-0xc03f]
[    0.328879] pci 0000:00:02.0: BAR 1 [mem 0xfebfc000-0xfebfcfff]
[    0.331548] pci 0000:00:02.0: BAR 4 [mem 0xfebf0000-0xfebf3fff 64bit pref]
[    0.345028] pci 0000:00:03.0: [1af4:1009] type 00 class 0x000200 conventional PCI endpoint
[    0.345877] pci 0000:00:03.0: BAR 0 [io  0xc040-0xc07f]
[    0.346684] pci 0000:00:03.0: BAR 1 [mem 0xfebfd000-0xfebfdfff]
[    0.348335] pci 0000:00:03.0: BAR 4 [mem 0xfebf4000-0xfebf7fff 64bit pref]
[    0.360803] pci 0000:00:04.0: [8086:25ab] type 00 class 0x088000 conventional PCI endpoint
[    0.361694] pci 0000:00:04.0: BAR 0 [mem 0xfebfe000-0xfebfe00f]
[    0.373789] pci 0000:00:05.0: [1af4:1003] type 00 class 0x078000 conventional PCI endpoint
[    0.375842] pci 0000:00:05.0: BAR 0 [io  0xc080-0xc0bf]
[    0.376658] pci 0000:00:05.0: BAR 1 [mem 0xfebff000-0xfebfffff]
[    0.378116] pci 0000:00:05.0: BAR 4 [mem 0xfebf8000-0xfebfbfff 64bit pref]
[    0.391987] ACPI: PCI: Interrupt link LNKA configured for IRQ 10
[    0.393453] ACPI: PCI: Interrupt link LNKB configured for IRQ 10
[    0.395452] ACPI: PCI: Interrupt link LNKC configured for IRQ 11
[    0.397450] ACPI: PCI: Interrupt link LNKD configured for IRQ 11
[    0.397923] ACPI: PCI: Interrupt link LNKS configured for IRQ 9
[    0.416223] iommu: Default domain type: Translated
[    0.417548] iommu: DMA domain TLB invalidation policy: lazy mode
[    0.418750] SCSI subsystem initialized
[    0.419556] pps_core: LinuxPPS API ver. 1 registered
[    0.420193] pps_core: Software ver. 5.3.6 - Copyright 2005-2007 Rodolfo Giometti <giometti@linux.it>
[    0.420561] PTP clock support registered
[    0.421673] Advanced Linux Sound Architecture Driver Initialized.
[    0.423587] NET: Registered PF_ATMPVC protocol family
[    0.424227] NET: Registered PF_ATMSVC protocol family
[    0.424584] PCI: Using ACPI for IRQ routing
[    0.425582] vgaarb: loaded
[    0.426662] hpet0: at MMIO 0xfed00000, IRQs 2, 8, 0
[    0.427275] hpet0: 3 comparators, 64-bit 100.000000 MHz counter
[    0.431737] clocksource: Switched to clocksource kvm-clock
[    0.432760] VFS: Disk quotas dquot_6.6.0
[    0.433271] VFS: Dquot-cache hash table entries: 512 (order 0, 4096 bytes)
[    0.434800] pnp: PnP ACPI init
[    0.437484] pnp: PnP ACPI: found 5 devices
[    0.449290] clocksource: acpi_pm: mask: 0xffffff max_cycles: 0xffffff, max_idle_ns: 2085701024 ns
[    0.450459] NET: Registered PF_INET protocol family
[    0.451133] IP idents hash table entries: 16384 (order: 5, 131072 bytes, linear)
[    0.452527] tcp_listen_portaddr_hash hash table entries: 512 (order: 1, 8192 bytes, linear)
[    0.453574] Table-perturb hash table entries: 65536 (order: 6, 262144 bytes, linear)
[    0.454547] TCP established hash table entries: 8192 (order: 4, 65536 bytes, linear)
[    0.455541] TCP bind hash table entries: 8192 (order: 6, 262144 bytes, linear)
[    0.456454] TCP: Hash tables configured (established 8192 bind 8192)
[    0.457406] UDP hash table entries: 512 (order: 2, 16384 bytes, linear)
[    0.458269] UDP-Lite hash table entries: 512 (order: 2, 16384 bytes, linear)
[    0.459366] NET: Registered PF_UNIX/PF_LOCAL protocol family
[    0.460087] pci_bus 0000:00: resource 4 [io  0x0000-0x0cf7 window]
[    0.460858] pci_bus 0000:00: resource 5 [io  0x0d00-0xffff window]
[    0.461629] pci_bus 0000:00: resource 6 [mem 0x000a0000-0x000bffff window]
[    0.462484] pci_bus 0000:00: resource 7 [mem 0x40000000-0xfebfffff window]
[    0.463342] pci_bus 0000:00: resource 8 [mem 0x100000000-0x17fffffff window]
[    0.464409] pci 0000:00:01.0: PIIX3: Enabling Passive Release
[    0.465127] pci 0000:00:00.0: Limiting direct PCI/PCI transfers
[    0.465903] PCI: CLS 0 bytes, default 64
[    0.466465] kvm_intel: VMX not supported by CPU 21
[    0.467097] kvm_amd: TSC scaling supported
[    0.467612] kvm_amd: Nested Virtualization enabled
[    0.468204] kvm_amd: Nested Paging enabled
[    0.468718] kvm_amd: LBR virtualization supported
[    0.469449] kvm_amd: Virtual VMLOAD VMSAVE supported
[    0.470065] kvm_amd: Virtual GIF supported
[    0.470585] kvm_amd: Virtual NMI enabled
[    0.502317] clocksource: tsc: mask: 0xffffffffffffffff max_cycles: 0x40be4320a4d, max_idle_ns: 440795288133 ns
[    0.521360] Initialise system trusted keyrings
[    0.522298] workingset: timestamp_bits=56 max_order=18 bucket_order=0
[    0.523225] squashfs: version 4.0 (2009/01/31) Phillip Lougher
[    0.523972] fuse: init (API version 7.41)
[    0.524615] 9p: Installing v9fs 9p2000 file system support
[    0.534511] Key type asymmetric registered
[    0.535033] Asymmetric key parser 'x509' registered
[    0.535712] Block layer SCSI generic (bsg) driver version 0.4 loaded (major 249)
[    0.536671] io scheduler mq-deadline registered
[    0.537244] io scheduler kyber registered
[    0.539837] input: Power Button as /devices/LNXSYSTM:00/LNXPWRBN:00/input/input0
[    0.541002] ACPI: button: Power Button [PWRF]
[    0.542922] Warning: Processor Platform Limit event detected, but not handled.
[    0.543799] Consider compiling CPUfreq support into your kernel.
[    1.353718] ACPI: \_SB_.LNKB: Enabled at IRQ 10
[    2.144670] ACPI: \_SB_.LNKC: Enabled at IRQ 11
[    2.937654] ACPI: \_SB_.LNKA: Enabled at IRQ 10
[    2.939017] Serial: 8250/16550 driver, 4 ports, IRQ sharing enabled
[    2.940132] 00:03: ttyS0 at I/O 0x3f8 (irq = 4, base_baud = 115200) is a 16550A
[    2.973628] Non-volatile memory driver v1.3
[    2.974173] Linux agpgart interface v0.103
[    2.974931] ACPI: bus type drm_connector registered
[    2.975566] printk: legacy console [hvc0] enabled
[    2.976155] printk: legacy bootconsole [earlyser0] disabled
          _      _                                    
   __   _(_)_ __| |_ _ __ ___   ___       _ __   __ _ 
   \ \ / / |  __| __|  _   _ \ / _ \_____|  _ \ / _  |
    \ V /| | |  | |_| | | | | |  __/_____| | | | (_| |
     \_/ |_|_|   \__|_| |_| |_|\___|     |_| |_|\__  |
                                                |___/ 
   kernel version: 6.12.0-rc4-virtme x86_64
   (CTRL+d to exit)

root@virtme-ng:/nipa-data/kernel# PS1='xx__-> '
xx__-> env
PWD=/nipa-data/kernel
nr_open=1048576
HOME=/
TERM=xterm
SHLVL=2
XDG_RUNTIME_DIR=/run/user/0
PATH=/bin:/sbin:/usr/bin:/usr/sbin:/usr/local/bin
OLDPWD=/
_=/bin/env
xx__-> 