No EFI environment detected.
early console in extract_kernel
input_data: 0x00000000029f72b9
input_len: 0x0000000000ae8acb
output: 0x0000000001000000
output_len: 0x000000000249a660
kernel_total_size: 0x0000000002230000
needed_size: 0x0000000002600000
trampoline_32bit: 0x0000000000000000
Physical KASLR using RDRAND RDTSC...
Virtual KASLR using RDRAND RDTSC...

Decompressing Linux... Parsing ELF... Performing relocations... done.
Booting the kernel (entry_offset: 0x0000000000000000).
[    0.000000] Linux version 6.8.0-virtme (root@53b34822466d) (gcc (Alpine 13.2.1_git20240309) 13.2.1 20240309, GNU ld (GNU Binutils) 2.42) #1 SMP PREEMPT_DYNAMIC Tue Mar 19 18:06:42 UTC 2024
[    0.000000] Command line: virtme_hostname=virtme-ng nr_open=1048576 virtme_link_mods=/nipa-data/kernel/.virtme_mods/lib/modules/0.0.0 virtme_initmount0=nipa-data/kernel virtme_rw_overlay0=/etc virtme_rw_overlay1=/lib virtme_rw_overlay2=/home virtme_rw_overlay3=/opt virtme_rw_overlay4=/srv virtme_rw_overlay5=/usr virtme_rw_overlay6=/var console=hvc0 earlyprintk=serial,ttyS0,115200 virtme_console=ttyS0 psmouse.proto=exps TERM=xterm virtme_chdir=nipa-data/kernel virtme_root_user=1 rootfstype=9p rootflags=version=9p2000.L,trans=virtio,access=any raid=noautodetect ro init=/usr/lib/python3.11/site-packages/virtme/guest/virtme-init
[    0.000000] BIOS-provided physical RAM map:
[    0.000000] BIOS-e820: [mem 0x0000000000000000-0x000000000009fbff] usable
[    0.000000] BIOS-e820: [mem 0x000000000009fc00-0x000000000009ffff] reserved
[    0.000000] BIOS-e820: [mem 0x00000000000f0000-0x00000000000fffff] reserved
[    0.000000] BIOS-e820: [mem 0x0000000000100000-0x000000003ffdffff] usable
[    0.000000] BIOS-e820: [mem 0x000000003ffe0000-0x000000003fffffff] reserved
[    0.000000] BIOS-e820: [mem 0x00000000feffc000-0x00000000feffffff] reserved
[    0.000000] BIOS-e820: [mem 0x00000000fffc0000-0x00000000ffffffff] reserved
[    0.000000] BIOS-e820: [mem 0x000000fd00000000-0x000000ffffffffff] reserved
[    0.000000] printk: legacy bootconsole [earlyser0] enabled
[    0.000000] NX (Execute Disable) protection: active
[    0.000000] APIC: Static calls initialized
[    0.000000] SMBIOS 3.0.0 present.
[    0.000000] DMI: QEMU Standard PC (i440FX + PIIX, 1996), BIOS rel-1.16.3-0-ga6ed6b701f0a-prebuilt.qemu.org 04/01/2014
[    0.000000] Hypervisor detected: KVM
[    0.000000] kvm-clock: Using msrs 4b564d01 and 4b564d00
[    0.000000] kvm-clock: using sched offset of 249397661 cycles
[    0.000395] clocksource: kvm-clock: mask: 0xffffffffffffffff max_cycles: 0x1cd42e4dffb, max_idle_ns: 881590591483 ns
[    0.001625] tsc: Detected 4491.556 MHz processor
[    0.002244] last_pfn = 0x3ffe0 max_arch_pfn = 0x400000000
[    0.002675] MTRR map: 4 entries (3 fixed + 1 variable; max 19), built from 8 variable MTRRs
[    0.003305] x86/PAT: Configuration [0-7]: WB  WC  UC- UC  WB  WP  UC- WT  
Memory KASLR using RDRAND RDTSC...
[    0.005416] found SMP MP-table at [mem 0x000f5470-0x000f547f]
[    0.005854] Using GB pages for direct mapping
[    0.006206] ACPI: Early table checksum verification disabled
[    0.006633] ACPI: RSDP 0x00000000000F5290 000014 (v00 BOCHS )
[    0.007068] ACPI: RSDT 0x000000003FFE27BC 000034 (v01 BOCHS  BXPC     00000001 BXPC 00000001)
[    0.007715] ACPI: FACP 0x000000003FFE2578 000074 (v01 BOCHS  BXPC     00000001 BXPC 00000001)
[    0.008359] ACPI: DSDT 0x000000003FFE0040 002538 (v01 BOCHS  BXPC     00000001 BXPC 00000001)
[    0.009003] ACPI: FACS 0x000000003FFE0000 000040
[    0.009353] ACPI: APIC 0x000000003FFE25EC 000170 (v03 BOCHS  BXPC     00000001 BXPC 00000001)
[    0.009998] ACPI: HPET 0x000000003FFE275C 000038 (v01 BOCHS  BXPC     00000001 BXPC 00000001)
[    0.010642] ACPI: WAET 0x000000003FFE2794 000028 (v01 BOCHS  BXPC     00000001 BXPC 00000001)
[    0.011286] ACPI: Reserving FACP table memory at [mem 0x3ffe2578-0x3ffe25eb]
[    0.011819] ACPI: Reserving DSDT table memory at [mem 0x3ffe0040-0x3ffe2577]
[    0.012349] ACPI: Reserving FACS table memory at [mem 0x3ffe0000-0x3ffe003f]
[    0.012878] ACPI: Reserving APIC table memory at [mem 0x3ffe25ec-0x3ffe275b]
[    0.013408] ACPI: Reserving HPET table memory at [mem 0x3ffe275c-0x3ffe2793]
[    0.013938] ACPI: Reserving WAET table memory at [mem 0x3ffe2794-0x3ffe27bb]
[    0.014612] No NUMA configuration found
[    0.014901] Faking a node at [mem 0x0000000000000000-0x000000003ffdffff]
[    0.015409] NODE_DATA(0) allocated [mem 0x3ffdb000-0x3ffdffff]
[    0.015861] Zone ranges:
[    0.016053]   DMA      [mem 0x0000000000001000-0x0000000000ffffff]
[    0.016520]   DMA32    [mem 0x0000000001000000-0x000000003ffdffff]
[    0.016985]   Normal   empty
[    0.017202]   Device   empty
[    0.017418] Movable zone start for each node
[    0.017740] Early memory node ranges
[    0.018011]   node   0: [mem 0x0000000000001000-0x000000000009efff]
[    0.018485]   node   0: [mem 0x0000000000100000-0x000000003ffdffff]
[    0.018959] Initmem setup node 0 [mem 0x0000000000001000-0x000000003ffdffff]
[    0.019498] On node 0, zone DMA: 1 pages in unavailable ranges
[    0.019949] On node 0, zone DMA: 97 pages in unavailable ranges
[    0.021396] On node 0, zone DMA32: 32 pages in unavailable ranges
[    0.022066] ACPI: PM-Timer IO Port: 0x608
[    0.022373] ACPI: LAPIC_NMI (acpi_id[0xff] dfl dfl lint[0x1])
[    0.022823] IOAPIC[0]: apic_id 0, version 17, address 0xfec00000, GSI 0-23
[    0.023344] ACPI: INT_SRC_OVR (bus 0 bus_irq 0 global_irq 2 dfl dfl)
[    0.023828] ACPI: INT_SRC_OVR (bus 0 bus_irq 5 global_irq 5 high level)
[    0.024328] ACPI: INT_SRC_OVR (bus 0 bus_irq 9 global_irq 9 high level)
[    0.024829] ACPI: INT_SRC_OVR (bus 0 bus_irq 10 global_irq 10 high level)
[    0.025342] ACPI: INT_SRC_OVR (bus 0 bus_irq 11 global_irq 11 high level)
[    0.025857] ACPI: Using ACPI (MADT) for SMP configuration information
[    0.026344] ACPI: HPET id: 0x8086a201 base: 0xfed00000
[    0.026733] TSC deadline timer available
[    0.027031] CPU topo: Max. logical packages:   1
[    0.027380] CPU topo: Max. logical dies:       1
[    0.027731] CPU topo: Max. dies per package:   1
[    0.028082] CPU topo: Max. threads per core:  32
[    0.028431] CPU topo: Num. cores per package:     1
[    0.028799] CPU topo: Num. threads per package:  32
[    0.029167] CPU topo: Allowing 32 present CPUs plus 0 hotplug CPUs
[    0.029645] kvm-guest: APIC: eoi() replaced with kvm_guest_apic_eoi_write()
[    0.030179] kvm-guest: KVM setup pv remote TLB flush
[    0.030556] kvm-guest: setup PV sched yield
[    0.030878] PM: hibernation: Registered nosave memory: [mem 0x00000000-0x00000fff]
[    0.031458] PM: hibernation: Registered nosave memory: [mem 0x0009f000-0x0009ffff]
[    0.032031] PM: hibernation: Registered nosave memory: [mem 0x000a0000-0x000effff]
[    0.032604] PM: hibernation: Registered nosave memory: [mem 0x000f0000-0x000fffff]
[    0.033177] [mem 0x40000000-0xfeffbfff] available for PCI devices
[    0.033639] Booting paravirtualized kernel on KVM
[    0.033996] clocksource: refined-jiffies: mask: 0xffffffff max_cycles: 0xffffffff, max_idle_ns: 1910969940391419 ns
[    0.037672] setup_percpu: NR_CPUS:64 nr_cpumask_bits:32 nr_cpu_ids:32 nr_node_ids:1
[    0.038880] percpu: Embedded 58 pages/cpu s197992 r8192 d31384 u262144
[    0.039414] Kernel command line: virtme_hostname=virtme-ng nr_open=1048576 virtme_link_mods=/nipa-data/kernel/.virtme_mods/lib/modules/0.0.0 virtme_initmount0=nipa-data/kernel virtme_rw_overlay0=/etc virtme_rw_overlay1=/lib virtme_rw_overlay2=/home virtme_rw_overlay3=/opt virtme_rw_overlay4=/srv virtme_rw_overlay5=/usr virtme_rw_overlay6=/var console=hvc0 earlyprintk=serial,ttyS0,115200 virtme_console=ttyS0 psmouse.proto=exps TERM=xterm virtme_chdir=nipa-data/kernel virtme_root_user=1 rootfstype=9p rootflags=version=9p2000.L,trans=virtio,access=any raid=noautodetect ro init=/usr/lib/python3.11/site-packages/virtme/guest/virtme-init
[    0.043859] Unknown kernel command line parameters "virtme_hostname=virtme-ng nr_open=1048576 virtme_link_mods=/nipa-data/kernel/.virtme_mods/lib/modules/0.0.0 virtme_initmount0=nipa-data/kernel virtme_rw_overlay0=/etc virtme_rw_overlay1=/lib virtme_rw_overlay2=/home virtme_rw_overlay3=/opt virtme_rw_overlay4=/srv virtme_rw_overlay5=/usr virtme_rw_overlay6=/var virtme_console=ttyS0 virtme_chdir=nipa-data/kernel virtme_root_user=1", will be passed to user space.
[    0.047227] random: crng init done
[    0.047526] Dentry cache hash table entries: 131072 (order: 8, 1048576 bytes, linear)
[    0.048153] Inode-cache hash table entries: 65536 (order: 7, 524288 bytes, linear)
[    0.048827] Fallback order for Node 0: 0 
[    0.048829] Built 1 zonelists, mobility grouping on.  Total pages: 257760
[    0.049668] Policy zone: DMA32
[    0.049907] mem auto-init: stack:all(zero), heap alloc:off, heap free:off
[    0.051216] Memory: 986616K/1048056K available (16384K kernel code, 2363K rwdata, 5988K rodata, 3008K init, 2280K bss, 61180K reserved, 0K cma-reserved)
[    0.052311] SLUB: HWalign=64, Order=0-3, MinObjects=0, CPUs=32, Nodes=1
Poking KASLR using RDRAND RDTSC...
[    0.053078] ftrace: allocating 46516 entries in 182 pages
[    0.060214] ftrace: allocated 182 pages with 5 groups
[    0.061234] Dynamic Preempt: voluntary
[    0.061658] rcu: Preemptible hierarchical RCU implementation.
[    0.062106] rcu: RCU event tracing is enabled.
[    0.062458] rcu: RCU restricting CPUs from NR_CPUS=64 to nr_cpu_ids=32.
[    0.062979] Trampoline variant of Tasks RCU enabled.
[    0.063370] Rude variant of Tasks RCU enabled.
[    0.063724] Tracing variant of Tasks RCU enabled.
[    0.064096] rcu: RCU calculated value of scheduler-enlistment delay is 100 jiffies.
[    0.064690] rcu: Adjusting geometry for rcu_fanout_leaf=16, nr_cpu_ids=32
[    0.065218] RCU Tasks: Setting shift to 5 and lim to 1 rcu_task_cb_adjust=1.
[    0.065762] RCU Tasks Rude: Setting shift to 5 and lim to 1 rcu_task_cb_adjust=1.
[    0.066342] RCU Tasks Trace: Setting shift to 5 and lim to 1 rcu_task_cb_adjust=1.
[    0.068331] NR_IRQS: 4352, nr_irqs: 680, preallocated irqs: 16
[    0.068943] rcu: srcu_init: Setting srcu_struct sizes based on contention.
[    0.069606] Console: colour *CGA 80x25
[    0.069899] ACPI: Core revision 20230628
[    0.070265] clocksource: hpet: mask: 0xffffffff max_cycles: 0xffffffff, max_idle_ns: 19112604467 ns
[    0.071017] APIC: Switch to symmetric I/O mode setup
[    0.071411] APIC: Switched APIC routing to: physical flat
[    0.071822] kvm-guest: APIC: send_IPI_mask() replaced with kvm_send_ipi_mask()
[    0.072364] kvm-guest: APIC: send_IPI_mask_allbutself() replaced with kvm_send_ipi_mask_allbutself()
[    0.073069] kvm-guest: setup PV IPIs
[    0.074130] ..TIMER: vector=0x30 apic1=0 pin1=2 apic2=-1 pin2=-1
[    0.074942] tsc: Marking TSC unstable due to TSCs unsynchronized
[    0.075766] Calibrating delay loop (skipped) preset value.. 8983.11 BogoMIPS (lpj=4491556)
[    0.076824] x86/cpu: User Mode Instruction Prevention (UMIP) activated
[    0.077816] Last level iTLB entries: 4KB 512, 2MB 255, 4MB 127
[    0.078764] Last level dTLB entries: 4KB 512, 2MB 255, 4MB 127, 1GB 0
[    0.079768] Spectre V1 : Mitigation: usercopy/swapgs barriers and __user pointer sanitization
[    0.080768] Spectre V2 : Mitigation: Enhanced / Automatic IBRS
[    0.081764] Spectre V2 : Spectre v2 / SpectreRSB mitigation: Filling RSB on context switch
[    0.082765] Spectre V2 : mitigation: Enabling conditional Indirect Branch Prediction Barrier
[    0.083764] Spectre V2 : User space: Mitigation: STIBP always-on protection
[    0.084765] Speculative Store Bypass: Mitigation: Speculative Store Bypass disabled via prctl
[    0.085764] Speculative Return Stack Overflow: IBPB-extending microcode not applied!
[    0.086764] Speculative Return Stack Overflow: WARNING: See https://kernel.org/doc/html/latest/admin-guide/hw-vuln/srso.html for mitigation options.
[    0.086765] Speculative Return Stack Overflow: Vulnerable: Safe RET, no microcode
[    0.088779] x86/fpu: Supporting XSAVE feature 0x001: 'x87 floating point registers'
[    0.089764] x86/fpu: Supporting XSAVE feature 0x002: 'SSE registers'
[    0.090764] x86/fpu: Supporting XSAVE feature 0x004: 'AVX registers'
[    0.091764] x86/fpu: Supporting XSAVE feature 0x020: 'AVX-512 opmask'
[    0.092764] x86/fpu: Supporting XSAVE feature 0x040: 'AVX-512 Hi256'
[    0.093764] x86/fpu: Supporting XSAVE feature 0x080: 'AVX-512 ZMM_Hi256'
[    0.094764] x86/fpu: Supporting XSAVE feature 0x200: 'Protection Keys User registers'
[    0.095764] x86/fpu: xstate_offset[2]:  576, xstate_sizes[2]:  256
[    0.096764] x86/fpu: xstate_offset[5]:  832, xstate_sizes[5]:   64
[    0.097573] x86/fpu: xstate_offset[6]:  896, xstate_sizes[6]:  512
[    0.097764] x86/fpu: xstate_offset[7]: 1408, xstate_sizes[7]: 1024
[    0.098764] x86/fpu: xstate_offset[9]: 2432, xstate_sizes[9]:    8
[    0.099764] x86/fpu: Enabled xstate features 0x2e7, context size is 2440 bytes, using 'compacted' format.
[    0.115764] Freeing SMP alternatives memory: 40K
[    0.116386] pid_max: default: 32768 minimum: 301
[    0.116793] Mount-cache hash table entries: 2048 (order: 2, 16384 bytes, linear)
[    0.117765] Mountpoint-cache hash table entries: 2048 (order: 2, 16384 bytes, linear)
[    0.118935] smpboot: CPU0: AMD Ryzen 9 7950X 16-Core Processor (family: 0x19, model: 0x61, stepping: 0x2)
[    0.119884] Performance Events: Fam17h+ core perfctr, AMD PMU driver.
[    0.120759] ... version:                0
[    0.120766] ... bit width:              48
[    0.121305] ... generic registers:      6
[    0.121766] ... value mask:             0000ffffffffffff
[    0.122470] ... max period:             00007fffffffffff
[    0.122766] ... fixed-purpose events:   0
[    0.123293] ... event mask:             000000000000003f
[    0.123837] signal: max sigframe size: 3376
[    0.124404] rcu: Hierarchical SRCU implementation.
[    0.124766] rcu: Max phase no-delay instances is 400.
[    0.127836] smp: Bringing up secondary CPUs ...
[    0.128496] smpboot: x86: Booting SMP configuration:
[    0.128770] .... node  #0, CPUs:        #1  #2  #3  #4  #5  #6  #7  #8  #9 #10 #11 #12 #13 #14 #15 #16 #17 #18 #19 #20 #21 #22 #23 #24 #25 #26 #27 #28 #29 #30 #31
[    0.133906] Spectre V2 : Update user space SMT mitigation: STIBP always-on
[    0.150784] smp: Brought up 1 node, 32 CPUs
[    0.151521] smpboot: Total of 32 processors activated (287459.58 BogoMIPS)
[    0.152951] devtmpfs: initialized
[    0.153786] x86/mm: Memory block size: 128MB
[    0.155508] clocksource: jiffies: mask: 0xffffffff max_cycles: 0xffffffff, max_idle_ns: 1911260446275000 ns
[    0.155770] futex hash table entries: 8192 (order: 7, 524288 bytes, linear)
[    0.156965] PM: RTC time: 18:07:11, date: 2024-03-19
[    0.158189] NET: Registered PF_NETLINK/PF_ROUTE protocol family
[    0.158930] thermal_sys: Registered thermal governor 'step_wise'
[    0.158932] thermal_sys: Registered thermal governor 'user_space'
[    0.159781] cpuidle: using governor menu
[    0.162048] PCI: Using configuration type 1 for base access
[    0.162768] PCI: Using configuration type 1 for extended access
[    0.163820] kprobes: kprobe jump-optimization is enabled. All kprobes are optimized if possible.
[    0.165025] HugeTLB: registered 1.00 GiB page size, pre-allocated 0 pages
[    0.165768] HugeTLB: 16380 KiB vmemmap can be freed for a 1.00 GiB page
[    0.166767] HugeTLB: registered 2.00 MiB page size, pre-allocated 0 pages
[    0.167767] HugeTLB: 28 KiB vmemmap can be freed for a 2.00 MiB page
[    0.168819] ACPI: Added _OSI(Module Device)
[    0.169519] ACPI: Added _OSI(Processor Device)
[    0.169768] ACPI: Added _OSI(3.0 _SCP Extensions)
[    0.170554] ACPI: Added _OSI(Processor Aggregator Device)
[    0.171707] ACPI: 1 ACPI AML tables successfully acquired and loaded
[    0.174795] ACPI: _OSC evaluation for CPUs failed, trying _PDC
[    0.175948] ACPI: Interpreter enabled
[    0.176587] ACPI: PM: (supports S0 S3 S4 S5)
[    0.176767] ACPI: Using IOAPIC for interrupt routing
[    0.177623] PCI: Using host bridge windows from ACPI; if necessary, use "pci=nocrs" and report a bug
[    0.177767] PCI: Using E820 reservations for host bridge windows
[    0.178882] ACPI: Enabled 2 GPEs in block 00 to 0F
[    0.182992] ACPI: PCI Root Bridge [PCI0] (domain 0000 [bus 00-ff])
[    0.183771] acpi PNP0A03:00: _OSC: OS supports [ExtendedConfig ASPM ClockPM Segments MSI HPX-Type3]
[    0.184879] PCI host bridge to bus 0000:00
[    0.185574] pci_bus 0000:00: root bus resource [io  0x0000-0x0cf7 window]
[    0.185768] pci_bus 0000:00: root bus resource [io  0x0d00-0xffff window]
[    0.186767] pci_bus 0000:00: root bus resource [mem 0x000a0000-0x000bffff window]
[    0.187768] pci_bus 0000:00: root bus resource [mem 0x40000000-0xfebfffff window]
[    0.188767] pci_bus 0000:00: root bus resource [mem 0x100000000-0x17fffffff window]
[    0.189768] pci_bus 0000:00: root bus resource [bus 00-ff]
[    0.190806] pci 0000:00:00.0: [8086:1237] type 00 class 0x060000 conventional PCI endpoint
[    0.192093] pci 0000:00:01.0: [8086:7000] type 00 class 0x060100 conventional PCI endpoint
[    0.193171] pci 0000:00:01.1: [8086:7010] type 00 class 0x010180 conventional PCI endpoint
[    0.197135] pci 0000:00:01.1: BAR 4 [io  0xc0c0-0xc0cf]
[    0.199157] pci 0000:00:01.1: BAR 0 [io  0x01f0-0x01f7]: legacy IDE quirk
[    0.199767] pci 0000:00:01.1: BAR 1 [io  0x03f6]: legacy IDE quirk
[    0.200767] pci 0000:00:01.1: BAR 2 [io  0x0170-0x0177]: legacy IDE quirk
[    0.201768] pci 0000:00:01.1: BAR 3 [io  0x0376]: legacy IDE quirk
[    0.202887] pci 0000:00:01.3: [8086:7113] type 00 class 0x068000 conventional PCI endpoint
[    0.204083] pci 0000:00:01.3: quirk: [io  0x0600-0x063f] claimed by PIIX4 ACPI
[    0.204773] pci 0000:00:01.3: quirk: [io  0x0700-0x070f] claimed by PIIX4 SMB
[    0.205982] pci 0000:00:02.0: [1af4:1009] type 00 class 0x000200 conventional PCI endpoint
[    0.207768] pci 0000:00:02.0: BAR 0 [io  0xc000-0xc03f]
[    0.209767] pci 0000:00:02.0: BAR 1 [mem 0xfebfc000-0xfebfcfff]
[    0.215768] pci 0000:00:02.0: BAR 4 [mem 0xfebf0000-0xfebf3fff 64bit pref]
[    0.220545] pci 0000:00:03.0: [1af4:1009] type 00 class 0x000200 conventional PCI endpoint
[    0.221767] pci 0000:00:03.0: BAR 0 [io  0xc040-0xc07f]
[    0.223535] pci 0000:00:03.0: BAR 1 [mem 0xfebfd000-0xfebfdfff]
[    0.227766] pci 0000:00:03.0: BAR 4 [mem 0xfebf4000-0xfebf7fff 64bit pref]
[    0.230071] pci 0000:00:04.0: [8086:25ab] type 00 class 0x088000 conventional PCI endpoint
[    0.231341] pci 0000:00:04.0: BAR 0 [mem 0xfebfe000-0xfebfe00f]
[    0.235053] pci 0000:00:05.0: [1af4:1003] type 00 class 0x078000 conventional PCI endpoint
[    0.236766] pci 0000:00:05.0: BAR 0 [io  0xc080-0xc0bf]
[    0.238532] pci 0000:00:05.0: BAR 1 [mem 0xfebff000-0xfebfffff]
[    0.241766] pci 0000:00:05.0: BAR 4 [mem 0xfebf8000-0xfebfbfff 64bit pref]
[    0.244541] ACPI: PCI: Interrupt link LNKA configured for IRQ 10
[    0.244878] ACPI: PCI: Interrupt link LNKB configured for IRQ 10
[    0.245800] ACPI: PCI: Interrupt link LNKC configured for IRQ 11
[    0.246685] ACPI: PCI: Interrupt link LNKD configured for IRQ 11
[    0.246838] ACPI: PCI: Interrupt link LNKS configured for IRQ 9
[    0.248534] iommu: Default domain type: Translated
[    0.248767] iommu: DMA domain TLB invalidation policy: lazy mode
[    0.249634] SCSI subsystem initialized
[    0.249805] pps_core: LinuxPPS API ver. 1 registered
[    0.250644] pps_core: Software ver. 5.3.6 - Copyright 2005-2007 Rodolfo Giometti <giometti@linux.it>
[    0.250770] PTP clock support registered
[    0.251309] Advanced Linux Sound Architecture Driver Initialized.
[    0.252077] NET: Registered PF_ATMPVC protocol family
[    0.252753] NET: Registered PF_ATMSVC protocol family
[    0.252771] PCI: Using ACPI for IRQ routing
[    0.253430] vgaarb: loaded
[    0.253814] hpet0: at MMIO 0xfed00000, IRQs 2, 8, 0
[    0.254472] hpet0: 3 comparators, 64-bit 100.000000 MHz counter
[    0.258723] clocksource: Switched to clocksource kvm-clock
[    0.259374] VFS: Disk quotas dquot_6.6.0
[    0.259899] VFS: Dquot-cache hash table entries: 512 (order 0, 4096 bytes)
[    0.260840] pnp: PnP ACPI init
[    0.261440] pnp: PnP ACPI: found 5 devices
[    0.268848] clocksource: acpi_pm: mask: 0xffffff max_cycles: 0xffffff, max_idle_ns: 2085701024 ns
[    0.270052] NET: Registered PF_INET protocol family
[    0.270715] IP idents hash table entries: 16384 (order: 5, 131072 bytes, linear)
[    0.271867] tcp_listen_portaddr_hash hash table entries: 512 (order: 1, 8192 bytes, linear)
[    0.272986] Table-perturb hash table entries: 65536 (order: 6, 262144 bytes, linear)
[    0.274017] TCP established hash table entries: 8192 (order: 4, 65536 bytes, linear)
[    0.275048] TCP bind hash table entries: 8192 (order: 6, 262144 bytes, linear)
[    0.276011] TCP: Hash tables configured (established 8192 bind 8192)
[    0.276878] UDP hash table entries: 512 (order: 2, 16384 bytes, linear)
[    0.277758] UDP-Lite hash table entries: 512 (order: 2, 16384 bytes, linear)
[    0.278715] NET: Registered PF_UNIX/PF_LOCAL protocol family
[    0.279476] pci_bus 0000:00: resource 4 [io  0x0000-0x0cf7 window]
[    0.280298] pci_bus 0000:00: resource 5 [io  0x0d00-0xffff window]
[    0.281104] pci_bus 0000:00: resource 6 [mem 0x000a0000-0x000bffff window]
[    0.282016] pci_bus 0000:00: resource 7 [mem 0x40000000-0xfebfffff window]
[    0.282927] pci_bus 0000:00: resource 8 [mem 0x100000000-0x17fffffff window]
[    0.283886] pci 0000:00:01.0: PIIX3: Enabling Passive Release
[    0.284655] pci 0000:00:00.0: Limiting direct PCI/PCI transfers
[    0.285482] PCI: CLS 0 bytes, default 64
[    0.286029] kvm_intel: VMX not supported by CPU 0
[    0.286673] kvm_amd: TSC scaling supported
[    0.287216] kvm_amd: Nested Virtualization enabled
[    0.287855] kvm_amd: Nested Paging enabled
[    0.288406] kvm_amd: Virtual VMLOAD VMSAVE supported
[    0.289053] kvm_amd: Virtual GIF supported
[    0.289601] kvm_amd: Virtual NMI enabled
[    0.290113] kvm_amd: LBR virtualization supported
[    0.381897] workingset: timestamp_bits=56 max_order=18 bucket_order=0
[    0.383053] squashfs: version 4.0 (2009/01/31) Phillip Lougher
[    0.384042] fuse: init (API version 7.39)
[    0.384772] 9p: Installing v9fs 9p2000 file system support
[    0.385729] Key type asymmetric registered
[    0.386431] Block layer SCSI generic (bsg) driver version 0.4 loaded (major 249)
[    0.387680] io scheduler mq-deadline registered
[    0.388440] io scheduler kyber registered
[    0.390186] input: Power Button as /devices/LNXSYSTM:00/LNXPWRBN:00/input/input0
[    0.391491] ACPI: button: Power Button [PWRF]
[    0.392240] Warning: Processor Platform Limit event detected, but not handled.
[    0.393444] Consider compiling CPUfreq support into your kernel.
[    0.415174] ACPI: \_SB_.LNKB: Enabled at IRQ 10
[    0.436493] ACPI: \_SB_.LNKC: Enabled at IRQ 11
[    0.457828] ACPI: \_SB_.LNKA: Enabled at IRQ 10
[    0.459551] Serial: 8250/16550 driver, 4 ports, IRQ sharing enabled
[    0.460754] 00:03: ttyS0 at I/O 0x3f8 (irq = 4, base_baud = 115200) is a 16550A
[    0.501385] Non-volatile memory driver v1.3
[    0.502208] Linux agpgart interface v0.103
[    0.502267] ACPI: bus type drm_connector registered
[    0.503778] printk: legacy console [hvc0] enabled
[    0.504553] printk: legacy bootconsole [earlyser0] disabled
          _      _                                    
   __   _(_)_ __| |_ _ __ ___   ___       _ __   __ _ 
   \ \ / / |  __| __|  _   _ \ / _ \_____|  _ \ / _  |
    \ V /| | |  | |_| | | | | |  __/_____| | | | (_| |
     \_/ |_|_|   \__|_| |_| |_|\___|     |_| |_|\__  |
                                                |___/ 
   kernel version: 6.8.0-virtme x86_64
   (CTRL+d to exit)

virtme-ng:/nipa-data/kernel# PS1='xx__-> '
xx__-> env
PWD=/nipa-data/kernel
nr_open=1048576
HOME=/
TERM=xterm
SHLVL=2
XDG_RUNTIME_DIR=/run/user/0
PATH=/bin:/sbin:/usr/bin:/usr/sbin:/usr/local/bin
OLDPWD=/
_=/usr/bin/env
xx__-> 