No EFI environment detected.
early console in extract_kernel
input_data: 0x0000000004ab52c4
input_len: 0x000000000191cbf7
output: 0x0000000001000000
output_len: 0x000000000535e03c
kernel_total_size: 0x0000000005030000
needed_size: 0x0000000005400000
trampoline_32bit: 0x0000000000000000
Physical KASLR using RDRAND RDTSC...
Virtual KASLR using RDRAND RDTSC...

Decompressing Linux... Parsing ELF... Performing relocations... done.
Booting the kernel (entry_offset: 0x0000000002b3a790).
[    0.000000] Linux version 6.14.0-rc4-virtme (root@66918fcc3a0e) (gcc (Ubuntu 13.3.0-6ubuntu2~24.04) 13.3.0, GNU ld (GNU Binutils for Ubuntu) 2.42) #1 SMP PREEMPT_DYNAMIC Sun Mar  2 00:27:16 UTC 2025
[    0.000000] Command line: virtme_hostname=virtme-ng nr_open=1048576 virtme_link_mods=/nipa-data/kernel/.virtme_mods/lib/modules/0.0.0 virtme_initmount0=nipa-data/kernel virtme_rw_overlay0=/etc virtme_rw_overlay1=/lib virtme_rw_overlay2=/home virtme_rw_overlay3=/opt virtme_rw_overlay4=/srv virtme_rw_overlay5=/usr virtme_rw_overlay6=/var console=hvc0 earlyprintk=serial,ttyS0,115200 virtme_console=ttyS0 psmouse.proto=exps TERM=xterm virtme_chdir=nipa-data/kernel virtme_root_user=1 rootfstype=9p rootflags=version=9p2000.L,trans=virtio,access=any raid=noautodetect ro init=/usr/lib/python3/dist-packages/virtme/guest/virtme-init
[    0.000000] BIOS-provided physical RAM map:
[    0.000000] BIOS-e820: [mem 0x0000000000000000-0x000000000009fbff] usable
[    0.000000] BIOS-e820: [mem 0x000000000009fc00-0x000000000009ffff] reserved
[    0.000000] BIOS-e820: [mem 0x00000000000f0000-0x00000000000fffff] reserved
[    0.000000] BIOS-e820: [mem 0x0000000000100000-0x000000003ffdffff] usable
[    0.000000] BIOS-e820: [mem 0x000000003ffe0000-0x000000003fffffff] reserved
[    0.000000] BIOS-e820: [mem 0x00000000feffc000-0x00000000feffffff] reserved
[    0.000000] BIOS-e820: [mem 0x00000000fffc0000-0x00000000ffffffff] reserved
[    0.000000] BIOS-e820: [mem 0x000000fd00000000-0x000000ffffffffff] reserved
[    0.000000] printk: legacy bootconsole [earlyser0] enabled
[    0.000000] NX (Execute Disable) protection: active
[    0.000000] APIC: Static calls initialized
[    0.000000] SMBIOS 3.0.0 present.
[    0.000000] DMI: QEMU Ubuntu 24.04 PC (i440FX + PIIX, 1996), BIOS 1.16.3-debian-1.16.3-2 04/01/2014
[    0.000000] DMI: Memory slots populated: 1/1
[    0.000000] Hypervisor detected: KVM
[    0.000000] kvm-clock: Using msrs 4b564d01 and 4b564d00
[    0.000000] kvm-clock: using sched offset of 310319769 cycles
[    0.000361] clocksource: kvm-clock: mask: 0xffffffffffffffff max_cycles: 0x1cd42e4dffb, max_idle_ns: 881590591483 ns
[    0.001488] tsc: Detected 4491.560 MHz processor
[    0.002136] last_pfn = 0x3ffe0 max_arch_pfn = 0x400000000
[    0.002529] MTRR map: 4 entries (3 fixed + 1 variable; max 19), built from 8 variable MTRRs
[    0.003104] x86/PAT: Configuration [0-7]: WB  WC  UC- UC  WB  WP  UC- WT  
[    0.004982] found SMP MP-table at [mem 0x000f5470-0x000f547f]
[    0.005385] Using GB pages for direct mapping
[    0.005975] ACPI: Early table checksum verification disabled
[    0.006365] ACPI: RSDP 0x00000000000F5290 000014 (v00 BOCHS )
[    0.006762] ACPI: RSDT 0x000000003FFE27BC 000034 (v01 BOCHS  BXPC     00000001 BXPC 00000001)
[    0.007351] ACPI: FACP 0x000000003FFE2578 000074 (v01 BOCHS  BXPC     00000001 BXPC 00000001)
[    0.007940] ACPI: DSDT 0x000000003FFE0040 002538 (v01 BOCHS  BXPC     00000001 BXPC 00000001)
[    0.008526] ACPI: FACS 0x000000003FFE0000 000040
[    0.008846] ACPI: APIC 0x000000003FFE25EC 000170 (v03 BOCHS  BXPC     00000001 BXPC 00000001)
[    0.009438] ACPI: HPET 0x000000003FFE275C 000038 (v01 BOCHS  BXPC     00000001 BXPC 00000001)
[    0.010028] ACPI: WAET 0x000000003FFE2794 000028 (v01 BOCHS  BXPC     00000001 BXPC 00000001)
[    0.010619] ACPI: Reserving FACP table memory at [mem 0x3ffe2578-0x3ffe25eb]
[    0.011105] ACPI: Reserving DSDT table memory at [mem 0x3ffe0040-0x3ffe2577]
[    0.011591] ACPI: Reserving FACS table memory at [mem 0x3ffe0000-0x3ffe003f]
[    0.012076] ACPI: Reserving APIC table memory at [mem 0x3ffe25ec-0x3ffe275b]
[    0.012562] ACPI: Reserving HPET table memory at [mem 0x3ffe275c-0x3ffe2793]
[    0.013048] ACPI: Reserving WAET table memory at [mem 0x3ffe2794-0x3ffe27bb]
[    0.013722] No NUMA configuration found
[    0.013986] Faking a node at [mem 0x0000000000000000-0x000000003ffdffff]
[    0.014449] NODE_DATA(0) allocated [mem 0x3ffdb780-0x3ffdffff]
[    0.014867] Zone ranges:
[    0.015041]   DMA      [mem 0x0000000000001000-0x0000000000ffffff]
[    0.015467]   DMA32    [mem 0x0000000001000000-0x000000003ffdffff]
[    0.015893]   Normal   empty
[    0.016092]   Device   empty
[    0.016291] Movable zone start for each node
[    0.016584] Early memory node ranges
[    0.016829]   node   0: [mem 0x0000000000001000-0x000000000009efff]
[    0.017277]   node   0: [mem 0x0000000000100000-0x000000003ffdffff]
[    0.017710] Initmem setup node 0 [mem 0x0000000000001000-0x000000003ffdffff]
[    0.018197] On node 0, zone DMA: 1 pages in unavailable ranges
[    0.018649] On node 0, zone DMA: 97 pages in unavailable ranges
[    0.023195] On node 0, zone DMA32: 32 pages in unavailable ranges
[    0.032125] kasan: KernelAddressSanitizer initialized
[    0.032693] ACPI: PM-Timer IO Port: 0x608
[    0.032980] ACPI: LAPIC_NMI (acpi_id[0xff] dfl dfl lint[0x1])
[    0.033420] IOAPIC[0]: apic_id 0, version 17, address 0xfec00000, GSI 0-23
[    0.033893] ACPI: INT_SRC_OVR (bus 0 bus_irq 0 global_irq 2 dfl dfl)
[    0.034331] ACPI: INT_SRC_OVR (bus 0 bus_irq 5 global_irq 5 high level)
[    0.034785] ACPI: INT_SRC_OVR (bus 0 bus_irq 9 global_irq 9 high level)
[    0.035240] ACPI: INT_SRC_OVR (bus 0 bus_irq 10 global_irq 10 high level)
[    0.035707] ACPI: INT_SRC_OVR (bus 0 bus_irq 11 global_irq 11 high level)
[    0.036175] ACPI: Using ACPI (MADT) for SMP configuration information
[    0.036617] ACPI: HPET id: 0x8086a201 base: 0xfed00000
[    0.036972] TSC deadline timer available
[    0.037246] CPU topo: Max. logical packages:   1
[    0.037563] CPU topo: Max. logical dies:       1
[    0.037881] CPU topo: Max. dies per package:   1
[    0.038200] CPU topo: Max. threads per core:   1
[    0.038518] CPU topo: Num. cores per package:    32
[    0.038853] CPU topo: Num. threads per package:  32
[    0.039188] CPU topo: Allowing 32 present CPUs plus 0 hotplug CPUs
[    0.039626] kvm-guest: APIC: eoi() replaced with kvm_guest_apic_eoi_write()
[    0.040117] kvm-guest: KVM setup pv remote TLB flush
[    0.040459] kvm-guest: setup PV sched yield
[    0.040753] PM: hibernation: Registered nosave memory: [mem 0x00000000-0x00000fff]
[    0.041277] PM: hibernation: Registered nosave memory: [mem 0x0009f000-0x0009ffff]
[    0.041797] PM: hibernation: Registered nosave memory: [mem 0x000a0000-0x000effff]
[    0.042318] PM: hibernation: Registered nosave memory: [mem 0x000f0000-0x000fffff]
[    0.042839] [mem 0x40000000-0xfeffbfff] available for PCI devices
[    0.043258] Booting paravirtualized kernel on KVM
[    0.043583] clocksource: refined-jiffies: mask: 0xffffffff max_cycles: 0xffffffff, max_idle_ns: 1910969940391419 ns
[    0.052009] setup_percpu: NR_CPUS:64 nr_cpumask_bits:32 nr_cpu_ids:32 nr_node_ids:1
[    0.053753] percpu: Embedded 70 pages/cpu s247960 r8192 d30568 u524288
[    0.054270] Kernel command line: virtme_hostname=virtme-ng nr_open=1048576 virtme_link_mods=/nipa-data/kernel/.virtme_mods/lib/modules/0.0.0 virtme_initmount0=nipa-data/kernel virtme_rw_overlay0=/etc virtme_rw_overlay1=/lib virtme_rw_overlay2=/home virtme_rw_overlay3=/opt virtme_rw_overlay4=/srv virtme_rw_overlay5=/usr virtme_rw_overlay6=/var console=hvc0 earlyprintk=serial,ttyS0,115200 virtme_console=ttyS0 psmouse.proto=exps TERM=xterm virtme_chdir=nipa-data/kernel virtme_root_user=1 rootfstype=9p rootflags=version=9p2000.L,trans=virtio,access=any raid=noautodetect ro init=/usr/lib/python3/dist-packages/virtme/guest/virtme-init
[    0.058347] Unknown kernel command line parameters "virtme_hostname=virtme-ng nr_open=1048576 virtme_link_mods=/nipa-data/kernel/.virtme_mods/lib/modules/0.0.0 virtme_initmount0=nipa-data/kernel virtme_rw_overlay0=/etc virtme_rw_overlay1=/lib virtme_rw_overlay2=/home virtme_rw_overlay3=/opt virtme_rw_overlay4=/srv virtme_rw_overlay5=/usr virtme_rw_overlay6=/var virtme_console=ttyS0 virtme_chdir=nipa-data/kernel virtme_root_user=1", will be passed to user space.
[    0.061423] random: crng init done
[    0.061664] printk: log buffer data + meta data: 262144 + 917504 = 1179648 bytes
[    0.062219] Dentry cache hash table entries: 131072 (order: 8, 1048576 bytes, linear)
[    0.062789] Inode-cache hash table entries: 65536 (order: 7, 524288 bytes, linear)
[    0.063741] Fallback order for Node 0: 0 
[    0.063745] Built 1 zonelists, mobility grouping on.  Total pages: 262014
[    0.064508] Policy zone: DMA32
[    0.064723] mem auto-init: stack:all(zero), heap alloc:off, heap free:off
[    0.065212] stackdepot: allocating hash table via alloc_large_system_hash
[    0.065692] stackdepot hash table entries: 1048576 (order: 12, 16777216 bytes, linear)
[    0.073601] SLUB: HWalign=64, Order=0-3, MinObjects=0, CPUs=32, Nodes=1
Poking KASLR using RDRAND RDTSC...
[    0.074369] ftrace: allocating 49095 entries in 192 pages
[    0.091486] ftrace: allocated 192 pages with 2 groups
[    0.092666] Dynamic Preempt: voluntary
[    0.093366] rcu: Preemptible hierarchical RCU implementation.
[    0.093771] rcu: RCU event tracing is enabled.
[    0.094089] rcu: RCU restricting CPUs from NR_CPUS=64 to nr_cpu_ids=32.
[    0.094561] Trampoline variant of Tasks RCU enabled.
[    0.094916] Rude variant of Tasks RCU enabled.
[    0.095234] Tracing variant of Tasks RCU enabled.
[    0.095570] rcu: RCU calculated value of scheduler-enlistment delay is 100 jiffies.
[    0.096108] rcu: Adjusting geometry for rcu_fanout_leaf=16, nr_cpu_ids=32
[    0.096648] RCU Tasks: Setting shift to 5 and lim to 1 rcu_task_cb_adjust=1 rcu_task_cpu_ids=32.
[    0.097277] RCU Tasks Rude: Setting shift to 5 and lim to 1 rcu_task_cb_adjust=1 rcu_task_cpu_ids=32.
[    0.097926] RCU Tasks Trace: Setting shift to 5 and lim to 1 rcu_task_cb_adjust=1 rcu_task_cpu_ids=32.
[    0.107265] NR_IRQS: 4352, nr_irqs: 680, preallocated irqs: 16
[    0.107922] rcu: srcu_init: Setting srcu_struct sizes based on contention.
[    0.108614] Console: colour *CGA 80x25
[    0.108908] ACPI: Core revision 20240827
[    0.109336] clocksource: hpet: mask: 0xffffffff max_cycles: 0xffffffff, max_idle_ns: 19112604467 ns
[    0.110046] APIC: Switch to symmetric I/O mode setup
[    0.110419] kvm-guest: APIC: send_IPI_mask() replaced with kvm_send_ipi_mask()
[    0.110933] kvm-guest: APIC: send_IPI_mask_allbutself() replaced with kvm_send_ipi_mask_allbutself()
[    0.111556] kvm-guest: setup PV IPIs
[    0.112634] ..TIMER: vector=0x30 apic1=0 pin1=2 apic2=-1 pin2=-1
[    0.113419] clocksource: tsc-early: mask: 0xffffffffffffffff max_cycles: 0x40be4320a4d, max_idle_ns: 440795288133 ns
[    0.114746] Calibrating delay loop (skipped) preset value.. 8983.12 BogoMIPS (lpj=4491560)
[    0.115809] x86/cpu: User Mode Instruction Prevention (UMIP) activated
[    0.116802] Last level iTLB entries: 4KB 512, 2MB 255, 4MB 127
[    0.117745] Last level dTLB entries: 4KB 512, 2MB 255, 4MB 127, 1GB 0
[    0.118750] Spectre V1 : Mitigation: usercopy/swapgs barriers and __user pointer sanitization
[    0.119749] Spectre V2 : Mitigation: Enhanced / Automatic IBRS
[    0.120745] Spectre V2 : Spectre v2 / SpectreRSB mitigation: Filling RSB on context switch
[    0.121747] Spectre V2 : mitigation: Enabling conditional Indirect Branch Prediction Barrier
[    0.122747] Speculative Store Bypass: Mitigation: Speculative Store Bypass disabled via prctl
[    0.123745] Speculative Return Stack Overflow: IBPB-extending microcode not applied!
[    0.124745] Speculative Return Stack Overflow: WARNING: See https://kernel.org/doc/html/latest/admin-guide/hw-vuln/srso.html for mitigation options.
[    0.124746] Speculative Return Stack Overflow: Vulnerable: Safe RET, no microcode
[    0.126759] x86/fpu: Supporting XSAVE feature 0x001: 'x87 floating point registers'
[    0.127745] x86/fpu: Supporting XSAVE feature 0x002: 'SSE registers'
[    0.128745] x86/fpu: Supporting XSAVE feature 0x004: 'AVX registers'
[    0.129745] x86/fpu: Supporting XSAVE feature 0x020: 'AVX-512 opmask'
[    0.130516] x86/fpu: Supporting XSAVE feature 0x040: 'AVX-512 Hi256'
[    0.130745] x86/fpu: Supporting XSAVE feature 0x080: 'AVX-512 ZMM_Hi256'
[    0.131745] x86/fpu: Supporting XSAVE feature 0x200: 'Protection Keys User registers'
[    0.132745] x86/fpu: xstate_offset[2]:  576, xstate_sizes[2]:  256
[    0.133745] x86/fpu: xstate_offset[5]:  832, xstate_sizes[5]:   64
[    0.134488] x86/fpu: xstate_offset[6]:  896, xstate_sizes[6]:  512
[    0.134745] x86/fpu: xstate_offset[7]: 1408, xstate_sizes[7]: 1024
[    0.135745] x86/fpu: xstate_offset[9]: 2432, xstate_sizes[9]:    8
[    0.136745] x86/fpu: Enabled xstate features 0x2e7, context size is 2440 bytes, using 'compacted' format.
[    0.157957] Freeing SMP alternatives memory: 40K
[    0.158521] pid_max: default: 32768 minimum: 301
[    0.158864] Mount-cache hash table entries: 2048 (order: 2, 16384 bytes, linear)
[    0.159746] Mountpoint-cache hash table entries: 2048 (order: 2, 16384 bytes, linear)
[    0.161349] smpboot: CPU0: AMD Ryzen 9 7950X 16-Core Processor (family: 0x19, model: 0x61, stepping: 0x2)
[    0.162197] Performance Events: Fam17h+ core perfctr, AMD PMU driver.
[    0.162749] ... version:                0
[    0.163228] ... bit width:              48
[    0.163717] ... generic registers:      6
[    0.163747] ... value mask:             0000ffffffffffff
[    0.164397] ... max period:             00007fffffffffff
[    0.164747] ... fixed-purpose events:   0
[    0.165224] ... event mask:             000000000000003f
[    0.165853] signal: max sigframe size: 3376
[    0.166396] rcu: Hierarchical SRCU implementation.
[    0.166747] rcu: Max phase no-delay instances is 400.
[    0.167437] Timer migration: 2 hierarchy levels; 8 children per group; 2 crossnode level
[    0.171386] smp: Bringing up secondary CPUs ...
[    0.171923] smpboot: x86: Booting SMP configuration:
[    0.172517] .... node  #0, CPUs:        #1  #2  #3  #4  #5  #6  #7  #8  #9 #10 #11 #12 #13 #14 #15 #16 #17 #18 #19 #20 #21 #22 #23 #24 #25 #26 #27 #28 #29 #30 #31
[    0.197748] smp: Brought up 1 node, 32 CPUs
[    0.199257] smpboot: Total of 32 processors activated (287459.84 BogoMIPS)
[    0.202877] Memory: 763144K/1048056K available (44267K kernel code, 11500K rwdata, 10160K rodata, 6120K init, 1516K bss, 269016K reserved, 0K cma-reserved)
[    0.203863] devtmpfs: initialized
[    0.204381] x86/mm: Memory block size: 128MB
[    0.210489] clocksource: jiffies: mask: 0xffffffff max_cycles: 0xffffffff, max_idle_ns: 1911260446275000 ns
[    0.210751] futex hash table entries: 8192 (order: 7, 524288 bytes, linear)
[    0.211949] PM: RTC time: 00:27:42, date: 2025-03-02
[    0.213249] NET: Registered PF_NETLINK/PF_ROUTE protocol family
[    0.214602] thermal_sys: Registered thermal governor 'step_wise'
[    0.214630] cpuidle: using governor menu
[    0.216343] PCI: Using configuration type 1 for base access
[    0.216747] PCI: Using configuration type 1 for extended access
[    0.217599] kprobes: kprobe jump-optimization is enabled. All kprobes are optimized if possible.
[    0.234834] HugeTLB: registered 1.00 GiB page size, pre-allocated 0 pages
[    0.235747] HugeTLB: 16380 KiB vmemmap can be freed for a 1.00 GiB page
[    0.236554] HugeTLB: registered 2.00 MiB page size, pre-allocated 0 pages
[    0.236747] HugeTLB: 28 KiB vmemmap can be freed for a 2.00 MiB page
[    0.238057] ACPI: Added _OSI(Module Device)
[    0.238588] ACPI: Added _OSI(Processor Device)
[    0.238747] ACPI: Added _OSI(3.0 _SCP Extensions)
[    0.239319] ACPI: Added _OSI(Processor Aggregator Device)
[    0.261762] ACPI: 1 ACPI AML tables successfully acquired and loaded
[    0.266241] ACPI: Interpreter enabled
[    0.266760] ACPI: PM: (supports S0 S3 S4 S5)
[    0.267283] ACPI: Using IOAPIC for interrupt routing
[    0.267794] PCI: Using host bridge windows from ACPI; if necessary, use "pci=nocrs" and report a bug
[    0.268747] PCI: Using E820 reservations for host bridge windows
[    0.270484] ACPI: Enabled 2 GPEs in block 00 to 0F
[    0.315235] ACPI: PCI Root Bridge [PCI0] (domain 0000 [bus 00-ff])
[    0.315761] acpi PNP0A03:00: _OSC: OS supports [ExtendedConfig ASPM ClockPM Segments MSI HPX-Type3]
[    0.317215] PCI host bridge to bus 0000:00
[    0.317767] pci_bus 0000:00: root bus resource [io  0x0000-0x0cf7 window]
[    0.318593] pci_bus 0000:00: root bus resource [io  0x0d00-0xffff window]
[    0.318749] pci_bus 0000:00: root bus resource [mem 0x000a0000-0x000bffff window]
[    0.319664] pci_bus 0000:00: root bus resource [mem 0x40000000-0xfebfffff window]
[    0.319749] pci_bus 0000:00: root bus resource [mem 0x100000000-0x17fffffff window]
[    0.320679] pci_bus 0000:00: root bus resource [bus 00-ff]
[    0.320840] pci 0000:00:00.0: [8086:1237] type 00 class 0x060000 conventional PCI endpoint
[    0.322594] pci 0000:00:01.0: [8086:7000] type 00 class 0x060100 conventional PCI endpoint
[    0.323565] pci 0000:00:01.1: [8086:7010] type 00 class 0x010180 conventional PCI endpoint
[    0.324130] pci 0000:00:01.1: BAR 4 [io  0xc0c0-0xc0cf]
[    0.324769] pci 0000:00:01.1: BAR 0 [io  0x01f0-0x01f7]: legacy IDE quirk
[    0.325592] pci 0000:00:01.1: BAR 1 [io  0x03f6]: legacy IDE quirk
[    0.325747] pci 0000:00:01.1: BAR 2 [io  0x0170-0x0177]: legacy IDE quirk
[    0.326571] pci 0000:00:01.1: BAR 3 [io  0x0376]: legacy IDE quirk
[    0.327386] pci 0000:00:01.3: [8086:7113] type 00 class 0x068000 conventional PCI endpoint
[    0.327966] pci 0000:00:01.3: quirk: [io  0x0600-0x063f] claimed by PIIX4 ACPI
[    0.328751] pci 0000:00:01.3: quirk: [io  0x0700-0x070f] claimed by PIIX4 SMB
[    0.330320] pci 0000:00:02.0: [1af4:1009] type 00 class 0x000200 conventional PCI endpoint
[    0.331487] pci 0000:00:02.0: BAR 0 [io  0xc000-0xc03f]
[    0.331751] pci 0000:00:02.0: BAR 1 [mem 0xfebfc000-0xfebfcfff]
[    0.332490] pci 0000:00:02.0: BAR 4 [mem 0xfebf0000-0xfebf3fff 64bit pref]
[    0.343595] pci 0000:00:03.0: [1af4:1009] type 00 class 0x000200 conventional PCI endpoint
[    0.344558] pci 0000:00:03.0: BAR 0 [io  0xc040-0xc07f]
[    0.344752] pci 0000:00:03.0: BAR 1 [mem 0xfebfd000-0xfebfdfff]
[    0.345492] pci 0000:00:03.0: BAR 4 [mem 0xfebf4000-0xfebf7fff 64bit pref]
[    0.356581] pci 0000:00:04.0: [8086:25ab] type 00 class 0x088000 conventional PCI endpoint
[    0.356992] pci 0000:00:04.0: BAR 0 [mem 0xfebfe000-0xfebfe00f]
[    0.368365] pci 0000:00:05.0: [1af4:1003] type 00 class 0x078000 conventional PCI endpoint
[    0.369205] pci 0000:00:05.0: BAR 0 [io  0xc080-0xc0bf]
[    0.369751] pci 0000:00:05.0: BAR 1 [mem 0xfebff000-0xfebfffff]
[    0.370490] pci 0000:00:05.0: BAR 4 [mem 0xfebf8000-0xfebfbfff 64bit pref]
[    0.383736] ACPI: PCI: Interrupt link LNKA configured for IRQ 10
[    0.384640] ACPI: PCI: Interrupt link LNKB configured for IRQ 10
[    0.385625] ACPI: PCI: Interrupt link LNKC configured for IRQ 11
[    0.386612] ACPI: PCI: Interrupt link LNKD configured for IRQ 11
[    0.387111] ACPI: PCI: Interrupt link LNKS configured for IRQ 9
[    0.405036] iommu: Default domain type: Translated
[    0.405634] iommu: DMA domain TLB invalidation policy: lazy mode
[    0.406179] SCSI subsystem initialized
[    0.406964] pps_core: LinuxPPS API ver. 1 registered
[    0.407574] pps_core: Software ver. 5.3.6 - Copyright 2005-2007 Rodolfo Giometti <giometti@linux.it>
[    0.407761] PTP clock support registered
[    0.408312] Advanced Linux Sound Architecture Driver Initialized.
[    0.409715] NET: Registered PF_ATMPVC protocol family
[    0.409747] NET: Registered PF_ATMSVC protocol family
[    0.410400] PCI: Using ACPI for IRQ routing
[    0.410872] vgaarb: loaded
[    0.411109] hpet0: at MMIO 0xfed00000, IRQs 2, 8, 0
[    0.411748] hpet0: 3 comparators, 64-bit 100.000000 MHz counter
[    0.414945] clocksource: Switched to clocksource kvm-clock
[    0.415928] VFS: Disk quotas dquot_6.6.0
[    0.416427] VFS: Dquot-cache hash table entries: 512 (order 0, 4096 bytes)
[    0.417960] pnp: PnP ACPI init
[    0.420569] pnp: PnP ACPI: found 5 devices
[    0.432221] clocksource: acpi_pm: mask: 0xffffff max_cycles: 0xffffff, max_idle_ns: 2085701024 ns
[    0.433363] NET: Registered PF_INET protocol family
[    0.433995] IP idents hash table entries: 16384 (order: 5, 131072 bytes, linear)
[    0.435262] tcp_listen_portaddr_hash hash table entries: 512 (order: 1, 8192 bytes, linear)
[    0.436291] Table-perturb hash table entries: 65536 (order: 6, 262144 bytes, linear)
[    0.437255] TCP established hash table entries: 8192 (order: 4, 65536 bytes, linear)
[    0.438203] TCP bind hash table entries: 8192 (order: 6, 262144 bytes, linear)
[    0.439087] TCP: Hash tables configured (established 8192 bind 8192)
[    0.440012] UDP hash table entries: 512 (order: 3, 32768 bytes, linear)
[    0.440820] UDP-Lite hash table entries: 512 (order: 3, 32768 bytes, linear)
[    0.441879] NET: Registered PF_UNIX/PF_LOCAL protocol family
[    0.442587] pci_bus 0000:00: resource 4 [io  0x0000-0x0cf7 window]
[    0.443340] pci_bus 0000:00: resource 5 [io  0x0d00-0xffff window]
[    0.444090] pci_bus 0000:00: resource 6 [mem 0x000a0000-0x000bffff window]
[    0.444921] pci_bus 0000:00: resource 7 [mem 0x40000000-0xfebfffff window]
[    0.445754] pci_bus 0000:00: resource 8 [mem 0x100000000-0x17fffffff window]
[    0.446802] pci 0000:00:01.0: PIIX3: Enabling Passive Release
[    0.447507] pci 0000:00:00.0: Limiting direct PCI/PCI transfers
[    0.448260] PCI: CLS 0 bytes, default 64
[    0.448812] kvm_intel: VMX not supported by CPU 0
[    0.449530] kvm_amd: TSC scaling supported
[    0.450030] kvm_amd: Nested Virtualization enabled
[    0.450619] kvm_amd: Nested Paging enabled
[    0.451116] kvm_amd: LBR virtualization supported
[    0.451701] kvm_amd: Virtual GIF supported
[    0.452199] kvm_amd: Virtual NMI enabled
[    0.484789] clocksource: tsc: mask: 0xffffffffffffffff max_cycles: 0x40be4320a4d, max_idle_ns: 440795288133 ns
[    0.503846] Initialise system trusted keyrings
[    0.504569] workingset: timestamp_bits=56 max_order=18 bucket_order=0
[    0.505481] squashfs: version 4.0 (2009/01/31) Phillip Lougher
[    0.506216] fuse: init (API version 7.42)
[    0.506836] 9p: Installing v9fs 9p2000 file system support
[    0.516424] Key type asymmetric registered
[    0.516932] Asymmetric key parser 'x509' registered
[    0.517594] Block layer SCSI generic (bsg) driver version 0.4 loaded (major 249)
[    0.518538] io scheduler mq-deadline registered
[    0.519092] io scheduler kyber registered
[    0.521720] input: Power Button as /devices/LNXSYSTM:00/LNXPWRBN:00/input/input0
[    0.522828] ACPI: button: Power Button [PWRF]
[    0.524657] Warning: Processor Platform Limit event detected, but not handled.
[    0.525550] Consider compiling CPUfreq support into your kernel.
[    1.315941] ACPI: \_SB_.LNKB: Enabled at IRQ 10
[    2.099014] ACPI: \_SB_.LNKC: Enabled at IRQ 11
[    2.881442] ACPI: \_SB_.LNKA: Enabled at IRQ 10
[    2.882813] Serial: 8250/16550 driver, 4 ports, IRQ sharing enabled
[    2.883936] 00:03: ttyS0 at I/O 0x3f8 (irq = 4, base_baud = 115200) is a 16550A
[    2.908147] Non-volatile memory driver v1.3
[    2.908690] Linux agpgart interface v0.103
[    2.909370] ACPI: bus type drm_connector registered
[    2.909999] printk: legacy console [hvc0] enabled
[    2.910615] printk: legacy bootconsole [earlyser0] disabled
          _      _                                    
   __   _(_)_ __| |_ _ __ ___   ___       _ __   __ _ 
   \ \ / / |  __| __|  _   _ \ / _ \_____|  _ \ / _  |
    \ V /| | |  | |_| | | | | |  __/_____| | | | (_| |
     \_/ |_|_|   \__|_| |_| |_|\___|     |_| |_|\__  |
                                                |___/ 
   kernel version: 6.14.0-rc4-virtme x86_64
   (CTRL+d to exit)

root@virtme-ng:/nipa-data/kernel# PS1='xx__-> '
xx__-> env
PWD=/nipa-data/kernel
nr_open=1048576
HOME=/
TERM=xterm
SHLVL=2
XDG_RUNTIME_DIR=/run/user/0
PATH=/bin:/sbin:/usr/bin:/usr/sbin:/usr/local/bin
OLDPWD=/
_=/bin/env
xx__-> 