No EFI environment detected.
early console in extract_kernel
input_data: 0x00000000029f92b9
input_len: 0x0000000000ad481e
output: 0x0000000001000000
output_len: 0x0000000002488690
kernel_total_size: 0x0000000002230000
needed_size: 0x0000000002600000
trampoline_32bit: 0x0000000000000000
Physical KASLR using RDRAND RDTSC...
Virtual KASLR using RDRAND RDTSC...

Decompressing Linux... Parsing ELF... Performing relocations... done.
Booting the kernel (entry_offset: 0x0000000000000000).
[    0.000000] Linux version 6.8.0-rc5-virtme (root@beb34224adcc) (gcc (Alpine 13.2.1_git20231014) 13.2.1 20231014, GNU ld (GNU Binutils) 2.42) #1 SMP PREEMPT_DYNAMIC Sun Feb 25 12:06:11 UTC 2024
[    0.000000] Command line: virtme_hostname=virtme-ng virtme_link_mods=/nipa-data/kernel/.virtme_mods/lib/modules/0.0.0 virtme_initmount0=nipa-data/kernel virtme_rw_overlay0=/etc virtme_rw_overlay1=/lib virtme_rw_overlay2=/home virtme_rw_overlay3=/opt virtme_rw_overlay4=/srv virtme_rw_overlay5=/usr virtme_rw_overlay6=/var earlyprintk=serial,ttyS0,115200 console=ttyS0 psmouse.proto=exps TERM=xterm virtme_chdir=nipa-data/kernel virtme_root_user=1 rootfstype=9p rootflags=version=9p2000.L,trans=virtio,access=any raid=noautodetect ro init=/usr/lib/python3.11/site-packages/virtme/guest/virtme-init
[    0.000000] BIOS-provided physical RAM map:
[    0.000000] BIOS-e820: [mem 0x0000000000000000-0x000000000009fbff] usable
[    0.000000] BIOS-e820: [mem 0x000000000009fc00-0x000000000009ffff] reserved
[    0.000000] BIOS-e820: [mem 0x00000000000f0000-0x00000000000fffff] reserved
[    0.000000] BIOS-e820: [mem 0x0000000000100000-0x000000003ffdffff] usable
[    0.000000] BIOS-e820: [mem 0x000000003ffe0000-0x000000003fffffff] reserved
[    0.000000] BIOS-e820: [mem 0x00000000feffc000-0x00000000feffffff] reserved
[    0.000000] BIOS-e820: [mem 0x00000000fffc0000-0x00000000ffffffff] reserved
[    0.000000] BIOS-e820: [mem 0x000000fd00000000-0x000000ffffffffff] reserved
[    0.000000] printk: legacy bootconsole [earlyser0] enabled
[    0.000000] NX (Execute Disable) protection: active
[    0.000000] APIC: Static calls initialized
[    0.000000] SMBIOS 3.0.0 present.
[    0.000000] DMI: QEMU Standard PC (i440FX + PIIX, 1996), BIOS rel-1.16.3-0-ga6ed6b701f0a-prebuilt.qemu.org 04/01/2014
[    0.000000] Hypervisor detected: KVM
[    0.000000] kvm-clock: Using msrs 4b564d01 and 4b564d00
[    0.000000] kvm-clock: using sched offset of 246856813 cycles
[    0.000397] clocksource: kvm-clock: mask: 0xffffffffffffffff max_cycles: 0x1cd42e4dffb, max_idle_ns: 881590591483 ns
[    0.001644] tsc: Detected 4491.536 MHz processor
[    0.002274] last_pfn = 0x3ffe0 max_arch_pfn = 0x400000000
[    0.002709] MTRR map: 4 entries (3 fixed + 1 variable; max 19), built from 8 variable MTRRs
[    0.003350] x86/PAT: Configuration [0-7]: WB  WC  UC- UC  WB  WP  UC- WT  
Memory KASLR using RDRAND RDTSC...
[    0.005472] found SMP MP-table at [mem 0x000f5470-0x000f547f]
[    0.005932] Using GB pages for direct mapping
[    0.006294] ACPI: Early table checksum verification disabled
[    0.006730] ACPI: RSDP 0x00000000000F5290 000014 (v00 BOCHS )
[    0.007221] ACPI: RSDT 0x000000003FFE27B6 000034 (v01 BOCHS  BXPC     00000001 BXPC 00000001)
[    0.007941] ACPI: FACP 0x000000003FFE2572 000074 (v01 BOCHS  BXPC     00000001 BXPC 00000001)
[    0.008597] ACPI: DSDT 0x000000003FFE0040 002532 (v01 BOCHS  BXPC     00000001 BXPC 00000001)
[    0.009251] ACPI: FACS 0x000000003FFE0000 000040
[    0.009608] ACPI: APIC 0x000000003FFE25E6 000170 (v03 BOCHS  BXPC     00000001 BXPC 00000001)
[    0.010278] ACPI: HPET 0x000000003FFE2756 000038 (v01 BOCHS  BXPC     00000001 BXPC 00000001)
[    0.010928] ACPI: WAET 0x000000003FFE278E 000028 (v01 BOCHS  BXPC     00000001 BXPC 00000001)
[    0.011580] ACPI: Reserving FACP table memory at [mem 0x3ffe2572-0x3ffe25e5]
[    0.012115] ACPI: Reserving DSDT table memory at [mem 0x3ffe0040-0x3ffe2571]
[    0.012650] ACPI: Reserving FACS table memory at [mem 0x3ffe0000-0x3ffe003f]
[    0.013185] ACPI: Reserving APIC table memory at [mem 0x3ffe25e6-0x3ffe2755]
[    0.013720] ACPI: Reserving HPET table memory at [mem 0x3ffe2756-0x3ffe278d]
[    0.014270] ACPI: Reserving WAET table memory at [mem 0x3ffe278e-0x3ffe27b5]
[    0.014953] No NUMA configuration found
[    0.015254] Faking a node at [mem 0x0000000000000000-0x000000003ffdffff]
[    0.015765] NODE_DATA(0) allocated [mem 0x3ffdb000-0x3ffdffff]
[    0.016219] Zone ranges:
[    0.016411]   DMA      [mem 0x0000000000001000-0x0000000000ffffff]
[    0.016880]   DMA32    [mem 0x0000000001000000-0x000000003ffdffff]
[    0.017349]   Normal   empty
[    0.017568]   Device   empty
[    0.017786] Movable zone start for each node
[    0.018124] Early memory node ranges
[    0.018395]   node   0: [mem 0x0000000000001000-0x000000000009efff]
[    0.018870]   node   0: [mem 0x0000000000100000-0x000000003ffdffff]
[    0.019354] Initmem setup node 0 [mem 0x0000000000001000-0x000000003ffdffff]
[    0.019892] On node 0, zone DMA: 1 pages in unavailable ranges
[    0.020344] On node 0, zone DMA: 97 pages in unavailable ranges
[    0.021806] On node 0, zone DMA32: 32 pages in unavailable ranges
[    0.022484] ACPI: PM-Timer IO Port: 0x608
[    0.022791] ACPI: LAPIC_NMI (acpi_id[0xff] dfl dfl lint[0x1])
[    0.023253] IOAPIC[0]: apic_id 0, version 17, address 0xfec00000, GSI 0-23
[    0.023774] ACPI: INT_SRC_OVR (bus 0 bus_irq 0 global_irq 2 dfl dfl)
[    0.024256] ACPI: INT_SRC_OVR (bus 0 bus_irq 5 global_irq 5 high level)
[    0.024757] ACPI: INT_SRC_OVR (bus 0 bus_irq 9 global_irq 9 high level)
[    0.025259] ACPI: INT_SRC_OVR (bus 0 bus_irq 10 global_irq 10 high level)
[    0.025775] ACPI: INT_SRC_OVR (bus 0 bus_irq 11 global_irq 11 high level)
[    0.026309] ACPI: Using ACPI (MADT) for SMP configuration information
[    0.026796] ACPI: HPET id: 0x8086a201 base: 0xfed00000
[    0.027193] TSC deadline timer available
[    0.027489] smpboot: Allowing 32 CPUs, 0 hotplug CPUs
[    0.027884] kvm-guest: APIC: eoi() replaced with kvm_guest_apic_eoi_write()
[    0.028423] kvm-guest: KVM setup pv remote TLB flush
[    0.028802] kvm-guest: setup PV sched yield
[    0.029124] PM: hibernation: Registered nosave memory: [mem 0x00000000-0x00000fff]
[    0.029697] PM: hibernation: Registered nosave memory: [mem 0x0009f000-0x0009ffff]
[    0.030291] PM: hibernation: Registered nosave memory: [mem 0x000a0000-0x000effff]
[    0.030865] PM: hibernation: Registered nosave memory: [mem 0x000f0000-0x000fffff]
[    0.031446] [mem 0x40000000-0xfeffbfff] available for PCI devices
[    0.031908] Booting paravirtualized kernel on KVM
[    0.032266] clocksource: refined-jiffies: mask: 0xffffffff max_cycles: 0xffffffff, max_idle_ns: 1910969940391419 ns
[    0.035975] setup_percpu: NR_CPUS:64 nr_cpumask_bits:32 nr_cpu_ids:32 nr_node_ids:1
[    0.037200] percpu: Embedded 56 pages/cpu s191784 r8192 d29400 u262144
[    0.037786] Kernel command line: virtme_hostname=virtme-ng virtme_link_mods=/nipa-data/kernel/.virtme_mods/lib/modules/0.0.0 virtme_initmount0=nipa-data/kernel virtme_rw_overlay0=/etc virtme_rw_overlay1=/lib virtme_rw_overlay2=/home virtme_rw_overlay3=/opt virtme_rw_overlay4=/srv virtme_rw_overlay5=/usr virtme_rw_overlay6=/var earlyprintk=serial,ttyS0,115200 console=ttyS0 psmouse.proto=exps TERM=xterm virtme_chdir=nipa-data/kernel virtme_root_user=1 rootfstype=9p rootflags=version=9p2000.L,trans=virtio,access=any raid=noautodetect ro init=/usr/lib/python3.11/site-packages/virtme/guest/virtme-init
[    0.042039] Unknown kernel command line parameters "virtme_hostname=virtme-ng virtme_link_mods=/nipa-data/kernel/.virtme_mods/lib/modules/0.0.0 virtme_initmount0=nipa-data/kernel virtme_rw_overlay0=/etc virtme_rw_overlay1=/lib virtme_rw_overlay2=/home virtme_rw_overlay3=/opt virtme_rw_overlay4=/srv virtme_rw_overlay5=/usr virtme_rw_overlay6=/var virtme_chdir=nipa-data/kernel virtme_root_user=1", will be passed to user space.
[    0.045195] random: crng init done
[    0.045547] Dentry cache hash table entries: 131072 (order: 8, 1048576 bytes, linear)
[    0.046304] Inode-cache hash table entries: 65536 (order: 7, 524288 bytes, linear)
[    0.047097] Fallback order for Node 0: 0 
[    0.047100] Built 1 zonelists, mobility grouping on.  Total pages: 257760
[    0.047960] Policy zone: DMA32
[    0.048199] mem auto-init: stack:all(zero), heap alloc:off, heap free:off
[    0.049580] Memory: 986884K/1048056K available (16384K kernel code, 2349K rwdata, 5932K rodata, 2992K init, 2336K bss, 60912K reserved, 0K cma-reserved)
[    0.050692] SLUB: HWalign=64, Order=0-3, MinObjects=0, CPUs=32, Nodes=1
Poking KASLR using RDRAND RDTSC...
[    0.051476] ftrace: allocating 46285 entries in 181 pages
[    0.058538] ftrace: allocated 181 pages with 5 groups
[    0.059564] Dynamic Preempt: voluntary
[    0.059994] rcu: Preemptible hierarchical RCU implementation.
[    0.060444] rcu: RCU event tracing is enabled.
[    0.060796] rcu: RCU restricting CPUs from NR_CPUS=64 to nr_cpu_ids=32.
[    0.061328] Trampoline variant of Tasks RCU enabled.
[    0.061721] Rude variant of Tasks RCU enabled.
[    0.062085] Tracing variant of Tasks RCU enabled.
[    0.062458] rcu: RCU calculated value of scheduler-enlistment delay is 100 jiffies.
[    0.063063] rcu: Adjusting geometry for rcu_fanout_leaf=16, nr_cpu_ids=32
[    0.064920] NR_IRQS: 4352, nr_irqs: 680, preallocated irqs: 16
[    0.065627] rcu: srcu_init: Setting srcu_struct sizes based on contention.
[    0.066314] Console: colour *CGA 80x25
[    0.066622] printk: legacy console [ttyS0] enabled
[    0.066622] printk: legacy console [ttyS0] enabled
[    0.067375] printk: legacy bootconsole [earlyser0] disabled
[    0.067375] printk: legacy bootconsole [earlyser0] disabled
[    0.068289] ACPI: Core revision 20230628
[    0.068769] clocksource: hpet: mask: 0xffffffff max_cycles: 0xffffffff, max_idle_ns: 19112604467 ns
[    0.069550] APIC: Switch to symmetric I/O mode setup
[    0.069965] APIC: Switched APIC routing to: physical flat
[    0.070389] kvm-guest: APIC: send_IPI_mask() replaced with kvm_send_ipi_mask()
[    0.070958] kvm-guest: APIC: send_IPI_mask_allbutself() replaced with kvm_send_ipi_mask_allbutself()
[    0.071677] kvm-guest: setup PV IPIs
[    0.072775] ..TIMER: vector=0x30 apic1=0 pin1=2 apic2=-1 pin2=-1
[    0.073628] tsc: Marking TSC unstable due to TSCs unsynchronized
[    0.074460] Calibrating delay loop (skipped) preset value.. 8983.07 BogoMIPS (lpj=4491536)
[    0.075517] x86/cpu: User Mode Instruction Prevention (UMIP) activated
[    0.076509] Last level iTLB entries: 4KB 512, 2MB 255, 4MB 127
[    0.077308] Last level dTLB entries: 4KB 512, 2MB 255, 4MB 127, 1GB 0
[    0.077461] Spectre V1 : Mitigation: usercopy/swapgs barriers and __user pointer sanitization
[    0.079459] Spectre V2 : Mitigation: Enhanced / Automatic IBRS
[    0.080260] Spectre V2 : Spectre v2 / SpectreRSB mitigation: Filling RSB on context switch
[    0.080459] Spectre V2 : mitigation: Enabling conditional Indirect Branch Prediction Barrier
[    0.081459] Speculative Store Bypass: Mitigation: Speculative Store Bypass disabled via prctl
[    0.082457] Speculative Return Stack Overflow: IBPB-extending microcode not applied!
[    0.083458] Speculative Return Stack Overflow: WARNING: See https://kernel.org/doc/html/latest/admin-guide/hw-vuln/srso.html for mitigation options.
[    0.083459] Speculative Return Stack Overflow: Vulnerable: Safe RET, no microcode
[    0.085474] x86/fpu: Supporting XSAVE feature 0x001: 'x87 floating point registers'
[    0.086457] x86/fpu: Supporting XSAVE feature 0x002: 'SSE registers'
[    0.087457] x86/fpu: Supporting XSAVE feature 0x004: 'AVX registers'
[    0.088457] x86/fpu: Supporting XSAVE feature 0x020: 'AVX-512 opmask'
[    0.089457] x86/fpu: Supporting XSAVE feature 0x040: 'AVX-512 Hi256'
[    0.090457] x86/fpu: Supporting XSAVE feature 0x080: 'AVX-512 ZMM_Hi256'
[    0.091457] x86/fpu: Supporting XSAVE feature 0x200: 'Protection Keys User registers'
[    0.092458] x86/fpu: xstate_offset[2]:  576, xstate_sizes[2]:  256
[    0.093457] x86/fpu: xstate_offset[5]:  832, xstate_sizes[5]:   64
[    0.094457] x86/fpu: xstate_offset[6]:  896, xstate_sizes[6]:  512
[    0.095457] x86/fpu: xstate_offset[7]: 1408, xstate_sizes[7]: 1024
[    0.096288] x86/fpu: xstate_offset[9]: 2432, xstate_sizes[9]:    8
[    0.096458] x86/fpu: Enabled xstate features 0x2e7, context size is 2440 bytes, using 'compacted' format.
[    0.112512] Freeing SMP alternatives memory: 40K
[    0.113142] pid_max: default: 32768 minimum: 301
[    0.113489] Mount-cache hash table entries: 2048 (order: 2, 16384 bytes, linear)
[    0.114458] Mountpoint-cache hash table entries: 2048 (order: 2, 16384 bytes, linear)
[    0.115631] smpboot: CPU0: AMD Ryzen 9 7950X 16-Core Processor (family: 0x19, model: 0x61, stepping: 0x2)
[    0.116551] RCU Tasks: Setting shift to 5 and lim to 1 rcu_task_cb_adjust=1.
[    0.117468] RCU Tasks Rude: Setting shift to 5 and lim to 1 rcu_task_cb_adjust=1.
[    0.118469] RCU Tasks Trace: Setting shift to 5 and lim to 1 rcu_task_cb_adjust=1.
[    0.119468] Performance Events: Fam17h+ core perfctr, AMD PMU driver.
[    0.120358] ... version:                0
[    0.120459] ... bit width:              48
[    0.121013] ... generic registers:      6
[    0.121459] ... value mask:             0000ffffffffffff
[    0.122175] ... max period:             00007fffffffffff
[    0.122459] ... fixed-purpose events:   0
[    0.122996] ... event mask:             000000000000003f
[    0.123532] signal: max sigframe size: 3376
[    0.124170] rcu: Hierarchical SRCU implementation.
[    0.124460] rcu: Max phase no-delay instances is 400.
[    0.127534] smp: Bringing up secondary CPUs ...
[    0.128198] smpboot: x86: Booting SMP configuration:
[    0.128460] .... node  #0, CPUs:        #1  #2  #3  #4  #5  #6  #7  #8  #9 #10 #11 #12 #13 #14 #15 #16 #17 #18 #19 #20 #21 #22 #23 #24 #25 #26 #27 #28 #29 #30 #31
[    0.145617] smp: Brought up 1 node, 32 CPUs
[    0.147027] smpboot: Max logical packages: 1
[    0.147459] smpboot: Total of 32 processors activated (287458.30 BogoMIPS)
[    0.154528] devtmpfs: initialized
[    0.154943] x86/mm: Memory block size: 128MB
[    0.156210] clocksource: jiffies: mask: 0xffffffff max_cycles: 0xffffffff, max_idle_ns: 1911260446275000 ns
[    0.156461] futex hash table entries: 8192 (order: 7, 524288 bytes, linear)
[    0.157662] PM: RTC time: 12:06:41, date: 2024-02-25
[    0.158864] NET: Registered PF_NETLINK/PF_ROUTE protocol family
[    0.159586] thermal_sys: Registered thermal governor 'step_wise'
[    0.159588] thermal_sys: Registered thermal governor 'user_space'
[    0.160436] cpuidle: using governor menu
[    0.161705] PCI: Using configuration type 1 for base access
[    0.162462] PCI: Using configuration type 1 for extended access
[    0.163324] kprobes: kprobe jump-optimization is enabled. All kprobes are optimized if possible.
[    0.178613] HugeTLB: registered 1.00 GiB page size, pre-allocated 0 pages
[    0.179459] HugeTLB: 16380 KiB vmemmap can be freed for a 1.00 GiB page
[    0.180365] HugeTLB: registered 2.00 MiB page size, pre-allocated 0 pages
[    0.180459] HugeTLB: 28 KiB vmemmap can be freed for a 2.00 MiB page
[    0.181640] ACPI: Added _OSI(Module Device)
[    0.182212] ACPI: Added _OSI(Processor Device)
[    0.182459] ACPI: Added _OSI(3.0 _SCP Extensions)
[    0.183161] ACPI: Added _OSI(Processor Aggregator Device)
[    0.184179] ACPI: 1 ACPI AML tables successfully acquired and loaded
[    0.188304] ACPI: _OSC evaluation for CPUs failed, trying _PDC
[    0.188598] ACPI: Interpreter enabled
[    0.189103] ACPI: PM: (supports S0 S3 S4 S5)
[    0.189459] ACPI: Using IOAPIC for interrupt routing
[    0.190152] PCI: Using host bridge windows from ACPI; if necessary, use "pci=nocrs" and report a bug
[    0.190459] PCI: Using E820 reservations for host bridge windows
[    0.191371] ACPI: Enabled 2 GPEs in block 00 to 0F
[    0.194112] ACPI: PCI Root Bridge [PCI0] (domain 0000 [bus 00-ff])
[    0.194462] acpi PNP0A03:00: _OSC: OS supports [ExtendedConfig ASPM ClockPM Segments MSI HPX-Type3]
[    0.195562] PCI host bridge to bus 0000:00
[    0.196109] pci_bus 0000:00: root bus resource [io  0x0000-0x0cf7 window]
[    0.196460] pci_bus 0000:00: root bus resource [io  0x0d00-0xffff window]
[    0.197398] pci_bus 0000:00: root bus resource [mem 0x000a0000-0x000bffff window]
[    0.197460] pci_bus 0000:00: root bus resource [mem 0x40000000-0xfebfffff window]
[    0.198459] pci_bus 0000:00: root bus resource [mem 0x100000000-0x17fffffff window]
[    0.199459] pci_bus 0000:00: root bus resource [bus 00-ff]
[    0.200327] pci 0000:00:00.0: [8086:1237] type 00 class 0x060000 conventional PCI endpoint
[    0.200722] pci 0000:00:01.0: [8086:7000] type 00 class 0x060100 conventional PCI endpoint
[    0.201796] pci 0000:00:01.1: [8086:7010] type 00 class 0x010180 conventional PCI endpoint
[    0.204690] pci 0000:00:01.1: BAR 4 [io  0xc080-0xc08f]
[    0.206180] pci 0000:00:01.1: BAR 0 [io  0x01f0-0x01f7]: legacy IDE quirk
[    0.206460] pci 0000:00:01.1: BAR 1 [io  0x03f6]: legacy IDE quirk
[    0.207319] pci 0000:00:01.1: BAR 2 [io  0x0170-0x0177]: legacy IDE quirk
[    0.207459] pci 0000:00:01.1: BAR 3 [io  0x0376]: legacy IDE quirk
[    0.208391] pci 0000:00:01.3: [8086:7113] type 00 class 0x068000 conventional PCI endpoint
[    0.208707] pci 0000:00:01.3: quirk: [io  0x0600-0x063f] claimed by PIIX4 ACPI
[    0.209463] pci 0000:00:01.3: quirk: [io  0x0700-0x070f] claimed by PIIX4 SMB
[    0.210585] pci 0000:00:02.0: [1af4:1009] type 00 class 0x000200 conventional PCI endpoint
[    0.212460] pci 0000:00:02.0: BAR 0 [io  0xc000-0xc03f]
[    0.214087] pci 0000:00:02.0: BAR 1 [mem 0xfebfd000-0xfebfdfff]
[    0.217460] pci 0000:00:02.0: BAR 4 [mem 0xfebf4000-0xfebf7fff 64bit pref]
[    0.220186] pci 0000:00:03.0: [1af4:1009] type 00 class 0x000200 conventional PCI endpoint
[    0.221460] pci 0000:00:03.0: BAR 0 [io  0xc040-0xc07f]
[    0.223460] pci 0000:00:03.0: BAR 1 [mem 0xfebfe000-0xfebfefff]
[    0.227136] pci 0000:00:03.0: BAR 4 [mem 0xfebf8000-0xfebfbfff 64bit pref]
[    0.229071] pci 0000:00:04.0: [8086:25ab] type 00 class 0x088000 conventional PCI endpoint
[    0.229814] pci 0000:00:04.0: BAR 0 [mem 0xfebff000-0xfebff00f]
[    0.233779] ACPI: PCI: Interrupt link LNKA configured for IRQ 10
[    0.234575] ACPI: PCI: Interrupt link LNKB configured for IRQ 10
[    0.235493] ACPI: PCI: Interrupt link LNKC configured for IRQ 11
[    0.236601] ACPI: PCI: Interrupt link LNKD configured for IRQ 11
[    0.237542] ACPI: PCI: Interrupt link LNKS configured for IRQ 9
[    0.239759] iommu: Default domain type: Translated
[    0.240423] iommu: DMA domain TLB invalidation policy: lazy mode
[    0.240512] SCSI subsystem initialized
[    0.241072] pps_core: LinuxPPS API ver. 1 registered
[    0.241460] pps_core: Software ver. 5.3.6 - Copyright 2005-2007 Rodolfo Giometti <giometti@linux.it>
[    0.242461] PTP clock support registered
[    0.243007] Advanced Linux Sound Architecture Driver Initialized.
[    0.243808] NET: Registered PF_ATMPVC protocol family
[    0.244459] NET: Registered PF_ATMSVC protocol family
[    0.245160] PCI: Using ACPI for IRQ routing
[    0.245541] vgaarb: loaded
[    0.245840] hpet0: at MMIO 0xfed00000, IRQs 2, 8, 0
[    0.246459] hpet0: 3 comparators, 64-bit 100.000000 MHz counter
[    0.249899] clocksource: Switched to clocksource kvm-clock
[    0.250718] VFS: Disk quotas dquot_6.6.0
[    0.250897] VFS: Dquot-cache hash table entries: 512 (order 0, 4096 bytes)
[    0.252214] pnp: PnP ACPI init
[    0.252843] pnp: PnP ACPI: found 5 devices
[    0.261082] clocksource: acpi_pm: mask: 0xffffff max_cycles: 0xffffff, max_idle_ns: 2085701024 ns
[    0.262313] NET: Registered PF_INET protocol family
[    0.263072] IP idents hash table entries: 16384 (order: 5, 131072 bytes, linear)
[    0.264227] tcp_listen_portaddr_hash hash table entries: 512 (order: 1, 8192 bytes, linear)
[    0.265361] Table-perturb hash table entries: 65536 (order: 6, 262144 bytes, linear)
[    0.266401] TCP established hash table entries: 8192 (order: 4, 65536 bytes, linear)
[    0.267438] TCP bind hash table entries: 8192 (order: 6, 262144 bytes, linear)
[    0.268406] TCP: Hash tables configured (established 8192 bind 8192)
[    0.269270] UDP hash table entries: 512 (order: 2, 16384 bytes, linear)
[    0.270160] UDP-Lite hash table entries: 512 (order: 2, 16384 bytes, linear)
[    0.271131] NET: Registered PF_UNIX/PF_LOCAL protocol family
[    0.271896] pci_bus 0000:00: resource 4 [io  0x0000-0x0cf7 window]
[    0.272722] pci_bus 0000:00: resource 5 [io  0x0d00-0xffff window]
[    0.273554] pci_bus 0000:00: resource 6 [mem 0x000a0000-0x000bffff window]
[    0.274471] pci_bus 0000:00: resource 7 [mem 0x40000000-0xfebfffff window]
[    0.275390] pci_bus 0000:00: resource 8 [mem 0x100000000-0x17fffffff window]
[    0.276356] pci 0000:00:01.0: PIIX3: Enabling Passive Release
[    0.277131] pci 0000:00:00.0: Limiting direct PCI/PCI transfers
[    0.277959] PCI: CLS 0 bytes, default 64
[    0.278541] kvm_intel: VMX not supported by CPU 0
[    0.279183] kvm_amd: TSC scaling supported
[    0.279740] kvm_amd: Nested Virtualization enabled
[    0.280384] kvm_amd: Nested Paging enabled
[    0.280947] kvm_amd: Virtual VMLOAD VMSAVE supported
[    0.281612] kvm_amd: Virtual GIF supported
[    0.282160] kvm_amd: Virtual NMI enabled
[    0.282688] kvm_amd: LBR virtualization supported
[    0.373518] workingset: timestamp_bits=56 max_order=18 bucket_order=0
[    0.374447] squashfs: version 4.0 (2009/01/31) Phillip Lougher
[    0.375245] fuse: init (API version 7.39)
[    0.375827] 9p: Installing v9fs 9p2000 file system support
[    0.376599] Key type asymmetric registered
[    0.377171] Block layer SCSI generic (bsg) driver version 0.4 loaded (major 249)
[    0.378174] io scheduler mq-deadline registered
[    0.378786] io scheduler kyber registered
[    0.381327] input: Power Button as /devices/LNXSYSTM:00/LNXPWRBN:00/input/input0
[    0.382371] ACPI: button: Power Button [PWRF]
[    0.382974] Warning: Processor Platform Limit event detected, but not handled.
[    0.383938] Consider compiling CPUfreq support into your kernel.
[    0.401455] ACPI: \_SB_.LNKB: Enabled at IRQ 10
[    0.418841] ACPI: \_SB_.LNKC: Enabled at IRQ 11
[    0.420147] Serial: 8250/16550 driver, 4 ports, IRQ sharing enabled
[    0.421159] 00:03: ttyS0 at I/O 0x3f8 (irq = 4, base_baud = 115200) is a 16550A
[    0.422586] Non-volatile memory driver v1.3
[    0.423150] Linux agpgart interface v0.103
[    0.423780] ACPI: bus type drm_connector registered
[    0.428678] loop: module loaded
[    0.429726] scsi host0: ata_piix
[    0.430298] scsi host1: ata_piix
[    0.430783] ata1: PATA max MWDMA2 cmd 0x1f0 ctl 0x3f6 bmdma 0xc080 irq 14 lpm-pol 0
[    0.431811] ata2: PATA max MWDMA2 cmd 0x170 ctl 0x376 bmdma 0xc088 irq 15 lpm-pol 0
[    0.433134] i8042: PNP: PS/2 Controller [PNP0303:KBD,PNP0f13:MOU] at 0x60,0x64 irq 1,12
[    0.434883] serio: i8042 KBD port at 0x60,0x64 irq 1
[    0.435560] serio: i8042 AUX port at 0x60,0x64 irq 12
[    0.436377] rtc_cmos 00:04: RTC can wake from S4
[    0.437327] rtc_cmos 00:04: registered as rtc0
[    0.438075] rtc_cmos 00:04: setting system clock to 2024-02-25T12:06:41 UTC (1708862801)
[    0.439243] rtc_cmos 00:04: alarms up to one day, y3k, 242 bytes nvram, hpet irqs
[    0.440397] input: AT Translated Set 2 keyboard as /devices/platform/i8042/serio0/input/input1
[    0.441628] i6300ESB timer 0000:00:04.0: initialized. heartbeat=30 sec (nowayout=0)
[    0.443671] device-mapper: ioctl: 4.48.0-ioctl (2023-03-01) initialised: dm-devel@redhat.com
[    0.445520] input: ImExPS/2 Generic Explorer Mouse as /devices/platform/i8042/serio1/input/input3
[    0.447458] NET: Registered PF_PACKET protocol family
[    0.448330] 9pnet: Installing 9P2000 support
[    0.449896] Key type dns_resolver registered
[    0.452356] IPI shorthand broadcast: enabled
[    0.455828] sched_clock: Marking stable (450001101, 5274812)->(497538293, -42262380)
[    0.457365] registered taskstats version 1
[    0.459439] PM:   Magic number: 12:191:128
[    0.460135] net dummy0: hash matches
[    0.460767] acpi device:03: hash matches
[    0.461434] printk: legacy console [netcon0] enabled
[    0.462261] netconsole: network logging started
[    0.463068] ALSA device list:
[    0.463572]   No soundcards found.
[    0.591549] ata2: found unknown device (class 0)
[    0.592599] ata2.00: ATAPI: QEMU DVD-ROM, 2.5+, max UDMA/100
[    0.594169] scsi 1:0:0:0: CD-ROM            QEMU     QEMU DVD-ROM     2.5+ PQ: 0 ANSI: 5
[    0.602692] scsi 1:0:0:0: Attached scsi generic sg0 type 5
[    0.603615] md: Skipping autodetection of RAID arrays. (raid=autodetect will force)
[    0.604792] 9pnet_virtio: no channels available for device 
[    0.606005] VFS: Mounted root (9p filesystem) readonly on device 0:19.
[    0.607110] devtmpfs: mounted
[    0.608354] Freeing unused kernel image (initmem) memory: 2992K
[    0.617281] Write protecting the kernel read-only data: 22528k
[    0.618488] Freeing unused kernel image (rodata/data gap) memory: 212K
[    0.654257] x86/mm: Checked W+X mappings: passed, no W+X pages found.
[    0.655202] Run /usr/lib/python3.11/site-packages/virtme/guest/virtme-init as init process
[    0.674660] mount (236) used greatest stack depth: 13480 bytes left
[    0.730193] mount (254) used greatest stack depth: 13064 bytes left
[    0.798036] virtme-init: basic initialization done
[    0.802615] virtme-init: udevd not found
[    0.822817] mount (318) used greatest stack depth: 12984 bytes left
[    0.848640] virtme-init: Setting hostname to virtme-ng...
[    0.858567] ip (334) used greatest stack depth: 12360 bytes left
          _      _                                    
   __   _(_)_ __| |_ _ __ ___   ___       _ __   __ _ 
   \ \ / / |  __| __|  _   _ \ / _ \_____|  _ \ / _  |
    \ V /| | |  | |_| | | | | |  __/_____| | | | (_| |
     \_/ |_|_|   \__|_| |_| |_|\___|     |_| |_|\__  |
                                                |___/ 
   kernel version: 6.8.0-rc5-virtme x86_64

virtme-ng:/nipa-data/kernel# PS1='xx__-> '
xx__-> env
PWD=/nipa-data/kernel
HOME=/
TERM=xterm
SHLVL=2
XDG_RUNTIME_DIR=/run/user/0
PATH=/bin:/sbin:/usr/bin:/usr/sbin:/usr/local/bin
OLDPWD=/
_=/usr/bin/env
xx__-> 