No EFI environment detected.
early console in extract_kernel
input_data: 0x0000000004c862c4
input_len: 0x00000000019776a8
output: 0x0000000001000000
output_len: 0x0000000005587804
kernel_total_size: 0x0000000005230000
needed_size: 0x0000000005600000
trampoline_32bit: 0x0000000000000000
Physical KASLR using RDRAND RDTSC...
Virtual KASLR using RDRAND RDTSC...

Decompressing Linux... Parsing ELF... Performing relocations... done.
Booting the kernel (entry_offset: 0x0000000002bc3f80).
[    0.000000] Linux version 6.15.0-rc4-virtme (root@948ed09bd310) (gcc (Ubuntu 13.3.0-6ubuntu2~24.04) 13.3.0, GNU ld (GNU Binutils for Ubuntu) 2.42) #1 SMP PREEMPT_DYNAMIC Tue May  6 00:26:45 UTC 2025
[    0.000000] Command line: virtme_hostname=virtme-ng nr_open=1048576 virtme_link_mods=/nipa-data/kernel/.virtme_mods/lib/modules/0.0.0 virtme_initmount0=nipa-data/kernel virtme_rw_overlay0=/etc virtme_rw_overlay1=/lib virtme_rw_overlay2=/home virtme_rw_overlay3=/opt virtme_rw_overlay4=/srv virtme_rw_overlay5=/usr virtme_rw_overlay6=/var console=hvc0 earlyprintk=serial,ttyS0,115200 virtme_console=ttyS0 psmouse.proto=exps TERM=xterm virtme_chdir=nipa-data/kernel virtme_root_user=1 rootfstype=9p rootflags=version=9p2000.L,trans=virtio,access=any raid=noautodetect ro init=/usr/lib/python3/dist-packages/virtme/guest/virtme-init
[    0.000000] BIOS-provided physical RAM map:
[    0.000000] BIOS-e820: [mem 0x0000000000000000-0x000000000009fbff] usable
[    0.000000] BIOS-e820: [mem 0x000000000009fc00-0x000000000009ffff] reserved
[    0.000000] BIOS-e820: [mem 0x00000000000f0000-0x00000000000fffff] reserved
[    0.000000] BIOS-e820: [mem 0x0000000000100000-0x000000003ffdffff] usable
[    0.000000] BIOS-e820: [mem 0x000000003ffe0000-0x000000003fffffff] reserved
[    0.000000] BIOS-e820: [mem 0x00000000feffc000-0x00000000feffffff] reserved
[    0.000000] BIOS-e820: [mem 0x00000000fffc0000-0x00000000ffffffff] reserved
[    0.000000] BIOS-e820: [mem 0x000000fd00000000-0x000000ffffffffff] reserved
[    0.000000] printk: legacy bootconsole [earlyser0] enabled
[    0.000000] NX (Execute Disable) protection: active
[    0.000000] APIC: Static calls initialized
[    0.000000] SMBIOS 3.0.0 present.
[    0.000000] DMI: QEMU Ubuntu 24.04 PC (i440FX + PIIX, 1996), BIOS 1.16.3-debian-1.16.3-2 04/01/2014
[    0.000000] DMI: Memory slots populated: 1/1
[    0.000000] Hypervisor detected: KVM
[    0.000000] kvm-clock: Using msrs 4b564d01 and 4b564d00
[    0.000000] kvm-clock: using sched offset of 234306271 cycles
[    0.000353] clocksource: kvm-clock: mask: 0xffffffffffffffff max_cycles: 0x1cd42e4dffb, max_idle_ns: 881590591483 ns
[    0.001462] tsc: Detected 4491.540 MHz processor
[    0.002103] last_pfn = 0x3ffe0 max_arch_pfn = 0x400000000
[    0.002499] MTRR map: 4 entries (3 fixed + 1 variable; max 19), built from 8 variable MTRRs
[    0.003069] x86/PAT: Configuration [0-7]: WB  WC  UC- UC  WB  WP  UC- WT  
[    0.004925] found SMP MP-table at [mem 0x000f5470-0x000f547f]
[    0.005318] Using GB pages for direct mapping
[    0.005758] ACPI: Early table checksum verification disabled
[    0.006141] ACPI: RSDP 0x00000000000F5290 000014 (v00 BOCHS )
[    0.006534] ACPI: RSDT 0x000000003FFE27BC 000034 (v01 BOCHS  BXPC     00000001 BXPC 00000001)
[    0.007111] ACPI: FACP 0x000000003FFE2578 000074 (v01 BOCHS  BXPC     00000001 BXPC 00000001)
[    0.007692] ACPI: DSDT 0x000000003FFE0040 002538 (v01 BOCHS  BXPC     00000001 BXPC 00000001)
[    0.008267] ACPI: FACS 0x000000003FFE0000 000040
[    0.008583] ACPI: APIC 0x000000003FFE25EC 000170 (v03 BOCHS  BXPC     00000001 BXPC 00000001)
[    0.009159] ACPI: HPET 0x000000003FFE275C 000038 (v01 BOCHS  BXPC     00000001 BXPC 00000001)
[    0.009740] ACPI: WAET 0x000000003FFE2794 000028 (v01 BOCHS  BXPC     00000001 BXPC 00000001)
[    0.010313] ACPI: Reserving FACP table memory at [mem 0x3ffe2578-0x3ffe25eb]
[    0.010787] ACPI: Reserving DSDT table memory at [mem 0x3ffe0040-0x3ffe2577]
[    0.011260] ACPI: Reserving FACS table memory at [mem 0x3ffe0000-0x3ffe003f]
[    0.011738] ACPI: Reserving APIC table memory at [mem 0x3ffe25ec-0x3ffe275b]
[    0.012209] ACPI: Reserving HPET table memory at [mem 0x3ffe275c-0x3ffe2793]
[    0.012684] ACPI: Reserving WAET table memory at [mem 0x3ffe2794-0x3ffe27bb]
[    0.013341] No NUMA configuration found
[    0.013602] Faking a node at [mem 0x0000000000000000-0x000000003ffdffff]
[    0.014052] NODE_DATA(0) allocated [mem 0x3ffdb600-0x3ffdffff]
[    0.014461] Zone ranges:
[    0.014631]   DMA      [mem 0x0000000000001000-0x0000000000ffffff]
[    0.015046]   DMA32    [mem 0x0000000001000000-0x000000003ffdffff]
[    0.015464]   Normal   empty
[    0.015657]   Device   empty
[    0.015851] Movable zone start for each node
[    0.016137] Early memory node ranges
[    0.016376]   node   0: [mem 0x0000000000001000-0x000000000009efff]
[    0.016799]   node   0: [mem 0x0000000000100000-0x000000003ffdffff]
[    0.017218] Initmem setup node 0 [mem 0x0000000000001000-0x000000003ffdffff]
[    0.017701] On node 0, zone DMA: 1 pages in unavailable ranges
[    0.018143] On node 0, zone DMA: 97 pages in unavailable ranges
[    0.022551] On node 0, zone DMA32: 32 pages in unavailable ranges
[    0.031405] kasan: KernelAddressSanitizer initialized
[    0.031969] ACPI: PM-Timer IO Port: 0x608
[    0.032251] ACPI: LAPIC_NMI (acpi_id[0xff] dfl dfl lint[0x1])
[    0.032662] IOAPIC[0]: apic_id 0, version 17, address 0xfec00000, GSI 0-23
[    0.033127] ACPI: INT_SRC_OVR (bus 0 bus_irq 0 global_irq 2 dfl dfl)
[    0.033559] ACPI: INT_SRC_OVR (bus 0 bus_irq 5 global_irq 5 high level)
[    0.034004] ACPI: INT_SRC_OVR (bus 0 bus_irq 9 global_irq 9 high level)
[    0.034452] ACPI: INT_SRC_OVR (bus 0 bus_irq 10 global_irq 10 high level)
[    0.034908] ACPI: INT_SRC_OVR (bus 0 bus_irq 11 global_irq 11 high level)
[    0.035366] ACPI: Using ACPI (MADT) for SMP configuration information
[    0.035803] ACPI: HPET id: 0x8086a201 base: 0xfed00000
[    0.036150] TSC deadline timer available
[    0.036417] CPU topo: Max. logical packages:   1
[    0.036730] CPU topo: Max. logical dies:       1
[    0.037041] CPU topo: Max. dies per package:   1
[    0.037359] CPU topo: Max. threads per core:   1
[    0.037673] CPU topo: Num. cores per package:    32
[    0.038001] CPU topo: Num. threads per package:  32
[    0.038329] CPU topo: Allowing 32 present CPUs plus 0 hotplug CPUs
[    0.038762] kvm-guest: APIC: eoi() replaced with kvm_guest_apic_eoi_write()
[    0.039242] kvm-guest: KVM setup pv remote TLB flush
[    0.039580] kvm-guest: setup PV sched yield
[    0.039867] PM: hibernation: Registered nosave memory: [mem 0x00000000-0x00000fff]
[    0.040375] PM: hibernation: Registered nosave memory: [mem 0x0009f000-0x000fffff]
[    0.040890] [mem 0x40000000-0xfeffbfff] available for PCI devices
[    0.041298] Booting paravirtualized kernel on KVM
[    0.041616] clocksource: refined-jiffies: mask: 0xffffffff max_cycles: 0xffffffff, max_idle_ns: 1910969940391419 ns
[    0.049995] setup_percpu: NR_CPUS:64 nr_cpumask_bits:32 nr_cpu_ids:32 nr_node_ids:1
[    0.051716] percpu: Embedded 65 pages/cpu s228056 r8192 d29992 u524288
[    0.052221] Kernel command line: virtme_hostname=virtme-ng nr_open=1048576 virtme_link_mods=/nipa-data/kernel/.virtme_mods/lib/modules/0.0.0 virtme_initmount0=nipa-data/kernel virtme_rw_overlay0=/etc virtme_rw_overlay1=/lib virtme_rw_overlay2=/home virtme_rw_overlay3=/opt virtme_rw_overlay4=/srv virtme_rw_overlay5=/usr virtme_rw_overlay6=/var console=hvc0 earlyprintk=serial,ttyS0,115200 virtme_console=ttyS0 psmouse.proto=exps TERM=xterm virtme_chdir=nipa-data/kernel virtme_root_user=1 rootfstype=9p rootflags=version=9p2000.L,trans=virtio,access=any raid=noautodetect ro init=/usr/lib/python3/dist-packages/virtme/guest/virtme-init
[    0.056197] Unknown kernel command line parameters "virtme_hostname=virtme-ng nr_open=1048576 virtme_link_mods=/nipa-data/kernel/.virtme_mods/lib/modules/0.0.0 virtme_initmount0=nipa-data/kernel virtme_rw_overlay0=/etc virtme_rw_overlay1=/lib virtme_rw_overlay2=/home virtme_rw_overlay3=/opt virtme_rw_overlay4=/srv virtme_rw_overlay5=/usr virtme_rw_overlay6=/var virtme_console=ttyS0 virtme_chdir=nipa-data/kernel virtme_root_user=1", will be passed to user space.
[    0.059219] random: crng init done
[    0.059456] printk: log buffer data + meta data: 262144 + 917504 = 1179648 bytes
[    0.059997] Dentry cache hash table entries: 131072 (order: 8, 1048576 bytes, linear)
[    0.060556] Inode-cache hash table entries: 65536 (order: 7, 524288 bytes, linear)
[    0.061458] Fallback order for Node 0: 0 
[    0.061463] Built 1 zonelists, mobility grouping on.  Total pages: 262014
[    0.062207] Policy zone: DMA32
[    0.062417] mem auto-init: stack:all(zero), heap alloc:off, heap free:off
[    0.062893] stackdepot: allocating hash table via alloc_large_system_hash
[    0.063362] stackdepot hash table entries: 1048576 (order: 12, 16777216 bytes, linear)
[    0.071170] SLUB: HWalign=64, Order=0-3, MinObjects=0, CPUs=32, Nodes=1
Poking KASLR using RDRAND RDTSC...
[    0.080312] ftrace: allocating 48942 entries in 192 pages
[    0.080703] ftrace: allocated 192 pages with 2 groups
[    0.081928] Dynamic Preempt: voluntary
[    0.082645] rcu: Preemptible hierarchical RCU implementation.
[    0.083039] rcu: RCU event tracing is enabled.
[    0.083348] rcu: RCU restricting CPUs from NR_CPUS=64 to nr_cpu_ids=32.
[    0.083815] Trampoline variant of Tasks RCU enabled.
[    0.084161] Rude variant of Tasks RCU enabled.
[    0.084475] Tracing variant of Tasks RCU enabled.
[    0.084804] rcu: RCU calculated value of scheduler-enlistment delay is 100 jiffies.
[    0.085329] rcu: Adjusting geometry for rcu_fanout_leaf=16, nr_cpu_ids=32
[    0.085865] RCU Tasks: Setting shift to 5 and lim to 1 rcu_task_cb_adjust=1 rcu_task_cpu_ids=32.
[    0.086477] RCU Tasks Rude: Setting shift to 5 and lim to 1 rcu_task_cb_adjust=1 rcu_task_cpu_ids=32.
[    0.087115] RCU Tasks Trace: Setting shift to 5 and lim to 1 rcu_task_cb_adjust=1 rcu_task_cpu_ids=32.
[    0.096952] NR_IRQS: 4352, nr_irqs: 680, preallocated irqs: 16
[    0.097608] rcu: srcu_init: Setting srcu_struct sizes based on contention.
[    0.098478] Console: colour *CGA 80x25
[    0.098770] ACPI: Core revision 20240827
[    0.099191] clocksource: hpet: mask: 0xffffffff max_cycles: 0xffffffff, max_idle_ns: 19112604467 ns
[    0.099888] APIC: Switch to symmetric I/O mode setup
[    0.100366] x2apic enabled
[    0.100736] APIC: Switched APIC routing to: physical x2apic
[    0.101123] kvm-guest: APIC: send_IPI_mask() replaced with kvm_send_ipi_mask()
[    0.101631] kvm-guest: APIC: send_IPI_mask_allbutself() replaced with kvm_send_ipi_mask_allbutself()
[    0.102639] kvm-guest: setup PV IPIs
[    0.103726] ..TIMER: vector=0x30 apic1=0 pin1=2 apic2=-1 pin2=-1
[    0.104479] clocksource: tsc-early: mask: 0xffffffffffffffff max_cycles: 0x40be2faf0ae, max_idle_ns: 440795257074 ns
[    0.105759] Calibrating delay loop (skipped) preset value.. 8983.08 BogoMIPS (lpj=4491540)
[    0.106819] x86/cpu: User Mode Instruction Prevention (UMIP) activated
[    0.107813] Last level iTLB entries: 4KB 512, 2MB 255, 4MB 127
[    0.108757] Last level dTLB entries: 4KB 512, 2MB 255, 4MB 127, 1GB 0
[    0.109761] Spectre V1 : Mitigation: usercopy/swapgs barriers and __user pointer sanitization
[    0.110761] Spectre V2 : Mitigation: Enhanced / Automatic IBRS
[    0.111760] Spectre V2 : mitigation: Enabling conditional Indirect Branch Prediction Barrier
[    0.112759] Speculative Store Bypass: Mitigation: Speculative Store Bypass disabled via prctl
[    0.113758] Speculative Return Stack Overflow: IBPB-extending microcode not applied!
[    0.114757] Speculative Return Stack Overflow: WARNING: See https://kernel.org/doc/html/latest/admin-guide/hw-vuln/srso.html for mitigation options.
[    0.114759] Speculative Return Stack Overflow: Vulnerable: Safe RET, no microcode
[    0.116772] x86/fpu: Supporting XSAVE feature 0x001: 'x87 floating point registers'
[    0.117757] x86/fpu: Supporting XSAVE feature 0x002: 'SSE registers'
[    0.118757] x86/fpu: Supporting XSAVE feature 0x004: 'AVX registers'
[    0.119510] x86/fpu: Supporting XSAVE feature 0x020: 'AVX-512 opmask'
[    0.119757] x86/fpu: Supporting XSAVE feature 0x040: 'AVX-512 Hi256'
[    0.120757] x86/fpu: Supporting XSAVE feature 0x080: 'AVX-512 ZMM_Hi256'
[    0.121757] x86/fpu: Supporting XSAVE feature 0x200: 'Protection Keys User registers'
[    0.122758] x86/fpu: xstate_offset[2]:  576, xstate_sizes[2]:  256
[    0.123757] x86/fpu: xstate_offset[5]:  832, xstate_sizes[5]:   64
[    0.124487] x86/fpu: xstate_offset[6]:  896, xstate_sizes[6]:  512
[    0.124757] x86/fpu: xstate_offset[7]: 1408, xstate_sizes[7]: 1024
[    0.125757] x86/fpu: xstate_offset[9]: 2432, xstate_sizes[9]:    8
[    0.126488] x86/fpu: Enabled xstate features 0x2e7, context size is 2440 bytes, using 'compacted' format.
[    0.146809] Freeing SMP alternatives memory: 40K
[    0.147363] pid_max: default: 32768 minimum: 301
[    0.147876] Mount-cache hash table entries: 2048 (order: 2, 16384 bytes, linear)
[    0.148759] Mountpoint-cache hash table entries: 2048 (order: 2, 16384 bytes, linear)
[    0.150403] smpboot: CPU0: AMD Ryzen 9 7950X 16-Core Processor (family: 0x19, model: 0x61, stepping: 0x2)
[    0.151186] Performance Events: Fam17h+ core perfctr, AMD PMU driver.
[    0.151760] ... version:                0
[    0.152237] ... bit width:              48
[    0.152719] ... generic registers:      6
[    0.152759] ... value mask:             0000ffffffffffff
[    0.153386] ... max period:             00007fffffffffff
[    0.153759] ... fixed-purpose events:   0
[    0.154232] ... event mask:             000000000000003f
[    0.154908] signal: max sigframe size: 3376
[    0.155452] rcu: Hierarchical SRCU implementation.
[    0.155759] rcu: Max phase no-delay instances is 400.
[    0.156451] Timer migration: 2 hierarchy levels; 8 children per group; 2 crossnode level
[    0.160494] smp: Bringing up secondary CPUs ...
[    0.160940] smpboot: x86: Booting SMP configuration:
[    0.161535] .... node  #0, CPUs:        #1  #2  #3  #4  #5  #6  #7  #8  #9 #10 #11 #12 #13 #14 #15 #16 #17 #18 #19 #20 #21 #22 #23 #24 #25 #26 #27 #28 #29 #30 #31
[    0.189909] smp: Brought up 1 node, 32 CPUs
[    0.191291] smpboot: Total of 32 processors activated (287458.56 BogoMIPS)
[    0.195933] Memory: 761592K/1048056K available (44816K kernel code, 11587K rwdata, 10272K rodata, 6156K init, 1324K bss, 270684K reserved, 0K cma-reserved)
[    0.196910] devtmpfs: initialized
[    0.197808] x86/mm: Memory block size: 128MB
[    0.205061] clocksource: jiffies: mask: 0xffffffff max_cycles: 0xffffffff, max_idle_ns: 1911260446275000 ns
[    0.205763] posixtimers hash table entries: 16384 (order: 6, 262144 bytes, linear)
[    0.206737] futex hash table entries: 8192 (order: 7, 524288 bytes, linear)
[    0.207144] PM: RTC time: 00:27:07, date: 2025-05-06
[    0.208592] NET: Registered PF_NETLINK/PF_ROUTE protocol family
[    0.209663] thermal_sys: Registered thermal governor 'step_wise'
[    0.209694] cpuidle: using governor menu
[    0.211915] PCI: Using configuration type 1 for base access
[    0.212623] PCI: Using configuration type 1 for extended access
[    0.212897] kprobes: kprobe jump-optimization is enabled. All kprobes are optimized if possible.
[    0.224962] HugeTLB: allocation took 0ms with hugepage_allocation_threads=8
[    0.225793] HugeTLB: registered 1.00 GiB page size, pre-allocated 0 pages
[    0.226629] HugeTLB: 16380 KiB vmemmap can be freed for a 1.00 GiB page
[    0.227759] HugeTLB: registered 2.00 MiB page size, pre-allocated 0 pages
[    0.228598] HugeTLB: 28 KiB vmemmap can be freed for a 2.00 MiB page
[    0.230129] ACPI: Added _OSI(Module Device)
[    0.230760] ACPI: Added _OSI(Processor Device)
[    0.231315] ACPI: Added _OSI(3.0 _SCP Extensions)
[    0.231759] ACPI: Added _OSI(Processor Aggregator Device)
[    0.256966] ACPI: 1 ACPI AML tables successfully acquired and loaded
[    0.261724] ACPI: Interpreter enabled
[    0.261821] ACPI: PM: (supports S0 S3 S4 S5)
[    0.262352] ACPI: Using IOAPIC for interrupt routing
[    0.263814] PCI: Using host bridge windows from ACPI; if necessary, use "pci=nocrs" and report a bug
[    0.264759] PCI: Using E820 reservations for host bridge windows
[    0.266612] ACPI: Enabled 2 GPEs in block 00 to 0F
[    0.316210] ACPI: PCI Root Bridge [PCI0] (domain 0000 [bus 00-ff])
[    0.317773] acpi PNP0A03:00: _OSC: OS supports [ExtendedConfig ASPM ClockPM Segments MSI HPX-Type3]
[    0.319274] PCI host bridge to bus 0000:00
[    0.319816] pci_bus 0000:00: root bus resource [io  0x0000-0x0cf7 window]
[    0.320654] pci_bus 0000:00: root bus resource [io  0x0d00-0xffff window]
[    0.320762] pci_bus 0000:00: root bus resource [mem 0x000a0000-0x000bffff window]
[    0.321684] pci_bus 0000:00: root bus resource [mem 0x40000000-0xfebfffff window]
[    0.322762] pci_bus 0000:00: root bus resource [mem 0x100000000-0x17fffffff window]
[    0.323709] pci_bus 0000:00: root bus resource [bus 00-ff]
[    0.324861] pci 0000:00:00.0: [8086:1237] type 00 class 0x060000 conventional PCI endpoint
[    0.326683] pci 0000:00:01.0: [8086:7000] type 00 class 0x060100 conventional PCI endpoint
[    0.328670] pci 0000:00:01.1: [8086:7010] type 00 class 0x010180 conventional PCI endpoint
[    0.330204] pci 0000:00:01.1: BAR 4 [io  0xc0c0-0xc0cf]
[    0.330782] pci 0000:00:01.1: BAR 0 [io  0x01f0-0x01f7]: legacy IDE quirk
[    0.331617] pci 0000:00:01.1: BAR 1 [io  0x03f6]: legacy IDE quirk
[    0.332759] pci 0000:00:01.1: BAR 2 [io  0x0170-0x0177]: legacy IDE quirk
[    0.333595] pci 0000:00:01.1: BAR 3 [io  0x0376]: legacy IDE quirk
[    0.334480] pci 0000:00:01.3: [8086:7113] type 00 class 0x068000 conventional PCI endpoint
[    0.335990] pci 0000:00:01.3: quirk: [io  0x0600-0x063f] claimed by PIIX4 ACPI
[    0.336763] pci 0000:00:01.3: quirk: [io  0x0700-0x070f] claimed by PIIX4 SMB
[    0.338418] pci 0000:00:02.0: [1af4:1009] type 00 class 0x000200 conventional PCI endpoint
[    0.340759] pci 0000:00:02.0: BAR 0 [io  0xc000-0xc03f]
[    0.341415] pci 0000:00:02.0: BAR 1 [mem 0xfebfc000-0xfebfcfff]
[    0.341774] pci 0000:00:02.0: BAR 4 [mem 0xfebf0000-0xfebf3fff 64bit pref]
[    0.354629] pci 0000:00:03.0: [1af4:1009] type 00 class 0x000200 conventional PCI endpoint
[    0.356756] pci 0000:00:03.0: BAR 0 [io  0xc040-0xc07f]
[    0.357406] pci 0000:00:03.0: BAR 1 [mem 0xfebfd000-0xfebfdfff]
[    0.357774] pci 0000:00:03.0: BAR 4 [mem 0xfebf4000-0xfebf7fff 64bit pref]
[    0.371551] pci 0000:00:04.0: [8086:25ab] type 00 class 0x088000 conventional PCI endpoint
[    0.372116] pci 0000:00:04.0: BAR 0 [mem 0xfebfe000-0xfebfe00f]
[    0.384538] pci 0000:00:05.0: [1af4:1003] type 00 class 0x078000 conventional PCI endpoint
[    0.386493] pci 0000:00:05.0: BAR 0 [io  0xc080-0xc0bf]
[    0.387764] pci 0000:00:05.0: BAR 1 [mem 0xfebff000-0xfebfffff]
[    0.388507] pci 0000:00:05.0: BAR 4 [mem 0xfebf8000-0xfebfbfff 64bit pref]
[    0.403111] ACPI: PCI: Interrupt link LNKA configured for IRQ 10
[    0.404741] ACPI: PCI: Interrupt link LNKB configured for IRQ 10
[    0.406724] ACPI: PCI: Interrupt link LNKC configured for IRQ 11
[    0.408721] ACPI: PCI: Interrupt link LNKD configured for IRQ 11
[    0.409160] ACPI: PCI: Interrupt link LNKS configured for IRQ 9
[    0.429887] iommu: Default domain type: Translated
[    0.430484] iommu: DMA domain TLB invalidation policy: lazy mode
[    0.431234] SCSI subsystem initialized
[    0.431995] pps_core: LinuxPPS API ver. 1 registered
[    0.432620] pps_core: Software ver. 5.3.6 - Copyright 2005-2007 Rodolfo Giometti <giometti@linux.it>
[    0.433775] PTP clock support registered
[    0.434885] Advanced Linux Sound Architecture Driver Initialized.
[    0.436907] NET: Registered PF_ATMPVC protocol family
[    0.437532] NET: Registered PF_ATMSVC protocol family
[    0.437797] PCI: Using ACPI for IRQ routing
[    0.438797] vgaarb: loaded
[    0.438884] hpet0: at MMIO 0xfed00000, IRQs 2, 8, 0
[    0.439494] hpet0: 3 comparators, 64-bit 100.000000 MHz counter
[    0.446388] clocksource: Switched to clocksource kvm-clock
[    0.447220] VFS: Disk quotas dquot_6.6.0
[    0.447723] VFS: Dquot-cache hash table entries: 512 (order 0, 4096 bytes)
[    0.450520] pnp: PnP ACPI init
[    0.454279] pnp: PnP ACPI: found 5 devices
[    0.466401] clocksource: acpi_pm: mask: 0xffffff max_cycles: 0xffffff, max_idle_ns: 2085701024 ns
[    0.467587] NET: Registered PF_INET protocol family
[    0.468338] IP idents hash table entries: 16384 (order: 5, 131072 bytes, linear)
[    0.469677] tcp_listen_portaddr_hash hash table entries: 512 (order: 1, 8192 bytes, linear)
[    0.470734] Table-perturb hash table entries: 65536 (order: 6, 262144 bytes, linear)
[    0.471725] TCP established hash table entries: 8192 (order: 4, 65536 bytes, linear)
[    0.472702] TCP bind hash table entries: 8192 (order: 6, 262144 bytes, linear)
[    0.473613] TCP: Hash tables configured (established 8192 bind 8192)
[    0.474581] UDP hash table entries: 512 (order: 3, 32768 bytes, linear)
[    0.475426] UDP-Lite hash table entries: 512 (order: 3, 32768 bytes, linear)
[    0.476540] NET: Registered PF_UNIX/PF_LOCAL protocol family
[    0.477280] pci_bus 0000:00: resource 4 [io  0x0000-0x0cf7 window]
[    0.478061] pci_bus 0000:00: resource 5 [io  0x0d00-0xffff window]
[    0.478837] pci_bus 0000:00: resource 6 [mem 0x000a0000-0x000bffff window]
[    0.479701] pci_bus 0000:00: resource 7 [mem 0x40000000-0xfebfffff window]
[    0.480562] pci_bus 0000:00: resource 8 [mem 0x100000000-0x17fffffff window]
[    0.481665] pci 0000:00:01.0: PIIX3: Enabling Passive Release
[    0.482392] pci 0000:00:00.0: Limiting direct PCI/PCI transfers
[    0.483182] PCI: CLS 0 bytes, default 64
[    0.483795] kvm_intel: VMX not supported by CPU 0
[    0.484410] kvm_amd: TSC scaling supported
[    0.484931] kvm_amd: Nested Virtualization enabled
[    0.485535] kvm_amd: Nested Paging enabled
[    0.486059] kvm_amd: LBR virtualization supported
[    0.486665] kvm_amd: Virtual GIF supported
[    0.487183] kvm_amd: Virtual NMI enabled
[    0.527292] clocksource: tsc: mask: 0xffffffffffffffff max_cycles: 0x40be2faf0ae, max_idle_ns: 440795257074 ns
[    0.546059] Initialise system trusted keyrings
[    0.546745] workingset: timestamp_bits=56 max_order=18 bucket_order=0
[    0.547681] squashfs: version 4.0 (2009/01/31) Phillip Lougher
[    0.548439] fuse: init (API version 7.43)
[    0.549093] 9p: Installing v9fs 9p2000 file system support
[    0.558901] Key type asymmetric registered
[    0.559428] Asymmetric key parser 'x509' registered
[    0.560120] Block layer SCSI generic (bsg) driver version 0.4 loaded (major 249)
[    0.561098] io scheduler mq-deadline registered
[    0.561682] io scheduler kyber registered
[    0.564199] input: Power Button as /devices/LNXSYSTM:00/LNXPWRBN:00/input/input0
[    0.565365] ACPI: button: Power Button [PWRF]
[    0.567326] Warning: Processor Platform Limit event detected, but not handled.
[    0.568249] Consider compiling CPUfreq support into your kernel.
[    1.482303] ACPI: \_SB_.LNKB: Enabled at IRQ 10
[    2.388175] ACPI: \_SB_.LNKC: Enabled at IRQ 11
[    3.294351] ACPI: \_SB_.LNKA: Enabled at IRQ 10
[    3.295853] Serial: 8250/16550 driver, 4 ports, IRQ sharing enabled
[    3.297001] 00:03: ttyS0 at I/O 0x3f8 (irq = 4, base_baud = 115200) is a 16550A
[    3.312780] Non-volatile memory driver v1.3
[    3.313325] Linux agpgart interface v0.103
[    3.313862] printk: legacy console [hvc0] enabled
[    3.314097] ACPI: bus type drm_connector registered
[    3.314500] printk: legacy bootconsole [earlyser0] disabled
          _      _                                    
   __   _(_)_ __| |_ _ __ ___   ___       _ __   __ _ 
   \ \ / / |  __| __|  _   _ \ / _ \_____|  _ \ / _  |
    \ V /| | |  | |_| | | | | |  __/_____| | | | (_| |
     \_/ |_|_|   \__|_| |_| |_|\___|     |_| |_|\__  |
                                                |___/ 
   kernel version: 6.15.0-rc4-virtme x86_64
   (CTRL+d to exit)

root@virtme-ng:/nipa-data/kernel# PS1='xx__-> '
xx__-> env
PWD=/nipa-data/kernel
nr_open=1048576
HOME=/
TERM=xterm
SHLVL=2
XDG_RUNTIME_DIR=/run/user/0
PATH=/bin:/sbin:/usr/bin:/usr/sbin:/usr/local/bin
OLDPWD=/
_=/bin/env
xx__-> 