No EFI environment detected.
early console in extract_kernel
input_data: 0x00000000030612b9
input_len: 0x0000000000b820af
output: 0x0000000001000000
output_len: 0x000000000252f374
kernel_total_size: 0x0000000002c30000
needed_size: 0x0000000002e00000
trampoline_32bit: 0x0000000000000000
Physical KASLR using RDRAND RDTSC...
Virtual KASLR using RDRAND RDTSC...

Decompressing Linux... Parsing ELF... Performing relocations... done.
Booting the kernel (entry_offset: 0x0000000000000000).
[    0.000000] Linux version 6.8.0-rc3-virtme (root@409669f60c60) (gcc (Alpine 13.2.1_git20231014) 13.2.1 20231014, GNU ld (GNU Binutils) 2.41) #1 SMP PREEMPT_DYNAMIC Fri Feb  9 21:07:51 UTC 2024
[    0.000000] Command line: virtme_hostname=virtme-ng virtme_link_mods=/nipa-data/kernel/.virtme_mods/lib/modules/0.0.0 virtme_initmount0=nipa-data/kernel virtme_rw_overlay0=/etc virtme_rw_overlay1=/lib virtme_rw_overlay2=/home virtme_rw_overlay3=/opt virtme_rw_overlay4=/srv virtme_rw_overlay5=/usr virtme_rw_overlay6=/var earlyprintk=serial,ttyS0,115200 console=ttyS0 psmouse.proto=exps TERM=xterm virtme_chdir=nipa-data/kernel virtme_root_user=1 rootfstype=9p rootflags=version=9p2000.L,trans=virtio,access=any raid=noautodetect ro init=/usr/lib/python3.11/site-packages/virtme/guest/virtme-init
[    0.000000] BIOS-provided physical RAM map:
[    0.000000] BIOS-e820: [mem 0x0000000000000000-0x000000000009fbff] usable
[    0.000000] BIOS-e820: [mem 0x000000000009fc00-0x000000000009ffff] reserved
[    0.000000] BIOS-e820: [mem 0x00000000000f0000-0x00000000000fffff] reserved
[    0.000000] BIOS-e820: [mem 0x0000000000100000-0x000000003ffdffff] usable
[    0.000000] BIOS-e820: [mem 0x000000003ffe0000-0x000000003fffffff] reserved
[    0.000000] BIOS-e820: [mem 0x00000000feffc000-0x00000000feffffff] reserved
[    0.000000] BIOS-e820: [mem 0x00000000fffc0000-0x00000000ffffffff] reserved
[    0.000000] BIOS-e820: [mem 0x000000fd00000000-0x000000ffffffffff] reserved
[    0.000000] printk: legacy bootconsole [earlyser0] enabled
[    0.000000] NX (Execute Disable) protection: active
[    0.000000] APIC: Static calls initialized
[    0.000000] SMBIOS 3.0.0 present.
[    0.000000] DMI: QEMU Standard PC (i440FX + PIIX, 1996), BIOS rel-1.16.3-0-ga6ed6b701f0a-prebuilt.qemu.org 04/01/2014
[    0.000000] Hypervisor detected: KVM
[    0.000000] kvm-clock: Using msrs 4b564d01 and 4b564d00
[    0.000000] kvm-clock: using sched offset of 247515562 cycles
[    0.000382] clocksource: kvm-clock: mask: 0xffffffffffffffff max_cycles: 0x1cd42e4dffb, max_idle_ns: 881590591483 ns
[    0.001572] tsc: Detected 4491.536 MHz processor
[    0.002170] last_pfn = 0x3ffe0 max_arch_pfn = 0x400000000
[    0.002590] MTRR map: 4 entries (3 fixed + 1 variable; max 19), built from 8 variable MTRRs
[    0.003202] x86/PAT: Configuration [0-7]: WB  WC  UC- UC  WB  WP  UC- WT  
Memory KASLR using RDRAND RDTSC...
[    0.005253] found SMP MP-table at [mem 0x000f5470-0x000f547f]
[    0.005679] Using GB pages for direct mapping
[    0.006065] ACPI: Early table checksum verification disabled
[    0.006479] ACPI: RSDP 0x00000000000F5290 000014 (v00 BOCHS )
[    0.006899] ACPI: RSDT 0x000000003FFE27B6 000034 (v01 BOCHS  BXPC     00000001 BXPC 00000001)
[    0.007520] ACPI: FACP 0x000000003FFE2572 000074 (v01 BOCHS  BXPC     00000001 BXPC 00000001)
[    0.008144] ACPI: DSDT 0x000000003FFE0040 002532 (v01 BOCHS  BXPC     00000001 BXPC 00000001)
[    0.008767] ACPI: FACS 0x000000003FFE0000 000040
[    0.009104] ACPI: APIC 0x000000003FFE25E6 000170 (v03 BOCHS  BXPC     00000001 BXPC 00000001)
[    0.009723] ACPI: HPET 0x000000003FFE2756 000038 (v01 BOCHS  BXPC     00000001 BXPC 00000001)
[    0.010342] ACPI: WAET 0x000000003FFE278E 000028 (v01 BOCHS  BXPC     00000001 BXPC 00000001)
[    0.010962] ACPI: Reserving FACP table memory at [mem 0x3ffe2572-0x3ffe25e5]
[    0.011476] ACPI: Reserving DSDT table memory at [mem 0x3ffe0040-0x3ffe2571]
[    0.011988] ACPI: Reserving FACS table memory at [mem 0x3ffe0000-0x3ffe003f]
[    0.012500] ACPI: Reserving APIC table memory at [mem 0x3ffe25e6-0x3ffe2755]
[    0.013014] ACPI: Reserving HPET table memory at [mem 0x3ffe2756-0x3ffe278d]
[    0.013526] ACPI: Reserving WAET table memory at [mem 0x3ffe278e-0x3ffe27b5]
[    0.014180] No NUMA configuration found
[    0.014458] Faking a node at [mem 0x0000000000000000-0x000000003ffdffff]
[    0.014945] NODE_DATA(0) allocated [mem 0x3ffdb000-0x3ffdffff]
[    0.015380] Zone ranges:
[    0.015563]   DMA      [mem 0x0000000000001000-0x0000000000ffffff]
[    0.016013]   DMA32    [mem 0x0000000001000000-0x000000003ffdffff]
[    0.016461]   Normal   empty
[    0.016674]   Device   empty
[    0.016884] Movable zone start for each node
[    0.017194] Early memory node ranges
[    0.017454]   node   0: [mem 0x0000000000001000-0x000000000009efff]
[    0.017909]   node   0: [mem 0x0000000000100000-0x000000003ffdffff]
[    0.018364] Initmem setup node 0 [mem 0x0000000000001000-0x000000003ffdffff]
[    0.018879] On node 0, zone DMA: 1 pages in unavailable ranges
[    0.019315] On node 0, zone DMA: 97 pages in unavailable ranges
[    0.020702] On node 0, zone DMA32: 32 pages in unavailable ranges
[    0.021334] ACPI: PM-Timer IO Port: 0x608
[    0.021629] ACPI: LAPIC_NMI (acpi_id[0xff] dfl dfl lint[0x1])
[    0.022065] IOAPIC[0]: apic_id 0, version 17, address 0xfec00000, GSI 0-23
[    0.022567] ACPI: INT_SRC_OVR (bus 0 bus_irq 0 global_irq 2 dfl dfl)
[    0.023030] ACPI: INT_SRC_OVR (bus 0 bus_irq 5 global_irq 5 high level)
[    0.023511] ACPI: INT_SRC_OVR (bus 0 bus_irq 9 global_irq 9 high level)
[    0.023991] ACPI: INT_SRC_OVR (bus 0 bus_irq 10 global_irq 10 high level)
[    0.024484] ACPI: INT_SRC_OVR (bus 0 bus_irq 11 global_irq 11 high level)
[    0.024981] ACPI: Using ACPI (MADT) for SMP configuration information
[    0.025449] ACPI: HPET id: 0x8086a201 base: 0xfed00000
[    0.025824] TSC deadline timer available
[    0.026109] smpboot: Allowing 32 CPUs, 0 hotplug CPUs
[    0.026489] kvm-guest: APIC: eoi() replaced with kvm_guest_apic_eoi_write()
[    0.027003] kvm-guest: KVM setup pv remote TLB flush
[    0.027365] kvm-guest: setup PV sched yield
[    0.027674] PM: hibernation: Registered nosave memory: [mem 0x00000000-0x00000fff]
[    0.028225] PM: hibernation: Registered nosave memory: [mem 0x0009f000-0x0009ffff]
[    0.028777] PM: hibernation: Registered nosave memory: [mem 0x000a0000-0x000effff]
[    0.029327] PM: hibernation: Registered nosave memory: [mem 0x000f0000-0x000fffff]
[    0.029877] [mem 0x40000000-0xfeffbfff] available for PCI devices
[    0.030319] Booting paravirtualized kernel on KVM
[    0.030661] clocksource: refined-jiffies: mask: 0xffffffff max_cycles: 0xffffffff, max_idle_ns: 1910969940391419 ns
[    0.034290] setup_percpu: NR_CPUS:64 nr_cpumask_bits:32 nr_cpu_ids:32 nr_node_ids:1
[    0.035454] percpu: Embedded 58 pages/cpu s199840 r8192 d29536 u262144
[    0.035964] Kernel command line: virtme_hostname=virtme-ng virtme_link_mods=/nipa-data/kernel/.virtme_mods/lib/modules/0.0.0 virtme_initmount0=nipa-data/kernel virtme_rw_overlay0=/etc virtme_rw_overlay1=/lib virtme_rw_overlay2=/home virtme_rw_overlay3=/opt virtme_rw_overlay4=/srv virtme_rw_overlay5=/usr virtme_rw_overlay6=/var earlyprintk=serial,ttyS0,115200 console=ttyS0 psmouse.proto=exps TERM=xterm virtme_chdir=nipa-data/kernel virtme_root_user=1 rootfstype=9p rootflags=version=9p2000.L,trans=virtio,access=any raid=noautodetect ro init=/usr/lib/python3.11/site-packages/virtme/guest/virtme-init
[    0.039981] Unknown kernel command line parameters "virtme_hostname=virtme-ng virtme_link_mods=/nipa-data/kernel/.virtme_mods/lib/modules/0.0.0 virtme_initmount0=nipa-data/kernel virtme_rw_overlay0=/etc virtme_rw_overlay1=/lib virtme_rw_overlay2=/home virtme_rw_overlay3=/opt virtme_rw_overlay4=/srv virtme_rw_overlay5=/usr virtme_rw_overlay6=/var virtme_chdir=nipa-data/kernel virtme_root_user=1", will be passed to user space.
[    0.043013] random: crng init done
[    0.043295] Dentry cache hash table entries: 131072 (order: 8, 1048576 bytes, linear)
[    0.043898] Inode-cache hash table entries: 65536 (order: 7, 524288 bytes, linear)
[    0.044558] Fallback order for Node 0: 0 
[    0.044560] Built 1 zonelists, mobility grouping on.  Total pages: 257760
[    0.045371] Policy zone: DMA32
[    0.045600] mem auto-init: stack:all(zero), heap alloc:off, heap free:off
[    0.047523] Memory: 976384K/1048056K available (16384K kernel code, 2558K rwdata, 6072K rodata, 3156K init, 12004K bss, 71412K reserved, 0K cma-reserved)
[    0.048602] SLUB: HWalign=64, Order=0-3, MinObjects=0, CPUs=32, Nodes=1
Poking KASLR using RDRAND RDTSC...
[    0.049376] ftrace: allocating 46551 entries in 182 pages
[    0.056353] ftrace: allocated 182 pages with 5 groups
[    0.057524] Dynamic Preempt: voluntary
[    0.057979] Running RCU self tests
[    0.058235] Running RCU synchronous self tests
[    0.058573] rcu: Preemptible hierarchical RCU implementation.
[    0.059001] rcu: RCU event tracing is enabled.
[    0.059338] rcu: RCU lockdep checking is enabled.
[    0.059694] rcu: RCU restricting CPUs from NR_CPUS=64 to nr_cpu_ids=32.
[    0.060194] Trampoline variant of Tasks RCU enabled.
[    0.060569] Rude variant of Tasks RCU enabled.
[    0.060910] Tracing variant of Tasks RCU enabled.
[    0.061268] rcu: RCU calculated value of scheduler-enlistment delay is 100 jiffies.
[    0.061840] rcu: Adjusting geometry for rcu_fanout_leaf=16, nr_cpu_ids=32
[    0.062371] Running RCU synchronous self tests
[    0.064222] NR_IRQS: 4352, nr_irqs: 680, preallocated irqs: 16
[    0.064858] rcu: srcu_init: Setting srcu_struct sizes based on contention.
[    0.065575] Console: colour *CGA 80x25
[    0.065879] printk: legacy console [ttyS0] enabled
[    0.065879] printk: legacy console [ttyS0] enabled
[    0.066593] printk: legacy bootconsole [earlyser0] disabled
[    0.066593] printk: legacy bootconsole [earlyser0] disabled
[    0.067429] Lock dependency validator: Copyright (c) 2006 Red Hat, Inc., Ingo Molnar
[    0.068007] ... MAX_LOCKDEP_SUBCLASSES:  8
[    0.068316] ... MAX_LOCK_DEPTH:          48
[    0.068631] ... MAX_LOCKDEP_KEYS:        8192
[    0.068962] ... CLASSHASH_SIZE:          4096
[    0.069290] ... MAX_LOCKDEP_ENTRIES:     32768
[    0.069623] ... MAX_LOCKDEP_CHAINS:      65536
[    0.069957] ... CHAINHASH_SIZE:          32768
[    0.070291]  memory used by lock dependency info: 6429 kB
[    0.070695]  memory used for stack traces: 4224 kB
[    0.071054]  per task-struct memory footprint: 1920 bytes
[    0.071472] ACPI: Core revision 20230628
[    0.071864] clocksource: hpet: mask: 0xffffffff max_cycles: 0xffffffff, max_idle_ns: 19112604467 ns
[    0.072662] APIC: Switch to symmetric I/O mode setup
[    0.073050] APIC: Switched APIC routing to: physical flat
[    0.073457] kvm-guest: APIC: send_IPI_mask() replaced with kvm_send_ipi_mask()
[    0.073995] kvm-guest: APIC: send_IPI_mask_allbutself() replaced with kvm_send_ipi_mask_allbutself()
[    0.074687] kvm-guest: setup PV IPIs
[    0.075791] ..TIMER: vector=0x30 apic1=0 pin1=2 apic2=-1 pin2=-1
[    0.076587] tsc: Marking TSC unstable due to TSCs unsynchronized
[    0.077407] Calibrating delay loop (skipped) preset value.. 8983.07 BogoMIPS (lpj=4491536)
[    0.078461] x86/cpu: User Mode Instruction Prevention (UMIP) activated
[    0.079457] Last level iTLB entries: 4KB 512, 2MB 255, 4MB 127
[    0.080403] Last level dTLB entries: 4KB 512, 2MB 255, 4MB 127, 1GB 0
[    0.081406] Spectre V1 : Mitigation: usercopy/swapgs barriers and __user pointer sanitization
[    0.082406] Spectre V2 : Mitigation: Enhanced / Automatic IBRS
[    0.083403] Spectre V2 : Spectre v2 / SpectreRSB mitigation: Filling RSB on context switch
[    0.084404] Spectre V2 : mitigation: Enabling conditional Indirect Branch Prediction Barrier
[    0.085404] Speculative Store Bypass: Mitigation: Speculative Store Bypass disabled via prctl
[    0.086403] Speculative Return Stack Overflow: IBPB-extending microcode not applied!
[    0.087403] Speculative Return Stack Overflow: WARNING: See https://kernel.org/doc/html/latest/admin-guide/hw-vuln/srso.html for mitigation options.
[    0.087403] Speculative Return Stack Overflow: Vulnerable: Safe RET, no microcode
[    0.089422] x86/fpu: Supporting XSAVE feature 0x001: 'x87 floating point registers'
[    0.090403] x86/fpu: Supporting XSAVE feature 0x002: 'SSE registers'
[    0.091403] x86/fpu: Supporting XSAVE feature 0x004: 'AVX registers'
[    0.092403] x86/fpu: Supporting XSAVE feature 0x020: 'AVX-512 opmask'
[    0.093403] x86/fpu: Supporting XSAVE feature 0x040: 'AVX-512 Hi256'
[    0.094213] x86/fpu: Supporting XSAVE feature 0x080: 'AVX-512 ZMM_Hi256'
[    0.094403] x86/fpu: Supporting XSAVE feature 0x200: 'Protection Keys User registers'
[    0.095403] x86/fpu: xstate_offset[2]:  576, xstate_sizes[2]:  256
[    0.096403] x86/fpu: xstate_offset[5]:  832, xstate_sizes[5]:   64
[    0.097403] x86/fpu: xstate_offset[6]:  896, xstate_sizes[6]:  512
[    0.098403] x86/fpu: xstate_offset[7]: 1408, xstate_sizes[7]: 1024
[    0.099187] x86/fpu: xstate_offset[9]: 2432, xstate_sizes[9]:    8
[    0.099403] x86/fpu: Enabled xstate features 0x2e7, context size is 2440 bytes, using 'compacted' format.
[    0.118336] Freeing SMP alternatives memory: 36K
[    0.118404] pid_max: default: 32768 minimum: 301
[    0.119485] Mount-cache hash table entries: 2048 (order: 2, 16384 bytes, linear)
[    0.120405] Mountpoint-cache hash table entries: 2048 (order: 2, 16384 bytes, linear)
[    0.121938] Running RCU synchronous self tests
[    0.122405] Running RCU synchronous self tests
[    0.123473] smpboot: CPU0: AMD Ryzen 9 7950X 16-Core Processor (family: 0x19, model: 0x61, stepping: 0x2)
[    0.124755] RCU Tasks: Setting shift to 5 and lim to 1 rcu_task_cb_adjust=1.
[    0.125432] RCU Tasks Rude: Setting shift to 5 and lim to 1 rcu_task_cb_adjust=1.
[    0.126416] RCU Tasks Trace: Setting shift to 5 and lim to 1 rcu_task_cb_adjust=1.
[    0.127412] Running RCU Tasks wait API self tests
[    0.233449] Running RCU Tasks Rude wait API self tests
[    0.234180] Running RCU Tasks Trace wait API self tests
[    0.234449] Performance Events: Fam17h+ core perfctr, AMD PMU driver.
[    0.235334] ... version:                0
[    0.235406] ... bit width:              48
[    0.235931] ... generic registers:      6
[    0.236405] ... value mask:             0000ffffffffffff
[    0.237089] ... max period:             00007fffffffffff
[    0.237405] ... fixed-purpose events:   0
[    0.237923] ... event mask:             000000000000003f
[    0.238591] signal: max sigframe size: 3376
[    0.239205] rcu: Hierarchical SRCU implementation.
[    0.239406] rcu: Max phase no-delay instances is 400.
[    0.241751] Callback from call_rcu_tasks_trace() invoked.
[    0.244173] smp: Bringing up secondary CPUs ...
[    0.244691] smpboot: x86: Booting SMP configuration:
[    0.245339] .... node  #0, CPUs:        #1  #2  #3  #4  #5  #6  #7  #8  #9 #10 #11 #12 #13 #14 #15 #16 #17 #18 #19 #20 #21 #22 #23 #24 #25 #26 #27 #28 #29 #30 #31
[    0.272569] smp: Brought up 1 node, 32 CPUs
[    0.273952] smpboot: Max logical packages: 1
[    0.274409] smpboot: Total of 32 processors activated (287458.30 BogoMIPS)
[    0.278618] devtmpfs: initialized
[    0.279494] x86/mm: Memory block size: 128MB
[    0.282027] Running RCU synchronous self tests
[    0.282419] Running RCU synchronous self tests
[    0.283095] clocksource: jiffies: mask: 0xffffffff max_cycles: 0xffffffff, max_idle_ns: 1911260446275000 ns
[    0.283409] futex hash table entries: 8192 (order: 8, 1048576 bytes, linear)
[    0.284830] PM: RTC time: 21:08:25, date: 2024-02-09
[    0.286033] NET: Registered PF_NETLINK/PF_ROUTE protocol family
[    0.287002] thermal_sys: Registered thermal governor 'step_wise'
[    0.287004] thermal_sys: Registered thermal governor 'user_space'
[    0.287449] cpuidle: using governor menu
[    0.289781] PCI: Using configuration type 1 for base access
[    0.290407] PCI: Using configuration type 1 for extended access
[    0.291305] kprobes: kprobe jump-optimization is enabled. All kprobes are optimized if possible.
[    0.306119] HugeTLB: registered 1.00 GiB page size, pre-allocated 0 pages
[    0.306406] HugeTLB: 16380 KiB vmemmap can be freed for a 1.00 GiB page
[    0.307249] HugeTLB: registered 2.00 MiB page size, pre-allocated 0 pages
[    0.307405] HugeTLB: 28 KiB vmemmap can be freed for a 2.00 MiB page
[    0.311553] ACPI: Added _OSI(Module Device)
[    0.312093] ACPI: Added _OSI(Processor Device)
[    0.312406] ACPI: Added _OSI(3.0 _SCP Extensions)
[    0.313017] ACPI: Added _OSI(Processor Aggregator Device)
[    0.315447] ACPI: 1 ACPI AML tables successfully acquired and loaded
[    0.317537] ACPI: _OSC evaluation for CPUs failed, trying _PDC
[    0.318891] ACPI: Interpreter enabled
[    0.319411] ACPI: PM: (supports S0 S3 S4 S5)
[    0.319967] ACPI: Using IOAPIC for interrupt routing
[    0.320425] PCI: Using host bridge windows from ACPI; if necessary, use "pci=nocrs" and report a bug
[    0.321405] PCI: Using E820 reservations for host bridge windows
[    0.322462] ACPI: Enabled 2 GPEs in block 00 to 0F
[    0.331715] ACPI: PCI Root Bridge [PCI0] (domain 0000 [bus 00-ff])
[    0.332409] acpi PNP0A03:00: _OSC: OS supports [ExtendedConfig ASPM ClockPM Segments MSI HPX-Type3]
[    0.333892] PCI host bridge to bus 0000:00
[    0.334406] pci_bus 0000:00: root bus resource [io  0x0000-0x0cf7 window]
[    0.335281] pci_bus 0000:00: root bus resource [io  0x0d00-0xffff window]
[    0.335407] pci_bus 0000:00: root bus resource [mem 0x000a0000-0x000bffff window]
[    0.336355] pci_bus 0000:00: root bus resource [mem 0x40000000-0xfebfffff window]
[    0.336405] pci_bus 0000:00: root bus resource [mem 0x100000000-0x17fffffff window]
[    0.337385] pci_bus 0000:00: root bus resource [bus 00-ff]
[    0.337557] pci 0000:00:00.0: [8086:1237] type 00 class 0x060000 conventional PCI endpoint
[    0.338891] pci 0000:00:01.0: [8086:7000] type 00 class 0x060100 conventional PCI endpoint
[    0.339963] pci 0000:00:01.1: [8086:7010] type 00 class 0x010180 conventional PCI endpoint
[    0.342406] pci 0000:00:01.1: BAR 4 [io  0xc080-0xc08f]
[    0.344158] pci 0000:00:01.1: BAR 0 [io  0x01f0-0x01f7]: legacy IDE quirk
[    0.344406] pci 0000:00:01.1: BAR 1 [io  0x03f6]: legacy IDE quirk
[    0.345201] pci 0000:00:01.1: BAR 2 [io  0x0170-0x0177]: legacy IDE quirk
[    0.345410] pci 0000:00:01.1: BAR 3 [io  0x0376]: legacy IDE quirk
[    0.347455] pci 0000:00:01.3: [8086:7113] type 00 class 0x068000 conventional PCI endpoint
[    0.348666] pci 0000:00:01.3: quirk: [io  0x0600-0x063f] claimed by PIIX4 ACPI
[    0.349410] pci 0000:00:01.3: quirk: [io  0x0700-0x070f] claimed by PIIX4 SMB
[    0.350427] Callback from call_rcu_tasks_rude() invoked.
[    0.350907] pci 0000:00:02.0: [1af4:1009] type 00 class 0x000200 conventional PCI endpoint
[    0.353406] pci 0000:00:02.0: BAR 0 [io  0xc000-0xc03f]
[    0.355065] pci 0000:00:02.0: BAR 1 [mem 0xfebfd000-0xfebfdfff]
[    0.360406] pci 0000:00:02.0: BAR 4 [mem 0xfebf4000-0xfebf7fff 64bit pref]
[    0.364666] pci 0000:00:03.0: [1af4:1009] type 00 class 0x000200 conventional PCI endpoint
[    0.366405] pci 0000:00:03.0: BAR 0 [io  0xc040-0xc07f]
[    0.369034] pci 0000:00:03.0: BAR 1 [mem 0xfebfe000-0xfebfefff]
[    0.374406] pci 0000:00:03.0: BAR 4 [mem 0xfebf8000-0xfebfbfff 64bit pref]
[    0.377256] pci 0000:00:04.0: [8086:25ab] type 00 class 0x088000 conventional PCI endpoint
[    0.378910] pci 0000:00:04.0: BAR 0 [mem 0xfebff000-0xfebff00f]
[    0.385151] ACPI: PCI: Interrupt link LNKA configured for IRQ 10
[    0.385570] ACPI: PCI: Interrupt link LNKB configured for IRQ 10
[    0.386484] ACPI: PCI: Interrupt link LNKC configured for IRQ 11
[    0.387425] ACPI: PCI: Interrupt link LNKD configured for IRQ 11
[    0.388293] ACPI: PCI: Interrupt link LNKS configured for IRQ 9
[    0.391752] iommu: Default domain type: Translated
[    0.392376] iommu: DMA domain TLB invalidation policy: lazy mode
[    0.393689] SCSI subsystem initialized
[    0.394211] pps_core: LinuxPPS API ver. 1 registered
[    0.394407] pps_core: Software ver. 5.3.6 - Copyright 2005-2007 Rodolfo Giometti <giometti@linux.it>
[    0.395410] PTP clock support registered
[    0.396480] Advanced Linux Sound Architecture Driver Initialized.
[    0.397992] NET: Registered PF_ATMPVC protocol family
[    0.398406] NET: Registered PF_ATMSVC protocol family
[    0.399073] PCI: Using ACPI for IRQ routing
[    0.400495] vgaarb: loaded
[    0.400791] hpet0: at MMIO 0xfed00000, IRQs 2, 8, 0
[    0.401407] hpet0: 3 comparators, 64-bit 100.000000 MHz counter
[    0.406653] clocksource: Switched to clocksource kvm-clock
[    0.407565] VFS: Disk quotas dquot_6.6.0
[    0.407565] VFS: Dquot-cache hash table entries: 512 (order 0, 4096 bytes)
[    0.409254] pnp: PnP ACPI init
[    0.410183] pnp: PnP ACPI: found 5 devices
[    0.420217] clocksource: acpi_pm: mask: 0xffffff max_cycles: 0xffffff, max_idle_ns: 2085701024 ns
[    0.421425] NET: Registered PF_INET protocol family
[    0.422121] IP idents hash table entries: 16384 (order: 5, 131072 bytes, linear)
[    0.423355] tcp_listen_portaddr_hash hash table entries: 512 (order: 3, 36864 bytes, linear)
[    0.424466] Table-perturb hash table entries: 65536 (order: 6, 262144 bytes, linear)
[    0.425491] TCP established hash table entries: 8192 (order: 4, 65536 bytes, linear)
[    0.426542] TCP bind hash table entries: 8192 (order: 8, 1179648 bytes, linear)
[    0.427874] TCP: Hash tables configured (established 8192 bind 8192)
[    0.428807] UDP hash table entries: 512 (order: 4, 81920 bytes, linear)
[    0.429699] UDP-Lite hash table entries: 512 (order: 4, 81920 bytes, linear)
[    0.430750] NET: Registered PF_UNIX/PF_LOCAL protocol family
[    0.431498] pci_bus 0000:00: resource 4 [io  0x0000-0x0cf7 window]
[    0.432293] pci_bus 0000:00: resource 5 [io  0x0d00-0xffff window]
[    0.433086] pci_bus 0000:00: resource 6 [mem 0x000a0000-0x000bffff window]
[    0.433956] pci_bus 0000:00: resource 7 [mem 0x40000000-0xfebfffff window]
[    0.434838] pci_bus 0000:00: resource 8 [mem 0x100000000-0x17fffffff window]
[    0.435811] pci 0000:00:01.0: PIIX3: Enabling Passive Release
[    0.436556] pci 0000:00:00.0: Limiting direct PCI/PCI transfers
[    0.437348] PCI: CLS 0 bytes, default 64
[    0.437900] kvm_intel: VMX not supported by CPU 3
[    0.438749] kvm_amd: TSC scaling supported
[    0.439312] kvm_amd: Nested Virtualization enabled
[    0.439922] kvm_amd: Nested Paging enabled
[    0.440468] kvm_amd: Virtual VMLOAD VMSAVE supported
[    0.441113] kvm_amd: Virtual GIF supported
[    0.441638] kvm_amd: Virtual NMI enabled
[    0.442148] kvm_amd: LBR virtualization supported
[    0.442864] Callback from call_rcu_tasks() invoked.
[    0.543700] workingset: timestamp_bits=56 max_order=18 bucket_order=0
[    0.544666] squashfs: version 4.0 (2009/01/31) Phillip Lougher
[    0.545436] fuse: init (API version 7.39)
[    0.546042] 9p: Installing v9fs 9p2000 file system support
[    0.546841] Key type asymmetric registered
[    0.547401] Block layer SCSI generic (bsg) driver version 0.4 loaded (major 249)
[    0.548405] io scheduler mq-deadline registered
[    0.548985] io scheduler kyber registered
[    0.550835] input: Power Button as /devices/LNXSYSTM:00/LNXPWRBN:00/input/input0
[    0.552032] ACPI: button: Power Button [PWRF]
[    0.552686] Warning: Processor Platform Limit event detected, but not handled.
[    0.553619] Consider compiling CPUfreq support into your kernel.
[    0.627128] ACPI: \_SB_.LNKB: Enabled at IRQ 10
[    0.699167] ACPI: \_SB_.LNKC: Enabled at IRQ 11
[    0.700554] Serial: 8250/16550 driver, 4 ports, IRQ sharing enabled
[    0.701759] 00:03: ttyS0 at I/O 0x3f8 (irq = 4, base_baud = 115200) is a 16550A
[    0.703801] Non-volatile memory driver v1.3
[    0.704376] Linux agpgart interface v0.103
[    0.705049] ACPI: bus type drm_connector registered
[    0.717827] loop: module loaded
[    0.719533] scsi host0: ata_piix
[    0.720259] scsi host1: ata_piix
[    0.720737] ata1: PATA max MWDMA2 cmd 0x1f0 ctl 0x3f6 bmdma 0xc080 irq 14 lpm-pol 0
[    0.721724] ata2: PATA max MWDMA2 cmd 0x170 ctl 0x376 bmdma 0xc088 irq 15 lpm-pol 0
[    0.723408] i8042: PNP: PS/2 Controller [PNP0303:KBD,PNP0f13:MOU] at 0x60,0x64 irq 1,12
[    0.725146] serio: i8042 KBD port at 0x60,0x64 irq 1
[    0.725799] serio: i8042 AUX port at 0x60,0x64 irq 12
[    0.726996] rtc_cmos 00:04: RTC can wake from S4
[    0.727926] input: AT Translated Set 2 keyboard as /devices/platform/i8042/serio0/input/input1
[    0.730037] rtc_cmos 00:04: registered as rtc0
[    0.730677] rtc_cmos 00:04: setting system clock to 2024-02-09T21:08:25 UTC (1707512905)
[    0.731808] rtc_cmos 00:04: alarms up to one day, y3k, 242 bytes nvram, hpet irqs
[    0.733276] i6300ESB timer 0000:00:04.0: initialized. heartbeat=30 sec (nowayout=0)
[    0.734395] device-mapper: ioctl: 4.48.0-ioctl (2023-03-01) initialised: dm-devel@redhat.com
[    0.736158] NET: Registered PF_PACKET protocol family
[    0.736814] 9pnet: Installing 9P2000 support
[    0.738343] Key type dns_resolver registered
[    0.740451] input: ImExPS/2 Generic Explorer Mouse as /devices/platform/i8042/serio1/input/input3
[    0.743746] IPI shorthand broadcast: enabled
[    0.751910] sched_clock: Marking stable (743001906, 8019996)->(773077471, -22055569)
[    0.753185] registered taskstats version 1
[    0.758270] PM:   Magic number: 12:942:145
[    0.758807] ata_port ata2: hash matches
[    0.759331]  ata2: hash matches
[    0.759751] acpi device:16: hash matches
[    0.760308] printk: legacy console [netcon0] enabled
[    0.760942] netconsole: network logging started
[    0.761695] ALSA device list:
[    0.762096]   No soundcards found.
[    0.881147] ata2: found unknown device (class 0)
[    0.882220] ata2.00: ATAPI: QEMU DVD-ROM, 2.5+, max UDMA/100
[    0.884056] scsi 1:0:0:0: CD-ROM            QEMU     QEMU DVD-ROM     2.5+ PQ: 0 ANSI: 5
[    0.892681] sd 1:0:0:0: Attached scsi generic sg0 type 5
[    0.893442] md: Skipping autodetection of RAID arrays. (raid=autodetect will force)
[    0.894352] 9pnet_virtio: no channels available for device 
[    0.895550] VFS: Mounted root (9p filesystem) readonly on device 0:19.
[    0.896466] devtmpfs: mounted
[    0.898358] Freeing unused kernel image (initmem) memory: 3156K
[    0.907042] Write protecting the kernel read-only data: 22528k
[    0.908098] Freeing unused kernel image (rodata/data gap) memory: 72K
[    0.937075] x86/mm: Checked W+X mappings: passed, no W+X pages found.
[    0.937789] Run /usr/lib/python3.11/site-packages/virtme/guest/virtme-init as init process
[    0.962235] mount (265) used greatest stack depth: 12984 bytes left
[    1.031955] mount (283) used greatest stack depth: 12584 bytes left
[    1.079624] virtme-init (322) used greatest stack depth: 12568 bytes left
[    1.115970] virtme-init: basic initialization done
[    1.122236] virtme-init: udevd not found
[    1.138852] modprobe (343) used greatest stack depth: 12456 bytes left
[    1.179795] virtme-init: Setting hostname to virtme-ng...
[    1.192258] ip (357) used greatest stack depth: 12056 bytes left
          _      _                                    
   __   _(_)_ __| |_ _ __ ___   ___       _ __   __ _ 
   \ \ / / |  __| __|  _   _ \ / _ \_____|  _ \ / _  |
    \ V /| | |  | |_| | | | | |  __/_____| | | | (_| |
     \_/ |_|_|   \__|_| |_| |_|\___|     |_| |_|\__  |
                                                |___/ 
   kernel version: 6.8.0-rc3-virtme x86_64

virtme-ng:/nipa-data/kernel# PS1='xx__-> '
xx__-> env
PWD=/nipa-data/kernel
HOME=/
TERM=xterm
SHLVL=2
XDG_RUNTIME_DIR=/run/user/0
PATH=/bin:/sbin:/usr/bin:/usr/sbin:/usr/local/bin
OLDPWD=/
_=/usr/bin/env
xx__-> 