No EFI environment detected.
early console in extract_kernel
input_data: 0x0000000002be52c4
input_len: 0x0000000000b6b043
output: 0x0000000001000000
output_len: 0x0000000002708bb0
kernel_total_size: 0x0000000002430000
needed_size: 0x0000000002800000
trampoline_32bit: 0x000000000009d000
Physical KASLR using RDRAND RDTSC...
Virtual KASLR using RDRAND RDTSC...

Decompressing Linux... Parsing ELF... Performing relocations... done.
Booting the kernel (entry_offset: 0x0000000000000000).
[    0.000000] Linux version 6.11.0-virtme (root@4ff7123449c5) (gcc (Ubuntu 13.2.0-23ubuntu4) 13.2.0, GNU ld (GNU Binutils for Ubuntu) 2.42) #1 SMP PREEMPT_DYNAMIC Mon Sep 30 06:13:12 UTC 2024
[    0.000000] Command line: virtme_hostname=virtme-ng nr_open=1048576 virtme_link_mods=/nipa-data/kernel/.virtme_mods/lib/modules/0.0.0 virtme_initmount0=nipa-data/kernel virtme_rw_overlay0=/etc virtme_rw_overlay1=/lib virtme_rw_overlay2=/home virtme_rw_overlay3=/opt virtme_rw_overlay4=/srv virtme_rw_overlay5=/usr virtme_rw_overlay6=/var console=hvc0 earlyprintk=serial,ttyS0,115200 virtme_console=ttyS0 psmouse.proto=exps TERM=xterm virtme_chdir=nipa-data/kernel virtme_root_user=1 rootfstype=9p rootflags=version=9p2000.L,trans=virtio,access=any raid=noautodetect ro init=/usr/lib/python3/dist-packages/virtme/guest/virtme-init
[    0.000000] x86/split lock detection: #DB: warning on user-space bus_locks
[    0.000000] BIOS-provided physical RAM map:
[    0.000000] BIOS-e820: [mem 0x0000000000000000-0x000000000009fbff] usable
[    0.000000] BIOS-e820: [mem 0x000000000009fc00-0x000000000009ffff] reserved
[    0.000000] BIOS-e820: [mem 0x00000000000f0000-0x00000000000fffff] reserved
[    0.000000] BIOS-e820: [mem 0x0000000000100000-0x000000003ffdffff] usable
[    0.000000] BIOS-e820: [mem 0x000000003ffe0000-0x000000003fffffff] reserved
[    0.000000] BIOS-e820: [mem 0x00000000feffc000-0x00000000feffffff] reserved
[    0.000000] BIOS-e820: [mem 0x00000000fffc0000-0x00000000ffffffff] reserved
[    0.000000] printk: legacy bootconsole [earlyser0] enabled
[    0.000000] NX (Execute Disable) protection: active
[    0.000000] APIC: Static calls initialized
[    0.000000] SMBIOS 3.0.0 present.
[    0.000000] DMI: QEMU Ubuntu 24.04 PC (i440FX + PIIX, 1996), BIOS 1.16.3-debian-1.16.3-2 04/01/2014
[    0.000000] DMI: Memory slots populated: 1/1
[    0.000000] Hypervisor detected: KVM
[    0.000000] kvm-clock: Using msrs 4b564d01 and 4b564d00
[    0.000001] kvm-clock: using sched offset of 1014810831 cycles
[    0.000741] clocksource: kvm-clock: mask: 0xffffffffffffffff max_cycles: 0x1cd42e4dffb, max_idle_ns: 881590591483 ns
[    0.003055] tsc: Detected 2000.000 MHz processor
[    0.004236] last_pfn = 0x3ffe0 max_arch_pfn = 0x10000000000
[    0.005083] MTRR map: 4 entries (3 fixed + 1 variable; max 19), built from 8 variable MTRRs
[    0.006268] x86/PAT: Configuration [0-7]: WB  WC  UC- UC  WB  WP  UC- WT  
Memory KASLR using RDRAND RDTSC...
[    0.014189] found SMP MP-table at [mem 0x000f5470-0x000f547f]
[    0.015018] Using GB pages for direct mapping
[    0.015778] ACPI: Early table checksum verification disabled
[    0.016581] ACPI: RSDP 0x00000000000F5290 000014 (v00 BOCHS )
[    0.017399] ACPI: RSDT 0x000000003FFE308E 000034 (v01 BOCHS  BXPC     00000001 BXPC 00000001)
[    0.018609] ACPI: FACP 0x000000003FFE2D8A 000074 (v01 BOCHS  BXPC     00000001 BXPC 00000001)
[    0.019825] ACPI: DSDT 0x000000003FFE0040 002D4A (v01 BOCHS  BXPC     00000001 BXPC 00000001)
[    0.021034] ACPI: FACS 0x000000003FFE0000 000040
[    0.021691] ACPI: APIC 0x000000003FFE2DFE 000230 (v03 BOCHS  BXPC     00000001 BXPC 00000001)
[    0.022898] ACPI: HPET 0x000000003FFE302E 000038 (v01 BOCHS  BXPC     00000001 BXPC 00000001)
[    0.024109] ACPI: WAET 0x000000003FFE3066 000028 (v01 BOCHS  BXPC     00000001 BXPC 00000001)
[    0.025315] ACPI: Reserving FACP table memory at [mem 0x3ffe2d8a-0x3ffe2dfd]
[    0.026311] ACPI: Reserving DSDT table memory at [mem 0x3ffe0040-0x3ffe2d89]
[    0.027310] ACPI: Reserving FACS table memory at [mem 0x3ffe0000-0x3ffe003f]
[    0.028308] ACPI: Reserving APIC table memory at [mem 0x3ffe2dfe-0x3ffe302d]
[    0.029311] ACPI: Reserving HPET table memory at [mem 0x3ffe302e-0x3ffe3065]
[    0.030307] ACPI: Reserving WAET table memory at [mem 0x3ffe3066-0x3ffe308d]
[    0.031647] No NUMA configuration found
[    0.032190] Faking a node at [mem 0x0000000000000000-0x000000003ffdffff]
[    0.033142] NODE_DATA(0) allocated [mem 0x3ffdb780-0x3ffdffff]
[    0.034098] Zone ranges:
[    0.034457]   DMA      [mem 0x0000000000001000-0x0000000000ffffff]
[    0.035336]   DMA32    [mem 0x0000000001000000-0x000000003ffdffff]
[    0.036211]   Normal   empty
[    0.036619]   Device   empty
[    0.037026] Movable zone start for each node
[    0.037630] Early memory node ranges
[    0.038135]   node   0: [mem 0x0000000000001000-0x000000000009efff]
[    0.039022]   node   0: [mem 0x0000000000100000-0x000000003ffdffff]
[    0.039911] Initmem setup node 0 [mem 0x0000000000001000-0x000000003ffdffff]
[    0.040911] On node 0, zone DMA: 1 pages in unavailable ranges
[    0.041767] On node 0, zone DMA: 97 pages in unavailable ranges
[    0.046164] On node 0, zone DMA32: 32 pages in unavailable ranges
[    0.047567] ACPI: PM-Timer IO Port: 0x608
[    0.048155] ACPI: LAPIC_NMI (acpi_id[0xff] dfl dfl lint[0x1])
[    0.049020] IOAPIC[0]: apic_id 0, version 17, address 0xfec00000, GSI 0-23
[    0.049996] ACPI: INT_SRC_OVR (bus 0 bus_irq 0 global_irq 2 dfl dfl)
[    0.050896] ACPI: INT_SRC_OVR (bus 0 bus_irq 5 global_irq 5 high level)
[    0.051836] ACPI: INT_SRC_OVR (bus 0 bus_irq 9 global_irq 9 high level)
[    0.052773] ACPI: INT_SRC_OVR (bus 0 bus_irq 10 global_irq 10 high level)
[    0.053733] ACPI: INT_SRC_OVR (bus 0 bus_irq 11 global_irq 11 high level)
[    0.054697] ACPI: Using ACPI (MADT) for SMP configuration information
[    0.055619] ACPI: HPET id: 0x8086a201 base: 0xfed00000
[    0.056350] TSC deadline timer available
[    0.056908] CPU topo: Max. logical packages:   1
[    0.057562] CPU topo: Max. logical dies:       1
[    0.058215] CPU topo: Max. dies per package:   1
[    0.058873] CPU topo: Max. threads per core:   1
[    0.059533] CPU topo: Num. cores per package:    56
[    0.060235] CPU topo: Num. threads per package:  56
[    0.060926] CPU topo: Allowing 56 present CPUs plus 0 hotplug CPUs
[    0.061823] kvm-guest: APIC: eoi() replaced with kvm_guest_apic_eoi_write()
[    0.062824] kvm-guest: KVM setup pv remote TLB flush
[    0.063536] kvm-guest: setup PV sched yield
[    0.064136] PM: hibernation: Registered nosave memory: [mem 0x00000000-0x00000fff]
[    0.065209] PM: hibernation: Registered nosave memory: [mem 0x0009f000-0x0009ffff]
[    0.066279] PM: hibernation: Registered nosave memory: [mem 0x000a0000-0x000effff]
[    0.067353] PM: hibernation: Registered nosave memory: [mem 0x000f0000-0x000fffff]
[    0.068426] [mem 0x40000000-0xfeffbfff] available for PCI devices
[    0.069289] Booting paravirtualized kernel on KVM
[    0.069955] clocksource: refined-jiffies: mask: 0xffffffff max_cycles: 0xffffffff, max_idle_ns: 1910969940391419 ns
[    0.079592] setup_percpu: NR_CPUS:64 nr_cpumask_bits:56 nr_cpu_ids:56 nr_node_ids:1
[    0.085348] percpu: Embedded 58 pages/cpu s199128 r8192 d30248 u262144
[    0.086405] Kernel command line: virtme_hostname=virtme-ng nr_open=1048576 virtme_link_mods=/nipa-data/kernel/.virtme_mods/lib/modules/0.0.0 virtme_initmount0=nipa-data/kernel virtme_rw_overlay0=/etc virtme_rw_overlay1=/lib virtme_rw_overlay2=/home virtme_rw_overlay3=/opt virtme_rw_overlay4=/srv virtme_rw_overlay5=/usr virtme_rw_overlay6=/var console=hvc0 earlyprintk=serial,ttyS0,115200 virtme_console=ttyS0 psmouse.proto=exps TERM=xterm virtme_chdir=nipa-data/kernel virtme_root_user=1 rootfstype=9p rootflags=version=9p2000.L,trans=virtio,access=any raid=noautodetect ro init=/usr/lib/python3/dist-packages/virtme/guest/virtme-init
[    0.094589] Unknown kernel command line parameters "virtme_hostname=virtme-ng nr_open=1048576 virtme_link_mods=/nipa-data/kernel/.virtme_mods/lib/modules/0.0.0 virtme_initmount0=nipa-data/kernel virtme_rw_overlay0=/etc virtme_rw_overlay1=/lib virtme_rw_overlay2=/home virtme_rw_overlay3=/opt virtme_rw_overlay4=/srv virtme_rw_overlay5=/usr virtme_rw_overlay6=/var virtme_console=ttyS0 virtme_chdir=nipa-data/kernel virtme_root_user=1", will be passed to user space.
[    0.100466] random: crng init done
[    0.100955] printk: log_buf_len individual max cpu contribution: 4096 bytes
[    0.101952] printk: log_buf_len total cpu_extra contributions: 225280 bytes
[    0.102949] printk: log_buf_len min size: 262144 bytes
[    0.104379] printk: log_buf_len: 524288 bytes
[    0.105024] printk: early log buf free: 254024(96%)
[    0.106147] Dentry cache hash table entries: 131072 (order: 8, 1048576 bytes, linear)
[    0.107328] Inode-cache hash table entries: 65536 (order: 7, 524288 bytes, linear)
[    0.109231] Fallback order for Node 0: 0 
[    0.109239] Built 1 zonelists, mobility grouping on.  Total pages: 262014
[    0.110723] Policy zone: DMA32
[    0.111139] mem auto-init: stack:all(zero), heap alloc:off, heap free:off
[    0.115611] SLUB: HWalign=64, Order=0-3, MinObjects=0, CPUs=56, Nodes=1
Poking KASLR using RDRAND RDTSC...
[    0.117027] ftrace: allocating 48394 entries in 190 pages
[    0.131743] ftrace: allocated 190 pages with 6 groups
[    0.133673] Dynamic Preempt: voluntary
[    0.135144] rcu: Preemptible hierarchical RCU implementation.
[    0.135955] rcu: RCU event tracing is enabled.
[    0.136572] rcu: RCU restricting CPUs from NR_CPUS=64 to nr_cpu_ids=56.
[    0.137486] Trampoline variant of Tasks RCU enabled.
[    0.138175] Rude variant of Tasks RCU enabled.
[    0.138791] Tracing variant of Tasks RCU enabled.
[    0.139447] rcu: RCU calculated value of scheduler-enlistment delay is 100 jiffies.
[    0.140490] rcu: Adjusting geometry for rcu_fanout_leaf=16, nr_cpu_ids=56
[    0.141460] RCU Tasks: Setting shift to 6 and lim to 1 rcu_task_cb_adjust=1 rcu_task_cpu_ids=56.
[    0.142662] RCU Tasks Rude: Setting shift to 6 and lim to 1 rcu_task_cb_adjust=1 rcu_task_cpu_ids=56.
[    0.143928] RCU Tasks Trace: Setting shift to 6 and lim to 1 rcu_task_cb_adjust=1 rcu_task_cpu_ids=56.
[    0.148511] NR_IRQS: 4352, nr_irqs: 872, preallocated irqs: 16
[    0.149672] rcu: srcu_init: Setting srcu_struct sizes based on contention.
[    0.150904] Console: colour *CGA 80x25
[    0.151471] ACPI: Core revision 20240827
[    0.152174] clocksource: hpet: mask: 0xffffffff max_cycles: 0xffffffff, max_idle_ns: 19112604467 ns
[    0.153560] APIC: Switch to symmetric I/O mode setup
[    0.154431] kvm-guest: APIC: send_IPI_mask() replaced with kvm_send_ipi_mask()
[    0.155795] kvm-guest: APIC: send_IPI_mask_allbutself() replaced with kvm_send_ipi_mask_allbutself()
[    0.157374] kvm-guest: setup PV IPIs
[    0.159437] ..TIMER: vector=0x30 apic1=0 pin1=2 apic2=-1 pin2=-1
[    0.161567] clocksource: tsc-early: mask: 0xffffffffffffffff max_cycles: 0x39a85c9bff6, max_idle_ns: 881590591483 ns
[    0.164512] Calibrating delay loop (skipped) preset value.. 4000.00 BogoMIPS (lpj=2000000)
[    0.166590] x86/cpu: User Mode Instruction Prevention (UMIP) activated
[    0.167628] Last level iTLB entries: 4KB 0, 2MB 0, 4MB 0
[    0.168507] Last level dTLB entries: 4KB 0, 2MB 0, 4MB 0, 1GB 0
[    0.169525] Spectre V1 : Mitigation: usercopy/swapgs barriers and __user pointer sanitization
[    0.170523] Spectre V2 : Spectre BHI mitigation: SW BHB clearing on syscall and VM exit
[    0.171514] Spectre V2 : Mitigation: Enhanced / Automatic IBRS
[    0.172514] Spectre V2 : Spectre v2 / SpectreRSB mitigation: Filling RSB on context switch
[    0.173514] Spectre V2 : Spectre v2 / PBRSB-eIBRS: Retire a single CALL on VMEXIT
[    0.174536] Spectre V2 : mitigation: Enabling conditional Indirect Branch Prediction Barrier
[    0.175517] Speculative Store Bypass: Mitigation: Speculative Store Bypass disabled via prctl
[    0.176508] TAA: Mitigation: TSX disabled
[    0.177593] x86/fpu: Supporting XSAVE feature 0x001: 'x87 floating point registers'
[    0.178514] x86/fpu: Supporting XSAVE feature 0x002: 'SSE registers'
[    0.179514] x86/fpu: Supporting XSAVE feature 0x004: 'AVX registers'
[    0.180514] x86/fpu: Supporting XSAVE feature 0x020: 'AVX-512 opmask'
[    0.181508] x86/fpu: Supporting XSAVE feature 0x040: 'AVX-512 Hi256'
[    0.182507] x86/fpu: Supporting XSAVE feature 0x080: 'AVX-512 ZMM_Hi256'
[    0.183507] x86/fpu: Supporting XSAVE feature 0x200: 'Protection Keys User registers'
[    0.184507] x86/fpu: Supporting XSAVE feature 0x20000: 'AMX Tile config'
[    0.185507] x86/fpu: Supporting XSAVE feature 0x40000: 'AMX Tile data'
[    0.186507] x86/fpu: xstate_offset[2]:  576, xstate_sizes[2]:  256
[    0.187507] x86/fpu: xstate_offset[5]:  832, xstate_sizes[5]:   64
[    0.188514] x86/fpu: xstate_offset[6]:  896, xstate_sizes[6]:  512
[    0.189514] x86/fpu: xstate_offset[7]: 1408, xstate_sizes[7]: 1024
[    0.190515] x86/fpu: xstate_offset[9]: 2432, xstate_sizes[9]:    8
[    0.191515] x86/fpu: xstate_offset[17]: 2496, xstate_sizes[17]:   64
[    0.192508] x86/fpu: xstate_offset[18]: 2560, xstate_sizes[18]: 8192
[    0.193507] x86/fpu: Enabled xstate features 0x602e7, context size is 10752 bytes, using 'compacted' format.
[    0.222220] Freeing SMP alternatives memory: 40K
[    0.222509] pid_max: default: 57344 minimum: 448
[    0.223619] Mount-cache hash table entries: 2048 (order: 2, 16384 bytes, linear)
[    0.224510] Mountpoint-cache hash table entries: 2048 (order: 2, 16384 bytes, linear)
[    0.225986] smpboot: CPU0: Intel(R) Xeon(R) Platinum 8480+ (family: 0x6, model: 0x8f, stepping: 0x6)
[    0.226781] Performance Events: PEBS fmt0-, Sapphire Rapids events, full-width counters, Intel PMU driver.
[    0.227512] ... version:                2
[    0.228322] ... bit width:              48
[    0.228509] ... generic registers:      8
[    0.229314] ... value mask:             0000ffffffffffff
[    0.229509] ... max period:             00007fffffffffff
[    0.230509] ... fixed-purpose events:   3
[    0.231304] ... event mask:             00000007000000ff
[    0.231733] signal: max sigframe size: 11952
[    0.232537] rcu: Hierarchical SRCU implementation.
[    0.233492] rcu: Max phase no-delay instances is 400.
[    0.233545] Timer migration: 2 hierarchy levels; 8 children per group; 2 crossnode level
[    0.235578] smp: Bringing up secondary CPUs ...
[    0.236629] smpboot: x86: Booting SMP configuration:
[    0.237513] .... node  #0, CPUs:        #1  #2  #3  #4  #5  #6  #7  #8  #9 #10 #11 #12 #13 #14 #15 #16 #17 #18 #19 #20 #21 #22 #23 #24 #25 #26 #27 #28 #29 #30 #31 #32 #33 #34 #35 #36 #37 #38 #39 #40 #41 #42 #43 #44 #45 #46 #47 #48 #49 #50 #51 #52 #53 #54 #55
[    0.368875] smp: Brought up 1 node, 56 CPUs
[    0.370387] smpboot: Total of 56 processors activated (224000.00 BogoMIPS)
[    0.385558] Memory: 951192K/1048056K available (16384K kernel code, 2449K rwdata, 6272K rodata, 3124K init, 1872K bss, 72260K reserved, 0K cma-reserved)
[    0.386655] devtmpfs: initialized
[    0.387558] x86/mm: Memory block size: 128MB
[    0.389751] clocksource: jiffies: mask: 0xffffffff max_cycles: 0xffffffff, max_idle_ns: 1911260446275000 ns
[    0.390513] futex hash table entries: 16384 (order: 8, 1048576 bytes, linear)
[    0.391854] PM: RTC time: 06:14:00, date: 2024-09-30
[    0.394343] NET: Registered PF_NETLINK/PF_ROUTE protocol family
[    0.394716] thermal_sys: Registered thermal governor 'step_wise'
[    0.394718] thermal_sys: Registered thermal governor 'user_space'
[    0.395546] cpuidle: using governor menu
[    0.398429] PCI: Using configuration type 1 for base access
[    0.398602] kprobes: kprobe jump-optimization is enabled. All kprobes are optimized if possible.
[    0.429145] HugeTLB: registered 1.00 GiB page size, pre-allocated 0 pages
[    0.432516] HugeTLB: 16380 KiB vmemmap can be freed for a 1.00 GiB page
[    0.435515] HugeTLB: registered 2.00 MiB page size, pre-allocated 0 pages
[    0.439514] HugeTLB: 28 KiB vmemmap can be freed for a 2.00 MiB page
[    0.442664] ACPI: Added _OSI(Module Device)
[    0.443515] ACPI: Added _OSI(Processor Device)
[    0.444454] ACPI: Added _OSI(3.0 _SCP Extensions)
[    0.445510] ACPI: Added _OSI(Processor Aggregator Device)
[    0.447228] ACPI: 1 ACPI AML tables successfully acquired and loaded
[    0.452829] ACPI: Interpreter enabled
[    0.453528] ACPI: PM: (supports S0 S3 S4 S5)
[    0.454426] ACPI: Using IOAPIC for interrupt routing
[    0.455529] PCI: Using host bridge windows from ACPI; if necessary, use "pci=nocrs" and report a bug
[    0.457509] PCI: Using E820 reservations for host bridge windows
[    0.458639] ACPI: Enabled 2 GPEs in block 00 to 0F
[    0.463165] ACPI: PCI Root Bridge [PCI0] (domain 0000 [bus 00-ff])
[    0.464513] acpi PNP0A03:00: _OSC: OS supports [ASPM ClockPM Segments MSI HPX-Type3]
[    0.466510] acpi PNP0A03:00: _OSC: not requesting OS control; OS requires [ExtendedConfig ASPM ClockPM MSI]
[    0.468515] acpi PNP0A03:00: fail to add MMCONFIG information, can't access extended configuration space under this bridge
[    0.470618] PCI host bridge to bus 0000:00
[    0.471471] pci_bus 0000:00: root bus resource [io  0x0000-0x0cf7 window]
[    0.473510] pci_bus 0000:00: root bus resource [io  0x0d00-0xffff window]
[    0.474509] pci_bus 0000:00: root bus resource [mem 0x000a0000-0x000bffff window]
[    0.475509] pci_bus 0000:00: root bus resource [mem 0x40000000-0xfebfffff window]
[    0.477509] pci_bus 0000:00: root bus resource [mem 0x100000000-0x17fffffff window]
[    0.479511] pci_bus 0000:00: root bus resource [bus 00-ff]
[    0.480561] pci 0000:00:00.0: [8086:1237] type 00 class 0x060000 conventional PCI endpoint
[    0.482051] pci 0000:00:01.0: [8086:7000] type 00 class 0x060100 conventional PCI endpoint
[    0.485233] pci 0000:00:01.1: [8086:7010] type 00 class 0x010180 conventional PCI endpoint
[    0.489860] pci 0000:00:01.1: BAR 4 [io  0xc0c0-0xc0cf]
[    0.493397] pci 0000:00:01.1: BAR 0 [io  0x01f0-0x01f7]: legacy IDE quirk
[    0.494512] pci 0000:00:01.1: BAR 1 [io  0x03f6]: legacy IDE quirk
[    0.495509] pci 0000:00:01.1: BAR 2 [io  0x0170-0x0177]: legacy IDE quirk
[    0.497509] pci 0000:00:01.1: BAR 3 [io  0x0376]: legacy IDE quirk
[    0.498741] pci 0000:00:01.3: [8086:7113] type 00 class 0x068000 conventional PCI endpoint
[    0.501097] pci 0000:00:01.3: quirk: [io  0x0600-0x063f] claimed by PIIX4 ACPI
[    0.502519] pci 0000:00:01.3: quirk: [io  0x0700-0x070f] claimed by PIIX4 SMB
[    0.503888] pci 0000:00:02.0: [1af4:1009] type 00 class 0x000200 conventional PCI endpoint
[    0.506511] pci 0000:00:02.0: BAR 0 [io  0xc000-0xc03f]
[    0.509511] pci 0000:00:02.0: BAR 1 [mem 0xfebfc000-0xfebfcfff]
[    0.516512] pci 0000:00:02.0: BAR 4 [mem 0xfebf0000-0xfebf3fff 64bit pref]
[    0.522587] pci 0000:00:03.0: [1af4:1009] type 00 class 0x000200 conventional PCI endpoint
[    0.525498] pci 0000:00:03.0: BAR 0 [io  0xc040-0xc07f]
[    0.527501] pci 0000:00:03.0: BAR 1 [mem 0xfebfd000-0xfebfdfff]
[    0.531512] pci 0000:00:03.0: BAR 4 [mem 0xfebf4000-0xfebf7fff 64bit pref]
[    0.537425] pci 0000:00:04.0: [8086:25ab] type 00 class 0x088000 conventional PCI endpoint
[    0.539889] pci 0000:00:04.0: BAR 0 [mem 0xfebfe000-0xfebfe00f]
[    0.543883] pci 0000:00:05.0: [1af4:1003] type 00 class 0x078000 conventional PCI endpoint
[    0.547445] pci 0000:00:05.0: BAR 0 [io  0xc080-0xc0bf]
[    0.549253] pci 0000:00:05.0: BAR 1 [mem 0xfebff000-0xfebfffff]
[    0.552513] pci 0000:00:05.0: BAR 4 [mem 0xfebf8000-0xfebfbfff 64bit pref]
[    0.556684] ACPI: PCI: Interrupt link LNKA configured for IRQ 10
[    0.558654] ACPI: PCI: Interrupt link LNKB configured for IRQ 10
[    0.559633] ACPI: PCI: Interrupt link LNKC configured for IRQ 11
[    0.561630] ACPI: PCI: Interrupt link LNKD configured for IRQ 11
[    0.562596] ACPI: PCI: Interrupt link LNKS configured for IRQ 9
[    0.565306] iommu: Default domain type: Translated
[    0.566509] iommu: DMA domain TLB invalidation policy: lazy mode
[    0.568635] SCSI subsystem initialized
[    0.569575] pps_core: LinuxPPS API ver. 1 registered
[    0.570509] pps_core: Software ver. 5.3.6 - Copyright 2005-2007 Rodolfo Giometti <giometti@linux.it>
[    0.572511] PTP clock support registered
[    0.574565] Advanced Linux Sound Architecture Driver Initialized.
[    0.576680] NET: Registered PF_ATMPVC protocol family
[    0.577510] NET: Registered PF_ATMSVC protocol family
[    0.578514] PCI: Using ACPI for IRQ routing
[    0.579611] vgaarb: loaded
[    0.580596] hpet0: at MMIO 0xfed00000, IRQs 2, 8, 0
[    0.581510] hpet0: 3 comparators, 64-bit 100.000000 MHz counter
[    0.585863] clocksource: Switched to clocksource kvm-clock
[    0.587357] VFS: Disk quotas dquot_6.6.0
[    0.588205] VFS: Dquot-cache hash table entries: 512 (order 0, 4096 bytes)
[    0.589762] pnp: PnP ACPI init
[    0.591298] pnp: PnP ACPI: found 5 devices
[    0.597558] clocksource: acpi_pm: mask: 0xffffff max_cycles: 0xffffff, max_idle_ns: 2085701024 ns
[    0.599437] NET: Registered PF_INET protocol family
[    0.600496] IP idents hash table entries: 16384 (order: 5, 131072 bytes, linear)
[    0.602424] tcp_listen_portaddr_hash hash table entries: 512 (order: 1, 8192 bytes, linear)
[    0.604155] Table-perturb hash table entries: 65536 (order: 6, 262144 bytes, linear)
[    0.605752] TCP established hash table entries: 8192 (order: 4, 65536 bytes, linear)
[    0.607342] TCP bind hash table entries: 8192 (order: 6, 262144 bytes, linear)
[    0.608854] TCP: Hash tables configured (established 8192 bind 8192)
[    0.610223] UDP hash table entries: 512 (order: 2, 16384 bytes, linear)
[    0.611589] UDP-Lite hash table entries: 512 (order: 2, 16384 bytes, linear)
[    0.613089] NET: Registered PF_UNIX/PF_LOCAL protocol family
[    0.614270] pci_bus 0000:00: resource 4 [io  0x0000-0x0cf7 window]
[    0.615552] pci_bus 0000:00: resource 5 [io  0x0d00-0xffff window]
[    0.616826] pci_bus 0000:00: resource 6 [mem 0x000a0000-0x000bffff window]
[    0.618235] pci_bus 0000:00: resource 7 [mem 0x40000000-0xfebfffff window]
[    0.619647] pci_bus 0000:00: resource 8 [mem 0x100000000-0x17fffffff window]
[    0.621133] pci 0000:00:01.0: PIIX3: Enabling Passive Release
[    0.622327] pci 0000:00:00.0: Limiting direct PCI/PCI transfers
[    0.623640] PCI: CLS 0 bytes, default 64
[    0.641317] RAPL PMU: API unit is 2^-32 Joules, 1 fixed counters, 10737418240 ms ovfl timer
[    0.643256] RAPL PMU: hw unit of domain psys 2^-0 Joules
[    1.167698] kwatchdog (375) used greatest stack depth: 15512 bytes left
[    1.234106] kvm_amd: CPU 54 isn't AMD or Hygon
[    1.235041] clocksource: tsc: mask: 0xffffffffffffffff max_cycles: 0x39a85c9bff6, max_idle_ns: 881590591483 ns
[    1.349997] Initialise system trusted keyrings
[    1.351534] workingset: timestamp_bits=56 max_order=18 bucket_order=0
[    1.352940] squashfs: version 4.0 (2009/01/31) Phillip Lougher
[    1.354169] fuse: init (API version 7.41)
[    1.355299] 9p: Installing v9fs 9p2000 file system support
[    1.366987] Key type asymmetric registered
[    1.367834] Asymmetric key parser 'x509' registered
[    1.368846] Block layer SCSI generic (bsg) driver version 0.4 loaded (major 249)
[    1.370358] io scheduler mq-deadline registered
[    1.371281] io scheduler kyber registered
[    1.387109] input: Power Button as /devices/LNXSYSTM:00/LNXPWRBN:00/input/input0
[    1.389054] ACPI: button: Power Button [PWRF]
[    1.391072] Warning: Processor Platform Limit event detected, but not handled.
[    1.394431] Consider compiling CPUfreq support into your kernel.
[    1.431873] ACPI: \_SB_.LNKB: Enabled at IRQ 10
[    1.446151] ACPI: \_SB_.LNKC: Enabled at IRQ 11
[    1.460272] ACPI: \_SB_.LNKA: Enabled at IRQ 10
[    1.462688] Serial: 8250/16550 driver, 4 ports, IRQ sharing enabled
[    1.464191] 00:03: ttyS0 at I/O 0x3f8 (irq = 4, base_baud = 115200) is a 16550A
[    1.503925] Non-volatile memory driver v1.3
[    1.504812] Linux agpgart interface v0.103
[    1.506425] ACPI: bus type drm_connector registered
[    1.507939] printk: legacy console [hvc0] enabled
[    1.509259] printk: legacy bootconsole [earlyser0] disabled
          _      _                                    
   __   _(_)_ __| |_ _ __ ___   ___       _ __   __ _ 
   \ \ / / |  __| __|  _   _ \ / _ \_____|  _ \ / _  |
    \ V /| | |  | |_| | | | | |  __/_____| | | | (_| |
     \_/ |_|_|   \__|_| |_| |_|\___|     |_| |_|\__  |
                                                |___/ 
   kernel version: 6.11.0-virtme x86_64
   (CTRL+d to exit)

root@virtme-ng:/nipa-data/kernel# PS1='xx__-> '
xx__-> env
PWD=/nipa-data/kernel
nr_open=1048576
HOME=/
TERM=xterm
SHLVL=2
XDG_RUNTIME_DIR=/run/user/0
PATH=/bin:/sbin:/usr/bin:/usr/sbin:/usr/local/bin
OLDPWD=/
_=/bin/env
xx__-> 