No EFI environment detected.
early console in extract_kernel
input_data: 0x0000000004ab42c4
input_len: 0x000000000191a1fe
output: 0x0000000001000000
output_len: 0x000000000535a97c
kernel_total_size: 0x0000000005030000
needed_size: 0x0000000005400000
trampoline_32bit: 0x0000000000000000
Physical KASLR using RDRAND RDTSC...
Virtual KASLR using RDRAND RDTSC...

Decompressing Linux... Parsing ELF... Performing relocations... done.
Booting the kernel (entry_offset: 0x0000000002b35780).
[    0.000000] Linux version 6.14.0-rc2-virtme (root@f13beb270e9a) (gcc (Ubuntu 13.3.0-6ubuntu2~24.04) 13.3.0, GNU ld (GNU Binutils for Ubuntu) 2.42) #1 SMP PREEMPT_DYNAMIC Thu Feb 20 09:27:04 UTC 2025
[    0.000000] Command line: virtme_hostname=virtme-ng nr_open=1048576 virtme_link_mods=/nipa-data/kernel/.virtme_mods/lib/modules/0.0.0 virtme_initmount0=nipa-data/kernel virtme_rw_overlay0=/etc virtme_rw_overlay1=/lib virtme_rw_overlay2=/home virtme_rw_overlay3=/opt virtme_rw_overlay4=/srv virtme_rw_overlay5=/usr virtme_rw_overlay6=/var console=hvc0 earlyprintk=serial,ttyS0,115200 virtme_console=ttyS0 psmouse.proto=exps TERM=xterm virtme_chdir=nipa-data/kernel virtme_root_user=1 rootfstype=9p rootflags=version=9p2000.L,trans=virtio,access=any raid=noautodetect ro init=/usr/lib/python3/dist-packages/virtme/guest/virtme-init
[    0.000000] BIOS-provided physical RAM map:
[    0.000000] BIOS-e820: [mem 0x0000000000000000-0x000000000009fbff] usable
[    0.000000] BIOS-e820: [mem 0x000000000009fc00-0x000000000009ffff] reserved
[    0.000000] BIOS-e820: [mem 0x00000000000f0000-0x00000000000fffff] reserved
[    0.000000] BIOS-e820: [mem 0x0000000000100000-0x000000003ffdffff] usable
[    0.000000] BIOS-e820: [mem 0x000000003ffe0000-0x000000003fffffff] reserved
[    0.000000] BIOS-e820: [mem 0x00000000feffc000-0x00000000feffffff] reserved
[    0.000000] BIOS-e820: [mem 0x00000000fffc0000-0x00000000ffffffff] reserved
[    0.000000] BIOS-e820: [mem 0x000000fd00000000-0x000000ffffffffff] reserved
[    0.000000] printk: legacy bootconsole [earlyser0] enabled
[    0.000000] NX (Execute Disable) protection: active
[    0.000000] APIC: Static calls initialized
[    0.000000] SMBIOS 3.0.0 present.
[    0.000000] DMI: QEMU Ubuntu 24.04 PC (i440FX + PIIX, 1996), BIOS 1.16.3-debian-1.16.3-2 04/01/2014
[    0.000000] DMI: Memory slots populated: 1/1
[    0.000000] Hypervisor detected: KVM
[    0.000000] kvm-clock: Using msrs 4b564d01 and 4b564d00
[    0.000000] kvm-clock: using sched offset of 283147733 cycles
[    0.000368] clocksource: kvm-clock: mask: 0xffffffffffffffff max_cycles: 0x1cd42e4dffb, max_idle_ns: 881590591483 ns
[    0.001508] tsc: Detected 4491.560 MHz processor
[    0.002169] last_pfn = 0x3ffe0 max_arch_pfn = 0x400000000
[    0.002575] MTRR map: 4 entries (3 fixed + 1 variable; max 19), built from 8 variable MTRRs
[    0.003162] x86/PAT: Configuration [0-7]: WB  WC  UC- UC  WB  WP  UC- WT  
[    0.005084] found SMP MP-table at [mem 0x000f5470-0x000f547f]
[    0.005492] Using GB pages for direct mapping
[    0.005989] ACPI: Early table checksum verification disabled
[    0.006389] ACPI: RSDP 0x00000000000F5290 000014 (v00 BOCHS )
[    0.006794] ACPI: RSDT 0x000000003FFE27BC 000034 (v01 BOCHS  BXPC     00000001 BXPC 00000001)
[    0.007396] ACPI: FACP 0x000000003FFE2578 000074 (v01 BOCHS  BXPC     00000001 BXPC 00000001)
[    0.007997] ACPI: DSDT 0x000000003FFE0040 002538 (v01 BOCHS  BXPC     00000001 BXPC 00000001)
[    0.008596] ACPI: FACS 0x000000003FFE0000 000040
[    0.008923] ACPI: APIC 0x000000003FFE25EC 000170 (v03 BOCHS  BXPC     00000001 BXPC 00000001)
[    0.009522] ACPI: HPET 0x000000003FFE275C 000038 (v01 BOCHS  BXPC     00000001 BXPC 00000001)
[    0.010121] ACPI: WAET 0x000000003FFE2794 000028 (v01 BOCHS  BXPC     00000001 BXPC 00000001)
[    0.010724] ACPI: Reserving FACP table memory at [mem 0x3ffe2578-0x3ffe25eb]
[    0.011218] ACPI: Reserving DSDT table memory at [mem 0x3ffe0040-0x3ffe2577]
[    0.011715] ACPI: Reserving FACS table memory at [mem 0x3ffe0000-0x3ffe003f]
[    0.012207] ACPI: Reserving APIC table memory at [mem 0x3ffe25ec-0x3ffe275b]
[    0.012700] ACPI: Reserving HPET table memory at [mem 0x3ffe275c-0x3ffe2793]
[    0.013193] ACPI: Reserving WAET table memory at [mem 0x3ffe2794-0x3ffe27bb]
[    0.013874] No NUMA configuration found
[    0.014142] Faking a node at [mem 0x0000000000000000-0x000000003ffdffff]
[    0.014622] NODE_DATA(0) allocated [mem 0x3ffdb780-0x3ffdffff]
[    0.015044] Zone ranges:
[    0.015221]   DMA      [mem 0x0000000000001000-0x0000000000ffffff]
[    0.015654]   DMA32    [mem 0x0000000001000000-0x000000003ffdffff]
[    0.016086]   Normal   empty
[    0.016288]   Device   empty
[    0.016490] Movable zone start for each node
[    0.016789] Early memory node ranges
[    0.017039]   node   0: [mem 0x0000000000001000-0x000000000009efff]
[    0.017476]   node   0: [mem 0x0000000000100000-0x000000003ffdffff]
[    0.017913] Initmem setup node 0 [mem 0x0000000000001000-0x000000003ffdffff]
[    0.018412] On node 0, zone DMA: 1 pages in unavailable ranges
[    0.018874] On node 0, zone DMA: 97 pages in unavailable ranges
[    0.023417] On node 0, zone DMA32: 32 pages in unavailable ranges
[    0.032453] kasan: KernelAddressSanitizer initialized
[    0.033029] ACPI: PM-Timer IO Port: 0x608
[    0.033319] ACPI: LAPIC_NMI (acpi_id[0xff] dfl dfl lint[0x1])
[    0.033742] IOAPIC[0]: apic_id 0, version 17, address 0xfec00000, GSI 0-23
[    0.034223] ACPI: INT_SRC_OVR (bus 0 bus_irq 0 global_irq 2 dfl dfl)
[    0.034678] ACPI: INT_SRC_OVR (bus 0 bus_irq 5 global_irq 5 high level)
[    0.035140] ACPI: INT_SRC_OVR (bus 0 bus_irq 9 global_irq 9 high level)
[    0.035602] ACPI: INT_SRC_OVR (bus 0 bus_irq 10 global_irq 10 high level)
[    0.036076] ACPI: INT_SRC_OVR (bus 0 bus_irq 11 global_irq 11 high level)
[    0.036551] ACPI: Using ACPI (MADT) for SMP configuration information
[    0.037001] ACPI: HPET id: 0x8086a201 base: 0xfed00000
[    0.037362] TSC deadline timer available
[    0.037645] CPU topo: Max. logical packages:   1
[    0.037967] CPU topo: Max. logical dies:       1
[    0.038292] CPU topo: Max. dies per package:   1
[    0.038624] CPU topo: Max. threads per core:   1
[    0.038947] CPU topo: Num. cores per package:    32
[    0.039288] CPU topo: Num. threads per package:  32
[    0.039628] CPU topo: Allowing 32 present CPUs plus 0 hotplug CPUs
[    0.040076] kvm-guest: APIC: eoi() replaced with kvm_guest_apic_eoi_write()
[    0.040577] kvm-guest: KVM setup pv remote TLB flush
[    0.040926] kvm-guest: setup PV sched yield
[    0.041224] PM: hibernation: Registered nosave memory: [mem 0x00000000-0x00000fff]
[    0.041753] PM: hibernation: Registered nosave memory: [mem 0x0009f000-0x0009ffff]
[    0.042285] PM: hibernation: Registered nosave memory: [mem 0x000a0000-0x000effff]
[    0.042813] PM: hibernation: Registered nosave memory: [mem 0x000f0000-0x000fffff]
[    0.043342] [mem 0x40000000-0xfeffbfff] available for PCI devices
[    0.043768] Booting paravirtualized kernel on KVM
[    0.044097] clocksource: refined-jiffies: mask: 0xffffffff max_cycles: 0xffffffff, max_idle_ns: 1910969940391419 ns
[    0.052774] setup_percpu: NR_CPUS:64 nr_cpumask_bits:32 nr_cpu_ids:32 nr_node_ids:1
[    0.054562] percpu: Embedded 70 pages/cpu s247896 r8192 d30632 u524288
[    0.055087] Kernel command line: virtme_hostname=virtme-ng nr_open=1048576 virtme_link_mods=/nipa-data/kernel/.virtme_mods/lib/modules/0.0.0 virtme_initmount0=nipa-data/kernel virtme_rw_overlay0=/etc virtme_rw_overlay1=/lib virtme_rw_overlay2=/home virtme_rw_overlay3=/opt virtme_rw_overlay4=/srv virtme_rw_overlay5=/usr virtme_rw_overlay6=/var console=hvc0 earlyprintk=serial,ttyS0,115200 virtme_console=ttyS0 psmouse.proto=exps TERM=xterm virtme_chdir=nipa-data/kernel virtme_root_user=1 rootfstype=9p rootflags=version=9p2000.L,trans=virtio,access=any raid=noautodetect ro init=/usr/lib/python3/dist-packages/virtme/guest/virtme-init
[    0.059212] Unknown kernel command line parameters "virtme_hostname=virtme-ng nr_open=1048576 virtme_link_mods=/nipa-data/kernel/.virtme_mods/lib/modules/0.0.0 virtme_initmount0=nipa-data/kernel virtme_rw_overlay0=/etc virtme_rw_overlay1=/lib virtme_rw_overlay2=/home virtme_rw_overlay3=/opt virtme_rw_overlay4=/srv virtme_rw_overlay5=/usr virtme_rw_overlay6=/var virtme_console=ttyS0 virtme_chdir=nipa-data/kernel virtme_root_user=1", will be passed to user space.
[    0.062340] random: crng init done
[    0.062587] printk: log buffer data + meta data: 262144 + 917504 = 1179648 bytes
[    0.063140] Dentry cache hash table entries: 131072 (order: 8, 1048576 bytes, linear)
[    0.063719] Inode-cache hash table entries: 65536 (order: 7, 524288 bytes, linear)
[    0.064664] Fallback order for Node 0: 0 
[    0.064668] Built 1 zonelists, mobility grouping on.  Total pages: 262014
[    0.065445] Policy zone: DMA32
[    0.065665] mem auto-init: stack:all(zero), heap alloc:off, heap free:off
[    0.066152] stackdepot: allocating hash table via alloc_large_system_hash
[    0.066655] stackdepot hash table entries: 1048576 (order: 12, 16777216 bytes, linear)
[    0.074665] SLUB: HWalign=64, Order=0-3, MinObjects=0, CPUs=32, Nodes=1
Poking KASLR using RDRAND RDTSC...
[    0.075446] ftrace: allocating 49069 entries in 192 pages
[    0.092954] ftrace: allocated 192 pages with 2 groups
[    0.094163] Dynamic Preempt: voluntary
[    0.094868] rcu: Preemptible hierarchical RCU implementation.
[    0.095280] rcu: RCU event tracing is enabled.
[    0.095608] rcu: RCU restricting CPUs from NR_CPUS=64 to nr_cpu_ids=32.
[    0.096086] Trampoline variant of Tasks RCU enabled.
[    0.096449] Rude variant of Tasks RCU enabled.
[    0.096774] Tracing variant of Tasks RCU enabled.
[    0.097118] rcu: RCU calculated value of scheduler-enlistment delay is 100 jiffies.
[    0.097671] rcu: Adjusting geometry for rcu_fanout_leaf=16, nr_cpu_ids=32
[    0.098222] RCU Tasks: Setting shift to 5 and lim to 1 rcu_task_cb_adjust=1 rcu_task_cpu_ids=32.
[    0.098868] RCU Tasks Rude: Setting shift to 5 and lim to 1 rcu_task_cb_adjust=1 rcu_task_cpu_ids=32.
[    0.099529] RCU Tasks Trace: Setting shift to 5 and lim to 1 rcu_task_cb_adjust=1 rcu_task_cpu_ids=32.
[    0.109000] NR_IRQS: 4352, nr_irqs: 680, preallocated irqs: 16
[    0.109664] rcu: srcu_init: Setting srcu_struct sizes based on contention.
[    0.110374] Console: colour *CGA 80x25
[    0.110677] ACPI: Core revision 20240827
[    0.111108] clocksource: hpet: mask: 0xffffffff max_cycles: 0xffffffff, max_idle_ns: 19112604467 ns
[    0.111827] APIC: Switch to symmetric I/O mode setup
[    0.112209] kvm-guest: APIC: send_IPI_mask() replaced with kvm_send_ipi_mask()
[    0.112727] kvm-guest: APIC: send_IPI_mask_allbutself() replaced with kvm_send_ipi_mask_allbutself()
[    0.113358] kvm-guest: setup PV IPIs
[    0.114464] ..TIMER: vector=0x30 apic1=0 pin1=2 apic2=-1 pin2=-1
[    0.115259] clocksource: tsc-early: mask: 0xffffffffffffffff max_cycles: 0x40be4320a4d, max_idle_ns: 440795288133 ns
[    0.116616] Calibrating delay loop (skipped) preset value.. 8983.12 BogoMIPS (lpj=4491560)
[    0.117681] x86/cpu: User Mode Instruction Prevention (UMIP) activated
[    0.118672] Last level iTLB entries: 4KB 512, 2MB 255, 4MB 127
[    0.119614] Last level dTLB entries: 4KB 512, 2MB 255, 4MB 127, 1GB 0
[    0.120619] Spectre V1 : Mitigation: usercopy/swapgs barriers and __user pointer sanitization
[    0.121618] Spectre V2 : Mitigation: Enhanced / Automatic IBRS
[    0.122614] Spectre V2 : Spectre v2 / SpectreRSB mitigation: Filling RSB on context switch
[    0.123616] Spectre V2 : mitigation: Enabling conditional Indirect Branch Prediction Barrier
[    0.124616] Speculative Store Bypass: Mitigation: Speculative Store Bypass disabled via prctl
[    0.125615] Speculative Return Stack Overflow: IBPB-extending microcode not applied!
[    0.126614] Speculative Return Stack Overflow: WARNING: See https://kernel.org/doc/html/latest/admin-guide/hw-vuln/srso.html for mitigation options.
[    0.126616] Speculative Return Stack Overflow: Vulnerable: Safe RET, no microcode
[    0.128629] x86/fpu: Supporting XSAVE feature 0x001: 'x87 floating point registers'
[    0.129614] x86/fpu: Supporting XSAVE feature 0x002: 'SSE registers'
[    0.130417] x86/fpu: Supporting XSAVE feature 0x004: 'AVX registers'
[    0.130614] x86/fpu: Supporting XSAVE feature 0x020: 'AVX-512 opmask'
[    0.131614] x86/fpu: Supporting XSAVE feature 0x040: 'AVX-512 Hi256'
[    0.132614] x86/fpu: Supporting XSAVE feature 0x080: 'AVX-512 ZMM_Hi256'
[    0.133614] x86/fpu: Supporting XSAVE feature 0x200: 'Protection Keys User registers'
[    0.134615] x86/fpu: xstate_offset[2]:  576, xstate_sizes[2]:  256
[    0.135379] x86/fpu: xstate_offset[5]:  832, xstate_sizes[5]:   64
[    0.135614] x86/fpu: xstate_offset[6]:  896, xstate_sizes[6]:  512
[    0.136614] x86/fpu: xstate_offset[7]: 1408, xstate_sizes[7]: 1024
[    0.137614] x86/fpu: xstate_offset[9]: 2432, xstate_sizes[9]:    8
[    0.138614] x86/fpu: Enabled xstate features 0x2e7, context size is 2440 bytes, using 'compacted' format.
[    0.160235] Freeing SMP alternatives memory: 40K
[    0.160616] pid_max: default: 32768 minimum: 301
[    0.161303] Mount-cache hash table entries: 2048 (order: 2, 16384 bytes, linear)
[    0.161616] Mountpoint-cache hash table entries: 2048 (order: 2, 16384 bytes, linear)
[    0.164059] smpboot: CPU0: AMD Ryzen 9 7950X 16-Core Processor (family: 0x19, model: 0x61, stepping: 0x2)
[    0.165073] Performance Events: Fam17h+ core perfctr, AMD PMU driver.
[    0.165619] ... version:                0
[    0.166115] ... bit width:              48
[    0.166616] ... generic registers:      6
[    0.167113] ... value mask:             0000ffffffffffff
[    0.167616] ... max period:             00007fffffffffff
[    0.168274] ... fixed-purpose events:   0
[    0.168616] ... event mask:             000000000000003f
[    0.169386] signal: max sigframe size: 3376
[    0.169662] rcu: Hierarchical SRCU implementation.
[    0.170255] rcu: Max phase no-delay instances is 400.
[    0.170693] Timer migration: 2 hierarchy levels; 8 children per group; 2 crossnode level
[    0.175286] smp: Bringing up secondary CPUs ...
[    0.175796] smpboot: x86: Booting SMP configuration:
[    0.176418] .... node  #0, CPUs:        #1  #2  #3  #4  #5  #6  #7  #8  #9 #10 #11 #12 #13 #14 #15 #16 #17 #18 #19 #20 #21 #22 #23 #24 #25 #26 #27 #28 #29 #30 #31
[    0.199724] smp: Brought up 1 node, 32 CPUs
[    0.201134] smpboot: Total of 32 processors activated (287459.84 BogoMIPS)
[    0.205653] Memory: 763132K/1048056K available (44247K kernel code, 11493K rwdata, 10152K rodata, 6116K init, 1528K bss, 269028K reserved, 0K cma-reserved)
[    0.206748] devtmpfs: initialized
[    0.207200] x86/mm: Memory block size: 128MB
[    0.213670] clocksource: jiffies: mask: 0xffffffff max_cycles: 0xffffffff, max_idle_ns: 1911260446275000 ns
[    0.214627] futex hash table entries: 8192 (order: 7, 524288 bytes, linear)
[    0.215856] PM: RTC time: 09:27:31, date: 2025-02-20
[    0.217204] NET: Registered PF_NETLINK/PF_ROUTE protocol family
[    0.218489] thermal_sys: Registered thermal governor 'step_wise'
[    0.218517] cpuidle: using governor menu
[    0.220233] PCI: Using configuration type 1 for base access
[    0.220617] PCI: Using configuration type 1 for extended access
[    0.221491] kprobes: kprobe jump-optimization is enabled. All kprobes are optimized if possible.
[    0.238704] HugeTLB: registered 1.00 GiB page size, pre-allocated 0 pages
[    0.239616] HugeTLB: 16380 KiB vmemmap can be freed for a 1.00 GiB page
[    0.240451] HugeTLB: registered 2.00 MiB page size, pre-allocated 0 pages
[    0.240616] HugeTLB: 28 KiB vmemmap can be freed for a 2.00 MiB page
[    0.241930] ACPI: Added _OSI(Module Device)
[    0.242456] ACPI: Added _OSI(Processor Device)
[    0.243174] ACPI: Added _OSI(3.0 _SCP Extensions)
[    0.243617] ACPI: Added _OSI(Processor Aggregator Device)
[    0.266454] ACPI: 1 ACPI AML tables successfully acquired and loaded
[    0.270262] ACPI: Interpreter enabled
[    0.270674] ACPI: PM: (supports S0 S3 S4 S5)
[    0.271214] ACPI: Using IOAPIC for interrupt routing
[    0.271663] PCI: Using host bridge windows from ACPI; if necessary, use "pci=nocrs" and report a bug
[    0.272616] PCI: Using E820 reservations for host bridge windows
[    0.274389] ACPI: Enabled 2 GPEs in block 00 to 0F
[    0.319354] ACPI: PCI Root Bridge [PCI0] (domain 0000 [bus 00-ff])
[    0.319632] acpi PNP0A03:00: _OSC: OS supports [ExtendedConfig ASPM ClockPM Segments MSI HPX-Type3]
[    0.321089] PCI host bridge to bus 0000:00
[    0.321659] pci_bus 0000:00: root bus resource [io  0x0000-0x0cf7 window]
[    0.322531] pci_bus 0000:00: root bus resource [io  0x0d00-0xffff window]
[    0.322619] pci_bus 0000:00: root bus resource [mem 0x000a0000-0x000bffff window]
[    0.323559] pci_bus 0000:00: root bus resource [mem 0x40000000-0xfebfffff window]
[    0.323619] pci_bus 0000:00: root bus resource [mem 0x100000000-0x17fffffff window]
[    0.324582] pci_bus 0000:00: root bus resource [bus 00-ff]
[    0.324710] pci 0000:00:00.0: [8086:1237] type 00 class 0x060000 conventional PCI endpoint
[    0.326460] pci 0000:00:01.0: [8086:7000] type 00 class 0x060100 conventional PCI endpoint
[    0.327453] pci 0000:00:01.1: [8086:7010] type 00 class 0x010180 conventional PCI endpoint
[    0.327979] pci 0000:00:01.1: BAR 4 [io  0xc0c0-0xc0cf]
[    0.328635] pci 0000:00:01.1: BAR 0 [io  0x01f0-0x01f7]: legacy IDE quirk
[    0.329486] pci 0000:00:01.1: BAR 1 [io  0x03f6]: legacy IDE quirk
[    0.329617] pci 0000:00:01.1: BAR 2 [io  0x0170-0x0177]: legacy IDE quirk
[    0.330464] pci 0000:00:01.1: BAR 3 [io  0x0376]: legacy IDE quirk
[    0.331261] pci 0000:00:01.3: [8086:7113] type 00 class 0x068000 conventional PCI endpoint
[    0.331831] pci 0000:00:01.3: quirk: [io  0x0600-0x063f] claimed by PIIX4 ACPI
[    0.332621] pci 0000:00:01.3: quirk: [io  0x0700-0x070f] claimed by PIIX4 SMB
[    0.334222] pci 0000:00:02.0: [1af4:1009] type 00 class 0x000200 conventional PCI endpoint
[    0.335367] pci 0000:00:02.0: BAR 0 [io  0xc000-0xc03f]
[    0.335621] pci 0000:00:02.0: BAR 1 [mem 0xfebfc000-0xfebfcfff]
[    0.336383] pci 0000:00:02.0: BAR 4 [mem 0xfebf0000-0xfebf3fff 64bit pref]
[    0.347472] pci 0000:00:03.0: [1af4:1009] type 00 class 0x000200 conventional PCI endpoint
[    0.348435] pci 0000:00:03.0: BAR 0 [io  0xc040-0xc07f]
[    0.348621] pci 0000:00:03.0: BAR 1 [mem 0xfebfd000-0xfebfdfff]
[    0.349382] pci 0000:00:03.0: BAR 4 [mem 0xfebf4000-0xfebf7fff 64bit pref]
[    0.360389] pci 0000:00:04.0: [8086:25ab] type 00 class 0x088000 conventional PCI endpoint
[    0.360866] pci 0000:00:04.0: BAR 0 [mem 0xfebfe000-0xfebfe00f]
[    0.372253] pci 0000:00:05.0: [1af4:1003] type 00 class 0x078000 conventional PCI endpoint
[    0.373051] pci 0000:00:05.0: BAR 0 [io  0xc080-0xc0bf]
[    0.373621] pci 0000:00:05.0: BAR 1 [mem 0xfebff000-0xfebfffff]
[    0.374379] pci 0000:00:05.0: BAR 4 [mem 0xfebf8000-0xfebfbfff 64bit pref]
[    0.387710] ACPI: PCI: Interrupt link LNKA configured for IRQ 10
[    0.389360] ACPI: PCI: Interrupt link LNKB configured for IRQ 10
[    0.390492] ACPI: PCI: Interrupt link LNKC configured for IRQ 11
[    0.391486] ACPI: PCI: Interrupt link LNKD configured for IRQ 11
[    0.391981] ACPI: PCI: Interrupt link LNKS configured for IRQ 9
[    0.409963] iommu: Default domain type: Translated
[    0.410581] iommu: DMA domain TLB invalidation policy: lazy mode
[    0.411050] SCSI subsystem initialized
[    0.411834] pps_core: LinuxPPS API ver. 1 registered
[    0.412459] pps_core: Software ver. 5.3.6 - Copyright 2005-2007 Rodolfo Giometti <giometti@linux.it>
[    0.412630] PTP clock support registered
[    0.413198] Advanced Linux Sound Architecture Driver Initialized.
[    0.414699] NET: Registered PF_ATMPVC protocol family
[    0.415340] NET: Registered PF_ATMSVC protocol family
[    0.415655] PCI: Using ACPI for IRQ routing
[    0.416319] vgaarb: loaded
[    0.416727] hpet0: at MMIO 0xfed00000, IRQs 2, 8, 0
[    0.417352] hpet0: 3 comparators, 64-bit 100.000000 MHz counter
[    0.422825] clocksource: Switched to clocksource kvm-clock
[    0.423910] VFS: Disk quotas dquot_6.6.0
[    0.424419] VFS: Dquot-cache hash table entries: 512 (order 0, 4096 bytes)
[    0.425966] pnp: PnP ACPI init
[    0.428603] pnp: PnP ACPI: found 5 devices
[    0.440351] clocksource: acpi_pm: mask: 0xffffff max_cycles: 0xffffff, max_idle_ns: 2085701024 ns
[    0.441523] NET: Registered PF_INET protocol family
[    0.442173] IP idents hash table entries: 16384 (order: 5, 131072 bytes, linear)
[    0.443470] tcp_listen_portaddr_hash hash table entries: 512 (order: 1, 8192 bytes, linear)
[    0.444534] Table-perturb hash table entries: 65536 (order: 6, 262144 bytes, linear)
[    0.445522] TCP established hash table entries: 8192 (order: 4, 65536 bytes, linear)
[    0.446583] TCP bind hash table entries: 8192 (order: 6, 262144 bytes, linear)
[    0.447499] TCP: Hash tables configured (established 8192 bind 8192)
[    0.448451] UDP hash table entries: 512 (order: 3, 32768 bytes, linear)
[    0.449311] UDP-Lite hash table entries: 512 (order: 3, 32768 bytes, linear)
[    0.450394] NET: Registered PF_UNIX/PF_LOCAL protocol family
[    0.451123] pci_bus 0000:00: resource 4 [io  0x0000-0x0cf7 window]
[    0.451897] pci_bus 0000:00: resource 5 [io  0x0d00-0xffff window]
[    0.452686] pci_bus 0000:00: resource 6 [mem 0x000a0000-0x000bffff window]
[    0.453547] pci_bus 0000:00: resource 7 [mem 0x40000000-0xfebfffff window]
[    0.454402] pci_bus 0000:00: resource 8 [mem 0x100000000-0x17fffffff window]
[    0.455475] pci 0000:00:01.0: PIIX3: Enabling Passive Release
[    0.456194] pci 0000:00:00.0: Limiting direct PCI/PCI transfers
[    0.456976] PCI: CLS 0 bytes, default 64
[    0.457544] kvm_intel: VMX not supported by CPU 0
[    0.458151] kvm_amd: TSC scaling supported
[    0.458674] kvm_amd: Nested Virtualization enabled
[    0.459269] kvm_amd: Nested Paging enabled
[    0.459785] kvm_amd: LBR virtualization supported
[    0.460382] kvm_amd: Virtual GIF supported
[    0.460897] kvm_amd: Virtual NMI enabled
[    0.492907] clocksource: tsc: mask: 0xffffffffffffffff max_cycles: 0x40be4320a4d, max_idle_ns: 440795288133 ns
[    0.512323] Initialise system trusted keyrings
[    0.513037] workingset: timestamp_bits=56 max_order=18 bucket_order=0
[    0.513953] squashfs: version 4.0 (2009/01/31) Phillip Lougher
[    0.514696] fuse: init (API version 7.42)
[    0.515324] 9p: Installing v9fs 9p2000 file system support
[    0.525063] Key type asymmetric registered
[    0.525589] Asymmetric key parser 'x509' registered
[    0.526261] Block layer SCSI generic (bsg) driver version 0.4 loaded (major 249)
[    0.527226] io scheduler mq-deadline registered
[    0.527803] io scheduler kyber registered
[    0.530513] input: Power Button as /devices/LNXSYSTM:00/LNXPWRBN:00/input/input0
[    0.531635] ACPI: button: Power Button [PWRF]
[    0.533511] Warning: Processor Platform Limit event detected, but not handled.
[    0.534417] Consider compiling CPUfreq support into your kernel.
[    1.331930] ACPI: \_SB_.LNKB: Enabled at IRQ 10
[    2.122246] ACPI: \_SB_.LNKC: Enabled at IRQ 11
[    2.911155] ACPI: \_SB_.LNKA: Enabled at IRQ 10
[    2.912514] Serial: 8250/16550 driver, 4 ports, IRQ sharing enabled
[    2.913617] 00:03: ttyS0 at I/O 0x3f8 (irq = 4, base_baud = 115200) is a 16550A
[    2.946616] Non-volatile memory driver v1.3
[    2.947196] Linux agpgart interface v0.103
[    2.947901] ACPI: bus type drm_connector registered
[    2.948578] printk: legacy console [hvc0] enabled
[    2.949198] printk: legacy bootconsole [earlyser0] disabled
          _      _                                    
   __   _(_)_ __| |_ _ __ ___   ___       _ __   __ _ 
   \ \ / / |  __| __|  _   _ \ / _ \_____|  _ \ / _  |
    \ V /| | |  | |_| | | | | |  __/_____| | | | (_| |
     \_/ |_|_|   \__|_| |_| |_|\___|     |_| |_|\__  |
                                                |___/ 
   kernel version: 6.14.0-rc2-virtme x86_64
   (CTRL+d to exit)

root@virtme-ng:/nipa-data/kernel# PS1='xx__-> '
xx__-> env
PWD=/nipa-data/kernel
nr_open=1048576
HOME=/
TERM=xterm
SHLVL=2
XDG_RUNTIME_DIR=/run/user/0
PATH=/bin:/sbin:/usr/bin:/usr/sbin:/usr/local/bin
OLDPWD=/
_=/bin/env
xx__-> 