No EFI environment detected.
early console in extract_kernel
input_data: 0x00000000029b82c4
input_len: 0x0000000000bc0240
output: 0x0000000001000000
output_len: 0x0000000002532134
kernel_total_size: 0x0000000002430000
needed_size: 0x0000000002600000
trampoline_32bit: 0x0000000000000000
Physical KASLR using RDRAND RDTSC...
Virtual KASLR using RDRAND RDTSC...

Decompressing Linux... Parsing ELF... Performing relocations... done.
Booting the kernel (entry_offset: 0x0000000000fb75d0).
[    0.000000] Linux version 6.15.0-rc7-virtme (root@137225c011d9) (gcc (Ubuntu 13.3.0-6ubuntu2~24.04) 13.3.0, GNU ld (GNU Binutils for Ubuntu) 2.42) #1 SMP PREEMPT_DYNAMIC Sun May 25 09:05:51 UTC 2025
[    0.000000] Command line: virtme_hostname=virtme-ng nr_open=1048576 virtme_link_mods=/nipa-data/kernel/.virtme_mods/lib/modules/0.0.0 virtme_initmount0=nipa-data/kernel virtme_rw_overlay0=/etc virtme_rw_overlay1=/lib virtme_rw_overlay2=/home virtme_rw_overlay3=/opt virtme_rw_overlay4=/srv virtme_rw_overlay5=/usr virtme_rw_overlay6=/var console=hvc0 earlyprintk=serial,ttyS0,115200 virtme_console=ttyS0 psmouse.proto=exps TERM=xterm virtme_chdir=nipa-data/kernel virtme_root_user=1 rootfstype=9p rootflags=version=9p2000.L,trans=virtio,access=any raid=noautodetect ro init=/usr/lib/python3/dist-packages/virtme/guest/virtme-init
[    0.000000] BIOS-provided physical RAM map:
[    0.000000] BIOS-e820: [mem 0x0000000000000000-0x000000000009fbff] usable
[    0.000000] BIOS-e820: [mem 0x000000000009fc00-0x000000000009ffff] reserved
[    0.000000] BIOS-e820: [mem 0x00000000000f0000-0x00000000000fffff] reserved
[    0.000000] BIOS-e820: [mem 0x0000000000100000-0x000000003ffdffff] usable
[    0.000000] BIOS-e820: [mem 0x000000003ffe0000-0x000000003fffffff] reserved
[    0.000000] BIOS-e820: [mem 0x00000000feffc000-0x00000000feffffff] reserved
[    0.000000] BIOS-e820: [mem 0x00000000fffc0000-0x00000000ffffffff] reserved
[    0.000000] BIOS-e820: [mem 0x000000fd00000000-0x000000ffffffffff] reserved
[    0.000000] printk: legacy bootconsole [earlyser0] enabled
[    0.000000] NX (Execute Disable) protection: active
[    0.000000] APIC: Static calls initialized
[    0.000000] SMBIOS 3.0.0 present.
[    0.000000] DMI: QEMU Ubuntu 24.04 PC (i440FX + PIIX, 1996), BIOS 1.16.3-debian-1.16.3-2 04/01/2014
[    0.000000] DMI: Memory slots populated: 1/1
[    0.000000] Hypervisor detected: KVM
[    0.000000] kvm-clock: Using msrs 4b564d01 and 4b564d00
[    0.000000] kvm-clock: using sched offset of 230558602 cycles
[    0.000368] clocksource: kvm-clock: mask: 0xffffffffffffffff max_cycles: 0x1cd42e4dffb, max_idle_ns: 881590591483 ns
[    0.001510] tsc: Detected 4491.564 MHz processor
[    0.002086] last_pfn = 0x3ffe0 max_arch_pfn = 0x400000000
[    0.002490] MTRR map: 4 entries (3 fixed + 1 variable; max 19), built from 8 variable MTRRs
[    0.003080] x86/PAT: Configuration [0-7]: WB  WC  UC- UC  WB  WP  UC- WT  
Memory KASLR using RDRAND RDTSC...
[    0.005062] found SMP MP-table at [mem 0x000f5470-0x000f547f]
[    0.005469] Using GB pages for direct mapping
[    0.005825] ACPI: Early table checksum verification disabled
[    0.006226] ACPI: RSDP 0x00000000000F5290 000014 (v00 BOCHS )
[    0.006632] ACPI: RSDT 0x000000003FFE27BC 000034 (v01 BOCHS  BXPC     00000001 BXPC 00000001)
[    0.007234] ACPI: FACP 0x000000003FFE2578 000074 (v01 BOCHS  BXPC     00000001 BXPC 00000001)
[    0.007835] ACPI: DSDT 0x000000003FFE0040 002538 (v01 BOCHS  BXPC     00000001 BXPC 00000001)
[    0.008435] ACPI: FACS 0x000000003FFE0000 000040
[    0.008760] ACPI: APIC 0x000000003FFE25EC 000170 (v03 BOCHS  BXPC     00000001 BXPC 00000001)
[    0.009361] ACPI: HPET 0x000000003FFE275C 000038 (v01 BOCHS  BXPC     00000001 BXPC 00000001)
[    0.009961] ACPI: WAET 0x000000003FFE2794 000028 (v01 BOCHS  BXPC     00000001 BXPC 00000001)
[    0.010563] ACPI: Reserving FACP table memory at [mem 0x3ffe2578-0x3ffe25eb]
[    0.011058] ACPI: Reserving DSDT table memory at [mem 0x3ffe0040-0x3ffe2577]
[    0.011553] ACPI: Reserving FACS table memory at [mem 0x3ffe0000-0x3ffe003f]
[    0.012048] ACPI: Reserving APIC table memory at [mem 0x3ffe25ec-0x3ffe275b]
[    0.012544] ACPI: Reserving HPET table memory at [mem 0x3ffe275c-0x3ffe2793]
[    0.013039] ACPI: Reserving WAET table memory at [mem 0x3ffe2794-0x3ffe27bb]
[    0.013673] No NUMA configuration found
[    0.013942] Faking a node at [mem 0x0000000000000000-0x000000003ffdffff]
[    0.014452] NODE_DATA(0) allocated [mem 0x3ffdb600-0x3ffdffff]
[    0.014872] Zone ranges:
[    0.015050]   DMA      [mem 0x0000000000001000-0x0000000000ffffff]
[    0.015485]   DMA32    [mem 0x0000000001000000-0x000000003ffdffff]
[    0.015920]   Normal   empty
[    0.016122]   Device   empty
[    0.016324] Movable zone start for each node
[    0.016624] Early memory node ranges
[    0.016875]   node   0: [mem 0x0000000000001000-0x000000000009efff]
[    0.017315]   node   0: [mem 0x0000000000100000-0x000000003ffdffff]
[    0.017755] Initmem setup node 0 [mem 0x0000000000001000-0x000000003ffdffff]
[    0.018253] On node 0, zone DMA: 1 pages in unavailable ranges
[    0.018671] On node 0, zone DMA: 97 pages in unavailable ranges
[    0.020032] On node 0, zone DMA32: 32 pages in unavailable ranges
[    0.020653] ACPI: PM-Timer IO Port: 0x608
[    0.020939] ACPI: LAPIC_NMI (acpi_id[0xff] dfl dfl lint[0x1])
[    0.021356] IOAPIC[0]: apic_id 0, version 17, address 0xfec00000, GSI 0-23
[    0.021844] ACPI: INT_SRC_OVR (bus 0 bus_irq 0 global_irq 2 dfl dfl)
[    0.022294] ACPI: INT_SRC_OVR (bus 0 bus_irq 5 global_irq 5 high level)
[    0.022761] ACPI: INT_SRC_OVR (bus 0 bus_irq 9 global_irq 9 high level)
[    0.023224] ACPI: INT_SRC_OVR (bus 0 bus_irq 10 global_irq 10 high level)
[    0.023698] ACPI: INT_SRC_OVR (bus 0 bus_irq 11 global_irq 11 high level)
[    0.024174] ACPI: Using ACPI (MADT) for SMP configuration information
[    0.024625] ACPI: HPET id: 0x8086a201 base: 0xfed00000
[    0.024985] TSC deadline timer available
[    0.025262] CPU topo: Max. logical packages:   1
[    0.025585] CPU topo: Max. logical dies:       1
[    0.025907] CPU topo: Max. dies per package:   1
[    0.026234] CPU topo: Max. threads per core:   1
[    0.026558] CPU topo: Num. cores per package:    32
[    0.026899] CPU topo: Num. threads per package:  32
[    0.027240] CPU topo: Allowing 32 present CPUs plus 0 hotplug CPUs
[    0.027678] kvm-guest: APIC: eoi() replaced with kvm_guest_apic_eoi_write()
[    0.028172] kvm-guest: KVM setup pv remote TLB flush
[    0.028521] kvm-guest: setup PV sched yield
[    0.028816] PM: hibernation: Registered nosave memory: [mem 0x00000000-0x00000fff]
[    0.029346] PM: hibernation: Registered nosave memory: [mem 0x0009f000-0x000fffff]
[    0.029876] [mem 0x40000000-0xfeffbfff] available for PCI devices
[    0.030305] Booting paravirtualized kernel on KVM
[    0.030635] clocksource: refined-jiffies: mask: 0xffffffff max_cycles: 0xffffffff, max_idle_ns: 1910969940391419 ns
[    0.034113] setup_percpu: NR_CPUS:64 nr_cpumask_bits:32 nr_cpu_ids:32 nr_node_ids:1
[    0.035238] percpu: Embedded 53 pages/cpu s178392 r8192 d30504 u262144
[    0.035726] Kernel command line: virtme_hostname=virtme-ng nr_open=1048576 virtme_link_mods=/nipa-data/kernel/.virtme_mods/lib/modules/0.0.0 virtme_initmount0=nipa-data/kernel virtme_rw_overlay0=/etc virtme_rw_overlay1=/lib virtme_rw_overlay2=/home virtme_rw_overlay3=/opt virtme_rw_overlay4=/srv virtme_rw_overlay5=/usr virtme_rw_overlay6=/var console=hvc0 earlyprintk=serial,ttyS0,115200 virtme_console=ttyS0 psmouse.proto=exps TERM=xterm virtme_chdir=nipa-data/kernel virtme_root_user=1 rootfstype=9p rootflags=version=9p2000.L,trans=virtio,access=any raid=noautodetect ro init=/usr/lib/python3/dist-packages/virtme/guest/virtme-init
[    0.039808] Unknown kernel command line parameters "virtme_hostname=virtme-ng nr_open=1048576 virtme_link_mods=/nipa-data/kernel/.virtme_mods/lib/modules/0.0.0 virtme_initmount0=nipa-data/kernel virtme_rw_overlay0=/etc virtme_rw_overlay1=/lib virtme_rw_overlay2=/home virtme_rw_overlay3=/opt virtme_rw_overlay4=/srv virtme_rw_overlay5=/usr virtme_rw_overlay6=/var virtme_console=ttyS0 virtme_chdir=nipa-data/kernel virtme_root_user=1", will be passed to user space.
[    0.042933] random: crng init done
[    0.043177] printk: log buffer data + meta data: 262144 + 917504 = 1179648 bytes
[    0.043735] Dentry cache hash table entries: 131072 (order: 8, 1048576 bytes, linear)
[    0.044316] Inode-cache hash table entries: 65536 (order: 7, 524288 bytes, linear)
[    0.044943] Fallback order for Node 0: 0 
[    0.044945] Built 1 zonelists, mobility grouping on.  Total pages: 262014
[    0.045719] Policy zone: DMA32
[    0.045938] mem auto-init: stack:all(zero), heap alloc:off, heap free:off
[    0.046959] SLUB: HWalign=64, Order=0-3, MinObjects=0, CPUs=32, Nodes=1
Poking KASLR using RDRAND RDTSC...
[    0.054301] ftrace: allocating 48784 entries in 192 pages
[    0.054690] ftrace: allocated 192 pages with 2 groups
[    0.055628] Dynamic Preempt: voluntary
[    0.056019] rcu: Preemptible hierarchical RCU implementation.
[    0.056432] rcu: RCU event tracing is enabled.
[    0.056762] rcu: RCU restricting CPUs from NR_CPUS=64 to nr_cpu_ids=32.
[    0.057244] Trampoline variant of Tasks RCU enabled.
[    0.057607] Rude variant of Tasks RCU enabled.
[    0.057935] Tracing variant of Tasks RCU enabled.
[    0.058285] rcu: RCU calculated value of scheduler-enlistment delay is 100 jiffies.
[    0.058836] rcu: Adjusting geometry for rcu_fanout_leaf=16, nr_cpu_ids=32
[    0.059330] RCU Tasks: Setting shift to 5 and lim to 1 rcu_task_cb_adjust=1 rcu_task_cpu_ids=32.
[    0.059962] RCU Tasks Rude: Setting shift to 5 and lim to 1 rcu_task_cb_adjust=1 rcu_task_cpu_ids=32.
[    0.060626] RCU Tasks Trace: Setting shift to 5 and lim to 1 rcu_task_cb_adjust=1 rcu_task_cpu_ids=32.
[    0.063021] NR_IRQS: 4352, nr_irqs: 680, preallocated irqs: 16
[    0.063609] rcu: srcu_init: Setting srcu_struct sizes based on contention.
[    0.064237] Console: colour *CGA 80x25
[    0.064512] ACPI: Core revision 20240827
[    0.064857] clocksource: hpet: mask: 0xffffffff max_cycles: 0xffffffff, max_idle_ns: 19112604467 ns
[    0.065564] APIC: Switch to symmetric I/O mode setup
[    0.066053] x2apic enabled
[    0.066422] APIC: Switched APIC routing to: physical x2apic
[    0.066823] kvm-guest: APIC: send_IPI_mask() replaced with kvm_send_ipi_mask()
[    0.067334] kvm-guest: APIC: send_IPI_mask_allbutself() replaced with kvm_send_ipi_mask_allbutself()
[    0.067968] kvm-guest: setup PV IPIs
[    0.068942] ..TIMER: vector=0x30 apic1=0 pin1=2 apic2=-1 pin2=-1
[    0.069716] clocksource: tsc-early: mask: 0xffffffffffffffff max_cycles: 0x40be463295d, max_idle_ns: 440795209293 ns
[    0.071050] Calibrating delay loop (skipped) preset value.. 8983.12 BogoMIPS (lpj=4491564)
[    0.072111] x86/cpu: User Mode Instruction Prevention (UMIP) activated
[    0.073097] Last level iTLB entries: 4KB 512, 2MB 255, 4MB 127
[    0.074049] Last level dTLB entries: 4KB 512, 2MB 255, 4MB 127, 1GB 0
[    0.075052] Spectre V1 : Mitigation: usercopy/swapgs barriers and __user pointer sanitization
[    0.076052] Spectre V2 : Mitigation: Enhanced / Automatic IBRS
[    0.076779] Spectre V2 : mitigation: Enabling conditional Indirect Branch Prediction Barrier
[    0.077050] Speculative Store Bypass: Mitigation: Speculative Store Bypass disabled via prctl
[    0.078049] Speculative Return Stack Overflow: IBPB-extending microcode not applied!
[    0.079049] Speculative Return Stack Overflow: WARNING: See https://kernel.org/doc/html/latest/admin-guide/hw-vuln/srso.html for mitigation options.
[    0.079050] Speculative Return Stack Overflow: Vulnerable: Safe RET, no microcode
[    0.081064] x86/fpu: Supporting XSAVE feature 0x001: 'x87 floating point registers'
[    0.082049] x86/fpu: Supporting XSAVE feature 0x002: 'SSE registers'
[    0.083049] x86/fpu: Supporting XSAVE feature 0x004: 'AVX registers'
[    0.084049] x86/fpu: Supporting XSAVE feature 0x020: 'AVX-512 opmask'
[    0.084834] x86/fpu: Supporting XSAVE feature 0x040: 'AVX-512 Hi256'
[    0.085049] x86/fpu: Supporting XSAVE feature 0x080: 'AVX-512 ZMM_Hi256'
[    0.086049] x86/fpu: Supporting XSAVE feature 0x200: 'Protection Keys User registers'
[    0.087049] x86/fpu: xstate_offset[2]:  576, xstate_sizes[2]:  256
[    0.088049] x86/fpu: xstate_offset[5]:  832, xstate_sizes[5]:   64
[    0.089049] x86/fpu: xstate_offset[6]:  896, xstate_sizes[6]:  512
[    0.089802] x86/fpu: xstate_offset[7]: 1408, xstate_sizes[7]: 1024
[    0.090049] x86/fpu: xstate_offset[9]: 2432, xstate_sizes[9]:    8
[    0.091049] x86/fpu: Enabled xstate features 0x2e7, context size is 2440 bytes, using 'compacted' format.
[    0.106949] Freeing SMP alternatives memory: 44K
[    0.107050] pid_max: default: 32768 minimum: 301
[    0.108069] Mount-cache hash table entries: 2048 (order: 2, 16384 bytes, linear)
[    0.108971] Mountpoint-cache hash table entries: 2048 (order: 2, 16384 bytes, linear)
[    0.110150] smpboot: CPU0: AMD Ryzen 9 7950X 16-Core Processor (family: 0x19, model: 0x61, stepping: 0x2)
[    0.111150] Performance Events: Fam17h+ core perfctr, AMD PMU driver.
[    0.111958] ... version:                0
[    0.112051] ... bit width:              48
[    0.112551] ... generic registers:      6
[    0.113045] ... value mask:             0000ffffffffffff
[    0.113050] ... max period:             00007fffffffffff
[    0.113700] ... fixed-purpose events:   0
[    0.114050] ... event mask:             000000000000003f
[    0.114776] signal: max sigframe size: 3376
[    0.115064] rcu: Hierarchical SRCU implementation.
[    0.115650] rcu: Max phase no-delay instances is 400.
[    0.116074] Timer migration: 2 hierarchy levels; 8 children per group; 2 crossnode level
[    0.119106] smp: Bringing up secondary CPUs ...
[    0.119715] smpboot: x86: Booting SMP configuration:
[    0.120052] .... node  #0, CPUs:        #1  #2  #3  #4  #5  #6  #7  #8  #9 #10 #11 #12 #13 #14 #15 #16 #17 #18 #19 #20 #21 #22 #23 #24 #25 #26 #27 #28 #29 #30 #31
[    0.131142] smp: Brought up 1 node, 32 CPUs
[    0.132571] smpboot: Total of 32 processors activated (287460.09 BogoMIPS)
[    0.134189] Memory: 971008K/1048056K available (16094K kernel code, 2479K rwdata, 6436K rodata, 3196K init, 1680K bss, 62532K reserved, 0K cma-reserved)
[    0.135165] devtmpfs: initialized
[    0.135491] x86/mm: Memory block size: 128MB
[    0.136760] clocksource: jiffies: mask: 0xffffffff max_cycles: 0xffffffff, max_idle_ns: 1911260446275000 ns
[    0.137051] posixtimers hash table entries: 16384 (order: 6, 262144 bytes, linear)
[    0.137992] futex hash table entries: 8192 (order: 7, 524288 bytes, linear)
[    0.138136] PM: RTC time: 09:06:08, date: 2025-05-25
[    0.139070] NET: Registered PF_NETLINK/PF_ROUTE protocol family
[    0.139936] thermal_sys: Registered thermal governor 'step_wise'
[    0.139945] cpuidle: using governor menu
[    0.141413] PCI: Using configuration type 1 for base access
[    0.142054] PCI: Using configuration type 1 for extended access
[    0.142854] kprobes: kprobe jump-optimization is enabled. All kprobes are optimized if possible.
[    0.158093] HugeTLB: allocation took 0ms with hugepage_allocation_threads=8
[    0.158989] HugeTLB: registered 1.00 GiB page size, pre-allocated 0 pages
[    0.159050] HugeTLB: 16380 KiB vmemmap can be freed for a 1.00 GiB page
[    0.159872] HugeTLB: registered 2.00 MiB page size, pre-allocated 0 pages
[    0.160050] HugeTLB: 28 KiB vmemmap can be freed for a 2.00 MiB page
[    0.164243] ACPI: Added _OSI(Module Device)
[    0.164763] ACPI: Added _OSI(Processor Device)
[    0.165051] ACPI: Added _OSI(3.0 _SCP Extensions)
[    0.165632] ACPI: Added _OSI(Processor Aggregator Device)
[    0.166709] ACPI: 1 ACPI AML tables successfully acquired and loaded
[    0.167432] ACPI: Interpreter enabled
[    0.168058] ACPI: PM: (supports S0 S3 S4 S5)
[    0.168585] ACPI: Using IOAPIC for interrupt routing
[    0.169058] PCI: Using host bridge windows from ACPI; if necessary, use "pci=nocrs" and report a bug
[    0.170050] PCI: Using E820 reservations for host bridge windows
[    0.170877] ACPI: Enabled 2 GPEs in block 00 to 0F
[    0.173634] ACPI: PCI Root Bridge [PCI0] (domain 0000 [bus 00-ff])
[    0.174053] acpi PNP0A03:00: _OSC: OS supports [ExtendedConfig ASPM ClockPM Segments MSI HPX-Type3]
[    0.175138] PCI host bridge to bus 0000:00
[    0.175647] pci_bus 0000:00: root bus resource [io  0x0000-0x0cf7 window]
[    0.176051] pci_bus 0000:00: root bus resource [io  0x0d00-0xffff window]
[    0.176887] pci_bus 0000:00: root bus resource [mem 0x000a0000-0x000bffff window]
[    0.177051] pci_bus 0000:00: root bus resource [mem 0x40000000-0xfebfffff window]
[    0.177969] pci_bus 0000:00: root bus resource [mem 0x100000000-0x17fffffff window]
[    0.178051] pci_bus 0000:00: root bus resource [bus 00-ff]
[    0.178804] pci 0000:00:00.0: [8086:1237] type 00 class 0x060000 conventional PCI endpoint
[    0.179313] pci 0000:00:01.0: [8086:7000] type 00 class 0x060100 conventional PCI endpoint
[    0.180316] pci 0000:00:01.1: [8086:7010] type 00 class 0x010180 conventional PCI endpoint
[    0.181462] pci 0000:00:01.1: BAR 4 [io  0xc0c0-0xc0cf]
[    0.182069] pci 0000:00:01.1: BAR 0 [io  0x01f0-0x01f7]: legacy IDE quirk
[    0.182911] pci 0000:00:01.1: BAR 1 [io  0x03f6]: legacy IDE quirk
[    0.183051] pci 0000:00:01.1: BAR 2 [io  0x0170-0x0177]: legacy IDE quirk
[    0.183883] pci 0000:00:01.1: BAR 3 [io  0x0376]: legacy IDE quirk
[    0.184139] pci 0000:00:01.3: [8086:7113] type 00 class 0x068000 conventional PCI endpoint
[    0.185240] pci 0000:00:01.3: quirk: [io  0x0600-0x063f] claimed by PIIX4 ACPI
[    0.186055] pci 0000:00:01.3: quirk: [io  0x0700-0x070f] claimed by PIIX4 SMB
[    0.187092] pci 0000:00:02.0: [1af4:1009] type 00 class 0x000200 conventional PCI endpoint
[    0.188922] pci 0000:00:02.0: BAR 0 [io  0xc000-0xc03f]
[    0.189055] pci 0000:00:02.0: BAR 1 [mem 0xfebfc000-0xfebfcfff]
[    0.189800] pci 0000:00:02.0: BAR 4 [mem 0xfebf0000-0xfebf3fff 64bit pref]
[    0.190707] pci 0000:00:03.0: [1af4:1009] type 00 class 0x000200 conventional PCI endpoint
[    0.191529] pci 0000:00:03.0: BAR 0 [io  0xc040-0xc07f]
[    0.192055] pci 0000:00:03.0: BAR 1 [mem 0xfebfd000-0xfebfdfff]
[    0.192802] pci 0000:00:03.0: BAR 4 [mem 0xfebf4000-0xfebf7fff 64bit pref]
[    0.193568] pci 0000:00:04.0: [8086:25ab] type 00 class 0x088000 conventional PCI endpoint
[    0.194420] pci 0000:00:04.0: BAR 0 [mem 0xfebfe000-0xfebfe00f]
[    0.195449] pci 0000:00:05.0: [1af4:1003] type 00 class 0x078000 conventional PCI endpoint
[    0.196786] pci 0000:00:05.0: BAR 0 [io  0xc080-0xc0bf]
[    0.197055] pci 0000:00:05.0: BAR 1 [mem 0xfebff000-0xfebfffff]
[    0.197895] pci 0000:00:05.0: BAR 4 [mem 0xfebf8000-0xfebfbfff 64bit pref]
[    0.198760] ACPI: PCI: Interrupt link LNKA configured for IRQ 10
[    0.199155] ACPI: PCI: Interrupt link LNKB configured for IRQ 10
[    0.199989] ACPI: PCI: Interrupt link LNKC configured for IRQ 11
[    0.200144] ACPI: PCI: Interrupt link LNKD configured for IRQ 11
[    0.200948] ACPI: PCI: Interrupt link LNKS configured for IRQ 9
[    0.201858] iommu: Default domain type: Translated
[    0.202051] iommu: DMA domain TLB invalidation policy: lazy mode
[    0.202827] SCSI subsystem initialized
[    0.203079] pps_core: LinuxPPS API ver. 1 registered
[    0.203697] pps_core: Software ver. 5.3.6 - Copyright 2005-2007 Rodolfo Giometti <giometti@linux.it>
[    0.204053] PTP clock support registered
[    0.204554] Advanced Linux Sound Architecture Driver Initialized.
[    0.205301] NET: Registered PF_ATMPVC protocol family
[    0.205937] NET: Registered PF_ATMSVC protocol family
[    0.206056] PCI: Using ACPI for IRQ routing
[    0.206660] vgaarb: loaded
[    0.207066] hpet0: at MMIO 0xfed00000, IRQs 2, 8, 0
[    0.207669] hpet0: 3 comparators, 64-bit 100.000000 MHz counter
[    0.213122] clocksource: Switched to clocksource kvm-clock
[    0.213812] VFS: Disk quotas dquot_6.6.0
[    0.214305] VFS: Dquot-cache hash table entries: 512 (order 0, 4096 bytes)
[    0.215712] pnp: PnP ACPI init
[    0.216275] pnp: PnP ACPI: found 5 devices
[    0.222781] clocksource: acpi_pm: mask: 0xffffff max_cycles: 0xffffff, max_idle_ns: 2085701024 ns
[    0.223895] NET: Registered PF_INET protocol family
[    0.224605] IP idents hash table entries: 16384 (order: 5, 131072 bytes, linear)
[    0.225667] tcp_listen_portaddr_hash hash table entries: 512 (order: 1, 8192 bytes, linear)
[    0.226719] Table-perturb hash table entries: 65536 (order: 6, 262144 bytes, linear)
[    0.227689] TCP established hash table entries: 8192 (order: 4, 65536 bytes, linear)
[    0.228655] TCP bind hash table entries: 8192 (order: 6, 262144 bytes, linear)
[    0.229559] TCP: Hash tables configured (established 8192 bind 8192)
[    0.230371] UDP hash table entries: 512 (order: 3, 32768 bytes, linear)
[    0.231197] UDP-Lite hash table entries: 512 (order: 3, 32768 bytes, linear)
[    0.232098] NET: Registered PF_UNIX/PF_LOCAL protocol family
[    0.232803] pci_bus 0000:00: resource 4 [io  0x0000-0x0cf7 window]
[    0.233572] pci_bus 0000:00: resource 5 [io  0x0d00-0xffff window]
[    0.234343] pci_bus 0000:00: resource 6 [mem 0x000a0000-0x000bffff window]
[    0.235197] pci_bus 0000:00: resource 7 [mem 0x40000000-0xfebfffff window]
[    0.236052] pci_bus 0000:00: resource 8 [mem 0x100000000-0x17fffffff window]
[    0.236949] pci 0000:00:01.0: PIIX3: Enabling Passive Release
[    0.237664] pci 0000:00:00.0: Limiting direct PCI/PCI transfers
[    0.238438] PCI: CLS 0 bytes, default 64
[    0.238999] kvm_intel: VMX not supported by CPU 0
[    0.239590] kvm_amd: TSC scaling supported
[    0.240105] kvm_amd: Nested Virtualization enabled
[    0.240697] kvm_amd: Nested Paging enabled
[    0.241210] kvm_amd: LBR virtualization supported
[    0.241802] kvm_amd: Virtual GIF supported
[    0.242313] kvm_amd: Virtual NMI enabled
[    0.267776] clocksource: tsc: mask: 0xffffffffffffffff max_cycles: 0x40be463295d, max_idle_ns: 440795209293 ns
[    0.273892] Initialise system trusted keyrings
[    0.274515] workingset: timestamp_bits=56 max_order=18 bucket_order=0
[    0.275351] squashfs: version 4.0 (2009/01/31) Phillip Lougher
[    0.276101] fuse: init (API version 7.43)
[    0.276635] 9p: Installing v9fs 9p2000 file system support
[    0.283891] Key type asymmetric registered
[    0.284416] Asymmetric key parser 'x509' registered
[    0.285042] Block layer SCSI generic (bsg) driver version 0.4 loaded (major 249)
[    0.285993] io scheduler mq-deadline registered
[    0.286561] io scheduler kyber registered
[    0.288476] input: Power Button as /devices/LNXSYSTM:00/LNXPWRBN:00/input/input0
[    0.289455] ACPI: button: Power Button [PWRF]
[    0.290380] Warning: Processor Platform Limit event detected, but not handled.
[    0.291281] Consider compiling CPUfreq support into your kernel.
[    0.308545] ACPI: \_SB_.LNKB: Enabled at IRQ 10
[    0.324092] ACPI: \_SB_.LNKC: Enabled at IRQ 11
[    0.339549] ACPI: \_SB_.LNKA: Enabled at IRQ 10
[    0.340645] Serial: 8250/16550 driver, 4 ports, IRQ sharing enabled
[    0.341547] 00:03: ttyS0 at I/O 0x3f8 (irq = 4, base_baud = 115200) is a 16550A
[    0.380602] Non-volatile memory driver v1.3
[    0.381144] Linux agpgart interface v0.103
[    0.381233] ACPI: bus type drm_connector registered
[    0.382300] printk: legacy console [hvc0] enabled
[    0.382884] printk: legacy bootconsole [earlyser0] disabled
          _      _                                    
   __   _(_)_ __| |_ _ __ ___   ___       _ __   __ _ 
   \ \ / / |  __| __|  _   _ \ / _ \_____|  _ \ / _  |
    \ V /| | |  | |_| | | | | |  __/_____| | | | (_| |
     \_/ |_|_|   \__|_| |_| |_|\___|     |_| |_|\__  |
                                                |___/ 
   kernel version: 6.15.0-rc7-virtme x86_64
   (CTRL+d to exit)

root@virtme-ng:/nipa-data/kernel# PS1='xx__-> '
xx__-> env
PWD=/nipa-data/kernel
nr_open=1048576
HOME=/
TERM=xterm
SHLVL=2
XDG_RUNTIME_DIR=/run/user/0
PATH=/bin:/sbin:/usr/bin:/usr/sbin:/usr/local/bin
OLDPWD=/
_=/bin/env
xx__-> 