No EFI environment detected.
early console in extract_kernel
input_data: 0x0000000002bdf2c4
input_len: 0x0000000000b830b8
output: 0x0000000001000000
output_len: 0x000000000271ac24
kernel_total_size: 0x0000000002430000
needed_size: 0x0000000002800000
trampoline_32bit: 0x0000000000000000
Physical KASLR using RDRAND RDTSC...
Virtual KASLR using RDRAND RDTSC...

Decompressing Linux... Parsing ELF... Performing relocations... done.
Booting the kernel (entry_offset: 0x0000000000000000).
[    0.000000] Linux version 6.13.0-rc7-virtme (root@a0b443a2a8db) (gcc (Ubuntu 13.3.0-6ubuntu2~24.04) 13.3.0, GNU ld (GNU Binutils for Ubuntu) 2.42) #1 SMP PREEMPT_DYNAMIC Tue Jan 21 09:06:54 UTC 2025
[    0.000000] Command line: virtme_hostname=virtme-ng nr_open=1048576 virtme_link_mods=/nipa-data/kernel/.virtme_mods/lib/modules/0.0.0 virtme_initmount0=nipa-data/kernel virtme_rw_overlay0=/etc virtme_rw_overlay1=/lib virtme_rw_overlay2=/home virtme_rw_overlay3=/opt virtme_rw_overlay4=/srv virtme_rw_overlay5=/usr virtme_rw_overlay6=/var console=hvc0 earlyprintk=serial,ttyS0,115200 virtme_console=ttyS0 psmouse.proto=exps TERM=xterm virtme_chdir=nipa-data/kernel virtme_root_user=1 rootfstype=9p rootflags=version=9p2000.L,trans=virtio,access=any raid=noautodetect ro init=/usr/lib/python3/dist-packages/virtme/guest/virtme-init
[    0.000000] BIOS-provided physical RAM map:
[    0.000000] BIOS-e820: [mem 0x0000000000000000-0x000000000009fbff] usable
[    0.000000] BIOS-e820: [mem 0x000000000009fc00-0x000000000009ffff] reserved
[    0.000000] BIOS-e820: [mem 0x00000000000f0000-0x00000000000fffff] reserved
[    0.000000] BIOS-e820: [mem 0x0000000000100000-0x000000003ffdffff] usable
[    0.000000] BIOS-e820: [mem 0x000000003ffe0000-0x000000003fffffff] reserved
[    0.000000] BIOS-e820: [mem 0x00000000feffc000-0x00000000feffffff] reserved
[    0.000000] BIOS-e820: [mem 0x00000000fffc0000-0x00000000ffffffff] reserved
[    0.000000] BIOS-e820: [mem 0x000000fd00000000-0x000000ffffffffff] reserved
[    0.000000] printk: legacy bootconsole [earlyser0] enabled
[    0.000000] NX (Execute Disable) protection: active
[    0.000000] APIC: Static calls initialized
[    0.000000] SMBIOS 3.0.0 present.
[    0.000000] DMI: QEMU Ubuntu 24.04 PC (i440FX + PIIX, 1996), BIOS 1.16.3-debian-1.16.3-2 04/01/2014
[    0.000000] DMI: Memory slots populated: 1/1
[    0.000000] Hypervisor detected: KVM
[    0.000000] kvm-clock: Using msrs 4b564d01 and 4b564d00
[    0.000000] kvm-clock: using sched offset of 192015981 cycles
[    0.000355] clocksource: kvm-clock: mask: 0xffffffffffffffff max_cycles: 0x1cd42e4dffb, max_idle_ns: 881590591483 ns
[    0.001466] tsc: Detected 4491.556 MHz processor
[    0.002019] last_pfn = 0x3ffe0 max_arch_pfn = 0x400000000
[    0.002407] MTRR map: 4 entries (3 fixed + 1 variable; max 19), built from 8 variable MTRRs
[    0.002972] x86/PAT: Configuration [0-7]: WB  WC  UC- UC  WB  WP  UC- WT  
Memory KASLR using RDRAND RDTSC...
[    0.004882] found SMP MP-table at [mem 0x000f5470-0x000f547f]
[    0.005276] Using GB pages for direct mapping
[    0.005590] ACPI: Early table checksum verification disabled
[    0.005973] ACPI: RSDP 0x00000000000F5290 000014 (v00 BOCHS )
[    0.006363] ACPI: RSDT 0x000000003FFE27BC 000034 (v01 BOCHS  BXPC     00000001 BXPC 00000001)
[    0.006941] ACPI: FACP 0x000000003FFE2578 000074 (v01 BOCHS  BXPC     00000001 BXPC 00000001)
[    0.007519] ACPI: DSDT 0x000000003FFE0040 002538 (v01 BOCHS  BXPC     00000001 BXPC 00000001)
[    0.008095] ACPI: FACS 0x000000003FFE0000 000040
[    0.008407] ACPI: APIC 0x000000003FFE25EC 000170 (v03 BOCHS  BXPC     00000001 BXPC 00000001)
[    0.008985] ACPI: HPET 0x000000003FFE275C 000038 (v01 BOCHS  BXPC     00000001 BXPC 00000001)
[    0.009562] ACPI: WAET 0x000000003FFE2794 000028 (v01 BOCHS  BXPC     00000001 BXPC 00000001)
[    0.010138] ACPI: Reserving FACP table memory at [mem 0x3ffe2578-0x3ffe25eb]
[    0.010614] ACPI: Reserving DSDT table memory at [mem 0x3ffe0040-0x3ffe2577]
[    0.011090] ACPI: Reserving FACS table memory at [mem 0x3ffe0000-0x3ffe003f]
[    0.011566] ACPI: Reserving APIC table memory at [mem 0x3ffe25ec-0x3ffe275b]
[    0.012042] ACPI: Reserving HPET table memory at [mem 0x3ffe275c-0x3ffe2793]
[    0.012517] ACPI: Reserving WAET table memory at [mem 0x3ffe2794-0x3ffe27bb]
[    0.013124] No NUMA configuration found
[    0.013384] Faking a node at [mem 0x0000000000000000-0x000000003ffdffff]
[    0.013838] NODE_DATA(0) allocated [mem 0x3ffdb780-0x3ffdffff]
[    0.014240] Zone ranges:
[    0.014411]   DMA      [mem 0x0000000000001000-0x0000000000ffffff]
[    0.014829]   DMA32    [mem 0x0000000001000000-0x000000003ffdffff]
[    0.015247]   Normal   empty
[    0.015442]   Device   empty
[    0.015636] Movable zone start for each node
[    0.015925] Early memory node ranges
[    0.016166]   node   0: [mem 0x0000000000001000-0x000000000009efff]
[    0.016590]   node   0: [mem 0x0000000000100000-0x000000003ffdffff]
[    0.017016] Initmem setup node 0 [mem 0x0000000000001000-0x000000003ffdffff]
[    0.017494] On node 0, zone DMA: 1 pages in unavailable ranges
[    0.017896] On node 0, zone DMA: 97 pages in unavailable ranges
[    0.019222] On node 0, zone DMA32: 32 pages in unavailable ranges
[    0.019822] ACPI: PM-Timer IO Port: 0x608
[    0.020095] ACPI: LAPIC_NMI (acpi_id[0xff] dfl dfl lint[0x1])
[    0.020501] IOAPIC[0]: apic_id 0, version 17, address 0xfec00000, GSI 0-23
[    0.020971] ACPI: INT_SRC_OVR (bus 0 bus_irq 0 global_irq 2 dfl dfl)
[    0.021406] ACPI: INT_SRC_OVR (bus 0 bus_irq 5 global_irq 5 high level)
[    0.021852] ACPI: INT_SRC_OVR (bus 0 bus_irq 9 global_irq 9 high level)
[    0.022297] ACPI: INT_SRC_OVR (bus 0 bus_irq 10 global_irq 10 high level)
[    0.022754] ACPI: INT_SRC_OVR (bus 0 bus_irq 11 global_irq 11 high level)
[    0.023211] ACPI: Using ACPI (MADT) for SMP configuration information
[    0.023645] ACPI: HPET id: 0x8086a201 base: 0xfed00000
[    0.023992] TSC deadline timer available
[    0.024257] CPU topo: Max. logical packages:   1
[    0.024568] CPU topo: Max. logical dies:       1
[    0.024880] CPU topo: Max. dies per package:   1
[    0.025193] CPU topo: Max. threads per core:   1
[    0.025503] CPU topo: Num. cores per package:    32
[    0.025831] CPU topo: Num. threads per package:  32
[    0.026158] CPU topo: Allowing 32 present CPUs plus 0 hotplug CPUs
[    0.026580] kvm-guest: APIC: eoi() replaced with kvm_guest_apic_eoi_write()
[    0.027054] kvm-guest: KVM setup pv remote TLB flush
[    0.027389] kvm-guest: setup PV sched yield
[    0.027673] PM: hibernation: Registered nosave memory: [mem 0x00000000-0x00000fff]
[    0.028182] PM: hibernation: Registered nosave memory: [mem 0x0009f000-0x0009ffff]
[    0.028691] PM: hibernation: Registered nosave memory: [mem 0x000a0000-0x000effff]
[    0.029203] PM: hibernation: Registered nosave memory: [mem 0x000f0000-0x000fffff]
[    0.029712] [mem 0x40000000-0xfeffbfff] available for PCI devices
[    0.030122] Booting paravirtualized kernel on KVM
[    0.030438] clocksource: refined-jiffies: mask: 0xffffffff max_cycles: 0xffffffff, max_idle_ns: 1910969940391419 ns
[    0.033776] setup_percpu: NR_CPUS:64 nr_cpumask_bits:32 nr_cpu_ids:32 nr_node_ids:1
[    0.034855] percpu: Embedded 58 pages/cpu s198168 r8192 d31208 u262144
[    0.035327] Kernel command line: virtme_hostname=virtme-ng nr_open=1048576 virtme_link_mods=/nipa-data/kernel/.virtme_mods/lib/modules/0.0.0 virtme_initmount0=nipa-data/kernel virtme_rw_overlay0=/etc virtme_rw_overlay1=/lib virtme_rw_overlay2=/home virtme_rw_overlay3=/opt virtme_rw_overlay4=/srv virtme_rw_overlay5=/usr virtme_rw_overlay6=/var console=hvc0 earlyprintk=serial,ttyS0,115200 virtme_console=ttyS0 psmouse.proto=exps TERM=xterm virtme_chdir=nipa-data/kernel virtme_root_user=1 rootfstype=9p rootflags=version=9p2000.L,trans=virtio,access=any raid=noautodetect ro init=/usr/lib/python3/dist-packages/virtme/guest/virtme-init
[    0.039284] Unknown kernel command line parameters "virtme_hostname=virtme-ng nr_open=1048576 virtme_link_mods=/nipa-data/kernel/.virtme_mods/lib/modules/0.0.0 virtme_initmount0=nipa-data/kernel virtme_rw_overlay0=/etc virtme_rw_overlay1=/lib virtme_rw_overlay2=/home virtme_rw_overlay3=/opt virtme_rw_overlay4=/srv virtme_rw_overlay5=/usr virtme_rw_overlay6=/var virtme_console=ttyS0 virtme_chdir=nipa-data/kernel virtme_root_user=1", will be passed to user space.
[    0.042321] random: crng init done
[    0.042558] printk: log buffer data + meta data: 262144 + 917504 = 1179648 bytes
[    0.043099] Dentry cache hash table entries: 131072 (order: 8, 1048576 bytes, linear)
[    0.043663] Inode-cache hash table entries: 65536 (order: 7, 524288 bytes, linear)
[    0.044267] Fallback order for Node 0: 0 
[    0.044269] Built 1 zonelists, mobility grouping on.  Total pages: 262014
[    0.045021] Policy zone: DMA32
[    0.045233] mem auto-init: stack:all(zero), heap alloc:off, heap free:off
[    0.046240] SLUB: HWalign=64, Order=0-3, MinObjects=0, CPUs=32, Nodes=1
Poking KASLR using RDRAND RDTSC...
[    0.046931] ftrace: allocating 48710 entries in 191 pages
[    0.058537] ftrace: allocated 191 pages with 7 groups
[    0.059424] Dynamic Preempt: voluntary
[    0.059802] rcu: Preemptible hierarchical RCU implementation.
[    0.060201] rcu: RCU event tracing is enabled.
[    0.060514] rcu: RCU restricting CPUs from NR_CPUS=64 to nr_cpu_ids=32.
[    0.060981] Trampoline variant of Tasks RCU enabled.
[    0.061329] Rude variant of Tasks RCU enabled.
[    0.061641] Tracing variant of Tasks RCU enabled.
[    0.061971] rcu: RCU calculated value of scheduler-enlistment delay is 100 jiffies.
[    0.062502] rcu: Adjusting geometry for rcu_fanout_leaf=16, nr_cpu_ids=32
[    0.062976] RCU Tasks: Setting shift to 5 and lim to 1 rcu_task_cb_adjust=1 rcu_task_cpu_ids=32.
[    0.063585] RCU Tasks Rude: Setting shift to 5 and lim to 1 rcu_task_cb_adjust=1 rcu_task_cpu_ids=32.
[    0.064223] RCU Tasks Trace: Setting shift to 5 and lim to 1 rcu_task_cb_adjust=1 rcu_task_cpu_ids=32.
[    0.066557] NR_IRQS: 4352, nr_irqs: 680, preallocated irqs: 16
[    0.067121] rcu: srcu_init: Setting srcu_struct sizes based on contention.
[    0.067729] Console: colour *CGA 80x25
[    0.067994] ACPI: Core revision 20240827
[    0.068329] clocksource: hpet: mask: 0xffffffff max_cycles: 0xffffffff, max_idle_ns: 19112604467 ns
[    0.069018] APIC: Switch to symmetric I/O mode setup
[    0.069383] kvm-guest: APIC: send_IPI_mask() replaced with kvm_send_ipi_mask()
[    0.069884] kvm-guest: APIC: send_IPI_mask_allbutself() replaced with kvm_send_ipi_mask_allbutself()
[    0.070492] kvm-guest: setup PV IPIs
[    0.071463] ..TIMER: vector=0x30 apic1=0 pin1=2 apic2=-1 pin2=-1
[    0.072210] clocksource: tsc-early: mask: 0xffffffffffffffff max_cycles: 0x40be400eb43, max_idle_ns: 440795366972 ns
[    0.073497] Calibrating delay loop (skipped) preset value.. 8983.11 BogoMIPS (lpj=4491556)
[    0.074554] x86/cpu: User Mode Instruction Prevention (UMIP) activated
[    0.075542] Last level iTLB entries: 4KB 512, 2MB 255, 4MB 127
[    0.076496] Last level dTLB entries: 4KB 512, 2MB 255, 4MB 127, 1GB 0
[    0.077275] Spectre V1 : Mitigation: usercopy/swapgs barriers and __user pointer sanitization
[    0.077499] Spectre V2 : Mitigation: Enhanced / Automatic IBRS
[    0.078496] Spectre V2 : Spectre v2 / SpectreRSB mitigation: Filling RSB on context switch
[    0.079497] Spectre V2 : mitigation: Enabling conditional Indirect Branch Prediction Barrier
[    0.080497] Speculative Store Bypass: Mitigation: Speculative Store Bypass disabled via prctl
[    0.081496] Speculative Return Stack Overflow: IBPB-extending microcode not applied!
[    0.082496] Speculative Return Stack Overflow: WARNING: See https://kernel.org/doc/html/latest/admin-guide/hw-vuln/srso.html for mitigation options.
[    0.082496] Speculative Return Stack Overflow: Vulnerable: Safe RET, no microcode
[    0.084509] x86/fpu: Supporting XSAVE feature 0x001: 'x87 floating point registers'
[    0.085496] x86/fpu: Supporting XSAVE feature 0x002: 'SSE registers'
[    0.086241] x86/fpu: Supporting XSAVE feature 0x004: 'AVX registers'
[    0.086496] x86/fpu: Supporting XSAVE feature 0x020: 'AVX-512 opmask'
[    0.087496] x86/fpu: Supporting XSAVE feature 0x040: 'AVX-512 Hi256'
[    0.088496] x86/fpu: Supporting XSAVE feature 0x080: 'AVX-512 ZMM_Hi256'
[    0.089283] x86/fpu: Supporting XSAVE feature 0x200: 'Protection Keys User registers'
[    0.089496] x86/fpu: xstate_offset[2]:  576, xstate_sizes[2]:  256
[    0.090496] x86/fpu: xstate_offset[5]:  832, xstate_sizes[5]:   64
[    0.091496] x86/fpu: xstate_offset[6]:  896, xstate_sizes[6]:  512
[    0.092496] x86/fpu: xstate_offset[7]: 1408, xstate_sizes[7]: 1024
[    0.093224] x86/fpu: xstate_offset[9]: 2432, xstate_sizes[9]:    8
[    0.093496] x86/fpu: Enabled xstate features 0x2e7, context size is 2440 bytes, using 'compacted' format.
[    0.108432] Freeing SMP alternatives memory: 40K
[    0.108497] pid_max: default: 32768 minimum: 301
[    0.109514] Mount-cache hash table entries: 2048 (order: 2, 16384 bytes, linear)
[    0.110381] Mountpoint-cache hash table entries: 2048 (order: 2, 16384 bytes, linear)
[    0.110623] smpboot: CPU0: AMD Ryzen 9 7950X 16-Core Processor (family: 0x19, model: 0x61, stepping: 0x2)
[    0.111603] Performance Events: Fam17h+ core perfctr, AMD PMU driver.
[    0.112384] ... version:                0
[    0.112498] ... bit width:              48
[    0.112980] ... generic registers:      6
[    0.113453] ... value mask:             0000ffffffffffff
[    0.113497] ... max period:             00007fffffffffff
[    0.114123] ... fixed-purpose events:   0
[    0.114497] ... event mask:             000000000000003f
[    0.115193] signal: max sigframe size: 3376
[    0.115512] rcu: Hierarchical SRCU implementation.
[    0.116077] rcu: Max phase no-delay instances is 400.
[    0.116517] Timer migration: 2 hierarchy levels; 8 children per group; 2 crossnode level
[    0.119513] smp: Bringing up secondary CPUs ...
[    0.120100] smpboot: x86: Booting SMP configuration:
[    0.120499] .... node  #0, CPUs:        #1  #2  #3  #4  #5  #6  #7  #8  #9 #10 #11 #12 #13 #14 #15 #16 #17 #18 #19 #20 #21 #22 #23 #24 #25 #26 #27 #28 #29 #30 #31
[    0.132593] smp: Brought up 1 node, 32 CPUs
[    0.134001] smpboot: Total of 32 processors activated (287459.58 BogoMIPS)
[    0.136522] Memory: 970436K/1048056K available (16384K kernel code, 2473K rwdata, 6340K rodata, 3148K init, 1808K bss, 63184K reserved, 0K cma-reserved)
[    0.137605] devtmpfs: initialized
[    0.137918] x86/mm: Memory block size: 128MB
[    0.139174] clocksource: jiffies: mask: 0xffffffff max_cycles: 0xffffffff, max_idle_ns: 1911260446275000 ns
[    0.139499] futex hash table entries: 8192 (order: 7, 524288 bytes, linear)
[    0.140402] PM: RTC time: 09:07:12, date: 2025-01-21
[    0.140810] NET: Registered PF_NETLINK/PF_ROUTE protocol family
[    0.141608] thermal_sys: Registered thermal governor 'step_wise'
[    0.141609] thermal_sys: Registered thermal governor 'user_space'
[    0.142347] cpuidle: using governor menu
[    0.143680] PCI: Using configuration type 1 for base access
[    0.144498] PCI: Using configuration type 1 for extended access
[    0.145274] kprobes: kprobe jump-optimization is enabled. All kprobes are optimized if possible.
[    0.163566] HugeTLB: registered 1.00 GiB page size, pre-allocated 0 pages
[    0.164396] HugeTLB: 16380 KiB vmemmap can be freed for a 1.00 GiB page
[    0.164498] HugeTLB: registered 2.00 MiB page size, pre-allocated 0 pages
[    0.165317] HugeTLB: 28 KiB vmemmap can be freed for a 2.00 MiB page
[    0.165604] ACPI: Added _OSI(Module Device)
[    0.166115] ACPI: Added _OSI(Processor Device)
[    0.166498] ACPI: Added _OSI(3.0 _SCP Extensions)
[    0.167075] ACPI: Added _OSI(Processor Aggregator Device)
[    0.168136] ACPI: 1 ACPI AML tables successfully acquired and loaded
[    0.168883] ACPI: Interpreter enabled
[    0.169505] ACPI: PM: (supports S0 S3 S4 S5)
[    0.170031] ACPI: Using IOAPIC for interrupt routing
[    0.170503] PCI: Using host bridge windows from ACPI; if necessary, use "pci=nocrs" and report a bug
[    0.171497] PCI: Using E820 reservations for host bridge windows
[    0.172306] ACPI: Enabled 2 GPEs in block 00 to 0F
[    0.174883] ACPI: PCI Root Bridge [PCI0] (domain 0000 [bus 00-ff])
[    0.175499] acpi PNP0A03:00: _OSC: OS supports [ExtendedConfig ASPM ClockPM Segments MSI HPX-Type3]
[    0.176580] PCI host bridge to bus 0000:00
[    0.177081] pci_bus 0000:00: root bus resource [io  0x0000-0x0cf7 window]
[    0.177498] pci_bus 0000:00: root bus resource [io  0x0d00-0xffff window]
[    0.178321] pci_bus 0000:00: root bus resource [mem 0x000a0000-0x000bffff window]
[    0.178497] pci_bus 0000:00: root bus resource [mem 0x40000000-0xfebfffff window]
[    0.179404] pci_bus 0000:00: root bus resource [mem 0x100000000-0x17fffffff window]
[    0.179498] pci_bus 0000:00: root bus resource [bus 00-ff]
[    0.180238] pci 0000:00:00.0: [8086:1237] type 00 class 0x060000 conventional PCI endpoint
[    0.180728] pci 0000:00:01.0: [8086:7000] type 00 class 0x060100 conventional PCI endpoint
[    0.181792] pci 0000:00:01.1: [8086:7010] type 00 class 0x010180 conventional PCI endpoint
[    0.183679] pci 0000:00:01.1: BAR 4 [io  0xc0c0-0xc0cf]
[    0.184902] pci 0000:00:01.1: BAR 0 [io  0x01f0-0x01f7]: legacy IDE quirk
[    0.185498] pci 0000:00:01.1: BAR 1 [io  0x03f6]: legacy IDE quirk
[    0.186249] pci 0000:00:01.1: BAR 2 [io  0x0170-0x0177]: legacy IDE quirk
[    0.186498] pci 0000:00:01.1: BAR 3 [io  0x0376]: legacy IDE quirk
[    0.187329] pci 0000:00:01.3: [8086:7113] type 00 class 0x068000 conventional PCI endpoint
[    0.187723] pci 0000:00:01.3: quirk: [io  0x0600-0x063f] claimed by PIIX4 ACPI
[    0.188501] pci 0000:00:01.3: quirk: [io  0x0700-0x070f] claimed by PIIX4 SMB
[    0.189511] pci 0000:00:02.0: [1af4:1009] type 00 class 0x000200 conventional PCI endpoint
[    0.190932] pci 0000:00:02.0: BAR 0 [io  0xc000-0xc03f]
[    0.191954] pci 0000:00:02.0: BAR 1 [mem 0xfebfc000-0xfebfcfff]
[    0.194002] pci 0000:00:02.0: BAR 4 [mem 0xfebf0000-0xfebf3fff 64bit pref]
[    0.195825] pci 0000:00:03.0: [1af4:1009] type 00 class 0x000200 conventional PCI endpoint
[    0.197441] pci 0000:00:03.0: BAR 0 [io  0xc040-0xc07f]
[    0.198367] pci 0000:00:03.0: BAR 1 [mem 0xfebfd000-0xfebfdfff]
[    0.200498] pci 0000:00:03.0: BAR 4 [mem 0xfebf4000-0xfebf7fff 64bit pref]
[    0.202337] pci 0000:00:04.0: [8086:25ab] type 00 class 0x088000 conventional PCI endpoint
[    0.202663] pci 0000:00:04.0: BAR 0 [mem 0xfebfe000-0xfebfe00f]
[    0.204411] pci 0000:00:05.0: [1af4:1003] type 00 class 0x078000 conventional PCI endpoint
[    0.204897] pci 0000:00:05.0: BAR 0 [io  0xc080-0xc0bf]
[    0.205839] pci 0000:00:05.0: BAR 1 [mem 0xfebff000-0xfebfffff]
[    0.207498] pci 0000:00:05.0: BAR 4 [mem 0xfebf8000-0xfebfbfff 64bit pref]
[    0.210178] ACPI: PCI: Interrupt link LNKA configured for IRQ 10
[    0.210602] ACPI: PCI: Interrupt link LNKB configured for IRQ 10
[    0.211420] ACPI: PCI: Interrupt link LNKC configured for IRQ 11
[    0.211588] ACPI: PCI: Interrupt link LNKD configured for IRQ 11
[    0.212387] ACPI: PCI: Interrupt link LNKS configured for IRQ 9
[    0.213276] iommu: Default domain type: Translated
[    0.213498] iommu: DMA domain TLB invalidation policy: lazy mode
[    0.214271] SCSI subsystem initialized
[    0.214526] pps_core: LinuxPPS API ver. 1 registered
[    0.215133] pps_core: Software ver. 5.3.6 - Copyright 2005-2007 Rodolfo Giometti <giometti@linux.it>
[    0.215500] PTP clock support registered
[    0.215999] Advanced Linux Sound Architecture Driver Initialized.
[    0.216770] NET: Registered PF_ATMPVC protocol family
[    0.217385] NET: Registered PF_ATMSVC protocol family
[    0.217503] PCI: Using ACPI for IRQ routing
[    0.218088] vgaarb: loaded
[    0.218506] hpet0: at MMIO 0xfed00000, IRQs 2, 8, 0
[    0.219105] hpet0: 3 comparators, 64-bit 100.000000 MHz counter
[    0.222645] clocksource: Switched to clocksource kvm-clock
[    0.223400] VFS: Disk quotas dquot_6.6.0
[    0.223767] VFS: Dquot-cache hash table entries: 512 (order 0, 4096 bytes)
[    0.224652] pnp: PnP ACPI init
[    0.225665] pnp: PnP ACPI: found 5 devices
[    0.232841] clocksource: acpi_pm: mask: 0xffffff max_cycles: 0xffffff, max_idle_ns: 2085701024 ns
[    0.233932] NET: Registered PF_INET protocol family
[    0.234536] IP idents hash table entries: 16384 (order: 5, 131072 bytes, linear)
[    0.235571] tcp_listen_portaddr_hash hash table entries: 512 (order: 1, 8192 bytes, linear)
[    0.236596] Table-perturb hash table entries: 65536 (order: 6, 262144 bytes, linear)
[    0.237540] TCP established hash table entries: 8192 (order: 4, 65536 bytes, linear)
[    0.238464] TCP bind hash table entries: 8192 (order: 6, 262144 bytes, linear)
[    0.239331] TCP: Hash tables configured (established 8192 bind 8192)
[    0.240109] UDP hash table entries: 512 (order: 3, 32768 bytes, linear)
[    0.240903] UDP-Lite hash table entries: 512 (order: 3, 32768 bytes, linear)
[    0.241766] NET: Registered PF_UNIX/PF_LOCAL protocol family
[    0.242449] pci_bus 0000:00: resource 4 [io  0x0000-0x0cf7 window]
[    0.243188] pci_bus 0000:00: resource 5 [io  0x0d00-0xffff window]
[    0.243927] pci_bus 0000:00: resource 6 [mem 0x000a0000-0x000bffff window]
[    0.244749] pci_bus 0000:00: resource 7 [mem 0x40000000-0xfebfffff window]
[    0.245570] pci_bus 0000:00: resource 8 [mem 0x100000000-0x17fffffff window]
[    0.246433] pci 0000:00:01.0: PIIX3: Enabling Passive Release
[    0.247126] pci 0000:00:00.0: Limiting direct PCI/PCI transfers
[    0.247861] PCI: CLS 0 bytes, default 64
[    0.248407] kvm_intel: VMX not supported by CPU 0
[    0.248988] kvm_amd: TSC scaling supported
[    0.249478] kvm_amd: Nested Virtualization enabled
[    0.250052] kvm_amd: Nested Paging enabled
[    0.250544] kvm_amd: LBR virtualization supported
[    0.251204] kvm_amd: Virtual GIF supported
[    0.251689] kvm_amd: Virtual NMI enabled
[    0.279415] clocksource: tsc: mask: 0xffffffffffffffff max_cycles: 0x40be400eb43, max_idle_ns: 440795366972 ns
[    0.286623] Initialise system trusted keyrings
[    0.287240] workingset: timestamp_bits=56 max_order=18 bucket_order=0
[    0.288047] squashfs: version 4.0 (2009/01/31) Phillip Lougher
[    0.288763] fuse: init (API version 7.41)
[    0.289289] 9p: Installing v9fs 9p2000 file system support
[    0.296156] Key type asymmetric registered
[    0.296657] Asymmetric key parser 'x509' registered
[    0.297261] Block layer SCSI generic (bsg) driver version 0.4 loaded (major 249)
[    0.298172] io scheduler mq-deadline registered
[    0.298726] io scheduler kyber registered
[    0.300968] input: Power Button as /devices/LNXSYSTM:00/LNXPWRBN:00/input/input0
[    0.301915] ACPI: button: Power Button [PWRF]
[    0.302834] Warning: Processor Platform Limit event detected, but not handled.
[    0.303726] Consider compiling CPUfreq support into your kernel.
[    0.321198] ACPI: \_SB_.LNKB: Enabled at IRQ 10
[    0.336671] ACPI: \_SB_.LNKC: Enabled at IRQ 11
[    0.352066] ACPI: \_SB_.LNKA: Enabled at IRQ 10
[    0.353161] Serial: 8250/16550 driver, 4 ports, IRQ sharing enabled
[    0.354023] 00:03: ttyS0 at I/O 0x3f8 (irq = 4, base_baud = 115200) is a 16550A
[    0.394928] Non-volatile memory driver v1.3
[    0.395458] Linux agpgart interface v0.103
[    0.396015] ACPI: bus type drm_connector registered
[    0.396918] printk: legacy console [hvc0] enabled
[    0.397532] printk: legacy bootconsole [earlyser0] disabled
          _      _                                    
   __   _(_)_ __| |_ _ __ ___   ___       _ __   __ _ 
   \ \ / / |  __| __|  _   _ \ / _ \_____|  _ \ / _  |
    \ V /| | |  | |_| | | | | |  __/_____| | | | (_| |
     \_/ |_|_|   \__|_| |_| |_|\___|     |_| |_|\__  |
                                                |___/ 
   kernel version: 6.13.0-rc7-virtme x86_64
   (CTRL+d to exit)

root@virtme-ng:/nipa-data/kernel# PS1='xx__-> '
xx__-> env
PWD=/nipa-data/kernel
nr_open=1048576
HOME=/
TERM=xterm
SHLVL=2
XDG_RUNTIME_DIR=/run/user/0
PATH=/bin:/sbin:/usr/bin:/usr/sbin:/usr/local/bin
OLDPWD=/
_=/bin/env
xx__-> 