No EFI environment detected.
early console in extract_kernel
input_data: 0x00000000030612b9
input_len: 0x0000000000b82c49
output: 0x0000000001000000
output_len: 0x000000000252f2b4
kernel_total_size: 0x0000000002c30000
needed_size: 0x0000000002e00000
trampoline_32bit: 0x0000000000000000
Physical KASLR using RDRAND RDTSC...
Virtual KASLR using RDRAND RDTSC...

Decompressing Linux... Parsing ELF... Performing relocations... done.
Booting the kernel (entry_offset: 0x0000000000000000).
[    0.000000] Linux version 6.8.0-rc1-virtme (root@57b5c22b7670) (gcc (Alpine 13.2.1_git20231014) 13.2.1 20231014, GNU ld (GNU Binutils) 2.41) #1 SMP PREEMPT_DYNAMIC Sun Jan 28 09:06:06 UTC 2024
[    0.000000] Command line: virtme_hostname=virtme-ng virtme_link_mods=/nipa-data/kernel/.virtme_mods/lib/modules/0.0.0 virtme_initmount0=nipa-data/kernel virtme_rw_overlay0=/etc virtme_rw_overlay1=/lib virtme_rw_overlay2=/home virtme_rw_overlay3=/opt virtme_rw_overlay4=/srv virtme_rw_overlay5=/usr virtme_rw_overlay6=/var earlyprintk=serial,ttyS0,115200 console=ttyS0 psmouse.proto=exps virtme_chdir=nipa-data/kernel virtme_root_user=1 rootfstype=9p rootflags=version=9p2000.L,trans=virtio,access=any raid=noautodetect ro init=/usr/lib/python3.11/site-packages/virtme/guest/virtme-init
[    0.000000] BIOS-provided physical RAM map:
[    0.000000] BIOS-e820: [mem 0x0000000000000000-0x000000000009fbff] usable
[    0.000000] BIOS-e820: [mem 0x000000000009fc00-0x000000000009ffff] reserved
[    0.000000] BIOS-e820: [mem 0x00000000000f0000-0x00000000000fffff] reserved
[    0.000000] BIOS-e820: [mem 0x0000000000100000-0x000000003ffdffff] usable
[    0.000000] BIOS-e820: [mem 0x000000003ffe0000-0x000000003fffffff] reserved
[    0.000000] BIOS-e820: [mem 0x00000000feffc000-0x00000000feffffff] reserved
[    0.000000] BIOS-e820: [mem 0x00000000fffc0000-0x00000000ffffffff] reserved
[    0.000000] BIOS-e820: [mem 0x000000fd00000000-0x000000ffffffffff] reserved
[    0.000000] printk: legacy bootconsole [earlyser0] enabled
[    0.000000] NX (Execute Disable) protection: active
[    0.000000] APIC: Static calls initialized
[    0.000000] SMBIOS 3.0.0 present.
[    0.000000] DMI: QEMU Standard PC (i440FX + PIIX, 1996), BIOS rel-1.16.3-0-ga6ed6b701f0a-prebuilt.qemu.org 04/01/2014
[    0.000000] Hypervisor detected: KVM
[    0.000000] kvm-clock: Using msrs 4b564d01 and 4b564d00
[    0.000000] kvm-clock: using sched offset of 242788482 cycles
[    0.000393] clocksource: kvm-clock: mask: 0xffffffffffffffff max_cycles: 0x1cd42e4dffb, max_idle_ns: 881590591483 ns
[    0.001625] tsc: Detected 4491.536 MHz processor
[    0.002244] last_pfn = 0x3ffe0 max_arch_pfn = 0x400000000
[    0.002675] MTRR map: 4 entries (3 fixed + 1 variable; max 19), built from 8 variable MTRRs
[    0.003318] x86/PAT: Configuration [0-7]: WB  WC  UC- UC  WB  WP  UC- WT  
Memory KASLR using RDRAND RDTSC...
[    0.005434] found SMP MP-table at [mem 0x000f5470-0x000f547f]
[    0.005879] Using GB pages for direct mapping
[    0.006270] ACPI: Early table checksum verification disabled
[    0.006699] ACPI: RSDP 0x00000000000F5290 000014 (v00 BOCHS )
[    0.007224] ACPI: RSDT 0x000000003FFE27B6 000034 (v01 BOCHS  BXPC     00000001 BXPC 00000001)
[    0.008000] ACPI: FACP 0x000000003FFE2572 000074 (v01 BOCHS  BXPC     00000001 BXPC 00000001)
[    0.008777] ACPI: DSDT 0x000000003FFE0040 002532 (v01 BOCHS  BXPC     00000001 BXPC 00000001)
[    0.009495] ACPI: FACS 0x000000003FFE0000 000040
[    0.009851] ACPI: APIC 0x000000003FFE25E6 000170 (v03 BOCHS  BXPC     00000001 BXPC 00000001)
[    0.010492] ACPI: HPET 0x000000003FFE2756 000038 (v01 BOCHS  BXPC     00000001 BXPC 00000001)
[    0.011141] ACPI: WAET 0x000000003FFE278E 000028 (v01 BOCHS  BXPC     00000001 BXPC 00000001)
[    0.011790] ACPI: Reserving FACP table memory at [mem 0x3ffe2572-0x3ffe25e5]
[    0.012321] ACPI: Reserving DSDT table memory at [mem 0x3ffe0040-0x3ffe2571]
[    0.012860] ACPI: Reserving FACS table memory at [mem 0x3ffe0000-0x3ffe003f]
[    0.013392] ACPI: Reserving APIC table memory at [mem 0x3ffe25e6-0x3ffe2755]
[    0.013926] ACPI: Reserving HPET table memory at [mem 0x3ffe2756-0x3ffe278d]
[    0.014454] ACPI: Reserving WAET table memory at [mem 0x3ffe278e-0x3ffe27b5]
[    0.015140] No NUMA configuration found
[    0.015430] Faking a node at [mem 0x0000000000000000-0x000000003ffdffff]
[    0.015946] NODE_DATA(0) allocated [mem 0x3ffdb000-0x3ffdffff]
[    0.016398] Zone ranges:
[    0.016589]   DMA      [mem 0x0000000000001000-0x0000000000ffffff]
[    0.017069]   DMA32    [mem 0x0000000001000000-0x000000003ffdffff]
[    0.017537]   Normal   empty
[    0.017759]   Device   empty
[    0.017977] Movable zone start for each node
[    0.018298] Early memory node ranges
[    0.018567]   node   0: [mem 0x0000000000001000-0x000000000009efff]
[    0.019047]   node   0: [mem 0x0000000000100000-0x000000003ffdffff]
[    0.019517] Initmem setup node 0 [mem 0x0000000000001000-0x000000003ffdffff]
[    0.020056] On node 0, zone DMA: 1 pages in unavailable ranges
[    0.020506] On node 0, zone DMA: 97 pages in unavailable ranges
[    0.021942] On node 0, zone DMA32: 32 pages in unavailable ranges
[    0.022599] ACPI: PM-Timer IO Port: 0x608
[    0.022912] ACPI: LAPIC_NMI (acpi_id[0xff] dfl dfl lint[0x1])
[    0.023362] IOAPIC[0]: apic_id 0, version 17, address 0xfec00000, GSI 0-23
[    0.023889] ACPI: INT_SRC_OVR (bus 0 bus_irq 0 global_irq 2 dfl dfl)
[    0.024367] ACPI: INT_SRC_OVR (bus 0 bus_irq 5 global_irq 5 high level)
[    0.024870] ACPI: INT_SRC_OVR (bus 0 bus_irq 9 global_irq 9 high level)
[    0.025370] ACPI: INT_SRC_OVR (bus 0 bus_irq 10 global_irq 10 high level)
[    0.025884] ACPI: INT_SRC_OVR (bus 0 bus_irq 11 global_irq 11 high level)
[    0.026395] ACPI: Using ACPI (MADT) for SMP configuration information
[    0.026891] ACPI: HPET id: 0x8086a201 base: 0xfed00000
[    0.027278] TSC deadline timer available
[    0.027572] smpboot: Allowing 32 CPUs, 0 hotplug CPUs
[    0.027970] kvm-guest: APIC: eoi() replaced with kvm_guest_apic_eoi_write()
[    0.028503] kvm-guest: KVM setup pv remote TLB flush
[    0.028884] kvm-guest: setup PV sched yield
[    0.029209] PM: hibernation: Registered nosave memory: [mem 0x00000000-0x00000fff]
[    0.029781] PM: hibernation: Registered nosave memory: [mem 0x0009f000-0x0009ffff]
[    0.030348] PM: hibernation: Registered nosave memory: [mem 0x000a0000-0x000effff]
[    0.030922] PM: hibernation: Registered nosave memory: [mem 0x000f0000-0x000fffff]
[    0.031490] [mem 0x40000000-0xfeffbfff] available for PCI devices
[    0.031957] Booting paravirtualized kernel on KVM
[    0.032311] clocksource: refined-jiffies: mask: 0xffffffff max_cycles: 0xffffffff, max_idle_ns: 1910969940391419 ns
[    0.036063] setup_percpu: NR_CPUS:64 nr_cpumask_bits:32 nr_cpu_ids:32 nr_node_ids:1
[    0.037270] percpu: Embedded 58 pages/cpu s199840 r8192 d29536 u262144
[    0.037813] Kernel command line: virtme_hostname=virtme-ng virtme_link_mods=/nipa-data/kernel/.virtme_mods/lib/modules/0.0.0 virtme_initmount0=nipa-data/kernel virtme_rw_overlay0=/etc virtme_rw_overlay1=/lib virtme_rw_overlay2=/home virtme_rw_overlay3=/opt virtme_rw_overlay4=/srv virtme_rw_overlay5=/usr virtme_rw_overlay6=/var earlyprintk=serial,ttyS0,115200 console=ttyS0 psmouse.proto=exps virtme_chdir=nipa-data/kernel virtme_root_user=1 rootfstype=9p rootflags=version=9p2000.L,trans=virtio,access=any raid=noautodetect ro init=/usr/lib/python3.11/site-packages/virtme/guest/virtme-init
[    0.041908] Unknown kernel command line parameters "virtme_hostname=virtme-ng virtme_link_mods=/nipa-data/kernel/.virtme_mods/lib/modules/0.0.0 virtme_initmount0=nipa-data/kernel virtme_rw_overlay0=/etc virtme_rw_overlay1=/lib virtme_rw_overlay2=/home virtme_rw_overlay3=/opt virtme_rw_overlay4=/srv virtme_rw_overlay5=/usr virtme_rw_overlay6=/var virtme_chdir=nipa-data/kernel virtme_root_user=1", will be passed to user space.
[    0.045036] random: crng init done
[    0.045333] Dentry cache hash table entries: 131072 (order: 8, 1048576 bytes, linear)
[    0.045962] Inode-cache hash table entries: 65536 (order: 7, 524288 bytes, linear)
[    0.046644] Fallback order for Node 0: 0 
[    0.046646] Built 1 zonelists, mobility grouping on.  Total pages: 257760
[    0.047498] Policy zone: DMA32
[    0.047747] mem auto-init: stack:all(zero), heap alloc:off, heap free:off
[    0.049846] Memory: 976384K/1048056K available (16384K kernel code, 2556K rwdata, 6072K rodata, 3160K init, 12004K bss, 71412K reserved, 0K cma-reserved)
[    0.050973] SLUB: HWalign=64, Order=0-3, MinObjects=0, CPUs=32, Nodes=1
Poking KASLR using RDRAND RDTSC...
[    0.051773] ftrace: allocating 46544 entries in 182 pages
[    0.058894] ftrace: allocated 182 pages with 5 groups
[    0.060099] Dynamic Preempt: voluntary
[    0.060601] Running RCU self tests
[    0.060872] Running RCU synchronous self tests
[    0.061228] rcu: Preemptible hierarchical RCU implementation.
[    0.061673] rcu: RCU event tracing is enabled.
[    0.062029] rcu: RCU lockdep checking is enabled.
[    0.062399] rcu: RCU restricting CPUs from NR_CPUS=64 to nr_cpu_ids=32.
[    0.062925] Trampoline variant of Tasks RCU enabled.
[    0.063319] Rude variant of Tasks RCU enabled.
[    0.063670] Tracing variant of Tasks RCU enabled.
[    0.064053] rcu: RCU calculated value of scheduler-enlistment delay is 100 jiffies.
[    0.064644] rcu: Adjusting geometry for rcu_fanout_leaf=16, nr_cpu_ids=32
[    0.065204] Running RCU synchronous self tests
[    0.067158] NR_IRQS: 4352, nr_irqs: 680, preallocated irqs: 16
[    0.067803] rcu: srcu_init: Setting srcu_struct sizes based on contention.
[    0.068536] Console: colour *CGA 80x25
[    0.068859] printk: legacy console [ttyS0] enabled
[    0.068859] printk: legacy console [ttyS0] enabled
[    0.069600] printk: legacy bootconsole [earlyser0] disabled
[    0.069600] printk: legacy bootconsole [earlyser0] disabled
[    0.070635] Lock dependency validator: Copyright (c) 2006 Red Hat, Inc., Ingo Molnar
[    0.071359] ... MAX_LOCKDEP_SUBCLASSES:  8
[    0.071726] ... MAX_LOCK_DEPTH:          48
[    0.072058] ... MAX_LOCKDEP_KEYS:        8192
[    0.072397] ... CLASSHASH_SIZE:          4096
[    0.072743] ... MAX_LOCKDEP_ENTRIES:     32768
[    0.073093] ... MAX_LOCKDEP_CHAINS:      65536
[    0.073438] ... CHAINHASH_SIZE:          32768
[    0.073793]  memory used by lock dependency info: 6429 kB
[    0.074216]  memory used for stack traces: 4224 kB
[    0.074589]  per task-struct memory footprint: 1920 bytes
[    0.075032] ACPI: Core revision 20230628
[    0.075442] clocksource: hpet: mask: 0xffffffff max_cycles: 0xffffffff, max_idle_ns: 19112604467 ns
[    0.076265] APIC: Switch to symmetric I/O mode setup
[    0.076665] APIC: Switched APIC routing to: physical flat
[    0.077102] kvm-guest: APIC: send_IPI_mask() replaced with kvm_send_ipi_mask()
[    0.077664] kvm-guest: APIC: send_IPI_mask_allbutself() replaced with kvm_send_ipi_mask_allbutself()
[    0.078381] kvm-guest: setup PV IPIs
[    0.079648] ..TIMER: vector=0x30 apic1=0 pin1=2 apic2=-1 pin2=-1
[    0.080691] tsc: Marking TSC unstable due to TSCs unsynchronized
[    0.081539] Calibrating delay loop (skipped) preset value.. 8983.07 BogoMIPS (lpj=4491536)
[    0.082604] x86/cpu: User Mode Instruction Prevention (UMIP) activated
[    0.083592] Last level iTLB entries: 4KB 512, 2MB 255, 4MB 127
[    0.084533] Last level dTLB entries: 4KB 512, 2MB 255, 4MB 127, 1GB 0
[    0.085537] Spectre V1 : Mitigation: usercopy/swapgs barriers and __user pointer sanitization
[    0.086537] Spectre V2 : Mitigation: Enhanced / Automatic IBRS
[    0.087533] Spectre V2 : Spectre v2 / SpectreRSB mitigation: Filling RSB on context switch
[    0.088535] Spectre V2 : mitigation: Enabling conditional Indirect Branch Prediction Barrier
[    0.089535] Speculative Store Bypass: Mitigation: Speculative Store Bypass disabled via prctl
[    0.090533] Speculative Return Stack Overflow: IBPB-extending microcode not applied!
[    0.091533] Speculative Return Stack Overflow: WARNING: See https://kernel.org/doc/html/latest/admin-guide/hw-vuln/srso.html for mitigation options.
[    0.091534] Speculative Return Stack Overflow: Vulnerable: Safe RET, no microcode
[    0.093553] x86/fpu: Supporting XSAVE feature 0x001: 'x87 floating point registers'
[    0.094533] x86/fpu: Supporting XSAVE feature 0x002: 'SSE registers'
[    0.095533] x86/fpu: Supporting XSAVE feature 0x004: 'AVX registers'
[    0.096533] x86/fpu: Supporting XSAVE feature 0x020: 'AVX-512 opmask'
[    0.097533] x86/fpu: Supporting XSAVE feature 0x040: 'AVX-512 Hi256'
[    0.098533] x86/fpu: Supporting XSAVE feature 0x080: 'AVX-512 ZMM_Hi256'
[    0.099419] x86/fpu: Supporting XSAVE feature 0x200: 'Protection Keys User registers'
[    0.100533] x86/fpu: xstate_offset[2]:  576, xstate_sizes[2]:  256
[    0.101344] x86/fpu: xstate_offset[5]:  832, xstate_sizes[5]:   64
[    0.101533] x86/fpu: xstate_offset[6]:  896, xstate_sizes[6]:  512
[    0.102533] x86/fpu: xstate_offset[7]: 1408, xstate_sizes[7]: 1024
[    0.103533] x86/fpu: xstate_offset[9]: 2432, xstate_sizes[9]:    8
[    0.104533] x86/fpu: Enabled xstate features 0x2e7, context size is 2440 bytes, using 'compacted' format.
[    0.124095] Freeing SMP alternatives memory: 36K
[    0.124535] pid_max: default: 32768 minimum: 301
[    0.125228] Mount-cache hash table entries: 2048 (order: 2, 16384 bytes, linear)
[    0.125536] Mountpoint-cache hash table entries: 2048 (order: 2, 16384 bytes, linear)
[    0.128068] Running RCU synchronous self tests
[    0.128537] Running RCU synchronous self tests
[    0.129301] smpboot: CPU0: AMD Ryzen 9 7950X 16-Core Processor (family: 0x19, model: 0x61, stepping: 0x2)
[    0.129904] RCU Tasks: Setting shift to 5 and lim to 1 rcu_task_cb_adjust=1.
[    0.130571] RCU Tasks Rude: Setting shift to 5 and lim to 1 rcu_task_cb_adjust=1.
[    0.131578] RCU Tasks Trace: Setting shift to 5 and lim to 1 rcu_task_cb_adjust=1.
[    0.132575] Running RCU Tasks wait API self tests
[    0.237611] Running RCU Tasks Rude wait API self tests
[    0.238421] Running RCU Tasks Trace wait API self tests
[    0.238586] Performance Events: Fam17h+ core perfctr, AMD PMU driver.
[    0.239493] ... version:                0
[    0.239537] ... bit width:              48
[    0.240092] ... generic registers:      6
[    0.240536] ... value mask:             0000ffffffffffff
[    0.241239] ... max period:             00007fffffffffff
[    0.241536] ... fixed-purpose events:   0
[    0.242066] ... event mask:             000000000000003f
[    0.242726] signal: max sigframe size: 3376
[    0.243380] rcu: Hierarchical SRCU implementation.
[    0.243537] rcu: Max phase no-delay instances is 400.
[    0.245971] Callback from call_rcu_tasks_trace() invoked.
[    0.248711] smp: Bringing up secondary CPUs ...
[    0.249672] smpboot: x86: Booting SMP configuration:
[    0.250345] .... node  #0, CPUs:        #1  #2  #3  #4  #5  #6  #7  #8  #9 #10 #11 #12 #13 #14 #15 #16 #17 #18 #19 #20 #21 #22 #23 #24 #25 #26 #27 #28 #29 #30 #31
[    0.273718] smp: Brought up 1 node, 32 CPUs
[    0.275086] smpboot: Max logical packages: 1
[    0.275536] smpboot: Total of 32 processors activated (287458.30 BogoMIPS)
[    0.280757] devtmpfs: initialized
[    0.281625] x86/mm: Memory block size: 128MB
[    0.284138] Running RCU synchronous self tests
[    0.284563] Running RCU synchronous self tests
[    0.285238] clocksource: jiffies: mask: 0xffffffff max_cycles: 0xffffffff, max_idle_ns: 1911260446275000 ns
[    0.285542] futex hash table entries: 8192 (order: 8, 1048576 bytes, linear)
[    0.286973] PM: RTC time: 09:06:38, date: 2024-01-28
[    0.288165] NET: Registered PF_NETLINK/PF_ROUTE protocol family
[    0.289144] thermal_sys: Registered thermal governor 'step_wise'
[    0.289146] thermal_sys: Registered thermal governor 'user_space'
[    0.289579] cpuidle: using governor menu
[    0.291963] PCI: Using configuration type 1 for base access
[    0.292544] PCI: Using configuration type 1 for extended access
[    0.293437] kprobes: kprobe jump-optimization is enabled. All kprobes are optimized if possible.
[    0.310899] HugeTLB: registered 1.00 GiB page size, pre-allocated 0 pages
[    0.311536] HugeTLB: 16380 KiB vmemmap can be freed for a 1.00 GiB page
[    0.312387] HugeTLB: registered 2.00 MiB page size, pre-allocated 0 pages
[    0.312536] HugeTLB: 28 KiB vmemmap can be freed for a 2.00 MiB page
[    0.313902] ACPI: Added _OSI(Module Device)
[    0.314447] ACPI: Added _OSI(Processor Device)
[    0.314536] ACPI: Added _OSI(3.0 _SCP Extensions)
[    0.315154] ACPI: Added _OSI(Processor Aggregator Device)
[    0.317863] ACPI: 1 ACPI AML tables successfully acquired and loaded
[    0.319633] ACPI: _OSC evaluation for CPUs failed, trying _PDC
[    0.321034] ACPI: Interpreter enabled
[    0.321567] ACPI: PM: (supports S0 S3 S4 S5)
[    0.322128] ACPI: Using IOAPIC for interrupt routing
[    0.322556] PCI: Using host bridge windows from ACPI; if necessary, use "pci=nocrs" and report a bug
[    0.323536] PCI: Using E820 reservations for host bridge windows
[    0.324610] ACPI: Enabled 2 GPEs in block 00 to 0F
[    0.334108] ACPI: PCI Root Bridge [PCI0] (domain 0000 [bus 00-ff])
[    0.334539] acpi PNP0A03:00: _OSC: OS supports [ExtendedConfig ASPM ClockPM Segments MSI HPX-Type3]
[    0.336020] PCI host bridge to bus 0000:00
[    0.336536] pci_bus 0000:00: root bus resource [io  0x0000-0x0cf7 window]
[    0.337424] pci_bus 0000:00: root bus resource [io  0x0d00-0xffff window]
[    0.337536] pci_bus 0000:00: root bus resource [mem 0x000a0000-0x000bffff window]
[    0.338498] pci_bus 0000:00: root bus resource [mem 0x40000000-0xfebfffff window]
[    0.338537] pci_bus 0000:00: root bus resource [mem 0x100000000-0x17fffffff window]
[    0.339537] pci_bus 0000:00: root bus resource [bus 00-ff]
[    0.340392] pci 0000:00:00.0: [8086:1237] type 00 class 0x060000 conventional PCI endpoint
[    0.341029] pci 0000:00:01.0: [8086:7000] type 00 class 0x060100 conventional PCI endpoint
[    0.342436] pci 0000:00:01.1: [8086:7010] type 00 class 0x010180 conventional PCI endpoint
[    0.342956] Callback from call_rcu_tasks_rude() invoked.
[    0.343887] pci 0000:00:01.1: BAR 4 [io  0xc080-0xc08f]
[    0.344532] pci 0000:00:01.1: BAR 0 [io  0x01f0-0x01f7]: legacy IDE quirk
[    0.347538] pci 0000:00:01.1: BAR 1 [io  0x03f6]: legacy IDE quirk
[    0.348532] pci 0000:00:01.1: BAR 2 [io  0x0170-0x0177]: legacy IDE quirk
[    0.349537] pci 0000:00:01.1: BAR 3 [io  0x0376]: legacy IDE quirk
[    0.350787] pci 0000:00:01.3: [8086:7113] type 00 class 0x068000 conventional PCI endpoint
[    0.352849] pci 0000:00:01.3: quirk: [io  0x0600-0x063f] claimed by PIIX4 ACPI
[    0.354542] pci 0000:00:01.3: quirk: [io  0x0700-0x070f] claimed by PIIX4 SMB
[    0.355859] pci 0000:00:02.0: [1af4:1009] type 00 class 0x000200 conventional PCI endpoint
[    0.359537] pci 0000:00:02.0: BAR 0 [io  0xc000-0xc03f]
[    0.361425] pci 0000:00:02.0: BAR 1 [mem 0xfebfd000-0xfebfdfff]
[    0.368537] pci 0000:00:02.0: BAR 4 [mem 0xfebf4000-0xfebf7fff 64bit pref]
[    0.372020] pci 0000:00:03.0: [1af4:1009] type 00 class 0x000200 conventional PCI endpoint
[    0.375536] pci 0000:00:03.0: BAR 0 [io  0xc040-0xc07f]
[    0.377135] pci 0000:00:03.0: BAR 1 [mem 0xfebfe000-0xfebfefff]
[    0.381536] pci 0000:00:03.0: BAR 4 [mem 0xfebf8000-0xfebfbfff 64bit pref]
[    0.385685] pci 0000:00:04.0: [8086:25ab] type 00 class 0x088000 conventional PCI endpoint
[    0.386910] pci 0000:00:04.0: BAR 0 [mem 0xfebff000-0xfebff00f]
[    0.392452] ACPI: PCI: Interrupt link LNKA configured for IRQ 10
[    0.392698] ACPI: PCI: Interrupt link LNKB configured for IRQ 10
[    0.393615] ACPI: PCI: Interrupt link LNKC configured for IRQ 11
[    0.395686] ACPI: PCI: Interrupt link LNKD configured for IRQ 11
[    0.396557] ACPI: PCI: Interrupt link LNKS configured for IRQ 9
[    0.399674] iommu: Default domain type: Translated
[    0.400298] iommu: DMA domain TLB invalidation policy: lazy mode
[    0.400822] SCSI subsystem initialized
[    0.401626] pps_core: LinuxPPS API ver. 1 registered
[    0.402538] pps_core: Software ver. 5.3.6 - Copyright 2005-2007 Rodolfo Giometti <giometti@linux.it>
[    0.403540] PTP clock support registered
[    0.404610] Advanced Linux Sound Architecture Driver Initialized.
[    0.406128] NET: Registered PF_ATMPVC protocol family
[    0.406537] NET: Registered PF_ATMSVC protocol family
[    0.407209] PCI: Using ACPI for IRQ routing
[    0.407694] vgaarb: loaded
[    0.408706] hpet0: at MMIO 0xfed00000, IRQs 2, 8, 0
[    0.409537] hpet0: 3 comparators, 64-bit 100.000000 MHz counter
[    0.418238] clocksource: Switched to clocksource kvm-clock
[    0.419394] VFS: Disk quotas dquot_6.6.0
[    0.420063] VFS: Dquot-cache hash table entries: 512 (order 0, 4096 bytes)
[    0.421352] pnp: PnP ACPI init
[    0.422551] pnp: PnP ACPI: found 5 devices
[    0.433282] clocksource: acpi_pm: mask: 0xffffff max_cycles: 0xffffff, max_idle_ns: 2085701024 ns
[    0.434801] NET: Registered PF_INET protocol family
[    0.435659] IP idents hash table entries: 16384 (order: 5, 131072 bytes, linear)
[    0.437338] tcp_listen_portaddr_hash hash table entries: 512 (order: 3, 36864 bytes, linear)
[    0.438751] Table-perturb hash table entries: 65536 (order: 6, 262144 bytes, linear)
[    0.440026] TCP established hash table entries: 8192 (order: 4, 65536 bytes, linear)
[    0.441362] TCP bind hash table entries: 8192 (order: 8, 1179648 bytes, linear)
[    0.443048] TCP: Hash tables configured (established 8192 bind 8192)
[    0.444253] UDP hash table entries: 512 (order: 4, 81920 bytes, linear)
[    0.445415] UDP-Lite hash table entries: 512 (order: 4, 81920 bytes, linear)
[    0.445474] Callback from call_rcu_tasks() invoked.
[    0.446759] NET: Registered PF_UNIX/PF_LOCAL protocol family
[    0.448264] pci_bus 0000:00: resource 4 [io  0x0000-0x0cf7 window]
[    0.449299] pci_bus 0000:00: resource 5 [io  0x0d00-0xffff window]
[    0.450326] pci_bus 0000:00: resource 6 [mem 0x000a0000-0x000bffff window]
[    0.451472] pci_bus 0000:00: resource 7 [mem 0x40000000-0xfebfffff window]
[    0.452617] pci_bus 0000:00: resource 8 [mem 0x100000000-0x17fffffff window]
[    0.453896] pci 0000:00:01.0: PIIX3: Enabling Passive Release
[    0.454871] pci 0000:00:00.0: Limiting direct PCI/PCI transfers
[    0.455916] PCI: CLS 0 bytes, default 64
[    0.456658] kvm_intel: VMX not supported by CPU 2
[    0.457908] kvm_amd: TSC scaling supported
[    0.458632] kvm_amd: Nested Virtualization enabled
[    0.459445] kvm_amd: Nested Paging enabled
[    0.460155] kvm_amd: Virtual VMLOAD VMSAVE supported
[    0.460991] kvm_amd: Virtual GIF supported
[    0.461686] kvm_amd: Virtual NMI enabled
[    0.462351] kvm_amd: LBR virtualization supported
[    0.566175] workingset: timestamp_bits=56 max_order=18 bucket_order=0
[    0.567150] squashfs: version 4.0 (2009/01/31) Phillip Lougher
[    0.567918] fuse: init (API version 7.39)
[    0.568529] 9p: Installing v9fs 9p2000 file system support
[    0.569352] Key type asymmetric registered
[    0.569903] Block layer SCSI generic (bsg) driver version 0.4 loaded (major 249)
[    0.570913] io scheduler mq-deadline registered
[    0.571501] io scheduler kyber registered
[    0.573407] input: Power Button as /devices/LNXSYSTM:00/LNXPWRBN:00/input/input0
[    0.574584] ACPI: button: Power Button [PWRF]
[    0.575260] Warning: Processor Platform Limit event detected, but not handled.
[    0.576184] Consider compiling CPUfreq support into your kernel.
[    0.648422] ACPI: \_SB_.LNKB: Enabled at IRQ 10
[    0.720020] ACPI: \_SB_.LNKC: Enabled at IRQ 11
[    0.721523] Serial: 8250/16550 driver, 4 ports, IRQ sharing enabled
[    0.722717] 00:03: ttyS0 at I/O 0x3f8 (irq = 4, base_baud = 115200) is a 16550A
[    0.724732] Non-volatile memory driver v1.3
[    0.725289] Linux agpgart interface v0.103
[    0.725942] ACPI: bus type drm_connector registered
[    0.738789] loop: module loaded
[    0.740510] scsi host0: ata_piix
[    0.741246] scsi host1: ata_piix
[    0.741722] ata1: PATA max MWDMA2 cmd 0x1f0 ctl 0x3f6 bmdma 0xc080 irq 14 lpm-pol 0
[    0.742704] ata2: PATA max MWDMA2 cmd 0x170 ctl 0x376 bmdma 0xc088 irq 15 lpm-pol 0
[    0.744403] i8042: PNP: PS/2 Controller [PNP0303:KBD,PNP0f13:MOU] at 0x60,0x64 irq 1,12
[    0.746105] serio: i8042 KBD port at 0x60,0x64 irq 1
[    0.746777] serio: i8042 AUX port at 0x60,0x64 irq 12
[    0.747967] rtc_cmos 00:04: RTC can wake from S4
[    0.749061] input: AT Translated Set 2 keyboard as /devices/platform/i8042/serio0/input/input1
[    0.751021] rtc_cmos 00:04: registered as rtc0
[    0.751666] rtc_cmos 00:04: setting system clock to 2024-01-28T09:06:38 UTC (1706432798)
[    0.752793] rtc_cmos 00:04: alarms up to one day, y3k, 242 bytes nvram, hpet irqs
[    0.754627] i6300ESB timer 0000:00:04.0: initialized. heartbeat=30 sec (nowayout=0)
[    0.755952] device-mapper: ioctl: 4.48.0-ioctl (2023-03-01) initialised: dm-devel@redhat.com
[    0.758045] NET: Registered PF_PACKET protocol family
[    0.758735] 9pnet: Installing 9P2000 support
[    0.759622] input: ImExPS/2 Generic Explorer Mouse as /devices/platform/i8042/serio1/input/input3
[    0.761657] Key type dns_resolver registered
[    0.765821] IPI shorthand broadcast: enabled
[    0.774920] sched_clock: Marking stable (765001455, 9192862)->(798238560, -24044243)
[    0.776233] registered taskstats version 1
[    0.781273] PM:   Magic number: 8:92:122
[    0.781805] acpi LNXSYBUS:00: hash matches
[    0.782388] printk: legacy console [netcon0] enabled
[    0.783026] netconsole: network logging started
[    0.783809] ALSA device list:
[    0.784215]   No soundcards found.
[    0.901382] ata2: found unknown device (class 0)
[    0.902777] ata2.00: ATAPI: QEMU DVD-ROM, 2.5+, max UDMA/100
[    0.904977] scsi 1:0:0:0: CD-ROM            QEMU     QEMU DVD-ROM     2.5+ PQ: 0 ANSI: 5
[    0.914108] scsi 1:0:0:0: Attached scsi generic sg0 type 5
[    0.915143] md: Skipping autodetection of RAID arrays. (raid=autodetect will force)
[    0.916179] 9pnet_virtio: no channels available for device 
[    0.917431] VFS: Mounted root (9p filesystem) readonly on device 0:19.
[    0.918392] devtmpfs: mounted
[    0.920304] Freeing unused kernel image (initmem) memory: 3160K
[    0.928216] Write protecting the kernel read-only data: 22528k
[    0.929392] Freeing unused kernel image (rodata/data gap) memory: 72K
[    0.959225] x86/mm: Checked W+X mappings: passed, no W+X pages found.
[    0.959937] Run /usr/lib/python3.11/site-packages/virtme/guest/virtme-init as init process
[    0.984175] mount (267) used greatest stack depth: 12984 bytes left
[    1.053752] mount (285) used greatest stack depth: 12584 bytes left
[    1.093142] mount (307) used greatest stack depth: 12440 bytes left
[    1.105537] virtme-init (313) used greatest stack depth: 12424 bytes left
[    1.139658] virtme-init: basic initialization done
[    1.145274] virtme-init: udevd not found
[    1.200398] virtme-init: Setting hostname to virtme-ng...
[    1.213166] ip (357) used greatest stack depth: 12056 bytes left
          _      _                                    
   __   _(_)_ __| |_ _ __ ___   ___       _ __   __ _ 
   \ \ / / |  __| __|  _   _ \ / _ \_____|  _ \ / _  |
    \ V /| | |  | |_| | | | | |  __/_____| | | | (_| |
     \_/ |_|_|   \__|_| |_| |_|\___|     |_| |_|\__  |
                                                |___/ 
   kernel version: 6.8.0-rc1-virtme x86_64

virtme-ng:/nipa-data/kernel# PS1='xx__-> '
xx__-> 