No EFI environment detected.
early console in extract_kernel
input_data: 0x0000000004b142b9
input_len: 0x00000000017c36f5
output: 0x0000000001000000
output_len: 0x00000000052641fc
kernel_total_size: 0x0000000004e30000
needed_size: 0x0000000005400000
trampoline_32bit: 0x0000000000000000
Physical KASLR using RDRAND RDTSC...
Virtual KASLR using RDRAND RDTSC...

Decompressing Linux... Parsing ELF... Performing relocations... done.
Booting the kernel (entry_offset: 0x0000000000000000).
[    0.000000] Linux version 6.8.0-rc6-virtme (root@b318cea2e050) (gcc (Alpine 13.2.1_git20231014) 13.2.1 20231014, GNU ld (GNU Binutils) 2.42) #1 SMP PREEMPT_DYNAMIC Tue Mar  5 18:26:40 UTC 2024
[    0.000000] Command line: virtme_hostname=virtme-ng nr_open=1048576 virtme_link_mods=/nipa-data/kernel/.virtme_mods/lib/modules/0.0.0 virtme_initmount0=nipa-data/kernel virtme_rw_overlay0=/etc virtme_rw_overlay1=/lib virtme_rw_overlay2=/home virtme_rw_overlay3=/opt virtme_rw_overlay4=/srv virtme_rw_overlay5=/usr virtme_rw_overlay6=/var console=hvc0 earlyprintk=serial,ttyS0,115200 virtme_console=ttyS0 psmouse.proto=exps TERM=xterm virtme_chdir=nipa-data/kernel virtme_root_user=1 rootfstype=9p rootflags=version=9p2000.L,trans=virtio,access=any raid=noautodetect ro init=/usr/lib/python3.11/site-packages/virtme/guest/virtme-init
[    0.000000] BIOS-provided physical RAM map:
[    0.000000] BIOS-e820: [mem 0x0000000000000000-0x000000000009fbff] usable
[    0.000000] BIOS-e820: [mem 0x000000000009fc00-0x000000000009ffff] reserved
[    0.000000] BIOS-e820: [mem 0x00000000000f0000-0x00000000000fffff] reserved
[    0.000000] BIOS-e820: [mem 0x0000000000100000-0x000000003ffdffff] usable
[    0.000000] BIOS-e820: [mem 0x000000003ffe0000-0x000000003fffffff] reserved
[    0.000000] BIOS-e820: [mem 0x00000000feffc000-0x00000000feffffff] reserved
[    0.000000] BIOS-e820: [mem 0x00000000fffc0000-0x00000000ffffffff] reserved
[    0.000000] BIOS-e820: [mem 0x000000fd00000000-0x000000ffffffffff] reserved
[    0.000000] printk: legacy bootconsole [earlyser0] enabled
[    0.000000] NX (Execute Disable) protection: active
[    0.000000] APIC: Static calls initialized
[    0.000000] SMBIOS 3.0.0 present.
[    0.000000] DMI: QEMU Standard PC (i440FX + PIIX, 1996), BIOS rel-1.16.3-0-ga6ed6b701f0a-prebuilt.qemu.org 04/01/2014
[    0.000000] Hypervisor detected: KVM
[    0.000000] kvm-clock: Using msrs 4b564d01 and 4b564d00
[    0.000000] kvm-clock: using sched offset of 332844906 cycles
[    0.000380] clocksource: kvm-clock: mask: 0xffffffffffffffff max_cycles: 0x1cd42e4dffb, max_idle_ns: 881590591483 ns
[    0.001561] tsc: Detected 4491.536 MHz processor
[    0.002270] last_pfn = 0x3ffe0 max_arch_pfn = 0x400000000
[    0.002688] MTRR map: 4 entries (3 fixed + 1 variable; max 19), built from 8 variable MTRRs
[    0.003295] x86/PAT: Configuration [0-7]: WB  WC  UC- UC  WB  WP  UC- WT  
[    0.005301] found SMP MP-table at [mem 0x000f5470-0x000f547f]
[    0.005724] Using GB pages for direct mapping
[    0.006200] ACPI: Early table checksum verification disabled
[    0.006612] ACPI: RSDP 0x00000000000F5290 000014 (v00 BOCHS )
[    0.007030] ACPI: RSDT 0x000000003FFE27BC 000034 (v01 BOCHS  BXPC     00000001 BXPC 00000001)
[    0.007653] ACPI: FACP 0x000000003FFE2578 000074 (v01 BOCHS  BXPC     00000001 BXPC 00000001)
[    0.008277] ACPI: DSDT 0x000000003FFE0040 002538 (v01 BOCHS  BXPC     00000001 BXPC 00000001)
[    0.008897] ACPI: FACS 0x000000003FFE0000 000040
[    0.009237] ACPI: APIC 0x000000003FFE25EC 000170 (v03 BOCHS  BXPC     00000001 BXPC 00000001)
[    0.009855] ACPI: HPET 0x000000003FFE275C 000038 (v01 BOCHS  BXPC     00000001 BXPC 00000001)
[    0.010476] ACPI: WAET 0x000000003FFE2794 000028 (v01 BOCHS  BXPC     00000001 BXPC 00000001)
[    0.011092] ACPI: Reserving FACP table memory at [mem 0x3ffe2578-0x3ffe25eb]
[    0.011604] ACPI: Reserving DSDT table memory at [mem 0x3ffe0040-0x3ffe2577]
[    0.012113] ACPI: Reserving FACS table memory at [mem 0x3ffe0000-0x3ffe003f]
[    0.012624] ACPI: Reserving APIC table memory at [mem 0x3ffe25ec-0x3ffe275b]
[    0.013133] ACPI: Reserving HPET table memory at [mem 0x3ffe275c-0x3ffe2793]
[    0.013643] ACPI: Reserving WAET table memory at [mem 0x3ffe2794-0x3ffe27bb]
[    0.014352] No NUMA configuration found
[    0.014631] Faking a node at [mem 0x0000000000000000-0x000000003ffdffff]
[    0.015119] NODE_DATA(0) allocated [mem 0x3ffdb000-0x3ffdffff]
[    0.015559] Zone ranges:
[    0.015743]   DMA      [mem 0x0000000000001000-0x0000000000ffffff]
[    0.016193]   DMA32    [mem 0x0000000001000000-0x000000003ffdffff]
[    0.016643]   Normal   empty
[    0.016853]   Device   empty
[    0.017063] Movable zone start for each node
[    0.017371] Early memory node ranges
[    0.017629]   node   0: [mem 0x0000000000001000-0x000000000009efff]
[    0.018082]   node   0: [mem 0x0000000000100000-0x000000003ffdffff]
[    0.018537] Initmem setup node 0 [mem 0x0000000000001000-0x000000003ffdffff]
[    0.019051] On node 0, zone DMA: 1 pages in unavailable ranges
[    0.019528] On node 0, zone DMA: 97 pages in unavailable ranges
[    0.024038] On node 0, zone DMA32: 32 pages in unavailable ranges
[    0.033734] kasan: KernelAddressSanitizer initialized
[    0.034478] ACPI: PM-Timer IO Port: 0x608
[    0.034843] ACPI: LAPIC_NMI (acpi_id[0xff] dfl dfl lint[0x1])
[    0.035381] IOAPIC[0]: apic_id 0, version 17, address 0xfec00000, GSI 0-23
[    0.035993] ACPI: INT_SRC_OVR (bus 0 bus_irq 0 global_irq 2 dfl dfl)
[    0.036566] ACPI: INT_SRC_OVR (bus 0 bus_irq 5 global_irq 5 high level)
[    0.037158] ACPI: INT_SRC_OVR (bus 0 bus_irq 9 global_irq 9 high level)
[    0.037748] ACPI: INT_SRC_OVR (bus 0 bus_irq 10 global_irq 10 high level)
[    0.038358] ACPI: INT_SRC_OVR (bus 0 bus_irq 11 global_irq 11 high level)
[    0.038964] ACPI: Using ACPI (MADT) for SMP configuration information
[    0.039539] ACPI: HPET id: 0x8086a201 base: 0xfed00000
[    0.039999] TSC deadline timer available
[    0.040349] smpboot: Allowing 32 CPUs, 0 hotplug CPUs
[    0.040816] kvm-guest: APIC: eoi() replaced with kvm_guest_apic_eoi_write()
[    0.041452] kvm-guest: KVM setup pv remote TLB flush
[    0.041898] kvm-guest: setup PV sched yield
[    0.042291] PM: hibernation: Registered nosave memory: [mem 0x00000000-0x00000fff]
[    0.042971] PM: hibernation: Registered nosave memory: [mem 0x0009f000-0x0009ffff]
[    0.043649] PM: hibernation: Registered nosave memory: [mem 0x000a0000-0x000effff]
[    0.044325] PM: hibernation: Registered nosave memory: [mem 0x000f0000-0x000fffff]
[    0.045000] [mem 0x40000000-0xfeffbfff] available for PCI devices
[    0.045544] Booting paravirtualized kernel on KVM
[    0.045964] clocksource: refined-jiffies: mask: 0xffffffff max_cycles: 0xffffffff, max_idle_ns: 1910969940391419 ns
[    0.055309] setup_percpu: NR_CPUS:64 nr_cpumask_bits:32 nr_cpu_ids:32 nr_node_ids:1
[    0.057597] percpu: Embedded 68 pages/cpu s241448 r8192 d28888 u524288
[    0.058262] Kernel command line: virtme_hostname=virtme-ng nr_open=1048576 virtme_link_mods=/nipa-data/kernel/.virtme_mods/lib/modules/0.0.0 virtme_initmount0=nipa-data/kernel virtme_rw_overlay0=/etc virtme_rw_overlay1=/lib virtme_rw_overlay2=/home virtme_rw_overlay3=/opt virtme_rw_overlay4=/srv virtme_rw_overlay5=/usr virtme_rw_overlay6=/var console=hvc0 earlyprintk=serial,ttyS0,115200 virtme_console=ttyS0 psmouse.proto=exps TERM=xterm virtme_chdir=nipa-data/kernel virtme_root_user=1 rootfstype=9p rootflags=version=9p2000.L,trans=virtio,access=any raid=noautodetect ro init=/usr/lib/python3.11/site-packages/virtme/guest/virtme-init
[    0.063569] Unknown kernel command line parameters "virtme_hostname=virtme-ng nr_open=1048576 virtme_link_mods=/nipa-data/kernel/.virtme_mods/lib/modules/0.0.0 virtme_initmount0=nipa-data/kernel virtme_rw_overlay0=/etc virtme_rw_overlay1=/lib virtme_rw_overlay2=/home virtme_rw_overlay3=/opt virtme_rw_overlay4=/srv virtme_rw_overlay5=/usr virtme_rw_overlay6=/var virtme_console=ttyS0 virtme_chdir=nipa-data/kernel virtme_root_user=1", will be passed to user space.
[    0.067519] random: crng init done
[    0.067952] Dentry cache hash table entries: 131072 (order: 8, 1048576 bytes, linear)
[    0.068683] Inode-cache hash table entries: 65536 (order: 7, 524288 bytes, linear)
[    0.069883] Fallback order for Node 0: 0 
[    0.069888] Built 1 zonelists, mobility grouping on.  Total pages: 257760
[    0.070874] Policy zone: DMA32
[    0.071152] mem auto-init: stack:all(zero), heap alloc:off, heap free:off
[    0.071727] stackdepot: allocating hash table via alloc_large_system_hash
[    0.072235] stackdepot hash table entries: 1048576 (order: 12, 16777216 bytes, linear)
[    0.080183] Memory: 781304K/1048056K available (43008K kernel code, 11335K rwdata, 9572K rodata, 5740K init, 2424K bss, 266496K reserved, 0K cma-reserved)
[    0.081425] SLUB: HWalign=64, Order=0-3, MinObjects=0, CPUs=32, Nodes=1
Poking KASLR using RDRAND RDTSC...
[    0.082190] ftrace: allocating 46498 entries in 182 pages
[    0.090756] ftrace: allocated 182 pages with 5 groups
[    0.091968] Dynamic Preempt: voluntary
[    0.092599] rcu: Preemptible hierarchical RCU implementation.
[    0.093032] rcu: RCU event tracing is enabled.
[    0.093369] rcu: RCU restricting CPUs from NR_CPUS=64 to nr_cpu_ids=32.
[    0.093868] Trampoline variant of Tasks RCU enabled.
[    0.094248] Rude variant of Tasks RCU enabled.
[    0.094584] Tracing variant of Tasks RCU enabled.
[    0.094940] rcu: RCU calculated value of scheduler-enlistment delay is 100 jiffies.
[    0.095521] rcu: Adjusting geometry for rcu_fanout_leaf=16, nr_cpu_ids=32
[    0.103868] NR_IRQS: 4352, nr_irqs: 680, preallocated irqs: 16
[    0.104535] rcu: srcu_init: Setting srcu_struct sizes based on contention.
[    0.105241] Console: colour *CGA 80x25
[    0.105540] ACPI: Core revision 20230628
[    0.105979] clocksource: hpet: mask: 0xffffffff max_cycles: 0xffffffff, max_idle_ns: 19112604467 ns
[    0.106765] APIC: Switch to symmetric I/O mode setup
[    0.107171] APIC: Switched APIC routing to: physical flat
[    0.107570] kvm-guest: APIC: send_IPI_mask() replaced with kvm_send_ipi_mask()
[    0.108093] kvm-guest: APIC: send_IPI_mask_allbutself() replaced with kvm_send_ipi_mask_allbutself()
[    0.108770] kvm-guest: setup PV IPIs
[    0.109903] ..TIMER: vector=0x30 apic1=0 pin1=2 apic2=-1 pin2=-1
[    0.110699] tsc: Marking TSC unstable due to TSCs unsynchronized
[    0.111490] Calibrating delay loop (skipped) preset value.. 8983.07 BogoMIPS (lpj=4491536)
[    0.112546] x86/cpu: User Mode Instruction Prevention (UMIP) activated
[    0.113545] Last level iTLB entries: 4KB 512, 2MB 255, 4MB 127
[    0.114486] Last level dTLB entries: 4KB 512, 2MB 255, 4MB 127, 1GB 0
[    0.115489] Spectre V1 : Mitigation: usercopy/swapgs barriers and __user pointer sanitization
[    0.116490] Spectre V2 : Mitigation: Enhanced / Automatic IBRS
[    0.117486] Spectre V2 : Spectre v2 / SpectreRSB mitigation: Filling RSB on context switch
[    0.118488] Spectre V2 : mitigation: Enabling conditional Indirect Branch Prediction Barrier
[    0.119487] Speculative Store Bypass: Mitigation: Speculative Store Bypass disabled via prctl
[    0.120486] Speculative Return Stack Overflow: IBPB-extending microcode not applied!
[    0.121485] Speculative Return Stack Overflow: WARNING: See https://kernel.org/doc/html/latest/admin-guide/hw-vuln/srso.html for mitigation options.
[    0.121487] Speculative Return Stack Overflow: Vulnerable: Safe RET, no microcode
[    0.123502] x86/fpu: Supporting XSAVE feature 0x001: 'x87 floating point registers'
[    0.124486] x86/fpu: Supporting XSAVE feature 0x002: 'SSE registers'
[    0.125486] x86/fpu: Supporting XSAVE feature 0x004: 'AVX registers'
[    0.126286] x86/fpu: Supporting XSAVE feature 0x020: 'AVX-512 opmask'
[    0.126486] x86/fpu: Supporting XSAVE feature 0x040: 'AVX-512 Hi256'
[    0.127485] x86/fpu: Supporting XSAVE feature 0x080: 'AVX-512 ZMM_Hi256'
[    0.128486] x86/fpu: Supporting XSAVE feature 0x200: 'Protection Keys User registers'
[    0.129486] x86/fpu: xstate_offset[2]:  576, xstate_sizes[2]:  256
[    0.130486] x86/fpu: xstate_offset[5]:  832, xstate_sizes[5]:   64
[    0.131263] x86/fpu: xstate_offset[6]:  896, xstate_sizes[6]:  512
[    0.131486] x86/fpu: xstate_offset[7]: 1408, xstate_sizes[7]: 1024
[    0.132486] x86/fpu: xstate_offset[9]: 2432, xstate_sizes[9]:    8
[    0.133486] x86/fpu: Enabled xstate features 0x2e7, context size is 2440 bytes, using 'compacted' format.
[    0.155200] Freeing SMP alternatives memory: 36K
[    0.155487] pid_max: default: 32768 minimum: 301
[    0.156534] Mount-cache hash table entries: 2048 (order: 2, 16384 bytes, linear)
[    0.157466] Mountpoint-cache hash table entries: 2048 (order: 2, 16384 bytes, linear)
[    0.159092] smpboot: CPU0: AMD Ryzen 9 7950X 16-Core Processor (family: 0x19, model: 0x61, stepping: 0x2)
[    0.159800] RCU Tasks: Setting shift to 5 and lim to 1 rcu_task_cb_adjust=1.
[    0.160511] RCU Tasks Rude: Setting shift to 5 and lim to 1 rcu_task_cb_adjust=1.
[    0.161481] RCU Tasks Trace: Setting shift to 5 and lim to 1 rcu_task_cb_adjust=1.
[    0.161512] Performance Events: Fam17h+ core perfctr, AMD PMU driver.
[    0.162359] ... version:                0
[    0.162487] ... bit width:              48
[    0.163009] ... generic registers:      6
[    0.163487] ... value mask:             0000ffffffffffff
[    0.164169] ... max period:             00007fffffffffff
[    0.164487] ... fixed-purpose events:   0
[    0.164991] ... event mask:             000000000000003f
[    0.165583] signal: max sigframe size: 3376
[    0.166159] rcu: Hierarchical SRCU implementation.
[    0.166488] rcu: Max phase no-delay instances is 400.
[    0.171943] smp: Bringing up secondary CPUs ...
[    0.172669] smpboot: x86: Booting SMP configuration:
[    0.173310] .... node  #0, CPUs:        #1  #2  #3  #4  #5  #6  #7  #8  #9 #10 #11 #12 #13 #14 #15 #16 #17 #18 #19 #20 #21 #22 #23 #24 #25 #26 #27 #28 #29 #30 #31
[    0.197665] smp: Brought up 1 node, 32 CPUs
[    0.199037] smpboot: Max logical packages: 1
[    0.199488] smpboot: Total of 32 processors activated (287458.30 BogoMIPS)
[    0.206637] devtmpfs: initialized
[    0.207049] x86/mm: Memory block size: 128MB
[    0.213808] clocksource: jiffies: mask: 0xffffffff max_cycles: 0xffffffff, max_idle_ns: 1911260446275000 ns
[    0.214492] futex hash table entries: 8192 (order: 7, 524288 bytes, linear)
[    0.215725] PM: RTC time: 18:27:14, date: 2024-03-05
[    0.217192] NET: Registered PF_NETLINK/PF_ROUTE protocol family
[    0.218277] thermal_sys: Registered thermal governor 'step_wise'
[    0.218279] thermal_sys: Registered thermal governor 'user_space'
[    0.218551] cpuidle: using governor menu
[    0.220943] PCI: Using configuration type 1 for base access
[    0.221488] PCI: Using configuration type 1 for extended access
[    0.222370] kprobes: kprobe jump-optimization is enabled. All kprobes are optimized if possible.
[    0.235826] HugeTLB: registered 1.00 GiB page size, pre-allocated 0 pages
[    0.236488] HugeTLB: 16380 KiB vmemmap can be freed for a 1.00 GiB page
[    0.237345] HugeTLB: registered 2.00 MiB page size, pre-allocated 0 pages
[    0.238488] HugeTLB: 28 KiB vmemmap can be freed for a 2.00 MiB page
[    0.239832] ACPI: Added _OSI(Module Device)
[    0.240488] ACPI: Added _OSI(Processor Device)
[    0.241064] ACPI: Added _OSI(3.0 _SCP Extensions)
[    0.241488] ACPI: Added _OSI(Processor Aggregator Device)
[    0.266568] ACPI: 1 ACPI AML tables successfully acquired and loaded
[    0.269661] ACPI: _OSC evaluation for CPUs failed, trying _PDC
[    0.272785] ACPI: Interpreter enabled
[    0.273323] ACPI: PM: (supports S0 S3 S4 S5)
[    0.274488] ACPI: Using IOAPIC for interrupt routing
[    0.275184] PCI: Using host bridge windows from ACPI; if necessary, use "pci=nocrs" and report a bug
[    0.275488] PCI: Using E820 reservations for host bridge windows
[    0.277378] ACPI: Enabled 2 GPEs in block 00 to 0F
[    0.328217] ACPI: PCI Root Bridge [PCI0] (domain 0000 [bus 00-ff])
[    0.328503] acpi PNP0A03:00: _OSC: OS supports [ExtendedConfig ASPM ClockPM Segments MSI HPX-Type3]
[    0.331089] PCI host bridge to bus 0000:00
[    0.331491] pci_bus 0000:00: root bus resource [io  0x0000-0x0cf7 window]
[    0.332373] pci_bus 0000:00: root bus resource [io  0x0d00-0xffff window]
[    0.333490] pci_bus 0000:00: root bus resource [mem 0x000a0000-0x000bffff window]
[    0.334468] pci_bus 0000:00: root bus resource [mem 0x40000000-0xfebfffff window]
[    0.335491] pci_bus 0000:00: root bus resource [mem 0x100000000-0x17fffffff window]
[    0.336478] pci_bus 0000:00: root bus resource [bus 00-ff]
[    0.336644] pci 0000:00:00.0: [8086:1237] type 00 class 0x060000 conventional PCI endpoint
[    0.338378] pci 0000:00:01.0: [8086:7000] type 00 class 0x060100 conventional PCI endpoint
[    0.340413] pci 0000:00:01.1: [8086:7010] type 00 class 0x010180 conventional PCI endpoint
[    0.344488] pci 0000:00:01.1: BAR 4 [io  0xc0c0-0xc0cf]
[    0.345974] pci 0000:00:01.1: BAR 0 [io  0x01f0-0x01f7]: legacy IDE quirk
[    0.346488] pci 0000:00:01.1: BAR 1 [io  0x03f6]: legacy IDE quirk
[    0.347271] pci 0000:00:01.1: BAR 2 [io  0x0170-0x0177]: legacy IDE quirk
[    0.348488] pci 0000:00:01.1: BAR 3 [io  0x0376]: legacy IDE quirk
[    0.349983] pci 0000:00:01.3: [8086:7113] type 00 class 0x068000 conventional PCI endpoint
[    0.351751] pci 0000:00:01.3: quirk: [io  0x0600-0x063f] claimed by PIIX4 ACPI
[    0.352492] pci 0000:00:01.3: quirk: [io  0x0700-0x070f] claimed by PIIX4 SMB
[    0.354159] pci 0000:00:02.0: [1af4:1009] type 00 class 0x000200 conventional PCI endpoint
[    0.356488] pci 0000:00:02.0: BAR 0 [io  0xc000-0xc03f]
[    0.359172] pci 0000:00:02.0: BAR 1 [mem 0xfebfc000-0xfebfcfff]
[    0.364025] pci 0000:00:02.0: BAR 4 [mem 0xfebf0000-0xfebf3fff 64bit pref]
[    0.378606] pci 0000:00:03.0: [1af4:1009] type 00 class 0x000200 conventional PCI endpoint
[    0.380488] pci 0000:00:03.0: BAR 0 [io  0xc040-0xc07f]
[    0.383184] pci 0000:00:03.0: BAR 1 [mem 0xfebfd000-0xfebfdfff]
[    0.388167] pci 0000:00:03.0: BAR 4 [mem 0xfebf4000-0xfebf7fff 64bit pref]
[    0.402510] pci 0000:00:04.0: [8086:25ab] type 00 class 0x088000 conventional PCI endpoint
[    0.403855] pci 0000:00:04.0: BAR 0 [mem 0xfebfe000-0xfebfe00f]
[    0.418495] pci 0000:00:05.0: [1af4:1003] type 00 class 0x078000 conventional PCI endpoint
[    0.421488] pci 0000:00:05.0: BAR 0 [io  0xc080-0xc0bf]
[    0.423156] pci 0000:00:05.0: BAR 1 [mem 0xfebff000-0xfebfffff]
[    0.428146] pci 0000:00:05.0: BAR 4 [mem 0xfebf8000-0xfebfbfff 64bit pref]
[    0.444800] ACPI: PCI: Interrupt link LNKA configured for IRQ 10
[    0.446460] ACPI: PCI: Interrupt link LNKB configured for IRQ 10
[    0.448437] ACPI: PCI: Interrupt link LNKC configured for IRQ 11
[    0.450458] ACPI: PCI: Interrupt link LNKD configured for IRQ 11
[    0.451909] ACPI: PCI: Interrupt link LNKS configured for IRQ 9
[    0.471545] iommu: Default domain type: Translated
[    0.472329] iommu: DMA domain TLB invalidation policy: lazy mode
[    0.474108] SCSI subsystem initialized
[    0.474790] pps_core: LinuxPPS API ver. 1 registered
[    0.475489] pps_core: Software ver. 5.3.6 - Copyright 2005-2007 Rodolfo Giometti <giometti@linux.it>
[    0.476506] PTP clock support registered
[    0.477651] Advanced Linux Sound Architecture Driver Initialized.
[    0.479648] NET: Registered PF_ATMPVC protocol family
[    0.480306] NET: Registered PF_ATMSVC protocol family
[    0.481514] PCI: Using ACPI for IRQ routing
[    0.482208] vgaarb: loaded
[    0.482610] hpet0: at MMIO 0xfed00000, IRQs 2, 8, 0
[    0.483250] hpet0: 3 comparators, 64-bit 100.000000 MHz counter
[    0.487842] clocksource: Switched to clocksource kvm-clock
[    0.489335] VFS: Disk quotas dquot_6.6.0
[    0.489880] VFS: Dquot-cache hash table entries: 512 (order 0, 4096 bytes)
[    0.490974] pnp: PnP ACPI init
[    0.495041] pnp: PnP ACPI: found 5 devices
[    0.507883] clocksource: acpi_pm: mask: 0xffffff max_cycles: 0xffffff, max_idle_ns: 2085701024 ns
[    0.509168] NET: Registered PF_INET protocol family
[    0.509914] IP idents hash table entries: 16384 (order: 5, 131072 bytes, linear)
[    0.511372] tcp_listen_portaddr_hash hash table entries: 512 (order: 1, 8192 bytes, linear)
[    0.512496] Table-perturb hash table entries: 65536 (order: 6, 262144 bytes, linear)
[    0.513549] TCP established hash table entries: 8192 (order: 4, 65536 bytes, linear)
[    0.514598] TCP bind hash table entries: 8192 (order: 6, 262144 bytes, linear)
[    0.515586] TCP: Hash tables configured (established 8192 bind 8192)
[    0.516712] UDP hash table entries: 512 (order: 2, 16384 bytes, linear)
[    0.517597] UDP-Lite hash table entries: 512 (order: 2, 16384 bytes, linear)
[    0.518784] NET: Registered PF_UNIX/PF_LOCAL protocol family
[    0.519560] pci_bus 0000:00: resource 4 [io  0x0000-0x0cf7 window]
[    0.520386] pci_bus 0000:00: resource 5 [io  0x0d00-0xffff window]
[    0.521221] pci_bus 0000:00: resource 6 [mem 0x000a0000-0x000bffff window]
[    0.522135] pci_bus 0000:00: resource 7 [mem 0x40000000-0xfebfffff window]
[    0.523051] pci_bus 0000:00: resource 8 [mem 0x100000000-0x17fffffff window]
[    0.524201] pci 0000:00:01.0: PIIX3: Enabling Passive Release
[    0.524984] pci 0000:00:00.0: Limiting direct PCI/PCI transfers
[    0.525815] PCI: CLS 0 bytes, default 64
[    0.526390] kvm_intel: VMX not supported by CPU 19
[    0.527073] kvm_amd: TSC scaling supported
[    0.527655] kvm_amd: Nested Virtualization enabled
[    0.528282] kvm_amd: Nested Paging enabled
[    0.528854] kvm_amd: Virtual VMLOAD VMSAVE supported
[    0.529511] kvm_amd: Virtual GIF supported
[    0.530059] kvm_amd: Virtual NMI enabled
[    0.530577] kvm_amd: LBR virtualization supported
[    0.631418] workingset: timestamp_bits=56 max_order=18 bucket_order=0
[    0.632447] squashfs: version 4.0 (2009/01/31) Phillip Lougher
[    0.633245] fuse: init (API version 7.39)
[    0.633919] 9p: Installing v9fs 9p2000 file system support
[    0.634764] Key type asymmetric registered
[    0.635350] Block layer SCSI generic (bsg) driver version 0.4 loaded (major 249)
[    0.636356] io scheduler mq-deadline registered
[    0.636962] io scheduler kyber registered
[    0.638826] input: Power Button as /devices/LNXSYSTM:00/LNXPWRBN:00/input/input0
[    0.640057] ACPI: button: Power Button [PWRF]
[    0.640776] Warning: Processor Platform Limit event detected, but not handled.
[    0.641726] Consider compiling CPUfreq support into your kernel.
[    1.513408] ACPI: \_SB_.LNKB: Enabled at IRQ 10
[    2.381283] ACPI: \_SB_.LNKC: Enabled at IRQ 11
[    3.245752] ACPI: \_SB_.LNKA: Enabled at IRQ 10
[    3.247367] Serial: 8250/16550 driver, 4 ports, IRQ sharing enabled
[    3.248548] 00:03: ttyS0 at I/O 0x3f8 (irq = 4, base_baud = 115200) is a 16550A
[    3.291503] Non-volatile memory driver v1.3
[    3.292064] Linux agpgart interface v0.103
[    3.292634] printk: legacy console [hvc0] enabled
[    3.292828] ACPI: bus type drm_connector registered
          _      _                                    
   __   _(_)_ __| |_ _ __ ___   ___       _ __   __ _ 
   \ \ / / |  __| __|  _   _ \ / _ \_____|  _ \ / _  |
    \ V /| | |  | |_| | | | | |  __/_____| | | | (_| |
     \_/ |_|_|   \__|_| |_| |_|\___|     |_| |_|\__  |
                                                |___/ 
   kernel version: 6.8.0-rc6-virtme x86_64
   (CTRL+d to exit)

virtme-ng:/nipa-data/kernel# PS1='xx__-> '
xx__-> env
PWD=/nipa-data/kernel
nr_open=1048576
HOME=/
TERM=xterm
SHLVL=2
XDG_RUNTIME_DIR=/run/user/0
PATH=/bin:/sbin:/usr/bin:/usr/sbin:/usr/local/bin
OLDPWD=/
_=/usr/bin/env
xx__-> 