No EFI environment detected.
early console in extract_kernel
input_data: 0x0000000004c872c4
input_len: 0x0000000001976c8d
output: 0x0000000001000000
output_len: 0x0000000005587744
kernel_total_size: 0x0000000005230000
needed_size: 0x0000000005600000
trampoline_32bit: 0x0000000000000000
Physical KASLR using RDRAND RDTSC...
Virtual KASLR using RDRAND RDTSC...

Decompressing Linux... Parsing ELF... Performing relocations... done.
Booting the kernel (entry_offset: 0x0000000002bc3f80).
[    0.000000] Linux version 6.15.0-rc3-virtme (root@4f0463f0b659) (gcc (Ubuntu 13.3.0-6ubuntu2~24.04) 13.3.0, GNU ld (GNU Binutils for Ubuntu) 2.42) #1 SMP PREEMPT_DYNAMIC Wed Apr 30 21:26:37 UTC 2025
[    0.000000] Command line: virtme_hostname=virtme-ng nr_open=1048576 virtme_link_mods=/nipa-data/kernel/.virtme_mods/lib/modules/0.0.0 virtme_initmount0=nipa-data/kernel virtme_rw_overlay0=/etc virtme_rw_overlay1=/lib virtme_rw_overlay2=/home virtme_rw_overlay3=/opt virtme_rw_overlay4=/srv virtme_rw_overlay5=/usr virtme_rw_overlay6=/var console=hvc0 earlyprintk=serial,ttyS0,115200 virtme_console=ttyS0 psmouse.proto=exps TERM=xterm virtme_chdir=nipa-data/kernel virtme_root_user=1 rootfstype=9p rootflags=version=9p2000.L,trans=virtio,access=any raid=noautodetect ro init=/usr/lib/python3/dist-packages/virtme/guest/virtme-init
[    0.000000] BIOS-provided physical RAM map:
[    0.000000] BIOS-e820: [mem 0x0000000000000000-0x000000000009fbff] usable
[    0.000000] BIOS-e820: [mem 0x000000000009fc00-0x000000000009ffff] reserved
[    0.000000] BIOS-e820: [mem 0x00000000000f0000-0x00000000000fffff] reserved
[    0.000000] BIOS-e820: [mem 0x0000000000100000-0x000000003ffdffff] usable
[    0.000000] BIOS-e820: [mem 0x000000003ffe0000-0x000000003fffffff] reserved
[    0.000000] BIOS-e820: [mem 0x00000000feffc000-0x00000000feffffff] reserved
[    0.000000] BIOS-e820: [mem 0x00000000fffc0000-0x00000000ffffffff] reserved
[    0.000000] BIOS-e820: [mem 0x000000fd00000000-0x000000ffffffffff] reserved
[    0.000000] printk: legacy bootconsole [earlyser0] enabled
[    0.000000] NX (Execute Disable) protection: active
[    0.000000] APIC: Static calls initialized
[    0.000000] SMBIOS 3.0.0 present.
[    0.000000] DMI: QEMU Ubuntu 24.04 PC (i440FX + PIIX, 1996), BIOS 1.16.3-debian-1.16.3-2 04/01/2014
[    0.000000] DMI: Memory slots populated: 1/1
[    0.000000] Hypervisor detected: KVM
[    0.000000] kvm-clock: Using msrs 4b564d01 and 4b564d00
[    0.000000] kvm-clock: using sched offset of 235550890 cycles
[    0.000356] clocksource: kvm-clock: mask: 0xffffffffffffffff max_cycles: 0x1cd42e4dffb, max_idle_ns: 881590591483 ns
[    0.001454] tsc: Detected 4491.540 MHz processor
[    0.002095] last_pfn = 0x3ffe0 max_arch_pfn = 0x400000000
[    0.002484] MTRR map: 4 entries (3 fixed + 1 variable; max 19), built from 8 variable MTRRs
[    0.003049] x86/PAT: Configuration [0-7]: WB  WC  UC- UC  WB  WP  UC- WT  
[    0.004911] found SMP MP-table at [mem 0x000f5470-0x000f547f]
[    0.005306] Using GB pages for direct mapping
[    0.005744] ACPI: Early table checksum verification disabled
[    0.006127] ACPI: RSDP 0x00000000000F5290 000014 (v00 BOCHS )
[    0.006523] ACPI: RSDT 0x000000003FFE27BC 000034 (v01 BOCHS  BXPC     00000001 BXPC 00000001)
[    0.007099] ACPI: FACP 0x000000003FFE2578 000074 (v01 BOCHS  BXPC     00000001 BXPC 00000001)
[    0.007677] ACPI: DSDT 0x000000003FFE0040 002538 (v01 BOCHS  BXPC     00000001 BXPC 00000001)
[    0.008255] ACPI: FACS 0x000000003FFE0000 000040
[    0.008567] ACPI: APIC 0x000000003FFE25EC 000170 (v03 BOCHS  BXPC     00000001 BXPC 00000001)
[    0.009140] ACPI: HPET 0x000000003FFE275C 000038 (v01 BOCHS  BXPC     00000001 BXPC 00000001)
[    0.009716] ACPI: WAET 0x000000003FFE2794 000028 (v01 BOCHS  BXPC     00000001 BXPC 00000001)
[    0.010292] ACPI: Reserving FACP table memory at [mem 0x3ffe2578-0x3ffe25eb]
[    0.010768] ACPI: Reserving DSDT table memory at [mem 0x3ffe0040-0x3ffe2577]
[    0.011244] ACPI: Reserving FACS table memory at [mem 0x3ffe0000-0x3ffe003f]
[    0.011716] ACPI: Reserving APIC table memory at [mem 0x3ffe25ec-0x3ffe275b]
[    0.012193] ACPI: Reserving HPET table memory at [mem 0x3ffe275c-0x3ffe2793]
[    0.012665] ACPI: Reserving WAET table memory at [mem 0x3ffe2794-0x3ffe27bb]
[    0.013328] No NUMA configuration found
[    0.013586] Faking a node at [mem 0x0000000000000000-0x000000003ffdffff]
[    0.014038] NODE_DATA(0) allocated [mem 0x3ffdb600-0x3ffdffff]
[    0.014448] Zone ranges:
[    0.014619]   DMA      [mem 0x0000000000001000-0x0000000000ffffff]
[    0.015034]   DMA32    [mem 0x0000000001000000-0x000000003ffdffff]
[    0.015452]   Normal   empty
[    0.015646]   Device   empty
[    0.015840] Movable zone start for each node
[    0.016126] Early memory node ranges
[    0.016369]   node   0: [mem 0x0000000000001000-0x000000000009efff]
[    0.016790]   node   0: [mem 0x0000000000100000-0x000000003ffdffff]
[    0.017216] Initmem setup node 0 [mem 0x0000000000001000-0x000000003ffdffff]
[    0.017694] On node 0, zone DMA: 1 pages in unavailable ranges
[    0.018136] On node 0, zone DMA: 97 pages in unavailable ranges
[    0.022424] On node 0, zone DMA32: 32 pages in unavailable ranges
[    0.031395] kasan: KernelAddressSanitizer initialized
[    0.031959] ACPI: PM-Timer IO Port: 0x608
[    0.032248] ACPI: LAPIC_NMI (acpi_id[0xff] dfl dfl lint[0x1])
[    0.032661] IOAPIC[0]: apic_id 0, version 17, address 0xfec00000, GSI 0-23
[    0.033123] ACPI: INT_SRC_OVR (bus 0 bus_irq 0 global_irq 2 dfl dfl)
[    0.033553] ACPI: INT_SRC_OVR (bus 0 bus_irq 5 global_irq 5 high level)
[    0.033998] ACPI: INT_SRC_OVR (bus 0 bus_irq 9 global_irq 9 high level)
[    0.034445] ACPI: INT_SRC_OVR (bus 0 bus_irq 10 global_irq 10 high level)
[    0.034900] ACPI: INT_SRC_OVR (bus 0 bus_irq 11 global_irq 11 high level)
[    0.035361] ACPI: Using ACPI (MADT) for SMP configuration information
[    0.035794] ACPI: HPET id: 0x8086a201 base: 0xfed00000
[    0.036141] TSC deadline timer available
[    0.036410] CPU topo: Max. logical packages:   1
[    0.036720] CPU topo: Max. logical dies:       1
[    0.037029] CPU topo: Max. dies per package:   1
[    0.037345] CPU topo: Max. threads per core:   1
[    0.037655] CPU topo: Num. cores per package:    32
[    0.037983] CPU topo: Num. threads per package:  32
[    0.038313] CPU topo: Allowing 32 present CPUs plus 0 hotplug CPUs
[    0.038742] kvm-guest: APIC: eoi() replaced with kvm_guest_apic_eoi_write()
[    0.039224] kvm-guest: KVM setup pv remote TLB flush
[    0.039558] kvm-guest: setup PV sched yield
[    0.039845] PM: hibernation: Registered nosave memory: [mem 0x00000000-0x00000fff]
[    0.040356] PM: hibernation: Registered nosave memory: [mem 0x0009f000-0x000fffff]
[    0.040865] [mem 0x40000000-0xfeffbfff] available for PCI devices
[    0.041276] Booting paravirtualized kernel on KVM
[    0.041593] clocksource: refined-jiffies: mask: 0xffffffff max_cycles: 0xffffffff, max_idle_ns: 1910969940391419 ns
[    0.050062] setup_percpu: NR_CPUS:64 nr_cpumask_bits:32 nr_cpu_ids:32 nr_node_ids:1
[    0.051793] percpu: Embedded 65 pages/cpu s228056 r8192 d29992 u524288
[    0.052306] Kernel command line: virtme_hostname=virtme-ng nr_open=1048576 virtme_link_mods=/nipa-data/kernel/.virtme_mods/lib/modules/0.0.0 virtme_initmount0=nipa-data/kernel virtme_rw_overlay0=/etc virtme_rw_overlay1=/lib virtme_rw_overlay2=/home virtme_rw_overlay3=/opt virtme_rw_overlay4=/srv virtme_rw_overlay5=/usr virtme_rw_overlay6=/var console=hvc0 earlyprintk=serial,ttyS0,115200 virtme_console=ttyS0 psmouse.proto=exps TERM=xterm virtme_chdir=nipa-data/kernel virtme_root_user=1 rootfstype=9p rootflags=version=9p2000.L,trans=virtio,access=any raid=noautodetect ro init=/usr/lib/python3/dist-packages/virtme/guest/virtme-init
[    0.056306] Unknown kernel command line parameters "virtme_hostname=virtme-ng nr_open=1048576 virtme_link_mods=/nipa-data/kernel/.virtme_mods/lib/modules/0.0.0 virtme_initmount0=nipa-data/kernel virtme_rw_overlay0=/etc virtme_rw_overlay1=/lib virtme_rw_overlay2=/home virtme_rw_overlay3=/opt virtme_rw_overlay4=/srv virtme_rw_overlay5=/usr virtme_rw_overlay6=/var virtme_console=ttyS0 virtme_chdir=nipa-data/kernel virtme_root_user=1", will be passed to user space.
[    0.059322] random: crng init done
[    0.059557] printk: log buffer data + meta data: 262144 + 917504 = 1179648 bytes
[    0.060087] Dentry cache hash table entries: 131072 (order: 8, 1048576 bytes, linear)
[    0.060643] Inode-cache hash table entries: 65536 (order: 7, 524288 bytes, linear)
[    0.061563] Fallback order for Node 0: 0 
[    0.061568] Built 1 zonelists, mobility grouping on.  Total pages: 262014
[    0.062317] Policy zone: DMA32
[    0.062528] mem auto-init: stack:all(zero), heap alloc:off, heap free:off
[    0.062996] stackdepot: allocating hash table via alloc_large_system_hash
[    0.063468] stackdepot hash table entries: 1048576 (order: 12, 16777216 bytes, linear)
[    0.071381] SLUB: HWalign=64, Order=0-3, MinObjects=0, CPUs=32, Nodes=1
Poking KASLR using RDRAND RDTSC...
[    0.080496] ftrace: allocating 48935 entries in 192 pages
[    0.080868] ftrace: allocated 192 pages with 2 groups
[    0.082070] Dynamic Preempt: voluntary
[    0.082778] rcu: Preemptible hierarchical RCU implementation.
[    0.083171] rcu: RCU event tracing is enabled.
[    0.083483] rcu: RCU restricting CPUs from NR_CPUS=64 to nr_cpu_ids=32.
[    0.083941] Trampoline variant of Tasks RCU enabled.
[    0.084289] Rude variant of Tasks RCU enabled.
[    0.084598] Tracing variant of Tasks RCU enabled.
[    0.084926] rcu: RCU calculated value of scheduler-enlistment delay is 100 jiffies.
[    0.085452] rcu: Adjusting geometry for rcu_fanout_leaf=16, nr_cpu_ids=32
[    0.085983] RCU Tasks: Setting shift to 5 and lim to 1 rcu_task_cb_adjust=1 rcu_task_cpu_ids=32.
[    0.086591] RCU Tasks Rude: Setting shift to 5 and lim to 1 rcu_task_cb_adjust=1 rcu_task_cpu_ids=32.
[    0.087226] RCU Tasks Trace: Setting shift to 5 and lim to 1 rcu_task_cb_adjust=1 rcu_task_cpu_ids=32.
[    0.097016] NR_IRQS: 4352, nr_irqs: 680, preallocated irqs: 16
[    0.097673] rcu: srcu_init: Setting srcu_struct sizes based on contention.
[    0.098542] Console: colour *CGA 80x25
[    0.098833] ACPI: Core revision 20240827
[    0.099261] clocksource: hpet: mask: 0xffffffff max_cycles: 0xffffffff, max_idle_ns: 19112604467 ns
[    0.099959] APIC: Switch to symmetric I/O mode setup
[    0.100443] x2apic enabled
[    0.100813] APIC: Switched APIC routing to: physical x2apic
[    0.101207] kvm-guest: APIC: send_IPI_mask() replaced with kvm_send_ipi_mask()
[    0.101707] kvm-guest: APIC: send_IPI_mask_allbutself() replaced with kvm_send_ipi_mask_allbutself()
[    0.102326] kvm-guest: setup PV IPIs
[    0.103377] ..TIMER: vector=0x30 apic1=0 pin1=2 apic2=-1 pin2=-1
[    0.104134] clocksource: tsc-early: mask: 0xffffffffffffffff max_cycles: 0x40be2faf0ae, max_idle_ns: 440795257074 ns
[    0.105425] Calibrating delay loop (skipped) preset value.. 8983.08 BogoMIPS (lpj=4491540)
[    0.106490] x86/cpu: User Mode Instruction Prevention (UMIP) activated
[    0.107481] Last level iTLB entries: 4KB 512, 2MB 255, 4MB 127
[    0.108424] Last level dTLB entries: 4KB 512, 2MB 255, 4MB 127, 1GB 0
[    0.109428] Spectre V1 : Mitigation: usercopy/swapgs barriers and __user pointer sanitization
[    0.110428] Spectre V2 : Mitigation: Enhanced / Automatic IBRS
[    0.111131] Spectre V2 : mitigation: Enabling conditional Indirect Branch Prediction Barrier
[    0.111426] Speculative Store Bypass: Mitigation: Speculative Store Bypass disabled via prctl
[    0.112424] Speculative Return Stack Overflow: IBPB-extending microcode not applied!
[    0.113424] Speculative Return Stack Overflow: WARNING: See https://kernel.org/doc/html/latest/admin-guide/hw-vuln/srso.html for mitigation options.
[    0.113426] Speculative Return Stack Overflow: Vulnerable: Safe RET, no microcode
[    0.115439] x86/fpu: Supporting XSAVE feature 0x001: 'x87 floating point registers'
[    0.116424] x86/fpu: Supporting XSAVE feature 0x002: 'SSE registers'
[    0.117424] x86/fpu: Supporting XSAVE feature 0x004: 'AVX registers'
[    0.118181] x86/fpu: Supporting XSAVE feature 0x020: 'AVX-512 opmask'
[    0.118424] x86/fpu: Supporting XSAVE feature 0x040: 'AVX-512 Hi256'
[    0.119424] x86/fpu: Supporting XSAVE feature 0x080: 'AVX-512 ZMM_Hi256'
[    0.120424] x86/fpu: Supporting XSAVE feature 0x200: 'Protection Keys User registers'
[    0.121424] x86/fpu: xstate_offset[2]:  576, xstate_sizes[2]:  256
[    0.122424] x86/fpu: xstate_offset[5]:  832, xstate_sizes[5]:   64
[    0.123157] x86/fpu: xstate_offset[6]:  896, xstate_sizes[6]:  512
[    0.123424] x86/fpu: xstate_offset[7]: 1408, xstate_sizes[7]: 1024
[    0.124424] x86/fpu: xstate_offset[9]: 2432, xstate_sizes[9]:    8
[    0.125155] x86/fpu: Enabled xstate features 0x2e7, context size is 2440 bytes, using 'compacted' format.
[    0.146645] Freeing SMP alternatives memory: 40K
[    0.147202] pid_max: default: 32768 minimum: 301
[    0.147545] Mount-cache hash table entries: 2048 (order: 2, 16384 bytes, linear)
[    0.148425] Mountpoint-cache hash table entries: 2048 (order: 2, 16384 bytes, linear)
[    0.150068] smpboot: CPU0: AMD Ryzen 9 7950X 16-Core Processor (family: 0x19, model: 0x61, stepping: 0x2)
[    0.150862] Performance Events: Fam17h+ core perfctr, AMD PMU driver.
[    0.151428] ... version:                0
[    0.151901] ... bit width:              48
[    0.152387] ... generic registers:      6
[    0.152426] ... value mask:             0000ffffffffffff
[    0.153056] ... max period:             00007fffffffffff
[    0.153425] ... fixed-purpose events:   0
[    0.153902] ... event mask:             000000000000003f
[    0.154577] signal: max sigframe size: 3376
[    0.155117] rcu: Hierarchical SRCU implementation.
[    0.155426] rcu: Max phase no-delay instances is 400.
[    0.156114] Timer migration: 2 hierarchy levels; 8 children per group; 2 crossnode level
[    0.160205] smp: Bringing up secondary CPUs ...
[    0.160607] smpboot: x86: Booting SMP configuration:
[    0.161202] .... node  #0, CPUs:        #1  #2  #3  #4  #5  #6  #7  #8  #9 #10 #11 #12 #13 #14 #15 #16 #17 #18 #19 #20 #21 #22 #23 #24 #25 #26 #27 #28 #29 #30 #31
[    0.192536] smp: Brought up 1 node, 32 CPUs
[    0.193940] smpboot: Total of 32 processors activated (287458.56 BogoMIPS)
[    0.197632] Memory: 761580K/1048056K available (44816K kernel code, 11587K rwdata, 10272K rodata, 6156K init, 1324K bss, 270692K reserved, 0K cma-reserved)
[    0.198555] devtmpfs: initialized
[    0.199166] x86/mm: Memory block size: 128MB
[    0.205717] clocksource: jiffies: mask: 0xffffffff max_cycles: 0xffffffff, max_idle_ns: 1911260446275000 ns
[    0.206429] posixtimers hash table entries: 16384 (order: 6, 262144 bytes, linear)
[    0.207371] futex hash table entries: 8192 (order: 7, 524288 bytes, linear)
[    0.207803] PM: RTC time: 21:26:58, date: 2025-04-30
[    0.209204] NET: Registered PF_NETLINK/PF_ROUTE protocol family
[    0.210302] thermal_sys: Registered thermal governor 'step_wise'
[    0.210333] cpuidle: using governor menu
[    0.212168] PCI: Using configuration type 1 for base access
[    0.212426] PCI: Using configuration type 1 for extended access
[    0.213289] kprobes: kprobe jump-optimization is enabled. All kprobes are optimized if possible.
[    0.227616] HugeTLB: allocation took 0ms with hugepage_allocation_threads=8
[    0.228458] HugeTLB: registered 1.00 GiB page size, pre-allocated 0 pages
[    0.229289] HugeTLB: 16380 KiB vmemmap can be freed for a 1.00 GiB page
[    0.229426] HugeTLB: registered 2.00 MiB page size, pre-allocated 0 pages
[    0.230263] HugeTLB: 28 KiB vmemmap can be freed for a 2.00 MiB page
[    0.231789] ACPI: Added _OSI(Module Device)
[    0.232426] ACPI: Added _OSI(Processor Device)
[    0.232982] ACPI: Added _OSI(3.0 _SCP Extensions)
[    0.234426] ACPI: Added _OSI(Processor Aggregator Device)
[    0.259438] ACPI: 1 ACPI AML tables successfully acquired and loaded
[    0.264372] ACPI: Interpreter enabled
[    0.264487] ACPI: PM: (supports S0 S3 S4 S5)
[    0.265011] ACPI: Using IOAPIC for interrupt routing
[    0.265476] PCI: Using host bridge windows from ACPI; if necessary, use "pci=nocrs" and report a bug
[    0.266426] PCI: Using E820 reservations for host bridge windows
[    0.268273] ACPI: Enabled 2 GPEs in block 00 to 0F
[    0.318698] ACPI: PCI Root Bridge [PCI0] (domain 0000 [bus 00-ff])
[    0.319440] acpi PNP0A03:00: _OSC: OS supports [ExtendedConfig ASPM ClockPM Segments MSI HPX-Type3]
[    0.320935] PCI host bridge to bus 0000:00
[    0.321482] pci_bus 0000:00: root bus resource [io  0x0000-0x0cf7 window]
[    0.322328] pci_bus 0000:00: root bus resource [io  0x0d00-0xffff window]
[    0.323429] pci_bus 0000:00: root bus resource [mem 0x000a0000-0x000bffff window]
[    0.324360] pci_bus 0000:00: root bus resource [mem 0x40000000-0xfebfffff window]
[    0.325429] pci_bus 0000:00: root bus resource [mem 0x100000000-0x17fffffff window]
[    0.326377] pci_bus 0000:00: root bus resource [bus 00-ff]
[    0.326525] pci 0000:00:00.0: [8086:1237] type 00 class 0x060000 conventional PCI endpoint
[    0.328352] pci 0000:00:01.0: [8086:7000] type 00 class 0x060100 conventional PCI endpoint
[    0.330335] pci 0000:00:01.1: [8086:7010] type 00 class 0x010180 conventional PCI endpoint
[    0.331866] pci 0000:00:01.1: BAR 4 [io  0xc0c0-0xc0cf]
[    0.332445] pci 0000:00:01.1: BAR 0 [io  0x01f0-0x01f7]: legacy IDE quirk
[    0.333280] pci 0000:00:01.1: BAR 1 [io  0x03f6]: legacy IDE quirk
[    0.334426] pci 0000:00:01.1: BAR 2 [io  0x0170-0x0177]: legacy IDE quirk
[    0.335262] pci 0000:00:01.1: BAR 3 [io  0x0376]: legacy IDE quirk
[    0.337142] pci 0000:00:01.3: [8086:7113] type 00 class 0x068000 conventional PCI endpoint
[    0.337653] pci 0000:00:01.3: quirk: [io  0x0600-0x063f] claimed by PIIX4 ACPI
[    0.338430] pci 0000:00:01.3: quirk: [io  0x0700-0x070f] claimed by PIIX4 SMB
[    0.340087] pci 0000:00:02.0: [1af4:1009] type 00 class 0x000200 conventional PCI endpoint
[    0.342423] pci 0000:00:02.0: BAR 0 [io  0xc000-0xc03f]
[    0.343430] pci 0000:00:02.0: BAR 1 [mem 0xfebfc000-0xfebfcfff]
[    0.344173] pci 0000:00:02.0: BAR 4 [mem 0xfebf0000-0xfebf3fff 64bit pref]
[    0.356401] pci 0000:00:03.0: [1af4:1009] type 00 class 0x000200 conventional PCI endpoint
[    0.358423] pci 0000:00:03.0: BAR 0 [io  0xc040-0xc07f]
[    0.359430] pci 0000:00:03.0: BAR 1 [mem 0xfebfd000-0xfebfdfff]
[    0.360174] pci 0000:00:03.0: BAR 4 [mem 0xfebf4000-0xfebf7fff 64bit pref]
[    0.373339] pci 0000:00:04.0: [8086:25ab] type 00 class 0x088000 conventional PCI endpoint
[    0.373780] pci 0000:00:04.0: BAR 0 [mem 0xfebfe000-0xfebfe00f]
[    0.387198] pci 0000:00:05.0: [1af4:1003] type 00 class 0x078000 conventional PCI endpoint
[    0.388156] pci 0000:00:05.0: BAR 0 [io  0xc080-0xc0bf]
[    0.389430] pci 0000:00:05.0: BAR 1 [mem 0xfebff000-0xfebfffff]
[    0.390175] pci 0000:00:05.0: BAR 4 [mem 0xfebf8000-0xfebfbfff 64bit pref]
[    0.404735] ACPI: PCI: Interrupt link LNKA configured for IRQ 10
[    0.406402] ACPI: PCI: Interrupt link LNKB configured for IRQ 10
[    0.408387] ACPI: PCI: Interrupt link LNKC configured for IRQ 11
[    0.410384] ACPI: PCI: Interrupt link LNKD configured for IRQ 11
[    0.411820] ACPI: PCI: Interrupt link LNKS configured for IRQ 9
[    0.431550] iommu: Default domain type: Translated
[    0.432152] iommu: DMA domain TLB invalidation policy: lazy mode
[    0.432893] SCSI subsystem initialized
[    0.433660] pps_core: LinuxPPS API ver. 1 registered
[    0.434270] pps_core: Software ver. 5.3.6 - Copyright 2005-2007 Rodolfo Giometti <giometti@linux.it>
[    0.435441] PTP clock support registered
[    0.436551] Advanced Linux Sound Architecture Driver Initialized.
[    0.438569] NET: Registered PF_ATMPVC protocol family
[    0.439202] NET: Registered PF_ATMSVC protocol family
[    0.439463] PCI: Using ACPI for IRQ routing
[    0.440438] vgaarb: loaded
[    0.440544] hpet0: at MMIO 0xfed00000, IRQs 2, 8, 0
[    0.441146] hpet0: 3 comparators, 64-bit 100.000000 MHz counter
[    0.445562] clocksource: Switched to clocksource kvm-clock
[    0.446748] VFS: Disk quotas dquot_6.6.0
[    0.447244] VFS: Dquot-cache hash table entries: 512 (order 0, 4096 bytes)
[    0.451907] pnp: PnP ACPI init
[    0.454763] pnp: PnP ACPI: found 5 devices
[    0.466368] clocksource: acpi_pm: mask: 0xffffff max_cycles: 0xffffff, max_idle_ns: 2085701024 ns
[    0.467526] NET: Registered PF_INET protocol family
[    0.468259] IP idents hash table entries: 16384 (order: 5, 131072 bytes, linear)
[    0.469542] tcp_listen_portaddr_hash hash table entries: 512 (order: 1, 8192 bytes, linear)
[    0.470574] Table-perturb hash table entries: 65536 (order: 6, 262144 bytes, linear)
[    0.471541] TCP established hash table entries: 8192 (order: 4, 65536 bytes, linear)
[    0.472488] TCP bind hash table entries: 8192 (order: 6, 262144 bytes, linear)
[    0.473370] TCP: Hash tables configured (established 8192 bind 8192)
[    0.474295] UDP hash table entries: 512 (order: 3, 32768 bytes, linear)
[    0.475122] UDP-Lite hash table entries: 512 (order: 3, 32768 bytes, linear)
[    0.476190] NET: Registered PF_UNIX/PF_LOCAL protocol family
[    0.476899] pci_bus 0000:00: resource 4 [io  0x0000-0x0cf7 window]
[    0.477639] pci_bus 0000:00: resource 5 [io  0x0d00-0xffff window]
[    0.478389] pci_bus 0000:00: resource 6 [mem 0x000a0000-0x000bffff window]
[    0.479212] pci_bus 0000:00: resource 7 [mem 0x40000000-0xfebfffff window]
[    0.480040] pci_bus 0000:00: resource 8 [mem 0x100000000-0x17fffffff window]
[    0.481092] pci 0000:00:01.0: PIIX3: Enabling Passive Release
[    0.481795] pci 0000:00:00.0: Limiting direct PCI/PCI transfers
[    0.482540] PCI: CLS 0 bytes, default 64
[    0.483256] kvm_intel: VMX not supported by CPU 2
[    0.483855] kvm_amd: TSC scaling supported
[    0.484352] kvm_amd: Nested Virtualization enabled
[    0.484926] kvm_amd: Nested Paging enabled
[    0.485422] kvm_amd: LBR virtualization supported
[    0.485997] kvm_amd: Virtual GIF supported
[    0.486491] kvm_amd: Virtual NMI enabled
[    0.516377] clocksource: tsc: mask: 0xffffffffffffffff max_cycles: 0x40be2faf0ae, max_idle_ns: 440795257074 ns
[    0.534303] Initialise system trusted keyrings
[    0.534968] workingset: timestamp_bits=56 max_order=18 bucket_order=0
[    0.535875] squashfs: version 4.0 (2009/01/31) Phillip Lougher
[    0.536605] fuse: init (API version 7.43)
[    0.537228] 9p: Installing v9fs 9p2000 file system support
[    0.546688] Key type asymmetric registered
[    0.547194] Asymmetric key parser 'x509' registered
[    0.547855] Block layer SCSI generic (bsg) driver version 0.4 loaded (major 249)
[    0.548793] io scheduler mq-deadline registered
[    0.549355] io scheduler kyber registered
[    0.551809] input: Power Button as /devices/LNXSYSTM:00/LNXPWRBN:00/input/input0
[    0.552958] ACPI: button: Power Button [PWRF]
[    0.554867] Warning: Processor Platform Limit event detected, but not handled.
[    0.555772] Consider compiling CPUfreq support into your kernel.
[    1.431968] ACPI: \_SB_.LNKB: Enabled at IRQ 10
[    2.300412] ACPI: \_SB_.LNKC: Enabled at IRQ 11
[    3.168588] ACPI: \_SB_.LNKA: Enabled at IRQ 10
[    3.169941] Serial: 8250/16550 driver, 4 ports, IRQ sharing enabled
[    3.171043] 00:03: ttyS0 at I/O 0x3f8 (irq = 4, base_baud = 115200) is a 16550A
[    3.186072] Non-volatile memory driver v1.3
[    3.186630] Linux agpgart interface v0.103
[    3.187317] ACPI: bus type drm_connector registered
[    3.187938] printk: legacy console [hvc0] enabled
[    3.188551] printk: legacy bootconsole [earlyser0] disabled
          _      _                                    
   __   _(_)_ __| |_ _ __ ___   ___       _ __   __ _ 
   \ \ / / |  __| __|  _   _ \ / _ \_____|  _ \ / _  |
    \ V /| | |  | |_| | | | | |  __/_____| | | | (_| |
     \_/ |_|_|   \__|_| |_| |_|\___|     |_| |_|\__  |
                                                |___/ 
   kernel version: 6.15.0-rc3-virtme x86_64
   (CTRL+d to exit)

root@virtme-ng:/nipa-data/kernel# PS1='xx__-> '
xx__-> env
PWD=/nipa-data/kernel
nr_open=1048576
HOME=/
TERM=xterm
SHLVL=2
XDG_RUNTIME_DIR=/run/user/0
PATH=/bin:/sbin:/usr/bin:/usr/sbin:/usr/local/bin
OLDPWD=/
_=/bin/env
xx__-> 