No EFI environment detected.
early console in extract_kernel
input_data: 0x0000000004ab12c4
input_len: 0x000000000186a47b
output: 0x0000000001000000
output_len: 0x00000000052a88bc
kernel_total_size: 0x0000000004e30000
needed_size: 0x0000000005400000
trampoline_32bit: 0x0000000000000000
Physical KASLR using RDRAND RDTSC...
Virtual KASLR using RDRAND RDTSC...

Decompressing Linux... Parsing ELF... Performing relocations... done.
Booting the kernel (entry_offset: 0x0000000000000000).
[    0.000000] Linux version 6.10.0-rc5-virtme (root@b3eaafa88a8c) (gcc (Alpine 13.2.1_git20240309) 13.2.1 20240309, GNU ld (GNU Binutils) 2.42) #1 SMP PREEMPT_DYNAMIC Thu Jul  4 03:26:50 UTC 2024
[    0.000000] Command line: virtme_hostname=virtme-ng nr_open=1048576 virtme_link_mods=/nipa-data/kernel/.virtme_mods/lib/modules/0.0.0 virtme_initmount0=nipa-data/kernel virtme_rw_overlay0=/etc virtme_rw_overlay1=/lib virtme_rw_overlay2=/home virtme_rw_overlay3=/opt virtme_rw_overlay4=/srv virtme_rw_overlay5=/usr virtme_rw_overlay6=/var console=hvc0 earlyprintk=serial,ttyS0,115200 virtme_console=ttyS0 psmouse.proto=exps TERM=xterm virtme_chdir=nipa-data/kernel virtme_root_user=1 rootfstype=9p rootflags=version=9p2000.L,trans=virtio,access=any raid=noautodetect ro init=/usr/lib/python3.12/site-packages/virtme/guest/virtme-init
[    0.000000] BIOS-provided physical RAM map:
[    0.000000] BIOS-e820: [mem 0x0000000000000000-0x000000000009fbff] usable
[    0.000000] BIOS-e820: [mem 0x000000000009fc00-0x000000000009ffff] reserved
[    0.000000] BIOS-e820: [mem 0x00000000000f0000-0x00000000000fffff] reserved
[    0.000000] BIOS-e820: [mem 0x0000000000100000-0x000000003ffdffff] usable
[    0.000000] BIOS-e820: [mem 0x000000003ffe0000-0x000000003fffffff] reserved
[    0.000000] BIOS-e820: [mem 0x00000000feffc000-0x00000000feffffff] reserved
[    0.000000] BIOS-e820: [mem 0x00000000fffc0000-0x00000000ffffffff] reserved
[    0.000000] BIOS-e820: [mem 0x000000fd00000000-0x000000ffffffffff] reserved
[    0.000000] printk: legacy bootconsole [earlyser0] enabled
[    0.000000] NX (Execute Disable) protection: active
[    0.000000] APIC: Static calls initialized
[    0.000000] SMBIOS 2.8 present.
[    0.000000] DMI: QEMU Standard PC (i440FX + PIIX, 1996), BIOS rel-1.16.3-0-ga6ed6b701f0a-prebuilt.qemu.org 04/01/2014
[    0.000000] DMI: Memory slots populated: 1/1
[    0.000000] Hypervisor detected: KVM
[    0.000000] kvm-clock: Using msrs 4b564d01 and 4b564d00
[    0.000000] kvm-clock: using sched offset of 371308552 cycles
[    0.000390] clocksource: kvm-clock: mask: 0xffffffffffffffff max_cycles: 0x1cd42e4dffb, max_idle_ns: 881590591483 ns
[    0.001583] tsc: Detected 4491.560 MHz processor
[    0.002275] last_pfn = 0x3ffe0 max_arch_pfn = 0x400000000
[    0.002702] MTRR map: 4 entries (3 fixed + 1 variable; max 19), built from 8 variable MTRRs
[    0.003321] x86/PAT: Configuration [0-7]: WB  WC  UC- UC  WB  WP  UC- WT  
[    0.005335] found SMP MP-table at [mem 0x000f5470-0x000f547f]
[    0.005765] Using GB pages for direct mapping
[    0.006245] ACPI: Early table checksum verification disabled
[    0.006663] ACPI: RSDP 0x00000000000F5290 000014 (v00 BOCHS )
[    0.007087] ACPI: RSDT 0x000000003FFE27BC 000034 (v01 BOCHS  BXPC     00000001 BXPC 00000001)
[    0.007720] ACPI: FACP 0x000000003FFE2578 000074 (v01 BOCHS  BXPC     00000001 BXPC 00000001)
[    0.008349] ACPI: DSDT 0x000000003FFE0040 002538 (v01 BOCHS  BXPC     00000001 BXPC 00000001)
[    0.008974] ACPI: FACS 0x000000003FFE0000 000040
[    0.009314] ACPI: APIC 0x000000003FFE25EC 000170 (v03 BOCHS  BXPC     00000001 BXPC 00000001)
[    0.009940] ACPI: HPET 0x000000003FFE275C 000038 (v01 BOCHS  BXPC     00000001 BXPC 00000001)
[    0.010565] ACPI: WAET 0x000000003FFE2794 000028 (v01 BOCHS  BXPC     00000001 BXPC 00000001)
[    0.011191] ACPI: Reserving FACP table memory at [mem 0x3ffe2578-0x3ffe25eb]
[    0.011711] ACPI: Reserving DSDT table memory at [mem 0x3ffe0040-0x3ffe2577]
[    0.012226] ACPI: Reserving FACS table memory at [mem 0x3ffe0000-0x3ffe003f]
[    0.012744] ACPI: Reserving APIC table memory at [mem 0x3ffe25ec-0x3ffe275b]
[    0.013268] ACPI: Reserving HPET table memory at [mem 0x3ffe275c-0x3ffe2793]
[    0.013786] ACPI: Reserving WAET table memory at [mem 0x3ffe2794-0x3ffe27bb]
[    0.014505] No NUMA configuration found
[    0.014789] Faking a node at [mem 0x0000000000000000-0x000000003ffdffff]
[    0.015284] NODE_DATA(0) allocated [mem 0x3ffdb000-0x3ffdffff]
[    0.015736] Zone ranges:
[    0.015922]   DMA      [mem 0x0000000000001000-0x0000000000ffffff]
[    0.016376]   DMA32    [mem 0x0000000001000000-0x000000003ffdffff]
[    0.016828]   Normal   empty
[    0.017039]   Device   empty
[    0.017249] Movable zone start for each node
[    0.017561] Early memory node ranges
[    0.017822]   node   0: [mem 0x0000000000001000-0x000000000009efff]
[    0.018280]   node   0: [mem 0x0000000000100000-0x000000003ffdffff]
[    0.018739] Initmem setup node 0 [mem 0x0000000000001000-0x000000003ffdffff]
[    0.019287] On node 0, zone DMA: 1 pages in unavailable ranges
[    0.019777] On node 0, zone DMA: 97 pages in unavailable ranges
[    0.024424] On node 0, zone DMA32: 32 pages in unavailable ranges
[    0.033626] kasan: KernelAddressSanitizer initialized
[    0.034229] ACPI: PM-Timer IO Port: 0x608
[    0.034534] ACPI: LAPIC_NMI (acpi_id[0xff] dfl dfl lint[0x1])
[    0.034978] IOAPIC[0]: apic_id 0, version 17, address 0xfec00000, GSI 0-23
[    0.035494] ACPI: INT_SRC_OVR (bus 0 bus_irq 0 global_irq 2 dfl dfl)
[    0.035983] ACPI: INT_SRC_OVR (bus 0 bus_irq 5 global_irq 5 high level)
[    0.036471] ACPI: INT_SRC_OVR (bus 0 bus_irq 9 global_irq 9 high level)
[    0.037009] ACPI: INT_SRC_OVR (bus 0 bus_irq 10 global_irq 10 high level)
[    0.037635] ACPI: INT_SRC_OVR (bus 0 bus_irq 11 global_irq 11 high level)
[    0.038259] ACPI: Using ACPI (MADT) for SMP configuration information
[    0.038850] ACPI: HPET id: 0x8086a201 base: 0xfed00000
[    0.039330] TSC deadline timer available
[    0.039694] CPU topo: Max. logical packages:   1
[    0.040118] CPU topo: Max. logical dies:       1
[    0.040541] CPU topo: Max. dies per package:   1
[    0.040965] CPU topo: Max. threads per core:   1
[    0.041387] CPU topo: Num. cores per package:    32
[    0.041833] CPU topo: Num. threads per package:  32
[    0.042278] CPU topo: Allowing 32 present CPUs plus 0 hotplug CPUs
[    0.042863] kvm-guest: APIC: eoi() replaced with kvm_guest_apic_eoi_write()
[    0.043520] kvm-guest: KVM setup pv remote TLB flush
[    0.043976] kvm-guest: setup PV sched yield
[    0.044366] PM: hibernation: Registered nosave memory: [mem 0x00000000-0x00000fff]
[    0.045058] PM: hibernation: Registered nosave memory: [mem 0x0009f000-0x0009ffff]
[    0.045749] PM: hibernation: Registered nosave memory: [mem 0x000a0000-0x000effff]
[    0.046440] PM: hibernation: Registered nosave memory: [mem 0x000f0000-0x000fffff]
[    0.047132] [mem 0x40000000-0xfeffbfff] available for PCI devices
[    0.047626] Booting paravirtualized kernel on KVM
[    0.047988] clocksource: refined-jiffies: mask: 0xffffffff max_cycles: 0xffffffff, max_idle_ns: 1910969940391419 ns
[    0.056736] setup_percpu: NR_CPUS:64 nr_cpumask_bits:32 nr_cpu_ids:32 nr_node_ids:1
[    0.058542] percpu: Embedded 70 pages/cpu s248536 r8192 d29992 u524288
[    0.059076] Kernel command line: virtme_hostname=virtme-ng nr_open=1048576 virtme_link_mods=/nipa-data/kernel/.virtme_mods/lib/modules/0.0.0 virtme_initmount0=nipa-data/kernel virtme_rw_overlay0=/etc virtme_rw_overlay1=/lib virtme_rw_overlay2=/home virtme_rw_overlay3=/opt virtme_rw_overlay4=/srv virtme_rw_overlay5=/usr virtme_rw_overlay6=/var console=hvc0 earlyprintk=serial,ttyS0,115200 virtme_console=ttyS0 psmouse.proto=exps TERM=xterm virtme_chdir=nipa-data/kernel virtme_root_user=1 rootfstype=9p rootflags=version=9p2000.L,trans=virtio,access=any raid=noautodetect ro init=/usr/lib/python3.12/site-packages/virtme/guest/virtme-init
[    0.063389] Unknown kernel command line parameters "virtme_hostname=virtme-ng nr_open=1048576 virtme_link_mods=/nipa-data/kernel/.virtme_mods/lib/modules/0.0.0 virtme_initmount0=nipa-data/kernel virtme_rw_overlay0=/etc virtme_rw_overlay1=/lib virtme_rw_overlay2=/home virtme_rw_overlay3=/opt virtme_rw_overlay4=/srv virtme_rw_overlay5=/usr virtme_rw_overlay6=/var virtme_console=ttyS0 virtme_chdir=nipa-data/kernel virtme_root_user=1", will be passed to user space.
[    0.066623] random: crng init done
[    0.066978] Dentry cache hash table entries: 131072 (order: 8, 1048576 bytes, linear)
[    0.067577] Inode-cache hash table entries: 65536 (order: 7, 524288 bytes, linear)
[    0.068555] Fallback order for Node 0: 0 
[    0.068559] Built 1 zonelists, mobility grouping on.  Total pages: 262014
[    0.069379] Policy zone: DMA32
[    0.069608] mem auto-init: stack:all(zero), heap alloc:off, heap free:off
[    0.070114] stackdepot: allocating hash table via alloc_large_system_hash
[    0.070620] stackdepot hash table entries: 1048576 (order: 12, 16777216 bytes, linear)
[    0.078455] Memory: 781040K/1048056K available (43008K kernel code, 11217K rwdata, 9852K rodata, 5920K init, 2164K bss, 266760K reserved, 0K cma-reserved)
[    0.079672] SLUB: HWalign=64, Order=0-3, MinObjects=0, CPUs=32, Nodes=1
Poking KASLR using RDRAND RDTSC...
[    0.080451] ftrace: allocating 48026 entries in 188 pages
[    0.090460] ftrace: allocated 188 pages with 5 groups
[    0.091952] Dynamic Preempt: voluntary
[    0.092895] rcu: Preemptible hierarchical RCU implementation.
[    0.093436] rcu: RCU event tracing is enabled.
[    0.093862] rcu: RCU restricting CPUs from NR_CPUS=64 to nr_cpu_ids=32.
[    0.094497] Trampoline variant of Tasks RCU enabled.
[    0.094974] Rude variant of Tasks RCU enabled.
[    0.095409] Tracing variant of Tasks RCU enabled.
[    0.095862] rcu: RCU calculated value of scheduler-enlistment delay is 100 jiffies.
[    0.096583] rcu: Adjusting geometry for rcu_fanout_leaf=16, nr_cpu_ids=32
[    0.097312] RCU Tasks: Setting shift to 5 and lim to 1 rcu_task_cb_adjust=1.
[    0.097982] RCU Tasks Rude: Setting shift to 5 and lim to 1 rcu_task_cb_adjust=1.
[    0.098687] RCU Tasks Trace: Setting shift to 5 and lim to 1 rcu_task_cb_adjust=1.
[    0.109695] NR_IRQS: 4352, nr_irqs: 680, preallocated irqs: 16
[    0.110529] rcu: srcu_init: Setting srcu_struct sizes based on contention.
[    0.111421] Console: colour *CGA 80x25
[    0.111826] ACPI: Core revision 20240322
[    0.112370] clocksource: hpet: mask: 0xffffffff max_cycles: 0xffffffff, max_idle_ns: 19112604467 ns
[    0.113277] APIC: Switch to symmetric I/O mode setup
[    0.113734] APIC: Switched APIC routing to: physical flat
[    0.114223] kvm-guest: APIC: send_IPI_mask() replaced with kvm_send_ipi_mask()
[    0.114867] kvm-guest: APIC: send_IPI_mask_allbutself() replaced with kvm_send_ipi_mask_allbutself()
[    0.115679] kvm-guest: setup PV IPIs
[    0.117032] ..TIMER: vector=0x30 apic1=0 pin1=2 apic2=-1 pin2=-1
[    0.118065] tsc: Marking TSC unstable due to TSCs unsynchronized
[    0.119084] Calibrating delay loop (skipped) preset value.. 8983.12 BogoMIPS (lpj=4491560)
[    0.120149] x86/cpu: User Mode Instruction Prevention (UMIP) activated
[    0.121129] Last level iTLB entries: 4KB 512, 2MB 255, 4MB 127
[    0.121914] Last level dTLB entries: 4KB 512, 2MB 255, 4MB 127, 1GB 0
[    0.122088] Spectre V1 : Mitigation: usercopy/swapgs barriers and __user pointer sanitization
[    0.123087] Spectre V2 : Mitigation: Enhanced / Automatic IBRS
[    0.124082] Spectre V2 : Spectre v2 / SpectreRSB mitigation: Filling RSB on context switch
[    0.125084] Spectre V2 : mitigation: Enabling conditional Indirect Branch Prediction Barrier
[    0.126084] Speculative Store Bypass: Mitigation: Speculative Store Bypass disabled via prctl
[    0.127082] Speculative Return Stack Overflow: IBPB-extending microcode not applied!
[    0.128082] Speculative Return Stack Overflow: WARNING: See https://kernel.org/doc/html/latest/admin-guide/hw-vuln/srso.html for mitigation options.
[    0.128084] Speculative Return Stack Overflow: Vulnerable: Safe RET, no microcode
[    0.130098] x86/fpu: Supporting XSAVE feature 0x001: 'x87 floating point registers'
[    0.131082] x86/fpu: Supporting XSAVE feature 0x002: 'SSE registers'
[    0.132082] x86/fpu: Supporting XSAVE feature 0x004: 'AVX registers'
[    0.133082] x86/fpu: Supporting XSAVE feature 0x020: 'AVX-512 opmask'
[    0.134082] x86/fpu: Supporting XSAVE feature 0x040: 'AVX-512 Hi256'
[    0.135081] x86/fpu: Supporting XSAVE feature 0x080: 'AVX-512 ZMM_Hi256'
[    0.136082] x86/fpu: Supporting XSAVE feature 0x200: 'Protection Keys User registers'
[    0.137082] x86/fpu: xstate_offset[2]:  576, xstate_sizes[2]:  256
[    0.138082] x86/fpu: xstate_offset[5]:  832, xstate_sizes[5]:   64
[    0.139083] x86/fpu: xstate_offset[6]:  896, xstate_sizes[6]:  512
[    0.140082] x86/fpu: xstate_offset[7]: 1408, xstate_sizes[7]: 1024
[    0.141082] x86/fpu: xstate_offset[9]: 2432, xstate_sizes[9]:    8
[    0.141930] x86/fpu: Enabled xstate features 0x2e7, context size is 2440 bytes, using 'compacted' format.
[    0.163973] Freeing SMP alternatives memory: 40K
[    0.164083] pid_max: default: 32768 minimum: 301
[    0.165218] Mount-cache hash table entries: 2048 (order: 2, 16384 bytes, linear)
[    0.166083] Mountpoint-cache hash table entries: 2048 (order: 2, 16384 bytes, linear)
[    0.167756] smpboot: CPU0: AMD Ryzen 9 7950X 16-Core Processor (family: 0x19, model: 0x61, stepping: 0x2)
[    0.168554] Performance Events: Fam17h+ core perfctr, AMD PMU driver.
[    0.169086] ... version:                0
[    0.169594] ... bit width:              48
[    0.170083] ... generic registers:      6
[    0.170591] ... value mask:             0000ffffffffffff
[    0.171083] ... max period:             00007fffffffffff
[    0.171785] ... fixed-purpose events:   0
[    0.172083] ... event mask:             000000000000003f
[    0.172905] signal: max sigframe size: 3376
[    0.173145] rcu: Hierarchical SRCU implementation.
[    0.173764] rcu: Max phase no-delay instances is 400.
[    0.178266] smp: Bringing up secondary CPUs ...
[    0.179140] smpboot: x86: Booting SMP configuration:
[    0.179790] .... node  #0, CPUs:        #1  #2  #3  #4  #5  #6  #7  #8  #9 #10 #11 #12 #13 #14 #15 #16 #17 #18 #19 #20 #21 #22 #23 #24 #25 #26 #27 #28 #29 #30 #31
[    0.210286] smp: Brought up 1 node, 32 CPUs
[    0.211807] smpboot: Total of 32 processors activated (287459.84 BogoMIPS)
[    0.217424] devtmpfs: initialized
[    0.218332] x86/mm: Memory block size: 128MB
[    0.227538] clocksource: jiffies: mask: 0xffffffff max_cycles: 0xffffffff, max_idle_ns: 1911260446275000 ns
[    0.228092] futex hash table entries: 8192 (order: 7, 524288 bytes, linear)
[    0.229521] PM: RTC time: 03:27:24, date: 2024-07-04
[    0.231030] NET: Registered PF_NETLINK/PF_ROUTE protocol family
[    0.232230] thermal_sys: Registered thermal governor 'step_wise'
[    0.232233] thermal_sys: Registered thermal governor 'user_space'
[    0.233126] cpuidle: using governor menu
[    0.236477] PCI: Using configuration type 1 for base access
[    0.237085] PCI: Using configuration type 1 for extended access
[    0.238279] kprobes: kprobe jump-optimization is enabled. All kprobes are optimized if possible.
[    0.249476] HugeTLB: registered 1.00 GiB page size, pre-allocated 0 pages
[    0.250084] HugeTLB: 16380 KiB vmemmap can be freed for a 1.00 GiB page
[    0.250966] HugeTLB: registered 2.00 MiB page size, pre-allocated 0 pages
[    0.252083] HugeTLB: 28 KiB vmemmap can be freed for a 2.00 MiB page
[    0.257989] Demotion targets for Node 0: null
[    0.258426] ACPI: Added _OSI(Module Device)
[    0.259084] ACPI: Added _OSI(Processor Device)
[    0.259668] ACPI: Added _OSI(3.0 _SCP Extensions)
[    0.260084] ACPI: Added _OSI(Processor Aggregator Device)
[    0.288251] ACPI: 1 ACPI AML tables successfully acquired and loaded
[    0.292266] ACPI: _OSC evaluation for CPUs failed, trying _PDC
[    0.295530] ACPI: Interpreter enabled
[    0.296126] ACPI: PM: (supports S0 S3 S4 S5)
[    0.296745] ACPI: Using IOAPIC for interrupt routing
[    0.297160] PCI: Using host bridge windows from ACPI; if necessary, use "pci=nocrs" and report a bug
[    0.299085] PCI: Using E820 reservations for host bridge windows
[    0.301179] ACPI: Enabled 2 GPEs in block 00 to 0F
[    0.351061] ACPI: PCI Root Bridge [PCI0] (domain 0000 [bus 00-ff])
[    0.352099] acpi PNP0A03:00: _OSC: OS supports [ExtendedConfig ASPM ClockPM Segments MSI HPX-Type3]
[    0.353642] PCI host bridge to bus 0000:00
[    0.354089] pci_bus 0000:00: root bus resource [io  0x0000-0x0cf7 window]
[    0.355006] pci_bus 0000:00: root bus resource [io  0x0d00-0xffff window]
[    0.356086] pci_bus 0000:00: root bus resource [mem 0x000a0000-0x000bffff window]
[    0.357086] pci_bus 0000:00: root bus resource [mem 0x40000000-0xfebfffff window]
[    0.358087] pci_bus 0000:00: root bus resource [mem 0x100000000-0x17fffffff window]
[    0.359087] pci_bus 0000:00: root bus resource [bus 00-ff]
[    0.359982] pci 0000:00:00.0: [8086:1237] type 00 class 0x060000 conventional PCI endpoint
[    0.362013] pci 0000:00:01.0: [8086:7000] type 00 class 0x060100 conventional PCI endpoint
[    0.364048] pci 0000:00:01.1: [8086:7010] type 00 class 0x010180 conventional PCI endpoint
[    0.368593] pci 0000:00:01.1: BAR 4 [io  0xc0c0-0xc0cf]
[    0.370097] pci 0000:00:01.1: BAR 0 [io  0x01f0-0x01f7]: legacy IDE quirk
[    0.371018] pci 0000:00:01.1: BAR 1 [io  0x03f6]: legacy IDE quirk
[    0.372084] pci 0000:00:01.1: BAR 2 [io  0x0170-0x0177]: legacy IDE quirk
[    0.372998] pci 0000:00:01.1: BAR 3 [io  0x0376]: legacy IDE quirk
[    0.373822] pci 0000:00:01.3: [8086:7113] type 00 class 0x068000 conventional PCI endpoint
[    0.375381] pci 0000:00:01.3: quirk: [io  0x0600-0x063f] claimed by PIIX4 ACPI
[    0.378092] pci 0000:00:01.3: quirk: [io  0x0700-0x070f] claimed by PIIX4 SMB
[    0.380122] pci 0000:00:02.0: [1af4:1009] type 00 class 0x000200 conventional PCI endpoint
[    0.383085] pci 0000:00:02.0: BAR 0 [io  0xc000-0xc03f]
[    0.386085] pci 0000:00:02.0: BAR 1 [mem 0xfebfc000-0xfebfcfff]
[    0.394085] pci 0000:00:02.0: BAR 4 [mem 0xfebf0000-0xfebf3fff 64bit pref]
[    0.412045] pci 0000:00:03.0: [1af4:1009] type 00 class 0x000200 conventional PCI endpoint
[    0.415085] pci 0000:00:03.0: BAR 0 [io  0xc040-0xc07f]
[    0.416858] pci 0000:00:03.0: BAR 1 [mem 0xfebfd000-0xfebfdfff]
[    0.422085] pci 0000:00:03.0: BAR 4 [mem 0xfebf4000-0xfebf7fff 64bit pref]
[    0.438081] pci 0000:00:04.0: [8086:25ab] type 00 class 0x088000 conventional PCI endpoint
[    0.439696] pci 0000:00:04.0: BAR 0 [mem 0xfebfe000-0xfebfe00f]
[    0.456223] pci 0000:00:05.0: [1af4:1003] type 00 class 0x078000 conventional PCI endpoint
[    0.458084] pci 0000:00:05.0: BAR 0 [io  0xc080-0xc0bf]
[    0.460814] pci 0000:00:05.0: BAR 1 [mem 0xfebff000-0xfebfffff]
[    0.466085] pci 0000:00:05.0: BAR 4 [mem 0xfebf8000-0xfebfbfff 64bit pref]
[    0.484621] ACPI: PCI: Interrupt link LNKA configured for IRQ 10
[    0.486099] ACPI: PCI: Interrupt link LNKB configured for IRQ 10
[    0.487905] ACPI: PCI: Interrupt link LNKC configured for IRQ 11
[    0.490062] ACPI: PCI: Interrupt link LNKD configured for IRQ 11
[    0.491488] ACPI: PCI: Interrupt link LNKS configured for IRQ 9
[    0.511710] iommu: Default domain type: Translated
[    0.512084] iommu: DMA domain TLB invalidation policy: lazy mode
[    0.513404] SCSI subsystem initialized
[    0.514319] pps_core: LinuxPPS API ver. 1 registered
[    0.515004] pps_core: Software ver. 5.3.6 - Copyright 2005-2007 Rodolfo Giometti <giometti@linux.it>
[    0.517101] PTP clock support registered
[    0.518098] Advanced Linux Sound Architecture Driver Initialized.
[    0.520262] NET: Registered PF_ATMPVC protocol family
[    0.520948] NET: Registered PF_ATMSVC protocol family
[    0.521110] PCI: Using ACPI for IRQ routing
[    0.522138] vgaarb: loaded
[    0.522228] hpet0: at MMIO 0xfed00000, IRQs 2, 8, 0
[    0.522890] hpet0: 3 comparators, 64-bit 100.000000 MHz counter
[    0.529061] clocksource: Switched to clocksource kvm-clock
[    0.529684] VFS: Disk quotas dquot_6.6.0
[    0.530426] VFS: Dquot-cache hash table entries: 512 (order 0, 4096 bytes)
[    0.532141] pnp: PnP ACPI init
[    0.535153] pnp: PnP ACPI: found 5 devices
[    0.548353] clocksource: acpi_pm: mask: 0xffffff max_cycles: 0xffffff, max_idle_ns: 2085701024 ns
[    0.549602] NET: Registered PF_INET protocol family
[    0.550296] IP idents hash table entries: 16384 (order: 5, 131072 bytes, linear)
[    0.551725] tcp_listen_portaddr_hash hash table entries: 512 (order: 1, 8192 bytes, linear)
[    0.552830] Table-perturb hash table entries: 65536 (order: 6, 262144 bytes, linear)
[    0.553873] TCP established hash table entries: 8192 (order: 4, 65536 bytes, linear)
[    0.554896] TCP bind hash table entries: 8192 (order: 6, 262144 bytes, linear)
[    0.555946] TCP: Hash tables configured (established 8192 bind 8192)
[    0.556965] UDP hash table entries: 512 (order: 2, 16384 bytes, linear)
[    0.557899] UDP-Lite hash table entries: 512 (order: 2, 16384 bytes, linear)
[    0.559101] NET: Registered PF_UNIX/PF_LOCAL protocol family
[    0.559869] pci_bus 0000:00: resource 4 [io  0x0000-0x0cf7 window]
[    0.560691] pci_bus 0000:00: resource 5 [io  0x0d00-0xffff window]
[    0.561511] pci_bus 0000:00: resource 6 [mem 0x000a0000-0x000bffff window]
[    0.562418] pci_bus 0000:00: resource 7 [mem 0x40000000-0xfebfffff window]
[    0.563325] pci_bus 0000:00: resource 8 [mem 0x100000000-0x17fffffff window]
[    0.564468] pci 0000:00:01.0: PIIX3: Enabling Passive Release
[    0.565236] pci 0000:00:00.0: Limiting direct PCI/PCI transfers
[    0.566060] PCI: CLS 0 bytes, default 64
[    0.566658] kvm_intel: VMX not supported by CPU 26
[    0.567470] kvm_amd: TSC scaling supported
[    0.568025] kvm_amd: Nested Virtualization enabled
[    0.568652] kvm_amd: Nested Paging enabled
[    0.569199] kvm_amd: LBR virtualization supported
[    0.569835] kvm_amd: Virtual VMLOAD VMSAVE supported
[    0.570505] kvm_amd: Virtual GIF supported
[    0.571080] kvm_amd: Virtual NMI enabled
[    0.682990] Initialise system trusted keyrings
[    0.683873] workingset: timestamp_bits=56 max_order=18 bucket_order=0
[    0.685161] squashfs: version 4.0 (2009/01/31) Phillip Lougher
[    0.686196] fuse: init (API version 7.40)
[    0.687072] 9p: Installing v9fs 9p2000 file system support
[    0.701767] Key type asymmetric registered
[    0.702514] Asymmetric key parser 'x509' registered
[    0.703455] Block layer SCSI generic (bsg) driver version 0.4 loaded (major 249)
[    0.704708] io scheduler mq-deadline registered
[    0.705464] io scheduler kyber registered
[    0.708046] input: Power Button as /devices/LNXSYSTM:00/LNXPWRBN:00/input/input0
[    0.709662] ACPI: button: Power Button [PWRF]
[    0.710583] Warning: Processor Platform Limit event detected, but not handled.
[    0.711839] Consider compiling CPUfreq support into your kernel.
[    1.656522] ACPI: \_SB_.LNKB: Enabled at IRQ 10
[    2.531322] ACPI: \_SB_.LNKC: Enabled at IRQ 11
[    3.433799] ACPI: \_SB_.LNKA: Enabled at IRQ 10
[    3.435435] Serial: 8250/16550 driver, 4 ports, IRQ sharing enabled
[    3.436642] 00:03: ttyS0 at I/O 0x3f8 (irq = 4, base_baud = 115200) is a 16550A
[    3.471930] Non-volatile memory driver v1.3
[    3.472675] Linux agpgart interface v0.103
[    3.473430] printk: legacy console [hvc0] enabled
[    3.473685] ACPI: bus type drm_connector registered
          _      _                                    
   __   _(_)_ __| |_ _ __ ___   ___       _ __   __ _ 
   \ \ / / |  __| __|  _   _ \ / _ \_____|  _ \ / _  |
    \ V /| | |  | |_| | | | | |  __/_____| | | | (_| |
     \_/ |_|_|   \__|_| |_| |_|\___|     |_| |_|\__  |
                                                |___/ 
   kernel version: 6.10.0-rc5-virtme x86_64
   (CTRL+d to exit)

virtme-ng:/nipa-data/kernel# PS1='xx__-> '
xx__-> env
PWD=/nipa-data/kernel
nr_open=1048576
HOME=/root
TERM=xterm
SHLVL=2
XDG_RUNTIME_DIR=/run/user/0
PATH=/bin:/sbin:/usr/bin:/usr/sbin:/usr/local/bin
OLDPWD=/
_=/usr/bin/env
xx__-> 