No EFI environment detected.
early console in extract_kernel
input_data: 0x00000000029f92b9
input_len: 0x0000000000ad4824
output: 0x0000000001000000
output_len: 0x0000000002488690
kernel_total_size: 0x0000000002230000
needed_size: 0x0000000002600000
trampoline_32bit: 0x0000000000000000
Physical KASLR using RDRAND RDTSC...
Virtual KASLR using RDRAND RDTSC...

Decompressing Linux... Parsing ELF... Performing relocations... done.
Booting the kernel (entry_offset: 0x0000000000000000).
[    0.000000] Linux version 6.8.0-rc5-virtme (root@2822982cc24b) (gcc (Alpine 13.2.1_git20231014) 13.2.1 20231014, GNU ld (GNU Binutils) 2.42) #1 SMP PREEMPT_DYNAMIC Mon Feb 26 06:07:16 UTC 2024
[    0.000000] Command line: virtme_hostname=virtme-ng virtme_link_mods=/nipa-data/kernel/.virtme_mods/lib/modules/0.0.0 virtme_initmount0=nipa-data/kernel virtme_rw_overlay0=/etc virtme_rw_overlay1=/lib virtme_rw_overlay2=/home virtme_rw_overlay3=/opt virtme_rw_overlay4=/srv virtme_rw_overlay5=/usr virtme_rw_overlay6=/var earlyprintk=serial,ttyS0,115200 console=ttyS0 psmouse.proto=exps TERM=xterm virtme_chdir=nipa-data/kernel virtme_root_user=1 rootfstype=9p rootflags=version=9p2000.L,trans=virtio,access=any raid=noautodetect ro init=/usr/lib/python3.11/site-packages/virtme/guest/virtme-init
[    0.000000] BIOS-provided physical RAM map:
[    0.000000] BIOS-e820: [mem 0x0000000000000000-0x000000000009fbff] usable
[    0.000000] BIOS-e820: [mem 0x000000000009fc00-0x000000000009ffff] reserved
[    0.000000] BIOS-e820: [mem 0x00000000000f0000-0x00000000000fffff] reserved
[    0.000000] BIOS-e820: [mem 0x0000000000100000-0x000000003ffdffff] usable
[    0.000000] BIOS-e820: [mem 0x000000003ffe0000-0x000000003fffffff] reserved
[    0.000000] BIOS-e820: [mem 0x00000000feffc000-0x00000000feffffff] reserved
[    0.000000] BIOS-e820: [mem 0x00000000fffc0000-0x00000000ffffffff] reserved
[    0.000000] BIOS-e820: [mem 0x000000fd00000000-0x000000ffffffffff] reserved
[    0.000000] printk: legacy bootconsole [earlyser0] enabled
[    0.000000] NX (Execute Disable) protection: active
[    0.000000] APIC: Static calls initialized
[    0.000000] SMBIOS 3.0.0 present.
[    0.000000] DMI: QEMU Standard PC (i440FX + PIIX, 1996), BIOS rel-1.16.3-0-ga6ed6b701f0a-prebuilt.qemu.org 04/01/2014
[    0.000000] Hypervisor detected: KVM
[    0.000000] kvm-clock: Using msrs 4b564d01 and 4b564d00
[    0.000000] kvm-clock: using sched offset of 229225694 cycles
[    0.000410] clocksource: kvm-clock: mask: 0xffffffffffffffff max_cycles: 0x1cd42e4dffb, max_idle_ns: 881590591483 ns
[    0.001641] tsc: Detected 4491.536 MHz processor
[    0.002260] last_pfn = 0x3ffe0 max_arch_pfn = 0x400000000
[    0.002702] MTRR map: 4 entries (3 fixed + 1 variable; max 19), built from 8 variable MTRRs
[    0.003335] x86/PAT: Configuration [0-7]: WB  WC  UC- UC  WB  WP  UC- WT  
Memory KASLR using RDRAND RDTSC...
[    0.005440] found SMP MP-table at [mem 0x000f5470-0x000f547f]
[    0.005878] Using GB pages for direct mapping
[    0.006254] ACPI: Early table checksum verification disabled
[    0.006691] ACPI: RSDP 0x00000000000F5290 000014 (v00 BOCHS )
[    0.007125] ACPI: RSDT 0x000000003FFE27B6 000034 (v01 BOCHS  BXPC     00000001 BXPC 00000001)
[    0.007772] ACPI: FACP 0x000000003FFE2572 000074 (v01 BOCHS  BXPC     00000001 BXPC 00000001)
[    0.008422] ACPI: DSDT 0x000000003FFE0040 002532 (v01 BOCHS  BXPC     00000001 BXPC 00000001)
[    0.009062] ACPI: FACS 0x000000003FFE0000 000040
[    0.009420] ACPI: APIC 0x000000003FFE25E6 000170 (v03 BOCHS  BXPC     00000001 BXPC 00000001)
[    0.010060] ACPI: HPET 0x000000003FFE2756 000038 (v01 BOCHS  BXPC     00000001 BXPC 00000001)
[    0.010786] ACPI: WAET 0x000000003FFE278E 000028 (v01 BOCHS  BXPC     00000001 BXPC 00000001)
[    0.011432] ACPI: Reserving FACP table memory at [mem 0x3ffe2572-0x3ffe25e5]
[    0.011960] ACPI: Reserving DSDT table memory at [mem 0x3ffe0040-0x3ffe2571]
[    0.012488] ACPI: Reserving FACS table memory at [mem 0x3ffe0000-0x3ffe003f]
[    0.013016] ACPI: Reserving APIC table memory at [mem 0x3ffe25e6-0x3ffe2755]
[    0.013545] ACPI: Reserving HPET table memory at [mem 0x3ffe2756-0x3ffe278d]
[    0.014074] ACPI: Reserving WAET table memory at [mem 0x3ffe278e-0x3ffe27b5]
[    0.014755] No NUMA configuration found
[    0.015043] Faking a node at [mem 0x0000000000000000-0x000000003ffdffff]
[    0.015546] NODE_DATA(0) allocated [mem 0x3ffdb000-0x3ffdffff]
[    0.015993] Zone ranges:
[    0.016182]   DMA      [mem 0x0000000000001000-0x0000000000ffffff]
[    0.016644]   DMA32    [mem 0x0000000001000000-0x000000003ffdffff]
[    0.017106]   Normal   empty
[    0.017322]   Device   empty
[    0.017537] Movable zone start for each node
[    0.017856] Early memory node ranges
[    0.018123]   node   0: [mem 0x0000000000001000-0x000000000009efff]
[    0.018596]   node   0: [mem 0x0000000000100000-0x000000003ffdffff]
[    0.019065] Initmem setup node 0 [mem 0x0000000000001000-0x000000003ffdffff]
[    0.019595] On node 0, zone DMA: 1 pages in unavailable ranges
[    0.020042] On node 0, zone DMA: 97 pages in unavailable ranges
[    0.021482] On node 0, zone DMA32: 32 pages in unavailable ranges
[    0.022141] ACPI: PM-Timer IO Port: 0x608
[    0.022446] ACPI: LAPIC_NMI (acpi_id[0xff] dfl dfl lint[0x1])
[    0.022898] IOAPIC[0]: apic_id 0, version 17, address 0xfec00000, GSI 0-23
[    0.023415] ACPI: INT_SRC_OVR (bus 0 bus_irq 0 global_irq 2 dfl dfl)
[    0.023891] ACPI: INT_SRC_OVR (bus 0 bus_irq 5 global_irq 5 high level)
[    0.024387] ACPI: INT_SRC_OVR (bus 0 bus_irq 9 global_irq 9 high level)
[    0.024884] ACPI: INT_SRC_OVR (bus 0 bus_irq 10 global_irq 10 high level)
[    0.025394] ACPI: INT_SRC_OVR (bus 0 bus_irq 11 global_irq 11 high level)
[    0.025905] ACPI: Using ACPI (MADT) for SMP configuration information
[    0.026388] ACPI: HPET id: 0x8086a201 base: 0xfed00000
[    0.026778] TSC deadline timer available
[    0.027072] smpboot: Allowing 32 CPUs, 0 hotplug CPUs
[    0.027464] kvm-guest: APIC: eoi() replaced with kvm_guest_apic_eoi_write()
[    0.028002] kvm-guest: KVM setup pv remote TLB flush
[    0.028376] kvm-guest: setup PV sched yield
[    0.028694] PM: hibernation: Registered nosave memory: [mem 0x00000000-0x00000fff]
[    0.029262] PM: hibernation: Registered nosave memory: [mem 0x0009f000-0x0009ffff]
[    0.029830] PM: hibernation: Registered nosave memory: [mem 0x000a0000-0x000effff]
[    0.030401] PM: hibernation: Registered nosave memory: [mem 0x000f0000-0x000fffff]
[    0.030973] [mem 0x40000000-0xfeffbfff] available for PCI devices
[    0.031430] Booting paravirtualized kernel on KVM
[    0.031783] clocksource: refined-jiffies: mask: 0xffffffff max_cycles: 0xffffffff, max_idle_ns: 1910969940391419 ns
[    0.035450] setup_percpu: NR_CPUS:64 nr_cpumask_bits:32 nr_cpu_ids:32 nr_node_ids:1
[    0.036621] percpu: Embedded 56 pages/cpu s191784 r8192 d29400 u262144
[    0.037141] Kernel command line: virtme_hostname=virtme-ng virtme_link_mods=/nipa-data/kernel/.virtme_mods/lib/modules/0.0.0 virtme_initmount0=nipa-data/kernel virtme_rw_overlay0=/etc virtme_rw_overlay1=/lib virtme_rw_overlay2=/home virtme_rw_overlay3=/opt virtme_rw_overlay4=/srv virtme_rw_overlay5=/usr virtme_rw_overlay6=/var earlyprintk=serial,ttyS0,115200 console=ttyS0 psmouse.proto=exps TERM=xterm virtme_chdir=nipa-data/kernel virtme_root_user=1 rootfstype=9p rootflags=version=9p2000.L,trans=virtio,access=any raid=noautodetect ro init=/usr/lib/python3.11/site-packages/virtme/guest/virtme-init
[    0.041284] Unknown kernel command line parameters "virtme_hostname=virtme-ng virtme_link_mods=/nipa-data/kernel/.virtme_mods/lib/modules/0.0.0 virtme_initmount0=nipa-data/kernel virtme_rw_overlay0=/etc virtme_rw_overlay1=/lib virtme_rw_overlay2=/home virtme_rw_overlay3=/opt virtme_rw_overlay4=/srv virtme_rw_overlay5=/usr virtme_rw_overlay6=/var virtme_chdir=nipa-data/kernel virtme_root_user=1", will be passed to user space.
[    0.044389] random: crng init done
[    0.044678] Dentry cache hash table entries: 131072 (order: 8, 1048576 bytes, linear)
[    0.045298] Inode-cache hash table entries: 65536 (order: 7, 524288 bytes, linear)
[    0.045970] Fallback order for Node 0: 0 
[    0.045972] Built 1 zonelists, mobility grouping on.  Total pages: 257760
[    0.046812] Policy zone: DMA32
[    0.047047] mem auto-init: stack:all(zero), heap alloc:off, heap free:off
[    0.048335] Memory: 986872K/1048056K available (16384K kernel code, 2349K rwdata, 5932K rodata, 2992K init, 2336K bss, 60924K reserved, 0K cma-reserved)
[    0.049413] SLUB: HWalign=64, Order=0-3, MinObjects=0, CPUs=32, Nodes=1
Poking KASLR using RDRAND RDTSC...
[    0.050175] ftrace: allocating 46285 entries in 181 pages
[    0.057405] ftrace: allocated 181 pages with 5 groups
[    0.058382] Dynamic Preempt: voluntary
[    0.058800] rcu: Preemptible hierarchical RCU implementation.
[    0.059245] rcu: RCU event tracing is enabled.
[    0.059595] rcu: RCU restricting CPUs from NR_CPUS=64 to nr_cpu_ids=32.
[    0.060113] Trampoline variant of Tasks RCU enabled.
[    0.060503] Rude variant of Tasks RCU enabled.
[    0.060853] Tracing variant of Tasks RCU enabled.
[    0.061223] rcu: RCU calculated value of scheduler-enlistment delay is 100 jiffies.
[    0.061815] rcu: Adjusting geometry for rcu_fanout_leaf=16, nr_cpu_ids=32
[    0.063648] NR_IRQS: 4352, nr_irqs: 680, preallocated irqs: 16
[    0.064357] rcu: srcu_init: Setting srcu_struct sizes based on contention.
[    0.065023] Console: colour *CGA 80x25
[    0.065329] printk: legacy console [ttyS0] enabled
[    0.065329] printk: legacy console [ttyS0] enabled
[    0.066066] printk: legacy bootconsole [earlyser0] disabled
[    0.066066] printk: legacy bootconsole [earlyser0] disabled
[    0.066931] ACPI: Core revision 20230628
[    0.067309] clocksource: hpet: mask: 0xffffffff max_cycles: 0xffffffff, max_idle_ns: 19112604467 ns
[    0.068077] APIC: Switch to symmetric I/O mode setup
[    0.068476] APIC: Switched APIC routing to: physical flat
[    0.068897] kvm-guest: APIC: send_IPI_mask() replaced with kvm_send_ipi_mask()
[    0.069453] kvm-guest: APIC: send_IPI_mask_allbutself() replaced with kvm_send_ipi_mask_allbutself()
[    0.070157] kvm-guest: setup PV IPIs
[    0.071249] ..TIMER: vector=0x30 apic1=0 pin1=2 apic2=-1 pin2=-1
[    0.072070] tsc: Marking TSC unstable due to TSCs unsynchronized
[    0.072876] Calibrating delay loop (skipped) preset value.. 8983.07 BogoMIPS (lpj=4491536)
[    0.074876] x86/cpu: User Mode Instruction Prevention (UMIP) activated
[    0.075834] Last level iTLB entries: 4KB 512, 2MB 255, 4MB 127
[    0.075874] Last level dTLB entries: 4KB 512, 2MB 255, 4MB 127, 1GB 0
[    0.076877] Spectre V1 : Mitigation: usercopy/swapgs barriers and __user pointer sanitization
[    0.077877] Spectre V2 : Mitigation: Enhanced / Automatic IBRS
[    0.078874] Spectre V2 : Spectre v2 / SpectreRSB mitigation: Filling RSB on context switch
[    0.079875] Spectre V2 : mitigation: Enabling conditional Indirect Branch Prediction Barrier
[    0.080875] Speculative Store Bypass: Mitigation: Speculative Store Bypass disabled via prctl
[    0.081874] Speculative Return Stack Overflow: IBPB-extending microcode not applied!
[    0.082874] Speculative Return Stack Overflow: WARNING: See https://kernel.org/doc/html/latest/admin-guide/hw-vuln/srso.html for mitigation options.
[    0.082874] Speculative Return Stack Overflow: Vulnerable: Safe RET, no microcode
[    0.084889] x86/fpu: Supporting XSAVE feature 0x001: 'x87 floating point registers'
[    0.085874] x86/fpu: Supporting XSAVE feature 0x002: 'SSE registers'
[    0.086874] x86/fpu: Supporting XSAVE feature 0x004: 'AVX registers'
[    0.087874] x86/fpu: Supporting XSAVE feature 0x020: 'AVX-512 opmask'
[    0.088874] x86/fpu: Supporting XSAVE feature 0x040: 'AVX-512 Hi256'
[    0.089874] x86/fpu: Supporting XSAVE feature 0x080: 'AVX-512 ZMM_Hi256'
[    0.090874] x86/fpu: Supporting XSAVE feature 0x200: 'Protection Keys User registers'
[    0.091874] x86/fpu: xstate_offset[2]:  576, xstate_sizes[2]:  256
[    0.092874] x86/fpu: xstate_offset[5]:  832, xstate_sizes[5]:   64
[    0.093874] x86/fpu: xstate_offset[6]:  896, xstate_sizes[6]:  512
[    0.094697] x86/fpu: xstate_offset[7]: 1408, xstate_sizes[7]: 1024
[    0.094874] x86/fpu: xstate_offset[9]: 2432, xstate_sizes[9]:    8
[    0.095874] x86/fpu: Enabled xstate features 0x2e7, context size is 2440 bytes, using 'compacted' format.
[    0.112053] Freeing SMP alternatives memory: 40K
[    0.112665] pid_max: default: 32768 minimum: 301
[    0.112902] Mount-cache hash table entries: 2048 (order: 2, 16384 bytes, linear)
[    0.113875] Mountpoint-cache hash table entries: 2048 (order: 2, 16384 bytes, linear)
[    0.115034] smpboot: CPU0: AMD Ryzen 9 7950X 16-Core Processor (family: 0x19, model: 0x61, stepping: 0x2)
[    0.115963] RCU Tasks: Setting shift to 5 and lim to 1 rcu_task_cb_adjust=1.
[    0.116883] RCU Tasks Rude: Setting shift to 5 and lim to 1 rcu_task_cb_adjust=1.
[    0.117881] RCU Tasks Trace: Setting shift to 5 and lim to 1 rcu_task_cb_adjust=1.
[    0.118875] Performance Events: Fam17h+ core perfctr, AMD PMU driver.
[    0.119748] ... version:                0
[    0.119876] ... bit width:              48
[    0.120416] ... generic registers:      6
[    0.120875] ... value mask:             0000ffffffffffff
[    0.121583] ... max period:             00007fffffffffff
[    0.121875] ... fixed-purpose events:   0
[    0.122408] ... event mask:             000000000000003f
[    0.122946] signal: max sigframe size: 3376
[    0.123519] rcu: Hierarchical SRCU implementation.
[    0.123876] rcu: Max phase no-delay instances is 400.
[    0.126929] smp: Bringing up secondary CPUs ...
[    0.127612] smpboot: x86: Booting SMP configuration:
[    0.127877] .... node  #0, CPUs:        #1  #2  #3  #4  #5  #6  #7  #8  #9 #10 #11 #12 #13 #14 #15 #16 #17 #18 #19 #20 #21 #22 #23 #24 #25 #26 #27 #28 #29 #30 #31
[    0.144928] smp: Brought up 1 node, 32 CPUs
[    0.146430] smpboot: Max logical packages: 1
[    0.146876] smpboot: Total of 32 processors activated (287458.30 BogoMIPS)
[    0.149934] devtmpfs: initialized
[    0.150339] x86/mm: Memory block size: 128MB
[    0.151592] clocksource: jiffies: mask: 0xffffffff max_cycles: 0xffffffff, max_idle_ns: 1911260446275000 ns
[    0.151877] futex hash table entries: 8192 (order: 7, 524288 bytes, linear)
[    0.152942] PM: RTC time: 06:07:46, date: 2024-02-26
[    0.153949] NET: Registered PF_NETLINK/PF_ROUTE protocol family
[    0.154859] thermal_sys: Registered thermal governor 'step_wise'
[    0.154860] thermal_sys: Registered thermal governor 'user_space'
[    0.154901] cpuidle: using governor menu
[    0.156994] PCI: Using configuration type 1 for base access
[    0.157732] PCI: Using configuration type 1 for extended access
[    0.157938] kprobes: kprobe jump-optimization is enabled. All kprobes are optimized if possible.
[    0.164138] HugeTLB: registered 1.00 GiB page size, pre-allocated 0 pages
[    0.165877] HugeTLB: 16380 KiB vmemmap can be freed for a 1.00 GiB page
[    0.166876] HugeTLB: registered 2.00 MiB page size, pre-allocated 0 pages
[    0.167876] HugeTLB: 28 KiB vmemmap can be freed for a 2.00 MiB page
[    0.168953] ACPI: Added _OSI(Module Device)
[    0.169652] ACPI: Added _OSI(Processor Device)
[    0.170878] ACPI: Added _OSI(3.0 _SCP Extensions)
[    0.171674] ACPI: Added _OSI(Processor Aggregator Device)
[    0.172794] ACPI: 1 ACPI AML tables successfully acquired and loaded
[    0.175898] ACPI: _OSC evaluation for CPUs failed, trying _PDC
[    0.177051] ACPI: Interpreter enabled
[    0.177683] ACPI: PM: (supports S0 S3 S4 S5)
[    0.177876] ACPI: Using IOAPIC for interrupt routing
[    0.178725] PCI: Using host bridge windows from ACPI; if necessary, use "pci=nocrs" and report a bug
[    0.179876] PCI: Using E820 reservations for host bridge windows
[    0.180988] ACPI: Enabled 2 GPEs in block 00 to 0F
[    0.185186] ACPI: PCI Root Bridge [PCI0] (domain 0000 [bus 00-ff])
[    0.186880] acpi PNP0A03:00: _OSC: OS supports [ExtendedConfig ASPM ClockPM Segments MSI HPX-Type3]
[    0.187994] PCI host bridge to bus 0000:00
[    0.188690] pci_bus 0000:00: root bus resource [io  0x0000-0x0cf7 window]
[    0.189876] pci_bus 0000:00: root bus resource [io  0x0d00-0xffff window]
[    0.190876] pci_bus 0000:00: root bus resource [mem 0x000a0000-0x000bffff window]
[    0.192876] pci_bus 0000:00: root bus resource [mem 0x40000000-0xfebfffff window]
[    0.193876] pci_bus 0000:00: root bus resource [mem 0x100000000-0x17fffffff window]
[    0.194876] pci_bus 0000:00: root bus resource [bus 00-ff]
[    0.195909] pci 0000:00:00.0: [8086:1237] type 00 class 0x060000 conventional PCI endpoint
[    0.198194] pci 0000:00:01.0: [8086:7000] type 00 class 0x060100 conventional PCI endpoint
[    0.199271] pci 0000:00:01.1: [8086:7010] type 00 class 0x010180 conventional PCI endpoint
[    0.204877] pci 0000:00:01.1: BAR 4 [io  0xc080-0xc08f]
[    0.206891] pci 0000:00:01.1: BAR 0 [io  0x01f0-0x01f7]: legacy IDE quirk
[    0.207876] pci 0000:00:01.1: BAR 1 [io  0x03f6]: legacy IDE quirk
[    0.208876] pci 0000:00:01.1: BAR 2 [io  0x0170-0x0177]: legacy IDE quirk
[    0.210876] pci 0000:00:01.1: BAR 3 [io  0x0376]: legacy IDE quirk
[    0.211990] pci 0000:00:01.3: [8086:7113] type 00 class 0x068000 conventional PCI endpoint
[    0.213179] pci 0000:00:01.3: quirk: [io  0x0600-0x063f] claimed by PIIX4 ACPI
[    0.214882] pci 0000:00:01.3: quirk: [io  0x0700-0x070f] claimed by PIIX4 SMB
[    0.216083] pci 0000:00:02.0: [1af4:1009] type 00 class 0x000200 conventional PCI endpoint
[    0.218845] pci 0000:00:02.0: BAR 0 [io  0xc000-0xc03f]
[    0.221877] pci 0000:00:02.0: BAR 1 [mem 0xfebfd000-0xfebfdfff]
[    0.228858] pci 0000:00:02.0: BAR 4 [mem 0xfebf4000-0xfebf7fff 64bit pref]
[    0.232518] pci 0000:00:03.0: [1af4:1009] type 00 class 0x000200 conventional PCI endpoint
[    0.235876] pci 0000:00:03.0: BAR 0 [io  0xc040-0xc07f]
[    0.237876] pci 0000:00:03.0: BAR 1 [mem 0xfebfe000-0xfebfefff]
[    0.242513] pci 0000:00:03.0: BAR 4 [mem 0xfebf8000-0xfebfbfff 64bit pref]
[    0.246466] pci 0000:00:04.0: [8086:25ab] type 00 class 0x088000 conventional PCI endpoint
[    0.247372] pci 0000:00:04.0: BAR 0 [mem 0xfebff000-0xfebff00f]
[    0.253185] ACPI: PCI: Interrupt link LNKA configured for IRQ 10
[    0.253996] ACPI: PCI: Interrupt link LNKB configured for IRQ 10
[    0.254900] ACPI: PCI: Interrupt link LNKC configured for IRQ 11
[    0.255804] ACPI: PCI: Interrupt link LNKD configured for IRQ 11
[    0.256950] ACPI: PCI: Interrupt link LNKS configured for IRQ 9
[    0.258681] iommu: Default domain type: Translated
[    0.259876] iommu: DMA domain TLB invalidation policy: lazy mode
[    0.260745] SCSI subsystem initialized
[    0.260918] pps_core: LinuxPPS API ver. 1 registered
[    0.261572] pps_core: Software ver. 5.3.6 - Copyright 2005-2007 Rodolfo Giometti <giometti@linux.it>
[    0.262878] PTP clock support registered
[    0.263905] Advanced Linux Sound Architecture Driver Initialized.
[    0.265182] NET: Registered PF_ATMPVC protocol family
[    0.265869] NET: Registered PF_ATMSVC protocol family
[    0.266882] PCI: Using ACPI for IRQ routing
[    0.267684] vgaarb: loaded
[    0.267928] hpet0: at MMIO 0xfed00000, IRQs 2, 8, 0
[    0.268685] hpet0: 3 comparators, 64-bit 100.000000 MHz counter
[    0.274509] clocksource: Switched to clocksource kvm-clock
[    0.275396] VFS: Disk quotas dquot_6.6.0
[    0.275994] VFS: Dquot-cache hash table entries: 512 (order 0, 4096 bytes)
[    0.276967] pnp: PnP ACPI init
[    0.277589] pnp: PnP ACPI: found 5 devices
[    0.285803] clocksource: acpi_pm: mask: 0xffffff max_cycles: 0xffffff, max_idle_ns: 2085701024 ns
[    0.287040] NET: Registered PF_INET protocol family
[    0.287800] IP idents hash table entries: 16384 (order: 5, 131072 bytes, linear)
[    0.288994] tcp_listen_portaddr_hash hash table entries: 512 (order: 1, 8192 bytes, linear)
[    0.290116] Table-perturb hash table entries: 65536 (order: 6, 262144 bytes, linear)
[    0.291157] TCP established hash table entries: 8192 (order: 4, 65536 bytes, linear)
[    0.292200] TCP bind hash table entries: 8192 (order: 6, 262144 bytes, linear)
[    0.293177] TCP: Hash tables configured (established 8192 bind 8192)
[    0.294049] UDP hash table entries: 512 (order: 2, 16384 bytes, linear)
[    0.294933] UDP-Lite hash table entries: 512 (order: 2, 16384 bytes, linear)
[    0.295909] NET: Registered PF_UNIX/PF_LOCAL protocol family
[    0.296676] pci_bus 0000:00: resource 4 [io  0x0000-0x0cf7 window]
[    0.297506] pci_bus 0000:00: resource 5 [io  0x0d00-0xffff window]
[    0.298340] pci_bus 0000:00: resource 6 [mem 0x000a0000-0x000bffff window]
[    0.299263] pci_bus 0000:00: resource 7 [mem 0x40000000-0xfebfffff window]
[    0.300186] pci_bus 0000:00: resource 8 [mem 0x100000000-0x17fffffff window]
[    0.301152] pci 0000:00:01.0: PIIX3: Enabling Passive Release
[    0.301930] pci 0000:00:00.0: Limiting direct PCI/PCI transfers
[    0.302756] PCI: CLS 0 bytes, default 64
[    0.303347] kvm_intel: VMX not supported by CPU 4
[    0.304009] kvm_amd: TSC scaling supported
[    0.304555] kvm_amd: Nested Virtualization enabled
[    0.305206] kvm_amd: Nested Paging enabled
[    0.305761] kvm_amd: Virtual VMLOAD VMSAVE supported
[    0.306431] kvm_amd: Virtual GIF supported
[    0.307002] kvm_amd: Virtual NMI enabled
[    0.307521] kvm_amd: LBR virtualization supported
[    0.404437] workingset: timestamp_bits=56 max_order=18 bucket_order=0
[    0.405376] squashfs: version 4.0 (2009/01/31) Phillip Lougher
[    0.406184] fuse: init (API version 7.39)
[    0.406768] 9p: Installing v9fs 9p2000 file system support
[    0.407548] Key type asymmetric registered
[    0.408123] Block layer SCSI generic (bsg) driver version 0.4 loaded (major 249)
[    0.409134] io scheduler mq-deadline registered
[    0.409742] io scheduler kyber registered
[    0.411355] input: Power Button as /devices/LNXSYSTM:00/LNXPWRBN:00/input/input0
[    0.412467] ACPI: button: Power Button [PWRF]
[    0.413105] Warning: Processor Platform Limit event detected, but not handled.
[    0.414091] Consider compiling CPUfreq support into your kernel.
[    0.432009] ACPI: \_SB_.LNKB: Enabled at IRQ 10
[    0.449585] ACPI: \_SB_.LNKC: Enabled at IRQ 11
[    0.450865] Serial: 8250/16550 driver, 4 ports, IRQ sharing enabled
[    0.451861] 00:03: ttyS0 at I/O 0x3f8 (irq = 4, base_baud = 115200) is a 16550A
[    0.453321] Non-volatile memory driver v1.3
[    0.454050] Linux agpgart interface v0.103
[    0.454795] ACPI: bus type drm_connector registered
[    0.460542] loop: module loaded
[    0.461919] scsi host0: ata_piix
[    0.462638] scsi host1: ata_piix
[    0.463221] ata1: PATA max MWDMA2 cmd 0x1f0 ctl 0x3f6 bmdma 0xc080 irq 14 lpm-pol 0
[    0.464512] ata2: PATA max MWDMA2 cmd 0x170 ctl 0x376 bmdma 0xc088 irq 15 lpm-pol 0
[    0.466119] i8042: PNP: PS/2 Controller [PNP0303:KBD,PNP0f13:MOU] at 0x60,0x64 irq 1,12
[    0.468172] serio: i8042 KBD port at 0x60,0x64 irq 1
[    0.469009] serio: i8042 AUX port at 0x60,0x64 irq 12
[    0.470027] rtc_cmos 00:04: RTC can wake from S4
[    0.471220] rtc_cmos 00:04: registered as rtc0
[    0.472074] rtc_cmos 00:04: setting system clock to 2024-02-26T06:07:46 UTC (1708927666)
[    0.473516] rtc_cmos 00:04: alarms up to one day, y3k, 242 bytes nvram, hpet irqs
[    0.474839] input: AT Translated Set 2 keyboard as /devices/platform/i8042/serio0/input/input1
[    0.478086] input: ImExPS/2 Generic Explorer Mouse as /devices/platform/i8042/serio1/input/input3
[    0.479778] i6300ESB timer 0000:00:04.0: initialized. heartbeat=30 sec (nowayout=0)
[    0.481138] device-mapper: ioctl: 4.48.0-ioctl (2023-03-01) initialised: dm-devel@redhat.com
[    0.482789] NET: Registered PF_PACKET protocol family
[    0.483777] 9pnet: Installing 9P2000 support
[    0.485373] Key type dns_resolver registered
[    0.488026] IPI shorthand broadcast: enabled
[    0.491262] sched_clock: Marking stable (486001260, 4979456)->(501618427, -10637711)
[    0.492802] registered taskstats version 1
[    0.494932] PM:   Magic number: 12:627:115
[    0.495681] printk: legacy console [netcon0] enabled
[    0.496523] netconsole: network logging started
[    0.497335] ALSA device list:
[    0.497834]   No soundcards found.
[    0.621153] ata2: found unknown device (class 0)
[    0.622443] ata2.00: ATAPI: QEMU DVD-ROM, 2.5+, max UDMA/100
[    0.624251] scsi 1:0:0:0: CD-ROM            QEMU     QEMU DVD-ROM     2.5+ PQ: 0 ANSI: 5
[    0.632379] scsi 1:0:0:0: Attached scsi generic sg0 type 5
[    0.633270] md: Skipping autodetection of RAID arrays. (raid=autodetect will force)
[    0.634419] 9pnet_virtio: no channels available for device 
[    0.635748] VFS: Mounted root (9p filesystem) readonly on device 0:19.
[    0.636849] devtmpfs: mounted
[    0.638059] Freeing unused kernel image (initmem) memory: 2992K
[    0.646987] Write protecting the kernel read-only data: 22528k
[    0.648269] Freeing unused kernel image (rodata/data gap) memory: 212K
[    0.684866] x86/mm: Checked W+X mappings: passed, no W+X pages found.
[    0.685838] Run /usr/lib/python3.11/site-packages/virtme/guest/virtme-init as init process
[    0.704313] mount (240) used greatest stack depth: 13480 bytes left
[    0.754092] mount (258) used greatest stack depth: 13064 bytes left
[    0.812550] virtme-init: basic initialization done
[    0.816702] virtme-init: udevd not found
[    0.829738] modprobe (316) used greatest stack depth: 12984 bytes left
[    0.855966] virtme-init: Setting hostname to virtme-ng...
[    0.864599] ip (338) used greatest stack depth: 12360 bytes left
          _      _                                    
   __   _(_)_ __| |_ _ __ ___   ___       _ __   __ _ 
   \ \ / / |  __| __|  _   _ \ / _ \_____|  _ \ / _  |
    \ V /| | |  | |_| | | | | |  __/_____| | | | (_| |
     \_/ |_|_|   \__|_| |_| |_|\___|     |_| |_|\__  |
                                                |___/ 
   kernel version: 6.8.0-rc5-virtme x86_64

virtme-ng:/nipa-data/kernel# PS1='xx__-> '
xx__-> env
PWD=/nipa-data/kernel
HOME=/
TERM=xterm
SHLVL=2
XDG_RUNTIME_DIR=/run/user/0
PATH=/bin:/sbin:/usr/bin:/usr/sbin:/usr/local/bin
OLDPWD=/
_=/usr/bin/env
xx__-> 