No EFI environment detected.
early console in extract_kernel
input_data: 0x00000000029ea2b9
input_len: 0x0000000000b25990
output: 0x0000000001000000
output_len: 0x00000000024ca7c0
kernel_total_size: 0x0000000002230000
needed_size: 0x0000000002600000
trampoline_32bit: 0x0000000000000000
Physical KASLR using RDRAND RDTSC...
Virtual KASLR using RDRAND RDTSC...

Decompressing Linux... Parsing ELF... Performing relocations... done.
Booting the kernel (entry_offset: 0x0000000000000000).
[    0.000000] Linux version 6.9.0-rc5-virtme (root@9cd6e57d7acf) (gcc (Alpine 13.2.1_git20240309) 13.2.1 20240309, GNU ld (GNU Binutils) 2.42) #1 SMP PREEMPT_DYNAMIC Thu May  2 12:06:23 UTC 2024
[    0.000000] Command line: virtme_hostname=virtme-ng nr_open=1048576 virtme_link_mods=/nipa-data/kernel/.virtme_mods/lib/modules/0.0.0 virtme_initmount0=nipa-data/kernel virtme_rw_overlay0=/etc virtme_rw_overlay1=/lib virtme_rw_overlay2=/home virtme_rw_overlay3=/opt virtme_rw_overlay4=/srv virtme_rw_overlay5=/usr virtme_rw_overlay6=/var console=hvc0 earlyprintk=serial,ttyS0,115200 virtme_console=ttyS0 psmouse.proto=exps TERM=xterm virtme_chdir=nipa-data/kernel virtme_root_user=1 rootfstype=9p rootflags=version=9p2000.L,trans=virtio,access=any raid=noautodetect ro init=/usr/lib/python3.12/site-packages/virtme/guest/virtme-init
[    0.000000] BIOS-provided physical RAM map:
[    0.000000] BIOS-e820: [mem 0x0000000000000000-0x000000000009fbff] usable
[    0.000000] BIOS-e820: [mem 0x000000000009fc00-0x000000000009ffff] reserved
[    0.000000] BIOS-e820: [mem 0x00000000000f0000-0x00000000000fffff] reserved
[    0.000000] BIOS-e820: [mem 0x0000000000100000-0x000000003ffdffff] usable
[    0.000000] BIOS-e820: [mem 0x000000003ffe0000-0x000000003fffffff] reserved
[    0.000000] BIOS-e820: [mem 0x00000000feffc000-0x00000000feffffff] reserved
[    0.000000] BIOS-e820: [mem 0x00000000fffc0000-0x00000000ffffffff] reserved
[    0.000000] BIOS-e820: [mem 0x000000fd00000000-0x000000ffffffffff] reserved
[    0.000000] printk: legacy bootconsole [earlyser0] enabled
[    0.000000] NX (Execute Disable) protection: active
[    0.000000] APIC: Static calls initialized
[    0.000000] SMBIOS 2.8 present.
[    0.000000] DMI: QEMU Standard PC (i440FX + PIIX, 1996), BIOS rel-1.16.3-0-ga6ed6b701f0a-prebuilt.qemu.org 04/01/2014
[    0.000000] Hypervisor detected: KVM
[    0.000000] kvm-clock: Using msrs 4b564d01 and 4b564d00
[    0.000000] kvm-clock: using sched offset of 248770977 cycles
[    0.000481] clocksource: kvm-clock: mask: 0xffffffffffffffff max_cycles: 0x1cd42e4dffb, max_idle_ns: 881590591483 ns
[    0.001971] tsc: Detected 4491.556 MHz processor
[    0.002768] last_pfn = 0x3ffe0 max_arch_pfn = 0x400000000
[    0.003293] MTRR map: 4 entries (3 fixed + 1 variable; max 19), built from 8 variable MTRRs
[    0.004060] x86/PAT: Configuration [0-7]: WB  WC  UC- UC  WB  WP  UC- WT  
Memory KASLR using RDRAND RDTSC...
[    0.006539] found SMP MP-table at [mem 0x000f5470-0x000f547f]
[    0.007074] Using GB pages for direct mapping
[    0.007513] ACPI: Early table checksum verification disabled
[    0.008033] ACPI: RSDP 0x00000000000F5290 000014 (v00 BOCHS )
[    0.008561] ACPI: RSDT 0x000000003FFE27BC 000034 (v01 BOCHS  BXPC     00000001 BXPC 00000001)
[    0.009366] ACPI: FACP 0x000000003FFE2578 000074 (v01 BOCHS  BXPC     00000001 BXPC 00000001)
[    0.010156] ACPI: DSDT 0x000000003FFE0040 002538 (v01 BOCHS  BXPC     00000001 BXPC 00000001)
[    0.010938] ACPI: FACS 0x000000003FFE0000 000040
[    0.011363] ACPI: APIC 0x000000003FFE25EC 000170 (v03 BOCHS  BXPC     00000001 BXPC 00000001)
[    0.012144] ACPI: HPET 0x000000003FFE275C 000038 (v01 BOCHS  BXPC     00000001 BXPC 00000001)
[    0.012926] ACPI: WAET 0x000000003FFE2794 000028 (v01 BOCHS  BXPC     00000001 BXPC 00000001)
[    0.013705] ACPI: Reserving FACP table memory at [mem 0x3ffe2578-0x3ffe25eb]
[    0.014353] ACPI: Reserving DSDT table memory at [mem 0x3ffe0040-0x3ffe2577]
[    0.014999] ACPI: Reserving FACS table memory at [mem 0x3ffe0000-0x3ffe003f]
[    0.015642] ACPI: Reserving APIC table memory at [mem 0x3ffe25ec-0x3ffe275b]
[    0.016284] ACPI: Reserving HPET table memory at [mem 0x3ffe275c-0x3ffe2793]
[    0.016930] ACPI: Reserving WAET table memory at [mem 0x3ffe2794-0x3ffe27bb]
[    0.017755] No NUMA configuration found
[    0.018107] Faking a node at [mem 0x0000000000000000-0x000000003ffdffff]
[    0.018726] NODE_DATA(0) allocated [mem 0x3ffdb000-0x3ffdffff]
[    0.019275] Zone ranges:
[    0.019507]   DMA      [mem 0x0000000000001000-0x0000000000ffffff]
[    0.020076]   DMA32    [mem 0x0000000001000000-0x000000003ffdffff]
[    0.020640]   Normal   empty
[    0.020902]   Device   empty
[    0.021165] Movable zone start for each node
[    0.021552] Early memory node ranges
[    0.021877]   node   0: [mem 0x0000000000001000-0x000000000009efff]
[    0.022450]   node   0: [mem 0x0000000000100000-0x000000003ffdffff]
[    0.023019] Initmem setup node 0 [mem 0x0000000000001000-0x000000003ffdffff]
[    0.023662] On node 0, zone DMA: 1 pages in unavailable ranges
[    0.024205] On node 0, zone DMA: 97 pages in unavailable ranges
[    0.025908] On node 0, zone DMA32: 32 pages in unavailable ranges
[    0.026725] ACPI: PM-Timer IO Port: 0x608
[    0.027100] ACPI: LAPIC_NMI (acpi_id[0xff] dfl dfl lint[0x1])
[    0.027643] IOAPIC[0]: apic_id 0, version 17, address 0xfec00000, GSI 0-23
[    0.028276] ACPI: INT_SRC_OVR (bus 0 bus_irq 0 global_irq 2 dfl dfl)
[    0.028859] ACPI: INT_SRC_OVR (bus 0 bus_irq 5 global_irq 5 high level)
[    0.029462] ACPI: INT_SRC_OVR (bus 0 bus_irq 9 global_irq 9 high level)
[    0.030064] ACPI: INT_SRC_OVR (bus 0 bus_irq 10 global_irq 10 high level)
[    0.030700] ACPI: INT_SRC_OVR (bus 0 bus_irq 11 global_irq 11 high level)
[    0.031321] ACPI: Using ACPI (MADT) for SMP configuration information
[    0.031905] ACPI: HPET id: 0x8086a201 base: 0xfed00000
[    0.032375] TSC deadline timer available
[    0.032734] CPU topo: Max. logical packages:   1
[    0.033157] CPU topo: Max. logical dies:       1
[    0.033580] CPU topo: Max. dies per package:   1
[    0.034008] CPU topo: Max. threads per core:   1
[    0.034434] CPU topo: Num. cores per package:    32
[    0.034878] CPU topo: Num. threads per package:  32
[    0.035324] CPU topo: Allowing 32 present CPUs plus 0 hotplug CPUs
[    0.035904] kvm-guest: APIC: eoi() replaced with kvm_guest_apic_eoi_write()
[    0.036559] kvm-guest: KVM setup pv remote TLB flush
[    0.037018] kvm-guest: setup PV sched yield
[    0.037407] PM: hibernation: Registered nosave memory: [mem 0x00000000-0x00000fff]
[    0.038104] PM: hibernation: Registered nosave memory: [mem 0x0009f000-0x0009ffff]
[    0.038801] PM: hibernation: Registered nosave memory: [mem 0x000a0000-0x000effff]
[    0.039497] PM: hibernation: Registered nosave memory: [mem 0x000f0000-0x000fffff]
[    0.040198] [mem 0x40000000-0xfeffbfff] available for PCI devices
[    0.040757] Booting paravirtualized kernel on KVM
[    0.041191] clocksource: refined-jiffies: mask: 0xffffffff max_cycles: 0xffffffff, max_idle_ns: 1910969940391419 ns
[    0.045386] setup_percpu: NR_CPUS:64 nr_cpumask_bits:32 nr_cpu_ids:32 nr_node_ids:1
[    0.046846] percpu: Embedded 58 pages/cpu s198952 r8192 d30424 u262144
[    0.047485] Kernel command line: virtme_hostname=virtme-ng nr_open=1048576 virtme_link_mods=/nipa-data/kernel/.virtme_mods/lib/modules/0.0.0 virtme_initmount0=nipa-data/kernel virtme_rw_overlay0=/etc virtme_rw_overlay1=/lib virtme_rw_overlay2=/home virtme_rw_overlay3=/opt virtme_rw_overlay4=/srv virtme_rw_overlay5=/usr virtme_rw_overlay6=/var console=hvc0 earlyprintk=serial,ttyS0,115200 virtme_console=ttyS0 psmouse.proto=exps TERM=xterm virtme_chdir=nipa-data/kernel virtme_root_user=1 rootfstype=9p rootflags=version=9p2000.L,trans=virtio,access=any raid=noautodetect ro init=/usr/lib/python3.12/site-packages/virtme/guest/virtme-init
[    0.052929] Unknown kernel command line parameters "virtme_hostname=virtme-ng nr_open=1048576 virtme_link_mods=/nipa-data/kernel/.virtme_mods/lib/modules/0.0.0 virtme_initmount0=nipa-data/kernel virtme_rw_overlay0=/etc virtme_rw_overlay1=/lib virtme_rw_overlay2=/home virtme_rw_overlay3=/opt virtme_rw_overlay4=/srv virtme_rw_overlay5=/usr virtme_rw_overlay6=/var virtme_console=ttyS0 virtme_chdir=nipa-data/kernel virtme_root_user=1", will be passed to user space.
[    0.056977] random: crng init done
[    0.057328] Dentry cache hash table entries: 131072 (order: 8, 1048576 bytes, linear)
[    0.058086] Inode-cache hash table entries: 65536 (order: 7, 524288 bytes, linear)
[    0.058902] Fallback order for Node 0: 0 
[    0.058905] Built 1 zonelists, mobility grouping on.  Total pages: 257760
[    0.059918] Policy zone: DMA32
[    0.060207] mem auto-init: stack:all(zero), heap alloc:off, heap free:off
[    0.061759] Memory: 986616K/1048056K available (16384K kernel code, 2403K rwdata, 6108K rodata, 3056K init, 2100K bss, 61180K reserved, 0K cma-reserved)
[    0.063082] SLUB: HWalign=64, Order=0-3, MinObjects=0, CPUs=32, Nodes=1
Poking KASLR using RDRAND RDTSC...
[    0.064016] ftrace: allocating 47625 entries in 187 pages
[    0.071637] ftrace: allocated 187 pages with 6 groups
[    0.072754] Dynamic Preempt: voluntary
[    0.073264] rcu: Preemptible hierarchical RCU implementation.
[    0.073803] rcu: RCU event tracing is enabled.
[    0.074233] rcu: RCU restricting CPUs from NR_CPUS=64 to nr_cpu_ids=32.
[    0.074858] Trampoline variant of Tasks RCU enabled.
[    0.075331] Rude variant of Tasks RCU enabled.
[    0.075754] Tracing variant of Tasks RCU enabled.
[    0.076202] rcu: RCU calculated value of scheduler-enlistment delay is 100 jiffies.
[    0.076916] rcu: Adjusting geometry for rcu_fanout_leaf=16, nr_cpu_ids=32
[    0.077557] RCU Tasks: Setting shift to 5 and lim to 1 rcu_task_cb_adjust=1.
[    0.078221] RCU Tasks Rude: Setting shift to 5 and lim to 1 rcu_task_cb_adjust=1.
[    0.078921] RCU Tasks Trace: Setting shift to 5 and lim to 1 rcu_task_cb_adjust=1.
[    0.081627] NR_IRQS: 4352, nr_irqs: 680, preallocated irqs: 16
[    0.082358] rcu: srcu_init: Setting srcu_struct sizes based on contention.
[    0.083157] Console: colour *CGA 80x25
[    0.083511] ACPI: Core revision 20230628
[    0.083956] clocksource: hpet: mask: 0xffffffff max_cycles: 0xffffffff, max_idle_ns: 19112604467 ns
[    0.084863] APIC: Switch to symmetric I/O mode setup
[    0.085344] APIC: Switched APIC routing to: physical flat
[    0.085842] kvm-guest: APIC: send_IPI_mask() replaced with kvm_send_ipi_mask()
[    0.086499] kvm-guest: APIC: send_IPI_mask_allbutself() replaced with kvm_send_ipi_mask_allbutself()
[    0.087327] kvm-guest: setup PV IPIs
[    0.088595] ..TIMER: vector=0x30 apic1=0 pin1=2 apic2=-1 pin2=-1
[    0.089660] tsc: Marking TSC unstable due to TSCs unsynchronized
[    0.090708] Calibrating delay loop (skipped) preset value.. 8983.11 BogoMIPS (lpj=4491556)
[    0.091781] x86/cpu: User Mode Instruction Prevention (UMIP) activated
[    0.092767] Last level iTLB entries: 4KB 512, 2MB 255, 4MB 127
[    0.093707] Last level dTLB entries: 4KB 512, 2MB 255, 4MB 127, 1GB 0
[    0.094711] Spectre V1 : Mitigation: usercopy/swapgs barriers and __user pointer sanitization
[    0.095711] Spectre V2 : Mitigation: Enhanced / Automatic IBRS
[    0.096707] Spectre V2 : Spectre v2 / SpectreRSB mitigation: Filling RSB on context switch
[    0.097708] Spectre V2 : mitigation: Enabling conditional Indirect Branch Prediction Barrier
[    0.098708] Speculative Store Bypass: Mitigation: Speculative Store Bypass disabled via prctl
[    0.099707] Speculative Return Stack Overflow: IBPB-extending microcode not applied!
[    0.100706] Speculative Return Stack Overflow: WARNING: See https://kernel.org/doc/html/latest/admin-guide/hw-vuln/srso.html for mitigation options.
[    0.100707] Speculative Return Stack Overflow: Vulnerable: Safe RET, no microcode
[    0.102723] x86/fpu: Supporting XSAVE feature 0x001: 'x87 floating point registers'
[    0.103706] x86/fpu: Supporting XSAVE feature 0x002: 'SSE registers'
[    0.104706] x86/fpu: Supporting XSAVE feature 0x004: 'AVX registers'
[    0.105706] x86/fpu: Supporting XSAVE feature 0x020: 'AVX-512 opmask'
[    0.106706] x86/fpu: Supporting XSAVE feature 0x040: 'AVX-512 Hi256'
[    0.107706] x86/fpu: Supporting XSAVE feature 0x080: 'AVX-512 ZMM_Hi256'
[    0.108594] x86/fpu: Supporting XSAVE feature 0x200: 'Protection Keys User registers'
[    0.108707] x86/fpu: xstate_offset[2]:  576, xstate_sizes[2]:  256
[    0.109706] x86/fpu: xstate_offset[5]:  832, xstate_sizes[5]:   64
[    0.110706] x86/fpu: xstate_offset[6]:  896, xstate_sizes[6]:  512
[    0.111706] x86/fpu: xstate_offset[7]: 1408, xstate_sizes[7]: 1024
[    0.112706] x86/fpu: xstate_offset[9]: 2432, xstate_sizes[9]:    8
[    0.113706] x86/fpu: Enabled xstate features 0x2e7, context size is 2440 bytes, using 'compacted' format.
[    0.129829] Freeing SMP alternatives memory: 40K
[    0.130448] pid_max: default: 32768 minimum: 301
[    0.130736] Mount-cache hash table entries: 2048 (order: 2, 16384 bytes, linear)
[    0.131707] Mountpoint-cache hash table entries: 2048 (order: 2, 16384 bytes, linear)
[    0.132874] smpboot: CPU0: AMD Ryzen 9 7950X 16-Core Processor (family: 0x19, model: 0x61, stepping: 0x2)
[    0.133824] Performance Events: Fam17h+ core perfctr, AMD PMU driver.
[    0.134711] ... version:                0
[    0.135241] ... bit width:              48
[    0.135708] ... generic registers:      6
[    0.136245] ... value mask:             0000ffffffffffff
[    0.136708] ... max period:             00007fffffffffff
[    0.137425] ... fixed-purpose events:   0
[    0.137708] ... event mask:             000000000000003f
[    0.138510] signal: max sigframe size: 3376
[    0.138724] rcu: Hierarchical SRCU implementation.
[    0.139364] rcu: Max phase no-delay instances is 400.
[    0.141969] smp: Bringing up secondary CPUs ...
[    0.142629] smpboot: x86: Booting SMP configuration:
[    0.142709] .... node  #0, CPUs:        #1  #2  #3  #4  #5  #6  #7  #8  #9 #10 #11 #12 #13 #14 #15 #16 #17 #18 #19 #20 #21 #22 #23 #24 #25 #26 #27 #28 #29 #30 #31
[    0.169904] smp: Brought up 1 node, 32 CPUs
[    0.171415] smpboot: Total of 32 processors activated (287459.58 BogoMIPS)
[    0.173789] devtmpfs: initialized
[    0.174741] x86/mm: Memory block size: 128MB
[    0.176547] clocksource: jiffies: mask: 0xffffffff max_cycles: 0xffffffff, max_idle_ns: 1911260446275000 ns
[    0.176717] futex hash table entries: 8192 (order: 7, 524288 bytes, linear)
[    0.177805] PM: RTC time: 12:06:55, date: 2024-05-02
[    0.178954] NET: Registered PF_NETLINK/PF_ROUTE protocol family
[    0.179874] thermal_sys: Registered thermal governor 'step_wise'
[    0.179875] thermal_sys: Registered thermal governor 'user_space'
[    0.180729] cpuidle: using governor menu
[    0.182991] PCI: Using configuration type 1 for base access
[    0.183710] PCI: Using configuration type 1 for extended access
[    0.184784] kprobes: kprobe jump-optimization is enabled. All kprobes are optimized if possible.
[    0.204901] HugeTLB: registered 1.00 GiB page size, pre-allocated 0 pages
[    0.205709] HugeTLB: 16380 KiB vmemmap can be freed for a 1.00 GiB page
[    0.206709] HugeTLB: registered 2.00 MiB page size, pre-allocated 0 pages
[    0.207708] HugeTLB: 28 KiB vmemmap can be freed for a 2.00 MiB page
[    0.208760] Demotion targets for Node 0: null
[    0.212435] ACPI: Added _OSI(Module Device)
[    0.212709] ACPI: Added _OSI(Processor Device)
[    0.213448] ACPI: Added _OSI(3.0 _SCP Extensions)
[    0.213709] ACPI: Added _OSI(Processor Aggregator Device)
[    0.215531] ACPI: 1 ACPI AML tables successfully acquired and loaded
[    0.216734] ACPI: _OSC evaluation for CPUs failed, trying _PDC
[    0.217884] ACPI: Interpreter enabled
[    0.218507] ACPI: PM: (supports S0 S3 S4 S5)
[    0.218709] ACPI: Using IOAPIC for interrupt routing
[    0.219552] PCI: Using host bridge windows from ACPI; if necessary, use "pci=nocrs" and report a bug
[    0.219709] PCI: Using E820 reservations for host bridge windows
[    0.220827] ACPI: Enabled 2 GPEs in block 00 to 0F
[    0.224612] ACPI: PCI Root Bridge [PCI0] (domain 0000 [bus 00-ff])
[    0.224712] acpi PNP0A03:00: _OSC: OS supports [ExtendedConfig ASPM ClockPM Segments MSI HPX-Type3]
[    0.225804] PCI host bridge to bus 0000:00
[    0.226347] pci_bus 0000:00: root bus resource [io  0x0000-0x0cf7 window]
[    0.226708] pci_bus 0000:00: root bus resource [io  0x0d00-0xffff window]
[    0.227585] pci_bus 0000:00: root bus resource [mem 0x000a0000-0x000bffff window]
[    0.227708] pci_bus 0000:00: root bus resource [mem 0x40000000-0xfebfffff window]
[    0.228683] pci_bus 0000:00: root bus resource [mem 0x100000000-0x17fffffff window]
[    0.228709] pci_bus 0000:00: root bus resource [bus 00-ff]
[    0.229506] pci 0000:00:00.0: [8086:1237] type 00 class 0x060000 conventional PCI endpoint
[    0.229961] pci 0000:00:01.0: [8086:7000] type 00 class 0x060100 conventional PCI endpoint
[    0.231028] pci 0000:00:01.1: [8086:7010] type 00 class 0x010180 conventional PCI endpoint
[    0.233951] pci 0000:00:01.1: BAR 4 [io  0xc0c0-0xc0cf]
[    0.235460] pci 0000:00:01.1: BAR 0 [io  0x01f0-0x01f7]: legacy IDE quirk
[    0.235709] pci 0000:00:01.1: BAR 1 [io  0x03f6]: legacy IDE quirk
[    0.236501] pci 0000:00:01.1: BAR 2 [io  0x0170-0x0177]: legacy IDE quirk
[    0.236708] pci 0000:00:01.1: BAR 3 [io  0x0376]: legacy IDE quirk
[    0.237596] pci 0000:00:01.3: [8086:7113] type 00 class 0x068000 conventional PCI endpoint
[    0.237951] pci 0000:00:01.3: quirk: [io  0x0600-0x063f] claimed by PIIX4 ACPI
[    0.238713] pci 0000:00:01.3: quirk: [io  0x0700-0x070f] claimed by PIIX4 SMB
[    0.239798] pci 0000:00:02.0: [1af4:1009] type 00 class 0x000200 conventional PCI endpoint
[    0.241710] pci 0000:00:02.0: BAR 0 [io  0xc000-0xc03f]
[    0.243709] pci 0000:00:02.0: BAR 1 [mem 0xfebfc000-0xfebfcfff]
[    0.247709] pci 0000:00:02.0: BAR 4 [mem 0xfebf0000-0xfebf3fff 64bit pref]
[    0.251491] pci 0000:00:03.0: [1af4:1009] type 00 class 0x000200 conventional PCI endpoint
[    0.252709] pci 0000:00:03.0: BAR 0 [io  0xc040-0xc07f]
[    0.254709] pci 0000:00:03.0: BAR 1 [mem 0xfebfd000-0xfebfdfff]
[    0.260462] pci 0000:00:03.0: BAR 4 [mem 0xfebf4000-0xfebf7fff 64bit pref]
[    0.262411] pci 0000:00:04.0: [8086:25ab] type 00 class 0x088000 conventional PCI endpoint
[    0.263218] pci 0000:00:04.0: BAR 0 [mem 0xfebfe000-0xfebfe00f]
[    0.266986] pci 0000:00:05.0: [1af4:1003] type 00 class 0x078000 conventional PCI endpoint
[    0.268709] pci 0000:00:05.0: BAR 0 [io  0xc080-0xc0bf]
[    0.270372] pci 0000:00:05.0: BAR 1 [mem 0xfebff000-0xfebfffff]
[    0.273709] pci 0000:00:05.0: BAR 4 [mem 0xfebf8000-0xfebfbfff 64bit pref]
[    0.276456] ACPI: PCI: Interrupt link LNKA configured for IRQ 10
[    0.276817] ACPI: PCI: Interrupt link LNKB configured for IRQ 10
[    0.277675] ACPI: PCI: Interrupt link LNKC configured for IRQ 11
[    0.277803] ACPI: PCI: Interrupt link LNKD configured for IRQ 11
[    0.278632] ACPI: PCI: Interrupt link LNKS configured for IRQ 9
[    0.279582] iommu: Default domain type: Translated
[    0.279708] iommu: DMA domain TLB invalidation policy: lazy mode
[    0.280537] SCSI subsystem initialized
[    0.280740] pps_core: LinuxPPS API ver. 1 registered
[    0.281372] pps_core: Software ver. 5.3.6 - Copyright 2005-2007 Rodolfo Giometti <giometti@linux.it>
[    0.281710] PTP clock support registered
[    0.282228] Advanced Linux Sound Architecture Driver Initialized.
[    0.283004] NET: Registered PF_ATMPVC protocol family
[    0.283657] NET: Registered PF_ATMSVC protocol family
[    0.283712] PCI: Using ACPI for IRQ routing
[    0.284326] vgaarb: loaded
[    0.284744] hpet0: at MMIO 0xfed00000, IRQs 2, 8, 0
[    0.285370] hpet0: 3 comparators, 64-bit 100.000000 MHz counter
[    0.290415] clocksource: Switched to clocksource kvm-clock
[    0.291191] VFS: Disk quotas dquot_6.6.0
[    0.291413] VFS: Dquot-cache hash table entries: 512 (order 0, 4096 bytes)
[    0.292651] pnp: PnP ACPI init
[    0.293241] pnp: PnP ACPI: found 5 devices
[    0.301595] clocksource: acpi_pm: mask: 0xffffff max_cycles: 0xffffff, max_idle_ns: 2085701024 ns
[    0.302764] NET: Registered PF_INET protocol family
[    0.303398] IP idents hash table entries: 16384 (order: 5, 131072 bytes, linear)
[    0.304494] tcp_listen_portaddr_hash hash table entries: 512 (order: 1, 8192 bytes, linear)
[    0.305569] Table-perturb hash table entries: 65536 (order: 6, 262144 bytes, linear)
[    0.306557] TCP established hash table entries: 8192 (order: 4, 65536 bytes, linear)
[    0.307547] TCP bind hash table entries: 8192 (order: 6, 262144 bytes, linear)
[    0.308485] TCP: Hash tables configured (established 8192 bind 8192)
[    0.309323] UDP hash table entries: 512 (order: 2, 16384 bytes, linear)
[    0.310166] UDP-Lite hash table entries: 512 (order: 2, 16384 bytes, linear)
[    0.311084] NET: Registered PF_UNIX/PF_LOCAL protocol family
[    0.311811] pci_bus 0000:00: resource 4 [io  0x0000-0x0cf7 window]
[    0.312596] pci_bus 0000:00: resource 5 [io  0x0d00-0xffff window]
[    0.313382] pci_bus 0000:00: resource 6 [mem 0x000a0000-0x000bffff window]
[    0.314255] pci_bus 0000:00: resource 7 [mem 0x40000000-0xfebfffff window]
[    0.315130] pci_bus 0000:00: resource 8 [mem 0x100000000-0x17fffffff window]
[    0.316048] pci 0000:00:01.0: PIIX3: Enabling Passive Release
[    0.316786] pci 0000:00:00.0: Limiting direct PCI/PCI transfers
[    0.317570] PCI: CLS 0 bytes, default 64
[    0.318120] kvm_intel: VMX not supported by CPU 0
[    0.318737] kvm_amd: TSC scaling supported
[    0.319257] kvm_amd: Nested Virtualization enabled
[    0.320153] kvm_amd: Nested Paging enabled
[    0.320776] kvm_amd: Virtual VMLOAD VMSAVE supported
[    0.321406] kvm_amd: Virtual GIF supported
[    0.321926] kvm_amd: Virtual NMI enabled
[    0.322419] kvm_amd: LBR virtualization supported
[    0.415792] Initialise system trusted keyrings
[    0.416468] workingset: timestamp_bits=56 max_order=18 bucket_order=0
[    0.417351] squashfs: version 4.0 (2009/01/31) Phillip Lougher
[    0.418125] fuse: init (API version 7.40)
[    0.418690] 9p: Installing v9fs 9p2000 file system support
[    0.425956] Key type asymmetric registered
[    0.426487] Asymmetric key parser 'x509' registered
[    0.427138] Block layer SCSI generic (bsg) driver version 0.4 loaded (major 249)
[    0.428125] io scheduler mq-deadline registered
[    0.428712] io scheduler kyber registered
[    0.430233] input: Power Button as /devices/LNXSYSTM:00/LNXPWRBN:00/input/input0
[    0.431241] ACPI: button: Power Button [PWRF]
[    0.431829] Warning: Processor Platform Limit event detected, but not handled.
[    0.432759] Consider compiling CPUfreq support into your kernel.
[    0.449958] ACPI: \_SB_.LNKB: Enabled at IRQ 10
[    0.466931] ACPI: \_SB_.LNKC: Enabled at IRQ 11
[    0.483807] ACPI: \_SB_.LNKA: Enabled at IRQ 10
[    0.485030] Serial: 8250/16550 driver, 4 ports, IRQ sharing enabled
[    0.485952] 00:03: ttyS0 at I/O 0x3f8 (irq = 4, base_baud = 115200) is a 16550A
[    0.534583] Non-volatile memory driver v1.3
[    0.535310] Linux agpgart interface v0.103
[    0.536038] printk: legacy console [hvc0] enabled
[    0.536054] ACPI: bus type drm_connector registered
[    0.536981] printk: legacy bootconsole [earlyser0] disabled
          _      _                                    
   __   _(_)_ __| |_ _ __ ___   ___       _ __   __ _ 
   \ \ / / |  __| __|  _   _ \ / _ \_____|  _ \ / _  |
    \ V /| | |  | |_| | | | | |  __/_____| | | | (_| |
     \_/ |_|_|   \__|_| |_| |_|\___|     |_| |_|\__  |
                                                |___/ 
   kernel version: 6.9.0-rc5-virtme x86_64
   (CTRL+d to exit)

virtme-ng:/nipa-data/kernel# PS1='xx__-> '
xx__-> env
PWD=/nipa-data/kernel
nr_open=1048576
HOME=/root
TERM=xterm
SHLVL=2
XDG_RUNTIME_DIR=/run/user/0
PATH=/bin:/sbin:/usr/bin:/usr/sbin:/usr/local/bin
OLDPWD=/
_=/usr/bin/env
xx__-> 