No EFI environment detected.
early console in extract_kernel
input_data: 0x0000000002be72c4
input_len: 0x0000000000b55be5
output: 0x0000000001000000
output_len: 0x00000000026f4e80
kernel_total_size: 0x0000000002430000
needed_size: 0x0000000002800000
trampoline_32bit: 0x000000000009d000
Physical KASLR using RDRAND RDTSC...
Virtual KASLR using RDRAND RDTSC...

Decompressing Linux... Parsing ELF... Performing relocations... done.
Booting the kernel (entry_offset: 0x0000000000000000).
[    0.000000] Linux version 6.10.0-virtme (root@481c0cfc14f9) (gcc (Ubuntu 13.2.0-23ubuntu4) 13.2.0, GNU ld (GNU Binutils for Ubuntu) 2.42) #1 SMP PREEMPT_DYNAMIC Fri Jul 26 12:07:17 UTC 2024
[    0.000000] Command line: virtme_hostname=virtme-ng nr_open=1048576 virtme_link_mods=/nipa-data/kernel/.virtme_mods/lib/modules/0.0.0 virtme_initmount0=nipa-data/kernel virtme_rw_overlay0=/etc virtme_rw_overlay1=/lib virtme_rw_overlay2=/home virtme_rw_overlay3=/opt virtme_rw_overlay4=/srv virtme_rw_overlay5=/usr virtme_rw_overlay6=/var console=hvc0 earlyprintk=serial,ttyS0,115200 virtme_console=ttyS0 psmouse.proto=exps TERM=xterm virtme_chdir=nipa-data/kernel virtme_root_user=1 rootfstype=9p rootflags=version=9p2000.L,trans=virtio,access=any raid=noautodetect ro init=/usr/lib/python3/dist-packages/virtme/guest/virtme-init
[    0.000000] x86/split lock detection: #DB: warning on user-space bus_locks
[    0.000000] BIOS-provided physical RAM map:
[    0.000000] BIOS-e820: [mem 0x0000000000000000-0x000000000009fbff] usable
[    0.000000] BIOS-e820: [mem 0x000000000009fc00-0x000000000009ffff] reserved
[    0.000000] BIOS-e820: [mem 0x00000000000f0000-0x00000000000fffff] reserved
[    0.000000] BIOS-e820: [mem 0x0000000000100000-0x000000003ffdffff] usable
[    0.000000] BIOS-e820: [mem 0x000000003ffe0000-0x000000003fffffff] reserved
[    0.000000] BIOS-e820: [mem 0x00000000feffc000-0x00000000feffffff] reserved
[    0.000000] BIOS-e820: [mem 0x00000000fffc0000-0x00000000ffffffff] reserved
[    0.000000] printk: legacy bootconsole [earlyser0] enabled
[    0.000000] NX (Execute Disable) protection: active
[    0.000000] APIC: Static calls initialized
[    0.000000] SMBIOS 3.0.0 present.
[    0.000000] DMI: QEMU Ubuntu 24.04 PC (i440FX + PIIX, 1996), BIOS 1.16.3-debian-1.16.3-2 04/01/2014
[    0.000000] DMI: Memory slots populated: 1/1
[    0.000000] Hypervisor detected: KVM
[    0.000000] kvm-clock: Using msrs 4b564d01 and 4b564d00
[    0.000001] kvm-clock: using sched offset of 999609530 cycles
[    0.000751] clocksource: kvm-clock: mask: 0xffffffffffffffff max_cycles: 0x1cd42e4dffb, max_idle_ns: 881590591483 ns
[    0.003071] tsc: Detected 2000.000 MHz processor
[    0.004285] last_pfn = 0x3ffe0 max_arch_pfn = 0x10000000000
[    0.005140] MTRR map: 4 entries (3 fixed + 1 variable; max 19), built from 8 variable MTRRs
[    0.006329] x86/PAT: Configuration [0-7]: WB  WC  UC- UC  WB  WP  UC- WT  
Memory KASLR using RDRAND RDTSC...
[    0.013498] found SMP MP-table at [mem 0x000f5470-0x000f547f]
[    0.014328] Using GB pages for direct mapping
[    0.015100] ACPI: Early table checksum verification disabled
[    0.015907] ACPI: RSDP 0x00000000000F5290 000014 (v00 BOCHS )
[    0.016734] ACPI: RSDT 0x000000003FFE308E 000034 (v01 BOCHS  BXPC     00000001 BXPC 00000001)
[    0.017952] ACPI: FACP 0x000000003FFE2D8A 000074 (v01 BOCHS  BXPC     00000001 BXPC 00000001)
[    0.019231] ACPI: DSDT 0x000000003FFE0040 002D4A (v01 BOCHS  BXPC     00000001 BXPC 00000001)
[    0.020444] ACPI: FACS 0x000000003FFE0000 000040
[    0.021106] ACPI: APIC 0x000000003FFE2DFE 000230 (v03 BOCHS  BXPC     00000001 BXPC 00000001)
[    0.022316] ACPI: HPET 0x000000003FFE302E 000038 (v01 BOCHS  BXPC     00000001 BXPC 00000001)
[    0.023527] ACPI: WAET 0x000000003FFE3066 000028 (v01 BOCHS  BXPC     00000001 BXPC 00000001)
[    0.024739] ACPI: Reserving FACP table memory at [mem 0x3ffe2d8a-0x3ffe2dfd]
[    0.025738] ACPI: Reserving DSDT table memory at [mem 0x3ffe0040-0x3ffe2d89]
[    0.026736] ACPI: Reserving FACS table memory at [mem 0x3ffe0000-0x3ffe003f]
[    0.027734] ACPI: Reserving APIC table memory at [mem 0x3ffe2dfe-0x3ffe302d]
[    0.028735] ACPI: Reserving HPET table memory at [mem 0x3ffe302e-0x3ffe3065]
[    0.029734] ACPI: Reserving WAET table memory at [mem 0x3ffe3066-0x3ffe308d]
[    0.031076] No NUMA configuration found
[    0.031622] Faking a node at [mem 0x0000000000000000-0x000000003ffdffff]
[    0.032587] NODE_DATA(0) allocated [mem 0x3ffdb000-0x3ffdffff]
[    0.033533] Zone ranges:
[    0.033894]   DMA      [mem 0x0000000000001000-0x0000000000ffffff]
[    0.034773]   DMA32    [mem 0x0000000001000000-0x000000003ffdffff]
[    0.035650]   Normal   empty
[    0.036058]   Device   empty
[    0.036465] Movable zone start for each node
[    0.037076] Early memory node ranges
[    0.037583]   node   0: [mem 0x0000000000001000-0x000000000009efff]
[    0.038473]   node   0: [mem 0x0000000000100000-0x000000003ffdffff]
[    0.039361] Initmem setup node 0 [mem 0x0000000000001000-0x000000003ffdffff]
[    0.040744] On node 0, zone DMA: 1 pages in unavailable ranges
[    0.041602] On node 0, zone DMA: 97 pages in unavailable ranges
[    0.045875] On node 0, zone DMA32: 32 pages in unavailable ranges
[    0.047265] ACPI: PM-Timer IO Port: 0x608
[    0.047852] ACPI: LAPIC_NMI (acpi_id[0xff] dfl dfl lint[0x1])
[    0.048725] IOAPIC[0]: apic_id 0, version 17, address 0xfec00000, GSI 0-23
[    0.049707] ACPI: INT_SRC_OVR (bus 0 bus_irq 0 global_irq 2 dfl dfl)
[    0.050611] ACPI: INT_SRC_OVR (bus 0 bus_irq 5 global_irq 5 high level)
[    0.051550] ACPI: INT_SRC_OVR (bus 0 bus_irq 9 global_irq 9 high level)
[    0.052489] ACPI: INT_SRC_OVR (bus 0 bus_irq 10 global_irq 10 high level)
[    0.053459] ACPI: INT_SRC_OVR (bus 0 bus_irq 11 global_irq 11 high level)
[    0.054426] ACPI: Using ACPI (MADT) for SMP configuration information
[    0.055340] ACPI: HPET id: 0x8086a201 base: 0xfed00000
[    0.056072] TSC deadline timer available
[    0.056631] CPU topo: Max. logical packages:   1
[    0.057289] CPU topo: Max. logical dies:       1
[    0.057944] CPU topo: Max. dies per package:   1
[    0.058601] CPU topo: Max. threads per core:   1
[    0.059256] CPU topo: Num. cores per package:    56
[    0.059948] CPU topo: Num. threads per package:  56
[    0.060639] CPU topo: Allowing 56 present CPUs plus 0 hotplug CPUs
[    0.061540] kvm-guest: APIC: eoi() replaced with kvm_guest_apic_eoi_write()
[    0.062543] kvm-guest: KVM setup pv remote TLB flush
[    0.063254] kvm-guest: setup PV sched yield
[    0.063860] PM: hibernation: Registered nosave memory: [mem 0x00000000-0x00000fff]
[    0.064940] PM: hibernation: Registered nosave memory: [mem 0x0009f000-0x0009ffff]
[    0.066012] PM: hibernation: Registered nosave memory: [mem 0x000a0000-0x000effff]
[    0.067084] PM: hibernation: Registered nosave memory: [mem 0x000f0000-0x000fffff]
[    0.068158] [mem 0x40000000-0xfeffbfff] available for PCI devices
[    0.069024] Booting paravirtualized kernel on KVM
[    0.069692] clocksource: refined-jiffies: mask: 0xffffffff max_cycles: 0xffffffff, max_idle_ns: 1910969940391419 ns
[    0.078763] setup_percpu: NR_CPUS:64 nr_cpumask_bits:56 nr_cpu_ids:56 nr_node_ids:1
[    0.084488] percpu: Embedded 58 pages/cpu s198744 r8192 d30632 u262144
[    0.085541] Kernel command line: virtme_hostname=virtme-ng nr_open=1048576 virtme_link_mods=/nipa-data/kernel/.virtme_mods/lib/modules/0.0.0 virtme_initmount0=nipa-data/kernel virtme_rw_overlay0=/etc virtme_rw_overlay1=/lib virtme_rw_overlay2=/home virtme_rw_overlay3=/opt virtme_rw_overlay4=/srv virtme_rw_overlay5=/usr virtme_rw_overlay6=/var console=hvc0 earlyprintk=serial,ttyS0,115200 virtme_console=ttyS0 psmouse.proto=exps TERM=xterm virtme_chdir=nipa-data/kernel virtme_root_user=1 rootfstype=9p rootflags=version=9p2000.L,trans=virtio,access=any raid=noautodetect ro init=/usr/lib/python3/dist-packages/virtme/guest/virtme-init
[    0.093764] Unknown kernel command line parameters "virtme_hostname=virtme-ng nr_open=1048576 virtme_link_mods=/nipa-data/kernel/.virtme_mods/lib/modules/0.0.0 virtme_initmount0=nipa-data/kernel virtme_rw_overlay0=/etc virtme_rw_overlay1=/lib virtme_rw_overlay2=/home virtme_rw_overlay3=/opt virtme_rw_overlay4=/srv virtme_rw_overlay5=/usr virtme_rw_overlay6=/var virtme_console=ttyS0 virtme_chdir=nipa-data/kernel virtme_root_user=1", will be passed to user space.
[    0.099683] random: crng init done
[    0.100174] printk: log_buf_len individual max cpu contribution: 4096 bytes
[    0.101254] printk: log_buf_len total cpu_extra contributions: 225280 bytes
[    0.102259] printk: log_buf_len min size: 262144 bytes
[    0.103632] printk: log_buf_len: 524288 bytes
[    0.104283] printk: early log buf free: 254024(96%)
[    0.105453] Dentry cache hash table entries: 131072 (order: 8, 1048576 bytes, linear)
[    0.106636] Inode-cache hash table entries: 65536 (order: 7, 524288 bytes, linear)
[    0.108490] Fallback order for Node 0: 0 
[    0.108498] Built 1 zonelists, mobility grouping on.  Total pages: 262014
[    0.109988] Policy zone: DMA32
[    0.110405] mem auto-init: stack:all(zero), heap alloc:off, heap free:off
[    0.114884] SLUB: HWalign=64, Order=0-3, MinObjects=0, CPUs=56, Nodes=1
Poking KASLR using RDRAND RDTSC...
[    0.116301] ftrace: allocating 48209 entries in 189 pages
[    0.130653] ftrace: allocated 189 pages with 6 groups
[    0.132445] Dynamic Preempt: voluntary
[    0.133932] rcu: Preemptible hierarchical RCU implementation.
[    0.134736] rcu: RCU event tracing is enabled.
[    0.135353] rcu: RCU restricting CPUs from NR_CPUS=64 to nr_cpu_ids=56.
[    0.136266] Trampoline variant of Tasks RCU enabled.
[    0.136964] Rude variant of Tasks RCU enabled.
[    0.137582] Tracing variant of Tasks RCU enabled.
[    0.138234] rcu: RCU calculated value of scheduler-enlistment delay is 100 jiffies.
[    0.139277] rcu: Adjusting geometry for rcu_fanout_leaf=16, nr_cpu_ids=56
[    0.140268] RCU Tasks: Setting shift to 6 and lim to 1 rcu_task_cb_adjust=1.
[    0.141240] RCU Tasks Rude: Setting shift to 6 and lim to 1 rcu_task_cb_adjust=1.
[    0.142267] RCU Tasks Trace: Setting shift to 6 and lim to 1 rcu_task_cb_adjust=1.
[    0.146471] NR_IRQS: 4352, nr_irqs: 872, preallocated irqs: 16
[    0.147635] rcu: srcu_init: Setting srcu_struct sizes based on contention.
[    0.148871] Console: colour *CGA 80x25
[    0.149432] ACPI: Core revision 20240322
[    0.150134] clocksource: hpet: mask: 0xffffffff max_cycles: 0xffffffff, max_idle_ns: 19112604467 ns
[    0.151500] APIC: Switch to symmetric I/O mode setup
[    0.152364] APIC: Switched APIC routing to: physical flat
[    0.153425] kvm-guest: APIC: send_IPI_mask() replaced with kvm_send_ipi_mask()
[    0.154448] kvm-guest: APIC: send_IPI_mask_allbutself() replaced with kvm_send_ipi_mask_allbutself()
[    0.155782] kvm-guest: setup PV IPIs
[    0.157765] ..TIMER: vector=0x30 apic1=0 pin1=2 apic2=-1 pin2=-1
[    0.159162] clocksource: tsc-early: mask: 0xffffffffffffffff max_cycles: 0x39a85c9bff6, max_idle_ns: 881590591483 ns
[    0.161441] Calibrating delay loop (skipped) preset value.. 4000.00 BogoMIPS (lpj=2000000)
[    0.162648] x86/cpu: User Mode Instruction Prevention (UMIP) activated
[    0.163557] Last level iTLB entries: 4KB 0, 2MB 0, 4MB 0
[    0.164438] Last level dTLB entries: 4KB 0, 2MB 0, 4MB 0, 1GB 0
[    0.165454] Spectre V1 : Mitigation: usercopy/swapgs barriers and __user pointer sanitization
[    0.166445] Spectre V2 : Spectre BHI mitigation: SW BHB clearing on syscall and VM exit
[    0.167439] Spectre V2 : Mitigation: Enhanced / Automatic IBRS
[    0.168444] Spectre V2 : Spectre v2 / SpectreRSB mitigation: Filling RSB on context switch
[    0.169443] Spectre V2 : Spectre v2 / PBRSB-eIBRS: Retire a single CALL on VMEXIT
[    0.170450] Spectre V2 : mitigation: Enabling conditional Indirect Branch Prediction Barrier
[    0.171447] Speculative Store Bypass: Mitigation: Speculative Store Bypass disabled via prctl
[    0.172444] TAA: Mitigation: TSX disabled
[    0.173521] x86/fpu: Supporting XSAVE feature 0x001: 'x87 floating point registers'
[    0.174444] x86/fpu: Supporting XSAVE feature 0x002: 'SSE registers'
[    0.175444] x86/fpu: Supporting XSAVE feature 0x004: 'AVX registers'
[    0.176444] x86/fpu: Supporting XSAVE feature 0x020: 'AVX-512 opmask'
[    0.177444] x86/fpu: Supporting XSAVE feature 0x040: 'AVX-512 Hi256'
[    0.178444] x86/fpu: Supporting XSAVE feature 0x080: 'AVX-512 ZMM_Hi256'
[    0.179444] x86/fpu: Supporting XSAVE feature 0x200: 'Protection Keys User registers'
[    0.180444] x86/fpu: Supporting XSAVE feature 0x20000: 'AMX Tile config'
[    0.181444] x86/fpu: Supporting XSAVE feature 0x40000: 'AMX Tile data'
[    0.182444] x86/fpu: xstate_offset[2]:  576, xstate_sizes[2]:  256
[    0.183440] x86/fpu: xstate_offset[5]:  832, xstate_sizes[5]:   64
[    0.184444] x86/fpu: xstate_offset[6]:  896, xstate_sizes[6]:  512
[    0.185444] x86/fpu: xstate_offset[7]: 1408, xstate_sizes[7]: 1024
[    0.186444] x86/fpu: xstate_offset[9]: 2432, xstate_sizes[9]:    8
[    0.187439] x86/fpu: xstate_offset[17]: 2496, xstate_sizes[17]:   64
[    0.188444] x86/fpu: xstate_offset[18]: 2560, xstate_sizes[18]: 8192
[    0.189443] x86/fpu: Enabled xstate features 0x602e7, context size is 10752 bytes, using 'compacted' format.
[    0.218398] Freeing SMP alternatives memory: 40K
[    0.218441] pid_max: default: 57344 minimum: 448
[    0.219567] Mount-cache hash table entries: 2048 (order: 2, 16384 bytes, linear)
[    0.220449] Mountpoint-cache hash table entries: 2048 (order: 2, 16384 bytes, linear)
[    0.222570] smpboot: CPU0: Intel(R) Xeon(R) Platinum 8480+ (family: 0x6, model: 0x8f, stepping: 0x6)
[    0.223677] Performance Events: PEBS fmt0-, Sapphire Rapids events, full-width counters, Intel PMU driver.
[    0.224443] ... version:                2
[    0.225242] ... bit width:              48
[    0.225440] ... generic registers:      8
[    0.226238] ... value mask:             0000ffffffffffff
[    0.226440] ... max period:             00007fffffffffff
[    0.227440] ... fixed-purpose events:   3
[    0.228238] ... event mask:             00000007000000ff
[    0.228659] signal: max sigframe size: 11952
[    0.229467] rcu: Hierarchical SRCU implementation.
[    0.230426] rcu: Max phase no-delay instances is 400.
[    0.231519] smp: Bringing up secondary CPUs ...
[    0.232553] smpboot: x86: Booting SMP configuration:
[    0.233441] .... node  #0, CPUs:        #1  #2  #3  #4  #5  #6  #7  #8  #9 #10 #11 #12 #13 #14 #15 #16 #17 #18 #19 #20 #21 #22 #23 #24 #25 #26 #27 #28 #29 #30 #31 #32 #33 #34 #35 #36 #37 #38 #39 #40 #41 #42 #43 #44 #45 #46 #47 #48 #49 #50 #51 #52 #53 #54 #55
[    0.285263] smp: Brought up 1 node, 56 CPUs
[    0.286318] smpboot: Total of 56 processors activated (224000.00 BogoMIPS)
[    0.296487] Memory: 951188K/1048056K available (16384K kernel code, 2435K rwdata, 6228K rodata, 3096K init, 1944K bss, 72272K reserved, 0K cma-reserved)
[    0.297576] devtmpfs: initialized
[    0.298500] x86/mm: Memory block size: 128MB
[    0.300705] clocksource: jiffies: mask: 0xffffffff max_cycles: 0xffffffff, max_idle_ns: 1911260446275000 ns
[    0.301444] futex hash table entries: 16384 (order: 8, 1048576 bytes, linear)
[    0.302799] PM: RTC time: 12:07:55, date: 2024-07-26
[    0.305620] NET: Registered PF_NETLINK/PF_ROUTE protocol family
[    0.306632] thermal_sys: Registered thermal governor 'step_wise'
[    0.306634] thermal_sys: Registered thermal governor 'user_space'
[    0.307475] cpuidle: using governor menu
[    0.311460] PCI: Using configuration type 1 for base access
[    0.312534] kprobes: kprobe jump-optimization is enabled. All kprobes are optimized if possible.
[    0.355732] HugeTLB: registered 1.00 GiB page size, pre-allocated 0 pages
[    0.357444] HugeTLB: 16380 KiB vmemmap can be freed for a 1.00 GiB page
[    0.360442] HugeTLB: registered 2.00 MiB page size, pre-allocated 0 pages
[    0.361441] HugeTLB: 28 KiB vmemmap can be freed for a 2.00 MiB page
[    0.364568] ACPI: Added _OSI(Module Device)
[    0.365442] ACPI: Added _OSI(Processor Device)
[    0.366441] ACPI: Added _OSI(3.0 _SCP Extensions)
[    0.368441] ACPI: Added _OSI(Processor Aggregator Device)
[    0.370530] ACPI: 1 ACPI AML tables successfully acquired and loaded
[    0.374588] ACPI: Interpreter enabled
[    0.375364] ACPI: PM: (supports S0 S3 S4 S5)
[    0.376441] ACPI: Using IOAPIC for interrupt routing
[    0.376453] PCI: Using host bridge windows from ACPI; if necessary, use "pci=nocrs" and report a bug
[    0.377437] PCI: Using E820 reservations for host bridge windows
[    0.379553] ACPI: Enabled 2 GPEs in block 00 to 0F
[    0.384040] ACPI: PCI Root Bridge [PCI0] (domain 0000 [bus 00-ff])
[    0.385444] acpi PNP0A03:00: _OSC: OS supports [ASPM ClockPM Segments MSI HPX-Type3]
[    0.386441] acpi PNP0A03:00: _OSC: not requesting OS control; OS requires [ExtendedConfig ASPM ClockPM MSI]
[    0.388446] acpi PNP0A03:00: fail to add MMCONFIG information, can't access extended configuration space under this bridge
[    0.390546] PCI host bridge to bus 0000:00
[    0.391389] pci_bus 0000:00: root bus resource [io  0x0000-0x0cf7 window]
[    0.392440] pci_bus 0000:00: root bus resource [io  0x0d00-0xffff window]
[    0.393440] pci_bus 0000:00: root bus resource [mem 0x000a0000-0x000bffff window]
[    0.395440] pci_bus 0000:00: root bus resource [mem 0x40000000-0xfebfffff window]
[    0.396440] pci_bus 0000:00: root bus resource [mem 0x100000000-0x17fffffff window]
[    0.398440] pci_bus 0000:00: root bus resource [bus 00-ff]
[    0.399491] pci 0000:00:00.0: [8086:1237] type 00 class 0x060000 conventional PCI endpoint
[    0.400970] pci 0000:00:01.0: [8086:7000] type 00 class 0x060100 conventional PCI endpoint
[    0.403138] pci 0000:00:01.1: [8086:7010] type 00 class 0x010180 conventional PCI endpoint
[    0.407846] pci 0000:00:01.1: BAR 4 [io  0xc0c0-0xc0cf]
[    0.411007] pci 0000:00:01.1: BAR 0 [io  0x01f0-0x01f7]: legacy IDE quirk
[    0.412441] pci 0000:00:01.1: BAR 1 [io  0x03f6]: legacy IDE quirk
[    0.413440] pci 0000:00:01.1: BAR 2 [io  0x0170-0x0177]: legacy IDE quirk
[    0.414440] pci 0000:00:01.1: BAR 3 [io  0x0376]: legacy IDE quirk
[    0.415647] pci 0000:00:01.3: [8086:7113] type 00 class 0x068000 conventional PCI endpoint
[    0.418012] pci 0000:00:01.3: quirk: [io  0x0600-0x063f] claimed by PIIX4 ACPI
[    0.419449] pci 0000:00:01.3: quirk: [io  0x0700-0x070f] claimed by PIIX4 SMB
[    0.420807] pci 0000:00:02.0: [1af4:1009] type 00 class 0x000200 conventional PCI endpoint
[    0.423441] pci 0000:00:02.0: BAR 0 [io  0xc000-0xc03f]
[    0.425442] pci 0000:00:02.0: BAR 1 [mem 0xfebfc000-0xfebfcfff]
[    0.434014] pci 0000:00:02.0: BAR 4 [mem 0xfebf0000-0xfebf3fff 64bit pref]
[    0.436566] pci 0000:00:03.0: [1af4:1009] type 00 class 0x000200 conventional PCI endpoint
[    0.439441] pci 0000:00:03.0: BAR 0 [io  0xc040-0xc07f]
[    0.441319] pci 0000:00:03.0: BAR 1 [mem 0xfebfd000-0xfebfdfff]
[    0.445444] pci 0000:00:03.0: BAR 4 [mem 0xfebf4000-0xfebf7fff 64bit pref]
[    0.448409] pci 0000:00:04.0: [8086:25ab] type 00 class 0x088000 conventional PCI endpoint
[    0.450889] pci 0000:00:04.0: BAR 0 [mem 0xfebfe000-0xfebfe00f]
[    0.454836] pci 0000:00:05.0: [1af4:1003] type 00 class 0x078000 conventional PCI endpoint
[    0.457249] pci 0000:00:05.0: BAR 0 [io  0xc080-0xc0bf]
[    0.459158] pci 0000:00:05.0: BAR 1 [mem 0xfebff000-0xfebfffff]
[    0.464442] pci 0000:00:05.0: BAR 4 [mem 0xfebf8000-0xfebfbfff 64bit pref]
[    0.468688] ACPI: PCI: Interrupt link LNKA configured for IRQ 10
[    0.469576] ACPI: PCI: Interrupt link LNKB configured for IRQ 10
[    0.471569] ACPI: PCI: Interrupt link LNKC configured for IRQ 11
[    0.472559] ACPI: PCI: Interrupt link LNKD configured for IRQ 11
[    0.473525] ACPI: PCI: Interrupt link LNKS configured for IRQ 9
[    0.477248] iommu: Default domain type: Translated
[    0.477440] iommu: DMA domain TLB invalidation policy: lazy mode
[    0.479566] SCSI subsystem initialized
[    0.480391] pps_core: LinuxPPS API ver. 1 registered
[    0.480437] pps_core: Software ver. 5.3.6 - Copyright 2005-2007 Rodolfo Giometti <giometti@linux.it>
[    0.482441] PTP clock support registered
[    0.483527] Advanced Linux Sound Architecture Driver Initialized.
[    0.486742] NET: Registered PF_ATMPVC protocol family
[    0.487440] NET: Registered PF_ATMSVC protocol family
[    0.488444] PCI: Using ACPI for IRQ routing
[    0.489503] vgaarb: loaded
[    0.490471] hpet0: at MMIO 0xfed00000, IRQs 2, 8, 0
[    0.491440] hpet0: 3 comparators, 64-bit 100.000000 MHz counter
[    0.497875] clocksource: Switched to clocksource kvm-clock
[    0.498856] VFS: Disk quotas dquot_6.6.0
[    0.499989] VFS: Dquot-cache hash table entries: 512 (order 0, 4096 bytes)
[    0.501510] pnp: PnP ACPI init
[    0.503023] pnp: PnP ACPI: found 5 devices
[    0.512116] clocksource: acpi_pm: mask: 0xffffff max_cycles: 0xffffff, max_idle_ns: 2085701024 ns
[    0.513926] NET: Registered PF_INET protocol family
[    0.514952] IP idents hash table entries: 16384 (order: 5, 131072 bytes, linear)
[    0.516833] tcp_listen_portaddr_hash hash table entries: 512 (order: 1, 8192 bytes, linear)
[    0.518494] Table-perturb hash table entries: 65536 (order: 6, 262144 bytes, linear)
[    0.520044] TCP established hash table entries: 8192 (order: 4, 65536 bytes, linear)
[    0.521594] TCP bind hash table entries: 8192 (order: 6, 262144 bytes, linear)
[    0.523057] TCP: Hash tables configured (established 8192 bind 8192)
[    0.524388] UDP hash table entries: 512 (order: 2, 16384 bytes, linear)
[    0.525705] UDP-Lite hash table entries: 512 (order: 2, 16384 bytes, linear)
[    0.527169] NET: Registered PF_UNIX/PF_LOCAL protocol family
[    0.528304] pci_bus 0000:00: resource 4 [io  0x0000-0x0cf7 window]
[    0.529529] pci_bus 0000:00: resource 5 [io  0x0d00-0xffff window]
[    0.530754] pci_bus 0000:00: resource 6 [mem 0x000a0000-0x000bffff window]
[    0.532116] pci_bus 0000:00: resource 7 [mem 0x40000000-0xfebfffff window]
[    0.533475] pci_bus 0000:00: resource 8 [mem 0x100000000-0x17fffffff window]
[    0.534902] pci 0000:00:01.0: PIIX3: Enabling Passive Release
[    0.536059] pci 0000:00:00.0: Limiting direct PCI/PCI transfers
[    0.537325] PCI: CLS 0 bytes, default 64
[    0.553021] RAPL PMU: API unit is 2^-32 Joules, 1 fixed counters, 10737418240 ms ovfl timer
[    0.554923] RAPL PMU: hw unit of domain psys 2^-0 Joules
[    1.077132] kvm_amd: CPU 8 isn't AMD or Hygon
[    1.078307] clocksource: tsc: mask: 0xffffffffffffffff max_cycles: 0x39a85c9bff6, max_idle_ns: 881590591483 ns
[    1.190564] Initialise system trusted keyrings
[    1.192021] workingset: timestamp_bits=56 max_order=18 bucket_order=0
[    1.193539] squashfs: version 4.0 (2009/01/31) Phillip Lougher
[    1.194751] fuse: init (API version 7.40)
[    1.195889] 9p: Installing v9fs 9p2000 file system support
[    1.208093] Key type asymmetric registered
[    1.208938] Asymmetric key parser 'x509' registered
[    1.209940] Block layer SCSI generic (bsg) driver version 0.4 loaded (major 249)
[    1.211439] io scheduler mq-deadline registered
[    1.212366] io scheduler kyber registered
[    1.232528] input: Power Button as /devices/LNXSYSTM:00/LNXPWRBN:00/input/input0
[    1.234677] ACPI: button: Power Button [PWRF]
[    1.236952] Warning: Processor Platform Limit event detected, but not handled.
[    1.240210] Consider compiling CPUfreq support into your kernel.
[    1.278515] ACPI: \_SB_.LNKB: Enabled at IRQ 10
[    1.292808] ACPI: \_SB_.LNKC: Enabled at IRQ 11
[    1.306900] ACPI: \_SB_.LNKA: Enabled at IRQ 10
[    1.309315] Serial: 8250/16550 driver, 4 ports, IRQ sharing enabled
[    1.310767] 00:03: ttyS0 at I/O 0x3f8 (irq = 4, base_baud = 115200) is a 16550A
[    1.343550] Non-volatile memory driver v1.3
[    1.344548] Linux agpgart interface v0.103
[    1.345463] ACPI: bus type drm_connector registered
[    1.346497] printk: legacy console [hvc0] enabled
[    1.347891] printk: legacy bootconsole [earlyser0] disabled
          _      _                                    
   __   _(_)_ __| |_ _ __ ___   ___       _ __   __ _ 
   \ \ / / |  __| __|  _   _ \ / _ \_____|  _ \ / _  |
    \ V /| | |  | |_| | | | | |  __/_____| | | | (_| |
     \_/ |_|_|   \__|_| |_| |_|\___|     |_| |_|\__  |
                                                |___/ 
   kernel version: 6.10.0-virtme x86_64
   (CTRL+d to exit)

root@virtme-ng:/nipa-data/kernel# PS1='xx__-> '
xx__-> env
PWD=/nipa-data/kernel
nr_open=1048576
HOME=/
TERM=xterm
SHLVL=2
XDG_RUNTIME_DIR=/run/user/0
PATH=/bin:/sbin:/usr/bin:/usr/sbin:/usr/local/bin
OLDPWD=/
_=/bin/env
xx__-> 