No EFI environment detected.
early console in extract_kernel
input_data: 0x0000000004ab42c4
input_len: 0x000000000191a026
output: 0x0000000001000000
output_len: 0x000000000535a8a4
kernel_total_size: 0x0000000005030000
needed_size: 0x0000000005400000
trampoline_32bit: 0x0000000000000000
Physical KASLR using RDRAND RDTSC...
Virtual KASLR using RDRAND RDTSC...

Decompressing Linux... Parsing ELF... Performing relocations... done.
Booting the kernel (entry_offset: 0x0000000002b35780).
[    0.000000] Linux version 6.14.0-rc1-virtme (root@c015cf6c1f9c) (gcc (Ubuntu 13.3.0-6ubuntu2~24.04) 13.3.0, GNU ld (GNU Binutils for Ubuntu) 2.42) #1 SMP PREEMPT_DYNAMIC Thu Feb 13 06:27:31 UTC 2025
[    0.000000] Command line: virtme_hostname=virtme-ng nr_open=1048576 virtme_link_mods=/nipa-data/kernel/.virtme_mods/lib/modules/0.0.0 virtme_initmount0=nipa-data/kernel virtme_rw_overlay0=/etc virtme_rw_overlay1=/lib virtme_rw_overlay2=/home virtme_rw_overlay3=/opt virtme_rw_overlay4=/srv virtme_rw_overlay5=/usr virtme_rw_overlay6=/var console=hvc0 earlyprintk=serial,ttyS0,115200 virtme_console=ttyS0 psmouse.proto=exps TERM=xterm virtme_chdir=nipa-data/kernel virtme_root_user=1 rootfstype=9p rootflags=version=9p2000.L,trans=virtio,access=any raid=noautodetect ro init=/usr/lib/python3/dist-packages/virtme/guest/virtme-init
[    0.000000] BIOS-provided physical RAM map:
[    0.000000] BIOS-e820: [mem 0x0000000000000000-0x000000000009fbff] usable
[    0.000000] BIOS-e820: [mem 0x000000000009fc00-0x000000000009ffff] reserved
[    0.000000] BIOS-e820: [mem 0x00000000000f0000-0x00000000000fffff] reserved
[    0.000000] BIOS-e820: [mem 0x0000000000100000-0x000000003ffdffff] usable
[    0.000000] BIOS-e820: [mem 0x000000003ffe0000-0x000000003fffffff] reserved
[    0.000000] BIOS-e820: [mem 0x00000000feffc000-0x00000000feffffff] reserved
[    0.000000] BIOS-e820: [mem 0x00000000fffc0000-0x00000000ffffffff] reserved
[    0.000000] BIOS-e820: [mem 0x000000fd00000000-0x000000ffffffffff] reserved
[    0.000000] printk: legacy bootconsole [earlyser0] enabled
[    0.000000] NX (Execute Disable) protection: active
[    0.000000] APIC: Static calls initialized
[    0.000000] SMBIOS 3.0.0 present.
[    0.000000] DMI: QEMU Ubuntu 24.04 PC (i440FX + PIIX, 1996), BIOS 1.16.3-debian-1.16.3-2 04/01/2014
[    0.000000] DMI: Memory slots populated: 1/1
[    0.000000] Hypervisor detected: KVM
[    0.000000] kvm-clock: Using msrs 4b564d01 and 4b564d00
[    0.000000] kvm-clock: using sched offset of 294790587 cycles
[    0.000365] clocksource: kvm-clock: mask: 0xffffffffffffffff max_cycles: 0x1cd42e4dffb, max_idle_ns: 881590591483 ns
[    0.001499] tsc: Detected 4491.560 MHz processor
[    0.002167] last_pfn = 0x3ffe0 max_arch_pfn = 0x400000000
[    0.002566] MTRR map: 4 entries (3 fixed + 1 variable; max 19), built from 8 variable MTRRs
[    0.003153] x86/PAT: Configuration [0-7]: WB  WC  UC- UC  WB  WP  UC- WT  
[    0.005062] found SMP MP-table at [mem 0x000f5470-0x000f547f]
[    0.005467] Using GB pages for direct mapping
[    0.005961] ACPI: Early table checksum verification disabled
[    0.006356] ACPI: RSDP 0x00000000000F5290 000014 (v00 BOCHS )
[    0.006758] ACPI: RSDT 0x000000003FFE27BC 000034 (v01 BOCHS  BXPC     00000001 BXPC 00000001)
[    0.007355] ACPI: FACP 0x000000003FFE2578 000074 (v01 BOCHS  BXPC     00000001 BXPC 00000001)
[    0.007951] ACPI: DSDT 0x000000003FFE0040 002538 (v01 BOCHS  BXPC     00000001 BXPC 00000001)
[    0.008544] ACPI: FACS 0x000000003FFE0000 000040
[    0.008867] ACPI: APIC 0x000000003FFE25EC 000170 (v03 BOCHS  BXPC     00000001 BXPC 00000001)
[    0.009460] ACPI: HPET 0x000000003FFE275C 000038 (v01 BOCHS  BXPC     00000001 BXPC 00000001)
[    0.010056] ACPI: WAET 0x000000003FFE2794 000028 (v01 BOCHS  BXPC     00000001 BXPC 00000001)
[    0.010650] ACPI: Reserving FACP table memory at [mem 0x3ffe2578-0x3ffe25eb]
[    0.011140] ACPI: Reserving DSDT table memory at [mem 0x3ffe0040-0x3ffe2577]
[    0.011632] ACPI: Reserving FACS table memory at [mem 0x3ffe0000-0x3ffe003f]
[    0.012122] ACPI: Reserving APIC table memory at [mem 0x3ffe25ec-0x3ffe275b]
[    0.012612] ACPI: Reserving HPET table memory at [mem 0x3ffe275c-0x3ffe2793]
[    0.013101] ACPI: Reserving WAET table memory at [mem 0x3ffe2794-0x3ffe27bb]
[    0.013779] No NUMA configuration found
[    0.014050] Faking a node at [mem 0x0000000000000000-0x000000003ffdffff]
[    0.014518] NODE_DATA(0) allocated [mem 0x3ffdb780-0x3ffdffff]
[    0.014938] Zone ranges:
[    0.015114]   DMA      [mem 0x0000000000001000-0x0000000000ffffff]
[    0.015544]   DMA32    [mem 0x0000000001000000-0x000000003ffdffff]
[    0.015974]   Normal   empty
[    0.016175]   Device   empty
[    0.016375] Movable zone start for each node
[    0.016671] Early memory node ranges
[    0.016919]   node   0: [mem 0x0000000000001000-0x000000000009efff]
[    0.017355]   node   0: [mem 0x0000000000100000-0x000000003ffdffff]
[    0.017791] Initmem setup node 0 [mem 0x0000000000001000-0x000000003ffdffff]
[    0.018299] On node 0, zone DMA: 1 pages in unavailable ranges
[    0.018759] On node 0, zone DMA: 97 pages in unavailable ranges
[    0.023262] On node 0, zone DMA32: 32 pages in unavailable ranges
[    0.032200] kasan: KernelAddressSanitizer initialized
[    0.032776] ACPI: PM-Timer IO Port: 0x608
[    0.033066] ACPI: LAPIC_NMI (acpi_id[0xff] dfl dfl lint[0x1])
[    0.033489] IOAPIC[0]: apic_id 0, version 17, address 0xfec00000, GSI 0-23
[    0.033989] ACPI: INT_SRC_OVR (bus 0 bus_irq 0 global_irq 2 dfl dfl)
[    0.034431] ACPI: INT_SRC_OVR (bus 0 bus_irq 5 global_irq 5 high level)
[    0.034891] ACPI: INT_SRC_OVR (bus 0 bus_irq 9 global_irq 9 high level)
[    0.035350] ACPI: INT_SRC_OVR (bus 0 bus_irq 10 global_irq 10 high level)
[    0.035821] ACPI: INT_SRC_OVR (bus 0 bus_irq 11 global_irq 11 high level)
[    0.036294] ACPI: Using ACPI (MADT) for SMP configuration information
[    0.036742] ACPI: HPET id: 0x8086a201 base: 0xfed00000
[    0.037101] TSC deadline timer available
[    0.037376] CPU topo: Max. logical packages:   1
[    0.037696] CPU topo: Max. logical dies:       1
[    0.038019] CPU topo: Max. dies per package:   1
[    0.038349] CPU topo: Max. threads per core:   1
[    0.038670] CPU topo: Num. cores per package:    32
[    0.039008] CPU topo: Num. threads per package:  32
[    0.039346] CPU topo: Allowing 32 present CPUs plus 0 hotplug CPUs
[    0.039790] kvm-guest: APIC: eoi() replaced with kvm_guest_apic_eoi_write()
[    0.040286] kvm-guest: KVM setup pv remote TLB flush
[    0.040632] kvm-guest: setup PV sched yield
[    0.040930] PM: hibernation: Registered nosave memory: [mem 0x00000000-0x00000fff]
[    0.041456] PM: hibernation: Registered nosave memory: [mem 0x0009f000-0x0009ffff]
[    0.042000] PM: hibernation: Registered nosave memory: [mem 0x000a0000-0x000effff]
[    0.042525] PM: hibernation: Registered nosave memory: [mem 0x000f0000-0x000fffff]
[    0.043051] [mem 0x40000000-0xfeffbfff] available for PCI devices
[    0.043475] Booting paravirtualized kernel on KVM
[    0.043803] clocksource: refined-jiffies: mask: 0xffffffff max_cycles: 0xffffffff, max_idle_ns: 1910969940391419 ns
[    0.052274] setup_percpu: NR_CPUS:64 nr_cpumask_bits:32 nr_cpu_ids:32 nr_node_ids:1
[    0.054043] percpu: Embedded 70 pages/cpu s247960 r8192 d30568 u524288
[    0.054563] Kernel command line: virtme_hostname=virtme-ng nr_open=1048576 virtme_link_mods=/nipa-data/kernel/.virtme_mods/lib/modules/0.0.0 virtme_initmount0=nipa-data/kernel virtme_rw_overlay0=/etc virtme_rw_overlay1=/lib virtme_rw_overlay2=/home virtme_rw_overlay3=/opt virtme_rw_overlay4=/srv virtme_rw_overlay5=/usr virtme_rw_overlay6=/var console=hvc0 earlyprintk=serial,ttyS0,115200 virtme_console=ttyS0 psmouse.proto=exps TERM=xterm virtme_chdir=nipa-data/kernel virtme_root_user=1 rootfstype=9p rootflags=version=9p2000.L,trans=virtio,access=any raid=noautodetect ro init=/usr/lib/python3/dist-packages/virtme/guest/virtme-init
[    0.058687] Unknown kernel command line parameters "virtme_hostname=virtme-ng nr_open=1048576 virtme_link_mods=/nipa-data/kernel/.virtme_mods/lib/modules/0.0.0 virtme_initmount0=nipa-data/kernel virtme_rw_overlay0=/etc virtme_rw_overlay1=/lib virtme_rw_overlay2=/home virtme_rw_overlay3=/opt virtme_rw_overlay4=/srv virtme_rw_overlay5=/usr virtme_rw_overlay6=/var virtme_console=ttyS0 virtme_chdir=nipa-data/kernel virtme_root_user=1", will be passed to user space.
[    0.061799] random: crng init done
[    0.062043] printk: log buffer data + meta data: 262144 + 917504 = 1179648 bytes
[    0.062607] Dentry cache hash table entries: 131072 (order: 8, 1048576 bytes, linear)
[    0.063191] Inode-cache hash table entries: 65536 (order: 7, 524288 bytes, linear)
[    0.064145] Fallback order for Node 0: 0 
[    0.064150] Built 1 zonelists, mobility grouping on.  Total pages: 262014
[    0.064922] Policy zone: DMA32
[    0.065141] mem auto-init: stack:all(zero), heap alloc:off, heap free:off
[    0.065627] stackdepot: allocating hash table via alloc_large_system_hash
[    0.066125] stackdepot hash table entries: 1048576 (order: 12, 16777216 bytes, linear)
[    0.074081] SLUB: HWalign=64, Order=0-3, MinObjects=0, CPUs=32, Nodes=1
Poking KASLR using RDRAND RDTSC...
[    0.074855] ftrace: allocating 49061 entries in 192 pages
[    0.092141] ftrace: allocated 192 pages with 2 groups
[    0.093319] Dynamic Preempt: voluntary
[    0.094021] rcu: Preemptible hierarchical RCU implementation.
[    0.094430] rcu: RCU event tracing is enabled.
[    0.094752] rcu: RCU restricting CPUs from NR_CPUS=64 to nr_cpu_ids=32.
[    0.095230] Trampoline variant of Tasks RCU enabled.
[    0.095590] Rude variant of Tasks RCU enabled.
[    0.095912] Tracing variant of Tasks RCU enabled.
[    0.096253] rcu: RCU calculated value of scheduler-enlistment delay is 100 jiffies.
[    0.096798] rcu: Adjusting geometry for rcu_fanout_leaf=16, nr_cpu_ids=32
[    0.097347] RCU Tasks: Setting shift to 5 and lim to 1 rcu_task_cb_adjust=1 rcu_task_cpu_ids=32.
[    0.097982] RCU Tasks Rude: Setting shift to 5 and lim to 1 rcu_task_cb_adjust=1 rcu_task_cpu_ids=32.
[    0.098637] RCU Tasks Trace: Setting shift to 5 and lim to 1 rcu_task_cb_adjust=1 rcu_task_cpu_ids=32.
[    0.108795] NR_IRQS: 4352, nr_irqs: 680, preallocated irqs: 16
[    0.109494] rcu: srcu_init: Setting srcu_struct sizes based on contention.
[    0.110219] Console: colour *CGA 80x25
[    0.110522] ACPI: Core revision 20240827
[    0.110958] clocksource: hpet: mask: 0xffffffff max_cycles: 0xffffffff, max_idle_ns: 19112604467 ns
[    0.111685] APIC: Switch to symmetric I/O mode setup
[    0.112049] kvm-guest: APIC: send_IPI_mask() replaced with kvm_send_ipi_mask()
[    0.112577] kvm-guest: APIC: send_IPI_mask_allbutself() replaced with kvm_send_ipi_mask_allbutself()
[    0.113221] kvm-guest: setup PV IPIs
[    0.114318] ..TIMER: vector=0x30 apic1=0 pin1=2 apic2=-1 pin2=-1
[    0.115106] clocksource: tsc-early: mask: 0xffffffffffffffff max_cycles: 0x40be4320a4d, max_idle_ns: 440795288133 ns
[    0.116455] Calibrating delay loop (skipped) preset value.. 8983.12 BogoMIPS (lpj=4491560)
[    0.117518] x86/cpu: User Mode Instruction Prevention (UMIP) activated
[    0.118513] Last level iTLB entries: 4KB 512, 2MB 255, 4MB 127
[    0.119453] Last level dTLB entries: 4KB 512, 2MB 255, 4MB 127, 1GB 0
[    0.120458] Spectre V1 : Mitigation: usercopy/swapgs barriers and __user pointer sanitization
[    0.121457] Spectre V2 : Mitigation: Enhanced / Automatic IBRS
[    0.122453] Spectre V2 : Spectre v2 / SpectreRSB mitigation: Filling RSB on context switch
[    0.123455] Spectre V2 : mitigation: Enabling conditional Indirect Branch Prediction Barrier
[    0.124455] Speculative Store Bypass: Mitigation: Speculative Store Bypass disabled via prctl
[    0.125453] Speculative Return Stack Overflow: IBPB-extending microcode not applied!
[    0.126453] Speculative Return Stack Overflow: WARNING: See https://kernel.org/doc/html/latest/admin-guide/hw-vuln/srso.html for mitigation options.
[    0.126454] Speculative Return Stack Overflow: Vulnerable: Safe RET, no microcode
[    0.128469] x86/fpu: Supporting XSAVE feature 0x001: 'x87 floating point registers'
[    0.129453] x86/fpu: Supporting XSAVE feature 0x002: 'SSE registers'
[    0.130238] x86/fpu: Supporting XSAVE feature 0x004: 'AVX registers'
[    0.130453] x86/fpu: Supporting XSAVE feature 0x020: 'AVX-512 opmask'
[    0.131453] x86/fpu: Supporting XSAVE feature 0x040: 'AVX-512 Hi256'
[    0.132453] x86/fpu: Supporting XSAVE feature 0x080: 'AVX-512 ZMM_Hi256'
[    0.133453] x86/fpu: Supporting XSAVE feature 0x200: 'Protection Keys User registers'
[    0.134453] x86/fpu: xstate_offset[2]:  576, xstate_sizes[2]:  256
[    0.135215] x86/fpu: xstate_offset[5]:  832, xstate_sizes[5]:   64
[    0.135453] x86/fpu: xstate_offset[6]:  896, xstate_sizes[6]:  512
[    0.136453] x86/fpu: xstate_offset[7]: 1408, xstate_sizes[7]: 1024
[    0.137453] x86/fpu: xstate_offset[9]: 2432, xstate_sizes[9]:    8
[    0.138214] x86/fpu: Enabled xstate features 0x2e7, context size is 2440 bytes, using 'compacted' format.
[    0.161208] Freeing SMP alternatives memory: 40K
[    0.161455] pid_max: default: 32768 minimum: 301
[    0.162500] Mount-cache hash table entries: 2048 (order: 2, 16384 bytes, linear)
[    0.163410] Mountpoint-cache hash table entries: 2048 (order: 2, 16384 bytes, linear)
[    0.165031] smpboot: CPU0: AMD Ryzen 9 7950X 16-Core Processor (family: 0x19, model: 0x61, stepping: 0x2)
[    0.165925] Performance Events: Fam17h+ core perfctr, AMD PMU driver.
[    0.166458] ... version:                0
[    0.166952] ... bit width:              48
[    0.167455] ... generic registers:      6
[    0.167959] ... value mask:             0000ffffffffffff
[    0.168455] ... max period:             00007fffffffffff
[    0.169113] ... fixed-purpose events:   0
[    0.169455] ... event mask:             000000000000003f
[    0.170223] signal: max sigframe size: 3376
[    0.170501] rcu: Hierarchical SRCU implementation.
[    0.171093] rcu: Max phase no-delay instances is 400.
[    0.171535] Timer migration: 2 hierarchy levels; 8 children per group; 2 crossnode level
[    0.176331] smp: Bringing up secondary CPUs ...
[    0.176643] smpboot: x86: Booting SMP configuration:
[    0.177254] .... node  #0, CPUs:        #1  #2  #3  #4  #5  #6  #7  #8  #9 #10 #11 #12 #13 #14 #15 #16 #17 #18 #19 #20 #21 #22 #23 #24 #25 #26 #27 #28 #29 #30 #31
[    0.204553] smp: Brought up 1 node, 32 CPUs
[    0.205986] smpboot: Total of 32 processors activated (287459.84 BogoMIPS)
[    0.210504] Memory: 763152K/1048056K available (44247K kernel code, 11493K rwdata, 10152K rodata, 6116K init, 1528K bss, 269008K reserved, 0K cma-reserved)
[    0.211584] devtmpfs: initialized
[    0.212045] x86/mm: Memory block size: 128MB
[    0.218697] clocksource: jiffies: mask: 0xffffffff max_cycles: 0xffffffff, max_idle_ns: 1911260446275000 ns
[    0.219459] futex hash table entries: 8192 (order: 7, 524288 bytes, linear)
[    0.220685] PM: RTC time: 06:27:57, date: 2025-02-13
[    0.222031] NET: Registered PF_NETLINK/PF_ROUTE protocol family
[    0.223343] thermal_sys: Registered thermal governor 'step_wise'
[    0.223370] cpuidle: using governor menu
[    0.225057] PCI: Using configuration type 1 for base access
[    0.225455] PCI: Using configuration type 1 for extended access
[    0.226329] kprobes: kprobe jump-optimization is enabled. All kprobes are optimized if possible.
[    0.239563] HugeTLB: registered 1.00 GiB page size, pre-allocated 0 pages
[    0.240456] HugeTLB: 16380 KiB vmemmap can be freed for a 1.00 GiB page
[    0.241288] HugeTLB: registered 2.00 MiB page size, pre-allocated 0 pages
[    0.242455] HugeTLB: 28 KiB vmemmap can be freed for a 2.00 MiB page
[    0.243790] ACPI: Added _OSI(Module Device)
[    0.244456] ACPI: Added _OSI(Processor Device)
[    0.245020] ACPI: Added _OSI(3.0 _SCP Extensions)
[    0.245455] ACPI: Added _OSI(Processor Aggregator Device)
[    0.268924] ACPI: 1 ACPI AML tables successfully acquired and loaded
[    0.273265] ACPI: Interpreter enabled
[    0.274513] ACPI: PM: (supports S0 S3 S4 S5)
[    0.275055] ACPI: Using IOAPIC for interrupt routing
[    0.275502] PCI: Using host bridge windows from ACPI; if necessary, use "pci=nocrs" and report a bug
[    0.276455] PCI: Using E820 reservations for host bridge windows
[    0.278252] ACPI: Enabled 2 GPEs in block 00 to 0F
[    0.323861] ACPI: PCI Root Bridge [PCI0] (domain 0000 [bus 00-ff])
[    0.325469] acpi PNP0A03:00: _OSC: OS supports [ExtendedConfig ASPM ClockPM Segments MSI HPX-Type3]
[    0.326938] PCI host bridge to bus 0000:00
[    0.327506] pci_bus 0000:00: root bus resource [io  0x0000-0x0cf7 window]
[    0.328372] pci_bus 0000:00: root bus resource [io  0x0d00-0xffff window]
[    0.328458] pci_bus 0000:00: root bus resource [mem 0x000a0000-0x000bffff window]
[    0.329398] pci_bus 0000:00: root bus resource [mem 0x40000000-0xfebfffff window]
[    0.330458] pci_bus 0000:00: root bus resource [mem 0x100000000-0x17fffffff window]
[    0.331446] pci_bus 0000:00: root bus resource [bus 00-ff]
[    0.332551] pci 0000:00:00.0: [8086:1237] type 00 class 0x060000 conventional PCI endpoint
[    0.334314] pci 0000:00:01.0: [8086:7000] type 00 class 0x060100 conventional PCI endpoint
[    0.336306] pci 0000:00:01.1: [8086:7010] type 00 class 0x010180 conventional PCI endpoint
[    0.337929] pci 0000:00:01.1: BAR 4 [io  0xc0c0-0xc0cf]
[    0.338474] pci 0000:00:01.1: BAR 0 [io  0x01f0-0x01f7]: legacy IDE quirk
[    0.339331] pci 0000:00:01.1: BAR 1 [io  0x03f6]: legacy IDE quirk
[    0.340455] pci 0000:00:01.1: BAR 2 [io  0x0170-0x0177]: legacy IDE quirk
[    0.341309] pci 0000:00:01.1: BAR 3 [io  0x0376]: legacy IDE quirk
[    0.342113] pci 0000:00:01.3: [8086:7113] type 00 class 0x068000 conventional PCI endpoint
[    0.343677] pci 0000:00:01.3: quirk: [io  0x0600-0x063f] claimed by PIIX4 ACPI
[    0.344459] pci 0000:00:01.3: quirk: [io  0x0700-0x070f] claimed by PIIX4 SMB
[    0.346066] pci 0000:00:02.0: [1af4:1009] type 00 class 0x000200 conventional PCI endpoint
[    0.348460] pci 0000:00:02.0: BAR 0 [io  0xc000-0xc03f]
[    0.349122] pci 0000:00:02.0: BAR 1 [mem 0xfebfc000-0xfebfcfff]
[    0.349470] pci 0000:00:02.0: BAR 4 [mem 0xfebf0000-0xfebf3fff 64bit pref]
[    0.361391] pci 0000:00:03.0: [1af4:1009] type 00 class 0x000200 conventional PCI endpoint
[    0.363460] pci 0000:00:03.0: BAR 0 [io  0xc040-0xc07f]
[    0.364130] pci 0000:00:03.0: BAR 1 [mem 0xfebfd000-0xfebfdfff]
[    0.365470] pci 0000:00:03.0: BAR 4 [mem 0xfebf4000-0xfebf7fff 64bit pref]
[    0.377304] pci 0000:00:04.0: [8086:25ab] type 00 class 0x088000 conventional PCI endpoint
[    0.379037] pci 0000:00:04.0: BAR 0 [mem 0xfebfe000-0xfebfe00f]
[    0.390291] pci 0000:00:05.0: [1af4:1003] type 00 class 0x078000 conventional PCI endpoint
[    0.392204] pci 0000:00:05.0: BAR 0 [io  0xc080-0xc0bf]
[    0.392461] pci 0000:00:05.0: BAR 1 [mem 0xfebff000-0xfebfffff]
[    0.393215] pci 0000:00:05.0: BAR 4 [mem 0xfebf8000-0xfebfbfff 64bit pref]
[    0.407685] ACPI: PCI: Interrupt link LNKA configured for IRQ 10
[    0.409355] ACPI: PCI: Interrupt link LNKB configured for IRQ 10
[    0.411347] ACPI: PCI: Interrupt link LNKC configured for IRQ 11
[    0.412346] ACPI: PCI: Interrupt link LNKD configured for IRQ 11
[    0.413827] ACPI: PCI: Interrupt link LNKS configured for IRQ 9
[    0.432235] iommu: Default domain type: Translated
[    0.432456] iommu: DMA domain TLB invalidation policy: lazy mode
[    0.433663] SCSI subsystem initialized
[    0.434670] pps_core: LinuxPPS API ver. 1 registered
[    0.435082] pps_core: Software ver. 5.3.6 - Copyright 2005-2007 Rodolfo Giometti <giometti@linux.it>
[    0.436469] PTP clock support registered
[    0.437577] Advanced Linux Sound Architecture Driver Initialized.
[    0.439568] NET: Registered PF_ATMPVC protocol family
[    0.440210] NET: Registered PF_ATMSVC protocol family
[    0.440491] PCI: Using ACPI for IRQ routing
[    0.441494] vgaarb: loaded
[    0.441572] hpet0: at MMIO 0xfed00000, IRQs 2, 8, 0
[    0.442192] hpet0: 3 comparators, 64-bit 100.000000 MHz counter
[    0.447852] clocksource: Switched to clocksource kvm-clock
[    0.448758] VFS: Disk quotas dquot_6.6.0
[    0.449262] VFS: Dquot-cache hash table entries: 512 (order 0, 4096 bytes)
[    0.450841] pnp: PnP ACPI init
[    0.453511] pnp: PnP ACPI: found 5 devices
[    0.465610] clocksource: acpi_pm: mask: 0xffffff max_cycles: 0xffffff, max_idle_ns: 2085701024 ns
[    0.466800] NET: Registered PF_INET protocol family
[    0.467474] IP idents hash table entries: 16384 (order: 5, 131072 bytes, linear)
[    0.468776] tcp_listen_portaddr_hash hash table entries: 512 (order: 1, 8192 bytes, linear)
[    0.469831] Table-perturb hash table entries: 65536 (order: 6, 262144 bytes, linear)
[    0.470823] TCP established hash table entries: 8192 (order: 4, 65536 bytes, linear)
[    0.471802] TCP bind hash table entries: 8192 (order: 6, 262144 bytes, linear)
[    0.472740] TCP: Hash tables configured (established 8192 bind 8192)
[    0.473790] UDP hash table entries: 512 (order: 3, 32768 bytes, linear)
[    0.474654] UDP-Lite hash table entries: 512 (order: 3, 32768 bytes, linear)
[    0.475754] NET: Registered PF_UNIX/PF_LOCAL protocol family
[    0.476485] pci_bus 0000:00: resource 4 [io  0x0000-0x0cf7 window]
[    0.477255] pci_bus 0000:00: resource 5 [io  0x0d00-0xffff window]
[    0.478028] pci_bus 0000:00: resource 6 [mem 0x000a0000-0x000bffff window]
[    0.478889] pci_bus 0000:00: resource 7 [mem 0x40000000-0xfebfffff window]
[    0.479750] pci_bus 0000:00: resource 8 [mem 0x100000000-0x17fffffff window]
[    0.480821] pci 0000:00:01.0: PIIX3: Enabling Passive Release
[    0.481545] pci 0000:00:00.0: Limiting direct PCI/PCI transfers
[    0.482321] PCI: CLS 0 bytes, default 64
[    0.482905] kvm_intel: VMX not supported by CPU 24
[    0.483661] kvm_amd: TSC scaling supported
[    0.484173] kvm_amd: Nested Virtualization enabled
[    0.484782] kvm_amd: Nested Paging enabled
[    0.485294] kvm_amd: LBR virtualization supported
[    0.485894] kvm_amd: Virtual GIF supported
[    0.486403] kvm_amd: Virtual NMI enabled
[    0.518152] clocksource: tsc: mask: 0xffffffffffffffff max_cycles: 0x40be4320a4d, max_idle_ns: 440795288133 ns
[    0.536755] Initialise system trusted keyrings
[    0.537663] workingset: timestamp_bits=56 max_order=18 bucket_order=0
[    0.538610] squashfs: version 4.0 (2009/01/31) Phillip Lougher
[    0.539367] fuse: init (API version 7.42)
[    0.540015] 9p: Installing v9fs 9p2000 file system support
[    0.549947] Key type asymmetric registered
[    0.550471] Asymmetric key parser 'x509' registered
[    0.551154] Block layer SCSI generic (bsg) driver version 0.4 loaded (major 249)
[    0.552122] io scheduler mq-deadline registered
[    0.552696] io scheduler kyber registered
[    0.555329] input: Power Button as /devices/LNXSYSTM:00/LNXPWRBN:00/input/input0
[    0.556521] ACPI: button: Power Button [PWRF]
[    0.558453] Warning: Processor Platform Limit event detected, but not handled.
[    0.559373] Consider compiling CPUfreq support into your kernel.
[    1.368706] ACPI: \_SB_.LNKB: Enabled at IRQ 10
[    2.171964] ACPI: \_SB_.LNKC: Enabled at IRQ 11
[    2.975563] ACPI: \_SB_.LNKA: Enabled at IRQ 10
[    2.976926] Serial: 8250/16550 driver, 4 ports, IRQ sharing enabled
[    2.978041] 00:03: ttyS0 at I/O 0x3f8 (irq = 4, base_baud = 115200) is a 16550A
[    3.001319] Non-volatile memory driver v1.3
[    3.001874] Linux agpgart interface v0.103
[    3.002546] ACPI: bus type drm_connector registered
[    3.003174] printk: legacy console [hvc0] enabled
[    3.003776] printk: legacy bootconsole [earlyser0] disabled
          _      _                                    
   __   _(_)_ __| |_ _ __ ___   ___       _ __   __ _ 
   \ \ / / |  __| __|  _   _ \ / _ \_____|  _ \ / _  |
    \ V /| | |  | |_| | | | | |  __/_____| | | | (_| |
     \_/ |_|_|   \__|_| |_| |_|\___|     |_| |_|\__  |
                                                |___/ 
   kernel version: 6.14.0-rc1-virtme x86_64
   (CTRL+d to exit)

root@virtme-ng:/nipa-data/kernel# PS1='xx__-> '
xx__-> env
PWD=/nipa-data/kernel
nr_open=1048576
HOME=/
TERM=xterm
SHLVL=2
XDG_RUNTIME_DIR=/run/user/0
PATH=/bin:/sbin:/usr/bin:/usr/sbin:/usr/local/bin
OLDPWD=/
_=/bin/env
xx__-> 