No EFI environment detected.
early console in extract_kernel
input_data: 0x0000000004ab32c4
input_len: 0x0000000001922857
output: 0x0000000001000000
output_len: 0x00000000053615c8
kernel_total_size: 0x0000000005030000
needed_size: 0x0000000005400000
trampoline_32bit: 0x0000000000000000
Physical KASLR using RDRAND RDTSC...
Virtual KASLR using RDRAND RDTSC...

Decompressing Linux... Parsing ELF... Performing relocations... done.
Booting the kernel (entry_offset: 0x0000000002b44810).
[    0.000000] Linux version 6.14.0-rc7-virtme (root@2c6625b3f0f2) (gcc (Ubuntu 13.3.0-6ubuntu2~24.04) 13.3.0, GNU ld (GNU Binutils for Ubuntu) 2.42) #1 SMP PREEMPT_DYNAMIC Sun Mar 23 00:27:12 UTC 2025
[    0.000000] Command line: virtme_hostname=virtme-ng nr_open=1048576 virtme_link_mods=/nipa-data/kernel/.virtme_mods/lib/modules/0.0.0 virtme_initmount0=nipa-data/kernel virtme_rw_overlay0=/etc virtme_rw_overlay1=/lib virtme_rw_overlay2=/home virtme_rw_overlay3=/opt virtme_rw_overlay4=/srv virtme_rw_overlay5=/usr virtme_rw_overlay6=/var console=hvc0 earlyprintk=serial,ttyS0,115200 virtme_console=ttyS0 psmouse.proto=exps TERM=xterm virtme_chdir=nipa-data/kernel virtme_root_user=1 rootfstype=9p rootflags=version=9p2000.L,trans=virtio,access=any raid=noautodetect ro init=/usr/lib/python3/dist-packages/virtme/guest/virtme-init
[    0.000000] BIOS-provided physical RAM map:
[    0.000000] BIOS-e820: [mem 0x0000000000000000-0x000000000009fbff] usable
[    0.000000] BIOS-e820: [mem 0x000000000009fc00-0x000000000009ffff] reserved
[    0.000000] BIOS-e820: [mem 0x00000000000f0000-0x00000000000fffff] reserved
[    0.000000] BIOS-e820: [mem 0x0000000000100000-0x000000003ffdffff] usable
[    0.000000] BIOS-e820: [mem 0x000000003ffe0000-0x000000003fffffff] reserved
[    0.000000] BIOS-e820: [mem 0x00000000feffc000-0x00000000feffffff] reserved
[    0.000000] BIOS-e820: [mem 0x00000000fffc0000-0x00000000ffffffff] reserved
[    0.000000] BIOS-e820: [mem 0x000000fd00000000-0x000000ffffffffff] reserved
[    0.000000] printk: legacy bootconsole [earlyser0] enabled
[    0.000000] NX (Execute Disable) protection: active
[    0.000000] APIC: Static calls initialized
[    0.000000] SMBIOS 3.0.0 present.
[    0.000000] DMI: QEMU Ubuntu 24.04 PC (i440FX + PIIX, 1996), BIOS 1.16.3-debian-1.16.3-2 04/01/2014
[    0.000000] DMI: Memory slots populated: 1/1
[    0.000000] Hypervisor detected: KVM
[    0.000000] kvm-clock: Using msrs 4b564d01 and 4b564d00
[    0.000000] kvm-clock: using sched offset of 293646562 cycles
[    0.000349] clocksource: kvm-clock: mask: 0xffffffffffffffff max_cycles: 0x1cd42e4dffb, max_idle_ns: 881590591483 ns
[    0.001425] tsc: Detected 4491.560 MHz processor
[    0.002061] last_pfn = 0x3ffe0 max_arch_pfn = 0x400000000
[    0.002441] MTRR map: 4 entries (3 fixed + 1 variable; max 19), built from 8 variable MTRRs
[    0.002996] x86/PAT: Configuration [0-7]: WB  WC  UC- UC  WB  WP  UC- WT  
[    0.004874] found SMP MP-table at [mem 0x000f5470-0x000f547f]
[    0.005258] Using GB pages for direct mapping
[    0.005732] ACPI: Early table checksum verification disabled
[    0.006107] ACPI: RSDP 0x00000000000F5290 000014 (v00 BOCHS )
[    0.006487] ACPI: RSDT 0x000000003FFE27BC 000034 (v01 BOCHS  BXPC     00000001 BXPC 00000001)
[    0.007058] ACPI: FACP 0x000000003FFE2578 000074 (v01 BOCHS  BXPC     00000001 BXPC 00000001)
[    0.007625] ACPI: DSDT 0x000000003FFE0040 002538 (v01 BOCHS  BXPC     00000001 BXPC 00000001)
[    0.008192] ACPI: FACS 0x000000003FFE0000 000040
[    0.008501] ACPI: APIC 0x000000003FFE25EC 000170 (v03 BOCHS  BXPC     00000001 BXPC 00000001)
[    0.009064] ACPI: HPET 0x000000003FFE275C 000038 (v01 BOCHS  BXPC     00000001 BXPC 00000001)
[    0.009626] ACPI: WAET 0x000000003FFE2794 000028 (v01 BOCHS  BXPC     00000001 BXPC 00000001)
[    0.010189] ACPI: Reserving FACP table memory at [mem 0x3ffe2578-0x3ffe25eb]
[    0.010653] ACPI: Reserving DSDT table memory at [mem 0x3ffe0040-0x3ffe2577]
[    0.011117] ACPI: Reserving FACS table memory at [mem 0x3ffe0000-0x3ffe003f]
[    0.011580] ACPI: Reserving APIC table memory at [mem 0x3ffe25ec-0x3ffe275b]
[    0.012044] ACPI: Reserving HPET table memory at [mem 0x3ffe275c-0x3ffe2793]
[    0.012515] ACPI: Reserving WAET table memory at [mem 0x3ffe2794-0x3ffe27bb]
[    0.013157] No NUMA configuration found
[    0.013410] Faking a node at [mem 0x0000000000000000-0x000000003ffdffff]
[    0.013854] NODE_DATA(0) allocated [mem 0x3ffdb780-0x3ffdffff]
[    0.014253] Zone ranges:
[    0.014422]   DMA      [mem 0x0000000000001000-0x0000000000ffffff]
[    0.014830]   DMA32    [mem 0x0000000001000000-0x000000003ffdffff]
[    0.015238]   Normal   empty
[    0.015428]   Device   empty
[    0.015619] Movable zone start for each node
[    0.015900] Early memory node ranges
[    0.016135]   node   0: [mem 0x0000000000001000-0x000000000009efff]
[    0.016551]   node   0: [mem 0x0000000000100000-0x000000003ffdffff]
[    0.016964] Initmem setup node 0 [mem 0x0000000000001000-0x000000003ffdffff]
[    0.017433] On node 0, zone DMA: 1 pages in unavailable ranges
[    0.017871] On node 0, zone DMA: 97 pages in unavailable ranges
[    0.022324] On node 0, zone DMA32: 32 pages in unavailable ranges
[    0.031170] kasan: KernelAddressSanitizer initialized
[    0.031710] ACPI: PM-Timer IO Port: 0x608
[    0.031985] ACPI: LAPIC_NMI (acpi_id[0xff] dfl dfl lint[0x1])
[    0.032400] IOAPIC[0]: apic_id 0, version 17, address 0xfec00000, GSI 0-23
[    0.032854] ACPI: INT_SRC_OVR (bus 0 bus_irq 0 global_irq 2 dfl dfl)
[    0.033274] ACPI: INT_SRC_OVR (bus 0 bus_irq 5 global_irq 5 high level)
[    0.033710] ACPI: INT_SRC_OVR (bus 0 bus_irq 9 global_irq 9 high level)
[    0.034146] ACPI: INT_SRC_OVR (bus 0 bus_irq 10 global_irq 10 high level)
[    0.034593] ACPI: INT_SRC_OVR (bus 0 bus_irq 11 global_irq 11 high level)
[    0.035042] ACPI: Using ACPI (MADT) for SMP configuration information
[    0.035467] ACPI: HPET id: 0x8086a201 base: 0xfed00000
[    0.035807] TSC deadline timer available
[    0.036075] CPU topo: Max. logical packages:   1
[    0.036381] CPU topo: Max. logical dies:       1
[    0.036685] CPU topo: Max. dies per package:   1
[    0.036998] CPU topo: Max. threads per core:   1
[    0.037302] CPU topo: Num. cores per package:    32
[    0.037623] CPU topo: Num. threads per package:  32
[    0.037944] CPU topo: Allowing 32 present CPUs plus 0 hotplug CPUs
[    0.038367] kvm-guest: APIC: eoi() replaced with kvm_guest_apic_eoi_write()
[    0.038837] kvm-guest: KVM setup pv remote TLB flush
[    0.039165] kvm-guest: setup PV sched yield
[    0.039447] PM: hibernation: Registered nosave memory: [mem 0x00000000-0x00000fff]
[    0.039946] PM: hibernation: Registered nosave memory: [mem 0x0009f000-0x0009ffff]
[    0.040447] PM: hibernation: Registered nosave memory: [mem 0x000a0000-0x000effff]
[    0.040946] PM: hibernation: Registered nosave memory: [mem 0x000f0000-0x000fffff]
[    0.041445] [mem 0x40000000-0xfeffbfff] available for PCI devices
[    0.041848] Booting paravirtualized kernel on KVM
[    0.042159] clocksource: refined-jiffies: mask: 0xffffffff max_cycles: 0xffffffff, max_idle_ns: 1910969940391419 ns
[    0.050548] setup_percpu: NR_CPUS:64 nr_cpumask_bits:32 nr_cpu_ids:32 nr_node_ids:1
[    0.052242] percpu: Embedded 70 pages/cpu s247960 r8192 d30568 u524288
[    0.052743] Kernel command line: virtme_hostname=virtme-ng nr_open=1048576 virtme_link_mods=/nipa-data/kernel/.virtme_mods/lib/modules/0.0.0 virtme_initmount0=nipa-data/kernel virtme_rw_overlay0=/etc virtme_rw_overlay1=/lib virtme_rw_overlay2=/home virtme_rw_overlay3=/opt virtme_rw_overlay4=/srv virtme_rw_overlay5=/usr virtme_rw_overlay6=/var console=hvc0 earlyprintk=serial,ttyS0,115200 virtme_console=ttyS0 psmouse.proto=exps TERM=xterm virtme_chdir=nipa-data/kernel virtme_root_user=1 rootfstype=9p rootflags=version=9p2000.L,trans=virtio,access=any raid=noautodetect ro init=/usr/lib/python3/dist-packages/virtme/guest/virtme-init
[    0.056648] Unknown kernel command line parameters "virtme_hostname=virtme-ng nr_open=1048576 virtme_link_mods=/nipa-data/kernel/.virtme_mods/lib/modules/0.0.0 virtme_initmount0=nipa-data/kernel virtme_rw_overlay0=/etc virtme_rw_overlay1=/lib virtme_rw_overlay2=/home virtme_rw_overlay3=/opt virtme_rw_overlay4=/srv virtme_rw_overlay5=/usr virtme_rw_overlay6=/var virtme_console=ttyS0 virtme_chdir=nipa-data/kernel virtme_root_user=1", will be passed to user space.
[    0.059616] random: crng init done
[    0.059847] printk: log buffer data + meta data: 262144 + 917504 = 1179648 bytes
[    0.060382] Dentry cache hash table entries: 131072 (order: 8, 1048576 bytes, linear)
[    0.060923] Inode-cache hash table entries: 65536 (order: 7, 524288 bytes, linear)
[    0.061827] Fallback order for Node 0: 0 
[    0.061831] Built 1 zonelists, mobility grouping on.  Total pages: 262014
[    0.062564] Policy zone: DMA32
[    0.062771] mem auto-init: stack:all(zero), heap alloc:off, heap free:off
[    0.063231] stackdepot: allocating hash table via alloc_large_system_hash
[    0.063693] stackdepot hash table entries: 1048576 (order: 12, 16777216 bytes, linear)
[    0.071575] SLUB: HWalign=64, Order=0-3, MinObjects=0, CPUs=32, Nodes=1
Poking KASLR using RDRAND RDTSC...
[    0.072320] ftrace: allocating 49134 entries in 192 pages
[    0.089439] ftrace: allocated 192 pages with 2 groups
[    0.090591] Dynamic Preempt: voluntary
[    0.091276] rcu: Preemptible hierarchical RCU implementation.
[    0.091664] rcu: RCU event tracing is enabled.
[    0.091975] rcu: RCU restricting CPUs from NR_CPUS=64 to nr_cpu_ids=32.
[    0.092449] Trampoline variant of Tasks RCU enabled.
[    0.092790] Rude variant of Tasks RCU enabled.
[    0.093097] Tracing variant of Tasks RCU enabled.
[    0.093422] rcu: RCU calculated value of scheduler-enlistment delay is 100 jiffies.
[    0.093943] rcu: Adjusting geometry for rcu_fanout_leaf=16, nr_cpu_ids=32
[    0.094463] RCU Tasks: Setting shift to 5 and lim to 1 rcu_task_cb_adjust=1 rcu_task_cpu_ids=32.
[    0.095058] RCU Tasks Rude: Setting shift to 5 and lim to 1 rcu_task_cb_adjust=1 rcu_task_cpu_ids=32.
[    0.095684] RCU Tasks Trace: Setting shift to 5 and lim to 1 rcu_task_cb_adjust=1 rcu_task_cpu_ids=32.
[    0.104967] NR_IRQS: 4352, nr_irqs: 680, preallocated irqs: 16
[    0.105607] rcu: srcu_init: Setting srcu_struct sizes based on contention.
[    0.106279] Console: colour *CGA 80x25
[    0.106564] ACPI: Core revision 20240827
[    0.106978] clocksource: hpet: mask: 0xffffffff max_cycles: 0xffffffff, max_idle_ns: 19112604467 ns
[    0.107658] APIC: Switch to symmetric I/O mode setup
[    0.108001] kvm-guest: APIC: send_IPI_mask() replaced with kvm_send_ipi_mask()
[    0.108503] kvm-guest: APIC: send_IPI_mask_allbutself() replaced with kvm_send_ipi_mask_allbutself()
[    0.109107] kvm-guest: setup PV IPIs
[    0.110188] ..TIMER: vector=0x30 apic1=0 pin1=2 apic2=-1 pin2=-1
[    0.110940] clocksource: tsc-early: mask: 0xffffffffffffffff max_cycles: 0x40be4320a4d, max_idle_ns: 440795288133 ns
[    0.112228] Calibrating delay loop (skipped) preset value.. 8983.12 BogoMIPS (lpj=4491560)
[    0.113291] x86/cpu: User Mode Instruction Prevention (UMIP) activated
[    0.114282] Last level iTLB entries: 4KB 512, 2MB 255, 4MB 127
[    0.115226] Last level dTLB entries: 4KB 512, 2MB 255, 4MB 127, 1GB 0
[    0.116231] Spectre V1 : Mitigation: usercopy/swapgs barriers and __user pointer sanitization
[    0.117230] Spectre V2 : Mitigation: Enhanced / Automatic IBRS
[    0.117928] Spectre V2 : Spectre v2 / SpectreRSB mitigation: Filling RSB on context switch
[    0.118228] Spectre V2 : mitigation: Enabling conditional Indirect Branch Prediction Barrier
[    0.119228] Speculative Store Bypass: Mitigation: Speculative Store Bypass disabled via prctl
[    0.120226] Speculative Return Stack Overflow: IBPB-extending microcode not applied!
[    0.121226] Speculative Return Stack Overflow: WARNING: See https://kernel.org/doc/html/latest/admin-guide/hw-vuln/srso.html for mitigation options.
[    0.121227] Speculative Return Stack Overflow: Vulnerable: Safe RET, no microcode
[    0.123241] x86/fpu: Supporting XSAVE feature 0x001: 'x87 floating point registers'
[    0.124226] x86/fpu: Supporting XSAVE feature 0x002: 'SSE registers'
[    0.125226] x86/fpu: Supporting XSAVE feature 0x004: 'AVX registers'
[    0.125967] x86/fpu: Supporting XSAVE feature 0x020: 'AVX-512 opmask'
[    0.126226] x86/fpu: Supporting XSAVE feature 0x040: 'AVX-512 Hi256'
[    0.127226] x86/fpu: Supporting XSAVE feature 0x080: 'AVX-512 ZMM_Hi256'
[    0.128226] x86/fpu: Supporting XSAVE feature 0x200: 'Protection Keys User registers'
[    0.129226] x86/fpu: xstate_offset[2]:  576, xstate_sizes[2]:  256
[    0.129948] x86/fpu: xstate_offset[5]:  832, xstate_sizes[5]:   64
[    0.130226] x86/fpu: xstate_offset[6]:  896, xstate_sizes[6]:  512
[    0.131226] x86/fpu: xstate_offset[7]: 1408, xstate_sizes[7]: 1024
[    0.131950] x86/fpu: xstate_offset[9]: 2432, xstate_sizes[9]:    8
[    0.132226] x86/fpu: Enabled xstate features 0x2e7, context size is 2440 bytes, using 'compacted' format.
[    0.154402] Freeing SMP alternatives memory: 40K
[    0.154946] pid_max: default: 32768 minimum: 301
[    0.155346] Mount-cache hash table entries: 2048 (order: 2, 16384 bytes, linear)
[    0.156228] Mountpoint-cache hash table entries: 2048 (order: 2, 16384 bytes, linear)
[    0.157826] smpboot: CPU0: AMD Ryzen 9 7950X 16-Core Processor (family: 0x19, model: 0x61, stepping: 0x2)
[    0.158705] Performance Events: Fam17h+ core perfctr, AMD PMU driver.
[    0.159231] ... version:                0
[    0.159698] ... bit width:              48
[    0.160173] ... generic registers:      6
[    0.160228] ... value mask:             0000ffffffffffff
[    0.160844] ... max period:             00007fffffffffff
[    0.161228] ... fixed-purpose events:   0
[    0.161695] ... event mask:             000000000000003f
[    0.162336] signal: max sigframe size: 3376
[    0.162867] rcu: Hierarchical SRCU implementation.
[    0.163228] rcu: Max phase no-delay instances is 400.
[    0.163900] Timer migration: 2 hierarchy levels; 8 children per group; 2 crossnode level
[    0.167812] smp: Bringing up secondary CPUs ...
[    0.168401] smpboot: x86: Booting SMP configuration:
[    0.168980] .... node  #0, CPUs:        #1  #2  #3  #4  #5  #6  #7  #8  #9 #10 #11 #12 #13 #14 #15 #16 #17 #18 #19 #20 #21 #22 #23 #24 #25 #26 #27 #28 #29 #30 #31
[    0.192328] smp: Brought up 1 node, 32 CPUs
[    0.193720] smpboot: Total of 32 processors activated (287459.84 BogoMIPS)
[    0.197412] Memory: 762892K/1048056K available (44307K kernel code, 11505K rwdata, 10168K rodata, 6116K init, 1504K bss, 269024K reserved, 0K cma-reserved)
[    0.198340] devtmpfs: initialized
[    0.198848] x86/mm: Memory block size: 128MB
[    0.205247] clocksource: jiffies: mask: 0xffffffff max_cycles: 0xffffffff, max_idle_ns: 1911260446275000 ns
[    0.206232] futex hash table entries: 8192 (order: 7, 524288 bytes, linear)
[    0.207402] PM: RTC time: 00:27:41, date: 2025-03-23
[    0.208633] NET: Registered PF_NETLINK/PF_ROUTE protocol family
[    0.210082] thermal_sys: Registered thermal governor 'step_wise'
[    0.210109] cpuidle: using governor menu
[    0.211838] PCI: Using configuration type 1 for base access
[    0.212228] PCI: Using configuration type 1 for extended access
[    0.213058] kprobes: kprobe jump-optimization is enabled. All kprobes are optimized if possible.
[    0.230336] HugeTLB: registered 1.00 GiB page size, pre-allocated 0 pages
[    0.231229] HugeTLB: 16380 KiB vmemmap can be freed for a 1.00 GiB page
[    0.232229] HugeTLB: registered 2.00 MiB page size, pre-allocated 0 pages
[    0.233228] HugeTLB: 28 KiB vmemmap can be freed for a 2.00 MiB page
[    0.234658] ACPI: Added _OSI(Module Device)
[    0.235229] ACPI: Added _OSI(Processor Device)
[    0.235919] ACPI: Added _OSI(3.0 _SCP Extensions)
[    0.236229] ACPI: Added _OSI(Processor Aggregator Device)
[    0.261501] ACPI: 1 ACPI AML tables successfully acquired and loaded
[    0.265836] ACPI: Interpreter enabled
[    0.266285] ACPI: PM: (supports S0 S3 S4 S5)
[    0.266797] ACPI: Using IOAPIC for interrupt routing
[    0.267272] PCI: Using host bridge windows from ACPI; if necessary, use "pci=nocrs" and report a bug
[    0.268228] PCI: Using E820 reservations for host bridge windows
[    0.269955] ACPI: Enabled 2 GPEs in block 00 to 0F
[    0.314301] ACPI: PCI Root Bridge [PCI0] (domain 0000 [bus 00-ff])
[    0.315052] acpi PNP0A03:00: _OSC: OS supports [ExtendedConfig ASPM ClockPM Segments MSI HPX-Type3]
[    0.315698] PCI host bridge to bus 0000:00
[    0.316236] pci_bus 0000:00: root bus resource [io  0x0000-0x0cf7 window]
[    0.317047] pci_bus 0000:00: root bus resource [io  0x0d00-0xffff window]
[    0.317230] pci_bus 0000:00: root bus resource [mem 0x000a0000-0x000bffff window]
[    0.318116] pci_bus 0000:00: root bus resource [mem 0x40000000-0xfebfffff window]
[    0.318230] pci_bus 0000:00: root bus resource [mem 0x100000000-0x17fffffff window]
[    0.319138] pci_bus 0000:00: root bus resource [bus 00-ff]
[    0.319315] pci 0000:00:00.0: [8086:1237] type 00 class 0x060000 conventional PCI endpoint
[    0.321049] pci 0000:00:01.0: [8086:7000] type 00 class 0x060100 conventional PCI endpoint
[    0.322030] pci 0000:00:01.1: [8086:7010] type 00 class 0x010180 conventional PCI endpoint
[    0.322614] pci 0000:00:01.1: BAR 4 [io  0xc0c0-0xc0cf]
[    0.323241] pci 0000:00:01.1: BAR 0 [io  0x01f0-0x01f7]: legacy IDE quirk
[    0.324058] pci 0000:00:01.1: BAR 1 [io  0x03f6]: legacy IDE quirk
[    0.324228] pci 0000:00:01.1: BAR 2 [io  0x0170-0x0177]: legacy IDE quirk
[    0.325031] pci 0000:00:01.1: BAR 3 [io  0x0376]: legacy IDE quirk
[    0.325864] pci 0000:00:01.3: [8086:7113] type 00 class 0x068000 conventional PCI endpoint
[    0.326429] pci 0000:00:01.3: quirk: [io  0x0600-0x063f] claimed by PIIX4 ACPI
[    0.327232] pci 0000:00:01.3: quirk: [io  0x0700-0x070f] claimed by PIIX4 SMB
[    0.328761] pci 0000:00:02.0: [1af4:1009] type 00 class 0x000200 conventional PCI endpoint
[    0.329972] pci 0000:00:02.0: BAR 0 [io  0xc000-0xc03f]
[    0.330232] pci 0000:00:02.0: BAR 1 [mem 0xfebfc000-0xfebfcfff]
[    0.330946] pci 0000:00:02.0: BAR 4 [mem 0xfebf0000-0xfebf3fff 64bit pref]
[    0.341925] pci 0000:00:03.0: [1af4:1009] type 00 class 0x000200 conventional PCI endpoint
[    0.343127] pci 0000:00:03.0: BAR 0 [io  0xc040-0xc07f]
[    0.343233] pci 0000:00:03.0: BAR 1 [mem 0xfebfd000-0xfebfdfff]
[    0.343948] pci 0000:00:03.0: BAR 4 [mem 0xfebf4000-0xfebf7fff 64bit pref]
[    0.354838] pci 0000:00:04.0: [8086:25ab] type 00 class 0x088000 conventional PCI endpoint
[    0.355495] pci 0000:00:04.0: BAR 0 [mem 0xfebfe000-0xfebfe00f]
[    0.366708] pci 0000:00:05.0: [1af4:1003] type 00 class 0x078000 conventional PCI endpoint
[    0.367750] pci 0000:00:05.0: BAR 0 [io  0xc080-0xc0bf]
[    0.368232] pci 0000:00:05.0: BAR 1 [mem 0xfebff000-0xfebfffff]
[    0.368949] pci 0000:00:05.0: BAR 4 [mem 0xfebf8000-0xfebfbfff 64bit pref]
[    0.381995] ACPI: PCI: Interrupt link LNKA configured for IRQ 10
[    0.383104] ACPI: PCI: Interrupt link LNKB configured for IRQ 10
[    0.384093] ACPI: PCI: Interrupt link LNKC configured for IRQ 11
[    0.385085] ACPI: PCI: Interrupt link LNKD configured for IRQ 11
[    0.385584] ACPI: PCI: Interrupt link LNKS configured for IRQ 9
[    0.403287] iommu: Default domain type: Translated
[    0.403864] iommu: DMA domain TLB invalidation policy: lazy mode
[    0.404650] SCSI subsystem initialized
[    0.405444] pps_core: LinuxPPS API ver. 1 registered
[    0.406048] pps_core: Software ver. 5.3.6 - Copyright 2005-2007 Rodolfo Giometti <giometti@linux.it>
[    0.406243] PTP clock support registered
[    0.406781] Advanced Linux Sound Architecture Driver Initialized.
[    0.408197] NET: Registered PF_ATMPVC protocol family
[    0.408229] NET: Registered PF_ATMSVC protocol family
[    0.408861] PCI: Using ACPI for IRQ routing
[    0.409351] vgaarb: loaded
[    0.409573] hpet0: at MMIO 0xfed00000, IRQs 2, 8, 0
[    0.410229] hpet0: 3 comparators, 64-bit 100.000000 MHz counter
[    0.413426] clocksource: Switched to clocksource kvm-clock
[    0.414391] VFS: Disk quotas dquot_6.6.0
[    0.414871] VFS: Dquot-cache hash table entries: 512 (order 0, 4096 bytes)
[    0.416362] pnp: PnP ACPI init
[    0.418947] pnp: PnP ACPI: found 5 devices
[    0.430559] clocksource: acpi_pm: mask: 0xffffff max_cycles: 0xffffff, max_idle_ns: 2085701024 ns
[    0.431662] NET: Registered PF_INET protocol family
[    0.432277] IP idents hash table entries: 16384 (order: 5, 131072 bytes, linear)
[    0.433507] tcp_listen_portaddr_hash hash table entries: 512 (order: 1, 8192 bytes, linear)
[    0.434515] Table-perturb hash table entries: 65536 (order: 6, 262144 bytes, linear)
[    0.435441] TCP established hash table entries: 8192 (order: 4, 65536 bytes, linear)
[    0.436358] TCP bind hash table entries: 8192 (order: 6, 262144 bytes, linear)
[    0.437216] TCP: Hash tables configured (established 8192 bind 8192)
[    0.438111] UDP hash table entries: 512 (order: 3, 32768 bytes, linear)
[    0.438900] UDP-Lite hash table entries: 512 (order: 3, 32768 bytes, linear)
[    0.439924] NET: Registered PF_UNIX/PF_LOCAL protocol family
[    0.440609] pci_bus 0000:00: resource 4 [io  0x0000-0x0cf7 window]
[    0.441337] pci_bus 0000:00: resource 5 [io  0x0d00-0xffff window]
[    0.442059] pci_bus 0000:00: resource 6 [mem 0x000a0000-0x000bffff window]
[    0.442871] pci_bus 0000:00: resource 7 [mem 0x40000000-0xfebfffff window]
[    0.443680] pci_bus 0000:00: resource 8 [mem 0x100000000-0x17fffffff window]
[    0.444692] pci 0000:00:01.0: PIIX3: Enabling Passive Release
[    0.445372] pci 0000:00:00.0: Limiting direct PCI/PCI transfers
[    0.446098] PCI: CLS 0 bytes, default 64
[    0.446636] kvm_intel: VMX not supported by CPU 0
[    0.447334] kvm_amd: TSC scaling supported
[    0.447815] kvm_amd: Nested Virtualization enabled
[    0.448381] kvm_amd: Nested Paging enabled
[    0.448860] kvm_amd: LBR virtualization supported
[    0.449426] kvm_amd: Virtual GIF supported
[    0.449904] kvm_amd: Virtual NMI enabled
[    0.481486] clocksource: tsc: mask: 0xffffffffffffffff max_cycles: 0x40be4320a4d, max_idle_ns: 440795288133 ns
[    0.500445] Initialise system trusted keyrings
[    0.501128] workingset: timestamp_bits=56 max_order=18 bucket_order=0
[    0.502005] squashfs: version 4.0 (2009/01/31) Phillip Lougher
[    0.502715] fuse: init (API version 7.42)
[    0.503315] 9p: Installing v9fs 9p2000 file system support
[    0.512711] Key type asymmetric registered
[    0.513213] Asymmetric key parser 'x509' registered
[    0.513848] Block layer SCSI generic (bsg) driver version 0.4 loaded (major 249)
[    0.514763] io scheduler mq-deadline registered
[    0.515308] io scheduler kyber registered
[    0.517912] input: Power Button as /devices/LNXSYSTM:00/LNXPWRBN:00/input/input0
[    0.518989] ACPI: button: Power Button [PWRF]
[    0.520788] Warning: Processor Platform Limit event detected, but not handled.
[    0.521650] Consider compiling CPUfreq support into your kernel.
[    1.308853] ACPI: \_SB_.LNKB: Enabled at IRQ 10
[    2.088671] ACPI: \_SB_.LNKC: Enabled at IRQ 11
[    2.868142] ACPI: \_SB_.LNKA: Enabled at IRQ 10
[    2.869407] Serial: 8250/16550 driver, 4 ports, IRQ sharing enabled
[    2.870455] 00:03: ttyS0 at I/O 0x3f8 (irq = 4, base_baud = 115200) is a 16550A
[    2.899965] Non-volatile memory driver v1.3
[    2.900476] Linux agpgart interface v0.103
[    2.901118] ACPI: bus type drm_connector registered
[    2.901726] printk: legacy console [hvc0] enabled
[    2.902309] printk: legacy bootconsole [earlyser0] disabled
          _      _                                    
   __   _(_)_ __| |_ _ __ ___   ___       _ __   __ _ 
   \ \ / / |  __| __|  _   _ \ / _ \_____|  _ \ / _  |
    \ V /| | |  | |_| | | | | |  __/_____| | | | (_| |
     \_/ |_|_|   \__|_| |_| |_|\___|     |_| |_|\__  |
                                                |___/ 
   kernel version: 6.14.0-rc7-virtme x86_64
   (CTRL+d to exit)

root@virtme-ng:/nipa-data/kernel# PS1='xx__-> '
xx__-> env
PWD=/nipa-data/kernel
nr_open=1048576
HOME=/
TERM=xterm
SHLVL=2
XDG_RUNTIME_DIR=/run/user/0
PATH=/bin:/sbin:/usr/bin:/usr/sbin:/usr/local/bin
OLDPWD=/
_=/bin/env
xx__-> 