No EFI environment detected.
early console in extract_kernel
input_data: 0x00000000029b82c4
input_len: 0x0000000000bbf3e1
output: 0x0000000001000000
output_len: 0x0000000002531f3c
kernel_total_size: 0x0000000002430000
needed_size: 0x0000000002600000
trampoline_32bit: 0x0000000000000000
Physical KASLR using RDRAND RDTSC...
Virtual KASLR using RDRAND RDTSC...

Decompressing Linux... Parsing ELF... Performing relocations... done.
Booting the kernel (entry_offset: 0x0000000000fb7140).
[    0.000000] Linux version 6.15.0-rc5-virtme (root@4aa1a13f985b) (gcc (Ubuntu 13.3.0-6ubuntu2~24.04) 13.3.0, GNU ld (GNU Binutils for Ubuntu) 2.42) #1 SMP PREEMPT_DYNAMIC Sun May 11 00:06:49 UTC 2025
[    0.000000] Command line: virtme_hostname=virtme-ng nr_open=1048576 virtme_link_mods=/nipa-data/kernel/.virtme_mods/lib/modules/0.0.0 virtme_initmount0=nipa-data/kernel virtme_rw_overlay0=/etc virtme_rw_overlay1=/lib virtme_rw_overlay2=/home virtme_rw_overlay3=/opt virtme_rw_overlay4=/srv virtme_rw_overlay5=/usr virtme_rw_overlay6=/var console=hvc0 earlyprintk=serial,ttyS0,115200 virtme_console=ttyS0 psmouse.proto=exps TERM=xterm virtme_chdir=nipa-data/kernel virtme_root_user=1 rootfstype=9p rootflags=version=9p2000.L,trans=virtio,access=any raid=noautodetect ro init=/usr/lib/python3/dist-packages/virtme/guest/virtme-init
[    0.000000] BIOS-provided physical RAM map:
[    0.000000] BIOS-e820: [mem 0x0000000000000000-0x000000000009fbff] usable
[    0.000000] BIOS-e820: [mem 0x000000000009fc00-0x000000000009ffff] reserved
[    0.000000] BIOS-e820: [mem 0x00000000000f0000-0x00000000000fffff] reserved
[    0.000000] BIOS-e820: [mem 0x0000000000100000-0x000000003ffdffff] usable
[    0.000000] BIOS-e820: [mem 0x000000003ffe0000-0x000000003fffffff] reserved
[    0.000000] BIOS-e820: [mem 0x00000000feffc000-0x00000000feffffff] reserved
[    0.000000] BIOS-e820: [mem 0x00000000fffc0000-0x00000000ffffffff] reserved
[    0.000000] BIOS-e820: [mem 0x000000fd00000000-0x000000ffffffffff] reserved
[    0.000000] printk: legacy bootconsole [earlyser0] enabled
[    0.000000] NX (Execute Disable) protection: active
[    0.000000] APIC: Static calls initialized
[    0.000000] SMBIOS 3.0.0 present.
[    0.000000] DMI: QEMU Ubuntu 24.04 PC (i440FX + PIIX, 1996), BIOS 1.16.3-debian-1.16.3-2 04/01/2014
[    0.000000] DMI: Memory slots populated: 1/1
[    0.000000] Hypervisor detected: KVM
[    0.000000] kvm-clock: Using msrs 4b564d01 and 4b564d00
[    0.000000] kvm-clock: using sched offset of 198983806 cycles
[    0.000355] clocksource: kvm-clock: mask: 0xffffffffffffffff max_cycles: 0x1cd42e4dffb, max_idle_ns: 881590591483 ns
[    0.001459] tsc: Detected 4491.560 MHz processor
[    0.002017] last_pfn = 0x3ffe0 max_arch_pfn = 0x400000000
[    0.002405] MTRR map: 4 entries (3 fixed + 1 variable; max 19), built from 8 variable MTRRs
[    0.002975] x86/PAT: Configuration [0-7]: WB  WC  UC- UC  WB  WP  UC- WT  
Memory KASLR using RDRAND RDTSC...
[    0.004873] found SMP MP-table at [mem 0x000f5470-0x000f547f]
[    0.005267] Using GB pages for direct mapping
[    0.005617] ACPI: Early table checksum verification disabled
[    0.006002] ACPI: RSDP 0x00000000000F5290 000014 (v00 BOCHS )
[    0.006393] ACPI: RSDT 0x000000003FFE27BC 000034 (v01 BOCHS  BXPC     00000001 BXPC 00000001)
[    0.006977] ACPI: FACP 0x000000003FFE2578 000074 (v01 BOCHS  BXPC     00000001 BXPC 00000001)
[    0.007557] ACPI: DSDT 0x000000003FFE0040 002538 (v01 BOCHS  BXPC     00000001 BXPC 00000001)
[    0.008137] ACPI: FACS 0x000000003FFE0000 000040
[    0.008452] ACPI: APIC 0x000000003FFE25EC 000170 (v03 BOCHS  BXPC     00000001 BXPC 00000001)
[    0.009031] ACPI: HPET 0x000000003FFE275C 000038 (v01 BOCHS  BXPC     00000001 BXPC 00000001)
[    0.009611] ACPI: WAET 0x000000003FFE2794 000028 (v01 BOCHS  BXPC     00000001 BXPC 00000001)
[    0.010190] ACPI: Reserving FACP table memory at [mem 0x3ffe2578-0x3ffe25eb]
[    0.010669] ACPI: Reserving DSDT table memory at [mem 0x3ffe0040-0x3ffe2577]
[    0.011149] ACPI: Reserving FACS table memory at [mem 0x3ffe0000-0x3ffe003f]
[    0.011627] ACPI: Reserving APIC table memory at [mem 0x3ffe25ec-0x3ffe275b]
[    0.012105] ACPI: Reserving HPET table memory at [mem 0x3ffe275c-0x3ffe2793]
[    0.012582] ACPI: Reserving WAET table memory at [mem 0x3ffe2794-0x3ffe27bb]
[    0.013195] No NUMA configuration found
[    0.013455] Faking a node at [mem 0x0000000000000000-0x000000003ffdffff]
[    0.013911] NODE_DATA(0) allocated [mem 0x3ffdb600-0x3ffdffff]
[    0.014316] Zone ranges:
[    0.014488]   DMA      [mem 0x0000000000001000-0x0000000000ffffff]
[    0.014912]   DMA32    [mem 0x0000000001000000-0x000000003ffdffff]
[    0.015332]   Normal   empty
[    0.015527]   Device   empty
[    0.015723] Movable zone start for each node
[    0.016016] Early memory node ranges
[    0.016258]   node   0: [mem 0x0000000000001000-0x000000000009efff]
[    0.016682]   node   0: [mem 0x0000000000100000-0x000000003ffdffff]
[    0.017106] Initmem setup node 0 [mem 0x0000000000001000-0x000000003ffdffff]
[    0.017584] On node 0, zone DMA: 1 pages in unavailable ranges
[    0.017986] On node 0, zone DMA: 97 pages in unavailable ranges
[    0.019309] On node 0, zone DMA32: 32 pages in unavailable ranges
[    0.019912] ACPI: PM-Timer IO Port: 0x608
[    0.020188] ACPI: LAPIC_NMI (acpi_id[0xff] dfl dfl lint[0x1])
[    0.020590] IOAPIC[0]: apic_id 0, version 17, address 0xfec00000, GSI 0-23
[    0.021056] ACPI: INT_SRC_OVR (bus 0 bus_irq 0 global_irq 2 dfl dfl)
[    0.021485] ACPI: INT_SRC_OVR (bus 0 bus_irq 5 global_irq 5 high level)
[    0.021932] ACPI: INT_SRC_OVR (bus 0 bus_irq 9 global_irq 9 high level)
[    0.022379] ACPI: INT_SRC_OVR (bus 0 bus_irq 10 global_irq 10 high level)
[    0.022839] ACPI: INT_SRC_OVR (bus 0 bus_irq 11 global_irq 11 high level)
[    0.023299] ACPI: Using ACPI (MADT) for SMP configuration information
[    0.023735] ACPI: HPET id: 0x8086a201 base: 0xfed00000
[    0.024083] TSC deadline timer available
[    0.024350] CPU topo: Max. logical packages:   1
[    0.024662] CPU topo: Max. logical dies:       1
[    0.024974] CPU topo: Max. dies per package:   1
[    0.025288] CPU topo: Max. threads per core:   1
[    0.025600] CPU topo: Num. cores per package:    32
[    0.025930] CPU topo: Num. threads per package:  32
[    0.026259] CPU topo: Allowing 32 present CPUs plus 0 hotplug CPUs
[    0.026683] kvm-guest: APIC: eoi() replaced with kvm_guest_apic_eoi_write()
[    0.027161] kvm-guest: KVM setup pv remote TLB flush
[    0.027498] kvm-guest: setup PV sched yield
[    0.027783] PM: hibernation: Registered nosave memory: [mem 0x00000000-0x00000fff]
[    0.028298] PM: hibernation: Registered nosave memory: [mem 0x0009f000-0x000fffff]
[    0.028808] [mem 0x40000000-0xfeffbfff] available for PCI devices
[    0.029224] Booting paravirtualized kernel on KVM
[    0.029542] clocksource: refined-jiffies: mask: 0xffffffff max_cycles: 0xffffffff, max_idle_ns: 1910969940391419 ns
[    0.032885] setup_percpu: NR_CPUS:64 nr_cpumask_bits:32 nr_cpu_ids:32 nr_node_ids:1
[    0.033962] percpu: Embedded 53 pages/cpu s178392 r8192 d30504 u262144
[    0.034435] Kernel command line: virtme_hostname=virtme-ng nr_open=1048576 virtme_link_mods=/nipa-data/kernel/.virtme_mods/lib/modules/0.0.0 virtme_initmount0=nipa-data/kernel virtme_rw_overlay0=/etc virtme_rw_overlay1=/lib virtme_rw_overlay2=/home virtme_rw_overlay3=/opt virtme_rw_overlay4=/srv virtme_rw_overlay5=/usr virtme_rw_overlay6=/var console=hvc0 earlyprintk=serial,ttyS0,115200 virtme_console=ttyS0 psmouse.proto=exps TERM=xterm virtme_chdir=nipa-data/kernel virtme_root_user=1 rootfstype=9p rootflags=version=9p2000.L,trans=virtio,access=any raid=noautodetect ro init=/usr/lib/python3/dist-packages/virtme/guest/virtme-init
[    0.038374] Unknown kernel command line parameters "virtme_hostname=virtme-ng nr_open=1048576 virtme_link_mods=/nipa-data/kernel/.virtme_mods/lib/modules/0.0.0 virtme_initmount0=nipa-data/kernel virtme_rw_overlay0=/etc virtme_rw_overlay1=/lib virtme_rw_overlay2=/home virtme_rw_overlay3=/opt virtme_rw_overlay4=/srv virtme_rw_overlay5=/usr virtme_rw_overlay6=/var virtme_console=ttyS0 virtme_chdir=nipa-data/kernel virtme_root_user=1", will be passed to user space.
[    0.041394] random: crng init done
[    0.041630] printk: log buffer data + meta data: 262144 + 917504 = 1179648 bytes
[    0.042170] Dentry cache hash table entries: 131072 (order: 8, 1048576 bytes, linear)
[    0.042733] Inode-cache hash table entries: 65536 (order: 7, 524288 bytes, linear)
[    0.043340] Fallback order for Node 0: 0 
[    0.043343] Built 1 zonelists, mobility grouping on.  Total pages: 262014
[    0.044092] Policy zone: DMA32
[    0.044304] mem auto-init: stack:all(zero), heap alloc:off, heap free:off
[    0.045290] SLUB: HWalign=64, Order=0-3, MinObjects=0, CPUs=32, Nodes=1
Poking KASLR using RDRAND RDTSC...
[    0.052287] ftrace: allocating 48775 entries in 192 pages
[    0.052663] ftrace: allocated 192 pages with 2 groups
[    0.053560] Dynamic Preempt: voluntary
[    0.053938] rcu: Preemptible hierarchical RCU implementation.
[    0.054340] rcu: RCU event tracing is enabled.
[    0.054652] rcu: RCU restricting CPUs from NR_CPUS=64 to nr_cpu_ids=32.
[    0.055118] Trampoline variant of Tasks RCU enabled.
[    0.055467] Rude variant of Tasks RCU enabled.
[    0.055779] Tracing variant of Tasks RCU enabled.
[    0.056110] rcu: RCU calculated value of scheduler-enlistment delay is 100 jiffies.
[    0.056639] rcu: Adjusting geometry for rcu_fanout_leaf=16, nr_cpu_ids=32
[    0.057113] RCU Tasks: Setting shift to 5 and lim to 1 rcu_task_cb_adjust=1 rcu_task_cpu_ids=32.
[    0.057721] RCU Tasks Rude: Setting shift to 5 and lim to 1 rcu_task_cb_adjust=1 rcu_task_cpu_ids=32.
[    0.058359] RCU Tasks Trace: Setting shift to 5 and lim to 1 rcu_task_cb_adjust=1 rcu_task_cpu_ids=32.
[    0.060661] NR_IRQS: 4352, nr_irqs: 680, preallocated irqs: 16
[    0.061232] rcu: srcu_init: Setting srcu_struct sizes based on contention.
[    0.061839] Console: colour *CGA 80x25
[    0.062103] ACPI: Core revision 20240827
[    0.062437] clocksource: hpet: mask: 0xffffffff max_cycles: 0xffffffff, max_idle_ns: 19112604467 ns
[    0.063125] APIC: Switch to symmetric I/O mode setup
[    0.063610] x2apic enabled
[    0.063959] APIC: Switched APIC routing to: physical x2apic
[    0.064346] kvm-guest: APIC: send_IPI_mask() replaced with kvm_send_ipi_mask()
[    0.064842] kvm-guest: APIC: send_IPI_mask_allbutself() replaced with kvm_send_ipi_mask_allbutself()
[    0.065459] kvm-guest: setup PV IPIs
[    0.066401] ..TIMER: vector=0x30 apic1=0 pin1=2 apic2=-1 pin2=-1
[    0.067151] clocksource: tsc-early: mask: 0xffffffffffffffff max_cycles: 0x40be4320a4d, max_idle_ns: 440795288133 ns
[    0.068436] Calibrating delay loop (skipped) preset value.. 8983.12 BogoMIPS (lpj=4491560)
[    0.069494] x86/cpu: User Mode Instruction Prevention (UMIP) activated
[    0.070482] Last level iTLB entries: 4KB 512, 2MB 255, 4MB 127
[    0.071185] Last level dTLB entries: 4KB 512, 2MB 255, 4MB 127, 1GB 0
[    0.071439] Spectre V1 : Mitigation: usercopy/swapgs barriers and __user pointer sanitization
[    0.072438] Spectre V2 : Mitigation: Enhanced / Automatic IBRS
[    0.073436] Spectre V2 : mitigation: Enabling conditional Indirect Branch Prediction Barrier
[    0.074436] Speculative Store Bypass: Mitigation: Speculative Store Bypass disabled via prctl
[    0.075435] Speculative Return Stack Overflow: IBPB-extending microcode not applied!
[    0.076435] Speculative Return Stack Overflow: WARNING: See https://kernel.org/doc/html/latest/admin-guide/hw-vuln/srso.html for mitigation options.
[    0.076436] Speculative Return Stack Overflow: Vulnerable: Safe RET, no microcode
[    0.078449] x86/fpu: Supporting XSAVE feature 0x001: 'x87 floating point registers'
[    0.079353] x86/fpu: Supporting XSAVE feature 0x002: 'SSE registers'
[    0.079435] x86/fpu: Supporting XSAVE feature 0x004: 'AVX registers'
[    0.080435] x86/fpu: Supporting XSAVE feature 0x020: 'AVX-512 opmask'
[    0.081435] x86/fpu: Supporting XSAVE feature 0x040: 'AVX-512 Hi256'
[    0.082184] x86/fpu: Supporting XSAVE feature 0x080: 'AVX-512 ZMM_Hi256'
[    0.082435] x86/fpu: Supporting XSAVE feature 0x200: 'Protection Keys User registers'
[    0.083435] x86/fpu: xstate_offset[2]:  576, xstate_sizes[2]:  256
[    0.084435] x86/fpu: xstate_offset[5]:  832, xstate_sizes[5]:   64
[    0.085435] x86/fpu: xstate_offset[6]:  896, xstate_sizes[6]:  512
[    0.086167] x86/fpu: xstate_offset[7]: 1408, xstate_sizes[7]: 1024
[    0.086435] x86/fpu: xstate_offset[9]: 2432, xstate_sizes[9]:    8
[    0.087435] x86/fpu: Enabled xstate features 0x2e7, context size is 2440 bytes, using 'compacted' format.
[    0.102482] Freeing SMP alternatives memory: 44K
[    0.103040] pid_max: default: 32768 minimum: 301
[    0.103454] Mount-cache hash table entries: 2048 (order: 2, 16384 bytes, linear)
[    0.104436] Mountpoint-cache hash table entries: 2048 (order: 2, 16384 bytes, linear)
[    0.105560] smpboot: CPU0: AMD Ryzen 9 7950X 16-Core Processor (family: 0x19, model: 0x61, stepping: 0x2)
[    0.106532] Performance Events: Fam17h+ core perfctr, AMD PMU driver.
[    0.107313] ... version:                0
[    0.107437] ... bit width:              48
[    0.107921] ... generic registers:      6
[    0.108396] ... value mask:             0000ffffffffffff
[    0.108437] ... max period:             00007fffffffffff
[    0.109066] ... fixed-purpose events:   0
[    0.109437] ... event mask:             000000000000003f
[    0.110137] signal: max sigframe size: 3376
[    0.110451] rcu: Hierarchical SRCU implementation.
[    0.111016] rcu: Max phase no-delay instances is 400.
[    0.111459] Timer migration: 2 hierarchy levels; 8 children per group; 2 crossnode level
[    0.114489] smp: Bringing up secondary CPUs ...
[    0.115073] smpboot: x86: Booting SMP configuration:
[    0.115438] .... node  #0, CPUs:        #1  #2  #3  #4  #5  #6  #7  #8  #9 #10 #11 #12 #13 #14 #15 #16 #17 #18 #19 #20 #21 #22 #23 #24 #25 #26 #27 #28 #29 #30 #31
[    0.128529] smp: Brought up 1 node, 32 CPUs
[    0.129938] smpboot: Total of 32 processors activated (287459.84 BogoMIPS)
[    0.131571] Memory: 971008K/1048056K available (16093K kernel code, 2477K rwdata, 6436K rodata, 3196K init, 1680K bss, 62532K reserved, 0K cma-reserved)
[    0.132545] devtmpfs: initialized
[    0.132875] x86/mm: Memory block size: 128MB
[    0.134134] clocksource: jiffies: mask: 0xffffffff max_cycles: 0xffffffff, max_idle_ns: 1911260446275000 ns
[    0.134438] posixtimers hash table entries: 16384 (order: 6, 262144 bytes, linear)
[    0.135381] futex hash table entries: 8192 (order: 7, 524288 bytes, linear)
[    0.135559] PM: RTC time: 00:07:06, date: 2025-05-11
[    0.136460] NET: Registered PF_NETLINK/PF_ROUTE protocol family
[    0.137314] thermal_sys: Registered thermal governor 'step_wise'
[    0.137324] cpuidle: using governor menu
[    0.138792] PCI: Using configuration type 1 for base access
[    0.139438] PCI: Using configuration type 1 for extended access
[    0.140218] kprobes: kprobe jump-optimization is enabled. All kprobes are optimized if possible.
[    0.158873] HugeTLB: allocation took 0ms with hugepage_allocation_threads=8
[    0.159463] HugeTLB: registered 1.00 GiB page size, pre-allocated 0 pages
[    0.160288] HugeTLB: 16380 KiB vmemmap can be freed for a 1.00 GiB page
[    0.160437] HugeTLB: registered 2.00 MiB page size, pre-allocated 0 pages
[    0.161254] HugeTLB: 28 KiB vmemmap can be freed for a 2.00 MiB page
[    0.161557] ACPI: Added _OSI(Module Device)
[    0.162069] ACPI: Added _OSI(Processor Device)
[    0.162437] ACPI: Added _OSI(3.0 _SCP Extensions)
[    0.163008] ACPI: Added _OSI(Processor Aggregator Device)
[    0.164073] ACPI: 1 ACPI AML tables successfully acquired and loaded
[    0.164814] ACPI: Interpreter enabled
[    0.165445] ACPI: PM: (supports S0 S3 S4 S5)
[    0.165968] ACPI: Using IOAPIC for interrupt routing
[    0.166444] PCI: Using host bridge windows from ACPI; if necessary, use "pci=nocrs" and report a bug
[    0.167437] PCI: Using E820 reservations for host bridge windows
[    0.168248] ACPI: Enabled 2 GPEs in block 00 to 0F
[    0.171005] ACPI: PCI Root Bridge [PCI0] (domain 0000 [bus 00-ff])
[    0.171439] acpi PNP0A03:00: _OSC: OS supports [ExtendedConfig ASPM ClockPM Segments MSI HPX-Type3]
[    0.172521] PCI host bridge to bus 0000:00
[    0.173021] pci_bus 0000:00: root bus resource [io  0x0000-0x0cf7 window]
[    0.173437] pci_bus 0000:00: root bus resource [io  0x0d00-0xffff window]
[    0.174254] pci_bus 0000:00: root bus resource [mem 0x000a0000-0x000bffff window]
[    0.174437] pci_bus 0000:00: root bus resource [mem 0x40000000-0xfebfffff window]
[    0.175341] pci_bus 0000:00: root bus resource [mem 0x100000000-0x17fffffff window]
[    0.175437] pci_bus 0000:00: root bus resource [bus 00-ff]
[    0.176182] pci 0000:00:00.0: [8086:1237] type 00 class 0x060000 conventional PCI endpoint
[    0.176699] pci 0000:00:01.0: [8086:7000] type 00 class 0x060100 conventional PCI endpoint
[    0.177703] pci 0000:00:01.1: [8086:7010] type 00 class 0x010180 conventional PCI endpoint
[    0.178825] pci 0000:00:01.1: BAR 4 [io  0xc0c0-0xc0cf]
[    0.179455] pci 0000:00:01.1: BAR 0 [io  0x01f0-0x01f7]: legacy IDE quirk
[    0.180275] pci 0000:00:01.1: BAR 1 [io  0x03f6]: legacy IDE quirk
[    0.180437] pci 0000:00:01.1: BAR 2 [io  0x0170-0x0177]: legacy IDE quirk
[    0.181258] pci 0000:00:01.1: BAR 3 [io  0x0376]: legacy IDE quirk
[    0.181525] pci 0000:00:01.3: [8086:7113] type 00 class 0x068000 conventional PCI endpoint
[    0.182627] pci 0000:00:01.3: quirk: [io  0x0600-0x063f] claimed by PIIX4 ACPI
[    0.183441] pci 0000:00:01.3: quirk: [io  0x0700-0x070f] claimed by PIIX4 SMB
[    0.184469] pci 0000:00:02.0: [1af4:1009] type 00 class 0x000200 conventional PCI endpoint
[    0.186202] pci 0000:00:02.0: BAR 0 [io  0xc000-0xc03f]
[    0.186441] pci 0000:00:02.0: BAR 1 [mem 0xfebfc000-0xfebfcfff]
[    0.187172] pci 0000:00:02.0: BAR 4 [mem 0xfebf0000-0xfebf3fff 64bit pref]
[    0.188004] pci 0000:00:03.0: [1af4:1009] type 00 class 0x000200 conventional PCI endpoint
[    0.188967] pci 0000:00:03.0: BAR 0 [io  0xc040-0xc07f]
[    0.189441] pci 0000:00:03.0: BAR 1 [mem 0xfebfd000-0xfebfdfff]
[    0.190170] pci 0000:00:03.0: BAR 4 [mem 0xfebf4000-0xfebf7fff 64bit pref]
[    0.190957] pci 0000:00:04.0: [8086:25ab] type 00 class 0x088000 conventional PCI endpoint
[    0.191774] pci 0000:00:04.0: BAR 0 [mem 0xfebfe000-0xfebfe00f]
[    0.192827] pci 0000:00:05.0: [1af4:1003] type 00 class 0x078000 conventional PCI endpoint
[    0.194143] pci 0000:00:05.0: BAR 0 [io  0xc080-0xc0bf]
[    0.194441] pci 0000:00:05.0: BAR 1 [mem 0xfebff000-0xfebfffff]
[    0.195168] pci 0000:00:05.0: BAR 4 [mem 0xfebf8000-0xfebfbfff 64bit pref]
[    0.196148] ACPI: PCI: Interrupt link LNKA configured for IRQ 10
[    0.196541] ACPI: PCI: Interrupt link LNKB configured for IRQ 10
[    0.197359] ACPI: PCI: Interrupt link LNKC configured for IRQ 11
[    0.197529] ACPI: PCI: Interrupt link LNKD configured for IRQ 11
[    0.198319] ACPI: PCI: Interrupt link LNKS configured for IRQ 9
[    0.199241] iommu: Default domain type: Translated
[    0.199437] iommu: DMA domain TLB invalidation policy: lazy mode
[    0.200204] SCSI subsystem initialized
[    0.200467] pps_core: LinuxPPS API ver. 1 registered
[    0.201065] pps_core: Software ver. 5.3.6 - Copyright 2005-2007 Rodolfo Giometti <giometti@linux.it>
[    0.201439] PTP clock support registered
[    0.201927] Advanced Linux Sound Architecture Driver Initialized.
[    0.202696] NET: Registered PF_ATMPVC protocol family
[    0.203313] NET: Registered PF_ATMSVC protocol family
[    0.203442] PCI: Using ACPI for IRQ routing
[    0.204023] vgaarb: loaded
[    0.204023] hpet0: at MMIO 0xfed00000, IRQs 2, 8, 0
[    0.205034] hpet0: 3 comparators, 64-bit 100.000000 MHz counter
[    0.209508] clocksource: Switched to clocksource kvm-clock
[    0.210265] VFS: Disk quotas dquot_6.6.0
[    0.211160] VFS: Dquot-cache hash table entries: 512 (order 0, 4096 bytes)
[    0.212054] pnp: PnP ACPI init
[    0.212594] pnp: PnP ACPI: found 5 devices
[    0.219324] clocksource: acpi_pm: mask: 0xffffff max_cycles: 0xffffff, max_idle_ns: 2085701024 ns
[    0.220418] NET: Registered PF_INET protocol family
[    0.221125] IP idents hash table entries: 16384 (order: 5, 131072 bytes, linear)
[    0.222154] tcp_listen_portaddr_hash hash table entries: 512 (order: 1, 8192 bytes, linear)
[    0.223169] Table-perturb hash table entries: 65536 (order: 6, 262144 bytes, linear)
[    0.224115] TCP established hash table entries: 8192 (order: 4, 65536 bytes, linear)
[    0.225052] TCP bind hash table entries: 8192 (order: 6, 262144 bytes, linear)
[    0.225918] TCP: Hash tables configured (established 8192 bind 8192)
[    0.226689] UDP hash table entries: 512 (order: 3, 32768 bytes, linear)
[    0.227484] UDP-Lite hash table entries: 512 (order: 3, 32768 bytes, linear)
[    0.228351] NET: Registered PF_UNIX/PF_LOCAL protocol family
[    0.229033] pci_bus 0000:00: resource 4 [io  0x0000-0x0cf7 window]
[    0.229772] pci_bus 0000:00: resource 5 [io  0x0d00-0xffff window]
[    0.230503] pci_bus 0000:00: resource 6 [mem 0x000a0000-0x000bffff window]
[    0.231322] pci_bus 0000:00: resource 7 [mem 0x40000000-0xfebfffff window]
[    0.232144] pci_bus 0000:00: resource 8 [mem 0x100000000-0x17fffffff window]
[    0.233005] pci 0000:00:01.0: PIIX3: Enabling Passive Release
[    0.233690] pci 0000:00:00.0: Limiting direct PCI/PCI transfers
[    0.234429] PCI: CLS 0 bytes, default 64
[    0.234970] kvm_intel: VMX not supported by CPU 0
[    0.235539] kvm_amd: TSC scaling supported
[    0.236037] kvm_amd: Nested Virtualization enabled
[    0.236606] kvm_amd: Nested Paging enabled
[    0.237098] kvm_amd: LBR virtualization supported
[    0.237659] kvm_amd: Virtual GIF supported
[    0.238148] kvm_amd: Virtual NMI enabled
[    0.263173] clocksource: tsc: mask: 0xffffffffffffffff max_cycles: 0x40be4320a4d, max_idle_ns: 440795288133 ns
[    0.269375] Initialise system trusted keyrings
[    0.269983] workingset: timestamp_bits=56 max_order=18 bucket_order=0
[    0.270783] squashfs: version 4.0 (2009/01/31) Phillip Lougher
[    0.271494] fuse: init (API version 7.43)
[    0.272020] 9p: Installing v9fs 9p2000 file system support
[    0.278949] Key type asymmetric registered
[    0.279447] Asymmetric key parser 'x509' registered
[    0.280053] Block layer SCSI generic (bsg) driver version 0.4 loaded (major 249)
[    0.280964] io scheduler mq-deadline registered
[    0.281511] io scheduler kyber registered
[    0.283360] input: Power Button as /devices/LNXSYSTM:00/LNXPWRBN:00/input/input0
[    0.284304] ACPI: button: Power Button [PWRF]
[    0.285192] Warning: Processor Platform Limit event detected, but not handled.
[    0.286065] Consider compiling CPUfreq support into your kernel.
[    0.302922] ACPI: \_SB_.LNKB: Enabled at IRQ 10
[    0.318011] ACPI: \_SB_.LNKC: Enabled at IRQ 11
[    0.332973] ACPI: \_SB_.LNKA: Enabled at IRQ 10
[    0.334019] Serial: 8250/16550 driver, 4 ports, IRQ sharing enabled
[    0.334877] 00:03: ttyS0 at I/O 0x3f8 (irq = 4, base_baud = 115200) is a 16550A
[    0.353977] Non-volatile memory driver v1.3
[    0.354613] Linux agpgart interface v0.103
[    0.354662] ACPI: bus type drm_connector registered
[    0.355857] printk: legacy console [hvc0] enabled
[    0.356430] printk: legacy bootconsole [earlyser0] disabled
          _      _                                    
   __   _(_)_ __| |_ _ __ ___   ___       _ __   __ _ 
   \ \ / / |  __| __|  _   _ \ / _ \_____|  _ \ / _  |
    \ V /| | |  | |_| | | | | |  __/_____| | | | (_| |
     \_/ |_|_|   \__|_| |_| |_|\___|     |_| |_|\__  |
                                                |___/ 
   kernel version: 6.15.0-rc5-virtme x86_64
   (CTRL+d to exit)

root@virtme-ng:/nipa-data/kernel# PS1='xx__-> '
xx__-> env
PWD=/nipa-data/kernel
nr_open=1048576
HOME=/
TERM=xterm
SHLVL=2
XDG_RUNTIME_DIR=/run/user/0
PATH=/bin:/sbin:/usr/bin:/usr/sbin:/usr/local/bin
OLDPWD=/
_=/bin/env
xx__-> 