No EFI environment detected.
early console in extract_kernel
input_data: 0x0000000002be52c4
input_len: 0x0000000000b6ee97
output: 0x0000000001000000
output_len: 0x000000000270ccfc
kernel_total_size: 0x0000000002430000
needed_size: 0x0000000002800000
trampoline_32bit: 0x0000000000000000
Physical KASLR using RDRAND RDTSC...
Virtual KASLR using RDRAND RDTSC...

Decompressing Linux... Parsing ELF... Performing relocations... done.
Booting the kernel (entry_offset: 0x0000000000000000).
[    0.000000] Linux version 6.12.0-rc3-virtme (root@e022d7a27320) (gcc (Ubuntu 13.2.0-23ubuntu4) 13.2.0, GNU ld (GNU Binutils for Ubuntu) 2.42) #1 SMP PREEMPT_DYNAMIC Wed Oct 23 00:06:16 UTC 2024
[    0.000000] Command line: virtme_hostname=virtme-ng nr_open=1048576 virtme_link_mods=/nipa-data/kernel/.virtme_mods/lib/modules/0.0.0 virtme_initmount0=nipa-data/kernel virtme_rw_overlay0=/etc virtme_rw_overlay1=/lib virtme_rw_overlay2=/home virtme_rw_overlay3=/opt virtme_rw_overlay4=/srv virtme_rw_overlay5=/usr virtme_rw_overlay6=/var console=hvc0 earlyprintk=serial,ttyS0,115200 virtme_console=ttyS0 psmouse.proto=exps TERM=xterm virtme_chdir=nipa-data/kernel virtme_root_user=1 rootfstype=9p rootflags=version=9p2000.L,trans=virtio,access=any raid=noautodetect ro init=/usr/lib/python3/dist-packages/virtme/guest/virtme-init
[    0.000000] BIOS-provided physical RAM map:
[    0.000000] BIOS-e820: [mem 0x0000000000000000-0x000000000009fbff] usable
[    0.000000] BIOS-e820: [mem 0x000000000009fc00-0x000000000009ffff] reserved
[    0.000000] BIOS-e820: [mem 0x00000000000f0000-0x00000000000fffff] reserved
[    0.000000] BIOS-e820: [mem 0x0000000000100000-0x000000003ffdffff] usable
[    0.000000] BIOS-e820: [mem 0x000000003ffe0000-0x000000003fffffff] reserved
[    0.000000] BIOS-e820: [mem 0x00000000feffc000-0x00000000feffffff] reserved
[    0.000000] BIOS-e820: [mem 0x00000000fffc0000-0x00000000ffffffff] reserved
[    0.000000] BIOS-e820: [mem 0x000000fd00000000-0x000000ffffffffff] reserved
[    0.000000] printk: legacy bootconsole [earlyser0] enabled
[    0.000000] NX (Execute Disable) protection: active
[    0.000000] APIC: Static calls initialized
[    0.000000] SMBIOS 3.0.0 present.
[    0.000000] DMI: QEMU Ubuntu 24.04 PC (i440FX + PIIX, 1996), BIOS 1.16.3-debian-1.16.3-2 04/01/2014
[    0.000000] DMI: Memory slots populated: 1/1
[    0.000000] Hypervisor detected: KVM
[    0.000000] kvm-clock: Using msrs 4b564d01 and 4b564d00
[    0.000000] kvm-clock: using sched offset of 219102175 cycles
[    0.000351] clocksource: kvm-clock: mask: 0xffffffffffffffff max_cycles: 0x1cd42e4dffb, max_idle_ns: 881590591483 ns
[    0.001443] tsc: Detected 4491.560 MHz processor
[    0.002011] last_pfn = 0x3ffe0 max_arch_pfn = 0x400000000
[    0.002395] MTRR map: 4 entries (3 fixed + 1 variable; max 19), built from 8 variable MTRRs
[    0.002959] x86/PAT: Configuration [0-7]: WB  WC  UC- UC  WB  WP  UC- WT  
Memory KASLR using RDRAND RDTSC...
[    0.004901] found SMP MP-table at [mem 0x000f5470-0x000f547f]
[    0.005293] Using GB pages for direct mapping
[    0.005611] ACPI: Early table checksum verification disabled
[    0.005989] ACPI: RSDP 0x00000000000F5290 000014 (v00 BOCHS )
[    0.006374] ACPI: RSDT 0x000000003FFE27BC 000034 (v01 BOCHS  BXPC     00000001 BXPC 00000001)
[    0.006947] ACPI: FACP 0x000000003FFE2578 000074 (v01 BOCHS  BXPC     00000001 BXPC 00000001)
[    0.007520] ACPI: DSDT 0x000000003FFE0040 002538 (v01 BOCHS  BXPC     00000001 BXPC 00000001)
[    0.008089] ACPI: FACS 0x000000003FFE0000 000040
[    0.008398] ACPI: APIC 0x000000003FFE25EC 000170 (v03 BOCHS  BXPC     00000001 BXPC 00000001)
[    0.008967] ACPI: HPET 0x000000003FFE275C 000038 (v01 BOCHS  BXPC     00000001 BXPC 00000001)
[    0.009537] ACPI: WAET 0x000000003FFE2794 000028 (v01 BOCHS  BXPC     00000001 BXPC 00000001)
[    0.010106] ACPI: Reserving FACP table memory at [mem 0x3ffe2578-0x3ffe25eb]
[    0.010576] ACPI: Reserving DSDT table memory at [mem 0x3ffe0040-0x3ffe2577]
[    0.011049] ACPI: Reserving FACS table memory at [mem 0x3ffe0000-0x3ffe003f]
[    0.011518] ACPI: Reserving APIC table memory at [mem 0x3ffe25ec-0x3ffe275b]
[    0.011993] ACPI: Reserving HPET table memory at [mem 0x3ffe275c-0x3ffe2793]
[    0.012464] ACPI: Reserving WAET table memory at [mem 0x3ffe2794-0x3ffe27bb]
[    0.013069] No NUMA configuration found
[    0.013326] Faking a node at [mem 0x0000000000000000-0x000000003ffdffff]
[    0.013774] NODE_DATA(0) allocated [mem 0x3ffdb780-0x3ffdffff]
[    0.014172] Zone ranges:
[    0.014341]   DMA      [mem 0x0000000000001000-0x0000000000ffffff]
[    0.014753]   DMA32    [mem 0x0000000001000000-0x000000003ffdffff]
[    0.015174]   Normal   empty
[    0.015367]   Device   empty
[    0.015560] Movable zone start for each node
[    0.015847] Early memory node ranges
[    0.016090]   node   0: [mem 0x0000000000001000-0x000000000009efff]
[    0.016508]   node   0: [mem 0x0000000000100000-0x000000003ffdffff]
[    0.016927] Initmem setup node 0 [mem 0x0000000000001000-0x000000003ffdffff]
[    0.017399] On node 0, zone DMA: 1 pages in unavailable ranges
[    0.017797] On node 0, zone DMA: 97 pages in unavailable ranges
[    0.019192] On node 0, zone DMA32: 32 pages in unavailable ranges
[    0.019788] ACPI: PM-Timer IO Port: 0x608
[    0.020065] ACPI: LAPIC_NMI (acpi_id[0xff] dfl dfl lint[0x1])
[    0.020463] IOAPIC[0]: apic_id 0, version 17, address 0xfec00000, GSI 0-23
[    0.020923] ACPI: INT_SRC_OVR (bus 0 bus_irq 0 global_irq 2 dfl dfl)
[    0.021348] ACPI: INT_SRC_OVR (bus 0 bus_irq 5 global_irq 5 high level)
[    0.021789] ACPI: INT_SRC_OVR (bus 0 bus_irq 9 global_irq 9 high level)
[    0.022230] ACPI: INT_SRC_OVR (bus 0 bus_irq 10 global_irq 10 high level)
[    0.022683] ACPI: INT_SRC_OVR (bus 0 bus_irq 11 global_irq 11 high level)
[    0.023142] ACPI: Using ACPI (MADT) for SMP configuration information
[    0.023572] ACPI: HPET id: 0x8086a201 base: 0xfed00000
[    0.023915] TSC deadline timer available
[    0.024178] CPU topo: Max. logical packages:   1
[    0.024486] CPU topo: Max. logical dies:       1
[    0.024794] CPU topo: Max. dies per package:   1
[    0.025103] CPU topo: Max. threads per core:   1
[    0.025411] CPU topo: Num. cores per package:    32
[    0.025736] CPU topo: Num. threads per package:  32
[    0.026061] CPU topo: Allowing 32 present CPUs plus 0 hotplug CPUs
[    0.026479] kvm-guest: APIC: eoi() replaced with kvm_guest_apic_eoi_write()
[    0.026953] kvm-guest: KVM setup pv remote TLB flush
[    0.027286] kvm-guest: setup PV sched yield
[    0.027567] PM: hibernation: Registered nosave memory: [mem 0x00000000-0x00000fff]
[    0.028073] PM: hibernation: Registered nosave memory: [mem 0x0009f000-0x0009ffff]
[    0.028578] PM: hibernation: Registered nosave memory: [mem 0x000a0000-0x000effff]
[    0.029082] PM: hibernation: Registered nosave memory: [mem 0x000f0000-0x000fffff]
[    0.029587] [mem 0x40000000-0xfeffbfff] available for PCI devices
[    0.029994] Booting paravirtualized kernel on KVM
[    0.030307] clocksource: refined-jiffies: mask: 0xffffffff max_cycles: 0xffffffff, max_idle_ns: 1910969940391419 ns
[    0.033764] setup_percpu: NR_CPUS:64 nr_cpumask_bits:32 nr_cpu_ids:32 nr_node_ids:1
[    0.034870] percpu: Embedded 58 pages/cpu s199128 r8192 d30248 u262144
[    0.035339] Kernel command line: virtme_hostname=virtme-ng nr_open=1048576 virtme_link_mods=/nipa-data/kernel/.virtme_mods/lib/modules/0.0.0 virtme_initmount0=nipa-data/kernel virtme_rw_overlay0=/etc virtme_rw_overlay1=/lib virtme_rw_overlay2=/home virtme_rw_overlay3=/opt virtme_rw_overlay4=/srv virtme_rw_overlay5=/usr virtme_rw_overlay6=/var console=hvc0 earlyprintk=serial,ttyS0,115200 virtme_console=ttyS0 psmouse.proto=exps TERM=xterm virtme_chdir=nipa-data/kernel virtme_root_user=1 rootfstype=9p rootflags=version=9p2000.L,trans=virtio,access=any raid=noautodetect ro init=/usr/lib/python3/dist-packages/virtme/guest/virtme-init
[    0.039239] Unknown kernel command line parameters "virtme_hostname=virtme-ng nr_open=1048576 virtme_link_mods=/nipa-data/kernel/.virtme_mods/lib/modules/0.0.0 virtme_initmount0=nipa-data/kernel virtme_rw_overlay0=/etc virtme_rw_overlay1=/lib virtme_rw_overlay2=/home virtme_rw_overlay3=/opt virtme_rw_overlay4=/srv virtme_rw_overlay5=/usr virtme_rw_overlay6=/var virtme_console=ttyS0 virtme_chdir=nipa-data/kernel virtme_root_user=1", will be passed to user space.
[    0.042232] random: crng init done
[    0.042493] Dentry cache hash table entries: 131072 (order: 8, 1048576 bytes, linear)
[    0.043052] Inode-cache hash table entries: 65536 (order: 7, 524288 bytes, linear)
[    0.043655] Fallback order for Node 0: 0 
[    0.043657] Built 1 zonelists, mobility grouping on.  Total pages: 262014
[    0.044398] Policy zone: DMA32
[    0.044607] mem auto-init: stack:all(zero), heap alloc:off, heap free:off
[    0.045717] SLUB: HWalign=64, Order=0-3, MinObjects=0, CPUs=32, Nodes=1
Poking KASLR using RDRAND RDTSC...
[    0.046406] ftrace: allocating 48472 entries in 190 pages
[    0.053208] ftrace: allocated 190 pages with 6 groups
[    0.054065] Dynamic Preempt: voluntary
[    0.054460] rcu: Preemptible hierarchical RCU implementation.
[    0.054857] rcu: RCU event tracing is enabled.
[    0.055165] rcu: RCU restricting CPUs from NR_CPUS=64 to nr_cpu_ids=32.
[    0.055622] Trampoline variant of Tasks RCU enabled.
[    0.055967] Rude variant of Tasks RCU enabled.
[    0.056276] Tracing variant of Tasks RCU enabled.
[    0.056602] rcu: RCU calculated value of scheduler-enlistment delay is 100 jiffies.
[    0.057129] rcu: Adjusting geometry for rcu_fanout_leaf=16, nr_cpu_ids=32
[    0.057599] RCU Tasks: Setting shift to 5 and lim to 1 rcu_task_cb_adjust=1 rcu_task_cpu_ids=32.
[    0.058203] RCU Tasks Rude: Setting shift to 5 and lim to 1 rcu_task_cb_adjust=1 rcu_task_cpu_ids=32.
[    0.058836] RCU Tasks Trace: Setting shift to 5 and lim to 1 rcu_task_cb_adjust=1 rcu_task_cpu_ids=32.
[    0.060871] NR_IRQS: 4352, nr_irqs: 680, preallocated irqs: 16
[    0.061437] rcu: srcu_init: Setting srcu_struct sizes based on contention.
[    0.062038] Console: colour *CGA 80x25
[    0.062300] ACPI: Core revision 20240827
[    0.062631] clocksource: hpet: mask: 0xffffffff max_cycles: 0xffffffff, max_idle_ns: 19112604467 ns
[    0.063306] APIC: Switch to symmetric I/O mode setup
[    0.063657] kvm-guest: APIC: send_IPI_mask() replaced with kvm_send_ipi_mask()
[    0.064149] kvm-guest: APIC: send_IPI_mask_allbutself() replaced with kvm_send_ipi_mask_allbutself()
[    0.064754] kvm-guest: setup PV IPIs
[    0.065731] ..TIMER: vector=0x30 apic1=0 pin1=2 apic2=-1 pin2=-1
[    0.066494] clocksource: tsc-early: mask: 0xffffffffffffffff max_cycles: 0x40be4320a4d, max_idle_ns: 440795288133 ns
[    0.067808] Calibrating delay loop (skipped) preset value.. 8983.12 BogoMIPS (lpj=4491560)
[    0.068865] x86/cpu: User Mode Instruction Prevention (UMIP) activated
[    0.069854] Last level iTLB entries: 4KB 512, 2MB 255, 4MB 127
[    0.070807] Last level dTLB entries: 4KB 512, 2MB 255, 4MB 127, 1GB 0
[    0.071597] Spectre V1 : Mitigation: usercopy/swapgs barriers and __user pointer sanitization
[    0.071810] Spectre V2 : Mitigation: Enhanced / Automatic IBRS
[    0.072519] Spectre V2 : Spectre v2 / SpectreRSB mitigation: Filling RSB on context switch
[    0.072808] Spectre V2 : mitigation: Enabling conditional Indirect Branch Prediction Barrier
[    0.073809] Speculative Store Bypass: Mitigation: Speculative Store Bypass disabled via prctl
[    0.074807] Speculative Return Stack Overflow: IBPB-extending microcode not applied!
[    0.075807] Speculative Return Stack Overflow: WARNING: See https://kernel.org/doc/html/latest/admin-guide/hw-vuln/srso.html for mitigation options.
[    0.075807] Speculative Return Stack Overflow: Vulnerable: Safe RET, no microcode
[    0.077822] x86/fpu: Supporting XSAVE feature 0x001: 'x87 floating point registers'
[    0.078807] x86/fpu: Supporting XSAVE feature 0x002: 'SSE registers'
[    0.079807] x86/fpu: Supporting XSAVE feature 0x004: 'AVX registers'
[    0.080569] x86/fpu: Supporting XSAVE feature 0x020: 'AVX-512 opmask'
[    0.080807] x86/fpu: Supporting XSAVE feature 0x040: 'AVX-512 Hi256'
[    0.081807] x86/fpu: Supporting XSAVE feature 0x080: 'AVX-512 ZMM_Hi256'
[    0.082807] x86/fpu: Supporting XSAVE feature 0x200: 'Protection Keys User registers'
[    0.083807] x86/fpu: xstate_offset[2]:  576, xstate_sizes[2]:  256
[    0.084807] x86/fpu: xstate_offset[5]:  832, xstate_sizes[5]:   64
[    0.085554] x86/fpu: xstate_offset[6]:  896, xstate_sizes[6]:  512
[    0.085807] x86/fpu: xstate_offset[7]: 1408, xstate_sizes[7]: 1024
[    0.086807] x86/fpu: xstate_offset[9]: 2432, xstate_sizes[9]:    8
[    0.087807] x86/fpu: Enabled xstate features 0x2e7, context size is 2440 bytes, using 'compacted' format.
[    0.103196] Freeing SMP alternatives memory: 40K
[    0.103759] pid_max: default: 32768 minimum: 301
[    0.103829] Mount-cache hash table entries: 2048 (order: 2, 16384 bytes, linear)
[    0.104808] Mountpoint-cache hash table entries: 2048 (order: 2, 16384 bytes, linear)
[    0.105953] smpboot: CPU0: AMD Ryzen 9 7950X 16-Core Processor (family: 0x19, model: 0x61, stepping: 0x2)
[    0.106919] Performance Events: Fam17h+ core perfctr, AMD PMU driver.
[    0.107711] ... version:                0
[    0.107809] ... bit width:              48
[    0.108304] ... generic registers:      6
[    0.108784] ... value mask:             0000ffffffffffff
[    0.108809] ... max period:             00007fffffffffff
[    0.109452] ... fixed-purpose events:   0
[    0.109808] ... event mask:             000000000000003f
[    0.110521] signal: max sigframe size: 3376
[    0.110824] rcu: Hierarchical SRCU implementation.
[    0.111401] rcu: Max phase no-delay instances is 400.
[    0.111829] Timer migration: 2 hierarchy levels; 8 children per group; 2 crossnode level
[    0.114870] smp: Bringing up secondary CPUs ...
[    0.115470] smpboot: x86: Booting SMP configuration:
[    0.115810] .... node  #0, CPUs:        #1  #2  #3  #4  #5  #6  #7  #8  #9 #10 #11 #12 #13 #14 #15 #16 #17 #18 #19 #20 #21 #22 #23 #24 #25 #26 #27 #28 #29 #30 #31
[    0.144811] smp: Brought up 1 node, 32 CPUs
[    0.146315] smpboot: Total of 32 processors activated (287459.84 BogoMIPS)
[    0.148836] Memory: 970452K/1048056K available (16384K kernel code, 2449K rwdata, 6280K rodata, 3132K init, 1856K bss, 63180K reserved, 0K cma-reserved)
[    0.149857] devtmpfs: initialized
[    0.150236] x86/mm: Memory block size: 128MB
[    0.151530] clocksource: jiffies: mask: 0xffffffff max_cycles: 0xffffffff, max_idle_ns: 1911260446275000 ns
[    0.151811] futex hash table entries: 8192 (order: 7, 524288 bytes, linear)
[    0.152722] PM: RTC time: 00:06:33, date: 2024-10-23
[    0.153171] NET: Registered PF_NETLINK/PF_ROUTE protocol family
[    0.153925] thermal_sys: Registered thermal governor 'step_wise'
[    0.153926] thermal_sys: Registered thermal governor 'user_space'
[    0.154672] cpuidle: using governor menu
[    0.156017] PCI: Using configuration type 1 for base access
[    0.156809] PCI: Using configuration type 1 for extended access
[    0.157594] kprobes: kprobe jump-optimization is enabled. All kprobes are optimized if possible.
[    0.161979] HugeTLB: registered 1.00 GiB page size, pre-allocated 0 pages
[    0.162809] HugeTLB: 16380 KiB vmemmap can be freed for a 1.00 GiB page
[    0.163628] HugeTLB: registered 2.00 MiB page size, pre-allocated 0 pages
[    0.163809] HugeTLB: 28 KiB vmemmap can be freed for a 2.00 MiB page
[    0.164854] ACPI: Added _OSI(Module Device)
[    0.165809] ACPI: Added _OSI(Processor Device)
[    0.166356] ACPI: Added _OSI(3.0 _SCP Extensions)
[    0.166809] ACPI: Added _OSI(Processor Aggregator Device)
[    0.168138] ACPI: 1 ACPI AML tables successfully acquired and loaded
[    0.172556] ACPI: Interpreter enabled
[    0.172556] ACPI: PM: (supports S0 S3 S4 S5)
[    0.172809] ACPI: Using IOAPIC for interrupt routing
[    0.173423] PCI: Using host bridge windows from ACPI; if necessary, use "pci=nocrs" and report a bug
[    0.174809] PCI: Using E820 reservations for host bridge windows
[    0.175629] ACPI: Enabled 2 GPEs in block 00 to 0F
[    0.179262] ACPI: PCI Root Bridge [PCI0] (domain 0000 [bus 00-ff])
[    0.179812] acpi PNP0A03:00: _OSC: OS supports [ExtendedConfig ASPM ClockPM Segments MSI HPX-Type3]
[    0.180894] PCI host bridge to bus 0000:00
[    0.181406] pci_bus 0000:00: root bus resource [io  0x0000-0x0cf7 window]
[    0.181809] pci_bus 0000:00: root bus resource [io  0x0d00-0xffff window]
[    0.182644] pci_bus 0000:00: root bus resource [mem 0x000a0000-0x000bffff window]
[    0.183809] pci_bus 0000:00: root bus resource [mem 0x40000000-0xfebfffff window]
[    0.184734] pci_bus 0000:00: root bus resource [mem 0x100000000-0x17fffffff window]
[    0.185809] pci_bus 0000:00: root bus resource [bus 00-ff]
[    0.186573] pci 0000:00:00.0: [8086:1237] type 00 class 0x060000 conventional PCI endpoint
[    0.188053] pci 0000:00:01.0: [8086:7000] type 00 class 0x060100 conventional PCI endpoint
[    0.189114] pci 0000:00:01.1: [8086:7010] type 00 class 0x010180 conventional PCI endpoint
[    0.191520] pci 0000:00:01.1: BAR 4 [io  0xc0c0-0xc0cf]
[    0.193476] pci 0000:00:01.1: BAR 0 [io  0x01f0-0x01f7]: legacy IDE quirk
[    0.193809] pci 0000:00:01.1: BAR 1 [io  0x03f6]: legacy IDE quirk
[    0.194569] pci 0000:00:01.1: BAR 2 [io  0x0170-0x0177]: legacy IDE quirk
[    0.195809] pci 0000:00:01.1: BAR 3 [io  0x0376]: legacy IDE quirk
[    0.196662] pci 0000:00:01.3: [8086:7113] type 00 class 0x068000 conventional PCI endpoint
[    0.198039] pci 0000:00:01.3: quirk: [io  0x0600-0x063f] claimed by PIIX4 ACPI
[    0.198813] pci 0000:00:01.3: quirk: [io  0x0700-0x070f] claimed by PIIX4 SMB
[    0.199969] pci 0000:00:02.0: [1af4:1009] type 00 class 0x000200 conventional PCI endpoint
[    0.201160] pci 0000:00:02.0: BAR 0 [io  0xc000-0xc03f]
[    0.202012] pci 0000:00:02.0: BAR 1 [mem 0xfebfc000-0xfebfcfff]
[    0.205751] pci 0000:00:02.0: BAR 4 [mem 0xfebf0000-0xfebf3fff 64bit pref]
[    0.208339] pci 0000:00:03.0: [1af4:1009] type 00 class 0x000200 conventional PCI endpoint
[    0.209809] pci 0000:00:03.0: BAR 0 [io  0xc040-0xc07f]
[    0.210945] pci 0000:00:03.0: BAR 1 [mem 0xfebfd000-0xfebfdfff]
[    0.212555] pci 0000:00:03.0: BAR 4 [mem 0xfebf4000-0xfebf7fff 64bit pref]
[    0.214689] pci 0000:00:04.0: [8086:25ab] type 00 class 0x088000 conventional PCI endpoint
[    0.216007] pci 0000:00:04.0: BAR 0 [mem 0xfebfe000-0xfebfe00f]
[    0.218355] pci 0000:00:05.0: [1af4:1003] type 00 class 0x078000 conventional PCI endpoint
[    0.219764] pci 0000:00:05.0: BAR 0 [io  0xc080-0xc0bf]
[    0.221051] pci 0000:00:05.0: BAR 1 [mem 0xfebff000-0xfebfffff]
[    0.222459] pci 0000:00:05.0: BAR 4 [mem 0xfebf8000-0xfebfbfff 64bit pref]
[    0.224847] ACPI: PCI: Interrupt link LNKA configured for IRQ 10
[    0.225701] ACPI: PCI: Interrupt link LNKB configured for IRQ 10
[    0.225905] ACPI: PCI: Interrupt link LNKC configured for IRQ 11
[    0.226739] ACPI: PCI: Interrupt link LNKD configured for IRQ 11
[    0.227877] ACPI: PCI: Interrupt link LNKS configured for IRQ 9
[    0.229427] iommu: Default domain type: Translated
[    0.229809] iommu: DMA domain TLB invalidation policy: lazy mode
[    0.230831] SCSI subsystem initialized
[    0.231845] pps_core: LinuxPPS API ver. 1 registered
[    0.232809] pps_core: Software ver. 5.3.6 - Copyright 2005-2007 Rodolfo Giometti <giometti@linux.it>
[    0.233810] PTP clock support registered
[    0.234312] Advanced Linux Sound Architecture Driver Initialized.
[    0.235056] NET: Registered PF_ATMPVC protocol family
[    0.235692] NET: Registered PF_ATMSVC protocol family
[    0.236815] PCI: Using ACPI for IRQ routing
[    0.237404] vgaarb: loaded
[    0.237837] hpet0: at MMIO 0xfed00000, IRQs 2, 8, 0
[    0.238438] hpet0: 3 comparators, 64-bit 100.000000 MHz counter
[    0.242724] clocksource: Switched to clocksource kvm-clock
[    0.242751] VFS: Disk quotas dquot_6.6.0
[    0.243251] VFS: Dquot-cache hash table entries: 512 (order 0, 4096 bytes)
[    0.244154] pnp: PnP ACPI init
[    0.244731] pnp: PnP ACPI: found 5 devices
[    0.251930] clocksource: acpi_pm: mask: 0xffffff max_cycles: 0xffffff, max_idle_ns: 2085701024 ns
[    0.253039] NET: Registered PF_INET protocol family
[    0.253664] IP idents hash table entries: 16384 (order: 5, 131072 bytes, linear)
[    0.254713] tcp_listen_portaddr_hash hash table entries: 512 (order: 1, 8192 bytes, linear)
[    0.255756] Table-perturb hash table entries: 65536 (order: 6, 262144 bytes, linear)
[    0.256717] TCP established hash table entries: 8192 (order: 4, 65536 bytes, linear)
[    0.257679] TCP bind hash table entries: 8192 (order: 6, 262144 bytes, linear)
[    0.258607] TCP: Hash tables configured (established 8192 bind 8192)
[    0.259421] UDP hash table entries: 512 (order: 2, 16384 bytes, linear)
[    0.260245] UDP-Lite hash table entries: 512 (order: 2, 16384 bytes, linear)
[    0.261147] NET: Registered PF_UNIX/PF_LOCAL protocol family
[    0.261846] pci_bus 0000:00: resource 4 [io  0x0000-0x0cf7 window]
[    0.262608] pci_bus 0000:00: resource 5 [io  0x0d00-0xffff window]
[    0.263379] pci_bus 0000:00: resource 6 [mem 0x000a0000-0x000bffff window]
[    0.264230] pci_bus 0000:00: resource 7 [mem 0x40000000-0xfebfffff window]
[    0.265076] pci_bus 0000:00: resource 8 [mem 0x100000000-0x17fffffff window]
[    0.265961] pci 0000:00:01.0: PIIX3: Enabling Passive Release
[    0.266674] pci 0000:00:00.0: Limiting direct PCI/PCI transfers
[    0.267442] PCI: CLS 0 bytes, default 64
[    0.267972] kvm_intel: VMX not supported by CPU 11
[    0.268573] kvm_amd: TSC scaling supported
[    0.269086] kvm_amd: Nested Virtualization enabled
[    0.269673] kvm_amd: Nested Paging enabled
[    0.270181] kvm_amd: LBR virtualization supported
[    0.270785] kvm_amd: Virtual VMLOAD VMSAVE supported
[    0.271403] kvm_amd: Virtual GIF supported
[    0.271909] kvm_amd: Virtual NMI enabled
[    0.311329] clocksource: tsc: mask: 0xffffffffffffffff max_cycles: 0x40be4320a4d, max_idle_ns: 440795288133 ns
[    0.318746] Initialise system trusted keyrings
[    0.319379] workingset: timestamp_bits=56 max_order=18 bucket_order=0
[    0.320215] squashfs: version 4.0 (2009/01/31) Phillip Lougher
[    0.320959] fuse: init (API version 7.41)
[    0.321503] 9p: Installing v9fs 9p2000 file system support
[    0.328509] Key type asymmetric registered
[    0.329028] Asymmetric key parser 'x509' registered
[    0.329647] Block layer SCSI generic (bsg) driver version 0.4 loaded (major 249)
[    0.330589] io scheduler mq-deadline registered
[    0.331162] io scheduler kyber registered
[    0.333307] input: Power Button as /devices/LNXSYSTM:00/LNXPWRBN:00/input/input0
[    0.334314] ACPI: button: Power Button [PWRF]
[    0.335304] Warning: Processor Platform Limit event detected, but not handled.
[    0.336177] Consider compiling CPUfreq support into your kernel.
[    0.353955] ACPI: \_SB_.LNKB: Enabled at IRQ 10
[    0.369707] ACPI: \_SB_.LNKC: Enabled at IRQ 11
[    0.385400] ACPI: \_SB_.LNKA: Enabled at IRQ 10
[    0.386493] Serial: 8250/16550 driver, 4 ports, IRQ sharing enabled
[    0.387385] 00:03: ttyS0 at I/O 0x3f8 (irq = 4, base_baud = 115200) is a 16550A
[    0.410228] Non-volatile memory driver v1.3
[    0.410804] Linux agpgart interface v0.103
[    0.411347] printk: legacy console [hvc0] enabled
[    0.411956] printk: legacy bootconsole [earlyser0] disabled
          _      _                                    
   __   _(_)_ __| |_ _ __ ___   ___       _ __   __ _ 
   \ \ / / |  __| __|  _   _ \ / _ \_____|  _ \ / _  |
    \ V /| | |  | |_| | | | | |  __/_____| | | | (_| |
     \_/ |_|_|   \__|_| |_| |_|\___|     |_| |_|\__  |
                                                |___/ 
   kernel version: 6.12.0-rc3-virtme x86_64
   (CTRL+d to exit)

root@virtme-ng:/nipa-data/kernel# PS1='xx__-> '
xx__-> env
PWD=/nipa-data/kernel
nr_open=1048576
HOME=/
TERM=xterm
SHLVL=2
XDG_RUNTIME_DIR=/run/user/0
PATH=/bin:/sbin:/usr/bin:/usr/sbin:/usr/local/bin
OLDPWD=/
_=/bin/env
xx__-> 