No EFI environment detected.
early console in extract_kernel
input_data: 0x0000000004c892c4
input_len: 0x0000000001973283
output: 0x0000000001000000
output_len: 0x000000000558664c
kernel_total_size: 0x0000000005230000
needed_size: 0x0000000005600000
trampoline_32bit: 0x0000000000000000
Physical KASLR using RDRAND RDTSC...
Virtual KASLR using RDRAND RDTSC...

Decompressing Linux... Parsing ELF... Performing relocations... done.
Booting the kernel (entry_offset: 0x0000000002bbd070).
[    0.000000] Linux version 6.14.0-virtme (root@2a38d346271e) (gcc (Ubuntu 13.3.0-6ubuntu2~24.04) 13.3.0, GNU ld (GNU Binutils for Ubuntu) 2.42) #1 SMP PREEMPT_DYNAMIC Sun Apr  6 18:27:02 UTC 2025
[    0.000000] Command line: virtme_hostname=virtme-ng nr_open=1048576 virtme_link_mods=/nipa-data/kernel/.virtme_mods/lib/modules/0.0.0 virtme_initmount0=nipa-data/kernel virtme_rw_overlay0=/etc virtme_rw_overlay1=/lib virtme_rw_overlay2=/home virtme_rw_overlay3=/opt virtme_rw_overlay4=/srv virtme_rw_overlay5=/usr virtme_rw_overlay6=/var console=hvc0 earlyprintk=serial,ttyS0,115200 virtme_console=ttyS0 psmouse.proto=exps TERM=xterm virtme_chdir=nipa-data/kernel virtme_root_user=1 rootfstype=9p rootflags=version=9p2000.L,trans=virtio,access=any raid=noautodetect ro init=/usr/lib/python3/dist-packages/virtme/guest/virtme-init
[    0.000000] BIOS-provided physical RAM map:
[    0.000000] BIOS-e820: [mem 0x0000000000000000-0x000000000009fbff] usable
[    0.000000] BIOS-e820: [mem 0x000000000009fc00-0x000000000009ffff] reserved
[    0.000000] BIOS-e820: [mem 0x00000000000f0000-0x00000000000fffff] reserved
[    0.000000] BIOS-e820: [mem 0x0000000000100000-0x000000003ffdffff] usable
[    0.000000] BIOS-e820: [mem 0x000000003ffe0000-0x000000003fffffff] reserved
[    0.000000] BIOS-e820: [mem 0x00000000feffc000-0x00000000feffffff] reserved
[    0.000000] BIOS-e820: [mem 0x00000000fffc0000-0x00000000ffffffff] reserved
[    0.000000] BIOS-e820: [mem 0x000000fd00000000-0x000000ffffffffff] reserved
[    0.000000] printk: legacy bootconsole [earlyser0] enabled
[    0.000000] NX (Execute Disable) protection: active
[    0.000000] APIC: Static calls initialized
[    0.000000] SMBIOS 3.0.0 present.
[    0.000000] DMI: QEMU Ubuntu 24.04 PC (i440FX + PIIX, 1996), BIOS 1.16.3-debian-1.16.3-2 04/01/2014
[    0.000000] DMI: Memory slots populated: 1/1
[    0.000000] Hypervisor detected: KVM
[    0.000000] kvm-clock: Using msrs 4b564d01 and 4b564d00
[    0.000000] kvm-clock: using sched offset of 312195700 cycles
[    0.000372] clocksource: kvm-clock: mask: 0xffffffffffffffff max_cycles: 0x1cd42e4dffb, max_idle_ns: 881590591483 ns
[    0.001530] tsc: Detected 4491.524 MHz processor
[    0.002201] last_pfn = 0x3ffe0 max_arch_pfn = 0x400000000
[    0.002608] MTRR map: 4 entries (3 fixed + 1 variable; max 19), built from 8 variable MTRRs
[    0.003206] x86/PAT: Configuration [0-7]: WB  WC  UC- UC  WB  WP  UC- WT  
[    0.005145] found SMP MP-table at [mem 0x000f5470-0x000f547f]
[    0.005560] Using GB pages for direct mapping
[    0.006021] ACPI: Early table checksum verification disabled
[    0.006424] ACPI: RSDP 0x00000000000F5290 000014 (v00 BOCHS )
[    0.006835] ACPI: RSDT 0x000000003FFE27BC 000034 (v01 BOCHS  BXPC     00000001 BXPC 00000001)
[    0.007444] ACPI: FACP 0x000000003FFE2578 000074 (v01 BOCHS  BXPC     00000001 BXPC 00000001)
[    0.008053] ACPI: DSDT 0x000000003FFE0040 002538 (v01 BOCHS  BXPC     00000001 BXPC 00000001)
[    0.008660] ACPI: FACS 0x000000003FFE0000 000040
[    0.009002] ACPI: APIC 0x000000003FFE25EC 000170 (v03 BOCHS  BXPC     00000001 BXPC 00000001)
[    0.009610] ACPI: HPET 0x000000003FFE275C 000038 (v01 BOCHS  BXPC     00000001 BXPC 00000001)
[    0.010221] ACPI: WAET 0x000000003FFE2794 000028 (v01 BOCHS  BXPC     00000001 BXPC 00000001)
[    0.010826] ACPI: Reserving FACP table memory at [mem 0x3ffe2578-0x3ffe25eb]
[    0.011324] ACPI: Reserving DSDT table memory at [mem 0x3ffe0040-0x3ffe2577]
[    0.011822] ACPI: Reserving FACS table memory at [mem 0x3ffe0000-0x3ffe003f]
[    0.012321] ACPI: Reserving APIC table memory at [mem 0x3ffe25ec-0x3ffe275b]
[    0.012821] ACPI: Reserving HPET table memory at [mem 0x3ffe275c-0x3ffe2793]
[    0.013320] ACPI: Reserving WAET table memory at [mem 0x3ffe2794-0x3ffe27bb]
[    0.014010] No NUMA configuration found
[    0.014282] Faking a node at [mem 0x0000000000000000-0x000000003ffdffff]
[    0.014759] NODE_DATA(0) allocated [mem 0x3ffdb600-0x3ffdffff]
[    0.015189] Zone ranges:
[    0.015369]   DMA      [mem 0x0000000000001000-0x0000000000ffffff]
[    0.015807]   DMA32    [mem 0x0000000001000000-0x000000003ffdffff]
[    0.016244]   Normal   empty
[    0.016449]   Device   empty
[    0.016653] Movable zone start for each node
[    0.016957] Early memory node ranges
[    0.017210]   node   0: [mem 0x0000000000001000-0x000000000009efff]
[    0.017654]   node   0: [mem 0x0000000000100000-0x000000003ffdffff]
[    0.018097] Initmem setup node 0 [mem 0x0000000000001000-0x000000003ffdffff]
[    0.018600] On node 0, zone DMA: 1 pages in unavailable ranges
[    0.019067] On node 0, zone DMA: 97 pages in unavailable ranges
[    0.023651] On node 0, zone DMA32: 32 pages in unavailable ranges
[    0.032806] kasan: KernelAddressSanitizer initialized
[    0.033404] ACPI: PM-Timer IO Port: 0x608
[    0.033700] ACPI: LAPIC_NMI (acpi_id[0xff] dfl dfl lint[0x1])
[    0.034129] IOAPIC[0]: apic_id 0, version 17, address 0xfec00000, GSI 0-23
[    0.034616] ACPI: INT_SRC_OVR (bus 0 bus_irq 0 global_irq 2 dfl dfl)
[    0.035065] ACPI: INT_SRC_OVR (bus 0 bus_irq 5 global_irq 5 high level)
[    0.035533] ACPI: INT_SRC_OVR (bus 0 bus_irq 9 global_irq 9 high level)
[    0.036000] ACPI: INT_SRC_OVR (bus 0 bus_irq 10 global_irq 10 high level)
[    0.036479] ACPI: INT_SRC_OVR (bus 0 bus_irq 11 global_irq 11 high level)
[    0.036964] ACPI: Using ACPI (MADT) for SMP configuration information
[    0.037419] ACPI: HPET id: 0x8086a201 base: 0xfed00000
[    0.037785] TSC deadline timer available
[    0.038073] CPU topo: Max. logical packages:   1
[    0.038399] CPU topo: Max. logical dies:       1
[    0.038726] CPU topo: Max. dies per package:   1
[    0.039062] CPU topo: Max. threads per core:   1
[    0.039389] CPU topo: Num. cores per package:    32
[    0.039734] CPU topo: Num. threads per package:  32
[    0.040079] CPU topo: Allowing 32 present CPUs plus 0 hotplug CPUs
[    0.040530] kvm-guest: APIC: eoi() replaced with kvm_guest_apic_eoi_write()
[    0.041051] kvm-guest: KVM setup pv remote TLB flush
[    0.041403] kvm-guest: setup PV sched yield
[    0.041705] PM: hibernation: Registered nosave memory: [mem 0x00000000-0x00000fff]
[    0.042240] PM: hibernation: Registered nosave memory: [mem 0x0009f000-0x0009ffff]
[    0.042775] PM: hibernation: Registered nosave memory: [mem 0x000a0000-0x000effff]
[    0.043309] PM: hibernation: Registered nosave memory: [mem 0x000f0000-0x000fffff]
[    0.043845] [mem 0x40000000-0xfeffbfff] available for PCI devices
[    0.044276] Booting paravirtualized kernel on KVM
[    0.044608] clocksource: refined-jiffies: mask: 0xffffffff max_cycles: 0xffffffff, max_idle_ns: 1910969940391419 ns
[    0.053359] setup_percpu: NR_CPUS:64 nr_cpumask_bits:32 nr_cpu_ids:32 nr_node_ids:1
[    0.055160] percpu: Embedded 65 pages/cpu s228056 r8192 d29992 u524288
[    0.055693] Kernel command line: virtme_hostname=virtme-ng nr_open=1048576 virtme_link_mods=/nipa-data/kernel/.virtme_mods/lib/modules/0.0.0 virtme_initmount0=nipa-data/kernel virtme_rw_overlay0=/etc virtme_rw_overlay1=/lib virtme_rw_overlay2=/home virtme_rw_overlay3=/opt virtme_rw_overlay4=/srv virtme_rw_overlay5=/usr virtme_rw_overlay6=/var console=hvc0 earlyprintk=serial,ttyS0,115200 virtme_console=ttyS0 psmouse.proto=exps TERM=xterm virtme_chdir=nipa-data/kernel virtme_root_user=1 rootfstype=9p rootflags=version=9p2000.L,trans=virtio,access=any raid=noautodetect ro init=/usr/lib/python3/dist-packages/virtme/guest/virtme-init
[    0.059881] Unknown kernel command line parameters "virtme_hostname=virtme-ng nr_open=1048576 virtme_link_mods=/nipa-data/kernel/.virtme_mods/lib/modules/0.0.0 virtme_initmount0=nipa-data/kernel virtme_rw_overlay0=/etc virtme_rw_overlay1=/lib virtme_rw_overlay2=/home virtme_rw_overlay3=/opt virtme_rw_overlay4=/srv virtme_rw_overlay5=/usr virtme_rw_overlay6=/var virtme_console=ttyS0 virtme_chdir=nipa-data/kernel virtme_root_user=1", will be passed to user space.
[    0.063043] random: crng init done
[    0.063291] printk: log buffer data + meta data: 262144 + 917504 = 1179648 bytes
[    0.063847] Dentry cache hash table entries: 131072 (order: 8, 1048576 bytes, linear)
[    0.064426] Inode-cache hash table entries: 65536 (order: 7, 524288 bytes, linear)
[    0.065386] Fallback order for Node 0: 0 
[    0.065390] Built 1 zonelists, mobility grouping on.  Total pages: 262014
[    0.066174] Policy zone: DMA32
[    0.066401] mem auto-init: stack:all(zero), heap alloc:off, heap free:off
[    0.066896] stackdepot: allocating hash table via alloc_large_system_hash
[    0.067396] stackdepot hash table entries: 1048576 (order: 12, 16777216 bytes, linear)
[    0.075459] SLUB: HWalign=64, Order=0-3, MinObjects=0, CPUs=32, Nodes=1
Poking KASLR using RDRAND RDTSC...
[    0.084815] ftrace: allocating 48907 entries in 192 pages
[    0.085209] ftrace: allocated 192 pages with 2 groups
[    0.086454] Dynamic Preempt: voluntary
[    0.087196] rcu: Preemptible hierarchical RCU implementation.
[    0.087613] rcu: RCU event tracing is enabled.
[    0.087940] rcu: RCU restricting CPUs from NR_CPUS=64 to nr_cpu_ids=32.
[    0.088431] Trampoline variant of Tasks RCU enabled.
[    0.088797] Rude variant of Tasks RCU enabled.
[    0.089130] Tracing variant of Tasks RCU enabled.
[    0.089478] rcu: RCU calculated value of scheduler-enlistment delay is 100 jiffies.
[    0.090034] rcu: Adjusting geometry for rcu_fanout_leaf=16, nr_cpu_ids=32
[    0.090598] RCU Tasks: Setting shift to 5 and lim to 1 rcu_task_cb_adjust=1 rcu_task_cpu_ids=32.
[    0.091239] RCU Tasks Rude: Setting shift to 5 and lim to 1 rcu_task_cb_adjust=1 rcu_task_cpu_ids=32.
[    0.091910] RCU Tasks Trace: Setting shift to 5 and lim to 1 rcu_task_cb_adjust=1 rcu_task_cpu_ids=32.
[    0.102147] NR_IRQS: 4352, nr_irqs: 680, preallocated irqs: 16
[    0.102830] rcu: srcu_init: Setting srcu_struct sizes based on contention.
[    0.103722] Console: colour *CGA 80x25
[    0.104024] ACPI: Core revision 20240827
[    0.104465] clocksource: hpet: mask: 0xffffffff max_cycles: 0xffffffff, max_idle_ns: 19112604467 ns
[    0.105195] APIC: Switch to symmetric I/O mode setup
[    0.105702] x2apic enabled
[    0.106086] APIC: Switched APIC routing to: physical x2apic
[    0.106495] kvm-guest: APIC: send_IPI_mask() replaced with kvm_send_ipi_mask()
[    0.107017] kvm-guest: APIC: send_IPI_mask_allbutself() replaced with kvm_send_ipi_mask_allbutself()
[    0.107657] kvm-guest: setup PV IPIs
[    0.108733] ..TIMER: vector=0x30 apic1=0 pin1=2 apic2=-1 pin2=-1
[    0.109528] clocksource: tsc-early: mask: 0xffffffffffffffff max_cycles: 0x40be215b5d9, max_idle_ns: 440795359804 ns
[    0.110876] Calibrating delay loop (skipped) preset value.. 8983.04 BogoMIPS (lpj=4491524)
[    0.111940] x86/cpu: User Mode Instruction Prevention (UMIP) activated
[    0.112934] Last level iTLB entries: 4KB 512, 2MB 255, 4MB 127
[    0.113874] Last level dTLB entries: 4KB 512, 2MB 255, 4MB 127, 1GB 0
[    0.114879] Spectre V1 : Mitigation: usercopy/swapgs barriers and __user pointer sanitization
[    0.115878] Spectre V2 : Mitigation: Enhanced / Automatic IBRS
[    0.116874] Spectre V2 : Spectre v2 / SpectreRSB mitigation: Filling RSB on context switch
[    0.117877] Spectre V2 : mitigation: Enabling conditional Indirect Branch Prediction Barrier
[    0.118876] Speculative Store Bypass: Mitigation: Speculative Store Bypass disabled via prctl
[    0.119874] Speculative Return Stack Overflow: IBPB-extending microcode not applied!
[    0.120874] Speculative Return Stack Overflow: WARNING: See https://kernel.org/doc/html/latest/admin-guide/hw-vuln/srso.html for mitigation options.
[    0.120876] Speculative Return Stack Overflow: Vulnerable: Safe RET, no microcode
[    0.122889] x86/fpu: Supporting XSAVE feature 0x001: 'x87 floating point registers'
[    0.123833] x86/fpu: Supporting XSAVE feature 0x002: 'SSE registers'
[    0.123874] x86/fpu: Supporting XSAVE feature 0x004: 'AVX registers'
[    0.124874] x86/fpu: Supporting XSAVE feature 0x020: 'AVX-512 opmask'
[    0.125874] x86/fpu: Supporting XSAVE feature 0x040: 'AVX-512 Hi256'
[    0.126874] x86/fpu: Supporting XSAVE feature 0x080: 'AVX-512 ZMM_Hi256'
[    0.127701] x86/fpu: Supporting XSAVE feature 0x200: 'Protection Keys User registers'
[    0.127874] x86/fpu: xstate_offset[2]:  576, xstate_sizes[2]:  256
[    0.128874] x86/fpu: xstate_offset[5]:  832, xstate_sizes[5]:   64
[    0.129874] x86/fpu: xstate_offset[6]:  896, xstate_sizes[6]:  512
[    0.130874] x86/fpu: xstate_offset[7]: 1408, xstate_sizes[7]: 1024
[    0.131874] x86/fpu: xstate_offset[9]: 2432, xstate_sizes[9]:    8
[    0.132640] x86/fpu: Enabled xstate features 0x2e7, context size is 2440 bytes, using 'compacted' format.
[    0.153750] Freeing SMP alternatives memory: 40K
[    0.153876] pid_max: default: 32768 minimum: 301
[    0.155002] Mount-cache hash table entries: 2048 (order: 2, 16384 bytes, linear)
[    0.155876] Mountpoint-cache hash table entries: 2048 (order: 2, 16384 bytes, linear)
[    0.157544] smpboot: CPU0: AMD Ryzen 9 7950X 16-Core Processor (family: 0x19, model: 0x61, stepping: 0x2)
[    0.158328] Performance Events: Fam17h+ core perfctr, AMD PMU driver.
[    0.158880] ... version:                0
[    0.159374] ... bit width:              48
[    0.159876] ... generic registers:      6
[    0.160371] ... value mask:             0000ffffffffffff
[    0.160876] ... max period:             00007fffffffffff
[    0.161527] ... fixed-purpose events:   0
[    0.161876] ... event mask:             000000000000003f
[    0.162683] signal: max sigframe size: 3376
[    0.162922] rcu: Hierarchical SRCU implementation.
[    0.163511] rcu: Max phase no-delay instances is 400.
[    0.163963] Timer migration: 2 hierarchy levels; 8 children per group; 2 crossnode level
[    0.168764] smp: Bringing up secondary CPUs ...
[    0.169066] smpboot: x86: Booting SMP configuration:
[    0.169676] .... node  #0, CPUs:        #1  #2  #3  #4  #5  #6  #7  #8  #9 #10 #11 #12 #13 #14 #15 #16 #17 #18 #19 #20 #21 #22 #23 #24 #25 #26 #27 #28 #29 #30 #31
[    0.203981] smp: Brought up 1 node, 32 CPUs
[    0.205404] smpboot: Total of 32 processors activated (287457.53 BogoMIPS)
[    0.210017] Memory: 761320K/1048056K available (44789K kernel code, 11589K rwdata, 10268K rodata, 6152K init, 1328K bss, 270704K reserved, 0K cma-reserved)
[    0.211008] devtmpfs: initialized
[    0.211917] x86/mm: Memory block size: 128MB
[    0.218953] clocksource: jiffies: mask: 0xffffffff max_cycles: 0xffffffff, max_idle_ns: 1911260446275000 ns
[    0.219880] posixtimers hash table entries: 16384 (order: 6, 262144 bytes, linear)
[    0.220842] futex hash table entries: 8192 (order: 7, 524288 bytes, linear)
[    0.221261] PM: RTC time: 18:27:28, date: 2025-04-06
[    0.222670] NET: Registered PF_NETLINK/PF_ROUTE protocol family
[    0.223784] thermal_sys: Registered thermal governor 'step_wise'
[    0.223813] cpuidle: using governor menu
[    0.225684] PCI: Using configuration type 1 for base access
[    0.225877] PCI: Using configuration type 1 for extended access
[    0.226759] kprobes: kprobe jump-optimization is enabled. All kprobes are optimized if possible.
[    0.239087] HugeTLB: allocation took 0ms with hugepage_allocation_threads=8
[    0.239908] HugeTLB: registered 1.00 GiB page size, pre-allocated 0 pages
[    0.240737] HugeTLB: 16380 KiB vmemmap can be freed for a 1.00 GiB page
[    0.240877] HugeTLB: registered 2.00 MiB page size, pre-allocated 0 pages
[    0.241705] HugeTLB: 28 KiB vmemmap can be freed for a 2.00 MiB page
[    0.244243] ACPI: Added _OSI(Module Device)
[    0.244243] ACPI: Added _OSI(Processor Device)
[    0.244426] ACPI: Added _OSI(3.0 _SCP Extensions)
[    0.245876] ACPI: Added _OSI(Processor Aggregator Device)
[    0.270309] ACPI: 1 ACPI AML tables successfully acquired and loaded
[    0.275860] ACPI: Interpreter enabled
[    0.275939] ACPI: PM: (supports S0 S3 S4 S5)
[    0.276471] ACPI: Using IOAPIC for interrupt routing
[    0.277929] PCI: Using host bridge windows from ACPI; if necessary, use "pci=nocrs" and report a bug
[    0.278876] PCI: Using E820 reservations for host bridge windows
[    0.280727] ACPI: Enabled 2 GPEs in block 00 to 0F
[    0.330880] ACPI: PCI Root Bridge [PCI0] (domain 0000 [bus 00-ff])
[    0.331666] acpi PNP0A03:00: _OSC: OS supports [ExtendedConfig ASPM ClockPM Segments MSI HPX-Type3]
[    0.333395] PCI host bridge to bus 0000:00
[    0.333934] pci_bus 0000:00: root bus resource [io  0x0000-0x0cf7 window]
[    0.334770] pci_bus 0000:00: root bus resource [io  0x0d00-0xffff window]
[    0.335879] pci_bus 0000:00: root bus resource [mem 0x000a0000-0x000bffff window]
[    0.336804] pci_bus 0000:00: root bus resource [mem 0x40000000-0xfebfffff window]
[    0.337879] pci_bus 0000:00: root bus resource [mem 0x100000000-0x17fffffff window]
[    0.338827] pci_bus 0000:00: root bus resource [bus 00-ff]
[    0.338972] pci 0000:00:00.0: [8086:1237] type 00 class 0x060000 conventional PCI endpoint
[    0.340807] pci 0000:00:01.0: [8086:7000] type 00 class 0x060100 conventional PCI endpoint
[    0.342781] pci 0000:00:01.1: [8086:7010] type 00 class 0x010180 conventional PCI endpoint
[    0.344320] pci 0000:00:01.1: BAR 4 [io  0xc0c0-0xc0cf]
[    0.344895] pci 0000:00:01.1: BAR 0 [io  0x01f0-0x01f7]: legacy IDE quirk
[    0.345730] pci 0000:00:01.1: BAR 1 [io  0x03f6]: legacy IDE quirk
[    0.346876] pci 0000:00:01.1: BAR 2 [io  0x0170-0x0177]: legacy IDE quirk
[    0.347705] pci 0000:00:01.1: BAR 3 [io  0x0376]: legacy IDE quirk
[    0.349597] pci 0000:00:01.3: [8086:7113] type 00 class 0x068000 conventional PCI endpoint
[    0.350095] pci 0000:00:01.3: quirk: [io  0x0600-0x063f] claimed by PIIX4 ACPI
[    0.350880] pci 0000:00:01.3: quirk: [io  0x0700-0x070f] claimed by PIIX4 SMB
[    0.352528] pci 0000:00:02.0: [1af4:1009] type 00 class 0x000200 conventional PCI endpoint
[    0.354881] pci 0000:00:02.0: BAR 0 [io  0xc000-0xc03f]
[    0.355529] pci 0000:00:02.0: BAR 1 [mem 0xfebfc000-0xfebfcfff]
[    0.356891] pci 0000:00:02.0: BAR 4 [mem 0xfebf0000-0xfebf3fff 64bit pref]
[    0.369874] pci 0000:00:03.0: [1af4:1009] type 00 class 0x000200 conventional PCI endpoint
[    0.371881] pci 0000:00:03.0: BAR 0 [io  0xc040-0xc07f]
[    0.372535] pci 0000:00:03.0: BAR 1 [mem 0xfebfd000-0xfebfdfff]
[    0.372891] pci 0000:00:03.0: BAR 4 [mem 0xfebf4000-0xfebf7fff 64bit pref]
[    0.385795] pci 0000:00:04.0: [8086:25ab] type 00 class 0x088000 conventional PCI endpoint
[    0.387215] pci 0000:00:04.0: BAR 0 [mem 0xfebfe000-0xfebfe00f]
[    0.399803] pci 0000:00:05.0: [1af4:1003] type 00 class 0x078000 conventional PCI endpoint
[    0.401581] pci 0000:00:05.0: BAR 0 [io  0xc080-0xc0bf]
[    0.401881] pci 0000:00:05.0: BAR 1 [mem 0xfebff000-0xfebfffff]
[    0.402621] pci 0000:00:05.0: BAR 4 [mem 0xfebf8000-0xfebfbfff 64bit pref]
[    0.418386] ACPI: PCI: Interrupt link LNKA configured for IRQ 10
[    0.419867] ACPI: PCI: Interrupt link LNKB configured for IRQ 10
[    0.421846] ACPI: PCI: Interrupt link LNKC configured for IRQ 11
[    0.423840] ACPI: PCI: Interrupt link LNKD configured for IRQ 11
[    0.424283] ACPI: PCI: Interrupt link LNKS configured for IRQ 9
[    0.445339] iommu: Default domain type: Translated
[    0.445877] iommu: DMA domain TLB invalidation policy: lazy mode
[    0.447108] SCSI subsystem initialized
[    0.447910] pps_core: LinuxPPS API ver. 1 registered
[    0.448525] pps_core: Software ver. 5.3.6 - Copyright 2005-2007 Rodolfo Giometti <giometti@linux.it>
[    0.448892] PTP clock support registered
[    0.450011] Advanced Linux Sound Architecture Driver Initialized.
[    0.452043] NET: Registered PF_ATMPVC protocol family
[    0.452674] NET: Registered PF_ATMSVC protocol family
[    0.452914] PCI: Using ACPI for IRQ routing
[    0.453912] vgaarb: loaded
[    0.454999] hpet0: at MMIO 0xfed00000, IRQs 2, 8, 0
[    0.455605] hpet0: 3 comparators, 64-bit 100.000000 MHz counter
[    0.461150] clocksource: Switched to clocksource kvm-clock
[    0.462246] VFS: Disk quotas dquot_6.6.0
[    0.462745] VFS: Dquot-cache hash table entries: 512 (order 0, 4096 bytes)
[    0.464358] pnp: PnP ACPI init
[    0.467224] pnp: PnP ACPI: found 5 devices
[    0.478824] clocksource: acpi_pm: mask: 0xffffff max_cycles: 0xffffff, max_idle_ns: 2085701024 ns
[    0.479963] NET: Registered PF_INET protocol family
[    0.480689] IP idents hash table entries: 16384 (order: 5, 131072 bytes, linear)
[    0.481976] tcp_listen_portaddr_hash hash table entries: 512 (order: 1, 8192 bytes, linear)
[    0.483002] Table-perturb hash table entries: 65536 (order: 6, 262144 bytes, linear)
[    0.483962] TCP established hash table entries: 8192 (order: 4, 65536 bytes, linear)
[    0.484915] TCP bind hash table entries: 8192 (order: 6, 262144 bytes, linear)
[    0.485804] TCP: Hash tables configured (established 8192 bind 8192)
[    0.486742] UDP hash table entries: 512 (order: 3, 32768 bytes, linear)
[    0.487580] UDP-Lite hash table entries: 512 (order: 3, 32768 bytes, linear)
[    0.488670] NET: Registered PF_UNIX/PF_LOCAL protocol family
[    0.489377] pci_bus 0000:00: resource 4 [io  0x0000-0x0cf7 window]
[    0.490128] pci_bus 0000:00: resource 5 [io  0x0d00-0xffff window]
[    0.490877] pci_bus 0000:00: resource 6 [mem 0x000a0000-0x000bffff window]
[    0.491708] pci_bus 0000:00: resource 7 [mem 0x40000000-0xfebfffff window]
[    0.492544] pci_bus 0000:00: resource 8 [mem 0x100000000-0x17fffffff window]
[    0.493601] pci 0000:00:01.0: PIIX3: Enabling Passive Release
[    0.494297] pci 0000:00:00.0: Limiting direct PCI/PCI transfers
[    0.495051] PCI: CLS 0 bytes, default 64
[    0.495645] kvm_intel: VMX not supported by CPU 30
[    0.496250] kvm_amd: TSC scaling supported
[    0.496753] kvm_amd: Nested Virtualization enabled
[    0.497330] kvm_amd: Nested Paging enabled
[    0.497830] kvm_amd: LBR virtualization supported
[    0.498407] kvm_amd: Virtual GIF supported
[    0.498906] kvm_amd: Virtual NMI enabled
[    0.537808] clocksource: tsc: mask: 0xffffffffffffffff max_cycles: 0x40be215b5d9, max_idle_ns: 440795359804 ns
[    0.556816] Initialise system trusted keyrings
[    0.557626] workingset: timestamp_bits=56 max_order=18 bucket_order=0
[    0.558523] squashfs: version 4.0 (2009/01/31) Phillip Lougher
[    0.559259] fuse: init (API version 7.43)
[    0.559888] 9p: Installing v9fs 9p2000 file system support
[    0.569422] Key type asymmetric registered
[    0.569935] Asymmetric key parser 'x509' registered
[    0.570600] Block layer SCSI generic (bsg) driver version 0.4 loaded (major 249)
[    0.571546] io scheduler mq-deadline registered
[    0.572105] io scheduler kyber registered
[    0.574440] input: Power Button as /devices/LNXSYSTM:00/LNXPWRBN:00/input/input0
[    0.575636] ACPI: button: Power Button [PWRF]
[    0.577575] Warning: Processor Platform Limit event detected, but not handled.
[    0.578479] Consider compiling CPUfreq support into your kernel.
[    1.467040] ACPI: \_SB_.LNKB: Enabled at IRQ 10
[    2.347303] ACPI: \_SB_.LNKC: Enabled at IRQ 11
[    3.225004] ACPI: \_SB_.LNKA: Enabled at IRQ 10
[    3.226317] Serial: 8250/16550 driver, 4 ports, IRQ sharing enabled
[    3.227411] 00:03: ttyS0 at I/O 0x3f8 (irq = 4, base_baud = 115200) is a 16550A
[    3.250281] Non-volatile memory driver v1.3
[    3.250856] Linux agpgart interface v0.103
[    3.251527] ACPI: bus type drm_connector registered
[    3.252150] printk: legacy console [hvc0] enabled
[    3.252742] printk: legacy bootconsole [earlyser0] disabled
          _      _                                    
   __   _(_)_ __| |_ _ __ ___   ___       _ __   __ _ 
   \ \ / / |  __| __|  _   _ \ / _ \_____|  _ \ / _  |
    \ V /| | |  | |_| | | | | |  __/_____| | | | (_| |
     \_/ |_|_|   \__|_| |_| |_|\___|     |_| |_|\__  |
                                                |___/ 
   kernel version: 6.14.0-virtme x86_64
   (CTRL+d to exit)

root@virtme-ng:/nipa-data/kernel# PS1='xx__-> '
xx__-> env
PWD=/nipa-data/kernel
nr_open=1048576
HOME=/
TERM=xterm
SHLVL=2
XDG_RUNTIME_DIR=/run/user/0
PATH=/bin:/sbin:/usr/bin:/usr/sbin:/usr/local/bin
OLDPWD=/
_=/bin/env
xx__-> 