No EFI environment detected.
early console in extract_kernel
input_data: 0x0000000002be12c4
input_len: 0x0000000000b8f443
output: 0x0000000001000000
output_len: 0x0000000002728758
kernel_total_size: 0x0000000002430000
needed_size: 0x0000000002800000
trampoline_32bit: 0x0000000000000000
Physical KASLR using RDRAND RDTSC...
Virtual KASLR using RDRAND RDTSC...

Decompressing Linux... Parsing ELF... Performing relocations... done.
Booting the kernel (entry_offset: 0x0000000000000000).
[    0.000000] Linux version 6.13.0-virtme (root@2e5ccb5dc1f2) (gcc (Ubuntu 13.3.0-6ubuntu2~24.04) 13.3.0, GNU ld (GNU Binutils for Ubuntu) 2.42) #1 SMP PREEMPT_DYNAMIC Mon Jan 27 00:07:36 UTC 2025
[    0.000000] Command line: virtme_hostname=virtme-ng nr_open=1048576 virtme_link_mods=/nipa-data/kernel/.virtme_mods/lib/modules/0.0.0 virtme_initmount0=nipa-data/kernel virtme_rw_overlay0=/etc virtme_rw_overlay1=/lib virtme_rw_overlay2=/home virtme_rw_overlay3=/opt virtme_rw_overlay4=/srv virtme_rw_overlay5=/usr virtme_rw_overlay6=/var console=hvc0 earlyprintk=serial,ttyS0,115200 virtme_console=ttyS0 psmouse.proto=exps TERM=xterm virtme_chdir=nipa-data/kernel virtme_root_user=1 rootfstype=9p rootflags=version=9p2000.L,trans=virtio,access=any raid=noautodetect ro init=/usr/lib/python3/dist-packages/virtme/guest/virtme-init
[    0.000000] BIOS-provided physical RAM map:
[    0.000000] BIOS-e820: [mem 0x0000000000000000-0x000000000009fbff] usable
[    0.000000] BIOS-e820: [mem 0x000000000009fc00-0x000000000009ffff] reserved
[    0.000000] BIOS-e820: [mem 0x00000000000f0000-0x00000000000fffff] reserved
[    0.000000] BIOS-e820: [mem 0x0000000000100000-0x000000003ffdffff] usable
[    0.000000] BIOS-e820: [mem 0x000000003ffe0000-0x000000003fffffff] reserved
[    0.000000] BIOS-e820: [mem 0x00000000feffc000-0x00000000feffffff] reserved
[    0.000000] BIOS-e820: [mem 0x00000000fffc0000-0x00000000ffffffff] reserved
[    0.000000] BIOS-e820: [mem 0x000000fd00000000-0x000000ffffffffff] reserved
[    0.000000] printk: legacy bootconsole [earlyser0] enabled
[    0.000000] NX (Execute Disable) protection: active
[    0.000000] APIC: Static calls initialized
[    0.000000] SMBIOS 3.0.0 present.
[    0.000000] DMI: QEMU Ubuntu 24.04 PC (i440FX + PIIX, 1996), BIOS 1.16.3-debian-1.16.3-2 04/01/2014
[    0.000000] DMI: Memory slots populated: 1/1
[    0.000000] Hypervisor detected: KVM
[    0.000000] kvm-clock: Using msrs 4b564d01 and 4b564d00
[    0.000000] kvm-clock: using sched offset of 217745629 cycles
[    0.000360] clocksource: kvm-clock: mask: 0xffffffffffffffff max_cycles: 0x1cd42e4dffb, max_idle_ns: 881590591483 ns
[    0.001478] tsc: Detected 4491.556 MHz processor
[    0.002042] last_pfn = 0x3ffe0 max_arch_pfn = 0x400000000
[    0.002436] MTRR map: 4 entries (3 fixed + 1 variable; max 19), built from 8 variable MTRRs
[    0.003013] x86/PAT: Configuration [0-7]: WB  WC  UC- UC  WB  WP  UC- WT  
Memory KASLR using RDRAND RDTSC...
[    0.004940] found SMP MP-table at [mem 0x000f5470-0x000f547f]
[    0.005337] Using GB pages for direct mapping
[    0.005677] ACPI: Early table checksum verification disabled
[    0.006066] ACPI: RSDP 0x00000000000F5290 000014 (v00 BOCHS )
[    0.006461] ACPI: RSDT 0x000000003FFE27BC 000034 (v01 BOCHS  BXPC     00000001 BXPC 00000001)
[    0.007048] ACPI: FACP 0x000000003FFE2578 000074 (v01 BOCHS  BXPC     00000001 BXPC 00000001)
[    0.007634] ACPI: DSDT 0x000000003FFE0040 002538 (v01 BOCHS  BXPC     00000001 BXPC 00000001)
[    0.008221] ACPI: FACS 0x000000003FFE0000 000040
[    0.008538] ACPI: APIC 0x000000003FFE25EC 000170 (v03 BOCHS  BXPC     00000001 BXPC 00000001)
[    0.009123] ACPI: HPET 0x000000003FFE275C 000038 (v01 BOCHS  BXPC     00000001 BXPC 00000001)
[    0.009707] ACPI: WAET 0x000000003FFE2794 000028 (v01 BOCHS  BXPC     00000001 BXPC 00000001)
[    0.010291] ACPI: Reserving FACP table memory at [mem 0x3ffe2578-0x3ffe25eb]
[    0.010774] ACPI: Reserving DSDT table memory at [mem 0x3ffe0040-0x3ffe2577]
[    0.011258] ACPI: Reserving FACS table memory at [mem 0x3ffe0000-0x3ffe003f]
[    0.011741] ACPI: Reserving APIC table memory at [mem 0x3ffe25ec-0x3ffe275b]
[    0.012227] ACPI: Reserving HPET table memory at [mem 0x3ffe275c-0x3ffe2793]
[    0.012710] ACPI: Reserving WAET table memory at [mem 0x3ffe2794-0x3ffe27bb]
[    0.013324] No NUMA configuration found
[    0.013587] Faking a node at [mem 0x0000000000000000-0x000000003ffdffff]
[    0.014047] NODE_DATA(0) allocated [mem 0x3ffdb780-0x3ffdffff]
[    0.014455] Zone ranges:
[    0.014629]   DMA      [mem 0x0000000000001000-0x0000000000ffffff]
[    0.015053]   DMA32    [mem 0x0000000001000000-0x000000003ffdffff]
[    0.015478]   Normal   empty
[    0.015676]   Device   empty
[    0.015875] Movable zone start for each node
[    0.016168] Early memory node ranges
[    0.016413]   node   0: [mem 0x0000000000001000-0x000000000009efff]
[    0.016843]   node   0: [mem 0x0000000000100000-0x000000003ffdffff]
[    0.017274] Initmem setup node 0 [mem 0x0000000000001000-0x000000003ffdffff]
[    0.017760] On node 0, zone DMA: 1 pages in unavailable ranges
[    0.018168] On node 0, zone DMA: 97 pages in unavailable ranges
[    0.019529] On node 0, zone DMA32: 32 pages in unavailable ranges
[    0.020137] ACPI: PM-Timer IO Port: 0x608
[    0.020415] ACPI: LAPIC_NMI (acpi_id[0xff] dfl dfl lint[0x1])
[    0.020826] IOAPIC[0]: apic_id 0, version 17, address 0xfec00000, GSI 0-23
[    0.021299] ACPI: INT_SRC_OVR (bus 0 bus_irq 0 global_irq 2 dfl dfl)
[    0.021739] ACPI: INT_SRC_OVR (bus 0 bus_irq 5 global_irq 5 high level)
[    0.022192] ACPI: INT_SRC_OVR (bus 0 bus_irq 9 global_irq 9 high level)
[    0.022644] ACPI: INT_SRC_OVR (bus 0 bus_irq 10 global_irq 10 high level)
[    0.023109] ACPI: INT_SRC_OVR (bus 0 bus_irq 11 global_irq 11 high level)
[    0.023574] ACPI: Using ACPI (MADT) for SMP configuration information
[    0.024017] ACPI: HPET id: 0x8086a201 base: 0xfed00000
[    0.024369] TSC deadline timer available
[    0.024638] CPU topo: Max. logical packages:   1
[    0.024954] CPU topo: Max. logical dies:       1
[    0.025269] CPU topo: Max. dies per package:   1
[    0.025587] CPU topo: Max. threads per core:   1
[    0.025902] CPU topo: Num. cores per package:    32
[    0.026235] CPU topo: Num. threads per package:  32
[    0.026567] CPU topo: Allowing 32 present CPUs plus 0 hotplug CPUs
[    0.026995] kvm-guest: APIC: eoi() replaced with kvm_guest_apic_eoi_write()
[    0.027477] kvm-guest: KVM setup pv remote TLB flush
[    0.027820] kvm-guest: setup PV sched yield
[    0.028107] PM: hibernation: Registered nosave memory: [mem 0x00000000-0x00000fff]
[    0.028624] PM: hibernation: Registered nosave memory: [mem 0x0009f000-0x0009ffff]
[    0.029141] PM: hibernation: Registered nosave memory: [mem 0x000a0000-0x000effff]
[    0.029657] PM: hibernation: Registered nosave memory: [mem 0x000f0000-0x000fffff]
[    0.030173] [mem 0x40000000-0xfeffbfff] available for PCI devices
[    0.030589] Booting paravirtualized kernel on KVM
[    0.030910] clocksource: refined-jiffies: mask: 0xffffffff max_cycles: 0xffffffff, max_idle_ns: 1910969940391419 ns
[    0.034307] setup_percpu: NR_CPUS:64 nr_cpumask_bits:32 nr_cpu_ids:32 nr_node_ids:1
[    0.035363] percpu: Embedded 58 pages/cpu s198232 r8192 d31144 u262144
[    0.035850] Kernel command line: virtme_hostname=virtme-ng nr_open=1048576 virtme_link_mods=/nipa-data/kernel/.virtme_mods/lib/modules/0.0.0 virtme_initmount0=nipa-data/kernel virtme_rw_overlay0=/etc virtme_rw_overlay1=/lib virtme_rw_overlay2=/home virtme_rw_overlay3=/opt virtme_rw_overlay4=/srv virtme_rw_overlay5=/usr virtme_rw_overlay6=/var console=hvc0 earlyprintk=serial,ttyS0,115200 virtme_console=ttyS0 psmouse.proto=exps TERM=xterm virtme_chdir=nipa-data/kernel virtme_root_user=1 rootfstype=9p rootflags=version=9p2000.L,trans=virtio,access=any raid=noautodetect ro init=/usr/lib/python3/dist-packages/virtme/guest/virtme-init
[    0.039840] Unknown kernel command line parameters "virtme_hostname=virtme-ng nr_open=1048576 virtme_link_mods=/nipa-data/kernel/.virtme_mods/lib/modules/0.0.0 virtme_initmount0=nipa-data/kernel virtme_rw_overlay0=/etc virtme_rw_overlay1=/lib virtme_rw_overlay2=/home virtme_rw_overlay3=/opt virtme_rw_overlay4=/srv virtme_rw_overlay5=/usr virtme_rw_overlay6=/var virtme_console=ttyS0 virtme_chdir=nipa-data/kernel virtme_root_user=1", will be passed to user space.
[    0.042904] random: crng init done
[    0.043143] printk: log buffer data + meta data: 262144 + 917504 = 1179648 bytes
[    0.043690] Dentry cache hash table entries: 131072 (order: 8, 1048576 bytes, linear)
[    0.044267] Inode-cache hash table entries: 65536 (order: 7, 524288 bytes, linear)
[    0.044879] Fallback order for Node 0: 0 
[    0.044881] Built 1 zonelists, mobility grouping on.  Total pages: 262014
[    0.045641] Policy zone: DMA32
[    0.045855] mem auto-init: stack:all(zero), heap alloc:off, heap free:off
[    0.046912] SLUB: HWalign=64, Order=0-3, MinObjects=0, CPUs=32, Nodes=1
Poking KASLR using RDRAND RDTSC...
[    0.047614] ftrace: allocating 48792 entries in 191 pages
[    0.059361] ftrace: allocated 191 pages with 7 groups
[    0.060283] Dynamic Preempt: voluntary
[    0.060674] rcu: Preemptible hierarchical RCU implementation.
[    0.061077] rcu: RCU event tracing is enabled.
[    0.061394] rcu: RCU restricting CPUs from NR_CPUS=64 to nr_cpu_ids=32.
[    0.061863] Trampoline variant of Tasks RCU enabled.
[    0.062216] Rude variant of Tasks RCU enabled.
[    0.062532] Tracing variant of Tasks RCU enabled.
[    0.062867] rcu: RCU calculated value of scheduler-enlistment delay is 100 jiffies.
[    0.063402] rcu: Adjusting geometry for rcu_fanout_leaf=16, nr_cpu_ids=32
[    0.063887] RCU Tasks: Setting shift to 5 and lim to 1 rcu_task_cb_adjust=1 rcu_task_cpu_ids=32.
[    0.064503] RCU Tasks Rude: Setting shift to 5 and lim to 1 rcu_task_cb_adjust=1 rcu_task_cpu_ids=32.
[    0.065149] RCU Tasks Trace: Setting shift to 5 and lim to 1 rcu_task_cb_adjust=1 rcu_task_cpu_ids=32.
[    0.067516] NR_IRQS: 4352, nr_irqs: 680, preallocated irqs: 16
[    0.068098] rcu: srcu_init: Setting srcu_struct sizes based on contention.
[    0.068715] Console: colour *CGA 80x25
[    0.068985] ACPI: Core revision 20240827
[    0.069326] clocksource: hpet: mask: 0xffffffff max_cycles: 0xffffffff, max_idle_ns: 19112604467 ns
[    0.070021] APIC: Switch to symmetric I/O mode setup
[    0.070390] kvm-guest: APIC: send_IPI_mask() replaced with kvm_send_ipi_mask()
[    0.070895] kvm-guest: APIC: send_IPI_mask_allbutself() replaced with kvm_send_ipi_mask_allbutself()
[    0.071512] kvm-guest: setup PV IPIs
[    0.072498] ..TIMER: vector=0x30 apic1=0 pin1=2 apic2=-1 pin2=-1
[    0.073260] clocksource: tsc-early: mask: 0xffffffffffffffff max_cycles: 0x40be400eb43, max_idle_ns: 440795366972 ns
[    0.074559] Calibrating delay loop (skipped) preset value.. 8983.11 BogoMIPS (lpj=4491556)
[    0.075619] x86/cpu: User Mode Instruction Prevention (UMIP) activated
[    0.076605] Last level iTLB entries: 4KB 512, 2MB 255, 4MB 127
[    0.077558] Last level dTLB entries: 4KB 512, 2MB 255, 4MB 127, 1GB 0
[    0.078344] Spectre V1 : Mitigation: usercopy/swapgs barriers and __user pointer sanitization
[    0.078561] Spectre V2 : Mitigation: Enhanced / Automatic IBRS
[    0.079269] Spectre V2 : Spectre v2 / SpectreRSB mitigation: Filling RSB on context switch
[    0.079559] Spectre V2 : mitigation: Enabling conditional Indirect Branch Prediction Barrier
[    0.080560] Speculative Store Bypass: Mitigation: Speculative Store Bypass disabled via prctl
[    0.081558] Speculative Return Stack Overflow: IBPB-extending microcode not applied!
[    0.082558] Speculative Return Stack Overflow: WARNING: See https://kernel.org/doc/html/latest/admin-guide/hw-vuln/srso.html for mitigation options.
[    0.082559] Speculative Return Stack Overflow: Vulnerable: Safe RET, no microcode
[    0.084572] x86/fpu: Supporting XSAVE feature 0x001: 'x87 floating point registers'
[    0.085558] x86/fpu: Supporting XSAVE feature 0x002: 'SSE registers'
[    0.086558] x86/fpu: Supporting XSAVE feature 0x004: 'AVX registers'
[    0.087314] x86/fpu: Supporting XSAVE feature 0x020: 'AVX-512 opmask'
[    0.087558] x86/fpu: Supporting XSAVE feature 0x040: 'AVX-512 Hi256'
[    0.088558] x86/fpu: Supporting XSAVE feature 0x080: 'AVX-512 ZMM_Hi256'
[    0.089558] x86/fpu: Supporting XSAVE feature 0x200: 'Protection Keys User registers'
[    0.090559] x86/fpu: xstate_offset[2]:  576, xstate_sizes[2]:  256
[    0.091298] x86/fpu: xstate_offset[5]:  832, xstate_sizes[5]:   64
[    0.091558] x86/fpu: xstate_offset[6]:  896, xstate_sizes[6]:  512
[    0.092558] x86/fpu: xstate_offset[7]: 1408, xstate_sizes[7]: 1024
[    0.093558] x86/fpu: xstate_offset[9]: 2432, xstate_sizes[9]:    8
[    0.094300] x86/fpu: Enabled xstate features 0x2e7, context size is 2440 bytes, using 'compacted' format.
[    0.108358] Freeing SMP alternatives memory: 40K
[    0.108559] pid_max: default: 32768 minimum: 301
[    0.109131] Mount-cache hash table entries: 2048 (order: 2, 16384 bytes, linear)
[    0.109559] Mountpoint-cache hash table entries: 2048 (order: 2, 16384 bytes, linear)
[    0.110692] smpboot: CPU0: AMD Ryzen 9 7950X 16-Core Processor (family: 0x19, model: 0x61, stepping: 0x2)
[    0.111666] Performance Events: Fam17h+ core perfctr, AMD PMU driver.
[    0.112462] ... version:                0
[    0.112560] ... bit width:              48
[    0.113050] ... generic registers:      6
[    0.113530] ... value mask:             0000ffffffffffff
[    0.113560] ... max period:             00007fffffffffff
[    0.114194] ... fixed-purpose events:   0
[    0.114560] ... event mask:             000000000000003f
[    0.115266] signal: max sigframe size: 3376
[    0.115575] rcu: Hierarchical SRCU implementation.
[    0.116146] rcu: Max phase no-delay instances is 400.
[    0.116580] Timer migration: 2 hierarchy levels; 8 children per group; 2 crossnode level
[    0.119617] smp: Bringing up secondary CPUs ...
[    0.120207] smpboot: x86: Booting SMP configuration:
[    0.120561] .... node  #0, CPUs:        #1  #2  #3  #4  #5  #6  #7  #8  #9 #10 #11 #12 #13 #14 #15 #16 #17 #18 #19 #20 #21 #22 #23 #24 #25 #26 #27 #28 #29 #30 #31
[    0.132653] smp: Brought up 1 node, 32 CPUs
[    0.134068] smpboot: Total of 32 processors activated (287459.58 BogoMIPS)
[    0.136577] Memory: 970436K/1048056K available (16384K kernel code, 2473K rwdata, 6360K rodata, 3188K init, 1756K bss, 63188K reserved, 0K cma-reserved)
[    0.137677] devtmpfs: initialized
[    0.137981] x86/mm: Memory block size: 128MB
[    0.139194] clocksource: jiffies: mask: 0xffffffff max_cycles: 0xffffffff, max_idle_ns: 1911260446275000 ns
[    0.139561] futex hash table entries: 8192 (order: 7, 524288 bytes, linear)
[    0.140470] PM: RTC time: 00:07:53, date: 2025-01-27
[    0.140883] NET: Registered PF_NETLINK/PF_ROUTE protocol family
[    0.141670] thermal_sys: Registered thermal governor 'step_wise'
[    0.141672] thermal_sys: Registered thermal governor 'user_space'
[    0.142420] cpuidle: using governor menu
[    0.143756] PCI: Using configuration type 1 for base access
[    0.144561] PCI: Using configuration type 1 for extended access
[    0.145341] kprobes: kprobe jump-optimization is enabled. All kprobes are optimized if possible.
[    0.163749] HugeTLB: registered 1.00 GiB page size, pre-allocated 0 pages
[    0.164560] HugeTLB: 16380 KiB vmemmap can be freed for a 1.00 GiB page
[    0.165374] HugeTLB: registered 2.00 MiB page size, pre-allocated 0 pages
[    0.165560] HugeTLB: 28 KiB vmemmap can be freed for a 2.00 MiB page
[    0.166451] ACPI: Added _OSI(Module Device)
[    0.166560] ACPI: Added _OSI(Processor Device)
[    0.167105] ACPI: Added _OSI(3.0 _SCP Extensions)
[    0.167561] ACPI: Added _OSI(Processor Aggregator Device)
[    0.168876] ACPI: 1 ACPI AML tables successfully acquired and loaded
[    0.169924] ACPI: Interpreter enabled
[    0.170568] ACPI: PM: (supports S0 S3 S4 S5)
[    0.171091] ACPI: Using IOAPIC for interrupt routing
[    0.171566] PCI: Using host bridge windows from ACPI; if necessary, use "pci=nocrs" and report a bug
[    0.172560] PCI: Using E820 reservations for host bridge windows
[    0.173375] ACPI: Enabled 2 GPEs in block 00 to 0F
[    0.176065] ACPI: PCI Root Bridge [PCI0] (domain 0000 [bus 00-ff])
[    0.176562] acpi PNP0A03:00: _OSC: OS supports [ExtendedConfig ASPM ClockPM Segments MSI HPX-Type3]
[    0.177645] PCI host bridge to bus 0000:00
[    0.178148] pci_bus 0000:00: root bus resource [io  0x0000-0x0cf7 window]
[    0.178560] pci_bus 0000:00: root bus resource [io  0x0d00-0xffff window]
[    0.179388] pci_bus 0000:00: root bus resource [mem 0x000a0000-0x000bffff window]
[    0.179560] pci_bus 0000:00: root bus resource [mem 0x40000000-0xfebfffff window]
[    0.180465] pci_bus 0000:00: root bus resource [mem 0x100000000-0x17fffffff window]
[    0.180560] pci_bus 0000:00: root bus resource [bus 00-ff]
[    0.181304] pci 0000:00:00.0: [8086:1237] type 00 class 0x060000 conventional PCI endpoint
[    0.181795] pci 0000:00:01.0: [8086:7000] type 00 class 0x060100 conventional PCI endpoint
[    0.182856] pci 0000:00:01.1: [8086:7010] type 00 class 0x010180 conventional PCI endpoint
[    0.184684] pci 0000:00:01.1: BAR 4 [io  0xc0c0-0xc0cf]
[    0.186014] pci 0000:00:01.1: BAR 0 [io  0x01f0-0x01f7]: legacy IDE quirk
[    0.186560] pci 0000:00:01.1: BAR 1 [io  0x03f6]: legacy IDE quirk
[    0.187312] pci 0000:00:01.1: BAR 2 [io  0x0170-0x0177]: legacy IDE quirk
[    0.187560] pci 0000:00:01.1: BAR 3 [io  0x0376]: legacy IDE quirk
[    0.188391] pci 0000:00:01.3: [8086:7113] type 00 class 0x068000 conventional PCI endpoint
[    0.188791] pci 0000:00:01.3: quirk: [io  0x0600-0x063f] claimed by PIIX4 ACPI
[    0.189564] pci 0000:00:01.3: quirk: [io  0x0700-0x070f] claimed by PIIX4 SMB
[    0.190584] pci 0000:00:02.0: [1af4:1009] type 00 class 0x000200 conventional PCI endpoint
[    0.191970] pci 0000:00:02.0: BAR 0 [io  0xc000-0xc03f]
[    0.192992] pci 0000:00:02.0: BAR 1 [mem 0xfebfc000-0xfebfcfff]
[    0.195051] pci 0000:00:02.0: BAR 4 [mem 0xfebf0000-0xfebf3fff 64bit pref]
[    0.196919] pci 0000:00:03.0: [1af4:1009] type 00 class 0x000200 conventional PCI endpoint
[    0.198511] pci 0000:00:03.0: BAR 0 [io  0xc040-0xc07f]
[    0.199462] pci 0000:00:03.0: BAR 1 [mem 0xfebfd000-0xfebfdfff]
[    0.201560] pci 0000:00:03.0: BAR 4 [mem 0xfebf4000-0xfebf7fff 64bit pref]
[    0.203406] pci 0000:00:04.0: [8086:25ab] type 00 class 0x088000 conventional PCI endpoint
[    0.203724] pci 0000:00:04.0: BAR 0 [mem 0xfebfe000-0xfebfe00f]
[    0.205558] pci 0000:00:05.0: [1af4:1003] type 00 class 0x078000 conventional PCI endpoint
[    0.205960] pci 0000:00:05.0: BAR 0 [io  0xc080-0xc0bf]
[    0.206898] pci 0000:00:05.0: BAR 1 [mem 0xfebff000-0xfebfffff]
[    0.208558] pci 0000:00:05.0: BAR 4 [mem 0xfebf8000-0xfebfbfff 64bit pref]
[    0.211250] ACPI: PCI: Interrupt link LNKA configured for IRQ 10
[    0.211666] ACPI: PCI: Interrupt link LNKB configured for IRQ 10
[    0.212487] ACPI: PCI: Interrupt link LNKC configured for IRQ 11
[    0.212651] ACPI: PCI: Interrupt link LNKD configured for IRQ 11
[    0.213446] ACPI: PCI: Interrupt link LNKS configured for IRQ 9
[    0.214335] iommu: Default domain type: Translated
[    0.214561] iommu: DMA domain TLB invalidation policy: lazy mode
[    0.215334] SCSI subsystem initialized
[    0.215586] pps_core: LinuxPPS API ver. 1 registered
[    0.216195] pps_core: Software ver. 5.3.6 - Copyright 2005-2007 Rodolfo Giometti <giometti@linux.it>
[    0.216562] PTP clock support registered
[    0.217047] Advanced Linux Sound Architecture Driver Initialized.
[    0.217819] NET: Registered PF_ATMPVC protocol family
[    0.218434] NET: Registered PF_ATMSVC protocol family
[    0.218565] PCI: Using ACPI for IRQ routing
[    0.219157] vgaarb: loaded
[    0.219574] hpet0: at MMIO 0xfed00000, IRQs 2, 8, 0
[    0.220172] hpet0: 3 comparators, 64-bit 100.000000 MHz counter
[    0.224953] clocksource: Switched to clocksource kvm-clock
[    0.225414] VFS: Disk quotas dquot_6.6.0
[    0.225919] VFS: Dquot-cache hash table entries: 512 (order 0, 4096 bytes)
[    0.226807] pnp: PnP ACPI init
[    0.227347] pnp: PnP ACPI: found 5 devices
[    0.234338] clocksource: acpi_pm: mask: 0xffffff max_cycles: 0xffffff, max_idle_ns: 2085701024 ns
[    0.235428] NET: Registered PF_INET protocol family
[    0.236037] IP idents hash table entries: 16384 (order: 5, 131072 bytes, linear)
[    0.237070] tcp_listen_portaddr_hash hash table entries: 512 (order: 1, 8192 bytes, linear)
[    0.238094] Table-perturb hash table entries: 65536 (order: 6, 262144 bytes, linear)
[    0.239038] TCP established hash table entries: 8192 (order: 4, 65536 bytes, linear)
[    0.239975] TCP bind hash table entries: 8192 (order: 6, 262144 bytes, linear)
[    0.240955] TCP: Hash tables configured (established 8192 bind 8192)
[    0.241749] UDP hash table entries: 512 (order: 3, 32768 bytes, linear)
[    0.242559] UDP-Lite hash table entries: 512 (order: 3, 32768 bytes, linear)
[    0.243442] NET: Registered PF_UNIX/PF_LOCAL protocol family
[    0.244137] pci_bus 0000:00: resource 4 [io  0x0000-0x0cf7 window]
[    0.244887] pci_bus 0000:00: resource 5 [io  0x0d00-0xffff window]
[    0.245644] pci_bus 0000:00: resource 6 [mem 0x000a0000-0x000bffff window]
[    0.246480] pci_bus 0000:00: resource 7 [mem 0x40000000-0xfebfffff window]
[    0.247315] pci_bus 0000:00: resource 8 [mem 0x100000000-0x17fffffff window]
[    0.248190] pci 0000:00:01.0: PIIX3: Enabling Passive Release
[    0.248887] pci 0000:00:00.0: Limiting direct PCI/PCI transfers
[    0.249639] PCI: CLS 0 bytes, default 64
[    0.250172] kvm_intel: VMX not supported by CPU 0
[    0.250748] kvm_amd: TSC scaling supported
[    0.251248] kvm_amd: Nested Virtualization enabled
[    0.251824] kvm_amd: Nested Paging enabled
[    0.252323] kvm_amd: LBR virtualization supported
[    0.252913] kvm_amd: Virtual GIF supported
[    0.253417] kvm_amd: Virtual NMI enabled
[    0.285489] clocksource: tsc: mask: 0xffffffffffffffff max_cycles: 0x40be400eb43, max_idle_ns: 440795366972 ns
[    0.291911] Initialise system trusted keyrings
[    0.292532] workingset: timestamp_bits=56 max_order=18 bucket_order=0
[    0.293345] squashfs: version 4.0 (2009/01/31) Phillip Lougher
[    0.294074] fuse: init (API version 7.41)
[    0.294599] 9p: Installing v9fs 9p2000 file system support
[    0.301724] Key type asymmetric registered
[    0.302240] Asymmetric key parser 'x509' registered
[    0.302848] Block layer SCSI generic (bsg) driver version 0.4 loaded (major 249)
[    0.303775] io scheduler mq-deadline registered
[    0.304340] io scheduler kyber registered
[    0.306277] input: Power Button as /devices/LNXSYSTM:00/LNXPWRBN:00/input/input0
[    0.307229] ACPI: button: Power Button [PWRF]
[    0.308120] Warning: Processor Platform Limit event detected, but not handled.
[    0.309011] Consider compiling CPUfreq support into your kernel.
[    0.326291] ACPI: \_SB_.LNKB: Enabled at IRQ 10
[    0.341793] ACPI: \_SB_.LNKC: Enabled at IRQ 11
[    0.357193] ACPI: \_SB_.LNKA: Enabled at IRQ 10
[    0.358258] Serial: 8250/16550 driver, 4 ports, IRQ sharing enabled
[    0.359122] 00:03: ttyS0 at I/O 0x3f8 (irq = 4, base_baud = 115200) is a 16550A
[    0.385115] Non-volatile memory driver v1.3
[    0.385658] Linux agpgart interface v0.103
[    0.386189] printk: legacy console [hvc0] enabled
[    0.386225] ACPI: bus type drm_connector registered
[    0.386777] printk: legacy bootconsole [earlyser0] disabled
          _      _                                    
   __   _(_)_ __| |_ _ __ ___   ___       _ __   __ _ 
   \ \ / / |  __| __|  _   _ \ / _ \_____|  _ \ / _  |
    \ V /| | |  | |_| | | | | |  __/_____| | | | (_| |
     \_/ |_|_|   \__|_| |_| |_|\___|     |_| |_|\__  |
                                                |___/ 
   kernel version: 6.13.0-virtme x86_64
   (CTRL+d to exit)

root@virtme-ng:/nipa-data/kernel# PS1='xx__-> '
xx__-> env
PWD=/nipa-data/kernel
nr_open=1048576
HOME=/
TERM=xterm
SHLVL=2
XDG_RUNTIME_DIR=/run/user/0
PATH=/bin:/sbin:/usr/bin:/usr/sbin:/usr/local/bin
OLDPWD=/
_=/bin/env
xx__-> 