No EFI environment detected.
early console in extract_kernel
input_data: 0x0000000004cb82c4
input_len: 0x00000000018d3268
output: 0x0000000001000000
output_len: 0x00000000055157ec
kernel_total_size: 0x0000000005030000
needed_size: 0x0000000005600000
trampoline_32bit: 0x0000000000000000
Physical KASLR using RDRAND RDTSC...
Virtual KASLR using RDRAND RDTSC...

Decompressing Linux... Parsing ELF... Performing relocations... done.
Booting the kernel (entry_offset: 0x0000000000000000).
[    0.000000] Linux version 6.12.0-rc3-virtme (root@746d59372c81) (gcc (Ubuntu 13.2.0-23ubuntu4) 13.2.0, GNU ld (GNU Binutils for Ubuntu) 2.42) #1 SMP PREEMPT_DYNAMIC Wed Oct 23 12:26:23 UTC 2024
[    0.000000] Command line: virtme_hostname=virtme-ng nr_open=1048576 virtme_link_mods=/nipa-data/kernel/.virtme_mods/lib/modules/0.0.0 virtme_initmount0=nipa-data/kernel virtme_rw_overlay0=/etc virtme_rw_overlay1=/lib virtme_rw_overlay2=/home virtme_rw_overlay3=/opt virtme_rw_overlay4=/srv virtme_rw_overlay5=/usr virtme_rw_overlay6=/var console=hvc0 earlyprintk=serial,ttyS0,115200 virtme_console=ttyS0 psmouse.proto=exps TERM=xterm virtme_chdir=nipa-data/kernel virtme_root_user=1 rootfstype=9p rootflags=version=9p2000.L,trans=virtio,access=any raid=noautodetect ro init=/usr/lib/python3/dist-packages/virtme/guest/virtme-init
[    0.000000] BIOS-provided physical RAM map:
[    0.000000] BIOS-e820: [mem 0x0000000000000000-0x000000000009fbff] usable
[    0.000000] BIOS-e820: [mem 0x000000000009fc00-0x000000000009ffff] reserved
[    0.000000] BIOS-e820: [mem 0x00000000000f0000-0x00000000000fffff] reserved
[    0.000000] BIOS-e820: [mem 0x0000000000100000-0x000000003ffdffff] usable
[    0.000000] BIOS-e820: [mem 0x000000003ffe0000-0x000000003fffffff] reserved
[    0.000000] BIOS-e820: [mem 0x00000000feffc000-0x00000000feffffff] reserved
[    0.000000] BIOS-e820: [mem 0x00000000fffc0000-0x00000000ffffffff] reserved
[    0.000000] BIOS-e820: [mem 0x000000fd00000000-0x000000ffffffffff] reserved
[    0.000000] printk: legacy bootconsole [earlyser0] enabled
[    0.000000] NX (Execute Disable) protection: active
[    0.000000] APIC: Static calls initialized
[    0.000000] SMBIOS 3.0.0 present.
[    0.000000] DMI: QEMU Ubuntu 24.04 PC (i440FX + PIIX, 1996), BIOS 1.16.3-debian-1.16.3-2 04/01/2014
[    0.000000] DMI: Memory slots populated: 1/1
[    0.000000] Hypervisor detected: KVM
[    0.000000] kvm-clock: Using msrs 4b564d01 and 4b564d00
[    0.000000] kvm-clock: using sched offset of 298828861 cycles
[    0.000357] clocksource: kvm-clock: mask: 0xffffffffffffffff max_cycles: 0x1cd42e4dffb, max_idle_ns: 881590591483 ns
[    0.001455] tsc: Detected 4491.560 MHz processor
[    0.002102] last_pfn = 0x3ffe0 max_arch_pfn = 0x400000000
[    0.002490] MTRR map: 4 entries (3 fixed + 1 variable; max 19), built from 8 variable MTRRs
[    0.003057] x86/PAT: Configuration [0-7]: WB  WC  UC- UC  WB  WP  UC- WT  
[    0.005007] found SMP MP-table at [mem 0x000f5470-0x000f547f]
[    0.005401] Using GB pages for direct mapping
[    0.005893] ACPI: Early table checksum verification disabled
[    0.006275] ACPI: RSDP 0x00000000000F5290 000014 (v00 BOCHS )
[    0.006664] ACPI: RSDT 0x000000003FFE27BC 000034 (v01 BOCHS  BXPC     00000001 BXPC 00000001)
[    0.007246] ACPI: FACP 0x000000003FFE2578 000074 (v01 BOCHS  BXPC     00000001 BXPC 00000001)
[    0.007824] ACPI: DSDT 0x000000003FFE0040 002538 (v01 BOCHS  BXPC     00000001 BXPC 00000001)
[    0.008405] ACPI: FACS 0x000000003FFE0000 000040
[    0.008719] ACPI: APIC 0x000000003FFE25EC 000170 (v03 BOCHS  BXPC     00000001 BXPC 00000001)
[    0.009295] ACPI: HPET 0x000000003FFE275C 000038 (v01 BOCHS  BXPC     00000001 BXPC 00000001)
[    0.009875] ACPI: WAET 0x000000003FFE2794 000028 (v01 BOCHS  BXPC     00000001 BXPC 00000001)
[    0.010448] ACPI: Reserving FACP table memory at [mem 0x3ffe2578-0x3ffe25eb]
[    0.010922] ACPI: Reserving DSDT table memory at [mem 0x3ffe0040-0x3ffe2577]
[    0.011394] ACPI: Reserving FACS table memory at [mem 0x3ffe0000-0x3ffe003f]
[    0.011867] ACPI: Reserving APIC table memory at [mem 0x3ffe25ec-0x3ffe275b]
[    0.012343] ACPI: Reserving HPET table memory at [mem 0x3ffe275c-0x3ffe2793]
[    0.012816] ACPI: Reserving WAET table memory at [mem 0x3ffe2794-0x3ffe27bb]
[    0.013475] No NUMA configuration found
[    0.013733] Faking a node at [mem 0x0000000000000000-0x000000003ffdffff]
[    0.014185] NODE_DATA(0) allocated [mem 0x3ffdb780-0x3ffdffff]
[    0.014592] Zone ranges:
[    0.014766]   DMA      [mem 0x0000000000001000-0x0000000000ffffff]
[    0.015184]   DMA32    [mem 0x0000000001000000-0x000000003ffdffff]
[    0.015601]   Normal   empty
[    0.015799]   Device   empty
[    0.015993] Movable zone start for each node
[    0.016283] Early memory node ranges
[    0.016523]   node   0: [mem 0x0000000000001000-0x000000000009efff]
[    0.016943]   node   0: [mem 0x0000000000100000-0x000000003ffdffff]
[    0.017364] Initmem setup node 0 [mem 0x0000000000001000-0x000000003ffdffff]
[    0.017841] On node 0, zone DMA: 1 pages in unavailable ranges
[    0.018287] On node 0, zone DMA: 97 pages in unavailable ranges
[    0.022878] On node 0, zone DMA32: 32 pages in unavailable ranges
[    0.032062] kasan: KernelAddressSanitizer initialized
[    0.032635] ACPI: PM-Timer IO Port: 0x608
[    0.032916] ACPI: LAPIC_NMI (acpi_id[0xff] dfl dfl lint[0x1])
[    0.033325] IOAPIC[0]: apic_id 0, version 17, address 0xfec00000, GSI 0-23
[    0.033789] ACPI: INT_SRC_OVR (bus 0 bus_irq 0 global_irq 2 dfl dfl)
[    0.034218] ACPI: INT_SRC_OVR (bus 0 bus_irq 5 global_irq 5 high level)
[    0.034663] ACPI: INT_SRC_OVR (bus 0 bus_irq 9 global_irq 9 high level)
[    0.035109] ACPI: INT_SRC_OVR (bus 0 bus_irq 10 global_irq 10 high level)
[    0.035566] ACPI: INT_SRC_OVR (bus 0 bus_irq 11 global_irq 11 high level)
[    0.036025] ACPI: Using ACPI (MADT) for SMP configuration information
[    0.036462] ACPI: HPET id: 0x8086a201 base: 0xfed00000
[    0.036810] TSC deadline timer available
[    0.037085] CPU topo: Max. logical packages:   1
[    0.037397] CPU topo: Max. logical dies:       1
[    0.037707] CPU topo: Max. dies per package:   1
[    0.038028] CPU topo: Max. threads per core:   1
[    0.038340] CPU topo: Num. cores per package:    32
[    0.038668] CPU topo: Num. threads per package:  32
[    0.038996] CPU topo: Allowing 32 present CPUs plus 0 hotplug CPUs
[    0.039427] kvm-guest: APIC: eoi() replaced with kvm_guest_apic_eoi_write()
[    0.039913] kvm-guest: KVM setup pv remote TLB flush
[    0.040264] kvm-guest: setup PV sched yield
[    0.040553] PM: hibernation: Registered nosave memory: [mem 0x00000000-0x00000fff]
[    0.041065] PM: hibernation: Registered nosave memory: [mem 0x0009f000-0x0009ffff]
[    0.041574] PM: hibernation: Registered nosave memory: [mem 0x000a0000-0x000effff]
[    0.042085] PM: hibernation: Registered nosave memory: [mem 0x000f0000-0x000fffff]
[    0.042595] [mem 0x40000000-0xfeffbfff] available for PCI devices
[    0.043007] Booting paravirtualized kernel on KVM
[    0.043325] clocksource: refined-jiffies: mask: 0xffffffff max_cycles: 0xffffffff, max_idle_ns: 1910969940391419 ns
[    0.052073] setup_percpu: NR_CPUS:64 nr_cpumask_bits:32 nr_cpu_ids:32 nr_node_ids:1
[    0.053835] percpu: Embedded 70 pages/cpu s248792 r8192 d29736 u524288
[    0.054341] Kernel command line: virtme_hostname=virtme-ng nr_open=1048576 virtme_link_mods=/nipa-data/kernel/.virtme_mods/lib/modules/0.0.0 virtme_initmount0=nipa-data/kernel virtme_rw_overlay0=/etc virtme_rw_overlay1=/lib virtme_rw_overlay2=/home virtme_rw_overlay3=/opt virtme_rw_overlay4=/srv virtme_rw_overlay5=/usr virtme_rw_overlay6=/var console=hvc0 earlyprintk=serial,ttyS0,115200 virtme_console=ttyS0 psmouse.proto=exps TERM=xterm virtme_chdir=nipa-data/kernel virtme_root_user=1 rootfstype=9p rootflags=version=9p2000.L,trans=virtio,access=any raid=noautodetect ro init=/usr/lib/python3/dist-packages/virtme/guest/virtme-init
[    0.058339] Unknown kernel command line parameters "virtme_hostname=virtme-ng nr_open=1048576 virtme_link_mods=/nipa-data/kernel/.virtme_mods/lib/modules/0.0.0 virtme_initmount0=nipa-data/kernel virtme_rw_overlay0=/etc virtme_rw_overlay1=/lib virtme_rw_overlay2=/home virtme_rw_overlay3=/opt virtme_rw_overlay4=/srv virtme_rw_overlay5=/usr virtme_rw_overlay6=/var virtme_console=ttyS0 virtme_chdir=nipa-data/kernel virtme_root_user=1", will be passed to user space.
[    0.061355] random: crng init done
[    0.061611] Dentry cache hash table entries: 131072 (order: 8, 1048576 bytes, linear)
[    0.062165] Inode-cache hash table entries: 65536 (order: 7, 524288 bytes, linear)
[    0.063108] Fallback order for Node 0: 0 
[    0.063113] Built 1 zonelists, mobility grouping on.  Total pages: 262014
[    0.063864] Policy zone: DMA32
[    0.064076] mem auto-init: stack:all(zero), heap alloc:off, heap free:off
[    0.064552] stackdepot: allocating hash table via alloc_large_system_hash
[    0.065024] stackdepot hash table entries: 1048576 (order: 12, 16777216 bytes, linear)
[    0.073192] SLUB: HWalign=64, Order=0-3, MinObjects=0, CPUs=32, Nodes=1
Poking KASLR using RDRAND RDTSC...
[    0.073940] ftrace: allocating 48617 entries in 190 pages
[    0.082552] ftrace: allocated 190 pages with 6 groups
[    0.083771] Dynamic Preempt: voluntary
[    0.084482] rcu: Preemptible hierarchical RCU implementation.
[    0.084877] rcu: RCU event tracing is enabled.
[    0.085193] rcu: RCU restricting CPUs from NR_CPUS=64 to nr_cpu_ids=32.
[    0.085655] Trampoline variant of Tasks RCU enabled.
[    0.086002] Rude variant of Tasks RCU enabled.
[    0.086314] Tracing variant of Tasks RCU enabled.
[    0.086643] rcu: RCU calculated value of scheduler-enlistment delay is 100 jiffies.
[    0.087169] rcu: Adjusting geometry for rcu_fanout_leaf=16, nr_cpu_ids=32
[    0.087703] RCU Tasks: Setting shift to 5 and lim to 1 rcu_task_cb_adjust=1 rcu_task_cpu_ids=32.
[    0.088313] RCU Tasks Rude: Setting shift to 5 and lim to 1 rcu_task_cb_adjust=1 rcu_task_cpu_ids=32.
[    0.088949] RCU Tasks Trace: Setting shift to 5 and lim to 1 rcu_task_cb_adjust=1 rcu_task_cpu_ids=32.
[    0.097753] NR_IRQS: 4352, nr_irqs: 680, preallocated irqs: 16
[    0.098403] rcu: srcu_init: Setting srcu_struct sizes based on contention.
[    0.099088] Console: colour *CGA 80x25
[    0.099379] ACPI: Core revision 20240827
[    0.099799] clocksource: hpet: mask: 0xffffffff max_cycles: 0xffffffff, max_idle_ns: 19112604467 ns
[    0.100540] APIC: Switch to symmetric I/O mode setup
[    0.100886] kvm-guest: APIC: send_IPI_mask() replaced with kvm_send_ipi_mask()
[    0.101384] kvm-guest: APIC: send_IPI_mask_allbutself() replaced with kvm_send_ipi_mask_allbutself()
[    0.101997] kvm-guest: setup PV IPIs
[    0.103077] ..TIMER: vector=0x30 apic1=0 pin1=2 apic2=-1 pin2=-1
[    0.103850] clocksource: tsc-early: mask: 0xffffffffffffffff max_cycles: 0x40be4320a4d, max_idle_ns: 440795288133 ns
[    0.105190] Calibrating delay loop (skipped) preset value.. 8983.12 BogoMIPS (lpj=4491560)
[    0.106252] x86/cpu: User Mode Instruction Prevention (UMIP) activated
[    0.107246] Last level iTLB entries: 4KB 512, 2MB 255, 4MB 127
[    0.108188] Last level dTLB entries: 4KB 512, 2MB 255, 4MB 127, 1GB 0
[    0.109193] Spectre V1 : Mitigation: usercopy/swapgs barriers and __user pointer sanitization
[    0.110192] Spectre V2 : Mitigation: Enhanced / Automatic IBRS
[    0.110910] Spectre V2 : Spectre v2 / SpectreRSB mitigation: Filling RSB on context switch
[    0.111190] Spectre V2 : mitigation: Enabling conditional Indirect Branch Prediction Barrier
[    0.112190] Speculative Store Bypass: Mitigation: Speculative Store Bypass disabled via prctl
[    0.113188] Speculative Return Stack Overflow: IBPB-extending microcode not applied!
[    0.114188] Speculative Return Stack Overflow: WARNING: See https://kernel.org/doc/html/latest/admin-guide/hw-vuln/srso.html for mitigation options.
[    0.114189] Speculative Return Stack Overflow: Vulnerable: Safe RET, no microcode
[    0.116204] x86/fpu: Supporting XSAVE feature 0x001: 'x87 floating point registers'
[    0.117188] x86/fpu: Supporting XSAVE feature 0x002: 'SSE registers'
[    0.118188] x86/fpu: Supporting XSAVE feature 0x004: 'AVX registers'
[    0.119188] x86/fpu: Supporting XSAVE feature 0x020: 'AVX-512 opmask'
[    0.120188] x86/fpu: Supporting XSAVE feature 0x040: 'AVX-512 Hi256'
[    0.120957] x86/fpu: Supporting XSAVE feature 0x080: 'AVX-512 ZMM_Hi256'
[    0.121188] x86/fpu: Supporting XSAVE feature 0x200: 'Protection Keys User registers'
[    0.122188] x86/fpu: xstate_offset[2]:  576, xstate_sizes[2]:  256
[    0.123188] x86/fpu: xstate_offset[5]:  832, xstate_sizes[5]:   64
[    0.124188] x86/fpu: xstate_offset[6]:  896, xstate_sizes[6]:  512
[    0.124936] x86/fpu: xstate_offset[7]: 1408, xstate_sizes[7]: 1024
[    0.125188] x86/fpu: xstate_offset[9]: 2432, xstate_sizes[9]:    8
[    0.126188] x86/fpu: Enabled xstate features 0x2e7, context size is 2440 bytes, using 'compacted' format.
[    0.149021] Freeing SMP alternatives memory: 40K
[    0.149189] pid_max: default: 32768 minimum: 301
[    0.150288] Mount-cache hash table entries: 2048 (order: 2, 16384 bytes, linear)
[    0.151183] Mountpoint-cache hash table entries: 2048 (order: 2, 16384 bytes, linear)
[    0.152760] smpboot: CPU0: AMD Ryzen 9 7950X 16-Core Processor (family: 0x19, model: 0x61, stepping: 0x2)
[    0.153650] Performance Events: Fam17h+ core perfctr, AMD PMU driver.
[    0.154193] ... version:                0
[    0.154677] ... bit width:              48
[    0.155175] ... generic registers:      6
[    0.155190] ... value mask:             0000ffffffffffff
[    0.155832] ... max period:             00007fffffffffff
[    0.156190] ... fixed-purpose events:   0
[    0.156676] ... event mask:             000000000000003f
[    0.157302] signal: max sigframe size: 3376
[    0.157851] rcu: Hierarchical SRCU implementation.
[    0.158190] rcu: Max phase no-delay instances is 400.
[    0.158891] Timer migration: 2 hierarchy levels; 8 children per group; 2 crossnode level
[    0.162934] smp: Bringing up secondary CPUs ...
[    0.163489] smpboot: x86: Booting SMP configuration:
[    0.164093] .... node  #0, CPUs:        #1  #2  #3  #4  #5  #6  #7  #8  #9 #10 #11 #12 #13 #14 #15 #16 #17 #18 #19 #20 #21 #22 #23 #24 #25 #26 #27 #28 #29 #30 #31
[    0.189294] smp: Brought up 1 node, 32 CPUs
[    0.190705] smpboot: Total of 32 processors activated (287459.84 BogoMIPS)
[    0.195201] Memory: 763408K/1048056K available (45056K kernel code, 11390K rwdata, 10012K rodata, 6008K init, 1776K bss, 269024K reserved, 0K cma-reserved)
[    0.196307] devtmpfs: initialized
[    0.196765] x86/mm: Memory block size: 128MB
[    0.203303] clocksource: jiffies: mask: 0xffffffff max_cycles: 0xffffffff, max_idle_ns: 1911260446275000 ns
[    0.204194] futex hash table entries: 8192 (order: 7, 524288 bytes, linear)
[    0.205358] PM: RTC time: 12:26:50, date: 2024-10-23
[    0.206701] NET: Registered PF_NETLINK/PF_ROUTE protocol family
[    0.208036] thermal_sys: Registered thermal governor 'step_wise'
[    0.208038] thermal_sys: Registered thermal governor 'user_space'
[    0.208218] cpuidle: using governor menu
[    0.210500] PCI: Using configuration type 1 for base access
[    0.211187] PCI: Using configuration type 1 for extended access
[    0.211316] kprobes: kprobe jump-optimization is enabled. All kprobes are optimized if possible.
[    0.224369] HugeTLB: registered 1.00 GiB page size, pre-allocated 0 pages
[    0.225190] HugeTLB: 16380 KiB vmemmap can be freed for a 1.00 GiB page
[    0.226019] HugeTLB: registered 2.00 MiB page size, pre-allocated 0 pages
[    0.227190] HugeTLB: 28 KiB vmemmap can be freed for a 2.00 MiB page
[    0.228504] ACPI: Added _OSI(Module Device)
[    0.229191] ACPI: Added _OSI(Processor Device)
[    0.229747] ACPI: Added _OSI(3.0 _SCP Extensions)
[    0.230190] ACPI: Added _OSI(Processor Aggregator Device)
[    0.253394] ACPI: 1 ACPI AML tables successfully acquired and loaded
[    0.257980] ACPI: Interpreter enabled
[    0.258247] ACPI: PM: (supports S0 S3 S4 S5)
[    0.258781] ACPI: Using IOAPIC for interrupt routing
[    0.259237] PCI: Using host bridge windows from ACPI; if necessary, use "pci=nocrs" and report a bug
[    0.261190] PCI: Using E820 reservations for host bridge windows
[    0.262992] ACPI: Enabled 2 GPEs in block 00 to 0F
[    0.308554] ACPI: PCI Root Bridge [PCI0] (domain 0000 [bus 00-ff])
[    0.309206] acpi PNP0A03:00: _OSC: OS supports [ExtendedConfig ASPM ClockPM Segments MSI HPX-Type3]
[    0.310670] PCI host bridge to bus 0000:00
[    0.311241] pci_bus 0000:00: root bus resource [io  0x0000-0x0cf7 window]
[    0.312095] pci_bus 0000:00: root bus resource [io  0x0d00-0xffff window]
[    0.313192] pci_bus 0000:00: root bus resource [mem 0x000a0000-0x000bffff window]
[    0.314134] pci_bus 0000:00: root bus resource [mem 0x40000000-0xfebfffff window]
[    0.315192] pci_bus 0000:00: root bus resource [mem 0x100000000-0x17fffffff window]
[    0.316183] pci_bus 0000:00: root bus resource [bus 00-ff]
[    0.317286] pci 0000:00:00.0: [8086:1237] type 00 class 0x060000 conventional PCI endpoint
[    0.319031] pci 0000:00:01.0: [8086:7000] type 00 class 0x060100 conventional PCI endpoint
[    0.321072] pci 0000:00:01.1: [8086:7010] type 00 class 0x010180 conventional PCI endpoint
[    0.323961] pci 0000:00:01.1: BAR 4 [io  0xc0c0-0xc0cf]
[    0.325022] pci 0000:00:01.1: BAR 0 [io  0x01f0-0x01f7]: legacy IDE quirk
[    0.326191] pci 0000:00:01.1: BAR 1 [io  0x03f6]: legacy IDE quirk
[    0.326962] pci 0000:00:01.1: BAR 2 [io  0x0170-0x0177]: legacy IDE quirk
[    0.328190] pci 0000:00:01.1: BAR 3 [io  0x0376]: legacy IDE quirk
[    0.329623] pci 0000:00:01.3: [8086:7113] type 00 class 0x068000 conventional PCI endpoint
[    0.330450] pci 0000:00:01.3: quirk: [io  0x0600-0x063f] claimed by PIIX4 ACPI
[    0.331194] pci 0000:00:01.3: quirk: [io  0x0700-0x070f] claimed by PIIX4 SMB
[    0.332897] pci 0000:00:02.0: [1af4:1009] type 00 class 0x000200 conventional PCI endpoint
[    0.334628] pci 0000:00:02.0: BAR 0 [io  0xc000-0xc03f]
[    0.335577] pci 0000:00:02.0: BAR 1 [mem 0xfebfc000-0xfebfcfff]
[    0.339738] pci 0000:00:02.0: BAR 4 [mem 0xfebf0000-0xfebf3fff 64bit pref]
[    0.352216] pci 0000:00:03.0: [1af4:1009] type 00 class 0x000200 conventional PCI endpoint
[    0.354046] pci 0000:00:03.0: BAR 0 [io  0xc040-0xc07f]
[    0.355810] pci 0000:00:03.0: BAR 1 [mem 0xfebfd000-0xfebfdfff]
[    0.357789] pci 0000:00:03.0: BAR 4 [mem 0xfebf4000-0xfebf7fff 64bit pref]
[    0.370857] pci 0000:00:04.0: [8086:25ab] type 00 class 0x088000 conventional PCI endpoint
[    0.372381] pci 0000:00:04.0: BAR 0 [mem 0xfebfe000-0xfebfe00f]
[    0.384849] pci 0000:00:05.0: [1af4:1003] type 00 class 0x078000 conventional PCI endpoint
[    0.385884] pci 0000:00:05.0: BAR 0 [io  0xc080-0xc0bf]
[    0.387806] pci 0000:00:05.0: BAR 1 [mem 0xfebff000-0xfebfffff]
[    0.389786] pci 0000:00:05.0: BAR 4 [mem 0xfebf8000-0xfebfbfff 64bit pref]
[    0.405046] ACPI: PCI: Interrupt link LNKA configured for IRQ 10
[    0.406102] ACPI: PCI: Interrupt link LNKB configured for IRQ 10
[    0.408079] ACPI: PCI: Interrupt link LNKC configured for IRQ 11
[    0.410075] ACPI: PCI: Interrupt link LNKD configured for IRQ 11
[    0.410560] ACPI: PCI: Interrupt link LNKS configured for IRQ 9
[    0.429941] iommu: Default domain type: Translated
[    0.430190] iommu: DMA domain TLB invalidation policy: lazy mode
[    0.431396] SCSI subsystem initialized
[    0.432237] pps_core: LinuxPPS API ver. 1 registered
[    0.432826] pps_core: Software ver. 5.3.6 - Copyright 2005-2007 Rodolfo Giometti <giometti@linux.it>
[    0.434204] PTP clock support registered
[    0.435302] Advanced Linux Sound Architecture Driver Initialized.
[    0.436237] NET: Registered PF_ATMPVC protocol family
[    0.436877] NET: Registered PF_ATMSVC protocol family
[    0.438227] PCI: Using ACPI for IRQ routing
[    0.438880] vgaarb: loaded
[    0.439308] hpet0: at MMIO 0xfed00000, IRQs 2, 8, 0
[    0.439927] hpet0: 3 comparators, 64-bit 100.000000 MHz counter
[    0.445189] clocksource: Switched to clocksource kvm-clock
[    0.446421] VFS: Disk quotas dquot_6.6.0
[    0.446924] VFS: Dquot-cache hash table entries: 512 (order 0, 4096 bytes)
[    0.451897] pnp: PnP ACPI init
[    0.455523] pnp: PnP ACPI: found 5 devices
[    0.467200] clocksource: acpi_pm: mask: 0xffffff max_cycles: 0xffffff, max_idle_ns: 2085701024 ns
[    0.468376] NET: Registered PF_INET protocol family
[    0.469020] IP idents hash table entries: 16384 (order: 5, 131072 bytes, linear)
[    0.470346] tcp_listen_portaddr_hash hash table entries: 512 (order: 1, 8192 bytes, linear)
[    0.471400] Table-perturb hash table entries: 65536 (order: 6, 262144 bytes, linear)
[    0.472386] TCP established hash table entries: 8192 (order: 4, 65536 bytes, linear)
[    0.473450] TCP bind hash table entries: 8192 (order: 6, 262144 bytes, linear)
[    0.474371] TCP: Hash tables configured (established 8192 bind 8192)
[    0.475320] UDP hash table entries: 512 (order: 2, 16384 bytes, linear)
[    0.476178] UDP-Lite hash table entries: 512 (order: 2, 16384 bytes, linear)
[    0.477274] NET: Registered PF_UNIX/PF_LOCAL protocol family
[    0.478002] pci_bus 0000:00: resource 4 [io  0x0000-0x0cf7 window]
[    0.478781] pci_bus 0000:00: resource 5 [io  0x0d00-0xffff window]
[    0.479553] pci_bus 0000:00: resource 6 [mem 0x000a0000-0x000bffff window]
[    0.480413] pci_bus 0000:00: resource 7 [mem 0x40000000-0xfebfffff window]
[    0.481267] pci_bus 0000:00: resource 8 [mem 0x100000000-0x17fffffff window]
[    0.482348] pci 0000:00:01.0: PIIX3: Enabling Passive Release
[    0.483064] pci 0000:00:00.0: Limiting direct PCI/PCI transfers
[    0.483848] PCI: CLS 0 bytes, default 64
[    0.484549] kvm_intel: VMX not supported by CPU 8
[    0.485163] kvm_amd: TSC scaling supported
[    0.485687] kvm_amd: Nested Virtualization enabled
[    0.486289] kvm_amd: Nested Paging enabled
[    0.486805] kvm_amd: LBR virtualization supported
[    0.487407] kvm_amd: Virtual VMLOAD VMSAVE supported
[    0.488028] kvm_amd: Virtual GIF supported
[    0.488540] kvm_amd: Virtual NMI enabled
[    0.532865] clocksource: tsc: mask: 0xffffffffffffffff max_cycles: 0x40be4320a4d, max_idle_ns: 440795288133 ns
[    0.551890] Initialise system trusted keyrings
[    0.552612] workingset: timestamp_bits=56 max_order=18 bucket_order=0
[    0.553535] squashfs: version 4.0 (2009/01/31) Phillip Lougher
[    0.554290] fuse: init (API version 7.41)
[    0.554934] 9p: Installing v9fs 9p2000 file system support
[    0.564792] Key type asymmetric registered
[    0.565319] Asymmetric key parser 'x509' registered
[    0.565989] Block layer SCSI generic (bsg) driver version 0.4 loaded (major 249)
[    0.566963] io scheduler mq-deadline registered
[    0.567537] io scheduler kyber registered
[    0.570208] input: Power Button as /devices/LNXSYSTM:00/LNXPWRBN:00/input/input0
[    0.571376] ACPI: button: Power Button [PWRF]
[    0.573272] Warning: Processor Platform Limit event detected, but not handled.
[    0.574198] Consider compiling CPUfreq support into your kernel.
[    1.386857] ACPI: \_SB_.LNKB: Enabled at IRQ 10
[    2.192762] ACPI: \_SB_.LNKC: Enabled at IRQ 11
[    2.997536] ACPI: \_SB_.LNKA: Enabled at IRQ 10
[    2.998921] Serial: 8250/16550 driver, 4 ports, IRQ sharing enabled
[    3.000036] 00:03: ttyS0 at I/O 0x3f8 (irq = 4, base_baud = 115200) is a 16550A
[    3.024957] Non-volatile memory driver v1.3
[    3.025503] Linux agpgart interface v0.103
[    3.026256] ACPI: bus type drm_connector registered
[    3.026890] printk: legacy console [hvc0] enabled
[    3.027491] printk: legacy bootconsole [earlyser0] disabled
          _      _                                    
   __   _(_)_ __| |_ _ __ ___   ___       _ __   __ _ 
   \ \ / / |  __| __|  _   _ \ / _ \_____|  _ \ / _  |
    \ V /| | |  | |_| | | | | |  __/_____| | | | (_| |
     \_/ |_|_|   \__|_| |_| |_|\___|     |_| |_|\__  |
                                                |___/ 
   kernel version: 6.12.0-rc3-virtme x86_64
   (CTRL+d to exit)

[?2004hroot@virtme-ng:/nipa-data/kernel# PS1='xx__-> '
xx__-> env
PWD=/nipa-data/kernel
nr_open=1048576
HOME=/
TERM=xterm
SHLVL=2
XDG_RUNTIME_DIR=/run/user/0
PATH=/bin:/sbin:/usr/bin:/usr/sbin:/usr/local/bin
OLDPWD=/
_=/bin/env
xx__-> 