No EFI environment detected.
early console in extract_kernel
input_data: 0x0000000002be52c4
input_len: 0x0000000000b47f9b
output: 0x0000000001000000
output_len: 0x00000000026e5708
kernel_total_size: 0x0000000002430000
needed_size: 0x0000000002800000
trampoline_32bit: 0x000000000009d000
Physical KASLR using RDRAND RDTSC...
Virtual KASLR using RDRAND RDTSC...

Decompressing Linux... Parsing ELF... Performing relocations... done.
Booting the kernel (entry_offset: 0x0000000000000000).
[    0.000000] Linux version 6.10.0-rc6-virtme (root@0b5704b335ac) (gcc (Ubuntu 13.2.0-23ubuntu4) 13.2.0, GNU ld (GNU Binutils for Ubuntu) 2.42) #1 SMP PREEMPT_DYNAMIC Thu Jul 11 18:07:13 UTC 2024
[    0.000000] Command line: virtme_hostname=virtme-ng nr_open=1048576 virtme_link_mods=/nipa-data/kernel/.virtme_mods/lib/modules/0.0.0 virtme_initmount0=nipa-data/kernel virtme_rw_overlay0=/etc virtme_rw_overlay1=/lib virtme_rw_overlay2=/home virtme_rw_overlay3=/opt virtme_rw_overlay4=/srv virtme_rw_overlay5=/usr virtme_rw_overlay6=/var console=hvc0 earlyprintk=serial,ttyS0,115200 virtme_console=ttyS0 psmouse.proto=exps TERM=xterm virtme_chdir=nipa-data/kernel virtme_root_user=1 rootfstype=9p rootflags=version=9p2000.L,trans=virtio,access=any raid=noautodetect ro init=/usr/lib/python3/dist-packages/virtme/guest/virtme-init
[    0.000000] x86/split lock detection: #DB: warning on user-space bus_locks
[    0.000000] BIOS-provided physical RAM map:
[    0.000000] BIOS-e820: [mem 0x0000000000000000-0x000000000009fbff] usable
[    0.000000] BIOS-e820: [mem 0x000000000009fc00-0x000000000009ffff] reserved
[    0.000000] BIOS-e820: [mem 0x00000000000f0000-0x00000000000fffff] reserved
[    0.000000] BIOS-e820: [mem 0x0000000000100000-0x000000003ffdffff] usable
[    0.000000] BIOS-e820: [mem 0x000000003ffe0000-0x000000003fffffff] reserved
[    0.000000] BIOS-e820: [mem 0x00000000feffc000-0x00000000feffffff] reserved
[    0.000000] BIOS-e820: [mem 0x00000000fffc0000-0x00000000ffffffff] reserved
[    0.000000] printk: legacy bootconsole [earlyser0] enabled
[    0.000000] NX (Execute Disable) protection: active
[    0.000000] APIC: Static calls initialized
[    0.000000] SMBIOS 3.0.0 present.
[    0.000000] DMI: QEMU Ubuntu 24.04 PC (i440FX + PIIX, 1996), BIOS 1.16.3-debian-1.16.3-2 04/01/2014
[    0.000000] DMI: Memory slots populated: 1/1
[    0.000000] Hypervisor detected: KVM
[    0.000000] kvm-clock: Using msrs 4b564d01 and 4b564d00
[    0.000001] kvm-clock: using sched offset of 1046145407 cycles
[    0.000767] clocksource: kvm-clock: mask: 0xffffffffffffffff max_cycles: 0x1cd42e4dffb, max_idle_ns: 881590591483 ns
[    0.003164] tsc: Detected 2000.000 MHz processor
[    0.004348] last_pfn = 0x3ffe0 max_arch_pfn = 0x10000000000
[    0.005223] MTRR map: 4 entries (3 fixed + 1 variable; max 19), built from 8 variable MTRRs
[    0.006452] x86/PAT: Configuration [0-7]: WB  WC  UC- UC  WB  WP  UC- WT  
Memory KASLR using RDRAND RDTSC...
[    0.016496] found SMP MP-table at [mem 0x000f5470-0x000f547f]
[    0.017356] Using GB pages for direct mapping
[    0.018054] ACPI: Early table checksum verification disabled
[    0.018885] ACPI: RSDP 0x00000000000F5290 000014 (v00 BOCHS )
[    0.019728] ACPI: RSDT 0x000000003FFE308E 000034 (v01 BOCHS  BXPC     00000001 BXPC 00000001)
[    0.020979] ACPI: FACP 0x000000003FFE2D8A 000074 (v01 BOCHS  BXPC     00000001 BXPC 00000001)
[    0.022239] ACPI: DSDT 0x000000003FFE0040 002D4A (v01 BOCHS  BXPC     00000001 BXPC 00000001)
[    0.023489] ACPI: FACS 0x000000003FFE0000 000040
[    0.024166] ACPI: APIC 0x000000003FFE2DFE 000230 (v03 BOCHS  BXPC     00000001 BXPC 00000001)
[    0.025420] ACPI: HPET 0x000000003FFE302E 000038 (v01 BOCHS  BXPC     00000001 BXPC 00000001)
[    0.026669] ACPI: WAET 0x000000003FFE3066 000028 (v01 BOCHS  BXPC     00000001 BXPC 00000001)
[    0.027916] ACPI: Reserving FACP table memory at [mem 0x3ffe2d8a-0x3ffe2dfd]
[    0.028946] ACPI: Reserving DSDT table memory at [mem 0x3ffe0040-0x3ffe2d89]
[    0.029981] ACPI: Reserving FACS table memory at [mem 0x3ffe0000-0x3ffe003f]
[    0.031011] ACPI: Reserving APIC table memory at [mem 0x3ffe2dfe-0x3ffe302d]
[    0.032040] ACPI: Reserving HPET table memory at [mem 0x3ffe302e-0x3ffe3065]
[    0.033069] ACPI: Reserving WAET table memory at [mem 0x3ffe3066-0x3ffe308d]
[    0.034458] No NUMA configuration found
[    0.035017] Faking a node at [mem 0x0000000000000000-0x000000003ffdffff]
[    0.035997] NODE_DATA(0) allocated [mem 0x3ffdb000-0x3ffdffff]
[    0.036982] Zone ranges:
[    0.037356]   DMA      [mem 0x0000000000001000-0x0000000000ffffff]
[    0.038261]   DMA32    [mem 0x0000000001000000-0x000000003ffdffff]
[    0.039164]   Normal   empty
[    0.039586]   Device   empty
[    0.040007] Movable zone start for each node
[    0.040631] Early memory node ranges
[    0.041152]   node   0: [mem 0x0000000000001000-0x000000000009efff]
[    0.042079]   node   0: [mem 0x0000000000100000-0x000000003ffdffff]
[    0.042995] Initmem setup node 0 [mem 0x0000000000001000-0x000000003ffdffff]
[    0.044031] On node 0, zone DMA: 1 pages in unavailable ranges
[    0.044922] On node 0, zone DMA: 97 pages in unavailable ranges
[    0.049471] On node 0, zone DMA32: 32 pages in unavailable ranges
[    0.050917] ACPI: PM-Timer IO Port: 0x608
[    0.051526] ACPI: LAPIC_NMI (acpi_id[0xff] dfl dfl lint[0x1])
[    0.052418] IOAPIC[0]: apic_id 0, version 17, address 0xfec00000, GSI 0-23
[    0.053434] ACPI: INT_SRC_OVR (bus 0 bus_irq 0 global_irq 2 dfl dfl)
[    0.054364] ACPI: INT_SRC_OVR (bus 0 bus_irq 5 global_irq 5 high level)
[    0.055330] ACPI: INT_SRC_OVR (bus 0 bus_irq 9 global_irq 9 high level)
[    0.056297] ACPI: INT_SRC_OVR (bus 0 bus_irq 10 global_irq 10 high level)
[    0.057289] ACPI: INT_SRC_OVR (bus 0 bus_irq 11 global_irq 11 high level)
[    0.058293] ACPI: Using ACPI (MADT) for SMP configuration information
[    0.059234] ACPI: HPET id: 0x8086a201 base: 0xfed00000
[    0.059988] TSC deadline timer available
[    0.060563] CPU topo: Max. logical packages:   1
[    0.061238] CPU topo: Max. logical dies:       1
[    0.061915] CPU topo: Max. dies per package:   1
[    0.062592] CPU topo: Max. threads per core:   1
[    0.063268] CPU topo: Num. cores per package:    56
[    0.063982] CPU topo: Num. threads per package:  56
[    0.064696] CPU topo: Allowing 56 present CPUs plus 0 hotplug CPUs
[    0.065628] kvm-guest: APIC: eoi() replaced with kvm_guest_apic_eoi_write()
[    0.066663] kvm-guest: KVM setup pv remote TLB flush
[    0.067394] kvm-guest: setup PV sched yield
[    0.068011] PM: hibernation: Registered nosave memory: [mem 0x00000000-0x00000fff]
[    0.069118] PM: hibernation: Registered nosave memory: [mem 0x0009f000-0x0009ffff]
[    0.070228] PM: hibernation: Registered nosave memory: [mem 0x000a0000-0x000effff]
[    0.071334] PM: hibernation: Registered nosave memory: [mem 0x000f0000-0x000fffff]
[    0.072441] [mem 0x40000000-0xfeffbfff] available for PCI devices
[    0.073337] Booting paravirtualized kernel on KVM
[    0.074025] clocksource: refined-jiffies: mask: 0xffffffff max_cycles: 0xffffffff, max_idle_ns: 1910969940391419 ns
[    0.083687] setup_percpu: NR_CPUS:64 nr_cpumask_bits:56 nr_cpu_ids:56 nr_node_ids:1
[    0.089622] percpu: Embedded 58 pages/cpu s198872 r8192 d30504 u262144
[    0.090697] Kernel command line: virtme_hostname=virtme-ng nr_open=1048576 virtme_link_mods=/nipa-data/kernel/.virtme_mods/lib/modules/0.0.0 virtme_initmount0=nipa-data/kernel virtme_rw_overlay0=/etc virtme_rw_overlay1=/lib virtme_rw_overlay2=/home virtme_rw_overlay3=/opt virtme_rw_overlay4=/srv virtme_rw_overlay5=/usr virtme_rw_overlay6=/var console=hvc0 earlyprintk=serial,ttyS0,115200 virtme_console=ttyS0 psmouse.proto=exps TERM=xterm virtme_chdir=nipa-data/kernel virtme_root_user=1 rootfstype=9p rootflags=version=9p2000.L,trans=virtio,access=any raid=noautodetect ro init=/usr/lib/python3/dist-packages/virtme/guest/virtme-init
[    0.099150] Unknown kernel command line parameters "virtme_hostname=virtme-ng nr_open=1048576 virtme_link_mods=/nipa-data/kernel/.virtme_mods/lib/modules/0.0.0 virtme_initmount0=nipa-data/kernel virtme_rw_overlay0=/etc virtme_rw_overlay1=/lib virtme_rw_overlay2=/home virtme_rw_overlay3=/opt virtme_rw_overlay4=/srv virtme_rw_overlay5=/usr virtme_rw_overlay6=/var virtme_console=ttyS0 virtme_chdir=nipa-data/kernel virtme_root_user=1", will be passed to user space.
[    0.105299] random: crng init done
[    0.105808] printk: log_buf_len individual max cpu contribution: 4096 bytes
[    0.106841] printk: log_buf_len total cpu_extra contributions: 225280 bytes
[    0.107873] printk: log_buf_len min size: 262144 bytes
[    0.109271] printk: log_buf_len: 524288 bytes
[    0.109958] printk: early log buf free: 254024(96%)
[    0.111135] Dentry cache hash table entries: 131072 (order: 8, 1048576 bytes, linear)
[    0.112349] Inode-cache hash table entries: 65536 (order: 7, 524288 bytes, linear)
[    0.114394] Fallback order for Node 0: 0 
[    0.114403] Built 1 zonelists, mobility grouping on.  Total pages: 262014
[    0.115930] Policy zone: DMA32
[    0.116360] mem auto-init: stack:all(zero), heap alloc:off, heap free:off
[    0.120711] Memory: 975536K/1048056K available (16384K kernel code, 2423K rwdata, 6180K rodata, 3084K init, 2000K bss, 72316K reserved, 0K cma-reserved)
[    0.122936] SLUB: HWalign=64, Order=0-3, MinObjects=0, CPUs=56, Nodes=1
Poking KASLR using RDRAND RDTSC...
[    0.124381] ftrace: allocating 47914 entries in 188 pages
[    0.140046] ftrace: allocated 188 pages with 5 groups
[    0.141962] Dynamic Preempt: voluntary
[    0.143505] rcu: Preemptible hierarchical RCU implementation.
[    0.144335] rcu: RCU event tracing is enabled.
[    0.144977] rcu: RCU restricting CPUs from NR_CPUS=64 to nr_cpu_ids=56.
[    0.145929] Trampoline variant of Tasks RCU enabled.
[    0.146639] Rude variant of Tasks RCU enabled.
[    0.147275] Tracing variant of Tasks RCU enabled.
[    0.147950] rcu: RCU calculated value of scheduler-enlistment delay is 100 jiffies.
[    0.149026] rcu: Adjusting geometry for rcu_fanout_leaf=16, nr_cpu_ids=56
[    0.150039] RCU Tasks: Setting shift to 6 and lim to 1 rcu_task_cb_adjust=1.
[    0.151035] RCU Tasks Rude: Setting shift to 6 and lim to 1 rcu_task_cb_adjust=1.
[    0.152093] RCU Tasks Trace: Setting shift to 6 and lim to 1 rcu_task_cb_adjust=1.
[    0.156334] NR_IRQS: 4352, nr_irqs: 872, preallocated irqs: 16
[    0.157552] rcu: srcu_init: Setting srcu_struct sizes based on contention.
[    0.158821] Console: colour *CGA 80x25
[    0.159403] ACPI: Core revision 20240322
[    0.160129] clocksource: hpet: mask: 0xffffffff max_cycles: 0xffffffff, max_idle_ns: 19112604467 ns
[    0.161546] APIC: Switch to symmetric I/O mode setup
[    0.162443] APIC: Switched APIC routing to: physical flat
[    0.163302] kvm-guest: APIC: send_IPI_mask() replaced with kvm_send_ipi_mask()
[    0.164336] kvm-guest: APIC: send_IPI_mask_allbutself() replaced with kvm_send_ipi_mask_allbutself()
[    0.165990] kvm-guest: setup PV IPIs
[    0.168025] ..TIMER: vector=0x30 apic1=0 pin1=2 apic2=-1 pin2=-1
[    0.169499] clocksource: tsc-early: mask: 0xffffffffffffffff max_cycles: 0x39a85c9bff6, max_idle_ns: 881590591483 ns
[    0.172521] Calibrating delay loop (skipped) preset value.. 4000.00 BogoMIPS (lpj=2000000)
[    0.174670] x86/cpu: User Mode Instruction Prevention (UMIP) activated
[    0.175642] Last level iTLB entries: 4KB 0, 2MB 0, 4MB 0
[    0.176517] Last level dTLB entries: 4KB 0, 2MB 0, 4MB 0, 1GB 0
[    0.177534] Spectre V1 : Mitigation: usercopy/swapgs barriers and __user pointer sanitization
[    0.178523] Spectre V2 : Spectre BHI mitigation: SW BHB clearing on vm exit
[    0.179517] Spectre V2 : Spectre BHI mitigation: SW BHB clearing on syscall
[    0.180517] Spectre V2 : Mitigation: Enhanced / Automatic IBRS
[    0.181517] Spectre V2 : Spectre v2 / SpectreRSB mitigation: Filling RSB on context switch
[    0.182517] Spectre V2 : Spectre v2 / PBRSB-eIBRS: Retire a single CALL on VMEXIT
[    0.183518] Spectre V2 : mitigation: Enabling conditional Indirect Branch Prediction Barrier
[    0.184519] Speculative Store Bypass: Mitigation: Speculative Store Bypass disabled via prctl
[    0.185517] TAA: Mitigation: TSX disabled
[    0.186600] x86/fpu: Supporting XSAVE feature 0x001: 'x87 floating point registers'
[    0.187517] x86/fpu: Supporting XSAVE feature 0x002: 'SSE registers'
[    0.188517] x86/fpu: Supporting XSAVE feature 0x004: 'AVX registers'
[    0.189516] x86/fpu: Supporting XSAVE feature 0x020: 'AVX-512 opmask'
[    0.190516] x86/fpu: Supporting XSAVE feature 0x040: 'AVX-512 Hi256'
[    0.191517] x86/fpu: Supporting XSAVE feature 0x080: 'AVX-512 ZMM_Hi256'
[    0.192517] x86/fpu: Supporting XSAVE feature 0x200: 'Protection Keys User registers'
[    0.193517] x86/fpu: Supporting XSAVE feature 0x20000: 'AMX Tile config'
[    0.194524] x86/fpu: Supporting XSAVE feature 0x40000: 'AMX Tile data'
[    0.195524] x86/fpu: xstate_offset[2]:  576, xstate_sizes[2]:  256
[    0.196524] x86/fpu: xstate_offset[5]:  832, xstate_sizes[5]:   64
[    0.197523] x86/fpu: xstate_offset[6]:  896, xstate_sizes[6]:  512
[    0.198524] x86/fpu: xstate_offset[7]: 1408, xstate_sizes[7]: 1024
[    0.199524] x86/fpu: xstate_offset[9]: 2432, xstate_sizes[9]:    8
[    0.200517] x86/fpu: xstate_offset[17]: 2496, xstate_sizes[17]:   64
[    0.201524] x86/fpu: xstate_offset[18]: 2560, xstate_sizes[18]: 8192
[    0.202523] x86/fpu: Enabled xstate features 0x602e7, context size is 10752 bytes, using 'compacted' format.
[    0.232722] Freeing SMP alternatives memory: 40K
[    0.233518] pid_max: default: 57344 minimum: 448
[    0.234643] Mount-cache hash table entries: 2048 (order: 2, 16384 bytes, linear)
[    0.235529] Mountpoint-cache hash table entries: 2048 (order: 2, 16384 bytes, linear)
[    0.237991] smpboot: CPU0: Intel(R) Xeon(R) Platinum 8480+ (family: 0x6, model: 0x8f, stepping: 0x6)
[    0.238755] Performance Events: PEBS fmt0-, Sapphire Rapids events, full-width counters, Intel PMU driver.
[    0.239522] ... version:                2
[    0.240331] ... bit width:              48
[    0.240519] ... generic registers:      8
[    0.241326] ... value mask:             0000ffffffffffff
[    0.241519] ... max period:             00007fffffffffff
[    0.242519] ... fixed-purpose events:   3
[    0.243330] ... event mask:             00000007000000ff
[    0.243770] signal: max sigframe size: 11952
[    0.244545] rcu: Hierarchical SRCU implementation.
[    0.245519] rcu: Max phase no-delay instances is 400.
[    0.247605] smp: Bringing up secondary CPUs ...
[    0.248639] smpboot: x86: Booting SMP configuration:
[    0.249521] .... node  #0, CPUs:        #1  #2  #3  #4  #5  #6  #7  #8  #9 #10 #11 #12 #13 #14 #15 #16 #17 #18 #19 #20 #21 #22 #23 #24 #25 #26 #27 #28 #29 #30 #31 #32 #33 #34 #35 #36 #37 #38 #39 #40 #41 #42 #43 #44 #45 #46 #47 #48 #49 #50 #51 #52 #53 #54 #55
[    0.300694] smp: Brought up 1 node, 56 CPUs
[    0.302355] smpboot: Total of 56 processors activated (224000.00 BogoMIPS)
[    0.312706] devtmpfs: initialized
[    0.313579] x86/mm: Memory block size: 128MB
[    0.315769] clocksource: jiffies: mask: 0xffffffff max_cycles: 0xffffffff, max_idle_ns: 1911260446275000 ns
[    0.316523] futex hash table entries: 16384 (order: 8, 1048576 bytes, linear)
[    0.317879] PM: RTC time: 18:07:51, date: 2024-07-11
[    0.320320] NET: Registered PF_NETLINK/PF_ROUTE protocol family
[    0.320715] thermal_sys: Registered thermal governor 'step_wise'
[    0.320716] thermal_sys: Registered thermal governor 'user_space'
[    0.321585] cpuidle: using governor menu
[    0.325333] PCI: Using configuration type 1 for base access
[    0.325599] kprobes: kprobe jump-optimization is enabled. All kprobes are optimized if possible.
[    0.360907] HugeTLB: registered 1.00 GiB page size, pre-allocated 0 pages
[    0.362521] HugeTLB: 16380 KiB vmemmap can be freed for a 1.00 GiB page
[    0.363519] HugeTLB: registered 2.00 MiB page size, pre-allocated 0 pages
[    0.365518] HugeTLB: 28 KiB vmemmap can be freed for a 2.00 MiB page
[    0.367967] Demotion targets for Node 0: null
[    0.369668] ACPI: Added _OSI(Module Device)
[    0.370521] ACPI: Added _OSI(Processor Device)
[    0.371439] ACPI: Added _OSI(3.0 _SCP Extensions)
[    0.372519] ACPI: Added _OSI(Processor Aggregator Device)
[    0.374234] ACPI: 1 ACPI AML tables successfully acquired and loaded
[    0.377550] ACPI: _OSC evaluation for CPUs failed, trying _PDC
[    0.378739] ACPI: Interpreter enabled
[    0.379506] ACPI: PM: (supports S0 S3 S4 S5)
[    0.379519] ACPI: Using IOAPIC for interrupt routing
[    0.380532] PCI: Using host bridge windows from ACPI; if necessary, use "pci=nocrs" and report a bug
[    0.382519] PCI: Using E820 reservations for host bridge windows
[    0.383636] ACPI: Enabled 2 GPEs in block 00 to 0F
[    0.388125] ACPI: PCI Root Bridge [PCI0] (domain 0000 [bus 00-ff])
[    0.388522] acpi PNP0A03:00: _OSC: OS supports [ASPM ClockPM Segments MSI HPX-Type3]
[    0.390520] acpi PNP0A03:00: _OSC: not requesting OS control; OS requires [ExtendedConfig ASPM ClockPM MSI]
[    0.392525] acpi PNP0A03:00: fail to add MMCONFIG information, can't access extended configuration space under this bridge
[    0.394625] PCI host bridge to bus 0000:00
[    0.395474] pci_bus 0000:00: root bus resource [io  0x0000-0x0cf7 window]
[    0.396519] pci_bus 0000:00: root bus resource [io  0x0d00-0xffff window]
[    0.397519] pci_bus 0000:00: root bus resource [mem 0x000a0000-0x000bffff window]
[    0.398519] pci_bus 0000:00: root bus resource [mem 0x40000000-0xfebfffff window]
[    0.400519] pci_bus 0000:00: root bus resource [mem 0x100000000-0x17fffffff window]
[    0.401519] pci_bus 0000:00: root bus resource [bus 00-ff]
[    0.402570] pci 0000:00:00.0: [8086:1237] type 00 class 0x060000 conventional PCI endpoint
[    0.405040] pci 0000:00:01.0: [8086:7000] type 00 class 0x060100 conventional PCI endpoint
[    0.407209] pci 0000:00:01.1: [8086:7010] type 00 class 0x010180 conventional PCI endpoint
[    0.411842] pci 0000:00:01.1: BAR 4 [io  0xc0c0-0xc0cf]
[    0.414406] pci 0000:00:01.1: BAR 0 [io  0x01f0-0x01f7]: legacy IDE quirk
[    0.415524] pci 0000:00:01.1: BAR 1 [io  0x03f6]: legacy IDE quirk
[    0.416519] pci 0000:00:01.1: BAR 2 [io  0x0170-0x0177]: legacy IDE quirk
[    0.417519] pci 0000:00:01.1: BAR 3 [io  0x0376]: legacy IDE quirk
[    0.419749] pci 0000:00:01.3: [8086:7113] type 00 class 0x068000 conventional PCI endpoint
[    0.421076] pci 0000:00:01.3: quirk: [io  0x0600-0x063f] claimed by PIIX4 ACPI
[    0.422528] pci 0000:00:01.3: quirk: [io  0x0700-0x070f] claimed by PIIX4 SMB
[    0.424888] pci 0000:00:02.0: [1af4:1009] type 00 class 0x000200 conventional PCI endpoint
[    0.426502] pci 0000:00:02.0: BAR 0 [io  0xc000-0xc03f]
[    0.429522] pci 0000:00:02.0: BAR 1 [mem 0xfebfc000-0xfebfcfff]
[    0.435521] pci 0000:00:02.0: BAR 4 [mem 0xfebf0000-0xfebf3fff 64bit pref]
[    0.440521] pci 0000:00:03.0: [1af4:1009] type 00 class 0x000200 conventional PCI endpoint
[    0.443489] pci 0000:00:03.0: BAR 0 [io  0xc040-0xc07f]
[    0.444496] pci 0000:00:03.0: BAR 1 [mem 0xfebfd000-0xfebfdfff]
[    0.448522] pci 0000:00:03.0: BAR 4 [mem 0xfebf4000-0xfebf7fff 64bit pref]
[    0.454383] pci 0000:00:04.0: [8086:25ab] type 00 class 0x088000 conventional PCI endpoint
[    0.455885] pci 0000:00:04.0: BAR 0 [mem 0xfebfe000-0xfebfe00f]
[    0.458859] pci 0000:00:05.0: [1af4:1003] type 00 class 0x078000 conventional PCI endpoint
[    0.463464] pci 0000:00:05.0: BAR 0 [io  0xc080-0xc0bf]
[    0.465256] pci 0000:00:05.0: BAR 1 [mem 0xfebff000-0xfebfffff]
[    0.467516] pci 0000:00:05.0: BAR 4 [mem 0xfebf8000-0xfebfbfff 64bit pref]
[    0.473299] ACPI: PCI: Interrupt link LNKA configured for IRQ 10
[    0.474678] ACPI: PCI: Interrupt link LNKB configured for IRQ 10
[    0.475642] ACPI: PCI: Interrupt link LNKC configured for IRQ 11
[    0.476639] ACPI: PCI: Interrupt link LNKD configured for IRQ 11
[    0.477613] ACPI: PCI: Interrupt link LNKS configured for IRQ 9
[    0.480291] iommu: Default domain type: Translated
[    0.481519] iommu: DMA domain TLB invalidation policy: lazy mode
[    0.482649] SCSI subsystem initialized
[    0.483555] pps_core: LinuxPPS API ver. 1 registered
[    0.484520] pps_core: Software ver. 5.3.6 - Copyright 2005-2007 Rodolfo Giometti <giometti@linux.it>
[    0.486522] PTP clock support registered
[    0.487589] Advanced Linux Sound Architecture Driver Initialized.
[    0.489856] NET: Registered PF_ATMPVC protocol family
[    0.490519] NET: Registered PF_ATMSVC protocol family
[    0.491523] PCI: Using ACPI for IRQ routing
[    0.492577] vgaarb: loaded
[    0.493539] hpet0: at MMIO 0xfed00000, IRQs 2, 8, 0
[    0.494519] hpet0: 3 comparators, 64-bit 100.000000 MHz counter
[    0.498804] clocksource: Switched to clocksource kvm-clock
[    0.500306] VFS: Disk quotas dquot_6.6.0
[    0.501113] VFS: Dquot-cache hash table entries: 512 (order 0, 4096 bytes)
[    0.502674] pnp: PnP ACPI init
[    0.504233] pnp: PnP ACPI: found 5 devices
[    0.513964] clocksource: acpi_pm: mask: 0xffffff max_cycles: 0xffffff, max_idle_ns: 2085701024 ns
[    0.515983] NET: Registered PF_INET protocol family
[    0.517041] IP idents hash table entries: 16384 (order: 5, 131072 bytes, linear)
[    0.518952] tcp_listen_portaddr_hash hash table entries: 512 (order: 1, 8192 bytes, linear)
[    0.520651] Table-perturb hash table entries: 65536 (order: 6, 262144 bytes, linear)
[    0.522206] TCP established hash table entries: 8192 (order: 4, 65536 bytes, linear)
[    0.523766] TCP bind hash table entries: 8192 (order: 6, 262144 bytes, linear)
[    0.525253] TCP: Hash tables configured (established 8192 bind 8192)
[    0.526603] UDP hash table entries: 512 (order: 2, 16384 bytes, linear)
[    0.527926] UDP-Lite hash table entries: 512 (order: 2, 16384 bytes, linear)
[    0.529415] NET: Registered PF_UNIX/PF_LOCAL protocol family
[    0.530568] pci_bus 0000:00: resource 4 [io  0x0000-0x0cf7 window]
[    0.531805] pci_bus 0000:00: resource 5 [io  0x0d00-0xffff window]
[    0.533054] pci_bus 0000:00: resource 6 [mem 0x000a0000-0x000bffff window]
[    0.534447] pci_bus 0000:00: resource 7 [mem 0x40000000-0xfebfffff window]
[    0.535837] pci_bus 0000:00: resource 8 [mem 0x100000000-0x17fffffff window]
[    0.537302] pci 0000:00:01.0: PIIX3: Enabling Passive Release
[    0.538459] pci 0000:00:00.0: Limiting direct PCI/PCI transfers
[    0.539723] PCI: CLS 0 bytes, default 64
[    0.557086] RAPL PMU: API unit is 2^-32 Joules, 1 fixed counters, 10737418240 ms ovfl timer
[    0.559030] RAPL PMU: hw unit of domain psys 2^-0 Joules
[    1.120815] kvm_amd: CPU 24 isn't AMD or Hygon
[    1.121719] clocksource: tsc: mask: 0xffffffffffffffff max_cycles: 0x39a85c9bff6, max_idle_ns: 881590591483 ns
[    1.224332] Initialise system trusted keyrings
[    1.225766] workingset: timestamp_bits=56 max_order=18 bucket_order=0
[    1.227492] squashfs: version 4.0 (2009/01/31) Phillip Lougher
[    1.228779] fuse: init (API version 7.40)
[    1.230104] 9p: Installing v9fs 9p2000 file system support
[    1.242538] Key type asymmetric registered
[    1.243389] Asymmetric key parser 'x509' registered
[    1.244400] Block layer SCSI generic (bsg) driver version 0.4 loaded (major 249)
[    1.245879] io scheduler mq-deadline registered
[    1.246781] io scheduler kyber registered
[    1.267645] input: Power Button as /devices/LNXSYSTM:00/LNXPWRBN:00/input/input0
[    1.269595] ACPI: button: Power Button [PWRF]
[    1.270529] Warning: Processor Platform Limit event detected, but not handled.
[    1.271983] Consider compiling CPUfreq support into your kernel.
[    1.286993] ACPI: \_SB_.LNKB: Enabled at IRQ 10
[    1.301237] ACPI: \_SB_.LNKC: Enabled at IRQ 11
[    1.315353] ACPI: \_SB_.LNKA: Enabled at IRQ 10
[    1.317666] Serial: 8250/16550 driver, 4 ports, IRQ sharing enabled
[    1.319154] 00:03: ttyS0 at I/O 0x3f8 (irq = 4, base_baud = 115200) is a 16550A
[    1.352841] Non-volatile memory driver v1.3
[    1.353839] Linux agpgart interface v0.103
[    1.354745] ACPI: bus type drm_connector registered
[    1.356194] printk: legacy console [hvc0] enabled
[    1.357332] printk: legacy bootconsole [earlyser0] disabled
          _      _                                    
   __   _(_)_ __| |_ _ __ ___   ___       _ __   __ _ 
   \ \ / / |  __| __|  _   _ \ / _ \_____|  _ \ / _  |
    \ V /| | |  | |_| | | | | |  __/_____| | | | (_| |
     \_/ |_|_|   \__|_| |_| |_|\___|     |_| |_|\__  |
                                                |___/ 
   kernel version: 6.10.0-rc6-virtme x86_64
   (CTRL+d to exit)

root@virtme-ng:/nipa-data/kernel# PS1='xx__-> '
xx__-> env
PWD=/nipa-data/kernel
nr_open=1048576
HOME=/
TERM=xterm
SHLVL=2
XDG_RUNTIME_DIR=/run/user/0
PATH=/bin:/sbin:/usr/bin:/usr/sbin:/usr/local/bin
OLDPWD=/
_=/bin/env
xx__-> 