No EFI environment detected.
early console in extract_kernel
input_data: 0x00000000029ec2b9
input_len: 0x0000000000b21ed5
output: 0x0000000001000000
output_len: 0x00000000024c82d0
kernel_total_size: 0x0000000002230000
needed_size: 0x0000000002600000
trampoline_32bit: 0x0000000000000000
Physical KASLR using RDRAND RDTSC...
Virtual KASLR using RDRAND RDTSC...

Decompressing Linux... Parsing ELF... Performing relocations... done.
Booting the kernel (entry_offset: 0x0000000000000000).
[    0.000000] Linux version 6.9.0-rc4-virtme (root@4ecbfe180f06) (gcc (Alpine 13.2.1_git20240309) 13.2.1 20240309, GNU ld (GNU Binutils) 2.42) #1 SMP PREEMPT_DYNAMIC Sat Apr 20 09:06:20 UTC 2024
[    0.000000] Command line: virtme_hostname=virtme-ng nr_open=1048576 virtme_link_mods=/nipa-data/kernel/.virtme_mods/lib/modules/0.0.0 virtme_initmount0=nipa-data/kernel virtme_rw_overlay0=/etc virtme_rw_overlay1=/lib virtme_rw_overlay2=/home virtme_rw_overlay3=/opt virtme_rw_overlay4=/srv virtme_rw_overlay5=/usr virtme_rw_overlay6=/var console=hvc0 earlyprintk=serial,ttyS0,115200 virtme_console=ttyS0 psmouse.proto=exps TERM=xterm virtme_chdir=nipa-data/kernel virtme_root_user=1 rootfstype=9p rootflags=version=9p2000.L,trans=virtio,access=any raid=noautodetect ro init=/usr/lib/python3.12/site-packages/virtme/guest/virtme-init
[    0.000000] BIOS-provided physical RAM map:
[    0.000000] BIOS-e820: [mem 0x0000000000000000-0x000000000009fbff] usable
[    0.000000] BIOS-e820: [mem 0x000000000009fc00-0x000000000009ffff] reserved
[    0.000000] BIOS-e820: [mem 0x00000000000f0000-0x00000000000fffff] reserved
[    0.000000] BIOS-e820: [mem 0x0000000000100000-0x000000003ffdffff] usable
[    0.000000] BIOS-e820: [mem 0x000000003ffe0000-0x000000003fffffff] reserved
[    0.000000] BIOS-e820: [mem 0x00000000feffc000-0x00000000feffffff] reserved
[    0.000000] BIOS-e820: [mem 0x00000000fffc0000-0x00000000ffffffff] reserved
[    0.000000] BIOS-e820: [mem 0x000000fd00000000-0x000000ffffffffff] reserved
[    0.000000] printk: legacy bootconsole [earlyser0] enabled
[    0.000000] NX (Execute Disable) protection: active
[    0.000000] APIC: Static calls initialized
[    0.000000] SMBIOS 3.0.0 present.
[    0.000000] DMI: QEMU Standard PC (i440FX + PIIX, 1996), BIOS rel-1.16.3-0-ga6ed6b701f0a-prebuilt.qemu.org 04/01/2014
[    0.000000] Hypervisor detected: KVM
[    0.000000] kvm-clock: Using msrs 4b564d01 and 4b564d00
[    0.000000] kvm-clock: using sched offset of 257904053 cycles
[    0.000389] clocksource: kvm-clock: mask: 0xffffffffffffffff max_cycles: 0x1cd42e4dffb, max_idle_ns: 881590591483 ns
[    0.001616] tsc: Detected 4491.556 MHz processor
[    0.002229] last_pfn = 0x3ffe0 max_arch_pfn = 0x400000000
[    0.002668] MTRR map: 4 entries (3 fixed + 1 variable; max 19), built from 8 variable MTRRs
[    0.003289] x86/PAT: Configuration [0-7]: WB  WC  UC- UC  WB  WP  UC- WT  
Memory KASLR using RDRAND RDTSC...
[    0.005430] found SMP MP-table at [mem 0x000f5470-0x000f547f]
[    0.005866] Using GB pages for direct mapping
[    0.006221] ACPI: Early table checksum verification disabled
[    0.006653] ACPI: RSDP 0x00000000000F5290 000014 (v00 BOCHS )
[    0.007082] ACPI: RSDT 0x000000003FFE27BC 000034 (v01 BOCHS  BXPC     00000001 BXPC 00000001)
[    0.007731] ACPI: FACP 0x000000003FFE2578 000074 (v01 BOCHS  BXPC     00000001 BXPC 00000001)
[    0.008368] ACPI: DSDT 0x000000003FFE0040 002538 (v01 BOCHS  BXPC     00000001 BXPC 00000001)
[    0.009022] ACPI: FACS 0x000000003FFE0000 000040
[    0.009367] ACPI: APIC 0x000000003FFE25EC 000170 (v03 BOCHS  BXPC     00000001 BXPC 00000001)
[    0.010019] ACPI: HPET 0x000000003FFE275C 000038 (v01 BOCHS  BXPC     00000001 BXPC 00000001)
[    0.010666] ACPI: WAET 0x000000003FFE2794 000028 (v01 BOCHS  BXPC     00000001 BXPC 00000001)
[    0.011305] ACPI: Reserving FACP table memory at [mem 0x3ffe2578-0x3ffe25eb]
[    0.011846] ACPI: Reserving DSDT table memory at [mem 0x3ffe0040-0x3ffe2577]
[    0.012373] ACPI: Reserving FACS table memory at [mem 0x3ffe0000-0x3ffe003f]
[    0.012907] ACPI: Reserving APIC table memory at [mem 0x3ffe25ec-0x3ffe275b]
[    0.013438] ACPI: Reserving HPET table memory at [mem 0x3ffe275c-0x3ffe2793]
[    0.013975] ACPI: Reserving WAET table memory at [mem 0x3ffe2794-0x3ffe27bb]
[    0.014656] No NUMA configuration found
[    0.014942] Faking a node at [mem 0x0000000000000000-0x000000003ffdffff]
[    0.015449] NODE_DATA(0) allocated [mem 0x3ffdb000-0x3ffdffff]
[    0.015898] Zone ranges:
[    0.016087]   DMA      [mem 0x0000000000001000-0x0000000000ffffff]
[    0.016556]   DMA32    [mem 0x0000000001000000-0x000000003ffdffff]
[    0.017015]   Normal   empty
[    0.017229]   Device   empty
[    0.017452] Movable zone start for each node
[    0.017779] Early memory node ranges
[    0.018044]   node   0: [mem 0x0000000000001000-0x000000000009efff]
[    0.018533]   node   0: [mem 0x0000000000100000-0x000000003ffdffff]
[    0.019104] Initmem setup node 0 [mem 0x0000000000001000-0x000000003ffdffff]
[    0.019750] On node 0, zone DMA: 1 pages in unavailable ranges
[    0.020292] On node 0, zone DMA: 97 pages in unavailable ranges
[    0.021912] On node 0, zone DMA32: 32 pages in unavailable ranges
[    0.022588] ACPI: PM-Timer IO Port: 0x608
[    0.022890] ACPI: LAPIC_NMI (acpi_id[0xff] dfl dfl lint[0x1])
[    0.023333] IOAPIC[0]: apic_id 0, version 17, address 0xfec00000, GSI 0-23
[    0.023860] ACPI: INT_SRC_OVR (bus 0 bus_irq 0 global_irq 2 dfl dfl)
[    0.024332] ACPI: INT_SRC_OVR (bus 0 bus_irq 5 global_irq 5 high level)
[    0.024838] ACPI: INT_SRC_OVR (bus 0 bus_irq 9 global_irq 9 high level)
[    0.025329] ACPI: INT_SRC_OVR (bus 0 bus_irq 10 global_irq 10 high level)
[    0.025853] ACPI: INT_SRC_OVR (bus 0 bus_irq 11 global_irq 11 high level)
[    0.026359] ACPI: Using ACPI (MADT) for SMP configuration information
[    0.026851] ACPI: HPET id: 0x8086a201 base: 0xfed00000
[    0.027236] TSC deadline timer available
[    0.027539] CPU topo: Max. logical packages:   1
[    0.027887] CPU topo: Max. logical dies:       1
[    0.028230] CPU topo: Max. dies per package:   1
[    0.028584] CPU topo: Max. threads per core:   1
[    0.028926] CPU topo: Num. cores per package:    32
[    0.029288] CPU topo: Num. threads per package:  32
[    0.029658] CPU topo: Allowing 32 present CPUs plus 0 hotplug CPUs
[    0.030128] kvm-guest: APIC: eoi() replaced with kvm_guest_apic_eoi_write()
[    0.030672] kvm-guest: KVM setup pv remote TLB flush
[    0.031042] kvm-guest: setup PV sched yield
[    0.031356] PM: hibernation: Registered nosave memory: [mem 0x00000000-0x00000fff]
[    0.031934] PM: hibernation: Registered nosave memory: [mem 0x0009f000-0x0009ffff]
[    0.032507] PM: hibernation: Registered nosave memory: [mem 0x000a0000-0x000effff]
[    0.033071] PM: hibernation: Registered nosave memory: [mem 0x000f0000-0x000fffff]
[    0.033642] [mem 0x40000000-0xfeffbfff] available for PCI devices
[    0.034094] Booting paravirtualized kernel on KVM
[    0.034453] clocksource: refined-jiffies: mask: 0xffffffff max_cycles: 0xffffffff, max_idle_ns: 1910969940391419 ns
[    0.038313] setup_percpu: NR_CPUS:64 nr_cpumask_bits:32 nr_cpu_ids:32 nr_node_ids:1
[    0.039536] percpu: Embedded 58 pages/cpu s198952 r8192 d30424 u262144
[    0.040061] Kernel command line: virtme_hostname=virtme-ng nr_open=1048576 virtme_link_mods=/nipa-data/kernel/.virtme_mods/lib/modules/0.0.0 virtme_initmount0=nipa-data/kernel virtme_rw_overlay0=/etc virtme_rw_overlay1=/lib virtme_rw_overlay2=/home virtme_rw_overlay3=/opt virtme_rw_overlay4=/srv virtme_rw_overlay5=/usr virtme_rw_overlay6=/var console=hvc0 earlyprintk=serial,ttyS0,115200 virtme_console=ttyS0 psmouse.proto=exps TERM=xterm virtme_chdir=nipa-data/kernel virtme_root_user=1 rootfstype=9p rootflags=version=9p2000.L,trans=virtio,access=any raid=noautodetect ro init=/usr/lib/python3.12/site-packages/virtme/guest/virtme-init
[    0.044508] Unknown kernel command line parameters "virtme_hostname=virtme-ng nr_open=1048576 virtme_link_mods=/nipa-data/kernel/.virtme_mods/lib/modules/0.0.0 virtme_initmount0=nipa-data/kernel virtme_rw_overlay0=/etc virtme_rw_overlay1=/lib virtme_rw_overlay2=/home virtme_rw_overlay3=/opt virtme_rw_overlay4=/srv virtme_rw_overlay5=/usr virtme_rw_overlay6=/var virtme_console=ttyS0 virtme_chdir=nipa-data/kernel virtme_root_user=1", will be passed to user space.
[    0.047910] random: crng init done
[    0.048202] Dentry cache hash table entries: 131072 (order: 8, 1048576 bytes, linear)
[    0.048838] Inode-cache hash table entries: 65536 (order: 7, 524288 bytes, linear)
[    0.049519] Fallback order for Node 0: 0 
[    0.049521] Built 1 zonelists, mobility grouping on.  Total pages: 257760
[    0.050356] Policy zone: DMA32
[    0.050611] mem auto-init: stack:all(zero), heap alloc:off, heap free:off
[    0.051943] Memory: 986612K/1048056K available (16384K kernel code, 2402K rwdata, 6100K rodata, 3052K init, 2108K bss, 61184K reserved, 0K cma-reserved)
[    0.053040] SLUB: HWalign=64, Order=0-3, MinObjects=0, CPUs=32, Nodes=1
Poking KASLR using RDRAND RDTSC...
[    0.053820] ftrace: allocating 47564 entries in 186 pages
[    0.061119] ftrace: allocated 186 pages with 5 groups
[    0.062216] Dynamic Preempt: voluntary
[    0.062650] rcu: Preemptible hierarchical RCU implementation.
[    0.063097] rcu: RCU event tracing is enabled.
[    0.063454] rcu: RCU restricting CPUs from NR_CPUS=64 to nr_cpu_ids=32.
[    0.063974] Trampoline variant of Tasks RCU enabled.
[    0.064363] Rude variant of Tasks RCU enabled.
[    0.064718] Tracing variant of Tasks RCU enabled.
[    0.065084] rcu: RCU calculated value of scheduler-enlistment delay is 100 jiffies.
[    0.065693] rcu: Adjusting geometry for rcu_fanout_leaf=16, nr_cpu_ids=32
[    0.066222] RCU Tasks: Setting shift to 5 and lim to 1 rcu_task_cb_adjust=1.
[    0.066776] RCU Tasks Rude: Setting shift to 5 and lim to 1 rcu_task_cb_adjust=1.
[    0.067349] RCU Tasks Trace: Setting shift to 5 and lim to 1 rcu_task_cb_adjust=1.
[    0.069347] NR_IRQS: 4352, nr_irqs: 680, preallocated irqs: 16
[    0.069986] rcu: srcu_init: Setting srcu_struct sizes based on contention.
[    0.070667] Console: colour *CGA 80x25
[    0.070958] ACPI: Core revision 20230628
[    0.071326] clocksource: hpet: mask: 0xffffffff max_cycles: 0xffffffff, max_idle_ns: 19112604467 ns
[    0.072090] APIC: Switch to symmetric I/O mode setup
[    0.072479] APIC: Switched APIC routing to: physical flat
[    0.072888] kvm-guest: APIC: send_IPI_mask() replaced with kvm_send_ipi_mask()
[    0.073432] kvm-guest: APIC: send_IPI_mask_allbutself() replaced with kvm_send_ipi_mask_allbutself()
[    0.074137] kvm-guest: setup PV IPIs
[    0.075213] ..TIMER: vector=0x30 apic1=0 pin1=2 apic2=-1 pin2=-1
[    0.076042] tsc: Marking TSC unstable due to TSCs unsynchronized
[    0.076865] Calibrating delay loop (skipped) preset value.. 8983.11 BogoMIPS (lpj=4491556)
[    0.077925] x86/cpu: User Mode Instruction Prevention (UMIP) activated
[    0.078914] Last level iTLB entries: 4KB 512, 2MB 255, 4MB 127
[    0.079864] Last level dTLB entries: 4KB 512, 2MB 255, 4MB 127, 1GB 0
[    0.080869] Spectre V1 : Mitigation: usercopy/swapgs barriers and __user pointer sanitization
[    0.081868] Spectre V2 : Mitigation: Enhanced / Automatic IBRS
[    0.082864] Spectre V2 : Spectre v2 / SpectreRSB mitigation: Filling RSB on context switch
[    0.083866] Spectre V2 : mitigation: Enabling conditional Indirect Branch Prediction Barrier
[    0.084865] Speculative Store Bypass: Mitigation: Speculative Store Bypass disabled via prctl
[    0.085864] Speculative Return Stack Overflow: IBPB-extending microcode not applied!
[    0.086864] Speculative Return Stack Overflow: WARNING: See https://kernel.org/doc/html/latest/admin-guide/hw-vuln/srso.html for mitigation options.
[    0.086865] Speculative Return Stack Overflow: Vulnerable: Safe RET, no microcode
[    0.088880] x86/fpu: Supporting XSAVE feature 0x001: 'x87 floating point registers'
[    0.089864] x86/fpu: Supporting XSAVE feature 0x002: 'SSE registers'
[    0.090864] x86/fpu: Supporting XSAVE feature 0x004: 'AVX registers'
[    0.091864] x86/fpu: Supporting XSAVE feature 0x020: 'AVX-512 opmask'
[    0.092864] x86/fpu: Supporting XSAVE feature 0x040: 'AVX-512 Hi256'
[    0.093864] x86/fpu: Supporting XSAVE feature 0x080: 'AVX-512 ZMM_Hi256'
[    0.094864] x86/fpu: Supporting XSAVE feature 0x200: 'Protection Keys User registers'
[    0.095864] x86/fpu: xstate_offset[2]:  576, xstate_sizes[2]:  256
[    0.096864] x86/fpu: xstate_offset[5]:  832, xstate_sizes[5]:   64
[    0.097681] x86/fpu: xstate_offset[6]:  896, xstate_sizes[6]:  512
[    0.097864] x86/fpu: xstate_offset[7]: 1408, xstate_sizes[7]: 1024
[    0.098864] x86/fpu: xstate_offset[9]: 2432, xstate_sizes[9]:    8
[    0.099864] x86/fpu: Enabled xstate features 0x2e7, context size is 2440 bytes, using 'compacted' format.
[    0.116194] Freeing SMP alternatives memory: 40K
[    0.116807] pid_max: default: 32768 minimum: 301
[    0.116890] Mount-cache hash table entries: 2048 (order: 2, 16384 bytes, linear)
[    0.117865] Mountpoint-cache hash table entries: 2048 (order: 2, 16384 bytes, linear)
[    0.119026] smpboot: CPU0: AMD Ryzen 9 7950X 16-Core Processor (family: 0x19, model: 0x61, stepping: 0x2)
[    0.119976] Performance Events: Fam17h+ core perfctr, AMD PMU driver.
[    0.120847] ... version:                0
[    0.120866] ... bit width:              48
[    0.121402] ... generic registers:      6
[    0.121865] ... value mask:             0000ffffffffffff
[    0.122559] ... max period:             00007fffffffffff
[    0.122865] ... fixed-purpose events:   0
[    0.123388] ... event mask:             000000000000003f
[    0.123951] signal: max sigframe size: 3376
[    0.124519] rcu: Hierarchical SRCU implementation.
[    0.124866] rcu: Max phase no-delay instances is 400.
[    0.127776] smp: Bringing up secondary CPUs ...
[    0.127918] smpboot: x86: Booting SMP configuration:
[    0.128563] .... node  #0, CPUs:        #1  #2  #3  #4  #5  #6  #7  #8  #9 #10 #11 #12 #13 #14 #15 #16 #17 #18 #19 #20 #21 #22 #23 #24 #25 #26 #27 #28 #29 #30 #31
[    0.144030] smp: Brought up 1 node, 32 CPUs
[    0.145587] smpboot: Total of 32 processors activated (287459.58 BogoMIPS)
[    0.151947] devtmpfs: initialized
[    0.152903] x86/mm: Memory block size: 128MB
[    0.154763] clocksource: jiffies: mask: 0xffffffff max_cycles: 0xffffffff, max_idle_ns: 1911260446275000 ns
[    0.155869] futex hash table entries: 8192 (order: 7, 524288 bytes, linear)
[    0.156969] PM: RTC time: 09:06:52, date: 2024-04-20
[    0.158269] NET: Registered PF_NETLINK/PF_ROUTE protocol family
[    0.159033] thermal_sys: Registered thermal governor 'step_wise'
[    0.159035] thermal_sys: Registered thermal governor 'user_space'
[    0.159880] cpuidle: using governor menu
[    0.162142] PCI: Using configuration type 1 for base access
[    0.162866] PCI: Using configuration type 1 for extended access
[    0.163957] kprobes: kprobe jump-optimization is enabled. All kprobes are optimized if possible.
[    0.183981] HugeTLB: registered 1.00 GiB page size, pre-allocated 0 pages
[    0.184866] HugeTLB: 16380 KiB vmemmap can be freed for a 1.00 GiB page
[    0.185712] HugeTLB: registered 2.00 MiB page size, pre-allocated 0 pages
[    0.185865] HugeTLB: 28 KiB vmemmap can be freed for a 2.00 MiB page
[    0.186870] Demotion targets for Node 0: null
[    0.187911] ACPI: Added _OSI(Module Device)
[    0.188450] ACPI: Added _OSI(Processor Device)
[    0.188866] ACPI: Added _OSI(3.0 _SCP Extensions)
[    0.189474] ACPI: Added _OSI(Processor Aggregator Device)
[    0.190565] ACPI: 1 ACPI AML tables successfully acquired and loaded
[    0.192900] ACPI: _OSC evaluation for CPUs failed, trying _PDC
[    0.193768] ACPI: Interpreter enabled
[    0.193873] ACPI: PM: (supports S0 S3 S4 S5)
[    0.194429] ACPI: Using IOAPIC for interrupt routing
[    0.194872] PCI: Using host bridge windows from ACPI; if necessary, use "pci=nocrs" and report a bug
[    0.195865] PCI: Using E820 reservations for host bridge windows
[    0.196710] ACPI: Enabled 2 GPEs in block 00 to 0F
[    0.200438] ACPI: PCI Root Bridge [PCI0] (domain 0000 [bus 00-ff])
[    0.200868] acpi PNP0A03:00: _OSC: OS supports [ExtendedConfig ASPM ClockPM Segments MSI HPX-Type3]
[    0.201958] PCI host bridge to bus 0000:00
[    0.202477] pci_bus 0000:00: root bus resource [io  0x0000-0x0cf7 window]
[    0.203866] pci_bus 0000:00: root bus resource [io  0x0d00-0xffff window]
[    0.204737] pci_bus 0000:00: root bus resource [mem 0x000a0000-0x000bffff window]
[    0.205865] pci_bus 0000:00: root bus resource [mem 0x40000000-0xfebfffff window]
[    0.206842] pci_bus 0000:00: root bus resource [mem 0x100000000-0x17fffffff window]
[    0.207866] pci_bus 0000:00: root bus resource [bus 00-ff]
[    0.208659] pci 0000:00:00.0: [8086:1237] type 00 class 0x060000 conventional PCI endpoint
[    0.210114] pci 0000:00:01.0: [8086:7000] type 00 class 0x060100 conventional PCI endpoint
[    0.211177] pci 0000:00:01.1: [8086:7010] type 00 class 0x010180 conventional PCI endpoint
[    0.215107] pci 0000:00:01.1: BAR 4 [io  0xc0c0-0xc0cf]
[    0.216624] pci 0000:00:01.1: BAR 0 [io  0x01f0-0x01f7]: legacy IDE quirk
[    0.216866] pci 0000:00:01.1: BAR 1 [io  0x03f6]: legacy IDE quirk
[    0.217660] pci 0000:00:01.1: BAR 2 [io  0x0170-0x0177]: legacy IDE quirk
[    0.218866] pci 0000:00:01.1: BAR 3 [io  0x0376]: legacy IDE quirk
[    0.219753] pci 0000:00:01.3: [8086:7113] type 00 class 0x068000 conventional PCI endpoint
[    0.221103] pci 0000:00:01.3: quirk: [io  0x0600-0x063f] claimed by PIIX4 ACPI
[    0.221869] pci 0000:00:01.3: quirk: [io  0x0700-0x070f] claimed by PIIX4 SMB
[    0.224063] pci 0000:00:02.0: [1af4:1009] type 00 class 0x000200 conventional PCI endpoint
[    0.227867] pci 0000:00:02.0: BAR 0 [io  0xc000-0xc03f]
[    0.230867] pci 0000:00:02.0: BAR 1 [mem 0xfebfc000-0xfebfcfff]
[    0.237867] pci 0000:00:02.0: BAR 4 [mem 0xfebf0000-0xfebf3fff 64bit pref]
[    0.241171] pci 0000:00:03.0: [1af4:1009] type 00 class 0x000200 conventional PCI endpoint
[    0.243867] pci 0000:00:03.0: BAR 0 [io  0xc040-0xc07f]
[    0.247508] pci 0000:00:03.0: BAR 1 [mem 0xfebfd000-0xfebfdfff]
[    0.252866] pci 0000:00:03.0: BAR 4 [mem 0xfebf4000-0xfebf7fff 64bit pref]
[    0.255148] pci 0000:00:04.0: [8086:25ab] type 00 class 0x088000 conventional PCI endpoint
[    0.256397] pci 0000:00:04.0: BAR 0 [mem 0xfebfe000-0xfebfe00f]
[    0.261753] pci 0000:00:05.0: [1af4:1003] type 00 class 0x078000 conventional PCI endpoint
[    0.265846] pci 0000:00:05.0: BAR 0 [io  0xc080-0xc0bf]
[    0.268866] pci 0000:00:05.0: BAR 1 [mem 0xfebff000-0xfebfffff]
[    0.275866] pci 0000:00:05.0: BAR 4 [mem 0xfebf8000-0xfebfbfff 64bit pref]
[    0.281784] ACPI: PCI: Interrupt link LNKA configured for IRQ 10
[    0.283008] ACPI: PCI: Interrupt link LNKB configured for IRQ 10
[    0.283998] ACPI: PCI: Interrupt link LNKC configured for IRQ 11
[    0.284993] ACPI: PCI: Interrupt link LNKD configured for IRQ 11
[    0.285964] ACPI: PCI: Interrupt link LNKS configured for IRQ 9
[    0.287986] iommu: Default domain type: Translated
[    0.288793] iommu: DMA domain TLB invalidation policy: lazy mode
[    0.289936] SCSI subsystem initialized
[    0.290905] pps_core: LinuxPPS API ver. 1 registered
[    0.291867] pps_core: Software ver. 5.3.6 - Copyright 2005-2007 Rodolfo Giometti <giometti@linux.it>
[    0.292869] PTP clock support registered
[    0.293893] Advanced Linux Sound Architecture Driver Initialized.
[    0.295219] NET: Registered PF_ATMPVC protocol family
[    0.295866] NET: Registered PF_ATMSVC protocol family
[    0.296708] PCI: Using ACPI for IRQ routing
[    0.297970] vgaarb: loaded
[    0.298351] hpet0: at MMIO 0xfed00000, IRQs 2, 8, 0
[    0.298866] hpet0: 3 comparators, 64-bit 100.000000 MHz counter
[    0.305421] clocksource: Switched to clocksource kvm-clock
[    0.306456] VFS: Disk quotas dquot_6.6.0
[    0.307133] VFS: Dquot-cache hash table entries: 512 (order 0, 4096 bytes)
[    0.308340] pnp: PnP ACPI init
[    0.309088] pnp: PnP ACPI: found 5 devices
[    0.317237] clocksource: acpi_pm: mask: 0xffffff max_cycles: 0xffffff, max_idle_ns: 2085701024 ns
[    0.318462] NET: Registered PF_INET protocol family
[    0.319305] IP idents hash table entries: 16384 (order: 5, 131072 bytes, linear)
[    0.320862] tcp_listen_portaddr_hash hash table entries: 512 (order: 1, 8192 bytes, linear)
[    0.322269] Table-perturb hash table entries: 65536 (order: 6, 262144 bytes, linear)
[    0.323565] TCP established hash table entries: 8192 (order: 4, 65536 bytes, linear)
[    0.324860] TCP bind hash table entries: 8192 (order: 6, 262144 bytes, linear)
[    0.326084] TCP: Hash tables configured (established 8192 bind 8192)
[    0.327172] UDP hash table entries: 512 (order: 2, 16384 bytes, linear)
[    0.328276] UDP-Lite hash table entries: 512 (order: 2, 16384 bytes, linear)
[    0.329486] NET: Registered PF_UNIX/PF_LOCAL protocol family
[    0.330435] pci_bus 0000:00: resource 4 [io  0x0000-0x0cf7 window]
[    0.331456] pci_bus 0000:00: resource 5 [io  0x0d00-0xffff window]
[    0.332478] pci_bus 0000:00: resource 6 [mem 0x000a0000-0x000bffff window]
[    0.333621] pci_bus 0000:00: resource 7 [mem 0x40000000-0xfebfffff window]
[    0.334765] pci_bus 0000:00: resource 8 [mem 0x100000000-0x17fffffff window]
[    0.335985] pci 0000:00:01.0: PIIX3: Enabling Passive Release
[    0.336940] pci 0000:00:00.0: Limiting direct PCI/PCI transfers
[    0.337969] PCI: CLS 0 bytes, default 64
[    0.338663] kvm_intel: VMX not supported by CPU 1
[    0.339455] kvm_amd: TSC scaling supported
[    0.340128] kvm_amd: Nested Virtualization enabled
[    0.340918] kvm_amd: Nested Paging enabled
[    0.341624] kvm_amd: Virtual VMLOAD VMSAVE supported
[    0.342456] kvm_amd: Virtual GIF supported
[    0.343127] kvm_amd: Virtual NMI enabled
[    0.343778] kvm_amd: LBR virtualization supported
[    0.447186] Initialise system trusted keyrings
[    0.447850] workingset: timestamp_bits=56 max_order=18 bucket_order=0
[    0.448680] squashfs: version 4.0 (2009/01/31) Phillip Lougher
[    0.449415] fuse: init (API version 7.40)
[    0.449959] 9p: Installing v9fs 9p2000 file system support
[    0.457496] Key type asymmetric registered
[    0.458014] Asymmetric key parser 'x509' registered
[    0.458636] Block layer SCSI generic (bsg) driver version 0.4 loaded (major 249)
[    0.459564] io scheduler mq-deadline registered
[    0.460125] io scheduler kyber registered
[    0.461688] input: Power Button as /devices/LNXSYSTM:00/LNXPWRBN:00/input/input0
[    0.462692] ACPI: button: Power Button [PWRF]
[    0.463253] Warning: Processor Platform Limit event detected, but not handled.
[    0.464156] Consider compiling CPUfreq support into your kernel.
[    0.481026] ACPI: \_SB_.LNKB: Enabled at IRQ 10
[    0.497555] ACPI: \_SB_.LNKC: Enabled at IRQ 11
[    0.514041] ACPI: \_SB_.LNKA: Enabled at IRQ 10
[    0.515262] Serial: 8250/16550 driver, 4 ports, IRQ sharing enabled
[    0.516157] 00:03: ttyS0 at I/O 0x3f8 (irq = 4, base_baud = 115200) is a 16550A
[    0.559211] Non-volatile memory driver v1.3
[    0.559809] Linux agpgart interface v0.103
[    0.559864] ACPI: bus type drm_connector registered
[    0.561198] printk: legacy console [hvc0] enabled
[    0.562019] printk: legacy bootconsole [earlyser0] disabled
          _      _                                    
   __   _(_)_ __| |_ _ __ ___   ___       _ __   __ _ 
   \ \ / / |  __| __|  _   _ \ / _ \_____|  _ \ / _  |
    \ V /| | |  | |_| | | | | |  __/_____| | | | (_| |
     \_/ |_|_|   \__|_| |_| |_|\___|     |_| |_|\__  |
                                                |___/ 
   kernel version: 6.9.0-rc4-virtme x86_64
   (CTRL+d to exit)

virtme-ng:/nipa-data/kernel# PS1='xx__-> '
xx__-> env
PWD=/nipa-data/kernel
nr_open=1048576
HOME=/root
TERM=xterm
SHLVL=2
XDG_RUNTIME_DIR=/run/user/0
PATH=/bin:/sbin:/usr/bin:/usr/sbin:/usr/local/bin
OLDPWD=/
_=/usr/bin/env
xx__-> 