No EFI environment detected.
early console in extract_kernel
input_data: 0x00000000029ec2b9
input_len: 0x0000000000b2350e
output: 0x0000000001000000
output_len: 0x00000000024ca54c
kernel_total_size: 0x0000000002230000
needed_size: 0x0000000002600000
trampoline_32bit: 0x0000000000000000
Physical KASLR using RDRAND RDTSC...
Virtual KASLR using RDRAND RDTSC...

Decompressing Linux... Parsing ELF... Performing relocations... done.
Booting the kernel (entry_offset: 0x0000000000000000).
[    0.000000] Linux version 6.9.0-rc5-virtme (root@a1788ea7b52b) (gcc (Alpine 13.2.1_git20240309) 13.2.1 20240309, GNU ld (GNU Binutils) 2.42) #1 SMP PREEMPT_DYNAMIC Fri Apr 26 21:06:14 UTC 2024
[    0.000000] Command line: virtme_hostname=virtme-ng nr_open=1048576 virtme_link_mods=/nipa-data/kernel/.virtme_mods/lib/modules/0.0.0 virtme_initmount0=nipa-data/kernel virtme_rw_overlay0=/etc virtme_rw_overlay1=/lib virtme_rw_overlay2=/home virtme_rw_overlay3=/opt virtme_rw_overlay4=/srv virtme_rw_overlay5=/usr virtme_rw_overlay6=/var console=hvc0 earlyprintk=serial,ttyS0,115200 virtme_console=ttyS0 psmouse.proto=exps TERM=xterm virtme_chdir=nipa-data/kernel virtme_root_user=1 rootfstype=9p rootflags=version=9p2000.L,trans=virtio,access=any raid=noautodetect ro init=/usr/lib/python3.12/site-packages/virtme/guest/virtme-init
[    0.000000] BIOS-provided physical RAM map:
[    0.000000] BIOS-e820: [mem 0x0000000000000000-0x000000000009fbff] usable
[    0.000000] BIOS-e820: [mem 0x000000000009fc00-0x000000000009ffff] reserved
[    0.000000] BIOS-e820: [mem 0x00000000000f0000-0x00000000000fffff] reserved
[    0.000000] BIOS-e820: [mem 0x0000000000100000-0x000000003ffdffff] usable
[    0.000000] BIOS-e820: [mem 0x000000003ffe0000-0x000000003fffffff] reserved
[    0.000000] BIOS-e820: [mem 0x00000000feffc000-0x00000000feffffff] reserved
[    0.000000] BIOS-e820: [mem 0x00000000fffc0000-0x00000000ffffffff] reserved
[    0.000000] BIOS-e820: [mem 0x000000fd00000000-0x000000ffffffffff] reserved
[    0.000000] printk: legacy bootconsole [earlyser0] enabled
[    0.000000] NX (Execute Disable) protection: active
[    0.000000] APIC: Static calls initialized
[    0.000000] SMBIOS 3.0.0 present.
[    0.000000] DMI: QEMU Standard PC (i440FX + PIIX, 1996), BIOS rel-1.16.3-0-ga6ed6b701f0a-prebuilt.qemu.org 04/01/2014
[    0.000000] Hypervisor detected: KVM
[    0.000000] kvm-clock: Using msrs 4b564d01 and 4b564d00
[    0.000000] kvm-clock: using sched offset of 276821293 cycles
[    0.000388] clocksource: kvm-clock: mask: 0xffffffffffffffff max_cycles: 0x1cd42e4dffb, max_idle_ns: 881590591483 ns
[    0.001588] tsc: Detected 4491.556 MHz processor
[    0.002191] last_pfn = 0x3ffe0 max_arch_pfn = 0x400000000
[    0.002614] MTRR map: 4 entries (3 fixed + 1 variable; max 19), built from 8 variable MTRRs
[    0.003229] x86/PAT: Configuration [0-7]: WB  WC  UC- UC  WB  WP  UC- WT  
Memory KASLR using RDRAND RDTSC...
[    0.005284] found SMP MP-table at [mem 0x000f5470-0x000f547f]
[    0.005710] Using GB pages for direct mapping
[    0.006069] ACPI: Early table checksum verification disabled
[    0.006487] ACPI: RSDP 0x00000000000F5290 000014 (v00 BOCHS )
[    0.006908] ACPI: RSDT 0x000000003FFE27BC 000034 (v01 BOCHS  BXPC     00000001 BXPC 00000001)
[    0.007552] ACPI: FACP 0x000000003FFE2578 000074 (v01 BOCHS  BXPC     00000001 BXPC 00000001)
[    0.008303] ACPI: DSDT 0x000000003FFE0040 002538 (v01 BOCHS  BXPC     00000001 BXPC 00000001)
[    0.009055] ACPI: FACS 0x000000003FFE0000 000040
[    0.009467] ACPI: APIC 0x000000003FFE25EC 000170 (v03 BOCHS  BXPC     00000001 BXPC 00000001)
[    0.010217] ACPI: HPET 0x000000003FFE275C 000038 (v01 BOCHS  BXPC     00000001 BXPC 00000001)
[    0.010971] ACPI: WAET 0x000000003FFE2794 000028 (v01 BOCHS  BXPC     00000001 BXPC 00000001)
[    0.011720] ACPI: Reserving FACP table memory at [mem 0x3ffe2578-0x3ffe25eb]
[    0.012338] ACPI: Reserving DSDT table memory at [mem 0x3ffe0040-0x3ffe2577]
[    0.012958] ACPI: Reserving FACS table memory at [mem 0x3ffe0000-0x3ffe003f]
[    0.013583] ACPI: Reserving APIC table memory at [mem 0x3ffe25ec-0x3ffe275b]
[    0.014202] ACPI: Reserving HPET table memory at [mem 0x3ffe275c-0x3ffe2793]
[    0.014822] ACPI: Reserving WAET table memory at [mem 0x3ffe2794-0x3ffe27bb]
[    0.015609] No NUMA configuration found
[    0.015945] Faking a node at [mem 0x0000000000000000-0x000000003ffdffff]
[    0.016534] NODE_DATA(0) allocated [mem 0x3ffdb000-0x3ffdffff]
[    0.017057] Zone ranges:
[    0.017281]   DMA      [mem 0x0000000000001000-0x0000000000ffffff]
[    0.017823]   DMA32    [mem 0x0000000001000000-0x000000003ffdffff]
[    0.018364]   Normal   empty
[    0.018618]   Device   empty
[    0.018871] Movable zone start for each node
[    0.019247] Early memory node ranges
[    0.019561]   node   0: [mem 0x0000000000001000-0x000000000009efff]
[    0.020111]   node   0: [mem 0x0000000000100000-0x000000003ffdffff]
[    0.020661] Initmem setup node 0 [mem 0x0000000000001000-0x000000003ffdffff]
[    0.021284] On node 0, zone DMA: 1 pages in unavailable ranges
[    0.021805] On node 0, zone DMA: 97 pages in unavailable ranges
[    0.023466] On node 0, zone DMA32: 32 pages in unavailable ranges
[    0.024242] ACPI: PM-Timer IO Port: 0x608
[    0.024599] ACPI: LAPIC_NMI (acpi_id[0xff] dfl dfl lint[0x1])
[    0.025120] IOAPIC[0]: apic_id 0, version 17, address 0xfec00000, GSI 0-23
[    0.025729] ACPI: INT_SRC_OVR (bus 0 bus_irq 0 global_irq 2 dfl dfl)
[    0.026286] ACPI: INT_SRC_OVR (bus 0 bus_irq 5 global_irq 5 high level)
[    0.026869] ACPI: INT_SRC_OVR (bus 0 bus_irq 9 global_irq 9 high level)
[    0.027451] ACPI: INT_SRC_OVR (bus 0 bus_irq 10 global_irq 10 high level)
[    0.028048] ACPI: INT_SRC_OVR (bus 0 bus_irq 11 global_irq 11 high level)
[    0.028645] ACPI: Using ACPI (MADT) for SMP configuration information
[    0.029216] ACPI: HPET id: 0x8086a201 base: 0xfed00000
[    0.029669] TSC deadline timer available
[    0.030015] CPU topo: Max. logical packages:   1
[    0.030419] CPU topo: Max. logical dies:       1
[    0.030824] CPU topo: Max. dies per package:   1
[    0.031231] CPU topo: Max. threads per core:   1
[    0.031637] CPU topo: Num. cores per package:    32
[    0.032065] CPU topo: Num. threads per package:  32
[    0.032496] CPU topo: Allowing 32 present CPUs plus 0 hotplug CPUs
[    0.033052] kvm-guest: APIC: eoi() replaced with kvm_guest_apic_eoi_write()
[    0.033681] kvm-guest: KVM setup pv remote TLB flush
[    0.034121] kvm-guest: setup PV sched yield
[    0.034494] PM: hibernation: Registered nosave memory: [mem 0x00000000-0x00000fff]
[    0.035156] PM: hibernation: Registered nosave memory: [mem 0x0009f000-0x0009ffff]
[    0.035820] PM: hibernation: Registered nosave memory: [mem 0x000a0000-0x000effff]
[    0.036485] PM: hibernation: Registered nosave memory: [mem 0x000f0000-0x000fffff]
[    0.037150] [mem 0x40000000-0xfeffbfff] available for PCI devices
[    0.037686] Booting paravirtualized kernel on KVM
[    0.038099] clocksource: refined-jiffies: mask: 0xffffffff max_cycles: 0xffffffff, max_idle_ns: 1910969940391419 ns
[    0.041848] setup_percpu: NR_CPUS:64 nr_cpumask_bits:32 nr_cpu_ids:32 nr_node_ids:1
[    0.043011] percpu: Embedded 58 pages/cpu s198952 r8192 d30424 u262144
[    0.043517] Kernel command line: virtme_hostname=virtme-ng nr_open=1048576 virtme_link_mods=/nipa-data/kernel/.virtme_mods/lib/modules/0.0.0 virtme_initmount0=nipa-data/kernel virtme_rw_overlay0=/etc virtme_rw_overlay1=/lib virtme_rw_overlay2=/home virtme_rw_overlay3=/opt virtme_rw_overlay4=/srv virtme_rw_overlay5=/usr virtme_rw_overlay6=/var console=hvc0 earlyprintk=serial,ttyS0,115200 virtme_console=ttyS0 psmouse.proto=exps TERM=xterm virtme_chdir=nipa-data/kernel virtme_root_user=1 rootfstype=9p rootflags=version=9p2000.L,trans=virtio,access=any raid=noautodetect ro init=/usr/lib/python3.12/site-packages/virtme/guest/virtme-init
[    0.047910] Unknown kernel command line parameters "virtme_hostname=virtme-ng nr_open=1048576 virtme_link_mods=/nipa-data/kernel/.virtme_mods/lib/modules/0.0.0 virtme_initmount0=nipa-data/kernel virtme_rw_overlay0=/etc virtme_rw_overlay1=/lib virtme_rw_overlay2=/home virtme_rw_overlay3=/opt virtme_rw_overlay4=/srv virtme_rw_overlay5=/usr virtme_rw_overlay6=/var virtme_console=ttyS0 virtme_chdir=nipa-data/kernel virtme_root_user=1", will be passed to user space.
[    0.051804] random: crng init done
[    0.052142] Dentry cache hash table entries: 131072 (order: 8, 1048576 bytes, linear)
[    0.052870] Inode-cache hash table entries: 65536 (order: 7, 524288 bytes, linear)
[    0.053654] Fallback order for Node 0: 0 
[    0.053657] Built 1 zonelists, mobility grouping on.  Total pages: 257760
[    0.054633] Policy zone: DMA32
[    0.054908] mem auto-init: stack:all(zero), heap alloc:off, heap free:off
[    0.056382] Memory: 986612K/1048056K available (16384K kernel code, 2403K rwdata, 6108K rodata, 3056K init, 2100K bss, 61184K reserved, 0K cma-reserved)
[    0.057658] SLUB: HWalign=64, Order=0-3, MinObjects=0, CPUs=32, Nodes=1
Poking KASLR using RDRAND RDTSC...
[    0.058564] ftrace: allocating 47583 entries in 186 pages
[    0.065949] ftrace: allocated 186 pages with 5 groups
[    0.067114] Dynamic Preempt: voluntary
[    0.067621] rcu: Preemptible hierarchical RCU implementation.
[    0.068147] rcu: RCU event tracing is enabled.
[    0.068564] rcu: RCU restricting CPUs from NR_CPUS=64 to nr_cpu_ids=32.
[    0.069184] Trampoline variant of Tasks RCU enabled.
[    0.069649] Rude variant of Tasks RCU enabled.
[    0.070062] Tracing variant of Tasks RCU enabled.
[    0.070499] rcu: RCU calculated value of scheduler-enlistment delay is 100 jiffies.
[    0.071197] rcu: Adjusting geometry for rcu_fanout_leaf=16, nr_cpu_ids=32
[    0.071821] RCU Tasks: Setting shift to 5 and lim to 1 rcu_task_cb_adjust=1.
[    0.072462] RCU Tasks Rude: Setting shift to 5 and lim to 1 rcu_task_cb_adjust=1.
[    0.073148] RCU Tasks Trace: Setting shift to 5 and lim to 1 rcu_task_cb_adjust=1.
[    0.075743] NR_IRQS: 4352, nr_irqs: 680, preallocated irqs: 16
[    0.076451] rcu: srcu_init: Setting srcu_struct sizes based on contention.
[    0.077239] Console: colour *CGA 80x25
[    0.077585] ACPI: Core revision 20230628
[    0.078018] clocksource: hpet: mask: 0xffffffff max_cycles: 0xffffffff, max_idle_ns: 19112604467 ns
[    0.078899] APIC: Switch to symmetric I/O mode setup
[    0.079361] APIC: Switched APIC routing to: physical flat
[    0.079848] kvm-guest: APIC: send_IPI_mask() replaced with kvm_send_ipi_mask()
[    0.080475] kvm-guest: APIC: send_IPI_mask_allbutself() replaced with kvm_send_ipi_mask_allbutself()
[    0.081282] kvm-guest: setup PV IPIs
[    0.082510] ..TIMER: vector=0x30 apic1=0 pin1=2 apic2=-1 pin2=-1
[    0.083530] tsc: Marking TSC unstable due to TSCs unsynchronized
[    0.084538] Calibrating delay loop (skipped) preset value.. 8983.11 BogoMIPS (lpj=4491556)
[    0.085608] x86/cpu: User Mode Instruction Prevention (UMIP) activated
[    0.086594] Last level iTLB entries: 4KB 512, 2MB 255, 4MB 127
[    0.087537] Last level dTLB entries: 4KB 512, 2MB 255, 4MB 127, 1GB 0
[    0.088542] Spectre V1 : Mitigation: usercopy/swapgs barriers and __user pointer sanitization
[    0.089541] Spectre V2 : Mitigation: Enhanced / Automatic IBRS
[    0.090537] Spectre V2 : Spectre v2 / SpectreRSB mitigation: Filling RSB on context switch
[    0.091538] Spectre V2 : mitigation: Enabling conditional Indirect Branch Prediction Barrier
[    0.092539] Speculative Store Bypass: Mitigation: Speculative Store Bypass disabled via prctl
[    0.093537] Speculative Return Stack Overflow: IBPB-extending microcode not applied!
[    0.094537] Speculative Return Stack Overflow: WARNING: See https://kernel.org/doc/html/latest/admin-guide/hw-vuln/srso.html for mitigation options.
[    0.094538] Speculative Return Stack Overflow: Vulnerable: Safe RET, no microcode
[    0.096556] x86/fpu: Supporting XSAVE feature 0x001: 'x87 floating point registers'
[    0.097538] x86/fpu: Supporting XSAVE feature 0x002: 'SSE registers'
[    0.098537] x86/fpu: Supporting XSAVE feature 0x004: 'AVX registers'
[    0.099537] x86/fpu: Supporting XSAVE feature 0x020: 'AVX-512 opmask'
[    0.100537] x86/fpu: Supporting XSAVE feature 0x040: 'AVX-512 Hi256'
[    0.101537] x86/fpu: Supporting XSAVE feature 0x080: 'AVX-512 ZMM_Hi256'
[    0.102537] x86/fpu: Supporting XSAVE feature 0x200: 'Protection Keys User registers'
[    0.103538] x86/fpu: xstate_offset[2]:  576, xstate_sizes[2]:  256
[    0.104537] x86/fpu: xstate_offset[5]:  832, xstate_sizes[5]:   64
[    0.105537] x86/fpu: xstate_offset[6]:  896, xstate_sizes[6]:  512
[    0.106537] x86/fpu: xstate_offset[7]: 1408, xstate_sizes[7]: 1024
[    0.107537] x86/fpu: xstate_offset[9]: 2432, xstate_sizes[9]:    8
[    0.108331] x86/fpu: Enabled xstate features 0x2e7, context size is 2440 bytes, using 'compacted' format.
[    0.123129] Freeing SMP alternatives memory: 40K
[    0.123538] pid_max: default: 32768 minimum: 301
[    0.124156] Mount-cache hash table entries: 2048 (order: 2, 16384 bytes, linear)
[    0.124538] Mountpoint-cache hash table entries: 2048 (order: 2, 16384 bytes, linear)
[    0.126584] smpboot: CPU0: AMD Ryzen 9 7950X 16-Core Processor (family: 0x19, model: 0x61, stepping: 0x2)
[    0.127653] Performance Events: Fam17h+ core perfctr, AMD PMU driver.
[    0.128539] ... version:                0
[    0.129055] ... bit width:              48
[    0.129538] ... generic registers:      6
[    0.130055] ... value mask:             0000ffffffffffff
[    0.130539] ... max period:             00007fffffffffff
[    0.131251] ... fixed-purpose events:   0
[    0.131538] ... event mask:             000000000000003f
[    0.132426] signal: max sigframe size: 3376
[    0.132559] rcu: Hierarchical SRCU implementation.
[    0.133337] rcu: Max phase no-delay instances is 400.
[    0.136309] smp: Bringing up secondary CPUs ...
[    0.136600] smpboot: x86: Booting SMP configuration:
[    0.137403] .... node  #0, CPUs:        #1  #2  #3  #4  #5  #6  #7  #8  #9 #10 #11 #12 #13 #14 #15 #16 #17 #18 #19 #20 #21 #22 #23 #24 #25 #26 #27 #28 #29 #30 #31
[    0.164698] smp: Brought up 1 node, 32 CPUs
[    0.166092] smpboot: Total of 32 processors activated (287459.58 BogoMIPS)
[    0.175612] devtmpfs: initialized
[    0.176017] x86/mm: Memory block size: 128MB
[    0.177380] clocksource: jiffies: mask: 0xffffffff max_cycles: 0xffffffff, max_idle_ns: 1911260446275000 ns
[    0.177540] futex hash table entries: 8192 (order: 7, 524288 bytes, linear)
[    0.178540] PM: RTC time: 21:06:44, date: 2024-04-26
[    0.179559] NET: Registered PF_NETLINK/PF_ROUTE protocol family
[    0.180483] thermal_sys: Registered thermal governor 'step_wise'
[    0.180484] thermal_sys: Registered thermal governor 'user_space'
[    0.180554] cpuidle: using governor menu
[    0.182709] PCI: Using configuration type 1 for base access
[    0.183467] PCI: Using configuration type 1 for extended access
[    0.183604] kprobes: kprobe jump-optimization is enabled. All kprobes are optimized if possible.
[    0.200764] HugeTLB: registered 1.00 GiB page size, pre-allocated 0 pages
[    0.201538] HugeTLB: 16380 KiB vmemmap can be freed for a 1.00 GiB page
[    0.202416] HugeTLB: registered 2.00 MiB page size, pre-allocated 0 pages
[    0.202538] HugeTLB: 28 KiB vmemmap can be freed for a 2.00 MiB page
[    0.205708] Demotion targets for Node 0: null
[    0.206334] ACPI: Added _OSI(Module Device)
[    0.206539] ACPI: Added _OSI(Processor Device)
[    0.207125] ACPI: Added _OSI(3.0 _SCP Extensions)
[    0.207538] ACPI: Added _OSI(Processor Aggregator Device)
[    0.208962] ACPI: 1 ACPI AML tables successfully acquired and loaded
[    0.210161] ACPI: _OSC evaluation for CPUs failed, trying _PDC
[    0.210676] ACPI: Interpreter enabled
[    0.211164] ACPI: PM: (supports S0 S3 S4 S5)
[    0.211538] ACPI: Using IOAPIC for interrupt routing
[    0.212215] PCI: Using host bridge windows from ACPI; if necessary, use "pci=nocrs" and report a bug
[    0.212538] PCI: Using E820 reservations for host bridge windows
[    0.213415] ACPI: Enabled 2 GPEs in block 00 to 0F
[    0.216177] ACPI: PCI Root Bridge [PCI0] (domain 0000 [bus 00-ff])
[    0.216541] acpi PNP0A03:00: _OSC: OS supports [ExtendedConfig ASPM ClockPM Segments MSI HPX-Type3]
[    0.217630] PCI host bridge to bus 0000:00
[    0.218171] pci_bus 0000:00: root bus resource [io  0x0000-0x0cf7 window]
[    0.218538] pci_bus 0000:00: root bus resource [io  0x0d00-0xffff window]
[    0.219430] pci_bus 0000:00: root bus resource [mem 0x000a0000-0x000bffff window]
[    0.219538] pci_bus 0000:00: root bus resource [mem 0x40000000-0xfebfffff window]
[    0.220516] pci_bus 0000:00: root bus resource [mem 0x100000000-0x17fffffff window]
[    0.220539] pci_bus 0000:00: root bus resource [bus 00-ff]
[    0.221344] pci 0000:00:00.0: [8086:1237] type 00 class 0x060000 conventional PCI endpoint
[    0.221798] pci 0000:00:01.0: [8086:7000] type 00 class 0x060100 conventional PCI endpoint
[    0.222860] pci 0000:00:01.1: [8086:7010] type 00 class 0x010180 conventional PCI endpoint
[    0.226132] pci 0000:00:01.1: BAR 4 [io  0xc0c0-0xc0cf]
[    0.227546] pci 0000:00:01.1: BAR 0 [io  0x01f0-0x01f7]: legacy IDE quirk
[    0.228438] pci 0000:00:01.1: BAR 1 [io  0x03f6]: legacy IDE quirk
[    0.228538] pci 0000:00:01.1: BAR 2 [io  0x0170-0x0177]: legacy IDE quirk
[    0.229455] pci 0000:00:01.1: BAR 3 [io  0x0376]: legacy IDE quirk
[    0.229639] pci 0000:00:01.3: [8086:7113] type 00 class 0x068000 conventional PCI endpoint
[    0.230785] pci 0000:00:01.3: quirk: [io  0x0600-0x063f] claimed by PIIX4 ACPI
[    0.231543] pci 0000:00:01.3: quirk: [io  0x0700-0x070f] claimed by PIIX4 SMB
[    0.232660] pci 0000:00:02.0: [1af4:1009] type 00 class 0x000200 conventional PCI endpoint
[    0.234539] pci 0000:00:02.0: BAR 0 [io  0xc000-0xc03f]
[    0.236274] pci 0000:00:02.0: BAR 1 [mem 0xfebfc000-0xfebfcfff]
[    0.240539] pci 0000:00:02.0: BAR 4 [mem 0xfebf0000-0xfebf3fff 64bit pref]
[    0.242972] pci 0000:00:03.0: [1af4:1009] type 00 class 0x000200 conventional PCI endpoint
[    0.244539] pci 0000:00:03.0: BAR 0 [io  0xc040-0xc07f]
[    0.246267] pci 0000:00:03.0: BAR 1 [mem 0xfebfd000-0xfebfdfff]
[    0.250268] pci 0000:00:03.0: BAR 4 [mem 0xfebf4000-0xfebf7fff 64bit pref]
[    0.252134] pci 0000:00:04.0: [8086:25ab] type 00 class 0x088000 conventional PCI endpoint
[    0.253111] pci 0000:00:04.0: BAR 0 [mem 0xfebfe000-0xfebfe00f]
[    0.257499] pci 0000:00:05.0: [1af4:1003] type 00 class 0x078000 conventional PCI endpoint
[    0.258539] pci 0000:00:05.0: BAR 0 [io  0xc080-0xc0bf]
[    0.260255] pci 0000:00:05.0: BAR 1 [mem 0xfebff000-0xfebfffff]
[    0.264540] pci 0000:00:05.0: BAR 4 [mem 0xfebf8000-0xfebfbfff 64bit pref]
[    0.267071] ACPI: PCI: Interrupt link LNKA configured for IRQ 10
[    0.267655] ACPI: PCI: Interrupt link LNKB configured for IRQ 10
[    0.268547] ACPI: PCI: Interrupt link LNKC configured for IRQ 11
[    0.269436] ACPI: PCI: Interrupt link LNKD configured for IRQ 11
[    0.269612] ACPI: PCI: Interrupt link LNKS configured for IRQ 9
[    0.271322] iommu: Default domain type: Translated
[    0.271539] iommu: DMA domain TLB invalidation policy: lazy mode
[    0.272378] SCSI subsystem initialized
[    0.272575] pps_core: LinuxPPS API ver. 1 registered
[    0.273233] pps_core: Software ver. 5.3.6 - Copyright 2005-2007 Rodolfo Giometti <giometti@linux.it>
[    0.273540] PTP clock support registered
[    0.274076] Advanced Linux Sound Architecture Driver Initialized.
[    0.274850] NET: Registered PF_ATMPVC protocol family
[    0.275539] NET: Registered PF_ATMSVC protocol family
[    0.276262] PCI: Using ACPI for IRQ routing
[    0.276625] vgaarb: loaded
[    0.276924] hpet0: at MMIO 0xfed00000, IRQs 2, 8, 0
[    0.277538] hpet0: 3 comparators, 64-bit 100.000000 MHz counter
[    0.283909] clocksource: Switched to clocksource kvm-clock
[    0.284769] VFS: Disk quotas dquot_6.6.0
[    0.284907] VFS: Dquot-cache hash table entries: 512 (order 0, 4096 bytes)
[    0.286302] pnp: PnP ACPI init
[    0.286915] pnp: PnP ACPI: found 5 devices
[    0.294645] clocksource: acpi_pm: mask: 0xffffff max_cycles: 0xffffff, max_idle_ns: 2085701024 ns
[    0.295859] NET: Registered PF_INET protocol family
[    0.296538] IP idents hash table entries: 16384 (order: 5, 131072 bytes, linear)
[    0.297701] tcp_listen_portaddr_hash hash table entries: 512 (order: 1, 8192 bytes, linear)
[    0.298815] Table-perturb hash table entries: 65536 (order: 6, 262144 bytes, linear)
[    0.299849] TCP established hash table entries: 8192 (order: 4, 65536 bytes, linear)
[    0.300884] TCP bind hash table entries: 8192 (order: 6, 262144 bytes, linear)
[    0.301870] TCP: Hash tables configured (established 8192 bind 8192)
[    0.302841] UDP hash table entries: 512 (order: 2, 16384 bytes, linear)
[    0.303726] UDP-Lite hash table entries: 512 (order: 2, 16384 bytes, linear)
[    0.304691] NET: Registered PF_UNIX/PF_LOCAL protocol family
[    0.305449] pci_bus 0000:00: resource 4 [io  0x0000-0x0cf7 window]
[    0.306268] pci_bus 0000:00: resource 5 [io  0x0d00-0xffff window]
[    0.307084] pci_bus 0000:00: resource 6 [mem 0x000a0000-0x000bffff window]
[    0.307993] pci_bus 0000:00: resource 7 [mem 0x40000000-0xfebfffff window]
[    0.308903] pci_bus 0000:00: resource 8 [mem 0x100000000-0x17fffffff window]
[    0.309860] pci 0000:00:01.0: PIIX3: Enabling Passive Release
[    0.310625] pci 0000:00:00.0: Limiting direct PCI/PCI transfers
[    0.311439] PCI: CLS 0 bytes, default 64
[    0.312013] kvm_intel: VMX not supported by CPU 0
[    0.312654] kvm_amd: TSC scaling supported
[    0.313194] kvm_amd: Nested Virtualization enabled
[    0.313836] kvm_amd: Nested Paging enabled
[    0.314384] kvm_amd: Virtual VMLOAD VMSAVE supported
[    0.315041] kvm_amd: Virtual GIF supported
[    0.315583] kvm_amd: Virtual NMI enabled
[    0.316099] kvm_amd: LBR virtualization supported
[    0.421809] Initialise system trusted keyrings
[    0.422525] workingset: timestamp_bits=56 max_order=18 bucket_order=0
[    0.423433] squashfs: version 4.0 (2009/01/31) Phillip Lougher
[    0.424246] fuse: init (API version 7.40)
[    0.424851] 9p: Installing v9fs 9p2000 file system support
[    0.432445] Key type asymmetric registered
[    0.433008] Asymmetric key parser 'x509' registered
[    0.433703] Block layer SCSI generic (bsg) driver version 0.4 loaded (major 249)
[    0.434718] io scheduler mq-deadline registered
[    0.435345] io scheduler kyber registered
[    0.436929] input: Power Button as /devices/LNXSYSTM:00/LNXPWRBN:00/input/input0
[    0.437985] ACPI: button: Power Button [PWRF]
[    0.438622] Warning: Processor Platform Limit event detected, but not handled.
[    0.439594] Consider compiling CPUfreq support into your kernel.
[    0.457784] ACPI: \_SB_.LNKB: Enabled at IRQ 10
[    0.475643] ACPI: \_SB_.LNKC: Enabled at IRQ 11
[    0.493290] ACPI: \_SB_.LNKA: Enabled at IRQ 10
[    0.494661] Serial: 8250/16550 driver, 4 ports, IRQ sharing enabled
[    0.495663] 00:03: ttyS0 at I/O 0x3f8 (irq = 4, base_baud = 115200) is a 16550A
[    0.556257] Non-volatile memory driver v1.3
[    0.557034] Linux agpgart interface v0.103
[    0.557139] ACPI: bus type drm_connector registered
[    0.558619] printk: legacy console [hvc0] enabled
[    0.559384] printk: legacy bootconsole [earlyser0] disabled
          _      _                                    
   __   _(_)_ __| |_ _ __ ___   ___       _ __   __ _ 
   \ \ / / |  __| __|  _   _ \ / _ \_____|  _ \ / _  |
    \ V /| | |  | |_| | | | | |  __/_____| | | | (_| |
     \_/ |_|_|   \__|_| |_| |_|\___|     |_| |_|\__  |
                                                |___/ 
   kernel version: 6.9.0-rc5-virtme x86_64
   (CTRL+d to exit)

virtme-ng:/nipa-data/kernel# PS1='xx__-> '
xx__-> env
PWD=/nipa-data/kernel
nr_open=1048576
HOME=/root
TERM=xterm
SHLVL=2
XDG_RUNTIME_DIR=/run/user/0
PATH=/bin:/sbin:/usr/bin:/usr/sbin:/usr/local/bin
OLDPWD=/
_=/usr/bin/env
xx__-> 