No EFI environment detected.
early console in extract_kernel
input_data: 0x0000000002be52c4
input_len: 0x0000000000b6b35d
output: 0x0000000001000000
output_len: 0x0000000002708bb0
kernel_total_size: 0x0000000002430000
needed_size: 0x0000000002800000
trampoline_32bit: 0x000000000009d000
Physical KASLR using RDRAND RDTSC...
Virtual KASLR using RDRAND RDTSC...

Decompressing Linux... Parsing ELF... Performing relocations... done.
Booting the kernel (entry_offset: 0x0000000000000000).
[    0.000000] Linux version 6.11.0-virtme (root@3aa98bb962c0) (gcc (Ubuntu 13.2.0-23ubuntu4) 13.2.0, GNU ld (GNU Binutils for Ubuntu) 2.42) #1 SMP PREEMPT_DYNAMIC Wed Oct  2 15:08:08 UTC 2024
[    0.000000] Command line: virtme_hostname=virtme-ng nr_open=1048576 virtme_link_mods=/nipa-data/kernel/.virtme_mods/lib/modules/0.0.0 virtme_initmount0=nipa-data/kernel virtme_rw_overlay0=/etc virtme_rw_overlay1=/lib virtme_rw_overlay2=/home virtme_rw_overlay3=/opt virtme_rw_overlay4=/srv virtme_rw_overlay5=/usr virtme_rw_overlay6=/var console=hvc0 earlyprintk=serial,ttyS0,115200 virtme_console=ttyS0 psmouse.proto=exps TERM=xterm virtme_chdir=nipa-data/kernel virtme_root_user=1 rootfstype=9p rootflags=version=9p2000.L,trans=virtio,access=any raid=noautodetect ro init=/usr/lib/python3/dist-packages/virtme/guest/virtme-init
[    0.000000] x86/split lock detection: #DB: warning on user-space bus_locks
[    0.000000] BIOS-provided physical RAM map:
[    0.000000] BIOS-e820: [mem 0x0000000000000000-0x000000000009fbff] usable
[    0.000000] BIOS-e820: [mem 0x000000000009fc00-0x000000000009ffff] reserved
[    0.000000] BIOS-e820: [mem 0x00000000000f0000-0x00000000000fffff] reserved
[    0.000000] BIOS-e820: [mem 0x0000000000100000-0x000000003ffdffff] usable
[    0.000000] BIOS-e820: [mem 0x000000003ffe0000-0x000000003fffffff] reserved
[    0.000000] BIOS-e820: [mem 0x00000000feffc000-0x00000000feffffff] reserved
[    0.000000] BIOS-e820: [mem 0x00000000fffc0000-0x00000000ffffffff] reserved
[    0.000000] printk: legacy bootconsole [earlyser0] enabled
[    0.000000] NX (Execute Disable) protection: active
[    0.000000] APIC: Static calls initialized
[    0.000000] SMBIOS 3.0.0 present.
[    0.000000] DMI: QEMU Ubuntu 24.04 PC (i440FX + PIIX, 1996), BIOS 1.16.3-debian-1.16.3-2 04/01/2014
[    0.000000] DMI: Memory slots populated: 1/1
[    0.000000] Hypervisor detected: KVM
[    0.000000] kvm-clock: Using msrs 4b564d01 and 4b564d00
[    0.000001] kvm-clock: using sched offset of 660010502 cycles
[    0.000755] clocksource: kvm-clock: mask: 0xffffffffffffffff max_cycles: 0x1cd42e4dffb, max_idle_ns: 881590591483 ns
[    0.003083] tsc: Detected 2000.000 MHz processor
[    0.004278] last_pfn = 0x3ffe0 max_arch_pfn = 0x10000000000
[    0.005140] MTRR map: 4 entries (3 fixed + 1 variable; max 19), built from 8 variable MTRRs
[    0.006338] x86/PAT: Configuration [0-7]: WB  WC  UC- UC  WB  WP  UC- WT  
Memory KASLR using RDRAND RDTSC...
[    0.014662] found SMP MP-table at [mem 0x000f5470-0x000f547f]
[    0.015498] Using GB pages for direct mapping
[    0.016284] ACPI: Early table checksum verification disabled
[    0.017101] ACPI: RSDP 0x00000000000F5290 000014 (v00 BOCHS )
[    0.017929] ACPI: RSDT 0x000000003FFE308E 000034 (v01 BOCHS  BXPC     00000001 BXPC 00000001)
[    0.019152] ACPI: FACP 0x000000003FFE2D8A 000074 (v01 BOCHS  BXPC     00000001 BXPC 00000001)
[    0.020373] ACPI: DSDT 0x000000003FFE0040 002D4A (v01 BOCHS  BXPC     00000001 BXPC 00000001)
[    0.021605] ACPI: FACS 0x000000003FFE0000 000040
[    0.022267] ACPI: APIC 0x000000003FFE2DFE 000230 (v03 BOCHS  BXPC     00000001 BXPC 00000001)
[    0.023488] ACPI: HPET 0x000000003FFE302E 000038 (v01 BOCHS  BXPC     00000001 BXPC 00000001)
[    0.024721] ACPI: WAET 0x000000003FFE3066 000028 (v01 BOCHS  BXPC     00000001 BXPC 00000001)
[    0.025941] ACPI: Reserving FACP table memory at [mem 0x3ffe2d8a-0x3ffe2dfd]
[    0.026948] ACPI: Reserving DSDT table memory at [mem 0x3ffe0040-0x3ffe2d89]
[    0.027955] ACPI: Reserving FACS table memory at [mem 0x3ffe0000-0x3ffe003f]
[    0.028966] ACPI: Reserving APIC table memory at [mem 0x3ffe2dfe-0x3ffe302d]
[    0.029972] ACPI: Reserving HPET table memory at [mem 0x3ffe302e-0x3ffe3065]
[    0.030977] ACPI: Reserving WAET table memory at [mem 0x3ffe3066-0x3ffe308d]
[    0.032327] No NUMA configuration found
[    0.032881] Faking a node at [mem 0x0000000000000000-0x000000003ffdffff]
[    0.033840] NODE_DATA(0) allocated [mem 0x3ffdb780-0x3ffdffff]
[    0.034824] Zone ranges:
[    0.035188]   DMA      [mem 0x0000000000001000-0x0000000000ffffff]
[    0.036071]   DMA32    [mem 0x0000000001000000-0x000000003ffdffff]
[    0.036959]   Normal   empty
[    0.037370]   Device   empty
[    0.037782] Movable zone start for each node
[    0.038391] Early memory node ranges
[    0.038900]   node   0: [mem 0x0000000000001000-0x000000000009efff]
[    0.039794]   node   0: [mem 0x0000000000100000-0x000000003ffdffff]
[    0.040693] Initmem setup node 0 [mem 0x0000000000001000-0x000000003ffdffff]
[    0.041701] On node 0, zone DMA: 1 pages in unavailable ranges
[    0.042566] On node 0, zone DMA: 97 pages in unavailable ranges
[    0.046994] On node 0, zone DMA32: 32 pages in unavailable ranges
[    0.048403] ACPI: PM-Timer IO Port: 0x608
[    0.049009] ACPI: LAPIC_NMI (acpi_id[0xff] dfl dfl lint[0x1])
[    0.049881] IOAPIC[0]: apic_id 0, version 17, address 0xfec00000, GSI 0-23
[    0.050868] ACPI: INT_SRC_OVR (bus 0 bus_irq 0 global_irq 2 dfl dfl)
[    0.051776] ACPI: INT_SRC_OVR (bus 0 bus_irq 5 global_irq 5 high level)
[    0.052727] ACPI: INT_SRC_OVR (bus 0 bus_irq 9 global_irq 9 high level)
[    0.053675] ACPI: INT_SRC_OVR (bus 0 bus_irq 10 global_irq 10 high level)
[    0.054646] ACPI: INT_SRC_OVR (bus 0 bus_irq 11 global_irq 11 high level)
[    0.055634] ACPI: Using ACPI (MADT) for SMP configuration information
[    0.056555] ACPI: HPET id: 0x8086a201 base: 0xfed00000
[    0.057298] TSC deadline timer available
[    0.057862] CPU topo: Max. logical packages:   1
[    0.058522] CPU topo: Max. logical dies:       1
[    0.059181] CPU topo: Max. dies per package:   1
[    0.059844] CPU topo: Max. threads per core:   1
[    0.060505] CPU topo: Num. cores per package:    56
[    0.061206] CPU topo: Num. threads per package:  56
[    0.061903] CPU topo: Allowing 56 present CPUs plus 0 hotplug CPUs
[    0.062808] kvm-guest: APIC: eoi() replaced with kvm_guest_apic_eoi_write()
[    0.063821] kvm-guest: KVM setup pv remote TLB flush
[    0.064535] kvm-guest: setup PV sched yield
[    0.065143] PM: hibernation: Registered nosave memory: [mem 0x00000000-0x00000fff]
[    0.066224] PM: hibernation: Registered nosave memory: [mem 0x0009f000-0x0009ffff]
[    0.067306] PM: hibernation: Registered nosave memory: [mem 0x000a0000-0x000effff]
[    0.068394] PM: hibernation: Registered nosave memory: [mem 0x000f0000-0x000fffff]
[    0.069480] [mem 0x40000000-0xfeffbfff] available for PCI devices
[    0.070351] Booting paravirtualized kernel on KVM
[    0.071023] clocksource: refined-jiffies: mask: 0xffffffff max_cycles: 0xffffffff, max_idle_ns: 1910969940391419 ns
[    0.080546] setup_percpu: NR_CPUS:64 nr_cpumask_bits:56 nr_cpu_ids:56 nr_node_ids:1
[    0.086346] percpu: Embedded 58 pages/cpu s199128 r8192 d30248 u262144
[    0.087416] Kernel command line: virtme_hostname=virtme-ng nr_open=1048576 virtme_link_mods=/nipa-data/kernel/.virtme_mods/lib/modules/0.0.0 virtme_initmount0=nipa-data/kernel virtme_rw_overlay0=/etc virtme_rw_overlay1=/lib virtme_rw_overlay2=/home virtme_rw_overlay3=/opt virtme_rw_overlay4=/srv virtme_rw_overlay5=/usr virtme_rw_overlay6=/var console=hvc0 earlyprintk=serial,ttyS0,115200 virtme_console=ttyS0 psmouse.proto=exps TERM=xterm virtme_chdir=nipa-data/kernel virtme_root_user=1 rootfstype=9p rootflags=version=9p2000.L,trans=virtio,access=any raid=noautodetect ro init=/usr/lib/python3/dist-packages/virtme/guest/virtme-init
[    0.095667] Unknown kernel command line parameters "virtme_hostname=virtme-ng nr_open=1048576 virtme_link_mods=/nipa-data/kernel/.virtme_mods/lib/modules/0.0.0 virtme_initmount0=nipa-data/kernel virtme_rw_overlay0=/etc virtme_rw_overlay1=/lib virtme_rw_overlay2=/home virtme_rw_overlay3=/opt virtme_rw_overlay4=/srv virtme_rw_overlay5=/usr virtme_rw_overlay6=/var virtme_console=ttyS0 virtme_chdir=nipa-data/kernel virtme_root_user=1", will be passed to user space.
[    0.101681] random: crng init done
[    0.102174] printk: log_buf_len individual max cpu contribution: 4096 bytes
[    0.103182] printk: log_buf_len total cpu_extra contributions: 225280 bytes
[    0.104189] printk: log_buf_len min size: 262144 bytes
[    0.105558] printk: log_buf_len: 524288 bytes
[    0.106218] printk: early log buf free: 254024(96%)
[    0.107343] Dentry cache hash table entries: 131072 (order: 8, 1048576 bytes, linear)
[    0.108530] Inode-cache hash table entries: 65536 (order: 7, 524288 bytes, linear)
[    0.110498] Fallback order for Node 0: 0 
[    0.110508] Built 1 zonelists, mobility grouping on.  Total pages: 262014
[    0.112009] Policy zone: DMA32
[    0.112430] mem auto-init: stack:all(zero), heap alloc:off, heap free:off
[    0.116969] SLUB: HWalign=64, Order=0-3, MinObjects=0, CPUs=56, Nodes=1
Poking KASLR using RDRAND RDTSC...
[    0.118413] ftrace: allocating 48394 entries in 190 pages
[    0.133342] ftrace: allocated 190 pages with 6 groups
[    0.135208] Dynamic Preempt: voluntary
[    0.136713] rcu: Preemptible hierarchical RCU implementation.
[    0.137527] rcu: RCU event tracing is enabled.
[    0.138155] rcu: RCU restricting CPUs from NR_CPUS=64 to nr_cpu_ids=56.
[    0.139082] Trampoline variant of Tasks RCU enabled.
[    0.139776] Rude variant of Tasks RCU enabled.
[    0.140399] Tracing variant of Tasks RCU enabled.
[    0.141067] rcu: RCU calculated value of scheduler-enlistment delay is 100 jiffies.
[    0.142121] rcu: Adjusting geometry for rcu_fanout_leaf=16, nr_cpu_ids=56
[    0.143112] RCU Tasks: Setting shift to 6 and lim to 1 rcu_task_cb_adjust=1 rcu_task_cpu_ids=56.
[    0.144328] RCU Tasks Rude: Setting shift to 6 and lim to 1 rcu_task_cb_adjust=1 rcu_task_cpu_ids=56.
[    0.145608] RCU Tasks Trace: Setting shift to 6 and lim to 1 rcu_task_cb_adjust=1 rcu_task_cpu_ids=56.
[    0.150203] NR_IRQS: 4352, nr_irqs: 872, preallocated irqs: 16
[    0.151387] rcu: srcu_init: Setting srcu_struct sizes based on contention.
[    0.152634] Console: colour *CGA 80x25
[    0.153213] ACPI: Core revision 20240827
[    0.153930] clocksource: hpet: mask: 0xffffffff max_cycles: 0xffffffff, max_idle_ns: 19112604467 ns
[    0.155309] APIC: Switch to symmetric I/O mode setup
[    0.156067] kvm-guest: APIC: send_IPI_mask() replaced with kvm_send_ipi_mask()
[    0.157119] kvm-guest: APIC: send_IPI_mask_allbutself() replaced with kvm_send_ipi_mask_allbutself()
[    0.158464] kvm-guest: setup PV IPIs
[    0.160417] ..TIMER: vector=0x30 apic1=0 pin1=2 apic2=-1 pin2=-1
[    0.161727] clocksource: tsc-early: mask: 0xffffffffffffffff max_cycles: 0x39a85c9bff6, max_idle_ns: 881590591483 ns
[    0.163937] Calibrating delay loop (skipped) preset value.. 4000.00 BogoMIPS (lpj=2000000)
[    0.165151] x86/cpu: User Mode Instruction Prevention (UMIP) activated
[    0.167008] Last level iTLB entries: 4KB 0, 2MB 0, 4MB 0
[    0.167935] Last level dTLB entries: 4KB 0, 2MB 0, 4MB 0, 1GB 0
[    0.168951] Spectre V1 : Mitigation: usercopy/swapgs barriers and __user pointer sanitization
[    0.169942] Spectre V2 : Spectre BHI mitigation: SW BHB clearing on syscall and VM exit
[    0.170937] Spectre V2 : Mitigation: Enhanced / Automatic IBRS
[    0.171942] Spectre V2 : Spectre v2 / SpectreRSB mitigation: Filling RSB on context switch
[    0.172942] Spectre V2 : Spectre v2 / PBRSB-eIBRS: Retire a single CALL on VMEXIT
[    0.173948] Spectre V2 : mitigation: Enabling conditional Indirect Branch Prediction Barrier
[    0.174938] Speculative Store Bypass: Mitigation: Speculative Store Bypass disabled via prctl
[    0.175935] TAA: Mitigation: TSX disabled
[    0.177023] x86/fpu: Supporting XSAVE feature 0x001: 'x87 floating point registers'
[    0.177943] x86/fpu: Supporting XSAVE feature 0x002: 'SSE registers'
[    0.178935] x86/fpu: Supporting XSAVE feature 0x004: 'AVX registers'
[    0.179942] x86/fpu: Supporting XSAVE feature 0x020: 'AVX-512 opmask'
[    0.180942] x86/fpu: Supporting XSAVE feature 0x040: 'AVX-512 Hi256'
[    0.181943] x86/fpu: Supporting XSAVE feature 0x080: 'AVX-512 ZMM_Hi256'
[    0.182943] x86/fpu: Supporting XSAVE feature 0x200: 'Protection Keys User registers'
[    0.183943] x86/fpu: Supporting XSAVE feature 0x20000: 'AMX Tile config'
[    0.184942] x86/fpu: Supporting XSAVE feature 0x40000: 'AMX Tile data'
[    0.185943] x86/fpu: xstate_offset[2]:  576, xstate_sizes[2]:  256
[    0.186943] x86/fpu: xstate_offset[5]:  832, xstate_sizes[5]:   64
[    0.187943] x86/fpu: xstate_offset[6]:  896, xstate_sizes[6]:  512
[    0.188942] x86/fpu: xstate_offset[7]: 1408, xstate_sizes[7]: 1024
[    0.189942] x86/fpu: xstate_offset[9]: 2432, xstate_sizes[9]:    8
[    0.190942] x86/fpu: xstate_offset[17]: 2496, xstate_sizes[17]:   64
[    0.191935] x86/fpu: xstate_offset[18]: 2560, xstate_sizes[18]: 8192
[    0.192942] x86/fpu: Enabled xstate features 0x602e7, context size is 10752 bytes, using 'compacted' format.
[    0.222359] Freeing SMP alternatives memory: 40K
[    0.222938] pid_max: default: 57344 minimum: 448
[    0.224996] Mount-cache hash table entries: 2048 (order: 2, 16384 bytes, linear)
[    0.225948] Mountpoint-cache hash table entries: 2048 (order: 2, 16384 bytes, linear)
[    0.227442] smpboot: CPU0: Intel(R) Xeon(R) Platinum 8480+ (family: 0x6, model: 0x8f, stepping: 0x6)
[    0.228186] Performance Events: PEBS fmt0-, Sapphire Rapids events, full-width counters, Intel PMU driver.
[    0.228941] ... version:                2
[    0.229739] ... bit width:              48
[    0.229937] ... generic registers:      8
[    0.230734] ... value mask:             0000ffffffffffff
[    0.230937] ... max period:             00007fffffffffff
[    0.231937] ... fixed-purpose events:   3
[    0.232737] ... event mask:             00000007000000ff
[    0.233168] signal: max sigframe size: 11952
[    0.233965] rcu: Hierarchical SRCU implementation.
[    0.234926] rcu: Max phase no-delay instances is 400.
[    0.234974] Timer migration: 2 hierarchy levels; 8 children per group; 2 crossnode level
[    0.237006] smp: Bringing up secondary CPUs ...
[    0.238057] smpboot: x86: Booting SMP configuration:
[    0.238940] .... node  #0, CPUs:        #1  #2  #3  #4  #5  #6  #7  #8  #9 #10 #11 #12 #13 #14 #15 #16 #17 #18 #19 #20 #21 #22 #23 #24 #25 #26 #27 #28 #29 #30 #31 #32 #33 #34 #35 #36 #37 #38 #39 #40 #41 #42 #43 #44 #45 #46 #47 #48 #49 #50 #51 #52 #53 #54 #55
[    0.313590] smp: Brought up 1 node, 56 CPUs
[    0.314793] smpboot: Total of 56 processors activated (224000.00 BogoMIPS)
[    0.327997] Memory: 951172K/1048056K available (16384K kernel code, 2449K rwdata, 6272K rodata, 3124K init, 1872K bss, 72276K reserved, 0K cma-reserved)
[    0.329074] devtmpfs: initialized
[    0.329988] x86/mm: Memory block size: 128MB
[    0.332218] clocksource: jiffies: mask: 0xffffffff max_cycles: 0xffffffff, max_idle_ns: 1911260446275000 ns
[    0.332941] futex hash table entries: 16384 (order: 8, 1048576 bytes, linear)
[    0.334285] PM: RTC time: 15:08:50, date: 2024-10-02
[    0.336844] NET: Registered PF_NETLINK/PF_ROUTE protocol family
[    0.337144] thermal_sys: Registered thermal governor 'step_wise'
[    0.337146] thermal_sys: Registered thermal governor 'user_space'
[    0.337974] cpuidle: using governor menu
[    0.342226] PCI: Using configuration type 1 for base access
[    0.343028] kprobes: kprobe jump-optimization is enabled. All kprobes are optimized if possible.
[    0.373334] HugeTLB: registered 1.00 GiB page size, pre-allocated 0 pages
[    0.374940] HugeTLB: 16380 KiB vmemmap can be freed for a 1.00 GiB page
[    0.376939] HugeTLB: registered 2.00 MiB page size, pre-allocated 0 pages
[    0.379938] HugeTLB: 28 KiB vmemmap can be freed for a 2.00 MiB page
[    0.382133] ACPI: Added _OSI(Module Device)
[    0.382939] ACPI: Added _OSI(Processor Device)
[    0.384939] ACPI: Added _OSI(3.0 _SCP Extensions)
[    0.385939] ACPI: Added _OSI(Processor Aggregator Device)
[    0.389021] ACPI: 1 ACPI AML tables successfully acquired and loaded
[    0.394313] ACPI: Interpreter enabled
[    0.395956] ACPI: PM: (supports S0 S3 S4 S5)
[    0.396939] ACPI: Using IOAPIC for interrupt routing
[    0.397955] PCI: Using host bridge windows from ACPI; if necessary, use "pci=nocrs" and report a bug
[    0.400938] PCI: Using E820 reservations for host bridge windows
[    0.402109] ACPI: Enabled 2 GPEs in block 00 to 0F
[    0.408461] ACPI: PCI Root Bridge [PCI0] (domain 0000 [bus 00-ff])
[    0.410943] acpi PNP0A03:00: _OSC: OS supports [ASPM ClockPM Segments MSI HPX-Type3]
[    0.412940] acpi PNP0A03:00: _OSC: not requesting OS control; OS requires [ExtendedConfig ASPM ClockPM MSI]
[    0.415943] acpi PNP0A03:00: fail to add MMCONFIG information, can't access extended configuration space under this bridge
[    0.418044] PCI host bridge to bus 0000:00
[    0.418900] pci_bus 0000:00: root bus resource [io  0x0000-0x0cf7 window]
[    0.419937] pci_bus 0000:00: root bus resource [io  0x0d00-0xffff window]
[    0.420937] pci_bus 0000:00: root bus resource [mem 0x000a0000-0x000bffff window]
[    0.421937] pci_bus 0000:00: root bus resource [mem 0x40000000-0xfebfffff window]
[    0.423938] pci_bus 0000:00: root bus resource [mem 0x100000000-0x17fffffff window]
[    0.424937] pci_bus 0000:00: root bus resource [bus 00-ff]
[    0.425988] pci 0000:00:00.0: [8086:1237] type 00 class 0x060000 conventional PCI endpoint
[    0.428483] pci 0000:00:01.0: [8086:7000] type 00 class 0x060100 conventional PCI endpoint
[    0.430662] pci 0000:00:01.1: [8086:7010] type 00 class 0x010180 conventional PCI endpoint
[    0.435276] pci 0000:00:01.1: BAR 4 [io  0xc0c0-0xc0cf]
[    0.437333] pci 0000:00:01.1: BAR 0 [io  0x01f0-0x01f7]: legacy IDE quirk
[    0.439948] pci 0000:00:01.1: BAR 1 [io  0x03f6]: legacy IDE quirk
[    0.440938] pci 0000:00:01.1: BAR 2 [io  0x0170-0x0177]: legacy IDE quirk
[    0.441937] pci 0000:00:01.1: BAR 3 [io  0x0376]: legacy IDE quirk
[    0.444180] pci 0000:00:01.3: [8086:7113] type 00 class 0x068000 conventional PCI endpoint
[    0.445523] pci 0000:00:01.3: quirk: [io  0x0600-0x063f] claimed by PIIX4 ACPI
[    0.446947] pci 0000:00:01.3: quirk: [io  0x0700-0x070f] claimed by PIIX4 SMB
[    0.449360] pci 0000:00:02.0: [1af4:1009] type 00 class 0x000200 conventional PCI endpoint
[    0.451939] pci 0000:00:02.0: BAR 0 [io  0xc000-0xc03f]
[    0.453939] pci 0000:00:02.0: BAR 1 [mem 0xfebfc000-0xfebfcfff]
[    0.459940] pci 0000:00:02.0: BAR 4 [mem 0xfebf0000-0xfebf3fff 64bit pref]
[    0.465097] pci 0000:00:03.0: [1af4:1009] type 00 class 0x000200 conventional PCI endpoint
[    0.467772] pci 0000:00:03.0: BAR 0 [io  0xc040-0xc07f]
[    0.469789] pci 0000:00:03.0: BAR 1 [mem 0xfebfd000-0xfebfdfff]
[    0.473897] pci 0000:00:03.0: BAR 4 [mem 0xfebf4000-0xfebf7fff 64bit pref]
[    0.478881] pci 0000:00:04.0: [8086:25ab] type 00 class 0x088000 conventional PCI endpoint
[    0.481408] pci 0000:00:04.0: BAR 0 [mem 0xfebfe000-0xfebfe00f]
[    0.484485] pci 0000:00:05.0: [1af4:1003] type 00 class 0x078000 conventional PCI endpoint
[    0.487942] pci 0000:00:05.0: BAR 0 [io  0xc080-0xc0bf]
[    0.489782] pci 0000:00:05.0: BAR 1 [mem 0xfebff000-0xfebfffff]
[    0.492940] pci 0000:00:05.0: BAR 4 [mem 0xfebf8000-0xfebfbfff 64bit pref]
[    0.497219] ACPI: PCI: Interrupt link LNKA configured for IRQ 10
[    0.498083] ACPI: PCI: Interrupt link LNKB configured for IRQ 10
[    0.499064] ACPI: PCI: Interrupt link LNKC configured for IRQ 11
[    0.500057] ACPI: PCI: Interrupt link LNKD configured for IRQ 11
[    0.502025] ACPI: PCI: Interrupt link LNKS configured for IRQ 9
[    0.504735] iommu: Default domain type: Translated
[    0.505937] iommu: DMA domain TLB invalidation policy: lazy mode
[    0.507065] SCSI subsystem initialized
[    0.507974] pps_core: LinuxPPS API ver. 1 registered
[    0.508937] pps_core: Software ver. 5.3.6 - Copyright 2005-2007 Rodolfo Giometti <giometti@linux.it>
[    0.509939] PTP clock support registered
[    0.512003] Advanced Linux Sound Architecture Driver Initialized.
[    0.514515] NET: Registered PF_ATMPVC protocol family
[    0.514937] NET: Registered PF_ATMSVC protocol family
[    0.515941] PCI: Using ACPI for IRQ routing
[    0.518001] vgaarb: loaded
[    0.518524] hpet0: at MMIO 0xfed00000, IRQs 2, 8, 0
[    0.518937] hpet0: 3 comparators, 64-bit 100.000000 MHz counter
[    0.523175] clocksource: Switched to clocksource kvm-clock
[    0.524576] VFS: Disk quotas dquot_6.6.0
[    0.525408] VFS: Dquot-cache hash table entries: 512 (order 0, 4096 bytes)
[    0.527616] pnp: PnP ACPI init
[    0.528572] pnp: PnP ACPI: found 5 devices
[    0.545321] clocksource: acpi_pm: mask: 0xffffff max_cycles: 0xffffff, max_idle_ns: 2085701024 ns
[    0.547250] NET: Registered PF_INET protocol family
[    0.548324] IP idents hash table entries: 16384 (order: 5, 131072 bytes, linear)
[    0.550295] tcp_listen_portaddr_hash hash table entries: 512 (order: 1, 8192 bytes, linear)
[    0.551997] Table-perturb hash table entries: 65536 (order: 6, 262144 bytes, linear)
[    0.553602] TCP established hash table entries: 8192 (order: 4, 65536 bytes, linear)
[    0.555366] TCP bind hash table entries: 8192 (order: 6, 262144 bytes, linear)
[    0.556870] TCP: Hash tables configured (established 8192 bind 8192)
[    0.558224] UDP hash table entries: 512 (order: 2, 16384 bytes, linear)
[    0.559566] UDP-Lite hash table entries: 512 (order: 2, 16384 bytes, linear)
[    0.561049] NET: Registered PF_UNIX/PF_LOCAL protocol family
[    0.562208] pci_bus 0000:00: resource 4 [io  0x0000-0x0cf7 window]
[    0.563461] pci_bus 0000:00: resource 5 [io  0x0d00-0xffff window]
[    0.564710] pci_bus 0000:00: resource 6 [mem 0x000a0000-0x000bffff window]
[    0.566100] pci_bus 0000:00: resource 7 [mem 0x40000000-0xfebfffff window]
[    0.567493] pci_bus 0000:00: resource 8 [mem 0x100000000-0x17fffffff window]
[    0.568950] pci 0000:00:01.0: PIIX3: Enabling Passive Release
[    0.570131] pci 0000:00:00.0: Limiting direct PCI/PCI transfers
[    0.571420] PCI: CLS 0 bytes, default 64
[    0.589365] RAPL PMU: API unit is 2^-32 Joules, 1 fixed counters, 10737418240 ms ovfl timer
[    0.591311] RAPL PMU: hw unit of domain psys 2^-0 Joules
[    1.131071] kvm_amd: CPU 43 isn't AMD or Hygon
[    1.131991] clocksource: tsc: mask: 0xffffffffffffffff max_cycles: 0x39a85c9bff6, max_idle_ns: 881590591483 ns
[    1.254171] Initialise system trusted keyrings
[    1.255541] workingset: timestamp_bits=56 max_order=18 bucket_order=0
[    1.256941] squashfs: version 4.0 (2009/01/31) Phillip Lougher
[    1.258152] fuse: init (API version 7.41)
[    1.259327] 9p: Installing v9fs 9p2000 file system support
[    1.271674] Key type asymmetric registered
[    1.272532] Asymmetric key parser 'x509' registered
[    1.273553] Block layer SCSI generic (bsg) driver version 0.4 loaded (major 249)
[    1.275092] io scheduler mq-deadline registered
[    1.276025] io scheduler kyber registered
[    1.294532] input: Power Button as /devices/LNXSYSTM:00/LNXPWRBN:00/input/input0
[    1.296576] ACPI: button: Power Button [PWRF]
[    1.298625] Warning: Processor Platform Limit event detected, but not handled.
[    1.300999] Consider compiling CPUfreq support into your kernel.
[    1.339112] ACPI: \_SB_.LNKB: Enabled at IRQ 10
[    1.353471] ACPI: \_SB_.LNKC: Enabled at IRQ 11
[    1.367644] ACPI: \_SB_.LNKA: Enabled at IRQ 10
[    1.370062] Serial: 8250/16550 driver, 4 ports, IRQ sharing enabled
[    1.371557] 00:03: ttyS0 at I/O 0x3f8 (irq = 4, base_baud = 115200) is a 16550A
[    1.406952] Non-volatile memory driver v1.3
[    1.407903] Linux agpgart interface v0.103
[    1.409406] ACPI: bus type drm_connector registered
[    1.413479] printk: legacy console [hvc0] enabled
[    1.414710] printk: legacy bootconsole [earlyser0] disabled
          _      _                                    
   __   _(_)_ __| |_ _ __ ___   ___       _ __   __ _ 
   \ \ / / |  __| __|  _   _ \ / _ \_____|  _ \ / _  |
    \ V /| | |  | |_| | | | | |  __/_____| | | | (_| |
     \_/ |_|_|   \__|_| |_| |_|\___|     |_| |_|\__  |
                                                |___/ 
   kernel version: 6.11.0-virtme x86_64
   (CTRL+d to exit)

root@virtme-ng:/nipa-data/kernel# PS1='xx__-> '
xx__-> env
PWD=/nipa-data/kernel
nr_open=1048576
HOME=/
TERM=xterm
SHLVL=2
XDG_RUNTIME_DIR=/run/user/0
PATH=/bin:/sbin:/usr/bin:/usr/sbin:/usr/local/bin
OLDPWD=/
_=/bin/env
xx__-> 