No EFI environment detected.
early console in extract_kernel
input_data: 0x0000000004c872c4
input_len: 0x0000000001976e10
output: 0x0000000001000000
output_len: 0x00000000055877f4
kernel_total_size: 0x0000000005230000
needed_size: 0x0000000005600000
trampoline_32bit: 0x0000000000000000
Physical KASLR using RDRAND RDTSC...
Virtual KASLR using RDRAND RDTSC...

Decompressing Linux... Parsing ELF... Performing relocations... done.
Booting the kernel (entry_offset: 0x0000000002bc3f80).
[    0.000000] Linux version 6.15.0-rc4-virtme (root@f98ddd56c74e) (gcc (Ubuntu 13.3.0-6ubuntu2~24.04) 13.3.0, GNU ld (GNU Binutils for Ubuntu) 2.42) #1 SMP PREEMPT_DYNAMIC Sat May  3 21:26:45 UTC 2025
[    0.000000] Command line: virtme_hostname=virtme-ng nr_open=1048576 virtme_link_mods=/nipa-data/kernel/.virtme_mods/lib/modules/0.0.0 virtme_initmount0=nipa-data/kernel virtme_rw_overlay0=/etc virtme_rw_overlay1=/lib virtme_rw_overlay2=/home virtme_rw_overlay3=/opt virtme_rw_overlay4=/srv virtme_rw_overlay5=/usr virtme_rw_overlay6=/var console=hvc0 earlyprintk=serial,ttyS0,115200 virtme_console=ttyS0 psmouse.proto=exps TERM=xterm virtme_chdir=nipa-data/kernel virtme_root_user=1 rootfstype=9p rootflags=version=9p2000.L,trans=virtio,access=any raid=noautodetect ro init=/usr/lib/python3/dist-packages/virtme/guest/virtme-init
[    0.000000] BIOS-provided physical RAM map:
[    0.000000] BIOS-e820: [mem 0x0000000000000000-0x000000000009fbff] usable
[    0.000000] BIOS-e820: [mem 0x000000000009fc00-0x000000000009ffff] reserved
[    0.000000] BIOS-e820: [mem 0x00000000000f0000-0x00000000000fffff] reserved
[    0.000000] BIOS-e820: [mem 0x0000000000100000-0x000000003ffdffff] usable
[    0.000000] BIOS-e820: [mem 0x000000003ffe0000-0x000000003fffffff] reserved
[    0.000000] BIOS-e820: [mem 0x00000000feffc000-0x00000000feffffff] reserved
[    0.000000] BIOS-e820: [mem 0x00000000fffc0000-0x00000000ffffffff] reserved
[    0.000000] BIOS-e820: [mem 0x000000fd00000000-0x000000ffffffffff] reserved
[    0.000000] printk: legacy bootconsole [earlyser0] enabled
[    0.000000] NX (Execute Disable) protection: active
[    0.000000] APIC: Static calls initialized
[    0.000000] SMBIOS 3.0.0 present.
[    0.000000] DMI: QEMU Ubuntu 24.04 PC (i440FX + PIIX, 1996), BIOS 1.16.3-debian-1.16.3-2 04/01/2014
[    0.000000] DMI: Memory slots populated: 1/1
[    0.000000] Hypervisor detected: KVM
[    0.000000] kvm-clock: Using msrs 4b564d01 and 4b564d00
[    0.000000] kvm-clock: using sched offset of 239523908 cycles
[    0.000370] clocksource: kvm-clock: mask: 0xffffffffffffffff max_cycles: 0x1cd42e4dffb, max_idle_ns: 881590591483 ns
[    0.001520] tsc: Detected 4491.540 MHz processor
[    0.002194] last_pfn = 0x3ffe0 max_arch_pfn = 0x400000000
[    0.002599] MTRR map: 4 entries (3 fixed + 1 variable; max 19), built from 8 variable MTRRs
[    0.003192] x86/PAT: Configuration [0-7]: WB  WC  UC- UC  WB  WP  UC- WT  
[    0.005133] found SMP MP-table at [mem 0x000f5470-0x000f547f]
[    0.005544] Using GB pages for direct mapping
[    0.006006] ACPI: Early table checksum verification disabled
[    0.006407] ACPI: RSDP 0x00000000000F5290 000014 (v00 BOCHS )
[    0.006819] ACPI: RSDT 0x000000003FFE27BC 000034 (v01 BOCHS  BXPC     00000001 BXPC 00000001)
[    0.007424] ACPI: FACP 0x000000003FFE2578 000074 (v01 BOCHS  BXPC     00000001 BXPC 00000001)
[    0.008033] ACPI: DSDT 0x000000003FFE0040 002538 (v01 BOCHS  BXPC     00000001 BXPC 00000001)
[    0.008635] ACPI: FACS 0x000000003FFE0000 000040
[    0.008965] ACPI: APIC 0x000000003FFE25EC 000170 (v03 BOCHS  BXPC     00000001 BXPC 00000001)
[    0.009568] ACPI: HPET 0x000000003FFE275C 000038 (v01 BOCHS  BXPC     00000001 BXPC 00000001)
[    0.010173] ACPI: WAET 0x000000003FFE2794 000028 (v01 BOCHS  BXPC     00000001 BXPC 00000001)
[    0.010779] ACPI: Reserving FACP table memory at [mem 0x3ffe2578-0x3ffe25eb]
[    0.011276] ACPI: Reserving DSDT table memory at [mem 0x3ffe0040-0x3ffe2577]
[    0.011778] ACPI: Reserving FACS table memory at [mem 0x3ffe0000-0x3ffe003f]
[    0.012274] ACPI: Reserving APIC table memory at [mem 0x3ffe25ec-0x3ffe275b]
[    0.012774] ACPI: Reserving HPET table memory at [mem 0x3ffe275c-0x3ffe2793]
[    0.013271] ACPI: Reserving WAET table memory at [mem 0x3ffe2794-0x3ffe27bb]
[    0.013971] No NUMA configuration found
[    0.014242] Faking a node at [mem 0x0000000000000000-0x000000003ffdffff]
[    0.014718] NODE_DATA(0) allocated [mem 0x3ffdb600-0x3ffdffff]
[    0.015145] Zone ranges:
[    0.015324]   DMA      [mem 0x0000000000001000-0x0000000000ffffff]
[    0.015764]   DMA32    [mem 0x0000000001000000-0x000000003ffdffff]
[    0.016199]   Normal   empty
[    0.016403]   Device   empty
[    0.016606] Movable zone start for each node
[    0.016910] Early memory node ranges
[    0.017162]   node   0: [mem 0x0000000000001000-0x000000000009efff]
[    0.017604]   node   0: [mem 0x0000000000100000-0x000000003ffdffff]
[    0.018053] Initmem setup node 0 [mem 0x0000000000001000-0x000000003ffdffff]
[    0.018552] On node 0, zone DMA: 1 pages in unavailable ranges
[    0.019018] On node 0, zone DMA: 97 pages in unavailable ranges
[    0.023601] On node 0, zone DMA32: 32 pages in unavailable ranges
[    0.032800] kasan: KernelAddressSanitizer initialized
[    0.033389] ACPI: PM-Timer IO Port: 0x608
[    0.033688] ACPI: LAPIC_NMI (acpi_id[0xff] dfl dfl lint[0x1])
[    0.034114] IOAPIC[0]: apic_id 0, version 17, address 0xfec00000, GSI 0-23
[    0.034599] ACPI: INT_SRC_OVR (bus 0 bus_irq 0 global_irq 2 dfl dfl)
[    0.035051] ACPI: INT_SRC_OVR (bus 0 bus_irq 5 global_irq 5 high level)
[    0.035516] ACPI: INT_SRC_OVR (bus 0 bus_irq 9 global_irq 9 high level)
[    0.035986] ACPI: INT_SRC_OVR (bus 0 bus_irq 10 global_irq 10 high level)
[    0.036463] ACPI: INT_SRC_OVR (bus 0 bus_irq 11 global_irq 11 high level)
[    0.036946] ACPI: Using ACPI (MADT) for SMP configuration information
[    0.037400] ACPI: HPET id: 0x8086a201 base: 0xfed00000
[    0.037767] TSC deadline timer available
[    0.038053] CPU topo: Max. logical packages:   1
[    0.038378] CPU topo: Max. logical dies:       1
[    0.038707] CPU topo: Max. dies per package:   1
[    0.039041] CPU topo: Max. threads per core:   1
[    0.039367] CPU topo: Num. cores per package:    32
[    0.039716] CPU topo: Num. threads per package:  32
[    0.040059] CPU topo: Allowing 32 present CPUs plus 0 hotplug CPUs
[    0.040510] kvm-guest: APIC: eoi() replaced with kvm_guest_apic_eoi_write()
[    0.041019] kvm-guest: KVM setup pv remote TLB flush
[    0.041369] kvm-guest: setup PV sched yield
[    0.041672] PM: hibernation: Registered nosave memory: [mem 0x00000000-0x00000fff]
[    0.042205] PM: hibernation: Registered nosave memory: [mem 0x0009f000-0x000fffff]
[    0.042739] [mem 0x40000000-0xfeffbfff] available for PCI devices
[    0.043166] Booting paravirtualized kernel on KVM
[    0.043497] clocksource: refined-jiffies: mask: 0xffffffff max_cycles: 0xffffffff, max_idle_ns: 1910969940391419 ns
[    0.052427] setup_percpu: NR_CPUS:64 nr_cpumask_bits:32 nr_cpu_ids:32 nr_node_ids:1
[    0.054201] percpu: Embedded 65 pages/cpu s228056 r8192 d29992 u524288
[    0.054734] Kernel command line: virtme_hostname=virtme-ng nr_open=1048576 virtme_link_mods=/nipa-data/kernel/.virtme_mods/lib/modules/0.0.0 virtme_initmount0=nipa-data/kernel virtme_rw_overlay0=/etc virtme_rw_overlay1=/lib virtme_rw_overlay2=/home virtme_rw_overlay3=/opt virtme_rw_overlay4=/srv virtme_rw_overlay5=/usr virtme_rw_overlay6=/var console=hvc0 earlyprintk=serial,ttyS0,115200 virtme_console=ttyS0 psmouse.proto=exps TERM=xterm virtme_chdir=nipa-data/kernel virtme_root_user=1 rootfstype=9p rootflags=version=9p2000.L,trans=virtio,access=any raid=noautodetect ro init=/usr/lib/python3/dist-packages/virtme/guest/virtme-init
[    0.058910] Unknown kernel command line parameters "virtme_hostname=virtme-ng nr_open=1048576 virtme_link_mods=/nipa-data/kernel/.virtme_mods/lib/modules/0.0.0 virtme_initmount0=nipa-data/kernel virtme_rw_overlay0=/etc virtme_rw_overlay1=/lib virtme_rw_overlay2=/home virtme_rw_overlay3=/opt virtme_rw_overlay4=/srv virtme_rw_overlay5=/usr virtme_rw_overlay6=/var virtme_console=ttyS0 virtme_chdir=nipa-data/kernel virtme_root_user=1", will be passed to user space.
[    0.062056] random: crng init done
[    0.062302] printk: log buffer data + meta data: 262144 + 917504 = 1179648 bytes
[    0.062858] Dentry cache hash table entries: 131072 (order: 8, 1048576 bytes, linear)
[    0.063437] Inode-cache hash table entries: 65536 (order: 7, 524288 bytes, linear)
[    0.064396] Fallback order for Node 0: 0 
[    0.064400] Built 1 zonelists, mobility grouping on.  Total pages: 262014
[    0.065187] Policy zone: DMA32
[    0.065408] mem auto-init: stack:all(zero), heap alloc:off, heap free:off
[    0.065902] stackdepot: allocating hash table via alloc_large_system_hash
[    0.066394] stackdepot hash table entries: 1048576 (order: 12, 16777216 bytes, linear)
[    0.074466] SLUB: HWalign=64, Order=0-3, MinObjects=0, CPUs=32, Nodes=1
Poking KASLR using RDRAND RDTSC...
[    0.083912] ftrace: allocating 48941 entries in 192 pages
[    0.084303] ftrace: allocated 192 pages with 2 groups
[    0.085552] Dynamic Preempt: voluntary
[    0.086304] rcu: Preemptible hierarchical RCU implementation.
[    0.086721] rcu: RCU event tracing is enabled.
[    0.087048] rcu: RCU restricting CPUs from NR_CPUS=64 to nr_cpu_ids=32.
[    0.087532] Trampoline variant of Tasks RCU enabled.
[    0.087898] Rude variant of Tasks RCU enabled.
[    0.088224] Tracing variant of Tasks RCU enabled.
[    0.088569] rcu: RCU calculated value of scheduler-enlistment delay is 100 jiffies.
[    0.089123] rcu: Adjusting geometry for rcu_fanout_leaf=16, nr_cpu_ids=32
[    0.089685] RCU Tasks: Setting shift to 5 and lim to 1 rcu_task_cb_adjust=1 rcu_task_cpu_ids=32.
[    0.090321] RCU Tasks Rude: Setting shift to 5 and lim to 1 rcu_task_cb_adjust=1 rcu_task_cpu_ids=32.
[    0.090989] RCU Tasks Trace: Setting shift to 5 and lim to 1 rcu_task_cb_adjust=1 rcu_task_cpu_ids=32.
[    0.101204] NR_IRQS: 4352, nr_irqs: 680, preallocated irqs: 16
[    0.101877] rcu: srcu_init: Setting srcu_struct sizes based on contention.
[    0.102776] Console: colour *CGA 80x25
[    0.103078] ACPI: Core revision 20240827
[    0.103520] clocksource: hpet: mask: 0xffffffff max_cycles: 0xffffffff, max_idle_ns: 19112604467 ns
[    0.104287] APIC: Switch to symmetric I/O mode setup
[    0.104780] x2apic enabled
[    0.105167] APIC: Switched APIC routing to: physical x2apic
[    0.105567] kvm-guest: APIC: send_IPI_mask() replaced with kvm_send_ipi_mask()
[    0.106093] kvm-guest: APIC: send_IPI_mask_allbutself() replaced with kvm_send_ipi_mask_allbutself()
[    0.106736] kvm-guest: setup PV IPIs
[    0.107829] ..TIMER: vector=0x30 apic1=0 pin1=2 apic2=-1 pin2=-1
[    0.108611] clocksource: tsc-early: mask: 0xffffffffffffffff max_cycles: 0x40be2faf0ae, max_idle_ns: 440795257074 ns
[    0.109958] Calibrating delay loop (skipped) preset value.. 8983.08 BogoMIPS (lpj=4491540)
[    0.111023] x86/cpu: User Mode Instruction Prevention (UMIP) activated
[    0.112016] Last level iTLB entries: 4KB 512, 2MB 255, 4MB 127
[    0.112957] Last level dTLB entries: 4KB 512, 2MB 255, 4MB 127, 1GB 0
[    0.113961] Spectre V1 : Mitigation: usercopy/swapgs barriers and __user pointer sanitization
[    0.114961] Spectre V2 : Mitigation: Enhanced / Automatic IBRS
[    0.115960] Spectre V2 : mitigation: Enabling conditional Indirect Branch Prediction Barrier
[    0.116959] Speculative Store Bypass: Mitigation: Speculative Store Bypass disabled via prctl
[    0.117957] Speculative Return Stack Overflow: IBPB-extending microcode not applied!
[    0.118957] Speculative Return Stack Overflow: WARNING: See https://kernel.org/doc/html/latest/admin-guide/hw-vuln/srso.html for mitigation options.
[    0.118959] Speculative Return Stack Overflow: Vulnerable: Safe RET, no microcode
[    0.120972] x86/fpu: Supporting XSAVE feature 0x001: 'x87 floating point registers'
[    0.121957] x86/fpu: Supporting XSAVE feature 0x002: 'SSE registers'
[    0.122957] x86/fpu: Supporting XSAVE feature 0x004: 'AVX registers'
[    0.123957] x86/fpu: Supporting XSAVE feature 0x020: 'AVX-512 opmask'
[    0.124957] x86/fpu: Supporting XSAVE feature 0x040: 'AVX-512 Hi256'
[    0.125957] x86/fpu: Supporting XSAVE feature 0x080: 'AVX-512 ZMM_Hi256'
[    0.126791] x86/fpu: Supporting XSAVE feature 0x200: 'Protection Keys User registers'
[    0.126957] x86/fpu: xstate_offset[2]:  576, xstate_sizes[2]:  256
[    0.127957] x86/fpu: xstate_offset[5]:  832, xstate_sizes[5]:   64
[    0.128957] x86/fpu: xstate_offset[6]:  896, xstate_sizes[6]:  512
[    0.129957] x86/fpu: xstate_offset[7]: 1408, xstate_sizes[7]: 1024
[    0.130957] x86/fpu: xstate_offset[9]: 2432, xstate_sizes[9]:    8
[    0.131727] x86/fpu: Enabled xstate features 0x2e7, context size is 2440 bytes, using 'compacted' format.
[    0.152915] Freeing SMP alternatives memory: 40K
[    0.152959] pid_max: default: 32768 minimum: 301
[    0.154082] Mount-cache hash table entries: 2048 (order: 2, 16384 bytes, linear)
[    0.154958] Mountpoint-cache hash table entries: 2048 (order: 2, 16384 bytes, linear)
[    0.156631] smpboot: CPU0: AMD Ryzen 9 7950X 16-Core Processor (family: 0x19, model: 0x61, stepping: 0x2)
[    0.157414] Performance Events: Fam17h+ core perfctr, AMD PMU driver.
[    0.157964] ... version:                0
[    0.158461] ... bit width:              48
[    0.158959] ... generic registers:      6
[    0.159457] ... value mask:             0000ffffffffffff
[    0.159959] ... max period:             00007fffffffffff
[    0.160617] ... fixed-purpose events:   0
[    0.160959] ... event mask:             000000000000003f
[    0.161776] signal: max sigframe size: 3376
[    0.162005] rcu: Hierarchical SRCU implementation.
[    0.162604] rcu: Max phase no-delay instances is 400.
[    0.163049] Timer migration: 2 hierarchy levels; 8 children per group; 2 crossnode level
[    0.167896] smp: Bringing up secondary CPUs ...
[    0.168149] smpboot: x86: Booting SMP configuration:
[    0.168772] .... node  #0, CPUs:        #1  #2  #3  #4  #5  #6  #7  #8  #9 #10 #11 #12 #13 #14 #15 #16 #17 #18 #19 #20 #21 #22 #23 #24 #25 #26 #27 #28 #29 #30 #31
[    0.195057] smp: Brought up 1 node, 32 CPUs
[    0.196495] smpboot: Total of 32 processors activated (287458.56 BogoMIPS)
[    0.200167] Memory: 761568K/1048056K available (44816K kernel code, 11587K rwdata, 10272K rodata, 6156K init, 1324K bss, 270708K reserved, 0K cma-reserved)
[    0.201087] devtmpfs: initialized
[    0.201982] x86/mm: Memory block size: 128MB
[    0.209127] clocksource: jiffies: mask: 0xffffffff max_cycles: 0xffffffff, max_idle_ns: 1911260446275000 ns
[    0.209968] posixtimers hash table entries: 16384 (order: 6, 262144 bytes, linear)
[    0.210934] futex hash table entries: 8192 (order: 7, 524288 bytes, linear)
[    0.211336] PM: RTC time: 21:27:06, date: 2025-05-03
[    0.212729] NET: Registered PF_NETLINK/PF_ROUTE protocol family
[    0.213867] thermal_sys: Registered thermal governor 'step_wise'
[    0.213898] cpuidle: using governor menu
[    0.215725] PCI: Using configuration type 1 for base access
[    0.216660] PCI: Using configuration type 1 for extended access
[    0.217097] kprobes: kprobe jump-optimization is enabled. All kprobes are optimized if possible.
[    0.230173] HugeTLB: allocation took 0ms with hugepage_allocation_threads=8
[    0.230994] HugeTLB: registered 1.00 GiB page size, pre-allocated 0 pages
[    0.231837] HugeTLB: 16380 KiB vmemmap can be freed for a 1.00 GiB page
[    0.232959] HugeTLB: registered 2.00 MiB page size, pre-allocated 0 pages
[    0.233798] HugeTLB: 28 KiB vmemmap can be freed for a 2.00 MiB page
[    0.235325] ACPI: Added _OSI(Module Device)
[    0.235325] ACPI: Added _OSI(Processor Device)
[    0.235509] ACPI: Added _OSI(3.0 _SCP Extensions)
[    0.236959] ACPI: Added _OSI(Processor Aggregator Device)
[    0.262082] ACPI: 1 ACPI AML tables successfully acquired and loaded
[    0.266964] ACPI: Interpreter enabled
[    0.267489] ACPI: PM: (supports S0 S3 S4 S5)
[    0.267959] ACPI: Using IOAPIC for interrupt routing
[    0.268623] PCI: Using host bridge windows from ACPI; if necessary, use "pci=nocrs" and report a bug
[    0.269959] PCI: Using E820 reservations for host bridge windows
[    0.271815] ACPI: Enabled 2 GPEs in block 00 to 0F
[    0.321428] ACPI: PCI Root Bridge [PCI0] (domain 0000 [bus 00-ff])
[    0.321974] acpi PNP0A03:00: _OSC: OS supports [ExtendedConfig ASPM ClockPM Segments MSI HPX-Type3]
[    0.323468] PCI host bridge to bus 0000:00
[    0.324015] pci_bus 0000:00: root bus resource [io  0x0000-0x0cf7 window]
[    0.324857] pci_bus 0000:00: root bus resource [io  0x0d00-0xffff window]
[    0.325962] pci_bus 0000:00: root bus resource [mem 0x000a0000-0x000bffff window]
[    0.326887] pci_bus 0000:00: root bus resource [mem 0x40000000-0xfebfffff window]
[    0.327962] pci_bus 0000:00: root bus resource [mem 0x100000000-0x17fffffff window]
[    0.328910] pci_bus 0000:00: root bus resource [bus 00-ff]
[    0.330058] pci 0000:00:00.0: [8086:1237] type 00 class 0x060000 conventional PCI endpoint
[    0.331887] pci 0000:00:01.0: [8086:7000] type 00 class 0x060100 conventional PCI endpoint
[    0.333865] pci 0000:00:01.1: [8086:7010] type 00 class 0x010180 conventional PCI endpoint
[    0.335398] pci 0000:00:01.1: BAR 4 [io  0xc0c0-0xc0cf]
[    0.335978] pci 0000:00:01.1: BAR 0 [io  0x01f0-0x01f7]: legacy IDE quirk
[    0.336810] pci 0000:00:01.1: BAR 1 [io  0x03f6]: legacy IDE quirk
[    0.336959] pci 0000:00:01.1: BAR 2 [io  0x0170-0x0177]: legacy IDE quirk
[    0.337796] pci 0000:00:01.1: BAR 3 [io  0x0376]: legacy IDE quirk
[    0.339674] pci 0000:00:01.3: [8086:7113] type 00 class 0x068000 conventional PCI endpoint
[    0.341187] pci 0000:00:01.3: quirk: [io  0x0600-0x063f] claimed by PIIX4 ACPI
[    0.341963] pci 0000:00:01.3: quirk: [io  0x0700-0x070f] claimed by PIIX4 SMB
[    0.343610] pci 0000:00:02.0: [1af4:1009] type 00 class 0x000200 conventional PCI endpoint
[    0.344964] pci 0000:00:02.0: BAR 0 [io  0xc000-0xc03f]
[    0.345620] pci 0000:00:02.0: BAR 1 [mem 0xfebfc000-0xfebfcfff]
[    0.346974] pci 0000:00:02.0: BAR 4 [mem 0xfebf0000-0xfebf3fff 64bit pref]
[    0.359872] pci 0000:00:03.0: [1af4:1009] type 00 class 0x000200 conventional PCI endpoint
[    0.361956] pci 0000:00:03.0: BAR 0 [io  0xc040-0xc07f]
[    0.361964] pci 0000:00:03.0: BAR 1 [mem 0xfebfd000-0xfebfdfff]
[    0.362711] pci 0000:00:03.0: BAR 4 [mem 0xfebf4000-0xfebf7fff 64bit pref]
[    0.375935] pci 0000:00:04.0: [8086:25ab] type 00 class 0x088000 conventional PCI endpoint
[    0.377312] pci 0000:00:04.0: BAR 0 [mem 0xfebfe000-0xfebfe00f]
[    0.389782] pci 0000:00:05.0: [1af4:1003] type 00 class 0x078000 conventional PCI endpoint
[    0.391687] pci 0000:00:05.0: BAR 0 [io  0xc080-0xc0bf]
[    0.391963] pci 0000:00:05.0: BAR 1 [mem 0xfebff000-0xfebfffff]
[    0.392711] pci 0000:00:05.0: BAR 4 [mem 0xfebf8000-0xfebfbfff 64bit pref]
[    0.408349] ACPI: PCI: Interrupt link LNKA configured for IRQ 10
[    0.409938] ACPI: PCI: Interrupt link LNKB configured for IRQ 10
[    0.411926] ACPI: PCI: Interrupt link LNKC configured for IRQ 11
[    0.413924] ACPI: PCI: Interrupt link LNKD configured for IRQ 11
[    0.414354] ACPI: PCI: Interrupt link LNKS configured for IRQ 9
[    0.434161] iommu: Default domain type: Translated
[    0.434760] iommu: DMA domain TLB invalidation policy: lazy mode
[    0.436440] SCSI subsystem initialized
[    0.437189] pps_core: LinuxPPS API ver. 1 registered
[    0.437818] pps_core: Software ver. 5.3.6 - Copyright 2005-2007 Rodolfo Giometti <giometti@linux.it>
[    0.438975] PTP clock support registered
[    0.440089] Advanced Linux Sound Architecture Driver Initialized.
[    0.442124] NET: Registered PF_ATMPVC protocol family
[    0.442747] NET: Registered PF_ATMSVC protocol family
[    0.442996] PCI: Using ACPI for IRQ routing
[    0.443994] vgaarb: loaded
[    0.444081] hpet0: at MMIO 0xfed00000, IRQs 2, 8, 0
[    0.444697] hpet0: 3 comparators, 64-bit 100.000000 MHz counter
[    0.450288] clocksource: Switched to clocksource kvm-clock
[    0.451295] VFS: Disk quotas dquot_6.6.0
[    0.451803] VFS: Dquot-cache hash table entries: 512 (order 0, 4096 bytes)
[    0.453429] pnp: PnP ACPI init
[    0.456291] pnp: PnP ACPI: found 5 devices
[    0.468404] clocksource: acpi_pm: mask: 0xffffff max_cycles: 0xffffff, max_idle_ns: 2085701024 ns
[    0.469749] NET: Registered PF_INET protocol family
[    0.470479] IP idents hash table entries: 16384 (order: 5, 131072 bytes, linear)
[    0.471791] tcp_listen_portaddr_hash hash table entries: 512 (order: 1, 8192 bytes, linear)
[    0.472832] Table-perturb hash table entries: 65536 (order: 6, 262144 bytes, linear)
[    0.473806] TCP established hash table entries: 8192 (order: 4, 65536 bytes, linear)
[    0.474766] TCP bind hash table entries: 8192 (order: 6, 262144 bytes, linear)
[    0.475665] TCP: Hash tables configured (established 8192 bind 8192)
[    0.476591] UDP hash table entries: 512 (order: 3, 32768 bytes, linear)
[    0.477408] UDP-Lite hash table entries: 512 (order: 3, 32768 bytes, linear)
[    0.478474] NET: Registered PF_UNIX/PF_LOCAL protocol family
[    0.479173] pci_bus 0000:00: resource 4 [io  0x0000-0x0cf7 window]
[    0.479919] pci_bus 0000:00: resource 5 [io  0x0d00-0xffff window]
[    0.480665] pci_bus 0000:00: resource 6 [mem 0x000a0000-0x000bffff window]
[    0.481482] pci_bus 0000:00: resource 7 [mem 0x40000000-0xfebfffff window]
[    0.482305] pci_bus 0000:00: resource 8 [mem 0x100000000-0x17fffffff window]
[    0.483352] pci 0000:00:01.0: PIIX3: Enabling Passive Release
[    0.484051] pci 0000:00:00.0: Limiting direct PCI/PCI transfers
[    0.484795] PCI: CLS 0 bytes, default 64
[    0.485503] kvm_intel: VMX not supported by CPU 19
[    0.486107] kvm_amd: TSC scaling supported
[    0.486602] kvm_amd: Nested Virtualization enabled
[    0.487176] kvm_amd: Nested Paging enabled
[    0.487674] kvm_amd: LBR virtualization supported
[    0.488243] kvm_amd: Virtual GIF supported
[    0.488737] kvm_amd: Virtual NMI enabled
[    0.518155] clocksource: tsc: mask: 0xffffffffffffffff max_cycles: 0x40be2faf0ae, max_idle_ns: 440795257074 ns
[    0.536478] Initialise system trusted keyrings
[    0.537204] workingset: timestamp_bits=56 max_order=18 bucket_order=0
[    0.538112] squashfs: version 4.0 (2009/01/31) Phillip Lougher
[    0.538847] fuse: init (API version 7.43)
[    0.539470] 9p: Installing v9fs 9p2000 file system support
[    0.548954] Key type asymmetric registered
[    0.549458] Asymmetric key parser 'x509' registered
[    0.550124] Block layer SCSI generic (bsg) driver version 0.4 loaded (major 249)
[    0.551066] io scheduler mq-deadline registered
[    0.551621] io scheduler kyber registered
[    0.554027] input: Power Button as /devices/LNXSYSTM:00/LNXPWRBN:00/input/input0
[    0.555178] ACPI: button: Power Button [PWRF]
[    0.557075] Warning: Processor Platform Limit event detected, but not handled.
[    0.558004] Consider compiling CPUfreq support into your kernel.
[    1.433439] ACPI: \_SB_.LNKB: Enabled at IRQ 10
[    2.301254] ACPI: \_SB_.LNKC: Enabled at IRQ 11
[    3.171434] ACPI: \_SB_.LNKA: Enabled at IRQ 10
[    3.172924] Serial: 8250/16550 driver, 4 ports, IRQ sharing enabled
[    3.174076] 00:03: ttyS0 at I/O 0x3f8 (irq = 4, base_baud = 115200) is a 16550A
[    3.190409] Non-volatile memory driver v1.3
[    3.190970] Linux agpgart interface v0.103
[    3.191743] ACPI: bus type drm_connector registered
[    3.192363] printk: legacy console [hvc0] enabled
[    3.192969] printk: legacy bootconsole [earlyser0] disabled
          _      _                                    
   __   _(_)_ __| |_ _ __ ___   ___       _ __   __ _ 
   \ \ / / |  __| __|  _   _ \ / _ \_____|  _ \ / _  |
    \ V /| | |  | |_| | | | | |  __/_____| | | | (_| |
     \_/ |_|_|   \__|_| |_| |_|\___|     |_| |_|\__  |
                                                |___/ 
   kernel version: 6.15.0-rc4-virtme x86_64
   (CTRL+d to exit)

root@virtme-ng:/nipa-data/kernel# PS1='xx__-> '
xx__-> env
PWD=/nipa-data/kernel
nr_open=1048576
HOME=/
TERM=xterm
SHLVL=2
XDG_RUNTIME_DIR=/run/user/0
PATH=/bin:/sbin:/usr/bin:/usr/sbin:/usr/local/bin
OLDPWD=/
_=/bin/env
xx__-> 