No EFI environment detected.
early console in extract_kernel
input_data: 0x0000000002be72c4
input_len: 0x0000000000b401c1
output: 0x0000000001000000
output_len: 0x00000000026dfc00
kernel_total_size: 0x0000000002430000
needed_size: 0x0000000002800000
trampoline_32bit: 0x0000000000000000
Physical KASLR using RDRAND RDTSC...
Virtual KASLR using RDRAND RDTSC...

Decompressing Linux... Parsing ELF... Performing relocations... done.
Booting the kernel (entry_offset: 0x0000000000000000).
[    0.000000] Linux version 6.10.0-rc1-virtme (root@097358b0d160) (gcc (Alpine 13.2.1_git20240309) 13.2.1 20240309, GNU ld (GNU Binutils) 2.42) #1 SMP PREEMPT_DYNAMIC Tue Jun  4 09:06:27 UTC 2024
[    0.000000] Command line: virtme_hostname=virtme-ng nr_open=1048576 virtme_link_mods=/nipa-data/kernel/.virtme_mods/lib/modules/0.0.0 virtme_initmount0=nipa-data/kernel virtme_rw_overlay0=/etc virtme_rw_overlay1=/lib virtme_rw_overlay2=/home virtme_rw_overlay3=/opt virtme_rw_overlay4=/srv virtme_rw_overlay5=/usr virtme_rw_overlay6=/var console=hvc0 earlyprintk=serial,ttyS0,115200 virtme_console=ttyS0 psmouse.proto=exps TERM=xterm virtme_chdir=nipa-data/kernel virtme_root_user=1 rootfstype=9p rootflags=version=9p2000.L,trans=virtio,access=any raid=noautodetect ro init=/usr/lib/python3.12/site-packages/virtme/guest/virtme-init
[    0.000000] BIOS-provided physical RAM map:
[    0.000000] BIOS-e820: [mem 0x0000000000000000-0x000000000009fbff] usable
[    0.000000] BIOS-e820: [mem 0x000000000009fc00-0x000000000009ffff] reserved
[    0.000000] BIOS-e820: [mem 0x00000000000f0000-0x00000000000fffff] reserved
[    0.000000] BIOS-e820: [mem 0x0000000000100000-0x000000003ffdffff] usable
[    0.000000] BIOS-e820: [mem 0x000000003ffe0000-0x000000003fffffff] reserved
[    0.000000] BIOS-e820: [mem 0x00000000feffc000-0x00000000feffffff] reserved
[    0.000000] BIOS-e820: [mem 0x00000000fffc0000-0x00000000ffffffff] reserved
[    0.000000] BIOS-e820: [mem 0x000000fd00000000-0x000000ffffffffff] reserved
[    0.000000] printk: legacy bootconsole [earlyser0] enabled
[    0.000000] NX (Execute Disable) protection: active
[    0.000000] APIC: Static calls initialized
[    0.000000] SMBIOS 2.8 present.
[    0.000000] DMI: QEMU Standard PC (i440FX + PIIX, 1996), BIOS rel-1.16.3-0-ga6ed6b701f0a-prebuilt.qemu.org 04/01/2014
[    0.000000] DMI: Memory slots populated: 1/1
[    0.000000] Hypervisor detected: KVM
[    0.000000] kvm-clock: Using msrs 4b564d01 and 4b564d00
[    0.000000] kvm-clock: using sched offset of 254971600 cycles
[    0.000487] clocksource: kvm-clock: mask: 0xffffffffffffffff max_cycles: 0x1cd42e4dffb, max_idle_ns: 881590591483 ns
[    0.001906] tsc: Detected 4491.556 MHz processor
[    0.002525] last_pfn = 0x3ffe0 max_arch_pfn = 0x400000000
[    0.003003] MTRR map: 4 entries (3 fixed + 1 variable; max 19), built from 8 variable MTRRs
[    0.003635] x86/PAT: Configuration [0-7]: WB  WC  UC- UC  WB  WP  UC- WT  
Memory KASLR using RDRAND RDTSC...
[    0.005769] found SMP MP-table at [mem 0x000f5470-0x000f547f]
[    0.006209] Using GB pages for direct mapping
[    0.006604] ACPI: Early table checksum verification disabled
[    0.007059] ACPI: RSDP 0x00000000000F5290 000014 (v00 BOCHS )
[    0.007495] ACPI: RSDT 0x000000003FFE27BC 000034 (v01 BOCHS  BXPC     00000001 BXPC 00000001)
[    0.008154] ACPI: FACP 0x000000003FFE2578 000074 (v01 BOCHS  BXPC     00000001 BXPC 00000001)
[    0.008820] ACPI: DSDT 0x000000003FFE0040 002538 (v01 BOCHS  BXPC     00000001 BXPC 00000001)
[    0.009467] ACPI: FACS 0x000000003FFE0000 000040
[    0.009853] ACPI: APIC 0x000000003FFE25EC 000170 (v03 BOCHS  BXPC     00000001 BXPC 00000001)
[    0.010544] ACPI: HPET 0x000000003FFE275C 000038 (v01 BOCHS  BXPC     00000001 BXPC 00000001)
[    0.011199] ACPI: WAET 0x000000003FFE2794 000028 (v01 BOCHS  BXPC     00000001 BXPC 00000001)
[    0.011846] ACPI: Reserving FACP table memory at [mem 0x3ffe2578-0x3ffe25eb]
[    0.012384] ACPI: Reserving DSDT table memory at [mem 0x3ffe0040-0x3ffe2577]
[    0.012918] ACPI: Reserving FACS table memory at [mem 0x3ffe0000-0x3ffe003f]
[    0.013450] ACPI: Reserving APIC table memory at [mem 0x3ffe25ec-0x3ffe275b]
[    0.013983] ACPI: Reserving HPET table memory at [mem 0x3ffe275c-0x3ffe2793]
[    0.014517] ACPI: Reserving WAET table memory at [mem 0x3ffe2794-0x3ffe27bb]
[    0.015194] No NUMA configuration found
[    0.015484] Faking a node at [mem 0x0000000000000000-0x000000003ffdffff]
[    0.016058] NODE_DATA(0) allocated [mem 0x3ffdb000-0x3ffdffff]
[    0.016604] Zone ranges:
[    0.016836]   DMA      [mem 0x0000000000001000-0x0000000000ffffff]
[    0.017397]   DMA32    [mem 0x0000000001000000-0x000000003ffdffff]
[    0.017959]   Normal   empty
[    0.018219]   Device   empty
[    0.018479] Movable zone start for each node
[    0.018867] Early memory node ranges
[    0.019190]   node   0: [mem 0x0000000000001000-0x000000000009efff]
[    0.019765]   node   0: [mem 0x0000000000100000-0x000000003ffdffff]
[    0.020348] Initmem setup node 0 [mem 0x0000000000001000-0x000000003ffdffff]
[    0.020995] On node 0, zone DMA: 1 pages in unavailable ranges
[    0.021542] On node 0, zone DMA: 97 pages in unavailable ranges
[    0.023235] On node 0, zone DMA32: 32 pages in unavailable ranges
[    0.024048] ACPI: PM-Timer IO Port: 0x608
[    0.024424] ACPI: LAPIC_NMI (acpi_id[0xff] dfl dfl lint[0x1])
[    0.024968] IOAPIC[0]: apic_id 0, version 17, address 0xfec00000, GSI 0-23
[    0.025597] ACPI: INT_SRC_OVR (bus 0 bus_irq 0 global_irq 2 dfl dfl)
[    0.026177] ACPI: INT_SRC_OVR (bus 0 bus_irq 5 global_irq 5 high level)
[    0.026780] ACPI: INT_SRC_OVR (bus 0 bus_irq 9 global_irq 9 high level)
[    0.027384] ACPI: INT_SRC_OVR (bus 0 bus_irq 10 global_irq 10 high level)
[    0.028004] ACPI: INT_SRC_OVR (bus 0 bus_irq 11 global_irq 11 high level)
[    0.028628] ACPI: Using ACPI (MADT) for SMP configuration information
[    0.029217] ACPI: HPET id: 0x8086a201 base: 0xfed00000
[    0.029687] TSC deadline timer available
[    0.030048] CPU topo: Max. logical packages:   1
[    0.030468] CPU topo: Max. logical dies:       1
[    0.030889] CPU topo: Max. dies per package:   1
[    0.031312] CPU topo: Max. threads per core:   1
[    0.031735] CPU topo: Num. cores per package:    32
[    0.032182] CPU topo: Num. threads per package:  32
[    0.032626] CPU topo: Allowing 32 present CPUs plus 0 hotplug CPUs
[    0.033202] kvm-guest: APIC: eoi() replaced with kvm_guest_apic_eoi_write()
[    0.033847] kvm-guest: KVM setup pv remote TLB flush
[    0.034300] kvm-guest: setup PV sched yield
[    0.034686] PM: hibernation: Registered nosave memory: [mem 0x00000000-0x00000fff]
[    0.035378] PM: hibernation: Registered nosave memory: [mem 0x0009f000-0x0009ffff]
[    0.036070] PM: hibernation: Registered nosave memory: [mem 0x000a0000-0x000effff]
[    0.036950] PM: hibernation: Registered nosave memory: [mem 0x000f0000-0x000fffff]
[    0.037598] [mem 0x40000000-0xfeffbfff] available for PCI devices
[    0.038063] Booting paravirtualized kernel on KVM
[    0.038424] clocksource: refined-jiffies: mask: 0xffffffff max_cycles: 0xffffffff, max_idle_ns: 1910969940391419 ns
[    0.042147] setup_percpu: NR_CPUS:64 nr_cpumask_bits:32 nr_cpu_ids:32 nr_node_ids:1
[    0.043330] percpu: Embedded 58 pages/cpu s198952 r8192 d30424 u262144
[    0.043862] Kernel command line: virtme_hostname=virtme-ng nr_open=1048576 virtme_link_mods=/nipa-data/kernel/.virtme_mods/lib/modules/0.0.0 virtme_initmount0=nipa-data/kernel virtme_rw_overlay0=/etc virtme_rw_overlay1=/lib virtme_rw_overlay2=/home virtme_rw_overlay3=/opt virtme_rw_overlay4=/srv virtme_rw_overlay5=/usr virtme_rw_overlay6=/var console=hvc0 earlyprintk=serial,ttyS0,115200 virtme_console=ttyS0 psmouse.proto=exps TERM=xterm virtme_chdir=nipa-data/kernel virtme_root_user=1 rootfstype=9p rootflags=version=9p2000.L,trans=virtio,access=any raid=noautodetect ro init=/usr/lib/python3.12/site-packages/virtme/guest/virtme-init
[    0.048350] Unknown kernel command line parameters "virtme_hostname=virtme-ng nr_open=1048576 virtme_link_mods=/nipa-data/kernel/.virtme_mods/lib/modules/0.0.0 virtme_initmount0=nipa-data/kernel virtme_rw_overlay0=/etc virtme_rw_overlay1=/lib virtme_rw_overlay2=/home virtme_rw_overlay3=/opt virtme_rw_overlay4=/srv virtme_rw_overlay5=/usr virtme_rw_overlay6=/var virtme_console=ttyS0 virtme_chdir=nipa-data/kernel virtme_root_user=1", will be passed to user space.
[    0.051769] random: crng init done
[    0.052069] Dentry cache hash table entries: 131072 (order: 8, 1048576 bytes, linear)
[    0.052706] Inode-cache hash table entries: 65536 (order: 7, 524288 bytes, linear)
[    0.053389] Fallback order for Node 0: 0 
[    0.053392] Built 1 zonelists, mobility grouping on.  Total pages: 262014
[    0.054240] Policy zone: DMA32
[    0.054479] mem auto-init: stack:all(zero), heap alloc:off, heap free:off, mlocked free:off
[    0.055901] Memory: 984572K/1048056K available (16384K kernel code, 2414K rwdata, 6164K rodata, 3088K init, 2020K bss, 63224K reserved, 0K cma-reserved)
[    0.057004] SLUB: HWalign=64, Order=0-3, MinObjects=0, CPUs=32, Nodes=1
Poking KASLR using RDRAND RDTSC...
[    0.057789] ftrace: allocating 47781 entries in 187 pages
[    0.064940] ftrace: allocated 187 pages with 6 groups
[    0.065994] Dynamic Preempt: voluntary
[    0.066431] rcu: Preemptible hierarchical RCU implementation.
[    0.066884] rcu: RCU event tracing is enabled.
[    0.067243] rcu: RCU restricting CPUs from NR_CPUS=64 to nr_cpu_ids=32.
[    0.067768] Trampoline variant of Tasks RCU enabled.
[    0.068166] Rude variant of Tasks RCU enabled.
[    0.068521] Tracing variant of Tasks RCU enabled.
[    0.068896] rcu: RCU calculated value of scheduler-enlistment delay is 100 jiffies.
[    0.069495] rcu: Adjusting geometry for rcu_fanout_leaf=16, nr_cpu_ids=32
[    0.070033] RCU Tasks: Setting shift to 5 and lim to 1 rcu_task_cb_adjust=1.
[    0.070587] RCU Tasks Rude: Setting shift to 5 and lim to 1 rcu_task_cb_adjust=1.
[    0.071175] RCU Tasks Trace: Setting shift to 5 and lim to 1 rcu_task_cb_adjust=1.
[    0.073272] NR_IRQS: 4352, nr_irqs: 680, preallocated irqs: 16
[    0.073898] rcu: srcu_init: Setting srcu_struct sizes based on contention.
[    0.074580] Console: colour *CGA 80x25
[    0.074881] ACPI: Core revision 20240322
[    0.075265] clocksource: hpet: mask: 0xffffffff max_cycles: 0xffffffff, max_idle_ns: 19112604467 ns
[    0.076035] APIC: Switch to symmetric I/O mode setup
[    0.076450] APIC: Switched APIC routing to: physical flat
[    0.076870] kvm-guest: APIC: send_IPI_mask() replaced with kvm_send_ipi_mask()
[    0.077424] kvm-guest: APIC: send_IPI_mask_allbutself() replaced with kvm_send_ipi_mask_allbutself()
[    0.078127] kvm-guest: setup PV IPIs
[    0.079195] ..TIMER: vector=0x30 apic1=0 pin1=2 apic2=-1 pin2=-1
[    0.080015] tsc: Marking TSC unstable due to TSCs unsynchronized
[    0.080844] Calibrating delay loop (skipped) preset value.. 8983.11 BogoMIPS (lpj=4491556)
[    0.082850] x86/cpu: User Mode Instruction Prevention (UMIP) activated
[    0.083774] Last level iTLB entries: 4KB 512, 2MB 255, 4MB 127
[    0.083843] Last level dTLB entries: 4KB 512, 2MB 255, 4MB 127, 1GB 0
[    0.084847] Spectre V1 : Mitigation: usercopy/swapgs barriers and __user pointer sanitization
[    0.085846] Spectre V2 : Mitigation: Enhanced / Automatic IBRS
[    0.086843] Spectre V2 : Spectre v2 / SpectreRSB mitigation: Filling RSB on context switch
[    0.087844] Spectre V2 : mitigation: Enabling conditional Indirect Branch Prediction Barrier
[    0.088844] Speculative Store Bypass: Mitigation: Speculative Store Bypass disabled via prctl
[    0.089843] Speculative Return Stack Overflow: IBPB-extending microcode not applied!
[    0.090843] Speculative Return Stack Overflow: WARNING: See https://kernel.org/doc/html/latest/admin-guide/hw-vuln/srso.html for mitigation options.
[    0.090843] Speculative Return Stack Overflow: Vulnerable: Safe RET, no microcode
[    0.092858] x86/fpu: Supporting XSAVE feature 0x001: 'x87 floating point registers'
[    0.093843] x86/fpu: Supporting XSAVE feature 0x002: 'SSE registers'
[    0.094843] x86/fpu: Supporting XSAVE feature 0x004: 'AVX registers'
[    0.095843] x86/fpu: Supporting XSAVE feature 0x020: 'AVX-512 opmask'
[    0.096843] x86/fpu: Supporting XSAVE feature 0x040: 'AVX-512 Hi256'
[    0.097843] x86/fpu: Supporting XSAVE feature 0x080: 'AVX-512 ZMM_Hi256'
[    0.098843] x86/fpu: Supporting XSAVE feature 0x200: 'Protection Keys User registers'
[    0.099843] x86/fpu: xstate_offset[2]:  576, xstate_sizes[2]:  256
[    0.100843] x86/fpu: xstate_offset[5]:  832, xstate_sizes[5]:   64
[    0.101661] x86/fpu: xstate_offset[6]:  896, xstate_sizes[6]:  512
[    0.101843] x86/fpu: xstate_offset[7]: 1408, xstate_sizes[7]: 1024
[    0.102843] x86/fpu: xstate_offset[9]: 2432, xstate_sizes[9]:    8
[    0.103843] x86/fpu: Enabled xstate features 0x2e7, context size is 2440 bytes, using 'compacted' format.
[    0.120698] Freeing SMP alternatives memory: 40K
[    0.120844] pid_max: default: 32768 minimum: 301
[    0.121867] Mount-cache hash table entries: 2048 (order: 2, 16384 bytes, linear)
[    0.122844] Mountpoint-cache hash table entries: 2048 (order: 2, 16384 bytes, linear)
[    0.124013] smpboot: CPU0: AMD Ryzen 9 7950X 16-Core Processor (family: 0x19, model: 0x61, stepping: 0x2)
[    0.124959] Performance Events: Fam17h+ core perfctr, AMD PMU driver.
[    0.125831] ... version:                0
[    0.125845] ... bit width:              48
[    0.126382] ... generic registers:      6
[    0.126844] ... value mask:             0000ffffffffffff
[    0.127543] ... max period:             00007fffffffffff
[    0.127844] ... fixed-purpose events:   0
[    0.128371] ... event mask:             000000000000003f
[    0.128927] signal: max sigframe size: 3376
[    0.129495] rcu: Hierarchical SRCU implementation.
[    0.129845] rcu: Max phase no-delay instances is 400.
[    0.132755] smp: Bringing up secondary CPUs ...
[    0.132902] smpboot: x86: Booting SMP configuration:
[    0.133560] .... node  #0, CPUs:        #1  #2  #3  #4  #5  #6  #7  #8  #9 #10 #11 #12 #13 #14 #15 #16 #17 #18 #19 #20 #21 #22 #23 #24 #25 #26 #27 #28 #29 #30 #31
[    0.148995] smp: Brought up 1 node, 32 CPUs
[    0.150393] smpboot: Total of 32 processors activated (287459.58 BogoMIPS)
[    0.158908] devtmpfs: initialized
[    0.159304] x86/mm: Memory block size: 128MB
[    0.160570] clocksource: jiffies: mask: 0xffffffff max_cycles: 0xffffffff, max_idle_ns: 1911260446275000 ns
[    0.160846] futex hash table entries: 8192 (order: 7, 524288 bytes, linear)
[    0.161890] PM: RTC time: 09:07:02, date: 2024-06-04
[    0.162924] NET: Registered PF_NETLINK/PF_ROUTE protocol family
[    0.163813] thermal_sys: Registered thermal governor 'step_wise'
[    0.163814] thermal_sys: Registered thermal governor 'user_space'
[    0.163860] cpuidle: using governor menu
[    0.165967] PCI: Using configuration type 1 for base access
[    0.166689] PCI: Using configuration type 1 for extended access
[    0.166911] kprobes: kprobe jump-optimization is enabled. All kprobes are optimized if possible.
[    0.182711] HugeTLB: registered 1.00 GiB page size, pre-allocated 0 pages
[    0.182845] HugeTLB: 16380 KiB vmemmap can be freed for a 1.00 GiB page
[    0.183700] HugeTLB: registered 2.00 MiB page size, pre-allocated 0 pages
[    0.183844] HugeTLB: 28 KiB vmemmap can be freed for a 2.00 MiB page
[    0.184704] Demotion targets for Node 0: null
[    0.185068] ACPI: Added _OSI(Module Device)
[    0.185618] ACPI: Added _OSI(Processor Device)
[    0.185845] ACPI: Added _OSI(3.0 _SCP Extensions)
[    0.186464] ACPI: Added _OSI(Processor Aggregator Device)
[    0.187554] ACPI: 1 ACPI AML tables successfully acquired and loaded
[    0.191025] ACPI: _OSC evaluation for CPUs failed, trying _PDC
[    0.191985] ACPI: Interpreter enabled
[    0.192485] ACPI: PM: (supports S0 S3 S4 S5)
[    0.192845] ACPI: Using IOAPIC for interrupt routing
[    0.193517] PCI: Using host bridge windows from ACPI; if necessary, use "pci=nocrs" and report a bug
[    0.194844] PCI: Using E820 reservations for host bridge windows
[    0.195736] ACPI: Enabled 2 GPEs in block 00 to 0F
[    0.198489] ACPI: PCI Root Bridge [PCI0] (domain 0000 [bus 00-ff])
[    0.199847] acpi PNP0A03:00: _OSC: OS supports [ExtendedConfig ASPM ClockPM Segments MSI HPX-Type3]
[    0.200940] PCI host bridge to bus 0000:00
[    0.201483] pci_bus 0000:00: root bus resource [io  0x0000-0x0cf7 window]
[    0.202845] pci_bus 0000:00: root bus resource [io  0x0d00-0xffff window]
[    0.203747] pci_bus 0000:00: root bus resource [mem 0x000a0000-0x000bffff window]
[    0.204844] pci_bus 0000:00: root bus resource [mem 0x40000000-0xfebfffff window]
[    0.205838] pci_bus 0000:00: root bus resource [mem 0x100000000-0x17fffffff window]
[    0.206845] pci_bus 0000:00: root bus resource [bus 00-ff]
[    0.207665] pci 0000:00:00.0: [8086:1237] type 00 class 0x060000 conventional PCI endpoint
[    0.209105] pci 0000:00:01.0: [8086:7000] type 00 class 0x060100 conventional PCI endpoint
[    0.210173] pci 0000:00:01.1: [8086:7010] type 00 class 0x010180 conventional PCI endpoint
[    0.214347] pci 0000:00:01.1: BAR 4 [io  0xc0c0-0xc0cf]
[    0.215849] pci 0000:00:01.1: BAR 0 [io  0x01f0-0x01f7]: legacy IDE quirk
[    0.216757] pci 0000:00:01.1: BAR 1 [io  0x03f6]: legacy IDE quirk
[    0.216844] pci 0000:00:01.1: BAR 2 [io  0x0170-0x0177]: legacy IDE quirk
[    0.217748] pci 0000:00:01.1: BAR 3 [io  0x0376]: legacy IDE quirk
[    0.218943] pci 0000:00:01.3: [8086:7113] type 00 class 0x068000 conventional PCI endpoint
[    0.220094] pci 0000:00:01.3: quirk: [io  0x0600-0x063f] claimed by PIIX4 ACPI
[    0.221850] pci 0000:00:01.3: quirk: [io  0x0700-0x070f] claimed by PIIX4 SMB
[    0.222983] pci 0000:00:02.0: [1af4:1009] type 00 class 0x000200 conventional PCI endpoint
[    0.225845] pci 0000:00:02.0: BAR 0 [io  0xc000-0xc03f]
[    0.227534] pci 0000:00:02.0: BAR 1 [mem 0xfebfc000-0xfebfcfff]
[    0.233312] pci 0000:00:02.0: BAR 4 [mem 0xfebf0000-0xfebf3fff 64bit pref]
[    0.236466] pci 0000:00:03.0: [1af4:1009] type 00 class 0x000200 conventional PCI endpoint
[    0.238845] pci 0000:00:03.0: BAR 0 [io  0xc040-0xc07f]
[    0.240498] pci 0000:00:03.0: BAR 1 [mem 0xfebfd000-0xfebfdfff]
[    0.246531] pci 0000:00:03.0: BAR 4 [mem 0xfebf4000-0xfebf7fff 64bit pref]
[    0.249408] pci 0000:00:04.0: [8086:25ab] type 00 class 0x088000 conventional PCI endpoint
[    0.251371] pci 0000:00:04.0: BAR 0 [mem 0xfebfe000-0xfebfe00f]
[    0.256069] pci 0000:00:05.0: [1af4:1003] type 00 class 0x078000 conventional PCI endpoint
[    0.258845] pci 0000:00:05.0: BAR 0 [io  0xc080-0xc0bf]
[    0.260523] pci 0000:00:05.0: BAR 1 [mem 0xfebff000-0xfebfffff]
[    0.264845] pci 0000:00:05.0: BAR 4 [mem 0xfebf8000-0xfebfbfff 64bit pref]
[    0.269620] ACPI: PCI: Interrupt link LNKA configured for IRQ 10
[    0.269956] ACPI: PCI: Interrupt link LNKB configured for IRQ 10
[    0.270867] ACPI: PCI: Interrupt link LNKC configured for IRQ 11
[    0.271763] ACPI: PCI: Interrupt link LNKD configured for IRQ 11
[    0.272918] ACPI: PCI: Interrupt link LNKS configured for IRQ 9
[    0.274635] iommu: Default domain type: Translated
[    0.274845] iommu: DMA domain TLB invalidation policy: lazy mode
[    0.275704] SCSI subsystem initialized
[    0.276875] pps_core: LinuxPPS API ver. 1 registered
[    0.277535] pps_core: Software ver. 5.3.6 - Copyright 2005-2007 Rodolfo Giometti <giometti@linux.it>
[    0.278847] PTP clock support registered
[    0.279376] Advanced Linux Sound Architecture Driver Initialized.
[    0.280153] NET: Registered PF_ATMPVC protocol family
[    0.280831] NET: Registered PF_ATMSVC protocol family
[    0.281848] PCI: Using ACPI for IRQ routing
[    0.282484] vgaarb: loaded
[    0.282884] hpet0: at MMIO 0xfed00000, IRQs 2, 8, 0
[    0.283536] hpet0: 3 comparators, 64-bit 100.000000 MHz counter
[    0.288253] clocksource: Switched to clocksource kvm-clock
[    0.289101] VFS: Disk quotas dquot_6.6.0
[    0.289653] VFS: Dquot-cache hash table entries: 512 (order 0, 4096 bytes)
[    0.290626] pnp: PnP ACPI init
[    0.291234] pnp: PnP ACPI: found 5 devices
[    0.298559] clocksource: acpi_pm: mask: 0xffffff max_cycles: 0xffffff, max_idle_ns: 2085701024 ns
[    0.299751] NET: Registered PF_INET protocol family
[    0.300417] IP idents hash table entries: 16384 (order: 5, 131072 bytes, linear)
[    0.301559] tcp_listen_portaddr_hash hash table entries: 512 (order: 1, 8192 bytes, linear)
[    0.302672] Table-perturb hash table entries: 65536 (order: 6, 262144 bytes, linear)
[    0.303701] TCP established hash table entries: 8192 (order: 4, 65536 bytes, linear)
[    0.304725] TCP bind hash table entries: 8192 (order: 6, 262144 bytes, linear)
[    0.305693] TCP: Hash tables configured (established 8192 bind 8192)
[    0.306558] UDP hash table entries: 512 (order: 2, 16384 bytes, linear)
[    0.307436] UDP-Lite hash table entries: 512 (order: 2, 16384 bytes, linear)
[    0.308392] NET: Registered PF_UNIX/PF_LOCAL protocol family
[    0.309148] pci_bus 0000:00: resource 4 [io  0x0000-0x0cf7 window]
[    0.309971] pci_bus 0000:00: resource 5 [io  0x0d00-0xffff window]
[    0.310790] pci_bus 0000:00: resource 6 [mem 0x000a0000-0x000bffff window]
[    0.311704] pci_bus 0000:00: resource 7 [mem 0x40000000-0xfebfffff window]
[    0.312614] pci_bus 0000:00: resource 8 [mem 0x100000000-0x17fffffff window]
[    0.313571] pci 0000:00:01.0: PIIX3: Enabling Passive Release
[    0.314336] pci 0000:00:00.0: Limiting direct PCI/PCI transfers
[    0.315158] PCI: CLS 0 bytes, default 64
[    0.315729] kvm_intel: VMX not supported by CPU 19
[    0.316372] kvm_amd: TSC scaling supported
[    0.316919] kvm_amd: Nested Virtualization enabled
[    0.317568] kvm_amd: Nested Paging enabled
[    0.318121] kvm_amd: Virtual VMLOAD VMSAVE supported
[    0.318788] kvm_amd: Virtual GIF supported
[    0.319329] kvm_amd: Virtual NMI enabled
[    0.319852] kvm_amd: LBR virtualization supported
[    0.412361] Initialise system trusted keyrings
[    0.413096] workingset: timestamp_bits=56 max_order=18 bucket_order=0
[    0.414036] squashfs: version 4.0 (2009/01/31) Phillip Lougher
[    0.414851] fuse: init (API version 7.40)
[    0.415450] 9p: Installing v9fs 9p2000 file system support
[    0.423130] Key type asymmetric registered
[    0.423708] Asymmetric key parser 'x509' registered
[    0.424380] Block layer SCSI generic (bsg) driver version 0.4 loaded (major 249)
[    0.425409] io scheduler mq-deadline registered
[    0.426042] io scheduler kyber registered
[    0.427722] input: Power Button as /devices/LNXSYSTM:00/LNXPWRBN:00/input/input0
[    0.428832] ACPI: button: Power Button [PWRF]
[    0.429461] Warning: Processor Platform Limit event detected, but not handled.
[    0.430459] Consider compiling CPUfreq support into your kernel.
[    0.448778] ACPI: \_SB_.LNKB: Enabled at IRQ 10
[    0.466743] ACPI: \_SB_.LNKC: Enabled at IRQ 11
[    0.485851] ACPI: \_SB_.LNKA: Enabled at IRQ 10
[    0.487575] Serial: 8250/16550 driver, 4 ports, IRQ sharing enabled
[    0.488809] 00:03: ttyS0 at I/O 0x3f8 (irq = 4, base_baud = 115200) is a 16550A
[    0.544233] Non-volatile memory driver v1.3
[    0.544838] Linux agpgart interface v0.103
[    0.544898] ACPI: bus type drm_connector registered
[    0.546258] printk: legacy console [hvc0] enabled
[    0.547068] printk: legacy bootconsole [earlyser0] disabled
          _      _                                    
   __   _(_)_ __| |_ _ __ ___   ___       _ __   __ _ 
   \ \ / / |  __| __|  _   _ \ / _ \_____|  _ \ / _  |
    \ V /| | |  | |_| | | | | |  __/_____| | | | (_| |
     \_/ |_|_|   \__|_| |_| |_|\___|     |_| |_|\__  |
                                                |___/ 
   kernel version: 6.10.0-rc1-virtme x86_64
   (CTRL+d to exit)

virtme-ng:/nipa-data/kernel# PS1='xx__-> '
xx__-> env
PWD=/nipa-data/kernel
nr_open=1048576
HOME=/root
TERM=xterm
SHLVL=2
XDG_RUNTIME_DIR=/run/user/0
PATH=/bin:/sbin:/usr/bin:/usr/sbin:/usr/local/bin
OLDPWD=/
_=/usr/bin/env
xx__-> 