No EFI environment detected.
early console in extract_kernel
input_data: 0x0000000004ab42c4
input_len: 0x00000000018f84a6
output: 0x0000000001000000
output_len: 0x0000000005338164
kernel_total_size: 0x0000000005030000
needed_size: 0x0000000005400000
trampoline_32bit: 0x0000000000000000
Physical KASLR using RDRAND RDTSC...
Virtual KASLR using RDRAND RDTSC...

Decompressing Linux... Parsing ELF... Performing relocations... done.
Booting the kernel (entry_offset: 0x0000000000000000).
[    0.000000] Linux version 6.13.0-rc1-virtme (root@4f8f0fd488d7) (gcc (Ubuntu 13.2.0-23ubuntu4) 13.2.0, GNU ld (GNU Binutils for Ubuntu) 2.42) #1 SMP PREEMPT_DYNAMIC Sun Dec  8 09:27:06 UTC 2024
[    0.000000] Command line: virtme_hostname=virtme-ng nr_open=1048576 virtme_link_mods=/nipa-data/kernel/.virtme_mods/lib/modules/0.0.0 virtme_initmount0=nipa-data/kernel virtme_rw_overlay0=/etc virtme_rw_overlay1=/lib virtme_rw_overlay2=/home virtme_rw_overlay3=/opt virtme_rw_overlay4=/srv virtme_rw_overlay5=/usr virtme_rw_overlay6=/var console=hvc0 earlyprintk=serial,ttyS0,115200 virtme_console=ttyS0 psmouse.proto=exps TERM=xterm virtme_chdir=nipa-data/kernel virtme_root_user=1 rootfstype=9p rootflags=version=9p2000.L,trans=virtio,access=any raid=noautodetect ro init=/usr/lib/python3/dist-packages/virtme/guest/virtme-init
[    0.000000] BIOS-provided physical RAM map:
[    0.000000] BIOS-e820: [mem 0x0000000000000000-0x000000000009fbff] usable
[    0.000000] BIOS-e820: [mem 0x000000000009fc00-0x000000000009ffff] reserved
[    0.000000] BIOS-e820: [mem 0x00000000000f0000-0x00000000000fffff] reserved
[    0.000000] BIOS-e820: [mem 0x0000000000100000-0x000000003ffdffff] usable
[    0.000000] BIOS-e820: [mem 0x000000003ffe0000-0x000000003fffffff] reserved
[    0.000000] BIOS-e820: [mem 0x00000000feffc000-0x00000000feffffff] reserved
[    0.000000] BIOS-e820: [mem 0x00000000fffc0000-0x00000000ffffffff] reserved
[    0.000000] BIOS-e820: [mem 0x000000fd00000000-0x000000ffffffffff] reserved
[    0.000000] printk: legacy bootconsole [earlyser0] enabled
[    0.000000] NX (Execute Disable) protection: active
[    0.000000] APIC: Static calls initialized
[    0.000000] SMBIOS 3.0.0 present.
[    0.000000] DMI: QEMU Ubuntu 24.04 PC (i440FX + PIIX, 1996), BIOS 1.16.3-debian-1.16.3-2 04/01/2014
[    0.000000] DMI: Memory slots populated: 1/1
[    0.000000] Hypervisor detected: KVM
[    0.000000] kvm-clock: Using msrs 4b564d01 and 4b564d00
[    0.000000] kvm-clock: using sched offset of 308675604 cycles
[    0.000355] clocksource: kvm-clock: mask: 0xffffffffffffffff max_cycles: 0x1cd42e4dffb, max_idle_ns: 881590591483 ns
[    0.001457] tsc: Detected 4491.556 MHz processor
[    0.002089] last_pfn = 0x3ffe0 max_arch_pfn = 0x400000000
[    0.002478] MTRR map: 4 entries (3 fixed + 1 variable; max 19), built from 8 variable MTRRs
[    0.003044] x86/PAT: Configuration [0-7]: WB  WC  UC- UC  WB  WP  UC- WT  
[    0.004934] found SMP MP-table at [mem 0x000f5470-0x000f547f]
[    0.005336] Using GB pages for direct mapping
[    0.005816] ACPI: Early table checksum verification disabled
[    0.006201] ACPI: RSDP 0x00000000000F5290 000014 (v00 BOCHS )
[    0.006593] ACPI: RSDT 0x000000003FFE27BC 000034 (v01 BOCHS  BXPC     00000001 BXPC 00000001)
[    0.007174] ACPI: FACP 0x000000003FFE2578 000074 (v01 BOCHS  BXPC     00000001 BXPC 00000001)
[    0.007755] ACPI: DSDT 0x000000003FFE0040 002538 (v01 BOCHS  BXPC     00000001 BXPC 00000001)
[    0.008345] ACPI: FACS 0x000000003FFE0000 000040
[    0.008660] ACPI: APIC 0x000000003FFE25EC 000170 (v03 BOCHS  BXPC     00000001 BXPC 00000001)
[    0.009240] ACPI: HPET 0x000000003FFE275C 000038 (v01 BOCHS  BXPC     00000001 BXPC 00000001)
[    0.009819] ACPI: WAET 0x000000003FFE2794 000028 (v01 BOCHS  BXPC     00000001 BXPC 00000001)
[    0.010399] ACPI: Reserving FACP table memory at [mem 0x3ffe2578-0x3ffe25eb]
[    0.010877] ACPI: Reserving DSDT table memory at [mem 0x3ffe0040-0x3ffe2577]
[    0.011355] ACPI: Reserving FACS table memory at [mem 0x3ffe0000-0x3ffe003f]
[    0.011835] ACPI: Reserving APIC table memory at [mem 0x3ffe25ec-0x3ffe275b]
[    0.012311] ACPI: Reserving HPET table memory at [mem 0x3ffe275c-0x3ffe2793]
[    0.012788] ACPI: Reserving WAET table memory at [mem 0x3ffe2794-0x3ffe27bb]
[    0.013451] No NUMA configuration found
[    0.013709] Faking a node at [mem 0x0000000000000000-0x000000003ffdffff]
[    0.014164] NODE_DATA(0) allocated [mem 0x3ffdb780-0x3ffdffff]
[    0.014574] Zone ranges:
[    0.014745]   DMA      [mem 0x0000000000001000-0x0000000000ffffff]
[    0.015163]   DMA32    [mem 0x0000000001000000-0x000000003ffdffff]
[    0.015581]   Normal   empty
[    0.015776]   Device   empty
[    0.015975] Movable zone start for each node
[    0.016262] Early memory node ranges
[    0.016502]   node   0: [mem 0x0000000000001000-0x000000000009efff]
[    0.016925]   node   0: [mem 0x0000000000100000-0x000000003ffdffff]
[    0.017347] Initmem setup node 0 [mem 0x0000000000001000-0x000000003ffdffff]
[    0.017825] On node 0, zone DMA: 1 pages in unavailable ranges
[    0.018272] On node 0, zone DMA: 97 pages in unavailable ranges
[    0.022690] On node 0, zone DMA32: 32 pages in unavailable ranges
[    0.031646] kasan: KernelAddressSanitizer initialized
[    0.032218] ACPI: PM-Timer IO Port: 0x608
[    0.032501] ACPI: LAPIC_NMI (acpi_id[0xff] dfl dfl lint[0x1])
[    0.032912] IOAPIC[0]: apic_id 0, version 17, address 0xfec00000, GSI 0-23
[    0.033381] ACPI: INT_SRC_OVR (bus 0 bus_irq 0 global_irq 2 dfl dfl)
[    0.033812] ACPI: INT_SRC_OVR (bus 0 bus_irq 5 global_irq 5 high level)
[    0.034260] ACPI: INT_SRC_OVR (bus 0 bus_irq 9 global_irq 9 high level)
[    0.034709] ACPI: INT_SRC_OVR (bus 0 bus_irq 10 global_irq 10 high level)
[    0.035171] ACPI: INT_SRC_OVR (bus 0 bus_irq 11 global_irq 11 high level)
[    0.035633] ACPI: Using ACPI (MADT) for SMP configuration information
[    0.036071] ACPI: HPET id: 0x8086a201 base: 0xfed00000
[    0.036421] TSC deadline timer available
[    0.036689] CPU topo: Max. logical packages:   1
[    0.037001] CPU topo: Max. logical dies:       1
[    0.037313] CPU topo: Max. dies per package:   1
[    0.037628] CPU topo: Max. threads per core:   1
[    0.037941] CPU topo: Num. cores per package:    32
[    0.038271] CPU topo: Num. threads per package:  32
[    0.038602] CPU topo: Allowing 32 present CPUs plus 0 hotplug CPUs
[    0.039034] kvm-guest: APIC: eoi() replaced with kvm_guest_apic_eoi_write()
[    0.039517] kvm-guest: KVM setup pv remote TLB flush
[    0.039872] kvm-guest: setup PV sched yield
[    0.040162] PM: hibernation: Registered nosave memory: [mem 0x00000000-0x00000fff]
[    0.040676] PM: hibernation: Registered nosave memory: [mem 0x0009f000-0x0009ffff]
[    0.041188] PM: hibernation: Registered nosave memory: [mem 0x000a0000-0x000effff]
[    0.041703] PM: hibernation: Registered nosave memory: [mem 0x000f0000-0x000fffff]
[    0.042214] [mem 0x40000000-0xfeffbfff] available for PCI devices
[    0.042625] Booting paravirtualized kernel on KVM
[    0.042943] clocksource: refined-jiffies: mask: 0xffffffff max_cycles: 0xffffffff, max_idle_ns: 1910969940391419 ns
[    0.051410] setup_percpu: NR_CPUS:64 nr_cpumask_bits:32 nr_cpu_ids:32 nr_node_ids:1
[    0.053165] percpu: Embedded 70 pages/cpu s247896 r8192 d30632 u524288
[    0.053679] Kernel command line: virtme_hostname=virtme-ng nr_open=1048576 virtme_link_mods=/nipa-data/kernel/.virtme_mods/lib/modules/0.0.0 virtme_initmount0=nipa-data/kernel virtme_rw_overlay0=/etc virtme_rw_overlay1=/lib virtme_rw_overlay2=/home virtme_rw_overlay3=/opt virtme_rw_overlay4=/srv virtme_rw_overlay5=/usr virtme_rw_overlay6=/var console=hvc0 earlyprintk=serial,ttyS0,115200 virtme_console=ttyS0 psmouse.proto=exps TERM=xterm virtme_chdir=nipa-data/kernel virtme_root_user=1 rootfstype=9p rootflags=version=9p2000.L,trans=virtio,access=any raid=noautodetect ro init=/usr/lib/python3/dist-packages/virtme/guest/virtme-init
[    0.057720] Unknown kernel command line parameters "virtme_hostname=virtme-ng nr_open=1048576 virtme_link_mods=/nipa-data/kernel/.virtme_mods/lib/modules/0.0.0 virtme_initmount0=nipa-data/kernel virtme_rw_overlay0=/etc virtme_rw_overlay1=/lib virtme_rw_overlay2=/home virtme_rw_overlay3=/opt virtme_rw_overlay4=/srv virtme_rw_overlay5=/usr virtme_rw_overlay6=/var virtme_console=ttyS0 virtme_chdir=nipa-data/kernel virtme_root_user=1", will be passed to user space.
[    0.060750] random: crng init done
[    0.060987] printk: log buffer data + meta data: 262144 + 917504 = 1179648 bytes
[    0.061520] Dentry cache hash table entries: 131072 (order: 8, 1048576 bytes, linear)
[    0.062077] Inode-cache hash table entries: 65536 (order: 7, 524288 bytes, linear)
[    0.063004] Fallback order for Node 0: 0 
[    0.063007] Built 1 zonelists, mobility grouping on.  Total pages: 262014
[    0.063760] Policy zone: DMA32
[    0.063981] mem auto-init: stack:all(zero), heap alloc:off, heap free:off
[    0.064455] stackdepot: allocating hash table via alloc_large_system_hash
[    0.064929] stackdepot hash table entries: 1048576 (order: 12, 16777216 bytes, linear)
[    0.072823] SLUB: HWalign=64, Order=0-3, MinObjects=0, CPUs=32, Nodes=1
Poking KASLR using RDRAND RDTSC...
[    0.073579] ftrace: allocating 48873 entries in 191 pages
[    0.090503] ftrace: allocated 191 pages with 7 groups
[    0.091669] Dynamic Preempt: voluntary
[    0.092355] rcu: Preemptible hierarchical RCU implementation.
[    0.092758] rcu: RCU event tracing is enabled.
[    0.093071] rcu: RCU restricting CPUs from NR_CPUS=64 to nr_cpu_ids=32.
[    0.093538] Trampoline variant of Tasks RCU enabled.
[    0.093887] Rude variant of Tasks RCU enabled.
[    0.094201] Tracing variant of Tasks RCU enabled.
[    0.094537] rcu: RCU calculated value of scheduler-enlistment delay is 100 jiffies.
[    0.095064] rcu: Adjusting geometry for rcu_fanout_leaf=16, nr_cpu_ids=32
[    0.095593] RCU Tasks: Setting shift to 5 and lim to 1 rcu_task_cb_adjust=1 rcu_task_cpu_ids=32.
[    0.096207] RCU Tasks Rude: Setting shift to 5 and lim to 1 rcu_task_cb_adjust=1 rcu_task_cpu_ids=32.
[    0.096845] RCU Tasks Trace: Setting shift to 5 and lim to 1 rcu_task_cb_adjust=1 rcu_task_cpu_ids=32.
[    0.105468] NR_IRQS: 4352, nr_irqs: 680, preallocated irqs: 16
[    0.106131] rcu: srcu_init: Setting srcu_struct sizes based on contention.
[    0.106820] Console: colour *CGA 80x25
[    0.107111] ACPI: Core revision 20240827
[    0.107537] clocksource: hpet: mask: 0xffffffff max_cycles: 0xffffffff, max_idle_ns: 19112604467 ns
[    0.108238] APIC: Switch to symmetric I/O mode setup
[    0.108613] kvm-guest: APIC: send_IPI_mask() replaced with kvm_send_ipi_mask()
[    0.109115] kvm-guest: APIC: send_IPI_mask_allbutself() replaced with kvm_send_ipi_mask_allbutself()
[    0.109731] kvm-guest: setup PV IPIs
[    0.110792] ..TIMER: vector=0x30 apic1=0 pin1=2 apic2=-1 pin2=-1
[    0.111547] clocksource: tsc-early: mask: 0xffffffffffffffff max_cycles: 0x40be400eb43, max_idle_ns: 440795366972 ns
[    0.112864] Calibrating delay loop (skipped) preset value.. 8983.11 BogoMIPS (lpj=4491556)
[    0.113926] x86/cpu: User Mode Instruction Prevention (UMIP) activated
[    0.114919] Last level iTLB entries: 4KB 512, 2MB 255, 4MB 127
[    0.115863] Last level dTLB entries: 4KB 512, 2MB 255, 4MB 127, 1GB 0
[    0.116867] Spectre V1 : Mitigation: usercopy/swapgs barriers and __user pointer sanitization
[    0.117867] Spectre V2 : Mitigation: Enhanced / Automatic IBRS
[    0.118570] Spectre V2 : Spectre v2 / SpectreRSB mitigation: Filling RSB on context switch
[    0.118865] Spectre V2 : mitigation: Enabling conditional Indirect Branch Prediction Barrier
[    0.119865] Speculative Store Bypass: Mitigation: Speculative Store Bypass disabled via prctl
[    0.120863] Speculative Return Stack Overflow: IBPB-extending microcode not applied!
[    0.121863] Speculative Return Stack Overflow: WARNING: See https://kernel.org/doc/html/latest/admin-guide/hw-vuln/srso.html for mitigation options.
[    0.121864] Speculative Return Stack Overflow: Vulnerable: Safe RET, no microcode
[    0.123877] x86/fpu: Supporting XSAVE feature 0x001: 'x87 floating point registers'
[    0.124863] x86/fpu: Supporting XSAVE feature 0x002: 'SSE registers'
[    0.125863] x86/fpu: Supporting XSAVE feature 0x004: 'AVX registers'
[    0.126610] x86/fpu: Supporting XSAVE feature 0x020: 'AVX-512 opmask'
[    0.126863] x86/fpu: Supporting XSAVE feature 0x040: 'AVX-512 Hi256'
[    0.127863] x86/fpu: Supporting XSAVE feature 0x080: 'AVX-512 ZMM_Hi256'
[    0.128863] x86/fpu: Supporting XSAVE feature 0x200: 'Protection Keys User registers'
[    0.129863] x86/fpu: xstate_offset[2]:  576, xstate_sizes[2]:  256
[    0.130590] x86/fpu: xstate_offset[5]:  832, xstate_sizes[5]:   64
[    0.130863] x86/fpu: xstate_offset[6]:  896, xstate_sizes[6]:  512
[    0.131863] x86/fpu: xstate_offset[7]: 1408, xstate_sizes[7]: 1024
[    0.132863] x86/fpu: xstate_offset[9]: 2432, xstate_sizes[9]:    8
[    0.133590] x86/fpu: Enabled xstate features 0x2e7, context size is 2440 bytes, using 'compacted' format.
[    0.153610] Freeing SMP alternatives memory: 40K
[    0.153864] pid_max: default: 32768 minimum: 301
[    0.154524] Mount-cache hash table entries: 2048 (order: 2, 16384 bytes, linear)
[    0.154864] Mountpoint-cache hash table entries: 2048 (order: 2, 16384 bytes, linear)
[    0.157250] smpboot: CPU0: AMD Ryzen 9 7950X 16-Core Processor (family: 0x19, model: 0x61, stepping: 0x2)
[    0.158306] Performance Events: Fam17h+ core perfctr, AMD PMU driver.
[    0.158868] ... version:                0
[    0.159340] ... bit width:              48
[    0.159822] ... generic registers:      6
[    0.159864] ... value mask:             0000ffffffffffff
[    0.160490] ... max period:             00007fffffffffff
[    0.160864] ... fixed-purpose events:   0
[    0.161341] ... event mask:             000000000000003f
[    0.161971] signal: max sigframe size: 3376
[    0.162507] rcu: Hierarchical SRCU implementation.
[    0.162865] rcu: Max phase no-delay instances is 400.
[    0.163540] Timer migration: 2 hierarchy levels; 8 children per group; 2 crossnode level
[    0.167496] smp: Bringing up secondary CPUs ...
[    0.168041] smpboot: x86: Booting SMP configuration:
[    0.168626] .... node  #0, CPUs:        #1  #2  #3  #4  #5  #6  #7  #8  #9 #10 #11 #12 #13 #14 #15 #16 #17 #18 #19 #20 #21 #22 #23 #24 #25 #26 #27 #28 #29 #30 #31
[    0.193965] smp: Brought up 1 node, 32 CPUs
[    0.195373] smpboot: Total of 32 processors activated (287459.58 BogoMIPS)
[    0.198982] Memory: 763384K/1048056K available (45056K kernel code, 11448K rwdata, 10076K rodata, 6048K init, 1652K bss, 269028K reserved, 0K cma-reserved)
[    0.199977] devtmpfs: initialized
[    0.200442] x86/mm: Memory block size: 128MB
[    0.206513] clocksource: jiffies: mask: 0xffffffff max_cycles: 0xffffffff, max_idle_ns: 1911260446275000 ns
[    0.206869] futex hash table entries: 8192 (order: 7, 524288 bytes, linear)
[    0.208064] PM: RTC time: 09:27:31, date: 2024-12-08
[    0.209318] NET: Registered PF_NETLINK/PF_ROUTE protocol family
[    0.210677] thermal_sys: Registered thermal governor 'step_wise'
[    0.210679] thermal_sys: Registered thermal governor 'user_space'
[    0.210891] cpuidle: using governor menu
[    0.213136] PCI: Using configuration type 1 for base access
[    0.213813] PCI: Using configuration type 1 for extended access
[    0.213990] kprobes: kprobe jump-optimization is enabled. All kprobes are optimized if possible.
[    0.229036] HugeTLB: registered 1.00 GiB page size, pre-allocated 0 pages
[    0.229865] HugeTLB: 16380 KiB vmemmap can be freed for a 1.00 GiB page
[    0.230671] HugeTLB: registered 2.00 MiB page size, pre-allocated 0 pages
[    0.230864] HugeTLB: 28 KiB vmemmap can be freed for a 2.00 MiB page
[    0.233191] ACPI: Added _OSI(Module Device)
[    0.233706] ACPI: Added _OSI(Processor Device)
[    0.233865] ACPI: Added _OSI(3.0 _SCP Extensions)
[    0.234438] ACPI: Added _OSI(Processor Aggregator Device)
[    0.256657] ACPI: 1 ACPI AML tables successfully acquired and loaded
[    0.261691] ACPI: Interpreter enabled
[    0.261921] ACPI: PM: (supports S0 S3 S4 S5)
[    0.262443] ACPI: Using IOAPIC for interrupt routing
[    0.262911] PCI: Using host bridge windows from ACPI; if necessary, use "pci=nocrs" and report a bug
[    0.264865] PCI: Using E820 reservations for host bridge windows
[    0.266616] ACPI: Enabled 2 GPEs in block 00 to 0F
[    0.310949] ACPI: PCI Root Bridge [PCI0] (domain 0000 [bus 00-ff])
[    0.311732] acpi PNP0A03:00: _OSC: OS supports [ExtendedConfig ASPM ClockPM Segments MSI HPX-Type3]
[    0.313333] PCI host bridge to bus 0000:00
[    0.313895] pci_bus 0000:00: root bus resource [io  0x0000-0x0cf7 window]
[    0.314732] pci_bus 0000:00: root bus resource [io  0x0d00-0xffff window]
[    0.315867] pci_bus 0000:00: root bus resource [mem 0x000a0000-0x000bffff window]
[    0.316795] pci_bus 0000:00: root bus resource [mem 0x40000000-0xfebfffff window]
[    0.317867] pci_bus 0000:00: root bus resource [mem 0x100000000-0x17fffffff window]
[    0.318811] pci_bus 0000:00: root bus resource [bus 00-ff]
[    0.318964] pci 0000:00:00.0: [8086:1237] type 00 class 0x060000 conventional PCI endpoint
[    0.320681] pci 0000:00:01.0: [8086:7000] type 00 class 0x060100 conventional PCI endpoint
[    0.322724] pci 0000:00:01.1: [8086:7010] type 00 class 0x010180 conventional PCI endpoint
[    0.325501] pci 0000:00:01.1: BAR 4 [io  0xc0c0-0xc0cf]
[    0.326539] pci 0000:00:01.1: BAR 0 [io  0x01f0-0x01f7]: legacy IDE quirk
[    0.327865] pci 0000:00:01.1: BAR 1 [io  0x03f6]: legacy IDE quirk
[    0.328628] pci 0000:00:01.1: BAR 2 [io  0x0170-0x0177]: legacy IDE quirk
[    0.329865] pci 0000:00:01.1: BAR 3 [io  0x0376]: legacy IDE quirk
[    0.331260] pci 0000:00:01.3: [8086:7113] type 00 class 0x068000 conventional PCI endpoint
[    0.332119] pci 0000:00:01.3: quirk: [io  0x0600-0x063f] claimed by PIIX4 ACPI
[    0.332869] pci 0000:00:01.3: quirk: [io  0x0700-0x070f] claimed by PIIX4 SMB
[    0.334437] pci 0000:00:02.0: [1af4:1009] type 00 class 0x000200 conventional PCI endpoint
[    0.336286] pci 0000:00:02.0: BAR 0 [io  0xc000-0xc03f]
[    0.337238] pci 0000:00:02.0: BAR 1 [mem 0xfebfc000-0xfebfcfff]
[    0.339865] pci 0000:00:02.0: BAR 4 [mem 0xfebf0000-0xfebf3fff 64bit pref]
[    0.353479] pci 0000:00:03.0: [1af4:1009] type 00 class 0x000200 conventional PCI endpoint
[    0.354252] pci 0000:00:03.0: BAR 0 [io  0xc040-0xc07f]
[    0.355204] pci 0000:00:03.0: BAR 1 [mem 0xfebfd000-0xfebfdfff]
[    0.356865] pci 0000:00:03.0: BAR 4 [mem 0xfebf4000-0xfebf7fff 64bit pref]
[    0.368745] pci 0000:00:04.0: [8086:25ab] type 00 class 0x088000 conventional PCI endpoint
[    0.370043] pci 0000:00:04.0: BAR 0 [mem 0xfebfe000-0xfebfe00f]
[    0.382002] pci 0000:00:05.0: [1af4:1003] type 00 class 0x078000 conventional PCI endpoint
[    0.384217] pci 0000:00:05.0: BAR 0 [io  0xc080-0xc0bf]
[    0.385160] pci 0000:00:05.0: BAR 1 [mem 0xfebff000-0xfebfffff]
[    0.387047] pci 0000:00:05.0: BAR 4 [mem 0xfebf8000-0xfebfbfff 64bit pref]
[    0.401039] ACPI: PCI: Interrupt link LNKA configured for IRQ 10
[    0.402598] ACPI: PCI: Interrupt link LNKB configured for IRQ 10
[    0.403730] ACPI: PCI: Interrupt link LNKC configured for IRQ 11
[    0.405728] ACPI: PCI: Interrupt link LNKD configured for IRQ 11
[    0.407225] ACPI: PCI: Interrupt link LNKS configured for IRQ 9
[    0.425021] iommu: Default domain type: Translated
[    0.425623] iommu: DMA domain TLB invalidation policy: lazy mode
[    0.426292] SCSI subsystem initialized
[    0.427160] pps_core: LinuxPPS API ver. 1 registered
[    0.427777] pps_core: Software ver. 5.3.6 - Copyright 2005-2007 Rodolfo Giometti <giometti@linux.it>
[    0.428878] PTP clock support registered
[    0.429984] Advanced Linux Sound Architecture Driver Initialized.
[    0.431935] NET: Registered PF_ATMPVC protocol family
[    0.432568] NET: Registered PF_ATMSVC protocol family
[    0.432900] PCI: Using ACPI for IRQ routing
[    0.433906] vgaarb: loaded
[    0.433977] hpet0: at MMIO 0xfed00000, IRQs 2, 8, 0
[    0.434586] hpet0: 3 comparators, 64-bit 100.000000 MHz counter
[    0.439064] clocksource: Switched to clocksource kvm-clock
[    0.440058] VFS: Disk quotas dquot_6.6.0
[    0.440569] VFS: Dquot-cache hash table entries: 512 (order 0, 4096 bytes)
[    0.445849] pnp: PnP ACPI init
[    0.449017] pnp: PnP ACPI: found 5 devices
[    0.460904] clocksource: acpi_pm: mask: 0xffffff max_cycles: 0xffffff, max_idle_ns: 2085701024 ns
[    0.462055] NET: Registered PF_INET protocol family
[    0.462697] IP idents hash table entries: 16384 (order: 5, 131072 bytes, linear)
[    0.463977] tcp_listen_portaddr_hash hash table entries: 512 (order: 1, 8192 bytes, linear)
[    0.465018] Table-perturb hash table entries: 65536 (order: 6, 262144 bytes, linear)
[    0.465985] TCP established hash table entries: 8192 (order: 4, 65536 bytes, linear)
[    0.466939] TCP bind hash table entries: 8192 (order: 6, 262144 bytes, linear)
[    0.467834] TCP: Hash tables configured (established 8192 bind 8192)
[    0.468764] UDP hash table entries: 512 (order: 3, 32768 bytes, linear)
[    0.469611] UDP-Lite hash table entries: 512 (order: 3, 32768 bytes, linear)
[    0.470680] NET: Registered PF_UNIX/PF_LOCAL protocol family
[    0.471393] pci_bus 0000:00: resource 4 [io  0x0000-0x0cf7 window]
[    0.472146] pci_bus 0000:00: resource 5 [io  0x0d00-0xffff window]
[    0.472904] pci_bus 0000:00: resource 6 [mem 0x000a0000-0x000bffff window]
[    0.473745] pci_bus 0000:00: resource 7 [mem 0x40000000-0xfebfffff window]
[    0.474588] pci_bus 0000:00: resource 8 [mem 0x100000000-0x17fffffff window]
[    0.475636] pci 0000:00:01.0: PIIX3: Enabling Passive Release
[    0.476362] pci 0000:00:00.0: Limiting direct PCI/PCI transfers
[    0.477119] PCI: CLS 0 bytes, default 64
[    0.477794] kvm_intel: VMX not supported by CPU 6
[    0.478404] kvm_amd: TSC scaling supported
[    0.478903] kvm_amd: Nested Virtualization enabled
[    0.479490] kvm_amd: Nested Paging enabled
[    0.479990] kvm_amd: LBR virtualization supported
[    0.480589] kvm_amd: Virtual GIF supported
[    0.481087] kvm_amd: Virtual NMI enabled
[    0.513057] clocksource: tsc: mask: 0xffffffffffffffff max_cycles: 0x40be400eb43, max_idle_ns: 440795366972 ns
[    0.531759] Initialise system trusted keyrings
[    0.532473] workingset: timestamp_bits=56 max_order=18 bucket_order=0
[    0.533369] squashfs: version 4.0 (2009/01/31) Phillip Lougher
[    0.534100] fuse: init (API version 7.41)
[    0.534729] 9p: Installing v9fs 9p2000 file system support
[    0.544277] Key type asymmetric registered
[    0.544789] Asymmetric key parser 'x509' registered
[    0.545452] Block layer SCSI generic (bsg) driver version 0.4 loaded (major 249)
[    0.546398] io scheduler mq-deadline registered
[    0.546963] io scheduler kyber registered
[    0.549645] input: Power Button as /devices/LNXSYSTM:00/LNXPWRBN:00/input/input0
[    0.550779] ACPI: button: Power Button [PWRF]
[    0.552641] Warning: Processor Platform Limit event detected, but not handled.
[    0.553544] Consider compiling CPUfreq support into your kernel.
[    1.344019] ACPI: \_SB_.LNKB: Enabled at IRQ 10
[    2.127109] ACPI: \_SB_.LNKC: Enabled at IRQ 11
[    2.909963] ACPI: \_SB_.LNKA: Enabled at IRQ 10
[    2.911308] Serial: 8250/16550 driver, 4 ports, IRQ sharing enabled
[    2.912395] 00:03: ttyS0 at I/O 0x3f8 (irq = 4, base_baud = 115200) is a 16550A
[    2.934418] Non-volatile memory driver v1.3
[    2.934954] Linux agpgart interface v0.103
[    2.935617] ACPI: bus type drm_connector registered
[    2.936250] printk: legacy console [hvc0] enabled
[    2.936833] printk: legacy bootconsole [earlyser0] disabled
          _      _                                    
   __   _(_)_ __| |_ _ __ ___   ___       _ __   __ _ 
   \ \ / / |  __| __|  _   _ \ / _ \_____|  _ \ / _  |
    \ V /| | |  | |_| | | | | |  __/_____| | | | (_| |
     \_/ |_|_|   \__|_| |_| |_|\___|     |_| |_|\__  |
                                                |___/ 
   kernel version: 6.13.0-rc1-virtme x86_64
   (CTRL+d to exit)

root@virtme-ng:/nipa-data/kernel# PS1='xx__-> '
xx__-> env
PWD=/nipa-data/kernel
nr_open=1048576
HOME=/
TERM=xterm
SHLVL=2
XDG_RUNTIME_DIR=/run/user/0
PATH=/bin:/sbin:/usr/bin:/usr/sbin:/usr/local/bin
OLDPWD=/
_=/bin/env
xx__-> 