No EFI environment detected.
early console in extract_kernel
input_data: 0x00000000029f62b9
input_len: 0x0000000000ae937d
output: 0x0000000001000000
output_len: 0x000000000249a644
kernel_total_size: 0x0000000002230000
needed_size: 0x0000000002600000
trampoline_32bit: 0x0000000000000000
Physical KASLR using RDRAND RDTSC...
Virtual KASLR using RDRAND RDTSC...

Decompressing Linux... Parsing ELF... Performing relocations... done.
Booting the kernel (entry_offset: 0x0000000000000000).
[    0.000000] Linux version 6.8.0-virtme (root@bdb40310cbc1) (gcc (Alpine 13.2.1_git20240309) 13.2.1 20240309, GNU ld (GNU Binutils) 2.42) #1 SMP PREEMPT_DYNAMIC Thu Mar 21 09:06:29 UTC 2024
[    0.000000] Command line: virtme_hostname=virtme-ng nr_open=1048576 virtme_link_mods=/nipa-data/kernel/.virtme_mods/lib/modules/0.0.0 virtme_initmount0=nipa-data/kernel virtme_rw_overlay0=/etc virtme_rw_overlay1=/lib virtme_rw_overlay2=/home virtme_rw_overlay3=/opt virtme_rw_overlay4=/srv virtme_rw_overlay5=/usr virtme_rw_overlay6=/var console=hvc0 earlyprintk=serial,ttyS0,115200 virtme_console=ttyS0 psmouse.proto=exps TERM=xterm virtme_chdir=nipa-data/kernel virtme_root_user=1 rootfstype=9p rootflags=version=9p2000.L,trans=virtio,access=any raid=noautodetect ro init=/usr/lib/python3.11/site-packages/virtme/guest/virtme-init
[    0.000000] BIOS-provided physical RAM map:
[    0.000000] BIOS-e820: [mem 0x0000000000000000-0x000000000009fbff] usable
[    0.000000] BIOS-e820: [mem 0x000000000009fc00-0x000000000009ffff] reserved
[    0.000000] BIOS-e820: [mem 0x00000000000f0000-0x00000000000fffff] reserved
[    0.000000] BIOS-e820: [mem 0x0000000000100000-0x000000003ffdffff] usable
[    0.000000] BIOS-e820: [mem 0x000000003ffe0000-0x000000003fffffff] reserved
[    0.000000] BIOS-e820: [mem 0x00000000feffc000-0x00000000feffffff] reserved
[    0.000000] BIOS-e820: [mem 0x00000000fffc0000-0x00000000ffffffff] reserved
[    0.000000] BIOS-e820: [mem 0x000000fd00000000-0x000000ffffffffff] reserved
[    0.000000] printk: legacy bootconsole [earlyser0] enabled
[    0.000000] NX (Execute Disable) protection: active
[    0.000000] APIC: Static calls initialized
[    0.000000] SMBIOS 3.0.0 present.
[    0.000000] DMI: QEMU Standard PC (i440FX + PIIX, 1996), BIOS rel-1.16.3-0-ga6ed6b701f0a-prebuilt.qemu.org 04/01/2014
[    0.000000] Hypervisor detected: KVM
[    0.000000] kvm-clock: Using msrs 4b564d01 and 4b564d00
[    0.000000] kvm-clock: using sched offset of 247924259 cycles
[    0.000372] clocksource: kvm-clock: mask: 0xffffffffffffffff max_cycles: 0x1cd42e4dffb, max_idle_ns: 881590591483 ns
[    0.001518] tsc: Detected 4491.556 MHz processor
[    0.002115] last_pfn = 0x3ffe0 max_arch_pfn = 0x400000000
[    0.002519] MTRR map: 4 entries (3 fixed + 1 variable; max 19), built from 8 variable MTRRs
[    0.003117] x86/PAT: Configuration [0-7]: WB  WC  UC- UC  WB  WP  UC- WT  
Memory KASLR using RDRAND RDTSC...
[    0.005145] found SMP MP-table at [mem 0x000f5470-0x000f547f]
[    0.005553] Using GB pages for direct mapping
[    0.005915] ACPI: Early table checksum verification disabled
[    0.006313] ACPI: RSDP 0x00000000000F5290 000014 (v00 BOCHS )
[    0.006715] ACPI: RSDT 0x000000003FFE27BC 000034 (v01 BOCHS  BXPC     00000001 BXPC 00000001)
[    0.007323] ACPI: FACP 0x000000003FFE2578 000074 (v01 BOCHS  BXPC     00000001 BXPC 00000001)
[    0.007926] ACPI: DSDT 0x000000003FFE0040 002538 (v01 BOCHS  BXPC     00000001 BXPC 00000001)
[    0.008526] ACPI: FACS 0x000000003FFE0000 000040
[    0.008849] ACPI: APIC 0x000000003FFE25EC 000170 (v03 BOCHS  BXPC     00000001 BXPC 00000001)
[    0.009452] ACPI: HPET 0x000000003FFE275C 000038 (v01 BOCHS  BXPC     00000001 BXPC 00000001)
[    0.010067] ACPI: WAET 0x000000003FFE2794 000028 (v01 BOCHS  BXPC     00000001 BXPC 00000001)
[    0.010671] ACPI: Reserving FACP table memory at [mem 0x3ffe2578-0x3ffe25eb]
[    0.011177] ACPI: Reserving DSDT table memory at [mem 0x3ffe0040-0x3ffe2577]
[    0.011673] ACPI: Reserving FACS table memory at [mem 0x3ffe0000-0x3ffe003f]
[    0.012247] ACPI: Reserving APIC table memory at [mem 0x3ffe25ec-0x3ffe275b]
[    0.012860] ACPI: Reserving HPET table memory at [mem 0x3ffe275c-0x3ffe2793]
[    0.013468] ACPI: Reserving WAET table memory at [mem 0x3ffe2794-0x3ffe27bb]
[    0.014247] No NUMA configuration found
[    0.014537] Faking a node at [mem 0x0000000000000000-0x000000003ffdffff]
[    0.015028] NODE_DATA(0) allocated [mem 0x3ffdb000-0x3ffdffff]
[    0.015450] Zone ranges:
[    0.015634]   DMA      [mem 0x0000000000001000-0x0000000000ffffff]
[    0.016078]   DMA32    [mem 0x0000000001000000-0x000000003ffdffff]
[    0.016521]   Normal   empty
[    0.016724]   Device   empty
[    0.016933] Movable zone start for each node
[    0.017234] Early memory node ranges
[    0.017486]   node   0: [mem 0x0000000000001000-0x000000000009efff]
[    0.017941]   node   0: [mem 0x0000000000100000-0x000000003ffdffff]
[    0.018385] Initmem setup node 0 [mem 0x0000000000001000-0x000000003ffdffff]
[    0.018983] On node 0, zone DMA: 1 pages in unavailable ranges
[    0.019402] On node 0, zone DMA: 97 pages in unavailable ranges
[    0.020959] On node 0, zone DMA32: 32 pages in unavailable ranges
[    0.021735] ACPI: PM-Timer IO Port: 0x608
[    0.022087] ACPI: LAPIC_NMI (acpi_id[0xff] dfl dfl lint[0x1])
[    0.022558] IOAPIC[0]: apic_id 0, version 17, address 0xfec00000, GSI 0-23
[    0.023061] ACPI: INT_SRC_OVR (bus 0 bus_irq 0 global_irq 2 dfl dfl)
[    0.023512] ACPI: INT_SRC_OVR (bus 0 bus_irq 5 global_irq 5 high level)
[    0.023985] ACPI: INT_SRC_OVR (bus 0 bus_irq 9 global_irq 9 high level)
[    0.024457] ACPI: INT_SRC_OVR (bus 0 bus_irq 10 global_irq 10 high level)
[    0.024952] ACPI: INT_SRC_OVR (bus 0 bus_irq 11 global_irq 11 high level)
[    0.025431] ACPI: Using ACPI (MADT) for SMP configuration information
[    0.025891] ACPI: HPET id: 0x8086a201 base: 0xfed00000
[    0.026262] TSC deadline timer available
[    0.026542] CPU topo: Max. logical packages:   1
[    0.026871] CPU topo: Max. logical dies:       1
[    0.027209] CPU topo: Max. dies per package:   1
[    0.027538] CPU topo: Max. threads per core:  32
[    0.027865] CPU topo: Num. cores per package:     1
[    0.028215] CPU topo: Num. threads per package:  32
[    0.028563] CPU topo: Allowing 32 present CPUs plus 0 hotplug CPUs
[    0.029016] kvm-guest: APIC: eoi() replaced with kvm_guest_apic_eoi_write()
[    0.029516] kvm-guest: KVM setup pv remote TLB flush
[    0.029867] kvm-guest: setup PV sched yield
[    0.030180] PM: hibernation: Registered nosave memory: [mem 0x00000000-0x00000fff]
[    0.030716] PM: hibernation: Registered nosave memory: [mem 0x0009f000-0x0009ffff]
[    0.031263] PM: hibernation: Registered nosave memory: [mem 0x000a0000-0x000effff]
[    0.031798] PM: hibernation: Registered nosave memory: [mem 0x000f0000-0x000fffff]
[    0.032343] [mem 0x40000000-0xfeffbfff] available for PCI devices
[    0.032774] Booting paravirtualized kernel on KVM
[    0.033112] clocksource: refined-jiffies: mask: 0xffffffff max_cycles: 0xffffffff, max_idle_ns: 1910969940391419 ns
[    0.036639] setup_percpu: NR_CPUS:64 nr_cpumask_bits:32 nr_cpu_ids:32 nr_node_ids:1
[    0.037791] percpu: Embedded 58 pages/cpu s197992 r8192 d31384 u262144
[    0.038292] Kernel command line: virtme_hostname=virtme-ng nr_open=1048576 virtme_link_mods=/nipa-data/kernel/.virtme_mods/lib/modules/0.0.0 virtme_initmount0=nipa-data/kernel virtme_rw_overlay0=/etc virtme_rw_overlay1=/lib virtme_rw_overlay2=/home virtme_rw_overlay3=/opt virtme_rw_overlay4=/srv virtme_rw_overlay5=/usr virtme_rw_overlay6=/var console=hvc0 earlyprintk=serial,ttyS0,115200 virtme_console=ttyS0 psmouse.proto=exps TERM=xterm virtme_chdir=nipa-data/kernel virtme_root_user=1 rootfstype=9p rootflags=version=9p2000.L,trans=virtio,access=any raid=noautodetect ro init=/usr/lib/python3.11/site-packages/virtme/guest/virtme-init
[    0.042440] Unknown kernel command line parameters "virtme_hostname=virtme-ng nr_open=1048576 virtme_link_mods=/nipa-data/kernel/.virtme_mods/lib/modules/0.0.0 virtme_initmount0=nipa-data/kernel virtme_rw_overlay0=/etc virtme_rw_overlay1=/lib virtme_rw_overlay2=/home virtme_rw_overlay3=/opt virtme_rw_overlay4=/srv virtme_rw_overlay5=/usr virtme_rw_overlay6=/var virtme_console=ttyS0 virtme_chdir=nipa-data/kernel virtme_root_user=1", will be passed to user space.
[    0.045603] random: crng init done
[    0.045880] Dentry cache hash table entries: 131072 (order: 8, 1048576 bytes, linear)
[    0.046474] Inode-cache hash table entries: 65536 (order: 7, 524288 bytes, linear)
[    0.047116] Fallback order for Node 0: 0 
[    0.047118] Built 1 zonelists, mobility grouping on.  Total pages: 257760
[    0.047900] Policy zone: DMA32
[    0.048120] mem auto-init: stack:all(zero), heap alloc:off, heap free:off
[    0.049418] Memory: 986604K/1048056K available (16384K kernel code, 2363K rwdata, 5988K rodata, 3008K init, 2280K bss, 61192K reserved, 0K cma-reserved)
[    0.050443] SLUB: HWalign=64, Order=0-3, MinObjects=0, CPUs=32, Nodes=1
Poking KASLR using RDRAND RDTSC...
[    0.051169] ftrace: allocating 46516 entries in 182 pages
[    0.058179] ftrace: allocated 182 pages with 5 groups
[    0.059343] Dynamic Preempt: voluntary
[    0.059842] rcu: Preemptible hierarchical RCU implementation.
[    0.060358] rcu: RCU event tracing is enabled.
[    0.060764] rcu: RCU restricting CPUs from NR_CPUS=64 to nr_cpu_ids=32.
[    0.061363] Trampoline variant of Tasks RCU enabled.
[    0.061811] Rude variant of Tasks RCU enabled.
[    0.062212] Tracing variant of Tasks RCU enabled.
[    0.062636] rcu: RCU calculated value of scheduler-enlistment delay is 100 jiffies.
[    0.063314] rcu: Adjusting geometry for rcu_fanout_leaf=16, nr_cpu_ids=32
[    0.063928] RCU Tasks: Setting shift to 5 and lim to 1 rcu_task_cb_adjust=1.
[    0.064560] RCU Tasks Rude: Setting shift to 5 and lim to 1 rcu_task_cb_adjust=1.
[    0.065228] RCU Tasks Trace: Setting shift to 5 and lim to 1 rcu_task_cb_adjust=1.
[    0.067829] NR_IRQS: 4352, nr_irqs: 680, preallocated irqs: 16
[    0.068530] rcu: srcu_init: Setting srcu_struct sizes based on contention.
[    0.069293] Console: colour *CGA 80x25
[    0.069636] ACPI: Core revision 20230628
[    0.070066] clocksource: hpet: mask: 0xffffffff max_cycles: 0xffffffff, max_idle_ns: 19112604467 ns
[    0.070939] APIC: Switch to symmetric I/O mode setup
[    0.071380] APIC: Switched APIC routing to: physical flat
[    0.071855] kvm-guest: APIC: send_IPI_mask() replaced with kvm_send_ipi_mask()
[    0.072478] kvm-guest: APIC: send_IPI_mask_allbutself() replaced with kvm_send_ipi_mask_allbutself()
[    0.073271] kvm-guest: setup PV IPIs
[    0.074490] ..TIMER: vector=0x30 apic1=0 pin1=2 apic2=-1 pin2=-1
[    0.075508] tsc: Marking TSC unstable due to TSCs unsynchronized
[    0.076515] Calibrating delay loop (skipped) preset value.. 8983.11 BogoMIPS (lpj=4491556)
[    0.078542] x86/cpu: User Mode Instruction Prevention (UMIP) activated
[    0.079572] Last level iTLB entries: 4KB 512, 2MB 255, 4MB 127
[    0.080513] Last level dTLB entries: 4KB 512, 2MB 255, 4MB 127, 1GB 0
[    0.081517] Spectre V1 : Mitigation: usercopy/swapgs barriers and __user pointer sanitization
[    0.082518] Spectre V2 : Mitigation: Enhanced / Automatic IBRS
[    0.083513] Spectre V2 : Spectre v2 / SpectreRSB mitigation: Filling RSB on context switch
[    0.084515] Spectre V2 : mitigation: Enabling conditional Indirect Branch Prediction Barrier
[    0.085513] Spectre V2 : User space: Mitigation: STIBP always-on protection
[    0.086515] Speculative Store Bypass: Mitigation: Speculative Store Bypass disabled via prctl
[    0.087513] Speculative Return Stack Overflow: IBPB-extending microcode not applied!
[    0.088513] Speculative Return Stack Overflow: WARNING: See https://kernel.org/doc/html/latest/admin-guide/hw-vuln/srso.html for mitigation options.
[    0.088514] Speculative Return Stack Overflow: Vulnerable: Safe RET, no microcode
[    0.090533] x86/fpu: Supporting XSAVE feature 0x001: 'x87 floating point registers'
[    0.091513] x86/fpu: Supporting XSAVE feature 0x002: 'SSE registers'
[    0.092513] x86/fpu: Supporting XSAVE feature 0x004: 'AVX registers'
[    0.093513] x86/fpu: Supporting XSAVE feature 0x020: 'AVX-512 opmask'
[    0.094513] x86/fpu: Supporting XSAVE feature 0x040: 'AVX-512 Hi256'
[    0.095513] x86/fpu: Supporting XSAVE feature 0x080: 'AVX-512 ZMM_Hi256'
[    0.096514] x86/fpu: Supporting XSAVE feature 0x200: 'Protection Keys User registers'
[    0.097514] x86/fpu: xstate_offset[2]:  576, xstate_sizes[2]:  256
[    0.098513] x86/fpu: xstate_offset[5]:  832, xstate_sizes[5]:   64
[    0.099513] x86/fpu: xstate_offset[6]:  896, xstate_sizes[6]:  512
[    0.100513] x86/fpu: xstate_offset[7]: 1408, xstate_sizes[7]: 1024
[    0.101324] x86/fpu: xstate_offset[9]: 2432, xstate_sizes[9]:    8
[    0.101513] x86/fpu: Enabled xstate features 0x2e7, context size is 2440 bytes, using 'compacted' format.
[    0.117167] Freeing SMP alternatives memory: 40K
[    0.117514] pid_max: default: 32768 minimum: 301
[    0.118127] Mount-cache hash table entries: 2048 (order: 2, 16384 bytes, linear)
[    0.118514] Mountpoint-cache hash table entries: 2048 (order: 2, 16384 bytes, linear)
[    0.119669] smpboot: CPU0: AMD Ryzen 9 7950X 16-Core Processor (family: 0x19, model: 0x61, stepping: 0x2)
[    0.120628] Performance Events: Fam17h+ core perfctr, AMD PMU driver.
[    0.121470] ... version:                0
[    0.121515] ... bit width:              48
[    0.122034] ... generic registers:      6
[    0.122514] ... value mask:             0000ffffffffffff
[    0.123191] ... max period:             00007fffffffffff
[    0.123514] ... fixed-purpose events:   0
[    0.124022] ... event mask:             000000000000003f
[    0.124583] signal: max sigframe size: 3376
[    0.125129] rcu: Hierarchical SRCU implementation.
[    0.125515] rcu: Max phase no-delay instances is 400.
[    0.128467] smp: Bringing up secondary CPUs ...
[    0.128568] smpboot: x86: Booting SMP configuration:
[    0.129197] .... node  #0, CPUs:        #1  #2  #3  #4  #5  #6  #7  #8  #9 #10 #11 #12 #13 #14 #15 #16 #17 #18 #19 #20 #21 #22 #23 #24 #25 #26 #27 #28 #29 #30 #31
[    0.135863] Spectre V2 : Update user space SMT mitigation: STIBP always-on
[    0.150678] smp: Brought up 1 node, 32 CPUs
[    0.151518] smpboot: Total of 32 processors activated (287459.58 BogoMIPS)
[    0.153715] devtmpfs: initialized
[    0.154104] x86/mm: Memory block size: 128MB
[    0.155584] clocksource: jiffies: mask: 0xffffffff max_cycles: 0xffffffff, max_idle_ns: 1911260446275000 ns
[    0.156518] futex hash table entries: 8192 (order: 7, 524288 bytes, linear)
[    0.157722] PM: RTC time: 09:07:02, date: 2024-03-21
[    0.158968] NET: Registered PF_NETLINK/PF_ROUTE protocol family
[    0.159680] thermal_sys: Registered thermal governor 'step_wise'
[    0.159681] thermal_sys: Registered thermal governor 'user_space'
[    0.160530] cpuidle: using governor menu
[    0.162805] PCI: Using configuration type 1 for base access
[    0.163516] PCI: Using configuration type 1 for extended access
[    0.164571] kprobes: kprobe jump-optimization is enabled. All kprobes are optimized if possible.
[    0.165712] HugeTLB: registered 1.00 GiB page size, pre-allocated 0 pages
[    0.166515] HugeTLB: 16380 KiB vmemmap can be freed for a 1.00 GiB page
[    0.167515] HugeTLB: registered 2.00 MiB page size, pre-allocated 0 pages
[    0.168516] HugeTLB: 28 KiB vmemmap can be freed for a 2.00 MiB page
[    0.169564] ACPI: Added _OSI(Module Device)
[    0.170265] ACPI: Added _OSI(Processor Device)
[    0.170516] ACPI: Added _OSI(3.0 _SCP Extensions)
[    0.171297] ACPI: Added _OSI(Processor Aggregator Device)
[    0.172420] ACPI: 1 ACPI AML tables successfully acquired and loaded
[    0.175540] ACPI: _OSC evaluation for CPUs failed, trying _PDC
[    0.176690] ACPI: Interpreter enabled
[    0.177311] ACPI: PM: (supports S0 S3 S4 S5)
[    0.177516] ACPI: Using IOAPIC for interrupt routing
[    0.178353] PCI: Using host bridge windows from ACPI; if necessary, use "pci=nocrs" and report a bug
[    0.178515] PCI: Using E820 reservations for host bridge windows
[    0.179624] ACPI: Enabled 2 GPEs in block 00 to 0F
[    0.183656] ACPI: PCI Root Bridge [PCI0] (domain 0000 [bus 00-ff])
[    0.184518] acpi PNP0A03:00: _OSC: OS supports [ExtendedConfig ASPM ClockPM Segments MSI HPX-Type3]
[    0.185626] PCI host bridge to bus 0000:00
[    0.186310] pci_bus 0000:00: root bus resource [io  0x0000-0x0cf7 window]
[    0.186515] pci_bus 0000:00: root bus resource [io  0x0d00-0xffff window]
[    0.187515] pci_bus 0000:00: root bus resource [mem 0x000a0000-0x000bffff window]
[    0.188515] pci_bus 0000:00: root bus resource [mem 0x40000000-0xfebfffff window]
[    0.189515] pci_bus 0000:00: root bus resource [mem 0x100000000-0x17fffffff window]
[    0.190515] pci_bus 0000:00: root bus resource [bus 00-ff]
[    0.191534] pci 0000:00:00.0: [8086:1237] type 00 class 0x060000 conventional PCI endpoint
[    0.192831] pci 0000:00:01.0: [8086:7000] type 00 class 0x060100 conventional PCI endpoint
[    0.193909] pci 0000:00:01.1: [8086:7010] type 00 class 0x010180 conventional PCI endpoint
[    0.197895] pci 0000:00:01.1: BAR 4 [io  0xc0c0-0xc0cf]
[    0.199905] pci 0000:00:01.1: BAR 0 [io  0x01f0-0x01f7]: legacy IDE quirk
[    0.200516] pci 0000:00:01.1: BAR 1 [io  0x03f6]: legacy IDE quirk
[    0.201515] pci 0000:00:01.1: BAR 2 [io  0x0170-0x0177]: legacy IDE quirk
[    0.202515] pci 0000:00:01.1: BAR 3 [io  0x0376]: legacy IDE quirk
[    0.203634] pci 0000:00:01.3: [8086:7113] type 00 class 0x068000 conventional PCI endpoint
[    0.204817] pci 0000:00:01.3: quirk: [io  0x0600-0x063f] claimed by PIIX4 ACPI
[    0.205520] pci 0000:00:01.3: quirk: [io  0x0700-0x070f] claimed by PIIX4 SMB
[    0.206720] pci 0000:00:02.0: [1af4:1009] type 00 class 0x000200 conventional PCI endpoint
[    0.208516] pci 0000:00:02.0: BAR 0 [io  0xc000-0xc03f]
[    0.210516] pci 0000:00:02.0: BAR 1 [mem 0xfebfc000-0xfebfcfff]
[    0.216516] pci 0000:00:02.0: BAR 4 [mem 0xfebf0000-0xfebf3fff 64bit pref]
[    0.220651] pci 0000:00:03.0: [1af4:1009] type 00 class 0x000200 conventional PCI endpoint
[    0.222516] pci 0000:00:03.0: BAR 0 [io  0xc040-0xc07f]
[    0.224505] pci 0000:00:03.0: BAR 1 [mem 0xfebfd000-0xfebfdfff]
[    0.228516] pci 0000:00:03.0: BAR 4 [mem 0xfebf4000-0xfebf7fff 64bit pref]
[    0.231233] pci 0000:00:04.0: [8086:25ab] type 00 class 0x088000 conventional PCI endpoint
[    0.232277] pci 0000:00:04.0: BAR 0 [mem 0xfebfe000-0xfebfe00f]
[    0.237392] pci 0000:00:05.0: [1af4:1003] type 00 class 0x078000 conventional PCI endpoint
[    0.239516] pci 0000:00:05.0: BAR 0 [io  0xc080-0xc0bf]
[    0.241516] pci 0000:00:05.0: BAR 1 [mem 0xfebff000-0xfebfffff]
[    0.246516] pci 0000:00:05.0: BAR 4 [mem 0xfebf8000-0xfebfbfff 64bit pref]
[    0.250384] ACPI: PCI: Interrupt link LNKA configured for IRQ 10
[    0.250659] ACPI: PCI: Interrupt link LNKB configured for IRQ 10
[    0.251646] ACPI: PCI: Interrupt link LNKC configured for IRQ 11
[    0.252643] ACPI: PCI: Interrupt link LNKD configured for IRQ 11
[    0.253612] ACPI: PCI: Interrupt link LNKS configured for IRQ 9
[    0.255630] iommu: Default domain type: Translated
[    0.256429] iommu: DMA domain TLB invalidation policy: lazy mode
[    0.256580] SCSI subsystem initialized
[    0.257223] pps_core: LinuxPPS API ver. 1 registered
[    0.257516] pps_core: Software ver. 5.3.6 - Copyright 2005-2007 Rodolfo Giometti <giometti@linux.it>
[    0.258517] PTP clock support registered
[    0.259180] Advanced Linux Sound Architecture Driver Initialized.
[    0.259874] NET: Registered PF_ATMPVC protocol family
[    0.260515] NET: Registered PF_ATMSVC protocol family
[    0.261352] PCI: Using ACPI for IRQ routing
[    0.261618] vgaarb: loaded
[    0.261976] hpet0: at MMIO 0xfed00000, IRQs 2, 8, 0
[    0.262516] hpet0: 3 comparators, 64-bit 100.000000 MHz counter
[    0.267510] clocksource: Switched to clocksource kvm-clock
[    0.268106] VFS: Disk quotas dquot_6.6.0
[    0.269014] VFS: Dquot-cache hash table entries: 512 (order 0, 4096 bytes)
[    0.270210] pnp: PnP ACPI init
[    0.270970] pnp: PnP ACPI: found 5 devices
[    0.278550] clocksource: acpi_pm: mask: 0xffffff max_cycles: 0xffffff, max_idle_ns: 2085701024 ns
[    0.280090] NET: Registered PF_INET protocol family
[    0.281073] IP idents hash table entries: 16384 (order: 5, 131072 bytes, linear)
[    0.282542] tcp_listen_portaddr_hash hash table entries: 512 (order: 1, 8192 bytes, linear)
[    0.283946] Table-perturb hash table entries: 65536 (order: 6, 262144 bytes, linear)
[    0.285257] TCP established hash table entries: 8192 (order: 4, 65536 bytes, linear)
[    0.286558] TCP bind hash table entries: 8192 (order: 6, 262144 bytes, linear)
[    0.287778] TCP: Hash tables configured (established 8192 bind 8192)
[    0.288873] UDP hash table entries: 512 (order: 2, 16384 bytes, linear)
[    0.289984] UDP-Lite hash table entries: 512 (order: 2, 16384 bytes, linear)
[    0.291201] NET: Registered PF_UNIX/PF_LOCAL protocol family
[    0.292160] pci_bus 0000:00: resource 4 [io  0x0000-0x0cf7 window]
[    0.293199] pci_bus 0000:00: resource 5 [io  0x0d00-0xffff window]
[    0.294231] pci_bus 0000:00: resource 6 [mem 0x000a0000-0x000bffff window]
[    0.295379] pci_bus 0000:00: resource 7 [mem 0x40000000-0xfebfffff window]
[    0.296526] pci_bus 0000:00: resource 8 [mem 0x100000000-0x17fffffff window]
[    0.297738] pci 0000:00:01.0: PIIX3: Enabling Passive Release
[    0.298702] pci 0000:00:00.0: Limiting direct PCI/PCI transfers
[    0.299735] PCI: CLS 0 bytes, default 64
[    0.300449] kvm_intel: VMX not supported by CPU 14
[    0.301267] kvm_amd: TSC scaling supported
[    0.301955] kvm_amd: Nested Virtualization enabled
[    0.302755] kvm_amd: Nested Paging enabled
[    0.303451] kvm_amd: Virtual VMLOAD VMSAVE supported
[    0.304273] kvm_amd: Virtual GIF supported
[    0.304959] kvm_amd: Virtual NMI enabled
[    0.305612] kvm_amd: LBR virtualization supported
[    0.399116] workingset: timestamp_bits=56 max_order=18 bucket_order=0
[    0.400300] squashfs: version 4.0 (2009/01/31) Phillip Lougher
[    0.401331] fuse: init (API version 7.39)
[    0.402085] 9p: Installing v9fs 9p2000 file system support
[    0.403077] Key type asymmetric registered
[    0.403804] Block layer SCSI generic (bsg) driver version 0.4 loaded (major 249)
[    0.405107] io scheduler mq-deadline registered
[    0.405893] io scheduler kyber registered
[    0.407720] input: Power Button as /devices/LNXSYSTM:00/LNXPWRBN:00/input/input0
[    0.409118] ACPI: button: Power Button [PWRF]
[    0.409908] Warning: Processor Platform Limit event detected, but not handled.
[    0.411155] Consider compiling CPUfreq support into your kernel.
[    0.433522] ACPI: \_SB_.LNKB: Enabled at IRQ 10
[    0.455246] ACPI: \_SB_.LNKC: Enabled at IRQ 11
[    0.474512] ACPI: \_SB_.LNKA: Enabled at IRQ 10
[    0.475855] Serial: 8250/16550 driver, 4 ports, IRQ sharing enabled
[    0.476831] 00:03: ttyS0 at I/O 0x3f8 (irq = 4, base_baud = 115200) is a 16550A
[    0.527157] Non-volatile memory driver v1.3
[    0.527755] Linux agpgart interface v0.103
[    0.527825] ACPI: bus type drm_connector registered
[    0.529148] printk: legacy console [hvc0] enabled
[    0.529947] printk: legacy bootconsole [earlyser0] disabled
          _      _                                    
   __   _(_)_ __| |_ _ __ ___   ___       _ __   __ _ 
   \ \ / / |  __| __|  _   _ \ / _ \_____|  _ \ / _  |
    \ V /| | |  | |_| | | | | |  __/_____| | | | (_| |
     \_/ |_|_|   \__|_| |_| |_|\___|     |_| |_|\__  |
                                                |___/ 
   kernel version: 6.8.0-virtme x86_64
   (CTRL+d to exit)

virtme-ng:/nipa-data/kernel# PS1='xx__-> '
xx__-> env
PWD=/nipa-data/kernel
nr_open=1048576
HOME=/
TERM=xterm
SHLVL=2
XDG_RUNTIME_DIR=/run/user/0
PATH=/bin:/sbin:/usr/bin:/usr/sbin:/usr/local/bin
OLDPWD=/
_=/usr/bin/env
xx__-> 