No EFI environment detected.
early console in extract_kernel
input_data: 0x0000000004ab22c4
input_len: 0x0000000001923b49
output: 0x0000000001000000
output_len: 0x0000000005361724
kernel_total_size: 0x0000000005030000
needed_size: 0x0000000005400000
trampoline_32bit: 0x0000000000000000
Physical KASLR using RDRAND RDTSC...
Virtual KASLR using RDRAND RDTSC...

Decompressing Linux... Parsing ELF... Performing relocations... done.
Booting the kernel (entry_offset: 0x0000000002b47790).
[    0.000000] Linux version 6.14.0-rc6-virtme (root@68a375702ea9) (gcc (Ubuntu 13.3.0-6ubuntu2~24.04) 13.3.0, GNU ld (GNU Binutils for Ubuntu) 2.42) #1 SMP PREEMPT_DYNAMIC Sat Mar 15 12:27:10 UTC 2025
[    0.000000] Command line: virtme_hostname=virtme-ng nr_open=1048576 virtme_link_mods=/nipa-data/kernel/.virtme_mods/lib/modules/0.0.0 virtme_initmount0=nipa-data/kernel virtme_rw_overlay0=/etc virtme_rw_overlay1=/lib virtme_rw_overlay2=/home virtme_rw_overlay3=/opt virtme_rw_overlay4=/srv virtme_rw_overlay5=/usr virtme_rw_overlay6=/var console=hvc0 earlyprintk=serial,ttyS0,115200 virtme_console=ttyS0 psmouse.proto=exps TERM=xterm virtme_chdir=nipa-data/kernel virtme_root_user=1 rootfstype=9p rootflags=version=9p2000.L,trans=virtio,access=any raid=noautodetect ro init=/usr/lib/python3/dist-packages/virtme/guest/virtme-init
[    0.000000] BIOS-provided physical RAM map:
[    0.000000] BIOS-e820: [mem 0x0000000000000000-0x000000000009fbff] usable
[    0.000000] BIOS-e820: [mem 0x000000000009fc00-0x000000000009ffff] reserved
[    0.000000] BIOS-e820: [mem 0x00000000000f0000-0x00000000000fffff] reserved
[    0.000000] BIOS-e820: [mem 0x0000000000100000-0x000000003ffdffff] usable
[    0.000000] BIOS-e820: [mem 0x000000003ffe0000-0x000000003fffffff] reserved
[    0.000000] BIOS-e820: [mem 0x00000000feffc000-0x00000000feffffff] reserved
[    0.000000] BIOS-e820: [mem 0x00000000fffc0000-0x00000000ffffffff] reserved
[    0.000000] BIOS-e820: [mem 0x000000fd00000000-0x000000ffffffffff] reserved
[    0.000000] printk: legacy bootconsole [earlyser0] enabled
[    0.000000] NX (Execute Disable) protection: active
[    0.000000] APIC: Static calls initialized
[    0.000000] SMBIOS 3.0.0 present.
[    0.000000] DMI: QEMU Ubuntu 24.04 PC (i440FX + PIIX, 1996), BIOS 1.16.3-debian-1.16.3-2 04/01/2014
[    0.000000] DMI: Memory slots populated: 1/1
[    0.000000] Hypervisor detected: KVM
[    0.000000] kvm-clock: Using msrs 4b564d01 and 4b564d00
[    0.000000] kvm-clock: using sched offset of 298358257 cycles
[    0.000364] clocksource: kvm-clock: mask: 0xffffffffffffffff max_cycles: 0x1cd42e4dffb, max_idle_ns: 881590591483 ns
[    0.001506] tsc: Detected 4491.560 MHz processor
[    0.002160] last_pfn = 0x3ffe0 max_arch_pfn = 0x400000000
[    0.002557] MTRR map: 4 entries (3 fixed + 1 variable; max 19), built from 8 variable MTRRs
[    0.003138] x86/PAT: Configuration [0-7]: WB  WC  UC- UC  WB  WP  UC- WT  
[    0.005029] found SMP MP-table at [mem 0x000f5470-0x000f547f]
[    0.005438] Using GB pages for direct mapping
[    0.005926] ACPI: Early table checksum verification disabled
[    0.006316] ACPI: RSDP 0x00000000000F5290 000014 (v00 BOCHS )
[    0.006714] ACPI: RSDT 0x000000003FFE27BC 000034 (v01 BOCHS  BXPC     00000001 BXPC 00000001)
[    0.007310] ACPI: FACP 0x000000003FFE2578 000074 (v01 BOCHS  BXPC     00000001 BXPC 00000001)
[    0.007903] ACPI: DSDT 0x000000003FFE0040 002538 (v01 BOCHS  BXPC     00000001 BXPC 00000001)
[    0.008499] ACPI: FACS 0x000000003FFE0000 000040
[    0.008820] ACPI: APIC 0x000000003FFE25EC 000170 (v03 BOCHS  BXPC     00000001 BXPC 00000001)
[    0.009414] ACPI: HPET 0x000000003FFE275C 000038 (v01 BOCHS  BXPC     00000001 BXPC 00000001)
[    0.010004] ACPI: WAET 0x000000003FFE2794 000028 (v01 BOCHS  BXPC     00000001 BXPC 00000001)
[    0.010596] ACPI: Reserving FACP table memory at [mem 0x3ffe2578-0x3ffe25eb]
[    0.011082] ACPI: Reserving DSDT table memory at [mem 0x3ffe0040-0x3ffe2577]
[    0.011568] ACPI: Reserving FACS table memory at [mem 0x3ffe0000-0x3ffe003f]
[    0.012054] ACPI: Reserving APIC table memory at [mem 0x3ffe25ec-0x3ffe275b]
[    0.012539] ACPI: Reserving HPET table memory at [mem 0x3ffe275c-0x3ffe2793]
[    0.013026] ACPI: Reserving WAET table memory at [mem 0x3ffe2794-0x3ffe27bb]
[    0.013699] No NUMA configuration found
[    0.013964] Faking a node at [mem 0x0000000000000000-0x000000003ffdffff]
[    0.014428] NODE_DATA(0) allocated [mem 0x3ffdb780-0x3ffdffff]
[    0.014847] Zone ranges:
[    0.015022]   DMA      [mem 0x0000000000001000-0x0000000000ffffff]
[    0.015449]   DMA32    [mem 0x0000000001000000-0x000000003ffdffff]
[    0.015876]   Normal   empty
[    0.016075]   Device   empty
[    0.016274] Movable zone start for each node
[    0.016569] Early memory node ranges
[    0.016815]   node   0: [mem 0x0000000000001000-0x000000000009efff]
[    0.017263]   node   0: [mem 0x0000000000100000-0x000000003ffdffff]
[    0.017696] Initmem setup node 0 [mem 0x0000000000001000-0x000000003ffdffff]
[    0.018186] On node 0, zone DMA: 1 pages in unavailable ranges
[    0.018641] On node 0, zone DMA: 97 pages in unavailable ranges
[    0.023055] On node 0, zone DMA32: 32 pages in unavailable ranges
[    0.032032] kasan: KernelAddressSanitizer initialized
[    0.032604] ACPI: PM-Timer IO Port: 0x608
[    0.032892] ACPI: LAPIC_NMI (acpi_id[0xff] dfl dfl lint[0x1])
[    0.033337] IOAPIC[0]: apic_id 0, version 17, address 0xfec00000, GSI 0-23
[    0.033812] ACPI: INT_SRC_OVR (bus 0 bus_irq 0 global_irq 2 dfl dfl)
[    0.034252] ACPI: INT_SRC_OVR (bus 0 bus_irq 5 global_irq 5 high level)
[    0.034708] ACPI: INT_SRC_OVR (bus 0 bus_irq 9 global_irq 9 high level)
[    0.035165] ACPI: INT_SRC_OVR (bus 0 bus_irq 10 global_irq 10 high level)
[    0.035633] ACPI: INT_SRC_OVR (bus 0 bus_irq 11 global_irq 11 high level)
[    0.036103] ACPI: Using ACPI (MADT) for SMP configuration information
[    0.036547] ACPI: HPET id: 0x8086a201 base: 0xfed00000
[    0.036904] TSC deadline timer available
[    0.037177] CPU topo: Max. logical packages:   1
[    0.037498] CPU topo: Max. logical dies:       1
[    0.037816] CPU topo: Max. dies per package:   1
[    0.038144] CPU topo: Max. threads per core:   1
[    0.038463] CPU topo: Num. cores per package:    32
[    0.038803] CPU topo: Num. threads per package:  32
[    0.039139] CPU topo: Allowing 32 present CPUs plus 0 hotplug CPUs
[    0.039582] kvm-guest: APIC: eoi() replaced with kvm_guest_apic_eoi_write()
[    0.040073] kvm-guest: KVM setup pv remote TLB flush
[    0.040417] kvm-guest: setup PV sched yield
[    0.040711] PM: hibernation: Registered nosave memory: [mem 0x00000000-0x00000fff]
[    0.041238] PM: hibernation: Registered nosave memory: [mem 0x0009f000-0x0009ffff]
[    0.041759] PM: hibernation: Registered nosave memory: [mem 0x000a0000-0x000effff]
[    0.042281] PM: hibernation: Registered nosave memory: [mem 0x000f0000-0x000fffff]
[    0.042804] [mem 0x40000000-0xfeffbfff] available for PCI devices
[    0.043225] Booting paravirtualized kernel on KVM
[    0.043550] clocksource: refined-jiffies: mask: 0xffffffff max_cycles: 0xffffffff, max_idle_ns: 1910969940391419 ns
[    0.052028] setup_percpu: NR_CPUS:64 nr_cpumask_bits:32 nr_cpu_ids:32 nr_node_ids:1
[    0.053779] percpu: Embedded 70 pages/cpu s247960 r8192 d30568 u524288
[    0.054300] Kernel command line: virtme_hostname=virtme-ng nr_open=1048576 virtme_link_mods=/nipa-data/kernel/.virtme_mods/lib/modules/0.0.0 virtme_initmount0=nipa-data/kernel virtme_rw_overlay0=/etc virtme_rw_overlay1=/lib virtme_rw_overlay2=/home virtme_rw_overlay3=/opt virtme_rw_overlay4=/srv virtme_rw_overlay5=/usr virtme_rw_overlay6=/var console=hvc0 earlyprintk=serial,ttyS0,115200 virtme_console=ttyS0 psmouse.proto=exps TERM=xterm virtme_chdir=nipa-data/kernel virtme_root_user=1 rootfstype=9p rootflags=version=9p2000.L,trans=virtio,access=any raid=noautodetect ro init=/usr/lib/python3/dist-packages/virtme/guest/virtme-init
[    0.058395] Unknown kernel command line parameters "virtme_hostname=virtme-ng nr_open=1048576 virtme_link_mods=/nipa-data/kernel/.virtme_mods/lib/modules/0.0.0 virtme_initmount0=nipa-data/kernel virtme_rw_overlay0=/etc virtme_rw_overlay1=/lib virtme_rw_overlay2=/home virtme_rw_overlay3=/opt virtme_rw_overlay4=/srv virtme_rw_overlay5=/usr virtme_rw_overlay6=/var virtme_console=ttyS0 virtme_chdir=nipa-data/kernel virtme_root_user=1", will be passed to user space.
[    0.061493] random: crng init done
[    0.061735] printk: log buffer data + meta data: 262144 + 917504 = 1179648 bytes
[    0.062280] Dentry cache hash table entries: 131072 (order: 8, 1048576 bytes, linear)
[    0.062846] Inode-cache hash table entries: 65536 (order: 7, 524288 bytes, linear)
[    0.063769] Fallback order for Node 0: 0 
[    0.063773] Built 1 zonelists, mobility grouping on.  Total pages: 262014
[    0.064539] Policy zone: DMA32
[    0.064755] mem auto-init: stack:all(zero), heap alloc:off, heap free:off
[    0.065251] stackdepot: allocating hash table via alloc_large_system_hash
[    0.065734] stackdepot hash table entries: 1048576 (order: 12, 16777216 bytes, linear)
[    0.073663] SLUB: HWalign=64, Order=0-3, MinObjects=0, CPUs=32, Nodes=1
Poking KASLR using RDRAND RDTSC...
[    0.074441] ftrace: allocating 49132 entries in 192 pages
[    0.091696] ftrace: allocated 192 pages with 2 groups
[    0.092873] Dynamic Preempt: voluntary
[    0.093575] rcu: Preemptible hierarchical RCU implementation.
[    0.093980] rcu: RCU event tracing is enabled.
[    0.094298] rcu: RCU restricting CPUs from NR_CPUS=64 to nr_cpu_ids=32.
[    0.094776] Trampoline variant of Tasks RCU enabled.
[    0.095135] Rude variant of Tasks RCU enabled.
[    0.095460] Tracing variant of Tasks RCU enabled.
[    0.095798] rcu: RCU calculated value of scheduler-enlistment delay is 100 jiffies.
[    0.096338] rcu: Adjusting geometry for rcu_fanout_leaf=16, nr_cpu_ids=32
[    0.096880] RCU Tasks: Setting shift to 5 and lim to 1 rcu_task_cb_adjust=1 rcu_task_cpu_ids=32.
[    0.097513] RCU Tasks Rude: Setting shift to 5 and lim to 1 rcu_task_cb_adjust=1 rcu_task_cpu_ids=32.
[    0.098166] RCU Tasks Trace: Setting shift to 5 and lim to 1 rcu_task_cb_adjust=1 rcu_task_cpu_ids=32.
[    0.107595] NR_IRQS: 4352, nr_irqs: 680, preallocated irqs: 16
[    0.108256] rcu: srcu_init: Setting srcu_struct sizes based on contention.
[    0.108951] Console: colour *CGA 80x25
[    0.109249] ACPI: Core revision 20240827
[    0.109674] clocksource: hpet: mask: 0xffffffff max_cycles: 0xffffffff, max_idle_ns: 19112604467 ns
[    0.110383] APIC: Switch to symmetric I/O mode setup
[    0.110760] kvm-guest: APIC: send_IPI_mask() replaced with kvm_send_ipi_mask()
[    0.111273] kvm-guest: APIC: send_IPI_mask_allbutself() replaced with kvm_send_ipi_mask_allbutself()
[    0.111905] kvm-guest: setup PV IPIs
[    0.112993] ..TIMER: vector=0x30 apic1=0 pin1=2 apic2=-1 pin2=-1
[    0.113779] clocksource: tsc-early: mask: 0xffffffffffffffff max_cycles: 0x40be4320a4d, max_idle_ns: 440795288133 ns
[    0.115099] Calibrating delay loop (skipped) preset value.. 8983.12 BogoMIPS (lpj=4491560)
[    0.116163] x86/cpu: User Mode Instruction Prevention (UMIP) activated
[    0.117153] Last level iTLB entries: 4KB 512, 2MB 255, 4MB 127
[    0.118097] Last level dTLB entries: 4KB 512, 2MB 255, 4MB 127, 1GB 0
[    0.119102] Spectre V1 : Mitigation: usercopy/swapgs barriers and __user pointer sanitization
[    0.120101] Spectre V2 : Mitigation: Enhanced / Automatic IBRS
[    0.121097] Spectre V2 : Spectre v2 / SpectreRSB mitigation: Filling RSB on context switch
[    0.122099] Spectre V2 : mitigation: Enabling conditional Indirect Branch Prediction Barrier
[    0.123099] Speculative Store Bypass: Mitigation: Speculative Store Bypass disabled via prctl
[    0.124098] Speculative Return Stack Overflow: IBPB-extending microcode not applied!
[    0.125097] Speculative Return Stack Overflow: WARNING: See https://kernel.org/doc/html/latest/admin-guide/hw-vuln/srso.html for mitigation options.
[    0.125098] Speculative Return Stack Overflow: Vulnerable: Safe RET, no microcode
[    0.127112] x86/fpu: Supporting XSAVE feature 0x001: 'x87 floating point registers'
[    0.128097] x86/fpu: Supporting XSAVE feature 0x002: 'SSE registers'
[    0.129097] x86/fpu: Supporting XSAVE feature 0x004: 'AVX registers'
[    0.130097] x86/fpu: Supporting XSAVE feature 0x020: 'AVX-512 opmask'
[    0.131097] x86/fpu: Supporting XSAVE feature 0x040: 'AVX-512 Hi256'
[    0.131859] x86/fpu: Supporting XSAVE feature 0x080: 'AVX-512 ZMM_Hi256'
[    0.132097] x86/fpu: Supporting XSAVE feature 0x200: 'Protection Keys User registers'
[    0.133098] x86/fpu: xstate_offset[2]:  576, xstate_sizes[2]:  256
[    0.134097] x86/fpu: xstate_offset[5]:  832, xstate_sizes[5]:   64
[    0.135097] x86/fpu: xstate_offset[6]:  896, xstate_sizes[6]:  512
[    0.135839] x86/fpu: xstate_offset[7]: 1408, xstate_sizes[7]: 1024
[    0.136097] x86/fpu: xstate_offset[9]: 2432, xstate_sizes[9]:    8
[    0.137097] x86/fpu: Enabled xstate features 0x2e7, context size is 2440 bytes, using 'compacted' format.
[    0.158866] Freeing SMP alternatives memory: 40K
[    0.159099] pid_max: default: 32768 minimum: 301
[    0.160117] Mount-cache hash table entries: 2048 (order: 2, 16384 bytes, linear)
[    0.161009] Mountpoint-cache hash table entries: 2048 (order: 2, 16384 bytes, linear)
[    0.162582] smpboot: CPU0: AMD Ryzen 9 7950X 16-Core Processor (family: 0x19, model: 0x61, stepping: 0x2)
[    0.163572] Performance Events: Fam17h+ core perfctr, AMD PMU driver.
[    0.164102] ... version:                0
[    0.164584] ... bit width:              48
[    0.165080] ... generic registers:      6
[    0.165099] ... value mask:             0000ffffffffffff
[    0.165737] ... max period:             00007fffffffffff
[    0.166099] ... fixed-purpose events:   0
[    0.166581] ... event mask:             000000000000003f
[    0.167207] signal: max sigframe size: 3376
[    0.167753] rcu: Hierarchical SRCU implementation.
[    0.168100] rcu: Max phase no-delay instances is 400.
[    0.168790] Timer migration: 2 hierarchy levels; 8 children per group; 2 crossnode level
[    0.172731] smp: Bringing up secondary CPUs ...
[    0.173277] smpboot: x86: Booting SMP configuration:
[    0.173875] .... node  #0, CPUs:        #1  #2  #3  #4  #5  #6  #7  #8  #9 #10 #11 #12 #13 #14 #15 #16 #17 #18 #19 #20 #21 #22 #23 #24 #25 #26 #27 #28 #29 #30 #31
[    0.201206] smp: Brought up 1 node, 32 CPUs
[    0.202609] smpboot: Total of 32 processors activated (287459.84 BogoMIPS)
[    0.207123] Memory: 762924K/1048056K available (44319K kernel code, 11505K rwdata, 10172K rodata, 6120K init, 1504K bss, 268992K reserved, 0K cma-reserved)
[    0.208215] devtmpfs: initialized
[    0.208736] x86/mm: Memory block size: 128MB
[    0.215179] clocksource: jiffies: mask: 0xffffffff max_cycles: 0xffffffff, max_idle_ns: 1911260446275000 ns
[    0.216104] futex hash table entries: 8192 (order: 7, 524288 bytes, linear)
[    0.217302] PM: RTC time: 12:27:36, date: 2025-03-15
[    0.218662] NET: Registered PF_NETLINK/PF_ROUTE protocol family
[    0.219986] thermal_sys: Registered thermal governor 'step_wise'
[    0.220014] cpuidle: using governor menu
[    0.221719] PCI: Using configuration type 1 for base access
[    0.222100] PCI: Using configuration type 1 for extended access
[    0.222951] kprobes: kprobe jump-optimization is enabled. All kprobes are optimized if possible.
[    0.236444] HugeTLB: registered 1.00 GiB page size, pre-allocated 0 pages
[    0.237100] HugeTLB: 16380 KiB vmemmap can be freed for a 1.00 GiB page
[    0.238100] HugeTLB: registered 2.00 MiB page size, pre-allocated 0 pages
[    0.239100] HugeTLB: 28 KiB vmemmap can be freed for a 2.00 MiB page
[    0.240437] ACPI: Added _OSI(Module Device)
[    0.241100] ACPI: Added _OSI(Processor Device)
[    0.241655] ACPI: Added _OSI(3.0 _SCP Extensions)
[    0.242100] ACPI: Added _OSI(Processor Aggregator Device)
[    0.264827] ACPI: 1 ACPI AML tables successfully acquired and loaded
[    0.269862] ACPI: Interpreter enabled
[    0.270156] ACPI: PM: (supports S0 S3 S4 S5)
[    0.270685] ACPI: Using IOAPIC for interrupt routing
[    0.271145] PCI: Using host bridge windows from ACPI; if necessary, use "pci=nocrs" and report a bug
[    0.273099] PCI: Using E820 reservations for host bridge windows
[    0.274831] ACPI: Enabled 2 GPEs in block 00 to 0F
[    0.319351] ACPI: PCI Root Bridge [PCI0] (domain 0000 [bus 00-ff])
[    0.320112] acpi PNP0A03:00: _OSC: OS supports [ExtendedConfig ASPM ClockPM Segments MSI HPX-Type3]
[    0.321569] PCI host bridge to bus 0000:00
[    0.322123] pci_bus 0000:00: root bus resource [io  0x0000-0x0cf7 window]
[    0.322958] pci_bus 0000:00: root bus resource [io  0x0d00-0xffff window]
[    0.324102] pci_bus 0000:00: root bus resource [mem 0x000a0000-0x000bffff window]
[    0.325025] pci_bus 0000:00: root bus resource [mem 0x40000000-0xfebfffff window]
[    0.326102] pci_bus 0000:00: root bus resource [mem 0x100000000-0x17fffffff window]
[    0.327042] pci_bus 0000:00: root bus resource [bus 00-ff]
[    0.327201] pci 0000:00:00.0: [8086:1237] type 00 class 0x060000 conventional PCI endpoint
[    0.328938] pci 0000:00:01.0: [8086:7000] type 00 class 0x060100 conventional PCI endpoint
[    0.330922] pci 0000:00:01.1: [8086:7010] type 00 class 0x010180 conventional PCI endpoint
[    0.332563] pci 0000:00:01.1: BAR 4 [io  0xc0c0-0xc0cf]
[    0.333118] pci 0000:00:01.1: BAR 0 [io  0x01f0-0x01f7]: legacy IDE quirk
[    0.333946] pci 0000:00:01.1: BAR 1 [io  0x03f6]: legacy IDE quirk
[    0.335099] pci 0000:00:01.1: BAR 2 [io  0x0170-0x0177]: legacy IDE quirk
[    0.335925] pci 0000:00:01.1: BAR 3 [io  0x0376]: legacy IDE quirk
[    0.336741] pci 0000:00:01.3: [8086:7113] type 00 class 0x068000 conventional PCI endpoint
[    0.338313] pci 0000:00:01.3: quirk: [io  0x0600-0x063f] claimed by PIIX4 ACPI
[    0.339103] pci 0000:00:01.3: quirk: [io  0x0700-0x070f] claimed by PIIX4 SMB
[    0.340674] pci 0000:00:02.0: [1af4:1009] type 00 class 0x000200 conventional PCI endpoint
[    0.343104] pci 0000:00:02.0: BAR 0 [io  0xc000-0xc03f]
[    0.343751] pci 0000:00:02.0: BAR 1 [mem 0xfebfc000-0xfebfcfff]
[    0.344114] pci 0000:00:02.0: BAR 4 [mem 0xfebf0000-0xfebf3fff 64bit pref]
[    0.355750] pci 0000:00:03.0: [1af4:1009] type 00 class 0x000200 conventional PCI endpoint
[    0.358104] pci 0000:00:03.0: BAR 0 [io  0xc040-0xc07f]
[    0.358754] pci 0000:00:03.0: BAR 1 [mem 0xfebfd000-0xfebfdfff]
[    0.359114] pci 0000:00:03.0: BAR 4 [mem 0xfebf4000-0xfebf7fff 64bit pref]
[    0.370653] pci 0000:00:04.0: [8086:25ab] type 00 class 0x088000 conventional PCI endpoint
[    0.372378] pci 0000:00:04.0: BAR 0 [mem 0xfebfe000-0xfebfe00f]
[    0.383740] pci 0000:00:05.0: [1af4:1003] type 00 class 0x078000 conventional PCI endpoint
[    0.385618] pci 0000:00:05.0: BAR 0 [io  0xc080-0xc0bf]
[    0.386104] pci 0000:00:05.0: BAR 1 [mem 0xfebff000-0xfebfffff]
[    0.386840] pci 0000:00:05.0: BAR 4 [mem 0xfebf8000-0xfebfbfff 64bit pref]
[    0.400032] ACPI: PCI: Interrupt link LNKA configured for IRQ 10
[    0.401989] ACPI: PCI: Interrupt link LNKB configured for IRQ 10
[    0.403970] ACPI: PCI: Interrupt link LNKC configured for IRQ 11
[    0.404967] ACPI: PCI: Interrupt link LNKD configured for IRQ 11
[    0.406460] ACPI: PCI: Interrupt link LNKS configured for IRQ 9
[    0.424434] iommu: Default domain type: Translated
[    0.425033] iommu: DMA domain TLB invalidation policy: lazy mode
[    0.426536] SCSI subsystem initialized
[    0.427300] pps_core: LinuxPPS API ver. 1 registered
[    0.427910] pps_core: Software ver. 5.3.6 - Copyright 2005-2007 Rodolfo Giometti <giometti@linux.it>
[    0.428113] PTP clock support registered
[    0.429237] Advanced Linux Sound Architecture Driver Initialized.
[    0.431149] NET: Registered PF_ATMPVC protocol family
[    0.431777] NET: Registered PF_ATMSVC protocol family
[    0.432134] PCI: Using ACPI for IRQ routing
[    0.433143] vgaarb: loaded
[    0.434211] hpet0: at MMIO 0xfed00000, IRQs 2, 8, 0
[    0.434814] hpet0: 3 comparators, 64-bit 100.000000 MHz counter
[    0.439311] clocksource: Switched to clocksource kvm-clock
[    0.440287] VFS: Disk quotas dquot_6.6.0
[    0.440790] VFS: Dquot-cache hash table entries: 512 (order 0, 4096 bytes)
[    0.442372] pnp: PnP ACPI init
[    0.444970] pnp: PnP ACPI: found 5 devices
[    0.456731] clocksource: acpi_pm: mask: 0xffffff max_cycles: 0xffffff, max_idle_ns: 2085701024 ns
[    0.457872] NET: Registered PF_INET protocol family
[    0.458508] IP idents hash table entries: 16384 (order: 5, 131072 bytes, linear)
[    0.459789] tcp_listen_portaddr_hash hash table entries: 512 (order: 1, 8192 bytes, linear)
[    0.460825] Table-perturb hash table entries: 65536 (order: 6, 262144 bytes, linear)
[    0.461794] TCP established hash table entries: 8192 (order: 4, 65536 bytes, linear)
[    0.462832] TCP bind hash table entries: 8192 (order: 6, 262144 bytes, linear)
[    0.463724] TCP: Hash tables configured (established 8192 bind 8192)
[    0.464648] UDP hash table entries: 512 (order: 3, 32768 bytes, linear)
[    0.465486] UDP-Lite hash table entries: 512 (order: 3, 32768 bytes, linear)
[    0.466550] NET: Registered PF_UNIX/PF_LOCAL protocol family
[    0.467252] pci_bus 0000:00: resource 4 [io  0x0000-0x0cf7 window]
[    0.468012] pci_bus 0000:00: resource 5 [io  0x0d00-0xffff window]
[    0.468763] pci_bus 0000:00: resource 6 [mem 0x000a0000-0x000bffff window]
[    0.469598] pci_bus 0000:00: resource 7 [mem 0x40000000-0xfebfffff window]
[    0.470434] pci_bus 0000:00: resource 8 [mem 0x100000000-0x17fffffff window]
[    0.471473] pci 0000:00:01.0: PIIX3: Enabling Passive Release
[    0.472179] pci 0000:00:00.0: Limiting direct PCI/PCI transfers
[    0.472937] PCI: CLS 0 bytes, default 64
[    0.473490] kvm_intel: VMX not supported by CPU 29
[    0.474092] kvm_amd: TSC scaling supported
[    0.474595] kvm_amd: Nested Virtualization enabled
[    0.475174] kvm_amd: Nested Paging enabled
[    0.475675] kvm_amd: LBR virtualization supported
[    0.476406] kvm_amd: Virtual GIF supported
[    0.476905] kvm_amd: Virtual NMI enabled
[    0.512123] clocksource: tsc: mask: 0xffffffffffffffff max_cycles: 0x40be4320a4d, max_idle_ns: 440795288133 ns
[    0.531511] Initialise system trusted keyrings
[    0.532218] workingset: timestamp_bits=56 max_order=18 bucket_order=0
[    0.533120] squashfs: version 4.0 (2009/01/31) Phillip Lougher
[    0.533854] fuse: init (API version 7.42)
[    0.534487] 9p: Installing v9fs 9p2000 file system support
[    0.544039] Key type asymmetric registered
[    0.544554] Asymmetric key parser 'x509' registered
[    0.545209] Block layer SCSI generic (bsg) driver version 0.4 loaded (major 249)
[    0.546153] io scheduler mq-deadline registered
[    0.546714] io scheduler kyber registered
[    0.549390] input: Power Button as /devices/LNXSYSTM:00/LNXPWRBN:00/input/input0
[    0.550509] ACPI: button: Power Button [PWRF]
[    0.552361] Warning: Processor Platform Limit event detected, but not handled.
[    0.553278] Consider compiling CPUfreq support into your kernel.
[    1.341939] ACPI: \_SB_.LNKB: Enabled at IRQ 10
[    2.123329] ACPI: \_SB_.LNKC: Enabled at IRQ 11
[    2.905087] ACPI: \_SB_.LNKA: Enabled at IRQ 10
[    2.906432] Serial: 8250/16550 driver, 4 ports, IRQ sharing enabled
[    2.907510] 00:03: ttyS0 at I/O 0x3f8 (irq = 4, base_baud = 115200) is a 16550A
[    2.929981] Non-volatile memory driver v1.3
[    2.930526] Linux agpgart interface v0.103
[    2.931213] ACPI: bus type drm_connector registered
[    2.931860] printk: legacy console [hvc0] enabled
[    2.932473] printk: legacy bootconsole [earlyser0] disabled
          _      _                                    
   __   _(_)_ __| |_ _ __ ___   ___       _ __   __ _ 
   \ \ / / |  __| __|  _   _ \ / _ \_____|  _ \ / _  |
    \ V /| | |  | |_| | | | | |  __/_____| | | | (_| |
     \_/ |_|_|   \__|_| |_| |_|\___|     |_| |_|\__  |
                                                |___/ 
   kernel version: 6.14.0-rc6-virtme x86_64
   (CTRL+d to exit)

root@virtme-ng:/nipa-data/kernel# PS1='xx__-> '
xx__-> env
PWD=/nipa-data/kernel
nr_open=1048576
HOME=/
TERM=xterm
SHLVL=2
XDG_RUNTIME_DIR=/run/user/0
PATH=/bin:/sbin:/usr/bin:/usr/sbin:/usr/local/bin
OLDPWD=/
_=/bin/env
xx__-> 