No EFI environment detected.
early console in extract_kernel
input_data: 0x0000000004ab32c4
input_len: 0x000000000191b314
output: 0x0000000001000000
output_len: 0x000000000535aabc
kernel_total_size: 0x0000000005030000
needed_size: 0x0000000005400000
trampoline_32bit: 0x0000000000000000
Physical KASLR using RDRAND RDTSC...
Virtual KASLR using RDRAND RDTSC...

Decompressing Linux... Parsing ELF... Performing relocations... done.
Booting the kernel (entry_offset: 0x0000000002b37780).
[    0.000000] Linux version 6.14.0-rc2-virtme (root@340a098b5758) (gcc (Ubuntu 13.3.0-6ubuntu2~24.04) 13.3.0, GNU ld (GNU Binutils for Ubuntu) 2.42) #1 SMP PREEMPT_DYNAMIC Fri Feb 14 09:27:17 UTC 2025
[    0.000000] Command line: virtme_hostname=virtme-ng nr_open=1048576 virtme_link_mods=/nipa-data/kernel/.virtme_mods/lib/modules/0.0.0 virtme_initmount0=nipa-data/kernel virtme_rw_overlay0=/etc virtme_rw_overlay1=/lib virtme_rw_overlay2=/home virtme_rw_overlay3=/opt virtme_rw_overlay4=/srv virtme_rw_overlay5=/usr virtme_rw_overlay6=/var console=hvc0 earlyprintk=serial,ttyS0,115200 virtme_console=ttyS0 psmouse.proto=exps TERM=xterm virtme_chdir=nipa-data/kernel virtme_root_user=1 rootfstype=9p rootflags=version=9p2000.L,trans=virtio,access=any raid=noautodetect ro init=/usr/lib/python3/dist-packages/virtme/guest/virtme-init
[    0.000000] BIOS-provided physical RAM map:
[    0.000000] BIOS-e820: [mem 0x0000000000000000-0x000000000009fbff] usable
[    0.000000] BIOS-e820: [mem 0x000000000009fc00-0x000000000009ffff] reserved
[    0.000000] BIOS-e820: [mem 0x00000000000f0000-0x00000000000fffff] reserved
[    0.000000] BIOS-e820: [mem 0x0000000000100000-0x000000003ffdffff] usable
[    0.000000] BIOS-e820: [mem 0x000000003ffe0000-0x000000003fffffff] reserved
[    0.000000] BIOS-e820: [mem 0x00000000feffc000-0x00000000feffffff] reserved
[    0.000000] BIOS-e820: [mem 0x00000000fffc0000-0x00000000ffffffff] reserved
[    0.000000] BIOS-e820: [mem 0x000000fd00000000-0x000000ffffffffff] reserved
[    0.000000] printk: legacy bootconsole [earlyser0] enabled
[    0.000000] NX (Execute Disable) protection: active
[    0.000000] APIC: Static calls initialized
[    0.000000] SMBIOS 3.0.0 present.
[    0.000000] DMI: QEMU Ubuntu 24.04 PC (i440FX + PIIX, 1996), BIOS 1.16.3-debian-1.16.3-2 04/01/2014
[    0.000000] DMI: Memory slots populated: 1/1
[    0.000000] Hypervisor detected: KVM
[    0.000000] kvm-clock: Using msrs 4b564d01 and 4b564d00
[    0.000000] kvm-clock: using sched offset of 309092898 cycles
[    0.000369] clocksource: kvm-clock: mask: 0xffffffffffffffff max_cycles: 0x1cd42e4dffb, max_idle_ns: 881590591483 ns
[    0.001496] tsc: Detected 4491.560 MHz processor
[    0.002148] last_pfn = 0x3ffe0 max_arch_pfn = 0x400000000
[    0.002545] MTRR map: 4 entries (3 fixed + 1 variable; max 19), built from 8 variable MTRRs
[    0.003126] x86/PAT: Configuration [0-7]: WB  WC  UC- UC  WB  WP  UC- WT  
[    0.005039] found SMP MP-table at [mem 0x000f5470-0x000f547f]
[    0.005443] Using GB pages for direct mapping
[    0.005934] ACPI: Early table checksum verification disabled
[    0.006327] ACPI: RSDP 0x00000000000F5290 000014 (v00 BOCHS )
[    0.006729] ACPI: RSDT 0x000000003FFE27BC 000034 (v01 BOCHS  BXPC     00000001 BXPC 00000001)
[    0.007325] ACPI: FACP 0x000000003FFE2578 000074 (v01 BOCHS  BXPC     00000001 BXPC 00000001)
[    0.007920] ACPI: DSDT 0x000000003FFE0040 002538 (v01 BOCHS  BXPC     00000001 BXPC 00000001)
[    0.008513] ACPI: FACS 0x000000003FFE0000 000040
[    0.008835] ACPI: APIC 0x000000003FFE25EC 000170 (v03 BOCHS  BXPC     00000001 BXPC 00000001)
[    0.009428] ACPI: HPET 0x000000003FFE275C 000038 (v01 BOCHS  BXPC     00000001 BXPC 00000001)
[    0.010021] ACPI: WAET 0x000000003FFE2794 000028 (v01 BOCHS  BXPC     00000001 BXPC 00000001)
[    0.010613] ACPI: Reserving FACP table memory at [mem 0x3ffe2578-0x3ffe25eb]
[    0.011101] ACPI: Reserving DSDT table memory at [mem 0x3ffe0040-0x3ffe2577]
[    0.011592] ACPI: Reserving FACS table memory at [mem 0x3ffe0000-0x3ffe003f]
[    0.012081] ACPI: Reserving APIC table memory at [mem 0x3ffe25ec-0x3ffe275b]
[    0.012569] ACPI: Reserving HPET table memory at [mem 0x3ffe275c-0x3ffe2793]
[    0.013057] ACPI: Reserving WAET table memory at [mem 0x3ffe2794-0x3ffe27bb]
[    0.013732] No NUMA configuration found
[    0.014002] Faking a node at [mem 0x0000000000000000-0x000000003ffdffff]
[    0.014467] NODE_DATA(0) allocated [mem 0x3ffdb780-0x3ffdffff]
[    0.014888] Zone ranges:
[    0.015064]   DMA      [mem 0x0000000000001000-0x0000000000ffffff]
[    0.015502]   DMA32    [mem 0x0000000001000000-0x000000003ffdffff]
[    0.015931]   Normal   empty
[    0.016132]   Device   empty
[    0.016336] Movable zone start for each node
[    0.016631] Early memory node ranges
[    0.016877]   node   0: [mem 0x0000000000001000-0x000000000009efff]
[    0.017310]   node   0: [mem 0x0000000000100000-0x000000003ffdffff]
[    0.017742] Initmem setup node 0 [mem 0x0000000000001000-0x000000003ffdffff]
[    0.018232] On node 0, zone DMA: 1 pages in unavailable ranges
[    0.018688] On node 0, zone DMA: 97 pages in unavailable ranges
[    0.023216] On node 0, zone DMA32: 32 pages in unavailable ranges
[    0.032253] kasan: KernelAddressSanitizer initialized
[    0.032826] ACPI: PM-Timer IO Port: 0x608
[    0.033114] ACPI: LAPIC_NMI (acpi_id[0xff] dfl dfl lint[0x1])
[    0.033534] IOAPIC[0]: apic_id 0, version 17, address 0xfec00000, GSI 0-23
[    0.034011] ACPI: INT_SRC_OVR (bus 0 bus_irq 0 global_irq 2 dfl dfl)
[    0.034451] ACPI: INT_SRC_OVR (bus 0 bus_irq 5 global_irq 5 high level)
[    0.034909] ACPI: INT_SRC_OVR (bus 0 bus_irq 9 global_irq 9 high level)
[    0.035371] ACPI: INT_SRC_OVR (bus 0 bus_irq 10 global_irq 10 high level)
[    0.035841] ACPI: INT_SRC_OVR (bus 0 bus_irq 11 global_irq 11 high level)
[    0.036313] ACPI: Using ACPI (MADT) for SMP configuration information
[    0.036758] ACPI: HPET id: 0x8086a201 base: 0xfed00000
[    0.037115] TSC deadline timer available
[    0.037390] CPU topo: Max. logical packages:   1
[    0.037709] CPU topo: Max. logical dies:       1
[    0.038029] CPU topo: Max. dies per package:   1
[    0.038351] CPU topo: Max. threads per core:   1
[    0.038671] CPU topo: Num. cores per package:    32
[    0.039009] CPU topo: Num. threads per package:  32
[    0.039349] CPU topo: Allowing 32 present CPUs plus 0 hotplug CPUs
[    0.039791] kvm-guest: APIC: eoi() replaced with kvm_guest_apic_eoi_write()
[    0.040286] kvm-guest: KVM setup pv remote TLB flush
[    0.040632] kvm-guest: setup PV sched yield
[    0.040927] PM: hibernation: Registered nosave memory: [mem 0x00000000-0x00000fff]
[    0.041450] PM: hibernation: Registered nosave memory: [mem 0x0009f000-0x0009ffff]
[    0.041974] PM: hibernation: Registered nosave memory: [mem 0x000a0000-0x000effff]
[    0.042497] PM: hibernation: Registered nosave memory: [mem 0x000f0000-0x000fffff]
[    0.043022] [mem 0x40000000-0xfeffbfff] available for PCI devices
[    0.043449] Booting paravirtualized kernel on KVM
[    0.043775] clocksource: refined-jiffies: mask: 0xffffffff max_cycles: 0xffffffff, max_idle_ns: 1910969940391419 ns
[    0.052233] setup_percpu: NR_CPUS:64 nr_cpumask_bits:32 nr_cpu_ids:32 nr_node_ids:1
[    0.053986] percpu: Embedded 70 pages/cpu s247960 r8192 d30568 u524288
[    0.054512] Kernel command line: virtme_hostname=virtme-ng nr_open=1048576 virtme_link_mods=/nipa-data/kernel/.virtme_mods/lib/modules/0.0.0 virtme_initmount0=nipa-data/kernel virtme_rw_overlay0=/etc virtme_rw_overlay1=/lib virtme_rw_overlay2=/home virtme_rw_overlay3=/opt virtme_rw_overlay4=/srv virtme_rw_overlay5=/usr virtme_rw_overlay6=/var console=hvc0 earlyprintk=serial,ttyS0,115200 virtme_console=ttyS0 psmouse.proto=exps TERM=xterm virtme_chdir=nipa-data/kernel virtme_root_user=1 rootfstype=9p rootflags=version=9p2000.L,trans=virtio,access=any raid=noautodetect ro init=/usr/lib/python3/dist-packages/virtme/guest/virtme-init
[    0.058615] Unknown kernel command line parameters "virtme_hostname=virtme-ng nr_open=1048576 virtme_link_mods=/nipa-data/kernel/.virtme_mods/lib/modules/0.0.0 virtme_initmount0=nipa-data/kernel virtme_rw_overlay0=/etc virtme_rw_overlay1=/lib virtme_rw_overlay2=/home virtme_rw_overlay3=/opt virtme_rw_overlay4=/srv virtme_rw_overlay5=/usr virtme_rw_overlay6=/var virtme_console=ttyS0 virtme_chdir=nipa-data/kernel virtme_root_user=1", will be passed to user space.
[    0.061721] random: crng init done
[    0.061964] printk: log buffer data + meta data: 262144 + 917504 = 1179648 bytes
[    0.062511] Dentry cache hash table entries: 131072 (order: 8, 1048576 bytes, linear)
[    0.063082] Inode-cache hash table entries: 65536 (order: 7, 524288 bytes, linear)
[    0.064049] Fallback order for Node 0: 0 
[    0.064053] Built 1 zonelists, mobility grouping on.  Total pages: 262014
[    0.064823] Policy zone: DMA32
[    0.065041] mem auto-init: stack:all(zero), heap alloc:off, heap free:off
[    0.065525] stackdepot: allocating hash table via alloc_large_system_hash
[    0.066009] stackdepot hash table entries: 1048576 (order: 12, 16777216 bytes, linear)
[    0.073905] SLUB: HWalign=64, Order=0-3, MinObjects=0, CPUs=32, Nodes=1
Poking KASLR using RDRAND RDTSC...
[    0.074686] ftrace: allocating 49067 entries in 192 pages
[    0.091934] ftrace: allocated 192 pages with 2 groups
[    0.093112] Dynamic Preempt: voluntary
[    0.093807] rcu: Preemptible hierarchical RCU implementation.
[    0.094214] rcu: RCU event tracing is enabled.
[    0.094539] rcu: RCU restricting CPUs from NR_CPUS=64 to nr_cpu_ids=32.
[    0.095015] Trampoline variant of Tasks RCU enabled.
[    0.095389] Rude variant of Tasks RCU enabled.
[    0.095709] Tracing variant of Tasks RCU enabled.
[    0.096049] rcu: RCU calculated value of scheduler-enlistment delay is 100 jiffies.
[    0.096595] rcu: Adjusting geometry for rcu_fanout_leaf=16, nr_cpu_ids=32
[    0.097136] RCU Tasks: Setting shift to 5 and lim to 1 rcu_task_cb_adjust=1 rcu_task_cpu_ids=32.
[    0.097760] RCU Tasks Rude: Setting shift to 5 and lim to 1 rcu_task_cb_adjust=1 rcu_task_cpu_ids=32.
[    0.098412] RCU Tasks Trace: Setting shift to 5 and lim to 1 rcu_task_cb_adjust=1 rcu_task_cpu_ids=32.
[    0.107744] NR_IRQS: 4352, nr_irqs: 680, preallocated irqs: 16
[    0.108412] rcu: srcu_init: Setting srcu_struct sizes based on contention.
[    0.109111] Console: colour *CGA 80x25
[    0.109407] ACPI: Core revision 20240827
[    0.109836] clocksource: hpet: mask: 0xffffffff max_cycles: 0xffffffff, max_idle_ns: 19112604467 ns
[    0.110547] APIC: Switch to symmetric I/O mode setup
[    0.110924] kvm-guest: APIC: send_IPI_mask() replaced with kvm_send_ipi_mask()
[    0.111449] kvm-guest: APIC: send_IPI_mask_allbutself() replaced with kvm_send_ipi_mask_allbutself()
[    0.112079] kvm-guest: setup PV IPIs
[    0.113160] ..TIMER: vector=0x30 apic1=0 pin1=2 apic2=-1 pin2=-1
[    0.113935] clocksource: tsc-early: mask: 0xffffffffffffffff max_cycles: 0x40be4320a4d, max_idle_ns: 440795288133 ns
[    0.115266] Calibrating delay loop (skipped) preset value.. 8983.12 BogoMIPS (lpj=4491560)
[    0.116329] x86/cpu: User Mode Instruction Prevention (UMIP) activated
[    0.117321] Last level iTLB entries: 4KB 512, 2MB 255, 4MB 127
[    0.118264] Last level dTLB entries: 4KB 512, 2MB 255, 4MB 127, 1GB 0
[    0.119268] Spectre V1 : Mitigation: usercopy/swapgs barriers and __user pointer sanitization
[    0.120268] Spectre V2 : Mitigation: Enhanced / Automatic IBRS
[    0.121264] Spectre V2 : Spectre v2 / SpectreRSB mitigation: Filling RSB on context switch
[    0.122266] Spectre V2 : mitigation: Enabling conditional Indirect Branch Prediction Barrier
[    0.123266] Speculative Store Bypass: Mitigation: Speculative Store Bypass disabled via prctl
[    0.124264] Speculative Return Stack Overflow: IBPB-extending microcode not applied!
[    0.125264] Speculative Return Stack Overflow: WARNING: See https://kernel.org/doc/html/latest/admin-guide/hw-vuln/srso.html for mitigation options.
[    0.125265] Speculative Return Stack Overflow: Vulnerable: Safe RET, no microcode
[    0.127278] x86/fpu: Supporting XSAVE feature 0x001: 'x87 floating point registers'
[    0.128264] x86/fpu: Supporting XSAVE feature 0x002: 'SSE registers'
[    0.129264] x86/fpu: Supporting XSAVE feature 0x004: 'AVX registers'
[    0.130264] x86/fpu: Supporting XSAVE feature 0x020: 'AVX-512 opmask'
[    0.131264] x86/fpu: Supporting XSAVE feature 0x040: 'AVX-512 Hi256'
[    0.132044] x86/fpu: Supporting XSAVE feature 0x080: 'AVX-512 ZMM_Hi256'
[    0.132264] x86/fpu: Supporting XSAVE feature 0x200: 'Protection Keys User registers'
[    0.133264] x86/fpu: xstate_offset[2]:  576, xstate_sizes[2]:  256
[    0.134264] x86/fpu: xstate_offset[5]:  832, xstate_sizes[5]:   64
[    0.135264] x86/fpu: xstate_offset[6]:  896, xstate_sizes[6]:  512
[    0.136012] x86/fpu: xstate_offset[7]: 1408, xstate_sizes[7]: 1024
[    0.136264] x86/fpu: xstate_offset[9]: 2432, xstate_sizes[9]:    8
[    0.137264] x86/fpu: Enabled xstate features 0x2e7, context size is 2440 bytes, using 'compacted' format.
[    0.158608] Freeing SMP alternatives memory: 40K
[    0.159167] pid_max: default: 32768 minimum: 301
[    0.159382] Mount-cache hash table entries: 2048 (order: 2, 16384 bytes, linear)
[    0.160265] Mountpoint-cache hash table entries: 2048 (order: 2, 16384 bytes, linear)
[    0.162317] smpboot: CPU0: AMD Ryzen 9 7950X 16-Core Processor (family: 0x19, model: 0x61, stepping: 0x2)
[    0.163732] Performance Events: Fam17h+ core perfctr, AMD PMU driver.
[    0.164269] ... version:                0
[    0.164750] ... bit width:              48
[    0.165242] ... generic registers:      6
[    0.165266] ... value mask:             0000ffffffffffff
[    0.165904] ... max period:             00007fffffffffff
[    0.166266] ... fixed-purpose events:   0
[    0.166752] ... event mask:             000000000000003f
[    0.167372] signal: max sigframe size: 3376
[    0.167919] rcu: Hierarchical SRCU implementation.
[    0.168266] rcu: Max phase no-delay instances is 400.
[    0.168959] Timer migration: 2 hierarchy levels; 8 children per group; 2 crossnode level
[    0.172937] smp: Bringing up secondary CPUs ...
[    0.173444] smpboot: x86: Booting SMP configuration:
[    0.174042] .... node  #0, CPUs:        #1  #2  #3  #4  #5  #6  #7  #8  #9 #10 #11 #12 #13 #14 #15 #16 #17 #18 #19 #20 #21 #22 #23 #24 #25 #26 #27 #28 #29 #30 #31
[    0.197363] smp: Brought up 1 node, 32 CPUs
[    0.198781] smpboot: Total of 32 processors activated (287459.84 BogoMIPS)
[    0.202403] Memory: 763152K/1048056K available (44255K kernel code, 11495K rwdata, 10152K rodata, 6112K init, 1528K bss, 269008K reserved, 0K cma-reserved)
[    0.203383] devtmpfs: initialized
[    0.203845] x86/mm: Memory block size: 128MB
[    0.210274] clocksource: jiffies: mask: 0xffffffff max_cycles: 0xffffffff, max_idle_ns: 1911260446275000 ns
[    0.211270] futex hash table entries: 8192 (order: 7, 524288 bytes, linear)
[    0.212475] PM: RTC time: 09:27:43, date: 2025-02-14
[    0.213792] NET: Registered PF_NETLINK/PF_ROUTE protocol family
[    0.215128] thermal_sys: Registered thermal governor 'step_wise'
[    0.215157] cpuidle: using governor menu
[    0.216874] PCI: Using configuration type 1 for base access
[    0.217266] PCI: Using configuration type 1 for extended access
[    0.218124] kprobes: kprobe jump-optimization is enabled. All kprobes are optimized if possible.
[    0.232394] HugeTLB: registered 1.00 GiB page size, pre-allocated 0 pages
[    0.233267] HugeTLB: 16380 KiB vmemmap can be freed for a 1.00 GiB page
[    0.234104] HugeTLB: registered 2.00 MiB page size, pre-allocated 0 pages
[    0.235266] HugeTLB: 28 KiB vmemmap can be freed for a 2.00 MiB page
[    0.236629] ACPI: Added _OSI(Module Device)
[    0.237267] ACPI: Added _OSI(Processor Device)
[    0.237829] ACPI: Added _OSI(3.0 _SCP Extensions)
[    0.238266] ACPI: Added _OSI(Processor Aggregator Device)
[    0.261466] ACPI: 1 ACPI AML tables successfully acquired and loaded
[    0.266078] ACPI: Interpreter enabled
[    0.266324] ACPI: PM: (supports S0 S3 S4 S5)
[    0.266858] ACPI: Using IOAPIC for interrupt routing
[    0.268316] PCI: Using host bridge windows from ACPI; if necessary, use "pci=nocrs" and report a bug
[    0.269266] PCI: Using E820 reservations for host bridge windows
[    0.271048] ACPI: Enabled 2 GPEs in block 00 to 0F
[    0.316441] ACPI: PCI Root Bridge [PCI0] (domain 0000 [bus 00-ff])
[    0.317236] acpi PNP0A03:00: _OSC: OS supports [ExtendedConfig ASPM ClockPM Segments MSI HPX-Type3]
[    0.318746] PCI host bridge to bus 0000:00
[    0.319316] pci_bus 0000:00: root bus resource [io  0x0000-0x0cf7 window]
[    0.320170] pci_bus 0000:00: root bus resource [io  0x0d00-0xffff window]
[    0.321268] pci_bus 0000:00: root bus resource [mem 0x000a0000-0x000bffff window]
[    0.322221] pci_bus 0000:00: root bus resource [mem 0x40000000-0xfebfffff window]
[    0.323268] pci_bus 0000:00: root bus resource [mem 0x100000000-0x17fffffff window]
[    0.324233] pci_bus 0000:00: root bus resource [bus 00-ff]
[    0.325362] pci 0000:00:00.0: [8086:1237] type 00 class 0x060000 conventional PCI endpoint
[    0.327128] pci 0000:00:01.0: [8086:7000] type 00 class 0x060100 conventional PCI endpoint
[    0.329109] pci 0000:00:01.1: [8086:7010] type 00 class 0x010180 conventional PCI endpoint
[    0.330727] pci 0000:00:01.1: BAR 4 [io  0xc0c0-0xc0cf]
[    0.331285] pci 0000:00:01.1: BAR 0 [io  0x01f0-0x01f7]: legacy IDE quirk
[    0.332139] pci 0000:00:01.1: BAR 1 [io  0x03f6]: legacy IDE quirk
[    0.332266] pci 0000:00:01.1: BAR 2 [io  0x0170-0x0177]: legacy IDE quirk
[    0.333110] pci 0000:00:01.1: BAR 3 [io  0x0376]: legacy IDE quirk
[    0.334927] pci 0000:00:01.3: [8086:7113] type 00 class 0x068000 conventional PCI endpoint
[    0.336484] pci 0000:00:01.3: quirk: [io  0x0600-0x063f] claimed by PIIX4 ACPI
[    0.337270] pci 0000:00:01.3: quirk: [io  0x0700-0x070f] claimed by PIIX4 SMB
[    0.338881] pci 0000:00:02.0: [1af4:1009] type 00 class 0x000200 conventional PCI endpoint
[    0.340271] pci 0000:00:02.0: BAR 0 [io  0xc000-0xc03f]
[    0.340927] pci 0000:00:02.0: BAR 1 [mem 0xfebfc000-0xfebfcfff]
[    0.342281] pci 0000:00:02.0: BAR 4 [mem 0xfebf0000-0xfebf3fff 64bit pref]
[    0.354152] pci 0000:00:03.0: [1af4:1009] type 00 class 0x000200 conventional PCI endpoint
[    0.356271] pci 0000:00:03.0: BAR 0 [io  0xc040-0xc07f]
[    0.356938] pci 0000:00:03.0: BAR 1 [mem 0xfebfd000-0xfebfdfff]
[    0.357281] pci 0000:00:03.0: BAR 4 [mem 0xfebf4000-0xfebf7fff 64bit pref]
[    0.369057] pci 0000:00:04.0: [8086:25ab] type 00 class 0x088000 conventional PCI endpoint
[    0.370732] pci 0000:00:04.0: BAR 0 [mem 0xfebfe000-0xfebfe00f]
[    0.382098] pci 0000:00:05.0: [1af4:1003] type 00 class 0x078000 conventional PCI endpoint
[    0.383987] pci 0000:00:05.0: BAR 0 [io  0xc080-0xc0bf]
[    0.385271] pci 0000:00:05.0: BAR 1 [mem 0xfebff000-0xfebfffff]
[    0.386025] pci 0000:00:05.0: BAR 4 [mem 0xfebf8000-0xfebfbfff 64bit pref]
[    0.399397] ACPI: PCI: Interrupt link LNKA configured for IRQ 10
[    0.401020] ACPI: PCI: Interrupt link LNKB configured for IRQ 10
[    0.403147] ACPI: PCI: Interrupt link LNKC configured for IRQ 11
[    0.404140] ACPI: PCI: Interrupt link LNKD configured for IRQ 11
[    0.405632] ACPI: PCI: Interrupt link LNKS configured for IRQ 9
[    0.423791] iommu: Default domain type: Translated
[    0.424267] iommu: DMA domain TLB invalidation policy: lazy mode
[    0.425489] SCSI subsystem initialized
[    0.426313] pps_core: LinuxPPS API ver. 1 registered
[    0.426918] pps_core: Software ver. 5.3.6 - Copyright 2005-2007 Rodolfo Giometti <giometti@linux.it>
[    0.428280] PTP clock support registered
[    0.429390] Advanced Linux Sound Architecture Driver Initialized.
[    0.431394] NET: Registered PF_ATMPVC protocol family
[    0.432083] NET: Registered PF_ATMSVC protocol family
[    0.432303] PCI: Using ACPI for IRQ routing
[    0.433300] vgaarb: loaded
[    0.433388] hpet0: at MMIO 0xfed00000, IRQs 2, 8, 0
[    0.434005] hpet0: 3 comparators, 64-bit 100.000000 MHz counter
[    0.441464] clocksource: Switched to clocksource kvm-clock
[    0.442482] VFS: Disk quotas dquot_6.6.0
[    0.442986] VFS: Dquot-cache hash table entries: 512 (order 0, 4096 bytes)
[    0.447936] pnp: PnP ACPI init
[    0.450614] pnp: PnP ACPI: found 5 devices
[    0.462282] clocksource: acpi_pm: mask: 0xffffff max_cycles: 0xffffff, max_idle_ns: 2085701024 ns
[    0.463449] NET: Registered PF_INET protocol family
[    0.464098] IP idents hash table entries: 16384 (order: 5, 131072 bytes, linear)
[    0.465407] tcp_listen_portaddr_hash hash table entries: 512 (order: 1, 8192 bytes, linear)
[    0.466466] Table-perturb hash table entries: 65536 (order: 6, 262144 bytes, linear)
[    0.467453] TCP established hash table entries: 8192 (order: 4, 65536 bytes, linear)
[    0.468429] TCP bind hash table entries: 8192 (order: 6, 262144 bytes, linear)
[    0.469426] TCP: Hash tables configured (established 8192 bind 8192)
[    0.470380] UDP hash table entries: 512 (order: 3, 32768 bytes, linear)
[    0.471234] UDP-Lite hash table entries: 512 (order: 3, 32768 bytes, linear)
[    0.472328] NET: Registered PF_UNIX/PF_LOCAL protocol family
[    0.473057] pci_bus 0000:00: resource 4 [io  0x0000-0x0cf7 window]
[    0.473835] pci_bus 0000:00: resource 5 [io  0x0d00-0xffff window]
[    0.474609] pci_bus 0000:00: resource 6 [mem 0x000a0000-0x000bffff window]
[    0.475467] pci_bus 0000:00: resource 7 [mem 0x40000000-0xfebfffff window]
[    0.476322] pci_bus 0000:00: resource 8 [mem 0x100000000-0x17fffffff window]
[    0.477392] pci 0000:00:01.0: PIIX3: Enabling Passive Release
[    0.478111] pci 0000:00:00.0: Limiting direct PCI/PCI transfers
[    0.478891] PCI: CLS 0 bytes, default 64
[    0.479463] kvm_intel: VMX not supported by CPU 4
[    0.480074] kvm_amd: TSC scaling supported
[    0.480595] kvm_amd: Nested Virtualization enabled
[    0.481189] kvm_amd: Nested Paging enabled
[    0.481706] kvm_amd: LBR virtualization supported
[    0.482300] kvm_amd: Virtual GIF supported
[    0.482812] kvm_amd: Virtual NMI enabled
[    0.514657] clocksource: tsc: mask: 0xffffffffffffffff max_cycles: 0x40be4320a4d, max_idle_ns: 440795288133 ns
[    0.534516] Initialise system trusted keyrings
[    0.535238] workingset: timestamp_bits=56 max_order=18 bucket_order=0
[    0.536164] squashfs: version 4.0 (2009/01/31) Phillip Lougher
[    0.536917] fuse: init (API version 7.42)
[    0.537559] 9p: Installing v9fs 9p2000 file system support
[    0.547290] Key type asymmetric registered
[    0.547816] Asymmetric key parser 'x509' registered
[    0.548489] Block layer SCSI generic (bsg) driver version 0.4 loaded (major 249)
[    0.549449] io scheduler mq-deadline registered
[    0.550020] io scheduler kyber registered
[    0.552655] input: Power Button as /devices/LNXSYSTM:00/LNXPWRBN:00/input/input0
[    0.553805] ACPI: button: Power Button [PWRF]
[    0.555689] Warning: Processor Platform Limit event detected, but not handled.
[    0.556568] Consider compiling CPUfreq support into your kernel.
[    1.364576] ACPI: \_SB_.LNKB: Enabled at IRQ 10
[    2.164810] ACPI: \_SB_.LNKC: Enabled at IRQ 11
[    2.965199] ACPI: \_SB_.LNKA: Enabled at IRQ 10
[    2.966559] Serial: 8250/16550 driver, 4 ports, IRQ sharing enabled
[    2.967662] 00:03: ttyS0 at I/O 0x3f8 (irq = 4, base_baud = 115200) is a 16550A
[    2.992208] Non-volatile memory driver v1.3
[    2.992754] Linux agpgart interface v0.103
[    2.993424] ACPI: bus type drm_connector registered
[    2.994052] printk: legacy console [hvc0] enabled
[    2.994652] printk: legacy bootconsole [earlyser0] disabled
          _      _                                    
   __   _(_)_ __| |_ _ __ ___   ___       _ __   __ _ 
   \ \ / / |  __| __|  _   _ \ / _ \_____|  _ \ / _  |
    \ V /| | |  | |_| | | | | |  __/_____| | | | (_| |
     \_/ |_|_|   \__|_| |_| |_|\___|     |_| |_|\__  |
                                                |___/ 
   kernel version: 6.14.0-rc2-virtme x86_64
   (CTRL+d to exit)

root@virtme-ng:/nipa-data/kernel# PS1='xx__-> '
xx__-> env
PWD=/nipa-data/kernel
nr_open=1048576
HOME=/
TERM=xterm
SHLVL=2
XDG_RUNTIME_DIR=/run/user/0
PATH=/bin:/sbin:/usr/bin:/usr/sbin:/usr/local/bin
OLDPWD=/
_=/bin/env
xx__-> 