No EFI environment detected.
early console in extract_kernel
input_data: 0x00000000029e92b9
input_len: 0x0000000000b266f3
output: 0x0000000001000000
output_len: 0x00000000024ca944
kernel_total_size: 0x0000000002230000
needed_size: 0x0000000002600000
trampoline_32bit: 0x0000000000000000
Physical KASLR using RDRAND RDTSC...
Virtual KASLR using RDRAND RDTSC...

Decompressing Linux... Parsing ELF... Performing relocations... done.
Booting the kernel (entry_offset: 0x0000000000000000).
[    0.000000] Linux version 6.9.0-rc7-virtme (root@b663af2d1d2a) (gcc (Alpine 13.2.1_git20240309) 13.2.1 20240309, GNU ld (GNU Binutils) 2.42) #1 SMP PREEMPT_DYNAMIC Sat May 11 18:06:16 UTC 2024
[    0.000000] Command line: virtme_hostname=virtme-ng nr_open=1048576 virtme_link_mods=/nipa-data/kernel/.virtme_mods/lib/modules/0.0.0 virtme_initmount0=nipa-data/kernel virtme_rw_overlay0=/etc virtme_rw_overlay1=/lib virtme_rw_overlay2=/home virtme_rw_overlay3=/opt virtme_rw_overlay4=/srv virtme_rw_overlay5=/usr virtme_rw_overlay6=/var console=hvc0 earlyprintk=serial,ttyS0,115200 virtme_console=ttyS0 psmouse.proto=exps TERM=xterm virtme_chdir=nipa-data/kernel virtme_root_user=1 rootfstype=9p rootflags=version=9p2000.L,trans=virtio,access=any raid=noautodetect ro init=/usr/lib/python3.12/site-packages/virtme/guest/virtme-init
[    0.000000] BIOS-provided physical RAM map:
[    0.000000] BIOS-e820: [mem 0x0000000000000000-0x000000000009fbff] usable
[    0.000000] BIOS-e820: [mem 0x000000000009fc00-0x000000000009ffff] reserved
[    0.000000] BIOS-e820: [mem 0x00000000000f0000-0x00000000000fffff] reserved
[    0.000000] BIOS-e820: [mem 0x0000000000100000-0x000000003ffdffff] usable
[    0.000000] BIOS-e820: [mem 0x000000003ffe0000-0x000000003fffffff] reserved
[    0.000000] BIOS-e820: [mem 0x00000000feffc000-0x00000000feffffff] reserved
[    0.000000] BIOS-e820: [mem 0x00000000fffc0000-0x00000000ffffffff] reserved
[    0.000000] BIOS-e820: [mem 0x000000fd00000000-0x000000ffffffffff] reserved
[    0.000000] printk: legacy bootconsole [earlyser0] enabled
[    0.000000] NX (Execute Disable) protection: active
[    0.000000] APIC: Static calls initialized
[    0.000000] SMBIOS 2.8 present.
[    0.000000] DMI: QEMU Standard PC (i440FX + PIIX, 1996), BIOS rel-1.16.3-0-ga6ed6b701f0a-prebuilt.qemu.org 04/01/2014
[    0.000000] Hypervisor detected: KVM
[    0.000000] kvm-clock: Using msrs 4b564d01 and 4b564d00
[    0.000000] kvm-clock: using sched offset of 242769579 cycles
[    0.000402] clocksource: kvm-clock: mask: 0xffffffffffffffff max_cycles: 0x1cd42e4dffb, max_idle_ns: 881590591483 ns
[    0.001640] tsc: Detected 4491.556 MHz processor
[    0.002261] last_pfn = 0x3ffe0 max_arch_pfn = 0x400000000
[    0.002699] MTRR map: 4 entries (3 fixed + 1 variable; max 19), built from 8 variable MTRRs
[    0.003335] x86/PAT: Configuration [0-7]: WB  WC  UC- UC  WB  WP  UC- WT  
Memory KASLR using RDRAND RDTSC...
[    0.005452] found SMP MP-table at [mem 0x000f5470-0x000f547f]
[    0.005893] Using GB pages for direct mapping
[    0.006278] ACPI: Early table checksum verification disabled
[    0.006713] ACPI: RSDP 0x00000000000F5290 000014 (v00 BOCHS )
[    0.007152] ACPI: RSDT 0x000000003FFE27BC 000034 (v01 BOCHS  BXPC     00000001 BXPC 00000001)
[    0.007804] ACPI: FACP 0x000000003FFE2578 000074 (v01 BOCHS  BXPC     00000001 BXPC 00000001)
[    0.008454] ACPI: DSDT 0x000000003FFE0040 002538 (v01 BOCHS  BXPC     00000001 BXPC 00000001)
[    0.009103] ACPI: FACS 0x000000003FFE0000 000040
[    0.009458] ACPI: APIC 0x000000003FFE25EC 000170 (v03 BOCHS  BXPC     00000001 BXPC 00000001)
[    0.010109] ACPI: HPET 0x000000003FFE275C 000038 (v01 BOCHS  BXPC     00000001 BXPC 00000001)
[    0.010759] ACPI: WAET 0x000000003FFE2794 000028 (v01 BOCHS  BXPC     00000001 BXPC 00000001)
[    0.011403] ACPI: Reserving FACP table memory at [mem 0x3ffe2578-0x3ffe25eb]
[    0.011936] ACPI: Reserving DSDT table memory at [mem 0x3ffe0040-0x3ffe2577]
[    0.012469] ACPI: Reserving FACS table memory at [mem 0x3ffe0000-0x3ffe003f]
[    0.013001] ACPI: Reserving APIC table memory at [mem 0x3ffe25ec-0x3ffe275b]
[    0.013534] ACPI: Reserving HPET table memory at [mem 0x3ffe275c-0x3ffe2793]
[    0.014067] ACPI: Reserving WAET table memory at [mem 0x3ffe2794-0x3ffe27bb]
[    0.014752] No NUMA configuration found
[    0.015043] Faking a node at [mem 0x0000000000000000-0x000000003ffdffff]
[    0.015551] NODE_DATA(0) allocated [mem 0x3ffdb000-0x3ffdffff]
[    0.016003] Zone ranges:
[    0.016195]   DMA      [mem 0x0000000000001000-0x0000000000ffffff]
[    0.016662]   DMA32    [mem 0x0000000001000000-0x000000003ffdffff]
[    0.017129]   Normal   empty
[    0.017347]   Device   empty
[    0.017564] Movable zone start for each node
[    0.017886] Early memory node ranges
[    0.018156]   node   0: [mem 0x0000000000001000-0x000000000009efff]
[    0.018633]   node   0: [mem 0x0000000000100000-0x000000003ffdffff]
[    0.019108] Initmem setup node 0 [mem 0x0000000000001000-0x000000003ffdffff]
[    0.019644] On node 0, zone DMA: 1 pages in unavailable ranges
[    0.020096] On node 0, zone DMA: 97 pages in unavailable ranges
[    0.021536] On node 0, zone DMA32: 32 pages in unavailable ranges
[    0.022209] ACPI: PM-Timer IO Port: 0x608
[    0.022521] ACPI: LAPIC_NMI (acpi_id[0xff] dfl dfl lint[0x1])
[    0.022973] IOAPIC[0]: apic_id 0, version 17, address 0xfec00000, GSI 0-23
[    0.023497] ACPI: INT_SRC_OVR (bus 0 bus_irq 0 global_irq 2 dfl dfl)
[    0.023980] ACPI: INT_SRC_OVR (bus 0 bus_irq 5 global_irq 5 high level)
[    0.024483] ACPI: INT_SRC_OVR (bus 0 bus_irq 9 global_irq 9 high level)
[    0.024985] ACPI: INT_SRC_OVR (bus 0 bus_irq 10 global_irq 10 high level)
[    0.025499] ACPI: INT_SRC_OVR (bus 0 bus_irq 11 global_irq 11 high level)
[    0.026015] ACPI: Using ACPI (MADT) for SMP configuration information
[    0.026508] ACPI: HPET id: 0x8086a201 base: 0xfed00000
[    0.026903] TSC deadline timer available
[    0.027204] CPU topo: Max. logical packages:   1
[    0.027553] CPU topo: Max. logical dies:       1
[    0.027902] CPU topo: Max. dies per package:   1
[    0.028258] CPU topo: Max. threads per core:   1
[    0.028609] CPU topo: Num. cores per package:    32
[    0.028979] CPU topo: Num. threads per package:  32
[    0.029349] CPU topo: Allowing 32 present CPUs plus 0 hotplug CPUs
[    0.029828] kvm-guest: APIC: eoi() replaced with kvm_guest_apic_eoi_write()
[    0.030365] kvm-guest: KVM setup pv remote TLB flush
[    0.030748] kvm-guest: setup PV sched yield
[    0.031069] PM: hibernation: Registered nosave memory: [mem 0x00000000-0x00000fff]
[    0.031644] PM: hibernation: Registered nosave memory: [mem 0x0009f000-0x0009ffff]
[    0.032219] PM: hibernation: Registered nosave memory: [mem 0x000a0000-0x000effff]
[    0.032794] PM: hibernation: Registered nosave memory: [mem 0x000f0000-0x000fffff]
[    0.033369] [mem 0x40000000-0xfeffbfff] available for PCI devices
[    0.033832] Booting paravirtualized kernel on KVM
[    0.034195] clocksource: refined-jiffies: mask: 0xffffffff max_cycles: 0xffffffff, max_idle_ns: 1910969940391419 ns
[    0.038079] setup_percpu: NR_CPUS:64 nr_cpumask_bits:32 nr_cpu_ids:32 nr_node_ids:1
[    0.039293] percpu: Embedded 58 pages/cpu s198952 r8192 d30424 u262144
[    0.039824] Kernel command line: virtme_hostname=virtme-ng nr_open=1048576 virtme_link_mods=/nipa-data/kernel/.virtme_mods/lib/modules/0.0.0 virtme_initmount0=nipa-data/kernel virtme_rw_overlay0=/etc virtme_rw_overlay1=/lib virtme_rw_overlay2=/home virtme_rw_overlay3=/opt virtme_rw_overlay4=/srv virtme_rw_overlay5=/usr virtme_rw_overlay6=/var console=hvc0 earlyprintk=serial,ttyS0,115200 virtme_console=ttyS0 psmouse.proto=exps TERM=xterm virtme_chdir=nipa-data/kernel virtme_root_user=1 rootfstype=9p rootflags=version=9p2000.L,trans=virtio,access=any raid=noautodetect ro init=/usr/lib/python3.12/site-packages/virtme/guest/virtme-init
[    0.044306] Unknown kernel command line parameters "virtme_hostname=virtme-ng nr_open=1048576 virtme_link_mods=/nipa-data/kernel/.virtme_mods/lib/modules/0.0.0 virtme_initmount0=nipa-data/kernel virtme_rw_overlay0=/etc virtme_rw_overlay1=/lib virtme_rw_overlay2=/home virtme_rw_overlay3=/opt virtme_rw_overlay4=/srv virtme_rw_overlay5=/usr virtme_rw_overlay6=/var virtme_console=ttyS0 virtme_chdir=nipa-data/kernel virtme_root_user=1", will be passed to user space.
[    0.047696] random: crng init done
[    0.047993] Dentry cache hash table entries: 131072 (order: 8, 1048576 bytes, linear)
[    0.048623] Inode-cache hash table entries: 65536 (order: 7, 524288 bytes, linear)
[    0.049306] Fallback order for Node 0: 0 
[    0.049309] Built 1 zonelists, mobility grouping on.  Total pages: 257760
[    0.050152] Policy zone: DMA32
[    0.050391] mem auto-init: stack:all(zero), heap alloc:off, heap free:off
[    0.051719] Memory: 986612K/1048056K available (16384K kernel code, 2404K rwdata, 6112K rodata, 3052K init, 2100K bss, 61184K reserved, 0K cma-reserved)
[    0.052811] SLUB: HWalign=64, Order=0-3, MinObjects=0, CPUs=32, Nodes=1
Poking KASLR using RDRAND RDTSC...
[    0.053590] ftrace: allocating 47634 entries in 187 pages
[    0.060834] ftrace: allocated 187 pages with 6 groups
[    0.061806] Dynamic Preempt: voluntary
[    0.062234] rcu: Preemptible hierarchical RCU implementation.
[    0.062690] rcu: RCU event tracing is enabled.
[    0.063046] rcu: RCU restricting CPUs from NR_CPUS=64 to nr_cpu_ids=32.
[    0.063573] Trampoline variant of Tasks RCU enabled.
[    0.063971] Rude variant of Tasks RCU enabled.
[    0.064327] Tracing variant of Tasks RCU enabled.
[    0.064705] rcu: RCU calculated value of scheduler-enlistment delay is 100 jiffies.
[    0.065308] rcu: Adjusting geometry for rcu_fanout_leaf=16, nr_cpu_ids=32
[    0.065850] RCU Tasks: Setting shift to 5 and lim to 1 rcu_task_cb_adjust=1.
[    0.066405] RCU Tasks Rude: Setting shift to 5 and lim to 1 rcu_task_cb_adjust=1.
[    0.066994] RCU Tasks Trace: Setting shift to 5 and lim to 1 rcu_task_cb_adjust=1.
[    0.069018] NR_IRQS: 4352, nr_irqs: 680, preallocated irqs: 16
[    0.069641] rcu: srcu_init: Setting srcu_struct sizes based on contention.
[    0.070318] Console: colour *CGA 80x25
[    0.070618] ACPI: Core revision 20230628
[    0.070991] clocksource: hpet: mask: 0xffffffff max_cycles: 0xffffffff, max_idle_ns: 19112604467 ns
[    0.071763] APIC: Switch to symmetric I/O mode setup
[    0.072163] APIC: Switched APIC routing to: physical flat
[    0.072584] kvm-guest: APIC: send_IPI_mask() replaced with kvm_send_ipi_mask()
[    0.073138] kvm-guest: APIC: send_IPI_mask_allbutself() replaced with kvm_send_ipi_mask_allbutself()
[    0.073848] kvm-guest: setup PV IPIs
[    0.074928] ..TIMER: vector=0x30 apic1=0 pin1=2 apic2=-1 pin2=-1
[    0.075751] tsc: Marking TSC unstable due to TSCs unsynchronized
[    0.076565] Calibrating delay loop (skipped) preset value.. 8983.11 BogoMIPS (lpj=4491556)
[    0.078577] x86/cpu: User Mode Instruction Prevention (UMIP) activated
[    0.079507] Last level iTLB entries: 4KB 512, 2MB 255, 4MB 127
[    0.079564] Last level dTLB entries: 4KB 512, 2MB 255, 4MB 127, 1GB 0
[    0.080568] Spectre V1 : Mitigation: usercopy/swapgs barriers and __user pointer sanitization
[    0.081567] Spectre V2 : Mitigation: Enhanced / Automatic IBRS
[    0.082564] Spectre V2 : Spectre v2 / SpectreRSB mitigation: Filling RSB on context switch
[    0.083565] Spectre V2 : mitigation: Enabling conditional Indirect Branch Prediction Barrier
[    0.084565] Speculative Store Bypass: Mitigation: Speculative Store Bypass disabled via prctl
[    0.085564] Speculative Return Stack Overflow: IBPB-extending microcode not applied!
[    0.086564] Speculative Return Stack Overflow: WARNING: See https://kernel.org/doc/html/latest/admin-guide/hw-vuln/srso.html for mitigation options.
[    0.086565] Speculative Return Stack Overflow: Vulnerable: Safe RET, no microcode
[    0.089574] x86/fpu: Supporting XSAVE feature 0x001: 'x87 floating point registers'
[    0.090564] x86/fpu: Supporting XSAVE feature 0x002: 'SSE registers'
[    0.091417] x86/fpu: Supporting XSAVE feature 0x004: 'AVX registers'
[    0.091564] x86/fpu: Supporting XSAVE feature 0x020: 'AVX-512 opmask'
[    0.092564] x86/fpu: Supporting XSAVE feature 0x040: 'AVX-512 Hi256'
[    0.093564] x86/fpu: Supporting XSAVE feature 0x080: 'AVX-512 ZMM_Hi256'
[    0.094564] x86/fpu: Supporting XSAVE feature 0x200: 'Protection Keys User registers'
[    0.095564] x86/fpu: xstate_offset[2]:  576, xstate_sizes[2]:  256
[    0.096564] x86/fpu: xstate_offset[5]:  832, xstate_sizes[5]:   64
[    0.097564] x86/fpu: xstate_offset[6]:  896, xstate_sizes[6]:  512
[    0.098564] x86/fpu: xstate_offset[7]: 1408, xstate_sizes[7]: 1024
[    0.099388] x86/fpu: xstate_offset[9]: 2432, xstate_sizes[9]:    8
[    0.099564] x86/fpu: Enabled xstate features 0x2e7, context size is 2440 bytes, using 'compacted' format.
[    0.114939] Freeing SMP alternatives memory: 40K
[    0.115551] pid_max: default: 32768 minimum: 301
[    0.115588] Mount-cache hash table entries: 2048 (order: 2, 16384 bytes, linear)
[    0.116565] Mountpoint-cache hash table entries: 2048 (order: 2, 16384 bytes, linear)
[    0.117715] smpboot: CPU0: AMD Ryzen 9 7950X 16-Core Processor (family: 0x19, model: 0x61, stepping: 0x2)
[    0.118677] Performance Events: Fam17h+ core perfctr, AMD PMU driver.
[    0.119551] ... version:                0
[    0.119566] ... bit width:              48
[    0.120111] ... generic registers:      6
[    0.120566] ... value mask:             0000ffffffffffff
[    0.121264] ... max period:             00007fffffffffff
[    0.121566] ... fixed-purpose events:   0
[    0.122097] ... event mask:             000000000000003f
[    0.122651] signal: max sigframe size: 3376
[    0.123220] rcu: Hierarchical SRCU implementation.
[    0.123566] rcu: Max phase no-delay instances is 400.
[    0.126466] smp: Bringing up secondary CPUs ...
[    0.126618] smpboot: x86: Booting SMP configuration:
[    0.127272] .... node  #0, CPUs:        #1  #2  #3  #4  #5  #6  #7  #8  #9 #10 #11 #12 #13 #14 #15 #16 #17 #18 #19 #20 #21 #22 #23 #24 #25 #26 #27 #28 #29 #30 #31
[    0.151671] smp: Brought up 1 node, 32 CPUs
[    0.153292] smpboot: Total of 32 processors activated (287459.58 BogoMIPS)
[    0.161645] devtmpfs: initialized
[    0.162601] x86/mm: Memory block size: 128MB
[    0.164570] clocksource: jiffies: mask: 0xffffffff max_cycles: 0xffffffff, max_idle_ns: 1911260446275000 ns
[    0.165569] futex hash table entries: 8192 (order: 7, 524288 bytes, linear)
[    0.166664] PM: RTC time: 18:06:46, date: 2024-05-11
[    0.167945] NET: Registered PF_NETLINK/PF_ROUTE protocol family
[    0.168734] thermal_sys: Registered thermal governor 'step_wise'
[    0.168736] thermal_sys: Registered thermal governor 'user_space'
[    0.169580] cpuidle: using governor menu
[    0.171838] PCI: Using configuration type 1 for base access
[    0.172567] PCI: Using configuration type 1 for extended access
[    0.173659] kprobes: kprobe jump-optimization is enabled. All kprobes are optimized if possible.
[    0.191060] HugeTLB: registered 1.00 GiB page size, pre-allocated 0 pages
[    0.191569] HugeTLB: 16380 KiB vmemmap can be freed for a 1.00 GiB page
[    0.192492] HugeTLB: registered 2.00 MiB page size, pre-allocated 0 pages
[    0.192567] HugeTLB: 28 KiB vmemmap can be freed for a 2.00 MiB page
[    0.193491] Demotion targets for Node 0: null
[    0.193616] ACPI: Added _OSI(Module Device)
[    0.194178] ACPI: Added _OSI(Processor Device)
[    0.194571] ACPI: Added _OSI(3.0 _SCP Extensions)
[    0.195232] ACPI: Added _OSI(Processor Aggregator Device)
[    0.196320] ACPI: 1 ACPI AML tables successfully acquired and loaded
[    0.197157] ACPI: _OSC evaluation for CPUs failed, trying _PDC
[    0.197710] ACPI: Interpreter enabled
[    0.198223] ACPI: PM: (supports S0 S3 S4 S5)
[    0.198566] ACPI: Using IOAPIC for interrupt routing
[    0.199278] PCI: Using host bridge windows from ACPI; if necessary, use "pci=nocrs" and report a bug
[    0.199566] PCI: Using E820 reservations for host bridge windows
[    0.200493] ACPI: Enabled 2 GPEs in block 00 to 0F
[    0.203261] ACPI: PCI Root Bridge [PCI0] (domain 0000 [bus 00-ff])
[    0.203570] acpi PNP0A03:00: _OSC: OS supports [ExtendedConfig ASPM ClockPM Segments MSI HPX-Type3]
[    0.204661] PCI host bridge to bus 0000:00
[    0.205201] pci_bus 0000:00: root bus resource [io  0x0000-0x0cf7 window]
[    0.205566] pci_bus 0000:00: root bus resource [io  0x0d00-0xffff window]
[    0.206481] pci_bus 0000:00: root bus resource [mem 0x000a0000-0x000bffff window]
[    0.206567] pci_bus 0000:00: root bus resource [mem 0x40000000-0xfebfffff window]
[    0.207548] pci_bus 0000:00: root bus resource [mem 0x100000000-0x17fffffff window]
[    0.207566] pci_bus 0000:00: root bus resource [bus 00-ff]
[    0.208383] pci 0000:00:00.0: [8086:1237] type 00 class 0x060000 conventional PCI endpoint
[    0.208829] pci 0000:00:01.0: [8086:7000] type 00 class 0x060100 conventional PCI endpoint
[    0.209890] pci 0000:00:01.1: [8086:7010] type 00 class 0x010180 conventional PCI endpoint
[    0.213050] pci 0000:00:01.1: BAR 4 [io  0xc0c0-0xc0cf]
[    0.214570] pci 0000:00:01.1: BAR 0 [io  0x01f0-0x01f7]: legacy IDE quirk
[    0.215488] pci 0000:00:01.1: BAR 1 [io  0x03f6]: legacy IDE quirk
[    0.215566] pci 0000:00:01.1: BAR 2 [io  0x0170-0x0177]: legacy IDE quirk
[    0.216463] pci 0000:00:01.1: BAR 3 [io  0x0376]: legacy IDE quirk
[    0.216661] pci 0000:00:01.3: [8086:7113] type 00 class 0x068000 conventional PCI endpoint
[    0.218595] pci 0000:00:01.3: quirk: [io  0x0600-0x063f] claimed by PIIX4 ACPI
[    0.219558] pci 0000:00:01.3: quirk: [io  0x0700-0x070f] claimed by PIIX4 SMB
[    0.219737] pci 0000:00:02.0: [1af4:1009] type 00 class 0x000200 conventional PCI endpoint
[    0.221566] pci 0000:00:02.0: BAR 0 [io  0xc000-0xc03f]
[    0.223321] pci 0000:00:02.0: BAR 1 [mem 0xfebfc000-0xfebfcfff]
[    0.227567] pci 0000:00:02.0: BAR 4 [mem 0xfebf0000-0xfebf3fff 64bit pref]
[    0.229929] pci 0000:00:03.0: [1af4:1009] type 00 class 0x000200 conventional PCI endpoint
[    0.231566] pci 0000:00:03.0: BAR 0 [io  0xc040-0xc07f]
[    0.233258] pci 0000:00:03.0: BAR 1 [mem 0xfebfd000-0xfebfdfff]
[    0.237280] pci 0000:00:03.0: BAR 4 [mem 0xfebf4000-0xfebf7fff 64bit pref]
[    0.239137] pci 0000:00:04.0: [8086:25ab] type 00 class 0x088000 conventional PCI endpoint
[    0.240128] pci 0000:00:04.0: BAR 0 [mem 0xfebfe000-0xfebfe00f]
[    0.244235] pci 0000:00:05.0: [1af4:1003] type 00 class 0x078000 conventional PCI endpoint
[    0.245566] pci 0000:00:05.0: BAR 0 [io  0xc080-0xc0bf]
[    0.247272] pci 0000:00:05.0: BAR 1 [mem 0xfebff000-0xfebfffff]
[    0.251151] pci 0000:00:05.0: BAR 4 [mem 0xfebf8000-0xfebfbfff 64bit pref]
[    0.253358] ACPI: PCI: Interrupt link LNKA configured for IRQ 10
[    0.253687] ACPI: PCI: Interrupt link LNKB configured for IRQ 10
[    0.254591] ACPI: PCI: Interrupt link LNKC configured for IRQ 11
[    0.255531] ACPI: PCI: Interrupt link LNKD configured for IRQ 11
[    0.255643] ACPI: PCI: Interrupt link LNKS configured for IRQ 9
[    0.257395] iommu: Default domain type: Translated
[    0.257566] iommu: DMA domain TLB invalidation policy: lazy mode
[    0.258623] SCSI subsystem initialized
[    0.259178] pps_core: LinuxPPS API ver. 1 registered
[    0.259566] pps_core: Software ver. 5.3.6 - Copyright 2005-2007 Rodolfo Giometti <giometti@linux.it>
[    0.260568] PTP clock support registered
[    0.261130] Advanced Linux Sound Architecture Driver Initialized.
[    0.261906] NET: Registered PF_ATMPVC protocol family
[    0.262566] NET: Registered PF_ATMSVC protocol family
[    0.263265] PCI: Using ACPI for IRQ routing
[    0.263655] vgaarb: loaded
[    0.263958] hpet0: at MMIO 0xfed00000, IRQs 2, 8, 0
[    0.264567] hpet0: 3 comparators, 64-bit 100.000000 MHz counter
[    0.268075] clocksource: Switched to clocksource kvm-clock
[    0.268924] VFS: Disk quotas dquot_6.6.0
[    0.269073] VFS: Dquot-cache hash table entries: 512 (order 0, 4096 bytes)
[    0.270469] pnp: PnP ACPI init
[    0.271084] pnp: PnP ACPI: found 5 devices
[    0.279104] clocksource: acpi_pm: mask: 0xffffff max_cycles: 0xffffff, max_idle_ns: 2085701024 ns
[    0.280346] NET: Registered PF_INET protocol family
[    0.281020] IP idents hash table entries: 16384 (order: 5, 131072 bytes, linear)
[    0.282194] tcp_listen_portaddr_hash hash table entries: 512 (order: 1, 8192 bytes, linear)
[    0.283316] Table-perturb hash table entries: 65536 (order: 6, 262144 bytes, linear)
[    0.284354] TCP established hash table entries: 8192 (order: 4, 65536 bytes, linear)
[    0.285388] TCP bind hash table entries: 8192 (order: 6, 262144 bytes, linear)
[    0.286362] TCP: Hash tables configured (established 8192 bind 8192)
[    0.287224] UDP hash table entries: 512 (order: 2, 16384 bytes, linear)
[    0.288106] UDP-Lite hash table entries: 512 (order: 2, 16384 bytes, linear)
[    0.289069] NET: Registered PF_UNIX/PF_LOCAL protocol family
[    0.289831] pci_bus 0000:00: resource 4 [io  0x0000-0x0cf7 window]
[    0.290650] pci_bus 0000:00: resource 5 [io  0x0d00-0xffff window]
[    0.291472] pci_bus 0000:00: resource 6 [mem 0x000a0000-0x000bffff window]
[    0.292375] pci_bus 0000:00: resource 7 [mem 0x40000000-0xfebfffff window]
[    0.293284] pci_bus 0000:00: resource 8 [mem 0x100000000-0x17fffffff window]
[    0.294242] pci 0000:00:01.0: PIIX3: Enabling Passive Release
[    0.295007] pci 0000:00:00.0: Limiting direct PCI/PCI transfers
[    0.295825] PCI: CLS 0 bytes, default 64
[    0.296402] kvm_intel: VMX not supported by CPU 0
[    0.297034] kvm_amd: TSC scaling supported
[    0.297580] kvm_amd: Nested Virtualization enabled
[    0.298213] kvm_amd: Nested Paging enabled
[    0.298853] kvm_amd: Virtual VMLOAD VMSAVE supported
[    0.299513] kvm_amd: Virtual GIF supported
[    0.300052] kvm_amd: Virtual NMI enabled
[    0.300572] kvm_amd: LBR virtualization supported
[    0.400433] Initialise system trusted keyrings
[    0.401305] workingset: timestamp_bits=56 max_order=18 bucket_order=0
[    0.402487] squashfs: version 4.0 (2009/01/31) Phillip Lougher
[    0.403503] fuse: init (API version 7.40)
[    0.404243] 9p: Installing v9fs 9p2000 file system support
[    0.414263] Key type asymmetric registered
[    0.414984] Asymmetric key parser 'x509' registered
[    0.415848] Block layer SCSI generic (bsg) driver version 0.4 loaded (major 249)
[    0.417138] io scheduler mq-deadline registered
[    0.417933] io scheduler kyber registered
[    0.419815] input: Power Button as /devices/LNXSYSTM:00/LNXPWRBN:00/input/input0
[    0.421172] ACPI: button: Power Button [PWRF]
[    0.421976] Warning: Processor Platform Limit event detected, but not handled.
[    0.423228] Consider compiling CPUfreq support into your kernel.
[    0.445893] ACPI: \_SB_.LNKB: Enabled at IRQ 10
[    0.464522] ACPI: \_SB_.LNKC: Enabled at IRQ 11
[    0.482335] ACPI: \_SB_.LNKA: Enabled at IRQ 10
[    0.483725] Serial: 8250/16550 driver, 4 ports, IRQ sharing enabled
[    0.484706] 00:03: ttyS0 at I/O 0x3f8 (irq = 4, base_baud = 115200) is a 16550A
[    0.540719] Non-volatile memory driver v1.3
[    0.541457] Linux agpgart interface v0.103
[    0.541528] ACPI: bus type drm_connector registered
[    0.542876] printk: legacy console [hvc0] enabled
[    0.543531] printk: legacy bootconsole [earlyser0] disabled
          _      _                                    
   __   _(_)_ __| |_ _ __ ___   ___       _ __   __ _ 
   \ \ / / |  __| __|  _   _ \ / _ \_____|  _ \ / _  |
    \ V /| | |  | |_| | | | | |  __/_____| | | | (_| |
     \_/ |_|_|   \__|_| |_| |_|\___|     |_| |_|\__  |
                                                |___/ 
   kernel version: 6.9.0-rc7-virtme x86_64
   (CTRL+d to exit)

virtme-ng:/nipa-data/kernel# PS1='xx__-> '
xx__-> env
PWD=/nipa-data/kernel
nr_open=1048576
HOME=/root
TERM=xterm
SHLVL=2
XDG_RUNTIME_DIR=/run/user/0
PATH=/bin:/sbin:/usr/bin:/usr/sbin:/usr/local/bin
OLDPWD=/
_=/usr/bin/env
xx__-> 