No EFI environment detected.
early console in extract_kernel
input_data: 0x0000000004cb72c4
input_len: 0x000000000186fd91
output: 0x0000000001000000
output_len: 0x00000000054b1870
kernel_total_size: 0x0000000005030000
needed_size: 0x0000000005600000
trampoline_32bit: 0x000000000009d000
Physical KASLR using RDRAND RDTSC...
Virtual KASLR using RDRAND RDTSC...

Decompressing Linux... Parsing ELF... Performing relocations... done.
Booting the kernel (entry_offset: 0x0000000000000000).
[    0.000000] Linux version 6.10.0-rc7-virtme (root@0e8b86156153) (gcc (Ubuntu 13.2.0-23ubuntu4) 13.2.0, GNU ld (GNU Binutils for Ubuntu) 2.42) #1 SMP PREEMPT_DYNAMIC Sat Jul 13 06:27:29 UTC 2024
[    0.000000] Command line: virtme_hostname=virtme-ng nr_open=1048576 virtme_link_mods=/nipa-data/kernel/.virtme_mods/lib/modules/0.0.0 virtme_initmount0=nipa-data/kernel virtme_rw_overlay0=/etc virtme_rw_overlay1=/lib virtme_rw_overlay2=/home virtme_rw_overlay3=/opt virtme_rw_overlay4=/srv virtme_rw_overlay5=/usr virtme_rw_overlay6=/var console=hvc0 earlyprintk=serial,ttyS0,115200 virtme_console=ttyS0 psmouse.proto=exps TERM=xterm virtme_chdir=nipa-data/kernel virtme_root_user=1 rootfstype=9p rootflags=version=9p2000.L,trans=virtio,access=any raid=noautodetect ro init=/usr/lib/python3/dist-packages/virtme/guest/virtme-init
[    0.000000] x86/split lock detection: #DB: warning on user-space bus_locks
[    0.000000] BIOS-provided physical RAM map:
[    0.000000] BIOS-e820: [mem 0x0000000000000000-0x000000000009fbff] usable
[    0.000000] BIOS-e820: [mem 0x000000000009fc00-0x000000000009ffff] reserved
[    0.000000] BIOS-e820: [mem 0x00000000000f0000-0x00000000000fffff] reserved
[    0.000000] BIOS-e820: [mem 0x0000000000100000-0x000000003ffdffff] usable
[    0.000000] BIOS-e820: [mem 0x000000003ffe0000-0x000000003fffffff] reserved
[    0.000000] BIOS-e820: [mem 0x00000000feffc000-0x00000000feffffff] reserved
[    0.000000] BIOS-e820: [mem 0x00000000fffc0000-0x00000000ffffffff] reserved
[    0.000000] printk: legacy bootconsole [earlyser0] enabled
[    0.000000] NX (Execute Disable) protection: active
[    0.000000] APIC: Static calls initialized
[    0.000000] SMBIOS 3.0.0 present.
[    0.000000] DMI: QEMU Ubuntu 24.04 PC (i440FX + PIIX, 1996), BIOS 1.16.3-debian-1.16.3-2 04/01/2014
[    0.000000] DMI: Memory slots populated: 1/1
[    0.000000] Hypervisor detected: KVM
[    0.000000] kvm-clock: Using msrs 4b564d01 and 4b564d00
[    0.000001] kvm-clock: using sched offset of 1294162566 cycles
[    0.000775] clocksource: kvm-clock: mask: 0xffffffffffffffff max_cycles: 0x1cd42e4dffb, max_idle_ns: 881590591483 ns
[    0.003172] tsc: Detected 2000.000 MHz processor
[    0.004480] last_pfn = 0x3ffe0 max_arch_pfn = 0x10000000000
[    0.005359] MTRR map: 4 entries (3 fixed + 1 variable; max 19), built from 8 variable MTRRs
[    0.006585] x86/PAT: Configuration [0-7]: WB  WC  UC- UC  WB  WP  UC- WT  
[    0.015812] found SMP MP-table at [mem 0x000f5470-0x000f547f]
[    0.016677] Using GB pages for direct mapping
[    0.017534] ACPI: Early table checksum verification disabled
[    0.018368] ACPI: RSDP 0x00000000000F5290 000014 (v00 BOCHS )
[    0.019219] ACPI: RSDT 0x000000003FFE308E 000034 (v01 BOCHS  BXPC     00000001 BXPC 00000001)
[    0.020481] ACPI: FACP 0x000000003FFE2D8A 000074 (v01 BOCHS  BXPC     00000001 BXPC 00000001)
[    0.021740] ACPI: DSDT 0x000000003FFE0040 002D4A (v01 BOCHS  BXPC     00000001 BXPC 00000001)
[    0.022995] ACPI: FACS 0x000000003FFE0000 000040
[    0.023678] ACPI: APIC 0x000000003FFE2DFE 000230 (v03 BOCHS  BXPC     00000001 BXPC 00000001)
[    0.024937] ACPI: HPET 0x000000003FFE302E 000038 (v01 BOCHS  BXPC     00000001 BXPC 00000001)
[    0.026193] ACPI: WAET 0x000000003FFE3066 000028 (v01 BOCHS  BXPC     00000001 BXPC 00000001)
[    0.027444] ACPI: Reserving FACP table memory at [mem 0x3ffe2d8a-0x3ffe2dfd]
[    0.028480] ACPI: Reserving DSDT table memory at [mem 0x3ffe0040-0x3ffe2d89]
[    0.029512] ACPI: Reserving FACS table memory at [mem 0x3ffe0000-0x3ffe003f]
[    0.030552] ACPI: Reserving APIC table memory at [mem 0x3ffe2dfe-0x3ffe302d]
[    0.031583] ACPI: Reserving HPET table memory at [mem 0x3ffe302e-0x3ffe3065]
[    0.032617] ACPI: Reserving WAET table memory at [mem 0x3ffe3066-0x3ffe308d]
[    0.034158] No NUMA configuration found
[    0.034722] Faking a node at [mem 0x0000000000000000-0x000000003ffdffff]
[    0.035705] NODE_DATA(0) allocated [mem 0x3ffdb000-0x3ffdffff]
[    0.036722] Zone ranges:
[    0.037094]   DMA      [mem 0x0000000000001000-0x0000000000ffffff]
[    0.038001]   DMA32    [mem 0x0000000001000000-0x000000003ffdffff]
[    0.038907]   Normal   empty
[    0.039331]   Device   empty
[    0.039755] Movable zone start for each node
[    0.040383] Early memory node ranges
[    0.040906]   node   0: [mem 0x0000000000001000-0x000000000009efff]
[    0.041823]   node   0: [mem 0x0000000000100000-0x000000003ffdffff]
[    0.042740] Initmem setup node 0 [mem 0x0000000000001000-0x000000003ffdffff]
[    0.043778] On node 0, zone DMA: 1 pages in unavailable ranges
[    0.044740] On node 0, zone DMA: 97 pages in unavailable ranges
[    0.054308] On node 0, zone DMA32: 32 pages in unavailable ranges
[    0.088467] kasan: KernelAddressSanitizer initialized
[    0.089778] ACPI: PM-Timer IO Port: 0x608
[    0.090398] ACPI: LAPIC_NMI (acpi_id[0xff] dfl dfl lint[0x1])
[    0.091298] IOAPIC[0]: apic_id 0, version 17, address 0xfec00000, GSI 0-23
[    0.092325] ACPI: INT_SRC_OVR (bus 0 bus_irq 0 global_irq 2 dfl dfl)
[    0.093259] ACPI: INT_SRC_OVR (bus 0 bus_irq 5 global_irq 5 high level)
[    0.094226] ACPI: INT_SRC_OVR (bus 0 bus_irq 9 global_irq 9 high level)
[    0.095193] ACPI: INT_SRC_OVR (bus 0 bus_irq 10 global_irq 10 high level)
[    0.096189] ACPI: INT_SRC_OVR (bus 0 bus_irq 11 global_irq 11 high level)
[    0.097187] ACPI: Using ACPI (MADT) for SMP configuration information
[    0.098128] ACPI: HPET id: 0x8086a201 base: 0xfed00000
[    0.098884] TSC deadline timer available
[    0.099462] CPU topo: Max. logical packages:   1
[    0.100230] CPU topo: Max. logical dies:       1
[    0.100906] CPU topo: Max. dies per package:   1
[    0.101583] CPU topo: Max. threads per core:   1
[    0.102258] CPU topo: Num. cores per package:    56
[    0.102970] CPU topo: Num. threads per package:  56
[    0.103682] CPU topo: Allowing 56 present CPUs plus 0 hotplug CPUs
[    0.104621] kvm-guest: APIC: eoi() replaced with kvm_guest_apic_eoi_write()
[    0.105660] kvm-guest: KVM setup pv remote TLB flush
[    0.106390] kvm-guest: setup PV sched yield
[    0.107012] PM: hibernation: Registered nosave memory: [mem 0x00000000-0x00000fff]
[    0.108123] PM: hibernation: Registered nosave memory: [mem 0x0009f000-0x0009ffff]
[    0.109233] PM: hibernation: Registered nosave memory: [mem 0x000a0000-0x000effff]
[    0.110338] PM: hibernation: Registered nosave memory: [mem 0x000f0000-0x000fffff]
[    0.111444] [mem 0x40000000-0xfeffbfff] available for PCI devices
[    0.112341] Booting paravirtualized kernel on KVM
[    0.113030] clocksource: refined-jiffies: mask: 0xffffffff max_cycles: 0xffffffff, max_idle_ns: 1910969940391419 ns
[    0.135750] setup_percpu: NR_CPUS:64 nr_cpumask_bits:56 nr_cpu_ids:56 nr_node_ids:1
[    0.146333] percpu: Embedded 70 pages/cpu s248536 r8192 d29992 u524288
[    0.147507] Kernel command line: virtme_hostname=virtme-ng nr_open=1048576 virtme_link_mods=/nipa-data/kernel/.virtme_mods/lib/modules/0.0.0 virtme_initmount0=nipa-data/kernel virtme_rw_overlay0=/etc virtme_rw_overlay1=/lib virtme_rw_overlay2=/home virtme_rw_overlay3=/opt virtme_rw_overlay4=/srv virtme_rw_overlay5=/usr virtme_rw_overlay6=/var console=hvc0 earlyprintk=serial,ttyS0,115200 virtme_console=ttyS0 psmouse.proto=exps TERM=xterm virtme_chdir=nipa-data/kernel virtme_root_user=1 rootfstype=9p rootflags=version=9p2000.L,trans=virtio,access=any raid=noautodetect ro init=/usr/lib/python3/dist-packages/virtme/guest/virtme-init
[    0.156070] Unknown kernel command line parameters "virtme_hostname=virtme-ng nr_open=1048576 virtme_link_mods=/nipa-data/kernel/.virtme_mods/lib/modules/0.0.0 virtme_initmount0=nipa-data/kernel virtme_rw_overlay0=/etc virtme_rw_overlay1=/lib virtme_rw_overlay2=/home virtme_rw_overlay3=/opt virtme_rw_overlay4=/srv virtme_rw_overlay5=/usr virtme_rw_overlay6=/var virtme_console=ttyS0 virtme_chdir=nipa-data/kernel virtme_root_user=1", will be passed to user space.
[    0.162148] random: crng init done
[    0.162653] printk: log_buf_len individual max cpu contribution: 4096 bytes
[    0.163683] printk: log_buf_len total cpu_extra contributions: 225280 bytes
[    0.164716] printk: log_buf_len min size: 262144 bytes
[    0.166307] printk: log_buf_len: 524288 bytes
[    0.166980] printk: early log buf free: 253864(96%)
[    0.168172] Dentry cache hash table entries: 131072 (order: 8, 1048576 bytes, linear)
[    0.169409] Inode-cache hash table entries: 65536 (order: 7, 524288 bytes, linear)
[    0.173194] Fallback order for Node 0: 0 
[    0.173210] Built 1 zonelists, mobility grouping on.  Total pages: 262014
[    0.174756] Policy zone: DMA32
[    0.175187] mem auto-init: stack:all(zero), heap alloc:off, heap free:off
[    0.176150] stackdepot: allocating hash table via alloc_large_system_hash
[    0.177107] stackdepot hash table entries: 1048576 (order: 12, 16777216 bytes, linear)
[    0.200952] Memory: 767464K/1048056K available (45056K kernel code, 11218K rwdata, 9856K rodata, 5920K init, 2128K bss, 280392K reserved, 0K cma-reserved)
[    0.203453] SLUB: HWalign=64, Order=0-3, MinObjects=0, CPUs=56, Nodes=1
Poking KASLR using RDRAND RDTSC...
[    0.204989] ftrace: allocating 48042 entries in 188 pages
[    0.225291] ftrace: allocated 188 pages with 5 groups
[    0.227957] Dynamic Preempt: voluntary
[    0.230551] rcu: Preemptible hierarchical RCU implementation.
[    0.231369] rcu: RCU event tracing is enabled.
[    0.232007] rcu: RCU restricting CPUs from NR_CPUS=64 to nr_cpu_ids=56.
[    0.232962] Trampoline variant of Tasks RCU enabled.
[    0.233670] Rude variant of Tasks RCU enabled.
[    0.234305] Tracing variant of Tasks RCU enabled.
[    0.234977] rcu: RCU calculated value of scheduler-enlistment delay is 100 jiffies.
[    0.236052] rcu: Adjusting geometry for rcu_fanout_leaf=16, nr_cpu_ids=56
[    0.237313] RCU Tasks: Setting shift to 6 and lim to 1 rcu_task_cb_adjust=1.
[    0.238309] RCU Tasks Rude: Setting shift to 6 and lim to 1 rcu_task_cb_adjust=1.
[    0.239365] RCU Tasks Trace: Setting shift to 6 and lim to 1 rcu_task_cb_adjust=1.
[    0.260592] NR_IRQS: 4352, nr_irqs: 872, preallocated irqs: 16
[    0.261967] rcu: srcu_init: Setting srcu_struct sizes based on contention.
[    0.263431] Console: colour *CGA 80x25
[    0.264057] ACPI: Core revision 20240322
[    0.264980] clocksource: hpet: mask: 0xffffffff max_cycles: 0xffffffff, max_idle_ns: 19112604467 ns
[    0.266406] APIC: Switch to symmetric I/O mode setup
[    0.267186] APIC: Switched APIC routing to: physical flat
[    0.268000] kvm-guest: APIC: send_IPI_mask() replaced with kvm_send_ipi_mask()
[    0.269051] kvm-guest: APIC: send_IPI_mask_allbutself() replaced with kvm_send_ipi_mask_allbutself()
[    0.270347] kvm-guest: setup PV IPIs
[    0.272560] ..TIMER: vector=0x30 apic1=0 pin1=2 apic2=-1 pin2=-1
[    0.273926] clocksource: tsc-early: mask: 0xffffffffffffffff max_cycles: 0x39a85c9bff6, max_idle_ns: 881590591483 ns
[    0.276259] Calibrating delay loop (skipped) preset value.. 4000.00 BogoMIPS (lpj=2000000)
[    0.277487] x86/cpu: User Mode Instruction Prevention (UMIP) activated
[    0.278397] Last level iTLB entries: 4KB 0, 2MB 0, 4MB 0
[    0.279255] Last level dTLB entries: 4KB 0, 2MB 0, 4MB 0, 1GB 0
[    0.280278] Spectre V1 : Mitigation: usercopy/swapgs barriers and __user pointer sanitization
[    0.281264] Spectre V2 : Spectre BHI mitigation: SW BHB clearing on vm exit
[    0.282255] Spectre V2 : Spectre BHI mitigation: SW BHB clearing on syscall
[    0.283255] Spectre V2 : Mitigation: Enhanced / Automatic IBRS
[    0.284255] Spectre V2 : Spectre v2 / SpectreRSB mitigation: Filling RSB on context switch
[    0.285255] Spectre V2 : Spectre v2 / PBRSB-eIBRS: Retire a single CALL on VMEXIT
[    0.286258] Spectre V2 : mitigation: Enabling conditional Indirect Branch Prediction Barrier
[    0.287269] Speculative Store Bypass: Mitigation: Speculative Store Bypass disabled via prctl
[    0.288264] TAA: Mitigation: TSX disabled
[    0.289356] x86/fpu: Supporting XSAVE feature 0x001: 'x87 floating point registers'
[    0.290257] x86/fpu: Supporting XSAVE feature 0x002: 'SSE registers'
[    0.291255] x86/fpu: Supporting XSAVE feature 0x004: 'AVX registers'
[    0.292264] x86/fpu: Supporting XSAVE feature 0x020: 'AVX-512 opmask'
[    0.293264] x86/fpu: Supporting XSAVE feature 0x040: 'AVX-512 Hi256'
[    0.294264] x86/fpu: Supporting XSAVE feature 0x080: 'AVX-512 ZMM_Hi256'
[    0.295264] x86/fpu: Supporting XSAVE feature 0x200: 'Protection Keys User registers'
[    0.296264] x86/fpu: Supporting XSAVE feature 0x20000: 'AMX Tile config'
[    0.297264] x86/fpu: Supporting XSAVE feature 0x40000: 'AMX Tile data'
[    0.298265] x86/fpu: xstate_offset[2]:  576, xstate_sizes[2]:  256
[    0.299265] x86/fpu: xstate_offset[5]:  832, xstate_sizes[5]:   64
[    0.300264] x86/fpu: xstate_offset[6]:  896, xstate_sizes[6]:  512
[    0.301264] x86/fpu: xstate_offset[7]: 1408, xstate_sizes[7]: 1024
[    0.302265] x86/fpu: xstate_offset[9]: 2432, xstate_sizes[9]:    8
[    0.303265] x86/fpu: xstate_offset[17]: 2496, xstate_sizes[17]:   64
[    0.304264] x86/fpu: xstate_offset[18]: 2560, xstate_sizes[18]: 8192
[    0.305264] x86/fpu: Enabled xstate features 0x602e7, context size is 10752 bytes, using 'compacted' format.
[    0.351053] Freeing SMP alternatives memory: 40K
[    0.351260] pid_max: default: 57344 minimum: 448
[    0.353454] Mount-cache hash table entries: 2048 (order: 2, 16384 bytes, linear)
[    0.354258] Mountpoint-cache hash table entries: 2048 (order: 2, 16384 bytes, linear)
[    0.357253] smpboot: CPU0: Intel(R) Xeon(R) Platinum 8480+ (family: 0x6, model: 0x8f, stepping: 0x6)
[    0.358094] Performance Events: PEBS fmt0-, Sapphire Rapids events, full-width counters, Intel PMU driver.
[    0.358262] ... version:                2
[    0.359080] ... bit width:              48
[    0.359258] ... generic registers:      8
[    0.360075] ... value mask:             0000ffffffffffff
[    0.360257] ... max period:             00007fffffffffff
[    0.361257] ... fixed-purpose events:   3
[    0.362076] ... event mask:             00000007000000ff
[    0.362607] signal: max sigframe size: 11952
[    0.363326] rcu: Hierarchical SRCU implementation.
[    0.364258] rcu: Max phase no-delay instances is 400.
[    0.367985] smp: Bringing up secondary CPUs ...
[    0.368550] smpboot: x86: Booting SMP configuration:
[    0.369262] .... node  #0, CPUs:        #1  #2  #3  #4  #5  #6  #7  #8  #9 #10 #11 #12 #13 #14 #15 #16 #17 #18 #19 #20 #21 #22 #23 #24 #25 #26 #27 #28 #29 #30 #31 #32 #33 #34 #35 #36 #37 #38 #39 #40 #41 #42 #43 #44 #45 #46 #47 #48 #49 #50 #51 #52 #53 #54 #55
[    0.438533] smp: Brought up 1 node, 56 CPUs
[    0.440105] smpboot: Total of 56 processors activated (224000.00 BogoMIPS)
[    0.458266] devtmpfs: initialized
[    0.459526] x86/mm: Memory block size: 128MB
[    0.469664] clocksource: jiffies: mask: 0xffffffff max_cycles: 0xffffffff, max_idle_ns: 1911260446275000 ns
[    0.470281] futex hash table entries: 16384 (order: 8, 1048576 bytes, linear)
[    0.472260] PM: RTC time: 06:28:14, date: 2024-07-13
[    0.476431] NET: Registered PF_NETLINK/PF_ROUTE protocol family
[    0.478434] thermal_sys: Registered thermal governor 'step_wise'
[    0.478438] thermal_sys: Registered thermal governor 'user_space'
[    0.479332] cpuidle: using governor menu
[    0.483896] PCI: Using configuration type 1 for base access
[    0.484444] kprobes: kprobe jump-optimization is enabled. All kprobes are optimized if possible.
[    0.533098] HugeTLB: registered 1.00 GiB page size, pre-allocated 0 pages
[    0.535267] HugeTLB: 16380 KiB vmemmap can be freed for a 1.00 GiB page
[    0.537260] HugeTLB: registered 2.00 MiB page size, pre-allocated 0 pages
[    0.538258] HugeTLB: 28 KiB vmemmap can be freed for a 2.00 MiB page
[    0.541281] Demotion targets for Node 0: null
[    0.543559] ACPI: Added _OSI(Module Device)
[    0.544259] ACPI: Added _OSI(Processor Device)
[    0.545258] ACPI: Added _OSI(3.0 _SCP Extensions)
[    0.546258] ACPI: Added _OSI(Processor Aggregator Device)
[    0.579433] ACPI: 1 ACPI AML tables successfully acquired and loaded
[    0.585722] ACPI: _OSC evaluation for CPUs failed, trying _PDC
[    0.591314] ACPI: Interpreter enabled
[    0.592160] ACPI: PM: (supports S0 S3 S4 S5)
[    0.593258] ACPI: Using IOAPIC for interrupt routing
[    0.594328] PCI: Using host bridge windows from ACPI; if necessary, use "pci=nocrs" and report a bug
[    0.596257] PCI: Using E820 reservations for host bridge windows
[    0.597729] ACPI: Enabled 2 GPEs in block 00 to 0F
[    0.660234] ACPI: PCI Root Bridge [PCI0] (domain 0000 [bus 00-ff])
[    0.662275] acpi PNP0A03:00: _OSC: OS supports [ASPM ClockPM Segments MSI HPX-Type3]
[    0.663259] acpi PNP0A03:00: _OSC: not requesting OS control; OS requires [ExtendedConfig ASPM ClockPM MSI]
[    0.665393] acpi PNP0A03:00: fail to add MMCONFIG information, can't access extended configuration space under this bridge
[    0.667707] PCI host bridge to bus 0000:00
[    0.668262] pci_bus 0000:00: root bus resource [io  0x0000-0x0cf7 window]
[    0.669261] pci_bus 0000:00: root bus resource [io  0x0d00-0xffff window]
[    0.671260] pci_bus 0000:00: root bus resource [mem 0x000a0000-0x000bffff window]
[    0.672260] pci_bus 0000:00: root bus resource [mem 0x40000000-0xfebfffff window]
[    0.674260] pci_bus 0000:00: root bus resource [mem 0x100000000-0x17fffffff window]
[    0.675261] pci_bus 0000:00: root bus resource [bus 00-ff]
[    0.676387] pci 0000:00:00.0: [8086:1237] type 00 class 0x060000 conventional PCI endpoint
[    0.679519] pci 0000:00:01.0: [8086:7000] type 00 class 0x060100 conventional PCI endpoint
[    0.681649] pci 0000:00:01.1: [8086:7010] type 00 class 0x010180 conventional PCI endpoint
[    0.686579] pci 0000:00:01.1: BAR 4 [io  0xc0c0-0xc0cf]
[    0.688644] pci 0000:00:01.1: BAR 0 [io  0x01f0-0x01f7]: legacy IDE quirk
[    0.690258] pci 0000:00:01.1: BAR 1 [io  0x03f6]: legacy IDE quirk
[    0.691257] pci 0000:00:01.1: BAR 2 [io  0x0170-0x0177]: legacy IDE quirk
[    0.692257] pci 0000:00:01.1: BAR 3 [io  0x0376]: legacy IDE quirk
[    0.696253] pci 0000:00:01.3: [8086:7113] type 00 class 0x068000 conventional PCI endpoint
[    0.697871] pci 0000:00:01.3: quirk: [io  0x0600-0x063f] claimed by PIIX4 ACPI
[    0.699268] pci 0000:00:01.3: quirk: [io  0x0700-0x070f] claimed by PIIX4 SMB
[    0.701296] pci 0000:00:02.0: [1af4:1009] type 00 class 0x000200 conventional PCI endpoint
[    0.705002] pci 0000:00:02.0: BAR 0 [io  0xc000-0xc03f]
[    0.707261] pci 0000:00:02.0: BAR 1 [mem 0xfebfc000-0xfebfcfff]
[    0.713261] pci 0000:00:02.0: BAR 4 [mem 0xfebf0000-0xfebf3fff 64bit pref]
[    0.728449] pci 0000:00:03.0: [1af4:1009] type 00 class 0x000200 conventional PCI endpoint
[    0.731178] pci 0000:00:03.0: BAR 0 [io  0xc040-0xc07f]
[    0.733137] pci 0000:00:03.0: BAR 1 [mem 0xfebfd000-0xfebfdfff]
[    0.737263] pci 0000:00:03.0: BAR 4 [mem 0xfebf4000-0xfebf7fff 64bit pref]
[    0.751747] pci 0000:00:04.0: [8086:25ab] type 00 class 0x088000 conventional PCI endpoint
[    0.753928] pci 0000:00:04.0: BAR 0 [mem 0xfebfe000-0xfebfe00f]
[    0.768943] pci 0000:00:05.0: [1af4:1003] type 00 class 0x078000 conventional PCI endpoint
[    0.771202] pci 0000:00:05.0: BAR 0 [io  0xc080-0xc0bf]
[    0.773261] pci 0000:00:05.0: BAR 1 [mem 0xfebff000-0xfebfffff]
[    0.778262] pci 0000:00:05.0: BAR 4 [mem 0xfebf8000-0xfebfbfff 64bit pref]
[    0.795895] ACPI: PCI: Interrupt link LNKA configured for IRQ 10
[    0.797342] ACPI: PCI: Interrupt link LNKB configured for IRQ 10
[    0.799662] ACPI: PCI: Interrupt link LNKC configured for IRQ 11
[    0.801301] ACPI: PCI: Interrupt link LNKD configured for IRQ 11
[    0.803696] ACPI: PCI: Interrupt link LNKS configured for IRQ 9
[    0.835311] iommu: Default domain type: Translated
[    0.836253] iommu: DMA domain TLB invalidation policy: lazy mode
[    0.837855] SCSI subsystem initialized
[    0.840278] pps_core: LinuxPPS API ver. 1 registered
[    0.840278] pps_core: Software ver. 5.3.6 - Copyright 2005-2007 Rodolfo Giometti <giometti@linux.it>
[    0.841253] PTP clock support registered
[    0.844508] Advanced Linux Sound Architecture Driver Initialized.
[    0.847253] NET: Registered PF_ATMPVC protocol family
[    0.849260] NET: Registered PF_ATMSVC protocol family
[    0.850290] PCI: Using ACPI for IRQ routing
[    0.851427] vgaarb: loaded
[    0.853470] hpet0: at MMIO 0xfed00000, IRQs 2, 8, 0
[    0.854257] hpet0: 3 comparators, 64-bit 100.000000 MHz counter
[    0.860754] clocksource: Switched to clocksource kvm-clock
[    0.862611] VFS: Disk quotas dquot_6.6.0
[    0.863475] VFS: Dquot-cache hash table entries: 512 (order 0, 4096 bytes)
[    0.868840] pnp: PnP ACPI init
[    0.872738] pnp: PnP ACPI: found 5 devices
[    0.891955] clocksource: acpi_pm: mask: 0xffffff max_cycles: 0xffffff, max_idle_ns: 2085701024 ns
[    0.893942] NET: Registered PF_INET protocol family
[    0.895061] IP idents hash table entries: 16384 (order: 5, 131072 bytes, linear)
[    0.897354] tcp_listen_portaddr_hash hash table entries: 512 (order: 1, 8192 bytes, linear)
[    0.899112] Table-perturb hash table entries: 65536 (order: 6, 262144 bytes, linear)
[    0.900752] TCP established hash table entries: 8192 (order: 4, 65536 bytes, linear)
[    0.902369] TCP bind hash table entries: 8192 (order: 6, 262144 bytes, linear)
[    0.903889] TCP: Hash tables configured (established 8192 bind 8192)
[    0.905556] UDP hash table entries: 512 (order: 2, 16384 bytes, linear)
[    0.906921] UDP-Lite hash table entries: 512 (order: 2, 16384 bytes, linear)
[    0.908799] NET: Registered PF_UNIX/PF_LOCAL protocol family
[    0.909997] pci_bus 0000:00: resource 4 [io  0x0000-0x0cf7 window]
[    0.911276] pci_bus 0000:00: resource 5 [io  0x0d00-0xffff window]
[    0.912544] pci_bus 0000:00: resource 6 [mem 0x000a0000-0x000bffff window]
[    0.913956] pci_bus 0000:00: resource 7 [mem 0x40000000-0xfebfffff window]
[    0.915369] pci_bus 0000:00: resource 8 [mem 0x100000000-0x17fffffff window]
[    0.917053] pci 0000:00:01.0: PIIX3: Enabling Passive Release
[    0.918228] pci 0000:00:00.0: Limiting direct PCI/PCI transfers
[    0.919547] PCI: CLS 0 bytes, default 64
[    0.938169] RAPL PMU: API unit is 2^-32 Joules, 1 fixed counters, 10737418240 ms ovfl timer
[    0.940164] RAPL PMU: hw unit of domain psys 2^-0 Joules
[    1.278120] kwatchdog (374) used greatest stack depth: 30696 bytes left
[    1.526780] kvm_amd: CPU 0 isn't AMD or Hygon
[    1.527718] clocksource: tsc: mask: 0xffffffffffffffff max_cycles: 0x39a85c9bff6, max_idle_ns: 881590591483 ns
[    1.681053] Initialise system trusted keyrings
[    1.682810] workingset: timestamp_bits=56 max_order=18 bucket_order=0
[    1.684597] squashfs: version 4.0 (2009/01/31) Phillip Lougher
[    1.685825] fuse: init (API version 7.40)
[    1.687463] 9p: Installing v9fs 9p2000 file system support
[    1.707599] Key type asymmetric registered
[    1.708456] Asymmetric key parser 'x509' registered
[    1.709560] Block layer SCSI generic (bsg) driver version 0.4 loaded (major 249)
[    1.711143] io scheduler mq-deadline registered
[    1.712091] io scheduler kyber registered
[    1.732733] input: Power Button as /devices/LNXSYSTM:00/LNXPWRBN:00/input/input0
[    1.734714] ACPI: button: Power Button [PWRF]
[    1.735820] Warning: Processor Platform Limit event detected, but not handled.
[    1.737311] Consider compiling CPUfreq support into your kernel.
[    2.623148] ACPI: \_SB_.LNKB: Enabled at IRQ 10
[    3.499643] ACPI: \_SB_.LNKC: Enabled at IRQ 11
[    4.376265] ACPI: \_SB_.LNKA: Enabled at IRQ 10
[    4.379206] Serial: 8250/16550 driver, 4 ports, IRQ sharing enabled
[    4.380980] 00:03: ttyS0 at I/O 0x3f8 (irq = 4, base_baud = 115200) is a 16550A
[    4.415791] Non-volatile memory driver v1.3
[    4.416816] Linux agpgart interface v0.103
[    4.417924] ACPI: bus type drm_connector registered
[    4.419976] printk: legacy console [hvc0] enabled
[    4.421019] printk: legacy bootconsole [earlyser0] disabled
          _      _                                    
   __   _(_)_ __| |_ _ __ ___   ___       _ __   __ _ 
   \ \ / / |  __| __|  _   _ \ / _ \_____|  _ \ / _  |
    \ V /| | |  | |_| | | | | |  __/_____| | | | (_| |
     \_/ |_|_|   \__|_| |_| |_|\___|     |_| |_|\__  |
                                                |___/ 
   kernel version: 6.10.0-rc7-virtme x86_64
   (CTRL+d to exit)

root@virtme-ng:/nipa-data/kernel# PS1='xx__-> '
xx__-> env
PWD=/nipa-data/kernel
nr_open=1048576
HOME=/
TERM=xterm
SHLVL=2
XDG_RUNTIME_DIR=/run/user/0
PATH=/bin:/sbin:/usr/bin:/usr/sbin:/usr/local/bin
OLDPWD=/
_=/bin/env
xx__-> 