No EFI environment detected.
early console in extract_kernel
input_data: 0x0000000004cc22c4
input_len: 0x000000000188ea7d
output: 0x0000000001000000
output_len: 0x00000000054db3b4
kernel_total_size: 0x0000000005030000
needed_size: 0x0000000005600000
trampoline_32bit: 0x000000000009d000
Physical KASLR using RDRAND RDTSC...
Virtual KASLR using RDRAND RDTSC...

Decompressing Linux... Parsing ELF... Performing relocations... done.
Booting the kernel (entry_offset: 0x0000000000000000).
[    0.000000] Linux version 6.10.0-virtme (root@25fd08527b90) (gcc (Ubuntu 13.2.0-23ubuntu4) 13.2.0, GNU ld (GNU Binutils for Ubuntu) 2.42) #1 SMP PREEMPT_DYNAMIC Mon Jul 29 09:27:39 UTC 2024
[    0.000000] Command line: virtme_hostname=virtme-ng nr_open=1048576 virtme_link_mods=/nipa-data/kernel/.virtme_mods/lib/modules/0.0.0 virtme_initmount0=nipa-data/kernel virtme_rw_overlay0=/etc virtme_rw_overlay1=/lib virtme_rw_overlay2=/home virtme_rw_overlay3=/opt virtme_rw_overlay4=/srv virtme_rw_overlay5=/usr virtme_rw_overlay6=/var console=hvc0 earlyprintk=serial,ttyS0,115200 virtme_console=ttyS0 psmouse.proto=exps TERM=xterm virtme_chdir=nipa-data/kernel virtme_root_user=1 rootfstype=9p rootflags=version=9p2000.L,trans=virtio,access=any raid=noautodetect ro init=/usr/lib/python3/dist-packages/virtme/guest/virtme-init
[    0.000000] x86/split lock detection: #DB: warning on user-space bus_locks
[    0.000000] BIOS-provided physical RAM map:
[    0.000000] BIOS-e820: [mem 0x0000000000000000-0x000000000009fbff] usable
[    0.000000] BIOS-e820: [mem 0x000000000009fc00-0x000000000009ffff] reserved
[    0.000000] BIOS-e820: [mem 0x00000000000f0000-0x00000000000fffff] reserved
[    0.000000] BIOS-e820: [mem 0x0000000000100000-0x000000003ffdffff] usable
[    0.000000] BIOS-e820: [mem 0x000000003ffe0000-0x000000003fffffff] reserved
[    0.000000] BIOS-e820: [mem 0x00000000feffc000-0x00000000feffffff] reserved
[    0.000000] BIOS-e820: [mem 0x00000000fffc0000-0x00000000ffffffff] reserved
[    0.000000] printk: legacy bootconsole [earlyser0] enabled
[    0.000000] NX (Execute Disable) protection: active
[    0.000000] APIC: Static calls initialized
[    0.000000] SMBIOS 3.0.0 present.
[    0.000000] DMI: QEMU Ubuntu 24.04 PC (i440FX + PIIX, 1996), BIOS 1.16.3-debian-1.16.3-2 04/01/2014
[    0.000000] DMI: Memory slots populated: 1/1
[    0.000000] Hypervisor detected: KVM
[    0.000000] kvm-clock: Using msrs 4b564d01 and 4b564d00
[    0.000001] kvm-clock: using sched offset of 1236081910 cycles
[    0.000748] clocksource: kvm-clock: mask: 0xffffffffffffffff max_cycles: 0x1cd42e4dffb, max_idle_ns: 881590591483 ns
[    0.003076] tsc: Detected 2000.000 MHz processor
[    0.004421] last_pfn = 0x3ffe0 max_arch_pfn = 0x10000000000
[    0.005275] MTRR map: 4 entries (3 fixed + 1 variable; max 19), built from 8 variable MTRRs
[    0.006468] x86/PAT: Configuration [0-7]: WB  WC  UC- UC  WB  WP  UC- WT  
[    0.013187] found SMP MP-table at [mem 0x000f5470-0x000f547f]
[    0.014023] Using GB pages for direct mapping
[    0.014941] ACPI: Early table checksum verification disabled
[    0.015753] ACPI: RSDP 0x00000000000F5290 000014 (v00 BOCHS )
[    0.016584] ACPI: RSDT 0x000000003FFE308E 000034 (v01 BOCHS  BXPC     00000001 BXPC 00000001)
[    0.017807] ACPI: FACP 0x000000003FFE2D8A 000074 (v01 BOCHS  BXPC     00000001 BXPC 00000001)
[    0.019030] ACPI: DSDT 0x000000003FFE0040 002D4A (v01 BOCHS  BXPC     00000001 BXPC 00000001)
[    0.020250] ACPI: FACS 0x000000003FFE0000 000040
[    0.020910] ACPI: APIC 0x000000003FFE2DFE 000230 (v03 BOCHS  BXPC     00000001 BXPC 00000001)
[    0.022126] ACPI: HPET 0x000000003FFE302E 000038 (v01 BOCHS  BXPC     00000001 BXPC 00000001)
[    0.023341] ACPI: WAET 0x000000003FFE3066 000028 (v01 BOCHS  BXPC     00000001 BXPC 00000001)
[    0.024559] ACPI: Reserving FACP table memory at [mem 0x3ffe2d8a-0x3ffe2dfd]
[    0.025560] ACPI: Reserving DSDT table memory at [mem 0x3ffe0040-0x3ffe2d89]
[    0.026562] ACPI: Reserving FACS table memory at [mem 0x3ffe0000-0x3ffe003f]
[    0.027577] ACPI: Reserving APIC table memory at [mem 0x3ffe2dfe-0x3ffe302d]
[    0.028585] ACPI: Reserving HPET table memory at [mem 0x3ffe302e-0x3ffe3065]
[    0.029587] ACPI: Reserving WAET table memory at [mem 0x3ffe3066-0x3ffe308d]
[    0.031087] No NUMA configuration found
[    0.031633] Faking a node at [mem 0x0000000000000000-0x000000003ffdffff]
[    0.032592] NODE_DATA(0) allocated [mem 0x3ffdb000-0x3ffdffff]
[    0.033578] Zone ranges:
[    0.033940]   DMA      [mem 0x0000000000001000-0x0000000000ffffff]
[    0.034823]   DMA32    [mem 0x0000000001000000-0x000000003ffdffff]
[    0.035704]   Normal   empty
[    0.036120]   Device   empty
[    0.036531] Movable zone start for each node
[    0.037139] Early memory node ranges
[    0.037648]   node   0: [mem 0x0000000000001000-0x000000000009efff]
[    0.038540]   node   0: [mem 0x0000000000100000-0x000000003ffdffff]
[    0.039432] Initmem setup node 0 [mem 0x0000000000001000-0x000000003ffdffff]
[    0.040447] On node 0, zone DMA: 1 pages in unavailable ranges
[    0.041375] On node 0, zone DMA: 97 pages in unavailable ranges
[    0.050808] On node 0, zone DMA32: 32 pages in unavailable ranges
[    0.084365] kasan: KernelAddressSanitizer initialized
[    0.085628] ACPI: PM-Timer IO Port: 0x608
[    0.086228] ACPI: LAPIC_NMI (acpi_id[0xff] dfl dfl lint[0x1])
[    0.087104] IOAPIC[0]: apic_id 0, version 17, address 0xfec00000, GSI 0-23
[    0.088092] ACPI: INT_SRC_OVR (bus 0 bus_irq 0 global_irq 2 dfl dfl)
[    0.089009] ACPI: INT_SRC_OVR (bus 0 bus_irq 5 global_irq 5 high level)
[    0.089949] ACPI: INT_SRC_OVR (bus 0 bus_irq 9 global_irq 9 high level)
[    0.090886] ACPI: INT_SRC_OVR (bus 0 bus_irq 10 global_irq 10 high level)
[    0.091848] ACPI: INT_SRC_OVR (bus 0 bus_irq 11 global_irq 11 high level)
[    0.092823] ACPI: Using ACPI (MADT) for SMP configuration information
[    0.093737] ACPI: HPET id: 0x8086a201 base: 0xfed00000
[    0.094470] TSC deadline timer available
[    0.095031] CPU topo: Max. logical packages:   1
[    0.095685] CPU topo: Max. logical dies:       1
[    0.096344] CPU topo: Max. dies per package:   1
[    0.097004] CPU topo: Max. threads per core:   1
[    0.097661] CPU topo: Num. cores per package:    56
[    0.098354] CPU topo: Num. threads per package:  56
[    0.099045] CPU topo: Allowing 56 present CPUs plus 0 hotplug CPUs
[    0.099956] kvm-guest: APIC: eoi() replaced with kvm_guest_apic_eoi_write()
[    0.100966] kvm-guest: KVM setup pv remote TLB flush
[    0.101676] kvm-guest: setup PV sched yield
[    0.102279] PM: hibernation: Registered nosave memory: [mem 0x00000000-0x00000fff]
[    0.103357] PM: hibernation: Registered nosave memory: [mem 0x0009f000-0x0009ffff]
[    0.104518] PM: hibernation: Registered nosave memory: [mem 0x000a0000-0x000effff]
[    0.105595] PM: hibernation: Registered nosave memory: [mem 0x000f0000-0x000fffff]
[    0.106671] [mem 0x40000000-0xfeffbfff] available for PCI devices
[    0.107536] Booting paravirtualized kernel on KVM
[    0.108211] clocksource: refined-jiffies: mask: 0xffffffff max_cycles: 0xffffffff, max_idle_ns: 1910969940391419 ns
[    0.130786] setup_percpu: NR_CPUS:64 nr_cpumask_bits:56 nr_cpu_ids:56 nr_node_ids:1
[    0.141104] percpu: Embedded 70 pages/cpu s248408 r8192 d30120 u524288
[    0.142237] Kernel command line: virtme_hostname=virtme-ng nr_open=1048576 virtme_link_mods=/nipa-data/kernel/.virtme_mods/lib/modules/0.0.0 virtme_initmount0=nipa-data/kernel virtme_rw_overlay0=/etc virtme_rw_overlay1=/lib virtme_rw_overlay2=/home virtme_rw_overlay3=/opt virtme_rw_overlay4=/srv virtme_rw_overlay5=/usr virtme_rw_overlay6=/var console=hvc0 earlyprintk=serial,ttyS0,115200 virtme_console=ttyS0 psmouse.proto=exps TERM=xterm virtme_chdir=nipa-data/kernel virtme_root_user=1 rootfstype=9p rootflags=version=9p2000.L,trans=virtio,access=any raid=noautodetect ro init=/usr/lib/python3/dist-packages/virtme/guest/virtme-init
[    0.150580] Unknown kernel command line parameters "virtme_hostname=virtme-ng nr_open=1048576 virtme_link_mods=/nipa-data/kernel/.virtme_mods/lib/modules/0.0.0 virtme_initmount0=nipa-data/kernel virtme_rw_overlay0=/etc virtme_rw_overlay1=/lib virtme_rw_overlay2=/home virtme_rw_overlay3=/opt virtme_rw_overlay4=/srv virtme_rw_overlay5=/usr virtme_rw_overlay6=/var virtme_console=ttyS0 virtme_chdir=nipa-data/kernel virtme_root_user=1", will be passed to user space.
[    0.156486] random: crng init done
[    0.156979] printk: log_buf_len individual max cpu contribution: 4096 bytes
[    0.157983] printk: log_buf_len total cpu_extra contributions: 225280 bytes
[    0.158989] printk: log_buf_len min size: 262144 bytes
[    0.160545] printk: log_buf_len: 524288 bytes
[    0.161197] printk: early log buf free: 253864(96%)
[    0.162348] Dentry cache hash table entries: 131072 (order: 8, 1048576 bytes, linear)
[    0.163551] Inode-cache hash table entries: 65536 (order: 7, 524288 bytes, linear)
[    0.167239] Fallback order for Node 0: 0 
[    0.167254] Built 1 zonelists, mobility grouping on.  Total pages: 262014
[    0.168763] Policy zone: DMA32
[    0.169183] mem auto-init: stack:all(zero), heap alloc:off, heap free:off
[    0.170115] stackdepot: allocating hash table via alloc_large_system_hash
[    0.171054] stackdepot hash table entries: 1048576 (order: 12, 16777216 bytes, linear)
[    0.195374] SLUB: HWalign=64, Order=0-3, MinObjects=0, CPUs=56, Nodes=1
Poking KASLR using RDRAND RDTSC...
[    0.196896] ftrace: allocating 48353 entries in 189 pages
[    0.216575] ftrace: allocated 189 pages with 6 groups
[    0.219154] Dynamic Preempt: voluntary
[    0.221680] rcu: Preemptible hierarchical RCU implementation.
[    0.222477] rcu: RCU event tracing is enabled.
[    0.223100] rcu: RCU restricting CPUs from NR_CPUS=64 to nr_cpu_ids=56.
[    0.224029] Trampoline variant of Tasks RCU enabled.
[    0.224721] Rude variant of Tasks RCU enabled.
[    0.225339] Tracing variant of Tasks RCU enabled.
[    0.225993] rcu: RCU calculated value of scheduler-enlistment delay is 100 jiffies.
[    0.227039] rcu: Adjusting geometry for rcu_fanout_leaf=16, nr_cpu_ids=56
[    0.228268] RCU Tasks: Setting shift to 6 and lim to 1 rcu_task_cb_adjust=1.
[    0.229237] RCU Tasks Rude: Setting shift to 6 and lim to 1 rcu_task_cb_adjust=1.
[    0.230264] RCU Tasks Trace: Setting shift to 6 and lim to 1 rcu_task_cb_adjust=1.
[    0.251382] NR_IRQS: 4352, nr_irqs: 872, preallocated irqs: 16
[    0.252725] rcu: srcu_init: Setting srcu_struct sizes based on contention.
[    0.254121] Console: colour *CGA 80x25
[    0.254731] ACPI: Core revision 20240322
[    0.255625] clocksource: hpet: mask: 0xffffffff max_cycles: 0xffffffff, max_idle_ns: 19112604467 ns
[    0.257015] APIC: Switch to symmetric I/O mode setup
[    0.257875] APIC: Switched APIC routing to: physical flat
[    0.258917] kvm-guest: APIC: send_IPI_mask() replaced with kvm_send_ipi_mask()
[    0.259964] kvm-guest: APIC: send_IPI_mask_allbutself() replaced with kvm_send_ipi_mask_allbutself()
[    0.261271] kvm-guest: setup PV IPIs
[    0.263452] ..TIMER: vector=0x30 apic1=0 pin1=2 apic2=-1 pin2=-1
[    0.265702] clocksource: tsc-early: mask: 0xffffffffffffffff max_cycles: 0x39a85c9bff6, max_idle_ns: 881590591483 ns
[    0.268718] Calibrating delay loop (skipped) preset value.. 4000.00 BogoMIPS (lpj=2000000)
[    0.269938] x86/cpu: User Mode Instruction Prevention (UMIP) activated
[    0.270862] Last level iTLB entries: 4KB 0, 2MB 0, 4MB 0
[    0.271711] Last level dTLB entries: 4KB 0, 2MB 0, 4MB 0, 1GB 0
[    0.272734] Spectre V1 : Mitigation: usercopy/swapgs barriers and __user pointer sanitization
[    0.273719] Spectre V2 : Spectre BHI mitigation: SW BHB clearing on syscall and VM exit
[    0.274711] Spectre V2 : Mitigation: Enhanced / Automatic IBRS
[    0.275711] Spectre V2 : Spectre v2 / SpectreRSB mitigation: Filling RSB on context switch
[    0.276711] Spectre V2 : Spectre v2 / PBRSB-eIBRS: Retire a single CALL on VMEXIT
[    0.277714] Spectre V2 : mitigation: Enabling conditional Indirect Branch Prediction Barrier
[    0.278715] Speculative Store Bypass: Mitigation: Speculative Store Bypass disabled via prctl
[    0.279711] TAA: Mitigation: TSX disabled
[    0.280796] x86/fpu: Supporting XSAVE feature 0x001: 'x87 floating point registers'
[    0.281719] x86/fpu: Supporting XSAVE feature 0x002: 'SSE registers'
[    0.282711] x86/fpu: Supporting XSAVE feature 0x004: 'AVX registers'
[    0.283711] x86/fpu: Supporting XSAVE feature 0x020: 'AVX-512 opmask'
[    0.284711] x86/fpu: Supporting XSAVE feature 0x040: 'AVX-512 Hi256'
[    0.285711] x86/fpu: Supporting XSAVE feature 0x080: 'AVX-512 ZMM_Hi256'
[    0.286711] x86/fpu: Supporting XSAVE feature 0x200: 'Protection Keys User registers'
[    0.287711] x86/fpu: Supporting XSAVE feature 0x20000: 'AMX Tile config'
[    0.288711] x86/fpu: Supporting XSAVE feature 0x40000: 'AMX Tile data'
[    0.289712] x86/fpu: xstate_offset[2]:  576, xstate_sizes[2]:  256
[    0.290711] x86/fpu: xstate_offset[5]:  832, xstate_sizes[5]:   64
[    0.291711] x86/fpu: xstate_offset[6]:  896, xstate_sizes[6]:  512
[    0.292711] x86/fpu: xstate_offset[7]: 1408, xstate_sizes[7]: 1024
[    0.293711] x86/fpu: xstate_offset[9]: 2432, xstate_sizes[9]:    8
[    0.294711] x86/fpu: xstate_offset[17]: 2496, xstate_sizes[17]:   64
[    0.295711] x86/fpu: xstate_offset[18]: 2560, xstate_sizes[18]: 8192
[    0.296711] x86/fpu: Enabled xstate features 0x602e7, context size is 10752 bytes, using 'compacted' format.
[    0.341066] Freeing SMP alternatives memory: 40K
[    0.341712] pid_max: default: 57344 minimum: 448
[    0.342987] Mount-cache hash table entries: 2048 (order: 2, 16384 bytes, linear)
[    0.343714] Mountpoint-cache hash table entries: 2048 (order: 2, 16384 bytes, linear)
[    0.346709] smpboot: CPU0: Intel(R) Xeon(R) Platinum 8480+ (family: 0x6, model: 0x8f, stepping: 0x6)
[    0.347497] Performance Events: PEBS fmt0-, Sapphire Rapids events, full-width counters, Intel PMU driver.
[    0.347717] ... version:                2
[    0.348532] ... bit width:              48
[    0.348714] ... generic registers:      8
[    0.349517] ... value mask:             0000ffffffffffff
[    0.349713] ... max period:             00007fffffffffff
[    0.350713] ... fixed-purpose events:   3
[    0.351512] ... event mask:             00000007000000ff
[    0.352047] signal: max sigframe size: 11952
[    0.352785] rcu: Hierarchical SRCU implementation.
[    0.353713] rcu: Max phase no-delay instances is 400.
[    0.357435] smp: Bringing up secondary CPUs ...
[    0.357999] smpboot: x86: Booting SMP configuration:
[    0.358717] .... node  #0, CPUs:        #1  #2  #3  #4  #5  #6  #7  #8  #9 #10 #11 #12 #13 #14 #15 #16 #17 #18 #19 #20 #21 #22 #23 #24 #25 #26 #27 #28 #29 #30 #31 #32 #33 #34 #35 #36 #37 #38 #39 #40 #41 #42 #43 #44 #45 #46 #47 #48 #49 #50 #51 #52 #53 #54 #55
[    0.426404] smp: Brought up 1 node, 56 CPUs
[    0.427579] smpboot: Total of 56 processors activated (224000.00 BogoMIPS)
[    0.443758] Memory: 742804K/1048056K available (45056K kernel code, 11290K rwdata, 9916K rodata, 5952K init, 1980K bss, 280356K reserved, 0K cma-reserved)
[    0.445713] devtmpfs: initialized
[    0.446738] x86/mm: Memory block size: 128MB
[    0.457117] clocksource: jiffies: mask: 0xffffffff max_cycles: 0xffffffff, max_idle_ns: 1911260446275000 ns
[    0.457738] futex hash table entries: 16384 (order: 8, 1048576 bytes, linear)
[    0.459716] PM: RTC time: 09:28:24, date: 2024-07-29
[    0.463715] NET: Registered PF_NETLINK/PF_ROUTE protocol family
[    0.465891] thermal_sys: Registered thermal governor 'step_wise'
[    0.465895] thermal_sys: Registered thermal governor 'user_space'
[    0.466788] cpuidle: using governor menu
[    0.470017] PCI: Using configuration type 1 for base access
[    0.470901] kprobes: kprobe jump-optimization is enabled. All kprobes are optimized if possible.
[    0.501195] HugeTLB: registered 1.00 GiB page size, pre-allocated 0 pages
[    0.502720] HugeTLB: 16380 KiB vmemmap can be freed for a 1.00 GiB page
[    0.503714] HugeTLB: registered 2.00 MiB page size, pre-allocated 0 pages
[    0.505713] HugeTLB: 28 KiB vmemmap can be freed for a 2.00 MiB page
[    0.508146] ACPI: Added _OSI(Module Device)
[    0.508714] ACPI: Added _OSI(Processor Device)
[    0.509646] ACPI: Added _OSI(3.0 _SCP Extensions)
[    0.510713] ACPI: Added _OSI(Processor Aggregator Device)
[    0.542509] ACPI: 1 ACPI AML tables successfully acquired and loaded
[    0.552738] ACPI: Interpreter enabled
[    0.553609] ACPI: PM: (supports S0 S3 S4 S5)
[    0.553709] ACPI: Using IOAPIC for interrupt routing
[    0.555788] PCI: Using host bridge windows from ACPI; if necessary, use "pci=nocrs" and report a bug
[    0.557715] PCI: Using E820 reservations for host bridge windows
[    0.560173] ACPI: Enabled 2 GPEs in block 00 to 0F
[    0.622319] ACPI: PCI Root Bridge [PCI0] (domain 0000 [bus 00-ff])
[    0.623731] acpi PNP0A03:00: _OSC: OS supports [ASPM ClockPM Segments MSI HPX-Type3]
[    0.624715] acpi PNP0A03:00: _OSC: not requesting OS control; OS requires [ExtendedConfig ASPM ClockPM MSI]
[    0.626847] acpi PNP0A03:00: fail to add MMCONFIG information, can't access extended configuration space under this bridge
[    0.629151] PCI host bridge to bus 0000:00
[    0.629777] pci_bus 0000:00: root bus resource [io  0x0000-0x0cf7 window]
[    0.631717] pci_bus 0000:00: root bus resource [io  0x0d00-0xffff window]
[    0.632716] pci_bus 0000:00: root bus resource [mem 0x000a0000-0x000bffff window]
[    0.633716] pci_bus 0000:00: root bus resource [mem 0x40000000-0xfebfffff window]
[    0.635716] pci_bus 0000:00: root bus resource [mem 0x100000000-0x17fffffff window]
[    0.636717] pci_bus 0000:00: root bus resource [bus 00-ff]
[    0.637784] pci 0000:00:00.0: [8086:1237] type 00 class 0x060000 conventional PCI endpoint
[    0.639955] pci 0000:00:01.0: [8086:7000] type 00 class 0x060100 conventional PCI endpoint
[    0.643052] pci 0000:00:01.1: [8086:7010] type 00 class 0x010180 conventional PCI endpoint
[    0.648044] pci 0000:00:01.1: BAR 4 [io  0xc0c0-0xc0cf]
[    0.650045] pci 0000:00:01.1: BAR 0 [io  0x01f0-0x01f7]: legacy IDE quirk
[    0.651714] pci 0000:00:01.1: BAR 1 [io  0x03f6]: legacy IDE quirk
[    0.652713] pci 0000:00:01.1: BAR 2 [io  0x0170-0x0177]: legacy IDE quirk
[    0.653714] pci 0000:00:01.1: BAR 3 [io  0x0376]: legacy IDE quirk
[    0.656694] pci 0000:00:01.3: [8086:7113] type 00 class 0x068000 conventional PCI endpoint
[    0.659329] pci 0000:00:01.3: quirk: [io  0x0600-0x063f] claimed by PIIX4 ACPI
[    0.660724] pci 0000:00:01.3: quirk: [io  0x0700-0x070f] claimed by PIIX4 SMB
[    0.662742] pci 0000:00:02.0: [1af4:1009] type 00 class 0x000200 conventional PCI endpoint
[    0.665725] pci 0000:00:02.0: BAR 0 [io  0xc000-0xc03f]
[    0.668715] pci 0000:00:02.0: BAR 1 [mem 0xfebfc000-0xfebfcfff]
[    0.673717] pci 0000:00:02.0: BAR 4 [mem 0xfebf0000-0xfebf3fff 64bit pref]
[    0.689852] pci 0000:00:03.0: [1af4:1009] type 00 class 0x000200 conventional PCI endpoint
[    0.691631] pci 0000:00:03.0: BAR 0 [io  0xc040-0xc07f]
[    0.693575] pci 0000:00:03.0: BAR 1 [mem 0xfebfd000-0xfebfdfff]
[    0.697719] pci 0000:00:03.0: BAR 4 [mem 0xfebf4000-0xfebf7fff 64bit pref]
[    0.712249] pci 0000:00:04.0: [8086:25ab] type 00 class 0x088000 conventional PCI endpoint
[    0.715382] pci 0000:00:04.0: BAR 0 [mem 0xfebfe000-0xfebfe00f]
[    0.730644] pci 0000:00:05.0: [1af4:1003] type 00 class 0x078000 conventional PCI endpoint
[    0.733669] pci 0000:00:05.0: BAR 0 [io  0xc080-0xc0bf]
[    0.735716] pci 0000:00:05.0: BAR 1 [mem 0xfebff000-0xfebfffff]
[    0.739664] pci 0000:00:05.0: BAR 4 [mem 0xfebf8000-0xfebfbfff 64bit pref]
[    0.758468] ACPI: PCI: Interrupt link LNKA configured for IRQ 10
[    0.759790] ACPI: PCI: Interrupt link LNKB configured for IRQ 10
[    0.762764] ACPI: PCI: Interrupt link LNKC configured for IRQ 11
[    0.764750] ACPI: PCI: Interrupt link LNKD configured for IRQ 11
[    0.766151] ACPI: PCI: Interrupt link LNKS configured for IRQ 9
[    0.801515] iommu: Default domain type: Translated
[    0.802714] iommu: DMA domain TLB invalidation policy: lazy mode
[    0.804301] SCSI subsystem initialized
[    0.805992] pps_core: LinuxPPS API ver. 1 registered
[    0.806716] pps_core: Software ver. 5.3.6 - Copyright 2005-2007 Rodolfo Giometti <giometti@linux.it>
[    0.808729] PTP clock support registered
[    0.810961] Advanced Linux Sound Architecture Driver Initialized.
[    0.815323] NET: Registered PF_ATMPVC protocol family
[    0.815714] NET: Registered PF_ATMSVC protocol family
[    0.816744] PCI: Using ACPI for IRQ routing
[    0.818839] vgaarb: loaded
[    0.819926] hpet0: at MMIO 0xfed00000, IRQs 2, 8, 0
[    0.820713] hpet0: 3 comparators, 64-bit 100.000000 MHz counter
[    0.828148] clocksource: Switched to clocksource kvm-clock
[    0.829934] VFS: Disk quotas dquot_6.6.0
[    0.830779] VFS: Dquot-cache hash table entries: 512 (order 0, 4096 bytes)
[    0.836222] pnp: PnP ACPI init
[    0.842492] pnp: PnP ACPI: found 5 devices
[    0.885291] clocksource: acpi_pm: mask: 0xffffff max_cycles: 0xffffff, max_idle_ns: 2085701024 ns
[    0.887508] NET: Registered PF_INET protocol family
[    0.888632] IP idents hash table entries: 16384 (order: 5, 131072 bytes, linear)
[    0.890871] tcp_listen_portaddr_hash hash table entries: 512 (order: 1, 8192 bytes, linear)
[    0.892586] Table-perturb hash table entries: 65536 (order: 6, 262144 bytes, linear)
[    0.894184] TCP established hash table entries: 8192 (order: 4, 65536 bytes, linear)
[    0.895795] TCP bind hash table entries: 8192 (order: 6, 262144 bytes, linear)
[    0.897631] TCP: Hash tables configured (established 8192 bind 8192)
[    0.899303] UDP hash table entries: 512 (order: 2, 16384 bytes, linear)
[    0.900656] UDP-Lite hash table entries: 512 (order: 2, 16384 bytes, linear)
[    0.902503] NET: Registered PF_UNIX/PF_LOCAL protocol family
[    0.903697] pci_bus 0000:00: resource 4 [io  0x0000-0x0cf7 window]
[    0.904956] pci_bus 0000:00: resource 5 [io  0x0d00-0xffff window]
[    0.906204] pci_bus 0000:00: resource 6 [mem 0x000a0000-0x000bffff window]
[    0.907608] pci_bus 0000:00: resource 7 [mem 0x40000000-0xfebfffff window]
[    0.909001] pci_bus 0000:00: resource 8 [mem 0x100000000-0x17fffffff window]
[    0.910658] pci 0000:00:01.0: PIIX3: Enabling Passive Release
[    0.911837] pci 0000:00:00.0: Limiting direct PCI/PCI transfers
[    0.913139] PCI: CLS 0 bytes, default 64
[    0.932603] RAPL PMU: API unit is 2^-32 Joules, 1 fixed counters, 10737418240 ms ovfl timer
[    0.934655] RAPL PMU: hw unit of domain psys 2^-0 Joules
[    1.271947] kwatchdog (374) used greatest stack depth: 30696 bytes left
[    1.300341] kvm_amd: CPU 28 isn't AMD or Hygon
[    1.301513] clocksource: tsc: mask: 0xffffffffffffffff max_cycles: 0x39a85c9bff6, max_idle_ns: 881590591483 ns
[    1.454059] Initialise system trusted keyrings
[    1.455751] workingset: timestamp_bits=56 max_order=18 bucket_order=0
[    1.457263] squashfs: version 4.0 (2009/01/31) Phillip Lougher
[    1.458490] fuse: init (API version 7.40)
[    1.460009] 9p: Installing v9fs 9p2000 file system support
[    1.480100] Key type asymmetric registered
[    1.480966] Asymmetric key parser 'x509' registered
[    1.482048] Block layer SCSI generic (bsg) driver version 0.4 loaded (major 249)
[    1.483595] io scheduler mq-deadline registered
[    1.484532] io scheduler kyber registered
[    1.506908] input: Power Button as /devices/LNXSYSTM:00/LNXPWRBN:00/input/input0
[    1.509133] ACPI: button: Power Button [PWRF]
[    1.513159] Warning: Processor Platform Limit event detected, but not handled.
[    1.516099] Consider compiling CPUfreq support into your kernel.
[    2.436057] ACPI: \_SB_.LNKB: Enabled at IRQ 10
[    3.317730] ACPI: \_SB_.LNKC: Enabled at IRQ 11
[    4.087644] ACPI: \_SB_.LNKA: Enabled at IRQ 10
[    4.089625] Serial: 8250/16550 driver, 4 ports, IRQ sharing enabled
[    4.090962] 00:03: ttyS0 at I/O 0x3f8 (irq = 4, base_baud = 115200) is a 16550A
[    4.118453] Non-volatile memory driver v1.3
[    4.118940] Linux agpgart interface v0.103
[    4.119571] ACPI: bus type drm_connector registered
[    4.121817] printk: legacy console [hvc0] enabled
[    4.122864] printk: legacy bootconsole [earlyser0] disabled
          _      _                                    
   __   _(_)_ __| |_ _ __ ___   ___       _ __   __ _ 
   \ \ / / |  __| __|  _   _ \ / _ \_____|  _ \ / _  |
    \ V /| | |  | |_| | | | | |  __/_____| | | | (_| |
     \_/ |_|_|   \__|_| |_| |_|\___|     |_| |_|\__  |
                                                |___/ 
   kernel version: 6.10.0-virtme x86_64
   (CTRL+d to exit)

root@virtme-ng:/nipa-data/kernel# PS1='xx__-> '
xx__-> env
PWD=/nipa-data/kernel
nr_open=1048576
HOME=/
TERM=xterm
SHLVL=2
XDG_RUNTIME_DIR=/run/user/0
PATH=/bin:/sbin:/usr/bin:/usr/sbin:/usr/local/bin
OLDPWD=/
_=/bin/env
xx__-> 