No EFI environment detected.
early console in extract_kernel
input_data: 0x0000000002bea2c4
input_len: 0x0000000000b421a4
output: 0x0000000001000000
output_len: 0x00000000026e43b0
kernel_total_size: 0x0000000002430000
needed_size: 0x0000000002800000
trampoline_32bit: 0x0000000000000000
Physical KASLR using RDRAND RDTSC...
Virtual KASLR using RDRAND RDTSC...

Decompressing Linux... Parsing ELF... Performing relocations... done.
Booting the kernel (entry_offset: 0x0000000000000000).
[    0.000000] Linux version 6.10.0-rc4-virtme (root@8ecd4a143b9b) (gcc (Alpine 13.2.1_git20240309) 13.2.1 20240309, GNU ld (GNU Binutils) 2.42) #1 SMP PREEMPT_DYNAMIC Sun Jun 23 06:06:24 UTC 2024
[    0.000000] Command line: virtme_hostname=virtme-ng nr_open=1048576 virtme_link_mods=/nipa-data/kernel/.virtme_mods/lib/modules/0.0.0 virtme_initmount0=nipa-data/kernel virtme_rw_overlay0=/etc virtme_rw_overlay1=/lib virtme_rw_overlay2=/home virtme_rw_overlay3=/opt virtme_rw_overlay4=/srv virtme_rw_overlay5=/usr virtme_rw_overlay6=/var console=hvc0 earlyprintk=serial,ttyS0,115200 virtme_console=ttyS0 psmouse.proto=exps TERM=xterm virtme_chdir=nipa-data/kernel virtme_root_user=1 rootfstype=9p rootflags=version=9p2000.L,trans=virtio,access=any raid=noautodetect ro init=/usr/lib/python3.12/site-packages/virtme/guest/virtme-init
[    0.000000] BIOS-provided physical RAM map:
[    0.000000] BIOS-e820: [mem 0x0000000000000000-0x000000000009fbff] usable
[    0.000000] BIOS-e820: [mem 0x000000000009fc00-0x000000000009ffff] reserved
[    0.000000] BIOS-e820: [mem 0x00000000000f0000-0x00000000000fffff] reserved
[    0.000000] BIOS-e820: [mem 0x0000000000100000-0x000000003ffdffff] usable
[    0.000000] BIOS-e820: [mem 0x000000003ffe0000-0x000000003fffffff] reserved
[    0.000000] BIOS-e820: [mem 0x00000000feffc000-0x00000000feffffff] reserved
[    0.000000] BIOS-e820: [mem 0x00000000fffc0000-0x00000000ffffffff] reserved
[    0.000000] BIOS-e820: [mem 0x000000fd00000000-0x000000ffffffffff] reserved
[    0.000000] printk: legacy bootconsole [earlyser0] enabled
[    0.000000] NX (Execute Disable) protection: active
[    0.000000] APIC: Static calls initialized
[    0.000000] SMBIOS 2.8 present.
[    0.000000] DMI: QEMU Standard PC (i440FX + PIIX, 1996), BIOS rel-1.16.3-0-ga6ed6b701f0a-prebuilt.qemu.org 04/01/2014
[    0.000000] DMI: Memory slots populated: 1/1
[    0.000000] Hypervisor detected: KVM
[    0.000000] kvm-clock: Using msrs 4b564d01 and 4b564d00
[    0.000000] kvm-clock: using sched offset of 247351544 cycles
[    0.000409] clocksource: kvm-clock: mask: 0xffffffffffffffff max_cycles: 0x1cd42e4dffb, max_idle_ns: 881590591483 ns
[    0.001694] tsc: Detected 4491.556 MHz processor
[    0.002362] last_pfn = 0x3ffe0 max_arch_pfn = 0x400000000
[    0.002821] MTRR map: 4 entries (3 fixed + 1 variable; max 19), built from 8 variable MTRRs
[    0.003493] x86/PAT: Configuration [0-7]: WB  WC  UC- UC  WB  WP  UC- WT  
Memory KASLR using RDRAND RDTSC...
[    0.005712] found SMP MP-table at [mem 0x000f5470-0x000f547f]
[    0.006203] Using GB pages for direct mapping
[    0.006616] ACPI: Early table checksum verification disabled
[    0.007081] ACPI: RSDP 0x00000000000F5290 000014 (v00 BOCHS )
[    0.007539] ACPI: RSDT 0x000000003FFE27BC 000034 (v01 BOCHS  BXPC     00000001 BXPC 00000001)
[    0.008231] ACPI: FACP 0x000000003FFE2578 000074 (v01 BOCHS  BXPC     00000001 BXPC 00000001)
[    0.008922] ACPI: DSDT 0x000000003FFE0040 002538 (v01 BOCHS  BXPC     00000001 BXPC 00000001)
[    0.009600] ACPI: FACS 0x000000003FFE0000 000040
[    0.009995] ACPI: APIC 0x000000003FFE25EC 000170 (v03 BOCHS  BXPC     00000001 BXPC 00000001)
[    0.010683] ACPI: HPET 0x000000003FFE275C 000038 (v01 BOCHS  BXPC     00000001 BXPC 00000001)
[    0.011379] ACPI: WAET 0x000000003FFE2794 000028 (v01 BOCHS  BXPC     00000001 BXPC 00000001)
[    0.012070] ACPI: Reserving FACP table memory at [mem 0x3ffe2578-0x3ffe25eb]
[    0.012630] ACPI: Reserving DSDT table memory at [mem 0x3ffe0040-0x3ffe2577]
[    0.013203] ACPI: Reserving FACS table memory at [mem 0x3ffe0000-0x3ffe003f]
[    0.013767] ACPI: Reserving APIC table memory at [mem 0x3ffe25ec-0x3ffe275b]
[    0.014353] ACPI: Reserving HPET table memory at [mem 0x3ffe275c-0x3ffe2793]
[    0.014937] ACPI: Reserving WAET table memory at [mem 0x3ffe2794-0x3ffe27bb]
[    0.015658] No NUMA configuration found
[    0.015989] Faking a node at [mem 0x0000000000000000-0x000000003ffdffff]
[    0.016527] NODE_DATA(0) allocated [mem 0x3ffdb000-0x3ffdffff]
[    0.017018] Zone ranges:
[    0.017220]   DMA      [mem 0x0000000000001000-0x0000000000ffffff]
[    0.017714]   DMA32    [mem 0x0000000001000000-0x000000003ffdffff]
[    0.018229]   Normal   empty
[    0.018464]   Device   empty
[    0.018695] Movable zone start for each node
[    0.019052] Early memory node ranges
[    0.019338]   node   0: [mem 0x0000000000001000-0x000000000009efff]
[    0.019839]   node   0: [mem 0x0000000000100000-0x000000003ffdffff]
[    0.020351] Initmem setup node 0 [mem 0x0000000000001000-0x000000003ffdffff]
[    0.020925] On node 0, zone DMA: 1 pages in unavailable ranges
[    0.021397] On node 0, zone DMA: 97 pages in unavailable ranges
[    0.022963] On node 0, zone DMA32: 32 pages in unavailable ranges
[    0.023679] ACPI: PM-Timer IO Port: 0x608
[    0.024020] ACPI: LAPIC_NMI (acpi_id[0xff] dfl dfl lint[0x1])
[    0.024495] IOAPIC[0]: apic_id 0, version 17, address 0xfec00000, GSI 0-23
[    0.025072] ACPI: INT_SRC_OVR (bus 0 bus_irq 0 global_irq 2 dfl dfl)
[    0.025578] ACPI: INT_SRC_OVR (bus 0 bus_irq 5 global_irq 5 high level)
[    0.026159] ACPI: INT_SRC_OVR (bus 0 bus_irq 9 global_irq 9 high level)
[    0.026800] ACPI: INT_SRC_OVR (bus 0 bus_irq 10 global_irq 10 high level)
[    0.027358] ACPI: INT_SRC_OVR (bus 0 bus_irq 11 global_irq 11 high level)
[    0.027907] ACPI: Using ACPI (MADT) for SMP configuration information
[    0.028423] ACPI: HPET id: 0x8086a201 base: 0xfed00000
[    0.028834] TSC deadline timer available
[    0.029170] CPU topo: Max. logical packages:   1
[    0.029544] CPU topo: Max. logical dies:       1
[    0.029926] CPU topo: Max. dies per package:   1
[    0.030303] CPU topo: Max. threads per core:   1
[    0.030679] CPU topo: Num. cores per package:    32
[    0.031112] CPU topo: Num. threads per package:  32
[    0.031527] CPU topo: Allowing 32 present CPUs plus 0 hotplug CPUs
[    0.032041] kvm-guest: APIC: eoi() replaced with kvm_guest_apic_eoi_write()
[    0.032604] kvm-guest: KVM setup pv remote TLB flush
[    0.033000] kvm-guest: setup PV sched yield
[    0.033337] PM: hibernation: Registered nosave memory: [mem 0x00000000-0x00000fff]
[    0.033939] PM: hibernation: Registered nosave memory: [mem 0x0009f000-0x0009ffff]
[    0.034549] PM: hibernation: Registered nosave memory: [mem 0x000a0000-0x000effff]
[    0.035150] PM: hibernation: Registered nosave memory: [mem 0x000f0000-0x000fffff]
[    0.035745] [mem 0x40000000-0xfeffbfff] available for PCI devices
[    0.036227] Booting paravirtualized kernel on KVM
[    0.036595] clocksource: refined-jiffies: mask: 0xffffffff max_cycles: 0xffffffff, max_idle_ns: 1910969940391419 ns
[    0.040408] setup_percpu: NR_CPUS:64 nr_cpumask_bits:32 nr_cpu_ids:32 nr_node_ids:1
[    0.041626] percpu: Embedded 58 pages/cpu s198872 r8192 d30504 u262144
[    0.042232] Kernel command line: virtme_hostname=virtme-ng nr_open=1048576 virtme_link_mods=/nipa-data/kernel/.virtme_mods/lib/modules/0.0.0 virtme_initmount0=nipa-data/kernel virtme_rw_overlay0=/etc virtme_rw_overlay1=/lib virtme_rw_overlay2=/home virtme_rw_overlay3=/opt virtme_rw_overlay4=/srv virtme_rw_overlay5=/usr virtme_rw_overlay6=/var console=hvc0 earlyprintk=serial,ttyS0,115200 virtme_console=ttyS0 psmouse.proto=exps TERM=xterm virtme_chdir=nipa-data/kernel virtme_root_user=1 rootfstype=9p rootflags=version=9p2000.L,trans=virtio,access=any raid=noautodetect ro init=/usr/lib/python3.12/site-packages/virtme/guest/virtme-init
[    0.047818] Unknown kernel command line parameters "virtme_hostname=virtme-ng nr_open=1048576 virtme_link_mods=/nipa-data/kernel/.virtme_mods/lib/modules/0.0.0 virtme_initmount0=nipa-data/kernel virtme_rw_overlay0=/etc virtme_rw_overlay1=/lib virtme_rw_overlay2=/home virtme_rw_overlay3=/opt virtme_rw_overlay4=/srv virtme_rw_overlay5=/usr virtme_rw_overlay6=/var virtme_console=ttyS0 virtme_chdir=nipa-data/kernel virtme_root_user=1", will be passed to user space.
[    0.051969] random: crng init done
[    0.052330] Dentry cache hash table entries: 131072 (order: 8, 1048576 bytes, linear)
[    0.053115] Inode-cache hash table entries: 65536 (order: 7, 524288 bytes, linear)
[    0.053959] Fallback order for Node 0: 0 
[    0.053963] Built 1 zonelists, mobility grouping on.  Total pages: 262014
[    0.055014] Policy zone: DMA32
[    0.055311] mem auto-init: stack:all(zero), heap alloc:off, heap free:off
[    0.056880] Memory: 984572K/1048056K available (16384K kernel code, 2423K rwdata, 6172K rodata, 3088K init, 2004K bss, 63224K reserved, 0K cma-reserved)
[    0.058237] SLUB: HWalign=64, Order=0-3, MinObjects=0, CPUs=32, Nodes=1
Poking KASLR using RDRAND RDTSC...
[    0.059209] ftrace: allocating 47825 entries in 187 pages
[    0.066899] ftrace: allocated 187 pages with 6 groups
[    0.068086] Dynamic Preempt: voluntary
[    0.068618] rcu: Preemptible hierarchical RCU implementation.
[    0.069180] rcu: RCU event tracing is enabled.
[    0.069620] rcu: RCU restricting CPUs from NR_CPUS=64 to nr_cpu_ids=32.
[    0.070272] Trampoline variant of Tasks RCU enabled.
[    0.070768] Rude variant of Tasks RCU enabled.
[    0.071206] Tracing variant of Tasks RCU enabled.
[    0.071668] rcu: RCU calculated value of scheduler-enlistment delay is 100 jiffies.
[    0.072406] rcu: Adjusting geometry for rcu_fanout_leaf=16, nr_cpu_ids=32
[    0.073070] RCU Tasks: Setting shift to 5 and lim to 1 rcu_task_cb_adjust=1.
[    0.073752] RCU Tasks Rude: Setting shift to 5 and lim to 1 rcu_task_cb_adjust=1.
[    0.074476] RCU Tasks Trace: Setting shift to 5 and lim to 1 rcu_task_cb_adjust=1.
[    0.077125] NR_IRQS: 4352, nr_irqs: 680, preallocated irqs: 16
[    0.077873] rcu: srcu_init: Setting srcu_struct sizes based on contention.
[    0.078671] Console: colour *CGA 80x25
[    0.078975] ACPI: Core revision 20240322
[    0.079348] clocksource: hpet: mask: 0xffffffff max_cycles: 0xffffffff, max_idle_ns: 19112604467 ns
[    0.080111] APIC: Switch to symmetric I/O mode setup
[    0.080507] APIC: Switched APIC routing to: physical flat
[    0.080923] kvm-guest: APIC: send_IPI_mask() replaced with kvm_send_ipi_mask()
[    0.081473] kvm-guest: APIC: send_IPI_mask_allbutself() replaced with kvm_send_ipi_mask_allbutself()
[    0.082183] kvm-guest: setup PV IPIs
[    0.083256] ..TIMER: vector=0x30 apic1=0 pin1=2 apic2=-1 pin2=-1
[    0.084079] tsc: Marking TSC unstable due to TSCs unsynchronized
[    0.084910] Calibrating delay loop (skipped) preset value.. 8983.11 BogoMIPS (lpj=4491556)
[    0.086916] x86/cpu: User Mode Instruction Prevention (UMIP) activated
[    0.087860] Last level iTLB entries: 4KB 512, 2MB 255, 4MB 127
[    0.087909] Last level dTLB entries: 4KB 512, 2MB 255, 4MB 127, 1GB 0
[    0.088913] Spectre V1 : Mitigation: usercopy/swapgs barriers and __user pointer sanitization
[    0.089912] Spectre V2 : Mitigation: Enhanced / Automatic IBRS
[    0.090909] Spectre V2 : Spectre v2 / SpectreRSB mitigation: Filling RSB on context switch
[    0.091910] Spectre V2 : mitigation: Enabling conditional Indirect Branch Prediction Barrier
[    0.092910] Speculative Store Bypass: Mitigation: Speculative Store Bypass disabled via prctl
[    0.093909] Speculative Return Stack Overflow: IBPB-extending microcode not applied!
[    0.094909] Speculative Return Stack Overflow: WARNING: See https://kernel.org/doc/html/latest/admin-guide/hw-vuln/srso.html for mitigation options.
[    0.094910] Speculative Return Stack Overflow: Vulnerable: Safe RET, no microcode
[    0.097921] x86/fpu: Supporting XSAVE feature 0x001: 'x87 floating point registers'
[    0.098909] x86/fpu: Supporting XSAVE feature 0x002: 'SSE registers'
[    0.099754] x86/fpu: Supporting XSAVE feature 0x004: 'AVX registers'
[    0.099909] x86/fpu: Supporting XSAVE feature 0x020: 'AVX-512 opmask'
[    0.100909] x86/fpu: Supporting XSAVE feature 0x040: 'AVX-512 Hi256'
[    0.101909] x86/fpu: Supporting XSAVE feature 0x080: 'AVX-512 ZMM_Hi256'
[    0.102909] x86/fpu: Supporting XSAVE feature 0x200: 'Protection Keys User registers'
[    0.103909] x86/fpu: xstate_offset[2]:  576, xstate_sizes[2]:  256
[    0.104909] x86/fpu: xstate_offset[5]:  832, xstate_sizes[5]:   64
[    0.105909] x86/fpu: xstate_offset[6]:  896, xstate_sizes[6]:  512
[    0.106909] x86/fpu: xstate_offset[7]: 1408, xstate_sizes[7]: 1024
[    0.107733] x86/fpu: xstate_offset[9]: 2432, xstate_sizes[9]:    8
[    0.107909] x86/fpu: Enabled xstate features 0x2e7, context size is 2440 bytes, using 'compacted' format.
[    0.123953] Freeing SMP alternatives memory: 40K
[    0.124576] pid_max: default: 32768 minimum: 301
[    0.124935] Mount-cache hash table entries: 2048 (order: 2, 16384 bytes, linear)
[    0.125910] Mountpoint-cache hash table entries: 2048 (order: 2, 16384 bytes, linear)
[    0.127075] smpboot: CPU0: AMD Ryzen 9 7950X 16-Core Processor (family: 0x19, model: 0x61, stepping: 0x2)
[    0.128036] Performance Events: Fam17h+ core perfctr, AMD PMU driver.
[    0.128913] ... version:                0
[    0.129444] ... bit width:              48
[    0.129911] ... generic registers:      6
[    0.130440] ... value mask:             0000ffffffffffff
[    0.130911] ... max period:             00007fffffffffff
[    0.131613] ... fixed-purpose events:   0
[    0.131911] ... event mask:             000000000000003f
[    0.132702] signal: max sigframe size: 3376
[    0.132927] rcu: Hierarchical SRCU implementation.
[    0.133563] rcu: Max phase no-delay instances is 400.
[    0.136188] smp: Bringing up secondary CPUs ...
[    0.136843] smpboot: x86: Booting SMP configuration:
[    0.136912] .... node  #0, CPUs:        #1  #2  #3  #4  #5  #6  #7  #8  #9 #10 #11 #12 #13 #14 #15 #16 #17 #18 #19 #20 #21 #22 #23 #24 #25 #26 #27 #28 #29 #30 #31
[    0.158057] smp: Brought up 1 node, 32 CPUs
[    0.159477] smpboot: Total of 32 processors activated (287459.58 BogoMIPS)
[    0.161976] devtmpfs: initialized
[    0.162392] x86/mm: Memory block size: 128MB
[    0.163643] clocksource: jiffies: mask: 0xffffffff max_cycles: 0xffffffff, max_idle_ns: 1911260446275000 ns
[    0.163913] futex hash table entries: 8192 (order: 7, 524288 bytes, linear)
[    0.164998] PM: RTC time: 06:06:53, date: 2024-06-23
[    0.166019] NET: Registered PF_NETLINK/PF_ROUTE protocol family
[    0.166948] thermal_sys: Registered thermal governor 'step_wise'
[    0.166949] thermal_sys: Registered thermal governor 'user_space'
[    0.167766] cpuidle: using governor menu
[    0.169158] PCI: Using configuration type 1 for base access
[    0.169913] PCI: Using configuration type 1 for extended access
[    0.170773] kprobes: kprobe jump-optimization is enabled. All kprobes are optimized if possible.
[    0.178060] HugeTLB: registered 1.00 GiB page size, pre-allocated 0 pages
[    0.178911] HugeTLB: 16380 KiB vmemmap can be freed for a 1.00 GiB page
[    0.180912] HugeTLB: registered 2.00 MiB page size, pre-allocated 0 pages
[    0.181911] HugeTLB: 28 KiB vmemmap can be freed for a 2.00 MiB page
[    0.185766] Demotion targets for Node 0: null
[    0.185955] ACPI: Added _OSI(Module Device)
[    0.186524] ACPI: Added _OSI(Processor Device)
[    0.186912] ACPI: Added _OSI(3.0 _SCP Extensions)
[    0.187553] ACPI: Added _OSI(Processor Aggregator Device)
[    0.189649] ACPI: 1 ACPI AML tables successfully acquired and loaded
[    0.191534] ACPI: _OSC evaluation for CPUs failed, trying _PDC
[    0.191859] ACPI: Interpreter enabled
[    0.192919] ACPI: PM: (supports S0 S3 S4 S5)
[    0.193496] ACPI: Using IOAPIC for interrupt routing
[    0.193918] PCI: Using host bridge windows from ACPI; if necessary, use "pci=nocrs" and report a bug
[    0.194911] PCI: Using E820 reservations for host bridge windows
[    0.195807] ACPI: Enabled 2 GPEs in block 00 to 0F
[    0.200361] ACPI: PCI Root Bridge [PCI0] (domain 0000 [bus 00-ff])
[    0.200915] acpi PNP0A03:00: _OSC: OS supports [ExtendedConfig ASPM ClockPM Segments MSI HPX-Type3]
[    0.203025] PCI host bridge to bus 0000:00
[    0.203722] pci_bus 0000:00: root bus resource [io  0x0000-0x0cf7 window]
[    0.204911] pci_bus 0000:00: root bus resource [io  0x0d00-0xffff window]
[    0.205911] pci_bus 0000:00: root bus resource [mem 0x000a0000-0x000bffff window]
[    0.206911] pci_bus 0000:00: root bus resource [mem 0x40000000-0xfebfffff window]
[    0.208911] pci_bus 0000:00: root bus resource [mem 0x100000000-0x17fffffff window]
[    0.209911] pci_bus 0000:00: root bus resource [bus 00-ff]
[    0.210968] pci 0000:00:00.0: [8086:1237] type 00 class 0x060000 conventional PCI endpoint
[    0.212231] pci 0000:00:01.0: [8086:7000] type 00 class 0x060100 conventional PCI endpoint
[    0.214327] pci 0000:00:01.1: [8086:7010] type 00 class 0x010180 conventional PCI endpoint
[    0.220285] pci 0000:00:01.1: BAR 4 [io  0xc0c0-0xc0cf]
[    0.222555] pci 0000:00:01.1: BAR 0 [io  0x01f0-0x01f7]: legacy IDE quirk
[    0.223912] pci 0000:00:01.1: BAR 1 [io  0x03f6]: legacy IDE quirk
[    0.224911] pci 0000:00:01.1: BAR 2 [io  0x0170-0x0177]: legacy IDE quirk
[    0.225911] pci 0000:00:01.1: BAR 3 [io  0x0376]: legacy IDE quirk
[    0.227031] pci 0000:00:01.3: [8086:7113] type 00 class 0x068000 conventional PCI endpoint
[    0.229228] pci 0000:00:01.3: quirk: [io  0x0600-0x063f] claimed by PIIX4 ACPI
[    0.229917] pci 0000:00:01.3: quirk: [io  0x0700-0x070f] claimed by PIIX4 SMB
[    0.231128] pci 0000:00:02.0: [1af4:1009] type 00 class 0x000200 conventional PCI endpoint
[    0.234912] pci 0000:00:02.0: BAR 0 [io  0xc000-0xc03f]
[    0.237912] pci 0000:00:02.0: BAR 1 [mem 0xfebfc000-0xfebfcfff]
[    0.245912] pci 0000:00:02.0: BAR 4 [mem 0xfebf0000-0xfebf3fff 64bit pref]
[    0.249694] pci 0000:00:03.0: [1af4:1009] type 00 class 0x000200 conventional PCI endpoint
[    0.252912] pci 0000:00:03.0: BAR 0 [io  0xc040-0xc07f]
[    0.256912] pci 0000:00:03.0: BAR 1 [mem 0xfebfd000-0xfebfdfff]
[    0.262912] pci 0000:00:03.0: BAR 4 [mem 0xfebf4000-0xfebf7fff 64bit pref]
[    0.266515] pci 0000:00:04.0: [8086:25ab] type 00 class 0x088000 conventional PCI endpoint
[    0.267462] pci 0000:00:04.0: BAR 0 [mem 0xfebfe000-0xfebfe00f]
[    0.272055] pci 0000:00:05.0: [1af4:1003] type 00 class 0x078000 conventional PCI endpoint
[    0.274912] pci 0000:00:05.0: BAR 0 [io  0xc080-0xc0bf]
[    0.276911] pci 0000:00:05.0: BAR 1 [mem 0xfebff000-0xfebfffff]
[    0.281640] pci 0000:00:05.0: BAR 4 [mem 0xfebf8000-0xfebfbfff 64bit pref]
[    0.286214] ACPI: PCI: Interrupt link LNKA configured for IRQ 10
[    0.287031] ACPI: PCI: Interrupt link LNKB configured for IRQ 10
[    0.287945] ACPI: PCI: Interrupt link LNKC configured for IRQ 11
[    0.288863] ACPI: PCI: Interrupt link LNKD configured for IRQ 11
[    0.289988] ACPI: PCI: Interrupt link LNKS configured for IRQ 9
[    0.291768] iommu: Default domain type: Translated
[    0.292911] iommu: DMA domain TLB invalidation policy: lazy mode
[    0.293889] SCSI subsystem initialized
[    0.293943] pps_core: LinuxPPS API ver. 1 registered
[    0.294637] pps_core: Software ver. 5.3.6 - Copyright 2005-2007 Rodolfo Giometti <giometti@linux.it>
[    0.295914] PTP clock support registered
[    0.296941] Advanced Linux Sound Architecture Driver Initialized.
[    0.298224] NET: Registered PF_ATMPVC protocol family
[    0.298911] NET: Registered PF_ATMSVC protocol family
[    0.299641] PCI: Using ACPI for IRQ routing
[    0.300038] vgaarb: loaded
[    0.300952] hpet0: at MMIO 0xfed00000, IRQs 2, 8, 0
[    0.300956] hpet0: 3 comparators, 64-bit 100.000000 MHz counter
[    0.306119] clocksource: Switched to clocksource kvm-clock
[    0.307231] VFS: Disk quotas dquot_6.6.0
[    0.307969] VFS: Dquot-cache hash table entries: 512 (order 0, 4096 bytes)
[    0.309267] pnp: PnP ACPI init
[    0.310083] pnp: PnP ACPI: found 5 devices
[    0.316355] clocksource: acpi_pm: mask: 0xffffff max_cycles: 0xffffff, max_idle_ns: 2085701024 ns
[    0.317986] NET: Registered PF_INET protocol family
[    0.319003] IP idents hash table entries: 16384 (order: 5, 131072 bytes, linear)
[    0.320567] tcp_listen_portaddr_hash hash table entries: 512 (order: 1, 8192 bytes, linear)
[    0.322067] Table-perturb hash table entries: 65536 (order: 6, 262144 bytes, linear)
[    0.323436] TCP established hash table entries: 8192 (order: 4, 65536 bytes, linear)
[    0.324803] TCP bind hash table entries: 8192 (order: 6, 262144 bytes, linear)
[    0.325922] TCP: Hash tables configured (established 8192 bind 8192)
[    0.326802] UDP hash table entries: 512 (order: 2, 16384 bytes, linear)
[    0.327687] UDP-Lite hash table entries: 512 (order: 2, 16384 bytes, linear)
[    0.328657] NET: Registered PF_UNIX/PF_LOCAL protocol family
[    0.329450] pci_bus 0000:00: resource 4 [io  0x0000-0x0cf7 window]
[    0.330277] pci_bus 0000:00: resource 5 [io  0x0d00-0xffff window]
[    0.331100] pci_bus 0000:00: resource 6 [mem 0x000a0000-0x000bffff window]
[    0.332019] pci_bus 0000:00: resource 7 [mem 0x40000000-0xfebfffff window]
[    0.332928] pci_bus 0000:00: resource 8 [mem 0x100000000-0x17fffffff window]
[    0.333889] pci 0000:00:01.0: PIIX3: Enabling Passive Release
[    0.334653] pci 0000:00:00.0: Limiting direct PCI/PCI transfers
[    0.335470] PCI: CLS 0 bytes, default 64
[    0.336055] kvm_intel: VMX not supported by CPU 9
[    0.336702] kvm_amd: TSC scaling supported
[    0.337240] kvm_amd: Nested Virtualization enabled
[    0.337896] kvm_amd: Nested Paging enabled
[    0.338441] kvm_amd: LBR virtualization supported
[    0.339066] kvm_amd: Virtual VMLOAD VMSAVE supported
[    0.339723] kvm_amd: Virtual GIF supported
[    0.340261] kvm_amd: Virtual NMI enabled
[    0.427289] Initialise system trusted keyrings
[    0.428002] workingset: timestamp_bits=56 max_order=18 bucket_order=0
[    0.428917] squashfs: version 4.0 (2009/01/31) Phillip Lougher
[    0.429734] fuse: init (API version 7.40)
[    0.430311] 9p: Installing v9fs 9p2000 file system support
[    0.437930] Key type asymmetric registered
[    0.438493] Asymmetric key parser 'x509' registered
[    0.439163] Block layer SCSI generic (bsg) driver version 0.4 loaded (major 249)
[    0.440172] io scheduler mq-deadline registered
[    0.440783] io scheduler kyber registered
[    0.442428] input: Power Button as /devices/LNXSYSTM:00/LNXPWRBN:00/input/input0
[    0.443522] ACPI: button: Power Button [PWRF]
[    0.444134] Warning: Processor Platform Limit event detected, but not handled.
[    0.445118] Consider compiling CPUfreq support into your kernel.
[    0.462804] ACPI: \_SB_.LNKB: Enabled at IRQ 10
[    0.480142] ACPI: \_SB_.LNKC: Enabled at IRQ 11
[    0.497331] ACPI: \_SB_.LNKA: Enabled at IRQ 10
[    0.498588] Serial: 8250/16550 driver, 4 ports, IRQ sharing enabled
[    0.499544] 00:03: ttyS0 at I/O 0x3f8 (irq = 4, base_baud = 115200) is a 16550A
[    0.528088] Non-volatile memory driver v1.3
[    0.528680] Linux agpgart interface v0.103
[    0.529282] printk: legacy console [hvc0] enabled
[    0.529340] ACPI: bus type drm_connector registered
[    0.530124] printk: legacy bootconsole [earlyser0] disabled
          _      _                                    
   __   _(_)_ __| |_ _ __ ___   ___       _ __   __ _ 
   \ \ / / |  __| __|  _   _ \ / _ \_____|  _ \ / _  |
    \ V /| | |  | |_| | | | | |  __/_____| | | | (_| |
     \_/ |_|_|   \__|_| |_| |_|\___|     |_| |_|\__  |
                                                |___/ 
   kernel version: 6.10.0-rc4-virtme x86_64
   (CTRL+d to exit)

virtme-ng:/nipa-data/kernel# PS1='xx__-> '
xx__-> env
PWD=/nipa-data/kernel
nr_open=1048576
HOME=/root
TERM=xterm
SHLVL=2
XDG_RUNTIME_DIR=/run/user/0
PATH=/bin:/sbin:/usr/bin:/usr/sbin:/usr/local/bin
OLDPWD=/
_=/usr/bin/env
xx__-> 