No EFI environment detected.
early console in extract_kernel
input_data: 0x000000000513e2b9
input_len: 0x00000000018a4fef
output: 0x0000000001000000
output_len: 0x00000000053fa250
kernel_total_size: 0x0000000005a30000
needed_size: 0x0000000005c00000
trampoline_32bit: 0x0000000000000000
Physical KASLR using RDRAND RDTSC...
Virtual KASLR using RDRAND RDTSC...

Decompressing Linux... Parsing ELF... Performing relocations... done.
Booting the kernel (entry_offset: 0x0000000000000000).
[    0.000000] Linux version 6.8.0-rc3-virtme (root@5281b6ca5f9d) (gcc (Alpine 13.2.1_git20231014) 13.2.1 20231014, GNU ld (GNU Binutils) 2.41) #1 SMP PREEMPT_DYNAMIC Thu Feb 15 00:26:42 UTC 2024
[    0.000000] Command line: virtme_hostname=virtme-ng virtme_link_mods=/nipa-data/kernel/.virtme_mods/lib/modules/0.0.0 virtme_initmount0=nipa-data/kernel virtme_rw_overlay0=/etc virtme_rw_overlay1=/lib virtme_rw_overlay2=/home virtme_rw_overlay3=/opt virtme_rw_overlay4=/srv virtme_rw_overlay5=/usr virtme_rw_overlay6=/var earlyprintk=serial,ttyS0,115200 console=ttyS0 psmouse.proto=exps TERM=xterm virtme_chdir=nipa-data/kernel virtme_root_user=1 rootfstype=9p rootflags=version=9p2000.L,trans=virtio,access=any raid=noautodetect ro init=/usr/lib/python3.11/site-packages/virtme/guest/virtme-init
[    0.000000] BIOS-provided physical RAM map:
[    0.000000] BIOS-e820: [mem 0x0000000000000000-0x000000000009fbff] usable
[    0.000000] BIOS-e820: [mem 0x000000000009fc00-0x000000000009ffff] reserved
[    0.000000] BIOS-e820: [mem 0x00000000000f0000-0x00000000000fffff] reserved
[    0.000000] BIOS-e820: [mem 0x0000000000100000-0x000000003ffdffff] usable
[    0.000000] BIOS-e820: [mem 0x000000003ffe0000-0x000000003fffffff] reserved
[    0.000000] BIOS-e820: [mem 0x00000000feffc000-0x00000000feffffff] reserved
[    0.000000] BIOS-e820: [mem 0x00000000fffc0000-0x00000000ffffffff] reserved
[    0.000000] BIOS-e820: [mem 0x000000fd00000000-0x000000ffffffffff] reserved
[    0.000000] printk: legacy bootconsole [earlyser0] enabled
[    0.000000] NX (Execute Disable) protection: active
[    0.000000] APIC: Static calls initialized
[    0.000000] SMBIOS 3.0.0 present.
[    0.000000] DMI: QEMU Standard PC (i440FX + PIIX, 1996), BIOS rel-1.16.3-0-ga6ed6b701f0a-prebuilt.qemu.org 04/01/2014
[    0.000000] Hypervisor detected: KVM
[    0.000000] kvm-clock: Using msrs 4b564d01 and 4b564d00
[    0.000001] kvm-clock: using sched offset of 367435320 cycles
[    0.000408] clocksource: kvm-clock: mask: 0xffffffffffffffff max_cycles: 0x1cd42e4dffb, max_idle_ns: 881590591483 ns
[    0.001705] tsc: Detected 4491.536 MHz processor
[    0.002624] last_pfn = 0x3ffe0 max_arch_pfn = 0x400000000
[    0.003151] MTRR map: 4 entries (3 fixed + 1 variable; max 19), built from 8 variable MTRRs
[    0.003842] x86/PAT: Configuration [0-7]: WB  WC  UC- UC  WB  WP  UC- WT  
[    0.005907] found SMP MP-table at [mem 0x000f5470-0x000f547f]
[    0.006355] Using GB pages for direct mapping
[    0.006979] ACPI: Early table checksum verification disabled
[    0.007419] ACPI: RSDP 0x00000000000F5290 000014 (v00 BOCHS )
[    0.007905] ACPI: RSDT 0x000000003FFE27B6 000034 (v01 BOCHS  BXPC     00000001 BXPC 00000001)
[    0.008564] ACPI: FACP 0x000000003FFE2572 000074 (v01 BOCHS  BXPC     00000001 BXPC 00000001)
[    0.009212] ACPI: DSDT 0x000000003FFE0040 002532 (v01 BOCHS  BXPC     00000001 BXPC 00000001)
[    0.009872] ACPI: FACS 0x000000003FFE0000 000040
[    0.010231] ACPI: APIC 0x000000003FFE25E6 000170 (v03 BOCHS  BXPC     00000001 BXPC 00000001)
[    0.010884] ACPI: HPET 0x000000003FFE2756 000038 (v01 BOCHS  BXPC     00000001 BXPC 00000001)
[    0.011563] ACPI: WAET 0x000000003FFE278E 000028 (v01 BOCHS  BXPC     00000001 BXPC 00000001)
[    0.012252] ACPI: Reserving FACP table memory at [mem 0x3ffe2572-0x3ffe25e5]
[    0.012782] ACPI: Reserving DSDT table memory at [mem 0x3ffe0040-0x3ffe2571]
[    0.013326] ACPI: Reserving FACS table memory at [mem 0x3ffe0000-0x3ffe003f]
[    0.013854] ACPI: Reserving APIC table memory at [mem 0x3ffe25e6-0x3ffe2755]
[    0.014388] ACPI: Reserving HPET table memory at [mem 0x3ffe2756-0x3ffe278d]
[    0.014922] ACPI: Reserving WAET table memory at [mem 0x3ffe278e-0x3ffe27b5]
[    0.015667] No NUMA configuration found
[    0.015956] Faking a node at [mem 0x0000000000000000-0x000000003ffdffff]
[    0.016468] NODE_DATA(0) allocated [mem 0x3ffdb000-0x3ffdffff]
[    0.016926] Zone ranges:
[    0.017116]   DMA      [mem 0x0000000000001000-0x0000000000ffffff]
[    0.017597]   DMA32    [mem 0x0000000001000000-0x000000003ffdffff]
[    0.018063]   Normal   empty
[    0.018288]   Device   empty
[    0.018509] Movable zone start for each node
[    0.018830] Early memory node ranges
[    0.019098]   node   0: [mem 0x0000000000001000-0x000000000009efff]
[    0.019576]   node   0: [mem 0x0000000000100000-0x000000003ffdffff]
[    0.020049] Initmem setup node 0 [mem 0x0000000000001000-0x000000003ffdffff]
[    0.020592] On node 0, zone DMA: 1 pages in unavailable ranges
[    0.021170] On node 0, zone DMA: 97 pages in unavailable ranges
[    0.026194] On node 0, zone DMA32: 32 pages in unavailable ranges
[    0.035966] kasan: KernelAddressSanitizer initialized
[    0.036576] ACPI: PM-Timer IO Port: 0x608
[    0.036885] ACPI: LAPIC_NMI (acpi_id[0xff] dfl dfl lint[0x1])
[    0.037348] IOAPIC[0]: apic_id 0, version 17, address 0xfec00000, GSI 0-23
[    0.037875] ACPI: INT_SRC_OVR (bus 0 bus_irq 0 global_irq 2 dfl dfl)
[    0.038355] ACPI: INT_SRC_OVR (bus 0 bus_irq 5 global_irq 5 high level)
[    0.038863] ACPI: INT_SRC_OVR (bus 0 bus_irq 9 global_irq 9 high level)
[    0.039361] ACPI: INT_SRC_OVR (bus 0 bus_irq 10 global_irq 10 high level)
[    0.039874] ACPI: INT_SRC_OVR (bus 0 bus_irq 11 global_irq 11 high level)
[    0.040388] ACPI: Using ACPI (MADT) for SMP configuration information
[    0.040874] ACPI: HPET id: 0x8086a201 base: 0xfed00000
[    0.041262] TSC deadline timer available
[    0.041558] smpboot: Allowing 32 CPUs, 0 hotplug CPUs
[    0.041965] kvm-guest: APIC: eoi() replaced with kvm_guest_apic_eoi_write()
[    0.042509] kvm-guest: KVM setup pv remote TLB flush
[    0.042885] kvm-guest: setup PV sched yield
[    0.043211] PM: hibernation: Registered nosave memory: [mem 0x00000000-0x00000fff]
[    0.043783] PM: hibernation: Registered nosave memory: [mem 0x0009f000-0x0009ffff]
[    0.044353] PM: hibernation: Registered nosave memory: [mem 0x000a0000-0x000effff]
[    0.044934] PM: hibernation: Registered nosave memory: [mem 0x000f0000-0x000fffff]
[    0.045511] [mem 0x40000000-0xfeffbfff] available for PCI devices
[    0.045973] Booting paravirtualized kernel on KVM
[    0.046331] clocksource: refined-jiffies: mask: 0xffffffff max_cycles: 0xffffffff, max_idle_ns: 1910969940391419 ns
[    0.055438] setup_percpu: NR_CPUS:64 nr_cpumask_bits:32 nr_cpu_ids:32 nr_node_ids:1
[    0.057297] percpu: Embedded 70 pages/cpu s249696 r8192 d28832 u524288
[    0.057877] Kernel command line: virtme_hostname=virtme-ng virtme_link_mods=/nipa-data/kernel/.virtme_mods/lib/modules/0.0.0 virtme_initmount0=nipa-data/kernel virtme_rw_overlay0=/etc virtme_rw_overlay1=/lib virtme_rw_overlay2=/home virtme_rw_overlay3=/opt virtme_rw_overlay4=/srv virtme_rw_overlay5=/usr virtme_rw_overlay6=/var earlyprintk=serial,ttyS0,115200 console=ttyS0 psmouse.proto=exps TERM=xterm virtme_chdir=nipa-data/kernel virtme_root_user=1 rootfstype=9p rootflags=version=9p2000.L,trans=virtio,access=any raid=noautodetect ro init=/usr/lib/python3.11/site-packages/virtme/guest/virtme-init
[    0.062120] Unknown kernel command line parameters "virtme_hostname=virtme-ng virtme_link_mods=/nipa-data/kernel/.virtme_mods/lib/modules/0.0.0 virtme_initmount0=nipa-data/kernel virtme_rw_overlay0=/etc virtme_rw_overlay1=/lib virtme_rw_overlay2=/home virtme_rw_overlay3=/opt virtme_rw_overlay4=/srv virtme_rw_overlay5=/usr virtme_rw_overlay6=/var virtme_chdir=nipa-data/kernel virtme_root_user=1", will be passed to user space.
[    0.065297] random: crng init done
[    0.065671] Dentry cache hash table entries: 131072 (order: 8, 1048576 bytes, linear)
[    0.066306] Inode-cache hash table entries: 65536 (order: 7, 524288 bytes, linear)
[    0.067401] Fallback order for Node 0: 0 
[    0.067408] Built 1 zonelists, mobility grouping on.  Total pages: 257760
[    0.068259] Policy zone: DMA32
[    0.068498] mem auto-init: stack:all(zero), heap alloc:off, heap free:off
[    0.069025] stackdepot: allocating hash table via alloc_large_system_hash
[    0.069565] stackdepot hash table entries: 1048576 (order: 12, 16777216 bytes, linear)
[    0.084318] Memory: 767244K/1048056K available (43008K kernel code, 12322K rwdata, 10084K rodata, 5936K init, 13344K bss, 280556K reserved, 0K cma-reserved)
[    0.085641] SLUB: HWalign=64, Order=0-3, MinObjects=0, CPUs=32, Nodes=1
Poking KASLR using RDRAND RDTSC...
[    0.086490] ftrace: allocating 46738 entries in 183 pages
[    0.095250] ftrace: allocated 183 pages with 6 groups
[    0.096937] Dynamic Preempt: voluntary
[    0.097754] Running RCU self tests
[    0.098018] Running RCU synchronous self tests
[    0.098376] rcu: Preemptible hierarchical RCU implementation.
[    0.098834] rcu: RCU event tracing is enabled.
[    0.099186] rcu: RCU lockdep checking is enabled.
[    0.099555] rcu: RCU restricting CPUs from NR_CPUS=64 to nr_cpu_ids=32.
[    0.100078] Trampoline variant of Tasks RCU enabled.
[    0.100471] Rude variant of Tasks RCU enabled.
[    0.100822] Tracing variant of Tasks RCU enabled.
[    0.101192] rcu: RCU calculated value of scheduler-enlistment delay is 100 jiffies.
[    0.101786] rcu: Adjusting geometry for rcu_fanout_leaf=16, nr_cpu_ids=32
[    0.102455] Running RCU synchronous self tests
[    0.112361] NR_IRQS: 4352, nr_irqs: 680, preallocated irqs: 16
[    0.113211] rcu: srcu_init: Setting srcu_struct sizes based on contention.
[    0.114108] Console: colour *CGA 80x25
[    0.114448] printk: legacy console [ttyS0] enabled
[    0.114448] printk: legacy console [ttyS0] enabled
[    0.115193] printk: legacy bootconsole [earlyser0] disabled
[    0.115193] printk: legacy bootconsole [earlyser0] disabled
[    0.116132] Lock dependency validator: Copyright (c) 2006 Red Hat, Inc., Ingo Molnar
[    0.116731] ... MAX_LOCKDEP_SUBCLASSES:  8
[    0.117052] ... MAX_LOCK_DEPTH:          48
[    0.117378] ... MAX_LOCKDEP_KEYS:        8192
[    0.117718] ... CLASSHASH_SIZE:          4096
[    0.118058] ... MAX_LOCKDEP_ENTRIES:     32768
[    0.118413] ... MAX_LOCKDEP_CHAINS:      65536
[    0.118759] ... CHAINHASH_SIZE:          32768
[    0.119106]  memory used by lock dependency info: 6429 kB
[    0.119525]  memory used for stack traces: 4224 kB
[    0.119898]  per task-struct memory footprint: 1920 bytes
[    0.120368] ACPI: Core revision 20230628
[    0.120934] clocksource: hpet: mask: 0xffffffff max_cycles: 0xffffffff, max_idle_ns: 19112604467 ns
[    0.121780] APIC: Switch to symmetric I/O mode setup
[    0.122190] APIC: Switched APIC routing to: physical flat
[    0.122628] kvm-guest: APIC: send_IPI_mask() replaced with kvm_send_ipi_mask()
[    0.123200] kvm-guest: APIC: send_IPI_mask_allbutself() replaced with kvm_send_ipi_mask_allbutself()
[    0.123907] kvm-guest: setup PV IPIs
[    0.125194] ..TIMER: vector=0x30 apic1=0 pin1=2 apic2=-1 pin2=-1
[    0.126043] tsc: Marking TSC unstable due to TSCs unsynchronized
[    0.126891] Calibrating delay loop (skipped) preset value.. 8983.07 BogoMIPS (lpj=4491536)
[    0.127946] x86/cpu: User Mode Instruction Prevention (UMIP) activated
[    0.128953] Last level iTLB entries: 4KB 512, 2MB 255, 4MB 127
[    0.129883] Last level dTLB entries: 4KB 512, 2MB 255, 4MB 127, 1GB 0
[    0.130888] Spectre V1 : Mitigation: usercopy/swapgs barriers and __user pointer sanitization
[    0.131887] Spectre V2 : Mitigation: Enhanced / Automatic IBRS
[    0.132883] Spectre V2 : Spectre v2 / SpectreRSB mitigation: Filling RSB on context switch
[    0.133885] Spectre V2 : mitigation: Enabling conditional Indirect Branch Prediction Barrier
[    0.134885] Speculative Store Bypass: Mitigation: Speculative Store Bypass disabled via prctl
[    0.135883] Speculative Return Stack Overflow: IBPB-extending microcode not applied!
[    0.136883] Speculative Return Stack Overflow: WARNING: See https://kernel.org/doc/html/latest/admin-guide/hw-vuln/srso.html for mitigation options.
[    0.136884] Speculative Return Stack Overflow: Vulnerable: Safe RET, no microcode
[    0.138905] x86/fpu: Supporting XSAVE feature 0x001: 'x87 floating point registers'
[    0.139882] x86/fpu: Supporting XSAVE feature 0x002: 'SSE registers'
[    0.140882] x86/fpu: Supporting XSAVE feature 0x004: 'AVX registers'
[    0.141882] x86/fpu: Supporting XSAVE feature 0x020: 'AVX-512 opmask'
[    0.142884] x86/fpu: Supporting XSAVE feature 0x040: 'AVX-512 Hi256'
[    0.143882] x86/fpu: Supporting XSAVE feature 0x080: 'AVX-512 ZMM_Hi256'
[    0.144767] x86/fpu: Supporting XSAVE feature 0x200: 'Protection Keys User registers'
[    0.144883] x86/fpu: xstate_offset[2]:  576, xstate_sizes[2]:  256
[    0.145882] x86/fpu: xstate_offset[5]:  832, xstate_sizes[5]:   64
[    0.146882] x86/fpu: xstate_offset[6]:  896, xstate_sizes[6]:  512
[    0.147882] x86/fpu: xstate_offset[7]: 1408, xstate_sizes[7]: 1024
[    0.148882] x86/fpu: xstate_offset[9]: 2432, xstate_sizes[9]:    8
[    0.149882] x86/fpu: Enabled xstate features 0x2e7, context size is 2440 bytes, using 'compacted' format.
[    0.177082] Freeing SMP alternatives memory: 36K
[    0.177722] pid_max: default: 32768 minimum: 301
[    0.178187] Mount-cache hash table entries: 2048 (order: 2, 16384 bytes, linear)
[    0.178886] Mountpoint-cache hash table entries: 2048 (order: 2, 16384 bytes, linear)
[    0.182106] Running RCU synchronous self tests
[    0.182705] Running RCU synchronous self tests
[    0.183211] smpboot: CPU0: AMD Ryzen 9 7950X 16-Core Processor (family: 0x19, model: 0x61, stepping: 0x2)
[    0.184718] RCU Tasks: Setting shift to 5 and lim to 1 rcu_task_cb_adjust=1.
[    0.184945] RCU Tasks Rude: Setting shift to 5 and lim to 1 rcu_task_cb_adjust=1.
[    0.185964] RCU Tasks Trace: Setting shift to 5 and lim to 1 rcu_task_cb_adjust=1.
[    0.186949] Running RCU Tasks wait API self tests
[    0.290994] Running RCU Tasks Rude wait API self tests
[    0.291859] Running RCU Tasks Trace wait API self tests
[    0.291966] Performance Events: Fam17h+ core perfctr, AMD PMU driver.
[    0.292896] ... version:                0
[    0.293446] ... bit width:              48
[    0.293887] ... generic registers:      6
[    0.294442] ... value mask:             0000ffffffffffff
[    0.294887] ... max period:             00007fffffffffff
[    0.295603] ... fixed-purpose events:   0
[    0.295886] ... event mask:             000000000000003f
[    0.296946] signal: max sigframe size: 3376
[    0.297700] rcu: Hierarchical SRCU implementation.
[    0.297893] rcu: Max phase no-delay instances is 400.
[    0.298611] Callback from call_rcu_tasks_trace() invoked.
[    0.305838] smp: Bringing up secondary CPUs ...
[    0.306489] smpboot: x86: Booting SMP configuration:
[    0.306892] .... node  #0, CPUs:        #1  #2  #3  #4  #5  #6  #7  #8  #9 #10 #11 #12 #13 #14 #15 #16 #17 #18 #19 #20 #21 #22 #23 #24 #25 #26 #27 #28 #29 #30 #31
[    0.346082] smp: Brought up 1 node, 32 CPUs
[    0.347457] smpboot: Max logical packages: 1
[    0.347886] smpboot: Total of 32 processors activated (287458.30 BogoMIPS)
[    0.360885] devtmpfs: initialized
[    0.361642] x86/mm: Memory block size: 128MB
[    0.372259] Running RCU synchronous self tests
[    0.372906] Running RCU synchronous self tests
[    0.373667] clocksource: jiffies: mask: 0xffffffff max_cycles: 0xffffffff, max_idle_ns: 1911260446275000 ns
[    0.373895] futex hash table entries: 8192 (order: 8, 1048576 bytes, linear)
[    0.375786] PM: RTC time: 00:27:20, date: 2024-02-15
[    0.377490] NET: Registered PF_NETLINK/PF_ROUTE protocol family
[    0.379827] thermal_sys: Registered thermal governor 'step_wise'
[    0.379831] thermal_sys: Registered thermal governor 'user_space'
[    0.379974] cpuidle: using governor menu
[    0.383309] PCI: Using configuration type 1 for base access
[    0.383888] PCI: Using configuration type 1 for extended access
[    0.384931] kprobes: kprobe jump-optimization is enabled. All kprobes are optimized if possible.
[    0.392253] HugeTLB: registered 1.00 GiB page size, pre-allocated 0 pages
[    0.393887] HugeTLB: 16380 KiB vmemmap can be freed for a 1.00 GiB page
[    0.394764] HugeTLB: registered 2.00 MiB page size, pre-allocated 0 pages
[    0.394886] HugeTLB: 28 KiB vmemmap can be freed for a 2.00 MiB page
[    0.400132] ACPI: Added _OSI(Module Device)
[    0.400719] ACPI: Added _OSI(Processor Device)
[    0.401887] ACPI: Added _OSI(3.0 _SCP Extensions)
[    0.402685] Callback from call_rcu_tasks_rude() invoked.
[    0.402513] ACPI: Added _OSI(Processor Aggregator Device)
[    0.431456] ACPI: 1 ACPI AML tables successfully acquired and loaded
[    0.436177] ACPI: _OSC evaluation for CPUs failed, trying _PDC
[    0.440255] ACPI: Interpreter enabled
[    0.440896] ACPI: PM: (supports S0 S3 S4 S5)
[    0.441476] ACPI: Using IOAPIC for interrupt routing
[    0.441983] PCI: Using host bridge windows from ACPI; if necessary, use "pci=nocrs" and report a bug
[    0.443886] PCI: Using E820 reservations for host bridge windows
[    0.446339] ACPI: Enabled 2 GPEs in block 00 to 0F
[    0.507016] Callback from call_rcu_tasks() invoked.
[    0.513991] ACPI: PCI Root Bridge [PCI0] (domain 0000 [bus 00-ff])
[    0.514858] acpi PNP0A03:00: _OSC: OS supports [ExtendedConfig ASPM ClockPM Segments MSI HPX-Type3]
[    0.518316] PCI host bridge to bus 0000:00
[    0.518861] pci_bus 0000:00: root bus resource [io  0x0000-0x0cf7 window]
[    0.518889] pci_bus 0000:00: root bus resource [io  0x0d00-0xffff window]
[    0.519785] pci_bus 0000:00: root bus resource [mem 0x000a0000-0x000bffff window]
[    0.520890] pci_bus 0000:00: root bus resource [mem 0x40000000-0xfebfffff window]
[    0.521872] pci_bus 0000:00: root bus resource [mem 0x100000000-0x17fffffff window]
[    0.522891] pci_bus 0000:00: root bus resource [bus 00-ff]
[    0.523881] pci 0000:00:00.0: [8086:1237] type 00 class 0x060000 conventional PCI endpoint
[    0.526323] pci 0000:00:01.0: [8086:7000] type 00 class 0x060100 conventional PCI endpoint
[    0.529118] pci 0000:00:01.1: [8086:7010] type 00 class 0x010180 conventional PCI endpoint
[    0.532887] pci 0000:00:01.1: BAR 4 [io  0xc080-0xc08f]
[    0.534357] pci 0000:00:01.1: BAR 0 [io  0x01f0-0x01f7]: legacy IDE quirk
[    0.534887] pci 0000:00:01.1: BAR 1 [io  0x03f6]: legacy IDE quirk
[    0.535694] pci 0000:00:01.1: BAR 2 [io  0x0170-0x0177]: legacy IDE quirk
[    0.536886] pci 0000:00:01.1: BAR 3 [io  0x0376]: legacy IDE quirk
[    0.538674] pci 0000:00:01.3: [8086:7113] type 00 class 0x068000 conventional PCI endpoint
[    0.540194] pci 0000:00:01.3: quirk: [io  0x0600-0x063f] claimed by PIIX4 ACPI
[    0.541892] pci 0000:00:01.3: quirk: [io  0x0700-0x070f] claimed by PIIX4 SMB
[    0.543839] pci 0000:00:02.0: [1af4:1009] type 00 class 0x000200 conventional PCI endpoint
[    0.545886] pci 0000:00:02.0: BAR 0 [io  0xc000-0xc03f]
[    0.547576] pci 0000:00:02.0: BAR 1 [mem 0xfebfd000-0xfebfdfff]
[    0.553886] pci 0000:00:02.0: BAR 4 [mem 0xfebf4000-0xfebf7fff 64bit pref]
[    0.571112] pci 0000:00:03.0: [1af4:1009] type 00 class 0x000200 conventional PCI endpoint
[    0.572886] pci 0000:00:03.0: BAR 0 [io  0xc040-0xc07f]
[    0.575587] pci 0000:00:03.0: BAR 1 [mem 0xfebfe000-0xfebfefff]
[    0.579887] pci 0000:00:03.0: BAR 4 [mem 0xfebf8000-0xfebfbfff 64bit pref]
[    0.596435] pci 0000:00:04.0: [8086:25ab] type 00 class 0x088000 conventional PCI endpoint
[    0.597279] pci 0000:00:04.0: BAR 0 [mem 0xfebff000-0xfebff00f]
[    0.619554] ACPI: PCI: Interrupt link LNKA configured for IRQ 10
[    0.621074] ACPI: PCI: Interrupt link LNKB configured for IRQ 10
[    0.623018] ACPI: PCI: Interrupt link LNKC configured for IRQ 11
[    0.624976] ACPI: PCI: Interrupt link LNKD configured for IRQ 11
[    0.626206] ACPI: PCI: Interrupt link LNKS configured for IRQ 9
[    0.652166] iommu: Default domain type: Translated
[    0.652821] iommu: DMA domain TLB invalidation policy: lazy mode
[    0.653927] SCSI subsystem initialized
[    0.655158] pps_core: LinuxPPS API ver. 1 registered
[    0.655826] pps_core: Software ver. 5.3.6 - Copyright 2005-2007 Rodolfo Giometti <giometti@linux.it>
[    0.656924] PTP clock support registered
[    0.659136] Advanced Linux Sound Architecture Driver Initialized.
[    0.661996] NET: Registered PF_ATMPVC protocol family
[    0.662850] NET: Registered PF_ATMSVC protocol family
[    0.663948] PCI: Using ACPI for IRQ routing
[    0.664943] vgaarb: loaded
[    0.665360] hpet0: at MMIO 0xfed00000, IRQs 2, 8, 0
[    0.665887] hpet0: 3 comparators, 64-bit 100.000000 MHz counter
[    0.673187] clocksource: Switched to clocksource kvm-clock
[    0.675448] VFS: Disk quotas dquot_6.6.0
[    0.676013] VFS: Dquot-cache hash table entries: 512 (order 0, 4096 bytes)
[    0.677330] pnp: PnP ACPI init
[    0.681112] pnp: PnP ACPI: found 5 devices
[    0.699782] clocksource: acpi_pm: mask: 0xffffff max_cycles: 0xffffff, max_idle_ns: 2085701024 ns
[    0.701105] NET: Registered PF_INET protocol family
[    0.701856] IP idents hash table entries: 16384 (order: 5, 131072 bytes, linear)
[    0.703900] tcp_listen_portaddr_hash hash table entries: 512 (order: 3, 36864 bytes, linear)
[    0.705039] Table-perturb hash table entries: 65536 (order: 6, 262144 bytes, linear)
[    0.706086] TCP established hash table entries: 8192 (order: 4, 65536 bytes, linear)
[    0.707279] TCP bind hash table entries: 8192 (order: 8, 1179648 bytes, linear)
[    0.709166] TCP: Hash tables configured (established 8192 bind 8192)
[    0.710396] UDP hash table entries: 512 (order: 4, 81920 bytes, linear)
[    0.711332] UDP-Lite hash table entries: 512 (order: 4, 81920 bytes, linear)
[    0.712771] NET: Registered PF_UNIX/PF_LOCAL protocol family
[    0.713636] pci_bus 0000:00: resource 4 [io  0x0000-0x0cf7 window]
[    0.714469] pci_bus 0000:00: resource 5 [io  0x0d00-0xffff window]
[    0.715286] pci_bus 0000:00: resource 6 [mem 0x000a0000-0x000bffff window]
[    0.716208] pci_bus 0000:00: resource 7 [mem 0x40000000-0xfebfffff window]
[    0.717119] pci_bus 0000:00: resource 8 [mem 0x100000000-0x17fffffff window]
[    0.718391] pci 0000:00:01.0: PIIX3: Enabling Passive Release
[    0.719231] pci 0000:00:00.0: Limiting direct PCI/PCI transfers
[    0.720075] PCI: CLS 0 bytes, default 64
[    0.720717] kvm_intel: VMX not supported by CPU 26
[    0.721489] kvm_amd: TSC scaling supported
[    0.722218] kvm_amd: Nested Virtualization enabled
[    0.722845] kvm_amd: Nested Paging enabled
[    0.723431] kvm_amd: Virtual VMLOAD VMSAVE supported
[    0.724082] kvm_amd: Virtual GIF supported
[    0.724633] kvm_amd: Virtual NMI enabled
[    0.725165] kvm_amd: LBR virtualization supported
[    0.861334] workingset: timestamp_bits=56 max_order=18 bucket_order=0
[    0.862502] squashfs: version 4.0 (2009/01/31) Phillip Lougher
[    0.863338] fuse: init (API version 7.39)
[    0.864155] 9p: Installing v9fs 9p2000 file system support
[    0.865147] Key type asymmetric registered
[    0.865768] Block layer SCSI generic (bsg) driver version 0.4 loaded (major 249)
[    0.866853] io scheduler mq-deadline registered
[    0.867462] io scheduler kyber registered
[    0.870202] input: Power Button as /devices/LNXSYSTM:00/LNXPWRBN:00/input/input0
[    0.871880] ACPI: button: Power Button [PWRF]
[    0.873002] Warning: Processor Platform Limit event detected, but not handled.
[    0.874075] Consider compiling CPUfreq support into your kernel.
[    1.991434] ACPI: \_SB_.LNKB: Enabled at IRQ 10
[    3.067872] ACPI: \_SB_.LNKC: Enabled at IRQ 11
[    3.069889] Serial: 8250/16550 driver, 4 ports, IRQ sharing enabled
[    3.071573] 00:03: ttyS0 at I/O 0x3f8 (irq = 4, base_baud = 115200) is a 16550A
[    3.077314] Non-volatile memory driver v1.3
[    3.077875] Linux agpgart interface v0.103
[    3.078818] ACPI: bus type drm_connector registered
[    3.122057] loop: module loaded
[    3.126595] scsi host0: ata_piix
[    3.128155] scsi host1: ata_piix
[    3.128930] ata1: PATA max MWDMA2 cmd 0x1f0 ctl 0x3f6 bmdma 0xc080 irq 14 lpm-pol 0
[    3.129929] ata2: PATA max MWDMA2 cmd 0x170 ctl 0x376 bmdma 0xc088 irq 15 lpm-pol 0
[    3.133778] i8042: PNP: PS/2 Controller [PNP0303:KBD,PNP0f13:MOU] at 0x60,0x64 irq 1,12
[    3.135870] serio: i8042 KBD port at 0x60,0x64 irq 1
[    3.136600] serio: i8042 AUX port at 0x60,0x64 irq 12
[    3.139208] input: AT Translated Set 2 keyboard as /devices/platform/i8042/serio0/input/input1
[    3.141333] rtc_cmos 00:04: RTC can wake from S4
[    3.143260] rtc_cmos 00:04: registered as rtc0
[    3.143934] rtc_cmos 00:04: setting system clock to 2024-02-15T00:27:23 UTC (1707956843)
[    3.145217] rtc_cmos 00:04: alarms up to one day, y3k, 242 bytes nvram, hpet irqs
[    3.148830] i6300ESB timer 0000:00:04.0: initialized. heartbeat=30 sec (nowayout=0)
[    3.150402] device-mapper: ioctl: 4.48.0-ioctl (2023-03-01) initialised: dm-devel@redhat.com
[    3.152523] input: ImExPS/2 Generic Explorer Mouse as /devices/platform/i8042/serio1/input/input3
[    3.155972] NET: Registered PF_PACKET protocol family
[    3.156874] 9pnet: Installing 9P2000 support
[    3.160146] Key type dns_resolver registered
[    3.171047] IPI shorthand broadcast: enabled
[    3.208829] sched_clock: Marking stable (3199003633, 9119704)->(3230593389, -22470052)
[    3.210559] registered taskstats version 1
[    3.244146] PM:   Magic number: 12:25:456
[    3.244891] mem urandom: hash matches
[    3.245640] printk: legacy console [netcon0] enabled
[    3.246480] netconsole: network logging started
[    3.247852] ALSA device list:
[    3.248399]   No soundcards found.
[    3.290446] ata2: found unknown device (class 0)
[    3.291769] ata2.00: ATAPI: QEMU DVD-ROM, 2.5+, max UDMA/100
[    3.294341] scsi 1:0:0:0: CD-ROM            QEMU     QEMU DVD-ROM     2.5+ PQ: 0 ANSI: 5
[    3.303926] scsi 1:0:0:0: Attached scsi generic sg0 type 5
[    3.305191] md: Skipping autodetection of RAID arrays. (raid=autodetect will force)
[    3.306504] 9pnet_virtio: no channels available for device 
[    3.308937] VFS: Mounted root (9p filesystem) readonly on device 0:19.
[    3.310391] devtmpfs: mounted
[    3.322139] Freeing unused kernel image (initmem) memory: 5936K
[    3.325164] Write protecting the kernel read-only data: 53248k
[    3.326874] Freeing unused kernel image (rodata/data gap) memory: 156K
[    3.371228] x86/mm: Checked W+X mappings: passed, no W+X pages found.
[    3.372183] Run /usr/lib/python3.11/site-packages/virtme/guest/virtme-init as init process
[    3.438055] mount (268) used greatest stack depth: 26144 bytes left
[    3.558051] mount (278) used greatest stack depth: 26112 bytes left
[    3.596303] mount (282) used greatest stack depth: 25760 bytes left
[    3.629959] mount (286) used greatest stack depth: 25104 bytes left
[    3.857335] virtme-init: basic initialization done
[    3.870442] virtme-init: udevd not found
[    4.022304] virtme-init: Setting hostname to virtme-ng...
[    4.053342] ip (357) used greatest stack depth: 23728 bytes left
          _      _                                    
   __   _(_)_ __| |_ _ __ ___   ___       _ __   __ _ 
   \ \ / / |  __| __|  _   _ \ / _ \_____|  _ \ / _  |
    \ V /| | |  | |_| | | | | |  __/_____| | | | (_| |
     \_/ |_|_|   \__|_| |_| |_|\___|     |_| |_|\__  |
                                                |___/ 
   kernel version: 6.8.0-rc3-virtme x86_64

virtme-ng:/nipa-data/kernel# PS1='xx__-> '
xx__-> env
PWD=/nipa-data/kernel
HOME=/
TERM=xterm
SHLVL=2
XDG_RUNTIME_DIR=/run/user/0
PATH=/bin:/sbin:/usr/bin:/usr/sbin:/usr/local/bin
OLDPWD=/
_=/usr/bin/env
xx__-> 