No EFI environment detected.
early console in extract_kernel
input_data: 0x00000000030602b9
input_len: 0x0000000000b83cc6
output: 0x0000000001000000
output_len: 0x000000000252f488
kernel_total_size: 0x0000000002c30000
needed_size: 0x0000000002e00000
trampoline_32bit: 0x0000000000000000
Physical KASLR using RDRAND RDTSC...
Virtual KASLR using RDRAND RDTSC...

Decompressing Linux... Parsing ELF... Performing relocations... done.
Booting the kernel (entry_offset: 0x0000000000000000).
[    0.000000] Linux version 6.8.0-rc2-virtme (root@140002b8d07c) (gcc (Alpine 13.2.1_git20231014) 13.2.1 20231014, GNU ld (GNU Binutils) 2.41) #1 SMP PREEMPT_DYNAMIC Sun Feb  4 00:07:57 UTC 2024
[    0.000000] Command line: virtme_hostname=virtme-ng virtme_link_mods=/nipa-data/kernel/.virtme_mods/lib/modules/0.0.0 virtme_initmount0=nipa-data/kernel virtme_rw_overlay0=/etc virtme_rw_overlay1=/lib virtme_rw_overlay2=/home virtme_rw_overlay3=/opt virtme_rw_overlay4=/srv virtme_rw_overlay5=/usr virtme_rw_overlay6=/var earlyprintk=serial,ttyS0,115200 console=ttyS0 psmouse.proto=exps virtme_chdir=nipa-data/kernel virtme_root_user=1 rootfstype=9p rootflags=version=9p2000.L,trans=virtio,access=any raid=noautodetect ro init=/usr/lib/python3.11/site-packages/virtme/guest/virtme-init
[    0.000000] BIOS-provided physical RAM map:
[    0.000000] BIOS-e820: [mem 0x0000000000000000-0x000000000009fbff] usable
[    0.000000] BIOS-e820: [mem 0x000000000009fc00-0x000000000009ffff] reserved
[    0.000000] BIOS-e820: [mem 0x00000000000f0000-0x00000000000fffff] reserved
[    0.000000] BIOS-e820: [mem 0x0000000000100000-0x000000003ffdffff] usable
[    0.000000] BIOS-e820: [mem 0x000000003ffe0000-0x000000003fffffff] reserved
[    0.000000] BIOS-e820: [mem 0x00000000feffc000-0x00000000feffffff] reserved
[    0.000000] BIOS-e820: [mem 0x00000000fffc0000-0x00000000ffffffff] reserved
[    0.000000] BIOS-e820: [mem 0x000000fd00000000-0x000000ffffffffff] reserved
[    0.000000] printk: legacy bootconsole [earlyser0] enabled
[    0.000000] NX (Execute Disable) protection: active
[    0.000000] APIC: Static calls initialized
[    0.000000] SMBIOS 3.0.0 present.
[    0.000000] DMI: QEMU Standard PC (i440FX + PIIX, 1996), BIOS rel-1.16.3-0-ga6ed6b701f0a-prebuilt.qemu.org 04/01/2014
[    0.000000] Hypervisor detected: KVM
[    0.000000] kvm-clock: Using msrs 4b564d01 and 4b564d00
[    0.000001] kvm-clock: using sched offset of 258241212 cycles
[    0.000475] clocksource: kvm-clock: mask: 0xffffffffffffffff max_cycles: 0x1cd42e4dffb, max_idle_ns: 881590591483 ns
[    0.001960] tsc: Detected 4491.536 MHz processor
[    0.002594] last_pfn = 0x3ffe0 max_arch_pfn = 0x400000000
[    0.003025] MTRR map: 4 entries (3 fixed + 1 variable; max 19), built from 8 variable MTRRs
[    0.003661] x86/PAT: Configuration [0-7]: WB  WC  UC- UC  WB  WP  UC- WT  
Memory KASLR using RDRAND RDTSC...
[    0.005770] found SMP MP-table at [mem 0x000f5470-0x000f547f]
[    0.006207] Using GB pages for direct mapping
[    0.006631] ACPI: Early table checksum verification disabled
[    0.007056] ACPI: RSDP 0x00000000000F5290 000014 (v00 BOCHS )
[    0.007490] ACPI: RSDT 0x000000003FFE27B6 000034 (v01 BOCHS  BXPC     00000001 BXPC 00000001)
[    0.008138] ACPI: FACP 0x000000003FFE2572 000074 (v01 BOCHS  BXPC     00000001 BXPC 00000001)
[    0.008800] ACPI: DSDT 0x000000003FFE0040 002532 (v01 BOCHS  BXPC     00000001 BXPC 00000001)
[    0.009449] ACPI: FACS 0x000000003FFE0000 000040
[    0.009805] ACPI: APIC 0x000000003FFE25E6 000170 (v03 BOCHS  BXPC     00000001 BXPC 00000001)
[    0.010443] ACPI: HPET 0x000000003FFE2756 000038 (v01 BOCHS  BXPC     00000001 BXPC 00000001)
[    0.011092] ACPI: WAET 0x000000003FFE278E 000028 (v01 BOCHS  BXPC     00000001 BXPC 00000001)
[    0.011739] ACPI: Reserving FACP table memory at [mem 0x3ffe2572-0x3ffe25e5]
[    0.012266] ACPI: Reserving DSDT table memory at [mem 0x3ffe0040-0x3ffe2571]
[    0.012803] ACPI: Reserving FACS table memory at [mem 0x3ffe0000-0x3ffe003f]
[    0.013330] ACPI: Reserving APIC table memory at [mem 0x3ffe25e6-0x3ffe2755]
[    0.013867] ACPI: Reserving HPET table memory at [mem 0x3ffe2756-0x3ffe278d]
[    0.014393] ACPI: Reserving WAET table memory at [mem 0x3ffe278e-0x3ffe27b5]
[    0.015074] No NUMA configuration found
[    0.015361] Faking a node at [mem 0x0000000000000000-0x000000003ffdffff]
[    0.015870] NODE_DATA(0) allocated [mem 0x3ffdb000-0x3ffdffff]
[    0.016317] Zone ranges:
[    0.016507]   DMA      [mem 0x0000000000001000-0x0000000000ffffff]
[    0.016978]   DMA32    [mem 0x0000000001000000-0x000000003ffdffff]
[    0.017445]   Normal   empty
[    0.017670]   Device   empty
[    0.017885] Movable zone start for each node
[    0.018204] Early memory node ranges
[    0.018470]   node   0: [mem 0x0000000000001000-0x000000000009efff]
[    0.018951]   node   0: [mem 0x0000000000100000-0x000000003ffdffff]
[    0.019419] Initmem setup node 0 [mem 0x0000000000001000-0x000000003ffdffff]
[    0.019961] On node 0, zone DMA: 1 pages in unavailable ranges
[    0.020408] On node 0, zone DMA: 97 pages in unavailable ranges
[    0.021870] On node 0, zone DMA32: 32 pages in unavailable ranges
[    0.022523] ACPI: PM-Timer IO Port: 0x608
[    0.022839] ACPI: LAPIC_NMI (acpi_id[0xff] dfl dfl lint[0x1])
[    0.023296] IOAPIC[0]: apic_id 0, version 17, address 0xfec00000, GSI 0-23
[    0.023826] ACPI: INT_SRC_OVR (bus 0 bus_irq 0 global_irq 2 dfl dfl)
[    0.024302] ACPI: INT_SRC_OVR (bus 0 bus_irq 5 global_irq 5 high level)
[    0.024803] ACPI: INT_SRC_OVR (bus 0 bus_irq 9 global_irq 9 high level)
[    0.025296] ACPI: INT_SRC_OVR (bus 0 bus_irq 10 global_irq 10 high level)
[    0.025816] ACPI: INT_SRC_OVR (bus 0 bus_irq 11 global_irq 11 high level)
[    0.026324] ACPI: Using ACPI (MADT) for SMP configuration information
[    0.026815] ACPI: HPET id: 0x8086a201 base: 0xfed00000
[    0.027200] TSC deadline timer available
[    0.027494] smpboot: Allowing 32 CPUs, 0 hotplug CPUs
[    0.027896] kvm-guest: APIC: eoi() replaced with kvm_guest_apic_eoi_write()
[    0.028428] kvm-guest: KVM setup pv remote TLB flush
[    0.028810] kvm-guest: setup PV sched yield
[    0.029126] PM: hibernation: Registered nosave memory: [mem 0x00000000-0x00000fff]
[    0.029706] PM: hibernation: Registered nosave memory: [mem 0x0009f000-0x0009ffff]
[    0.030276] PM: hibernation: Registered nosave memory: [mem 0x000a0000-0x000effff]
[    0.030852] PM: hibernation: Registered nosave memory: [mem 0x000f0000-0x000fffff]
[    0.031424] [mem 0x40000000-0xfeffbfff] available for PCI devices
[    0.031899] Booting paravirtualized kernel on KVM
[    0.032253] clocksource: refined-jiffies: mask: 0xffffffff max_cycles: 0xffffffff, max_idle_ns: 1910969940391419 ns
[    0.036026] setup_percpu: NR_CPUS:64 nr_cpumask_bits:32 nr_cpu_ids:32 nr_node_ids:1
[    0.037228] percpu: Embedded 58 pages/cpu s199840 r8192 d29536 u262144
[    0.037780] Kernel command line: virtme_hostname=virtme-ng virtme_link_mods=/nipa-data/kernel/.virtme_mods/lib/modules/0.0.0 virtme_initmount0=nipa-data/kernel virtme_rw_overlay0=/etc virtme_rw_overlay1=/lib virtme_rw_overlay2=/home virtme_rw_overlay3=/opt virtme_rw_overlay4=/srv virtme_rw_overlay5=/usr virtme_rw_overlay6=/var earlyprintk=serial,ttyS0,115200 console=ttyS0 psmouse.proto=exps virtme_chdir=nipa-data/kernel virtme_root_user=1 rootfstype=9p rootflags=version=9p2000.L,trans=virtio,access=any raid=noautodetect ro init=/usr/lib/python3.11/site-packages/virtme/guest/virtme-init
[    0.041907] Unknown kernel command line parameters "virtme_hostname=virtme-ng virtme_link_mods=/nipa-data/kernel/.virtme_mods/lib/modules/0.0.0 virtme_initmount0=nipa-data/kernel virtme_rw_overlay0=/etc virtme_rw_overlay1=/lib virtme_rw_overlay2=/home virtme_rw_overlay3=/opt virtme_rw_overlay4=/srv virtme_rw_overlay5=/usr virtme_rw_overlay6=/var virtme_chdir=nipa-data/kernel virtme_root_user=1", will be passed to user space.
[    0.045058] random: crng init done
[    0.045358] Dentry cache hash table entries: 131072 (order: 8, 1048576 bytes, linear)
[    0.045992] Inode-cache hash table entries: 65536 (order: 7, 524288 bytes, linear)
[    0.046691] Fallback order for Node 0: 0 
[    0.046695] Built 1 zonelists, mobility grouping on.  Total pages: 257760
[    0.047535] Policy zone: DMA32
[    0.047782] mem auto-init: stack:all(zero), heap alloc:off, heap free:off
[    0.049815] Memory: 976380K/1048056K available (16384K kernel code, 2559K rwdata, 6072K rodata, 3156K init, 12004K bss, 71416K reserved, 0K cma-reserved)
[    0.050954] SLUB: HWalign=64, Order=0-3, MinObjects=0, CPUs=32, Nodes=1
Poking KASLR using RDRAND RDTSC...
[    0.051763] ftrace: allocating 46553 entries in 182 pages
[    0.059003] ftrace: allocated 182 pages with 5 groups
[    0.060478] Dynamic Preempt: voluntary
[    0.061078] Running RCU self tests
[    0.061405] Running RCU synchronous self tests
[    0.061828] rcu: Preemptible hierarchical RCU implementation.
[    0.062366] rcu: RCU event tracing is enabled.
[    0.062788] rcu: RCU lockdep checking is enabled.
[    0.063233] rcu: RCU restricting CPUs from NR_CPUS=64 to nr_cpu_ids=32.
[    0.063854] Trampoline variant of Tasks RCU enabled.
[    0.064321] Rude variant of Tasks RCU enabled.
[    0.064740] Tracing variant of Tasks RCU enabled.
[    0.065183] rcu: RCU calculated value of scheduler-enlistment delay is 100 jiffies.
[    0.065897] rcu: Adjusting geometry for rcu_fanout_leaf=16, nr_cpu_ids=32
[    0.066559] Running RCU synchronous self tests
[    0.069234] NR_IRQS: 4352, nr_irqs: 680, preallocated irqs: 16
[    0.069997] rcu: srcu_init: Setting srcu_struct sizes based on contention.
[    0.070875] Console: colour *CGA 80x25
[    0.071254] printk: legacy console [ttyS0] enabled
[    0.071254] printk: legacy console [ttyS0] enabled
[    0.072140] printk: legacy bootconsole [earlyser0] disabled
[    0.072140] printk: legacy bootconsole [earlyser0] disabled
[    0.073180] Lock dependency validator: Copyright (c) 2006 Red Hat, Inc., Ingo Molnar
[    0.073845] ... MAX_LOCKDEP_SUBCLASSES:  8
[    0.074167] ... MAX_LOCK_DEPTH:          48
[    0.074493] ... MAX_LOCKDEP_KEYS:        8192
[    0.074833] ... CLASSHASH_SIZE:          4096
[    0.075172] ... MAX_LOCKDEP_ENTRIES:     32768
[    0.075518] ... MAX_LOCKDEP_CHAINS:      65536
[    0.075864] ... CHAINHASH_SIZE:          32768
[    0.076210]  memory used by lock dependency info: 6429 kB
[    0.076629]  memory used for stack traces: 4224 kB
[    0.077000]  per task-struct memory footprint: 1920 bytes
[    0.077441] ACPI: Core revision 20230628
[    0.077855] clocksource: hpet: mask: 0xffffffff max_cycles: 0xffffffff, max_idle_ns: 19112604467 ns
[    0.078666] APIC: Switch to symmetric I/O mode setup
[    0.079067] APIC: Switched APIC routing to: physical flat
[    0.079489] kvm-guest: APIC: send_IPI_mask() replaced with kvm_send_ipi_mask()
[    0.080067] kvm-guest: APIC: send_IPI_mask_allbutself() replaced with kvm_send_ipi_mask_allbutself()
[    0.080780] kvm-guest: setup PV IPIs
[    0.081910] ..TIMER: vector=0x30 apic1=0 pin1=2 apic2=-1 pin2=-1
[    0.082752] tsc: Marking TSC unstable due to TSCs unsynchronized
[    0.083564] Calibrating delay loop (skipped) preset value.. 8983.07 BogoMIPS (lpj=4491536)
[    0.084619] x86/cpu: User Mode Instruction Prevention (UMIP) activated
[    0.085617] Last level iTLB entries: 4KB 512, 2MB 255, 4MB 127
[    0.086401] Last level dTLB entries: 4KB 512, 2MB 255, 4MB 127, 1GB 0
[    0.086562] Spectre V1 : Mitigation: usercopy/swapgs barriers and __user pointer sanitization
[    0.087563] Spectre V2 : Mitigation: Enhanced / Automatic IBRS
[    0.088559] Spectre V2 : Spectre v2 / SpectreRSB mitigation: Filling RSB on context switch
[    0.089560] Spectre V2 : mitigation: Enabling conditional Indirect Branch Prediction Barrier
[    0.090560] Speculative Store Bypass: Mitigation: Speculative Store Bypass disabled via prctl
[    0.091559] Speculative Return Stack Overflow: IBPB-extending microcode not applied!
[    0.092559] Speculative Return Stack Overflow: WARNING: See https://kernel.org/doc/html/latest/admin-guide/hw-vuln/srso.html for mitigation options.
[    0.092560] Speculative Return Stack Overflow: Vulnerable: Safe RET, no microcode
[    0.094579] x86/fpu: Supporting XSAVE feature 0x001: 'x87 floating point registers'
[    0.095559] x86/fpu: Supporting XSAVE feature 0x002: 'SSE registers'
[    0.096389] x86/fpu: Supporting XSAVE feature 0x004: 'AVX registers'
[    0.096559] x86/fpu: Supporting XSAVE feature 0x020: 'AVX-512 opmask'
[    0.097559] x86/fpu: Supporting XSAVE feature 0x040: 'AVX-512 Hi256'
[    0.098559] x86/fpu: Supporting XSAVE feature 0x080: 'AVX-512 ZMM_Hi256'
[    0.099559] x86/fpu: Supporting XSAVE feature 0x200: 'Protection Keys User registers'
[    0.100559] x86/fpu: xstate_offset[2]:  576, xstate_sizes[2]:  256
[    0.101559] x86/fpu: xstate_offset[5]:  832, xstate_sizes[5]:   64
[    0.102559] x86/fpu: xstate_offset[6]:  896, xstate_sizes[6]:  512
[    0.103559] x86/fpu: xstate_offset[7]: 1408, xstate_sizes[7]: 1024
[    0.104370] x86/fpu: xstate_offset[9]: 2432, xstate_sizes[9]:    8
[    0.104559] x86/fpu: Enabled xstate features 0x2e7, context size is 2440 bytes, using 'compacted' format.
[    0.122857] Freeing SMP alternatives memory: 36K
[    0.123473] pid_max: default: 32768 minimum: 301
[    0.123641] Mount-cache hash table entries: 2048 (order: 2, 16384 bytes, linear)
[    0.124561] Mountpoint-cache hash table entries: 2048 (order: 2, 16384 bytes, linear)
[    0.126796] Running RCU synchronous self tests
[    0.127387] Running RCU synchronous self tests
[    0.127718] smpboot: CPU0: AMD Ryzen 9 7950X 16-Core Processor (family: 0x19, model: 0x61, stepping: 0x2)
[    0.128925] RCU Tasks: Setting shift to 5 and lim to 1 rcu_task_cb_adjust=1.
[    0.129590] RCU Tasks Rude: Setting shift to 5 and lim to 1 rcu_task_cb_adjust=1.
[    0.130597] RCU Tasks Trace: Setting shift to 5 and lim to 1 rcu_task_cb_adjust=1.
[    0.131596] Running RCU Tasks wait API self tests
[    0.232611] Running RCU Tasks Rude wait API self tests
[    0.233395] Running RCU Tasks Trace wait API self tests
[    0.233607] Performance Events: Fam17h+ core perfctr, AMD PMU driver.
[    0.234507] ... version:                0
[    0.234562] ... bit width:              48
[    0.235103] ... generic registers:      6
[    0.235562] ... value mask:             0000ffffffffffff
[    0.236263] ... max period:             00007fffffffffff
[    0.236562] ... fixed-purpose events:   0
[    0.237092] ... event mask:             000000000000003f
[    0.237753] signal: max sigframe size: 3376
[    0.238386] rcu: Hierarchical SRCU implementation.
[    0.238566] rcu: Max phase no-delay instances is 400.
[    0.240975] Callback from call_rcu_tasks_trace() invoked.
[    0.243419] smp: Bringing up secondary CPUs ...
[    0.243858] smpboot: x86: Booting SMP configuration:
[    0.244520] .... node  #0, CPUs:        #1  #2  #3  #4  #5  #6  #7  #8  #9 #10 #11 #12 #13 #14 #15 #16 #17 #18 #19 #20 #21 #22 #23 #24 #25 #26 #27 #28 #29 #30 #31
[    0.273737] smp: Brought up 1 node, 32 CPUs
[    0.275120] smpboot: Max logical packages: 1
[    0.275562] smpboot: Total of 32 processors activated (287458.30 BogoMIPS)
[    0.285798] devtmpfs: initialized
[    0.286655] x86/mm: Memory block size: 128MB
[    0.289578] Running RCU synchronous self tests
[    0.290193] Running RCU synchronous self tests
[    0.290659] clocksource: jiffies: mask: 0xffffffff max_cycles: 0xffffffff, max_idle_ns: 1911260446275000 ns
[    0.291569] futex hash table entries: 8192 (order: 8, 1048576 bytes, linear)
[    0.293254] PM: RTC time: 00:08:30, date: 2024-02-04
[    0.294343] NET: Registered PF_NETLINK/PF_ROUTE protocol family
[    0.295343] thermal_sys: Registered thermal governor 'step_wise'
[    0.295345] thermal_sys: Registered thermal governor 'user_space'
[    0.295637] cpuidle: using governor menu
[    0.298888] PCI: Using configuration type 1 for base access
[    0.299564] PCI: Using configuration type 1 for extended access
[    0.300726] kprobes: kprobe jump-optimization is enabled. All kprobes are optimized if possible.
[    0.316824] HugeTLB: registered 1.00 GiB page size, pre-allocated 0 pages
[    0.317563] HugeTLB: 16380 KiB vmemmap can be freed for a 1.00 GiB page
[    0.318460] HugeTLB: registered 2.00 MiB page size, pre-allocated 0 pages
[    0.319562] HugeTLB: 28 KiB vmemmap can be freed for a 2.00 MiB page
[    0.320775] ACPI: Added _OSI(Module Device)
[    0.321563] ACPI: Added _OSI(Processor Device)
[    0.322166] ACPI: Added _OSI(3.0 _SCP Extensions)
[    0.322562] ACPI: Added _OSI(Processor Aggregator Device)
[    0.325447] ACPI: 1 ACPI AML tables successfully acquired and loaded
[    0.328126] ACPI: _OSC evaluation for CPUs failed, trying _PDC
[    0.329094] ACPI: Interpreter enabled
[    0.329604] ACPI: PM: (supports S0 S3 S4 S5)
[    0.330195] ACPI: Using IOAPIC for interrupt routing
[    0.331582] PCI: Using host bridge windows from ACPI; if necessary, use "pci=nocrs" and report a bug
[    0.332562] PCI: Using E820 reservations for host bridge windows
[    0.333683] ACPI: Enabled 2 GPEs in block 00 to 0F
[    0.338736] Callback from call_rcu_tasks_rude() invoked.
[    0.343256] ACPI: PCI Root Bridge [PCI0] (domain 0000 [bus 00-ff])
[    0.344566] acpi PNP0A03:00: _OSC: OS supports [ExtendedConfig ASPM ClockPM Segments MSI HPX-Type3]
[    0.346079] PCI host bridge to bus 0000:00
[    0.346563] pci_bus 0000:00: root bus resource [io  0x0000-0x0cf7 window]
[    0.347471] pci_bus 0000:00: root bus resource [io  0x0d00-0xffff window]
[    0.348564] pci_bus 0000:00: root bus resource [mem 0x000a0000-0x000bffff window]
[    0.349553] pci_bus 0000:00: root bus resource [mem 0x40000000-0xfebfffff window]
[    0.350562] pci_bus 0000:00: root bus resource [mem 0x100000000-0x17fffffff window]
[    0.351563] pci_bus 0000:00: root bus resource [bus 00-ff]
[    0.352435] pci 0000:00:00.0: [8086:1237] type 00 class 0x060000 conventional PCI endpoint
[    0.354076] pci 0000:00:01.0: [8086:7000] type 00 class 0x060100 conventional PCI endpoint
[    0.356021] pci 0000:00:01.1: [8086:7010] type 00 class 0x010180 conventional PCI endpoint
[    0.359822] pci 0000:00:01.1: BAR 4 [io  0xc080-0xc08f]
[    0.361308] pci 0000:00:01.1: BAR 0 [io  0x01f0-0x01f7]: legacy IDE quirk
[    0.361563] pci 0000:00:01.1: BAR 1 [io  0x03f6]: legacy IDE quirk
[    0.362389] pci 0000:00:01.1: BAR 2 [io  0x0170-0x0177]: legacy IDE quirk
[    0.363562] pci 0000:00:01.1: BAR 3 [io  0x0376]: legacy IDE quirk
[    0.364596] pci 0000:00:01.3: [8086:7113] type 00 class 0x068000 conventional PCI endpoint
[    0.365831] pci 0000:00:01.3: quirk: [io  0x0600-0x063f] claimed by PIIX4 ACPI
[    0.366567] pci 0000:00:01.3: quirk: [io  0x0700-0x070f] claimed by PIIX4 SMB
[    0.369837] pci 0000:00:02.0: [1af4:1009] type 00 class 0x000200 conventional PCI endpoint
[    0.371563] pci 0000:00:02.0: BAR 0 [io  0xc000-0xc03f]
[    0.374238] pci 0000:00:02.0: BAR 1 [mem 0xfebfd000-0xfebfdfff]
[    0.378562] pci 0000:00:02.0: BAR 4 [mem 0xfebf4000-0xfebf7fff 64bit pref]
[    0.383800] pci 0000:00:03.0: [1af4:1009] type 00 class 0x000200 conventional PCI endpoint
[    0.385562] pci 0000:00:03.0: BAR 0 [io  0xc040-0xc07f]
[    0.388243] pci 0000:00:03.0: BAR 1 [mem 0xfebfe000-0xfebfefff]
[    0.394239] pci 0000:00:03.0: BAR 4 [mem 0xfebf8000-0xfebfbfff 64bit pref]
[    0.396722] pci 0000:00:04.0: [8086:25ab] type 00 class 0x088000 conventional PCI endpoint
[    0.399082] pci 0000:00:04.0: BAR 0 [mem 0xfebff000-0xfebff00f]
[    0.405259] ACPI: PCI: Interrupt link LNKA configured for IRQ 10
[    0.406731] ACPI: PCI: Interrupt link LNKB configured for IRQ 10
[    0.407643] ACPI: PCI: Interrupt link LNKC configured for IRQ 11
[    0.408599] ACPI: PCI: Interrupt link LNKD configured for IRQ 11
[    0.409504] ACPI: PCI: Interrupt link LNKS configured for IRQ 9
[    0.411967] iommu: Default domain type: Translated
[    0.412562] iommu: DMA domain TLB invalidation policy: lazy mode
[    0.413659] SCSI subsystem initialized
[    0.414656] pps_core: LinuxPPS API ver. 1 registered
[    0.415564] pps_core: Software ver. 5.3.6 - Copyright 2005-2007 Rodolfo Giometti <giometti@linux.it>
[    0.416567] PTP clock support registered
[    0.417640] Advanced Linux Sound Architecture Driver Initialized.
[    0.419192] NET: Registered PF_ATMPVC protocol family
[    0.419562] NET: Registered PF_ATMSVC protocol family
[    0.420250] PCI: Using ACPI for IRQ routing
[    0.420831] vgaarb: loaded
[    0.421659] hpet0: at MMIO 0xfed00000, IRQs 2, 8, 0
[    0.422563] hpet0: 3 comparators, 64-bit 100.000000 MHz counter
[    0.426889] clocksource: Switched to clocksource kvm-clock
[    0.428097] VFS: Disk quotas dquot_6.6.0
[    0.428779] VFS: Dquot-cache hash table entries: 512 (order 0, 4096 bytes)
[    0.429826] pnp: PnP ACPI init
[    0.430813] pnp: PnP ACPI: found 5 devices
[    0.438798] clocksource: acpi_pm: mask: 0xffffff max_cycles: 0xffffff, max_idle_ns: 2085701024 ns
[    0.440071] Callback from call_rcu_tasks() invoked.
[    0.440090] NET: Registered PF_INET protocol family
[    0.441664] IP idents hash table entries: 16384 (order: 5, 131072 bytes, linear)
[    0.442979] tcp_listen_portaddr_hash hash table entries: 512 (order: 3, 36864 bytes, linear)
[    0.444137] Table-perturb hash table entries: 65536 (order: 6, 262144 bytes, linear)
[    0.445215] TCP established hash table entries: 8192 (order: 4, 65536 bytes, linear)
[    0.446309] TCP bind hash table entries: 8192 (order: 8, 1179648 bytes, linear)
[    0.447702] TCP: Hash tables configured (established 8192 bind 8192)
[    0.448692] UDP hash table entries: 512 (order: 4, 81920 bytes, linear)
[    0.449628] UDP-Lite hash table entries: 512 (order: 4, 81920 bytes, linear)
[    0.450742] NET: Registered PF_UNIX/PF_LOCAL protocol family
[    0.451527] pci_bus 0000:00: resource 4 [io  0x0000-0x0cf7 window]
[    0.452359] pci_bus 0000:00: resource 5 [io  0x0d00-0xffff window]
[    0.453188] pci_bus 0000:00: resource 6 [mem 0x000a0000-0x000bffff window]
[    0.454260] pci_bus 0000:00: resource 7 [mem 0x40000000-0xfebfffff window]
[    0.455171] pci_bus 0000:00: resource 8 [mem 0x100000000-0x17fffffff window]
[    0.456170] pci 0000:00:01.0: PIIX3: Enabling Passive Release
[    0.456934] pci 0000:00:00.0: Limiting direct PCI/PCI transfers
[    0.457742] PCI: CLS 0 bytes, default 64
[    0.458319] kvm_intel: VMX not supported by CPU 11
[    0.459144] kvm_amd: TSC scaling supported
[    0.459702] kvm_amd: Nested Virtualization enabled
[    0.460338] kvm_amd: Nested Paging enabled
[    0.460893] kvm_amd: Virtual VMLOAD VMSAVE supported
[    0.461550] kvm_amd: Virtual GIF supported
[    0.462099] kvm_amd: Virtual NMI enabled
[    0.462621] kvm_amd: LBR virtualization supported
[    0.563770] workingset: timestamp_bits=56 max_order=18 bucket_order=0
[    0.564766] squashfs: version 4.0 (2009/01/31) Phillip Lougher
[    0.565578] fuse: init (API version 7.39)
[    0.566189] 9p: Installing v9fs 9p2000 file system support
[    0.567074] Key type asymmetric registered
[    0.567652] Block layer SCSI generic (bsg) driver version 0.4 loaded (major 249)
[    0.568716] io scheduler mq-deadline registered
[    0.569328] io scheduler kyber registered
[    0.571198] input: Power Button as /devices/LNXSYSTM:00/LNXPWRBN:00/input/input0
[    0.572415] ACPI: button: Power Button [PWRF]
[    0.573101] Warning: Processor Platform Limit event detected, but not handled.
[    0.574064] Consider compiling CPUfreq support into your kernel.
[    0.650402] ACPI: \_SB_.LNKB: Enabled at IRQ 10
[    0.724958] ACPI: \_SB_.LNKC: Enabled at IRQ 11
[    0.726363] Serial: 8250/16550 driver, 4 ports, IRQ sharing enabled
[    0.727579] 00:03: ttyS0 at I/O 0x3f8 (irq = 4, base_baud = 115200) is a 16550A
[    0.729497] Non-volatile memory driver v1.3
[    0.730062] Linux agpgart interface v0.103
[    0.730754] ACPI: bus type drm_connector registered
[    0.744004] loop: module loaded
[    0.745749] scsi host0: ata_piix
[    0.746520] scsi host1: ata_piix
[    0.747030] ata1: PATA max MWDMA2 cmd 0x1f0 ctl 0x3f6 bmdma 0xc080 irq 14 lpm-pol 0
[    0.748058] ata2: PATA max MWDMA2 cmd 0x170 ctl 0x376 bmdma 0xc088 irq 15 lpm-pol 0
[    0.749860] i8042: PNP: PS/2 Controller [PNP0303:KBD,PNP0f13:MOU] at 0x60,0x64 irq 1,12
[    0.751736] serio: i8042 KBD port at 0x60,0x64 irq 1
[    0.752427] serio: i8042 AUX port at 0x60,0x64 irq 12
[    0.753700] rtc_cmos 00:04: RTC can wake from S4
[    0.754636] input: AT Translated Set 2 keyboard as /devices/platform/i8042/serio0/input/input1
[    0.756556] rtc_cmos 00:04: registered as rtc0
[    0.757469] rtc_cmos 00:04: setting system clock to 2024-02-04T00:08:30 UTC (1707005310)
[    0.758735] rtc_cmos 00:04: alarms up to one day, y3k, 242 bytes nvram, hpet irqs
[    0.760617] i6300ESB timer 0000:00:04.0: initialized. heartbeat=30 sec (nowayout=0)
[    0.761966] device-mapper: ioctl: 4.48.0-ioctl (2023-03-01) initialised: dm-devel@redhat.com
[    0.763738] input: ImExPS/2 Generic Explorer Mouse as /devices/platform/i8042/serio1/input/input3
[    0.765509] NET: Registered PF_PACKET protocol family
[    0.766207] 9pnet: Installing 9P2000 support
[    0.767898] Key type dns_resolver registered
[    0.771835] IPI shorthand broadcast: enabled
[    0.780456] sched_clock: Marking stable (770003439, 9919798)->(811038823, -31115586)
[    0.781745] registered taskstats version 1
[    0.788182] PM:   Magic number: 12:335:101
[    0.788965] printk: legacy console [netcon0] enabled
[    0.789801] netconsole: network logging started
[    0.790798] ALSA device list:
[    0.791329]   No soundcards found.
[    0.904231] ata2: found unknown device (class 0)
[    0.905529] ata2.00: ATAPI: QEMU DVD-ROM, 2.5+, max UDMA/100
[    0.907840] scsi 1:0:0:0: CD-ROM            QEMU     QEMU DVD-ROM     2.5+ PQ: 0 ANSI: 5
[    0.916816] scsi 1:0:0:0: Attached scsi generic sg0 type 5
[    0.917792] md: Skipping autodetection of RAID arrays. (raid=autodetect will force)
[    0.919019] 9pnet_virtio: no channels available for device 
[    0.920499] VFS: Mounted root (9p filesystem) readonly on device 0:19.
[    0.921705] devtmpfs: mounted
[    0.924227] Freeing unused kernel image (initmem) memory: 3156K
[    0.931950] Write protecting the kernel read-only data: 22528k
[    0.933297] Freeing unused kernel image (rodata/data gap) memory: 72K
[    0.970113] x86/mm: Checked W+X mappings: passed, no W+X pages found.
[    0.971070] Run /usr/lib/python3.11/site-packages/virtme/guest/virtme-init as init process
[    0.997234] mount (266) used greatest stack depth: 12984 bytes left
[    1.067502] mount (284) used greatest stack depth: 12584 bytes left
[    1.105256] mount (306) used greatest stack depth: 12440 bytes left
[    1.117708] virtme-init (312) used greatest stack depth: 12424 bytes left
[    1.150123] virtme-init: basic initialization done
[    1.155762] virtme-init: udevd not found
[    1.212328] virtme-init: Setting hostname to virtme-ng...
[    1.224880] ip (358) used greatest stack depth: 12056 bytes left
          _      _                                    
   __   _(_)_ __| |_ _ __ ___   ___       _ __   __ _ 
   \ \ / / |  __| __|  _   _ \ / _ \_____|  _ \ / _  |
    \ V /| | |  | |_| | | | | |  __/_____| | | | (_| |
     \_/ |_|_|   \__|_| |_| |_|\___|     |_| |_|\__  |
                                                |___/ 
   kernel version: 6.8.0-rc2-virtme x86_64

virtme-ng:/nipa-data/kernel# PS1='xx__-> '
xx__-> 